Feeds used:
  C:\Users\ultra\.nuget\packages\
  https://api.nuget.org/v3/index.json
  C:\Program Files (x86)\Microsoft SDKs\NuGetPackages\

Skipping installation of package "Microsoft.TestPlatform.17.2.0" because higher version "Microsoft.TestPlatform.18.4.0" is already installed.
Feeds used:
  https://api.nuget.org/v3/index.json
  C:\Program Files (x86)\Microsoft SDKs\NuGetPackages\

Installing package 'Microsoft.TestPlatform' to 'C:\Users\ultra\warewolf\Bin\ServerTests-Windows'.
  CACHE https://api.nuget.org/v3/registration5-gz-semver2/microsoft.testplatform/index.json
  CACHE https://api.nuget.org/v3/registration5-gz-semver2/microsoft.testplatform/page/15.0.0-preview-20160829-02/16.8.3.json
  CACHE https://api.nuget.org/v3/registration5-gz-semver2/microsoft.testplatform/page/16.9.0-preview-20201020-06/17.10.0-preview-24080-01.json
  CACHE https://api.nuget.org/v3/registration5-gz-semver2/microsoft.testplatform/page/17.10.0-release-24177-07/18.4.0.json
Package "Microsoft.TestPlatform.18.4.0" is already installed.
  Determining projects to restore...
C:\Users\ultra\warewolf\Dev\Warewolf.Language.Parser\Warewolf.Language.Parser.fsproj : warning NU1504: Duplicate 'PackageReference' items found. Remove the duplicate items or use the Update functionality to ensure a consistent restore behavior. The duplicate 'PackageReference' items are: FSharp.Core 10.1.201, FSharp.Core 4.6.2.
C:\Users\ultra\warewolf\Dev\Warewolf.Execution.Lightweight\Warewolf.Execution.Lightweight.csproj : warning NU1504: Duplicate 'PackageReference' items found. Remove the duplicate items or use the Update functionality to ensure a consistent restore behavior. The duplicate 'PackageReference' items are: Google.Protobuf 3.25.2, Google.Protobuf 3.25.2.
C:\Users\ultra\warewolf\Dev\Dev2.Core\Dev2.Core.csproj : warning NU1903: Package 'Microsoft.Windows.Compatibility' 6.0.0 has a known high severity vulnerability, https://github.com/advisories/GHSA-555c-2p6r-68mm [C:\Users\ultra\warewolf\Dev\ServerTests.sln]
C:\Users\ultra\warewolf\Dev\Dev2.Activities\Dev2.Activities.csproj : warning NU1903: Package 'Microsoft.Windows.Compatibility' 6.0.0 has a known high severity vulnerability, https://github.com/advisories/GHSA-555c-2p6r-68mm [C:\Users\ultra\warewolf\Dev\ServerTests.sln]
C:\Users\ultra\warewolf\Dev\Dev2.Common\Dev2.Common.csproj : warning NU1903: Package 'Microsoft.Windows.Compatibility' 6.0.0 has a known high severity vulnerability, https://github.com/advisories/GHSA-555c-2p6r-68mm [C:\Users\ultra\warewolf\Dev\ServerTests.sln]
C:\Users\ultra\warewolf\Dev\Dev2.Common.Interfaces\Dev2.Common.Interfaces.csproj : warning NU1903: Package 'Microsoft.Windows.Compatibility' 6.0.0 has a known high severity vulnerability, https://github.com/advisories/GHSA-555c-2p6r-68mm [C:\Users\ultra\warewolf\Dev\ServerTests.sln]
  Restored C:\Users\ultra\warewolf\Dev\WPFTextBoxAutoComplete\WPFTextBoxAutoComplete.csproj (in 309 ms).
C:\Users\ultra\warewolf\Dev\Dev2.Activities\Dev2.Activities.csproj : warning NU1701: Package 'AeroWizard 2.3.1' was restored using '.NETFramework,Version=v4.6.1, .NETFramework,Version=v4.6.2, .NETFramework,Version=v4.7, .NETFramework,Version=v4.7.1, .NETFramework,Version=v4.7.2, .NETFramework,Version=v4.8, .NETFramework,Version=v4.8.1' instead of the project target framework 'net8.0'. This package may not be fully compatible with your project. [C:\Users\ultra\warewolf\Dev\ServerTests.sln]
C:\Users\ultra\warewolf\Dev\Dev2.Core\Dev2.Core.csproj : warning NU1701: Package 'AeroWizard 2.3.1' was restored using '.NETFramework,Version=v4.6.1, .NETFramework,Version=v4.6.2, .NETFramework,Version=v4.7, .NETFramework,Version=v4.7.1, .NETFramework,Version=v4.7.2, .NETFramework,Version=v4.8, .NETFramework,Version=v4.8.1' instead of the project target framework 'net8.0'. This package may not be fully compatible with your project. [C:\Users\ultra\warewolf\Dev\ServerTests.sln]
C:\Users\ultra\warewolf\Dev\Dev2.Common\Dev2.Common.csproj : warning NU1701: Package 'AeroWizard 2.3.1' was restored using '.NETFramework,Version=v4.6.1, .NETFramework,Version=v4.6.2, .NETFramework,Version=v4.7, .NETFramework,Version=v4.7.1, .NETFramework,Version=v4.7.2, .NETFramework,Version=v4.8, .NETFramework,Version=v4.8.1' instead of the project target framework 'net8.0'. This package may not be fully compatible with your project. [C:\Users\ultra\warewolf\Dev\ServerTests.sln]
C:\Users\ultra\warewolf\Dev\Dev2.Common.Interfaces\Dev2.Common.Interfaces.csproj : warning NU1701: Package 'AeroWizard 2.3.1' was restored using '.NETFramework,Version=v4.6.1, .NETFramework,Version=v4.6.2, .NETFramework,Version=v4.7, .NETFramework,Version=v4.7.1, .NETFramework,Version=v4.7.2, .NETFramework,Version=v4.8, .NETFramework,Version=v4.8.1' instead of the project target framework 'net8.0'. This package may not be fully compatible with your project. [C:\Users\ultra\warewolf\Dev\ServerTests.sln]
C:\Users\ultra\warewolf\Dev\Dev2.CustomControls.Tests\Dev2.CustomControls.Tests.csproj : warning NU1701: Package 'AeroWizard 2.3.1' was restored using '.NETFramework,Version=v4.6.1, .NETFramework,Version=v4.6.2, .NETFramework,Version=v4.7, .NETFramework,Version=v4.7.1, .NETFramework,Version=v4.7.2, .NETFramework,Version=v4.8, .NETFramework,Version=v4.8.1' instead of the project target framework 'net8.0'. This package may not be fully compatible with your project. [C:\Users\ultra\warewolf\Dev\ServerTests.sln]
  Restored C:\Users\ultra\warewolf\Dev\ConsoleAppToTestExecuteCommandLineActivity\ConsoleAppToTestExecuteCommandLineActivity.csproj (in 309 ms).
C:\Users\ultra\warewolf\Dev\Dev2.Activities.Designers\Dev2.Activities.Designers.csproj : warning NU1701: Package 'AeroWizard 2.3.1' was restored using '.NETFramework,Version=v4.6.1, .NETFramework,Version=v4.6.2, .NETFramework,Version=v4.7, .NETFramework,Version=v4.7.1, .NETFramework,Version=v4.7.2, .NETFramework,Version=v4.8, .NETFramework,Version=v4.8.1' instead of the project target framework 'net8.0'. This package may not be fully compatible with your project. [C:\Users\ultra\warewolf\Dev\ServerTests.sln]
C:\Users\ultra\warewolf\Dev\Dev2.Common.Tests\Dev2.Common.Tests.csproj : warning NU1701: Package 'AeroWizard 2.3.1' was restored using '.NETFramework,Version=v4.6.1, .NETFramework,Version=v4.6.2, .NETFramework,Version=v4.7, .NETFramework,Version=v4.7.1, .NETFramework,Version=v4.7.2, .NETFramework,Version=v4.8, .NETFramework,Version=v4.8.1' instead of the project target framework 'net8.0'. This package may not be fully compatible with your project. [C:\Users\ultra\warewolf\Dev\ServerTests.sln]
C:\Users\ultra\warewolf\Dev\Dev2.Activities.Specs\Dev2.Activities.Specs.csproj : warning NU1701: Package 'AeroWizard 2.3.1' was restored using '.NETFramework,Version=v4.6.1, .NETFramework,Version=v4.6.2, .NETFramework,Version=v4.7, .NETFramework,Version=v4.7.1, .NETFramework,Version=v4.7.2, .NETFramework,Version=v4.8, .NETFramework,Version=v4.8.1' instead of the project target framework 'net8.0'. This package may not be fully compatible with your project. [C:\Users\ultra\warewolf\Dev\ServerTests.sln]
C:\Users\ultra\warewolf\Dev\Dev2.Activities.Specs\Dev2.Activities.Specs.csproj : warning NU1701: Package 'AvalonEdit 6.3.0.90' was restored using '.NETFramework,Version=v4.6.1, .NETFramework,Version=v4.6.2, .NETFramework,Version=v4.7, .NETFramework,Version=v4.7.1, .NETFramework,Version=v4.7.2, .NETFramework,Version=v4.8, .NETFramework,Version=v4.8.1' instead of the project target framework 'net8.0'. This package may not be fully compatible with your project. [C:\Users\ultra\warewolf\Dev\ServerTests.sln]
C:\Users\ultra\warewolf\Dev\Dev2.Common.Interfaces\Dev2.Common.Interfaces.csproj : warning NU1701: Package 'GroupControls 1.9.0' was restored using '.NETFramework,Version=v4.6.1, .NETFramework,Version=v4.6.2, .NETFramework,Version=v4.7, .NETFramework,Version=v4.7.1, .NETFramework,Version=v4.7.2, .NETFramework,Version=v4.8, .NETFramework,Version=v4.8.1' instead of the project target framework 'net8.0'. This package may not be fully compatible with your project. [C:\Users\ultra\warewolf\Dev\ServerTests.sln]
  Restored C:\Users\ultra\warewolf\Dev\Warewolf.Interfaces\Warewolf.Interfaces.csproj (in 309 ms).
C:\Users\ultra\warewolf\Dev\Dev2.Activities.Specs\Dev2.Activities.Specs.csproj : warning NU1701: Package 'CommonServiceLocator 1.2.0' was restored using '.NETFramework,Version=v4.6.1, .NETFramework,Version=v4.6.2, .NETFramework,Version=v4.7, .NETFramework,Version=v4.7.1, .NETFramework,Version=v4.7.2, .NETFramework,Version=v4.8, .NETFramework,Version=v4.8.1' instead of the project target framework 'net8.0'. This package may not be fully compatible with your project. [C:\Users\ultra\warewolf\Dev\ServerTests.sln]
C:\Users\ultra\warewolf\Dev\Dev2.Activities.Tests\Dev2.Activities.Tests.csproj : warning NU1701: Package 'AeroWizard 2.3.1' was restored using '.NETFramework,Version=v4.6.1, .NETFramework,Version=v4.6.2, .NETFramework,Version=v4.7, .NETFramework,Version=v4.7.1, .NETFramework,Version=v4.7.2, .NETFramework,Version=v4.8, .NETFramework,Version=v4.8.1' instead of the project target framework 'net8.0'. This package may not be fully compatible with your project. [C:\Users\ultra\warewolf\Dev\ServerTests.sln]
C:\Users\ultra\warewolf\Dev\Dev2.Activities.Tests\Dev2.Activities.Tests.csproj : warning NU1701: Package 'AvalonEdit 6.3.0.90' was restored using '.NETFramework,Version=v4.6.1, .NETFramework,Version=v4.6.2, .NETFramework,Version=v4.7, .NETFramework,Version=v4.7.1, .NETFramework,Version=v4.7.2, .NETFramework,Version=v4.8, .NETFramework,Version=v4.8.1' instead of the project target framework 'net8.0'. This package may not be fully compatible with your project. [C:\Users\ultra\warewolf\Dev\ServerTests.sln]
C:\Users\ultra\warewolf\Dev\Dev2.Activities.Tests\Dev2.Activities.Tests.csproj : warning NU1701: Package 'CommonServiceLocator 1.2.0' was restored using '.NETFramework,Version=v4.6.1, .NETFramework,Version=v4.6.2, .NETFramework,Version=v4.7, .NETFramework,Version=v4.7.1, .NETFramework,Version=v4.7.2, .NETFramework,Version=v4.8, .NETFramework,Version=v4.8.1' instead of the project target framework 'net8.0'. This package may not be fully compatible with your project. [C:\Users\ultra\warewolf\Dev\ServerTests.sln]
C:\Users\ultra\warewolf\Dev\Dev2.Common\Dev2.Common.csproj : warning NU1701: Package 'GroupControls 1.9.0' was restored using '.NETFramework,Version=v4.6.1, .NETFramework,Version=v4.6.2, .NETFramework,Version=v4.7, .NETFramework,Version=v4.7.1, .NETFramework,Version=v4.7.2, .NETFramework,Version=v4.8, .NETFramework,Version=v4.8.1' instead of the project target framework 'net8.0'. This package may not be fully compatible with your project. [C:\Users\ultra\warewolf\Dev\ServerTests.sln]
C:\Users\ultra\warewolf\Dev\Dev2.CustomControls.Tests\Dev2.CustomControls.Tests.csproj : warning NU1701: Package 'GroupControls 1.9.0' was restored using '.NETFramework,Version=v4.6.1, .NETFramework,Version=v4.6.2, .NETFramework,Version=v4.7, .NETFramework,Version=v4.7.1, .NETFramework,Version=v4.7.2, .NETFramework,Version=v4.8, .NETFramework,Version=v4.8.1' instead of the project target framework 'net8.0'. This package may not be fully compatible with your project. [C:\Users\ultra\warewolf\Dev\ServerTests.sln]
C:\Users\ultra\warewolf\Dev\Dev2.Core\Dev2.Core.csproj : warning NU1701: Package 'GroupControls 1.9.0' was restored using '.NETFramework,Version=v4.6.1, .NETFramework,Version=v4.6.2, .NETFramework,Version=v4.7, .NETFramework,Version=v4.7.1, .NETFramework,Version=v4.7.2, .NETFramework,Version=v4.8, .NETFramework,Version=v4.8.1' instead of the project target framework 'net8.0'. This package may not be fully compatible with your project. [C:\Users\ultra\warewolf\Dev\ServerTests.sln]
C:\Users\ultra\warewolf\Dev\Dev2.Activities\Dev2.Activities.csproj : warning NU1701: Package 'GroupControls 1.9.0' was restored using '.NETFramework,Version=v4.6.1, .NETFramework,Version=v4.6.2, .NETFramework,Version=v4.7, .NETFramework,Version=v4.7.1, .NETFramework,Version=v4.7.2, .NETFramework,Version=v4.8, .NETFramework,Version=v4.8.1' instead of the project target framework 'net8.0'. This package may not be fully compatible with your project. [C:\Users\ultra\warewolf\Dev\ServerTests.sln]
C:\Users\ultra\warewolf\Dev\Dev2.Activities.Tests\Dev2.Activities.Tests.csproj : warning NU1701: Package 'FontAwesome.WPF 4.7.0.9' was restored using '.NETFramework,Version=v4.6.1, .NETFramework,Version=v4.6.2, .NETFramework,Version=v4.7, .NETFramework,Version=v4.7.1, .NETFramework,Version=v4.7.2, .NETFramework,Version=v4.8, .NETFramework,Version=v4.8.1' instead of the project target framework 'net8.0'. This package may not be fully compatible with your project. [C:\Users\ultra\warewolf\Dev\ServerTests.sln]
C:\Users\ultra\warewolf\Dev\Dev2.Activities.Specs\Dev2.Activities.Specs.csproj : warning NU1701: Package 'FontAwesome.WPF 4.7.0.9' was restored using '.NETFramework,Version=v4.6.1, .NETFramework,Version=v4.6.2, .NETFramework,Version=v4.7, .NETFramework,Version=v4.7.1, .NETFramework,Version=v4.7.2, .NETFramework,Version=v4.8, .NETFramework,Version=v4.8.1' instead of the project target framework 'net8.0'. This package may not be fully compatible with your project. [C:\Users\ultra\warewolf\Dev\ServerTests.sln]
C:\Users\ultra\warewolf\Dev\Dev2.Common.Tests\Dev2.Common.Tests.csproj : warning NU1701: Package 'GroupControls 1.9.0' was restored using '.NETFramework,Version=v4.6.1, .NETFramework,Version=v4.6.2, .NETFramework,Version=v4.7, .NETFramework,Version=v4.7.1, .NETFramework,Version=v4.7.2, .NETFramework,Version=v4.8, .NETFramework,Version=v4.8.1' instead of the project target framework 'net8.0'. This package may not be fully compatible with your project. [C:\Users\ultra\warewolf\Dev\ServerTests.sln]
C:\Users\ultra\warewolf\Dev\Dev2.Activities.Designers\Dev2.Activities.Designers.csproj : warning NU1701: Package 'GroupControls 1.9.0' was restored using '.NETFramework,Version=v4.6.1, .NETFramework,Version=v4.6.2, .NETFramework,Version=v4.7, .NETFramework,Version=v4.7.1, .NETFramework,Version=v4.7.2, .NETFramework,Version=v4.8, .NETFramework,Version=v4.8.1' instead of the project target framework 'net8.0'. This package may not be fully compatible with your project. [C:\Users\ultra\warewolf\Dev\ServerTests.sln]
C:\Users\ultra\warewolf\Dev\Dev2.Activities.Tests\Dev2.Activities.Tests.csproj : warning NU1701: Package 'GroupControls 1.9.0' was restored using '.NETFramework,Version=v4.6.1, .NETFramework,Version=v4.6.2, .NETFramework,Version=v4.7, .NETFramework,Version=v4.7.1, .NETFramework,Version=v4.7.2, .NETFramework,Version=v4.8, .NETFramework,Version=v4.8.1' instead of the project target framework 'net8.0'. This package may not be fully compatible with your project. [C:\Users\ultra\warewolf\Dev\ServerTests.sln]
C:\Users\ultra\warewolf\Dev\Dev2.Activities.Specs\Dev2.Activities.Specs.csproj : warning NU1701: Package 'GroupControls 1.9.0' was restored using '.NETFramework,Version=v4.6.1, .NETFramework,Version=v4.6.2, .NETFramework,Version=v4.7, .NETFramework,Version=v4.7.1, .NETFramework,Version=v4.7.2, .NETFramework,Version=v4.8, .NETFramework,Version=v4.8.1' instead of the project target framework 'net8.0'. This package may not be fully compatible with your project. [C:\Users\ultra\warewolf\Dev\ServerTests.sln]
C:\Users\ultra\warewolf\Dev\Dev2.Activities.Tests\Dev2.Activities.Tests.csproj : warning NU1701: Package 'Log4Net.Async 2.0.4' was restored using '.NETFramework,Version=v4.6.1, .NETFramework,Version=v4.6.2, .NETFramework,Version=v4.7, .NETFramework,Version=v4.7.1, .NETFramework,Version=v4.7.2, .NETFramework,Version=v4.8, .NETFramework,Version=v4.8.1' instead of the project target framework 'net8.0'. This package may not be fully compatible with your project. [C:\Users\ultra\warewolf\Dev\ServerTests.sln]
C:\Users\ultra\warewolf\Dev\Dev2.Activities.Specs\Dev2.Activities.Specs.csproj : warning NU1701: Package 'Log4Net.Async 2.0.4' was restored using '.NETFramework,Version=v4.6.1, .NETFramework,Version=v4.6.2, .NETFramework,Version=v4.7, .NETFramework,Version=v4.7.1, .NETFramework,Version=v4.7.2, .NETFramework,Version=v4.8, .NETFramework,Version=v4.8.1' instead of the project target framework 'net8.0'. This package may not be fully compatible with your project. [C:\Users\ultra\warewolf\Dev\ServerTests.sln]
C:\Users\ultra\warewolf\Dev\Dev2.Core\Dev2.Core.csproj : warning NU1701: Package 'ReactiveUI.WPF 18.4.1' was restored using '.NETFramework,Version=v4.6.1, .NETFramework,Version=v4.6.2, .NETFramework,Version=v4.7, .NETFramework,Version=v4.7.1, .NETFramework,Version=v4.7.2, .NETFramework,Version=v4.8, .NETFramework,Version=v4.8.1' instead of the project target framework 'net8.0'. This package may not be fully compatible with your project. [C:\Users\ultra\warewolf\Dev\ServerTests.sln]
C:\Users\ultra\warewolf\Dev\Warewolf.Exchange.Email.Wrapper\Warewolf.Exchange.Email.Wrapper.csproj : warning NU1701: Package 'AeroWizard 2.3.1' was restored using '.NETFramework,Version=v4.6.1, .NETFramework,Version=v4.6.2, .NETFramework,Version=v4.7, .NETFramework,Version=v4.7.1, .NETFramework,Version=v4.7.2, .NETFramework,Version=v4.8, .NETFramework,Version=v4.8.1' instead of the project target framework 'net8.0'. This package may not be fully compatible with your project. [C:\Users\ultra\warewolf\Dev\ServerTests.sln]
C:\Users\ultra\warewolf\Dev\Warewolf.Exchange.Email.Wrapper\Warewolf.Exchange.Email.Wrapper.csproj : warning NU1701: Package 'GroupControls 1.9.0' was restored using '.NETFramework,Version=v4.6.1, .NETFramework,Version=v4.6.2, .NETFramework,Version=v4.7, .NETFramework,Version=v4.7.1, .NETFramework,Version=v4.7.2, .NETFramework,Version=v4.8, .NETFramework,Version=v4.8.1' instead of the project target framework 'net8.0'. This package may not be fully compatible with your project. [C:\Users\ultra\warewolf\Dev\ServerTests.sln]
C:\Users\ultra\warewolf\Dev\Warewolf.Exchange.Email.Wrapper\Warewolf.Exchange.Email.Wrapper.csproj : warning NU1701: Package 'ReactiveUI.WPF 18.4.1' was restored using '.NETFramework,Version=v4.6.1, .NETFramework,Version=v4.6.2, .NETFramework,Version=v4.7, .NETFramework,Version=v4.7.1, .NETFramework,Version=v4.7.2, .NETFramework,Version=v4.8, .NETFramework,Version=v4.8.1' instead of the project target framework 'net8.0'. This package may not be fully compatible with your project. [C:\Users\ultra\warewolf\Dev\ServerTests.sln]
C:\Users\ultra\warewolf\Dev\Dev2.Activities.Specs\Dev2.Activities.Specs.csproj : warning NU1701: Package 'Microsoft.PowerShell.5.1.ReferenceAssemblies 1.0.0' was restored using '.NETFramework,Version=v4.6.1, .NETFramework,Version=v4.6.2, .NETFramework,Version=v4.7, .NETFramework,Version=v4.7.1, .NETFramework,Version=v4.7.2, .NETFramework,Version=v4.8, .NETFramework,Version=v4.8.1' instead of the project target framework 'net8.0'. This package may not be fully compatible with your project. [C:\Users\ultra\warewolf\Dev\ServerTests.sln]
C:\Users\ultra\warewolf\Dev\Dev2.Common.Tests\Dev2.Common.Tests.csproj : warning NU1701: Package 'Microsoft.Xaml.Behaviors.Wpf 1.1.122' was restored using '.NETFramework,Version=v4.6.1, .NETFramework,Version=v4.6.2, .NETFramework,Version=v4.7, .NETFramework,Version=v4.7.1, .NETFramework,Version=v4.7.2, .NETFramework,Version=v4.8, .NETFramework,Version=v4.8.1' instead of the project target framework 'net8.0'. This package may not be fully compatible with your project. [C:\Users\ultra\warewolf\Dev\ServerTests.sln]
C:\Users\ultra\warewolf\Dev\Dev2.Activities.Designers\Dev2.Activities.Designers.csproj : warning NU1701: Package 'Microsoft.Xaml.Behaviors.Wpf 1.1.122' was restored using '.NETFramework,Version=v4.6.1, .NETFramework,Version=v4.6.2, .NETFramework,Version=v4.7, .NETFramework,Version=v4.7.1, .NETFramework,Version=v4.7.2, .NETFramework,Version=v4.8, .NETFramework,Version=v4.8.1' instead of the project target framework 'net8.0'. This package may not be fully compatible with your project. [C:\Users\ultra\warewolf\Dev\ServerTests.sln]
C:\Users\ultra\warewolf\Dev\Dev2.Activities.Specs\Dev2.Activities.Specs.csproj : warning NU1701: Package 'Microsoft.Xaml.Behaviors.Wpf 1.1.122' was restored using '.NETFramework,Version=v4.6.1, .NETFramework,Version=v4.6.2, .NETFramework,Version=v4.7, .NETFramework,Version=v4.7.1, .NETFramework,Version=v4.7.2, .NETFramework,Version=v4.8, .NETFramework,Version=v4.8.1' instead of the project target framework 'net8.0'. This package may not be fully compatible with your project. [C:\Users\ultra\warewolf\Dev\ServerTests.sln]
C:\Users\ultra\warewolf\Dev\Dev2.Activities.Tests\Dev2.Activities.Tests.csproj : warning NU1701: Package 'Microsoft.Xaml.Behaviors.Wpf 1.1.122' was restored using '.NETFramework,Version=v4.6.1, .NETFramework,Version=v4.6.2, .NETFramework,Version=v4.7, .NETFramework,Version=v4.7.1, .NETFramework,Version=v4.7.2, .NETFramework,Version=v4.8, .NETFramework,Version=v4.8.1' instead of the project target framework 'net8.0'. This package may not be fully compatible with your project. [C:\Users\ultra\warewolf\Dev\ServerTests.sln]
C:\Users\ultra\warewolf\Dev\Dev2.Activities.Designers\Dev2.Activities.Designers.csproj : warning NU1701: Package 'Prism.Wpf 9.0.537' was restored using '.NETFramework,Version=v4.6.1, .NETFramework,Version=v4.6.2, .NETFramework,Version=v4.7, .NETFramework,Version=v4.7.1, .NETFramework,Version=v4.7.2, .NETFramework,Version=v4.8, .NETFramework,Version=v4.8.1' instead of the project target framework 'net8.0'. This package may not be fully compatible with your project. [C:\Users\ultra\warewolf\Dev\ServerTests.sln]
C:\Users\ultra\warewolf\Dev\Dev2.Activities.Designers\Dev2.Activities.Designers.csproj : warning NU1701: Package 'ReactiveUI.WPF 18.4.1' was restored using '.NETFramework,Version=v4.6.1, .NETFramework,Version=v4.6.2, .NETFramework,Version=v4.7, .NETFramework,Version=v4.7.1, .NETFramework,Version=v4.7.2, .NETFramework,Version=v4.8, .NETFramework,Version=v4.8.1' instead of the project target framework 'net8.0'. This package may not be fully compatible with your project. [C:\Users\ultra\warewolf\Dev\ServerTests.sln]
C:\Users\ultra\warewolf\Dev\Dev2.Common.Tests\Dev2.Common.Tests.csproj : warning NU1701: Package 'Prism.Wpf 9.0.537' was restored using '.NETFramework,Version=v4.6.1, .NETFramework,Version=v4.6.2, .NETFramework,Version=v4.7, .NETFramework,Version=v4.7.1, .NETFramework,Version=v4.7.2, .NETFramework,Version=v4.8, .NETFramework,Version=v4.8.1' instead of the project target framework 'net8.0'. This package may not be fully compatible with your project. [C:\Users\ultra\warewolf\Dev\ServerTests.sln]
C:\Users\ultra\warewolf\Dev\Dev2.Common.Tests\Dev2.Common.Tests.csproj : warning NU1701: Package 'ReactiveUI.WPF 18.4.1' was restored using '.NETFramework,Version=v4.6.1, .NETFramework,Version=v4.6.2, .NETFramework,Version=v4.7, .NETFramework,Version=v4.7.1, .NETFramework,Version=v4.7.2, .NETFramework,Version=v4.8, .NETFramework,Version=v4.8.1' instead of the project target framework 'net8.0'. This package may not be fully compatible with your project. [C:\Users\ultra\warewolf\Dev\ServerTests.sln]
C:\Users\ultra\warewolf\Dev\Dev2.Activities.Tests\Dev2.Activities.Tests.csproj : warning NU1701: Package 'Prism.Composition 5.0.0' was restored using '.NETFramework,Version=v4.6.1, .NETFramework,Version=v4.6.2, .NETFramework,Version=v4.7, .NETFramework,Version=v4.7.1, .NETFramework,Version=v4.7.2, .NETFramework,Version=v4.8, .NETFramework,Version=v4.8.1' instead of the project target framework 'net8.0'. This package may not be fully compatible with your project. [C:\Users\ultra\warewolf\Dev\ServerTests.sln]
C:\Users\ultra\warewolf\Dev\Dev2.Activities.Specs\Dev2.Activities.Specs.csproj : warning NU1701: Package 'Prism.Composition 5.0.0' was restored using '.NETFramework,Version=v4.6.1, .NETFramework,Version=v4.6.2, .NETFramework,Version=v4.7, .NETFramework,Version=v4.7.1, .NETFramework,Version=v4.7.2, .NETFramework,Version=v4.8, .NETFramework,Version=v4.8.1' instead of the project target framework 'net8.0'. This package may not be fully compatible with your project. [C:\Users\ultra\warewolf\Dev\ServerTests.sln]
C:\Users\ultra\warewolf\Dev\Dev2.Activities.Specs\Dev2.Activities.Specs.csproj : warning NU1701: Package 'Prism.Interactivity 5.0.0' was restored using '.NETFramework,Version=v4.6.1, .NETFramework,Version=v4.6.2, .NETFramework,Version=v4.7, .NETFramework,Version=v4.7.1, .NETFramework,Version=v4.7.2, .NETFramework,Version=v4.8, .NETFramework,Version=v4.8.1' instead of the project target framework 'net8.0'. This package may not be fully compatible with your project. [C:\Users\ultra\warewolf\Dev\ServerTests.sln]
C:\Users\ultra\warewolf\Dev\Dev2.Activities.Tests\Dev2.Activities.Tests.csproj : warning NU1701: Package 'Prism.Interactivity 5.0.0' was restored using '.NETFramework,Version=v4.6.1, .NETFramework,Version=v4.6.2, .NETFramework,Version=v4.7, .NETFramework,Version=v4.7.1, .NETFramework,Version=v4.7.2, .NETFramework,Version=v4.8, .NETFramework,Version=v4.8.1' instead of the project target framework 'net8.0'. This package may not be fully compatible with your project. [C:\Users\ultra\warewolf\Dev\ServerTests.sln]
C:\Users\ultra\warewolf\Dev\Dev2.Activities.Specs\Dev2.Activities.Specs.csproj : warning NU1701: Package 'Prism.Mvvm 1.0.0' was restored using '.NETFramework,Version=v4.6.1, .NETFramework,Version=v4.6.2, .NETFramework,Version=v4.7, .NETFramework,Version=v4.7.1, .NETFramework,Version=v4.7.2, .NETFramework,Version=v4.8, .NETFramework,Version=v4.8.1' instead of the project target framework 'net8.0'. This package may not be fully compatible with your project. [C:\Users\ultra\warewolf\Dev\ServerTests.sln]
C:\Users\ultra\warewolf\Dev\Dev2.Activities.Tests\Dev2.Activities.Tests.csproj : warning NU1701: Package 'Prism.Mvvm 1.0.0' was restored using '.NETFramework,Version=v4.6.1, .NETFramework,Version=v4.6.2, .NETFramework,Version=v4.7, .NETFramework,Version=v4.7.1, .NETFramework,Version=v4.7.2, .NETFramework,Version=v4.8, .NETFramework,Version=v4.8.1' instead of the project target framework 'net8.0'. This package may not be fully compatible with your project. [C:\Users\ultra\warewolf\Dev\ServerTests.sln]
C:\Users\ultra\warewolf\Dev\Dev2.Activities.Specs\Dev2.Activities.Specs.csproj : warning NU1701: Package 'Prism.PubSubEvents 1.0.0' was restored using '.NETFramework,Version=v4.6.1, .NETFramework,Version=v4.6.2, .NETFramework,Version=v4.7, .NETFramework,Version=v4.7.1, .NETFramework,Version=v4.7.2, .NETFramework,Version=v4.8, .NETFramework,Version=v4.8.1' instead of the project target framework 'net8.0'. This package may not be fully compatible with your project. [C:\Users\ultra\warewolf\Dev\ServerTests.sln]
C:\Users\ultra\warewolf\Dev\Dev2.Activities.Tests\Dev2.Activities.Tests.csproj : warning NU1701: Package 'Prism.PubSubEvents 1.0.0' was restored using '.NETFramework,Version=v4.6.1, .NETFramework,Version=v4.6.2, .NETFramework,Version=v4.7, .NETFramework,Version=v4.7.1, .NETFramework,Version=v4.7.2, .NETFramework,Version=v4.8, .NETFramework,Version=v4.8.1' instead of the project target framework 'net8.0'. This package may not be fully compatible with your project. [C:\Users\ultra\warewolf\Dev\ServerTests.sln]
C:\Users\ultra\warewolf\Dev\Dev2.Activities.Specs\Dev2.Activities.Specs.csproj : warning NU1701: Package 'Prism.UnityExtensions 5.0.1' was restored using '.NETFramework,Version=v4.6.1, .NETFramework,Version=v4.6.2, .NETFramework,Version=v4.7, .NETFramework,Version=v4.7.1, .NETFramework,Version=v4.7.2, .NETFramework,Version=v4.8, .NETFramework,Version=v4.8.1' instead of the project target framework 'net8.0'. This package may not be fully compatible with your project. [C:\Users\ultra\warewolf\Dev\ServerTests.sln]
C:\Users\ultra\warewolf\Dev\Dev2.Activities.Specs\Dev2.Activities.Specs.csproj : warning NU1701: Package 'Prism.Wpf 9.0.537' was restored using '.NETFramework,Version=v4.6.1, .NETFramework,Version=v4.6.2, .NETFramework,Version=v4.7, .NETFramework,Version=v4.7.1, .NETFramework,Version=v4.7.2, .NETFramework,Version=v4.8, .NETFramework,Version=v4.8.1' instead of the project target framework 'net8.0'. This package may not be fully compatible with your project. [C:\Users\ultra\warewolf\Dev\ServerTests.sln]
C:\Users\ultra\warewolf\Dev\Dev2.Activities.Tests\Dev2.Activities.Tests.csproj : warning NU1701: Package 'Prism.UnityExtensions 5.0.1' was restored using '.NETFramework,Version=v4.6.1, .NETFramework,Version=v4.6.2, .NETFramework,Version=v4.7, .NETFramework,Version=v4.7.1, .NETFramework,Version=v4.7.2, .NETFramework,Version=v4.8, .NETFramework,Version=v4.8.1' instead of the project target framework 'net8.0'. This package may not be fully compatible with your project. [C:\Users\ultra\warewolf\Dev\ServerTests.sln]
C:\Users\ultra\warewolf\Dev\Dev2.Activities.Specs\Dev2.Activities.Specs.csproj : warning NU1701: Package 'ReactiveUI.WPF 18.4.1' was restored using '.NETFramework,Version=v4.6.1, .NETFramework,Version=v4.6.2, .NETFramework,Version=v4.7, .NETFramework,Version=v4.7.1, .NETFramework,Version=v4.7.2, .NETFramework,Version=v4.8, .NETFramework,Version=v4.8.1' instead of the project target framework 'net8.0'. This package may not be fully compatible with your project. [C:\Users\ultra\warewolf\Dev\ServerTests.sln]
C:\Users\ultra\warewolf\Dev\Dev2.Activities.Tests\Dev2.Activities.Tests.csproj : warning NU1701: Package 'Prism.Wpf 9.0.537' was restored using '.NETFramework,Version=v4.6.1, .NETFramework,Version=v4.6.2, .NETFramework,Version=v4.7, .NETFramework,Version=v4.7.1, .NETFramework,Version=v4.7.2, .NETFramework,Version=v4.8, .NETFramework,Version=v4.8.1' instead of the project target framework 'net8.0'. This package may not be fully compatible with your project. [C:\Users\ultra\warewolf\Dev\ServerTests.sln]
C:\Users\ultra\warewolf\Dev\Dev2.Activities.Tests\Dev2.Activities.Tests.csproj : warning NU1701: Package 'ReactiveUI.WPF 18.4.1' was restored using '.NETFramework,Version=v4.6.1, .NETFramework,Version=v4.6.2, .NETFramework,Version=v4.7, .NETFramework,Version=v4.7.1, .NETFramework,Version=v4.7.2, .NETFramework,Version=v4.8, .NETFramework,Version=v4.8.1' instead of the project target framework 'net8.0'. This package may not be fully compatible with your project. [C:\Users\ultra\warewolf\Dev\ServerTests.sln]
C:\Users\ultra\warewolf\Dev\Dev2.Activities\Dev2.Activities.csproj : warning NU1701: Package 'ReactiveUI.WPF 18.4.1' was restored using '.NETFramework,Version=v4.6.1, .NETFramework,Version=v4.6.2, .NETFramework,Version=v4.7, .NETFramework,Version=v4.7.1, .NETFramework,Version=v4.7.2, .NETFramework,Version=v4.8, .NETFramework,Version=v4.8.1' instead of the project target framework 'net8.0'. This package may not be fully compatible with your project. [C:\Users\ultra\warewolf\Dev\ServerTests.sln]
C:\Users\ultra\warewolf\Dev\Warewolf.Driver.Serilog\Warewolf.Driver.Serilog.csproj : warning NU1701: Package 'AeroWizard 2.3.1' was restored using '.NETFramework,Version=v4.6.1, .NETFramework,Version=v4.6.2, .NETFramework,Version=v4.7, .NETFramework,Version=v4.7.1, .NETFramework,Version=v4.7.2, .NETFramework,Version=v4.8, .NETFramework,Version=v4.8.1' instead of the project target framework 'net8.0'. This package may not be fully compatible with your project. [C:\Users\ultra\warewolf\Dev\ServerTests.sln]
C:\Users\ultra\warewolf\Dev\Warewolf.Driver.Serilog\Warewolf.Driver.Serilog.csproj : warning NU1701: Package 'GroupControls 1.9.0' was restored using '.NETFramework,Version=v4.6.1, .NETFramework,Version=v4.6.2, .NETFramework,Version=v4.7, .NETFramework,Version=v4.7.1, .NETFramework,Version=v4.7.2, .NETFramework,Version=v4.8, .NETFramework,Version=v4.8.1' instead of the project target framework 'net8.0'. This package may not be fully compatible with your project. [C:\Users\ultra\warewolf\Dev\ServerTests.sln]
C:\Users\ultra\warewolf\Dev\Warewolf.Driver.Serilog\Warewolf.Driver.Serilog.csproj : warning NU1701: Package 'ReactiveUI.WPF 18.4.1' was restored using '.NETFramework,Version=v4.6.1, .NETFramework,Version=v4.6.2, .NETFramework,Version=v4.7, .NETFramework,Version=v4.7.1, .NETFramework,Version=v4.7.2, .NETFramework,Version=v4.8, .NETFramework,Version=v4.8.1' instead of the project target framework 'net8.0'. This package may not be fully compatible with your project. [C:\Users\ultra\warewolf\Dev\ServerTests.sln]
C:\Users\ultra\warewolf\Dev\Dev2.Common\Dev2.Common.csproj : warning NU1701: Package 'TaskSchedulerEditor 2.10.1' was restored using '.NETFramework,Version=v4.6.1, .NETFramework,Version=v4.6.2, .NETFramework,Version=v4.7, .NETFramework,Version=v4.7.1, .NETFramework,Version=v4.7.2, .NETFramework,Version=v4.8, .NETFramework,Version=v4.8.1' instead of the project target framework 'net8.0'. This package may not be fully compatible with your project. [C:\Users\ultra\warewolf\Dev\ServerTests.sln]
C:\Users\ultra\warewolf\Dev\Dev2.CustomControls.Tests\Dev2.CustomControls.Tests.csproj : warning NU1701: Package 'TaskSchedulerEditor 2.10.1' was restored using '.NETFramework,Version=v4.6.1, .NETFramework,Version=v4.6.2, .NETFramework,Version=v4.7, .NETFramework,Version=v4.7.1, .NETFramework,Version=v4.7.2, .NETFramework,Version=v4.8, .NETFramework,Version=v4.8.1' instead of the project target framework 'net8.0'. This package may not be fully compatible with your project. [C:\Users\ultra\warewolf\Dev\ServerTests.sln]
C:\Users\ultra\warewolf\Dev\Dev2.Activities.Tests\Dev2.Activities.Tests.csproj : warning NU1701: Package 'TaskSchedulerEditor 2.10.1' was restored using '.NETFramework,Version=v4.6.1, .NETFramework,Version=v4.6.2, .NETFramework,Version=v4.7, .NETFramework,Version=v4.7.1, .NETFramework,Version=v4.7.2, .NETFramework,Version=v4.8, .NETFramework,Version=v4.8.1' instead of the project target framework 'net8.0'. This package may not be fully compatible with your project. [C:\Users\ultra\warewolf\Dev\ServerTests.sln]
C:\Users\ultra\warewolf\Dev\Dev2.Common.Tests\Dev2.Common.Tests.csproj : warning NU1701: Package 'TaskSchedulerEditor 2.10.1' was restored using '.NETFramework,Version=v4.6.1, .NETFramework,Version=v4.6.2, .NETFramework,Version=v4.7, .NETFramework,Version=v4.7.1, .NETFramework,Version=v4.7.2, .NETFramework,Version=v4.8, .NETFramework,Version=v4.8.1' instead of the project target framework 'net8.0'. This package may not be fully compatible with your project. [C:\Users\ultra\warewolf\Dev\ServerTests.sln]
C:\Users\ultra\warewolf\Dev\Warewolf.Exchange.Email.Wrapper\Warewolf.Exchange.Email.Wrapper.csproj : warning NU1701: Package 'TaskSchedulerEditor 2.10.1' was restored using '.NETFramework,Version=v4.6.1, .NETFramework,Version=v4.6.2, .NETFramework,Version=v4.7, .NETFramework,Version=v4.7.1, .NETFramework,Version=v4.7.2, .NETFramework,Version=v4.8, .NETFramework,Version=v4.8.1' instead of the project target framework 'net8.0'. This package may not be fully compatible with your project. [C:\Users\ultra\warewolf\Dev\ServerTests.sln]
C:\Users\ultra\warewolf\Dev\Warewolf.Driver.Serilog\Warewolf.Driver.Serilog.csproj : warning NU1701: Package 'TaskSchedulerEditor 2.10.1' was restored using '.NETFramework,Version=v4.6.1, .NETFramework,Version=v4.6.2, .NETFramework,Version=v4.7, .NETFramework,Version=v4.7.1, .NETFramework,Version=v4.7.2, .NETFramework,Version=v4.8, .NETFramework,Version=v4.8.1' instead of the project target framework 'net8.0'. This package may not be fully compatible with your project. [C:\Users\ultra\warewolf\Dev\ServerTests.sln]
C:\Users\ultra\warewolf\Dev\Dev2.Common.Interfaces\Dev2.Common.Interfaces.csproj : warning NU1701: Package 'TaskSchedulerEditor 2.10.1' was restored using '.NETFramework,Version=v4.6.1, .NETFramework,Version=v4.6.2, .NETFramework,Version=v4.7, .NETFramework,Version=v4.7.1, .NETFramework,Version=v4.7.2, .NETFramework,Version=v4.8, .NETFramework,Version=v4.8.1' instead of the project target framework 'net8.0'. This package may not be fully compatible with your project. [C:\Users\ultra\warewolf\Dev\ServerTests.sln]
C:\Users\ultra\warewolf\Dev\Dev2.Activities.Specs\Dev2.Activities.Specs.csproj : warning NU1701: Package 'TaskSchedulerEditor 2.10.1' was restored using '.NETFramework,Version=v4.6.1, .NETFramework,Version=v4.6.2, .NETFramework,Version=v4.7, .NETFramework,Version=v4.7.1, .NETFramework,Version=v4.7.2, .NETFramework,Version=v4.8, .NETFramework,Version=v4.8.1' instead of the project target framework 'net8.0'. This package may not be fully compatible with your project. [C:\Users\ultra\warewolf\Dev\ServerTests.sln]
C:\Users\ultra\warewolf\Dev\Dev2.Core\Dev2.Core.csproj : warning NU1701: Package 'TaskSchedulerEditor 2.10.1' was restored using '.NETFramework,Version=v4.6.1, .NETFramework,Version=v4.6.2, .NETFramework,Version=v4.7, .NETFramework,Version=v4.7.1, .NETFramework,Version=v4.7.2, .NETFramework,Version=v4.8, .NETFramework,Version=v4.8.1' instead of the project target framework 'net8.0'. This package may not be fully compatible with your project. [C:\Users\ultra\warewolf\Dev\ServerTests.sln]
C:\Users\ultra\warewolf\Dev\Dev2.Activities.Designers\Dev2.Activities.Designers.csproj : warning NU1701: Package 'TaskSchedulerEditor 2.10.1' was restored using '.NETFramework,Version=v4.6.1, .NETFramework,Version=v4.6.2, .NETFramework,Version=v4.7, .NETFramework,Version=v4.7.1, .NETFramework,Version=v4.7.2, .NETFramework,Version=v4.8, .NETFramework,Version=v4.8.1' instead of the project target framework 'net8.0'. This package may not be fully compatible with your project. [C:\Users\ultra\warewolf\Dev\ServerTests.sln]
C:\Users\ultra\warewolf\Dev\Dev2.Activities\Dev2.Activities.csproj : warning NU1701: Package 'TaskSchedulerEditor 2.10.1' was restored using '.NETFramework,Version=v4.6.1, .NETFramework,Version=v4.6.2, .NETFramework,Version=v4.7, .NETFramework,Version=v4.7.1, .NETFramework,Version=v4.7.2, .NETFramework,Version=v4.8, .NETFramework,Version=v4.8.1' instead of the project target framework 'net8.0'. This package may not be fully compatible with your project. [C:\Users\ultra\warewolf\Dev\ServerTests.sln]
C:\Users\ultra\warewolf\Dev\Dev2.Activities.Tests\Dev2.Activities.Tests.csproj : warning NU1701: Package 'Unofficial.Microsoft.mshtml 7.0.3300' was restored using '.NETFramework,Version=v4.6.1, .NETFramework,Version=v4.6.2, .NETFramework,Version=v4.7, .NETFramework,Version=v4.7.1, .NETFramework,Version=v4.7.2, .NETFramework,Version=v4.8, .NETFramework,Version=v4.8.1' instead of the project target framework 'net8.0'. This package may not be fully compatible with your project. [C:\Users\ultra\warewolf\Dev\ServerTests.sln]
C:\Users\ultra\warewolf\Dev\Dev2.Activities.Specs\Dev2.Activities.Specs.csproj : warning NU1701: Package 'Unofficial.Microsoft.mshtml 7.0.3300' was restored using '.NETFramework,Version=v4.6.1, .NETFramework,Version=v4.6.2, .NETFramework,Version=v4.7, .NETFramework,Version=v4.7.1, .NETFramework,Version=v4.7.2, .NETFramework,Version=v4.8, .NETFramework,Version=v4.8.1' instead of the project target framework 'net8.0'. This package may not be fully compatible with your project. [C:\Users\ultra\warewolf\Dev\ServerTests.sln]
  Restored C:\Users\ultra\warewolf\Dev\Dev2.CustomControls.Tests\Dev2.CustomControls.Tests.csproj (in 448 ms).
  Restored C:\Users\ultra\warewolf\Dev\Dev2.Activities.Designers\Dev2.Activities.Designers.csproj (in 453 ms).
  Restored C:\Users\ultra\warewolf\Dev\Dev2.Common.Interfaces\Dev2.Common.Interfaces.csproj (in 447 ms).
  Restored C:\Users\ultra\warewolf\Dev\Dev2.Common\Dev2.Common.csproj (in 448 ms).
C:\Users\ultra\warewolf\Dev\Warewolf.Execution.Lightweight.Tests\Warewolf.Execution.Lightweight.Tests.csproj : warning NU1701: Package 'AeroWizard 2.3.1' was restored using '.NETFramework,Version=v4.6.1, .NETFramework,Version=v4.6.2, .NETFramework,Version=v4.7, .NETFramework,Version=v4.7.1, .NETFramework,Version=v4.7.2, .NETFramework,Version=v4.8, .NETFramework,Version=v4.8.1' instead of the project target framework 'net8.0'. This package may not be fully compatible with your project. [C:\Users\ultra\warewolf\Dev\ServerTests.sln]
  Restored C:\Users\ultra\warewolf\Dev\Warewolf.Exchange.Email.Wrapper\Warewolf.Exchange.Email.Wrapper.csproj (in 123 ms).
  Restored C:\Users\ultra\warewolf\Dev\Dev2.Core\Dev2.Core.csproj (in 449 ms).
  Restored C:\Users\ultra\warewolf\Dev\Warewolf.Driver.Serilog\Warewolf.Driver.Serilog.csproj (in 121 ms).
C:\Users\ultra\warewolf\Dev\Warewolf.Execution.Lightweight.Tests\Warewolf.Execution.Lightweight.Tests.csproj : warning NU1701: Package 'GroupControls 1.9.0' was restored using '.NETFramework,Version=v4.6.1, .NETFramework,Version=v4.6.2, .NETFramework,Version=v4.7, .NETFramework,Version=v4.7.1, .NETFramework,Version=v4.7.2, .NETFramework,Version=v4.8, .NETFramework,Version=v4.8.1' instead of the project target framework 'net8.0'. This package may not be fully compatible with your project. [C:\Users\ultra\warewolf\Dev\ServerTests.sln]
C:\Users\ultra\warewolf\Dev\Warewolf.Driver.Redis.Tests\Warewolf.Driver.Redis.Tests.csproj : warning NU1903: Package 'Microsoft.Windows.Compatibility' 6.0.0 has a known high severity vulnerability, https://github.com/advisories/GHSA-555c-2p6r-68mm [C:\Users\ultra\warewolf\Dev\ServerTests.sln]
  Restored C:\Users\ultra\warewolf\Dev\Dev2.Activities.Specs\Dev2.Activities.Specs.csproj (in 469 ms).
  Restored C:\Users\ultra\warewolf\Dev\Warewolf.Driver.RabbitMQ\Warewolf.Driver.RabbitMQ.csproj (in 1 ms).
C:\Users\ultra\warewolf\Dev\Warewolf.Execution.Lightweight.Tests\Warewolf.Execution.Lightweight.Tests.csproj : warning NU1701: Package 'ReactiveUI.WPF 18.4.1' was restored using '.NETFramework,Version=v4.6.1, .NETFramework,Version=v4.6.2, .NETFramework,Version=v4.7, .NETFramework,Version=v4.7.1, .NETFramework,Version=v4.7.2, .NETFramework,Version=v4.8, .NETFramework,Version=v4.8.1' instead of the project target framework 'net8.0'. This package may not be fully compatible with your project. [C:\Users\ultra\warewolf\Dev\ServerTests.sln]
C:\Users\ultra\warewolf\Dev\Warewolf.Execution.Lightweight.Tests\Warewolf.Execution.Lightweight.Tests.csproj : warning NU1701: Package 'TaskSchedulerEditor 2.10.1' was restored using '.NETFramework,Version=v4.6.1, .NETFramework,Version=v4.6.2, .NETFramework,Version=v4.7, .NETFramework,Version=v4.7.1, .NETFramework,Version=v4.7.2, .NETFramework,Version=v4.8, .NETFramework,Version=v4.8.1' instead of the project target framework 'net8.0'. This package may not be fully compatible with your project. [C:\Users\ultra\warewolf\Dev\ServerTests.sln]
  Restored C:\Users\ultra\warewolf\Dev\Warewolf.Driver.Redis.Tests\Warewolf.Driver.Redis.Tests.csproj (in 16 ms).
  Restored C:\Users\ultra\warewolf\Dev\Dev2.Activities\Dev2.Activities.csproj (in 453 ms).
  Restored C:\Users\ultra\warewolf\Dev\Warewolf.Driver.Redis\Warewolf.Driver.Redis.csproj (in 18 ms).
  Restored C:\Users\ultra\warewolf\Dev\Dev2.Common.Tests\Dev2.Common.Tests.csproj (in 454 ms).
C:\Users\ultra\warewolf\Dev\Dev2.ScheduleExecutor\Dev2.ScheduleExecutor.csproj : warning NU1701: Package 'AeroWizard 2.3.1' was restored using '.NETFramework,Version=v4.6.1, .NETFramework,Version=v4.6.2, .NETFramework,Version=v4.7, .NETFramework,Version=v4.7.1, .NETFramework,Version=v4.7.2, .NETFramework,Version=v4.8, .NETFramework,Version=v4.8.1' instead of the project target framework 'net8.0'. This package may not be fully compatible with your project. [C:\Users\ultra\warewolf\Dev\ServerTests.sln]
C:\Users\ultra\warewolf\Dev\Dev2.ScheduleExecutor\Dev2.ScheduleExecutor.csproj : warning NU1701: Package 'GroupControls 1.9.0' was restored using '.NETFramework,Version=v4.6.1, .NETFramework,Version=v4.6.2, .NETFramework,Version=v4.7, .NETFramework,Version=v4.7.1, .NETFramework,Version=v4.7.2, .NETFramework,Version=v4.8, .NETFramework,Version=v4.8.1' instead of the project target framework 'net8.0'. This package may not be fully compatible with your project. [C:\Users\ultra\warewolf\Dev\ServerTests.sln]
C:\Users\ultra\warewolf\Dev\Dev2.ScheduleExecutor\Dev2.ScheduleExecutor.csproj : warning NU1701: Package 'ReactiveUI.WPF 18.4.1' was restored using '.NETFramework,Version=v4.6.1, .NETFramework,Version=v4.6.2, .NETFramework,Version=v4.7, .NETFramework,Version=v4.7.1, .NETFramework,Version=v4.7.2, .NETFramework,Version=v4.8, .NETFramework,Version=v4.8.1' instead of the project target framework 'net8.0'. This package may not be fully compatible with your project. [C:\Users\ultra\warewolf\Dev\ServerTests.sln]
  Restored C:\Users\ultra\warewolf\Dev\Dev2.Net6.Compatibility\Dev2.Net6.Compatibility.csproj (in 2 ms).
C:\Users\ultra\warewolf\Dev\Dev2.ScheduleExecutor\Dev2.ScheduleExecutor.csproj : warning NU1701: Package 'TaskSchedulerEditor 2.10.1' was restored using '.NETFramework,Version=v4.6.1, .NETFramework,Version=v4.6.2, .NETFramework,Version=v4.7, .NETFramework,Version=v4.7.1, .NETFramework,Version=v4.7.2, .NETFramework,Version=v4.8, .NETFramework,Version=v4.8.1' instead of the project target framework 'net8.0'. This package may not be fully compatible with your project. [C:\Users\ultra\warewolf\Dev\ServerTests.sln]
C:\Users\ultra\warewolf\Dev\Dev2.Runtime.Configuration\Dev2.Runtime.Configuration.csproj : warning NU1903: Package 'Microsoft.Windows.Compatibility' 6.0.0 has a known high severity vulnerability, https://github.com/advisories/GHSA-555c-2p6r-68mm [C:\Users\ultra\warewolf\Dev\ServerTests.sln]
C:\Users\ultra\warewolf\Dev\Dev2.Runtime.Configuration\Dev2.Runtime.Configuration.csproj : warning NU1701: Package 'AeroWizard 2.3.1' was restored using '.NETFramework,Version=v4.6.1, .NETFramework,Version=v4.6.2, .NETFramework,Version=v4.7, .NETFramework,Version=v4.7.1, .NETFramework,Version=v4.7.2, .NETFramework,Version=v4.8, .NETFramework,Version=v4.8.1' instead of the project target framework 'net8.0'. This package may not be fully compatible with your project. [C:\Users\ultra\warewolf\Dev\ServerTests.sln]
C:\Users\ultra\warewolf\Dev\Dev2.Runtime.Configuration\Dev2.Runtime.Configuration.csproj : warning NU1701: Package 'GroupControls 1.9.0' was restored using '.NETFramework,Version=v4.6.1, .NETFramework,Version=v4.6.2, .NETFramework,Version=v4.7, .NETFramework,Version=v4.7.1, .NETFramework,Version=v4.7.2, .NETFramework,Version=v4.8, .NETFramework,Version=v4.8.1' instead of the project target framework 'net8.0'. This package may not be fully compatible with your project. [C:\Users\ultra\warewolf\Dev\ServerTests.sln]
C:\Users\ultra\warewolf\Dev\Dev2.Runtime.Configuration.Tests\Dev2.Runtime.Configuration.Tests.csproj : warning NU1701: Package 'AeroWizard 2.3.1' was restored using '.NETFramework,Version=v4.6.1, .NETFramework,Version=v4.6.2, .NETFramework,Version=v4.7, .NETFramework,Version=v4.7.1, .NETFramework,Version=v4.7.2, .NETFramework,Version=v4.8, .NETFramework,Version=v4.8.1' instead of the project target framework 'net8.0'. This package may not be fully compatible with your project. [C:\Users\ultra\warewolf\Dev\ServerTests.sln]
C:\Users\ultra\warewolf\Dev\Dev2.Runtime.Configuration.Tests\Dev2.Runtime.Configuration.Tests.csproj : warning NU1701: Package 'GroupControls 1.9.0' was restored using '.NETFramework,Version=v4.6.1, .NETFramework,Version=v4.6.2, .NETFramework,Version=v4.7, .NETFramework,Version=v4.7.1, .NETFramework,Version=v4.7.2, .NETFramework,Version=v4.8, .NETFramework,Version=v4.8.1' instead of the project target framework 'net8.0'. This package may not be fully compatible with your project. [C:\Users\ultra\warewolf\Dev\ServerTests.sln]
C:\Users\ultra\warewolf\Dev\Dev2.Runtime.Configuration\Dev2.Runtime.Configuration.csproj : warning NU1701: Package 'TaskSchedulerEditor 2.10.1' was restored using '.NETFramework,Version=v4.6.1, .NETFramework,Version=v4.6.2, .NETFramework,Version=v4.7, .NETFramework,Version=v4.7.1, .NETFramework,Version=v4.7.2, .NETFramework,Version=v4.8, .NETFramework,Version=v4.8.1' instead of the project target framework 'net8.0'. This package may not be fully compatible with your project. [C:\Users\ultra\warewolf\Dev\ServerTests.sln]
C:\Users\ultra\warewolf\Dev\Dev2.Runtime.Configuration.Tests\Dev2.Runtime.Configuration.Tests.csproj : warning NU1701: Package 'TaskSchedulerEditor 2.10.1' was restored using '.NETFramework,Version=v4.6.1, .NETFramework,Version=v4.6.2, .NETFramework,Version=v4.7, .NETFramework,Version=v4.7.1, .NETFramework,Version=v4.7.2, .NETFramework,Version=v4.8, .NETFramework,Version=v4.8.1' instead of the project target framework 'net8.0'. This package may not be fully compatible with your project. [C:\Users\ultra\warewolf\Dev\ServerTests.sln]
  Restored C:\Users\ultra\warewolf\Dev\Dev2.Activities.Tests\Dev2.Activities.Tests.csproj (in 469 ms).
  Restored C:\Users\ultra\warewolf\Dev\Warewolf.Execution.Lightweight.Tests\Warewolf.Execution.Lightweight.Tests.csproj (in 196 ms).
  Restored C:\Users\ultra\warewolf\Dev\Dev2.ScheduleExecutor\Dev2.ScheduleExecutor.csproj (in 67 ms).
  Restored C:\Users\ultra\warewolf\Dev\Dev2.Runtime.Configuration.Tests\Dev2.Runtime.Configuration.Tests.csproj (in 53 ms).
C:\Users\ultra\warewolf\Dev\Dev2.Runtime.Services\Dev2.Runtime.Services.csproj : warning NU1902: Package 'MessagePack' 2.4.59 has a known moderate severity vulnerability, https://github.com/advisories/GHSA-4qm4-8hg2-g2xm [C:\Users\ultra\warewolf\Dev\ServerTests.sln]
C:\Users\ultra\warewolf\Dev\Dev2.Runtime\Dev2.Runtime.csproj : warning NU1903: Package 'Microsoft.Windows.Compatibility' 6.0.0 has a known high severity vulnerability, https://github.com/advisories/GHSA-555c-2p6r-68mm [C:\Users\ultra\warewolf\Dev\ServerTests.sln]
C:\Users\ultra\warewolf\Dev\Dev2.Runtime.Services\Dev2.Runtime.Services.csproj : warning NU1903: Package 'Microsoft.Windows.Compatibility' 6.0.0 has a known high severity vulnerability, https://github.com/advisories/GHSA-555c-2p6r-68mm [C:\Users\ultra\warewolf\Dev\ServerTests.sln]
  Restored C:\Users\ultra\warewolf\Dev\Dev2.Runtime.Configuration\Dev2.Runtime.Configuration.csproj (in 59 ms).
C:\Users\ultra\warewolf\Dev\Dev2.Runtime\Dev2.Runtime.csproj : warning NU1701: Package 'AeroWizard 2.3.1' was restored using '.NETFramework,Version=v4.6.1, .NETFramework,Version=v4.6.2, .NETFramework,Version=v4.7, .NETFramework,Version=v4.7.1, .NETFramework,Version=v4.7.2, .NETFramework,Version=v4.8, .NETFramework,Version=v4.8.1' instead of the project target framework 'net8.0'. This package may not be fully compatible with your project. [C:\Users\ultra\warewolf\Dev\ServerTests.sln]
C:\Users\ultra\warewolf\Dev\Dev2.Runtime.Services\Dev2.Runtime.Services.csproj : warning NU1701: Package 'AeroWizard 2.3.1' was restored using '.NETFramework,Version=v4.6.1, .NETFramework,Version=v4.6.2, .NETFramework,Version=v4.7, .NETFramework,Version=v4.7.1, .NETFramework,Version=v4.7.2, .NETFramework,Version=v4.8, .NETFramework,Version=v4.8.1' instead of the project target framework 'net8.0'. This package may not be fully compatible with your project. [C:\Users\ultra\warewolf\Dev\ServerTests.sln]
C:\Users\ultra\warewolf\Dev\Dev2.Runtime\Dev2.Runtime.csproj : warning NU1701: Package 'GroupControls 1.9.0' was restored using '.NETFramework,Version=v4.6.1, .NETFramework,Version=v4.6.2, .NETFramework,Version=v4.7, .NETFramework,Version=v4.7.1, .NETFramework,Version=v4.7.2, .NETFramework,Version=v4.8, .NETFramework,Version=v4.8.1' instead of the project target framework 'net8.0'. This package may not be fully compatible with your project. [C:\Users\ultra\warewolf\Dev\ServerTests.sln]
C:\Users\ultra\warewolf\Dev\Dev2.Runtime\Dev2.Runtime.csproj : warning NU1701: Package 'ReactiveUI.WPF 18.4.1' was restored using '.NETFramework,Version=v4.6.1, .NETFramework,Version=v4.6.2, .NETFramework,Version=v4.7, .NETFramework,Version=v4.7.1, .NETFramework,Version=v4.7.2, .NETFramework,Version=v4.8, .NETFramework,Version=v4.8.1' instead of the project target framework 'net8.0'. This package may not be fully compatible with your project. [C:\Users\ultra\warewolf\Dev\ServerTests.sln]
C:\Users\ultra\warewolf\Dev\Dev2.Runtime.Services\Dev2.Runtime.Services.csproj : warning NU1701: Package 'GroupControls 1.9.0' was restored using '.NETFramework,Version=v4.6.1, .NETFramework,Version=v4.6.2, .NETFramework,Version=v4.7, .NETFramework,Version=v4.7.1, .NETFramework,Version=v4.7.2, .NETFramework,Version=v4.8, .NETFramework,Version=v4.8.1' instead of the project target framework 'net8.0'. This package may not be fully compatible with your project. [C:\Users\ultra\warewolf\Dev\ServerTests.sln]
C:\Users\ultra\warewolf\Dev\Dev2.Runtime.Services\Dev2.Runtime.Services.csproj : warning NU1701: Package 'ReactiveUI.WPF 18.4.1' was restored using '.NETFramework,Version=v4.6.1, .NETFramework,Version=v4.6.2, .NETFramework,Version=v4.7, .NETFramework,Version=v4.7.1, .NETFramework,Version=v4.7.2, .NETFramework,Version=v4.8, .NETFramework,Version=v4.8.1' instead of the project target framework 'net8.0'. This package may not be fully compatible with your project. [C:\Users\ultra\warewolf\Dev\ServerTests.sln]
C:\Users\ultra\warewolf\Dev\Dev2.Runtime\Dev2.Runtime.csproj : warning NU1701: Package 'TaskSchedulerEditor 2.10.1' was restored using '.NETFramework,Version=v4.6.1, .NETFramework,Version=v4.6.2, .NETFramework,Version=v4.7, .NETFramework,Version=v4.7.1, .NETFramework,Version=v4.7.2, .NETFramework,Version=v4.8, .NETFramework,Version=v4.8.1' instead of the project target framework 'net8.0'. This package may not be fully compatible with your project. [C:\Users\ultra\warewolf\Dev\ServerTests.sln]
C:\Users\ultra\warewolf\Dev\Dev2.Runtime.Services\Dev2.Runtime.Services.csproj : warning NU1701: Package 'TaskSchedulerEditor 2.10.1' was restored using '.NETFramework,Version=v4.6.1, .NETFramework,Version=v4.6.2, .NETFramework,Version=v4.7, .NETFramework,Version=v4.7.1, .NETFramework,Version=v4.7.2, .NETFramework,Version=v4.8, .NETFramework,Version=v4.8.1' instead of the project target framework 'net8.0'. This package may not be fully compatible with your project. [C:\Users\ultra\warewolf\Dev\ServerTests.sln]
C:\Users\ultra\warewolf\Dev\Dev2.Runtime.WebServer\Dev2.Runtime.WebServer.csproj : warning NU1902: Package 'System.IdentityModel.Tokens.Jwt' 5.1.0 has a known moderate severity vulnerability, https://github.com/advisories/GHSA-59j7-ghrg-fj52 [C:\Users\ultra\warewolf\Dev\ServerTests.sln]
C:\Users\ultra\warewolf\Dev\Dev2.Runtime.WebServer.Tests\Dev2.Runtime.WebServer.Tests.csproj : warning NU1701: Package 'AeroWizard 2.3.1' was restored using '.NETFramework,Version=v4.6.1, .NETFramework,Version=v4.6.2, .NETFramework,Version=v4.7, .NETFramework,Version=v4.7.1, .NETFramework,Version=v4.7.2, .NETFramework,Version=v4.8, .NETFramework,Version=v4.8.1' instead of the project target framework 'net8.0'. This package may not be fully compatible with your project. [C:\Users\ultra\warewolf\Dev\ServerTests.sln]
C:\Users\ultra\warewolf\Dev\Dev2.Runtime.WebServer.Tests\Dev2.Runtime.WebServer.Tests.csproj : warning NU1701: Package 'GroupControls 1.9.0' was restored using '.NETFramework,Version=v4.6.1, .NETFramework,Version=v4.6.2, .NETFramework,Version=v4.7, .NETFramework,Version=v4.7.1, .NETFramework,Version=v4.7.2, .NETFramework,Version=v4.8, .NETFramework,Version=v4.8.1' instead of the project target framework 'net8.0'. This package may not be fully compatible with your project. [C:\Users\ultra\warewolf\Dev\ServerTests.sln]
C:\Users\ultra\warewolf\Dev\Dev2.Runtime.WebServer.Tests\Dev2.Runtime.WebServer.Tests.csproj : warning NU1701: Package 'Microsoft.Xaml.Behaviors.Wpf 1.1.122' was restored using '.NETFramework,Version=v4.6.1, .NETFramework,Version=v4.6.2, .NETFramework,Version=v4.7, .NETFramework,Version=v4.7.1, .NETFramework,Version=v4.7.2, .NETFramework,Version=v4.8, .NETFramework,Version=v4.8.1' instead of the project target framework 'net8.0'. This package may not be fully compatible with your project. [C:\Users\ultra\warewolf\Dev\ServerTests.sln]
C:\Users\ultra\warewolf\Dev\Dev2.Runtime.WebServer\Dev2.Runtime.WebServer.csproj : warning NU1701: Package 'AeroWizard 2.3.1' was restored using '.NETFramework,Version=v4.6.1, .NETFramework,Version=v4.6.2, .NETFramework,Version=v4.7, .NETFramework,Version=v4.7.1, .NETFramework,Version=v4.7.2, .NETFramework,Version=v4.8, .NETFramework,Version=v4.8.1' instead of the project target framework 'net8.0'. This package may not be fully compatible with your project. [C:\Users\ultra\warewolf\Dev\ServerTests.sln]
C:\Users\ultra\warewolf\Dev\Dev2.Runtime.WebServer\Dev2.Runtime.WebServer.csproj : warning NU1701: Package 'GroupControls 1.9.0' was restored using '.NETFramework,Version=v4.6.1, .NETFramework,Version=v4.6.2, .NETFramework,Version=v4.7, .NETFramework,Version=v4.7.1, .NETFramework,Version=v4.7.2, .NETFramework,Version=v4.8, .NETFramework,Version=v4.8.1' instead of the project target framework 'net8.0'. This package may not be fully compatible with your project. [C:\Users\ultra\warewolf\Dev\ServerTests.sln]
C:\Users\ultra\warewolf\Dev\Dev2.Runtime.WebServer.Tests\Dev2.Runtime.WebServer.Tests.csproj : warning NU1701: Package 'Prism.Wpf 9.0.537' was restored using '.NETFramework,Version=v4.6.1, .NETFramework,Version=v4.6.2, .NETFramework,Version=v4.7, .NETFramework,Version=v4.7.1, .NETFramework,Version=v4.7.2, .NETFramework,Version=v4.8, .NETFramework,Version=v4.8.1' instead of the project target framework 'net8.0'. This package may not be fully compatible with your project. [C:\Users\ultra\warewolf\Dev\ServerTests.sln]
C:\Users\ultra\warewolf\Dev\Dev2.Runtime.WebServer.Tests\Dev2.Runtime.WebServer.Tests.csproj : warning NU1701: Package 'ReactiveUI.WPF 18.4.1' was restored using '.NETFramework,Version=v4.6.1, .NETFramework,Version=v4.6.2, .NETFramework,Version=v4.7, .NETFramework,Version=v4.7.1, .NETFramework,Version=v4.7.2, .NETFramework,Version=v4.8, .NETFramework,Version=v4.8.1' instead of the project target framework 'net8.0'. This package may not be fully compatible with your project. [C:\Users\ultra\warewolf\Dev\ServerTests.sln]
C:\Users\ultra\warewolf\Dev\Dev2.Runtime.WebServer\Dev2.Runtime.WebServer.csproj : warning NU1701: Package 'Microsoft.Xaml.Behaviors.Wpf 1.1.122' was restored using '.NETFramework,Version=v4.6.1, .NETFramework,Version=v4.6.2, .NETFramework,Version=v4.7, .NETFramework,Version=v4.7.1, .NETFramework,Version=v4.7.2, .NETFramework,Version=v4.8, .NETFramework,Version=v4.8.1' instead of the project target framework 'net8.0'. This package may not be fully compatible with your project. [C:\Users\ultra\warewolf\Dev\ServerTests.sln]
C:\Users\ultra\warewolf\Dev\Dev2.Runtime.WebServer\Dev2.Runtime.WebServer.csproj : warning NU1701: Package 'Prism.Wpf 9.0.537' was restored using '.NETFramework,Version=v4.6.1, .NETFramework,Version=v4.6.2, .NETFramework,Version=v4.7, .NETFramework,Version=v4.7.1, .NETFramework,Version=v4.7.2, .NETFramework,Version=v4.8, .NETFramework,Version=v4.8.1' instead of the project target framework 'net8.0'. This package may not be fully compatible with your project. [C:\Users\ultra\warewolf\Dev\ServerTests.sln]
C:\Users\ultra\warewolf\Dev\Dev2.Runtime.WebServer\Dev2.Runtime.WebServer.csproj : warning NU1701: Package 'ReactiveUI.WPF 18.4.1' was restored using '.NETFramework,Version=v4.6.1, .NETFramework,Version=v4.6.2, .NETFramework,Version=v4.7, .NETFramework,Version=v4.7.1, .NETFramework,Version=v4.7.2, .NETFramework,Version=v4.8, .NETFramework,Version=v4.8.1' instead of the project target framework 'net8.0'. This package may not be fully compatible with your project. [C:\Users\ultra\warewolf\Dev\ServerTests.sln]
C:\Users\ultra\warewolf\Dev\Dev2.Runtime.WebServer\Dev2.Runtime.WebServer.csproj : warning NU1701: Package 'TaskSchedulerEditor 2.10.1' was restored using '.NETFramework,Version=v4.6.1, .NETFramework,Version=v4.6.2, .NETFramework,Version=v4.7, .NETFramework,Version=v4.7.1, .NETFramework,Version=v4.7.2, .NETFramework,Version=v4.8, .NETFramework,Version=v4.8.1' instead of the project target framework 'net8.0'. This package may not be fully compatible with your project. [C:\Users\ultra\warewolf\Dev\ServerTests.sln]
C:\Users\ultra\warewolf\Dev\Dev2.Runtime.WebServer.Tests\Dev2.Runtime.WebServer.Tests.csproj : warning NU1701: Package 'TaskSchedulerEditor 2.10.1' was restored using '.NETFramework,Version=v4.6.1, .NETFramework,Version=v4.6.2, .NETFramework,Version=v4.7, .NETFramework,Version=v4.7.1, .NETFramework,Version=v4.7.2, .NETFramework,Version=v4.8, .NETFramework,Version=v4.8.1' instead of the project target framework 'net8.0'. This package may not be fully compatible with your project. [C:\Users\ultra\warewolf\Dev\ServerTests.sln]
C:\Users\ultra\warewolf\Dev\Dev2.Intellisense\Dev2.Intellisense.csproj : warning NU1701: Package 'AeroWizard 2.3.1' was restored using '.NETFramework,Version=v4.6.1, .NETFramework,Version=v4.6.2, .NETFramework,Version=v4.7, .NETFramework,Version=v4.7.1, .NETFramework,Version=v4.7.2, .NETFramework,Version=v4.8, .NETFramework,Version=v4.8.1' instead of the project target framework 'net8.0'. This package may not be fully compatible with your project. [C:\Users\ultra\warewolf\Dev\ServerTests.sln]
C:\Users\ultra\warewolf\Dev\Warewolf.Trigger.Queue\Warewolf.Trigger.Queue.csproj : warning NU1701: Package 'AeroWizard 2.3.1' was restored using '.NETFramework,Version=v4.6.1, .NETFramework,Version=v4.6.2, .NETFramework,Version=v4.7, .NETFramework,Version=v4.7.1, .NETFramework,Version=v4.7.2, .NETFramework,Version=v4.8, .NETFramework,Version=v4.8.1' instead of the project target framework 'net8.0'. This package may not be fully compatible with your project. [C:\Users\ultra\warewolf\Dev\ServerTests.sln]
C:\Users\ultra\warewolf\Dev\Warewolf.Trigger.Queue\Warewolf.Trigger.Queue.csproj : warning NU1701: Package 'GroupControls 1.9.0' was restored using '.NETFramework,Version=v4.6.1, .NETFramework,Version=v4.6.2, .NETFramework,Version=v4.7, .NETFramework,Version=v4.7.1, .NETFramework,Version=v4.7.2, .NETFramework,Version=v4.8, .NETFramework,Version=v4.8.1' instead of the project target framework 'net8.0'. This package may not be fully compatible with your project. [C:\Users\ultra\warewolf\Dev\ServerTests.sln]
C:\Users\ultra\warewolf\Dev\Dev2.Intellisense\Dev2.Intellisense.csproj : warning NU1701: Package 'GroupControls 1.9.0' was restored using '.NETFramework,Version=v4.6.1, .NETFramework,Version=v4.6.2, .NETFramework,Version=v4.7, .NETFramework,Version=v4.7.1, .NETFramework,Version=v4.7.2, .NETFramework,Version=v4.8, .NETFramework,Version=v4.8.1' instead of the project target framework 'net8.0'. This package may not be fully compatible with your project. [C:\Users\ultra\warewolf\Dev\ServerTests.sln]
C:\Users\ultra\warewolf\Dev\Warewolf.Trigger.Queue\Warewolf.Trigger.Queue.csproj : warning NU1701: Package 'Microsoft.Xaml.Behaviors.Wpf 1.1.122' was restored using '.NETFramework,Version=v4.6.1, .NETFramework,Version=v4.6.2, .NETFramework,Version=v4.7, .NETFramework,Version=v4.7.1, .NETFramework,Version=v4.7.2, .NETFramework,Version=v4.8, .NETFramework,Version=v4.8.1' instead of the project target framework 'net8.0'. This package may not be fully compatible with your project. [C:\Users\ultra\warewolf\Dev\ServerTests.sln]
C:\Users\ultra\warewolf\Dev\Dev2.Intellisense\Dev2.Intellisense.csproj : warning NU1701: Package 'Microsoft.Xaml.Behaviors.Wpf 1.1.122' was restored using '.NETFramework,Version=v4.6.1, .NETFramework,Version=v4.6.2, .NETFramework,Version=v4.7, .NETFramework,Version=v4.7.1, .NETFramework,Version=v4.7.2, .NETFramework,Version=v4.8, .NETFramework,Version=v4.8.1' instead of the project target framework 'net8.0'. This package may not be fully compatible with your project. [C:\Users\ultra\warewolf\Dev\ServerTests.sln]
C:\Users\ultra\warewolf\Dev\Warewolf.Trigger.Queue\Warewolf.Trigger.Queue.csproj : warning NU1701: Package 'Prism.Wpf 9.0.537' was restored using '.NETFramework,Version=v4.6.1, .NETFramework,Version=v4.6.2, .NETFramework,Version=v4.7, .NETFramework,Version=v4.7.1, .NETFramework,Version=v4.7.2, .NETFramework,Version=v4.8, .NETFramework,Version=v4.8.1' instead of the project target framework 'net8.0'. This package may not be fully compatible with your project. [C:\Users\ultra\warewolf\Dev\ServerTests.sln]
C:\Users\ultra\warewolf\Dev\Dev2.Intellisense\Dev2.Intellisense.csproj : warning NU1701: Package 'Prism.Wpf 9.0.537' was restored using '.NETFramework,Version=v4.6.1, .NETFramework,Version=v4.6.2, .NETFramework,Version=v4.7, .NETFramework,Version=v4.7.1, .NETFramework,Version=v4.7.2, .NETFramework,Version=v4.8, .NETFramework,Version=v4.8.1' instead of the project target framework 'net8.0'. This package may not be fully compatible with your project. [C:\Users\ultra\warewolf\Dev\ServerTests.sln]
C:\Users\ultra\warewolf\Dev\Warewolf.Trigger.Queue\Warewolf.Trigger.Queue.csproj : warning NU1701: Package 'ReactiveUI.WPF 18.4.1' was restored using '.NETFramework,Version=v4.6.1, .NETFramework,Version=v4.6.2, .NETFramework,Version=v4.7, .NETFramework,Version=v4.7.1, .NETFramework,Version=v4.7.2, .NETFramework,Version=v4.8, .NETFramework,Version=v4.8.1' instead of the project target framework 'net8.0'. This package may not be fully compatible with your project. [C:\Users\ultra\warewolf\Dev\ServerTests.sln]
C:\Users\ultra\warewolf\Dev\Dev2.Intellisense\Dev2.Intellisense.csproj : warning NU1701: Package 'ReactiveUI.WPF 18.4.1' was restored using '.NETFramework,Version=v4.6.1, .NETFramework,Version=v4.6.2, .NETFramework,Version=v4.7, .NETFramework,Version=v4.7.1, .NETFramework,Version=v4.7.2, .NETFramework,Version=v4.8, .NETFramework,Version=v4.8.1' instead of the project target framework 'net8.0'. This package may not be fully compatible with your project. [C:\Users\ultra\warewolf\Dev\ServerTests.sln]
C:\Users\ultra\warewolf\Dev\Warewolf.Trigger.Queue\Warewolf.Trigger.Queue.csproj : warning NU1701: Package 'TaskSchedulerEditor 2.10.1' was restored using '.NETFramework,Version=v4.6.1, .NETFramework,Version=v4.6.2, .NETFramework,Version=v4.7, .NETFramework,Version=v4.7.1, .NETFramework,Version=v4.7.2, .NETFramework,Version=v4.8, .NETFramework,Version=v4.8.1' instead of the project target framework 'net8.0'. This package may not be fully compatible with your project. [C:\Users\ultra\warewolf\Dev\ServerTests.sln]
C:\Users\ultra\warewolf\Dev\Dev2.Intellisense\Dev2.Intellisense.csproj : warning NU1701: Package 'TaskSchedulerEditor 2.10.1' was restored using '.NETFramework,Version=v4.6.1, .NETFramework,Version=v4.6.2, .NETFramework,Version=v4.7, .NETFramework,Version=v4.7.1, .NETFramework,Version=v4.7.2, .NETFramework,Version=v4.8, .NETFramework,Version=v4.8.1' instead of the project target framework 'net8.0'. This package may not be fully compatible with your project. [C:\Users\ultra\warewolf\Dev\ServerTests.sln]
C:\Users\ultra\warewolf\Dev\Warewolf.Testing\Warewolf.Testing.csproj : warning NU1701: Package 'AeroWizard 2.3.1' was restored using '.NETFramework,Version=v4.6.1, .NETFramework,Version=v4.6.2, .NETFramework,Version=v4.7, .NETFramework,Version=v4.7.1, .NETFramework,Version=v4.7.2, .NETFramework,Version=v4.8, .NETFramework,Version=v4.8.1' instead of the project target framework 'net8.0'. This package may not be fully compatible with your project. [C:\Users\ultra\warewolf\Dev\ServerTests.sln]
C:\Users\ultra\warewolf\Dev\Warewolf.Testing\Warewolf.Testing.csproj : warning NU1701: Package 'GroupControls 1.9.0' was restored using '.NETFramework,Version=v4.6.1, .NETFramework,Version=v4.6.2, .NETFramework,Version=v4.7, .NETFramework,Version=v4.7.1, .NETFramework,Version=v4.7.2, .NETFramework,Version=v4.8, .NETFramework,Version=v4.8.1' instead of the project target framework 'net8.0'. This package may not be fully compatible with your project. [C:\Users\ultra\warewolf\Dev\ServerTests.sln]
C:\Users\ultra\warewolf\Dev\Warewolf.Driver.Serilog.Tests\Warewolf.Driver.Serilog.Tests.csproj : warning NU1701: Package 'AeroWizard 2.3.1' was restored using '.NETFramework,Version=v4.6.1, .NETFramework,Version=v4.6.2, .NETFramework,Version=v4.7, .NETFramework,Version=v4.7.1, .NETFramework,Version=v4.7.2, .NETFramework,Version=v4.8, .NETFramework,Version=v4.8.1' instead of the project target framework 'net8.0'. This package may not be fully compatible with your project. [C:\Users\ultra\warewolf\Dev\ServerTests.sln]
C:\Users\ultra\warewolf\Dev\Warewolf.Testing\Warewolf.Testing.csproj : warning NU1701: Package 'Microsoft.Xaml.Behaviors.Wpf 1.1.122' was restored using '.NETFramework,Version=v4.6.1, .NETFramework,Version=v4.6.2, .NETFramework,Version=v4.7, .NETFramework,Version=v4.7.1, .NETFramework,Version=v4.7.2, .NETFramework,Version=v4.8, .NETFramework,Version=v4.8.1' instead of the project target framework 'net8.0'. This package may not be fully compatible with your project. [C:\Users\ultra\warewolf\Dev\ServerTests.sln]
C:\Users\ultra\warewolf\Dev\Warewolf.Testing\Warewolf.Testing.csproj : warning NU1701: Package 'Prism.Wpf 9.0.537' was restored using '.NETFramework,Version=v4.6.1, .NETFramework,Version=v4.6.2, .NETFramework,Version=v4.7, .NETFramework,Version=v4.7.1, .NETFramework,Version=v4.7.2, .NETFramework,Version=v4.8, .NETFramework,Version=v4.8.1' instead of the project target framework 'net8.0'. This package may not be fully compatible with your project. [C:\Users\ultra\warewolf\Dev\ServerTests.sln]
C:\Users\ultra\warewolf\Dev\Warewolf.Testing\Warewolf.Testing.csproj : warning NU1701: Package 'ReactiveUI.WPF 18.4.1' was restored using '.NETFramework,Version=v4.6.1, .NETFramework,Version=v4.6.2, .NETFramework,Version=v4.7, .NETFramework,Version=v4.7.1, .NETFramework,Version=v4.7.2, .NETFramework,Version=v4.8, .NETFramework,Version=v4.8.1' instead of the project target framework 'net8.0'. This package may not be fully compatible with your project. [C:\Users\ultra\warewolf\Dev\ServerTests.sln]
C:\Users\ultra\warewolf\Dev\Warewolf.Testing\Warewolf.Testing.csproj : warning NU1701: Package 'TaskSchedulerEditor 2.10.1' was restored using '.NETFramework,Version=v4.6.1, .NETFramework,Version=v4.6.2, .NETFramework,Version=v4.7, .NETFramework,Version=v4.7.1, .NETFramework,Version=v4.7.2, .NETFramework,Version=v4.8, .NETFramework,Version=v4.8.1' instead of the project target framework 'net8.0'. This package may not be fully compatible with your project. [C:\Users\ultra\warewolf\Dev\ServerTests.sln]
C:\Users\ultra\warewolf\Dev\Warewolf.Driver.Serilog.Tests\Warewolf.Driver.Serilog.Tests.csproj : warning NU1701: Package 'GroupControls 1.9.0' was restored using '.NETFramework,Version=v4.6.1, .NETFramework,Version=v4.6.2, .NETFramework,Version=v4.7, .NETFramework,Version=v4.7.1, .NETFramework,Version=v4.7.2, .NETFramework,Version=v4.8, .NETFramework,Version=v4.8.1' instead of the project target framework 'net8.0'. This package may not be fully compatible with your project. [C:\Users\ultra\warewolf\Dev\ServerTests.sln]
C:\Users\ultra\warewolf\Dev\Warewolf.Driver.Serilog.Tests\Warewolf.Driver.Serilog.Tests.csproj : warning NU1701: Package 'Microsoft.Xaml.Behaviors.Wpf 1.1.122' was restored using '.NETFramework,Version=v4.6.1, .NETFramework,Version=v4.6.2, .NETFramework,Version=v4.7, .NETFramework,Version=v4.7.1, .NETFramework,Version=v4.7.2, .NETFramework,Version=v4.8, .NETFramework,Version=v4.8.1' instead of the project target framework 'net8.0'. This package may not be fully compatible with your project. [C:\Users\ultra\warewolf\Dev\ServerTests.sln]
C:\Users\ultra\warewolf\Dev\Warewolf.Driver.Serilog.Tests\Warewolf.Driver.Serilog.Tests.csproj : warning NU1701: Package 'Prism.Wpf 9.0.537' was restored using '.NETFramework,Version=v4.6.1, .NETFramework,Version=v4.6.2, .NETFramework,Version=v4.7, .NETFramework,Version=v4.7.1, .NETFramework,Version=v4.7.2, .NETFramework,Version=v4.8, .NETFramework,Version=v4.8.1' instead of the project target framework 'net8.0'. This package may not be fully compatible with your project. [C:\Users\ultra\warewolf\Dev\ServerTests.sln]
C:\Users\ultra\warewolf\Dev\Warewolf.Driver.Serilog.Tests\Warewolf.Driver.Serilog.Tests.csproj : warning NU1701: Package 'ReactiveUI.WPF 18.4.1' was restored using '.NETFramework,Version=v4.6.1, .NETFramework,Version=v4.6.2, .NETFramework,Version=v4.7, .NETFramework,Version=v4.7.1, .NETFramework,Version=v4.7.2, .NETFramework,Version=v4.8, .NETFramework,Version=v4.8.1' instead of the project target framework 'net8.0'. This package may not be fully compatible with your project. [C:\Users\ultra\warewolf\Dev\ServerTests.sln]
C:\Users\ultra\warewolf\Dev\Warewolf.Driver.Serilog.Tests\Warewolf.Driver.Serilog.Tests.csproj : warning NU1701: Package 'TaskSchedulerEditor 2.10.1' was restored using '.NETFramework,Version=v4.6.1, .NETFramework,Version=v4.6.2, .NETFramework,Version=v4.7, .NETFramework,Version=v4.7.1, .NETFramework,Version=v4.7.2, .NETFramework,Version=v4.8, .NETFramework,Version=v4.8.1' instead of the project target framework 'net8.0'. This package may not be fully compatible with your project. [C:\Users\ultra\warewolf\Dev\ServerTests.sln]
  Restored C:\Users\ultra\warewolf\Dev\Warewolf.TestingDotnetDllCascading\Warewolf.TestingDotnetDllCascading.csproj (in 47 ms).
C:\Users\ultra\warewolf\Dev\Dev2.Runtime.Tests\Dev2.Runtime.Tests.csproj : warning NU1701: Package 'AeroWizard 2.3.1' was restored using '.NETFramework,Version=v4.6.1, .NETFramework,Version=v4.6.2, .NETFramework,Version=v4.7, .NETFramework,Version=v4.7.1, .NETFramework,Version=v4.7.2, .NETFramework,Version=v4.8, .NETFramework,Version=v4.8.1' instead of the project target framework 'net8.0'. This package may not be fully compatible with your project. [C:\Users\ultra\warewolf\Dev\ServerTests.sln]
C:\Users\ultra\warewolf\Dev\Dev2.Runtime.Tests\Dev2.Runtime.Tests.csproj : warning NU1701: Package 'AvalonEdit 6.3.0.90' was restored using '.NETFramework,Version=v4.6.1, .NETFramework,Version=v4.6.2, .NETFramework,Version=v4.7, .NETFramework,Version=v4.7.1, .NETFramework,Version=v4.7.2, .NETFramework,Version=v4.8, .NETFramework,Version=v4.8.1' instead of the project target framework 'net8.0'. This package may not be fully compatible with your project. [C:\Users\ultra\warewolf\Dev\ServerTests.sln]
C:\Users\ultra\warewolf\Dev\Dev2.Runtime.Tests\Dev2.Runtime.Tests.csproj : warning NU1701: Package 'CommonServiceLocator 1.2.0' was restored using '.NETFramework,Version=v4.6.1, .NETFramework,Version=v4.6.2, .NETFramework,Version=v4.7, .NETFramework,Version=v4.7.1, .NETFramework,Version=v4.7.2, .NETFramework,Version=v4.8, .NETFramework,Version=v4.8.1' instead of the project target framework 'net8.0'. This package may not be fully compatible with your project. [C:\Users\ultra\warewolf\Dev\ServerTests.sln]
C:\Users\ultra\warewolf\Dev\Dev2.Runtime.Tests\Dev2.Runtime.Tests.csproj : warning NU1701: Package 'FontAwesome.WPF 4.7.0.9' was restored using '.NETFramework,Version=v4.6.1, .NETFramework,Version=v4.6.2, .NETFramework,Version=v4.7, .NETFramework,Version=v4.7.1, .NETFramework,Version=v4.7.2, .NETFramework,Version=v4.8, .NETFramework,Version=v4.8.1' instead of the project target framework 'net8.0'. This package may not be fully compatible with your project. [C:\Users\ultra\warewolf\Dev\ServerTests.sln]
C:\Users\ultra\warewolf\Dev\Dev2.Runtime.Tests\Dev2.Runtime.Tests.csproj : warning NU1701: Package 'GroupControls 1.9.0' was restored using '.NETFramework,Version=v4.6.1, .NETFramework,Version=v4.6.2, .NETFramework,Version=v4.7, .NETFramework,Version=v4.7.1, .NETFramework,Version=v4.7.2, .NETFramework,Version=v4.8, .NETFramework,Version=v4.8.1' instead of the project target framework 'net8.0'. This package may not be fully compatible with your project. [C:\Users\ultra\warewolf\Dev\ServerTests.sln]
C:\Users\ultra\warewolf\Dev\Dev2.Runtime.Tests\Dev2.Runtime.Tests.csproj : warning NU1701: Package 'Log4Net.Async 2.0.4' was restored using '.NETFramework,Version=v4.6.1, .NETFramework,Version=v4.6.2, .NETFramework,Version=v4.7, .NETFramework,Version=v4.7.1, .NETFramework,Version=v4.7.2, .NETFramework,Version=v4.8, .NETFramework,Version=v4.8.1' instead of the project target framework 'net8.0'. This package may not be fully compatible with your project. [C:\Users\ultra\warewolf\Dev\ServerTests.sln]
  Restored C:\Users\ultra\warewolf\Dev\Dev2.Runtime.WebServer.Tests\Dev2.Runtime.WebServer.Tests.csproj (in 167 ms).
C:\Users\ultra\warewolf\Dev\Dev2.Runtime.Tests\Dev2.Runtime.Tests.csproj : warning NU1701: Package 'Microsoft.Xaml.Behaviors.Wpf 1.1.122' was restored using '.NETFramework,Version=v4.6.1, .NETFramework,Version=v4.6.2, .NETFramework,Version=v4.7, .NETFramework,Version=v4.7.1, .NETFramework,Version=v4.7.2, .NETFramework,Version=v4.8, .NETFramework,Version=v4.8.1' instead of the project target framework 'net8.0'. This package may not be fully compatible with your project. [C:\Users\ultra\warewolf\Dev\ServerTests.sln]
C:\Users\ultra\warewolf\Dev\Dev2.Runtime.Tests\Dev2.Runtime.Tests.csproj : warning NU1701: Package 'Prism.Composition 5.0.0' was restored using '.NETFramework,Version=v4.6.1, .NETFramework,Version=v4.6.2, .NETFramework,Version=v4.7, .NETFramework,Version=v4.7.1, .NETFramework,Version=v4.7.2, .NETFramework,Version=v4.8, .NETFramework,Version=v4.8.1' instead of the project target framework 'net8.0'. This package may not be fully compatible with your project. [C:\Users\ultra\warewolf\Dev\ServerTests.sln]
C:\Users\ultra\warewolf\Dev\Dev2.Runtime.Tests\Dev2.Runtime.Tests.csproj : warning NU1701: Package 'Prism.Interactivity 5.0.0' was restored using '.NETFramework,Version=v4.6.1, .NETFramework,Version=v4.6.2, .NETFramework,Version=v4.7, .NETFramework,Version=v4.7.1, .NETFramework,Version=v4.7.2, .NETFramework,Version=v4.8, .NETFramework,Version=v4.8.1' instead of the project target framework 'net8.0'. This package may not be fully compatible with your project. [C:\Users\ultra\warewolf\Dev\ServerTests.sln]
C:\Users\ultra\warewolf\Dev\Dev2.Runtime.Tests\Dev2.Runtime.Tests.csproj : warning NU1701: Package 'Prism.Mvvm 1.0.0' was restored using '.NETFramework,Version=v4.6.1, .NETFramework,Version=v4.6.2, .NETFramework,Version=v4.7, .NETFramework,Version=v4.7.1, .NETFramework,Version=v4.7.2, .NETFramework,Version=v4.8, .NETFramework,Version=v4.8.1' instead of the project target framework 'net8.0'. This package may not be fully compatible with your project. [C:\Users\ultra\warewolf\Dev\ServerTests.sln]
C:\Users\ultra\warewolf\Dev\Dev2.Runtime.Tests\Dev2.Runtime.Tests.csproj : warning NU1701: Package 'Prism.PubSubEvents 1.0.0' was restored using '.NETFramework,Version=v4.6.1, .NETFramework,Version=v4.6.2, .NETFramework,Version=v4.7, .NETFramework,Version=v4.7.1, .NETFramework,Version=v4.7.2, .NETFramework,Version=v4.8, .NETFramework,Version=v4.8.1' instead of the project target framework 'net8.0'. This package may not be fully compatible with your project. [C:\Users\ultra\warewolf\Dev\ServerTests.sln]
C:\Users\ultra\warewolf\Dev\Dev2.Runtime.Tests\Dev2.Runtime.Tests.csproj : warning NU1701: Package 'Prism.UnityExtensions 5.0.1' was restored using '.NETFramework,Version=v4.6.1, .NETFramework,Version=v4.6.2, .NETFramework,Version=v4.7, .NETFramework,Version=v4.7.1, .NETFramework,Version=v4.7.2, .NETFramework,Version=v4.8, .NETFramework,Version=v4.8.1' instead of the project target framework 'net8.0'. This package may not be fully compatible with your project. [C:\Users\ultra\warewolf\Dev\ServerTests.sln]
C:\Users\ultra\warewolf\Dev\Dev2.Runtime.Tests\Dev2.Runtime.Tests.csproj : warning NU1701: Package 'Prism.Wpf 9.0.537' was restored using '.NETFramework,Version=v4.6.1, .NETFramework,Version=v4.6.2, .NETFramework,Version=v4.7, .NETFramework,Version=v4.7.1, .NETFramework,Version=v4.7.2, .NETFramework,Version=v4.8, .NETFramework,Version=v4.8.1' instead of the project target framework 'net8.0'. This package may not be fully compatible with your project. [C:\Users\ultra\warewolf\Dev\ServerTests.sln]
C:\Users\ultra\warewolf\Dev\Dev2.Runtime.Tests\Dev2.Runtime.Tests.csproj : warning NU1701: Package 'ReactiveUI.WPF 18.4.1' was restored using '.NETFramework,Version=v4.6.1, .NETFramework,Version=v4.6.2, .NETFramework,Version=v4.7, .NETFramework,Version=v4.7.1, .NETFramework,Version=v4.7.2, .NETFramework,Version=v4.8, .NETFramework,Version=v4.8.1' instead of the project target framework 'net8.0'. This package may not be fully compatible with your project. [C:\Users\ultra\warewolf\Dev\ServerTests.sln]
C:\Users\ultra\warewolf\Dev\Dev2.Runtime.Tests\Dev2.Runtime.Tests.csproj : warning NU1701: Package 'TaskSchedulerEditor 2.10.1' was restored using '.NETFramework,Version=v4.6.1, .NETFramework,Version=v4.6.2, .NETFramework,Version=v4.7, .NETFramework,Version=v4.7.1, .NETFramework,Version=v4.7.2, .NETFramework,Version=v4.8, .NETFramework,Version=v4.8.1' instead of the project target framework 'net8.0'. This package may not be fully compatible with your project. [C:\Users\ultra\warewolf\Dev\ServerTests.sln]
C:\Users\ultra\warewolf\Dev\Dev2.Runtime.Tests\Dev2.Runtime.Tests.csproj : warning NU1701: Package 'Unofficial.Microsoft.mshtml 7.0.3300' was restored using '.NETFramework,Version=v4.6.1, .NETFramework,Version=v4.6.2, .NETFramework,Version=v4.7, .NETFramework,Version=v4.7.1, .NETFramework,Version=v4.7.2, .NETFramework,Version=v4.8, .NETFramework,Version=v4.8.1' instead of the project target framework 'net8.0'. This package may not be fully compatible with your project. [C:\Users\ultra\warewolf\Dev\ServerTests.sln]
  Restored C:\Users\ultra\warewolf\Dev\Dev2.Runtime.Services\Dev2.Runtime.Services.csproj (in 125 ms).
  Restored C:\Users\ultra\warewolf\Dev\Dev2.Runtime\Dev2.Runtime.csproj (in 142 ms).
  Restored C:\Users\ultra\warewolf\Dev\Warewolf.Trigger.Queue\Warewolf.Trigger.Queue.csproj (in 106 ms).
  Restored C:\Users\ultra\warewolf\Dev\Dev2.Intellisense\Dev2.Intellisense.csproj (in 132 ms).
  Restored C:\Users\ultra\warewolf\Dev\Dev2.UnitTestUtils\Dev2.UnitTestUtils.csproj (in 3 ms).
  Restored C:\Users\ultra\warewolf\Dev\Dev2.Runtime.WebServer\Dev2.Runtime.WebServer.csproj (in 160 ms).
  Restored C:\Users\ultra\warewolf\Dev\Dev2.SignalR.Wrappers\Dev2.SignalR.Wrappers.Interfaces.csproj (in 12 ms).
  Restored C:\Users\ultra\warewolf\Dev\Warewolf.Driver.Serilog.Tests\Warewolf.Driver.Serilog.Tests.csproj (in 193 ms).
C:\Users\ultra\warewolf\Dev\Dev2.TaskScheduler.Wrappers\Dev2.TaskScheduler.Wrappers.csproj : warning NU1701: Package 'AeroWizard 2.3.1' was restored using '.NETFramework,Version=v4.6.1, .NETFramework,Version=v4.6.2, .NETFramework,Version=v4.7, .NETFramework,Version=v4.7.1, .NETFramework,Version=v4.7.2, .NETFramework,Version=v4.8, .NETFramework,Version=v4.8.1' instead of the project target framework 'net8.0'. This package may not be fully compatible with your project. [C:\Users\ultra\warewolf\Dev\ServerTests.sln]
C:\Users\ultra\warewolf\Dev\Dev2.TaskScheduler.Wrappers\Dev2.TaskScheduler.Wrappers.csproj : warning NU1701: Package 'GroupControls 1.9.0' was restored using '.NETFramework,Version=v4.6.1, .NETFramework,Version=v4.6.2, .NETFramework,Version=v4.7, .NETFramework,Version=v4.7.1, .NETFramework,Version=v4.7.2, .NETFramework,Version=v4.8, .NETFramework,Version=v4.8.1' instead of the project target framework 'net8.0'. This package may not be fully compatible with your project. [C:\Users\ultra\warewolf\Dev\ServerTests.sln]
C:\Users\ultra\warewolf\Dev\Dev2.TaskScheduler.Wrappers\Dev2.TaskScheduler.Wrappers.csproj : warning NU1701: Package 'TaskSchedulerEditor 2.10.1' was restored using '.NETFramework,Version=v4.6.1, .NETFramework,Version=v4.6.2, .NETFramework,Version=v4.7, .NETFramework,Version=v4.7.1, .NETFramework,Version=v4.7.2, .NETFramework,Version=v4.8, .NETFramework,Version=v4.8.1' instead of the project target framework 'net8.0'. This package may not be fully compatible with your project. [C:\Users\ultra\warewolf\Dev\ServerTests.sln]
C:\Users\ultra\warewolf\Dev\Dev2.Utils.Tests\Dev2.Utils.Tests.csproj : warning NU1701: Package 'AeroWizard 2.3.1' was restored using '.NETFramework,Version=v4.6.1, .NETFramework,Version=v4.6.2, .NETFramework,Version=v4.7, .NETFramework,Version=v4.7.1, .NETFramework,Version=v4.7.2, .NETFramework,Version=v4.8, .NETFramework,Version=v4.8.1' instead of the project target framework 'net8.0'. This package may not be fully compatible with your project. [C:\Users\ultra\warewolf\Dev\ServerTests.sln]
C:\Users\ultra\warewolf\Dev\Dev2.Utils.Tests\Dev2.Utils.Tests.csproj : warning NU1701: Package 'GroupControls 1.9.0' was restored using '.NETFramework,Version=v4.6.1, .NETFramework,Version=v4.6.2, .NETFramework,Version=v4.7, .NETFramework,Version=v4.7.1, .NETFramework,Version=v4.7.2, .NETFramework,Version=v4.8, .NETFramework,Version=v4.8.1' instead of the project target framework 'net8.0'. This package may not be fully compatible with your project. [C:\Users\ultra\warewolf\Dev\ServerTests.sln]
C:\Users\ultra\warewolf\Dev\Dev2.Utils.Tests\Dev2.Utils.Tests.csproj : warning NU1701: Package 'ReactiveUI.WPF 18.4.1' was restored using '.NETFramework,Version=v4.6.1, .NETFramework,Version=v4.6.2, .NETFramework,Version=v4.7, .NETFramework,Version=v4.7.1, .NETFramework,Version=v4.7.2, .NETFramework,Version=v4.8, .NETFramework,Version=v4.8.1' instead of the project target framework 'net8.0'. This package may not be fully compatible with your project. [C:\Users\ultra\warewolf\Dev\ServerTests.sln]
C:\Users\ultra\warewolf\Dev\Dev2.Utils.Tests\Dev2.Utils.Tests.csproj : warning NU1701: Package 'TaskSchedulerEditor 2.10.1' was restored using '.NETFramework,Version=v4.6.1, .NETFramework,Version=v4.6.2, .NETFramework,Version=v4.7, .NETFramework,Version=v4.7.1, .NETFramework,Version=v4.7.2, .NETFramework,Version=v4.8, .NETFramework,Version=v4.8.1' instead of the project target framework 'net8.0'. This package may not be fully compatible with your project. [C:\Users\ultra\warewolf\Dev\ServerTests.sln]
  Restored C:\Users\ultra\warewolf\Dev\Warewolf.Testing\Warewolf.Testing.csproj (in 94 ms).
  Restored C:\Users\ultra\warewolf\Dev\Dev2.Runtime.Tests\Dev2.Runtime.Tests.csproj (in 221 ms).
  Restored C:\Users\ultra\warewolf\Dev\Dev2.Utils.Tests\Dev2.Utils.Tests.csproj (in 57 ms).
C:\Users\ultra\warewolf\Dev\Warewolf.Trigger.Queue.Tests\Warewolf.Trigger.Queue.Tests.csproj : warning NU1701: Package 'AeroWizard 2.3.1' was restored using '.NETFramework,Version=v4.6.1, .NETFramework,Version=v4.6.2, .NETFramework,Version=v4.7, .NETFramework,Version=v4.7.1, .NETFramework,Version=v4.7.2, .NETFramework,Version=v4.8, .NETFramework,Version=v4.8.1' instead of the project target framework 'net8.0'. This package may not be fully compatible with your project. [C:\Users\ultra\warewolf\Dev\ServerTests.sln]
C:\Users\ultra\warewolf\Dev\Warewolf.Trigger.Queue.Tests\Warewolf.Trigger.Queue.Tests.csproj : warning NU1701: Package 'AvalonEdit 6.3.0.90' was restored using '.NETFramework,Version=v4.6.1, .NETFramework,Version=v4.6.2, .NETFramework,Version=v4.7, .NETFramework,Version=v4.7.1, .NETFramework,Version=v4.7.2, .NETFramework,Version=v4.8, .NETFramework,Version=v4.8.1' instead of the project target framework 'net8.0'. This package may not be fully compatible with your project. [C:\Users\ultra\warewolf\Dev\ServerTests.sln]
C:\Users\ultra\warewolf\Dev\Warewolf.Trigger.Queue.Tests\Warewolf.Trigger.Queue.Tests.csproj : warning NU1701: Package 'CommonServiceLocator 1.2.0' was restored using '.NETFramework,Version=v4.6.1, .NETFramework,Version=v4.6.2, .NETFramework,Version=v4.7, .NETFramework,Version=v4.7.1, .NETFramework,Version=v4.7.2, .NETFramework,Version=v4.8, .NETFramework,Version=v4.8.1' instead of the project target framework 'net8.0'. This package may not be fully compatible with your project. [C:\Users\ultra\warewolf\Dev\ServerTests.sln]
C:\Users\ultra\warewolf\Dev\Warewolf.Trigger.Queue.Tests\Warewolf.Trigger.Queue.Tests.csproj : warning NU1701: Package 'FontAwesome.WPF 4.7.0.9' was restored using '.NETFramework,Version=v4.6.1, .NETFramework,Version=v4.6.2, .NETFramework,Version=v4.7, .NETFramework,Version=v4.7.1, .NETFramework,Version=v4.7.2, .NETFramework,Version=v4.8, .NETFramework,Version=v4.8.1' instead of the project target framework 'net8.0'. This package may not be fully compatible with your project. [C:\Users\ultra\warewolf\Dev\ServerTests.sln]
C:\Users\ultra\warewolf\Dev\Warewolf.Trigger.Queue.Tests\Warewolf.Trigger.Queue.Tests.csproj : warning NU1701: Package 'GroupControls 1.9.0' was restored using '.NETFramework,Version=v4.6.1, .NETFramework,Version=v4.6.2, .NETFramework,Version=v4.7, .NETFramework,Version=v4.7.1, .NETFramework,Version=v4.7.2, .NETFramework,Version=v4.8, .NETFramework,Version=v4.8.1' instead of the project target framework 'net8.0'. This package may not be fully compatible with your project. [C:\Users\ultra\warewolf\Dev\ServerTests.sln]
C:\Users\ultra\warewolf\Dev\Warewolf.Trigger.Queue.Tests\Warewolf.Trigger.Queue.Tests.csproj : warning NU1701: Package 'Log4Net.Async 2.0.4' was restored using '.NETFramework,Version=v4.6.1, .NETFramework,Version=v4.6.2, .NETFramework,Version=v4.7, .NETFramework,Version=v4.7.1, .NETFramework,Version=v4.7.2, .NETFramework,Version=v4.8, .NETFramework,Version=v4.8.1' instead of the project target framework 'net8.0'. This package may not be fully compatible with your project. [C:\Users\ultra\warewolf\Dev\ServerTests.sln]
C:\Users\ultra\warewolf\Dev\Warewolf.Trigger.Queue.Tests\Warewolf.Trigger.Queue.Tests.csproj : warning NU1701: Package 'Microsoft.Xaml.Behaviors.Wpf 1.1.122' was restored using '.NETFramework,Version=v4.6.1, .NETFramework,Version=v4.6.2, .NETFramework,Version=v4.7, .NETFramework,Version=v4.7.1, .NETFramework,Version=v4.7.2, .NETFramework,Version=v4.8, .NETFramework,Version=v4.8.1' instead of the project target framework 'net8.0'. This package may not be fully compatible with your project. [C:\Users\ultra\warewolf\Dev\ServerTests.sln]
C:\Users\ultra\warewolf\Dev\Warewolf.Trigger.Queue.Tests\Warewolf.Trigger.Queue.Tests.csproj : warning NU1701: Package 'Prism.Composition 5.0.0' was restored using '.NETFramework,Version=v4.6.1, .NETFramework,Version=v4.6.2, .NETFramework,Version=v4.7, .NETFramework,Version=v4.7.1, .NETFramework,Version=v4.7.2, .NETFramework,Version=v4.8, .NETFramework,Version=v4.8.1' instead of the project target framework 'net8.0'. This package may not be fully compatible with your project. [C:\Users\ultra\warewolf\Dev\ServerTests.sln]
C:\Users\ultra\warewolf\Dev\Warewolf.Trigger.Queue.Tests\Warewolf.Trigger.Queue.Tests.csproj : warning NU1701: Package 'Prism.Interactivity 5.0.0' was restored using '.NETFramework,Version=v4.6.1, .NETFramework,Version=v4.6.2, .NETFramework,Version=v4.7, .NETFramework,Version=v4.7.1, .NETFramework,Version=v4.7.2, .NETFramework,Version=v4.8, .NETFramework,Version=v4.8.1' instead of the project target framework 'net8.0'. This package may not be fully compatible with your project. [C:\Users\ultra\warewolf\Dev\ServerTests.sln]
C:\Users\ultra\warewolf\Dev\Warewolf.Trigger.Queue.Tests\Warewolf.Trigger.Queue.Tests.csproj : warning NU1701: Package 'Prism.Mvvm 1.0.0' was restored using '.NETFramework,Version=v4.6.1, .NETFramework,Version=v4.6.2, .NETFramework,Version=v4.7, .NETFramework,Version=v4.7.1, .NETFramework,Version=v4.7.2, .NETFramework,Version=v4.8, .NETFramework,Version=v4.8.1' instead of the project target framework 'net8.0'. This package may not be fully compatible with your project. [C:\Users\ultra\warewolf\Dev\ServerTests.sln]
C:\Users\ultra\warewolf\Dev\Warewolf.Trigger.Queue.Tests\Warewolf.Trigger.Queue.Tests.csproj : warning NU1701: Package 'Prism.PubSubEvents 1.0.0' was restored using '.NETFramework,Version=v4.6.1, .NETFramework,Version=v4.6.2, .NETFramework,Version=v4.7, .NETFramework,Version=v4.7.1, .NETFramework,Version=v4.7.2, .NETFramework,Version=v4.8, .NETFramework,Version=v4.8.1' instead of the project target framework 'net8.0'. This package may not be fully compatible with your project. [C:\Users\ultra\warewolf\Dev\ServerTests.sln]
C:\Users\ultra\warewolf\Dev\Warewolf.Trigger.Queue.Tests\Warewolf.Trigger.Queue.Tests.csproj : warning NU1701: Package 'Prism.UnityExtensions 5.0.1' was restored using '.NETFramework,Version=v4.6.1, .NETFramework,Version=v4.6.2, .NETFramework,Version=v4.7, .NETFramework,Version=v4.7.1, .NETFramework,Version=v4.7.2, .NETFramework,Version=v4.8, .NETFramework,Version=v4.8.1' instead of the project target framework 'net8.0'. This package may not be fully compatible with your project. [C:\Users\ultra\warewolf\Dev\ServerTests.sln]
C:\Users\ultra\warewolf\Dev\Warewolf.Trigger.Queue.Tests\Warewolf.Trigger.Queue.Tests.csproj : warning NU1701: Package 'Prism.Wpf 9.0.537' was restored using '.NETFramework,Version=v4.6.1, .NETFramework,Version=v4.6.2, .NETFramework,Version=v4.7, .NETFramework,Version=v4.7.1, .NETFramework,Version=v4.7.2, .NETFramework,Version=v4.8, .NETFramework,Version=v4.8.1' instead of the project target framework 'net8.0'. This package may not be fully compatible with your project. [C:\Users\ultra\warewolf\Dev\ServerTests.sln]
C:\Users\ultra\warewolf\Dev\Warewolf.Trigger.Queue.Tests\Warewolf.Trigger.Queue.Tests.csproj : warning NU1701: Package 'ReactiveUI.WPF 18.4.1' was restored using '.NETFramework,Version=v4.6.1, .NETFramework,Version=v4.6.2, .NETFramework,Version=v4.7, .NETFramework,Version=v4.7.1, .NETFramework,Version=v4.7.2, .NETFramework,Version=v4.8, .NETFramework,Version=v4.8.1' instead of the project target framework 'net8.0'. This package may not be fully compatible with your project. [C:\Users\ultra\warewolf\Dev\ServerTests.sln]
C:\Users\ultra\warewolf\Dev\Dev2.Services.Sql\Dev2.Services.Sql.csproj : warning NU1903: Package 'Oracle.ManagedDataAccess.Core' 3.21.70 has a known high severity vulnerability, https://github.com/advisories/GHSA-5pm2-9mr2-3frq [C:\Users\ultra\warewolf\Dev\ServerTests.sln]
C:\Users\ultra\warewolf\Dev\Dev2.SignalR.Wrappers.New\Dev2.SignalR.Wrappers.New.csproj : warning NU1701: Package 'AeroWizard 2.3.1' was restored using '.NETFramework,Version=v4.6.1, .NETFramework,Version=v4.6.2, .NETFramework,Version=v4.7, .NETFramework,Version=v4.7.1, .NETFramework,Version=v4.7.2, .NETFramework,Version=v4.8, .NETFramework,Version=v4.8.1' instead of the project target framework 'net8.0'. This package may not be fully compatible with your project. [C:\Users\ultra\warewolf\Dev\ServerTests.sln]
C:\Users\ultra\warewolf\Dev\Dev2.SignalR.Wrappers.New\Dev2.SignalR.Wrappers.New.csproj : warning NU1701: Package 'GroupControls 1.9.0' was restored using '.NETFramework,Version=v4.6.1, .NETFramework,Version=v4.6.2, .NETFramework,Version=v4.7, .NETFramework,Version=v4.7.1, .NETFramework,Version=v4.7.2, .NETFramework,Version=v4.8, .NETFramework,Version=v4.8.1' instead of the project target framework 'net8.0'. This package may not be fully compatible with your project. [C:\Users\ultra\warewolf\Dev\ServerTests.sln]
C:\Users\ultra\warewolf\Dev\Warewolf.Trigger.Queue.Tests\Warewolf.Trigger.Queue.Tests.csproj : warning NU1701: Package 'TaskSchedulerEditor 2.10.1' was restored using '.NETFramework,Version=v4.6.1, .NETFramework,Version=v4.6.2, .NETFramework,Version=v4.7, .NETFramework,Version=v4.7.1, .NETFramework,Version=v4.7.2, .NETFramework,Version=v4.8, .NETFramework,Version=v4.8.1' instead of the project target framework 'net8.0'. This package may not be fully compatible with your project. [C:\Users\ultra\warewolf\Dev\ServerTests.sln]
C:\Users\ultra\warewolf\Dev\Warewolf.Trigger.Queue.Tests\Warewolf.Trigger.Queue.Tests.csproj : warning NU1701: Package 'Unofficial.Microsoft.mshtml 7.0.3300' was restored using '.NETFramework,Version=v4.6.1, .NETFramework,Version=v4.6.2, .NETFramework,Version=v4.7, .NETFramework,Version=v4.7.1, .NETFramework,Version=v4.7.2, .NETFramework,Version=v4.8, .NETFramework,Version=v4.8.1' instead of the project target framework 'net8.0'. This package may not be fully compatible with your project. [C:\Users\ultra\warewolf\Dev\ServerTests.sln]
C:\Users\ultra\warewolf\Dev\Warewolf.Tools.Specs\Warewolf.Tools.Specs.csproj : warning NU1701: Package 'AeroWizard 2.3.1' was restored using '.NETFramework,Version=v4.6.1, .NETFramework,Version=v4.6.2, .NETFramework,Version=v4.7, .NETFramework,Version=v4.7.1, .NETFramework,Version=v4.7.2, .NETFramework,Version=v4.8, .NETFramework,Version=v4.8.1' instead of the project target framework 'net8.0'. This package may not be fully compatible with your project. [C:\Users\ultra\warewolf\Dev\ServerTests.sln]
C:\Users\ultra\warewolf\Dev\Warewolf.Tools.Specs\Warewolf.Tools.Specs.csproj : warning NU1701: Package 'AvalonEdit 6.3.0.90' was restored using '.NETFramework,Version=v4.6.1, .NETFramework,Version=v4.6.2, .NETFramework,Version=v4.7, .NETFramework,Version=v4.7.1, .NETFramework,Version=v4.7.2, .NETFramework,Version=v4.8, .NETFramework,Version=v4.8.1' instead of the project target framework 'net8.0'. This package may not be fully compatible with your project. [C:\Users\ultra\warewolf\Dev\ServerTests.sln]
C:\Users\ultra\warewolf\Dev\Warewolf.Tools.Specs\Warewolf.Tools.Specs.csproj : warning NU1701: Package 'CommonServiceLocator 1.2.0' was restored using '.NETFramework,Version=v4.6.1, .NETFramework,Version=v4.6.2, .NETFramework,Version=v4.7, .NETFramework,Version=v4.7.1, .NETFramework,Version=v4.7.2, .NETFramework,Version=v4.8, .NETFramework,Version=v4.8.1' instead of the project target framework 'net8.0'. This package may not be fully compatible with your project. [C:\Users\ultra\warewolf\Dev\ServerTests.sln]
C:\Users\ultra\warewolf\Dev\Warewolf.Tools.Specs\Warewolf.Tools.Specs.csproj : warning NU1701: Package 'FontAwesome.WPF 4.7.0.9' was restored using '.NETFramework,Version=v4.6.1, .NETFramework,Version=v4.6.2, .NETFramework,Version=v4.7, .NETFramework,Version=v4.7.1, .NETFramework,Version=v4.7.2, .NETFramework,Version=v4.8, .NETFramework,Version=v4.8.1' instead of the project target framework 'net8.0'. This package may not be fully compatible with your project. [C:\Users\ultra\warewolf\Dev\ServerTests.sln]
C:\Users\ultra\warewolf\Dev\Warewolf.Tools.Specs\Warewolf.Tools.Specs.csproj : warning NU1701: Package 'GroupControls 1.9.0' was restored using '.NETFramework,Version=v4.6.1, .NETFramework,Version=v4.6.2, .NETFramework,Version=v4.7, .NETFramework,Version=v4.7.1, .NETFramework,Version=v4.7.2, .NETFramework,Version=v4.8, .NETFramework,Version=v4.8.1' instead of the project target framework 'net8.0'. This package may not be fully compatible with your project. [C:\Users\ultra\warewolf\Dev\ServerTests.sln]
C:\Users\ultra\warewolf\Dev\Warewolf.Tools.Specs\Warewolf.Tools.Specs.csproj : warning NU1701: Package 'Log4Net.Async 2.0.4' was restored using '.NETFramework,Version=v4.6.1, .NETFramework,Version=v4.6.2, .NETFramework,Version=v4.7, .NETFramework,Version=v4.7.1, .NETFramework,Version=v4.7.2, .NETFramework,Version=v4.8, .NETFramework,Version=v4.8.1' instead of the project target framework 'net8.0'. This package may not be fully compatible with your project. [C:\Users\ultra\warewolf\Dev\ServerTests.sln]
C:\Users\ultra\warewolf\Dev\Warewolf.Tools.Specs\Warewolf.Tools.Specs.csproj : warning NU1701: Package 'Microsoft.Xaml.Behaviors.Wpf 1.1.122' was restored using '.NETFramework,Version=v4.6.1, .NETFramework,Version=v4.6.2, .NETFramework,Version=v4.7, .NETFramework,Version=v4.7.1, .NETFramework,Version=v4.7.2, .NETFramework,Version=v4.8, .NETFramework,Version=v4.8.1' instead of the project target framework 'net8.0'. This package may not be fully compatible with your project. [C:\Users\ultra\warewolf\Dev\ServerTests.sln]
C:\Users\ultra\warewolf\Dev\Warewolf.Tools.Specs\Warewolf.Tools.Specs.csproj : warning NU1701: Package 'Prism.Composition 5.0.0' was restored using '.NETFramework,Version=v4.6.1, .NETFramework,Version=v4.6.2, .NETFramework,Version=v4.7, .NETFramework,Version=v4.7.1, .NETFramework,Version=v4.7.2, .NETFramework,Version=v4.8, .NETFramework,Version=v4.8.1' instead of the project target framework 'net8.0'. This package may not be fully compatible with your project. [C:\Users\ultra\warewolf\Dev\ServerTests.sln]
C:\Users\ultra\warewolf\Dev\Warewolf.Tools.Specs\Warewolf.Tools.Specs.csproj : warning NU1701: Package 'Prism.Interactivity 5.0.0' was restored using '.NETFramework,Version=v4.6.1, .NETFramework,Version=v4.6.2, .NETFramework,Version=v4.7, .NETFramework,Version=v4.7.1, .NETFramework,Version=v4.7.2, .NETFramework,Version=v4.8, .NETFramework,Version=v4.8.1' instead of the project target framework 'net8.0'. This package may not be fully compatible with your project. [C:\Users\ultra\warewolf\Dev\ServerTests.sln]
C:\Users\ultra\warewolf\Dev\Warewolf.Tools.Specs\Warewolf.Tools.Specs.csproj : warning NU1701: Package 'Prism.Mvvm 1.0.0' was restored using '.NETFramework,Version=v4.6.1, .NETFramework,Version=v4.6.2, .NETFramework,Version=v4.7, .NETFramework,Version=v4.7.1, .NETFramework,Version=v4.7.2, .NETFramework,Version=v4.8, .NETFramework,Version=v4.8.1' instead of the project target framework 'net8.0'. This package may not be fully compatible with your project. [C:\Users\ultra\warewolf\Dev\ServerTests.sln]
C:\Users\ultra\warewolf\Dev\Warewolf.Tools.Specs\Warewolf.Tools.Specs.csproj : warning NU1701: Package 'Prism.PubSubEvents 1.0.0' was restored using '.NETFramework,Version=v4.6.1, .NETFramework,Version=v4.6.2, .NETFramework,Version=v4.7, .NETFramework,Version=v4.7.1, .NETFramework,Version=v4.7.2, .NETFramework,Version=v4.8, .NETFramework,Version=v4.8.1' instead of the project target framework 'net8.0'. This package may not be fully compatible with your project. [C:\Users\ultra\warewolf\Dev\ServerTests.sln]
C:\Users\ultra\warewolf\Dev\Warewolf.Tools.Specs\Warewolf.Tools.Specs.csproj : warning NU1701: Package 'Prism.UnityExtensions 5.0.1' was restored using '.NETFramework,Version=v4.6.1, .NETFramework,Version=v4.6.2, .NETFramework,Version=v4.7, .NETFramework,Version=v4.7.1, .NETFramework,Version=v4.7.2, .NETFramework,Version=v4.8, .NETFramework,Version=v4.8.1' instead of the project target framework 'net8.0'. This package may not be fully compatible with your project. [C:\Users\ultra\warewolf\Dev\ServerTests.sln]
C:\Users\ultra\warewolf\Dev\Warewolf.Tools.Specs\Warewolf.Tools.Specs.csproj : warning NU1701: Package 'Prism.Wpf 9.0.537' was restored using '.NETFramework,Version=v4.6.1, .NETFramework,Version=v4.6.2, .NETFramework,Version=v4.7, .NETFramework,Version=v4.7.1, .NETFramework,Version=v4.7.2, .NETFramework,Version=v4.8, .NETFramework,Version=v4.8.1' instead of the project target framework 'net8.0'. This package may not be fully compatible with your project. [C:\Users\ultra\warewolf\Dev\ServerTests.sln]
C:\Users\ultra\warewolf\Dev\Warewolf.Tools.Specs\Warewolf.Tools.Specs.csproj : warning NU1701: Package 'ReactiveUI.WPF 18.4.1' was restored using '.NETFramework,Version=v4.6.1, .NETFramework,Version=v4.6.2, .NETFramework,Version=v4.7, .NETFramework,Version=v4.7.1, .NETFramework,Version=v4.7.2, .NETFramework,Version=v4.8, .NETFramework,Version=v4.8.1' instead of the project target framework 'net8.0'. This package may not be fully compatible with your project. [C:\Users\ultra\warewolf\Dev\ServerTests.sln]
C:\Users\ultra\warewolf\Dev\Dev2.SignalR.Wrappers.New\Dev2.SignalR.Wrappers.New.csproj : warning NU1701: Package 'ReactiveUI.WPF 18.4.1' was restored using '.NETFramework,Version=v4.6.1, .NETFramework,Version=v4.6.2, .NETFramework,Version=v4.7, .NETFramework,Version=v4.7.1, .NETFramework,Version=v4.7.2, .NETFramework,Version=v4.8, .NETFramework,Version=v4.8.1' instead of the project target framework 'net8.0'. This package may not be fully compatible with your project. [C:\Users\ultra\warewolf\Dev\ServerTests.sln]
C:\Users\ultra\warewolf\Dev\Warewolf.Tools.Specs\Warewolf.Tools.Specs.csproj : warning NU1701: Package 'TaskSchedulerEditor 2.10.1' was restored using '.NETFramework,Version=v4.6.1, .NETFramework,Version=v4.6.2, .NETFramework,Version=v4.7, .NETFramework,Version=v4.7.1, .NETFramework,Version=v4.7.2, .NETFramework,Version=v4.8, .NETFramework,Version=v4.8.1' instead of the project target framework 'net8.0'. This package may not be fully compatible with your project. [C:\Users\ultra\warewolf\Dev\ServerTests.sln]
C:\Users\ultra\warewolf\Dev\Warewolf.Tools.Specs\Warewolf.Tools.Specs.csproj : warning NU1701: Package 'Unofficial.Microsoft.mshtml 7.0.3300' was restored using '.NETFramework,Version=v4.6.1, .NETFramework,Version=v4.6.2, .NETFramework,Version=v4.7, .NETFramework,Version=v4.7.1, .NETFramework,Version=v4.7.2, .NETFramework,Version=v4.8, .NETFramework,Version=v4.8.1' instead of the project target framework 'net8.0'. This package may not be fully compatible with your project. [C:\Users\ultra\warewolf\Dev\ServerTests.sln]
C:\Users\ultra\warewolf\Dev\Dev2.SignalR.Wrappers.New\Dev2.SignalR.Wrappers.New.csproj : warning NU1701: Package 'TaskSchedulerEditor 2.10.1' was restored using '.NETFramework,Version=v4.6.1, .NETFramework,Version=v4.6.2, .NETFramework,Version=v4.7, .NETFramework,Version=v4.7.1, .NETFramework,Version=v4.7.2, .NETFramework,Version=v4.8, .NETFramework,Version=v4.8.1' instead of the project target framework 'net8.0'. This package may not be fully compatible with your project. [C:\Users\ultra\warewolf\Dev\ServerTests.sln]
  Restored C:\Users\ultra\warewolf\Dev\Dev2.TaskScheduler.Wrappers\Dev2.TaskScheduler.Wrappers.csproj (in 39 ms).
C:\Users\ultra\warewolf\Dev\Warewolf.Studio.Views\Warewolf.Studio.Views.csproj : warning NU1701: Package 'AeroWizard 2.3.1' was restored using '.NETFramework,Version=v4.6.1, .NETFramework,Version=v4.6.2, .NETFramework,Version=v4.7, .NETFramework,Version=v4.7.1, .NETFramework,Version=v4.7.2, .NETFramework,Version=v4.8, .NETFramework,Version=v4.8.1' instead of the project target framework 'net8.0'. This package may not be fully compatible with your project. [C:\Users\ultra\warewolf\Dev\ServerTests.sln]
C:\Users\ultra\warewolf\Dev\Warewolf.Studio.Views\Warewolf.Studio.Views.csproj : warning NU1701: Package 'GroupControls 1.9.0' was restored using '.NETFramework,Version=v4.6.1, .NETFramework,Version=v4.6.2, .NETFramework,Version=v4.7, .NETFramework,Version=v4.7.1, .NETFramework,Version=v4.7.2, .NETFramework,Version=v4.8, .NETFramework,Version=v4.8.1' instead of the project target framework 'net8.0'. This package may not be fully compatible with your project. [C:\Users\ultra\warewolf\Dev\ServerTests.sln]
C:\Users\ultra\warewolf\Dev\Warewolf.Studio.Views\Warewolf.Studio.Views.csproj : warning NU1701: Package 'Microsoft.Xaml.Behaviors.Wpf 1.1.122' was restored using '.NETFramework,Version=v4.6.1, .NETFramework,Version=v4.6.2, .NETFramework,Version=v4.7, .NETFramework,Version=v4.7.1, .NETFramework,Version=v4.7.2, .NETFramework,Version=v4.8, .NETFramework,Version=v4.8.1' instead of the project target framework 'net8.0'. This package may not be fully compatible with your project. [C:\Users\ultra\warewolf\Dev\ServerTests.sln]
C:\Users\ultra\warewolf\Dev\Warewolf.Studio.Views\Warewolf.Studio.Views.csproj : warning NU1701: Package 'Prism.Wpf 9.0.537' was restored using '.NETFramework,Version=v4.6.1, .NETFramework,Version=v4.6.2, .NETFramework,Version=v4.7, .NETFramework,Version=v4.7.1, .NETFramework,Version=v4.7.2, .NETFramework,Version=v4.8, .NETFramework,Version=v4.8.1' instead of the project target framework 'net8.0'. This package may not be fully compatible with your project. [C:\Users\ultra\warewolf\Dev\ServerTests.sln]
C:\Users\ultra\warewolf\Dev\Warewolf.Studio.Views\Warewolf.Studio.Views.csproj : warning NU1701: Package 'ReactiveUI.WPF 18.4.1' was restored using '.NETFramework,Version=v4.6.1, .NETFramework,Version=v4.6.2, .NETFramework,Version=v4.7, .NETFramework,Version=v4.7.1, .NETFramework,Version=v4.7.2, .NETFramework,Version=v4.8, .NETFramework,Version=v4.8.1' instead of the project target framework 'net8.0'. This package may not be fully compatible with your project. [C:\Users\ultra\warewolf\Dev\ServerTests.sln]
C:\Users\ultra\warewolf\Dev\Warewolf.Studio.Views\Warewolf.Studio.Views.csproj : warning NU1701: Package 'TaskSchedulerEditor 2.10.1' was restored using '.NETFramework,Version=v4.6.1, .NETFramework,Version=v4.6.2, .NETFramework,Version=v4.7, .NETFramework,Version=v4.7.1, .NETFramework,Version=v4.7.2, .NETFramework,Version=v4.8, .NETFramework,Version=v4.8.1' instead of the project target framework 'net8.0'. This package may not be fully compatible with your project. [C:\Users\ultra\warewolf\Dev\ServerTests.sln]
C:\Users\ultra\warewolf\Dev\Warewolf.Studio.Views\Warewolf.Studio.Views.csproj : warning NU1701: Package 'Unofficial.Microsoft.mshtml 7.0.3300' was restored using '.NETFramework,Version=v4.6.1, .NETFramework,Version=v4.6.2, .NETFramework,Version=v4.7, .NETFramework,Version=v4.7.1, .NETFramework,Version=v4.7.2, .NETFramework,Version=v4.8, .NETFramework,Version=v4.8.1' instead of the project target framework 'net8.0'. This package may not be fully compatible with your project. [C:\Users\ultra\warewolf\Dev\ServerTests.sln]
C:\Users\ultra\warewolf\Dev\Dev2.Services.Sql\Dev2.Services.Sql.csproj : warning NU1701: Package 'AeroWizard 2.3.1' was restored using '.NETFramework,Version=v4.6.1, .NETFramework,Version=v4.6.2, .NETFramework,Version=v4.7, .NETFramework,Version=v4.7.1, .NETFramework,Version=v4.7.2, .NETFramework,Version=v4.8, .NETFramework,Version=v4.8.1' instead of the project target framework 'net8.0'. This package may not be fully compatible with your project. [C:\Users\ultra\warewolf\Dev\ServerTests.sln]
C:\Users\ultra\warewolf\Dev\Dev2.Services.Sql\Dev2.Services.Sql.csproj : warning NU1701: Package 'GroupControls 1.9.0' was restored using '.NETFramework,Version=v4.6.1, .NETFramework,Version=v4.6.2, .NETFramework,Version=v4.7, .NETFramework,Version=v4.7.1, .NETFramework,Version=v4.7.2, .NETFramework,Version=v4.8, .NETFramework,Version=v4.8.1' instead of the project target framework 'net8.0'. This package may not be fully compatible with your project. [C:\Users\ultra\warewolf\Dev\ServerTests.sln]
C:\Users\ultra\warewolf\Dev\Dev2.Services.Sql\Dev2.Services.Sql.csproj : warning NU1701: Package 'ReactiveUI.WPF 18.4.1' was restored using '.NETFramework,Version=v4.6.1, .NETFramework,Version=v4.6.2, .NETFramework,Version=v4.7, .NETFramework,Version=v4.7.1, .NETFramework,Version=v4.7.2, .NETFramework,Version=v4.8, .NETFramework,Version=v4.8.1' instead of the project target framework 'net8.0'. This package may not be fully compatible with your project. [C:\Users\ultra\warewolf\Dev\ServerTests.sln]
C:\Users\ultra\warewolf\Dev\Dev2.Services.Sql\Dev2.Services.Sql.csproj : warning NU1701: Package 'TaskSchedulerEditor 2.10.1' was restored using '.NETFramework,Version=v4.6.1, .NETFramework,Version=v4.6.2, .NETFramework,Version=v4.7, .NETFramework,Version=v4.7.1, .NETFramework,Version=v4.7.2, .NETFramework,Version=v4.8, .NETFramework,Version=v4.8.1' instead of the project target framework 'net8.0'. This package may not be fully compatible with your project. [C:\Users\ultra\warewolf\Dev\ServerTests.sln]
C:\Users\ultra\warewolf\Dev\Dev2.Sql.Tests\Dev2.Sql.Tests.csproj : warning NU1701: Package 'AeroWizard 2.3.1' was restored using '.NETFramework,Version=v4.6.1, .NETFramework,Version=v4.6.2, .NETFramework,Version=v4.7, .NETFramework,Version=v4.7.1, .NETFramework,Version=v4.7.2, .NETFramework,Version=v4.8, .NETFramework,Version=v4.8.1' instead of the project target framework 'net8.0'. This package may not be fully compatible with your project. [C:\Users\ultra\warewolf\Dev\ServerTests.sln]
C:\Users\ultra\warewolf\Dev\Dev2.Sql.Tests\Dev2.Sql.Tests.csproj : warning NU1701: Package 'GroupControls 1.9.0' was restored using '.NETFramework,Version=v4.6.1, .NETFramework,Version=v4.6.2, .NETFramework,Version=v4.7, .NETFramework,Version=v4.7.1, .NETFramework,Version=v4.7.2, .NETFramework,Version=v4.8, .NETFramework,Version=v4.8.1' instead of the project target framework 'net8.0'. This package may not be fully compatible with your project. [C:\Users\ultra\warewolf\Dev\ServerTests.sln]
C:\Users\ultra\warewolf\Dev\Dev2.Sql.Tests\Dev2.Sql.Tests.csproj : warning NU1701: Package 'Microsoft.Xaml.Behaviors.Wpf 1.1.122' was restored using '.NETFramework,Version=v4.6.1, .NETFramework,Version=v4.6.2, .NETFramework,Version=v4.7, .NETFramework,Version=v4.7.1, .NETFramework,Version=v4.7.2, .NETFramework,Version=v4.8, .NETFramework,Version=v4.8.1' instead of the project target framework 'net8.0'. This package may not be fully compatible with your project. [C:\Users\ultra\warewolf\Dev\ServerTests.sln]
C:\Users\ultra\warewolf\Dev\Dev2.Sql.Tests\Dev2.Sql.Tests.csproj : warning NU1701: Package 'Prism.Wpf 9.0.537' was restored using '.NETFramework,Version=v4.6.1, .NETFramework,Version=v4.6.2, .NETFramework,Version=v4.7, .NETFramework,Version=v4.7.1, .NETFramework,Version=v4.7.2, .NETFramework,Version=v4.8, .NETFramework,Version=v4.8.1' instead of the project target framework 'net8.0'. This package may not be fully compatible with your project. [C:\Users\ultra\warewolf\Dev\ServerTests.sln]
C:\Users\ultra\warewolf\Dev\Dev2.Sql.Tests\Dev2.Sql.Tests.csproj : warning NU1701: Package 'ReactiveUI.WPF 18.4.1' was restored using '.NETFramework,Version=v4.6.1, .NETFramework,Version=v4.6.2, .NETFramework,Version=v4.7, .NETFramework,Version=v4.7.1, .NETFramework,Version=v4.7.2, .NETFramework,Version=v4.8, .NETFramework,Version=v4.8.1' instead of the project target framework 'net8.0'. This package may not be fully compatible with your project. [C:\Users\ultra\warewolf\Dev\ServerTests.sln]
C:\Users\ultra\warewolf\Dev\Dev2.Sql.Tests\Dev2.Sql.Tests.csproj : warning NU1701: Package 'TaskSchedulerEditor 2.10.1' was restored using '.NETFramework,Version=v4.6.1, .NETFramework,Version=v4.6.2, .NETFramework,Version=v4.7, .NETFramework,Version=v4.7.1, .NETFramework,Version=v4.7.2, .NETFramework,Version=v4.8, .NETFramework,Version=v4.8.1' instead of the project target framework 'net8.0'. This package may not be fully compatible with your project. [C:\Users\ultra\warewolf\Dev\ServerTests.sln]
  Restored C:\Users\ultra\warewolf\Dev\Warewolf.Studio.Views\Warewolf.Studio.Views.csproj (in 119 ms).
  Restored C:\Users\ultra\warewolf\Dev\Warewolf.Tools.Specs\Warewolf.Tools.Specs.csproj (in 204 ms).
  Restored C:\Users\ultra\warewolf\Dev\Warewolf.Trigger.Queue.Tests\Warewolf.Trigger.Queue.Tests.csproj (in 221 ms).
C:\Users\ultra\warewolf\Dev\Dev2.Services.Execution\Dev2.Services.Execution.csproj : warning NU1701: Package 'AeroWizard 2.3.1' was restored using '.NETFramework,Version=v4.6.1, .NETFramework,Version=v4.6.2, .NETFramework,Version=v4.7, .NETFramework,Version=v4.7.1, .NETFramework,Version=v4.7.2, .NETFramework,Version=v4.8, .NETFramework,Version=v4.8.1' instead of the project target framework 'net8.0'. This package may not be fully compatible with your project. [C:\Users\ultra\warewolf\Dev\ServerTests.sln]
C:\Users\ultra\warewolf\Dev\Dev2.Services.Execution\Dev2.Services.Execution.csproj : warning NU1701: Package 'GroupControls 1.9.0' was restored using '.NETFramework,Version=v4.6.1, .NETFramework,Version=v4.6.2, .NETFramework,Version=v4.7, .NETFramework,Version=v4.7.1, .NETFramework,Version=v4.7.2, .NETFramework,Version=v4.8, .NETFramework,Version=v4.8.1' instead of the project target framework 'net8.0'. This package may not be fully compatible with your project. [C:\Users\ultra\warewolf\Dev\ServerTests.sln]
C:\Users\ultra\warewolf\Dev\Dev2.Services.Execution\Dev2.Services.Execution.csproj : warning NU1701: Package 'ReactiveUI.WPF 18.4.1' was restored using '.NETFramework,Version=v4.6.1, .NETFramework,Version=v4.6.2, .NETFramework,Version=v4.7, .NETFramework,Version=v4.7.1, .NETFramework,Version=v4.7.2, .NETFramework,Version=v4.8, .NETFramework,Version=v4.8.1' instead of the project target framework 'net8.0'. This package may not be fully compatible with your project. [C:\Users\ultra\warewolf\Dev\ServerTests.sln]
C:\Users\ultra\warewolf\Dev\Dev2.Services.Execution\Dev2.Services.Execution.csproj : warning NU1701: Package 'TaskSchedulerEditor 2.10.1' was restored using '.NETFramework,Version=v4.6.1, .NETFramework,Version=v4.6.2, .NETFramework,Version=v4.7, .NETFramework,Version=v4.7.1, .NETFramework,Version=v4.7.2, .NETFramework,Version=v4.8, .NETFramework,Version=v4.8.1' instead of the project target framework 'net8.0'. This package may not be fully compatible with your project. [C:\Users\ultra\warewolf\Dev\ServerTests.sln]
  Restored C:\Users\ultra\warewolf\Dev\Dev2.SignalR.Wrappers.New\Dev2.SignalR.Wrappers.New.csproj (in 76 ms).
  Restored C:\Users\ultra\warewolf\Dev\Dev2.Sql.Tests\Dev2.Sql.Tests.csproj (in 111 ms).
C:\Users\ultra\warewolf\Dev\Warewolf.Studio.ViewModels\Warewolf.Studio.ViewModels.csproj : warning NU1701: Package 'AeroWizard 2.3.1' was restored using '.NETFramework,Version=v4.6.1, .NETFramework,Version=v4.6.2, .NETFramework,Version=v4.7, .NETFramework,Version=v4.7.1, .NETFramework,Version=v4.7.2, .NETFramework,Version=v4.8, .NETFramework,Version=v4.8.1' instead of the project target framework 'net8.0'. This package may not be fully compatible with your project. [C:\Users\ultra\warewolf\Dev\ServerTests.sln]
C:\Users\ultra\warewolf\Dev\Warewolf.Studio.ViewModels\Warewolf.Studio.ViewModels.csproj : warning NU1701: Package 'GroupControls 1.9.0' was restored using '.NETFramework,Version=v4.6.1, .NETFramework,Version=v4.6.2, .NETFramework,Version=v4.7, .NETFramework,Version=v4.7.1, .NETFramework,Version=v4.7.2, .NETFramework,Version=v4.8, .NETFramework,Version=v4.8.1' instead of the project target framework 'net8.0'. This package may not be fully compatible with your project. [C:\Users\ultra\warewolf\Dev\ServerTests.sln]
C:\Users\ultra\warewolf\Dev\Warewolf.Studio.ViewModels\Warewolf.Studio.ViewModels.csproj : warning NU1701: Package 'Microsoft.Xaml.Behaviors.Wpf 1.1.122' was restored using '.NETFramework,Version=v4.6.1, .NETFramework,Version=v4.6.2, .NETFramework,Version=v4.7, .NETFramework,Version=v4.7.1, .NETFramework,Version=v4.7.2, .NETFramework,Version=v4.8, .NETFramework,Version=v4.8.1' instead of the project target framework 'net8.0'. This package may not be fully compatible with your project. [C:\Users\ultra\warewolf\Dev\ServerTests.sln]
C:\Users\ultra\warewolf\Dev\Warewolf.Studio.ViewModels\Warewolf.Studio.ViewModels.csproj : warning NU1701: Package 'Prism.Wpf 9.0.537' was restored using '.NETFramework,Version=v4.6.1, .NETFramework,Version=v4.6.2, .NETFramework,Version=v4.7, .NETFramework,Version=v4.7.1, .NETFramework,Version=v4.7.2, .NETFramework,Version=v4.8, .NETFramework,Version=v4.8.1' instead of the project target framework 'net8.0'. This package may not be fully compatible with your project. [C:\Users\ultra\warewolf\Dev\ServerTests.sln]
C:\Users\ultra\warewolf\Dev\Warewolf.Studio.ViewModels\Warewolf.Studio.ViewModels.csproj : warning NU1701: Package 'ReactiveUI.WPF 18.4.1' was restored using '.NETFramework,Version=v4.6.1, .NETFramework,Version=v4.6.2, .NETFramework,Version=v4.7, .NETFramework,Version=v4.7.1, .NETFramework,Version=v4.7.2, .NETFramework,Version=v4.8, .NETFramework,Version=v4.8.1' instead of the project target framework 'net8.0'. This package may not be fully compatible with your project. [C:\Users\ultra\warewolf\Dev\ServerTests.sln]
C:\Users\ultra\warewolf\Dev\Dev2.TaskScheduler.Wrappers.Tests\Dev2.TaskScheduler.Wrappers.Tests.csproj : warning NU1701: Package 'AeroWizard 2.3.1' was restored using '.NETFramework,Version=v4.6.1, .NETFramework,Version=v4.6.2, .NETFramework,Version=v4.7, .NETFramework,Version=v4.7.1, .NETFramework,Version=v4.7.2, .NETFramework,Version=v4.8, .NETFramework,Version=v4.8.1' instead of the project target framework 'net8.0'. This package may not be fully compatible with your project. [C:\Users\ultra\warewolf\Dev\ServerTests.sln]
C:\Users\ultra\warewolf\Dev\Dev2.TaskScheduler.Wrappers.Tests\Dev2.TaskScheduler.Wrappers.Tests.csproj : warning NU1701: Package 'GroupControls 1.9.0' was restored using '.NETFramework,Version=v4.6.1, .NETFramework,Version=v4.6.2, .NETFramework,Version=v4.7, .NETFramework,Version=v4.7.1, .NETFramework,Version=v4.7.2, .NETFramework,Version=v4.8, .NETFramework,Version=v4.8.1' instead of the project target framework 'net8.0'. This package may not be fully compatible with your project. [C:\Users\ultra\warewolf\Dev\ServerTests.sln]
C:\Users\ultra\warewolf\Dev\Dev2.TaskScheduler.Wrappers.Tests\Dev2.TaskScheduler.Wrappers.Tests.csproj : warning NU1701: Package 'TaskSchedulerEditor 2.10.1' was restored using '.NETFramework,Version=v4.6.1, .NETFramework,Version=v4.6.2, .NETFramework,Version=v4.7, .NETFramework,Version=v4.7.1, .NETFramework,Version=v4.7.2, .NETFramework,Version=v4.8, .NETFramework,Version=v4.8.1' instead of the project target framework 'net8.0'. This package may not be fully compatible with your project. [C:\Users\ultra\warewolf\Dev\ServerTests.sln]
  Restored C:\Users\ultra\warewolf\Dev\Dev2.TaskScheduler.Wrappers.Tests\Dev2.TaskScheduler.Wrappers.Tests.csproj (in 29 ms).
C:\Users\ultra\warewolf\Dev\Warewolf.Studio.ViewModels\Warewolf.Studio.ViewModels.csproj : warning NU1701: Package 'TaskSchedulerEditor 2.10.1' was restored using '.NETFramework,Version=v4.6.1, .NETFramework,Version=v4.6.2, .NETFramework,Version=v4.7, .NETFramework,Version=v4.7.1, .NETFramework,Version=v4.7.2, .NETFramework,Version=v4.8, .NETFramework,Version=v4.8.1' instead of the project target framework 'net8.0'. This package may not be fully compatible with your project. [C:\Users\ultra\warewolf\Dev\ServerTests.sln]
  Restored C:\Users\ultra\warewolf\Dev\Dev2.Services.Sql\Dev2.Services.Sql.csproj (in 108 ms).
C:\Users\ultra\warewolf\Dev\Dev2.Services.Execution.Tests\Dev2.Services.Execution.Tests.csproj : warning NU1701: Package 'AeroWizard 2.3.1' was restored using '.NETFramework,Version=v4.6.1, .NETFramework,Version=v4.6.2, .NETFramework,Version=v4.7, .NETFramework,Version=v4.7.1, .NETFramework,Version=v4.7.2, .NETFramework,Version=v4.8, .NETFramework,Version=v4.8.1' instead of the project target framework 'net8.0'. This package may not be fully compatible with your project. [C:\Users\ultra\warewolf\Dev\ServerTests.sln]
C:\Users\ultra\warewolf\Dev\Dev2.Services.Execution.Tests\Dev2.Services.Execution.Tests.csproj : warning NU1701: Package 'GroupControls 1.9.0' was restored using '.NETFramework,Version=v4.6.1, .NETFramework,Version=v4.6.2, .NETFramework,Version=v4.7, .NETFramework,Version=v4.7.1, .NETFramework,Version=v4.7.2, .NETFramework,Version=v4.8, .NETFramework,Version=v4.8.1' instead of the project target framework 'net8.0'. This package may not be fully compatible with your project. [C:\Users\ultra\warewolf\Dev\ServerTests.sln]
C:\Users\ultra\warewolf\Dev\Dev2.Services.Execution.Tests\Dev2.Services.Execution.Tests.csproj : warning NU1701: Package 'ReactiveUI.WPF 18.4.1' was restored using '.NETFramework,Version=v4.6.1, .NETFramework,Version=v4.6.2, .NETFramework,Version=v4.7, .NETFramework,Version=v4.7.1, .NETFramework,Version=v4.7.2, .NETFramework,Version=v4.8, .NETFramework,Version=v4.8.1' instead of the project target framework 'net8.0'. This package may not be fully compatible with your project. [C:\Users\ultra\warewolf\Dev\ServerTests.sln]
C:\Users\ultra\warewolf\Dev\Dev2.Services.Execution.Tests\Dev2.Services.Execution.Tests.csproj : warning NU1701: Package 'TaskSchedulerEditor 2.10.1' was restored using '.NETFramework,Version=v4.6.1, .NETFramework,Version=v4.6.2, .NETFramework,Version=v4.7, .NETFramework,Version=v4.7.1, .NETFramework,Version=v4.7.2, .NETFramework,Version=v4.8, .NETFramework,Version=v4.8.1' instead of the project target framework 'net8.0'. This package may not be fully compatible with your project. [C:\Users\ultra\warewolf\Dev\ServerTests.sln]
  Restored C:\Users\ultra\warewolf\Dev\Dev2.Services.Execution\Dev2.Services.Execution.csproj (in 111 ms).
  Restored C:\Users\ultra\warewolf\Dev\Dev2.Sql\Dev2.Sql.csproj (in 10 ms).
  Restored C:\Users\ultra\warewolf\Dev\Warewolf.Studio.ViewModels\Warewolf.Studio.ViewModels.csproj (in 198 ms).
  Restored C:\Users\ultra\warewolf\Dev\Warewolf.Weave\Warewolf.Weave.csproj (in 2 ms).
C:\Users\ultra\warewolf\Dev\Dev2.Scheduler\Dev2.Scheduler.csproj : warning NU1701: Package 'AeroWizard 2.3.1' was restored using '.NETFramework,Version=v4.6.1, .NETFramework,Version=v4.6.2, .NETFramework,Version=v4.7, .NETFramework,Version=v4.7.1, .NETFramework,Version=v4.7.2, .NETFramework,Version=v4.8, .NETFramework,Version=v4.8.1' instead of the project target framework 'net8.0'. This package may not be fully compatible with your project. [C:\Users\ultra\warewolf\Dev\ServerTests.sln]
C:\Users\ultra\warewolf\Dev\Dev2.Scheduler\Dev2.Scheduler.csproj : warning NU1701: Package 'GroupControls 1.9.0' was restored using '.NETFramework,Version=v4.6.1, .NETFramework,Version=v4.6.2, .NETFramework,Version=v4.7, .NETFramework,Version=v4.7.1, .NETFramework,Version=v4.7.2, .NETFramework,Version=v4.8, .NETFramework,Version=v4.8.1' instead of the project target framework 'net8.0'. This package may not be fully compatible with your project. [C:\Users\ultra\warewolf\Dev\ServerTests.sln]
C:\Users\ultra\warewolf\Dev\Dev2.Scheduler\Dev2.Scheduler.csproj : warning NU1701: Package 'ReactiveUI.WPF 18.4.1' was restored using '.NETFramework,Version=v4.6.1, .NETFramework,Version=v4.6.2, .NETFramework,Version=v4.7, .NETFramework,Version=v4.7.1, .NETFramework,Version=v4.7.2, .NETFramework,Version=v4.8, .NETFramework,Version=v4.8.1' instead of the project target framework 'net8.0'. This package may not be fully compatible with your project. [C:\Users\ultra\warewolf\Dev\ServerTests.sln]
C:\Users\ultra\warewolf\Dev\Dev2.Scheduler\Dev2.Scheduler.csproj : warning NU1701: Package 'TaskSchedulerEditor 2.10.1' was restored using '.NETFramework,Version=v4.6.1, .NETFramework,Version=v4.6.2, .NETFramework,Version=v4.7, .NETFramework,Version=v4.7.1, .NETFramework,Version=v4.7.2, .NETFramework,Version=v4.8, .NETFramework,Version=v4.8.1' instead of the project target framework 'net8.0'. This package may not be fully compatible with your project. [C:\Users\ultra\warewolf\Dev\ServerTests.sln]
  Restored C:\Users\ultra\warewolf\Dev\Dev2.Services.Execution.Tests\Dev2.Services.Execution.Tests.csproj (in 167 ms).
  Restored C:\Users\ultra\warewolf\Dev\Warewolf.UnitTestAttributes\Warewolf.UnitTestAttributes.csproj (in 25 ms).
C:\Users\ultra\warewolf\Dev\Dev2.Studio.Interfaces\Dev2.Studio.Interfaces.csproj : warning NU1701: Package 'AeroWizard 2.3.1' was restored using '.NETFramework,Version=v4.6.1, .NETFramework,Version=v4.6.2, .NETFramework,Version=v4.7, .NETFramework,Version=v4.7.1, .NETFramework,Version=v4.7.2, .NETFramework,Version=v4.8, .NETFramework,Version=v4.8.1' instead of the project target framework 'net8.0'. This package may not be fully compatible with your project. [C:\Users\ultra\warewolf\Dev\ServerTests.sln]
C:\Users\ultra\warewolf\Dev\Dev2.Studio.Interfaces\Dev2.Studio.Interfaces.csproj : warning NU1701: Package 'GroupControls 1.9.0' was restored using '.NETFramework,Version=v4.6.1, .NETFramework,Version=v4.6.2, .NETFramework,Version=v4.7, .NETFramework,Version=v4.7.1, .NETFramework,Version=v4.7.2, .NETFramework,Version=v4.8, .NETFramework,Version=v4.8.1' instead of the project target framework 'net8.0'. This package may not be fully compatible with your project. [C:\Users\ultra\warewolf\Dev\ServerTests.sln]
C:\Users\ultra\warewolf\Dev\Dev2.Studio.Interfaces\Dev2.Studio.Interfaces.csproj : warning NU1701: Package 'Microsoft.Xaml.Behaviors.Wpf 1.1.122' was restored using '.NETFramework,Version=v4.6.1, .NETFramework,Version=v4.6.2, .NETFramework,Version=v4.7, .NETFramework,Version=v4.7.1, .NETFramework,Version=v4.7.2, .NETFramework,Version=v4.8, .NETFramework,Version=v4.8.1' instead of the project target framework 'net8.0'. This package may not be fully compatible with your project. [C:\Users\ultra\warewolf\Dev\ServerTests.sln]
C:\Users\ultra\warewolf\Dev\Dev2.Studio.Interfaces\Dev2.Studio.Interfaces.csproj : warning NU1701: Package 'Prism.Wpf 9.0.537' was restored using '.NETFramework,Version=v4.6.1, .NETFramework,Version=v4.6.2, .NETFramework,Version=v4.7, .NETFramework,Version=v4.7.1, .NETFramework,Version=v4.7.2, .NETFramework,Version=v4.8, .NETFramework,Version=v4.8.1' instead of the project target framework 'net8.0'. This package may not be fully compatible with your project. [C:\Users\ultra\warewolf\Dev\ServerTests.sln]
C:\Users\ultra\warewolf\Dev\Dev2.Studio.Interfaces\Dev2.Studio.Interfaces.csproj : warning NU1701: Package 'ReactiveUI.WPF 18.4.1' was restored using '.NETFramework,Version=v4.6.1, .NETFramework,Version=v4.6.2, .NETFramework,Version=v4.7, .NETFramework,Version=v4.7.1, .NETFramework,Version=v4.7.2, .NETFramework,Version=v4.8, .NETFramework,Version=v4.8.1' instead of the project target framework 'net8.0'. This package may not be fully compatible with your project. [C:\Users\ultra\warewolf\Dev\ServerTests.sln]
C:\Users\ultra\warewolf\Dev\Dev2.Studio.Interfaces\Dev2.Studio.Interfaces.csproj : warning NU1701: Package 'TaskSchedulerEditor 2.10.1' was restored using '.NETFramework,Version=v4.6.1, .NETFramework,Version=v4.6.2, .NETFramework,Version=v4.7, .NETFramework,Version=v4.7.1, .NETFramework,Version=v4.7.2, .NETFramework,Version=v4.8, .NETFramework,Version=v4.8.1' instead of the project target framework 'net8.0'. This package may not be fully compatible with your project. [C:\Users\ultra\warewolf\Dev\ServerTests.sln]
  Restored C:\Users\ultra\warewolf\Dev\Warewolf.Studio.Resources\Warewolf.Studio.Resources.csproj (in 13 ms).
C:\Users\ultra\warewolf\Dev\Dev2.Scheduler.Tests\Dev2.Scheduler.Tests.csproj : warning NU1701: Package 'AeroWizard 2.3.1' was restored using '.NETFramework,Version=v4.6.1, .NETFramework,Version=v4.6.2, .NETFramework,Version=v4.7, .NETFramework,Version=v4.7.1, .NETFramework,Version=v4.7.2, .NETFramework,Version=v4.8, .NETFramework,Version=v4.8.1' instead of the project target framework 'net8.0'. This package may not be fully compatible with your project. [C:\Users\ultra\warewolf\Dev\ServerTests.sln]
C:\Users\ultra\warewolf\Dev\Dev2.Scheduler.Tests\Dev2.Scheduler.Tests.csproj : warning NU1701: Package 'GroupControls 1.9.0' was restored using '.NETFramework,Version=v4.6.1, .NETFramework,Version=v4.6.2, .NETFramework,Version=v4.7, .NETFramework,Version=v4.7.1, .NETFramework,Version=v4.7.2, .NETFramework,Version=v4.8, .NETFramework,Version=v4.8.1' instead of the project target framework 'net8.0'. This package may not be fully compatible with your project. [C:\Users\ultra\warewolf\Dev\ServerTests.sln]
C:\Users\ultra\warewolf\Dev\Dev2.Scheduler.Tests\Dev2.Scheduler.Tests.csproj : warning NU1701: Package 'ReactiveUI.WPF 18.4.1' was restored using '.NETFramework,Version=v4.6.1, .NETFramework,Version=v4.6.2, .NETFramework,Version=v4.7, .NETFramework,Version=v4.7.1, .NETFramework,Version=v4.7.2, .NETFramework,Version=v4.8, .NETFramework,Version=v4.8.1' instead of the project target framework 'net8.0'. This package may not be fully compatible with your project. [C:\Users\ultra\warewolf\Dev\ServerTests.sln]
C:\Users\ultra\warewolf\Dev\Dev2.Scheduler.Tests\Dev2.Scheduler.Tests.csproj : warning NU1701: Package 'TaskSchedulerEditor 2.10.1' was restored using '.NETFramework,Version=v4.6.1, .NETFramework,Version=v4.6.2, .NETFramework,Version=v4.7, .NETFramework,Version=v4.7.1, .NETFramework,Version=v4.7.2, .NETFramework,Version=v4.8, .NETFramework,Version=v4.8.1' instead of the project target framework 'net8.0'. This package may not be fully compatible with your project. [C:\Users\ultra\warewolf\Dev\ServerTests.sln]
  Restored C:\Users\ultra\warewolf\Dev\Dev2.Scheduler\Dev2.Scheduler.csproj (in 165 ms).
C:\Users\ultra\warewolf\Dev\Dev2.Studio.Core\Dev2.Studio.Core.csproj : warning NU1701: Package 'AeroWizard 2.3.1' was restored using '.NETFramework,Version=v4.6.1, .NETFramework,Version=v4.6.2, .NETFramework,Version=v4.7, .NETFramework,Version=v4.7.1, .NETFramework,Version=v4.7.2, .NETFramework,Version=v4.8, .NETFramework,Version=v4.8.1' instead of the project target framework 'net8.0'. This package may not be fully compatible with your project. [C:\Users\ultra\warewolf\Dev\ServerTests.sln]
C:\Users\ultra\warewolf\Dev\Dev2.Studio.Core\Dev2.Studio.Core.csproj : warning NU1701: Package 'GroupControls 1.9.0' was restored using '.NETFramework,Version=v4.6.1, .NETFramework,Version=v4.6.2, .NETFramework,Version=v4.7, .NETFramework,Version=v4.7.1, .NETFramework,Version=v4.7.2, .NETFramework,Version=v4.8, .NETFramework,Version=v4.8.1' instead of the project target framework 'net8.0'. This package may not be fully compatible with your project. [C:\Users\ultra\warewolf\Dev\ServerTests.sln]
C:\Users\ultra\warewolf\Dev\Dev2.Studio.Core\Dev2.Studio.Core.csproj : warning NU1701: Package 'Microsoft.Xaml.Behaviors.Wpf 1.1.122' was restored using '.NETFramework,Version=v4.6.1, .NETFramework,Version=v4.6.2, .NETFramework,Version=v4.7, .NETFramework,Version=v4.7.1, .NETFramework,Version=v4.7.2, .NETFramework,Version=v4.8, .NETFramework,Version=v4.8.1' instead of the project target framework 'net8.0'. This package may not be fully compatible with your project. [C:\Users\ultra\warewolf\Dev\ServerTests.sln]
C:\Users\ultra\warewolf\Dev\Dev2.Studio.Core\Dev2.Studio.Core.csproj : warning NU1701: Package 'Prism.Wpf 9.0.537' was restored using '.NETFramework,Version=v4.6.1, .NETFramework,Version=v4.6.2, .NETFramework,Version=v4.7, .NETFramework,Version=v4.7.1, .NETFramework,Version=v4.7.2, .NETFramework,Version=v4.8, .NETFramework,Version=v4.8.1' instead of the project target framework 'net8.0'. This package may not be fully compatible with your project. [C:\Users\ultra\warewolf\Dev\ServerTests.sln]
C:\Users\ultra\warewolf\Dev\Dev2.Server.Tests\Dev2.Server.Tests.csproj : warning NU1701: Package 'AeroWizard 2.3.1' was restored using '.NETFramework,Version=v4.6.1, .NETFramework,Version=v4.6.2, .NETFramework,Version=v4.7, .NETFramework,Version=v4.7.1, .NETFramework,Version=v4.7.2, .NETFramework,Version=v4.8, .NETFramework,Version=v4.8.1' instead of the project target framework 'net8.0'. This package may not be fully compatible with your project. [C:\Users\ultra\warewolf\Dev\ServerTests.sln]
C:\Users\ultra\warewolf\Dev\Dev2.Studio.Core\Dev2.Studio.Core.csproj : warning NU1701: Package 'ReactiveUI.WPF 18.4.1' was restored using '.NETFramework,Version=v4.6.1, .NETFramework,Version=v4.6.2, .NETFramework,Version=v4.7, .NETFramework,Version=v4.7.1, .NETFramework,Version=v4.7.2, .NETFramework,Version=v4.8, .NETFramework,Version=v4.8.1' instead of the project target framework 'net8.0'. This package may not be fully compatible with your project. [C:\Users\ultra\warewolf\Dev\ServerTests.sln]
C:\Users\ultra\warewolf\Dev\Dev2.Server.Tests\Dev2.Server.Tests.csproj : warning NU1701: Package 'GroupControls 1.9.0' was restored using '.NETFramework,Version=v4.6.1, .NETFramework,Version=v4.6.2, .NETFramework,Version=v4.7, .NETFramework,Version=v4.7.1, .NETFramework,Version=v4.7.2, .NETFramework,Version=v4.8, .NETFramework,Version=v4.8.1' instead of the project target framework 'net8.0'. This package may not be fully compatible with your project. [C:\Users\ultra\warewolf\Dev\ServerTests.sln]
C:\Users\ultra\warewolf\Dev\Dev2.Studio.Core\Dev2.Studio.Core.csproj : warning NU1701: Package 'TaskSchedulerEditor 2.10.1' was restored using '.NETFramework,Version=v4.6.1, .NETFramework,Version=v4.6.2, .NETFramework,Version=v4.7, .NETFramework,Version=v4.7.1, .NETFramework,Version=v4.7.2, .NETFramework,Version=v4.8, .NETFramework,Version=v4.8.1' instead of the project target framework 'net8.0'. This package may not be fully compatible with your project. [C:\Users\ultra\warewolf\Dev\ServerTests.sln]
C:\Users\ultra\warewolf\Dev\Dev2.Server.Tests\Dev2.Server.Tests.csproj : warning NU1701: Package 'Microsoft.Xaml.Behaviors.Wpf 1.1.122' was restored using '.NETFramework,Version=v4.6.1, .NETFramework,Version=v4.6.2, .NETFramework,Version=v4.7, .NETFramework,Version=v4.7.1, .NETFramework,Version=v4.7.2, .NETFramework,Version=v4.8, .NETFramework,Version=v4.8.1' instead of the project target framework 'net8.0'. This package may not be fully compatible with your project. [C:\Users\ultra\warewolf\Dev\ServerTests.sln]
C:\Users\ultra\warewolf\Dev\Dev2.Server.Tests\Dev2.Server.Tests.csproj : warning NU1701: Package 'Prism.Wpf 9.0.537' was restored using '.NETFramework,Version=v4.6.1, .NETFramework,Version=v4.6.2, .NETFramework,Version=v4.7, .NETFramework,Version=v4.7.1, .NETFramework,Version=v4.7.2, .NETFramework,Version=v4.8, .NETFramework,Version=v4.8.1' instead of the project target framework 'net8.0'. This package may not be fully compatible with your project. [C:\Users\ultra\warewolf\Dev\ServerTests.sln]
C:\Users\ultra\warewolf\Dev\Dev2.Server.Tests\Dev2.Server.Tests.csproj : warning NU1701: Package 'ReactiveUI.WPF 18.4.1' was restored using '.NETFramework,Version=v4.6.1, .NETFramework,Version=v4.6.2, .NETFramework,Version=v4.7, .NETFramework,Version=v4.7.1, .NETFramework,Version=v4.7.2, .NETFramework,Version=v4.8, .NETFramework,Version=v4.8.1' instead of the project target framework 'net8.0'. This package may not be fully compatible with your project. [C:\Users\ultra\warewolf\Dev\ServerTests.sln]
C:\Users\ultra\warewolf\Dev\Dev2.Server.Tests\Dev2.Server.Tests.csproj : warning NU1701: Package 'TaskSchedulerEditor 2.10.1' was restored using '.NETFramework,Version=v4.6.1, .NETFramework,Version=v4.6.2, .NETFramework,Version=v4.7, .NETFramework,Version=v4.7.1, .NETFramework,Version=v4.7.2, .NETFramework,Version=v4.8, .NETFramework,Version=v4.8.1' instead of the project target framework 'net8.0'. This package may not be fully compatible with your project. [C:\Users\ultra\warewolf\Dev\ServerTests.sln]
C:\Users\ultra\warewolf\Dev\Warewolf.UI\Warewolf.UI.csproj : warning NU1701: Package 'AeroWizard 2.3.1' was restored using '.NETFramework,Version=v4.6.1, .NETFramework,Version=v4.6.2, .NETFramework,Version=v4.7, .NETFramework,Version=v4.7.1, .NETFramework,Version=v4.7.2, .NETFramework,Version=v4.8, .NETFramework,Version=v4.8.1' instead of the project target framework 'net8.0'. This package may not be fully compatible with your project. [C:\Users\ultra\warewolf\Dev\ServerTests.sln]
C:\Users\ultra\warewolf\Dev\Warewolf.UI\Warewolf.UI.csproj : warning NU1701: Package 'GroupControls 1.9.0' was restored using '.NETFramework,Version=v4.6.1, .NETFramework,Version=v4.6.2, .NETFramework,Version=v4.7, .NETFramework,Version=v4.7.1, .NETFramework,Version=v4.7.2, .NETFramework,Version=v4.8, .NETFramework,Version=v4.8.1' instead of the project target framework 'net8.0'. This package may not be fully compatible with your project. [C:\Users\ultra\warewolf\Dev\ServerTests.sln]
C:\Users\ultra\warewolf\Dev\Dev2.Studio\Dev2.Studio.csproj : warning NU1701: Package 'AeroWizard 2.3.1' was restored using '.NETFramework,Version=v4.6.1, .NETFramework,Version=v4.6.2, .NETFramework,Version=v4.7, .NETFramework,Version=v4.7.1, .NETFramework,Version=v4.7.2, .NETFramework,Version=v4.8, .NETFramework,Version=v4.8.1' instead of the project target framework 'net8.0'. This package may not be fully compatible with your project. [C:\Users\ultra\warewolf\Dev\ServerTests.sln]
C:\Users\ultra\warewolf\Dev\Warewolf.UI\Warewolf.UI.csproj : warning NU1701: Package 'Microsoft.Xaml.Behaviors.Wpf 1.1.122' was restored using '.NETFramework,Version=v4.6.1, .NETFramework,Version=v4.6.2, .NETFramework,Version=v4.7, .NETFramework,Version=v4.7.1, .NETFramework,Version=v4.7.2, .NETFramework,Version=v4.8, .NETFramework,Version=v4.8.1' instead of the project target framework 'net8.0'. This package may not be fully compatible with your project. [C:\Users\ultra\warewolf\Dev\ServerTests.sln]
C:\Users\ultra\warewolf\Dev\Warewolf.UI\Warewolf.UI.csproj : warning NU1701: Package 'Prism.Wpf 9.0.537' was restored using '.NETFramework,Version=v4.6.1, .NETFramework,Version=v4.6.2, .NETFramework,Version=v4.7, .NETFramework,Version=v4.7.1, .NETFramework,Version=v4.7.2, .NETFramework,Version=v4.8, .NETFramework,Version=v4.8.1' instead of the project target framework 'net8.0'. This package may not be fully compatible with your project. [C:\Users\ultra\warewolf\Dev\ServerTests.sln]
C:\Users\ultra\warewolf\Dev\Warewolf.UI\Warewolf.UI.csproj : warning NU1701: Package 'ReactiveUI.WPF 18.4.1' was restored using '.NETFramework,Version=v4.6.1, .NETFramework,Version=v4.6.2, .NETFramework,Version=v4.7, .NETFramework,Version=v4.7.1, .NETFramework,Version=v4.7.2, .NETFramework,Version=v4.8, .NETFramework,Version=v4.8.1' instead of the project target framework 'net8.0'. This package may not be fully compatible with your project. [C:\Users\ultra\warewolf\Dev\ServerTests.sln]
C:\Users\ultra\warewolf\Dev\Dev2.Studio\Dev2.Studio.csproj : warning NU1701: Package 'AvalonEdit 6.3.0.90' was restored using '.NETFramework,Version=v4.6.1, .NETFramework,Version=v4.6.2, .NETFramework,Version=v4.7, .NETFramework,Version=v4.7.1, .NETFramework,Version=v4.7.2, .NETFramework,Version=v4.8, .NETFramework,Version=v4.8.1' instead of the project target framework 'net8.0'. This package may not be fully compatible with your project. [C:\Users\ultra\warewolf\Dev\ServerTests.sln]
C:\Users\ultra\warewolf\Dev\Warewolf.UI\Warewolf.UI.csproj : warning NU1701: Package 'TaskSchedulerEditor 2.10.1' was restored using '.NETFramework,Version=v4.6.1, .NETFramework,Version=v4.6.2, .NETFramework,Version=v4.7, .NETFramework,Version=v4.7.1, .NETFramework,Version=v4.7.2, .NETFramework,Version=v4.8, .NETFramework,Version=v4.8.1' instead of the project target framework 'net8.0'. This package may not be fully compatible with your project. [C:\Users\ultra\warewolf\Dev\ServerTests.sln]
C:\Users\ultra\warewolf\Dev\Dev2.Studio\Dev2.Studio.csproj : warning NU1701: Package 'CommonServiceLocator 1.2.0' was restored using '.NETFramework,Version=v4.6.1, .NETFramework,Version=v4.6.2, .NETFramework,Version=v4.7, .NETFramework,Version=v4.7.1, .NETFramework,Version=v4.7.2, .NETFramework,Version=v4.8, .NETFramework,Version=v4.8.1' instead of the project target framework 'net8.0'. This package may not be fully compatible with your project. [C:\Users\ultra\warewolf\Dev\ServerTests.sln]
C:\Users\ultra\warewolf\Dev\Dev2.Studio\Dev2.Studio.csproj : warning NU1701: Package 'FontAwesome.WPF 4.7.0.9' was restored using '.NETFramework,Version=v4.6.1, .NETFramework,Version=v4.6.2, .NETFramework,Version=v4.7, .NETFramework,Version=v4.7.1, .NETFramework,Version=v4.7.2, .NETFramework,Version=v4.8, .NETFramework,Version=v4.8.1' instead of the project target framework 'net8.0'. This package may not be fully compatible with your project. [C:\Users\ultra\warewolf\Dev\ServerTests.sln]
C:\Users\ultra\warewolf\Dev\Dev2.Studio\Dev2.Studio.csproj : warning NU1701: Package 'GroupControls 1.9.0' was restored using '.NETFramework,Version=v4.6.1, .NETFramework,Version=v4.6.2, .NETFramework,Version=v4.7, .NETFramework,Version=v4.7.1, .NETFramework,Version=v4.7.2, .NETFramework,Version=v4.8, .NETFramework,Version=v4.8.1' instead of the project target framework 'net8.0'. This package may not be fully compatible with your project. [C:\Users\ultra\warewolf\Dev\ServerTests.sln]
C:\Users\ultra\warewolf\Dev\Dev2.Studio\Dev2.Studio.csproj : warning NU1701: Package 'Log4Net.Async 2.0.4' was restored using '.NETFramework,Version=v4.6.1, .NETFramework,Version=v4.6.2, .NETFramework,Version=v4.7, .NETFramework,Version=v4.7.1, .NETFramework,Version=v4.7.2, .NETFramework,Version=v4.8, .NETFramework,Version=v4.8.1' instead of the project target framework 'net8.0'. This package may not be fully compatible with your project. [C:\Users\ultra\warewolf\Dev\ServerTests.sln]
C:\Users\ultra\warewolf\Dev\Dev2.Studio\Dev2.Studio.csproj : warning NU1701: Package 'Microsoft.Xaml.Behaviors.Wpf 1.1.122' was restored using '.NETFramework,Version=v4.6.1, .NETFramework,Version=v4.6.2, .NETFramework,Version=v4.7, .NETFramework,Version=v4.7.1, .NETFramework,Version=v4.7.2, .NETFramework,Version=v4.8, .NETFramework,Version=v4.8.1' instead of the project target framework 'net8.0'. This package may not be fully compatible with your project. [C:\Users\ultra\warewolf\Dev\ServerTests.sln]
C:\Users\ultra\warewolf\Dev\Dev2.Studio\Dev2.Studio.csproj : warning NU1701: Package 'Prism.Composition 5.0.0' was restored using '.NETFramework,Version=v4.6.1, .NETFramework,Version=v4.6.2, .NETFramework,Version=v4.7, .NETFramework,Version=v4.7.1, .NETFramework,Version=v4.7.2, .NETFramework,Version=v4.8, .NETFramework,Version=v4.8.1' instead of the project target framework 'net8.0'. This package may not be fully compatible with your project. [C:\Users\ultra\warewolf\Dev\ServerTests.sln]
C:\Users\ultra\warewolf\Dev\Dev2.Studio\Dev2.Studio.csproj : warning NU1701: Package 'Prism.Interactivity 5.0.0' was restored using '.NETFramework,Version=v4.6.1, .NETFramework,Version=v4.6.2, .NETFramework,Version=v4.7, .NETFramework,Version=v4.7.1, .NETFramework,Version=v4.7.2, .NETFramework,Version=v4.8, .NETFramework,Version=v4.8.1' instead of the project target framework 'net8.0'. This package may not be fully compatible with your project. [C:\Users\ultra\warewolf\Dev\ServerTests.sln]
C:\Users\ultra\warewolf\Dev\Dev2.Studio\Dev2.Studio.csproj : warning NU1701: Package 'Prism.Mvvm 1.0.0' was restored using '.NETFramework,Version=v4.6.1, .NETFramework,Version=v4.6.2, .NETFramework,Version=v4.7, .NETFramework,Version=v4.7.1, .NETFramework,Version=v4.7.2, .NETFramework,Version=v4.8, .NETFramework,Version=v4.8.1' instead of the project target framework 'net8.0'. This package may not be fully compatible with your project. [C:\Users\ultra\warewolf\Dev\ServerTests.sln]
C:\Users\ultra\warewolf\Dev\Dev2.Studio\Dev2.Studio.csproj : warning NU1701: Package 'Prism.PubSubEvents 1.0.0' was restored using '.NETFramework,Version=v4.6.1, .NETFramework,Version=v4.6.2, .NETFramework,Version=v4.7, .NETFramework,Version=v4.7.1, .NETFramework,Version=v4.7.2, .NETFramework,Version=v4.8, .NETFramework,Version=v4.8.1' instead of the project target framework 'net8.0'. This package may not be fully compatible with your project. [C:\Users\ultra\warewolf\Dev\ServerTests.sln]
C:\Users\ultra\warewolf\Dev\Dev2.Studio\Dev2.Studio.csproj : warning NU1701: Package 'Prism.UnityExtensions 5.0.1' was restored using '.NETFramework,Version=v4.6.1, .NETFramework,Version=v4.6.2, .NETFramework,Version=v4.7, .NETFramework,Version=v4.7.1, .NETFramework,Version=v4.7.2, .NETFramework,Version=v4.8, .NETFramework,Version=v4.8.1' instead of the project target framework 'net8.0'. This package may not be fully compatible with your project. [C:\Users\ultra\warewolf\Dev\ServerTests.sln]
C:\Users\ultra\warewolf\Dev\Dev2.Studio\Dev2.Studio.csproj : warning NU1701: Package 'Prism.Wpf 9.0.537' was restored using '.NETFramework,Version=v4.6.1, .NETFramework,Version=v4.6.2, .NETFramework,Version=v4.7, .NETFramework,Version=v4.7.1, .NETFramework,Version=v4.7.2, .NETFramework,Version=v4.8, .NETFramework,Version=v4.8.1' instead of the project target framework 'net8.0'. This package may not be fully compatible with your project. [C:\Users\ultra\warewolf\Dev\ServerTests.sln]
C:\Users\ultra\warewolf\Dev\Dev2.Studio\Dev2.Studio.csproj : warning NU1701: Package 'ReactiveUI.WPF 18.4.1' was restored using '.NETFramework,Version=v4.6.1, .NETFramework,Version=v4.6.2, .NETFramework,Version=v4.7, .NETFramework,Version=v4.7.1, .NETFramework,Version=v4.7.2, .NETFramework,Version=v4.8, .NETFramework,Version=v4.8.1' instead of the project target framework 'net8.0'. This package may not be fully compatible with your project. [C:\Users\ultra\warewolf\Dev\ServerTests.sln]
  Restored C:\Users\ultra\warewolf\Dev\Dev2.Scheduler.Tests\Dev2.Scheduler.Tests.csproj (in 184 ms).
C:\Users\ultra\warewolf\Dev\Dev2.Studio\Dev2.Studio.csproj : warning NU1701: Package 'TaskSchedulerEditor 2.10.1' was restored using '.NETFramework,Version=v4.6.1, .NETFramework,Version=v4.6.2, .NETFramework,Version=v4.7, .NETFramework,Version=v4.7.1, .NETFramework,Version=v4.7.2, .NETFramework,Version=v4.8, .NETFramework,Version=v4.8.1' instead of the project target framework 'net8.0'. This package may not be fully compatible with your project. [C:\Users\ultra\warewolf\Dev\ServerTests.sln]
C:\Users\ultra\warewolf\Dev\Dev2.Studio\Dev2.Studio.csproj : warning NU1701: Package 'Unofficial.Microsoft.mshtml 7.0.3300' was restored using '.NETFramework,Version=v4.6.1, .NETFramework,Version=v4.6.2, .NETFramework,Version=v4.7, .NETFramework,Version=v4.7.1, .NETFramework,Version=v4.7.2, .NETFramework,Version=v4.8, .NETFramework,Version=v4.8.1' instead of the project target framework 'net8.0'. This package may not be fully compatible with your project. [C:\Users\ultra\warewolf\Dev\ServerTests.sln]
C:\Users\ultra\warewolf\Dev\Dev2.Studio.Core.Specs\Dev2.Studio.Core.Specs.csproj : warning NU1701: Package 'AeroWizard 2.3.1' was restored using '.NETFramework,Version=v4.6.1, .NETFramework,Version=v4.6.2, .NETFramework,Version=v4.7, .NETFramework,Version=v4.7.1, .NETFramework,Version=v4.7.2, .NETFramework,Version=v4.8, .NETFramework,Version=v4.8.1' instead of the project target framework 'net8.0'. This package may not be fully compatible with your project. [C:\Users\ultra\warewolf\Dev\ServerTests.sln]
C:\Users\ultra\warewolf\Dev\Dev2.Studio.Core.Specs\Dev2.Studio.Core.Specs.csproj : warning NU1701: Package 'AvalonEdit 6.3.0.90' was restored using '.NETFramework,Version=v4.6.1, .NETFramework,Version=v4.6.2, .NETFramework,Version=v4.7, .NETFramework,Version=v4.7.1, .NETFramework,Version=v4.7.2, .NETFramework,Version=v4.8, .NETFramework,Version=v4.8.1' instead of the project target framework 'net8.0'. This package may not be fully compatible with your project. [C:\Users\ultra\warewolf\Dev\ServerTests.sln]
C:\Users\ultra\warewolf\Dev\Dev2.Studio.Core.Specs\Dev2.Studio.Core.Specs.csproj : warning NU1701: Package 'CommonServiceLocator 1.2.0' was restored using '.NETFramework,Version=v4.6.1, .NETFramework,Version=v4.6.2, .NETFramework,Version=v4.7, .NETFramework,Version=v4.7.1, .NETFramework,Version=v4.7.2, .NETFramework,Version=v4.8, .NETFramework,Version=v4.8.1' instead of the project target framework 'net8.0'. This package may not be fully compatible with your project. [C:\Users\ultra\warewolf\Dev\ServerTests.sln]
C:\Users\ultra\warewolf\Dev\Dev2.Studio.Core.Specs\Dev2.Studio.Core.Specs.csproj : warning NU1701: Package 'FontAwesome.WPF 4.7.0.9' was restored using '.NETFramework,Version=v4.6.1, .NETFramework,Version=v4.6.2, .NETFramework,Version=v4.7, .NETFramework,Version=v4.7.1, .NETFramework,Version=v4.7.2, .NETFramework,Version=v4.8, .NETFramework,Version=v4.8.1' instead of the project target framework 'net8.0'. This package may not be fully compatible with your project. [C:\Users\ultra\warewolf\Dev\ServerTests.sln]
C:\Users\ultra\warewolf\Dev\Dev2.Studio.Core.Specs\Dev2.Studio.Core.Specs.csproj : warning NU1701: Package 'GroupControls 1.9.0' was restored using '.NETFramework,Version=v4.6.1, .NETFramework,Version=v4.6.2, .NETFramework,Version=v4.7, .NETFramework,Version=v4.7.1, .NETFramework,Version=v4.7.2, .NETFramework,Version=v4.8, .NETFramework,Version=v4.8.1' instead of the project target framework 'net8.0'. This package may not be fully compatible with your project. [C:\Users\ultra\warewolf\Dev\ServerTests.sln]
C:\Users\ultra\warewolf\Dev\Dev2.Studio.Core.Specs\Dev2.Studio.Core.Specs.csproj : warning NU1701: Package 'Log4Net.Async 2.0.4' was restored using '.NETFramework,Version=v4.6.1, .NETFramework,Version=v4.6.2, .NETFramework,Version=v4.7, .NETFramework,Version=v4.7.1, .NETFramework,Version=v4.7.2, .NETFramework,Version=v4.8, .NETFramework,Version=v4.8.1' instead of the project target framework 'net8.0'. This package may not be fully compatible with your project. [C:\Users\ultra\warewolf\Dev\ServerTests.sln]
C:\Users\ultra\warewolf\Dev\Dev2.Studio.Core.Specs\Dev2.Studio.Core.Specs.csproj : warning NU1701: Package 'Microsoft.Xaml.Behaviors.Wpf 1.1.122' was restored using '.NETFramework,Version=v4.6.1, .NETFramework,Version=v4.6.2, .NETFramework,Version=v4.7, .NETFramework,Version=v4.7.1, .NETFramework,Version=v4.7.2, .NETFramework,Version=v4.8, .NETFramework,Version=v4.8.1' instead of the project target framework 'net8.0'. This package may not be fully compatible with your project. [C:\Users\ultra\warewolf\Dev\ServerTests.sln]
C:\Users\ultra\warewolf\Dev\Dev2.Studio.Core.Specs\Dev2.Studio.Core.Specs.csproj : warning NU1701: Package 'Prism.Composition 5.0.0' was restored using '.NETFramework,Version=v4.6.1, .NETFramework,Version=v4.6.2, .NETFramework,Version=v4.7, .NETFramework,Version=v4.7.1, .NETFramework,Version=v4.7.2, .NETFramework,Version=v4.8, .NETFramework,Version=v4.8.1' instead of the project target framework 'net8.0'. This package may not be fully compatible with your project. [C:\Users\ultra\warewolf\Dev\ServerTests.sln]
C:\Users\ultra\warewolf\Dev\Dev2.Studio.Core.Specs\Dev2.Studio.Core.Specs.csproj : warning NU1701: Package 'Prism.Interactivity 5.0.0' was restored using '.NETFramework,Version=v4.6.1, .NETFramework,Version=v4.6.2, .NETFramework,Version=v4.7, .NETFramework,Version=v4.7.1, .NETFramework,Version=v4.7.2, .NETFramework,Version=v4.8, .NETFramework,Version=v4.8.1' instead of the project target framework 'net8.0'. This package may not be fully compatible with your project. [C:\Users\ultra\warewolf\Dev\ServerTests.sln]
C:\Users\ultra\warewolf\Dev\Dev2.Studio.Core.Specs\Dev2.Studio.Core.Specs.csproj : warning NU1701: Package 'Prism.Mvvm 1.0.0' was restored using '.NETFramework,Version=v4.6.1, .NETFramework,Version=v4.6.2, .NETFramework,Version=v4.7, .NETFramework,Version=v4.7.1, .NETFramework,Version=v4.7.2, .NETFramework,Version=v4.8, .NETFramework,Version=v4.8.1' instead of the project target framework 'net8.0'. This package may not be fully compatible with your project. [C:\Users\ultra\warewolf\Dev\ServerTests.sln]
C:\Users\ultra\warewolf\Dev\Dev2.Studio.Core.Specs\Dev2.Studio.Core.Specs.csproj : warning NU1701: Package 'Prism.PubSubEvents 1.0.0' was restored using '.NETFramework,Version=v4.6.1, .NETFramework,Version=v4.6.2, .NETFramework,Version=v4.7, .NETFramework,Version=v4.7.1, .NETFramework,Version=v4.7.2, .NETFramework,Version=v4.8, .NETFramework,Version=v4.8.1' instead of the project target framework 'net8.0'. This package may not be fully compatible with your project. [C:\Users\ultra\warewolf\Dev\ServerTests.sln]
C:\Users\ultra\warewolf\Dev\Dev2.Studio.Core.Specs\Dev2.Studio.Core.Specs.csproj : warning NU1701: Package 'Prism.UnityExtensions 5.0.1' was restored using '.NETFramework,Version=v4.6.1, .NETFramework,Version=v4.6.2, .NETFramework,Version=v4.7, .NETFramework,Version=v4.7.1, .NETFramework,Version=v4.7.2, .NETFramework,Version=v4.8, .NETFramework,Version=v4.8.1' instead of the project target framework 'net8.0'. This package may not be fully compatible with your project. [C:\Users\ultra\warewolf\Dev\ServerTests.sln]
C:\Users\ultra\warewolf\Dev\Dev2.Studio.Core.Specs\Dev2.Studio.Core.Specs.csproj : warning NU1701: Package 'Prism.Wpf 9.0.537' was restored using '.NETFramework,Version=v4.6.1, .NETFramework,Version=v4.6.2, .NETFramework,Version=v4.7, .NETFramework,Version=v4.7.1, .NETFramework,Version=v4.7.2, .NETFramework,Version=v4.8, .NETFramework,Version=v4.8.1' instead of the project target framework 'net8.0'. This package may not be fully compatible with your project. [C:\Users\ultra\warewolf\Dev\ServerTests.sln]
C:\Users\ultra\warewolf\Dev\Dev2.Studio.Core.Specs\Dev2.Studio.Core.Specs.csproj : warning NU1701: Package 'ReactiveUI.WPF 18.4.1' was restored using '.NETFramework,Version=v4.6.1, .NETFramework,Version=v4.6.2, .NETFramework,Version=v4.7, .NETFramework,Version=v4.7.1, .NETFramework,Version=v4.7.2, .NETFramework,Version=v4.8, .NETFramework,Version=v4.8.1' instead of the project target framework 'net8.0'. This package may not be fully compatible with your project. [C:\Users\ultra\warewolf\Dev\ServerTests.sln]
  Restored C:\Users\ultra\warewolf\Dev\Dev2.Studio.Interfaces\Dev2.Studio.Interfaces.csproj (in 155 ms).
C:\Users\ultra\warewolf\Dev\Dev2.Studio.Core.Specs\Dev2.Studio.Core.Specs.csproj : warning NU1701: Package 'TaskSchedulerEditor 2.10.1' was restored using '.NETFramework,Version=v4.6.1, .NETFramework,Version=v4.6.2, .NETFramework,Version=v4.7, .NETFramework,Version=v4.7.1, .NETFramework,Version=v4.7.2, .NETFramework,Version=v4.8, .NETFramework,Version=v4.8.1' instead of the project target framework 'net8.0'. This package may not be fully compatible with your project. [C:\Users\ultra\warewolf\Dev\ServerTests.sln]
C:\Users\ultra\warewolf\Dev\Dev2.Studio.Core.Specs\Dev2.Studio.Core.Specs.csproj : warning NU1701: Package 'Unofficial.Microsoft.mshtml 7.0.3300' was restored using '.NETFramework,Version=v4.6.1, .NETFramework,Version=v4.6.2, .NETFramework,Version=v4.7, .NETFramework,Version=v4.7.1, .NETFramework,Version=v4.7.2, .NETFramework,Version=v4.8, .NETFramework,Version=v4.8.1' instead of the project target framework 'net8.0'. This package may not be fully compatible with your project. [C:\Users\ultra\warewolf\Dev\ServerTests.sln]
C:\Users\ultra\warewolf\Dev\Dev2.Studio.Core.Tests\Dev2.Studio.Core.Tests.csproj : warning NU1701: Package 'AeroWizard 2.3.1' was restored using '.NETFramework,Version=v4.6.1, .NETFramework,Version=v4.6.2, .NETFramework,Version=v4.7, .NETFramework,Version=v4.7.1, .NETFramework,Version=v4.7.2, .NETFramework,Version=v4.8, .NETFramework,Version=v4.8.1' instead of the project target framework 'net8.0'. This package may not be fully compatible with your project. [C:\Users\ultra\warewolf\Dev\ServerTests.sln]
C:\Users\ultra\warewolf\Dev\Dev2.Studio.Core.Tests\Dev2.Studio.Core.Tests.csproj : warning NU1701: Package 'AvalonEdit 6.3.0.90' was restored using '.NETFramework,Version=v4.6.1, .NETFramework,Version=v4.6.2, .NETFramework,Version=v4.7, .NETFramework,Version=v4.7.1, .NETFramework,Version=v4.7.2, .NETFramework,Version=v4.8, .NETFramework,Version=v4.8.1' instead of the project target framework 'net8.0'. This package may not be fully compatible with your project. [C:\Users\ultra\warewolf\Dev\ServerTests.sln]
C:\Users\ultra\warewolf\Dev\Dev2.Studio.Core.Tests\Dev2.Studio.Core.Tests.csproj : warning NU1701: Package 'CommonServiceLocator 1.2.0' was restored using '.NETFramework,Version=v4.6.1, .NETFramework,Version=v4.6.2, .NETFramework,Version=v4.7, .NETFramework,Version=v4.7.1, .NETFramework,Version=v4.7.2, .NETFramework,Version=v4.8, .NETFramework,Version=v4.8.1' instead of the project target framework 'net8.0'. This package may not be fully compatible with your project. [C:\Users\ultra\warewolf\Dev\ServerTests.sln]
C:\Users\ultra\warewolf\Dev\Dev2.Studio.Core.Tests\Dev2.Studio.Core.Tests.csproj : warning NU1701: Package 'FontAwesome.WPF 4.7.0.9' was restored using '.NETFramework,Version=v4.6.1, .NETFramework,Version=v4.6.2, .NETFramework,Version=v4.7, .NETFramework,Version=v4.7.1, .NETFramework,Version=v4.7.2, .NETFramework,Version=v4.8, .NETFramework,Version=v4.8.1' instead of the project target framework 'net8.0'. This package may not be fully compatible with your project. [C:\Users\ultra\warewolf\Dev\ServerTests.sln]
C:\Users\ultra\warewolf\Dev\Dev2.Studio.Core.Tests\Dev2.Studio.Core.Tests.csproj : warning NU1701: Package 'GroupControls 1.9.0' was restored using '.NETFramework,Version=v4.6.1, .NETFramework,Version=v4.6.2, .NETFramework,Version=v4.7, .NETFramework,Version=v4.7.1, .NETFramework,Version=v4.7.2, .NETFramework,Version=v4.8, .NETFramework,Version=v4.8.1' instead of the project target framework 'net8.0'. This package may not be fully compatible with your project. [C:\Users\ultra\warewolf\Dev\ServerTests.sln]
C:\Users\ultra\warewolf\Dev\Dev2.Studio.Core.Tests\Dev2.Studio.Core.Tests.csproj : warning NU1701: Package 'Log4Net.Async 2.0.4' was restored using '.NETFramework,Version=v4.6.1, .NETFramework,Version=v4.6.2, .NETFramework,Version=v4.7, .NETFramework,Version=v4.7.1, .NETFramework,Version=v4.7.2, .NETFramework,Version=v4.8, .NETFramework,Version=v4.8.1' instead of the project target framework 'net8.0'. This package may not be fully compatible with your project. [C:\Users\ultra\warewolf\Dev\ServerTests.sln]
C:\Users\ultra\warewolf\Dev\Dev2.Studio.Core.Tests\Dev2.Studio.Core.Tests.csproj : warning NU1701: Package 'Microsoft.Xaml.Behaviors.Wpf 1.1.122' was restored using '.NETFramework,Version=v4.6.1, .NETFramework,Version=v4.6.2, .NETFramework,Version=v4.7, .NETFramework,Version=v4.7.1, .NETFramework,Version=v4.7.2, .NETFramework,Version=v4.8, .NETFramework,Version=v4.8.1' instead of the project target framework 'net8.0'. This package may not be fully compatible with your project. [C:\Users\ultra\warewolf\Dev\ServerTests.sln]
C:\Users\ultra\warewolf\Dev\Dev2.Studio.Core.Tests\Dev2.Studio.Core.Tests.csproj : warning NU1701: Package 'Prism.Composition 5.0.0' was restored using '.NETFramework,Version=v4.6.1, .NETFramework,Version=v4.6.2, .NETFramework,Version=v4.7, .NETFramework,Version=v4.7.1, .NETFramework,Version=v4.7.2, .NETFramework,Version=v4.8, .NETFramework,Version=v4.8.1' instead of the project target framework 'net8.0'. This package may not be fully compatible with your project. [C:\Users\ultra\warewolf\Dev\ServerTests.sln]
C:\Users\ultra\warewolf\Dev\Dev2.Studio.Core.Tests\Dev2.Studio.Core.Tests.csproj : warning NU1701: Package 'Prism.Interactivity 5.0.0' was restored using '.NETFramework,Version=v4.6.1, .NETFramework,Version=v4.6.2, .NETFramework,Version=v4.7, .NETFramework,Version=v4.7.1, .NETFramework,Version=v4.7.2, .NETFramework,Version=v4.8, .NETFramework,Version=v4.8.1' instead of the project target framework 'net8.0'. This package may not be fully compatible with your project. [C:\Users\ultra\warewolf\Dev\ServerTests.sln]
C:\Users\ultra\warewolf\Dev\Dev2.Studio.Core.Tests\Dev2.Studio.Core.Tests.csproj : warning NU1701: Package 'Prism.Mvvm 1.0.0' was restored using '.NETFramework,Version=v4.6.1, .NETFramework,Version=v4.6.2, .NETFramework,Version=v4.7, .NETFramework,Version=v4.7.1, .NETFramework,Version=v4.7.2, .NETFramework,Version=v4.8, .NETFramework,Version=v4.8.1' instead of the project target framework 'net8.0'. This package may not be fully compatible with your project. [C:\Users\ultra\warewolf\Dev\ServerTests.sln]
C:\Users\ultra\warewolf\Dev\Dev2.Studio.Core.Tests\Dev2.Studio.Core.Tests.csproj : warning NU1701: Package 'Prism.PubSubEvents 1.0.0' was restored using '.NETFramework,Version=v4.6.1, .NETFramework,Version=v4.6.2, .NETFramework,Version=v4.7, .NETFramework,Version=v4.7.1, .NETFramework,Version=v4.7.2, .NETFramework,Version=v4.8, .NETFramework,Version=v4.8.1' instead of the project target framework 'net8.0'. This package may not be fully compatible with your project. [C:\Users\ultra\warewolf\Dev\ServerTests.sln]
C:\Users\ultra\warewolf\Dev\Dev2.Studio.Core.Tests\Dev2.Studio.Core.Tests.csproj : warning NU1701: Package 'Prism.UnityExtensions 5.0.1' was restored using '.NETFramework,Version=v4.6.1, .NETFramework,Version=v4.6.2, .NETFramework,Version=v4.7, .NETFramework,Version=v4.7.1, .NETFramework,Version=v4.7.2, .NETFramework,Version=v4.8, .NETFramework,Version=v4.8.1' instead of the project target framework 'net8.0'. This package may not be fully compatible with your project. [C:\Users\ultra\warewolf\Dev\ServerTests.sln]
C:\Users\ultra\warewolf\Dev\Dev2.Studio.Core.Tests\Dev2.Studio.Core.Tests.csproj : warning NU1701: Package 'Prism.Wpf 9.0.537' was restored using '.NETFramework,Version=v4.6.1, .NETFramework,Version=v4.6.2, .NETFramework,Version=v4.7, .NETFramework,Version=v4.7.1, .NETFramework,Version=v4.7.2, .NETFramework,Version=v4.8, .NETFramework,Version=v4.8.1' instead of the project target framework 'net8.0'. This package may not be fully compatible with your project. [C:\Users\ultra\warewolf\Dev\ServerTests.sln]
C:\Users\ultra\warewolf\Dev\Dev2.Studio.Core.Tests\Dev2.Studio.Core.Tests.csproj : warning NU1701: Package 'ReactiveUI.WPF 18.4.1' was restored using '.NETFramework,Version=v4.6.1, .NETFramework,Version=v4.6.2, .NETFramework,Version=v4.7, .NETFramework,Version=v4.7.1, .NETFramework,Version=v4.7.2, .NETFramework,Version=v4.8, .NETFramework,Version=v4.8.1' instead of the project target framework 'net8.0'. This package may not be fully compatible with your project. [C:\Users\ultra\warewolf\Dev\ServerTests.sln]
C:\Users\ultra\warewolf\Dev\Dev2.Studio.Core.Tests\Dev2.Studio.Core.Tests.csproj : warning NU1701: Package 'TaskSchedulerEditor 2.10.1' was restored using '.NETFramework,Version=v4.6.1, .NETFramework,Version=v4.6.2, .NETFramework,Version=v4.7, .NETFramework,Version=v4.7.1, .NETFramework,Version=v4.7.2, .NETFramework,Version=v4.8, .NETFramework,Version=v4.8.1' instead of the project target framework 'net8.0'. This package may not be fully compatible with your project. [C:\Users\ultra\warewolf\Dev\ServerTests.sln]
C:\Users\ultra\warewolf\Dev\Dev2.Studio.Core.Tests\Dev2.Studio.Core.Tests.csproj : warning NU1701: Package 'Unofficial.Microsoft.mshtml 7.0.3300' was restored using '.NETFramework,Version=v4.6.1, .NETFramework,Version=v4.6.2, .NETFramework,Version=v4.7, .NETFramework,Version=v4.7.1, .NETFramework,Version=v4.7.2, .NETFramework,Version=v4.8, .NETFramework,Version=v4.8.1' instead of the project target framework 'net8.0'. This package may not be fully compatible with your project. [C:\Users\ultra\warewolf\Dev\ServerTests.sln]
C:\Users\ultra\warewolf\Dev\Warewolf.Studio.Models\Warewolf.Studio.Models.csproj : warning NU1701: Package 'AeroWizard 2.3.1' was restored using '.NETFramework,Version=v4.6.1, .NETFramework,Version=v4.6.2, .NETFramework,Version=v4.7, .NETFramework,Version=v4.7.1, .NETFramework,Version=v4.7.2, .NETFramework,Version=v4.8, .NETFramework,Version=v4.8.1' instead of the project target framework 'net8.0'. This package may not be fully compatible with your project. [C:\Users\ultra\warewolf\Dev\ServerTests.sln]
C:\Users\ultra\warewolf\Dev\Warewolf.Studio.Models\Warewolf.Studio.Models.csproj : warning NU1701: Package 'GroupControls 1.9.0' was restored using '.NETFramework,Version=v4.6.1, .NETFramework,Version=v4.6.2, .NETFramework,Version=v4.7, .NETFramework,Version=v4.7.1, .NETFramework,Version=v4.7.2, .NETFramework,Version=v4.8, .NETFramework,Version=v4.8.1' instead of the project target framework 'net8.0'. This package may not be fully compatible with your project. [C:\Users\ultra\warewolf\Dev\ServerTests.sln]
C:\Users\ultra\warewolf\Dev\Warewolf.Studio.Models\Warewolf.Studio.Models.csproj : warning NU1701: Package 'Microsoft.Xaml.Behaviors.Wpf 1.1.122' was restored using '.NETFramework,Version=v4.6.1, .NETFramework,Version=v4.6.2, .NETFramework,Version=v4.7, .NETFramework,Version=v4.7.1, .NETFramework,Version=v4.7.2, .NETFramework,Version=v4.8, .NETFramework,Version=v4.8.1' instead of the project target framework 'net8.0'. This package may not be fully compatible with your project. [C:\Users\ultra\warewolf\Dev\ServerTests.sln]
C:\Users\ultra\warewolf\Dev\Warewolf.Studio.Models\Warewolf.Studio.Models.csproj : warning NU1701: Package 'Prism.Wpf 9.0.537' was restored using '.NETFramework,Version=v4.6.1, .NETFramework,Version=v4.6.2, .NETFramework,Version=v4.7, .NETFramework,Version=v4.7.1, .NETFramework,Version=v4.7.2, .NETFramework,Version=v4.8, .NETFramework,Version=v4.8.1' instead of the project target framework 'net8.0'. This package may not be fully compatible with your project. [C:\Users\ultra\warewolf\Dev\ServerTests.sln]
C:\Users\ultra\warewolf\Dev\Warewolf.Studio.Models\Warewolf.Studio.Models.csproj : warning NU1701: Package 'ReactiveUI.WPF 18.4.1' was restored using '.NETFramework,Version=v4.6.1, .NETFramework,Version=v4.6.2, .NETFramework,Version=v4.7, .NETFramework,Version=v4.7.1, .NETFramework,Version=v4.7.2, .NETFramework,Version=v4.8, .NETFramework,Version=v4.8.1' instead of the project target framework 'net8.0'. This package may not be fully compatible with your project. [C:\Users\ultra\warewolf\Dev\ServerTests.sln]
C:\Users\ultra\warewolf\Dev\Warewolf.Studio.Models\Warewolf.Studio.Models.csproj : warning NU1701: Package 'TaskSchedulerEditor 2.10.1' was restored using '.NETFramework,Version=v4.6.1, .NETFramework,Version=v4.6.2, .NETFramework,Version=v4.7, .NETFramework,Version=v4.7.1, .NETFramework,Version=v4.7.2, .NETFramework,Version=v4.8, .NETFramework,Version=v4.8.1' instead of the project target framework 'net8.0'. This package may not be fully compatible with your project. [C:\Users\ultra\warewolf\Dev\ServerTests.sln]
C:\Users\ultra\warewolf\Dev\Warewolf.Studio.Themes.Luna\Warewolf.Studio.Themes.Luna.csproj : warning NU1701: Package 'AeroWizard 2.3.1' was restored using '.NETFramework,Version=v4.6.1, .NETFramework,Version=v4.6.2, .NETFramework,Version=v4.7, .NETFramework,Version=v4.7.1, .NETFramework,Version=v4.7.2, .NETFramework,Version=v4.8, .NETFramework,Version=v4.8.1' instead of the project target framework 'net8.0'. This package may not be fully compatible with your project. [C:\Users\ultra\warewolf\Dev\ServerTests.sln]
C:\Users\ultra\warewolf\Dev\Warewolf.Studio.Themes.Luna\Warewolf.Studio.Themes.Luna.csproj : warning NU1701: Package 'GroupControls 1.9.0' was restored using '.NETFramework,Version=v4.6.1, .NETFramework,Version=v4.6.2, .NETFramework,Version=v4.7, .NETFramework,Version=v4.7.1, .NETFramework,Version=v4.7.2, .NETFramework,Version=v4.8, .NETFramework,Version=v4.8.1' instead of the project target framework 'net8.0'. This package may not be fully compatible with your project. [C:\Users\ultra\warewolf\Dev\ServerTests.sln]
  Restored C:\Users\ultra\warewolf\Dev\Warewolf.UI\Warewolf.UI.csproj (in 129 ms).
C:\Users\ultra\warewolf\Dev\Warewolf.Studio.Themes.Luna\Warewolf.Studio.Themes.Luna.csproj : warning NU1701: Package 'Microsoft.Xaml.Behaviors.Wpf 1.1.122' was restored using '.NETFramework,Version=v4.6.1, .NETFramework,Version=v4.6.2, .NETFramework,Version=v4.7, .NETFramework,Version=v4.7.1, .NETFramework,Version=v4.7.2, .NETFramework,Version=v4.8, .NETFramework,Version=v4.8.1' instead of the project target framework 'net8.0'. This package may not be fully compatible with your project. [C:\Users\ultra\warewolf\Dev\ServerTests.sln]
C:\Users\ultra\warewolf\Dev\Warewolf.Studio.Themes.Luna\Warewolf.Studio.Themes.Luna.csproj : warning NU1701: Package 'Prism.Wpf 9.0.537' was restored using '.NETFramework,Version=v4.6.1, .NETFramework,Version=v4.6.2, .NETFramework,Version=v4.7, .NETFramework,Version=v4.7.1, .NETFramework,Version=v4.7.2, .NETFramework,Version=v4.8, .NETFramework,Version=v4.8.1' instead of the project target framework 'net8.0'. This package may not be fully compatible with your project. [C:\Users\ultra\warewolf\Dev\ServerTests.sln]
C:\Users\ultra\warewolf\Dev\Warewolf.Studio.Themes.Luna\Warewolf.Studio.Themes.Luna.csproj : warning NU1701: Package 'ReactiveUI.WPF 18.4.1' was restored using '.NETFramework,Version=v4.6.1, .NETFramework,Version=v4.6.2, .NETFramework,Version=v4.7, .NETFramework,Version=v4.7.1, .NETFramework,Version=v4.7.2, .NETFramework,Version=v4.8, .NETFramework,Version=v4.8.1' instead of the project target framework 'net8.0'. This package may not be fully compatible with your project. [C:\Users\ultra\warewolf\Dev\ServerTests.sln]
C:\Users\ultra\warewolf\Dev\Warewolf.Studio.Themes.Luna\Warewolf.Studio.Themes.Luna.csproj : warning NU1701: Package 'TaskSchedulerEditor 2.10.1' was restored using '.NETFramework,Version=v4.6.1, .NETFramework,Version=v4.6.2, .NETFramework,Version=v4.7, .NETFramework,Version=v4.7.1, .NETFramework,Version=v4.7.2, .NETFramework,Version=v4.8, .NETFramework,Version=v4.8.1' instead of the project target framework 'net8.0'. This package may not be fully compatible with your project. [C:\Users\ultra\warewolf\Dev\ServerTests.sln]
  Restored C:\Users\ultra\warewolf\Dev\Dev2.Server.Tests\Dev2.Server.Tests.csproj (in 258 ms).
  Restored C:\Users\ultra\warewolf\Dev\Dev2.Studio\Dev2.Studio.csproj (in 231 ms).
  Restored C:\Users\ultra\warewolf\Dev\Warewolf.Studio.Models\Warewolf.Studio.Models.csproj (in 98 ms).
  Restored C:\Users\ultra\warewolf\Dev\Dev2.Studio.Core\Dev2.Studio.Core.csproj (in 201 ms).
  Restored C:\Users\ultra\warewolf\Dev\Dev2.Studio.Core.Specs\Dev2.Studio.Core.Specs.csproj (in 175 ms).
C:\Users\ultra\warewolf\Dev\Warewolf.Storage\Warewolf.Storage.csproj : warning NU1701: Package 'AeroWizard 2.3.1' was restored using '.NETFramework,Version=v4.6.1, .NETFramework,Version=v4.6.2, .NETFramework,Version=v4.7, .NETFramework,Version=v4.7.1, .NETFramework,Version=v4.7.2, .NETFramework,Version=v4.8, .NETFramework,Version=v4.8.1' instead of the project target framework 'net8.0'. This package may not be fully compatible with your project. [C:\Users\ultra\warewolf\Dev\ServerTests.sln]
C:\Users\ultra\warewolf\Dev\Warewolf.Storage\Warewolf.Storage.csproj : warning NU1701: Package 'GroupControls 1.9.0' was restored using '.NETFramework,Version=v4.6.1, .NETFramework,Version=v4.6.2, .NETFramework,Version=v4.7, .NETFramework,Version=v4.7.1, .NETFramework,Version=v4.7.2, .NETFramework,Version=v4.8, .NETFramework,Version=v4.8.1' instead of the project target framework 'net8.0'. This package may not be fully compatible with your project. [C:\Users\ultra\warewolf\Dev\ServerTests.sln]
C:\Users\ultra\warewolf\Dev\Warewolf.Storage\Warewolf.Storage.csproj : warning NU1701: Package 'ReactiveUI.WPF 18.4.1' was restored using '.NETFramework,Version=v4.6.1, .NETFramework,Version=v4.6.2, .NETFramework,Version=v4.7, .NETFramework,Version=v4.7.1, .NETFramework,Version=v4.7.2, .NETFramework,Version=v4.8, .NETFramework,Version=v4.8.1' instead of the project target framework 'net8.0'. This package may not be fully compatible with your project. [C:\Users\ultra\warewolf\Dev\ServerTests.sln]
C:\Users\ultra\warewolf\Dev\Warewolf.Storage\Warewolf.Storage.csproj : warning NU1701: Package 'TaskSchedulerEditor 2.10.1' was restored using '.NETFramework,Version=v4.6.1, .NETFramework,Version=v4.6.2, .NETFramework,Version=v4.7, .NETFramework,Version=v4.7.1, .NETFramework,Version=v4.7.2, .NETFramework,Version=v4.8, .NETFramework,Version=v4.8.1' instead of the project target framework 'net8.0'. This package may not be fully compatible with your project. [C:\Users\ultra\warewolf\Dev\ServerTests.sln]
C:\Users\ultra\warewolf\Dev\Warewolf.Studio.Core\Warewolf.Studio.Core.csproj : warning NU1701: Package 'AeroWizard 2.3.1' was restored using '.NETFramework,Version=v4.6.1, .NETFramework,Version=v4.6.2, .NETFramework,Version=v4.7, .NETFramework,Version=v4.7.1, .NETFramework,Version=v4.7.2, .NETFramework,Version=v4.8, .NETFramework,Version=v4.8.1' instead of the project target framework 'net8.0'. This package may not be fully compatible with your project. [C:\Users\ultra\warewolf\Dev\ServerTests.sln]
C:\Users\ultra\warewolf\Dev\Warewolf.Studio.Core\Warewolf.Studio.Core.csproj : warning NU1701: Package 'GroupControls 1.9.0' was restored using '.NETFramework,Version=v4.6.1, .NETFramework,Version=v4.6.2, .NETFramework,Version=v4.7, .NETFramework,Version=v4.7.1, .NETFramework,Version=v4.7.2, .NETFramework,Version=v4.8, .NETFramework,Version=v4.8.1' instead of the project target framework 'net8.0'. This package may not be fully compatible with your project. [C:\Users\ultra\warewolf\Dev\ServerTests.sln]
C:\Users\ultra\warewolf\Dev\Warewolf.Studio.Core\Warewolf.Studio.Core.csproj : warning NU1701: Package 'Microsoft.Xaml.Behaviors.Wpf 1.1.122' was restored using '.NETFramework,Version=v4.6.1, .NETFramework,Version=v4.6.2, .NETFramework,Version=v4.7, .NETFramework,Version=v4.7.1, .NETFramework,Version=v4.7.2, .NETFramework,Version=v4.8, .NETFramework,Version=v4.8.1' instead of the project target framework 'net8.0'. This package may not be fully compatible with your project. [C:\Users\ultra\warewolf\Dev\ServerTests.sln]
C:\Users\ultra\warewolf\Dev\Warewolf.Studio.Core\Warewolf.Studio.Core.csproj : warning NU1701: Package 'Prism.Wpf 9.0.537' was restored using '.NETFramework,Version=v4.6.1, .NETFramework,Version=v4.6.2, .NETFramework,Version=v4.7, .NETFramework,Version=v4.7.1, .NETFramework,Version=v4.7.2, .NETFramework,Version=v4.8, .NETFramework,Version=v4.8.1' instead of the project target framework 'net8.0'. This package may not be fully compatible with your project. [C:\Users\ultra\warewolf\Dev\ServerTests.sln]
C:\Users\ultra\warewolf\Dev\Warewolf.Studio.Core\Warewolf.Studio.Core.csproj : warning NU1701: Package 'ReactiveUI.WPF 18.4.1' was restored using '.NETFramework,Version=v4.6.1, .NETFramework,Version=v4.6.2, .NETFramework,Version=v4.7, .NETFramework,Version=v4.7.1, .NETFramework,Version=v4.7.2, .NETFramework,Version=v4.8, .NETFramework,Version=v4.8.1' instead of the project target framework 'net8.0'. This package may not be fully compatible with your project. [C:\Users\ultra\warewolf\Dev\ServerTests.sln]
C:\Users\ultra\warewolf\Dev\Warewolf.Studio.Core\Warewolf.Studio.Core.csproj : warning NU1701: Package 'TaskSchedulerEditor 2.10.1' was restored using '.NETFramework,Version=v4.6.1, .NETFramework,Version=v4.6.2, .NETFramework,Version=v4.7, .NETFramework,Version=v4.7.1, .NETFramework,Version=v4.7.2, .NETFramework,Version=v4.8, .NETFramework,Version=v4.8.1' instead of the project target framework 'net8.0'. This package may not be fully compatible with your project. [C:\Users\ultra\warewolf\Dev\ServerTests.sln]
  Restored C:\Users\ultra\warewolf\Dev\Dev2.Studio.Core.Tests\Dev2.Studio.Core.Tests.csproj (in 225 ms).
  Restored C:\Users\ultra\warewolf\Dev\Warewolf.Parser.Interop\Warewolf.Parser.Interop.csproj (in 15 ms).
  Restored C:\Users\ultra\warewolf\Dev\Warewolf.Studio.Themes.Luna\Warewolf.Studio.Themes.Luna.csproj (in 158 ms).
C:\Users\ultra\warewolf\Dev\Warewolf.Storage.Interfaces\Warewolf.Storage.Interfaces.csproj : warning NU1701: Package 'AeroWizard 2.3.1' was restored using '.NETFramework,Version=v4.6.1, .NETFramework,Version=v4.6.2, .NETFramework,Version=v4.7, .NETFramework,Version=v4.7.1, .NETFramework,Version=v4.7.2, .NETFramework,Version=v4.8, .NETFramework,Version=v4.8.1' instead of the project target framework 'net8.0'. This package may not be fully compatible with your project. [C:\Users\ultra\warewolf\Dev\ServerTests.sln]
C:\Users\ultra\warewolf\Dev\Warewolf.Storage.Interfaces\Warewolf.Storage.Interfaces.csproj : warning NU1701: Package 'GroupControls 1.9.0' was restored using '.NETFramework,Version=v4.6.1, .NETFramework,Version=v4.6.2, .NETFramework,Version=v4.7, .NETFramework,Version=v4.7.1, .NETFramework,Version=v4.7.2, .NETFramework,Version=v4.8, .NETFramework,Version=v4.8.1' instead of the project target framework 'net8.0'. This package may not be fully compatible with your project. [C:\Users\ultra\warewolf\Dev\ServerTests.sln]
C:\Users\ultra\warewolf\Dev\Warewolf.Storage.Interfaces\Warewolf.Storage.Interfaces.csproj : warning NU1701: Package 'TaskSchedulerEditor 2.10.1' was restored using '.NETFramework,Version=v4.6.1, .NETFramework,Version=v4.6.2, .NETFramework,Version=v4.7, .NETFramework,Version=v4.7.1, .NETFramework,Version=v4.7.2, .NETFramework,Version=v4.8, .NETFramework,Version=v4.8.1' instead of the project target framework 'net8.0'. This package may not be fully compatible with your project. [C:\Users\ultra\warewolf\Dev\ServerTests.sln]
C:\Users\ultra\warewolf\Dev\Warewolf.Studio.CustomControls\Warewolf.Studio.CustomControls.csproj : warning NU1701: Package 'AeroWizard 2.3.1' was restored using '.NETFramework,Version=v4.6.1, .NETFramework,Version=v4.6.2, .NETFramework,Version=v4.7, .NETFramework,Version=v4.7.1, .NETFramework,Version=v4.7.2, .NETFramework,Version=v4.8, .NETFramework,Version=v4.8.1' instead of the project target framework 'net8.0'. This package may not be fully compatible with your project. [C:\Users\ultra\warewolf\Dev\ServerTests.sln]
C:\Users\ultra\warewolf\Dev\Warewolf.Studio.CustomControls\Warewolf.Studio.CustomControls.csproj : warning NU1701: Package 'GroupControls 1.9.0' was restored using '.NETFramework,Version=v4.6.1, .NETFramework,Version=v4.6.2, .NETFramework,Version=v4.7, .NETFramework,Version=v4.7.1, .NETFramework,Version=v4.7.2, .NETFramework,Version=v4.8, .NETFramework,Version=v4.8.1' instead of the project target framework 'net8.0'. This package may not be fully compatible with your project. [C:\Users\ultra\warewolf\Dev\ServerTests.sln]
C:\Users\ultra\warewolf\Dev\Warewolf.Studio.CustomControls\Warewolf.Studio.CustomControls.csproj : warning NU1701: Package 'Microsoft.Xaml.Behaviors.Wpf 1.1.122' was restored using '.NETFramework,Version=v4.6.1, .NETFramework,Version=v4.6.2, .NETFramework,Version=v4.7, .NETFramework,Version=v4.7.1, .NETFramework,Version=v4.7.2, .NETFramework,Version=v4.8, .NETFramework,Version=v4.8.1' instead of the project target framework 'net8.0'. This package may not be fully compatible with your project. [C:\Users\ultra\warewolf\Dev\ServerTests.sln]
C:\Users\ultra\warewolf\Dev\Warewolf.Studio.CustomControls\Warewolf.Studio.CustomControls.csproj : warning NU1701: Package 'Prism.Wpf 9.0.537' was restored using '.NETFramework,Version=v4.6.1, .NETFramework,Version=v4.6.2, .NETFramework,Version=v4.7, .NETFramework,Version=v4.7.1, .NETFramework,Version=v4.7.2, .NETFramework,Version=v4.8, .NETFramework,Version=v4.8.1' instead of the project target framework 'net8.0'. This package may not be fully compatible with your project. [C:\Users\ultra\warewolf\Dev\ServerTests.sln]
C:\Users\ultra\warewolf\Dev\Warewolf.Studio.CustomControls\Warewolf.Studio.CustomControls.csproj : warning NU1701: Package 'ReactiveUI.WPF 18.4.1' was restored using '.NETFramework,Version=v4.6.1, .NETFramework,Version=v4.6.2, .NETFramework,Version=v4.7, .NETFramework,Version=v4.7.1, .NETFramework,Version=v4.7.2, .NETFramework,Version=v4.8, .NETFramework,Version=v4.8.1' instead of the project target framework 'net8.0'. This package may not be fully compatible with your project. [C:\Users\ultra\warewolf\Dev\ServerTests.sln]
C:\Users\ultra\warewolf\Dev\Warewolf.Studio.CustomControls\Warewolf.Studio.CustomControls.csproj : warning NU1701: Package 'TaskSchedulerEditor 2.10.1' was restored using '.NETFramework,Version=v4.6.1, .NETFramework,Version=v4.6.2, .NETFramework,Version=v4.7, .NETFramework,Version=v4.7.1, .NETFramework,Version=v4.7.2, .NETFramework,Version=v4.8, .NETFramework,Version=v4.8.1' instead of the project target framework 'net8.0'. This package may not be fully compatible with your project. [C:\Users\ultra\warewolf\Dev\ServerTests.sln]
C:\Users\ultra\warewolf\Dev\Warewolf.Storage.Tests\Warewolf.Storage.Tests.csproj : warning NU1701: Package 'AeroWizard 2.3.1' was restored using '.NETFramework,Version=v4.6.1, .NETFramework,Version=v4.6.2, .NETFramework,Version=v4.7, .NETFramework,Version=v4.7.1, .NETFramework,Version=v4.7.2, .NETFramework,Version=v4.8, .NETFramework,Version=v4.8.1' instead of the project target framework 'net8.0'. This package may not be fully compatible with your project. [C:\Users\ultra\warewolf\Dev\ServerTests.sln]
C:\Users\ultra\warewolf\Dev\Warewolf.Storage.Tests\Warewolf.Storage.Tests.csproj : warning NU1701: Package 'GroupControls 1.9.0' was restored using '.NETFramework,Version=v4.6.1, .NETFramework,Version=v4.6.2, .NETFramework,Version=v4.7, .NETFramework,Version=v4.7.1, .NETFramework,Version=v4.7.2, .NETFramework,Version=v4.8, .NETFramework,Version=v4.8.1' instead of the project target framework 'net8.0'. This package may not be fully compatible with your project. [C:\Users\ultra\warewolf\Dev\ServerTests.sln]
C:\Users\ultra\warewolf\Dev\Warewolf.Studio.AntiCorruptionLayer\Warewolf.Studio.AntiCorruptionLayer.csproj : warning NU1701: Package 'AeroWizard 2.3.1' was restored using '.NETFramework,Version=v4.6.1, .NETFramework,Version=v4.6.2, .NETFramework,Version=v4.7, .NETFramework,Version=v4.7.1, .NETFramework,Version=v4.7.2, .NETFramework,Version=v4.8, .NETFramework,Version=v4.8.1' instead of the project target framework 'net8.0'. This package may not be fully compatible with your project. [C:\Users\ultra\warewolf\Dev\ServerTests.sln]
C:\Users\ultra\warewolf\Dev\Warewolf.Studio.AntiCorruptionLayer\Warewolf.Studio.AntiCorruptionLayer.csproj : warning NU1701: Package 'GroupControls 1.9.0' was restored using '.NETFramework,Version=v4.6.1, .NETFramework,Version=v4.6.2, .NETFramework,Version=v4.7, .NETFramework,Version=v4.7.1, .NETFramework,Version=v4.7.2, .NETFramework,Version=v4.8, .NETFramework,Version=v4.8.1' instead of the project target framework 'net8.0'. This package may not be fully compatible with your project. [C:\Users\ultra\warewolf\Dev\ServerTests.sln]
C:\Users\ultra\warewolf\Dev\Warewolf.Storage.Tests\Warewolf.Storage.Tests.csproj : warning NU1701: Package 'Microsoft.Xaml.Behaviors.Wpf 1.1.122' was restored using '.NETFramework,Version=v4.6.1, .NETFramework,Version=v4.6.2, .NETFramework,Version=v4.7, .NETFramework,Version=v4.7.1, .NETFramework,Version=v4.7.2, .NETFramework,Version=v4.8, .NETFramework,Version=v4.8.1' instead of the project target framework 'net8.0'. This package may not be fully compatible with your project. [C:\Users\ultra\warewolf\Dev\ServerTests.sln]
C:\Users\ultra\warewolf\Dev\Warewolf.Storage.Tests\Warewolf.Storage.Tests.csproj : warning NU1701: Package 'Prism.Wpf 9.0.537' was restored using '.NETFramework,Version=v4.6.1, .NETFramework,Version=v4.6.2, .NETFramework,Version=v4.7, .NETFramework,Version=v4.7.1, .NETFramework,Version=v4.7.2, .NETFramework,Version=v4.8, .NETFramework,Version=v4.8.1' instead of the project target framework 'net8.0'. This package may not be fully compatible with your project. [C:\Users\ultra\warewolf\Dev\ServerTests.sln]
C:\Users\ultra\warewolf\Dev\Warewolf.Storage.Tests\Warewolf.Storage.Tests.csproj : warning NU1701: Package 'ReactiveUI.WPF 18.4.1' was restored using '.NETFramework,Version=v4.6.1, .NETFramework,Version=v4.6.2, .NETFramework,Version=v4.7, .NETFramework,Version=v4.7.1, .NETFramework,Version=v4.7.2, .NETFramework,Version=v4.8, .NETFramework,Version=v4.8.1' instead of the project target framework 'net8.0'. This package may not be fully compatible with your project. [C:\Users\ultra\warewolf\Dev\ServerTests.sln]
C:\Users\ultra\warewolf\Dev\Warewolf.Studio.AntiCorruptionLayer\Warewolf.Studio.AntiCorruptionLayer.csproj : warning NU1701: Package 'Microsoft.Xaml.Behaviors.Wpf 1.1.122' was restored using '.NETFramework,Version=v4.6.1, .NETFramework,Version=v4.6.2, .NETFramework,Version=v4.7, .NETFramework,Version=v4.7.1, .NETFramework,Version=v4.7.2, .NETFramework,Version=v4.8, .NETFramework,Version=v4.8.1' instead of the project target framework 'net8.0'. This package may not be fully compatible with your project. [C:\Users\ultra\warewolf\Dev\ServerTests.sln]
C:\Users\ultra\warewolf\Dev\Warewolf.Studio.AntiCorruptionLayer\Warewolf.Studio.AntiCorruptionLayer.csproj : warning NU1701: Package 'Prism.Wpf 9.0.537' was restored using '.NETFramework,Version=v4.6.1, .NETFramework,Version=v4.6.2, .NETFramework,Version=v4.7, .NETFramework,Version=v4.7.1, .NETFramework,Version=v4.7.2, .NETFramework,Version=v4.8, .NETFramework,Version=v4.8.1' instead of the project target framework 'net8.0'. This package may not be fully compatible with your project. [C:\Users\ultra\warewolf\Dev\ServerTests.sln]
C:\Users\ultra\warewolf\Dev\Warewolf.Studio.AntiCorruptionLayer\Warewolf.Studio.AntiCorruptionLayer.csproj : warning NU1701: Package 'ReactiveUI.WPF 18.4.1' was restored using '.NETFramework,Version=v4.6.1, .NETFramework,Version=v4.6.2, .NETFramework,Version=v4.7, .NETFramework,Version=v4.7.1, .NETFramework,Version=v4.7.2, .NETFramework,Version=v4.8, .NETFramework,Version=v4.8.1' instead of the project target framework 'net8.0'. This package may not be fully compatible with your project. [C:\Users\ultra\warewolf\Dev\ServerTests.sln]
C:\Users\ultra\warewolf\Dev\Warewolf.Storage.Tests\Warewolf.Storage.Tests.csproj : warning NU1701: Package 'TaskSchedulerEditor 2.10.1' was restored using '.NETFramework,Version=v4.6.1, .NETFramework,Version=v4.6.2, .NETFramework,Version=v4.7, .NETFramework,Version=v4.7.1, .NETFramework,Version=v4.7.2, .NETFramework,Version=v4.8, .NETFramework,Version=v4.8.1' instead of the project target framework 'net8.0'. This package may not be fully compatible with your project. [C:\Users\ultra\warewolf\Dev\ServerTests.sln]
C:\Users\ultra\warewolf\Dev\Warewolf.Studio.AntiCorruptionLayer\Warewolf.Studio.AntiCorruptionLayer.csproj : warning NU1701: Package 'TaskSchedulerEditor 2.10.1' was restored using '.NETFramework,Version=v4.6.1, .NETFramework,Version=v4.6.2, .NETFramework,Version=v4.7, .NETFramework,Version=v4.7.1, .NETFramework,Version=v4.7.2, .NETFramework,Version=v4.8, .NETFramework,Version=v4.8.1' instead of the project target framework 'net8.0'. This package may not be fully compatible with your project. [C:\Users\ultra\warewolf\Dev\ServerTests.sln]
C:\Users\ultra\warewolf\Dev\Warewolf.Sharepoint\Warewolf.Sharepoint.csproj : warning NU1701: Package 'AeroWizard 2.3.1' was restored using '.NETFramework,Version=v4.6.1, .NETFramework,Version=v4.6.2, .NETFramework,Version=v4.7, .NETFramework,Version=v4.7.1, .NETFramework,Version=v4.7.2, .NETFramework,Version=v4.8, .NETFramework,Version=v4.8.1' instead of the project target framework 'net8.0'. This package may not be fully compatible with your project. [C:\Users\ultra\warewolf\Dev\ServerTests.sln]
C:\Users\ultra\warewolf\Dev\Warewolf.Sharepoint\Warewolf.Sharepoint.csproj : warning NU1701: Package 'GroupControls 1.9.0' was restored using '.NETFramework,Version=v4.6.1, .NETFramework,Version=v4.6.2, .NETFramework,Version=v4.7, .NETFramework,Version=v4.7.1, .NETFramework,Version=v4.7.2, .NETFramework,Version=v4.8, .NETFramework,Version=v4.8.1' instead of the project target framework 'net8.0'. This package may not be fully compatible with your project. [C:\Users\ultra\warewolf\Dev\ServerTests.sln]
C:\Users\ultra\warewolf\Dev\Warewolf.Sharepoint\Warewolf.Sharepoint.csproj : warning NU1701: Package 'ReactiveUI.WPF 18.4.1' was restored using '.NETFramework,Version=v4.6.1, .NETFramework,Version=v4.6.2, .NETFramework,Version=v4.7, .NETFramework,Version=v4.7.1, .NETFramework,Version=v4.7.2, .NETFramework,Version=v4.8, .NETFramework,Version=v4.8.1' instead of the project target framework 'net8.0'. This package may not be fully compatible with your project. [C:\Users\ultra\warewolf\Dev\ServerTests.sln]
C:\Users\ultra\warewolf\Dev\Warewolf.Sharepoint\Warewolf.Sharepoint.csproj : warning NU1701: Package 'TaskSchedulerEditor 2.10.1' was restored using '.NETFramework,Version=v4.6.1, .NETFramework,Version=v4.6.2, .NETFramework,Version=v4.7, .NETFramework,Version=v4.7.1, .NETFramework,Version=v4.7.2, .NETFramework,Version=v4.8, .NETFramework,Version=v4.8.1' instead of the project target framework 'net8.0'. This package may not be fully compatible with your project. [C:\Users\ultra\warewolf\Dev\ServerTests.sln]
  Restored C:\Users\ultra\warewolf\Dev\Warewolf.Storage.Interfaces\Warewolf.Storage.Interfaces.csproj (in 40 ms).
  Restored C:\Users\ultra\warewolf\Dev\Warewolf.Storage\Warewolf.Storage.csproj (in 53 ms).
C:\Users\ultra\warewolf\Dev\Warewolf.Parsing.Tests\Warewolf.Parsing.Tests.csproj : warning NU1701: Package 'AeroWizard 2.3.1' was restored using '.NETFramework,Version=v4.6.1, .NETFramework,Version=v4.6.2, .NETFramework,Version=v4.7, .NETFramework,Version=v4.7.1, .NETFramework,Version=v4.7.2, .NETFramework,Version=v4.8, .NETFramework,Version=v4.8.1' instead of the project target framework 'net8.0'. This package may not be fully compatible with your project. [C:\Users\ultra\warewolf\Dev\ServerTests.sln]
C:\Users\ultra\warewolf\Dev\Warewolf.Parsing.Tests\Warewolf.Parsing.Tests.csproj : warning NU1701: Package 'GroupControls 1.9.0' was restored using '.NETFramework,Version=v4.6.1, .NETFramework,Version=v4.6.2, .NETFramework,Version=v4.7, .NETFramework,Version=v4.7.1, .NETFramework,Version=v4.7.2, .NETFramework,Version=v4.8, .NETFramework,Version=v4.8.1' instead of the project target framework 'net8.0'. This package may not be fully compatible with your project. [C:\Users\ultra\warewolf\Dev\ServerTests.sln]
C:\Users\ultra\warewolf\Dev\Warewolf.Parsing.Tests\Warewolf.Parsing.Tests.csproj : warning NU1701: Package 'Microsoft.Xaml.Behaviors.Wpf 1.1.122' was restored using '.NETFramework,Version=v4.6.1, .NETFramework,Version=v4.6.2, .NETFramework,Version=v4.7, .NETFramework,Version=v4.7.1, .NETFramework,Version=v4.7.2, .NETFramework,Version=v4.8, .NETFramework,Version=v4.8.1' instead of the project target framework 'net8.0'. This package may not be fully compatible with your project. [C:\Users\ultra\warewolf\Dev\ServerTests.sln]
C:\Users\ultra\warewolf\Dev\Warewolf.Parsing.Tests\Warewolf.Parsing.Tests.csproj : warning NU1701: Package 'Prism.Wpf 9.0.537' was restored using '.NETFramework,Version=v4.6.1, .NETFramework,Version=v4.6.2, .NETFramework,Version=v4.7, .NETFramework,Version=v4.7.1, .NETFramework,Version=v4.7.2, .NETFramework,Version=v4.8, .NETFramework,Version=v4.8.1' instead of the project target framework 'net8.0'. This package may not be fully compatible with your project. [C:\Users\ultra\warewolf\Dev\ServerTests.sln]
C:\Users\ultra\warewolf\Dev\Warewolf.Parsing.Tests\Warewolf.Parsing.Tests.csproj : warning NU1701: Package 'ReactiveUI.WPF 18.4.1' was restored using '.NETFramework,Version=v4.6.1, .NETFramework,Version=v4.6.2, .NETFramework,Version=v4.7, .NETFramework,Version=v4.7.1, .NETFramework,Version=v4.7.2, .NETFramework,Version=v4.8, .NETFramework,Version=v4.8.1' instead of the project target framework 'net8.0'. This package may not be fully compatible with your project. [C:\Users\ultra\warewolf\Dev\ServerTests.sln]
C:\Users\ultra\warewolf\Dev\Warewolf.Parsing.Tests\Warewolf.Parsing.Tests.csproj : warning NU1701: Package 'TaskSchedulerEditor 2.10.1' was restored using '.NETFramework,Version=v4.6.1, .NETFramework,Version=v4.6.2, .NETFramework,Version=v4.7, .NETFramework,Version=v4.7.1, .NETFramework,Version=v4.7.2, .NETFramework,Version=v4.8, .NETFramework,Version=v4.8.1' instead of the project target framework 'net8.0'. This package may not be fully compatible with your project. [C:\Users\ultra\warewolf\Dev\ServerTests.sln]
  Restored C:\Users\ultra\warewolf\Dev\Warewolf.Studio.CustomControls\Warewolf.Studio.CustomControls.csproj (in 153 ms).
  Restored C:\Users\ultra\warewolf\Dev\Warewolf.Storage.Tests\Warewolf.Storage.Tests.csproj (in 105 ms).
  Restored C:\Users\ultra\warewolf\Dev\Warewolf.Studio.Core\Warewolf.Studio.Core.csproj (in 119 ms).
C:\Users\ultra\warewolf\Dev\Warewolf.Licensing\Warewolf.Licensing.csproj : warning NU1701: Package 'AeroWizard 2.3.1' was restored using '.NETFramework,Version=v4.6.1, .NETFramework,Version=v4.6.2, .NETFramework,Version=v4.7, .NETFramework,Version=v4.7.1, .NETFramework,Version=v4.7.2, .NETFramework,Version=v4.8, .NETFramework,Version=v4.8.1' instead of the project target framework 'net8.0'. This package may not be fully compatible with your project. [C:\Users\ultra\warewolf\Dev\ServerTests.sln]
  Restored C:\Users\ultra\warewolf\Dev\Warewolf.Sharepoint\Warewolf.Sharepoint.csproj (in 71 ms).
  Restored C:\Users\ultra\warewolf\Dev\Warewolf.Studio.AntiCorruptionLayer\Warewolf.Studio.AntiCorruptionLayer.csproj (in 139 ms).
C:\Users\ultra\warewolf\Dev\Warewolf.Licensing\Warewolf.Licensing.csproj : warning NU1701: Package 'GroupControls 1.9.0' was restored using '.NETFramework,Version=v4.6.1, .NETFramework,Version=v4.6.2, .NETFramework,Version=v4.7, .NETFramework,Version=v4.7.1, .NETFramework,Version=v4.7.2, .NETFramework,Version=v4.8, .NETFramework,Version=v4.8.1' instead of the project target framework 'net8.0'. This package may not be fully compatible with your project. [C:\Users\ultra\warewolf\Dev\ServerTests.sln]
C:\Users\ultra\warewolf\Dev\Warewolf.Licensing\Warewolf.Licensing.csproj : warning NU1701: Package 'TaskSchedulerEditor 2.10.1' was restored using '.NETFramework,Version=v4.6.1, .NETFramework,Version=v4.6.2, .NETFramework,Version=v4.7, .NETFramework,Version=v4.7.1, .NETFramework,Version=v4.7.2, .NETFramework,Version=v4.8, .NETFramework,Version=v4.8.1' instead of the project target framework 'net8.0'. This package may not be fully compatible with your project. [C:\Users\ultra\warewolf\Dev\ServerTests.sln]
  Restored C:\Users\ultra\warewolf\Dev\Warewolf.Common.Interfaces.NetStandard20\Warewolf.Common.Interfaces.NetStandard20.csproj (in 1 ms).
C:\Users\ultra\warewolf\Dev\Warewolf.Licencing.Tests\Warewolf.Licencing.Tests.csproj : warning NU1701: Package 'AeroWizard 2.3.1' was restored using '.NETFramework,Version=v4.6.1, .NETFramework,Version=v4.6.2, .NETFramework,Version=v4.7, .NETFramework,Version=v4.7.1, .NETFramework,Version=v4.7.2, .NETFramework,Version=v4.8, .NETFramework,Version=v4.8.1' instead of the project target framework 'net8.0'. This package may not be fully compatible with your project. [C:\Users\ultra\warewolf\Dev\ServerTests.sln]
C:\Users\ultra\warewolf\Dev\Warewolf.Licencing.Tests\Warewolf.Licencing.Tests.csproj : warning NU1701: Package 'GroupControls 1.9.0' was restored using '.NETFramework,Version=v4.6.1, .NETFramework,Version=v4.6.2, .NETFramework,Version=v4.7, .NETFramework,Version=v4.7.1, .NETFramework,Version=v4.7.2, .NETFramework,Version=v4.8, .NETFramework,Version=v4.8.1' instead of the project target framework 'net8.0'. This package may not be fully compatible with your project. [C:\Users\ultra\warewolf\Dev\ServerTests.sln]
C:\Users\ultra\warewolf\Dev\Warewolf.Licencing.Tests\Warewolf.Licencing.Tests.csproj : warning NU1701: Package 'TaskSchedulerEditor 2.10.1' was restored using '.NETFramework,Version=v4.6.1, .NETFramework,Version=v4.6.2, .NETFramework,Version=v4.7, .NETFramework,Version=v4.7.1, .NETFramework,Version=v4.7.2, .NETFramework,Version=v4.8, .NETFramework,Version=v4.8.1' instead of the project target framework 'net8.0'. This package may not be fully compatible with your project. [C:\Users\ultra\warewolf\Dev\ServerTests.sln]
  Restored C:\Users\ultra\warewolf\Dev\Warewolf.Language.Parser\Warewolf.Language.Parser.fsproj (in 4 ms).
  Restored C:\Users\ultra\warewolf\Dev\Warewolf.Parsing.Tests\Warewolf.Parsing.Tests.csproj (in 115 ms).
C:\Users\ultra\warewolf\Dev\Warewolf.Logger\Warewolf.Logger.csproj : warning NU1701: Package 'AeroWizard 2.3.1' was restored using '.NETFramework,Version=v4.6.1, .NETFramework,Version=v4.6.2, .NETFramework,Version=v4.7, .NETFramework,Version=v4.7.1, .NETFramework,Version=v4.7.2, .NETFramework,Version=v4.8, .NETFramework,Version=v4.8.1' instead of the project target framework 'net8.0'. This package may not be fully compatible with your project. [C:\Users\ultra\warewolf\Dev\ServerTests.sln]
C:\Users\ultra\warewolf\Dev\Warewolf.Logger\Warewolf.Logger.csproj : warning NU1701: Package 'GroupControls 1.9.0' was restored using '.NETFramework,Version=v4.6.1, .NETFramework,Version=v4.6.2, .NETFramework,Version=v4.7, .NETFramework,Version=v4.7.1, .NETFramework,Version=v4.7.2, .NETFramework,Version=v4.8, .NETFramework,Version=v4.8.1' instead of the project target framework 'net8.0'. This package may not be fully compatible with your project. [C:\Users\ultra\warewolf\Dev\ServerTests.sln]
C:\Users\ultra\warewolf\Dev\Warewolf.MergeParser\Warewolf.MergeParser.csproj : warning NU1701: Package 'AeroWizard 2.3.1' was restored using '.NETFramework,Version=v4.6.1, .NETFramework,Version=v4.6.2, .NETFramework,Version=v4.7, .NETFramework,Version=v4.7.1, .NETFramework,Version=v4.7.2, .NETFramework,Version=v4.8, .NETFramework,Version=v4.8.1' instead of the project target framework 'net8.0'. This package may not be fully compatible with your project. [C:\Users\ultra\warewolf\Dev\ServerTests.sln]
C:\Users\ultra\warewolf\Dev\Warewolf.MergeParser\Warewolf.MergeParser.csproj : warning NU1701: Package 'GroupControls 1.9.0' was restored using '.NETFramework,Version=v4.6.1, .NETFramework,Version=v4.6.2, .NETFramework,Version=v4.7, .NETFramework,Version=v4.7.1, .NETFramework,Version=v4.7.2, .NETFramework,Version=v4.8, .NETFramework,Version=v4.8.1' instead of the project target framework 'net8.0'. This package may not be fully compatible with your project. [C:\Users\ultra\warewolf\Dev\ServerTests.sln]
C:\Users\ultra\warewolf\Dev\Warewolf.Logger\Warewolf.Logger.csproj : warning NU1701: Package 'Microsoft.Xaml.Behaviors.Wpf 1.1.122' was restored using '.NETFramework,Version=v4.6.1, .NETFramework,Version=v4.6.2, .NETFramework,Version=v4.7, .NETFramework,Version=v4.7.1, .NETFramework,Version=v4.7.2, .NETFramework,Version=v4.8, .NETFramework,Version=v4.8.1' instead of the project target framework 'net8.0'. This package may not be fully compatible with your project. [C:\Users\ultra\warewolf\Dev\ServerTests.sln]
C:\Users\ultra\warewolf\Dev\Warewolf.Logger\Warewolf.Logger.csproj : warning NU1701: Package 'Prism.Wpf 9.0.537' was restored using '.NETFramework,Version=v4.6.1, .NETFramework,Version=v4.6.2, .NETFramework,Version=v4.7, .NETFramework,Version=v4.7.1, .NETFramework,Version=v4.7.2, .NETFramework,Version=v4.8, .NETFramework,Version=v4.8.1' instead of the project target framework 'net8.0'. This package may not be fully compatible with your project. [C:\Users\ultra\warewolf\Dev\ServerTests.sln]
C:\Users\ultra\warewolf\Dev\Warewolf.MergeParser\Warewolf.MergeParser.csproj : warning NU1701: Package 'Microsoft.Xaml.Behaviors.Wpf 1.1.122' was restored using '.NETFramework,Version=v4.6.1, .NETFramework,Version=v4.6.2, .NETFramework,Version=v4.7, .NETFramework,Version=v4.7.1, .NETFramework,Version=v4.7.2, .NETFramework,Version=v4.8, .NETFramework,Version=v4.8.1' instead of the project target framework 'net8.0'. This package may not be fully compatible with your project. [C:\Users\ultra\warewolf\Dev\ServerTests.sln]
C:\Users\ultra\warewolf\Dev\Warewolf.Logger\Warewolf.Logger.csproj : warning NU1701: Package 'ReactiveUI.WPF 18.4.1' was restored using '.NETFramework,Version=v4.6.1, .NETFramework,Version=v4.6.2, .NETFramework,Version=v4.7, .NETFramework,Version=v4.7.1, .NETFramework,Version=v4.7.2, .NETFramework,Version=v4.8, .NETFramework,Version=v4.8.1' instead of the project target framework 'net8.0'. This package may not be fully compatible with your project. [C:\Users\ultra\warewolf\Dev\ServerTests.sln]
C:\Users\ultra\warewolf\Dev\Warewolf.MergeParser\Warewolf.MergeParser.csproj : warning NU1701: Package 'Prism.Wpf 9.0.537' was restored using '.NETFramework,Version=v4.6.1, .NETFramework,Version=v4.6.2, .NETFramework,Version=v4.7, .NETFramework,Version=v4.7.1, .NETFramework,Version=v4.7.2, .NETFramework,Version=v4.8, .NETFramework,Version=v4.8.1' instead of the project target framework 'net8.0'. This package may not be fully compatible with your project. [C:\Users\ultra\warewolf\Dev\ServerTests.sln]
C:\Users\ultra\warewolf\Dev\Warewolf.MergeParser\Warewolf.MergeParser.csproj : warning NU1701: Package 'ReactiveUI.WPF 18.4.1' was restored using '.NETFramework,Version=v4.6.1, .NETFramework,Version=v4.6.2, .NETFramework,Version=v4.7, .NETFramework,Version=v4.7.1, .NETFramework,Version=v4.7.2, .NETFramework,Version=v4.8, .NETFramework,Version=v4.8.1' instead of the project target framework 'net8.0'. This package may not be fully compatible with your project. [C:\Users\ultra\warewolf\Dev\ServerTests.sln]
C:\Users\ultra\warewolf\Dev\Warewolf.Logger\Warewolf.Logger.csproj : warning NU1701: Package 'TaskSchedulerEditor 2.10.1' was restored using '.NETFramework,Version=v4.6.1, .NETFramework,Version=v4.6.2, .NETFramework,Version=v4.7, .NETFramework,Version=v4.7.1, .NETFramework,Version=v4.7.2, .NETFramework,Version=v4.8, .NETFramework,Version=v4.8.1' instead of the project target framework 'net8.0'. This package may not be fully compatible with your project. [C:\Users\ultra\warewolf\Dev\ServerTests.sln]
C:\Users\ultra\warewolf\Dev\Warewolf.MergeParser\Warewolf.MergeParser.csproj : warning NU1701: Package 'TaskSchedulerEditor 2.10.1' was restored using '.NETFramework,Version=v4.6.1, .NETFramework,Version=v4.6.2, .NETFramework,Version=v4.7, .NETFramework,Version=v4.7.1, .NETFramework,Version=v4.7.2, .NETFramework,Version=v4.8, .NETFramework,Version=v4.8.1' instead of the project target framework 'net8.0'. This package may not be fully compatible with your project. [C:\Users\ultra\warewolf\Dev\ServerTests.sln]
C:\Users\ultra\warewolf\Dev\Warewolf.MergeParser.Tests\Warewolf.MergeParser.Tests.csproj : warning NU1701: Package 'AeroWizard 2.3.1' was restored using '.NETFramework,Version=v4.6.1, .NETFramework,Version=v4.6.2, .NETFramework,Version=v4.7, .NETFramework,Version=v4.7.1, .NETFramework,Version=v4.7.2, .NETFramework,Version=v4.8, .NETFramework,Version=v4.8.1' instead of the project target framework 'net8.0'. This package may not be fully compatible with your project. [C:\Users\ultra\warewolf\Dev\ServerTests.sln]
C:\Users\ultra\warewolf\Dev\Warewolf.MergeParser.Tests\Warewolf.MergeParser.Tests.csproj : warning NU1701: Package 'GroupControls 1.9.0' was restored using '.NETFramework,Version=v4.6.1, .NETFramework,Version=v4.6.2, .NETFramework,Version=v4.7, .NETFramework,Version=v4.7.1, .NETFramework,Version=v4.7.2, .NETFramework,Version=v4.8, .NETFramework,Version=v4.8.1' instead of the project target framework 'net8.0'. This package may not be fully compatible with your project. [C:\Users\ultra\warewolf\Dev\ServerTests.sln]
C:\Users\ultra\warewolf\Dev\Warewolf.MergeParser.Tests\Warewolf.MergeParser.Tests.csproj : warning NU1701: Package 'Microsoft.Xaml.Behaviors.Wpf 1.1.122' was restored using '.NETFramework,Version=v4.6.1, .NETFramework,Version=v4.6.2, .NETFramework,Version=v4.7, .NETFramework,Version=v4.7.1, .NETFramework,Version=v4.7.2, .NETFramework,Version=v4.8, .NETFramework,Version=v4.8.1' instead of the project target framework 'net8.0'. This package may not be fully compatible with your project. [C:\Users\ultra\warewolf\Dev\ServerTests.sln]
C:\Users\ultra\warewolf\Dev\Warewolf.MergeParser.Tests\Warewolf.MergeParser.Tests.csproj : warning NU1701: Package 'Prism.Wpf 9.0.537' was restored using '.NETFramework,Version=v4.6.1, .NETFramework,Version=v4.6.2, .NETFramework,Version=v4.7, .NETFramework,Version=v4.7.1, .NETFramework,Version=v4.7.2, .NETFramework,Version=v4.8, .NETFramework,Version=v4.8.1' instead of the project target framework 'net8.0'. This package may not be fully compatible with your project. [C:\Users\ultra\warewolf\Dev\ServerTests.sln]
C:\Users\ultra\warewolf\Dev\Warewolf.MergeParser.Tests\Warewolf.MergeParser.Tests.csproj : warning NU1701: Package 'ReactiveUI.WPF 18.4.1' was restored using '.NETFramework,Version=v4.6.1, .NETFramework,Version=v4.6.2, .NETFramework,Version=v4.7, .NETFramework,Version=v4.7.1, .NETFramework,Version=v4.7.2, .NETFramework,Version=v4.8, .NETFramework,Version=v4.8.1' instead of the project target framework 'net8.0'. This package may not be fully compatible with your project. [C:\Users\ultra\warewolf\Dev\ServerTests.sln]
C:\Users\ultra\warewolf\Dev\Warewolf.MergeParser.Tests\Warewolf.MergeParser.Tests.csproj : warning NU1701: Package 'TaskSchedulerEditor 2.10.1' was restored using '.NETFramework,Version=v4.6.1, .NETFramework,Version=v4.6.2, .NETFramework,Version=v4.7, .NETFramework,Version=v4.7.1, .NETFramework,Version=v4.7.2, .NETFramework,Version=v4.8, .NETFramework,Version=v4.8.1' instead of the project target framework 'net8.0'. This package may not be fully compatible with your project. [C:\Users\ultra\warewolf\Dev\ServerTests.sln]
  Restored C:\Users\ultra\warewolf\Dev\Warewolf.Licencing.Tests\Warewolf.Licencing.Tests.csproj (in 43 ms).
  Restored C:\Users\ultra\warewolf\Dev\Warewolf.Licensing\Warewolf.Licensing.csproj (in 47 ms).
C:\Users\ultra\warewolf\Dev\Warewolf.AI.Harness\Warewolf.AI.Harness.csproj : warning NU1701: Package 'AeroWizard 2.3.1' was restored using '.NETFramework,Version=v4.6.1, .NETFramework,Version=v4.6.2, .NETFramework,Version=v4.7, .NETFramework,Version=v4.7.1, .NETFramework,Version=v4.7.2, .NETFramework,Version=v4.8, .NETFramework,Version=v4.8.1' instead of the project target framework 'net8.0'. This package may not be fully compatible with your project. [C:\Users\ultra\warewolf\Dev\ServerTests.sln]
C:\Users\ultra\warewolf\Dev\Warewolf.AI.Harness\Warewolf.AI.Harness.csproj : warning NU1701: Package 'GroupControls 1.9.0' was restored using '.NETFramework,Version=v4.6.1, .NETFramework,Version=v4.6.2, .NETFramework,Version=v4.7, .NETFramework,Version=v4.7.1, .NETFramework,Version=v4.7.2, .NETFramework,Version=v4.8, .NETFramework,Version=v4.8.1' instead of the project target framework 'net8.0'. This package may not be fully compatible with your project. [C:\Users\ultra\warewolf\Dev\ServerTests.sln]
C:\Users\ultra\warewolf\Dev\Warewolf.AI.Harness\Warewolf.AI.Harness.csproj : warning NU1701: Package 'TaskSchedulerEditor 2.10.1' was restored using '.NETFramework,Version=v4.6.1, .NETFramework,Version=v4.6.2, .NETFramework,Version=v4.7, .NETFramework,Version=v4.7.1, .NETFramework,Version=v4.7.2, .NETFramework,Version=v4.8, .NETFramework,Version=v4.8.1' instead of the project target framework 'net8.0'. This package may not be fully compatible with your project. [C:\Users\ultra\warewolf\Dev\ServerTests.sln]
  Restored C:\Users\ultra\warewolf\Dev\Log4Net.Async\Log4Net.Async.csproj (in 3 ms).
  Restored C:\Users\ultra\warewolf\Dev\Warewolf.Logger\Warewolf.Logger.csproj (in 144 ms).
C:\Users\ultra\warewolf\Dev\Warewolf.Auditing\Warewolf.Auditing.csproj : warning NU1701: Package 'AeroWizard 2.3.1' was restored using '.NETFramework,Version=v4.6.1, .NETFramework,Version=v4.6.2, .NETFramework,Version=v4.7, .NETFramework,Version=v4.7.1, .NETFramework,Version=v4.7.2, .NETFramework,Version=v4.8, .NETFramework,Version=v4.8.1' instead of the project target framework 'net8.0'. This package may not be fully compatible with your project. [C:\Users\ultra\warewolf\Dev\ServerTests.sln]
C:\Users\ultra\warewolf\Dev\Warewolf.Auditing\Warewolf.Auditing.csproj : warning NU1701: Package 'GroupControls 1.9.0' was restored using '.NETFramework,Version=v4.6.1, .NETFramework,Version=v4.6.2, .NETFramework,Version=v4.7, .NETFramework,Version=v4.7.1, .NETFramework,Version=v4.7.2, .NETFramework,Version=v4.8, .NETFramework,Version=v4.8.1' instead of the project target framework 'net8.0'. This package may not be fully compatible with your project. [C:\Users\ultra\warewolf\Dev\ServerTests.sln]
  Restored C:\Users\ultra\warewolf\Dev\Warewolf.MergeParser.Tests\Warewolf.MergeParser.Tests.csproj (in 147 ms).
C:\Users\ultra\warewolf\Dev\Warewolf.Logger.Tests\Warewolf.Logger.Tests.csproj : warning NU1701: Package 'AeroWizard 2.3.1' was restored using '.NETFramework,Version=v4.6.1, .NETFramework,Version=v4.6.2, .NETFramework,Version=v4.7, .NETFramework,Version=v4.7.1, .NETFramework,Version=v4.7.2, .NETFramework,Version=v4.8, .NETFramework,Version=v4.8.1' instead of the project target framework 'net8.0'. This package may not be fully compatible with your project. [C:\Users\ultra\warewolf\Dev\ServerTests.sln]
  Restored C:\Users\ultra\warewolf\Dev\GACManagerApi\GACManagerApi.csproj (in 2 ms).
  Restored C:\Users\ultra\warewolf\Dev\Warewolf.MergeParser\Warewolf.MergeParser.csproj (in 147 ms).
C:\Users\ultra\warewolf\Dev\Warewolf.Logger.Tests\Warewolf.Logger.Tests.csproj : warning NU1701: Package 'GroupControls 1.9.0' was restored using '.NETFramework,Version=v4.6.1, .NETFramework,Version=v4.6.2, .NETFramework,Version=v4.7, .NETFramework,Version=v4.7.1, .NETFramework,Version=v4.7.2, .NETFramework,Version=v4.8, .NETFramework,Version=v4.8.1' instead of the project target framework 'net8.0'. This package may not be fully compatible with your project. [C:\Users\ultra\warewolf\Dev\ServerTests.sln]
C:\Users\ultra\warewolf\Dev\Warewolf.Auditing\Warewolf.Auditing.csproj : warning NU1701: Package 'ReactiveUI.WPF 18.4.1' was restored using '.NETFramework,Version=v4.6.1, .NETFramework,Version=v4.6.2, .NETFramework,Version=v4.7, .NETFramework,Version=v4.7.1, .NETFramework,Version=v4.7.2, .NETFramework,Version=v4.8, .NETFramework,Version=v4.8.1' instead of the project target framework 'net8.0'. This package may not be fully compatible with your project. [C:\Users\ultra\warewolf\Dev\ServerTests.sln]
C:\Users\ultra\warewolf\Dev\Warewolf.Logger.Tests\Warewolf.Logger.Tests.csproj : warning NU1701: Package 'Microsoft.Xaml.Behaviors.Wpf 1.1.122' was restored using '.NETFramework,Version=v4.6.1, .NETFramework,Version=v4.6.2, .NETFramework,Version=v4.7, .NETFramework,Version=v4.7.1, .NETFramework,Version=v4.7.2, .NETFramework,Version=v4.8, .NETFramework,Version=v4.8.1' instead of the project target framework 'net8.0'. This package may not be fully compatible with your project. [C:\Users\ultra\warewolf\Dev\ServerTests.sln]
C:\Users\ultra\warewolf\Dev\Warewolf.Logger.Tests\Warewolf.Logger.Tests.csproj : warning NU1701: Package 'Prism.Wpf 9.0.537' was restored using '.NETFramework,Version=v4.6.1, .NETFramework,Version=v4.6.2, .NETFramework,Version=v4.7, .NETFramework,Version=v4.7.1, .NETFramework,Version=v4.7.2, .NETFramework,Version=v4.8, .NETFramework,Version=v4.8.1' instead of the project target framework 'net8.0'. This package may not be fully compatible with your project. [C:\Users\ultra\warewolf\Dev\ServerTests.sln]
C:\Users\ultra\warewolf\Dev\Warewolf.Logger.Tests\Warewolf.Logger.Tests.csproj : warning NU1701: Package 'ReactiveUI.WPF 18.4.1' was restored using '.NETFramework,Version=v4.6.1, .NETFramework,Version=v4.6.2, .NETFramework,Version=v4.7, .NETFramework,Version=v4.7.1, .NETFramework,Version=v4.7.2, .NETFramework,Version=v4.8, .NETFramework,Version=v4.8.1' instead of the project target framework 'net8.0'. This package may not be fully compatible with your project. [C:\Users\ultra\warewolf\Dev\ServerTests.sln]
C:\Users\ultra\warewolf\Dev\Warewolf.Logger.Tests\Warewolf.Logger.Tests.csproj : warning NU1701: Package 'TaskSchedulerEditor 2.10.1' was restored using '.NETFramework,Version=v4.6.1, .NETFramework,Version=v4.6.2, .NETFramework,Version=v4.7, .NETFramework,Version=v4.7.1, .NETFramework,Version=v4.7.2, .NETFramework,Version=v4.8, .NETFramework,Version=v4.8.1' instead of the project target framework 'net8.0'. This package may not be fully compatible with your project. [C:\Users\ultra\warewolf\Dev\ServerTests.sln]
C:\Users\ultra\warewolf\Dev\Warewolf.Auditing\Warewolf.Auditing.csproj : warning NU1701: Package 'TaskSchedulerEditor 2.10.1' was restored using '.NETFramework,Version=v4.6.1, .NETFramework,Version=v4.6.2, .NETFramework,Version=v4.7, .NETFramework,Version=v4.7.1, .NETFramework,Version=v4.7.2, .NETFramework,Version=v4.8, .NETFramework,Version=v4.8.1' instead of the project target framework 'net8.0'. This package may not be fully compatible with your project. [C:\Users\ultra\warewolf\Dev\ServerTests.sln]
C:\Users\ultra\warewolf\Dev\Dev2.Server\Dev2.Server.csproj : warning NU1903: Package 'Oracle.ManagedDataAccess.Core' 3.21.70 has a known high severity vulnerability, https://github.com/advisories/GHSA-5pm2-9mr2-3frq [C:\Users\ultra\warewolf\Dev\ServerTests.sln]
C:\Users\ultra\warewolf\Dev\Dev2.Util\Dev2.Util.csproj : warning NU1903: Package 'Microsoft.Windows.Compatibility' 6.0.0 has a known high severity vulnerability, https://github.com/advisories/GHSA-555c-2p6r-68mm [C:\Users\ultra\warewolf\Dev\ServerTests.sln]
C:\Users\ultra\warewolf\Dev\Dev2.Util\Dev2.Util.csproj : warning NU1701: Package 'AeroWizard 2.3.1' was restored using '.NETFramework,Version=v4.6.1, .NETFramework,Version=v4.6.2, .NETFramework,Version=v4.7, .NETFramework,Version=v4.7.1, .NETFramework,Version=v4.7.2, .NETFramework,Version=v4.8, .NETFramework,Version=v4.8.1' instead of the project target framework 'net8.0'. This package may not be fully compatible with your project. [C:\Users\ultra\warewolf\Dev\ServerTests.sln]
C:\Users\ultra\warewolf\Dev\Dev2.Util\Dev2.Util.csproj : warning NU1701: Package 'GroupControls 1.9.0' was restored using '.NETFramework,Version=v4.6.1, .NETFramework,Version=v4.6.2, .NETFramework,Version=v4.7, .NETFramework,Version=v4.7.1, .NETFramework,Version=v4.7.2, .NETFramework,Version=v4.8, .NETFramework,Version=v4.8.1' instead of the project target framework 'net8.0'. This package may not be fully compatible with your project. [C:\Users\ultra\warewolf\Dev\ServerTests.sln]
  Restored C:\Users\ultra\warewolf\Dev\Warewolf.AI.Harness\Warewolf.AI.Harness.csproj (in 57 ms).
C:\Users\ultra\warewolf\Dev\Dev2.Util\Dev2.Util.csproj : warning NU1701: Package 'TaskSchedulerEditor 2.10.1' was restored using '.NETFramework,Version=v4.6.1, .NETFramework,Version=v4.6.2, .NETFramework,Version=v4.7, .NETFramework,Version=v4.7.1, .NETFramework,Version=v4.7.2, .NETFramework,Version=v4.8, .NETFramework,Version=v4.8.1' instead of the project target framework 'net8.0'. This package may not be fully compatible with your project. [C:\Users\ultra\warewolf\Dev\ServerTests.sln]
C:\Users\ultra\warewolf\Dev\Warewolf.Common.Framework48.Tests\Warewolf.Common.Framework48.Tests.csproj : warning NU1701: Package 'AeroWizard 2.3.1' was restored using '.NETFramework,Version=v4.6.1, .NETFramework,Version=v4.6.2, .NETFramework,Version=v4.7, .NETFramework,Version=v4.7.1, .NETFramework,Version=v4.7.2, .NETFramework,Version=v4.8, .NETFramework,Version=v4.8.1' instead of the project target framework 'net8.0'. This package may not be fully compatible with your project. [C:\Users\ultra\warewolf\Dev\ServerTests.sln]
C:\Users\ultra\warewolf\Dev\Warewolf.Common.Framework48.Tests\Warewolf.Common.Framework48.Tests.csproj : warning NU1701: Package 'GroupControls 1.9.0' was restored using '.NETFramework,Version=v4.6.1, .NETFramework,Version=v4.6.2, .NETFramework,Version=v4.7, .NETFramework,Version=v4.7.1, .NETFramework,Version=v4.7.2, .NETFramework,Version=v4.8, .NETFramework,Version=v4.8.1' instead of the project target framework 'net8.0'. This package may not be fully compatible with your project. [C:\Users\ultra\warewolf\Dev\ServerTests.sln]
C:\Users\ultra\warewolf\Dev\Warewolf.Common.Framework48.Tests\Warewolf.Common.Framework48.Tests.csproj : warning NU1701: Package 'Microsoft.Xaml.Behaviors.Wpf 1.1.122' was restored using '.NETFramework,Version=v4.6.1, .NETFramework,Version=v4.6.2, .NETFramework,Version=v4.7, .NETFramework,Version=v4.7.1, .NETFramework,Version=v4.7.2, .NETFramework,Version=v4.8, .NETFramework,Version=v4.8.1' instead of the project target framework 'net8.0'. This package may not be fully compatible with your project. [C:\Users\ultra\warewolf\Dev\ServerTests.sln]
C:\Users\ultra\warewolf\Dev\Warewolf.Common.Framework48.Tests\Warewolf.Common.Framework48.Tests.csproj : warning NU1701: Package 'Prism.Wpf 9.0.537' was restored using '.NETFramework,Version=v4.6.1, .NETFramework,Version=v4.6.2, .NETFramework,Version=v4.7, .NETFramework,Version=v4.7.1, .NETFramework,Version=v4.7.2, .NETFramework,Version=v4.8, .NETFramework,Version=v4.8.1' instead of the project target framework 'net8.0'. This package may not be fully compatible with your project. [C:\Users\ultra\warewolf\Dev\ServerTests.sln]
C:\Users\ultra\warewolf\Dev\Warewolf.Common.Framework48.Tests\Warewolf.Common.Framework48.Tests.csproj : warning NU1701: Package 'ReactiveUI.WPF 18.4.1' was restored using '.NETFramework,Version=v4.6.1, .NETFramework,Version=v4.6.2, .NETFramework,Version=v4.7, .NETFramework,Version=v4.7.1, .NETFramework,Version=v4.7.2, .NETFramework,Version=v4.8, .NETFramework,Version=v4.8.1' instead of the project target framework 'net8.0'. This package may not be fully compatible with your project. [C:\Users\ultra\warewolf\Dev\ServerTests.sln]
C:\Users\ultra\warewolf\Dev\Warewolf.Common.Framework48\Warewolf.Common.Framework48.csproj : warning NU1902: Package 'System.IdentityModel.Tokens.Jwt' 5.1.0 has a known moderate severity vulnerability, https://github.com/advisories/GHSA-59j7-ghrg-fj52 [C:\Users\ultra\warewolf\Dev\ServerTests.sln]
C:\Users\ultra\warewolf\Dev\Warewolf.Common.Framework48.Tests\Warewolf.Common.Framework48.Tests.csproj : warning NU1701: Package 'TaskSchedulerEditor 2.10.1' was restored using '.NETFramework,Version=v4.6.1, .NETFramework,Version=v4.6.2, .NETFramework,Version=v4.7, .NETFramework,Version=v4.7.1, .NETFramework,Version=v4.7.2, .NETFramework,Version=v4.8, .NETFramework,Version=v4.8.1' instead of the project target framework 'net8.0'. This package may not be fully compatible with your project. [C:\Users\ultra\warewolf\Dev\ServerTests.sln]
C:\Users\ultra\warewolf\Dev\Dev2.Infrastructure\Dev2.Infrastructure.csproj : warning NU1903: Package 'Microsoft.Windows.Compatibility' 6.0.0 has a known high severity vulnerability, https://github.com/advisories/GHSA-555c-2p6r-68mm [C:\Users\ultra\warewolf\Dev\ServerTests.sln]
C:\Users\ultra\warewolf\Dev\Warewolf.Auditing.Tests\Warewolf.Auditing.Tests.csproj : warning NU1701: Package 'AeroWizard 2.3.1' was restored using '.NETFramework,Version=v4.6.1, .NETFramework,Version=v4.6.2, .NETFramework,Version=v4.7, .NETFramework,Version=v4.7.1, .NETFramework,Version=v4.7.2, .NETFramework,Version=v4.8, .NETFramework,Version=v4.8.1' instead of the project target framework 'net8.0'. This package may not be fully compatible with your project. [C:\Users\ultra\warewolf\Dev\ServerTests.sln]
C:\Users\ultra\warewolf\Dev\Warewolf.Auditing.Tests\Warewolf.Auditing.Tests.csproj : warning NU1701: Package 'GroupControls 1.9.0' was restored using '.NETFramework,Version=v4.6.1, .NETFramework,Version=v4.6.2, .NETFramework,Version=v4.7, .NETFramework,Version=v4.7.1, .NETFramework,Version=v4.7.2, .NETFramework,Version=v4.8, .NETFramework,Version=v4.8.1' instead of the project target framework 'net8.0'. This package may not be fully compatible with your project. [C:\Users\ultra\warewolf\Dev\ServerTests.sln]
C:\Users\ultra\warewolf\Dev\Warewolf.Auditing.Tests\Warewolf.Auditing.Tests.csproj : warning NU1701: Package 'Microsoft.Xaml.Behaviors.Wpf 1.1.122' was restored using '.NETFramework,Version=v4.6.1, .NETFramework,Version=v4.6.2, .NETFramework,Version=v4.7, .NETFramework,Version=v4.7.1, .NETFramework,Version=v4.7.2, .NETFramework,Version=v4.8, .NETFramework,Version=v4.8.1' instead of the project target framework 'net8.0'. This package may not be fully compatible with your project. [C:\Users\ultra\warewolf\Dev\ServerTests.sln]
C:\Users\ultra\warewolf\Dev\Warewolf.Auditing.Tests\Warewolf.Auditing.Tests.csproj : warning NU1701: Package 'Prism.Wpf 9.0.537' was restored using '.NETFramework,Version=v4.6.1, .NETFramework,Version=v4.6.2, .NETFramework,Version=v4.7, .NETFramework,Version=v4.7.1, .NETFramework,Version=v4.7.2, .NETFramework,Version=v4.8, .NETFramework,Version=v4.8.1' instead of the project target framework 'net8.0'. This package may not be fully compatible with your project. [C:\Users\ultra\warewolf\Dev\ServerTests.sln]
C:\Users\ultra\warewolf\Dev\Warewolf.Auditing.Tests\Warewolf.Auditing.Tests.csproj : warning NU1701: Package 'ReactiveUI.WPF 18.4.1' was restored using '.NETFramework,Version=v4.6.1, .NETFramework,Version=v4.6.2, .NETFramework,Version=v4.7, .NETFramework,Version=v4.7.1, .NETFramework,Version=v4.7.2, .NETFramework,Version=v4.8, .NETFramework,Version=v4.8.1' instead of the project target framework 'net8.0'. This package may not be fully compatible with your project. [C:\Users\ultra\warewolf\Dev\ServerTests.sln]
C:\Users\ultra\warewolf\Dev\Dev2.Infrastructure\Dev2.Infrastructure.csproj : warning NU1701: Package 'AeroWizard 2.3.1' was restored using '.NETFramework,Version=v4.6.1, .NETFramework,Version=v4.6.2, .NETFramework,Version=v4.7, .NETFramework,Version=v4.7.1, .NETFramework,Version=v4.7.2, .NETFramework,Version=v4.8, .NETFramework,Version=v4.8.1' instead of the project target framework 'net8.0'. This package may not be fully compatible with your project. [C:\Users\ultra\warewolf\Dev\ServerTests.sln]
C:\Users\ultra\warewolf\Dev\Dev2.Infrastructure\Dev2.Infrastructure.csproj : warning NU1701: Package 'GroupControls 1.9.0' was restored using '.NETFramework,Version=v4.6.1, .NETFramework,Version=v4.6.2, .NETFramework,Version=v4.7, .NETFramework,Version=v4.7.1, .NETFramework,Version=v4.7.2, .NETFramework,Version=v4.8, .NETFramework,Version=v4.8.1' instead of the project target framework 'net8.0'. This package may not be fully compatible with your project. [C:\Users\ultra\warewolf\Dev\ServerTests.sln]
C:\Users\ultra\warewolf\Dev\Dev2.Infrastructure\Dev2.Infrastructure.csproj : warning NU1701: Package 'ReactiveUI.WPF 18.4.1' was restored using '.NETFramework,Version=v4.6.1, .NETFramework,Version=v4.6.2, .NETFramework,Version=v4.7, .NETFramework,Version=v4.7.1, .NETFramework,Version=v4.7.2, .NETFramework,Version=v4.8, .NETFramework,Version=v4.8.1' instead of the project target framework 'net8.0'. This package may not be fully compatible with your project. [C:\Users\ultra\warewolf\Dev\ServerTests.sln]
C:\Users\ultra\warewolf\Dev\Warewolf.Common.Framework48\Warewolf.Common.Framework48.csproj : warning NU1701: Package 'AeroWizard 2.3.1' was restored using '.NETFramework,Version=v4.6.1, .NETFramework,Version=v4.6.2, .NETFramework,Version=v4.7, .NETFramework,Version=v4.7.1, .NETFramework,Version=v4.7.2, .NETFramework,Version=v4.8, .NETFramework,Version=v4.8.1' instead of the project target framework 'net8.0'. This package may not be fully compatible with your project. [C:\Users\ultra\warewolf\Dev\ServerTests.sln]
C:\Users\ultra\warewolf\Dev\Warewolf.Common.Framework48\Warewolf.Common.Framework48.csproj : warning NU1701: Package 'GroupControls 1.9.0' was restored using '.NETFramework,Version=v4.6.1, .NETFramework,Version=v4.6.2, .NETFramework,Version=v4.7, .NETFramework,Version=v4.7.1, .NETFramework,Version=v4.7.2, .NETFramework,Version=v4.8, .NETFramework,Version=v4.8.1' instead of the project target framework 'net8.0'. This package may not be fully compatible with your project. [C:\Users\ultra\warewolf\Dev\ServerTests.sln]
C:\Users\ultra\warewolf\Dev\Warewolf.Auditing.Tests\Warewolf.Auditing.Tests.csproj : warning NU1701: Package 'TaskSchedulerEditor 2.10.1' was restored using '.NETFramework,Version=v4.6.1, .NETFramework,Version=v4.6.2, .NETFramework,Version=v4.7, .NETFramework,Version=v4.7.1, .NETFramework,Version=v4.7.2, .NETFramework,Version=v4.8, .NETFramework,Version=v4.8.1' instead of the project target framework 'net8.0'. This package may not be fully compatible with your project. [C:\Users\ultra\warewolf\Dev\ServerTests.sln]
C:\Users\ultra\warewolf\Dev\Dev2.Infrastructure\Dev2.Infrastructure.csproj : warning NU1701: Package 'TaskSchedulerEditor 2.10.1' was restored using '.NETFramework,Version=v4.6.1, .NETFramework,Version=v4.6.2, .NETFramework,Version=v4.7, .NETFramework,Version=v4.7.1, .NETFramework,Version=v4.7.2, .NETFramework,Version=v4.8, .NETFramework,Version=v4.8.1' instead of the project target framework 'net8.0'. This package may not be fully compatible with your project. [C:\Users\ultra\warewolf\Dev\ServerTests.sln]
C:\Users\ultra\warewolf\Dev\Warewolf.Common.Framework48\Warewolf.Common.Framework48.csproj : warning NU1701: Package 'Microsoft.Xaml.Behaviors.Wpf 1.1.122' was restored using '.NETFramework,Version=v4.6.1, .NETFramework,Version=v4.6.2, .NETFramework,Version=v4.7, .NETFramework,Version=v4.7.1, .NETFramework,Version=v4.7.2, .NETFramework,Version=v4.8, .NETFramework,Version=v4.8.1' instead of the project target framework 'net8.0'. This package may not be fully compatible with your project. [C:\Users\ultra\warewolf\Dev\ServerTests.sln]
C:\Users\ultra\warewolf\Dev\Warewolf.Common.Framework48\Warewolf.Common.Framework48.csproj : warning NU1701: Package 'Prism.Wpf 9.0.537' was restored using '.NETFramework,Version=v4.6.1, .NETFramework,Version=v4.6.2, .NETFramework,Version=v4.7, .NETFramework,Version=v4.7.1, .NETFramework,Version=v4.7.2, .NETFramework,Version=v4.8, .NETFramework,Version=v4.8.1' instead of the project target framework 'net8.0'. This package may not be fully compatible with your project. [C:\Users\ultra\warewolf\Dev\ServerTests.sln]
C:\Users\ultra\warewolf\Dev\Warewolf.Common.Framework48\Warewolf.Common.Framework48.csproj : warning NU1701: Package 'ReactiveUI.WPF 18.4.1' was restored using '.NETFramework,Version=v4.6.1, .NETFramework,Version=v4.6.2, .NETFramework,Version=v4.7, .NETFramework,Version=v4.7.1, .NETFramework,Version=v4.7.2, .NETFramework,Version=v4.8, .NETFramework,Version=v4.8.1' instead of the project target framework 'net8.0'. This package may not be fully compatible with your project. [C:\Users\ultra\warewolf\Dev\ServerTests.sln]
C:\Users\ultra\warewolf\Dev\Warewolf.Common.Framework48\Warewolf.Common.Framework48.csproj : warning NU1701: Package 'TaskSchedulerEditor 2.10.1' was restored using '.NETFramework,Version=v4.6.1, .NETFramework,Version=v4.6.2, .NETFramework,Version=v4.7, .NETFramework,Version=v4.7.1, .NETFramework,Version=v4.7.2, .NETFramework,Version=v4.8, .NETFramework,Version=v4.8.1' instead of the project target framework 'net8.0'. This package may not be fully compatible with your project. [C:\Users\ultra\warewolf\Dev\ServerTests.sln]
  Restored C:\Users\ultra\warewolf\Dev\Warewolf.Logger.Tests\Warewolf.Logger.Tests.csproj (in 145 ms).
C:\Users\ultra\warewolf\Dev\Dev2.Diagnostics\Dev2.Diagnostics.csproj : warning NU1701: Package 'AeroWizard 2.3.1' was restored using '.NETFramework,Version=v4.6.1, .NETFramework,Version=v4.6.2, .NETFramework,Version=v4.7, .NETFramework,Version=v4.7.1, .NETFramework,Version=v4.7.2, .NETFramework,Version=v4.8, .NETFramework,Version=v4.8.1' instead of the project target framework 'net8.0'. This package may not be fully compatible with your project. [C:\Users\ultra\warewolf\Dev\ServerTests.sln]
C:\Users\ultra\warewolf\Dev\Dev2.Server\Dev2.Server.csproj : warning NU1701: Package 'AeroWizard 2.3.1' was restored using '.NETFramework,Version=v4.6.1, .NETFramework,Version=v4.6.2, .NETFramework,Version=v4.7, .NETFramework,Version=v4.7.1, .NETFramework,Version=v4.7.2, .NETFramework,Version=v4.8, .NETFramework,Version=v4.8.1' instead of the project target framework 'net8.0'. This package may not be fully compatible with your project. [C:\Users\ultra\warewolf\Dev\ServerTests.sln]
C:\Users\ultra\warewolf\Dev\Dev2.Diagnostics\Dev2.Diagnostics.csproj : warning NU1701: Package 'GroupControls 1.9.0' was restored using '.NETFramework,Version=v4.6.1, .NETFramework,Version=v4.6.2, .NETFramework,Version=v4.7, .NETFramework,Version=v4.7.1, .NETFramework,Version=v4.7.2, .NETFramework,Version=v4.8, .NETFramework,Version=v4.8.1' instead of the project target framework 'net8.0'. This package may not be fully compatible with your project. [C:\Users\ultra\warewolf\Dev\ServerTests.sln]
  Restored C:\Users\ultra\warewolf\Dev\Warewolf.Auditing\Warewolf.Auditing.csproj (in 84 ms).
C:\Users\ultra\warewolf\Dev\Dev2.Server\Dev2.Server.csproj : warning NU1701: Package 'GroupControls 1.9.0' was restored using '.NETFramework,Version=v4.6.1, .NETFramework,Version=v4.6.2, .NETFramework,Version=v4.7, .NETFramework,Version=v4.7.1, .NETFramework,Version=v4.7.2, .NETFramework,Version=v4.8, .NETFramework,Version=v4.8.1' instead of the project target framework 'net8.0'. This package may not be fully compatible with your project. [C:\Users\ultra\warewolf\Dev\ServerTests.sln]
C:\Users\ultra\warewolf\Dev\Dev2.Diagnostics\Dev2.Diagnostics.csproj : warning NU1701: Package 'TaskSchedulerEditor 2.10.1' was restored using '.NETFramework,Version=v4.6.1, .NETFramework,Version=v4.6.2, .NETFramework,Version=v4.7, .NETFramework,Version=v4.7.1, .NETFramework,Version=v4.7.2, .NETFramework,Version=v4.8, .NETFramework,Version=v4.8.1' instead of the project target framework 'net8.0'. This package may not be fully compatible with your project. [C:\Users\ultra\warewolf\Dev\ServerTests.sln]
C:\Users\ultra\warewolf\Dev\Dev2.Server\Dev2.Server.csproj : warning NU1701: Package 'Microsoft.Xaml.Behaviors.Wpf 1.1.122' was restored using '.NETFramework,Version=v4.6.1, .NETFramework,Version=v4.6.2, .NETFramework,Version=v4.7, .NETFramework,Version=v4.7.1, .NETFramework,Version=v4.7.2, .NETFramework,Version=v4.8, .NETFramework,Version=v4.8.1' instead of the project target framework 'net8.0'. This package may not be fully compatible with your project. [C:\Users\ultra\warewolf\Dev\ServerTests.sln]
C:\Users\ultra\warewolf\Dev\Dev2.Server\Dev2.Server.csproj : warning NU1701: Package 'Prism.Wpf 9.0.537' was restored using '.NETFramework,Version=v4.6.1, .NETFramework,Version=v4.6.2, .NETFramework,Version=v4.7, .NETFramework,Version=v4.7.1, .NETFramework,Version=v4.7.2, .NETFramework,Version=v4.8, .NETFramework,Version=v4.8.1' instead of the project target framework 'net8.0'. This package may not be fully compatible with your project. [C:\Users\ultra\warewolf\Dev\ServerTests.sln]
C:\Users\ultra\warewolf\Dev\Dev2.Server\Dev2.Server.csproj : warning NU1701: Package 'ReactiveUI.WPF 18.4.1' was restored using '.NETFramework,Version=v4.6.1, .NETFramework,Version=v4.6.2, .NETFramework,Version=v4.7, .NETFramework,Version=v4.7.1, .NETFramework,Version=v4.7.2, .NETFramework,Version=v4.8, .NETFramework,Version=v4.8.1' instead of the project target framework 'net8.0'. This package may not be fully compatible with your project. [C:\Users\ultra\warewolf\Dev\ServerTests.sln]
C:\Users\ultra\warewolf\Dev\Dev2.Server\Dev2.Server.csproj : warning NU1701: Package 'TaskSchedulerEditor 2.10.1' was restored using '.NETFramework,Version=v4.6.1, .NETFramework,Version=v4.6.2, .NETFramework,Version=v4.7, .NETFramework,Version=v4.7.1, .NETFramework,Version=v4.7.2, .NETFramework,Version=v4.8, .NETFramework,Version=v4.8.1' instead of the project target framework 'net8.0'. This package may not be fully compatible with your project. [C:\Users\ultra\warewolf\Dev\ServerTests.sln]
  Restored C:\Users\ultra\warewolf\Dev\Dev2.Util\Dev2.Util.csproj (in 48 ms).
  Restored C:\Users\ultra\warewolf\Dev\Warewolf.Common.Framework48.Tests\Warewolf.Common.Framework48.Tests.csproj (in 149 ms).
  Restored C:\Users\ultra\warewolf\Dev\Dev2.Infrastructure\Dev2.Infrastructure.csproj (in 52 ms).
C:\Users\ultra\warewolf\Dev\Dev2.Development.Languages\Dev2.Development.Languages.csproj : warning NU1701: Package 'AeroWizard 2.3.1' was restored using '.NETFramework,Version=v4.6.1, .NETFramework,Version=v4.6.2, .NETFramework,Version=v4.7, .NETFramework,Version=v4.7.1, .NETFramework,Version=v4.7.2, .NETFramework,Version=v4.8, .NETFramework,Version=v4.8.1' instead of the project target framework 'net8.0'. This package may not be fully compatible with your project. [C:\Users\ultra\warewolf\Dev\ServerTests.sln]
  Restored C:\Users\ultra\warewolf\Dev\Warewolf.Auditing.Tests\Warewolf.Auditing.Tests.csproj (in 144 ms).
C:\Users\ultra\warewolf\Dev\Dev2.Development.Languages\Dev2.Development.Languages.csproj : warning NU1701: Package 'GroupControls 1.9.0' was restored using '.NETFramework,Version=v4.6.1, .NETFramework,Version=v4.6.2, .NETFramework,Version=v4.7, .NETFramework,Version=v4.7.1, .NETFramework,Version=v4.7.2, .NETFramework,Version=v4.8, .NETFramework,Version=v4.8.1' instead of the project target framework 'net8.0'. This package may not be fully compatible with your project. [C:\Users\ultra\warewolf\Dev\ServerTests.sln]
C:\Users\ultra\warewolf\Dev\Dev2.Development.Languages\Dev2.Development.Languages.csproj : warning NU1701: Package 'TaskSchedulerEditor 2.10.1' was restored using '.NETFramework,Version=v4.6.1, .NETFramework,Version=v4.6.2, .NETFramework,Version=v4.7, .NETFramework,Version=v4.7.1, .NETFramework,Version=v4.7.2, .NETFramework,Version=v4.8, .NETFramework,Version=v4.8.1' instead of the project target framework 'net8.0'. This package may not be fully compatible with your project. [C:\Users\ultra\warewolf\Dev\ServerTests.sln]
  Restored C:\Users\ultra\warewolf\Dev\Dev2.Diagnostics\Dev2.Diagnostics.csproj (in 43 ms).
C:\Users\ultra\warewolf\Dev\Dev2.Data.Interfaces\Dev2.Data.Interfaces.csproj : warning NU1903: Package 'DotNetZip' 1.16.0 has a known high severity vulnerability, https://github.com/advisories/GHSA-xhg6-9j5j-w4vf [C:\Users\ultra\warewolf\Dev\ServerTests.sln]
C:\Users\ultra\warewolf\Dev\Dev2.Data.Interfaces\Dev2.Data.Interfaces.csproj : warning NU1701: Package 'AeroWizard 2.3.1' was restored using '.NETFramework,Version=v4.6.1, .NETFramework,Version=v4.6.2, .NETFramework,Version=v4.7, .NETFramework,Version=v4.7.1, .NETFramework,Version=v4.7.2, .NETFramework,Version=v4.8, .NETFramework,Version=v4.8.1' instead of the project target framework 'net8.0'. This package may not be fully compatible with your project. [C:\Users\ultra\warewolf\Dev\ServerTests.sln]
C:\Users\ultra\warewolf\Dev\Dev2.Data.Interfaces\Dev2.Data.Interfaces.csproj : warning NU1701: Package 'GroupControls 1.9.0' was restored using '.NETFramework,Version=v4.6.1, .NETFramework,Version=v4.6.2, .NETFramework,Version=v4.7, .NETFramework,Version=v4.7.1, .NETFramework,Version=v4.7.2, .NETFramework,Version=v4.8, .NETFramework,Version=v4.8.1' instead of the project target framework 'net8.0'. This package may not be fully compatible with your project. [C:\Users\ultra\warewolf\Dev\ServerTests.sln]
C:\Users\ultra\warewolf\Dev\Dev2.Data\Dev2.Data.csproj : warning NU1701: Package 'AeroWizard 2.3.1' was restored using '.NETFramework,Version=v4.6.1, .NETFramework,Version=v4.6.2, .NETFramework,Version=v4.7, .NETFramework,Version=v4.7.1, .NETFramework,Version=v4.7.2, .NETFramework,Version=v4.8, .NETFramework,Version=v4.8.1' instead of the project target framework 'net8.0'. This package may not be fully compatible with your project. [C:\Users\ultra\warewolf\Dev\ServerTests.sln]
C:\Users\ultra\warewolf\Dev\Dev2.Data\Dev2.Data.csproj : warning NU1701: Package 'GroupControls 1.9.0' was restored using '.NETFramework,Version=v4.6.1, .NETFramework,Version=v4.6.2, .NETFramework,Version=v4.7, .NETFramework,Version=v4.7.1, .NETFramework,Version=v4.7.2, .NETFramework,Version=v4.8, .NETFramework,Version=v4.8.1' instead of the project target framework 'net8.0'. This package may not be fully compatible with your project. [C:\Users\ultra\warewolf\Dev\ServerTests.sln]
C:\Users\ultra\warewolf\Dev\Dev2.Infrastructure.Tests\Dev2.Infrastructure.Tests.csproj : warning NU1701: Package 'AeroWizard 2.3.1' was restored using '.NETFramework,Version=v4.6.1, .NETFramework,Version=v4.6.2, .NETFramework,Version=v4.7, .NETFramework,Version=v4.7.1, .NETFramework,Version=v4.7.2, .NETFramework,Version=v4.8, .NETFramework,Version=v4.8.1' instead of the project target framework 'net8.0'. This package may not be fully compatible with your project. [C:\Users\ultra\warewolf\Dev\ServerTests.sln]
C:\Users\ultra\warewolf\Dev\Dev2.Infrastructure.Tests\Dev2.Infrastructure.Tests.csproj : warning NU1701: Package 'GroupControls 1.9.0' was restored using '.NETFramework,Version=v4.6.1, .NETFramework,Version=v4.6.2, .NETFramework,Version=v4.7, .NETFramework,Version=v4.7.1, .NETFramework,Version=v4.7.2, .NETFramework,Version=v4.8, .NETFramework,Version=v4.8.1' instead of the project target framework 'net8.0'. This package may not be fully compatible with your project. [C:\Users\ultra\warewolf\Dev\ServerTests.sln]
C:\Users\ultra\warewolf\Dev\Dev2.Data\Dev2.Data.csproj : warning NU1701: Package 'ReactiveUI.WPF 18.4.1' was restored using '.NETFramework,Version=v4.6.1, .NETFramework,Version=v4.6.2, .NETFramework,Version=v4.7, .NETFramework,Version=v4.7.1, .NETFramework,Version=v4.7.2, .NETFramework,Version=v4.8, .NETFramework,Version=v4.8.1' instead of the project target framework 'net8.0'. This package may not be fully compatible with your project. [C:\Users\ultra\warewolf\Dev\ServerTests.sln]
C:\Users\ultra\warewolf\Dev\Dev2.Data.Interfaces\Dev2.Data.Interfaces.csproj : warning NU1701: Package 'TaskSchedulerEditor 2.10.1' was restored using '.NETFramework,Version=v4.6.1, .NETFramework,Version=v4.6.2, .NETFramework,Version=v4.7, .NETFramework,Version=v4.7.1, .NETFramework,Version=v4.7.2, .NETFramework,Version=v4.8, .NETFramework,Version=v4.8.1' instead of the project target framework 'net8.0'. This package may not be fully compatible with your project. [C:\Users\ultra\warewolf\Dev\ServerTests.sln]
C:\Users\ultra\warewolf\Dev\Dev2.Infrastructure.Tests\Dev2.Infrastructure.Tests.csproj : warning NU1701: Package 'Microsoft.Xaml.Behaviors.Wpf 1.1.122' was restored using '.NETFramework,Version=v4.6.1, .NETFramework,Version=v4.6.2, .NETFramework,Version=v4.7, .NETFramework,Version=v4.7.1, .NETFramework,Version=v4.7.2, .NETFramework,Version=v4.8, .NETFramework,Version=v4.8.1' instead of the project target framework 'net8.0'. This package may not be fully compatible with your project. [C:\Users\ultra\warewolf\Dev\ServerTests.sln]
C:\Users\ultra\warewolf\Dev\Dev2.Infrastructure.Tests\Dev2.Infrastructure.Tests.csproj : warning NU1701: Package 'Prism.Wpf 9.0.537' was restored using '.NETFramework,Version=v4.6.1, .NETFramework,Version=v4.6.2, .NETFramework,Version=v4.7, .NETFramework,Version=v4.7.1, .NETFramework,Version=v4.7.2, .NETFramework,Version=v4.8, .NETFramework,Version=v4.8.1' instead of the project target framework 'net8.0'. This package may not be fully compatible with your project. [C:\Users\ultra\warewolf\Dev\ServerTests.sln]
C:\Users\ultra\warewolf\Dev\Dev2.Infrastructure.Tests\Dev2.Infrastructure.Tests.csproj : warning NU1701: Package 'ReactiveUI.WPF 18.4.1' was restored using '.NETFramework,Version=v4.6.1, .NETFramework,Version=v4.6.2, .NETFramework,Version=v4.7, .NETFramework,Version=v4.7.1, .NETFramework,Version=v4.7.2, .NETFramework,Version=v4.8, .NETFramework,Version=v4.8.1' instead of the project target framework 'net8.0'. This package may not be fully compatible with your project. [C:\Users\ultra\warewolf\Dev\ServerTests.sln]
C:\Users\ultra\warewolf\Dev\Dev2.Data\Dev2.Data.csproj : warning NU1701: Package 'TaskSchedulerEditor 2.10.1' was restored using '.NETFramework,Version=v4.6.1, .NETFramework,Version=v4.6.2, .NETFramework,Version=v4.7, .NETFramework,Version=v4.7.1, .NETFramework,Version=v4.7.2, .NETFramework,Version=v4.8, .NETFramework,Version=v4.8.1' instead of the project target framework 'net8.0'. This package may not be fully compatible with your project. [C:\Users\ultra\warewolf\Dev\ServerTests.sln]
  Restored C:\Users\ultra\warewolf\Dev\Warewolf.ServiceDefinitions\Warewolf.ServiceDefinitions.csproj (in 3 ms).
C:\Users\ultra\warewolf\Dev\Dev2.CustomControls\Dev2.CustomControls.csproj : warning NU1903: Package 'Microsoft.Windows.Compatibility' 6.0.0 has a known high severity vulnerability, https://github.com/advisories/GHSA-555c-2p6r-68mm [C:\Users\ultra\warewolf\Dev\ServerTests.sln]
C:\Users\ultra\warewolf\Dev\Dev2.Infrastructure.Tests\Dev2.Infrastructure.Tests.csproj : warning NU1701: Package 'TaskSchedulerEditor 2.10.1' was restored using '.NETFramework,Version=v4.6.1, .NETFramework,Version=v4.6.2, .NETFramework,Version=v4.7, .NETFramework,Version=v4.7.1, .NETFramework,Version=v4.7.2, .NETFramework,Version=v4.8, .NETFramework,Version=v4.8.1' instead of the project target framework 'net8.0'. This package may not be fully compatible with your project. [C:\Users\ultra\warewolf\Dev\ServerTests.sln]
C:\Users\ultra\warewolf\Dev\Dev2.CustomControls\Dev2.CustomControls.csproj : warning NU1701: Package 'AeroWizard 2.3.1' was restored using '.NETFramework,Version=v4.6.1, .NETFramework,Version=v4.6.2, .NETFramework,Version=v4.7, .NETFramework,Version=v4.7.1, .NETFramework,Version=v4.7.2, .NETFramework,Version=v4.8, .NETFramework,Version=v4.8.1' instead of the project target framework 'net8.0'. This package may not be fully compatible with your project. [C:\Users\ultra\warewolf\Dev\ServerTests.sln]
C:\Users\ultra\warewolf\Dev\Dev2.CustomControls\Dev2.CustomControls.csproj : warning NU1701: Package 'GroupControls 1.9.0' was restored using '.NETFramework,Version=v4.6.1, .NETFramework,Version=v4.6.2, .NETFramework,Version=v4.7, .NETFramework,Version=v4.7.1, .NETFramework,Version=v4.7.2, .NETFramework,Version=v4.8, .NETFramework,Version=v4.8.1' instead of the project target framework 'net8.0'. This package may not be fully compatible with your project. [C:\Users\ultra\warewolf\Dev\ServerTests.sln]
C:\Users\ultra\warewolf\Dev\Dev2.CustomControls\Dev2.CustomControls.csproj : warning NU1701: Package 'TaskSchedulerEditor 2.10.1' was restored using '.NETFramework,Version=v4.6.1, .NETFramework,Version=v4.6.2, .NETFramework,Version=v4.7, .NETFramework,Version=v4.7.1, .NETFramework,Version=v4.7.2, .NETFramework,Version=v4.8, .NETFramework,Version=v4.8.1' instead of the project target framework 'net8.0'. This package may not be fully compatible with your project. [C:\Users\ultra\warewolf\Dev\ServerTests.sln]
  Restored C:\Users\ultra\warewolf\Dev\Warewolf.Common.Framework48\Warewolf.Common.Framework48.csproj (in 150 ms).
C:\Users\ultra\warewolf\Dev\Warewolf.Security\Warewolf.Security.csproj : warning NU1904: Package 'System.Drawing.Common' 4.5.1 has a known critical severity vulnerability, https://github.com/advisories/GHSA-rxg9-xrhp-64gj [C:\Users\ultra\warewolf\Dev\ServerTests.sln]
C:\Users\ultra\warewolf\Dev\TestBase\TestBase.csproj : warning NU1701: Package 'AeroWizard 2.3.1' was restored using '.NETFramework,Version=v4.6.1, .NETFramework,Version=v4.6.2, .NETFramework,Version=v4.7, .NETFramework,Version=v4.7.1, .NETFramework,Version=v4.7.2, .NETFramework,Version=v4.8, .NETFramework,Version=v4.8.1' instead of the project target framework 'net8.0'. This package may not be fully compatible with your project. [C:\Users\ultra\warewolf\Dev\ServerTests.sln]
C:\Users\ultra\warewolf\Dev\TestBase\TestBase.csproj : warning NU1701: Package 'AvalonEdit 6.3.0.90' was restored using '.NETFramework,Version=v4.6.1, .NETFramework,Version=v4.6.2, .NETFramework,Version=v4.7, .NETFramework,Version=v4.7.1, .NETFramework,Version=v4.7.2, .NETFramework,Version=v4.8, .NETFramework,Version=v4.8.1' instead of the project target framework 'net8.0'. This package may not be fully compatible with your project. [C:\Users\ultra\warewolf\Dev\ServerTests.sln]
C:\Users\ultra\warewolf\Dev\TestBase\TestBase.csproj : warning NU1701: Package 'CommonServiceLocator 1.2.0' was restored using '.NETFramework,Version=v4.6.1, .NETFramework,Version=v4.6.2, .NETFramework,Version=v4.7, .NETFramework,Version=v4.7.1, .NETFramework,Version=v4.7.2, .NETFramework,Version=v4.8, .NETFramework,Version=v4.8.1' instead of the project target framework 'net8.0'. This package may not be fully compatible with your project. [C:\Users\ultra\warewolf\Dev\ServerTests.sln]
C:\Users\ultra\warewolf\Dev\TestBase\TestBase.csproj : warning NU1701: Package 'FontAwesome.WPF 4.7.0.9' was restored using '.NETFramework,Version=v4.6.1, .NETFramework,Version=v4.6.2, .NETFramework,Version=v4.7, .NETFramework,Version=v4.7.1, .NETFramework,Version=v4.7.2, .NETFramework,Version=v4.8, .NETFramework,Version=v4.8.1' instead of the project target framework 'net8.0'. This package may not be fully compatible with your project. [C:\Users\ultra\warewolf\Dev\ServerTests.sln]
C:\Users\ultra\warewolf\Dev\TestBase\TestBase.csproj : warning NU1701: Package 'GroupControls 1.9.0' was restored using '.NETFramework,Version=v4.6.1, .NETFramework,Version=v4.6.2, .NETFramework,Version=v4.7, .NETFramework,Version=v4.7.1, .NETFramework,Version=v4.7.2, .NETFramework,Version=v4.8, .NETFramework,Version=v4.8.1' instead of the project target framework 'net8.0'. This package may not be fully compatible with your project. [C:\Users\ultra\warewolf\Dev\ServerTests.sln]
C:\Users\ultra\warewolf\Dev\TestBase\TestBase.csproj : warning NU1701: Package 'Log4Net.Async 2.0.4' was restored using '.NETFramework,Version=v4.6.1, .NETFramework,Version=v4.6.2, .NETFramework,Version=v4.7, .NETFramework,Version=v4.7.1, .NETFramework,Version=v4.7.2, .NETFramework,Version=v4.8, .NETFramework,Version=v4.8.1' instead of the project target framework 'net8.0'. This package may not be fully compatible with your project. [C:\Users\ultra\warewolf\Dev\ServerTests.sln]
  Restored C:\Users\ultra\warewolf\Dev\Dev2.Development.Languages\Dev2.Development.Languages.csproj (in 35 ms).
  Restored C:\Users\ultra\warewolf\Dev\Warewolf.Security\Warewolf.Security.csproj (in 10 ms).
C:\Users\ultra\warewolf\Dev\Dev2.IntegrationTests\Dev2.Integration.Tests.csproj : warning NU1701: Package 'AeroWizard 2.3.1' was restored using '.NETFramework,Version=v4.6.1, .NETFramework,Version=v4.6.2, .NETFramework,Version=v4.7, .NETFramework,Version=v4.7.1, .NETFramework,Version=v4.7.2, .NETFramework,Version=v4.8, .NETFramework,Version=v4.8.1' instead of the project target framework 'net8.0'. This package may not be fully compatible with your project. [C:\Users\ultra\warewolf\Dev\ServerTests.sln]
C:\Users\ultra\warewolf\Dev\Dev2.IntegrationTests\Dev2.Integration.Tests.csproj : warning NU1701: Package 'AvalonEdit 6.3.0.90' was restored using '.NETFramework,Version=v4.6.1, .NETFramework,Version=v4.6.2, .NETFramework,Version=v4.7, .NETFramework,Version=v4.7.1, .NETFramework,Version=v4.7.2, .NETFramework,Version=v4.8, .NETFramework,Version=v4.8.1' instead of the project target framework 'net8.0'. This package may not be fully compatible with your project. [C:\Users\ultra\warewolf\Dev\ServerTests.sln]
C:\Users\ultra\warewolf\Dev\Dev2.IntegrationTests\Dev2.Integration.Tests.csproj : warning NU1701: Package 'CommonServiceLocator 1.2.0' was restored using '.NETFramework,Version=v4.6.1, .NETFramework,Version=v4.6.2, .NETFramework,Version=v4.7, .NETFramework,Version=v4.7.1, .NETFramework,Version=v4.7.2, .NETFramework,Version=v4.8, .NETFramework,Version=v4.8.1' instead of the project target framework 'net8.0'. This package may not be fully compatible with your project. [C:\Users\ultra\warewolf\Dev\ServerTests.sln]
C:\Users\ultra\warewolf\Dev\Dev2.IntegrationTests\Dev2.Integration.Tests.csproj : warning NU1701: Package 'FontAwesome.WPF 4.7.0.9' was restored using '.NETFramework,Version=v4.6.1, .NETFramework,Version=v4.6.2, .NETFramework,Version=v4.7, .NETFramework,Version=v4.7.1, .NETFramework,Version=v4.7.2, .NETFramework,Version=v4.8, .NETFramework,Version=v4.8.1' instead of the project target framework 'net8.0'. This package may not be fully compatible with your project. [C:\Users\ultra\warewolf\Dev\ServerTests.sln]
C:\Users\ultra\warewolf\Dev\Dev2.IntegrationTests\Dev2.Integration.Tests.csproj : warning NU1701: Package 'GroupControls 1.9.0' was restored using '.NETFramework,Version=v4.6.1, .NETFramework,Version=v4.6.2, .NETFramework,Version=v4.7, .NETFramework,Version=v4.7.1, .NETFramework,Version=v4.7.2, .NETFramework,Version=v4.8, .NETFramework,Version=v4.8.1' instead of the project target framework 'net8.0'. This package may not be fully compatible with your project. [C:\Users\ultra\warewolf\Dev\ServerTests.sln]
C:\Users\ultra\warewolf\Dev\Dev2.IntegrationTests\Dev2.Integration.Tests.csproj : warning NU1701: Package 'Log4Net.Async 2.0.4' was restored using '.NETFramework,Version=v4.6.1, .NETFramework,Version=v4.6.2, .NETFramework,Version=v4.7, .NETFramework,Version=v4.7.1, .NETFramework,Version=v4.7.2, .NETFramework,Version=v4.8, .NETFramework,Version=v4.8.1' instead of the project target framework 'net8.0'. This package may not be fully compatible with your project. [C:\Users\ultra\warewolf\Dev\ServerTests.sln]
C:\Users\ultra\warewolf\Dev\Dev2.IntegrationTests\Dev2.Integration.Tests.csproj : warning NU1701: Package 'Microsoft.Xaml.Behaviors.Wpf 1.1.122' was restored using '.NETFramework,Version=v4.6.1, .NETFramework,Version=v4.6.2, .NETFramework,Version=v4.7, .NETFramework,Version=v4.7.1, .NETFramework,Version=v4.7.2, .NETFramework,Version=v4.8, .NETFramework,Version=v4.8.1' instead of the project target framework 'net8.0'. This package may not be fully compatible with your project. [C:\Users\ultra\warewolf\Dev\ServerTests.sln]
C:\Users\ultra\warewolf\Dev\Dev2.IntegrationTests\Dev2.Integration.Tests.csproj : warning NU1701: Package 'Prism.Composition 5.0.0' was restored using '.NETFramework,Version=v4.6.1, .NETFramework,Version=v4.6.2, .NETFramework,Version=v4.7, .NETFramework,Version=v4.7.1, .NETFramework,Version=v4.7.2, .NETFramework,Version=v4.8, .NETFramework,Version=v4.8.1' instead of the project target framework 'net8.0'. This package may not be fully compatible with your project. [C:\Users\ultra\warewolf\Dev\ServerTests.sln]
C:\Users\ultra\warewolf\Dev\Dev2.IntegrationTests\Dev2.Integration.Tests.csproj : warning NU1701: Package 'Prism.Interactivity 5.0.0' was restored using '.NETFramework,Version=v4.6.1, .NETFramework,Version=v4.6.2, .NETFramework,Version=v4.7, .NETFramework,Version=v4.7.1, .NETFramework,Version=v4.7.2, .NETFramework,Version=v4.8, .NETFramework,Version=v4.8.1' instead of the project target framework 'net8.0'. This package may not be fully compatible with your project. [C:\Users\ultra\warewolf\Dev\ServerTests.sln]
C:\Users\ultra\warewolf\Dev\Dev2.IntegrationTests\Dev2.Integration.Tests.csproj : warning NU1701: Package 'Prism.Mvvm 1.0.0' was restored using '.NETFramework,Version=v4.6.1, .NETFramework,Version=v4.6.2, .NETFramework,Version=v4.7, .NETFramework,Version=v4.7.1, .NETFramework,Version=v4.7.2, .NETFramework,Version=v4.8, .NETFramework,Version=v4.8.1' instead of the project target framework 'net8.0'. This package may not be fully compatible with your project. [C:\Users\ultra\warewolf\Dev\ServerTests.sln]
C:\Users\ultra\warewolf\Dev\Dev2.IntegrationTests\Dev2.Integration.Tests.csproj : warning NU1701: Package 'Prism.PubSubEvents 1.0.0' was restored using '.NETFramework,Version=v4.6.1, .NETFramework,Version=v4.6.2, .NETFramework,Version=v4.7, .NETFramework,Version=v4.7.1, .NETFramework,Version=v4.7.2, .NETFramework,Version=v4.8, .NETFramework,Version=v4.8.1' instead of the project target framework 'net8.0'. This package may not be fully compatible with your project. [C:\Users\ultra\warewolf\Dev\ServerTests.sln]
C:\Users\ultra\warewolf\Dev\Dev2.IntegrationTests\Dev2.Integration.Tests.csproj : warning NU1701: Package 'Prism.UnityExtensions 5.0.1' was restored using '.NETFramework,Version=v4.6.1, .NETFramework,Version=v4.6.2, .NETFramework,Version=v4.7, .NETFramework,Version=v4.7.1, .NETFramework,Version=v4.7.2, .NETFramework,Version=v4.8, .NETFramework,Version=v4.8.1' instead of the project target framework 'net8.0'. This package may not be fully compatible with your project. [C:\Users\ultra\warewolf\Dev\ServerTests.sln]
C:\Users\ultra\warewolf\Dev\Dev2.IntegrationTests\Dev2.Integration.Tests.csproj : warning NU1701: Package 'Prism.Wpf 9.0.537' was restored using '.NETFramework,Version=v4.6.1, .NETFramework,Version=v4.6.2, .NETFramework,Version=v4.7, .NETFramework,Version=v4.7.1, .NETFramework,Version=v4.7.2, .NETFramework,Version=v4.8, .NETFramework,Version=v4.8.1' instead of the project target framework 'net8.0'. This package may not be fully compatible with your project. [C:\Users\ultra\warewolf\Dev\ServerTests.sln]
C:\Users\ultra\warewolf\Dev\Dev2.IntegrationTests\Dev2.Integration.Tests.csproj : warning NU1701: Package 'ReactiveUI.WPF 18.4.1' was restored using '.NETFramework,Version=v4.6.1, .NETFramework,Version=v4.6.2, .NETFramework,Version=v4.7, .NETFramework,Version=v4.7.1, .NETFramework,Version=v4.7.2, .NETFramework,Version=v4.8, .NETFramework,Version=v4.8.1' instead of the project target framework 'net8.0'. This package may not be fully compatible with your project. [C:\Users\ultra\warewolf\Dev\ServerTests.sln]
C:\Users\ultra\warewolf\Dev\Dev2.IntegrationTests\Dev2.Integration.Tests.csproj : warning NU1701: Package 'TaskSchedulerEditor 2.10.1' was restored using '.NETFramework,Version=v4.6.1, .NETFramework,Version=v4.6.2, .NETFramework,Version=v4.7, .NETFramework,Version=v4.7.1, .NETFramework,Version=v4.7.2, .NETFramework,Version=v4.8, .NETFramework,Version=v4.8.1' instead of the project target framework 'net8.0'. This package may not be fully compatible with your project. [C:\Users\ultra\warewolf\Dev\ServerTests.sln]
C:\Users\ultra\warewolf\Dev\Dev2.IntegrationTests\Dev2.Integration.Tests.csproj : warning NU1701: Package 'Unofficial.Microsoft.mshtml 7.0.3300' was restored using '.NETFramework,Version=v4.6.1, .NETFramework,Version=v4.6.2, .NETFramework,Version=v4.7, .NETFramework,Version=v4.7.1, .NETFramework,Version=v4.7.2, .NETFramework,Version=v4.8, .NETFramework,Version=v4.8.1' instead of the project target framework 'net8.0'. This package may not be fully compatible with your project. [C:\Users\ultra\warewolf\Dev\ServerTests.sln]
C:\Users\ultra\warewolf\Dev\TestBase\TestBase.csproj : warning NU1701: Package 'Microsoft.Xaml.Behaviors.Wpf 1.1.122' was restored using '.NETFramework,Version=v4.6.1, .NETFramework,Version=v4.6.2, .NETFramework,Version=v4.7, .NETFramework,Version=v4.7.1, .NETFramework,Version=v4.7.2, .NETFramework,Version=v4.8, .NETFramework,Version=v4.8.1' instead of the project target framework 'net8.0'. This package may not be fully compatible with your project. [C:\Users\ultra\warewolf\Dev\ServerTests.sln]
  Restored C:\Users\ultra\warewolf\Dev\Warewolf.Resource\Warewolf.Resource.csproj (in 1 ms).
C:\Users\ultra\warewolf\Dev\TestBase\TestBase.csproj : warning NU1701: Package 'Prism.Composition 5.0.0' was restored using '.NETFramework,Version=v4.6.1, .NETFramework,Version=v4.6.2, .NETFramework,Version=v4.7, .NETFramework,Version=v4.7.1, .NETFramework,Version=v4.7.2, .NETFramework,Version=v4.8, .NETFramework,Version=v4.8.1' instead of the project target framework 'net8.0'. This package may not be fully compatible with your project. [C:\Users\ultra\warewolf\Dev\ServerTests.sln]
C:\Users\ultra\warewolf\Dev\TestBase\TestBase.csproj : warning NU1701: Package 'Prism.Interactivity 5.0.0' was restored using '.NETFramework,Version=v4.6.1, .NETFramework,Version=v4.6.2, .NETFramework,Version=v4.7, .NETFramework,Version=v4.7.1, .NETFramework,Version=v4.7.2, .NETFramework,Version=v4.8, .NETFramework,Version=v4.8.1' instead of the project target framework 'net8.0'. This package may not be fully compatible with your project. [C:\Users\ultra\warewolf\Dev\ServerTests.sln]
C:\Users\ultra\warewolf\Dev\TestBase\TestBase.csproj : warning NU1701: Package 'Prism.Mvvm 1.0.0' was restored using '.NETFramework,Version=v4.6.1, .NETFramework,Version=v4.6.2, .NETFramework,Version=v4.7, .NETFramework,Version=v4.7.1, .NETFramework,Version=v4.7.2, .NETFramework,Version=v4.8, .NETFramework,Version=v4.8.1' instead of the project target framework 'net8.0'. This package may not be fully compatible with your project. [C:\Users\ultra\warewolf\Dev\ServerTests.sln]
C:\Users\ultra\warewolf\Dev\TestBase\TestBase.csproj : warning NU1701: Package 'Prism.PubSubEvents 1.0.0' was restored using '.NETFramework,Version=v4.6.1, .NETFramework,Version=v4.6.2, .NETFramework,Version=v4.7, .NETFramework,Version=v4.7.1, .NETFramework,Version=v4.7.2, .NETFramework,Version=v4.8, .NETFramework,Version=v4.8.1' instead of the project target framework 'net8.0'. This package may not be fully compatible with your project. [C:\Users\ultra\warewolf\Dev\ServerTests.sln]
C:\Users\ultra\warewolf\Dev\TestBase\TestBase.csproj : warning NU1701: Package 'Prism.UnityExtensions 5.0.1' was restored using '.NETFramework,Version=v4.6.1, .NETFramework,Version=v4.6.2, .NETFramework,Version=v4.7, .NETFramework,Version=v4.7.1, .NETFramework,Version=v4.7.2, .NETFramework,Version=v4.8, .NETFramework,Version=v4.8.1' instead of the project target framework 'net8.0'. This package may not be fully compatible with your project. [C:\Users\ultra\warewolf\Dev\ServerTests.sln]
C:\Users\ultra\warewolf\Dev\TestBase\TestBase.csproj : warning NU1701: Package 'Prism.Wpf 9.0.537' was restored using '.NETFramework,Version=v4.6.1, .NETFramework,Version=v4.6.2, .NETFramework,Version=v4.7, .NETFramework,Version=v4.7.1, .NETFramework,Version=v4.7.2, .NETFramework,Version=v4.8, .NETFramework,Version=v4.8.1' instead of the project target framework 'net8.0'. This package may not be fully compatible with your project. [C:\Users\ultra\warewolf\Dev\ServerTests.sln]
C:\Users\ultra\warewolf\Dev\TestBase\TestBase.csproj : warning NU1701: Package 'ReactiveUI.WPF 18.4.1' was restored using '.NETFramework,Version=v4.6.1, .NETFramework,Version=v4.6.2, .NETFramework,Version=v4.7, .NETFramework,Version=v4.7.1, .NETFramework,Version=v4.7.2, .NETFramework,Version=v4.8, .NETFramework,Version=v4.8.1' instead of the project target framework 'net8.0'. This package may not be fully compatible with your project. [C:\Users\ultra\warewolf\Dev\ServerTests.sln]
C:\Users\ultra\warewolf\Dev\TestBase\TestBase.csproj : warning NU1701: Package 'TaskSchedulerEditor 2.10.1' was restored using '.NETFramework,Version=v4.6.1, .NETFramework,Version=v4.6.2, .NETFramework,Version=v4.7, .NETFramework,Version=v4.7.1, .NETFramework,Version=v4.7.2, .NETFramework,Version=v4.8, .NETFramework,Version=v4.8.1' instead of the project target framework 'net8.0'. This package may not be fully compatible with your project. [C:\Users\ultra\warewolf\Dev\ServerTests.sln]
C:\Users\ultra\warewolf\Dev\TestBase\TestBase.csproj : warning NU1701: Package 'Unofficial.Microsoft.mshtml 7.0.3300' was restored using '.NETFramework,Version=v4.6.1, .NETFramework,Version=v4.6.2, .NETFramework,Version=v4.7, .NETFramework,Version=v4.7.1, .NETFramework,Version=v4.7.2, .NETFramework,Version=v4.8, .NETFramework,Version=v4.8.1' instead of the project target framework 'net8.0'. This package may not be fully compatible with your project. [C:\Users\ultra\warewolf\Dev\ServerTests.sln]
  Restored C:\Users\ultra\warewolf\Dev\Dev2.Data.Interfaces\Dev2.Data.Interfaces.csproj (in 37 ms).
  Restored C:\Users\ultra\warewolf\Dev\Dev2.CustomControls\Dev2.CustomControls.csproj (in 42 ms).
C:\Users\ultra\warewolf\Dev\Warewolf.Resource.Tests\Warewolf.Resource.Tests.csproj : warning NU1903: Package 'Microsoft.Windows.Compatibility' 6.0.0 has a known high severity vulnerability, https://github.com/advisories/GHSA-555c-2p6r-68mm [C:\Users\ultra\warewolf\Dev\ServerTests.sln]
C:\Users\ultra\warewolf\Dev\Dev2.Diagnostics.Tests\Dev2.Diagnostics.Tests.csproj : warning NU1701: Package 'AeroWizard 2.3.1' was restored using '.NETFramework,Version=v4.6.1, .NETFramework,Version=v4.6.2, .NETFramework,Version=v4.7, .NETFramework,Version=v4.7.1, .NETFramework,Version=v4.7.2, .NETFramework,Version=v4.8, .NETFramework,Version=v4.8.1' instead of the project target framework 'net8.0'. This package may not be fully compatible with your project. [C:\Users\ultra\warewolf\Dev\ServerTests.sln]
C:\Users\ultra\warewolf\Dev\Dev2.Diagnostics.Tests\Dev2.Diagnostics.Tests.csproj : warning NU1701: Package 'GroupControls 1.9.0' was restored using '.NETFramework,Version=v4.6.1, .NETFramework,Version=v4.6.2, .NETFramework,Version=v4.7, .NETFramework,Version=v4.7.1, .NETFramework,Version=v4.7.2, .NETFramework,Version=v4.8, .NETFramework,Version=v4.8.1' instead of the project target framework 'net8.0'. This package may not be fully compatible with your project. [C:\Users\ultra\warewolf\Dev\ServerTests.sln]
C:\Users\ultra\warewolf\Dev\Dev2.Diagnostics.Tests\Dev2.Diagnostics.Tests.csproj : warning NU1701: Package 'Microsoft.Xaml.Behaviors.Wpf 1.1.122' was restored using '.NETFramework,Version=v4.6.1, .NETFramework,Version=v4.6.2, .NETFramework,Version=v4.7, .NETFramework,Version=v4.7.1, .NETFramework,Version=v4.7.2, .NETFramework,Version=v4.8, .NETFramework,Version=v4.8.1' instead of the project target framework 'net8.0'. This package may not be fully compatible with your project. [C:\Users\ultra\warewolf\Dev\ServerTests.sln]
C:\Users\ultra\warewolf\Dev\Dev2.Diagnostics.Tests\Dev2.Diagnostics.Tests.csproj : warning NU1701: Package 'Prism.Wpf 9.0.537' was restored using '.NETFramework,Version=v4.6.1, .NETFramework,Version=v4.6.2, .NETFramework,Version=v4.7, .NETFramework,Version=v4.7.1, .NETFramework,Version=v4.7.2, .NETFramework,Version=v4.8, .NETFramework,Version=v4.8.1' instead of the project target framework 'net8.0'. This package may not be fully compatible with your project. [C:\Users\ultra\warewolf\Dev\ServerTests.sln]
C:\Users\ultra\warewolf\Dev\Dev2.Diagnostics.Tests\Dev2.Diagnostics.Tests.csproj : warning NU1701: Package 'ReactiveUI.WPF 18.4.1' was restored using '.NETFramework,Version=v4.6.1, .NETFramework,Version=v4.6.2, .NETFramework,Version=v4.7, .NETFramework,Version=v4.7.1, .NETFramework,Version=v4.7.2, .NETFramework,Version=v4.8, .NETFramework,Version=v4.8.1' instead of the project target framework 'net8.0'. This package may not be fully compatible with your project. [C:\Users\ultra\warewolf\Dev\ServerTests.sln]
C:\Users\ultra\warewolf\Dev\Dev2.Diagnostics.Tests\Dev2.Diagnostics.Tests.csproj : warning NU1701: Package 'TaskSchedulerEditor 2.10.1' was restored using '.NETFramework,Version=v4.6.1, .NETFramework,Version=v4.6.2, .NETFramework,Version=v4.7, .NETFramework,Version=v4.7.1, .NETFramework,Version=v4.7.2, .NETFramework,Version=v4.8, .NETFramework,Version=v4.8.1' instead of the project target framework 'net8.0'. This package may not be fully compatible with your project. [C:\Users\ultra\warewolf\Dev\ServerTests.sln]
  Restored C:\Users\ultra\warewolf\Dev\Dev2.Data\Dev2.Data.csproj (in 59 ms).
  Restored C:\Users\ultra\warewolf\Dev\Warewolf.Resource.Tests\Warewolf.Resource.Tests.csproj (in 15 ms).
  Restored C:\Users\ultra\warewolf\Dev\Dev2.Infrastructure.Tests\Dev2.Infrastructure.Tests.csproj (in 150 ms).
C:\Users\ultra\warewolf\Dev\Warewolf.ResourceManagement\Warewolf.ResourceManagement.csproj : warning NU1701: Package 'AeroWizard 2.3.1' was restored using '.NETFramework,Version=v4.6.1, .NETFramework,Version=v4.6.2, .NETFramework,Version=v4.7, .NETFramework,Version=v4.7.1, .NETFramework,Version=v4.7.2, .NETFramework,Version=v4.8, .NETFramework,Version=v4.8.1' instead of the project target framework 'net8.0'. This package may not be fully compatible with your project. [C:\Users\ultra\warewolf\Dev\ServerTests.sln]
C:\Users\ultra\warewolf\Dev\Warewolf.ResourceManagement\Warewolf.ResourceManagement.csproj : warning NU1701: Package 'GroupControls 1.9.0' was restored using '.NETFramework,Version=v4.6.1, .NETFramework,Version=v4.6.2, .NETFramework,Version=v4.7, .NETFramework,Version=v4.7.1, .NETFramework,Version=v4.7.2, .NETFramework,Version=v4.8, .NETFramework,Version=v4.8.1' instead of the project target framework 'net8.0'. This package may not be fully compatible with your project. [C:\Users\ultra\warewolf\Dev\ServerTests.sln]
C:\Users\ultra\warewolf\Dev\Warewolf.ResourceManagement\Warewolf.ResourceManagement.csproj : warning NU1701: Package 'ReactiveUI.WPF 18.4.1' was restored using '.NETFramework,Version=v4.6.1, .NETFramework,Version=v4.6.2, .NETFramework,Version=v4.7, .NETFramework,Version=v4.7.1, .NETFramework,Version=v4.7.2, .NETFramework,Version=v4.8, .NETFramework,Version=v4.8.1' instead of the project target framework 'net8.0'. This package may not be fully compatible with your project. [C:\Users\ultra\warewolf\Dev\ServerTests.sln]
C:\Users\ultra\warewolf\Dev\Warewolf.ResourceManagement\Warewolf.ResourceManagement.csproj : warning NU1701: Package 'TaskSchedulerEditor 2.10.1' was restored using '.NETFramework,Version=v4.6.1, .NETFramework,Version=v4.6.2, .NETFramework,Version=v4.7, .NETFramework,Version=v4.7.1, .NETFramework,Version=v4.7.2, .NETFramework,Version=v4.8, .NETFramework,Version=v4.8.1' instead of the project target framework 'net8.0'. This package may not be fully compatible with your project. [C:\Users\ultra\warewolf\Dev\ServerTests.sln]
  Restored C:\Users\ultra\warewolf\Dev\Dev2.Diagnostics.Tests\Dev2.Diagnostics.Tests.csproj (in 156 ms).
  Restored C:\Users\ultra\warewolf\Dev\TestBase\TestBase.csproj (in 261 ms).
  Restored C:\Users\ultra\warewolf\Dev\Dev2.IntegrationTests\Dev2.Integration.Tests.csproj (in 213 ms).
C:\Users\ultra\warewolf\Dev\Warewolf.PerfMon\Warewolf.PerfMon.csproj : warning NU1701: Package 'AeroWizard 2.3.1' was restored using '.NETFramework,Version=v4.6.1, .NETFramework,Version=v4.6.2, .NETFramework,Version=v4.7, .NETFramework,Version=v4.7.1, .NETFramework,Version=v4.7.2, .NETFramework,Version=v4.8, .NETFramework,Version=v4.8.1' instead of the project target framework 'net8.0'. This package may not be fully compatible with your project. [C:\Users\ultra\warewolf\Dev\ServerTests.sln]
C:\Users\ultra\warewolf\Dev\Warewolf.PerfMon\Warewolf.PerfMon.csproj : warning NU1701: Package 'GroupControls 1.9.0' was restored using '.NETFramework,Version=v4.6.1, .NETFramework,Version=v4.6.2, .NETFramework,Version=v4.7, .NETFramework,Version=v4.7.1, .NETFramework,Version=v4.7.2, .NETFramework,Version=v4.8, .NETFramework,Version=v4.8.1' instead of the project target framework 'net8.0'. This package may not be fully compatible with your project. [C:\Users\ultra\warewolf\Dev\ServerTests.sln]
C:\Users\ultra\warewolf\Dev\Warewolf.PerfMon\Warewolf.PerfMon.csproj : warning NU1701: Package 'ReactiveUI.WPF 18.4.1' was restored using '.NETFramework,Version=v4.6.1, .NETFramework,Version=v4.6.2, .NETFramework,Version=v4.7, .NETFramework,Version=v4.7.1, .NETFramework,Version=v4.7.2, .NETFramework,Version=v4.8, .NETFramework,Version=v4.8.1' instead of the project target framework 'net8.0'. This package may not be fully compatible with your project. [C:\Users\ultra\warewolf\Dev\ServerTests.sln]
C:\Users\ultra\warewolf\Dev\Warewolf.PerfMon\Warewolf.PerfMon.csproj : warning NU1701: Package 'TaskSchedulerEditor 2.10.1' was restored using '.NETFramework,Version=v4.6.1, .NETFramework,Version=v4.6.2, .NETFramework,Version=v4.7, .NETFramework,Version=v4.7.1, .NETFramework,Version=v4.7.2, .NETFramework,Version=v4.8, .NETFramework,Version=v4.8.1' instead of the project target framework 'net8.0'. This package may not be fully compatible with your project. [C:\Users\ultra\warewolf\Dev\ServerTests.sln]
  Restored C:\Users\ultra\warewolf\Dev\Warewolf.PerfMon\Warewolf.PerfMon.csproj (in 84 ms).
  Restored C:\Users\ultra\warewolf\Dev\Warewolf.ResourceManagement\Warewolf.ResourceManagement.csproj (in 125 ms).
C:\Users\ultra\warewolf\Dev\Dev2.Data.Tests\Dev2.Data.Tests.csproj : warning NU1701: Package 'AeroWizard 2.3.1' was restored using '.NETFramework,Version=v4.6.1, .NETFramework,Version=v4.6.2, .NETFramework,Version=v4.7, .NETFramework,Version=v4.7.1, .NETFramework,Version=v4.7.2, .NETFramework,Version=v4.8, .NETFramework,Version=v4.8.1' instead of the project target framework 'net8.0'. This package may not be fully compatible with your project. [C:\Users\ultra\warewolf\Dev\ServerTests.sln]
C:\Users\ultra\warewolf\Dev\Dev2.Data.Tests\Dev2.Data.Tests.csproj : warning NU1701: Package 'AvalonEdit 6.3.0.90' was restored using '.NETFramework,Version=v4.6.1, .NETFramework,Version=v4.6.2, .NETFramework,Version=v4.7, .NETFramework,Version=v4.7.1, .NETFramework,Version=v4.7.2, .NETFramework,Version=v4.8, .NETFramework,Version=v4.8.1' instead of the project target framework 'net8.0'. This package may not be fully compatible with your project. [C:\Users\ultra\warewolf\Dev\ServerTests.sln]
C:\Users\ultra\warewolf\Dev\Dev2.Data.Tests\Dev2.Data.Tests.csproj : warning NU1701: Package 'CommonServiceLocator 1.2.0' was restored using '.NETFramework,Version=v4.6.1, .NETFramework,Version=v4.6.2, .NETFramework,Version=v4.7, .NETFramework,Version=v4.7.1, .NETFramework,Version=v4.7.2, .NETFramework,Version=v4.8, .NETFramework,Version=v4.8.1' instead of the project target framework 'net8.0'. This package may not be fully compatible with your project. [C:\Users\ultra\warewolf\Dev\ServerTests.sln]
C:\Users\ultra\warewolf\Dev\Dev2.Data.Tests\Dev2.Data.Tests.csproj : warning NU1701: Package 'FontAwesome.WPF 4.7.0.9' was restored using '.NETFramework,Version=v4.6.1, .NETFramework,Version=v4.6.2, .NETFramework,Version=v4.7, .NETFramework,Version=v4.7.1, .NETFramework,Version=v4.7.2, .NETFramework,Version=v4.8, .NETFramework,Version=v4.8.1' instead of the project target framework 'net8.0'. This package may not be fully compatible with your project. [C:\Users\ultra\warewolf\Dev\ServerTests.sln]
C:\Users\ultra\warewolf\Dev\Dev2.Data.Tests\Dev2.Data.Tests.csproj : warning NU1701: Package 'GroupControls 1.9.0' was restored using '.NETFramework,Version=v4.6.1, .NETFramework,Version=v4.6.2, .NETFramework,Version=v4.7, .NETFramework,Version=v4.7.1, .NETFramework,Version=v4.7.2, .NETFramework,Version=v4.8, .NETFramework,Version=v4.8.1' instead of the project target framework 'net8.0'. This package may not be fully compatible with your project. [C:\Users\ultra\warewolf\Dev\ServerTests.sln]
C:\Users\ultra\warewolf\Dev\Dev2.Data.Tests\Dev2.Data.Tests.csproj : warning NU1701: Package 'Log4Net.Async 2.0.4' was restored using '.NETFramework,Version=v4.6.1, .NETFramework,Version=v4.6.2, .NETFramework,Version=v4.7, .NETFramework,Version=v4.7.1, .NETFramework,Version=v4.7.2, .NETFramework,Version=v4.8, .NETFramework,Version=v4.8.1' instead of the project target framework 'net8.0'. This package may not be fully compatible with your project. [C:\Users\ultra\warewolf\Dev\ServerTests.sln]
C:\Users\ultra\warewolf\Dev\Warewolf.ResourceManagement.Tests\Warewolf.ResourceManagement.Tests.csproj : warning NU1701: Package 'AeroWizard 2.3.1' was restored using '.NETFramework,Version=v4.6.1, .NETFramework,Version=v4.6.2, .NETFramework,Version=v4.7, .NETFramework,Version=v4.7.1, .NETFramework,Version=v4.7.2, .NETFramework,Version=v4.8, .NETFramework,Version=v4.8.1' instead of the project target framework 'net8.0'. This package may not be fully compatible with your project. [C:\Users\ultra\warewolf\Dev\ServerTests.sln]
C:\Users\ultra\warewolf\Dev\Warewolf.ResourceManagement.Tests\Warewolf.ResourceManagement.Tests.csproj : warning NU1701: Package 'GroupControls 1.9.0' was restored using '.NETFramework,Version=v4.6.1, .NETFramework,Version=v4.6.2, .NETFramework,Version=v4.7, .NETFramework,Version=v4.7.1, .NETFramework,Version=v4.7.2, .NETFramework,Version=v4.8, .NETFramework,Version=v4.8.1' instead of the project target framework 'net8.0'. This package may not be fully compatible with your project. [C:\Users\ultra\warewolf\Dev\ServerTests.sln]
C:\Users\ultra\warewolf\Dev\Dev2.Data.Tests\Dev2.Data.Tests.csproj : warning NU1701: Package 'Microsoft.Xaml.Behaviors.Wpf 1.1.122' was restored using '.NETFramework,Version=v4.6.1, .NETFramework,Version=v4.6.2, .NETFramework,Version=v4.7, .NETFramework,Version=v4.7.1, .NETFramework,Version=v4.7.2, .NETFramework,Version=v4.8, .NETFramework,Version=v4.8.1' instead of the project target framework 'net8.0'. This package may not be fully compatible with your project. [C:\Users\ultra\warewolf\Dev\ServerTests.sln]
C:\Users\ultra\warewolf\Dev\Dev2.Data.Tests\Dev2.Data.Tests.csproj : warning NU1701: Package 'Prism.Composition 5.0.0' was restored using '.NETFramework,Version=v4.6.1, .NETFramework,Version=v4.6.2, .NETFramework,Version=v4.7, .NETFramework,Version=v4.7.1, .NETFramework,Version=v4.7.2, .NETFramework,Version=v4.8, .NETFramework,Version=v4.8.1' instead of the project target framework 'net8.0'. This package may not be fully compatible with your project. [C:\Users\ultra\warewolf\Dev\ServerTests.sln]
C:\Users\ultra\warewolf\Dev\Dev2.Data.Tests\Dev2.Data.Tests.csproj : warning NU1701: Package 'Prism.Interactivity 5.0.0' was restored using '.NETFramework,Version=v4.6.1, .NETFramework,Version=v4.6.2, .NETFramework,Version=v4.7, .NETFramework,Version=v4.7.1, .NETFramework,Version=v4.7.2, .NETFramework,Version=v4.8, .NETFramework,Version=v4.8.1' instead of the project target framework 'net8.0'. This package may not be fully compatible with your project. [C:\Users\ultra\warewolf\Dev\ServerTests.sln]
C:\Users\ultra\warewolf\Dev\Dev2.Data.Tests\Dev2.Data.Tests.csproj : warning NU1701: Package 'Prism.Mvvm 1.0.0' was restored using '.NETFramework,Version=v4.6.1, .NETFramework,Version=v4.6.2, .NETFramework,Version=v4.7, .NETFramework,Version=v4.7.1, .NETFramework,Version=v4.7.2, .NETFramework,Version=v4.8, .NETFramework,Version=v4.8.1' instead of the project target framework 'net8.0'. This package may not be fully compatible with your project. [C:\Users\ultra\warewolf\Dev\ServerTests.sln]
C:\Users\ultra\warewolf\Dev\Dev2.Data.Tests\Dev2.Data.Tests.csproj : warning NU1701: Package 'Prism.PubSubEvents 1.0.0' was restored using '.NETFramework,Version=v4.6.1, .NETFramework,Version=v4.6.2, .NETFramework,Version=v4.7, .NETFramework,Version=v4.7.1, .NETFramework,Version=v4.7.2, .NETFramework,Version=v4.8, .NETFramework,Version=v4.8.1' instead of the project target framework 'net8.0'. This package may not be fully compatible with your project. [C:\Users\ultra\warewolf\Dev\ServerTests.sln]
C:\Users\ultra\warewolf\Dev\Dev2.Data.Tests\Dev2.Data.Tests.csproj : warning NU1701: Package 'Prism.UnityExtensions 5.0.1' was restored using '.NETFramework,Version=v4.6.1, .NETFramework,Version=v4.6.2, .NETFramework,Version=v4.7, .NETFramework,Version=v4.7.1, .NETFramework,Version=v4.7.2, .NETFramework,Version=v4.8, .NETFramework,Version=v4.8.1' instead of the project target framework 'net8.0'. This package may not be fully compatible with your project. [C:\Users\ultra\warewolf\Dev\ServerTests.sln]
C:\Users\ultra\warewolf\Dev\Dev2.Data.Tests\Dev2.Data.Tests.csproj : warning NU1701: Package 'Prism.Wpf 9.0.537' was restored using '.NETFramework,Version=v4.6.1, .NETFramework,Version=v4.6.2, .NETFramework,Version=v4.7, .NETFramework,Version=v4.7.1, .NETFramework,Version=v4.7.2, .NETFramework,Version=v4.8, .NETFramework,Version=v4.8.1' instead of the project target framework 'net8.0'. This package may not be fully compatible with your project. [C:\Users\ultra\warewolf\Dev\ServerTests.sln]
C:\Users\ultra\warewolf\Dev\Dev2.Data.Tests\Dev2.Data.Tests.csproj : warning NU1701: Package 'ReactiveUI.WPF 18.4.1' was restored using '.NETFramework,Version=v4.6.1, .NETFramework,Version=v4.6.2, .NETFramework,Version=v4.7, .NETFramework,Version=v4.7.1, .NETFramework,Version=v4.7.2, .NETFramework,Version=v4.8, .NETFramework,Version=v4.8.1' instead of the project target framework 'net8.0'. This package may not be fully compatible with your project. [C:\Users\ultra\warewolf\Dev\ServerTests.sln]
C:\Users\ultra\warewolf\Dev\Warewolf.ResourceManagement.Tests\Warewolf.ResourceManagement.Tests.csproj : warning NU1701: Package 'ReactiveUI.WPF 18.4.1' was restored using '.NETFramework,Version=v4.6.1, .NETFramework,Version=v4.6.2, .NETFramework,Version=v4.7, .NETFramework,Version=v4.7.1, .NETFramework,Version=v4.7.2, .NETFramework,Version=v4.8, .NETFramework,Version=v4.8.1' instead of the project target framework 'net8.0'. This package may not be fully compatible with your project. [C:\Users\ultra\warewolf\Dev\ServerTests.sln]
C:\Users\ultra\warewolf\Dev\Warewolf.ResourceManagement.Tests\Warewolf.ResourceManagement.Tests.csproj : warning NU1701: Package 'TaskSchedulerEditor 2.10.1' was restored using '.NETFramework,Version=v4.6.1, .NETFramework,Version=v4.6.2, .NETFramework,Version=v4.7, .NETFramework,Version=v4.7.1, .NETFramework,Version=v4.7.2, .NETFramework,Version=v4.8, .NETFramework,Version=v4.8.1' instead of the project target framework 'net8.0'. This package may not be fully compatible with your project. [C:\Users\ultra\warewolf\Dev\ServerTests.sln]
C:\Users\ultra\warewolf\Dev\Dev2.Data.Tests\Dev2.Data.Tests.csproj : warning NU1701: Package 'TaskSchedulerEditor 2.10.1' was restored using '.NETFramework,Version=v4.6.1, .NETFramework,Version=v4.6.2, .NETFramework,Version=v4.7, .NETFramework,Version=v4.7.1, .NETFramework,Version=v4.7.2, .NETFramework,Version=v4.8, .NETFramework,Version=v4.8.1' instead of the project target framework 'net8.0'. This package may not be fully compatible with your project. [C:\Users\ultra\warewolf\Dev\ServerTests.sln]
C:\Users\ultra\warewolf\Dev\Dev2.Data.Tests\Dev2.Data.Tests.csproj : warning NU1701: Package 'Unofficial.Microsoft.mshtml 7.0.3300' was restored using '.NETFramework,Version=v4.6.1, .NETFramework,Version=v4.6.2, .NETFramework,Version=v4.7, .NETFramework,Version=v4.7.1, .NETFramework,Version=v4.7.2, .NETFramework,Version=v4.8, .NETFramework,Version=v4.8.1' instead of the project target framework 'net8.0'. This package may not be fully compatible with your project. [C:\Users\ultra\warewolf\Dev\ServerTests.sln]
C:\Users\ultra\warewolf\Dev\Warewolf.QueueWorker\Warewolf.QueueWorker.csproj : warning NU1701: Package 'AeroWizard 2.3.1' was restored using '.NETFramework,Version=v4.6.1, .NETFramework,Version=v4.6.2, .NETFramework,Version=v4.7, .NETFramework,Version=v4.7.1, .NETFramework,Version=v4.7.2, .NETFramework,Version=v4.8, .NETFramework,Version=v4.8.1' instead of the project target framework 'net8.0'. This package may not be fully compatible with your project. [C:\Users\ultra\warewolf\Dev\ServerTests.sln]
C:\Users\ultra\warewolf\Dev\Warewolf.QueueWorker\Warewolf.QueueWorker.csproj : warning NU1701: Package 'GroupControls 1.9.0' was restored using '.NETFramework,Version=v4.6.1, .NETFramework,Version=v4.6.2, .NETFramework,Version=v4.7, .NETFramework,Version=v4.7.1, .NETFramework,Version=v4.7.2, .NETFramework,Version=v4.8, .NETFramework,Version=v4.8.1' instead of the project target framework 'net8.0'. This package may not be fully compatible with your project. [C:\Users\ultra\warewolf\Dev\ServerTests.sln]
C:\Users\ultra\warewolf\Dev\Warewolf.QueueWorker\Warewolf.QueueWorker.csproj : warning NU1701: Package 'Microsoft.Xaml.Behaviors.Wpf 1.1.122' was restored using '.NETFramework,Version=v4.6.1, .NETFramework,Version=v4.6.2, .NETFramework,Version=v4.7, .NETFramework,Version=v4.7.1, .NETFramework,Version=v4.7.2, .NETFramework,Version=v4.8, .NETFramework,Version=v4.8.1' instead of the project target framework 'net8.0'. This package may not be fully compatible with your project. [C:\Users\ultra\warewolf\Dev\ServerTests.sln]
C:\Users\ultra\warewolf\Dev\Warewolf.QueueWorker\Warewolf.QueueWorker.csproj : warning NU1701: Package 'Prism.Wpf 9.0.537' was restored using '.NETFramework,Version=v4.6.1, .NETFramework,Version=v4.6.2, .NETFramework,Version=v4.7, .NETFramework,Version=v4.7.1, .NETFramework,Version=v4.7.2, .NETFramework,Version=v4.8, .NETFramework,Version=v4.8.1' instead of the project target framework 'net8.0'. This package may not be fully compatible with your project. [C:\Users\ultra\warewolf\Dev\ServerTests.sln]
C:\Users\ultra\warewolf\Dev\Warewolf.QueueWorker\Warewolf.QueueWorker.csproj : warning NU1701: Package 'ReactiveUI.WPF 18.4.1' was restored using '.NETFramework,Version=v4.6.1, .NETFramework,Version=v4.6.2, .NETFramework,Version=v4.7, .NETFramework,Version=v4.7.1, .NETFramework,Version=v4.7.2, .NETFramework,Version=v4.8, .NETFramework,Version=v4.8.1' instead of the project target framework 'net8.0'. This package may not be fully compatible with your project. [C:\Users\ultra\warewolf\Dev\ServerTests.sln]
C:\Users\ultra\warewolf\Dev\Warewolf.QueueWorker\Warewolf.QueueWorker.csproj : warning NU1701: Package 'TaskSchedulerEditor 2.10.1' was restored using '.NETFramework,Version=v4.6.1, .NETFramework,Version=v4.6.2, .NETFramework,Version=v4.7, .NETFramework,Version=v4.7.1, .NETFramework,Version=v4.7.2, .NETFramework,Version=v4.8, .NETFramework,Version=v4.8.1' instead of the project target framework 'net8.0'. This package may not be fully compatible with your project. [C:\Users\ultra\warewolf\Dev\ServerTests.sln]
C:\Users\ultra\warewolf\Dev\Warewolf.QueueWorker.Tests\Warewolf.QueueWorker.Tests.csproj : warning NU1701: Package 'AeroWizard 2.3.1' was restored using '.NETFramework,Version=v4.6.1, .NETFramework,Version=v4.6.2, .NETFramework,Version=v4.7, .NETFramework,Version=v4.7.1, .NETFramework,Version=v4.7.2, .NETFramework,Version=v4.8, .NETFramework,Version=v4.8.1' instead of the project target framework 'net8.0'. This package may not be fully compatible with your project. [C:\Users\ultra\warewolf\Dev\ServerTests.sln]
C:\Users\ultra\warewolf\Dev\Warewolf.QueueWorker.Tests\Warewolf.QueueWorker.Tests.csproj : warning NU1701: Package 'GroupControls 1.9.0' was restored using '.NETFramework,Version=v4.6.1, .NETFramework,Version=v4.6.2, .NETFramework,Version=v4.7, .NETFramework,Version=v4.7.1, .NETFramework,Version=v4.7.2, .NETFramework,Version=v4.8, .NETFramework,Version=v4.8.1' instead of the project target framework 'net8.0'. This package may not be fully compatible with your project. [C:\Users\ultra\warewolf\Dev\ServerTests.sln]
C:\Users\ultra\warewolf\Dev\Warewolf.QueueWorker.Tests\Warewolf.QueueWorker.Tests.csproj : warning NU1701: Package 'Microsoft.Xaml.Behaviors.Wpf 1.1.122' was restored using '.NETFramework,Version=v4.6.1, .NETFramework,Version=v4.6.2, .NETFramework,Version=v4.7, .NETFramework,Version=v4.7.1, .NETFramework,Version=v4.7.2, .NETFramework,Version=v4.8, .NETFramework,Version=v4.8.1' instead of the project target framework 'net8.0'. This package may not be fully compatible with your project. [C:\Users\ultra\warewolf\Dev\ServerTests.sln]
C:\Users\ultra\warewolf\Dev\Warewolf.QueueWorker.Tests\Warewolf.QueueWorker.Tests.csproj : warning NU1701: Package 'Prism.Wpf 9.0.537' was restored using '.NETFramework,Version=v4.6.1, .NETFramework,Version=v4.6.2, .NETFramework,Version=v4.7, .NETFramework,Version=v4.7.1, .NETFramework,Version=v4.7.2, .NETFramework,Version=v4.8, .NETFramework,Version=v4.8.1' instead of the project target framework 'net8.0'. This package may not be fully compatible with your project. [C:\Users\ultra\warewolf\Dev\ServerTests.sln]
C:\Users\ultra\warewolf\Dev\Warewolf.QueueWorker.Tests\Warewolf.QueueWorker.Tests.csproj : warning NU1701: Package 'ReactiveUI.WPF 18.4.1' was restored using '.NETFramework,Version=v4.6.1, .NETFramework,Version=v4.6.2, .NETFramework,Version=v4.7, .NETFramework,Version=v4.7.1, .NETFramework,Version=v4.7.2, .NETFramework,Version=v4.8, .NETFramework,Version=v4.8.1' instead of the project target framework 'net8.0'. This package may not be fully compatible with your project. [C:\Users\ultra\warewolf\Dev\ServerTests.sln]
C:\Users\ultra\warewolf\Dev\Warewolf.Security.Specs\Warewolf.Security.Specs.csproj : warning NU1701: Package 'AeroWizard 2.3.1' was restored using '.NETFramework,Version=v4.6.1, .NETFramework,Version=v4.6.2, .NETFramework,Version=v4.7, .NETFramework,Version=v4.7.1, .NETFramework,Version=v4.7.2, .NETFramework,Version=v4.8, .NETFramework,Version=v4.8.1' instead of the project target framework 'net8.0'. This package may not be fully compatible with your project. [C:\Users\ultra\warewolf\Dev\ServerTests.sln]
C:\Users\ultra\warewolf\Dev\Warewolf.Security.Specs\Warewolf.Security.Specs.csproj : warning NU1701: Package 'AvalonEdit 6.3.0.90' was restored using '.NETFramework,Version=v4.6.1, .NETFramework,Version=v4.6.2, .NETFramework,Version=v4.7, .NETFramework,Version=v4.7.1, .NETFramework,Version=v4.7.2, .NETFramework,Version=v4.8, .NETFramework,Version=v4.8.1' instead of the project target framework 'net8.0'. This package may not be fully compatible with your project. [C:\Users\ultra\warewolf\Dev\ServerTests.sln]
C:\Users\ultra\warewolf\Dev\Warewolf.Security.Specs\Warewolf.Security.Specs.csproj : warning NU1701: Package 'CommonServiceLocator 1.2.0' was restored using '.NETFramework,Version=v4.6.1, .NETFramework,Version=v4.6.2, .NETFramework,Version=v4.7, .NETFramework,Version=v4.7.1, .NETFramework,Version=v4.7.2, .NETFramework,Version=v4.8, .NETFramework,Version=v4.8.1' instead of the project target framework 'net8.0'. This package may not be fully compatible with your project. [C:\Users\ultra\warewolf\Dev\ServerTests.sln]
C:\Users\ultra\warewolf\Dev\Warewolf.Security.Specs\Warewolf.Security.Specs.csproj : warning NU1701: Package 'FontAwesome.WPF 4.7.0.9' was restored using '.NETFramework,Version=v4.6.1, .NETFramework,Version=v4.6.2, .NETFramework,Version=v4.7, .NETFramework,Version=v4.7.1, .NETFramework,Version=v4.7.2, .NETFramework,Version=v4.8, .NETFramework,Version=v4.8.1' instead of the project target framework 'net8.0'. This package may not be fully compatible with your project. [C:\Users\ultra\warewolf\Dev\ServerTests.sln]
C:\Users\ultra\warewolf\Dev\Warewolf.Security.Specs\Warewolf.Security.Specs.csproj : warning NU1701: Package 'GroupControls 1.9.0' was restored using '.NETFramework,Version=v4.6.1, .NETFramework,Version=v4.6.2, .NETFramework,Version=v4.7, .NETFramework,Version=v4.7.1, .NETFramework,Version=v4.7.2, .NETFramework,Version=v4.8, .NETFramework,Version=v4.8.1' instead of the project target framework 'net8.0'. This package may not be fully compatible with your project. [C:\Users\ultra\warewolf\Dev\ServerTests.sln]
C:\Users\ultra\warewolf\Dev\Warewolf.Security.Specs\Warewolf.Security.Specs.csproj : warning NU1701: Package 'Log4Net.Async 2.0.4' was restored using '.NETFramework,Version=v4.6.1, .NETFramework,Version=v4.6.2, .NETFramework,Version=v4.7, .NETFramework,Version=v4.7.1, .NETFramework,Version=v4.7.2, .NETFramework,Version=v4.8, .NETFramework,Version=v4.8.1' instead of the project target framework 'net8.0'. This package may not be fully compatible with your project. [C:\Users\ultra\warewolf\Dev\ServerTests.sln]
C:\Users\ultra\warewolf\Dev\Warewolf.QueueWorker.Tests\Warewolf.QueueWorker.Tests.csproj : warning NU1701: Package 'TaskSchedulerEditor 2.10.1' was restored using '.NETFramework,Version=v4.6.1, .NETFramework,Version=v4.6.2, .NETFramework,Version=v4.7, .NETFramework,Version=v4.7.1, .NETFramework,Version=v4.7.2, .NETFramework,Version=v4.8, .NETFramework,Version=v4.8.1' instead of the project target framework 'net8.0'. This package may not be fully compatible with your project. [C:\Users\ultra\warewolf\Dev\ServerTests.sln]
C:\Users\ultra\warewolf\Dev\Warewolf.Security.Specs\Warewolf.Security.Specs.csproj : warning NU1701: Package 'Microsoft.PowerShell.5.1.ReferenceAssemblies 1.0.0' was restored using '.NETFramework,Version=v4.6.1, .NETFramework,Version=v4.6.2, .NETFramework,Version=v4.7, .NETFramework,Version=v4.7.1, .NETFramework,Version=v4.7.2, .NETFramework,Version=v4.8, .NETFramework,Version=v4.8.1' instead of the project target framework 'net8.0'. This package may not be fully compatible with your project. [C:\Users\ultra\warewolf\Dev\ServerTests.sln]
C:\Users\ultra\warewolf\Dev\Warewolf.Security.Specs\Warewolf.Security.Specs.csproj : warning NU1701: Package 'Microsoft.Xaml.Behaviors.Wpf 1.1.122' was restored using '.NETFramework,Version=v4.6.1, .NETFramework,Version=v4.6.2, .NETFramework,Version=v4.7, .NETFramework,Version=v4.7.1, .NETFramework,Version=v4.7.2, .NETFramework,Version=v4.8, .NETFramework,Version=v4.8.1' instead of the project target framework 'net8.0'. This package may not be fully compatible with your project. [C:\Users\ultra\warewolf\Dev\ServerTests.sln]
C:\Users\ultra\warewolf\Dev\Warewolf.Security.Specs\Warewolf.Security.Specs.csproj : warning NU1701: Package 'Prism.Composition 5.0.0' was restored using '.NETFramework,Version=v4.6.1, .NETFramework,Version=v4.6.2, .NETFramework,Version=v4.7, .NETFramework,Version=v4.7.1, .NETFramework,Version=v4.7.2, .NETFramework,Version=v4.8, .NETFramework,Version=v4.8.1' instead of the project target framework 'net8.0'. This package may not be fully compatible with your project. [C:\Users\ultra\warewolf\Dev\ServerTests.sln]
C:\Users\ultra\warewolf\Dev\Warewolf.Security.Specs\Warewolf.Security.Specs.csproj : warning NU1701: Package 'Prism.Interactivity 5.0.0' was restored using '.NETFramework,Version=v4.6.1, .NETFramework,Version=v4.6.2, .NETFramework,Version=v4.7, .NETFramework,Version=v4.7.1, .NETFramework,Version=v4.7.2, .NETFramework,Version=v4.8, .NETFramework,Version=v4.8.1' instead of the project target framework 'net8.0'. This package may not be fully compatible with your project. [C:\Users\ultra\warewolf\Dev\ServerTests.sln]
C:\Users\ultra\warewolf\Dev\Warewolf.Security.Specs\Warewolf.Security.Specs.csproj : warning NU1701: Package 'Prism.Mvvm 1.0.0' was restored using '.NETFramework,Version=v4.6.1, .NETFramework,Version=v4.6.2, .NETFramework,Version=v4.7, .NETFramework,Version=v4.7.1, .NETFramework,Version=v4.7.2, .NETFramework,Version=v4.8, .NETFramework,Version=v4.8.1' instead of the project target framework 'net8.0'. This package may not be fully compatible with your project. [C:\Users\ultra\warewolf\Dev\ServerTests.sln]
C:\Users\ultra\warewolf\Dev\Warewolf.Security.Specs\Warewolf.Security.Specs.csproj : warning NU1701: Package 'Prism.PubSubEvents 1.0.0' was restored using '.NETFramework,Version=v4.6.1, .NETFramework,Version=v4.6.2, .NETFramework,Version=v4.7, .NETFramework,Version=v4.7.1, .NETFramework,Version=v4.7.2, .NETFramework,Version=v4.8, .NETFramework,Version=v4.8.1' instead of the project target framework 'net8.0'. This package may not be fully compatible with your project. [C:\Users\ultra\warewolf\Dev\ServerTests.sln]
C:\Users\ultra\warewolf\Dev\Warewolf.Security.Specs\Warewolf.Security.Specs.csproj : warning NU1701: Package 'Prism.UnityExtensions 5.0.1' was restored using '.NETFramework,Version=v4.6.1, .NETFramework,Version=v4.6.2, .NETFramework,Version=v4.7, .NETFramework,Version=v4.7.1, .NETFramework,Version=v4.7.2, .NETFramework,Version=v4.8, .NETFramework,Version=v4.8.1' instead of the project target framework 'net8.0'. This package may not be fully compatible with your project. [C:\Users\ultra\warewolf\Dev\ServerTests.sln]
C:\Users\ultra\warewolf\Dev\Warewolf.Security.Specs\Warewolf.Security.Specs.csproj : warning NU1701: Package 'Prism.Wpf 9.0.537' was restored using '.NETFramework,Version=v4.6.1, .NETFramework,Version=v4.6.2, .NETFramework,Version=v4.7, .NETFramework,Version=v4.7.1, .NETFramework,Version=v4.7.2, .NETFramework,Version=v4.8, .NETFramework,Version=v4.8.1' instead of the project target framework 'net8.0'. This package may not be fully compatible with your project. [C:\Users\ultra\warewolf\Dev\ServerTests.sln]
C:\Users\ultra\warewolf\Dev\Warewolf.Security.Specs\Warewolf.Security.Specs.csproj : warning NU1701: Package 'ReactiveUI.WPF 18.4.1' was restored using '.NETFramework,Version=v4.6.1, .NETFramework,Version=v4.6.2, .NETFramework,Version=v4.7, .NETFramework,Version=v4.7.1, .NETFramework,Version=v4.7.2, .NETFramework,Version=v4.8, .NETFramework,Version=v4.8.1' instead of the project target framework 'net8.0'. This package may not be fully compatible with your project. [C:\Users\ultra\warewolf\Dev\ServerTests.sln]
C:\Users\ultra\warewolf\Dev\Warewolf.Security.Specs\Warewolf.Security.Specs.csproj : warning NU1701: Package 'TaskSchedulerEditor 2.10.1' was restored using '.NETFramework,Version=v4.6.1, .NETFramework,Version=v4.6.2, .NETFramework,Version=v4.7, .NETFramework,Version=v4.7.1, .NETFramework,Version=v4.7.2, .NETFramework,Version=v4.8, .NETFramework,Version=v4.8.1' instead of the project target framework 'net8.0'. This package may not be fully compatible with your project. [C:\Users\ultra\warewolf\Dev\ServerTests.sln]
C:\Users\ultra\warewolf\Dev\Warewolf.Security.Specs\Warewolf.Security.Specs.csproj : warning NU1701: Package 'Unofficial.Microsoft.mshtml 7.0.3300' was restored using '.NETFramework,Version=v4.6.1, .NETFramework,Version=v4.6.2, .NETFramework,Version=v4.7, .NETFramework,Version=v4.7.1, .NETFramework,Version=v4.7.2, .NETFramework,Version=v4.8, .NETFramework,Version=v4.8.1' instead of the project target framework 'net8.0'. This package may not be fully compatible with your project. [C:\Users\ultra\warewolf\Dev\ServerTests.sln]
C:\Users\ultra\warewolf\Dev\Warewolf.HangfireServer\Warewolf.HangfireServer.csproj : warning NU1903: Package 'Microsoft.Windows.Compatibility' 6.0.0 has a known high severity vulnerability, https://github.com/advisories/GHSA-555c-2p6r-68mm [C:\Users\ultra\warewolf\Dev\ServerTests.sln]
C:\Users\ultra\warewolf\Dev\Warewolf.HangfireServer\Warewolf.HangfireServer.csproj : warning NU1701: Package 'AeroWizard 2.3.1' was restored using '.NETFramework,Version=v4.6.1, .NETFramework,Version=v4.6.2, .NETFramework,Version=v4.7, .NETFramework,Version=v4.7.1, .NETFramework,Version=v4.7.2, .NETFramework,Version=v4.8, .NETFramework,Version=v4.8.1' instead of the project target framework 'net8.0'. This package may not be fully compatible with your project. [C:\Users\ultra\warewolf\Dev\ServerTests.sln]
C:\Users\ultra\warewolf\Dev\Warewolf.HangfireServer\Warewolf.HangfireServer.csproj : warning NU1701: Package 'GroupControls 1.9.0' was restored using '.NETFramework,Version=v4.6.1, .NETFramework,Version=v4.6.2, .NETFramework,Version=v4.7, .NETFramework,Version=v4.7.1, .NETFramework,Version=v4.7.2, .NETFramework,Version=v4.8, .NETFramework,Version=v4.8.1' instead of the project target framework 'net8.0'. This package may not be fully compatible with your project. [C:\Users\ultra\warewolf\Dev\ServerTests.sln]
C:\Users\ultra\warewolf\Dev\Warewolf.HangfireServer\Warewolf.HangfireServer.csproj : warning NU1701: Package 'ReactiveUI.WPF 18.4.1' was restored using '.NETFramework,Version=v4.6.1, .NETFramework,Version=v4.6.2, .NETFramework,Version=v4.7, .NETFramework,Version=v4.7.1, .NETFramework,Version=v4.7.2, .NETFramework,Version=v4.8, .NETFramework,Version=v4.8.1' instead of the project target framework 'net8.0'. This package may not be fully compatible with your project. [C:\Users\ultra\warewolf\Dev\ServerTests.sln]
  Restored C:\Users\ultra\warewolf\Dev\Warewolf.ResourceManagement.Tests\Warewolf.ResourceManagement.Tests.csproj (in 204 ms).
C:\Users\ultra\warewolf\Dev\Warewolf.Execution.Lightweight\Warewolf.Execution.Lightweight.csproj : warning NU1701: Package 'AeroWizard 2.3.1' was restored using '.NETFramework,Version=v4.6.1, .NETFramework,Version=v4.6.2, .NETFramework,Version=v4.7, .NETFramework,Version=v4.7.1, .NETFramework,Version=v4.7.2, .NETFramework,Version=v4.8, .NETFramework,Version=v4.8.1' instead of the project target framework 'net8.0'. This package may not be fully compatible with your project. [C:\Users\ultra\warewolf\Dev\ServerTests.sln]
C:\Users\ultra\warewolf\Dev\Warewolf.Execution.Lightweight\Warewolf.Execution.Lightweight.csproj : warning NU1701: Package 'GroupControls 1.9.0' was restored using '.NETFramework,Version=v4.6.1, .NETFramework,Version=v4.6.2, .NETFramework,Version=v4.7, .NETFramework,Version=v4.7.1, .NETFramework,Version=v4.7.2, .NETFramework,Version=v4.8, .NETFramework,Version=v4.8.1' instead of the project target framework 'net8.0'. This package may not be fully compatible with your project. [C:\Users\ultra\warewolf\Dev\ServerTests.sln]
C:\Users\ultra\warewolf\Dev\Warewolf.Execution.Lightweight\Warewolf.Execution.Lightweight.csproj : warning NU1701: Package 'ReactiveUI.WPF 18.4.1' was restored using '.NETFramework,Version=v4.6.1, .NETFramework,Version=v4.6.2, .NETFramework,Version=v4.7, .NETFramework,Version=v4.7.1, .NETFramework,Version=v4.7.2, .NETFramework,Version=v4.8, .NETFramework,Version=v4.8.1' instead of the project target framework 'net8.0'. This package may not be fully compatible with your project. [C:\Users\ultra\warewolf\Dev\ServerTests.sln]
C:\Users\ultra\warewolf\Dev\Warewolf.Execution.Lightweight\Warewolf.Execution.Lightweight.csproj : warning NU1701: Package 'TaskSchedulerEditor 2.10.1' was restored using '.NETFramework,Version=v4.6.1, .NETFramework,Version=v4.6.2, .NETFramework,Version=v4.7, .NETFramework,Version=v4.7.1, .NETFramework,Version=v4.7.2, .NETFramework,Version=v4.8, .NETFramework,Version=v4.8.1' instead of the project target framework 'net8.0'. This package may not be fully compatible with your project. [C:\Users\ultra\warewolf\Dev\ServerTests.sln]
C:\Users\ultra\warewolf\Dev\Warewolf.Driver.RabbitMQ.Tests\Warewolf.Driver.RabbitMQ.Tests.csproj : warning NU1701: Package 'AeroWizard 2.3.1' was restored using '.NETFramework,Version=v4.6.1, .NETFramework,Version=v4.6.2, .NETFramework,Version=v4.7, .NETFramework,Version=v4.7.1, .NETFramework,Version=v4.7.2, .NETFramework,Version=v4.8, .NETFramework,Version=v4.8.1' instead of the project target framework 'net8.0'. This package may not be fully compatible with your project. [C:\Users\ultra\warewolf\Dev\ServerTests.sln]
C:\Users\ultra\warewolf\Dev\Warewolf.Driver.RabbitMQ.Tests\Warewolf.Driver.RabbitMQ.Tests.csproj : warning NU1701: Package 'GroupControls 1.9.0' was restored using '.NETFramework,Version=v4.6.1, .NETFramework,Version=v4.6.2, .NETFramework,Version=v4.7, .NETFramework,Version=v4.7.1, .NETFramework,Version=v4.7.2, .NETFramework,Version=v4.8, .NETFramework,Version=v4.8.1' instead of the project target framework 'net8.0'. This package may not be fully compatible with your project. [C:\Users\ultra\warewolf\Dev\ServerTests.sln]
C:\Users\ultra\warewolf\Dev\Warewolf.Driver.RabbitMQ.Tests\Warewolf.Driver.RabbitMQ.Tests.csproj : warning NU1701: Package 'Microsoft.Xaml.Behaviors.Wpf 1.1.122' was restored using '.NETFramework,Version=v4.6.1, .NETFramework,Version=v4.6.2, .NETFramework,Version=v4.7, .NETFramework,Version=v4.7.1, .NETFramework,Version=v4.7.2, .NETFramework,Version=v4.8, .NETFramework,Version=v4.8.1' instead of the project target framework 'net8.0'. This package may not be fully compatible with your project. [C:\Users\ultra\warewolf\Dev\ServerTests.sln]
C:\Users\ultra\warewolf\Dev\Warewolf.Driver.RabbitMQ.Tests\Warewolf.Driver.RabbitMQ.Tests.csproj : warning NU1701: Package 'Prism.Wpf 9.0.537' was restored using '.NETFramework,Version=v4.6.1, .NETFramework,Version=v4.6.2, .NETFramework,Version=v4.7, .NETFramework,Version=v4.7.1, .NETFramework,Version=v4.7.2, .NETFramework,Version=v4.8, .NETFramework,Version=v4.8.1' instead of the project target framework 'net8.0'. This package may not be fully compatible with your project. [C:\Users\ultra\warewolf\Dev\ServerTests.sln]
C:\Users\ultra\warewolf\Dev\Warewolf.Driver.RabbitMQ.Tests\Warewolf.Driver.RabbitMQ.Tests.csproj : warning NU1701: Package 'ReactiveUI.WPF 18.4.1' was restored using '.NETFramework,Version=v4.6.1, .NETFramework,Version=v4.6.2, .NETFramework,Version=v4.7, .NETFramework,Version=v4.7.1, .NETFramework,Version=v4.7.2, .NETFramework,Version=v4.8, .NETFramework,Version=v4.8.1' instead of the project target framework 'net8.0'. This package may not be fully compatible with your project. [C:\Users\ultra\warewolf\Dev\ServerTests.sln]
C:\Users\ultra\warewolf\Dev\Warewolf.Driver.RabbitMQ.Tests\Warewolf.Driver.RabbitMQ.Tests.csproj : warning NU1701: Package 'TaskSchedulerEditor 2.10.1' was restored using '.NETFramework,Version=v4.6.1, .NETFramework,Version=v4.6.2, .NETFramework,Version=v4.7, .NETFramework,Version=v4.7.1, .NETFramework,Version=v4.7.2, .NETFramework,Version=v4.8, .NETFramework,Version=v4.8.1' instead of the project target framework 'net8.0'. This package may not be fully compatible with your project. [C:\Users\ultra\warewolf\Dev\ServerTests.sln]
  Restored C:\Users\ultra\warewolf\Dev\Warewolf.QueueWorker.Tests\Warewolf.QueueWorker.Tests.csproj (in 205 ms).
  Restored C:\Users\ultra\warewolf\Dev\Dev2.Data.Tests\Dev2.Data.Tests.csproj (in 277 ms).
C:\Users\ultra\warewolf\Dev\Warewolf.HangfireServer\Warewolf.HangfireServer.csproj : warning NU1701: Package 'TaskSchedulerEditor 2.10.1' was restored using '.NETFramework,Version=v4.6.1, .NETFramework,Version=v4.6.2, .NETFramework,Version=v4.7, .NETFramework,Version=v4.7.1, .NETFramework,Version=v4.7.2, .NETFramework,Version=v4.8, .NETFramework,Version=v4.8.1' instead of the project target framework 'net8.0'. This package may not be fully compatible with your project. [C:\Users\ultra\warewolf\Dev\ServerTests.sln]
C:\Users\ultra\warewolf\Dev\Warewolf.Data\Warewolf.Data.csproj : warning NU1701: Package 'AeroWizard 2.3.1' was restored using '.NETFramework,Version=v4.6.1, .NETFramework,Version=v4.6.2, .NETFramework,Version=v4.7, .NETFramework,Version=v4.7.1, .NETFramework,Version=v4.7.2, .NETFramework,Version=v4.8, .NETFramework,Version=v4.8.1' instead of the project target framework 'net8.0'. This package may not be fully compatible with your project. [C:\Users\ultra\warewolf\Dev\ServerTests.sln]
C:\Users\ultra\warewolf\Dev\Warewolf.Data\Warewolf.Data.csproj : warning NU1701: Package 'GroupControls 1.9.0' was restored using '.NETFramework,Version=v4.6.1, .NETFramework,Version=v4.6.2, .NETFramework,Version=v4.7, .NETFramework,Version=v4.7.1, .NETFramework,Version=v4.7.2, .NETFramework,Version=v4.8, .NETFramework,Version=v4.8.1' instead of the project target framework 'net8.0'. This package may not be fully compatible with your project. [C:\Users\ultra\warewolf\Dev\ServerTests.sln]
C:\Users\ultra\warewolf\Dev\Warewolf.Data\Warewolf.Data.csproj : warning NU1701: Package 'TaskSchedulerEditor 2.10.1' was restored using '.NETFramework,Version=v4.6.1, .NETFramework,Version=v4.6.2, .NETFramework,Version=v4.7, .NETFramework,Version=v4.7.1, .NETFramework,Version=v4.7.2, .NETFramework,Version=v4.8, .NETFramework,Version=v4.8.1' instead of the project target framework 'net8.0'. This package may not be fully compatible with your project. [C:\Users\ultra\warewolf\Dev\ServerTests.sln]
  Restored C:\Users\ultra\warewolf\Dev\Warewolf.QueueWorker\Warewolf.QueueWorker.csproj (in 249 ms).
C:\Users\ultra\warewolf\Dev\Warewolf.Driver.Persistence\Warewolf.Driver.Persistence.csproj : warning NU1701: Package 'AeroWizard 2.3.1' was restored using '.NETFramework,Version=v4.6.1, .NETFramework,Version=v4.6.2, .NETFramework,Version=v4.7, .NETFramework,Version=v4.7.1, .NETFramework,Version=v4.7.2, .NETFramework,Version=v4.8, .NETFramework,Version=v4.8.1' instead of the project target framework 'net8.0'. This package may not be fully compatible with your project. [C:\Users\ultra\warewolf\Dev\ServerTests.sln]
C:\Users\ultra\warewolf\Dev\Warewolf.Driver.Persistence\Warewolf.Driver.Persistence.csproj : warning NU1701: Package 'GroupControls 1.9.0' was restored using '.NETFramework,Version=v4.6.1, .NETFramework,Version=v4.6.2, .NETFramework,Version=v4.7, .NETFramework,Version=v4.7.1, .NETFramework,Version=v4.7.2, .NETFramework,Version=v4.8, .NETFramework,Version=v4.8.1' instead of the project target framework 'net8.0'. This package may not be fully compatible with your project. [C:\Users\ultra\warewolf\Dev\ServerTests.sln]
C:\Users\ultra\warewolf\Dev\Warewolf.Driver.Persistence\Warewolf.Driver.Persistence.csproj : warning NU1701: Package 'ReactiveUI.WPF 18.4.1' was restored using '.NETFramework,Version=v4.6.1, .NETFramework,Version=v4.6.2, .NETFramework,Version=v4.7, .NETFramework,Version=v4.7.1, .NETFramework,Version=v4.7.2, .NETFramework,Version=v4.8, .NETFramework,Version=v4.8.1' instead of the project target framework 'net8.0'. This package may not be fully compatible with your project. [C:\Users\ultra\warewolf\Dev\ServerTests.sln]
C:\Users\ultra\warewolf\Dev\Warewolf.Driver.Persistence\Warewolf.Driver.Persistence.csproj : warning NU1701: Package 'TaskSchedulerEditor 2.10.1' was restored using '.NETFramework,Version=v4.6.1, .NETFramework,Version=v4.6.2, .NETFramework,Version=v4.7, .NETFramework,Version=v4.7.1, .NETFramework,Version=v4.7.2, .NETFramework,Version=v4.8, .NETFramework,Version=v4.8.1' instead of the project target framework 'net8.0'. This package may not be fully compatible with your project. [C:\Users\ultra\warewolf\Dev\ServerTests.sln]
C:\Users\ultra\warewolf\Dev\Warewolf.Core\Warewolf.Core.csproj : warning NU1903: Package 'Microsoft.Windows.Compatibility' 6.0.0 has a known high severity vulnerability, https://github.com/advisories/GHSA-555c-2p6r-68mm [C:\Users\ultra\warewolf\Dev\ServerTests.sln]
C:\Users\ultra\warewolf\Dev\Warewolf.HangfireServer.Tests\Warewolf.HangfireServer.Tests.csproj : warning NU1701: Package 'AeroWizard 2.3.1' was restored using '.NETFramework,Version=v4.6.1, .NETFramework,Version=v4.6.2, .NETFramework,Version=v4.7, .NETFramework,Version=v4.7.1, .NETFramework,Version=v4.7.2, .NETFramework,Version=v4.8, .NETFramework,Version=v4.8.1' instead of the project target framework 'net8.0'. This package may not be fully compatible with your project. [C:\Users\ultra\warewolf\Dev\ServerTests.sln]
C:\Users\ultra\warewolf\Dev\Warewolf.HangfireServer.Tests\Warewolf.HangfireServer.Tests.csproj : warning NU1701: Package 'GroupControls 1.9.0' was restored using '.NETFramework,Version=v4.6.1, .NETFramework,Version=v4.6.2, .NETFramework,Version=v4.7, .NETFramework,Version=v4.7.1, .NETFramework,Version=v4.7.2, .NETFramework,Version=v4.8, .NETFramework,Version=v4.8.1' instead of the project target framework 'net8.0'. This package may not be fully compatible with your project. [C:\Users\ultra\warewolf\Dev\ServerTests.sln]
C:\Users\ultra\warewolf\Dev\Warewolf.Core\Warewolf.Core.csproj : warning NU1701: Package 'AeroWizard 2.3.1' was restored using '.NETFramework,Version=v4.6.1, .NETFramework,Version=v4.6.2, .NETFramework,Version=v4.7, .NETFramework,Version=v4.7.1, .NETFramework,Version=v4.7.2, .NETFramework,Version=v4.8, .NETFramework,Version=v4.8.1' instead of the project target framework 'net8.0'. This package may not be fully compatible with your project. [C:\Users\ultra\warewolf\Dev\ServerTests.sln]
C:\Users\ultra\warewolf\Dev\Warewolf.Core\Warewolf.Core.csproj : warning NU1701: Package 'GroupControls 1.9.0' was restored using '.NETFramework,Version=v4.6.1, .NETFramework,Version=v4.6.2, .NETFramework,Version=v4.7, .NETFramework,Version=v4.7.1, .NETFramework,Version=v4.7.2, .NETFramework,Version=v4.8, .NETFramework,Version=v4.8.1' instead of the project target framework 'net8.0'. This package may not be fully compatible with your project. [C:\Users\ultra\warewolf\Dev\ServerTests.sln]
C:\Users\ultra\warewolf\Dev\Warewolf.Core\Warewolf.Core.csproj : warning NU1701: Package 'ReactiveUI.WPF 18.4.1' was restored using '.NETFramework,Version=v4.6.1, .NETFramework,Version=v4.6.2, .NETFramework,Version=v4.7, .NETFramework,Version=v4.7.1, .NETFramework,Version=v4.7.2, .NETFramework,Version=v4.8, .NETFramework,Version=v4.8.1' instead of the project target framework 'net8.0'. This package may not be fully compatible with your project. [C:\Users\ultra\warewolf\Dev\ServerTests.sln]
C:\Users\ultra\warewolf\Dev\Warewolf.HangfireServer.Tests\Warewolf.HangfireServer.Tests.csproj : warning NU1701: Package 'ReactiveUI.WPF 18.4.1' was restored using '.NETFramework,Version=v4.6.1, .NETFramework,Version=v4.6.2, .NETFramework,Version=v4.7, .NETFramework,Version=v4.7.1, .NETFramework,Version=v4.7.2, .NETFramework,Version=v4.8, .NETFramework,Version=v4.8.1' instead of the project target framework 'net8.0'. This package may not be fully compatible with your project. [C:\Users\ultra\warewolf\Dev\ServerTests.sln]
C:\Users\ultra\warewolf\Dev\Warewolf.Core\Warewolf.Core.csproj : warning NU1701: Package 'TaskSchedulerEditor 2.10.1' was restored using '.NETFramework,Version=v4.6.1, .NETFramework,Version=v4.6.2, .NETFramework,Version=v4.7, .NETFramework,Version=v4.7.1, .NETFramework,Version=v4.7.2, .NETFramework,Version=v4.8, .NETFramework,Version=v4.8.1' instead of the project target framework 'net8.0'. This package may not be fully compatible with your project. [C:\Users\ultra\warewolf\Dev\ServerTests.sln]
C:\Users\ultra\warewolf\Dev\Warewolf.HangfireServer.Tests\Warewolf.HangfireServer.Tests.csproj : warning NU1701: Package 'TaskSchedulerEditor 2.10.1' was restored using '.NETFramework,Version=v4.6.1, .NETFramework,Version=v4.6.2, .NETFramework,Version=v4.7, .NETFramework,Version=v4.7.1, .NETFramework,Version=v4.7.2, .NETFramework,Version=v4.8, .NETFramework,Version=v4.8.1' instead of the project target framework 'net8.0'. This package may not be fully compatible with your project. [C:\Users\ultra\warewolf\Dev\ServerTests.sln]
  Restored C:\Users\ultra\warewolf\Dev\Warewolf.Execution.Lightweight\Warewolf.Execution.Lightweight.csproj (in 200 ms).
  Restored C:\Users\ultra\warewolf\Dev\Warewolf.Driver.RabbitMQ.Tests\Warewolf.Driver.RabbitMQ.Tests.csproj (in 179 ms).
  Restored C:\Users\ultra\warewolf\Dev\Warewolf.HangfireServer\Warewolf.HangfireServer.csproj (in 233 ms).
  Restored C:\Users\ultra\warewolf\Dev\Warewolf.Data\Warewolf.Data.csproj (in 42 ms).
C:\Users\ultra\warewolf\Dev\Warewolf.Data.Tests\Warewolf.Data.Tests.csproj : warning NU1701: Package 'AeroWizard 2.3.1' was restored using '.NETFramework,Version=v4.6.1, .NETFramework,Version=v4.6.2, .NETFramework,Version=v4.7, .NETFramework,Version=v4.7.1, .NETFramework,Version=v4.7.2, .NETFramework,Version=v4.8, .NETFramework,Version=v4.8.1' instead of the project target framework 'net8.0'. This package may not be fully compatible with your project. [C:\Users\ultra\warewolf\Dev\ServerTests.sln]
C:\Users\ultra\warewolf\Dev\Warewolf.Data.Tests\Warewolf.Data.Tests.csproj : warning NU1701: Package 'GroupControls 1.9.0' was restored using '.NETFramework,Version=v4.6.1, .NETFramework,Version=v4.6.2, .NETFramework,Version=v4.7, .NETFramework,Version=v4.7.1, .NETFramework,Version=v4.7.2, .NETFramework,Version=v4.8, .NETFramework,Version=v4.8.1' instead of the project target framework 'net8.0'. This package may not be fully compatible with your project. [C:\Users\ultra\warewolf\Dev\ServerTests.sln]
C:\Users\ultra\warewolf\Dev\Warewolf.Data.Tests\Warewolf.Data.Tests.csproj : warning NU1701: Package 'ReactiveUI.WPF 18.4.1' was restored using '.NETFramework,Version=v4.6.1, .NETFramework,Version=v4.6.2, .NETFramework,Version=v4.7, .NETFramework,Version=v4.7.1, .NETFramework,Version=v4.7.2, .NETFramework,Version=v4.8, .NETFramework,Version=v4.8.1' instead of the project target framework 'net8.0'. This package may not be fully compatible with your project. [C:\Users\ultra\warewolf\Dev\ServerTests.sln]
  Restored C:\Users\ultra\warewolf\Dev\Warewolf.Security.Specs\Warewolf.Security.Specs.csproj (in 316 ms).
C:\Users\ultra\warewolf\Dev\Warewolf.Common\Warewolf.Common.csproj : warning NU1701: Package 'AeroWizard 2.3.1' was restored using '.NETFramework,Version=v4.6.1, .NETFramework,Version=v4.6.2, .NETFramework,Version=v4.7, .NETFramework,Version=v4.7.1, .NETFramework,Version=v4.7.2, .NETFramework,Version=v4.8, .NETFramework,Version=v4.8.1' instead of the project target framework 'net8.0'. This package may not be fully compatible with your project. [C:\Users\ultra\warewolf\Dev\ServerTests.sln]
C:\Users\ultra\warewolf\Dev\Warewolf.Common\Warewolf.Common.csproj : warning NU1701: Package 'GroupControls 1.9.0' was restored using '.NETFramework,Version=v4.6.1, .NETFramework,Version=v4.6.2, .NETFramework,Version=v4.7, .NETFramework,Version=v4.7.1, .NETFramework,Version=v4.7.2, .NETFramework,Version=v4.8, .NETFramework,Version=v4.8.1' instead of the project target framework 'net8.0'. This package may not be fully compatible with your project. [C:\Users\ultra\warewolf\Dev\ServerTests.sln]
C:\Users\ultra\warewolf\Dev\Warewolf.Common\Warewolf.Common.csproj : warning NU1701: Package 'TaskSchedulerEditor 2.10.1' was restored using '.NETFramework,Version=v4.6.1, .NETFramework,Version=v4.6.2, .NETFramework,Version=v4.7, .NETFramework,Version=v4.7.1, .NETFramework,Version=v4.7.2, .NETFramework,Version=v4.8, .NETFramework,Version=v4.8.1' instead of the project target framework 'net8.0'. This package may not be fully compatible with your project. [C:\Users\ultra\warewolf\Dev\ServerTests.sln]
C:\Users\ultra\warewolf\Dev\Warewolf.Data.Tests\Warewolf.Data.Tests.csproj : warning NU1701: Package 'TaskSchedulerEditor 2.10.1' was restored using '.NETFramework,Version=v4.6.1, .NETFramework,Version=v4.6.2, .NETFramework,Version=v4.7, .NETFramework,Version=v4.7.1, .NETFramework,Version=v4.7.2, .NETFramework,Version=v4.8, .NETFramework,Version=v4.8.1' instead of the project target framework 'net8.0'. This package may not be fully compatible with your project. [C:\Users\ultra\warewolf\Dev\ServerTests.sln]
  Restored C:\Users\ultra\warewolf\Dev\Warewolf.HangfireServer.Tests\Warewolf.HangfireServer.Tests.csproj (in 239 ms).
  Restored C:\Users\ultra\warewolf\Dev\Warewolf.Core\Warewolf.Core.csproj (in 57 ms).
C:\Users\ultra\warewolf\Dev\Warewolf.Common.NetStandard20.Tests\Warewolf.Common.NetStandard20.Tests.csproj : warning NU1701: Package 'AeroWizard 2.3.1' was restored using '.NETFramework,Version=v4.6.1, .NETFramework,Version=v4.6.2, .NETFramework,Version=v4.7, .NETFramework,Version=v4.7.1, .NETFramework,Version=v4.7.2, .NETFramework,Version=v4.8, .NETFramework,Version=v4.8.1' instead of the project target framework 'net8.0'. This package may not be fully compatible with your project. [C:\Users\ultra\warewolf\Dev\ServerTests.sln]
C:\Users\ultra\warewolf\Dev\Warewolf.Common.NetStandard20.Tests\Warewolf.Common.NetStandard20.Tests.csproj : warning NU1701: Package 'GroupControls 1.9.0' was restored using '.NETFramework,Version=v4.6.1, .NETFramework,Version=v4.6.2, .NETFramework,Version=v4.7, .NETFramework,Version=v4.7.1, .NETFramework,Version=v4.7.2, .NETFramework,Version=v4.8, .NETFramework,Version=v4.8.1' instead of the project target framework 'net8.0'. This package may not be fully compatible with your project. [C:\Users\ultra\warewolf\Dev\ServerTests.sln]
C:\Users\ultra\warewolf\Dev\Warewolf.Common.NetStandard20.Tests\Warewolf.Common.NetStandard20.Tests.csproj : warning NU1701: Package 'ReactiveUI.WPF 18.4.1' was restored using '.NETFramework,Version=v4.6.1, .NETFramework,Version=v4.6.2, .NETFramework,Version=v4.7, .NETFramework,Version=v4.7.1, .NETFramework,Version=v4.7.2, .NETFramework,Version=v4.8, .NETFramework,Version=v4.8.1' instead of the project target framework 'net8.0'. This package may not be fully compatible with your project. [C:\Users\ultra\warewolf\Dev\ServerTests.sln]
C:\Users\ultra\warewolf\Dev\Warewolf.Common.NetStandard20.Tests\Warewolf.Common.NetStandard20.Tests.csproj : warning NU1701: Package 'TaskSchedulerEditor 2.10.1' was restored using '.NETFramework,Version=v4.6.1, .NETFramework,Version=v4.6.2, .NETFramework,Version=v4.7, .NETFramework,Version=v4.7.1, .NETFramework,Version=v4.7.2, .NETFramework,Version=v4.8, .NETFramework,Version=v4.8.1' instead of the project target framework 'net8.0'. This package may not be fully compatible with your project. [C:\Users\ultra\warewolf\Dev\ServerTests.sln]
C:\Users\ultra\warewolf\Dev\Warewolf.Common.NetStandard20\Warewolf.Common.NetStandard20.csproj : warning NU1701: Package 'AeroWizard 2.3.1' was restored using '.NETFramework,Version=v4.6.1, .NETFramework,Version=v4.6.2, .NETFramework,Version=v4.7, .NETFramework,Version=v4.7.1, .NETFramework,Version=v4.7.2, .NETFramework,Version=v4.8, .NETFramework,Version=v4.8.1' instead of the project target framework 'net8.0'. This package may not be fully compatible with your project. [C:\Users\ultra\warewolf\Dev\ServerTests.sln]
C:\Users\ultra\warewolf\Dev\Warewolf.Common.NetStandard20\Warewolf.Common.NetStandard20.csproj : warning NU1701: Package 'GroupControls 1.9.0' was restored using '.NETFramework,Version=v4.6.1, .NETFramework,Version=v4.6.2, .NETFramework,Version=v4.7, .NETFramework,Version=v4.7.1, .NETFramework,Version=v4.7.2, .NETFramework,Version=v4.8, .NETFramework,Version=v4.8.1' instead of the project target framework 'net8.0'. This package may not be fully compatible with your project. [C:\Users\ultra\warewolf\Dev\ServerTests.sln]
C:\Users\ultra\warewolf\Dev\Warewolf.Common.NetStandard20\Warewolf.Common.NetStandard20.csproj : warning NU1701: Package 'ReactiveUI.WPF 18.4.1' was restored using '.NETFramework,Version=v4.6.1, .NETFramework,Version=v4.6.2, .NETFramework,Version=v4.7, .NETFramework,Version=v4.7.1, .NETFramework,Version=v4.7.2, .NETFramework,Version=v4.8, .NETFramework,Version=v4.8.1' instead of the project target framework 'net8.0'. This package may not be fully compatible with your project. [C:\Users\ultra\warewolf\Dev\ServerTests.sln]
C:\Users\ultra\warewolf\Dev\Warewolf.Common.NetStandard20\Warewolf.Common.NetStandard20.csproj : warning NU1701: Package 'TaskSchedulerEditor 2.10.1' was restored using '.NETFramework,Version=v4.6.1, .NETFramework,Version=v4.6.2, .NETFramework,Version=v4.7, .NETFramework,Version=v4.7.1, .NETFramework,Version=v4.7.2, .NETFramework,Version=v4.8, .NETFramework,Version=v4.8.1' instead of the project target framework 'net8.0'. This package may not be fully compatible with your project. [C:\Users\ultra\warewolf\Dev\ServerTests.sln]
  Restored C:\Users\ultra\warewolf\Dev\Warewolf.Driver.Persistence\Warewolf.Driver.Persistence.csproj (in 183 ms).
  Restored C:\Users\ultra\warewolf\Dev\Warewolf.Data.Tests\Warewolf.Data.Tests.csproj (in 96 ms).
  Restored C:\Users\ultra\warewolf\Dev\Warewolf.Common\Warewolf.Common.csproj (in 26 ms).
C:\Users\ultra\warewolf\Dev\Warewolf.Core.Tests\Warewolf.Core.Tests.csproj : warning NU1701: Package 'AeroWizard 2.3.1' was restored using '.NETFramework,Version=v4.6.1, .NETFramework,Version=v4.6.2, .NETFramework,Version=v4.7, .NETFramework,Version=v4.7.1, .NETFramework,Version=v4.7.2, .NETFramework,Version=v4.8, .NETFramework,Version=v4.8.1' instead of the project target framework 'net8.0'. This package may not be fully compatible with your project. [C:\Users\ultra\warewolf\Dev\ServerTests.sln]
C:\Users\ultra\warewolf\Dev\Warewolf.Core.Tests\Warewolf.Core.Tests.csproj : warning NU1701: Package 'GroupControls 1.9.0' was restored using '.NETFramework,Version=v4.6.1, .NETFramework,Version=v4.6.2, .NETFramework,Version=v4.7, .NETFramework,Version=v4.7.1, .NETFramework,Version=v4.7.2, .NETFramework,Version=v4.8, .NETFramework,Version=v4.8.1' instead of the project target framework 'net8.0'. This package may not be fully compatible with your project. [C:\Users\ultra\warewolf\Dev\ServerTests.sln]
C:\Users\ultra\warewolf\Dev\Warewolf.Core.Tests\Warewolf.Core.Tests.csproj : warning NU1701: Package 'Microsoft.Xaml.Behaviors.Wpf 1.1.122' was restored using '.NETFramework,Version=v4.6.1, .NETFramework,Version=v4.6.2, .NETFramework,Version=v4.7, .NETFramework,Version=v4.7.1, .NETFramework,Version=v4.7.2, .NETFramework,Version=v4.8, .NETFramework,Version=v4.8.1' instead of the project target framework 'net8.0'. This package may not be fully compatible with your project. [C:\Users\ultra\warewolf\Dev\ServerTests.sln]
C:\Users\ultra\warewolf\Dev\Warewolf.Core.Tests\Warewolf.Core.Tests.csproj : warning NU1701: Package 'Prism.Wpf 9.0.537' was restored using '.NETFramework,Version=v4.6.1, .NETFramework,Version=v4.6.2, .NETFramework,Version=v4.7, .NETFramework,Version=v4.7.1, .NETFramework,Version=v4.7.2, .NETFramework,Version=v4.8, .NETFramework,Version=v4.8.1' instead of the project target framework 'net8.0'. This package may not be fully compatible with your project. [C:\Users\ultra\warewolf\Dev\ServerTests.sln]
C:\Users\ultra\warewolf\Dev\Warewolf.Core.Tests\Warewolf.Core.Tests.csproj : warning NU1701: Package 'ReactiveUI.WPF 18.4.1' was restored using '.NETFramework,Version=v4.6.1, .NETFramework,Version=v4.6.2, .NETFramework,Version=v4.7, .NETFramework,Version=v4.7.1, .NETFramework,Version=v4.7.2, .NETFramework,Version=v4.8, .NETFramework,Version=v4.8.1' instead of the project target framework 'net8.0'. This package may not be fully compatible with your project. [C:\Users\ultra\warewolf\Dev\ServerTests.sln]
C:\Users\ultra\warewolf\Dev\Warewolf.Core.Tests\Warewolf.Core.Tests.csproj : warning NU1701: Package 'TaskSchedulerEditor 2.10.1' was restored using '.NETFramework,Version=v4.6.1, .NETFramework,Version=v4.6.2, .NETFramework,Version=v4.7, .NETFramework,Version=v4.7.1, .NETFramework,Version=v4.7.2, .NETFramework,Version=v4.8, .NETFramework,Version=v4.8.1' instead of the project target framework 'net8.0'. This package may not be fully compatible with your project. [C:\Users\ultra\warewolf\Dev\ServerTests.sln]
C:\Users\ultra\warewolf\Dev\Warewolf.Driver.Persistence.Tests\Warewolf.Driver.Persistence.Tests.csproj : warning NU1701: Package 'AeroWizard 2.3.1' was restored using '.NETFramework,Version=v4.6.1, .NETFramework,Version=v4.6.2, .NETFramework,Version=v4.7, .NETFramework,Version=v4.7.1, .NETFramework,Version=v4.7.2, .NETFramework,Version=v4.8, .NETFramework,Version=v4.8.1' instead of the project target framework 'net8.0'. This package may not be fully compatible with your project. [C:\Users\ultra\warewolf\Dev\ServerTests.sln]
C:\Users\ultra\warewolf\Dev\Warewolf.Driver.Persistence.Tests\Warewolf.Driver.Persistence.Tests.csproj : warning NU1701: Package 'GroupControls 1.9.0' was restored using '.NETFramework,Version=v4.6.1, .NETFramework,Version=v4.6.2, .NETFramework,Version=v4.7, .NETFramework,Version=v4.7.1, .NETFramework,Version=v4.7.2, .NETFramework,Version=v4.8, .NETFramework,Version=v4.8.1' instead of the project target framework 'net8.0'. This package may not be fully compatible with your project. [C:\Users\ultra\warewolf\Dev\ServerTests.sln]
C:\Users\ultra\warewolf\Dev\Warewolf.Driver.Persistence.Tests\Warewolf.Driver.Persistence.Tests.csproj : warning NU1701: Package 'Microsoft.Xaml.Behaviors.Wpf 1.1.122' was restored using '.NETFramework,Version=v4.6.1, .NETFramework,Version=v4.6.2, .NETFramework,Version=v4.7, .NETFramework,Version=v4.7.1, .NETFramework,Version=v4.7.2, .NETFramework,Version=v4.8, .NETFramework,Version=v4.8.1' instead of the project target framework 'net8.0'. This package may not be fully compatible with your project. [C:\Users\ultra\warewolf\Dev\ServerTests.sln]
C:\Users\ultra\warewolf\Dev\Warewolf.Driver.Persistence.Tests\Warewolf.Driver.Persistence.Tests.csproj : warning NU1701: Package 'Prism.Wpf 9.0.537' was restored using '.NETFramework,Version=v4.6.1, .NETFramework,Version=v4.6.2, .NETFramework,Version=v4.7, .NETFramework,Version=v4.7.1, .NETFramework,Version=v4.7.2, .NETFramework,Version=v4.8, .NETFramework,Version=v4.8.1' instead of the project target framework 'net8.0'. This package may not be fully compatible with your project. [C:\Users\ultra\warewolf\Dev\ServerTests.sln]
C:\Users\ultra\warewolf\Dev\Warewolf.Driver.Persistence.Tests\Warewolf.Driver.Persistence.Tests.csproj : warning NU1701: Package 'ReactiveUI.WPF 18.4.1' was restored using '.NETFramework,Version=v4.6.1, .NETFramework,Version=v4.6.2, .NETFramework,Version=v4.7, .NETFramework,Version=v4.7.1, .NETFramework,Version=v4.7.2, .NETFramework,Version=v4.8, .NETFramework,Version=v4.8.1' instead of the project target framework 'net8.0'. This package may not be fully compatible with your project. [C:\Users\ultra\warewolf\Dev\ServerTests.sln]
C:\Users\ultra\warewolf\Dev\Warewolf.Driver.Persistence.Tests\Warewolf.Driver.Persistence.Tests.csproj : warning NU1701: Package 'TaskSchedulerEditor 2.10.1' was restored using '.NETFramework,Version=v4.6.1, .NETFramework,Version=v4.6.2, .NETFramework,Version=v4.7, .NETFramework,Version=v4.7.1, .NETFramework,Version=v4.7.2, .NETFramework,Version=v4.8, .NETFramework,Version=v4.8.1' instead of the project target framework 'net8.0'. This package may not be fully compatible with your project. [C:\Users\ultra\warewolf\Dev\ServerTests.sln]
  Restored C:\Users\ultra\warewolf\Dev\Warewolf.Common.NetStandard20.Tests\Warewolf.Common.NetStandard20.Tests.csproj (in 48 ms).
  Restored C:\Users\ultra\warewolf\Dev\Warewolf.Common.NetStandard20\Warewolf.Common.NetStandard20.csproj (in 49 ms).
  Restored C:\Users\ultra\warewolf\Dev\Dev2.Server\Dev2.Server.csproj (in 971 ms).
  Restored C:\Users\ultra\warewolf\Dev\Warewolf.Driver.Persistence.Tests\Warewolf.Driver.Persistence.Tests.csproj (in 234 ms).
  Restored C:\Users\ultra\warewolf\Dev\Warewolf.Core.Tests\Warewolf.Core.Tests.csproj (in 84 ms).
C:\Program Files\dotnet\sdk\10.0.201\Current\SolutionFile\ImportAfter\Microsoft.NET.Sdk.Solution.targets(36,5): warning NETSDK1194: The "--output" option isn't supported when building a solution. Specifying a solution-level output path results in all projects copying outputs to the same directory, which can lead to inconsistent builds. [C:\Users\ultra\warewolf\Dev\ServerTests.sln]
C:\Users\ultra\warewolf\Dev\Dev2.Infrastructure.Tests\Dev2.Infrastructure.Tests.csproj : warning NU1701: Package 'AeroWizard 2.3.1' was restored using '.NETFramework,Version=v4.6.1, .NETFramework,Version=v4.6.2, .NETFramework,Version=v4.7, .NETFramework,Version=v4.7.1, .NETFramework,Version=v4.7.2, .NETFramework,Version=v4.8, .NETFramework,Version=v4.8.1' instead of the project target framework 'net8.0'. This package may not be fully compatible with your project.
C:\Users\ultra\warewolf\Dev\Dev2.Infrastructure.Tests\Dev2.Infrastructure.Tests.csproj : warning NU1701: Package 'GroupControls 1.9.0' was restored using '.NETFramework,Version=v4.6.1, .NETFramework,Version=v4.6.2, .NETFramework,Version=v4.7, .NETFramework,Version=v4.7.1, .NETFramework,Version=v4.7.2, .NETFramework,Version=v4.8, .NETFramework,Version=v4.8.1' instead of the project target framework 'net8.0'. This package may not be fully compatible with your project.
C:\Users\ultra\warewolf\Dev\Dev2.Infrastructure.Tests\Dev2.Infrastructure.Tests.csproj : warning NU1701: Package 'Microsoft.Xaml.Behaviors.Wpf 1.1.122' was restored using '.NETFramework,Version=v4.6.1, .NETFramework,Version=v4.6.2, .NETFramework,Version=v4.7, .NETFramework,Version=v4.7.1, .NETFramework,Version=v4.7.2, .NETFramework,Version=v4.8, .NETFramework,Version=v4.8.1' instead of the project target framework 'net8.0'. This package may not be fully compatible with your project.
C:\Users\ultra\warewolf\Dev\Dev2.Infrastructure.Tests\Dev2.Infrastructure.Tests.csproj : warning NU1701: Package 'Prism.Wpf 9.0.537' was restored using '.NETFramework,Version=v4.6.1, .NETFramework,Version=v4.6.2, .NETFramework,Version=v4.7, .NETFramework,Version=v4.7.1, .NETFramework,Version=v4.7.2, .NETFramework,Version=v4.8, .NETFramework,Version=v4.8.1' instead of the project target framework 'net8.0'. This package may not be fully compatible with your project.
C:\Users\ultra\warewolf\Dev\Dev2.Infrastructure.Tests\Dev2.Infrastructure.Tests.csproj : warning NU1701: Package 'ReactiveUI.WPF 18.4.1' was restored using '.NETFramework,Version=v4.6.1, .NETFramework,Version=v4.6.2, .NETFramework,Version=v4.7, .NETFramework,Version=v4.7.1, .NETFramework,Version=v4.7.2, .NETFramework,Version=v4.8, .NETFramework,Version=v4.8.1' instead of the project target framework 'net8.0'. This package may not be fully compatible with your project.
C:\Users\ultra\warewolf\Dev\Dev2.Infrastructure.Tests\Dev2.Infrastructure.Tests.csproj : warning NU1701: Package 'TaskSchedulerEditor 2.10.1' was restored using '.NETFramework,Version=v4.6.1, .NETFramework,Version=v4.6.2, .NETFramework,Version=v4.7, .NETFramework,Version=v4.7.1, .NETFramework,Version=v4.7.2, .NETFramework,Version=v4.8, .NETFramework,Version=v4.8.1' instead of the project target framework 'net8.0'. This package may not be fully compatible with your project.
C:\Users\ultra\warewolf\Dev\Dev2.Common.Tests\Dev2.Common.Tests.csproj : warning NU1701: Package 'AeroWizard 2.3.1' was restored using '.NETFramework,Version=v4.6.1, .NETFramework,Version=v4.6.2, .NETFramework,Version=v4.7, .NETFramework,Version=v4.7.1, .NETFramework,Version=v4.7.2, .NETFramework,Version=v4.8, .NETFramework,Version=v4.8.1' instead of the project target framework 'net8.0'. This package may not be fully compatible with your project.
C:\Users\ultra\warewolf\Dev\Dev2.Common.Tests\Dev2.Common.Tests.csproj : warning NU1701: Package 'GroupControls 1.9.0' was restored using '.NETFramework,Version=v4.6.1, .NETFramework,Version=v4.6.2, .NETFramework,Version=v4.7, .NETFramework,Version=v4.7.1, .NETFramework,Version=v4.7.2, .NETFramework,Version=v4.8, .NETFramework,Version=v4.8.1' instead of the project target framework 'net8.0'. This package may not be fully compatible with your project.
C:\Users\ultra\warewolf\Dev\Dev2.Common.Tests\Dev2.Common.Tests.csproj : warning NU1701: Package 'Microsoft.Xaml.Behaviors.Wpf 1.1.122' was restored using '.NETFramework,Version=v4.6.1, .NETFramework,Version=v4.6.2, .NETFramework,Version=v4.7, .NETFramework,Version=v4.7.1, .NETFramework,Version=v4.7.2, .NETFramework,Version=v4.8, .NETFramework,Version=v4.8.1' instead of the project target framework 'net8.0'. This package may not be fully compatible with your project.
C:\Users\ultra\warewolf\Dev\Dev2.Common.Tests\Dev2.Common.Tests.csproj : warning NU1701: Package 'Prism.Wpf 9.0.537' was restored using '.NETFramework,Version=v4.6.1, .NETFramework,Version=v4.6.2, .NETFramework,Version=v4.7, .NETFramework,Version=v4.7.1, .NETFramework,Version=v4.7.2, .NETFramework,Version=v4.8, .NETFramework,Version=v4.8.1' instead of the project target framework 'net8.0'. This package may not be fully compatible with your project.
C:\Users\ultra\warewolf\Dev\Dev2.Common.Tests\Dev2.Common.Tests.csproj : warning NU1701: Package 'ReactiveUI.WPF 18.4.1' was restored using '.NETFramework,Version=v4.6.1, .NETFramework,Version=v4.6.2, .NETFramework,Version=v4.7, .NETFramework,Version=v4.7.1, .NETFramework,Version=v4.7.2, .NETFramework,Version=v4.8, .NETFramework,Version=v4.8.1' instead of the project target framework 'net8.0'. This package may not be fully compatible with your project.
C:\Users\ultra\warewolf\Dev\Dev2.Common.Tests\Dev2.Common.Tests.csproj : warning NU1701: Package 'TaskSchedulerEditor 2.10.1' was restored using '.NETFramework,Version=v4.6.1, .NETFramework,Version=v4.6.2, .NETFramework,Version=v4.7, .NETFramework,Version=v4.7.1, .NETFramework,Version=v4.7.2, .NETFramework,Version=v4.8, .NETFramework,Version=v4.8.1' instead of the project target framework 'net8.0'. This package may not be fully compatible with your project.
C:\Users\ultra\warewolf\Dev\Dev2.CustomControls.Tests\Dev2.CustomControls.Tests.csproj : warning NU1701: Package 'AeroWizard 2.3.1' was restored using '.NETFramework,Version=v4.6.1, .NETFramework,Version=v4.6.2, .NETFramework,Version=v4.7, .NETFramework,Version=v4.7.1, .NETFramework,Version=v4.7.2, .NETFramework,Version=v4.8, .NETFramework,Version=v4.8.1' instead of the project target framework 'net8.0'. This package may not be fully compatible with your project.
C:\Users\ultra\warewolf\Dev\Dev2.CustomControls.Tests\Dev2.CustomControls.Tests.csproj : warning NU1701: Package 'GroupControls 1.9.0' was restored using '.NETFramework,Version=v4.6.1, .NETFramework,Version=v4.6.2, .NETFramework,Version=v4.7, .NETFramework,Version=v4.7.1, .NETFramework,Version=v4.7.2, .NETFramework,Version=v4.8, .NETFramework,Version=v4.8.1' instead of the project target framework 'net8.0'. This package may not be fully compatible with your project.
C:\Users\ultra\warewolf\Dev\Dev2.CustomControls.Tests\Dev2.CustomControls.Tests.csproj : warning NU1701: Package 'TaskSchedulerEditor 2.10.1' was restored using '.NETFramework,Version=v4.6.1, .NETFramework,Version=v4.6.2, .NETFramework,Version=v4.7, .NETFramework,Version=v4.7.1, .NETFramework,Version=v4.7.2, .NETFramework,Version=v4.8, .NETFramework,Version=v4.8.1' instead of the project target framework 'net8.0'. This package may not be fully compatible with your project.
C:\Users\ultra\warewolf\Dev\Dev2.Runtime.Configuration.Tests\Dev2.Runtime.Configuration.Tests.csproj : warning NU1701: Package 'AeroWizard 2.3.1' was restored using '.NETFramework,Version=v4.6.1, .NETFramework,Version=v4.6.2, .NETFramework,Version=v4.7, .NETFramework,Version=v4.7.1, .NETFramework,Version=v4.7.2, .NETFramework,Version=v4.8, .NETFramework,Version=v4.8.1' instead of the project target framework 'net8.0'. This package may not be fully compatible with your project.
C:\Users\ultra\warewolf\Dev\Dev2.Runtime.Configuration.Tests\Dev2.Runtime.Configuration.Tests.csproj : warning NU1701: Package 'GroupControls 1.9.0' was restored using '.NETFramework,Version=v4.6.1, .NETFramework,Version=v4.6.2, .NETFramework,Version=v4.7, .NETFramework,Version=v4.7.1, .NETFramework,Version=v4.7.2, .NETFramework,Version=v4.8, .NETFramework,Version=v4.8.1' instead of the project target framework 'net8.0'. This package may not be fully compatible with your project.
C:\Users\ultra\warewolf\Dev\Dev2.Runtime.Configuration.Tests\Dev2.Runtime.Configuration.Tests.csproj : warning NU1701: Package 'TaskSchedulerEditor 2.10.1' was restored using '.NETFramework,Version=v4.6.1, .NETFramework,Version=v4.6.2, .NETFramework,Version=v4.7, .NETFramework,Version=v4.7.1, .NETFramework,Version=v4.7.2, .NETFramework,Version=v4.8, .NETFramework,Version=v4.8.1' instead of the project target framework 'net8.0'. This package may not be fully compatible with your project.
C:\Users\ultra\warewolf\Dev\Dev2.Scheduler.Tests\Dev2.Scheduler.Tests.csproj : warning NU1701: Package 'AeroWizard 2.3.1' was restored using '.NETFramework,Version=v4.6.1, .NETFramework,Version=v4.6.2, .NETFramework,Version=v4.7, .NETFramework,Version=v4.7.1, .NETFramework,Version=v4.7.2, .NETFramework,Version=v4.8, .NETFramework,Version=v4.8.1' instead of the project target framework 'net8.0'. This package may not be fully compatible with your project.
C:\Users\ultra\warewolf\Dev\Dev2.Scheduler.Tests\Dev2.Scheduler.Tests.csproj : warning NU1701: Package 'GroupControls 1.9.0' was restored using '.NETFramework,Version=v4.6.1, .NETFramework,Version=v4.6.2, .NETFramework,Version=v4.7, .NETFramework,Version=v4.7.1, .NETFramework,Version=v4.7.2, .NETFramework,Version=v4.8, .NETFramework,Version=v4.8.1' instead of the project target framework 'net8.0'. This package may not be fully compatible with your project.
C:\Users\ultra\warewolf\Dev\Dev2.Scheduler.Tests\Dev2.Scheduler.Tests.csproj : warning NU1701: Package 'ReactiveUI.WPF 18.4.1' was restored using '.NETFramework,Version=v4.6.1, .NETFramework,Version=v4.6.2, .NETFramework,Version=v4.7, .NETFramework,Version=v4.7.1, .NETFramework,Version=v4.7.2, .NETFramework,Version=v4.8, .NETFramework,Version=v4.8.1' instead of the project target framework 'net8.0'. This package may not be fully compatible with your project.
C:\Users\ultra\warewolf\Dev\Dev2.Scheduler.Tests\Dev2.Scheduler.Tests.csproj : warning NU1701: Package 'TaskSchedulerEditor 2.10.1' was restored using '.NETFramework,Version=v4.6.1, .NETFramework,Version=v4.6.2, .NETFramework,Version=v4.7, .NETFramework,Version=v4.7.1, .NETFramework,Version=v4.7.2, .NETFramework,Version=v4.8, .NETFramework,Version=v4.8.1' instead of the project target framework 'net8.0'. This package may not be fully compatible with your project.
C:\Users\ultra\warewolf\Dev\Dev2.Data.Tests\Dev2.Data.Tests.csproj : warning NU1701: Package 'AeroWizard 2.3.1' was restored using '.NETFramework,Version=v4.6.1, .NETFramework,Version=v4.6.2, .NETFramework,Version=v4.7, .NETFramework,Version=v4.7.1, .NETFramework,Version=v4.7.2, .NETFramework,Version=v4.8, .NETFramework,Version=v4.8.1' instead of the project target framework 'net8.0'. This package may not be fully compatible with your project.
C:\Users\ultra\warewolf\Dev\Dev2.Studio.Core.Tests\Dev2.Studio.Core.Tests.csproj : warning NU1701: Package 'AeroWizard 2.3.1' was restored using '.NETFramework,Version=v4.6.1, .NETFramework,Version=v4.6.2, .NETFramework,Version=v4.7, .NETFramework,Version=v4.7.1, .NETFramework,Version=v4.7.2, .NETFramework,Version=v4.8, .NETFramework,Version=v4.8.1' instead of the project target framework 'net8.0'. This package may not be fully compatible with your project.
C:\Users\ultra\warewolf\Dev\Dev2.Data.Tests\Dev2.Data.Tests.csproj : warning NU1701: Package 'AvalonEdit 6.3.0.90' was restored using '.NETFramework,Version=v4.6.1, .NETFramework,Version=v4.6.2, .NETFramework,Version=v4.7, .NETFramework,Version=v4.7.1, .NETFramework,Version=v4.7.2, .NETFramework,Version=v4.8, .NETFramework,Version=v4.8.1' instead of the project target framework 'net8.0'. This package may not be fully compatible with your project.
C:\Users\ultra\warewolf\Dev\Dev2.Studio.Core.Tests\Dev2.Studio.Core.Tests.csproj : warning NU1701: Package 'AvalonEdit 6.3.0.90' was restored using '.NETFramework,Version=v4.6.1, .NETFramework,Version=v4.6.2, .NETFramework,Version=v4.7, .NETFramework,Version=v4.7.1, .NETFramework,Version=v4.7.2, .NETFramework,Version=v4.8, .NETFramework,Version=v4.8.1' instead of the project target framework 'net8.0'. This package may not be fully compatible with your project.
C:\Users\ultra\warewolf\Dev\Dev2.Data.Tests\Dev2.Data.Tests.csproj : warning NU1701: Package 'CommonServiceLocator 1.2.0' was restored using '.NETFramework,Version=v4.6.1, .NETFramework,Version=v4.6.2, .NETFramework,Version=v4.7, .NETFramework,Version=v4.7.1, .NETFramework,Version=v4.7.2, .NETFramework,Version=v4.8, .NETFramework,Version=v4.8.1' instead of the project target framework 'net8.0'. This package may not be fully compatible with your project.
C:\Users\ultra\warewolf\Dev\Dev2.Studio.Core.Tests\Dev2.Studio.Core.Tests.csproj : warning NU1701: Package 'CommonServiceLocator 1.2.0' was restored using '.NETFramework,Version=v4.6.1, .NETFramework,Version=v4.6.2, .NETFramework,Version=v4.7, .NETFramework,Version=v4.7.1, .NETFramework,Version=v4.7.2, .NETFramework,Version=v4.8, .NETFramework,Version=v4.8.1' instead of the project target framework 'net8.0'. This package may not be fully compatible with your project.
C:\Users\ultra\warewolf\Dev\Dev2.Data.Tests\Dev2.Data.Tests.csproj : warning NU1701: Package 'FontAwesome.WPF 4.7.0.9' was restored using '.NETFramework,Version=v4.6.1, .NETFramework,Version=v4.6.2, .NETFramework,Version=v4.7, .NETFramework,Version=v4.7.1, .NETFramework,Version=v4.7.2, .NETFramework,Version=v4.8, .NETFramework,Version=v4.8.1' instead of the project target framework 'net8.0'. This package may not be fully compatible with your project.
C:\Users\ultra\warewolf\Dev\Dev2.Studio.Core.Tests\Dev2.Studio.Core.Tests.csproj : warning NU1701: Package 'FontAwesome.WPF 4.7.0.9' was restored using '.NETFramework,Version=v4.6.1, .NETFramework,Version=v4.6.2, .NETFramework,Version=v4.7, .NETFramework,Version=v4.7.1, .NETFramework,Version=v4.7.2, .NETFramework,Version=v4.8, .NETFramework,Version=v4.8.1' instead of the project target framework 'net8.0'. This package may not be fully compatible with your project.
C:\Users\ultra\warewolf\Dev\Dev2.Data.Tests\Dev2.Data.Tests.csproj : warning NU1701: Package 'GroupControls 1.9.0' was restored using '.NETFramework,Version=v4.6.1, .NETFramework,Version=v4.6.2, .NETFramework,Version=v4.7, .NETFramework,Version=v4.7.1, .NETFramework,Version=v4.7.2, .NETFramework,Version=v4.8, .NETFramework,Version=v4.8.1' instead of the project target framework 'net8.0'. This package may not be fully compatible with your project.
C:\Users\ultra\warewolf\Dev\Dev2.Studio.Core.Tests\Dev2.Studio.Core.Tests.csproj : warning NU1701: Package 'GroupControls 1.9.0' was restored using '.NETFramework,Version=v4.6.1, .NETFramework,Version=v4.6.2, .NETFramework,Version=v4.7, .NETFramework,Version=v4.7.1, .NETFramework,Version=v4.7.2, .NETFramework,Version=v4.8, .NETFramework,Version=v4.8.1' instead of the project target framework 'net8.0'. This package may not be fully compatible with your project.
C:\Users\ultra\warewolf\Dev\Dev2.Data.Tests\Dev2.Data.Tests.csproj : warning NU1701: Package 'Log4Net.Async 2.0.4' was restored using '.NETFramework,Version=v4.6.1, .NETFramework,Version=v4.6.2, .NETFramework,Version=v4.7, .NETFramework,Version=v4.7.1, .NETFramework,Version=v4.7.2, .NETFramework,Version=v4.8, .NETFramework,Version=v4.8.1' instead of the project target framework 'net8.0'. This package may not be fully compatible with your project.
C:\Users\ultra\warewolf\Dev\Dev2.Studio.Core.Tests\Dev2.Studio.Core.Tests.csproj : warning NU1701: Package 'Log4Net.Async 2.0.4' was restored using '.NETFramework,Version=v4.6.1, .NETFramework,Version=v4.6.2, .NETFramework,Version=v4.7, .NETFramework,Version=v4.7.1, .NETFramework,Version=v4.7.2, .NETFramework,Version=v4.8, .NETFramework,Version=v4.8.1' instead of the project target framework 'net8.0'. This package may not be fully compatible with your project.
C:\Users\ultra\warewolf\Dev\Dev2.Data.Tests\Dev2.Data.Tests.csproj : warning NU1701: Package 'Microsoft.Xaml.Behaviors.Wpf 1.1.122' was restored using '.NETFramework,Version=v4.6.1, .NETFramework,Version=v4.6.2, .NETFramework,Version=v4.7, .NETFramework,Version=v4.7.1, .NETFramework,Version=v4.7.2, .NETFramework,Version=v4.8, .NETFramework,Version=v4.8.1' instead of the project target framework 'net8.0'. This package may not be fully compatible with your project.
C:\Users\ultra\warewolf\Dev\Dev2.Data.Tests\Dev2.Data.Tests.csproj : warning NU1701: Package 'Prism.Composition 5.0.0' was restored using '.NETFramework,Version=v4.6.1, .NETFramework,Version=v4.6.2, .NETFramework,Version=v4.7, .NETFramework,Version=v4.7.1, .NETFramework,Version=v4.7.2, .NETFramework,Version=v4.8, .NETFramework,Version=v4.8.1' instead of the project target framework 'net8.0'. This package may not be fully compatible with your project.
C:\Users\ultra\warewolf\Dev\Dev2.Studio.Core.Tests\Dev2.Studio.Core.Tests.csproj : warning NU1701: Package 'Microsoft.Xaml.Behaviors.Wpf 1.1.122' was restored using '.NETFramework,Version=v4.6.1, .NETFramework,Version=v4.6.2, .NETFramework,Version=v4.7, .NETFramework,Version=v4.7.1, .NETFramework,Version=v4.7.2, .NETFramework,Version=v4.8, .NETFramework,Version=v4.8.1' instead of the project target framework 'net8.0'. This package may not be fully compatible with your project.
C:\Users\ultra\warewolf\Dev\Dev2.Studio.Core.Tests\Dev2.Studio.Core.Tests.csproj : warning NU1701: Package 'Prism.Composition 5.0.0' was restored using '.NETFramework,Version=v4.6.1, .NETFramework,Version=v4.6.2, .NETFramework,Version=v4.7, .NETFramework,Version=v4.7.1, .NETFramework,Version=v4.7.2, .NETFramework,Version=v4.8, .NETFramework,Version=v4.8.1' instead of the project target framework 'net8.0'. This package may not be fully compatible with your project.
C:\Users\ultra\warewolf\Dev\Dev2.Data.Tests\Dev2.Data.Tests.csproj : warning NU1701: Package 'Prism.Interactivity 5.0.0' was restored using '.NETFramework,Version=v4.6.1, .NETFramework,Version=v4.6.2, .NETFramework,Version=v4.7, .NETFramework,Version=v4.7.1, .NETFramework,Version=v4.7.2, .NETFramework,Version=v4.8, .NETFramework,Version=v4.8.1' instead of the project target framework 'net8.0'. This package may not be fully compatible with your project.
C:\Users\ultra\warewolf\Dev\Dev2.Studio.Core.Tests\Dev2.Studio.Core.Tests.csproj : warning NU1701: Package 'Prism.Interactivity 5.0.0' was restored using '.NETFramework,Version=v4.6.1, .NETFramework,Version=v4.6.2, .NETFramework,Version=v4.7, .NETFramework,Version=v4.7.1, .NETFramework,Version=v4.7.2, .NETFramework,Version=v4.8, .NETFramework,Version=v4.8.1' instead of the project target framework 'net8.0'. This package may not be fully compatible with your project.
C:\Users\ultra\warewolf\Dev\Dev2.Data.Tests\Dev2.Data.Tests.csproj : warning NU1701: Package 'Prism.Mvvm 1.0.0' was restored using '.NETFramework,Version=v4.6.1, .NETFramework,Version=v4.6.2, .NETFramework,Version=v4.7, .NETFramework,Version=v4.7.1, .NETFramework,Version=v4.7.2, .NETFramework,Version=v4.8, .NETFramework,Version=v4.8.1' instead of the project target framework 'net8.0'. This package may not be fully compatible with your project.
C:\Users\ultra\warewolf\Dev\Dev2.Studio.Core.Tests\Dev2.Studio.Core.Tests.csproj : warning NU1701: Package 'Prism.Mvvm 1.0.0' was restored using '.NETFramework,Version=v4.6.1, .NETFramework,Version=v4.6.2, .NETFramework,Version=v4.7, .NETFramework,Version=v4.7.1, .NETFramework,Version=v4.7.2, .NETFramework,Version=v4.8, .NETFramework,Version=v4.8.1' instead of the project target framework 'net8.0'. This package may not be fully compatible with your project.
C:\Users\ultra\warewolf\Dev\Dev2.Studio.Core.Tests\Dev2.Studio.Core.Tests.csproj : warning NU1701: Package 'Prism.PubSubEvents 1.0.0' was restored using '.NETFramework,Version=v4.6.1, .NETFramework,Version=v4.6.2, .NETFramework,Version=v4.7, .NETFramework,Version=v4.7.1, .NETFramework,Version=v4.7.2, .NETFramework,Version=v4.8, .NETFramework,Version=v4.8.1' instead of the project target framework 'net8.0'. This package may not be fully compatible with your project.
C:\Users\ultra\warewolf\Dev\Dev2.Data.Tests\Dev2.Data.Tests.csproj : warning NU1701: Package 'Prism.PubSubEvents 1.0.0' was restored using '.NETFramework,Version=v4.6.1, .NETFramework,Version=v4.6.2, .NETFramework,Version=v4.7, .NETFramework,Version=v4.7.1, .NETFramework,Version=v4.7.2, .NETFramework,Version=v4.8, .NETFramework,Version=v4.8.1' instead of the project target framework 'net8.0'. This package may not be fully compatible with your project.
C:\Users\ultra\warewolf\Dev\Dev2.Studio.Core.Tests\Dev2.Studio.Core.Tests.csproj : warning NU1701: Package 'Prism.UnityExtensions 5.0.1' was restored using '.NETFramework,Version=v4.6.1, .NETFramework,Version=v4.6.2, .NETFramework,Version=v4.7, .NETFramework,Version=v4.7.1, .NETFramework,Version=v4.7.2, .NETFramework,Version=v4.8, .NETFramework,Version=v4.8.1' instead of the project target framework 'net8.0'. This package may not be fully compatible with your project.
C:\Users\ultra\warewolf\Dev\Dev2.Data.Tests\Dev2.Data.Tests.csproj : warning NU1701: Package 'Prism.UnityExtensions 5.0.1' was restored using '.NETFramework,Version=v4.6.1, .NETFramework,Version=v4.6.2, .NETFramework,Version=v4.7, .NETFramework,Version=v4.7.1, .NETFramework,Version=v4.7.2, .NETFramework,Version=v4.8, .NETFramework,Version=v4.8.1' instead of the project target framework 'net8.0'. This package may not be fully compatible with your project.
C:\Users\ultra\warewolf\Dev\Dev2.Studio.Core.Tests\Dev2.Studio.Core.Tests.csproj : warning NU1701: Package 'Prism.Wpf 9.0.537' was restored using '.NETFramework,Version=v4.6.1, .NETFramework,Version=v4.6.2, .NETFramework,Version=v4.7, .NETFramework,Version=v4.7.1, .NETFramework,Version=v4.7.2, .NETFramework,Version=v4.8, .NETFramework,Version=v4.8.1' instead of the project target framework 'net8.0'. This package may not be fully compatible with your project.
C:\Users\ultra\warewolf\Dev\Dev2.Studio.Core.Tests\Dev2.Studio.Core.Tests.csproj : warning NU1701: Package 'ReactiveUI.WPF 18.4.1' was restored using '.NETFramework,Version=v4.6.1, .NETFramework,Version=v4.6.2, .NETFramework,Version=v4.7, .NETFramework,Version=v4.7.1, .NETFramework,Version=v4.7.2, .NETFramework,Version=v4.8, .NETFramework,Version=v4.8.1' instead of the project target framework 'net8.0'. This package may not be fully compatible with your project.
C:\Users\ultra\warewolf\Dev\Dev2.Data.Tests\Dev2.Data.Tests.csproj : warning NU1701: Package 'Prism.Wpf 9.0.537' was restored using '.NETFramework,Version=v4.6.1, .NETFramework,Version=v4.6.2, .NETFramework,Version=v4.7, .NETFramework,Version=v4.7.1, .NETFramework,Version=v4.7.2, .NETFramework,Version=v4.8, .NETFramework,Version=v4.8.1' instead of the project target framework 'net8.0'. This package may not be fully compatible with your project.
C:\Users\ultra\warewolf\Dev\Dev2.Studio.Core.Tests\Dev2.Studio.Core.Tests.csproj : warning NU1701: Package 'TaskSchedulerEditor 2.10.1' was restored using '.NETFramework,Version=v4.6.1, .NETFramework,Version=v4.6.2, .NETFramework,Version=v4.7, .NETFramework,Version=v4.7.1, .NETFramework,Version=v4.7.2, .NETFramework,Version=v4.8, .NETFramework,Version=v4.8.1' instead of the project target framework 'net8.0'. This package may not be fully compatible with your project.
C:\Users\ultra\warewolf\Dev\Dev2.Data.Tests\Dev2.Data.Tests.csproj : warning NU1701: Package 'ReactiveUI.WPF 18.4.1' was restored using '.NETFramework,Version=v4.6.1, .NETFramework,Version=v4.6.2, .NETFramework,Version=v4.7, .NETFramework,Version=v4.7.1, .NETFramework,Version=v4.7.2, .NETFramework,Version=v4.8, .NETFramework,Version=v4.8.1' instead of the project target framework 'net8.0'. This package may not be fully compatible with your project.
C:\Users\ultra\warewolf\Dev\Dev2.Data.Tests\Dev2.Data.Tests.csproj : warning NU1701: Package 'TaskSchedulerEditor 2.10.1' was restored using '.NETFramework,Version=v4.6.1, .NETFramework,Version=v4.6.2, .NETFramework,Version=v4.7, .NETFramework,Version=v4.7.1, .NETFramework,Version=v4.7.2, .NETFramework,Version=v4.8, .NETFramework,Version=v4.8.1' instead of the project target framework 'net8.0'. This package may not be fully compatible with your project.
C:\Users\ultra\warewolf\Dev\Dev2.Studio.Core.Tests\Dev2.Studio.Core.Tests.csproj : warning NU1701: Package 'Unofficial.Microsoft.mshtml 7.0.3300' was restored using '.NETFramework,Version=v4.6.1, .NETFramework,Version=v4.6.2, .NETFramework,Version=v4.7, .NETFramework,Version=v4.7.1, .NETFramework,Version=v4.7.2, .NETFramework,Version=v4.8, .NETFramework,Version=v4.8.1' instead of the project target framework 'net8.0'. This package may not be fully compatible with your project.
C:\Users\ultra\warewolf\Dev\Dev2.Data.Tests\Dev2.Data.Tests.csproj : warning NU1701: Package 'Unofficial.Microsoft.mshtml 7.0.3300' was restored using '.NETFramework,Version=v4.6.1, .NETFramework,Version=v4.6.2, .NETFramework,Version=v4.7, .NETFramework,Version=v4.7.1, .NETFramework,Version=v4.7.2, .NETFramework,Version=v4.8, .NETFramework,Version=v4.8.1' instead of the project target framework 'net8.0'. This package may not be fully compatible with your project.
C:\Users\ultra\warewolf\Dev\Dev2.Server.Tests\Dev2.Server.Tests.csproj : warning NU1701: Package 'AeroWizard 2.3.1' was restored using '.NETFramework,Version=v4.6.1, .NETFramework,Version=v4.6.2, .NETFramework,Version=v4.7, .NETFramework,Version=v4.7.1, .NETFramework,Version=v4.7.2, .NETFramework,Version=v4.8, .NETFramework,Version=v4.8.1' instead of the project target framework 'net8.0'. This package may not be fully compatible with your project.
C:\Users\ultra\warewolf\Dev\Dev2.Server.Tests\Dev2.Server.Tests.csproj : warning NU1701: Package 'GroupControls 1.9.0' was restored using '.NETFramework,Version=v4.6.1, .NETFramework,Version=v4.6.2, .NETFramework,Version=v4.7, .NETFramework,Version=v4.7.1, .NETFramework,Version=v4.7.2, .NETFramework,Version=v4.8, .NETFramework,Version=v4.8.1' instead of the project target framework 'net8.0'. This package may not be fully compatible with your project.
C:\Users\ultra\warewolf\Dev\Dev2.Server.Tests\Dev2.Server.Tests.csproj : warning NU1701: Package 'Microsoft.Xaml.Behaviors.Wpf 1.1.122' was restored using '.NETFramework,Version=v4.6.1, .NETFramework,Version=v4.6.2, .NETFramework,Version=v4.7, .NETFramework,Version=v4.7.1, .NETFramework,Version=v4.7.2, .NETFramework,Version=v4.8, .NETFramework,Version=v4.8.1' instead of the project target framework 'net8.0'. This package may not be fully compatible with your project.
C:\Users\ultra\warewolf\Dev\Dev2.Server.Tests\Dev2.Server.Tests.csproj : warning NU1701: Package 'Prism.Wpf 9.0.537' was restored using '.NETFramework,Version=v4.6.1, .NETFramework,Version=v4.6.2, .NETFramework,Version=v4.7, .NETFramework,Version=v4.7.1, .NETFramework,Version=v4.7.2, .NETFramework,Version=v4.8, .NETFramework,Version=v4.8.1' instead of the project target framework 'net8.0'. This package may not be fully compatible with your project.
C:\Users\ultra\warewolf\Dev\Dev2.Server.Tests\Dev2.Server.Tests.csproj : warning NU1701: Package 'ReactiveUI.WPF 18.4.1' was restored using '.NETFramework,Version=v4.6.1, .NETFramework,Version=v4.6.2, .NETFramework,Version=v4.7, .NETFramework,Version=v4.7.1, .NETFramework,Version=v4.7.2, .NETFramework,Version=v4.8, .NETFramework,Version=v4.8.1' instead of the project target framework 'net8.0'. This package may not be fully compatible with your project.
C:\Users\ultra\warewolf\Dev\Dev2.Server.Tests\Dev2.Server.Tests.csproj : warning NU1701: Package 'TaskSchedulerEditor 2.10.1' was restored using '.NETFramework,Version=v4.6.1, .NETFramework,Version=v4.6.2, .NETFramework,Version=v4.7, .NETFramework,Version=v4.7.1, .NETFramework,Version=v4.7.2, .NETFramework,Version=v4.8, .NETFramework,Version=v4.8.1' instead of the project target framework 'net8.0'. This package may not be fully compatible with your project.
C:\Users\ultra\warewolf\Dev\Dev2.Runtime.WebServer.Tests\Dev2.Runtime.WebServer.Tests.csproj : warning NU1701: Package 'AeroWizard 2.3.1' was restored using '.NETFramework,Version=v4.6.1, .NETFramework,Version=v4.6.2, .NETFramework,Version=v4.7, .NETFramework,Version=v4.7.1, .NETFramework,Version=v4.7.2, .NETFramework,Version=v4.8, .NETFramework,Version=v4.8.1' instead of the project target framework 'net8.0'. This package may not be fully compatible with your project.
C:\Users\ultra\warewolf\Dev\Dev2.Runtime.WebServer.Tests\Dev2.Runtime.WebServer.Tests.csproj : warning NU1701: Package 'GroupControls 1.9.0' was restored using '.NETFramework,Version=v4.6.1, .NETFramework,Version=v4.6.2, .NETFramework,Version=v4.7, .NETFramework,Version=v4.7.1, .NETFramework,Version=v4.7.2, .NETFramework,Version=v4.8, .NETFramework,Version=v4.8.1' instead of the project target framework 'net8.0'. This package may not be fully compatible with your project.
C:\Users\ultra\warewolf\Dev\Dev2.Runtime.WebServer.Tests\Dev2.Runtime.WebServer.Tests.csproj : warning NU1701: Package 'Microsoft.Xaml.Behaviors.Wpf 1.1.122' was restored using '.NETFramework,Version=v4.6.1, .NETFramework,Version=v4.6.2, .NETFramework,Version=v4.7, .NETFramework,Version=v4.7.1, .NETFramework,Version=v4.7.2, .NETFramework,Version=v4.8, .NETFramework,Version=v4.8.1' instead of the project target framework 'net8.0'. This package may not be fully compatible with your project.
C:\Users\ultra\warewolf\Dev\Dev2.Diagnostics.Tests\Dev2.Diagnostics.Tests.csproj : warning NU1701: Package 'AeroWizard 2.3.1' was restored using '.NETFramework,Version=v4.6.1, .NETFramework,Version=v4.6.2, .NETFramework,Version=v4.7, .NETFramework,Version=v4.7.1, .NETFramework,Version=v4.7.2, .NETFramework,Version=v4.8, .NETFramework,Version=v4.8.1' instead of the project target framework 'net8.0'. This package may not be fully compatible with your project.
C:\Users\ultra\warewolf\Dev\Dev2.Runtime.WebServer.Tests\Dev2.Runtime.WebServer.Tests.csproj : warning NU1701: Package 'Prism.Wpf 9.0.537' was restored using '.NETFramework,Version=v4.6.1, .NETFramework,Version=v4.6.2, .NETFramework,Version=v4.7, .NETFramework,Version=v4.7.1, .NETFramework,Version=v4.7.2, .NETFramework,Version=v4.8, .NETFramework,Version=v4.8.1' instead of the project target framework 'net8.0'. This package may not be fully compatible with your project.
C:\Users\ultra\warewolf\Dev\Dev2.Diagnostics.Tests\Dev2.Diagnostics.Tests.csproj : warning NU1701: Package 'GroupControls 1.9.0' was restored using '.NETFramework,Version=v4.6.1, .NETFramework,Version=v4.6.2, .NETFramework,Version=v4.7, .NETFramework,Version=v4.7.1, .NETFramework,Version=v4.7.2, .NETFramework,Version=v4.8, .NETFramework,Version=v4.8.1' instead of the project target framework 'net8.0'. This package may not be fully compatible with your project.
C:\Users\ultra\warewolf\Dev\Dev2.Runtime.WebServer.Tests\Dev2.Runtime.WebServer.Tests.csproj : warning NU1701: Package 'ReactiveUI.WPF 18.4.1' was restored using '.NETFramework,Version=v4.6.1, .NETFramework,Version=v4.6.2, .NETFramework,Version=v4.7, .NETFramework,Version=v4.7.1, .NETFramework,Version=v4.7.2, .NETFramework,Version=v4.8, .NETFramework,Version=v4.8.1' instead of the project target framework 'net8.0'. This package may not be fully compatible with your project.
C:\Users\ultra\warewolf\Dev\Dev2.Diagnostics.Tests\Dev2.Diagnostics.Tests.csproj : warning NU1701: Package 'Microsoft.Xaml.Behaviors.Wpf 1.1.122' was restored using '.NETFramework,Version=v4.6.1, .NETFramework,Version=v4.6.2, .NETFramework,Version=v4.7, .NETFramework,Version=v4.7.1, .NETFramework,Version=v4.7.2, .NETFramework,Version=v4.8, .NETFramework,Version=v4.8.1' instead of the project target framework 'net8.0'. This package may not be fully compatible with your project.
C:\Users\ultra\warewolf\Dev\Dev2.Diagnostics.Tests\Dev2.Diagnostics.Tests.csproj : warning NU1701: Package 'Prism.Wpf 9.0.537' was restored using '.NETFramework,Version=v4.6.1, .NETFramework,Version=v4.6.2, .NETFramework,Version=v4.7, .NETFramework,Version=v4.7.1, .NETFramework,Version=v4.7.2, .NETFramework,Version=v4.8, .NETFramework,Version=v4.8.1' instead of the project target framework 'net8.0'. This package may not be fully compatible with your project.
C:\Users\ultra\warewolf\Dev\Dev2.Runtime.WebServer.Tests\Dev2.Runtime.WebServer.Tests.csproj : warning NU1701: Package 'TaskSchedulerEditor 2.10.1' was restored using '.NETFramework,Version=v4.6.1, .NETFramework,Version=v4.6.2, .NETFramework,Version=v4.7, .NETFramework,Version=v4.7.1, .NETFramework,Version=v4.7.2, .NETFramework,Version=v4.8, .NETFramework,Version=v4.8.1' instead of the project target framework 'net8.0'. This package may not be fully compatible with your project.
C:\Users\ultra\warewolf\Dev\Dev2.Diagnostics.Tests\Dev2.Diagnostics.Tests.csproj : warning NU1701: Package 'ReactiveUI.WPF 18.4.1' was restored using '.NETFramework,Version=v4.6.1, .NETFramework,Version=v4.6.2, .NETFramework,Version=v4.7, .NETFramework,Version=v4.7.1, .NETFramework,Version=v4.7.2, .NETFramework,Version=v4.8, .NETFramework,Version=v4.8.1' instead of the project target framework 'net8.0'. This package may not be fully compatible with your project.
C:\Users\ultra\warewolf\Dev\Dev2.Diagnostics.Tests\Dev2.Diagnostics.Tests.csproj : warning NU1701: Package 'TaskSchedulerEditor 2.10.1' was restored using '.NETFramework,Version=v4.6.1, .NETFramework,Version=v4.6.2, .NETFramework,Version=v4.7, .NETFramework,Version=v4.7.1, .NETFramework,Version=v4.7.2, .NETFramework,Version=v4.8, .NETFramework,Version=v4.8.1' instead of the project target framework 'net8.0'. This package may not be fully compatible with your project.
C:\Users\ultra\warewolf\Dev\Dev2.Runtime.Tests\Dev2.Runtime.Tests.csproj : warning NU1701: Package 'AeroWizard 2.3.1' was restored using '.NETFramework,Version=v4.6.1, .NETFramework,Version=v4.6.2, .NETFramework,Version=v4.7, .NETFramework,Version=v4.7.1, .NETFramework,Version=v4.7.2, .NETFramework,Version=v4.8, .NETFramework,Version=v4.8.1' instead of the project target framework 'net8.0'. This package may not be fully compatible with your project.
C:\Users\ultra\warewolf\Dev\Dev2.Runtime.Tests\Dev2.Runtime.Tests.csproj : warning NU1701: Package 'AvalonEdit 6.3.0.90' was restored using '.NETFramework,Version=v4.6.1, .NETFramework,Version=v4.6.2, .NETFramework,Version=v4.7, .NETFramework,Version=v4.7.1, .NETFramework,Version=v4.7.2, .NETFramework,Version=v4.8, .NETFramework,Version=v4.8.1' instead of the project target framework 'net8.0'. This package may not be fully compatible with your project.
C:\Users\ultra\warewolf\Dev\Dev2.Runtime.Tests\Dev2.Runtime.Tests.csproj : warning NU1701: Package 'CommonServiceLocator 1.2.0' was restored using '.NETFramework,Version=v4.6.1, .NETFramework,Version=v4.6.2, .NETFramework,Version=v4.7, .NETFramework,Version=v4.7.1, .NETFramework,Version=v4.7.2, .NETFramework,Version=v4.8, .NETFramework,Version=v4.8.1' instead of the project target framework 'net8.0'. This package may not be fully compatible with your project.
C:\Users\ultra\warewolf\Dev\Dev2.Runtime.Tests\Dev2.Runtime.Tests.csproj : warning NU1701: Package 'FontAwesome.WPF 4.7.0.9' was restored using '.NETFramework,Version=v4.6.1, .NETFramework,Version=v4.6.2, .NETFramework,Version=v4.7, .NETFramework,Version=v4.7.1, .NETFramework,Version=v4.7.2, .NETFramework,Version=v4.8, .NETFramework,Version=v4.8.1' instead of the project target framework 'net8.0'. This package may not be fully compatible with your project.
C:\Users\ultra\warewolf\Dev\Dev2.Runtime.Tests\Dev2.Runtime.Tests.csproj : warning NU1701: Package 'GroupControls 1.9.0' was restored using '.NETFramework,Version=v4.6.1, .NETFramework,Version=v4.6.2, .NETFramework,Version=v4.7, .NETFramework,Version=v4.7.1, .NETFramework,Version=v4.7.2, .NETFramework,Version=v4.8, .NETFramework,Version=v4.8.1' instead of the project target framework 'net8.0'. This package may not be fully compatible with your project.
C:\Users\ultra\warewolf\Dev\Dev2.Runtime.Tests\Dev2.Runtime.Tests.csproj : warning NU1701: Package 'Log4Net.Async 2.0.4' was restored using '.NETFramework,Version=v4.6.1, .NETFramework,Version=v4.6.2, .NETFramework,Version=v4.7, .NETFramework,Version=v4.7.1, .NETFramework,Version=v4.7.2, .NETFramework,Version=v4.8, .NETFramework,Version=v4.8.1' instead of the project target framework 'net8.0'. This package may not be fully compatible with your project.
C:\Users\ultra\warewolf\Dev\Dev2.Runtime.Tests\Dev2.Runtime.Tests.csproj : warning NU1701: Package 'Microsoft.Xaml.Behaviors.Wpf 1.1.122' was restored using '.NETFramework,Version=v4.6.1, .NETFramework,Version=v4.6.2, .NETFramework,Version=v4.7, .NETFramework,Version=v4.7.1, .NETFramework,Version=v4.7.2, .NETFramework,Version=v4.8, .NETFramework,Version=v4.8.1' instead of the project target framework 'net8.0'. This package may not be fully compatible with your project.
C:\Users\ultra\warewolf\Dev\Dev2.Runtime.Tests\Dev2.Runtime.Tests.csproj : warning NU1701: Package 'Prism.Composition 5.0.0' was restored using '.NETFramework,Version=v4.6.1, .NETFramework,Version=v4.6.2, .NETFramework,Version=v4.7, .NETFramework,Version=v4.7.1, .NETFramework,Version=v4.7.2, .NETFramework,Version=v4.8, .NETFramework,Version=v4.8.1' instead of the project target framework 'net8.0'. This package may not be fully compatible with your project.
C:\Users\ultra\warewolf\Dev\Dev2.Runtime.Tests\Dev2.Runtime.Tests.csproj : warning NU1701: Package 'Prism.Interactivity 5.0.0' was restored using '.NETFramework,Version=v4.6.1, .NETFramework,Version=v4.6.2, .NETFramework,Version=v4.7, .NETFramework,Version=v4.7.1, .NETFramework,Version=v4.7.2, .NETFramework,Version=v4.8, .NETFramework,Version=v4.8.1' instead of the project target framework 'net8.0'. This package may not be fully compatible with your project.
C:\Users\ultra\warewolf\Dev\Dev2.Runtime.Tests\Dev2.Runtime.Tests.csproj : warning NU1701: Package 'Prism.Mvvm 1.0.0' was restored using '.NETFramework,Version=v4.6.1, .NETFramework,Version=v4.6.2, .NETFramework,Version=v4.7, .NETFramework,Version=v4.7.1, .NETFramework,Version=v4.7.2, .NETFramework,Version=v4.8, .NETFramework,Version=v4.8.1' instead of the project target framework 'net8.0'. This package may not be fully compatible with your project.
C:\Users\ultra\warewolf\Dev\Dev2.Runtime.Tests\Dev2.Runtime.Tests.csproj : warning NU1701: Package 'Prism.PubSubEvents 1.0.0' was restored using '.NETFramework,Version=v4.6.1, .NETFramework,Version=v4.6.2, .NETFramework,Version=v4.7, .NETFramework,Version=v4.7.1, .NETFramework,Version=v4.7.2, .NETFramework,Version=v4.8, .NETFramework,Version=v4.8.1' instead of the project target framework 'net8.0'. This package may not be fully compatible with your project.
C:\Users\ultra\warewolf\Dev\Dev2.Runtime.Tests\Dev2.Runtime.Tests.csproj : warning NU1701: Package 'Prism.UnityExtensions 5.0.1' was restored using '.NETFramework,Version=v4.6.1, .NETFramework,Version=v4.6.2, .NETFramework,Version=v4.7, .NETFramework,Version=v4.7.1, .NETFramework,Version=v4.7.2, .NETFramework,Version=v4.8, .NETFramework,Version=v4.8.1' instead of the project target framework 'net8.0'. This package may not be fully compatible with your project.
C:\Users\ultra\warewolf\Dev\Dev2.Runtime.Tests\Dev2.Runtime.Tests.csproj : warning NU1701: Package 'Prism.Wpf 9.0.537' was restored using '.NETFramework,Version=v4.6.1, .NETFramework,Version=v4.6.2, .NETFramework,Version=v4.7, .NETFramework,Version=v4.7.1, .NETFramework,Version=v4.7.2, .NETFramework,Version=v4.8, .NETFramework,Version=v4.8.1' instead of the project target framework 'net8.0'. This package may not be fully compatible with your project.
C:\Users\ultra\warewolf\Dev\Dev2.Runtime.Tests\Dev2.Runtime.Tests.csproj : warning NU1701: Package 'ReactiveUI.WPF 18.4.1' was restored using '.NETFramework,Version=v4.6.1, .NETFramework,Version=v4.6.2, .NETFramework,Version=v4.7, .NETFramework,Version=v4.7.1, .NETFramework,Version=v4.7.2, .NETFramework,Version=v4.8, .NETFramework,Version=v4.8.1' instead of the project target framework 'net8.0'. This package may not be fully compatible with your project.
C:\Users\ultra\warewolf\Dev\Dev2.Runtime.Tests\Dev2.Runtime.Tests.csproj : warning NU1701: Package 'TaskSchedulerEditor 2.10.1' was restored using '.NETFramework,Version=v4.6.1, .NETFramework,Version=v4.6.2, .NETFramework,Version=v4.7, .NETFramework,Version=v4.7.1, .NETFramework,Version=v4.7.2, .NETFramework,Version=v4.8, .NETFramework,Version=v4.8.1' instead of the project target framework 'net8.0'. This package may not be fully compatible with your project.
C:\Users\ultra\warewolf\Dev\Dev2.Runtime.Tests\Dev2.Runtime.Tests.csproj : warning NU1701: Package 'Unofficial.Microsoft.mshtml 7.0.3300' was restored using '.NETFramework,Version=v4.6.1, .NETFramework,Version=v4.6.2, .NETFramework,Version=v4.7, .NETFramework,Version=v4.7.1, .NETFramework,Version=v4.7.2, .NETFramework,Version=v4.8, .NETFramework,Version=v4.8.1' instead of the project target framework 'net8.0'. This package may not be fully compatible with your project.
C:\Users\ultra\warewolf\Dev\Dev2.Server\Dev2.Server.csproj : warning NU1903: Package 'Oracle.ManagedDataAccess.Core' 3.21.70 has a known high severity vulnerability, https://github.com/advisories/GHSA-5pm2-9mr2-3frq
C:\Users\ultra\warewolf\Dev\Dev2.Server\Dev2.Server.csproj : warning NU1701: Package 'AeroWizard 2.3.1' was restored using '.NETFramework,Version=v4.6.1, .NETFramework,Version=v4.6.2, .NETFramework,Version=v4.7, .NETFramework,Version=v4.7.1, .NETFramework,Version=v4.7.2, .NETFramework,Version=v4.8, .NETFramework,Version=v4.8.1' instead of the project target framework 'net8.0'. This package may not be fully compatible with your project.
C:\Users\ultra\warewolf\Dev\Dev2.Server\Dev2.Server.csproj : warning NU1701: Package 'GroupControls 1.9.0' was restored using '.NETFramework,Version=v4.6.1, .NETFramework,Version=v4.6.2, .NETFramework,Version=v4.7, .NETFramework,Version=v4.7.1, .NETFramework,Version=v4.7.2, .NETFramework,Version=v4.8, .NETFramework,Version=v4.8.1' instead of the project target framework 'net8.0'. This package may not be fully compatible with your project.
C:\Users\ultra\warewolf\Dev\Dev2.Server\Dev2.Server.csproj : warning NU1701: Package 'Microsoft.Xaml.Behaviors.Wpf 1.1.122' was restored using '.NETFramework,Version=v4.6.1, .NETFramework,Version=v4.6.2, .NETFramework,Version=v4.7, .NETFramework,Version=v4.7.1, .NETFramework,Version=v4.7.2, .NETFramework,Version=v4.8, .NETFramework,Version=v4.8.1' instead of the project target framework 'net8.0'. This package may not be fully compatible with your project.
C:\Users\ultra\warewolf\Dev\Dev2.Server\Dev2.Server.csproj : warning NU1701: Package 'Prism.Wpf 9.0.537' was restored using '.NETFramework,Version=v4.6.1, .NETFramework,Version=v4.6.2, .NETFramework,Version=v4.7, .NETFramework,Version=v4.7.1, .NETFramework,Version=v4.7.2, .NETFramework,Version=v4.8, .NETFramework,Version=v4.8.1' instead of the project target framework 'net8.0'. This package may not be fully compatible with your project.
C:\Users\ultra\warewolf\Dev\Dev2.Server\Dev2.Server.csproj : warning NU1701: Package 'ReactiveUI.WPF 18.4.1' was restored using '.NETFramework,Version=v4.6.1, .NETFramework,Version=v4.6.2, .NETFramework,Version=v4.7, .NETFramework,Version=v4.7.1, .NETFramework,Version=v4.7.2, .NETFramework,Version=v4.8, .NETFramework,Version=v4.8.1' instead of the project target framework 'net8.0'. This package may not be fully compatible with your project.
C:\Users\ultra\warewolf\Dev\Dev2.Server\Dev2.Server.csproj : warning NU1701: Package 'TaskSchedulerEditor 2.10.1' was restored using '.NETFramework,Version=v4.6.1, .NETFramework,Version=v4.6.2, .NETFramework,Version=v4.7, .NETFramework,Version=v4.7.1, .NETFramework,Version=v4.7.2, .NETFramework,Version=v4.8, .NETFramework,Version=v4.8.1' instead of the project target framework 'net8.0'. This package may not be fully compatible with your project.
C:\Users\ultra\warewolf\Dev\Dev2.Common.Interfaces\Dev2.Common.Interfaces.csproj : warning NU1903: Package 'Microsoft.Windows.Compatibility' 6.0.0 has a known high severity vulnerability, https://github.com/advisories/GHSA-555c-2p6r-68mm
C:\Users\ultra\warewolf\Dev\Dev2.Common.Interfaces\Dev2.Common.Interfaces.csproj : warning NU1701: Package 'AeroWizard 2.3.1' was restored using '.NETFramework,Version=v4.6.1, .NETFramework,Version=v4.6.2, .NETFramework,Version=v4.7, .NETFramework,Version=v4.7.1, .NETFramework,Version=v4.7.2, .NETFramework,Version=v4.8, .NETFramework,Version=v4.8.1' instead of the project target framework 'net8.0'. This package may not be fully compatible with your project.
C:\Users\ultra\warewolf\Dev\Dev2.Common.Interfaces\Dev2.Common.Interfaces.csproj : warning NU1701: Package 'GroupControls 1.9.0' was restored using '.NETFramework,Version=v4.6.1, .NETFramework,Version=v4.6.2, .NETFramework,Version=v4.7, .NETFramework,Version=v4.7.1, .NETFramework,Version=v4.7.2, .NETFramework,Version=v4.8, .NETFramework,Version=v4.8.1' instead of the project target framework 'net8.0'. This package may not be fully compatible with your project.
C:\Users\ultra\warewolf\Dev\Dev2.Common.Interfaces\Dev2.Common.Interfaces.csproj : warning NU1701: Package 'TaskSchedulerEditor 2.10.1' was restored using '.NETFramework,Version=v4.6.1, .NETFramework,Version=v4.6.2, .NETFramework,Version=v4.7, .NETFramework,Version=v4.7.1, .NETFramework,Version=v4.7.2, .NETFramework,Version=v4.8, .NETFramework,Version=v4.8.1' instead of the project target framework 'net8.0'. This package may not be fully compatible with your project.
C:\Users\ultra\warewolf\Dev\Warewolf.Data\Warewolf.Data.csproj : warning NU1701: Package 'AeroWizard 2.3.1' was restored using '.NETFramework,Version=v4.6.1, .NETFramework,Version=v4.6.2, .NETFramework,Version=v4.7, .NETFramework,Version=v4.7.1, .NETFramework,Version=v4.7.2, .NETFramework,Version=v4.8, .NETFramework,Version=v4.8.1' instead of the project target framework 'net8.0'. This package may not be fully compatible with your project.
C:\Users\ultra\warewolf\Dev\Warewolf.Data\Warewolf.Data.csproj : warning NU1701: Package 'GroupControls 1.9.0' was restored using '.NETFramework,Version=v4.6.1, .NETFramework,Version=v4.6.2, .NETFramework,Version=v4.7, .NETFramework,Version=v4.7.1, .NETFramework,Version=v4.7.2, .NETFramework,Version=v4.8, .NETFramework,Version=v4.8.1' instead of the project target framework 'net8.0'. This package may not be fully compatible with your project.
C:\Users\ultra\warewolf\Dev\Warewolf.Data\Warewolf.Data.csproj : warning NU1701: Package 'TaskSchedulerEditor 2.10.1' was restored using '.NETFramework,Version=v4.6.1, .NETFramework,Version=v4.6.2, .NETFramework,Version=v4.7, .NETFramework,Version=v4.7.1, .NETFramework,Version=v4.7.2, .NETFramework,Version=v4.8, .NETFramework,Version=v4.8.1' instead of the project target framework 'net8.0'. This package may not be fully compatible with your project.
C:\Users\ultra\warewolf\Dev\Dev2.Core\Dev2.Core.csproj : warning NU1903: Package 'Microsoft.Windows.Compatibility' 6.0.0 has a known high severity vulnerability, https://github.com/advisories/GHSA-555c-2p6r-68mm
C:\Users\ultra\warewolf\Dev\Dev2.Core\Dev2.Core.csproj : warning NU1701: Package 'AeroWizard 2.3.1' was restored using '.NETFramework,Version=v4.6.1, .NETFramework,Version=v4.6.2, .NETFramework,Version=v4.7, .NETFramework,Version=v4.7.1, .NETFramework,Version=v4.7.2, .NETFramework,Version=v4.8, .NETFramework,Version=v4.8.1' instead of the project target framework 'net8.0'. This package may not be fully compatible with your project.
C:\Users\ultra\warewolf\Dev\Dev2.Core\Dev2.Core.csproj : warning NU1701: Package 'GroupControls 1.9.0' was restored using '.NETFramework,Version=v4.6.1, .NETFramework,Version=v4.6.2, .NETFramework,Version=v4.7, .NETFramework,Version=v4.7.1, .NETFramework,Version=v4.7.2, .NETFramework,Version=v4.8, .NETFramework,Version=v4.8.1' instead of the project target framework 'net8.0'. This package may not be fully compatible with your project.
C:\Users\ultra\warewolf\Dev\Dev2.Core\Dev2.Core.csproj : warning NU1701: Package 'ReactiveUI.WPF 18.4.1' was restored using '.NETFramework,Version=v4.6.1, .NETFramework,Version=v4.6.2, .NETFramework,Version=v4.7, .NETFramework,Version=v4.7.1, .NETFramework,Version=v4.7.2, .NETFramework,Version=v4.8, .NETFramework,Version=v4.8.1' instead of the project target framework 'net8.0'. This package may not be fully compatible with your project.
C:\Users\ultra\warewolf\Dev\Dev2.Core\Dev2.Core.csproj : warning NU1701: Package 'TaskSchedulerEditor 2.10.1' was restored using '.NETFramework,Version=v4.6.1, .NETFramework,Version=v4.6.2, .NETFramework,Version=v4.7, .NETFramework,Version=v4.7.1, .NETFramework,Version=v4.7.2, .NETFramework,Version=v4.8, .NETFramework,Version=v4.8.1' instead of the project target framework 'net8.0'. This package may not be fully compatible with your project.
C:\Users\ultra\warewolf\Dev\Dev2.Runtime.Services\Dev2.Runtime.Services.csproj : warning NU1902: Package 'MessagePack' 2.4.59 has a known moderate severity vulnerability, https://github.com/advisories/GHSA-4qm4-8hg2-g2xm
C:\Users\ultra\warewolf\Dev\Dev2.Runtime.Services\Dev2.Runtime.Services.csproj : warning NU1903: Package 'Microsoft.Windows.Compatibility' 6.0.0 has a known high severity vulnerability, https://github.com/advisories/GHSA-555c-2p6r-68mm
C:\Users\ultra\warewolf\Dev\Dev2.Runtime.Services\Dev2.Runtime.Services.csproj : warning NU1701: Package 'AeroWizard 2.3.1' was restored using '.NETFramework,Version=v4.6.1, .NETFramework,Version=v4.6.2, .NETFramework,Version=v4.7, .NETFramework,Version=v4.7.1, .NETFramework,Version=v4.7.2, .NETFramework,Version=v4.8, .NETFramework,Version=v4.8.1' instead of the project target framework 'net8.0'. This package may not be fully compatible with your project.
C:\Users\ultra\warewolf\Dev\Dev2.Runtime.Services\Dev2.Runtime.Services.csproj : warning NU1701: Package 'GroupControls 1.9.0' was restored using '.NETFramework,Version=v4.6.1, .NETFramework,Version=v4.6.2, .NETFramework,Version=v4.7, .NETFramework,Version=v4.7.1, .NETFramework,Version=v4.7.2, .NETFramework,Version=v4.8, .NETFramework,Version=v4.8.1' instead of the project target framework 'net8.0'. This package may not be fully compatible with your project.
C:\Users\ultra\warewolf\Dev\Dev2.Runtime.Services\Dev2.Runtime.Services.csproj : warning NU1701: Package 'ReactiveUI.WPF 18.4.1' was restored using '.NETFramework,Version=v4.6.1, .NETFramework,Version=v4.6.2, .NETFramework,Version=v4.7, .NETFramework,Version=v4.7.1, .NETFramework,Version=v4.7.2, .NETFramework,Version=v4.8, .NETFramework,Version=v4.8.1' instead of the project target framework 'net8.0'. This package may not be fully compatible with your project.
C:\Users\ultra\warewolf\Dev\Dev2.Runtime.Services\Dev2.Runtime.Services.csproj : warning NU1701: Package 'TaskSchedulerEditor 2.10.1' was restored using '.NETFramework,Version=v4.6.1, .NETFramework,Version=v4.6.2, .NETFramework,Version=v4.7, .NETFramework,Version=v4.7.1, .NETFramework,Version=v4.7.2, .NETFramework,Version=v4.8, .NETFramework,Version=v4.8.1' instead of the project target framework 'net8.0'. This package may not be fully compatible with your project.
C:\Program Files\dotnet\sdk\10.0.201\Sdks\Microsoft.NET.Sdk\targets\Microsoft.NET.Sdk.DefaultItems.targets(162,5): warning NETSDK1137: It is no longer necessary to use the Microsoft.NET.Sdk.WindowsDesktop SDK. Consider changing the Sdk attribute of the root Project element to 'Microsoft.NET.Sdk'. [C:\Users\ultra\warewolf\Dev\Dev2.CustomControls\Dev2.CustomControls.csproj]
C:\Program Files\dotnet\sdk\10.0.201\Sdks\Microsoft.NET.Sdk.WindowsDesktop\targets\Microsoft.NET.Sdk.WindowsDesktop.targets(138,5): warning NETSDK1106: Microsoft.NET.Sdk.WindowsDesktop requires 'UseWpf' or 'UseWindowsForms' to be set to 'true' [C:\Users\ultra\warewolf\Dev\Dev2.CustomControls\Dev2.CustomControls.csproj]
C:\Users\ultra\warewolf\Dev\Dev2.Util\Dev2.Util.csproj : warning NU1903: Package 'Microsoft.Windows.Compatibility' 6.0.0 has a known high severity vulnerability, https://github.com/advisories/GHSA-555c-2p6r-68mm
C:\Users\ultra\warewolf\Dev\Dev2.Util\Dev2.Util.csproj : warning NU1701: Package 'AeroWizard 2.3.1' was restored using '.NETFramework,Version=v4.6.1, .NETFramework,Version=v4.6.2, .NETFramework,Version=v4.7, .NETFramework,Version=v4.7.1, .NETFramework,Version=v4.7.2, .NETFramework,Version=v4.8, .NETFramework,Version=v4.8.1' instead of the project target framework 'net8.0'. This package may not be fully compatible with your project.
C:\Users\ultra\warewolf\Dev\Dev2.Util\Dev2.Util.csproj : warning NU1701: Package 'GroupControls 1.9.0' was restored using '.NETFramework,Version=v4.6.1, .NETFramework,Version=v4.6.2, .NETFramework,Version=v4.7, .NETFramework,Version=v4.7.1, .NETFramework,Version=v4.7.2, .NETFramework,Version=v4.8, .NETFramework,Version=v4.8.1' instead of the project target framework 'net8.0'. This package may not be fully compatible with your project.
C:\Users\ultra\warewolf\Dev\Dev2.Util\Dev2.Util.csproj : warning NU1701: Package 'TaskSchedulerEditor 2.10.1' was restored using '.NETFramework,Version=v4.6.1, .NETFramework,Version=v4.6.2, .NETFramework,Version=v4.7, .NETFramework,Version=v4.7.1, .NETFramework,Version=v4.7.2, .NETFramework,Version=v4.8, .NETFramework,Version=v4.8.1' instead of the project target framework 'net8.0'. This package may not be fully compatible with your project.
C:\Users\ultra\warewolf\Dev\Dev2.CustomControls\Dev2.CustomControls.csproj : warning NU1903: Package 'Microsoft.Windows.Compatibility' 6.0.0 has a known high severity vulnerability, https://github.com/advisories/GHSA-555c-2p6r-68mm
C:\Users\ultra\warewolf\Dev\Dev2.CustomControls\Dev2.CustomControls.csproj : warning NU1701: Package 'AeroWizard 2.3.1' was restored using '.NETFramework,Version=v4.6.1, .NETFramework,Version=v4.6.2, .NETFramework,Version=v4.7, .NETFramework,Version=v4.7.1, .NETFramework,Version=v4.7.2, .NETFramework,Version=v4.8, .NETFramework,Version=v4.8.1' instead of the project target framework 'net8.0'. This package may not be fully compatible with your project.
C:\Users\ultra\warewolf\Dev\Dev2.CustomControls\Dev2.CustomControls.csproj : warning NU1701: Package 'GroupControls 1.9.0' was restored using '.NETFramework,Version=v4.6.1, .NETFramework,Version=v4.6.2, .NETFramework,Version=v4.7, .NETFramework,Version=v4.7.1, .NETFramework,Version=v4.7.2, .NETFramework,Version=v4.8, .NETFramework,Version=v4.8.1' instead of the project target framework 'net8.0'. This package may not be fully compatible with your project.
C:\Users\ultra\warewolf\Dev\Dev2.CustomControls\Dev2.CustomControls.csproj : warning NU1701: Package 'TaskSchedulerEditor 2.10.1' was restored using '.NETFramework,Version=v4.6.1, .NETFramework,Version=v4.6.2, .NETFramework,Version=v4.7, .NETFramework,Version=v4.7.1, .NETFramework,Version=v4.7.2, .NETFramework,Version=v4.8, .NETFramework,Version=v4.8.1' instead of the project target framework 'net8.0'. This package may not be fully compatible with your project.
C:\Users\ultra\warewolf\Dev\Dev2.Activities\Dev2.Activities.csproj : warning NU1903: Package 'Microsoft.Windows.Compatibility' 6.0.0 has a known high severity vulnerability, https://github.com/advisories/GHSA-555c-2p6r-68mm
C:\Users\ultra\warewolf\Dev\Dev2.Services.Execution\Dev2.Services.Execution.csproj : warning NU1701: Package 'AeroWizard 2.3.1' was restored using '.NETFramework,Version=v4.6.1, .NETFramework,Version=v4.6.2, .NETFramework,Version=v4.7, .NETFramework,Version=v4.7.1, .NETFramework,Version=v4.7.2, .NETFramework,Version=v4.8, .NETFramework,Version=v4.8.1' instead of the project target framework 'net8.0'. This package may not be fully compatible with your project.
C:\Users\ultra\warewolf\Dev\Dev2.Activities\Dev2.Activities.csproj : warning NU1701: Package 'AeroWizard 2.3.1' was restored using '.NETFramework,Version=v4.6.1, .NETFramework,Version=v4.6.2, .NETFramework,Version=v4.7, .NETFramework,Version=v4.7.1, .NETFramework,Version=v4.7.2, .NETFramework,Version=v4.8, .NETFramework,Version=v4.8.1' instead of the project target framework 'net8.0'. This package may not be fully compatible with your project.
C:\Users\ultra\warewolf\Dev\Dev2.Services.Execution\Dev2.Services.Execution.csproj : warning NU1701: Package 'GroupControls 1.9.0' was restored using '.NETFramework,Version=v4.6.1, .NETFramework,Version=v4.6.2, .NETFramework,Version=v4.7, .NETFramework,Version=v4.7.1, .NETFramework,Version=v4.7.2, .NETFramework,Version=v4.8, .NETFramework,Version=v4.8.1' instead of the project target framework 'net8.0'. This package may not be fully compatible with your project.
C:\Users\ultra\warewolf\Dev\Dev2.Activities\Dev2.Activities.csproj : warning NU1701: Package 'GroupControls 1.9.0' was restored using '.NETFramework,Version=v4.6.1, .NETFramework,Version=v4.6.2, .NETFramework,Version=v4.7, .NETFramework,Version=v4.7.1, .NETFramework,Version=v4.7.2, .NETFramework,Version=v4.8, .NETFramework,Version=v4.8.1' instead of the project target framework 'net8.0'. This package may not be fully compatible with your project.
C:\Users\ultra\warewolf\Dev\Dev2.Services.Execution\Dev2.Services.Execution.csproj : warning NU1701: Package 'ReactiveUI.WPF 18.4.1' was restored using '.NETFramework,Version=v4.6.1, .NETFramework,Version=v4.6.2, .NETFramework,Version=v4.7, .NETFramework,Version=v4.7.1, .NETFramework,Version=v4.7.2, .NETFramework,Version=v4.8, .NETFramework,Version=v4.8.1' instead of the project target framework 'net8.0'. This package may not be fully compatible with your project.
C:\Users\ultra\warewolf\Dev\Dev2.Activities\Dev2.Activities.csproj : warning NU1701: Package 'ReactiveUI.WPF 18.4.1' was restored using '.NETFramework,Version=v4.6.1, .NETFramework,Version=v4.6.2, .NETFramework,Version=v4.7, .NETFramework,Version=v4.7.1, .NETFramework,Version=v4.7.2, .NETFramework,Version=v4.8, .NETFramework,Version=v4.8.1' instead of the project target framework 'net8.0'. This package may not be fully compatible with your project.
C:\Users\ultra\warewolf\Dev\Dev2.Services.Execution\Dev2.Services.Execution.csproj : warning NU1701: Package 'TaskSchedulerEditor 2.10.1' was restored using '.NETFramework,Version=v4.6.1, .NETFramework,Version=v4.6.2, .NETFramework,Version=v4.7, .NETFramework,Version=v4.7.1, .NETFramework,Version=v4.7.2, .NETFramework,Version=v4.8, .NETFramework,Version=v4.8.1' instead of the project target framework 'net8.0'. This package may not be fully compatible with your project.
C:\Users\ultra\warewolf\Dev\Dev2.Activities\Dev2.Activities.csproj : warning NU1701: Package 'TaskSchedulerEditor 2.10.1' was restored using '.NETFramework,Version=v4.6.1, .NETFramework,Version=v4.6.2, .NETFramework,Version=v4.7, .NETFramework,Version=v4.7.1, .NETFramework,Version=v4.7.2, .NETFramework,Version=v4.8, .NETFramework,Version=v4.8.1' instead of the project target framework 'net8.0'. This package may not be fully compatible with your project.
C:\Users\ultra\warewolf\Dev\Dev2.Common\Dev2.Common.csproj : warning NU1903: Package 'Microsoft.Windows.Compatibility' 6.0.0 has a known high severity vulnerability, https://github.com/advisories/GHSA-555c-2p6r-68mm
C:\Users\ultra\warewolf\Dev\Dev2.Common\Dev2.Common.csproj : warning NU1701: Package 'AeroWizard 2.3.1' was restored using '.NETFramework,Version=v4.6.1, .NETFramework,Version=v4.6.2, .NETFramework,Version=v4.7, .NETFramework,Version=v4.7.1, .NETFramework,Version=v4.7.2, .NETFramework,Version=v4.8, .NETFramework,Version=v4.8.1' instead of the project target framework 'net8.0'. This package may not be fully compatible with your project.
C:\Users\ultra\warewolf\Dev\Dev2.Common\Dev2.Common.csproj : warning NU1701: Package 'GroupControls 1.9.0' was restored using '.NETFramework,Version=v4.6.1, .NETFramework,Version=v4.6.2, .NETFramework,Version=v4.7, .NETFramework,Version=v4.7.1, .NETFramework,Version=v4.7.2, .NETFramework,Version=v4.8, .NETFramework,Version=v4.8.1' instead of the project target framework 'net8.0'. This package may not be fully compatible with your project.
C:\Users\ultra\warewolf\Dev\Dev2.Common\Dev2.Common.csproj : warning NU1701: Package 'TaskSchedulerEditor 2.10.1' was restored using '.NETFramework,Version=v4.6.1, .NETFramework,Version=v4.6.2, .NETFramework,Version=v4.7, .NETFramework,Version=v4.7.1, .NETFramework,Version=v4.7.2, .NETFramework,Version=v4.8, .NETFramework,Version=v4.8.1' instead of the project target framework 'net8.0'. This package may not be fully compatible with your project.
  Dev2.Net6.Compatibility -> C:\Users\ultra\warewolf\Dev\Dev2.Net6.Compatibility\bin\Debug\net8.0\Dev2.Net6.Compatibility.dll
C:\Users\ultra\warewolf\Dev\Dev2.Diagnostics\Dev2.Diagnostics.csproj : warning NU1701: Package 'AeroWizard 2.3.1' was restored using '.NETFramework,Version=v4.6.1, .NETFramework,Version=v4.6.2, .NETFramework,Version=v4.7, .NETFramework,Version=v4.7.1, .NETFramework,Version=v4.7.2, .NETFramework,Version=v4.8, .NETFramework,Version=v4.8.1' instead of the project target framework 'net8.0'. This package may not be fully compatible with your project.
C:\Users\ultra\warewolf\Dev\Dev2.Diagnostics\Dev2.Diagnostics.csproj : warning NU1701: Package 'GroupControls 1.9.0' was restored using '.NETFramework,Version=v4.6.1, .NETFramework,Version=v4.6.2, .NETFramework,Version=v4.7, .NETFramework,Version=v4.7.1, .NETFramework,Version=v4.7.2, .NETFramework,Version=v4.8, .NETFramework,Version=v4.8.1' instead of the project target framework 'net8.0'. This package may not be fully compatible with your project.
C:\Users\ultra\warewolf\Dev\Dev2.Diagnostics\Dev2.Diagnostics.csproj : warning NU1701: Package 'TaskSchedulerEditor 2.10.1' was restored using '.NETFramework,Version=v4.6.1, .NETFramework,Version=v4.6.2, .NETFramework,Version=v4.7, .NETFramework,Version=v4.7.1, .NETFramework,Version=v4.7.2, .NETFramework,Version=v4.8, .NETFramework,Version=v4.8.1' instead of the project target framework 'net8.0'. This package may not be fully compatible with your project.
C:\Users\ultra\warewolf\Dev\Dev2.Data\Dev2.Data.csproj : warning NU1701: Package 'AeroWizard 2.3.1' was restored using '.NETFramework,Version=v4.6.1, .NETFramework,Version=v4.6.2, .NETFramework,Version=v4.7, .NETFramework,Version=v4.7.1, .NETFramework,Version=v4.7.2, .NETFramework,Version=v4.8, .NETFramework,Version=v4.8.1' instead of the project target framework 'net8.0'. This package may not be fully compatible with your project.
C:\Users\ultra\warewolf\Dev\Dev2.Data\Dev2.Data.csproj : warning NU1701: Package 'GroupControls 1.9.0' was restored using '.NETFramework,Version=v4.6.1, .NETFramework,Version=v4.6.2, .NETFramework,Version=v4.7, .NETFramework,Version=v4.7.1, .NETFramework,Version=v4.7.2, .NETFramework,Version=v4.8, .NETFramework,Version=v4.8.1' instead of the project target framework 'net8.0'. This package may not be fully compatible with your project.
C:\Users\ultra\warewolf\Dev\Dev2.Data\Dev2.Data.csproj : warning NU1701: Package 'ReactiveUI.WPF 18.4.1' was restored using '.NETFramework,Version=v4.6.1, .NETFramework,Version=v4.6.2, .NETFramework,Version=v4.7, .NETFramework,Version=v4.7.1, .NETFramework,Version=v4.7.2, .NETFramework,Version=v4.8, .NETFramework,Version=v4.8.1' instead of the project target framework 'net8.0'. This package may not be fully compatible with your project.
C:\Users\ultra\warewolf\Dev\Dev2.Data\Dev2.Data.csproj : warning NU1701: Package 'TaskSchedulerEditor 2.10.1' was restored using '.NETFramework,Version=v4.6.1, .NETFramework,Version=v4.6.2, .NETFramework,Version=v4.7, .NETFramework,Version=v4.7.1, .NETFramework,Version=v4.7.2, .NETFramework,Version=v4.8, .NETFramework,Version=v4.8.1' instead of the project target framework 'net8.0'. This package may not be fully compatible with your project.
C:\Users\ultra\warewolf\Dev\Dev2.Services.Execution.Tests\Dev2.Services.Execution.Tests.csproj : warning NU1701: Package 'AeroWizard 2.3.1' was restored using '.NETFramework,Version=v4.6.1, .NETFramework,Version=v4.6.2, .NETFramework,Version=v4.7, .NETFramework,Version=v4.7.1, .NETFramework,Version=v4.7.2, .NETFramework,Version=v4.8, .NETFramework,Version=v4.8.1' instead of the project target framework 'net8.0'. This package may not be fully compatible with your project.
C:\Users\ultra\warewolf\Dev\Dev2.Services.Execution.Tests\Dev2.Services.Execution.Tests.csproj : warning NU1701: Package 'GroupControls 1.9.0' was restored using '.NETFramework,Version=v4.6.1, .NETFramework,Version=v4.6.2, .NETFramework,Version=v4.7, .NETFramework,Version=v4.7.1, .NETFramework,Version=v4.7.2, .NETFramework,Version=v4.8, .NETFramework,Version=v4.8.1' instead of the project target framework 'net8.0'. This package may not be fully compatible with your project.
C:\Users\ultra\warewolf\Dev\Dev2.Services.Execution.Tests\Dev2.Services.Execution.Tests.csproj : warning NU1701: Package 'ReactiveUI.WPF 18.4.1' was restored using '.NETFramework,Version=v4.6.1, .NETFramework,Version=v4.6.2, .NETFramework,Version=v4.7, .NETFramework,Version=v4.7.1, .NETFramework,Version=v4.7.2, .NETFramework,Version=v4.8, .NETFramework,Version=v4.8.1' instead of the project target framework 'net8.0'. This package may not be fully compatible with your project.
C:\Users\ultra\warewolf\Dev\Dev2.Services.Execution.Tests\Dev2.Services.Execution.Tests.csproj : warning NU1701: Package 'TaskSchedulerEditor 2.10.1' was restored using '.NETFramework,Version=v4.6.1, .NETFramework,Version=v4.6.2, .NETFramework,Version=v4.7, .NETFramework,Version=v4.7.1, .NETFramework,Version=v4.7.2, .NETFramework,Version=v4.8, .NETFramework,Version=v4.8.1' instead of the project target framework 'net8.0'. This package may not be fully compatible with your project.
C:\Users\ultra\warewolf\Dev\Dev2.Services.Sql\Dev2.Services.Sql.csproj : warning NU1903: Package 'Oracle.ManagedDataAccess.Core' 3.21.70 has a known high severity vulnerability, https://github.com/advisories/GHSA-5pm2-9mr2-3frq
C:\Users\ultra\warewolf\Dev\Dev2.Runtime.WebServer\Dev2.Runtime.WebServer.csproj : warning NU1902: Package 'System.IdentityModel.Tokens.Jwt' 5.1.0 has a known moderate severity vulnerability, https://github.com/advisories/GHSA-59j7-ghrg-fj52
C:\Users\ultra\warewolf\Dev\Dev2.Services.Sql\Dev2.Services.Sql.csproj : warning NU1701: Package 'AeroWizard 2.3.1' was restored using '.NETFramework,Version=v4.6.1, .NETFramework,Version=v4.6.2, .NETFramework,Version=v4.7, .NETFramework,Version=v4.7.1, .NETFramework,Version=v4.7.2, .NETFramework,Version=v4.8, .NETFramework,Version=v4.8.1' instead of the project target framework 'net8.0'. This package may not be fully compatible with your project.
C:\Users\ultra\warewolf\Dev\Dev2.Runtime.WebServer\Dev2.Runtime.WebServer.csproj : warning NU1701: Package 'AeroWizard 2.3.1' was restored using '.NETFramework,Version=v4.6.1, .NETFramework,Version=v4.6.2, .NETFramework,Version=v4.7, .NETFramework,Version=v4.7.1, .NETFramework,Version=v4.7.2, .NETFramework,Version=v4.8, .NETFramework,Version=v4.8.1' instead of the project target framework 'net8.0'. This package may not be fully compatible with your project.
C:\Users\ultra\warewolf\Dev\Dev2.Services.Sql\Dev2.Services.Sql.csproj : warning NU1701: Package 'GroupControls 1.9.0' was restored using '.NETFramework,Version=v4.6.1, .NETFramework,Version=v4.6.2, .NETFramework,Version=v4.7, .NETFramework,Version=v4.7.1, .NETFramework,Version=v4.7.2, .NETFramework,Version=v4.8, .NETFramework,Version=v4.8.1' instead of the project target framework 'net8.0'. This package may not be fully compatible with your project.
C:\Users\ultra\warewolf\Dev\Dev2.Runtime.WebServer\Dev2.Runtime.WebServer.csproj : warning NU1701: Package 'GroupControls 1.9.0' was restored using '.NETFramework,Version=v4.6.1, .NETFramework,Version=v4.6.2, .NETFramework,Version=v4.7, .NETFramework,Version=v4.7.1, .NETFramework,Version=v4.7.2, .NETFramework,Version=v4.8, .NETFramework,Version=v4.8.1' instead of the project target framework 'net8.0'. This package may not be fully compatible with your project.
C:\Users\ultra\warewolf\Dev\Dev2.Services.Sql\Dev2.Services.Sql.csproj : warning NU1701: Package 'ReactiveUI.WPF 18.4.1' was restored using '.NETFramework,Version=v4.6.1, .NETFramework,Version=v4.6.2, .NETFramework,Version=v4.7, .NETFramework,Version=v4.7.1, .NETFramework,Version=v4.7.2, .NETFramework,Version=v4.8, .NETFramework,Version=v4.8.1' instead of the project target framework 'net8.0'. This package may not be fully compatible with your project.
C:\Users\ultra\warewolf\Dev\Dev2.Runtime.WebServer\Dev2.Runtime.WebServer.csproj : warning NU1701: Package 'Microsoft.Xaml.Behaviors.Wpf 1.1.122' was restored using '.NETFramework,Version=v4.6.1, .NETFramework,Version=v4.6.2, .NETFramework,Version=v4.7, .NETFramework,Version=v4.7.1, .NETFramework,Version=v4.7.2, .NETFramework,Version=v4.8, .NETFramework,Version=v4.8.1' instead of the project target framework 'net8.0'. This package may not be fully compatible with your project.
C:\Users\ultra\warewolf\Dev\Dev2.Services.Sql\Dev2.Services.Sql.csproj : warning NU1701: Package 'TaskSchedulerEditor 2.10.1' was restored using '.NETFramework,Version=v4.6.1, .NETFramework,Version=v4.6.2, .NETFramework,Version=v4.7, .NETFramework,Version=v4.7.1, .NETFramework,Version=v4.7.2, .NETFramework,Version=v4.8, .NETFramework,Version=v4.8.1' instead of the project target framework 'net8.0'. This package may not be fully compatible with your project.
C:\Users\ultra\warewolf\Dev\Dev2.Runtime.WebServer\Dev2.Runtime.WebServer.csproj : warning NU1701: Package 'Prism.Wpf 9.0.537' was restored using '.NETFramework,Version=v4.6.1, .NETFramework,Version=v4.6.2, .NETFramework,Version=v4.7, .NETFramework,Version=v4.7.1, .NETFramework,Version=v4.7.2, .NETFramework,Version=v4.8, .NETFramework,Version=v4.8.1' instead of the project target framework 'net8.0'. This package may not be fully compatible with your project.
C:\Users\ultra\warewolf\Dev\Dev2.Runtime.WebServer\Dev2.Runtime.WebServer.csproj : warning NU1701: Package 'ReactiveUI.WPF 18.4.1' was restored using '.NETFramework,Version=v4.6.1, .NETFramework,Version=v4.6.2, .NETFramework,Version=v4.7, .NETFramework,Version=v4.7.1, .NETFramework,Version=v4.7.2, .NETFramework,Version=v4.8, .NETFramework,Version=v4.8.1' instead of the project target framework 'net8.0'. This package may not be fully compatible with your project.
C:\Users\ultra\warewolf\Dev\Dev2.Runtime.WebServer\Dev2.Runtime.WebServer.csproj : warning NU1701: Package 'TaskSchedulerEditor 2.10.1' was restored using '.NETFramework,Version=v4.6.1, .NETFramework,Version=v4.6.2, .NETFramework,Version=v4.7, .NETFramework,Version=v4.7.1, .NETFramework,Version=v4.7.2, .NETFramework,Version=v4.8, .NETFramework,Version=v4.8.1' instead of the project target framework 'net8.0'. This package may not be fully compatible with your project.
C:\Users\ultra\warewolf\Dev\Dev2.TaskScheduler.Wrappers\Dev2.TaskScheduler.Wrappers.csproj : warning NU1701: Package 'AeroWizard 2.3.1' was restored using '.NETFramework,Version=v4.6.1, .NETFramework,Version=v4.6.2, .NETFramework,Version=v4.7, .NETFramework,Version=v4.7.1, .NETFramework,Version=v4.7.2, .NETFramework,Version=v4.8, .NETFramework,Version=v4.8.1' instead of the project target framework 'net8.0'. This package may not be fully compatible with your project.
C:\Users\ultra\warewolf\Dev\Dev2.TaskScheduler.Wrappers\Dev2.TaskScheduler.Wrappers.csproj : warning NU1701: Package 'GroupControls 1.9.0' was restored using '.NETFramework,Version=v4.6.1, .NETFramework,Version=v4.6.2, .NETFramework,Version=v4.7, .NETFramework,Version=v4.7.1, .NETFramework,Version=v4.7.2, .NETFramework,Version=v4.8, .NETFramework,Version=v4.8.1' instead of the project target framework 'net8.0'. This package may not be fully compatible with your project.
C:\Users\ultra\warewolf\Dev\Dev2.TaskScheduler.Wrappers\Dev2.TaskScheduler.Wrappers.csproj : warning NU1701: Package 'TaskSchedulerEditor 2.10.1' was restored using '.NETFramework,Version=v4.6.1, .NETFramework,Version=v4.6.2, .NETFramework,Version=v4.7, .NETFramework,Version=v4.7.1, .NETFramework,Version=v4.7.2, .NETFramework,Version=v4.8, .NETFramework,Version=v4.8.1' instead of the project target framework 'net8.0'. This package may not be fully compatible with your project.
C:\Users\ultra\warewolf\Dev\Warewolf.Common\Warewolf.Common.csproj : warning NU1701: Package 'AeroWizard 2.3.1' was restored using '.NETFramework,Version=v4.6.1, .NETFramework,Version=v4.6.2, .NETFramework,Version=v4.7, .NETFramework,Version=v4.7.1, .NETFramework,Version=v4.7.2, .NETFramework,Version=v4.8, .NETFramework,Version=v4.8.1' instead of the project target framework 'net8.0'. This package may not be fully compatible with your project.
C:\Users\ultra\warewolf\Dev\Warewolf.Common\Warewolf.Common.csproj : warning NU1701: Package 'GroupControls 1.9.0' was restored using '.NETFramework,Version=v4.6.1, .NETFramework,Version=v4.6.2, .NETFramework,Version=v4.7, .NETFramework,Version=v4.7.1, .NETFramework,Version=v4.7.2, .NETFramework,Version=v4.8, .NETFramework,Version=v4.8.1' instead of the project target framework 'net8.0'. This package may not be fully compatible with your project.
C:\Users\ultra\warewolf\Dev\Warewolf.Common\Warewolf.Common.csproj : warning NU1701: Package 'TaskSchedulerEditor 2.10.1' was restored using '.NETFramework,Version=v4.6.1, .NETFramework,Version=v4.6.2, .NETFramework,Version=v4.7, .NETFramework,Version=v4.7.1, .NETFramework,Version=v4.7.2, .NETFramework,Version=v4.8, .NETFramework,Version=v4.8.1' instead of the project target framework 'net8.0'. This package may not be fully compatible with your project.
C:\Users\ultra\warewolf\Dev\Warewolf.Auditing\Warewolf.Auditing.csproj : warning NU1701: Package 'AeroWizard 2.3.1' was restored using '.NETFramework,Version=v4.6.1, .NETFramework,Version=v4.6.2, .NETFramework,Version=v4.7, .NETFramework,Version=v4.7.1, .NETFramework,Version=v4.7.2, .NETFramework,Version=v4.8, .NETFramework,Version=v4.8.1' instead of the project target framework 'net8.0'. This package may not be fully compatible with your project.
C:\Users\ultra\warewolf\Dev\Warewolf.Auditing\Warewolf.Auditing.csproj : warning NU1701: Package 'GroupControls 1.9.0' was restored using '.NETFramework,Version=v4.6.1, .NETFramework,Version=v4.6.2, .NETFramework,Version=v4.7, .NETFramework,Version=v4.7.1, .NETFramework,Version=v4.7.2, .NETFramework,Version=v4.8, .NETFramework,Version=v4.8.1' instead of the project target framework 'net8.0'. This package may not be fully compatible with your project.
C:\Users\ultra\warewolf\Dev\Warewolf.Auditing\Warewolf.Auditing.csproj : warning NU1701: Package 'ReactiveUI.WPF 18.4.1' was restored using '.NETFramework,Version=v4.6.1, .NETFramework,Version=v4.6.2, .NETFramework,Version=v4.7, .NETFramework,Version=v4.7.1, .NETFramework,Version=v4.7.2, .NETFramework,Version=v4.8, .NETFramework,Version=v4.8.1' instead of the project target framework 'net8.0'. This package may not be fully compatible with your project.
C:\Users\ultra\warewolf\Dev\Warewolf.Auditing\Warewolf.Auditing.csproj : warning NU1701: Package 'TaskSchedulerEditor 2.10.1' was restored using '.NETFramework,Version=v4.6.1, .NETFramework,Version=v4.6.2, .NETFramework,Version=v4.7, .NETFramework,Version=v4.7.1, .NETFramework,Version=v4.7.2, .NETFramework,Version=v4.8, .NETFramework,Version=v4.8.1' instead of the project target framework 'net8.0'. This package may not be fully compatible with your project.
  GACManagerApi -> C:\Users\ultra\warewolf\Dev\GACManagerApi\bin\Debug\net8.0\GACManagerApi.dll
C:\Users\ultra\warewolf\Dev\Dev2.TaskScheduler.Wrappers.Tests\Dev2.TaskScheduler.Wrappers.Tests.csproj : warning NU1701: Package 'AeroWizard 2.3.1' was restored using '.NETFramework,Version=v4.6.1, .NETFramework,Version=v4.6.2, .NETFramework,Version=v4.7, .NETFramework,Version=v4.7.1, .NETFramework,Version=v4.7.2, .NETFramework,Version=v4.8, .NETFramework,Version=v4.8.1' instead of the project target framework 'net8.0'. This package may not be fully compatible with your project.
C:\Users\ultra\warewolf\Dev\Dev2.TaskScheduler.Wrappers.Tests\Dev2.TaskScheduler.Wrappers.Tests.csproj : warning NU1701: Package 'GroupControls 1.9.0' was restored using '.NETFramework,Version=v4.6.1, .NETFramework,Version=v4.6.2, .NETFramework,Version=v4.7, .NETFramework,Version=v4.7.1, .NETFramework,Version=v4.7.2, .NETFramework,Version=v4.8, .NETFramework,Version=v4.8.1' instead of the project target framework 'net8.0'. This package may not be fully compatible with your project.
C:\Users\ultra\warewolf\Dev\Dev2.TaskScheduler.Wrappers.Tests\Dev2.TaskScheduler.Wrappers.Tests.csproj : warning NU1701: Package 'TaskSchedulerEditor 2.10.1' was restored using '.NETFramework,Version=v4.6.1, .NETFramework,Version=v4.6.2, .NETFramework,Version=v4.7, .NETFramework,Version=v4.7.1, .NETFramework,Version=v4.7.2, .NETFramework,Version=v4.8, .NETFramework,Version=v4.8.1' instead of the project target framework 'net8.0'. This package may not be fully compatible with your project.
C:\Users\ultra\warewolf\Dev\Warewolf.QueueWorker\Warewolf.QueueWorker.csproj : warning NU1701: Package 'AeroWizard 2.3.1' was restored using '.NETFramework,Version=v4.6.1, .NETFramework,Version=v4.6.2, .NETFramework,Version=v4.7, .NETFramework,Version=v4.7.1, .NETFramework,Version=v4.7.2, .NETFramework,Version=v4.8, .NETFramework,Version=v4.8.1' instead of the project target framework 'net8.0'. This package may not be fully compatible with your project.
C:\Users\ultra\warewolf\Dev\Warewolf.QueueWorker\Warewolf.QueueWorker.csproj : warning NU1701: Package 'GroupControls 1.9.0' was restored using '.NETFramework,Version=v4.6.1, .NETFramework,Version=v4.6.2, .NETFramework,Version=v4.7, .NETFramework,Version=v4.7.1, .NETFramework,Version=v4.7.2, .NETFramework,Version=v4.8, .NETFramework,Version=v4.8.1' instead of the project target framework 'net8.0'. This package may not be fully compatible with your project.
C:\Users\ultra\warewolf\Dev\Warewolf.QueueWorker\Warewolf.QueueWorker.csproj : warning NU1701: Package 'Microsoft.Xaml.Behaviors.Wpf 1.1.122' was restored using '.NETFramework,Version=v4.6.1, .NETFramework,Version=v4.6.2, .NETFramework,Version=v4.7, .NETFramework,Version=v4.7.1, .NETFramework,Version=v4.7.2, .NETFramework,Version=v4.8, .NETFramework,Version=v4.8.1' instead of the project target framework 'net8.0'. This package may not be fully compatible with your project.
C:\Users\ultra\warewolf\Dev\Warewolf.QueueWorker\Warewolf.QueueWorker.csproj : warning NU1701: Package 'Prism.Wpf 9.0.537' was restored using '.NETFramework,Version=v4.6.1, .NETFramework,Version=v4.6.2, .NETFramework,Version=v4.7, .NETFramework,Version=v4.7.1, .NETFramework,Version=v4.7.2, .NETFramework,Version=v4.8, .NETFramework,Version=v4.8.1' instead of the project target framework 'net8.0'. This package may not be fully compatible with your project.
C:\Users\ultra\warewolf\Dev\Warewolf.QueueWorker\Warewolf.QueueWorker.csproj : warning NU1701: Package 'ReactiveUI.WPF 18.4.1' was restored using '.NETFramework,Version=v4.6.1, .NETFramework,Version=v4.6.2, .NETFramework,Version=v4.7, .NETFramework,Version=v4.7.1, .NETFramework,Version=v4.7.2, .NETFramework,Version=v4.8, .NETFramework,Version=v4.8.1' instead of the project target framework 'net8.0'. This package may not be fully compatible with your project.
C:\Users\ultra\warewolf\Dev\Warewolf.QueueWorker\Warewolf.QueueWorker.csproj : warning NU1701: Package 'TaskSchedulerEditor 2.10.1' was restored using '.NETFramework,Version=v4.6.1, .NETFramework,Version=v4.6.2, .NETFramework,Version=v4.7, .NETFramework,Version=v4.7.1, .NETFramework,Version=v4.7.2, .NETFramework,Version=v4.8, .NETFramework,Version=v4.8.1' instead of the project target framework 'net8.0'. This package may not be fully compatible with your project.
C:\Users\ultra\warewolf\Dev\Warewolf.Storage.Interfaces\Warewolf.Storage.Interfaces.csproj : warning NU1701: Package 'AeroWizard 2.3.1' was restored using '.NETFramework,Version=v4.6.1, .NETFramework,Version=v4.6.2, .NETFramework,Version=v4.7, .NETFramework,Version=v4.7.1, .NETFramework,Version=v4.7.2, .NETFramework,Version=v4.8, .NETFramework,Version=v4.8.1' instead of the project target framework 'net8.0'. This package may not be fully compatible with your project.
C:\Users\ultra\warewolf\Dev\Warewolf.Storage.Interfaces\Warewolf.Storage.Interfaces.csproj : warning NU1701: Package 'GroupControls 1.9.0' was restored using '.NETFramework,Version=v4.6.1, .NETFramework,Version=v4.6.2, .NETFramework,Version=v4.7, .NETFramework,Version=v4.7.1, .NETFramework,Version=v4.7.2, .NETFramework,Version=v4.8, .NETFramework,Version=v4.8.1' instead of the project target framework 'net8.0'. This package may not be fully compatible with your project.
C:\Users\ultra\warewolf\Dev\Warewolf.Storage.Interfaces\Warewolf.Storage.Interfaces.csproj : warning NU1701: Package 'TaskSchedulerEditor 2.10.1' was restored using '.NETFramework,Version=v4.6.1, .NETFramework,Version=v4.6.2, .NETFramework,Version=v4.7, .NETFramework,Version=v4.7.1, .NETFramework,Version=v4.7.2, .NETFramework,Version=v4.8, .NETFramework,Version=v4.8.1' instead of the project target framework 'net8.0'. This package may not be fully compatible with your project.
C:\Users\ultra\warewolf\Dev\Warewolf.Language.Parser\Warewolf.Language.Parser.fsproj : warning NU1504: Duplicate 'PackageReference' items found. Remove the duplicate items or use the Update functionality to ensure a consistent restore behavior. The duplicate 'PackageReference' items are: FSharp.Core 10.1.201, FSharp.Core 4.6.2.
C:\Users\ultra\warewolf\Dev\Dev2.Intellisense\Dev2.Intellisense.csproj : warning NU1701: Package 'AeroWizard 2.3.1' was restored using '.NETFramework,Version=v4.6.1, .NETFramework,Version=v4.6.2, .NETFramework,Version=v4.7, .NETFramework,Version=v4.7.1, .NETFramework,Version=v4.7.2, .NETFramework,Version=v4.8, .NETFramework,Version=v4.8.1' instead of the project target framework 'net8.0'. This package may not be fully compatible with your project.
C:\Users\ultra\warewolf\Dev\Dev2.Intellisense\Dev2.Intellisense.csproj : warning NU1701: Package 'GroupControls 1.9.0' was restored using '.NETFramework,Version=v4.6.1, .NETFramework,Version=v4.6.2, .NETFramework,Version=v4.7, .NETFramework,Version=v4.7.1, .NETFramework,Version=v4.7.2, .NETFramework,Version=v4.8, .NETFramework,Version=v4.8.1' instead of the project target framework 'net8.0'. This package may not be fully compatible with your project.
C:\Users\ultra\warewolf\Dev\Dev2.Intellisense\Dev2.Intellisense.csproj : warning NU1701: Package 'Microsoft.Xaml.Behaviors.Wpf 1.1.122' was restored using '.NETFramework,Version=v4.6.1, .NETFramework,Version=v4.6.2, .NETFramework,Version=v4.7, .NETFramework,Version=v4.7.1, .NETFramework,Version=v4.7.2, .NETFramework,Version=v4.8, .NETFramework,Version=v4.8.1' instead of the project target framework 'net8.0'. This package may not be fully compatible with your project.
C:\Users\ultra\warewolf\Dev\Dev2.Intellisense\Dev2.Intellisense.csproj : warning NU1701: Package 'Prism.Wpf 9.0.537' was restored using '.NETFramework,Version=v4.6.1, .NETFramework,Version=v4.6.2, .NETFramework,Version=v4.7, .NETFramework,Version=v4.7.1, .NETFramework,Version=v4.7.2, .NETFramework,Version=v4.8, .NETFramework,Version=v4.8.1' instead of the project target framework 'net8.0'. This package may not be fully compatible with your project.
C:\Users\ultra\warewolf\Dev\Dev2.Intellisense\Dev2.Intellisense.csproj : warning NU1701: Package 'ReactiveUI.WPF 18.4.1' was restored using '.NETFramework,Version=v4.6.1, .NETFramework,Version=v4.6.2, .NETFramework,Version=v4.7, .NETFramework,Version=v4.7.1, .NETFramework,Version=v4.7.2, .NETFramework,Version=v4.8, .NETFramework,Version=v4.8.1' instead of the project target framework 'net8.0'. This package may not be fully compatible with your project.
C:\Users\ultra\warewolf\Dev\Dev2.Intellisense\Dev2.Intellisense.csproj : warning NU1701: Package 'TaskSchedulerEditor 2.10.1' was restored using '.NETFramework,Version=v4.6.1, .NETFramework,Version=v4.6.2, .NETFramework,Version=v4.7, .NETFramework,Version=v4.7.1, .NETFramework,Version=v4.7.2, .NETFramework,Version=v4.8, .NETFramework,Version=v4.8.1' instead of the project target framework 'net8.0'. This package may not be fully compatible with your project.
C:\Users\ultra\warewolf\Dev\Dev2.Utils.Tests\Dev2.Utils.Tests.csproj : warning NU1701: Package 'AeroWizard 2.3.1' was restored using '.NETFramework,Version=v4.6.1, .NETFramework,Version=v4.6.2, .NETFramework,Version=v4.7, .NETFramework,Version=v4.7.1, .NETFramework,Version=v4.7.2, .NETFramework,Version=v4.8, .NETFramework,Version=v4.8.1' instead of the project target framework 'net8.0'. This package may not be fully compatible with your project.
C:\Users\ultra\warewolf\Dev\Dev2.Utils.Tests\Dev2.Utils.Tests.csproj : warning NU1701: Package 'GroupControls 1.9.0' was restored using '.NETFramework,Version=v4.6.1, .NETFramework,Version=v4.6.2, .NETFramework,Version=v4.7, .NETFramework,Version=v4.7.1, .NETFramework,Version=v4.7.2, .NETFramework,Version=v4.8, .NETFramework,Version=v4.8.1' instead of the project target framework 'net8.0'. This package may not be fully compatible with your project.
C:\Users\ultra\warewolf\Dev\Dev2.Utils.Tests\Dev2.Utils.Tests.csproj : warning NU1701: Package 'ReactiveUI.WPF 18.4.1' was restored using '.NETFramework,Version=v4.6.1, .NETFramework,Version=v4.6.2, .NETFramework,Version=v4.7, .NETFramework,Version=v4.7.1, .NETFramework,Version=v4.7.2, .NETFramework,Version=v4.8, .NETFramework,Version=v4.8.1' instead of the project target framework 'net8.0'. This package may not be fully compatible with your project.
C:\Users\ultra\warewolf\Dev\Dev2.Utils.Tests\Dev2.Utils.Tests.csproj : warning NU1701: Package 'TaskSchedulerEditor 2.10.1' was restored using '.NETFramework,Version=v4.6.1, .NETFramework,Version=v4.6.2, .NETFramework,Version=v4.7, .NETFramework,Version=v4.7.1, .NETFramework,Version=v4.7.2, .NETFramework,Version=v4.8, .NETFramework,Version=v4.8.1' instead of the project target framework 'net8.0'. This package may not be fully compatible with your project.
C:\Users\ultra\warewolf\Dev\Warewolf.Driver.Serilog\Warewolf.Driver.Serilog.csproj : warning NU1701: Package 'AeroWizard 2.3.1' was restored using '.NETFramework,Version=v4.6.1, .NETFramework,Version=v4.6.2, .NETFramework,Version=v4.7, .NETFramework,Version=v4.7.1, .NETFramework,Version=v4.7.2, .NETFramework,Version=v4.8, .NETFramework,Version=v4.8.1' instead of the project target framework 'net8.0'. This package may not be fully compatible with your project.
C:\Users\ultra\warewolf\Dev\Warewolf.Driver.Serilog\Warewolf.Driver.Serilog.csproj : warning NU1701: Package 'GroupControls 1.9.0' was restored using '.NETFramework,Version=v4.6.1, .NETFramework,Version=v4.6.2, .NETFramework,Version=v4.7, .NETFramework,Version=v4.7.1, .NETFramework,Version=v4.7.2, .NETFramework,Version=v4.8, .NETFramework,Version=v4.8.1' instead of the project target framework 'net8.0'. This package may not be fully compatible with your project.
C:\Users\ultra\warewolf\Dev\Warewolf.Driver.Serilog\Warewolf.Driver.Serilog.csproj : warning NU1701: Package 'ReactiveUI.WPF 18.4.1' was restored using '.NETFramework,Version=v4.6.1, .NETFramework,Version=v4.6.2, .NETFramework,Version=v4.7, .NETFramework,Version=v4.7.1, .NETFramework,Version=v4.7.2, .NETFramework,Version=v4.8, .NETFramework,Version=v4.8.1' instead of the project target framework 'net8.0'. This package may not be fully compatible with your project.
C:\Users\ultra\warewolf\Dev\Warewolf.Driver.Serilog\Warewolf.Driver.Serilog.csproj : warning NU1701: Package 'TaskSchedulerEditor 2.10.1' was restored using '.NETFramework,Version=v4.6.1, .NETFramework,Version=v4.6.2, .NETFramework,Version=v4.7, .NETFramework,Version=v4.7.1, .NETFramework,Version=v4.7.2, .NETFramework,Version=v4.8, .NETFramework,Version=v4.8.1' instead of the project target framework 'net8.0'. This package may not be fully compatible with your project.
C:\Program Files\dotnet\sdk\10.0.201\Sdks\Microsoft.NET.Sdk\targets\Microsoft.NET.Sdk.DefaultItems.targets(162,5): warning NETSDK1137: It is no longer necessary to use the Microsoft.NET.Sdk.WindowsDesktop SDK. Consider changing the Sdk attribute of the root Project element to 'Microsoft.NET.Sdk'. [C:\Users\ultra\warewolf\Dev\Warewolf.Studio.Core\Warewolf.Studio.Core.csproj]
C:\Program Files\dotnet\sdk\10.0.201\Sdks\Microsoft.NET.Sdk.WindowsDesktop\targets\Microsoft.NET.Sdk.WindowsDesktop.targets(138,5): warning NETSDK1106: Microsoft.NET.Sdk.WindowsDesktop requires 'UseWpf' or 'UseWindowsForms' to be set to 'true' [C:\Users\ultra\warewolf\Dev\Warewolf.Studio.Core\Warewolf.Studio.Core.csproj]
C:\Users\ultra\warewolf\Dev\Dev2.Data.Interfaces\Dev2.Data.Interfaces.csproj : warning NU1903: Package 'DotNetZip' 1.16.0 has a known high severity vulnerability, https://github.com/advisories/GHSA-xhg6-9j5j-w4vf
C:\Users\ultra\warewolf\Dev\Dev2.Data.Interfaces\Dev2.Data.Interfaces.csproj : warning NU1701: Package 'AeroWizard 2.3.1' was restored using '.NETFramework,Version=v4.6.1, .NETFramework,Version=v4.6.2, .NETFramework,Version=v4.7, .NETFramework,Version=v4.7.1, .NETFramework,Version=v4.7.2, .NETFramework,Version=v4.8, .NETFramework,Version=v4.8.1' instead of the project target framework 'net8.0'. This package may not be fully compatible with your project.
C:\Users\ultra\warewolf\Dev\Dev2.Data.Interfaces\Dev2.Data.Interfaces.csproj : warning NU1701: Package 'GroupControls 1.9.0' was restored using '.NETFramework,Version=v4.6.1, .NETFramework,Version=v4.6.2, .NETFramework,Version=v4.7, .NETFramework,Version=v4.7.1, .NETFramework,Version=v4.7.2, .NETFramework,Version=v4.8, .NETFramework,Version=v4.8.1' instead of the project target framework 'net8.0'. This package may not be fully compatible with your project.
C:\Users\ultra\warewolf\Dev\Dev2.Data.Interfaces\Dev2.Data.Interfaces.csproj : warning NU1701: Package 'TaskSchedulerEditor 2.10.1' was restored using '.NETFramework,Version=v4.6.1, .NETFramework,Version=v4.6.2, .NETFramework,Version=v4.7, .NETFramework,Version=v4.7.1, .NETFramework,Version=v4.7.2, .NETFramework,Version=v4.8, .NETFramework,Version=v4.8.1' instead of the project target framework 'net8.0'. This package may not be fully compatible with your project.
C:\Users\ultra\warewolf\Dev\Warewolf.Auditing.Tests\Warewolf.Auditing.Tests.csproj : warning NU1701: Package 'AeroWizard 2.3.1' was restored using '.NETFramework,Version=v4.6.1, .NETFramework,Version=v4.6.2, .NETFramework,Version=v4.7, .NETFramework,Version=v4.7.1, .NETFramework,Version=v4.7.2, .NETFramework,Version=v4.8, .NETFramework,Version=v4.8.1' instead of the project target framework 'net8.0'. This package may not be fully compatible with your project.
C:\Users\ultra\warewolf\Dev\Warewolf.Auditing.Tests\Warewolf.Auditing.Tests.csproj : warning NU1701: Package 'GroupControls 1.9.0' was restored using '.NETFramework,Version=v4.6.1, .NETFramework,Version=v4.6.2, .NETFramework,Version=v4.7, .NETFramework,Version=v4.7.1, .NETFramework,Version=v4.7.2, .NETFramework,Version=v4.8, .NETFramework,Version=v4.8.1' instead of the project target framework 'net8.0'. This package may not be fully compatible with your project.
C:\Users\ultra\warewolf\Dev\Warewolf.Auditing.Tests\Warewolf.Auditing.Tests.csproj : warning NU1701: Package 'Microsoft.Xaml.Behaviors.Wpf 1.1.122' was restored using '.NETFramework,Version=v4.6.1, .NETFramework,Version=v4.6.2, .NETFramework,Version=v4.7, .NETFramework,Version=v4.7.1, .NETFramework,Version=v4.7.2, .NETFramework,Version=v4.8, .NETFramework,Version=v4.8.1' instead of the project target framework 'net8.0'. This package may not be fully compatible with your project.
C:\Users\ultra\warewolf\Dev\Warewolf.Auditing.Tests\Warewolf.Auditing.Tests.csproj : warning NU1701: Package 'Prism.Wpf 9.0.537' was restored using '.NETFramework,Version=v4.6.1, .NETFramework,Version=v4.6.2, .NETFramework,Version=v4.7, .NETFramework,Version=v4.7.1, .NETFramework,Version=v4.7.2, .NETFramework,Version=v4.8, .NETFramework,Version=v4.8.1' instead of the project target framework 'net8.0'. This package may not be fully compatible with your project.
C:\Users\ultra\warewolf\Dev\Warewolf.Auditing.Tests\Warewolf.Auditing.Tests.csproj : warning NU1701: Package 'ReactiveUI.WPF 18.4.1' was restored using '.NETFramework,Version=v4.6.1, .NETFramework,Version=v4.6.2, .NETFramework,Version=v4.7, .NETFramework,Version=v4.7.1, .NETFramework,Version=v4.7.2, .NETFramework,Version=v4.8, .NETFramework,Version=v4.8.1' instead of the project target framework 'net8.0'. This package may not be fully compatible with your project.
C:\Users\ultra\warewolf\Dev\Warewolf.Auditing.Tests\Warewolf.Auditing.Tests.csproj : warning NU1701: Package 'TaskSchedulerEditor 2.10.1' was restored using '.NETFramework,Version=v4.6.1, .NETFramework,Version=v4.6.2, .NETFramework,Version=v4.7, .NETFramework,Version=v4.7.1, .NETFramework,Version=v4.7.2, .NETFramework,Version=v4.8, .NETFramework,Version=v4.8.1' instead of the project target framework 'net8.0'. This package may not be fully compatible with your project.
C:\Users\ultra\warewolf\Dev\Warewolf.Studio.Core\Warewolf.Studio.Core.csproj : warning NU1701: Package 'AeroWizard 2.3.1' was restored using '.NETFramework,Version=v4.6.1, .NETFramework,Version=v4.6.2, .NETFramework,Version=v4.7, .NETFramework,Version=v4.7.1, .NETFramework,Version=v4.7.2, .NETFramework,Version=v4.8, .NETFramework,Version=v4.8.1' instead of the project target framework 'net8.0'. This package may not be fully compatible with your project.
C:\Users\ultra\warewolf\Dev\Warewolf.Studio.Core\Warewolf.Studio.Core.csproj : warning NU1701: Package 'GroupControls 1.9.0' was restored using '.NETFramework,Version=v4.6.1, .NETFramework,Version=v4.6.2, .NETFramework,Version=v4.7, .NETFramework,Version=v4.7.1, .NETFramework,Version=v4.7.2, .NETFramework,Version=v4.8, .NETFramework,Version=v4.8.1' instead of the project target framework 'net8.0'. This package may not be fully compatible with your project.
C:\Users\ultra\warewolf\Dev\Warewolf.Studio.Core\Warewolf.Studio.Core.csproj : warning NU1701: Package 'Microsoft.Xaml.Behaviors.Wpf 1.1.122' was restored using '.NETFramework,Version=v4.6.1, .NETFramework,Version=v4.6.2, .NETFramework,Version=v4.7, .NETFramework,Version=v4.7.1, .NETFramework,Version=v4.7.2, .NETFramework,Version=v4.8, .NETFramework,Version=v4.8.1' instead of the project target framework 'net8.0'. This package may not be fully compatible with your project.
C:\Users\ultra\warewolf\Dev\Warewolf.Studio.Core\Warewolf.Studio.Core.csproj : warning NU1701: Package 'Prism.Wpf 9.0.537' was restored using '.NETFramework,Version=v4.6.1, .NETFramework,Version=v4.6.2, .NETFramework,Version=v4.7, .NETFramework,Version=v4.7.1, .NETFramework,Version=v4.7.2, .NETFramework,Version=v4.8, .NETFramework,Version=v4.8.1' instead of the project target framework 'net8.0'. This package may not be fully compatible with your project.
C:\Users\ultra\warewolf\Dev\Warewolf.Studio.Core\Warewolf.Studio.Core.csproj : warning NU1701: Package 'ReactiveUI.WPF 18.4.1' was restored using '.NETFramework,Version=v4.6.1, .NETFramework,Version=v4.6.2, .NETFramework,Version=v4.7, .NETFramework,Version=v4.7.1, .NETFramework,Version=v4.7.2, .NETFramework,Version=v4.8, .NETFramework,Version=v4.8.1' instead of the project target framework 'net8.0'. This package may not be fully compatible with your project.
C:\Users\ultra\warewolf\Dev\Warewolf.Studio.Core\Warewolf.Studio.Core.csproj : warning NU1701: Package 'TaskSchedulerEditor 2.10.1' was restored using '.NETFramework,Version=v4.6.1, .NETFramework,Version=v4.6.2, .NETFramework,Version=v4.7, .NETFramework,Version=v4.7.1, .NETFramework,Version=v4.7.2, .NETFramework,Version=v4.8, .NETFramework,Version=v4.8.1' instead of the project target framework 'net8.0'. This package may not be fully compatible with your project.
C:\Users\ultra\warewolf\Dev\Dev2.Runtime.Configuration\Dev2.Runtime.Configuration.csproj : warning NU1903: Package 'Microsoft.Windows.Compatibility' 6.0.0 has a known high severity vulnerability, https://github.com/advisories/GHSA-555c-2p6r-68mm
C:\Users\ultra\warewolf\Dev\Dev2.Runtime.Configuration\Dev2.Runtime.Configuration.csproj : warning NU1701: Package 'AeroWizard 2.3.1' was restored using '.NETFramework,Version=v4.6.1, .NETFramework,Version=v4.6.2, .NETFramework,Version=v4.7, .NETFramework,Version=v4.7.1, .NETFramework,Version=v4.7.2, .NETFramework,Version=v4.8, .NETFramework,Version=v4.8.1' instead of the project target framework 'net8.0'. This package may not be fully compatible with your project.
C:\Users\ultra\warewolf\Dev\Dev2.Runtime.Configuration\Dev2.Runtime.Configuration.csproj : warning NU1701: Package 'GroupControls 1.9.0' was restored using '.NETFramework,Version=v4.6.1, .NETFramework,Version=v4.6.2, .NETFramework,Version=v4.7, .NETFramework,Version=v4.7.1, .NETFramework,Version=v4.7.2, .NETFramework,Version=v4.8, .NETFramework,Version=v4.8.1' instead of the project target framework 'net8.0'. This package may not be fully compatible with your project.
C:\Users\ultra\warewolf\Dev\Dev2.Runtime.Configuration\Dev2.Runtime.Configuration.csproj : warning NU1701: Package 'TaskSchedulerEditor 2.10.1' was restored using '.NETFramework,Version=v4.6.1, .NETFramework,Version=v4.6.2, .NETFramework,Version=v4.7, .NETFramework,Version=v4.7.1, .NETFramework,Version=v4.7.2, .NETFramework,Version=v4.8, .NETFramework,Version=v4.8.1' instead of the project target framework 'net8.0'. This package may not be fully compatible with your project.
C:\Users\ultra\warewolf\Dev\Warewolf.Storage\Warewolf.Storage.csproj : warning NU1701: Package 'AeroWizard 2.3.1' was restored using '.NETFramework,Version=v4.6.1, .NETFramework,Version=v4.6.2, .NETFramework,Version=v4.7, .NETFramework,Version=v4.7.1, .NETFramework,Version=v4.7.2, .NETFramework,Version=v4.8, .NETFramework,Version=v4.8.1' instead of the project target framework 'net8.0'. This package may not be fully compatible with your project.
C:\Users\ultra\warewolf\Dev\Warewolf.Storage\Warewolf.Storage.csproj : warning NU1701: Package 'GroupControls 1.9.0' was restored using '.NETFramework,Version=v4.6.1, .NETFramework,Version=v4.6.2, .NETFramework,Version=v4.7, .NETFramework,Version=v4.7.1, .NETFramework,Version=v4.7.2, .NETFramework,Version=v4.8, .NETFramework,Version=v4.8.1' instead of the project target framework 'net8.0'. This package may not be fully compatible with your project.
C:\Users\ultra\warewolf\Dev\Warewolf.Storage\Warewolf.Storage.csproj : warning NU1701: Package 'ReactiveUI.WPF 18.4.1' was restored using '.NETFramework,Version=v4.6.1, .NETFramework,Version=v4.6.2, .NETFramework,Version=v4.7, .NETFramework,Version=v4.7.1, .NETFramework,Version=v4.7.2, .NETFramework,Version=v4.8, .NETFramework,Version=v4.8.1' instead of the project target framework 'net8.0'. This package may not be fully compatible with your project.
C:\Users\ultra\warewolf\Dev\Warewolf.Storage\Warewolf.Storage.csproj : warning NU1701: Package 'TaskSchedulerEditor 2.10.1' was restored using '.NETFramework,Version=v4.6.1, .NETFramework,Version=v4.6.2, .NETFramework,Version=v4.7, .NETFramework,Version=v4.7.1, .NETFramework,Version=v4.7.2, .NETFramework,Version=v4.8, .NETFramework,Version=v4.8.1' instead of the project target framework 'net8.0'. This package may not be fully compatible with your project.
C:\Users\ultra\warewolf\Dev\Warewolf.Security\Warewolf.Security.csproj : warning NU1904: Package 'System.Drawing.Common' 4.5.1 has a known critical severity vulnerability, https://github.com/advisories/GHSA-rxg9-xrhp-64gj
C:\Users\ultra\warewolf\Dev\Dev2.Runtime\Dev2.Runtime.csproj : warning NU1903: Package 'Microsoft.Windows.Compatibility' 6.0.0 has a known high severity vulnerability, https://github.com/advisories/GHSA-555c-2p6r-68mm
C:\Users\ultra\warewolf\Dev\Dev2.Runtime\Dev2.Runtime.csproj : warning NU1701: Package 'AeroWizard 2.3.1' was restored using '.NETFramework,Version=v4.6.1, .NETFramework,Version=v4.6.2, .NETFramework,Version=v4.7, .NETFramework,Version=v4.7.1, .NETFramework,Version=v4.7.2, .NETFramework,Version=v4.8, .NETFramework,Version=v4.8.1' instead of the project target framework 'net8.0'. This package may not be fully compatible with your project.
C:\Users\ultra\warewolf\Dev\Dev2.Runtime\Dev2.Runtime.csproj : warning NU1701: Package 'GroupControls 1.9.0' was restored using '.NETFramework,Version=v4.6.1, .NETFramework,Version=v4.6.2, .NETFramework,Version=v4.7, .NETFramework,Version=v4.7.1, .NETFramework,Version=v4.7.2, .NETFramework,Version=v4.8, .NETFramework,Version=v4.8.1' instead of the project target framework 'net8.0'. This package may not be fully compatible with your project.
C:\Users\ultra\warewolf\Dev\Dev2.Runtime\Dev2.Runtime.csproj : warning NU1701: Package 'ReactiveUI.WPF 18.4.1' was restored using '.NETFramework,Version=v4.6.1, .NETFramework,Version=v4.6.2, .NETFramework,Version=v4.7, .NETFramework,Version=v4.7.1, .NETFramework,Version=v4.7.2, .NETFramework,Version=v4.8, .NETFramework,Version=v4.8.1' instead of the project target framework 'net8.0'. This package may not be fully compatible with your project.
C:\Users\ultra\warewolf\Dev\Dev2.Runtime\Dev2.Runtime.csproj : warning NU1701: Package 'TaskSchedulerEditor 2.10.1' was restored using '.NETFramework,Version=v4.6.1, .NETFramework,Version=v4.6.2, .NETFramework,Version=v4.7, .NETFramework,Version=v4.7.1, .NETFramework,Version=v4.7.2, .NETFramework,Version=v4.8, .NETFramework,Version=v4.8.1' instead of the project target framework 'net8.0'. This package may not be fully compatible with your project.
C:\Users\ultra\warewolf\Dev\Warewolf.Common.Framework48.Tests\Warewolf.Common.Framework48.Tests.csproj : warning NU1701: Package 'AeroWizard 2.3.1' was restored using '.NETFramework,Version=v4.6.1, .NETFramework,Version=v4.6.2, .NETFramework,Version=v4.7, .NETFramework,Version=v4.7.1, .NETFramework,Version=v4.7.2, .NETFramework,Version=v4.8, .NETFramework,Version=v4.8.1' instead of the project target framework 'net8.0'. This package may not be fully compatible with your project.
C:\Users\ultra\warewolf\Dev\Warewolf.Common.Framework48.Tests\Warewolf.Common.Framework48.Tests.csproj : warning NU1701: Package 'GroupControls 1.9.0' was restored using '.NETFramework,Version=v4.6.1, .NETFramework,Version=v4.6.2, .NETFramework,Version=v4.7, .NETFramework,Version=v4.7.1, .NETFramework,Version=v4.7.2, .NETFramework,Version=v4.8, .NETFramework,Version=v4.8.1' instead of the project target framework 'net8.0'. This package may not be fully compatible with your project.
C:\Users\ultra\warewolf\Dev\Warewolf.Common.Framework48.Tests\Warewolf.Common.Framework48.Tests.csproj : warning NU1701: Package 'Microsoft.Xaml.Behaviors.Wpf 1.1.122' was restored using '.NETFramework,Version=v4.6.1, .NETFramework,Version=v4.6.2, .NETFramework,Version=v4.7, .NETFramework,Version=v4.7.1, .NETFramework,Version=v4.7.2, .NETFramework,Version=v4.8, .NETFramework,Version=v4.8.1' instead of the project target framework 'net8.0'. This package may not be fully compatible with your project.
C:\Users\ultra\warewolf\Dev\Warewolf.Common.Framework48.Tests\Warewolf.Common.Framework48.Tests.csproj : warning NU1701: Package 'Prism.Wpf 9.0.537' was restored using '.NETFramework,Version=v4.6.1, .NETFramework,Version=v4.6.2, .NETFramework,Version=v4.7, .NETFramework,Version=v4.7.1, .NETFramework,Version=v4.7.2, .NETFramework,Version=v4.8, .NETFramework,Version=v4.8.1' instead of the project target framework 'net8.0'. This package may not be fully compatible with your project.
C:\Users\ultra\warewolf\Dev\Warewolf.Common.Framework48.Tests\Warewolf.Common.Framework48.Tests.csproj : warning NU1701: Package 'ReactiveUI.WPF 18.4.1' was restored using '.NETFramework,Version=v4.6.1, .NETFramework,Version=v4.6.2, .NETFramework,Version=v4.7, .NETFramework,Version=v4.7.1, .NETFramework,Version=v4.7.2, .NETFramework,Version=v4.8, .NETFramework,Version=v4.8.1' instead of the project target framework 'net8.0'. This package may not be fully compatible with your project.
C:\Users\ultra\warewolf\Dev\Warewolf.Common.Framework48.Tests\Warewolf.Common.Framework48.Tests.csproj : warning NU1701: Package 'TaskSchedulerEditor 2.10.1' was restored using '.NETFramework,Version=v4.6.1, .NETFramework,Version=v4.6.2, .NETFramework,Version=v4.7, .NETFramework,Version=v4.7.1, .NETFramework,Version=v4.7.2, .NETFramework,Version=v4.8, .NETFramework,Version=v4.8.1' instead of the project target framework 'net8.0'. This package may not be fully compatible with your project.
C:\Users\ultra\warewolf\Dev\Warewolf.Data.Tests\Warewolf.Data.Tests.csproj : warning NU1701: Package 'AeroWizard 2.3.1' was restored using '.NETFramework,Version=v4.6.1, .NETFramework,Version=v4.6.2, .NETFramework,Version=v4.7, .NETFramework,Version=v4.7.1, .NETFramework,Version=v4.7.2, .NETFramework,Version=v4.8, .NETFramework,Version=v4.8.1' instead of the project target framework 'net8.0'. This package may not be fully compatible with your project.
C:\Users\ultra\warewolf\Dev\Warewolf.Data.Tests\Warewolf.Data.Tests.csproj : warning NU1701: Package 'GroupControls 1.9.0' was restored using '.NETFramework,Version=v4.6.1, .NETFramework,Version=v4.6.2, .NETFramework,Version=v4.7, .NETFramework,Version=v4.7.1, .NETFramework,Version=v4.7.2, .NETFramework,Version=v4.8, .NETFramework,Version=v4.8.1' instead of the project target framework 'net8.0'. This package may not be fully compatible with your project.
C:\Users\ultra\warewolf\Dev\Warewolf.Data.Tests\Warewolf.Data.Tests.csproj : warning NU1701: Package 'ReactiveUI.WPF 18.4.1' was restored using '.NETFramework,Version=v4.6.1, .NETFramework,Version=v4.6.2, .NETFramework,Version=v4.7, .NETFramework,Version=v4.7.1, .NETFramework,Version=v4.7.2, .NETFramework,Version=v4.8, .NETFramework,Version=v4.8.1' instead of the project target framework 'net8.0'. This package may not be fully compatible with your project.
C:\Users\ultra\warewolf\Dev\Warewolf.Data.Tests\Warewolf.Data.Tests.csproj : warning NU1701: Package 'TaskSchedulerEditor 2.10.1' was restored using '.NETFramework,Version=v4.6.1, .NETFramework,Version=v4.6.2, .NETFramework,Version=v4.7, .NETFramework,Version=v4.7.1, .NETFramework,Version=v4.7.2, .NETFramework,Version=v4.8, .NETFramework,Version=v4.8.1' instead of the project target framework 'net8.0'. This package may not be fully compatible with your project.
C:\Users\ultra\warewolf\Dev\Warewolf.Common.NetStandard20.Tests\Warewolf.Common.NetStandard20.Tests.csproj : warning NU1701: Package 'AeroWizard 2.3.1' was restored using '.NETFramework,Version=v4.6.1, .NETFramework,Version=v4.6.2, .NETFramework,Version=v4.7, .NETFramework,Version=v4.7.1, .NETFramework,Version=v4.7.2, .NETFramework,Version=v4.8, .NETFramework,Version=v4.8.1' instead of the project target framework 'net8.0'. This package may not be fully compatible with your project.
C:\Users\ultra\warewolf\Dev\Warewolf.Common.NetStandard20.Tests\Warewolf.Common.NetStandard20.Tests.csproj : warning NU1701: Package 'GroupControls 1.9.0' was restored using '.NETFramework,Version=v4.6.1, .NETFramework,Version=v4.6.2, .NETFramework,Version=v4.7, .NETFramework,Version=v4.7.1, .NETFramework,Version=v4.7.2, .NETFramework,Version=v4.8, .NETFramework,Version=v4.8.1' instead of the project target framework 'net8.0'. This package may not be fully compatible with your project.
C:\Users\ultra\warewolf\Dev\Warewolf.Common.NetStandard20.Tests\Warewolf.Common.NetStandard20.Tests.csproj : warning NU1701: Package 'ReactiveUI.WPF 18.4.1' was restored using '.NETFramework,Version=v4.6.1, .NETFramework,Version=v4.6.2, .NETFramework,Version=v4.7, .NETFramework,Version=v4.7.1, .NETFramework,Version=v4.7.2, .NETFramework,Version=v4.8, .NETFramework,Version=v4.8.1' instead of the project target framework 'net8.0'. This package may not be fully compatible with your project.
C:\Users\ultra\warewolf\Dev\Warewolf.Common.NetStandard20.Tests\Warewolf.Common.NetStandard20.Tests.csproj : warning NU1701: Package 'TaskSchedulerEditor 2.10.1' was restored using '.NETFramework,Version=v4.6.1, .NETFramework,Version=v4.6.2, .NETFramework,Version=v4.7, .NETFramework,Version=v4.7.1, .NETFramework,Version=v4.7.2, .NETFramework,Version=v4.8, .NETFramework,Version=v4.8.1' instead of the project target framework 'net8.0'. This package may not be fully compatible with your project.
C:\Users\ultra\warewolf\Dev\Warewolf.Core.Tests\Warewolf.Core.Tests.csproj : warning NU1701: Package 'AeroWizard 2.3.1' was restored using '.NETFramework,Version=v4.6.1, .NETFramework,Version=v4.6.2, .NETFramework,Version=v4.7, .NETFramework,Version=v4.7.1, .NETFramework,Version=v4.7.2, .NETFramework,Version=v4.8, .NETFramework,Version=v4.8.1' instead of the project target framework 'net8.0'. This package may not be fully compatible with your project.
C:\Users\ultra\warewolf\Dev\Warewolf.Core.Tests\Warewolf.Core.Tests.csproj : warning NU1701: Package 'GroupControls 1.9.0' was restored using '.NETFramework,Version=v4.6.1, .NETFramework,Version=v4.6.2, .NETFramework,Version=v4.7, .NETFramework,Version=v4.7.1, .NETFramework,Version=v4.7.2, .NETFramework,Version=v4.8, .NETFramework,Version=v4.8.1' instead of the project target framework 'net8.0'. This package may not be fully compatible with your project.
C:\Users\ultra\warewolf\Dev\Warewolf.Core.Tests\Warewolf.Core.Tests.csproj : warning NU1701: Package 'Microsoft.Xaml.Behaviors.Wpf 1.1.122' was restored using '.NETFramework,Version=v4.6.1, .NETFramework,Version=v4.6.2, .NETFramework,Version=v4.7, .NETFramework,Version=v4.7.1, .NETFramework,Version=v4.7.2, .NETFramework,Version=v4.8, .NETFramework,Version=v4.8.1' instead of the project target framework 'net8.0'. This package may not be fully compatible with your project.
C:\Users\ultra\warewolf\Dev\Warewolf.Core.Tests\Warewolf.Core.Tests.csproj : warning NU1701: Package 'Prism.Wpf 9.0.537' was restored using '.NETFramework,Version=v4.6.1, .NETFramework,Version=v4.6.2, .NETFramework,Version=v4.7, .NETFramework,Version=v4.7.1, .NETFramework,Version=v4.7.2, .NETFramework,Version=v4.8, .NETFramework,Version=v4.8.1' instead of the project target framework 'net8.0'. This package may not be fully compatible with your project.
C:\Users\ultra\warewolf\Dev\Warewolf.Licensing\Warewolf.Licensing.csproj : warning NU1701: Package 'AeroWizard 2.3.1' was restored using '.NETFramework,Version=v4.6.1, .NETFramework,Version=v4.6.2, .NETFramework,Version=v4.7, .NETFramework,Version=v4.7.1, .NETFramework,Version=v4.7.2, .NETFramework,Version=v4.8, .NETFramework,Version=v4.8.1' instead of the project target framework 'net8.0'. This package may not be fully compatible with your project.
C:\Users\ultra\warewolf\Dev\Warewolf.Licensing\Warewolf.Licensing.csproj : warning NU1701: Package 'GroupControls 1.9.0' was restored using '.NETFramework,Version=v4.6.1, .NETFramework,Version=v4.6.2, .NETFramework,Version=v4.7, .NETFramework,Version=v4.7.1, .NETFramework,Version=v4.7.2, .NETFramework,Version=v4.8, .NETFramework,Version=v4.8.1' instead of the project target framework 'net8.0'. This package may not be fully compatible with your project.
C:\Users\ultra\warewolf\Dev\Warewolf.Licensing\Warewolf.Licensing.csproj : warning NU1701: Package 'TaskSchedulerEditor 2.10.1' was restored using '.NETFramework,Version=v4.6.1, .NETFramework,Version=v4.6.2, .NETFramework,Version=v4.7, .NETFramework,Version=v4.7.1, .NETFramework,Version=v4.7.2, .NETFramework,Version=v4.8, .NETFramework,Version=v4.8.1' instead of the project target framework 'net8.0'. This package may not be fully compatible with your project.
C:\Users\ultra\warewolf\Dev\Warewolf.Core.Tests\Warewolf.Core.Tests.csproj : warning NU1701: Package 'ReactiveUI.WPF 18.4.1' was restored using '.NETFramework,Version=v4.6.1, .NETFramework,Version=v4.6.2, .NETFramework,Version=v4.7, .NETFramework,Version=v4.7.1, .NETFramework,Version=v4.7.2, .NETFramework,Version=v4.8, .NETFramework,Version=v4.8.1' instead of the project target framework 'net8.0'. This package may not be fully compatible with your project.
C:\Users\ultra\warewolf\Dev\Warewolf.Core.Tests\Warewolf.Core.Tests.csproj : warning NU1701: Package 'TaskSchedulerEditor 2.10.1' was restored using '.NETFramework,Version=v4.6.1, .NETFramework,Version=v4.6.2, .NETFramework,Version=v4.7, .NETFramework,Version=v4.7.1, .NETFramework,Version=v4.7.2, .NETFramework,Version=v4.8, .NETFramework,Version=v4.8.1' instead of the project target framework 'net8.0'. This package may not be fully compatible with your project.
C:\Users\ultra\warewolf\Dev\Warewolf.Core\Warewolf.Core.csproj : warning NU1903: Package 'Microsoft.Windows.Compatibility' 6.0.0 has a known high severity vulnerability, https://github.com/advisories/GHSA-555c-2p6r-68mm
C:\Users\ultra\warewolf\Dev\Warewolf.Core\Warewolf.Core.csproj : warning NU1701: Package 'AeroWizard 2.3.1' was restored using '.NETFramework,Version=v4.6.1, .NETFramework,Version=v4.6.2, .NETFramework,Version=v4.7, .NETFramework,Version=v4.7.1, .NETFramework,Version=v4.7.2, .NETFramework,Version=v4.8, .NETFramework,Version=v4.8.1' instead of the project target framework 'net8.0'. This package may not be fully compatible with your project.
C:\Users\ultra\warewolf\Dev\Warewolf.Core\Warewolf.Core.csproj : warning NU1701: Package 'GroupControls 1.9.0' was restored using '.NETFramework,Version=v4.6.1, .NETFramework,Version=v4.6.2, .NETFramework,Version=v4.7, .NETFramework,Version=v4.7.1, .NETFramework,Version=v4.7.2, .NETFramework,Version=v4.8, .NETFramework,Version=v4.8.1' instead of the project target framework 'net8.0'. This package may not be fully compatible with your project.
C:\Users\ultra\warewolf\Dev\Warewolf.Core\Warewolf.Core.csproj : warning NU1701: Package 'ReactiveUI.WPF 18.4.1' was restored using '.NETFramework,Version=v4.6.1, .NETFramework,Version=v4.6.2, .NETFramework,Version=v4.7, .NETFramework,Version=v4.7.1, .NETFramework,Version=v4.7.2, .NETFramework,Version=v4.8, .NETFramework,Version=v4.8.1' instead of the project target framework 'net8.0'. This package may not be fully compatible with your project.
C:\Users\ultra\warewolf\Dev\Warewolf.Core\Warewolf.Core.csproj : warning NU1701: Package 'TaskSchedulerEditor 2.10.1' was restored using '.NETFramework,Version=v4.6.1, .NETFramework,Version=v4.6.2, .NETFramework,Version=v4.7, .NETFramework,Version=v4.7.1, .NETFramework,Version=v4.7.2, .NETFramework,Version=v4.8, .NETFramework,Version=v4.8.1' instead of the project target framework 'net8.0'. This package may not be fully compatible with your project.
C:\Users\ultra\warewolf\Dev\Warewolf.HangfireServer\Warewolf.HangfireServer.csproj : warning NU1903: Package 'Microsoft.Windows.Compatibility' 6.0.0 has a known high severity vulnerability, https://github.com/advisories/GHSA-555c-2p6r-68mm
C:\Users\ultra\warewolf\Dev\Warewolf.HangfireServer\Warewolf.HangfireServer.csproj : warning NU1701: Package 'AeroWizard 2.3.1' was restored using '.NETFramework,Version=v4.6.1, .NETFramework,Version=v4.6.2, .NETFramework,Version=v4.7, .NETFramework,Version=v4.7.1, .NETFramework,Version=v4.7.2, .NETFramework,Version=v4.8, .NETFramework,Version=v4.8.1' instead of the project target framework 'net8.0'. This package may not be fully compatible with your project.
C:\Users\ultra\warewolf\Dev\Warewolf.HangfireServer\Warewolf.HangfireServer.csproj : warning NU1701: Package 'GroupControls 1.9.0' was restored using '.NETFramework,Version=v4.6.1, .NETFramework,Version=v4.6.2, .NETFramework,Version=v4.7, .NETFramework,Version=v4.7.1, .NETFramework,Version=v4.7.2, .NETFramework,Version=v4.8, .NETFramework,Version=v4.8.1' instead of the project target framework 'net8.0'. This package may not be fully compatible with your project.
C:\Users\ultra\warewolf\Dev\Warewolf.HangfireServer\Warewolf.HangfireServer.csproj : warning NU1701: Package 'ReactiveUI.WPF 18.4.1' was restored using '.NETFramework,Version=v4.6.1, .NETFramework,Version=v4.6.2, .NETFramework,Version=v4.7, .NETFramework,Version=v4.7.1, .NETFramework,Version=v4.7.2, .NETFramework,Version=v4.8, .NETFramework,Version=v4.8.1' instead of the project target framework 'net8.0'. This package may not be fully compatible with your project.
C:\Users\ultra\warewolf\Dev\Warewolf.HangfireServer\Warewolf.HangfireServer.csproj : warning NU1701: Package 'TaskSchedulerEditor 2.10.1' was restored using '.NETFramework,Version=v4.6.1, .NETFramework,Version=v4.6.2, .NETFramework,Version=v4.7, .NETFramework,Version=v4.7.1, .NETFramework,Version=v4.7.2, .NETFramework,Version=v4.8, .NETFramework,Version=v4.8.1' instead of the project target framework 'net8.0'. This package may not be fully compatible with your project.
C:\Users\ultra\warewolf\Dev\Warewolf.Driver.Persistence.Tests\Warewolf.Driver.Persistence.Tests.csproj : warning NU1701: Package 'AeroWizard 2.3.1' was restored using '.NETFramework,Version=v4.6.1, .NETFramework,Version=v4.6.2, .NETFramework,Version=v4.7, .NETFramework,Version=v4.7.1, .NETFramework,Version=v4.7.2, .NETFramework,Version=v4.8, .NETFramework,Version=v4.8.1' instead of the project target framework 'net8.0'. This package may not be fully compatible with your project.
C:\Users\ultra\warewolf\Dev\Warewolf.Driver.Persistence.Tests\Warewolf.Driver.Persistence.Tests.csproj : warning NU1701: Package 'GroupControls 1.9.0' was restored using '.NETFramework,Version=v4.6.1, .NETFramework,Version=v4.6.2, .NETFramework,Version=v4.7, .NETFramework,Version=v4.7.1, .NETFramework,Version=v4.7.2, .NETFramework,Version=v4.8, .NETFramework,Version=v4.8.1' instead of the project target framework 'net8.0'. This package may not be fully compatible with your project.
C:\Users\ultra\warewolf\Dev\Warewolf.Driver.Persistence.Tests\Warewolf.Driver.Persistence.Tests.csproj : warning NU1701: Package 'Microsoft.Xaml.Behaviors.Wpf 1.1.122' was restored using '.NETFramework,Version=v4.6.1, .NETFramework,Version=v4.6.2, .NETFramework,Version=v4.7, .NETFramework,Version=v4.7.1, .NETFramework,Version=v4.7.2, .NETFramework,Version=v4.8, .NETFramework,Version=v4.8.1' instead of the project target framework 'net8.0'. This package may not be fully compatible with your project.
C:\Users\ultra\warewolf\Dev\Warewolf.Driver.Persistence.Tests\Warewolf.Driver.Persistence.Tests.csproj : warning NU1701: Package 'Prism.Wpf 9.0.537' was restored using '.NETFramework,Version=v4.6.1, .NETFramework,Version=v4.6.2, .NETFramework,Version=v4.7, .NETFramework,Version=v4.7.1, .NETFramework,Version=v4.7.2, .NETFramework,Version=v4.8, .NETFramework,Version=v4.8.1' instead of the project target framework 'net8.0'. This package may not be fully compatible with your project.
C:\Users\ultra\warewolf\Dev\Warewolf.Driver.Persistence.Tests\Warewolf.Driver.Persistence.Tests.csproj : warning NU1701: Package 'ReactiveUI.WPF 18.4.1' was restored using '.NETFramework,Version=v4.6.1, .NETFramework,Version=v4.6.2, .NETFramework,Version=v4.7, .NETFramework,Version=v4.7.1, .NETFramework,Version=v4.7.2, .NETFramework,Version=v4.8, .NETFramework,Version=v4.8.1' instead of the project target framework 'net8.0'. This package may not be fully compatible with your project.
C:\Users\ultra\warewolf\Dev\Warewolf.Driver.Persistence.Tests\Warewolf.Driver.Persistence.Tests.csproj : warning NU1701: Package 'TaskSchedulerEditor 2.10.1' was restored using '.NETFramework,Version=v4.6.1, .NETFramework,Version=v4.6.2, .NETFramework,Version=v4.7, .NETFramework,Version=v4.7.1, .NETFramework,Version=v4.7.2, .NETFramework,Version=v4.8, .NETFramework,Version=v4.8.1' instead of the project target framework 'net8.0'. This package may not be fully compatible with your project.
C:\Users\ultra\warewolf\Dev\Warewolf.Driver.Redis.Tests\Warewolf.Driver.Redis.Tests.csproj : warning NU1903: Package 'Microsoft.Windows.Compatibility' 6.0.0 has a known high severity vulnerability, https://github.com/advisories/GHSA-555c-2p6r-68mm
C:\Users\ultra\warewolf\Dev\Warewolf.Driver.RabbitMQ.Tests\Warewolf.Driver.RabbitMQ.Tests.csproj : warning NU1701: Package 'AeroWizard 2.3.1' was restored using '.NETFramework,Version=v4.6.1, .NETFramework,Version=v4.6.2, .NETFramework,Version=v4.7, .NETFramework,Version=v4.7.1, .NETFramework,Version=v4.7.2, .NETFramework,Version=v4.8, .NETFramework,Version=v4.8.1' instead of the project target framework 'net8.0'. This package may not be fully compatible with your project.
C:\Users\ultra\warewolf\Dev\Warewolf.Driver.RabbitMQ.Tests\Warewolf.Driver.RabbitMQ.Tests.csproj : warning NU1701: Package 'GroupControls 1.9.0' was restored using '.NETFramework,Version=v4.6.1, .NETFramework,Version=v4.6.2, .NETFramework,Version=v4.7, .NETFramework,Version=v4.7.1, .NETFramework,Version=v4.7.2, .NETFramework,Version=v4.8, .NETFramework,Version=v4.8.1' instead of the project target framework 'net8.0'. This package may not be fully compatible with your project.
C:\Users\ultra\warewolf\Dev\Warewolf.Driver.RabbitMQ.Tests\Warewolf.Driver.RabbitMQ.Tests.csproj : warning NU1701: Package 'Microsoft.Xaml.Behaviors.Wpf 1.1.122' was restored using '.NETFramework,Version=v4.6.1, .NETFramework,Version=v4.6.2, .NETFramework,Version=v4.7, .NETFramework,Version=v4.7.1, .NETFramework,Version=v4.7.2, .NETFramework,Version=v4.8, .NETFramework,Version=v4.8.1' instead of the project target framework 'net8.0'. This package may not be fully compatible with your project.
C:\Users\ultra\warewolf\Dev\Warewolf.Driver.RabbitMQ.Tests\Warewolf.Driver.RabbitMQ.Tests.csproj : warning NU1701: Package 'Prism.Wpf 9.0.537' was restored using '.NETFramework,Version=v4.6.1, .NETFramework,Version=v4.6.2, .NETFramework,Version=v4.7, .NETFramework,Version=v4.7.1, .NETFramework,Version=v4.7.2, .NETFramework,Version=v4.8, .NETFramework,Version=v4.8.1' instead of the project target framework 'net8.0'. This package may not be fully compatible with your project.
C:\Users\ultra\warewolf\Dev\Warewolf.Driver.RabbitMQ.Tests\Warewolf.Driver.RabbitMQ.Tests.csproj : warning NU1701: Package 'ReactiveUI.WPF 18.4.1' was restored using '.NETFramework,Version=v4.6.1, .NETFramework,Version=v4.6.2, .NETFramework,Version=v4.7, .NETFramework,Version=v4.7.1, .NETFramework,Version=v4.7.2, .NETFramework,Version=v4.8, .NETFramework,Version=v4.8.1' instead of the project target framework 'net8.0'. This package may not be fully compatible with your project.
C:\Users\ultra\warewolf\Dev\Warewolf.Driver.RabbitMQ.Tests\Warewolf.Driver.RabbitMQ.Tests.csproj : warning NU1701: Package 'TaskSchedulerEditor 2.10.1' was restored using '.NETFramework,Version=v4.6.1, .NETFramework,Version=v4.6.2, .NETFramework,Version=v4.7, .NETFramework,Version=v4.7.1, .NETFramework,Version=v4.7.2, .NETFramework,Version=v4.8, .NETFramework,Version=v4.8.1' instead of the project target framework 'net8.0'. This package may not be fully compatible with your project.
C:\Users\ultra\warewolf\Dev\Dev2.Development.Languages\Dev2.Development.Languages.csproj : warning NU1701: Package 'AeroWizard 2.3.1' was restored using '.NETFramework,Version=v4.6.1, .NETFramework,Version=v4.6.2, .NETFramework,Version=v4.7, .NETFramework,Version=v4.7.1, .NETFramework,Version=v4.7.2, .NETFramework,Version=v4.8, .NETFramework,Version=v4.8.1' instead of the project target framework 'net8.0'. This package may not be fully compatible with your project.
C:\Users\ultra\warewolf\Dev\Dev2.Development.Languages\Dev2.Development.Languages.csproj : warning NU1701: Package 'GroupControls 1.9.0' was restored using '.NETFramework,Version=v4.6.1, .NETFramework,Version=v4.6.2, .NETFramework,Version=v4.7, .NETFramework,Version=v4.7.1, .NETFramework,Version=v4.7.2, .NETFramework,Version=v4.8, .NETFramework,Version=v4.8.1' instead of the project target framework 'net8.0'. This package may not be fully compatible with your project.
C:\Users\ultra\warewolf\Dev\Dev2.Development.Languages\Dev2.Development.Languages.csproj : warning NU1701: Package 'TaskSchedulerEditor 2.10.1' was restored using '.NETFramework,Version=v4.6.1, .NETFramework,Version=v4.6.2, .NETFramework,Version=v4.7, .NETFramework,Version=v4.7.1, .NETFramework,Version=v4.7.2, .NETFramework,Version=v4.8, .NETFramework,Version=v4.8.1' instead of the project target framework 'net8.0'. This package may not be fully compatible with your project.
C:\Users\ultra\warewolf\Dev\Warewolf.HangfireServer.Tests\Warewolf.HangfireServer.Tests.csproj : warning NU1701: Package 'AeroWizard 2.3.1' was restored using '.NETFramework,Version=v4.6.1, .NETFramework,Version=v4.6.2, .NETFramework,Version=v4.7, .NETFramework,Version=v4.7.1, .NETFramework,Version=v4.7.2, .NETFramework,Version=v4.8, .NETFramework,Version=v4.8.1' instead of the project target framework 'net8.0'. This package may not be fully compatible with your project.
C:\Users\ultra\warewolf\Dev\Warewolf.HangfireServer.Tests\Warewolf.HangfireServer.Tests.csproj : warning NU1701: Package 'GroupControls 1.9.0' was restored using '.NETFramework,Version=v4.6.1, .NETFramework,Version=v4.6.2, .NETFramework,Version=v4.7, .NETFramework,Version=v4.7.1, .NETFramework,Version=v4.7.2, .NETFramework,Version=v4.8, .NETFramework,Version=v4.8.1' instead of the project target framework 'net8.0'. This package may not be fully compatible with your project.
C:\Users\ultra\warewolf\Dev\Warewolf.HangfireServer.Tests\Warewolf.HangfireServer.Tests.csproj : warning NU1701: Package 'ReactiveUI.WPF 18.4.1' was restored using '.NETFramework,Version=v4.6.1, .NETFramework,Version=v4.6.2, .NETFramework,Version=v4.7, .NETFramework,Version=v4.7.1, .NETFramework,Version=v4.7.2, .NETFramework,Version=v4.8, .NETFramework,Version=v4.8.1' instead of the project target framework 'net8.0'. This package may not be fully compatible with your project.
C:\Users\ultra\warewolf\Dev\Warewolf.HangfireServer.Tests\Warewolf.HangfireServer.Tests.csproj : warning NU1701: Package 'TaskSchedulerEditor 2.10.1' was restored using '.NETFramework,Version=v4.6.1, .NETFramework,Version=v4.6.2, .NETFramework,Version=v4.7, .NETFramework,Version=v4.7.1, .NETFramework,Version=v4.7.2, .NETFramework,Version=v4.8, .NETFramework,Version=v4.8.1' instead of the project target framework 'net8.0'. This package may not be fully compatible with your project.
C:\Users\ultra\warewolf\Dev\Warewolf.Driver.Serilog.Tests\Warewolf.Driver.Serilog.Tests.csproj : warning NU1701: Package 'AeroWizard 2.3.1' was restored using '.NETFramework,Version=v4.6.1, .NETFramework,Version=v4.6.2, .NETFramework,Version=v4.7, .NETFramework,Version=v4.7.1, .NETFramework,Version=v4.7.2, .NETFramework,Version=v4.8, .NETFramework,Version=v4.8.1' instead of the project target framework 'net8.0'. This package may not be fully compatible with your project.
C:\Users\ultra\warewolf\Dev\Warewolf.Driver.Serilog.Tests\Warewolf.Driver.Serilog.Tests.csproj : warning NU1701: Package 'GroupControls 1.9.0' was restored using '.NETFramework,Version=v4.6.1, .NETFramework,Version=v4.6.2, .NETFramework,Version=v4.7, .NETFramework,Version=v4.7.1, .NETFramework,Version=v4.7.2, .NETFramework,Version=v4.8, .NETFramework,Version=v4.8.1' instead of the project target framework 'net8.0'. This package may not be fully compatible with your project.
C:\Users\ultra\warewolf\Dev\Warewolf.Driver.Serilog.Tests\Warewolf.Driver.Serilog.Tests.csproj : warning NU1701: Package 'Microsoft.Xaml.Behaviors.Wpf 1.1.122' was restored using '.NETFramework,Version=v4.6.1, .NETFramework,Version=v4.6.2, .NETFramework,Version=v4.7, .NETFramework,Version=v4.7.1, .NETFramework,Version=v4.7.2, .NETFramework,Version=v4.8, .NETFramework,Version=v4.8.1' instead of the project target framework 'net8.0'. This package may not be fully compatible with your project.
C:\Users\ultra\warewolf\Dev\Warewolf.Driver.Serilog.Tests\Warewolf.Driver.Serilog.Tests.csproj : warning NU1701: Package 'Prism.Wpf 9.0.537' was restored using '.NETFramework,Version=v4.6.1, .NETFramework,Version=v4.6.2, .NETFramework,Version=v4.7, .NETFramework,Version=v4.7.1, .NETFramework,Version=v4.7.2, .NETFramework,Version=v4.8, .NETFramework,Version=v4.8.1' instead of the project target framework 'net8.0'. This package may not be fully compatible with your project.
C:\Users\ultra\warewolf\Dev\Warewolf.Driver.Serilog.Tests\Warewolf.Driver.Serilog.Tests.csproj : warning NU1701: Package 'ReactiveUI.WPF 18.4.1' was restored using '.NETFramework,Version=v4.6.1, .NETFramework,Version=v4.6.2, .NETFramework,Version=v4.7, .NETFramework,Version=v4.7.1, .NETFramework,Version=v4.7.2, .NETFramework,Version=v4.8, .NETFramework,Version=v4.8.1' instead of the project target framework 'net8.0'. This package may not be fully compatible with your project.
C:\Users\ultra\warewolf\Dev\Warewolf.Driver.Serilog.Tests\Warewolf.Driver.Serilog.Tests.csproj : warning NU1701: Package 'TaskSchedulerEditor 2.10.1' was restored using '.NETFramework,Version=v4.6.1, .NETFramework,Version=v4.6.2, .NETFramework,Version=v4.7, .NETFramework,Version=v4.7.1, .NETFramework,Version=v4.7.2, .NETFramework,Version=v4.8, .NETFramework,Version=v4.8.1' instead of the project target framework 'net8.0'. This package may not be fully compatible with your project.
C:\Users\ultra\warewolf\Dev\Warewolf.Parsing.Tests\Warewolf.Parsing.Tests.csproj : warning NU1701: Package 'AeroWizard 2.3.1' was restored using '.NETFramework,Version=v4.6.1, .NETFramework,Version=v4.6.2, .NETFramework,Version=v4.7, .NETFramework,Version=v4.7.1, .NETFramework,Version=v4.7.2, .NETFramework,Version=v4.8, .NETFramework,Version=v4.8.1' instead of the project target framework 'net8.0'. This package may not be fully compatible with your project.
C:\Users\ultra\warewolf\Dev\Warewolf.Parsing.Tests\Warewolf.Parsing.Tests.csproj : warning NU1701: Package 'GroupControls 1.9.0' was restored using '.NETFramework,Version=v4.6.1, .NETFramework,Version=v4.6.2, .NETFramework,Version=v4.7, .NETFramework,Version=v4.7.1, .NETFramework,Version=v4.7.2, .NETFramework,Version=v4.8, .NETFramework,Version=v4.8.1' instead of the project target framework 'net8.0'. This package may not be fully compatible with your project.
C:\Users\ultra\warewolf\Dev\Warewolf.Parsing.Tests\Warewolf.Parsing.Tests.csproj : warning NU1701: Package 'Microsoft.Xaml.Behaviors.Wpf 1.1.122' was restored using '.NETFramework,Version=v4.6.1, .NETFramework,Version=v4.6.2, .NETFramework,Version=v4.7, .NETFramework,Version=v4.7.1, .NETFramework,Version=v4.7.2, .NETFramework,Version=v4.8, .NETFramework,Version=v4.8.1' instead of the project target framework 'net8.0'. This package may not be fully compatible with your project.
C:\Users\ultra\warewolf\Dev\Warewolf.Parsing.Tests\Warewolf.Parsing.Tests.csproj : warning NU1701: Package 'Prism.Wpf 9.0.537' was restored using '.NETFramework,Version=v4.6.1, .NETFramework,Version=v4.6.2, .NETFramework,Version=v4.7, .NETFramework,Version=v4.7.1, .NETFramework,Version=v4.7.2, .NETFramework,Version=v4.8, .NETFramework,Version=v4.8.1' instead of the project target framework 'net8.0'. This package may not be fully compatible with your project.
C:\Users\ultra\warewolf\Dev\Warewolf.Parsing.Tests\Warewolf.Parsing.Tests.csproj : warning NU1701: Package 'ReactiveUI.WPF 18.4.1' was restored using '.NETFramework,Version=v4.6.1, .NETFramework,Version=v4.6.2, .NETFramework,Version=v4.7, .NETFramework,Version=v4.7.1, .NETFramework,Version=v4.7.2, .NETFramework,Version=v4.8, .NETFramework,Version=v4.8.1' instead of the project target framework 'net8.0'. This package may not be fully compatible with your project.
C:\Users\ultra\warewolf\Dev\Warewolf.Parsing.Tests\Warewolf.Parsing.Tests.csproj : warning NU1701: Package 'TaskSchedulerEditor 2.10.1' was restored using '.NETFramework,Version=v4.6.1, .NETFramework,Version=v4.6.2, .NETFramework,Version=v4.7, .NETFramework,Version=v4.7.1, .NETFramework,Version=v4.7.2, .NETFramework,Version=v4.8, .NETFramework,Version=v4.8.1' instead of the project target framework 'net8.0'. This package may not be fully compatible with your project.
C:\Users\ultra\warewolf\Dev\Warewolf.Logger.Tests\Warewolf.Logger.Tests.csproj : warning NU1701: Package 'AeroWizard 2.3.1' was restored using '.NETFramework,Version=v4.6.1, .NETFramework,Version=v4.6.2, .NETFramework,Version=v4.7, .NETFramework,Version=v4.7.1, .NETFramework,Version=v4.7.2, .NETFramework,Version=v4.8, .NETFramework,Version=v4.8.1' instead of the project target framework 'net8.0'. This package may not be fully compatible with your project.
C:\Users\ultra\warewolf\Dev\Warewolf.Logger.Tests\Warewolf.Logger.Tests.csproj : warning NU1701: Package 'GroupControls 1.9.0' was restored using '.NETFramework,Version=v4.6.1, .NETFramework,Version=v4.6.2, .NETFramework,Version=v4.7, .NETFramework,Version=v4.7.1, .NETFramework,Version=v4.7.2, .NETFramework,Version=v4.8, .NETFramework,Version=v4.8.1' instead of the project target framework 'net8.0'. This package may not be fully compatible with your project.
C:\Users\ultra\warewolf\Dev\Warewolf.Logger.Tests\Warewolf.Logger.Tests.csproj : warning NU1701: Package 'Microsoft.Xaml.Behaviors.Wpf 1.1.122' was restored using '.NETFramework,Version=v4.6.1, .NETFramework,Version=v4.6.2, .NETFramework,Version=v4.7, .NETFramework,Version=v4.7.1, .NETFramework,Version=v4.7.2, .NETFramework,Version=v4.8, .NETFramework,Version=v4.8.1' instead of the project target framework 'net8.0'. This package may not be fully compatible with your project.
C:\Users\ultra\warewolf\Dev\Warewolf.Logger.Tests\Warewolf.Logger.Tests.csproj : warning NU1701: Package 'Prism.Wpf 9.0.537' was restored using '.NETFramework,Version=v4.6.1, .NETFramework,Version=v4.6.2, .NETFramework,Version=v4.7, .NETFramework,Version=v4.7.1, .NETFramework,Version=v4.7.2, .NETFramework,Version=v4.8, .NETFramework,Version=v4.8.1' instead of the project target framework 'net8.0'. This package may not be fully compatible with your project.
C:\Users\ultra\warewolf\Dev\Warewolf.Logger.Tests\Warewolf.Logger.Tests.csproj : warning NU1701: Package 'ReactiveUI.WPF 18.4.1' was restored using '.NETFramework,Version=v4.6.1, .NETFramework,Version=v4.6.2, .NETFramework,Version=v4.7, .NETFramework,Version=v4.7.1, .NETFramework,Version=v4.7.2, .NETFramework,Version=v4.8, .NETFramework,Version=v4.8.1' instead of the project target framework 'net8.0'. This package may not be fully compatible with your project.
C:\Users\ultra\warewolf\Dev\Warewolf.Logger.Tests\Warewolf.Logger.Tests.csproj : warning NU1701: Package 'TaskSchedulerEditor 2.10.1' was restored using '.NETFramework,Version=v4.6.1, .NETFramework,Version=v4.6.2, .NETFramework,Version=v4.7, .NETFramework,Version=v4.7.1, .NETFramework,Version=v4.7.2, .NETFramework,Version=v4.8, .NETFramework,Version=v4.8.1' instead of the project target framework 'net8.0'. This package may not be fully compatible with your project.
C:\Users\ultra\warewolf\Dev\Warewolf.QueueWorker.Tests\Warewolf.QueueWorker.Tests.csproj : warning NU1701: Package 'AeroWizard 2.3.1' was restored using '.NETFramework,Version=v4.6.1, .NETFramework,Version=v4.6.2, .NETFramework,Version=v4.7, .NETFramework,Version=v4.7.1, .NETFramework,Version=v4.7.2, .NETFramework,Version=v4.8, .NETFramework,Version=v4.8.1' instead of the project target framework 'net8.0'. This package may not be fully compatible with your project.
C:\Users\ultra\warewolf\Dev\Warewolf.QueueWorker.Tests\Warewolf.QueueWorker.Tests.csproj : warning NU1701: Package 'GroupControls 1.9.0' was restored using '.NETFramework,Version=v4.6.1, .NETFramework,Version=v4.6.2, .NETFramework,Version=v4.7, .NETFramework,Version=v4.7.1, .NETFramework,Version=v4.7.2, .NETFramework,Version=v4.8, .NETFramework,Version=v4.8.1' instead of the project target framework 'net8.0'. This package may not be fully compatible with your project.
C:\Users\ultra\warewolf\Dev\Warewolf.QueueWorker.Tests\Warewolf.QueueWorker.Tests.csproj : warning NU1701: Package 'Microsoft.Xaml.Behaviors.Wpf 1.1.122' was restored using '.NETFramework,Version=v4.6.1, .NETFramework,Version=v4.6.2, .NETFramework,Version=v4.7, .NETFramework,Version=v4.7.1, .NETFramework,Version=v4.7.2, .NETFramework,Version=v4.8, .NETFramework,Version=v4.8.1' instead of the project target framework 'net8.0'. This package may not be fully compatible with your project.
C:\Users\ultra\warewolf\Dev\Warewolf.QueueWorker.Tests\Warewolf.QueueWorker.Tests.csproj : warning NU1701: Package 'Prism.Wpf 9.0.537' was restored using '.NETFramework,Version=v4.6.1, .NETFramework,Version=v4.6.2, .NETFramework,Version=v4.7, .NETFramework,Version=v4.7.1, .NETFramework,Version=v4.7.2, .NETFramework,Version=v4.8, .NETFramework,Version=v4.8.1' instead of the project target framework 'net8.0'. This package may not be fully compatible with your project.
C:\Users\ultra\warewolf\Dev\Warewolf.QueueWorker.Tests\Warewolf.QueueWorker.Tests.csproj : warning NU1701: Package 'ReactiveUI.WPF 18.4.1' was restored using '.NETFramework,Version=v4.6.1, .NETFramework,Version=v4.6.2, .NETFramework,Version=v4.7, .NETFramework,Version=v4.7.1, .NETFramework,Version=v4.7.2, .NETFramework,Version=v4.8, .NETFramework,Version=v4.8.1' instead of the project target framework 'net8.0'. This package may not be fully compatible with your project.
C:\Users\ultra\warewolf\Dev\Warewolf.QueueWorker.Tests\Warewolf.QueueWorker.Tests.csproj : warning NU1701: Package 'TaskSchedulerEditor 2.10.1' was restored using '.NETFramework,Version=v4.6.1, .NETFramework,Version=v4.6.2, .NETFramework,Version=v4.7, .NETFramework,Version=v4.7.1, .NETFramework,Version=v4.7.2, .NETFramework,Version=v4.8, .NETFramework,Version=v4.8.1' instead of the project target framework 'net8.0'. This package may not be fully compatible with your project.
C:\Users\ultra\warewolf\Dev\Warewolf.Common.Framework48\Warewolf.Common.Framework48.csproj : warning NU1902: Package 'System.IdentityModel.Tokens.Jwt' 5.1.0 has a known moderate severity vulnerability, https://github.com/advisories/GHSA-59j7-ghrg-fj52
C:\Users\ultra\warewolf\Dev\Warewolf.Common.Framework48\Warewolf.Common.Framework48.csproj : warning NU1701: Package 'AeroWizard 2.3.1' was restored using '.NETFramework,Version=v4.6.1, .NETFramework,Version=v4.6.2, .NETFramework,Version=v4.7, .NETFramework,Version=v4.7.1, .NETFramework,Version=v4.7.2, .NETFramework,Version=v4.8, .NETFramework,Version=v4.8.1' instead of the project target framework 'net8.0'. This package may not be fully compatible with your project.
C:\Users\ultra\warewolf\Dev\Warewolf.Resource.Tests\Warewolf.Resource.Tests.csproj : warning NU1903: Package 'Microsoft.Windows.Compatibility' 6.0.0 has a known high severity vulnerability, https://github.com/advisories/GHSA-555c-2p6r-68mm
C:\Users\ultra\warewolf\Dev\Warewolf.Common.Framework48\Warewolf.Common.Framework48.csproj : warning NU1701: Package 'GroupControls 1.9.0' was restored using '.NETFramework,Version=v4.6.1, .NETFramework,Version=v4.6.2, .NETFramework,Version=v4.7, .NETFramework,Version=v4.7.1, .NETFramework,Version=v4.7.2, .NETFramework,Version=v4.8, .NETFramework,Version=v4.8.1' instead of the project target framework 'net8.0'. This package may not be fully compatible with your project.
C:\Users\ultra\warewolf\Dev\Warewolf.Common.Framework48\Warewolf.Common.Framework48.csproj : warning NU1701: Package 'Microsoft.Xaml.Behaviors.Wpf 1.1.122' was restored using '.NETFramework,Version=v4.6.1, .NETFramework,Version=v4.6.2, .NETFramework,Version=v4.7, .NETFramework,Version=v4.7.1, .NETFramework,Version=v4.7.2, .NETFramework,Version=v4.8, .NETFramework,Version=v4.8.1' instead of the project target framework 'net8.0'. This package may not be fully compatible with your project.
C:\Users\ultra\warewolf\Dev\Warewolf.Common.Framework48\Warewolf.Common.Framework48.csproj : warning NU1701: Package 'Prism.Wpf 9.0.537' was restored using '.NETFramework,Version=v4.6.1, .NETFramework,Version=v4.6.2, .NETFramework,Version=v4.7, .NETFramework,Version=v4.7.1, .NETFramework,Version=v4.7.2, .NETFramework,Version=v4.8, .NETFramework,Version=v4.8.1' instead of the project target framework 'net8.0'. This package may not be fully compatible with your project.
C:\Users\ultra\warewolf\Dev\Warewolf.Common.Framework48\Warewolf.Common.Framework48.csproj : warning NU1701: Package 'ReactiveUI.WPF 18.4.1' was restored using '.NETFramework,Version=v4.6.1, .NETFramework,Version=v4.6.2, .NETFramework,Version=v4.7, .NETFramework,Version=v4.7.1, .NETFramework,Version=v4.7.2, .NETFramework,Version=v4.8, .NETFramework,Version=v4.8.1' instead of the project target framework 'net8.0'. This package may not be fully compatible with your project.
C:\Users\ultra\warewolf\Dev\Warewolf.Common.Framework48\Warewolf.Common.Framework48.csproj : warning NU1701: Package 'TaskSchedulerEditor 2.10.1' was restored using '.NETFramework,Version=v4.6.1, .NETFramework,Version=v4.6.2, .NETFramework,Version=v4.7, .NETFramework,Version=v4.7.1, .NETFramework,Version=v4.7.2, .NETFramework,Version=v4.8, .NETFramework,Version=v4.8.1' instead of the project target framework 'net8.0'. This package may not be fully compatible with your project.
C:\Users\ultra\warewolf\Dev\Warewolf.ResourceManagement.Tests\Warewolf.ResourceManagement.Tests.csproj : warning NU1701: Package 'AeroWizard 2.3.1' was restored using '.NETFramework,Version=v4.6.1, .NETFramework,Version=v4.6.2, .NETFramework,Version=v4.7, .NETFramework,Version=v4.7.1, .NETFramework,Version=v4.7.2, .NETFramework,Version=v4.8, .NETFramework,Version=v4.8.1' instead of the project target framework 'net8.0'. This package may not be fully compatible with your project.
C:\Users\ultra\warewolf\Dev\Warewolf.ResourceManagement.Tests\Warewolf.ResourceManagement.Tests.csproj : warning NU1701: Package 'GroupControls 1.9.0' was restored using '.NETFramework,Version=v4.6.1, .NETFramework,Version=v4.6.2, .NETFramework,Version=v4.7, .NETFramework,Version=v4.7.1, .NETFramework,Version=v4.7.2, .NETFramework,Version=v4.8, .NETFramework,Version=v4.8.1' instead of the project target framework 'net8.0'. This package may not be fully compatible with your project.
C:\Users\ultra\warewolf\Dev\Warewolf.ResourceManagement.Tests\Warewolf.ResourceManagement.Tests.csproj : warning NU1701: Package 'ReactiveUI.WPF 18.4.1' was restored using '.NETFramework,Version=v4.6.1, .NETFramework,Version=v4.6.2, .NETFramework,Version=v4.7, .NETFramework,Version=v4.7.1, .NETFramework,Version=v4.7.2, .NETFramework,Version=v4.8, .NETFramework,Version=v4.8.1' instead of the project target framework 'net8.0'. This package may not be fully compatible with your project.
C:\Users\ultra\warewolf\Dev\Warewolf.ResourceManagement.Tests\Warewolf.ResourceManagement.Tests.csproj : warning NU1701: Package 'TaskSchedulerEditor 2.10.1' was restored using '.NETFramework,Version=v4.6.1, .NETFramework,Version=v4.6.2, .NETFramework,Version=v4.7, .NETFramework,Version=v4.7.1, .NETFramework,Version=v4.7.2, .NETFramework,Version=v4.8, .NETFramework,Version=v4.8.1' instead of the project target framework 'net8.0'. This package may not be fully compatible with your project.
C:\Users\ultra\warewolf\Dev\Warewolf.Studio.ViewModels\Warewolf.Studio.ViewModels.csproj : warning NU1701: Package 'AeroWizard 2.3.1' was restored using '.NETFramework,Version=v4.6.1, .NETFramework,Version=v4.6.2, .NETFramework,Version=v4.7, .NETFramework,Version=v4.7.1, .NETFramework,Version=v4.7.2, .NETFramework,Version=v4.8, .NETFramework,Version=v4.8.1' instead of the project target framework 'net8.0'. This package may not be fully compatible with your project.
C:\Users\ultra\warewolf\Dev\Warewolf.Studio.ViewModels\Warewolf.Studio.ViewModels.csproj : warning NU1701: Package 'GroupControls 1.9.0' was restored using '.NETFramework,Version=v4.6.1, .NETFramework,Version=v4.6.2, .NETFramework,Version=v4.7, .NETFramework,Version=v4.7.1, .NETFramework,Version=v4.7.2, .NETFramework,Version=v4.8, .NETFramework,Version=v4.8.1' instead of the project target framework 'net8.0'. This package may not be fully compatible with your project.
C:\Users\ultra\warewolf\Dev\Warewolf.Studio.ViewModels\Warewolf.Studio.ViewModels.csproj : warning NU1701: Package 'Microsoft.Xaml.Behaviors.Wpf 1.1.122' was restored using '.NETFramework,Version=v4.6.1, .NETFramework,Version=v4.6.2, .NETFramework,Version=v4.7, .NETFramework,Version=v4.7.1, .NETFramework,Version=v4.7.2, .NETFramework,Version=v4.8, .NETFramework,Version=v4.8.1' instead of the project target framework 'net8.0'. This package may not be fully compatible with your project.
C:\Users\ultra\warewolf\Dev\Warewolf.Studio.ViewModels\Warewolf.Studio.ViewModels.csproj : warning NU1701: Package 'Prism.Wpf 9.0.537' was restored using '.NETFramework,Version=v4.6.1, .NETFramework,Version=v4.6.2, .NETFramework,Version=v4.7, .NETFramework,Version=v4.7.1, .NETFramework,Version=v4.7.2, .NETFramework,Version=v4.8, .NETFramework,Version=v4.8.1' instead of the project target framework 'net8.0'. This package may not be fully compatible with your project.
C:\Users\ultra\warewolf\Dev\Warewolf.Studio.ViewModels\Warewolf.Studio.ViewModels.csproj : warning NU1701: Package 'ReactiveUI.WPF 18.4.1' was restored using '.NETFramework,Version=v4.6.1, .NETFramework,Version=v4.6.2, .NETFramework,Version=v4.7, .NETFramework,Version=v4.7.1, .NETFramework,Version=v4.7.2, .NETFramework,Version=v4.8, .NETFramework,Version=v4.8.1' instead of the project target framework 'net8.0'. This package may not be fully compatible with your project.
C:\Users\ultra\warewolf\Dev\Warewolf.Studio.ViewModels\Warewolf.Studio.ViewModels.csproj : warning NU1701: Package 'TaskSchedulerEditor 2.10.1' was restored using '.NETFramework,Version=v4.6.1, .NETFramework,Version=v4.6.2, .NETFramework,Version=v4.7, .NETFramework,Version=v4.7.1, .NETFramework,Version=v4.7.2, .NETFramework,Version=v4.8, .NETFramework,Version=v4.8.1' instead of the project target framework 'net8.0'. This package may not be fully compatible with your project.
C:\Users\ultra\warewolf\Dev\Warewolf.Studio.AntiCorruptionLayer\Warewolf.Studio.AntiCorruptionLayer.csproj : warning NU1701: Package 'AeroWizard 2.3.1' was restored using '.NETFramework,Version=v4.6.1, .NETFramework,Version=v4.6.2, .NETFramework,Version=v4.7, .NETFramework,Version=v4.7.1, .NETFramework,Version=v4.7.2, .NETFramework,Version=v4.8, .NETFramework,Version=v4.8.1' instead of the project target framework 'net8.0'. This package may not be fully compatible with your project.
C:\Users\ultra\warewolf\Dev\Warewolf.Studio.AntiCorruptionLayer\Warewolf.Studio.AntiCorruptionLayer.csproj : warning NU1701: Package 'GroupControls 1.9.0' was restored using '.NETFramework,Version=v4.6.1, .NETFramework,Version=v4.6.2, .NETFramework,Version=v4.7, .NETFramework,Version=v4.7.1, .NETFramework,Version=v4.7.2, .NETFramework,Version=v4.8, .NETFramework,Version=v4.8.1' instead of the project target framework 'net8.0'. This package may not be fully compatible with your project.
C:\Users\ultra\warewolf\Dev\Warewolf.Studio.AntiCorruptionLayer\Warewolf.Studio.AntiCorruptionLayer.csproj : warning NU1701: Package 'Microsoft.Xaml.Behaviors.Wpf 1.1.122' was restored using '.NETFramework,Version=v4.6.1, .NETFramework,Version=v4.6.2, .NETFramework,Version=v4.7, .NETFramework,Version=v4.7.1, .NETFramework,Version=v4.7.2, .NETFramework,Version=v4.8, .NETFramework,Version=v4.8.1' instead of the project target framework 'net8.0'. This package may not be fully compatible with your project.
C:\Users\ultra\warewolf\Dev\Warewolf.Studio.AntiCorruptionLayer\Warewolf.Studio.AntiCorruptionLayer.csproj : warning NU1701: Package 'Prism.Wpf 9.0.537' was restored using '.NETFramework,Version=v4.6.1, .NETFramework,Version=v4.6.2, .NETFramework,Version=v4.7, .NETFramework,Version=v4.7.1, .NETFramework,Version=v4.7.2, .NETFramework,Version=v4.8, .NETFramework,Version=v4.8.1' instead of the project target framework 'net8.0'. This package may not be fully compatible with your project.
C:\Users\ultra\warewolf\Dev\Warewolf.Studio.AntiCorruptionLayer\Warewolf.Studio.AntiCorruptionLayer.csproj : warning NU1701: Package 'ReactiveUI.WPF 18.4.1' was restored using '.NETFramework,Version=v4.6.1, .NETFramework,Version=v4.6.2, .NETFramework,Version=v4.7, .NETFramework,Version=v4.7.1, .NETFramework,Version=v4.7.2, .NETFramework,Version=v4.8, .NETFramework,Version=v4.8.1' instead of the project target framework 'net8.0'. This package may not be fully compatible with your project.
C:\Users\ultra\warewolf\Dev\Warewolf.Studio.AntiCorruptionLayer\Warewolf.Studio.AntiCorruptionLayer.csproj : warning NU1701: Package 'TaskSchedulerEditor 2.10.1' was restored using '.NETFramework,Version=v4.6.1, .NETFramework,Version=v4.6.2, .NETFramework,Version=v4.7, .NETFramework,Version=v4.7.1, .NETFramework,Version=v4.7.2, .NETFramework,Version=v4.8, .NETFramework,Version=v4.8.1' instead of the project target framework 'net8.0'. This package may not be fully compatible with your project.
C:\Users\ultra\warewolf\Dev\Warewolf.Trigger.Queue.Tests\Warewolf.Trigger.Queue.Tests.csproj : warning NU1701: Package 'AeroWizard 2.3.1' was restored using '.NETFramework,Version=v4.6.1, .NETFramework,Version=v4.6.2, .NETFramework,Version=v4.7, .NETFramework,Version=v4.7.1, .NETFramework,Version=v4.7.2, .NETFramework,Version=v4.8, .NETFramework,Version=v4.8.1' instead of the project target framework 'net8.0'. This package may not be fully compatible with your project.
C:\Users\ultra\warewolf\Dev\Warewolf.Trigger.Queue.Tests\Warewolf.Trigger.Queue.Tests.csproj : warning NU1701: Package 'AvalonEdit 6.3.0.90' was restored using '.NETFramework,Version=v4.6.1, .NETFramework,Version=v4.6.2, .NETFramework,Version=v4.7, .NETFramework,Version=v4.7.1, .NETFramework,Version=v4.7.2, .NETFramework,Version=v4.8, .NETFramework,Version=v4.8.1' instead of the project target framework 'net8.0'. This package may not be fully compatible with your project.
C:\Users\ultra\warewolf\Dev\Warewolf.Trigger.Queue.Tests\Warewolf.Trigger.Queue.Tests.csproj : warning NU1701: Package 'CommonServiceLocator 1.2.0' was restored using '.NETFramework,Version=v4.6.1, .NETFramework,Version=v4.6.2, .NETFramework,Version=v4.7, .NETFramework,Version=v4.7.1, .NETFramework,Version=v4.7.2, .NETFramework,Version=v4.8, .NETFramework,Version=v4.8.1' instead of the project target framework 'net8.0'. This package may not be fully compatible with your project.
C:\Users\ultra\warewolf\Dev\Warewolf.Trigger.Queue.Tests\Warewolf.Trigger.Queue.Tests.csproj : warning NU1701: Package 'FontAwesome.WPF 4.7.0.9' was restored using '.NETFramework,Version=v4.6.1, .NETFramework,Version=v4.6.2, .NETFramework,Version=v4.7, .NETFramework,Version=v4.7.1, .NETFramework,Version=v4.7.2, .NETFramework,Version=v4.8, .NETFramework,Version=v4.8.1' instead of the project target framework 'net8.0'. This package may not be fully compatible with your project.
C:\Users\ultra\warewolf\Dev\Warewolf.Trigger.Queue.Tests\Warewolf.Trigger.Queue.Tests.csproj : warning NU1701: Package 'GroupControls 1.9.0' was restored using '.NETFramework,Version=v4.6.1, .NETFramework,Version=v4.6.2, .NETFramework,Version=v4.7, .NETFramework,Version=v4.7.1, .NETFramework,Version=v4.7.2, .NETFramework,Version=v4.8, .NETFramework,Version=v4.8.1' instead of the project target framework 'net8.0'. This package may not be fully compatible with your project.
C:\Users\ultra\warewolf\Dev\Warewolf.Trigger.Queue.Tests\Warewolf.Trigger.Queue.Tests.csproj : warning NU1701: Package 'Log4Net.Async 2.0.4' was restored using '.NETFramework,Version=v4.6.1, .NETFramework,Version=v4.6.2, .NETFramework,Version=v4.7, .NETFramework,Version=v4.7.1, .NETFramework,Version=v4.7.2, .NETFramework,Version=v4.8, .NETFramework,Version=v4.8.1' instead of the project target framework 'net8.0'. This package may not be fully compatible with your project.
C:\Users\ultra\warewolf\Dev\Warewolf.Trigger.Queue.Tests\Warewolf.Trigger.Queue.Tests.csproj : warning NU1701: Package 'Microsoft.Xaml.Behaviors.Wpf 1.1.122' was restored using '.NETFramework,Version=v4.6.1, .NETFramework,Version=v4.6.2, .NETFramework,Version=v4.7, .NETFramework,Version=v4.7.1, .NETFramework,Version=v4.7.2, .NETFramework,Version=v4.8, .NETFramework,Version=v4.8.1' instead of the project target framework 'net8.0'. This package may not be fully compatible with your project.
C:\Users\ultra\warewolf\Dev\Warewolf.Trigger.Queue.Tests\Warewolf.Trigger.Queue.Tests.csproj : warning NU1701: Package 'Prism.Composition 5.0.0' was restored using '.NETFramework,Version=v4.6.1, .NETFramework,Version=v4.6.2, .NETFramework,Version=v4.7, .NETFramework,Version=v4.7.1, .NETFramework,Version=v4.7.2, .NETFramework,Version=v4.8, .NETFramework,Version=v4.8.1' instead of the project target framework 'net8.0'. This package may not be fully compatible with your project.
C:\Users\ultra\warewolf\Dev\Warewolf.Trigger.Queue.Tests\Warewolf.Trigger.Queue.Tests.csproj : warning NU1701: Package 'Prism.Interactivity 5.0.0' was restored using '.NETFramework,Version=v4.6.1, .NETFramework,Version=v4.6.2, .NETFramework,Version=v4.7, .NETFramework,Version=v4.7.1, .NETFramework,Version=v4.7.2, .NETFramework,Version=v4.8, .NETFramework,Version=v4.8.1' instead of the project target framework 'net8.0'. This package may not be fully compatible with your project.
C:\Users\ultra\warewolf\Dev\Warewolf.Trigger.Queue.Tests\Warewolf.Trigger.Queue.Tests.csproj : warning NU1701: Package 'Prism.Mvvm 1.0.0' was restored using '.NETFramework,Version=v4.6.1, .NETFramework,Version=v4.6.2, .NETFramework,Version=v4.7, .NETFramework,Version=v4.7.1, .NETFramework,Version=v4.7.2, .NETFramework,Version=v4.8, .NETFramework,Version=v4.8.1' instead of the project target framework 'net8.0'. This package may not be fully compatible with your project.
C:\Users\ultra\warewolf\Dev\Warewolf.Trigger.Queue.Tests\Warewolf.Trigger.Queue.Tests.csproj : warning NU1701: Package 'Prism.PubSubEvents 1.0.0' was restored using '.NETFramework,Version=v4.6.1, .NETFramework,Version=v4.6.2, .NETFramework,Version=v4.7, .NETFramework,Version=v4.7.1, .NETFramework,Version=v4.7.2, .NETFramework,Version=v4.8, .NETFramework,Version=v4.8.1' instead of the project target framework 'net8.0'. This package may not be fully compatible with your project.
C:\Users\ultra\warewolf\Dev\Warewolf.Trigger.Queue.Tests\Warewolf.Trigger.Queue.Tests.csproj : warning NU1701: Package 'Prism.UnityExtensions 5.0.1' was restored using '.NETFramework,Version=v4.6.1, .NETFramework,Version=v4.6.2, .NETFramework,Version=v4.7, .NETFramework,Version=v4.7.1, .NETFramework,Version=v4.7.2, .NETFramework,Version=v4.8, .NETFramework,Version=v4.8.1' instead of the project target framework 'net8.0'. This package may not be fully compatible with your project.
C:\Users\ultra\warewolf\Dev\Warewolf.Trigger.Queue.Tests\Warewolf.Trigger.Queue.Tests.csproj : warning NU1701: Package 'Prism.Wpf 9.0.537' was restored using '.NETFramework,Version=v4.6.1, .NETFramework,Version=v4.6.2, .NETFramework,Version=v4.7, .NETFramework,Version=v4.7.1, .NETFramework,Version=v4.7.2, .NETFramework,Version=v4.8, .NETFramework,Version=v4.8.1' instead of the project target framework 'net8.0'. This package may not be fully compatible with your project.
C:\Users\ultra\warewolf\Dev\Warewolf.Trigger.Queue.Tests\Warewolf.Trigger.Queue.Tests.csproj : warning NU1701: Package 'ReactiveUI.WPF 18.4.1' was restored using '.NETFramework,Version=v4.6.1, .NETFramework,Version=v4.6.2, .NETFramework,Version=v4.7, .NETFramework,Version=v4.7.1, .NETFramework,Version=v4.7.2, .NETFramework,Version=v4.8, .NETFramework,Version=v4.8.1' instead of the project target framework 'net8.0'. This package may not be fully compatible with your project.
C:\Users\ultra\warewolf\Dev\Warewolf.Trigger.Queue.Tests\Warewolf.Trigger.Queue.Tests.csproj : warning NU1701: Package 'TaskSchedulerEditor 2.10.1' was restored using '.NETFramework,Version=v4.6.1, .NETFramework,Version=v4.6.2, .NETFramework,Version=v4.7, .NETFramework,Version=v4.7.1, .NETFramework,Version=v4.7.2, .NETFramework,Version=v4.8, .NETFramework,Version=v4.8.1' instead of the project target framework 'net8.0'. This package may not be fully compatible with your project.
C:\Users\ultra\warewolf\Dev\Warewolf.Trigger.Queue.Tests\Warewolf.Trigger.Queue.Tests.csproj : warning NU1701: Package 'Unofficial.Microsoft.mshtml 7.0.3300' was restored using '.NETFramework,Version=v4.6.1, .NETFramework,Version=v4.6.2, .NETFramework,Version=v4.7, .NETFramework,Version=v4.7.1, .NETFramework,Version=v4.7.2, .NETFramework,Version=v4.8, .NETFramework,Version=v4.8.1' instead of the project target framework 'net8.0'. This package may not be fully compatible with your project.
  SpecFlowFeatureFiles: 
  -> Using default config
  SpecFlowGeneratedFiles: 
C:\Program Files\dotnet\sdk\10.0.201\Sdks\Microsoft.NET.Sdk\targets\Microsoft.NET.Sdk.DefaultItems.targets(162,5): warning NETSDK1137: It is no longer necessary to use the Microsoft.NET.Sdk.WindowsDesktop SDK. Consider changing the Sdk attribute of the root Project element to 'Microsoft.NET.Sdk'. [C:\Users\ultra\warewolf\Dev\Warewolf.Studio.Views\Warewolf.Studio.Views.csproj]
C:\Program Files\dotnet\sdk\10.0.201\Sdks\Microsoft.NET.Sdk.WindowsDesktop\targets\Microsoft.NET.Sdk.WindowsDesktop.targets(138,5): warning NETSDK1106: Microsoft.NET.Sdk.WindowsDesktop requires 'UseWpf' or 'UseWindowsForms' to be set to 'true' [C:\Users\ultra\warewolf\Dev\Warewolf.Studio.Views\Warewolf.Studio.Views.csproj]
C:\Users\ultra\warewolf\Dev\Warewolf.Studio.Views\Warewolf.Studio.Views.csproj : warning NU1701: Package 'AeroWizard 2.3.1' was restored using '.NETFramework,Version=v4.6.1, .NETFramework,Version=v4.6.2, .NETFramework,Version=v4.7, .NETFramework,Version=v4.7.1, .NETFramework,Version=v4.7.2, .NETFramework,Version=v4.8, .NETFramework,Version=v4.8.1' instead of the project target framework 'net8.0'. This package may not be fully compatible with your project.
C:\Users\ultra\warewolf\Dev\Warewolf.Studio.Views\Warewolf.Studio.Views.csproj : warning NU1701: Package 'GroupControls 1.9.0' was restored using '.NETFramework,Version=v4.6.1, .NETFramework,Version=v4.6.2, .NETFramework,Version=v4.7, .NETFramework,Version=v4.7.1, .NETFramework,Version=v4.7.2, .NETFramework,Version=v4.8, .NETFramework,Version=v4.8.1' instead of the project target framework 'net8.0'. This package may not be fully compatible with your project.
C:\Users\ultra\warewolf\Dev\Warewolf.Studio.Views\Warewolf.Studio.Views.csproj : warning NU1701: Package 'Microsoft.Xaml.Behaviors.Wpf 1.1.122' was restored using '.NETFramework,Version=v4.6.1, .NETFramework,Version=v4.6.2, .NETFramework,Version=v4.7, .NETFramework,Version=v4.7.1, .NETFramework,Version=v4.7.2, .NETFramework,Version=v4.8, .NETFramework,Version=v4.8.1' instead of the project target framework 'net8.0'. This package may not be fully compatible with your project.
C:\Users\ultra\warewolf\Dev\Warewolf.Studio.Views\Warewolf.Studio.Views.csproj : warning NU1701: Package 'Prism.Wpf 9.0.537' was restored using '.NETFramework,Version=v4.6.1, .NETFramework,Version=v4.6.2, .NETFramework,Version=v4.7, .NETFramework,Version=v4.7.1, .NETFramework,Version=v4.7.2, .NETFramework,Version=v4.8, .NETFramework,Version=v4.8.1' instead of the project target framework 'net8.0'. This package may not be fully compatible with your project.
C:\Users\ultra\warewolf\Dev\Warewolf.Studio.Views\Warewolf.Studio.Views.csproj : warning NU1701: Package 'ReactiveUI.WPF 18.4.1' was restored using '.NETFramework,Version=v4.6.1, .NETFramework,Version=v4.6.2, .NETFramework,Version=v4.7, .NETFramework,Version=v4.7.1, .NETFramework,Version=v4.7.2, .NETFramework,Version=v4.8, .NETFramework,Version=v4.8.1' instead of the project target framework 'net8.0'. This package may not be fully compatible with your project.
C:\Users\ultra\warewolf\Dev\Warewolf.Studio.Views\Warewolf.Studio.Views.csproj : warning NU1701: Package 'TaskSchedulerEditor 2.10.1' was restored using '.NETFramework,Version=v4.6.1, .NETFramework,Version=v4.6.2, .NETFramework,Version=v4.7, .NETFramework,Version=v4.7.1, .NETFramework,Version=v4.7.2, .NETFramework,Version=v4.8, .NETFramework,Version=v4.8.1' instead of the project target framework 'net8.0'. This package may not be fully compatible with your project.
C:\Users\ultra\warewolf\Dev\Warewolf.Studio.Views\Warewolf.Studio.Views.csproj : warning NU1701: Package 'Unofficial.Microsoft.mshtml 7.0.3300' was restored using '.NETFramework,Version=v4.6.1, .NETFramework,Version=v4.6.2, .NETFramework,Version=v4.7, .NETFramework,Version=v4.7.1, .NETFramework,Version=v4.7.2, .NETFramework,Version=v4.8, .NETFramework,Version=v4.8.1' instead of the project target framework 'net8.0'. This package may not be fully compatible with your project.
C:\Users\ultra\warewolf\Dev\Warewolf.Storage.Tests\Warewolf.Storage.Tests.csproj : warning NU1701: Package 'AeroWizard 2.3.1' was restored using '.NETFramework,Version=v4.6.1, .NETFramework,Version=v4.6.2, .NETFramework,Version=v4.7, .NETFramework,Version=v4.7.1, .NETFramework,Version=v4.7.2, .NETFramework,Version=v4.8, .NETFramework,Version=v4.8.1' instead of the project target framework 'net8.0'. This package may not be fully compatible with your project.
C:\Users\ultra\warewolf\Dev\Warewolf.Storage.Tests\Warewolf.Storage.Tests.csproj : warning NU1701: Package 'GroupControls 1.9.0' was restored using '.NETFramework,Version=v4.6.1, .NETFramework,Version=v4.6.2, .NETFramework,Version=v4.7, .NETFramework,Version=v4.7.1, .NETFramework,Version=v4.7.2, .NETFramework,Version=v4.8, .NETFramework,Version=v4.8.1' instead of the project target framework 'net8.0'. This package may not be fully compatible with your project.
C:\Users\ultra\warewolf\Dev\Warewolf.Storage.Tests\Warewolf.Storage.Tests.csproj : warning NU1701: Package 'Microsoft.Xaml.Behaviors.Wpf 1.1.122' was restored using '.NETFramework,Version=v4.6.1, .NETFramework,Version=v4.6.2, .NETFramework,Version=v4.7, .NETFramework,Version=v4.7.1, .NETFramework,Version=v4.7.2, .NETFramework,Version=v4.8, .NETFramework,Version=v4.8.1' instead of the project target framework 'net8.0'. This package may not be fully compatible with your project.
C:\Users\ultra\warewolf\Dev\Warewolf.Storage.Tests\Warewolf.Storage.Tests.csproj : warning NU1701: Package 'Prism.Wpf 9.0.537' was restored using '.NETFramework,Version=v4.6.1, .NETFramework,Version=v4.6.2, .NETFramework,Version=v4.7, .NETFramework,Version=v4.7.1, .NETFramework,Version=v4.7.2, .NETFramework,Version=v4.8, .NETFramework,Version=v4.8.1' instead of the project target framework 'net8.0'. This package may not be fully compatible with your project.
C:\Users\ultra\warewolf\Dev\Warewolf.Storage.Tests\Warewolf.Storage.Tests.csproj : warning NU1701: Package 'ReactiveUI.WPF 18.4.1' was restored using '.NETFramework,Version=v4.6.1, .NETFramework,Version=v4.6.2, .NETFramework,Version=v4.7, .NETFramework,Version=v4.7.1, .NETFramework,Version=v4.7.2, .NETFramework,Version=v4.8, .NETFramework,Version=v4.8.1' instead of the project target framework 'net8.0'. This package may not be fully compatible with your project.
C:\Users\ultra\warewolf\Dev\Warewolf.Storage.Tests\Warewolf.Storage.Tests.csproj : warning NU1701: Package 'TaskSchedulerEditor 2.10.1' was restored using '.NETFramework,Version=v4.6.1, .NETFramework,Version=v4.6.2, .NETFramework,Version=v4.7, .NETFramework,Version=v4.7.1, .NETFramework,Version=v4.7.2, .NETFramework,Version=v4.8, .NETFramework,Version=v4.8.1' instead of the project target framework 'net8.0'. This package may not be fully compatible with your project.
C:\Program Files\dotnet\sdk\10.0.201\Sdks\Microsoft.NET.Sdk\targets\Microsoft.NET.Sdk.DefaultItems.targets(162,5): warning NETSDK1137: It is no longer necessary to use the Microsoft.NET.Sdk.WindowsDesktop SDK. Consider changing the Sdk attribute of the root Project element to 'Microsoft.NET.Sdk'. [C:\Users\ultra\warewolf\Dev\Warewolf.Studio.CustomControls\Warewolf.Studio.CustomControls.csproj]
C:\Program Files\dotnet\sdk\10.0.201\Sdks\Microsoft.NET.Sdk.WindowsDesktop\targets\Microsoft.NET.Sdk.WindowsDesktop.targets(138,5): warning NETSDK1106: Microsoft.NET.Sdk.WindowsDesktop requires 'UseWpf' or 'UseWindowsForms' to be set to 'true' [C:\Users\ultra\warewolf\Dev\Warewolf.Studio.CustomControls\Warewolf.Studio.CustomControls.csproj]
C:\Users\ultra\warewolf\Dev\Dev2.IntegrationTests\Dev2.Integration.Tests.csproj : warning NU1701: Package 'AeroWizard 2.3.1' was restored using '.NETFramework,Version=v4.6.1, .NETFramework,Version=v4.6.2, .NETFramework,Version=v4.7, .NETFramework,Version=v4.7.1, .NETFramework,Version=v4.7.2, .NETFramework,Version=v4.8, .NETFramework,Version=v4.8.1' instead of the project target framework 'net8.0'. This package may not be fully compatible with your project.
C:\Users\ultra\warewolf\Dev\Dev2.IntegrationTests\Dev2.Integration.Tests.csproj : warning NU1701: Package 'AvalonEdit 6.3.0.90' was restored using '.NETFramework,Version=v4.6.1, .NETFramework,Version=v4.6.2, .NETFramework,Version=v4.7, .NETFramework,Version=v4.7.1, .NETFramework,Version=v4.7.2, .NETFramework,Version=v4.8, .NETFramework,Version=v4.8.1' instead of the project target framework 'net8.0'. This package may not be fully compatible with your project.
C:\Users\ultra\warewolf\Dev\Dev2.IntegrationTests\Dev2.Integration.Tests.csproj : warning NU1701: Package 'CommonServiceLocator 1.2.0' was restored using '.NETFramework,Version=v4.6.1, .NETFramework,Version=v4.6.2, .NETFramework,Version=v4.7, .NETFramework,Version=v4.7.1, .NETFramework,Version=v4.7.2, .NETFramework,Version=v4.8, .NETFramework,Version=v4.8.1' instead of the project target framework 'net8.0'. This package may not be fully compatible with your project.
C:\Users\ultra\warewolf\Dev\Dev2.IntegrationTests\Dev2.Integration.Tests.csproj : warning NU1701: Package 'FontAwesome.WPF 4.7.0.9' was restored using '.NETFramework,Version=v4.6.1, .NETFramework,Version=v4.6.2, .NETFramework,Version=v4.7, .NETFramework,Version=v4.7.1, .NETFramework,Version=v4.7.2, .NETFramework,Version=v4.8, .NETFramework,Version=v4.8.1' instead of the project target framework 'net8.0'. This package may not be fully compatible with your project.
C:\Users\ultra\warewolf\Dev\Dev2.IntegrationTests\Dev2.Integration.Tests.csproj : warning NU1701: Package 'GroupControls 1.9.0' was restored using '.NETFramework,Version=v4.6.1, .NETFramework,Version=v4.6.2, .NETFramework,Version=v4.7, .NETFramework,Version=v4.7.1, .NETFramework,Version=v4.7.2, .NETFramework,Version=v4.8, .NETFramework,Version=v4.8.1' instead of the project target framework 'net8.0'. This package may not be fully compatible with your project.
C:\Users\ultra\warewolf\Dev\Dev2.IntegrationTests\Dev2.Integration.Tests.csproj : warning NU1701: Package 'Log4Net.Async 2.0.4' was restored using '.NETFramework,Version=v4.6.1, .NETFramework,Version=v4.6.2, .NETFramework,Version=v4.7, .NETFramework,Version=v4.7.1, .NETFramework,Version=v4.7.2, .NETFramework,Version=v4.8, .NETFramework,Version=v4.8.1' instead of the project target framework 'net8.0'. This package may not be fully compatible with your project.
C:\Users\ultra\warewolf\Dev\Dev2.IntegrationTests\Dev2.Integration.Tests.csproj : warning NU1701: Package 'Microsoft.Xaml.Behaviors.Wpf 1.1.122' was restored using '.NETFramework,Version=v4.6.1, .NETFramework,Version=v4.6.2, .NETFramework,Version=v4.7, .NETFramework,Version=v4.7.1, .NETFramework,Version=v4.7.2, .NETFramework,Version=v4.8, .NETFramework,Version=v4.8.1' instead of the project target framework 'net8.0'. This package may not be fully compatible with your project.
C:\Users\ultra\warewolf\Dev\Dev2.IntegrationTests\Dev2.Integration.Tests.csproj : warning NU1701: Package 'Prism.Composition 5.0.0' was restored using '.NETFramework,Version=v4.6.1, .NETFramework,Version=v4.6.2, .NETFramework,Version=v4.7, .NETFramework,Version=v4.7.1, .NETFramework,Version=v4.7.2, .NETFramework,Version=v4.8, .NETFramework,Version=v4.8.1' instead of the project target framework 'net8.0'. This package may not be fully compatible with your project.
C:\Users\ultra\warewolf\Dev\Dev2.IntegrationTests\Dev2.Integration.Tests.csproj : warning NU1701: Package 'Prism.Interactivity 5.0.0' was restored using '.NETFramework,Version=v4.6.1, .NETFramework,Version=v4.6.2, .NETFramework,Version=v4.7, .NETFramework,Version=v4.7.1, .NETFramework,Version=v4.7.2, .NETFramework,Version=v4.8, .NETFramework,Version=v4.8.1' instead of the project target framework 'net8.0'. This package may not be fully compatible with your project.
C:\Users\ultra\warewolf\Dev\Dev2.IntegrationTests\Dev2.Integration.Tests.csproj : warning NU1701: Package 'Prism.Mvvm 1.0.0' was restored using '.NETFramework,Version=v4.6.1, .NETFramework,Version=v4.6.2, .NETFramework,Version=v4.7, .NETFramework,Version=v4.7.1, .NETFramework,Version=v4.7.2, .NETFramework,Version=v4.8, .NETFramework,Version=v4.8.1' instead of the project target framework 'net8.0'. This package may not be fully compatible with your project.
C:\Users\ultra\warewolf\Dev\Dev2.IntegrationTests\Dev2.Integration.Tests.csproj : warning NU1701: Package 'Prism.PubSubEvents 1.0.0' was restored using '.NETFramework,Version=v4.6.1, .NETFramework,Version=v4.6.2, .NETFramework,Version=v4.7, .NETFramework,Version=v4.7.1, .NETFramework,Version=v4.7.2, .NETFramework,Version=v4.8, .NETFramework,Version=v4.8.1' instead of the project target framework 'net8.0'. This package may not be fully compatible with your project.
C:\Users\ultra\warewolf\Dev\Dev2.IntegrationTests\Dev2.Integration.Tests.csproj : warning NU1701: Package 'Prism.UnityExtensions 5.0.1' was restored using '.NETFramework,Version=v4.6.1, .NETFramework,Version=v4.6.2, .NETFramework,Version=v4.7, .NETFramework,Version=v4.7.1, .NETFramework,Version=v4.7.2, .NETFramework,Version=v4.8, .NETFramework,Version=v4.8.1' instead of the project target framework 'net8.0'. This package may not be fully compatible with your project.
C:\Users\ultra\warewolf\Dev\Dev2.IntegrationTests\Dev2.Integration.Tests.csproj : warning NU1701: Package 'Prism.Wpf 9.0.537' was restored using '.NETFramework,Version=v4.6.1, .NETFramework,Version=v4.6.2, .NETFramework,Version=v4.7, .NETFramework,Version=v4.7.1, .NETFramework,Version=v4.7.2, .NETFramework,Version=v4.8, .NETFramework,Version=v4.8.1' instead of the project target framework 'net8.0'. This package may not be fully compatible with your project.
C:\Users\ultra\warewolf\Dev\Dev2.IntegrationTests\Dev2.Integration.Tests.csproj : warning NU1701: Package 'ReactiveUI.WPF 18.4.1' was restored using '.NETFramework,Version=v4.6.1, .NETFramework,Version=v4.6.2, .NETFramework,Version=v4.7, .NETFramework,Version=v4.7.1, .NETFramework,Version=v4.7.2, .NETFramework,Version=v4.8, .NETFramework,Version=v4.8.1' instead of the project target framework 'net8.0'. This package may not be fully compatible with your project.
C:\Users\ultra\warewolf\Dev\Dev2.IntegrationTests\Dev2.Integration.Tests.csproj : warning NU1701: Package 'TaskSchedulerEditor 2.10.1' was restored using '.NETFramework,Version=v4.6.1, .NETFramework,Version=v4.6.2, .NETFramework,Version=v4.7, .NETFramework,Version=v4.7.1, .NETFramework,Version=v4.7.2, .NETFramework,Version=v4.8, .NETFramework,Version=v4.8.1' instead of the project target framework 'net8.0'. This package may not be fully compatible with your project.
C:\Users\ultra\warewolf\Dev\Dev2.IntegrationTests\Dev2.Integration.Tests.csproj : warning NU1701: Package 'Unofficial.Microsoft.mshtml 7.0.3300' was restored using '.NETFramework,Version=v4.6.1, .NETFramework,Version=v4.6.2, .NETFramework,Version=v4.7, .NETFramework,Version=v4.7.1, .NETFramework,Version=v4.7.2, .NETFramework,Version=v4.8, .NETFramework,Version=v4.8.1' instead of the project target framework 'net8.0'. This package may not be fully compatible with your project.
C:\Users\ultra\warewolf\Dev\Warewolf.Studio.CustomControls\Warewolf.Studio.CustomControls.csproj : warning NU1701: Package 'AeroWizard 2.3.1' was restored using '.NETFramework,Version=v4.6.1, .NETFramework,Version=v4.6.2, .NETFramework,Version=v4.7, .NETFramework,Version=v4.7.1, .NETFramework,Version=v4.7.2, .NETFramework,Version=v4.8, .NETFramework,Version=v4.8.1' instead of the project target framework 'net8.0'. This package may not be fully compatible with your project.
C:\Users\ultra\warewolf\Dev\Warewolf.Studio.CustomControls\Warewolf.Studio.CustomControls.csproj : warning NU1701: Package 'GroupControls 1.9.0' was restored using '.NETFramework,Version=v4.6.1, .NETFramework,Version=v4.6.2, .NETFramework,Version=v4.7, .NETFramework,Version=v4.7.1, .NETFramework,Version=v4.7.2, .NETFramework,Version=v4.8, .NETFramework,Version=v4.8.1' instead of the project target framework 'net8.0'. This package may not be fully compatible with your project.
C:\Users\ultra\warewolf\Dev\Warewolf.Studio.CustomControls\Warewolf.Studio.CustomControls.csproj : warning NU1701: Package 'Microsoft.Xaml.Behaviors.Wpf 1.1.122' was restored using '.NETFramework,Version=v4.6.1, .NETFramework,Version=v4.6.2, .NETFramework,Version=v4.7, .NETFramework,Version=v4.7.1, .NETFramework,Version=v4.7.2, .NETFramework,Version=v4.8, .NETFramework,Version=v4.8.1' instead of the project target framework 'net8.0'. This package may not be fully compatible with your project.
C:\Users\ultra\warewolf\Dev\Warewolf.Studio.CustomControls\Warewolf.Studio.CustomControls.csproj : warning NU1701: Package 'Prism.Wpf 9.0.537' was restored using '.NETFramework,Version=v4.6.1, .NETFramework,Version=v4.6.2, .NETFramework,Version=v4.7, .NETFramework,Version=v4.7.1, .NETFramework,Version=v4.7.2, .NETFramework,Version=v4.8, .NETFramework,Version=v4.8.1' instead of the project target framework 'net8.0'. This package may not be fully compatible with your project.
C:\Users\ultra\warewolf\Dev\Warewolf.Studio.CustomControls\Warewolf.Studio.CustomControls.csproj : warning NU1701: Package 'ReactiveUI.WPF 18.4.1' was restored using '.NETFramework,Version=v4.6.1, .NETFramework,Version=v4.6.2, .NETFramework,Version=v4.7, .NETFramework,Version=v4.7.1, .NETFramework,Version=v4.7.2, .NETFramework,Version=v4.8, .NETFramework,Version=v4.8.1' instead of the project target framework 'net8.0'. This package may not be fully compatible with your project.
C:\Users\ultra\warewolf\Dev\Warewolf.Studio.CustomControls\Warewolf.Studio.CustomControls.csproj : warning NU1701: Package 'TaskSchedulerEditor 2.10.1' was restored using '.NETFramework,Version=v4.6.1, .NETFramework,Version=v4.6.2, .NETFramework,Version=v4.7, .NETFramework,Version=v4.7.1, .NETFramework,Version=v4.7.2, .NETFramework,Version=v4.8, .NETFramework,Version=v4.8.1' instead of the project target framework 'net8.0'. This package may not be fully compatible with your project.
  Warewolf.UnitTestAttributes -> C:\Users\ultra\warewolf\Dev\Warewolf.UnitTestAttributes\bin\Debug\net8.0\Warewolf.UnitTestAttributes.dll
C:\Program Files\dotnet\sdk\10.0.201\Sdks\Microsoft.NET.Sdk\targets\Microsoft.NET.Sdk.DefaultItems.targets(162,5): warning NETSDK1137: It is no longer necessary to use the Microsoft.NET.Sdk.WindowsDesktop SDK. Consider changing the Sdk attribute of the root Project element to 'Microsoft.NET.Sdk'. [C:\Users\ultra\warewolf\Dev\Dev2.Activities.Designers\Dev2.Activities.Designers.csproj]
C:\Program Files\dotnet\sdk\10.0.201\Sdks\Microsoft.NET.Sdk.WindowsDesktop\targets\Microsoft.NET.Sdk.WindowsDesktop.targets(138,5): warning NETSDK1106: Microsoft.NET.Sdk.WindowsDesktop requires 'UseWpf' or 'UseWindowsForms' to be set to 'true' [C:\Users\ultra\warewolf\Dev\Dev2.Activities.Designers\Dev2.Activities.Designers.csproj]
C:\Users\ultra\warewolf\Dev\Dev2.Activities.Designers\Dev2.Activities.Designers.csproj : warning NU1701: Package 'AeroWizard 2.3.1' was restored using '.NETFramework,Version=v4.6.1, .NETFramework,Version=v4.6.2, .NETFramework,Version=v4.7, .NETFramework,Version=v4.7.1, .NETFramework,Version=v4.7.2, .NETFramework,Version=v4.8, .NETFramework,Version=v4.8.1' instead of the project target framework 'net8.0'. This package may not be fully compatible with your project.
C:\Users\ultra\warewolf\Dev\Dev2.Activities.Designers\Dev2.Activities.Designers.csproj : warning NU1701: Package 'GroupControls 1.9.0' was restored using '.NETFramework,Version=v4.6.1, .NETFramework,Version=v4.6.2, .NETFramework,Version=v4.7, .NETFramework,Version=v4.7.1, .NETFramework,Version=v4.7.2, .NETFramework,Version=v4.8, .NETFramework,Version=v4.8.1' instead of the project target framework 'net8.0'. This package may not be fully compatible with your project.
C:\Users\ultra\warewolf\Dev\Dev2.Activities.Designers\Dev2.Activities.Designers.csproj : warning NU1701: Package 'Microsoft.Xaml.Behaviors.Wpf 1.1.122' was restored using '.NETFramework,Version=v4.6.1, .NETFramework,Version=v4.6.2, .NETFramework,Version=v4.7, .NETFramework,Version=v4.7.1, .NETFramework,Version=v4.7.2, .NETFramework,Version=v4.8, .NETFramework,Version=v4.8.1' instead of the project target framework 'net8.0'. This package may not be fully compatible with your project.
C:\Users\ultra\warewolf\Dev\Dev2.Activities.Designers\Dev2.Activities.Designers.csproj : warning NU1701: Package 'Prism.Wpf 9.0.537' was restored using '.NETFramework,Version=v4.6.1, .NETFramework,Version=v4.6.2, .NETFramework,Version=v4.7, .NETFramework,Version=v4.7.1, .NETFramework,Version=v4.7.2, .NETFramework,Version=v4.8, .NETFramework,Version=v4.8.1' instead of the project target framework 'net8.0'. This package may not be fully compatible with your project.
C:\Users\ultra\warewolf\Dev\Dev2.Activities.Designers\Dev2.Activities.Designers.csproj : warning NU1701: Package 'ReactiveUI.WPF 18.4.1' was restored using '.NETFramework,Version=v4.6.1, .NETFramework,Version=v4.6.2, .NETFramework,Version=v4.7, .NETFramework,Version=v4.7.1, .NETFramework,Version=v4.7.2, .NETFramework,Version=v4.8, .NETFramework,Version=v4.8.1' instead of the project target framework 'net8.0'. This package may not be fully compatible with your project.
C:\Users\ultra\warewolf\Dev\Dev2.Activities.Designers\Dev2.Activities.Designers.csproj : warning NU1701: Package 'TaskSchedulerEditor 2.10.1' was restored using '.NETFramework,Version=v4.6.1, .NETFramework,Version=v4.6.2, .NETFramework,Version=v4.7, .NETFramework,Version=v4.7.1, .NETFramework,Version=v4.7.2, .NETFramework,Version=v4.8, .NETFramework,Version=v4.8.1' instead of the project target framework 'net8.0'. This package may not be fully compatible with your project.
  Warewolf.UnitTestAttributes -> C:\Users\ultra\warewolf\Bin\ServerTests-Windows\
  Dev2.UnitTestUtils -> C:\Users\ultra\warewolf\Dev\Dev2.UnitTestUtils\bin\Debug\net8.0\Dev2.UnitTestUtils.dll
  Dev2.UnitTestUtils -> C:\Users\ultra\warewolf\Bin\ServerTests-Windows\
C:\Program Files\dotnet\sdk\10.0.201\Sdks\Microsoft.NET.Sdk\targets\Microsoft.NET.Sdk.DefaultItems.targets(162,5): warning NETSDK1137: It is no longer necessary to use the Microsoft.NET.Sdk.WindowsDesktop SDK. Consider changing the Sdk attribute of the root Project element to 'Microsoft.NET.Sdk'. [C:\Users\ultra\warewolf\Dev\Dev2.Studio\Dev2.Studio.csproj]
C:\Program Files\dotnet\sdk\10.0.201\Sdks\Microsoft.NET.Sdk.WindowsDesktop\targets\Microsoft.NET.Sdk.WindowsDesktop.targets(138,5): warning NETSDK1106: Microsoft.NET.Sdk.WindowsDesktop requires 'UseWpf' or 'UseWindowsForms' to be set to 'true' [C:\Users\ultra\warewolf\Dev\Dev2.Studio\Dev2.Studio.csproj]
C:\Users\ultra\warewolf\Dev\Dev2.Studio\Dev2.Studio.csproj : warning NU1701: Package 'AeroWizard 2.3.1' was restored using '.NETFramework,Version=v4.6.1, .NETFramework,Version=v4.6.2, .NETFramework,Version=v4.7, .NETFramework,Version=v4.7.1, .NETFramework,Version=v4.7.2, .NETFramework,Version=v4.8, .NETFramework,Version=v4.8.1' instead of the project target framework 'net8.0'. This package may not be fully compatible with your project.
C:\Users\ultra\warewolf\Dev\Dev2.Studio\Dev2.Studio.csproj : warning NU1701: Package 'AvalonEdit 6.3.0.90' was restored using '.NETFramework,Version=v4.6.1, .NETFramework,Version=v4.6.2, .NETFramework,Version=v4.7, .NETFramework,Version=v4.7.1, .NETFramework,Version=v4.7.2, .NETFramework,Version=v4.8, .NETFramework,Version=v4.8.1' instead of the project target framework 'net8.0'. This package may not be fully compatible with your project.
C:\Users\ultra\warewolf\Dev\Dev2.Studio\Dev2.Studio.csproj : warning NU1701: Package 'CommonServiceLocator 1.2.0' was restored using '.NETFramework,Version=v4.6.1, .NETFramework,Version=v4.6.2, .NETFramework,Version=v4.7, .NETFramework,Version=v4.7.1, .NETFramework,Version=v4.7.2, .NETFramework,Version=v4.8, .NETFramework,Version=v4.8.1' instead of the project target framework 'net8.0'. This package may not be fully compatible with your project.
C:\Users\ultra\warewolf\Dev\Dev2.Studio\Dev2.Studio.csproj : warning NU1701: Package 'FontAwesome.WPF 4.7.0.9' was restored using '.NETFramework,Version=v4.6.1, .NETFramework,Version=v4.6.2, .NETFramework,Version=v4.7, .NETFramework,Version=v4.7.1, .NETFramework,Version=v4.7.2, .NETFramework,Version=v4.8, .NETFramework,Version=v4.8.1' instead of the project target framework 'net8.0'. This package may not be fully compatible with your project.
C:\Users\ultra\warewolf\Dev\Dev2.Studio\Dev2.Studio.csproj : warning NU1701: Package 'GroupControls 1.9.0' was restored using '.NETFramework,Version=v4.6.1, .NETFramework,Version=v4.6.2, .NETFramework,Version=v4.7, .NETFramework,Version=v4.7.1, .NETFramework,Version=v4.7.2, .NETFramework,Version=v4.8, .NETFramework,Version=v4.8.1' instead of the project target framework 'net8.0'. This package may not be fully compatible with your project.
C:\Users\ultra\warewolf\Dev\Dev2.Studio\Dev2.Studio.csproj : warning NU1701: Package 'Log4Net.Async 2.0.4' was restored using '.NETFramework,Version=v4.6.1, .NETFramework,Version=v4.6.2, .NETFramework,Version=v4.7, .NETFramework,Version=v4.7.1, .NETFramework,Version=v4.7.2, .NETFramework,Version=v4.8, .NETFramework,Version=v4.8.1' instead of the project target framework 'net8.0'. This package may not be fully compatible with your project.
C:\Users\ultra\warewolf\Dev\Dev2.Studio\Dev2.Studio.csproj : warning NU1701: Package 'Microsoft.Xaml.Behaviors.Wpf 1.1.122' was restored using '.NETFramework,Version=v4.6.1, .NETFramework,Version=v4.6.2, .NETFramework,Version=v4.7, .NETFramework,Version=v4.7.1, .NETFramework,Version=v4.7.2, .NETFramework,Version=v4.8, .NETFramework,Version=v4.8.1' instead of the project target framework 'net8.0'. This package may not be fully compatible with your project.
C:\Users\ultra\warewolf\Dev\Dev2.Studio\Dev2.Studio.csproj : warning NU1701: Package 'Prism.Composition 5.0.0' was restored using '.NETFramework,Version=v4.6.1, .NETFramework,Version=v4.6.2, .NETFramework,Version=v4.7, .NETFramework,Version=v4.7.1, .NETFramework,Version=v4.7.2, .NETFramework,Version=v4.8, .NETFramework,Version=v4.8.1' instead of the project target framework 'net8.0'. This package may not be fully compatible with your project.
C:\Users\ultra\warewolf\Dev\Dev2.Studio\Dev2.Studio.csproj : warning NU1701: Package 'Prism.Interactivity 5.0.0' was restored using '.NETFramework,Version=v4.6.1, .NETFramework,Version=v4.6.2, .NETFramework,Version=v4.7, .NETFramework,Version=v4.7.1, .NETFramework,Version=v4.7.2, .NETFramework,Version=v4.8, .NETFramework,Version=v4.8.1' instead of the project target framework 'net8.0'. This package may not be fully compatible with your project.
C:\Users\ultra\warewolf\Dev\Dev2.Studio\Dev2.Studio.csproj : warning NU1701: Package 'Prism.Mvvm 1.0.0' was restored using '.NETFramework,Version=v4.6.1, .NETFramework,Version=v4.6.2, .NETFramework,Version=v4.7, .NETFramework,Version=v4.7.1, .NETFramework,Version=v4.7.2, .NETFramework,Version=v4.8, .NETFramework,Version=v4.8.1' instead of the project target framework 'net8.0'. This package may not be fully compatible with your project.
C:\Users\ultra\warewolf\Dev\Dev2.Studio\Dev2.Studio.csproj : warning NU1701: Package 'Prism.PubSubEvents 1.0.0' was restored using '.NETFramework,Version=v4.6.1, .NETFramework,Version=v4.6.2, .NETFramework,Version=v4.7, .NETFramework,Version=v4.7.1, .NETFramework,Version=v4.7.2, .NETFramework,Version=v4.8, .NETFramework,Version=v4.8.1' instead of the project target framework 'net8.0'. This package may not be fully compatible with your project.
C:\Users\ultra\warewolf\Dev\Dev2.Studio\Dev2.Studio.csproj : warning NU1701: Package 'Prism.UnityExtensions 5.0.1' was restored using '.NETFramework,Version=v4.6.1, .NETFramework,Version=v4.6.2, .NETFramework,Version=v4.7, .NETFramework,Version=v4.7.1, .NETFramework,Version=v4.7.2, .NETFramework,Version=v4.8, .NETFramework,Version=v4.8.1' instead of the project target framework 'net8.0'. This package may not be fully compatible with your project.
C:\Users\ultra\warewolf\Dev\Dev2.Studio\Dev2.Studio.csproj : warning NU1701: Package 'Prism.Wpf 9.0.537' was restored using '.NETFramework,Version=v4.6.1, .NETFramework,Version=v4.6.2, .NETFramework,Version=v4.7, .NETFramework,Version=v4.7.1, .NETFramework,Version=v4.7.2, .NETFramework,Version=v4.8, .NETFramework,Version=v4.8.1' instead of the project target framework 'net8.0'. This package may not be fully compatible with your project.
C:\Users\ultra\warewolf\Dev\Dev2.Studio\Dev2.Studio.csproj : warning NU1701: Package 'ReactiveUI.WPF 18.4.1' was restored using '.NETFramework,Version=v4.6.1, .NETFramework,Version=v4.6.2, .NETFramework,Version=v4.7, .NETFramework,Version=v4.7.1, .NETFramework,Version=v4.7.2, .NETFramework,Version=v4.8, .NETFramework,Version=v4.8.1' instead of the project target framework 'net8.0'. This package may not be fully compatible with your project.
C:\Users\ultra\warewolf\Dev\Dev2.Studio\Dev2.Studio.csproj : warning NU1701: Package 'TaskSchedulerEditor 2.10.1' was restored using '.NETFramework,Version=v4.6.1, .NETFramework,Version=v4.6.2, .NETFramework,Version=v4.7, .NETFramework,Version=v4.7.1, .NETFramework,Version=v4.7.2, .NETFramework,Version=v4.8, .NETFramework,Version=v4.8.1' instead of the project target framework 'net8.0'. This package may not be fully compatible with your project.
C:\Users\ultra\warewolf\Dev\Dev2.Studio\Dev2.Studio.csproj : warning NU1701: Package 'Unofficial.Microsoft.mshtml 7.0.3300' was restored using '.NETFramework,Version=v4.6.1, .NETFramework,Version=v4.6.2, .NETFramework,Version=v4.7, .NETFramework,Version=v4.7.1, .NETFramework,Version=v4.7.2, .NETFramework,Version=v4.8, .NETFramework,Version=v4.8.1' instead of the project target framework 'net8.0'. This package may not be fully compatible with your project.
  SpecFlowFeatureFiles: Toolbox\ControlFlow\Decision\Decision.feature;Toolbox\ControlFlow\Sequence\Sequence.feature;Toolbox\ControlFlow\Switch\Switch.feature;Toolbox\Database\AdvancedRecordset\AdvancedRecordset.feature;Toolbox\Database\MySQL\MySqlConnector.feature;Toolbox\Database\ODBC\ODBCConnector.feature;Toolbox\Database\Oracle\OracleServerConnector.feature;Toolbox\Database\PostgresSql\PostgresSqlConnector.feature;Toolbox\Database\SqlBulkInsert\SqlBulkInsert.feature;Toolbox\Database\SqlServer\SqlServerConnector.feature;Toolbox\Data\AssignObject\AssignObject.feature;Toolbox\Data\Assign\Assign.feature;Toolbox\Data\BaseConversion\BaseConversion.feature;Toolbox\Data\CaseConversion\CaseConversion.feature;Toolbox\Data\Create JSON\CreateJSON.feature;Toolbox\Data\DataMerge\DataMerge.feature;Toolbox\Data\DataSplit\DataSplit.feature;Toolbox\Data\DotNetAssign\DotNetAssign.feature;Toolbox\Data\FindIndex\FindIndex.feature;Toolbox\Data\Replace\Replace.feature;Toolbox\Email\Email\Email.feature;Toolbox\Email\Exchange\ExchangeEmail.feature;Toolbox\Exchange\ExchangeEmail.feature;Toolbox\FileAndFolder\Copy\Copy.feature;Toolbox\FileAndFolder\Create\Create.feature;Toolbox\FileAndFolder\Delete\Delete.feature;Toolbox\FileAndFolder\Move\Move.feature;Toolbox\FileAndFolder\Read File\Read File.feature;Toolbox\FileAndFolder\Read Folder\Read Folder.feature;Toolbox\FileAndFolder\ReadFolderNew\Read Folder New.feature;Toolbox\FileAndFolder\Rename\Rename.feature;Toolbox\FileAndFolder\Unzip\Unzip.feature;Toolbox\FileAndFolder\Write File\Write File.feature;Toolbox\FileAndFolder\Zip\Zip.feature;Toolbox\LoopConstructs\ForEach\ForEach.feature;Toolbox\LoopConstructs\Select And Apply\SelectAndApply.feature;Toolbox\Recordset\CountNullHandler\CountNullHandler.feature;Toolbox\Recordset\Count\Count.feature;Toolbox\Recordset\DeleteNullHandler\Delete.feature;Toolbox\Recordset\Delete\Delete.feature;Toolbox\Recordset\FindRecordIndexMultiple\FindRecordsetIndexMultiple.feature;Toolbox\Recordset\LengthNullHandler\Length.feature;Toolbox\Recordset\Length\Length.feature;Toolbox\Recordset\Sort\Sort.feature;Toolbox\Recordset\Unique\Unique.feature;Toolbox\Resources\WcfService\WcfServiceConnector.feature;Toolbox\Resources\Web\DeleteWebConnectorTool.feature;Toolbox\Resources\Web\PutWebConnectorTool.feature;Toolbox\Resources\Web\WebGet.feature;Toolbox\Scripting\Command\Command.feature;Toolbox\Scripting\javascript\Javascript.feature;Toolbox\Scripting\Python\Python.feature;Toolbox\Scripting\ruby\Ruby.feature;Toolbox\Scripting\Script\Script.feature;Toolbox\Storage\Dropbox\DeleteDropbox.feature;Toolbox\Storage\Dropbox\DownloadDropbox.feature;Toolbox\Storage\Dropbox\ReadDropbox.feature;Toolbox\Storage\Dropbox\UploadDropbox.feature;Toolbox\Utility\Calculate\Aggregate Calculate.feature;Toolbox\Utility\Calculate\Calculate.feature;Toolbox\Utility\DateandTimeDifference\DateandTimeDifference.feature;Toolbox\Utility\DateandTime\DateandTime.feature;Toolbox\Utility\FormatNumber\FormatNumber.feature;Toolbox\Utility\GatherSystemInformation\GatherSystemInformation.feature;Toolbox\Utility\RabbitMQ\Consume\ConsumeRabbitMQ.feature;Toolbox\Utility\RabbitMQ\Publish\PublishRabbitMQ.feature;Toolbox\Utility\Random\Random.feature;Toolbox\Utility\Redis\Cache\CacheRedis.feature;Toolbox\Utility\WebRequest\WebRequest.feature;Toolbox\Utility\XPath\XPath.feature
  SpecFlowFeatureFiles: BrowserDebug\BrowserDebug.feature;Composition\AssignWorkflowExecution.feature;Composition\CompositionLoadTests.feature;Composition\DatabaseWorkflowExecution.feature;Composition\ExampleWorkflowExecution.feature;Composition\OnErrorFrameworkIntegration.feature;Composition\OnErrorIntegration.feature;Composition\RabbitMQWorkflowExecution.feature;Composition\SubworkflowExecution.feature;Composition\WorkflowExecution.feature;Composition\WorkflowExecutionLogging.feature;Composition\WorkflowResume.feature;Deploy\Deploy Feature.feature;DotNetPluginErrorHandling.feature;Merge\MergeExecution.feature;OnErrorFramework\OnErrorFrameworkIntegration.feature;OnErrorIntegration.feature;Scheduler\Scheduler.feature;Search\Search.feature;Sources\ServerSource.feature;StudioTestFramework\StudioTestFramework.feature;StudioTestFramework\StudioTestFrameworkAdvancedRecordset.feature;StudioTestFramework\StudioTestFrameworkWithDatabaseTools.feature;StudioTestFramework\StudioTestFrameworkWithDataTools.feature;StudioTestFramework\StudioTestFrameworkWithDeletedResources.feature;StudioTestFramework\StudioTestFrameworkWithFileAndFolderTools.feature;StudioTestFramework\StudioTestFrameworkWithHelloWorldWorkflow.feature;StudioTestFramework\StudioTestFrameworkWithHTTPWebTools.feature;StudioTestFramework\StudioTestFrameworkWithScriptingTools.feature;StudioTestFramework\StudioTestFrameworkWithSharepointTools.feature;StudioTestFramework\StudioTestFrameworkWithSubworkflow.feature;StudioTestFramework\StudioTestFrameworkWithUtilityTools.feature;Toolbox\Connector\DotNetPluginErrorHandling.feature
  SpecFlowFeatureFiles: Settings Permissions.feature
  -> Using default config
  SpecFlowGeneratedFiles: Settings Permissions.feature.cs
C:\Users\ultra\warewolf\Dev\Warewolf.Security.Specs\Warewolf.Security.Specs.csproj : warning NU1701: Package 'AeroWizard 2.3.1' was restored using '.NETFramework,Version=v4.6.1, .NETFramework,Version=v4.6.2, .NETFramework,Version=v4.7, .NETFramework,Version=v4.7.1, .NETFramework,Version=v4.7.2, .NETFramework,Version=v4.8, .NETFramework,Version=v4.8.1' instead of the project target framework 'net8.0'. This package may not be fully compatible with your project.
C:\Users\ultra\warewolf\Dev\Warewolf.Security.Specs\Warewolf.Security.Specs.csproj : warning NU1701: Package 'AvalonEdit 6.3.0.90' was restored using '.NETFramework,Version=v4.6.1, .NETFramework,Version=v4.6.2, .NETFramework,Version=v4.7, .NETFramework,Version=v4.7.1, .NETFramework,Version=v4.7.2, .NETFramework,Version=v4.8, .NETFramework,Version=v4.8.1' instead of the project target framework 'net8.0'. This package may not be fully compatible with your project.
C:\Users\ultra\warewolf\Dev\Warewolf.Security.Specs\Warewolf.Security.Specs.csproj : warning NU1701: Package 'CommonServiceLocator 1.2.0' was restored using '.NETFramework,Version=v4.6.1, .NETFramework,Version=v4.6.2, .NETFramework,Version=v4.7, .NETFramework,Version=v4.7.1, .NETFramework,Version=v4.7.2, .NETFramework,Version=v4.8, .NETFramework,Version=v4.8.1' instead of the project target framework 'net8.0'. This package may not be fully compatible with your project.
C:\Users\ultra\warewolf\Dev\Warewolf.Security.Specs\Warewolf.Security.Specs.csproj : warning NU1701: Package 'FontAwesome.WPF 4.7.0.9' was restored using '.NETFramework,Version=v4.6.1, .NETFramework,Version=v4.6.2, .NETFramework,Version=v4.7, .NETFramework,Version=v4.7.1, .NETFramework,Version=v4.7.2, .NETFramework,Version=v4.8, .NETFramework,Version=v4.8.1' instead of the project target framework 'net8.0'. This package may not be fully compatible with your project.
C:\Users\ultra\warewolf\Dev\Warewolf.Security.Specs\Warewolf.Security.Specs.csproj : warning NU1701: Package 'GroupControls 1.9.0' was restored using '.NETFramework,Version=v4.6.1, .NETFramework,Version=v4.6.2, .NETFramework,Version=v4.7, .NETFramework,Version=v4.7.1, .NETFramework,Version=v4.7.2, .NETFramework,Version=v4.8, .NETFramework,Version=v4.8.1' instead of the project target framework 'net8.0'. This package may not be fully compatible with your project.
C:\Users\ultra\warewolf\Dev\Warewolf.Security.Specs\Warewolf.Security.Specs.csproj : warning NU1701: Package 'Log4Net.Async 2.0.4' was restored using '.NETFramework,Version=v4.6.1, .NETFramework,Version=v4.6.2, .NETFramework,Version=v4.7, .NETFramework,Version=v4.7.1, .NETFramework,Version=v4.7.2, .NETFramework,Version=v4.8, .NETFramework,Version=v4.8.1' instead of the project target framework 'net8.0'. This package may not be fully compatible with your project.
C:\Users\ultra\warewolf\Dev\Warewolf.Security.Specs\Warewolf.Security.Specs.csproj : warning NU1701: Package 'Microsoft.PowerShell.5.1.ReferenceAssemblies 1.0.0' was restored using '.NETFramework,Version=v4.6.1, .NETFramework,Version=v4.6.2, .NETFramework,Version=v4.7, .NETFramework,Version=v4.7.1, .NETFramework,Version=v4.7.2, .NETFramework,Version=v4.8, .NETFramework,Version=v4.8.1' instead of the project target framework 'net8.0'. This package may not be fully compatible with your project.
C:\Users\ultra\warewolf\Dev\Warewolf.Security.Specs\Warewolf.Security.Specs.csproj : warning NU1701: Package 'Microsoft.Xaml.Behaviors.Wpf 1.1.122' was restored using '.NETFramework,Version=v4.6.1, .NETFramework,Version=v4.6.2, .NETFramework,Version=v4.7, .NETFramework,Version=v4.7.1, .NETFramework,Version=v4.7.2, .NETFramework,Version=v4.8, .NETFramework,Version=v4.8.1' instead of the project target framework 'net8.0'. This package may not be fully compatible with your project.
C:\Users\ultra\warewolf\Dev\Warewolf.Security.Specs\Warewolf.Security.Specs.csproj : warning NU1701: Package 'Prism.Composition 5.0.0' was restored using '.NETFramework,Version=v4.6.1, .NETFramework,Version=v4.6.2, .NETFramework,Version=v4.7, .NETFramework,Version=v4.7.1, .NETFramework,Version=v4.7.2, .NETFramework,Version=v4.8, .NETFramework,Version=v4.8.1' instead of the project target framework 'net8.0'. This package may not be fully compatible with your project.
C:\Users\ultra\warewolf\Dev\Warewolf.Security.Specs\Warewolf.Security.Specs.csproj : warning NU1701: Package 'Prism.Interactivity 5.0.0' was restored using '.NETFramework,Version=v4.6.1, .NETFramework,Version=v4.6.2, .NETFramework,Version=v4.7, .NETFramework,Version=v4.7.1, .NETFramework,Version=v4.7.2, .NETFramework,Version=v4.8, .NETFramework,Version=v4.8.1' instead of the project target framework 'net8.0'. This package may not be fully compatible with your project.
C:\Users\ultra\warewolf\Dev\Warewolf.Security.Specs\Warewolf.Security.Specs.csproj : warning NU1701: Package 'Prism.Mvvm 1.0.0' was restored using '.NETFramework,Version=v4.6.1, .NETFramework,Version=v4.6.2, .NETFramework,Version=v4.7, .NETFramework,Version=v4.7.1, .NETFramework,Version=v4.7.2, .NETFramework,Version=v4.8, .NETFramework,Version=v4.8.1' instead of the project target framework 'net8.0'. This package may not be fully compatible with your project.
C:\Users\ultra\warewolf\Dev\Warewolf.Security.Specs\Warewolf.Security.Specs.csproj : warning NU1701: Package 'Prism.PubSubEvents 1.0.0' was restored using '.NETFramework,Version=v4.6.1, .NETFramework,Version=v4.6.2, .NETFramework,Version=v4.7, .NETFramework,Version=v4.7.1, .NETFramework,Version=v4.7.2, .NETFramework,Version=v4.8, .NETFramework,Version=v4.8.1' instead of the project target framework 'net8.0'. This package may not be fully compatible with your project.
C:\Users\ultra\warewolf\Dev\Warewolf.Security.Specs\Warewolf.Security.Specs.csproj : warning NU1701: Package 'Prism.UnityExtensions 5.0.1' was restored using '.NETFramework,Version=v4.6.1, .NETFramework,Version=v4.6.2, .NETFramework,Version=v4.7, .NETFramework,Version=v4.7.1, .NETFramework,Version=v4.7.2, .NETFramework,Version=v4.8, .NETFramework,Version=v4.8.1' instead of the project target framework 'net8.0'. This package may not be fully compatible with your project.
C:\Users\ultra\warewolf\Dev\Warewolf.Security.Specs\Warewolf.Security.Specs.csproj : warning NU1701: Package 'Prism.Wpf 9.0.537' was restored using '.NETFramework,Version=v4.6.1, .NETFramework,Version=v4.6.2, .NETFramework,Version=v4.7, .NETFramework,Version=v4.7.1, .NETFramework,Version=v4.7.2, .NETFramework,Version=v4.8, .NETFramework,Version=v4.8.1' instead of the project target framework 'net8.0'. This package may not be fully compatible with your project.
C:\Users\ultra\warewolf\Dev\Warewolf.Security.Specs\Warewolf.Security.Specs.csproj : warning NU1701: Package 'ReactiveUI.WPF 18.4.1' was restored using '.NETFramework,Version=v4.6.1, .NETFramework,Version=v4.6.2, .NETFramework,Version=v4.7, .NETFramework,Version=v4.7.1, .NETFramework,Version=v4.7.2, .NETFramework,Version=v4.8, .NETFramework,Version=v4.8.1' instead of the project target framework 'net8.0'. This package may not be fully compatible with your project.
C:\Users\ultra\warewolf\Dev\Warewolf.Security.Specs\Warewolf.Security.Specs.csproj : warning NU1701: Package 'TaskSchedulerEditor 2.10.1' was restored using '.NETFramework,Version=v4.6.1, .NETFramework,Version=v4.6.2, .NETFramework,Version=v4.7, .NETFramework,Version=v4.7.1, .NETFramework,Version=v4.7.2, .NETFramework,Version=v4.8, .NETFramework,Version=v4.8.1' instead of the project target framework 'net8.0'. This package may not be fully compatible with your project.
C:\Users\ultra\warewolf\Dev\Warewolf.Security.Specs\Warewolf.Security.Specs.csproj : warning NU1701: Package 'Unofficial.Microsoft.mshtml 7.0.3300' was restored using '.NETFramework,Version=v4.6.1, .NETFramework,Version=v4.6.2, .NETFramework,Version=v4.7, .NETFramework,Version=v4.7.1, .NETFramework,Version=v4.7.2, .NETFramework,Version=v4.8, .NETFramework,Version=v4.8.1' instead of the project target framework 'net8.0'. This package may not be fully compatible with your project.
  Warewolf.TestingDotnetDllCascading -> C:\Users\ultra\warewolf\Dev\Warewolf.TestingDotnetDllCascading\bin\Debug\net8.0\Warewolf.TestingDotnetDllCascading.dll
  -> Using default config
  Warewolf.TestingDotnetDllCascading -> C:\Users\ultra\warewolf\Bin\ServerTests-Windows\
C:\Users\ultra\warewolf\Dev\Warewolf.Studio.Models\Warewolf.Studio.Models.csproj : warning NU1701: Package 'AeroWizard 2.3.1' was restored using '.NETFramework,Version=v4.6.1, .NETFramework,Version=v4.6.2, .NETFramework,Version=v4.7, .NETFramework,Version=v4.7.1, .NETFramework,Version=v4.7.2, .NETFramework,Version=v4.8, .NETFramework,Version=v4.8.1' instead of the project target framework 'net8.0'. This package may not be fully compatible with your project.
C:\Users\ultra\warewolf\Dev\Warewolf.Studio.Models\Warewolf.Studio.Models.csproj : warning NU1701: Package 'GroupControls 1.9.0' was restored using '.NETFramework,Version=v4.6.1, .NETFramework,Version=v4.6.2, .NETFramework,Version=v4.7, .NETFramework,Version=v4.7.1, .NETFramework,Version=v4.7.2, .NETFramework,Version=v4.8, .NETFramework,Version=v4.8.1' instead of the project target framework 'net8.0'. This package may not be fully compatible with your project.
C:\Users\ultra\warewolf\Dev\Warewolf.Studio.Models\Warewolf.Studio.Models.csproj : warning NU1701: Package 'Microsoft.Xaml.Behaviors.Wpf 1.1.122' was restored using '.NETFramework,Version=v4.6.1, .NETFramework,Version=v4.6.2, .NETFramework,Version=v4.7, .NETFramework,Version=v4.7.1, .NETFramework,Version=v4.7.2, .NETFramework,Version=v4.8, .NETFramework,Version=v4.8.1' instead of the project target framework 'net8.0'. This package may not be fully compatible with your project.
C:\Users\ultra\warewolf\Dev\Warewolf.Studio.Models\Warewolf.Studio.Models.csproj : warning NU1701: Package 'Prism.Wpf 9.0.537' was restored using '.NETFramework,Version=v4.6.1, .NETFramework,Version=v4.6.2, .NETFramework,Version=v4.7, .NETFramework,Version=v4.7.1, .NETFramework,Version=v4.7.2, .NETFramework,Version=v4.8, .NETFramework,Version=v4.8.1' instead of the project target framework 'net8.0'. This package may not be fully compatible with your project.
C:\Users\ultra\warewolf\Dev\Warewolf.Studio.Models\Warewolf.Studio.Models.csproj : warning NU1701: Package 'ReactiveUI.WPF 18.4.1' was restored using '.NETFramework,Version=v4.6.1, .NETFramework,Version=v4.6.2, .NETFramework,Version=v4.7, .NETFramework,Version=v4.7.1, .NETFramework,Version=v4.7.2, .NETFramework,Version=v4.8, .NETFramework,Version=v4.8.1' instead of the project target framework 'net8.0'. This package may not be fully compatible with your project.
C:\Users\ultra\warewolf\Dev\Warewolf.Studio.Models\Warewolf.Studio.Models.csproj : warning NU1701: Package 'TaskSchedulerEditor 2.10.1' was restored using '.NETFramework,Version=v4.6.1, .NETFramework,Version=v4.6.2, .NETFramework,Version=v4.7, .NETFramework,Version=v4.7.1, .NETFramework,Version=v4.7.2, .NETFramework,Version=v4.8, .NETFramework,Version=v4.8.1' instead of the project target framework 'net8.0'. This package may not be fully compatible with your project.
  -> Using default config
  SpecFlowFeatureFiles: IntellisenseSpecs\IntellisenseProvider.feature
  -> Using default config
  SpecFlowGeneratedFiles: IntellisenseSpecs\IntellisenseProvider.feature.cs
C:\Users\ultra\warewolf\Dev\Warewolf.Licencing.Tests\Warewolf.Licencing.Tests.csproj : warning NU1701: Package 'AeroWizard 2.3.1' was restored using '.NETFramework,Version=v4.6.1, .NETFramework,Version=v4.6.2, .NETFramework,Version=v4.7, .NETFramework,Version=v4.7.1, .NETFramework,Version=v4.7.2, .NETFramework,Version=v4.8, .NETFramework,Version=v4.8.1' instead of the project target framework 'net8.0'. This package may not be fully compatible with your project.
C:\Users\ultra\warewolf\Dev\Warewolf.Licencing.Tests\Warewolf.Licencing.Tests.csproj : warning NU1701: Package 'GroupControls 1.9.0' was restored using '.NETFramework,Version=v4.6.1, .NETFramework,Version=v4.6.2, .NETFramework,Version=v4.7, .NETFramework,Version=v4.7.1, .NETFramework,Version=v4.7.2, .NETFramework,Version=v4.8, .NETFramework,Version=v4.8.1' instead of the project target framework 'net8.0'. This package may not be fully compatible with your project.
C:\Users\ultra\warewolf\Dev\Warewolf.Licencing.Tests\Warewolf.Licencing.Tests.csproj : warning NU1701: Package 'TaskSchedulerEditor 2.10.1' was restored using '.NETFramework,Version=v4.6.1, .NETFramework,Version=v4.6.2, .NETFramework,Version=v4.7, .NETFramework,Version=v4.7.1, .NETFramework,Version=v4.7.2, .NETFramework,Version=v4.8, .NETFramework,Version=v4.8.1' instead of the project target framework 'net8.0'. This package may not be fully compatible with your project.
C:\Users\ultra\warewolf\Dev\Dev2.Studio.Core.Specs\Dev2.Studio.Core.Specs.csproj : warning NU1701: Package 'AeroWizard 2.3.1' was restored using '.NETFramework,Version=v4.6.1, .NETFramework,Version=v4.6.2, .NETFramework,Version=v4.7, .NETFramework,Version=v4.7.1, .NETFramework,Version=v4.7.2, .NETFramework,Version=v4.8, .NETFramework,Version=v4.8.1' instead of the project target framework 'net8.0'. This package may not be fully compatible with your project.
C:\Users\ultra\warewolf\Dev\Dev2.Studio.Core.Specs\Dev2.Studio.Core.Specs.csproj : warning NU1701: Package 'AvalonEdit 6.3.0.90' was restored using '.NETFramework,Version=v4.6.1, .NETFramework,Version=v4.6.2, .NETFramework,Version=v4.7, .NETFramework,Version=v4.7.1, .NETFramework,Version=v4.7.2, .NETFramework,Version=v4.8, .NETFramework,Version=v4.8.1' instead of the project target framework 'net8.0'. This package may not be fully compatible with your project.
C:\Users\ultra\warewolf\Dev\Dev2.Studio.Core.Specs\Dev2.Studio.Core.Specs.csproj : warning NU1701: Package 'CommonServiceLocator 1.2.0' was restored using '.NETFramework,Version=v4.6.1, .NETFramework,Version=v4.6.2, .NETFramework,Version=v4.7, .NETFramework,Version=v4.7.1, .NETFramework,Version=v4.7.2, .NETFramework,Version=v4.8, .NETFramework,Version=v4.8.1' instead of the project target framework 'net8.0'. This package may not be fully compatible with your project.
C:\Users\ultra\warewolf\Dev\Dev2.Studio.Core.Specs\Dev2.Studio.Core.Specs.csproj : warning NU1701: Package 'FontAwesome.WPF 4.7.0.9' was restored using '.NETFramework,Version=v4.6.1, .NETFramework,Version=v4.6.2, .NETFramework,Version=v4.7, .NETFramework,Version=v4.7.1, .NETFramework,Version=v4.7.2, .NETFramework,Version=v4.8, .NETFramework,Version=v4.8.1' instead of the project target framework 'net8.0'. This package may not be fully compatible with your project.
C:\Users\ultra\warewolf\Dev\Dev2.Studio.Core.Specs\Dev2.Studio.Core.Specs.csproj : warning NU1701: Package 'GroupControls 1.9.0' was restored using '.NETFramework,Version=v4.6.1, .NETFramework,Version=v4.6.2, .NETFramework,Version=v4.7, .NETFramework,Version=v4.7.1, .NETFramework,Version=v4.7.2, .NETFramework,Version=v4.8, .NETFramework,Version=v4.8.1' instead of the project target framework 'net8.0'. This package may not be fully compatible with your project.
C:\Users\ultra\warewolf\Dev\Dev2.Studio.Core.Specs\Dev2.Studio.Core.Specs.csproj : warning NU1701: Package 'Log4Net.Async 2.0.4' was restored using '.NETFramework,Version=v4.6.1, .NETFramework,Version=v4.6.2, .NETFramework,Version=v4.7, .NETFramework,Version=v4.7.1, .NETFramework,Version=v4.7.2, .NETFramework,Version=v4.8, .NETFramework,Version=v4.8.1' instead of the project target framework 'net8.0'. This package may not be fully compatible with your project.
C:\Users\ultra\warewolf\Dev\Dev2.Studio.Core.Specs\Dev2.Studio.Core.Specs.csproj : warning NU1701: Package 'Microsoft.Xaml.Behaviors.Wpf 1.1.122' was restored using '.NETFramework,Version=v4.6.1, .NETFramework,Version=v4.6.2, .NETFramework,Version=v4.7, .NETFramework,Version=v4.7.1, .NETFramework,Version=v4.7.2, .NETFramework,Version=v4.8, .NETFramework,Version=v4.8.1' instead of the project target framework 'net8.0'. This package may not be fully compatible with your project.
C:\Users\ultra\warewolf\Dev\Dev2.Studio.Core.Specs\Dev2.Studio.Core.Specs.csproj : warning NU1701: Package 'Prism.Composition 5.0.0' was restored using '.NETFramework,Version=v4.6.1, .NETFramework,Version=v4.6.2, .NETFramework,Version=v4.7, .NETFramework,Version=v4.7.1, .NETFramework,Version=v4.7.2, .NETFramework,Version=v4.8, .NETFramework,Version=v4.8.1' instead of the project target framework 'net8.0'. This package may not be fully compatible with your project.
C:\Users\ultra\warewolf\Dev\Dev2.Studio.Core.Specs\Dev2.Studio.Core.Specs.csproj : warning NU1701: Package 'Prism.Interactivity 5.0.0' was restored using '.NETFramework,Version=v4.6.1, .NETFramework,Version=v4.6.2, .NETFramework,Version=v4.7, .NETFramework,Version=v4.7.1, .NETFramework,Version=v4.7.2, .NETFramework,Version=v4.8, .NETFramework,Version=v4.8.1' instead of the project target framework 'net8.0'. This package may not be fully compatible with your project.
C:\Users\ultra\warewolf\Dev\Dev2.Studio.Core.Specs\Dev2.Studio.Core.Specs.csproj : warning NU1701: Package 'Prism.Mvvm 1.0.0' was restored using '.NETFramework,Version=v4.6.1, .NETFramework,Version=v4.6.2, .NETFramework,Version=v4.7, .NETFramework,Version=v4.7.1, .NETFramework,Version=v4.7.2, .NETFramework,Version=v4.8, .NETFramework,Version=v4.8.1' instead of the project target framework 'net8.0'. This package may not be fully compatible with your project.
C:\Users\ultra\warewolf\Dev\Dev2.Studio.Core.Specs\Dev2.Studio.Core.Specs.csproj : warning NU1701: Package 'Prism.PubSubEvents 1.0.0' was restored using '.NETFramework,Version=v4.6.1, .NETFramework,Version=v4.6.2, .NETFramework,Version=v4.7, .NETFramework,Version=v4.7.1, .NETFramework,Version=v4.7.2, .NETFramework,Version=v4.8, .NETFramework,Version=v4.8.1' instead of the project target framework 'net8.0'. This package may not be fully compatible with your project.
C:\Users\ultra\warewolf\Dev\Dev2.Studio.Core.Specs\Dev2.Studio.Core.Specs.csproj : warning NU1701: Package 'Prism.UnityExtensions 5.0.1' was restored using '.NETFramework,Version=v4.6.1, .NETFramework,Version=v4.6.2, .NETFramework,Version=v4.7, .NETFramework,Version=v4.7.1, .NETFramework,Version=v4.7.2, .NETFramework,Version=v4.8, .NETFramework,Version=v4.8.1' instead of the project target framework 'net8.0'. This package may not be fully compatible with your project.
C:\Users\ultra\warewolf\Dev\Dev2.Studio.Core.Specs\Dev2.Studio.Core.Specs.csproj : warning NU1701: Package 'Prism.Wpf 9.0.537' was restored using '.NETFramework,Version=v4.6.1, .NETFramework,Version=v4.6.2, .NETFramework,Version=v4.7, .NETFramework,Version=v4.7.1, .NETFramework,Version=v4.7.2, .NETFramework,Version=v4.8, .NETFramework,Version=v4.8.1' instead of the project target framework 'net8.0'. This package may not be fully compatible with your project.
C:\Users\ultra\warewolf\Dev\Dev2.Studio.Core.Specs\Dev2.Studio.Core.Specs.csproj : warning NU1701: Package 'ReactiveUI.WPF 18.4.1' was restored using '.NETFramework,Version=v4.6.1, .NETFramework,Version=v4.6.2, .NETFramework,Version=v4.7, .NETFramework,Version=v4.7.1, .NETFramework,Version=v4.7.2, .NETFramework,Version=v4.8, .NETFramework,Version=v4.8.1' instead of the project target framework 'net8.0'. This package may not be fully compatible with your project.
C:\Users\ultra\warewolf\Dev\Dev2.Studio.Core.Specs\Dev2.Studio.Core.Specs.csproj : warning NU1701: Package 'TaskSchedulerEditor 2.10.1' was restored using '.NETFramework,Version=v4.6.1, .NETFramework,Version=v4.6.2, .NETFramework,Version=v4.7, .NETFramework,Version=v4.7.1, .NETFramework,Version=v4.7.2, .NETFramework,Version=v4.8, .NETFramework,Version=v4.8.1' instead of the project target framework 'net8.0'. This package may not be fully compatible with your project.
C:\Users\ultra\warewolf\Dev\Dev2.Studio.Core.Specs\Dev2.Studio.Core.Specs.csproj : warning NU1701: Package 'Unofficial.Microsoft.mshtml 7.0.3300' was restored using '.NETFramework,Version=v4.6.1, .NETFramework,Version=v4.6.2, .NETFramework,Version=v4.7, .NETFramework,Version=v4.7.1, .NETFramework,Version=v4.7.2, .NETFramework,Version=v4.8, .NETFramework,Version=v4.8.1' instead of the project target framework 'net8.0'. This package may not be fully compatible with your project.
C:\Users\ultra\warewolf\Dev\TestBase\TestBase.csproj : warning NU1701: Package 'AeroWizard 2.3.1' was restored using '.NETFramework,Version=v4.6.1, .NETFramework,Version=v4.6.2, .NETFramework,Version=v4.7, .NETFramework,Version=v4.7.1, .NETFramework,Version=v4.7.2, .NETFramework,Version=v4.8, .NETFramework,Version=v4.8.1' instead of the project target framework 'net8.0'. This package may not be fully compatible with your project.
C:\Users\ultra\warewolf\Dev\TestBase\TestBase.csproj : warning NU1701: Package 'AvalonEdit 6.3.0.90' was restored using '.NETFramework,Version=v4.6.1, .NETFramework,Version=v4.6.2, .NETFramework,Version=v4.7, .NETFramework,Version=v4.7.1, .NETFramework,Version=v4.7.2, .NETFramework,Version=v4.8, .NETFramework,Version=v4.8.1' instead of the project target framework 'net8.0'. This package may not be fully compatible with your project.
C:\Users\ultra\warewolf\Dev\TestBase\TestBase.csproj : warning NU1701: Package 'CommonServiceLocator 1.2.0' was restored using '.NETFramework,Version=v4.6.1, .NETFramework,Version=v4.6.2, .NETFramework,Version=v4.7, .NETFramework,Version=v4.7.1, .NETFramework,Version=v4.7.2, .NETFramework,Version=v4.8, .NETFramework,Version=v4.8.1' instead of the project target framework 'net8.0'. This package may not be fully compatible with your project.
C:\Users\ultra\warewolf\Dev\TestBase\TestBase.csproj : warning NU1701: Package 'FontAwesome.WPF 4.7.0.9' was restored using '.NETFramework,Version=v4.6.1, .NETFramework,Version=v4.6.2, .NETFramework,Version=v4.7, .NETFramework,Version=v4.7.1, .NETFramework,Version=v4.7.2, .NETFramework,Version=v4.8, .NETFramework,Version=v4.8.1' instead of the project target framework 'net8.0'. This package may not be fully compatible with your project.
C:\Users\ultra\warewolf\Dev\TestBase\TestBase.csproj : warning NU1701: Package 'GroupControls 1.9.0' was restored using '.NETFramework,Version=v4.6.1, .NETFramework,Version=v4.6.2, .NETFramework,Version=v4.7, .NETFramework,Version=v4.7.1, .NETFramework,Version=v4.7.2, .NETFramework,Version=v4.8, .NETFramework,Version=v4.8.1' instead of the project target framework 'net8.0'. This package may not be fully compatible with your project.
C:\Users\ultra\warewolf\Dev\TestBase\TestBase.csproj : warning NU1701: Package 'Log4Net.Async 2.0.4' was restored using '.NETFramework,Version=v4.6.1, .NETFramework,Version=v4.6.2, .NETFramework,Version=v4.7, .NETFramework,Version=v4.7.1, .NETFramework,Version=v4.7.2, .NETFramework,Version=v4.8, .NETFramework,Version=v4.8.1' instead of the project target framework 'net8.0'. This package may not be fully compatible with your project.
C:\Users\ultra\warewolf\Dev\TestBase\TestBase.csproj : warning NU1701: Package 'Microsoft.Xaml.Behaviors.Wpf 1.1.122' was restored using '.NETFramework,Version=v4.6.1, .NETFramework,Version=v4.6.2, .NETFramework,Version=v4.7, .NETFramework,Version=v4.7.1, .NETFramework,Version=v4.7.2, .NETFramework,Version=v4.8, .NETFramework,Version=v4.8.1' instead of the project target framework 'net8.0'. This package may not be fully compatible with your project.
C:\Users\ultra\warewolf\Dev\TestBase\TestBase.csproj : warning NU1701: Package 'Prism.Composition 5.0.0' was restored using '.NETFramework,Version=v4.6.1, .NETFramework,Version=v4.6.2, .NETFramework,Version=v4.7, .NETFramework,Version=v4.7.1, .NETFramework,Version=v4.7.2, .NETFramework,Version=v4.8, .NETFramework,Version=v4.8.1' instead of the project target framework 'net8.0'. This package may not be fully compatible with your project.
C:\Users\ultra\warewolf\Dev\TestBase\TestBase.csproj : warning NU1701: Package 'Prism.Interactivity 5.0.0' was restored using '.NETFramework,Version=v4.6.1, .NETFramework,Version=v4.6.2, .NETFramework,Version=v4.7, .NETFramework,Version=v4.7.1, .NETFramework,Version=v4.7.2, .NETFramework,Version=v4.8, .NETFramework,Version=v4.8.1' instead of the project target framework 'net8.0'. This package may not be fully compatible with your project.
C:\Users\ultra\warewolf\Dev\TestBase\TestBase.csproj : warning NU1701: Package 'Prism.Mvvm 1.0.0' was restored using '.NETFramework,Version=v4.6.1, .NETFramework,Version=v4.6.2, .NETFramework,Version=v4.7, .NETFramework,Version=v4.7.1, .NETFramework,Version=v4.7.2, .NETFramework,Version=v4.8, .NETFramework,Version=v4.8.1' instead of the project target framework 'net8.0'. This package may not be fully compatible with your project.
C:\Users\ultra\warewolf\Dev\TestBase\TestBase.csproj : warning NU1701: Package 'Prism.PubSubEvents 1.0.0' was restored using '.NETFramework,Version=v4.6.1, .NETFramework,Version=v4.6.2, .NETFramework,Version=v4.7, .NETFramework,Version=v4.7.1, .NETFramework,Version=v4.7.2, .NETFramework,Version=v4.8, .NETFramework,Version=v4.8.1' instead of the project target framework 'net8.0'. This package may not be fully compatible with your project.
C:\Users\ultra\warewolf\Dev\TestBase\TestBase.csproj : warning NU1701: Package 'Prism.UnityExtensions 5.0.1' was restored using '.NETFramework,Version=v4.6.1, .NETFramework,Version=v4.6.2, .NETFramework,Version=v4.7, .NETFramework,Version=v4.7.1, .NETFramework,Version=v4.7.2, .NETFramework,Version=v4.8, .NETFramework,Version=v4.8.1' instead of the project target framework 'net8.0'. This package may not be fully compatible with your project.
C:\Users\ultra\warewolf\Dev\TestBase\TestBase.csproj : warning NU1701: Package 'Prism.Wpf 9.0.537' was restored using '.NETFramework,Version=v4.6.1, .NETFramework,Version=v4.6.2, .NETFramework,Version=v4.7, .NETFramework,Version=v4.7.1, .NETFramework,Version=v4.7.2, .NETFramework,Version=v4.8, .NETFramework,Version=v4.8.1' instead of the project target framework 'net8.0'. This package may not be fully compatible with your project.
C:\Users\ultra\warewolf\Dev\TestBase\TestBase.csproj : warning NU1701: Package 'ReactiveUI.WPF 18.4.1' was restored using '.NETFramework,Version=v4.6.1, .NETFramework,Version=v4.6.2, .NETFramework,Version=v4.7, .NETFramework,Version=v4.7.1, .NETFramework,Version=v4.7.2, .NETFramework,Version=v4.8, .NETFramework,Version=v4.8.1' instead of the project target framework 'net8.0'. This package may not be fully compatible with your project.
C:\Users\ultra\warewolf\Dev\TestBase\TestBase.csproj : warning NU1701: Package 'TaskSchedulerEditor 2.10.1' was restored using '.NETFramework,Version=v4.6.1, .NETFramework,Version=v4.6.2, .NETFramework,Version=v4.7, .NETFramework,Version=v4.7.1, .NETFramework,Version=v4.7.2, .NETFramework,Version=v4.8, .NETFramework,Version=v4.8.1' instead of the project target framework 'net8.0'. This package may not be fully compatible with your project.
C:\Users\ultra\warewolf\Dev\TestBase\TestBase.csproj : warning NU1701: Package 'Unofficial.Microsoft.mshtml 7.0.3300' was restored using '.NETFramework,Version=v4.6.1, .NETFramework,Version=v4.6.2, .NETFramework,Version=v4.7, .NETFramework,Version=v4.7.1, .NETFramework,Version=v4.7.2, .NETFramework,Version=v4.8, .NETFramework,Version=v4.8.1' instead of the project target framework 'net8.0'. This package may not be fully compatible with your project.
C:\Users\ultra\warewolf\Dev\Dev2.ScheduleExecutor\Dev2.ScheduleExecutor.csproj : warning NU1701: Package 'AeroWizard 2.3.1' was restored using '.NETFramework,Version=v4.6.1, .NETFramework,Version=v4.6.2, .NETFramework,Version=v4.7, .NETFramework,Version=v4.7.1, .NETFramework,Version=v4.7.2, .NETFramework,Version=v4.8, .NETFramework,Version=v4.8.1' instead of the project target framework 'net8.0'. This package may not be fully compatible with your project.
C:\Users\ultra\warewolf\Dev\Dev2.ScheduleExecutor\Dev2.ScheduleExecutor.csproj : warning NU1701: Package 'GroupControls 1.9.0' was restored using '.NETFramework,Version=v4.6.1, .NETFramework,Version=v4.6.2, .NETFramework,Version=v4.7, .NETFramework,Version=v4.7.1, .NETFramework,Version=v4.7.2, .NETFramework,Version=v4.8, .NETFramework,Version=v4.8.1' instead of the project target framework 'net8.0'. This package may not be fully compatible with your project.
C:\Users\ultra\warewolf\Dev\Dev2.ScheduleExecutor\Dev2.ScheduleExecutor.csproj : warning NU1701: Package 'ReactiveUI.WPF 18.4.1' was restored using '.NETFramework,Version=v4.6.1, .NETFramework,Version=v4.6.2, .NETFramework,Version=v4.7, .NETFramework,Version=v4.7.1, .NETFramework,Version=v4.7.2, .NETFramework,Version=v4.8, .NETFramework,Version=v4.8.1' instead of the project target framework 'net8.0'. This package may not be fully compatible with your project.
C:\Users\ultra\warewolf\Dev\Dev2.ScheduleExecutor\Dev2.ScheduleExecutor.csproj : warning NU1701: Package 'TaskSchedulerEditor 2.10.1' was restored using '.NETFramework,Version=v4.6.1, .NETFramework,Version=v4.6.2, .NETFramework,Version=v4.7, .NETFramework,Version=v4.7.1, .NETFramework,Version=v4.7.2, .NETFramework,Version=v4.8, .NETFramework,Version=v4.8.1' instead of the project target framework 'net8.0'. This package may not be fully compatible with your project.
  WPFTextBoxAutoComplete -> C:\Users\ultra\warewolf\Dev\WPFTextBoxAutoComplete\bin\Release\net8.0\WPFTextBoxAutoComplete.dll
  WPFTextBoxAutoComplete -> C:\Users\ultra\warewolf\Bin\ServerTests-Windows\
C:\Users\ultra\warewolf\Dev\Warewolf.Execution.Lightweight\Warewolf.Execution.Lightweight.csproj : warning NU1504: Duplicate 'PackageReference' items found. Remove the duplicate items or use the Update functionality to ensure a consistent restore behavior. The duplicate 'PackageReference' items are: Google.Protobuf 3.25.2, Google.Protobuf 3.25.2.
C:\Users\ultra\warewolf\Dev\Warewolf.Execution.Lightweight\Warewolf.Execution.Lightweight.csproj : warning NU1701: Package 'AeroWizard 2.3.1' was restored using '.NETFramework,Version=v4.6.1, .NETFramework,Version=v4.6.2, .NETFramework,Version=v4.7, .NETFramework,Version=v4.7.1, .NETFramework,Version=v4.7.2, .NETFramework,Version=v4.8, .NETFramework,Version=v4.8.1' instead of the project target framework 'net8.0'. This package may not be fully compatible with your project.
C:\Users\ultra\warewolf\Dev\Warewolf.Execution.Lightweight\Warewolf.Execution.Lightweight.csproj : warning NU1701: Package 'GroupControls 1.9.0' was restored using '.NETFramework,Version=v4.6.1, .NETFramework,Version=v4.6.2, .NETFramework,Version=v4.7, .NETFramework,Version=v4.7.1, .NETFramework,Version=v4.7.2, .NETFramework,Version=v4.8, .NETFramework,Version=v4.8.1' instead of the project target framework 'net8.0'. This package may not be fully compatible with your project.
C:\Users\ultra\warewolf\Dev\Warewolf.Execution.Lightweight\Warewolf.Execution.Lightweight.csproj : warning NU1701: Package 'ReactiveUI.WPF 18.4.1' was restored using '.NETFramework,Version=v4.6.1, .NETFramework,Version=v4.6.2, .NETFramework,Version=v4.7, .NETFramework,Version=v4.7.1, .NETFramework,Version=v4.7.2, .NETFramework,Version=v4.8, .NETFramework,Version=v4.8.1' instead of the project target framework 'net8.0'. This package may not be fully compatible with your project.
C:\Users\ultra\warewolf\Dev\Warewolf.Execution.Lightweight\Warewolf.Execution.Lightweight.csproj : warning NU1701: Package 'TaskSchedulerEditor 2.10.1' was restored using '.NETFramework,Version=v4.6.1, .NETFramework,Version=v4.6.2, .NETFramework,Version=v4.7, .NETFramework,Version=v4.7.1, .NETFramework,Version=v4.7.2, .NETFramework,Version=v4.8, .NETFramework,Version=v4.8.1' instead of the project target framework 'net8.0'. This package may not be fully compatible with your project.
C:\Users\ultra\warewolf\Dev\Warewolf.Execution.Lightweight.Tests\Warewolf.Execution.Lightweight.Tests.csproj : warning NU1701: Package 'AeroWizard 2.3.1' was restored using '.NETFramework,Version=v4.6.1, .NETFramework,Version=v4.6.2, .NETFramework,Version=v4.7, .NETFramework,Version=v4.7.1, .NETFramework,Version=v4.7.2, .NETFramework,Version=v4.8, .NETFramework,Version=v4.8.1' instead of the project target framework 'net8.0'. This package may not be fully compatible with your project.
C:\Users\ultra\warewolf\Dev\Warewolf.Execution.Lightweight.Tests\Warewolf.Execution.Lightweight.Tests.csproj : warning NU1701: Package 'GroupControls 1.9.0' was restored using '.NETFramework,Version=v4.6.1, .NETFramework,Version=v4.6.2, .NETFramework,Version=v4.7, .NETFramework,Version=v4.7.1, .NETFramework,Version=v4.7.2, .NETFramework,Version=v4.8, .NETFramework,Version=v4.8.1' instead of the project target framework 'net8.0'. This package may not be fully compatible with your project.
C:\Users\ultra\warewolf\Dev\Warewolf.Execution.Lightweight.Tests\Warewolf.Execution.Lightweight.Tests.csproj : warning NU1701: Package 'ReactiveUI.WPF 18.4.1' was restored using '.NETFramework,Version=v4.6.1, .NETFramework,Version=v4.6.2, .NETFramework,Version=v4.7, .NETFramework,Version=v4.7.1, .NETFramework,Version=v4.7.2, .NETFramework,Version=v4.8, .NETFramework,Version=v4.8.1' instead of the project target framework 'net8.0'. This package may not be fully compatible with your project.
C:\Users\ultra\warewolf\Dev\Warewolf.Execution.Lightweight.Tests\Warewolf.Execution.Lightweight.Tests.csproj : warning NU1701: Package 'TaskSchedulerEditor 2.10.1' was restored using '.NETFramework,Version=v4.6.1, .NETFramework,Version=v4.6.2, .NETFramework,Version=v4.7, .NETFramework,Version=v4.7.1, .NETFramework,Version=v4.7.2, .NETFramework,Version=v4.8, .NETFramework,Version=v4.8.1' instead of the project target framework 'net8.0'. This package may not be fully compatible with your project.
  SpecFlowGeneratedFiles: BrowserDebug\BrowserDebug.feature.cs
  SpecFlowGeneratedFiles: Composition\AssignWorkflowExecution.feature.cs
  SpecFlowGeneratedFiles: Composition\CompositionLoadTests.feature.cs
  SpecFlowGeneratedFiles: Composition\DatabaseWorkflowExecution.feature.cs
  SpecFlowGeneratedFiles: Composition\ExampleWorkflowExecution.feature.cs
  SpecFlowGeneratedFiles: Composition\OnErrorFrameworkIntegration.feature.cs
  SpecFlowGeneratedFiles: Composition\OnErrorIntegration.feature.cs
  SpecFlowGeneratedFiles: Composition\RabbitMQWorkflowExecution.feature.cs
  SpecFlowGeneratedFiles: Composition\SubworkflowExecution.feature.cs
  SpecFlowGeneratedFiles: Composition\WorkflowExecution.feature.cs
  SpecFlowGeneratedFiles: Composition\WorkflowExecutionLogging.feature.cs
  SpecFlowGeneratedFiles: Composition\WorkflowResume.feature.cs
  SpecFlowGeneratedFiles: Deploy\Deploy Feature.feature.cs
  SpecFlowGeneratedFiles: DotNetPluginErrorHandling.feature.cs
  SpecFlowGeneratedFiles: Merge\MergeExecution.feature.cs
  SpecFlowGeneratedFiles: OnErrorFramework\OnErrorFrameworkIntegration.feature.cs
  SpecFlowGeneratedFiles: OnErrorIntegration.feature.cs
  SpecFlowGeneratedFiles: Scheduler\Scheduler.feature.cs
  SpecFlowGeneratedFiles: Search\Search.feature.cs
  SpecFlowGeneratedFiles: Sources\ServerSource.feature.cs
  SpecFlowGeneratedFiles: StudioTestFramework\StudioTestFramework.feature.cs
  SpecFlowGeneratedFiles: StudioTestFramework\StudioTestFrameworkAdvancedRecordset.feature.cs
  SpecFlowGeneratedFiles: StudioTestFramework\StudioTestFrameworkWithDatabaseTools.feature.cs
  SpecFlowGeneratedFiles: StudioTestFramework\StudioTestFrameworkWithDataTools.feature.cs
  SpecFlowGeneratedFiles: StudioTestFramework\StudioTestFrameworkWithDeletedResources.feature.cs
  SpecFlowGeneratedFiles: StudioTestFramework\StudioTestFrameworkWithFileAndFolderTools.feature.cs
  SpecFlowGeneratedFiles: StudioTestFramework\StudioTestFrameworkWithHelloWorldWorkflow.feature.cs
  SpecFlowGeneratedFiles: StudioTestFramework\StudioTestFrameworkWithHTTPWebTools.feature.cs
  SpecFlowGeneratedFiles: StudioTestFramework\StudioTestFrameworkWithScriptingTools.feature.cs
  SpecFlowGeneratedFiles: StudioTestFramework\StudioTestFrameworkWithSharepointTools.feature.cs
  SpecFlowGeneratedFiles: StudioTestFramework\StudioTestFrameworkWithSubworkflow.feature.cs
  SpecFlowGeneratedFiles: StudioTestFramework\StudioTestFrameworkWithUtilityTools.feature.cs
  SpecFlowGeneratedFiles: Toolbox\Connector\DotNetPluginErrorHandling.feature.cs
C:\Users\ultra\warewolf\Dev\Dev2.Activities.Specs\Dev2.Activities.Specs.csproj : warning NU1701: Package 'AeroWizard 2.3.1' was restored using '.NETFramework,Version=v4.6.1, .NETFramework,Version=v4.6.2, .NETFramework,Version=v4.7, .NETFramework,Version=v4.7.1, .NETFramework,Version=v4.7.2, .NETFramework,Version=v4.8, .NETFramework,Version=v4.8.1' instead of the project target framework 'net8.0'. This package may not be fully compatible with your project.
C:\Users\ultra\warewolf\Dev\Dev2.Activities.Specs\Dev2.Activities.Specs.csproj : warning NU1701: Package 'AvalonEdit 6.3.0.90' was restored using '.NETFramework,Version=v4.6.1, .NETFramework,Version=v4.6.2, .NETFramework,Version=v4.7, .NETFramework,Version=v4.7.1, .NETFramework,Version=v4.7.2, .NETFramework,Version=v4.8, .NETFramework,Version=v4.8.1' instead of the project target framework 'net8.0'. This package may not be fully compatible with your project.
C:\Users\ultra\warewolf\Dev\Dev2.Activities.Specs\Dev2.Activities.Specs.csproj : warning NU1701: Package 'CommonServiceLocator 1.2.0' was restored using '.NETFramework,Version=v4.6.1, .NETFramework,Version=v4.6.2, .NETFramework,Version=v4.7, .NETFramework,Version=v4.7.1, .NETFramework,Version=v4.7.2, .NETFramework,Version=v4.8, .NETFramework,Version=v4.8.1' instead of the project target framework 'net8.0'. This package may not be fully compatible with your project.
C:\Users\ultra\warewolf\Dev\Dev2.Activities.Specs\Dev2.Activities.Specs.csproj : warning NU1701: Package 'FontAwesome.WPF 4.7.0.9' was restored using '.NETFramework,Version=v4.6.1, .NETFramework,Version=v4.6.2, .NETFramework,Version=v4.7, .NETFramework,Version=v4.7.1, .NETFramework,Version=v4.7.2, .NETFramework,Version=v4.8, .NETFramework,Version=v4.8.1' instead of the project target framework 'net8.0'. This package may not be fully compatible with your project.
C:\Users\ultra\warewolf\Dev\Dev2.Activities.Specs\Dev2.Activities.Specs.csproj : warning NU1701: Package 'GroupControls 1.9.0' was restored using '.NETFramework,Version=v4.6.1, .NETFramework,Version=v4.6.2, .NETFramework,Version=v4.7, .NETFramework,Version=v4.7.1, .NETFramework,Version=v4.7.2, .NETFramework,Version=v4.8, .NETFramework,Version=v4.8.1' instead of the project target framework 'net8.0'. This package may not be fully compatible with your project.
C:\Users\ultra\warewolf\Dev\Dev2.Activities.Specs\Dev2.Activities.Specs.csproj : warning NU1701: Package 'Log4Net.Async 2.0.4' was restored using '.NETFramework,Version=v4.6.1, .NETFramework,Version=v4.6.2, .NETFramework,Version=v4.7, .NETFramework,Version=v4.7.1, .NETFramework,Version=v4.7.2, .NETFramework,Version=v4.8, .NETFramework,Version=v4.8.1' instead of the project target framework 'net8.0'. This package may not be fully compatible with your project.
C:\Users\ultra\warewolf\Dev\Dev2.Activities.Specs\Dev2.Activities.Specs.csproj : warning NU1701: Package 'Microsoft.PowerShell.5.1.ReferenceAssemblies 1.0.0' was restored using '.NETFramework,Version=v4.6.1, .NETFramework,Version=v4.6.2, .NETFramework,Version=v4.7, .NETFramework,Version=v4.7.1, .NETFramework,Version=v4.7.2, .NETFramework,Version=v4.8, .NETFramework,Version=v4.8.1' instead of the project target framework 'net8.0'. This package may not be fully compatible with your project.
C:\Users\ultra\warewolf\Dev\Dev2.Activities.Specs\Dev2.Activities.Specs.csproj : warning NU1701: Package 'Microsoft.Xaml.Behaviors.Wpf 1.1.122' was restored using '.NETFramework,Version=v4.6.1, .NETFramework,Version=v4.6.2, .NETFramework,Version=v4.7, .NETFramework,Version=v4.7.1, .NETFramework,Version=v4.7.2, .NETFramework,Version=v4.8, .NETFramework,Version=v4.8.1' instead of the project target framework 'net8.0'. This package may not be fully compatible with your project.
C:\Users\ultra\warewolf\Dev\Dev2.Activities.Specs\Dev2.Activities.Specs.csproj : warning NU1701: Package 'Prism.Composition 5.0.0' was restored using '.NETFramework,Version=v4.6.1, .NETFramework,Version=v4.6.2, .NETFramework,Version=v4.7, .NETFramework,Version=v4.7.1, .NETFramework,Version=v4.7.2, .NETFramework,Version=v4.8, .NETFramework,Version=v4.8.1' instead of the project target framework 'net8.0'. This package may not be fully compatible with your project.
C:\Users\ultra\warewolf\Dev\Dev2.Activities.Specs\Dev2.Activities.Specs.csproj : warning NU1701: Package 'Prism.Interactivity 5.0.0' was restored using '.NETFramework,Version=v4.6.1, .NETFramework,Version=v4.6.2, .NETFramework,Version=v4.7, .NETFramework,Version=v4.7.1, .NETFramework,Version=v4.7.2, .NETFramework,Version=v4.8, .NETFramework,Version=v4.8.1' instead of the project target framework 'net8.0'. This package may not be fully compatible with your project.
C:\Users\ultra\warewolf\Dev\Dev2.Activities.Specs\Dev2.Activities.Specs.csproj : warning NU1701: Package 'Prism.Mvvm 1.0.0' was restored using '.NETFramework,Version=v4.6.1, .NETFramework,Version=v4.6.2, .NETFramework,Version=v4.7, .NETFramework,Version=v4.7.1, .NETFramework,Version=v4.7.2, .NETFramework,Version=v4.8, .NETFramework,Version=v4.8.1' instead of the project target framework 'net8.0'. This package may not be fully compatible with your project.
C:\Users\ultra\warewolf\Dev\Dev2.Activities.Specs\Dev2.Activities.Specs.csproj : warning NU1701: Package 'Prism.PubSubEvents 1.0.0' was restored using '.NETFramework,Version=v4.6.1, .NETFramework,Version=v4.6.2, .NETFramework,Version=v4.7, .NETFramework,Version=v4.7.1, .NETFramework,Version=v4.7.2, .NETFramework,Version=v4.8, .NETFramework,Version=v4.8.1' instead of the project target framework 'net8.0'. This package may not be fully compatible with your project.
C:\Users\ultra\warewolf\Dev\Dev2.Activities.Specs\Dev2.Activities.Specs.csproj : warning NU1701: Package 'Prism.UnityExtensions 5.0.1' was restored using '.NETFramework,Version=v4.6.1, .NETFramework,Version=v4.6.2, .NETFramework,Version=v4.7, .NETFramework,Version=v4.7.1, .NETFramework,Version=v4.7.2, .NETFramework,Version=v4.8, .NETFramework,Version=v4.8.1' instead of the project target framework 'net8.0'. This package may not be fully compatible with your project.
C:\Users\ultra\warewolf\Dev\Dev2.Activities.Specs\Dev2.Activities.Specs.csproj : warning NU1701: Package 'Prism.Wpf 9.0.537' was restored using '.NETFramework,Version=v4.6.1, .NETFramework,Version=v4.6.2, .NETFramework,Version=v4.7, .NETFramework,Version=v4.7.1, .NETFramework,Version=v4.7.2, .NETFramework,Version=v4.8, .NETFramework,Version=v4.8.1' instead of the project target framework 'net8.0'. This package may not be fully compatible with your project.
C:\Users\ultra\warewolf\Dev\Dev2.Activities.Specs\Dev2.Activities.Specs.csproj : warning NU1701: Package 'ReactiveUI.WPF 18.4.1' was restored using '.NETFramework,Version=v4.6.1, .NETFramework,Version=v4.6.2, .NETFramework,Version=v4.7, .NETFramework,Version=v4.7.1, .NETFramework,Version=v4.7.2, .NETFramework,Version=v4.8, .NETFramework,Version=v4.8.1' instead of the project target framework 'net8.0'. This package may not be fully compatible with your project.
C:\Users\ultra\warewolf\Dev\Dev2.Activities.Specs\Dev2.Activities.Specs.csproj : warning NU1701: Package 'TaskSchedulerEditor 2.10.1' was restored using '.NETFramework,Version=v4.6.1, .NETFramework,Version=v4.6.2, .NETFramework,Version=v4.7, .NETFramework,Version=v4.7.1, .NETFramework,Version=v4.7.2, .NETFramework,Version=v4.8, .NETFramework,Version=v4.8.1' instead of the project target framework 'net8.0'. This package may not be fully compatible with your project.
C:\Users\ultra\warewolf\Dev\Dev2.Activities.Specs\Dev2.Activities.Specs.csproj : warning NU1701: Package 'Unofficial.Microsoft.mshtml 7.0.3300' was restored using '.NETFramework,Version=v4.6.1, .NETFramework,Version=v4.6.2, .NETFramework,Version=v4.7, .NETFramework,Version=v4.7.1, .NETFramework,Version=v4.7.2, .NETFramework,Version=v4.8, .NETFramework,Version=v4.8.1' instead of the project target framework 'net8.0'. This package may not be fully compatible with your project.
  SpecFlowGeneratedFiles: Toolbox\ControlFlow\Decision\Decision.feature.cs
  SpecFlowGeneratedFiles: Toolbox\ControlFlow\Sequence\Sequence.feature.cs
  SpecFlowGeneratedFiles: Toolbox\ControlFlow\Switch\Switch.feature.cs
  SpecFlowGeneratedFiles: Toolbox\Database\AdvancedRecordset\AdvancedRecordset.feature.cs
  SpecFlowGeneratedFiles: Toolbox\Database\MySQL\MySqlConnector.feature.cs
  SpecFlowGeneratedFiles: Toolbox\Database\ODBC\ODBCConnector.feature.cs
  SpecFlowGeneratedFiles: Toolbox\Database\Oracle\OracleServerConnector.feature.cs
  SpecFlowGeneratedFiles: Toolbox\Database\PostgresSql\PostgresSqlConnector.feature.cs
  SpecFlowGeneratedFiles: Toolbox\Database\SqlBulkInsert\SqlBulkInsert.feature.cs
  SpecFlowGeneratedFiles: Toolbox\Database\SqlServer\SqlServerConnector.feature.cs
  SpecFlowGeneratedFiles: Toolbox\Data\AssignObject\AssignObject.feature.cs
  SpecFlowGeneratedFiles: Toolbox\Data\Assign\Assign.feature.cs
  SpecFlowGeneratedFiles: Toolbox\Data\BaseConversion\BaseConversion.feature.cs
  SpecFlowGeneratedFiles: Toolbox\Data\CaseConversion\CaseConversion.feature.cs
  SpecFlowGeneratedFiles: Toolbox\Data\Create JSON\CreateJSON.feature.cs
  SpecFlowGeneratedFiles: Toolbox\Data\DataMerge\DataMerge.feature.cs
  SpecFlowGeneratedFiles: Toolbox\Data\DataSplit\DataSplit.feature.cs
  SpecFlowGeneratedFiles: Toolbox\Data\DotNetAssign\DotNetAssign.feature.cs
  SpecFlowGeneratedFiles: Toolbox\Data\FindIndex\FindIndex.feature.cs
  SpecFlowGeneratedFiles: Toolbox\Data\Replace\Replace.feature.cs
  SpecFlowGeneratedFiles: Toolbox\Email\Email\Email.feature.cs
  SpecFlowGeneratedFiles: Toolbox\Email\Exchange\ExchangeEmail.feature.cs
  SpecFlowGeneratedFiles: Toolbox\Exchange\ExchangeEmail.feature.cs
  SpecFlowGeneratedFiles: Toolbox\FileAndFolder\Copy\Copy.feature.cs
  SpecFlowGeneratedFiles: Toolbox\FileAndFolder\Create\Create.feature.cs
  SpecFlowGeneratedFiles: Toolbox\FileAndFolder\Delete\Delete.feature.cs
  SpecFlowGeneratedFiles: Toolbox\FileAndFolder\Move\Move.feature.cs
  SpecFlowGeneratedFiles: Toolbox\FileAndFolder\Read File\Read File.feature.cs
  SpecFlowGeneratedFiles: Toolbox\FileAndFolder\Read Folder\Read Folder.feature.cs
  SpecFlowGeneratedFiles: Toolbox\FileAndFolder\ReadFolderNew\Read Folder New.feature.cs
  SpecFlowGeneratedFiles: Toolbox\FileAndFolder\Rename\Rename.feature.cs
  SpecFlowGeneratedFiles: Toolbox\FileAndFolder\Unzip\Unzip.feature.cs
  SpecFlowGeneratedFiles: Toolbox\FileAndFolder\Write File\Write File.feature.cs
  SpecFlowGeneratedFiles: Toolbox\FileAndFolder\Zip\Zip.feature.cs
  SpecFlowGeneratedFiles: Toolbox\LoopConstructs\ForEach\ForEach.feature.cs
  SpecFlowGeneratedFiles: Toolbox\LoopConstructs\Select And Apply\SelectAndApply.feature.cs
  SpecFlowGeneratedFiles: Toolbox\Recordset\CountNullHandler\CountNullHandler.feature.cs
  SpecFlowGeneratedFiles: Toolbox\Recordset\Count\Count.feature.cs
  SpecFlowGeneratedFiles: Toolbox\Recordset\DeleteNullHandler\Delete.feature.cs
  SpecFlowGeneratedFiles: Toolbox\Recordset\Delete\Delete.feature.cs
  SpecFlowGeneratedFiles: Toolbox\Recordset\FindRecordIndexMultiple\FindRecordsetIndexMultiple.feature.cs
  SpecFlowGeneratedFiles: Toolbox\Recordset\LengthNullHandler\Length.feature.cs
  SpecFlowGeneratedFiles: Toolbox\Recordset\Length\Length.feature.cs
  SpecFlowGeneratedFiles: Toolbox\Recordset\Sort\Sort.feature.cs
  SpecFlowGeneratedFiles: Toolbox\Recordset\Unique\Unique.feature.cs
  SpecFlowGeneratedFiles: Toolbox\Resources\WcfService\WcfServiceConnector.feature.cs
  SpecFlowGeneratedFiles: Toolbox\Resources\Web\DeleteWebConnectorTool.feature.cs
  SpecFlowGeneratedFiles: Toolbox\Resources\Web\PutWebConnectorTool.feature.cs
  SpecFlowGeneratedFiles: Toolbox\Resources\Web\WebGet.feature.cs
  SpecFlowGeneratedFiles: Toolbox\Scripting\Command\Command.feature.cs
  SpecFlowGeneratedFiles: Toolbox\Scripting\javascript\Javascript.feature.cs
  SpecFlowGeneratedFiles: Toolbox\Scripting\Python\Python.feature.cs
  SpecFlowGeneratedFiles: Toolbox\Scripting\ruby\Ruby.feature.cs
  SpecFlowGeneratedFiles: Toolbox\Scripting\Script\Script.feature.cs
  SpecFlowGeneratedFiles: Toolbox\Storage\Dropbox\DeleteDropbox.feature.cs
  SpecFlowGeneratedFiles: Toolbox\Storage\Dropbox\DownloadDropbox.feature.cs
  SpecFlowGeneratedFiles: Toolbox\Storage\Dropbox\ReadDropbox.feature.cs
  SpecFlowGeneratedFiles: Toolbox\Storage\Dropbox\UploadDropbox.feature.cs
  SpecFlowGeneratedFiles: Toolbox\Utility\Calculate\Aggregate Calculate.feature.cs
  SpecFlowGeneratedFiles: Toolbox\Utility\Calculate\Calculate.feature.cs
  SpecFlowGeneratedFiles: Toolbox\Utility\DateandTimeDifference\DateandTimeDifference.feature.cs
  SpecFlowGeneratedFiles: Toolbox\Utility\DateandTime\DateandTime.feature.cs
  SpecFlowGeneratedFiles: Toolbox\Utility\FormatNumber\FormatNumber.feature.cs
  SpecFlowGeneratedFiles: Toolbox\Utility\GatherSystemInformation\GatherSystemInformation.feature.cs
  SpecFlowGeneratedFiles: Toolbox\Utility\RabbitMQ\Consume\ConsumeRabbitMQ.feature.cs
  SpecFlowGeneratedFiles: Toolbox\Utility\RabbitMQ\Publish\PublishRabbitMQ.feature.cs
  SpecFlowGeneratedFiles: Toolbox\Utility\Random\Random.feature.cs
  SpecFlowGeneratedFiles: Toolbox\Utility\Redis\Cache\CacheRedis.feature.cs
  SpecFlowGeneratedFiles: Toolbox\Utility\WebRequest\WebRequest.feature.cs
  SpecFlowGeneratedFiles: Toolbox\Utility\XPath\XPath.feature.cs
  Warewolf.Common.Interfaces.NetStandard20 -> C:\Users\ultra\warewolf\Dev\Warewolf.Common.Interfaces.NetStandard20\bin\Debug\net8.0\Warewolf.Common.Interfaces.NetStandard20.dll
C:\Users\ultra\warewolf\Dev\Warewolf.ResourceManagement\Warewolf.ResourceManagement.csproj : warning NU1701: Package 'AeroWizard 2.3.1' was restored using '.NETFramework,Version=v4.6.1, .NETFramework,Version=v4.6.2, .NETFramework,Version=v4.7, .NETFramework,Version=v4.7.1, .NETFramework,Version=v4.7.2, .NETFramework,Version=v4.8, .NETFramework,Version=v4.8.1' instead of the project target framework 'net8.0'. This package may not be fully compatible with your project.
C:\Users\ultra\warewolf\Dev\Warewolf.ResourceManagement\Warewolf.ResourceManagement.csproj : warning NU1701: Package 'GroupControls 1.9.0' was restored using '.NETFramework,Version=v4.6.1, .NETFramework,Version=v4.6.2, .NETFramework,Version=v4.7, .NETFramework,Version=v4.7.1, .NETFramework,Version=v4.7.2, .NETFramework,Version=v4.8, .NETFramework,Version=v4.8.1' instead of the project target framework 'net8.0'. This package may not be fully compatible with your project.
C:\Users\ultra\warewolf\Dev\Warewolf.ResourceManagement\Warewolf.ResourceManagement.csproj : warning NU1701: Package 'ReactiveUI.WPF 18.4.1' was restored using '.NETFramework,Version=v4.6.1, .NETFramework,Version=v4.6.2, .NETFramework,Version=v4.7, .NETFramework,Version=v4.7.1, .NETFramework,Version=v4.7.2, .NETFramework,Version=v4.8, .NETFramework,Version=v4.8.1' instead of the project target framework 'net8.0'. This package may not be fully compatible with your project.
C:\Users\ultra\warewolf\Dev\Warewolf.ResourceManagement\Warewolf.ResourceManagement.csproj : warning NU1701: Package 'TaskSchedulerEditor 2.10.1' was restored using '.NETFramework,Version=v4.6.1, .NETFramework,Version=v4.6.2, .NETFramework,Version=v4.7, .NETFramework,Version=v4.7.1, .NETFramework,Version=v4.7.2, .NETFramework,Version=v4.8, .NETFramework,Version=v4.8.1' instead of the project target framework 'net8.0'. This package may not be fully compatible with your project.
C:\Users\ultra\warewolf\Dev\Warewolf.Interfaces\Data\ChatbotSettingsData.cs(20,23): warning CS0169: The field 'ChatbotSettingsData._encryptDataSource' is never used [C:\Users\ultra\warewolf\Dev\Warewolf.Interfaces\Warewolf.Interfaces.csproj]
C:\Users\ultra\warewolf\Dev\Warewolf.Interfaces\Auditing\SerializableException.cs(15,7): warning CS0414: The field 'SerializableException.HResult' is assigned but its value is never used [C:\Users\ultra\warewolf\Dev\Warewolf.Interfaces\Warewolf.Interfaces.csproj]
  Warewolf.ServiceDefinitions -> C:\Users\ultra\warewolf\Dev\Warewolf.ServiceDefinitions\bin\Debug\net8.0\Warewolf.ServiceDefinitions.dll
  Warewolf.Interfaces -> C:\Users\ultra\warewolf\Dev\Warewolf.Interfaces\bin\Debug\net8.0\Warewolf.Interfaces.dll
C:\Users\ultra\warewolf\Dev\Warewolf.Studio.Themes.Luna\Warewolf.Studio.Themes.Luna.csproj : warning NU1701: Package 'AeroWizard 2.3.1' was restored using '.NETFramework,Version=v4.6.1, .NETFramework,Version=v4.6.2, .NETFramework,Version=v4.7, .NETFramework,Version=v4.7.1, .NETFramework,Version=v4.7.2, .NETFramework,Version=v4.8, .NETFramework,Version=v4.8.1' instead of the project target framework 'net8.0'. This package may not be fully compatible with your project.
C:\Users\ultra\warewolf\Dev\Warewolf.Studio.Themes.Luna\Warewolf.Studio.Themes.Luna.csproj : warning NU1701: Package 'GroupControls 1.9.0' was restored using '.NETFramework,Version=v4.6.1, .NETFramework,Version=v4.6.2, .NETFramework,Version=v4.7, .NETFramework,Version=v4.7.1, .NETFramework,Version=v4.7.2, .NETFramework,Version=v4.8, .NETFramework,Version=v4.8.1' instead of the project target framework 'net8.0'. This package may not be fully compatible with your project.
C:\Users\ultra\warewolf\Dev\Warewolf.Studio.Themes.Luna\Warewolf.Studio.Themes.Luna.csproj : warning NU1701: Package 'Microsoft.Xaml.Behaviors.Wpf 1.1.122' was restored using '.NETFramework,Version=v4.6.1, .NETFramework,Version=v4.6.2, .NETFramework,Version=v4.7, .NETFramework,Version=v4.7.1, .NETFramework,Version=v4.7.2, .NETFramework,Version=v4.8, .NETFramework,Version=v4.8.1' instead of the project target framework 'net8.0'. This package may not be fully compatible with your project.
C:\Users\ultra\warewolf\Dev\Warewolf.Studio.Themes.Luna\Warewolf.Studio.Themes.Luna.csproj : warning NU1701: Package 'Prism.Wpf 9.0.537' was restored using '.NETFramework,Version=v4.6.1, .NETFramework,Version=v4.6.2, .NETFramework,Version=v4.7, .NETFramework,Version=v4.7.1, .NETFramework,Version=v4.7.2, .NETFramework,Version=v4.8, .NETFramework,Version=v4.8.1' instead of the project target framework 'net8.0'. This package may not be fully compatible with your project.
C:\Users\ultra\warewolf\Dev\Warewolf.Studio.Themes.Luna\Warewolf.Studio.Themes.Luna.csproj : warning NU1701: Package 'ReactiveUI.WPF 18.4.1' was restored using '.NETFramework,Version=v4.6.1, .NETFramework,Version=v4.6.2, .NETFramework,Version=v4.7, .NETFramework,Version=v4.7.1, .NETFramework,Version=v4.7.2, .NETFramework,Version=v4.8, .NETFramework,Version=v4.8.1' instead of the project target framework 'net8.0'. This package may not be fully compatible with your project.
C:\Users\ultra\warewolf\Dev\Warewolf.Studio.Themes.Luna\Warewolf.Studio.Themes.Luna.csproj : warning NU1701: Package 'TaskSchedulerEditor 2.10.1' was restored using '.NETFramework,Version=v4.6.1, .NETFramework,Version=v4.6.2, .NETFramework,Version=v4.7, .NETFramework,Version=v4.7.1, .NETFramework,Version=v4.7.2, .NETFramework,Version=v4.8, .NETFramework,Version=v4.8.1' instead of the project target framework 'net8.0'. This package may not be fully compatible with your project.
C:\Users\ultra\warewolf\Dev\Warewolf.Sharepoint\Warewolf.Sharepoint.csproj : warning NU1701: Package 'AeroWizard 2.3.1' was restored using '.NETFramework,Version=v4.6.1, .NETFramework,Version=v4.6.2, .NETFramework,Version=v4.7, .NETFramework,Version=v4.7.1, .NETFramework,Version=v4.7.2, .NETFramework,Version=v4.8, .NETFramework,Version=v4.8.1' instead of the project target framework 'net8.0'. This package may not be fully compatible with your project.
C:\Users\ultra\warewolf\Dev\Warewolf.Sharepoint\Warewolf.Sharepoint.csproj : warning NU1701: Package 'GroupControls 1.9.0' was restored using '.NETFramework,Version=v4.6.1, .NETFramework,Version=v4.6.2, .NETFramework,Version=v4.7, .NETFramework,Version=v4.7.1, .NETFramework,Version=v4.7.2, .NETFramework,Version=v4.8, .NETFramework,Version=v4.8.1' instead of the project target framework 'net8.0'. This package may not be fully compatible with your project.
C:\Users\ultra\warewolf\Dev\Warewolf.Sharepoint\Warewolf.Sharepoint.csproj : warning NU1701: Package 'ReactiveUI.WPF 18.4.1' was restored using '.NETFramework,Version=v4.6.1, .NETFramework,Version=v4.6.2, .NETFramework,Version=v4.7, .NETFramework,Version=v4.7.1, .NETFramework,Version=v4.7.2, .NETFramework,Version=v4.8, .NETFramework,Version=v4.8.1' instead of the project target framework 'net8.0'. This package may not be fully compatible with your project.
C:\Users\ultra\warewolf\Dev\Warewolf.Sharepoint\Warewolf.Sharepoint.csproj : warning NU1701: Package 'TaskSchedulerEditor 2.10.1' was restored using '.NETFramework,Version=v4.6.1, .NETFramework,Version=v4.6.2, .NETFramework,Version=v4.7, .NETFramework,Version=v4.7.1, .NETFramework,Version=v4.7.2, .NETFramework,Version=v4.8, .NETFramework,Version=v4.8.1' instead of the project target framework 'net8.0'. This package may not be fully compatible with your project.
C:\Users\ultra\warewolf\Dev\Dev2.SignalR.Wrappers.New\Dev2.SignalR.Wrappers.New.csproj : warning NU1701: Package 'AeroWizard 2.3.1' was restored using '.NETFramework,Version=v4.6.1, .NETFramework,Version=v4.6.2, .NETFramework,Version=v4.7, .NETFramework,Version=v4.7.1, .NETFramework,Version=v4.7.2, .NETFramework,Version=v4.8, .NETFramework,Version=v4.8.1' instead of the project target framework 'net8.0'. This package may not be fully compatible with your project.
C:\Users\ultra\warewolf\Dev\Dev2.SignalR.Wrappers.New\Dev2.SignalR.Wrappers.New.csproj : warning NU1701: Package 'GroupControls 1.9.0' was restored using '.NETFramework,Version=v4.6.1, .NETFramework,Version=v4.6.2, .NETFramework,Version=v4.7, .NETFramework,Version=v4.7.1, .NETFramework,Version=v4.7.2, .NETFramework,Version=v4.8, .NETFramework,Version=v4.8.1' instead of the project target framework 'net8.0'. This package may not be fully compatible with your project.
C:\Users\ultra\warewolf\Dev\Dev2.SignalR.Wrappers.New\Dev2.SignalR.Wrappers.New.csproj : warning NU1701: Package 'ReactiveUI.WPF 18.4.1' was restored using '.NETFramework,Version=v4.6.1, .NETFramework,Version=v4.6.2, .NETFramework,Version=v4.7, .NETFramework,Version=v4.7.1, .NETFramework,Version=v4.7.2, .NETFramework,Version=v4.8, .NETFramework,Version=v4.8.1' instead of the project target framework 'net8.0'. This package may not be fully compatible with your project.
C:\Users\ultra\warewolf\Dev\Dev2.SignalR.Wrappers.New\Dev2.SignalR.Wrappers.New.csproj : warning NU1701: Package 'TaskSchedulerEditor 2.10.1' was restored using '.NETFramework,Version=v4.6.1, .NETFramework,Version=v4.6.2, .NETFramework,Version=v4.7, .NETFramework,Version=v4.7.1, .NETFramework,Version=v4.7.2, .NETFramework,Version=v4.8, .NETFramework,Version=v4.8.1' instead of the project target framework 'net8.0'. This package may not be fully compatible with your project.
C:\Users\ultra\warewolf\Dev\Warewolf.PerfMon\Warewolf.PerfMon.csproj : warning NU1701: Package 'AeroWizard 2.3.1' was restored using '.NETFramework,Version=v4.6.1, .NETFramework,Version=v4.6.2, .NETFramework,Version=v4.7, .NETFramework,Version=v4.7.1, .NETFramework,Version=v4.7.2, .NETFramework,Version=v4.8, .NETFramework,Version=v4.8.1' instead of the project target framework 'net8.0'. This package may not be fully compatible with your project.
C:\Users\ultra\warewolf\Dev\Warewolf.PerfMon\Warewolf.PerfMon.csproj : warning NU1701: Package 'GroupControls 1.9.0' was restored using '.NETFramework,Version=v4.6.1, .NETFramework,Version=v4.6.2, .NETFramework,Version=v4.7, .NETFramework,Version=v4.7.1, .NETFramework,Version=v4.7.2, .NETFramework,Version=v4.8, .NETFramework,Version=v4.8.1' instead of the project target framework 'net8.0'. This package may not be fully compatible with your project.
C:\Users\ultra\warewolf\Dev\Warewolf.PerfMon\Warewolf.PerfMon.csproj : warning NU1701: Package 'ReactiveUI.WPF 18.4.1' was restored using '.NETFramework,Version=v4.6.1, .NETFramework,Version=v4.6.2, .NETFramework,Version=v4.7, .NETFramework,Version=v4.7.1, .NETFramework,Version=v4.7.2, .NETFramework,Version=v4.8, .NETFramework,Version=v4.8.1' instead of the project target framework 'net8.0'. This package may not be fully compatible with your project.
C:\Users\ultra\warewolf\Dev\Warewolf.PerfMon\Warewolf.PerfMon.csproj : warning NU1701: Package 'TaskSchedulerEditor 2.10.1' was restored using '.NETFramework,Version=v4.6.1, .NETFramework,Version=v4.6.2, .NETFramework,Version=v4.7, .NETFramework,Version=v4.7.1, .NETFramework,Version=v4.7.2, .NETFramework,Version=v4.8, .NETFramework,Version=v4.8.1' instead of the project target framework 'net8.0'. This package may not be fully compatible with your project.
  Warewolf.Resource -> C:\Users\ultra\warewolf\Dev\Warewolf.Resource\bin\Debug\net8.0\Warewolf.Resource.dll
C:\Users\ultra\warewolf\Dev\Warewolf.Trigger.Queue\Warewolf.Trigger.Queue.csproj : warning NU1701: Package 'AeroWizard 2.3.1' was restored using '.NETFramework,Version=v4.6.1, .NETFramework,Version=v4.6.2, .NETFramework,Version=v4.7, .NETFramework,Version=v4.7.1, .NETFramework,Version=v4.7.2, .NETFramework,Version=v4.8, .NETFramework,Version=v4.8.1' instead of the project target framework 'net8.0'. This package may not be fully compatible with your project.
C:\Users\ultra\warewolf\Dev\Warewolf.Trigger.Queue\Warewolf.Trigger.Queue.csproj : warning NU1701: Package 'GroupControls 1.9.0' was restored using '.NETFramework,Version=v4.6.1, .NETFramework,Version=v4.6.2, .NETFramework,Version=v4.7, .NETFramework,Version=v4.7.1, .NETFramework,Version=v4.7.2, .NETFramework,Version=v4.8, .NETFramework,Version=v4.8.1' instead of the project target framework 'net8.0'. This package may not be fully compatible with your project.
C:\Users\ultra\warewolf\Dev\Warewolf.Trigger.Queue\Warewolf.Trigger.Queue.csproj : warning NU1701: Package 'Microsoft.Xaml.Behaviors.Wpf 1.1.122' was restored using '.NETFramework,Version=v4.6.1, .NETFramework,Version=v4.6.2, .NETFramework,Version=v4.7, .NETFramework,Version=v4.7.1, .NETFramework,Version=v4.7.2, .NETFramework,Version=v4.8, .NETFramework,Version=v4.8.1' instead of the project target framework 'net8.0'. This package may not be fully compatible with your project.
C:\Users\ultra\warewolf\Dev\Warewolf.Trigger.Queue\Warewolf.Trigger.Queue.csproj : warning NU1701: Package 'Prism.Wpf 9.0.537' was restored using '.NETFramework,Version=v4.6.1, .NETFramework,Version=v4.6.2, .NETFramework,Version=v4.7, .NETFramework,Version=v4.7.1, .NETFramework,Version=v4.7.2, .NETFramework,Version=v4.8, .NETFramework,Version=v4.8.1' instead of the project target framework 'net8.0'. This package may not be fully compatible with your project.
C:\Users\ultra\warewolf\Dev\Warewolf.Trigger.Queue\Warewolf.Trigger.Queue.csproj : warning NU1701: Package 'ReactiveUI.WPF 18.4.1' was restored using '.NETFramework,Version=v4.6.1, .NETFramework,Version=v4.6.2, .NETFramework,Version=v4.7, .NETFramework,Version=v4.7.1, .NETFramework,Version=v4.7.2, .NETFramework,Version=v4.8, .NETFramework,Version=v4.8.1' instead of the project target framework 'net8.0'. This package may not be fully compatible with your project.
C:\Users\ultra\warewolf\Dev\Warewolf.Trigger.Queue\Warewolf.Trigger.Queue.csproj : warning NU1701: Package 'TaskSchedulerEditor 2.10.1' was restored using '.NETFramework,Version=v4.6.1, .NETFramework,Version=v4.6.2, .NETFramework,Version=v4.7, .NETFramework,Version=v4.7.1, .NETFramework,Version=v4.7.2, .NETFramework,Version=v4.8, .NETFramework,Version=v4.8.1' instead of the project target framework 'net8.0'. This package may not be fully compatible with your project.
C:\Users\ultra\warewolf\Dev\Warewolf.Security\Encryption\AESThenHMAC.cs(168,34): warning SYSLIB0021: 'AesManaged' is obsolete: 'Derived cryptographic types are obsolete. Use the Create method on the base type instead.' (https://aka.ms/dotnet-warnings/SYSLIB0021) [C:\Users\ultra\warewolf\Dev\Warewolf.Security\Warewolf.Security.csproj]
C:\Users\ultra\warewolf\Dev\Warewolf.Security\Encryption\AESThenHMAC.cs(264,38): warning SYSLIB0021: 'AesManaged' is obsolete: 'Derived cryptographic types are obsolete. Use the Create method on the base type instead.' (https://aka.ms/dotnet-warnings/SYSLIB0021) [C:\Users\ultra\warewolf\Dev\Warewolf.Security\Warewolf.Security.csproj]
C:\Users\ultra\warewolf\Dev\Warewolf.Security\Encryption\AESThenHMAC.cs(331,36): warning SYSLIB0041: 'Rfc2898DeriveBytes.Rfc2898DeriveBytes(string, int, int)' is obsolete: 'The default hash algorithm and iteration counts in Rfc2898DeriveBytes constructors are outdated and insecure. Use a constructor that accepts the hash algorithm and the number of iterations.' (https://aka.ms/dotnet-warnings/SYSLIB0041) [C:\Users\ultra\warewolf\Dev\Warewolf.Security\Warewolf.Security.csproj]
C:\Users\ultra\warewolf\Dev\Warewolf.Security\Encryption\AESThenHMAC.cs(345,36): warning SYSLIB0041: 'Rfc2898DeriveBytes.Rfc2898DeriveBytes(string, int, int)' is obsolete: 'The default hash algorithm and iteration counts in Rfc2898DeriveBytes constructors are outdated and insecure. Use a constructor that accepts the hash algorithm and the number of iterations.' (https://aka.ms/dotnet-warnings/SYSLIB0041) [C:\Users\ultra\warewolf\Dev\Warewolf.Security\Warewolf.Security.csproj]
C:\Users\ultra\warewolf\Dev\Warewolf.Security\Encryption\AESThenHMAC.cs(393,36): warning SYSLIB0041: 'Rfc2898DeriveBytes.Rfc2898DeriveBytes(string, byte[], int)' is obsolete: 'The default hash algorithm and iteration counts in Rfc2898DeriveBytes constructors are outdated and insecure. Use a constructor that accepts the hash algorithm and the number of iterations.' (https://aka.ms/dotnet-warnings/SYSLIB0041) [C:\Users\ultra\warewolf\Dev\Warewolf.Security\Warewolf.Security.csproj]
C:\Users\ultra\warewolf\Dev\Warewolf.Security\Encryption\AESThenHMAC.cs(398,36): warning SYSLIB0041: 'Rfc2898DeriveBytes.Rfc2898DeriveBytes(string, byte[], int)' is obsolete: 'The default hash algorithm and iteration counts in Rfc2898DeriveBytes constructors are outdated and insecure. Use a constructor that accepts the hash algorithm and the number of iterations.' (https://aka.ms/dotnet-warnings/SYSLIB0041) [C:\Users\ultra\warewolf\Dev\Warewolf.Security\Warewolf.Security.csproj]
C:\Users\ultra\warewolf\Dev\Dev2.Infrastructure\Dev2.Infrastructure.csproj : warning NU1903: Package 'Microsoft.Windows.Compatibility' 6.0.0 has a known high severity vulnerability, https://github.com/advisories/GHSA-555c-2p6r-68mm
C:\Users\ultra\warewolf\Dev\Dev2.Infrastructure\Dev2.Infrastructure.csproj : warning NU1701: Package 'AeroWizard 2.3.1' was restored using '.NETFramework,Version=v4.6.1, .NETFramework,Version=v4.6.2, .NETFramework,Version=v4.7, .NETFramework,Version=v4.7.1, .NETFramework,Version=v4.7.2, .NETFramework,Version=v4.8, .NETFramework,Version=v4.8.1' instead of the project target framework 'net8.0'. This package may not be fully compatible with your project.
C:\Users\ultra\warewolf\Dev\Dev2.Infrastructure\Dev2.Infrastructure.csproj : warning NU1701: Package 'GroupControls 1.9.0' was restored using '.NETFramework,Version=v4.6.1, .NETFramework,Version=v4.6.2, .NETFramework,Version=v4.7, .NETFramework,Version=v4.7.1, .NETFramework,Version=v4.7.2, .NETFramework,Version=v4.8, .NETFramework,Version=v4.8.1' instead of the project target framework 'net8.0'. This package may not be fully compatible with your project.
C:\Users\ultra\warewolf\Dev\Dev2.Infrastructure\Dev2.Infrastructure.csproj : warning NU1701: Package 'ReactiveUI.WPF 18.4.1' was restored using '.NETFramework,Version=v4.6.1, .NETFramework,Version=v4.6.2, .NETFramework,Version=v4.7, .NETFramework,Version=v4.7.1, .NETFramework,Version=v4.7.2, .NETFramework,Version=v4.8, .NETFramework,Version=v4.8.1' instead of the project target framework 'net8.0'. This package may not be fully compatible with your project.
  Warewolf.ServiceDefinitions -> C:\Users\ultra\warewolf\Bin\ServerTests-Windows\
C:\Users\ultra\warewolf\Dev\Dev2.Infrastructure\Dev2.Infrastructure.csproj : warning NU1701: Package 'TaskSchedulerEditor 2.10.1' was restored using '.NETFramework,Version=v4.6.1, .NETFramework,Version=v4.6.2, .NETFramework,Version=v4.7, .NETFramework,Version=v4.7.1, .NETFramework,Version=v4.7.2, .NETFramework,Version=v4.8, .NETFramework,Version=v4.8.1' instead of the project target framework 'net8.0'. This package may not be fully compatible with your project.
C:\Users\ultra\warewolf\Dev\Warewolf.MergeParser.Tests\Warewolf.MergeParser.Tests.csproj : warning NU1701: Package 'AeroWizard 2.3.1' was restored using '.NETFramework,Version=v4.6.1, .NETFramework,Version=v4.6.2, .NETFramework,Version=v4.7, .NETFramework,Version=v4.7.1, .NETFramework,Version=v4.7.2, .NETFramework,Version=v4.8, .NETFramework,Version=v4.8.1' instead of the project target framework 'net8.0'. This package may not be fully compatible with your project.
C:\Users\ultra\warewolf\Dev\Warewolf.MergeParser.Tests\Warewolf.MergeParser.Tests.csproj : warning NU1701: Package 'GroupControls 1.9.0' was restored using '.NETFramework,Version=v4.6.1, .NETFramework,Version=v4.6.2, .NETFramework,Version=v4.7, .NETFramework,Version=v4.7.1, .NETFramework,Version=v4.7.2, .NETFramework,Version=v4.8, .NETFramework,Version=v4.8.1' instead of the project target framework 'net8.0'. This package may not be fully compatible with your project.
C:\Users\ultra\warewolf\Dev\Warewolf.MergeParser.Tests\Warewolf.MergeParser.Tests.csproj : warning NU1701: Package 'Microsoft.Xaml.Behaviors.Wpf 1.1.122' was restored using '.NETFramework,Version=v4.6.1, .NETFramework,Version=v4.6.2, .NETFramework,Version=v4.7, .NETFramework,Version=v4.7.1, .NETFramework,Version=v4.7.2, .NETFramework,Version=v4.8, .NETFramework,Version=v4.8.1' instead of the project target framework 'net8.0'. This package may not be fully compatible with your project.
C:\Users\ultra\warewolf\Dev\Warewolf.MergeParser.Tests\Warewolf.MergeParser.Tests.csproj : warning NU1701: Package 'Prism.Wpf 9.0.537' was restored using '.NETFramework,Version=v4.6.1, .NETFramework,Version=v4.6.2, .NETFramework,Version=v4.7, .NETFramework,Version=v4.7.1, .NETFramework,Version=v4.7.2, .NETFramework,Version=v4.8, .NETFramework,Version=v4.8.1' instead of the project target framework 'net8.0'. This package may not be fully compatible with your project.
C:\Users\ultra\warewolf\Dev\Warewolf.MergeParser.Tests\Warewolf.MergeParser.Tests.csproj : warning NU1701: Package 'ReactiveUI.WPF 18.4.1' was restored using '.NETFramework,Version=v4.6.1, .NETFramework,Version=v4.6.2, .NETFramework,Version=v4.7, .NETFramework,Version=v4.7.1, .NETFramework,Version=v4.7.2, .NETFramework,Version=v4.8, .NETFramework,Version=v4.8.1' instead of the project target framework 'net8.0'. This package may not be fully compatible with your project.
C:\Users\ultra\warewolf\Dev\Warewolf.MergeParser.Tests\Warewolf.MergeParser.Tests.csproj : warning NU1701: Package 'TaskSchedulerEditor 2.10.1' was restored using '.NETFramework,Version=v4.6.1, .NETFramework,Version=v4.6.2, .NETFramework,Version=v4.7, .NETFramework,Version=v4.7.1, .NETFramework,Version=v4.7.2, .NETFramework,Version=v4.8, .NETFramework,Version=v4.8.1' instead of the project target framework 'net8.0'. This package may not be fully compatible with your project.
  Warewolf.Security -> C:\Users\ultra\warewolf\Dev\Warewolf.Security\bin\Debug\net8.0\Warewolf.Security.dll
C:\Users\ultra\warewolf\Dev\Dev2.Studio.Interfaces\Dev2.Studio.Interfaces.csproj : warning NU1701: Package 'AeroWizard 2.3.1' was restored using '.NETFramework,Version=v4.6.1, .NETFramework,Version=v4.6.2, .NETFramework,Version=v4.7, .NETFramework,Version=v4.7.1, .NETFramework,Version=v4.7.2, .NETFramework,Version=v4.8, .NETFramework,Version=v4.8.1' instead of the project target framework 'net8.0'. This package may not be fully compatible with your project.
C:\Users\ultra\warewolf\Dev\Dev2.Studio.Interfaces\Dev2.Studio.Interfaces.csproj : warning NU1701: Package 'GroupControls 1.9.0' was restored using '.NETFramework,Version=v4.6.1, .NETFramework,Version=v4.6.2, .NETFramework,Version=v4.7, .NETFramework,Version=v4.7.1, .NETFramework,Version=v4.7.2, .NETFramework,Version=v4.8, .NETFramework,Version=v4.8.1' instead of the project target framework 'net8.0'. This package may not be fully compatible with your project.
C:\Users\ultra\warewolf\Dev\Dev2.Studio.Interfaces\Dev2.Studio.Interfaces.csproj : warning NU1701: Package 'Microsoft.Xaml.Behaviors.Wpf 1.1.122' was restored using '.NETFramework,Version=v4.6.1, .NETFramework,Version=v4.6.2, .NETFramework,Version=v4.7, .NETFramework,Version=v4.7.1, .NETFramework,Version=v4.7.2, .NETFramework,Version=v4.8, .NETFramework,Version=v4.8.1' instead of the project target framework 'net8.0'. This package may not be fully compatible with your project.
C:\Users\ultra\warewolf\Dev\Dev2.Studio.Interfaces\Dev2.Studio.Interfaces.csproj : warning NU1701: Package 'Prism.Wpf 9.0.537' was restored using '.NETFramework,Version=v4.6.1, .NETFramework,Version=v4.6.2, .NETFramework,Version=v4.7, .NETFramework,Version=v4.7.1, .NETFramework,Version=v4.7.2, .NETFramework,Version=v4.8, .NETFramework,Version=v4.8.1' instead of the project target framework 'net8.0'. This package may not be fully compatible with your project.
C:\Users\ultra\warewolf\Dev\Dev2.Studio.Interfaces\Dev2.Studio.Interfaces.csproj : warning NU1701: Package 'ReactiveUI.WPF 18.4.1' was restored using '.NETFramework,Version=v4.6.1, .NETFramework,Version=v4.6.2, .NETFramework,Version=v4.7, .NETFramework,Version=v4.7.1, .NETFramework,Version=v4.7.2, .NETFramework,Version=v4.8, .NETFramework,Version=v4.8.1' instead of the project target framework 'net8.0'. This package may not be fully compatible with your project.
C:\Users\ultra\warewolf\Dev\Dev2.Studio.Interfaces\Dev2.Studio.Interfaces.csproj : warning NU1701: Package 'TaskSchedulerEditor 2.10.1' was restored using '.NETFramework,Version=v4.6.1, .NETFramework,Version=v4.6.2, .NETFramework,Version=v4.7, .NETFramework,Version=v4.7.1, .NETFramework,Version=v4.7.2, .NETFramework,Version=v4.8, .NETFramework,Version=v4.8.1' instead of the project target framework 'net8.0'. This package may not be fully compatible with your project.
  Warewolf.Common.Interfaces.NetStandard20 -> C:\Users\ultra\warewolf\Bin\ServerTests-Windows\
C:\Program Files\dotnet\sdk\10.0.201\Sdks\Microsoft.NET.Sdk\targets\Microsoft.NET.Sdk.DefaultItems.targets(162,5): warning NETSDK1137: It is no longer necessary to use the Microsoft.NET.Sdk.WindowsDesktop SDK. Consider changing the Sdk attribute of the root Project element to 'Microsoft.NET.Sdk'. [C:\Users\ultra\warewolf\Dev\Warewolf.UI\Warewolf.UI.csproj]
C:\Program Files\dotnet\sdk\10.0.201\Sdks\Microsoft.NET.Sdk.WindowsDesktop\targets\Microsoft.NET.Sdk.WindowsDesktop.targets(138,5): warning NETSDK1106: Microsoft.NET.Sdk.WindowsDesktop requires 'UseWpf' or 'UseWindowsForms' to be set to 'true' [C:\Users\ultra\warewolf\Dev\Warewolf.UI\Warewolf.UI.csproj]
C:\Users\ultra\warewolf\Dev\Warewolf.UI\Warewolf.UI.csproj : warning NU1701: Package 'AeroWizard 2.3.1' was restored using '.NETFramework,Version=v4.6.1, .NETFramework,Version=v4.6.2, .NETFramework,Version=v4.7, .NETFramework,Version=v4.7.1, .NETFramework,Version=v4.7.2, .NETFramework,Version=v4.8, .NETFramework,Version=v4.8.1' instead of the project target framework 'net8.0'. This package may not be fully compatible with your project.
C:\Users\ultra\warewolf\Dev\Warewolf.UI\Warewolf.UI.csproj : warning NU1701: Package 'GroupControls 1.9.0' was restored using '.NETFramework,Version=v4.6.1, .NETFramework,Version=v4.6.2, .NETFramework,Version=v4.7, .NETFramework,Version=v4.7.1, .NETFramework,Version=v4.7.2, .NETFramework,Version=v4.8, .NETFramework,Version=v4.8.1' instead of the project target framework 'net8.0'. This package may not be fully compatible with your project.
C:\Users\ultra\warewolf\Dev\Warewolf.UI\Warewolf.UI.csproj : warning NU1701: Package 'Microsoft.Xaml.Behaviors.Wpf 1.1.122' was restored using '.NETFramework,Version=v4.6.1, .NETFramework,Version=v4.6.2, .NETFramework,Version=v4.7, .NETFramework,Version=v4.7.1, .NETFramework,Version=v4.7.2, .NETFramework,Version=v4.8, .NETFramework,Version=v4.8.1' instead of the project target framework 'net8.0'. This package may not be fully compatible with your project.
C:\Users\ultra\warewolf\Dev\Warewolf.UI\Warewolf.UI.csproj : warning NU1701: Package 'Prism.Wpf 9.0.537' was restored using '.NETFramework,Version=v4.6.1, .NETFramework,Version=v4.6.2, .NETFramework,Version=v4.7, .NETFramework,Version=v4.7.1, .NETFramework,Version=v4.7.2, .NETFramework,Version=v4.8, .NETFramework,Version=v4.8.1' instead of the project target framework 'net8.0'. This package may not be fully compatible with your project.
C:\Users\ultra\warewolf\Dev\Warewolf.UI\Warewolf.UI.csproj : warning NU1701: Package 'ReactiveUI.WPF 18.4.1' was restored using '.NETFramework,Version=v4.6.1, .NETFramework,Version=v4.6.2, .NETFramework,Version=v4.7, .NETFramework,Version=v4.7.1, .NETFramework,Version=v4.7.2, .NETFramework,Version=v4.8, .NETFramework,Version=v4.8.1' instead of the project target framework 'net8.0'. This package may not be fully compatible with your project.
C:\Users\ultra\warewolf\Dev\Warewolf.UI\Warewolf.UI.csproj : warning NU1701: Package 'TaskSchedulerEditor 2.10.1' was restored using '.NETFramework,Version=v4.6.1, .NETFramework,Version=v4.6.2, .NETFramework,Version=v4.7, .NETFramework,Version=v4.7.1, .NETFramework,Version=v4.7.2, .NETFramework,Version=v4.8, .NETFramework,Version=v4.8.1' instead of the project target framework 'net8.0'. This package may not be fully compatible with your project.
  GACManagerApi -> C:\Users\ultra\warewolf\Bin\ServerTests-Windows\
C:\Users\ultra\warewolf\Dev\Warewolf.AI.Harness\Warewolf.AI.Harness.csproj : warning NU1701: Package 'AeroWizard 2.3.1' was restored using '.NETFramework,Version=v4.6.1, .NETFramework,Version=v4.6.2, .NETFramework,Version=v4.7, .NETFramework,Version=v4.7.1, .NETFramework,Version=v4.7.2, .NETFramework,Version=v4.8, .NETFramework,Version=v4.8.1' instead of the project target framework 'net8.0'. This package may not be fully compatible with your project.
C:\Users\ultra\warewolf\Dev\Warewolf.AI.Harness\Warewolf.AI.Harness.csproj : warning NU1701: Package 'GroupControls 1.9.0' was restored using '.NETFramework,Version=v4.6.1, .NETFramework,Version=v4.6.2, .NETFramework,Version=v4.7, .NETFramework,Version=v4.7.1, .NETFramework,Version=v4.7.2, .NETFramework,Version=v4.8, .NETFramework,Version=v4.8.1' instead of the project target framework 'net8.0'. This package may not be fully compatible with your project.
C:\Users\ultra\warewolf\Dev\Warewolf.AI.Harness\Warewolf.AI.Harness.csproj : warning NU1701: Package 'TaskSchedulerEditor 2.10.1' was restored using '.NETFramework,Version=v4.6.1, .NETFramework,Version=v4.6.2, .NETFramework,Version=v4.7, .NETFramework,Version=v4.7.1, .NETFramework,Version=v4.7.2, .NETFramework,Version=v4.8, .NETFramework,Version=v4.8.1' instead of the project target framework 'net8.0'. This package may not be fully compatible with your project.
C:\Users\ultra\warewolf\Dev\Warewolf.Logger\Warewolf.Logger.csproj : warning NU1701: Package 'AeroWizard 2.3.1' was restored using '.NETFramework,Version=v4.6.1, .NETFramework,Version=v4.6.2, .NETFramework,Version=v4.7, .NETFramework,Version=v4.7.1, .NETFramework,Version=v4.7.2, .NETFramework,Version=v4.8, .NETFramework,Version=v4.8.1' instead of the project target framework 'net8.0'. This package may not be fully compatible with your project.
C:\Users\ultra\warewolf\Dev\Warewolf.Logger\Warewolf.Logger.csproj : warning NU1701: Package 'GroupControls 1.9.0' was restored using '.NETFramework,Version=v4.6.1, .NETFramework,Version=v4.6.2, .NETFramework,Version=v4.7, .NETFramework,Version=v4.7.1, .NETFramework,Version=v4.7.2, .NETFramework,Version=v4.8, .NETFramework,Version=v4.8.1' instead of the project target framework 'net8.0'. This package may not be fully compatible with your project.
C:\Users\ultra\warewolf\Dev\Warewolf.Logger\Warewolf.Logger.csproj : warning NU1701: Package 'Microsoft.Xaml.Behaviors.Wpf 1.1.122' was restored using '.NETFramework,Version=v4.6.1, .NETFramework,Version=v4.6.2, .NETFramework,Version=v4.7, .NETFramework,Version=v4.7.1, .NETFramework,Version=v4.7.2, .NETFramework,Version=v4.8, .NETFramework,Version=v4.8.1' instead of the project target framework 'net8.0'. This package may not be fully compatible with your project.
C:\Users\ultra\warewolf\Dev\Warewolf.Logger\Warewolf.Logger.csproj : warning NU1701: Package 'Prism.Wpf 9.0.537' was restored using '.NETFramework,Version=v4.6.1, .NETFramework,Version=v4.6.2, .NETFramework,Version=v4.7, .NETFramework,Version=v4.7.1, .NETFramework,Version=v4.7.2, .NETFramework,Version=v4.8, .NETFramework,Version=v4.8.1' instead of the project target framework 'net8.0'. This package may not be fully compatible with your project.
C:\Users\ultra\warewolf\Dev\Warewolf.Logger\Warewolf.Logger.csproj : warning NU1701: Package 'ReactiveUI.WPF 18.4.1' was restored using '.NETFramework,Version=v4.6.1, .NETFramework,Version=v4.6.2, .NETFramework,Version=v4.7, .NETFramework,Version=v4.7.1, .NETFramework,Version=v4.7.2, .NETFramework,Version=v4.8, .NETFramework,Version=v4.8.1' instead of the project target framework 'net8.0'. This package may not be fully compatible with your project.
C:\Users\ultra\warewolf\Dev\Warewolf.Logger\Warewolf.Logger.csproj : warning NU1701: Package 'TaskSchedulerEditor 2.10.1' was restored using '.NETFramework,Version=v4.6.1, .NETFramework,Version=v4.6.2, .NETFramework,Version=v4.7, .NETFramework,Version=v4.7.1, .NETFramework,Version=v4.7.2, .NETFramework,Version=v4.8, .NETFramework,Version=v4.8.1' instead of the project target framework 'net8.0'. This package may not be fully compatible with your project.
C:\Users\ultra\warewolf\Dev\Dev2.Studio.Core\Dev2.Studio.Core.csproj : warning NU1701: Package 'AeroWizard 2.3.1' was restored using '.NETFramework,Version=v4.6.1, .NETFramework,Version=v4.6.2, .NETFramework,Version=v4.7, .NETFramework,Version=v4.7.1, .NETFramework,Version=v4.7.2, .NETFramework,Version=v4.8, .NETFramework,Version=v4.8.1' instead of the project target framework 'net8.0'. This package may not be fully compatible with your project.
C:\Users\ultra\warewolf\Dev\Dev2.Studio.Core\Dev2.Studio.Core.csproj : warning NU1701: Package 'GroupControls 1.9.0' was restored using '.NETFramework,Version=v4.6.1, .NETFramework,Version=v4.6.2, .NETFramework,Version=v4.7, .NETFramework,Version=v4.7.1, .NETFramework,Version=v4.7.2, .NETFramework,Version=v4.8, .NETFramework,Version=v4.8.1' instead of the project target framework 'net8.0'. This package may not be fully compatible with your project.
C:\Users\ultra\warewolf\Dev\Dev2.Studio.Core\Dev2.Studio.Core.csproj : warning NU1701: Package 'Microsoft.Xaml.Behaviors.Wpf 1.1.122' was restored using '.NETFramework,Version=v4.6.1, .NETFramework,Version=v4.6.2, .NETFramework,Version=v4.7, .NETFramework,Version=v4.7.1, .NETFramework,Version=v4.7.2, .NETFramework,Version=v4.8, .NETFramework,Version=v4.8.1' instead of the project target framework 'net8.0'. This package may not be fully compatible with your project.
C:\Users\ultra\warewolf\Dev\Dev2.Studio.Core\Dev2.Studio.Core.csproj : warning NU1701: Package 'Prism.Wpf 9.0.537' was restored using '.NETFramework,Version=v4.6.1, .NETFramework,Version=v4.6.2, .NETFramework,Version=v4.7, .NETFramework,Version=v4.7.1, .NETFramework,Version=v4.7.2, .NETFramework,Version=v4.8, .NETFramework,Version=v4.8.1' instead of the project target framework 'net8.0'. This package may not be fully compatible with your project.
C:\Users\ultra\warewolf\Dev\Dev2.Studio.Core\Dev2.Studio.Core.csproj : warning NU1701: Package 'ReactiveUI.WPF 18.4.1' was restored using '.NETFramework,Version=v4.6.1, .NETFramework,Version=v4.6.2, .NETFramework,Version=v4.7, .NETFramework,Version=v4.7.1, .NETFramework,Version=v4.7.2, .NETFramework,Version=v4.8, .NETFramework,Version=v4.8.1' instead of the project target framework 'net8.0'. This package may not be fully compatible with your project.
C:\Users\ultra\warewolf\Dev\Dev2.Studio.Core\Dev2.Studio.Core.csproj : warning NU1701: Package 'TaskSchedulerEditor 2.10.1' was restored using '.NETFramework,Version=v4.6.1, .NETFramework,Version=v4.6.2, .NETFramework,Version=v4.7, .NETFramework,Version=v4.7.1, .NETFramework,Version=v4.7.2, .NETFramework,Version=v4.8, .NETFramework,Version=v4.8.1' instead of the project target framework 'net8.0'. This package may not be fully compatible with your project.
  Warewolf.Interfaces -> C:\Users\ultra\warewolf\Bin\ServerTests-Windows\
  Warewolf.Weave -> C:\Users\ultra\warewolf\Dev\Warewolf.Weave\bin\Debug\net8.0\Warewolf.Weave.dll
C:\Users\ultra\warewolf\Dev\Warewolf.MergeParser\Warewolf.MergeParser.csproj : warning NU1701: Package 'AeroWizard 2.3.1' was restored using '.NETFramework,Version=v4.6.1, .NETFramework,Version=v4.6.2, .NETFramework,Version=v4.7, .NETFramework,Version=v4.7.1, .NETFramework,Version=v4.7.2, .NETFramework,Version=v4.8, .NETFramework,Version=v4.8.1' instead of the project target framework 'net8.0'. This package may not be fully compatible with your project.
C:\Users\ultra\warewolf\Dev\Warewolf.MergeParser\Warewolf.MergeParser.csproj : warning NU1701: Package 'GroupControls 1.9.0' was restored using '.NETFramework,Version=v4.6.1, .NETFramework,Version=v4.6.2, .NETFramework,Version=v4.7, .NETFramework,Version=v4.7.1, .NETFramework,Version=v4.7.2, .NETFramework,Version=v4.8, .NETFramework,Version=v4.8.1' instead of the project target framework 'net8.0'. This package may not be fully compatible with your project.
C:\Users\ultra\warewolf\Dev\Warewolf.MergeParser\Warewolf.MergeParser.csproj : warning NU1701: Package 'Microsoft.Xaml.Behaviors.Wpf 1.1.122' was restored using '.NETFramework,Version=v4.6.1, .NETFramework,Version=v4.6.2, .NETFramework,Version=v4.7, .NETFramework,Version=v4.7.1, .NETFramework,Version=v4.7.2, .NETFramework,Version=v4.8, .NETFramework,Version=v4.8.1' instead of the project target framework 'net8.0'. This package may not be fully compatible with your project.
C:\Users\ultra\warewolf\Dev\Warewolf.MergeParser\Warewolf.MergeParser.csproj : warning NU1701: Package 'Prism.Wpf 9.0.537' was restored using '.NETFramework,Version=v4.6.1, .NETFramework,Version=v4.6.2, .NETFramework,Version=v4.7, .NETFramework,Version=v4.7.1, .NETFramework,Version=v4.7.2, .NETFramework,Version=v4.8, .NETFramework,Version=v4.8.1' instead of the project target framework 'net8.0'. This package may not be fully compatible with your project.
C:\Users\ultra\warewolf\Dev\Warewolf.MergeParser\Warewolf.MergeParser.csproj : warning NU1701: Package 'ReactiveUI.WPF 18.4.1' was restored using '.NETFramework,Version=v4.6.1, .NETFramework,Version=v4.6.2, .NETFramework,Version=v4.7, .NETFramework,Version=v4.7.1, .NETFramework,Version=v4.7.2, .NETFramework,Version=v4.8, .NETFramework,Version=v4.8.1' instead of the project target framework 'net8.0'. This package may not be fully compatible with your project.
C:\Users\ultra\warewolf\Dev\Warewolf.MergeParser\Warewolf.MergeParser.csproj : warning NU1701: Package 'TaskSchedulerEditor 2.10.1' was restored using '.NETFramework,Version=v4.6.1, .NETFramework,Version=v4.6.2, .NETFramework,Version=v4.7, .NETFramework,Version=v4.7.1, .NETFramework,Version=v4.7.2, .NETFramework,Version=v4.8, .NETFramework,Version=v4.8.1' instead of the project target framework 'net8.0'. This package may not be fully compatible with your project.
  Consider app.config remapping of assembly "System.Runtime.CompilerServices.Unsafe, Culture=neutral, PublicKeyToken=b03f5f7f11d50a3a" from Version "6.0.0.0" [] to Version "8.0.0.0" [C:\Program Files\dotnet\packs\Microsoft.NETCore.App.Ref\8.0.25\ref\net8.0\System.Runtime.CompilerServices.Unsafe.dll] to solve conflict and get rid of warning.
C:\Users\ultra\warewolf\Dev\Dev2.Scheduler\Dev2.Scheduler.csproj : warning NU1701: Package 'AeroWizard 2.3.1' was restored using '.NETFramework,Version=v4.6.1, .NETFramework,Version=v4.6.2, .NETFramework,Version=v4.7, .NETFramework,Version=v4.7.1, .NETFramework,Version=v4.7.2, .NETFramework,Version=v4.8, .NETFramework,Version=v4.8.1' instead of the project target framework 'net8.0'. This package may not be fully compatible with your project.
C:\Users\ultra\warewolf\Dev\Dev2.Scheduler\Dev2.Scheduler.csproj : warning NU1701: Package 'GroupControls 1.9.0' was restored using '.NETFramework,Version=v4.6.1, .NETFramework,Version=v4.6.2, .NETFramework,Version=v4.7, .NETFramework,Version=v4.7.1, .NETFramework,Version=v4.7.2, .NETFramework,Version=v4.8, .NETFramework,Version=v4.8.1' instead of the project target framework 'net8.0'. This package may not be fully compatible with your project.
C:\Users\ultra\warewolf\Dev\Dev2.Scheduler\Dev2.Scheduler.csproj : warning NU1701: Package 'ReactiveUI.WPF 18.4.1' was restored using '.NETFramework,Version=v4.6.1, .NETFramework,Version=v4.6.2, .NETFramework,Version=v4.7, .NETFramework,Version=v4.7.1, .NETFramework,Version=v4.7.2, .NETFramework,Version=v4.8, .NETFramework,Version=v4.8.1' instead of the project target framework 'net8.0'. This package may not be fully compatible with your project.
C:\Users\ultra\warewolf\Dev\Dev2.Scheduler\Dev2.Scheduler.csproj : warning NU1701: Package 'TaskSchedulerEditor 2.10.1' was restored using '.NETFramework,Version=v4.6.1, .NETFramework,Version=v4.6.2, .NETFramework,Version=v4.7, .NETFramework,Version=v4.7.1, .NETFramework,Version=v4.7.2, .NETFramework,Version=v4.8, .NETFramework,Version=v4.8.1' instead of the project target framework 'net8.0'. This package may not be fully compatible with your project.
C:\Users\ultra\warewolf\Dev\Warewolf.Common.NetStandard20\Warewolf.Common.NetStandard20.csproj : warning NU1701: Package 'AeroWizard 2.3.1' was restored using '.NETFramework,Version=v4.6.1, .NETFramework,Version=v4.6.2, .NETFramework,Version=v4.7, .NETFramework,Version=v4.7.1, .NETFramework,Version=v4.7.2, .NETFramework,Version=v4.8, .NETFramework,Version=v4.8.1' instead of the project target framework 'net8.0'. This package may not be fully compatible with your project.
C:\Users\ultra\warewolf\Dev\Warewolf.Common.NetStandard20\Warewolf.Common.NetStandard20.csproj : warning NU1701: Package 'GroupControls 1.9.0' was restored using '.NETFramework,Version=v4.6.1, .NETFramework,Version=v4.6.2, .NETFramework,Version=v4.7, .NETFramework,Version=v4.7.1, .NETFramework,Version=v4.7.2, .NETFramework,Version=v4.8, .NETFramework,Version=v4.8.1' instead of the project target framework 'net8.0'. This package may not be fully compatible with your project.
C:\Users\ultra\warewolf\Dev\Warewolf.Common.NetStandard20\Warewolf.Common.NetStandard20.csproj : warning NU1701: Package 'ReactiveUI.WPF 18.4.1' was restored using '.NETFramework,Version=v4.6.1, .NETFramework,Version=v4.6.2, .NETFramework,Version=v4.7, .NETFramework,Version=v4.7.1, .NETFramework,Version=v4.7.2, .NETFramework,Version=v4.8, .NETFramework,Version=v4.8.1' instead of the project target framework 'net8.0'. This package may not be fully compatible with your project.
C:\Users\ultra\warewolf\Dev\Warewolf.Common.NetStandard20\Warewolf.Common.NetStandard20.csproj : warning NU1701: Package 'TaskSchedulerEditor 2.10.1' was restored using '.NETFramework,Version=v4.6.1, .NETFramework,Version=v4.6.2, .NETFramework,Version=v4.7, .NETFramework,Version=v4.7.1, .NETFramework,Version=v4.7.2, .NETFramework,Version=v4.8, .NETFramework,Version=v4.8.1' instead of the project target framework 'net8.0'. This package may not be fully compatible with your project.
  Warewolf.Studio.Resources -> C:\Users\ultra\warewolf\Dev\Warewolf.Studio.Resources\bin\Debug\net8.0\Warewolf.Studio.Resources.dll
  Warewolf.Security -> C:\Users\ultra\warewolf\Bin\ServerTests-Windows\
C:\Users\ultra\warewolf\Dev\Warewolf.Exchange.Email.Wrapper\Warewolf.Exchange.Email.Wrapper.csproj : warning NU1701: Package 'AeroWizard 2.3.1' was restored using '.NETFramework,Version=v4.6.1, .NETFramework,Version=v4.6.2, .NETFramework,Version=v4.7, .NETFramework,Version=v4.7.1, .NETFramework,Version=v4.7.2, .NETFramework,Version=v4.8, .NETFramework,Version=v4.8.1' instead of the project target framework 'net8.0'. This package may not be fully compatible with your project.
C:\Users\ultra\warewolf\Dev\Warewolf.Exchange.Email.Wrapper\Warewolf.Exchange.Email.Wrapper.csproj : warning NU1701: Package 'GroupControls 1.9.0' was restored using '.NETFramework,Version=v4.6.1, .NETFramework,Version=v4.6.2, .NETFramework,Version=v4.7, .NETFramework,Version=v4.7.1, .NETFramework,Version=v4.7.2, .NETFramework,Version=v4.8, .NETFramework,Version=v4.8.1' instead of the project target framework 'net8.0'. This package may not be fully compatible with your project.
C:\Users\ultra\warewolf\Dev\Warewolf.Exchange.Email.Wrapper\Warewolf.Exchange.Email.Wrapper.csproj : warning NU1701: Package 'ReactiveUI.WPF 18.4.1' was restored using '.NETFramework,Version=v4.6.1, .NETFramework,Version=v4.6.2, .NETFramework,Version=v4.7, .NETFramework,Version=v4.7.1, .NETFramework,Version=v4.7.2, .NETFramework,Version=v4.8, .NETFramework,Version=v4.8.1' instead of the project target framework 'net8.0'. This package may not be fully compatible with your project.
C:\Users\ultra\warewolf\Dev\Warewolf.Exchange.Email.Wrapper\Warewolf.Exchange.Email.Wrapper.csproj : warning NU1701: Package 'TaskSchedulerEditor 2.10.1' was restored using '.NETFramework,Version=v4.6.1, .NETFramework,Version=v4.6.2, .NETFramework,Version=v4.7, .NETFramework,Version=v4.7.1, .NETFramework,Version=v4.7.2, .NETFramework,Version=v4.8, .NETFramework,Version=v4.8.1' instead of the project target framework 'net8.0'. This package may not be fully compatible with your project.
  Log4Net.Async -> C:\Users\ultra\warewolf\Dev\Log4Net.Async\bin\Debug\net8.0\Log4Net.Async.dll
C:\Users\ultra\warewolf\Dev\Warewolf.Testing\Warewolf.Testing.csproj : warning NU1701: Package 'AeroWizard 2.3.1' was restored using '.NETFramework,Version=v4.6.1, .NETFramework,Version=v4.6.2, .NETFramework,Version=v4.7, .NETFramework,Version=v4.7.1, .NETFramework,Version=v4.7.2, .NETFramework,Version=v4.8, .NETFramework,Version=v4.8.1' instead of the project target framework 'net8.0'. This package may not be fully compatible with your project.
C:\Users\ultra\warewolf\Dev\Warewolf.Testing\Warewolf.Testing.csproj : warning NU1701: Package 'GroupControls 1.9.0' was restored using '.NETFramework,Version=v4.6.1, .NETFramework,Version=v4.6.2, .NETFramework,Version=v4.7, .NETFramework,Version=v4.7.1, .NETFramework,Version=v4.7.2, .NETFramework,Version=v4.8, .NETFramework,Version=v4.8.1' instead of the project target framework 'net8.0'. This package may not be fully compatible with your project.
C:\Users\ultra\warewolf\Dev\Warewolf.Testing\Warewolf.Testing.csproj : warning NU1701: Package 'Microsoft.Xaml.Behaviors.Wpf 1.1.122' was restored using '.NETFramework,Version=v4.6.1, .NETFramework,Version=v4.6.2, .NETFramework,Version=v4.7, .NETFramework,Version=v4.7.1, .NETFramework,Version=v4.7.2, .NETFramework,Version=v4.8, .NETFramework,Version=v4.8.1' instead of the project target framework 'net8.0'. This package may not be fully compatible with your project.
C:\Users\ultra\warewolf\Dev\Warewolf.Testing\Warewolf.Testing.csproj : warning NU1701: Package 'Prism.Wpf 9.0.537' was restored using '.NETFramework,Version=v4.6.1, .NETFramework,Version=v4.6.2, .NETFramework,Version=v4.7, .NETFramework,Version=v4.7.1, .NETFramework,Version=v4.7.2, .NETFramework,Version=v4.8, .NETFramework,Version=v4.8.1' instead of the project target framework 'net8.0'. This package may not be fully compatible with your project.
C:\Users\ultra\warewolf\Dev\Warewolf.Testing\Warewolf.Testing.csproj : warning NU1701: Package 'ReactiveUI.WPF 18.4.1' was restored using '.NETFramework,Version=v4.6.1, .NETFramework,Version=v4.6.2, .NETFramework,Version=v4.7, .NETFramework,Version=v4.7.1, .NETFramework,Version=v4.7.2, .NETFramework,Version=v4.8, .NETFramework,Version=v4.8.1' instead of the project target framework 'net8.0'. This package may not be fully compatible with your project.
C:\Users\ultra\warewolf\Dev\Warewolf.Testing\Warewolf.Testing.csproj : warning NU1701: Package 'TaskSchedulerEditor 2.10.1' was restored using '.NETFramework,Version=v4.6.1, .NETFramework,Version=v4.6.2, .NETFramework,Version=v4.7, .NETFramework,Version=v4.7.1, .NETFramework,Version=v4.7.2, .NETFramework,Version=v4.8, .NETFramework,Version=v4.8.1' instead of the project target framework 'net8.0'. This package may not be fully compatible with your project.
  Warewolf.Resource -> C:\Users\ultra\warewolf\Bin\ServerTests-Windows\
  Warewolf.Weave -> C:\Users\ultra\warewolf\Bin\ServerTests-Windows\
C:\Users\ultra\warewolf\Dev\Warewolf.Tools.Specs\Warewolf.Tools.Specs.csproj : warning NU1701: Package 'AeroWizard 2.3.1' was restored using '.NETFramework,Version=v4.6.1, .NETFramework,Version=v4.6.2, .NETFramework,Version=v4.7, .NETFramework,Version=v4.7.1, .NETFramework,Version=v4.7.2, .NETFramework,Version=v4.8, .NETFramework,Version=v4.8.1' instead of the project target framework 'net8.0'. This package may not be fully compatible with your project.
C:\Users\ultra\warewolf\Dev\Warewolf.Tools.Specs\Warewolf.Tools.Specs.csproj : warning NU1701: Package 'AvalonEdit 6.3.0.90' was restored using '.NETFramework,Version=v4.6.1, .NETFramework,Version=v4.6.2, .NETFramework,Version=v4.7, .NETFramework,Version=v4.7.1, .NETFramework,Version=v4.7.2, .NETFramework,Version=v4.8, .NETFramework,Version=v4.8.1' instead of the project target framework 'net8.0'. This package may not be fully compatible with your project.
C:\Users\ultra\warewolf\Dev\Warewolf.Tools.Specs\Warewolf.Tools.Specs.csproj : warning NU1701: Package 'CommonServiceLocator 1.2.0' was restored using '.NETFramework,Version=v4.6.1, .NETFramework,Version=v4.6.2, .NETFramework,Version=v4.7, .NETFramework,Version=v4.7.1, .NETFramework,Version=v4.7.2, .NETFramework,Version=v4.8, .NETFramework,Version=v4.8.1' instead of the project target framework 'net8.0'. This package may not be fully compatible with your project.
C:\Users\ultra\warewolf\Dev\Warewolf.Tools.Specs\Warewolf.Tools.Specs.csproj : warning NU1701: Package 'FontAwesome.WPF 4.7.0.9' was restored using '.NETFramework,Version=v4.6.1, .NETFramework,Version=v4.6.2, .NETFramework,Version=v4.7, .NETFramework,Version=v4.7.1, .NETFramework,Version=v4.7.2, .NETFramework,Version=v4.8, .NETFramework,Version=v4.8.1' instead of the project target framework 'net8.0'. This package may not be fully compatible with your project.
C:\Users\ultra\warewolf\Dev\Warewolf.Tools.Specs\Warewolf.Tools.Specs.csproj : warning NU1701: Package 'GroupControls 1.9.0' was restored using '.NETFramework,Version=v4.6.1, .NETFramework,Version=v4.6.2, .NETFramework,Version=v4.7, .NETFramework,Version=v4.7.1, .NETFramework,Version=v4.7.2, .NETFramework,Version=v4.8, .NETFramework,Version=v4.8.1' instead of the project target framework 'net8.0'. This package may not be fully compatible with your project.
C:\Users\ultra\warewolf\Dev\Warewolf.Tools.Specs\Warewolf.Tools.Specs.csproj : warning NU1701: Package 'Log4Net.Async 2.0.4' was restored using '.NETFramework,Version=v4.6.1, .NETFramework,Version=v4.6.2, .NETFramework,Version=v4.7, .NETFramework,Version=v4.7.1, .NETFramework,Version=v4.7.2, .NETFramework,Version=v4.8, .NETFramework,Version=v4.8.1' instead of the project target framework 'net8.0'. This package may not be fully compatible with your project.
C:\Users\ultra\warewolf\Dev\Warewolf.Tools.Specs\Warewolf.Tools.Specs.csproj : warning NU1701: Package 'Microsoft.Xaml.Behaviors.Wpf 1.1.122' was restored using '.NETFramework,Version=v4.6.1, .NETFramework,Version=v4.6.2, .NETFramework,Version=v4.7, .NETFramework,Version=v4.7.1, .NETFramework,Version=v4.7.2, .NETFramework,Version=v4.8, .NETFramework,Version=v4.8.1' instead of the project target framework 'net8.0'. This package may not be fully compatible with your project.
C:\Users\ultra\warewolf\Dev\Warewolf.Tools.Specs\Warewolf.Tools.Specs.csproj : warning NU1701: Package 'Prism.Composition 5.0.0' was restored using '.NETFramework,Version=v4.6.1, .NETFramework,Version=v4.6.2, .NETFramework,Version=v4.7, .NETFramework,Version=v4.7.1, .NETFramework,Version=v4.7.2, .NETFramework,Version=v4.8, .NETFramework,Version=v4.8.1' instead of the project target framework 'net8.0'. This package may not be fully compatible with your project.
C:\Users\ultra\warewolf\Dev\Warewolf.Tools.Specs\Warewolf.Tools.Specs.csproj : warning NU1701: Package 'Prism.Interactivity 5.0.0' was restored using '.NETFramework,Version=v4.6.1, .NETFramework,Version=v4.6.2, .NETFramework,Version=v4.7, .NETFramework,Version=v4.7.1, .NETFramework,Version=v4.7.2, .NETFramework,Version=v4.8, .NETFramework,Version=v4.8.1' instead of the project target framework 'net8.0'. This package may not be fully compatible with your project.
C:\Users\ultra\warewolf\Dev\Warewolf.Tools.Specs\Warewolf.Tools.Specs.csproj : warning NU1701: Package 'Prism.Mvvm 1.0.0' was restored using '.NETFramework,Version=v4.6.1, .NETFramework,Version=v4.6.2, .NETFramework,Version=v4.7, .NETFramework,Version=v4.7.1, .NETFramework,Version=v4.7.2, .NETFramework,Version=v4.8, .NETFramework,Version=v4.8.1' instead of the project target framework 'net8.0'. This package may not be fully compatible with your project.
C:\Users\ultra\warewolf\Dev\Warewolf.Tools.Specs\Warewolf.Tools.Specs.csproj : warning NU1701: Package 'Prism.PubSubEvents 1.0.0' was restored using '.NETFramework,Version=v4.6.1, .NETFramework,Version=v4.6.2, .NETFramework,Version=v4.7, .NETFramework,Version=v4.7.1, .NETFramework,Version=v4.7.2, .NETFramework,Version=v4.8, .NETFramework,Version=v4.8.1' instead of the project target framework 'net8.0'. This package may not be fully compatible with your project.
C:\Users\ultra\warewolf\Dev\Warewolf.Tools.Specs\Warewolf.Tools.Specs.csproj : warning NU1701: Package 'Prism.UnityExtensions 5.0.1' was restored using '.NETFramework,Version=v4.6.1, .NETFramework,Version=v4.6.2, .NETFramework,Version=v4.7, .NETFramework,Version=v4.7.1, .NETFramework,Version=v4.7.2, .NETFramework,Version=v4.8, .NETFramework,Version=v4.8.1' instead of the project target framework 'net8.0'. This package may not be fully compatible with your project.
C:\Users\ultra\warewolf\Dev\Warewolf.Tools.Specs\Warewolf.Tools.Specs.csproj : warning NU1701: Package 'Prism.Wpf 9.0.537' was restored using '.NETFramework,Version=v4.6.1, .NETFramework,Version=v4.6.2, .NETFramework,Version=v4.7, .NETFramework,Version=v4.7.1, .NETFramework,Version=v4.7.2, .NETFramework,Version=v4.8, .NETFramework,Version=v4.8.1' instead of the project target framework 'net8.0'. This package may not be fully compatible with your project.
C:\Users\ultra\warewolf\Dev\Warewolf.Tools.Specs\Warewolf.Tools.Specs.csproj : warning NU1701: Package 'ReactiveUI.WPF 18.4.1' was restored using '.NETFramework,Version=v4.6.1, .NETFramework,Version=v4.6.2, .NETFramework,Version=v4.7, .NETFramework,Version=v4.7.1, .NETFramework,Version=v4.7.2, .NETFramework,Version=v4.8, .NETFramework,Version=v4.8.1' instead of the project target framework 'net8.0'. This package may not be fully compatible with your project.
C:\Users\ultra\warewolf\Dev\Warewolf.Tools.Specs\Warewolf.Tools.Specs.csproj : warning NU1701: Package 'TaskSchedulerEditor 2.10.1' was restored using '.NETFramework,Version=v4.6.1, .NETFramework,Version=v4.6.2, .NETFramework,Version=v4.7, .NETFramework,Version=v4.7.1, .NETFramework,Version=v4.7.2, .NETFramework,Version=v4.8, .NETFramework,Version=v4.8.1' instead of the project target framework 'net8.0'. This package may not be fully compatible with your project.
C:\Users\ultra\warewolf\Dev\Warewolf.Tools.Specs\Warewolf.Tools.Specs.csproj : warning NU1701: Package 'Unofficial.Microsoft.mshtml 7.0.3300' was restored using '.NETFramework,Version=v4.6.1, .NETFramework,Version=v4.6.2, .NETFramework,Version=v4.7, .NETFramework,Version=v4.7.1, .NETFramework,Version=v4.7.2, .NETFramework,Version=v4.8, .NETFramework,Version=v4.8.1' instead of the project target framework 'net8.0'. This package may not be fully compatible with your project.
  Dev2.Sql -> C:\Users\ultra\warewolf\Dev\Dev2.Sql\bin\Debug\net8.0\Warewolf.Sql.dll
  Dev2.Sql -> C:\Users\ultra\warewolf\Bin\ServerTests-Windows\
C:\Program Files\dotnet\sdk\10.0.201\Microsoft.Common.CurrentVersion.targets(2451,5): warning MSB3277: Found conflicts between different versions of "System.Drawing.Common" that could not be resolved. [C:\Users\ultra\warewolf\Dev\Warewolf.Resource.Tests\Warewolf.Resource.Tests.csproj]
C:\Program Files\dotnet\sdk\10.0.201\Microsoft.Common.CurrentVersion.targets(2451,5): warning MSB3277: There was a conflict between "System.Drawing.Common, Version=6.0.0.0, Culture=neutral, PublicKeyToken=cc7b13ffcd2ddd51" and "System.Drawing.Common, Version=8.0.0.0, Culture=neutral, PublicKeyToken=cc7b13ffcd2ddd51". [C:\Users\ultra\warewolf\Dev\Warewolf.Resource.Tests\Warewolf.Resource.Tests.csproj]
C:\Program Files\dotnet\sdk\10.0.201\Microsoft.Common.CurrentVersion.targets(2451,5): warning MSB3277:     "System.Drawing.Common, Version=6.0.0.0, Culture=neutral, PublicKeyToken=cc7b13ffcd2ddd51" was chosen because it was primary and "System.Drawing.Common, Version=8.0.0.0, Culture=neutral, PublicKeyToken=cc7b13ffcd2ddd51" was not. [C:\Users\ultra\warewolf\Dev\Warewolf.Resource.Tests\Warewolf.Resource.Tests.csproj]
C:\Program Files\dotnet\sdk\10.0.201\Microsoft.Common.CurrentVersion.targets(2451,5): warning MSB3277:     References which depend on "System.Drawing.Common, Version=6.0.0.0, Culture=neutral, PublicKeyToken=cc7b13ffcd2ddd51" [C:\Users\ultra\.nuget\packages\system.drawing.common\6.0.0\lib\net6.0\System.Drawing.Common.dll]. [C:\Users\ultra\warewolf\Dev\Warewolf.Resource.Tests\Warewolf.Resource.Tests.csproj]
C:\Program Files\dotnet\sdk\10.0.201\Microsoft.Common.CurrentVersion.targets(2451,5): warning MSB3277:         C:\Users\ultra\.nuget\packages\system.drawing.common\6.0.0\lib\net6.0\System.Drawing.Common.dll [C:\Users\ultra\warewolf\Dev\Warewolf.Resource.Tests\Warewolf.Resource.Tests.csproj]
C:\Program Files\dotnet\sdk\10.0.201\Microsoft.Common.CurrentVersion.targets(2451,5): warning MSB3277:           Project file item includes which caused reference "C:\Users\ultra\.nuget\packages\system.drawing.common\6.0.0\lib\net6.0\System.Drawing.Common.dll". [C:\Users\ultra\warewolf\Dev\Warewolf.Resource.Tests\Warewolf.Resource.Tests.csproj]
C:\Program Files\dotnet\sdk\10.0.201\Microsoft.Common.CurrentVersion.targets(2451,5): warning MSB3277:             C:\Users\ultra\.nuget\packages\system.drawing.common\6.0.0\lib\net6.0\System.Drawing.Common.dll [C:\Users\ultra\warewolf\Dev\Warewolf.Resource.Tests\Warewolf.Resource.Tests.csproj]
C:\Program Files\dotnet\sdk\10.0.201\Microsoft.Common.CurrentVersion.targets(2451,5): warning MSB3277:     References which depend on or have been unified to "System.Drawing.Common, Version=8.0.0.0, Culture=neutral, PublicKeyToken=cc7b13ffcd2ddd51" []. [C:\Users\ultra\warewolf\Dev\Warewolf.Resource.Tests\Warewolf.Resource.Tests.csproj]
C:\Program Files\dotnet\sdk\10.0.201\Microsoft.Common.CurrentVersion.targets(2451,5): warning MSB3277:         C:\Users\ultra\.nuget\packages\system.windows.extensions\8.0.0\lib\net8.0\System.Windows.Extensions.dll [C:\Users\ultra\warewolf\Dev\Warewolf.Resource.Tests\Warewolf.Resource.Tests.csproj]
C:\Program Files\dotnet\sdk\10.0.201\Microsoft.Common.CurrentVersion.targets(2451,5): warning MSB3277:           Project file item includes which caused reference "C:\Users\ultra\.nuget\packages\system.windows.extensions\8.0.0\lib\net8.0\System.Windows.Extensions.dll". [C:\Users\ultra\warewolf\Dev\Warewolf.Resource.Tests\Warewolf.Resource.Tests.csproj]
C:\Program Files\dotnet\sdk\10.0.201\Microsoft.Common.CurrentVersion.targets(2451,5): warning MSB3277:             C:\Users\ultra\.nuget\packages\system.windows.extensions\8.0.0\lib\net8.0\System.Windows.Extensions.dll [C:\Users\ultra\warewolf\Dev\Warewolf.Resource.Tests\Warewolf.Resource.Tests.csproj]
C:\Program Files\dotnet\sdk\10.0.201\Microsoft.Common.CurrentVersion.targets(2451,5): warning MSB3277:             C:\Users\ultra\.nuget\packages\system.security.permissions\8.0.0\lib\net8.0\System.Security.Permissions.dll [C:\Users\ultra\warewolf\Dev\Warewolf.Resource.Tests\Warewolf.Resource.Tests.csproj]
C:\Program Files\dotnet\sdk\10.0.201\Microsoft.Common.CurrentVersion.targets(2451,5): warning MSB3277:             C:\Users\ultra\.nuget\packages\system.directoryservices\6.0.0\lib\net6.0\System.DirectoryServices.dll [C:\Users\ultra\warewolf\Dev\Warewolf.Resource.Tests\Warewolf.Resource.Tests.csproj]
C:\Program Files\dotnet\sdk\10.0.201\Microsoft.Common.CurrentVersion.targets(2451,5): warning MSB3277:             C:\Program Files\dotnet\packs\Microsoft.NETCore.App.Ref\8.0.25\ref/net8.0/System.Configuration.dll [C:\Users\ultra\warewolf\Dev\Warewolf.Resource.Tests\Warewolf.Resource.Tests.csproj]
C:\Program Files\dotnet\sdk\10.0.201\Microsoft.Common.CurrentVersion.targets(2451,5): warning MSB3277:             C:\Program Files\dotnet\packs\Microsoft.NETCore.App.Ref\8.0.25\ref/net8.0/System.Data.dll [C:\Users\ultra\warewolf\Dev\Warewolf.Resource.Tests\Warewolf.Resource.Tests.csproj]
C:\Program Files\dotnet\sdk\10.0.201\Microsoft.Common.CurrentVersion.targets(2451,5): warning MSB3277:             C:\Program Files\dotnet\packs\Microsoft.NETCore.App.Ref\8.0.25\ref/net8.0/System.Drawing.dll [C:\Users\ultra\warewolf\Dev\Warewolf.Resource.Tests\Warewolf.Resource.Tests.csproj]
C:\Program Files\dotnet\sdk\10.0.201\Microsoft.Common.CurrentVersion.targets(2451,5): warning MSB3277:             C:\Program Files\dotnet\packs\Microsoft.NETCore.App.Ref\8.0.25\ref/net8.0/System.Net.dll [C:\Users\ultra\warewolf\Dev\Warewolf.Resource.Tests\Warewolf.Resource.Tests.csproj]
C:\Program Files\dotnet\sdk\10.0.201\Microsoft.Common.CurrentVersion.targets(2451,5): warning MSB3277:             C:\Program Files\dotnet\packs\Microsoft.NETCore.App.Ref\8.0.25\ref/net8.0/System.Security.dll [C:\Users\ultra\warewolf\Dev\Warewolf.Resource.Tests\Warewolf.Resource.Tests.csproj]
C:\Program Files\dotnet\sdk\10.0.201\Microsoft.Common.CurrentVersion.targets(2451,5): warning MSB3277:             C:\Program Files\dotnet\packs\Microsoft.NETCore.App.Ref\8.0.25\ref/net8.0/System.ServiceProcess.dll [C:\Users\ultra\warewolf\Dev\Warewolf.Resource.Tests\Warewolf.Resource.Tests.csproj]
C:\Program Files\dotnet\sdk\10.0.201\Microsoft.Common.CurrentVersion.targets(2451,5): warning MSB3277:             C:\Program Files\dotnet\packs\Microsoft.NETCore.App.Ref\8.0.25\ref/net8.0/System.Transactions.dll [C:\Users\ultra\warewolf\Dev\Warewolf.Resource.Tests\Warewolf.Resource.Tests.csproj]
C:\Program Files\dotnet\sdk\10.0.201\Microsoft.Common.CurrentVersion.targets(2451,5): warning MSB3277:             C:\Program Files\dotnet\packs\Microsoft.NETCore.App.Ref\8.0.25\ref/net8.0/System.dll [C:\Users\ultra\warewolf\Dev\Warewolf.Resource.Tests\Warewolf.Resource.Tests.csproj]
C:\Program Files\dotnet\sdk\10.0.201\Microsoft.Common.CurrentVersion.targets(2451,5): warning MSB3277:             C:\Program Files\dotnet\packs\Microsoft.NETCore.App.Ref\8.0.25\ref/net8.0/WindowsBase.dll [C:\Users\ultra\warewolf\Dev\Warewolf.Resource.Tests\Warewolf.Resource.Tests.csproj]
C:\Program Files\dotnet\sdk\10.0.201\Microsoft.Common.CurrentVersion.targets(2451,5): warning MSB3277:             C:\Program Files\dotnet\packs\Microsoft.NETCore.App.Ref\8.0.25\ref/net8.0/mscorlib.dll [C:\Users\ultra\warewolf\Dev\Warewolf.Resource.Tests\Warewolf.Resource.Tests.csproj]
C:\Program Files\dotnet\sdk\10.0.201\Microsoft.Common.CurrentVersion.targets(2451,5): warning MSB3277:             C:\Users\ultra\.nuget\packages\microsoft.codecoverage\17.13.0\lib\netcoreapp3.1\Microsoft.VisualStudio.CodeCoverage.Shim.dll [C:\Users\ultra\warewolf\Dev\Warewolf.Resource.Tests\Warewolf.Resource.Tests.csproj]
C:\Program Files\dotnet\sdk\10.0.201\Microsoft.Common.CurrentVersion.targets(2451,5): warning MSB3277:         C:\Program Files\dotnet\packs\Microsoft.NETCore.App.Ref\8.0.25\ref\net8.0\System.Drawing.dll [C:\Users\ultra\warewolf\Dev\Warewolf.Resource.Tests\Warewolf.Resource.Tests.csproj]
C:\Program Files\dotnet\sdk\10.0.201\Microsoft.Common.CurrentVersion.targets(2451,5): warning MSB3277:           Project file item includes which caused reference "C:\Program Files\dotnet\packs\Microsoft.NETCore.App.Ref\8.0.25\ref\net8.0\System.Drawing.dll". [C:\Users\ultra\warewolf\Dev\Warewolf.Resource.Tests\Warewolf.Resource.Tests.csproj]
C:\Program Files\dotnet\sdk\10.0.201\Microsoft.Common.CurrentVersion.targets(2451,5): warning MSB3277:             C:\Program Files\dotnet\packs\Microsoft.NETCore.App.Ref\8.0.25\ref/net8.0/System.Drawing.dll [C:\Users\ultra\warewolf\Dev\Warewolf.Resource.Tests\Warewolf.Resource.Tests.csproj]
  Warewolf.Driver.RabbitMQ -> C:\Users\ultra\warewolf\Dev\Warewolf.Driver.RabbitMQ\bin\Debug\net8.0\Warewolf.Driver.RabbitMQ.dll
  Warewolf.Driver.Redis -> C:\Users\ultra\warewolf\Dev\Warewolf.Driver.Redis\bin\Debug\net8.0\Warewolf.Driver.Redis.dll
  Warewolf.Driver.RabbitMQ -> C:\Users\ultra\warewolf\Bin\ServerTests-Windows\
  Dev2.SignalR.Wrappers.Interfaces -> C:\Users\ultra\warewolf\Dev\Dev2.SignalR.Wrappers\bin\Debug\net8.0\Dev2.SignalR.Wrappers.dll
C:\Users\ultra\warewolf\Dev\Warewolf.Driver.Persistence\Warewolf.Driver.Persistence.csproj : warning NU1701: Package 'AeroWizard 2.3.1' was restored using '.NETFramework,Version=v4.6.1, .NETFramework,Version=v4.6.2, .NETFramework,Version=v4.7, .NETFramework,Version=v4.7.1, .NETFramework,Version=v4.7.2, .NETFramework,Version=v4.8, .NETFramework,Version=v4.8.1' instead of the project target framework 'net8.0'. This package may not be fully compatible with your project.
C:\Users\ultra\warewolf\Dev\Warewolf.Driver.Persistence\Warewolf.Driver.Persistence.csproj : warning NU1701: Package 'GroupControls 1.9.0' was restored using '.NETFramework,Version=v4.6.1, .NETFramework,Version=v4.6.2, .NETFramework,Version=v4.7, .NETFramework,Version=v4.7.1, .NETFramework,Version=v4.7.2, .NETFramework,Version=v4.8, .NETFramework,Version=v4.8.1' instead of the project target framework 'net8.0'. This package may not be fully compatible with your project.
C:\Users\ultra\warewolf\Dev\Warewolf.Driver.Persistence\Warewolf.Driver.Persistence.csproj : warning NU1701: Package 'ReactiveUI.WPF 18.4.1' was restored using '.NETFramework,Version=v4.6.1, .NETFramework,Version=v4.6.2, .NETFramework,Version=v4.7, .NETFramework,Version=v4.7.1, .NETFramework,Version=v4.7.2, .NETFramework,Version=v4.8, .NETFramework,Version=v4.8.1' instead of the project target framework 'net8.0'. This package may not be fully compatible with your project.
C:\Users\ultra\warewolf\Dev\Warewolf.Driver.Persistence\Warewolf.Driver.Persistence.csproj : warning NU1701: Package 'TaskSchedulerEditor 2.10.1' was restored using '.NETFramework,Version=v4.6.1, .NETFramework,Version=v4.6.2, .NETFramework,Version=v4.7, .NETFramework,Version=v4.7.1, .NETFramework,Version=v4.7.2, .NETFramework,Version=v4.8, .NETFramework,Version=v4.8.1' instead of the project target framework 'net8.0'. This package may not be fully compatible with your project.
C:\Users\ultra\warewolf\Dev\Dev2.Activities.Tests\Dev2.Activities.Tests.csproj : warning NU1701: Package 'AeroWizard 2.3.1' was restored using '.NETFramework,Version=v4.6.1, .NETFramework,Version=v4.6.2, .NETFramework,Version=v4.7, .NETFramework,Version=v4.7.1, .NETFramework,Version=v4.7.2, .NETFramework,Version=v4.8, .NETFramework,Version=v4.8.1' instead of the project target framework 'net8.0'. This package may not be fully compatible with your project.
C:\Users\ultra\warewolf\Dev\Dev2.Activities.Tests\Dev2.Activities.Tests.csproj : warning NU1701: Package 'AvalonEdit 6.3.0.90' was restored using '.NETFramework,Version=v4.6.1, .NETFramework,Version=v4.6.2, .NETFramework,Version=v4.7, .NETFramework,Version=v4.7.1, .NETFramework,Version=v4.7.2, .NETFramework,Version=v4.8, .NETFramework,Version=v4.8.1' instead of the project target framework 'net8.0'. This package may not be fully compatible with your project.
C:\Users\ultra\warewolf\Dev\Dev2.Activities.Tests\Dev2.Activities.Tests.csproj : warning NU1701: Package 'CommonServiceLocator 1.2.0' was restored using '.NETFramework,Version=v4.6.1, .NETFramework,Version=v4.6.2, .NETFramework,Version=v4.7, .NETFramework,Version=v4.7.1, .NETFramework,Version=v4.7.2, .NETFramework,Version=v4.8, .NETFramework,Version=v4.8.1' instead of the project target framework 'net8.0'. This package may not be fully compatible with your project.
C:\Users\ultra\warewolf\Dev\Dev2.Activities.Tests\Dev2.Activities.Tests.csproj : warning NU1701: Package 'FontAwesome.WPF 4.7.0.9' was restored using '.NETFramework,Version=v4.6.1, .NETFramework,Version=v4.6.2, .NETFramework,Version=v4.7, .NETFramework,Version=v4.7.1, .NETFramework,Version=v4.7.2, .NETFramework,Version=v4.8, .NETFramework,Version=v4.8.1' instead of the project target framework 'net8.0'. This package may not be fully compatible with your project.
C:\Users\ultra\warewolf\Dev\Dev2.Activities.Tests\Dev2.Activities.Tests.csproj : warning NU1701: Package 'GroupControls 1.9.0' was restored using '.NETFramework,Version=v4.6.1, .NETFramework,Version=v4.6.2, .NETFramework,Version=v4.7, .NETFramework,Version=v4.7.1, .NETFramework,Version=v4.7.2, .NETFramework,Version=v4.8, .NETFramework,Version=v4.8.1' instead of the project target framework 'net8.0'. This package may not be fully compatible with your project.
C:\Users\ultra\warewolf\Dev\Dev2.Activities.Tests\Dev2.Activities.Tests.csproj : warning NU1701: Package 'Log4Net.Async 2.0.4' was restored using '.NETFramework,Version=v4.6.1, .NETFramework,Version=v4.6.2, .NETFramework,Version=v4.7, .NETFramework,Version=v4.7.1, .NETFramework,Version=v4.7.2, .NETFramework,Version=v4.8, .NETFramework,Version=v4.8.1' instead of the project target framework 'net8.0'. This package may not be fully compatible with your project.
C:\Users\ultra\warewolf\Dev\Dev2.Activities.Tests\Dev2.Activities.Tests.csproj : warning NU1701: Package 'Microsoft.Xaml.Behaviors.Wpf 1.1.122' was restored using '.NETFramework,Version=v4.6.1, .NETFramework,Version=v4.6.2, .NETFramework,Version=v4.7, .NETFramework,Version=v4.7.1, .NETFramework,Version=v4.7.2, .NETFramework,Version=v4.8, .NETFramework,Version=v4.8.1' instead of the project target framework 'net8.0'. This package may not be fully compatible with your project.
C:\Users\ultra\warewolf\Dev\Dev2.Activities.Tests\Dev2.Activities.Tests.csproj : warning NU1701: Package 'Prism.Composition 5.0.0' was restored using '.NETFramework,Version=v4.6.1, .NETFramework,Version=v4.6.2, .NETFramework,Version=v4.7, .NETFramework,Version=v4.7.1, .NETFramework,Version=v4.7.2, .NETFramework,Version=v4.8, .NETFramework,Version=v4.8.1' instead of the project target framework 'net8.0'. This package may not be fully compatible with your project.
C:\Users\ultra\warewolf\Dev\Dev2.Activities.Tests\Dev2.Activities.Tests.csproj : warning NU1701: Package 'Prism.Interactivity 5.0.0' was restored using '.NETFramework,Version=v4.6.1, .NETFramework,Version=v4.6.2, .NETFramework,Version=v4.7, .NETFramework,Version=v4.7.1, .NETFramework,Version=v4.7.2, .NETFramework,Version=v4.8, .NETFramework,Version=v4.8.1' instead of the project target framework 'net8.0'. This package may not be fully compatible with your project.
C:\Users\ultra\warewolf\Dev\Dev2.Activities.Tests\Dev2.Activities.Tests.csproj : warning NU1701: Package 'Prism.Mvvm 1.0.0' was restored using '.NETFramework,Version=v4.6.1, .NETFramework,Version=v4.6.2, .NETFramework,Version=v4.7, .NETFramework,Version=v4.7.1, .NETFramework,Version=v4.7.2, .NETFramework,Version=v4.8, .NETFramework,Version=v4.8.1' instead of the project target framework 'net8.0'. This package may not be fully compatible with your project.
C:\Users\ultra\warewolf\Dev\Dev2.Activities.Tests\Dev2.Activities.Tests.csproj : warning NU1701: Package 'Prism.PubSubEvents 1.0.0' was restored using '.NETFramework,Version=v4.6.1, .NETFramework,Version=v4.6.2, .NETFramework,Version=v4.7, .NETFramework,Version=v4.7.1, .NETFramework,Version=v4.7.2, .NETFramework,Version=v4.8, .NETFramework,Version=v4.8.1' instead of the project target framework 'net8.0'. This package may not be fully compatible with your project.
C:\Users\ultra\warewolf\Dev\Dev2.Activities.Tests\Dev2.Activities.Tests.csproj : warning NU1701: Package 'Prism.UnityExtensions 5.0.1' was restored using '.NETFramework,Version=v4.6.1, .NETFramework,Version=v4.6.2, .NETFramework,Version=v4.7, .NETFramework,Version=v4.7.1, .NETFramework,Version=v4.7.2, .NETFramework,Version=v4.8, .NETFramework,Version=v4.8.1' instead of the project target framework 'net8.0'. This package may not be fully compatible with your project.
C:\Users\ultra\warewolf\Dev\Dev2.Activities.Tests\Dev2.Activities.Tests.csproj : warning NU1701: Package 'Prism.Wpf 9.0.537' was restored using '.NETFramework,Version=v4.6.1, .NETFramework,Version=v4.6.2, .NETFramework,Version=v4.7, .NETFramework,Version=v4.7.1, .NETFramework,Version=v4.7.2, .NETFramework,Version=v4.8, .NETFramework,Version=v4.8.1' instead of the project target framework 'net8.0'. This package may not be fully compatible with your project.
C:\Users\ultra\warewolf\Dev\Dev2.Activities.Tests\Dev2.Activities.Tests.csproj : warning NU1701: Package 'ReactiveUI.WPF 18.4.1' was restored using '.NETFramework,Version=v4.6.1, .NETFramework,Version=v4.6.2, .NETFramework,Version=v4.7, .NETFramework,Version=v4.7.1, .NETFramework,Version=v4.7.2, .NETFramework,Version=v4.8, .NETFramework,Version=v4.8.1' instead of the project target framework 'net8.0'. This package may not be fully compatible with your project.
C:\Users\ultra\warewolf\Dev\Dev2.Activities.Tests\Dev2.Activities.Tests.csproj : warning NU1701: Package 'TaskSchedulerEditor 2.10.1' was restored using '.NETFramework,Version=v4.6.1, .NETFramework,Version=v4.6.2, .NETFramework,Version=v4.7, .NETFramework,Version=v4.7.1, .NETFramework,Version=v4.7.2, .NETFramework,Version=v4.8, .NETFramework,Version=v4.8.1' instead of the project target framework 'net8.0'. This package may not be fully compatible with your project.
C:\Users\ultra\warewolf\Dev\Dev2.Activities.Tests\Dev2.Activities.Tests.csproj : warning NU1701: Package 'Unofficial.Microsoft.mshtml 7.0.3300' was restored using '.NETFramework,Version=v4.6.1, .NETFramework,Version=v4.6.2, .NETFramework,Version=v4.7, .NETFramework,Version=v4.7.1, .NETFramework,Version=v4.7.2, .NETFramework,Version=v4.8, .NETFramework,Version=v4.8.1' instead of the project target framework 'net8.0'. This package may not be fully compatible with your project.
  ConsoleAppToTestExecuteCommandLineActivity -> C:\Users\ultra\warewolf\Dev\ConsoleAppToTestExecuteCommandLineActivity\bin\Debug\net8.0\ConsoleAppToTestExecuteCommandLineActivity.dll
  Dev2.SignalR.Wrappers.Interfaces -> C:\Users\ultra\warewolf\Bin\ServerTests-Windows\
  Warewolf.Studio.Resources -> C:\Users\ultra\warewolf\Bin\ServerTests-Windows\
  ConsoleAppToTestExecuteCommandLineActivity -> C:\Users\ultra\warewolf\Bin\ServerTests-Windows\
  Dev2.Net6.Compatibility -> C:\Users\ultra\warewolf\Bin\ServerTests-Windows\
  Warewolf.Parser.Interop -> C:\Users\ultra\warewolf\Dev\Warewolf.Parser.Interop\bin\Debug\net8.0\WarewolfParserInterop.dll
  Log4Net.Async -> C:\Users\ultra\warewolf\Bin\ServerTests-Windows\
  Warewolf.Resource.Tests -> C:\Users\ultra\warewolf\Dev\Warewolf.Resource.Tests\bin\Debug\net8.0\Warewolf.Resource.Tests.dll
  Warewolf.Resource.Tests -> C:\Users\ultra\warewolf\Bin\ServerTests-Windows\
  Warewolf.Driver.Redis -> C:\Users\ultra\warewolf\Bin\ServerTests-Windows\
C:\Users\ultra\warewolf\Dev\Dev2.Common.Interfaces\Attribute\ReasonAttribute.cs(13,18): warning CC0023: Mark 'ReasonAttribute' as sealed. (https://code-cracker.github.io/diagnostics/CC0023.html) [C:\Users\ultra\warewolf\Dev\Dev2.Common.Interfaces\Dev2.Common.Interfaces.csproj]
C:\Users\ultra\warewolf\Dev\Dev2.Common.Interfaces\Wrappers\IDirectoryEntry.cs(190,35): warning CC0057: Parameter 'path' is not used. (https://code-cracker.github.io/diagnostics/CC0057.html) [C:\Users\ultra\warewolf\Dev\Dev2.Common.Interfaces\Dev2.Common.Interfaces.csproj]
C:\Users\ultra\warewolf\Dev\Dev2.Common.Interfaces\DllListing.cs(97,17): warning CC0105: Use 'var' instead of specifying the type name. (https://code-cracker.github.io/diagnostics/CC0105.html) [C:\Users\ultra\warewolf\Dev\Dev2.Common.Interfaces\Dev2.Common.Interfaces.csproj]
C:\Users\ultra\warewolf\Dev\Dev2.Common.Interfaces\DllListing.cs(98,17): warning CC0105: Use 'var' instead of specifying the type name. (https://code-cracker.github.io/diagnostics/CC0105.html) [C:\Users\ultra\warewolf\Dev\Dev2.Common.Interfaces\Dev2.Common.Interfaces.csproj]
C:\Users\ultra\warewolf\Dev\Dev2.Common.Interfaces\Runtime\Services\IStreamContentFactory.cs(48,21): warning CC0029: 'StreamContentWrapper' should call GC.SuppressFinalize inside the Dispose method. (https://code-cracker.github.io/diagnostics/CC0029.html) [C:\Users\ultra\warewolf\Dev\Dev2.Common.Interfaces\Dev2.Common.Interfaces.csproj]
  Warewolf.Parser.Interop -> C:\Users\ultra\warewolf\Bin\ServerTests-Windows\
  Dev2.Common.Interfaces -> C:\Users\ultra\warewolf\Dev\Dev2.Common.Interfaces\bin\Debug\net8.0\Dev2.Common.Interfaces.dll
  Dev2.Common.Interfaces -> C:\Users\ultra\warewolf\Bin\ServerTests-Windows\
  Warewolf.Driver.Redis.Tests -> C:\Users\ultra\warewolf\Dev\Warewolf.Driver.Redis.Tests\bin\Debug\net8.0\Warewolf.Driver.Redis.Tests.dll
  Warewolf.Driver.Redis.Tests -> C:\Users\ultra\warewolf\Bin\ServerTests-Windows\
C:\Users\ultra\warewolf\Dev\Warewolf.Language.Parser\EvaluationFunctions.fs(277,15): warning FS3548: Pattern discard is not allowed for union case that takes no data. [C:\Users\ultra\warewolf\Dev\Warewolf.Language.Parser\Warewolf.Language.Parser.fsproj]
C:\Users\ultra\warewolf\Dev\Warewolf.Language.Parser\EvaluationFunctions.fs(305,15): warning FS3548: Pattern discard is not allowed for union case that takes no data. [C:\Users\ultra\warewolf\Dev\Warewolf.Language.Parser\Warewolf.Language.Parser.fsproj]
C:\Users\ultra\warewolf\Dev\Warewolf.Language.Parser\EvaluationFunctions.fs(748,21): warning FS3873: This construct is deprecated. Sequence expressions should be of the form 'seq { ... }' [C:\Users\ultra\warewolf\Dev\Warewolf.Language.Parser\Warewolf.Language.Parser.fsproj]
C:\Users\ultra\warewolf\Dev\Warewolf.Language.Parser\EvaluationFunctions.fs(751,28): warning FS3873: This construct is deprecated. Sequence expressions should be of the form 'seq { ... }' [C:\Users\ultra\warewolf\Dev\Warewolf.Language.Parser\Warewolf.Language.Parser.fsproj]
C:\Users\ultra\warewolf\Dev\Warewolf.Language.Parser\WarewolfDataEvaluationCommon.fs(593,21): warning FS3873: This construct is deprecated. Sequence expressions should be of the form 'seq { ... }' [C:\Users\ultra\warewolf\Dev\Warewolf.Language.Parser\Warewolf.Language.Parser.fsproj]
C:\Users\ultra\warewolf\Dev\Warewolf.Language.Parser\WarewolfDataEvaluationCommon.fs(596,28): warning FS3873: This construct is deprecated. Sequence expressions should be of the form 'seq { ... }' [C:\Users\ultra\warewolf\Dev\Warewolf.Language.Parser\Warewolf.Language.Parser.fsproj]
C:\Users\ultra\warewolf\Dev\Warewolf.Data\NamedInt.cs(160,21): warning CA2200: Re-throwing caught exception changes stack information (https://learn.microsoft.com/dotnet/fundamentals/code-analysis/quality-rules/ca2200) [C:\Users\ultra\warewolf\Dev\Warewolf.Data\Warewolf.Data.csproj]
  Warewolf.Data -> C:\Users\ultra\warewolf\Dev\Warewolf.Data\bin\Debug\net8.0\Warewolf.Data.dll
  Warewolf.Data -> C:\Users\ultra\warewolf\Bin\ServerTests-Windows\
  Warewolf.Common -> C:\Users\ultra\warewolf\Dev\Warewolf.Common\bin\Debug\net8.0\Warewolf.Common.dll
  Warewolf.Language.Parser -> C:\Users\ultra\warewolf\Dev\Warewolf.Language.Parser\bin\Debug\net8.0\Warewolf.Language.Parser.dll
  Warewolf.Language.Parser -> C:\Users\ultra\warewolf\Bin\ServerTests-Windows\
  Warewolf.Common -> C:\Users\ultra\warewolf\Bin\ServerTests-Windows\
  Warewolf.Storage.Interfaces -> C:\Users\ultra\warewolf\Dev\Warewolf.Storage.Interfaces\bin\Debug\net8.0\Warewolf.Storage.Interfaces.dll
  Warewolf.Storage.Interfaces -> C:\Users\ultra\warewolf\Bin\ServerTests-Windows\
  Dev2.Data.Interfaces -> C:\Users\ultra\warewolf\Dev\Dev2.Data.Interfaces\bin\Debug\net8.0\Dev2.Data.Interfaces.dll
  Dev2.Data.Interfaces -> C:\Users\ultra\warewolf\Bin\ServerTests-Windows\
C:\Users\ultra\warewolf\Dev\Dev2.Common\ExtMethods\StringExtension.cs(302,13): warning CC0004: Empty Catch Block. (https://code-cracker.github.io/diagnostics/CC0004.html) [C:\Users\ultra\warewolf\Dev\Dev2.Common\Dev2.Common.csproj]
  Dev2.Common -> C:\Users\ultra\warewolf\Dev\Dev2.Common\bin\Debug\net8.0\Dev2.Common.dll
C:\Program Files\dotnet\sdk\10.0.201\Microsoft.Common.CurrentVersion.targets(2451,5): warning MSB3277: Found conflicts between different versions of "WindowsBase" that could not be resolved. [C:\Users\ultra\warewolf\Dev\Dev2.Development.Languages\Dev2.Development.Languages.csproj]
C:\Program Files\dotnet\sdk\10.0.201\Microsoft.Common.CurrentVersion.targets(2451,5): warning MSB3277: There was a conflict between "WindowsBase, Version=4.0.0.0, Culture=neutral, PublicKeyToken=31bf3856ad364e35" and "WindowsBase, Version=6.0.2.0, Culture=neutral, PublicKeyToken=31bf3856ad364e35". [C:\Users\ultra\warewolf\Dev\Dev2.Development.Languages\Dev2.Development.Languages.csproj]
C:\Program Files\dotnet\sdk\10.0.201\Microsoft.Common.CurrentVersion.targets(2451,5): warning MSB3277:     "WindowsBase, Version=4.0.0.0, Culture=neutral, PublicKeyToken=31bf3856ad364e35" was chosen because it was primary and "WindowsBase, Version=6.0.2.0, Culture=neutral, PublicKeyToken=31bf3856ad364e35" was not. [C:\Users\ultra\warewolf\Dev\Dev2.Development.Languages\Dev2.Development.Languages.csproj]
C:\Program Files\dotnet\sdk\10.0.201\Microsoft.Common.CurrentVersion.targets(2451,5): warning MSB3277:     References which depend on "WindowsBase, Version=4.0.0.0, Culture=neutral, PublicKeyToken=31bf3856ad364e35" [C:\Program Files\dotnet\packs\Microsoft.NETCore.App.Ref\8.0.25\ref\net8.0\WindowsBase.dll]. [C:\Users\ultra\warewolf\Dev\Dev2.Development.Languages\Dev2.Development.Languages.csproj]
C:\Program Files\dotnet\sdk\10.0.201\Microsoft.Common.CurrentVersion.targets(2451,5): warning MSB3277:         C:\Program Files\dotnet\packs\Microsoft.NETCore.App.Ref\8.0.25\ref\net8.0\WindowsBase.dll [C:\Users\ultra\warewolf\Dev\Dev2.Development.Languages\Dev2.Development.Languages.csproj]
C:\Program Files\dotnet\sdk\10.0.201\Microsoft.Common.CurrentVersion.targets(2451,5): warning MSB3277:           Project file item includes which caused reference "C:\Program Files\dotnet\packs\Microsoft.NETCore.App.Ref\8.0.25\ref\net8.0\WindowsBase.dll". [C:\Users\ultra\warewolf\Dev\Dev2.Development.Languages\Dev2.Development.Languages.csproj]
C:\Program Files\dotnet\sdk\10.0.201\Microsoft.Common.CurrentVersion.targets(2451,5): warning MSB3277:             C:\Program Files\dotnet\packs\Microsoft.NETCore.App.Ref\8.0.25\ref/net8.0/WindowsBase.dll [C:\Users\ultra\warewolf\Dev\Dev2.Development.Languages\Dev2.Development.Languages.csproj]
C:\Program Files\dotnet\sdk\10.0.201\Microsoft.Common.CurrentVersion.targets(2451,5): warning MSB3277:     References which depend on or have been unified to "WindowsBase, Version=6.0.2.0, Culture=neutral, PublicKeyToken=31bf3856ad364e35" []. [C:\Users\ultra\warewolf\Dev\Dev2.Development.Languages\Dev2.Development.Languages.csproj]
C:\Program Files\dotnet\sdk\10.0.201\Microsoft.Common.CurrentVersion.targets(2451,5): warning MSB3277:         C:\Users\ultra\.nuget\packages\caliburn.micro\4.0.212\lib\netcoreapp3.1\Caliburn.Micro.Platform.dll [C:\Users\ultra\warewolf\Dev\Dev2.Development.Languages\Dev2.Development.Languages.csproj]
C:\Program Files\dotnet\sdk\10.0.201\Microsoft.Common.CurrentVersion.targets(2451,5): warning MSB3277:           Project file item includes which caused reference "C:\Users\ultra\.nuget\packages\caliburn.micro\4.0.212\lib\netcoreapp3.1\Caliburn.Micro.Platform.dll". [C:\Users\ultra\warewolf\Dev\Dev2.Development.Languages\Dev2.Development.Languages.csproj]
C:\Program Files\dotnet\sdk\10.0.201\Microsoft.Common.CurrentVersion.targets(2451,5): warning MSB3277:             C:\Users\ultra\.nuget\packages\caliburn.micro\4.0.212\lib\netcoreapp3.1\Caliburn.Micro.Platform.dll [C:\Users\ultra\warewolf\Dev\Dev2.Development.Languages\Dev2.Development.Languages.csproj]
C:\Program Files\dotnet\sdk\10.0.201\Microsoft.Common.CurrentVersion.targets(2451,5): warning MSB3277:         C:\Users\ultra\.nuget\packages\ironpython\3.4.0\lib\net6.0\IronPython.Wpf.dll [C:\Users\ultra\warewolf\Dev\Dev2.Development.Languages\Dev2.Development.Languages.csproj]
C:\Program Files\dotnet\sdk\10.0.201\Microsoft.Common.CurrentVersion.targets(2451,5): warning MSB3277:           Project file item includes which caused reference "C:\Users\ultra\.nuget\packages\ironpython\3.4.0\lib\net6.0\IronPython.Wpf.dll". [C:\Users\ultra\warewolf\Dev\Dev2.Development.Languages\Dev2.Development.Languages.csproj]
C:\Program Files\dotnet\sdk\10.0.201\Microsoft.Common.CurrentVersion.targets(2451,5): warning MSB3277:             C:\Users\ultra\.nuget\packages\ironpython\3.4.0\lib\net6.0\IronPython.Wpf.dll [C:\Users\ultra\warewolf\Dev\Dev2.Development.Languages\Dev2.Development.Languages.csproj]
C:\Program Files\dotnet\sdk\10.0.201\Microsoft.Common.CurrentVersion.targets(2451,5): warning MSB3277:         C:\Users\ultra\.nuget\packages\microsoft.xaml.behaviors.wpf\1.1.19\lib\netcoreapp3.0\Microsoft.Xaml.Behaviors.dll [C:\Users\ultra\warewolf\Dev\Dev2.Development.Languages\Dev2.Development.Languages.csproj]
C:\Program Files\dotnet\sdk\10.0.201\Microsoft.Common.CurrentVersion.targets(2451,5): warning MSB3277:           Project file item includes which caused reference "C:\Users\ultra\.nuget\packages\microsoft.xaml.behaviors.wpf\1.1.19\lib\netcoreapp3.0\Microsoft.Xaml.Behaviors.dll". [C:\Users\ultra\warewolf\Dev\Dev2.Development.Languages\Dev2.Development.Languages.csproj]
C:\Program Files\dotnet\sdk\10.0.201\Microsoft.Common.CurrentVersion.targets(2451,5): warning MSB3277:             C:\Users\ultra\.nuget\packages\microsoft.xaml.behaviors.wpf\1.1.19\lib\netcoreapp3.0\Microsoft.Xaml.Behaviors.dll [C:\Users\ultra\warewolf\Dev\Dev2.Development.Languages\Dev2.Development.Languages.csproj]
C:\Program Files\dotnet\sdk\10.0.201\Microsoft.Common.CurrentVersion.targets(2451,5): warning MSB3277:             C:\Users\ultra\.nuget\packages\caliburn.micro\4.0.212\lib\netcoreapp3.1\Caliburn.Micro.Platform.dll [C:\Users\ultra\warewolf\Dev\Dev2.Development.Languages\Dev2.Development.Languages.csproj]
C:\Users\ultra\warewolf\Dev\Dev2.TaskScheduler.Wrappers\Dev2TaskEvent.cs(47,33): warning CA1416: This call site is reachable on all platforms. 'SecurityIdentifier.Value' is only supported on: 'windows'. (https://learn.microsoft.com/dotnet/fundamentals/code-analysis/quality-rules/ca1416) [C:\Users\ultra\warewolf\Dev\Dev2.TaskScheduler.Wrappers\Dev2.TaskScheduler.Wrappers.csproj]
  Dev2.Development.Languages -> C:\Users\ultra\warewolf\Dev\Dev2.Development.Languages\bin\Debug\net8.0\Dev2.Development.Languages.dll
  Dev2.Common -> C:\Users\ultra\warewolf\Bin\ServerTests-Windows\
  Dev2.Development.Languages -> C:\Users\ultra\warewolf\Bin\ServerTests-Windows\
  Dev2.TaskScheduler.Wrappers -> C:\Users\ultra\warewolf\Dev\Dev2.TaskScheduler.Wrappers\bin\Debug\net8.0\Dev2.TaskScheduler.Wrappers.dll
  Dev2.Util -> C:\Users\ultra\warewolf\Dev\Dev2.Util\bin\Debug\net8.0\Dev2.Util.dll
  Dev2.TaskScheduler.Wrappers -> C:\Users\ultra\warewolf\Bin\ServerTests-Windows\
  Dev2.Util -> C:\Users\ultra\warewolf\Bin\ServerTests-Windows\
C:\Program Files\dotnet\sdk\10.0.201\Microsoft.Common.CurrentVersion.targets(2451,5): warning MSB3277: Found conflicts between different versions of "System.Drawing.Common" that could not be resolved. [C:\Users\ultra\warewolf\Dev\Dev2.TaskScheduler.Wrappers.Tests\Dev2.TaskScheduler.Wrappers.Tests.csproj]
C:\Program Files\dotnet\sdk\10.0.201\Microsoft.Common.CurrentVersion.targets(2451,5): warning MSB3277: There was a conflict between "System.Drawing.Common, Version=6.0.0.0, Culture=neutral, PublicKeyToken=cc7b13ffcd2ddd51" and "System.Drawing.Common, Version=8.0.0.0, Culture=neutral, PublicKeyToken=cc7b13ffcd2ddd51". [C:\Users\ultra\warewolf\Dev\Dev2.TaskScheduler.Wrappers.Tests\Dev2.TaskScheduler.Wrappers.Tests.csproj]
C:\Program Files\dotnet\sdk\10.0.201\Microsoft.Common.CurrentVersion.targets(2451,5): warning MSB3277:     "System.Drawing.Common, Version=6.0.0.0, Culture=neutral, PublicKeyToken=cc7b13ffcd2ddd51" was chosen because it was primary and "System.Drawing.Common, Version=8.0.0.0, Culture=neutral, PublicKeyToken=cc7b13ffcd2ddd51" was not. [C:\Users\ultra\warewolf\Dev\Dev2.TaskScheduler.Wrappers.Tests\Dev2.TaskScheduler.Wrappers.Tests.csproj]
C:\Program Files\dotnet\sdk\10.0.201\Microsoft.Common.CurrentVersion.targets(2451,5): warning MSB3277:     References which depend on "System.Drawing.Common, Version=6.0.0.0, Culture=neutral, PublicKeyToken=cc7b13ffcd2ddd51" [C:\Users\ultra\.nuget\packages\system.drawing.common\6.0.0\lib\net6.0\System.Drawing.Common.dll]. [C:\Users\ultra\warewolf\Dev\Dev2.TaskScheduler.Wrappers.Tests\Dev2.TaskScheduler.Wrappers.Tests.csproj]
C:\Program Files\dotnet\sdk\10.0.201\Microsoft.Common.CurrentVersion.targets(2451,5): warning MSB3277:         C:\Users\ultra\.nuget\packages\system.drawing.common\6.0.0\lib\net6.0\System.Drawing.Common.dll [C:\Users\ultra\warewolf\Dev\Dev2.TaskScheduler.Wrappers.Tests\Dev2.TaskScheduler.Wrappers.Tests.csproj]
C:\Program Files\dotnet\sdk\10.0.201\Microsoft.Common.CurrentVersion.targets(2451,5): warning MSB3277:           Project file item includes which caused reference "C:\Users\ultra\.nuget\packages\system.drawing.common\6.0.0\lib\net6.0\System.Drawing.Common.dll". [C:\Users\ultra\warewolf\Dev\Dev2.TaskScheduler.Wrappers.Tests\Dev2.TaskScheduler.Wrappers.Tests.csproj]
C:\Program Files\dotnet\sdk\10.0.201\Microsoft.Common.CurrentVersion.targets(2451,5): warning MSB3277:             C:\Users\ultra\.nuget\packages\system.drawing.common\6.0.0\lib\net6.0\System.Drawing.Common.dll [C:\Users\ultra\warewolf\Dev\Dev2.TaskScheduler.Wrappers.Tests\Dev2.TaskScheduler.Wrappers.Tests.csproj]
C:\Program Files\dotnet\sdk\10.0.201\Microsoft.Common.CurrentVersion.targets(2451,5): warning MSB3277:     References which depend on or have been unified to "System.Drawing.Common, Version=8.0.0.0, Culture=neutral, PublicKeyToken=cc7b13ffcd2ddd51" []. [C:\Users\ultra\warewolf\Dev\Dev2.TaskScheduler.Wrappers.Tests\Dev2.TaskScheduler.Wrappers.Tests.csproj]
C:\Program Files\dotnet\sdk\10.0.201\Microsoft.Common.CurrentVersion.targets(2451,5): warning MSB3277:         C:\Users\ultra\.nuget\packages\system.windows.extensions\8.0.0\lib\net8.0\System.Windows.Extensions.dll [C:\Users\ultra\warewolf\Dev\Dev2.TaskScheduler.Wrappers.Tests\Dev2.TaskScheduler.Wrappers.Tests.csproj]
C:\Program Files\dotnet\sdk\10.0.201\Microsoft.Common.CurrentVersion.targets(2451,5): warning MSB3277:           Project file item includes which caused reference "C:\Users\ultra\.nuget\packages\system.windows.extensions\8.0.0\lib\net8.0\System.Windows.Extensions.dll". [C:\Users\ultra\warewolf\Dev\Dev2.TaskScheduler.Wrappers.Tests\Dev2.TaskScheduler.Wrappers.Tests.csproj]
C:\Program Files\dotnet\sdk\10.0.201\Microsoft.Common.CurrentVersion.targets(2451,5): warning MSB3277:             C:\Users\ultra\.nuget\packages\system.windows.extensions\8.0.0\lib\net8.0\System.Windows.Extensions.dll [C:\Users\ultra\warewolf\Dev\Dev2.TaskScheduler.Wrappers.Tests\Dev2.TaskScheduler.Wrappers.Tests.csproj]
C:\Program Files\dotnet\sdk\10.0.201\Microsoft.Common.CurrentVersion.targets(2451,5): warning MSB3277:             C:\Users\ultra\.nuget\packages\system.security.permissions\8.0.0\lib\net8.0\System.Security.Permissions.dll [C:\Users\ultra\warewolf\Dev\Dev2.TaskScheduler.Wrappers.Tests\Dev2.TaskScheduler.Wrappers.Tests.csproj]
C:\Program Files\dotnet\sdk\10.0.201\Microsoft.Common.CurrentVersion.targets(2451,5): warning MSB3277:             C:\Users\ultra\.nuget\packages\dotnetzip\1.16.0\lib\netstandard2.0\DotNetZip.dll [C:\Users\ultra\warewolf\Dev\Dev2.TaskScheduler.Wrappers.Tests\Dev2.TaskScheduler.Wrappers.Tests.csproj]
C:\Program Files\dotnet\sdk\10.0.201\Microsoft.Common.CurrentVersion.targets(2451,5): warning MSB3277:             C:\Users\ultra\warewolf\Dev\Dev2.Common\bin\Debug\net8.0\Dev2.Common.dll [C:\Users\ultra\warewolf\Dev\Dev2.TaskScheduler.Wrappers.Tests\Dev2.TaskScheduler.Wrappers.Tests.csproj]
C:\Program Files\dotnet\sdk\10.0.201\Microsoft.Common.CurrentVersion.targets(2451,5): warning MSB3277:             C:\Users\ultra\warewolf\Dev\Dev2.TaskScheduler.Wrappers\bin\Debug\net8.0\Dev2.TaskScheduler.Wrappers.dll [C:\Users\ultra\warewolf\Dev\Dev2.TaskScheduler.Wrappers.Tests\Dev2.TaskScheduler.Wrappers.Tests.csproj]
C:\Program Files\dotnet\sdk\10.0.201\Microsoft.Common.CurrentVersion.targets(2451,5): warning MSB3277:             C:\Users\ultra\warewolf\Dev\Dev2.Data.Interfaces\bin\Debug\net8.0\Dev2.Data.Interfaces.dll [C:\Users\ultra\warewolf\Dev\Dev2.TaskScheduler.Wrappers.Tests\Dev2.TaskScheduler.Wrappers.Tests.csproj]
C:\Program Files\dotnet\sdk\10.0.201\Microsoft.Common.CurrentVersion.targets(2451,5): warning MSB3277:             C:\Users\ultra\.nuget\packages\system.directoryservices\6.0.0\lib\net6.0\System.DirectoryServices.dll [C:\Users\ultra\warewolf\Dev\Dev2.TaskScheduler.Wrappers.Tests\Dev2.TaskScheduler.Wrappers.Tests.csproj]
C:\Program Files\dotnet\sdk\10.0.201\Microsoft.Common.CurrentVersion.targets(2451,5): warning MSB3277:             C:\Program Files\dotnet\packs\Microsoft.NETCore.App.Ref\8.0.25\ref/net8.0/System.Configuration.dll [C:\Users\ultra\warewolf\Dev\Dev2.TaskScheduler.Wrappers.Tests\Dev2.TaskScheduler.Wrappers.Tests.csproj]
C:\Program Files\dotnet\sdk\10.0.201\Microsoft.Common.CurrentVersion.targets(2451,5): warning MSB3277:             C:\Program Files\dotnet\packs\Microsoft.NETCore.App.Ref\8.0.25\ref/net8.0/System.Data.dll [C:\Users\ultra\warewolf\Dev\Dev2.TaskScheduler.Wrappers.Tests\Dev2.TaskScheduler.Wrappers.Tests.csproj]
C:\Program Files\dotnet\sdk\10.0.201\Microsoft.Common.CurrentVersion.targets(2451,5): warning MSB3277:             C:\Users\ultra\.nuget\packages\taskschedulereditor\2.10.1\lib\net452\Microsoft.Win32.TaskSchedulerEditor.dll [C:\Users\ultra\warewolf\Dev\Dev2.TaskScheduler.Wrappers.Tests\Dev2.TaskScheduler.Wrappers.Tests.csproj]
C:\Program Files\dotnet\sdk\10.0.201\Microsoft.Common.CurrentVersion.targets(2451,5): warning MSB3277:             C:\Program Files\dotnet\packs\Microsoft.NETCore.App.Ref\8.0.25\ref/net8.0/System.Drawing.dll [C:\Users\ultra\warewolf\Dev\Dev2.TaskScheduler.Wrappers.Tests\Dev2.TaskScheduler.Wrappers.Tests.csproj]
C:\Program Files\dotnet\sdk\10.0.201\Microsoft.Common.CurrentVersion.targets(2451,5): warning MSB3277:             C:\Users\ultra\.nuget\packages\aerowizard\2.3.1\lib\net45\AeroWizard.dll [C:\Users\ultra\warewolf\Dev\Dev2.TaskScheduler.Wrappers.Tests\Dev2.TaskScheduler.Wrappers.Tests.csproj]
C:\Program Files\dotnet\sdk\10.0.201\Microsoft.Common.CurrentVersion.targets(2451,5): warning MSB3277:             C:\Users\ultra\.nuget\packages\groupcontrols\1.9.0\lib\net45\GroupControls.dll [C:\Users\ultra\warewolf\Dev\Dev2.TaskScheduler.Wrappers.Tests\Dev2.TaskScheduler.Wrappers.Tests.csproj]
C:\Program Files\dotnet\sdk\10.0.201\Microsoft.Common.CurrentVersion.targets(2451,5): warning MSB3277:             C:\Program Files\dotnet\packs\Microsoft.NETCore.App.Ref\8.0.25\ref/net8.0/System.Net.dll [C:\Users\ultra\warewolf\Dev\Dev2.TaskScheduler.Wrappers.Tests\Dev2.TaskScheduler.Wrappers.Tests.csproj]
C:\Program Files\dotnet\sdk\10.0.201\Microsoft.Common.CurrentVersion.targets(2451,5): warning MSB3277:             C:\Program Files\dotnet\packs\Microsoft.NETCore.App.Ref\8.0.25\ref/net8.0/System.Security.dll [C:\Users\ultra\warewolf\Dev\Dev2.TaskScheduler.Wrappers.Tests\Dev2.TaskScheduler.Wrappers.Tests.csproj]
C:\Program Files\dotnet\sdk\10.0.201\Microsoft.Common.CurrentVersion.targets(2451,5): warning MSB3277:             C:\Program Files\dotnet\packs\Microsoft.NETCore.App.Ref\8.0.25\ref/net8.0/System.ServiceProcess.dll [C:\Users\ultra\warewolf\Dev\Dev2.TaskScheduler.Wrappers.Tests\Dev2.TaskScheduler.Wrappers.Tests.csproj]
C:\Program Files\dotnet\sdk\10.0.201\Microsoft.Common.CurrentVersion.targets(2451,5): warning MSB3277:             C:\Program Files\dotnet\packs\Microsoft.NETCore.App.Ref\8.0.25\ref/net8.0/System.Transactions.dll [C:\Users\ultra\warewolf\Dev\Dev2.TaskScheduler.Wrappers.Tests\Dev2.TaskScheduler.Wrappers.Tests.csproj]
C:\Program Files\dotnet\sdk\10.0.201\Microsoft.Common.CurrentVersion.targets(2451,5): warning MSB3277:             C:\Program Files\dotnet\packs\Microsoft.NETCore.App.Ref\8.0.25\ref/net8.0/System.dll [C:\Users\ultra\warewolf\Dev\Dev2.TaskScheduler.Wrappers.Tests\Dev2.TaskScheduler.Wrappers.Tests.csproj]
C:\Program Files\dotnet\sdk\10.0.201\Microsoft.Common.CurrentVersion.targets(2451,5): warning MSB3277:             C:\Users\ultra\.nuget\packages\ttcue.netcore.sharepointonline.csom.16.1.8029.1200\16.1.8029.1200\lib\netcoreapp2.0\Microsoft.SharePoint.Client.Runtime.Windows.dll [C:\Users\ultra\warewolf\Dev\Dev2.TaskScheduler.Wrappers.Tests\Dev2.TaskScheduler.Wrappers.Tests.csproj]
C:\Program Files\dotnet\sdk\10.0.201\Microsoft.Common.CurrentVersion.targets(2451,5): warning MSB3277:             C:\Program Files\dotnet\packs\Microsoft.NETCore.App.Ref\8.0.25\ref/net8.0/WindowsBase.dll [C:\Users\ultra\warewolf\Dev\Dev2.TaskScheduler.Wrappers.Tests\Dev2.TaskScheduler.Wrappers.Tests.csproj]
C:\Program Files\dotnet\sdk\10.0.201\Microsoft.Common.CurrentVersion.targets(2451,5): warning MSB3277:             C:\Users\ultra\.nuget\packages\caliburn.micro\4.0.212\lib\netcoreapp3.1\Caliburn.Micro.Platform.dll [C:\Users\ultra\warewolf\Dev\Dev2.TaskScheduler.Wrappers.Tests\Dev2.TaskScheduler.Wrappers.Tests.csproj]
C:\Program Files\dotnet\sdk\10.0.201\Microsoft.Common.CurrentVersion.targets(2451,5): warning MSB3277:             C:\Users\ultra\.nuget\packages\microsoft.xaml.behaviors.wpf\1.1.19\lib\netcoreapp3.0\Microsoft.Xaml.Behaviors.dll [C:\Users\ultra\warewolf\Dev\Dev2.TaskScheduler.Wrappers.Tests\Dev2.TaskScheduler.Wrappers.Tests.csproj]
C:\Program Files\dotnet\sdk\10.0.201\Microsoft.Common.CurrentVersion.targets(2451,5): warning MSB3277:             C:\Program Files\dotnet\packs\Microsoft.NETCore.App.Ref\8.0.25\ref/net8.0/mscorlib.dll [C:\Users\ultra\warewolf\Dev\Dev2.TaskScheduler.Wrappers.Tests\Dev2.TaskScheduler.Wrappers.Tests.csproj]
C:\Program Files\dotnet\sdk\10.0.201\Microsoft.Common.CurrentVersion.targets(2451,5): warning MSB3277:             C:\Users\ultra\.nuget\packages\microsoft.codecoverage\17.13.0\lib\netcoreapp3.1\Microsoft.VisualStudio.CodeCoverage.Shim.dll [C:\Users\ultra\warewolf\Dev\Dev2.TaskScheduler.Wrappers.Tests\Dev2.TaskScheduler.Wrappers.Tests.csproj]
C:\Program Files\dotnet\sdk\10.0.201\Microsoft.Common.CurrentVersion.targets(2451,5): warning MSB3277:         C:\Program Files\dotnet\packs\Microsoft.NETCore.App.Ref\8.0.25\ref\net8.0\System.Drawing.dll [C:\Users\ultra\warewolf\Dev\Dev2.TaskScheduler.Wrappers.Tests\Dev2.TaskScheduler.Wrappers.Tests.csproj]
C:\Program Files\dotnet\sdk\10.0.201\Microsoft.Common.CurrentVersion.targets(2451,5): warning MSB3277:           Project file item includes which caused reference "C:\Program Files\dotnet\packs\Microsoft.NETCore.App.Ref\8.0.25\ref\net8.0\System.Drawing.dll". [C:\Users\ultra\warewolf\Dev\Dev2.TaskScheduler.Wrappers.Tests\Dev2.TaskScheduler.Wrappers.Tests.csproj]
C:\Program Files\dotnet\sdk\10.0.201\Microsoft.Common.CurrentVersion.targets(2451,5): warning MSB3277:             C:\Program Files\dotnet\packs\Microsoft.NETCore.App.Ref\8.0.25\ref/net8.0/System.Drawing.dll [C:\Users\ultra\warewolf\Dev\Dev2.TaskScheduler.Wrappers.Tests\Dev2.TaskScheduler.Wrappers.Tests.csproj]
C:\Program Files\dotnet\sdk\10.0.201\Microsoft.Common.CurrentVersion.targets(2451,5): warning MSB3277:             C:\Users\ultra\.nuget\packages\aerowizard\2.3.1\lib\net45\AeroWizard.dll [C:\Users\ultra\warewolf\Dev\Dev2.TaskScheduler.Wrappers.Tests\Dev2.TaskScheduler.Wrappers.Tests.csproj]
C:\Program Files\dotnet\sdk\10.0.201\Microsoft.Common.CurrentVersion.targets(2451,5): warning MSB3277:             C:\Users\ultra\.nuget\packages\groupcontrols\1.9.0\lib\net45\GroupControls.dll [C:\Users\ultra\warewolf\Dev\Dev2.TaskScheduler.Wrappers.Tests\Dev2.TaskScheduler.Wrappers.Tests.csproj]
C:\Program Files\dotnet\sdk\10.0.201\Microsoft.Common.CurrentVersion.targets(2451,5): warning MSB3277:             C:\Users\ultra\.nuget\packages\taskschedulereditor\2.10.1\lib\net452\Microsoft.Win32.TaskSchedulerEditor.dll [C:\Users\ultra\warewolf\Dev\Dev2.TaskScheduler.Wrappers.Tests\Dev2.TaskScheduler.Wrappers.Tests.csproj]
  Warewolf.Licensing -> C:\Users\ultra\warewolf\Dev\Warewolf.Licensing\bin\Debug\net8.0\Warewolf.Licensing.dll
  Dev2.CustomControls -> C:\Users\ultra\warewolf\Dev\Dev2.CustomControls\bin\Debug\net8.0\Dev2.CustomControls.dll
  Warewolf.Licensing -> C:\Users\ultra\warewolf\Bin\ServerTests-Windows\
  Dev2.CustomControls -> C:\Users\ultra\warewolf\Bin\ServerTests-Windows\
  Consider app.config remapping of assembly "Newtonsoft.Json, Culture=neutral, PublicKeyToken=30ad4fe6b2a6aeed" from Version "12.0.0.0" [] to Version "13.0.0.0" [C:\Users\ultra\.nuget\packages\newtonsoft.json\13.0.2\lib\net6.0\Newtonsoft.Json.dll] to solve conflict and get rid of warning.
C:\Program Files\dotnet\sdk\10.0.201\Microsoft.Common.CurrentVersion.targets(2451,5): warning MSB3277: Found conflicts between different versions of "System.Drawing.Common" that could not be resolved. [C:\Users\ultra\warewolf\Dev\Dev2.CustomControls.Tests\Dev2.CustomControls.Tests.csproj]
C:\Program Files\dotnet\sdk\10.0.201\Microsoft.Common.CurrentVersion.targets(2451,5): warning MSB3277: There was a conflict between "System.Drawing.Common, Version=6.0.0.0, Culture=neutral, PublicKeyToken=cc7b13ffcd2ddd51" and "System.Drawing.Common, Version=8.0.0.0, Culture=neutral, PublicKeyToken=cc7b13ffcd2ddd51". [C:\Users\ultra\warewolf\Dev\Dev2.CustomControls.Tests\Dev2.CustomControls.Tests.csproj]
C:\Program Files\dotnet\sdk\10.0.201\Microsoft.Common.CurrentVersion.targets(2451,5): warning MSB3277:     "System.Drawing.Common, Version=6.0.0.0, Culture=neutral, PublicKeyToken=cc7b13ffcd2ddd51" was chosen because it was primary and "System.Drawing.Common, Version=8.0.0.0, Culture=neutral, PublicKeyToken=cc7b13ffcd2ddd51" was not. [C:\Users\ultra\warewolf\Dev\Dev2.CustomControls.Tests\Dev2.CustomControls.Tests.csproj]
C:\Program Files\dotnet\sdk\10.0.201\Microsoft.Common.CurrentVersion.targets(2451,5): warning MSB3277:     References which depend on "System.Drawing.Common, Version=6.0.0.0, Culture=neutral, PublicKeyToken=cc7b13ffcd2ddd51" [C:\Users\ultra\.nuget\packages\system.drawing.common\6.0.0\lib\net6.0\System.Drawing.Common.dll]. [C:\Users\ultra\warewolf\Dev\Dev2.CustomControls.Tests\Dev2.CustomControls.Tests.csproj]
C:\Program Files\dotnet\sdk\10.0.201\Microsoft.Common.CurrentVersion.targets(2451,5): warning MSB3277:         C:\Users\ultra\.nuget\packages\system.drawing.common\6.0.0\lib\net6.0\System.Drawing.Common.dll [C:\Users\ultra\warewolf\Dev\Dev2.CustomControls.Tests\Dev2.CustomControls.Tests.csproj]
C:\Program Files\dotnet\sdk\10.0.201\Microsoft.Common.CurrentVersion.targets(2451,5): warning MSB3277:           Project file item includes which caused reference "C:\Users\ultra\.nuget\packages\system.drawing.common\6.0.0\lib\net6.0\System.Drawing.Common.dll". [C:\Users\ultra\warewolf\Dev\Dev2.CustomControls.Tests\Dev2.CustomControls.Tests.csproj]
C:\Program Files\dotnet\sdk\10.0.201\Microsoft.Common.CurrentVersion.targets(2451,5): warning MSB3277:             C:\Users\ultra\.nuget\packages\system.drawing.common\6.0.0\lib\net6.0\System.Drawing.Common.dll [C:\Users\ultra\warewolf\Dev\Dev2.CustomControls.Tests\Dev2.CustomControls.Tests.csproj]
C:\Program Files\dotnet\sdk\10.0.201\Microsoft.Common.CurrentVersion.targets(2451,5): warning MSB3277:     References which depend on or have been unified to "System.Drawing.Common, Version=8.0.0.0, Culture=neutral, PublicKeyToken=cc7b13ffcd2ddd51" []. [C:\Users\ultra\warewolf\Dev\Dev2.CustomControls.Tests\Dev2.CustomControls.Tests.csproj]
C:\Program Files\dotnet\sdk\10.0.201\Microsoft.Common.CurrentVersion.targets(2451,5): warning MSB3277:         C:\Users\ultra\.nuget\packages\system.windows.extensions\8.0.0\lib\net8.0\System.Windows.Extensions.dll [C:\Users\ultra\warewolf\Dev\Dev2.CustomControls.Tests\Dev2.CustomControls.Tests.csproj]
C:\Program Files\dotnet\sdk\10.0.201\Microsoft.Common.CurrentVersion.targets(2451,5): warning MSB3277:           Project file item includes which caused reference "C:\Users\ultra\.nuget\packages\system.windows.extensions\8.0.0\lib\net8.0\System.Windows.Extensions.dll". [C:\Users\ultra\warewolf\Dev\Dev2.CustomControls.Tests\Dev2.CustomControls.Tests.csproj]
C:\Program Files\dotnet\sdk\10.0.201\Microsoft.Common.CurrentVersion.targets(2451,5): warning MSB3277:             C:\Users\ultra\.nuget\packages\system.windows.extensions\8.0.0\lib\net8.0\System.Windows.Extensions.dll [C:\Users\ultra\warewolf\Dev\Dev2.CustomControls.Tests\Dev2.CustomControls.Tests.csproj]
C:\Program Files\dotnet\sdk\10.0.201\Microsoft.Common.CurrentVersion.targets(2451,5): warning MSB3277:             C:\Users\ultra\.nuget\packages\system.security.permissions\8.0.0\lib\net8.0\System.Security.Permissions.dll [C:\Users\ultra\warewolf\Dev\Dev2.CustomControls.Tests\Dev2.CustomControls.Tests.csproj]
C:\Program Files\dotnet\sdk\10.0.201\Microsoft.Common.CurrentVersion.targets(2451,5): warning MSB3277:             C:\Users\ultra\.nuget\packages\dotnetzip\1.16.0\lib\netstandard2.0\DotNetZip.dll [C:\Users\ultra\warewolf\Dev\Dev2.CustomControls.Tests\Dev2.CustomControls.Tests.csproj]
C:\Program Files\dotnet\sdk\10.0.201\Microsoft.Common.CurrentVersion.targets(2451,5): warning MSB3277:             C:\Users\ultra\warewolf\Dev\Dev2.Common\bin\Debug\net8.0\Dev2.Common.dll [C:\Users\ultra\warewolf\Dev\Dev2.CustomControls.Tests\Dev2.CustomControls.Tests.csproj]
C:\Program Files\dotnet\sdk\10.0.201\Microsoft.Common.CurrentVersion.targets(2451,5): warning MSB3277:             C:\Users\ultra\warewolf\Dev\Dev2.Data.Interfaces\bin\Debug\net8.0\Dev2.Data.Interfaces.dll [C:\Users\ultra\warewolf\Dev\Dev2.CustomControls.Tests\Dev2.CustomControls.Tests.csproj]
C:\Program Files\dotnet\sdk\10.0.201\Microsoft.Common.CurrentVersion.targets(2451,5): warning MSB3277:             C:\Users\ultra\warewolf\Dev\Dev2.Util\bin\Debug\net8.0\Dev2.Util.dll [C:\Users\ultra\warewolf\Dev\Dev2.CustomControls.Tests\Dev2.CustomControls.Tests.csproj]
C:\Program Files\dotnet\sdk\10.0.201\Microsoft.Common.CurrentVersion.targets(2451,5): warning MSB3277:             C:\Users\ultra\.nuget\packages\system.directoryservices\6.0.0\lib\net6.0\System.DirectoryServices.dll [C:\Users\ultra\warewolf\Dev\Dev2.CustomControls.Tests\Dev2.CustomControls.Tests.csproj]
C:\Program Files\dotnet\sdk\10.0.201\Microsoft.Common.CurrentVersion.targets(2451,5): warning MSB3277:             C:\Program Files\dotnet\packs\Microsoft.NETCore.App.Ref\8.0.25\ref/net8.0/System.Configuration.dll [C:\Users\ultra\warewolf\Dev\Dev2.CustomControls.Tests\Dev2.CustomControls.Tests.csproj]
C:\Program Files\dotnet\sdk\10.0.201\Microsoft.Common.CurrentVersion.targets(2451,5): warning MSB3277:             C:\Program Files\dotnet\packs\Microsoft.NETCore.App.Ref\8.0.25\ref/net8.0/System.Data.dll [C:\Users\ultra\warewolf\Dev\Dev2.CustomControls.Tests\Dev2.CustomControls.Tests.csproj]
C:\Program Files\dotnet\sdk\10.0.201\Microsoft.Common.CurrentVersion.targets(2451,5): warning MSB3277:             C:\Users\ultra\.nuget\packages\taskschedulereditor\2.10.1\lib\net452\Microsoft.Win32.TaskSchedulerEditor.dll [C:\Users\ultra\warewolf\Dev\Dev2.CustomControls.Tests\Dev2.CustomControls.Tests.csproj]
C:\Program Files\dotnet\sdk\10.0.201\Microsoft.Common.CurrentVersion.targets(2451,5): warning MSB3277:             C:\Program Files\dotnet\packs\Microsoft.NETCore.App.Ref\8.0.25\ref/net8.0/System.Drawing.dll [C:\Users\ultra\warewolf\Dev\Dev2.CustomControls.Tests\Dev2.CustomControls.Tests.csproj]
C:\Program Files\dotnet\sdk\10.0.201\Microsoft.Common.CurrentVersion.targets(2451,5): warning MSB3277:             C:\Users\ultra\.nuget\packages\aerowizard\2.3.1\lib\net45\AeroWizard.dll [C:\Users\ultra\warewolf\Dev\Dev2.CustomControls.Tests\Dev2.CustomControls.Tests.csproj]
C:\Program Files\dotnet\sdk\10.0.201\Microsoft.Common.CurrentVersion.targets(2451,5): warning MSB3277:             C:\Users\ultra\.nuget\packages\groupcontrols\1.9.0\lib\net45\GroupControls.dll [C:\Users\ultra\warewolf\Dev\Dev2.CustomControls.Tests\Dev2.CustomControls.Tests.csproj]
C:\Program Files\dotnet\sdk\10.0.201\Microsoft.Common.CurrentVersion.targets(2451,5): warning MSB3277:             C:\Program Files\dotnet\packs\Microsoft.NETCore.App.Ref\8.0.25\ref/net8.0/System.Net.dll [C:\Users\ultra\warewolf\Dev\Dev2.CustomControls.Tests\Dev2.CustomControls.Tests.csproj]
C:\Program Files\dotnet\sdk\10.0.201\Microsoft.Common.CurrentVersion.targets(2451,5): warning MSB3277:             C:\Program Files\dotnet\packs\Microsoft.NETCore.App.Ref\8.0.25\ref/net8.0/System.Security.dll [C:\Users\ultra\warewolf\Dev\Dev2.CustomControls.Tests\Dev2.CustomControls.Tests.csproj]
C:\Program Files\dotnet\sdk\10.0.201\Microsoft.Common.CurrentVersion.targets(2451,5): warning MSB3277:             C:\Program Files\dotnet\packs\Microsoft.NETCore.App.Ref\8.0.25\ref/net8.0/System.ServiceProcess.dll [C:\Users\ultra\warewolf\Dev\Dev2.CustomControls.Tests\Dev2.CustomControls.Tests.csproj]
C:\Program Files\dotnet\sdk\10.0.201\Microsoft.Common.CurrentVersion.targets(2451,5): warning MSB3277:             C:\Program Files\dotnet\packs\Microsoft.NETCore.App.Ref\8.0.25\ref/net8.0/System.Transactions.dll [C:\Users\ultra\warewolf\Dev\Dev2.CustomControls.Tests\Dev2.CustomControls.Tests.csproj]
C:\Program Files\dotnet\sdk\10.0.201\Microsoft.Common.CurrentVersion.targets(2451,5): warning MSB3277:             C:\Program Files\dotnet\packs\Microsoft.NETCore.App.Ref\8.0.25\ref/net8.0/System.dll [C:\Users\ultra\warewolf\Dev\Dev2.CustomControls.Tests\Dev2.CustomControls.Tests.csproj]
C:\Program Files\dotnet\sdk\10.0.201\Microsoft.Common.CurrentVersion.targets(2451,5): warning MSB3277:             C:\Users\ultra\.nuget\packages\ttcue.netcore.sharepointonline.csom.16.1.8029.1200\16.1.8029.1200\lib\netcoreapp2.0\Microsoft.SharePoint.Client.Runtime.Windows.dll [C:\Users\ultra\warewolf\Dev\Dev2.CustomControls.Tests\Dev2.CustomControls.Tests.csproj]
C:\Program Files\dotnet\sdk\10.0.201\Microsoft.Common.CurrentVersion.targets(2451,5): warning MSB3277:             C:\Program Files\dotnet\packs\Microsoft.NETCore.App.Ref\8.0.25\ref/net8.0/WindowsBase.dll [C:\Users\ultra\warewolf\Dev\Dev2.CustomControls.Tests\Dev2.CustomControls.Tests.csproj]
C:\Program Files\dotnet\sdk\10.0.201\Microsoft.Common.CurrentVersion.targets(2451,5): warning MSB3277:             C:\Users\ultra\.nuget\packages\caliburn.micro\4.0.212\lib\netcoreapp3.1\Caliburn.Micro.Platform.dll [C:\Users\ultra\warewolf\Dev\Dev2.CustomControls.Tests\Dev2.CustomControls.Tests.csproj]
C:\Program Files\dotnet\sdk\10.0.201\Microsoft.Common.CurrentVersion.targets(2451,5): warning MSB3277:             C:\Users\ultra\.nuget\packages\microsoft.xaml.behaviors.wpf\1.1.19\lib\netcoreapp3.0\Microsoft.Xaml.Behaviors.dll [C:\Users\ultra\warewolf\Dev\Dev2.CustomControls.Tests\Dev2.CustomControls.Tests.csproj]
C:\Program Files\dotnet\sdk\10.0.201\Microsoft.Common.CurrentVersion.targets(2451,5): warning MSB3277:             C:\Program Files\dotnet\packs\Microsoft.NETCore.App.Ref\8.0.25\ref/net8.0/mscorlib.dll [C:\Users\ultra\warewolf\Dev\Dev2.CustomControls.Tests\Dev2.CustomControls.Tests.csproj]
C:\Program Files\dotnet\sdk\10.0.201\Microsoft.Common.CurrentVersion.targets(2451,5): warning MSB3277:             C:\Users\ultra\.nuget\packages\microsoft.codecoverage\17.13.0\lib\netcoreapp3.1\Microsoft.VisualStudio.CodeCoverage.Shim.dll [C:\Users\ultra\warewolf\Dev\Dev2.CustomControls.Tests\Dev2.CustomControls.Tests.csproj]
C:\Program Files\dotnet\sdk\10.0.201\Microsoft.Common.CurrentVersion.targets(2451,5): warning MSB3277:         C:\Program Files\dotnet\packs\Microsoft.NETCore.App.Ref\8.0.25\ref\net8.0\System.Drawing.dll [C:\Users\ultra\warewolf\Dev\Dev2.CustomControls.Tests\Dev2.CustomControls.Tests.csproj]
C:\Program Files\dotnet\sdk\10.0.201\Microsoft.Common.CurrentVersion.targets(2451,5): warning MSB3277:           Project file item includes which caused reference "C:\Program Files\dotnet\packs\Microsoft.NETCore.App.Ref\8.0.25\ref\net8.0\System.Drawing.dll". [C:\Users\ultra\warewolf\Dev\Dev2.CustomControls.Tests\Dev2.CustomControls.Tests.csproj]
C:\Program Files\dotnet\sdk\10.0.201\Microsoft.Common.CurrentVersion.targets(2451,5): warning MSB3277:             C:\Program Files\dotnet\packs\Microsoft.NETCore.App.Ref\8.0.25\ref/net8.0/System.Drawing.dll [C:\Users\ultra\warewolf\Dev\Dev2.CustomControls.Tests\Dev2.CustomControls.Tests.csproj]
C:\Program Files\dotnet\sdk\10.0.201\Microsoft.Common.CurrentVersion.targets(2451,5): warning MSB3277:             C:\Users\ultra\.nuget\packages\aerowizard\2.3.1\lib\net45\AeroWizard.dll [C:\Users\ultra\warewolf\Dev\Dev2.CustomControls.Tests\Dev2.CustomControls.Tests.csproj]
C:\Program Files\dotnet\sdk\10.0.201\Microsoft.Common.CurrentVersion.targets(2451,5): warning MSB3277:             C:\Users\ultra\.nuget\packages\groupcontrols\1.9.0\lib\net45\GroupControls.dll [C:\Users\ultra\warewolf\Dev\Dev2.CustomControls.Tests\Dev2.CustomControls.Tests.csproj]
C:\Program Files\dotnet\sdk\10.0.201\Microsoft.Common.CurrentVersion.targets(2451,5): warning MSB3277:             C:\Users\ultra\.nuget\packages\taskschedulereditor\2.10.1\lib\net452\Microsoft.Win32.TaskSchedulerEditor.dll [C:\Users\ultra\warewolf\Dev\Dev2.CustomControls.Tests\Dev2.CustomControls.Tests.csproj]
  Dev2.TaskScheduler.Wrappers.Tests -> C:\Users\ultra\warewolf\Dev\Dev2.TaskScheduler.Wrappers.Tests\bin\Debug\net8.0\Dev2.TaskScheduler.Wrappers.Tests.dll
  Dev2.CustomControls.Tests -> C:\Users\ultra\warewolf\Dev\Dev2.CustomControls.Tests\bin\Debug\net8.0\Dev2.CustomControls.Tests.dll
  Dev2.CustomControls.Tests -> C:\Users\ultra\warewolf\Bin\ServerTests-Windows\
  Dev2.TaskScheduler.Wrappers.Tests -> C:\Users\ultra\warewolf\Bin\ServerTests-Windows\
  Dev2.Runtime.Configuration -> C:\Users\ultra\warewolf\Dev\Dev2.Runtime.Configuration\bin\Debug\net8.0\Dev2.Runtime.Configuration.dll
  Dev2.Runtime.Configuration -> C:\Users\ultra\warewolf\Bin\ServerTests-Windows\
C:\Program Files\dotnet\sdk\10.0.201\Microsoft.Common.CurrentVersion.targets(2451,5): warning MSB3277: Found conflicts between different versions of "System.Drawing.Common" that could not be resolved. [C:\Users\ultra\warewolf\Dev\Dev2.Runtime.Configuration.Tests\Dev2.Runtime.Configuration.Tests.csproj]
C:\Program Files\dotnet\sdk\10.0.201\Microsoft.Common.CurrentVersion.targets(2451,5): warning MSB3277: There was a conflict between "System.Drawing.Common, Version=6.0.0.0, Culture=neutral, PublicKeyToken=cc7b13ffcd2ddd51" and "System.Drawing.Common, Version=8.0.0.0, Culture=neutral, PublicKeyToken=cc7b13ffcd2ddd51". [C:\Users\ultra\warewolf\Dev\Dev2.Runtime.Configuration.Tests\Dev2.Runtime.Configuration.Tests.csproj]
C:\Program Files\dotnet\sdk\10.0.201\Microsoft.Common.CurrentVersion.targets(2451,5): warning MSB3277:     "System.Drawing.Common, Version=6.0.0.0, Culture=neutral, PublicKeyToken=cc7b13ffcd2ddd51" was chosen because it was primary and "System.Drawing.Common, Version=8.0.0.0, Culture=neutral, PublicKeyToken=cc7b13ffcd2ddd51" was not. [C:\Users\ultra\warewolf\Dev\Dev2.Runtime.Configuration.Tests\Dev2.Runtime.Configuration.Tests.csproj]
C:\Program Files\dotnet\sdk\10.0.201\Microsoft.Common.CurrentVersion.targets(2451,5): warning MSB3277:     References which depend on "System.Drawing.Common, Version=6.0.0.0, Culture=neutral, PublicKeyToken=cc7b13ffcd2ddd51" [C:\Users\ultra\.nuget\packages\system.drawing.common\6.0.0\lib\net6.0\System.Drawing.Common.dll]. [C:\Users\ultra\warewolf\Dev\Dev2.Runtime.Configuration.Tests\Dev2.Runtime.Configuration.Tests.csproj]
C:\Program Files\dotnet\sdk\10.0.201\Microsoft.Common.CurrentVersion.targets(2451,5): warning MSB3277:         C:\Users\ultra\.nuget\packages\system.drawing.common\6.0.0\lib\net6.0\System.Drawing.Common.dll [C:\Users\ultra\warewolf\Dev\Dev2.Runtime.Configuration.Tests\Dev2.Runtime.Configuration.Tests.csproj]
C:\Program Files\dotnet\sdk\10.0.201\Microsoft.Common.CurrentVersion.targets(2451,5): warning MSB3277:           Project file item includes which caused reference "C:\Users\ultra\.nuget\packages\system.drawing.common\6.0.0\lib\net6.0\System.Drawing.Common.dll". [C:\Users\ultra\warewolf\Dev\Dev2.Runtime.Configuration.Tests\Dev2.Runtime.Configuration.Tests.csproj]
C:\Program Files\dotnet\sdk\10.0.201\Microsoft.Common.CurrentVersion.targets(2451,5): warning MSB3277:             C:\Users\ultra\.nuget\packages\system.drawing.common\6.0.0\lib\net6.0\System.Drawing.Common.dll [C:\Users\ultra\warewolf\Dev\Dev2.Runtime.Configuration.Tests\Dev2.Runtime.Configuration.Tests.csproj]
C:\Program Files\dotnet\sdk\10.0.201\Microsoft.Common.CurrentVersion.targets(2451,5): warning MSB3277:     References which depend on or have been unified to "System.Drawing.Common, Version=8.0.0.0, Culture=neutral, PublicKeyToken=cc7b13ffcd2ddd51" []. [C:\Users\ultra\warewolf\Dev\Dev2.Runtime.Configuration.Tests\Dev2.Runtime.Configuration.Tests.csproj]
C:\Program Files\dotnet\sdk\10.0.201\Microsoft.Common.CurrentVersion.targets(2451,5): warning MSB3277:         C:\Users\ultra\.nuget\packages\system.windows.extensions\8.0.0\lib\net8.0\System.Windows.Extensions.dll [C:\Users\ultra\warewolf\Dev\Dev2.Runtime.Configuration.Tests\Dev2.Runtime.Configuration.Tests.csproj]
C:\Program Files\dotnet\sdk\10.0.201\Microsoft.Common.CurrentVersion.targets(2451,5): warning MSB3277:           Project file item includes which caused reference "C:\Users\ultra\.nuget\packages\system.windows.extensions\8.0.0\lib\net8.0\System.Windows.Extensions.dll". [C:\Users\ultra\warewolf\Dev\Dev2.Runtime.Configuration.Tests\Dev2.Runtime.Configuration.Tests.csproj]
C:\Program Files\dotnet\sdk\10.0.201\Microsoft.Common.CurrentVersion.targets(2451,5): warning MSB3277:             C:\Users\ultra\.nuget\packages\system.windows.extensions\8.0.0\lib\net8.0\System.Windows.Extensions.dll [C:\Users\ultra\warewolf\Dev\Dev2.Runtime.Configuration.Tests\Dev2.Runtime.Configuration.Tests.csproj]
C:\Program Files\dotnet\sdk\10.0.201\Microsoft.Common.CurrentVersion.targets(2451,5): warning MSB3277:             C:\Users\ultra\.nuget\packages\system.security.permissions\8.0.0\lib\net8.0\System.Security.Permissions.dll [C:\Users\ultra\warewolf\Dev\Dev2.Runtime.Configuration.Tests\Dev2.Runtime.Configuration.Tests.csproj]
C:\Program Files\dotnet\sdk\10.0.201\Microsoft.Common.CurrentVersion.targets(2451,5): warning MSB3277:             C:\Users\ultra\.nuget\packages\dotnetzip\1.16.0\lib\netstandard2.0\DotNetZip.dll [C:\Users\ultra\warewolf\Dev\Dev2.Runtime.Configuration.Tests\Dev2.Runtime.Configuration.Tests.csproj]
C:\Program Files\dotnet\sdk\10.0.201\Microsoft.Common.CurrentVersion.targets(2451,5): warning MSB3277:             C:\Users\ultra\warewolf\Dev\Dev2.Common\bin\Debug\net8.0\Dev2.Common.dll [C:\Users\ultra\warewolf\Dev\Dev2.Runtime.Configuration.Tests\Dev2.Runtime.Configuration.Tests.csproj]
C:\Program Files\dotnet\sdk\10.0.201\Microsoft.Common.CurrentVersion.targets(2451,5): warning MSB3277:             C:\Users\ultra\warewolf\Dev\Dev2.Data.Interfaces\bin\Debug\net8.0\Dev2.Data.Interfaces.dll [C:\Users\ultra\warewolf\Dev\Dev2.Runtime.Configuration.Tests\Dev2.Runtime.Configuration.Tests.csproj]
C:\Program Files\dotnet\sdk\10.0.201\Microsoft.Common.CurrentVersion.targets(2451,5): warning MSB3277:             C:\Users\ultra\warewolf\Dev\Dev2.Util\bin\Debug\net8.0\Dev2.Util.dll [C:\Users\ultra\warewolf\Dev\Dev2.Runtime.Configuration.Tests\Dev2.Runtime.Configuration.Tests.csproj]
C:\Program Files\dotnet\sdk\10.0.201\Microsoft.Common.CurrentVersion.targets(2451,5): warning MSB3277:             C:\Users\ultra\.nuget\packages\system.directoryservices\6.0.0\lib\net6.0\System.DirectoryServices.dll [C:\Users\ultra\warewolf\Dev\Dev2.Runtime.Configuration.Tests\Dev2.Runtime.Configuration.Tests.csproj]
C:\Program Files\dotnet\sdk\10.0.201\Microsoft.Common.CurrentVersion.targets(2451,5): warning MSB3277:             C:\Program Files\dotnet\packs\Microsoft.NETCore.App.Ref\8.0.25\ref/net8.0/System.Configuration.dll [C:\Users\ultra\warewolf\Dev\Dev2.Runtime.Configuration.Tests\Dev2.Runtime.Configuration.Tests.csproj]
C:\Program Files\dotnet\sdk\10.0.201\Microsoft.Common.CurrentVersion.targets(2451,5): warning MSB3277:             C:\Program Files\dotnet\packs\Microsoft.NETCore.App.Ref\8.0.25\ref/net8.0/System.Data.dll [C:\Users\ultra\warewolf\Dev\Dev2.Runtime.Configuration.Tests\Dev2.Runtime.Configuration.Tests.csproj]
C:\Program Files\dotnet\sdk\10.0.201\Microsoft.Common.CurrentVersion.targets(2451,5): warning MSB3277:             C:\Users\ultra\.nuget\packages\taskschedulereditor\2.10.1\lib\net452\Microsoft.Win32.TaskSchedulerEditor.dll [C:\Users\ultra\warewolf\Dev\Dev2.Runtime.Configuration.Tests\Dev2.Runtime.Configuration.Tests.csproj]
C:\Program Files\dotnet\sdk\10.0.201\Microsoft.Common.CurrentVersion.targets(2451,5): warning MSB3277:             C:\Program Files\dotnet\packs\Microsoft.NETCore.App.Ref\8.0.25\ref/net8.0/System.Drawing.dll [C:\Users\ultra\warewolf\Dev\Dev2.Runtime.Configuration.Tests\Dev2.Runtime.Configuration.Tests.csproj]
C:\Program Files\dotnet\sdk\10.0.201\Microsoft.Common.CurrentVersion.targets(2451,5): warning MSB3277:             C:\Users\ultra\.nuget\packages\aerowizard\2.3.1\lib\net45\AeroWizard.dll [C:\Users\ultra\warewolf\Dev\Dev2.Runtime.Configuration.Tests\Dev2.Runtime.Configuration.Tests.csproj]
C:\Program Files\dotnet\sdk\10.0.201\Microsoft.Common.CurrentVersion.targets(2451,5): warning MSB3277:             C:\Users\ultra\.nuget\packages\groupcontrols\1.9.0\lib\net45\GroupControls.dll [C:\Users\ultra\warewolf\Dev\Dev2.Runtime.Configuration.Tests\Dev2.Runtime.Configuration.Tests.csproj]
C:\Program Files\dotnet\sdk\10.0.201\Microsoft.Common.CurrentVersion.targets(2451,5): warning MSB3277:             C:\Program Files\dotnet\packs\Microsoft.NETCore.App.Ref\8.0.25\ref/net8.0/System.Net.dll [C:\Users\ultra\warewolf\Dev\Dev2.Runtime.Configuration.Tests\Dev2.Runtime.Configuration.Tests.csproj]
C:\Program Files\dotnet\sdk\10.0.201\Microsoft.Common.CurrentVersion.targets(2451,5): warning MSB3277:             C:\Program Files\dotnet\packs\Microsoft.NETCore.App.Ref\8.0.25\ref/net8.0/System.Security.dll [C:\Users\ultra\warewolf\Dev\Dev2.Runtime.Configuration.Tests\Dev2.Runtime.Configuration.Tests.csproj]
C:\Program Files\dotnet\sdk\10.0.201\Microsoft.Common.CurrentVersion.targets(2451,5): warning MSB3277:             C:\Program Files\dotnet\packs\Microsoft.NETCore.App.Ref\8.0.25\ref/net8.0/System.ServiceProcess.dll [C:\Users\ultra\warewolf\Dev\Dev2.Runtime.Configuration.Tests\Dev2.Runtime.Configuration.Tests.csproj]
C:\Program Files\dotnet\sdk\10.0.201\Microsoft.Common.CurrentVersion.targets(2451,5): warning MSB3277:             C:\Program Files\dotnet\packs\Microsoft.NETCore.App.Ref\8.0.25\ref/net8.0/System.Transactions.dll [C:\Users\ultra\warewolf\Dev\Dev2.Runtime.Configuration.Tests\Dev2.Runtime.Configuration.Tests.csproj]
C:\Program Files\dotnet\sdk\10.0.201\Microsoft.Common.CurrentVersion.targets(2451,5): warning MSB3277:             C:\Program Files\dotnet\packs\Microsoft.NETCore.App.Ref\8.0.25\ref/net8.0/System.dll [C:\Users\ultra\warewolf\Dev\Dev2.Runtime.Configuration.Tests\Dev2.Runtime.Configuration.Tests.csproj]
C:\Program Files\dotnet\sdk\10.0.201\Microsoft.Common.CurrentVersion.targets(2451,5): warning MSB3277:             C:\Users\ultra\.nuget\packages\ttcue.netcore.sharepointonline.csom.16.1.8029.1200\16.1.8029.1200\lib\netcoreapp2.0\Microsoft.SharePoint.Client.Runtime.Windows.dll [C:\Users\ultra\warewolf\Dev\Dev2.Runtime.Configuration.Tests\Dev2.Runtime.Configuration.Tests.csproj]
C:\Program Files\dotnet\sdk\10.0.201\Microsoft.Common.CurrentVersion.targets(2451,5): warning MSB3277:             C:\Program Files\dotnet\packs\Microsoft.NETCore.App.Ref\8.0.25\ref/net8.0/WindowsBase.dll [C:\Users\ultra\warewolf\Dev\Dev2.Runtime.Configuration.Tests\Dev2.Runtime.Configuration.Tests.csproj]
C:\Program Files\dotnet\sdk\10.0.201\Microsoft.Common.CurrentVersion.targets(2451,5): warning MSB3277:             C:\Users\ultra\.nuget\packages\caliburn.micro\4.0.212\lib\netcoreapp3.1\Caliburn.Micro.Platform.dll [C:\Users\ultra\warewolf\Dev\Dev2.Runtime.Configuration.Tests\Dev2.Runtime.Configuration.Tests.csproj]
C:\Program Files\dotnet\sdk\10.0.201\Microsoft.Common.CurrentVersion.targets(2451,5): warning MSB3277:             C:\Users\ultra\.nuget\packages\microsoft.xaml.behaviors.wpf\1.1.19\lib\netcoreapp3.0\Microsoft.Xaml.Behaviors.dll [C:\Users\ultra\warewolf\Dev\Dev2.Runtime.Configuration.Tests\Dev2.Runtime.Configuration.Tests.csproj]
C:\Program Files\dotnet\sdk\10.0.201\Microsoft.Common.CurrentVersion.targets(2451,5): warning MSB3277:             C:\Program Files\dotnet\packs\Microsoft.NETCore.App.Ref\8.0.25\ref/net8.0/mscorlib.dll [C:\Users\ultra\warewolf\Dev\Dev2.Runtime.Configuration.Tests\Dev2.Runtime.Configuration.Tests.csproj]
C:\Program Files\dotnet\sdk\10.0.201\Microsoft.Common.CurrentVersion.targets(2451,5): warning MSB3277:             C:\Users\ultra\.nuget\packages\microsoft.codecoverage\17.13.0\lib\netcoreapp3.1\Microsoft.VisualStudio.CodeCoverage.Shim.dll [C:\Users\ultra\warewolf\Dev\Dev2.Runtime.Configuration.Tests\Dev2.Runtime.Configuration.Tests.csproj]
C:\Program Files\dotnet\sdk\10.0.201\Microsoft.Common.CurrentVersion.targets(2451,5): warning MSB3277:         C:\Program Files\dotnet\packs\Microsoft.NETCore.App.Ref\8.0.25\ref\net8.0\System.Drawing.dll [C:\Users\ultra\warewolf\Dev\Dev2.Runtime.Configuration.Tests\Dev2.Runtime.Configuration.Tests.csproj]
C:\Program Files\dotnet\sdk\10.0.201\Microsoft.Common.CurrentVersion.targets(2451,5): warning MSB3277:           Project file item includes which caused reference "C:\Program Files\dotnet\packs\Microsoft.NETCore.App.Ref\8.0.25\ref\net8.0\System.Drawing.dll". [C:\Users\ultra\warewolf\Dev\Dev2.Runtime.Configuration.Tests\Dev2.Runtime.Configuration.Tests.csproj]
C:\Program Files\dotnet\sdk\10.0.201\Microsoft.Common.CurrentVersion.targets(2451,5): warning MSB3277:             C:\Program Files\dotnet\packs\Microsoft.NETCore.App.Ref\8.0.25\ref/net8.0/System.Drawing.dll [C:\Users\ultra\warewolf\Dev\Dev2.Runtime.Configuration.Tests\Dev2.Runtime.Configuration.Tests.csproj]
C:\Program Files\dotnet\sdk\10.0.201\Microsoft.Common.CurrentVersion.targets(2451,5): warning MSB3277:             C:\Users\ultra\.nuget\packages\aerowizard\2.3.1\lib\net45\AeroWizard.dll [C:\Users\ultra\warewolf\Dev\Dev2.Runtime.Configuration.Tests\Dev2.Runtime.Configuration.Tests.csproj]
C:\Program Files\dotnet\sdk\10.0.201\Microsoft.Common.CurrentVersion.targets(2451,5): warning MSB3277:             C:\Users\ultra\.nuget\packages\groupcontrols\1.9.0\lib\net45\GroupControls.dll [C:\Users\ultra\warewolf\Dev\Dev2.Runtime.Configuration.Tests\Dev2.Runtime.Configuration.Tests.csproj]
C:\Program Files\dotnet\sdk\10.0.201\Microsoft.Common.CurrentVersion.targets(2451,5): warning MSB3277:             C:\Users\ultra\.nuget\packages\taskschedulereditor\2.10.1\lib\net452\Microsoft.Win32.TaskSchedulerEditor.dll [C:\Users\ultra\warewolf\Dev\Dev2.Runtime.Configuration.Tests\Dev2.Runtime.Configuration.Tests.csproj]
  Warewolf.Licencing.Tests -> C:\Users\ultra\warewolf\Dev\Warewolf.Licencing.Tests\bin\Debug\net8.0\Warewolf.Licencing.Tests.dll
  Warewolf.Licencing.Tests -> C:\Users\ultra\warewolf\Bin\ServerTests-Windows\
  Dev2.Runtime.Configuration.Tests -> C:\Users\ultra\warewolf\Dev\Dev2.Runtime.Configuration.Tests\bin\Debug\net8.0\Dev2.Runtime.Configuration.Tests.dll
C:\Users\ultra\warewolf\Dev\Dev2.Diagnostics\Debug\DebugDispatcher.cs(209,35): warning CC0057: Parameter 'previous' is not used. (https://code-cracker.github.io/diagnostics/CC0057.html) [C:\Users\ultra\warewolf\Dev\Dev2.Diagnostics\Dev2.Diagnostics.csproj]
  Dev2.Diagnostics -> C:\Users\ultra\warewolf\Dev\Dev2.Diagnostics\bin\Debug\net8.0\Dev2.Diagnostics.dll
  Dev2.Diagnostics -> C:\Users\ultra\warewolf\Bin\ServerTests-Windows\
  Dev2.Runtime.Configuration.Tests -> C:\Users\ultra\warewolf\Bin\ServerTests-Windows\
C:\Users\ultra\warewolf\Dev\Warewolf.AI.Harness\ChatbotApiService.cs(11,7): warning CS0105: The using directive for 'System.Text' appeared previously in this namespace [C:\Users\ultra\warewolf\Dev\Warewolf.AI.Harness\Warewolf.AI.Harness.csproj]
C:\Users\ultra\warewolf\Dev\Warewolf.AI.Harness\ChatbotApiService.cs(12,7): warning CS0105: The using directive for 'Newtonsoft.Json' appeared previously in this namespace [C:\Users\ultra\warewolf\Dev\Warewolf.AI.Harness\Warewolf.AI.Harness.csproj]
C:\Users\ultra\warewolf\Dev\Warewolf.AI.Harness\ChatbotApiService.cs(641,23): warning CS8618: Non-nullable property 'Model' must contain a non-null value when exiting constructor. Consider adding the 'required' modifier or declaring the property as nullable. [C:\Users\ultra\warewolf\Dev\Warewolf.AI.Harness\Warewolf.AI.Harness.csproj]
C:\Users\ultra\warewolf\Dev\Warewolf.AI.Harness\ChatbotApiService.cs(659,23): warning CS8618: Non-nullable property 'FinishReason' must contain a non-null value when exiting constructor. Consider adding the 'required' modifier or declaring the property as nullable. [C:\Users\ultra\warewolf\Dev\Warewolf.AI.Harness\Warewolf.AI.Harness.csproj]
C:\Users\ultra\warewolf\Dev\Warewolf.AI.Harness\ChatbotApiService.cs(201,34): warning CS8600: Converting null literal or possible null value to non-nullable type. [C:\Users\ultra\warewolf\Dev\Warewolf.AI.Harness\Warewolf.AI.Harness.csproj]
C:\Users\ultra\warewolf\Dev\Warewolf.AI.Harness\ChatbotApiService.cs(215,51): warning CS8602: Dereference of a possibly null reference. [C:\Users\ultra\warewolf\Dev\Warewolf.AI.Harness\Warewolf.AI.Harness.csproj]
C:\Users\ultra\warewolf\Dev\Warewolf.AI.Harness\ChatbotApiService.cs(218,25): warning CS8602: Dereference of a possibly null reference. [C:\Users\ultra\warewolf\Dev\Warewolf.AI.Harness\Warewolf.AI.Harness.csproj]
C:\Users\ultra\warewolf\Dev\Warewolf.AI.Harness\ChatbotApiService.cs(303,34): warning CS8600: Converting null literal or possible null value to non-nullable type. [C:\Users\ultra\warewolf\Dev\Warewolf.AI.Harness\Warewolf.AI.Harness.csproj]
C:\Users\ultra\warewolf\Dev\Warewolf.AI.Harness\ChatbotApiService.cs(312,51): warning CS8602: Dereference of a possibly null reference. [C:\Users\ultra\warewolf\Dev\Warewolf.AI.Harness\Warewolf.AI.Harness.csproj]
C:\Users\ultra\warewolf\Dev\Warewolf.AI.Harness\ChatbotApiService.cs(314,30): warning CS8602: Dereference of a possibly null reference. [C:\Users\ultra\warewolf\Dev\Warewolf.AI.Harness\Warewolf.AI.Harness.csproj]
C:\Users\ultra\warewolf\Dev\Warewolf.AI.Harness\ChatbotApiService.cs(477,32): warning CS8600: Converting null literal or possible null value to non-nullable type. [C:\Users\ultra\warewolf\Dev\Warewolf.AI.Harness\Warewolf.AI.Harness.csproj]
C:\Users\ultra\warewolf\Dev\Warewolf.AI.Harness\ChatbotApiService.cs(478,32): warning CS8600: Converting null literal or possible null value to non-nullable type. [C:\Users\ultra\warewolf\Dev\Warewolf.AI.Harness\Warewolf.AI.Harness.csproj]
C:\Users\ultra\warewolf\Dev\Warewolf.AI.Harness\ChatbotApiService.cs(481,73): warning CS8625: Cannot convert null literal to non-nullable reference type. [C:\Users\ultra\warewolf\Dev\Warewolf.AI.Harness\Warewolf.AI.Harness.csproj]
C:\Users\ultra\warewolf\Dev\Warewolf.AI.Harness\ChatbotApiService.cs(482,60): warning CS8604: Possible null reference argument for parameter 'authHeaderName' in 'HttpResponseMessage ChatbotApiService.PostWithAuth(string endpoint, object payload, string authHeaderName, string authHeaderValue, string additionalHeaders)'. [C:\Users\ultra\warewolf\Dev\Warewolf.AI.Harness\Warewolf.AI.Harness.csproj]
C:\Users\ultra\warewolf\Dev\Warewolf.AI.Harness\ChatbotApiService.cs(482,70): warning CS8604: Possible null reference argument for parameter 'authHeaderValue' in 'HttpResponseMessage ChatbotApiService.PostWithAuth(string endpoint, object payload, string authHeaderName, string authHeaderValue, string additionalHeaders)'. [C:\Users\ultra\warewolf\Dev\Warewolf.AI.Harness\Warewolf.AI.Harness.csproj]
C:\Users\ultra\warewolf\Dev\Warewolf.AI.Harness\ChatbotApiService.cs(482,81): warning CS8625: Cannot convert null literal to non-nullable reference type. [C:\Users\ultra\warewolf\Dev\Warewolf.AI.Harness\Warewolf.AI.Harness.csproj]
C:\Users\ultra\warewolf\Dev\Warewolf.AI.Harness\ChatbotApiService.cs(496,73): warning CS8625: Cannot convert null literal to non-nullable reference type. [C:\Users\ultra\warewolf\Dev\Warewolf.AI.Harness\Warewolf.AI.Harness.csproj]
C:\Users\ultra\warewolf\Dev\Warewolf.AI.Harness\ChatbotApiService.cs(497,81): warning CS8625: Cannot convert null literal to non-nullable reference type. [C:\Users\ultra\warewolf\Dev\Warewolf.AI.Harness\Warewolf.AI.Harness.csproj]
C:\Users\ultra\warewolf\Dev\Warewolf.AI.Harness\ChatbotApiService.cs(514,73): warning CS8625: Cannot convert null literal to non-nullable reference type. [C:\Users\ultra\warewolf\Dev\Warewolf.AI.Harness\Warewolf.AI.Harness.csproj]
C:\Users\ultra\warewolf\Dev\Warewolf.AI.Harness\ChatbotApiService.cs(515,114): warning CS8625: Cannot convert null literal to non-nullable reference type. [C:\Users\ultra\warewolf\Dev\Warewolf.AI.Harness\Warewolf.AI.Harness.csproj]
C:\Users\ultra\warewolf\Dev\Warewolf.AI.Harness\ChatbotApiService.cs(521,36): warning CS8600: Converting null literal or possible null value to non-nullable type. [C:\Users\ultra\warewolf\Dev\Warewolf.AI.Harness\Warewolf.AI.Harness.csproj]
C:\Users\ultra\warewolf\Dev\Warewolf.AI.Harness\ChatbotApiService.cs(538,82): warning CS8604: Possible null reference argument for parameter 'systemMessage' in 'Dictionary<string, object> ChatbotApiService.CreatePayload(string model, object messages, string systemMessage, bool useMaxCompletionTokens, bool includeTemperature)'. [C:\Users\ultra\warewolf\Dev\Warewolf.AI.Harness\Warewolf.AI.Harness.csproj]
C:\Users\ultra\warewolf\Dev\Warewolf.AI.Harness\ChatbotApiService.cs(545,35): warning CS8600: Converting null literal or possible null value to non-nullable type. [C:\Users\ultra\warewolf\Dev\Warewolf.AI.Harness\Warewolf.AI.Harness.csproj]
C:\Users\ultra\warewolf\Dev\Warewolf.AI.Harness\ChatbotApiService.cs(589,68): warning CS8625: Cannot convert null literal to non-nullable reference type. [C:\Users\ultra\warewolf\Dev\Warewolf.AI.Harness\Warewolf.AI.Harness.csproj]
C:\Users\ultra\warewolf\Dev\Warewolf.AI.Harness\ChatbotApiService.cs(589,74): warning CS8625: Cannot convert null literal to non-nullable reference type. [C:\Users\ultra\warewolf\Dev\Warewolf.AI.Harness\Warewolf.AI.Harness.csproj]
C:\Users\ultra\warewolf\Dev\Warewolf.AI.Harness\ChatbotApiService.cs(589,80): warning CS8625: Cannot convert null literal to non-nullable reference type. [C:\Users\ultra\warewolf\Dev\Warewolf.AI.Harness\Warewolf.AI.Harness.csproj]
  Warewolf.AI.Harness -> C:\Users\ultra\warewolf\Dev\Warewolf.AI.Harness\bin\Debug\net8.0\Warewolf.AI.Harness.dll
  Warewolf.AI.Harness -> C:\Users\ultra\warewolf\Bin\ServerTests-Windows\
C:\Users\ultra\warewolf\Dev\Dev2.Infrastructure\PerformanceCounters\Management\PerformanceCounterPersistence.cs(48,81): warning CC0057: Parameter 'resourcePerformanceCounters' is not used. (https://code-cracker.github.io/diagnostics/CC0057.html) [C:\Users\ultra\warewolf\Dev\Dev2.Infrastructure\Dev2.Infrastructure.csproj]
C:\Users\ultra\warewolf\Dev\Dev2.Infrastructure\PerformanceCounters\Management\WarewolfPerformanceCounterManager.cs(22,140): warning CC0057: Parameter 'register' is not used. (https://code-cracker.github.io/diagnostics/CC0057.html) [C:\Users\ultra\warewolf\Dev\Dev2.Infrastructure\Dev2.Infrastructure.csproj]
C:\Users\ultra\warewolf\Dev\Dev2.Infrastructure\PerformanceCounters\Management\WarewolfPerformanceCounterManager.cs(67,83): warning CC0057: Parameter 'name' is not used. (https://code-cracker.github.io/diagnostics/CC0057.html) [C:\Users\ultra\warewolf\Dev\Dev2.Infrastructure\Dev2.Infrastructure.csproj]
C:\Users\ultra\warewolf\Dev\Dev2.Infrastructure\PerformanceCounters\PerformanceCounterCategoryWrapper.cs(32,48): warning CA1416: This call site is reachable on all platforms. 'PerformanceCounterCategory.Delete(string)' is only supported on: 'windows'. (https://learn.microsoft.com/dotnet/fundamentals/code-analysis/quality-rules/ca1416) [C:\Users\ultra\warewolf\Dev\Dev2.Infrastructure\Dev2.Infrastructure.csproj]
C:\Users\ultra\warewolf\Dev\Dev2.Infrastructure\PerformanceCounters\PerformanceCounterCategoryWrapper.cs(12,51): warning CA1416: This call site is reachable on all platforms. 'PerformanceCounterCategory.CounterExists(string)' is only supported on: 'windows'. (https://learn.microsoft.com/dotnet/fundamentals/code-analysis/quality-rules/ca1416) [C:\Users\ultra\warewolf\Dev\Dev2.Infrastructure\Dev2.Infrastructure.csproj]
C:\Users\ultra\warewolf\Dev\Dev2.Infrastructure\PerformanceCounters\PerformanceCounterCategoryWrapper.cs(33,48): warning CA1416: This call site is reachable on all platforms. 'PerformanceCounterCategory.Exists(string)' is only supported on: 'windows'. (https://learn.microsoft.com/dotnet/fundamentals/code-analysis/quality-rules/ca1416) [C:\Users\ultra\warewolf\Dev\Dev2.Infrastructure\Dev2.Infrastructure.csproj]
C:\Users\ultra\warewolf\Dev\Dev2.Infrastructure\PerformanceCounters\PerformanceCounterCategoryWrapper.cs(38,29): warning CA1416: This call site is reachable on all platforms. 'PerformanceCounterCategory' is only supported on: 'windows'. (https://learn.microsoft.com/dotnet/fundamentals/code-analysis/quality-rules/ca1416) [C:\Users\ultra\warewolf\Dev\Dev2.Infrastructure\Dev2.Infrastructure.csproj]
C:\Users\ultra\warewolf\Dev\Dev2.Infrastructure\PerformanceCounters\PerformanceCounterCategoryWrapper.cs(29,71): warning CA1416: This call site is reachable on all platforms. 'PerformanceCounterCategoryType.MultiInstance' is only supported on: 'windows'. (https://learn.microsoft.com/dotnet/fundamentals/code-analysis/quality-rules/ca1416) [C:\Users\ultra\warewolf\Dev\Dev2.Infrastructure\Dev2.Infrastructure.csproj]
C:\Users\ultra\warewolf\Dev\Dev2.Infrastructure\PerformanceCounters\PerformanceCounterCategoryWrapper.cs(19,45): warning CA1416: This call site is reachable on all platforms. 'CounterCreationData' is only supported on: 'windows'. (https://learn.microsoft.com/dotnet/fundamentals/code-analysis/quality-rules/ca1416) [C:\Users\ultra\warewolf\Dev\Dev2.Infrastructure\Dev2.Infrastructure.csproj]
C:\Users\ultra\warewolf\Dev\Dev2.Infrastructure\PerformanceCounters\PerformanceCounterCategoryWrapper.cs(14,49): warning CA1416: This call site is reachable on all platforms. 'CounterCreationDataCollection' is only supported on: 'windows'. (https://learn.microsoft.com/dotnet/fundamentals/code-analysis/quality-rules/ca1416) [C:\Users\ultra\warewolf\Dev\Dev2.Infrastructure\Dev2.Infrastructure.csproj]
C:\Users\ultra\warewolf\Dev\Dev2.Infrastructure\PerformanceCounters\PerformanceCounterCategoryWrapper.cs(25,21): warning CA1416: This call site is reachable on all platforms. 'CounterCreationDataCollection.Add(CounterCreationData)' is only supported on: 'windows'. (https://learn.microsoft.com/dotnet/fundamentals/code-analysis/quality-rules/ca1416) [C:\Users\ultra\warewolf\Dev\Dev2.Infrastructure\Dev2.Infrastructure.csproj]
C:\Users\ultra\warewolf\Dev\Dev2.Infrastructure\PerformanceCounters\PerformanceCounterCategoryWrapper.cs(29,13): warning CA1416: This call site is reachable on all platforms. 'PerformanceCounterCategory.Create(string, string, PerformanceCounterCategoryType, CounterCreationDataCollection)' is only supported on: 'windows'. (https://learn.microsoft.com/dotnet/fundamentals/code-analysis/quality-rules/ca1416) [C:\Users\ultra\warewolf\Dev\Dev2.Infrastructure\Dev2.Infrastructure.csproj]
C:\Users\ultra\warewolf\Dev\Dev2.Infrastructure\PerformanceCounters\PerformanceCounterCategoryWrapper.cs(50,28): warning CA1416: This call site is reachable on all platforms. 'PerformanceCounterType.AverageTimer32' is only supported on: 'windows'. (https://learn.microsoft.com/dotnet/fundamentals/code-analysis/quality-rules/ca1416) [C:\Users\ultra\warewolf\Dev\Dev2.Infrastructure\Dev2.Infrastructure.csproj]
C:\Users\ultra\warewolf\Dev\Dev2.Infrastructure\PerformanceCounters\PerformanceCounterCategoryWrapper.cs(54,28): warning CA1416: This call site is reachable on all platforms. 'PerformanceCounterType.RateOfCountsPerSecond32' is only supported on: 'windows'. (https://learn.microsoft.com/dotnet/fundamentals/code-analysis/quality-rules/ca1416) [C:\Users\ultra\warewolf\Dev\Dev2.Infrastructure\Dev2.Infrastructure.csproj]
C:\Users\ultra\warewolf\Dev\Dev2.Infrastructure\PerformanceCounters\PerformanceCounterCategoryWrapper.cs(48,28): warning CA1416: This call site is reachable on all platforms. 'PerformanceCounterType.AverageBase' is only supported on: 'windows'. (https://learn.microsoft.com/dotnet/fundamentals/code-analysis/quality-rules/ca1416) [C:\Users\ultra\warewolf\Dev\Dev2.Infrastructure\Dev2.Infrastructure.csproj]
C:\Users\ultra\warewolf\Dev\Dev2.Infrastructure\PerformanceCounters\PerformanceCounterCategoryWrapper.cs(52,28): warning CA1416: This call site is reachable on all platforms. 'PerformanceCounterType.NumberOfItems32' is only supported on: 'windows'. (https://learn.microsoft.com/dotnet/fundamentals/code-analysis/quality-rules/ca1416) [C:\Users\ultra\warewolf\Dev\Dev2.Infrastructure\Dev2.Infrastructure.csproj]
C:\Users\ultra\warewolf\Dev\Dev2.Infrastructure\Services\Security\MoqInstallerActions\InstallerActionsForDevelopment.cs(57,31): warning CA1416: This call site is reachable on all platforms. 'WindowsIdentity.GetCurrent(bool)' is only supported on: 'windows'. (https://learn.microsoft.com/dotnet/fundamentals/code-analysis/quality-rules/ca1416) [C:\Users\ultra\warewolf\Dev\Dev2.Infrastructure\Dev2.Infrastructure.csproj]
C:\Users\ultra\warewolf\Dev\Dev2.Infrastructure\Services\Security\MoqInstallerActions\InstallerActionsForDevelopment.cs(59,57): warning CA1416: This call site is reachable on all platforms. 'WindowsIdentity.Name' is only supported on: 'windows'. (https://learn.microsoft.com/dotnet/fundamentals/code-analysis/quality-rules/ca1416) [C:\Users\ultra\warewolf\Dev\Dev2.Infrastructure\Dev2.Infrastructure.csproj]
C:\Users\ultra\warewolf\Dev\Dev2.Infrastructure\Services\Security\SecuritySettings.cs(92,28): warning CC0022: HMACSHA256 should be disposed. (https://code-cracker.github.io/diagnostics/CC0022.html) [C:\Users\ultra\warewolf\Dev\Dev2.Infrastructure\Dev2.Infrastructure.csproj]
CSC : warning AD0001: Analyzer 'CodeCracker.CSharp.Design.UseInvokeMethodToFireEventAnalyzer' threw an exception of type 'System.ArgumentException' with message 'Syntax node is not within syntax tree'. [C:\Users\ultra\warewolf\Dev\Dev2.Infrastructure\Dev2.Infrastructure.csproj]
CSC : warning AD0001: Analyzer 'CodeCracker.CSharp.Design.UseInvokeMethodToFireEventAnalyzer' threw an exception of type 'System.ArgumentException' with message 'Syntax node is not within syntax tree'. [C:\Users\ultra\warewolf\Dev\Dev2.Infrastructure\Dev2.Infrastructure.csproj]
CSC : warning AD0001: Analyzer 'CodeCracker.CSharp.Design.UseInvokeMethodToFireEventAnalyzer' threw an exception of type 'System.ArgumentException' with message 'Syntax node is not within syntax tree'. [C:\Users\ultra\warewolf\Dev\Dev2.Infrastructure\Dev2.Infrastructure.csproj]
CSC : warning AD0001: Analyzer 'CodeCracker.CSharp.Design.UseInvokeMethodToFireEventAnalyzer' threw an exception of type 'System.ArgumentException' with message 'Syntax node is not within syntax tree'. [C:\Users\ultra\warewolf\Dev\Dev2.Infrastructure\Dev2.Infrastructure.csproj]
CSC : warning AD0001: Analyzer 'CodeCracker.CSharp.Design.UseInvokeMethodToFireEventAnalyzer' threw an exception of type 'System.ArgumentException' with message 'Syntax node is not within syntax tree'. [C:\Users\ultra\warewolf\Dev\Dev2.Infrastructure\Dev2.Infrastructure.csproj]
CSC : warning AD0001: Analyzer 'CodeCracker.CSharp.Design.UseInvokeMethodToFireEventAnalyzer' threw an exception of type 'System.ArgumentException' with message 'Syntax node is not within syntax tree'. [C:\Users\ultra\warewolf\Dev\Dev2.Infrastructure\Dev2.Infrastructure.csproj]
CSC : warning AD0001: Analyzer 'CodeCracker.CSharp.Design.UseInvokeMethodToFireEventAnalyzer' threw an exception of type 'System.ArgumentException' with message 'Syntax node is not within syntax tree'. [C:\Users\ultra\warewolf\Dev\Dev2.Infrastructure\Dev2.Infrastructure.csproj]
CSC : warning AD0001: Analyzer 'CodeCracker.CSharp.Design.UseInvokeMethodToFireEventAnalyzer' threw an exception of type 'System.ArgumentException' with message 'Syntax node is not within syntax tree'. [C:\Users\ultra\warewolf\Dev\Dev2.Infrastructure\Dev2.Infrastructure.csproj]
CSC : warning AD0001: Analyzer 'CodeCracker.CSharp.Design.UseInvokeMethodToFireEventAnalyzer' threw an exception of type 'System.ArgumentException' with message 'Syntax node is not within syntax tree'. [C:\Users\ultra\warewolf\Dev\Dev2.Infrastructure\Dev2.Infrastructure.csproj]
CSC : warning AD0001: Analyzer 'CodeCracker.CSharp.Design.UseInvokeMethodToFireEventAnalyzer' threw an exception of type 'System.ArgumentException' with message 'Syntax node is not within syntax tree'. [C:\Users\ultra\warewolf\Dev\Dev2.Infrastructure\Dev2.Infrastructure.csproj]
CSC : warning AD0001: Analyzer 'CodeCracker.CSharp.Design.UseInvokeMethodToFireEventAnalyzer' threw an exception of type 'System.ArgumentException' with message 'Syntax node is not within syntax tree'. [C:\Users\ultra\warewolf\Dev\Dev2.Infrastructure\Dev2.Infrastructure.csproj]
CSC : warning AD0001: Analyzer 'CodeCracker.CSharp.Design.UseInvokeMethodToFireEventAnalyzer' threw an exception of type 'System.ArgumentException' with message 'Syntax node is not within syntax tree'. [C:\Users\ultra\warewolf\Dev\Dev2.Infrastructure\Dev2.Infrastructure.csproj]
CSC : warning AD0001: Analyzer 'CodeCracker.CSharp.Design.UseInvokeMethodToFireEventAnalyzer' threw an exception of type 'System.ArgumentException' with message 'Syntax node is not within syntax tree'. [C:\Users\ultra\warewolf\Dev\Dev2.Infrastructure\Dev2.Infrastructure.csproj]
CSC : warning AD0001: Analyzer 'CodeCracker.CSharp.Design.UseInvokeMethodToFireEventAnalyzer' threw an exception of type 'System.ArgumentException' with message 'Syntax node is not within syntax tree'. [C:\Users\ultra\warewolf\Dev\Dev2.Infrastructure\Dev2.Infrastructure.csproj]
  Dev2.Infrastructure -> C:\Users\ultra\warewolf\Dev\Dev2.Infrastructure\bin\Debug\net8.0\Dev2.Infrastructure.dll
  Dev2.Infrastructure -> C:\Users\ultra\warewolf\Bin\ServerTests-Windows\
C:\Program Files\dotnet\sdk\10.0.201\Microsoft.CSharp.CurrentVersion.targets(130,9): warning MSB3884: Could not find rule set file "..\.sonarlint\warewolf_dotnet_frameworkcsharp.ruleset". [C:\Users\ultra\warewolf\Dev\Warewolf.Sharepoint\Warewolf.Sharepoint.csproj]
C:\Users\ultra\warewolf\Dev\Warewolf.PerfMon\Program.cs(26,2): warning CA1416: This call site is reachable on all platforms. 'ServiceBase.Run(ServiceBase)' is only supported on: 'windows'. (https://learn.microsoft.com/dotnet/fundamentals/code-analysis/quality-rules/ca1416) [C:\Users\ultra\warewolf\Dev\Warewolf.PerfMon\Warewolf.PerfMon.csproj]
  Warewolf.PerfMon -> C:\Users\ultra\warewolf\Dev\Warewolf.PerfMon\bin\Debug\net8.0\Warewolf.PerfMon.dll
  Warewolf.Sharepoint -> C:\Users\ultra\warewolf\Dev\Warewolf.Sharepoint\bin\Debug\net8.0\Warewolf.Sharepoint.dll
  Warewolf.Storage -> C:\Users\ultra\warewolf\Dev\Warewolf.Storage\bin\Debug\net8.0\Warewolf.Storage.dll
C:\Users\ultra\warewolf\Dev\Dev2.SignalR.Wrappers.New\HubConnectionWrapper.cs(431,21): warning SYSLIB0006: 'Thread.Abort()' is obsolete: 'Thread.Abort is not supported and throws PlatformNotSupportedException.' (https://aka.ms/dotnet-warnings/SYSLIB0006) [C:\Users\ultra\warewolf\Dev\Dev2.SignalR.Wrappers.New\Dev2.SignalR.Wrappers.New.csproj]
C:\Users\ultra\warewolf\Dev\Dev2.SignalR.Wrappers.New\HubConnectionWrapper.cs(205,21): warning CC0029: 'HubConnectionWrapper' should call GC.SuppressFinalize inside the Dispose method. (https://code-cracker.github.io/diagnostics/CC0029.html) [C:\Users\ultra\warewolf\Dev\Dev2.SignalR.Wrappers.New\Dev2.SignalR.Wrappers.New.csproj]
C:\Users\ultra\warewolf\Dev\Dev2.SignalR.Wrappers.New\HubConnectionWrapper.cs(383,17): warning CC0105: Use 'var' instead of specifying the type name. (https://code-cracker.github.io/diagnostics/CC0105.html) [C:\Users\ultra\warewolf\Dev\Dev2.SignalR.Wrappers.New\Dev2.SignalR.Wrappers.New.csproj]
  Warewolf.PerfMon -> C:\Users\ultra\warewolf\Bin\ServerTests-Windows\
  Warewolf.Sharepoint -> C:\Users\ultra\warewolf\Bin\ServerTests-Windows\
C:\Users\ultra\warewolf\Dev\Dev2.Services.Sql\ConnectionBuilder.cs(44,21): warning CC0029: 'ConnectionBuilder' should call GC.SuppressFinalize inside the Dispose method. (https://code-cracker.github.io/diagnostics/CC0029.html) [C:\Users\ultra\warewolf\Dev\Dev2.Services.Sql\Dev2.Services.Sql.csproj]
  Warewolf.Storage -> C:\Users\ultra\warewolf\Bin\ServerTests-Windows\
  Dev2.SignalR.Wrappers.New -> C:\Users\ultra\warewolf\Dev\Dev2.SignalR.Wrappers.New\bin\Debug\net8.0\Dev2.SignalR.Wrappers.New.dll
C:\Program Files\dotnet\sdk\10.0.201\Sdks\Microsoft.NET.Sdk\targets\Microsoft.NET.Sdk.targets(308,5): warning NETSDK1206: Found version-specific or distribution-specific runtime identifier(s): win7-x64, win7-x86. Affected libraries: SQLite. In .NET 8.0 and higher, assets for version-specific and distribution-specific runtime identifiers will not be found by default. See https://aka.ms/dotnet/rid-usage for details. [C:\Users\ultra\warewolf\Dev\Dev2.Services.Sql\Dev2.Services.Sql.csproj]
  Dev2.Services.Sql -> C:\Users\ultra\warewolf\Dev\Dev2.Services.Sql\bin\Debug\net8.0\Dev2.Services.Sql.dll
  Dev2.SignalR.Wrappers.New -> C:\Users\ultra\warewolf\Bin\ServerTests-Windows\
  Dev2.Services.Sql -> C:\Users\ultra\warewolf\Bin\ServerTests-Windows\
C:\Program Files\dotnet\sdk\10.0.201\Microsoft.Common.CurrentVersion.targets(2451,5): warning MSB3245: Could not resolve this reference. Could not locate the assembly "System.Web". Check to make sure the assembly exists on disk. If this reference is required by your code, you may get compilation errors. [C:\Users\ultra\warewolf\Dev\Dev2.Data\Dev2.Data.csproj]
C:\Program Files\dotnet\sdk\10.0.201\Microsoft.Common.CurrentVersion.targets(2451,5): warning MSB3245: Could not resolve this reference. Could not locate the assembly "System.Web.Extensions". Check to make sure the assembly exists on disk. If this reference is required by your code, you may get compilation errors. [C:\Users\ultra\warewolf\Dev\Dev2.Data\Dev2.Data.csproj]
C:\Program Files\dotnet\sdk\10.0.201\Microsoft.Common.CurrentVersion.targets(2451,5): warning MSB3245: Could not resolve this reference. Could not locate the assembly "System.Xml.Linq". Check to make sure the assembly exists on disk. If this reference is required by your code, you may get compilation errors. [C:\Users\ultra\warewolf\Dev\Dev2.Data\Dev2.Data.csproj]
C:\Program Files\dotnet\sdk\10.0.201\Microsoft.Common.CurrentVersion.targets(2451,5): warning MSB3245: Could not resolve this reference. Could not locate the assembly "System.Data.DataSetExtensions". Check to make sure the assembly exists on disk. If this reference is required by your code, you may get compilation errors. [C:\Users\ultra\warewolf\Dev\Dev2.Data\Dev2.Data.csproj]
C:\Program Files\dotnet\sdk\10.0.201\Microsoft.Common.CurrentVersion.targets(2451,5): warning MSB3245: Could not resolve this reference. Could not locate the assembly "Microsoft.CSharp". Check to make sure the assembly exists on disk. If this reference is required by your code, you may get compilation errors. [C:\Users\ultra\warewolf\Dev\Dev2.Data\Dev2.Data.csproj]
C:\Program Files\dotnet\sdk\10.0.201\Microsoft.Common.CurrentVersion.targets(2451,5): warning MSB3245: Could not resolve this reference. Could not locate the assembly "System.Data". Check to make sure the assembly exists on disk. If this reference is required by your code, you may get compilation errors. [C:\Users\ultra\warewolf\Dev\Dev2.Data\Dev2.Data.csproj]
C:\Program Files\dotnet\sdk\10.0.201\Microsoft.Common.CurrentVersion.targets(2451,5): warning MSB3245: Could not resolve this reference. Could not locate the assembly "System.Xml". Check to make sure the assembly exists on disk. If this reference is required by your code, you may get compilation errors. [C:\Users\ultra\warewolf\Dev\Dev2.Data\Dev2.Data.csproj]
C:\Program Files\dotnet\sdk\10.0.201\Microsoft.Common.CurrentVersion.targets(2451,5): warning MSB3243: No way to resolve conflict between "System.Web, Version=4.0.0.0, Culture=neutral, PublicKeyToken=b03f5f7f11d50a3a" and "System.Web". Choosing "System.Web, Version=4.0.0.0, Culture=neutral, PublicKeyToken=b03f5f7f11d50a3a" arbitrarily. [C:\Users\ultra\warewolf\Dev\Dev2.Data\Dev2.Data.csproj]
C:\Program Files\dotnet\sdk\10.0.201\Microsoft.Common.CurrentVersion.targets(2451,5): warning MSB3243: No way to resolve conflict between "System.Xml.Linq, Version=4.0.0.0, Culture=neutral, PublicKeyToken=b77a5c561934e089" and "System.Xml.Linq". Choosing "System.Xml.Linq, Version=4.0.0.0, Culture=neutral, PublicKeyToken=b77a5c561934e089" arbitrarily. [C:\Users\ultra\warewolf\Dev\Dev2.Data\Dev2.Data.csproj]
C:\Program Files\dotnet\sdk\10.0.201\Microsoft.Common.CurrentVersion.targets(2451,5): warning MSB3243: No way to resolve conflict between "System.Data.DataSetExtensions, Version=8.0.0.0, Culture=neutral, PublicKeyToken=b77a5c561934e089" and "System.Data.DataSetExtensions". Choosing "System.Data.DataSetExtensions, Version=8.0.0.0, Culture=neutral, PublicKeyToken=b77a5c561934e089" arbitrarily. [C:\Users\ultra\warewolf\Dev\Dev2.Data\Dev2.Data.csproj]
C:\Program Files\dotnet\sdk\10.0.201\Microsoft.Common.CurrentVersion.targets(2451,5): warning MSB3243: No way to resolve conflict between "Microsoft.CSharp, Version=8.0.0.0, Culture=neutral, PublicKeyToken=b03f5f7f11d50a3a" and "Microsoft.CSharp". Choosing "Microsoft.CSharp, Version=8.0.0.0, Culture=neutral, PublicKeyToken=b03f5f7f11d50a3a" arbitrarily. [C:\Users\ultra\warewolf\Dev\Dev2.Data\Dev2.Data.csproj]
C:\Program Files\dotnet\sdk\10.0.201\Microsoft.Common.CurrentVersion.targets(2451,5): warning MSB3243: No way to resolve conflict between "System.Data, Version=4.0.0.0, Culture=neutral, PublicKeyToken=b77a5c561934e089" and "System.Data". Choosing "System.Data, Version=4.0.0.0, Culture=neutral, PublicKeyToken=b77a5c561934e089" arbitrarily. [C:\Users\ultra\warewolf\Dev\Dev2.Data\Dev2.Data.csproj]
C:\Program Files\dotnet\sdk\10.0.201\Microsoft.Common.CurrentVersion.targets(2451,5): warning MSB3243: No way to resolve conflict between "System.Xml, Version=4.0.0.0, Culture=neutral, PublicKeyToken=b77a5c561934e089" and "System.Xml". Choosing "System.Xml, Version=4.0.0.0, Culture=neutral, PublicKeyToken=b77a5c561934e089" arbitrarily. [C:\Users\ultra\warewolf\Dev\Dev2.Data\Dev2.Data.csproj]
CSC : warning CS2002: Source file 'C:\Users\ultra\warewolf\Dev\Dev2.Data\MathOperations\NCalc\NCalcExpressionBuilder.cs' specified multiple times [C:\Users\ultra\warewolf\Dev\Dev2.Data\Dev2.Data.csproj]
CSC : warning CS2002: Source file 'C:\Users\ultra\warewolf\Dev\Dev2.Data\MathOperations\NCalc\NCalcFunctionArgHelper.cs' specified multiple times [C:\Users\ultra\warewolf\Dev\Dev2.Data\Dev2.Data.csproj]
CSC : warning CS2002: Source file 'C:\Users\ultra\warewolf\Dev\Dev2.Data\MathOperations\NCalc\Functions\BaseConversionFunctions.cs' specified multiple times [C:\Users\ultra\warewolf\Dev\Dev2.Data\Dev2.Data.csproj]
CSC : warning CS2002: Source file 'C:\Users\ultra\warewolf\Dev\Dev2.Data\MathOperations\NCalc\Functions\ComplexFunctions.cs' specified multiple times [C:\Users\ultra\warewolf\Dev\Dev2.Data\Dev2.Data.csproj]
CSC : warning CS2002: Source file 'C:\Users\ultra\warewolf\Dev\Dev2.Data\MathOperations\NCalc\Functions\DateTimeFunctions.cs' specified multiple times [C:\Users\ultra\warewolf\Dev\Dev2.Data\Dev2.Data.csproj]
CSC : warning CS2002: Source file 'C:\Users\ultra\warewolf\Dev\Dev2.Data\MathOperations\NCalc\Functions\FinancialFunctions.cs' specified multiple times [C:\Users\ultra\warewolf\Dev\Dev2.Data\Dev2.Data.csproj]
CSC : warning CS2002: Source file 'C:\Users\ultra\warewolf\Dev\Dev2.Data\MathOperations\NCalc\Functions\InformationFunctions.cs' specified multiple times [C:\Users\ultra\warewolf\Dev\Dev2.Data\Dev2.Data.csproj]
CSC : warning CS2002: Source file 'C:\Users\ultra\warewolf\Dev\Dev2.Data\MathOperations\NCalc\Functions\MathFunctions.cs' specified multiple times [C:\Users\ultra\warewolf\Dev\Dev2.Data\Dev2.Data.csproj]
CSC : warning CS2002: Source file 'C:\Users\ultra\warewolf\Dev\Dev2.Data\MathOperations\NCalc\Functions\StringFunctions.cs' specified multiple times [C:\Users\ultra\warewolf\Dev\Dev2.Data\Dev2.Data.csproj]
C:\Users\ultra\warewolf\Dev\Dev2.Data\MathOperations\NCalc\NCalcFunctionArgHelper.cs(51,47): warning CS8632: The annotation for nullable reference types should only be used in code within a '#nullable' annotations context. [C:\Users\ultra\warewolf\Dev\Dev2.Data\Dev2.Data.csproj]
C:\Users\ultra\warewolf\Dev\Dev2.Data\MathOperations\NCalc\Functions\MathFunctions.cs(22,30): warning CS8632: The annotation for nullable reference types should only be used in code within a '#nullable' annotations context. [C:\Users\ultra\warewolf\Dev\Dev2.Data\Dev2.Data.csproj]
C:\Users\ultra\warewolf\Dev\Dev2.Data\MathOperations\NCalc\Functions\StringFunctions.cs(94,59): warning CS8632: The annotation for nullable reference types should only be used in code within a '#nullable' annotations context. [C:\Users\ultra\warewolf\Dev\Dev2.Data\Dev2.Data.csproj]
C:\Users\ultra\warewolf\Dev\Dev2.Data\NativeMethods.cs(66,59): warning CS0472: The result of the expression is always 'false' since a value of type 'nint' is never equal to 'null' of type 'nint?' [C:\Users\ultra\warewolf\Dev\Dev2.Data\Dev2.Data.csproj]
C:\Users\ultra\warewolf\Dev\Dev2.Data\NativeMethods.cs(88,8): warning CS0472: The result of the expression is always 'false' since a value of type 'nint' is never equal to 'null' of type 'nint?' [C:\Users\ultra\warewolf\Dev\Dev2.Data\Dev2.Data.csproj]
C:\Users\ultra\warewolf\Dev\Dev2.Data\Security\WindowsIdentityExtensions.cs(41,24): warning CA1416: This call site is reachable on all platforms. 'WindowsIdentity.RunImpersonated<T>(SafeAccessTokenHandle, Func<T>)' is only supported on: 'windows'. (https://learn.microsoft.com/dotnet/fundamentals/code-analysis/quality-rules/ca1416) [C:\Users\ultra\warewolf\Dev\Dev2.Data\Dev2.Data.csproj]
C:\Users\ultra\warewolf\Dev\Dev2.Data\Security\WindowsIdentityExtensions.cs(28,49): warning CA1416: This call site is reachable on all platforms. 'WindowsIdentity.AccessToken' is only supported on: 'windows'. (https://learn.microsoft.com/dotnet/fundamentals/code-analysis/quality-rules/ca1416) [C:\Users\ultra\warewolf\Dev\Dev2.Data\Dev2.Data.csproj]
C:\Users\ultra\warewolf\Dev\Dev2.Data\Security\WindowsIdentityExtensions.cs(41,59): warning CA1416: This call site is reachable on all platforms. 'WindowsIdentity.AccessToken' is only supported on: 'windows'. (https://learn.microsoft.com/dotnet/fundamentals/code-analysis/quality-rules/ca1416) [C:\Users\ultra\warewolf\Dev\Dev2.Data\Dev2.Data.csproj]
C:\Users\ultra\warewolf\Dev\Dev2.Data\Security\WindowsIdentityExtensions.cs(28,17): warning CA1416: This call site is reachable on all platforms. 'WindowsIdentity.RunImpersonated(SafeAccessTokenHandle, Action)' is only supported on: 'windows'. (https://learn.microsoft.com/dotnet/fundamentals/code-analysis/quality-rules/ca1416) [C:\Users\ultra\warewolf\Dev\Dev2.Data\Dev2.Data.csproj]
C:\Users\ultra\warewolf\Dev\Dev2.Data\PathOperations\ValidateAuthorization.cs(73,33): warning CA1416: This call site is reachable on all platforms. 'WindowsIdentity' is only supported on: 'windows'. (https://learn.microsoft.com/dotnet/fundamentals/code-analysis/quality-rules/ca1416) [C:\Users\ultra\warewolf\Dev\Dev2.Data\Dev2.Data.csproj]
  Dev2.Data -> C:\Users\ultra\warewolf\Dev\Dev2.Data\bin\Debug\net8.0\Dev2.Data.dll
  Warewolf.Driver.Serilog -> C:\Users\ultra\warewolf\Dev\Warewolf.Driver.Serilog\bin\Debug\net8.0\Warewolf.Driver.Serilog.dll
  Dev2.Data -> C:\Users\ultra\warewolf\Bin\ServerTests-Windows\
  Warewolf.Driver.Serilog -> C:\Users\ultra\warewolf\Bin\ServerTests-Windows\
  Dev2.Scheduler -> C:\Users\ultra\warewolf\Dev\Dev2.Scheduler\bin\Debug\net8.0\Dev2.Scheduler.dll
  Dev2.Core -> C:\Users\ultra\warewolf\Dev\Dev2.Core\bin\Debug\net8.0\Dev2.Core.dll
  Dev2.Core -> C:\Users\ultra\warewolf\Bin\ServerTests-Windows\
  Dev2.Scheduler -> C:\Users\ultra\warewolf\Bin\ServerTests-Windows\
C:\Users\ultra\warewolf\Dev\Warewolf.Auditing\Audit.cs(189,26): warning CS8073: The result of the expression is always 'false' since a value of type 'DateTime' is never equal to 'null' of type 'DateTime?' [C:\Users\ultra\warewolf\Dev\Warewolf.Auditing\Warewolf.Auditing.csproj]
C:\Users\ultra\warewolf\Dev\Warewolf.Auditing\Drivers\AuditQueryableElastic.cs(360,33): warning CS0618: 'ElasticsearchClient.Search<TDocument>(SearchRequestDescriptor<TDocument>)' is obsolete: 'Synchronous methods are deprecated and could be removed in the future.' [C:\Users\ultra\warewolf\Dev\Warewolf.Auditing\Warewolf.Auditing.csproj]
C:\Users\ultra\warewolf\Dev\Warewolf.Auditing\Drivers\AuditQueryableElastic.cs(384,26): warning CS0618: 'ElasticsearchClient.Ping()' is obsolete: 'Synchronous methods are deprecated and could be removed in the future.' [C:\Users\ultra\warewolf\Dev\Warewolf.Auditing\Warewolf.Auditing.csproj]
  Warewolf.ResourceManagement -> C:\Users\ultra\warewolf\Dev\Warewolf.ResourceManagement\bin\Debug\net8.0\Warewolf.ResourceManagement.dll
  Warewolf.Exchange.Email.Wrapper -> C:\Users\ultra\warewolf\Dev\Warewolf.Exchange.Email.Wrapper\bin\Debug\net8.0\Warewolf.Exchange.Email.Wrapper.dll
C:\Users\ultra\warewolf\Dev\Warewolf.Core\InputsFromJson.cs(99,21): warning CC0105: Use 'var' instead of specifying the type name. (https://code-cracker.github.io/diagnostics/CC0105.html) [C:\Users\ultra\warewolf\Dev\Warewolf.Core\Warewolf.Core.csproj]
  Warewolf.Auditing -> C:\Users\ultra\warewolf\Dev\Warewolf.Auditing\bin\Debug\net8.0\Warewolf.Auditing.dll
  Warewolf.Exchange.Email.Wrapper -> C:\Users\ultra\warewolf\Bin\ServerTests-Windows\
  Warewolf.ResourceManagement -> C:\Users\ultra\warewolf\Bin\ServerTests-Windows\
  Warewolf.Core -> C:\Users\ultra\warewolf\Dev\Warewolf.Core\bin\Debug\net8.0\Warewolf.Core.dll
  Warewolf.Auditing -> C:\Users\ultra\warewolf\Bin\ServerTests-Windows\
  Warewolf.Core -> C:\Users\ultra\warewolf\Bin\ServerTests-Windows\
C:\Users\ultra\warewolf\Dev\Warewolf.Common.NetStandard20\Wrappers\WebClientWrapper.cs(26,26): warning SYSLIB0014: 'WebClient.WebClient()' is obsolete: 'WebRequest, HttpWebRequest, ServicePoint, and WebClient are obsolete. Use HttpClient instead.' (https://aka.ms/dotnet-warnings/SYSLIB0014) [C:\Users\ultra\warewolf\Dev\Warewolf.Common.NetStandard20\Warewolf.Common.NetStandard20.csproj]
C:\Users\ultra\warewolf\Dev\Warewolf.Common.NetStandard20\Wrappers\WebRequestWrapper.cs(26,24): warning SYSLIB0014: 'WebRequest.Create(string)' is obsolete: 'WebRequest, HttpWebRequest, ServicePoint, and WebClient are obsolete. Use HttpClient instead.' (https://aka.ms/dotnet-warnings/SYSLIB0014) [C:\Users\ultra\warewolf\Dev\Warewolf.Common.NetStandard20\Warewolf.Common.NetStandard20.csproj]
C:\Users\ultra\warewolf\Dev\Warewolf.Common.NetStandard20\Wrappers\WebClientWrapper.cs(31,26): warning SYSLIB0014: 'WebClient.WebClient()' is obsolete: 'WebRequest, HttpWebRequest, ServicePoint, and WebClient are obsolete. Use HttpClient instead.' (https://aka.ms/dotnet-warnings/SYSLIB0014) [C:\Users\ultra\warewolf\Dev\Warewolf.Common.NetStandard20\Warewolf.Common.NetStandard20.csproj]
C:\Users\ultra\warewolf\Dev\Dev2.ScheduleExecutor\Program.cs(118,27): warning SYSLIB0014: 'WebRequest.Create(string)' is obsolete: 'WebRequest, HttpWebRequest, ServicePoint, and WebClient are obsolete. Use HttpClient instead.' (https://aka.ms/dotnet-warnings/SYSLIB0014) [C:\Users\ultra\warewolf\Dev\Dev2.ScheduleExecutor\Dev2.ScheduleExecutor.csproj]
C:\Users\ultra\warewolf\Dev\Dev2.ScheduleExecutor\Program.cs(173,23): warning SYSLIB0014: 'WebRequest.Create(string)' is obsolete: 'WebRequest, HttpWebRequest, ServicePoint, and WebClient are obsolete. Use HttpClient instead.' (https://aka.ms/dotnet-warnings/SYSLIB0014) [C:\Users\ultra\warewolf\Dev\Dev2.ScheduleExecutor\Dev2.ScheduleExecutor.csproj]
  Warewolf.Common.NetStandard20 -> C:\Users\ultra\warewolf\Dev\Warewolf.Common.NetStandard20\bin\Debug\net8.0\Warewolf.Common.NetStandard20.dll
  Dev2.ScheduleExecutor -> C:\Users\ultra\warewolf\Dev\Dev2.Server\bin\Debug\net8.0\WarewolfAgent.dll
  Warewolf.Common.NetStandard20 -> C:\Users\ultra\warewolf\Bin\ServerTests-Windows\
  Dev2.ScheduleExecutor -> C:\Users\ultra\warewolf\Bin\ServerTests-Windows\
C:\Users\ultra\warewolf\Dev\Dev2.Runtime.Services\ServiceModel\ElasticsearchSources.cs(110,34): warning CS0618: 'ElasticsearchClient.Ping()' is obsolete: 'Synchronous methods are deprecated and could be removed in the future.' [C:\Users\ultra\warewolf\Dev\Dev2.Runtime.Services\Dev2.Runtime.Services.csproj]
C:\Users\ultra\warewolf\Dev\Dev2.Runtime.Services\ESB\Management\Services\FetchTestsAndTriggers.cs(45,17): warning CC0105: Use 'var' instead of specifying the type name. (https://code-cracker.github.io/diagnostics/CC0105.html) [C:\Users\ultra\warewolf\Dev\Dev2.Runtime.Services\Dev2.Runtime.Services.csproj]
C:\Users\ultra\warewolf\Dev\Dev2.Runtime.Services\UsageLogger.cs(66,33): warning CC0022: ManagementObjectSearcher should be disposed. (https://code-cracker.github.io/diagnostics/CC0022.html) [C:\Users\ultra\warewolf\Dev\Dev2.Runtime.Services\Dev2.Runtime.Services.csproj]
C:\Users\ultra\warewolf\Dev\Dev2.Runtime.Services\ServiceModel\WebSources.cs(532,7): warning CC0004: Empty Catch Block. (https://code-cracker.github.io/diagnostics/CC0004.html) [C:\Users\ultra\warewolf\Dev\Dev2.Runtime.Services\Dev2.Runtime.Services.csproj]
C:\Users\ultra\warewolf\Dev\Dev2.Runtime.Services\ServiceModel\WebSources.cs(751,38): warning CC0022: StringContent should be disposed. (https://code-cracker.github.io/diagnostics/CC0022.html) [C:\Users\ultra\warewolf\Dev\Dev2.Runtime.Services\Dev2.Runtime.Services.csproj]
C:\Users\ultra\warewolf\Dev\Dev2.Runtime.Services\ESB\Management\Services\TestChatbotSource.cs(44,17): warning CC0105: Use 'var' instead of specifying the type name. (https://code-cracker.github.io/diagnostics/CC0105.html) [C:\Users\ultra\warewolf\Dev\Dev2.Runtime.Services\Dev2.Runtime.Services.csproj]
C:\Users\ultra\warewolf\Dev\Dev2.Runtime.Services\ESB\Management\Services\TestChatbotSource.cs(45,17): warning CC0105: Use 'var' instead of specifying the type name. (https://code-cracker.github.io/diagnostics/CC0105.html) [C:\Users\ultra\warewolf\Dev\Dev2.Runtime.Services\Dev2.Runtime.Services.csproj]
C:\Users\ultra\warewolf\Dev\Dev2.Runtime.Services\ESB\Management\Services\ChatbotToolNormalizer.cs(80,17): warning CC0003: Consider adding an Exception to the catch. (https://code-cracker.github.io/diagnostics/CC0003.html) [C:\Users\ultra\warewolf\Dev\Dev2.Runtime.Services\Dev2.Runtime.Services.csproj]
C:\Users\ultra\warewolf\Dev\Dev2.Runtime.Services\ESB\Management\Services\ChatbotToolNormalizer.cs(101,21): warning CC0004: Empty Catch Block. (https://code-cracker.github.io/diagnostics/CC0004.html) [C:\Users\ultra\warewolf\Dev\Dev2.Runtime.Services\Dev2.Runtime.Services.csproj]
C:\Users\ultra\warewolf\Dev\Dev2.Runtime.Services\ESB\Management\Services\ChatbotToolNormalizer.cs(226,21): warning CC0105: Use 'var' instead of specifying the type name. (https://code-cracker.github.io/diagnostics/CC0105.html) [C:\Users\ultra\warewolf\Dev\Dev2.Runtime.Services\Dev2.Runtime.Services.csproj]
C:\Users\ultra\warewolf\Dev\Dev2.Runtime.Services\ESB\Management\Services\ChatbotToolNormalizer.cs(279,21): warning CC0105: Use 'var' instead of specifying the type name. (https://code-cracker.github.io/diagnostics/CC0105.html) [C:\Users\ultra\warewolf\Dev\Dev2.Runtime.Services\Dev2.Runtime.Services.csproj]
C:\Program Files\dotnet\sdk\10.0.201\Sdks\Microsoft.NET.Sdk\targets\Microsoft.NET.Sdk.targets(308,5): warning NETSDK1206: Found version-specific or distribution-specific runtime identifier(s): win7-x64, win7-x86. Affected libraries: SQLite. In .NET 8.0 and higher, assets for version-specific and distribution-specific runtime identifiers will not be found by default. See https://aka.ms/dotnet/rid-usage for details. [C:\Users\ultra\warewolf\Dev\Dev2.Runtime.Services\Dev2.Runtime.Services.csproj]
  Dev2.Runtime.Services -> C:\Users\ultra\warewolf\Dev\Dev2.Runtime.Services\bin\Debug\net8.0\Dev2.Runtime.Services.dll
  Dev2.Runtime.Services -> C:\Users\ultra\warewolf\Bin\ServerTests-Windows\
  Warewolf.Common.NetStandard20.Tests -> C:\Users\ultra\warewolf\Dev\Warewolf.Common.NetStandard20.Tests\bin\Debug\net8.0\Warewolf.Common.NetStandard20.Tests.dll
  Warewolf.Common.NetStandard20.Tests -> C:\Users\ultra\warewolf\Bin\ServerTests-Windows\
  Dev2.Utils.Tests -> C:\Users\ultra\warewolf\Dev\Dev2.Utils.Tests\bin\Debug\net8.0\Dev2.Utils.Tests.dll
C:\Users\ultra\warewolf\Dev\Warewolf.Driver.Persistence\Drivers\HangfireScheduler.cs(397,17): warning CA2200: Re-throwing caught exception changes stack information (https://learn.microsoft.com/dotnet/fundamentals/code-analysis/quality-rules/ca2200) [C:\Users\ultra\warewolf\Dev\Warewolf.Driver.Persistence\Warewolf.Driver.Persistence.csproj]
C:\Users\ultra\warewolf\Dev\Warewolf.Driver.Persistence\Drivers\HangfireScheduler.cs(376,17): warning CA2200: Re-throwing caught exception changes stack information (https://learn.microsoft.com/dotnet/fundamentals/code-analysis/quality-rules/ca2200) [C:\Users\ultra\warewolf\Dev\Warewolf.Driver.Persistence\Warewolf.Driver.Persistence.csproj]
C:\Users\ultra\warewolf\Dev\Warewolf.Driver.Persistence\Drivers\HangfireScheduler.cs(320,17): warning CA2200: Re-throwing caught exception changes stack information (https://learn.microsoft.com/dotnet/fundamentals/code-analysis/quality-rules/ca2200) [C:\Users\ultra\warewolf\Dev\Warewolf.Driver.Persistence\Warewolf.Driver.Persistence.csproj]
C:\Program Files\dotnet\sdk\10.0.201\Sdks\Microsoft.NET.Sdk\targets\Microsoft.NET.Sdk.targets(308,5): warning NETSDK1206: Found version-specific or distribution-specific runtime identifier(s): win7-x64, win7-x86. Affected libraries: SQLite. In .NET 8.0 and higher, assets for version-specific and distribution-specific runtime identifiers will not be found by default. See https://aka.ms/dotnet/rid-usage for details. [C:\Users\ultra\warewolf\Dev\Warewolf.Driver.Persistence\Warewolf.Driver.Persistence.csproj]
  Warewolf.Driver.Persistence -> C:\Users\ultra\warewolf\Dev\Warewolf.Driver.Persistence\bin\Debug\net8.0\Warewolf.Driver.Persistence.dll
C:\Program Files\dotnet\sdk\10.0.201\Sdks\Microsoft.NET.Sdk\targets\Microsoft.NET.Sdk.targets(308,5): warning NETSDK1206: Found version-specific or distribution-specific runtime identifier(s): win7-x64, win7-x86. Affected libraries: SQLite. In .NET 8.0 and higher, assets for version-specific and distribution-specific runtime identifiers will not be found by default. See https://aka.ms/dotnet/rid-usage for details. [C:\Users\ultra\warewolf\Dev\Dev2.Services.Execution\Dev2.Services.Execution.csproj]
  Dev2.Services.Execution -> C:\Users\ultra\warewolf\Dev\Dev2.Services.Execution\bin\Debug\net8.0\Dev2.Services.Execution.dll
  Warewolf.Driver.Persistence -> C:\Users\ultra\warewolf\Bin\ServerTests-Windows\
C:\Program Files\dotnet\sdk\10.0.201\Sdks\Microsoft.NET.Sdk\targets\Microsoft.NET.Sdk.targets(308,5): warning NETSDK1206: Found version-specific or distribution-specific runtime identifier(s): win7-x64, win7-x86. Affected libraries: SQLite. In .NET 8.0 and higher, assets for version-specific and distribution-specific runtime identifiers will not be found by default. See https://aka.ms/dotnet/rid-usage for details. [C:\Users\ultra\warewolf\Dev\Dev2.Studio.Interfaces\Dev2.Studio.Interfaces.csproj]
  Dev2.Studio.Interfaces -> C:\Users\ultra\warewolf\Dev\Dev2.Studio.Interfaces\bin\Debug\net8.0\Dev2.Studio.Interfaces.dll
  Dev2.Utils.Tests -> C:\Users\ultra\warewolf\Bin\ServerTests-Windows\
  Dev2.Studio.Interfaces -> C:\Users\ultra\warewolf\Bin\ServerTests-Windows\
  Dev2.Services.Execution -> C:\Users\ultra\warewolf\Bin\ServerTests-Windows\
C:\Program Files\dotnet\sdk\10.0.201\Microsoft.Common.CurrentVersion.targets(2451,5): warning MSB3245: Could not resolve this reference. Could not locate the assembly "System.ServiceModel.Activities". Check to make sure the assembly exists on disk. If this reference is required by your code, you may get compilation errors. [C:\Users\ultra\warewolf\Dev\Dev2.Activities\Dev2.Activities.csproj]
C:\Program Files\dotnet\sdk\10.0.201\Microsoft.Common.CurrentVersion.targets(2451,5): warning MSB3277: Found conflicts between different versions of "Microsoft.Win32.SystemEvents" that could not be resolved. [C:\Users\ultra\warewolf\Dev\Warewolf.Studio.Core\Warewolf.Studio.Core.csproj]
C:\Program Files\dotnet\sdk\10.0.201\Microsoft.Common.CurrentVersion.targets(2451,5): warning MSB3277: There was a conflict between "Microsoft.Win32.SystemEvents, Version=6.0.0.0, Culture=neutral, PublicKeyToken=cc7b13ffcd2ddd51" and "Microsoft.Win32.SystemEvents, Version=7.0.0.0, Culture=neutral, PublicKeyToken=cc7b13ffcd2ddd51". [C:\Users\ultra\warewolf\Dev\Warewolf.Studio.Core\Warewolf.Studio.Core.csproj]
C:\Program Files\dotnet\sdk\10.0.201\Microsoft.Common.CurrentVersion.targets(2451,5): warning MSB3277:     "Microsoft.Win32.SystemEvents, Version=6.0.0.0, Culture=neutral, PublicKeyToken=cc7b13ffcd2ddd51" was chosen because it was primary and "Microsoft.Win32.SystemEvents, Version=7.0.0.0, Culture=neutral, PublicKeyToken=cc7b13ffcd2ddd51" was not. [C:\Users\ultra\warewolf\Dev\Warewolf.Studio.Core\Warewolf.Studio.Core.csproj]
C:\Program Files\dotnet\sdk\10.0.201\Microsoft.Common.CurrentVersion.targets(2451,5): warning MSB3277:     References which depend on "Microsoft.Win32.SystemEvents, Version=6.0.0.0, Culture=neutral, PublicKeyToken=cc7b13ffcd2ddd51" [C:\Users\ultra\.nuget\packages\microsoft.win32.systemevents\6.0.0\lib\net6.0\Microsoft.Win32.SystemEvents.dll]. [C:\Users\ultra\warewolf\Dev\Warewolf.Studio.Core\Warewolf.Studio.Core.csproj]
C:\Program Files\dotnet\sdk\10.0.201\Microsoft.Common.CurrentVersion.targets(2451,5): warning MSB3277:         C:\Users\ultra\.nuget\packages\microsoft.win32.systemevents\6.0.0\lib\net6.0\Microsoft.Win32.SystemEvents.dll [C:\Users\ultra\warewolf\Dev\Warewolf.Studio.Core\Warewolf.Studio.Core.csproj]
C:\Program Files\dotnet\sdk\10.0.201\Microsoft.Common.CurrentVersion.targets(2451,5): warning MSB3277:           Project file item includes which caused reference "C:\Users\ultra\.nuget\packages\microsoft.win32.systemevents\6.0.0\lib\net6.0\Microsoft.Win32.SystemEvents.dll". [C:\Users\ultra\warewolf\Dev\Warewolf.Studio.Core\Warewolf.Studio.Core.csproj]
C:\Program Files\dotnet\sdk\10.0.201\Microsoft.Common.CurrentVersion.targets(2451,5): warning MSB3277:             C:\Users\ultra\.nuget\packages\microsoft.win32.systemevents\6.0.0\lib\net6.0\Microsoft.Win32.SystemEvents.dll [C:\Users\ultra\warewolf\Dev\Warewolf.Studio.Core\Warewolf.Studio.Core.csproj]
C:\Program Files\dotnet\sdk\10.0.201\Microsoft.Common.CurrentVersion.targets(2451,5): warning MSB3277:     References which depend on or have been unified to "Microsoft.Win32.SystemEvents, Version=7.0.0.0, Culture=neutral, PublicKeyToken=cc7b13ffcd2ddd51" []. [C:\Users\ultra\warewolf\Dev\Warewolf.Studio.Core\Warewolf.Studio.Core.csproj]
C:\Program Files\dotnet\sdk\10.0.201\Microsoft.Common.CurrentVersion.targets(2451,5): warning MSB3277:         C:\Users\ultra\warewolf\Dev\Dev2.Common\bin\Debug\net8.0\Dev2.Common.dll [C:\Users\ultra\warewolf\Dev\Warewolf.Studio.Core\Warewolf.Studio.Core.csproj]
C:\Program Files\dotnet\sdk\10.0.201\Microsoft.Common.CurrentVersion.targets(2451,5): warning MSB3277:           Project file item includes which caused reference "C:\Users\ultra\warewolf\Dev\Dev2.Common\bin\Debug\net8.0\Dev2.Common.dll". [C:\Users\ultra\warewolf\Dev\Warewolf.Studio.Core\Warewolf.Studio.Core.csproj]
C:\Program Files\dotnet\sdk\10.0.201\Microsoft.Common.CurrentVersion.targets(2451,5): warning MSB3277:             C:\Users\ultra\warewolf\Dev\Dev2.Common\bin\Debug\net8.0\Dev2.Common.dll [C:\Users\ultra\warewolf\Dev\Warewolf.Studio.Core\Warewolf.Studio.Core.csproj]
C:\Program Files\dotnet\sdk\10.0.201\Microsoft.Common.CurrentVersion.targets(2451,5): warning MSB3277:             C:\Users\ultra\warewolf\Dev\Dev2.Core\bin\Debug\net8.0\Dev2.Core.dll [C:\Users\ultra\warewolf\Dev\Warewolf.Studio.Core\Warewolf.Studio.Core.csproj]
C:\Program Files\dotnet\sdk\10.0.201\Microsoft.Common.CurrentVersion.targets(2451,5): warning MSB3277:             C:\Users\ultra\warewolf\Dev\Dev2.Infrastructure\bin\Debug\net8.0\Dev2.Infrastructure.dll [C:\Users\ultra\warewolf\Dev\Warewolf.Studio.Core\Warewolf.Studio.Core.csproj]
C:\Program Files\dotnet\sdk\10.0.201\Microsoft.Common.CurrentVersion.targets(2451,5): warning MSB3277:             C:\Users\ultra\warewolf\Dev\Dev2.Studio.Interfaces\bin\Debug\net8.0\Dev2.Studio.Interfaces.dll [C:\Users\ultra\warewolf\Dev\Warewolf.Studio.Core\Warewolf.Studio.Core.csproj]
C:\Program Files\dotnet\sdk\10.0.201\Microsoft.Common.CurrentVersion.targets(2451,5): warning MSB3277:             C:\Users\ultra\warewolf\Dev\Dev2.Data\bin\Debug\net8.0\Dev2.Data.dll [C:\Users\ultra\warewolf\Dev\Warewolf.Studio.Core\Warewolf.Studio.Core.csproj]
C:\Program Files\dotnet\sdk\10.0.201\Microsoft.Common.CurrentVersion.targets(2451,5): warning MSB3277:             C:\Users\ultra\warewolf\Dev\Dev2.Diagnostics\bin\Debug\net8.0\Dev2.Diagnostics.dll [C:\Users\ultra\warewolf\Dev\Warewolf.Studio.Core\Warewolf.Studio.Core.csproj]
C:\Program Files\dotnet\sdk\10.0.201\Microsoft.Common.CurrentVersion.targets(2451,5): warning MSB3277:             C:\Users\ultra\warewolf\Dev\Dev2.Runtime.Services\bin\Debug\net8.0\Dev2.Runtime.Services.dll [C:\Users\ultra\warewolf\Dev\Warewolf.Studio.Core\Warewolf.Studio.Core.csproj]
C:\Program Files\dotnet\sdk\10.0.201\Microsoft.Common.CurrentVersion.targets(2451,5): warning MSB3277:             C:\Users\ultra\warewolf\Dev\Dev2.Scheduler\bin\Debug\net8.0\Dev2.Scheduler.dll [C:\Users\ultra\warewolf\Dev\Warewolf.Studio.Core\Warewolf.Studio.Core.csproj]
C:\Program Files\dotnet\sdk\10.0.201\Microsoft.Common.CurrentVersion.targets(2451,5): warning MSB3277:             C:\Users\ultra\warewolf\Dev\Dev2.Services.Sql\bin\Debug\net8.0\Dev2.Services.Sql.dll [C:\Users\ultra\warewolf\Dev\Warewolf.Studio.Core\Warewolf.Studio.Core.csproj]
C:\Program Files\dotnet\sdk\10.0.201\Microsoft.Common.CurrentVersion.targets(2451,5): warning MSB3277:             C:\Users\ultra\warewolf\Dev\Dev2.TaskScheduler.Wrappers\bin\Debug\net8.0\Dev2.TaskScheduler.Wrappers.dll [C:\Users\ultra\warewolf\Dev\Warewolf.Studio.Core\Warewolf.Studio.Core.csproj]
C:\Program Files\dotnet\sdk\10.0.201\Microsoft.Common.CurrentVersion.targets(2451,5): warning MSB3277:             C:\Users\ultra\warewolf\Dev\Dev2.Util\bin\Debug\net8.0\Dev2.Util.dll [C:\Users\ultra\warewolf\Dev\Warewolf.Studio.Core\Warewolf.Studio.Core.csproj]
C:\Program Files\dotnet\sdk\10.0.201\Microsoft.Common.CurrentVersion.targets(2451,5): warning MSB3277:             C:\Users\ultra\warewolf\Dev\Warewolf.AI.Harness\bin\Debug\net8.0\Warewolf.AI.Harness.dll [C:\Users\ultra\warewolf\Dev\Warewolf.Studio.Core\Warewolf.Studio.Core.csproj]
C:\Program Files\dotnet\sdk\10.0.201\Microsoft.Common.CurrentVersion.targets(2451,5): warning MSB3277:             C:\Users\ultra\warewolf\Dev\Warewolf.Auditing\bin\Debug\net8.0\Warewolf.Auditing.dll [C:\Users\ultra\warewolf\Dev\Warewolf.Studio.Core\Warewolf.Studio.Core.csproj]
C:\Program Files\dotnet\sdk\10.0.201\Microsoft.Common.CurrentVersion.targets(2451,5): warning MSB3277:             C:\Users\ultra\warewolf\Dev\Warewolf.Common.NetStandard20\bin\Debug\net8.0\Warewolf.Common.NetStandard20.dll [C:\Users\ultra\warewolf\Dev\Warewolf.Studio.Core\Warewolf.Studio.Core.csproj]
C:\Program Files\dotnet\sdk\10.0.201\Microsoft.Common.CurrentVersion.targets(2451,5): warning MSB3277:             C:\Users\ultra\warewolf\Dev\Warewolf.Core\bin\Debug\net8.0\Warewolf.Core.dll [C:\Users\ultra\warewolf\Dev\Warewolf.Studio.Core\Warewolf.Studio.Core.csproj]
C:\Program Files\dotnet\sdk\10.0.201\Microsoft.Common.CurrentVersion.targets(2451,5): warning MSB3277:             C:\Users\ultra\warewolf\Dev\Warewolf.Driver.Serilog\bin\Debug\net8.0\Warewolf.Driver.Serilog.dll [C:\Users\ultra\warewolf\Dev\Warewolf.Studio.Core\Warewolf.Studio.Core.csproj]
C:\Program Files\dotnet\sdk\10.0.201\Microsoft.Common.CurrentVersion.targets(2451,5): warning MSB3277:             C:\Users\ultra\warewolf\Dev\Warewolf.ResourceManagement\bin\Debug\net8.0\Warewolf.ResourceManagement.dll [C:\Users\ultra\warewolf\Dev\Warewolf.Studio.Core\Warewolf.Studio.Core.csproj]
C:\Program Files\dotnet\sdk\10.0.201\Microsoft.Common.CurrentVersion.targets(2451,5): warning MSB3277:             C:\Users\ultra\warewolf\Dev\Warewolf.Sharepoint\bin\Debug\net8.0\Warewolf.Sharepoint.dll [C:\Users\ultra\warewolf\Dev\Warewolf.Studio.Core\Warewolf.Studio.Core.csproj]
C:\Program Files\dotnet\sdk\10.0.201\Microsoft.Common.CurrentVersion.targets(2451,5): warning MSB3277:             C:\Users\ultra\warewolf\Dev\Warewolf.Storage\bin\Debug\net8.0\Warewolf.Storage.dll [C:\Users\ultra\warewolf\Dev\Warewolf.Studio.Core\Warewolf.Studio.Core.csproj]
C:\Program Files\dotnet\sdk\10.0.201\Microsoft.Common.CurrentVersion.targets(2451,5): warning MSB3277:         C:\Users\ultra\warewolf\Dev\Binaries\Infragistcs_Net6\InfragisticsWPF4.v15.1.dll [C:\Users\ultra\warewolf\Dev\Warewolf.Studio.Core\Warewolf.Studio.Core.csproj]
C:\Program Files\dotnet\sdk\10.0.201\Microsoft.Common.CurrentVersion.targets(2451,5): warning MSB3277:           Project file item includes which caused reference "C:\Users\ultra\warewolf\Dev\Binaries\Infragistcs_Net6\InfragisticsWPF4.v15.1.dll". [C:\Users\ultra\warewolf\Dev\Warewolf.Studio.Core\Warewolf.Studio.Core.csproj]
C:\Program Files\dotnet\sdk\10.0.201\Microsoft.Common.CurrentVersion.targets(2451,5): warning MSB3277:             InfragisticsWPF4.v15.1, Version=15.1.20151.2055, Culture=neutral, PublicKeyToken=7dd5c3163f2cd0cb, processorArchitecture=MSIL [C:\Users\ultra\warewolf\Dev\Warewolf.Studio.Core\Warewolf.Studio.Core.csproj]
C:\Program Files\dotnet\sdk\10.0.201\Microsoft.Common.CurrentVersion.targets(2451,5): warning MSB3277:             InfragisticsWPF4.Controls.Menus.XamDataTree.v15.1, Version=15.1.20151.2055, Culture=neutral, PublicKeyToken=7dd5c3163f2cd0cb, processorArchitecture=MSIL [C:\Users\ultra\warewolf\Dev\Warewolf.Studio.Core\Warewolf.Studio.Core.csproj]
C:\Program Files\dotnet\sdk\10.0.201\Microsoft.Common.CurrentVersion.targets(2451,5): warning MSB3277:             InfragisticsWPF4.DataManager.v15.1, Version=15.1.20151.2055, Culture=neutral, PublicKeyToken=7dd5c3163f2cd0cb, processorArchitecture=MSIL [C:\Users\ultra\warewolf\Dev\Warewolf.Studio.Core\Warewolf.Studio.Core.csproj]
C:\Program Files\dotnet\sdk\10.0.201\Microsoft.Common.CurrentVersion.targets(2451,5): warning MSB3277:             InfragisticsWPF4.DockManager.v15.1, Version=15.1.20151.2055, Culture=neutral, PublicKeyToken=7dd5c3163f2cd0cb, processorArchitecture=MSIL [C:\Users\ultra\warewolf\Dev\Warewolf.Studio.Core\Warewolf.Studio.Core.csproj]
C:\Program Files\dotnet\sdk\10.0.201\Microsoft.Common.CurrentVersion.targets(2451,5): warning MSB3277:         C:\Users\ultra\.nuget\packages\timespan2\2.4.2\lib\netcoreapp3.1\TimeSpan2.dll [C:\Users\ultra\warewolf\Dev\Warewolf.Studio.Core\Warewolf.Studio.Core.csproj]
C:\Program Files\dotnet\sdk\10.0.201\Microsoft.Common.CurrentVersion.targets(2451,5): warning MSB3277:           Project file item includes which caused reference "C:\Users\ultra\.nuget\packages\timespan2\2.4.2\lib\netcoreapp3.1\TimeSpan2.dll". [C:\Users\ultra\warewolf\Dev\Warewolf.Studio.Core\Warewolf.Studio.Core.csproj]
C:\Program Files\dotnet\sdk\10.0.201\Microsoft.Common.CurrentVersion.targets(2451,5): warning MSB3277:             C:\Users\ultra\.nuget\packages\timespan2\2.4.2\lib\netcoreapp3.1\TimeSpan2.dll [C:\Users\ultra\warewolf\Dev\Warewolf.Studio.Core\Warewolf.Studio.Core.csproj]
C:\Program Files\dotnet\sdk\10.0.201\Microsoft.Common.CurrentVersion.targets(2451,5): warning MSB3277:             C:\Users\ultra\.nuget\packages\taskschedulereditor\2.10.1\lib\net452\Microsoft.Win32.TaskSchedulerEditor.dll [C:\Users\ultra\warewolf\Dev\Warewolf.Studio.Core\Warewolf.Studio.Core.csproj]
C:\Program Files\dotnet\sdk\10.0.201\Microsoft.Common.CurrentVersion.targets(2451,5): warning MSB3277:         C:\Program Files\dotnet\packs\Microsoft.NETCore.App.Ref\8.0.25\ref\net8.0\System.dll [C:\Users\ultra\warewolf\Dev\Warewolf.Studio.Core\Warewolf.Studio.Core.csproj]
C:\Program Files\dotnet\sdk\10.0.201\Microsoft.Common.CurrentVersion.targets(2451,5): warning MSB3277:           Project file item includes which caused reference "C:\Program Files\dotnet\packs\Microsoft.NETCore.App.Ref\8.0.25\ref\net8.0\System.dll". [C:\Users\ultra\warewolf\Dev\Warewolf.Studio.Core\Warewolf.Studio.Core.csproj]
C:\Program Files\dotnet\sdk\10.0.201\Microsoft.Common.CurrentVersion.targets(2451,5): warning MSB3277:             C:\Program Files\dotnet\packs\Microsoft.NETCore.App.Ref\8.0.25\ref/net8.0/System.dll [C:\Users\ultra\warewolf\Dev\Warewolf.Studio.Core\Warewolf.Studio.Core.csproj]
C:\Program Files\dotnet\sdk\10.0.201\Microsoft.Common.CurrentVersion.targets(2451,5): warning MSB3277:             C:\Users\ultra\.nuget\packages\aerowizard\2.3.1\lib\net45\AeroWizard.dll [C:\Users\ultra\warewolf\Dev\Warewolf.Studio.Core\Warewolf.Studio.Core.csproj]
C:\Program Files\dotnet\sdk\10.0.201\Microsoft.Common.CurrentVersion.targets(2451,5): warning MSB3277:             C:\Users\ultra\.nuget\packages\groupcontrols\1.9.0\lib\net45\GroupControls.dll [C:\Users\ultra\warewolf\Dev\Warewolf.Studio.Core\Warewolf.Studio.Core.csproj]
C:\Program Files\dotnet\sdk\10.0.201\Microsoft.Common.CurrentVersion.targets(2451,5): warning MSB3277:             C:\Users\ultra\.nuget\packages\microsoft.xaml.behaviors.wpf\1.1.122\lib\net462\Microsoft.Xaml.Behaviors.dll [C:\Users\ultra\warewolf\Dev\Warewolf.Studio.Core\Warewolf.Studio.Core.csproj]
C:\Program Files\dotnet\sdk\10.0.201\Microsoft.Common.CurrentVersion.targets(2451,5): warning MSB3277:             C:\Users\ultra\.nuget\packages\caliburn.micro\4.0.212\lib\netcoreapp3.1\Caliburn.Micro.Platform.dll [C:\Users\ultra\warewolf\Dev\Warewolf.Studio.Core\Warewolf.Studio.Core.csproj]
C:\Program Files\dotnet\sdk\10.0.201\Microsoft.Common.CurrentVersion.targets(2451,5): warning MSB3277:             C:\Users\ultra\.nuget\packages\prism.wpf\9.0.537\lib\net462\Prism.Wpf.dll [C:\Users\ultra\warewolf\Dev\Warewolf.Studio.Core\Warewolf.Studio.Core.csproj]
C:\Program Files\dotnet\sdk\10.0.201\Microsoft.Common.CurrentVersion.targets(2451,5): warning MSB3277:             C:\Users\ultra\.nuget\packages\reactiveui.wpf\18.4.1\lib\net462\ReactiveUI.Wpf.dll [C:\Users\ultra\warewolf\Dev\Warewolf.Studio.Core\Warewolf.Studio.Core.csproj]
C:\Program Files\dotnet\sdk\10.0.201\Microsoft.Common.CurrentVersion.targets(2451,5): warning MSB3277:             C:\Users\ultra\.nuget\packages\taskschedulereditor\2.10.1\lib\net452\Microsoft.Win32.TaskSchedulerEditor.dll [C:\Users\ultra\warewolf\Dev\Warewolf.Studio.Core\Warewolf.Studio.Core.csproj]
C:\Program Files\dotnet\sdk\10.0.201\Microsoft.Common.CurrentVersion.targets(2451,5): warning MSB3277:             C:\Users\ultra\.nuget\packages\ttcue.netcore.sharepointonline.csom.16.1.8029.1200\16.1.8029.1200\lib\netcoreapp2.0\Microsoft.SharePoint.Client.Runtime.Windows.dll [C:\Users\ultra\warewolf\Dev\Warewolf.Studio.Core\Warewolf.Studio.Core.csproj]
C:\Program Files\dotnet\sdk\10.0.201\Microsoft.Common.CurrentVersion.targets(2451,5): warning MSB3277: Found conflicts between different versions of "System.Security.Permissions" that could not be resolved. [C:\Users\ultra\warewolf\Dev\Warewolf.Studio.Core\Warewolf.Studio.Core.csproj]
C:\Program Files\dotnet\sdk\10.0.201\Microsoft.Common.CurrentVersion.targets(2451,5): warning MSB3277: There was a conflict between "System.Security.Permissions, Version=6.0.0.0, Culture=neutral, PublicKeyToken=cc7b13ffcd2ddd51" and "System.Security.Permissions, Version=7.0.0.0, Culture=neutral, PublicKeyToken=cc7b13ffcd2ddd51". [C:\Users\ultra\warewolf\Dev\Warewolf.Studio.Core\Warewolf.Studio.Core.csproj]
C:\Program Files\dotnet\sdk\10.0.201\Microsoft.Common.CurrentVersion.targets(2451,5): warning MSB3277:     "System.Security.Permissions, Version=6.0.0.0, Culture=neutral, PublicKeyToken=cc7b13ffcd2ddd51" was chosen because it was primary and "System.Security.Permissions, Version=7.0.0.0, Culture=neutral, PublicKeyToken=cc7b13ffcd2ddd51" was not. [C:\Users\ultra\warewolf\Dev\Warewolf.Studio.Core\Warewolf.Studio.Core.csproj]
C:\Program Files\dotnet\sdk\10.0.201\Microsoft.Common.CurrentVersion.targets(2451,5): warning MSB3277:     References which depend on "System.Security.Permissions, Version=6.0.0.0, Culture=neutral, PublicKeyToken=cc7b13ffcd2ddd51" [C:\Users\ultra\.nuget\packages\system.security.permissions\6.0.0\lib\net6.0\System.Security.Permissions.dll]. [C:\Users\ultra\warewolf\Dev\Warewolf.Studio.Core\Warewolf.Studio.Core.csproj]
C:\Program Files\dotnet\sdk\10.0.201\Microsoft.Common.CurrentVersion.targets(2451,5): warning MSB3277:         C:\Users\ultra\.nuget\packages\system.security.permissions\6.0.0\lib\net6.0\System.Security.Permissions.dll [C:\Users\ultra\warewolf\Dev\Warewolf.Studio.Core\Warewolf.Studio.Core.csproj]
C:\Program Files\dotnet\sdk\10.0.201\Microsoft.Common.CurrentVersion.targets(2451,5): warning MSB3277:           Project file item includes which caused reference "C:\Users\ultra\.nuget\packages\system.security.permissions\6.0.0\lib\net6.0\System.Security.Permissions.dll". [C:\Users\ultra\warewolf\Dev\Warewolf.Studio.Core\Warewolf.Studio.Core.csproj]
C:\Program Files\dotnet\sdk\10.0.201\Microsoft.Common.CurrentVersion.targets(2451,5): warning MSB3277:             C:\Users\ultra\.nuget\packages\system.security.permissions\6.0.0\lib\net6.0\System.Security.Permissions.dll [C:\Users\ultra\warewolf\Dev\Warewolf.Studio.Core\Warewolf.Studio.Core.csproj]
C:\Program Files\dotnet\sdk\10.0.201\Microsoft.Common.CurrentVersion.targets(2451,5): warning MSB3277:     References which depend on or have been unified to "System.Security.Permissions, Version=7.0.0.0, Culture=neutral, PublicKeyToken=cc7b13ffcd2ddd51" []. [C:\Users\ultra\warewolf\Dev\Warewolf.Studio.Core\Warewolf.Studio.Core.csproj]
C:\Program Files\dotnet\sdk\10.0.201\Microsoft.Common.CurrentVersion.targets(2451,5): warning MSB3277:         C:\Users\ultra\warewolf\Dev\Dev2.Data\bin\Debug\net8.0\Dev2.Data.dll [C:\Users\ultra\warewolf\Dev\Warewolf.Studio.Core\Warewolf.Studio.Core.csproj]
C:\Program Files\dotnet\sdk\10.0.201\Microsoft.Common.CurrentVersion.targets(2451,5): warning MSB3277:           Project file item includes which caused reference "C:\Users\ultra\warewolf\Dev\Dev2.Data\bin\Debug\net8.0\Dev2.Data.dll". [C:\Users\ultra\warewolf\Dev\Warewolf.Studio.Core\Warewolf.Studio.Core.csproj]
C:\Program Files\dotnet\sdk\10.0.201\Microsoft.Common.CurrentVersion.targets(2451,5): warning MSB3277:             C:\Users\ultra\warewolf\Dev\Dev2.Data\bin\Debug\net8.0\Dev2.Data.dll [C:\Users\ultra\warewolf\Dev\Warewolf.Studio.Core\Warewolf.Studio.Core.csproj]
C:\Program Files\dotnet\sdk\10.0.201\Microsoft.Common.CurrentVersion.targets(2451,5): warning MSB3277:             C:\Users\ultra\warewolf\Dev\Dev2.Core\bin\Debug\net8.0\Dev2.Core.dll [C:\Users\ultra\warewolf\Dev\Warewolf.Studio.Core\Warewolf.Studio.Core.csproj]
C:\Program Files\dotnet\sdk\10.0.201\Microsoft.Common.CurrentVersion.targets(2451,5): warning MSB3277:             C:\Users\ultra\warewolf\Dev\Dev2.Studio.Interfaces\bin\Debug\net8.0\Dev2.Studio.Interfaces.dll [C:\Users\ultra\warewolf\Dev\Warewolf.Studio.Core\Warewolf.Studio.Core.csproj]
C:\Program Files\dotnet\sdk\10.0.201\Microsoft.Common.CurrentVersion.targets(2451,5): warning MSB3277:             C:\Users\ultra\warewolf\Dev\Dev2.Runtime.Services\bin\Debug\net8.0\Dev2.Runtime.Services.dll [C:\Users\ultra\warewolf\Dev\Warewolf.Studio.Core\Warewolf.Studio.Core.csproj]
C:\Program Files\dotnet\sdk\10.0.201\Microsoft.Common.CurrentVersion.targets(2451,5): warning MSB3277:             C:\Users\ultra\warewolf\Dev\Dev2.Scheduler\bin\Debug\net8.0\Dev2.Scheduler.dll [C:\Users\ultra\warewolf\Dev\Warewolf.Studio.Core\Warewolf.Studio.Core.csproj]
C:\Program Files\dotnet\sdk\10.0.201\Microsoft.Common.CurrentVersion.targets(2451,5): warning MSB3277:             C:\Users\ultra\warewolf\Dev\Warewolf.Auditing\bin\Debug\net8.0\Warewolf.Auditing.dll [C:\Users\ultra\warewolf\Dev\Warewolf.Studio.Core\Warewolf.Studio.Core.csproj]
C:\Program Files\dotnet\sdk\10.0.201\Microsoft.Common.CurrentVersion.targets(2451,5): warning MSB3277:             C:\Users\ultra\warewolf\Dev\Warewolf.Common.NetStandard20\bin\Debug\net8.0\Warewolf.Common.NetStandard20.dll [C:\Users\ultra\warewolf\Dev\Warewolf.Studio.Core\Warewolf.Studio.Core.csproj]
C:\Program Files\dotnet\sdk\10.0.201\Microsoft.Common.CurrentVersion.targets(2451,5): warning MSB3277:             C:\Users\ultra\warewolf\Dev\Warewolf.Core\bin\Debug\net8.0\Warewolf.Core.dll [C:\Users\ultra\warewolf\Dev\Warewolf.Studio.Core\Warewolf.Studio.Core.csproj]
C:\Program Files\dotnet\sdk\10.0.201\Microsoft.Common.CurrentVersion.targets(2451,5): warning MSB3277:             C:\Users\ultra\warewolf\Dev\Warewolf.ResourceManagement\bin\Debug\net8.0\Warewolf.ResourceManagement.dll [C:\Users\ultra\warewolf\Dev\Warewolf.Studio.Core\Warewolf.Studio.Core.csproj]
C:\Program Files\dotnet\sdk\10.0.201\Microsoft.Common.CurrentVersion.targets(2451,5): warning MSB3277:         C:\Users\ultra\warewolf\Dev\Binaries\Infragistcs_Net6\InfragisticsWPF4.DockManager.v15.1.dll [C:\Users\ultra\warewolf\Dev\Warewolf.Studio.Core\Warewolf.Studio.Core.csproj]
C:\Program Files\dotnet\sdk\10.0.201\Microsoft.Common.CurrentVersion.targets(2451,5): warning MSB3277:           Project file item includes which caused reference "C:\Users\ultra\warewolf\Dev\Binaries\Infragistcs_Net6\InfragisticsWPF4.DockManager.v15.1.dll". [C:\Users\ultra\warewolf\Dev\Warewolf.Studio.Core\Warewolf.Studio.Core.csproj]
C:\Program Files\dotnet\sdk\10.0.201\Microsoft.Common.CurrentVersion.targets(2451,5): warning MSB3277:             InfragisticsWPF4.DockManager.v15.1, Version=15.1.20151.2055, Culture=neutral, PublicKeyToken=7dd5c3163f2cd0cb, processorArchitecture=MSIL [C:\Users\ultra\warewolf\Dev\Warewolf.Studio.Core\Warewolf.Studio.Core.csproj]
C:\Program Files\dotnet\sdk\10.0.201\Microsoft.Common.CurrentVersion.targets(2451,5): warning MSB3277:         C:\Users\ultra\warewolf\Dev\Binaries\Infragistcs_Net6\InfragisticsWPF4.v15.1.dll [C:\Users\ultra\warewolf\Dev\Warewolf.Studio.Core\Warewolf.Studio.Core.csproj]
C:\Program Files\dotnet\sdk\10.0.201\Microsoft.Common.CurrentVersion.targets(2451,5): warning MSB3277:           Project file item includes which caused reference "C:\Users\ultra\warewolf\Dev\Binaries\Infragistcs_Net6\InfragisticsWPF4.v15.1.dll". [C:\Users\ultra\warewolf\Dev\Warewolf.Studio.Core\Warewolf.Studio.Core.csproj]
C:\Program Files\dotnet\sdk\10.0.201\Microsoft.Common.CurrentVersion.targets(2451,5): warning MSB3277:             InfragisticsWPF4.v15.1, Version=15.1.20151.2055, Culture=neutral, PublicKeyToken=7dd5c3163f2cd0cb, processorArchitecture=MSIL [C:\Users\ultra\warewolf\Dev\Warewolf.Studio.Core\Warewolf.Studio.Core.csproj]
C:\Program Files\dotnet\sdk\10.0.201\Microsoft.Common.CurrentVersion.targets(2451,5): warning MSB3277:             InfragisticsWPF4.Controls.Menus.XamDataTree.v15.1, Version=15.1.20151.2055, Culture=neutral, PublicKeyToken=7dd5c3163f2cd0cb, processorArchitecture=MSIL [C:\Users\ultra\warewolf\Dev\Warewolf.Studio.Core\Warewolf.Studio.Core.csproj]
C:\Program Files\dotnet\sdk\10.0.201\Microsoft.Common.CurrentVersion.targets(2451,5): warning MSB3277:             InfragisticsWPF4.DataManager.v15.1, Version=15.1.20151.2055, Culture=neutral, PublicKeyToken=7dd5c3163f2cd0cb, processorArchitecture=MSIL [C:\Users\ultra\warewolf\Dev\Warewolf.Studio.Core\Warewolf.Studio.Core.csproj]
C:\Program Files\dotnet\sdk\10.0.201\Microsoft.Common.CurrentVersion.targets(2451,5): warning MSB3277:             InfragisticsWPF4.DockManager.v15.1, Version=15.1.20151.2055, Culture=neutral, PublicKeyToken=7dd5c3163f2cd0cb, processorArchitecture=MSIL [C:\Users\ultra\warewolf\Dev\Warewolf.Studio.Core\Warewolf.Studio.Core.csproj]
C:\Program Files\dotnet\sdk\10.0.201\Microsoft.Common.CurrentVersion.targets(2451,5): warning MSB3277:         C:\Users\ultra\.nuget\packages\dotnetzip\1.16.0\lib\netstandard2.0\DotNetZip.dll [C:\Users\ultra\warewolf\Dev\Warewolf.Studio.Core\Warewolf.Studio.Core.csproj]
C:\Program Files\dotnet\sdk\10.0.201\Microsoft.Common.CurrentVersion.targets(2451,5): warning MSB3277:           Project file item includes which caused reference "C:\Users\ultra\.nuget\packages\dotnetzip\1.16.0\lib\netstandard2.0\DotNetZip.dll". [C:\Users\ultra\warewolf\Dev\Warewolf.Studio.Core\Warewolf.Studio.Core.csproj]
C:\Program Files\dotnet\sdk\10.0.201\Microsoft.Common.CurrentVersion.targets(2451,5): warning MSB3277:             C:\Users\ultra\.nuget\packages\dotnetzip\1.16.0\lib\netstandard2.0\DotNetZip.dll [C:\Users\ultra\warewolf\Dev\Warewolf.Studio.Core\Warewolf.Studio.Core.csproj]
C:\Program Files\dotnet\sdk\10.0.201\Microsoft.Common.CurrentVersion.targets(2451,5): warning MSB3277:             C:\Users\ultra\warewolf\Dev\Dev2.Common\bin\Debug\net8.0\Dev2.Common.dll [C:\Users\ultra\warewolf\Dev\Warewolf.Studio.Core\Warewolf.Studio.Core.csproj]
C:\Program Files\dotnet\sdk\10.0.201\Microsoft.Common.CurrentVersion.targets(2451,5): warning MSB3277:             C:\Users\ultra\warewolf\Dev\Dev2.Core\bin\Debug\net8.0\Dev2.Core.dll [C:\Users\ultra\warewolf\Dev\Warewolf.Studio.Core\Warewolf.Studio.Core.csproj]
C:\Program Files\dotnet\sdk\10.0.201\Microsoft.Common.CurrentVersion.targets(2451,5): warning MSB3277:             C:\Users\ultra\warewolf\Dev\Dev2.Infrastructure\bin\Debug\net8.0\Dev2.Infrastructure.dll [C:\Users\ultra\warewolf\Dev\Warewolf.Studio.Core\Warewolf.Studio.Core.csproj]
C:\Program Files\dotnet\sdk\10.0.201\Microsoft.Common.CurrentVersion.targets(2451,5): warning MSB3277:             C:\Users\ultra\warewolf\Dev\Dev2.Studio.Interfaces\bin\Debug\net8.0\Dev2.Studio.Interfaces.dll [C:\Users\ultra\warewolf\Dev\Warewolf.Studio.Core\Warewolf.Studio.Core.csproj]
C:\Program Files\dotnet\sdk\10.0.201\Microsoft.Common.CurrentVersion.targets(2451,5): warning MSB3277:             C:\Users\ultra\warewolf\Dev\Dev2.Data\bin\Debug\net8.0\Dev2.Data.dll [C:\Users\ultra\warewolf\Dev\Warewolf.Studio.Core\Warewolf.Studio.Core.csproj]
C:\Program Files\dotnet\sdk\10.0.201\Microsoft.Common.CurrentVersion.targets(2451,5): warning MSB3277:             C:\Users\ultra\warewolf\Dev\Dev2.Data.Interfaces\bin\Debug\net8.0\Dev2.Data.Interfaces.dll [C:\Users\ultra\warewolf\Dev\Warewolf.Studio.Core\Warewolf.Studio.Core.csproj]
C:\Program Files\dotnet\sdk\10.0.201\Microsoft.Common.CurrentVersion.targets(2451,5): warning MSB3277:             C:\Users\ultra\warewolf\Dev\Dev2.Diagnostics\bin\Debug\net8.0\Dev2.Diagnostics.dll [C:\Users\ultra\warewolf\Dev\Warewolf.Studio.Core\Warewolf.Studio.Core.csproj]
C:\Program Files\dotnet\sdk\10.0.201\Microsoft.Common.CurrentVersion.targets(2451,5): warning MSB3277:             C:\Users\ultra\warewolf\Dev\Dev2.Runtime.Services\bin\Debug\net8.0\Dev2.Runtime.Services.dll [C:\Users\ultra\warewolf\Dev\Warewolf.Studio.Core\Warewolf.Studio.Core.csproj]
C:\Program Files\dotnet\sdk\10.0.201\Microsoft.Common.CurrentVersion.targets(2451,5): warning MSB3277:             C:\Users\ultra\warewolf\Dev\Dev2.Scheduler\bin\Debug\net8.0\Dev2.Scheduler.dll [C:\Users\ultra\warewolf\Dev\Warewolf.Studio.Core\Warewolf.Studio.Core.csproj]
C:\Program Files\dotnet\sdk\10.0.201\Microsoft.Common.CurrentVersion.targets(2451,5): warning MSB3277:             C:\Users\ultra\warewolf\Dev\Dev2.Services.Sql\bin\Debug\net8.0\Dev2.Services.Sql.dll [C:\Users\ultra\warewolf\Dev\Warewolf.Studio.Core\Warewolf.Studio.Core.csproj]
C:\Program Files\dotnet\sdk\10.0.201\Microsoft.Common.CurrentVersion.targets(2451,5): warning MSB3277:             C:\Users\ultra\warewolf\Dev\Dev2.TaskScheduler.Wrappers\bin\Debug\net8.0\Dev2.TaskScheduler.Wrappers.dll [C:\Users\ultra\warewolf\Dev\Warewolf.Studio.Core\Warewolf.Studio.Core.csproj]
C:\Program Files\dotnet\sdk\10.0.201\Microsoft.Common.CurrentVersion.targets(2451,5): warning MSB3277:             C:\Users\ultra\warewolf\Dev\Dev2.Util\bin\Debug\net8.0\Dev2.Util.dll [C:\Users\ultra\warewolf\Dev\Warewolf.Studio.Core\Warewolf.Studio.Core.csproj]
C:\Program Files\dotnet\sdk\10.0.201\Microsoft.Common.CurrentVersion.targets(2451,5): warning MSB3277:             C:\Users\ultra\warewolf\Dev\Warewolf.AI.Harness\bin\Debug\net8.0\Warewolf.AI.Harness.dll [C:\Users\ultra\warewolf\Dev\Warewolf.Studio.Core\Warewolf.Studio.Core.csproj]
C:\Program Files\dotnet\sdk\10.0.201\Microsoft.Common.CurrentVersion.targets(2451,5): warning MSB3277:             C:\Users\ultra\warewolf\Dev\Warewolf.Auditing\bin\Debug\net8.0\Warewolf.Auditing.dll [C:\Users\ultra\warewolf\Dev\Warewolf.Studio.Core\Warewolf.Studio.Core.csproj]
C:\Program Files\dotnet\sdk\10.0.201\Microsoft.Common.CurrentVersion.targets(2451,5): warning MSB3277:             C:\Users\ultra\warewolf\Dev\Warewolf.Common.NetStandard20\bin\Debug\net8.0\Warewolf.Common.NetStandard20.dll [C:\Users\ultra\warewolf\Dev\Warewolf.Studio.Core\Warewolf.Studio.Core.csproj]
C:\Program Files\dotnet\sdk\10.0.201\Microsoft.Common.CurrentVersion.targets(2451,5): warning MSB3277:             C:\Users\ultra\warewolf\Dev\Warewolf.Core\bin\Debug\net8.0\Warewolf.Core.dll [C:\Users\ultra\warewolf\Dev\Warewolf.Studio.Core\Warewolf.Studio.Core.csproj]
C:\Program Files\dotnet\sdk\10.0.201\Microsoft.Common.CurrentVersion.targets(2451,5): warning MSB3277:             C:\Users\ultra\warewolf\Dev\Warewolf.Driver.Serilog\bin\Debug\net8.0\Warewolf.Driver.Serilog.dll [C:\Users\ultra\warewolf\Dev\Warewolf.Studio.Core\Warewolf.Studio.Core.csproj]
C:\Program Files\dotnet\sdk\10.0.201\Microsoft.Common.CurrentVersion.targets(2451,5): warning MSB3277:             C:\Users\ultra\warewolf\Dev\Warewolf.ResourceManagement\bin\Debug\net8.0\Warewolf.ResourceManagement.dll [C:\Users\ultra\warewolf\Dev\Warewolf.Studio.Core\Warewolf.Studio.Core.csproj]
C:\Program Files\dotnet\sdk\10.0.201\Microsoft.Common.CurrentVersion.targets(2451,5): warning MSB3277:             C:\Users\ultra\warewolf\Dev\Warewolf.Sharepoint\bin\Debug\net8.0\Warewolf.Sharepoint.dll [C:\Users\ultra\warewolf\Dev\Warewolf.Studio.Core\Warewolf.Studio.Core.csproj]
C:\Program Files\dotnet\sdk\10.0.201\Microsoft.Common.CurrentVersion.targets(2451,5): warning MSB3277:             C:\Users\ultra\warewolf\Dev\Warewolf.Storage\bin\Debug\net8.0\Warewolf.Storage.dll [C:\Users\ultra\warewolf\Dev\Warewolf.Studio.Core\Warewolf.Studio.Core.csproj]
C:\Program Files\dotnet\sdk\10.0.201\Microsoft.Common.CurrentVersion.targets(2451,5): warning MSB3277:         C:\Users\ultra\.nuget\packages\mindbox.data.linq\5.0.0\lib\netstandard2.0\Mindbox.Data.Linq.dll [C:\Users\ultra\warewolf\Dev\Warewolf.Studio.Core\Warewolf.Studio.Core.csproj]
C:\Program Files\dotnet\sdk\10.0.201\Microsoft.Common.CurrentVersion.targets(2451,5): warning MSB3277:           Project file item includes which caused reference "C:\Users\ultra\.nuget\packages\mindbox.data.linq\5.0.0\lib\netstandard2.0\Mindbox.Data.Linq.dll". [C:\Users\ultra\warewolf\Dev\Warewolf.Studio.Core\Warewolf.Studio.Core.csproj]
C:\Program Files\dotnet\sdk\10.0.201\Microsoft.Common.CurrentVersion.targets(2451,5): warning MSB3277:             C:\Users\ultra\.nuget\packages\mindbox.data.linq\5.0.0\lib\netstandard2.0\Mindbox.Data.Linq.dll [C:\Users\ultra\warewolf\Dev\Warewolf.Studio.Core\Warewolf.Studio.Core.csproj]
C:\Program Files\dotnet\sdk\10.0.201\Microsoft.Common.CurrentVersion.targets(2451,5): warning MSB3277:             C:\Users\ultra\warewolf\Dev\Warewolf.Auditing\bin\Debug\net8.0\Warewolf.Auditing.dll [C:\Users\ultra\warewolf\Dev\Warewolf.Studio.Core\Warewolf.Studio.Core.csproj]
C:\Program Files\dotnet\sdk\10.0.201\Microsoft.Common.CurrentVersion.targets(2451,5): warning MSB3277:             C:\Users\ultra\warewolf\Dev\Dev2.Runtime.Services\bin\Debug\net8.0\Dev2.Runtime.Services.dll [C:\Users\ultra\warewolf\Dev\Warewolf.Studio.Core\Warewolf.Studio.Core.csproj]
C:\Program Files\dotnet\sdk\10.0.201\Microsoft.Common.CurrentVersion.targets(2451,5): warning MSB3277:             C:\Users\ultra\warewolf\Dev\Dev2.Studio.Interfaces\bin\Debug\net8.0\Dev2.Studio.Interfaces.dll [C:\Users\ultra\warewolf\Dev\Warewolf.Studio.Core\Warewolf.Studio.Core.csproj]
C:\Program Files\dotnet\sdk\10.0.201\Microsoft.Common.CurrentVersion.targets(2451,5): warning MSB3277:             C:\Users\ultra\warewolf\Dev\Warewolf.Common.NetStandard20\bin\Debug\net8.0\Warewolf.Common.NetStandard20.dll [C:\Users\ultra\warewolf\Dev\Warewolf.Studio.Core\Warewolf.Studio.Core.csproj]
C:\Program Files\dotnet\sdk\10.0.201\Microsoft.Common.CurrentVersion.targets(2451,5): warning MSB3277:         C:\Users\ultra\.nuget\packages\mysql.data\8.4.0\lib\net8.0\MySql.Data.dll [C:\Users\ultra\warewolf\Dev\Warewolf.Studio.Core\Warewolf.Studio.Core.csproj]
C:\Program Files\dotnet\sdk\10.0.201\Microsoft.Common.CurrentVersion.targets(2451,5): warning MSB3277:           Project file item includes which caused reference "C:\Users\ultra\.nuget\packages\mysql.data\8.4.0\lib\net8.0\MySql.Data.dll". [C:\Users\ultra\warewolf\Dev\Warewolf.Studio.Core\Warewolf.Studio.Core.csproj]
C:\Program Files\dotnet\sdk\10.0.201\Microsoft.Common.CurrentVersion.targets(2451,5): warning MSB3277:             C:\Users\ultra\.nuget\packages\mysql.data\8.4.0\lib\net8.0\MySql.Data.dll [C:\Users\ultra\warewolf\Dev\Warewolf.Studio.Core\Warewolf.Studio.Core.csproj]
C:\Program Files\dotnet\sdk\10.0.201\Microsoft.Common.CurrentVersion.targets(2451,5): warning MSB3277:             C:\Users\ultra\warewolf\Dev\Dev2.Runtime.Services\bin\Debug\net8.0\Dev2.Runtime.Services.dll [C:\Users\ultra\warewolf\Dev\Warewolf.Studio.Core\Warewolf.Studio.Core.csproj]
C:\Program Files\dotnet\sdk\10.0.201\Microsoft.Common.CurrentVersion.targets(2451,5): warning MSB3277:             C:\Users\ultra\warewolf\Dev\Dev2.Studio.Interfaces\bin\Debug\net8.0\Dev2.Studio.Interfaces.dll [C:\Users\ultra\warewolf\Dev\Warewolf.Studio.Core\Warewolf.Studio.Core.csproj]
C:\Program Files\dotnet\sdk\10.0.201\Microsoft.Common.CurrentVersion.targets(2451,5): warning MSB3277:             C:\Users\ultra\warewolf\Dev\Dev2.Services.Sql\bin\Debug\net8.0\Dev2.Services.Sql.dll [C:\Users\ultra\warewolf\Dev\Warewolf.Studio.Core\Warewolf.Studio.Core.csproj]
C:\Program Files\dotnet\sdk\10.0.201\Microsoft.Common.CurrentVersion.targets(2451,5): warning MSB3277:         C:\Users\ultra\.nuget\packages\oracle.manageddataaccess.core\3.21.70\lib\netstandard2.1\Oracle.ManagedDataAccess.dll [C:\Users\ultra\warewolf\Dev\Warewolf.Studio.Core\Warewolf.Studio.Core.csproj]
C:\Program Files\dotnet\sdk\10.0.201\Microsoft.Common.CurrentVersion.targets(2451,5): warning MSB3277:           Project file item includes which caused reference "C:\Users\ultra\.nuget\packages\oracle.manageddataaccess.core\3.21.70\lib\netstandard2.1\Oracle.ManagedDataAccess.dll". [C:\Users\ultra\warewolf\Dev\Warewolf.Studio.Core\Warewolf.Studio.Core.csproj]
C:\Program Files\dotnet\sdk\10.0.201\Microsoft.Common.CurrentVersion.targets(2451,5): warning MSB3277:             C:\Users\ultra\.nuget\packages\oracle.manageddataaccess.core\3.21.70\lib\netstandard2.1\Oracle.ManagedDataAccess.dll [C:\Users\ultra\warewolf\Dev\Warewolf.Studio.Core\Warewolf.Studio.Core.csproj]
C:\Program Files\dotnet\sdk\10.0.201\Microsoft.Common.CurrentVersion.targets(2451,5): warning MSB3277:             C:\Users\ultra\warewolf\Dev\Dev2.Runtime.Services\bin\Debug\net8.0\Dev2.Runtime.Services.dll [C:\Users\ultra\warewolf\Dev\Warewolf.Studio.Core\Warewolf.Studio.Core.csproj]
C:\Program Files\dotnet\sdk\10.0.201\Microsoft.Common.CurrentVersion.targets(2451,5): warning MSB3277:             C:\Users\ultra\warewolf\Dev\Dev2.Studio.Interfaces\bin\Debug\net8.0\Dev2.Studio.Interfaces.dll [C:\Users\ultra\warewolf\Dev\Warewolf.Studio.Core\Warewolf.Studio.Core.csproj]
C:\Program Files\dotnet\sdk\10.0.201\Microsoft.Common.CurrentVersion.targets(2451,5): warning MSB3277:             C:\Users\ultra\warewolf\Dev\Dev2.Services.Sql\bin\Debug\net8.0\Dev2.Services.Sql.dll [C:\Users\ultra\warewolf\Dev\Warewolf.Studio.Core\Warewolf.Studio.Core.csproj]
C:\Program Files\dotnet\sdk\10.0.201\Microsoft.Common.CurrentVersion.targets(2451,5): warning MSB3277:         C:\Users\ultra\.nuget\packages\system.directoryservices\6.0.0\lib\net6.0\System.DirectoryServices.dll [C:\Users\ultra\warewolf\Dev\Warewolf.Studio.Core\Warewolf.Studio.Core.csproj]
C:\Program Files\dotnet\sdk\10.0.201\Microsoft.Common.CurrentVersion.targets(2451,5): warning MSB3277:           Project file item includes which caused reference "C:\Users\ultra\.nuget\packages\system.directoryservices\6.0.0\lib\net6.0\System.DirectoryServices.dll". [C:\Users\ultra\warewolf\Dev\Warewolf.Studio.Core\Warewolf.Studio.Core.csproj]
C:\Program Files\dotnet\sdk\10.0.201\Microsoft.Common.CurrentVersion.targets(2451,5): warning MSB3277:             C:\Users\ultra\.nuget\packages\system.directoryservices\6.0.0\lib\net6.0\System.DirectoryServices.dll [C:\Users\ultra\warewolf\Dev\Warewolf.Studio.Core\Warewolf.Studio.Core.csproj]
C:\Program Files\dotnet\sdk\10.0.201\Microsoft.Common.CurrentVersion.targets(2451,5): warning MSB3277:             C:\Users\ultra\.nuget\packages\corewcf.primitives\1.2.1\lib\netstandard2.0\CoreWCF.Primitives.dll [C:\Users\ultra\warewolf\Dev\Warewolf.Studio.Core\Warewolf.Studio.Core.csproj]
C:\Program Files\dotnet\sdk\10.0.201\Microsoft.Common.CurrentVersion.targets(2451,5): warning MSB3277:             C:\Users\ultra\warewolf\Dev\Dev2.Runtime.Services\bin\Debug\net8.0\Dev2.Runtime.Services.dll [C:\Users\ultra\warewolf\Dev\Warewolf.Studio.Core\Warewolf.Studio.Core.csproj]
C:\Program Files\dotnet\sdk\10.0.201\Microsoft.Common.CurrentVersion.targets(2451,5): warning MSB3277:             C:\Users\ultra\warewolf\Dev\Dev2.Studio.Interfaces\bin\Debug\net8.0\Dev2.Studio.Interfaces.dll [C:\Users\ultra\warewolf\Dev\Warewolf.Studio.Core\Warewolf.Studio.Core.csproj]
C:\Program Files\dotnet\sdk\10.0.201\Microsoft.Common.CurrentVersion.targets(2451,5): warning MSB3277:             C:\Users\ultra\.nuget\packages\corewcf.http\1.2.1\lib\netstandard2.0\CoreWCF.Http.dll [C:\Users\ultra\warewolf\Dev\Warewolf.Studio.Core\Warewolf.Studio.Core.csproj]
C:\Program Files\dotnet\sdk\10.0.201\Microsoft.Common.CurrentVersion.targets(2451,5): warning MSB3277:             C:\Users\ultra\.nuget\packages\corewcf.nettcp\1.2.1\lib\netstandard2.0\CoreWCF.NetTcp.dll [C:\Users\ultra\warewolf\Dev\Warewolf.Studio.Core\Warewolf.Studio.Core.csproj]
C:\Program Files\dotnet\sdk\10.0.201\Microsoft.Common.CurrentVersion.targets(2451,5): warning MSB3277:             C:\Users\ultra\.nuget\packages\corewcf.webhttp\1.2.1\lib\netstandard2.0\CoreWCF.WebHttp.dll [C:\Users\ultra\warewolf\Dev\Warewolf.Studio.Core\Warewolf.Studio.Core.csproj]
C:\Program Files\dotnet\sdk\10.0.201\Microsoft.Common.CurrentVersion.targets(2451,5): warning MSB3277:         C:\Program Files\dotnet\packs\Microsoft.NETCore.App.Ref\8.0.25\ref\net8.0\System.Configuration.dll [C:\Users\ultra\warewolf\Dev\Warewolf.Studio.Core\Warewolf.Studio.Core.csproj]
C:\Program Files\dotnet\sdk\10.0.201\Microsoft.Common.CurrentVersion.targets(2451,5): warning MSB3277:           Project file item includes which caused reference "C:\Program Files\dotnet\packs\Microsoft.NETCore.App.Ref\8.0.25\ref\net8.0\System.Configuration.dll". [C:\Users\ultra\warewolf\Dev\Warewolf.Studio.Core\Warewolf.Studio.Core.csproj]
C:\Program Files\dotnet\sdk\10.0.201\Microsoft.Common.CurrentVersion.targets(2451,5): warning MSB3277:             C:\Program Files\dotnet\packs\Microsoft.NETCore.App.Ref\8.0.25\ref/net8.0/System.Configuration.dll [C:\Users\ultra\warewolf\Dev\Warewolf.Studio.Core\Warewolf.Studio.Core.csproj]
C:\Program Files\dotnet\sdk\10.0.201\Microsoft.Common.CurrentVersion.targets(2451,5): warning MSB3277:             C:\Users\ultra\.nuget\packages\prism.wpf\9.0.537\lib\net462\Prism.Wpf.dll [C:\Users\ultra\warewolf\Dev\Warewolf.Studio.Core\Warewolf.Studio.Core.csproj]
C:\Program Files\dotnet\sdk\10.0.201\Microsoft.Common.CurrentVersion.targets(2451,5): warning MSB3277:         C:\Program Files\dotnet\packs\Microsoft.NETCore.App.Ref\8.0.25\ref\net8.0\System.Data.dll [C:\Users\ultra\warewolf\Dev\Warewolf.Studio.Core\Warewolf.Studio.Core.csproj]
C:\Program Files\dotnet\sdk\10.0.201\Microsoft.Common.CurrentVersion.targets(2451,5): warning MSB3277:           Project file item includes which caused reference "C:\Program Files\dotnet\packs\Microsoft.NETCore.App.Ref\8.0.25\ref\net8.0\System.Data.dll". [C:\Users\ultra\warewolf\Dev\Warewolf.Studio.Core\Warewolf.Studio.Core.csproj]
C:\Program Files\dotnet\sdk\10.0.201\Microsoft.Common.CurrentVersion.targets(2451,5): warning MSB3277:             C:\Program Files\dotnet\packs\Microsoft.NETCore.App.Ref\8.0.25\ref/net8.0/System.Data.dll [C:\Users\ultra\warewolf\Dev\Warewolf.Studio.Core\Warewolf.Studio.Core.csproj]
C:\Program Files\dotnet\sdk\10.0.201\Microsoft.Common.CurrentVersion.targets(2451,5): warning MSB3277:             C:\Users\ultra\.nuget\packages\taskschedulereditor\2.10.1\lib\net452\Microsoft.Win32.TaskSchedulerEditor.dll [C:\Users\ultra\warewolf\Dev\Warewolf.Studio.Core\Warewolf.Studio.Core.csproj]
C:\Program Files\dotnet\sdk\10.0.201\Microsoft.Common.CurrentVersion.targets(2451,5): warning MSB3277:         C:\Program Files\dotnet\packs\Microsoft.NETCore.App.Ref\8.0.25\ref\net8.0\System.Drawing.dll [C:\Users\ultra\warewolf\Dev\Warewolf.Studio.Core\Warewolf.Studio.Core.csproj]
C:\Program Files\dotnet\sdk\10.0.201\Microsoft.Common.CurrentVersion.targets(2451,5): warning MSB3277:           Project file item includes which caused reference "C:\Program Files\dotnet\packs\Microsoft.NETCore.App.Ref\8.0.25\ref\net8.0\System.Drawing.dll". [C:\Users\ultra\warewolf\Dev\Warewolf.Studio.Core\Warewolf.Studio.Core.csproj]
C:\Program Files\dotnet\sdk\10.0.201\Microsoft.Common.CurrentVersion.targets(2451,5): warning MSB3277:             C:\Program Files\dotnet\packs\Microsoft.NETCore.App.Ref\8.0.25\ref/net8.0/System.Drawing.dll [C:\Users\ultra\warewolf\Dev\Warewolf.Studio.Core\Warewolf.Studio.Core.csproj]
C:\Program Files\dotnet\sdk\10.0.201\Microsoft.Common.CurrentVersion.targets(2451,5): warning MSB3277:             C:\Users\ultra\.nuget\packages\aerowizard\2.3.1\lib\net45\AeroWizard.dll [C:\Users\ultra\warewolf\Dev\Warewolf.Studio.Core\Warewolf.Studio.Core.csproj]
C:\Program Files\dotnet\sdk\10.0.201\Microsoft.Common.CurrentVersion.targets(2451,5): warning MSB3277:             C:\Users\ultra\.nuget\packages\groupcontrols\1.9.0\lib\net45\GroupControls.dll [C:\Users\ultra\warewolf\Dev\Warewolf.Studio.Core\Warewolf.Studio.Core.csproj]
C:\Program Files\dotnet\sdk\10.0.201\Microsoft.Common.CurrentVersion.targets(2451,5): warning MSB3277:             C:\Users\ultra\.nuget\packages\taskschedulereditor\2.10.1\lib\net452\Microsoft.Win32.TaskSchedulerEditor.dll [C:\Users\ultra\warewolf\Dev\Warewolf.Studio.Core\Warewolf.Studio.Core.csproj]
C:\Program Files\dotnet\sdk\10.0.201\Microsoft.Common.CurrentVersion.targets(2451,5): warning MSB3277:         C:\Program Files\dotnet\packs\Microsoft.NETCore.App.Ref\8.0.25\ref\net8.0\System.Net.dll [C:\Users\ultra\warewolf\Dev\Warewolf.Studio.Core\Warewolf.Studio.Core.csproj]
C:\Program Files\dotnet\sdk\10.0.201\Microsoft.Common.CurrentVersion.targets(2451,5): warning MSB3277:           Project file item includes which caused reference "C:\Program Files\dotnet\packs\Microsoft.NETCore.App.Ref\8.0.25\ref\net8.0\System.Net.dll". [C:\Users\ultra\warewolf\Dev\Warewolf.Studio.Core\Warewolf.Studio.Core.csproj]
C:\Program Files\dotnet\sdk\10.0.201\Microsoft.Common.CurrentVersion.targets(2451,5): warning MSB3277:             C:\Program Files\dotnet\packs\Microsoft.NETCore.App.Ref\8.0.25\ref/net8.0/System.Net.dll [C:\Users\ultra\warewolf\Dev\Warewolf.Studio.Core\Warewolf.Studio.Core.csproj]
C:\Program Files\dotnet\sdk\10.0.201\Microsoft.Common.CurrentVersion.targets(2451,5): warning MSB3277:         C:\Program Files\dotnet\packs\Microsoft.NETCore.App.Ref\8.0.25\ref\net8.0\System.Security.dll [C:\Users\ultra\warewolf\Dev\Warewolf.Studio.Core\Warewolf.Studio.Core.csproj]
C:\Program Files\dotnet\sdk\10.0.201\Microsoft.Common.CurrentVersion.targets(2451,5): warning MSB3277:           Project file item includes which caused reference "C:\Program Files\dotnet\packs\Microsoft.NETCore.App.Ref\8.0.25\ref\net8.0\System.Security.dll". [C:\Users\ultra\warewolf\Dev\Warewolf.Studio.Core\Warewolf.Studio.Core.csproj]
C:\Program Files\dotnet\sdk\10.0.201\Microsoft.Common.CurrentVersion.targets(2451,5): warning MSB3277:             C:\Program Files\dotnet\packs\Microsoft.NETCore.App.Ref\8.0.25\ref/net8.0/System.Security.dll [C:\Users\ultra\warewolf\Dev\Warewolf.Studio.Core\Warewolf.Studio.Core.csproj]
C:\Program Files\dotnet\sdk\10.0.201\Microsoft.Common.CurrentVersion.targets(2451,5): warning MSB3277:         C:\Program Files\dotnet\packs\Microsoft.NETCore.App.Ref\8.0.25\ref\net8.0\System.ServiceProcess.dll [C:\Users\ultra\warewolf\Dev\Warewolf.Studio.Core\Warewolf.Studio.Core.csproj]
C:\Program Files\dotnet\sdk\10.0.201\Microsoft.Common.CurrentVersion.targets(2451,5): warning MSB3277:           Project file item includes which caused reference "C:\Program Files\dotnet\packs\Microsoft.NETCore.App.Ref\8.0.25\ref\net8.0\System.ServiceProcess.dll". [C:\Users\ultra\warewolf\Dev\Warewolf.Studio.Core\Warewolf.Studio.Core.csproj]
C:\Program Files\dotnet\sdk\10.0.201\Microsoft.Common.CurrentVersion.targets(2451,5): warning MSB3277:             C:\Program Files\dotnet\packs\Microsoft.NETCore.App.Ref\8.0.25\ref/net8.0/System.ServiceProcess.dll [C:\Users\ultra\warewolf\Dev\Warewolf.Studio.Core\Warewolf.Studio.Core.csproj]
C:\Program Files\dotnet\sdk\10.0.201\Microsoft.Common.CurrentVersion.targets(2451,5): warning MSB3277:         C:\Program Files\dotnet\packs\Microsoft.NETCore.App.Ref\8.0.25\ref\net8.0\System.Transactions.dll [C:\Users\ultra\warewolf\Dev\Warewolf.Studio.Core\Warewolf.Studio.Core.csproj]
C:\Program Files\dotnet\sdk\10.0.201\Microsoft.Common.CurrentVersion.targets(2451,5): warning MSB3277:           Project file item includes which caused reference "C:\Program Files\dotnet\packs\Microsoft.NETCore.App.Ref\8.0.25\ref\net8.0\System.Transactions.dll". [C:\Users\ultra\warewolf\Dev\Warewolf.Studio.Core\Warewolf.Studio.Core.csproj]
C:\Program Files\dotnet\sdk\10.0.201\Microsoft.Common.CurrentVersion.targets(2451,5): warning MSB3277:             C:\Program Files\dotnet\packs\Microsoft.NETCore.App.Ref\8.0.25\ref/net8.0/System.Transactions.dll [C:\Users\ultra\warewolf\Dev\Warewolf.Studio.Core\Warewolf.Studio.Core.csproj]
C:\Program Files\dotnet\sdk\10.0.201\Microsoft.Common.CurrentVersion.targets(2451,5): warning MSB3277:         C:\Program Files\dotnet\packs\Microsoft.NETCore.App.Ref\8.0.25\ref\net8.0\System.dll [C:\Users\ultra\warewolf\Dev\Warewolf.Studio.Core\Warewolf.Studio.Core.csproj]
C:\Program Files\dotnet\sdk\10.0.201\Microsoft.Common.CurrentVersion.targets(2451,5): warning MSB3277:           Project file item includes which caused reference "C:\Program Files\dotnet\packs\Microsoft.NETCore.App.Ref\8.0.25\ref\net8.0\System.dll". [C:\Users\ultra\warewolf\Dev\Warewolf.Studio.Core\Warewolf.Studio.Core.csproj]
C:\Program Files\dotnet\sdk\10.0.201\Microsoft.Common.CurrentVersion.targets(2451,5): warning MSB3277:             C:\Program Files\dotnet\packs\Microsoft.NETCore.App.Ref\8.0.25\ref/net8.0/System.dll [C:\Users\ultra\warewolf\Dev\Warewolf.Studio.Core\Warewolf.Studio.Core.csproj]
C:\Program Files\dotnet\sdk\10.0.201\Microsoft.Common.CurrentVersion.targets(2451,5): warning MSB3277:             C:\Users\ultra\.nuget\packages\aerowizard\2.3.1\lib\net45\AeroWizard.dll [C:\Users\ultra\warewolf\Dev\Warewolf.Studio.Core\Warewolf.Studio.Core.csproj]
C:\Program Files\dotnet\sdk\10.0.201\Microsoft.Common.CurrentVersion.targets(2451,5): warning MSB3277:             C:\Users\ultra\.nuget\packages\groupcontrols\1.9.0\lib\net45\GroupControls.dll [C:\Users\ultra\warewolf\Dev\Warewolf.Studio.Core\Warewolf.Studio.Core.csproj]
C:\Program Files\dotnet\sdk\10.0.201\Microsoft.Common.CurrentVersion.targets(2451,5): warning MSB3277:             C:\Users\ultra\.nuget\packages\microsoft.xaml.behaviors.wpf\1.1.122\lib\net462\Microsoft.Xaml.Behaviors.dll [C:\Users\ultra\warewolf\Dev\Warewolf.Studio.Core\Warewolf.Studio.Core.csproj]
C:\Program Files\dotnet\sdk\10.0.201\Microsoft.Common.CurrentVersion.targets(2451,5): warning MSB3277:             C:\Users\ultra\.nuget\packages\caliburn.micro\4.0.212\lib\netcoreapp3.1\Caliburn.Micro.Platform.dll [C:\Users\ultra\warewolf\Dev\Warewolf.Studio.Core\Warewolf.Studio.Core.csproj]
C:\Program Files\dotnet\sdk\10.0.201\Microsoft.Common.CurrentVersion.targets(2451,5): warning MSB3277:             C:\Users\ultra\.nuget\packages\prism.wpf\9.0.537\lib\net462\Prism.Wpf.dll [C:\Users\ultra\warewolf\Dev\Warewolf.Studio.Core\Warewolf.Studio.Core.csproj]
C:\Program Files\dotnet\sdk\10.0.201\Microsoft.Common.CurrentVersion.targets(2451,5): warning MSB3277:             C:\Users\ultra\.nuget\packages\reactiveui.wpf\18.4.1\lib\net462\ReactiveUI.Wpf.dll [C:\Users\ultra\warewolf\Dev\Warewolf.Studio.Core\Warewolf.Studio.Core.csproj]
C:\Program Files\dotnet\sdk\10.0.201\Microsoft.Common.CurrentVersion.targets(2451,5): warning MSB3277:             C:\Users\ultra\.nuget\packages\taskschedulereditor\2.10.1\lib\net452\Microsoft.Win32.TaskSchedulerEditor.dll [C:\Users\ultra\warewolf\Dev\Warewolf.Studio.Core\Warewolf.Studio.Core.csproj]
C:\Program Files\dotnet\sdk\10.0.201\Microsoft.Common.CurrentVersion.targets(2451,5): warning MSB3277:             C:\Users\ultra\.nuget\packages\ttcue.netcore.sharepointonline.csom.16.1.8029.1200\16.1.8029.1200\lib\netcoreapp2.0\Microsoft.SharePoint.Client.Runtime.Windows.dll [C:\Users\ultra\warewolf\Dev\Warewolf.Studio.Core\Warewolf.Studio.Core.csproj]
C:\Program Files\dotnet\sdk\10.0.201\Microsoft.Common.CurrentVersion.targets(2451,5): warning MSB3277:         C:\Program Files\dotnet\packs\Microsoft.NETCore.App.Ref\8.0.25\ref\net8.0\WindowsBase.dll [C:\Users\ultra\warewolf\Dev\Warewolf.Studio.Core\Warewolf.Studio.Core.csproj]
C:\Program Files\dotnet\sdk\10.0.201\Microsoft.Common.CurrentVersion.targets(2451,5): warning MSB3277:           Project file item includes which caused reference "C:\Program Files\dotnet\packs\Microsoft.NETCore.App.Ref\8.0.25\ref\net8.0\WindowsBase.dll". [C:\Users\ultra\warewolf\Dev\Warewolf.Studio.Core\Warewolf.Studio.Core.csproj]
C:\Program Files\dotnet\sdk\10.0.201\Microsoft.Common.CurrentVersion.targets(2451,5): warning MSB3277:             C:\Program Files\dotnet\packs\Microsoft.NETCore.App.Ref\8.0.25\ref/net8.0/WindowsBase.dll [C:\Users\ultra\warewolf\Dev\Warewolf.Studio.Core\Warewolf.Studio.Core.csproj]
C:\Program Files\dotnet\sdk\10.0.201\Microsoft.Common.CurrentVersion.targets(2451,5): warning MSB3277:         C:\Program Files\dotnet\packs\Microsoft.NETCore.App.Ref\8.0.25\ref\net8.0\mscorlib.dll [C:\Users\ultra\warewolf\Dev\Warewolf.Studio.Core\Warewolf.Studio.Core.csproj]
C:\Program Files\dotnet\sdk\10.0.201\Microsoft.Common.CurrentVersion.targets(2451,5): warning MSB3277:           Project file item includes which caused reference "C:\Program Files\dotnet\packs\Microsoft.NETCore.App.Ref\8.0.25\ref\net8.0\mscorlib.dll". [C:\Users\ultra\warewolf\Dev\Warewolf.Studio.Core\Warewolf.Studio.Core.csproj]
C:\Program Files\dotnet\sdk\10.0.201\Microsoft.Common.CurrentVersion.targets(2451,5): warning MSB3277:             C:\Program Files\dotnet\packs\Microsoft.NETCore.App.Ref\8.0.25\ref/net8.0/mscorlib.dll [C:\Users\ultra\warewolf\Dev\Warewolf.Studio.Core\Warewolf.Studio.Core.csproj]
C:\Program Files\dotnet\sdk\10.0.201\Microsoft.Common.CurrentVersion.targets(2451,5): warning MSB3277:             C:\Users\ultra\.nuget\packages\aerowizard\2.3.1\lib\net45\AeroWizard.dll [C:\Users\ultra\warewolf\Dev\Warewolf.Studio.Core\Warewolf.Studio.Core.csproj]
C:\Program Files\dotnet\sdk\10.0.201\Microsoft.Common.CurrentVersion.targets(2451,5): warning MSB3277:             C:\Users\ultra\.nuget\packages\groupcontrols\1.9.0\lib\net45\GroupControls.dll [C:\Users\ultra\warewolf\Dev\Warewolf.Studio.Core\Warewolf.Studio.Core.csproj]
C:\Program Files\dotnet\sdk\10.0.201\Microsoft.Common.CurrentVersion.targets(2451,5): warning MSB3277:             C:\Users\ultra\.nuget\packages\microsoft.xaml.behaviors.wpf\1.1.122\lib\net462\Microsoft.Xaml.Behaviors.dll [C:\Users\ultra\warewolf\Dev\Warewolf.Studio.Core\Warewolf.Studio.Core.csproj]
C:\Program Files\dotnet\sdk\10.0.201\Microsoft.Common.CurrentVersion.targets(2451,5): warning MSB3277:             C:\Users\ultra\.nuget\packages\caliburn.micro\4.0.212\lib\netcoreapp3.1\Caliburn.Micro.Platform.dll [C:\Users\ultra\warewolf\Dev\Warewolf.Studio.Core\Warewolf.Studio.Core.csproj]
C:\Program Files\dotnet\sdk\10.0.201\Microsoft.Common.CurrentVersion.targets(2451,5): warning MSB3277:             C:\Users\ultra\.nuget\packages\oracle.manageddataaccess.core\3.21.70\lib\netstandard2.1\Oracle.ManagedDataAccess.dll [C:\Users\ultra\warewolf\Dev\Warewolf.Studio.Core\Warewolf.Studio.Core.csproj]
C:\Program Files\dotnet\sdk\10.0.201\Microsoft.Common.CurrentVersion.targets(2451,5): warning MSB3277:             C:\Users\ultra\warewolf\Dev\Dev2.Runtime.Services\bin\Debug\net8.0\Dev2.Runtime.Services.dll [C:\Users\ultra\warewolf\Dev\Warewolf.Studio.Core\Warewolf.Studio.Core.csproj]
C:\Program Files\dotnet\sdk\10.0.201\Microsoft.Common.CurrentVersion.targets(2451,5): warning MSB3277:             C:\Users\ultra\warewolf\Dev\Dev2.Studio.Interfaces\bin\Debug\net8.0\Dev2.Studio.Interfaces.dll [C:\Users\ultra\warewolf\Dev\Warewolf.Studio.Core\Warewolf.Studio.Core.csproj]
C:\Program Files\dotnet\sdk\10.0.201\Microsoft.Common.CurrentVersion.targets(2451,5): warning MSB3277:             C:\Users\ultra\warewolf\Dev\Dev2.Services.Sql\bin\Debug\net8.0\Dev2.Services.Sql.dll [C:\Users\ultra\warewolf\Dev\Warewolf.Studio.Core\Warewolf.Studio.Core.csproj]
C:\Program Files\dotnet\sdk\10.0.201\Microsoft.Common.CurrentVersion.targets(2451,5): warning MSB3277:             C:\Users\ultra\.nuget\packages\prism.wpf\9.0.537\lib\net462\Prism.Wpf.dll [C:\Users\ultra\warewolf\Dev\Warewolf.Studio.Core\Warewolf.Studio.Core.csproj]
C:\Program Files\dotnet\sdk\10.0.201\Microsoft.Common.CurrentVersion.targets(2451,5): warning MSB3277:             C:\Users\ultra\.nuget\packages\reactiveui.wpf\18.4.1\lib\net462\ReactiveUI.Wpf.dll [C:\Users\ultra\warewolf\Dev\Warewolf.Studio.Core\Warewolf.Studio.Core.csproj]
C:\Program Files\dotnet\sdk\10.0.201\Microsoft.Common.CurrentVersion.targets(2451,5): warning MSB3277:             C:\Users\ultra\.nuget\packages\taskschedulereditor\2.10.1\lib\net452\Microsoft.Win32.TaskSchedulerEditor.dll [C:\Users\ultra\warewolf\Dev\Warewolf.Studio.Core\Warewolf.Studio.Core.csproj]
C:\Program Files\dotnet\sdk\10.0.201\Microsoft.Common.CurrentVersion.targets(2451,5): warning MSB3277:             C:\Users\ultra\.nuget\packages\ttcue.netcore.sharepointonline.csom.16.1.8029.1200\16.1.8029.1200\lib\netcoreapp2.0\Microsoft.SharePoint.Client.Runtime.Windows.dll [C:\Users\ultra\warewolf\Dev\Warewolf.Studio.Core\Warewolf.Studio.Core.csproj]
C:\Program Files\dotnet\sdk\10.0.201\Microsoft.Common.CurrentVersion.targets(2451,5): warning MSB3277: Found conflicts between different versions of "WindowsBase" that could not be resolved. [C:\Users\ultra\warewolf\Dev\Warewolf.Studio.Core\Warewolf.Studio.Core.csproj]
C:\Program Files\dotnet\sdk\10.0.201\Microsoft.Common.CurrentVersion.targets(2451,5): warning MSB3277: There was a conflict between "WindowsBase, Version=4.0.0.0, Culture=neutral, PublicKeyToken=31bf3856ad364e35" and "WindowsBase, Version=6.0.2.0, Culture=neutral, PublicKeyToken=31bf3856ad364e35". [C:\Users\ultra\warewolf\Dev\Warewolf.Studio.Core\Warewolf.Studio.Core.csproj]
C:\Program Files\dotnet\sdk\10.0.201\Microsoft.Common.CurrentVersion.targets(2451,5): warning MSB3277:     "WindowsBase, Version=4.0.0.0, Culture=neutral, PublicKeyToken=31bf3856ad364e35" was chosen because it was primary and "WindowsBase, Version=6.0.2.0, Culture=neutral, PublicKeyToken=31bf3856ad364e35" was not. [C:\Users\ultra\warewolf\Dev\Warewolf.Studio.Core\Warewolf.Studio.Core.csproj]
C:\Program Files\dotnet\sdk\10.0.201\Microsoft.Common.CurrentVersion.targets(2451,5): warning MSB3277:     References which depend on "WindowsBase, Version=4.0.0.0, Culture=neutral, PublicKeyToken=31bf3856ad364e35" [C:\Program Files\dotnet\packs\Microsoft.NETCore.App.Ref\8.0.25\ref\net8.0\WindowsBase.dll]. [C:\Users\ultra\warewolf\Dev\Warewolf.Studio.Core\Warewolf.Studio.Core.csproj]
C:\Program Files\dotnet\sdk\10.0.201\Microsoft.Common.CurrentVersion.targets(2451,5): warning MSB3277:         C:\Program Files\dotnet\packs\Microsoft.NETCore.App.Ref\8.0.25\ref\net8.0\WindowsBase.dll [C:\Users\ultra\warewolf\Dev\Warewolf.Studio.Core\Warewolf.Studio.Core.csproj]
C:\Program Files\dotnet\sdk\10.0.201\Microsoft.Common.CurrentVersion.targets(2451,5): warning MSB3277:           Project file item includes which caused reference "C:\Program Files\dotnet\packs\Microsoft.NETCore.App.Ref\8.0.25\ref\net8.0\WindowsBase.dll". [C:\Users\ultra\warewolf\Dev\Warewolf.Studio.Core\Warewolf.Studio.Core.csproj]
C:\Program Files\dotnet\sdk\10.0.201\Microsoft.Common.CurrentVersion.targets(2451,5): warning MSB3277:             C:\Program Files\dotnet\packs\Microsoft.NETCore.App.Ref\8.0.25\ref/net8.0/WindowsBase.dll [C:\Users\ultra\warewolf\Dev\Warewolf.Studio.Core\Warewolf.Studio.Core.csproj]
C:\Program Files\dotnet\sdk\10.0.201\Microsoft.Common.CurrentVersion.targets(2451,5): warning MSB3277:     References which depend on or have been unified to "WindowsBase, Version=6.0.2.0, Culture=neutral, PublicKeyToken=31bf3856ad364e35" []. [C:\Users\ultra\warewolf\Dev\Warewolf.Studio.Core\Warewolf.Studio.Core.csproj]
C:\Program Files\dotnet\sdk\10.0.201\Microsoft.Common.CurrentVersion.targets(2451,5): warning MSB3277:         C:\Users\ultra\warewolf\Dev\Binaries\Infragistcs_Net6\InfragisticsWPF4.Controls.Menus.XamDataTree.v15.1.dll [C:\Users\ultra\warewolf\Dev\Warewolf.Studio.Core\Warewolf.Studio.Core.csproj]
C:\Program Files\dotnet\sdk\10.0.201\Microsoft.Common.CurrentVersion.targets(2451,5): warning MSB3277:           Project file item includes which caused reference "C:\Users\ultra\warewolf\Dev\Binaries\Infragistcs_Net6\InfragisticsWPF4.Controls.Menus.XamDataTree.v15.1.dll". [C:\Users\ultra\warewolf\Dev\Warewolf.Studio.Core\Warewolf.Studio.Core.csproj]
C:\Program Files\dotnet\sdk\10.0.201\Microsoft.Common.CurrentVersion.targets(2451,5): warning MSB3277:             InfragisticsWPF4.Controls.Menus.XamDataTree.v15.1, Version=15.1.20151.2055, Culture=neutral, PublicKeyToken=7dd5c3163f2cd0cb, processorArchitecture=MSIL [C:\Users\ultra\warewolf\Dev\Warewolf.Studio.Core\Warewolf.Studio.Core.csproj]
C:\Program Files\dotnet\sdk\10.0.201\Microsoft.Common.CurrentVersion.targets(2451,5): warning MSB3277:         C:\Users\ultra\warewolf\Dev\Binaries\Infragistcs_Net6\InfragisticsWPF4.DataManager.v15.1.dll [C:\Users\ultra\warewolf\Dev\Warewolf.Studio.Core\Warewolf.Studio.Core.csproj]
C:\Program Files\dotnet\sdk\10.0.201\Microsoft.Common.CurrentVersion.targets(2451,5): warning MSB3277:           Project file item includes which caused reference "C:\Users\ultra\warewolf\Dev\Binaries\Infragistcs_Net6\InfragisticsWPF4.DataManager.v15.1.dll". [C:\Users\ultra\warewolf\Dev\Warewolf.Studio.Core\Warewolf.Studio.Core.csproj]
C:\Program Files\dotnet\sdk\10.0.201\Microsoft.Common.CurrentVersion.targets(2451,5): warning MSB3277:             InfragisticsWPF4.DataManager.v15.1, Version=15.1.20151.2055, Culture=neutral, PublicKeyToken=7dd5c3163f2cd0cb, processorArchitecture=MSIL [C:\Users\ultra\warewolf\Dev\Warewolf.Studio.Core\Warewolf.Studio.Core.csproj]
C:\Program Files\dotnet\sdk\10.0.201\Microsoft.Common.CurrentVersion.targets(2451,5): warning MSB3277:             InfragisticsWPF4.Controls.Menus.XamDataTree.v15.1, Version=15.1.20151.2055, Culture=neutral, PublicKeyToken=7dd5c3163f2cd0cb, processorArchitecture=MSIL [C:\Users\ultra\warewolf\Dev\Warewolf.Studio.Core\Warewolf.Studio.Core.csproj]
C:\Program Files\dotnet\sdk\10.0.201\Microsoft.Common.CurrentVersion.targets(2451,5): warning MSB3277:         C:\Users\ultra\warewolf\Dev\Binaries\Infragistcs_Net6\InfragisticsWPF4.DockManager.v15.1.dll [C:\Users\ultra\warewolf\Dev\Warewolf.Studio.Core\Warewolf.Studio.Core.csproj]
C:\Program Files\dotnet\sdk\10.0.201\Microsoft.Common.CurrentVersion.targets(2451,5): warning MSB3277:           Project file item includes which caused reference "C:\Users\ultra\warewolf\Dev\Binaries\Infragistcs_Net6\InfragisticsWPF4.DockManager.v15.1.dll". [C:\Users\ultra\warewolf\Dev\Warewolf.Studio.Core\Warewolf.Studio.Core.csproj]
C:\Program Files\dotnet\sdk\10.0.201\Microsoft.Common.CurrentVersion.targets(2451,5): warning MSB3277:             InfragisticsWPF4.DockManager.v15.1, Version=15.1.20151.2055, Culture=neutral, PublicKeyToken=7dd5c3163f2cd0cb, processorArchitecture=MSIL [C:\Users\ultra\warewolf\Dev\Warewolf.Studio.Core\Warewolf.Studio.Core.csproj]
C:\Program Files\dotnet\sdk\10.0.201\Microsoft.Common.CurrentVersion.targets(2451,5): warning MSB3277:         C:\Users\ultra\warewolf\Dev\Binaries\Infragistcs_Net6\InfragisticsWPF4.v15.1.dll [C:\Users\ultra\warewolf\Dev\Warewolf.Studio.Core\Warewolf.Studio.Core.csproj]
C:\Program Files\dotnet\sdk\10.0.201\Microsoft.Common.CurrentVersion.targets(2451,5): warning MSB3277:           Project file item includes which caused reference "C:\Users\ultra\warewolf\Dev\Binaries\Infragistcs_Net6\InfragisticsWPF4.v15.1.dll". [C:\Users\ultra\warewolf\Dev\Warewolf.Studio.Core\Warewolf.Studio.Core.csproj]
C:\Program Files\dotnet\sdk\10.0.201\Microsoft.Common.CurrentVersion.targets(2451,5): warning MSB3277:             InfragisticsWPF4.v15.1, Version=15.1.20151.2055, Culture=neutral, PublicKeyToken=7dd5c3163f2cd0cb, processorArchitecture=MSIL [C:\Users\ultra\warewolf\Dev\Warewolf.Studio.Core\Warewolf.Studio.Core.csproj]
C:\Program Files\dotnet\sdk\10.0.201\Microsoft.Common.CurrentVersion.targets(2451,5): warning MSB3277:             InfragisticsWPF4.Controls.Menus.XamDataTree.v15.1, Version=15.1.20151.2055, Culture=neutral, PublicKeyToken=7dd5c3163f2cd0cb, processorArchitecture=MSIL [C:\Users\ultra\warewolf\Dev\Warewolf.Studio.Core\Warewolf.Studio.Core.csproj]
C:\Program Files\dotnet\sdk\10.0.201\Microsoft.Common.CurrentVersion.targets(2451,5): warning MSB3277:             InfragisticsWPF4.DataManager.v15.1, Version=15.1.20151.2055, Culture=neutral, PublicKeyToken=7dd5c3163f2cd0cb, processorArchitecture=MSIL [C:\Users\ultra\warewolf\Dev\Warewolf.Studio.Core\Warewolf.Studio.Core.csproj]
C:\Program Files\dotnet\sdk\10.0.201\Microsoft.Common.CurrentVersion.targets(2451,5): warning MSB3277:             InfragisticsWPF4.DockManager.v15.1, Version=15.1.20151.2055, Culture=neutral, PublicKeyToken=7dd5c3163f2cd0cb, processorArchitecture=MSIL [C:\Users\ultra\warewolf\Dev\Warewolf.Studio.Core\Warewolf.Studio.Core.csproj]
C:\Program Files\dotnet\sdk\10.0.201\Microsoft.Common.CurrentVersion.targets(2451,5): warning MSB3277:         C:\Users\ultra\.nuget\packages\caliburn.micro\4.0.212\lib\netcoreapp3.1\Caliburn.Micro.Platform.dll [C:\Users\ultra\warewolf\Dev\Warewolf.Studio.Core\Warewolf.Studio.Core.csproj]
C:\Program Files\dotnet\sdk\10.0.201\Microsoft.Common.CurrentVersion.targets(2451,5): warning MSB3277:           Project file item includes which caused reference "C:\Users\ultra\.nuget\packages\caliburn.micro\4.0.212\lib\netcoreapp3.1\Caliburn.Micro.Platform.dll". [C:\Users\ultra\warewolf\Dev\Warewolf.Studio.Core\Warewolf.Studio.Core.csproj]
C:\Program Files\dotnet\sdk\10.0.201\Microsoft.Common.CurrentVersion.targets(2451,5): warning MSB3277:             C:\Users\ultra\.nuget\packages\caliburn.micro\4.0.212\lib\netcoreapp3.1\Caliburn.Micro.Platform.dll [C:\Users\ultra\warewolf\Dev\Warewolf.Studio.Core\Warewolf.Studio.Core.csproj]
C:\Program Files\dotnet\sdk\10.0.201\Microsoft.Common.CurrentVersion.targets(2451,5): warning MSB3277:         C:\Users\ultra\.nuget\packages\microsoft.xaml.behaviors.wpf\1.1.122\lib\net462\Microsoft.Xaml.Behaviors.dll [C:\Users\ultra\warewolf\Dev\Warewolf.Studio.Core\Warewolf.Studio.Core.csproj]
C:\Program Files\dotnet\sdk\10.0.201\Microsoft.Common.CurrentVersion.targets(2451,5): warning MSB3277:           Project file item includes which caused reference "C:\Users\ultra\.nuget\packages\microsoft.xaml.behaviors.wpf\1.1.122\lib\net462\Microsoft.Xaml.Behaviors.dll". [C:\Users\ultra\warewolf\Dev\Warewolf.Studio.Core\Warewolf.Studio.Core.csproj]
C:\Program Files\dotnet\sdk\10.0.201\Microsoft.Common.CurrentVersion.targets(2451,5): warning MSB3277:             C:\Users\ultra\.nuget\packages\microsoft.xaml.behaviors.wpf\1.1.122\lib\net462\Microsoft.Xaml.Behaviors.dll [C:\Users\ultra\warewolf\Dev\Warewolf.Studio.Core\Warewolf.Studio.Core.csproj]
C:\Program Files\dotnet\sdk\10.0.201\Microsoft.Common.CurrentVersion.targets(2451,5): warning MSB3277:             C:\Users\ultra\.nuget\packages\caliburn.micro\4.0.212\lib\netcoreapp3.1\Caliburn.Micro.Platform.dll [C:\Users\ultra\warewolf\Dev\Warewolf.Studio.Core\Warewolf.Studio.Core.csproj]
C:\Program Files\dotnet\sdk\10.0.201\Microsoft.Common.CurrentVersion.targets(2451,5): warning MSB3277:             C:\Users\ultra\.nuget\packages\prism.wpf\9.0.537\lib\net462\Prism.Wpf.dll [C:\Users\ultra\warewolf\Dev\Warewolf.Studio.Core\Warewolf.Studio.Core.csproj]
C:\Program Files\dotnet\sdk\10.0.201\Microsoft.Common.CurrentVersion.targets(2451,5): warning MSB3277:         C:\Users\ultra\.nuget\packages\prism.wpf\9.0.537\lib\net462\Prism.Wpf.dll [C:\Users\ultra\warewolf\Dev\Warewolf.Studio.Core\Warewolf.Studio.Core.csproj]
C:\Program Files\dotnet\sdk\10.0.201\Microsoft.Common.CurrentVersion.targets(2451,5): warning MSB3277:           Project file item includes which caused reference "C:\Users\ultra\.nuget\packages\prism.wpf\9.0.537\lib\net462\Prism.Wpf.dll". [C:\Users\ultra\warewolf\Dev\Warewolf.Studio.Core\Warewolf.Studio.Core.csproj]
C:\Program Files\dotnet\sdk\10.0.201\Microsoft.Common.CurrentVersion.targets(2451,5): warning MSB3277:             C:\Users\ultra\.nuget\packages\prism.wpf\9.0.537\lib\net462\Prism.Wpf.dll [C:\Users\ultra\warewolf\Dev\Warewolf.Studio.Core\Warewolf.Studio.Core.csproj]
C:\Program Files\dotnet\sdk\10.0.201\Microsoft.Common.CurrentVersion.targets(2451,5): warning MSB3277:         C:\Users\ultra\.nuget\packages\reactiveui.wpf\18.4.1\lib\net462\ReactiveUI.Wpf.dll [C:\Users\ultra\warewolf\Dev\Warewolf.Studio.Core\Warewolf.Studio.Core.csproj]
C:\Program Files\dotnet\sdk\10.0.201\Microsoft.Common.CurrentVersion.targets(2451,5): warning MSB3277:           Project file item includes which caused reference "C:\Users\ultra\.nuget\packages\reactiveui.wpf\18.4.1\lib\net462\ReactiveUI.Wpf.dll". [C:\Users\ultra\warewolf\Dev\Warewolf.Studio.Core\Warewolf.Studio.Core.csproj]
C:\Program Files\dotnet\sdk\10.0.201\Microsoft.Common.CurrentVersion.targets(2451,5): warning MSB3277:             C:\Users\ultra\.nuget\packages\reactiveui.wpf\18.4.1\lib\net462\ReactiveUI.Wpf.dll [C:\Users\ultra\warewolf\Dev\Warewolf.Studio.Core\Warewolf.Studio.Core.csproj]
C:\Program Files\dotnet\sdk\10.0.201\Microsoft.Common.CurrentVersion.targets(2451,5): warning MSB3277:         C:\Users\ultra\warewolf\Dev\Binaries\Infragistcs_Net6\InfragisticsWPF4.DragDrop.v15.1.dll [C:\Users\ultra\warewolf\Dev\Warewolf.Studio.Core\Warewolf.Studio.Core.csproj]
C:\Program Files\dotnet\sdk\10.0.201\Microsoft.Common.CurrentVersion.targets(2451,5): warning MSB3277:           Project file item includes which caused reference "C:\Users\ultra\warewolf\Dev\Binaries\Infragistcs_Net6\InfragisticsWPF4.DragDrop.v15.1.dll". [C:\Users\ultra\warewolf\Dev\Warewolf.Studio.Core\Warewolf.Studio.Core.csproj]
C:\Program Files\dotnet\sdk\10.0.201\Microsoft.Common.CurrentVersion.targets(2451,5): warning MSB3277:             InfragisticsWPF4.Controls.Menus.XamDataTree.v15.1, Version=15.1.20151.2055, Culture=neutral, PublicKeyToken=7dd5c3163f2cd0cb, processorArchitecture=MSIL [C:\Users\ultra\warewolf\Dev\Warewolf.Studio.Core\Warewolf.Studio.Core.csproj]
C:\Program Files\dotnet\sdk\10.0.201\Microsoft.Common.CurrentVersion.targets(2451,5): warning MSB3277: Found conflicts between different versions of "WindowsBase" that could not be resolved. [C:\Users\ultra\warewolf\Dev\Dev2.Activities\Dev2.Activities.csproj]
C:\Program Files\dotnet\sdk\10.0.201\Microsoft.Common.CurrentVersion.targets(2451,5): warning MSB3277: There was a conflict between "WindowsBase, Version=4.0.0.0, Culture=neutral, PublicKeyToken=31bf3856ad364e35" and "WindowsBase, Version=6.0.2.0, Culture=neutral, PublicKeyToken=31bf3856ad364e35". [C:\Users\ultra\warewolf\Dev\Dev2.Activities\Dev2.Activities.csproj]
C:\Program Files\dotnet\sdk\10.0.201\Microsoft.Common.CurrentVersion.targets(2451,5): warning MSB3277:     "WindowsBase, Version=4.0.0.0, Culture=neutral, PublicKeyToken=31bf3856ad364e35" was chosen because it was primary and "WindowsBase, Version=6.0.2.0, Culture=neutral, PublicKeyToken=31bf3856ad364e35" was not. [C:\Users\ultra\warewolf\Dev\Dev2.Activities\Dev2.Activities.csproj]
C:\Program Files\dotnet\sdk\10.0.201\Microsoft.Common.CurrentVersion.targets(2451,5): warning MSB3277:     References which depend on "WindowsBase, Version=4.0.0.0, Culture=neutral, PublicKeyToken=31bf3856ad364e35" [C:\Program Files\dotnet\packs\Microsoft.NETCore.App.Ref\8.0.25\ref\net8.0\WindowsBase.dll]. [C:\Users\ultra\warewolf\Dev\Dev2.Activities\Dev2.Activities.csproj]
C:\Program Files\dotnet\sdk\10.0.201\Microsoft.Common.CurrentVersion.targets(2451,5): warning MSB3277:         C:\Program Files\dotnet\packs\Microsoft.NETCore.App.Ref\8.0.25\ref\net8.0\WindowsBase.dll [C:\Users\ultra\warewolf\Dev\Dev2.Activities\Dev2.Activities.csproj]
C:\Program Files\dotnet\sdk\10.0.201\Microsoft.Common.CurrentVersion.targets(2451,5): warning MSB3277:           Project file item includes which caused reference "C:\Program Files\dotnet\packs\Microsoft.NETCore.App.Ref\8.0.25\ref\net8.0\WindowsBase.dll". [C:\Users\ultra\warewolf\Dev\Dev2.Activities\Dev2.Activities.csproj]
C:\Program Files\dotnet\sdk\10.0.201\Microsoft.Common.CurrentVersion.targets(2451,5): warning MSB3277:             C:\Program Files\dotnet\packs\Microsoft.NETCore.App.Ref\8.0.25\ref/net8.0/WindowsBase.dll [C:\Users\ultra\warewolf\Dev\Dev2.Activities\Dev2.Activities.csproj]
C:\Program Files\dotnet\sdk\10.0.201\Microsoft.Common.CurrentVersion.targets(2451,5): warning MSB3277:     References which depend on or have been unified to "WindowsBase, Version=6.0.2.0, Culture=neutral, PublicKeyToken=31bf3856ad364e35" []. [C:\Users\ultra\warewolf\Dev\Dev2.Activities\Dev2.Activities.csproj]
C:\Program Files\dotnet\sdk\10.0.201\Microsoft.Common.CurrentVersion.targets(2451,5): warning MSB3277:         C:\Users\ultra\.nuget\packages\caliburn.micro\4.0.212\lib\netcoreapp3.1\Caliburn.Micro.Platform.dll [C:\Users\ultra\warewolf\Dev\Dev2.Activities\Dev2.Activities.csproj]
C:\Program Files\dotnet\sdk\10.0.201\Microsoft.Common.CurrentVersion.targets(2451,5): warning MSB3277:           Project file item includes which caused reference "C:\Users\ultra\.nuget\packages\caliburn.micro\4.0.212\lib\netcoreapp3.1\Caliburn.Micro.Platform.dll". [C:\Users\ultra\warewolf\Dev\Dev2.Activities\Dev2.Activities.csproj]
C:\Program Files\dotnet\sdk\10.0.201\Microsoft.Common.CurrentVersion.targets(2451,5): warning MSB3277:             C:\Users\ultra\.nuget\packages\caliburn.micro\4.0.212\lib\netcoreapp3.1\Caliburn.Micro.Platform.dll [C:\Users\ultra\warewolf\Dev\Dev2.Activities\Dev2.Activities.csproj]
C:\Program Files\dotnet\sdk\10.0.201\Microsoft.Common.CurrentVersion.targets(2451,5): warning MSB3277:         C:\Users\ultra\.nuget\packages\ironpython\3.4.0\lib\net6.0\IronPython.Wpf.dll [C:\Users\ultra\warewolf\Dev\Dev2.Activities\Dev2.Activities.csproj]
C:\Program Files\dotnet\sdk\10.0.201\Microsoft.Common.CurrentVersion.targets(2451,5): warning MSB3277:           Project file item includes which caused reference "C:\Users\ultra\.nuget\packages\ironpython\3.4.0\lib\net6.0\IronPython.Wpf.dll". [C:\Users\ultra\warewolf\Dev\Dev2.Activities\Dev2.Activities.csproj]
C:\Program Files\dotnet\sdk\10.0.201\Microsoft.Common.CurrentVersion.targets(2451,5): warning MSB3277:             C:\Users\ultra\.nuget\packages\ironpython\3.4.0\lib\net6.0\IronPython.Wpf.dll [C:\Users\ultra\warewolf\Dev\Dev2.Activities\Dev2.Activities.csproj]
C:\Program Files\dotnet\sdk\10.0.201\Microsoft.Common.CurrentVersion.targets(2451,5): warning MSB3277:         C:\Users\ultra\.nuget\packages\microsoft.xaml.behaviors.wpf\1.1.19\lib\netcoreapp3.0\Microsoft.Xaml.Behaviors.dll [C:\Users\ultra\warewolf\Dev\Dev2.Activities\Dev2.Activities.csproj]
C:\Program Files\dotnet\sdk\10.0.201\Microsoft.Common.CurrentVersion.targets(2451,5): warning MSB3277:           Project file item includes which caused reference "C:\Users\ultra\.nuget\packages\microsoft.xaml.behaviors.wpf\1.1.19\lib\netcoreapp3.0\Microsoft.Xaml.Behaviors.dll". [C:\Users\ultra\warewolf\Dev\Dev2.Activities\Dev2.Activities.csproj]
C:\Program Files\dotnet\sdk\10.0.201\Microsoft.Common.CurrentVersion.targets(2451,5): warning MSB3277:             C:\Users\ultra\.nuget\packages\microsoft.xaml.behaviors.wpf\1.1.19\lib\netcoreapp3.0\Microsoft.Xaml.Behaviors.dll [C:\Users\ultra\warewolf\Dev\Dev2.Activities\Dev2.Activities.csproj]
C:\Program Files\dotnet\sdk\10.0.201\Microsoft.Common.CurrentVersion.targets(2451,5): warning MSB3277:             C:\Users\ultra\.nuget\packages\caliburn.micro\4.0.212\lib\netcoreapp3.1\Caliburn.Micro.Platform.dll [C:\Users\ultra\warewolf\Dev\Dev2.Activities\Dev2.Activities.csproj]
C:\Program Files\dotnet\sdk\10.0.201\Microsoft.Common.CurrentVersion.targets(2451,5): warning MSB3277:         C:\Users\ultra\.nuget\packages\reactiveui.wpf\18.4.1\lib\net462\ReactiveUI.Wpf.dll [C:\Users\ultra\warewolf\Dev\Dev2.Activities\Dev2.Activities.csproj]
C:\Program Files\dotnet\sdk\10.0.201\Microsoft.Common.CurrentVersion.targets(2451,5): warning MSB3277:           Project file item includes which caused reference "C:\Users\ultra\.nuget\packages\reactiveui.wpf\18.4.1\lib\net462\ReactiveUI.Wpf.dll". [C:\Users\ultra\warewolf\Dev\Dev2.Activities\Dev2.Activities.csproj]
C:\Program Files\dotnet\sdk\10.0.201\Microsoft.Common.CurrentVersion.targets(2451,5): warning MSB3277:             C:\Users\ultra\.nuget\packages\reactiveui.wpf\18.4.1\lib\net462\ReactiveUI.Wpf.dll [C:\Users\ultra\warewolf\Dev\Dev2.Activities\Dev2.Activities.csproj]
  Consider app.config remapping of assembly "System.Runtime.CompilerServices.Unsafe, Culture=neutral, PublicKeyToken=b03f5f7f11d50a3a" from Version "6.0.0.0" [] to Version "8.0.0.0" [C:\Program Files\dotnet\packs\Microsoft.NETCore.App.Ref\8.0.25\ref\net8.0\System.Runtime.CompilerServices.Unsafe.dll] to solve conflict and get rid of warning.
  Warewolf.Data.Tests -> C:\Users\ultra\warewolf\Dev\Warewolf.Data.Tests\bin\Debug\net8.0\Warewolf.Data.Tests.dll
  Warewolf.HangfireServer -> C:\Users\ultra\warewolf\Dev\Warewolf.HangfireServer\bin\Debug\net8.0\HangfireServer.dll
  Warewolf.Studio.Models -> C:\Users\ultra\warewolf\Dev\Warewolf.Studio.Models\bin\Debug\net8.0\Warewolf.Studio.Models.dll
  Warewolf.Data.Tests -> C:\Users\ultra\warewolf\Bin\ServerTests-Windows\
  Warewolf.Studio.Models -> C:\Users\ultra\warewolf\Bin\ServerTests-Windows\
  Warewolf.HangfireServer -> C:\Users\ultra\warewolf\Bin\ServerTests-Windows\
C:\Program Files\dotnet\sdk\10.0.201\Sdks\Microsoft.NET.Sdk\targets\Microsoft.NET.Sdk.targets(308,5): warning NETSDK1206: Found version-specific or distribution-specific runtime identifier(s): win7-x64, win7-x86. Affected libraries: SQLite. In .NET 8.0 and higher, assets for version-specific and distribution-specific runtime identifiers will not be found by default. See https://aka.ms/dotnet/rid-usage for details. [C:\Users\ultra\warewolf\Dev\Warewolf.Testing\Warewolf.Testing.csproj]
  Warewolf.Testing -> C:\Users\ultra\warewolf\Dev\Warewolf.Testing\bin\Debug\net8.0\Warewolf.Testing.dll
C:\Program Files\dotnet\sdk\10.0.201\Sdks\Microsoft.NET.Sdk\targets\Microsoft.NET.Sdk.targets(308,5): warning NETSDK1206: Found version-specific or distribution-specific runtime identifier(s): win7-x64, win7-x86. Affected libraries: SQLite. In .NET 8.0 and higher, assets for version-specific and distribution-specific runtime identifiers will not be found by default. See https://aka.ms/dotnet/rid-usage for details. [C:\Users\ultra\warewolf\Dev\Warewolf.Studio.Core\Warewolf.Studio.Core.csproj]
  Warewolf.Studio.Core -> C:\Users\ultra\warewolf\Dev\Warewolf.Studio.Core\bin\Debug\net8.0\Warewolf.Studio.Core.dll
C:\Program Files\dotnet\sdk\10.0.201\Microsoft.Common.CurrentVersion.targets(2451,5): warning MSB3277: Found conflicts between different versions of "System.Drawing.Common" that could not be resolved. [C:\Users\ultra\warewolf\Dev\Dev2.Services.Execution.Tests\Dev2.Services.Execution.Tests.csproj]
C:\Program Files\dotnet\sdk\10.0.201\Microsoft.Common.CurrentVersion.targets(2451,5): warning MSB3277: There was a conflict between "System.Drawing.Common, Version=6.0.0.0, Culture=neutral, PublicKeyToken=cc7b13ffcd2ddd51" and "System.Drawing.Common, Version=8.0.0.0, Culture=neutral, PublicKeyToken=cc7b13ffcd2ddd51". [C:\Users\ultra\warewolf\Dev\Dev2.Services.Execution.Tests\Dev2.Services.Execution.Tests.csproj]
C:\Program Files\dotnet\sdk\10.0.201\Microsoft.Common.CurrentVersion.targets(2451,5): warning MSB3277:     "System.Drawing.Common, Version=6.0.0.0, Culture=neutral, PublicKeyToken=cc7b13ffcd2ddd51" was chosen because it was primary and "System.Drawing.Common, Version=8.0.0.0, Culture=neutral, PublicKeyToken=cc7b13ffcd2ddd51" was not. [C:\Users\ultra\warewolf\Dev\Dev2.Services.Execution.Tests\Dev2.Services.Execution.Tests.csproj]
C:\Program Files\dotnet\sdk\10.0.201\Microsoft.Common.CurrentVersion.targets(2451,5): warning MSB3277:     References which depend on "System.Drawing.Common, Version=6.0.0.0, Culture=neutral, PublicKeyToken=cc7b13ffcd2ddd51" [C:\Users\ultra\.nuget\packages\system.drawing.common\6.0.0\lib\net6.0\System.Drawing.Common.dll]. [C:\Users\ultra\warewolf\Dev\Dev2.Services.Execution.Tests\Dev2.Services.Execution.Tests.csproj]
C:\Program Files\dotnet\sdk\10.0.201\Microsoft.Common.CurrentVersion.targets(2451,5): warning MSB3277:         C:\Users\ultra\.nuget\packages\system.drawing.common\6.0.0\lib\net6.0\System.Drawing.Common.dll [C:\Users\ultra\warewolf\Dev\Dev2.Services.Execution.Tests\Dev2.Services.Execution.Tests.csproj]
C:\Program Files\dotnet\sdk\10.0.201\Microsoft.Common.CurrentVersion.targets(2451,5): warning MSB3277:           Project file item includes which caused reference "C:\Users\ultra\.nuget\packages\system.drawing.common\6.0.0\lib\net6.0\System.Drawing.Common.dll". [C:\Users\ultra\warewolf\Dev\Dev2.Services.Execution.Tests\Dev2.Services.Execution.Tests.csproj]
C:\Program Files\dotnet\sdk\10.0.201\Microsoft.Common.CurrentVersion.targets(2451,5): warning MSB3277:             C:\Users\ultra\.nuget\packages\system.drawing.common\6.0.0\lib\net6.0\System.Drawing.Common.dll [C:\Users\ultra\warewolf\Dev\Dev2.Services.Execution.Tests\Dev2.Services.Execution.Tests.csproj]
C:\Program Files\dotnet\sdk\10.0.201\Microsoft.Common.CurrentVersion.targets(2451,5): warning MSB3277:     References which depend on or have been unified to "System.Drawing.Common, Version=8.0.0.0, Culture=neutral, PublicKeyToken=cc7b13ffcd2ddd51" []. [C:\Users\ultra\warewolf\Dev\Dev2.Services.Execution.Tests\Dev2.Services.Execution.Tests.csproj]
C:\Program Files\dotnet\sdk\10.0.201\Microsoft.Common.CurrentVersion.targets(2451,5): warning MSB3277:         C:\Users\ultra\.nuget\packages\servicestack\6.3.0\lib\net6.0\ServiceStack.dll [C:\Users\ultra\warewolf\Dev\Dev2.Services.Execution.Tests\Dev2.Services.Execution.Tests.csproj]
C:\Program Files\dotnet\sdk\10.0.201\Microsoft.Common.CurrentVersion.targets(2451,5): warning MSB3277:           Project file item includes which caused reference "C:\Users\ultra\.nuget\packages\servicestack\6.3.0\lib\net6.0\ServiceStack.dll". [C:\Users\ultra\warewolf\Dev\Dev2.Services.Execution.Tests\Dev2.Services.Execution.Tests.csproj]
C:\Program Files\dotnet\sdk\10.0.201\Microsoft.Common.CurrentVersion.targets(2451,5): warning MSB3277:             C:\Users\ultra\.nuget\packages\servicestack\6.3.0\lib\net6.0\ServiceStack.dll [C:\Users\ultra\warewolf\Dev\Dev2.Services.Execution.Tests\Dev2.Services.Execution.Tests.csproj]
C:\Program Files\dotnet\sdk\10.0.201\Microsoft.Common.CurrentVersion.targets(2451,5): warning MSB3277:         C:\Users\ultra\.nuget\packages\system.windows.extensions\8.0.0\lib\net8.0\System.Windows.Extensions.dll [C:\Users\ultra\warewolf\Dev\Dev2.Services.Execution.Tests\Dev2.Services.Execution.Tests.csproj]
C:\Program Files\dotnet\sdk\10.0.201\Microsoft.Common.CurrentVersion.targets(2451,5): warning MSB3277:           Project file item includes which caused reference "C:\Users\ultra\.nuget\packages\system.windows.extensions\8.0.0\lib\net8.0\System.Windows.Extensions.dll". [C:\Users\ultra\warewolf\Dev\Dev2.Services.Execution.Tests\Dev2.Services.Execution.Tests.csproj]
C:\Program Files\dotnet\sdk\10.0.201\Microsoft.Common.CurrentVersion.targets(2451,5): warning MSB3277:             C:\Users\ultra\.nuget\packages\system.windows.extensions\8.0.0\lib\net8.0\System.Windows.Extensions.dll [C:\Users\ultra\warewolf\Dev\Dev2.Services.Execution.Tests\Dev2.Services.Execution.Tests.csproj]
C:\Program Files\dotnet\sdk\10.0.201\Microsoft.Common.CurrentVersion.targets(2451,5): warning MSB3277:             C:\Users\ultra\.nuget\packages\system.security.permissions\8.0.0\lib\net8.0\System.Security.Permissions.dll [C:\Users\ultra\warewolf\Dev\Dev2.Services.Execution.Tests\Dev2.Services.Execution.Tests.csproj]
C:\Program Files\dotnet\sdk\10.0.201\Microsoft.Common.CurrentVersion.targets(2451,5): warning MSB3277:             C:\Users\ultra\warewolf\Dev\Dev2.Data\bin\Debug\net8.0\Dev2.Data.dll [C:\Users\ultra\warewolf\Dev\Dev2.Services.Execution.Tests\Dev2.Services.Execution.Tests.csproj]
C:\Program Files\dotnet\sdk\10.0.201\Microsoft.Common.CurrentVersion.targets(2451,5): warning MSB3277:             C:\Users\ultra\warewolf\Dev\Dev2.Core\bin\Debug\net8.0\Dev2.Core.dll [C:\Users\ultra\warewolf\Dev\Dev2.Services.Execution.Tests\Dev2.Services.Execution.Tests.csproj]
C:\Program Files\dotnet\sdk\10.0.201\Microsoft.Common.CurrentVersion.targets(2451,5): warning MSB3277:             C:\Users\ultra\warewolf\Dev\Dev2.Runtime.Services\bin\Debug\net8.0\Dev2.Runtime.Services.dll [C:\Users\ultra\warewolf\Dev\Dev2.Services.Execution.Tests\Dev2.Services.Execution.Tests.csproj]
C:\Program Files\dotnet\sdk\10.0.201\Microsoft.Common.CurrentVersion.targets(2451,5): warning MSB3277:             C:\Users\ultra\warewolf\Dev\Dev2.Services.Execution\bin\Debug\net8.0\Dev2.Services.Execution.dll [C:\Users\ultra\warewolf\Dev\Dev2.Services.Execution.Tests\Dev2.Services.Execution.Tests.csproj]
C:\Program Files\dotnet\sdk\10.0.201\Microsoft.Common.CurrentVersion.targets(2451,5): warning MSB3277:             C:\Users\ultra\warewolf\Dev\Warewolf.Core\bin\Debug\net8.0\Warewolf.Core.dll [C:\Users\ultra\warewolf\Dev\Dev2.Services.Execution.Tests\Dev2.Services.Execution.Tests.csproj]
C:\Program Files\dotnet\sdk\10.0.201\Microsoft.Common.CurrentVersion.targets(2451,5): warning MSB3277:             C:\Users\ultra\warewolf\Dev\Dev2.Scheduler\bin\Debug\net8.0\Dev2.Scheduler.dll [C:\Users\ultra\warewolf\Dev\Dev2.Services.Execution.Tests\Dev2.Services.Execution.Tests.csproj]
C:\Program Files\dotnet\sdk\10.0.201\Microsoft.Common.CurrentVersion.targets(2451,5): warning MSB3277:             C:\Users\ultra\warewolf\Dev\Warewolf.Auditing\bin\Debug\net8.0\Warewolf.Auditing.dll [C:\Users\ultra\warewolf\Dev\Dev2.Services.Execution.Tests\Dev2.Services.Execution.Tests.csproj]
C:\Program Files\dotnet\sdk\10.0.201\Microsoft.Common.CurrentVersion.targets(2451,5): warning MSB3277:             C:\Users\ultra\warewolf\Dev\Warewolf.Common.NetStandard20\bin\Debug\net8.0\Warewolf.Common.NetStandard20.dll [C:\Users\ultra\warewolf\Dev\Dev2.Services.Execution.Tests\Dev2.Services.Execution.Tests.csproj]
C:\Program Files\dotnet\sdk\10.0.201\Microsoft.Common.CurrentVersion.targets(2451,5): warning MSB3277:             C:\Users\ultra\warewolf\Dev\Warewolf.ResourceManagement\bin\Debug\net8.0\Warewolf.ResourceManagement.dll [C:\Users\ultra\warewolf\Dev\Dev2.Services.Execution.Tests\Dev2.Services.Execution.Tests.csproj]
C:\Program Files\dotnet\sdk\10.0.201\Microsoft.Common.CurrentVersion.targets(2451,5): warning MSB3277:             C:\Users\ultra\.nuget\packages\dotnetzip\1.16.0\lib\netstandard2.0\DotNetZip.dll [C:\Users\ultra\warewolf\Dev\Dev2.Services.Execution.Tests\Dev2.Services.Execution.Tests.csproj]
C:\Program Files\dotnet\sdk\10.0.201\Microsoft.Common.CurrentVersion.targets(2451,5): warning MSB3277:             C:\Users\ultra\warewolf\Dev\Dev2.Common\bin\Debug\net8.0\Dev2.Common.dll [C:\Users\ultra\warewolf\Dev\Dev2.Services.Execution.Tests\Dev2.Services.Execution.Tests.csproj]
C:\Program Files\dotnet\sdk\10.0.201\Microsoft.Common.CurrentVersion.targets(2451,5): warning MSB3277:             C:\Users\ultra\warewolf\Dev\Dev2.Infrastructure\bin\Debug\net8.0\Dev2.Infrastructure.dll [C:\Users\ultra\warewolf\Dev\Dev2.Services.Execution.Tests\Dev2.Services.Execution.Tests.csproj]
C:\Program Files\dotnet\sdk\10.0.201\Microsoft.Common.CurrentVersion.targets(2451,5): warning MSB3277:             C:\Users\ultra\warewolf\Dev\Dev2.Services.Sql\bin\Debug\net8.0\Dev2.Services.Sql.dll [C:\Users\ultra\warewolf\Dev\Dev2.Services.Execution.Tests\Dev2.Services.Execution.Tests.csproj]
C:\Program Files\dotnet\sdk\10.0.201\Microsoft.Common.CurrentVersion.targets(2451,5): warning MSB3277:             C:\Users\ultra\warewolf\Dev\Warewolf.Storage\bin\Debug\net8.0\Warewolf.Storage.dll [C:\Users\ultra\warewolf\Dev\Dev2.Services.Execution.Tests\Dev2.Services.Execution.Tests.csproj]
C:\Program Files\dotnet\sdk\10.0.201\Microsoft.Common.CurrentVersion.targets(2451,5): warning MSB3277:             C:\Users\ultra\warewolf\Dev\Dev2.Data.Interfaces\bin\Debug\net8.0\Dev2.Data.Interfaces.dll [C:\Users\ultra\warewolf\Dev\Dev2.Services.Execution.Tests\Dev2.Services.Execution.Tests.csproj]
C:\Program Files\dotnet\sdk\10.0.201\Microsoft.Common.CurrentVersion.targets(2451,5): warning MSB3277:             C:\Users\ultra\warewolf\Dev\Dev2.Diagnostics\bin\Debug\net8.0\Dev2.Diagnostics.dll [C:\Users\ultra\warewolf\Dev\Dev2.Services.Execution.Tests\Dev2.Services.Execution.Tests.csproj]
C:\Program Files\dotnet\sdk\10.0.201\Microsoft.Common.CurrentVersion.targets(2451,5): warning MSB3277:             C:\Users\ultra\warewolf\Dev\Dev2.TaskScheduler.Wrappers\bin\Debug\net8.0\Dev2.TaskScheduler.Wrappers.dll [C:\Users\ultra\warewolf\Dev\Dev2.Services.Execution.Tests\Dev2.Services.Execution.Tests.csproj]
C:\Program Files\dotnet\sdk\10.0.201\Microsoft.Common.CurrentVersion.targets(2451,5): warning MSB3277:             C:\Users\ultra\warewolf\Dev\Dev2.Util\bin\Debug\net8.0\Dev2.Util.dll [C:\Users\ultra\warewolf\Dev\Dev2.Services.Execution.Tests\Dev2.Services.Execution.Tests.csproj]
C:\Program Files\dotnet\sdk\10.0.201\Microsoft.Common.CurrentVersion.targets(2451,5): warning MSB3277:             C:\Users\ultra\warewolf\Dev\Warewolf.AI.Harness\bin\Debug\net8.0\Warewolf.AI.Harness.dll [C:\Users\ultra\warewolf\Dev\Dev2.Services.Execution.Tests\Dev2.Services.Execution.Tests.csproj]
C:\Program Files\dotnet\sdk\10.0.201\Microsoft.Common.CurrentVersion.targets(2451,5): warning MSB3277:             C:\Users\ultra\warewolf\Dev\Warewolf.Driver.Serilog\bin\Debug\net8.0\Warewolf.Driver.Serilog.dll [C:\Users\ultra\warewolf\Dev\Dev2.Services.Execution.Tests\Dev2.Services.Execution.Tests.csproj]
C:\Program Files\dotnet\sdk\10.0.201\Microsoft.Common.CurrentVersion.targets(2451,5): warning MSB3277:             C:\Users\ultra\warewolf\Dev\Warewolf.Sharepoint\bin\Debug\net8.0\Warewolf.Sharepoint.dll [C:\Users\ultra\warewolf\Dev\Dev2.Services.Execution.Tests\Dev2.Services.Execution.Tests.csproj]
C:\Program Files\dotnet\sdk\10.0.201\Microsoft.Common.CurrentVersion.targets(2451,5): warning MSB3277:             C:\Users\ultra\.nuget\packages\mindbox.data.linq\5.0.0\lib\netstandard2.0\Mindbox.Data.Linq.dll [C:\Users\ultra\warewolf\Dev\Dev2.Services.Execution.Tests\Dev2.Services.Execution.Tests.csproj]
C:\Program Files\dotnet\sdk\10.0.201\Microsoft.Common.CurrentVersion.targets(2451,5): warning MSB3277:             C:\Users\ultra\.nuget\packages\mysql.data\8.4.0\lib\net8.0\MySql.Data.dll [C:\Users\ultra\warewolf\Dev\Dev2.Services.Execution.Tests\Dev2.Services.Execution.Tests.csproj]
C:\Program Files\dotnet\sdk\10.0.201\Microsoft.Common.CurrentVersion.targets(2451,5): warning MSB3277:             C:\Users\ultra\.nuget\packages\oracle.manageddataaccess.core\3.21.70\lib\netstandard2.1\Oracle.ManagedDataAccess.dll [C:\Users\ultra\warewolf\Dev\Dev2.Services.Execution.Tests\Dev2.Services.Execution.Tests.csproj]
C:\Program Files\dotnet\sdk\10.0.201\Microsoft.Common.CurrentVersion.targets(2451,5): warning MSB3277:             C:\Users\ultra\.nuget\packages\system.directoryservices\6.0.0\lib\net6.0\System.DirectoryServices.dll [C:\Users\ultra\warewolf\Dev\Dev2.Services.Execution.Tests\Dev2.Services.Execution.Tests.csproj]
C:\Program Files\dotnet\sdk\10.0.201\Microsoft.Common.CurrentVersion.targets(2451,5): warning MSB3277:             C:\Users\ultra\.nuget\packages\corewcf.primitives\1.2.1\lib\netstandard2.0\CoreWCF.Primitives.dll [C:\Users\ultra\warewolf\Dev\Dev2.Services.Execution.Tests\Dev2.Services.Execution.Tests.csproj]
C:\Program Files\dotnet\sdk\10.0.201\Microsoft.Common.CurrentVersion.targets(2451,5): warning MSB3277:             C:\Users\ultra\.nuget\packages\corewcf.http\1.2.1\lib\netstandard2.0\CoreWCF.Http.dll [C:\Users\ultra\warewolf\Dev\Dev2.Services.Execution.Tests\Dev2.Services.Execution.Tests.csproj]
C:\Program Files\dotnet\sdk\10.0.201\Microsoft.Common.CurrentVersion.targets(2451,5): warning MSB3277:             C:\Users\ultra\.nuget\packages\corewcf.nettcp\1.2.1\lib\netstandard2.0\CoreWCF.NetTcp.dll [C:\Users\ultra\warewolf\Dev\Dev2.Services.Execution.Tests\Dev2.Services.Execution.Tests.csproj]
C:\Program Files\dotnet\sdk\10.0.201\Microsoft.Common.CurrentVersion.targets(2451,5): warning MSB3277:             C:\Users\ultra\.nuget\packages\corewcf.webhttp\1.2.1\lib\netstandard2.0\CoreWCF.WebHttp.dll [C:\Users\ultra\warewolf\Dev\Dev2.Services.Execution.Tests\Dev2.Services.Execution.Tests.csproj]
C:\Program Files\dotnet\sdk\10.0.201\Microsoft.Common.CurrentVersion.targets(2451,5): warning MSB3277:             C:\Program Files\dotnet\packs\Microsoft.NETCore.App.Ref\8.0.25\ref/net8.0/System.Configuration.dll [C:\Users\ultra\warewolf\Dev\Dev2.Services.Execution.Tests\Dev2.Services.Execution.Tests.csproj]
C:\Program Files\dotnet\sdk\10.0.201\Microsoft.Common.CurrentVersion.targets(2451,5): warning MSB3277:             C:\Program Files\dotnet\packs\Microsoft.NETCore.App.Ref\8.0.25\ref/net8.0/System.Data.dll [C:\Users\ultra\warewolf\Dev\Dev2.Services.Execution.Tests\Dev2.Services.Execution.Tests.csproj]
C:\Program Files\dotnet\sdk\10.0.201\Microsoft.Common.CurrentVersion.targets(2451,5): warning MSB3277:             C:\Users\ultra\.nuget\packages\taskschedulereditor\2.10.1\lib\net452\Microsoft.Win32.TaskSchedulerEditor.dll [C:\Users\ultra\warewolf\Dev\Dev2.Services.Execution.Tests\Dev2.Services.Execution.Tests.csproj]
C:\Program Files\dotnet\sdk\10.0.201\Microsoft.Common.CurrentVersion.targets(2451,5): warning MSB3277:             C:\Program Files\dotnet\packs\Microsoft.NETCore.App.Ref\8.0.25\ref/net8.0/System.Drawing.dll [C:\Users\ultra\warewolf\Dev\Dev2.Services.Execution.Tests\Dev2.Services.Execution.Tests.csproj]
C:\Program Files\dotnet\sdk\10.0.201\Microsoft.Common.CurrentVersion.targets(2451,5): warning MSB3277:             C:\Users\ultra\.nuget\packages\aerowizard\2.3.1\lib\net45\AeroWizard.dll [C:\Users\ultra\warewolf\Dev\Dev2.Services.Execution.Tests\Dev2.Services.Execution.Tests.csproj]
C:\Program Files\dotnet\sdk\10.0.201\Microsoft.Common.CurrentVersion.targets(2451,5): warning MSB3277:             C:\Users\ultra\.nuget\packages\groupcontrols\1.9.0\lib\net45\GroupControls.dll [C:\Users\ultra\warewolf\Dev\Dev2.Services.Execution.Tests\Dev2.Services.Execution.Tests.csproj]
C:\Program Files\dotnet\sdk\10.0.201\Microsoft.Common.CurrentVersion.targets(2451,5): warning MSB3277:             C:\Program Files\dotnet\packs\Microsoft.NETCore.App.Ref\8.0.25\ref/net8.0/System.Net.dll [C:\Users\ultra\warewolf\Dev\Dev2.Services.Execution.Tests\Dev2.Services.Execution.Tests.csproj]
C:\Program Files\dotnet\sdk\10.0.201\Microsoft.Common.CurrentVersion.targets(2451,5): warning MSB3277:             C:\Program Files\dotnet\packs\Microsoft.NETCore.App.Ref\8.0.25\ref/net8.0/System.Security.dll [C:\Users\ultra\warewolf\Dev\Dev2.Services.Execution.Tests\Dev2.Services.Execution.Tests.csproj]
C:\Program Files\dotnet\sdk\10.0.201\Microsoft.Common.CurrentVersion.targets(2451,5): warning MSB3277:             C:\Program Files\dotnet\packs\Microsoft.NETCore.App.Ref\8.0.25\ref/net8.0/System.ServiceProcess.dll [C:\Users\ultra\warewolf\Dev\Dev2.Services.Execution.Tests\Dev2.Services.Execution.Tests.csproj]
C:\Program Files\dotnet\sdk\10.0.201\Microsoft.Common.CurrentVersion.targets(2451,5): warning MSB3277:             C:\Program Files\dotnet\packs\Microsoft.NETCore.App.Ref\8.0.25\ref/net8.0/System.Transactions.dll [C:\Users\ultra\warewolf\Dev\Dev2.Services.Execution.Tests\Dev2.Services.Execution.Tests.csproj]
C:\Program Files\dotnet\sdk\10.0.201\Microsoft.Common.CurrentVersion.targets(2451,5): warning MSB3277:             C:\Program Files\dotnet\packs\Microsoft.NETCore.App.Ref\8.0.25\ref/net8.0/System.dll [C:\Users\ultra\warewolf\Dev\Dev2.Services.Execution.Tests\Dev2.Services.Execution.Tests.csproj]
C:\Program Files\dotnet\sdk\10.0.201\Microsoft.Common.CurrentVersion.targets(2451,5): warning MSB3277:             C:\Users\ultra\.nuget\packages\reactiveui.wpf\18.4.1\lib\net462\ReactiveUI.Wpf.dll [C:\Users\ultra\warewolf\Dev\Dev2.Services.Execution.Tests\Dev2.Services.Execution.Tests.csproj]
C:\Program Files\dotnet\sdk\10.0.201\Microsoft.Common.CurrentVersion.targets(2451,5): warning MSB3277:             C:\Users\ultra\.nuget\packages\ttcue.netcore.sharepointonline.csom.16.1.8029.1200\16.1.8029.1200\lib\netcoreapp2.0\Microsoft.SharePoint.Client.Runtime.Windows.dll [C:\Users\ultra\warewolf\Dev\Dev2.Services.Execution.Tests\Dev2.Services.Execution.Tests.csproj]
C:\Program Files\dotnet\sdk\10.0.201\Microsoft.Common.CurrentVersion.targets(2451,5): warning MSB3277:             C:\Program Files\dotnet\packs\Microsoft.NETCore.App.Ref\8.0.25\ref/net8.0/WindowsBase.dll [C:\Users\ultra\warewolf\Dev\Dev2.Services.Execution.Tests\Dev2.Services.Execution.Tests.csproj]
C:\Program Files\dotnet\sdk\10.0.201\Microsoft.Common.CurrentVersion.targets(2451,5): warning MSB3277:             C:\Users\ultra\.nuget\packages\caliburn.micro\4.0.212\lib\netcoreapp3.1\Caliburn.Micro.Platform.dll [C:\Users\ultra\warewolf\Dev\Dev2.Services.Execution.Tests\Dev2.Services.Execution.Tests.csproj]
C:\Program Files\dotnet\sdk\10.0.201\Microsoft.Common.CurrentVersion.targets(2451,5): warning MSB3277:             C:\Users\ultra\.nuget\packages\microsoft.xaml.behaviors.wpf\1.1.19\lib\netcoreapp3.0\Microsoft.Xaml.Behaviors.dll [C:\Users\ultra\warewolf\Dev\Dev2.Services.Execution.Tests\Dev2.Services.Execution.Tests.csproj]
C:\Program Files\dotnet\sdk\10.0.201\Microsoft.Common.CurrentVersion.targets(2451,5): warning MSB3277:             C:\Program Files\dotnet\packs\Microsoft.NETCore.App.Ref\8.0.25\ref/net8.0/mscorlib.dll [C:\Users\ultra\warewolf\Dev\Dev2.Services.Execution.Tests\Dev2.Services.Execution.Tests.csproj]
C:\Program Files\dotnet\sdk\10.0.201\Microsoft.Common.CurrentVersion.targets(2451,5): warning MSB3277:             C:\Users\ultra\.nuget\packages\microsoft.codecoverage\17.13.0\lib\netcoreapp3.1\Microsoft.VisualStudio.CodeCoverage.Shim.dll [C:\Users\ultra\warewolf\Dev\Dev2.Services.Execution.Tests\Dev2.Services.Execution.Tests.csproj]
C:\Program Files\dotnet\sdk\10.0.201\Microsoft.Common.CurrentVersion.targets(2451,5): warning MSB3277:         C:\Program Files\dotnet\packs\Microsoft.NETCore.App.Ref\8.0.25\ref\net8.0\System.Drawing.dll [C:\Users\ultra\warewolf\Dev\Dev2.Services.Execution.Tests\Dev2.Services.Execution.Tests.csproj]
C:\Program Files\dotnet\sdk\10.0.201\Microsoft.Common.CurrentVersion.targets(2451,5): warning MSB3277:           Project file item includes which caused reference "C:\Program Files\dotnet\packs\Microsoft.NETCore.App.Ref\8.0.25\ref\net8.0\System.Drawing.dll". [C:\Users\ultra\warewolf\Dev\Dev2.Services.Execution.Tests\Dev2.Services.Execution.Tests.csproj]
C:\Program Files\dotnet\sdk\10.0.201\Microsoft.Common.CurrentVersion.targets(2451,5): warning MSB3277:             C:\Program Files\dotnet\packs\Microsoft.NETCore.App.Ref\8.0.25\ref/net8.0/System.Drawing.dll [C:\Users\ultra\warewolf\Dev\Dev2.Services.Execution.Tests\Dev2.Services.Execution.Tests.csproj]
C:\Program Files\dotnet\sdk\10.0.201\Microsoft.Common.CurrentVersion.targets(2451,5): warning MSB3277:             C:\Users\ultra\.nuget\packages\aerowizard\2.3.1\lib\net45\AeroWizard.dll [C:\Users\ultra\warewolf\Dev\Dev2.Services.Execution.Tests\Dev2.Services.Execution.Tests.csproj]
C:\Program Files\dotnet\sdk\10.0.201\Microsoft.Common.CurrentVersion.targets(2451,5): warning MSB3277:             C:\Users\ultra\.nuget\packages\groupcontrols\1.9.0\lib\net45\GroupControls.dll [C:\Users\ultra\warewolf\Dev\Dev2.Services.Execution.Tests\Dev2.Services.Execution.Tests.csproj]
C:\Program Files\dotnet\sdk\10.0.201\Microsoft.Common.CurrentVersion.targets(2451,5): warning MSB3277:             C:\Users\ultra\.nuget\packages\taskschedulereditor\2.10.1\lib\net452\Microsoft.Win32.TaskSchedulerEditor.dll [C:\Users\ultra\warewolf\Dev\Dev2.Services.Execution.Tests\Dev2.Services.Execution.Tests.csproj]
  Warewolf.Testing -> C:\Users\ultra\warewolf\Bin\ServerTests-Windows\
  Warewolf.Studio.Core -> C:\Users\ultra\warewolf\Bin\ServerTests-Windows\
C:\Program Files\dotnet\sdk\10.0.201\Microsoft.Common.CurrentVersion.targets(2451,5): warning MSB3277: Found conflicts between different versions of "Microsoft.Win32.SystemEvents" that could not be resolved. [C:\Users\ultra\warewolf\Dev\Warewolf.Core.Tests\Warewolf.Core.Tests.csproj]
C:\Program Files\dotnet\sdk\10.0.201\Microsoft.Common.CurrentVersion.targets(2451,5): warning MSB3277: There was a conflict between "Microsoft.Win32.SystemEvents, Version=6.0.0.0, Culture=neutral, PublicKeyToken=cc7b13ffcd2ddd51" and "Microsoft.Win32.SystemEvents, Version=7.0.0.0, Culture=neutral, PublicKeyToken=cc7b13ffcd2ddd51". [C:\Users\ultra\warewolf\Dev\Warewolf.Core.Tests\Warewolf.Core.Tests.csproj]
C:\Program Files\dotnet\sdk\10.0.201\Microsoft.Common.CurrentVersion.targets(2451,5): warning MSB3277:     "Microsoft.Win32.SystemEvents, Version=6.0.0.0, Culture=neutral, PublicKeyToken=cc7b13ffcd2ddd51" was chosen because it was primary and "Microsoft.Win32.SystemEvents, Version=7.0.0.0, Culture=neutral, PublicKeyToken=cc7b13ffcd2ddd51" was not. [C:\Users\ultra\warewolf\Dev\Warewolf.Core.Tests\Warewolf.Core.Tests.csproj]
C:\Program Files\dotnet\sdk\10.0.201\Microsoft.Common.CurrentVersion.targets(2451,5): warning MSB3277:     References which depend on "Microsoft.Win32.SystemEvents, Version=6.0.0.0, Culture=neutral, PublicKeyToken=cc7b13ffcd2ddd51" [C:\Users\ultra\.nuget\packages\microsoft.win32.systemevents\6.0.0\lib\net6.0\Microsoft.Win32.SystemEvents.dll]. [C:\Users\ultra\warewolf\Dev\Warewolf.Core.Tests\Warewolf.Core.Tests.csproj]
C:\Program Files\dotnet\sdk\10.0.201\Microsoft.Common.CurrentVersion.targets(2451,5): warning MSB3277:         C:\Users\ultra\.nuget\packages\microsoft.win32.systemevents\6.0.0\lib\net6.0\Microsoft.Win32.SystemEvents.dll [C:\Users\ultra\warewolf\Dev\Warewolf.Core.Tests\Warewolf.Core.Tests.csproj]
C:\Program Files\dotnet\sdk\10.0.201\Microsoft.Common.CurrentVersion.targets(2451,5): warning MSB3277:           Project file item includes which caused reference "C:\Users\ultra\.nuget\packages\microsoft.win32.systemevents\6.0.0\lib\net6.0\Microsoft.Win32.SystemEvents.dll". [C:\Users\ultra\warewolf\Dev\Warewolf.Core.Tests\Warewolf.Core.Tests.csproj]
C:\Program Files\dotnet\sdk\10.0.201\Microsoft.Common.CurrentVersion.targets(2451,5): warning MSB3277:             C:\Users\ultra\.nuget\packages\microsoft.win32.systemevents\6.0.0\lib\net6.0\Microsoft.Win32.SystemEvents.dll [C:\Users\ultra\warewolf\Dev\Warewolf.Core.Tests\Warewolf.Core.Tests.csproj]
C:\Program Files\dotnet\sdk\10.0.201\Microsoft.Common.CurrentVersion.targets(2451,5): warning MSB3277:     References which depend on or have been unified to "Microsoft.Win32.SystemEvents, Version=7.0.0.0, Culture=neutral, PublicKeyToken=cc7b13ffcd2ddd51" []. [C:\Users\ultra\warewolf\Dev\Warewolf.Core.Tests\Warewolf.Core.Tests.csproj]
C:\Program Files\dotnet\sdk\10.0.201\Microsoft.Common.CurrentVersion.targets(2451,5): warning MSB3277:         C:\Users\ultra\warewolf\Dev\Dev2.Common\bin\Debug\net8.0\Dev2.Common.dll [C:\Users\ultra\warewolf\Dev\Warewolf.Core.Tests\Warewolf.Core.Tests.csproj]
C:\Program Files\dotnet\sdk\10.0.201\Microsoft.Common.CurrentVersion.targets(2451,5): warning MSB3277:           Project file item includes which caused reference "C:\Users\ultra\warewolf\Dev\Dev2.Common\bin\Debug\net8.0\Dev2.Common.dll". [C:\Users\ultra\warewolf\Dev\Warewolf.Core.Tests\Warewolf.Core.Tests.csproj]
C:\Program Files\dotnet\sdk\10.0.201\Microsoft.Common.CurrentVersion.targets(2451,5): warning MSB3277:             C:\Users\ultra\warewolf\Dev\Dev2.Common\bin\Debug\net8.0\Dev2.Common.dll [C:\Users\ultra\warewolf\Dev\Warewolf.Core.Tests\Warewolf.Core.Tests.csproj]
C:\Program Files\dotnet\sdk\10.0.201\Microsoft.Common.CurrentVersion.targets(2451,5): warning MSB3277:             C:\Users\ultra\warewolf\Dev\Dev2.Infrastructure\bin\Debug\net8.0\Dev2.Infrastructure.dll [C:\Users\ultra\warewolf\Dev\Warewolf.Core.Tests\Warewolf.Core.Tests.csproj]
C:\Program Files\dotnet\sdk\10.0.201\Microsoft.Common.CurrentVersion.targets(2451,5): warning MSB3277:             C:\Users\ultra\warewolf\Dev\Warewolf.Core\bin\Debug\net8.0\Warewolf.Core.dll [C:\Users\ultra\warewolf\Dev\Warewolf.Core.Tests\Warewolf.Core.Tests.csproj]
C:\Program Files\dotnet\sdk\10.0.201\Microsoft.Common.CurrentVersion.targets(2451,5): warning MSB3277:             C:\Users\ultra\warewolf\Dev\Warewolf.Testing\bin\Debug\net8.0\Warewolf.Testing.dll [C:\Users\ultra\warewolf\Dev\Warewolf.Core.Tests\Warewolf.Core.Tests.csproj]
C:\Program Files\dotnet\sdk\10.0.201\Microsoft.Common.CurrentVersion.targets(2451,5): warning MSB3277:             C:\Users\ultra\warewolf\Dev\Dev2.Core\bin\Debug\net8.0\Dev2.Core.dll [C:\Users\ultra\warewolf\Dev\Warewolf.Core.Tests\Warewolf.Core.Tests.csproj]
C:\Program Files\dotnet\sdk\10.0.201\Microsoft.Common.CurrentVersion.targets(2451,5): warning MSB3277:             C:\Users\ultra\warewolf\Dev\Dev2.Data\bin\Debug\net8.0\Dev2.Data.dll [C:\Users\ultra\warewolf\Dev\Warewolf.Core.Tests\Warewolf.Core.Tests.csproj]
C:\Program Files\dotnet\sdk\10.0.201\Microsoft.Common.CurrentVersion.targets(2451,5): warning MSB3277:             C:\Users\ultra\warewolf\Dev\Dev2.Diagnostics\bin\Debug\net8.0\Dev2.Diagnostics.dll [C:\Users\ultra\warewolf\Dev\Warewolf.Core.Tests\Warewolf.Core.Tests.csproj]
C:\Program Files\dotnet\sdk\10.0.201\Microsoft.Common.CurrentVersion.targets(2451,5): warning MSB3277:             C:\Users\ultra\warewolf\Dev\Dev2.Runtime.Services\bin\Debug\net8.0\Dev2.Runtime.Services.dll [C:\Users\ultra\warewolf\Dev\Warewolf.Core.Tests\Warewolf.Core.Tests.csproj]
C:\Program Files\dotnet\sdk\10.0.201\Microsoft.Common.CurrentVersion.targets(2451,5): warning MSB3277:             C:\Users\ultra\warewolf\Dev\Dev2.Scheduler\bin\Debug\net8.0\Dev2.Scheduler.dll [C:\Users\ultra\warewolf\Dev\Warewolf.Core.Tests\Warewolf.Core.Tests.csproj]
C:\Program Files\dotnet\sdk\10.0.201\Microsoft.Common.CurrentVersion.targets(2451,5): warning MSB3277:             C:\Users\ultra\warewolf\Dev\Dev2.Services.Sql\bin\Debug\net8.0\Dev2.Services.Sql.dll [C:\Users\ultra\warewolf\Dev\Warewolf.Core.Tests\Warewolf.Core.Tests.csproj]
C:\Program Files\dotnet\sdk\10.0.201\Microsoft.Common.CurrentVersion.targets(2451,5): warning MSB3277:             C:\Users\ultra\warewolf\Dev\Dev2.Studio.Interfaces\bin\Debug\net8.0\Dev2.Studio.Interfaces.dll [C:\Users\ultra\warewolf\Dev\Warewolf.Core.Tests\Warewolf.Core.Tests.csproj]
C:\Program Files\dotnet\sdk\10.0.201\Microsoft.Common.CurrentVersion.targets(2451,5): warning MSB3277:             C:\Users\ultra\warewolf\Dev\Dev2.TaskScheduler.Wrappers\bin\Debug\net8.0\Dev2.TaskScheduler.Wrappers.dll [C:\Users\ultra\warewolf\Dev\Warewolf.Core.Tests\Warewolf.Core.Tests.csproj]
C:\Program Files\dotnet\sdk\10.0.201\Microsoft.Common.CurrentVersion.targets(2451,5): warning MSB3277:             C:\Users\ultra\warewolf\Dev\Dev2.Util\bin\Debug\net8.0\Dev2.Util.dll [C:\Users\ultra\warewolf\Dev\Warewolf.Core.Tests\Warewolf.Core.Tests.csproj]
C:\Program Files\dotnet\sdk\10.0.201\Microsoft.Common.CurrentVersion.targets(2451,5): warning MSB3277:             C:\Users\ultra\warewolf\Dev\Warewolf.AI.Harness\bin\Debug\net8.0\Warewolf.AI.Harness.dll [C:\Users\ultra\warewolf\Dev\Warewolf.Core.Tests\Warewolf.Core.Tests.csproj]
C:\Program Files\dotnet\sdk\10.0.201\Microsoft.Common.CurrentVersion.targets(2451,5): warning MSB3277:             C:\Users\ultra\warewolf\Dev\Warewolf.Auditing\bin\Debug\net8.0\Warewolf.Auditing.dll [C:\Users\ultra\warewolf\Dev\Warewolf.Core.Tests\Warewolf.Core.Tests.csproj]
C:\Program Files\dotnet\sdk\10.0.201\Microsoft.Common.CurrentVersion.targets(2451,5): warning MSB3277:             C:\Users\ultra\warewolf\Dev\Warewolf.Common.NetStandard20\bin\Debug\net8.0\Warewolf.Common.NetStandard20.dll [C:\Users\ultra\warewolf\Dev\Warewolf.Core.Tests\Warewolf.Core.Tests.csproj]
C:\Program Files\dotnet\sdk\10.0.201\Microsoft.Common.CurrentVersion.targets(2451,5): warning MSB3277:             C:\Users\ultra\warewolf\Dev\Warewolf.Driver.Serilog\bin\Debug\net8.0\Warewolf.Driver.Serilog.dll [C:\Users\ultra\warewolf\Dev\Warewolf.Core.Tests\Warewolf.Core.Tests.csproj]
C:\Program Files\dotnet\sdk\10.0.201\Microsoft.Common.CurrentVersion.targets(2451,5): warning MSB3277:             C:\Users\ultra\warewolf\Dev\Warewolf.ResourceManagement\bin\Debug\net8.0\Warewolf.ResourceManagement.dll [C:\Users\ultra\warewolf\Dev\Warewolf.Core.Tests\Warewolf.Core.Tests.csproj]
C:\Program Files\dotnet\sdk\10.0.201\Microsoft.Common.CurrentVersion.targets(2451,5): warning MSB3277:             C:\Users\ultra\warewolf\Dev\Warewolf.Sharepoint\bin\Debug\net8.0\Warewolf.Sharepoint.dll [C:\Users\ultra\warewolf\Dev\Warewolf.Core.Tests\Warewolf.Core.Tests.csproj]
C:\Program Files\dotnet\sdk\10.0.201\Microsoft.Common.CurrentVersion.targets(2451,5): warning MSB3277:             C:\Users\ultra\warewolf\Dev\Warewolf.Storage\bin\Debug\net8.0\Warewolf.Storage.dll [C:\Users\ultra\warewolf\Dev\Warewolf.Core.Tests\Warewolf.Core.Tests.csproj]
C:\Program Files\dotnet\sdk\10.0.201\Microsoft.Common.CurrentVersion.targets(2451,5): warning MSB3277:         C:\Users\ultra\.nuget\packages\timespan2\2.4.2\lib\netcoreapp3.1\TimeSpan2.dll [C:\Users\ultra\warewolf\Dev\Warewolf.Core.Tests\Warewolf.Core.Tests.csproj]
C:\Program Files\dotnet\sdk\10.0.201\Microsoft.Common.CurrentVersion.targets(2451,5): warning MSB3277:           Project file item includes which caused reference "C:\Users\ultra\.nuget\packages\timespan2\2.4.2\lib\netcoreapp3.1\TimeSpan2.dll". [C:\Users\ultra\warewolf\Dev\Warewolf.Core.Tests\Warewolf.Core.Tests.csproj]
C:\Program Files\dotnet\sdk\10.0.201\Microsoft.Common.CurrentVersion.targets(2451,5): warning MSB3277:             C:\Users\ultra\.nuget\packages\timespan2\2.4.2\lib\netcoreapp3.1\TimeSpan2.dll [C:\Users\ultra\warewolf\Dev\Warewolf.Core.Tests\Warewolf.Core.Tests.csproj]
C:\Program Files\dotnet\sdk\10.0.201\Microsoft.Common.CurrentVersion.targets(2451,5): warning MSB3277:             C:\Users\ultra\.nuget\packages\taskschedulereditor\2.10.1\lib\net452\Microsoft.Win32.TaskSchedulerEditor.dll [C:\Users\ultra\warewolf\Dev\Warewolf.Core.Tests\Warewolf.Core.Tests.csproj]
C:\Program Files\dotnet\sdk\10.0.201\Microsoft.Common.CurrentVersion.targets(2451,5): warning MSB3277:         C:\Program Files\dotnet\packs\Microsoft.NETCore.App.Ref\8.0.25\ref\net8.0\System.dll [C:\Users\ultra\warewolf\Dev\Warewolf.Core.Tests\Warewolf.Core.Tests.csproj]
C:\Program Files\dotnet\sdk\10.0.201\Microsoft.Common.CurrentVersion.targets(2451,5): warning MSB3277:           Project file item includes which caused reference "C:\Program Files\dotnet\packs\Microsoft.NETCore.App.Ref\8.0.25\ref\net8.0\System.dll". [C:\Users\ultra\warewolf\Dev\Warewolf.Core.Tests\Warewolf.Core.Tests.csproj]
C:\Program Files\dotnet\sdk\10.0.201\Microsoft.Common.CurrentVersion.targets(2451,5): warning MSB3277:             C:\Program Files\dotnet\packs\Microsoft.NETCore.App.Ref\8.0.25\ref/net8.0/System.dll [C:\Users\ultra\warewolf\Dev\Warewolf.Core.Tests\Warewolf.Core.Tests.csproj]
C:\Program Files\dotnet\sdk\10.0.201\Microsoft.Common.CurrentVersion.targets(2451,5): warning MSB3277:             C:\Users\ultra\.nuget\packages\aerowizard\2.3.1\lib\net45\AeroWizard.dll [C:\Users\ultra\warewolf\Dev\Warewolf.Core.Tests\Warewolf.Core.Tests.csproj]
C:\Program Files\dotnet\sdk\10.0.201\Microsoft.Common.CurrentVersion.targets(2451,5): warning MSB3277:             C:\Users\ultra\.nuget\packages\groupcontrols\1.9.0\lib\net45\GroupControls.dll [C:\Users\ultra\warewolf\Dev\Warewolf.Core.Tests\Warewolf.Core.Tests.csproj]
C:\Program Files\dotnet\sdk\10.0.201\Microsoft.Common.CurrentVersion.targets(2451,5): warning MSB3277:             C:\Users\ultra\.nuget\packages\microsoft.xaml.behaviors.wpf\1.1.122\lib\net462\Microsoft.Xaml.Behaviors.dll [C:\Users\ultra\warewolf\Dev\Warewolf.Core.Tests\Warewolf.Core.Tests.csproj]
C:\Program Files\dotnet\sdk\10.0.201\Microsoft.Common.CurrentVersion.targets(2451,5): warning MSB3277:             C:\Users\ultra\.nuget\packages\caliburn.micro\4.0.212\lib\netcoreapp3.1\Caliburn.Micro.Platform.dll [C:\Users\ultra\warewolf\Dev\Warewolf.Core.Tests\Warewolf.Core.Tests.csproj]
C:\Program Files\dotnet\sdk\10.0.201\Microsoft.Common.CurrentVersion.targets(2451,5): warning MSB3277:             C:\Users\ultra\.nuget\packages\prism.wpf\9.0.537\lib\net462\Prism.Wpf.dll [C:\Users\ultra\warewolf\Dev\Warewolf.Core.Tests\Warewolf.Core.Tests.csproj]
C:\Program Files\dotnet\sdk\10.0.201\Microsoft.Common.CurrentVersion.targets(2451,5): warning MSB3277:             C:\Users\ultra\.nuget\packages\reactiveui.wpf\18.4.1\lib\net462\ReactiveUI.Wpf.dll [C:\Users\ultra\warewolf\Dev\Warewolf.Core.Tests\Warewolf.Core.Tests.csproj]
C:\Program Files\dotnet\sdk\10.0.201\Microsoft.Common.CurrentVersion.targets(2451,5): warning MSB3277:             C:\Users\ultra\.nuget\packages\taskschedulereditor\2.10.1\lib\net452\Microsoft.Win32.TaskSchedulerEditor.dll [C:\Users\ultra\warewolf\Dev\Warewolf.Core.Tests\Warewolf.Core.Tests.csproj]
C:\Program Files\dotnet\sdk\10.0.201\Microsoft.Common.CurrentVersion.targets(2451,5): warning MSB3277:             C:\Users\ultra\.nuget\packages\ttcue.netcore.sharepointonline.csom.16.1.8029.1200\16.1.8029.1200\lib\netcoreapp2.0\Microsoft.SharePoint.Client.Runtime.Windows.dll [C:\Users\ultra\warewolf\Dev\Warewolf.Core.Tests\Warewolf.Core.Tests.csproj]
C:\Program Files\dotnet\sdk\10.0.201\Microsoft.Common.CurrentVersion.targets(2451,5): warning MSB3277:         C:\Users\ultra\warewolf\Dev\Binaries\Infragistcs_Net6\InfragisticsWPF4.v15.1.dll [C:\Users\ultra\warewolf\Dev\Warewolf.Core.Tests\Warewolf.Core.Tests.csproj]
C:\Program Files\dotnet\sdk\10.0.201\Microsoft.Common.CurrentVersion.targets(2451,5): warning MSB3277:           Project file item includes which caused reference "C:\Users\ultra\warewolf\Dev\Binaries\Infragistcs_Net6\InfragisticsWPF4.v15.1.dll". [C:\Users\ultra\warewolf\Dev\Warewolf.Core.Tests\Warewolf.Core.Tests.csproj]
C:\Program Files\dotnet\sdk\10.0.201\Microsoft.Common.CurrentVersion.targets(2451,5): warning MSB3277:             Infragistics.Calculations [C:\Users\ultra\warewolf\Dev\Warewolf.Core.Tests\Warewolf.Core.Tests.csproj]
C:\Program Files\dotnet\sdk\10.0.201\Microsoft.Common.CurrentVersion.targets(2451,5): warning MSB3277: Found conflicts between different versions of "WindowsBase" that could not be resolved. [C:\Users\ultra\warewolf\Dev\Warewolf.Core.Tests\Warewolf.Core.Tests.csproj]
C:\Program Files\dotnet\sdk\10.0.201\Microsoft.Common.CurrentVersion.targets(2451,5): warning MSB3277: There was a conflict between "WindowsBase, Version=4.0.0.0, Culture=neutral, PublicKeyToken=31bf3856ad364e35" and "WindowsBase, Version=6.0.2.0, Culture=neutral, PublicKeyToken=31bf3856ad364e35". [C:\Users\ultra\warewolf\Dev\Warewolf.Core.Tests\Warewolf.Core.Tests.csproj]
C:\Program Files\dotnet\sdk\10.0.201\Microsoft.Common.CurrentVersion.targets(2451,5): warning MSB3277:     "WindowsBase, Version=4.0.0.0, Culture=neutral, PublicKeyToken=31bf3856ad364e35" was chosen because it was primary and "WindowsBase, Version=6.0.2.0, Culture=neutral, PublicKeyToken=31bf3856ad364e35" was not. [C:\Users\ultra\warewolf\Dev\Warewolf.Core.Tests\Warewolf.Core.Tests.csproj]
C:\Program Files\dotnet\sdk\10.0.201\Microsoft.Common.CurrentVersion.targets(2451,5): warning MSB3277:     References which depend on "WindowsBase, Version=4.0.0.0, Culture=neutral, PublicKeyToken=31bf3856ad364e35" [C:\Program Files\dotnet\packs\Microsoft.NETCore.App.Ref\8.0.25\ref\net8.0\WindowsBase.dll]. [C:\Users\ultra\warewolf\Dev\Warewolf.Core.Tests\Warewolf.Core.Tests.csproj]
C:\Program Files\dotnet\sdk\10.0.201\Microsoft.Common.CurrentVersion.targets(2451,5): warning MSB3277:         C:\Program Files\dotnet\packs\Microsoft.NETCore.App.Ref\8.0.25\ref\net8.0\WindowsBase.dll [C:\Users\ultra\warewolf\Dev\Warewolf.Core.Tests\Warewolf.Core.Tests.csproj]
C:\Program Files\dotnet\sdk\10.0.201\Microsoft.Common.CurrentVersion.targets(2451,5): warning MSB3277:           Project file item includes which caused reference "C:\Program Files\dotnet\packs\Microsoft.NETCore.App.Ref\8.0.25\ref\net8.0\WindowsBase.dll". [C:\Users\ultra\warewolf\Dev\Warewolf.Core.Tests\Warewolf.Core.Tests.csproj]
C:\Program Files\dotnet\sdk\10.0.201\Microsoft.Common.CurrentVersion.targets(2451,5): warning MSB3277:             C:\Program Files\dotnet\packs\Microsoft.NETCore.App.Ref\8.0.25\ref/net8.0/WindowsBase.dll [C:\Users\ultra\warewolf\Dev\Warewolf.Core.Tests\Warewolf.Core.Tests.csproj]
C:\Program Files\dotnet\sdk\10.0.201\Microsoft.Common.CurrentVersion.targets(2451,5): warning MSB3277:     References which depend on or have been unified to "WindowsBase, Version=6.0.2.0, Culture=neutral, PublicKeyToken=31bf3856ad364e35" []. [C:\Users\ultra\warewolf\Dev\Warewolf.Core.Tests\Warewolf.Core.Tests.csproj]
C:\Program Files\dotnet\sdk\10.0.201\Microsoft.Common.CurrentVersion.targets(2451,5): warning MSB3277:         C:\Users\ultra\warewolf\Dev\Binaries\Infragistcs_Net6\Infragistics.Calculations.dll [C:\Users\ultra\warewolf\Dev\Warewolf.Core.Tests\Warewolf.Core.Tests.csproj]
C:\Program Files\dotnet\sdk\10.0.201\Microsoft.Common.CurrentVersion.targets(2451,5): warning MSB3277:           Project file item includes which caused reference "C:\Users\ultra\warewolf\Dev\Binaries\Infragistcs_Net6\Infragistics.Calculations.dll". [C:\Users\ultra\warewolf\Dev\Warewolf.Core.Tests\Warewolf.Core.Tests.csproj]
C:\Program Files\dotnet\sdk\10.0.201\Microsoft.Common.CurrentVersion.targets(2451,5): warning MSB3277:             Infragistics.Calculations [C:\Users\ultra\warewolf\Dev\Warewolf.Core.Tests\Warewolf.Core.Tests.csproj]
C:\Program Files\dotnet\sdk\10.0.201\Microsoft.Common.CurrentVersion.targets(2451,5): warning MSB3277:         C:\Users\ultra\.nuget\packages\caliburn.micro\4.0.212\lib\netcoreapp3.1\Caliburn.Micro.Platform.dll [C:\Users\ultra\warewolf\Dev\Warewolf.Core.Tests\Warewolf.Core.Tests.csproj]
C:\Program Files\dotnet\sdk\10.0.201\Microsoft.Common.CurrentVersion.targets(2451,5): warning MSB3277:           Project file item includes which caused reference "C:\Users\ultra\.nuget\packages\caliburn.micro\4.0.212\lib\netcoreapp3.1\Caliburn.Micro.Platform.dll". [C:\Users\ultra\warewolf\Dev\Warewolf.Core.Tests\Warewolf.Core.Tests.csproj]
C:\Program Files\dotnet\sdk\10.0.201\Microsoft.Common.CurrentVersion.targets(2451,5): warning MSB3277:             C:\Users\ultra\.nuget\packages\caliburn.micro\4.0.212\lib\netcoreapp3.1\Caliburn.Micro.Platform.dll [C:\Users\ultra\warewolf\Dev\Warewolf.Core.Tests\Warewolf.Core.Tests.csproj]
C:\Program Files\dotnet\sdk\10.0.201\Microsoft.Common.CurrentVersion.targets(2451,5): warning MSB3277:         C:\Users\ultra\.nuget\packages\microsoft.xaml.behaviors.wpf\1.1.122\lib\net462\Microsoft.Xaml.Behaviors.dll [C:\Users\ultra\warewolf\Dev\Warewolf.Core.Tests\Warewolf.Core.Tests.csproj]
C:\Program Files\dotnet\sdk\10.0.201\Microsoft.Common.CurrentVersion.targets(2451,5): warning MSB3277:           Project file item includes which caused reference "C:\Users\ultra\.nuget\packages\microsoft.xaml.behaviors.wpf\1.1.122\lib\net462\Microsoft.Xaml.Behaviors.dll". [C:\Users\ultra\warewolf\Dev\Warewolf.Core.Tests\Warewolf.Core.Tests.csproj]
C:\Program Files\dotnet\sdk\10.0.201\Microsoft.Common.CurrentVersion.targets(2451,5): warning MSB3277:             C:\Users\ultra\.nuget\packages\microsoft.xaml.behaviors.wpf\1.1.122\lib\net462\Microsoft.Xaml.Behaviors.dll [C:\Users\ultra\warewolf\Dev\Warewolf.Core.Tests\Warewolf.Core.Tests.csproj]
C:\Program Files\dotnet\sdk\10.0.201\Microsoft.Common.CurrentVersion.targets(2451,5): warning MSB3277:             C:\Users\ultra\.nuget\packages\caliburn.micro\4.0.212\lib\netcoreapp3.1\Caliburn.Micro.Platform.dll [C:\Users\ultra\warewolf\Dev\Warewolf.Core.Tests\Warewolf.Core.Tests.csproj]
C:\Program Files\dotnet\sdk\10.0.201\Microsoft.Common.CurrentVersion.targets(2451,5): warning MSB3277:             C:\Users\ultra\.nuget\packages\prism.wpf\9.0.537\lib\net462\Prism.Wpf.dll [C:\Users\ultra\warewolf\Dev\Warewolf.Core.Tests\Warewolf.Core.Tests.csproj]
C:\Program Files\dotnet\sdk\10.0.201\Microsoft.Common.CurrentVersion.targets(2451,5): warning MSB3277:         C:\Users\ultra\.nuget\packages\prism.wpf\9.0.537\lib\net462\Prism.Wpf.dll [C:\Users\ultra\warewolf\Dev\Warewolf.Core.Tests\Warewolf.Core.Tests.csproj]
C:\Program Files\dotnet\sdk\10.0.201\Microsoft.Common.CurrentVersion.targets(2451,5): warning MSB3277:           Project file item includes which caused reference "C:\Users\ultra\.nuget\packages\prism.wpf\9.0.537\lib\net462\Prism.Wpf.dll". [C:\Users\ultra\warewolf\Dev\Warewolf.Core.Tests\Warewolf.Core.Tests.csproj]
C:\Program Files\dotnet\sdk\10.0.201\Microsoft.Common.CurrentVersion.targets(2451,5): warning MSB3277:             C:\Users\ultra\.nuget\packages\prism.wpf\9.0.537\lib\net462\Prism.Wpf.dll [C:\Users\ultra\warewolf\Dev\Warewolf.Core.Tests\Warewolf.Core.Tests.csproj]
C:\Program Files\dotnet\sdk\10.0.201\Microsoft.Common.CurrentVersion.targets(2451,5): warning MSB3277:         C:\Users\ultra\.nuget\packages\reactiveui.wpf\18.4.1\lib\net462\ReactiveUI.Wpf.dll [C:\Users\ultra\warewolf\Dev\Warewolf.Core.Tests\Warewolf.Core.Tests.csproj]
C:\Program Files\dotnet\sdk\10.0.201\Microsoft.Common.CurrentVersion.targets(2451,5): warning MSB3277:           Project file item includes which caused reference "C:\Users\ultra\.nuget\packages\reactiveui.wpf\18.4.1\lib\net462\ReactiveUI.Wpf.dll". [C:\Users\ultra\warewolf\Dev\Warewolf.Core.Tests\Warewolf.Core.Tests.csproj]
C:\Program Files\dotnet\sdk\10.0.201\Microsoft.Common.CurrentVersion.targets(2451,5): warning MSB3277:             C:\Users\ultra\.nuget\packages\reactiveui.wpf\18.4.1\lib\net462\ReactiveUI.Wpf.dll [C:\Users\ultra\warewolf\Dev\Warewolf.Core.Tests\Warewolf.Core.Tests.csproj]
C:\Program Files\dotnet\sdk\10.0.201\Microsoft.Common.CurrentVersion.targets(2451,5): warning MSB3277:         C:\Users\ultra\warewolf\Dev\Binaries\Infragistcs_Net6\InfragisticsWPF4.v15.1.dll [C:\Users\ultra\warewolf\Dev\Warewolf.Core.Tests\Warewolf.Core.Tests.csproj]
C:\Program Files\dotnet\sdk\10.0.201\Microsoft.Common.CurrentVersion.targets(2451,5): warning MSB3277:           Project file item includes which caused reference "C:\Users\ultra\warewolf\Dev\Binaries\Infragistcs_Net6\InfragisticsWPF4.v15.1.dll". [C:\Users\ultra\warewolf\Dev\Warewolf.Core.Tests\Warewolf.Core.Tests.csproj]
C:\Program Files\dotnet\sdk\10.0.201\Microsoft.Common.CurrentVersion.targets(2451,5): warning MSB3277:             Infragistics.Calculations [C:\Users\ultra\warewolf\Dev\Warewolf.Core.Tests\Warewolf.Core.Tests.csproj]
C:\Program Files\dotnet\sdk\10.0.201\Microsoft.Common.CurrentVersion.targets(2451,5): warning MSB3277: Found conflicts between different versions of "System.Drawing.Common" that could not be resolved. [C:\Users\ultra\warewolf\Dev\Warewolf.Core.Tests\Warewolf.Core.Tests.csproj]
C:\Program Files\dotnet\sdk\10.0.201\Microsoft.Common.CurrentVersion.targets(2451,5): warning MSB3277: There was a conflict between "System.Drawing.Common, Version=6.0.0.0, Culture=neutral, PublicKeyToken=cc7b13ffcd2ddd51" and "System.Drawing.Common, Version=8.0.0.0, Culture=neutral, PublicKeyToken=cc7b13ffcd2ddd51". [C:\Users\ultra\warewolf\Dev\Warewolf.Core.Tests\Warewolf.Core.Tests.csproj]
C:\Program Files\dotnet\sdk\10.0.201\Microsoft.Common.CurrentVersion.targets(2451,5): warning MSB3277:     "System.Drawing.Common, Version=6.0.0.0, Culture=neutral, PublicKeyToken=cc7b13ffcd2ddd51" was chosen because it was primary and "System.Drawing.Common, Version=8.0.0.0, Culture=neutral, PublicKeyToken=cc7b13ffcd2ddd51" was not. [C:\Users\ultra\warewolf\Dev\Warewolf.Core.Tests\Warewolf.Core.Tests.csproj]
C:\Program Files\dotnet\sdk\10.0.201\Microsoft.Common.CurrentVersion.targets(2451,5): warning MSB3277:     References which depend on "System.Drawing.Common, Version=6.0.0.0, Culture=neutral, PublicKeyToken=cc7b13ffcd2ddd51" [C:\Users\ultra\.nuget\packages\system.drawing.common\6.0.0\lib\net6.0\System.Drawing.Common.dll]. [C:\Users\ultra\warewolf\Dev\Warewolf.Core.Tests\Warewolf.Core.Tests.csproj]
C:\Program Files\dotnet\sdk\10.0.201\Microsoft.Common.CurrentVersion.targets(2451,5): warning MSB3277:         C:\Users\ultra\.nuget\packages\system.drawing.common\6.0.0\lib\net6.0\System.Drawing.Common.dll [C:\Users\ultra\warewolf\Dev\Warewolf.Core.Tests\Warewolf.Core.Tests.csproj]
C:\Program Files\dotnet\sdk\10.0.201\Microsoft.Common.CurrentVersion.targets(2451,5): warning MSB3277:           Project file item includes which caused reference "C:\Users\ultra\.nuget\packages\system.drawing.common\6.0.0\lib\net6.0\System.Drawing.Common.dll". [C:\Users\ultra\warewolf\Dev\Warewolf.Core.Tests\Warewolf.Core.Tests.csproj]
C:\Program Files\dotnet\sdk\10.0.201\Microsoft.Common.CurrentVersion.targets(2451,5): warning MSB3277:             C:\Users\ultra\.nuget\packages\system.drawing.common\6.0.0\lib\net6.0\System.Drawing.Common.dll [C:\Users\ultra\warewolf\Dev\Warewolf.Core.Tests\Warewolf.Core.Tests.csproj]
C:\Program Files\dotnet\sdk\10.0.201\Microsoft.Common.CurrentVersion.targets(2451,5): warning MSB3277:     References which depend on or have been unified to "System.Drawing.Common, Version=8.0.0.0, Culture=neutral, PublicKeyToken=cc7b13ffcd2ddd51" []. [C:\Users\ultra\warewolf\Dev\Warewolf.Core.Tests\Warewolf.Core.Tests.csproj]
C:\Program Files\dotnet\sdk\10.0.201\Microsoft.Common.CurrentVersion.targets(2451,5): warning MSB3277:         C:\Users\ultra\.nuget\packages\servicestack\6.3.0\lib\net6.0\ServiceStack.dll [C:\Users\ultra\warewolf\Dev\Warewolf.Core.Tests\Warewolf.Core.Tests.csproj]
C:\Program Files\dotnet\sdk\10.0.201\Microsoft.Common.CurrentVersion.targets(2451,5): warning MSB3277:           Project file item includes which caused reference "C:\Users\ultra\.nuget\packages\servicestack\6.3.0\lib\net6.0\ServiceStack.dll". [C:\Users\ultra\warewolf\Dev\Warewolf.Core.Tests\Warewolf.Core.Tests.csproj]
C:\Program Files\dotnet\sdk\10.0.201\Microsoft.Common.CurrentVersion.targets(2451,5): warning MSB3277:             C:\Users\ultra\.nuget\packages\servicestack\6.3.0\lib\net6.0\ServiceStack.dll [C:\Users\ultra\warewolf\Dev\Warewolf.Core.Tests\Warewolf.Core.Tests.csproj]
C:\Program Files\dotnet\sdk\10.0.201\Microsoft.Common.CurrentVersion.targets(2451,5): warning MSB3277:         C:\Users\ultra\.nuget\packages\system.windows.extensions\8.0.0\lib\net8.0\System.Windows.Extensions.dll [C:\Users\ultra\warewolf\Dev\Warewolf.Core.Tests\Warewolf.Core.Tests.csproj]
C:\Program Files\dotnet\sdk\10.0.201\Microsoft.Common.CurrentVersion.targets(2451,5): warning MSB3277:           Project file item includes which caused reference "C:\Users\ultra\.nuget\packages\system.windows.extensions\8.0.0\lib\net8.0\System.Windows.Extensions.dll". [C:\Users\ultra\warewolf\Dev\Warewolf.Core.Tests\Warewolf.Core.Tests.csproj]
C:\Program Files\dotnet\sdk\10.0.201\Microsoft.Common.CurrentVersion.targets(2451,5): warning MSB3277:             C:\Users\ultra\.nuget\packages\system.windows.extensions\8.0.0\lib\net8.0\System.Windows.Extensions.dll [C:\Users\ultra\warewolf\Dev\Warewolf.Core.Tests\Warewolf.Core.Tests.csproj]
C:\Program Files\dotnet\sdk\10.0.201\Microsoft.Common.CurrentVersion.targets(2451,5): warning MSB3277:             C:\Users\ultra\.nuget\packages\system.security.permissions\8.0.0\lib\net8.0\System.Security.Permissions.dll [C:\Users\ultra\warewolf\Dev\Warewolf.Core.Tests\Warewolf.Core.Tests.csproj]
C:\Program Files\dotnet\sdk\10.0.201\Microsoft.Common.CurrentVersion.targets(2451,5): warning MSB3277:             C:\Users\ultra\warewolf\Dev\Dev2.Data\bin\Debug\net8.0\Dev2.Data.dll [C:\Users\ultra\warewolf\Dev\Warewolf.Core.Tests\Warewolf.Core.Tests.csproj]
C:\Program Files\dotnet\sdk\10.0.201\Microsoft.Common.CurrentVersion.targets(2451,5): warning MSB3277:             C:\Users\ultra\warewolf\Dev\Warewolf.Core\bin\Debug\net8.0\Warewolf.Core.dll [C:\Users\ultra\warewolf\Dev\Warewolf.Core.Tests\Warewolf.Core.Tests.csproj]
C:\Program Files\dotnet\sdk\10.0.201\Microsoft.Common.CurrentVersion.targets(2451,5): warning MSB3277:             C:\Users\ultra\warewolf\Dev\Warewolf.Testing\bin\Debug\net8.0\Warewolf.Testing.dll [C:\Users\ultra\warewolf\Dev\Warewolf.Core.Tests\Warewolf.Core.Tests.csproj]
C:\Program Files\dotnet\sdk\10.0.201\Microsoft.Common.CurrentVersion.targets(2451,5): warning MSB3277:             C:\Users\ultra\warewolf\Dev\Dev2.Core\bin\Debug\net8.0\Dev2.Core.dll [C:\Users\ultra\warewolf\Dev\Warewolf.Core.Tests\Warewolf.Core.Tests.csproj]
C:\Program Files\dotnet\sdk\10.0.201\Microsoft.Common.CurrentVersion.targets(2451,5): warning MSB3277:             C:\Users\ultra\warewolf\Dev\Dev2.Runtime.Services\bin\Debug\net8.0\Dev2.Runtime.Services.dll [C:\Users\ultra\warewolf\Dev\Warewolf.Core.Tests\Warewolf.Core.Tests.csproj]
C:\Program Files\dotnet\sdk\10.0.201\Microsoft.Common.CurrentVersion.targets(2451,5): warning MSB3277:             C:\Users\ultra\warewolf\Dev\Dev2.Scheduler\bin\Debug\net8.0\Dev2.Scheduler.dll [C:\Users\ultra\warewolf\Dev\Warewolf.Core.Tests\Warewolf.Core.Tests.csproj]
C:\Program Files\dotnet\sdk\10.0.201\Microsoft.Common.CurrentVersion.targets(2451,5): warning MSB3277:             C:\Users\ultra\warewolf\Dev\Dev2.Studio.Interfaces\bin\Debug\net8.0\Dev2.Studio.Interfaces.dll [C:\Users\ultra\warewolf\Dev\Warewolf.Core.Tests\Warewolf.Core.Tests.csproj]
C:\Program Files\dotnet\sdk\10.0.201\Microsoft.Common.CurrentVersion.targets(2451,5): warning MSB3277:             C:\Users\ultra\warewolf\Dev\Warewolf.Auditing\bin\Debug\net8.0\Warewolf.Auditing.dll [C:\Users\ultra\warewolf\Dev\Warewolf.Core.Tests\Warewolf.Core.Tests.csproj]
C:\Program Files\dotnet\sdk\10.0.201\Microsoft.Common.CurrentVersion.targets(2451,5): warning MSB3277:             C:\Users\ultra\warewolf\Dev\Warewolf.Common.NetStandard20\bin\Debug\net8.0\Warewolf.Common.NetStandard20.dll [C:\Users\ultra\warewolf\Dev\Warewolf.Core.Tests\Warewolf.Core.Tests.csproj]
C:\Program Files\dotnet\sdk\10.0.201\Microsoft.Common.CurrentVersion.targets(2451,5): warning MSB3277:             C:\Users\ultra\warewolf\Dev\Warewolf.ResourceManagement\bin\Debug\net8.0\Warewolf.ResourceManagement.dll [C:\Users\ultra\warewolf\Dev\Warewolf.Core.Tests\Warewolf.Core.Tests.csproj]
C:\Program Files\dotnet\sdk\10.0.201\Microsoft.Common.CurrentVersion.targets(2451,5): warning MSB3277:             C:\Users\ultra\.nuget\packages\dotnetzip\1.16.0\lib\netstandard2.0\DotNetZip.dll [C:\Users\ultra\warewolf\Dev\Warewolf.Core.Tests\Warewolf.Core.Tests.csproj]
C:\Program Files\dotnet\sdk\10.0.201\Microsoft.Common.CurrentVersion.targets(2451,5): warning MSB3277:             C:\Users\ultra\warewolf\Dev\Dev2.Common\bin\Debug\net8.0\Dev2.Common.dll [C:\Users\ultra\warewolf\Dev\Warewolf.Core.Tests\Warewolf.Core.Tests.csproj]
C:\Program Files\dotnet\sdk\10.0.201\Microsoft.Common.CurrentVersion.targets(2451,5): warning MSB3277:             C:\Users\ultra\warewolf\Dev\Dev2.Infrastructure\bin\Debug\net8.0\Dev2.Infrastructure.dll [C:\Users\ultra\warewolf\Dev\Warewolf.Core.Tests\Warewolf.Core.Tests.csproj]
C:\Program Files\dotnet\sdk\10.0.201\Microsoft.Common.CurrentVersion.targets(2451,5): warning MSB3277:             C:\Users\ultra\warewolf\Dev\Dev2.Data.Interfaces\bin\Debug\net8.0\Dev2.Data.Interfaces.dll [C:\Users\ultra\warewolf\Dev\Warewolf.Core.Tests\Warewolf.Core.Tests.csproj]
C:\Program Files\dotnet\sdk\10.0.201\Microsoft.Common.CurrentVersion.targets(2451,5): warning MSB3277:             C:\Users\ultra\warewolf\Dev\Dev2.Diagnostics\bin\Debug\net8.0\Dev2.Diagnostics.dll [C:\Users\ultra\warewolf\Dev\Warewolf.Core.Tests\Warewolf.Core.Tests.csproj]
C:\Program Files\dotnet\sdk\10.0.201\Microsoft.Common.CurrentVersion.targets(2451,5): warning MSB3277:             C:\Users\ultra\warewolf\Dev\Dev2.Services.Sql\bin\Debug\net8.0\Dev2.Services.Sql.dll [C:\Users\ultra\warewolf\Dev\Warewolf.Core.Tests\Warewolf.Core.Tests.csproj]
C:\Program Files\dotnet\sdk\10.0.201\Microsoft.Common.CurrentVersion.targets(2451,5): warning MSB3277:             C:\Users\ultra\warewolf\Dev\Dev2.TaskScheduler.Wrappers\bin\Debug\net8.0\Dev2.TaskScheduler.Wrappers.dll [C:\Users\ultra\warewolf\Dev\Warewolf.Core.Tests\Warewolf.Core.Tests.csproj]
C:\Program Files\dotnet\sdk\10.0.201\Microsoft.Common.CurrentVersion.targets(2451,5): warning MSB3277:             C:\Users\ultra\warewolf\Dev\Dev2.Util\bin\Debug\net8.0\Dev2.Util.dll [C:\Users\ultra\warewolf\Dev\Warewolf.Core.Tests\Warewolf.Core.Tests.csproj]
C:\Program Files\dotnet\sdk\10.0.201\Microsoft.Common.CurrentVersion.targets(2451,5): warning MSB3277:             C:\Users\ultra\warewolf\Dev\Warewolf.AI.Harness\bin\Debug\net8.0\Warewolf.AI.Harness.dll [C:\Users\ultra\warewolf\Dev\Warewolf.Core.Tests\Warewolf.Core.Tests.csproj]
C:\Program Files\dotnet\sdk\10.0.201\Microsoft.Common.CurrentVersion.targets(2451,5): warning MSB3277:             C:\Users\ultra\warewolf\Dev\Warewolf.Driver.Serilog\bin\Debug\net8.0\Warewolf.Driver.Serilog.dll [C:\Users\ultra\warewolf\Dev\Warewolf.Core.Tests\Warewolf.Core.Tests.csproj]
C:\Program Files\dotnet\sdk\10.0.201\Microsoft.Common.CurrentVersion.targets(2451,5): warning MSB3277:             C:\Users\ultra\warewolf\Dev\Warewolf.Sharepoint\bin\Debug\net8.0\Warewolf.Sharepoint.dll [C:\Users\ultra\warewolf\Dev\Warewolf.Core.Tests\Warewolf.Core.Tests.csproj]
C:\Program Files\dotnet\sdk\10.0.201\Microsoft.Common.CurrentVersion.targets(2451,5): warning MSB3277:             C:\Users\ultra\warewolf\Dev\Warewolf.Storage\bin\Debug\net8.0\Warewolf.Storage.dll [C:\Users\ultra\warewolf\Dev\Warewolf.Core.Tests\Warewolf.Core.Tests.csproj]
C:\Program Files\dotnet\sdk\10.0.201\Microsoft.Common.CurrentVersion.targets(2451,5): warning MSB3277:             C:\Users\ultra\.nuget\packages\mindbox.data.linq\5.0.0\lib\netstandard2.0\Mindbox.Data.Linq.dll [C:\Users\ultra\warewolf\Dev\Warewolf.Core.Tests\Warewolf.Core.Tests.csproj]
C:\Program Files\dotnet\sdk\10.0.201\Microsoft.Common.CurrentVersion.targets(2451,5): warning MSB3277:             C:\Users\ultra\.nuget\packages\mysql.data\8.4.0\lib\net8.0\MySql.Data.dll [C:\Users\ultra\warewolf\Dev\Warewolf.Core.Tests\Warewolf.Core.Tests.csproj]
C:\Program Files\dotnet\sdk\10.0.201\Microsoft.Common.CurrentVersion.targets(2451,5): warning MSB3277:             C:\Users\ultra\.nuget\packages\oracle.manageddataaccess.core\3.21.70\lib\netstandard2.1\Oracle.ManagedDataAccess.dll [C:\Users\ultra\warewolf\Dev\Warewolf.Core.Tests\Warewolf.Core.Tests.csproj]
C:\Program Files\dotnet\sdk\10.0.201\Microsoft.Common.CurrentVersion.targets(2451,5): warning MSB3277:             C:\Users\ultra\.nuget\packages\system.directoryservices\6.0.0\lib\net6.0\System.DirectoryServices.dll [C:\Users\ultra\warewolf\Dev\Warewolf.Core.Tests\Warewolf.Core.Tests.csproj]
C:\Program Files\dotnet\sdk\10.0.201\Microsoft.Common.CurrentVersion.targets(2451,5): warning MSB3277:             C:\Users\ultra\.nuget\packages\corewcf.primitives\1.2.1\lib\netstandard2.0\CoreWCF.Primitives.dll [C:\Users\ultra\warewolf\Dev\Warewolf.Core.Tests\Warewolf.Core.Tests.csproj]
C:\Program Files\dotnet\sdk\10.0.201\Microsoft.Common.CurrentVersion.targets(2451,5): warning MSB3277:             C:\Users\ultra\.nuget\packages\corewcf.http\1.2.1\lib\netstandard2.0\CoreWCF.Http.dll [C:\Users\ultra\warewolf\Dev\Warewolf.Core.Tests\Warewolf.Core.Tests.csproj]
C:\Program Files\dotnet\sdk\10.0.201\Microsoft.Common.CurrentVersion.targets(2451,5): warning MSB3277:             C:\Users\ultra\.nuget\packages\corewcf.nettcp\1.2.1\lib\netstandard2.0\CoreWCF.NetTcp.dll [C:\Users\ultra\warewolf\Dev\Warewolf.Core.Tests\Warewolf.Core.Tests.csproj]
C:\Program Files\dotnet\sdk\10.0.201\Microsoft.Common.CurrentVersion.targets(2451,5): warning MSB3277:             C:\Users\ultra\.nuget\packages\corewcf.webhttp\1.2.1\lib\netstandard2.0\CoreWCF.WebHttp.dll [C:\Users\ultra\warewolf\Dev\Warewolf.Core.Tests\Warewolf.Core.Tests.csproj]
C:\Program Files\dotnet\sdk\10.0.201\Microsoft.Common.CurrentVersion.targets(2451,5): warning MSB3277:             C:\Program Files\dotnet\packs\Microsoft.NETCore.App.Ref\8.0.25\ref/net8.0/System.Configuration.dll [C:\Users\ultra\warewolf\Dev\Warewolf.Core.Tests\Warewolf.Core.Tests.csproj]
C:\Program Files\dotnet\sdk\10.0.201\Microsoft.Common.CurrentVersion.targets(2451,5): warning MSB3277:             C:\Users\ultra\.nuget\packages\prism.wpf\9.0.537\lib\net462\Prism.Wpf.dll [C:\Users\ultra\warewolf\Dev\Warewolf.Core.Tests\Warewolf.Core.Tests.csproj]
C:\Program Files\dotnet\sdk\10.0.201\Microsoft.Common.CurrentVersion.targets(2451,5): warning MSB3277:             C:\Program Files\dotnet\packs\Microsoft.NETCore.App.Ref\8.0.25\ref/net8.0/System.Data.dll [C:\Users\ultra\warewolf\Dev\Warewolf.Core.Tests\Warewolf.Core.Tests.csproj]
C:\Program Files\dotnet\sdk\10.0.201\Microsoft.Common.CurrentVersion.targets(2451,5): warning MSB3277:             C:\Users\ultra\.nuget\packages\taskschedulereditor\2.10.1\lib\net452\Microsoft.Win32.TaskSchedulerEditor.dll [C:\Users\ultra\warewolf\Dev\Warewolf.Core.Tests\Warewolf.Core.Tests.csproj]
C:\Program Files\dotnet\sdk\10.0.201\Microsoft.Common.CurrentVersion.targets(2451,5): warning MSB3277:             C:\Program Files\dotnet\packs\Microsoft.NETCore.App.Ref\8.0.25\ref/net8.0/System.Drawing.dll [C:\Users\ultra\warewolf\Dev\Warewolf.Core.Tests\Warewolf.Core.Tests.csproj]
C:\Program Files\dotnet\sdk\10.0.201\Microsoft.Common.CurrentVersion.targets(2451,5): warning MSB3277:             C:\Users\ultra\.nuget\packages\aerowizard\2.3.1\lib\net45\AeroWizard.dll [C:\Users\ultra\warewolf\Dev\Warewolf.Core.Tests\Warewolf.Core.Tests.csproj]
C:\Program Files\dotnet\sdk\10.0.201\Microsoft.Common.CurrentVersion.targets(2451,5): warning MSB3277:             C:\Users\ultra\.nuget\packages\groupcontrols\1.9.0\lib\net45\GroupControls.dll [C:\Users\ultra\warewolf\Dev\Warewolf.Core.Tests\Warewolf.Core.Tests.csproj]
C:\Program Files\dotnet\sdk\10.0.201\Microsoft.Common.CurrentVersion.targets(2451,5): warning MSB3277:             C:\Program Files\dotnet\packs\Microsoft.NETCore.App.Ref\8.0.25\ref/net8.0/System.Net.dll [C:\Users\ultra\warewolf\Dev\Warewolf.Core.Tests\Warewolf.Core.Tests.csproj]
C:\Program Files\dotnet\sdk\10.0.201\Microsoft.Common.CurrentVersion.targets(2451,5): warning MSB3277:             C:\Program Files\dotnet\packs\Microsoft.NETCore.App.Ref\8.0.25\ref/net8.0/System.Security.dll [C:\Users\ultra\warewolf\Dev\Warewolf.Core.Tests\Warewolf.Core.Tests.csproj]
C:\Program Files\dotnet\sdk\10.0.201\Microsoft.Common.CurrentVersion.targets(2451,5): warning MSB3277:             C:\Program Files\dotnet\packs\Microsoft.NETCore.App.Ref\8.0.25\ref/net8.0/System.ServiceProcess.dll [C:\Users\ultra\warewolf\Dev\Warewolf.Core.Tests\Warewolf.Core.Tests.csproj]
C:\Program Files\dotnet\sdk\10.0.201\Microsoft.Common.CurrentVersion.targets(2451,5): warning MSB3277:             C:\Program Files\dotnet\packs\Microsoft.NETCore.App.Ref\8.0.25\ref/net8.0/System.Transactions.dll [C:\Users\ultra\warewolf\Dev\Warewolf.Core.Tests\Warewolf.Core.Tests.csproj]
C:\Program Files\dotnet\sdk\10.0.201\Microsoft.Common.CurrentVersion.targets(2451,5): warning MSB3277:             C:\Program Files\dotnet\packs\Microsoft.NETCore.App.Ref\8.0.25\ref/net8.0/System.dll [C:\Users\ultra\warewolf\Dev\Warewolf.Core.Tests\Warewolf.Core.Tests.csproj]
C:\Program Files\dotnet\sdk\10.0.201\Microsoft.Common.CurrentVersion.targets(2451,5): warning MSB3277:             C:\Users\ultra\.nuget\packages\microsoft.xaml.behaviors.wpf\1.1.122\lib\net462\Microsoft.Xaml.Behaviors.dll [C:\Users\ultra\warewolf\Dev\Warewolf.Core.Tests\Warewolf.Core.Tests.csproj]
C:\Program Files\dotnet\sdk\10.0.201\Microsoft.Common.CurrentVersion.targets(2451,5): warning MSB3277:             C:\Users\ultra\.nuget\packages\caliburn.micro\4.0.212\lib\netcoreapp3.1\Caliburn.Micro.Platform.dll [C:\Users\ultra\warewolf\Dev\Warewolf.Core.Tests\Warewolf.Core.Tests.csproj]
C:\Program Files\dotnet\sdk\10.0.201\Microsoft.Common.CurrentVersion.targets(2451,5): warning MSB3277:             C:\Users\ultra\.nuget\packages\reactiveui.wpf\18.4.1\lib\net462\ReactiveUI.Wpf.dll [C:\Users\ultra\warewolf\Dev\Warewolf.Core.Tests\Warewolf.Core.Tests.csproj]
C:\Program Files\dotnet\sdk\10.0.201\Microsoft.Common.CurrentVersion.targets(2451,5): warning MSB3277:             C:\Users\ultra\.nuget\packages\ttcue.netcore.sharepointonline.csom.16.1.8029.1200\16.1.8029.1200\lib\netcoreapp2.0\Microsoft.SharePoint.Client.Runtime.Windows.dll [C:\Users\ultra\warewolf\Dev\Warewolf.Core.Tests\Warewolf.Core.Tests.csproj]
C:\Program Files\dotnet\sdk\10.0.201\Microsoft.Common.CurrentVersion.targets(2451,5): warning MSB3277:             C:\Program Files\dotnet\packs\Microsoft.NETCore.App.Ref\8.0.25\ref/net8.0/WindowsBase.dll [C:\Users\ultra\warewolf\Dev\Warewolf.Core.Tests\Warewolf.Core.Tests.csproj]
C:\Program Files\dotnet\sdk\10.0.201\Microsoft.Common.CurrentVersion.targets(2451,5): warning MSB3277:             C:\Program Files\dotnet\packs\Microsoft.NETCore.App.Ref\8.0.25\ref/net8.0/mscorlib.dll [C:\Users\ultra\warewolf\Dev\Warewolf.Core.Tests\Warewolf.Core.Tests.csproj]
C:\Program Files\dotnet\sdk\10.0.201\Microsoft.Common.CurrentVersion.targets(2451,5): warning MSB3277:             C:\Users\ultra\.nuget\packages\microsoft.codecoverage\17.13.0\lib\netcoreapp3.1\Microsoft.VisualStudio.CodeCoverage.Shim.dll [C:\Users\ultra\warewolf\Dev\Warewolf.Core.Tests\Warewolf.Core.Tests.csproj]
C:\Program Files\dotnet\sdk\10.0.201\Microsoft.Common.CurrentVersion.targets(2451,5): warning MSB3277:             Infragistics.Calculations [C:\Users\ultra\warewolf\Dev\Warewolf.Core.Tests\Warewolf.Core.Tests.csproj]
C:\Program Files\dotnet\sdk\10.0.201\Microsoft.Common.CurrentVersion.targets(2451,5): warning MSB3277:         C:\Program Files\dotnet\packs\Microsoft.NETCore.App.Ref\8.0.25\ref\net8.0\System.Drawing.dll [C:\Users\ultra\warewolf\Dev\Warewolf.Core.Tests\Warewolf.Core.Tests.csproj]
C:\Program Files\dotnet\sdk\10.0.201\Microsoft.Common.CurrentVersion.targets(2451,5): warning MSB3277:           Project file item includes which caused reference "C:\Program Files\dotnet\packs\Microsoft.NETCore.App.Ref\8.0.25\ref\net8.0\System.Drawing.dll". [C:\Users\ultra\warewolf\Dev\Warewolf.Core.Tests\Warewolf.Core.Tests.csproj]
C:\Program Files\dotnet\sdk\10.0.201\Microsoft.Common.CurrentVersion.targets(2451,5): warning MSB3277:             C:\Program Files\dotnet\packs\Microsoft.NETCore.App.Ref\8.0.25\ref/net8.0/System.Drawing.dll [C:\Users\ultra\warewolf\Dev\Warewolf.Core.Tests\Warewolf.Core.Tests.csproj]
C:\Program Files\dotnet\sdk\10.0.201\Microsoft.Common.CurrentVersion.targets(2451,5): warning MSB3277:             C:\Users\ultra\.nuget\packages\aerowizard\2.3.1\lib\net45\AeroWizard.dll [C:\Users\ultra\warewolf\Dev\Warewolf.Core.Tests\Warewolf.Core.Tests.csproj]
C:\Program Files\dotnet\sdk\10.0.201\Microsoft.Common.CurrentVersion.targets(2451,5): warning MSB3277:             C:\Users\ultra\.nuget\packages\groupcontrols\1.9.0\lib\net45\GroupControls.dll [C:\Users\ultra\warewolf\Dev\Warewolf.Core.Tests\Warewolf.Core.Tests.csproj]
C:\Program Files\dotnet\sdk\10.0.201\Microsoft.Common.CurrentVersion.targets(2451,5): warning MSB3277:             C:\Users\ultra\.nuget\packages\taskschedulereditor\2.10.1\lib\net452\Microsoft.Win32.TaskSchedulerEditor.dll [C:\Users\ultra\warewolf\Dev\Warewolf.Core.Tests\Warewolf.Core.Tests.csproj]
C:\Users\ultra\warewolf\Dev\Dev2.Activities\WorkflowConverters\ActivityPropertiesReaderHelper.cs(54,45): warning CS8632: The annotation for nullable reference types should only be used in code within a '#nullable' annotations context. [C:\Users\ultra\warewolf\Dev\Dev2.Activities\Dev2.Activities.csproj]
C:\Users\ultra\warewolf\Dev\Dev2.Activities\WorkflowConverters\SwitchActivityDataHelper.cs(106,58): warning CS8632: The annotation for nullable reference types should only be used in code within a '#nullable' annotations context. [C:\Users\ultra\warewolf\Dev\Dev2.Activities\Dev2.Activities.csproj]
C:\Users\ultra\warewolf\Dev\Dev2.Activities\WorkflowConverters\SwitchActivityDataHelper.cs(225,65): warning CS8632: The annotation for nullable reference types should only be used in code within a '#nullable' annotations context. [C:\Users\ultra\warewolf\Dev\Dev2.Activities\Dev2.Activities.csproj]
C:\Users\ultra\warewolf\Dev\Dev2.Activities\WorkflowConverters\SwitchActivityDataHelper.cs(225,25): warning CS8632: The annotation for nullable reference types should only be used in code within a '#nullable' annotations context. [C:\Users\ultra\warewolf\Dev\Dev2.Activities\Dev2.Activities.csproj]
C:\Users\ultra\warewolf\Dev\Dev2.Activities\WorkflowConverters\SwitchActivityDataHelper.cs(342,61): warning CS8632: The annotation for nullable reference types should only be used in code within a '#nullable' annotations context. [C:\Users\ultra\warewolf\Dev\Dev2.Activities\Dev2.Activities.csproj]
C:\Users\ultra\warewolf\Dev\Dev2.Activities\WorkflowConverters\SwitchActivityDataHelper.cs(342,30): warning CS8632: The annotation for nullable reference types should only be used in code within a '#nullable' annotations context. [C:\Users\ultra\warewolf\Dev\Dev2.Activities\Dev2.Activities.csproj]
C:\Users\ultra\warewolf\Dev\Dev2.Activities\WorkflowConverters\SwitchActivityDataHelper.cs(32,25): warning CS8632: The annotation for nullable reference types should only be used in code within a '#nullable' annotations context. [C:\Users\ultra\warewolf\Dev\Dev2.Activities\Dev2.Activities.csproj]
C:\Users\ultra\warewolf\Dev\Dev2.Activities\WorkflowConverters\SwitchActivityDataHelper.cs(33,25): warning CS8632: The annotation for nullable reference types should only be used in code within a '#nullable' annotations context. [C:\Users\ultra\warewolf\Dev\Dev2.Activities\Dev2.Activities.csproj]
C:\Users\ultra\warewolf\Dev\Dev2.Activities\WorkflowConverters\SwitchActivityDataHelper.cs(34,25): warning CS8632: The annotation for nullable reference types should only be used in code within a '#nullable' annotations context. [C:\Users\ultra\warewolf\Dev\Dev2.Activities\Dev2.Activities.csproj]
C:\Users\ultra\warewolf\Dev\Dev2.Activities\WorkflowConverters\SwitchActivityDataHelper.cs(35,25): warning CS8632: The annotation for nullable reference types should only be used in code within a '#nullable' annotations context. [C:\Users\ultra\warewolf\Dev\Dev2.Activities\Dev2.Activities.csproj]
C:\Users\ultra\warewolf\Dev\Dev2.Activities\WorkflowConverters\SwitchActivityDataHelper.cs(36,25): warning CS8632: The annotation for nullable reference types should only be used in code within a '#nullable' annotations context. [C:\Users\ultra\warewolf\Dev\Dev2.Activities\Dev2.Activities.csproj]
C:\Users\ultra\warewolf\Dev\Dev2.Activities\WorkflowConverters\SwitchActivityDataHelper.cs(37,25): warning CS8632: The annotation for nullable reference types should only be used in code within a '#nullable' annotations context. [C:\Users\ultra\warewolf\Dev\Dev2.Activities\Dev2.Activities.csproj]
C:\Users\ultra\warewolf\Dev\Dev2.Activities\WorkflowConverters\SwitchActivityDataHelper.cs(108,19): warning CS8632: The annotation for nullable reference types should only be used in code within a '#nullable' annotations context. [C:\Users\ultra\warewolf\Dev\Dev2.Activities\Dev2.Activities.csproj]
C:\Users\ultra\warewolf\Dev\Dev2.Activities\WorkflowConverters\ActivityPropertiesReaderHelper.cs(60,59): warning CS8632: The annotation for nullable reference types should only be used in code within a '#nullable' annotations context. [C:\Users\ultra\warewolf\Dev\Dev2.Activities\Dev2.Activities.csproj]
C:\Users\ultra\warewolf\Dev\Dev2.Activities\WorkflowConverters\X6ToWorkflowConverter.cs(375,13): warning CC0003: Consider adding an Exception to the catch. (https://code-cracker.github.io/diagnostics/CC0003.html) [C:\Users\ultra\warewolf\Dev\Dev2.Activities\Dev2.Activities.csproj]
C:\Users\ultra\warewolf\Dev\Dev2.Activities\WorkflowConverters\X6ToWorkflowConverter.cs(833,17): warning CC0120: Consider put an default clause in Switch. (https://code-cracker.github.io/diagnostics/CC0120.html) [C:\Users\ultra\warewolf\Dev\Dev2.Activities\Dev2.Activities.csproj]
C:\Users\ultra\warewolf\Dev\Dev2.Activities\WorkflowConverters\X6ToWorkflowConverter.cs(958,13): warning CC0004: Empty Catch Block. (https://code-cracker.github.io/diagnostics/CC0004.html) [C:\Users\ultra\warewolf\Dev\Dev2.Activities\Dev2.Activities.csproj]
C:\Users\ultra\warewolf\Dev\Dev2.Activities\Activities\PathOperations\FileWriteActivity.cs(54,26): warning CC0022: WarewolfListIterator should be disposed. (https://code-cracker.github.io/diagnostics/CC0022.html) [C:\Users\ultra\warewolf\Dev\Dev2.Activities\Dev2.Activities.csproj]
C:\Users\ultra\warewolf\Dev\Dev2.Activities\Activities\GateActivity.cs(733,24): warning CC0022: WarewolfListIterator should be disposed. (https://code-cracker.github.io/diagnostics/CC0022.html) [C:\Users\ultra\warewolf\Dev\Dev2.Activities\Dev2.Activities.csproj]
C:\Users\ultra\warewolf\Dev\Dev2.Activities\Activities\GateActivity.cs(639,21): warning CC0003: Consider adding an Exception to the catch. (https://code-cracker.github.io/diagnostics/CC0003.html) [C:\Users\ultra\warewolf\Dev\Dev2.Activities\Dev2.Activities.csproj]
C:\Users\ultra\warewolf\Dev\Dev2.Activities\Activities\GateActivity.cs(656,21): warning CC0003: Consider adding an Exception to the catch. (https://code-cracker.github.io/diagnostics/CC0003.html) [C:\Users\ultra\warewolf\Dev\Dev2.Activities\Dev2.Activities.csproj]
C:\Users\ultra\warewolf\Dev\Dev2.Activities\WorkflowConverters\WorkflowToX6Converter.cs(567,13): warning CC0105: Use 'var' instead of specifying the type name. (https://code-cracker.github.io/diagnostics/CC0105.html) [C:\Users\ultra\warewolf\Dev\Dev2.Activities\Dev2.Activities.csproj]
C:\Users\ultra\warewolf\Dev\Dev2.Activities\WorkflowConverters\WorkflowToX6Converter.cs(998,13): warning CC0004: Empty Catch Block. (https://code-cracker.github.io/diagnostics/CC0004.html) [C:\Users\ultra\warewolf\Dev\Dev2.Activities\Dev2.Activities.csproj]
C:\Users\ultra\warewolf\Dev\Dev2.Activities\WorkflowConverters\WorkflowToX6Converter.cs(1376,17): warning CC0004: Empty Catch Block. (https://code-cracker.github.io/diagnostics/CC0004.html) [C:\Users\ultra\warewolf\Dev\Dev2.Activities\Dev2.Activities.csproj]
C:\Users\ultra\warewolf\Dev\Dev2.Activities\WorkflowConverters\WorkflowToX6Converter.cs(1365,13): warning CC0006: You can use foreach instead of for. (https://code-cracker.github.io/diagnostics/CC0006.html) [C:\Users\ultra\warewolf\Dev\Dev2.Activities\Dev2.Activities.csproj]
C:\Users\ultra\warewolf\Dev\Dev2.Activities\Activities\WebPostActivity.cs(238,28): warning CC0022: WarewolfListIterator should be disposed. (https://code-cracker.github.io/diagnostics/CC0022.html) [C:\Users\ultra\warewolf\Dev\Dev2.Activities\Dev2.Activities.csproj]
C:\Users\ultra\warewolf\Dev\Dev2.Activities\Activities\WebPostActivityNew.cs(281,28): warning CC0022: WarewolfListIterator should be disposed. (https://code-cracker.github.io/diagnostics/CC0022.html) [C:\Users\ultra\warewolf\Dev\Dev2.Activities\Dev2.Activities.csproj]
C:\Users\ultra\warewolf\Dev\Dev2.Activities\Activities\DsfWebActivityBase.cs(136,96): warning CC0022: StringContent should be disposed. (https://code-cracker.github.io/diagnostics/CC0022.html) [C:\Users\ultra\warewolf\Dev\Dev2.Activities\Dev2.Activities.csproj]
C:\Users\ultra\warewolf\Dev\Dev2.Activities\Activities\DsfWebActivityBase.cs(158,42): warning CC0022: StreamReader should be disposed. (https://code-cracker.github.io/diagnostics/CC0022.html) [C:\Users\ultra\warewolf\Dev\Dev2.Activities\Dev2.Activities.csproj]
C:\Users\ultra\warewolf\Dev\Dev2.Activities\Activities\DsfWebActivityBase.cs(175,35): warning CC0022: ByteArrayContent should be disposed. (https://code-cracker.github.io/diagnostics/CC0022.html) [C:\Users\ultra\warewolf\Dev\Dev2.Activities\Dev2.Activities.csproj]
C:\Users\ultra\warewolf\Dev\Dev2.Activities\Activities\DsfWebActivityBase.cs(184,31): warning CC0022: StringContent should be disposed. (https://code-cracker.github.io/diagnostics/CC0022.html) [C:\Users\ultra\warewolf\Dev\Dev2.Activities\Dev2.Activities.csproj]
C:\Users\ultra\warewolf\Dev\Dev2.Activities\Activities\GetSystemInformationHelper.cs(95,36): warning CA1416: This call site is reachable on all platforms. 'ManagementBaseObject.GetPropertyValue(string)' is only supported on: 'windows'. (https://learn.microsoft.com/dotnet/fundamentals/code-analysis/quality-rules/ca1416) [C:\Users\ultra\warewolf\Dev\Dev2.Activities\Dev2.Activities.csproj]
C:\Users\ultra\warewolf\Dev\Dev2.Activities\Activities\GetSystemInformationHelper.cs(326,28): warning CA1416: This call site is reachable on all platforms. 'ObjectQuery' is only supported on: 'windows'. (https://learn.microsoft.com/dotnet/fundamentals/code-analysis/quality-rules/ca1416) [C:\Users\ultra\warewolf\Dev\Dev2.Activities\Dev2.Activities.csproj]
C:\Users\ultra\warewolf\Dev\Dev2.Activities\Activities\GetSystemInformationHelper.cs(329,31): warning CA1416: This call site is reachable on all platforms. 'ManagementObjectSearcher.Get()' is only supported on: 'windows'. (https://learn.microsoft.com/dotnet/fundamentals/code-analysis/quality-rules/ca1416) [C:\Users\ultra\warewolf\Dev\Dev2.Activities\Dev2.Activities.csproj]
C:\Users\ultra\warewolf\Dev\Dev2.Activities\Activities\GetSystemInformationHelper.cs(332,60): warning CA1416: This call site is reachable on all platforms. 'ManagementBaseObject.this[string]' is only supported on: 'windows'. (https://learn.microsoft.com/dotnet/fundamentals/code-analysis/quality-rules/ca1416) [C:\Users\ultra\warewolf\Dev\Dev2.Activities\Dev2.Activities.csproj]
C:\Users\ultra\warewolf\Dev\Dev2.Activities\Activities\GetSystemInformationHelper.cs(327,28): warning CA1416: This call site is reachable on all platforms. 'ManagementObjectSearcher' is only supported on: 'windows'. (https://learn.microsoft.com/dotnet/fundamentals/code-analysis/quality-rules/ca1416) [C:\Users\ultra\warewolf\Dev\Dev2.Activities\Dev2.Activities.csproj]
C:\Users\ultra\warewolf\Dev\Dev2.Activities\Activities\GetSystemInformationHelper.cs(342,31): warning CA1416: This call site is reachable on all platforms. 'ManagementObjectSearcher.Get()' is only supported on: 'windows'. (https://learn.microsoft.com/dotnet/fundamentals/code-analysis/quality-rules/ca1416) [C:\Users\ultra\warewolf\Dev\Dev2.Activities\Dev2.Activities.csproj]
C:\Users\ultra\warewolf\Dev\Dev2.Activities\Activities\GetSystemInformationHelper.cs(346,58): warning CA1416: This call site is reachable on all platforms. 'ManagementBaseObject.this[string]' is only supported on: 'windows'. (https://learn.microsoft.com/dotnet/fundamentals/code-analysis/quality-rules/ca1416) [C:\Users\ultra\warewolf\Dev\Dev2.Activities\Dev2.Activities.csproj]
C:\Users\ultra\warewolf\Dev\Dev2.Activities\Activities\GetSystemInformationHelper.cs(340,28): warning CA1416: This call site is reachable on all platforms. 'ObjectQuery' is only supported on: 'windows'. (https://learn.microsoft.com/dotnet/fundamentals/code-analysis/quality-rules/ca1416) [C:\Users\ultra\warewolf\Dev\Dev2.Activities\Dev2.Activities.csproj]
C:\Users\ultra\warewolf\Dev\Dev2.Activities\Activities\GetSystemInformationHelper.cs(345,53): warning CA1416: This call site is reachable on all platforms. 'ManagementBaseObject.this[string]' is only supported on: 'windows'. (https://learn.microsoft.com/dotnet/fundamentals/code-analysis/quality-rules/ca1416) [C:\Users\ultra\warewolf\Dev\Dev2.Activities\Dev2.Activities.csproj]
C:\Users\ultra\warewolf\Dev\Dev2.Activities\Activities\GetSystemInformationHelper.cs(341,28): warning CA1416: This call site is reachable on all platforms. 'ManagementObjectSearcher' is only supported on: 'windows'. (https://learn.microsoft.com/dotnet/fundamentals/code-analysis/quality-rules/ca1416) [C:\Users\ultra\warewolf\Dev\Dev2.Activities\Dev2.Activities.csproj]
C:\Users\ultra\warewolf\Dev\Dev2.Activities\Activities\GetSystemInformationHelper.cs(374,37): warning CA1416: This call site is reachable on all platforms. 'WindowsIdentity.Groups' is only supported on: 'windows'. (https://learn.microsoft.com/dotnet/fundamentals/code-analysis/quality-rules/ca1416) [C:\Users\ultra\warewolf\Dev\Dev2.Activities\Dev2.Activities.csproj]
C:\Users\ultra\warewolf\Dev\Dev2.Activities\Activities\GetSystemInformationHelper.cs(372,17): warning CA1416: This call site is reachable on all platforms. 'WindowsIdentity.Groups' is only supported on: 'windows'. (https://learn.microsoft.com/dotnet/fundamentals/code-analysis/quality-rules/ca1416) [C:\Users\ultra\warewolf\Dev\Dev2.Activities\Dev2.Activities.csproj]
C:\Users\ultra\warewolf\Dev\Dev2.Activities\Activities\GetSystemInformationHelper.cs(370,92): warning CA1416: This call site is reachable on all platforms. 'WindowsIdentity.GetCurrent()' is only supported on: 'windows'. (https://learn.microsoft.com/dotnet/fundamentals/code-analysis/quality-rules/ca1416) [C:\Users\ultra\warewolf\Dev\Dev2.Activities\Dev2.Activities.csproj]
C:\Users\ultra\warewolf\Dev\Dev2.Activities\Activities\GetSystemInformationHelper.cs(393,32): warning CA1416: This call site is reachable on all platforms. 'ManagementObjectSearcher' is only supported on: 'windows'. (https://learn.microsoft.com/dotnet/fundamentals/code-analysis/quality-rules/ca1416) [C:\Users\ultra\warewolf\Dev\Dev2.Activities\Dev2.Activities.csproj]
C:\Users\ultra\warewolf\Dev\Dev2.Activities\Activities\GetSystemInformationHelper.cs(392,90): warning CA1416: This call site is reachable on all platforms. 'IdentityReference.Value' is only supported on: 'windows'. (https://learn.microsoft.com/dotnet/fundamentals/code-analysis/quality-rules/ca1416) [C:\Users\ultra\warewolf\Dev\Dev2.Activities\Dev2.Activities.csproj]
C:\Users\ultra\warewolf\Dev\Dev2.Activities\Activities\GetSystemInformationHelper.cs(387,28): warning CA1416: This call site is reachable on all platforms. 'IdentityReference.Value' is only supported on: 'windows'. (https://learn.microsoft.com/dotnet/fundamentals/code-analysis/quality-rules/ca1416) [C:\Users\ultra\warewolf\Dev\Dev2.Activities\Dev2.Activities.csproj]
C:\Users\ultra\warewolf\Dev\Dev2.Activities\Activities\GetSystemInformationHelper.cs(392,32): warning CA1416: This call site is reachable on all platforms. 'ObjectQuery' is only supported on: 'windows'. (https://learn.microsoft.com/dotnet/fundamentals/code-analysis/quality-rules/ca1416) [C:\Users\ultra\warewolf\Dev\Dev2.Activities\Dev2.Activities.csproj]
C:\Users\ultra\warewolf\Dev\Dev2.Activities\Activities\GetSystemInformationHelper.cs(394,35): warning CA1416: This call site is reachable on all platforms. 'ManagementObjectSearcher.Get()' is only supported on: 'windows'. (https://learn.microsoft.com/dotnet/fundamentals/code-analysis/quality-rules/ca1416) [C:\Users\ultra\warewolf\Dev\Dev2.Activities\Dev2.Activities.csproj]
C:\Users\ultra\warewolf\Dev\Dev2.Activities\Activities\GetSystemInformationHelper.cs(397,49): warning CA1416: This call site is reachable on all platforms. 'ManagementBaseObject.this[string]' is only supported on: 'windows'. (https://learn.microsoft.com/dotnet/fundamentals/code-analysis/quality-rules/ca1416) [C:\Users\ultra\warewolf\Dev\Dev2.Activities\Dev2.Activities.csproj]
C:\Users\ultra\warewolf\Dev\Dev2.Activities\Activities\GetSystemInformationHelper.cs(386,39): warning CA1416: This call site is reachable on all platforms. 'IdentityReference.Translate(Type)' is only supported on: 'windows'. (https://learn.microsoft.com/dotnet/fundamentals/code-analysis/quality-rules/ca1416) [C:\Users\ultra\warewolf\Dev\Dev2.Activities\Dev2.Activities.csproj]
C:\Users\ultra\warewolf\Dev\Dev2.Activities\Activities\GetSystemInformationHelper.cs(427,32): warning CA1416: This call site is reachable on all platforms. 'ManagementObjectSearcher' is only supported on: 'windows'. (https://learn.microsoft.com/dotnet/fundamentals/code-analysis/quality-rules/ca1416) [C:\Users\ultra\warewolf\Dev\Dev2.Activities\Dev2.Activities.csproj]
C:\Users\ultra\warewolf\Dev\Dev2.Activities\Activities\GetSystemInformationHelper.cs(428,35): warning CA1416: This call site is reachable on all platforms. 'ManagementObjectSearcher.Get()' is only supported on: 'windows'. (https://learn.microsoft.com/dotnet/fundamentals/code-analysis/quality-rules/ca1416) [C:\Users\ultra\warewolf\Dev\Dev2.Activities\Dev2.Activities.csproj]
C:\Users\ultra\warewolf\Dev\Dev2.Activities\Activities\GetSystemInformationHelper.cs(426,32): warning CA1416: This call site is reachable on all platforms. 'ObjectQuery' is only supported on: 'windows'. (https://learn.microsoft.com/dotnet/fundamentals/code-analysis/quality-rules/ca1416) [C:\Users\ultra\warewolf\Dev\Dev2.Activities\Dev2.Activities.csproj]
C:\Users\ultra\warewolf\Dev\Dev2.Activities\Activities\GetSystemInformationHelper.cs(431,57): warning CA1416: This call site is reachable on all platforms. 'ManagementBaseObject.this[string]' is only supported on: 'windows'. (https://learn.microsoft.com/dotnet/fundamentals/code-analysis/quality-rules/ca1416) [C:\Users\ultra\warewolf\Dev\Dev2.Activities\Dev2.Activities.csproj]
C:\Program Files\dotnet\sdk\10.0.201\Sdks\Microsoft.NET.Sdk\targets\Microsoft.NET.Sdk.targets(308,5): warning NETSDK1206: Found version-specific or distribution-specific runtime identifier(s): win10-x64, win10-x86, win7-x64, win7-x86, win8-x64, win8-x86, win81-x64, win81-x86. Affected libraries: Microsoft.Management.Infrastructure.Runtime.Win, SQLite. In .NET 8.0 and higher, assets for version-specific and distribution-specific runtime identifiers will not be found by default. See https://aka.ms/dotnet/rid-usage for details. [C:\Users\ultra\warewolf\Dev\Dev2.Activities\Dev2.Activities.csproj]
  Dev2.Activities -> C:\Users\ultra\warewolf\Dev\Dev2.Activities\bin\Debug\net8.0\Dev2.Activities.dll
  Dev2.Scheduler.Tests -> C:\Users\ultra\warewolf\Dev\Dev2.Scheduler.Tests\bin\Debug\net8.0\Dev2.Scheduler.Tests.dll
  Warewolf.Storage.Tests -> C:\Users\ultra\warewolf\Dev\Warewolf.Storage.Tests\bin\Debug\net8.0\Warewolf.Storage.Tests.dll
  Warewolf.Parsing.Tests -> C:\Users\ultra\warewolf\Dev\Warewolf.Parsing.Tests\bin\Debug\net8.0\Warewolf.Parsing.Tests.dll
C:\Program Files\dotnet\sdk\10.0.201\Microsoft.Common.CurrentVersion.targets(2451,5): warning MSB3277: Found conflicts between different versions of "WindowsBase" that could not be resolved. [C:\Users\ultra\warewolf\Dev\Warewolf.ResourceManagement.Tests\Warewolf.ResourceManagement.Tests.csproj]
C:\Program Files\dotnet\sdk\10.0.201\Microsoft.Common.CurrentVersion.targets(2451,5): warning MSB3277: There was a conflict between "WindowsBase, Version=4.0.0.0, Culture=neutral, PublicKeyToken=31bf3856ad364e35" and "WindowsBase, Version=6.0.2.0, Culture=neutral, PublicKeyToken=31bf3856ad364e35". [C:\Users\ultra\warewolf\Dev\Warewolf.ResourceManagement.Tests\Warewolf.ResourceManagement.Tests.csproj]
C:\Program Files\dotnet\sdk\10.0.201\Microsoft.Common.CurrentVersion.targets(2451,5): warning MSB3277:     "WindowsBase, Version=4.0.0.0, Culture=neutral, PublicKeyToken=31bf3856ad364e35" was chosen because it was primary and "WindowsBase, Version=6.0.2.0, Culture=neutral, PublicKeyToken=31bf3856ad364e35" was not. [C:\Users\ultra\warewolf\Dev\Warewolf.ResourceManagement.Tests\Warewolf.ResourceManagement.Tests.csproj]
C:\Program Files\dotnet\sdk\10.0.201\Microsoft.Common.CurrentVersion.targets(2451,5): warning MSB3277:     References which depend on "WindowsBase, Version=4.0.0.0, Culture=neutral, PublicKeyToken=31bf3856ad364e35" [C:\Program Files\dotnet\packs\Microsoft.NETCore.App.Ref\8.0.25\ref\net8.0\WindowsBase.dll]. [C:\Users\ultra\warewolf\Dev\Warewolf.ResourceManagement.Tests\Warewolf.ResourceManagement.Tests.csproj]
C:\Program Files\dotnet\sdk\10.0.201\Microsoft.Common.CurrentVersion.targets(2451,5): warning MSB3277:         C:\Program Files\dotnet\packs\Microsoft.NETCore.App.Ref\8.0.25\ref\net8.0\WindowsBase.dll [C:\Users\ultra\warewolf\Dev\Warewolf.ResourceManagement.Tests\Warewolf.ResourceManagement.Tests.csproj]
C:\Program Files\dotnet\sdk\10.0.201\Microsoft.Common.CurrentVersion.targets(2451,5): warning MSB3277:           Project file item includes which caused reference "C:\Program Files\dotnet\packs\Microsoft.NETCore.App.Ref\8.0.25\ref\net8.0\WindowsBase.dll". [C:\Users\ultra\warewolf\Dev\Warewolf.ResourceManagement.Tests\Warewolf.ResourceManagement.Tests.csproj]
C:\Program Files\dotnet\sdk\10.0.201\Microsoft.Common.CurrentVersion.targets(2451,5): warning MSB3277:             C:\Program Files\dotnet\packs\Microsoft.NETCore.App.Ref\8.0.25\ref/net8.0/WindowsBase.dll [C:\Users\ultra\warewolf\Dev\Warewolf.ResourceManagement.Tests\Warewolf.ResourceManagement.Tests.csproj]
C:\Program Files\dotnet\sdk\10.0.201\Microsoft.Common.CurrentVersion.targets(2451,5): warning MSB3277:     References which depend on or have been unified to "WindowsBase, Version=6.0.2.0, Culture=neutral, PublicKeyToken=31bf3856ad364e35" []. [C:\Users\ultra\warewolf\Dev\Warewolf.ResourceManagement.Tests\Warewolf.ResourceManagement.Tests.csproj]
C:\Program Files\dotnet\sdk\10.0.201\Microsoft.Common.CurrentVersion.targets(2451,5): warning MSB3277:         C:\Users\ultra\.nuget\packages\caliburn.micro\4.0.212\lib\netcoreapp3.1\Caliburn.Micro.Platform.dll [C:\Users\ultra\warewolf\Dev\Warewolf.ResourceManagement.Tests\Warewolf.ResourceManagement.Tests.csproj]
C:\Program Files\dotnet\sdk\10.0.201\Microsoft.Common.CurrentVersion.targets(2451,5): warning MSB3277:           Project file item includes which caused reference "C:\Users\ultra\.nuget\packages\caliburn.micro\4.0.212\lib\netcoreapp3.1\Caliburn.Micro.Platform.dll". [C:\Users\ultra\warewolf\Dev\Warewolf.ResourceManagement.Tests\Warewolf.ResourceManagement.Tests.csproj]
C:\Program Files\dotnet\sdk\10.0.201\Microsoft.Common.CurrentVersion.targets(2451,5): warning MSB3277:             C:\Users\ultra\.nuget\packages\caliburn.micro\4.0.212\lib\netcoreapp3.1\Caliburn.Micro.Platform.dll [C:\Users\ultra\warewolf\Dev\Warewolf.ResourceManagement.Tests\Warewolf.ResourceManagement.Tests.csproj]
C:\Program Files\dotnet\sdk\10.0.201\Microsoft.Common.CurrentVersion.targets(2451,5): warning MSB3277:         C:\Users\ultra\.nuget\packages\ironpython\3.4.0\lib\net6.0\IronPython.Wpf.dll [C:\Users\ultra\warewolf\Dev\Warewolf.ResourceManagement.Tests\Warewolf.ResourceManagement.Tests.csproj]
C:\Program Files\dotnet\sdk\10.0.201\Microsoft.Common.CurrentVersion.targets(2451,5): warning MSB3277:           Project file item includes which caused reference "C:\Users\ultra\.nuget\packages\ironpython\3.4.0\lib\net6.0\IronPython.Wpf.dll". [C:\Users\ultra\warewolf\Dev\Warewolf.ResourceManagement.Tests\Warewolf.ResourceManagement.Tests.csproj]
C:\Program Files\dotnet\sdk\10.0.201\Microsoft.Common.CurrentVersion.targets(2451,5): warning MSB3277:             C:\Users\ultra\.nuget\packages\ironpython\3.4.0\lib\net6.0\IronPython.Wpf.dll [C:\Users\ultra\warewolf\Dev\Warewolf.ResourceManagement.Tests\Warewolf.ResourceManagement.Tests.csproj]
C:\Program Files\dotnet\sdk\10.0.201\Microsoft.Common.CurrentVersion.targets(2451,5): warning MSB3277:         C:\Users\ultra\.nuget\packages\microsoft.xaml.behaviors.wpf\1.1.19\lib\netcoreapp3.0\Microsoft.Xaml.Behaviors.dll [C:\Users\ultra\warewolf\Dev\Warewolf.ResourceManagement.Tests\Warewolf.ResourceManagement.Tests.csproj]
C:\Program Files\dotnet\sdk\10.0.201\Microsoft.Common.CurrentVersion.targets(2451,5): warning MSB3277:           Project file item includes which caused reference "C:\Users\ultra\.nuget\packages\microsoft.xaml.behaviors.wpf\1.1.19\lib\netcoreapp3.0\Microsoft.Xaml.Behaviors.dll". [C:\Users\ultra\warewolf\Dev\Warewolf.ResourceManagement.Tests\Warewolf.ResourceManagement.Tests.csproj]
C:\Program Files\dotnet\sdk\10.0.201\Microsoft.Common.CurrentVersion.targets(2451,5): warning MSB3277:             C:\Users\ultra\.nuget\packages\microsoft.xaml.behaviors.wpf\1.1.19\lib\netcoreapp3.0\Microsoft.Xaml.Behaviors.dll [C:\Users\ultra\warewolf\Dev\Warewolf.ResourceManagement.Tests\Warewolf.ResourceManagement.Tests.csproj]
C:\Program Files\dotnet\sdk\10.0.201\Microsoft.Common.CurrentVersion.targets(2451,5): warning MSB3277:             C:\Users\ultra\.nuget\packages\caliburn.micro\4.0.212\lib\netcoreapp3.1\Caliburn.Micro.Platform.dll [C:\Users\ultra\warewolf\Dev\Warewolf.ResourceManagement.Tests\Warewolf.ResourceManagement.Tests.csproj]
C:\Program Files\dotnet\sdk\10.0.201\Microsoft.Common.CurrentVersion.targets(2451,5): warning MSB3277:         C:\Users\ultra\.nuget\packages\reactiveui.wpf\18.4.1\lib\net462\ReactiveUI.Wpf.dll [C:\Users\ultra\warewolf\Dev\Warewolf.ResourceManagement.Tests\Warewolf.ResourceManagement.Tests.csproj]
C:\Program Files\dotnet\sdk\10.0.201\Microsoft.Common.CurrentVersion.targets(2451,5): warning MSB3277:           Project file item includes which caused reference "C:\Users\ultra\.nuget\packages\reactiveui.wpf\18.4.1\lib\net462\ReactiveUI.Wpf.dll". [C:\Users\ultra\warewolf\Dev\Warewolf.ResourceManagement.Tests\Warewolf.ResourceManagement.Tests.csproj]
C:\Program Files\dotnet\sdk\10.0.201\Microsoft.Common.CurrentVersion.targets(2451,5): warning MSB3277:             C:\Users\ultra\.nuget\packages\reactiveui.wpf\18.4.1\lib\net462\ReactiveUI.Wpf.dll [C:\Users\ultra\warewolf\Dev\Warewolf.ResourceManagement.Tests\Warewolf.ResourceManagement.Tests.csproj]
C:\Program Files\dotnet\sdk\10.0.201\Microsoft.Common.CurrentVersion.targets(2451,5): warning MSB3277: Found conflicts between different versions of "System.Drawing.Common" that could not be resolved. [C:\Users\ultra\warewolf\Dev\Warewolf.ResourceManagement.Tests\Warewolf.ResourceManagement.Tests.csproj]
C:\Program Files\dotnet\sdk\10.0.201\Microsoft.Common.CurrentVersion.targets(2451,5): warning MSB3277: There was a conflict between "System.Drawing.Common, Version=6.0.0.0, Culture=neutral, PublicKeyToken=cc7b13ffcd2ddd51" and "System.Drawing.Common, Version=8.0.0.0, Culture=neutral, PublicKeyToken=cc7b13ffcd2ddd51". [C:\Users\ultra\warewolf\Dev\Warewolf.ResourceManagement.Tests\Warewolf.ResourceManagement.Tests.csproj]
C:\Program Files\dotnet\sdk\10.0.201\Microsoft.Common.CurrentVersion.targets(2451,5): warning MSB3277:     "System.Drawing.Common, Version=6.0.0.0, Culture=neutral, PublicKeyToken=cc7b13ffcd2ddd51" was chosen because it was primary and "System.Drawing.Common, Version=8.0.0.0, Culture=neutral, PublicKeyToken=cc7b13ffcd2ddd51" was not. [C:\Users\ultra\warewolf\Dev\Warewolf.ResourceManagement.Tests\Warewolf.ResourceManagement.Tests.csproj]
C:\Program Files\dotnet\sdk\10.0.201\Microsoft.Common.CurrentVersion.targets(2451,5): warning MSB3277:     References which depend on "System.Drawing.Common, Version=6.0.0.0, Culture=neutral, PublicKeyToken=cc7b13ffcd2ddd51" [C:\Users\ultra\.nuget\packages\system.drawing.common\6.0.0\lib\net6.0\System.Drawing.Common.dll]. [C:\Users\ultra\warewolf\Dev\Warewolf.ResourceManagement.Tests\Warewolf.ResourceManagement.Tests.csproj]
C:\Program Files\dotnet\sdk\10.0.201\Microsoft.Common.CurrentVersion.targets(2451,5): warning MSB3277:         C:\Users\ultra\.nuget\packages\system.drawing.common\6.0.0\lib\net6.0\System.Drawing.Common.dll [C:\Users\ultra\warewolf\Dev\Warewolf.ResourceManagement.Tests\Warewolf.ResourceManagement.Tests.csproj]
C:\Program Files\dotnet\sdk\10.0.201\Microsoft.Common.CurrentVersion.targets(2451,5): warning MSB3277:           Project file item includes which caused reference "C:\Users\ultra\.nuget\packages\system.drawing.common\6.0.0\lib\net6.0\System.Drawing.Common.dll". [C:\Users\ultra\warewolf\Dev\Warewolf.ResourceManagement.Tests\Warewolf.ResourceManagement.Tests.csproj]
C:\Program Files\dotnet\sdk\10.0.201\Microsoft.Common.CurrentVersion.targets(2451,5): warning MSB3277:             C:\Users\ultra\.nuget\packages\system.drawing.common\6.0.0\lib\net6.0\System.Drawing.Common.dll [C:\Users\ultra\warewolf\Dev\Warewolf.ResourceManagement.Tests\Warewolf.ResourceManagement.Tests.csproj]
C:\Program Files\dotnet\sdk\10.0.201\Microsoft.Common.CurrentVersion.targets(2451,5): warning MSB3277:     References which depend on or have been unified to "System.Drawing.Common, Version=8.0.0.0, Culture=neutral, PublicKeyToken=cc7b13ffcd2ddd51" []. [C:\Users\ultra\warewolf\Dev\Warewolf.ResourceManagement.Tests\Warewolf.ResourceManagement.Tests.csproj]
C:\Program Files\dotnet\sdk\10.0.201\Microsoft.Common.CurrentVersion.targets(2451,5): warning MSB3277:         C:\Users\ultra\.nuget\packages\servicestack\6.3.0\lib\net6.0\ServiceStack.dll [C:\Users\ultra\warewolf\Dev\Warewolf.ResourceManagement.Tests\Warewolf.ResourceManagement.Tests.csproj]
C:\Program Files\dotnet\sdk\10.0.201\Microsoft.Common.CurrentVersion.targets(2451,5): warning MSB3277:           Project file item includes which caused reference "C:\Users\ultra\.nuget\packages\servicestack\6.3.0\lib\net6.0\ServiceStack.dll". [C:\Users\ultra\warewolf\Dev\Warewolf.ResourceManagement.Tests\Warewolf.ResourceManagement.Tests.csproj]
C:\Program Files\dotnet\sdk\10.0.201\Microsoft.Common.CurrentVersion.targets(2451,5): warning MSB3277:             C:\Users\ultra\.nuget\packages\servicestack\6.3.0\lib\net6.0\ServiceStack.dll [C:\Users\ultra\warewolf\Dev\Warewolf.ResourceManagement.Tests\Warewolf.ResourceManagement.Tests.csproj]
C:\Program Files\dotnet\sdk\10.0.201\Microsoft.Common.CurrentVersion.targets(2451,5): warning MSB3277:         C:\Users\ultra\.nuget\packages\system.windows.extensions\8.0.0\lib\net8.0\System.Windows.Extensions.dll [C:\Users\ultra\warewolf\Dev\Warewolf.ResourceManagement.Tests\Warewolf.ResourceManagement.Tests.csproj]
C:\Program Files\dotnet\sdk\10.0.201\Microsoft.Common.CurrentVersion.targets(2451,5): warning MSB3277:           Project file item includes which caused reference "C:\Users\ultra\.nuget\packages\system.windows.extensions\8.0.0\lib\net8.0\System.Windows.Extensions.dll". [C:\Users\ultra\warewolf\Dev\Warewolf.ResourceManagement.Tests\Warewolf.ResourceManagement.Tests.csproj]
C:\Program Files\dotnet\sdk\10.0.201\Microsoft.Common.CurrentVersion.targets(2451,5): warning MSB3277:             C:\Users\ultra\.nuget\packages\system.windows.extensions\8.0.0\lib\net8.0\System.Windows.Extensions.dll [C:\Users\ultra\warewolf\Dev\Warewolf.ResourceManagement.Tests\Warewolf.ResourceManagement.Tests.csproj]
C:\Program Files\dotnet\sdk\10.0.201\Microsoft.Common.CurrentVersion.targets(2451,5): warning MSB3277:             C:\Users\ultra\.nuget\packages\system.security.permissions\8.0.0\lib\net8.0\System.Security.Permissions.dll [C:\Users\ultra\warewolf\Dev\Warewolf.ResourceManagement.Tests\Warewolf.ResourceManagement.Tests.csproj]
C:\Program Files\dotnet\sdk\10.0.201\Microsoft.Common.CurrentVersion.targets(2451,5): warning MSB3277:             C:\Users\ultra\warewolf\Dev\Dev2.Data\bin\Debug\net8.0\Dev2.Data.dll [C:\Users\ultra\warewolf\Dev\Warewolf.ResourceManagement.Tests\Warewolf.ResourceManagement.Tests.csproj]
C:\Program Files\dotnet\sdk\10.0.201\Microsoft.Common.CurrentVersion.targets(2451,5): warning MSB3277:             C:\Users\ultra\warewolf\Dev\Dev2.Activities\bin\Debug\net8.0\Dev2.Activities.dll [C:\Users\ultra\warewolf\Dev\Warewolf.ResourceManagement.Tests\Warewolf.ResourceManagement.Tests.csproj]
C:\Program Files\dotnet\sdk\10.0.201\Microsoft.Common.CurrentVersion.targets(2451,5): warning MSB3277:             C:\Users\ultra\warewolf\Dev\Dev2.Core\bin\Debug\net8.0\Dev2.Core.dll [C:\Users\ultra\warewolf\Dev\Warewolf.ResourceManagement.Tests\Warewolf.ResourceManagement.Tests.csproj]
C:\Program Files\dotnet\sdk\10.0.201\Microsoft.Common.CurrentVersion.targets(2451,5): warning MSB3277:             C:\Users\ultra\warewolf\Dev\Warewolf.ResourceManagement\bin\Debug\net8.0\Warewolf.ResourceManagement.dll [C:\Users\ultra\warewolf\Dev\Warewolf.ResourceManagement.Tests\Warewolf.ResourceManagement.Tests.csproj]
C:\Program Files\dotnet\sdk\10.0.201\Microsoft.Common.CurrentVersion.targets(2451,5): warning MSB3277:             C:\Users\ultra\warewolf\Dev\Dev2.Runtime.Services\bin\Debug\net8.0\Dev2.Runtime.Services.dll [C:\Users\ultra\warewolf\Dev\Warewolf.ResourceManagement.Tests\Warewolf.ResourceManagement.Tests.csproj]
C:\Program Files\dotnet\sdk\10.0.201\Microsoft.Common.CurrentVersion.targets(2451,5): warning MSB3277:             C:\Users\ultra\warewolf\Dev\Dev2.Scheduler\bin\Debug\net8.0\Dev2.Scheduler.dll [C:\Users\ultra\warewolf\Dev\Warewolf.ResourceManagement.Tests\Warewolf.ResourceManagement.Tests.csproj]
C:\Program Files\dotnet\sdk\10.0.201\Microsoft.Common.CurrentVersion.targets(2451,5): warning MSB3277:             C:\Users\ultra\warewolf\Dev\Dev2.Services.Execution\bin\Debug\net8.0\Dev2.Services.Execution.dll [C:\Users\ultra\warewolf\Dev\Warewolf.ResourceManagement.Tests\Warewolf.ResourceManagement.Tests.csproj]
C:\Program Files\dotnet\sdk\10.0.201\Microsoft.Common.CurrentVersion.targets(2451,5): warning MSB3277:             C:\Users\ultra\warewolf\Dev\Warewolf.Auditing\bin\Debug\net8.0\Warewolf.Auditing.dll [C:\Users\ultra\warewolf\Dev\Warewolf.ResourceManagement.Tests\Warewolf.ResourceManagement.Tests.csproj]
C:\Program Files\dotnet\sdk\10.0.201\Microsoft.Common.CurrentVersion.targets(2451,5): warning MSB3277:             C:\Users\ultra\warewolf\Dev\Warewolf.Common.NetStandard20\bin\Debug\net8.0\Warewolf.Common.NetStandard20.dll [C:\Users\ultra\warewolf\Dev\Warewolf.ResourceManagement.Tests\Warewolf.ResourceManagement.Tests.csproj]
C:\Program Files\dotnet\sdk\10.0.201\Microsoft.Common.CurrentVersion.targets(2451,5): warning MSB3277:             C:\Users\ultra\warewolf\Dev\Warewolf.Core\bin\Debug\net8.0\Warewolf.Core.dll [C:\Users\ultra\warewolf\Dev\Warewolf.ResourceManagement.Tests\Warewolf.ResourceManagement.Tests.csproj]
C:\Program Files\dotnet\sdk\10.0.201\Microsoft.Common.CurrentVersion.targets(2451,5): warning MSB3277:             C:\Users\ultra\warewolf\Dev\Warewolf.Driver.Persistence\bin\Debug\net8.0\Warewolf.Driver.Persistence.dll [C:\Users\ultra\warewolf\Dev\Warewolf.ResourceManagement.Tests\Warewolf.ResourceManagement.Tests.csproj]
C:\Program Files\dotnet\sdk\10.0.201\Microsoft.Common.CurrentVersion.targets(2451,5): warning MSB3277:             C:\Users\ultra\warewolf\Dev\Warewolf.Exchange.Email.Wrapper\bin\Debug\net8.0\Warewolf.Exchange.Email.Wrapper.dll [C:\Users\ultra\warewolf\Dev\Warewolf.ResourceManagement.Tests\Warewolf.ResourceManagement.Tests.csproj]
C:\Program Files\dotnet\sdk\10.0.201\Microsoft.Common.CurrentVersion.targets(2451,5): warning MSB3277:             C:\Users\ultra\.nuget\packages\dotnetzip\1.16.0\lib\netstandard2.0\DotNetZip.dll [C:\Users\ultra\warewolf\Dev\Warewolf.ResourceManagement.Tests\Warewolf.ResourceManagement.Tests.csproj]
C:\Program Files\dotnet\sdk\10.0.201\Microsoft.Common.CurrentVersion.targets(2451,5): warning MSB3277:             C:\Users\ultra\warewolf\Dev\Dev2.Common\bin\Debug\net8.0\Dev2.Common.dll [C:\Users\ultra\warewolf\Dev\Warewolf.ResourceManagement.Tests\Warewolf.ResourceManagement.Tests.csproj]
C:\Program Files\dotnet\sdk\10.0.201\Microsoft.Common.CurrentVersion.targets(2451,5): warning MSB3277:             C:\Users\ultra\warewolf\Dev\Dev2.Data.Interfaces\bin\Debug\net8.0\Dev2.Data.Interfaces.dll [C:\Users\ultra\warewolf\Dev\Warewolf.ResourceManagement.Tests\Warewolf.ResourceManagement.Tests.csproj]
C:\Program Files\dotnet\sdk\10.0.201\Microsoft.Common.CurrentVersion.targets(2451,5): warning MSB3277:             C:\Users\ultra\warewolf\Dev\Dev2.Development.Languages\bin\Debug\net8.0\Dev2.Development.Languages.dll [C:\Users\ultra\warewolf\Dev\Warewolf.ResourceManagement.Tests\Warewolf.ResourceManagement.Tests.csproj]
C:\Program Files\dotnet\sdk\10.0.201\Microsoft.Common.CurrentVersion.targets(2451,5): warning MSB3277:             C:\Users\ultra\warewolf\Dev\Dev2.Diagnostics\bin\Debug\net8.0\Dev2.Diagnostics.dll [C:\Users\ultra\warewolf\Dev\Warewolf.ResourceManagement.Tests\Warewolf.ResourceManagement.Tests.csproj]
C:\Program Files\dotnet\sdk\10.0.201\Microsoft.Common.CurrentVersion.targets(2451,5): warning MSB3277:             C:\Users\ultra\warewolf\Dev\Dev2.Infrastructure\bin\Debug\net8.0\Dev2.Infrastructure.dll [C:\Users\ultra\warewolf\Dev\Warewolf.ResourceManagement.Tests\Warewolf.ResourceManagement.Tests.csproj]
C:\Program Files\dotnet\sdk\10.0.201\Microsoft.Common.CurrentVersion.targets(2451,5): warning MSB3277:             C:\Users\ultra\warewolf\Dev\Dev2.Services.Sql\bin\Debug\net8.0\Dev2.Services.Sql.dll [C:\Users\ultra\warewolf\Dev\Warewolf.ResourceManagement.Tests\Warewolf.ResourceManagement.Tests.csproj]
C:\Program Files\dotnet\sdk\10.0.201\Microsoft.Common.CurrentVersion.targets(2451,5): warning MSB3277:             C:\Users\ultra\warewolf\Dev\Dev2.TaskScheduler.Wrappers\bin\Debug\net8.0\Dev2.TaskScheduler.Wrappers.dll [C:\Users\ultra\warewolf\Dev\Warewolf.ResourceManagement.Tests\Warewolf.ResourceManagement.Tests.csproj]
C:\Program Files\dotnet\sdk\10.0.201\Microsoft.Common.CurrentVersion.targets(2451,5): warning MSB3277:             C:\Users\ultra\warewolf\Dev\Dev2.Util\bin\Debug\net8.0\Dev2.Util.dll [C:\Users\ultra\warewolf\Dev\Warewolf.ResourceManagement.Tests\Warewolf.ResourceManagement.Tests.csproj]
C:\Program Files\dotnet\sdk\10.0.201\Microsoft.Common.CurrentVersion.targets(2451,5): warning MSB3277:             C:\Users\ultra\warewolf\Dev\Warewolf.AI.Harness\bin\Debug\net8.0\Warewolf.AI.Harness.dll [C:\Users\ultra\warewolf\Dev\Warewolf.ResourceManagement.Tests\Warewolf.ResourceManagement.Tests.csproj]
C:\Program Files\dotnet\sdk\10.0.201\Microsoft.Common.CurrentVersion.targets(2451,5): warning MSB3277:             C:\Users\ultra\warewolf\Dev\Warewolf.Driver.Serilog\bin\Debug\net8.0\Warewolf.Driver.Serilog.dll [C:\Users\ultra\warewolf\Dev\Warewolf.ResourceManagement.Tests\Warewolf.ResourceManagement.Tests.csproj]
C:\Program Files\dotnet\sdk\10.0.201\Microsoft.Common.CurrentVersion.targets(2451,5): warning MSB3277:             C:\Users\ultra\warewolf\Dev\Warewolf.Sharepoint\bin\Debug\net8.0\Warewolf.Sharepoint.dll [C:\Users\ultra\warewolf\Dev\Warewolf.ResourceManagement.Tests\Warewolf.ResourceManagement.Tests.csproj]
C:\Program Files\dotnet\sdk\10.0.201\Microsoft.Common.CurrentVersion.targets(2451,5): warning MSB3277:             C:\Users\ultra\warewolf\Dev\Warewolf.Storage\bin\Debug\net8.0\Warewolf.Storage.dll [C:\Users\ultra\warewolf\Dev\Warewolf.ResourceManagement.Tests\Warewolf.ResourceManagement.Tests.csproj]
C:\Program Files\dotnet\sdk\10.0.201\Microsoft.Common.CurrentVersion.targets(2451,5): warning MSB3277:             C:\Users\ultra\.nuget\packages\mindbox.data.linq\5.0.0\lib\netstandard2.0\Mindbox.Data.Linq.dll [C:\Users\ultra\warewolf\Dev\Warewolf.ResourceManagement.Tests\Warewolf.ResourceManagement.Tests.csproj]
C:\Program Files\dotnet\sdk\10.0.201\Microsoft.Common.CurrentVersion.targets(2451,5): warning MSB3277:             C:\Users\ultra\.nuget\packages\mysql.data\8.4.0\lib\net8.0\MySql.Data.dll [C:\Users\ultra\warewolf\Dev\Warewolf.ResourceManagement.Tests\Warewolf.ResourceManagement.Tests.csproj]
C:\Program Files\dotnet\sdk\10.0.201\Microsoft.Common.CurrentVersion.targets(2451,5): warning MSB3277:             C:\Users\ultra\.nuget\packages\oracle.manageddataaccess.core\3.21.70\lib\netstandard2.1\Oracle.ManagedDataAccess.dll [C:\Users\ultra\warewolf\Dev\Warewolf.ResourceManagement.Tests\Warewolf.ResourceManagement.Tests.csproj]
C:\Program Files\dotnet\sdk\10.0.201\Microsoft.Common.CurrentVersion.targets(2451,5): warning MSB3277:             C:\Users\ultra\.nuget\packages\system.directoryservices\6.0.0\lib\net6.0\System.DirectoryServices.dll [C:\Users\ultra\warewolf\Dev\Warewolf.ResourceManagement.Tests\Warewolf.ResourceManagement.Tests.csproj]
C:\Program Files\dotnet\sdk\10.0.201\Microsoft.Common.CurrentVersion.targets(2451,5): warning MSB3277:             C:\Users\ultra\.nuget\packages\corewcf.primitives\1.2.1\lib\netstandard2.0\CoreWCF.Primitives.dll [C:\Users\ultra\warewolf\Dev\Warewolf.ResourceManagement.Tests\Warewolf.ResourceManagement.Tests.csproj]
C:\Program Files\dotnet\sdk\10.0.201\Microsoft.Common.CurrentVersion.targets(2451,5): warning MSB3277:             C:\Users\ultra\.nuget\packages\corewcf.http\1.2.1\lib\netstandard2.0\CoreWCF.Http.dll [C:\Users\ultra\warewolf\Dev\Warewolf.ResourceManagement.Tests\Warewolf.ResourceManagement.Tests.csproj]
C:\Program Files\dotnet\sdk\10.0.201\Microsoft.Common.CurrentVersion.targets(2451,5): warning MSB3277:             C:\Users\ultra\.nuget\packages\corewcf.nettcp\1.2.1\lib\netstandard2.0\CoreWCF.NetTcp.dll [C:\Users\ultra\warewolf\Dev\Warewolf.ResourceManagement.Tests\Warewolf.ResourceManagement.Tests.csproj]
C:\Program Files\dotnet\sdk\10.0.201\Microsoft.Common.CurrentVersion.targets(2451,5): warning MSB3277:             C:\Users\ultra\.nuget\packages\corewcf.webhttp\1.2.1\lib\netstandard2.0\CoreWCF.WebHttp.dll [C:\Users\ultra\warewolf\Dev\Warewolf.ResourceManagement.Tests\Warewolf.ResourceManagement.Tests.csproj]
C:\Program Files\dotnet\sdk\10.0.201\Microsoft.Common.CurrentVersion.targets(2451,5): warning MSB3277:             C:\Program Files\dotnet\packs\Microsoft.NETCore.App.Ref\8.0.25\ref/net8.0/System.Configuration.dll [C:\Users\ultra\warewolf\Dev\Warewolf.ResourceManagement.Tests\Warewolf.ResourceManagement.Tests.csproj]
C:\Program Files\dotnet\sdk\10.0.201\Microsoft.Common.CurrentVersion.targets(2451,5): warning MSB3277:             C:\Program Files\dotnet\packs\Microsoft.NETCore.App.Ref\8.0.25\ref/net8.0/System.Data.dll [C:\Users\ultra\warewolf\Dev\Warewolf.ResourceManagement.Tests\Warewolf.ResourceManagement.Tests.csproj]
C:\Program Files\dotnet\sdk\10.0.201\Microsoft.Common.CurrentVersion.targets(2451,5): warning MSB3277:             C:\Users\ultra\.nuget\packages\taskschedulereditor\2.10.1\lib\net452\Microsoft.Win32.TaskSchedulerEditor.dll [C:\Users\ultra\warewolf\Dev\Warewolf.ResourceManagement.Tests\Warewolf.ResourceManagement.Tests.csproj]
C:\Program Files\dotnet\sdk\10.0.201\Microsoft.Common.CurrentVersion.targets(2451,5): warning MSB3277:             C:\Program Files\dotnet\packs\Microsoft.NETCore.App.Ref\8.0.25\ref/net8.0/System.Drawing.dll [C:\Users\ultra\warewolf\Dev\Warewolf.ResourceManagement.Tests\Warewolf.ResourceManagement.Tests.csproj]
C:\Program Files\dotnet\sdk\10.0.201\Microsoft.Common.CurrentVersion.targets(2451,5): warning MSB3277:             C:\Users\ultra\.nuget\packages\aerowizard\2.3.1\lib\net45\AeroWizard.dll [C:\Users\ultra\warewolf\Dev\Warewolf.ResourceManagement.Tests\Warewolf.ResourceManagement.Tests.csproj]
C:\Program Files\dotnet\sdk\10.0.201\Microsoft.Common.CurrentVersion.targets(2451,5): warning MSB3277:             C:\Users\ultra\.nuget\packages\groupcontrols\1.9.0\lib\net45\GroupControls.dll [C:\Users\ultra\warewolf\Dev\Warewolf.ResourceManagement.Tests\Warewolf.ResourceManagement.Tests.csproj]
C:\Program Files\dotnet\sdk\10.0.201\Microsoft.Common.CurrentVersion.targets(2451,5): warning MSB3277:             C:\Program Files\dotnet\packs\Microsoft.NETCore.App.Ref\8.0.25\ref/net8.0/System.Net.dll [C:\Users\ultra\warewolf\Dev\Warewolf.ResourceManagement.Tests\Warewolf.ResourceManagement.Tests.csproj]
C:\Program Files\dotnet\sdk\10.0.201\Microsoft.Common.CurrentVersion.targets(2451,5): warning MSB3277:             C:\Program Files\dotnet\packs\Microsoft.NETCore.App.Ref\8.0.25\ref/net8.0/System.Security.dll [C:\Users\ultra\warewolf\Dev\Warewolf.ResourceManagement.Tests\Warewolf.ResourceManagement.Tests.csproj]
C:\Program Files\dotnet\sdk\10.0.201\Microsoft.Common.CurrentVersion.targets(2451,5): warning MSB3277:             C:\Program Files\dotnet\packs\Microsoft.NETCore.App.Ref\8.0.25\ref/net8.0/System.ServiceProcess.dll [C:\Users\ultra\warewolf\Dev\Warewolf.ResourceManagement.Tests\Warewolf.ResourceManagement.Tests.csproj]
C:\Program Files\dotnet\sdk\10.0.201\Microsoft.Common.CurrentVersion.targets(2451,5): warning MSB3277:             C:\Program Files\dotnet\packs\Microsoft.NETCore.App.Ref\8.0.25\ref/net8.0/System.Transactions.dll [C:\Users\ultra\warewolf\Dev\Warewolf.ResourceManagement.Tests\Warewolf.ResourceManagement.Tests.csproj]
C:\Program Files\dotnet\sdk\10.0.201\Microsoft.Common.CurrentVersion.targets(2451,5): warning MSB3277:             C:\Program Files\dotnet\packs\Microsoft.NETCore.App.Ref\8.0.25\ref/net8.0/System.dll [C:\Users\ultra\warewolf\Dev\Warewolf.ResourceManagement.Tests\Warewolf.ResourceManagement.Tests.csproj]
C:\Program Files\dotnet\sdk\10.0.201\Microsoft.Common.CurrentVersion.targets(2451,5): warning MSB3277:             C:\Users\ultra\.nuget\packages\reactiveui.wpf\18.4.1\lib\net462\ReactiveUI.Wpf.dll [C:\Users\ultra\warewolf\Dev\Warewolf.ResourceManagement.Tests\Warewolf.ResourceManagement.Tests.csproj]
C:\Program Files\dotnet\sdk\10.0.201\Microsoft.Common.CurrentVersion.targets(2451,5): warning MSB3277:             C:\Users\ultra\.nuget\packages\ttcue.netcore.sharepointonline.csom.16.1.8029.1200\16.1.8029.1200\lib\netcoreapp2.0\Microsoft.SharePoint.Client.Runtime.Windows.dll [C:\Users\ultra\warewolf\Dev\Warewolf.ResourceManagement.Tests\Warewolf.ResourceManagement.Tests.csproj]
C:\Program Files\dotnet\sdk\10.0.201\Microsoft.Common.CurrentVersion.targets(2451,5): warning MSB3277:             C:\Program Files\dotnet\packs\Microsoft.NETCore.App.Ref\8.0.25\ref/net8.0/WindowsBase.dll [C:\Users\ultra\warewolf\Dev\Warewolf.ResourceManagement.Tests\Warewolf.ResourceManagement.Tests.csproj]
C:\Program Files\dotnet\sdk\10.0.201\Microsoft.Common.CurrentVersion.targets(2451,5): warning MSB3277:             C:\Program Files\dotnet\packs\Microsoft.NETCore.App.Ref\8.0.25\ref/net8.0/mscorlib.dll [C:\Users\ultra\warewolf\Dev\Warewolf.ResourceManagement.Tests\Warewolf.ResourceManagement.Tests.csproj]
C:\Program Files\dotnet\sdk\10.0.201\Microsoft.Common.CurrentVersion.targets(2451,5): warning MSB3277:             C:\Users\ultra\.nuget\packages\hangfire.core\1.7.32\lib\netstandard2.0\Hangfire.Core.dll [C:\Users\ultra\warewolf\Dev\Warewolf.ResourceManagement.Tests\Warewolf.ResourceManagement.Tests.csproj]
C:\Program Files\dotnet\sdk\10.0.201\Microsoft.Common.CurrentVersion.targets(2451,5): warning MSB3277:             C:\Users\ultra\.nuget\packages\hangfire.sqlserver\1.7.32\lib\netstandard2.0\Hangfire.SqlServer.dll [C:\Users\ultra\warewolf\Dev\Warewolf.ResourceManagement.Tests\Warewolf.ResourceManagement.Tests.csproj]
C:\Program Files\dotnet\sdk\10.0.201\Microsoft.Common.CurrentVersion.targets(2451,5): warning MSB3277:             C:\Users\ultra\.nuget\packages\microsoft.codecoverage\17.13.0\lib\netcoreapp3.1\Microsoft.VisualStudio.CodeCoverage.Shim.dll [C:\Users\ultra\warewolf\Dev\Warewolf.ResourceManagement.Tests\Warewolf.ResourceManagement.Tests.csproj]
C:\Program Files\dotnet\sdk\10.0.201\Microsoft.Common.CurrentVersion.targets(2451,5): warning MSB3277:         C:\Program Files\dotnet\packs\Microsoft.NETCore.App.Ref\8.0.25\ref\net8.0\System.Drawing.dll [C:\Users\ultra\warewolf\Dev\Warewolf.ResourceManagement.Tests\Warewolf.ResourceManagement.Tests.csproj]
C:\Program Files\dotnet\sdk\10.0.201\Microsoft.Common.CurrentVersion.targets(2451,5): warning MSB3277:           Project file item includes which caused reference "C:\Program Files\dotnet\packs\Microsoft.NETCore.App.Ref\8.0.25\ref\net8.0\System.Drawing.dll". [C:\Users\ultra\warewolf\Dev\Warewolf.ResourceManagement.Tests\Warewolf.ResourceManagement.Tests.csproj]
C:\Program Files\dotnet\sdk\10.0.201\Microsoft.Common.CurrentVersion.targets(2451,5): warning MSB3277:             C:\Program Files\dotnet\packs\Microsoft.NETCore.App.Ref\8.0.25\ref/net8.0/System.Drawing.dll [C:\Users\ultra\warewolf\Dev\Warewolf.ResourceManagement.Tests\Warewolf.ResourceManagement.Tests.csproj]
C:\Program Files\dotnet\sdk\10.0.201\Microsoft.Common.CurrentVersion.targets(2451,5): warning MSB3277:             C:\Users\ultra\.nuget\packages\aerowizard\2.3.1\lib\net45\AeroWizard.dll [C:\Users\ultra\warewolf\Dev\Warewolf.ResourceManagement.Tests\Warewolf.ResourceManagement.Tests.csproj]
C:\Program Files\dotnet\sdk\10.0.201\Microsoft.Common.CurrentVersion.targets(2451,5): warning MSB3277:             C:\Users\ultra\.nuget\packages\groupcontrols\1.9.0\lib\net45\GroupControls.dll [C:\Users\ultra\warewolf\Dev\Warewolf.ResourceManagement.Tests\Warewolf.ResourceManagement.Tests.csproj]
C:\Program Files\dotnet\sdk\10.0.201\Microsoft.Common.CurrentVersion.targets(2451,5): warning MSB3277:             C:\Users\ultra\.nuget\packages\taskschedulereditor\2.10.1\lib\net452\Microsoft.Win32.TaskSchedulerEditor.dll [C:\Users\ultra\warewolf\Dev\Warewolf.ResourceManagement.Tests\Warewolf.ResourceManagement.Tests.csproj]
  Warewolf.HangfireServer.Tests -> C:\Users\ultra\warewolf\Dev\Warewolf.HangfireServer.Tests\bin\Debug\net8.0\Warewolf.HangfireServer.Tests.dll
C:\Users\ultra\warewolf\Dev\Warewolf.Core.Tests\Parsing\BitVectorTest.cs(23,21): warning MSTEST0005: Property 'TestContext' should be valid (https://learn.microsoft.com/dotnet/core/testing/mstest-analyzers/mstest0005) [C:\Users\ultra\warewolf\Dev\Warewolf.Core.Tests\Warewolf.Core.Tests.csproj]
C:\Program Files\dotnet\sdk\10.0.201\Sdks\Microsoft.NET.Sdk\targets\Microsoft.NET.Sdk.targets(308,5): warning NETSDK1206: Found version-specific or distribution-specific runtime identifier(s): win7-x64, win7-x86. Affected libraries: SQLite. In .NET 8.0 and higher, assets for version-specific and distribution-specific runtime identifiers will not be found by default. See https://aka.ms/dotnet/rid-usage for details. [C:\Users\ultra\warewolf\Dev\Warewolf.Core.Tests\Warewolf.Core.Tests.csproj]
  Warewolf.Core.Tests -> C:\Users\ultra\warewolf\Dev\Warewolf.Core.Tests\bin\Debug\net8.0\Warewolf.Core.Tests.dll
  Warewolf.Parsing.Tests -> C:\Users\ultra\warewolf\Bin\ServerTests-Windows\
  Warewolf.Storage.Tests -> C:\Users\ultra\warewolf\Bin\ServerTests-Windows\
  Dev2.Scheduler.Tests -> C:\Users\ultra\warewolf\Bin\ServerTests-Windows\
  Warewolf.HangfireServer.Tests -> C:\Users\ultra\warewolf\Bin\ServerTests-Windows\
  Warewolf.Core.Tests -> C:\Users\ultra\warewolf\Bin\ServerTests-Windows\
C:\Program Files\dotnet\sdk\10.0.201\Microsoft.Common.CurrentVersion.targets(2451,5): warning MSB3277: Found conflicts between different versions of "WindowsBase" that could not be resolved. [C:\Users\ultra\warewolf\Dev\Dev2.Runtime\Dev2.Runtime.csproj]
C:\Program Files\dotnet\sdk\10.0.201\Microsoft.Common.CurrentVersion.targets(2451,5): warning MSB3277: There was a conflict between "WindowsBase, Version=4.0.0.0, Culture=neutral, PublicKeyToken=31bf3856ad364e35" and "WindowsBase, Version=6.0.2.0, Culture=neutral, PublicKeyToken=31bf3856ad364e35". [C:\Users\ultra\warewolf\Dev\Dev2.Runtime\Dev2.Runtime.csproj]
C:\Program Files\dotnet\sdk\10.0.201\Microsoft.Common.CurrentVersion.targets(2451,5): warning MSB3277:     "WindowsBase, Version=4.0.0.0, Culture=neutral, PublicKeyToken=31bf3856ad364e35" was chosen because it was primary and "WindowsBase, Version=6.0.2.0, Culture=neutral, PublicKeyToken=31bf3856ad364e35" was not. [C:\Users\ultra\warewolf\Dev\Dev2.Runtime\Dev2.Runtime.csproj]
C:\Program Files\dotnet\sdk\10.0.201\Microsoft.Common.CurrentVersion.targets(2451,5): warning MSB3277:     References which depend on "WindowsBase, Version=4.0.0.0, Culture=neutral, PublicKeyToken=31bf3856ad364e35" [C:\Program Files\dotnet\packs\Microsoft.NETCore.App.Ref\8.0.25\ref\net8.0\WindowsBase.dll]. [C:\Users\ultra\warewolf\Dev\Dev2.Runtime\Dev2.Runtime.csproj]
C:\Program Files\dotnet\sdk\10.0.201\Microsoft.Common.CurrentVersion.targets(2451,5): warning MSB3277:         C:\Program Files\dotnet\packs\Microsoft.NETCore.App.Ref\8.0.25\ref\net8.0\WindowsBase.dll [C:\Users\ultra\warewolf\Dev\Dev2.Runtime\Dev2.Runtime.csproj]
C:\Program Files\dotnet\sdk\10.0.201\Microsoft.Common.CurrentVersion.targets(2451,5): warning MSB3277:           Project file item includes which caused reference "C:\Program Files\dotnet\packs\Microsoft.NETCore.App.Ref\8.0.25\ref\net8.0\WindowsBase.dll". [C:\Users\ultra\warewolf\Dev\Dev2.Runtime\Dev2.Runtime.csproj]
C:\Program Files\dotnet\sdk\10.0.201\Microsoft.Common.CurrentVersion.targets(2451,5): warning MSB3277:             C:\Program Files\dotnet\packs\Microsoft.NETCore.App.Ref\8.0.25\ref/net8.0/WindowsBase.dll [C:\Users\ultra\warewolf\Dev\Dev2.Runtime\Dev2.Runtime.csproj]
C:\Program Files\dotnet\sdk\10.0.201\Microsoft.Common.CurrentVersion.targets(2451,5): warning MSB3277:     References which depend on or have been unified to "WindowsBase, Version=6.0.2.0, Culture=neutral, PublicKeyToken=31bf3856ad364e35" []. [C:\Users\ultra\warewolf\Dev\Dev2.Runtime\Dev2.Runtime.csproj]
C:\Program Files\dotnet\sdk\10.0.201\Microsoft.Common.CurrentVersion.targets(2451,5): warning MSB3277:         C:\Users\ultra\.nuget\packages\caliburn.micro\4.0.212\lib\netcoreapp3.1\Caliburn.Micro.Platform.dll [C:\Users\ultra\warewolf\Dev\Dev2.Runtime\Dev2.Runtime.csproj]
C:\Program Files\dotnet\sdk\10.0.201\Microsoft.Common.CurrentVersion.targets(2451,5): warning MSB3277:           Project file item includes which caused reference "C:\Users\ultra\.nuget\packages\caliburn.micro\4.0.212\lib\netcoreapp3.1\Caliburn.Micro.Platform.dll". [C:\Users\ultra\warewolf\Dev\Dev2.Runtime\Dev2.Runtime.csproj]
C:\Program Files\dotnet\sdk\10.0.201\Microsoft.Common.CurrentVersion.targets(2451,5): warning MSB3277:             C:\Users\ultra\.nuget\packages\caliburn.micro\4.0.212\lib\netcoreapp3.1\Caliburn.Micro.Platform.dll [C:\Users\ultra\warewolf\Dev\Dev2.Runtime\Dev2.Runtime.csproj]
C:\Program Files\dotnet\sdk\10.0.201\Microsoft.Common.CurrentVersion.targets(2451,5): warning MSB3277:         C:\Users\ultra\.nuget\packages\ironpython\3.4.0\lib\net6.0\IronPython.Wpf.dll [C:\Users\ultra\warewolf\Dev\Dev2.Runtime\Dev2.Runtime.csproj]
C:\Program Files\dotnet\sdk\10.0.201\Microsoft.Common.CurrentVersion.targets(2451,5): warning MSB3277:           Project file item includes which caused reference "C:\Users\ultra\.nuget\packages\ironpython\3.4.0\lib\net6.0\IronPython.Wpf.dll". [C:\Users\ultra\warewolf\Dev\Dev2.Runtime\Dev2.Runtime.csproj]
C:\Program Files\dotnet\sdk\10.0.201\Microsoft.Common.CurrentVersion.targets(2451,5): warning MSB3277:             C:\Users\ultra\.nuget\packages\ironpython\3.4.0\lib\net6.0\IronPython.Wpf.dll [C:\Users\ultra\warewolf\Dev\Dev2.Runtime\Dev2.Runtime.csproj]
C:\Program Files\dotnet\sdk\10.0.201\Microsoft.Common.CurrentVersion.targets(2451,5): warning MSB3277:         C:\Users\ultra\.nuget\packages\microsoft.xaml.behaviors.wpf\1.1.19\lib\netcoreapp3.0\Microsoft.Xaml.Behaviors.dll [C:\Users\ultra\warewolf\Dev\Dev2.Runtime\Dev2.Runtime.csproj]
C:\Program Files\dotnet\sdk\10.0.201\Microsoft.Common.CurrentVersion.targets(2451,5): warning MSB3277:           Project file item includes which caused reference "C:\Users\ultra\.nuget\packages\microsoft.xaml.behaviors.wpf\1.1.19\lib\netcoreapp3.0\Microsoft.Xaml.Behaviors.dll". [C:\Users\ultra\warewolf\Dev\Dev2.Runtime\Dev2.Runtime.csproj]
C:\Program Files\dotnet\sdk\10.0.201\Microsoft.Common.CurrentVersion.targets(2451,5): warning MSB3277:             C:\Users\ultra\.nuget\packages\microsoft.xaml.behaviors.wpf\1.1.19\lib\netcoreapp3.0\Microsoft.Xaml.Behaviors.dll [C:\Users\ultra\warewolf\Dev\Dev2.Runtime\Dev2.Runtime.csproj]
C:\Program Files\dotnet\sdk\10.0.201\Microsoft.Common.CurrentVersion.targets(2451,5): warning MSB3277:             C:\Users\ultra\.nuget\packages\caliburn.micro\4.0.212\lib\netcoreapp3.1\Caliburn.Micro.Platform.dll [C:\Users\ultra\warewolf\Dev\Dev2.Runtime\Dev2.Runtime.csproj]
C:\Program Files\dotnet\sdk\10.0.201\Microsoft.Common.CurrentVersion.targets(2451,5): warning MSB3277:         C:\Users\ultra\.nuget\packages\reactiveui.wpf\18.4.1\lib\net462\ReactiveUI.Wpf.dll [C:\Users\ultra\warewolf\Dev\Dev2.Runtime\Dev2.Runtime.csproj]
C:\Program Files\dotnet\sdk\10.0.201\Microsoft.Common.CurrentVersion.targets(2451,5): warning MSB3277:           Project file item includes which caused reference "C:\Users\ultra\.nuget\packages\reactiveui.wpf\18.4.1\lib\net462\ReactiveUI.Wpf.dll". [C:\Users\ultra\warewolf\Dev\Dev2.Runtime\Dev2.Runtime.csproj]
C:\Program Files\dotnet\sdk\10.0.201\Microsoft.Common.CurrentVersion.targets(2451,5): warning MSB3277:             C:\Users\ultra\.nuget\packages\reactiveui.wpf\18.4.1\lib\net462\ReactiveUI.Wpf.dll [C:\Users\ultra\warewolf\Dev\Dev2.Runtime\Dev2.Runtime.csproj]
  Dev2.Services.Execution.Tests -> C:\Users\ultra\warewolf\Dev\Dev2.Services.Execution.Tests\bin\Debug\net8.0\Dev2.Services.Execution.Tests.dll
  Dev2.Services.Execution.Tests -> C:\Users\ultra\warewolf\Bin\ServerTests-Windows\
C:\Users\ultra\warewolf\Dev\Dev2.Studio.Core\Activities\Services\DesignerManagementService.cs(75,13): warning CS0618: 'EventAggregatorExtensions.Subscribe(IEventAggregator, object)' is obsolete: 'Use SubscribeOnPublishedThread' [C:\Users\ultra\warewolf\Dev\Dev2.Studio.Core\Dev2.Studio.Core.csproj]
C:\Users\ultra\warewolf\Dev\Dev2.Studio.Core\Diagnostics\DebugStateTreeViewItemViewModel.cs(119,13): warning CC0105: Use 'var' instead of specifying the type name. (https://code-cracker.github.io/diagnostics/CC0105.html) [C:\Users\ultra\warewolf\Dev\Dev2.Studio.Core\Dev2.Studio.Core.csproj]
C:\Users\ultra\warewolf\Dev\Dev2.Studio.Core\AppResources\Converters\NullableBoolToBoolConverter.cs(31,45): warning CC0057: Parameter 'targetType' is not used. (https://code-cracker.github.io/diagnostics/CC0057.html) [C:\Users\ultra\warewolf\Dev\Dev2.Studio.Core\Dev2.Studio.Core.csproj]
C:\Users\ultra\warewolf\Dev\Dev2.Studio.Core\AppResources\Converters\NullableBoolToBoolConverter.cs(31,62): warning CC0057: Parameter 'parameter' is not used. (https://code-cracker.github.io/diagnostics/CC0057.html) [C:\Users\ultra\warewolf\Dev\Dev2.Studio.Core\Dev2.Studio.Core.csproj]
C:\Users\ultra\warewolf\Dev\Dev2.Studio.Core\AppResources\Converters\NullableBoolToBoolConverter.cs(31,80): warning CC0057: Parameter 'culture' is not used. (https://code-cracker.github.io/diagnostics/CC0057.html) [C:\Users\ultra\warewolf\Dev\Dev2.Studio.Core\Dev2.Studio.Core.csproj]
C:\Users\ultra\warewolf\Dev\Dev2.Studio.Core\AppResources\Converters\NullableBoolToBoolConverter.cs(41,23): warning CC0057: Parameter 'value' is not used. (https://code-cracker.github.io/diagnostics/CC0057.html) [C:\Users\ultra\warewolf\Dev\Dev2.Studio.Core\Dev2.Studio.Core.csproj]
C:\Users\ultra\warewolf\Dev\Dev2.Studio.Core\AppResources\Converters\NullableBoolToBoolConverter.cs(41,37): warning CC0057: Parameter 'targetType' is not used. (https://code-cracker.github.io/diagnostics/CC0057.html) [C:\Users\ultra\warewolf\Dev\Dev2.Studio.Core\Dev2.Studio.Core.csproj]
C:\Users\ultra\warewolf\Dev\Dev2.Studio.Core\AppResources\Converters\NullableBoolToBoolConverter.cs(41,54): warning CC0057: Parameter 'parameter' is not used. (https://code-cracker.github.io/diagnostics/CC0057.html) [C:\Users\ultra\warewolf\Dev\Dev2.Studio.Core\Dev2.Studio.Core.csproj]
C:\Users\ultra\warewolf\Dev\Dev2.Studio.Core\AppResources\Converters\NullableBoolToBoolConverter.cs(41,72): warning CC0057: Parameter 'culture' is not used. (https://code-cracker.github.io/diagnostics/CC0057.html) [C:\Users\ultra\warewolf\Dev\Dev2.Studio.Core\Dev2.Studio.Core.csproj]
C:\Users\ultra\warewolf\Dev\Dev2.Studio.Core\AppResources\Converters\ModelItemToActivityConverter.cs(31,42): warning CC0057: Parameter 'targetType' is not used. (https://code-cracker.github.io/diagnostics/CC0057.html) [C:\Users\ultra\warewolf\Dev\Dev2.Studio.Core\Dev2.Studio.Core.csproj]
C:\Users\ultra\warewolf\Dev\Dev2.Studio.Core\AppResources\Converters\ModelItemToActivityConverter.cs(31,59): warning CC0057: Parameter 'parameter' is not used. (https://code-cracker.github.io/diagnostics/CC0057.html) [C:\Users\ultra\warewolf\Dev\Dev2.Studio.Core\Dev2.Studio.Core.csproj]
C:\Users\ultra\warewolf\Dev\Dev2.Studio.Core\AppResources\Converters\ModelItemToActivityConverter.cs(31,77): warning CC0057: Parameter 'culture' is not used. (https://code-cracker.github.io/diagnostics/CC0057.html) [C:\Users\ultra\warewolf\Dev\Dev2.Studio.Core\Dev2.Studio.Core.csproj]
C:\Users\ultra\warewolf\Dev\Dev2.Studio.Core\AppResources\Converters\ModelItemToActivityConverter.cs(45,46): warning CC0057: Parameter 'targetType' is not used. (https://code-cracker.github.io/diagnostics/CC0057.html) [C:\Users\ultra\warewolf\Dev\Dev2.Studio.Core\Dev2.Studio.Core.csproj]
C:\Users\ultra\warewolf\Dev\Dev2.Studio.Core\AppResources\Converters\ModelItemToActivityConverter.cs(45,81): warning CC0057: Parameter 'culture' is not used. (https://code-cracker.github.io/diagnostics/CC0057.html) [C:\Users\ultra\warewolf\Dev\Dev2.Studio.Core\Dev2.Studio.Core.csproj]
C:\Users\ultra\warewolf\Dev\Dev2.Studio.Core\DataList\Dev2TrieSuggestionProvider.cs(180,13): warning CC0004: Empty Catch Block. (https://code-cracker.github.io/diagnostics/CC0004.html) [C:\Users\ultra\warewolf\Dev\Dev2.Studio.Core\Dev2.Studio.Core.csproj]
C:\Users\ultra\warewolf\Dev\Dev2.Runtime\ESB\Execution\RemoteWorkflowExecutionContainer.cs(235,35): warning SYSLIB0013: 'Uri.EscapeUriString(string)' is obsolete: 'Uri.EscapeUriString can corrupt the Uri string in some cases. Consider using Uri.EscapeDataString for query string components instead.' (https://aka.ms/dotnet-warnings/SYSLIB0013) [C:\Users\ultra\warewolf\Dev\Dev2.Runtime\Dev2.Runtime.csproj]
C:\Users\ultra\warewolf\Dev\Dev2.Runtime\ESB\Execution\RemoteWorkflowExecutionContainer.cs(301,39): warning SYSLIB0013: 'Uri.EscapeUriString(string)' is obsolete: 'Uri.EscapeUriString can corrupt the Uri string in some cases. Consider using Uri.EscapeDataString for query string components instead.' (https://aka.ms/dotnet-warnings/SYSLIB0013) [C:\Users\ultra\warewolf\Dev\Dev2.Runtime\Dev2.Runtime.csproj]
C:\Users\ultra\warewolf\Dev\Dev2.Runtime\ESB\WF\XamlActivityHelper.cs(66,13): warning CC0004: Empty Catch Block. (https://code-cracker.github.io/diagnostics/CC0004.html) [C:\Users\ultra\warewolf\Dev\Dev2.Runtime\Dev2.Runtime.csproj]
C:\Users\ultra\warewolf\Dev\Dev2.Runtime\ESB\Execution\WfExecutionContainer.cs(63,35): warning CC0067: Do not call overridable methods in constructors (https://code-cracker.github.io/diagnostics/CC0067.html) [C:\Users\ultra\warewolf\Dev\Dev2.Runtime\Dev2.Runtime.csproj]
C:\Users\ultra\warewolf\Dev\Dev2.Runtime\ESB\WF\XamlActivityHelper.cs(133,13): warning CC0004: Empty Catch Block. (https://code-cracker.github.io/diagnostics/CC0004.html) [C:\Users\ultra\warewolf\Dev\Dev2.Runtime\Dev2.Runtime.csproj]
C:\Users\ultra\warewolf\Dev\Dev2.Runtime\ESB\WF\XamlActivityHelper.cs(179,17): warning CC0004: Empty Catch Block. (https://code-cracker.github.io/diagnostics/CC0004.html) [C:\Users\ultra\warewolf\Dev\Dev2.Runtime\Dev2.Runtime.csproj]
C:\Users\ultra\warewolf\Dev\Dev2.Runtime\ESB\WF\XamlActivityHelper.cs(230,17): warning CC0004: Empty Catch Block. (https://code-cracker.github.io/diagnostics/CC0004.html) [C:\Users\ultra\warewolf\Dev\Dev2.Runtime\Dev2.Runtime.csproj]
C:\Users\ultra\warewolf\Dev\Dev2.Runtime\ESB\WF\XamlActivityHelper.cs(240,43): warning CC0057: Parameter 'instance' is not used. (https://code-cracker.github.io/diagnostics/CC0057.html) [C:\Users\ultra\warewolf\Dev\Dev2.Runtime\Dev2.Runtime.csproj]
C:\Users\ultra\warewolf\Dev\Dev2.Runtime\ESB\Execution\WfExecutionContainer.cs(774,37): warning CC0022: StateAuditLogger should be disposed. (https://code-cracker.github.io/diagnostics/CC0022.html) [C:\Users\ultra\warewolf\Dev\Dev2.Runtime\Dev2.Runtime.csproj]
C:\Users\ultra\warewolf\Dev\Dev2.Runtime\ESB\Execution\WfExecutionContainer.cs(578,33): warning CC0003: Consider adding an Exception to the catch. (https://code-cracker.github.io/diagnostics/CC0003.html) [C:\Users\ultra\warewolf\Dev\Dev2.Runtime\Dev2.Runtime.csproj]
C:\Users\ultra\warewolf\Dev\Dev2.Runtime\ESB\Execution\WfExecutionContainer.cs(819,17): warning CC0004: Empty Catch Block. (https://code-cracker.github.io/diagnostics/CC0004.html) [C:\Users\ultra\warewolf\Dev\Dev2.Runtime\Dev2.Runtime.csproj]
C:\Users\ultra\warewolf\Dev\Dev2.Runtime\ESB\Execution\WfExecutionContainer.cs(864,21): warning CC0004: Empty Catch Block. (https://code-cracker.github.io/diagnostics/CC0004.html) [C:\Users\ultra\warewolf\Dev\Dev2.Runtime\Dev2.Runtime.csproj]
C:\Program Files\dotnet\sdk\10.0.201\Sdks\Microsoft.NET.Sdk\targets\Microsoft.NET.Sdk.targets(308,5): warning NETSDK1206: Found version-specific or distribution-specific runtime identifier(s): win10-x64, win10-x86, win7-x64, win7-x86, win8-x64, win8-x86, win81-x64, win81-x86. Affected libraries: Microsoft.Management.Infrastructure.Runtime.Win, SQLite. In .NET 8.0 and higher, assets for version-specific and distribution-specific runtime identifiers will not be found by default. See https://aka.ms/dotnet/rid-usage for details. [C:\Users\ultra\warewolf\Dev\Dev2.Runtime\Dev2.Runtime.csproj]
  Dev2.Runtime -> C:\Users\ultra\warewolf\Dev\Dev2.Runtime\bin\Debug\net8.0\Dev2.Runtime.dll
C:\Program Files\dotnet\sdk\10.0.201\Sdks\Microsoft.NET.Sdk\targets\Microsoft.NET.Sdk.targets(308,5): warning NETSDK1206: Found version-specific or distribution-specific runtime identifier(s): win10-x64, win10-x86, win7-x64, win7-x86, win8-x64, win8-x86, win81-x64, win81-x86. Affected libraries: Microsoft.Management.Infrastructure.Runtime.Win, SQLite. In .NET 8.0 and higher, assets for version-specific and distribution-specific runtime identifiers will not be found by default. See https://aka.ms/dotnet/rid-usage for details. [C:\Users\ultra\warewolf\Dev\Dev2.Studio.Core\Dev2.Studio.Core.csproj]
  Dev2.Studio.Core -> C:\Users\ultra\warewolf\Dev\Dev2.Studio.Core\bin\Debug\net8.0\Dev2.Studio.Core.dll
C:\Program Files\dotnet\sdk\10.0.201\Microsoft.Common.CurrentVersion.targets(2451,5): warning MSB3277: Found conflicts between different versions of "WindowsBase" that could not be resolved. [C:\Users\ultra\warewolf\Dev\Warewolf.MergeParser\Warewolf.MergeParser.csproj]
C:\Program Files\dotnet\sdk\10.0.201\Microsoft.Common.CurrentVersion.targets(2451,5): warning MSB3277: There was a conflict between "WindowsBase, Version=4.0.0.0, Culture=neutral, PublicKeyToken=31bf3856ad364e35" and "WindowsBase, Version=6.0.2.0, Culture=neutral, PublicKeyToken=31bf3856ad364e35". [C:\Users\ultra\warewolf\Dev\Warewolf.MergeParser\Warewolf.MergeParser.csproj]
C:\Program Files\dotnet\sdk\10.0.201\Microsoft.Common.CurrentVersion.targets(2451,5): warning MSB3277:     "WindowsBase, Version=4.0.0.0, Culture=neutral, PublicKeyToken=31bf3856ad364e35" was chosen because it was primary and "WindowsBase, Version=6.0.2.0, Culture=neutral, PublicKeyToken=31bf3856ad364e35" was not. [C:\Users\ultra\warewolf\Dev\Warewolf.MergeParser\Warewolf.MergeParser.csproj]
C:\Program Files\dotnet\sdk\10.0.201\Microsoft.Common.CurrentVersion.targets(2451,5): warning MSB3277:     References which depend on "WindowsBase, Version=4.0.0.0, Culture=neutral, PublicKeyToken=31bf3856ad364e35" [C:\Program Files\dotnet\packs\Microsoft.NETCore.App.Ref\8.0.25\ref\net8.0\WindowsBase.dll]. [C:\Users\ultra\warewolf\Dev\Warewolf.MergeParser\Warewolf.MergeParser.csproj]
C:\Program Files\dotnet\sdk\10.0.201\Microsoft.Common.CurrentVersion.targets(2451,5): warning MSB3277:         C:\Program Files\dotnet\packs\Microsoft.NETCore.App.Ref\8.0.25\ref\net8.0\WindowsBase.dll [C:\Users\ultra\warewolf\Dev\Warewolf.MergeParser\Warewolf.MergeParser.csproj]
C:\Program Files\dotnet\sdk\10.0.201\Microsoft.Common.CurrentVersion.targets(2451,5): warning MSB3277:           Project file item includes which caused reference "C:\Program Files\dotnet\packs\Microsoft.NETCore.App.Ref\8.0.25\ref\net8.0\WindowsBase.dll". [C:\Users\ultra\warewolf\Dev\Warewolf.MergeParser\Warewolf.MergeParser.csproj]
C:\Program Files\dotnet\sdk\10.0.201\Microsoft.Common.CurrentVersion.targets(2451,5): warning MSB3277:             C:\Program Files\dotnet\packs\Microsoft.NETCore.App.Ref\8.0.25\ref/net8.0/WindowsBase.dll [C:\Users\ultra\warewolf\Dev\Warewolf.MergeParser\Warewolf.MergeParser.csproj]
C:\Program Files\dotnet\sdk\10.0.201\Microsoft.Common.CurrentVersion.targets(2451,5): warning MSB3277:     References which depend on or have been unified to "WindowsBase, Version=6.0.2.0, Culture=neutral, PublicKeyToken=31bf3856ad364e35" []. [C:\Users\ultra\warewolf\Dev\Warewolf.MergeParser\Warewolf.MergeParser.csproj]
C:\Program Files\dotnet\sdk\10.0.201\Microsoft.Common.CurrentVersion.targets(2451,5): warning MSB3277:         C:\Users\ultra\.nuget\packages\caliburn.micro\4.0.212\lib\netcoreapp3.1\Caliburn.Micro.Platform.dll [C:\Users\ultra\warewolf\Dev\Warewolf.MergeParser\Warewolf.MergeParser.csproj]
C:\Program Files\dotnet\sdk\10.0.201\Microsoft.Common.CurrentVersion.targets(2451,5): warning MSB3277:           Project file item includes which caused reference "C:\Users\ultra\.nuget\packages\caliburn.micro\4.0.212\lib\netcoreapp3.1\Caliburn.Micro.Platform.dll". [C:\Users\ultra\warewolf\Dev\Warewolf.MergeParser\Warewolf.MergeParser.csproj]
C:\Program Files\dotnet\sdk\10.0.201\Microsoft.Common.CurrentVersion.targets(2451,5): warning MSB3277:             C:\Users\ultra\.nuget\packages\caliburn.micro\4.0.212\lib\netcoreapp3.1\Caliburn.Micro.Platform.dll [C:\Users\ultra\warewolf\Dev\Warewolf.MergeParser\Warewolf.MergeParser.csproj]
C:\Program Files\dotnet\sdk\10.0.201\Microsoft.Common.CurrentVersion.targets(2451,5): warning MSB3277:         C:\Users\ultra\.nuget\packages\ironpython\3.4.0\lib\net6.0\IronPython.Wpf.dll [C:\Users\ultra\warewolf\Dev\Warewolf.MergeParser\Warewolf.MergeParser.csproj]
C:\Program Files\dotnet\sdk\10.0.201\Microsoft.Common.CurrentVersion.targets(2451,5): warning MSB3277:           Project file item includes which caused reference "C:\Users\ultra\.nuget\packages\ironpython\3.4.0\lib\net6.0\IronPython.Wpf.dll". [C:\Users\ultra\warewolf\Dev\Warewolf.MergeParser\Warewolf.MergeParser.csproj]
C:\Program Files\dotnet\sdk\10.0.201\Microsoft.Common.CurrentVersion.targets(2451,5): warning MSB3277:             C:\Users\ultra\.nuget\packages\ironpython\3.4.0\lib\net6.0\IronPython.Wpf.dll [C:\Users\ultra\warewolf\Dev\Warewolf.MergeParser\Warewolf.MergeParser.csproj]
C:\Program Files\dotnet\sdk\10.0.201\Microsoft.Common.CurrentVersion.targets(2451,5): warning MSB3277:         C:\Users\ultra\.nuget\packages\microsoft.xaml.behaviors.wpf\1.1.122\lib\net462\Microsoft.Xaml.Behaviors.dll [C:\Users\ultra\warewolf\Dev\Warewolf.MergeParser\Warewolf.MergeParser.csproj]
C:\Program Files\dotnet\sdk\10.0.201\Microsoft.Common.CurrentVersion.targets(2451,5): warning MSB3277:           Project file item includes which caused reference "C:\Users\ultra\.nuget\packages\microsoft.xaml.behaviors.wpf\1.1.122\lib\net462\Microsoft.Xaml.Behaviors.dll". [C:\Users\ultra\warewolf\Dev\Warewolf.MergeParser\Warewolf.MergeParser.csproj]
C:\Program Files\dotnet\sdk\10.0.201\Microsoft.Common.CurrentVersion.targets(2451,5): warning MSB3277:             C:\Users\ultra\.nuget\packages\microsoft.xaml.behaviors.wpf\1.1.122\lib\net462\Microsoft.Xaml.Behaviors.dll [C:\Users\ultra\warewolf\Dev\Warewolf.MergeParser\Warewolf.MergeParser.csproj]
C:\Program Files\dotnet\sdk\10.0.201\Microsoft.Common.CurrentVersion.targets(2451,5): warning MSB3277:             C:\Users\ultra\.nuget\packages\caliburn.micro\4.0.212\lib\netcoreapp3.1\Caliburn.Micro.Platform.dll [C:\Users\ultra\warewolf\Dev\Warewolf.MergeParser\Warewolf.MergeParser.csproj]
C:\Program Files\dotnet\sdk\10.0.201\Microsoft.Common.CurrentVersion.targets(2451,5): warning MSB3277:             C:\Users\ultra\.nuget\packages\prism.wpf\9.0.537\lib\net462\Prism.Wpf.dll [C:\Users\ultra\warewolf\Dev\Warewolf.MergeParser\Warewolf.MergeParser.csproj]
C:\Program Files\dotnet\sdk\10.0.201\Microsoft.Common.CurrentVersion.targets(2451,5): warning MSB3277:         C:\Users\ultra\.nuget\packages\prism.wpf\9.0.537\lib\net462\Prism.Wpf.dll [C:\Users\ultra\warewolf\Dev\Warewolf.MergeParser\Warewolf.MergeParser.csproj]
C:\Program Files\dotnet\sdk\10.0.201\Microsoft.Common.CurrentVersion.targets(2451,5): warning MSB3277:           Project file item includes which caused reference "C:\Users\ultra\.nuget\packages\prism.wpf\9.0.537\lib\net462\Prism.Wpf.dll". [C:\Users\ultra\warewolf\Dev\Warewolf.MergeParser\Warewolf.MergeParser.csproj]
C:\Program Files\dotnet\sdk\10.0.201\Microsoft.Common.CurrentVersion.targets(2451,5): warning MSB3277:             C:\Users\ultra\.nuget\packages\prism.wpf\9.0.537\lib\net462\Prism.Wpf.dll [C:\Users\ultra\warewolf\Dev\Warewolf.MergeParser\Warewolf.MergeParser.csproj]
C:\Program Files\dotnet\sdk\10.0.201\Microsoft.Common.CurrentVersion.targets(2451,5): warning MSB3277:         C:\Users\ultra\.nuget\packages\reactiveui.wpf\18.4.1\lib\net462\ReactiveUI.Wpf.dll [C:\Users\ultra\warewolf\Dev\Warewolf.MergeParser\Warewolf.MergeParser.csproj]
C:\Program Files\dotnet\sdk\10.0.201\Microsoft.Common.CurrentVersion.targets(2451,5): warning MSB3277:           Project file item includes which caused reference "C:\Users\ultra\.nuget\packages\reactiveui.wpf\18.4.1\lib\net462\ReactiveUI.Wpf.dll". [C:\Users\ultra\warewolf\Dev\Warewolf.MergeParser\Warewolf.MergeParser.csproj]
C:\Program Files\dotnet\sdk\10.0.201\Microsoft.Common.CurrentVersion.targets(2451,5): warning MSB3277:             C:\Users\ultra\.nuget\packages\reactiveui.wpf\18.4.1\lib\net462\ReactiveUI.Wpf.dll [C:\Users\ultra\warewolf\Dev\Warewolf.MergeParser\Warewolf.MergeParser.csproj]
C:\Program Files\dotnet\sdk\10.0.201\Microsoft.Common.CurrentVersion.targets(2451,5): warning MSB3277: Found conflicts between different versions of "Microsoft.Win32.SystemEvents" that could not be resolved. [C:\Users\ultra\warewolf\Dev\Dev2.Intellisense\Dev2.Intellisense.csproj]
C:\Program Files\dotnet\sdk\10.0.201\Microsoft.Common.CurrentVersion.targets(2451,5): warning MSB3277: There was a conflict between "Microsoft.Win32.SystemEvents, Version=6.0.0.0, Culture=neutral, PublicKeyToken=cc7b13ffcd2ddd51" and "Microsoft.Win32.SystemEvents, Version=7.0.0.0, Culture=neutral, PublicKeyToken=cc7b13ffcd2ddd51". [C:\Users\ultra\warewolf\Dev\Dev2.Intellisense\Dev2.Intellisense.csproj]
C:\Program Files\dotnet\sdk\10.0.201\Microsoft.Common.CurrentVersion.targets(2451,5): warning MSB3277:     "Microsoft.Win32.SystemEvents, Version=6.0.0.0, Culture=neutral, PublicKeyToken=cc7b13ffcd2ddd51" was chosen because it was primary and "Microsoft.Win32.SystemEvents, Version=7.0.0.0, Culture=neutral, PublicKeyToken=cc7b13ffcd2ddd51" was not. [C:\Users\ultra\warewolf\Dev\Dev2.Intellisense\Dev2.Intellisense.csproj]
C:\Program Files\dotnet\sdk\10.0.201\Microsoft.Common.CurrentVersion.targets(2451,5): warning MSB3277:     References which depend on "Microsoft.Win32.SystemEvents, Version=6.0.0.0, Culture=neutral, PublicKeyToken=cc7b13ffcd2ddd51" [C:\Users\ultra\.nuget\packages\microsoft.win32.systemevents\6.0.0\lib\net6.0\Microsoft.Win32.SystemEvents.dll]. [C:\Users\ultra\warewolf\Dev\Dev2.Intellisense\Dev2.Intellisense.csproj]
C:\Program Files\dotnet\sdk\10.0.201\Microsoft.Common.CurrentVersion.targets(2451,5): warning MSB3277:         C:\Users\ultra\.nuget\packages\microsoft.win32.systemevents\6.0.0\lib\net6.0\Microsoft.Win32.SystemEvents.dll [C:\Users\ultra\warewolf\Dev\Dev2.Intellisense\Dev2.Intellisense.csproj]
C:\Program Files\dotnet\sdk\10.0.201\Microsoft.Common.CurrentVersion.targets(2451,5): warning MSB3277:           Project file item includes which caused reference "C:\Users\ultra\.nuget\packages\microsoft.win32.systemevents\6.0.0\lib\net6.0\Microsoft.Win32.SystemEvents.dll". [C:\Users\ultra\warewolf\Dev\Dev2.Intellisense\Dev2.Intellisense.csproj]
C:\Program Files\dotnet\sdk\10.0.201\Microsoft.Common.CurrentVersion.targets(2451,5): warning MSB3277:             C:\Users\ultra\.nuget\packages\microsoft.win32.systemevents\6.0.0\lib\net6.0\Microsoft.Win32.SystemEvents.dll [C:\Users\ultra\warewolf\Dev\Dev2.Intellisense\Dev2.Intellisense.csproj]
C:\Program Files\dotnet\sdk\10.0.201\Microsoft.Common.CurrentVersion.targets(2451,5): warning MSB3277:     References which depend on or have been unified to "Microsoft.Win32.SystemEvents, Version=7.0.0.0, Culture=neutral, PublicKeyToken=cc7b13ffcd2ddd51" []. [C:\Users\ultra\warewolf\Dev\Dev2.Intellisense\Dev2.Intellisense.csproj]
C:\Program Files\dotnet\sdk\10.0.201\Microsoft.Common.CurrentVersion.targets(2451,5): warning MSB3277:         C:\Users\ultra\warewolf\Dev\Dev2.Common\bin\Debug\net8.0\Dev2.Common.dll [C:\Users\ultra\warewolf\Dev\Dev2.Intellisense\Dev2.Intellisense.csproj]
C:\Program Files\dotnet\sdk\10.0.201\Microsoft.Common.CurrentVersion.targets(2451,5): warning MSB3277:           Project file item includes which caused reference "C:\Users\ultra\warewolf\Dev\Dev2.Common\bin\Debug\net8.0\Dev2.Common.dll". [C:\Users\ultra\warewolf\Dev\Dev2.Intellisense\Dev2.Intellisense.csproj]
C:\Program Files\dotnet\sdk\10.0.201\Microsoft.Common.CurrentVersion.targets(2451,5): warning MSB3277:             C:\Users\ultra\warewolf\Dev\Dev2.Common\bin\Debug\net8.0\Dev2.Common.dll [C:\Users\ultra\warewolf\Dev\Dev2.Intellisense\Dev2.Intellisense.csproj]
C:\Program Files\dotnet\sdk\10.0.201\Microsoft.Common.CurrentVersion.targets(2451,5): warning MSB3277:             C:\Users\ultra\warewolf\Dev\Dev2.Activities\bin\Debug\net8.0\Dev2.Activities.dll [C:\Users\ultra\warewolf\Dev\Dev2.Intellisense\Dev2.Intellisense.csproj]
C:\Program Files\dotnet\sdk\10.0.201\Microsoft.Common.CurrentVersion.targets(2451,5): warning MSB3277:             C:\Users\ultra\warewolf\Dev\Dev2.Core\bin\Debug\net8.0\Dev2.Core.dll [C:\Users\ultra\warewolf\Dev\Dev2.Intellisense\Dev2.Intellisense.csproj]
C:\Program Files\dotnet\sdk\10.0.201\Microsoft.Common.CurrentVersion.targets(2451,5): warning MSB3277:             C:\Users\ultra\warewolf\Dev\Dev2.Data\bin\Debug\net8.0\Dev2.Data.dll [C:\Users\ultra\warewolf\Dev\Dev2.Intellisense\Dev2.Intellisense.csproj]
C:\Program Files\dotnet\sdk\10.0.201\Microsoft.Common.CurrentVersion.targets(2451,5): warning MSB3277:             C:\Users\ultra\warewolf\Dev\Dev2.Infrastructure\bin\Debug\net8.0\Dev2.Infrastructure.dll [C:\Users\ultra\warewolf\Dev\Dev2.Intellisense\Dev2.Intellisense.csproj]
C:\Program Files\dotnet\sdk\10.0.201\Microsoft.Common.CurrentVersion.targets(2451,5): warning MSB3277:             C:\Users\ultra\warewolf\Dev\Dev2.Studio.Core\bin\Debug\net8.0\Dev2.Studio.Core.dll [C:\Users\ultra\warewolf\Dev\Dev2.Intellisense\Dev2.Intellisense.csproj]
C:\Program Files\dotnet\sdk\10.0.201\Microsoft.Common.CurrentVersion.targets(2451,5): warning MSB3277:             C:\Users\ultra\warewolf\Dev\Dev2.Studio.Interfaces\bin\Debug\net8.0\Dev2.Studio.Interfaces.dll [C:\Users\ultra\warewolf\Dev\Dev2.Intellisense\Dev2.Intellisense.csproj]
C:\Program Files\dotnet\sdk\10.0.201\Microsoft.Common.CurrentVersion.targets(2451,5): warning MSB3277:             C:\Users\ultra\warewolf\Dev\Warewolf.Studio.Core\bin\Debug\net8.0\Warewolf.Studio.Core.dll [C:\Users\ultra\warewolf\Dev\Dev2.Intellisense\Dev2.Intellisense.csproj]
C:\Program Files\dotnet\sdk\10.0.201\Microsoft.Common.CurrentVersion.targets(2451,5): warning MSB3277:             C:\Users\ultra\warewolf\Dev\Dev2.Development.Languages\bin\Debug\net8.0\Dev2.Development.Languages.dll [C:\Users\ultra\warewolf\Dev\Dev2.Intellisense\Dev2.Intellisense.csproj]
C:\Program Files\dotnet\sdk\10.0.201\Microsoft.Common.CurrentVersion.targets(2451,5): warning MSB3277:             C:\Users\ultra\warewolf\Dev\Dev2.Diagnostics\bin\Debug\net8.0\Dev2.Diagnostics.dll [C:\Users\ultra\warewolf\Dev\Dev2.Intellisense\Dev2.Intellisense.csproj]
C:\Program Files\dotnet\sdk\10.0.201\Microsoft.Common.CurrentVersion.targets(2451,5): warning MSB3277:             C:\Users\ultra\warewolf\Dev\Dev2.Runtime.Services\bin\Debug\net8.0\Dev2.Runtime.Services.dll [C:\Users\ultra\warewolf\Dev\Dev2.Intellisense\Dev2.Intellisense.csproj]
C:\Program Files\dotnet\sdk\10.0.201\Microsoft.Common.CurrentVersion.targets(2451,5): warning MSB3277:             C:\Users\ultra\warewolf\Dev\Dev2.Scheduler\bin\Debug\net8.0\Dev2.Scheduler.dll [C:\Users\ultra\warewolf\Dev\Dev2.Intellisense\Dev2.Intellisense.csproj]
C:\Program Files\dotnet\sdk\10.0.201\Microsoft.Common.CurrentVersion.targets(2451,5): warning MSB3277:             C:\Users\ultra\warewolf\Dev\Dev2.Services.Execution\bin\Debug\net8.0\Dev2.Services.Execution.dll [C:\Users\ultra\warewolf\Dev\Dev2.Intellisense\Dev2.Intellisense.csproj]
C:\Program Files\dotnet\sdk\10.0.201\Microsoft.Common.CurrentVersion.targets(2451,5): warning MSB3277:             C:\Users\ultra\warewolf\Dev\Dev2.Services.Sql\bin\Debug\net8.0\Dev2.Services.Sql.dll [C:\Users\ultra\warewolf\Dev\Dev2.Intellisense\Dev2.Intellisense.csproj]
C:\Program Files\dotnet\sdk\10.0.201\Microsoft.Common.CurrentVersion.targets(2451,5): warning MSB3277:             C:\Users\ultra\warewolf\Dev\Dev2.TaskScheduler.Wrappers\bin\Debug\net8.0\Dev2.TaskScheduler.Wrappers.dll [C:\Users\ultra\warewolf\Dev\Dev2.Intellisense\Dev2.Intellisense.csproj]
C:\Program Files\dotnet\sdk\10.0.201\Microsoft.Common.CurrentVersion.targets(2451,5): warning MSB3277:             C:\Users\ultra\warewolf\Dev\Dev2.Util\bin\Debug\net8.0\Dev2.Util.dll [C:\Users\ultra\warewolf\Dev\Dev2.Intellisense\Dev2.Intellisense.csproj]
C:\Program Files\dotnet\sdk\10.0.201\Microsoft.Common.CurrentVersion.targets(2451,5): warning MSB3277:             C:\Users\ultra\warewolf\Dev\Warewolf.AI.Harness\bin\Debug\net8.0\Warewolf.AI.Harness.dll [C:\Users\ultra\warewolf\Dev\Dev2.Intellisense\Dev2.Intellisense.csproj]
C:\Program Files\dotnet\sdk\10.0.201\Microsoft.Common.CurrentVersion.targets(2451,5): warning MSB3277:             C:\Users\ultra\warewolf\Dev\Warewolf.Auditing\bin\Debug\net8.0\Warewolf.Auditing.dll [C:\Users\ultra\warewolf\Dev\Dev2.Intellisense\Dev2.Intellisense.csproj]
C:\Program Files\dotnet\sdk\10.0.201\Microsoft.Common.CurrentVersion.targets(2451,5): warning MSB3277:             C:\Users\ultra\warewolf\Dev\Warewolf.Common.NetStandard20\bin\Debug\net8.0\Warewolf.Common.NetStandard20.dll [C:\Users\ultra\warewolf\Dev\Dev2.Intellisense\Dev2.Intellisense.csproj]
C:\Program Files\dotnet\sdk\10.0.201\Microsoft.Common.CurrentVersion.targets(2451,5): warning MSB3277:             C:\Users\ultra\warewolf\Dev\Warewolf.Core\bin\Debug\net8.0\Warewolf.Core.dll [C:\Users\ultra\warewolf\Dev\Dev2.Intellisense\Dev2.Intellisense.csproj]
C:\Program Files\dotnet\sdk\10.0.201\Microsoft.Common.CurrentVersion.targets(2451,5): warning MSB3277:             C:\Users\ultra\warewolf\Dev\Warewolf.Driver.Persistence\bin\Debug\net8.0\Warewolf.Driver.Persistence.dll [C:\Users\ultra\warewolf\Dev\Dev2.Intellisense\Dev2.Intellisense.csproj]
C:\Program Files\dotnet\sdk\10.0.201\Microsoft.Common.CurrentVersion.targets(2451,5): warning MSB3277:             C:\Users\ultra\warewolf\Dev\Warewolf.Driver.Serilog\bin\Debug\net8.0\Warewolf.Driver.Serilog.dll [C:\Users\ultra\warewolf\Dev\Dev2.Intellisense\Dev2.Intellisense.csproj]
C:\Program Files\dotnet\sdk\10.0.201\Microsoft.Common.CurrentVersion.targets(2451,5): warning MSB3277:             C:\Users\ultra\warewolf\Dev\Warewolf.Exchange.Email.Wrapper\bin\Debug\net8.0\Warewolf.Exchange.Email.Wrapper.dll [C:\Users\ultra\warewolf\Dev\Dev2.Intellisense\Dev2.Intellisense.csproj]
C:\Program Files\dotnet\sdk\10.0.201\Microsoft.Common.CurrentVersion.targets(2451,5): warning MSB3277:             C:\Users\ultra\warewolf\Dev\Warewolf.ResourceManagement\bin\Debug\net8.0\Warewolf.ResourceManagement.dll [C:\Users\ultra\warewolf\Dev\Dev2.Intellisense\Dev2.Intellisense.csproj]
C:\Program Files\dotnet\sdk\10.0.201\Microsoft.Common.CurrentVersion.targets(2451,5): warning MSB3277:             C:\Users\ultra\warewolf\Dev\Warewolf.Sharepoint\bin\Debug\net8.0\Warewolf.Sharepoint.dll [C:\Users\ultra\warewolf\Dev\Dev2.Intellisense\Dev2.Intellisense.csproj]
C:\Program Files\dotnet\sdk\10.0.201\Microsoft.Common.CurrentVersion.targets(2451,5): warning MSB3277:             C:\Users\ultra\warewolf\Dev\Warewolf.Storage\bin\Debug\net8.0\Warewolf.Storage.dll [C:\Users\ultra\warewolf\Dev\Dev2.Intellisense\Dev2.Intellisense.csproj]
C:\Program Files\dotnet\sdk\10.0.201\Microsoft.Common.CurrentVersion.targets(2451,5): warning MSB3277:         C:\Users\ultra\warewolf\Dev\Binaries\Infragistcs_Net6\InfragisticsWPF4.v15.1.dll [C:\Users\ultra\warewolf\Dev\Dev2.Intellisense\Dev2.Intellisense.csproj]
C:\Program Files\dotnet\sdk\10.0.201\Microsoft.Common.CurrentVersion.targets(2451,5): warning MSB3277:           Project file item includes which caused reference "C:\Users\ultra\warewolf\Dev\Binaries\Infragistcs_Net6\InfragisticsWPF4.v15.1.dll". [C:\Users\ultra\warewolf\Dev\Dev2.Intellisense\Dev2.Intellisense.csproj]
C:\Program Files\dotnet\sdk\10.0.201\Microsoft.Common.CurrentVersion.targets(2451,5): warning MSB3277:             InfragisticsWPF4.v15.1, Version=15.1.20151.2055, Culture=neutral, PublicKeyToken=7dd5c3163f2cd0cb, processorArchitecture=MSIL [C:\Users\ultra\warewolf\Dev\Dev2.Intellisense\Dev2.Intellisense.csproj]
C:\Program Files\dotnet\sdk\10.0.201\Microsoft.Common.CurrentVersion.targets(2451,5): warning MSB3277:             CalculationManager.WPF [C:\Users\ultra\warewolf\Dev\Dev2.Intellisense\Dev2.Intellisense.csproj]
C:\Program Files\dotnet\sdk\10.0.201\Microsoft.Common.CurrentVersion.targets(2451,5): warning MSB3277:             InfragisticsWPF4.Math.Calculators.v15.1, Version=15.1.20151.2055, Culture=neutral, PublicKeyToken=7dd5c3163f2cd0cb, processorArchitecture=MSIL [C:\Users\ultra\warewolf\Dev\Dev2.Intellisense\Dev2.Intellisense.csproj]
C:\Program Files\dotnet\sdk\10.0.201\Microsoft.Common.CurrentVersion.targets(2451,5): warning MSB3277:         C:\Users\ultra\.nuget\packages\timespan2\2.4.2\lib\netcoreapp3.1\TimeSpan2.dll [C:\Users\ultra\warewolf\Dev\Dev2.Intellisense\Dev2.Intellisense.csproj]
C:\Program Files\dotnet\sdk\10.0.201\Microsoft.Common.CurrentVersion.targets(2451,5): warning MSB3277:           Project file item includes which caused reference "C:\Users\ultra\.nuget\packages\timespan2\2.4.2\lib\netcoreapp3.1\TimeSpan2.dll". [C:\Users\ultra\warewolf\Dev\Dev2.Intellisense\Dev2.Intellisense.csproj]
C:\Program Files\dotnet\sdk\10.0.201\Microsoft.Common.CurrentVersion.targets(2451,5): warning MSB3277:             C:\Users\ultra\.nuget\packages\timespan2\2.4.2\lib\netcoreapp3.1\TimeSpan2.dll [C:\Users\ultra\warewolf\Dev\Dev2.Intellisense\Dev2.Intellisense.csproj]
C:\Program Files\dotnet\sdk\10.0.201\Microsoft.Common.CurrentVersion.targets(2451,5): warning MSB3277:             C:\Users\ultra\.nuget\packages\taskschedulereditor\2.10.1\lib\net452\Microsoft.Win32.TaskSchedulerEditor.dll [C:\Users\ultra\warewolf\Dev\Dev2.Intellisense\Dev2.Intellisense.csproj]
C:\Program Files\dotnet\sdk\10.0.201\Microsoft.Common.CurrentVersion.targets(2451,5): warning MSB3277:         C:\Program Files\dotnet\packs\Microsoft.NETCore.App.Ref\8.0.25\ref\net8.0\System.dll [C:\Users\ultra\warewolf\Dev\Dev2.Intellisense\Dev2.Intellisense.csproj]
C:\Program Files\dotnet\sdk\10.0.201\Microsoft.Common.CurrentVersion.targets(2451,5): warning MSB3277:           Project file item includes which caused reference "C:\Program Files\dotnet\packs\Microsoft.NETCore.App.Ref\8.0.25\ref\net8.0\System.dll". [C:\Users\ultra\warewolf\Dev\Dev2.Intellisense\Dev2.Intellisense.csproj]
C:\Program Files\dotnet\sdk\10.0.201\Microsoft.Common.CurrentVersion.targets(2451,5): warning MSB3277:             C:\Program Files\dotnet\packs\Microsoft.NETCore.App.Ref\8.0.25\ref/net8.0/System.dll [C:\Users\ultra\warewolf\Dev\Dev2.Intellisense\Dev2.Intellisense.csproj]
C:\Program Files\dotnet\sdk\10.0.201\Microsoft.Common.CurrentVersion.targets(2451,5): warning MSB3277:             C:\Users\ultra\.nuget\packages\aerowizard\2.3.1\lib\net45\AeroWizard.dll [C:\Users\ultra\warewolf\Dev\Dev2.Intellisense\Dev2.Intellisense.csproj]
C:\Program Files\dotnet\sdk\10.0.201\Microsoft.Common.CurrentVersion.targets(2451,5): warning MSB3277:             C:\Users\ultra\.nuget\packages\groupcontrols\1.9.0\lib\net45\GroupControls.dll [C:\Users\ultra\warewolf\Dev\Dev2.Intellisense\Dev2.Intellisense.csproj]
C:\Program Files\dotnet\sdk\10.0.201\Microsoft.Common.CurrentVersion.targets(2451,5): warning MSB3277:             C:\Users\ultra\.nuget\packages\microsoft.xaml.behaviors.wpf\1.1.122\lib\net462\Microsoft.Xaml.Behaviors.dll [C:\Users\ultra\warewolf\Dev\Dev2.Intellisense\Dev2.Intellisense.csproj]
C:\Program Files\dotnet\sdk\10.0.201\Microsoft.Common.CurrentVersion.targets(2451,5): warning MSB3277:             C:\Users\ultra\.nuget\packages\caliburn.micro\4.0.212\lib\netcoreapp3.1\Caliburn.Micro.Platform.dll [C:\Users\ultra\warewolf\Dev\Dev2.Intellisense\Dev2.Intellisense.csproj]
C:\Program Files\dotnet\sdk\10.0.201\Microsoft.Common.CurrentVersion.targets(2451,5): warning MSB3277:             C:\Users\ultra\.nuget\packages\prism.wpf\9.0.537\lib\net462\Prism.Wpf.dll [C:\Users\ultra\warewolf\Dev\Dev2.Intellisense\Dev2.Intellisense.csproj]
C:\Program Files\dotnet\sdk\10.0.201\Microsoft.Common.CurrentVersion.targets(2451,5): warning MSB3277:             C:\Users\ultra\.nuget\packages\reactiveui.wpf\18.4.1\lib\net462\ReactiveUI.Wpf.dll [C:\Users\ultra\warewolf\Dev\Dev2.Intellisense\Dev2.Intellisense.csproj]
C:\Program Files\dotnet\sdk\10.0.201\Microsoft.Common.CurrentVersion.targets(2451,5): warning MSB3277:             C:\Users\ultra\.nuget\packages\taskschedulereditor\2.10.1\lib\net452\Microsoft.Win32.TaskSchedulerEditor.dll [C:\Users\ultra\warewolf\Dev\Dev2.Intellisense\Dev2.Intellisense.csproj]
C:\Program Files\dotnet\sdk\10.0.201\Microsoft.Common.CurrentVersion.targets(2451,5): warning MSB3277:             C:\Users\ultra\.nuget\packages\ttcue.netcore.sharepointonline.csom.16.1.8029.1200\16.1.8029.1200\lib\netcoreapp2.0\Microsoft.SharePoint.Client.Runtime.Windows.dll [C:\Users\ultra\warewolf\Dev\Dev2.Intellisense\Dev2.Intellisense.csproj]
C:\Program Files\dotnet\sdk\10.0.201\Microsoft.Common.CurrentVersion.targets(2451,5): warning MSB3277: Found conflicts between different versions of "System.Security.Permissions" that could not be resolved. [C:\Users\ultra\warewolf\Dev\Dev2.Intellisense\Dev2.Intellisense.csproj]
C:\Program Files\dotnet\sdk\10.0.201\Microsoft.Common.CurrentVersion.targets(2451,5): warning MSB3277: There was a conflict between "System.Security.Permissions, Version=6.0.0.0, Culture=neutral, PublicKeyToken=cc7b13ffcd2ddd51" and "System.Security.Permissions, Version=7.0.0.0, Culture=neutral, PublicKeyToken=cc7b13ffcd2ddd51". [C:\Users\ultra\warewolf\Dev\Dev2.Intellisense\Dev2.Intellisense.csproj]
C:\Program Files\dotnet\sdk\10.0.201\Microsoft.Common.CurrentVersion.targets(2451,5): warning MSB3277:     "System.Security.Permissions, Version=6.0.0.0, Culture=neutral, PublicKeyToken=cc7b13ffcd2ddd51" was chosen because it was primary and "System.Security.Permissions, Version=7.0.0.0, Culture=neutral, PublicKeyToken=cc7b13ffcd2ddd51" was not. [C:\Users\ultra\warewolf\Dev\Dev2.Intellisense\Dev2.Intellisense.csproj]
C:\Program Files\dotnet\sdk\10.0.201\Microsoft.Common.CurrentVersion.targets(2451,5): warning MSB3277:     References which depend on "System.Security.Permissions, Version=6.0.0.0, Culture=neutral, PublicKeyToken=cc7b13ffcd2ddd51" [C:\Users\ultra\.nuget\packages\system.security.permissions\6.0.0\lib\net6.0\System.Security.Permissions.dll]. [C:\Users\ultra\warewolf\Dev\Dev2.Intellisense\Dev2.Intellisense.csproj]
C:\Program Files\dotnet\sdk\10.0.201\Microsoft.Common.CurrentVersion.targets(2451,5): warning MSB3277:         C:\Users\ultra\.nuget\packages\system.security.permissions\6.0.0\lib\net6.0\System.Security.Permissions.dll [C:\Users\ultra\warewolf\Dev\Dev2.Intellisense\Dev2.Intellisense.csproj]
C:\Program Files\dotnet\sdk\10.0.201\Microsoft.Common.CurrentVersion.targets(2451,5): warning MSB3277:           Project file item includes which caused reference "C:\Users\ultra\.nuget\packages\system.security.permissions\6.0.0\lib\net6.0\System.Security.Permissions.dll". [C:\Users\ultra\warewolf\Dev\Dev2.Intellisense\Dev2.Intellisense.csproj]
C:\Program Files\dotnet\sdk\10.0.201\Microsoft.Common.CurrentVersion.targets(2451,5): warning MSB3277:             C:\Users\ultra\.nuget\packages\system.security.permissions\6.0.0\lib\net6.0\System.Security.Permissions.dll [C:\Users\ultra\warewolf\Dev\Dev2.Intellisense\Dev2.Intellisense.csproj]
C:\Program Files\dotnet\sdk\10.0.201\Microsoft.Common.CurrentVersion.targets(2451,5): warning MSB3277:     References which depend on or have been unified to "System.Security.Permissions, Version=7.0.0.0, Culture=neutral, PublicKeyToken=cc7b13ffcd2ddd51" []. [C:\Users\ultra\warewolf\Dev\Dev2.Intellisense\Dev2.Intellisense.csproj]
C:\Program Files\dotnet\sdk\10.0.201\Microsoft.Common.CurrentVersion.targets(2451,5): warning MSB3277:         C:\Users\ultra\warewolf\Dev\Dev2.Data\bin\Debug\net8.0\Dev2.Data.dll [C:\Users\ultra\warewolf\Dev\Dev2.Intellisense\Dev2.Intellisense.csproj]
C:\Program Files\dotnet\sdk\10.0.201\Microsoft.Common.CurrentVersion.targets(2451,5): warning MSB3277:           Project file item includes which caused reference "C:\Users\ultra\warewolf\Dev\Dev2.Data\bin\Debug\net8.0\Dev2.Data.dll". [C:\Users\ultra\warewolf\Dev\Dev2.Intellisense\Dev2.Intellisense.csproj]
C:\Program Files\dotnet\sdk\10.0.201\Microsoft.Common.CurrentVersion.targets(2451,5): warning MSB3277:             C:\Users\ultra\warewolf\Dev\Dev2.Data\bin\Debug\net8.0\Dev2.Data.dll [C:\Users\ultra\warewolf\Dev\Dev2.Intellisense\Dev2.Intellisense.csproj]
C:\Program Files\dotnet\sdk\10.0.201\Microsoft.Common.CurrentVersion.targets(2451,5): warning MSB3277:             C:\Users\ultra\warewolf\Dev\Dev2.Activities\bin\Debug\net8.0\Dev2.Activities.dll [C:\Users\ultra\warewolf\Dev\Dev2.Intellisense\Dev2.Intellisense.csproj]
C:\Program Files\dotnet\sdk\10.0.201\Microsoft.Common.CurrentVersion.targets(2451,5): warning MSB3277:             C:\Users\ultra\warewolf\Dev\Dev2.Core\bin\Debug\net8.0\Dev2.Core.dll [C:\Users\ultra\warewolf\Dev\Dev2.Intellisense\Dev2.Intellisense.csproj]
C:\Program Files\dotnet\sdk\10.0.201\Microsoft.Common.CurrentVersion.targets(2451,5): warning MSB3277:             C:\Users\ultra\warewolf\Dev\Dev2.Studio.Core\bin\Debug\net8.0\Dev2.Studio.Core.dll [C:\Users\ultra\warewolf\Dev\Dev2.Intellisense\Dev2.Intellisense.csproj]
C:\Program Files\dotnet\sdk\10.0.201\Microsoft.Common.CurrentVersion.targets(2451,5): warning MSB3277:             C:\Users\ultra\warewolf\Dev\Dev2.Studio.Interfaces\bin\Debug\net8.0\Dev2.Studio.Interfaces.dll [C:\Users\ultra\warewolf\Dev\Dev2.Intellisense\Dev2.Intellisense.csproj]
C:\Program Files\dotnet\sdk\10.0.201\Microsoft.Common.CurrentVersion.targets(2451,5): warning MSB3277:             C:\Users\ultra\warewolf\Dev\Warewolf.Studio.Core\bin\Debug\net8.0\Warewolf.Studio.Core.dll [C:\Users\ultra\warewolf\Dev\Dev2.Intellisense\Dev2.Intellisense.csproj]
C:\Program Files\dotnet\sdk\10.0.201\Microsoft.Common.CurrentVersion.targets(2451,5): warning MSB3277:             C:\Users\ultra\warewolf\Dev\Dev2.Runtime.Services\bin\Debug\net8.0\Dev2.Runtime.Services.dll [C:\Users\ultra\warewolf\Dev\Dev2.Intellisense\Dev2.Intellisense.csproj]
C:\Program Files\dotnet\sdk\10.0.201\Microsoft.Common.CurrentVersion.targets(2451,5): warning MSB3277:             C:\Users\ultra\warewolf\Dev\Dev2.Scheduler\bin\Debug\net8.0\Dev2.Scheduler.dll [C:\Users\ultra\warewolf\Dev\Dev2.Intellisense\Dev2.Intellisense.csproj]
C:\Program Files\dotnet\sdk\10.0.201\Microsoft.Common.CurrentVersion.targets(2451,5): warning MSB3277:             C:\Users\ultra\warewolf\Dev\Dev2.Services.Execution\bin\Debug\net8.0\Dev2.Services.Execution.dll [C:\Users\ultra\warewolf\Dev\Dev2.Intellisense\Dev2.Intellisense.csproj]
C:\Program Files\dotnet\sdk\10.0.201\Microsoft.Common.CurrentVersion.targets(2451,5): warning MSB3277:             C:\Users\ultra\warewolf\Dev\Warewolf.Auditing\bin\Debug\net8.0\Warewolf.Auditing.dll [C:\Users\ultra\warewolf\Dev\Dev2.Intellisense\Dev2.Intellisense.csproj]
C:\Program Files\dotnet\sdk\10.0.201\Microsoft.Common.CurrentVersion.targets(2451,5): warning MSB3277:             C:\Users\ultra\warewolf\Dev\Warewolf.Common.NetStandard20\bin\Debug\net8.0\Warewolf.Common.NetStandard20.dll [C:\Users\ultra\warewolf\Dev\Dev2.Intellisense\Dev2.Intellisense.csproj]
C:\Program Files\dotnet\sdk\10.0.201\Microsoft.Common.CurrentVersion.targets(2451,5): warning MSB3277:             C:\Users\ultra\warewolf\Dev\Warewolf.Core\bin\Debug\net8.0\Warewolf.Core.dll [C:\Users\ultra\warewolf\Dev\Dev2.Intellisense\Dev2.Intellisense.csproj]
C:\Program Files\dotnet\sdk\10.0.201\Microsoft.Common.CurrentVersion.targets(2451,5): warning MSB3277:             C:\Users\ultra\warewolf\Dev\Warewolf.Driver.Persistence\bin\Debug\net8.0\Warewolf.Driver.Persistence.dll [C:\Users\ultra\warewolf\Dev\Dev2.Intellisense\Dev2.Intellisense.csproj]
C:\Program Files\dotnet\sdk\10.0.201\Microsoft.Common.CurrentVersion.targets(2451,5): warning MSB3277:             C:\Users\ultra\warewolf\Dev\Warewolf.Exchange.Email.Wrapper\bin\Debug\net8.0\Warewolf.Exchange.Email.Wrapper.dll [C:\Users\ultra\warewolf\Dev\Dev2.Intellisense\Dev2.Intellisense.csproj]
C:\Program Files\dotnet\sdk\10.0.201\Microsoft.Common.CurrentVersion.targets(2451,5): warning MSB3277:             C:\Users\ultra\warewolf\Dev\Warewolf.ResourceManagement\bin\Debug\net8.0\Warewolf.ResourceManagement.dll [C:\Users\ultra\warewolf\Dev\Dev2.Intellisense\Dev2.Intellisense.csproj]
C:\Program Files\dotnet\sdk\10.0.201\Microsoft.Common.CurrentVersion.targets(2451,5): warning MSB3277:         C:\Users\ultra\warewolf\Dev\Binaries\Infragistcs_Net6\InfragisticsWPF4.v15.1.dll [C:\Users\ultra\warewolf\Dev\Dev2.Intellisense\Dev2.Intellisense.csproj]
C:\Program Files\dotnet\sdk\10.0.201\Microsoft.Common.CurrentVersion.targets(2451,5): warning MSB3277:           Project file item includes which caused reference "C:\Users\ultra\warewolf\Dev\Binaries\Infragistcs_Net6\InfragisticsWPF4.v15.1.dll". [C:\Users\ultra\warewolf\Dev\Dev2.Intellisense\Dev2.Intellisense.csproj]
C:\Program Files\dotnet\sdk\10.0.201\Microsoft.Common.CurrentVersion.targets(2451,5): warning MSB3277:             InfragisticsWPF4.v15.1, Version=15.1.20151.2055, Culture=neutral, PublicKeyToken=7dd5c3163f2cd0cb, processorArchitecture=MSIL [C:\Users\ultra\warewolf\Dev\Dev2.Intellisense\Dev2.Intellisense.csproj]
C:\Program Files\dotnet\sdk\10.0.201\Microsoft.Common.CurrentVersion.targets(2451,5): warning MSB3277:             CalculationManager.WPF [C:\Users\ultra\warewolf\Dev\Dev2.Intellisense\Dev2.Intellisense.csproj]
C:\Program Files\dotnet\sdk\10.0.201\Microsoft.Common.CurrentVersion.targets(2451,5): warning MSB3277:             InfragisticsWPF4.Math.Calculators.v15.1, Version=15.1.20151.2055, Culture=neutral, PublicKeyToken=7dd5c3163f2cd0cb, processorArchitecture=MSIL [C:\Users\ultra\warewolf\Dev\Dev2.Intellisense\Dev2.Intellisense.csproj]
C:\Program Files\dotnet\sdk\10.0.201\Microsoft.Common.CurrentVersion.targets(2451,5): warning MSB3277:         C:\Users\ultra\.nuget\packages\dotnetzip\1.16.0\lib\netstandard2.0\DotNetZip.dll [C:\Users\ultra\warewolf\Dev\Dev2.Intellisense\Dev2.Intellisense.csproj]
C:\Program Files\dotnet\sdk\10.0.201\Microsoft.Common.CurrentVersion.targets(2451,5): warning MSB3277:           Project file item includes which caused reference "C:\Users\ultra\.nuget\packages\dotnetzip\1.16.0\lib\netstandard2.0\DotNetZip.dll". [C:\Users\ultra\warewolf\Dev\Dev2.Intellisense\Dev2.Intellisense.csproj]
C:\Program Files\dotnet\sdk\10.0.201\Microsoft.Common.CurrentVersion.targets(2451,5): warning MSB3277:             C:\Users\ultra\.nuget\packages\dotnetzip\1.16.0\lib\netstandard2.0\DotNetZip.dll [C:\Users\ultra\warewolf\Dev\Dev2.Intellisense\Dev2.Intellisense.csproj]
C:\Program Files\dotnet\sdk\10.0.201\Microsoft.Common.CurrentVersion.targets(2451,5): warning MSB3277:             C:\Users\ultra\warewolf\Dev\Dev2.Common\bin\Debug\net8.0\Dev2.Common.dll [C:\Users\ultra\warewolf\Dev\Dev2.Intellisense\Dev2.Intellisense.csproj]
C:\Program Files\dotnet\sdk\10.0.201\Microsoft.Common.CurrentVersion.targets(2451,5): warning MSB3277:             C:\Users\ultra\warewolf\Dev\Dev2.Activities\bin\Debug\net8.0\Dev2.Activities.dll [C:\Users\ultra\warewolf\Dev\Dev2.Intellisense\Dev2.Intellisense.csproj]
C:\Program Files\dotnet\sdk\10.0.201\Microsoft.Common.CurrentVersion.targets(2451,5): warning MSB3277:             C:\Users\ultra\warewolf\Dev\Dev2.Core\bin\Debug\net8.0\Dev2.Core.dll [C:\Users\ultra\warewolf\Dev\Dev2.Intellisense\Dev2.Intellisense.csproj]
C:\Program Files\dotnet\sdk\10.0.201\Microsoft.Common.CurrentVersion.targets(2451,5): warning MSB3277:             C:\Users\ultra\warewolf\Dev\Dev2.Data.Interfaces\bin\Debug\net8.0\Dev2.Data.Interfaces.dll [C:\Users\ultra\warewolf\Dev\Dev2.Intellisense\Dev2.Intellisense.csproj]
C:\Program Files\dotnet\sdk\10.0.201\Microsoft.Common.CurrentVersion.targets(2451,5): warning MSB3277:             C:\Users\ultra\warewolf\Dev\Dev2.Data\bin\Debug\net8.0\Dev2.Data.dll [C:\Users\ultra\warewolf\Dev\Dev2.Intellisense\Dev2.Intellisense.csproj]
C:\Program Files\dotnet\sdk\10.0.201\Microsoft.Common.CurrentVersion.targets(2451,5): warning MSB3277:             C:\Users\ultra\warewolf\Dev\Dev2.Infrastructure\bin\Debug\net8.0\Dev2.Infrastructure.dll [C:\Users\ultra\warewolf\Dev\Dev2.Intellisense\Dev2.Intellisense.csproj]
C:\Program Files\dotnet\sdk\10.0.201\Microsoft.Common.CurrentVersion.targets(2451,5): warning MSB3277:             C:\Users\ultra\warewolf\Dev\Dev2.Studio.Core\bin\Debug\net8.0\Dev2.Studio.Core.dll [C:\Users\ultra\warewolf\Dev\Dev2.Intellisense\Dev2.Intellisense.csproj]
C:\Program Files\dotnet\sdk\10.0.201\Microsoft.Common.CurrentVersion.targets(2451,5): warning MSB3277:             C:\Users\ultra\warewolf\Dev\Dev2.Studio.Interfaces\bin\Debug\net8.0\Dev2.Studio.Interfaces.dll [C:\Users\ultra\warewolf\Dev\Dev2.Intellisense\Dev2.Intellisense.csproj]
C:\Program Files\dotnet\sdk\10.0.201\Microsoft.Common.CurrentVersion.targets(2451,5): warning MSB3277:             C:\Users\ultra\warewolf\Dev\Warewolf.Studio.Core\bin\Debug\net8.0\Warewolf.Studio.Core.dll [C:\Users\ultra\warewolf\Dev\Dev2.Intellisense\Dev2.Intellisense.csproj]
C:\Program Files\dotnet\sdk\10.0.201\Microsoft.Common.CurrentVersion.targets(2451,5): warning MSB3277:             C:\Users\ultra\warewolf\Dev\Dev2.Development.Languages\bin\Debug\net8.0\Dev2.Development.Languages.dll [C:\Users\ultra\warewolf\Dev\Dev2.Intellisense\Dev2.Intellisense.csproj]
C:\Program Files\dotnet\sdk\10.0.201\Microsoft.Common.CurrentVersion.targets(2451,5): warning MSB3277:             C:\Users\ultra\warewolf\Dev\Dev2.Diagnostics\bin\Debug\net8.0\Dev2.Diagnostics.dll [C:\Users\ultra\warewolf\Dev\Dev2.Intellisense\Dev2.Intellisense.csproj]
C:\Program Files\dotnet\sdk\10.0.201\Microsoft.Common.CurrentVersion.targets(2451,5): warning MSB3277:             C:\Users\ultra\warewolf\Dev\Dev2.Runtime.Services\bin\Debug\net8.0\Dev2.Runtime.Services.dll [C:\Users\ultra\warewolf\Dev\Dev2.Intellisense\Dev2.Intellisense.csproj]
C:\Program Files\dotnet\sdk\10.0.201\Microsoft.Common.CurrentVersion.targets(2451,5): warning MSB3277:             C:\Users\ultra\warewolf\Dev\Dev2.Scheduler\bin\Debug\net8.0\Dev2.Scheduler.dll [C:\Users\ultra\warewolf\Dev\Dev2.Intellisense\Dev2.Intellisense.csproj]
C:\Program Files\dotnet\sdk\10.0.201\Microsoft.Common.CurrentVersion.targets(2451,5): warning MSB3277:             C:\Users\ultra\warewolf\Dev\Dev2.Services.Execution\bin\Debug\net8.0\Dev2.Services.Execution.dll [C:\Users\ultra\warewolf\Dev\Dev2.Intellisense\Dev2.Intellisense.csproj]
C:\Program Files\dotnet\sdk\10.0.201\Microsoft.Common.CurrentVersion.targets(2451,5): warning MSB3277:             C:\Users\ultra\warewolf\Dev\Dev2.Services.Sql\bin\Debug\net8.0\Dev2.Services.Sql.dll [C:\Users\ultra\warewolf\Dev\Dev2.Intellisense\Dev2.Intellisense.csproj]
C:\Program Files\dotnet\sdk\10.0.201\Microsoft.Common.CurrentVersion.targets(2451,5): warning MSB3277:             C:\Users\ultra\warewolf\Dev\Dev2.TaskScheduler.Wrappers\bin\Debug\net8.0\Dev2.TaskScheduler.Wrappers.dll [C:\Users\ultra\warewolf\Dev\Dev2.Intellisense\Dev2.Intellisense.csproj]
C:\Program Files\dotnet\sdk\10.0.201\Microsoft.Common.CurrentVersion.targets(2451,5): warning MSB3277:             C:\Users\ultra\warewolf\Dev\Dev2.Util\bin\Debug\net8.0\Dev2.Util.dll [C:\Users\ultra\warewolf\Dev\Dev2.Intellisense\Dev2.Intellisense.csproj]
C:\Program Files\dotnet\sdk\10.0.201\Microsoft.Common.CurrentVersion.targets(2451,5): warning MSB3277:             C:\Users\ultra\warewolf\Dev\Warewolf.AI.Harness\bin\Debug\net8.0\Warewolf.AI.Harness.dll [C:\Users\ultra\warewolf\Dev\Dev2.Intellisense\Dev2.Intellisense.csproj]
C:\Program Files\dotnet\sdk\10.0.201\Microsoft.Common.CurrentVersion.targets(2451,5): warning MSB3277:             C:\Users\ultra\warewolf\Dev\Warewolf.Auditing\bin\Debug\net8.0\Warewolf.Auditing.dll [C:\Users\ultra\warewolf\Dev\Dev2.Intellisense\Dev2.Intellisense.csproj]
C:\Program Files\dotnet\sdk\10.0.201\Microsoft.Common.CurrentVersion.targets(2451,5): warning MSB3277:             C:\Users\ultra\warewolf\Dev\Warewolf.Common.NetStandard20\bin\Debug\net8.0\Warewolf.Common.NetStandard20.dll [C:\Users\ultra\warewolf\Dev\Dev2.Intellisense\Dev2.Intellisense.csproj]
C:\Program Files\dotnet\sdk\10.0.201\Microsoft.Common.CurrentVersion.targets(2451,5): warning MSB3277:             C:\Users\ultra\warewolf\Dev\Warewolf.Core\bin\Debug\net8.0\Warewolf.Core.dll [C:\Users\ultra\warewolf\Dev\Dev2.Intellisense\Dev2.Intellisense.csproj]
C:\Program Files\dotnet\sdk\10.0.201\Microsoft.Common.CurrentVersion.targets(2451,5): warning MSB3277:             C:\Users\ultra\warewolf\Dev\Warewolf.Driver.Persistence\bin\Debug\net8.0\Warewolf.Driver.Persistence.dll [C:\Users\ultra\warewolf\Dev\Dev2.Intellisense\Dev2.Intellisense.csproj]
C:\Program Files\dotnet\sdk\10.0.201\Microsoft.Common.CurrentVersion.targets(2451,5): warning MSB3277:             C:\Users\ultra\warewolf\Dev\Warewolf.Driver.Serilog\bin\Debug\net8.0\Warewolf.Driver.Serilog.dll [C:\Users\ultra\warewolf\Dev\Dev2.Intellisense\Dev2.Intellisense.csproj]
C:\Program Files\dotnet\sdk\10.0.201\Microsoft.Common.CurrentVersion.targets(2451,5): warning MSB3277:             C:\Users\ultra\warewolf\Dev\Warewolf.Exchange.Email.Wrapper\bin\Debug\net8.0\Warewolf.Exchange.Email.Wrapper.dll [C:\Users\ultra\warewolf\Dev\Dev2.Intellisense\Dev2.Intellisense.csproj]
C:\Program Files\dotnet\sdk\10.0.201\Microsoft.Common.CurrentVersion.targets(2451,5): warning MSB3277:             C:\Users\ultra\warewolf\Dev\Warewolf.ResourceManagement\bin\Debug\net8.0\Warewolf.ResourceManagement.dll [C:\Users\ultra\warewolf\Dev\Dev2.Intellisense\Dev2.Intellisense.csproj]
C:\Program Files\dotnet\sdk\10.0.201\Microsoft.Common.CurrentVersion.targets(2451,5): warning MSB3277:             C:\Users\ultra\warewolf\Dev\Warewolf.Sharepoint\bin\Debug\net8.0\Warewolf.Sharepoint.dll [C:\Users\ultra\warewolf\Dev\Dev2.Intellisense\Dev2.Intellisense.csproj]
C:\Program Files\dotnet\sdk\10.0.201\Microsoft.Common.CurrentVersion.targets(2451,5): warning MSB3277:             C:\Users\ultra\warewolf\Dev\Warewolf.Storage\bin\Debug\net8.0\Warewolf.Storage.dll [C:\Users\ultra\warewolf\Dev\Dev2.Intellisense\Dev2.Intellisense.csproj]
C:\Program Files\dotnet\sdk\10.0.201\Microsoft.Common.CurrentVersion.targets(2451,5): warning MSB3277:         C:\Users\ultra\.nuget\packages\mindbox.data.linq\5.0.0\lib\netstandard2.0\Mindbox.Data.Linq.dll [C:\Users\ultra\warewolf\Dev\Dev2.Intellisense\Dev2.Intellisense.csproj]
C:\Program Files\dotnet\sdk\10.0.201\Microsoft.Common.CurrentVersion.targets(2451,5): warning MSB3277:           Project file item includes which caused reference "C:\Users\ultra\.nuget\packages\mindbox.data.linq\5.0.0\lib\netstandard2.0\Mindbox.Data.Linq.dll". [C:\Users\ultra\warewolf\Dev\Dev2.Intellisense\Dev2.Intellisense.csproj]
C:\Program Files\dotnet\sdk\10.0.201\Microsoft.Common.CurrentVersion.targets(2451,5): warning MSB3277:             C:\Users\ultra\.nuget\packages\mindbox.data.linq\5.0.0\lib\netstandard2.0\Mindbox.Data.Linq.dll [C:\Users\ultra\warewolf\Dev\Dev2.Intellisense\Dev2.Intellisense.csproj]
C:\Program Files\dotnet\sdk\10.0.201\Microsoft.Common.CurrentVersion.targets(2451,5): warning MSB3277:             C:\Users\ultra\warewolf\Dev\Warewolf.Auditing\bin\Debug\net8.0\Warewolf.Auditing.dll [C:\Users\ultra\warewolf\Dev\Dev2.Intellisense\Dev2.Intellisense.csproj]
C:\Program Files\dotnet\sdk\10.0.201\Microsoft.Common.CurrentVersion.targets(2451,5): warning MSB3277:             C:\Users\ultra\warewolf\Dev\Dev2.Activities\bin\Debug\net8.0\Dev2.Activities.dll [C:\Users\ultra\warewolf\Dev\Dev2.Intellisense\Dev2.Intellisense.csproj]
C:\Program Files\dotnet\sdk\10.0.201\Microsoft.Common.CurrentVersion.targets(2451,5): warning MSB3277:             C:\Users\ultra\warewolf\Dev\Dev2.Studio.Core\bin\Debug\net8.0\Dev2.Studio.Core.dll [C:\Users\ultra\warewolf\Dev\Dev2.Intellisense\Dev2.Intellisense.csproj]
C:\Program Files\dotnet\sdk\10.0.201\Microsoft.Common.CurrentVersion.targets(2451,5): warning MSB3277:             C:\Users\ultra\warewolf\Dev\Dev2.Runtime.Services\bin\Debug\net8.0\Dev2.Runtime.Services.dll [C:\Users\ultra\warewolf\Dev\Dev2.Intellisense\Dev2.Intellisense.csproj]
C:\Program Files\dotnet\sdk\10.0.201\Microsoft.Common.CurrentVersion.targets(2451,5): warning MSB3277:             C:\Users\ultra\warewolf\Dev\Dev2.Studio.Interfaces\bin\Debug\net8.0\Dev2.Studio.Interfaces.dll [C:\Users\ultra\warewolf\Dev\Dev2.Intellisense\Dev2.Intellisense.csproj]
C:\Program Files\dotnet\sdk\10.0.201\Microsoft.Common.CurrentVersion.targets(2451,5): warning MSB3277:             C:\Users\ultra\warewolf\Dev\Warewolf.Studio.Core\bin\Debug\net8.0\Warewolf.Studio.Core.dll [C:\Users\ultra\warewolf\Dev\Dev2.Intellisense\Dev2.Intellisense.csproj]
C:\Program Files\dotnet\sdk\10.0.201\Microsoft.Common.CurrentVersion.targets(2451,5): warning MSB3277:             C:\Users\ultra\warewolf\Dev\Dev2.Services.Execution\bin\Debug\net8.0\Dev2.Services.Execution.dll [C:\Users\ultra\warewolf\Dev\Dev2.Intellisense\Dev2.Intellisense.csproj]
C:\Program Files\dotnet\sdk\10.0.201\Microsoft.Common.CurrentVersion.targets(2451,5): warning MSB3277:             C:\Users\ultra\warewolf\Dev\Warewolf.Common.NetStandard20\bin\Debug\net8.0\Warewolf.Common.NetStandard20.dll [C:\Users\ultra\warewolf\Dev\Dev2.Intellisense\Dev2.Intellisense.csproj]
C:\Program Files\dotnet\sdk\10.0.201\Microsoft.Common.CurrentVersion.targets(2451,5): warning MSB3277:             C:\Users\ultra\warewolf\Dev\Warewolf.Driver.Persistence\bin\Debug\net8.0\Warewolf.Driver.Persistence.dll [C:\Users\ultra\warewolf\Dev\Dev2.Intellisense\Dev2.Intellisense.csproj]
C:\Program Files\dotnet\sdk\10.0.201\Microsoft.Common.CurrentVersion.targets(2451,5): warning MSB3277:         C:\Users\ultra\.nuget\packages\mysql.data\8.4.0\lib\net8.0\MySql.Data.dll [C:\Users\ultra\warewolf\Dev\Dev2.Intellisense\Dev2.Intellisense.csproj]
C:\Program Files\dotnet\sdk\10.0.201\Microsoft.Common.CurrentVersion.targets(2451,5): warning MSB3277:           Project file item includes which caused reference "C:\Users\ultra\.nuget\packages\mysql.data\8.4.0\lib\net8.0\MySql.Data.dll". [C:\Users\ultra\warewolf\Dev\Dev2.Intellisense\Dev2.Intellisense.csproj]
C:\Program Files\dotnet\sdk\10.0.201\Microsoft.Common.CurrentVersion.targets(2451,5): warning MSB3277:             C:\Users\ultra\.nuget\packages\mysql.data\8.4.0\lib\net8.0\MySql.Data.dll [C:\Users\ultra\warewolf\Dev\Dev2.Intellisense\Dev2.Intellisense.csproj]
C:\Program Files\dotnet\sdk\10.0.201\Microsoft.Common.CurrentVersion.targets(2451,5): warning MSB3277:             C:\Users\ultra\warewolf\Dev\Dev2.Activities\bin\Debug\net8.0\Dev2.Activities.dll [C:\Users\ultra\warewolf\Dev\Dev2.Intellisense\Dev2.Intellisense.csproj]
C:\Program Files\dotnet\sdk\10.0.201\Microsoft.Common.CurrentVersion.targets(2451,5): warning MSB3277:             C:\Users\ultra\warewolf\Dev\Dev2.Studio.Core\bin\Debug\net8.0\Dev2.Studio.Core.dll [C:\Users\ultra\warewolf\Dev\Dev2.Intellisense\Dev2.Intellisense.csproj]
C:\Program Files\dotnet\sdk\10.0.201\Microsoft.Common.CurrentVersion.targets(2451,5): warning MSB3277:             C:\Users\ultra\warewolf\Dev\Dev2.Runtime.Services\bin\Debug\net8.0\Dev2.Runtime.Services.dll [C:\Users\ultra\warewolf\Dev\Dev2.Intellisense\Dev2.Intellisense.csproj]
C:\Program Files\dotnet\sdk\10.0.201\Microsoft.Common.CurrentVersion.targets(2451,5): warning MSB3277:             C:\Users\ultra\warewolf\Dev\Dev2.Studio.Interfaces\bin\Debug\net8.0\Dev2.Studio.Interfaces.dll [C:\Users\ultra\warewolf\Dev\Dev2.Intellisense\Dev2.Intellisense.csproj]
C:\Program Files\dotnet\sdk\10.0.201\Microsoft.Common.CurrentVersion.targets(2451,5): warning MSB3277:             C:\Users\ultra\warewolf\Dev\Warewolf.Studio.Core\bin\Debug\net8.0\Warewolf.Studio.Core.dll [C:\Users\ultra\warewolf\Dev\Dev2.Intellisense\Dev2.Intellisense.csproj]
C:\Program Files\dotnet\sdk\10.0.201\Microsoft.Common.CurrentVersion.targets(2451,5): warning MSB3277:             C:\Users\ultra\warewolf\Dev\Dev2.Services.Execution\bin\Debug\net8.0\Dev2.Services.Execution.dll [C:\Users\ultra\warewolf\Dev\Dev2.Intellisense\Dev2.Intellisense.csproj]
C:\Program Files\dotnet\sdk\10.0.201\Microsoft.Common.CurrentVersion.targets(2451,5): warning MSB3277:             C:\Users\ultra\warewolf\Dev\Dev2.Services.Sql\bin\Debug\net8.0\Dev2.Services.Sql.dll [C:\Users\ultra\warewolf\Dev\Dev2.Intellisense\Dev2.Intellisense.csproj]
C:\Program Files\dotnet\sdk\10.0.201\Microsoft.Common.CurrentVersion.targets(2451,5): warning MSB3277:             C:\Users\ultra\warewolf\Dev\Warewolf.Driver.Persistence\bin\Debug\net8.0\Warewolf.Driver.Persistence.dll [C:\Users\ultra\warewolf\Dev\Dev2.Intellisense\Dev2.Intellisense.csproj]
C:\Program Files\dotnet\sdk\10.0.201\Microsoft.Common.CurrentVersion.targets(2451,5): warning MSB3277:         C:\Users\ultra\.nuget\packages\oracle.manageddataaccess.core\3.21.70\lib\netstandard2.1\Oracle.ManagedDataAccess.dll [C:\Users\ultra\warewolf\Dev\Dev2.Intellisense\Dev2.Intellisense.csproj]
C:\Program Files\dotnet\sdk\10.0.201\Microsoft.Common.CurrentVersion.targets(2451,5): warning MSB3277:           Project file item includes which caused reference "C:\Users\ultra\.nuget\packages\oracle.manageddataaccess.core\3.21.70\lib\netstandard2.1\Oracle.ManagedDataAccess.dll". [C:\Users\ultra\warewolf\Dev\Dev2.Intellisense\Dev2.Intellisense.csproj]
C:\Program Files\dotnet\sdk\10.0.201\Microsoft.Common.CurrentVersion.targets(2451,5): warning MSB3277:             C:\Users\ultra\.nuget\packages\oracle.manageddataaccess.core\3.21.70\lib\netstandard2.1\Oracle.ManagedDataAccess.dll [C:\Users\ultra\warewolf\Dev\Dev2.Intellisense\Dev2.Intellisense.csproj]
C:\Program Files\dotnet\sdk\10.0.201\Microsoft.Common.CurrentVersion.targets(2451,5): warning MSB3277:             C:\Users\ultra\warewolf\Dev\Dev2.Runtime.Services\bin\Debug\net8.0\Dev2.Runtime.Services.dll [C:\Users\ultra\warewolf\Dev\Dev2.Intellisense\Dev2.Intellisense.csproj]
C:\Program Files\dotnet\sdk\10.0.201\Microsoft.Common.CurrentVersion.targets(2451,5): warning MSB3277:             C:\Users\ultra\warewolf\Dev\Dev2.Activities\bin\Debug\net8.0\Dev2.Activities.dll [C:\Users\ultra\warewolf\Dev\Dev2.Intellisense\Dev2.Intellisense.csproj]
C:\Program Files\dotnet\sdk\10.0.201\Microsoft.Common.CurrentVersion.targets(2451,5): warning MSB3277:             C:\Users\ultra\warewolf\Dev\Dev2.Studio.Core\bin\Debug\net8.0\Dev2.Studio.Core.dll [C:\Users\ultra\warewolf\Dev\Dev2.Intellisense\Dev2.Intellisense.csproj]
C:\Program Files\dotnet\sdk\10.0.201\Microsoft.Common.CurrentVersion.targets(2451,5): warning MSB3277:             C:\Users\ultra\warewolf\Dev\Dev2.Studio.Interfaces\bin\Debug\net8.0\Dev2.Studio.Interfaces.dll [C:\Users\ultra\warewolf\Dev\Dev2.Intellisense\Dev2.Intellisense.csproj]
C:\Program Files\dotnet\sdk\10.0.201\Microsoft.Common.CurrentVersion.targets(2451,5): warning MSB3277:             C:\Users\ultra\warewolf\Dev\Warewolf.Studio.Core\bin\Debug\net8.0\Warewolf.Studio.Core.dll [C:\Users\ultra\warewolf\Dev\Dev2.Intellisense\Dev2.Intellisense.csproj]
C:\Program Files\dotnet\sdk\10.0.201\Microsoft.Common.CurrentVersion.targets(2451,5): warning MSB3277:             C:\Users\ultra\warewolf\Dev\Dev2.Services.Execution\bin\Debug\net8.0\Dev2.Services.Execution.dll [C:\Users\ultra\warewolf\Dev\Dev2.Intellisense\Dev2.Intellisense.csproj]
C:\Program Files\dotnet\sdk\10.0.201\Microsoft.Common.CurrentVersion.targets(2451,5): warning MSB3277:             C:\Users\ultra\warewolf\Dev\Dev2.Services.Sql\bin\Debug\net8.0\Dev2.Services.Sql.dll [C:\Users\ultra\warewolf\Dev\Dev2.Intellisense\Dev2.Intellisense.csproj]
C:\Program Files\dotnet\sdk\10.0.201\Microsoft.Common.CurrentVersion.targets(2451,5): warning MSB3277:             C:\Users\ultra\warewolf\Dev\Warewolf.Driver.Persistence\bin\Debug\net8.0\Warewolf.Driver.Persistence.dll [C:\Users\ultra\warewolf\Dev\Dev2.Intellisense\Dev2.Intellisense.csproj]
C:\Program Files\dotnet\sdk\10.0.201\Microsoft.Common.CurrentVersion.targets(2451,5): warning MSB3277:         C:\Users\ultra\.nuget\packages\system.directoryservices\6.0.0\lib\net6.0\System.DirectoryServices.dll [C:\Users\ultra\warewolf\Dev\Dev2.Intellisense\Dev2.Intellisense.csproj]
C:\Program Files\dotnet\sdk\10.0.201\Microsoft.Common.CurrentVersion.targets(2451,5): warning MSB3277:           Project file item includes which caused reference "C:\Users\ultra\.nuget\packages\system.directoryservices\6.0.0\lib\net6.0\System.DirectoryServices.dll". [C:\Users\ultra\warewolf\Dev\Dev2.Intellisense\Dev2.Intellisense.csproj]
C:\Program Files\dotnet\sdk\10.0.201\Microsoft.Common.CurrentVersion.targets(2451,5): warning MSB3277:             C:\Users\ultra\.nuget\packages\system.directoryservices\6.0.0\lib\net6.0\System.DirectoryServices.dll [C:\Users\ultra\warewolf\Dev\Dev2.Intellisense\Dev2.Intellisense.csproj]
C:\Program Files\dotnet\sdk\10.0.201\Microsoft.Common.CurrentVersion.targets(2451,5): warning MSB3277:             C:\Users\ultra\.nuget\packages\corewcf.primitives\1.2.1\lib\netstandard2.0\CoreWCF.Primitives.dll [C:\Users\ultra\warewolf\Dev\Dev2.Intellisense\Dev2.Intellisense.csproj]
C:\Program Files\dotnet\sdk\10.0.201\Microsoft.Common.CurrentVersion.targets(2451,5): warning MSB3277:             C:\Users\ultra\warewolf\Dev\Dev2.Runtime.Services\bin\Debug\net8.0\Dev2.Runtime.Services.dll [C:\Users\ultra\warewolf\Dev\Dev2.Intellisense\Dev2.Intellisense.csproj]
C:\Program Files\dotnet\sdk\10.0.201\Microsoft.Common.CurrentVersion.targets(2451,5): warning MSB3277:             C:\Users\ultra\warewolf\Dev\Dev2.Activities\bin\Debug\net8.0\Dev2.Activities.dll [C:\Users\ultra\warewolf\Dev\Dev2.Intellisense\Dev2.Intellisense.csproj]
C:\Program Files\dotnet\sdk\10.0.201\Microsoft.Common.CurrentVersion.targets(2451,5): warning MSB3277:             C:\Users\ultra\warewolf\Dev\Dev2.Studio.Core\bin\Debug\net8.0\Dev2.Studio.Core.dll [C:\Users\ultra\warewolf\Dev\Dev2.Intellisense\Dev2.Intellisense.csproj]
C:\Program Files\dotnet\sdk\10.0.201\Microsoft.Common.CurrentVersion.targets(2451,5): warning MSB3277:             C:\Users\ultra\warewolf\Dev\Dev2.Studio.Interfaces\bin\Debug\net8.0\Dev2.Studio.Interfaces.dll [C:\Users\ultra\warewolf\Dev\Dev2.Intellisense\Dev2.Intellisense.csproj]
C:\Program Files\dotnet\sdk\10.0.201\Microsoft.Common.CurrentVersion.targets(2451,5): warning MSB3277:             C:\Users\ultra\warewolf\Dev\Warewolf.Studio.Core\bin\Debug\net8.0\Warewolf.Studio.Core.dll [C:\Users\ultra\warewolf\Dev\Dev2.Intellisense\Dev2.Intellisense.csproj]
C:\Program Files\dotnet\sdk\10.0.201\Microsoft.Common.CurrentVersion.targets(2451,5): warning MSB3277:             C:\Users\ultra\warewolf\Dev\Dev2.Services.Execution\bin\Debug\net8.0\Dev2.Services.Execution.dll [C:\Users\ultra\warewolf\Dev\Dev2.Intellisense\Dev2.Intellisense.csproj]
C:\Program Files\dotnet\sdk\10.0.201\Microsoft.Common.CurrentVersion.targets(2451,5): warning MSB3277:             C:\Users\ultra\warewolf\Dev\Warewolf.Driver.Persistence\bin\Debug\net8.0\Warewolf.Driver.Persistence.dll [C:\Users\ultra\warewolf\Dev\Dev2.Intellisense\Dev2.Intellisense.csproj]
C:\Program Files\dotnet\sdk\10.0.201\Microsoft.Common.CurrentVersion.targets(2451,5): warning MSB3277:             C:\Users\ultra\.nuget\packages\corewcf.http\1.2.1\lib\netstandard2.0\CoreWCF.Http.dll [C:\Users\ultra\warewolf\Dev\Dev2.Intellisense\Dev2.Intellisense.csproj]
C:\Program Files\dotnet\sdk\10.0.201\Microsoft.Common.CurrentVersion.targets(2451,5): warning MSB3277:             C:\Users\ultra\.nuget\packages\corewcf.nettcp\1.2.1\lib\netstandard2.0\CoreWCF.NetTcp.dll [C:\Users\ultra\warewolf\Dev\Dev2.Intellisense\Dev2.Intellisense.csproj]
C:\Program Files\dotnet\sdk\10.0.201\Microsoft.Common.CurrentVersion.targets(2451,5): warning MSB3277:             C:\Users\ultra\.nuget\packages\corewcf.webhttp\1.2.1\lib\netstandard2.0\CoreWCF.WebHttp.dll [C:\Users\ultra\warewolf\Dev\Dev2.Intellisense\Dev2.Intellisense.csproj]
C:\Program Files\dotnet\sdk\10.0.201\Microsoft.Common.CurrentVersion.targets(2451,5): warning MSB3277:         C:\Program Files\dotnet\packs\Microsoft.NETCore.App.Ref\8.0.25\ref\net8.0\System.Configuration.dll [C:\Users\ultra\warewolf\Dev\Dev2.Intellisense\Dev2.Intellisense.csproj]
C:\Program Files\dotnet\sdk\10.0.201\Microsoft.Common.CurrentVersion.targets(2451,5): warning MSB3277:           Project file item includes which caused reference "C:\Program Files\dotnet\packs\Microsoft.NETCore.App.Ref\8.0.25\ref\net8.0\System.Configuration.dll". [C:\Users\ultra\warewolf\Dev\Dev2.Intellisense\Dev2.Intellisense.csproj]
C:\Program Files\dotnet\sdk\10.0.201\Microsoft.Common.CurrentVersion.targets(2451,5): warning MSB3277:             C:\Program Files\dotnet\packs\Microsoft.NETCore.App.Ref\8.0.25\ref/net8.0/System.Configuration.dll [C:\Users\ultra\warewolf\Dev\Dev2.Intellisense\Dev2.Intellisense.csproj]
C:\Program Files\dotnet\sdk\10.0.201\Microsoft.Common.CurrentVersion.targets(2451,5): warning MSB3277:             C:\Users\ultra\.nuget\packages\prism.wpf\9.0.537\lib\net462\Prism.Wpf.dll [C:\Users\ultra\warewolf\Dev\Dev2.Intellisense\Dev2.Intellisense.csproj]
C:\Program Files\dotnet\sdk\10.0.201\Microsoft.Common.CurrentVersion.targets(2451,5): warning MSB3277:         C:\Program Files\dotnet\packs\Microsoft.NETCore.App.Ref\8.0.25\ref\net8.0\System.Data.dll [C:\Users\ultra\warewolf\Dev\Dev2.Intellisense\Dev2.Intellisense.csproj]
C:\Program Files\dotnet\sdk\10.0.201\Microsoft.Common.CurrentVersion.targets(2451,5): warning MSB3277:           Project file item includes which caused reference "C:\Program Files\dotnet\packs\Microsoft.NETCore.App.Ref\8.0.25\ref\net8.0\System.Data.dll". [C:\Users\ultra\warewolf\Dev\Dev2.Intellisense\Dev2.Intellisense.csproj]
C:\Program Files\dotnet\sdk\10.0.201\Microsoft.Common.CurrentVersion.targets(2451,5): warning MSB3277:             C:\Program Files\dotnet\packs\Microsoft.NETCore.App.Ref\8.0.25\ref/net8.0/System.Data.dll [C:\Users\ultra\warewolf\Dev\Dev2.Intellisense\Dev2.Intellisense.csproj]
C:\Program Files\dotnet\sdk\10.0.201\Microsoft.Common.CurrentVersion.targets(2451,5): warning MSB3277:             C:\Users\ultra\.nuget\packages\taskschedulereditor\2.10.1\lib\net452\Microsoft.Win32.TaskSchedulerEditor.dll [C:\Users\ultra\warewolf\Dev\Dev2.Intellisense\Dev2.Intellisense.csproj]
C:\Program Files\dotnet\sdk\10.0.201\Microsoft.Common.CurrentVersion.targets(2451,5): warning MSB3277:         C:\Program Files\dotnet\packs\Microsoft.NETCore.App.Ref\8.0.25\ref\net8.0\System.Drawing.dll [C:\Users\ultra\warewolf\Dev\Dev2.Intellisense\Dev2.Intellisense.csproj]
C:\Program Files\dotnet\sdk\10.0.201\Microsoft.Common.CurrentVersion.targets(2451,5): warning MSB3277:           Project file item includes which caused reference "C:\Program Files\dotnet\packs\Microsoft.NETCore.App.Ref\8.0.25\ref\net8.0\System.Drawing.dll". [C:\Users\ultra\warewolf\Dev\Dev2.Intellisense\Dev2.Intellisense.csproj]
C:\Program Files\dotnet\sdk\10.0.201\Microsoft.Common.CurrentVersion.targets(2451,5): warning MSB3277:             C:\Program Files\dotnet\packs\Microsoft.NETCore.App.Ref\8.0.25\ref/net8.0/System.Drawing.dll [C:\Users\ultra\warewolf\Dev\Dev2.Intellisense\Dev2.Intellisense.csproj]
C:\Program Files\dotnet\sdk\10.0.201\Microsoft.Common.CurrentVersion.targets(2451,5): warning MSB3277:             C:\Users\ultra\.nuget\packages\aerowizard\2.3.1\lib\net45\AeroWizard.dll [C:\Users\ultra\warewolf\Dev\Dev2.Intellisense\Dev2.Intellisense.csproj]
C:\Program Files\dotnet\sdk\10.0.201\Microsoft.Common.CurrentVersion.targets(2451,5): warning MSB3277:             C:\Users\ultra\.nuget\packages\groupcontrols\1.9.0\lib\net45\GroupControls.dll [C:\Users\ultra\warewolf\Dev\Dev2.Intellisense\Dev2.Intellisense.csproj]
C:\Program Files\dotnet\sdk\10.0.201\Microsoft.Common.CurrentVersion.targets(2451,5): warning MSB3277:             C:\Users\ultra\.nuget\packages\taskschedulereditor\2.10.1\lib\net452\Microsoft.Win32.TaskSchedulerEditor.dll [C:\Users\ultra\warewolf\Dev\Dev2.Intellisense\Dev2.Intellisense.csproj]
C:\Program Files\dotnet\sdk\10.0.201\Microsoft.Common.CurrentVersion.targets(2451,5): warning MSB3277:         C:\Program Files\dotnet\packs\Microsoft.NETCore.App.Ref\8.0.25\ref\net8.0\System.Net.dll [C:\Users\ultra\warewolf\Dev\Dev2.Intellisense\Dev2.Intellisense.csproj]
C:\Program Files\dotnet\sdk\10.0.201\Microsoft.Common.CurrentVersion.targets(2451,5): warning MSB3277:           Project file item includes which caused reference "C:\Program Files\dotnet\packs\Microsoft.NETCore.App.Ref\8.0.25\ref\net8.0\System.Net.dll". [C:\Users\ultra\warewolf\Dev\Dev2.Intellisense\Dev2.Intellisense.csproj]
C:\Program Files\dotnet\sdk\10.0.201\Microsoft.Common.CurrentVersion.targets(2451,5): warning MSB3277:             C:\Program Files\dotnet\packs\Microsoft.NETCore.App.Ref\8.0.25\ref/net8.0/System.Net.dll [C:\Users\ultra\warewolf\Dev\Dev2.Intellisense\Dev2.Intellisense.csproj]
C:\Program Files\dotnet\sdk\10.0.201\Microsoft.Common.CurrentVersion.targets(2451,5): warning MSB3277:         C:\Program Files\dotnet\packs\Microsoft.NETCore.App.Ref\8.0.25\ref\net8.0\System.Security.dll [C:\Users\ultra\warewolf\Dev\Dev2.Intellisense\Dev2.Intellisense.csproj]
C:\Program Files\dotnet\sdk\10.0.201\Microsoft.Common.CurrentVersion.targets(2451,5): warning MSB3277:           Project file item includes which caused reference "C:\Program Files\dotnet\packs\Microsoft.NETCore.App.Ref\8.0.25\ref\net8.0\System.Security.dll". [C:\Users\ultra\warewolf\Dev\Dev2.Intellisense\Dev2.Intellisense.csproj]
C:\Program Files\dotnet\sdk\10.0.201\Microsoft.Common.CurrentVersion.targets(2451,5): warning MSB3277:             C:\Program Files\dotnet\packs\Microsoft.NETCore.App.Ref\8.0.25\ref/net8.0/System.Security.dll [C:\Users\ultra\warewolf\Dev\Dev2.Intellisense\Dev2.Intellisense.csproj]
C:\Program Files\dotnet\sdk\10.0.201\Microsoft.Common.CurrentVersion.targets(2451,5): warning MSB3277:         C:\Program Files\dotnet\packs\Microsoft.NETCore.App.Ref\8.0.25\ref\net8.0\System.ServiceProcess.dll [C:\Users\ultra\warewolf\Dev\Dev2.Intellisense\Dev2.Intellisense.csproj]
C:\Program Files\dotnet\sdk\10.0.201\Microsoft.Common.CurrentVersion.targets(2451,5): warning MSB3277:           Project file item includes which caused reference "C:\Program Files\dotnet\packs\Microsoft.NETCore.App.Ref\8.0.25\ref\net8.0\System.ServiceProcess.dll". [C:\Users\ultra\warewolf\Dev\Dev2.Intellisense\Dev2.Intellisense.csproj]
C:\Program Files\dotnet\sdk\10.0.201\Microsoft.Common.CurrentVersion.targets(2451,5): warning MSB3277:             C:\Program Files\dotnet\packs\Microsoft.NETCore.App.Ref\8.0.25\ref/net8.0/System.ServiceProcess.dll [C:\Users\ultra\warewolf\Dev\Dev2.Intellisense\Dev2.Intellisense.csproj]
C:\Program Files\dotnet\sdk\10.0.201\Microsoft.Common.CurrentVersion.targets(2451,5): warning MSB3277:         C:\Program Files\dotnet\packs\Microsoft.NETCore.App.Ref\8.0.25\ref\net8.0\System.Transactions.dll [C:\Users\ultra\warewolf\Dev\Dev2.Intellisense\Dev2.Intellisense.csproj]
C:\Program Files\dotnet\sdk\10.0.201\Microsoft.Common.CurrentVersion.targets(2451,5): warning MSB3277:           Project file item includes which caused reference "C:\Program Files\dotnet\packs\Microsoft.NETCore.App.Ref\8.0.25\ref\net8.0\System.Transactions.dll". [C:\Users\ultra\warewolf\Dev\Dev2.Intellisense\Dev2.Intellisense.csproj]
C:\Program Files\dotnet\sdk\10.0.201\Microsoft.Common.CurrentVersion.targets(2451,5): warning MSB3277:             C:\Program Files\dotnet\packs\Microsoft.NETCore.App.Ref\8.0.25\ref/net8.0/System.Transactions.dll [C:\Users\ultra\warewolf\Dev\Dev2.Intellisense\Dev2.Intellisense.csproj]
C:\Program Files\dotnet\sdk\10.0.201\Microsoft.Common.CurrentVersion.targets(2451,5): warning MSB3277:         C:\Program Files\dotnet\packs\Microsoft.NETCore.App.Ref\8.0.25\ref\net8.0\System.dll [C:\Users\ultra\warewolf\Dev\Dev2.Intellisense\Dev2.Intellisense.csproj]
C:\Program Files\dotnet\sdk\10.0.201\Microsoft.Common.CurrentVersion.targets(2451,5): warning MSB3277:           Project file item includes which caused reference "C:\Program Files\dotnet\packs\Microsoft.NETCore.App.Ref\8.0.25\ref\net8.0\System.dll". [C:\Users\ultra\warewolf\Dev\Dev2.Intellisense\Dev2.Intellisense.csproj]
C:\Program Files\dotnet\sdk\10.0.201\Microsoft.Common.CurrentVersion.targets(2451,5): warning MSB3277:             C:\Program Files\dotnet\packs\Microsoft.NETCore.App.Ref\8.0.25\ref/net8.0/System.dll [C:\Users\ultra\warewolf\Dev\Dev2.Intellisense\Dev2.Intellisense.csproj]
C:\Program Files\dotnet\sdk\10.0.201\Microsoft.Common.CurrentVersion.targets(2451,5): warning MSB3277:             C:\Users\ultra\.nuget\packages\aerowizard\2.3.1\lib\net45\AeroWizard.dll [C:\Users\ultra\warewolf\Dev\Dev2.Intellisense\Dev2.Intellisense.csproj]
C:\Program Files\dotnet\sdk\10.0.201\Microsoft.Common.CurrentVersion.targets(2451,5): warning MSB3277:             C:\Users\ultra\.nuget\packages\groupcontrols\1.9.0\lib\net45\GroupControls.dll [C:\Users\ultra\warewolf\Dev\Dev2.Intellisense\Dev2.Intellisense.csproj]
C:\Program Files\dotnet\sdk\10.0.201\Microsoft.Common.CurrentVersion.targets(2451,5): warning MSB3277:             C:\Users\ultra\.nuget\packages\microsoft.xaml.behaviors.wpf\1.1.122\lib\net462\Microsoft.Xaml.Behaviors.dll [C:\Users\ultra\warewolf\Dev\Dev2.Intellisense\Dev2.Intellisense.csproj]
C:\Program Files\dotnet\sdk\10.0.201\Microsoft.Common.CurrentVersion.targets(2451,5): warning MSB3277:             C:\Users\ultra\.nuget\packages\caliburn.micro\4.0.212\lib\netcoreapp3.1\Caliburn.Micro.Platform.dll [C:\Users\ultra\warewolf\Dev\Dev2.Intellisense\Dev2.Intellisense.csproj]
C:\Program Files\dotnet\sdk\10.0.201\Microsoft.Common.CurrentVersion.targets(2451,5): warning MSB3277:             C:\Users\ultra\.nuget\packages\prism.wpf\9.0.537\lib\net462\Prism.Wpf.dll [C:\Users\ultra\warewolf\Dev\Dev2.Intellisense\Dev2.Intellisense.csproj]
C:\Program Files\dotnet\sdk\10.0.201\Microsoft.Common.CurrentVersion.targets(2451,5): warning MSB3277:             C:\Users\ultra\.nuget\packages\reactiveui.wpf\18.4.1\lib\net462\ReactiveUI.Wpf.dll [C:\Users\ultra\warewolf\Dev\Dev2.Intellisense\Dev2.Intellisense.csproj]
C:\Program Files\dotnet\sdk\10.0.201\Microsoft.Common.CurrentVersion.targets(2451,5): warning MSB3277:             C:\Users\ultra\.nuget\packages\taskschedulereditor\2.10.1\lib\net452\Microsoft.Win32.TaskSchedulerEditor.dll [C:\Users\ultra\warewolf\Dev\Dev2.Intellisense\Dev2.Intellisense.csproj]
C:\Program Files\dotnet\sdk\10.0.201\Microsoft.Common.CurrentVersion.targets(2451,5): warning MSB3277:             C:\Users\ultra\.nuget\packages\ttcue.netcore.sharepointonline.csom.16.1.8029.1200\16.1.8029.1200\lib\netcoreapp2.0\Microsoft.SharePoint.Client.Runtime.Windows.dll [C:\Users\ultra\warewolf\Dev\Dev2.Intellisense\Dev2.Intellisense.csproj]
C:\Program Files\dotnet\sdk\10.0.201\Microsoft.Common.CurrentVersion.targets(2451,5): warning MSB3277:         C:\Program Files\dotnet\packs\Microsoft.NETCore.App.Ref\8.0.25\ref\net8.0\WindowsBase.dll [C:\Users\ultra\warewolf\Dev\Dev2.Intellisense\Dev2.Intellisense.csproj]
C:\Program Files\dotnet\sdk\10.0.201\Microsoft.Common.CurrentVersion.targets(2451,5): warning MSB3277:           Project file item includes which caused reference "C:\Program Files\dotnet\packs\Microsoft.NETCore.App.Ref\8.0.25\ref\net8.0\WindowsBase.dll". [C:\Users\ultra\warewolf\Dev\Dev2.Intellisense\Dev2.Intellisense.csproj]
C:\Program Files\dotnet\sdk\10.0.201\Microsoft.Common.CurrentVersion.targets(2451,5): warning MSB3277:             C:\Program Files\dotnet\packs\Microsoft.NETCore.App.Ref\8.0.25\ref/net8.0/WindowsBase.dll [C:\Users\ultra\warewolf\Dev\Dev2.Intellisense\Dev2.Intellisense.csproj]
C:\Program Files\dotnet\sdk\10.0.201\Microsoft.Common.CurrentVersion.targets(2451,5): warning MSB3277:         C:\Program Files\dotnet\packs\Microsoft.NETCore.App.Ref\8.0.25\ref\net8.0\mscorlib.dll [C:\Users\ultra\warewolf\Dev\Dev2.Intellisense\Dev2.Intellisense.csproj]
C:\Program Files\dotnet\sdk\10.0.201\Microsoft.Common.CurrentVersion.targets(2451,5): warning MSB3277:           Project file item includes which caused reference "C:\Program Files\dotnet\packs\Microsoft.NETCore.App.Ref\8.0.25\ref\net8.0\mscorlib.dll". [C:\Users\ultra\warewolf\Dev\Dev2.Intellisense\Dev2.Intellisense.csproj]
C:\Program Files\dotnet\sdk\10.0.201\Microsoft.Common.CurrentVersion.targets(2451,5): warning MSB3277:             C:\Program Files\dotnet\packs\Microsoft.NETCore.App.Ref\8.0.25\ref/net8.0/mscorlib.dll [C:\Users\ultra\warewolf\Dev\Dev2.Intellisense\Dev2.Intellisense.csproj]
C:\Program Files\dotnet\sdk\10.0.201\Microsoft.Common.CurrentVersion.targets(2451,5): warning MSB3277:             C:\Users\ultra\.nuget\packages\aerowizard\2.3.1\lib\net45\AeroWizard.dll [C:\Users\ultra\warewolf\Dev\Dev2.Intellisense\Dev2.Intellisense.csproj]
C:\Program Files\dotnet\sdk\10.0.201\Microsoft.Common.CurrentVersion.targets(2451,5): warning MSB3277:             C:\Users\ultra\.nuget\packages\groupcontrols\1.9.0\lib\net45\GroupControls.dll [C:\Users\ultra\warewolf\Dev\Dev2.Intellisense\Dev2.Intellisense.csproj]
C:\Program Files\dotnet\sdk\10.0.201\Microsoft.Common.CurrentVersion.targets(2451,5): warning MSB3277:             C:\Users\ultra\.nuget\packages\hangfire.core\1.7.32\lib\netstandard2.0\Hangfire.Core.dll [C:\Users\ultra\warewolf\Dev\Dev2.Intellisense\Dev2.Intellisense.csproj]
C:\Program Files\dotnet\sdk\10.0.201\Microsoft.Common.CurrentVersion.targets(2451,5): warning MSB3277:             C:\Users\ultra\warewolf\Dev\Dev2.Activities\bin\Debug\net8.0\Dev2.Activities.dll [C:\Users\ultra\warewolf\Dev\Dev2.Intellisense\Dev2.Intellisense.csproj]
C:\Program Files\dotnet\sdk\10.0.201\Microsoft.Common.CurrentVersion.targets(2451,5): warning MSB3277:             C:\Users\ultra\warewolf\Dev\Dev2.Studio.Core\bin\Debug\net8.0\Dev2.Studio.Core.dll [C:\Users\ultra\warewolf\Dev\Dev2.Intellisense\Dev2.Intellisense.csproj]
C:\Program Files\dotnet\sdk\10.0.201\Microsoft.Common.CurrentVersion.targets(2451,5): warning MSB3277:             C:\Users\ultra\warewolf\Dev\Warewolf.Driver.Persistence\bin\Debug\net8.0\Warewolf.Driver.Persistence.dll [C:\Users\ultra\warewolf\Dev\Dev2.Intellisense\Dev2.Intellisense.csproj]
C:\Program Files\dotnet\sdk\10.0.201\Microsoft.Common.CurrentVersion.targets(2451,5): warning MSB3277:             C:\Users\ultra\.nuget\packages\hangfire.sqlserver\1.7.32\lib\netstandard2.0\Hangfire.SqlServer.dll [C:\Users\ultra\warewolf\Dev\Dev2.Intellisense\Dev2.Intellisense.csproj]
C:\Program Files\dotnet\sdk\10.0.201\Microsoft.Common.CurrentVersion.targets(2451,5): warning MSB3277:             C:\Users\ultra\.nuget\packages\microsoft.xaml.behaviors.wpf\1.1.122\lib\net462\Microsoft.Xaml.Behaviors.dll [C:\Users\ultra\warewolf\Dev\Dev2.Intellisense\Dev2.Intellisense.csproj]
C:\Program Files\dotnet\sdk\10.0.201\Microsoft.Common.CurrentVersion.targets(2451,5): warning MSB3277:             C:\Users\ultra\.nuget\packages\caliburn.micro\4.0.212\lib\netcoreapp3.1\Caliburn.Micro.Platform.dll [C:\Users\ultra\warewolf\Dev\Dev2.Intellisense\Dev2.Intellisense.csproj]
C:\Program Files\dotnet\sdk\10.0.201\Microsoft.Common.CurrentVersion.targets(2451,5): warning MSB3277:             C:\Users\ultra\.nuget\packages\oracle.manageddataaccess.core\3.21.70\lib\netstandard2.1\Oracle.ManagedDataAccess.dll [C:\Users\ultra\warewolf\Dev\Dev2.Intellisense\Dev2.Intellisense.csproj]
C:\Program Files\dotnet\sdk\10.0.201\Microsoft.Common.CurrentVersion.targets(2451,5): warning MSB3277:             C:\Users\ultra\warewolf\Dev\Dev2.Runtime.Services\bin\Debug\net8.0\Dev2.Runtime.Services.dll [C:\Users\ultra\warewolf\Dev\Dev2.Intellisense\Dev2.Intellisense.csproj]
C:\Program Files\dotnet\sdk\10.0.201\Microsoft.Common.CurrentVersion.targets(2451,5): warning MSB3277:             C:\Users\ultra\warewolf\Dev\Dev2.Studio.Interfaces\bin\Debug\net8.0\Dev2.Studio.Interfaces.dll [C:\Users\ultra\warewolf\Dev\Dev2.Intellisense\Dev2.Intellisense.csproj]
C:\Program Files\dotnet\sdk\10.0.201\Microsoft.Common.CurrentVersion.targets(2451,5): warning MSB3277:             C:\Users\ultra\warewolf\Dev\Warewolf.Studio.Core\bin\Debug\net8.0\Warewolf.Studio.Core.dll [C:\Users\ultra\warewolf\Dev\Dev2.Intellisense\Dev2.Intellisense.csproj]
C:\Program Files\dotnet\sdk\10.0.201\Microsoft.Common.CurrentVersion.targets(2451,5): warning MSB3277:             C:\Users\ultra\warewolf\Dev\Dev2.Services.Execution\bin\Debug\net8.0\Dev2.Services.Execution.dll [C:\Users\ultra\warewolf\Dev\Dev2.Intellisense\Dev2.Intellisense.csproj]
C:\Program Files\dotnet\sdk\10.0.201\Microsoft.Common.CurrentVersion.targets(2451,5): warning MSB3277:             C:\Users\ultra\warewolf\Dev\Dev2.Services.Sql\bin\Debug\net8.0\Dev2.Services.Sql.dll [C:\Users\ultra\warewolf\Dev\Dev2.Intellisense\Dev2.Intellisense.csproj]
C:\Program Files\dotnet\sdk\10.0.201\Microsoft.Common.CurrentVersion.targets(2451,5): warning MSB3277:             C:\Users\ultra\.nuget\packages\prism.wpf\9.0.537\lib\net462\Prism.Wpf.dll [C:\Users\ultra\warewolf\Dev\Dev2.Intellisense\Dev2.Intellisense.csproj]
C:\Program Files\dotnet\sdk\10.0.201\Microsoft.Common.CurrentVersion.targets(2451,5): warning MSB3277:             C:\Users\ultra\.nuget\packages\reactiveui.wpf\18.4.1\lib\net462\ReactiveUI.Wpf.dll [C:\Users\ultra\warewolf\Dev\Dev2.Intellisense\Dev2.Intellisense.csproj]
C:\Program Files\dotnet\sdk\10.0.201\Microsoft.Common.CurrentVersion.targets(2451,5): warning MSB3277:             C:\Users\ultra\.nuget\packages\taskschedulereditor\2.10.1\lib\net452\Microsoft.Win32.TaskSchedulerEditor.dll [C:\Users\ultra\warewolf\Dev\Dev2.Intellisense\Dev2.Intellisense.csproj]
C:\Program Files\dotnet\sdk\10.0.201\Microsoft.Common.CurrentVersion.targets(2451,5): warning MSB3277:             C:\Users\ultra\.nuget\packages\ttcue.netcore.sharepointonline.csom.16.1.8029.1200\16.1.8029.1200\lib\netcoreapp2.0\Microsoft.SharePoint.Client.Runtime.Windows.dll [C:\Users\ultra\warewolf\Dev\Dev2.Intellisense\Dev2.Intellisense.csproj]
C:\Program Files\dotnet\sdk\10.0.201\Microsoft.Common.CurrentVersion.targets(2451,5): warning MSB3277:         C:\Users\ultra\warewolf\Dev\Dev2.Development.Languages\bin\Debug\net8.0\IronRuby.dll [C:\Users\ultra\warewolf\Dev\Dev2.Intellisense\Dev2.Intellisense.csproj]
C:\Program Files\dotnet\sdk\10.0.201\Microsoft.Common.CurrentVersion.targets(2451,5): warning MSB3277:           Project file item includes which caused reference "C:\Users\ultra\warewolf\Dev\Dev2.Development.Languages\bin\Debug\net8.0\IronRuby.dll". [C:\Users\ultra\warewolf\Dev\Dev2.Intellisense\Dev2.Intellisense.csproj]
C:\Program Files\dotnet\sdk\10.0.201\Microsoft.Common.CurrentVersion.targets(2451,5): warning MSB3277:             C:\Users\ultra\warewolf\Dev\Dev2.Development.Languages\bin\Debug\net8.0\Dev2.Development.Languages.dll [C:\Users\ultra\warewolf\Dev\Dev2.Intellisense\Dev2.Intellisense.csproj]
C:\Program Files\dotnet\sdk\10.0.201\Microsoft.Common.CurrentVersion.targets(2451,5): warning MSB3277:             C:\Users\ultra\warewolf\Dev\Dev2.Activities\bin\Debug\net8.0\Dev2.Activities.dll [C:\Users\ultra\warewolf\Dev\Dev2.Intellisense\Dev2.Intellisense.csproj]
C:\Program Files\dotnet\sdk\10.0.201\Microsoft.Common.CurrentVersion.targets(2451,5): warning MSB3277:             C:\Users\ultra\warewolf\Dev\Dev2.Studio.Core\bin\Debug\net8.0\Dev2.Studio.Core.dll [C:\Users\ultra\warewolf\Dev\Dev2.Intellisense\Dev2.Intellisense.csproj]
C:\Program Files\dotnet\sdk\10.0.201\Microsoft.Common.CurrentVersion.targets(2451,5): warning MSB3277:         C:\Users\ultra\warewolf\Dev\Dev2.Development.Languages\bin\Debug\net8.0\IronRuby.Libraries.dll [C:\Users\ultra\warewolf\Dev\Dev2.Intellisense\Dev2.Intellisense.csproj]
C:\Program Files\dotnet\sdk\10.0.201\Microsoft.Common.CurrentVersion.targets(2451,5): warning MSB3277:           Project file item includes which caused reference "C:\Users\ultra\warewolf\Dev\Dev2.Development.Languages\bin\Debug\net8.0\IronRuby.Libraries.dll". [C:\Users\ultra\warewolf\Dev\Dev2.Intellisense\Dev2.Intellisense.csproj]
C:\Program Files\dotnet\sdk\10.0.201\Microsoft.Common.CurrentVersion.targets(2451,5): warning MSB3277:             C:\Users\ultra\warewolf\Dev\Dev2.Development.Languages\bin\Debug\net8.0\Dev2.Development.Languages.dll [C:\Users\ultra\warewolf\Dev\Dev2.Intellisense\Dev2.Intellisense.csproj]
C:\Program Files\dotnet\sdk\10.0.201\Microsoft.Common.CurrentVersion.targets(2451,5): warning MSB3277:             C:\Users\ultra\warewolf\Dev\Dev2.Activities\bin\Debug\net8.0\Dev2.Activities.dll [C:\Users\ultra\warewolf\Dev\Dev2.Intellisense\Dev2.Intellisense.csproj]
C:\Program Files\dotnet\sdk\10.0.201\Microsoft.Common.CurrentVersion.targets(2451,5): warning MSB3277:             C:\Users\ultra\warewolf\Dev\Dev2.Studio.Core\bin\Debug\net8.0\Dev2.Studio.Core.dll [C:\Users\ultra\warewolf\Dev\Dev2.Intellisense\Dev2.Intellisense.csproj]
C:\Program Files\dotnet\sdk\10.0.201\Microsoft.Common.CurrentVersion.targets(2451,5): warning MSB3277:         C:\Users\ultra\warewolf\Dev\Binaries\Infragistcs_Net6\InfragisticsWPF4.DataVisualization.v15.1.dll [C:\Users\ultra\warewolf\Dev\Dev2.Intellisense\Dev2.Intellisense.csproj]
C:\Program Files\dotnet\sdk\10.0.201\Microsoft.Common.CurrentVersion.targets(2451,5): warning MSB3277:           Project file item includes which caused reference "C:\Users\ultra\warewolf\Dev\Binaries\Infragistcs_Net6\InfragisticsWPF4.DataVisualization.v15.1.dll". [C:\Users\ultra\warewolf\Dev\Dev2.Intellisense\Dev2.Intellisense.csproj]
C:\Program Files\dotnet\sdk\10.0.201\Microsoft.Common.CurrentVersion.targets(2451,5): warning MSB3277:             InfragisticsWPF4.Math.Calculators.v15.1, Version=15.1.20151.2055, Culture=neutral, PublicKeyToken=7dd5c3163f2cd0cb, processorArchitecture=MSIL [C:\Users\ultra\warewolf\Dev\Dev2.Intellisense\Dev2.Intellisense.csproj]
C:\Program Files\dotnet\sdk\10.0.201\Microsoft.Common.CurrentVersion.targets(2451,5): warning MSB3277: Found conflicts between different versions of "WindowsBase" that could not be resolved. [C:\Users\ultra\warewolf\Dev\Dev2.Intellisense\Dev2.Intellisense.csproj]
C:\Program Files\dotnet\sdk\10.0.201\Microsoft.Common.CurrentVersion.targets(2451,5): warning MSB3277: There was a conflict between "WindowsBase, Version=4.0.0.0, Culture=neutral, PublicKeyToken=31bf3856ad364e35" and "WindowsBase, Version=6.0.2.0, Culture=neutral, PublicKeyToken=31bf3856ad364e35". [C:\Users\ultra\warewolf\Dev\Dev2.Intellisense\Dev2.Intellisense.csproj]
C:\Program Files\dotnet\sdk\10.0.201\Microsoft.Common.CurrentVersion.targets(2451,5): warning MSB3277:     "WindowsBase, Version=4.0.0.0, Culture=neutral, PublicKeyToken=31bf3856ad364e35" was chosen because it was primary and "WindowsBase, Version=6.0.2.0, Culture=neutral, PublicKeyToken=31bf3856ad364e35" was not. [C:\Users\ultra\warewolf\Dev\Dev2.Intellisense\Dev2.Intellisense.csproj]
C:\Program Files\dotnet\sdk\10.0.201\Microsoft.Common.CurrentVersion.targets(2451,5): warning MSB3277:     References which depend on "WindowsBase, Version=4.0.0.0, Culture=neutral, PublicKeyToken=31bf3856ad364e35" [C:\Program Files\dotnet\packs\Microsoft.NETCore.App.Ref\8.0.25\ref\net8.0\WindowsBase.dll]. [C:\Users\ultra\warewolf\Dev\Dev2.Intellisense\Dev2.Intellisense.csproj]
C:\Program Files\dotnet\sdk\10.0.201\Microsoft.Common.CurrentVersion.targets(2451,5): warning MSB3277:         C:\Program Files\dotnet\packs\Microsoft.NETCore.App.Ref\8.0.25\ref\net8.0\WindowsBase.dll [C:\Users\ultra\warewolf\Dev\Dev2.Intellisense\Dev2.Intellisense.csproj]
C:\Program Files\dotnet\sdk\10.0.201\Microsoft.Common.CurrentVersion.targets(2451,5): warning MSB3277:           Project file item includes which caused reference "C:\Program Files\dotnet\packs\Microsoft.NETCore.App.Ref\8.0.25\ref\net8.0\WindowsBase.dll". [C:\Users\ultra\warewolf\Dev\Dev2.Intellisense\Dev2.Intellisense.csproj]
C:\Program Files\dotnet\sdk\10.0.201\Microsoft.Common.CurrentVersion.targets(2451,5): warning MSB3277:             C:\Program Files\dotnet\packs\Microsoft.NETCore.App.Ref\8.0.25\ref/net8.0/WindowsBase.dll [C:\Users\ultra\warewolf\Dev\Dev2.Intellisense\Dev2.Intellisense.csproj]
C:\Program Files\dotnet\sdk\10.0.201\Microsoft.Common.CurrentVersion.targets(2451,5): warning MSB3277:     References which depend on or have been unified to "WindowsBase, Version=6.0.2.0, Culture=neutral, PublicKeyToken=31bf3856ad364e35" []. [C:\Users\ultra\warewolf\Dev\Dev2.Intellisense\Dev2.Intellisense.csproj]
C:\Program Files\dotnet\sdk\10.0.201\Microsoft.Common.CurrentVersion.targets(2451,5): warning MSB3277:         C:\Users\ultra\warewolf\Dev\Binaries\Infragistcs_Net6\Infragistics.Calculations.dll [C:\Users\ultra\warewolf\Dev\Dev2.Intellisense\Dev2.Intellisense.csproj]
C:\Program Files\dotnet\sdk\10.0.201\Microsoft.Common.CurrentVersion.targets(2451,5): warning MSB3277:           Project file item includes which caused reference "C:\Users\ultra\warewolf\Dev\Binaries\Infragistcs_Net6\Infragistics.Calculations.dll". [C:\Users\ultra\warewolf\Dev\Dev2.Intellisense\Dev2.Intellisense.csproj]
C:\Program Files\dotnet\sdk\10.0.201\Microsoft.Common.CurrentVersion.targets(2451,5): warning MSB3277:             CalculationManager.WPF [C:\Users\ultra\warewolf\Dev\Dev2.Intellisense\Dev2.Intellisense.csproj]
C:\Program Files\dotnet\sdk\10.0.201\Microsoft.Common.CurrentVersion.targets(2451,5): warning MSB3277:         C:\Users\ultra\warewolf\Dev\Binaries\Infragistcs_Net6\InfragisticsWPF4.Math.Calculators.v15.1.dll [C:\Users\ultra\warewolf\Dev\Dev2.Intellisense\Dev2.Intellisense.csproj]
C:\Program Files\dotnet\sdk\10.0.201\Microsoft.Common.CurrentVersion.targets(2451,5): warning MSB3277:           Project file item includes which caused reference "C:\Users\ultra\warewolf\Dev\Binaries\Infragistcs_Net6\InfragisticsWPF4.Math.Calculators.v15.1.dll". [C:\Users\ultra\warewolf\Dev\Dev2.Intellisense\Dev2.Intellisense.csproj]
C:\Program Files\dotnet\sdk\10.0.201\Microsoft.Common.CurrentVersion.targets(2451,5): warning MSB3277:             InfragisticsWPF4.Math.Calculators.v15.1, Version=15.1.20151.2055, Culture=neutral, PublicKeyToken=7dd5c3163f2cd0cb, processorArchitecture=MSIL [C:\Users\ultra\warewolf\Dev\Dev2.Intellisense\Dev2.Intellisense.csproj]
C:\Program Files\dotnet\sdk\10.0.201\Microsoft.Common.CurrentVersion.targets(2451,5): warning MSB3277:         C:\Users\ultra\warewolf\Dev\Binaries\Infragistcs_Net6\InfragisticsWPF4.v15.1.dll [C:\Users\ultra\warewolf\Dev\Dev2.Intellisense\Dev2.Intellisense.csproj]
C:\Program Files\dotnet\sdk\10.0.201\Microsoft.Common.CurrentVersion.targets(2451,5): warning MSB3277:           Project file item includes which caused reference "C:\Users\ultra\warewolf\Dev\Binaries\Infragistcs_Net6\InfragisticsWPF4.v15.1.dll". [C:\Users\ultra\warewolf\Dev\Dev2.Intellisense\Dev2.Intellisense.csproj]
C:\Program Files\dotnet\sdk\10.0.201\Microsoft.Common.CurrentVersion.targets(2451,5): warning MSB3277:             InfragisticsWPF4.v15.1, Version=15.1.20151.2055, Culture=neutral, PublicKeyToken=7dd5c3163f2cd0cb, processorArchitecture=MSIL [C:\Users\ultra\warewolf\Dev\Dev2.Intellisense\Dev2.Intellisense.csproj]
C:\Program Files\dotnet\sdk\10.0.201\Microsoft.Common.CurrentVersion.targets(2451,5): warning MSB3277:             CalculationManager.WPF [C:\Users\ultra\warewolf\Dev\Dev2.Intellisense\Dev2.Intellisense.csproj]
C:\Program Files\dotnet\sdk\10.0.201\Microsoft.Common.CurrentVersion.targets(2451,5): warning MSB3277:             InfragisticsWPF4.Math.Calculators.v15.1, Version=15.1.20151.2055, Culture=neutral, PublicKeyToken=7dd5c3163f2cd0cb, processorArchitecture=MSIL [C:\Users\ultra\warewolf\Dev\Dev2.Intellisense\Dev2.Intellisense.csproj]
C:\Program Files\dotnet\sdk\10.0.201\Microsoft.Common.CurrentVersion.targets(2451,5): warning MSB3277:         C:\Users\ultra\.nuget\packages\caliburn.micro\4.0.212\lib\netcoreapp3.1\Caliburn.Micro.Platform.dll [C:\Users\ultra\warewolf\Dev\Dev2.Intellisense\Dev2.Intellisense.csproj]
C:\Program Files\dotnet\sdk\10.0.201\Microsoft.Common.CurrentVersion.targets(2451,5): warning MSB3277:           Project file item includes which caused reference "C:\Users\ultra\.nuget\packages\caliburn.micro\4.0.212\lib\netcoreapp3.1\Caliburn.Micro.Platform.dll". [C:\Users\ultra\warewolf\Dev\Dev2.Intellisense\Dev2.Intellisense.csproj]
C:\Program Files\dotnet\sdk\10.0.201\Microsoft.Common.CurrentVersion.targets(2451,5): warning MSB3277:             C:\Users\ultra\.nuget\packages\caliburn.micro\4.0.212\lib\netcoreapp3.1\Caliburn.Micro.Platform.dll [C:\Users\ultra\warewolf\Dev\Dev2.Intellisense\Dev2.Intellisense.csproj]
C:\Program Files\dotnet\sdk\10.0.201\Microsoft.Common.CurrentVersion.targets(2451,5): warning MSB3277:         C:\Users\ultra\.nuget\packages\ironpython\3.4.0\lib\net6.0\IronPython.Wpf.dll [C:\Users\ultra\warewolf\Dev\Dev2.Intellisense\Dev2.Intellisense.csproj]
C:\Program Files\dotnet\sdk\10.0.201\Microsoft.Common.CurrentVersion.targets(2451,5): warning MSB3277:           Project file item includes which caused reference "C:\Users\ultra\.nuget\packages\ironpython\3.4.0\lib\net6.0\IronPython.Wpf.dll". [C:\Users\ultra\warewolf\Dev\Dev2.Intellisense\Dev2.Intellisense.csproj]
C:\Program Files\dotnet\sdk\10.0.201\Microsoft.Common.CurrentVersion.targets(2451,5): warning MSB3277:             C:\Users\ultra\.nuget\packages\ironpython\3.4.0\lib\net6.0\IronPython.Wpf.dll [C:\Users\ultra\warewolf\Dev\Dev2.Intellisense\Dev2.Intellisense.csproj]
C:\Program Files\dotnet\sdk\10.0.201\Microsoft.Common.CurrentVersion.targets(2451,5): warning MSB3277:         C:\Users\ultra\.nuget\packages\microsoft.xaml.behaviors.wpf\1.1.122\lib\net462\Microsoft.Xaml.Behaviors.dll [C:\Users\ultra\warewolf\Dev\Dev2.Intellisense\Dev2.Intellisense.csproj]
C:\Program Files\dotnet\sdk\10.0.201\Microsoft.Common.CurrentVersion.targets(2451,5): warning MSB3277:           Project file item includes which caused reference "C:\Users\ultra\.nuget\packages\microsoft.xaml.behaviors.wpf\1.1.122\lib\net462\Microsoft.Xaml.Behaviors.dll". [C:\Users\ultra\warewolf\Dev\Dev2.Intellisense\Dev2.Intellisense.csproj]
C:\Program Files\dotnet\sdk\10.0.201\Microsoft.Common.CurrentVersion.targets(2451,5): warning MSB3277:             C:\Users\ultra\.nuget\packages\microsoft.xaml.behaviors.wpf\1.1.122\lib\net462\Microsoft.Xaml.Behaviors.dll [C:\Users\ultra\warewolf\Dev\Dev2.Intellisense\Dev2.Intellisense.csproj]
C:\Program Files\dotnet\sdk\10.0.201\Microsoft.Common.CurrentVersion.targets(2451,5): warning MSB3277:             C:\Users\ultra\.nuget\packages\caliburn.micro\4.0.212\lib\netcoreapp3.1\Caliburn.Micro.Platform.dll [C:\Users\ultra\warewolf\Dev\Dev2.Intellisense\Dev2.Intellisense.csproj]
C:\Program Files\dotnet\sdk\10.0.201\Microsoft.Common.CurrentVersion.targets(2451,5): warning MSB3277:             C:\Users\ultra\.nuget\packages\prism.wpf\9.0.537\lib\net462\Prism.Wpf.dll [C:\Users\ultra\warewolf\Dev\Dev2.Intellisense\Dev2.Intellisense.csproj]
C:\Program Files\dotnet\sdk\10.0.201\Microsoft.Common.CurrentVersion.targets(2451,5): warning MSB3277:         C:\Users\ultra\.nuget\packages\prism.wpf\9.0.537\lib\net462\Prism.Wpf.dll [C:\Users\ultra\warewolf\Dev\Dev2.Intellisense\Dev2.Intellisense.csproj]
C:\Program Files\dotnet\sdk\10.0.201\Microsoft.Common.CurrentVersion.targets(2451,5): warning MSB3277:           Project file item includes which caused reference "C:\Users\ultra\.nuget\packages\prism.wpf\9.0.537\lib\net462\Prism.Wpf.dll". [C:\Users\ultra\warewolf\Dev\Dev2.Intellisense\Dev2.Intellisense.csproj]
C:\Program Files\dotnet\sdk\10.0.201\Microsoft.Common.CurrentVersion.targets(2451,5): warning MSB3277:             C:\Users\ultra\.nuget\packages\prism.wpf\9.0.537\lib\net462\Prism.Wpf.dll [C:\Users\ultra\warewolf\Dev\Dev2.Intellisense\Dev2.Intellisense.csproj]
C:\Program Files\dotnet\sdk\10.0.201\Microsoft.Common.CurrentVersion.targets(2451,5): warning MSB3277:         C:\Users\ultra\.nuget\packages\reactiveui.wpf\18.4.1\lib\net462\ReactiveUI.Wpf.dll [C:\Users\ultra\warewolf\Dev\Dev2.Intellisense\Dev2.Intellisense.csproj]
C:\Program Files\dotnet\sdk\10.0.201\Microsoft.Common.CurrentVersion.targets(2451,5): warning MSB3277:           Project file item includes which caused reference "C:\Users\ultra\.nuget\packages\reactiveui.wpf\18.4.1\lib\net462\ReactiveUI.Wpf.dll". [C:\Users\ultra\warewolf\Dev\Dev2.Intellisense\Dev2.Intellisense.csproj]
C:\Program Files\dotnet\sdk\10.0.201\Microsoft.Common.CurrentVersion.targets(2451,5): warning MSB3277:             C:\Users\ultra\.nuget\packages\reactiveui.wpf\18.4.1\lib\net462\ReactiveUI.Wpf.dll [C:\Users\ultra\warewolf\Dev\Dev2.Intellisense\Dev2.Intellisense.csproj]
C:\Program Files\dotnet\sdk\10.0.201\Microsoft.Common.CurrentVersion.targets(2451,5): warning MSB3277:         C:\Users\ultra\warewolf\Dev\Binaries\Infragistcs_Net6\InfragisticsWPF4.DataVisualization.v15.1.dll [C:\Users\ultra\warewolf\Dev\Dev2.Intellisense\Dev2.Intellisense.csproj]
C:\Program Files\dotnet\sdk\10.0.201\Microsoft.Common.CurrentVersion.targets(2451,5): warning MSB3277:           Project file item includes which caused reference "C:\Users\ultra\warewolf\Dev\Binaries\Infragistcs_Net6\InfragisticsWPF4.DataVisualization.v15.1.dll". [C:\Users\ultra\warewolf\Dev\Dev2.Intellisense\Dev2.Intellisense.csproj]
C:\Program Files\dotnet\sdk\10.0.201\Microsoft.Common.CurrentVersion.targets(2451,5): warning MSB3277:             InfragisticsWPF4.Math.Calculators.v15.1, Version=15.1.20151.2055, Culture=neutral, PublicKeyToken=7dd5c3163f2cd0cb, processorArchitecture=MSIL [C:\Users\ultra\warewolf\Dev\Dev2.Intellisense\Dev2.Intellisense.csproj]
  Warewolf.MergeParser -> C:\Users\ultra\warewolf\Dev\Warewolf.MergeParser\bin\Debug\net8.0\Warewolf.MergeParser.dll
  Dev2.Intellisense -> C:\Users\ultra\warewolf\Dev\Dev2.Intellisense\bin\Debug\net8.0\Dev2.Intellisense.dll
C:\Users\ultra\warewolf\Dev\Warewolf.Execution.Lightweight\Execution\IWorkflowExecutor.cs(15,102): warning CS8625: Cannot convert null literal to non-nullable reference type. [C:\Users\ultra\warewolf\Dev\Warewolf.Execution.Lightweight\Warewolf.Execution.Lightweight.csproj]
C:\Users\ultra\warewolf\Dev\Warewolf.Execution.Lightweight\Execution\WorkflowExecutor.cs(67,109): warning CS8625: Cannot convert null literal to non-nullable reference type. [C:\Users\ultra\warewolf\Dev\Warewolf.Execution.Lightweight\Warewolf.Execution.Lightweight.csproj]
C:\Users\ultra\warewolf\Dev\Warewolf.Execution.Lightweight\Http\WorkflowFunctionHelper.cs(39,44): warning CS8625: Cannot convert null literal to non-nullable reference type. [C:\Users\ultra\warewolf\Dev\Warewolf.Execution.Lightweight\Warewolf.Execution.Lightweight.csproj]
C:\Users\ultra\warewolf\Dev\Warewolf.Execution.Lightweight\Http\WorkflowFunctionHelper.cs(64,49): warning CS8625: Cannot convert null literal to non-nullable reference type. [C:\Users\ultra\warewolf\Dev\Warewolf.Execution.Lightweight\Warewolf.Execution.Lightweight.csproj]
C:\Users\ultra\warewolf\Dev\Warewolf.Execution.Lightweight\Http\WorkflowFunctionHelper.cs(76,49): warning CS8625: Cannot convert null literal to non-nullable reference type. [C:\Users\ultra\warewolf\Dev\Warewolf.Execution.Lightweight\Warewolf.Execution.Lightweight.csproj]
C:\Users\ultra\warewolf\Dev\Warewolf.Execution.Lightweight\Execution\LightweightEsbChannel.cs(131,22): warning CS8625: Cannot convert null literal to non-nullable reference type. [C:\Users\ultra\warewolf\Dev\Warewolf.Execution.Lightweight\Warewolf.Execution.Lightweight.csproj]
C:\Users\ultra\warewolf\Dev\Warewolf.Execution.Lightweight\Execution\PerRequestDebugCapturer.cs(36,54): warning CS8603: Possible null reference return. [C:\Users\ultra\warewolf\Dev\Warewolf.Execution.Lightweight\Warewolf.Execution.Lightweight.csproj]
C:\Users\ultra\warewolf\Dev\Warewolf.Execution.Lightweight\Models\WorkflowExecutionResult.cs(22,23): warning CS8618: Non-nullable property 'Payload' must contain a non-null value when exiting constructor. Consider adding the 'required' modifier or declaring the property as nullable. [C:\Users\ultra\warewolf\Dev\Warewolf.Execution.Lightweight\Warewolf.Execution.Lightweight.csproj]
C:\Users\ultra\warewolf\Dev\Warewolf.Execution.Lightweight\Models\WorkflowExecutionResult.cs(29,23): warning CS8618: Non-nullable property 'ContentType' must contain a non-null value when exiting constructor. Consider adding the 'required' modifier or declaring the property as nullable. [C:\Users\ultra\warewolf\Dev\Warewolf.Execution.Lightweight\Warewolf.Execution.Lightweight.csproj]
C:\Users\ultra\warewolf\Dev\Warewolf.Execution.Lightweight\Models\WorkflowExecutionResult.cs(38,54): warning CS8618: Non-nullable property 'PayloadWriter' must contain a non-null value when exiting constructor. Consider adding the 'required' modifier or declaring the property as nullable. [C:\Users\ultra\warewolf\Dev\Warewolf.Execution.Lightweight\Warewolf.Execution.Lightweight.csproj]
C:\Users\ultra\warewolf\Dev\Warewolf.Execution.Lightweight\Http\WorkflowFunctionHelper.cs(152,61): warning CS8601: Possible null reference assignment. [C:\Users\ultra\warewolf\Dev\Warewolf.Execution.Lightweight\Warewolf.Execution.Lightweight.csproj]
C:\Users\ultra\warewolf\Dev\Warewolf.Execution.Lightweight\Models\DebugStepResult.cs(87,23): warning CS8618: Non-nullable property 'DisplayName' must contain a non-null value when exiting constructor. Consider adding the 'required' modifier or declaring the property as nullable. [C:\Users\ultra\warewolf\Dev\Warewolf.Execution.Lightweight\Warewolf.Execution.Lightweight.csproj]
C:\Users\ultra\warewolf\Dev\Warewolf.Execution.Lightweight\Models\DebugStepResult.cs(101,23): warning CS8618: Non-nullable property 'ActualType' must contain a non-null value when exiting constructor. Consider adding the 'required' modifier or declaring the property as nullable. [C:\Users\ultra\warewolf\Dev\Warewolf.Execution.Lightweight\Warewolf.Execution.Lightweight.csproj]
C:\Users\ultra\warewolf\Dev\Warewolf.Execution.Lightweight\Models\DebugStepResult.cs(107,23): warning CS8618: Non-nullable property 'StateType' must contain a non-null value when exiting constructor. Consider adding the 'required' modifier or declaring the property as nullable. [C:\Users\ultra\warewolf\Dev\Warewolf.Execution.Lightweight\Warewolf.Execution.Lightweight.csproj]
C:\Users\ultra\warewolf\Dev\Warewolf.Execution.Lightweight\Models\DebugStepResult.cs(115,23): warning CS8618: Non-nullable property 'ErrorMessage' must contain a non-null value when exiting constructor. Consider adding the 'required' modifier or declaring the property as nullable. [C:\Users\ultra\warewolf\Dev\Warewolf.Execution.Lightweight\Warewolf.Execution.Lightweight.csproj]
C:\Users\ultra\warewolf\Dev\Warewolf.Execution.Lightweight\Models\DebugStepResult.cs(127,23): warning CS8618: Non-nullable property 'Origin' must contain a non-null value when exiting constructor. Consider adding the 'required' modifier or declaring the property as nullable. [C:\Users\ultra\warewolf\Dev\Warewolf.Execution.Lightweight\Warewolf.Execution.Lightweight.csproj]
C:\Users\ultra\warewolf\Dev\Warewolf.Execution.Lightweight\Models\WorkflowExecutionRequest.cs(18,23): warning CS8618: Non-nullable property 'WorkflowsDirectory' must contain a non-null value when exiting constructor. Consider adding the 'required' modifier or declaring the property as nullable. [C:\Users\ultra\warewolf\Dev\Warewolf.Execution.Lightweight\Warewolf.Execution.Lightweight.csproj]
C:\Users\ultra\warewolf\Dev\Warewolf.Execution.Lightweight\Models\WorkflowExecutionRequest.cs(23,23): warning CS8618: Non-nullable property 'WorkflowFilePath' must contain a non-null value when exiting constructor. Consider adding the 'required' modifier or declaring the property as nullable. [C:\Users\ultra\warewolf\Dev\Warewolf.Execution.Lightweight\Warewolf.Execution.Lightweight.csproj]
C:\Users\ultra\warewolf\Dev\Warewolf.Execution.Lightweight\Models\WorkflowExecutionRequest.cs(29,23): warning CS8618: Non-nullable property 'WorkflowName' must contain a non-null value when exiting constructor. Consider adding the 'required' modifier or declaring the property as nullable. [C:\Users\ultra\warewolf\Dev\Warewolf.Execution.Lightweight\Warewolf.Execution.Lightweight.csproj]
C:\Users\ultra\warewolf\Dev\Warewolf.Execution.Lightweight\Models\WorkflowExecutionRequest.cs(55,20): warning CS8618: Non-nullable property 'WebServerUri' must contain a non-null value when exiting constructor. Consider adding the 'required' modifier or declaring the property as nullable. [C:\Users\ultra\warewolf\Dev\Warewolf.Execution.Lightweight\Warewolf.Execution.Lightweight.csproj]
C:\Users\ultra\warewolf\Dev\Warewolf.Execution.Lightweight\Models\DebugStepResult.cs(208,23): warning CS8618: Non-nullable property 'Label' must contain a non-null value when exiting constructor. Consider adding the 'required' modifier or declaring the property as nullable. [C:\Users\ultra\warewolf\Dev\Warewolf.Execution.Lightweight\Warewolf.Execution.Lightweight.csproj]
C:\Users\ultra\warewolf\Dev\Warewolf.Execution.Lightweight\Models\DebugStepResult.cs(213,23): warning CS8618: Non-nullable property 'Variable' must contain a non-null value when exiting constructor. Consider adding the 'required' modifier or declaring the property as nullable. [C:\Users\ultra\warewolf\Dev\Warewolf.Execution.Lightweight\Warewolf.Execution.Lightweight.csproj]
C:\Users\ultra\warewolf\Dev\Warewolf.Execution.Lightweight\Models\DebugStepResult.cs(218,23): warning CS8618: Non-nullable property 'Operator' must contain a non-null value when exiting constructor. Consider adding the 'required' modifier or declaring the property as nullable. [C:\Users\ultra\warewolf\Dev\Warewolf.Execution.Lightweight\Warewolf.Execution.Lightweight.csproj]
C:\Users\ultra\warewolf\Dev\Warewolf.Execution.Lightweight\Models\DebugStepResult.cs(223,23): warning CS8618: Non-nullable property 'Value' must contain a non-null value when exiting constructor. Consider adding the 'required' modifier or declaring the property as nullable. [C:\Users\ultra\warewolf\Dev\Warewolf.Execution.Lightweight\Warewolf.Execution.Lightweight.csproj]
C:\Users\ultra\warewolf\Dev\Warewolf.Execution.Lightweight\Models\DebugStepResult.cs(235,23): warning CS8618: Non-nullable property 'TruncatedValue' must contain a non-null value when exiting constructor. Consider adding the 'required' modifier or declaring the property as nullable. [C:\Users\ultra\warewolf\Dev\Warewolf.Execution.Lightweight\Warewolf.Execution.Lightweight.csproj]
C:\Users\ultra\warewolf\Dev\Warewolf.Execution.Lightweight\Models\DebugStepResult.cs(240,23): warning CS8618: Non-nullable property 'GroupName' must contain a non-null value when exiting constructor. Consider adding the 'required' modifier or declaring the property as nullable. [C:\Users\ultra\warewolf\Dev\Warewolf.Execution.Lightweight\Warewolf.Execution.Lightweight.csproj]
C:\Users\ultra\warewolf\Dev\Warewolf.Execution.Lightweight\Models\DebugStepResult.cs(251,23): warning CS8618: Non-nullable property 'MoreLink' must contain a non-null value when exiting constructor. Consider adding the 'required' modifier or declaring the property as nullable. [C:\Users\ultra\warewolf\Dev\Warewolf.Execution.Lightweight\Warewolf.Execution.Lightweight.csproj]
C:\Users\ultra\warewolf\Dev\Warewolf.Execution.Lightweight\Models\ExecutionErrorDetail.cs(29,23): warning CS8618: Non-nullable property 'ActivityName' must contain a non-null value when exiting constructor. Consider adding the 'required' modifier or declaring the property as nullable. [C:\Users\ultra\warewolf\Dev\Warewolf.Execution.Lightweight\Warewolf.Execution.Lightweight.csproj]
C:\Users\ultra\warewolf\Dev\Warewolf.Execution.Lightweight\Models\ExecutionErrorDetail.cs(34,23): warning CS8618: Non-nullable property 'Message' must contain a non-null value when exiting constructor. Consider adding the 'required' modifier or declaring the property as nullable. [C:\Users\ultra\warewolf\Dev\Warewolf.Execution.Lightweight\Warewolf.Execution.Lightweight.csproj]
C:\Users\ultra\warewolf\Dev\Warewolf.Execution.Lightweight\Models\ExecutionErrorDetail.cs(40,23): warning CS8618: Non-nullable property 'StackTrace' must contain a non-null value when exiting constructor. Consider adding the 'required' modifier or declaring the property as nullable. [C:\Users\ultra\warewolf\Dev\Warewolf.Execution.Lightweight\Warewolf.Execution.Lightweight.csproj]
C:\Users\ultra\warewolf\Dev\Warewolf.Execution.Lightweight\Execution\WorkflowExecutor.cs(165,57): warning CS8600: Converting null literal or possible null value to non-nullable type. [C:\Users\ultra\warewolf\Dev\Warewolf.Execution.Lightweight\Warewolf.Execution.Lightweight.csproj]
C:\Users\ultra\warewolf\Dev\Warewolf.Execution.Lightweight\Execution\WorkflowExecutor.cs(287,44): warning CS8600: Converting null literal or possible null value to non-nullable type. [C:\Users\ultra\warewolf\Dev\Warewolf.Execution.Lightweight\Warewolf.Execution.Lightweight.csproj]
C:\Users\ultra\warewolf\Dev\Warewolf.Execution.Lightweight\Execution\WorkflowExecutor.cs(299,31): warning CS8600: Converting null literal or possible null value to non-nullable type. [C:\Users\ultra\warewolf\Dev\Warewolf.Execution.Lightweight\Warewolf.Execution.Lightweight.csproj]
C:\Users\ultra\warewolf\Dev\Warewolf.Execution.Lightweight\Execution\WorkflowExecutor.cs(306,20): warning CS8619: Nullability of reference types in value of type '(StringBuilder? xamlDefinition, string? dataList, string workflowName)' doesn't match target type '(StringBuilder xamlDefinition, string dataList, string workflowName)'. [C:\Users\ultra\warewolf\Dev\Warewolf.Execution.Lightweight\Warewolf.Execution.Lightweight.csproj]
C:\Users\ultra\warewolf\Dev\Warewolf.Execution.Lightweight\Execution\WorkflowExecutor.cs(324,20): warning CS8603: Possible null reference return. [C:\Users\ultra\warewolf\Dev\Warewolf.Execution.Lightweight\Warewolf.Execution.Lightweight.csproj]
C:\Program Files\dotnet\sdk\10.0.201\Microsoft.Common.CurrentVersion.targets(2451,5): warning MSB3277: Found conflicts between different versions of "WindowsBase" that could not be resolved. [C:\Users\ultra\warewolf\Dev\Warewolf.MergeParser.Tests\Warewolf.MergeParser.Tests.csproj]
C:\Program Files\dotnet\sdk\10.0.201\Microsoft.Common.CurrentVersion.targets(2451,5): warning MSB3277: There was a conflict between "WindowsBase, Version=4.0.0.0, Culture=neutral, PublicKeyToken=31bf3856ad364e35" and "WindowsBase, Version=6.0.2.0, Culture=neutral, PublicKeyToken=31bf3856ad364e35". [C:\Users\ultra\warewolf\Dev\Warewolf.MergeParser.Tests\Warewolf.MergeParser.Tests.csproj]
C:\Program Files\dotnet\sdk\10.0.201\Microsoft.Common.CurrentVersion.targets(2451,5): warning MSB3277:     "WindowsBase, Version=4.0.0.0, Culture=neutral, PublicKeyToken=31bf3856ad364e35" was chosen because it was primary and "WindowsBase, Version=6.0.2.0, Culture=neutral, PublicKeyToken=31bf3856ad364e35" was not. [C:\Users\ultra\warewolf\Dev\Warewolf.MergeParser.Tests\Warewolf.MergeParser.Tests.csproj]
C:\Program Files\dotnet\sdk\10.0.201\Microsoft.Common.CurrentVersion.targets(2451,5): warning MSB3277:     References which depend on "WindowsBase, Version=4.0.0.0, Culture=neutral, PublicKeyToken=31bf3856ad364e35" [C:\Program Files\dotnet\packs\Microsoft.NETCore.App.Ref\8.0.25\ref\net8.0\WindowsBase.dll]. [C:\Users\ultra\warewolf\Dev\Warewolf.MergeParser.Tests\Warewolf.MergeParser.Tests.csproj]
C:\Program Files\dotnet\sdk\10.0.201\Microsoft.Common.CurrentVersion.targets(2451,5): warning MSB3277:         C:\Program Files\dotnet\packs\Microsoft.NETCore.App.Ref\8.0.25\ref\net8.0\WindowsBase.dll [C:\Users\ultra\warewolf\Dev\Warewolf.MergeParser.Tests\Warewolf.MergeParser.Tests.csproj]
C:\Program Files\dotnet\sdk\10.0.201\Microsoft.Common.CurrentVersion.targets(2451,5): warning MSB3277:           Project file item includes which caused reference "C:\Program Files\dotnet\packs\Microsoft.NETCore.App.Ref\8.0.25\ref\net8.0\WindowsBase.dll". [C:\Users\ultra\warewolf\Dev\Warewolf.MergeParser.Tests\Warewolf.MergeParser.Tests.csproj]
C:\Program Files\dotnet\sdk\10.0.201\Microsoft.Common.CurrentVersion.targets(2451,5): warning MSB3277:             C:\Program Files\dotnet\packs\Microsoft.NETCore.App.Ref\8.0.25\ref/net8.0/WindowsBase.dll [C:\Users\ultra\warewolf\Dev\Warewolf.MergeParser.Tests\Warewolf.MergeParser.Tests.csproj]
C:\Program Files\dotnet\sdk\10.0.201\Microsoft.Common.CurrentVersion.targets(2451,5): warning MSB3277:     References which depend on or have been unified to "WindowsBase, Version=6.0.2.0, Culture=neutral, PublicKeyToken=31bf3856ad364e35" []. [C:\Users\ultra\warewolf\Dev\Warewolf.MergeParser.Tests\Warewolf.MergeParser.Tests.csproj]
C:\Program Files\dotnet\sdk\10.0.201\Microsoft.Common.CurrentVersion.targets(2451,5): warning MSB3277:         C:\Users\ultra\.nuget\packages\caliburn.micro\4.0.212\lib\netcoreapp3.1\Caliburn.Micro.Platform.dll [C:\Users\ultra\warewolf\Dev\Warewolf.MergeParser.Tests\Warewolf.MergeParser.Tests.csproj]
C:\Program Files\dotnet\sdk\10.0.201\Microsoft.Common.CurrentVersion.targets(2451,5): warning MSB3277:           Project file item includes which caused reference "C:\Users\ultra\.nuget\packages\caliburn.micro\4.0.212\lib\netcoreapp3.1\Caliburn.Micro.Platform.dll". [C:\Users\ultra\warewolf\Dev\Warewolf.MergeParser.Tests\Warewolf.MergeParser.Tests.csproj]
C:\Program Files\dotnet\sdk\10.0.201\Microsoft.Common.CurrentVersion.targets(2451,5): warning MSB3277:             C:\Users\ultra\.nuget\packages\caliburn.micro\4.0.212\lib\netcoreapp3.1\Caliburn.Micro.Platform.dll [C:\Users\ultra\warewolf\Dev\Warewolf.MergeParser.Tests\Warewolf.MergeParser.Tests.csproj]
C:\Program Files\dotnet\sdk\10.0.201\Microsoft.Common.CurrentVersion.targets(2451,5): warning MSB3277:         C:\Users\ultra\.nuget\packages\ironpython\3.4.0\lib\net6.0\IronPython.Wpf.dll [C:\Users\ultra\warewolf\Dev\Warewolf.MergeParser.Tests\Warewolf.MergeParser.Tests.csproj]
C:\Program Files\dotnet\sdk\10.0.201\Microsoft.Common.CurrentVersion.targets(2451,5): warning MSB3277:           Project file item includes which caused reference "C:\Users\ultra\.nuget\packages\ironpython\3.4.0\lib\net6.0\IronPython.Wpf.dll". [C:\Users\ultra\warewolf\Dev\Warewolf.MergeParser.Tests\Warewolf.MergeParser.Tests.csproj]
C:\Program Files\dotnet\sdk\10.0.201\Microsoft.Common.CurrentVersion.targets(2451,5): warning MSB3277:             C:\Users\ultra\.nuget\packages\ironpython\3.4.0\lib\net6.0\IronPython.Wpf.dll [C:\Users\ultra\warewolf\Dev\Warewolf.MergeParser.Tests\Warewolf.MergeParser.Tests.csproj]
C:\Program Files\dotnet\sdk\10.0.201\Microsoft.Common.CurrentVersion.targets(2451,5): warning MSB3277:         C:\Users\ultra\.nuget\packages\microsoft.xaml.behaviors.wpf\1.1.122\lib\net462\Microsoft.Xaml.Behaviors.dll [C:\Users\ultra\warewolf\Dev\Warewolf.MergeParser.Tests\Warewolf.MergeParser.Tests.csproj]
C:\Program Files\dotnet\sdk\10.0.201\Microsoft.Common.CurrentVersion.targets(2451,5): warning MSB3277:           Project file item includes which caused reference "C:\Users\ultra\.nuget\packages\microsoft.xaml.behaviors.wpf\1.1.122\lib\net462\Microsoft.Xaml.Behaviors.dll". [C:\Users\ultra\warewolf\Dev\Warewolf.MergeParser.Tests\Warewolf.MergeParser.Tests.csproj]
C:\Program Files\dotnet\sdk\10.0.201\Microsoft.Common.CurrentVersion.targets(2451,5): warning MSB3277:             C:\Users\ultra\.nuget\packages\microsoft.xaml.behaviors.wpf\1.1.122\lib\net462\Microsoft.Xaml.Behaviors.dll [C:\Users\ultra\warewolf\Dev\Warewolf.MergeParser.Tests\Warewolf.MergeParser.Tests.csproj]
C:\Program Files\dotnet\sdk\10.0.201\Microsoft.Common.CurrentVersion.targets(2451,5): warning MSB3277:             C:\Users\ultra\.nuget\packages\caliburn.micro\4.0.212\lib\netcoreapp3.1\Caliburn.Micro.Platform.dll [C:\Users\ultra\warewolf\Dev\Warewolf.MergeParser.Tests\Warewolf.MergeParser.Tests.csproj]
C:\Program Files\dotnet\sdk\10.0.201\Microsoft.Common.CurrentVersion.targets(2451,5): warning MSB3277:             C:\Users\ultra\.nuget\packages\prism.wpf\9.0.537\lib\net462\Prism.Wpf.dll [C:\Users\ultra\warewolf\Dev\Warewolf.MergeParser.Tests\Warewolf.MergeParser.Tests.csproj]
C:\Program Files\dotnet\sdk\10.0.201\Microsoft.Common.CurrentVersion.targets(2451,5): warning MSB3277:         C:\Users\ultra\.nuget\packages\prism.wpf\9.0.537\lib\net462\Prism.Wpf.dll [C:\Users\ultra\warewolf\Dev\Warewolf.MergeParser.Tests\Warewolf.MergeParser.Tests.csproj]
C:\Program Files\dotnet\sdk\10.0.201\Microsoft.Common.CurrentVersion.targets(2451,5): warning MSB3277:           Project file item includes which caused reference "C:\Users\ultra\.nuget\packages\prism.wpf\9.0.537\lib\net462\Prism.Wpf.dll". [C:\Users\ultra\warewolf\Dev\Warewolf.MergeParser.Tests\Warewolf.MergeParser.Tests.csproj]
C:\Program Files\dotnet\sdk\10.0.201\Microsoft.Common.CurrentVersion.targets(2451,5): warning MSB3277:             C:\Users\ultra\.nuget\packages\prism.wpf\9.0.537\lib\net462\Prism.Wpf.dll [C:\Users\ultra\warewolf\Dev\Warewolf.MergeParser.Tests\Warewolf.MergeParser.Tests.csproj]
C:\Program Files\dotnet\sdk\10.0.201\Microsoft.Common.CurrentVersion.targets(2451,5): warning MSB3277:         C:\Users\ultra\.nuget\packages\reactiveui.wpf\18.4.1\lib\net462\ReactiveUI.Wpf.dll [C:\Users\ultra\warewolf\Dev\Warewolf.MergeParser.Tests\Warewolf.MergeParser.Tests.csproj]
C:\Program Files\dotnet\sdk\10.0.201\Microsoft.Common.CurrentVersion.targets(2451,5): warning MSB3277:           Project file item includes which caused reference "C:\Users\ultra\.nuget\packages\reactiveui.wpf\18.4.1\lib\net462\ReactiveUI.Wpf.dll". [C:\Users\ultra\warewolf\Dev\Warewolf.MergeParser.Tests\Warewolf.MergeParser.Tests.csproj]
C:\Program Files\dotnet\sdk\10.0.201\Microsoft.Common.CurrentVersion.targets(2451,5): warning MSB3277:             C:\Users\ultra\.nuget\packages\reactiveui.wpf\18.4.1\lib\net462\ReactiveUI.Wpf.dll [C:\Users\ultra\warewolf\Dev\Warewolf.MergeParser.Tests\Warewolf.MergeParser.Tests.csproj]
C:\Program Files\dotnet\sdk\10.0.201\Microsoft.Common.CurrentVersion.targets(2451,5): warning MSB3277: Found conflicts between different versions of "WindowsBase" that could not be resolved. [C:\Users\ultra\warewolf\Dev\Warewolf.UI\Warewolf.UI.csproj]
C:\Program Files\dotnet\sdk\10.0.201\Microsoft.Common.CurrentVersion.targets(2451,5): warning MSB3277: There was a conflict between "WindowsBase, Version=4.0.0.0, Culture=neutral, PublicKeyToken=31bf3856ad364e35" and "WindowsBase, Version=6.0.2.0, Culture=neutral, PublicKeyToken=31bf3856ad364e35". [C:\Users\ultra\warewolf\Dev\Warewolf.UI\Warewolf.UI.csproj]
C:\Program Files\dotnet\sdk\10.0.201\Microsoft.Common.CurrentVersion.targets(2451,5): warning MSB3277:     "WindowsBase, Version=4.0.0.0, Culture=neutral, PublicKeyToken=31bf3856ad364e35" was chosen because it was primary and "WindowsBase, Version=6.0.2.0, Culture=neutral, PublicKeyToken=31bf3856ad364e35" was not. [C:\Users\ultra\warewolf\Dev\Warewolf.UI\Warewolf.UI.csproj]
C:\Program Files\dotnet\sdk\10.0.201\Microsoft.Common.CurrentVersion.targets(2451,5): warning MSB3277:     References which depend on "WindowsBase, Version=4.0.0.0, Culture=neutral, PublicKeyToken=31bf3856ad364e35" [C:\Program Files\dotnet\packs\Microsoft.NETCore.App.Ref\8.0.25\ref\net8.0\WindowsBase.dll]. [C:\Users\ultra\warewolf\Dev\Warewolf.UI\Warewolf.UI.csproj]
C:\Program Files\dotnet\sdk\10.0.201\Microsoft.Common.CurrentVersion.targets(2451,5): warning MSB3277:         C:\Program Files\dotnet\packs\Microsoft.NETCore.App.Ref\8.0.25\ref\net8.0\WindowsBase.dll [C:\Users\ultra\warewolf\Dev\Warewolf.UI\Warewolf.UI.csproj]
C:\Program Files\dotnet\sdk\10.0.201\Microsoft.Common.CurrentVersion.targets(2451,5): warning MSB3277:           Project file item includes which caused reference "C:\Program Files\dotnet\packs\Microsoft.NETCore.App.Ref\8.0.25\ref\net8.0\WindowsBase.dll". [C:\Users\ultra\warewolf\Dev\Warewolf.UI\Warewolf.UI.csproj]
C:\Program Files\dotnet\sdk\10.0.201\Microsoft.Common.CurrentVersion.targets(2451,5): warning MSB3277:             C:\Program Files\dotnet\packs\Microsoft.NETCore.App.Ref\8.0.25\ref/net8.0/WindowsBase.dll [C:\Users\ultra\warewolf\Dev\Warewolf.UI\Warewolf.UI.csproj]
C:\Program Files\dotnet\sdk\10.0.201\Microsoft.Common.CurrentVersion.targets(2451,5): warning MSB3277:     References which depend on or have been unified to "WindowsBase, Version=6.0.2.0, Culture=neutral, PublicKeyToken=31bf3856ad364e35" []. [C:\Users\ultra\warewolf\Dev\Warewolf.UI\Warewolf.UI.csproj]
C:\Program Files\dotnet\sdk\10.0.201\Microsoft.Common.CurrentVersion.targets(2451,5): warning MSB3277:         C:\Users\ultra\.nuget\packages\caliburn.micro\4.0.212\lib\netcoreapp3.1\Caliburn.Micro.Platform.dll [C:\Users\ultra\warewolf\Dev\Warewolf.UI\Warewolf.UI.csproj]
C:\Program Files\dotnet\sdk\10.0.201\Microsoft.Common.CurrentVersion.targets(2451,5): warning MSB3277:           Project file item includes which caused reference "C:\Users\ultra\.nuget\packages\caliburn.micro\4.0.212\lib\netcoreapp3.1\Caliburn.Micro.Platform.dll". [C:\Users\ultra\warewolf\Dev\Warewolf.UI\Warewolf.UI.csproj]
C:\Program Files\dotnet\sdk\10.0.201\Microsoft.Common.CurrentVersion.targets(2451,5): warning MSB3277:             C:\Users\ultra\.nuget\packages\caliburn.micro\4.0.212\lib\netcoreapp3.1\Caliburn.Micro.Platform.dll [C:\Users\ultra\warewolf\Dev\Warewolf.UI\Warewolf.UI.csproj]
C:\Program Files\dotnet\sdk\10.0.201\Microsoft.Common.CurrentVersion.targets(2451,5): warning MSB3277:         C:\Users\ultra\.nuget\packages\ironpython\3.4.0\lib\net6.0\IronPython.Wpf.dll [C:\Users\ultra\warewolf\Dev\Warewolf.UI\Warewolf.UI.csproj]
C:\Program Files\dotnet\sdk\10.0.201\Microsoft.Common.CurrentVersion.targets(2451,5): warning MSB3277:           Project file item includes which caused reference "C:\Users\ultra\.nuget\packages\ironpython\3.4.0\lib\net6.0\IronPython.Wpf.dll". [C:\Users\ultra\warewolf\Dev\Warewolf.UI\Warewolf.UI.csproj]
C:\Program Files\dotnet\sdk\10.0.201\Microsoft.Common.CurrentVersion.targets(2451,5): warning MSB3277:             C:\Users\ultra\.nuget\packages\ironpython\3.4.0\lib\net6.0\IronPython.Wpf.dll [C:\Users\ultra\warewolf\Dev\Warewolf.UI\Warewolf.UI.csproj]
C:\Program Files\dotnet\sdk\10.0.201\Microsoft.Common.CurrentVersion.targets(2451,5): warning MSB3277:         C:\Users\ultra\.nuget\packages\microsoft.xaml.behaviors.wpf\1.1.122\lib\net462\Microsoft.Xaml.Behaviors.dll [C:\Users\ultra\warewolf\Dev\Warewolf.UI\Warewolf.UI.csproj]
C:\Program Files\dotnet\sdk\10.0.201\Microsoft.Common.CurrentVersion.targets(2451,5): warning MSB3277:           Project file item includes which caused reference "C:\Users\ultra\.nuget\packages\microsoft.xaml.behaviors.wpf\1.1.122\lib\net462\Microsoft.Xaml.Behaviors.dll". [C:\Users\ultra\warewolf\Dev\Warewolf.UI\Warewolf.UI.csproj]
C:\Program Files\dotnet\sdk\10.0.201\Microsoft.Common.CurrentVersion.targets(2451,5): warning MSB3277:             C:\Users\ultra\.nuget\packages\microsoft.xaml.behaviors.wpf\1.1.122\lib\net462\Microsoft.Xaml.Behaviors.dll [C:\Users\ultra\warewolf\Dev\Warewolf.UI\Warewolf.UI.csproj]
C:\Program Files\dotnet\sdk\10.0.201\Microsoft.Common.CurrentVersion.targets(2451,5): warning MSB3277:             C:\Users\ultra\.nuget\packages\caliburn.micro\4.0.212\lib\netcoreapp3.1\Caliburn.Micro.Platform.dll [C:\Users\ultra\warewolf\Dev\Warewolf.UI\Warewolf.UI.csproj]
C:\Program Files\dotnet\sdk\10.0.201\Microsoft.Common.CurrentVersion.targets(2451,5): warning MSB3277:             C:\Users\ultra\.nuget\packages\prism.wpf\9.0.537\lib\net462\Prism.Wpf.dll [C:\Users\ultra\warewolf\Dev\Warewolf.UI\Warewolf.UI.csproj]
C:\Program Files\dotnet\sdk\10.0.201\Microsoft.Common.CurrentVersion.targets(2451,5): warning MSB3277:         C:\Users\ultra\.nuget\packages\prism.wpf\9.0.537\lib\net462\Prism.Wpf.dll [C:\Users\ultra\warewolf\Dev\Warewolf.UI\Warewolf.UI.csproj]
C:\Program Files\dotnet\sdk\10.0.201\Microsoft.Common.CurrentVersion.targets(2451,5): warning MSB3277:           Project file item includes which caused reference "C:\Users\ultra\.nuget\packages\prism.wpf\9.0.537\lib\net462\Prism.Wpf.dll". [C:\Users\ultra\warewolf\Dev\Warewolf.UI\Warewolf.UI.csproj]
C:\Program Files\dotnet\sdk\10.0.201\Microsoft.Common.CurrentVersion.targets(2451,5): warning MSB3277:             C:\Users\ultra\.nuget\packages\prism.wpf\9.0.537\lib\net462\Prism.Wpf.dll [C:\Users\ultra\warewolf\Dev\Warewolf.UI\Warewolf.UI.csproj]
C:\Program Files\dotnet\sdk\10.0.201\Microsoft.Common.CurrentVersion.targets(2451,5): warning MSB3277:         C:\Users\ultra\.nuget\packages\reactiveui.wpf\18.4.1\lib\net462\ReactiveUI.Wpf.dll [C:\Users\ultra\warewolf\Dev\Warewolf.UI\Warewolf.UI.csproj]
C:\Program Files\dotnet\sdk\10.0.201\Microsoft.Common.CurrentVersion.targets(2451,5): warning MSB3277:           Project file item includes which caused reference "C:\Users\ultra\.nuget\packages\reactiveui.wpf\18.4.1\lib\net462\ReactiveUI.Wpf.dll". [C:\Users\ultra\warewolf\Dev\Warewolf.UI\Warewolf.UI.csproj]
C:\Program Files\dotnet\sdk\10.0.201\Microsoft.Common.CurrentVersion.targets(2451,5): warning MSB3277:             C:\Users\ultra\.nuget\packages\reactiveui.wpf\18.4.1\lib\net462\ReactiveUI.Wpf.dll [C:\Users\ultra\warewolf\Dev\Warewolf.UI\Warewolf.UI.csproj]
C:\Program Files\dotnet\sdk\10.0.201\Microsoft.Common.CurrentVersion.targets(2451,5): warning MSB3277: Found conflicts between different versions of "Microsoft.Win32.SystemEvents" that could not be resolved. [C:\Users\ultra\warewolf\Dev\Warewolf.Studio.CustomControls\Warewolf.Studio.CustomControls.csproj]
C:\Program Files\dotnet\sdk\10.0.201\Microsoft.Common.CurrentVersion.targets(2451,5): warning MSB3277: There was a conflict between "Microsoft.Win32.SystemEvents, Version=6.0.0.0, Culture=neutral, PublicKeyToken=cc7b13ffcd2ddd51" and "Microsoft.Win32.SystemEvents, Version=7.0.0.0, Culture=neutral, PublicKeyToken=cc7b13ffcd2ddd51". [C:\Users\ultra\warewolf\Dev\Warewolf.Studio.CustomControls\Warewolf.Studio.CustomControls.csproj]
C:\Program Files\dotnet\sdk\10.0.201\Microsoft.Common.CurrentVersion.targets(2451,5): warning MSB3277:     "Microsoft.Win32.SystemEvents, Version=6.0.0.0, Culture=neutral, PublicKeyToken=cc7b13ffcd2ddd51" was chosen because it was primary and "Microsoft.Win32.SystemEvents, Version=7.0.0.0, Culture=neutral, PublicKeyToken=cc7b13ffcd2ddd51" was not. [C:\Users\ultra\warewolf\Dev\Warewolf.Studio.CustomControls\Warewolf.Studio.CustomControls.csproj]
C:\Program Files\dotnet\sdk\10.0.201\Microsoft.Common.CurrentVersion.targets(2451,5): warning MSB3277:     References which depend on "Microsoft.Win32.SystemEvents, Version=6.0.0.0, Culture=neutral, PublicKeyToken=cc7b13ffcd2ddd51" [C:\Users\ultra\.nuget\packages\microsoft.win32.systemevents\6.0.0\lib\net6.0\Microsoft.Win32.SystemEvents.dll]. [C:\Users\ultra\warewolf\Dev\Warewolf.Studio.CustomControls\Warewolf.Studio.CustomControls.csproj]
C:\Program Files\dotnet\sdk\10.0.201\Microsoft.Common.CurrentVersion.targets(2451,5): warning MSB3277:         C:\Users\ultra\.nuget\packages\microsoft.win32.systemevents\6.0.0\lib\net6.0\Microsoft.Win32.SystemEvents.dll [C:\Users\ultra\warewolf\Dev\Warewolf.Studio.CustomControls\Warewolf.Studio.CustomControls.csproj]
C:\Program Files\dotnet\sdk\10.0.201\Microsoft.Common.CurrentVersion.targets(2451,5): warning MSB3277:           Project file item includes which caused reference "C:\Users\ultra\.nuget\packages\microsoft.win32.systemevents\6.0.0\lib\net6.0\Microsoft.Win32.SystemEvents.dll". [C:\Users\ultra\warewolf\Dev\Warewolf.Studio.CustomControls\Warewolf.Studio.CustomControls.csproj]
C:\Program Files\dotnet\sdk\10.0.201\Microsoft.Common.CurrentVersion.targets(2451,5): warning MSB3277:             C:\Users\ultra\.nuget\packages\microsoft.win32.systemevents\6.0.0\lib\net6.0\Microsoft.Win32.SystemEvents.dll [C:\Users\ultra\warewolf\Dev\Warewolf.Studio.CustomControls\Warewolf.Studio.CustomControls.csproj]
C:\Program Files\dotnet\sdk\10.0.201\Microsoft.Common.CurrentVersion.targets(2451,5): warning MSB3277:     References which depend on or have been unified to "Microsoft.Win32.SystemEvents, Version=7.0.0.0, Culture=neutral, PublicKeyToken=cc7b13ffcd2ddd51" []. [C:\Users\ultra\warewolf\Dev\Warewolf.Studio.CustomControls\Warewolf.Studio.CustomControls.csproj]
C:\Program Files\dotnet\sdk\10.0.201\Microsoft.Common.CurrentVersion.targets(2451,5): warning MSB3277:         C:\Users\ultra\warewolf\Dev\Dev2.Common\bin\Debug\net8.0\Dev2.Common.dll [C:\Users\ultra\warewolf\Dev\Warewolf.Studio.CustomControls\Warewolf.Studio.CustomControls.csproj]
C:\Program Files\dotnet\sdk\10.0.201\Microsoft.Common.CurrentVersion.targets(2451,5): warning MSB3277:           Project file item includes which caused reference "C:\Users\ultra\warewolf\Dev\Dev2.Common\bin\Debug\net8.0\Dev2.Common.dll". [C:\Users\ultra\warewolf\Dev\Warewolf.Studio.CustomControls\Warewolf.Studio.CustomControls.csproj]
C:\Program Files\dotnet\sdk\10.0.201\Microsoft.Common.CurrentVersion.targets(2451,5): warning MSB3277:             C:\Users\ultra\warewolf\Dev\Dev2.Common\bin\Debug\net8.0\Dev2.Common.dll [C:\Users\ultra\warewolf\Dev\Warewolf.Studio.CustomControls\Warewolf.Studio.CustomControls.csproj]
C:\Program Files\dotnet\sdk\10.0.201\Microsoft.Common.CurrentVersion.targets(2451,5): warning MSB3277:             C:\Users\ultra\warewolf\Dev\Dev2.Infrastructure\bin\Debug\net8.0\Dev2.Infrastructure.dll [C:\Users\ultra\warewolf\Dev\Warewolf.Studio.CustomControls\Warewolf.Studio.CustomControls.csproj]
C:\Program Files\dotnet\sdk\10.0.201\Microsoft.Common.CurrentVersion.targets(2451,5): warning MSB3277:             C:\Users\ultra\warewolf\Dev\Dev2.Intellisense\bin\Debug\net8.0\Dev2.Intellisense.dll [C:\Users\ultra\warewolf\Dev\Warewolf.Studio.CustomControls\Warewolf.Studio.CustomControls.csproj]
C:\Program Files\dotnet\sdk\10.0.201\Microsoft.Common.CurrentVersion.targets(2451,5): warning MSB3277:             C:\Users\ultra\warewolf\Dev\Dev2.Studio.Core\bin\Debug\net8.0\Dev2.Studio.Core.dll [C:\Users\ultra\warewolf\Dev\Warewolf.Studio.CustomControls\Warewolf.Studio.CustomControls.csproj]
C:\Program Files\dotnet\sdk\10.0.201\Microsoft.Common.CurrentVersion.targets(2451,5): warning MSB3277:             C:\Users\ultra\warewolf\Dev\Dev2.Studio.Interfaces\bin\Debug\net8.0\Dev2.Studio.Interfaces.dll [C:\Users\ultra\warewolf\Dev\Warewolf.Studio.CustomControls\Warewolf.Studio.CustomControls.csproj]
C:\Program Files\dotnet\sdk\10.0.201\Microsoft.Common.CurrentVersion.targets(2451,5): warning MSB3277:             C:\Users\ultra\warewolf\Dev\Dev2.Activities\bin\Debug\net8.0\Dev2.Activities.dll [C:\Users\ultra\warewolf\Dev\Warewolf.Studio.CustomControls\Warewolf.Studio.CustomControls.csproj]
C:\Program Files\dotnet\sdk\10.0.201\Microsoft.Common.CurrentVersion.targets(2451,5): warning MSB3277:             C:\Users\ultra\warewolf\Dev\Dev2.Core\bin\Debug\net8.0\Dev2.Core.dll [C:\Users\ultra\warewolf\Dev\Warewolf.Studio.CustomControls\Warewolf.Studio.CustomControls.csproj]
C:\Program Files\dotnet\sdk\10.0.201\Microsoft.Common.CurrentVersion.targets(2451,5): warning MSB3277:             C:\Users\ultra\warewolf\Dev\Dev2.Data\bin\Debug\net8.0\Dev2.Data.dll [C:\Users\ultra\warewolf\Dev\Warewolf.Studio.CustomControls\Warewolf.Studio.CustomControls.csproj]
C:\Program Files\dotnet\sdk\10.0.201\Microsoft.Common.CurrentVersion.targets(2451,5): warning MSB3277:             C:\Users\ultra\warewolf\Dev\Dev2.Development.Languages\bin\Debug\net8.0\Dev2.Development.Languages.dll [C:\Users\ultra\warewolf\Dev\Warewolf.Studio.CustomControls\Warewolf.Studio.CustomControls.csproj]
C:\Program Files\dotnet\sdk\10.0.201\Microsoft.Common.CurrentVersion.targets(2451,5): warning MSB3277:             C:\Users\ultra\warewolf\Dev\Dev2.Diagnostics\bin\Debug\net8.0\Dev2.Diagnostics.dll [C:\Users\ultra\warewolf\Dev\Warewolf.Studio.CustomControls\Warewolf.Studio.CustomControls.csproj]
C:\Program Files\dotnet\sdk\10.0.201\Microsoft.Common.CurrentVersion.targets(2451,5): warning MSB3277:             C:\Users\ultra\warewolf\Dev\Dev2.Runtime.Services\bin\Debug\net8.0\Dev2.Runtime.Services.dll [C:\Users\ultra\warewolf\Dev\Warewolf.Studio.CustomControls\Warewolf.Studio.CustomControls.csproj]
C:\Program Files\dotnet\sdk\10.0.201\Microsoft.Common.CurrentVersion.targets(2451,5): warning MSB3277:             C:\Users\ultra\warewolf\Dev\Dev2.Scheduler\bin\Debug\net8.0\Dev2.Scheduler.dll [C:\Users\ultra\warewolf\Dev\Warewolf.Studio.CustomControls\Warewolf.Studio.CustomControls.csproj]
C:\Program Files\dotnet\sdk\10.0.201\Microsoft.Common.CurrentVersion.targets(2451,5): warning MSB3277:             C:\Users\ultra\warewolf\Dev\Dev2.Services.Execution\bin\Debug\net8.0\Dev2.Services.Execution.dll [C:\Users\ultra\warewolf\Dev\Warewolf.Studio.CustomControls\Warewolf.Studio.CustomControls.csproj]
C:\Program Files\dotnet\sdk\10.0.201\Microsoft.Common.CurrentVersion.targets(2451,5): warning MSB3277:             C:\Users\ultra\warewolf\Dev\Dev2.Services.Sql\bin\Debug\net8.0\Dev2.Services.Sql.dll [C:\Users\ultra\warewolf\Dev\Warewolf.Studio.CustomControls\Warewolf.Studio.CustomControls.csproj]
C:\Program Files\dotnet\sdk\10.0.201\Microsoft.Common.CurrentVersion.targets(2451,5): warning MSB3277:             C:\Users\ultra\warewolf\Dev\Dev2.TaskScheduler.Wrappers\bin\Debug\net8.0\Dev2.TaskScheduler.Wrappers.dll [C:\Users\ultra\warewolf\Dev\Warewolf.Studio.CustomControls\Warewolf.Studio.CustomControls.csproj]
C:\Program Files\dotnet\sdk\10.0.201\Microsoft.Common.CurrentVersion.targets(2451,5): warning MSB3277:             C:\Users\ultra\warewolf\Dev\Dev2.Util\bin\Debug\net8.0\Dev2.Util.dll [C:\Users\ultra\warewolf\Dev\Warewolf.Studio.CustomControls\Warewolf.Studio.CustomControls.csproj]
C:\Program Files\dotnet\sdk\10.0.201\Microsoft.Common.CurrentVersion.targets(2451,5): warning MSB3277:             C:\Users\ultra\warewolf\Dev\Warewolf.AI.Harness\bin\Debug\net8.0\Warewolf.AI.Harness.dll [C:\Users\ultra\warewolf\Dev\Warewolf.Studio.CustomControls\Warewolf.Studio.CustomControls.csproj]
C:\Program Files\dotnet\sdk\10.0.201\Microsoft.Common.CurrentVersion.targets(2451,5): warning MSB3277:             C:\Users\ultra\warewolf\Dev\Warewolf.Auditing\bin\Debug\net8.0\Warewolf.Auditing.dll [C:\Users\ultra\warewolf\Dev\Warewolf.Studio.CustomControls\Warewolf.Studio.CustomControls.csproj]
C:\Program Files\dotnet\sdk\10.0.201\Microsoft.Common.CurrentVersion.targets(2451,5): warning MSB3277:             C:\Users\ultra\warewolf\Dev\Warewolf.Common.NetStandard20\bin\Debug\net8.0\Warewolf.Common.NetStandard20.dll [C:\Users\ultra\warewolf\Dev\Warewolf.Studio.CustomControls\Warewolf.Studio.CustomControls.csproj]
C:\Program Files\dotnet\sdk\10.0.201\Microsoft.Common.CurrentVersion.targets(2451,5): warning MSB3277:             C:\Users\ultra\warewolf\Dev\Warewolf.Core\bin\Debug\net8.0\Warewolf.Core.dll [C:\Users\ultra\warewolf\Dev\Warewolf.Studio.CustomControls\Warewolf.Studio.CustomControls.csproj]
C:\Program Files\dotnet\sdk\10.0.201\Microsoft.Common.CurrentVersion.targets(2451,5): warning MSB3277:             C:\Users\ultra\warewolf\Dev\Warewolf.Driver.Persistence\bin\Debug\net8.0\Warewolf.Driver.Persistence.dll [C:\Users\ultra\warewolf\Dev\Warewolf.Studio.CustomControls\Warewolf.Studio.CustomControls.csproj]
C:\Program Files\dotnet\sdk\10.0.201\Microsoft.Common.CurrentVersion.targets(2451,5): warning MSB3277:             C:\Users\ultra\warewolf\Dev\Warewolf.Driver.Serilog\bin\Debug\net8.0\Warewolf.Driver.Serilog.dll [C:\Users\ultra\warewolf\Dev\Warewolf.Studio.CustomControls\Warewolf.Studio.CustomControls.csproj]
C:\Program Files\dotnet\sdk\10.0.201\Microsoft.Common.CurrentVersion.targets(2451,5): warning MSB3277:             C:\Users\ultra\warewolf\Dev\Warewolf.Exchange.Email.Wrapper\bin\Debug\net8.0\Warewolf.Exchange.Email.Wrapper.dll [C:\Users\ultra\warewolf\Dev\Warewolf.Studio.CustomControls\Warewolf.Studio.CustomControls.csproj]
C:\Program Files\dotnet\sdk\10.0.201\Microsoft.Common.CurrentVersion.targets(2451,5): warning MSB3277:             C:\Users\ultra\warewolf\Dev\Warewolf.ResourceManagement\bin\Debug\net8.0\Warewolf.ResourceManagement.dll [C:\Users\ultra\warewolf\Dev\Warewolf.Studio.CustomControls\Warewolf.Studio.CustomControls.csproj]
C:\Program Files\dotnet\sdk\10.0.201\Microsoft.Common.CurrentVersion.targets(2451,5): warning MSB3277:             C:\Users\ultra\warewolf\Dev\Warewolf.Sharepoint\bin\Debug\net8.0\Warewolf.Sharepoint.dll [C:\Users\ultra\warewolf\Dev\Warewolf.Studio.CustomControls\Warewolf.Studio.CustomControls.csproj]
C:\Program Files\dotnet\sdk\10.0.201\Microsoft.Common.CurrentVersion.targets(2451,5): warning MSB3277:             C:\Users\ultra\warewolf\Dev\Warewolf.Storage\bin\Debug\net8.0\Warewolf.Storage.dll [C:\Users\ultra\warewolf\Dev\Warewolf.Studio.CustomControls\Warewolf.Studio.CustomControls.csproj]
C:\Program Files\dotnet\sdk\10.0.201\Microsoft.Common.CurrentVersion.targets(2451,5): warning MSB3277:             C:\Users\ultra\warewolf\Dev\Warewolf.Studio.Core\bin\Debug\net8.0\Warewolf.Studio.Core.dll [C:\Users\ultra\warewolf\Dev\Warewolf.Studio.CustomControls\Warewolf.Studio.CustomControls.csproj]
C:\Program Files\dotnet\sdk\10.0.201\Microsoft.Common.CurrentVersion.targets(2451,5): warning MSB3277:         C:\Users\ultra\warewolf\Dev\Binaries\Infragistcs_Net6\InfragisticsWPF4.v15.1.dll [C:\Users\ultra\warewolf\Dev\Warewolf.Studio.CustomControls\Warewolf.Studio.CustomControls.csproj]
C:\Program Files\dotnet\sdk\10.0.201\Microsoft.Common.CurrentVersion.targets(2451,5): warning MSB3277:           Project file item includes which caused reference "C:\Users\ultra\warewolf\Dev\Binaries\Infragistcs_Net6\InfragisticsWPF4.v15.1.dll". [C:\Users\ultra\warewolf\Dev\Warewolf.Studio.CustomControls\Warewolf.Studio.CustomControls.csproj]
C:\Program Files\dotnet\sdk\10.0.201\Microsoft.Common.CurrentVersion.targets(2451,5): warning MSB3277:             InfragisticsWPF4.v15.1, Version=15.1.20151.2055, Culture=neutral, processorArchitecture=MSIL [C:\Users\ultra\warewolf\Dev\Warewolf.Studio.CustomControls\Warewolf.Studio.CustomControls.csproj]
C:\Program Files\dotnet\sdk\10.0.201\Microsoft.Common.CurrentVersion.targets(2451,5): warning MSB3277:             InfragisticsWPF4.Controls.Grids.XamGrid.v15.1 [C:\Users\ultra\warewolf\Dev\Warewolf.Studio.CustomControls\Warewolf.Studio.CustomControls.csproj]
C:\Program Files\dotnet\sdk\10.0.201\Microsoft.Common.CurrentVersion.targets(2451,5): warning MSB3277:             InfragisticsWPF4.Controls.Menus.XamDataTree.v15.1, Version=15.1.20151.2055, Culture=neutral, PublicKeyToken=7dd5c3163f2cd0cb, processorArchitecture=MSIL [C:\Users\ultra\warewolf\Dev\Warewolf.Studio.CustomControls\Warewolf.Studio.CustomControls.csproj]
C:\Program Files\dotnet\sdk\10.0.201\Microsoft.Common.CurrentVersion.targets(2451,5): warning MSB3277:             InfragisticsWPF4.DataManager.v15.1, Version=15.1.20151.2055, Culture=neutral, processorArchitecture=MSIL [C:\Users\ultra\warewolf\Dev\Warewolf.Studio.CustomControls\Warewolf.Studio.CustomControls.csproj]
C:\Program Files\dotnet\sdk\10.0.201\Microsoft.Common.CurrentVersion.targets(2451,5): warning MSB3277:             InfragisticsWPF4.DataPresenter.v15.1 [C:\Users\ultra\warewolf\Dev\Warewolf.Studio.CustomControls\Warewolf.Studio.CustomControls.csproj]
C:\Program Files\dotnet\sdk\10.0.201\Microsoft.Common.CurrentVersion.targets(2451,5): warning MSB3277:         C:\Users\ultra\.nuget\packages\timespan2\2.4.2\lib\netcoreapp3.1\TimeSpan2.dll [C:\Users\ultra\warewolf\Dev\Warewolf.Studio.CustomControls\Warewolf.Studio.CustomControls.csproj]
C:\Program Files\dotnet\sdk\10.0.201\Microsoft.Common.CurrentVersion.targets(2451,5): warning MSB3277:           Project file item includes which caused reference "C:\Users\ultra\.nuget\packages\timespan2\2.4.2\lib\netcoreapp3.1\TimeSpan2.dll". [C:\Users\ultra\warewolf\Dev\Warewolf.Studio.CustomControls\Warewolf.Studio.CustomControls.csproj]
C:\Program Files\dotnet\sdk\10.0.201\Microsoft.Common.CurrentVersion.targets(2451,5): warning MSB3277:             C:\Users\ultra\.nuget\packages\timespan2\2.4.2\lib\netcoreapp3.1\TimeSpan2.dll [C:\Users\ultra\warewolf\Dev\Warewolf.Studio.CustomControls\Warewolf.Studio.CustomControls.csproj]
C:\Program Files\dotnet\sdk\10.0.201\Microsoft.Common.CurrentVersion.targets(2451,5): warning MSB3277:             C:\Users\ultra\.nuget\packages\taskschedulereditor\2.10.1\lib\net452\Microsoft.Win32.TaskSchedulerEditor.dll [C:\Users\ultra\warewolf\Dev\Warewolf.Studio.CustomControls\Warewolf.Studio.CustomControls.csproj]
C:\Program Files\dotnet\sdk\10.0.201\Microsoft.Common.CurrentVersion.targets(2451,5): warning MSB3277:         C:\Program Files\dotnet\packs\Microsoft.NETCore.App.Ref\8.0.25\ref\net8.0\System.dll [C:\Users\ultra\warewolf\Dev\Warewolf.Studio.CustomControls\Warewolf.Studio.CustomControls.csproj]
C:\Program Files\dotnet\sdk\10.0.201\Microsoft.Common.CurrentVersion.targets(2451,5): warning MSB3277:           Project file item includes which caused reference "C:\Program Files\dotnet\packs\Microsoft.NETCore.App.Ref\8.0.25\ref\net8.0\System.dll". [C:\Users\ultra\warewolf\Dev\Warewolf.Studio.CustomControls\Warewolf.Studio.CustomControls.csproj]
C:\Program Files\dotnet\sdk\10.0.201\Microsoft.Common.CurrentVersion.targets(2451,5): warning MSB3277:             C:\Program Files\dotnet\packs\Microsoft.NETCore.App.Ref\8.0.25\ref/net8.0/System.dll [C:\Users\ultra\warewolf\Dev\Warewolf.Studio.CustomControls\Warewolf.Studio.CustomControls.csproj]
C:\Program Files\dotnet\sdk\10.0.201\Microsoft.Common.CurrentVersion.targets(2451,5): warning MSB3277:             C:\Users\ultra\.nuget\packages\aerowizard\2.3.1\lib\net45\AeroWizard.dll [C:\Users\ultra\warewolf\Dev\Warewolf.Studio.CustomControls\Warewolf.Studio.CustomControls.csproj]
C:\Program Files\dotnet\sdk\10.0.201\Microsoft.Common.CurrentVersion.targets(2451,5): warning MSB3277:             C:\Users\ultra\.nuget\packages\groupcontrols\1.9.0\lib\net45\GroupControls.dll [C:\Users\ultra\warewolf\Dev\Warewolf.Studio.CustomControls\Warewolf.Studio.CustomControls.csproj]
C:\Program Files\dotnet\sdk\10.0.201\Microsoft.Common.CurrentVersion.targets(2451,5): warning MSB3277:             C:\Users\ultra\.nuget\packages\microsoft.xaml.behaviors.wpf\1.1.122\lib\net462\Microsoft.Xaml.Behaviors.dll [C:\Users\ultra\warewolf\Dev\Warewolf.Studio.CustomControls\Warewolf.Studio.CustomControls.csproj]
C:\Program Files\dotnet\sdk\10.0.201\Microsoft.Common.CurrentVersion.targets(2451,5): warning MSB3277:             C:\Users\ultra\.nuget\packages\caliburn.micro\4.0.212\lib\netcoreapp3.1\Caliburn.Micro.Platform.dll [C:\Users\ultra\warewolf\Dev\Warewolf.Studio.CustomControls\Warewolf.Studio.CustomControls.csproj]
C:\Program Files\dotnet\sdk\10.0.201\Microsoft.Common.CurrentVersion.targets(2451,5): warning MSB3277:             C:\Users\ultra\.nuget\packages\prism.wpf\9.0.537\lib\net462\Prism.Wpf.dll [C:\Users\ultra\warewolf\Dev\Warewolf.Studio.CustomControls\Warewolf.Studio.CustomControls.csproj]
C:\Program Files\dotnet\sdk\10.0.201\Microsoft.Common.CurrentVersion.targets(2451,5): warning MSB3277:             C:\Users\ultra\.nuget\packages\reactiveui.wpf\18.4.1\lib\net462\ReactiveUI.Wpf.dll [C:\Users\ultra\warewolf\Dev\Warewolf.Studio.CustomControls\Warewolf.Studio.CustomControls.csproj]
C:\Program Files\dotnet\sdk\10.0.201\Microsoft.Common.CurrentVersion.targets(2451,5): warning MSB3277:             C:\Users\ultra\.nuget\packages\taskschedulereditor\2.10.1\lib\net452\Microsoft.Win32.TaskSchedulerEditor.dll [C:\Users\ultra\warewolf\Dev\Warewolf.Studio.CustomControls\Warewolf.Studio.CustomControls.csproj]
C:\Program Files\dotnet\sdk\10.0.201\Microsoft.Common.CurrentVersion.targets(2451,5): warning MSB3277:             C:\Users\ultra\.nuget\packages\ttcue.netcore.sharepointonline.csom.16.1.8029.1200\16.1.8029.1200\lib\netcoreapp2.0\Microsoft.SharePoint.Client.Runtime.Windows.dll [C:\Users\ultra\warewolf\Dev\Warewolf.Studio.CustomControls\Warewolf.Studio.CustomControls.csproj]
C:\Program Files\dotnet\sdk\10.0.201\Microsoft.Common.CurrentVersion.targets(2451,5): warning MSB3277:         C:\Users\ultra\warewolf\Dev\Binaries\Infragistcs_Net6\InfragisticsWPF4.Editors.v15.1.dll [C:\Users\ultra\warewolf\Dev\Warewolf.Studio.CustomControls\Warewolf.Studio.CustomControls.csproj]
C:\Program Files\dotnet\sdk\10.0.201\Microsoft.Common.CurrentVersion.targets(2451,5): warning MSB3277:           Project file item includes which caused reference "C:\Users\ultra\warewolf\Dev\Binaries\Infragistcs_Net6\InfragisticsWPF4.Editors.v15.1.dll". [C:\Users\ultra\warewolf\Dev\Warewolf.Studio.CustomControls\Warewolf.Studio.CustomControls.csproj]
C:\Program Files\dotnet\sdk\10.0.201\Microsoft.Common.CurrentVersion.targets(2451,5): warning MSB3277:             InfragisticsWPF4.DataPresenter.v15.1 [C:\Users\ultra\warewolf\Dev\Warewolf.Studio.CustomControls\Warewolf.Studio.CustomControls.csproj]
C:\Program Files\dotnet\sdk\10.0.201\Microsoft.Common.CurrentVersion.targets(2451,5): warning MSB3277: Found conflicts between different versions of "System.Security.Permissions" that could not be resolved. [C:\Users\ultra\warewolf\Dev\Warewolf.Studio.CustomControls\Warewolf.Studio.CustomControls.csproj]
C:\Program Files\dotnet\sdk\10.0.201\Microsoft.Common.CurrentVersion.targets(2451,5): warning MSB3277: There was a conflict between "System.Security.Permissions, Version=6.0.0.0, Culture=neutral, PublicKeyToken=cc7b13ffcd2ddd51" and "System.Security.Permissions, Version=7.0.0.0, Culture=neutral, PublicKeyToken=cc7b13ffcd2ddd51". [C:\Users\ultra\warewolf\Dev\Warewolf.Studio.CustomControls\Warewolf.Studio.CustomControls.csproj]
C:\Program Files\dotnet\sdk\10.0.201\Microsoft.Common.CurrentVersion.targets(2451,5): warning MSB3277:     "System.Security.Permissions, Version=6.0.0.0, Culture=neutral, PublicKeyToken=cc7b13ffcd2ddd51" was chosen because it was primary and "System.Security.Permissions, Version=7.0.0.0, Culture=neutral, PublicKeyToken=cc7b13ffcd2ddd51" was not. [C:\Users\ultra\warewolf\Dev\Warewolf.Studio.CustomControls\Warewolf.Studio.CustomControls.csproj]
C:\Program Files\dotnet\sdk\10.0.201\Microsoft.Common.CurrentVersion.targets(2451,5): warning MSB3277:     References which depend on "System.Security.Permissions, Version=6.0.0.0, Culture=neutral, PublicKeyToken=cc7b13ffcd2ddd51" [C:\Users\ultra\.nuget\packages\system.security.permissions\6.0.0\lib\net6.0\System.Security.Permissions.dll]. [C:\Users\ultra\warewolf\Dev\Warewolf.Studio.CustomControls\Warewolf.Studio.CustomControls.csproj]
C:\Program Files\dotnet\sdk\10.0.201\Microsoft.Common.CurrentVersion.targets(2451,5): warning MSB3277:         C:\Users\ultra\.nuget\packages\system.security.permissions\6.0.0\lib\net6.0\System.Security.Permissions.dll [C:\Users\ultra\warewolf\Dev\Warewolf.Studio.CustomControls\Warewolf.Studio.CustomControls.csproj]
C:\Program Files\dotnet\sdk\10.0.201\Microsoft.Common.CurrentVersion.targets(2451,5): warning MSB3277:           Project file item includes which caused reference "C:\Users\ultra\.nuget\packages\system.security.permissions\6.0.0\lib\net6.0\System.Security.Permissions.dll". [C:\Users\ultra\warewolf\Dev\Warewolf.Studio.CustomControls\Warewolf.Studio.CustomControls.csproj]
C:\Program Files\dotnet\sdk\10.0.201\Microsoft.Common.CurrentVersion.targets(2451,5): warning MSB3277:             C:\Users\ultra\.nuget\packages\system.security.permissions\6.0.0\lib\net6.0\System.Security.Permissions.dll [C:\Users\ultra\warewolf\Dev\Warewolf.Studio.CustomControls\Warewolf.Studio.CustomControls.csproj]
C:\Program Files\dotnet\sdk\10.0.201\Microsoft.Common.CurrentVersion.targets(2451,5): warning MSB3277:     References which depend on or have been unified to "System.Security.Permissions, Version=7.0.0.0, Culture=neutral, PublicKeyToken=cc7b13ffcd2ddd51" []. [C:\Users\ultra\warewolf\Dev\Warewolf.Studio.CustomControls\Warewolf.Studio.CustomControls.csproj]
C:\Program Files\dotnet\sdk\10.0.201\Microsoft.Common.CurrentVersion.targets(2451,5): warning MSB3277:         C:\Users\ultra\warewolf\Dev\Dev2.Data\bin\Debug\net8.0\Dev2.Data.dll [C:\Users\ultra\warewolf\Dev\Warewolf.Studio.CustomControls\Warewolf.Studio.CustomControls.csproj]
C:\Program Files\dotnet\sdk\10.0.201\Microsoft.Common.CurrentVersion.targets(2451,5): warning MSB3277:           Project file item includes which caused reference "C:\Users\ultra\warewolf\Dev\Dev2.Data\bin\Debug\net8.0\Dev2.Data.dll". [C:\Users\ultra\warewolf\Dev\Warewolf.Studio.CustomControls\Warewolf.Studio.CustomControls.csproj]
C:\Program Files\dotnet\sdk\10.0.201\Microsoft.Common.CurrentVersion.targets(2451,5): warning MSB3277:             C:\Users\ultra\warewolf\Dev\Dev2.Data\bin\Debug\net8.0\Dev2.Data.dll [C:\Users\ultra\warewolf\Dev\Warewolf.Studio.CustomControls\Warewolf.Studio.CustomControls.csproj]
C:\Program Files\dotnet\sdk\10.0.201\Microsoft.Common.CurrentVersion.targets(2451,5): warning MSB3277:             C:\Users\ultra\warewolf\Dev\Dev2.Intellisense\bin\Debug\net8.0\Dev2.Intellisense.dll [C:\Users\ultra\warewolf\Dev\Warewolf.Studio.CustomControls\Warewolf.Studio.CustomControls.csproj]
C:\Program Files\dotnet\sdk\10.0.201\Microsoft.Common.CurrentVersion.targets(2451,5): warning MSB3277:             C:\Users\ultra\warewolf\Dev\Dev2.Studio.Core\bin\Debug\net8.0\Dev2.Studio.Core.dll [C:\Users\ultra\warewolf\Dev\Warewolf.Studio.CustomControls\Warewolf.Studio.CustomControls.csproj]
C:\Program Files\dotnet\sdk\10.0.201\Microsoft.Common.CurrentVersion.targets(2451,5): warning MSB3277:             C:\Users\ultra\warewolf\Dev\Dev2.Studio.Interfaces\bin\Debug\net8.0\Dev2.Studio.Interfaces.dll [C:\Users\ultra\warewolf\Dev\Warewolf.Studio.CustomControls\Warewolf.Studio.CustomControls.csproj]
C:\Program Files\dotnet\sdk\10.0.201\Microsoft.Common.CurrentVersion.targets(2451,5): warning MSB3277:             C:\Users\ultra\warewolf\Dev\Dev2.Activities\bin\Debug\net8.0\Dev2.Activities.dll [C:\Users\ultra\warewolf\Dev\Warewolf.Studio.CustomControls\Warewolf.Studio.CustomControls.csproj]
C:\Program Files\dotnet\sdk\10.0.201\Microsoft.Common.CurrentVersion.targets(2451,5): warning MSB3277:             C:\Users\ultra\warewolf\Dev\Dev2.Core\bin\Debug\net8.0\Dev2.Core.dll [C:\Users\ultra\warewolf\Dev\Warewolf.Studio.CustomControls\Warewolf.Studio.CustomControls.csproj]
C:\Program Files\dotnet\sdk\10.0.201\Microsoft.Common.CurrentVersion.targets(2451,5): warning MSB3277:             C:\Users\ultra\warewolf\Dev\Dev2.Runtime.Services\bin\Debug\net8.0\Dev2.Runtime.Services.dll [C:\Users\ultra\warewolf\Dev\Warewolf.Studio.CustomControls\Warewolf.Studio.CustomControls.csproj]
C:\Program Files\dotnet\sdk\10.0.201\Microsoft.Common.CurrentVersion.targets(2451,5): warning MSB3277:             C:\Users\ultra\warewolf\Dev\Dev2.Scheduler\bin\Debug\net8.0\Dev2.Scheduler.dll [C:\Users\ultra\warewolf\Dev\Warewolf.Studio.CustomControls\Warewolf.Studio.CustomControls.csproj]
C:\Program Files\dotnet\sdk\10.0.201\Microsoft.Common.CurrentVersion.targets(2451,5): warning MSB3277:             C:\Users\ultra\warewolf\Dev\Dev2.Services.Execution\bin\Debug\net8.0\Dev2.Services.Execution.dll [C:\Users\ultra\warewolf\Dev\Warewolf.Studio.CustomControls\Warewolf.Studio.CustomControls.csproj]
C:\Program Files\dotnet\sdk\10.0.201\Microsoft.Common.CurrentVersion.targets(2451,5): warning MSB3277:             C:\Users\ultra\warewolf\Dev\Warewolf.Auditing\bin\Debug\net8.0\Warewolf.Auditing.dll [C:\Users\ultra\warewolf\Dev\Warewolf.Studio.CustomControls\Warewolf.Studio.CustomControls.csproj]
C:\Program Files\dotnet\sdk\10.0.201\Microsoft.Common.CurrentVersion.targets(2451,5): warning MSB3277:             C:\Users\ultra\warewolf\Dev\Warewolf.Common.NetStandard20\bin\Debug\net8.0\Warewolf.Common.NetStandard20.dll [C:\Users\ultra\warewolf\Dev\Warewolf.Studio.CustomControls\Warewolf.Studio.CustomControls.csproj]
C:\Program Files\dotnet\sdk\10.0.201\Microsoft.Common.CurrentVersion.targets(2451,5): warning MSB3277:             C:\Users\ultra\warewolf\Dev\Warewolf.Core\bin\Debug\net8.0\Warewolf.Core.dll [C:\Users\ultra\warewolf\Dev\Warewolf.Studio.CustomControls\Warewolf.Studio.CustomControls.csproj]
C:\Program Files\dotnet\sdk\10.0.201\Microsoft.Common.CurrentVersion.targets(2451,5): warning MSB3277:             C:\Users\ultra\warewolf\Dev\Warewolf.Driver.Persistence\bin\Debug\net8.0\Warewolf.Driver.Persistence.dll [C:\Users\ultra\warewolf\Dev\Warewolf.Studio.CustomControls\Warewolf.Studio.CustomControls.csproj]
C:\Program Files\dotnet\sdk\10.0.201\Microsoft.Common.CurrentVersion.targets(2451,5): warning MSB3277:             C:\Users\ultra\warewolf\Dev\Warewolf.Exchange.Email.Wrapper\bin\Debug\net8.0\Warewolf.Exchange.Email.Wrapper.dll [C:\Users\ultra\warewolf\Dev\Warewolf.Studio.CustomControls\Warewolf.Studio.CustomControls.csproj]
C:\Program Files\dotnet\sdk\10.0.201\Microsoft.Common.CurrentVersion.targets(2451,5): warning MSB3277:             C:\Users\ultra\warewolf\Dev\Warewolf.ResourceManagement\bin\Debug\net8.0\Warewolf.ResourceManagement.dll [C:\Users\ultra\warewolf\Dev\Warewolf.Studio.CustomControls\Warewolf.Studio.CustomControls.csproj]
C:\Program Files\dotnet\sdk\10.0.201\Microsoft.Common.CurrentVersion.targets(2451,5): warning MSB3277:             C:\Users\ultra\warewolf\Dev\Warewolf.Studio.Core\bin\Debug\net8.0\Warewolf.Studio.Core.dll [C:\Users\ultra\warewolf\Dev\Warewolf.Studio.CustomControls\Warewolf.Studio.CustomControls.csproj]
C:\Program Files\dotnet\sdk\10.0.201\Microsoft.Common.CurrentVersion.targets(2451,5): warning MSB3277:         C:\Users\ultra\warewolf\Dev\Binaries\Infragistcs_Net6\InfragisticsWPF4.v15.1.dll [C:\Users\ultra\warewolf\Dev\Warewolf.Studio.CustomControls\Warewolf.Studio.CustomControls.csproj]
C:\Program Files\dotnet\sdk\10.0.201\Microsoft.Common.CurrentVersion.targets(2451,5): warning MSB3277:           Project file item includes which caused reference "C:\Users\ultra\warewolf\Dev\Binaries\Infragistcs_Net6\InfragisticsWPF4.v15.1.dll". [C:\Users\ultra\warewolf\Dev\Warewolf.Studio.CustomControls\Warewolf.Studio.CustomControls.csproj]
C:\Program Files\dotnet\sdk\10.0.201\Microsoft.Common.CurrentVersion.targets(2451,5): warning MSB3277:             InfragisticsWPF4.v15.1, Version=15.1.20151.2055, Culture=neutral, processorArchitecture=MSIL [C:\Users\ultra\warewolf\Dev\Warewolf.Studio.CustomControls\Warewolf.Studio.CustomControls.csproj]
C:\Program Files\dotnet\sdk\10.0.201\Microsoft.Common.CurrentVersion.targets(2451,5): warning MSB3277:             InfragisticsWPF4.Controls.Grids.XamGrid.v15.1 [C:\Users\ultra\warewolf\Dev\Warewolf.Studio.CustomControls\Warewolf.Studio.CustomControls.csproj]
C:\Program Files\dotnet\sdk\10.0.201\Microsoft.Common.CurrentVersion.targets(2451,5): warning MSB3277:             InfragisticsWPF4.Controls.Menus.XamDataTree.v15.1, Version=15.1.20151.2055, Culture=neutral, PublicKeyToken=7dd5c3163f2cd0cb, processorArchitecture=MSIL [C:\Users\ultra\warewolf\Dev\Warewolf.Studio.CustomControls\Warewolf.Studio.CustomControls.csproj]
C:\Program Files\dotnet\sdk\10.0.201\Microsoft.Common.CurrentVersion.targets(2451,5): warning MSB3277:             InfragisticsWPF4.DataManager.v15.1, Version=15.1.20151.2055, Culture=neutral, processorArchitecture=MSIL [C:\Users\ultra\warewolf\Dev\Warewolf.Studio.CustomControls\Warewolf.Studio.CustomControls.csproj]
C:\Program Files\dotnet\sdk\10.0.201\Microsoft.Common.CurrentVersion.targets(2451,5): warning MSB3277:             InfragisticsWPF4.DataPresenter.v15.1 [C:\Users\ultra\warewolf\Dev\Warewolf.Studio.CustomControls\Warewolf.Studio.CustomControls.csproj]
C:\Program Files\dotnet\sdk\10.0.201\Microsoft.Common.CurrentVersion.targets(2451,5): warning MSB3277:         C:\Users\ultra\.nuget\packages\dotnetzip\1.16.0\lib\netstandard2.0\DotNetZip.dll [C:\Users\ultra\warewolf\Dev\Warewolf.Studio.CustomControls\Warewolf.Studio.CustomControls.csproj]
C:\Program Files\dotnet\sdk\10.0.201\Microsoft.Common.CurrentVersion.targets(2451,5): warning MSB3277:           Project file item includes which caused reference "C:\Users\ultra\.nuget\packages\dotnetzip\1.16.0\lib\netstandard2.0\DotNetZip.dll". [C:\Users\ultra\warewolf\Dev\Warewolf.Studio.CustomControls\Warewolf.Studio.CustomControls.csproj]
C:\Program Files\dotnet\sdk\10.0.201\Microsoft.Common.CurrentVersion.targets(2451,5): warning MSB3277:             C:\Users\ultra\.nuget\packages\dotnetzip\1.16.0\lib\netstandard2.0\DotNetZip.dll [C:\Users\ultra\warewolf\Dev\Warewolf.Studio.CustomControls\Warewolf.Studio.CustomControls.csproj]
C:\Program Files\dotnet\sdk\10.0.201\Microsoft.Common.CurrentVersion.targets(2451,5): warning MSB3277:             C:\Users\ultra\warewolf\Dev\Dev2.Common\bin\Debug\net8.0\Dev2.Common.dll [C:\Users\ultra\warewolf\Dev\Warewolf.Studio.CustomControls\Warewolf.Studio.CustomControls.csproj]
C:\Program Files\dotnet\sdk\10.0.201\Microsoft.Common.CurrentVersion.targets(2451,5): warning MSB3277:             C:\Users\ultra\warewolf\Dev\Dev2.Infrastructure\bin\Debug\net8.0\Dev2.Infrastructure.dll [C:\Users\ultra\warewolf\Dev\Warewolf.Studio.CustomControls\Warewolf.Studio.CustomControls.csproj]
C:\Program Files\dotnet\sdk\10.0.201\Microsoft.Common.CurrentVersion.targets(2451,5): warning MSB3277:             C:\Users\ultra\warewolf\Dev\Dev2.Intellisense\bin\Debug\net8.0\Dev2.Intellisense.dll [C:\Users\ultra\warewolf\Dev\Warewolf.Studio.CustomControls\Warewolf.Studio.CustomControls.csproj]
C:\Program Files\dotnet\sdk\10.0.201\Microsoft.Common.CurrentVersion.targets(2451,5): warning MSB3277:             C:\Users\ultra\warewolf\Dev\Dev2.Studio.Core\bin\Debug\net8.0\Dev2.Studio.Core.dll [C:\Users\ultra\warewolf\Dev\Warewolf.Studio.CustomControls\Warewolf.Studio.CustomControls.csproj]
C:\Program Files\dotnet\sdk\10.0.201\Microsoft.Common.CurrentVersion.targets(2451,5): warning MSB3277:             C:\Users\ultra\warewolf\Dev\Dev2.Studio.Interfaces\bin\Debug\net8.0\Dev2.Studio.Interfaces.dll [C:\Users\ultra\warewolf\Dev\Warewolf.Studio.CustomControls\Warewolf.Studio.CustomControls.csproj]
C:\Program Files\dotnet\sdk\10.0.201\Microsoft.Common.CurrentVersion.targets(2451,5): warning MSB3277:             C:\Users\ultra\warewolf\Dev\Dev2.Activities\bin\Debug\net8.0\Dev2.Activities.dll [C:\Users\ultra\warewolf\Dev\Warewolf.Studio.CustomControls\Warewolf.Studio.CustomControls.csproj]
C:\Program Files\dotnet\sdk\10.0.201\Microsoft.Common.CurrentVersion.targets(2451,5): warning MSB3277:             C:\Users\ultra\warewolf\Dev\Dev2.Core\bin\Debug\net8.0\Dev2.Core.dll [C:\Users\ultra\warewolf\Dev\Warewolf.Studio.CustomControls\Warewolf.Studio.CustomControls.csproj]
C:\Program Files\dotnet\sdk\10.0.201\Microsoft.Common.CurrentVersion.targets(2451,5): warning MSB3277:             C:\Users\ultra\warewolf\Dev\Dev2.Data\bin\Debug\net8.0\Dev2.Data.dll [C:\Users\ultra\warewolf\Dev\Warewolf.Studio.CustomControls\Warewolf.Studio.CustomControls.csproj]
C:\Program Files\dotnet\sdk\10.0.201\Microsoft.Common.CurrentVersion.targets(2451,5): warning MSB3277:             C:\Users\ultra\warewolf\Dev\Dev2.Data.Interfaces\bin\Debug\net8.0\Dev2.Data.Interfaces.dll [C:\Users\ultra\warewolf\Dev\Warewolf.Studio.CustomControls\Warewolf.Studio.CustomControls.csproj]
C:\Program Files\dotnet\sdk\10.0.201\Microsoft.Common.CurrentVersion.targets(2451,5): warning MSB3277:             C:\Users\ultra\warewolf\Dev\Dev2.Development.Languages\bin\Debug\net8.0\Dev2.Development.Languages.dll [C:\Users\ultra\warewolf\Dev\Warewolf.Studio.CustomControls\Warewolf.Studio.CustomControls.csproj]
C:\Program Files\dotnet\sdk\10.0.201\Microsoft.Common.CurrentVersion.targets(2451,5): warning MSB3277:             C:\Users\ultra\warewolf\Dev\Dev2.Diagnostics\bin\Debug\net8.0\Dev2.Diagnostics.dll [C:\Users\ultra\warewolf\Dev\Warewolf.Studio.CustomControls\Warewolf.Studio.CustomControls.csproj]
C:\Program Files\dotnet\sdk\10.0.201\Microsoft.Common.CurrentVersion.targets(2451,5): warning MSB3277:             C:\Users\ultra\warewolf\Dev\Dev2.Runtime.Services\bin\Debug\net8.0\Dev2.Runtime.Services.dll [C:\Users\ultra\warewolf\Dev\Warewolf.Studio.CustomControls\Warewolf.Studio.CustomControls.csproj]
C:\Program Files\dotnet\sdk\10.0.201\Microsoft.Common.CurrentVersion.targets(2451,5): warning MSB3277:             C:\Users\ultra\warewolf\Dev\Dev2.Scheduler\bin\Debug\net8.0\Dev2.Scheduler.dll [C:\Users\ultra\warewolf\Dev\Warewolf.Studio.CustomControls\Warewolf.Studio.CustomControls.csproj]
C:\Program Files\dotnet\sdk\10.0.201\Microsoft.Common.CurrentVersion.targets(2451,5): warning MSB3277:             C:\Users\ultra\warewolf\Dev\Dev2.Services.Execution\bin\Debug\net8.0\Dev2.Services.Execution.dll [C:\Users\ultra\warewolf\Dev\Warewolf.Studio.CustomControls\Warewolf.Studio.CustomControls.csproj]
C:\Program Files\dotnet\sdk\10.0.201\Microsoft.Common.CurrentVersion.targets(2451,5): warning MSB3277:             C:\Users\ultra\warewolf\Dev\Dev2.Services.Sql\bin\Debug\net8.0\Dev2.Services.Sql.dll [C:\Users\ultra\warewolf\Dev\Warewolf.Studio.CustomControls\Warewolf.Studio.CustomControls.csproj]
C:\Program Files\dotnet\sdk\10.0.201\Microsoft.Common.CurrentVersion.targets(2451,5): warning MSB3277:             C:\Users\ultra\warewolf\Dev\Dev2.TaskScheduler.Wrappers\bin\Debug\net8.0\Dev2.TaskScheduler.Wrappers.dll [C:\Users\ultra\warewolf\Dev\Warewolf.Studio.CustomControls\Warewolf.Studio.CustomControls.csproj]
C:\Program Files\dotnet\sdk\10.0.201\Microsoft.Common.CurrentVersion.targets(2451,5): warning MSB3277:             C:\Users\ultra\warewolf\Dev\Dev2.Util\bin\Debug\net8.0\Dev2.Util.dll [C:\Users\ultra\warewolf\Dev\Warewolf.Studio.CustomControls\Warewolf.Studio.CustomControls.csproj]
C:\Program Files\dotnet\sdk\10.0.201\Microsoft.Common.CurrentVersion.targets(2451,5): warning MSB3277:             C:\Users\ultra\warewolf\Dev\Warewolf.AI.Harness\bin\Debug\net8.0\Warewolf.AI.Harness.dll [C:\Users\ultra\warewolf\Dev\Warewolf.Studio.CustomControls\Warewolf.Studio.CustomControls.csproj]
C:\Program Files\dotnet\sdk\10.0.201\Microsoft.Common.CurrentVersion.targets(2451,5): warning MSB3277:             C:\Users\ultra\warewolf\Dev\Warewolf.Auditing\bin\Debug\net8.0\Warewolf.Auditing.dll [C:\Users\ultra\warewolf\Dev\Warewolf.Studio.CustomControls\Warewolf.Studio.CustomControls.csproj]
C:\Program Files\dotnet\sdk\10.0.201\Microsoft.Common.CurrentVersion.targets(2451,5): warning MSB3277:             C:\Users\ultra\warewolf\Dev\Warewolf.Common.NetStandard20\bin\Debug\net8.0\Warewolf.Common.NetStandard20.dll [C:\Users\ultra\warewolf\Dev\Warewolf.Studio.CustomControls\Warewolf.Studio.CustomControls.csproj]
C:\Program Files\dotnet\sdk\10.0.201\Microsoft.Common.CurrentVersion.targets(2451,5): warning MSB3277:             C:\Users\ultra\warewolf\Dev\Warewolf.Core\bin\Debug\net8.0\Warewolf.Core.dll [C:\Users\ultra\warewolf\Dev\Warewolf.Studio.CustomControls\Warewolf.Studio.CustomControls.csproj]
C:\Program Files\dotnet\sdk\10.0.201\Microsoft.Common.CurrentVersion.targets(2451,5): warning MSB3277:             C:\Users\ultra\warewolf\Dev\Warewolf.Driver.Persistence\bin\Debug\net8.0\Warewolf.Driver.Persistence.dll [C:\Users\ultra\warewolf\Dev\Warewolf.Studio.CustomControls\Warewolf.Studio.CustomControls.csproj]
C:\Program Files\dotnet\sdk\10.0.201\Microsoft.Common.CurrentVersion.targets(2451,5): warning MSB3277:             C:\Users\ultra\warewolf\Dev\Warewolf.Driver.Serilog\bin\Debug\net8.0\Warewolf.Driver.Serilog.dll [C:\Users\ultra\warewolf\Dev\Warewolf.Studio.CustomControls\Warewolf.Studio.CustomControls.csproj]
C:\Program Files\dotnet\sdk\10.0.201\Microsoft.Common.CurrentVersion.targets(2451,5): warning MSB3277:             C:\Users\ultra\warewolf\Dev\Warewolf.Exchange.Email.Wrapper\bin\Debug\net8.0\Warewolf.Exchange.Email.Wrapper.dll [C:\Users\ultra\warewolf\Dev\Warewolf.Studio.CustomControls\Warewolf.Studio.CustomControls.csproj]
C:\Program Files\dotnet\sdk\10.0.201\Microsoft.Common.CurrentVersion.targets(2451,5): warning MSB3277:             C:\Users\ultra\warewolf\Dev\Warewolf.ResourceManagement\bin\Debug\net8.0\Warewolf.ResourceManagement.dll [C:\Users\ultra\warewolf\Dev\Warewolf.Studio.CustomControls\Warewolf.Studio.CustomControls.csproj]
C:\Program Files\dotnet\sdk\10.0.201\Microsoft.Common.CurrentVersion.targets(2451,5): warning MSB3277:             C:\Users\ultra\warewolf\Dev\Warewolf.Sharepoint\bin\Debug\net8.0\Warewolf.Sharepoint.dll [C:\Users\ultra\warewolf\Dev\Warewolf.Studio.CustomControls\Warewolf.Studio.CustomControls.csproj]
C:\Program Files\dotnet\sdk\10.0.201\Microsoft.Common.CurrentVersion.targets(2451,5): warning MSB3277:             C:\Users\ultra\warewolf\Dev\Warewolf.Storage\bin\Debug\net8.0\Warewolf.Storage.dll [C:\Users\ultra\warewolf\Dev\Warewolf.Studio.CustomControls\Warewolf.Studio.CustomControls.csproj]
C:\Program Files\dotnet\sdk\10.0.201\Microsoft.Common.CurrentVersion.targets(2451,5): warning MSB3277:             C:\Users\ultra\warewolf\Dev\Warewolf.Studio.Core\bin\Debug\net8.0\Warewolf.Studio.Core.dll [C:\Users\ultra\warewolf\Dev\Warewolf.Studio.CustomControls\Warewolf.Studio.CustomControls.csproj]
C:\Program Files\dotnet\sdk\10.0.201\Microsoft.Common.CurrentVersion.targets(2451,5): warning MSB3277:         C:\Users\ultra\.nuget\packages\mindbox.data.linq\5.0.0\lib\netstandard2.0\Mindbox.Data.Linq.dll [C:\Users\ultra\warewolf\Dev\Warewolf.Studio.CustomControls\Warewolf.Studio.CustomControls.csproj]
C:\Program Files\dotnet\sdk\10.0.201\Microsoft.Common.CurrentVersion.targets(2451,5): warning MSB3277:           Project file item includes which caused reference "C:\Users\ultra\.nuget\packages\mindbox.data.linq\5.0.0\lib\netstandard2.0\Mindbox.Data.Linq.dll". [C:\Users\ultra\warewolf\Dev\Warewolf.Studio.CustomControls\Warewolf.Studio.CustomControls.csproj]
C:\Program Files\dotnet\sdk\10.0.201\Microsoft.Common.CurrentVersion.targets(2451,5): warning MSB3277:             C:\Users\ultra\.nuget\packages\mindbox.data.linq\5.0.0\lib\netstandard2.0\Mindbox.Data.Linq.dll [C:\Users\ultra\warewolf\Dev\Warewolf.Studio.CustomControls\Warewolf.Studio.CustomControls.csproj]
C:\Program Files\dotnet\sdk\10.0.201\Microsoft.Common.CurrentVersion.targets(2451,5): warning MSB3277:             C:\Users\ultra\warewolf\Dev\Warewolf.Auditing\bin\Debug\net8.0\Warewolf.Auditing.dll [C:\Users\ultra\warewolf\Dev\Warewolf.Studio.CustomControls\Warewolf.Studio.CustomControls.csproj]
C:\Program Files\dotnet\sdk\10.0.201\Microsoft.Common.CurrentVersion.targets(2451,5): warning MSB3277:             C:\Users\ultra\warewolf\Dev\Dev2.Activities\bin\Debug\net8.0\Dev2.Activities.dll [C:\Users\ultra\warewolf\Dev\Warewolf.Studio.CustomControls\Warewolf.Studio.CustomControls.csproj]
C:\Program Files\dotnet\sdk\10.0.201\Microsoft.Common.CurrentVersion.targets(2451,5): warning MSB3277:             C:\Users\ultra\warewolf\Dev\Dev2.Studio.Core\bin\Debug\net8.0\Dev2.Studio.Core.dll [C:\Users\ultra\warewolf\Dev\Warewolf.Studio.CustomControls\Warewolf.Studio.CustomControls.csproj]
C:\Program Files\dotnet\sdk\10.0.201\Microsoft.Common.CurrentVersion.targets(2451,5): warning MSB3277:             C:\Users\ultra\warewolf\Dev\Dev2.Intellisense\bin\Debug\net8.0\Dev2.Intellisense.dll [C:\Users\ultra\warewolf\Dev\Warewolf.Studio.CustomControls\Warewolf.Studio.CustomControls.csproj]
C:\Program Files\dotnet\sdk\10.0.201\Microsoft.Common.CurrentVersion.targets(2451,5): warning MSB3277:             C:\Users\ultra\warewolf\Dev\Dev2.Runtime.Services\bin\Debug\net8.0\Dev2.Runtime.Services.dll [C:\Users\ultra\warewolf\Dev\Warewolf.Studio.CustomControls\Warewolf.Studio.CustomControls.csproj]
C:\Program Files\dotnet\sdk\10.0.201\Microsoft.Common.CurrentVersion.targets(2451,5): warning MSB3277:             C:\Users\ultra\warewolf\Dev\Dev2.Studio.Interfaces\bin\Debug\net8.0\Dev2.Studio.Interfaces.dll [C:\Users\ultra\warewolf\Dev\Warewolf.Studio.CustomControls\Warewolf.Studio.CustomControls.csproj]
C:\Program Files\dotnet\sdk\10.0.201\Microsoft.Common.CurrentVersion.targets(2451,5): warning MSB3277:             C:\Users\ultra\warewolf\Dev\Dev2.Services.Execution\bin\Debug\net8.0\Dev2.Services.Execution.dll [C:\Users\ultra\warewolf\Dev\Warewolf.Studio.CustomControls\Warewolf.Studio.CustomControls.csproj]
C:\Program Files\dotnet\sdk\10.0.201\Microsoft.Common.CurrentVersion.targets(2451,5): warning MSB3277:             C:\Users\ultra\warewolf\Dev\Warewolf.Common.NetStandard20\bin\Debug\net8.0\Warewolf.Common.NetStandard20.dll [C:\Users\ultra\warewolf\Dev\Warewolf.Studio.CustomControls\Warewolf.Studio.CustomControls.csproj]
C:\Program Files\dotnet\sdk\10.0.201\Microsoft.Common.CurrentVersion.targets(2451,5): warning MSB3277:             C:\Users\ultra\warewolf\Dev\Warewolf.Driver.Persistence\bin\Debug\net8.0\Warewolf.Driver.Persistence.dll [C:\Users\ultra\warewolf\Dev\Warewolf.Studio.CustomControls\Warewolf.Studio.CustomControls.csproj]
C:\Program Files\dotnet\sdk\10.0.201\Microsoft.Common.CurrentVersion.targets(2451,5): warning MSB3277:             C:\Users\ultra\warewolf\Dev\Warewolf.Studio.Core\bin\Debug\net8.0\Warewolf.Studio.Core.dll [C:\Users\ultra\warewolf\Dev\Warewolf.Studio.CustomControls\Warewolf.Studio.CustomControls.csproj]
C:\Program Files\dotnet\sdk\10.0.201\Microsoft.Common.CurrentVersion.targets(2451,5): warning MSB3277:         C:\Users\ultra\.nuget\packages\mysql.data\8.4.0\lib\net8.0\MySql.Data.dll [C:\Users\ultra\warewolf\Dev\Warewolf.Studio.CustomControls\Warewolf.Studio.CustomControls.csproj]
C:\Program Files\dotnet\sdk\10.0.201\Microsoft.Common.CurrentVersion.targets(2451,5): warning MSB3277:           Project file item includes which caused reference "C:\Users\ultra\.nuget\packages\mysql.data\8.4.0\lib\net8.0\MySql.Data.dll". [C:\Users\ultra\warewolf\Dev\Warewolf.Studio.CustomControls\Warewolf.Studio.CustomControls.csproj]
C:\Program Files\dotnet\sdk\10.0.201\Microsoft.Common.CurrentVersion.targets(2451,5): warning MSB3277:             C:\Users\ultra\.nuget\packages\mysql.data\8.4.0\lib\net8.0\MySql.Data.dll [C:\Users\ultra\warewolf\Dev\Warewolf.Studio.CustomControls\Warewolf.Studio.CustomControls.csproj]
C:\Program Files\dotnet\sdk\10.0.201\Microsoft.Common.CurrentVersion.targets(2451,5): warning MSB3277:             C:\Users\ultra\warewolf\Dev\Dev2.Activities\bin\Debug\net8.0\Dev2.Activities.dll [C:\Users\ultra\warewolf\Dev\Warewolf.Studio.CustomControls\Warewolf.Studio.CustomControls.csproj]
C:\Program Files\dotnet\sdk\10.0.201\Microsoft.Common.CurrentVersion.targets(2451,5): warning MSB3277:             C:\Users\ultra\warewolf\Dev\Dev2.Studio.Core\bin\Debug\net8.0\Dev2.Studio.Core.dll [C:\Users\ultra\warewolf\Dev\Warewolf.Studio.CustomControls\Warewolf.Studio.CustomControls.csproj]
C:\Program Files\dotnet\sdk\10.0.201\Microsoft.Common.CurrentVersion.targets(2451,5): warning MSB3277:             C:\Users\ultra\warewolf\Dev\Dev2.Intellisense\bin\Debug\net8.0\Dev2.Intellisense.dll [C:\Users\ultra\warewolf\Dev\Warewolf.Studio.CustomControls\Warewolf.Studio.CustomControls.csproj]
C:\Program Files\dotnet\sdk\10.0.201\Microsoft.Common.CurrentVersion.targets(2451,5): warning MSB3277:             C:\Users\ultra\warewolf\Dev\Dev2.Runtime.Services\bin\Debug\net8.0\Dev2.Runtime.Services.dll [C:\Users\ultra\warewolf\Dev\Warewolf.Studio.CustomControls\Warewolf.Studio.CustomControls.csproj]
C:\Program Files\dotnet\sdk\10.0.201\Microsoft.Common.CurrentVersion.targets(2451,5): warning MSB3277:             C:\Users\ultra\warewolf\Dev\Dev2.Studio.Interfaces\bin\Debug\net8.0\Dev2.Studio.Interfaces.dll [C:\Users\ultra\warewolf\Dev\Warewolf.Studio.CustomControls\Warewolf.Studio.CustomControls.csproj]
C:\Program Files\dotnet\sdk\10.0.201\Microsoft.Common.CurrentVersion.targets(2451,5): warning MSB3277:             C:\Users\ultra\warewolf\Dev\Dev2.Services.Execution\bin\Debug\net8.0\Dev2.Services.Execution.dll [C:\Users\ultra\warewolf\Dev\Warewolf.Studio.CustomControls\Warewolf.Studio.CustomControls.csproj]
C:\Program Files\dotnet\sdk\10.0.201\Microsoft.Common.CurrentVersion.targets(2451,5): warning MSB3277:             C:\Users\ultra\warewolf\Dev\Dev2.Services.Sql\bin\Debug\net8.0\Dev2.Services.Sql.dll [C:\Users\ultra\warewolf\Dev\Warewolf.Studio.CustomControls\Warewolf.Studio.CustomControls.csproj]
C:\Program Files\dotnet\sdk\10.0.201\Microsoft.Common.CurrentVersion.targets(2451,5): warning MSB3277:             C:\Users\ultra\warewolf\Dev\Warewolf.Driver.Persistence\bin\Debug\net8.0\Warewolf.Driver.Persistence.dll [C:\Users\ultra\warewolf\Dev\Warewolf.Studio.CustomControls\Warewolf.Studio.CustomControls.csproj]
C:\Program Files\dotnet\sdk\10.0.201\Microsoft.Common.CurrentVersion.targets(2451,5): warning MSB3277:             C:\Users\ultra\warewolf\Dev\Warewolf.Studio.Core\bin\Debug\net8.0\Warewolf.Studio.Core.dll [C:\Users\ultra\warewolf\Dev\Warewolf.Studio.CustomControls\Warewolf.Studio.CustomControls.csproj]
C:\Program Files\dotnet\sdk\10.0.201\Microsoft.Common.CurrentVersion.targets(2451,5): warning MSB3277:         C:\Users\ultra\.nuget\packages\oracle.manageddataaccess.core\3.21.70\lib\netstandard2.1\Oracle.ManagedDataAccess.dll [C:\Users\ultra\warewolf\Dev\Warewolf.Studio.CustomControls\Warewolf.Studio.CustomControls.csproj]
C:\Program Files\dotnet\sdk\10.0.201\Microsoft.Common.CurrentVersion.targets(2451,5): warning MSB3277:           Project file item includes which caused reference "C:\Users\ultra\.nuget\packages\oracle.manageddataaccess.core\3.21.70\lib\netstandard2.1\Oracle.ManagedDataAccess.dll". [C:\Users\ultra\warewolf\Dev\Warewolf.Studio.CustomControls\Warewolf.Studio.CustomControls.csproj]
C:\Program Files\dotnet\sdk\10.0.201\Microsoft.Common.CurrentVersion.targets(2451,5): warning MSB3277:             C:\Users\ultra\.nuget\packages\oracle.manageddataaccess.core\3.21.70\lib\netstandard2.1\Oracle.ManagedDataAccess.dll [C:\Users\ultra\warewolf\Dev\Warewolf.Studio.CustomControls\Warewolf.Studio.CustomControls.csproj]
C:\Program Files\dotnet\sdk\10.0.201\Microsoft.Common.CurrentVersion.targets(2451,5): warning MSB3277:             C:\Users\ultra\warewolf\Dev\Dev2.Runtime.Services\bin\Debug\net8.0\Dev2.Runtime.Services.dll [C:\Users\ultra\warewolf\Dev\Warewolf.Studio.CustomControls\Warewolf.Studio.CustomControls.csproj]
C:\Program Files\dotnet\sdk\10.0.201\Microsoft.Common.CurrentVersion.targets(2451,5): warning MSB3277:             C:\Users\ultra\warewolf\Dev\Dev2.Studio.Core\bin\Debug\net8.0\Dev2.Studio.Core.dll [C:\Users\ultra\warewolf\Dev\Warewolf.Studio.CustomControls\Warewolf.Studio.CustomControls.csproj]
C:\Program Files\dotnet\sdk\10.0.201\Microsoft.Common.CurrentVersion.targets(2451,5): warning MSB3277:             C:\Users\ultra\warewolf\Dev\Dev2.Intellisense\bin\Debug\net8.0\Dev2.Intellisense.dll [C:\Users\ultra\warewolf\Dev\Warewolf.Studio.CustomControls\Warewolf.Studio.CustomControls.csproj]
C:\Program Files\dotnet\sdk\10.0.201\Microsoft.Common.CurrentVersion.targets(2451,5): warning MSB3277:             C:\Users\ultra\warewolf\Dev\Dev2.Studio.Interfaces\bin\Debug\net8.0\Dev2.Studio.Interfaces.dll [C:\Users\ultra\warewolf\Dev\Warewolf.Studio.CustomControls\Warewolf.Studio.CustomControls.csproj]
C:\Program Files\dotnet\sdk\10.0.201\Microsoft.Common.CurrentVersion.targets(2451,5): warning MSB3277:             C:\Users\ultra\warewolf\Dev\Dev2.Activities\bin\Debug\net8.0\Dev2.Activities.dll [C:\Users\ultra\warewolf\Dev\Warewolf.Studio.CustomControls\Warewolf.Studio.CustomControls.csproj]
C:\Program Files\dotnet\sdk\10.0.201\Microsoft.Common.CurrentVersion.targets(2451,5): warning MSB3277:             C:\Users\ultra\warewolf\Dev\Dev2.Services.Execution\bin\Debug\net8.0\Dev2.Services.Execution.dll [C:\Users\ultra\warewolf\Dev\Warewolf.Studio.CustomControls\Warewolf.Studio.CustomControls.csproj]
C:\Program Files\dotnet\sdk\10.0.201\Microsoft.Common.CurrentVersion.targets(2451,5): warning MSB3277:             C:\Users\ultra\warewolf\Dev\Dev2.Services.Sql\bin\Debug\net8.0\Dev2.Services.Sql.dll [C:\Users\ultra\warewolf\Dev\Warewolf.Studio.CustomControls\Warewolf.Studio.CustomControls.csproj]
C:\Program Files\dotnet\sdk\10.0.201\Microsoft.Common.CurrentVersion.targets(2451,5): warning MSB3277:             C:\Users\ultra\warewolf\Dev\Warewolf.Driver.Persistence\bin\Debug\net8.0\Warewolf.Driver.Persistence.dll [C:\Users\ultra\warewolf\Dev\Warewolf.Studio.CustomControls\Warewolf.Studio.CustomControls.csproj]
C:\Program Files\dotnet\sdk\10.0.201\Microsoft.Common.CurrentVersion.targets(2451,5): warning MSB3277:             C:\Users\ultra\warewolf\Dev\Warewolf.Studio.Core\bin\Debug\net8.0\Warewolf.Studio.Core.dll [C:\Users\ultra\warewolf\Dev\Warewolf.Studio.CustomControls\Warewolf.Studio.CustomControls.csproj]
C:\Program Files\dotnet\sdk\10.0.201\Microsoft.Common.CurrentVersion.targets(2451,5): warning MSB3277:         C:\Users\ultra\.nuget\packages\system.directoryservices\6.0.0\lib\net6.0\System.DirectoryServices.dll [C:\Users\ultra\warewolf\Dev\Warewolf.Studio.CustomControls\Warewolf.Studio.CustomControls.csproj]
C:\Program Files\dotnet\sdk\10.0.201\Microsoft.Common.CurrentVersion.targets(2451,5): warning MSB3277:           Project file item includes which caused reference "C:\Users\ultra\.nuget\packages\system.directoryservices\6.0.0\lib\net6.0\System.DirectoryServices.dll". [C:\Users\ultra\warewolf\Dev\Warewolf.Studio.CustomControls\Warewolf.Studio.CustomControls.csproj]
C:\Program Files\dotnet\sdk\10.0.201\Microsoft.Common.CurrentVersion.targets(2451,5): warning MSB3277:             C:\Users\ultra\.nuget\packages\system.directoryservices\6.0.0\lib\net6.0\System.DirectoryServices.dll [C:\Users\ultra\warewolf\Dev\Warewolf.Studio.CustomControls\Warewolf.Studio.CustomControls.csproj]
C:\Program Files\dotnet\sdk\10.0.201\Microsoft.Common.CurrentVersion.targets(2451,5): warning MSB3277:             C:\Users\ultra\.nuget\packages\corewcf.primitives\1.2.1\lib\netstandard2.0\CoreWCF.Primitives.dll [C:\Users\ultra\warewolf\Dev\Warewolf.Studio.CustomControls\Warewolf.Studio.CustomControls.csproj]
C:\Program Files\dotnet\sdk\10.0.201\Microsoft.Common.CurrentVersion.targets(2451,5): warning MSB3277:             C:\Users\ultra\warewolf\Dev\Dev2.Runtime.Services\bin\Debug\net8.0\Dev2.Runtime.Services.dll [C:\Users\ultra\warewolf\Dev\Warewolf.Studio.CustomControls\Warewolf.Studio.CustomControls.csproj]
C:\Program Files\dotnet\sdk\10.0.201\Microsoft.Common.CurrentVersion.targets(2451,5): warning MSB3277:             C:\Users\ultra\warewolf\Dev\Dev2.Studio.Core\bin\Debug\net8.0\Dev2.Studio.Core.dll [C:\Users\ultra\warewolf\Dev\Warewolf.Studio.CustomControls\Warewolf.Studio.CustomControls.csproj]
C:\Program Files\dotnet\sdk\10.0.201\Microsoft.Common.CurrentVersion.targets(2451,5): warning MSB3277:             C:\Users\ultra\warewolf\Dev\Dev2.Intellisense\bin\Debug\net8.0\Dev2.Intellisense.dll [C:\Users\ultra\warewolf\Dev\Warewolf.Studio.CustomControls\Warewolf.Studio.CustomControls.csproj]
C:\Program Files\dotnet\sdk\10.0.201\Microsoft.Common.CurrentVersion.targets(2451,5): warning MSB3277:             C:\Users\ultra\warewolf\Dev\Dev2.Studio.Interfaces\bin\Debug\net8.0\Dev2.Studio.Interfaces.dll [C:\Users\ultra\warewolf\Dev\Warewolf.Studio.CustomControls\Warewolf.Studio.CustomControls.csproj]
C:\Program Files\dotnet\sdk\10.0.201\Microsoft.Common.CurrentVersion.targets(2451,5): warning MSB3277:             C:\Users\ultra\warewolf\Dev\Dev2.Activities\bin\Debug\net8.0\Dev2.Activities.dll [C:\Users\ultra\warewolf\Dev\Warewolf.Studio.CustomControls\Warewolf.Studio.CustomControls.csproj]
C:\Program Files\dotnet\sdk\10.0.201\Microsoft.Common.CurrentVersion.targets(2451,5): warning MSB3277:             C:\Users\ultra\warewolf\Dev\Dev2.Services.Execution\bin\Debug\net8.0\Dev2.Services.Execution.dll [C:\Users\ultra\warewolf\Dev\Warewolf.Studio.CustomControls\Warewolf.Studio.CustomControls.csproj]
C:\Program Files\dotnet\sdk\10.0.201\Microsoft.Common.CurrentVersion.targets(2451,5): warning MSB3277:             C:\Users\ultra\warewolf\Dev\Warewolf.Driver.Persistence\bin\Debug\net8.0\Warewolf.Driver.Persistence.dll [C:\Users\ultra\warewolf\Dev\Warewolf.Studio.CustomControls\Warewolf.Studio.CustomControls.csproj]
C:\Program Files\dotnet\sdk\10.0.201\Microsoft.Common.CurrentVersion.targets(2451,5): warning MSB3277:             C:\Users\ultra\warewolf\Dev\Warewolf.Studio.Core\bin\Debug\net8.0\Warewolf.Studio.Core.dll [C:\Users\ultra\warewolf\Dev\Warewolf.Studio.CustomControls\Warewolf.Studio.CustomControls.csproj]
C:\Program Files\dotnet\sdk\10.0.201\Microsoft.Common.CurrentVersion.targets(2451,5): warning MSB3277:             C:\Users\ultra\.nuget\packages\corewcf.http\1.2.1\lib\netstandard2.0\CoreWCF.Http.dll [C:\Users\ultra\warewolf\Dev\Warewolf.Studio.CustomControls\Warewolf.Studio.CustomControls.csproj]
C:\Program Files\dotnet\sdk\10.0.201\Microsoft.Common.CurrentVersion.targets(2451,5): warning MSB3277:             C:\Users\ultra\.nuget\packages\corewcf.nettcp\1.2.1\lib\netstandard2.0\CoreWCF.NetTcp.dll [C:\Users\ultra\warewolf\Dev\Warewolf.Studio.CustomControls\Warewolf.Studio.CustomControls.csproj]
C:\Program Files\dotnet\sdk\10.0.201\Microsoft.Common.CurrentVersion.targets(2451,5): warning MSB3277:             C:\Users\ultra\.nuget\packages\corewcf.webhttp\1.2.1\lib\netstandard2.0\CoreWCF.WebHttp.dll [C:\Users\ultra\warewolf\Dev\Warewolf.Studio.CustomControls\Warewolf.Studio.CustomControls.csproj]
C:\Program Files\dotnet\sdk\10.0.201\Microsoft.Common.CurrentVersion.targets(2451,5): warning MSB3277:         C:\Program Files\dotnet\packs\Microsoft.NETCore.App.Ref\8.0.25\ref\net8.0\System.Configuration.dll [C:\Users\ultra\warewolf\Dev\Warewolf.Studio.CustomControls\Warewolf.Studio.CustomControls.csproj]
C:\Program Files\dotnet\sdk\10.0.201\Microsoft.Common.CurrentVersion.targets(2451,5): warning MSB3277:           Project file item includes which caused reference "C:\Program Files\dotnet\packs\Microsoft.NETCore.App.Ref\8.0.25\ref\net8.0\System.Configuration.dll". [C:\Users\ultra\warewolf\Dev\Warewolf.Studio.CustomControls\Warewolf.Studio.CustomControls.csproj]
C:\Program Files\dotnet\sdk\10.0.201\Microsoft.Common.CurrentVersion.targets(2451,5): warning MSB3277:             C:\Program Files\dotnet\packs\Microsoft.NETCore.App.Ref\8.0.25\ref/net8.0/System.Configuration.dll [C:\Users\ultra\warewolf\Dev\Warewolf.Studio.CustomControls\Warewolf.Studio.CustomControls.csproj]
C:\Program Files\dotnet\sdk\10.0.201\Microsoft.Common.CurrentVersion.targets(2451,5): warning MSB3277:             C:\Users\ultra\.nuget\packages\prism.wpf\9.0.537\lib\net462\Prism.Wpf.dll [C:\Users\ultra\warewolf\Dev\Warewolf.Studio.CustomControls\Warewolf.Studio.CustomControls.csproj]
C:\Program Files\dotnet\sdk\10.0.201\Microsoft.Common.CurrentVersion.targets(2451,5): warning MSB3277:         C:\Program Files\dotnet\packs\Microsoft.NETCore.App.Ref\8.0.25\ref\net8.0\System.Data.dll [C:\Users\ultra\warewolf\Dev\Warewolf.Studio.CustomControls\Warewolf.Studio.CustomControls.csproj]
C:\Program Files\dotnet\sdk\10.0.201\Microsoft.Common.CurrentVersion.targets(2451,5): warning MSB3277:           Project file item includes which caused reference "C:\Program Files\dotnet\packs\Microsoft.NETCore.App.Ref\8.0.25\ref\net8.0\System.Data.dll". [C:\Users\ultra\warewolf\Dev\Warewolf.Studio.CustomControls\Warewolf.Studio.CustomControls.csproj]
C:\Program Files\dotnet\sdk\10.0.201\Microsoft.Common.CurrentVersion.targets(2451,5): warning MSB3277:             C:\Program Files\dotnet\packs\Microsoft.NETCore.App.Ref\8.0.25\ref/net8.0/System.Data.dll [C:\Users\ultra\warewolf\Dev\Warewolf.Studio.CustomControls\Warewolf.Studio.CustomControls.csproj]
C:\Program Files\dotnet\sdk\10.0.201\Microsoft.Common.CurrentVersion.targets(2451,5): warning MSB3277:             C:\Users\ultra\.nuget\packages\taskschedulereditor\2.10.1\lib\net452\Microsoft.Win32.TaskSchedulerEditor.dll [C:\Users\ultra\warewolf\Dev\Warewolf.Studio.CustomControls\Warewolf.Studio.CustomControls.csproj]
C:\Program Files\dotnet\sdk\10.0.201\Microsoft.Common.CurrentVersion.targets(2451,5): warning MSB3277:         C:\Program Files\dotnet\packs\Microsoft.NETCore.App.Ref\8.0.25\ref\net8.0\System.Drawing.dll [C:\Users\ultra\warewolf\Dev\Warewolf.Studio.CustomControls\Warewolf.Studio.CustomControls.csproj]
C:\Program Files\dotnet\sdk\10.0.201\Microsoft.Common.CurrentVersion.targets(2451,5): warning MSB3277:           Project file item includes which caused reference "C:\Program Files\dotnet\packs\Microsoft.NETCore.App.Ref\8.0.25\ref\net8.0\System.Drawing.dll". [C:\Users\ultra\warewolf\Dev\Warewolf.Studio.CustomControls\Warewolf.Studio.CustomControls.csproj]
C:\Program Files\dotnet\sdk\10.0.201\Microsoft.Common.CurrentVersion.targets(2451,5): warning MSB3277:             C:\Program Files\dotnet\packs\Microsoft.NETCore.App.Ref\8.0.25\ref/net8.0/System.Drawing.dll [C:\Users\ultra\warewolf\Dev\Warewolf.Studio.CustomControls\Warewolf.Studio.CustomControls.csproj]
C:\Program Files\dotnet\sdk\10.0.201\Microsoft.Common.CurrentVersion.targets(2451,5): warning MSB3277:             C:\Users\ultra\.nuget\packages\aerowizard\2.3.1\lib\net45\AeroWizard.dll [C:\Users\ultra\warewolf\Dev\Warewolf.Studio.CustomControls\Warewolf.Studio.CustomControls.csproj]
C:\Program Files\dotnet\sdk\10.0.201\Microsoft.Common.CurrentVersion.targets(2451,5): warning MSB3277:             C:\Users\ultra\.nuget\packages\groupcontrols\1.9.0\lib\net45\GroupControls.dll [C:\Users\ultra\warewolf\Dev\Warewolf.Studio.CustomControls\Warewolf.Studio.CustomControls.csproj]
C:\Program Files\dotnet\sdk\10.0.201\Microsoft.Common.CurrentVersion.targets(2451,5): warning MSB3277:             C:\Users\ultra\.nuget\packages\taskschedulereditor\2.10.1\lib\net452\Microsoft.Win32.TaskSchedulerEditor.dll [C:\Users\ultra\warewolf\Dev\Warewolf.Studio.CustomControls\Warewolf.Studio.CustomControls.csproj]
C:\Program Files\dotnet\sdk\10.0.201\Microsoft.Common.CurrentVersion.targets(2451,5): warning MSB3277:         C:\Program Files\dotnet\packs\Microsoft.NETCore.App.Ref\8.0.25\ref\net8.0\System.Net.dll [C:\Users\ultra\warewolf\Dev\Warewolf.Studio.CustomControls\Warewolf.Studio.CustomControls.csproj]
C:\Program Files\dotnet\sdk\10.0.201\Microsoft.Common.CurrentVersion.targets(2451,5): warning MSB3277:           Project file item includes which caused reference "C:\Program Files\dotnet\packs\Microsoft.NETCore.App.Ref\8.0.25\ref\net8.0\System.Net.dll". [C:\Users\ultra\warewolf\Dev\Warewolf.Studio.CustomControls\Warewolf.Studio.CustomControls.csproj]
C:\Program Files\dotnet\sdk\10.0.201\Microsoft.Common.CurrentVersion.targets(2451,5): warning MSB3277:             C:\Program Files\dotnet\packs\Microsoft.NETCore.App.Ref\8.0.25\ref/net8.0/System.Net.dll [C:\Users\ultra\warewolf\Dev\Warewolf.Studio.CustomControls\Warewolf.Studio.CustomControls.csproj]
C:\Program Files\dotnet\sdk\10.0.201\Microsoft.Common.CurrentVersion.targets(2451,5): warning MSB3277:         C:\Program Files\dotnet\packs\Microsoft.NETCore.App.Ref\8.0.25\ref\net8.0\System.Security.dll [C:\Users\ultra\warewolf\Dev\Warewolf.Studio.CustomControls\Warewolf.Studio.CustomControls.csproj]
C:\Program Files\dotnet\sdk\10.0.201\Microsoft.Common.CurrentVersion.targets(2451,5): warning MSB3277:           Project file item includes which caused reference "C:\Program Files\dotnet\packs\Microsoft.NETCore.App.Ref\8.0.25\ref\net8.0\System.Security.dll". [C:\Users\ultra\warewolf\Dev\Warewolf.Studio.CustomControls\Warewolf.Studio.CustomControls.csproj]
C:\Program Files\dotnet\sdk\10.0.201\Microsoft.Common.CurrentVersion.targets(2451,5): warning MSB3277:             C:\Program Files\dotnet\packs\Microsoft.NETCore.App.Ref\8.0.25\ref/net8.0/System.Security.dll [C:\Users\ultra\warewolf\Dev\Warewolf.Studio.CustomControls\Warewolf.Studio.CustomControls.csproj]
C:\Program Files\dotnet\sdk\10.0.201\Microsoft.Common.CurrentVersion.targets(2451,5): warning MSB3277:         C:\Program Files\dotnet\packs\Microsoft.NETCore.App.Ref\8.0.25\ref\net8.0\System.ServiceProcess.dll [C:\Users\ultra\warewolf\Dev\Warewolf.Studio.CustomControls\Warewolf.Studio.CustomControls.csproj]
C:\Program Files\dotnet\sdk\10.0.201\Microsoft.Common.CurrentVersion.targets(2451,5): warning MSB3277:           Project file item includes which caused reference "C:\Program Files\dotnet\packs\Microsoft.NETCore.App.Ref\8.0.25\ref\net8.0\System.ServiceProcess.dll". [C:\Users\ultra\warewolf\Dev\Warewolf.Studio.CustomControls\Warewolf.Studio.CustomControls.csproj]
C:\Program Files\dotnet\sdk\10.0.201\Microsoft.Common.CurrentVersion.targets(2451,5): warning MSB3277:             C:\Program Files\dotnet\packs\Microsoft.NETCore.App.Ref\8.0.25\ref/net8.0/System.ServiceProcess.dll [C:\Users\ultra\warewolf\Dev\Warewolf.Studio.CustomControls\Warewolf.Studio.CustomControls.csproj]
C:\Program Files\dotnet\sdk\10.0.201\Microsoft.Common.CurrentVersion.targets(2451,5): warning MSB3277:         C:\Program Files\dotnet\packs\Microsoft.NETCore.App.Ref\8.0.25\ref\net8.0\System.Transactions.dll [C:\Users\ultra\warewolf\Dev\Warewolf.Studio.CustomControls\Warewolf.Studio.CustomControls.csproj]
C:\Program Files\dotnet\sdk\10.0.201\Microsoft.Common.CurrentVersion.targets(2451,5): warning MSB3277:           Project file item includes which caused reference "C:\Program Files\dotnet\packs\Microsoft.NETCore.App.Ref\8.0.25\ref\net8.0\System.Transactions.dll". [C:\Users\ultra\warewolf\Dev\Warewolf.Studio.CustomControls\Warewolf.Studio.CustomControls.csproj]
C:\Program Files\dotnet\sdk\10.0.201\Microsoft.Common.CurrentVersion.targets(2451,5): warning MSB3277:             C:\Program Files\dotnet\packs\Microsoft.NETCore.App.Ref\8.0.25\ref/net8.0/System.Transactions.dll [C:\Users\ultra\warewolf\Dev\Warewolf.Studio.CustomControls\Warewolf.Studio.CustomControls.csproj]
C:\Program Files\dotnet\sdk\10.0.201\Microsoft.Common.CurrentVersion.targets(2451,5): warning MSB3277:         C:\Program Files\dotnet\packs\Microsoft.NETCore.App.Ref\8.0.25\ref\net8.0\System.dll [C:\Users\ultra\warewolf\Dev\Warewolf.Studio.CustomControls\Warewolf.Studio.CustomControls.csproj]
C:\Program Files\dotnet\sdk\10.0.201\Microsoft.Common.CurrentVersion.targets(2451,5): warning MSB3277:           Project file item includes which caused reference "C:\Program Files\dotnet\packs\Microsoft.NETCore.App.Ref\8.0.25\ref\net8.0\System.dll". [C:\Users\ultra\warewolf\Dev\Warewolf.Studio.CustomControls\Warewolf.Studio.CustomControls.csproj]
C:\Program Files\dotnet\sdk\10.0.201\Microsoft.Common.CurrentVersion.targets(2451,5): warning MSB3277:             C:\Program Files\dotnet\packs\Microsoft.NETCore.App.Ref\8.0.25\ref/net8.0/System.dll [C:\Users\ultra\warewolf\Dev\Warewolf.Studio.CustomControls\Warewolf.Studio.CustomControls.csproj]
C:\Program Files\dotnet\sdk\10.0.201\Microsoft.Common.CurrentVersion.targets(2451,5): warning MSB3277:             C:\Users\ultra\.nuget\packages\aerowizard\2.3.1\lib\net45\AeroWizard.dll [C:\Users\ultra\warewolf\Dev\Warewolf.Studio.CustomControls\Warewolf.Studio.CustomControls.csproj]
C:\Program Files\dotnet\sdk\10.0.201\Microsoft.Common.CurrentVersion.targets(2451,5): warning MSB3277:             C:\Users\ultra\.nuget\packages\groupcontrols\1.9.0\lib\net45\GroupControls.dll [C:\Users\ultra\warewolf\Dev\Warewolf.Studio.CustomControls\Warewolf.Studio.CustomControls.csproj]
C:\Program Files\dotnet\sdk\10.0.201\Microsoft.Common.CurrentVersion.targets(2451,5): warning MSB3277:             C:\Users\ultra\.nuget\packages\microsoft.xaml.behaviors.wpf\1.1.122\lib\net462\Microsoft.Xaml.Behaviors.dll [C:\Users\ultra\warewolf\Dev\Warewolf.Studio.CustomControls\Warewolf.Studio.CustomControls.csproj]
C:\Program Files\dotnet\sdk\10.0.201\Microsoft.Common.CurrentVersion.targets(2451,5): warning MSB3277:             C:\Users\ultra\.nuget\packages\caliburn.micro\4.0.212\lib\netcoreapp3.1\Caliburn.Micro.Platform.dll [C:\Users\ultra\warewolf\Dev\Warewolf.Studio.CustomControls\Warewolf.Studio.CustomControls.csproj]
C:\Program Files\dotnet\sdk\10.0.201\Microsoft.Common.CurrentVersion.targets(2451,5): warning MSB3277:             C:\Users\ultra\.nuget\packages\prism.wpf\9.0.537\lib\net462\Prism.Wpf.dll [C:\Users\ultra\warewolf\Dev\Warewolf.Studio.CustomControls\Warewolf.Studio.CustomControls.csproj]
C:\Program Files\dotnet\sdk\10.0.201\Microsoft.Common.CurrentVersion.targets(2451,5): warning MSB3277:             C:\Users\ultra\.nuget\packages\reactiveui.wpf\18.4.1\lib\net462\ReactiveUI.Wpf.dll [C:\Users\ultra\warewolf\Dev\Warewolf.Studio.CustomControls\Warewolf.Studio.CustomControls.csproj]
C:\Program Files\dotnet\sdk\10.0.201\Microsoft.Common.CurrentVersion.targets(2451,5): warning MSB3277:             C:\Users\ultra\.nuget\packages\taskschedulereditor\2.10.1\lib\net452\Microsoft.Win32.TaskSchedulerEditor.dll [C:\Users\ultra\warewolf\Dev\Warewolf.Studio.CustomControls\Warewolf.Studio.CustomControls.csproj]
C:\Program Files\dotnet\sdk\10.0.201\Microsoft.Common.CurrentVersion.targets(2451,5): warning MSB3277:             C:\Users\ultra\.nuget\packages\ttcue.netcore.sharepointonline.csom.16.1.8029.1200\16.1.8029.1200\lib\netcoreapp2.0\Microsoft.SharePoint.Client.Runtime.Windows.dll [C:\Users\ultra\warewolf\Dev\Warewolf.Studio.CustomControls\Warewolf.Studio.CustomControls.csproj]
C:\Program Files\dotnet\sdk\10.0.201\Microsoft.Common.CurrentVersion.targets(2451,5): warning MSB3277:         C:\Program Files\dotnet\packs\Microsoft.NETCore.App.Ref\8.0.25\ref\net8.0\WindowsBase.dll [C:\Users\ultra\warewolf\Dev\Warewolf.Studio.CustomControls\Warewolf.Studio.CustomControls.csproj]
C:\Program Files\dotnet\sdk\10.0.201\Microsoft.Common.CurrentVersion.targets(2451,5): warning MSB3277:           Project file item includes which caused reference "C:\Program Files\dotnet\packs\Microsoft.NETCore.App.Ref\8.0.25\ref\net8.0\WindowsBase.dll". [C:\Users\ultra\warewolf\Dev\Warewolf.Studio.CustomControls\Warewolf.Studio.CustomControls.csproj]
C:\Program Files\dotnet\sdk\10.0.201\Microsoft.Common.CurrentVersion.targets(2451,5): warning MSB3277:             C:\Program Files\dotnet\packs\Microsoft.NETCore.App.Ref\8.0.25\ref/net8.0/WindowsBase.dll [C:\Users\ultra\warewolf\Dev\Warewolf.Studio.CustomControls\Warewolf.Studio.CustomControls.csproj]
C:\Program Files\dotnet\sdk\10.0.201\Microsoft.Common.CurrentVersion.targets(2451,5): warning MSB3277:         C:\Program Files\dotnet\packs\Microsoft.NETCore.App.Ref\8.0.25\ref\net8.0\mscorlib.dll [C:\Users\ultra\warewolf\Dev\Warewolf.Studio.CustomControls\Warewolf.Studio.CustomControls.csproj]
C:\Program Files\dotnet\sdk\10.0.201\Microsoft.Common.CurrentVersion.targets(2451,5): warning MSB3277:           Project file item includes which caused reference "C:\Program Files\dotnet\packs\Microsoft.NETCore.App.Ref\8.0.25\ref\net8.0\mscorlib.dll". [C:\Users\ultra\warewolf\Dev\Warewolf.Studio.CustomControls\Warewolf.Studio.CustomControls.csproj]
C:\Program Files\dotnet\sdk\10.0.201\Microsoft.Common.CurrentVersion.targets(2451,5): warning MSB3277:             C:\Program Files\dotnet\packs\Microsoft.NETCore.App.Ref\8.0.25\ref/net8.0/mscorlib.dll [C:\Users\ultra\warewolf\Dev\Warewolf.Studio.CustomControls\Warewolf.Studio.CustomControls.csproj]
C:\Program Files\dotnet\sdk\10.0.201\Microsoft.Common.CurrentVersion.targets(2451,5): warning MSB3277:             C:\Users\ultra\.nuget\packages\aerowizard\2.3.1\lib\net45\AeroWizard.dll [C:\Users\ultra\warewolf\Dev\Warewolf.Studio.CustomControls\Warewolf.Studio.CustomControls.csproj]
C:\Program Files\dotnet\sdk\10.0.201\Microsoft.Common.CurrentVersion.targets(2451,5): warning MSB3277:             C:\Users\ultra\.nuget\packages\groupcontrols\1.9.0\lib\net45\GroupControls.dll [C:\Users\ultra\warewolf\Dev\Warewolf.Studio.CustomControls\Warewolf.Studio.CustomControls.csproj]
C:\Program Files\dotnet\sdk\10.0.201\Microsoft.Common.CurrentVersion.targets(2451,5): warning MSB3277:             C:\Users\ultra\.nuget\packages\hangfire.core\1.7.32\lib\netstandard2.0\Hangfire.Core.dll [C:\Users\ultra\warewolf\Dev\Warewolf.Studio.CustomControls\Warewolf.Studio.CustomControls.csproj]
C:\Program Files\dotnet\sdk\10.0.201\Microsoft.Common.CurrentVersion.targets(2451,5): warning MSB3277:             C:\Users\ultra\warewolf\Dev\Dev2.Activities\bin\Debug\net8.0\Dev2.Activities.dll [C:\Users\ultra\warewolf\Dev\Warewolf.Studio.CustomControls\Warewolf.Studio.CustomControls.csproj]
C:\Program Files\dotnet\sdk\10.0.201\Microsoft.Common.CurrentVersion.targets(2451,5): warning MSB3277:             C:\Users\ultra\warewolf\Dev\Dev2.Studio.Core\bin\Debug\net8.0\Dev2.Studio.Core.dll [C:\Users\ultra\warewolf\Dev\Warewolf.Studio.CustomControls\Warewolf.Studio.CustomControls.csproj]
C:\Program Files\dotnet\sdk\10.0.201\Microsoft.Common.CurrentVersion.targets(2451,5): warning MSB3277:             C:\Users\ultra\warewolf\Dev\Dev2.Intellisense\bin\Debug\net8.0\Dev2.Intellisense.dll [C:\Users\ultra\warewolf\Dev\Warewolf.Studio.CustomControls\Warewolf.Studio.CustomControls.csproj]
C:\Program Files\dotnet\sdk\10.0.201\Microsoft.Common.CurrentVersion.targets(2451,5): warning MSB3277:             C:\Users\ultra\warewolf\Dev\Warewolf.Driver.Persistence\bin\Debug\net8.0\Warewolf.Driver.Persistence.dll [C:\Users\ultra\warewolf\Dev\Warewolf.Studio.CustomControls\Warewolf.Studio.CustomControls.csproj]
C:\Program Files\dotnet\sdk\10.0.201\Microsoft.Common.CurrentVersion.targets(2451,5): warning MSB3277:             C:\Users\ultra\.nuget\packages\hangfire.sqlserver\1.7.32\lib\netstandard2.0\Hangfire.SqlServer.dll [C:\Users\ultra\warewolf\Dev\Warewolf.Studio.CustomControls\Warewolf.Studio.CustomControls.csproj]
C:\Program Files\dotnet\sdk\10.0.201\Microsoft.Common.CurrentVersion.targets(2451,5): warning MSB3277:             C:\Users\ultra\.nuget\packages\microsoft.xaml.behaviors.wpf\1.1.122\lib\net462\Microsoft.Xaml.Behaviors.dll [C:\Users\ultra\warewolf\Dev\Warewolf.Studio.CustomControls\Warewolf.Studio.CustomControls.csproj]
C:\Program Files\dotnet\sdk\10.0.201\Microsoft.Common.CurrentVersion.targets(2451,5): warning MSB3277:             C:\Users\ultra\.nuget\packages\caliburn.micro\4.0.212\lib\netcoreapp3.1\Caliburn.Micro.Platform.dll [C:\Users\ultra\warewolf\Dev\Warewolf.Studio.CustomControls\Warewolf.Studio.CustomControls.csproj]
C:\Program Files\dotnet\sdk\10.0.201\Microsoft.Common.CurrentVersion.targets(2451,5): warning MSB3277:             C:\Users\ultra\.nuget\packages\oracle.manageddataaccess.core\3.21.70\lib\netstandard2.1\Oracle.ManagedDataAccess.dll [C:\Users\ultra\warewolf\Dev\Warewolf.Studio.CustomControls\Warewolf.Studio.CustomControls.csproj]
C:\Program Files\dotnet\sdk\10.0.201\Microsoft.Common.CurrentVersion.targets(2451,5): warning MSB3277:             C:\Users\ultra\warewolf\Dev\Dev2.Runtime.Services\bin\Debug\net8.0\Dev2.Runtime.Services.dll [C:\Users\ultra\warewolf\Dev\Warewolf.Studio.CustomControls\Warewolf.Studio.CustomControls.csproj]
C:\Program Files\dotnet\sdk\10.0.201\Microsoft.Common.CurrentVersion.targets(2451,5): warning MSB3277:             C:\Users\ultra\warewolf\Dev\Dev2.Studio.Interfaces\bin\Debug\net8.0\Dev2.Studio.Interfaces.dll [C:\Users\ultra\warewolf\Dev\Warewolf.Studio.CustomControls\Warewolf.Studio.CustomControls.csproj]
C:\Program Files\dotnet\sdk\10.0.201\Microsoft.Common.CurrentVersion.targets(2451,5): warning MSB3277:             C:\Users\ultra\warewolf\Dev\Dev2.Services.Execution\bin\Debug\net8.0\Dev2.Services.Execution.dll [C:\Users\ultra\warewolf\Dev\Warewolf.Studio.CustomControls\Warewolf.Studio.CustomControls.csproj]
C:\Program Files\dotnet\sdk\10.0.201\Microsoft.Common.CurrentVersion.targets(2451,5): warning MSB3277:             C:\Users\ultra\warewolf\Dev\Dev2.Services.Sql\bin\Debug\net8.0\Dev2.Services.Sql.dll [C:\Users\ultra\warewolf\Dev\Warewolf.Studio.CustomControls\Warewolf.Studio.CustomControls.csproj]
C:\Program Files\dotnet\sdk\10.0.201\Microsoft.Common.CurrentVersion.targets(2451,5): warning MSB3277:             C:\Users\ultra\warewolf\Dev\Warewolf.Studio.Core\bin\Debug\net8.0\Warewolf.Studio.Core.dll [C:\Users\ultra\warewolf\Dev\Warewolf.Studio.CustomControls\Warewolf.Studio.CustomControls.csproj]
C:\Program Files\dotnet\sdk\10.0.201\Microsoft.Common.CurrentVersion.targets(2451,5): warning MSB3277:             C:\Users\ultra\.nuget\packages\prism.wpf\9.0.537\lib\net462\Prism.Wpf.dll [C:\Users\ultra\warewolf\Dev\Warewolf.Studio.CustomControls\Warewolf.Studio.CustomControls.csproj]
C:\Program Files\dotnet\sdk\10.0.201\Microsoft.Common.CurrentVersion.targets(2451,5): warning MSB3277:             C:\Users\ultra\.nuget\packages\reactiveui.wpf\18.4.1\lib\net462\ReactiveUI.Wpf.dll [C:\Users\ultra\warewolf\Dev\Warewolf.Studio.CustomControls\Warewolf.Studio.CustomControls.csproj]
C:\Program Files\dotnet\sdk\10.0.201\Microsoft.Common.CurrentVersion.targets(2451,5): warning MSB3277:             C:\Users\ultra\.nuget\packages\taskschedulereditor\2.10.1\lib\net452\Microsoft.Win32.TaskSchedulerEditor.dll [C:\Users\ultra\warewolf\Dev\Warewolf.Studio.CustomControls\Warewolf.Studio.CustomControls.csproj]
C:\Program Files\dotnet\sdk\10.0.201\Microsoft.Common.CurrentVersion.targets(2451,5): warning MSB3277:             C:\Users\ultra\.nuget\packages\ttcue.netcore.sharepointonline.csom.16.1.8029.1200\16.1.8029.1200\lib\netcoreapp2.0\Microsoft.SharePoint.Client.Runtime.Windows.dll [C:\Users\ultra\warewolf\Dev\Warewolf.Studio.CustomControls\Warewolf.Studio.CustomControls.csproj]
C:\Program Files\dotnet\sdk\10.0.201\Microsoft.Common.CurrentVersion.targets(2451,5): warning MSB3277:         C:\Users\ultra\warewolf\Dev\Dev2.Development.Languages\bin\Debug\net8.0\IronRuby.dll [C:\Users\ultra\warewolf\Dev\Warewolf.Studio.CustomControls\Warewolf.Studio.CustomControls.csproj]
C:\Program Files\dotnet\sdk\10.0.201\Microsoft.Common.CurrentVersion.targets(2451,5): warning MSB3277:           Project file item includes which caused reference "C:\Users\ultra\warewolf\Dev\Dev2.Development.Languages\bin\Debug\net8.0\IronRuby.dll". [C:\Users\ultra\warewolf\Dev\Warewolf.Studio.CustomControls\Warewolf.Studio.CustomControls.csproj]
C:\Program Files\dotnet\sdk\10.0.201\Microsoft.Common.CurrentVersion.targets(2451,5): warning MSB3277:             C:\Users\ultra\warewolf\Dev\Dev2.Development.Languages\bin\Debug\net8.0\Dev2.Development.Languages.dll [C:\Users\ultra\warewolf\Dev\Warewolf.Studio.CustomControls\Warewolf.Studio.CustomControls.csproj]
C:\Program Files\dotnet\sdk\10.0.201\Microsoft.Common.CurrentVersion.targets(2451,5): warning MSB3277:             C:\Users\ultra\warewolf\Dev\Dev2.Activities\bin\Debug\net8.0\Dev2.Activities.dll [C:\Users\ultra\warewolf\Dev\Warewolf.Studio.CustomControls\Warewolf.Studio.CustomControls.csproj]
C:\Program Files\dotnet\sdk\10.0.201\Microsoft.Common.CurrentVersion.targets(2451,5): warning MSB3277:             C:\Users\ultra\warewolf\Dev\Dev2.Studio.Core\bin\Debug\net8.0\Dev2.Studio.Core.dll [C:\Users\ultra\warewolf\Dev\Warewolf.Studio.CustomControls\Warewolf.Studio.CustomControls.csproj]
C:\Program Files\dotnet\sdk\10.0.201\Microsoft.Common.CurrentVersion.targets(2451,5): warning MSB3277:             C:\Users\ultra\warewolf\Dev\Dev2.Intellisense\bin\Debug\net8.0\Dev2.Intellisense.dll [C:\Users\ultra\warewolf\Dev\Warewolf.Studio.CustomControls\Warewolf.Studio.CustomControls.csproj]
C:\Program Files\dotnet\sdk\10.0.201\Microsoft.Common.CurrentVersion.targets(2451,5): warning MSB3277:         C:\Users\ultra\warewolf\Dev\Dev2.Development.Languages\bin\Debug\net8.0\IronRuby.Libraries.dll [C:\Users\ultra\warewolf\Dev\Warewolf.Studio.CustomControls\Warewolf.Studio.CustomControls.csproj]
C:\Program Files\dotnet\sdk\10.0.201\Microsoft.Common.CurrentVersion.targets(2451,5): warning MSB3277:           Project file item includes which caused reference "C:\Users\ultra\warewolf\Dev\Dev2.Development.Languages\bin\Debug\net8.0\IronRuby.Libraries.dll". [C:\Users\ultra\warewolf\Dev\Warewolf.Studio.CustomControls\Warewolf.Studio.CustomControls.csproj]
C:\Program Files\dotnet\sdk\10.0.201\Microsoft.Common.CurrentVersion.targets(2451,5): warning MSB3277:             C:\Users\ultra\warewolf\Dev\Dev2.Development.Languages\bin\Debug\net8.0\Dev2.Development.Languages.dll [C:\Users\ultra\warewolf\Dev\Warewolf.Studio.CustomControls\Warewolf.Studio.CustomControls.csproj]
C:\Program Files\dotnet\sdk\10.0.201\Microsoft.Common.CurrentVersion.targets(2451,5): warning MSB3277:             C:\Users\ultra\warewolf\Dev\Dev2.Activities\bin\Debug\net8.0\Dev2.Activities.dll [C:\Users\ultra\warewolf\Dev\Warewolf.Studio.CustomControls\Warewolf.Studio.CustomControls.csproj]
C:\Program Files\dotnet\sdk\10.0.201\Microsoft.Common.CurrentVersion.targets(2451,5): warning MSB3277:             C:\Users\ultra\warewolf\Dev\Dev2.Studio.Core\bin\Debug\net8.0\Dev2.Studio.Core.dll [C:\Users\ultra\warewolf\Dev\Warewolf.Studio.CustomControls\Warewolf.Studio.CustomControls.csproj]
C:\Program Files\dotnet\sdk\10.0.201\Microsoft.Common.CurrentVersion.targets(2451,5): warning MSB3277:             C:\Users\ultra\warewolf\Dev\Dev2.Intellisense\bin\Debug\net8.0\Dev2.Intellisense.dll [C:\Users\ultra\warewolf\Dev\Warewolf.Studio.CustomControls\Warewolf.Studio.CustomControls.csproj]
C:\Program Files\dotnet\sdk\10.0.201\Microsoft.Common.CurrentVersion.targets(2451,5): warning MSB3277: Found conflicts between different versions of "WindowsBase" that could not be resolved. [C:\Users\ultra\warewolf\Dev\Warewolf.Studio.CustomControls\Warewolf.Studio.CustomControls.csproj]
C:\Program Files\dotnet\sdk\10.0.201\Microsoft.Common.CurrentVersion.targets(2451,5): warning MSB3277: There was a conflict between "WindowsBase, Version=4.0.0.0, Culture=neutral, PublicKeyToken=31bf3856ad364e35" and "WindowsBase, Version=6.0.2.0, Culture=neutral, PublicKeyToken=31bf3856ad364e35". [C:\Users\ultra\warewolf\Dev\Warewolf.Studio.CustomControls\Warewolf.Studio.CustomControls.csproj]
C:\Program Files\dotnet\sdk\10.0.201\Microsoft.Common.CurrentVersion.targets(2451,5): warning MSB3277:     "WindowsBase, Version=4.0.0.0, Culture=neutral, PublicKeyToken=31bf3856ad364e35" was chosen because it was primary and "WindowsBase, Version=6.0.2.0, Culture=neutral, PublicKeyToken=31bf3856ad364e35" was not. [C:\Users\ultra\warewolf\Dev\Warewolf.Studio.CustomControls\Warewolf.Studio.CustomControls.csproj]
C:\Program Files\dotnet\sdk\10.0.201\Microsoft.Common.CurrentVersion.targets(2451,5): warning MSB3277:     References which depend on "WindowsBase, Version=4.0.0.0, Culture=neutral, PublicKeyToken=31bf3856ad364e35" [C:\Program Files\dotnet\packs\Microsoft.NETCore.App.Ref\8.0.25\ref\net8.0\WindowsBase.dll]. [C:\Users\ultra\warewolf\Dev\Warewolf.Studio.CustomControls\Warewolf.Studio.CustomControls.csproj]
C:\Program Files\dotnet\sdk\10.0.201\Microsoft.Common.CurrentVersion.targets(2451,5): warning MSB3277:         C:\Program Files\dotnet\packs\Microsoft.NETCore.App.Ref\8.0.25\ref\net8.0\WindowsBase.dll [C:\Users\ultra\warewolf\Dev\Warewolf.Studio.CustomControls\Warewolf.Studio.CustomControls.csproj]
C:\Program Files\dotnet\sdk\10.0.201\Microsoft.Common.CurrentVersion.targets(2451,5): warning MSB3277:           Project file item includes which caused reference "C:\Program Files\dotnet\packs\Microsoft.NETCore.App.Ref\8.0.25\ref\net8.0\WindowsBase.dll". [C:\Users\ultra\warewolf\Dev\Warewolf.Studio.CustomControls\Warewolf.Studio.CustomControls.csproj]
C:\Program Files\dotnet\sdk\10.0.201\Microsoft.Common.CurrentVersion.targets(2451,5): warning MSB3277:             C:\Program Files\dotnet\packs\Microsoft.NETCore.App.Ref\8.0.25\ref/net8.0/WindowsBase.dll [C:\Users\ultra\warewolf\Dev\Warewolf.Studio.CustomControls\Warewolf.Studio.CustomControls.csproj]
C:\Program Files\dotnet\sdk\10.0.201\Microsoft.Common.CurrentVersion.targets(2451,5): warning MSB3277:     References which depend on or have been unified to "WindowsBase, Version=6.0.2.0, Culture=neutral, PublicKeyToken=31bf3856ad364e35" []. [C:\Users\ultra\warewolf\Dev\Warewolf.Studio.CustomControls\Warewolf.Studio.CustomControls.csproj]
C:\Program Files\dotnet\sdk\10.0.201\Microsoft.Common.CurrentVersion.targets(2451,5): warning MSB3277:         C:\Users\ultra\warewolf\Dev\Binaries\Infragistcs_Net6\InfragisticsWPF4.Controls.Grids.XamGrid.v15.1.dll [C:\Users\ultra\warewolf\Dev\Warewolf.Studio.CustomControls\Warewolf.Studio.CustomControls.csproj]
C:\Program Files\dotnet\sdk\10.0.201\Microsoft.Common.CurrentVersion.targets(2451,5): warning MSB3277:           Project file item includes which caused reference "C:\Users\ultra\warewolf\Dev\Binaries\Infragistcs_Net6\InfragisticsWPF4.Controls.Grids.XamGrid.v15.1.dll". [C:\Users\ultra\warewolf\Dev\Warewolf.Studio.CustomControls\Warewolf.Studio.CustomControls.csproj]
C:\Program Files\dotnet\sdk\10.0.201\Microsoft.Common.CurrentVersion.targets(2451,5): warning MSB3277:             InfragisticsWPF4.Controls.Grids.XamGrid.v15.1 [C:\Users\ultra\warewolf\Dev\Warewolf.Studio.CustomControls\Warewolf.Studio.CustomControls.csproj]
C:\Program Files\dotnet\sdk\10.0.201\Microsoft.Common.CurrentVersion.targets(2451,5): warning MSB3277:         C:\Users\ultra\warewolf\Dev\Binaries\Infragistcs_Net6\InfragisticsWPF4.Controls.Menus.XamDataTree.v15.1.dll [C:\Users\ultra\warewolf\Dev\Warewolf.Studio.CustomControls\Warewolf.Studio.CustomControls.csproj]
C:\Program Files\dotnet\sdk\10.0.201\Microsoft.Common.CurrentVersion.targets(2451,5): warning MSB3277:           Project file item includes which caused reference "C:\Users\ultra\warewolf\Dev\Binaries\Infragistcs_Net6\InfragisticsWPF4.Controls.Menus.XamDataTree.v15.1.dll". [C:\Users\ultra\warewolf\Dev\Warewolf.Studio.CustomControls\Warewolf.Studio.CustomControls.csproj]
C:\Program Files\dotnet\sdk\10.0.201\Microsoft.Common.CurrentVersion.targets(2451,5): warning MSB3277:             InfragisticsWPF4.Controls.Menus.XamDataTree.v15.1, Version=15.1.20151.2055, Culture=neutral, PublicKeyToken=7dd5c3163f2cd0cb, processorArchitecture=MSIL [C:\Users\ultra\warewolf\Dev\Warewolf.Studio.CustomControls\Warewolf.Studio.CustomControls.csproj]
C:\Program Files\dotnet\sdk\10.0.201\Microsoft.Common.CurrentVersion.targets(2451,5): warning MSB3277:         C:\Users\ultra\warewolf\Dev\Binaries\Infragistcs_Net6\InfragisticsWPF4.DataManager.v15.1.dll [C:\Users\ultra\warewolf\Dev\Warewolf.Studio.CustomControls\Warewolf.Studio.CustomControls.csproj]
C:\Program Files\dotnet\sdk\10.0.201\Microsoft.Common.CurrentVersion.targets(2451,5): warning MSB3277:           Project file item includes which caused reference "C:\Users\ultra\warewolf\Dev\Binaries\Infragistcs_Net6\InfragisticsWPF4.DataManager.v15.1.dll". [C:\Users\ultra\warewolf\Dev\Warewolf.Studio.CustomControls\Warewolf.Studio.CustomControls.csproj]
C:\Program Files\dotnet\sdk\10.0.201\Microsoft.Common.CurrentVersion.targets(2451,5): warning MSB3277:             InfragisticsWPF4.DataManager.v15.1, Version=15.1.20151.2055, Culture=neutral, processorArchitecture=MSIL [C:\Users\ultra\warewolf\Dev\Warewolf.Studio.CustomControls\Warewolf.Studio.CustomControls.csproj]
C:\Program Files\dotnet\sdk\10.0.201\Microsoft.Common.CurrentVersion.targets(2451,5): warning MSB3277:             InfragisticsWPF4.Controls.Grids.XamGrid.v15.1 [C:\Users\ultra\warewolf\Dev\Warewolf.Studio.CustomControls\Warewolf.Studio.CustomControls.csproj]
C:\Program Files\dotnet\sdk\10.0.201\Microsoft.Common.CurrentVersion.targets(2451,5): warning MSB3277:             InfragisticsWPF4.Controls.Menus.XamDataTree.v15.1, Version=15.1.20151.2055, Culture=neutral, PublicKeyToken=7dd5c3163f2cd0cb, processorArchitecture=MSIL [C:\Users\ultra\warewolf\Dev\Warewolf.Studio.CustomControls\Warewolf.Studio.CustomControls.csproj]
C:\Program Files\dotnet\sdk\10.0.201\Microsoft.Common.CurrentVersion.targets(2451,5): warning MSB3277:         C:\Users\ultra\warewolf\Dev\Binaries\Infragistcs_Net6\InfragisticsWPF4.DataPresenter.v15.1.dll [C:\Users\ultra\warewolf\Dev\Warewolf.Studio.CustomControls\Warewolf.Studio.CustomControls.csproj]
C:\Program Files\dotnet\sdk\10.0.201\Microsoft.Common.CurrentVersion.targets(2451,5): warning MSB3277:           Project file item includes which caused reference "C:\Users\ultra\warewolf\Dev\Binaries\Infragistcs_Net6\InfragisticsWPF4.DataPresenter.v15.1.dll". [C:\Users\ultra\warewolf\Dev\Warewolf.Studio.CustomControls\Warewolf.Studio.CustomControls.csproj]
C:\Program Files\dotnet\sdk\10.0.201\Microsoft.Common.CurrentVersion.targets(2451,5): warning MSB3277:             InfragisticsWPF4.DataPresenter.v15.1 [C:\Users\ultra\warewolf\Dev\Warewolf.Studio.CustomControls\Warewolf.Studio.CustomControls.csproj]
C:\Program Files\dotnet\sdk\10.0.201\Microsoft.Common.CurrentVersion.targets(2451,5): warning MSB3277:         C:\Users\ultra\warewolf\Dev\Binaries\Infragistcs_Net6\InfragisticsWPF4.DragDrop.v15.1.dll [C:\Users\ultra\warewolf\Dev\Warewolf.Studio.CustomControls\Warewolf.Studio.CustomControls.csproj]
C:\Program Files\dotnet\sdk\10.0.201\Microsoft.Common.CurrentVersion.targets(2451,5): warning MSB3277:           Project file item includes which caused reference "C:\Users\ultra\warewolf\Dev\Binaries\Infragistcs_Net6\InfragisticsWPF4.DragDrop.v15.1.dll". [C:\Users\ultra\warewolf\Dev\Warewolf.Studio.CustomControls\Warewolf.Studio.CustomControls.csproj]
C:\Program Files\dotnet\sdk\10.0.201\Microsoft.Common.CurrentVersion.targets(2451,5): warning MSB3277:             InfragisticsWPF4.DragDrop.v15.1, Version=15.1.20151.2055, Culture=neutral, PublicKeyToken=7dd5c3163f2cd0cb, processorArchitecture=MSIL [C:\Users\ultra\warewolf\Dev\Warewolf.Studio.CustomControls\Warewolf.Studio.CustomControls.csproj]
C:\Program Files\dotnet\sdk\10.0.201\Microsoft.Common.CurrentVersion.targets(2451,5): warning MSB3277:             InfragisticsWPF4.Controls.Menus.XamDataTree.v15.1, Version=15.1.20151.2055, Culture=neutral, PublicKeyToken=7dd5c3163f2cd0cb, processorArchitecture=MSIL [C:\Users\ultra\warewolf\Dev\Warewolf.Studio.CustomControls\Warewolf.Studio.CustomControls.csproj]
C:\Program Files\dotnet\sdk\10.0.201\Microsoft.Common.CurrentVersion.targets(2451,5): warning MSB3277:         C:\Users\ultra\warewolf\Dev\Binaries\Infragistcs_Net6\InfragisticsWPF4.v15.1.dll [C:\Users\ultra\warewolf\Dev\Warewolf.Studio.CustomControls\Warewolf.Studio.CustomControls.csproj]
C:\Program Files\dotnet\sdk\10.0.201\Microsoft.Common.CurrentVersion.targets(2451,5): warning MSB3277:           Project file item includes which caused reference "C:\Users\ultra\warewolf\Dev\Binaries\Infragistcs_Net6\InfragisticsWPF4.v15.1.dll". [C:\Users\ultra\warewolf\Dev\Warewolf.Studio.CustomControls\Warewolf.Studio.CustomControls.csproj]
C:\Program Files\dotnet\sdk\10.0.201\Microsoft.Common.CurrentVersion.targets(2451,5): warning MSB3277:             InfragisticsWPF4.v15.1, Version=15.1.20151.2055, Culture=neutral, processorArchitecture=MSIL [C:\Users\ultra\warewolf\Dev\Warewolf.Studio.CustomControls\Warewolf.Studio.CustomControls.csproj]
C:\Program Files\dotnet\sdk\10.0.201\Microsoft.Common.CurrentVersion.targets(2451,5): warning MSB3277:             InfragisticsWPF4.Controls.Grids.XamGrid.v15.1 [C:\Users\ultra\warewolf\Dev\Warewolf.Studio.CustomControls\Warewolf.Studio.CustomControls.csproj]
C:\Program Files\dotnet\sdk\10.0.201\Microsoft.Common.CurrentVersion.targets(2451,5): warning MSB3277:             InfragisticsWPF4.Controls.Menus.XamDataTree.v15.1, Version=15.1.20151.2055, Culture=neutral, PublicKeyToken=7dd5c3163f2cd0cb, processorArchitecture=MSIL [C:\Users\ultra\warewolf\Dev\Warewolf.Studio.CustomControls\Warewolf.Studio.CustomControls.csproj]
C:\Program Files\dotnet\sdk\10.0.201\Microsoft.Common.CurrentVersion.targets(2451,5): warning MSB3277:             InfragisticsWPF4.DataManager.v15.1, Version=15.1.20151.2055, Culture=neutral, processorArchitecture=MSIL [C:\Users\ultra\warewolf\Dev\Warewolf.Studio.CustomControls\Warewolf.Studio.CustomControls.csproj]
C:\Program Files\dotnet\sdk\10.0.201\Microsoft.Common.CurrentVersion.targets(2451,5): warning MSB3277:             InfragisticsWPF4.DataPresenter.v15.1 [C:\Users\ultra\warewolf\Dev\Warewolf.Studio.CustomControls\Warewolf.Studio.CustomControls.csproj]
C:\Program Files\dotnet\sdk\10.0.201\Microsoft.Common.CurrentVersion.targets(2451,5): warning MSB3277:         C:\Users\ultra\.nuget\packages\caliburn.micro\4.0.212\lib\netcoreapp3.1\Caliburn.Micro.Platform.dll [C:\Users\ultra\warewolf\Dev\Warewolf.Studio.CustomControls\Warewolf.Studio.CustomControls.csproj]
C:\Program Files\dotnet\sdk\10.0.201\Microsoft.Common.CurrentVersion.targets(2451,5): warning MSB3277:           Project file item includes which caused reference "C:\Users\ultra\.nuget\packages\caliburn.micro\4.0.212\lib\netcoreapp3.1\Caliburn.Micro.Platform.dll". [C:\Users\ultra\warewolf\Dev\Warewolf.Studio.CustomControls\Warewolf.Studio.CustomControls.csproj]
C:\Program Files\dotnet\sdk\10.0.201\Microsoft.Common.CurrentVersion.targets(2451,5): warning MSB3277:             C:\Users\ultra\.nuget\packages\caliburn.micro\4.0.212\lib\netcoreapp3.1\Caliburn.Micro.Platform.dll [C:\Users\ultra\warewolf\Dev\Warewolf.Studio.CustomControls\Warewolf.Studio.CustomControls.csproj]
C:\Program Files\dotnet\sdk\10.0.201\Microsoft.Common.CurrentVersion.targets(2451,5): warning MSB3277:         C:\Users\ultra\.nuget\packages\extended.wpf.toolkit\4.4.0\lib\net5.0\Xceed.Wpf.AvalonDock.NET5.dll [C:\Users\ultra\warewolf\Dev\Warewolf.Studio.CustomControls\Warewolf.Studio.CustomControls.csproj]
C:\Program Files\dotnet\sdk\10.0.201\Microsoft.Common.CurrentVersion.targets(2451,5): warning MSB3277:           Project file item includes which caused reference "C:\Users\ultra\.nuget\packages\extended.wpf.toolkit\4.4.0\lib\net5.0\Xceed.Wpf.AvalonDock.NET5.dll". [C:\Users\ultra\warewolf\Dev\Warewolf.Studio.CustomControls\Warewolf.Studio.CustomControls.csproj]
C:\Program Files\dotnet\sdk\10.0.201\Microsoft.Common.CurrentVersion.targets(2451,5): warning MSB3277:             C:\Users\ultra\.nuget\packages\extended.wpf.toolkit\4.4.0\lib\net5.0\Xceed.Wpf.AvalonDock.NET5.dll [C:\Users\ultra\warewolf\Dev\Warewolf.Studio.CustomControls\Warewolf.Studio.CustomControls.csproj]
C:\Program Files\dotnet\sdk\10.0.201\Microsoft.Common.CurrentVersion.targets(2451,5): warning MSB3277:             C:\Users\ultra\.nuget\packages\extended.wpf.toolkit\4.4.0\lib\net5.0\Xceed.Wpf.AvalonDock.Themes.Aero.NET5.dll [C:\Users\ultra\warewolf\Dev\Warewolf.Studio.CustomControls\Warewolf.Studio.CustomControls.csproj]
C:\Program Files\dotnet\sdk\10.0.201\Microsoft.Common.CurrentVersion.targets(2451,5): warning MSB3277:             C:\Users\ultra\.nuget\packages\extended.wpf.toolkit\4.4.0\lib\net5.0\Xceed.Wpf.AvalonDock.Themes.Metro.NET5.dll [C:\Users\ultra\warewolf\Dev\Warewolf.Studio.CustomControls\Warewolf.Studio.CustomControls.csproj]
C:\Program Files\dotnet\sdk\10.0.201\Microsoft.Common.CurrentVersion.targets(2451,5): warning MSB3277:             C:\Users\ultra\.nuget\packages\extended.wpf.toolkit\4.4.0\lib\net5.0\Xceed.Wpf.AvalonDock.Themes.VS2010.NET5.dll [C:\Users\ultra\warewolf\Dev\Warewolf.Studio.CustomControls\Warewolf.Studio.CustomControls.csproj]
C:\Program Files\dotnet\sdk\10.0.201\Microsoft.Common.CurrentVersion.targets(2451,5): warning MSB3277:         C:\Users\ultra\.nuget\packages\extended.wpf.toolkit\4.4.0\lib\net5.0\Xceed.Wpf.AvalonDock.Themes.Aero.NET5.dll [C:\Users\ultra\warewolf\Dev\Warewolf.Studio.CustomControls\Warewolf.Studio.CustomControls.csproj]
C:\Program Files\dotnet\sdk\10.0.201\Microsoft.Common.CurrentVersion.targets(2451,5): warning MSB3277:           Project file item includes which caused reference "C:\Users\ultra\.nuget\packages\extended.wpf.toolkit\4.4.0\lib\net5.0\Xceed.Wpf.AvalonDock.Themes.Aero.NET5.dll". [C:\Users\ultra\warewolf\Dev\Warewolf.Studio.CustomControls\Warewolf.Studio.CustomControls.csproj]
C:\Program Files\dotnet\sdk\10.0.201\Microsoft.Common.CurrentVersion.targets(2451,5): warning MSB3277:             C:\Users\ultra\.nuget\packages\extended.wpf.toolkit\4.4.0\lib\net5.0\Xceed.Wpf.AvalonDock.Themes.Aero.NET5.dll [C:\Users\ultra\warewolf\Dev\Warewolf.Studio.CustomControls\Warewolf.Studio.CustomControls.csproj]
C:\Program Files\dotnet\sdk\10.0.201\Microsoft.Common.CurrentVersion.targets(2451,5): warning MSB3277:         C:\Users\ultra\.nuget\packages\extended.wpf.toolkit\4.4.0\lib\net5.0\Xceed.Wpf.Toolkit.NET5.dll [C:\Users\ultra\warewolf\Dev\Warewolf.Studio.CustomControls\Warewolf.Studio.CustomControls.csproj]
C:\Program Files\dotnet\sdk\10.0.201\Microsoft.Common.CurrentVersion.targets(2451,5): warning MSB3277:           Project file item includes which caused reference "C:\Users\ultra\.nuget\packages\extended.wpf.toolkit\4.4.0\lib\net5.0\Xceed.Wpf.Toolkit.NET5.dll". [C:\Users\ultra\warewolf\Dev\Warewolf.Studio.CustomControls\Warewolf.Studio.CustomControls.csproj]
C:\Program Files\dotnet\sdk\10.0.201\Microsoft.Common.CurrentVersion.targets(2451,5): warning MSB3277:             C:\Users\ultra\.nuget\packages\extended.wpf.toolkit\4.4.0\lib\net5.0\Xceed.Wpf.Toolkit.NET5.dll [C:\Users\ultra\warewolf\Dev\Warewolf.Studio.CustomControls\Warewolf.Studio.CustomControls.csproj]
C:\Program Files\dotnet\sdk\10.0.201\Microsoft.Common.CurrentVersion.targets(2451,5): warning MSB3277:         C:\Users\ultra\.nuget\packages\ironpython\3.4.0\lib\net6.0\IronPython.Wpf.dll [C:\Users\ultra\warewolf\Dev\Warewolf.Studio.CustomControls\Warewolf.Studio.CustomControls.csproj]
C:\Program Files\dotnet\sdk\10.0.201\Microsoft.Common.CurrentVersion.targets(2451,5): warning MSB3277:           Project file item includes which caused reference "C:\Users\ultra\.nuget\packages\ironpython\3.4.0\lib\net6.0\IronPython.Wpf.dll". [C:\Users\ultra\warewolf\Dev\Warewolf.Studio.CustomControls\Warewolf.Studio.CustomControls.csproj]
C:\Program Files\dotnet\sdk\10.0.201\Microsoft.Common.CurrentVersion.targets(2451,5): warning MSB3277:             C:\Users\ultra\.nuget\packages\ironpython\3.4.0\lib\net6.0\IronPython.Wpf.dll [C:\Users\ultra\warewolf\Dev\Warewolf.Studio.CustomControls\Warewolf.Studio.CustomControls.csproj]
C:\Program Files\dotnet\sdk\10.0.201\Microsoft.Common.CurrentVersion.targets(2451,5): warning MSB3277:         C:\Users\ultra\.nuget\packages\microsoft.xaml.behaviors.wpf\1.1.122\lib\net462\Microsoft.Xaml.Behaviors.dll [C:\Users\ultra\warewolf\Dev\Warewolf.Studio.CustomControls\Warewolf.Studio.CustomControls.csproj]
C:\Program Files\dotnet\sdk\10.0.201\Microsoft.Common.CurrentVersion.targets(2451,5): warning MSB3277:           Project file item includes which caused reference "C:\Users\ultra\.nuget\packages\microsoft.xaml.behaviors.wpf\1.1.122\lib\net462\Microsoft.Xaml.Behaviors.dll". [C:\Users\ultra\warewolf\Dev\Warewolf.Studio.CustomControls\Warewolf.Studio.CustomControls.csproj]
C:\Program Files\dotnet\sdk\10.0.201\Microsoft.Common.CurrentVersion.targets(2451,5): warning MSB3277:             C:\Users\ultra\.nuget\packages\microsoft.xaml.behaviors.wpf\1.1.122\lib\net462\Microsoft.Xaml.Behaviors.dll [C:\Users\ultra\warewolf\Dev\Warewolf.Studio.CustomControls\Warewolf.Studio.CustomControls.csproj]
C:\Program Files\dotnet\sdk\10.0.201\Microsoft.Common.CurrentVersion.targets(2451,5): warning MSB3277:             C:\Users\ultra\.nuget\packages\caliburn.micro\4.0.212\lib\netcoreapp3.1\Caliburn.Micro.Platform.dll [C:\Users\ultra\warewolf\Dev\Warewolf.Studio.CustomControls\Warewolf.Studio.CustomControls.csproj]
C:\Program Files\dotnet\sdk\10.0.201\Microsoft.Common.CurrentVersion.targets(2451,5): warning MSB3277:             C:\Users\ultra\.nuget\packages\prism.wpf\9.0.537\lib\net462\Prism.Wpf.dll [C:\Users\ultra\warewolf\Dev\Warewolf.Studio.CustomControls\Warewolf.Studio.CustomControls.csproj]
C:\Program Files\dotnet\sdk\10.0.201\Microsoft.Common.CurrentVersion.targets(2451,5): warning MSB3277:         C:\Users\ultra\.nuget\packages\prism.wpf\9.0.537\lib\net462\Prism.Wpf.dll [C:\Users\ultra\warewolf\Dev\Warewolf.Studio.CustomControls\Warewolf.Studio.CustomControls.csproj]
C:\Program Files\dotnet\sdk\10.0.201\Microsoft.Common.CurrentVersion.targets(2451,5): warning MSB3277:           Project file item includes which caused reference "C:\Users\ultra\.nuget\packages\prism.wpf\9.0.537\lib\net462\Prism.Wpf.dll". [C:\Users\ultra\warewolf\Dev\Warewolf.Studio.CustomControls\Warewolf.Studio.CustomControls.csproj]
C:\Program Files\dotnet\sdk\10.0.201\Microsoft.Common.CurrentVersion.targets(2451,5): warning MSB3277:             C:\Users\ultra\.nuget\packages\prism.wpf\9.0.537\lib\net462\Prism.Wpf.dll [C:\Users\ultra\warewolf\Dev\Warewolf.Studio.CustomControls\Warewolf.Studio.CustomControls.csproj]
C:\Program Files\dotnet\sdk\10.0.201\Microsoft.Common.CurrentVersion.targets(2451,5): warning MSB3277:         C:\Users\ultra\.nuget\packages\reactiveui.wpf\18.4.1\lib\net462\ReactiveUI.Wpf.dll [C:\Users\ultra\warewolf\Dev\Warewolf.Studio.CustomControls\Warewolf.Studio.CustomControls.csproj]
C:\Program Files\dotnet\sdk\10.0.201\Microsoft.Common.CurrentVersion.targets(2451,5): warning MSB3277:           Project file item includes which caused reference "C:\Users\ultra\.nuget\packages\reactiveui.wpf\18.4.1\lib\net462\ReactiveUI.Wpf.dll". [C:\Users\ultra\warewolf\Dev\Warewolf.Studio.CustomControls\Warewolf.Studio.CustomControls.csproj]
C:\Program Files\dotnet\sdk\10.0.201\Microsoft.Common.CurrentVersion.targets(2451,5): warning MSB3277:             C:\Users\ultra\.nuget\packages\reactiveui.wpf\18.4.1\lib\net462\ReactiveUI.Wpf.dll [C:\Users\ultra\warewolf\Dev\Warewolf.Studio.CustomControls\Warewolf.Studio.CustomControls.csproj]
C:\Program Files\dotnet\sdk\10.0.201\Microsoft.Common.CurrentVersion.targets(2451,5): warning MSB3277:         C:\Users\ultra\warewolf\Dev\Binaries\Infragistcs_Net6\InfragisticsWPF4.Controls.Menus.XamMenu.v15.1.dll [C:\Users\ultra\warewolf\Dev\Warewolf.Studio.CustomControls\Warewolf.Studio.CustomControls.csproj]
C:\Program Files\dotnet\sdk\10.0.201\Microsoft.Common.CurrentVersion.targets(2451,5): warning MSB3277:           Project file item includes which caused reference "C:\Users\ultra\warewolf\Dev\Binaries\Infragistcs_Net6\InfragisticsWPF4.Controls.Menus.XamMenu.v15.1.dll". [C:\Users\ultra\warewolf\Dev\Warewolf.Studio.CustomControls\Warewolf.Studio.CustomControls.csproj]
C:\Program Files\dotnet\sdk\10.0.201\Microsoft.Common.CurrentVersion.targets(2451,5): warning MSB3277:             InfragisticsWPF4.Controls.Grids.XamGrid.v15.1 [C:\Users\ultra\warewolf\Dev\Warewolf.Studio.CustomControls\Warewolf.Studio.CustomControls.csproj]
C:\Program Files\dotnet\sdk\10.0.201\Microsoft.Common.CurrentVersion.targets(2451,5): warning MSB3277:         C:\Users\ultra\warewolf\Dev\Binaries\Infragistcs_Net6\InfragisticsWPF4.Editors.v15.1.dll [C:\Users\ultra\warewolf\Dev\Warewolf.Studio.CustomControls\Warewolf.Studio.CustomControls.csproj]
C:\Program Files\dotnet\sdk\10.0.201\Microsoft.Common.CurrentVersion.targets(2451,5): warning MSB3277:           Project file item includes which caused reference "C:\Users\ultra\warewolf\Dev\Binaries\Infragistcs_Net6\InfragisticsWPF4.Editors.v15.1.dll". [C:\Users\ultra\warewolf\Dev\Warewolf.Studio.CustomControls\Warewolf.Studio.CustomControls.csproj]
C:\Program Files\dotnet\sdk\10.0.201\Microsoft.Common.CurrentVersion.targets(2451,5): warning MSB3277:             InfragisticsWPF4.DataPresenter.v15.1 [C:\Users\ultra\warewolf\Dev\Warewolf.Studio.CustomControls\Warewolf.Studio.CustomControls.csproj]
C:\Program Files\dotnet\sdk\10.0.201\Microsoft.Common.CurrentVersion.targets(2451,5): warning MSB3277: Found conflicts between different versions of "System.Windows.Extensions" that could not be resolved. [C:\Users\ultra\warewolf\Dev\Warewolf.Studio.CustomControls\Warewolf.Studio.CustomControls.csproj]
C:\Program Files\dotnet\sdk\10.0.201\Microsoft.Common.CurrentVersion.targets(2451,5): warning MSB3277: There was a conflict between "System.Windows.Extensions, Version=6.0.0.0, Culture=neutral, PublicKeyToken=cc7b13ffcd2ddd51" and "System.Windows.Extensions, Version=7.0.0.0, Culture=neutral, PublicKeyToken=cc7b13ffcd2ddd51". [C:\Users\ultra\warewolf\Dev\Warewolf.Studio.CustomControls\Warewolf.Studio.CustomControls.csproj]
C:\Program Files\dotnet\sdk\10.0.201\Microsoft.Common.CurrentVersion.targets(2451,5): warning MSB3277:     "System.Windows.Extensions, Version=6.0.0.0, Culture=neutral, PublicKeyToken=cc7b13ffcd2ddd51" was chosen because it was primary and "System.Windows.Extensions, Version=7.0.0.0, Culture=neutral, PublicKeyToken=cc7b13ffcd2ddd51" was not. [C:\Users\ultra\warewolf\Dev\Warewolf.Studio.CustomControls\Warewolf.Studio.CustomControls.csproj]
C:\Program Files\dotnet\sdk\10.0.201\Microsoft.Common.CurrentVersion.targets(2451,5): warning MSB3277:     References which depend on "System.Windows.Extensions, Version=6.0.0.0, Culture=neutral, PublicKeyToken=cc7b13ffcd2ddd51" [C:\Users\ultra\.nuget\packages\system.windows.extensions\6.0.0\lib\net6.0\System.Windows.Extensions.dll]. [C:\Users\ultra\warewolf\Dev\Warewolf.Studio.CustomControls\Warewolf.Studio.CustomControls.csproj]
C:\Program Files\dotnet\sdk\10.0.201\Microsoft.Common.CurrentVersion.targets(2451,5): warning MSB3277:         C:\Users\ultra\.nuget\packages\system.windows.extensions\6.0.0\lib\net6.0\System.Windows.Extensions.dll [C:\Users\ultra\warewolf\Dev\Warewolf.Studio.CustomControls\Warewolf.Studio.CustomControls.csproj]
C:\Program Files\dotnet\sdk\10.0.201\Microsoft.Common.CurrentVersion.targets(2451,5): warning MSB3277:           Project file item includes which caused reference "C:\Users\ultra\.nuget\packages\system.windows.extensions\6.0.0\lib\net6.0\System.Windows.Extensions.dll". [C:\Users\ultra\warewolf\Dev\Warewolf.Studio.CustomControls\Warewolf.Studio.CustomControls.csproj]
C:\Program Files\dotnet\sdk\10.0.201\Microsoft.Common.CurrentVersion.targets(2451,5): warning MSB3277:             C:\Users\ultra\.nuget\packages\system.windows.extensions\6.0.0\lib\net6.0\System.Windows.Extensions.dll [C:\Users\ultra\warewolf\Dev\Warewolf.Studio.CustomControls\Warewolf.Studio.CustomControls.csproj]
C:\Program Files\dotnet\sdk\10.0.201\Microsoft.Common.CurrentVersion.targets(2451,5): warning MSB3277:     References which depend on or have been unified to "System.Windows.Extensions, Version=7.0.0.0, Culture=neutral, PublicKeyToken=cc7b13ffcd2ddd51" []. [C:\Users\ultra\warewolf\Dev\Warewolf.Studio.CustomControls\Warewolf.Studio.CustomControls.csproj]
C:\Program Files\dotnet\sdk\10.0.201\Microsoft.Common.CurrentVersion.targets(2451,5): warning MSB3277:         C:\Users\ultra\.nuget\packages\extended.wpf.toolkit\4.4.0\lib\net5.0\Xceed.Wpf.Toolkit.NET5.dll [C:\Users\ultra\warewolf\Dev\Warewolf.Studio.CustomControls\Warewolf.Studio.CustomControls.csproj]
C:\Program Files\dotnet\sdk\10.0.201\Microsoft.Common.CurrentVersion.targets(2451,5): warning MSB3277:           Project file item includes which caused reference "C:\Users\ultra\.nuget\packages\extended.wpf.toolkit\4.4.0\lib\net5.0\Xceed.Wpf.Toolkit.NET5.dll". [C:\Users\ultra\warewolf\Dev\Warewolf.Studio.CustomControls\Warewolf.Studio.CustomControls.csproj]
C:\Program Files\dotnet\sdk\10.0.201\Microsoft.Common.CurrentVersion.targets(2451,5): warning MSB3277:             C:\Users\ultra\.nuget\packages\extended.wpf.toolkit\4.4.0\lib\net5.0\Xceed.Wpf.Toolkit.NET5.dll [C:\Users\ultra\warewolf\Dev\Warewolf.Studio.CustomControls\Warewolf.Studio.CustomControls.csproj]
C:\Program Files\dotnet\sdk\10.0.201\Microsoft.Common.CurrentVersion.targets(2451,5): warning MSB3277:         C:\Users\ultra\.nuget\packages\system.security.permissions\6.0.0\lib\net6.0\System.Security.Permissions.dll [C:\Users\ultra\warewolf\Dev\Warewolf.Studio.CustomControls\Warewolf.Studio.CustomControls.csproj]
C:\Program Files\dotnet\sdk\10.0.201\Microsoft.Common.CurrentVersion.targets(2451,5): warning MSB3277:           Project file item includes which caused reference "C:\Users\ultra\.nuget\packages\system.security.permissions\6.0.0\lib\net6.0\System.Security.Permissions.dll". [C:\Users\ultra\warewolf\Dev\Warewolf.Studio.CustomControls\Warewolf.Studio.CustomControls.csproj]
C:\Program Files\dotnet\sdk\10.0.201\Microsoft.Common.CurrentVersion.targets(2451,5): warning MSB3277:             C:\Users\ultra\.nuget\packages\system.security.permissions\6.0.0\lib\net6.0\System.Security.Permissions.dll [C:\Users\ultra\warewolf\Dev\Warewolf.Studio.CustomControls\Warewolf.Studio.CustomControls.csproj]
C:\Program Files\dotnet\sdk\10.0.201\Microsoft.Common.CurrentVersion.targets(2451,5): warning MSB3277:         C:\Program Files\dotnet\packs\Microsoft.NETCore.App.Ref\8.0.25\ref\net8.0\System.Security.dll [C:\Users\ultra\warewolf\Dev\Warewolf.Studio.CustomControls\Warewolf.Studio.CustomControls.csproj]
C:\Program Files\dotnet\sdk\10.0.201\Microsoft.Common.CurrentVersion.targets(2451,5): warning MSB3277:           Project file item includes which caused reference "C:\Program Files\dotnet\packs\Microsoft.NETCore.App.Ref\8.0.25\ref\net8.0\System.Security.dll". [C:\Users\ultra\warewolf\Dev\Warewolf.Studio.CustomControls\Warewolf.Studio.CustomControls.csproj]
C:\Program Files\dotnet\sdk\10.0.201\Microsoft.Common.CurrentVersion.targets(2451,5): warning MSB3277:             C:\Program Files\dotnet\packs\Microsoft.NETCore.App.Ref\8.0.25\ref/net8.0/System.Security.dll [C:\Users\ultra\warewolf\Dev\Warewolf.Studio.CustomControls\Warewolf.Studio.CustomControls.csproj]
C:\Program Files\dotnet\sdk\10.0.201\Microsoft.Common.CurrentVersion.targets(2451,5): warning MSB3277:         C:\Program Files\dotnet\packs\Microsoft.NETCore.App.Ref\8.0.25\ref\net8.0\System.dll [C:\Users\ultra\warewolf\Dev\Warewolf.Studio.CustomControls\Warewolf.Studio.CustomControls.csproj]
C:\Program Files\dotnet\sdk\10.0.201\Microsoft.Common.CurrentVersion.targets(2451,5): warning MSB3277:           Project file item includes which caused reference "C:\Program Files\dotnet\packs\Microsoft.NETCore.App.Ref\8.0.25\ref\net8.0\System.dll". [C:\Users\ultra\warewolf\Dev\Warewolf.Studio.CustomControls\Warewolf.Studio.CustomControls.csproj]
C:\Program Files\dotnet\sdk\10.0.201\Microsoft.Common.CurrentVersion.targets(2451,5): warning MSB3277:             C:\Program Files\dotnet\packs\Microsoft.NETCore.App.Ref\8.0.25\ref/net8.0/System.dll [C:\Users\ultra\warewolf\Dev\Warewolf.Studio.CustomControls\Warewolf.Studio.CustomControls.csproj]
C:\Program Files\dotnet\sdk\10.0.201\Microsoft.Common.CurrentVersion.targets(2451,5): warning MSB3277:             C:\Users\ultra\.nuget\packages\aerowizard\2.3.1\lib\net45\AeroWizard.dll [C:\Users\ultra\warewolf\Dev\Warewolf.Studio.CustomControls\Warewolf.Studio.CustomControls.csproj]
C:\Program Files\dotnet\sdk\10.0.201\Microsoft.Common.CurrentVersion.targets(2451,5): warning MSB3277:             C:\Users\ultra\.nuget\packages\groupcontrols\1.9.0\lib\net45\GroupControls.dll [C:\Users\ultra\warewolf\Dev\Warewolf.Studio.CustomControls\Warewolf.Studio.CustomControls.csproj]
C:\Program Files\dotnet\sdk\10.0.201\Microsoft.Common.CurrentVersion.targets(2451,5): warning MSB3277:             C:\Users\ultra\.nuget\packages\microsoft.xaml.behaviors.wpf\1.1.122\lib\net462\Microsoft.Xaml.Behaviors.dll [C:\Users\ultra\warewolf\Dev\Warewolf.Studio.CustomControls\Warewolf.Studio.CustomControls.csproj]
C:\Program Files\dotnet\sdk\10.0.201\Microsoft.Common.CurrentVersion.targets(2451,5): warning MSB3277:             C:\Users\ultra\.nuget\packages\caliburn.micro\4.0.212\lib\netcoreapp3.1\Caliburn.Micro.Platform.dll [C:\Users\ultra\warewolf\Dev\Warewolf.Studio.CustomControls\Warewolf.Studio.CustomControls.csproj]
C:\Program Files\dotnet\sdk\10.0.201\Microsoft.Common.CurrentVersion.targets(2451,5): warning MSB3277:             C:\Users\ultra\.nuget\packages\prism.wpf\9.0.537\lib\net462\Prism.Wpf.dll [C:\Users\ultra\warewolf\Dev\Warewolf.Studio.CustomControls\Warewolf.Studio.CustomControls.csproj]
C:\Program Files\dotnet\sdk\10.0.201\Microsoft.Common.CurrentVersion.targets(2451,5): warning MSB3277:             C:\Users\ultra\.nuget\packages\reactiveui.wpf\18.4.1\lib\net462\ReactiveUI.Wpf.dll [C:\Users\ultra\warewolf\Dev\Warewolf.Studio.CustomControls\Warewolf.Studio.CustomControls.csproj]
C:\Program Files\dotnet\sdk\10.0.201\Microsoft.Common.CurrentVersion.targets(2451,5): warning MSB3277:             C:\Users\ultra\.nuget\packages\taskschedulereditor\2.10.1\lib\net452\Microsoft.Win32.TaskSchedulerEditor.dll [C:\Users\ultra\warewolf\Dev\Warewolf.Studio.CustomControls\Warewolf.Studio.CustomControls.csproj]
C:\Program Files\dotnet\sdk\10.0.201\Microsoft.Common.CurrentVersion.targets(2451,5): warning MSB3277:             C:\Users\ultra\.nuget\packages\ttcue.netcore.sharepointonline.csom.16.1.8029.1200\16.1.8029.1200\lib\netcoreapp2.0\Microsoft.SharePoint.Client.Runtime.Windows.dll [C:\Users\ultra\warewolf\Dev\Warewolf.Studio.CustomControls\Warewolf.Studio.CustomControls.csproj]
C:\Program Files\dotnet\sdk\10.0.201\Microsoft.Common.CurrentVersion.targets(2451,5): warning MSB3277:         C:\Users\ultra\warewolf\Dev\Binaries\Infragistcs_Net6\InfragisticsWPF4.Editors.v15.1.dll [C:\Users\ultra\warewolf\Dev\Warewolf.Studio.CustomControls\Warewolf.Studio.CustomControls.csproj]
C:\Program Files\dotnet\sdk\10.0.201\Microsoft.Common.CurrentVersion.targets(2451,5): warning MSB3277:           Project file item includes which caused reference "C:\Users\ultra\warewolf\Dev\Binaries\Infragistcs_Net6\InfragisticsWPF4.Editors.v15.1.dll". [C:\Users\ultra\warewolf\Dev\Warewolf.Studio.CustomControls\Warewolf.Studio.CustomControls.csproj]
C:\Program Files\dotnet\sdk\10.0.201\Microsoft.Common.CurrentVersion.targets(2451,5): warning MSB3277:             InfragisticsWPF4.DataPresenter.v15.1 [C:\Users\ultra\warewolf\Dev\Warewolf.Studio.CustomControls\Warewolf.Studio.CustomControls.csproj]
  Determining projects to restore...
  All projects are up-to-date for restore.
  Warewolf.UI -> C:\Users\ultra\warewolf\Dev\Warewolf.UI\bin\Debug\net8.0\Warewolf.UI.dll
C:\Users\ultra\warewolf\Dev\Warewolf.Studio.CustomControls\ScriptManager.cs(36,6): warning SYSLIB0003: 'PermissionSetAttribute' is obsolete: 'Code Access Security is not supported or honored by the runtime.' (https://aka.ms/dotnet-warnings/SYSLIB0003) [C:\Users\ultra\warewolf\Dev\Warewolf.Studio.CustomControls\Warewolf.Studio.CustomControls.csproj]
C:\Users\ultra\warewolf\Dev\Warewolf.Studio.CustomControls\ScriptManager.cs(36,20): warning SYSLIB0003: 'SecurityAction' is obsolete: 'Code Access Security is not supported or honored by the runtime.' (https://aka.ms/dotnet-warnings/SYSLIB0003) [C:\Users\ultra\warewolf\Dev\Warewolf.Studio.CustomControls\Warewolf.Studio.CustomControls.csproj]
C:\Users\ultra\warewolf\Dev\Warewolf.Studio.CustomControls\ScriptManager.cs(53,48): warning SYSLIB0044: 'AssemblyName.CodeBase' is obsolete: 'AssemblyName.CodeBase and AssemblyName.EscapedCodeBase are obsolete. Using them for loading an assembly is not supported.' (https://aka.ms/dotnet-warnings/SYSLIB0044) [C:\Users\ultra\warewolf\Dev\Warewolf.Studio.CustomControls\Warewolf.Studio.CustomControls.csproj]
C:\Users\ultra\warewolf\Dev\Warewolf.Studio.CustomControls\ScriptManager.cs(153,33): warning CC0022: ManagementObjectSearcher should be disposed. (https://code-cracker.github.io/diagnostics/CC0022.html) [C:\Users\ultra\warewolf\Dev\Warewolf.Studio.CustomControls\Warewolf.Studio.CustomControls.csproj]
C:\Users\ultra\warewolf\Dev\Warewolf.Studio.CustomControls\ScriptManager.cs(153,33): warning CA1416: This call site is reachable on all platforms. 'ManagementObjectSearcher' is only supported on: 'windows'. (https://learn.microsoft.com/dotnet/fundamentals/code-analysis/quality-rules/ca1416) [C:\Users\ultra\warewolf\Dev\Warewolf.Studio.CustomControls\Warewolf.Studio.CustomControls.csproj]
C:\Users\ultra\warewolf\Dev\Warewolf.Studio.CustomControls\ScriptManager.cs(155,40): warning CA1416: This call site is reachable on all platforms. 'ManagementBaseObject.this[string]' is only supported on: 'windows'. (https://learn.microsoft.com/dotnet/fundamentals/code-analysis/quality-rules/ca1416) [C:\Users\ultra\warewolf\Dev\Warewolf.Studio.CustomControls\Warewolf.Studio.CustomControls.csproj]
C:\Users\ultra\warewolf\Dev\Warewolf.Studio.CustomControls\ScriptManager.cs(153,33): warning CA1416: This call site is reachable on all platforms. 'ManagementObjectSearcher.Get()' is only supported on: 'windows'. (https://learn.microsoft.com/dotnet/fundamentals/code-analysis/quality-rules/ca1416) [C:\Users\ultra\warewolf\Dev\Warewolf.Studio.CustomControls\Warewolf.Studio.CustomControls.csproj]
  Warewolf.Studio.CustomControls -> C:\Users\ultra\warewolf\Dev\Warewolf.Studio.CustomControls\bin\Debug\net8.0\Warewolf.Studio.CustomControls.dll
C:\Program Files\dotnet\sdk\10.0.201\Microsoft.Common.CurrentVersion.targets(2451,5): warning MSB3277: Found conflicts between different versions of "Microsoft.Win32.SystemEvents" that could not be resolved. [C:\Users\ultra\warewolf\Dev\Warewolf.Studio.Themes.Luna\Warewolf.Studio.Themes.Luna.csproj]
C:\Program Files\dotnet\sdk\10.0.201\Microsoft.Common.CurrentVersion.targets(2451,5): warning MSB3277: There was a conflict between "Microsoft.Win32.SystemEvents, Version=6.0.0.0, Culture=neutral, PublicKeyToken=cc7b13ffcd2ddd51" and "Microsoft.Win32.SystemEvents, Version=7.0.0.0, Culture=neutral, PublicKeyToken=cc7b13ffcd2ddd51". [C:\Users\ultra\warewolf\Dev\Warewolf.Studio.Themes.Luna\Warewolf.Studio.Themes.Luna.csproj]
C:\Program Files\dotnet\sdk\10.0.201\Microsoft.Common.CurrentVersion.targets(2451,5): warning MSB3277:     "Microsoft.Win32.SystemEvents, Version=6.0.0.0, Culture=neutral, PublicKeyToken=cc7b13ffcd2ddd51" was chosen because it was primary and "Microsoft.Win32.SystemEvents, Version=7.0.0.0, Culture=neutral, PublicKeyToken=cc7b13ffcd2ddd51" was not. [C:\Users\ultra\warewolf\Dev\Warewolf.Studio.Themes.Luna\Warewolf.Studio.Themes.Luna.csproj]
C:\Program Files\dotnet\sdk\10.0.201\Microsoft.Common.CurrentVersion.targets(2451,5): warning MSB3277:     References which depend on "Microsoft.Win32.SystemEvents, Version=6.0.0.0, Culture=neutral, PublicKeyToken=cc7b13ffcd2ddd51" [C:\Users\ultra\.nuget\packages\microsoft.win32.systemevents\6.0.0\lib\net6.0\Microsoft.Win32.SystemEvents.dll]. [C:\Users\ultra\warewolf\Dev\Warewolf.Studio.Themes.Luna\Warewolf.Studio.Themes.Luna.csproj]
C:\Program Files\dotnet\sdk\10.0.201\Microsoft.Common.CurrentVersion.targets(2451,5): warning MSB3277:         C:\Users\ultra\.nuget\packages\microsoft.win32.systemevents\6.0.0\lib\net6.0\Microsoft.Win32.SystemEvents.dll [C:\Users\ultra\warewolf\Dev\Warewolf.Studio.Themes.Luna\Warewolf.Studio.Themes.Luna.csproj]
C:\Program Files\dotnet\sdk\10.0.201\Microsoft.Common.CurrentVersion.targets(2451,5): warning MSB3277:           Project file item includes which caused reference "C:\Users\ultra\.nuget\packages\microsoft.win32.systemevents\6.0.0\lib\net6.0\Microsoft.Win32.SystemEvents.dll". [C:\Users\ultra\warewolf\Dev\Warewolf.Studio.Themes.Luna\Warewolf.Studio.Themes.Luna.csproj]
C:\Program Files\dotnet\sdk\10.0.201\Microsoft.Common.CurrentVersion.targets(2451,5): warning MSB3277:             C:\Users\ultra\.nuget\packages\microsoft.win32.systemevents\6.0.0\lib\net6.0\Microsoft.Win32.SystemEvents.dll [C:\Users\ultra\warewolf\Dev\Warewolf.Studio.Themes.Luna\Warewolf.Studio.Themes.Luna.csproj]
C:\Program Files\dotnet\sdk\10.0.201\Microsoft.Common.CurrentVersion.targets(2451,5): warning MSB3277:     References which depend on or have been unified to "Microsoft.Win32.SystemEvents, Version=7.0.0.0, Culture=neutral, PublicKeyToken=cc7b13ffcd2ddd51" []. [C:\Users\ultra\warewolf\Dev\Warewolf.Studio.Themes.Luna\Warewolf.Studio.Themes.Luna.csproj]
C:\Program Files\dotnet\sdk\10.0.201\Microsoft.Common.CurrentVersion.targets(2451,5): warning MSB3277:         C:\Users\ultra\warewolf\Dev\Dev2.Common\bin\Debug\net8.0\Dev2.Common.dll [C:\Users\ultra\warewolf\Dev\Warewolf.Studio.Themes.Luna\Warewolf.Studio.Themes.Luna.csproj]
C:\Program Files\dotnet\sdk\10.0.201\Microsoft.Common.CurrentVersion.targets(2451,5): warning MSB3277:           Project file item includes which caused reference "C:\Users\ultra\warewolf\Dev\Dev2.Common\bin\Debug\net8.0\Dev2.Common.dll". [C:\Users\ultra\warewolf\Dev\Warewolf.Studio.Themes.Luna\Warewolf.Studio.Themes.Luna.csproj]
C:\Program Files\dotnet\sdk\10.0.201\Microsoft.Common.CurrentVersion.targets(2451,5): warning MSB3277:             C:\Users\ultra\warewolf\Dev\Dev2.Common\bin\Debug\net8.0\Dev2.Common.dll [C:\Users\ultra\warewolf\Dev\Warewolf.Studio.Themes.Luna\Warewolf.Studio.Themes.Luna.csproj]
C:\Program Files\dotnet\sdk\10.0.201\Microsoft.Common.CurrentVersion.targets(2451,5): warning MSB3277:             C:\Users\ultra\warewolf\Dev\Dev2.Intellisense\bin\Debug\net8.0\Dev2.Intellisense.dll [C:\Users\ultra\warewolf\Dev\Warewolf.Studio.Themes.Luna\Warewolf.Studio.Themes.Luna.csproj]
C:\Program Files\dotnet\sdk\10.0.201\Microsoft.Common.CurrentVersion.targets(2451,5): warning MSB3277:             C:\Users\ultra\warewolf\Dev\Dev2.Studio.Core\bin\Debug\net8.0\Dev2.Studio.Core.dll [C:\Users\ultra\warewolf\Dev\Warewolf.Studio.Themes.Luna\Warewolf.Studio.Themes.Luna.csproj]
C:\Program Files\dotnet\sdk\10.0.201\Microsoft.Common.CurrentVersion.targets(2451,5): warning MSB3277:             C:\Users\ultra\warewolf\Dev\Dev2.Studio.Interfaces\bin\Debug\net8.0\Dev2.Studio.Interfaces.dll [C:\Users\ultra\warewolf\Dev\Warewolf.Studio.Themes.Luna\Warewolf.Studio.Themes.Luna.csproj]
C:\Program Files\dotnet\sdk\10.0.201\Microsoft.Common.CurrentVersion.targets(2451,5): warning MSB3277:             C:\Users\ultra\warewolf\Dev\Warewolf.Studio.Core\bin\Debug\net8.0\Warewolf.Studio.Core.dll [C:\Users\ultra\warewolf\Dev\Warewolf.Studio.Themes.Luna\Warewolf.Studio.Themes.Luna.csproj]
C:\Program Files\dotnet\sdk\10.0.201\Microsoft.Common.CurrentVersion.targets(2451,5): warning MSB3277:             C:\Users\ultra\warewolf\Dev\Warewolf.Studio.CustomControls\bin\Debug\net8.0\Warewolf.Studio.CustomControls.dll [C:\Users\ultra\warewolf\Dev\Warewolf.Studio.Themes.Luna\Warewolf.Studio.Themes.Luna.csproj]
C:\Program Files\dotnet\sdk\10.0.201\Microsoft.Common.CurrentVersion.targets(2451,5): warning MSB3277:             C:\Users\ultra\warewolf\Dev\Dev2.Activities\bin\Debug\net8.0\Dev2.Activities.dll [C:\Users\ultra\warewolf\Dev\Warewolf.Studio.Themes.Luna\Warewolf.Studio.Themes.Luna.csproj]
C:\Program Files\dotnet\sdk\10.0.201\Microsoft.Common.CurrentVersion.targets(2451,5): warning MSB3277:             C:\Users\ultra\warewolf\Dev\Dev2.Core\bin\Debug\net8.0\Dev2.Core.dll [C:\Users\ultra\warewolf\Dev\Warewolf.Studio.Themes.Luna\Warewolf.Studio.Themes.Luna.csproj]
C:\Program Files\dotnet\sdk\10.0.201\Microsoft.Common.CurrentVersion.targets(2451,5): warning MSB3277:             C:\Users\ultra\warewolf\Dev\Warewolf.UI\bin\Debug\net8.0\Warewolf.UI.dll [C:\Users\ultra\warewolf\Dev\Warewolf.Studio.Themes.Luna\Warewolf.Studio.Themes.Luna.csproj]
C:\Program Files\dotnet\sdk\10.0.201\Microsoft.Common.CurrentVersion.targets(2451,5): warning MSB3277:             C:\Users\ultra\warewolf\Dev\Dev2.Data\bin\Debug\net8.0\Dev2.Data.dll [C:\Users\ultra\warewolf\Dev\Warewolf.Studio.Themes.Luna\Warewolf.Studio.Themes.Luna.csproj]
C:\Program Files\dotnet\sdk\10.0.201\Microsoft.Common.CurrentVersion.targets(2451,5): warning MSB3277:             C:\Users\ultra\warewolf\Dev\Dev2.Development.Languages\bin\Debug\net8.0\Dev2.Development.Languages.dll [C:\Users\ultra\warewolf\Dev\Warewolf.Studio.Themes.Luna\Warewolf.Studio.Themes.Luna.csproj]
C:\Program Files\dotnet\sdk\10.0.201\Microsoft.Common.CurrentVersion.targets(2451,5): warning MSB3277:             C:\Users\ultra\warewolf\Dev\Dev2.Diagnostics\bin\Debug\net8.0\Dev2.Diagnostics.dll [C:\Users\ultra\warewolf\Dev\Warewolf.Studio.Themes.Luna\Warewolf.Studio.Themes.Luna.csproj]
C:\Program Files\dotnet\sdk\10.0.201\Microsoft.Common.CurrentVersion.targets(2451,5): warning MSB3277:             C:\Users\ultra\warewolf\Dev\Dev2.Infrastructure\bin\Debug\net8.0\Dev2.Infrastructure.dll [C:\Users\ultra\warewolf\Dev\Warewolf.Studio.Themes.Luna\Warewolf.Studio.Themes.Luna.csproj]
C:\Program Files\dotnet\sdk\10.0.201\Microsoft.Common.CurrentVersion.targets(2451,5): warning MSB3277:             C:\Users\ultra\warewolf\Dev\Dev2.Runtime.Services\bin\Debug\net8.0\Dev2.Runtime.Services.dll [C:\Users\ultra\warewolf\Dev\Warewolf.Studio.Themes.Luna\Warewolf.Studio.Themes.Luna.csproj]
C:\Program Files\dotnet\sdk\10.0.201\Microsoft.Common.CurrentVersion.targets(2451,5): warning MSB3277:             C:\Users\ultra\warewolf\Dev\Dev2.Scheduler\bin\Debug\net8.0\Dev2.Scheduler.dll [C:\Users\ultra\warewolf\Dev\Warewolf.Studio.Themes.Luna\Warewolf.Studio.Themes.Luna.csproj]
C:\Program Files\dotnet\sdk\10.0.201\Microsoft.Common.CurrentVersion.targets(2451,5): warning MSB3277:             C:\Users\ultra\warewolf\Dev\Dev2.Services.Execution\bin\Debug\net8.0\Dev2.Services.Execution.dll [C:\Users\ultra\warewolf\Dev\Warewolf.Studio.Themes.Luna\Warewolf.Studio.Themes.Luna.csproj]
C:\Program Files\dotnet\sdk\10.0.201\Microsoft.Common.CurrentVersion.targets(2451,5): warning MSB3277:             C:\Users\ultra\warewolf\Dev\Dev2.Services.Sql\bin\Debug\net8.0\Dev2.Services.Sql.dll [C:\Users\ultra\warewolf\Dev\Warewolf.Studio.Themes.Luna\Warewolf.Studio.Themes.Luna.csproj]
C:\Program Files\dotnet\sdk\10.0.201\Microsoft.Common.CurrentVersion.targets(2451,5): warning MSB3277:             C:\Users\ultra\warewolf\Dev\Dev2.TaskScheduler.Wrappers\bin\Debug\net8.0\Dev2.TaskScheduler.Wrappers.dll [C:\Users\ultra\warewolf\Dev\Warewolf.Studio.Themes.Luna\Warewolf.Studio.Themes.Luna.csproj]
C:\Program Files\dotnet\sdk\10.0.201\Microsoft.Common.CurrentVersion.targets(2451,5): warning MSB3277:             C:\Users\ultra\warewolf\Dev\Dev2.Util\bin\Debug\net8.0\Dev2.Util.dll [C:\Users\ultra\warewolf\Dev\Warewolf.Studio.Themes.Luna\Warewolf.Studio.Themes.Luna.csproj]
C:\Program Files\dotnet\sdk\10.0.201\Microsoft.Common.CurrentVersion.targets(2451,5): warning MSB3277:             C:\Users\ultra\warewolf\Dev\Warewolf.AI.Harness\bin\Debug\net8.0\Warewolf.AI.Harness.dll [C:\Users\ultra\warewolf\Dev\Warewolf.Studio.Themes.Luna\Warewolf.Studio.Themes.Luna.csproj]
C:\Program Files\dotnet\sdk\10.0.201\Microsoft.Common.CurrentVersion.targets(2451,5): warning MSB3277:             C:\Users\ultra\warewolf\Dev\Warewolf.Auditing\bin\Debug\net8.0\Warewolf.Auditing.dll [C:\Users\ultra\warewolf\Dev\Warewolf.Studio.Themes.Luna\Warewolf.Studio.Themes.Luna.csproj]
C:\Program Files\dotnet\sdk\10.0.201\Microsoft.Common.CurrentVersion.targets(2451,5): warning MSB3277:             C:\Users\ultra\warewolf\Dev\Warewolf.Common.NetStandard20\bin\Debug\net8.0\Warewolf.Common.NetStandard20.dll [C:\Users\ultra\warewolf\Dev\Warewolf.Studio.Themes.Luna\Warewolf.Studio.Themes.Luna.csproj]
C:\Program Files\dotnet\sdk\10.0.201\Microsoft.Common.CurrentVersion.targets(2451,5): warning MSB3277:             C:\Users\ultra\warewolf\Dev\Warewolf.Core\bin\Debug\net8.0\Warewolf.Core.dll [C:\Users\ultra\warewolf\Dev\Warewolf.Studio.Themes.Luna\Warewolf.Studio.Themes.Luna.csproj]
C:\Program Files\dotnet\sdk\10.0.201\Microsoft.Common.CurrentVersion.targets(2451,5): warning MSB3277:             C:\Users\ultra\warewolf\Dev\Warewolf.Driver.Persistence\bin\Debug\net8.0\Warewolf.Driver.Persistence.dll [C:\Users\ultra\warewolf\Dev\Warewolf.Studio.Themes.Luna\Warewolf.Studio.Themes.Luna.csproj]
C:\Program Files\dotnet\sdk\10.0.201\Microsoft.Common.CurrentVersion.targets(2451,5): warning MSB3277:             C:\Users\ultra\warewolf\Dev\Warewolf.Driver.Serilog\bin\Debug\net8.0\Warewolf.Driver.Serilog.dll [C:\Users\ultra\warewolf\Dev\Warewolf.Studio.Themes.Luna\Warewolf.Studio.Themes.Luna.csproj]
C:\Program Files\dotnet\sdk\10.0.201\Microsoft.Common.CurrentVersion.targets(2451,5): warning MSB3277:             C:\Users\ultra\warewolf\Dev\Warewolf.Exchange.Email.Wrapper\bin\Debug\net8.0\Warewolf.Exchange.Email.Wrapper.dll [C:\Users\ultra\warewolf\Dev\Warewolf.Studio.Themes.Luna\Warewolf.Studio.Themes.Luna.csproj]
C:\Program Files\dotnet\sdk\10.0.201\Microsoft.Common.CurrentVersion.targets(2451,5): warning MSB3277:             C:\Users\ultra\warewolf\Dev\Warewolf.ResourceManagement\bin\Debug\net8.0\Warewolf.ResourceManagement.dll [C:\Users\ultra\warewolf\Dev\Warewolf.Studio.Themes.Luna\Warewolf.Studio.Themes.Luna.csproj]
C:\Program Files\dotnet\sdk\10.0.201\Microsoft.Common.CurrentVersion.targets(2451,5): warning MSB3277:             C:\Users\ultra\warewolf\Dev\Warewolf.Sharepoint\bin\Debug\net8.0\Warewolf.Sharepoint.dll [C:\Users\ultra\warewolf\Dev\Warewolf.Studio.Themes.Luna\Warewolf.Studio.Themes.Luna.csproj]
C:\Program Files\dotnet\sdk\10.0.201\Microsoft.Common.CurrentVersion.targets(2451,5): warning MSB3277:             C:\Users\ultra\warewolf\Dev\Warewolf.Storage\bin\Debug\net8.0\Warewolf.Storage.dll [C:\Users\ultra\warewolf\Dev\Warewolf.Studio.Themes.Luna\Warewolf.Studio.Themes.Luna.csproj]
C:\Program Files\dotnet\sdk\10.0.201\Microsoft.Common.CurrentVersion.targets(2451,5): warning MSB3277:         C:\Users\ultra\warewolf\Dev\Binaries\Infragistcs_Net6\InfragisticsWPF4.Editors.v15.1.dll [C:\Users\ultra\warewolf\Dev\Warewolf.Studio.Themes.Luna\Warewolf.Studio.Themes.Luna.csproj]
C:\Program Files\dotnet\sdk\10.0.201\Microsoft.Common.CurrentVersion.targets(2451,5): warning MSB3277:           Project file item includes which caused reference "C:\Users\ultra\warewolf\Dev\Binaries\Infragistcs_Net6\InfragisticsWPF4.Editors.v15.1.dll". [C:\Users\ultra\warewolf\Dev\Warewolf.Studio.Themes.Luna\Warewolf.Studio.Themes.Luna.csproj]
C:\Program Files\dotnet\sdk\10.0.201\Microsoft.Common.CurrentVersion.targets(2451,5): warning MSB3277:             InfragisticsWPF4.Editors.v15.1, Version=15.1.20151.2055, Culture=neutral, PublicKeyToken=7dd5c3163f2cd0cb, processorArchitecture=MSIL [C:\Users\ultra\warewolf\Dev\Warewolf.Studio.Themes.Luna\Warewolf.Studio.Themes.Luna.csproj]
C:\Program Files\dotnet\sdk\10.0.201\Microsoft.Common.CurrentVersion.targets(2451,5): warning MSB3277:             InfragisticsWPF4.DataPresenter.v15.1, Version=15.1.20151.2055, Culture=neutral, PublicKeyToken=7dd5c3163f2cd0cb, processorArchitecture=MSIL [C:\Users\ultra\warewolf\Dev\Warewolf.Studio.Themes.Luna\Warewolf.Studio.Themes.Luna.csproj]
C:\Program Files\dotnet\sdk\10.0.201\Microsoft.Common.CurrentVersion.targets(2451,5): warning MSB3277:         C:\Users\ultra\warewolf\Dev\Binaries\Infragistcs_Net6\InfragisticsWPF4.v15.1.dll [C:\Users\ultra\warewolf\Dev\Warewolf.Studio.Themes.Luna\Warewolf.Studio.Themes.Luna.csproj]
C:\Program Files\dotnet\sdk\10.0.201\Microsoft.Common.CurrentVersion.targets(2451,5): warning MSB3277:           Project file item includes which caused reference "C:\Users\ultra\warewolf\Dev\Binaries\Infragistcs_Net6\InfragisticsWPF4.v15.1.dll". [C:\Users\ultra\warewolf\Dev\Warewolf.Studio.Themes.Luna\Warewolf.Studio.Themes.Luna.csproj]
C:\Program Files\dotnet\sdk\10.0.201\Microsoft.Common.CurrentVersion.targets(2451,5): warning MSB3277:             InfragisticsWPF4.v15.1, Version=15.1.20151.2055, Culture=neutral, PublicKeyToken=7dd5c3163f2cd0cb, processorArchitecture=MSIL [C:\Users\ultra\warewolf\Dev\Warewolf.Studio.Themes.Luna\Warewolf.Studio.Themes.Luna.csproj]
C:\Program Files\dotnet\sdk\10.0.201\Microsoft.Common.CurrentVersion.targets(2451,5): warning MSB3277:             CalculationManager.WPF [C:\Users\ultra\warewolf\Dev\Warewolf.Studio.Themes.Luna\Warewolf.Studio.Themes.Luna.csproj]
C:\Program Files\dotnet\sdk\10.0.201\Microsoft.Common.CurrentVersion.targets(2451,5): warning MSB3277:             InfragisticsWPF4.Controls.Editors.XamComboEditor.v15.1, Version=15.1.20151.2055, Culture=neutral, PublicKeyToken=7dd5c3163f2cd0cb, processorArchitecture=MSIL [C:\Users\ultra\warewolf\Dev\Warewolf.Studio.Themes.Luna\Warewolf.Studio.Themes.Luna.csproj]
C:\Program Files\dotnet\sdk\10.0.201\Microsoft.Common.CurrentVersion.targets(2451,5): warning MSB3277:             InfragisticsWPF4.Controls.Editors.XamRichTextEditor.v15.1, Version=15.1.20151.2055, Culture=neutral, PublicKeyToken=7dd5c3163f2cd0cb, processorArchitecture=MSIL [C:\Users\ultra\warewolf\Dev\Warewolf.Studio.Themes.Luna\Warewolf.Studio.Themes.Luna.csproj]
C:\Program Files\dotnet\sdk\10.0.201\Microsoft.Common.CurrentVersion.targets(2451,5): warning MSB3277:             InfragisticsWPF4.Controls.Editors.XamSyntaxEditor.v15.1, Version=15.1.20151.2055, Culture=neutral, PublicKeyToken=7dd5c3163f2cd0cb, processorArchitecture=MSIL [C:\Users\ultra\warewolf\Dev\Warewolf.Studio.Themes.Luna\Warewolf.Studio.Themes.Luna.csproj]
C:\Program Files\dotnet\sdk\10.0.201\Microsoft.Common.CurrentVersion.targets(2451,5): warning MSB3277:             InfragisticsWPF4.Controls.Grids.DateTimeColumn.v15.1, Version=15.1.20151.2055, Culture=neutral, PublicKeyToken=7dd5c3163f2cd0cb, processorArchitecture=MSIL [C:\Users\ultra\warewolf\Dev\Warewolf.Studio.Themes.Luna\Warewolf.Studio.Themes.Luna.csproj]
C:\Program Files\dotnet\sdk\10.0.201\Microsoft.Common.CurrentVersion.targets(2451,5): warning MSB3277:             InfragisticsWPF4.Controls.Grids.MultiColumnComboColumn.v15.1, Version=15.1.20151.2055, Culture=neutral, PublicKeyToken=7dd5c3163f2cd0cb, processorArchitecture=MSIL [C:\Users\ultra\warewolf\Dev\Warewolf.Studio.Themes.Luna\Warewolf.Studio.Themes.Luna.csproj]
C:\Program Files\dotnet\sdk\10.0.201\Microsoft.Common.CurrentVersion.targets(2451,5): warning MSB3277:             InfragisticsWPF4.Controls.Grids.XamGrid.v15.1, Version=15.1.20151.2055, Culture=neutral, PublicKeyToken=7dd5c3163f2cd0cb, processorArchitecture=MSIL [C:\Users\ultra\warewolf\Dev\Warewolf.Studio.Themes.Luna\Warewolf.Studio.Themes.Luna.csproj]
C:\Program Files\dotnet\sdk\10.0.201\Microsoft.Common.CurrentVersion.targets(2451,5): warning MSB3277:             InfragisticsWPF4.Controls.Interactions.XamDialogWindow.v15.1, Version=15.1.20151.2055, Culture=neutral, PublicKeyToken=7dd5c3163f2cd0cb, processorArchitecture=MSIL [C:\Users\ultra\warewolf\Dev\Warewolf.Studio.Themes.Luna\Warewolf.Studio.Themes.Luna.csproj]
C:\Program Files\dotnet\sdk\10.0.201\Microsoft.Common.CurrentVersion.targets(2451,5): warning MSB3277:             InfragisticsWPF4.Controls.Interactions.XamSpellChecker.v15.1, Version=15.1.20151.2055, Culture=neutral, PublicKeyToken=7dd5c3163f2cd0cb, processorArchitecture=MSIL [C:\Users\ultra\warewolf\Dev\Warewolf.Studio.Themes.Luna\Warewolf.Studio.Themes.Luna.csproj]
C:\Program Files\dotnet\sdk\10.0.201\Microsoft.Common.CurrentVersion.targets(2451,5): warning MSB3277:             InfragisticsWPF4.Controls.Maps.XamNetworkNode.v15.1, Version=15.1.20151.2055, Culture=neutral, PublicKeyToken=7dd5c3163f2cd0cb, processorArchitecture=MSIL [C:\Users\ultra\warewolf\Dev\Warewolf.Studio.Themes.Luna\Warewolf.Studio.Themes.Luna.csproj]
C:\Program Files\dotnet\sdk\10.0.201\Microsoft.Common.CurrentVersion.targets(2451,5): warning MSB3277:             InfragisticsWPF4.Controls.Menus.XamDataTree.v15.1 [C:\Users\ultra\warewolf\Dev\Warewolf.Studio.Themes.Luna\Warewolf.Studio.Themes.Luna.csproj]
C:\Program Files\dotnet\sdk\10.0.201\Microsoft.Common.CurrentVersion.targets(2451,5): warning MSB3277:             InfragisticsWPF4.Controls.Menus.XamMenu.v15.1, Version=15.1.20151.2055, Culture=neutral, PublicKeyToken=7dd5c3163f2cd0cb, processorArchitecture=MSIL [C:\Users\ultra\warewolf\Dev\Warewolf.Studio.Themes.Luna\Warewolf.Studio.Themes.Luna.csproj]
C:\Program Files\dotnet\sdk\10.0.201\Microsoft.Common.CurrentVersion.targets(2451,5): warning MSB3277:             InfragisticsWPF4.DataManager.v15.1, Version=15.1.20151.2055, Culture=neutral, PublicKeyToken=7dd5c3163f2cd0cb, processorArchitecture=MSIL [C:\Users\ultra\warewolf\Dev\Warewolf.Studio.Themes.Luna\Warewolf.Studio.Themes.Luna.csproj]
C:\Program Files\dotnet\sdk\10.0.201\Microsoft.Common.CurrentVersion.targets(2451,5): warning MSB3277:             InfragisticsWPF4.DataPresenter.v15.1, Version=15.1.20151.2055, Culture=neutral, PublicKeyToken=7dd5c3163f2cd0cb, processorArchitecture=MSIL [C:\Users\ultra\warewolf\Dev\Warewolf.Studio.Themes.Luna\Warewolf.Studio.Themes.Luna.csproj]
C:\Program Files\dotnet\sdk\10.0.201\Microsoft.Common.CurrentVersion.targets(2451,5): warning MSB3277:             InfragisticsWPF4.DataVisualization.v15.1, Version=15.1.20151.2055, Culture=neutral, PublicKeyToken=7dd5c3163f2cd0cb, processorArchitecture=MSIL [C:\Users\ultra\warewolf\Dev\Warewolf.Studio.Themes.Luna\Warewolf.Studio.Themes.Luna.csproj]
C:\Program Files\dotnet\sdk\10.0.201\Microsoft.Common.CurrentVersion.targets(2451,5): warning MSB3277:             InfragisticsWPF4.DockManager.v15.1, Version=15.1.20151.2055, Culture=neutral, PublicKeyToken=7dd5c3163f2cd0cb, processorArchitecture=MSIL [C:\Users\ultra\warewolf\Dev\Warewolf.Studio.Themes.Luna\Warewolf.Studio.Themes.Luna.csproj]
C:\Program Files\dotnet\sdk\10.0.201\Microsoft.Common.CurrentVersion.targets(2451,5): warning MSB3277:             InfragisticsWPF4.Documents.RichTextDocument.Html.v15.1, Version=15.1.20151.2055, Culture=neutral, PublicKeyToken=7dd5c3163f2cd0cb, processorArchitecture=MSIL [C:\Users\ultra\warewolf\Dev\Warewolf.Studio.Themes.Luna\Warewolf.Studio.Themes.Luna.csproj]
C:\Program Files\dotnet\sdk\10.0.201\Microsoft.Common.CurrentVersion.targets(2451,5): warning MSB3277:             InfragisticsWPF4.Documents.RichTextDocument.v15.1, Version=15.1.20151.2055, Culture=neutral, PublicKeyToken=7dd5c3163f2cd0cb, processorArchitecture=MSIL [C:\Users\ultra\warewolf\Dev\Warewolf.Studio.Themes.Luna\Warewolf.Studio.Themes.Luna.csproj]
C:\Program Files\dotnet\sdk\10.0.201\Microsoft.Common.CurrentVersion.targets(2451,5): warning MSB3277:             InfragisticsWPF4.Editors.v15.1, Version=15.1.20151.2055, Culture=neutral, PublicKeyToken=7dd5c3163f2cd0cb, processorArchitecture=MSIL [C:\Users\ultra\warewolf\Dev\Warewolf.Studio.Themes.Luna\Warewolf.Studio.Themes.Luna.csproj]
C:\Program Files\dotnet\sdk\10.0.201\Microsoft.Common.CurrentVersion.targets(2451,5): warning MSB3277:         C:\Users\ultra\.nuget\packages\timespan2\2.4.2\lib\netcoreapp3.1\TimeSpan2.dll [C:\Users\ultra\warewolf\Dev\Warewolf.Studio.Themes.Luna\Warewolf.Studio.Themes.Luna.csproj]
C:\Program Files\dotnet\sdk\10.0.201\Microsoft.Common.CurrentVersion.targets(2451,5): warning MSB3277:           Project file item includes which caused reference "C:\Users\ultra\.nuget\packages\timespan2\2.4.2\lib\netcoreapp3.1\TimeSpan2.dll". [C:\Users\ultra\warewolf\Dev\Warewolf.Studio.Themes.Luna\Warewolf.Studio.Themes.Luna.csproj]
C:\Program Files\dotnet\sdk\10.0.201\Microsoft.Common.CurrentVersion.targets(2451,5): warning MSB3277:             C:\Users\ultra\.nuget\packages\timespan2\2.4.2\lib\netcoreapp3.1\TimeSpan2.dll [C:\Users\ultra\warewolf\Dev\Warewolf.Studio.Themes.Luna\Warewolf.Studio.Themes.Luna.csproj]
C:\Program Files\dotnet\sdk\10.0.201\Microsoft.Common.CurrentVersion.targets(2451,5): warning MSB3277:             C:\Users\ultra\.nuget\packages\taskschedulereditor\2.10.1\lib\net452\Microsoft.Win32.TaskSchedulerEditor.dll [C:\Users\ultra\warewolf\Dev\Warewolf.Studio.Themes.Luna\Warewolf.Studio.Themes.Luna.csproj]
C:\Program Files\dotnet\sdk\10.0.201\Microsoft.Common.CurrentVersion.targets(2451,5): warning MSB3277:         C:\Program Files\dotnet\packs\Microsoft.NETCore.App.Ref\8.0.25\ref\net8.0\System.dll [C:\Users\ultra\warewolf\Dev\Warewolf.Studio.Themes.Luna\Warewolf.Studio.Themes.Luna.csproj]
C:\Program Files\dotnet\sdk\10.0.201\Microsoft.Common.CurrentVersion.targets(2451,5): warning MSB3277:           Project file item includes which caused reference "C:\Program Files\dotnet\packs\Microsoft.NETCore.App.Ref\8.0.25\ref\net8.0\System.dll". [C:\Users\ultra\warewolf\Dev\Warewolf.Studio.Themes.Luna\Warewolf.Studio.Themes.Luna.csproj]
C:\Program Files\dotnet\sdk\10.0.201\Microsoft.Common.CurrentVersion.targets(2451,5): warning MSB3277:             C:\Program Files\dotnet\packs\Microsoft.NETCore.App.Ref\8.0.25\ref/net8.0/System.dll [C:\Users\ultra\warewolf\Dev\Warewolf.Studio.Themes.Luna\Warewolf.Studio.Themes.Luna.csproj]
C:\Program Files\dotnet\sdk\10.0.201\Microsoft.Common.CurrentVersion.targets(2451,5): warning MSB3277:             C:\Users\ultra\.nuget\packages\aerowizard\2.3.1\lib\net45\AeroWizard.dll [C:\Users\ultra\warewolf\Dev\Warewolf.Studio.Themes.Luna\Warewolf.Studio.Themes.Luna.csproj]
C:\Program Files\dotnet\sdk\10.0.201\Microsoft.Common.CurrentVersion.targets(2451,5): warning MSB3277:             C:\Users\ultra\.nuget\packages\groupcontrols\1.9.0\lib\net45\GroupControls.dll [C:\Users\ultra\warewolf\Dev\Warewolf.Studio.Themes.Luna\Warewolf.Studio.Themes.Luna.csproj]
C:\Program Files\dotnet\sdk\10.0.201\Microsoft.Common.CurrentVersion.targets(2451,5): warning MSB3277:             C:\Users\ultra\.nuget\packages\microsoft.xaml.behaviors.wpf\1.1.122\lib\net462\Microsoft.Xaml.Behaviors.dll [C:\Users\ultra\warewolf\Dev\Warewolf.Studio.Themes.Luna\Warewolf.Studio.Themes.Luna.csproj]
C:\Program Files\dotnet\sdk\10.0.201\Microsoft.Common.CurrentVersion.targets(2451,5): warning MSB3277:             C:\Users\ultra\.nuget\packages\caliburn.micro\4.0.212\lib\netcoreapp3.1\Caliburn.Micro.Platform.dll [C:\Users\ultra\warewolf\Dev\Warewolf.Studio.Themes.Luna\Warewolf.Studio.Themes.Luna.csproj]
C:\Program Files\dotnet\sdk\10.0.201\Microsoft.Common.CurrentVersion.targets(2451,5): warning MSB3277:             C:\Users\ultra\.nuget\packages\prism.wpf\9.0.537\lib\net462\Prism.Wpf.dll [C:\Users\ultra\warewolf\Dev\Warewolf.Studio.Themes.Luna\Warewolf.Studio.Themes.Luna.csproj]
C:\Program Files\dotnet\sdk\10.0.201\Microsoft.Common.CurrentVersion.targets(2451,5): warning MSB3277:             C:\Users\ultra\.nuget\packages\reactiveui.wpf\18.4.1\lib\net462\ReactiveUI.Wpf.dll [C:\Users\ultra\warewolf\Dev\Warewolf.Studio.Themes.Luna\Warewolf.Studio.Themes.Luna.csproj]
C:\Program Files\dotnet\sdk\10.0.201\Microsoft.Common.CurrentVersion.targets(2451,5): warning MSB3277:             C:\Users\ultra\.nuget\packages\taskschedulereditor\2.10.1\lib\net452\Microsoft.Win32.TaskSchedulerEditor.dll [C:\Users\ultra\warewolf\Dev\Warewolf.Studio.Themes.Luna\Warewolf.Studio.Themes.Luna.csproj]
C:\Program Files\dotnet\sdk\10.0.201\Microsoft.Common.CurrentVersion.targets(2451,5): warning MSB3277:             C:\Users\ultra\.nuget\packages\ttcue.netcore.sharepointonline.csom.16.1.8029.1200\16.1.8029.1200\lib\netcoreapp2.0\Microsoft.SharePoint.Client.Runtime.Windows.dll [C:\Users\ultra\warewolf\Dev\Warewolf.Studio.Themes.Luna\Warewolf.Studio.Themes.Luna.csproj]
C:\Program Files\dotnet\sdk\10.0.201\Microsoft.Common.CurrentVersion.targets(2451,5): warning MSB3277: Found conflicts between different versions of "System.Security.Permissions" that could not be resolved. [C:\Users\ultra\warewolf\Dev\Warewolf.Studio.Themes.Luna\Warewolf.Studio.Themes.Luna.csproj]
C:\Program Files\dotnet\sdk\10.0.201\Microsoft.Common.CurrentVersion.targets(2451,5): warning MSB3277: There was a conflict between "System.Security.Permissions, Version=6.0.0.0, Culture=neutral, PublicKeyToken=cc7b13ffcd2ddd51" and "System.Security.Permissions, Version=7.0.0.0, Culture=neutral, PublicKeyToken=cc7b13ffcd2ddd51". [C:\Users\ultra\warewolf\Dev\Warewolf.Studio.Themes.Luna\Warewolf.Studio.Themes.Luna.csproj]
C:\Program Files\dotnet\sdk\10.0.201\Microsoft.Common.CurrentVersion.targets(2451,5): warning MSB3277:     "System.Security.Permissions, Version=6.0.0.0, Culture=neutral, PublicKeyToken=cc7b13ffcd2ddd51" was chosen because it was primary and "System.Security.Permissions, Version=7.0.0.0, Culture=neutral, PublicKeyToken=cc7b13ffcd2ddd51" was not. [C:\Users\ultra\warewolf\Dev\Warewolf.Studio.Themes.Luna\Warewolf.Studio.Themes.Luna.csproj]
C:\Program Files\dotnet\sdk\10.0.201\Microsoft.Common.CurrentVersion.targets(2451,5): warning MSB3277:     References which depend on "System.Security.Permissions, Version=6.0.0.0, Culture=neutral, PublicKeyToken=cc7b13ffcd2ddd51" [C:\Users\ultra\.nuget\packages\system.security.permissions\6.0.0\lib\net6.0\System.Security.Permissions.dll]. [C:\Users\ultra\warewolf\Dev\Warewolf.Studio.Themes.Luna\Warewolf.Studio.Themes.Luna.csproj]
C:\Program Files\dotnet\sdk\10.0.201\Microsoft.Common.CurrentVersion.targets(2451,5): warning MSB3277:         C:\Users\ultra\.nuget\packages\system.security.permissions\6.0.0\lib\net6.0\System.Security.Permissions.dll [C:\Users\ultra\warewolf\Dev\Warewolf.Studio.Themes.Luna\Warewolf.Studio.Themes.Luna.csproj]
C:\Program Files\dotnet\sdk\10.0.201\Microsoft.Common.CurrentVersion.targets(2451,5): warning MSB3277:           Project file item includes which caused reference "C:\Users\ultra\.nuget\packages\system.security.permissions\6.0.0\lib\net6.0\System.Security.Permissions.dll". [C:\Users\ultra\warewolf\Dev\Warewolf.Studio.Themes.Luna\Warewolf.Studio.Themes.Luna.csproj]
C:\Program Files\dotnet\sdk\10.0.201\Microsoft.Common.CurrentVersion.targets(2451,5): warning MSB3277:             C:\Users\ultra\.nuget\packages\system.security.permissions\6.0.0\lib\net6.0\System.Security.Permissions.dll [C:\Users\ultra\warewolf\Dev\Warewolf.Studio.Themes.Luna\Warewolf.Studio.Themes.Luna.csproj]
C:\Program Files\dotnet\sdk\10.0.201\Microsoft.Common.CurrentVersion.targets(2451,5): warning MSB3277:     References which depend on or have been unified to "System.Security.Permissions, Version=7.0.0.0, Culture=neutral, PublicKeyToken=cc7b13ffcd2ddd51" []. [C:\Users\ultra\warewolf\Dev\Warewolf.Studio.Themes.Luna\Warewolf.Studio.Themes.Luna.csproj]
C:\Program Files\dotnet\sdk\10.0.201\Microsoft.Common.CurrentVersion.targets(2451,5): warning MSB3277:         C:\Users\ultra\warewolf\Dev\Warewolf.Studio.CustomControls\bin\Debug\net8.0\Warewolf.Studio.CustomControls.dll [C:\Users\ultra\warewolf\Dev\Warewolf.Studio.Themes.Luna\Warewolf.Studio.Themes.Luna.csproj]
C:\Program Files\dotnet\sdk\10.0.201\Microsoft.Common.CurrentVersion.targets(2451,5): warning MSB3277:           Project file item includes which caused reference "C:\Users\ultra\warewolf\Dev\Warewolf.Studio.CustomControls\bin\Debug\net8.0\Warewolf.Studio.CustomControls.dll". [C:\Users\ultra\warewolf\Dev\Warewolf.Studio.Themes.Luna\Warewolf.Studio.Themes.Luna.csproj]
C:\Program Files\dotnet\sdk\10.0.201\Microsoft.Common.CurrentVersion.targets(2451,5): warning MSB3277:             C:\Users\ultra\warewolf\Dev\Warewolf.Studio.CustomControls\bin\Debug\net8.0\Warewolf.Studio.CustomControls.dll [C:\Users\ultra\warewolf\Dev\Warewolf.Studio.Themes.Luna\Warewolf.Studio.Themes.Luna.csproj]
C:\Program Files\dotnet\sdk\10.0.201\Microsoft.Common.CurrentVersion.targets(2451,5): warning MSB3277:         C:\Users\ultra\warewolf\Dev\Dev2.Data\bin\Debug\net8.0\Dev2.Data.dll [C:\Users\ultra\warewolf\Dev\Warewolf.Studio.Themes.Luna\Warewolf.Studio.Themes.Luna.csproj]
C:\Program Files\dotnet\sdk\10.0.201\Microsoft.Common.CurrentVersion.targets(2451,5): warning MSB3277:           Project file item includes which caused reference "C:\Users\ultra\warewolf\Dev\Dev2.Data\bin\Debug\net8.0\Dev2.Data.dll". [C:\Users\ultra\warewolf\Dev\Warewolf.Studio.Themes.Luna\Warewolf.Studio.Themes.Luna.csproj]
C:\Program Files\dotnet\sdk\10.0.201\Microsoft.Common.CurrentVersion.targets(2451,5): warning MSB3277:             C:\Users\ultra\warewolf\Dev\Dev2.Data\bin\Debug\net8.0\Dev2.Data.dll [C:\Users\ultra\warewolf\Dev\Warewolf.Studio.Themes.Luna\Warewolf.Studio.Themes.Luna.csproj]
C:\Program Files\dotnet\sdk\10.0.201\Microsoft.Common.CurrentVersion.targets(2451,5): warning MSB3277:             C:\Users\ultra\warewolf\Dev\Dev2.Intellisense\bin\Debug\net8.0\Dev2.Intellisense.dll [C:\Users\ultra\warewolf\Dev\Warewolf.Studio.Themes.Luna\Warewolf.Studio.Themes.Luna.csproj]
C:\Program Files\dotnet\sdk\10.0.201\Microsoft.Common.CurrentVersion.targets(2451,5): warning MSB3277:             C:\Users\ultra\warewolf\Dev\Dev2.Studio.Core\bin\Debug\net8.0\Dev2.Studio.Core.dll [C:\Users\ultra\warewolf\Dev\Warewolf.Studio.Themes.Luna\Warewolf.Studio.Themes.Luna.csproj]
C:\Program Files\dotnet\sdk\10.0.201\Microsoft.Common.CurrentVersion.targets(2451,5): warning MSB3277:             C:\Users\ultra\warewolf\Dev\Dev2.Studio.Interfaces\bin\Debug\net8.0\Dev2.Studio.Interfaces.dll [C:\Users\ultra\warewolf\Dev\Warewolf.Studio.Themes.Luna\Warewolf.Studio.Themes.Luna.csproj]
C:\Program Files\dotnet\sdk\10.0.201\Microsoft.Common.CurrentVersion.targets(2451,5): warning MSB3277:             C:\Users\ultra\warewolf\Dev\Warewolf.Studio.Core\bin\Debug\net8.0\Warewolf.Studio.Core.dll [C:\Users\ultra\warewolf\Dev\Warewolf.Studio.Themes.Luna\Warewolf.Studio.Themes.Luna.csproj]
C:\Program Files\dotnet\sdk\10.0.201\Microsoft.Common.CurrentVersion.targets(2451,5): warning MSB3277:             C:\Users\ultra\warewolf\Dev\Warewolf.Studio.CustomControls\bin\Debug\net8.0\Warewolf.Studio.CustomControls.dll [C:\Users\ultra\warewolf\Dev\Warewolf.Studio.Themes.Luna\Warewolf.Studio.Themes.Luna.csproj]
C:\Program Files\dotnet\sdk\10.0.201\Microsoft.Common.CurrentVersion.targets(2451,5): warning MSB3277:             C:\Users\ultra\warewolf\Dev\Dev2.Activities\bin\Debug\net8.0\Dev2.Activities.dll [C:\Users\ultra\warewolf\Dev\Warewolf.Studio.Themes.Luna\Warewolf.Studio.Themes.Luna.csproj]
C:\Program Files\dotnet\sdk\10.0.201\Microsoft.Common.CurrentVersion.targets(2451,5): warning MSB3277:             C:\Users\ultra\warewolf\Dev\Dev2.Core\bin\Debug\net8.0\Dev2.Core.dll [C:\Users\ultra\warewolf\Dev\Warewolf.Studio.Themes.Luna\Warewolf.Studio.Themes.Luna.csproj]
C:\Program Files\dotnet\sdk\10.0.201\Microsoft.Common.CurrentVersion.targets(2451,5): warning MSB3277:             C:\Users\ultra\warewolf\Dev\Warewolf.UI\bin\Debug\net8.0\Warewolf.UI.dll [C:\Users\ultra\warewolf\Dev\Warewolf.Studio.Themes.Luna\Warewolf.Studio.Themes.Luna.csproj]
C:\Program Files\dotnet\sdk\10.0.201\Microsoft.Common.CurrentVersion.targets(2451,5): warning MSB3277:             C:\Users\ultra\warewolf\Dev\Dev2.Runtime.Services\bin\Debug\net8.0\Dev2.Runtime.Services.dll [C:\Users\ultra\warewolf\Dev\Warewolf.Studio.Themes.Luna\Warewolf.Studio.Themes.Luna.csproj]
C:\Program Files\dotnet\sdk\10.0.201\Microsoft.Common.CurrentVersion.targets(2451,5): warning MSB3277:             C:\Users\ultra\warewolf\Dev\Dev2.Scheduler\bin\Debug\net8.0\Dev2.Scheduler.dll [C:\Users\ultra\warewolf\Dev\Warewolf.Studio.Themes.Luna\Warewolf.Studio.Themes.Luna.csproj]
C:\Program Files\dotnet\sdk\10.0.201\Microsoft.Common.CurrentVersion.targets(2451,5): warning MSB3277:             C:\Users\ultra\warewolf\Dev\Dev2.Services.Execution\bin\Debug\net8.0\Dev2.Services.Execution.dll [C:\Users\ultra\warewolf\Dev\Warewolf.Studio.Themes.Luna\Warewolf.Studio.Themes.Luna.csproj]
C:\Program Files\dotnet\sdk\10.0.201\Microsoft.Common.CurrentVersion.targets(2451,5): warning MSB3277:             C:\Users\ultra\warewolf\Dev\Warewolf.Auditing\bin\Debug\net8.0\Warewolf.Auditing.dll [C:\Users\ultra\warewolf\Dev\Warewolf.Studio.Themes.Luna\Warewolf.Studio.Themes.Luna.csproj]
C:\Program Files\dotnet\sdk\10.0.201\Microsoft.Common.CurrentVersion.targets(2451,5): warning MSB3277:             C:\Users\ultra\warewolf\Dev\Warewolf.Common.NetStandard20\bin\Debug\net8.0\Warewolf.Common.NetStandard20.dll [C:\Users\ultra\warewolf\Dev\Warewolf.Studio.Themes.Luna\Warewolf.Studio.Themes.Luna.csproj]
C:\Program Files\dotnet\sdk\10.0.201\Microsoft.Common.CurrentVersion.targets(2451,5): warning MSB3277:             C:\Users\ultra\warewolf\Dev\Warewolf.Core\bin\Debug\net8.0\Warewolf.Core.dll [C:\Users\ultra\warewolf\Dev\Warewolf.Studio.Themes.Luna\Warewolf.Studio.Themes.Luna.csproj]
C:\Program Files\dotnet\sdk\10.0.201\Microsoft.Common.CurrentVersion.targets(2451,5): warning MSB3277:             C:\Users\ultra\warewolf\Dev\Warewolf.Driver.Persistence\bin\Debug\net8.0\Warewolf.Driver.Persistence.dll [C:\Users\ultra\warewolf\Dev\Warewolf.Studio.Themes.Luna\Warewolf.Studio.Themes.Luna.csproj]
C:\Program Files\dotnet\sdk\10.0.201\Microsoft.Common.CurrentVersion.targets(2451,5): warning MSB3277:             C:\Users\ultra\warewolf\Dev\Warewolf.Exchange.Email.Wrapper\bin\Debug\net8.0\Warewolf.Exchange.Email.Wrapper.dll [C:\Users\ultra\warewolf\Dev\Warewolf.Studio.Themes.Luna\Warewolf.Studio.Themes.Luna.csproj]
C:\Program Files\dotnet\sdk\10.0.201\Microsoft.Common.CurrentVersion.targets(2451,5): warning MSB3277:             C:\Users\ultra\warewolf\Dev\Warewolf.ResourceManagement\bin\Debug\net8.0\Warewolf.ResourceManagement.dll [C:\Users\ultra\warewolf\Dev\Warewolf.Studio.Themes.Luna\Warewolf.Studio.Themes.Luna.csproj]
C:\Program Files\dotnet\sdk\10.0.201\Microsoft.Common.CurrentVersion.targets(2451,5): warning MSB3277:         C:\Users\ultra\warewolf\Dev\Binaries\Infragistcs_Net6\InfragisticsWPF4.DataVisualization.v15.1.dll [C:\Users\ultra\warewolf\Dev\Warewolf.Studio.Themes.Luna\Warewolf.Studio.Themes.Luna.csproj]
C:\Program Files\dotnet\sdk\10.0.201\Microsoft.Common.CurrentVersion.targets(2451,5): warning MSB3277:           Project file item includes which caused reference "C:\Users\ultra\warewolf\Dev\Binaries\Infragistcs_Net6\InfragisticsWPF4.DataVisualization.v15.1.dll". [C:\Users\ultra\warewolf\Dev\Warewolf.Studio.Themes.Luna\Warewolf.Studio.Themes.Luna.csproj]
C:\Program Files\dotnet\sdk\10.0.201\Microsoft.Common.CurrentVersion.targets(2451,5): warning MSB3277:             InfragisticsWPF4.DataVisualization.v15.1, Version=15.1.20151.2055, Culture=neutral, PublicKeyToken=7dd5c3163f2cd0cb, processorArchitecture=MSIL [C:\Users\ultra\warewolf\Dev\Warewolf.Studio.Themes.Luna\Warewolf.Studio.Themes.Luna.csproj]
C:\Program Files\dotnet\sdk\10.0.201\Microsoft.Common.CurrentVersion.targets(2451,5): warning MSB3277:             InfragisticsWPF4.Controls.Maps.XamNetworkNode.v15.1, Version=15.1.20151.2055, Culture=neutral, PublicKeyToken=7dd5c3163f2cd0cb, processorArchitecture=MSIL [C:\Users\ultra\warewolf\Dev\Warewolf.Studio.Themes.Luna\Warewolf.Studio.Themes.Luna.csproj]
C:\Program Files\dotnet\sdk\10.0.201\Microsoft.Common.CurrentVersion.targets(2451,5): warning MSB3277:         C:\Users\ultra\warewolf\Dev\Binaries\Infragistcs_Net6\InfragisticsWPF4.DockManager.v15.1.dll [C:\Users\ultra\warewolf\Dev\Warewolf.Studio.Themes.Luna\Warewolf.Studio.Themes.Luna.csproj]
C:\Program Files\dotnet\sdk\10.0.201\Microsoft.Common.CurrentVersion.targets(2451,5): warning MSB3277:           Project file item includes which caused reference "C:\Users\ultra\warewolf\Dev\Binaries\Infragistcs_Net6\InfragisticsWPF4.DockManager.v15.1.dll". [C:\Users\ultra\warewolf\Dev\Warewolf.Studio.Themes.Luna\Warewolf.Studio.Themes.Luna.csproj]
C:\Program Files\dotnet\sdk\10.0.201\Microsoft.Common.CurrentVersion.targets(2451,5): warning MSB3277:             InfragisticsWPF4.DockManager.v15.1, Version=15.1.20151.2055, Culture=neutral, PublicKeyToken=7dd5c3163f2cd0cb, processorArchitecture=MSIL [C:\Users\ultra\warewolf\Dev\Warewolf.Studio.Themes.Luna\Warewolf.Studio.Themes.Luna.csproj]
C:\Program Files\dotnet\sdk\10.0.201\Microsoft.Common.CurrentVersion.targets(2451,5): warning MSB3277:         C:\Users\ultra\warewolf\Dev\Binaries\Infragistcs_Net6\InfragisticsWPF4.v15.1.dll [C:\Users\ultra\warewolf\Dev\Warewolf.Studio.Themes.Luna\Warewolf.Studio.Themes.Luna.csproj]
C:\Program Files\dotnet\sdk\10.0.201\Microsoft.Common.CurrentVersion.targets(2451,5): warning MSB3277:           Project file item includes which caused reference "C:\Users\ultra\warewolf\Dev\Binaries\Infragistcs_Net6\InfragisticsWPF4.v15.1.dll". [C:\Users\ultra\warewolf\Dev\Warewolf.Studio.Themes.Luna\Warewolf.Studio.Themes.Luna.csproj]
C:\Program Files\dotnet\sdk\10.0.201\Microsoft.Common.CurrentVersion.targets(2451,5): warning MSB3277:             InfragisticsWPF4.v15.1, Version=15.1.20151.2055, Culture=neutral, PublicKeyToken=7dd5c3163f2cd0cb, processorArchitecture=MSIL [C:\Users\ultra\warewolf\Dev\Warewolf.Studio.Themes.Luna\Warewolf.Studio.Themes.Luna.csproj]
C:\Program Files\dotnet\sdk\10.0.201\Microsoft.Common.CurrentVersion.targets(2451,5): warning MSB3277:             CalculationManager.WPF [C:\Users\ultra\warewolf\Dev\Warewolf.Studio.Themes.Luna\Warewolf.Studio.Themes.Luna.csproj]
C:\Program Files\dotnet\sdk\10.0.201\Microsoft.Common.CurrentVersion.targets(2451,5): warning MSB3277:             InfragisticsWPF4.Controls.Editors.XamComboEditor.v15.1, Version=15.1.20151.2055, Culture=neutral, PublicKeyToken=7dd5c3163f2cd0cb, processorArchitecture=MSIL [C:\Users\ultra\warewolf\Dev\Warewolf.Studio.Themes.Luna\Warewolf.Studio.Themes.Luna.csproj]
C:\Program Files\dotnet\sdk\10.0.201\Microsoft.Common.CurrentVersion.targets(2451,5): warning MSB3277:             InfragisticsWPF4.Controls.Editors.XamRichTextEditor.v15.1, Version=15.1.20151.2055, Culture=neutral, PublicKeyToken=7dd5c3163f2cd0cb, processorArchitecture=MSIL [C:\Users\ultra\warewolf\Dev\Warewolf.Studio.Themes.Luna\Warewolf.Studio.Themes.Luna.csproj]
C:\Program Files\dotnet\sdk\10.0.201\Microsoft.Common.CurrentVersion.targets(2451,5): warning MSB3277:             InfragisticsWPF4.Controls.Editors.XamSyntaxEditor.v15.1, Version=15.1.20151.2055, Culture=neutral, PublicKeyToken=7dd5c3163f2cd0cb, processorArchitecture=MSIL [C:\Users\ultra\warewolf\Dev\Warewolf.Studio.Themes.Luna\Warewolf.Studio.Themes.Luna.csproj]
C:\Program Files\dotnet\sdk\10.0.201\Microsoft.Common.CurrentVersion.targets(2451,5): warning MSB3277:             InfragisticsWPF4.Controls.Grids.DateTimeColumn.v15.1, Version=15.1.20151.2055, Culture=neutral, PublicKeyToken=7dd5c3163f2cd0cb, processorArchitecture=MSIL [C:\Users\ultra\warewolf\Dev\Warewolf.Studio.Themes.Luna\Warewolf.Studio.Themes.Luna.csproj]
C:\Program Files\dotnet\sdk\10.0.201\Microsoft.Common.CurrentVersion.targets(2451,5): warning MSB3277:             InfragisticsWPF4.Controls.Grids.MultiColumnComboColumn.v15.1, Version=15.1.20151.2055, Culture=neutral, PublicKeyToken=7dd5c3163f2cd0cb, processorArchitecture=MSIL [C:\Users\ultra\warewolf\Dev\Warewolf.Studio.Themes.Luna\Warewolf.Studio.Themes.Luna.csproj]
C:\Program Files\dotnet\sdk\10.0.201\Microsoft.Common.CurrentVersion.targets(2451,5): warning MSB3277:             InfragisticsWPF4.Controls.Grids.XamGrid.v15.1, Version=15.1.20151.2055, Culture=neutral, PublicKeyToken=7dd5c3163f2cd0cb, processorArchitecture=MSIL [C:\Users\ultra\warewolf\Dev\Warewolf.Studio.Themes.Luna\Warewolf.Studio.Themes.Luna.csproj]
C:\Program Files\dotnet\sdk\10.0.201\Microsoft.Common.CurrentVersion.targets(2451,5): warning MSB3277:             InfragisticsWPF4.Controls.Interactions.XamDialogWindow.v15.1, Version=15.1.20151.2055, Culture=neutral, PublicKeyToken=7dd5c3163f2cd0cb, processorArchitecture=MSIL [C:\Users\ultra\warewolf\Dev\Warewolf.Studio.Themes.Luna\Warewolf.Studio.Themes.Luna.csproj]
C:\Program Files\dotnet\sdk\10.0.201\Microsoft.Common.CurrentVersion.targets(2451,5): warning MSB3277:             InfragisticsWPF4.Controls.Interactions.XamSpellChecker.v15.1, Version=15.1.20151.2055, Culture=neutral, PublicKeyToken=7dd5c3163f2cd0cb, processorArchitecture=MSIL [C:\Users\ultra\warewolf\Dev\Warewolf.Studio.Themes.Luna\Warewolf.Studio.Themes.Luna.csproj]
C:\Program Files\dotnet\sdk\10.0.201\Microsoft.Common.CurrentVersion.targets(2451,5): warning MSB3277:             InfragisticsWPF4.Controls.Maps.XamNetworkNode.v15.1, Version=15.1.20151.2055, Culture=neutral, PublicKeyToken=7dd5c3163f2cd0cb, processorArchitecture=MSIL [C:\Users\ultra\warewolf\Dev\Warewolf.Studio.Themes.Luna\Warewolf.Studio.Themes.Luna.csproj]
C:\Program Files\dotnet\sdk\10.0.201\Microsoft.Common.CurrentVersion.targets(2451,5): warning MSB3277:             InfragisticsWPF4.Controls.Menus.XamDataTree.v15.1 [C:\Users\ultra\warewolf\Dev\Warewolf.Studio.Themes.Luna\Warewolf.Studio.Themes.Luna.csproj]
C:\Program Files\dotnet\sdk\10.0.201\Microsoft.Common.CurrentVersion.targets(2451,5): warning MSB3277:             InfragisticsWPF4.Controls.Menus.XamMenu.v15.1, Version=15.1.20151.2055, Culture=neutral, PublicKeyToken=7dd5c3163f2cd0cb, processorArchitecture=MSIL [C:\Users\ultra\warewolf\Dev\Warewolf.Studio.Themes.Luna\Warewolf.Studio.Themes.Luna.csproj]
C:\Program Files\dotnet\sdk\10.0.201\Microsoft.Common.CurrentVersion.targets(2451,5): warning MSB3277:             InfragisticsWPF4.DataManager.v15.1, Version=15.1.20151.2055, Culture=neutral, PublicKeyToken=7dd5c3163f2cd0cb, processorArchitecture=MSIL [C:\Users\ultra\warewolf\Dev\Warewolf.Studio.Themes.Luna\Warewolf.Studio.Themes.Luna.csproj]
C:\Program Files\dotnet\sdk\10.0.201\Microsoft.Common.CurrentVersion.targets(2451,5): warning MSB3277:             InfragisticsWPF4.DataPresenter.v15.1, Version=15.1.20151.2055, Culture=neutral, PublicKeyToken=7dd5c3163f2cd0cb, processorArchitecture=MSIL [C:\Users\ultra\warewolf\Dev\Warewolf.Studio.Themes.Luna\Warewolf.Studio.Themes.Luna.csproj]
C:\Program Files\dotnet\sdk\10.0.201\Microsoft.Common.CurrentVersion.targets(2451,5): warning MSB3277:             InfragisticsWPF4.DataVisualization.v15.1, Version=15.1.20151.2055, Culture=neutral, PublicKeyToken=7dd5c3163f2cd0cb, processorArchitecture=MSIL [C:\Users\ultra\warewolf\Dev\Warewolf.Studio.Themes.Luna\Warewolf.Studio.Themes.Luna.csproj]
C:\Program Files\dotnet\sdk\10.0.201\Microsoft.Common.CurrentVersion.targets(2451,5): warning MSB3277:             InfragisticsWPF4.DockManager.v15.1, Version=15.1.20151.2055, Culture=neutral, PublicKeyToken=7dd5c3163f2cd0cb, processorArchitecture=MSIL [C:\Users\ultra\warewolf\Dev\Warewolf.Studio.Themes.Luna\Warewolf.Studio.Themes.Luna.csproj]
C:\Program Files\dotnet\sdk\10.0.201\Microsoft.Common.CurrentVersion.targets(2451,5): warning MSB3277:             InfragisticsWPF4.Documents.RichTextDocument.Html.v15.1, Version=15.1.20151.2055, Culture=neutral, PublicKeyToken=7dd5c3163f2cd0cb, processorArchitecture=MSIL [C:\Users\ultra\warewolf\Dev\Warewolf.Studio.Themes.Luna\Warewolf.Studio.Themes.Luna.csproj]
C:\Program Files\dotnet\sdk\10.0.201\Microsoft.Common.CurrentVersion.targets(2451,5): warning MSB3277:             InfragisticsWPF4.Documents.RichTextDocument.v15.1, Version=15.1.20151.2055, Culture=neutral, PublicKeyToken=7dd5c3163f2cd0cb, processorArchitecture=MSIL [C:\Users\ultra\warewolf\Dev\Warewolf.Studio.Themes.Luna\Warewolf.Studio.Themes.Luna.csproj]
C:\Program Files\dotnet\sdk\10.0.201\Microsoft.Common.CurrentVersion.targets(2451,5): warning MSB3277:             InfragisticsWPF4.Editors.v15.1, Version=15.1.20151.2055, Culture=neutral, PublicKeyToken=7dd5c3163f2cd0cb, processorArchitecture=MSIL [C:\Users\ultra\warewolf\Dev\Warewolf.Studio.Themes.Luna\Warewolf.Studio.Themes.Luna.csproj]
C:\Program Files\dotnet\sdk\10.0.201\Microsoft.Common.CurrentVersion.targets(2451,5): warning MSB3277:         C:\Users\ultra\.nuget\packages\dotnetzip\1.16.0\lib\netstandard2.0\DotNetZip.dll [C:\Users\ultra\warewolf\Dev\Warewolf.Studio.Themes.Luna\Warewolf.Studio.Themes.Luna.csproj]
C:\Program Files\dotnet\sdk\10.0.201\Microsoft.Common.CurrentVersion.targets(2451,5): warning MSB3277:           Project file item includes which caused reference "C:\Users\ultra\.nuget\packages\dotnetzip\1.16.0\lib\netstandard2.0\DotNetZip.dll". [C:\Users\ultra\warewolf\Dev\Warewolf.Studio.Themes.Luna\Warewolf.Studio.Themes.Luna.csproj]
C:\Program Files\dotnet\sdk\10.0.201\Microsoft.Common.CurrentVersion.targets(2451,5): warning MSB3277:             C:\Users\ultra\.nuget\packages\dotnetzip\1.16.0\lib\netstandard2.0\DotNetZip.dll [C:\Users\ultra\warewolf\Dev\Warewolf.Studio.Themes.Luna\Warewolf.Studio.Themes.Luna.csproj]
C:\Program Files\dotnet\sdk\10.0.201\Microsoft.Common.CurrentVersion.targets(2451,5): warning MSB3277:             C:\Users\ultra\warewolf\Dev\Dev2.Common\bin\Debug\net8.0\Dev2.Common.dll [C:\Users\ultra\warewolf\Dev\Warewolf.Studio.Themes.Luna\Warewolf.Studio.Themes.Luna.csproj]
C:\Program Files\dotnet\sdk\10.0.201\Microsoft.Common.CurrentVersion.targets(2451,5): warning MSB3277:             C:\Users\ultra\warewolf\Dev\Dev2.Intellisense\bin\Debug\net8.0\Dev2.Intellisense.dll [C:\Users\ultra\warewolf\Dev\Warewolf.Studio.Themes.Luna\Warewolf.Studio.Themes.Luna.csproj]
C:\Program Files\dotnet\sdk\10.0.201\Microsoft.Common.CurrentVersion.targets(2451,5): warning MSB3277:             C:\Users\ultra\warewolf\Dev\Dev2.Studio.Core\bin\Debug\net8.0\Dev2.Studio.Core.dll [C:\Users\ultra\warewolf\Dev\Warewolf.Studio.Themes.Luna\Warewolf.Studio.Themes.Luna.csproj]
C:\Program Files\dotnet\sdk\10.0.201\Microsoft.Common.CurrentVersion.targets(2451,5): warning MSB3277:             C:\Users\ultra\warewolf\Dev\Dev2.Studio.Interfaces\bin\Debug\net8.0\Dev2.Studio.Interfaces.dll [C:\Users\ultra\warewolf\Dev\Warewolf.Studio.Themes.Luna\Warewolf.Studio.Themes.Luna.csproj]
C:\Program Files\dotnet\sdk\10.0.201\Microsoft.Common.CurrentVersion.targets(2451,5): warning MSB3277:             C:\Users\ultra\warewolf\Dev\Warewolf.Studio.Core\bin\Debug\net8.0\Warewolf.Studio.Core.dll [C:\Users\ultra\warewolf\Dev\Warewolf.Studio.Themes.Luna\Warewolf.Studio.Themes.Luna.csproj]
C:\Program Files\dotnet\sdk\10.0.201\Microsoft.Common.CurrentVersion.targets(2451,5): warning MSB3277:             C:\Users\ultra\warewolf\Dev\Warewolf.Studio.CustomControls\bin\Debug\net8.0\Warewolf.Studio.CustomControls.dll [C:\Users\ultra\warewolf\Dev\Warewolf.Studio.Themes.Luna\Warewolf.Studio.Themes.Luna.csproj]
C:\Program Files\dotnet\sdk\10.0.201\Microsoft.Common.CurrentVersion.targets(2451,5): warning MSB3277:             C:\Users\ultra\warewolf\Dev\Dev2.Activities\bin\Debug\net8.0\Dev2.Activities.dll [C:\Users\ultra\warewolf\Dev\Warewolf.Studio.Themes.Luna\Warewolf.Studio.Themes.Luna.csproj]
C:\Program Files\dotnet\sdk\10.0.201\Microsoft.Common.CurrentVersion.targets(2451,5): warning MSB3277:             C:\Users\ultra\warewolf\Dev\Dev2.Core\bin\Debug\net8.0\Dev2.Core.dll [C:\Users\ultra\warewolf\Dev\Warewolf.Studio.Themes.Luna\Warewolf.Studio.Themes.Luna.csproj]
C:\Program Files\dotnet\sdk\10.0.201\Microsoft.Common.CurrentVersion.targets(2451,5): warning MSB3277:             C:\Users\ultra\warewolf\Dev\Warewolf.UI\bin\Debug\net8.0\Warewolf.UI.dll [C:\Users\ultra\warewolf\Dev\Warewolf.Studio.Themes.Luna\Warewolf.Studio.Themes.Luna.csproj]
C:\Program Files\dotnet\sdk\10.0.201\Microsoft.Common.CurrentVersion.targets(2451,5): warning MSB3277:             C:\Users\ultra\warewolf\Dev\Dev2.Data\bin\Debug\net8.0\Dev2.Data.dll [C:\Users\ultra\warewolf\Dev\Warewolf.Studio.Themes.Luna\Warewolf.Studio.Themes.Luna.csproj]
C:\Program Files\dotnet\sdk\10.0.201\Microsoft.Common.CurrentVersion.targets(2451,5): warning MSB3277:             C:\Users\ultra\warewolf\Dev\Dev2.Data.Interfaces\bin\Debug\net8.0\Dev2.Data.Interfaces.dll [C:\Users\ultra\warewolf\Dev\Warewolf.Studio.Themes.Luna\Warewolf.Studio.Themes.Luna.csproj]
C:\Program Files\dotnet\sdk\10.0.201\Microsoft.Common.CurrentVersion.targets(2451,5): warning MSB3277:             C:\Users\ultra\warewolf\Dev\Dev2.Development.Languages\bin\Debug\net8.0\Dev2.Development.Languages.dll [C:\Users\ultra\warewolf\Dev\Warewolf.Studio.Themes.Luna\Warewolf.Studio.Themes.Luna.csproj]
C:\Program Files\dotnet\sdk\10.0.201\Microsoft.Common.CurrentVersion.targets(2451,5): warning MSB3277:             C:\Users\ultra\warewolf\Dev\Dev2.Diagnostics\bin\Debug\net8.0\Dev2.Diagnostics.dll [C:\Users\ultra\warewolf\Dev\Warewolf.Studio.Themes.Luna\Warewolf.Studio.Themes.Luna.csproj]
C:\Program Files\dotnet\sdk\10.0.201\Microsoft.Common.CurrentVersion.targets(2451,5): warning MSB3277:             C:\Users\ultra\warewolf\Dev\Dev2.Infrastructure\bin\Debug\net8.0\Dev2.Infrastructure.dll [C:\Users\ultra\warewolf\Dev\Warewolf.Studio.Themes.Luna\Warewolf.Studio.Themes.Luna.csproj]
C:\Program Files\dotnet\sdk\10.0.201\Microsoft.Common.CurrentVersion.targets(2451,5): warning MSB3277:             C:\Users\ultra\warewolf\Dev\Dev2.Runtime.Services\bin\Debug\net8.0\Dev2.Runtime.Services.dll [C:\Users\ultra\warewolf\Dev\Warewolf.Studio.Themes.Luna\Warewolf.Studio.Themes.Luna.csproj]
C:\Program Files\dotnet\sdk\10.0.201\Microsoft.Common.CurrentVersion.targets(2451,5): warning MSB3277:             C:\Users\ultra\warewolf\Dev\Dev2.Scheduler\bin\Debug\net8.0\Dev2.Scheduler.dll [C:\Users\ultra\warewolf\Dev\Warewolf.Studio.Themes.Luna\Warewolf.Studio.Themes.Luna.csproj]
C:\Program Files\dotnet\sdk\10.0.201\Microsoft.Common.CurrentVersion.targets(2451,5): warning MSB3277:             C:\Users\ultra\warewolf\Dev\Dev2.Services.Execution\bin\Debug\net8.0\Dev2.Services.Execution.dll [C:\Users\ultra\warewolf\Dev\Warewolf.Studio.Themes.Luna\Warewolf.Studio.Themes.Luna.csproj]
C:\Program Files\dotnet\sdk\10.0.201\Microsoft.Common.CurrentVersion.targets(2451,5): warning MSB3277:             C:\Users\ultra\warewolf\Dev\Dev2.Services.Sql\bin\Debug\net8.0\Dev2.Services.Sql.dll [C:\Users\ultra\warewolf\Dev\Warewolf.Studio.Themes.Luna\Warewolf.Studio.Themes.Luna.csproj]
C:\Program Files\dotnet\sdk\10.0.201\Microsoft.Common.CurrentVersion.targets(2451,5): warning MSB3277:             C:\Users\ultra\warewolf\Dev\Dev2.TaskScheduler.Wrappers\bin\Debug\net8.0\Dev2.TaskScheduler.Wrappers.dll [C:\Users\ultra\warewolf\Dev\Warewolf.Studio.Themes.Luna\Warewolf.Studio.Themes.Luna.csproj]
C:\Program Files\dotnet\sdk\10.0.201\Microsoft.Common.CurrentVersion.targets(2451,5): warning MSB3277:             C:\Users\ultra\warewolf\Dev\Dev2.Util\bin\Debug\net8.0\Dev2.Util.dll [C:\Users\ultra\warewolf\Dev\Warewolf.Studio.Themes.Luna\Warewolf.Studio.Themes.Luna.csproj]
C:\Program Files\dotnet\sdk\10.0.201\Microsoft.Common.CurrentVersion.targets(2451,5): warning MSB3277:             C:\Users\ultra\warewolf\Dev\Warewolf.AI.Harness\bin\Debug\net8.0\Warewolf.AI.Harness.dll [C:\Users\ultra\warewolf\Dev\Warewolf.Studio.Themes.Luna\Warewolf.Studio.Themes.Luna.csproj]
C:\Program Files\dotnet\sdk\10.0.201\Microsoft.Common.CurrentVersion.targets(2451,5): warning MSB3277:             C:\Users\ultra\warewolf\Dev\Warewolf.Auditing\bin\Debug\net8.0\Warewolf.Auditing.dll [C:\Users\ultra\warewolf\Dev\Warewolf.Studio.Themes.Luna\Warewolf.Studio.Themes.Luna.csproj]
C:\Program Files\dotnet\sdk\10.0.201\Microsoft.Common.CurrentVersion.targets(2451,5): warning MSB3277:             C:\Users\ultra\warewolf\Dev\Warewolf.Common.NetStandard20\bin\Debug\net8.0\Warewolf.Common.NetStandard20.dll [C:\Users\ultra\warewolf\Dev\Warewolf.Studio.Themes.Luna\Warewolf.Studio.Themes.Luna.csproj]
C:\Program Files\dotnet\sdk\10.0.201\Microsoft.Common.CurrentVersion.targets(2451,5): warning MSB3277:             C:\Users\ultra\warewolf\Dev\Warewolf.Core\bin\Debug\net8.0\Warewolf.Core.dll [C:\Users\ultra\warewolf\Dev\Warewolf.Studio.Themes.Luna\Warewolf.Studio.Themes.Luna.csproj]
C:\Program Files\dotnet\sdk\10.0.201\Microsoft.Common.CurrentVersion.targets(2451,5): warning MSB3277:             C:\Users\ultra\warewolf\Dev\Warewolf.Driver.Persistence\bin\Debug\net8.0\Warewolf.Driver.Persistence.dll [C:\Users\ultra\warewolf\Dev\Warewolf.Studio.Themes.Luna\Warewolf.Studio.Themes.Luna.csproj]
C:\Program Files\dotnet\sdk\10.0.201\Microsoft.Common.CurrentVersion.targets(2451,5): warning MSB3277:             C:\Users\ultra\warewolf\Dev\Warewolf.Driver.Serilog\bin\Debug\net8.0\Warewolf.Driver.Serilog.dll [C:\Users\ultra\warewolf\Dev\Warewolf.Studio.Themes.Luna\Warewolf.Studio.Themes.Luna.csproj]
C:\Program Files\dotnet\sdk\10.0.201\Microsoft.Common.CurrentVersion.targets(2451,5): warning MSB3277:             C:\Users\ultra\warewolf\Dev\Warewolf.Exchange.Email.Wrapper\bin\Debug\net8.0\Warewolf.Exchange.Email.Wrapper.dll [C:\Users\ultra\warewolf\Dev\Warewolf.Studio.Themes.Luna\Warewolf.Studio.Themes.Luna.csproj]
C:\Program Files\dotnet\sdk\10.0.201\Microsoft.Common.CurrentVersion.targets(2451,5): warning MSB3277:             C:\Users\ultra\warewolf\Dev\Warewolf.ResourceManagement\bin\Debug\net8.0\Warewolf.ResourceManagement.dll [C:\Users\ultra\warewolf\Dev\Warewolf.Studio.Themes.Luna\Warewolf.Studio.Themes.Luna.csproj]
C:\Program Files\dotnet\sdk\10.0.201\Microsoft.Common.CurrentVersion.targets(2451,5): warning MSB3277:             C:\Users\ultra\warewolf\Dev\Warewolf.Sharepoint\bin\Debug\net8.0\Warewolf.Sharepoint.dll [C:\Users\ultra\warewolf\Dev\Warewolf.Studio.Themes.Luna\Warewolf.Studio.Themes.Luna.csproj]
C:\Program Files\dotnet\sdk\10.0.201\Microsoft.Common.CurrentVersion.targets(2451,5): warning MSB3277:             C:\Users\ultra\warewolf\Dev\Warewolf.Storage\bin\Debug\net8.0\Warewolf.Storage.dll [C:\Users\ultra\warewolf\Dev\Warewolf.Studio.Themes.Luna\Warewolf.Studio.Themes.Luna.csproj]
C:\Program Files\dotnet\sdk\10.0.201\Microsoft.Common.CurrentVersion.targets(2451,5): warning MSB3277:         C:\Users\ultra\.nuget\packages\mindbox.data.linq\5.0.0\lib\netstandard2.0\Mindbox.Data.Linq.dll [C:\Users\ultra\warewolf\Dev\Warewolf.Studio.Themes.Luna\Warewolf.Studio.Themes.Luna.csproj]
C:\Program Files\dotnet\sdk\10.0.201\Microsoft.Common.CurrentVersion.targets(2451,5): warning MSB3277:           Project file item includes which caused reference "C:\Users\ultra\.nuget\packages\mindbox.data.linq\5.0.0\lib\netstandard2.0\Mindbox.Data.Linq.dll". [C:\Users\ultra\warewolf\Dev\Warewolf.Studio.Themes.Luna\Warewolf.Studio.Themes.Luna.csproj]
C:\Program Files\dotnet\sdk\10.0.201\Microsoft.Common.CurrentVersion.targets(2451,5): warning MSB3277:             C:\Users\ultra\.nuget\packages\mindbox.data.linq\5.0.0\lib\netstandard2.0\Mindbox.Data.Linq.dll [C:\Users\ultra\warewolf\Dev\Warewolf.Studio.Themes.Luna\Warewolf.Studio.Themes.Luna.csproj]
C:\Program Files\dotnet\sdk\10.0.201\Microsoft.Common.CurrentVersion.targets(2451,5): warning MSB3277:             C:\Users\ultra\warewolf\Dev\Warewolf.Auditing\bin\Debug\net8.0\Warewolf.Auditing.dll [C:\Users\ultra\warewolf\Dev\Warewolf.Studio.Themes.Luna\Warewolf.Studio.Themes.Luna.csproj]
C:\Program Files\dotnet\sdk\10.0.201\Microsoft.Common.CurrentVersion.targets(2451,5): warning MSB3277:             C:\Users\ultra\warewolf\Dev\Dev2.Activities\bin\Debug\net8.0\Dev2.Activities.dll [C:\Users\ultra\warewolf\Dev\Warewolf.Studio.Themes.Luna\Warewolf.Studio.Themes.Luna.csproj]
C:\Program Files\dotnet\sdk\10.0.201\Microsoft.Common.CurrentVersion.targets(2451,5): warning MSB3277:             C:\Users\ultra\warewolf\Dev\Dev2.Studio.Core\bin\Debug\net8.0\Dev2.Studio.Core.dll [C:\Users\ultra\warewolf\Dev\Warewolf.Studio.Themes.Luna\Warewolf.Studio.Themes.Luna.csproj]
C:\Program Files\dotnet\sdk\10.0.201\Microsoft.Common.CurrentVersion.targets(2451,5): warning MSB3277:             C:\Users\ultra\warewolf\Dev\Dev2.Intellisense\bin\Debug\net8.0\Dev2.Intellisense.dll [C:\Users\ultra\warewolf\Dev\Warewolf.Studio.Themes.Luna\Warewolf.Studio.Themes.Luna.csproj]
C:\Program Files\dotnet\sdk\10.0.201\Microsoft.Common.CurrentVersion.targets(2451,5): warning MSB3277:             C:\Users\ultra\warewolf\Dev\Dev2.Runtime.Services\bin\Debug\net8.0\Dev2.Runtime.Services.dll [C:\Users\ultra\warewolf\Dev\Warewolf.Studio.Themes.Luna\Warewolf.Studio.Themes.Luna.csproj]
C:\Program Files\dotnet\sdk\10.0.201\Microsoft.Common.CurrentVersion.targets(2451,5): warning MSB3277:             C:\Users\ultra\warewolf\Dev\Dev2.Studio.Interfaces\bin\Debug\net8.0\Dev2.Studio.Interfaces.dll [C:\Users\ultra\warewolf\Dev\Warewolf.Studio.Themes.Luna\Warewolf.Studio.Themes.Luna.csproj]
C:\Program Files\dotnet\sdk\10.0.201\Microsoft.Common.CurrentVersion.targets(2451,5): warning MSB3277:             C:\Users\ultra\warewolf\Dev\Warewolf.Studio.Core\bin\Debug\net8.0\Warewolf.Studio.Core.dll [C:\Users\ultra\warewolf\Dev\Warewolf.Studio.Themes.Luna\Warewolf.Studio.Themes.Luna.csproj]
C:\Program Files\dotnet\sdk\10.0.201\Microsoft.Common.CurrentVersion.targets(2451,5): warning MSB3277:             C:\Users\ultra\warewolf\Dev\Warewolf.Studio.CustomControls\bin\Debug\net8.0\Warewolf.Studio.CustomControls.dll [C:\Users\ultra\warewolf\Dev\Warewolf.Studio.Themes.Luna\Warewolf.Studio.Themes.Luna.csproj]
C:\Program Files\dotnet\sdk\10.0.201\Microsoft.Common.CurrentVersion.targets(2451,5): warning MSB3277:             C:\Users\ultra\warewolf\Dev\Dev2.Services.Execution\bin\Debug\net8.0\Dev2.Services.Execution.dll [C:\Users\ultra\warewolf\Dev\Warewolf.Studio.Themes.Luna\Warewolf.Studio.Themes.Luna.csproj]
C:\Program Files\dotnet\sdk\10.0.201\Microsoft.Common.CurrentVersion.targets(2451,5): warning MSB3277:             C:\Users\ultra\warewolf\Dev\Warewolf.Common.NetStandard20\bin\Debug\net8.0\Warewolf.Common.NetStandard20.dll [C:\Users\ultra\warewolf\Dev\Warewolf.Studio.Themes.Luna\Warewolf.Studio.Themes.Luna.csproj]
C:\Program Files\dotnet\sdk\10.0.201\Microsoft.Common.CurrentVersion.targets(2451,5): warning MSB3277:             C:\Users\ultra\warewolf\Dev\Warewolf.Driver.Persistence\bin\Debug\net8.0\Warewolf.Driver.Persistence.dll [C:\Users\ultra\warewolf\Dev\Warewolf.Studio.Themes.Luna\Warewolf.Studio.Themes.Luna.csproj]
C:\Program Files\dotnet\sdk\10.0.201\Microsoft.Common.CurrentVersion.targets(2451,5): warning MSB3277:         C:\Users\ultra\.nuget\packages\mysql.data\8.4.0\lib\net8.0\MySql.Data.dll [C:\Users\ultra\warewolf\Dev\Warewolf.Studio.Themes.Luna\Warewolf.Studio.Themes.Luna.csproj]
C:\Program Files\dotnet\sdk\10.0.201\Microsoft.Common.CurrentVersion.targets(2451,5): warning MSB3277:           Project file item includes which caused reference "C:\Users\ultra\.nuget\packages\mysql.data\8.4.0\lib\net8.0\MySql.Data.dll". [C:\Users\ultra\warewolf\Dev\Warewolf.Studio.Themes.Luna\Warewolf.Studio.Themes.Luna.csproj]
C:\Program Files\dotnet\sdk\10.0.201\Microsoft.Common.CurrentVersion.targets(2451,5): warning MSB3277:             C:\Users\ultra\.nuget\packages\mysql.data\8.4.0\lib\net8.0\MySql.Data.dll [C:\Users\ultra\warewolf\Dev\Warewolf.Studio.Themes.Luna\Warewolf.Studio.Themes.Luna.csproj]
C:\Program Files\dotnet\sdk\10.0.201\Microsoft.Common.CurrentVersion.targets(2451,5): warning MSB3277:             C:\Users\ultra\warewolf\Dev\Dev2.Activities\bin\Debug\net8.0\Dev2.Activities.dll [C:\Users\ultra\warewolf\Dev\Warewolf.Studio.Themes.Luna\Warewolf.Studio.Themes.Luna.csproj]
C:\Program Files\dotnet\sdk\10.0.201\Microsoft.Common.CurrentVersion.targets(2451,5): warning MSB3277:             C:\Users\ultra\warewolf\Dev\Dev2.Studio.Core\bin\Debug\net8.0\Dev2.Studio.Core.dll [C:\Users\ultra\warewolf\Dev\Warewolf.Studio.Themes.Luna\Warewolf.Studio.Themes.Luna.csproj]
C:\Program Files\dotnet\sdk\10.0.201\Microsoft.Common.CurrentVersion.targets(2451,5): warning MSB3277:             C:\Users\ultra\warewolf\Dev\Dev2.Intellisense\bin\Debug\net8.0\Dev2.Intellisense.dll [C:\Users\ultra\warewolf\Dev\Warewolf.Studio.Themes.Luna\Warewolf.Studio.Themes.Luna.csproj]
C:\Program Files\dotnet\sdk\10.0.201\Microsoft.Common.CurrentVersion.targets(2451,5): warning MSB3277:             C:\Users\ultra\warewolf\Dev\Dev2.Runtime.Services\bin\Debug\net8.0\Dev2.Runtime.Services.dll [C:\Users\ultra\warewolf\Dev\Warewolf.Studio.Themes.Luna\Warewolf.Studio.Themes.Luna.csproj]
C:\Program Files\dotnet\sdk\10.0.201\Microsoft.Common.CurrentVersion.targets(2451,5): warning MSB3277:             C:\Users\ultra\warewolf\Dev\Dev2.Studio.Interfaces\bin\Debug\net8.0\Dev2.Studio.Interfaces.dll [C:\Users\ultra\warewolf\Dev\Warewolf.Studio.Themes.Luna\Warewolf.Studio.Themes.Luna.csproj]
C:\Program Files\dotnet\sdk\10.0.201\Microsoft.Common.CurrentVersion.targets(2451,5): warning MSB3277:             C:\Users\ultra\warewolf\Dev\Warewolf.Studio.Core\bin\Debug\net8.0\Warewolf.Studio.Core.dll [C:\Users\ultra\warewolf\Dev\Warewolf.Studio.Themes.Luna\Warewolf.Studio.Themes.Luna.csproj]
C:\Program Files\dotnet\sdk\10.0.201\Microsoft.Common.CurrentVersion.targets(2451,5): warning MSB3277:             C:\Users\ultra\warewolf\Dev\Warewolf.Studio.CustomControls\bin\Debug\net8.0\Warewolf.Studio.CustomControls.dll [C:\Users\ultra\warewolf\Dev\Warewolf.Studio.Themes.Luna\Warewolf.Studio.Themes.Luna.csproj]
C:\Program Files\dotnet\sdk\10.0.201\Microsoft.Common.CurrentVersion.targets(2451,5): warning MSB3277:             C:\Users\ultra\warewolf\Dev\Dev2.Services.Execution\bin\Debug\net8.0\Dev2.Services.Execution.dll [C:\Users\ultra\warewolf\Dev\Warewolf.Studio.Themes.Luna\Warewolf.Studio.Themes.Luna.csproj]
C:\Program Files\dotnet\sdk\10.0.201\Microsoft.Common.CurrentVersion.targets(2451,5): warning MSB3277:             C:\Users\ultra\warewolf\Dev\Dev2.Services.Sql\bin\Debug\net8.0\Dev2.Services.Sql.dll [C:\Users\ultra\warewolf\Dev\Warewolf.Studio.Themes.Luna\Warewolf.Studio.Themes.Luna.csproj]
C:\Program Files\dotnet\sdk\10.0.201\Microsoft.Common.CurrentVersion.targets(2451,5): warning MSB3277:             C:\Users\ultra\warewolf\Dev\Warewolf.Driver.Persistence\bin\Debug\net8.0\Warewolf.Driver.Persistence.dll [C:\Users\ultra\warewolf\Dev\Warewolf.Studio.Themes.Luna\Warewolf.Studio.Themes.Luna.csproj]
C:\Program Files\dotnet\sdk\10.0.201\Microsoft.Common.CurrentVersion.targets(2451,5): warning MSB3277:         C:\Users\ultra\.nuget\packages\oracle.manageddataaccess.core\3.21.70\lib\netstandard2.1\Oracle.ManagedDataAccess.dll [C:\Users\ultra\warewolf\Dev\Warewolf.Studio.Themes.Luna\Warewolf.Studio.Themes.Luna.csproj]
C:\Program Files\dotnet\sdk\10.0.201\Microsoft.Common.CurrentVersion.targets(2451,5): warning MSB3277:           Project file item includes which caused reference "C:\Users\ultra\.nuget\packages\oracle.manageddataaccess.core\3.21.70\lib\netstandard2.1\Oracle.ManagedDataAccess.dll". [C:\Users\ultra\warewolf\Dev\Warewolf.Studio.Themes.Luna\Warewolf.Studio.Themes.Luna.csproj]
C:\Program Files\dotnet\sdk\10.0.201\Microsoft.Common.CurrentVersion.targets(2451,5): warning MSB3277:             C:\Users\ultra\.nuget\packages\oracle.manageddataaccess.core\3.21.70\lib\netstandard2.1\Oracle.ManagedDataAccess.dll [C:\Users\ultra\warewolf\Dev\Warewolf.Studio.Themes.Luna\Warewolf.Studio.Themes.Luna.csproj]
C:\Program Files\dotnet\sdk\10.0.201\Microsoft.Common.CurrentVersion.targets(2451,5): warning MSB3277:             C:\Users\ultra\warewolf\Dev\Dev2.Runtime.Services\bin\Debug\net8.0\Dev2.Runtime.Services.dll [C:\Users\ultra\warewolf\Dev\Warewolf.Studio.Themes.Luna\Warewolf.Studio.Themes.Luna.csproj]
C:\Program Files\dotnet\sdk\10.0.201\Microsoft.Common.CurrentVersion.targets(2451,5): warning MSB3277:             C:\Users\ultra\warewolf\Dev\Dev2.Studio.Core\bin\Debug\net8.0\Dev2.Studio.Core.dll [C:\Users\ultra\warewolf\Dev\Warewolf.Studio.Themes.Luna\Warewolf.Studio.Themes.Luna.csproj]
C:\Program Files\dotnet\sdk\10.0.201\Microsoft.Common.CurrentVersion.targets(2451,5): warning MSB3277:             C:\Users\ultra\warewolf\Dev\Dev2.Intellisense\bin\Debug\net8.0\Dev2.Intellisense.dll [C:\Users\ultra\warewolf\Dev\Warewolf.Studio.Themes.Luna\Warewolf.Studio.Themes.Luna.csproj]
C:\Program Files\dotnet\sdk\10.0.201\Microsoft.Common.CurrentVersion.targets(2451,5): warning MSB3277:             C:\Users\ultra\warewolf\Dev\Dev2.Studio.Interfaces\bin\Debug\net8.0\Dev2.Studio.Interfaces.dll [C:\Users\ultra\warewolf\Dev\Warewolf.Studio.Themes.Luna\Warewolf.Studio.Themes.Luna.csproj]
C:\Program Files\dotnet\sdk\10.0.201\Microsoft.Common.CurrentVersion.targets(2451,5): warning MSB3277:             C:\Users\ultra\warewolf\Dev\Warewolf.Studio.Core\bin\Debug\net8.0\Warewolf.Studio.Core.dll [C:\Users\ultra\warewolf\Dev\Warewolf.Studio.Themes.Luna\Warewolf.Studio.Themes.Luna.csproj]
C:\Program Files\dotnet\sdk\10.0.201\Microsoft.Common.CurrentVersion.targets(2451,5): warning MSB3277:             C:\Users\ultra\warewolf\Dev\Warewolf.Studio.CustomControls\bin\Debug\net8.0\Warewolf.Studio.CustomControls.dll [C:\Users\ultra\warewolf\Dev\Warewolf.Studio.Themes.Luna\Warewolf.Studio.Themes.Luna.csproj]
C:\Program Files\dotnet\sdk\10.0.201\Microsoft.Common.CurrentVersion.targets(2451,5): warning MSB3277:             C:\Users\ultra\warewolf\Dev\Dev2.Activities\bin\Debug\net8.0\Dev2.Activities.dll [C:\Users\ultra\warewolf\Dev\Warewolf.Studio.Themes.Luna\Warewolf.Studio.Themes.Luna.csproj]
C:\Program Files\dotnet\sdk\10.0.201\Microsoft.Common.CurrentVersion.targets(2451,5): warning MSB3277:             C:\Users\ultra\warewolf\Dev\Dev2.Services.Execution\bin\Debug\net8.0\Dev2.Services.Execution.dll [C:\Users\ultra\warewolf\Dev\Warewolf.Studio.Themes.Luna\Warewolf.Studio.Themes.Luna.csproj]
C:\Program Files\dotnet\sdk\10.0.201\Microsoft.Common.CurrentVersion.targets(2451,5): warning MSB3277:             C:\Users\ultra\warewolf\Dev\Dev2.Services.Sql\bin\Debug\net8.0\Dev2.Services.Sql.dll [C:\Users\ultra\warewolf\Dev\Warewolf.Studio.Themes.Luna\Warewolf.Studio.Themes.Luna.csproj]
C:\Program Files\dotnet\sdk\10.0.201\Microsoft.Common.CurrentVersion.targets(2451,5): warning MSB3277:             C:\Users\ultra\warewolf\Dev\Warewolf.Driver.Persistence\bin\Debug\net8.0\Warewolf.Driver.Persistence.dll [C:\Users\ultra\warewolf\Dev\Warewolf.Studio.Themes.Luna\Warewolf.Studio.Themes.Luna.csproj]
C:\Program Files\dotnet\sdk\10.0.201\Microsoft.Common.CurrentVersion.targets(2451,5): warning MSB3277:         C:\Users\ultra\.nuget\packages\system.directoryservices\6.0.0\lib\net6.0\System.DirectoryServices.dll [C:\Users\ultra\warewolf\Dev\Warewolf.Studio.Themes.Luna\Warewolf.Studio.Themes.Luna.csproj]
C:\Program Files\dotnet\sdk\10.0.201\Microsoft.Common.CurrentVersion.targets(2451,5): warning MSB3277:           Project file item includes which caused reference "C:\Users\ultra\.nuget\packages\system.directoryservices\6.0.0\lib\net6.0\System.DirectoryServices.dll". [C:\Users\ultra\warewolf\Dev\Warewolf.Studio.Themes.Luna\Warewolf.Studio.Themes.Luna.csproj]
C:\Program Files\dotnet\sdk\10.0.201\Microsoft.Common.CurrentVersion.targets(2451,5): warning MSB3277:             C:\Users\ultra\.nuget\packages\system.directoryservices\6.0.0\lib\net6.0\System.DirectoryServices.dll [C:\Users\ultra\warewolf\Dev\Warewolf.Studio.Themes.Luna\Warewolf.Studio.Themes.Luna.csproj]
C:\Program Files\dotnet\sdk\10.0.201\Microsoft.Common.CurrentVersion.targets(2451,5): warning MSB3277:             C:\Users\ultra\.nuget\packages\corewcf.primitives\1.2.1\lib\netstandard2.0\CoreWCF.Primitives.dll [C:\Users\ultra\warewolf\Dev\Warewolf.Studio.Themes.Luna\Warewolf.Studio.Themes.Luna.csproj]
C:\Program Files\dotnet\sdk\10.0.201\Microsoft.Common.CurrentVersion.targets(2451,5): warning MSB3277:             C:\Users\ultra\warewolf\Dev\Dev2.Runtime.Services\bin\Debug\net8.0\Dev2.Runtime.Services.dll [C:\Users\ultra\warewolf\Dev\Warewolf.Studio.Themes.Luna\Warewolf.Studio.Themes.Luna.csproj]
C:\Program Files\dotnet\sdk\10.0.201\Microsoft.Common.CurrentVersion.targets(2451,5): warning MSB3277:             C:\Users\ultra\warewolf\Dev\Dev2.Studio.Core\bin\Debug\net8.0\Dev2.Studio.Core.dll [C:\Users\ultra\warewolf\Dev\Warewolf.Studio.Themes.Luna\Warewolf.Studio.Themes.Luna.csproj]
C:\Program Files\dotnet\sdk\10.0.201\Microsoft.Common.CurrentVersion.targets(2451,5): warning MSB3277:             C:\Users\ultra\warewolf\Dev\Dev2.Intellisense\bin\Debug\net8.0\Dev2.Intellisense.dll [C:\Users\ultra\warewolf\Dev\Warewolf.Studio.Themes.Luna\Warewolf.Studio.Themes.Luna.csproj]
C:\Program Files\dotnet\sdk\10.0.201\Microsoft.Common.CurrentVersion.targets(2451,5): warning MSB3277:             C:\Users\ultra\warewolf\Dev\Dev2.Studio.Interfaces\bin\Debug\net8.0\Dev2.Studio.Interfaces.dll [C:\Users\ultra\warewolf\Dev\Warewolf.Studio.Themes.Luna\Warewolf.Studio.Themes.Luna.csproj]
C:\Program Files\dotnet\sdk\10.0.201\Microsoft.Common.CurrentVersion.targets(2451,5): warning MSB3277:             C:\Users\ultra\warewolf\Dev\Warewolf.Studio.Core\bin\Debug\net8.0\Warewolf.Studio.Core.dll [C:\Users\ultra\warewolf\Dev\Warewolf.Studio.Themes.Luna\Warewolf.Studio.Themes.Luna.csproj]
C:\Program Files\dotnet\sdk\10.0.201\Microsoft.Common.CurrentVersion.targets(2451,5): warning MSB3277:             C:\Users\ultra\warewolf\Dev\Warewolf.Studio.CustomControls\bin\Debug\net8.0\Warewolf.Studio.CustomControls.dll [C:\Users\ultra\warewolf\Dev\Warewolf.Studio.Themes.Luna\Warewolf.Studio.Themes.Luna.csproj]
C:\Program Files\dotnet\sdk\10.0.201\Microsoft.Common.CurrentVersion.targets(2451,5): warning MSB3277:             C:\Users\ultra\warewolf\Dev\Dev2.Activities\bin\Debug\net8.0\Dev2.Activities.dll [C:\Users\ultra\warewolf\Dev\Warewolf.Studio.Themes.Luna\Warewolf.Studio.Themes.Luna.csproj]
C:\Program Files\dotnet\sdk\10.0.201\Microsoft.Common.CurrentVersion.targets(2451,5): warning MSB3277:             C:\Users\ultra\warewolf\Dev\Dev2.Services.Execution\bin\Debug\net8.0\Dev2.Services.Execution.dll [C:\Users\ultra\warewolf\Dev\Warewolf.Studio.Themes.Luna\Warewolf.Studio.Themes.Luna.csproj]
C:\Program Files\dotnet\sdk\10.0.201\Microsoft.Common.CurrentVersion.targets(2451,5): warning MSB3277:             C:\Users\ultra\warewolf\Dev\Warewolf.Driver.Persistence\bin\Debug\net8.0\Warewolf.Driver.Persistence.dll [C:\Users\ultra\warewolf\Dev\Warewolf.Studio.Themes.Luna\Warewolf.Studio.Themes.Luna.csproj]
C:\Program Files\dotnet\sdk\10.0.201\Microsoft.Common.CurrentVersion.targets(2451,5): warning MSB3277:             C:\Users\ultra\.nuget\packages\corewcf.http\1.2.1\lib\netstandard2.0\CoreWCF.Http.dll [C:\Users\ultra\warewolf\Dev\Warewolf.Studio.Themes.Luna\Warewolf.Studio.Themes.Luna.csproj]
C:\Program Files\dotnet\sdk\10.0.201\Microsoft.Common.CurrentVersion.targets(2451,5): warning MSB3277:             C:\Users\ultra\.nuget\packages\corewcf.nettcp\1.2.1\lib\netstandard2.0\CoreWCF.NetTcp.dll [C:\Users\ultra\warewolf\Dev\Warewolf.Studio.Themes.Luna\Warewolf.Studio.Themes.Luna.csproj]
C:\Program Files\dotnet\sdk\10.0.201\Microsoft.Common.CurrentVersion.targets(2451,5): warning MSB3277:             C:\Users\ultra\.nuget\packages\corewcf.webhttp\1.2.1\lib\netstandard2.0\CoreWCF.WebHttp.dll [C:\Users\ultra\warewolf\Dev\Warewolf.Studio.Themes.Luna\Warewolf.Studio.Themes.Luna.csproj]
C:\Program Files\dotnet\sdk\10.0.201\Microsoft.Common.CurrentVersion.targets(2451,5): warning MSB3277:         C:\Program Files\dotnet\packs\Microsoft.NETCore.App.Ref\8.0.25\ref\net8.0\System.Configuration.dll [C:\Users\ultra\warewolf\Dev\Warewolf.Studio.Themes.Luna\Warewolf.Studio.Themes.Luna.csproj]
C:\Program Files\dotnet\sdk\10.0.201\Microsoft.Common.CurrentVersion.targets(2451,5): warning MSB3277:           Project file item includes which caused reference "C:\Program Files\dotnet\packs\Microsoft.NETCore.App.Ref\8.0.25\ref\net8.0\System.Configuration.dll". [C:\Users\ultra\warewolf\Dev\Warewolf.Studio.Themes.Luna\Warewolf.Studio.Themes.Luna.csproj]
C:\Program Files\dotnet\sdk\10.0.201\Microsoft.Common.CurrentVersion.targets(2451,5): warning MSB3277:             C:\Program Files\dotnet\packs\Microsoft.NETCore.App.Ref\8.0.25\ref/net8.0/System.Configuration.dll [C:\Users\ultra\warewolf\Dev\Warewolf.Studio.Themes.Luna\Warewolf.Studio.Themes.Luna.csproj]
C:\Program Files\dotnet\sdk\10.0.201\Microsoft.Common.CurrentVersion.targets(2451,5): warning MSB3277:             C:\Users\ultra\.nuget\packages\prism.wpf\9.0.537\lib\net462\Prism.Wpf.dll [C:\Users\ultra\warewolf\Dev\Warewolf.Studio.Themes.Luna\Warewolf.Studio.Themes.Luna.csproj]
C:\Program Files\dotnet\sdk\10.0.201\Microsoft.Common.CurrentVersion.targets(2451,5): warning MSB3277:         C:\Program Files\dotnet\packs\Microsoft.NETCore.App.Ref\8.0.25\ref\net8.0\System.Data.dll [C:\Users\ultra\warewolf\Dev\Warewolf.Studio.Themes.Luna\Warewolf.Studio.Themes.Luna.csproj]
C:\Program Files\dotnet\sdk\10.0.201\Microsoft.Common.CurrentVersion.targets(2451,5): warning MSB3277:           Project file item includes which caused reference "C:\Program Files\dotnet\packs\Microsoft.NETCore.App.Ref\8.0.25\ref\net8.0\System.Data.dll". [C:\Users\ultra\warewolf\Dev\Warewolf.Studio.Themes.Luna\Warewolf.Studio.Themes.Luna.csproj]
C:\Program Files\dotnet\sdk\10.0.201\Microsoft.Common.CurrentVersion.targets(2451,5): warning MSB3277:             C:\Program Files\dotnet\packs\Microsoft.NETCore.App.Ref\8.0.25\ref/net8.0/System.Data.dll [C:\Users\ultra\warewolf\Dev\Warewolf.Studio.Themes.Luna\Warewolf.Studio.Themes.Luna.csproj]
C:\Program Files\dotnet\sdk\10.0.201\Microsoft.Common.CurrentVersion.targets(2451,5): warning MSB3277:             C:\Users\ultra\.nuget\packages\taskschedulereditor\2.10.1\lib\net452\Microsoft.Win32.TaskSchedulerEditor.dll [C:\Users\ultra\warewolf\Dev\Warewolf.Studio.Themes.Luna\Warewolf.Studio.Themes.Luna.csproj]
C:\Program Files\dotnet\sdk\10.0.201\Microsoft.Common.CurrentVersion.targets(2451,5): warning MSB3277:         C:\Program Files\dotnet\packs\Microsoft.NETCore.App.Ref\8.0.25\ref\net8.0\System.Drawing.dll [C:\Users\ultra\warewolf\Dev\Warewolf.Studio.Themes.Luna\Warewolf.Studio.Themes.Luna.csproj]
C:\Program Files\dotnet\sdk\10.0.201\Microsoft.Common.CurrentVersion.targets(2451,5): warning MSB3277:           Project file item includes which caused reference "C:\Program Files\dotnet\packs\Microsoft.NETCore.App.Ref\8.0.25\ref\net8.0\System.Drawing.dll". [C:\Users\ultra\warewolf\Dev\Warewolf.Studio.Themes.Luna\Warewolf.Studio.Themes.Luna.csproj]
C:\Program Files\dotnet\sdk\10.0.201\Microsoft.Common.CurrentVersion.targets(2451,5): warning MSB3277:             C:\Program Files\dotnet\packs\Microsoft.NETCore.App.Ref\8.0.25\ref/net8.0/System.Drawing.dll [C:\Users\ultra\warewolf\Dev\Warewolf.Studio.Themes.Luna\Warewolf.Studio.Themes.Luna.csproj]
C:\Program Files\dotnet\sdk\10.0.201\Microsoft.Common.CurrentVersion.targets(2451,5): warning MSB3277:             C:\Users\ultra\.nuget\packages\aerowizard\2.3.1\lib\net45\AeroWizard.dll [C:\Users\ultra\warewolf\Dev\Warewolf.Studio.Themes.Luna\Warewolf.Studio.Themes.Luna.csproj]
C:\Program Files\dotnet\sdk\10.0.201\Microsoft.Common.CurrentVersion.targets(2451,5): warning MSB3277:             C:\Users\ultra\.nuget\packages\groupcontrols\1.9.0\lib\net45\GroupControls.dll [C:\Users\ultra\warewolf\Dev\Warewolf.Studio.Themes.Luna\Warewolf.Studio.Themes.Luna.csproj]
C:\Program Files\dotnet\sdk\10.0.201\Microsoft.Common.CurrentVersion.targets(2451,5): warning MSB3277:             C:\Users\ultra\.nuget\packages\taskschedulereditor\2.10.1\lib\net452\Microsoft.Win32.TaskSchedulerEditor.dll [C:\Users\ultra\warewolf\Dev\Warewolf.Studio.Themes.Luna\Warewolf.Studio.Themes.Luna.csproj]
C:\Program Files\dotnet\sdk\10.0.201\Microsoft.Common.CurrentVersion.targets(2451,5): warning MSB3277:         C:\Program Files\dotnet\packs\Microsoft.NETCore.App.Ref\8.0.25\ref\net8.0\System.Net.dll [C:\Users\ultra\warewolf\Dev\Warewolf.Studio.Themes.Luna\Warewolf.Studio.Themes.Luna.csproj]
C:\Program Files\dotnet\sdk\10.0.201\Microsoft.Common.CurrentVersion.targets(2451,5): warning MSB3277:           Project file item includes which caused reference "C:\Program Files\dotnet\packs\Microsoft.NETCore.App.Ref\8.0.25\ref\net8.0\System.Net.dll". [C:\Users\ultra\warewolf\Dev\Warewolf.Studio.Themes.Luna\Warewolf.Studio.Themes.Luna.csproj]
C:\Program Files\dotnet\sdk\10.0.201\Microsoft.Common.CurrentVersion.targets(2451,5): warning MSB3277:             C:\Program Files\dotnet\packs\Microsoft.NETCore.App.Ref\8.0.25\ref/net8.0/System.Net.dll [C:\Users\ultra\warewolf\Dev\Warewolf.Studio.Themes.Luna\Warewolf.Studio.Themes.Luna.csproj]
C:\Program Files\dotnet\sdk\10.0.201\Microsoft.Common.CurrentVersion.targets(2451,5): warning MSB3277:         C:\Program Files\dotnet\packs\Microsoft.NETCore.App.Ref\8.0.25\ref\net8.0\System.Security.dll [C:\Users\ultra\warewolf\Dev\Warewolf.Studio.Themes.Luna\Warewolf.Studio.Themes.Luna.csproj]
C:\Program Files\dotnet\sdk\10.0.201\Microsoft.Common.CurrentVersion.targets(2451,5): warning MSB3277:           Project file item includes which caused reference "C:\Program Files\dotnet\packs\Microsoft.NETCore.App.Ref\8.0.25\ref\net8.0\System.Security.dll". [C:\Users\ultra\warewolf\Dev\Warewolf.Studio.Themes.Luna\Warewolf.Studio.Themes.Luna.csproj]
C:\Program Files\dotnet\sdk\10.0.201\Microsoft.Common.CurrentVersion.targets(2451,5): warning MSB3277:             C:\Program Files\dotnet\packs\Microsoft.NETCore.App.Ref\8.0.25\ref/net8.0/System.Security.dll [C:\Users\ultra\warewolf\Dev\Warewolf.Studio.Themes.Luna\Warewolf.Studio.Themes.Luna.csproj]
C:\Program Files\dotnet\sdk\10.0.201\Microsoft.Common.CurrentVersion.targets(2451,5): warning MSB3277:         C:\Program Files\dotnet\packs\Microsoft.NETCore.App.Ref\8.0.25\ref\net8.0\System.ServiceProcess.dll [C:\Users\ultra\warewolf\Dev\Warewolf.Studio.Themes.Luna\Warewolf.Studio.Themes.Luna.csproj]
C:\Program Files\dotnet\sdk\10.0.201\Microsoft.Common.CurrentVersion.targets(2451,5): warning MSB3277:           Project file item includes which caused reference "C:\Program Files\dotnet\packs\Microsoft.NETCore.App.Ref\8.0.25\ref\net8.0\System.ServiceProcess.dll". [C:\Users\ultra\warewolf\Dev\Warewolf.Studio.Themes.Luna\Warewolf.Studio.Themes.Luna.csproj]
C:\Program Files\dotnet\sdk\10.0.201\Microsoft.Common.CurrentVersion.targets(2451,5): warning MSB3277:             C:\Program Files\dotnet\packs\Microsoft.NETCore.App.Ref\8.0.25\ref/net8.0/System.ServiceProcess.dll [C:\Users\ultra\warewolf\Dev\Warewolf.Studio.Themes.Luna\Warewolf.Studio.Themes.Luna.csproj]
C:\Program Files\dotnet\sdk\10.0.201\Microsoft.Common.CurrentVersion.targets(2451,5): warning MSB3277:         C:\Program Files\dotnet\packs\Microsoft.NETCore.App.Ref\8.0.25\ref\net8.0\System.Transactions.dll [C:\Users\ultra\warewolf\Dev\Warewolf.Studio.Themes.Luna\Warewolf.Studio.Themes.Luna.csproj]
C:\Program Files\dotnet\sdk\10.0.201\Microsoft.Common.CurrentVersion.targets(2451,5): warning MSB3277:           Project file item includes which caused reference "C:\Program Files\dotnet\packs\Microsoft.NETCore.App.Ref\8.0.25\ref\net8.0\System.Transactions.dll". [C:\Users\ultra\warewolf\Dev\Warewolf.Studio.Themes.Luna\Warewolf.Studio.Themes.Luna.csproj]
C:\Program Files\dotnet\sdk\10.0.201\Microsoft.Common.CurrentVersion.targets(2451,5): warning MSB3277:             C:\Program Files\dotnet\packs\Microsoft.NETCore.App.Ref\8.0.25\ref/net8.0/System.Transactions.dll [C:\Users\ultra\warewolf\Dev\Warewolf.Studio.Themes.Luna\Warewolf.Studio.Themes.Luna.csproj]
C:\Program Files\dotnet\sdk\10.0.201\Microsoft.Common.CurrentVersion.targets(2451,5): warning MSB3277:         C:\Program Files\dotnet\packs\Microsoft.NETCore.App.Ref\8.0.25\ref\net8.0\System.dll [C:\Users\ultra\warewolf\Dev\Warewolf.Studio.Themes.Luna\Warewolf.Studio.Themes.Luna.csproj]
C:\Program Files\dotnet\sdk\10.0.201\Microsoft.Common.CurrentVersion.targets(2451,5): warning MSB3277:           Project file item includes which caused reference "C:\Program Files\dotnet\packs\Microsoft.NETCore.App.Ref\8.0.25\ref\net8.0\System.dll". [C:\Users\ultra\warewolf\Dev\Warewolf.Studio.Themes.Luna\Warewolf.Studio.Themes.Luna.csproj]
C:\Program Files\dotnet\sdk\10.0.201\Microsoft.Common.CurrentVersion.targets(2451,5): warning MSB3277:             C:\Program Files\dotnet\packs\Microsoft.NETCore.App.Ref\8.0.25\ref/net8.0/System.dll [C:\Users\ultra\warewolf\Dev\Warewolf.Studio.Themes.Luna\Warewolf.Studio.Themes.Luna.csproj]
C:\Program Files\dotnet\sdk\10.0.201\Microsoft.Common.CurrentVersion.targets(2451,5): warning MSB3277:             C:\Users\ultra\.nuget\packages\aerowizard\2.3.1\lib\net45\AeroWizard.dll [C:\Users\ultra\warewolf\Dev\Warewolf.Studio.Themes.Luna\Warewolf.Studio.Themes.Luna.csproj]
C:\Program Files\dotnet\sdk\10.0.201\Microsoft.Common.CurrentVersion.targets(2451,5): warning MSB3277:             C:\Users\ultra\.nuget\packages\groupcontrols\1.9.0\lib\net45\GroupControls.dll [C:\Users\ultra\warewolf\Dev\Warewolf.Studio.Themes.Luna\Warewolf.Studio.Themes.Luna.csproj]
C:\Program Files\dotnet\sdk\10.0.201\Microsoft.Common.CurrentVersion.targets(2451,5): warning MSB3277:             C:\Users\ultra\.nuget\packages\microsoft.xaml.behaviors.wpf\1.1.122\lib\net462\Microsoft.Xaml.Behaviors.dll [C:\Users\ultra\warewolf\Dev\Warewolf.Studio.Themes.Luna\Warewolf.Studio.Themes.Luna.csproj]
C:\Program Files\dotnet\sdk\10.0.201\Microsoft.Common.CurrentVersion.targets(2451,5): warning MSB3277:             C:\Users\ultra\.nuget\packages\caliburn.micro\4.0.212\lib\netcoreapp3.1\Caliburn.Micro.Platform.dll [C:\Users\ultra\warewolf\Dev\Warewolf.Studio.Themes.Luna\Warewolf.Studio.Themes.Luna.csproj]
C:\Program Files\dotnet\sdk\10.0.201\Microsoft.Common.CurrentVersion.targets(2451,5): warning MSB3277:             C:\Users\ultra\.nuget\packages\prism.wpf\9.0.537\lib\net462\Prism.Wpf.dll [C:\Users\ultra\warewolf\Dev\Warewolf.Studio.Themes.Luna\Warewolf.Studio.Themes.Luna.csproj]
C:\Program Files\dotnet\sdk\10.0.201\Microsoft.Common.CurrentVersion.targets(2451,5): warning MSB3277:             C:\Users\ultra\.nuget\packages\reactiveui.wpf\18.4.1\lib\net462\ReactiveUI.Wpf.dll [C:\Users\ultra\warewolf\Dev\Warewolf.Studio.Themes.Luna\Warewolf.Studio.Themes.Luna.csproj]
C:\Program Files\dotnet\sdk\10.0.201\Microsoft.Common.CurrentVersion.targets(2451,5): warning MSB3277:             C:\Users\ultra\.nuget\packages\taskschedulereditor\2.10.1\lib\net452\Microsoft.Win32.TaskSchedulerEditor.dll [C:\Users\ultra\warewolf\Dev\Warewolf.Studio.Themes.Luna\Warewolf.Studio.Themes.Luna.csproj]
C:\Program Files\dotnet\sdk\10.0.201\Microsoft.Common.CurrentVersion.targets(2451,5): warning MSB3277:             C:\Users\ultra\.nuget\packages\ttcue.netcore.sharepointonline.csom.16.1.8029.1200\16.1.8029.1200\lib\netcoreapp2.0\Microsoft.SharePoint.Client.Runtime.Windows.dll [C:\Users\ultra\warewolf\Dev\Warewolf.Studio.Themes.Luna\Warewolf.Studio.Themes.Luna.csproj]
C:\Program Files\dotnet\sdk\10.0.201\Microsoft.Common.CurrentVersion.targets(2451,5): warning MSB3277:         C:\Program Files\dotnet\packs\Microsoft.NETCore.App.Ref\8.0.25\ref\net8.0\WindowsBase.dll [C:\Users\ultra\warewolf\Dev\Warewolf.Studio.Themes.Luna\Warewolf.Studio.Themes.Luna.csproj]
C:\Program Files\dotnet\sdk\10.0.201\Microsoft.Common.CurrentVersion.targets(2451,5): warning MSB3277:           Project file item includes which caused reference "C:\Program Files\dotnet\packs\Microsoft.NETCore.App.Ref\8.0.25\ref\net8.0\WindowsBase.dll". [C:\Users\ultra\warewolf\Dev\Warewolf.Studio.Themes.Luna\Warewolf.Studio.Themes.Luna.csproj]
C:\Program Files\dotnet\sdk\10.0.201\Microsoft.Common.CurrentVersion.targets(2451,5): warning MSB3277:             C:\Program Files\dotnet\packs\Microsoft.NETCore.App.Ref\8.0.25\ref/net8.0/WindowsBase.dll [C:\Users\ultra\warewolf\Dev\Warewolf.Studio.Themes.Luna\Warewolf.Studio.Themes.Luna.csproj]
C:\Program Files\dotnet\sdk\10.0.201\Microsoft.Common.CurrentVersion.targets(2451,5): warning MSB3277:         C:\Program Files\dotnet\packs\Microsoft.NETCore.App.Ref\8.0.25\ref\net8.0\mscorlib.dll [C:\Users\ultra\warewolf\Dev\Warewolf.Studio.Themes.Luna\Warewolf.Studio.Themes.Luna.csproj]
C:\Program Files\dotnet\sdk\10.0.201\Microsoft.Common.CurrentVersion.targets(2451,5): warning MSB3277:           Project file item includes which caused reference "C:\Program Files\dotnet\packs\Microsoft.NETCore.App.Ref\8.0.25\ref\net8.0\mscorlib.dll". [C:\Users\ultra\warewolf\Dev\Warewolf.Studio.Themes.Luna\Warewolf.Studio.Themes.Luna.csproj]
C:\Program Files\dotnet\sdk\10.0.201\Microsoft.Common.CurrentVersion.targets(2451,5): warning MSB3277:             C:\Program Files\dotnet\packs\Microsoft.NETCore.App.Ref\8.0.25\ref/net8.0/mscorlib.dll [C:\Users\ultra\warewolf\Dev\Warewolf.Studio.Themes.Luna\Warewolf.Studio.Themes.Luna.csproj]
C:\Program Files\dotnet\sdk\10.0.201\Microsoft.Common.CurrentVersion.targets(2451,5): warning MSB3277:             C:\Users\ultra\.nuget\packages\aerowizard\2.3.1\lib\net45\AeroWizard.dll [C:\Users\ultra\warewolf\Dev\Warewolf.Studio.Themes.Luna\Warewolf.Studio.Themes.Luna.csproj]
C:\Program Files\dotnet\sdk\10.0.201\Microsoft.Common.CurrentVersion.targets(2451,5): warning MSB3277:             C:\Users\ultra\.nuget\packages\groupcontrols\1.9.0\lib\net45\GroupControls.dll [C:\Users\ultra\warewolf\Dev\Warewolf.Studio.Themes.Luna\Warewolf.Studio.Themes.Luna.csproj]
C:\Program Files\dotnet\sdk\10.0.201\Microsoft.Common.CurrentVersion.targets(2451,5): warning MSB3277:             C:\Users\ultra\.nuget\packages\hangfire.core\1.7.32\lib\netstandard2.0\Hangfire.Core.dll [C:\Users\ultra\warewolf\Dev\Warewolf.Studio.Themes.Luna\Warewolf.Studio.Themes.Luna.csproj]
C:\Program Files\dotnet\sdk\10.0.201\Microsoft.Common.CurrentVersion.targets(2451,5): warning MSB3277:             C:\Users\ultra\warewolf\Dev\Dev2.Activities\bin\Debug\net8.0\Dev2.Activities.dll [C:\Users\ultra\warewolf\Dev\Warewolf.Studio.Themes.Luna\Warewolf.Studio.Themes.Luna.csproj]
C:\Program Files\dotnet\sdk\10.0.201\Microsoft.Common.CurrentVersion.targets(2451,5): warning MSB3277:             C:\Users\ultra\warewolf\Dev\Dev2.Studio.Core\bin\Debug\net8.0\Dev2.Studio.Core.dll [C:\Users\ultra\warewolf\Dev\Warewolf.Studio.Themes.Luna\Warewolf.Studio.Themes.Luna.csproj]
C:\Program Files\dotnet\sdk\10.0.201\Microsoft.Common.CurrentVersion.targets(2451,5): warning MSB3277:             C:\Users\ultra\warewolf\Dev\Dev2.Intellisense\bin\Debug\net8.0\Dev2.Intellisense.dll [C:\Users\ultra\warewolf\Dev\Warewolf.Studio.Themes.Luna\Warewolf.Studio.Themes.Luna.csproj]
C:\Program Files\dotnet\sdk\10.0.201\Microsoft.Common.CurrentVersion.targets(2451,5): warning MSB3277:             C:\Users\ultra\warewolf\Dev\Warewolf.Driver.Persistence\bin\Debug\net8.0\Warewolf.Driver.Persistence.dll [C:\Users\ultra\warewolf\Dev\Warewolf.Studio.Themes.Luna\Warewolf.Studio.Themes.Luna.csproj]
C:\Program Files\dotnet\sdk\10.0.201\Microsoft.Common.CurrentVersion.targets(2451,5): warning MSB3277:             C:\Users\ultra\.nuget\packages\hangfire.sqlserver\1.7.32\lib\netstandard2.0\Hangfire.SqlServer.dll [C:\Users\ultra\warewolf\Dev\Warewolf.Studio.Themes.Luna\Warewolf.Studio.Themes.Luna.csproj]
C:\Program Files\dotnet\sdk\10.0.201\Microsoft.Common.CurrentVersion.targets(2451,5): warning MSB3277:             C:\Users\ultra\.nuget\packages\microsoft.xaml.behaviors.wpf\1.1.122\lib\net462\Microsoft.Xaml.Behaviors.dll [C:\Users\ultra\warewolf\Dev\Warewolf.Studio.Themes.Luna\Warewolf.Studio.Themes.Luna.csproj]
C:\Program Files\dotnet\sdk\10.0.201\Microsoft.Common.CurrentVersion.targets(2451,5): warning MSB3277:             C:\Users\ultra\.nuget\packages\caliburn.micro\4.0.212\lib\netcoreapp3.1\Caliburn.Micro.Platform.dll [C:\Users\ultra\warewolf\Dev\Warewolf.Studio.Themes.Luna\Warewolf.Studio.Themes.Luna.csproj]
C:\Program Files\dotnet\sdk\10.0.201\Microsoft.Common.CurrentVersion.targets(2451,5): warning MSB3277:             C:\Users\ultra\.nuget\packages\oracle.manageddataaccess.core\3.21.70\lib\netstandard2.1\Oracle.ManagedDataAccess.dll [C:\Users\ultra\warewolf\Dev\Warewolf.Studio.Themes.Luna\Warewolf.Studio.Themes.Luna.csproj]
C:\Program Files\dotnet\sdk\10.0.201\Microsoft.Common.CurrentVersion.targets(2451,5): warning MSB3277:             C:\Users\ultra\warewolf\Dev\Dev2.Runtime.Services\bin\Debug\net8.0\Dev2.Runtime.Services.dll [C:\Users\ultra\warewolf\Dev\Warewolf.Studio.Themes.Luna\Warewolf.Studio.Themes.Luna.csproj]
C:\Program Files\dotnet\sdk\10.0.201\Microsoft.Common.CurrentVersion.targets(2451,5): warning MSB3277:             C:\Users\ultra\warewolf\Dev\Dev2.Studio.Interfaces\bin\Debug\net8.0\Dev2.Studio.Interfaces.dll [C:\Users\ultra\warewolf\Dev\Warewolf.Studio.Themes.Luna\Warewolf.Studio.Themes.Luna.csproj]
C:\Program Files\dotnet\sdk\10.0.201\Microsoft.Common.CurrentVersion.targets(2451,5): warning MSB3277:             C:\Users\ultra\warewolf\Dev\Warewolf.Studio.Core\bin\Debug\net8.0\Warewolf.Studio.Core.dll [C:\Users\ultra\warewolf\Dev\Warewolf.Studio.Themes.Luna\Warewolf.Studio.Themes.Luna.csproj]
C:\Program Files\dotnet\sdk\10.0.201\Microsoft.Common.CurrentVersion.targets(2451,5): warning MSB3277:             C:\Users\ultra\warewolf\Dev\Warewolf.Studio.CustomControls\bin\Debug\net8.0\Warewolf.Studio.CustomControls.dll [C:\Users\ultra\warewolf\Dev\Warewolf.Studio.Themes.Luna\Warewolf.Studio.Themes.Luna.csproj]
C:\Program Files\dotnet\sdk\10.0.201\Microsoft.Common.CurrentVersion.targets(2451,5): warning MSB3277:             C:\Users\ultra\warewolf\Dev\Dev2.Services.Execution\bin\Debug\net8.0\Dev2.Services.Execution.dll [C:\Users\ultra\warewolf\Dev\Warewolf.Studio.Themes.Luna\Warewolf.Studio.Themes.Luna.csproj]
C:\Program Files\dotnet\sdk\10.0.201\Microsoft.Common.CurrentVersion.targets(2451,5): warning MSB3277:             C:\Users\ultra\warewolf\Dev\Dev2.Services.Sql\bin\Debug\net8.0\Dev2.Services.Sql.dll [C:\Users\ultra\warewolf\Dev\Warewolf.Studio.Themes.Luna\Warewolf.Studio.Themes.Luna.csproj]
C:\Program Files\dotnet\sdk\10.0.201\Microsoft.Common.CurrentVersion.targets(2451,5): warning MSB3277:             C:\Users\ultra\.nuget\packages\prism.wpf\9.0.537\lib\net462\Prism.Wpf.dll [C:\Users\ultra\warewolf\Dev\Warewolf.Studio.Themes.Luna\Warewolf.Studio.Themes.Luna.csproj]
C:\Program Files\dotnet\sdk\10.0.201\Microsoft.Common.CurrentVersion.targets(2451,5): warning MSB3277:             C:\Users\ultra\.nuget\packages\reactiveui.wpf\18.4.1\lib\net462\ReactiveUI.Wpf.dll [C:\Users\ultra\warewolf\Dev\Warewolf.Studio.Themes.Luna\Warewolf.Studio.Themes.Luna.csproj]
C:\Program Files\dotnet\sdk\10.0.201\Microsoft.Common.CurrentVersion.targets(2451,5): warning MSB3277:             C:\Users\ultra\.nuget\packages\taskschedulereditor\2.10.1\lib\net452\Microsoft.Win32.TaskSchedulerEditor.dll [C:\Users\ultra\warewolf\Dev\Warewolf.Studio.Themes.Luna\Warewolf.Studio.Themes.Luna.csproj]
C:\Program Files\dotnet\sdk\10.0.201\Microsoft.Common.CurrentVersion.targets(2451,5): warning MSB3277:             C:\Users\ultra\.nuget\packages\ttcue.netcore.sharepointonline.csom.16.1.8029.1200\16.1.8029.1200\lib\netcoreapp2.0\Microsoft.SharePoint.Client.Runtime.Windows.dll [C:\Users\ultra\warewolf\Dev\Warewolf.Studio.Themes.Luna\Warewolf.Studio.Themes.Luna.csproj]
C:\Program Files\dotnet\sdk\10.0.201\Microsoft.Common.CurrentVersion.targets(2451,5): warning MSB3277:         C:\Users\ultra\warewolf\Dev\Dev2.Development.Languages\bin\Debug\net8.0\IronRuby.dll [C:\Users\ultra\warewolf\Dev\Warewolf.Studio.Themes.Luna\Warewolf.Studio.Themes.Luna.csproj]
C:\Program Files\dotnet\sdk\10.0.201\Microsoft.Common.CurrentVersion.targets(2451,5): warning MSB3277:           Project file item includes which caused reference "C:\Users\ultra\warewolf\Dev\Dev2.Development.Languages\bin\Debug\net8.0\IronRuby.dll". [C:\Users\ultra\warewolf\Dev\Warewolf.Studio.Themes.Luna\Warewolf.Studio.Themes.Luna.csproj]
C:\Program Files\dotnet\sdk\10.0.201\Microsoft.Common.CurrentVersion.targets(2451,5): warning MSB3277:             C:\Users\ultra\warewolf\Dev\Dev2.Development.Languages\bin\Debug\net8.0\Dev2.Development.Languages.dll [C:\Users\ultra\warewolf\Dev\Warewolf.Studio.Themes.Luna\Warewolf.Studio.Themes.Luna.csproj]
C:\Program Files\dotnet\sdk\10.0.201\Microsoft.Common.CurrentVersion.targets(2451,5): warning MSB3277:             C:\Users\ultra\warewolf\Dev\Dev2.Activities\bin\Debug\net8.0\Dev2.Activities.dll [C:\Users\ultra\warewolf\Dev\Warewolf.Studio.Themes.Luna\Warewolf.Studio.Themes.Luna.csproj]
C:\Program Files\dotnet\sdk\10.0.201\Microsoft.Common.CurrentVersion.targets(2451,5): warning MSB3277:             C:\Users\ultra\warewolf\Dev\Dev2.Studio.Core\bin\Debug\net8.0\Dev2.Studio.Core.dll [C:\Users\ultra\warewolf\Dev\Warewolf.Studio.Themes.Luna\Warewolf.Studio.Themes.Luna.csproj]
C:\Program Files\dotnet\sdk\10.0.201\Microsoft.Common.CurrentVersion.targets(2451,5): warning MSB3277:             C:\Users\ultra\warewolf\Dev\Dev2.Intellisense\bin\Debug\net8.0\Dev2.Intellisense.dll [C:\Users\ultra\warewolf\Dev\Warewolf.Studio.Themes.Luna\Warewolf.Studio.Themes.Luna.csproj]
C:\Program Files\dotnet\sdk\10.0.201\Microsoft.Common.CurrentVersion.targets(2451,5): warning MSB3277:         C:\Users\ultra\warewolf\Dev\Dev2.Development.Languages\bin\Debug\net8.0\IronRuby.Libraries.dll [C:\Users\ultra\warewolf\Dev\Warewolf.Studio.Themes.Luna\Warewolf.Studio.Themes.Luna.csproj]
C:\Program Files\dotnet\sdk\10.0.201\Microsoft.Common.CurrentVersion.targets(2451,5): warning MSB3277:           Project file item includes which caused reference "C:\Users\ultra\warewolf\Dev\Dev2.Development.Languages\bin\Debug\net8.0\IronRuby.Libraries.dll". [C:\Users\ultra\warewolf\Dev\Warewolf.Studio.Themes.Luna\Warewolf.Studio.Themes.Luna.csproj]
C:\Program Files\dotnet\sdk\10.0.201\Microsoft.Common.CurrentVersion.targets(2451,5): warning MSB3277:             C:\Users\ultra\warewolf\Dev\Dev2.Development.Languages\bin\Debug\net8.0\Dev2.Development.Languages.dll [C:\Users\ultra\warewolf\Dev\Warewolf.Studio.Themes.Luna\Warewolf.Studio.Themes.Luna.csproj]
C:\Program Files\dotnet\sdk\10.0.201\Microsoft.Common.CurrentVersion.targets(2451,5): warning MSB3277:             C:\Users\ultra\warewolf\Dev\Dev2.Activities\bin\Debug\net8.0\Dev2.Activities.dll [C:\Users\ultra\warewolf\Dev\Warewolf.Studio.Themes.Luna\Warewolf.Studio.Themes.Luna.csproj]
C:\Program Files\dotnet\sdk\10.0.201\Microsoft.Common.CurrentVersion.targets(2451,5): warning MSB3277:             C:\Users\ultra\warewolf\Dev\Dev2.Studio.Core\bin\Debug\net8.0\Dev2.Studio.Core.dll [C:\Users\ultra\warewolf\Dev\Warewolf.Studio.Themes.Luna\Warewolf.Studio.Themes.Luna.csproj]
C:\Program Files\dotnet\sdk\10.0.201\Microsoft.Common.CurrentVersion.targets(2451,5): warning MSB3277:             C:\Users\ultra\warewolf\Dev\Dev2.Intellisense\bin\Debug\net8.0\Dev2.Intellisense.dll [C:\Users\ultra\warewolf\Dev\Warewolf.Studio.Themes.Luna\Warewolf.Studio.Themes.Luna.csproj]
C:\Program Files\dotnet\sdk\10.0.201\Microsoft.Common.CurrentVersion.targets(2451,5): warning MSB3277: Found conflicts between different versions of "WindowsBase" that could not be resolved. [C:\Users\ultra\warewolf\Dev\Warewolf.Studio.Themes.Luna\Warewolf.Studio.Themes.Luna.csproj]
C:\Program Files\dotnet\sdk\10.0.201\Microsoft.Common.CurrentVersion.targets(2451,5): warning MSB3277: There was a conflict between "WindowsBase, Version=4.0.0.0, Culture=neutral, PublicKeyToken=31bf3856ad364e35" and "WindowsBase, Version=6.0.2.0, Culture=neutral, PublicKeyToken=31bf3856ad364e35". [C:\Users\ultra\warewolf\Dev\Warewolf.Studio.Themes.Luna\Warewolf.Studio.Themes.Luna.csproj]
C:\Program Files\dotnet\sdk\10.0.201\Microsoft.Common.CurrentVersion.targets(2451,5): warning MSB3277:     "WindowsBase, Version=4.0.0.0, Culture=neutral, PublicKeyToken=31bf3856ad364e35" was chosen because it was primary and "WindowsBase, Version=6.0.2.0, Culture=neutral, PublicKeyToken=31bf3856ad364e35" was not. [C:\Users\ultra\warewolf\Dev\Warewolf.Studio.Themes.Luna\Warewolf.Studio.Themes.Luna.csproj]
C:\Program Files\dotnet\sdk\10.0.201\Microsoft.Common.CurrentVersion.targets(2451,5): warning MSB3277:     References which depend on "WindowsBase, Version=4.0.0.0, Culture=neutral, PublicKeyToken=31bf3856ad364e35" [C:\Program Files\dotnet\packs\Microsoft.NETCore.App.Ref\8.0.25\ref\net8.0\WindowsBase.dll]. [C:\Users\ultra\warewolf\Dev\Warewolf.Studio.Themes.Luna\Warewolf.Studio.Themes.Luna.csproj]
C:\Program Files\dotnet\sdk\10.0.201\Microsoft.Common.CurrentVersion.targets(2451,5): warning MSB3277:         C:\Program Files\dotnet\packs\Microsoft.NETCore.App.Ref\8.0.25\ref\net8.0\WindowsBase.dll [C:\Users\ultra\warewolf\Dev\Warewolf.Studio.Themes.Luna\Warewolf.Studio.Themes.Luna.csproj]
C:\Program Files\dotnet\sdk\10.0.201\Microsoft.Common.CurrentVersion.targets(2451,5): warning MSB3277:           Project file item includes which caused reference "C:\Program Files\dotnet\packs\Microsoft.NETCore.App.Ref\8.0.25\ref\net8.0\WindowsBase.dll". [C:\Users\ultra\warewolf\Dev\Warewolf.Studio.Themes.Luna\Warewolf.Studio.Themes.Luna.csproj]
C:\Program Files\dotnet\sdk\10.0.201\Microsoft.Common.CurrentVersion.targets(2451,5): warning MSB3277:             C:\Program Files\dotnet\packs\Microsoft.NETCore.App.Ref\8.0.25\ref/net8.0/WindowsBase.dll [C:\Users\ultra\warewolf\Dev\Warewolf.Studio.Themes.Luna\Warewolf.Studio.Themes.Luna.csproj]
C:\Program Files\dotnet\sdk\10.0.201\Microsoft.Common.CurrentVersion.targets(2451,5): warning MSB3277:     References which depend on or have been unified to "WindowsBase, Version=6.0.2.0, Culture=neutral, PublicKeyToken=31bf3856ad364e35" []. [C:\Users\ultra\warewolf\Dev\Warewolf.Studio.Themes.Luna\Warewolf.Studio.Themes.Luna.csproj]
C:\Program Files\dotnet\sdk\10.0.201\Microsoft.Common.CurrentVersion.targets(2451,5): warning MSB3277:         C:\Users\ultra\warewolf\Dev\Binaries\Infragistcs_Net6\Infragistics.Calculations.dll [C:\Users\ultra\warewolf\Dev\Warewolf.Studio.Themes.Luna\Warewolf.Studio.Themes.Luna.csproj]
C:\Program Files\dotnet\sdk\10.0.201\Microsoft.Common.CurrentVersion.targets(2451,5): warning MSB3277:           Project file item includes which caused reference "C:\Users\ultra\warewolf\Dev\Binaries\Infragistcs_Net6\Infragistics.Calculations.dll". [C:\Users\ultra\warewolf\Dev\Warewolf.Studio.Themes.Luna\Warewolf.Studio.Themes.Luna.csproj]
C:\Program Files\dotnet\sdk\10.0.201\Microsoft.Common.CurrentVersion.targets(2451,5): warning MSB3277:             CalculationManager.WPF [C:\Users\ultra\warewolf\Dev\Warewolf.Studio.Themes.Luna\Warewolf.Studio.Themes.Luna.csproj]
C:\Program Files\dotnet\sdk\10.0.201\Microsoft.Common.CurrentVersion.targets(2451,5): warning MSB3277:         C:\Users\ultra\warewolf\Dev\Binaries\Infragistcs_Net6\InfragisticsWPF4.Controls.Editors.XamComboEditor.v15.1.dll [C:\Users\ultra\warewolf\Dev\Warewolf.Studio.Themes.Luna\Warewolf.Studio.Themes.Luna.csproj]
C:\Program Files\dotnet\sdk\10.0.201\Microsoft.Common.CurrentVersion.targets(2451,5): warning MSB3277:           Project file item includes which caused reference "C:\Users\ultra\warewolf\Dev\Binaries\Infragistcs_Net6\InfragisticsWPF4.Controls.Editors.XamComboEditor.v15.1.dll". [C:\Users\ultra\warewolf\Dev\Warewolf.Studio.Themes.Luna\Warewolf.Studio.Themes.Luna.csproj]
C:\Program Files\dotnet\sdk\10.0.201\Microsoft.Common.CurrentVersion.targets(2451,5): warning MSB3277:             InfragisticsWPF4.Controls.Editors.XamComboEditor.v15.1, Version=15.1.20151.2055, Culture=neutral, PublicKeyToken=7dd5c3163f2cd0cb, processorArchitecture=MSIL [C:\Users\ultra\warewolf\Dev\Warewolf.Studio.Themes.Luna\Warewolf.Studio.Themes.Luna.csproj]
C:\Program Files\dotnet\sdk\10.0.201\Microsoft.Common.CurrentVersion.targets(2451,5): warning MSB3277:             InfragisticsWPF4.Controls.Grids.MultiColumnComboColumn.v15.1, Version=15.1.20151.2055, Culture=neutral, PublicKeyToken=7dd5c3163f2cd0cb, processorArchitecture=MSIL [C:\Users\ultra\warewolf\Dev\Warewolf.Studio.Themes.Luna\Warewolf.Studio.Themes.Luna.csproj]
C:\Program Files\dotnet\sdk\10.0.201\Microsoft.Common.CurrentVersion.targets(2451,5): warning MSB3277:         C:\Users\ultra\warewolf\Dev\Binaries\Infragistcs_Net6\InfragisticsWPF4.Controls.Editors.XamRichTextEditor.v15.1.dll [C:\Users\ultra\warewolf\Dev\Warewolf.Studio.Themes.Luna\Warewolf.Studio.Themes.Luna.csproj]
C:\Program Files\dotnet\sdk\10.0.201\Microsoft.Common.CurrentVersion.targets(2451,5): warning MSB3277:           Project file item includes which caused reference "C:\Users\ultra\warewolf\Dev\Binaries\Infragistcs_Net6\InfragisticsWPF4.Controls.Editors.XamRichTextEditor.v15.1.dll". [C:\Users\ultra\warewolf\Dev\Warewolf.Studio.Themes.Luna\Warewolf.Studio.Themes.Luna.csproj]
C:\Program Files\dotnet\sdk\10.0.201\Microsoft.Common.CurrentVersion.targets(2451,5): warning MSB3277:             InfragisticsWPF4.Controls.Editors.XamRichTextEditor.v15.1, Version=15.1.20151.2055, Culture=neutral, PublicKeyToken=7dd5c3163f2cd0cb, processorArchitecture=MSIL [C:\Users\ultra\warewolf\Dev\Warewolf.Studio.Themes.Luna\Warewolf.Studio.Themes.Luna.csproj]
C:\Program Files\dotnet\sdk\10.0.201\Microsoft.Common.CurrentVersion.targets(2451,5): warning MSB3277:         C:\Users\ultra\warewolf\Dev\Binaries\Infragistcs_Net6\InfragisticsWPF4.Controls.Editors.XamSyntaxEditor.v15.1.dll [C:\Users\ultra\warewolf\Dev\Warewolf.Studio.Themes.Luna\Warewolf.Studio.Themes.Luna.csproj]
C:\Program Files\dotnet\sdk\10.0.201\Microsoft.Common.CurrentVersion.targets(2451,5): warning MSB3277:           Project file item includes which caused reference "C:\Users\ultra\warewolf\Dev\Binaries\Infragistcs_Net6\InfragisticsWPF4.Controls.Editors.XamSyntaxEditor.v15.1.dll". [C:\Users\ultra\warewolf\Dev\Warewolf.Studio.Themes.Luna\Warewolf.Studio.Themes.Luna.csproj]
C:\Program Files\dotnet\sdk\10.0.201\Microsoft.Common.CurrentVersion.targets(2451,5): warning MSB3277:             InfragisticsWPF4.Controls.Editors.XamSyntaxEditor.v15.1, Version=15.1.20151.2055, Culture=neutral, PublicKeyToken=7dd5c3163f2cd0cb, processorArchitecture=MSIL [C:\Users\ultra\warewolf\Dev\Warewolf.Studio.Themes.Luna\Warewolf.Studio.Themes.Luna.csproj]
C:\Program Files\dotnet\sdk\10.0.201\Microsoft.Common.CurrentVersion.targets(2451,5): warning MSB3277:         C:\Users\ultra\warewolf\Dev\Binaries\Infragistcs_Net6\InfragisticsWPF4.Controls.Grids.DateTimeColumn.v15.1.dll [C:\Users\ultra\warewolf\Dev\Warewolf.Studio.Themes.Luna\Warewolf.Studio.Themes.Luna.csproj]
C:\Program Files\dotnet\sdk\10.0.201\Microsoft.Common.CurrentVersion.targets(2451,5): warning MSB3277:           Project file item includes which caused reference "C:\Users\ultra\warewolf\Dev\Binaries\Infragistcs_Net6\InfragisticsWPF4.Controls.Grids.DateTimeColumn.v15.1.dll". [C:\Users\ultra\warewolf\Dev\Warewolf.Studio.Themes.Luna\Warewolf.Studio.Themes.Luna.csproj]
C:\Program Files\dotnet\sdk\10.0.201\Microsoft.Common.CurrentVersion.targets(2451,5): warning MSB3277:             InfragisticsWPF4.Controls.Grids.DateTimeColumn.v15.1, Version=15.1.20151.2055, Culture=neutral, PublicKeyToken=7dd5c3163f2cd0cb, processorArchitecture=MSIL [C:\Users\ultra\warewolf\Dev\Warewolf.Studio.Themes.Luna\Warewolf.Studio.Themes.Luna.csproj]
C:\Program Files\dotnet\sdk\10.0.201\Microsoft.Common.CurrentVersion.targets(2451,5): warning MSB3277:         C:\Users\ultra\warewolf\Dev\Binaries\Infragistcs_Net6\InfragisticsWPF4.Controls.Grids.MultiColumnComboColumn.v15.1.dll [C:\Users\ultra\warewolf\Dev\Warewolf.Studio.Themes.Luna\Warewolf.Studio.Themes.Luna.csproj]
C:\Program Files\dotnet\sdk\10.0.201\Microsoft.Common.CurrentVersion.targets(2451,5): warning MSB3277:           Project file item includes which caused reference "C:\Users\ultra\warewolf\Dev\Binaries\Infragistcs_Net6\InfragisticsWPF4.Controls.Grids.MultiColumnComboColumn.v15.1.dll". [C:\Users\ultra\warewolf\Dev\Warewolf.Studio.Themes.Luna\Warewolf.Studio.Themes.Luna.csproj]
C:\Program Files\dotnet\sdk\10.0.201\Microsoft.Common.CurrentVersion.targets(2451,5): warning MSB3277:             InfragisticsWPF4.Controls.Grids.MultiColumnComboColumn.v15.1, Version=15.1.20151.2055, Culture=neutral, PublicKeyToken=7dd5c3163f2cd0cb, processorArchitecture=MSIL [C:\Users\ultra\warewolf\Dev\Warewolf.Studio.Themes.Luna\Warewolf.Studio.Themes.Luna.csproj]
C:\Program Files\dotnet\sdk\10.0.201\Microsoft.Common.CurrentVersion.targets(2451,5): warning MSB3277:         C:\Users\ultra\warewolf\Dev\Binaries\Infragistcs_Net6\InfragisticsWPF4.Controls.Grids.XamGrid.v15.1.dll [C:\Users\ultra\warewolf\Dev\Warewolf.Studio.Themes.Luna\Warewolf.Studio.Themes.Luna.csproj]
C:\Program Files\dotnet\sdk\10.0.201\Microsoft.Common.CurrentVersion.targets(2451,5): warning MSB3277:           Project file item includes which caused reference "C:\Users\ultra\warewolf\Dev\Binaries\Infragistcs_Net6\InfragisticsWPF4.Controls.Grids.XamGrid.v15.1.dll". [C:\Users\ultra\warewolf\Dev\Warewolf.Studio.Themes.Luna\Warewolf.Studio.Themes.Luna.csproj]
C:\Program Files\dotnet\sdk\10.0.201\Microsoft.Common.CurrentVersion.targets(2451,5): warning MSB3277:             InfragisticsWPF4.Controls.Grids.XamGrid.v15.1, Version=15.1.20151.2055, Culture=neutral, PublicKeyToken=7dd5c3163f2cd0cb, processorArchitecture=MSIL [C:\Users\ultra\warewolf\Dev\Warewolf.Studio.Themes.Luna\Warewolf.Studio.Themes.Luna.csproj]
C:\Program Files\dotnet\sdk\10.0.201\Microsoft.Common.CurrentVersion.targets(2451,5): warning MSB3277:             InfragisticsWPF4.Controls.Grids.DateTimeColumn.v15.1, Version=15.1.20151.2055, Culture=neutral, PublicKeyToken=7dd5c3163f2cd0cb, processorArchitecture=MSIL [C:\Users\ultra\warewolf\Dev\Warewolf.Studio.Themes.Luna\Warewolf.Studio.Themes.Luna.csproj]
C:\Program Files\dotnet\sdk\10.0.201\Microsoft.Common.CurrentVersion.targets(2451,5): warning MSB3277:             InfragisticsWPF4.Controls.Grids.MultiColumnComboColumn.v15.1, Version=15.1.20151.2055, Culture=neutral, PublicKeyToken=7dd5c3163f2cd0cb, processorArchitecture=MSIL [C:\Users\ultra\warewolf\Dev\Warewolf.Studio.Themes.Luna\Warewolf.Studio.Themes.Luna.csproj]
C:\Program Files\dotnet\sdk\10.0.201\Microsoft.Common.CurrentVersion.targets(2451,5): warning MSB3277:         C:\Users\ultra\warewolf\Dev\Binaries\Infragistcs_Net6\InfragisticsWPF4.Controls.Interactions.XamDialogWindow.v15.1.dll [C:\Users\ultra\warewolf\Dev\Warewolf.Studio.Themes.Luna\Warewolf.Studio.Themes.Luna.csproj]
C:\Program Files\dotnet\sdk\10.0.201\Microsoft.Common.CurrentVersion.targets(2451,5): warning MSB3277:           Project file item includes which caused reference "C:\Users\ultra\warewolf\Dev\Binaries\Infragistcs_Net6\InfragisticsWPF4.Controls.Interactions.XamDialogWindow.v15.1.dll". [C:\Users\ultra\warewolf\Dev\Warewolf.Studio.Themes.Luna\Warewolf.Studio.Themes.Luna.csproj]
C:\Program Files\dotnet\sdk\10.0.201\Microsoft.Common.CurrentVersion.targets(2451,5): warning MSB3277:             InfragisticsWPF4.Controls.Interactions.XamDialogWindow.v15.1, Version=15.1.20151.2055, Culture=neutral, PublicKeyToken=7dd5c3163f2cd0cb, processorArchitecture=MSIL [C:\Users\ultra\warewolf\Dev\Warewolf.Studio.Themes.Luna\Warewolf.Studio.Themes.Luna.csproj]
C:\Program Files\dotnet\sdk\10.0.201\Microsoft.Common.CurrentVersion.targets(2451,5): warning MSB3277:             InfragisticsWPF4.Controls.Interactions.XamSpellChecker.v15.1, Version=15.1.20151.2055, Culture=neutral, PublicKeyToken=7dd5c3163f2cd0cb, processorArchitecture=MSIL [C:\Users\ultra\warewolf\Dev\Warewolf.Studio.Themes.Luna\Warewolf.Studio.Themes.Luna.csproj]
C:\Program Files\dotnet\sdk\10.0.201\Microsoft.Common.CurrentVersion.targets(2451,5): warning MSB3277:         C:\Users\ultra\warewolf\Dev\Binaries\Infragistcs_Net6\InfragisticsWPF4.Controls.Interactions.XamSpellChecker.v15.1.dll [C:\Users\ultra\warewolf\Dev\Warewolf.Studio.Themes.Luna\Warewolf.Studio.Themes.Luna.csproj]
C:\Program Files\dotnet\sdk\10.0.201\Microsoft.Common.CurrentVersion.targets(2451,5): warning MSB3277:           Project file item includes which caused reference "C:\Users\ultra\warewolf\Dev\Binaries\Infragistcs_Net6\InfragisticsWPF4.Controls.Interactions.XamSpellChecker.v15.1.dll". [C:\Users\ultra\warewolf\Dev\Warewolf.Studio.Themes.Luna\Warewolf.Studio.Themes.Luna.csproj]
C:\Program Files\dotnet\sdk\10.0.201\Microsoft.Common.CurrentVersion.targets(2451,5): warning MSB3277:             InfragisticsWPF4.Controls.Interactions.XamSpellChecker.v15.1, Version=15.1.20151.2055, Culture=neutral, PublicKeyToken=7dd5c3163f2cd0cb, processorArchitecture=MSIL [C:\Users\ultra\warewolf\Dev\Warewolf.Studio.Themes.Luna\Warewolf.Studio.Themes.Luna.csproj]
C:\Program Files\dotnet\sdk\10.0.201\Microsoft.Common.CurrentVersion.targets(2451,5): warning MSB3277:         C:\Users\ultra\warewolf\Dev\Binaries\Infragistcs_Net6\InfragisticsWPF4.Controls.Maps.XamNetworkNode.v15.1.dll [C:\Users\ultra\warewolf\Dev\Warewolf.Studio.Themes.Luna\Warewolf.Studio.Themes.Luna.csproj]
C:\Program Files\dotnet\sdk\10.0.201\Microsoft.Common.CurrentVersion.targets(2451,5): warning MSB3277:           Project file item includes which caused reference "C:\Users\ultra\warewolf\Dev\Binaries\Infragistcs_Net6\InfragisticsWPF4.Controls.Maps.XamNetworkNode.v15.1.dll". [C:\Users\ultra\warewolf\Dev\Warewolf.Studio.Themes.Luna\Warewolf.Studio.Themes.Luna.csproj]
C:\Program Files\dotnet\sdk\10.0.201\Microsoft.Common.CurrentVersion.targets(2451,5): warning MSB3277:             InfragisticsWPF4.Controls.Maps.XamNetworkNode.v15.1, Version=15.1.20151.2055, Culture=neutral, PublicKeyToken=7dd5c3163f2cd0cb, processorArchitecture=MSIL [C:\Users\ultra\warewolf\Dev\Warewolf.Studio.Themes.Luna\Warewolf.Studio.Themes.Luna.csproj]
C:\Program Files\dotnet\sdk\10.0.201\Microsoft.Common.CurrentVersion.targets(2451,5): warning MSB3277:         C:\Users\ultra\warewolf\Dev\Binaries\Infragistcs_Net6\InfragisticsWPF4.Controls.Menus.XamDataTree.v15.1.dll [C:\Users\ultra\warewolf\Dev\Warewolf.Studio.Themes.Luna\Warewolf.Studio.Themes.Luna.csproj]
C:\Program Files\dotnet\sdk\10.0.201\Microsoft.Common.CurrentVersion.targets(2451,5): warning MSB3277:           Project file item includes which caused reference "C:\Users\ultra\warewolf\Dev\Binaries\Infragistcs_Net6\InfragisticsWPF4.Controls.Menus.XamDataTree.v15.1.dll". [C:\Users\ultra\warewolf\Dev\Warewolf.Studio.Themes.Luna\Warewolf.Studio.Themes.Luna.csproj]
C:\Program Files\dotnet\sdk\10.0.201\Microsoft.Common.CurrentVersion.targets(2451,5): warning MSB3277:             InfragisticsWPF4.Controls.Menus.XamDataTree.v15.1 [C:\Users\ultra\warewolf\Dev\Warewolf.Studio.Themes.Luna\Warewolf.Studio.Themes.Luna.csproj]
C:\Program Files\dotnet\sdk\10.0.201\Microsoft.Common.CurrentVersion.targets(2451,5): warning MSB3277:         C:\Users\ultra\warewolf\Dev\Binaries\Infragistcs_Net6\InfragisticsWPF4.Controls.Menus.XamMenu.v15.1.dll [C:\Users\ultra\warewolf\Dev\Warewolf.Studio.Themes.Luna\Warewolf.Studio.Themes.Luna.csproj]
C:\Program Files\dotnet\sdk\10.0.201\Microsoft.Common.CurrentVersion.targets(2451,5): warning MSB3277:           Project file item includes which caused reference "C:\Users\ultra\warewolf\Dev\Binaries\Infragistcs_Net6\InfragisticsWPF4.Controls.Menus.XamMenu.v15.1.dll". [C:\Users\ultra\warewolf\Dev\Warewolf.Studio.Themes.Luna\Warewolf.Studio.Themes.Luna.csproj]
C:\Program Files\dotnet\sdk\10.0.201\Microsoft.Common.CurrentVersion.targets(2451,5): warning MSB3277:             InfragisticsWPF4.Controls.Menus.XamMenu.v15.1, Version=15.1.20151.2055, Culture=neutral, PublicKeyToken=7dd5c3163f2cd0cb, processorArchitecture=MSIL [C:\Users\ultra\warewolf\Dev\Warewolf.Studio.Themes.Luna\Warewolf.Studio.Themes.Luna.csproj]
C:\Program Files\dotnet\sdk\10.0.201\Microsoft.Common.CurrentVersion.targets(2451,5): warning MSB3277:             InfragisticsWPF4.Controls.Editors.XamRichTextEditor.v15.1, Version=15.1.20151.2055, Culture=neutral, PublicKeyToken=7dd5c3163f2cd0cb, processorArchitecture=MSIL [C:\Users\ultra\warewolf\Dev\Warewolf.Studio.Themes.Luna\Warewolf.Studio.Themes.Luna.csproj]
C:\Program Files\dotnet\sdk\10.0.201\Microsoft.Common.CurrentVersion.targets(2451,5): warning MSB3277:             InfragisticsWPF4.Controls.Grids.XamGrid.v15.1, Version=15.1.20151.2055, Culture=neutral, PublicKeyToken=7dd5c3163f2cd0cb, processorArchitecture=MSIL [C:\Users\ultra\warewolf\Dev\Warewolf.Studio.Themes.Luna\Warewolf.Studio.Themes.Luna.csproj]
C:\Program Files\dotnet\sdk\10.0.201\Microsoft.Common.CurrentVersion.targets(2451,5): warning MSB3277:             InfragisticsWPF4.Controls.Grids.DateTimeColumn.v15.1, Version=15.1.20151.2055, Culture=neutral, PublicKeyToken=7dd5c3163f2cd0cb, processorArchitecture=MSIL [C:\Users\ultra\warewolf\Dev\Warewolf.Studio.Themes.Luna\Warewolf.Studio.Themes.Luna.csproj]
C:\Program Files\dotnet\sdk\10.0.201\Microsoft.Common.CurrentVersion.targets(2451,5): warning MSB3277:             InfragisticsWPF4.Controls.Grids.MultiColumnComboColumn.v15.1, Version=15.1.20151.2055, Culture=neutral, PublicKeyToken=7dd5c3163f2cd0cb, processorArchitecture=MSIL [C:\Users\ultra\warewolf\Dev\Warewolf.Studio.Themes.Luna\Warewolf.Studio.Themes.Luna.csproj]
C:\Program Files\dotnet\sdk\10.0.201\Microsoft.Common.CurrentVersion.targets(2451,5): warning MSB3277:         C:\Users\ultra\warewolf\Dev\Binaries\Infragistcs_Net6\InfragisticsWPF4.DataManager.v15.1.dll [C:\Users\ultra\warewolf\Dev\Warewolf.Studio.Themes.Luna\Warewolf.Studio.Themes.Luna.csproj]
C:\Program Files\dotnet\sdk\10.0.201\Microsoft.Common.CurrentVersion.targets(2451,5): warning MSB3277:           Project file item includes which caused reference "C:\Users\ultra\warewolf\Dev\Binaries\Infragistcs_Net6\InfragisticsWPF4.DataManager.v15.1.dll". [C:\Users\ultra\warewolf\Dev\Warewolf.Studio.Themes.Luna\Warewolf.Studio.Themes.Luna.csproj]
C:\Program Files\dotnet\sdk\10.0.201\Microsoft.Common.CurrentVersion.targets(2451,5): warning MSB3277:             InfragisticsWPF4.DataManager.v15.1, Version=15.1.20151.2055, Culture=neutral, PublicKeyToken=7dd5c3163f2cd0cb, processorArchitecture=MSIL [C:\Users\ultra\warewolf\Dev\Warewolf.Studio.Themes.Luna\Warewolf.Studio.Themes.Luna.csproj]
C:\Program Files\dotnet\sdk\10.0.201\Microsoft.Common.CurrentVersion.targets(2451,5): warning MSB3277:             InfragisticsWPF4.Controls.Editors.XamComboEditor.v15.1, Version=15.1.20151.2055, Culture=neutral, PublicKeyToken=7dd5c3163f2cd0cb, processorArchitecture=MSIL [C:\Users\ultra\warewolf\Dev\Warewolf.Studio.Themes.Luna\Warewolf.Studio.Themes.Luna.csproj]
C:\Program Files\dotnet\sdk\10.0.201\Microsoft.Common.CurrentVersion.targets(2451,5): warning MSB3277:             InfragisticsWPF4.Controls.Grids.DateTimeColumn.v15.1, Version=15.1.20151.2055, Culture=neutral, PublicKeyToken=7dd5c3163f2cd0cb, processorArchitecture=MSIL [C:\Users\ultra\warewolf\Dev\Warewolf.Studio.Themes.Luna\Warewolf.Studio.Themes.Luna.csproj]
C:\Program Files\dotnet\sdk\10.0.201\Microsoft.Common.CurrentVersion.targets(2451,5): warning MSB3277:             InfragisticsWPF4.Controls.Grids.MultiColumnComboColumn.v15.1, Version=15.1.20151.2055, Culture=neutral, PublicKeyToken=7dd5c3163f2cd0cb, processorArchitecture=MSIL [C:\Users\ultra\warewolf\Dev\Warewolf.Studio.Themes.Luna\Warewolf.Studio.Themes.Luna.csproj]
C:\Program Files\dotnet\sdk\10.0.201\Microsoft.Common.CurrentVersion.targets(2451,5): warning MSB3277:             InfragisticsWPF4.Controls.Grids.XamGrid.v15.1, Version=15.1.20151.2055, Culture=neutral, PublicKeyToken=7dd5c3163f2cd0cb, processorArchitecture=MSIL [C:\Users\ultra\warewolf\Dev\Warewolf.Studio.Themes.Luna\Warewolf.Studio.Themes.Luna.csproj]
C:\Program Files\dotnet\sdk\10.0.201\Microsoft.Common.CurrentVersion.targets(2451,5): warning MSB3277:             InfragisticsWPF4.Controls.Menus.XamDataTree.v15.1 [C:\Users\ultra\warewolf\Dev\Warewolf.Studio.Themes.Luna\Warewolf.Studio.Themes.Luna.csproj]
C:\Program Files\dotnet\sdk\10.0.201\Microsoft.Common.CurrentVersion.targets(2451,5): warning MSB3277:         C:\Users\ultra\warewolf\Dev\Binaries\Infragistcs_Net6\InfragisticsWPF4.DataPresenter.v15.1.dll [C:\Users\ultra\warewolf\Dev\Warewolf.Studio.Themes.Luna\Warewolf.Studio.Themes.Luna.csproj]
C:\Program Files\dotnet\sdk\10.0.201\Microsoft.Common.CurrentVersion.targets(2451,5): warning MSB3277:           Project file item includes which caused reference "C:\Users\ultra\warewolf\Dev\Binaries\Infragistcs_Net6\InfragisticsWPF4.DataPresenter.v15.1.dll". [C:\Users\ultra\warewolf\Dev\Warewolf.Studio.Themes.Luna\Warewolf.Studio.Themes.Luna.csproj]
C:\Program Files\dotnet\sdk\10.0.201\Microsoft.Common.CurrentVersion.targets(2451,5): warning MSB3277:             InfragisticsWPF4.DataPresenter.v15.1, Version=15.1.20151.2055, Culture=neutral, PublicKeyToken=7dd5c3163f2cd0cb, processorArchitecture=MSIL [C:\Users\ultra\warewolf\Dev\Warewolf.Studio.Themes.Luna\Warewolf.Studio.Themes.Luna.csproj]
C:\Program Files\dotnet\sdk\10.0.201\Microsoft.Common.CurrentVersion.targets(2451,5): warning MSB3277:         C:\Users\ultra\warewolf\Dev\Binaries\Infragistcs_Net6\InfragisticsWPF4.DataVisualization.v15.1.dll [C:\Users\ultra\warewolf\Dev\Warewolf.Studio.Themes.Luna\Warewolf.Studio.Themes.Luna.csproj]
C:\Program Files\dotnet\sdk\10.0.201\Microsoft.Common.CurrentVersion.targets(2451,5): warning MSB3277:           Project file item includes which caused reference "C:\Users\ultra\warewolf\Dev\Binaries\Infragistcs_Net6\InfragisticsWPF4.DataVisualization.v15.1.dll". [C:\Users\ultra\warewolf\Dev\Warewolf.Studio.Themes.Luna\Warewolf.Studio.Themes.Luna.csproj]
C:\Program Files\dotnet\sdk\10.0.201\Microsoft.Common.CurrentVersion.targets(2451,5): warning MSB3277:             InfragisticsWPF4.DataVisualization.v15.1, Version=15.1.20151.2055, Culture=neutral, PublicKeyToken=7dd5c3163f2cd0cb, processorArchitecture=MSIL [C:\Users\ultra\warewolf\Dev\Warewolf.Studio.Themes.Luna\Warewolf.Studio.Themes.Luna.csproj]
C:\Program Files\dotnet\sdk\10.0.201\Microsoft.Common.CurrentVersion.targets(2451,5): warning MSB3277:             InfragisticsWPF4.Controls.Maps.XamNetworkNode.v15.1, Version=15.1.20151.2055, Culture=neutral, PublicKeyToken=7dd5c3163f2cd0cb, processorArchitecture=MSIL [C:\Users\ultra\warewolf\Dev\Warewolf.Studio.Themes.Luna\Warewolf.Studio.Themes.Luna.csproj]
C:\Program Files\dotnet\sdk\10.0.201\Microsoft.Common.CurrentVersion.targets(2451,5): warning MSB3277:         C:\Users\ultra\warewolf\Dev\Binaries\Infragistcs_Net6\InfragisticsWPF4.DockManager.v15.1.dll [C:\Users\ultra\warewolf\Dev\Warewolf.Studio.Themes.Luna\Warewolf.Studio.Themes.Luna.csproj]
C:\Program Files\dotnet\sdk\10.0.201\Microsoft.Common.CurrentVersion.targets(2451,5): warning MSB3277:           Project file item includes which caused reference "C:\Users\ultra\warewolf\Dev\Binaries\Infragistcs_Net6\InfragisticsWPF4.DockManager.v15.1.dll". [C:\Users\ultra\warewolf\Dev\Warewolf.Studio.Themes.Luna\Warewolf.Studio.Themes.Luna.csproj]
C:\Program Files\dotnet\sdk\10.0.201\Microsoft.Common.CurrentVersion.targets(2451,5): warning MSB3277:             InfragisticsWPF4.DockManager.v15.1, Version=15.1.20151.2055, Culture=neutral, PublicKeyToken=7dd5c3163f2cd0cb, processorArchitecture=MSIL [C:\Users\ultra\warewolf\Dev\Warewolf.Studio.Themes.Luna\Warewolf.Studio.Themes.Luna.csproj]
C:\Program Files\dotnet\sdk\10.0.201\Microsoft.Common.CurrentVersion.targets(2451,5): warning MSB3277:         C:\Users\ultra\warewolf\Dev\Binaries\Infragistcs_Net6\InfragisticsWPF4.Documents.RichTextDocument.Html.v15.1.dll [C:\Users\ultra\warewolf\Dev\Warewolf.Studio.Themes.Luna\Warewolf.Studio.Themes.Luna.csproj]
C:\Program Files\dotnet\sdk\10.0.201\Microsoft.Common.CurrentVersion.targets(2451,5): warning MSB3277:           Project file item includes which caused reference "C:\Users\ultra\warewolf\Dev\Binaries\Infragistcs_Net6\InfragisticsWPF4.Documents.RichTextDocument.Html.v15.1.dll". [C:\Users\ultra\warewolf\Dev\Warewolf.Studio.Themes.Luna\Warewolf.Studio.Themes.Luna.csproj]
C:\Program Files\dotnet\sdk\10.0.201\Microsoft.Common.CurrentVersion.targets(2451,5): warning MSB3277:             InfragisticsWPF4.Documents.RichTextDocument.Html.v15.1, Version=15.1.20151.2055, Culture=neutral, PublicKeyToken=7dd5c3163f2cd0cb, processorArchitecture=MSIL [C:\Users\ultra\warewolf\Dev\Warewolf.Studio.Themes.Luna\Warewolf.Studio.Themes.Luna.csproj]
C:\Program Files\dotnet\sdk\10.0.201\Microsoft.Common.CurrentVersion.targets(2451,5): warning MSB3277:         C:\Users\ultra\warewolf\Dev\Binaries\Infragistcs_Net6\InfragisticsWPF4.Documents.RichTextDocument.v15.1.dll [C:\Users\ultra\warewolf\Dev\Warewolf.Studio.Themes.Luna\Warewolf.Studio.Themes.Luna.csproj]
C:\Program Files\dotnet\sdk\10.0.201\Microsoft.Common.CurrentVersion.targets(2451,5): warning MSB3277:           Project file item includes which caused reference "C:\Users\ultra\warewolf\Dev\Binaries\Infragistcs_Net6\InfragisticsWPF4.Documents.RichTextDocument.v15.1.dll". [C:\Users\ultra\warewolf\Dev\Warewolf.Studio.Themes.Luna\Warewolf.Studio.Themes.Luna.csproj]
C:\Program Files\dotnet\sdk\10.0.201\Microsoft.Common.CurrentVersion.targets(2451,5): warning MSB3277:             InfragisticsWPF4.Documents.RichTextDocument.v15.1, Version=15.1.20151.2055, Culture=neutral, PublicKeyToken=7dd5c3163f2cd0cb, processorArchitecture=MSIL [C:\Users\ultra\warewolf\Dev\Warewolf.Studio.Themes.Luna\Warewolf.Studio.Themes.Luna.csproj]
C:\Program Files\dotnet\sdk\10.0.201\Microsoft.Common.CurrentVersion.targets(2451,5): warning MSB3277:             InfragisticsWPF4.Controls.Editors.XamRichTextEditor.v15.1, Version=15.1.20151.2055, Culture=neutral, PublicKeyToken=7dd5c3163f2cd0cb, processorArchitecture=MSIL [C:\Users\ultra\warewolf\Dev\Warewolf.Studio.Themes.Luna\Warewolf.Studio.Themes.Luna.csproj]
C:\Program Files\dotnet\sdk\10.0.201\Microsoft.Common.CurrentVersion.targets(2451,5): warning MSB3277:             InfragisticsWPF4.Documents.RichTextDocument.Html.v15.1, Version=15.1.20151.2055, Culture=neutral, PublicKeyToken=7dd5c3163f2cd0cb, processorArchitecture=MSIL [C:\Users\ultra\warewolf\Dev\Warewolf.Studio.Themes.Luna\Warewolf.Studio.Themes.Luna.csproj]
C:\Program Files\dotnet\sdk\10.0.201\Microsoft.Common.CurrentVersion.targets(2451,5): warning MSB3277:         C:\Users\ultra\warewolf\Dev\Binaries\Infragistcs_Net6\InfragisticsWPF4.Editors.v15.1.dll [C:\Users\ultra\warewolf\Dev\Warewolf.Studio.Themes.Luna\Warewolf.Studio.Themes.Luna.csproj]
C:\Program Files\dotnet\sdk\10.0.201\Microsoft.Common.CurrentVersion.targets(2451,5): warning MSB3277:           Project file item includes which caused reference "C:\Users\ultra\warewolf\Dev\Binaries\Infragistcs_Net6\InfragisticsWPF4.Editors.v15.1.dll". [C:\Users\ultra\warewolf\Dev\Warewolf.Studio.Themes.Luna\Warewolf.Studio.Themes.Luna.csproj]
C:\Program Files\dotnet\sdk\10.0.201\Microsoft.Common.CurrentVersion.targets(2451,5): warning MSB3277:             InfragisticsWPF4.Editors.v15.1, Version=15.1.20151.2055, Culture=neutral, PublicKeyToken=7dd5c3163f2cd0cb, processorArchitecture=MSIL [C:\Users\ultra\warewolf\Dev\Warewolf.Studio.Themes.Luna\Warewolf.Studio.Themes.Luna.csproj]
C:\Program Files\dotnet\sdk\10.0.201\Microsoft.Common.CurrentVersion.targets(2451,5): warning MSB3277:             InfragisticsWPF4.DataPresenter.v15.1, Version=15.1.20151.2055, Culture=neutral, PublicKeyToken=7dd5c3163f2cd0cb, processorArchitecture=MSIL [C:\Users\ultra\warewolf\Dev\Warewolf.Studio.Themes.Luna\Warewolf.Studio.Themes.Luna.csproj]
C:\Program Files\dotnet\sdk\10.0.201\Microsoft.Common.CurrentVersion.targets(2451,5): warning MSB3277:         C:\Users\ultra\warewolf\Dev\Binaries\Infragistcs_Net6\InfragisticsWPF4.v15.1.dll [C:\Users\ultra\warewolf\Dev\Warewolf.Studio.Themes.Luna\Warewolf.Studio.Themes.Luna.csproj]
C:\Program Files\dotnet\sdk\10.0.201\Microsoft.Common.CurrentVersion.targets(2451,5): warning MSB3277:           Project file item includes which caused reference "C:\Users\ultra\warewolf\Dev\Binaries\Infragistcs_Net6\InfragisticsWPF4.v15.1.dll". [C:\Users\ultra\warewolf\Dev\Warewolf.Studio.Themes.Luna\Warewolf.Studio.Themes.Luna.csproj]
C:\Program Files\dotnet\sdk\10.0.201\Microsoft.Common.CurrentVersion.targets(2451,5): warning MSB3277:             InfragisticsWPF4.v15.1, Version=15.1.20151.2055, Culture=neutral, PublicKeyToken=7dd5c3163f2cd0cb, processorArchitecture=MSIL [C:\Users\ultra\warewolf\Dev\Warewolf.Studio.Themes.Luna\Warewolf.Studio.Themes.Luna.csproj]
C:\Program Files\dotnet\sdk\10.0.201\Microsoft.Common.CurrentVersion.targets(2451,5): warning MSB3277:             CalculationManager.WPF [C:\Users\ultra\warewolf\Dev\Warewolf.Studio.Themes.Luna\Warewolf.Studio.Themes.Luna.csproj]
C:\Program Files\dotnet\sdk\10.0.201\Microsoft.Common.CurrentVersion.targets(2451,5): warning MSB3277:             InfragisticsWPF4.Controls.Editors.XamComboEditor.v15.1, Version=15.1.20151.2055, Culture=neutral, PublicKeyToken=7dd5c3163f2cd0cb, processorArchitecture=MSIL [C:\Users\ultra\warewolf\Dev\Warewolf.Studio.Themes.Luna\Warewolf.Studio.Themes.Luna.csproj]
C:\Program Files\dotnet\sdk\10.0.201\Microsoft.Common.CurrentVersion.targets(2451,5): warning MSB3277:             InfragisticsWPF4.Controls.Editors.XamRichTextEditor.v15.1, Version=15.1.20151.2055, Culture=neutral, PublicKeyToken=7dd5c3163f2cd0cb, processorArchitecture=MSIL [C:\Users\ultra\warewolf\Dev\Warewolf.Studio.Themes.Luna\Warewolf.Studio.Themes.Luna.csproj]
C:\Program Files\dotnet\sdk\10.0.201\Microsoft.Common.CurrentVersion.targets(2451,5): warning MSB3277:             InfragisticsWPF4.Controls.Editors.XamSyntaxEditor.v15.1, Version=15.1.20151.2055, Culture=neutral, PublicKeyToken=7dd5c3163f2cd0cb, processorArchitecture=MSIL [C:\Users\ultra\warewolf\Dev\Warewolf.Studio.Themes.Luna\Warewolf.Studio.Themes.Luna.csproj]
C:\Program Files\dotnet\sdk\10.0.201\Microsoft.Common.CurrentVersion.targets(2451,5): warning MSB3277:             InfragisticsWPF4.Controls.Grids.DateTimeColumn.v15.1, Version=15.1.20151.2055, Culture=neutral, PublicKeyToken=7dd5c3163f2cd0cb, processorArchitecture=MSIL [C:\Users\ultra\warewolf\Dev\Warewolf.Studio.Themes.Luna\Warewolf.Studio.Themes.Luna.csproj]
C:\Program Files\dotnet\sdk\10.0.201\Microsoft.Common.CurrentVersion.targets(2451,5): warning MSB3277:             InfragisticsWPF4.Controls.Grids.MultiColumnComboColumn.v15.1, Version=15.1.20151.2055, Culture=neutral, PublicKeyToken=7dd5c3163f2cd0cb, processorArchitecture=MSIL [C:\Users\ultra\warewolf\Dev\Warewolf.Studio.Themes.Luna\Warewolf.Studio.Themes.Luna.csproj]
C:\Program Files\dotnet\sdk\10.0.201\Microsoft.Common.CurrentVersion.targets(2451,5): warning MSB3277:             InfragisticsWPF4.Controls.Grids.XamGrid.v15.1, Version=15.1.20151.2055, Culture=neutral, PublicKeyToken=7dd5c3163f2cd0cb, processorArchitecture=MSIL [C:\Users\ultra\warewolf\Dev\Warewolf.Studio.Themes.Luna\Warewolf.Studio.Themes.Luna.csproj]
C:\Program Files\dotnet\sdk\10.0.201\Microsoft.Common.CurrentVersion.targets(2451,5): warning MSB3277:             InfragisticsWPF4.Controls.Interactions.XamDialogWindow.v15.1, Version=15.1.20151.2055, Culture=neutral, PublicKeyToken=7dd5c3163f2cd0cb, processorArchitecture=MSIL [C:\Users\ultra\warewolf\Dev\Warewolf.Studio.Themes.Luna\Warewolf.Studio.Themes.Luna.csproj]
C:\Program Files\dotnet\sdk\10.0.201\Microsoft.Common.CurrentVersion.targets(2451,5): warning MSB3277:             InfragisticsWPF4.Controls.Interactions.XamSpellChecker.v15.1, Version=15.1.20151.2055, Culture=neutral, PublicKeyToken=7dd5c3163f2cd0cb, processorArchitecture=MSIL [C:\Users\ultra\warewolf\Dev\Warewolf.Studio.Themes.Luna\Warewolf.Studio.Themes.Luna.csproj]
C:\Program Files\dotnet\sdk\10.0.201\Microsoft.Common.CurrentVersion.targets(2451,5): warning MSB3277:             InfragisticsWPF4.Controls.Maps.XamNetworkNode.v15.1, Version=15.1.20151.2055, Culture=neutral, PublicKeyToken=7dd5c3163f2cd0cb, processorArchitecture=MSIL [C:\Users\ultra\warewolf\Dev\Warewolf.Studio.Themes.Luna\Warewolf.Studio.Themes.Luna.csproj]
C:\Program Files\dotnet\sdk\10.0.201\Microsoft.Common.CurrentVersion.targets(2451,5): warning MSB3277:             InfragisticsWPF4.Controls.Menus.XamDataTree.v15.1 [C:\Users\ultra\warewolf\Dev\Warewolf.Studio.Themes.Luna\Warewolf.Studio.Themes.Luna.csproj]
C:\Program Files\dotnet\sdk\10.0.201\Microsoft.Common.CurrentVersion.targets(2451,5): warning MSB3277:             InfragisticsWPF4.Controls.Menus.XamMenu.v15.1, Version=15.1.20151.2055, Culture=neutral, PublicKeyToken=7dd5c3163f2cd0cb, processorArchitecture=MSIL [C:\Users\ultra\warewolf\Dev\Warewolf.Studio.Themes.Luna\Warewolf.Studio.Themes.Luna.csproj]
C:\Program Files\dotnet\sdk\10.0.201\Microsoft.Common.CurrentVersion.targets(2451,5): warning MSB3277:             InfragisticsWPF4.DataManager.v15.1, Version=15.1.20151.2055, Culture=neutral, PublicKeyToken=7dd5c3163f2cd0cb, processorArchitecture=MSIL [C:\Users\ultra\warewolf\Dev\Warewolf.Studio.Themes.Luna\Warewolf.Studio.Themes.Luna.csproj]
C:\Program Files\dotnet\sdk\10.0.201\Microsoft.Common.CurrentVersion.targets(2451,5): warning MSB3277:             InfragisticsWPF4.DataPresenter.v15.1, Version=15.1.20151.2055, Culture=neutral, PublicKeyToken=7dd5c3163f2cd0cb, processorArchitecture=MSIL [C:\Users\ultra\warewolf\Dev\Warewolf.Studio.Themes.Luna\Warewolf.Studio.Themes.Luna.csproj]
C:\Program Files\dotnet\sdk\10.0.201\Microsoft.Common.CurrentVersion.targets(2451,5): warning MSB3277:             InfragisticsWPF4.DataVisualization.v15.1, Version=15.1.20151.2055, Culture=neutral, PublicKeyToken=7dd5c3163f2cd0cb, processorArchitecture=MSIL [C:\Users\ultra\warewolf\Dev\Warewolf.Studio.Themes.Luna\Warewolf.Studio.Themes.Luna.csproj]
C:\Program Files\dotnet\sdk\10.0.201\Microsoft.Common.CurrentVersion.targets(2451,5): warning MSB3277:             InfragisticsWPF4.DockManager.v15.1, Version=15.1.20151.2055, Culture=neutral, PublicKeyToken=7dd5c3163f2cd0cb, processorArchitecture=MSIL [C:\Users\ultra\warewolf\Dev\Warewolf.Studio.Themes.Luna\Warewolf.Studio.Themes.Luna.csproj]
C:\Program Files\dotnet\sdk\10.0.201\Microsoft.Common.CurrentVersion.targets(2451,5): warning MSB3277:             InfragisticsWPF4.Documents.RichTextDocument.Html.v15.1, Version=15.1.20151.2055, Culture=neutral, PublicKeyToken=7dd5c3163f2cd0cb, processorArchitecture=MSIL [C:\Users\ultra\warewolf\Dev\Warewolf.Studio.Themes.Luna\Warewolf.Studio.Themes.Luna.csproj]
C:\Program Files\dotnet\sdk\10.0.201\Microsoft.Common.CurrentVersion.targets(2451,5): warning MSB3277:             InfragisticsWPF4.Documents.RichTextDocument.v15.1, Version=15.1.20151.2055, Culture=neutral, PublicKeyToken=7dd5c3163f2cd0cb, processorArchitecture=MSIL [C:\Users\ultra\warewolf\Dev\Warewolf.Studio.Themes.Luna\Warewolf.Studio.Themes.Luna.csproj]
C:\Program Files\dotnet\sdk\10.0.201\Microsoft.Common.CurrentVersion.targets(2451,5): warning MSB3277:             InfragisticsWPF4.Editors.v15.1, Version=15.1.20151.2055, Culture=neutral, PublicKeyToken=7dd5c3163f2cd0cb, processorArchitecture=MSIL [C:\Users\ultra\warewolf\Dev\Warewolf.Studio.Themes.Luna\Warewolf.Studio.Themes.Luna.csproj]
C:\Program Files\dotnet\sdk\10.0.201\Microsoft.Common.CurrentVersion.targets(2451,5): warning MSB3277:         C:\Users\ultra\.nuget\packages\caliburn.micro\4.0.212\lib\netcoreapp3.1\Caliburn.Micro.Platform.dll [C:\Users\ultra\warewolf\Dev\Warewolf.Studio.Themes.Luna\Warewolf.Studio.Themes.Luna.csproj]
C:\Program Files\dotnet\sdk\10.0.201\Microsoft.Common.CurrentVersion.targets(2451,5): warning MSB3277:           Project file item includes which caused reference "C:\Users\ultra\.nuget\packages\caliburn.micro\4.0.212\lib\netcoreapp3.1\Caliburn.Micro.Platform.dll". [C:\Users\ultra\warewolf\Dev\Warewolf.Studio.Themes.Luna\Warewolf.Studio.Themes.Luna.csproj]
C:\Program Files\dotnet\sdk\10.0.201\Microsoft.Common.CurrentVersion.targets(2451,5): warning MSB3277:             C:\Users\ultra\.nuget\packages\caliburn.micro\4.0.212\lib\netcoreapp3.1\Caliburn.Micro.Platform.dll [C:\Users\ultra\warewolf\Dev\Warewolf.Studio.Themes.Luna\Warewolf.Studio.Themes.Luna.csproj]
C:\Program Files\dotnet\sdk\10.0.201\Microsoft.Common.CurrentVersion.targets(2451,5): warning MSB3277:         C:\Users\ultra\.nuget\packages\extended.wpf.toolkit\4.4.0\lib\net5.0\Xceed.Wpf.AvalonDock.NET5.dll [C:\Users\ultra\warewolf\Dev\Warewolf.Studio.Themes.Luna\Warewolf.Studio.Themes.Luna.csproj]
C:\Program Files\dotnet\sdk\10.0.201\Microsoft.Common.CurrentVersion.targets(2451,5): warning MSB3277:           Project file item includes which caused reference "C:\Users\ultra\.nuget\packages\extended.wpf.toolkit\4.4.0\lib\net5.0\Xceed.Wpf.AvalonDock.NET5.dll". [C:\Users\ultra\warewolf\Dev\Warewolf.Studio.Themes.Luna\Warewolf.Studio.Themes.Luna.csproj]
C:\Program Files\dotnet\sdk\10.0.201\Microsoft.Common.CurrentVersion.targets(2451,5): warning MSB3277:             C:\Users\ultra\.nuget\packages\extended.wpf.toolkit\4.4.0\lib\net5.0\Xceed.Wpf.AvalonDock.NET5.dll [C:\Users\ultra\warewolf\Dev\Warewolf.Studio.Themes.Luna\Warewolf.Studio.Themes.Luna.csproj]
C:\Program Files\dotnet\sdk\10.0.201\Microsoft.Common.CurrentVersion.targets(2451,5): warning MSB3277:             C:\Users\ultra\.nuget\packages\extended.wpf.toolkit\4.4.0\lib\net5.0\Xceed.Wpf.AvalonDock.Themes.Aero.NET5.dll [C:\Users\ultra\warewolf\Dev\Warewolf.Studio.Themes.Luna\Warewolf.Studio.Themes.Luna.csproj]
C:\Program Files\dotnet\sdk\10.0.201\Microsoft.Common.CurrentVersion.targets(2451,5): warning MSB3277:             C:\Users\ultra\.nuget\packages\extended.wpf.toolkit\4.4.0\lib\net5.0\Xceed.Wpf.AvalonDock.Themes.Metro.NET5.dll [C:\Users\ultra\warewolf\Dev\Warewolf.Studio.Themes.Luna\Warewolf.Studio.Themes.Luna.csproj]
C:\Program Files\dotnet\sdk\10.0.201\Microsoft.Common.CurrentVersion.targets(2451,5): warning MSB3277:             C:\Users\ultra\.nuget\packages\extended.wpf.toolkit\4.4.0\lib\net5.0\Xceed.Wpf.AvalonDock.Themes.VS2010.NET5.dll [C:\Users\ultra\warewolf\Dev\Warewolf.Studio.Themes.Luna\Warewolf.Studio.Themes.Luna.csproj]
C:\Program Files\dotnet\sdk\10.0.201\Microsoft.Common.CurrentVersion.targets(2451,5): warning MSB3277:         C:\Users\ultra\.nuget\packages\extended.wpf.toolkit\4.4.0\lib\net5.0\Xceed.Wpf.AvalonDock.Themes.Aero.NET5.dll [C:\Users\ultra\warewolf\Dev\Warewolf.Studio.Themes.Luna\Warewolf.Studio.Themes.Luna.csproj]
C:\Program Files\dotnet\sdk\10.0.201\Microsoft.Common.CurrentVersion.targets(2451,5): warning MSB3277:           Project file item includes which caused reference "C:\Users\ultra\.nuget\packages\extended.wpf.toolkit\4.4.0\lib\net5.0\Xceed.Wpf.AvalonDock.Themes.Aero.NET5.dll". [C:\Users\ultra\warewolf\Dev\Warewolf.Studio.Themes.Luna\Warewolf.Studio.Themes.Luna.csproj]
C:\Program Files\dotnet\sdk\10.0.201\Microsoft.Common.CurrentVersion.targets(2451,5): warning MSB3277:             C:\Users\ultra\.nuget\packages\extended.wpf.toolkit\4.4.0\lib\net5.0\Xceed.Wpf.AvalonDock.Themes.Aero.NET5.dll [C:\Users\ultra\warewolf\Dev\Warewolf.Studio.Themes.Luna\Warewolf.Studio.Themes.Luna.csproj]
C:\Program Files\dotnet\sdk\10.0.201\Microsoft.Common.CurrentVersion.targets(2451,5): warning MSB3277:         C:\Users\ultra\.nuget\packages\extended.wpf.toolkit\4.4.0\lib\net5.0\Xceed.Wpf.Toolkit.NET5.dll [C:\Users\ultra\warewolf\Dev\Warewolf.Studio.Themes.Luna\Warewolf.Studio.Themes.Luna.csproj]
C:\Program Files\dotnet\sdk\10.0.201\Microsoft.Common.CurrentVersion.targets(2451,5): warning MSB3277:           Project file item includes which caused reference "C:\Users\ultra\.nuget\packages\extended.wpf.toolkit\4.4.0\lib\net5.0\Xceed.Wpf.Toolkit.NET5.dll". [C:\Users\ultra\warewolf\Dev\Warewolf.Studio.Themes.Luna\Warewolf.Studio.Themes.Luna.csproj]
C:\Program Files\dotnet\sdk\10.0.201\Microsoft.Common.CurrentVersion.targets(2451,5): warning MSB3277:             C:\Users\ultra\.nuget\packages\extended.wpf.toolkit\4.4.0\lib\net5.0\Xceed.Wpf.Toolkit.NET5.dll [C:\Users\ultra\warewolf\Dev\Warewolf.Studio.Themes.Luna\Warewolf.Studio.Themes.Luna.csproj]
C:\Program Files\dotnet\sdk\10.0.201\Microsoft.Common.CurrentVersion.targets(2451,5): warning MSB3277:         C:\Users\ultra\.nuget\packages\ironpython\3.4.0\lib\net6.0\IronPython.Wpf.dll [C:\Users\ultra\warewolf\Dev\Warewolf.Studio.Themes.Luna\Warewolf.Studio.Themes.Luna.csproj]
C:\Program Files\dotnet\sdk\10.0.201\Microsoft.Common.CurrentVersion.targets(2451,5): warning MSB3277:           Project file item includes which caused reference "C:\Users\ultra\.nuget\packages\ironpython\3.4.0\lib\net6.0\IronPython.Wpf.dll". [C:\Users\ultra\warewolf\Dev\Warewolf.Studio.Themes.Luna\Warewolf.Studio.Themes.Luna.csproj]
C:\Program Files\dotnet\sdk\10.0.201\Microsoft.Common.CurrentVersion.targets(2451,5): warning MSB3277:             C:\Users\ultra\.nuget\packages\ironpython\3.4.0\lib\net6.0\IronPython.Wpf.dll [C:\Users\ultra\warewolf\Dev\Warewolf.Studio.Themes.Luna\Warewolf.Studio.Themes.Luna.csproj]
C:\Program Files\dotnet\sdk\10.0.201\Microsoft.Common.CurrentVersion.targets(2451,5): warning MSB3277:         C:\Users\ultra\.nuget\packages\microsoft.xaml.behaviors.wpf\1.1.122\lib\net462\Microsoft.Xaml.Behaviors.dll [C:\Users\ultra\warewolf\Dev\Warewolf.Studio.Themes.Luna\Warewolf.Studio.Themes.Luna.csproj]
C:\Program Files\dotnet\sdk\10.0.201\Microsoft.Common.CurrentVersion.targets(2451,5): warning MSB3277:           Project file item includes which caused reference "C:\Users\ultra\.nuget\packages\microsoft.xaml.behaviors.wpf\1.1.122\lib\net462\Microsoft.Xaml.Behaviors.dll". [C:\Users\ultra\warewolf\Dev\Warewolf.Studio.Themes.Luna\Warewolf.Studio.Themes.Luna.csproj]
C:\Program Files\dotnet\sdk\10.0.201\Microsoft.Common.CurrentVersion.targets(2451,5): warning MSB3277:             C:\Users\ultra\.nuget\packages\microsoft.xaml.behaviors.wpf\1.1.122\lib\net462\Microsoft.Xaml.Behaviors.dll [C:\Users\ultra\warewolf\Dev\Warewolf.Studio.Themes.Luna\Warewolf.Studio.Themes.Luna.csproj]
C:\Program Files\dotnet\sdk\10.0.201\Microsoft.Common.CurrentVersion.targets(2451,5): warning MSB3277:             C:\Users\ultra\.nuget\packages\caliburn.micro\4.0.212\lib\netcoreapp3.1\Caliburn.Micro.Platform.dll [C:\Users\ultra\warewolf\Dev\Warewolf.Studio.Themes.Luna\Warewolf.Studio.Themes.Luna.csproj]
C:\Program Files\dotnet\sdk\10.0.201\Microsoft.Common.CurrentVersion.targets(2451,5): warning MSB3277:             C:\Users\ultra\.nuget\packages\prism.wpf\9.0.537\lib\net462\Prism.Wpf.dll [C:\Users\ultra\warewolf\Dev\Warewolf.Studio.Themes.Luna\Warewolf.Studio.Themes.Luna.csproj]
C:\Program Files\dotnet\sdk\10.0.201\Microsoft.Common.CurrentVersion.targets(2451,5): warning MSB3277:         C:\Users\ultra\.nuget\packages\prism.wpf\9.0.537\lib\net462\Prism.Wpf.dll [C:\Users\ultra\warewolf\Dev\Warewolf.Studio.Themes.Luna\Warewolf.Studio.Themes.Luna.csproj]
C:\Program Files\dotnet\sdk\10.0.201\Microsoft.Common.CurrentVersion.targets(2451,5): warning MSB3277:           Project file item includes which caused reference "C:\Users\ultra\.nuget\packages\prism.wpf\9.0.537\lib\net462\Prism.Wpf.dll". [C:\Users\ultra\warewolf\Dev\Warewolf.Studio.Themes.Luna\Warewolf.Studio.Themes.Luna.csproj]
C:\Program Files\dotnet\sdk\10.0.201\Microsoft.Common.CurrentVersion.targets(2451,5): warning MSB3277:             C:\Users\ultra\.nuget\packages\prism.wpf\9.0.537\lib\net462\Prism.Wpf.dll [C:\Users\ultra\warewolf\Dev\Warewolf.Studio.Themes.Luna\Warewolf.Studio.Themes.Luna.csproj]
C:\Program Files\dotnet\sdk\10.0.201\Microsoft.Common.CurrentVersion.targets(2451,5): warning MSB3277:         C:\Users\ultra\.nuget\packages\reactiveui.wpf\18.4.1\lib\net462\ReactiveUI.Wpf.dll [C:\Users\ultra\warewolf\Dev\Warewolf.Studio.Themes.Luna\Warewolf.Studio.Themes.Luna.csproj]
C:\Program Files\dotnet\sdk\10.0.201\Microsoft.Common.CurrentVersion.targets(2451,5): warning MSB3277:           Project file item includes which caused reference "C:\Users\ultra\.nuget\packages\reactiveui.wpf\18.4.1\lib\net462\ReactiveUI.Wpf.dll". [C:\Users\ultra\warewolf\Dev\Warewolf.Studio.Themes.Luna\Warewolf.Studio.Themes.Luna.csproj]
C:\Program Files\dotnet\sdk\10.0.201\Microsoft.Common.CurrentVersion.targets(2451,5): warning MSB3277:             C:\Users\ultra\.nuget\packages\reactiveui.wpf\18.4.1\lib\net462\ReactiveUI.Wpf.dll [C:\Users\ultra\warewolf\Dev\Warewolf.Studio.Themes.Luna\Warewolf.Studio.Themes.Luna.csproj]
C:\Program Files\dotnet\sdk\10.0.201\Microsoft.Common.CurrentVersion.targets(2451,5): warning MSB3277:         C:\Users\ultra\warewolf\Dev\Binaries\Infragistcs_Net6\InfragisticsWPF4.Undo.v15.1.dll [C:\Users\ultra\warewolf\Dev\Warewolf.Studio.Themes.Luna\Warewolf.Studio.Themes.Luna.csproj]
C:\Program Files\dotnet\sdk\10.0.201\Microsoft.Common.CurrentVersion.targets(2451,5): warning MSB3277:           Project file item includes which caused reference "C:\Users\ultra\warewolf\Dev\Binaries\Infragistcs_Net6\InfragisticsWPF4.Undo.v15.1.dll". [C:\Users\ultra\warewolf\Dev\Warewolf.Studio.Themes.Luna\Warewolf.Studio.Themes.Luna.csproj]
C:\Program Files\dotnet\sdk\10.0.201\Microsoft.Common.CurrentVersion.targets(2451,5): warning MSB3277:             InfragisticsWPF4.Controls.Editors.XamRichTextEditor.v15.1, Version=15.1.20151.2055, Culture=neutral, PublicKeyToken=7dd5c3163f2cd0cb, processorArchitecture=MSIL [C:\Users\ultra\warewolf\Dev\Warewolf.Studio.Themes.Luna\Warewolf.Studio.Themes.Luna.csproj]
C:\Program Files\dotnet\sdk\10.0.201\Microsoft.Common.CurrentVersion.targets(2451,5): warning MSB3277:             InfragisticsWPF4.Controls.Editors.XamSyntaxEditor.v15.1, Version=15.1.20151.2055, Culture=neutral, PublicKeyToken=7dd5c3163f2cd0cb, processorArchitecture=MSIL [C:\Users\ultra\warewolf\Dev\Warewolf.Studio.Themes.Luna\Warewolf.Studio.Themes.Luna.csproj]
C:\Program Files\dotnet\sdk\10.0.201\Microsoft.Common.CurrentVersion.targets(2451,5): warning MSB3277:             InfragisticsWPF4.Documents.RichTextDocument.v15.1, Version=15.1.20151.2055, Culture=neutral, PublicKeyToken=7dd5c3163f2cd0cb, processorArchitecture=MSIL [C:\Users\ultra\warewolf\Dev\Warewolf.Studio.Themes.Luna\Warewolf.Studio.Themes.Luna.csproj]
C:\Program Files\dotnet\sdk\10.0.201\Microsoft.Common.CurrentVersion.targets(2451,5): warning MSB3277:             InfragisticsWPF4.Documents.RichTextDocument.Html.v15.1, Version=15.1.20151.2055, Culture=neutral, PublicKeyToken=7dd5c3163f2cd0cb, processorArchitecture=MSIL [C:\Users\ultra\warewolf\Dev\Warewolf.Studio.Themes.Luna\Warewolf.Studio.Themes.Luna.csproj]
C:\Program Files\dotnet\sdk\10.0.201\Microsoft.Common.CurrentVersion.targets(2451,5): warning MSB3277:         C:\Users\ultra\warewolf\Dev\Binaries\Infragistcs_Net6\InfragisticsWPF4.Controls.Editors.XamDateTimeInput.v15.1.dll [C:\Users\ultra\warewolf\Dev\Warewolf.Studio.Themes.Luna\Warewolf.Studio.Themes.Luna.csproj]
C:\Program Files\dotnet\sdk\10.0.201\Microsoft.Common.CurrentVersion.targets(2451,5): warning MSB3277:           Project file item includes which caused reference "C:\Users\ultra\warewolf\Dev\Binaries\Infragistcs_Net6\InfragisticsWPF4.Controls.Editors.XamDateTimeInput.v15.1.dll". [C:\Users\ultra\warewolf\Dev\Warewolf.Studio.Themes.Luna\Warewolf.Studio.Themes.Luna.csproj]
C:\Program Files\dotnet\sdk\10.0.201\Microsoft.Common.CurrentVersion.targets(2451,5): warning MSB3277:             InfragisticsWPF4.Controls.Grids.DateTimeColumn.v15.1, Version=15.1.20151.2055, Culture=neutral, PublicKeyToken=7dd5c3163f2cd0cb, processorArchitecture=MSIL [C:\Users\ultra\warewolf\Dev\Warewolf.Studio.Themes.Luna\Warewolf.Studio.Themes.Luna.csproj]
C:\Program Files\dotnet\sdk\10.0.201\Microsoft.Common.CurrentVersion.targets(2451,5): warning MSB3277:         C:\Users\ultra\warewolf\Dev\Binaries\Infragistcs_Net6\InfragisticsWPF4.Controls.Editors.XamMaskedInput.v15.1.dll [C:\Users\ultra\warewolf\Dev\Warewolf.Studio.Themes.Luna\Warewolf.Studio.Themes.Luna.csproj]
C:\Program Files\dotnet\sdk\10.0.201\Microsoft.Common.CurrentVersion.targets(2451,5): warning MSB3277:           Project file item includes which caused reference "C:\Users\ultra\warewolf\Dev\Binaries\Infragistcs_Net6\InfragisticsWPF4.Controls.Editors.XamMaskedInput.v15.1.dll". [C:\Users\ultra\warewolf\Dev\Warewolf.Studio.Themes.Luna\Warewolf.Studio.Themes.Luna.csproj]
C:\Program Files\dotnet\sdk\10.0.201\Microsoft.Common.CurrentVersion.targets(2451,5): warning MSB3277:             InfragisticsWPF4.Controls.Grids.DateTimeColumn.v15.1, Version=15.1.20151.2055, Culture=neutral, PublicKeyToken=7dd5c3163f2cd0cb, processorArchitecture=MSIL [C:\Users\ultra\warewolf\Dev\Warewolf.Studio.Themes.Luna\Warewolf.Studio.Themes.Luna.csproj]
C:\Program Files\dotnet\sdk\10.0.201\Microsoft.Common.CurrentVersion.targets(2451,5): warning MSB3277:         C:\Users\ultra\warewolf\Dev\Binaries\Infragistcs_Net6\InfragisticsWPF4.DragDrop.v15.1.dll [C:\Users\ultra\warewolf\Dev\Warewolf.Studio.Themes.Luna\Warewolf.Studio.Themes.Luna.csproj]
C:\Program Files\dotnet\sdk\10.0.201\Microsoft.Common.CurrentVersion.targets(2451,5): warning MSB3277:           Project file item includes which caused reference "C:\Users\ultra\warewolf\Dev\Binaries\Infragistcs_Net6\InfragisticsWPF4.DragDrop.v15.1.dll". [C:\Users\ultra\warewolf\Dev\Warewolf.Studio.Themes.Luna\Warewolf.Studio.Themes.Luna.csproj]
C:\Program Files\dotnet\sdk\10.0.201\Microsoft.Common.CurrentVersion.targets(2451,5): warning MSB3277:             InfragisticsWPF4.Controls.Menus.XamDataTree.v15.1 [C:\Users\ultra\warewolf\Dev\Warewolf.Studio.Themes.Luna\Warewolf.Studio.Themes.Luna.csproj]
C:\Program Files\dotnet\sdk\10.0.201\Microsoft.Common.CurrentVersion.targets(2451,5): warning MSB3277:         C:\Users\ultra\warewolf\Dev\Binaries\Infragistcs_Net6\InfragisticsWPF4.Controls.Editors.XamCalendar.v15.1.dll [C:\Users\ultra\warewolf\Dev\Warewolf.Studio.Themes.Luna\Warewolf.Studio.Themes.Luna.csproj]
C:\Program Files\dotnet\sdk\10.0.201\Microsoft.Common.CurrentVersion.targets(2451,5): warning MSB3277:           Project file item includes which caused reference "C:\Users\ultra\warewolf\Dev\Binaries\Infragistcs_Net6\InfragisticsWPF4.Controls.Editors.XamCalendar.v15.1.dll". [C:\Users\ultra\warewolf\Dev\Warewolf.Studio.Themes.Luna\Warewolf.Studio.Themes.Luna.csproj]
C:\Program Files\dotnet\sdk\10.0.201\Microsoft.Common.CurrentVersion.targets(2451,5): warning MSB3277:             InfragisticsWPF4.Controls.Grids.DateTimeColumn.v15.1, Version=15.1.20151.2055, Culture=neutral, PublicKeyToken=7dd5c3163f2cd0cb, processorArchitecture=MSIL [C:\Users\ultra\warewolf\Dev\Warewolf.Studio.Themes.Luna\Warewolf.Studio.Themes.Luna.csproj]
C:\Program Files\dotnet\sdk\10.0.201\Microsoft.Common.CurrentVersion.targets(2451,5): warning MSB3277: Found conflicts between different versions of "System.IO.Packaging" that could not be resolved. [C:\Users\ultra\warewolf\Dev\Warewolf.Studio.Themes.Luna\Warewolf.Studio.Themes.Luna.csproj]
C:\Program Files\dotnet\sdk\10.0.201\Microsoft.Common.CurrentVersion.targets(2451,5): warning MSB3277: There was a conflict between "System.IO.Packaging, Version=6.0.0.0, Culture=neutral, PublicKeyToken=b03f5f7f11d50a3a" and "System.IO.Packaging, Version=7.0.0.0, Culture=neutral, PublicKeyToken=b03f5f7f11d50a3a". [C:\Users\ultra\warewolf\Dev\Warewolf.Studio.Themes.Luna\Warewolf.Studio.Themes.Luna.csproj]
C:\Program Files\dotnet\sdk\10.0.201\Microsoft.Common.CurrentVersion.targets(2451,5): warning MSB3277:     "System.IO.Packaging, Version=6.0.0.0, Culture=neutral, PublicKeyToken=b03f5f7f11d50a3a" was chosen because it was primary and "System.IO.Packaging, Version=7.0.0.0, Culture=neutral, PublicKeyToken=b03f5f7f11d50a3a" was not. [C:\Users\ultra\warewolf\Dev\Warewolf.Studio.Themes.Luna\Warewolf.Studio.Themes.Luna.csproj]
C:\Program Files\dotnet\sdk\10.0.201\Microsoft.Common.CurrentVersion.targets(2451,5): warning MSB3277:     References which depend on "System.IO.Packaging, Version=6.0.0.0, Culture=neutral, PublicKeyToken=b03f5f7f11d50a3a" [C:\Users\ultra\.nuget\packages\system.io.packaging\6.0.0\lib\net6.0\System.IO.Packaging.dll]. [C:\Users\ultra\warewolf\Dev\Warewolf.Studio.Themes.Luna\Warewolf.Studio.Themes.Luna.csproj]
C:\Program Files\dotnet\sdk\10.0.201\Microsoft.Common.CurrentVersion.targets(2451,5): warning MSB3277:         C:\Users\ultra\.nuget\packages\system.io.packaging\6.0.0\lib\net6.0\System.IO.Packaging.dll [C:\Users\ultra\warewolf\Dev\Warewolf.Studio.Themes.Luna\Warewolf.Studio.Themes.Luna.csproj]
C:\Program Files\dotnet\sdk\10.0.201\Microsoft.Common.CurrentVersion.targets(2451,5): warning MSB3277:           Project file item includes which caused reference "C:\Users\ultra\.nuget\packages\system.io.packaging\6.0.0\lib\net6.0\System.IO.Packaging.dll". [C:\Users\ultra\warewolf\Dev\Warewolf.Studio.Themes.Luna\Warewolf.Studio.Themes.Luna.csproj]
C:\Program Files\dotnet\sdk\10.0.201\Microsoft.Common.CurrentVersion.targets(2451,5): warning MSB3277:             C:\Users\ultra\.nuget\packages\system.io.packaging\6.0.0\lib\net6.0\System.IO.Packaging.dll [C:\Users\ultra\warewolf\Dev\Warewolf.Studio.Themes.Luna\Warewolf.Studio.Themes.Luna.csproj]
C:\Program Files\dotnet\sdk\10.0.201\Microsoft.Common.CurrentVersion.targets(2451,5): warning MSB3277:     References which depend on or have been unified to "System.IO.Packaging, Version=7.0.0.0, Culture=neutral, PublicKeyToken=b03f5f7f11d50a3a" []. [C:\Users\ultra\warewolf\Dev\Warewolf.Studio.Themes.Luna\Warewolf.Studio.Themes.Luna.csproj]
C:\Program Files\dotnet\sdk\10.0.201\Microsoft.Common.CurrentVersion.targets(2451,5): warning MSB3277:         C:\Users\ultra\warewolf\Dev\Binaries\Infragistcs_Net6\InfragisticsWPF4.Documents.RichTextDocument.v15.1.dll [C:\Users\ultra\warewolf\Dev\Warewolf.Studio.Themes.Luna\Warewolf.Studio.Themes.Luna.csproj]
C:\Program Files\dotnet\sdk\10.0.201\Microsoft.Common.CurrentVersion.targets(2451,5): warning MSB3277:           Project file item includes which caused reference "C:\Users\ultra\warewolf\Dev\Binaries\Infragistcs_Net6\InfragisticsWPF4.Documents.RichTextDocument.v15.1.dll". [C:\Users\ultra\warewolf\Dev\Warewolf.Studio.Themes.Luna\Warewolf.Studio.Themes.Luna.csproj]
C:\Program Files\dotnet\sdk\10.0.201\Microsoft.Common.CurrentVersion.targets(2451,5): warning MSB3277:             InfragisticsWPF4.Documents.RichTextDocument.v15.1, Version=15.1.20151.2055, Culture=neutral, PublicKeyToken=7dd5c3163f2cd0cb, processorArchitecture=MSIL [C:\Users\ultra\warewolf\Dev\Warewolf.Studio.Themes.Luna\Warewolf.Studio.Themes.Luna.csproj]
C:\Program Files\dotnet\sdk\10.0.201\Microsoft.Common.CurrentVersion.targets(2451,5): warning MSB3277:             InfragisticsWPF4.Controls.Editors.XamRichTextEditor.v15.1, Version=15.1.20151.2055, Culture=neutral, PublicKeyToken=7dd5c3163f2cd0cb, processorArchitecture=MSIL [C:\Users\ultra\warewolf\Dev\Warewolf.Studio.Themes.Luna\Warewolf.Studio.Themes.Luna.csproj]
C:\Program Files\dotnet\sdk\10.0.201\Microsoft.Common.CurrentVersion.targets(2451,5): warning MSB3277:             InfragisticsWPF4.Documents.RichTextDocument.Html.v15.1, Version=15.1.20151.2055, Culture=neutral, PublicKeyToken=7dd5c3163f2cd0cb, processorArchitecture=MSIL [C:\Users\ultra\warewolf\Dev\Warewolf.Studio.Themes.Luna\Warewolf.Studio.Themes.Luna.csproj]
C:\Program Files\dotnet\sdk\10.0.201\Microsoft.Common.CurrentVersion.targets(2451,5): warning MSB3277:         C:\Program Files\dotnet\packs\Microsoft.NETCore.App.Ref\8.0.25\ref\net8.0\WindowsBase.dll [C:\Users\ultra\warewolf\Dev\Warewolf.Studio.Themes.Luna\Warewolf.Studio.Themes.Luna.csproj]
C:\Program Files\dotnet\sdk\10.0.201\Microsoft.Common.CurrentVersion.targets(2451,5): warning MSB3277:           Project file item includes which caused reference "C:\Program Files\dotnet\packs\Microsoft.NETCore.App.Ref\8.0.25\ref\net8.0\WindowsBase.dll". [C:\Users\ultra\warewolf\Dev\Warewolf.Studio.Themes.Luna\Warewolf.Studio.Themes.Luna.csproj]
C:\Program Files\dotnet\sdk\10.0.201\Microsoft.Common.CurrentVersion.targets(2451,5): warning MSB3277:             C:\Program Files\dotnet\packs\Microsoft.NETCore.App.Ref\8.0.25\ref/net8.0/WindowsBase.dll [C:\Users\ultra\warewolf\Dev\Warewolf.Studio.Themes.Luna\Warewolf.Studio.Themes.Luna.csproj]
C:\Program Files\dotnet\sdk\10.0.201\Microsoft.Common.CurrentVersion.targets(2451,5): warning MSB3277:         C:\Users\ultra\warewolf\Dev\Binaries\Infragistcs_Net6\InfragisticsWPF4.Documents.Core.v15.1.dll [C:\Users\ultra\warewolf\Dev\Warewolf.Studio.Themes.Luna\Warewolf.Studio.Themes.Luna.csproj]
C:\Program Files\dotnet\sdk\10.0.201\Microsoft.Common.CurrentVersion.targets(2451,5): warning MSB3277:           Project file item includes which caused reference "C:\Users\ultra\warewolf\Dev\Binaries\Infragistcs_Net6\InfragisticsWPF4.Documents.Core.v15.1.dll". [C:\Users\ultra\warewolf\Dev\Warewolf.Studio.Themes.Luna\Warewolf.Studio.Themes.Luna.csproj]
C:\Program Files\dotnet\sdk\10.0.201\Microsoft.Common.CurrentVersion.targets(2451,5): warning MSB3277:             InfragisticsWPF4.Documents.RichTextDocument.Html.v15.1, Version=15.1.20151.2055, Culture=neutral, PublicKeyToken=7dd5c3163f2cd0cb, processorArchitecture=MSIL [C:\Users\ultra\warewolf\Dev\Warewolf.Studio.Themes.Luna\Warewolf.Studio.Themes.Luna.csproj]
C:\Program Files\dotnet\sdk\10.0.201\Microsoft.Common.CurrentVersion.targets(2451,5): warning MSB3277: Found conflicts between different versions of "System.Windows.Extensions" that could not be resolved. [C:\Users\ultra\warewolf\Dev\Warewolf.Studio.Themes.Luna\Warewolf.Studio.Themes.Luna.csproj]
C:\Program Files\dotnet\sdk\10.0.201\Microsoft.Common.CurrentVersion.targets(2451,5): warning MSB3277: There was a conflict between "System.Windows.Extensions, Version=6.0.0.0, Culture=neutral, PublicKeyToken=cc7b13ffcd2ddd51" and "System.Windows.Extensions, Version=7.0.0.0, Culture=neutral, PublicKeyToken=cc7b13ffcd2ddd51". [C:\Users\ultra\warewolf\Dev\Warewolf.Studio.Themes.Luna\Warewolf.Studio.Themes.Luna.csproj]
C:\Program Files\dotnet\sdk\10.0.201\Microsoft.Common.CurrentVersion.targets(2451,5): warning MSB3277:     "System.Windows.Extensions, Version=6.0.0.0, Culture=neutral, PublicKeyToken=cc7b13ffcd2ddd51" was chosen because it was primary and "System.Windows.Extensions, Version=7.0.0.0, Culture=neutral, PublicKeyToken=cc7b13ffcd2ddd51" was not. [C:\Users\ultra\warewolf\Dev\Warewolf.Studio.Themes.Luna\Warewolf.Studio.Themes.Luna.csproj]
C:\Program Files\dotnet\sdk\10.0.201\Microsoft.Common.CurrentVersion.targets(2451,5): warning MSB3277:     References which depend on "System.Windows.Extensions, Version=6.0.0.0, Culture=neutral, PublicKeyToken=cc7b13ffcd2ddd51" [C:\Users\ultra\.nuget\packages\system.windows.extensions\6.0.0\lib\net6.0\System.Windows.Extensions.dll]. [C:\Users\ultra\warewolf\Dev\Warewolf.Studio.Themes.Luna\Warewolf.Studio.Themes.Luna.csproj]
C:\Program Files\dotnet\sdk\10.0.201\Microsoft.Common.CurrentVersion.targets(2451,5): warning MSB3277:         C:\Users\ultra\.nuget\packages\system.windows.extensions\6.0.0\lib\net6.0\System.Windows.Extensions.dll [C:\Users\ultra\warewolf\Dev\Warewolf.Studio.Themes.Luna\Warewolf.Studio.Themes.Luna.csproj]
C:\Program Files\dotnet\sdk\10.0.201\Microsoft.Common.CurrentVersion.targets(2451,5): warning MSB3277:           Project file item includes which caused reference "C:\Users\ultra\.nuget\packages\system.windows.extensions\6.0.0\lib\net6.0\System.Windows.Extensions.dll". [C:\Users\ultra\warewolf\Dev\Warewolf.Studio.Themes.Luna\Warewolf.Studio.Themes.Luna.csproj]
C:\Program Files\dotnet\sdk\10.0.201\Microsoft.Common.CurrentVersion.targets(2451,5): warning MSB3277:             C:\Users\ultra\.nuget\packages\system.windows.extensions\6.0.0\lib\net6.0\System.Windows.Extensions.dll [C:\Users\ultra\warewolf\Dev\Warewolf.Studio.Themes.Luna\Warewolf.Studio.Themes.Luna.csproj]
C:\Program Files\dotnet\sdk\10.0.201\Microsoft.Common.CurrentVersion.targets(2451,5): warning MSB3277:     References which depend on or have been unified to "System.Windows.Extensions, Version=7.0.0.0, Culture=neutral, PublicKeyToken=cc7b13ffcd2ddd51" []. [C:\Users\ultra\warewolf\Dev\Warewolf.Studio.Themes.Luna\Warewolf.Studio.Themes.Luna.csproj]
C:\Program Files\dotnet\sdk\10.0.201\Microsoft.Common.CurrentVersion.targets(2451,5): warning MSB3277:         C:\Users\ultra\warewolf\Dev\Binaries\Infragistcs_Net6\InfragisticsWPF4.Editors.v15.1.dll [C:\Users\ultra\warewolf\Dev\Warewolf.Studio.Themes.Luna\Warewolf.Studio.Themes.Luna.csproj]
C:\Program Files\dotnet\sdk\10.0.201\Microsoft.Common.CurrentVersion.targets(2451,5): warning MSB3277:           Project file item includes which caused reference "C:\Users\ultra\warewolf\Dev\Binaries\Infragistcs_Net6\InfragisticsWPF4.Editors.v15.1.dll". [C:\Users\ultra\warewolf\Dev\Warewolf.Studio.Themes.Luna\Warewolf.Studio.Themes.Luna.csproj]
C:\Program Files\dotnet\sdk\10.0.201\Microsoft.Common.CurrentVersion.targets(2451,5): warning MSB3277:             InfragisticsWPF4.Editors.v15.1, Version=15.1.20151.2055, Culture=neutral, PublicKeyToken=7dd5c3163f2cd0cb, processorArchitecture=MSIL [C:\Users\ultra\warewolf\Dev\Warewolf.Studio.Themes.Luna\Warewolf.Studio.Themes.Luna.csproj]
C:\Program Files\dotnet\sdk\10.0.201\Microsoft.Common.CurrentVersion.targets(2451,5): warning MSB3277:             InfragisticsWPF4.DataPresenter.v15.1, Version=15.1.20151.2055, Culture=neutral, PublicKeyToken=7dd5c3163f2cd0cb, processorArchitecture=MSIL [C:\Users\ultra\warewolf\Dev\Warewolf.Studio.Themes.Luna\Warewolf.Studio.Themes.Luna.csproj]
C:\Program Files\dotnet\sdk\10.0.201\Microsoft.Common.CurrentVersion.targets(2451,5): warning MSB3277:         C:\Users\ultra\.nuget\packages\extended.wpf.toolkit\4.4.0\lib\net5.0\Xceed.Wpf.Toolkit.NET5.dll [C:\Users\ultra\warewolf\Dev\Warewolf.Studio.Themes.Luna\Warewolf.Studio.Themes.Luna.csproj]
C:\Program Files\dotnet\sdk\10.0.201\Microsoft.Common.CurrentVersion.targets(2451,5): warning MSB3277:           Project file item includes which caused reference "C:\Users\ultra\.nuget\packages\extended.wpf.toolkit\4.4.0\lib\net5.0\Xceed.Wpf.Toolkit.NET5.dll". [C:\Users\ultra\warewolf\Dev\Warewolf.Studio.Themes.Luna\Warewolf.Studio.Themes.Luna.csproj]
C:\Program Files\dotnet\sdk\10.0.201\Microsoft.Common.CurrentVersion.targets(2451,5): warning MSB3277:             C:\Users\ultra\.nuget\packages\extended.wpf.toolkit\4.4.0\lib\net5.0\Xceed.Wpf.Toolkit.NET5.dll [C:\Users\ultra\warewolf\Dev\Warewolf.Studio.Themes.Luna\Warewolf.Studio.Themes.Luna.csproj]
C:\Program Files\dotnet\sdk\10.0.201\Microsoft.Common.CurrentVersion.targets(2451,5): warning MSB3277:         C:\Users\ultra\.nuget\packages\system.security.permissions\6.0.0\lib\net6.0\System.Security.Permissions.dll [C:\Users\ultra\warewolf\Dev\Warewolf.Studio.Themes.Luna\Warewolf.Studio.Themes.Luna.csproj]
C:\Program Files\dotnet\sdk\10.0.201\Microsoft.Common.CurrentVersion.targets(2451,5): warning MSB3277:           Project file item includes which caused reference "C:\Users\ultra\.nuget\packages\system.security.permissions\6.0.0\lib\net6.0\System.Security.Permissions.dll". [C:\Users\ultra\warewolf\Dev\Warewolf.Studio.Themes.Luna\Warewolf.Studio.Themes.Luna.csproj]
C:\Program Files\dotnet\sdk\10.0.201\Microsoft.Common.CurrentVersion.targets(2451,5): warning MSB3277:             C:\Users\ultra\.nuget\packages\system.security.permissions\6.0.0\lib\net6.0\System.Security.Permissions.dll [C:\Users\ultra\warewolf\Dev\Warewolf.Studio.Themes.Luna\Warewolf.Studio.Themes.Luna.csproj]
C:\Program Files\dotnet\sdk\10.0.201\Microsoft.Common.CurrentVersion.targets(2451,5): warning MSB3277:         C:\Program Files\dotnet\packs\Microsoft.NETCore.App.Ref\8.0.25\ref\net8.0\System.Security.dll [C:\Users\ultra\warewolf\Dev\Warewolf.Studio.Themes.Luna\Warewolf.Studio.Themes.Luna.csproj]
C:\Program Files\dotnet\sdk\10.0.201\Microsoft.Common.CurrentVersion.targets(2451,5): warning MSB3277:           Project file item includes which caused reference "C:\Program Files\dotnet\packs\Microsoft.NETCore.App.Ref\8.0.25\ref\net8.0\System.Security.dll". [C:\Users\ultra\warewolf\Dev\Warewolf.Studio.Themes.Luna\Warewolf.Studio.Themes.Luna.csproj]
C:\Program Files\dotnet\sdk\10.0.201\Microsoft.Common.CurrentVersion.targets(2451,5): warning MSB3277:             C:\Program Files\dotnet\packs\Microsoft.NETCore.App.Ref\8.0.25\ref/net8.0/System.Security.dll [C:\Users\ultra\warewolf\Dev\Warewolf.Studio.Themes.Luna\Warewolf.Studio.Themes.Luna.csproj]
C:\Program Files\dotnet\sdk\10.0.201\Microsoft.Common.CurrentVersion.targets(2451,5): warning MSB3277:         C:\Program Files\dotnet\packs\Microsoft.NETCore.App.Ref\8.0.25\ref\net8.0\System.dll [C:\Users\ultra\warewolf\Dev\Warewolf.Studio.Themes.Luna\Warewolf.Studio.Themes.Luna.csproj]
C:\Program Files\dotnet\sdk\10.0.201\Microsoft.Common.CurrentVersion.targets(2451,5): warning MSB3277:           Project file item includes which caused reference "C:\Program Files\dotnet\packs\Microsoft.NETCore.App.Ref\8.0.25\ref\net8.0\System.dll". [C:\Users\ultra\warewolf\Dev\Warewolf.Studio.Themes.Luna\Warewolf.Studio.Themes.Luna.csproj]
C:\Program Files\dotnet\sdk\10.0.201\Microsoft.Common.CurrentVersion.targets(2451,5): warning MSB3277:             C:\Program Files\dotnet\packs\Microsoft.NETCore.App.Ref\8.0.25\ref/net8.0/System.dll [C:\Users\ultra\warewolf\Dev\Warewolf.Studio.Themes.Luna\Warewolf.Studio.Themes.Luna.csproj]
C:\Program Files\dotnet\sdk\10.0.201\Microsoft.Common.CurrentVersion.targets(2451,5): warning MSB3277:             C:\Users\ultra\.nuget\packages\aerowizard\2.3.1\lib\net45\AeroWizard.dll [C:\Users\ultra\warewolf\Dev\Warewolf.Studio.Themes.Luna\Warewolf.Studio.Themes.Luna.csproj]
C:\Program Files\dotnet\sdk\10.0.201\Microsoft.Common.CurrentVersion.targets(2451,5): warning MSB3277:             C:\Users\ultra\.nuget\packages\groupcontrols\1.9.0\lib\net45\GroupControls.dll [C:\Users\ultra\warewolf\Dev\Warewolf.Studio.Themes.Luna\Warewolf.Studio.Themes.Luna.csproj]
C:\Program Files\dotnet\sdk\10.0.201\Microsoft.Common.CurrentVersion.targets(2451,5): warning MSB3277:             C:\Users\ultra\.nuget\packages\microsoft.xaml.behaviors.wpf\1.1.122\lib\net462\Microsoft.Xaml.Behaviors.dll [C:\Users\ultra\warewolf\Dev\Warewolf.Studio.Themes.Luna\Warewolf.Studio.Themes.Luna.csproj]
C:\Program Files\dotnet\sdk\10.0.201\Microsoft.Common.CurrentVersion.targets(2451,5): warning MSB3277:             C:\Users\ultra\.nuget\packages\caliburn.micro\4.0.212\lib\netcoreapp3.1\Caliburn.Micro.Platform.dll [C:\Users\ultra\warewolf\Dev\Warewolf.Studio.Themes.Luna\Warewolf.Studio.Themes.Luna.csproj]
C:\Program Files\dotnet\sdk\10.0.201\Microsoft.Common.CurrentVersion.targets(2451,5): warning MSB3277:             C:\Users\ultra\.nuget\packages\prism.wpf\9.0.537\lib\net462\Prism.Wpf.dll [C:\Users\ultra\warewolf\Dev\Warewolf.Studio.Themes.Luna\Warewolf.Studio.Themes.Luna.csproj]
C:\Program Files\dotnet\sdk\10.0.201\Microsoft.Common.CurrentVersion.targets(2451,5): warning MSB3277:             C:\Users\ultra\.nuget\packages\reactiveui.wpf\18.4.1\lib\net462\ReactiveUI.Wpf.dll [C:\Users\ultra\warewolf\Dev\Warewolf.Studio.Themes.Luna\Warewolf.Studio.Themes.Luna.csproj]
C:\Program Files\dotnet\sdk\10.0.201\Microsoft.Common.CurrentVersion.targets(2451,5): warning MSB3277:             C:\Users\ultra\.nuget\packages\taskschedulereditor\2.10.1\lib\net452\Microsoft.Win32.TaskSchedulerEditor.dll [C:\Users\ultra\warewolf\Dev\Warewolf.Studio.Themes.Luna\Warewolf.Studio.Themes.Luna.csproj]
C:\Program Files\dotnet\sdk\10.0.201\Microsoft.Common.CurrentVersion.targets(2451,5): warning MSB3277:             C:\Users\ultra\.nuget\packages\ttcue.netcore.sharepointonline.csom.16.1.8029.1200\16.1.8029.1200\lib\netcoreapp2.0\Microsoft.SharePoint.Client.Runtime.Windows.dll [C:\Users\ultra\warewolf\Dev\Warewolf.Studio.Themes.Luna\Warewolf.Studio.Themes.Luna.csproj]
C:\Program Files\dotnet\sdk\10.0.201\Microsoft.Common.CurrentVersion.targets(2451,5): warning MSB3277:         C:\Users\ultra\warewolf\Dev\Binaries\Infragistcs_Net6\InfragisticsWPF4.Controls.Editors.XamMaskedInput.v15.1.dll [C:\Users\ultra\warewolf\Dev\Warewolf.Studio.Themes.Luna\Warewolf.Studio.Themes.Luna.csproj]
C:\Program Files\dotnet\sdk\10.0.201\Microsoft.Common.CurrentVersion.targets(2451,5): warning MSB3277:           Project file item includes which caused reference "C:\Users\ultra\warewolf\Dev\Binaries\Infragistcs_Net6\InfragisticsWPF4.Controls.Editors.XamMaskedInput.v15.1.dll". [C:\Users\ultra\warewolf\Dev\Warewolf.Studio.Themes.Luna\Warewolf.Studio.Themes.Luna.csproj]
C:\Program Files\dotnet\sdk\10.0.201\Microsoft.Common.CurrentVersion.targets(2451,5): warning MSB3277:             InfragisticsWPF4.Controls.Grids.DateTimeColumn.v15.1, Version=15.1.20151.2055, Culture=neutral, PublicKeyToken=7dd5c3163f2cd0cb, processorArchitecture=MSIL [C:\Users\ultra\warewolf\Dev\Warewolf.Studio.Themes.Luna\Warewolf.Studio.Themes.Luna.csproj]
  Consider app.config remapping of assembly "System.Data.SQLite, Culture=neutral, PublicKeyToken=db937bc2d44ff139" from Version "1.0.117.0" [] to Version "1.0.118.0" [C:\Users\ultra\.nuget\packages\stub.system.data.sqlite.core.netstandard\1.0.118\lib\netstandard2.1\System.Data.SQLite.dll] to solve conflict and get rid of warning.
C:\Program Files\dotnet\sdk\10.0.201\Sdks\Microsoft.NET.Sdk\targets\Microsoft.NET.Sdk.targets(308,5): warning NETSDK1206: Found version-specific or distribution-specific runtime identifier(s): win10-x64, win10-x86, win7-x64, win7-x86, win8-x64, win8-x86, win81-x64, win81-x86. Affected libraries: Microsoft.Management.Infrastructure.Runtime.Win, SQLite. In .NET 8.0 and higher, assets for version-specific and distribution-specific runtime identifiers will not be found by default. See https://aka.ms/dotnet/rid-usage for details. [C:\Users\ultra\warewolf\Dev\Warewolf.Common.Framework48\Warewolf.Common.Framework48.csproj]
  Warewolf.Common.Framework48 -> C:\Users\ultra\warewolf\Dev\Warewolf.Common.Framework48\bin\Debug\net8.0\Warewolf.Common.Framework48.dll
C:\Program Files\dotnet\sdk\10.0.201\Microsoft.Common.CurrentVersion.targets(2451,5): warning MSB3245: Could not resolve this reference. Could not locate the assembly "System.Web". Check to make sure the assembly exists on disk. If this reference is required by your code, you may get compilation errors. [C:\Users\ultra\warewolf\Dev\Dev2.Runtime.WebServer\Dev2.Runtime.WebServer.csproj]
  WorkerExtensions -> C:\Users\ultra\warewolf\Dev\Warewolf.Execution.Lightweight\obj\Debug\net8.0\WorkerExtensions\buildout\Microsoft.Azure.Functions.Worker.Extensions.dll
C:\Program Files\dotnet\sdk\10.0.201\Microsoft.Common.CurrentVersion.targets(2451,5): warning MSB3243: No way to resolve conflict between "System.Web, Version=4.0.0.0, Culture=neutral, PublicKeyToken=b03f5f7f11d50a3a" and "System.Web". Choosing "System.Web, Version=4.0.0.0, Culture=neutral, PublicKeyToken=b03f5f7f11d50a3a" arbitrarily. [C:\Users\ultra\warewolf\Dev\Dev2.Runtime.WebServer\Dev2.Runtime.WebServer.csproj]
C:\Program Files\dotnet\sdk\10.0.201\Microsoft.Common.CurrentVersion.targets(2451,5): warning MSB3277: Found conflicts between different versions of "WindowsBase" that could not be resolved. [C:\Users\ultra\warewolf\Dev\Dev2.Runtime.WebServer\Dev2.Runtime.WebServer.csproj]
C:\Program Files\dotnet\sdk\10.0.201\Microsoft.Common.CurrentVersion.targets(2451,5): warning MSB3277: There was a conflict between "WindowsBase, Version=4.0.0.0, Culture=neutral, PublicKeyToken=31bf3856ad364e35" and "WindowsBase, Version=6.0.2.0, Culture=neutral, PublicKeyToken=31bf3856ad364e35". [C:\Users\ultra\warewolf\Dev\Dev2.Runtime.WebServer\Dev2.Runtime.WebServer.csproj]
C:\Program Files\dotnet\sdk\10.0.201\Microsoft.Common.CurrentVersion.targets(2451,5): warning MSB3277:     "WindowsBase, Version=4.0.0.0, Culture=neutral, PublicKeyToken=31bf3856ad364e35" was chosen because it was primary and "WindowsBase, Version=6.0.2.0, Culture=neutral, PublicKeyToken=31bf3856ad364e35" was not. [C:\Users\ultra\warewolf\Dev\Dev2.Runtime.WebServer\Dev2.Runtime.WebServer.csproj]
C:\Program Files\dotnet\sdk\10.0.201\Microsoft.Common.CurrentVersion.targets(2451,5): warning MSB3277:     References which depend on "WindowsBase, Version=4.0.0.0, Culture=neutral, PublicKeyToken=31bf3856ad364e35" [C:\Program Files\dotnet\packs\Microsoft.NETCore.App.Ref\8.0.25\ref\net8.0\WindowsBase.dll]. [C:\Users\ultra\warewolf\Dev\Dev2.Runtime.WebServer\Dev2.Runtime.WebServer.csproj]
C:\Program Files\dotnet\sdk\10.0.201\Microsoft.Common.CurrentVersion.targets(2451,5): warning MSB3277:         C:\Program Files\dotnet\packs\Microsoft.NETCore.App.Ref\8.0.25\ref\net8.0\WindowsBase.dll [C:\Users\ultra\warewolf\Dev\Dev2.Runtime.WebServer\Dev2.Runtime.WebServer.csproj]
C:\Program Files\dotnet\sdk\10.0.201\Microsoft.Common.CurrentVersion.targets(2451,5): warning MSB3277:           Project file item includes which caused reference "C:\Program Files\dotnet\packs\Microsoft.NETCore.App.Ref\8.0.25\ref\net8.0\WindowsBase.dll". [C:\Users\ultra\warewolf\Dev\Dev2.Runtime.WebServer\Dev2.Runtime.WebServer.csproj]
C:\Program Files\dotnet\sdk\10.0.201\Microsoft.Common.CurrentVersion.targets(2451,5): warning MSB3277:             C:\Program Files\dotnet\packs\Microsoft.NETCore.App.Ref\8.0.25\ref/net8.0/WindowsBase.dll [C:\Users\ultra\warewolf\Dev\Dev2.Runtime.WebServer\Dev2.Runtime.WebServer.csproj]
C:\Program Files\dotnet\sdk\10.0.201\Microsoft.Common.CurrentVersion.targets(2451,5): warning MSB3277:     References which depend on or have been unified to "WindowsBase, Version=6.0.2.0, Culture=neutral, PublicKeyToken=31bf3856ad364e35" []. [C:\Users\ultra\warewolf\Dev\Dev2.Runtime.WebServer\Dev2.Runtime.WebServer.csproj]
C:\Program Files\dotnet\sdk\10.0.201\Microsoft.Common.CurrentVersion.targets(2451,5): warning MSB3277:         C:\Users\ultra\.nuget\packages\caliburn.micro\4.0.212\lib\netcoreapp3.1\Caliburn.Micro.Platform.dll [C:\Users\ultra\warewolf\Dev\Dev2.Runtime.WebServer\Dev2.Runtime.WebServer.csproj]
C:\Program Files\dotnet\sdk\10.0.201\Microsoft.Common.CurrentVersion.targets(2451,5): warning MSB3277:           Project file item includes which caused reference "C:\Users\ultra\.nuget\packages\caliburn.micro\4.0.212\lib\netcoreapp3.1\Caliburn.Micro.Platform.dll". [C:\Users\ultra\warewolf\Dev\Dev2.Runtime.WebServer\Dev2.Runtime.WebServer.csproj]
C:\Program Files\dotnet\sdk\10.0.201\Microsoft.Common.CurrentVersion.targets(2451,5): warning MSB3277:             C:\Users\ultra\.nuget\packages\caliburn.micro\4.0.212\lib\netcoreapp3.1\Caliburn.Micro.Platform.dll [C:\Users\ultra\warewolf\Dev\Dev2.Runtime.WebServer\Dev2.Runtime.WebServer.csproj]
C:\Program Files\dotnet\sdk\10.0.201\Microsoft.Common.CurrentVersion.targets(2451,5): warning MSB3277:         C:\Users\ultra\.nuget\packages\ironpython\3.4.0\lib\net6.0\IronPython.Wpf.dll [C:\Users\ultra\warewolf\Dev\Dev2.Runtime.WebServer\Dev2.Runtime.WebServer.csproj]
C:\Program Files\dotnet\sdk\10.0.201\Microsoft.Common.CurrentVersion.targets(2451,5): warning MSB3277:           Project file item includes which caused reference "C:\Users\ultra\.nuget\packages\ironpython\3.4.0\lib\net6.0\IronPython.Wpf.dll". [C:\Users\ultra\warewolf\Dev\Dev2.Runtime.WebServer\Dev2.Runtime.WebServer.csproj]
C:\Program Files\dotnet\sdk\10.0.201\Microsoft.Common.CurrentVersion.targets(2451,5): warning MSB3277:             C:\Users\ultra\.nuget\packages\ironpython\3.4.0\lib\net6.0\IronPython.Wpf.dll [C:\Users\ultra\warewolf\Dev\Dev2.Runtime.WebServer\Dev2.Runtime.WebServer.csproj]
C:\Program Files\dotnet\sdk\10.0.201\Microsoft.Common.CurrentVersion.targets(2451,5): warning MSB3277:         C:\Users\ultra\.nuget\packages\microsoft.xaml.behaviors.wpf\1.1.122\lib\net462\Microsoft.Xaml.Behaviors.dll [C:\Users\ultra\warewolf\Dev\Dev2.Runtime.WebServer\Dev2.Runtime.WebServer.csproj]
C:\Program Files\dotnet\sdk\10.0.201\Microsoft.Common.CurrentVersion.targets(2451,5): warning MSB3277:           Project file item includes which caused reference "C:\Users\ultra\.nuget\packages\microsoft.xaml.behaviors.wpf\1.1.122\lib\net462\Microsoft.Xaml.Behaviors.dll". [C:\Users\ultra\warewolf\Dev\Dev2.Runtime.WebServer\Dev2.Runtime.WebServer.csproj]
C:\Program Files\dotnet\sdk\10.0.201\Microsoft.Common.CurrentVersion.targets(2451,5): warning MSB3277:             C:\Users\ultra\.nuget\packages\microsoft.xaml.behaviors.wpf\1.1.122\lib\net462\Microsoft.Xaml.Behaviors.dll [C:\Users\ultra\warewolf\Dev\Dev2.Runtime.WebServer\Dev2.Runtime.WebServer.csproj]
C:\Program Files\dotnet\sdk\10.0.201\Microsoft.Common.CurrentVersion.targets(2451,5): warning MSB3277:             C:\Users\ultra\.nuget\packages\caliburn.micro\4.0.212\lib\netcoreapp3.1\Caliburn.Micro.Platform.dll [C:\Users\ultra\warewolf\Dev\Dev2.Runtime.WebServer\Dev2.Runtime.WebServer.csproj]
C:\Program Files\dotnet\sdk\10.0.201\Microsoft.Common.CurrentVersion.targets(2451,5): warning MSB3277:             C:\Users\ultra\.nuget\packages\prism.wpf\9.0.537\lib\net462\Prism.Wpf.dll [C:\Users\ultra\warewolf\Dev\Dev2.Runtime.WebServer\Dev2.Runtime.WebServer.csproj]
C:\Program Files\dotnet\sdk\10.0.201\Microsoft.Common.CurrentVersion.targets(2451,5): warning MSB3277:         C:\Users\ultra\.nuget\packages\prism.wpf\9.0.537\lib\net462\Prism.Wpf.dll [C:\Users\ultra\warewolf\Dev\Dev2.Runtime.WebServer\Dev2.Runtime.WebServer.csproj]
C:\Program Files\dotnet\sdk\10.0.201\Microsoft.Common.CurrentVersion.targets(2451,5): warning MSB3277:           Project file item includes which caused reference "C:\Users\ultra\.nuget\packages\prism.wpf\9.0.537\lib\net462\Prism.Wpf.dll". [C:\Users\ultra\warewolf\Dev\Dev2.Runtime.WebServer\Dev2.Runtime.WebServer.csproj]
C:\Program Files\dotnet\sdk\10.0.201\Microsoft.Common.CurrentVersion.targets(2451,5): warning MSB3277:             C:\Users\ultra\.nuget\packages\prism.wpf\9.0.537\lib\net462\Prism.Wpf.dll [C:\Users\ultra\warewolf\Dev\Dev2.Runtime.WebServer\Dev2.Runtime.WebServer.csproj]
C:\Program Files\dotnet\sdk\10.0.201\Microsoft.Common.CurrentVersion.targets(2451,5): warning MSB3277:         C:\Users\ultra\.nuget\packages\reactiveui.wpf\18.4.1\lib\net462\ReactiveUI.Wpf.dll [C:\Users\ultra\warewolf\Dev\Dev2.Runtime.WebServer\Dev2.Runtime.WebServer.csproj]
C:\Program Files\dotnet\sdk\10.0.201\Microsoft.Common.CurrentVersion.targets(2451,5): warning MSB3277:           Project file item includes which caused reference "C:\Users\ultra\.nuget\packages\reactiveui.wpf\18.4.1\lib\net462\ReactiveUI.Wpf.dll". [C:\Users\ultra\warewolf\Dev\Dev2.Runtime.WebServer\Dev2.Runtime.WebServer.csproj]
C:\Program Files\dotnet\sdk\10.0.201\Microsoft.Common.CurrentVersion.targets(2451,5): warning MSB3277:             C:\Users\ultra\.nuget\packages\reactiveui.wpf\18.4.1\lib\net462\ReactiveUI.Wpf.dll [C:\Users\ultra\warewolf\Dev\Dev2.Runtime.WebServer\Dev2.Runtime.WebServer.csproj]
  Warewolf.Execution.Lightweight -> C:\Users\ultra\warewolf\Dev\Warewolf.Execution.Lightweight\bin\Debug\net8.0\Warewolf.Execution.Lightweight.dll
  workflow-index.json: 128 entries written to: C:\Users\ultra\warewolf\Dev\Warewolf.Execution.Lightweight\..\Resources - Release\Resources\workflow-index.json
  Dev2.Activities -> C:\Users\ultra\warewolf\Bin\ServerTests-Windows\
  Warewolf.Trigger.Queue -> C:\Users\ultra\warewolf\Dev\Warewolf.Trigger.Queue\bin\Debug\net8.0\Warewolf.Trigger.Queue.dll
  Warewolf.Studio.Themes.Luna -> C:\Users\ultra\warewolf\Dev\Warewolf.Studio.Themes.Luna\bin\Debug\net8.0\Warewolf.Studio.Themes.Luna.dll
  Warewolf.Execution.Lightweight -> C:\Users\ultra\warewolf\Bin\ServerTests-Windows\
  Dev2.Runtime -> C:\Users\ultra\warewolf\Bin\ServerTests-Windows\
  Dev2.Studio.Core -> C:\Users\ultra\warewolf\Bin\ServerTests-Windows\
  Warewolf.Common.Framework48 -> C:\Users\ultra\warewolf\Bin\ServerTests-Windows\
  Dev2.Intellisense -> C:\Users\ultra\warewolf\Bin\ServerTests-Windows\
  Warewolf.MergeParser -> C:\Users\ultra\warewolf\Bin\ServerTests-Windows\
  Warewolf.UI -> C:\Users\ultra\warewolf\Bin\ServerTests-Windows\
  Warewolf.Trigger.Queue -> C:\Users\ultra\warewolf\Bin\ServerTests-Windows\
C:\Program Files\dotnet\sdk\10.0.201\Microsoft.Common.CurrentVersion.targets(2451,5): warning MSB3277: Found conflicts between different versions of "Microsoft.Win32.SystemEvents" that could not be resolved. [C:\Users\ultra\warewolf\Dev\Dev2.Activities.Designers\Dev2.Activities.Designers.csproj]
C:\Program Files\dotnet\sdk\10.0.201\Microsoft.Common.CurrentVersion.targets(2451,5): warning MSB3277: There was a conflict between "Microsoft.Win32.SystemEvents, Version=6.0.0.0, Culture=neutral, PublicKeyToken=cc7b13ffcd2ddd51" and "Microsoft.Win32.SystemEvents, Version=7.0.0.0, Culture=neutral, PublicKeyToken=cc7b13ffcd2ddd51". [C:\Users\ultra\warewolf\Dev\Dev2.Activities.Designers\Dev2.Activities.Designers.csproj]
C:\Program Files\dotnet\sdk\10.0.201\Microsoft.Common.CurrentVersion.targets(2451,5): warning MSB3277:     "Microsoft.Win32.SystemEvents, Version=6.0.0.0, Culture=neutral, PublicKeyToken=cc7b13ffcd2ddd51" was chosen because it was primary and "Microsoft.Win32.SystemEvents, Version=7.0.0.0, Culture=neutral, PublicKeyToken=cc7b13ffcd2ddd51" was not. [C:\Users\ultra\warewolf\Dev\Dev2.Activities.Designers\Dev2.Activities.Designers.csproj]
C:\Program Files\dotnet\sdk\10.0.201\Microsoft.Common.CurrentVersion.targets(2451,5): warning MSB3277:     References which depend on "Microsoft.Win32.SystemEvents, Version=6.0.0.0, Culture=neutral, PublicKeyToken=cc7b13ffcd2ddd51" [C:\Users\ultra\.nuget\packages\microsoft.win32.systemevents\6.0.0\lib\net6.0\Microsoft.Win32.SystemEvents.dll]. [C:\Users\ultra\warewolf\Dev\Dev2.Activities.Designers\Dev2.Activities.Designers.csproj]
C:\Program Files\dotnet\sdk\10.0.201\Microsoft.Common.CurrentVersion.targets(2451,5): warning MSB3277:         C:\Users\ultra\.nuget\packages\microsoft.win32.systemevents\6.0.0\lib\net6.0\Microsoft.Win32.SystemEvents.dll [C:\Users\ultra\warewolf\Dev\Dev2.Activities.Designers\Dev2.Activities.Designers.csproj]
C:\Program Files\dotnet\sdk\10.0.201\Microsoft.Common.CurrentVersion.targets(2451,5): warning MSB3277:           Project file item includes which caused reference "C:\Users\ultra\.nuget\packages\microsoft.win32.systemevents\6.0.0\lib\net6.0\Microsoft.Win32.SystemEvents.dll". [C:\Users\ultra\warewolf\Dev\Dev2.Activities.Designers\Dev2.Activities.Designers.csproj]
C:\Program Files\dotnet\sdk\10.0.201\Microsoft.Common.CurrentVersion.targets(2451,5): warning MSB3277:             C:\Users\ultra\.nuget\packages\microsoft.win32.systemevents\6.0.0\lib\net6.0\Microsoft.Win32.SystemEvents.dll [C:\Users\ultra\warewolf\Dev\Dev2.Activities.Designers\Dev2.Activities.Designers.csproj]
C:\Program Files\dotnet\sdk\10.0.201\Microsoft.Common.CurrentVersion.targets(2451,5): warning MSB3277:     References which depend on or have been unified to "Microsoft.Win32.SystemEvents, Version=7.0.0.0, Culture=neutral, PublicKeyToken=cc7b13ffcd2ddd51" []. [C:\Users\ultra\warewolf\Dev\Dev2.Activities.Designers\Dev2.Activities.Designers.csproj]
C:\Program Files\dotnet\sdk\10.0.201\Microsoft.Common.CurrentVersion.targets(2451,5): warning MSB3277:         C:\Users\ultra\warewolf\Dev\Dev2.Common\bin\Debug\net8.0\Dev2.Common.dll [C:\Users\ultra\warewolf\Dev\Dev2.Activities.Designers\Dev2.Activities.Designers.csproj]
C:\Program Files\dotnet\sdk\10.0.201\Microsoft.Common.CurrentVersion.targets(2451,5): warning MSB3277:           Project file item includes which caused reference "C:\Users\ultra\warewolf\Dev\Dev2.Common\bin\Debug\net8.0\Dev2.Common.dll". [C:\Users\ultra\warewolf\Dev\Dev2.Activities.Designers\Dev2.Activities.Designers.csproj]
C:\Program Files\dotnet\sdk\10.0.201\Microsoft.Common.CurrentVersion.targets(2451,5): warning MSB3277:             C:\Users\ultra\warewolf\Dev\Dev2.Common\bin\Debug\net8.0\Dev2.Common.dll [C:\Users\ultra\warewolf\Dev\Dev2.Activities.Designers\Dev2.Activities.Designers.csproj]
C:\Program Files\dotnet\sdk\10.0.201\Microsoft.Common.CurrentVersion.targets(2451,5): warning MSB3277:             C:\Users\ultra\warewolf\Dev\Dev2.Activities\bin\Debug\net8.0\Dev2.Activities.dll [C:\Users\ultra\warewolf\Dev\Dev2.Activities.Designers\Dev2.Activities.Designers.csproj]
C:\Program Files\dotnet\sdk\10.0.201\Microsoft.Common.CurrentVersion.targets(2451,5): warning MSB3277:             C:\Users\ultra\warewolf\Dev\Dev2.Core\bin\Debug\net8.0\Dev2.Core.dll [C:\Users\ultra\warewolf\Dev\Dev2.Activities.Designers\Dev2.Activities.Designers.csproj]
C:\Program Files\dotnet\sdk\10.0.201\Microsoft.Common.CurrentVersion.targets(2451,5): warning MSB3277:             C:\Users\ultra\warewolf\Dev\Dev2.Data\bin\Debug\net8.0\Dev2.Data.dll [C:\Users\ultra\warewolf\Dev\Dev2.Activities.Designers\Dev2.Activities.Designers.csproj]
C:\Program Files\dotnet\sdk\10.0.201\Microsoft.Common.CurrentVersion.targets(2451,5): warning MSB3277:             C:\Users\ultra\warewolf\Dev\Dev2.Diagnostics\bin\Debug\net8.0\Dev2.Diagnostics.dll [C:\Users\ultra\warewolf\Dev\Dev2.Activities.Designers\Dev2.Activities.Designers.csproj]
C:\Program Files\dotnet\sdk\10.0.201\Microsoft.Common.CurrentVersion.targets(2451,5): warning MSB3277:             C:\Users\ultra\warewolf\Dev\Dev2.Infrastructure\bin\Debug\net8.0\Dev2.Infrastructure.dll [C:\Users\ultra\warewolf\Dev\Dev2.Activities.Designers\Dev2.Activities.Designers.csproj]
C:\Program Files\dotnet\sdk\10.0.201\Microsoft.Common.CurrentVersion.targets(2451,5): warning MSB3277:             C:\Users\ultra\warewolf\Dev\Dev2.Intellisense\bin\Debug\net8.0\Dev2.Intellisense.dll [C:\Users\ultra\warewolf\Dev\Dev2.Activities.Designers\Dev2.Activities.Designers.csproj]
C:\Program Files\dotnet\sdk\10.0.201\Microsoft.Common.CurrentVersion.targets(2451,5): warning MSB3277:             C:\Users\ultra\warewolf\Dev\Dev2.Runtime.Services\bin\Debug\net8.0\Dev2.Runtime.Services.dll [C:\Users\ultra\warewolf\Dev\Dev2.Activities.Designers\Dev2.Activities.Designers.csproj]
C:\Program Files\dotnet\sdk\10.0.201\Microsoft.Common.CurrentVersion.targets(2451,5): warning MSB3277:             C:\Users\ultra\warewolf\Dev\Dev2.Studio.Core\bin\Debug\net8.0\Dev2.Studio.Core.dll [C:\Users\ultra\warewolf\Dev\Dev2.Activities.Designers\Dev2.Activities.Designers.csproj]
C:\Program Files\dotnet\sdk\10.0.201\Microsoft.Common.CurrentVersion.targets(2451,5): warning MSB3277:             C:\Users\ultra\warewolf\Dev\Dev2.Studio.Interfaces\bin\Debug\net8.0\Dev2.Studio.Interfaces.dll [C:\Users\ultra\warewolf\Dev\Dev2.Activities.Designers\Dev2.Activities.Designers.csproj]
C:\Program Files\dotnet\sdk\10.0.201\Microsoft.Common.CurrentVersion.targets(2451,5): warning MSB3277:             C:\Users\ultra\warewolf\Dev\Dev2.Util\bin\Debug\net8.0\Dev2.Util.dll [C:\Users\ultra\warewolf\Dev\Dev2.Activities.Designers\Dev2.Activities.Designers.csproj]
C:\Program Files\dotnet\sdk\10.0.201\Microsoft.Common.CurrentVersion.targets(2451,5): warning MSB3277:             C:\Users\ultra\warewolf\Dev\Warewolf.Storage\bin\Debug\net8.0\Warewolf.Storage.dll [C:\Users\ultra\warewolf\Dev\Dev2.Activities.Designers\Dev2.Activities.Designers.csproj]
C:\Program Files\dotnet\sdk\10.0.201\Microsoft.Common.CurrentVersion.targets(2451,5): warning MSB3277:             C:\Users\ultra\warewolf\Dev\Warewolf.Core\bin\Debug\net8.0\Warewolf.Core.dll [C:\Users\ultra\warewolf\Dev\Dev2.Activities.Designers\Dev2.Activities.Designers.csproj]
C:\Program Files\dotnet\sdk\10.0.201\Microsoft.Common.CurrentVersion.targets(2451,5): warning MSB3277:             C:\Users\ultra\warewolf\Dev\Warewolf.Studio.Core\bin\Debug\net8.0\Warewolf.Studio.Core.dll [C:\Users\ultra\warewolf\Dev\Dev2.Activities.Designers\Dev2.Activities.Designers.csproj]
C:\Program Files\dotnet\sdk\10.0.201\Microsoft.Common.CurrentVersion.targets(2451,5): warning MSB3277:             C:\Users\ultra\warewolf\Dev\Warewolf.Studio.CustomControls\bin\Debug\net8.0\Warewolf.Studio.CustomControls.dll [C:\Users\ultra\warewolf\Dev\Dev2.Activities.Designers\Dev2.Activities.Designers.csproj]
C:\Program Files\dotnet\sdk\10.0.201\Microsoft.Common.CurrentVersion.targets(2451,5): warning MSB3277:             C:\Users\ultra\warewolf\Dev\Warewolf.Studio.Models\bin\Debug\net8.0\Warewolf.Studio.Models.dll [C:\Users\ultra\warewolf\Dev\Dev2.Activities.Designers\Dev2.Activities.Designers.csproj]
C:\Program Files\dotnet\sdk\10.0.201\Microsoft.Common.CurrentVersion.targets(2451,5): warning MSB3277:             C:\Users\ultra\warewolf\Dev\Warewolf.UI\bin\Debug\net8.0\Warewolf.UI.dll [C:\Users\ultra\warewolf\Dev\Dev2.Activities.Designers\Dev2.Activities.Designers.csproj]
C:\Program Files\dotnet\sdk\10.0.201\Microsoft.Common.CurrentVersion.targets(2451,5): warning MSB3277:             C:\Users\ultra\warewolf\Dev\Dev2.Development.Languages\bin\Debug\net8.0\Dev2.Development.Languages.dll [C:\Users\ultra\warewolf\Dev\Dev2.Activities.Designers\Dev2.Activities.Designers.csproj]
C:\Program Files\dotnet\sdk\10.0.201\Microsoft.Common.CurrentVersion.targets(2451,5): warning MSB3277:             C:\Users\ultra\warewolf\Dev\Dev2.Scheduler\bin\Debug\net8.0\Dev2.Scheduler.dll [C:\Users\ultra\warewolf\Dev\Dev2.Activities.Designers\Dev2.Activities.Designers.csproj]
C:\Program Files\dotnet\sdk\10.0.201\Microsoft.Common.CurrentVersion.targets(2451,5): warning MSB3277:             C:\Users\ultra\warewolf\Dev\Dev2.Services.Execution\bin\Debug\net8.0\Dev2.Services.Execution.dll [C:\Users\ultra\warewolf\Dev\Dev2.Activities.Designers\Dev2.Activities.Designers.csproj]
C:\Program Files\dotnet\sdk\10.0.201\Microsoft.Common.CurrentVersion.targets(2451,5): warning MSB3277:             C:\Users\ultra\warewolf\Dev\Dev2.Services.Sql\bin\Debug\net8.0\Dev2.Services.Sql.dll [C:\Users\ultra\warewolf\Dev\Dev2.Activities.Designers\Dev2.Activities.Designers.csproj]
C:\Program Files\dotnet\sdk\10.0.201\Microsoft.Common.CurrentVersion.targets(2451,5): warning MSB3277:             C:\Users\ultra\warewolf\Dev\Dev2.TaskScheduler.Wrappers\bin\Debug\net8.0\Dev2.TaskScheduler.Wrappers.dll [C:\Users\ultra\warewolf\Dev\Dev2.Activities.Designers\Dev2.Activities.Designers.csproj]
C:\Program Files\dotnet\sdk\10.0.201\Microsoft.Common.CurrentVersion.targets(2451,5): warning MSB3277:             C:\Users\ultra\warewolf\Dev\Warewolf.AI.Harness\bin\Debug\net8.0\Warewolf.AI.Harness.dll [C:\Users\ultra\warewolf\Dev\Dev2.Activities.Designers\Dev2.Activities.Designers.csproj]
C:\Program Files\dotnet\sdk\10.0.201\Microsoft.Common.CurrentVersion.targets(2451,5): warning MSB3277:             C:\Users\ultra\warewolf\Dev\Warewolf.Auditing\bin\Debug\net8.0\Warewolf.Auditing.dll [C:\Users\ultra\warewolf\Dev\Dev2.Activities.Designers\Dev2.Activities.Designers.csproj]
C:\Program Files\dotnet\sdk\10.0.201\Microsoft.Common.CurrentVersion.targets(2451,5): warning MSB3277:             C:\Users\ultra\warewolf\Dev\Warewolf.Common.NetStandard20\bin\Debug\net8.0\Warewolf.Common.NetStandard20.dll [C:\Users\ultra\warewolf\Dev\Dev2.Activities.Designers\Dev2.Activities.Designers.csproj]
C:\Program Files\dotnet\sdk\10.0.201\Microsoft.Common.CurrentVersion.targets(2451,5): warning MSB3277:             C:\Users\ultra\warewolf\Dev\Warewolf.Driver.Persistence\bin\Debug\net8.0\Warewolf.Driver.Persistence.dll [C:\Users\ultra\warewolf\Dev\Dev2.Activities.Designers\Dev2.Activities.Designers.csproj]
C:\Program Files\dotnet\sdk\10.0.201\Microsoft.Common.CurrentVersion.targets(2451,5): warning MSB3277:             C:\Users\ultra\warewolf\Dev\Warewolf.Driver.Serilog\bin\Debug\net8.0\Warewolf.Driver.Serilog.dll [C:\Users\ultra\warewolf\Dev\Dev2.Activities.Designers\Dev2.Activities.Designers.csproj]
C:\Program Files\dotnet\sdk\10.0.201\Microsoft.Common.CurrentVersion.targets(2451,5): warning MSB3277:             C:\Users\ultra\warewolf\Dev\Warewolf.Exchange.Email.Wrapper\bin\Debug\net8.0\Warewolf.Exchange.Email.Wrapper.dll [C:\Users\ultra\warewolf\Dev\Dev2.Activities.Designers\Dev2.Activities.Designers.csproj]
C:\Program Files\dotnet\sdk\10.0.201\Microsoft.Common.CurrentVersion.targets(2451,5): warning MSB3277:             C:\Users\ultra\warewolf\Dev\Warewolf.ResourceManagement\bin\Debug\net8.0\Warewolf.ResourceManagement.dll [C:\Users\ultra\warewolf\Dev\Dev2.Activities.Designers\Dev2.Activities.Designers.csproj]
C:\Program Files\dotnet\sdk\10.0.201\Microsoft.Common.CurrentVersion.targets(2451,5): warning MSB3277:             C:\Users\ultra\warewolf\Dev\Warewolf.Sharepoint\bin\Debug\net8.0\Warewolf.Sharepoint.dll [C:\Users\ultra\warewolf\Dev\Dev2.Activities.Designers\Dev2.Activities.Designers.csproj]
C:\Program Files\dotnet\sdk\10.0.201\Microsoft.Common.CurrentVersion.targets(2451,5): warning MSB3277:         C:\Users\ultra\warewolf\Dev\Binaries\Infragistcs_Net6\InfragisticsWPF4.Editors.v15.1.dll [C:\Users\ultra\warewolf\Dev\Dev2.Activities.Designers\Dev2.Activities.Designers.csproj]
C:\Program Files\dotnet\sdk\10.0.201\Microsoft.Common.CurrentVersion.targets(2451,5): warning MSB3277:           Project file item includes which caused reference "C:\Users\ultra\warewolf\Dev\Binaries\Infragistcs_Net6\InfragisticsWPF4.Editors.v15.1.dll". [C:\Users\ultra\warewolf\Dev\Dev2.Activities.Designers\Dev2.Activities.Designers.csproj]
C:\Program Files\dotnet\sdk\10.0.201\Microsoft.Common.CurrentVersion.targets(2451,5): warning MSB3277:             InfragisticsWPF4.Editors.v15.1, Version=15.1.20151.2055, Culture=neutral, processorArchitecture=MSIL [C:\Users\ultra\warewolf\Dev\Dev2.Activities.Designers\Dev2.Activities.Designers.csproj]
C:\Program Files\dotnet\sdk\10.0.201\Microsoft.Common.CurrentVersion.targets(2451,5): warning MSB3277:         C:\Users\ultra\warewolf\Dev\Binaries\Infragistcs_Net6\InfragisticsWPF4.v15.1.dll [C:\Users\ultra\warewolf\Dev\Dev2.Activities.Designers\Dev2.Activities.Designers.csproj]
C:\Program Files\dotnet\sdk\10.0.201\Microsoft.Common.CurrentVersion.targets(2451,5): warning MSB3277:           Project file item includes which caused reference "C:\Users\ultra\warewolf\Dev\Binaries\Infragistcs_Net6\InfragisticsWPF4.v15.1.dll". [C:\Users\ultra\warewolf\Dev\Dev2.Activities.Designers\Dev2.Activities.Designers.csproj]
C:\Program Files\dotnet\sdk\10.0.201\Microsoft.Common.CurrentVersion.targets(2451,5): warning MSB3277:             InfragisticsWPF4.v15.1, Version=15.1.20151.2055, Culture=neutral, PublicKeyToken=7dd5c3163f2cd0cb, processorArchitecture=MSIL [C:\Users\ultra\warewolf\Dev\Dev2.Activities.Designers\Dev2.Activities.Designers.csproj]
C:\Program Files\dotnet\sdk\10.0.201\Microsoft.Common.CurrentVersion.targets(2451,5): warning MSB3277:             InfragisticsWPF4.Controls.Editors.XamComboEditor.v15.1, Version=15.1.20151.2055, Culture=neutral, processorArchitecture=MSIL [C:\Users\ultra\warewolf\Dev\Dev2.Activities.Designers\Dev2.Activities.Designers.csproj]
C:\Program Files\dotnet\sdk\10.0.201\Microsoft.Common.CurrentVersion.targets(2451,5): warning MSB3277:             InfragisticsWPF4.Controls.Grids.XamGrid.v15.1 [C:\Users\ultra\warewolf\Dev\Dev2.Activities.Designers\Dev2.Activities.Designers.csproj]
C:\Program Files\dotnet\sdk\10.0.201\Microsoft.Common.CurrentVersion.targets(2451,5): warning MSB3277:             InfragisticsWPF4.Controls.Interactions.XamDialogWindow.v15.1, Version=15.1.20151.2055, Culture=neutral, PublicKeyToken=7dd5c3163f2cd0cb, processorArchitecture=MSIL [C:\Users\ultra\warewolf\Dev\Dev2.Activities.Designers\Dev2.Activities.Designers.csproj]
C:\Program Files\dotnet\sdk\10.0.201\Microsoft.Common.CurrentVersion.targets(2451,5): warning MSB3277:             InfragisticsWPF4.Controls.Menus.XamDataTree.v15.1 [C:\Users\ultra\warewolf\Dev\Dev2.Activities.Designers\Dev2.Activities.Designers.csproj]
C:\Program Files\dotnet\sdk\10.0.201\Microsoft.Common.CurrentVersion.targets(2451,5): warning MSB3277:             InfragisticsWPF4.Controls.Menus.XamMenu.v15.1, Version=15.1.20151.2055, Culture=neutral, processorArchitecture=MSIL [C:\Users\ultra\warewolf\Dev\Dev2.Activities.Designers\Dev2.Activities.Designers.csproj]
C:\Program Files\dotnet\sdk\10.0.201\Microsoft.Common.CurrentVersion.targets(2451,5): warning MSB3277:             InfragisticsWPF4.DataManager.v15.1, Version=15.1.20151.2188, Culture=neutral, PublicKeyToken=7dd5c3163f2cd0cb, processorArchitecture=MSIL [C:\Users\ultra\warewolf\Dev\Dev2.Activities.Designers\Dev2.Activities.Designers.csproj]
C:\Program Files\dotnet\sdk\10.0.201\Microsoft.Common.CurrentVersion.targets(2451,5): warning MSB3277:             InfragisticsWPF4.Editors.v15.1, Version=15.1.20151.2055, Culture=neutral, processorArchitecture=MSIL [C:\Users\ultra\warewolf\Dev\Dev2.Activities.Designers\Dev2.Activities.Designers.csproj]
C:\Program Files\dotnet\sdk\10.0.201\Microsoft.Common.CurrentVersion.targets(2451,5): warning MSB3277:         C:\Users\ultra\.nuget\packages\timespan2\2.4.2\lib\netcoreapp3.1\TimeSpan2.dll [C:\Users\ultra\warewolf\Dev\Dev2.Activities.Designers\Dev2.Activities.Designers.csproj]
C:\Program Files\dotnet\sdk\10.0.201\Microsoft.Common.CurrentVersion.targets(2451,5): warning MSB3277:           Project file item includes which caused reference "C:\Users\ultra\.nuget\packages\timespan2\2.4.2\lib\netcoreapp3.1\TimeSpan2.dll". [C:\Users\ultra\warewolf\Dev\Dev2.Activities.Designers\Dev2.Activities.Designers.csproj]
C:\Program Files\dotnet\sdk\10.0.201\Microsoft.Common.CurrentVersion.targets(2451,5): warning MSB3277:             C:\Users\ultra\.nuget\packages\timespan2\2.4.2\lib\netcoreapp3.1\TimeSpan2.dll [C:\Users\ultra\warewolf\Dev\Dev2.Activities.Designers\Dev2.Activities.Designers.csproj]
C:\Program Files\dotnet\sdk\10.0.201\Microsoft.Common.CurrentVersion.targets(2451,5): warning MSB3277:             C:\Users\ultra\.nuget\packages\taskschedulereditor\2.10.1\lib\net452\Microsoft.Win32.TaskSchedulerEditor.dll [C:\Users\ultra\warewolf\Dev\Dev2.Activities.Designers\Dev2.Activities.Designers.csproj]
C:\Program Files\dotnet\sdk\10.0.201\Microsoft.Common.CurrentVersion.targets(2451,5): warning MSB3277:         C:\Program Files\dotnet\packs\Microsoft.NETCore.App.Ref\8.0.25\ref\net8.0\System.dll [C:\Users\ultra\warewolf\Dev\Dev2.Activities.Designers\Dev2.Activities.Designers.csproj]
C:\Program Files\dotnet\sdk\10.0.201\Microsoft.Common.CurrentVersion.targets(2451,5): warning MSB3277:           Project file item includes which caused reference "C:\Program Files\dotnet\packs\Microsoft.NETCore.App.Ref\8.0.25\ref\net8.0\System.dll". [C:\Users\ultra\warewolf\Dev\Dev2.Activities.Designers\Dev2.Activities.Designers.csproj]
C:\Program Files\dotnet\sdk\10.0.201\Microsoft.Common.CurrentVersion.targets(2451,5): warning MSB3277:             C:\Program Files\dotnet\packs\Microsoft.NETCore.App.Ref\8.0.25\ref/net8.0/System.dll [C:\Users\ultra\warewolf\Dev\Dev2.Activities.Designers\Dev2.Activities.Designers.csproj]
C:\Program Files\dotnet\sdk\10.0.201\Microsoft.Common.CurrentVersion.targets(2451,5): warning MSB3277:             C:\Users\ultra\.nuget\packages\aerowizard\2.3.1\lib\net45\AeroWizard.dll [C:\Users\ultra\warewolf\Dev\Dev2.Activities.Designers\Dev2.Activities.Designers.csproj]
C:\Program Files\dotnet\sdk\10.0.201\Microsoft.Common.CurrentVersion.targets(2451,5): warning MSB3277:             C:\Users\ultra\.nuget\packages\groupcontrols\1.9.0\lib\net45\GroupControls.dll [C:\Users\ultra\warewolf\Dev\Dev2.Activities.Designers\Dev2.Activities.Designers.csproj]
C:\Program Files\dotnet\sdk\10.0.201\Microsoft.Common.CurrentVersion.targets(2451,5): warning MSB3277:             C:\Users\ultra\.nuget\packages\microsoft.xaml.behaviors.wpf\1.1.122\lib\net462\Microsoft.Xaml.Behaviors.dll [C:\Users\ultra\warewolf\Dev\Dev2.Activities.Designers\Dev2.Activities.Designers.csproj]
C:\Program Files\dotnet\sdk\10.0.201\Microsoft.Common.CurrentVersion.targets(2451,5): warning MSB3277:             C:\Users\ultra\.nuget\packages\caliburn.micro\4.0.212\lib\netcoreapp3.1\Caliburn.Micro.Platform.dll [C:\Users\ultra\warewolf\Dev\Dev2.Activities.Designers\Dev2.Activities.Designers.csproj]
C:\Program Files\dotnet\sdk\10.0.201\Microsoft.Common.CurrentVersion.targets(2451,5): warning MSB3277:             C:\Users\ultra\.nuget\packages\prism.wpf\9.0.537\lib\net462\Prism.Wpf.dll [C:\Users\ultra\warewolf\Dev\Dev2.Activities.Designers\Dev2.Activities.Designers.csproj]
C:\Program Files\dotnet\sdk\10.0.201\Microsoft.Common.CurrentVersion.targets(2451,5): warning MSB3277:             C:\Users\ultra\.nuget\packages\reactiveui.wpf\18.4.1\lib\net462\ReactiveUI.Wpf.dll [C:\Users\ultra\warewolf\Dev\Dev2.Activities.Designers\Dev2.Activities.Designers.csproj]
C:\Program Files\dotnet\sdk\10.0.201\Microsoft.Common.CurrentVersion.targets(2451,5): warning MSB3277:             C:\Users\ultra\.nuget\packages\taskschedulereditor\2.10.1\lib\net452\Microsoft.Win32.TaskSchedulerEditor.dll [C:\Users\ultra\warewolf\Dev\Dev2.Activities.Designers\Dev2.Activities.Designers.csproj]
C:\Program Files\dotnet\sdk\10.0.201\Microsoft.Common.CurrentVersion.targets(2451,5): warning MSB3277:             C:\Users\ultra\.nuget\packages\ttcue.netcore.sharepointonline.csom.16.1.8029.1200\16.1.8029.1200\lib\netcoreapp2.0\Microsoft.SharePoint.Client.Runtime.Windows.dll [C:\Users\ultra\warewolf\Dev\Dev2.Activities.Designers\Dev2.Activities.Designers.csproj]
C:\Program Files\dotnet\sdk\10.0.201\Microsoft.Common.CurrentVersion.targets(2451,5): warning MSB3277: Found conflicts between different versions of "System.Security.Permissions" that could not be resolved. [C:\Users\ultra\warewolf\Dev\Dev2.Activities.Designers\Dev2.Activities.Designers.csproj]
C:\Program Files\dotnet\sdk\10.0.201\Microsoft.Common.CurrentVersion.targets(2451,5): warning MSB3277: There was a conflict between "System.Security.Permissions, Version=6.0.0.0, Culture=neutral, PublicKeyToken=cc7b13ffcd2ddd51" and "System.Security.Permissions, Version=7.0.0.0, Culture=neutral, PublicKeyToken=cc7b13ffcd2ddd51". [C:\Users\ultra\warewolf\Dev\Dev2.Activities.Designers\Dev2.Activities.Designers.csproj]
C:\Program Files\dotnet\sdk\10.0.201\Microsoft.Common.CurrentVersion.targets(2451,5): warning MSB3277:     "System.Security.Permissions, Version=6.0.0.0, Culture=neutral, PublicKeyToken=cc7b13ffcd2ddd51" was chosen because it was primary and "System.Security.Permissions, Version=7.0.0.0, Culture=neutral, PublicKeyToken=cc7b13ffcd2ddd51" was not. [C:\Users\ultra\warewolf\Dev\Dev2.Activities.Designers\Dev2.Activities.Designers.csproj]
C:\Program Files\dotnet\sdk\10.0.201\Microsoft.Common.CurrentVersion.targets(2451,5): warning MSB3277:     References which depend on "System.Security.Permissions, Version=6.0.0.0, Culture=neutral, PublicKeyToken=cc7b13ffcd2ddd51" [C:\Users\ultra\.nuget\packages\system.security.permissions\6.0.0\lib\net6.0\System.Security.Permissions.dll]. [C:\Users\ultra\warewolf\Dev\Dev2.Activities.Designers\Dev2.Activities.Designers.csproj]
C:\Program Files\dotnet\sdk\10.0.201\Microsoft.Common.CurrentVersion.targets(2451,5): warning MSB3277:         C:\Users\ultra\.nuget\packages\system.security.permissions\6.0.0\lib\net6.0\System.Security.Permissions.dll [C:\Users\ultra\warewolf\Dev\Dev2.Activities.Designers\Dev2.Activities.Designers.csproj]
C:\Program Files\dotnet\sdk\10.0.201\Microsoft.Common.CurrentVersion.targets(2451,5): warning MSB3277:           Project file item includes which caused reference "C:\Users\ultra\.nuget\packages\system.security.permissions\6.0.0\lib\net6.0\System.Security.Permissions.dll". [C:\Users\ultra\warewolf\Dev\Dev2.Activities.Designers\Dev2.Activities.Designers.csproj]
C:\Program Files\dotnet\sdk\10.0.201\Microsoft.Common.CurrentVersion.targets(2451,5): warning MSB3277:             C:\Users\ultra\.nuget\packages\system.security.permissions\6.0.0\lib\net6.0\System.Security.Permissions.dll [C:\Users\ultra\warewolf\Dev\Dev2.Activities.Designers\Dev2.Activities.Designers.csproj]
C:\Program Files\dotnet\sdk\10.0.201\Microsoft.Common.CurrentVersion.targets(2451,5): warning MSB3277:     References which depend on or have been unified to "System.Security.Permissions, Version=7.0.0.0, Culture=neutral, PublicKeyToken=cc7b13ffcd2ddd51" []. [C:\Users\ultra\warewolf\Dev\Dev2.Activities.Designers\Dev2.Activities.Designers.csproj]
C:\Program Files\dotnet\sdk\10.0.201\Microsoft.Common.CurrentVersion.targets(2451,5): warning MSB3277:         C:\Users\ultra\warewolf\Dev\Dev2.Data\bin\Debug\net8.0\Dev2.Data.dll [C:\Users\ultra\warewolf\Dev\Dev2.Activities.Designers\Dev2.Activities.Designers.csproj]
C:\Program Files\dotnet\sdk\10.0.201\Microsoft.Common.CurrentVersion.targets(2451,5): warning MSB3277:           Project file item includes which caused reference "C:\Users\ultra\warewolf\Dev\Dev2.Data\bin\Debug\net8.0\Dev2.Data.dll". [C:\Users\ultra\warewolf\Dev\Dev2.Activities.Designers\Dev2.Activities.Designers.csproj]
C:\Program Files\dotnet\sdk\10.0.201\Microsoft.Common.CurrentVersion.targets(2451,5): warning MSB3277:             C:\Users\ultra\warewolf\Dev\Dev2.Data\bin\Debug\net8.0\Dev2.Data.dll [C:\Users\ultra\warewolf\Dev\Dev2.Activities.Designers\Dev2.Activities.Designers.csproj]
C:\Program Files\dotnet\sdk\10.0.201\Microsoft.Common.CurrentVersion.targets(2451,5): warning MSB3277:             C:\Users\ultra\warewolf\Dev\Dev2.Activities\bin\Debug\net8.0\Dev2.Activities.dll [C:\Users\ultra\warewolf\Dev\Dev2.Activities.Designers\Dev2.Activities.Designers.csproj]
C:\Program Files\dotnet\sdk\10.0.201\Microsoft.Common.CurrentVersion.targets(2451,5): warning MSB3277:             C:\Users\ultra\warewolf\Dev\Dev2.Core\bin\Debug\net8.0\Dev2.Core.dll [C:\Users\ultra\warewolf\Dev\Dev2.Activities.Designers\Dev2.Activities.Designers.csproj]
C:\Program Files\dotnet\sdk\10.0.201\Microsoft.Common.CurrentVersion.targets(2451,5): warning MSB3277:             C:\Users\ultra\warewolf\Dev\Dev2.Intellisense\bin\Debug\net8.0\Dev2.Intellisense.dll [C:\Users\ultra\warewolf\Dev\Dev2.Activities.Designers\Dev2.Activities.Designers.csproj]
C:\Program Files\dotnet\sdk\10.0.201\Microsoft.Common.CurrentVersion.targets(2451,5): warning MSB3277:             C:\Users\ultra\warewolf\Dev\Dev2.Runtime.Services\bin\Debug\net8.0\Dev2.Runtime.Services.dll [C:\Users\ultra\warewolf\Dev\Dev2.Activities.Designers\Dev2.Activities.Designers.csproj]
C:\Program Files\dotnet\sdk\10.0.201\Microsoft.Common.CurrentVersion.targets(2451,5): warning MSB3277:             C:\Users\ultra\warewolf\Dev\Dev2.Studio.Core\bin\Debug\net8.0\Dev2.Studio.Core.dll [C:\Users\ultra\warewolf\Dev\Dev2.Activities.Designers\Dev2.Activities.Designers.csproj]
C:\Program Files\dotnet\sdk\10.0.201\Microsoft.Common.CurrentVersion.targets(2451,5): warning MSB3277:             C:\Users\ultra\warewolf\Dev\Dev2.Studio.Interfaces\bin\Debug\net8.0\Dev2.Studio.Interfaces.dll [C:\Users\ultra\warewolf\Dev\Dev2.Activities.Designers\Dev2.Activities.Designers.csproj]
C:\Program Files\dotnet\sdk\10.0.201\Microsoft.Common.CurrentVersion.targets(2451,5): warning MSB3277:             C:\Users\ultra\warewolf\Dev\Warewolf.Core\bin\Debug\net8.0\Warewolf.Core.dll [C:\Users\ultra\warewolf\Dev\Dev2.Activities.Designers\Dev2.Activities.Designers.csproj]
C:\Program Files\dotnet\sdk\10.0.201\Microsoft.Common.CurrentVersion.targets(2451,5): warning MSB3277:             C:\Users\ultra\warewolf\Dev\Warewolf.Studio.Core\bin\Debug\net8.0\Warewolf.Studio.Core.dll [C:\Users\ultra\warewolf\Dev\Dev2.Activities.Designers\Dev2.Activities.Designers.csproj]
C:\Program Files\dotnet\sdk\10.0.201\Microsoft.Common.CurrentVersion.targets(2451,5): warning MSB3277:             C:\Users\ultra\warewolf\Dev\Warewolf.Studio.CustomControls\bin\Debug\net8.0\Warewolf.Studio.CustomControls.dll [C:\Users\ultra\warewolf\Dev\Dev2.Activities.Designers\Dev2.Activities.Designers.csproj]
C:\Program Files\dotnet\sdk\10.0.201\Microsoft.Common.CurrentVersion.targets(2451,5): warning MSB3277:             C:\Users\ultra\warewolf\Dev\Warewolf.Studio.Models\bin\Debug\net8.0\Warewolf.Studio.Models.dll [C:\Users\ultra\warewolf\Dev\Dev2.Activities.Designers\Dev2.Activities.Designers.csproj]
C:\Program Files\dotnet\sdk\10.0.201\Microsoft.Common.CurrentVersion.targets(2451,5): warning MSB3277:             C:\Users\ultra\warewolf\Dev\Warewolf.UI\bin\Debug\net8.0\Warewolf.UI.dll [C:\Users\ultra\warewolf\Dev\Dev2.Activities.Designers\Dev2.Activities.Designers.csproj]
C:\Program Files\dotnet\sdk\10.0.201\Microsoft.Common.CurrentVersion.targets(2451,5): warning MSB3277:             C:\Users\ultra\warewolf\Dev\Dev2.Scheduler\bin\Debug\net8.0\Dev2.Scheduler.dll [C:\Users\ultra\warewolf\Dev\Dev2.Activities.Designers\Dev2.Activities.Designers.csproj]
C:\Program Files\dotnet\sdk\10.0.201\Microsoft.Common.CurrentVersion.targets(2451,5): warning MSB3277:             C:\Users\ultra\warewolf\Dev\Dev2.Services.Execution\bin\Debug\net8.0\Dev2.Services.Execution.dll [C:\Users\ultra\warewolf\Dev\Dev2.Activities.Designers\Dev2.Activities.Designers.csproj]
C:\Program Files\dotnet\sdk\10.0.201\Microsoft.Common.CurrentVersion.targets(2451,5): warning MSB3277:             C:\Users\ultra\warewolf\Dev\Warewolf.Auditing\bin\Debug\net8.0\Warewolf.Auditing.dll [C:\Users\ultra\warewolf\Dev\Dev2.Activities.Designers\Dev2.Activities.Designers.csproj]
C:\Program Files\dotnet\sdk\10.0.201\Microsoft.Common.CurrentVersion.targets(2451,5): warning MSB3277:             C:\Users\ultra\warewolf\Dev\Warewolf.Common.NetStandard20\bin\Debug\net8.0\Warewolf.Common.NetStandard20.dll [C:\Users\ultra\warewolf\Dev\Dev2.Activities.Designers\Dev2.Activities.Designers.csproj]
C:\Program Files\dotnet\sdk\10.0.201\Microsoft.Common.CurrentVersion.targets(2451,5): warning MSB3277:             C:\Users\ultra\warewolf\Dev\Warewolf.Driver.Persistence\bin\Debug\net8.0\Warewolf.Driver.Persistence.dll [C:\Users\ultra\warewolf\Dev\Dev2.Activities.Designers\Dev2.Activities.Designers.csproj]
C:\Program Files\dotnet\sdk\10.0.201\Microsoft.Common.CurrentVersion.targets(2451,5): warning MSB3277:             C:\Users\ultra\warewolf\Dev\Warewolf.Exchange.Email.Wrapper\bin\Debug\net8.0\Warewolf.Exchange.Email.Wrapper.dll [C:\Users\ultra\warewolf\Dev\Dev2.Activities.Designers\Dev2.Activities.Designers.csproj]
C:\Program Files\dotnet\sdk\10.0.201\Microsoft.Common.CurrentVersion.targets(2451,5): warning MSB3277:             C:\Users\ultra\warewolf\Dev\Warewolf.ResourceManagement\bin\Debug\net8.0\Warewolf.ResourceManagement.dll [C:\Users\ultra\warewolf\Dev\Dev2.Activities.Designers\Dev2.Activities.Designers.csproj]
C:\Program Files\dotnet\sdk\10.0.201\Microsoft.Common.CurrentVersion.targets(2451,5): warning MSB3277:         C:\Users\ultra\warewolf\Dev\Warewolf.Studio.CustomControls\bin\Debug\net8.0\Warewolf.Studio.CustomControls.dll [C:\Users\ultra\warewolf\Dev\Dev2.Activities.Designers\Dev2.Activities.Designers.csproj]
C:\Program Files\dotnet\sdk\10.0.201\Microsoft.Common.CurrentVersion.targets(2451,5): warning MSB3277:           Project file item includes which caused reference "C:\Users\ultra\warewolf\Dev\Warewolf.Studio.CustomControls\bin\Debug\net8.0\Warewolf.Studio.CustomControls.dll". [C:\Users\ultra\warewolf\Dev\Dev2.Activities.Designers\Dev2.Activities.Designers.csproj]
C:\Program Files\dotnet\sdk\10.0.201\Microsoft.Common.CurrentVersion.targets(2451,5): warning MSB3277:             C:\Users\ultra\warewolf\Dev\Warewolf.Studio.CustomControls\bin\Debug\net8.0\Warewolf.Studio.CustomControls.dll [C:\Users\ultra\warewolf\Dev\Dev2.Activities.Designers\Dev2.Activities.Designers.csproj]
C:\Program Files\dotnet\sdk\10.0.201\Microsoft.Common.CurrentVersion.targets(2451,5): warning MSB3277:         C:\Users\ultra\warewolf\Dev\Binaries\Infragistcs_Net6\InfragisticsWPF4.v15.1.dll [C:\Users\ultra\warewolf\Dev\Dev2.Activities.Designers\Dev2.Activities.Designers.csproj]
C:\Program Files\dotnet\sdk\10.0.201\Microsoft.Common.CurrentVersion.targets(2451,5): warning MSB3277:           Project file item includes which caused reference "C:\Users\ultra\warewolf\Dev\Binaries\Infragistcs_Net6\InfragisticsWPF4.v15.1.dll". [C:\Users\ultra\warewolf\Dev\Dev2.Activities.Designers\Dev2.Activities.Designers.csproj]
C:\Program Files\dotnet\sdk\10.0.201\Microsoft.Common.CurrentVersion.targets(2451,5): warning MSB3277:             InfragisticsWPF4.v15.1, Version=15.1.20151.2055, Culture=neutral, PublicKeyToken=7dd5c3163f2cd0cb, processorArchitecture=MSIL [C:\Users\ultra\warewolf\Dev\Dev2.Activities.Designers\Dev2.Activities.Designers.csproj]
C:\Program Files\dotnet\sdk\10.0.201\Microsoft.Common.CurrentVersion.targets(2451,5): warning MSB3277:             InfragisticsWPF4.Controls.Editors.XamComboEditor.v15.1, Version=15.1.20151.2055, Culture=neutral, processorArchitecture=MSIL [C:\Users\ultra\warewolf\Dev\Dev2.Activities.Designers\Dev2.Activities.Designers.csproj]
C:\Program Files\dotnet\sdk\10.0.201\Microsoft.Common.CurrentVersion.targets(2451,5): warning MSB3277:             InfragisticsWPF4.Controls.Grids.XamGrid.v15.1 [C:\Users\ultra\warewolf\Dev\Dev2.Activities.Designers\Dev2.Activities.Designers.csproj]
C:\Program Files\dotnet\sdk\10.0.201\Microsoft.Common.CurrentVersion.targets(2451,5): warning MSB3277:             InfragisticsWPF4.Controls.Interactions.XamDialogWindow.v15.1, Version=15.1.20151.2055, Culture=neutral, PublicKeyToken=7dd5c3163f2cd0cb, processorArchitecture=MSIL [C:\Users\ultra\warewolf\Dev\Dev2.Activities.Designers\Dev2.Activities.Designers.csproj]
C:\Program Files\dotnet\sdk\10.0.201\Microsoft.Common.CurrentVersion.targets(2451,5): warning MSB3277:             InfragisticsWPF4.Controls.Menus.XamDataTree.v15.1 [C:\Users\ultra\warewolf\Dev\Dev2.Activities.Designers\Dev2.Activities.Designers.csproj]
C:\Program Files\dotnet\sdk\10.0.201\Microsoft.Common.CurrentVersion.targets(2451,5): warning MSB3277:             InfragisticsWPF4.Controls.Menus.XamMenu.v15.1, Version=15.1.20151.2055, Culture=neutral, processorArchitecture=MSIL [C:\Users\ultra\warewolf\Dev\Dev2.Activities.Designers\Dev2.Activities.Designers.csproj]
C:\Program Files\dotnet\sdk\10.0.201\Microsoft.Common.CurrentVersion.targets(2451,5): warning MSB3277:             InfragisticsWPF4.DataManager.v15.1, Version=15.1.20151.2188, Culture=neutral, PublicKeyToken=7dd5c3163f2cd0cb, processorArchitecture=MSIL [C:\Users\ultra\warewolf\Dev\Dev2.Activities.Designers\Dev2.Activities.Designers.csproj]
C:\Program Files\dotnet\sdk\10.0.201\Microsoft.Common.CurrentVersion.targets(2451,5): warning MSB3277:             InfragisticsWPF4.Editors.v15.1, Version=15.1.20151.2055, Culture=neutral, processorArchitecture=MSIL [C:\Users\ultra\warewolf\Dev\Dev2.Activities.Designers\Dev2.Activities.Designers.csproj]
C:\Program Files\dotnet\sdk\10.0.201\Microsoft.Common.CurrentVersion.targets(2451,5): warning MSB3277:         C:\Users\ultra\.nuget\packages\dotnetzip\1.16.0\lib\netstandard2.0\DotNetZip.dll [C:\Users\ultra\warewolf\Dev\Dev2.Activities.Designers\Dev2.Activities.Designers.csproj]
C:\Program Files\dotnet\sdk\10.0.201\Microsoft.Common.CurrentVersion.targets(2451,5): warning MSB3277:           Project file item includes which caused reference "C:\Users\ultra\.nuget\packages\dotnetzip\1.16.0\lib\netstandard2.0\DotNetZip.dll". [C:\Users\ultra\warewolf\Dev\Dev2.Activities.Designers\Dev2.Activities.Designers.csproj]
C:\Program Files\dotnet\sdk\10.0.201\Microsoft.Common.CurrentVersion.targets(2451,5): warning MSB3277:             C:\Users\ultra\.nuget\packages\dotnetzip\1.16.0\lib\netstandard2.0\DotNetZip.dll [C:\Users\ultra\warewolf\Dev\Dev2.Activities.Designers\Dev2.Activities.Designers.csproj]
C:\Program Files\dotnet\sdk\10.0.201\Microsoft.Common.CurrentVersion.targets(2451,5): warning MSB3277:             C:\Users\ultra\warewolf\Dev\Dev2.Common\bin\Debug\net8.0\Dev2.Common.dll [C:\Users\ultra\warewolf\Dev\Dev2.Activities.Designers\Dev2.Activities.Designers.csproj]
C:\Program Files\dotnet\sdk\10.0.201\Microsoft.Common.CurrentVersion.targets(2451,5): warning MSB3277:             C:\Users\ultra\warewolf\Dev\Dev2.Activities\bin\Debug\net8.0\Dev2.Activities.dll [C:\Users\ultra\warewolf\Dev\Dev2.Activities.Designers\Dev2.Activities.Designers.csproj]
C:\Program Files\dotnet\sdk\10.0.201\Microsoft.Common.CurrentVersion.targets(2451,5): warning MSB3277:             C:\Users\ultra\warewolf\Dev\Dev2.Core\bin\Debug\net8.0\Dev2.Core.dll [C:\Users\ultra\warewolf\Dev\Dev2.Activities.Designers\Dev2.Activities.Designers.csproj]
C:\Program Files\dotnet\sdk\10.0.201\Microsoft.Common.CurrentVersion.targets(2451,5): warning MSB3277:             C:\Users\ultra\warewolf\Dev\Dev2.Data.Interfaces\bin\Debug\net8.0\Dev2.Data.Interfaces.dll [C:\Users\ultra\warewolf\Dev\Dev2.Activities.Designers\Dev2.Activities.Designers.csproj]
C:\Program Files\dotnet\sdk\10.0.201\Microsoft.Common.CurrentVersion.targets(2451,5): warning MSB3277:             C:\Users\ultra\warewolf\Dev\Dev2.Data\bin\Debug\net8.0\Dev2.Data.dll [C:\Users\ultra\warewolf\Dev\Dev2.Activities.Designers\Dev2.Activities.Designers.csproj]
C:\Program Files\dotnet\sdk\10.0.201\Microsoft.Common.CurrentVersion.targets(2451,5): warning MSB3277:             C:\Users\ultra\warewolf\Dev\Dev2.Diagnostics\bin\Debug\net8.0\Dev2.Diagnostics.dll [C:\Users\ultra\warewolf\Dev\Dev2.Activities.Designers\Dev2.Activities.Designers.csproj]
C:\Program Files\dotnet\sdk\10.0.201\Microsoft.Common.CurrentVersion.targets(2451,5): warning MSB3277:             C:\Users\ultra\warewolf\Dev\Dev2.Infrastructure\bin\Debug\net8.0\Dev2.Infrastructure.dll [C:\Users\ultra\warewolf\Dev\Dev2.Activities.Designers\Dev2.Activities.Designers.csproj]
C:\Program Files\dotnet\sdk\10.0.201\Microsoft.Common.CurrentVersion.targets(2451,5): warning MSB3277:             C:\Users\ultra\warewolf\Dev\Dev2.Intellisense\bin\Debug\net8.0\Dev2.Intellisense.dll [C:\Users\ultra\warewolf\Dev\Dev2.Activities.Designers\Dev2.Activities.Designers.csproj]
C:\Program Files\dotnet\sdk\10.0.201\Microsoft.Common.CurrentVersion.targets(2451,5): warning MSB3277:             C:\Users\ultra\warewolf\Dev\Dev2.Runtime.Services\bin\Debug\net8.0\Dev2.Runtime.Services.dll [C:\Users\ultra\warewolf\Dev\Dev2.Activities.Designers\Dev2.Activities.Designers.csproj]
C:\Program Files\dotnet\sdk\10.0.201\Microsoft.Common.CurrentVersion.targets(2451,5): warning MSB3277:             C:\Users\ultra\warewolf\Dev\Dev2.Studio.Core\bin\Debug\net8.0\Dev2.Studio.Core.dll [C:\Users\ultra\warewolf\Dev\Dev2.Activities.Designers\Dev2.Activities.Designers.csproj]
C:\Program Files\dotnet\sdk\10.0.201\Microsoft.Common.CurrentVersion.targets(2451,5): warning MSB3277:             C:\Users\ultra\warewolf\Dev\Dev2.Studio.Interfaces\bin\Debug\net8.0\Dev2.Studio.Interfaces.dll [C:\Users\ultra\warewolf\Dev\Dev2.Activities.Designers\Dev2.Activities.Designers.csproj]
C:\Program Files\dotnet\sdk\10.0.201\Microsoft.Common.CurrentVersion.targets(2451,5): warning MSB3277:             C:\Users\ultra\warewolf\Dev\Dev2.Util\bin\Debug\net8.0\Dev2.Util.dll [C:\Users\ultra\warewolf\Dev\Dev2.Activities.Designers\Dev2.Activities.Designers.csproj]
C:\Program Files\dotnet\sdk\10.0.201\Microsoft.Common.CurrentVersion.targets(2451,5): warning MSB3277:             C:\Users\ultra\warewolf\Dev\Warewolf.Storage\bin\Debug\net8.0\Warewolf.Storage.dll [C:\Users\ultra\warewolf\Dev\Dev2.Activities.Designers\Dev2.Activities.Designers.csproj]
C:\Program Files\dotnet\sdk\10.0.201\Microsoft.Common.CurrentVersion.targets(2451,5): warning MSB3277:             C:\Users\ultra\warewolf\Dev\Warewolf.Core\bin\Debug\net8.0\Warewolf.Core.dll [C:\Users\ultra\warewolf\Dev\Dev2.Activities.Designers\Dev2.Activities.Designers.csproj]
C:\Program Files\dotnet\sdk\10.0.201\Microsoft.Common.CurrentVersion.targets(2451,5): warning MSB3277:             C:\Users\ultra\warewolf\Dev\Warewolf.Studio.Core\bin\Debug\net8.0\Warewolf.Studio.Core.dll [C:\Users\ultra\warewolf\Dev\Dev2.Activities.Designers\Dev2.Activities.Designers.csproj]
C:\Program Files\dotnet\sdk\10.0.201\Microsoft.Common.CurrentVersion.targets(2451,5): warning MSB3277:             C:\Users\ultra\warewolf\Dev\Warewolf.Studio.CustomControls\bin\Debug\net8.0\Warewolf.Studio.CustomControls.dll [C:\Users\ultra\warewolf\Dev\Dev2.Activities.Designers\Dev2.Activities.Designers.csproj]
C:\Program Files\dotnet\sdk\10.0.201\Microsoft.Common.CurrentVersion.targets(2451,5): warning MSB3277:             C:\Users\ultra\warewolf\Dev\Warewolf.Studio.Models\bin\Debug\net8.0\Warewolf.Studio.Models.dll [C:\Users\ultra\warewolf\Dev\Dev2.Activities.Designers\Dev2.Activities.Designers.csproj]
C:\Program Files\dotnet\sdk\10.0.201\Microsoft.Common.CurrentVersion.targets(2451,5): warning MSB3277:             C:\Users\ultra\warewolf\Dev\Warewolf.UI\bin\Debug\net8.0\Warewolf.UI.dll [C:\Users\ultra\warewolf\Dev\Dev2.Activities.Designers\Dev2.Activities.Designers.csproj]
C:\Program Files\dotnet\sdk\10.0.201\Microsoft.Common.CurrentVersion.targets(2451,5): warning MSB3277:             C:\Users\ultra\warewolf\Dev\Dev2.Development.Languages\bin\Debug\net8.0\Dev2.Development.Languages.dll [C:\Users\ultra\warewolf\Dev\Dev2.Activities.Designers\Dev2.Activities.Designers.csproj]
C:\Program Files\dotnet\sdk\10.0.201\Microsoft.Common.CurrentVersion.targets(2451,5): warning MSB3277:             C:\Users\ultra\warewolf\Dev\Dev2.Scheduler\bin\Debug\net8.0\Dev2.Scheduler.dll [C:\Users\ultra\warewolf\Dev\Dev2.Activities.Designers\Dev2.Activities.Designers.csproj]
C:\Program Files\dotnet\sdk\10.0.201\Microsoft.Common.CurrentVersion.targets(2451,5): warning MSB3277:             C:\Users\ultra\warewolf\Dev\Dev2.Services.Execution\bin\Debug\net8.0\Dev2.Services.Execution.dll [C:\Users\ultra\warewolf\Dev\Dev2.Activities.Designers\Dev2.Activities.Designers.csproj]
C:\Program Files\dotnet\sdk\10.0.201\Microsoft.Common.CurrentVersion.targets(2451,5): warning MSB3277:             C:\Users\ultra\warewolf\Dev\Dev2.Services.Sql\bin\Debug\net8.0\Dev2.Services.Sql.dll [C:\Users\ultra\warewolf\Dev\Dev2.Activities.Designers\Dev2.Activities.Designers.csproj]
C:\Program Files\dotnet\sdk\10.0.201\Microsoft.Common.CurrentVersion.targets(2451,5): warning MSB3277:             C:\Users\ultra\warewolf\Dev\Dev2.TaskScheduler.Wrappers\bin\Debug\net8.0\Dev2.TaskScheduler.Wrappers.dll [C:\Users\ultra\warewolf\Dev\Dev2.Activities.Designers\Dev2.Activities.Designers.csproj]
C:\Program Files\dotnet\sdk\10.0.201\Microsoft.Common.CurrentVersion.targets(2451,5): warning MSB3277:             C:\Users\ultra\warewolf\Dev\Warewolf.AI.Harness\bin\Debug\net8.0\Warewolf.AI.Harness.dll [C:\Users\ultra\warewolf\Dev\Dev2.Activities.Designers\Dev2.Activities.Designers.csproj]
C:\Program Files\dotnet\sdk\10.0.201\Microsoft.Common.CurrentVersion.targets(2451,5): warning MSB3277:             C:\Users\ultra\warewolf\Dev\Warewolf.Auditing\bin\Debug\net8.0\Warewolf.Auditing.dll [C:\Users\ultra\warewolf\Dev\Dev2.Activities.Designers\Dev2.Activities.Designers.csproj]
C:\Program Files\dotnet\sdk\10.0.201\Microsoft.Common.CurrentVersion.targets(2451,5): warning MSB3277:             C:\Users\ultra\warewolf\Dev\Warewolf.Common.NetStandard20\bin\Debug\net8.0\Warewolf.Common.NetStandard20.dll [C:\Users\ultra\warewolf\Dev\Dev2.Activities.Designers\Dev2.Activities.Designers.csproj]
C:\Program Files\dotnet\sdk\10.0.201\Microsoft.Common.CurrentVersion.targets(2451,5): warning MSB3277:             C:\Users\ultra\warewolf\Dev\Warewolf.Driver.Persistence\bin\Debug\net8.0\Warewolf.Driver.Persistence.dll [C:\Users\ultra\warewolf\Dev\Dev2.Activities.Designers\Dev2.Activities.Designers.csproj]
C:\Program Files\dotnet\sdk\10.0.201\Microsoft.Common.CurrentVersion.targets(2451,5): warning MSB3277:             C:\Users\ultra\warewolf\Dev\Warewolf.Driver.Serilog\bin\Debug\net8.0\Warewolf.Driver.Serilog.dll [C:\Users\ultra\warewolf\Dev\Dev2.Activities.Designers\Dev2.Activities.Designers.csproj]
C:\Program Files\dotnet\sdk\10.0.201\Microsoft.Common.CurrentVersion.targets(2451,5): warning MSB3277:             C:\Users\ultra\warewolf\Dev\Warewolf.Exchange.Email.Wrapper\bin\Debug\net8.0\Warewolf.Exchange.Email.Wrapper.dll [C:\Users\ultra\warewolf\Dev\Dev2.Activities.Designers\Dev2.Activities.Designers.csproj]
C:\Program Files\dotnet\sdk\10.0.201\Microsoft.Common.CurrentVersion.targets(2451,5): warning MSB3277:             C:\Users\ultra\warewolf\Dev\Warewolf.ResourceManagement\bin\Debug\net8.0\Warewolf.ResourceManagement.dll [C:\Users\ultra\warewolf\Dev\Dev2.Activities.Designers\Dev2.Activities.Designers.csproj]
C:\Program Files\dotnet\sdk\10.0.201\Microsoft.Common.CurrentVersion.targets(2451,5): warning MSB3277:             C:\Users\ultra\warewolf\Dev\Warewolf.Sharepoint\bin\Debug\net8.0\Warewolf.Sharepoint.dll [C:\Users\ultra\warewolf\Dev\Dev2.Activities.Designers\Dev2.Activities.Designers.csproj]
C:\Program Files\dotnet\sdk\10.0.201\Microsoft.Common.CurrentVersion.targets(2451,5): warning MSB3277:         C:\Users\ultra\.nuget\packages\mindbox.data.linq\5.0.0\lib\netstandard2.0\Mindbox.Data.Linq.dll [C:\Users\ultra\warewolf\Dev\Dev2.Activities.Designers\Dev2.Activities.Designers.csproj]
C:\Program Files\dotnet\sdk\10.0.201\Microsoft.Common.CurrentVersion.targets(2451,5): warning MSB3277:           Project file item includes which caused reference "C:\Users\ultra\.nuget\packages\mindbox.data.linq\5.0.0\lib\netstandard2.0\Mindbox.Data.Linq.dll". [C:\Users\ultra\warewolf\Dev\Dev2.Activities.Designers\Dev2.Activities.Designers.csproj]
C:\Program Files\dotnet\sdk\10.0.201\Microsoft.Common.CurrentVersion.targets(2451,5): warning MSB3277:             C:\Users\ultra\.nuget\packages\mindbox.data.linq\5.0.0\lib\netstandard2.0\Mindbox.Data.Linq.dll [C:\Users\ultra\warewolf\Dev\Dev2.Activities.Designers\Dev2.Activities.Designers.csproj]
C:\Program Files\dotnet\sdk\10.0.201\Microsoft.Common.CurrentVersion.targets(2451,5): warning MSB3277:             C:\Users\ultra\warewolf\Dev\Warewolf.Auditing\bin\Debug\net8.0\Warewolf.Auditing.dll [C:\Users\ultra\warewolf\Dev\Dev2.Activities.Designers\Dev2.Activities.Designers.csproj]
C:\Program Files\dotnet\sdk\10.0.201\Microsoft.Common.CurrentVersion.targets(2451,5): warning MSB3277:             C:\Users\ultra\warewolf\Dev\Dev2.Activities\bin\Debug\net8.0\Dev2.Activities.dll [C:\Users\ultra\warewolf\Dev\Dev2.Activities.Designers\Dev2.Activities.Designers.csproj]
C:\Program Files\dotnet\sdk\10.0.201\Microsoft.Common.CurrentVersion.targets(2451,5): warning MSB3277:             C:\Users\ultra\warewolf\Dev\Dev2.Runtime.Services\bin\Debug\net8.0\Dev2.Runtime.Services.dll [C:\Users\ultra\warewolf\Dev\Dev2.Activities.Designers\Dev2.Activities.Designers.csproj]
C:\Program Files\dotnet\sdk\10.0.201\Microsoft.Common.CurrentVersion.targets(2451,5): warning MSB3277:             C:\Users\ultra\warewolf\Dev\Dev2.Studio.Core\bin\Debug\net8.0\Dev2.Studio.Core.dll [C:\Users\ultra\warewolf\Dev\Dev2.Activities.Designers\Dev2.Activities.Designers.csproj]
C:\Program Files\dotnet\sdk\10.0.201\Microsoft.Common.CurrentVersion.targets(2451,5): warning MSB3277:             C:\Users\ultra\warewolf\Dev\Dev2.Intellisense\bin\Debug\net8.0\Dev2.Intellisense.dll [C:\Users\ultra\warewolf\Dev\Dev2.Activities.Designers\Dev2.Activities.Designers.csproj]
C:\Program Files\dotnet\sdk\10.0.201\Microsoft.Common.CurrentVersion.targets(2451,5): warning MSB3277:             C:\Users\ultra\warewolf\Dev\Dev2.Studio.Interfaces\bin\Debug\net8.0\Dev2.Studio.Interfaces.dll [C:\Users\ultra\warewolf\Dev\Dev2.Activities.Designers\Dev2.Activities.Designers.csproj]
C:\Program Files\dotnet\sdk\10.0.201\Microsoft.Common.CurrentVersion.targets(2451,5): warning MSB3277:             C:\Users\ultra\warewolf\Dev\Warewolf.Studio.Core\bin\Debug\net8.0\Warewolf.Studio.Core.dll [C:\Users\ultra\warewolf\Dev\Dev2.Activities.Designers\Dev2.Activities.Designers.csproj]
C:\Program Files\dotnet\sdk\10.0.201\Microsoft.Common.CurrentVersion.targets(2451,5): warning MSB3277:             C:\Users\ultra\warewolf\Dev\Warewolf.Studio.CustomControls\bin\Debug\net8.0\Warewolf.Studio.CustomControls.dll [C:\Users\ultra\warewolf\Dev\Dev2.Activities.Designers\Dev2.Activities.Designers.csproj]
C:\Program Files\dotnet\sdk\10.0.201\Microsoft.Common.CurrentVersion.targets(2451,5): warning MSB3277:             C:\Users\ultra\warewolf\Dev\Warewolf.Studio.Models\bin\Debug\net8.0\Warewolf.Studio.Models.dll [C:\Users\ultra\warewolf\Dev\Dev2.Activities.Designers\Dev2.Activities.Designers.csproj]
C:\Program Files\dotnet\sdk\10.0.201\Microsoft.Common.CurrentVersion.targets(2451,5): warning MSB3277:             C:\Users\ultra\warewolf\Dev\Dev2.Services.Execution\bin\Debug\net8.0\Dev2.Services.Execution.dll [C:\Users\ultra\warewolf\Dev\Dev2.Activities.Designers\Dev2.Activities.Designers.csproj]
C:\Program Files\dotnet\sdk\10.0.201\Microsoft.Common.CurrentVersion.targets(2451,5): warning MSB3277:             C:\Users\ultra\warewolf\Dev\Warewolf.Common.NetStandard20\bin\Debug\net8.0\Warewolf.Common.NetStandard20.dll [C:\Users\ultra\warewolf\Dev\Dev2.Activities.Designers\Dev2.Activities.Designers.csproj]
C:\Program Files\dotnet\sdk\10.0.201\Microsoft.Common.CurrentVersion.targets(2451,5): warning MSB3277:             C:\Users\ultra\warewolf\Dev\Warewolf.Driver.Persistence\bin\Debug\net8.0\Warewolf.Driver.Persistence.dll [C:\Users\ultra\warewolf\Dev\Dev2.Activities.Designers\Dev2.Activities.Designers.csproj]
C:\Program Files\dotnet\sdk\10.0.201\Microsoft.Common.CurrentVersion.targets(2451,5): warning MSB3277:         C:\Users\ultra\.nuget\packages\mysql.data\8.4.0\lib\net8.0\MySql.Data.dll [C:\Users\ultra\warewolf\Dev\Dev2.Activities.Designers\Dev2.Activities.Designers.csproj]
C:\Program Files\dotnet\sdk\10.0.201\Microsoft.Common.CurrentVersion.targets(2451,5): warning MSB3277:           Project file item includes which caused reference "C:\Users\ultra\.nuget\packages\mysql.data\8.4.0\lib\net8.0\MySql.Data.dll". [C:\Users\ultra\warewolf\Dev\Dev2.Activities.Designers\Dev2.Activities.Designers.csproj]
C:\Program Files\dotnet\sdk\10.0.201\Microsoft.Common.CurrentVersion.targets(2451,5): warning MSB3277:             C:\Users\ultra\.nuget\packages\mysql.data\8.4.0\lib\net8.0\MySql.Data.dll [C:\Users\ultra\warewolf\Dev\Dev2.Activities.Designers\Dev2.Activities.Designers.csproj]
C:\Program Files\dotnet\sdk\10.0.201\Microsoft.Common.CurrentVersion.targets(2451,5): warning MSB3277:             C:\Users\ultra\warewolf\Dev\Dev2.Activities\bin\Debug\net8.0\Dev2.Activities.dll [C:\Users\ultra\warewolf\Dev\Dev2.Activities.Designers\Dev2.Activities.Designers.csproj]
C:\Program Files\dotnet\sdk\10.0.201\Microsoft.Common.CurrentVersion.targets(2451,5): warning MSB3277:             C:\Users\ultra\warewolf\Dev\Dev2.Runtime.Services\bin\Debug\net8.0\Dev2.Runtime.Services.dll [C:\Users\ultra\warewolf\Dev\Dev2.Activities.Designers\Dev2.Activities.Designers.csproj]
C:\Program Files\dotnet\sdk\10.0.201\Microsoft.Common.CurrentVersion.targets(2451,5): warning MSB3277:             C:\Users\ultra\warewolf\Dev\Dev2.Studio.Core\bin\Debug\net8.0\Dev2.Studio.Core.dll [C:\Users\ultra\warewolf\Dev\Dev2.Activities.Designers\Dev2.Activities.Designers.csproj]
C:\Program Files\dotnet\sdk\10.0.201\Microsoft.Common.CurrentVersion.targets(2451,5): warning MSB3277:             C:\Users\ultra\warewolf\Dev\Dev2.Intellisense\bin\Debug\net8.0\Dev2.Intellisense.dll [C:\Users\ultra\warewolf\Dev\Dev2.Activities.Designers\Dev2.Activities.Designers.csproj]
C:\Program Files\dotnet\sdk\10.0.201\Microsoft.Common.CurrentVersion.targets(2451,5): warning MSB3277:             C:\Users\ultra\warewolf\Dev\Dev2.Studio.Interfaces\bin\Debug\net8.0\Dev2.Studio.Interfaces.dll [C:\Users\ultra\warewolf\Dev\Dev2.Activities.Designers\Dev2.Activities.Designers.csproj]
C:\Program Files\dotnet\sdk\10.0.201\Microsoft.Common.CurrentVersion.targets(2451,5): warning MSB3277:             C:\Users\ultra\warewolf\Dev\Warewolf.Studio.Core\bin\Debug\net8.0\Warewolf.Studio.Core.dll [C:\Users\ultra\warewolf\Dev\Dev2.Activities.Designers\Dev2.Activities.Designers.csproj]
C:\Program Files\dotnet\sdk\10.0.201\Microsoft.Common.CurrentVersion.targets(2451,5): warning MSB3277:             C:\Users\ultra\warewolf\Dev\Warewolf.Studio.CustomControls\bin\Debug\net8.0\Warewolf.Studio.CustomControls.dll [C:\Users\ultra\warewolf\Dev\Dev2.Activities.Designers\Dev2.Activities.Designers.csproj]
C:\Program Files\dotnet\sdk\10.0.201\Microsoft.Common.CurrentVersion.targets(2451,5): warning MSB3277:             C:\Users\ultra\warewolf\Dev\Warewolf.Studio.Models\bin\Debug\net8.0\Warewolf.Studio.Models.dll [C:\Users\ultra\warewolf\Dev\Dev2.Activities.Designers\Dev2.Activities.Designers.csproj]
C:\Program Files\dotnet\sdk\10.0.201\Microsoft.Common.CurrentVersion.targets(2451,5): warning MSB3277:             C:\Users\ultra\warewolf\Dev\Dev2.Services.Execution\bin\Debug\net8.0\Dev2.Services.Execution.dll [C:\Users\ultra\warewolf\Dev\Dev2.Activities.Designers\Dev2.Activities.Designers.csproj]
C:\Program Files\dotnet\sdk\10.0.201\Microsoft.Common.CurrentVersion.targets(2451,5): warning MSB3277:             C:\Users\ultra\warewolf\Dev\Dev2.Services.Sql\bin\Debug\net8.0\Dev2.Services.Sql.dll [C:\Users\ultra\warewolf\Dev\Dev2.Activities.Designers\Dev2.Activities.Designers.csproj]
C:\Program Files\dotnet\sdk\10.0.201\Microsoft.Common.CurrentVersion.targets(2451,5): warning MSB3277:             C:\Users\ultra\warewolf\Dev\Warewolf.Driver.Persistence\bin\Debug\net8.0\Warewolf.Driver.Persistence.dll [C:\Users\ultra\warewolf\Dev\Dev2.Activities.Designers\Dev2.Activities.Designers.csproj]
C:\Program Files\dotnet\sdk\10.0.201\Microsoft.Common.CurrentVersion.targets(2451,5): warning MSB3277:         C:\Users\ultra\.nuget\packages\oracle.manageddataaccess.core\3.21.70\lib\netstandard2.1\Oracle.ManagedDataAccess.dll [C:\Users\ultra\warewolf\Dev\Dev2.Activities.Designers\Dev2.Activities.Designers.csproj]
C:\Program Files\dotnet\sdk\10.0.201\Microsoft.Common.CurrentVersion.targets(2451,5): warning MSB3277:           Project file item includes which caused reference "C:\Users\ultra\.nuget\packages\oracle.manageddataaccess.core\3.21.70\lib\netstandard2.1\Oracle.ManagedDataAccess.dll". [C:\Users\ultra\warewolf\Dev\Dev2.Activities.Designers\Dev2.Activities.Designers.csproj]
C:\Program Files\dotnet\sdk\10.0.201\Microsoft.Common.CurrentVersion.targets(2451,5): warning MSB3277:             C:\Users\ultra\.nuget\packages\oracle.manageddataaccess.core\3.21.70\lib\netstandard2.1\Oracle.ManagedDataAccess.dll [C:\Users\ultra\warewolf\Dev\Dev2.Activities.Designers\Dev2.Activities.Designers.csproj]
C:\Program Files\dotnet\sdk\10.0.201\Microsoft.Common.CurrentVersion.targets(2451,5): warning MSB3277:             C:\Users\ultra\warewolf\Dev\Dev2.Runtime.Services\bin\Debug\net8.0\Dev2.Runtime.Services.dll [C:\Users\ultra\warewolf\Dev\Dev2.Activities.Designers\Dev2.Activities.Designers.csproj]
C:\Program Files\dotnet\sdk\10.0.201\Microsoft.Common.CurrentVersion.targets(2451,5): warning MSB3277:             C:\Users\ultra\warewolf\Dev\Dev2.Activities\bin\Debug\net8.0\Dev2.Activities.dll [C:\Users\ultra\warewolf\Dev\Dev2.Activities.Designers\Dev2.Activities.Designers.csproj]
C:\Program Files\dotnet\sdk\10.0.201\Microsoft.Common.CurrentVersion.targets(2451,5): warning MSB3277:             C:\Users\ultra\warewolf\Dev\Dev2.Studio.Core\bin\Debug\net8.0\Dev2.Studio.Core.dll [C:\Users\ultra\warewolf\Dev\Dev2.Activities.Designers\Dev2.Activities.Designers.csproj]
C:\Program Files\dotnet\sdk\10.0.201\Microsoft.Common.CurrentVersion.targets(2451,5): warning MSB3277:             C:\Users\ultra\warewolf\Dev\Dev2.Intellisense\bin\Debug\net8.0\Dev2.Intellisense.dll [C:\Users\ultra\warewolf\Dev\Dev2.Activities.Designers\Dev2.Activities.Designers.csproj]
C:\Program Files\dotnet\sdk\10.0.201\Microsoft.Common.CurrentVersion.targets(2451,5): warning MSB3277:             C:\Users\ultra\warewolf\Dev\Dev2.Studio.Interfaces\bin\Debug\net8.0\Dev2.Studio.Interfaces.dll [C:\Users\ultra\warewolf\Dev\Dev2.Activities.Designers\Dev2.Activities.Designers.csproj]
C:\Program Files\dotnet\sdk\10.0.201\Microsoft.Common.CurrentVersion.targets(2451,5): warning MSB3277:             C:\Users\ultra\warewolf\Dev\Warewolf.Studio.Core\bin\Debug\net8.0\Warewolf.Studio.Core.dll [C:\Users\ultra\warewolf\Dev\Dev2.Activities.Designers\Dev2.Activities.Designers.csproj]
C:\Program Files\dotnet\sdk\10.0.201\Microsoft.Common.CurrentVersion.targets(2451,5): warning MSB3277:             C:\Users\ultra\warewolf\Dev\Warewolf.Studio.CustomControls\bin\Debug\net8.0\Warewolf.Studio.CustomControls.dll [C:\Users\ultra\warewolf\Dev\Dev2.Activities.Designers\Dev2.Activities.Designers.csproj]
C:\Program Files\dotnet\sdk\10.0.201\Microsoft.Common.CurrentVersion.targets(2451,5): warning MSB3277:             C:\Users\ultra\warewolf\Dev\Warewolf.Studio.Models\bin\Debug\net8.0\Warewolf.Studio.Models.dll [C:\Users\ultra\warewolf\Dev\Dev2.Activities.Designers\Dev2.Activities.Designers.csproj]
C:\Program Files\dotnet\sdk\10.0.201\Microsoft.Common.CurrentVersion.targets(2451,5): warning MSB3277:             C:\Users\ultra\warewolf\Dev\Dev2.Services.Execution\bin\Debug\net8.0\Dev2.Services.Execution.dll [C:\Users\ultra\warewolf\Dev\Dev2.Activities.Designers\Dev2.Activities.Designers.csproj]
C:\Program Files\dotnet\sdk\10.0.201\Microsoft.Common.CurrentVersion.targets(2451,5): warning MSB3277:             C:\Users\ultra\warewolf\Dev\Dev2.Services.Sql\bin\Debug\net8.0\Dev2.Services.Sql.dll [C:\Users\ultra\warewolf\Dev\Dev2.Activities.Designers\Dev2.Activities.Designers.csproj]
C:\Program Files\dotnet\sdk\10.0.201\Microsoft.Common.CurrentVersion.targets(2451,5): warning MSB3277:             C:\Users\ultra\warewolf\Dev\Warewolf.Driver.Persistence\bin\Debug\net8.0\Warewolf.Driver.Persistence.dll [C:\Users\ultra\warewolf\Dev\Dev2.Activities.Designers\Dev2.Activities.Designers.csproj]
C:\Program Files\dotnet\sdk\10.0.201\Microsoft.Common.CurrentVersion.targets(2451,5): warning MSB3277:         C:\Users\ultra\.nuget\packages\system.directoryservices\6.0.0\lib\net6.0\System.DirectoryServices.dll [C:\Users\ultra\warewolf\Dev\Dev2.Activities.Designers\Dev2.Activities.Designers.csproj]
C:\Program Files\dotnet\sdk\10.0.201\Microsoft.Common.CurrentVersion.targets(2451,5): warning MSB3277:           Project file item includes which caused reference "C:\Users\ultra\.nuget\packages\system.directoryservices\6.0.0\lib\net6.0\System.DirectoryServices.dll". [C:\Users\ultra\warewolf\Dev\Dev2.Activities.Designers\Dev2.Activities.Designers.csproj]
C:\Program Files\dotnet\sdk\10.0.201\Microsoft.Common.CurrentVersion.targets(2451,5): warning MSB3277:             C:\Users\ultra\.nuget\packages\system.directoryservices\6.0.0\lib\net6.0\System.DirectoryServices.dll [C:\Users\ultra\warewolf\Dev\Dev2.Activities.Designers\Dev2.Activities.Designers.csproj]
C:\Program Files\dotnet\sdk\10.0.201\Microsoft.Common.CurrentVersion.targets(2451,5): warning MSB3277:             C:\Users\ultra\.nuget\packages\corewcf.primitives\1.2.1\lib\netstandard2.0\CoreWCF.Primitives.dll [C:\Users\ultra\warewolf\Dev\Dev2.Activities.Designers\Dev2.Activities.Designers.csproj]
C:\Program Files\dotnet\sdk\10.0.201\Microsoft.Common.CurrentVersion.targets(2451,5): warning MSB3277:             C:\Users\ultra\warewolf\Dev\Dev2.Runtime.Services\bin\Debug\net8.0\Dev2.Runtime.Services.dll [C:\Users\ultra\warewolf\Dev\Dev2.Activities.Designers\Dev2.Activities.Designers.csproj]
C:\Program Files\dotnet\sdk\10.0.201\Microsoft.Common.CurrentVersion.targets(2451,5): warning MSB3277:             C:\Users\ultra\warewolf\Dev\Dev2.Activities\bin\Debug\net8.0\Dev2.Activities.dll [C:\Users\ultra\warewolf\Dev\Dev2.Activities.Designers\Dev2.Activities.Designers.csproj]
C:\Program Files\dotnet\sdk\10.0.201\Microsoft.Common.CurrentVersion.targets(2451,5): warning MSB3277:             C:\Users\ultra\warewolf\Dev\Dev2.Studio.Core\bin\Debug\net8.0\Dev2.Studio.Core.dll [C:\Users\ultra\warewolf\Dev\Dev2.Activities.Designers\Dev2.Activities.Designers.csproj]
C:\Program Files\dotnet\sdk\10.0.201\Microsoft.Common.CurrentVersion.targets(2451,5): warning MSB3277:             C:\Users\ultra\warewolf\Dev\Dev2.Intellisense\bin\Debug\net8.0\Dev2.Intellisense.dll [C:\Users\ultra\warewolf\Dev\Dev2.Activities.Designers\Dev2.Activities.Designers.csproj]
C:\Program Files\dotnet\sdk\10.0.201\Microsoft.Common.CurrentVersion.targets(2451,5): warning MSB3277:             C:\Users\ultra\warewolf\Dev\Dev2.Studio.Interfaces\bin\Debug\net8.0\Dev2.Studio.Interfaces.dll [C:\Users\ultra\warewolf\Dev\Dev2.Activities.Designers\Dev2.Activities.Designers.csproj]
C:\Program Files\dotnet\sdk\10.0.201\Microsoft.Common.CurrentVersion.targets(2451,5): warning MSB3277:             C:\Users\ultra\warewolf\Dev\Warewolf.Studio.Core\bin\Debug\net8.0\Warewolf.Studio.Core.dll [C:\Users\ultra\warewolf\Dev\Dev2.Activities.Designers\Dev2.Activities.Designers.csproj]
C:\Program Files\dotnet\sdk\10.0.201\Microsoft.Common.CurrentVersion.targets(2451,5): warning MSB3277:             C:\Users\ultra\warewolf\Dev\Warewolf.Studio.CustomControls\bin\Debug\net8.0\Warewolf.Studio.CustomControls.dll [C:\Users\ultra\warewolf\Dev\Dev2.Activities.Designers\Dev2.Activities.Designers.csproj]
C:\Program Files\dotnet\sdk\10.0.201\Microsoft.Common.CurrentVersion.targets(2451,5): warning MSB3277:             C:\Users\ultra\warewolf\Dev\Warewolf.Studio.Models\bin\Debug\net8.0\Warewolf.Studio.Models.dll [C:\Users\ultra\warewolf\Dev\Dev2.Activities.Designers\Dev2.Activities.Designers.csproj]
C:\Program Files\dotnet\sdk\10.0.201\Microsoft.Common.CurrentVersion.targets(2451,5): warning MSB3277:             C:\Users\ultra\warewolf\Dev\Dev2.Services.Execution\bin\Debug\net8.0\Dev2.Services.Execution.dll [C:\Users\ultra\warewolf\Dev\Dev2.Activities.Designers\Dev2.Activities.Designers.csproj]
C:\Program Files\dotnet\sdk\10.0.201\Microsoft.Common.CurrentVersion.targets(2451,5): warning MSB3277:             C:\Users\ultra\warewolf\Dev\Warewolf.Driver.Persistence\bin\Debug\net8.0\Warewolf.Driver.Persistence.dll [C:\Users\ultra\warewolf\Dev\Dev2.Activities.Designers\Dev2.Activities.Designers.csproj]
C:\Program Files\dotnet\sdk\10.0.201\Microsoft.Common.CurrentVersion.targets(2451,5): warning MSB3277:             C:\Users\ultra\.nuget\packages\corewcf.http\1.2.1\lib\netstandard2.0\CoreWCF.Http.dll [C:\Users\ultra\warewolf\Dev\Dev2.Activities.Designers\Dev2.Activities.Designers.csproj]
C:\Program Files\dotnet\sdk\10.0.201\Microsoft.Common.CurrentVersion.targets(2451,5): warning MSB3277:             C:\Users\ultra\.nuget\packages\corewcf.nettcp\1.2.1\lib\netstandard2.0\CoreWCF.NetTcp.dll [C:\Users\ultra\warewolf\Dev\Dev2.Activities.Designers\Dev2.Activities.Designers.csproj]
C:\Program Files\dotnet\sdk\10.0.201\Microsoft.Common.CurrentVersion.targets(2451,5): warning MSB3277:             C:\Users\ultra\.nuget\packages\corewcf.webhttp\1.2.1\lib\netstandard2.0\CoreWCF.WebHttp.dll [C:\Users\ultra\warewolf\Dev\Dev2.Activities.Designers\Dev2.Activities.Designers.csproj]
C:\Program Files\dotnet\sdk\10.0.201\Microsoft.Common.CurrentVersion.targets(2451,5): warning MSB3277:         C:\Program Files\dotnet\packs\Microsoft.NETCore.App.Ref\8.0.25\ref\net8.0\System.Configuration.dll [C:\Users\ultra\warewolf\Dev\Dev2.Activities.Designers\Dev2.Activities.Designers.csproj]
C:\Program Files\dotnet\sdk\10.0.201\Microsoft.Common.CurrentVersion.targets(2451,5): warning MSB3277:           Project file item includes which caused reference "C:\Program Files\dotnet\packs\Microsoft.NETCore.App.Ref\8.0.25\ref\net8.0\System.Configuration.dll". [C:\Users\ultra\warewolf\Dev\Dev2.Activities.Designers\Dev2.Activities.Designers.csproj]
C:\Program Files\dotnet\sdk\10.0.201\Microsoft.Common.CurrentVersion.targets(2451,5): warning MSB3277:             C:\Program Files\dotnet\packs\Microsoft.NETCore.App.Ref\8.0.25\ref/net8.0/System.Configuration.dll [C:\Users\ultra\warewolf\Dev\Dev2.Activities.Designers\Dev2.Activities.Designers.csproj]
C:\Program Files\dotnet\sdk\10.0.201\Microsoft.Common.CurrentVersion.targets(2451,5): warning MSB3277:             C:\Users\ultra\.nuget\packages\prism.wpf\9.0.537\lib\net462\Prism.Wpf.dll [C:\Users\ultra\warewolf\Dev\Dev2.Activities.Designers\Dev2.Activities.Designers.csproj]
C:\Program Files\dotnet\sdk\10.0.201\Microsoft.Common.CurrentVersion.targets(2451,5): warning MSB3277:         C:\Program Files\dotnet\packs\Microsoft.NETCore.App.Ref\8.0.25\ref\net8.0\System.Data.dll [C:\Users\ultra\warewolf\Dev\Dev2.Activities.Designers\Dev2.Activities.Designers.csproj]
C:\Program Files\dotnet\sdk\10.0.201\Microsoft.Common.CurrentVersion.targets(2451,5): warning MSB3277:           Project file item includes which caused reference "C:\Program Files\dotnet\packs\Microsoft.NETCore.App.Ref\8.0.25\ref\net8.0\System.Data.dll". [C:\Users\ultra\warewolf\Dev\Dev2.Activities.Designers\Dev2.Activities.Designers.csproj]
C:\Program Files\dotnet\sdk\10.0.201\Microsoft.Common.CurrentVersion.targets(2451,5): warning MSB3277:             C:\Program Files\dotnet\packs\Microsoft.NETCore.App.Ref\8.0.25\ref/net8.0/System.Data.dll [C:\Users\ultra\warewolf\Dev\Dev2.Activities.Designers\Dev2.Activities.Designers.csproj]
C:\Program Files\dotnet\sdk\10.0.201\Microsoft.Common.CurrentVersion.targets(2451,5): warning MSB3277:             C:\Users\ultra\.nuget\packages\taskschedulereditor\2.10.1\lib\net452\Microsoft.Win32.TaskSchedulerEditor.dll [C:\Users\ultra\warewolf\Dev\Dev2.Activities.Designers\Dev2.Activities.Designers.csproj]
C:\Program Files\dotnet\sdk\10.0.201\Microsoft.Common.CurrentVersion.targets(2451,5): warning MSB3277:         C:\Program Files\dotnet\packs\Microsoft.NETCore.App.Ref\8.0.25\ref\net8.0\System.Drawing.dll [C:\Users\ultra\warewolf\Dev\Dev2.Activities.Designers\Dev2.Activities.Designers.csproj]
C:\Program Files\dotnet\sdk\10.0.201\Microsoft.Common.CurrentVersion.targets(2451,5): warning MSB3277:           Project file item includes which caused reference "C:\Program Files\dotnet\packs\Microsoft.NETCore.App.Ref\8.0.25\ref\net8.0\System.Drawing.dll". [C:\Users\ultra\warewolf\Dev\Dev2.Activities.Designers\Dev2.Activities.Designers.csproj]
C:\Program Files\dotnet\sdk\10.0.201\Microsoft.Common.CurrentVersion.targets(2451,5): warning MSB3277:             C:\Program Files\dotnet\packs\Microsoft.NETCore.App.Ref\8.0.25\ref/net8.0/System.Drawing.dll [C:\Users\ultra\warewolf\Dev\Dev2.Activities.Designers\Dev2.Activities.Designers.csproj]
C:\Program Files\dotnet\sdk\10.0.201\Microsoft.Common.CurrentVersion.targets(2451,5): warning MSB3277:             C:\Users\ultra\.nuget\packages\aerowizard\2.3.1\lib\net45\AeroWizard.dll [C:\Users\ultra\warewolf\Dev\Dev2.Activities.Designers\Dev2.Activities.Designers.csproj]
C:\Program Files\dotnet\sdk\10.0.201\Microsoft.Common.CurrentVersion.targets(2451,5): warning MSB3277:             C:\Users\ultra\.nuget\packages\groupcontrols\1.9.0\lib\net45\GroupControls.dll [C:\Users\ultra\warewolf\Dev\Dev2.Activities.Designers\Dev2.Activities.Designers.csproj]
C:\Program Files\dotnet\sdk\10.0.201\Microsoft.Common.CurrentVersion.targets(2451,5): warning MSB3277:             C:\Users\ultra\.nuget\packages\taskschedulereditor\2.10.1\lib\net452\Microsoft.Win32.TaskSchedulerEditor.dll [C:\Users\ultra\warewolf\Dev\Dev2.Activities.Designers\Dev2.Activities.Designers.csproj]
C:\Program Files\dotnet\sdk\10.0.201\Microsoft.Common.CurrentVersion.targets(2451,5): warning MSB3277:         C:\Program Files\dotnet\packs\Microsoft.NETCore.App.Ref\8.0.25\ref\net8.0\System.Net.dll [C:\Users\ultra\warewolf\Dev\Dev2.Activities.Designers\Dev2.Activities.Designers.csproj]
C:\Program Files\dotnet\sdk\10.0.201\Microsoft.Common.CurrentVersion.targets(2451,5): warning MSB3277:           Project file item includes which caused reference "C:\Program Files\dotnet\packs\Microsoft.NETCore.App.Ref\8.0.25\ref\net8.0\System.Net.dll". [C:\Users\ultra\warewolf\Dev\Dev2.Activities.Designers\Dev2.Activities.Designers.csproj]
C:\Program Files\dotnet\sdk\10.0.201\Microsoft.Common.CurrentVersion.targets(2451,5): warning MSB3277:             C:\Program Files\dotnet\packs\Microsoft.NETCore.App.Ref\8.0.25\ref/net8.0/System.Net.dll [C:\Users\ultra\warewolf\Dev\Dev2.Activities.Designers\Dev2.Activities.Designers.csproj]
C:\Program Files\dotnet\sdk\10.0.201\Microsoft.Common.CurrentVersion.targets(2451,5): warning MSB3277:         C:\Program Files\dotnet\packs\Microsoft.NETCore.App.Ref\8.0.25\ref\net8.0\System.Security.dll [C:\Users\ultra\warewolf\Dev\Dev2.Activities.Designers\Dev2.Activities.Designers.csproj]
C:\Program Files\dotnet\sdk\10.0.201\Microsoft.Common.CurrentVersion.targets(2451,5): warning MSB3277:           Project file item includes which caused reference "C:\Program Files\dotnet\packs\Microsoft.NETCore.App.Ref\8.0.25\ref\net8.0\System.Security.dll". [C:\Users\ultra\warewolf\Dev\Dev2.Activities.Designers\Dev2.Activities.Designers.csproj]
C:\Program Files\dotnet\sdk\10.0.201\Microsoft.Common.CurrentVersion.targets(2451,5): warning MSB3277:             C:\Program Files\dotnet\packs\Microsoft.NETCore.App.Ref\8.0.25\ref/net8.0/System.Security.dll [C:\Users\ultra\warewolf\Dev\Dev2.Activities.Designers\Dev2.Activities.Designers.csproj]
C:\Program Files\dotnet\sdk\10.0.201\Microsoft.Common.CurrentVersion.targets(2451,5): warning MSB3277:         C:\Program Files\dotnet\packs\Microsoft.NETCore.App.Ref\8.0.25\ref\net8.0\System.ServiceProcess.dll [C:\Users\ultra\warewolf\Dev\Dev2.Activities.Designers\Dev2.Activities.Designers.csproj]
C:\Program Files\dotnet\sdk\10.0.201\Microsoft.Common.CurrentVersion.targets(2451,5): warning MSB3277:           Project file item includes which caused reference "C:\Program Files\dotnet\packs\Microsoft.NETCore.App.Ref\8.0.25\ref\net8.0\System.ServiceProcess.dll". [C:\Users\ultra\warewolf\Dev\Dev2.Activities.Designers\Dev2.Activities.Designers.csproj]
C:\Program Files\dotnet\sdk\10.0.201\Microsoft.Common.CurrentVersion.targets(2451,5): warning MSB3277:             C:\Program Files\dotnet\packs\Microsoft.NETCore.App.Ref\8.0.25\ref/net8.0/System.ServiceProcess.dll [C:\Users\ultra\warewolf\Dev\Dev2.Activities.Designers\Dev2.Activities.Designers.csproj]
C:\Program Files\dotnet\sdk\10.0.201\Microsoft.Common.CurrentVersion.targets(2451,5): warning MSB3277:         C:\Program Files\dotnet\packs\Microsoft.NETCore.App.Ref\8.0.25\ref\net8.0\System.Transactions.dll [C:\Users\ultra\warewolf\Dev\Dev2.Activities.Designers\Dev2.Activities.Designers.csproj]
C:\Program Files\dotnet\sdk\10.0.201\Microsoft.Common.CurrentVersion.targets(2451,5): warning MSB3277:           Project file item includes which caused reference "C:\Program Files\dotnet\packs\Microsoft.NETCore.App.Ref\8.0.25\ref\net8.0\System.Transactions.dll". [C:\Users\ultra\warewolf\Dev\Dev2.Activities.Designers\Dev2.Activities.Designers.csproj]
C:\Program Files\dotnet\sdk\10.0.201\Microsoft.Common.CurrentVersion.targets(2451,5): warning MSB3277:             C:\Program Files\dotnet\packs\Microsoft.NETCore.App.Ref\8.0.25\ref/net8.0/System.Transactions.dll [C:\Users\ultra\warewolf\Dev\Dev2.Activities.Designers\Dev2.Activities.Designers.csproj]
C:\Program Files\dotnet\sdk\10.0.201\Microsoft.Common.CurrentVersion.targets(2451,5): warning MSB3277:         C:\Program Files\dotnet\packs\Microsoft.NETCore.App.Ref\8.0.25\ref\net8.0\System.dll [C:\Users\ultra\warewolf\Dev\Dev2.Activities.Designers\Dev2.Activities.Designers.csproj]
C:\Program Files\dotnet\sdk\10.0.201\Microsoft.Common.CurrentVersion.targets(2451,5): warning MSB3277:           Project file item includes which caused reference "C:\Program Files\dotnet\packs\Microsoft.NETCore.App.Ref\8.0.25\ref\net8.0\System.dll". [C:\Users\ultra\warewolf\Dev\Dev2.Activities.Designers\Dev2.Activities.Designers.csproj]
C:\Program Files\dotnet\sdk\10.0.201\Microsoft.Common.CurrentVersion.targets(2451,5): warning MSB3277:             C:\Program Files\dotnet\packs\Microsoft.NETCore.App.Ref\8.0.25\ref/net8.0/System.dll [C:\Users\ultra\warewolf\Dev\Dev2.Activities.Designers\Dev2.Activities.Designers.csproj]
C:\Program Files\dotnet\sdk\10.0.201\Microsoft.Common.CurrentVersion.targets(2451,5): warning MSB3277:             C:\Users\ultra\.nuget\packages\aerowizard\2.3.1\lib\net45\AeroWizard.dll [C:\Users\ultra\warewolf\Dev\Dev2.Activities.Designers\Dev2.Activities.Designers.csproj]
C:\Program Files\dotnet\sdk\10.0.201\Microsoft.Common.CurrentVersion.targets(2451,5): warning MSB3277:             C:\Users\ultra\.nuget\packages\groupcontrols\1.9.0\lib\net45\GroupControls.dll [C:\Users\ultra\warewolf\Dev\Dev2.Activities.Designers\Dev2.Activities.Designers.csproj]
C:\Program Files\dotnet\sdk\10.0.201\Microsoft.Common.CurrentVersion.targets(2451,5): warning MSB3277:             C:\Users\ultra\.nuget\packages\microsoft.xaml.behaviors.wpf\1.1.122\lib\net462\Microsoft.Xaml.Behaviors.dll [C:\Users\ultra\warewolf\Dev\Dev2.Activities.Designers\Dev2.Activities.Designers.csproj]
C:\Program Files\dotnet\sdk\10.0.201\Microsoft.Common.CurrentVersion.targets(2451,5): warning MSB3277:             C:\Users\ultra\.nuget\packages\caliburn.micro\4.0.212\lib\netcoreapp3.1\Caliburn.Micro.Platform.dll [C:\Users\ultra\warewolf\Dev\Dev2.Activities.Designers\Dev2.Activities.Designers.csproj]
C:\Program Files\dotnet\sdk\10.0.201\Microsoft.Common.CurrentVersion.targets(2451,5): warning MSB3277:             C:\Users\ultra\.nuget\packages\prism.wpf\9.0.537\lib\net462\Prism.Wpf.dll [C:\Users\ultra\warewolf\Dev\Dev2.Activities.Designers\Dev2.Activities.Designers.csproj]
C:\Program Files\dotnet\sdk\10.0.201\Microsoft.Common.CurrentVersion.targets(2451,5): warning MSB3277:             C:\Users\ultra\.nuget\packages\reactiveui.wpf\18.4.1\lib\net462\ReactiveUI.Wpf.dll [C:\Users\ultra\warewolf\Dev\Dev2.Activities.Designers\Dev2.Activities.Designers.csproj]
C:\Program Files\dotnet\sdk\10.0.201\Microsoft.Common.CurrentVersion.targets(2451,5): warning MSB3277:             C:\Users\ultra\.nuget\packages\taskschedulereditor\2.10.1\lib\net452\Microsoft.Win32.TaskSchedulerEditor.dll [C:\Users\ultra\warewolf\Dev\Dev2.Activities.Designers\Dev2.Activities.Designers.csproj]
C:\Program Files\dotnet\sdk\10.0.201\Microsoft.Common.CurrentVersion.targets(2451,5): warning MSB3277:             C:\Users\ultra\.nuget\packages\ttcue.netcore.sharepointonline.csom.16.1.8029.1200\16.1.8029.1200\lib\netcoreapp2.0\Microsoft.SharePoint.Client.Runtime.Windows.dll [C:\Users\ultra\warewolf\Dev\Dev2.Activities.Designers\Dev2.Activities.Designers.csproj]
C:\Program Files\dotnet\sdk\10.0.201\Microsoft.Common.CurrentVersion.targets(2451,5): warning MSB3277:         C:\Program Files\dotnet\packs\Microsoft.NETCore.App.Ref\8.0.25\ref\net8.0\WindowsBase.dll [C:\Users\ultra\warewolf\Dev\Dev2.Activities.Designers\Dev2.Activities.Designers.csproj]
C:\Program Files\dotnet\sdk\10.0.201\Microsoft.Common.CurrentVersion.targets(2451,5): warning MSB3277:           Project file item includes which caused reference "C:\Program Files\dotnet\packs\Microsoft.NETCore.App.Ref\8.0.25\ref\net8.0\WindowsBase.dll". [C:\Users\ultra\warewolf\Dev\Dev2.Activities.Designers\Dev2.Activities.Designers.csproj]
C:\Program Files\dotnet\sdk\10.0.201\Microsoft.Common.CurrentVersion.targets(2451,5): warning MSB3277:             C:\Program Files\dotnet\packs\Microsoft.NETCore.App.Ref\8.0.25\ref/net8.0/WindowsBase.dll [C:\Users\ultra\warewolf\Dev\Dev2.Activities.Designers\Dev2.Activities.Designers.csproj]
C:\Program Files\dotnet\sdk\10.0.201\Microsoft.Common.CurrentVersion.targets(2451,5): warning MSB3277:         C:\Program Files\dotnet\packs\Microsoft.NETCore.App.Ref\8.0.25\ref\net8.0\mscorlib.dll [C:\Users\ultra\warewolf\Dev\Dev2.Activities.Designers\Dev2.Activities.Designers.csproj]
C:\Program Files\dotnet\sdk\10.0.201\Microsoft.Common.CurrentVersion.targets(2451,5): warning MSB3277:           Project file item includes which caused reference "C:\Program Files\dotnet\packs\Microsoft.NETCore.App.Ref\8.0.25\ref\net8.0\mscorlib.dll". [C:\Users\ultra\warewolf\Dev\Dev2.Activities.Designers\Dev2.Activities.Designers.csproj]
C:\Program Files\dotnet\sdk\10.0.201\Microsoft.Common.CurrentVersion.targets(2451,5): warning MSB3277:             C:\Program Files\dotnet\packs\Microsoft.NETCore.App.Ref\8.0.25\ref/net8.0/mscorlib.dll [C:\Users\ultra\warewolf\Dev\Dev2.Activities.Designers\Dev2.Activities.Designers.csproj]
C:\Program Files\dotnet\sdk\10.0.201\Microsoft.Common.CurrentVersion.targets(2451,5): warning MSB3277:             C:\Users\ultra\.nuget\packages\aerowizard\2.3.1\lib\net45\AeroWizard.dll [C:\Users\ultra\warewolf\Dev\Dev2.Activities.Designers\Dev2.Activities.Designers.csproj]
C:\Program Files\dotnet\sdk\10.0.201\Microsoft.Common.CurrentVersion.targets(2451,5): warning MSB3277:             C:\Users\ultra\.nuget\packages\groupcontrols\1.9.0\lib\net45\GroupControls.dll [C:\Users\ultra\warewolf\Dev\Dev2.Activities.Designers\Dev2.Activities.Designers.csproj]
C:\Program Files\dotnet\sdk\10.0.201\Microsoft.Common.CurrentVersion.targets(2451,5): warning MSB3277:             C:\Users\ultra\.nuget\packages\hangfire.core\1.7.32\lib\netstandard2.0\Hangfire.Core.dll [C:\Users\ultra\warewolf\Dev\Dev2.Activities.Designers\Dev2.Activities.Designers.csproj]
C:\Program Files\dotnet\sdk\10.0.201\Microsoft.Common.CurrentVersion.targets(2451,5): warning MSB3277:             C:\Users\ultra\warewolf\Dev\Dev2.Activities\bin\Debug\net8.0\Dev2.Activities.dll [C:\Users\ultra\warewolf\Dev\Dev2.Activities.Designers\Dev2.Activities.Designers.csproj]
C:\Program Files\dotnet\sdk\10.0.201\Microsoft.Common.CurrentVersion.targets(2451,5): warning MSB3277:             C:\Users\ultra\warewolf\Dev\Dev2.Studio.Core\bin\Debug\net8.0\Dev2.Studio.Core.dll [C:\Users\ultra\warewolf\Dev\Dev2.Activities.Designers\Dev2.Activities.Designers.csproj]
C:\Program Files\dotnet\sdk\10.0.201\Microsoft.Common.CurrentVersion.targets(2451,5): warning MSB3277:             C:\Users\ultra\warewolf\Dev\Dev2.Intellisense\bin\Debug\net8.0\Dev2.Intellisense.dll [C:\Users\ultra\warewolf\Dev\Dev2.Activities.Designers\Dev2.Activities.Designers.csproj]
C:\Program Files\dotnet\sdk\10.0.201\Microsoft.Common.CurrentVersion.targets(2451,5): warning MSB3277:             C:\Users\ultra\warewolf\Dev\Warewolf.Driver.Persistence\bin\Debug\net8.0\Warewolf.Driver.Persistence.dll [C:\Users\ultra\warewolf\Dev\Dev2.Activities.Designers\Dev2.Activities.Designers.csproj]
C:\Program Files\dotnet\sdk\10.0.201\Microsoft.Common.CurrentVersion.targets(2451,5): warning MSB3277:             C:\Users\ultra\.nuget\packages\hangfire.sqlserver\1.7.32\lib\netstandard2.0\Hangfire.SqlServer.dll [C:\Users\ultra\warewolf\Dev\Dev2.Activities.Designers\Dev2.Activities.Designers.csproj]
C:\Program Files\dotnet\sdk\10.0.201\Microsoft.Common.CurrentVersion.targets(2451,5): warning MSB3277:             C:\Users\ultra\.nuget\packages\microsoft.xaml.behaviors.wpf\1.1.122\lib\net462\Microsoft.Xaml.Behaviors.dll [C:\Users\ultra\warewolf\Dev\Dev2.Activities.Designers\Dev2.Activities.Designers.csproj]
C:\Program Files\dotnet\sdk\10.0.201\Microsoft.Common.CurrentVersion.targets(2451,5): warning MSB3277:             C:\Users\ultra\.nuget\packages\caliburn.micro\4.0.212\lib\netcoreapp3.1\Caliburn.Micro.Platform.dll [C:\Users\ultra\warewolf\Dev\Dev2.Activities.Designers\Dev2.Activities.Designers.csproj]
C:\Program Files\dotnet\sdk\10.0.201\Microsoft.Common.CurrentVersion.targets(2451,5): warning MSB3277:             C:\Users\ultra\.nuget\packages\oracle.manageddataaccess.core\3.21.70\lib\netstandard2.1\Oracle.ManagedDataAccess.dll [C:\Users\ultra\warewolf\Dev\Dev2.Activities.Designers\Dev2.Activities.Designers.csproj]
C:\Program Files\dotnet\sdk\10.0.201\Microsoft.Common.CurrentVersion.targets(2451,5): warning MSB3277:             C:\Users\ultra\warewolf\Dev\Dev2.Runtime.Services\bin\Debug\net8.0\Dev2.Runtime.Services.dll [C:\Users\ultra\warewolf\Dev\Dev2.Activities.Designers\Dev2.Activities.Designers.csproj]
C:\Program Files\dotnet\sdk\10.0.201\Microsoft.Common.CurrentVersion.targets(2451,5): warning MSB3277:             C:\Users\ultra\warewolf\Dev\Dev2.Studio.Interfaces\bin\Debug\net8.0\Dev2.Studio.Interfaces.dll [C:\Users\ultra\warewolf\Dev\Dev2.Activities.Designers\Dev2.Activities.Designers.csproj]
C:\Program Files\dotnet\sdk\10.0.201\Microsoft.Common.CurrentVersion.targets(2451,5): warning MSB3277:             C:\Users\ultra\warewolf\Dev\Warewolf.Studio.Core\bin\Debug\net8.0\Warewolf.Studio.Core.dll [C:\Users\ultra\warewolf\Dev\Dev2.Activities.Designers\Dev2.Activities.Designers.csproj]
C:\Program Files\dotnet\sdk\10.0.201\Microsoft.Common.CurrentVersion.targets(2451,5): warning MSB3277:             C:\Users\ultra\warewolf\Dev\Warewolf.Studio.CustomControls\bin\Debug\net8.0\Warewolf.Studio.CustomControls.dll [C:\Users\ultra\warewolf\Dev\Dev2.Activities.Designers\Dev2.Activities.Designers.csproj]
C:\Program Files\dotnet\sdk\10.0.201\Microsoft.Common.CurrentVersion.targets(2451,5): warning MSB3277:             C:\Users\ultra\warewolf\Dev\Warewolf.Studio.Models\bin\Debug\net8.0\Warewolf.Studio.Models.dll [C:\Users\ultra\warewolf\Dev\Dev2.Activities.Designers\Dev2.Activities.Designers.csproj]
C:\Program Files\dotnet\sdk\10.0.201\Microsoft.Common.CurrentVersion.targets(2451,5): warning MSB3277:             C:\Users\ultra\warewolf\Dev\Dev2.Services.Execution\bin\Debug\net8.0\Dev2.Services.Execution.dll [C:\Users\ultra\warewolf\Dev\Dev2.Activities.Designers\Dev2.Activities.Designers.csproj]
C:\Program Files\dotnet\sdk\10.0.201\Microsoft.Common.CurrentVersion.targets(2451,5): warning MSB3277:             C:\Users\ultra\warewolf\Dev\Dev2.Services.Sql\bin\Debug\net8.0\Dev2.Services.Sql.dll [C:\Users\ultra\warewolf\Dev\Dev2.Activities.Designers\Dev2.Activities.Designers.csproj]
C:\Program Files\dotnet\sdk\10.0.201\Microsoft.Common.CurrentVersion.targets(2451,5): warning MSB3277:             C:\Users\ultra\.nuget\packages\prism.wpf\9.0.537\lib\net462\Prism.Wpf.dll [C:\Users\ultra\warewolf\Dev\Dev2.Activities.Designers\Dev2.Activities.Designers.csproj]
C:\Program Files\dotnet\sdk\10.0.201\Microsoft.Common.CurrentVersion.targets(2451,5): warning MSB3277:             C:\Users\ultra\.nuget\packages\reactiveui.wpf\18.4.1\lib\net462\ReactiveUI.Wpf.dll [C:\Users\ultra\warewolf\Dev\Dev2.Activities.Designers\Dev2.Activities.Designers.csproj]
C:\Program Files\dotnet\sdk\10.0.201\Microsoft.Common.CurrentVersion.targets(2451,5): warning MSB3277:             C:\Users\ultra\.nuget\packages\taskschedulereditor\2.10.1\lib\net452\Microsoft.Win32.TaskSchedulerEditor.dll [C:\Users\ultra\warewolf\Dev\Dev2.Activities.Designers\Dev2.Activities.Designers.csproj]
C:\Program Files\dotnet\sdk\10.0.201\Microsoft.Common.CurrentVersion.targets(2451,5): warning MSB3277:             C:\Users\ultra\.nuget\packages\ttcue.netcore.sharepointonline.csom.16.1.8029.1200\16.1.8029.1200\lib\netcoreapp2.0\Microsoft.SharePoint.Client.Runtime.Windows.dll [C:\Users\ultra\warewolf\Dev\Dev2.Activities.Designers\Dev2.Activities.Designers.csproj]
C:\Program Files\dotnet\sdk\10.0.201\Microsoft.Common.CurrentVersion.targets(2451,5): warning MSB3277:         C:\Users\ultra\warewolf\Dev\Dev2.Development.Languages\bin\Debug\net8.0\IronRuby.dll [C:\Users\ultra\warewolf\Dev\Dev2.Activities.Designers\Dev2.Activities.Designers.csproj]
C:\Program Files\dotnet\sdk\10.0.201\Microsoft.Common.CurrentVersion.targets(2451,5): warning MSB3277:           Project file item includes which caused reference "C:\Users\ultra\warewolf\Dev\Dev2.Development.Languages\bin\Debug\net8.0\IronRuby.dll". [C:\Users\ultra\warewolf\Dev\Dev2.Activities.Designers\Dev2.Activities.Designers.csproj]
C:\Program Files\dotnet\sdk\10.0.201\Microsoft.Common.CurrentVersion.targets(2451,5): warning MSB3277:             C:\Users\ultra\warewolf\Dev\Dev2.Development.Languages\bin\Debug\net8.0\Dev2.Development.Languages.dll [C:\Users\ultra\warewolf\Dev\Dev2.Activities.Designers\Dev2.Activities.Designers.csproj]
C:\Program Files\dotnet\sdk\10.0.201\Microsoft.Common.CurrentVersion.targets(2451,5): warning MSB3277:             C:\Users\ultra\warewolf\Dev\Dev2.Activities\bin\Debug\net8.0\Dev2.Activities.dll [C:\Users\ultra\warewolf\Dev\Dev2.Activities.Designers\Dev2.Activities.Designers.csproj]
C:\Program Files\dotnet\sdk\10.0.201\Microsoft.Common.CurrentVersion.targets(2451,5): warning MSB3277:             C:\Users\ultra\warewolf\Dev\Dev2.Studio.Core\bin\Debug\net8.0\Dev2.Studio.Core.dll [C:\Users\ultra\warewolf\Dev\Dev2.Activities.Designers\Dev2.Activities.Designers.csproj]
C:\Program Files\dotnet\sdk\10.0.201\Microsoft.Common.CurrentVersion.targets(2451,5): warning MSB3277:             C:\Users\ultra\warewolf\Dev\Dev2.Intellisense\bin\Debug\net8.0\Dev2.Intellisense.dll [C:\Users\ultra\warewolf\Dev\Dev2.Activities.Designers\Dev2.Activities.Designers.csproj]
C:\Program Files\dotnet\sdk\10.0.201\Microsoft.Common.CurrentVersion.targets(2451,5): warning MSB3277:         C:\Users\ultra\warewolf\Dev\Dev2.Development.Languages\bin\Debug\net8.0\IronRuby.Libraries.dll [C:\Users\ultra\warewolf\Dev\Dev2.Activities.Designers\Dev2.Activities.Designers.csproj]
C:\Program Files\dotnet\sdk\10.0.201\Microsoft.Common.CurrentVersion.targets(2451,5): warning MSB3277:           Project file item includes which caused reference "C:\Users\ultra\warewolf\Dev\Dev2.Development.Languages\bin\Debug\net8.0\IronRuby.Libraries.dll". [C:\Users\ultra\warewolf\Dev\Dev2.Activities.Designers\Dev2.Activities.Designers.csproj]
C:\Program Files\dotnet\sdk\10.0.201\Microsoft.Common.CurrentVersion.targets(2451,5): warning MSB3277:             C:\Users\ultra\warewolf\Dev\Dev2.Development.Languages\bin\Debug\net8.0\Dev2.Development.Languages.dll [C:\Users\ultra\warewolf\Dev\Dev2.Activities.Designers\Dev2.Activities.Designers.csproj]
C:\Program Files\dotnet\sdk\10.0.201\Microsoft.Common.CurrentVersion.targets(2451,5): warning MSB3277:             C:\Users\ultra\warewolf\Dev\Dev2.Activities\bin\Debug\net8.0\Dev2.Activities.dll [C:\Users\ultra\warewolf\Dev\Dev2.Activities.Designers\Dev2.Activities.Designers.csproj]
C:\Program Files\dotnet\sdk\10.0.201\Microsoft.Common.CurrentVersion.targets(2451,5): warning MSB3277:             C:\Users\ultra\warewolf\Dev\Dev2.Studio.Core\bin\Debug\net8.0\Dev2.Studio.Core.dll [C:\Users\ultra\warewolf\Dev\Dev2.Activities.Designers\Dev2.Activities.Designers.csproj]
C:\Program Files\dotnet\sdk\10.0.201\Microsoft.Common.CurrentVersion.targets(2451,5): warning MSB3277:             C:\Users\ultra\warewolf\Dev\Dev2.Intellisense\bin\Debug\net8.0\Dev2.Intellisense.dll [C:\Users\ultra\warewolf\Dev\Dev2.Activities.Designers\Dev2.Activities.Designers.csproj]
C:\Program Files\dotnet\sdk\10.0.201\Microsoft.Common.CurrentVersion.targets(2451,5): warning MSB3277: Found conflicts between different versions of "WindowsBase" that could not be resolved. [C:\Users\ultra\warewolf\Dev\Dev2.Activities.Designers\Dev2.Activities.Designers.csproj]
C:\Program Files\dotnet\sdk\10.0.201\Microsoft.Common.CurrentVersion.targets(2451,5): warning MSB3277: There was a conflict between "WindowsBase, Version=4.0.0.0, Culture=neutral, PublicKeyToken=31bf3856ad364e35" and "WindowsBase, Version=6.0.2.0, Culture=neutral, PublicKeyToken=31bf3856ad364e35". [C:\Users\ultra\warewolf\Dev\Dev2.Activities.Designers\Dev2.Activities.Designers.csproj]
C:\Program Files\dotnet\sdk\10.0.201\Microsoft.Common.CurrentVersion.targets(2451,5): warning MSB3277:     "WindowsBase, Version=4.0.0.0, Culture=neutral, PublicKeyToken=31bf3856ad364e35" was chosen because it was primary and "WindowsBase, Version=6.0.2.0, Culture=neutral, PublicKeyToken=31bf3856ad364e35" was not. [C:\Users\ultra\warewolf\Dev\Dev2.Activities.Designers\Dev2.Activities.Designers.csproj]
C:\Program Files\dotnet\sdk\10.0.201\Microsoft.Common.CurrentVersion.targets(2451,5): warning MSB3277:     References which depend on "WindowsBase, Version=4.0.0.0, Culture=neutral, PublicKeyToken=31bf3856ad364e35" [C:\Program Files\dotnet\packs\Microsoft.NETCore.App.Ref\8.0.25\ref\net8.0\WindowsBase.dll]. [C:\Users\ultra\warewolf\Dev\Dev2.Activities.Designers\Dev2.Activities.Designers.csproj]
C:\Program Files\dotnet\sdk\10.0.201\Microsoft.Common.CurrentVersion.targets(2451,5): warning MSB3277:         C:\Program Files\dotnet\packs\Microsoft.NETCore.App.Ref\8.0.25\ref\net8.0\WindowsBase.dll [C:\Users\ultra\warewolf\Dev\Dev2.Activities.Designers\Dev2.Activities.Designers.csproj]
C:\Program Files\dotnet\sdk\10.0.201\Microsoft.Common.CurrentVersion.targets(2451,5): warning MSB3277:           Project file item includes which caused reference "C:\Program Files\dotnet\packs\Microsoft.NETCore.App.Ref\8.0.25\ref\net8.0\WindowsBase.dll". [C:\Users\ultra\warewolf\Dev\Dev2.Activities.Designers\Dev2.Activities.Designers.csproj]
C:\Program Files\dotnet\sdk\10.0.201\Microsoft.Common.CurrentVersion.targets(2451,5): warning MSB3277:             C:\Program Files\dotnet\packs\Microsoft.NETCore.App.Ref\8.0.25\ref/net8.0/WindowsBase.dll [C:\Users\ultra\warewolf\Dev\Dev2.Activities.Designers\Dev2.Activities.Designers.csproj]
C:\Program Files\dotnet\sdk\10.0.201\Microsoft.Common.CurrentVersion.targets(2451,5): warning MSB3277:     References which depend on or have been unified to "WindowsBase, Version=6.0.2.0, Culture=neutral, PublicKeyToken=31bf3856ad364e35" []. [C:\Users\ultra\warewolf\Dev\Dev2.Activities.Designers\Dev2.Activities.Designers.csproj]
C:\Program Files\dotnet\sdk\10.0.201\Microsoft.Common.CurrentVersion.targets(2451,5): warning MSB3277:         C:\Users\ultra\warewolf\Dev\Binaries\Infragistcs_Net6\InfragisticsWPF4.Controls.Editors.XamComboEditor.v15.1.dll [C:\Users\ultra\warewolf\Dev\Dev2.Activities.Designers\Dev2.Activities.Designers.csproj]
C:\Program Files\dotnet\sdk\10.0.201\Microsoft.Common.CurrentVersion.targets(2451,5): warning MSB3277:           Project file item includes which caused reference "C:\Users\ultra\warewolf\Dev\Binaries\Infragistcs_Net6\InfragisticsWPF4.Controls.Editors.XamComboEditor.v15.1.dll". [C:\Users\ultra\warewolf\Dev\Dev2.Activities.Designers\Dev2.Activities.Designers.csproj]
C:\Program Files\dotnet\sdk\10.0.201\Microsoft.Common.CurrentVersion.targets(2451,5): warning MSB3277:             InfragisticsWPF4.Controls.Editors.XamComboEditor.v15.1, Version=15.1.20151.2055, Culture=neutral, processorArchitecture=MSIL [C:\Users\ultra\warewolf\Dev\Dev2.Activities.Designers\Dev2.Activities.Designers.csproj]
C:\Program Files\dotnet\sdk\10.0.201\Microsoft.Common.CurrentVersion.targets(2451,5): warning MSB3277:         C:\Users\ultra\warewolf\Dev\Binaries\Infragistcs_Net6\InfragisticsWPF4.Controls.Grids.XamGrid.v15.1.dll [C:\Users\ultra\warewolf\Dev\Dev2.Activities.Designers\Dev2.Activities.Designers.csproj]
C:\Program Files\dotnet\sdk\10.0.201\Microsoft.Common.CurrentVersion.targets(2451,5): warning MSB3277:           Project file item includes which caused reference "C:\Users\ultra\warewolf\Dev\Binaries\Infragistcs_Net6\InfragisticsWPF4.Controls.Grids.XamGrid.v15.1.dll". [C:\Users\ultra\warewolf\Dev\Dev2.Activities.Designers\Dev2.Activities.Designers.csproj]
C:\Program Files\dotnet\sdk\10.0.201\Microsoft.Common.CurrentVersion.targets(2451,5): warning MSB3277:             InfragisticsWPF4.Controls.Grids.XamGrid.v15.1 [C:\Users\ultra\warewolf\Dev\Dev2.Activities.Designers\Dev2.Activities.Designers.csproj]
C:\Program Files\dotnet\sdk\10.0.201\Microsoft.Common.CurrentVersion.targets(2451,5): warning MSB3277:         C:\Users\ultra\warewolf\Dev\Binaries\Infragistcs_Net6\InfragisticsWPF4.Controls.Interactions.XamDialogWindow.v15.1.dll [C:\Users\ultra\warewolf\Dev\Dev2.Activities.Designers\Dev2.Activities.Designers.csproj]
C:\Program Files\dotnet\sdk\10.0.201\Microsoft.Common.CurrentVersion.targets(2451,5): warning MSB3277:           Project file item includes which caused reference "C:\Users\ultra\warewolf\Dev\Binaries\Infragistcs_Net6\InfragisticsWPF4.Controls.Interactions.XamDialogWindow.v15.1.dll". [C:\Users\ultra\warewolf\Dev\Dev2.Activities.Designers\Dev2.Activities.Designers.csproj]
C:\Program Files\dotnet\sdk\10.0.201\Microsoft.Common.CurrentVersion.targets(2451,5): warning MSB3277:             InfragisticsWPF4.Controls.Interactions.XamDialogWindow.v15.1, Version=15.1.20151.2055, Culture=neutral, PublicKeyToken=7dd5c3163f2cd0cb, processorArchitecture=MSIL [C:\Users\ultra\warewolf\Dev\Dev2.Activities.Designers\Dev2.Activities.Designers.csproj]
C:\Program Files\dotnet\sdk\10.0.201\Microsoft.Common.CurrentVersion.targets(2451,5): warning MSB3277:         C:\Users\ultra\warewolf\Dev\Binaries\Infragistcs_Net6\InfragisticsWPF4.Controls.Menus.XamDataTree.v15.1.dll [C:\Users\ultra\warewolf\Dev\Dev2.Activities.Designers\Dev2.Activities.Designers.csproj]
C:\Program Files\dotnet\sdk\10.0.201\Microsoft.Common.CurrentVersion.targets(2451,5): warning MSB3277:           Project file item includes which caused reference "C:\Users\ultra\warewolf\Dev\Binaries\Infragistcs_Net6\InfragisticsWPF4.Controls.Menus.XamDataTree.v15.1.dll". [C:\Users\ultra\warewolf\Dev\Dev2.Activities.Designers\Dev2.Activities.Designers.csproj]
C:\Program Files\dotnet\sdk\10.0.201\Microsoft.Common.CurrentVersion.targets(2451,5): warning MSB3277:             InfragisticsWPF4.Controls.Menus.XamDataTree.v15.1 [C:\Users\ultra\warewolf\Dev\Dev2.Activities.Designers\Dev2.Activities.Designers.csproj]
C:\Program Files\dotnet\sdk\10.0.201\Microsoft.Common.CurrentVersion.targets(2451,5): warning MSB3277:         C:\Users\ultra\warewolf\Dev\Binaries\Infragistcs_Net6\InfragisticsWPF4.Controls.Menus.XamMenu.v15.1.dll [C:\Users\ultra\warewolf\Dev\Dev2.Activities.Designers\Dev2.Activities.Designers.csproj]
C:\Program Files\dotnet\sdk\10.0.201\Microsoft.Common.CurrentVersion.targets(2451,5): warning MSB3277:           Project file item includes which caused reference "C:\Users\ultra\warewolf\Dev\Binaries\Infragistcs_Net6\InfragisticsWPF4.Controls.Menus.XamMenu.v15.1.dll". [C:\Users\ultra\warewolf\Dev\Dev2.Activities.Designers\Dev2.Activities.Designers.csproj]
C:\Program Files\dotnet\sdk\10.0.201\Microsoft.Common.CurrentVersion.targets(2451,5): warning MSB3277:             InfragisticsWPF4.Controls.Menus.XamMenu.v15.1, Version=15.1.20151.2055, Culture=neutral, processorArchitecture=MSIL [C:\Users\ultra\warewolf\Dev\Dev2.Activities.Designers\Dev2.Activities.Designers.csproj]
C:\Program Files\dotnet\sdk\10.0.201\Microsoft.Common.CurrentVersion.targets(2451,5): warning MSB3277:             InfragisticsWPF4.Controls.Grids.XamGrid.v15.1 [C:\Users\ultra\warewolf\Dev\Dev2.Activities.Designers\Dev2.Activities.Designers.csproj]
C:\Program Files\dotnet\sdk\10.0.201\Microsoft.Common.CurrentVersion.targets(2451,5): warning MSB3277:         C:\Users\ultra\warewolf\Dev\Binaries\Infragistcs_Net6\InfragisticsWPF4.DataManager.v15.1.dll [C:\Users\ultra\warewolf\Dev\Dev2.Activities.Designers\Dev2.Activities.Designers.csproj]
C:\Program Files\dotnet\sdk\10.0.201\Microsoft.Common.CurrentVersion.targets(2451,5): warning MSB3277:           Project file item includes which caused reference "C:\Users\ultra\warewolf\Dev\Binaries\Infragistcs_Net6\InfragisticsWPF4.DataManager.v15.1.dll". [C:\Users\ultra\warewolf\Dev\Dev2.Activities.Designers\Dev2.Activities.Designers.csproj]
C:\Program Files\dotnet\sdk\10.0.201\Microsoft.Common.CurrentVersion.targets(2451,5): warning MSB3277:             InfragisticsWPF4.DataManager.v15.1, Version=15.1.20151.2188, Culture=neutral, PublicKeyToken=7dd5c3163f2cd0cb, processorArchitecture=MSIL [C:\Users\ultra\warewolf\Dev\Dev2.Activities.Designers\Dev2.Activities.Designers.csproj]
C:\Program Files\dotnet\sdk\10.0.201\Microsoft.Common.CurrentVersion.targets(2451,5): warning MSB3277:             InfragisticsWPF4.Controls.Editors.XamComboEditor.v15.1, Version=15.1.20151.2055, Culture=neutral, processorArchitecture=MSIL [C:\Users\ultra\warewolf\Dev\Dev2.Activities.Designers\Dev2.Activities.Designers.csproj]
C:\Program Files\dotnet\sdk\10.0.201\Microsoft.Common.CurrentVersion.targets(2451,5): warning MSB3277:             InfragisticsWPF4.Controls.Grids.XamGrid.v15.1 [C:\Users\ultra\warewolf\Dev\Dev2.Activities.Designers\Dev2.Activities.Designers.csproj]
C:\Program Files\dotnet\sdk\10.0.201\Microsoft.Common.CurrentVersion.targets(2451,5): warning MSB3277:             InfragisticsWPF4.Controls.Menus.XamDataTree.v15.1 [C:\Users\ultra\warewolf\Dev\Dev2.Activities.Designers\Dev2.Activities.Designers.csproj]
C:\Program Files\dotnet\sdk\10.0.201\Microsoft.Common.CurrentVersion.targets(2451,5): warning MSB3277:         C:\Users\ultra\warewolf\Dev\Binaries\Infragistcs_Net6\InfragisticsWPF4.Editors.v15.1.dll [C:\Users\ultra\warewolf\Dev\Dev2.Activities.Designers\Dev2.Activities.Designers.csproj]
C:\Program Files\dotnet\sdk\10.0.201\Microsoft.Common.CurrentVersion.targets(2451,5): warning MSB3277:           Project file item includes which caused reference "C:\Users\ultra\warewolf\Dev\Binaries\Infragistcs_Net6\InfragisticsWPF4.Editors.v15.1.dll". [C:\Users\ultra\warewolf\Dev\Dev2.Activities.Designers\Dev2.Activities.Designers.csproj]
C:\Program Files\dotnet\sdk\10.0.201\Microsoft.Common.CurrentVersion.targets(2451,5): warning MSB3277:             InfragisticsWPF4.Editors.v15.1, Version=15.1.20151.2055, Culture=neutral, processorArchitecture=MSIL [C:\Users\ultra\warewolf\Dev\Dev2.Activities.Designers\Dev2.Activities.Designers.csproj]
C:\Program Files\dotnet\sdk\10.0.201\Microsoft.Common.CurrentVersion.targets(2451,5): warning MSB3277:         C:\Users\ultra\warewolf\Dev\Binaries\Infragistcs_Net6\InfragisticsWPF4.v15.1.dll [C:\Users\ultra\warewolf\Dev\Dev2.Activities.Designers\Dev2.Activities.Designers.csproj]
C:\Program Files\dotnet\sdk\10.0.201\Microsoft.Common.CurrentVersion.targets(2451,5): warning MSB3277:           Project file item includes which caused reference "C:\Users\ultra\warewolf\Dev\Binaries\Infragistcs_Net6\InfragisticsWPF4.v15.1.dll". [C:\Users\ultra\warewolf\Dev\Dev2.Activities.Designers\Dev2.Activities.Designers.csproj]
C:\Program Files\dotnet\sdk\10.0.201\Microsoft.Common.CurrentVersion.targets(2451,5): warning MSB3277:             InfragisticsWPF4.v15.1, Version=15.1.20151.2055, Culture=neutral, PublicKeyToken=7dd5c3163f2cd0cb, processorArchitecture=MSIL [C:\Users\ultra\warewolf\Dev\Dev2.Activities.Designers\Dev2.Activities.Designers.csproj]
C:\Program Files\dotnet\sdk\10.0.201\Microsoft.Common.CurrentVersion.targets(2451,5): warning MSB3277:             InfragisticsWPF4.Controls.Editors.XamComboEditor.v15.1, Version=15.1.20151.2055, Culture=neutral, processorArchitecture=MSIL [C:\Users\ultra\warewolf\Dev\Dev2.Activities.Designers\Dev2.Activities.Designers.csproj]
C:\Program Files\dotnet\sdk\10.0.201\Microsoft.Common.CurrentVersion.targets(2451,5): warning MSB3277:             InfragisticsWPF4.Controls.Grids.XamGrid.v15.1 [C:\Users\ultra\warewolf\Dev\Dev2.Activities.Designers\Dev2.Activities.Designers.csproj]
C:\Program Files\dotnet\sdk\10.0.201\Microsoft.Common.CurrentVersion.targets(2451,5): warning MSB3277:             InfragisticsWPF4.Controls.Interactions.XamDialogWindow.v15.1, Version=15.1.20151.2055, Culture=neutral, PublicKeyToken=7dd5c3163f2cd0cb, processorArchitecture=MSIL [C:\Users\ultra\warewolf\Dev\Dev2.Activities.Designers\Dev2.Activities.Designers.csproj]
C:\Program Files\dotnet\sdk\10.0.201\Microsoft.Common.CurrentVersion.targets(2451,5): warning MSB3277:             InfragisticsWPF4.Controls.Menus.XamDataTree.v15.1 [C:\Users\ultra\warewolf\Dev\Dev2.Activities.Designers\Dev2.Activities.Designers.csproj]
C:\Program Files\dotnet\sdk\10.0.201\Microsoft.Common.CurrentVersion.targets(2451,5): warning MSB3277:             InfragisticsWPF4.Controls.Menus.XamMenu.v15.1, Version=15.1.20151.2055, Culture=neutral, processorArchitecture=MSIL [C:\Users\ultra\warewolf\Dev\Dev2.Activities.Designers\Dev2.Activities.Designers.csproj]
C:\Program Files\dotnet\sdk\10.0.201\Microsoft.Common.CurrentVersion.targets(2451,5): warning MSB3277:             InfragisticsWPF4.DataManager.v15.1, Version=15.1.20151.2188, Culture=neutral, PublicKeyToken=7dd5c3163f2cd0cb, processorArchitecture=MSIL [C:\Users\ultra\warewolf\Dev\Dev2.Activities.Designers\Dev2.Activities.Designers.csproj]
C:\Program Files\dotnet\sdk\10.0.201\Microsoft.Common.CurrentVersion.targets(2451,5): warning MSB3277:             InfragisticsWPF4.Editors.v15.1, Version=15.1.20151.2055, Culture=neutral, processorArchitecture=MSIL [C:\Users\ultra\warewolf\Dev\Dev2.Activities.Designers\Dev2.Activities.Designers.csproj]
C:\Program Files\dotnet\sdk\10.0.201\Microsoft.Common.CurrentVersion.targets(2451,5): warning MSB3277:         C:\Users\ultra\.nuget\packages\caliburn.micro\4.0.212\lib\netcoreapp3.1\Caliburn.Micro.Platform.dll [C:\Users\ultra\warewolf\Dev\Dev2.Activities.Designers\Dev2.Activities.Designers.csproj]
C:\Program Files\dotnet\sdk\10.0.201\Microsoft.Common.CurrentVersion.targets(2451,5): warning MSB3277:           Project file item includes which caused reference "C:\Users\ultra\.nuget\packages\caliburn.micro\4.0.212\lib\netcoreapp3.1\Caliburn.Micro.Platform.dll". [C:\Users\ultra\warewolf\Dev\Dev2.Activities.Designers\Dev2.Activities.Designers.csproj]
C:\Program Files\dotnet\sdk\10.0.201\Microsoft.Common.CurrentVersion.targets(2451,5): warning MSB3277:             C:\Users\ultra\.nuget\packages\caliburn.micro\4.0.212\lib\netcoreapp3.1\Caliburn.Micro.Platform.dll [C:\Users\ultra\warewolf\Dev\Dev2.Activities.Designers\Dev2.Activities.Designers.csproj]
C:\Program Files\dotnet\sdk\10.0.201\Microsoft.Common.CurrentVersion.targets(2451,5): warning MSB3277:         C:\Users\ultra\.nuget\packages\extended.wpf.toolkit\4.4.0\lib\net5.0\Xceed.Wpf.AvalonDock.NET5.dll [C:\Users\ultra\warewolf\Dev\Dev2.Activities.Designers\Dev2.Activities.Designers.csproj]
C:\Program Files\dotnet\sdk\10.0.201\Microsoft.Common.CurrentVersion.targets(2451,5): warning MSB3277:           Project file item includes which caused reference "C:\Users\ultra\.nuget\packages\extended.wpf.toolkit\4.4.0\lib\net5.0\Xceed.Wpf.AvalonDock.NET5.dll". [C:\Users\ultra\warewolf\Dev\Dev2.Activities.Designers\Dev2.Activities.Designers.csproj]
C:\Program Files\dotnet\sdk\10.0.201\Microsoft.Common.CurrentVersion.targets(2451,5): warning MSB3277:             C:\Users\ultra\.nuget\packages\extended.wpf.toolkit\4.4.0\lib\net5.0\Xceed.Wpf.AvalonDock.NET5.dll [C:\Users\ultra\warewolf\Dev\Dev2.Activities.Designers\Dev2.Activities.Designers.csproj]
C:\Program Files\dotnet\sdk\10.0.201\Microsoft.Common.CurrentVersion.targets(2451,5): warning MSB3277:             C:\Users\ultra\.nuget\packages\extended.wpf.toolkit\4.4.0\lib\net5.0\Xceed.Wpf.AvalonDock.Themes.Aero.NET5.dll [C:\Users\ultra\warewolf\Dev\Dev2.Activities.Designers\Dev2.Activities.Designers.csproj]
C:\Program Files\dotnet\sdk\10.0.201\Microsoft.Common.CurrentVersion.targets(2451,5): warning MSB3277:             C:\Users\ultra\.nuget\packages\extended.wpf.toolkit\4.4.0\lib\net5.0\Xceed.Wpf.AvalonDock.Themes.Metro.NET5.dll [C:\Users\ultra\warewolf\Dev\Dev2.Activities.Designers\Dev2.Activities.Designers.csproj]
C:\Program Files\dotnet\sdk\10.0.201\Microsoft.Common.CurrentVersion.targets(2451,5): warning MSB3277:             C:\Users\ultra\.nuget\packages\extended.wpf.toolkit\4.4.0\lib\net5.0\Xceed.Wpf.AvalonDock.Themes.VS2010.NET5.dll [C:\Users\ultra\warewolf\Dev\Dev2.Activities.Designers\Dev2.Activities.Designers.csproj]
C:\Program Files\dotnet\sdk\10.0.201\Microsoft.Common.CurrentVersion.targets(2451,5): warning MSB3277:         C:\Users\ultra\.nuget\packages\extended.wpf.toolkit\4.4.0\lib\net5.0\Xceed.Wpf.AvalonDock.Themes.Aero.NET5.dll [C:\Users\ultra\warewolf\Dev\Dev2.Activities.Designers\Dev2.Activities.Designers.csproj]
C:\Program Files\dotnet\sdk\10.0.201\Microsoft.Common.CurrentVersion.targets(2451,5): warning MSB3277:           Project file item includes which caused reference "C:\Users\ultra\.nuget\packages\extended.wpf.toolkit\4.4.0\lib\net5.0\Xceed.Wpf.AvalonDock.Themes.Aero.NET5.dll". [C:\Users\ultra\warewolf\Dev\Dev2.Activities.Designers\Dev2.Activities.Designers.csproj]
C:\Program Files\dotnet\sdk\10.0.201\Microsoft.Common.CurrentVersion.targets(2451,5): warning MSB3277:             C:\Users\ultra\.nuget\packages\extended.wpf.toolkit\4.4.0\lib\net5.0\Xceed.Wpf.AvalonDock.Themes.Aero.NET5.dll [C:\Users\ultra\warewolf\Dev\Dev2.Activities.Designers\Dev2.Activities.Designers.csproj]
C:\Program Files\dotnet\sdk\10.0.201\Microsoft.Common.CurrentVersion.targets(2451,5): warning MSB3277:         C:\Users\ultra\.nuget\packages\extended.wpf.toolkit\4.4.0\lib\net5.0\Xceed.Wpf.Toolkit.NET5.dll [C:\Users\ultra\warewolf\Dev\Dev2.Activities.Designers\Dev2.Activities.Designers.csproj]
C:\Program Files\dotnet\sdk\10.0.201\Microsoft.Common.CurrentVersion.targets(2451,5): warning MSB3277:           Project file item includes which caused reference "C:\Users\ultra\.nuget\packages\extended.wpf.toolkit\4.4.0\lib\net5.0\Xceed.Wpf.Toolkit.NET5.dll". [C:\Users\ultra\warewolf\Dev\Dev2.Activities.Designers\Dev2.Activities.Designers.csproj]
C:\Program Files\dotnet\sdk\10.0.201\Microsoft.Common.CurrentVersion.targets(2451,5): warning MSB3277:             C:\Users\ultra\.nuget\packages\extended.wpf.toolkit\4.4.0\lib\net5.0\Xceed.Wpf.Toolkit.NET5.dll [C:\Users\ultra\warewolf\Dev\Dev2.Activities.Designers\Dev2.Activities.Designers.csproj]
C:\Program Files\dotnet\sdk\10.0.201\Microsoft.Common.CurrentVersion.targets(2451,5): warning MSB3277:         C:\Users\ultra\.nuget\packages\ironpython\3.4.0\lib\net6.0\IronPython.Wpf.dll [C:\Users\ultra\warewolf\Dev\Dev2.Activities.Designers\Dev2.Activities.Designers.csproj]
C:\Program Files\dotnet\sdk\10.0.201\Microsoft.Common.CurrentVersion.targets(2451,5): warning MSB3277:           Project file item includes which caused reference "C:\Users\ultra\.nuget\packages\ironpython\3.4.0\lib\net6.0\IronPython.Wpf.dll". [C:\Users\ultra\warewolf\Dev\Dev2.Activities.Designers\Dev2.Activities.Designers.csproj]
C:\Program Files\dotnet\sdk\10.0.201\Microsoft.Common.CurrentVersion.targets(2451,5): warning MSB3277:             C:\Users\ultra\.nuget\packages\ironpython\3.4.0\lib\net6.0\IronPython.Wpf.dll [C:\Users\ultra\warewolf\Dev\Dev2.Activities.Designers\Dev2.Activities.Designers.csproj]
C:\Program Files\dotnet\sdk\10.0.201\Microsoft.Common.CurrentVersion.targets(2451,5): warning MSB3277:         C:\Users\ultra\.nuget\packages\microsoft.xaml.behaviors.wpf\1.1.122\lib\net462\Microsoft.Xaml.Behaviors.dll [C:\Users\ultra\warewolf\Dev\Dev2.Activities.Designers\Dev2.Activities.Designers.csproj]
C:\Program Files\dotnet\sdk\10.0.201\Microsoft.Common.CurrentVersion.targets(2451,5): warning MSB3277:           Project file item includes which caused reference "C:\Users\ultra\.nuget\packages\microsoft.xaml.behaviors.wpf\1.1.122\lib\net462\Microsoft.Xaml.Behaviors.dll". [C:\Users\ultra\warewolf\Dev\Dev2.Activities.Designers\Dev2.Activities.Designers.csproj]
C:\Program Files\dotnet\sdk\10.0.201\Microsoft.Common.CurrentVersion.targets(2451,5): warning MSB3277:             C:\Users\ultra\.nuget\packages\microsoft.xaml.behaviors.wpf\1.1.122\lib\net462\Microsoft.Xaml.Behaviors.dll [C:\Users\ultra\warewolf\Dev\Dev2.Activities.Designers\Dev2.Activities.Designers.csproj]
C:\Program Files\dotnet\sdk\10.0.201\Microsoft.Common.CurrentVersion.targets(2451,5): warning MSB3277:             C:\Users\ultra\.nuget\packages\caliburn.micro\4.0.212\lib\netcoreapp3.1\Caliburn.Micro.Platform.dll [C:\Users\ultra\warewolf\Dev\Dev2.Activities.Designers\Dev2.Activities.Designers.csproj]
C:\Program Files\dotnet\sdk\10.0.201\Microsoft.Common.CurrentVersion.targets(2451,5): warning MSB3277:             C:\Users\ultra\.nuget\packages\prism.wpf\9.0.537\lib\net462\Prism.Wpf.dll [C:\Users\ultra\warewolf\Dev\Dev2.Activities.Designers\Dev2.Activities.Designers.csproj]
C:\Program Files\dotnet\sdk\10.0.201\Microsoft.Common.CurrentVersion.targets(2451,5): warning MSB3277:         C:\Users\ultra\.nuget\packages\prism.wpf\9.0.537\lib\net462\Prism.Wpf.dll [C:\Users\ultra\warewolf\Dev\Dev2.Activities.Designers\Dev2.Activities.Designers.csproj]
C:\Program Files\dotnet\sdk\10.0.201\Microsoft.Common.CurrentVersion.targets(2451,5): warning MSB3277:           Project file item includes which caused reference "C:\Users\ultra\.nuget\packages\prism.wpf\9.0.537\lib\net462\Prism.Wpf.dll". [C:\Users\ultra\warewolf\Dev\Dev2.Activities.Designers\Dev2.Activities.Designers.csproj]
C:\Program Files\dotnet\sdk\10.0.201\Microsoft.Common.CurrentVersion.targets(2451,5): warning MSB3277:             C:\Users\ultra\.nuget\packages\prism.wpf\9.0.537\lib\net462\Prism.Wpf.dll [C:\Users\ultra\warewolf\Dev\Dev2.Activities.Designers\Dev2.Activities.Designers.csproj]
C:\Program Files\dotnet\sdk\10.0.201\Microsoft.Common.CurrentVersion.targets(2451,5): warning MSB3277:         C:\Users\ultra\.nuget\packages\reactiveui.wpf\18.4.1\lib\net462\ReactiveUI.Wpf.dll [C:\Users\ultra\warewolf\Dev\Dev2.Activities.Designers\Dev2.Activities.Designers.csproj]
C:\Program Files\dotnet\sdk\10.0.201\Microsoft.Common.CurrentVersion.targets(2451,5): warning MSB3277:           Project file item includes which caused reference "C:\Users\ultra\.nuget\packages\reactiveui.wpf\18.4.1\lib\net462\ReactiveUI.Wpf.dll". [C:\Users\ultra\warewolf\Dev\Dev2.Activities.Designers\Dev2.Activities.Designers.csproj]
C:\Program Files\dotnet\sdk\10.0.201\Microsoft.Common.CurrentVersion.targets(2451,5): warning MSB3277:             C:\Users\ultra\.nuget\packages\reactiveui.wpf\18.4.1\lib\net462\ReactiveUI.Wpf.dll [C:\Users\ultra\warewolf\Dev\Dev2.Activities.Designers\Dev2.Activities.Designers.csproj]
C:\Program Files\dotnet\sdk\10.0.201\Microsoft.Common.CurrentVersion.targets(2451,5): warning MSB3277:         C:\Users\ultra\warewolf\Dev\Binaries\Infragistcs_Net6\InfragisticsWPF4.DragDrop.v15.1.dll [C:\Users\ultra\warewolf\Dev\Dev2.Activities.Designers\Dev2.Activities.Designers.csproj]
C:\Program Files\dotnet\sdk\10.0.201\Microsoft.Common.CurrentVersion.targets(2451,5): warning MSB3277:           Project file item includes which caused reference "C:\Users\ultra\warewolf\Dev\Binaries\Infragistcs_Net6\InfragisticsWPF4.DragDrop.v15.1.dll". [C:\Users\ultra\warewolf\Dev\Dev2.Activities.Designers\Dev2.Activities.Designers.csproj]
C:\Program Files\dotnet\sdk\10.0.201\Microsoft.Common.CurrentVersion.targets(2451,5): warning MSB3277:             InfragisticsWPF4.Controls.Menus.XamDataTree.v15.1 [C:\Users\ultra\warewolf\Dev\Dev2.Activities.Designers\Dev2.Activities.Designers.csproj]
C:\Program Files\dotnet\sdk\10.0.201\Microsoft.Common.CurrentVersion.targets(2451,5): warning MSB3277: Found conflicts between different versions of "System.Windows.Extensions" that could not be resolved. [C:\Users\ultra\warewolf\Dev\Dev2.Activities.Designers\Dev2.Activities.Designers.csproj]
C:\Program Files\dotnet\sdk\10.0.201\Microsoft.Common.CurrentVersion.targets(2451,5): warning MSB3277: There was a conflict between "System.Windows.Extensions, Version=6.0.0.0, Culture=neutral, PublicKeyToken=cc7b13ffcd2ddd51" and "System.Windows.Extensions, Version=7.0.0.0, Culture=neutral, PublicKeyToken=cc7b13ffcd2ddd51". [C:\Users\ultra\warewolf\Dev\Dev2.Activities.Designers\Dev2.Activities.Designers.csproj]
C:\Program Files\dotnet\sdk\10.0.201\Microsoft.Common.CurrentVersion.targets(2451,5): warning MSB3277:     "System.Windows.Extensions, Version=6.0.0.0, Culture=neutral, PublicKeyToken=cc7b13ffcd2ddd51" was chosen because it was primary and "System.Windows.Extensions, Version=7.0.0.0, Culture=neutral, PublicKeyToken=cc7b13ffcd2ddd51" was not. [C:\Users\ultra\warewolf\Dev\Dev2.Activities.Designers\Dev2.Activities.Designers.csproj]
C:\Program Files\dotnet\sdk\10.0.201\Microsoft.Common.CurrentVersion.targets(2451,5): warning MSB3277:     References which depend on "System.Windows.Extensions, Version=6.0.0.0, Culture=neutral, PublicKeyToken=cc7b13ffcd2ddd51" [C:\Users\ultra\.nuget\packages\system.windows.extensions\6.0.0\lib\net6.0\System.Windows.Extensions.dll]. [C:\Users\ultra\warewolf\Dev\Dev2.Activities.Designers\Dev2.Activities.Designers.csproj]
C:\Program Files\dotnet\sdk\10.0.201\Microsoft.Common.CurrentVersion.targets(2451,5): warning MSB3277:         C:\Users\ultra\.nuget\packages\system.windows.extensions\6.0.0\lib\net6.0\System.Windows.Extensions.dll [C:\Users\ultra\warewolf\Dev\Dev2.Activities.Designers\Dev2.Activities.Designers.csproj]
C:\Program Files\dotnet\sdk\10.0.201\Microsoft.Common.CurrentVersion.targets(2451,5): warning MSB3277:           Project file item includes which caused reference "C:\Users\ultra\.nuget\packages\system.windows.extensions\6.0.0\lib\net6.0\System.Windows.Extensions.dll". [C:\Users\ultra\warewolf\Dev\Dev2.Activities.Designers\Dev2.Activities.Designers.csproj]
C:\Program Files\dotnet\sdk\10.0.201\Microsoft.Common.CurrentVersion.targets(2451,5): warning MSB3277:             C:\Users\ultra\.nuget\packages\system.windows.extensions\6.0.0\lib\net6.0\System.Windows.Extensions.dll [C:\Users\ultra\warewolf\Dev\Dev2.Activities.Designers\Dev2.Activities.Designers.csproj]
C:\Program Files\dotnet\sdk\10.0.201\Microsoft.Common.CurrentVersion.targets(2451,5): warning MSB3277:     References which depend on or have been unified to "System.Windows.Extensions, Version=7.0.0.0, Culture=neutral, PublicKeyToken=cc7b13ffcd2ddd51" []. [C:\Users\ultra\warewolf\Dev\Dev2.Activities.Designers\Dev2.Activities.Designers.csproj]
C:\Program Files\dotnet\sdk\10.0.201\Microsoft.Common.CurrentVersion.targets(2451,5): warning MSB3277:         C:\Users\ultra\warewolf\Dev\Binaries\Infragistcs_Net6\InfragisticsWPF4.Editors.v15.1.dll [C:\Users\ultra\warewolf\Dev\Dev2.Activities.Designers\Dev2.Activities.Designers.csproj]
C:\Program Files\dotnet\sdk\10.0.201\Microsoft.Common.CurrentVersion.targets(2451,5): warning MSB3277:           Project file item includes which caused reference "C:\Users\ultra\warewolf\Dev\Binaries\Infragistcs_Net6\InfragisticsWPF4.Editors.v15.1.dll". [C:\Users\ultra\warewolf\Dev\Dev2.Activities.Designers\Dev2.Activities.Designers.csproj]
C:\Program Files\dotnet\sdk\10.0.201\Microsoft.Common.CurrentVersion.targets(2451,5): warning MSB3277:             InfragisticsWPF4.Editors.v15.1, Version=15.1.20151.2055, Culture=neutral, processorArchitecture=MSIL [C:\Users\ultra\warewolf\Dev\Dev2.Activities.Designers\Dev2.Activities.Designers.csproj]
C:\Program Files\dotnet\sdk\10.0.201\Microsoft.Common.CurrentVersion.targets(2451,5): warning MSB3277:         C:\Users\ultra\.nuget\packages\extended.wpf.toolkit\4.4.0\lib\net5.0\Xceed.Wpf.Toolkit.NET5.dll [C:\Users\ultra\warewolf\Dev\Dev2.Activities.Designers\Dev2.Activities.Designers.csproj]
C:\Program Files\dotnet\sdk\10.0.201\Microsoft.Common.CurrentVersion.targets(2451,5): warning MSB3277:           Project file item includes which caused reference "C:\Users\ultra\.nuget\packages\extended.wpf.toolkit\4.4.0\lib\net5.0\Xceed.Wpf.Toolkit.NET5.dll". [C:\Users\ultra\warewolf\Dev\Dev2.Activities.Designers\Dev2.Activities.Designers.csproj]
C:\Program Files\dotnet\sdk\10.0.201\Microsoft.Common.CurrentVersion.targets(2451,5): warning MSB3277:             C:\Users\ultra\.nuget\packages\extended.wpf.toolkit\4.4.0\lib\net5.0\Xceed.Wpf.Toolkit.NET5.dll [C:\Users\ultra\warewolf\Dev\Dev2.Activities.Designers\Dev2.Activities.Designers.csproj]
C:\Program Files\dotnet\sdk\10.0.201\Microsoft.Common.CurrentVersion.targets(2451,5): warning MSB3277:         C:\Users\ultra\.nuget\packages\system.security.permissions\6.0.0\lib\net6.0\System.Security.Permissions.dll [C:\Users\ultra\warewolf\Dev\Dev2.Activities.Designers\Dev2.Activities.Designers.csproj]
C:\Program Files\dotnet\sdk\10.0.201\Microsoft.Common.CurrentVersion.targets(2451,5): warning MSB3277:           Project file item includes which caused reference "C:\Users\ultra\.nuget\packages\system.security.permissions\6.0.0\lib\net6.0\System.Security.Permissions.dll". [C:\Users\ultra\warewolf\Dev\Dev2.Activities.Designers\Dev2.Activities.Designers.csproj]
C:\Program Files\dotnet\sdk\10.0.201\Microsoft.Common.CurrentVersion.targets(2451,5): warning MSB3277:             C:\Users\ultra\.nuget\packages\system.security.permissions\6.0.0\lib\net6.0\System.Security.Permissions.dll [C:\Users\ultra\warewolf\Dev\Dev2.Activities.Designers\Dev2.Activities.Designers.csproj]
C:\Program Files\dotnet\sdk\10.0.201\Microsoft.Common.CurrentVersion.targets(2451,5): warning MSB3277:         C:\Program Files\dotnet\packs\Microsoft.NETCore.App.Ref\8.0.25\ref\net8.0\System.Security.dll [C:\Users\ultra\warewolf\Dev\Dev2.Activities.Designers\Dev2.Activities.Designers.csproj]
C:\Program Files\dotnet\sdk\10.0.201\Microsoft.Common.CurrentVersion.targets(2451,5): warning MSB3277:           Project file item includes which caused reference "C:\Program Files\dotnet\packs\Microsoft.NETCore.App.Ref\8.0.25\ref\net8.0\System.Security.dll". [C:\Users\ultra\warewolf\Dev\Dev2.Activities.Designers\Dev2.Activities.Designers.csproj]
C:\Program Files\dotnet\sdk\10.0.201\Microsoft.Common.CurrentVersion.targets(2451,5): warning MSB3277:             C:\Program Files\dotnet\packs\Microsoft.NETCore.App.Ref\8.0.25\ref/net8.0/System.Security.dll [C:\Users\ultra\warewolf\Dev\Dev2.Activities.Designers\Dev2.Activities.Designers.csproj]
C:\Program Files\dotnet\sdk\10.0.201\Microsoft.Common.CurrentVersion.targets(2451,5): warning MSB3277:         C:\Program Files\dotnet\packs\Microsoft.NETCore.App.Ref\8.0.25\ref\net8.0\System.dll [C:\Users\ultra\warewolf\Dev\Dev2.Activities.Designers\Dev2.Activities.Designers.csproj]
C:\Program Files\dotnet\sdk\10.0.201\Microsoft.Common.CurrentVersion.targets(2451,5): warning MSB3277:           Project file item includes which caused reference "C:\Program Files\dotnet\packs\Microsoft.NETCore.App.Ref\8.0.25\ref\net8.0\System.dll". [C:\Users\ultra\warewolf\Dev\Dev2.Activities.Designers\Dev2.Activities.Designers.csproj]
C:\Program Files\dotnet\sdk\10.0.201\Microsoft.Common.CurrentVersion.targets(2451,5): warning MSB3277:             C:\Program Files\dotnet\packs\Microsoft.NETCore.App.Ref\8.0.25\ref/net8.0/System.dll [C:\Users\ultra\warewolf\Dev\Dev2.Activities.Designers\Dev2.Activities.Designers.csproj]
C:\Program Files\dotnet\sdk\10.0.201\Microsoft.Common.CurrentVersion.targets(2451,5): warning MSB3277:             C:\Users\ultra\.nuget\packages\aerowizard\2.3.1\lib\net45\AeroWizard.dll [C:\Users\ultra\warewolf\Dev\Dev2.Activities.Designers\Dev2.Activities.Designers.csproj]
C:\Program Files\dotnet\sdk\10.0.201\Microsoft.Common.CurrentVersion.targets(2451,5): warning MSB3277:             C:\Users\ultra\.nuget\packages\groupcontrols\1.9.0\lib\net45\GroupControls.dll [C:\Users\ultra\warewolf\Dev\Dev2.Activities.Designers\Dev2.Activities.Designers.csproj]
C:\Program Files\dotnet\sdk\10.0.201\Microsoft.Common.CurrentVersion.targets(2451,5): warning MSB3277:             C:\Users\ultra\.nuget\packages\microsoft.xaml.behaviors.wpf\1.1.122\lib\net462\Microsoft.Xaml.Behaviors.dll [C:\Users\ultra\warewolf\Dev\Dev2.Activities.Designers\Dev2.Activities.Designers.csproj]
C:\Program Files\dotnet\sdk\10.0.201\Microsoft.Common.CurrentVersion.targets(2451,5): warning MSB3277:             C:\Users\ultra\.nuget\packages\caliburn.micro\4.0.212\lib\netcoreapp3.1\Caliburn.Micro.Platform.dll [C:\Users\ultra\warewolf\Dev\Dev2.Activities.Designers\Dev2.Activities.Designers.csproj]
C:\Program Files\dotnet\sdk\10.0.201\Microsoft.Common.CurrentVersion.targets(2451,5): warning MSB3277:             C:\Users\ultra\.nuget\packages\prism.wpf\9.0.537\lib\net462\Prism.Wpf.dll [C:\Users\ultra\warewolf\Dev\Dev2.Activities.Designers\Dev2.Activities.Designers.csproj]
C:\Program Files\dotnet\sdk\10.0.201\Microsoft.Common.CurrentVersion.targets(2451,5): warning MSB3277:             C:\Users\ultra\.nuget\packages\reactiveui.wpf\18.4.1\lib\net462\ReactiveUI.Wpf.dll [C:\Users\ultra\warewolf\Dev\Dev2.Activities.Designers\Dev2.Activities.Designers.csproj]
C:\Program Files\dotnet\sdk\10.0.201\Microsoft.Common.CurrentVersion.targets(2451,5): warning MSB3277:             C:\Users\ultra\.nuget\packages\taskschedulereditor\2.10.1\lib\net452\Microsoft.Win32.TaskSchedulerEditor.dll [C:\Users\ultra\warewolf\Dev\Dev2.Activities.Designers\Dev2.Activities.Designers.csproj]
C:\Program Files\dotnet\sdk\10.0.201\Microsoft.Common.CurrentVersion.targets(2451,5): warning MSB3277:             C:\Users\ultra\.nuget\packages\ttcue.netcore.sharepointonline.csom.16.1.8029.1200\16.1.8029.1200\lib\netcoreapp2.0\Microsoft.SharePoint.Client.Runtime.Windows.dll [C:\Users\ultra\warewolf\Dev\Dev2.Activities.Designers\Dev2.Activities.Designers.csproj]
  Consider app.config remapping of assembly "System.Data.SQLite, Culture=neutral, PublicKeyToken=db937bc2d44ff139" from Version "1.0.117.0" [] to Version "1.0.118.0" [C:\Users\ultra\.nuget\packages\stub.system.data.sqlite.core.netstandard\1.0.118\lib\netstandard2.1\System.Data.SQLite.dll] to solve conflict and get rid of warning.
  Warewolf.Logger -> C:\Users\ultra\warewolf\Dev\Warewolf.Logger\bin\Debug\net8.0\WarewolfLogger.dll
  Warewolf.ResourceManagement.Tests -> C:\Users\ultra\warewolf\Dev\Warewolf.ResourceManagement.Tests\bin\Debug\net8.0\Warewolf.ResourceManagement.Tests.dll
  Warewolf.Logger -> C:\Users\ultra\warewolf\Bin\ServerTests-Windows\
C:\Users\ultra\warewolf\Dev\Dev2.Runtime.WebServer\AnonymousAuthenticationHandler.cs(15,9): warning CS0618: 'ISystemClock' is obsolete: 'Use TimeProvider instead.' [C:\Users\ultra\warewolf\Dev\Dev2.Runtime.WebServer\Dev2.Runtime.WebServer.csproj]
C:\Users\ultra\warewolf\Dev\Dev2.Runtime.WebServer\BasicAuthenticationHandler.cs(20,13): warning CS0618: 'ISystemClock' is obsolete: 'Use TimeProvider instead.' [C:\Users\ultra\warewolf\Dev\Dev2.Runtime.WebServer\Dev2.Runtime.WebServer.csproj]
C:\Users\ultra\warewolf\Dev\Dev2.Runtime.WebServer\AnonymousAuthenticationHandler.cs(16,9): warning CS0618: 'AuthenticationHandler<AuthenticationSchemeOptions>.AuthenticationHandler(IOptionsMonitor<AuthenticationSchemeOptions>, ILoggerFactory, UrlEncoder, ISystemClock)' is obsolete: 'ISystemClock is obsolete, use TimeProvider on AuthenticationSchemeOptions instead.' [C:\Users\ultra\warewolf\Dev\Dev2.Runtime.WebServer\Dev2.Runtime.WebServer.csproj]
C:\Users\ultra\warewolf\Dev\Dev2.Runtime.WebServer\BasicAuthenticationHandler.cs(21,13): warning CS0618: 'AuthenticationHandler<AuthenticationSchemeOptions>.AuthenticationHandler(IOptionsMonitor<AuthenticationSchemeOptions>, ILoggerFactory, UrlEncoder, ISystemClock)' is obsolete: 'ISystemClock is obsolete, use TimeProvider on AuthenticationSchemeOptions instead.' [C:\Users\ultra\warewolf\Dev\Dev2.Runtime.WebServer\Dev2.Runtime.WebServer.csproj]
C:\Users\ultra\warewolf\Dev\Dev2.Runtime.WebServer\BasicAuthenticationHandler.cs(70,13): warning CC0003: Consider adding an Exception to the catch. (https://code-cracker.github.io/diagnostics/CC0003.html) [C:\Users\ultra\warewolf\Dev\Dev2.Runtime.WebServer\Dev2.Runtime.WebServer.csproj]
C:\Users\ultra\warewolf\Dev\Dev2.Runtime.WebServer\Executor\ExecutionDtoExtensions.cs(119,13): warning CC0105: Use 'var' instead of specifying the type name. (https://code-cracker.github.io/diagnostics/CC0105.html) [C:\Users\ultra\warewolf\Dev\Dev2.Runtime.WebServer\Dev2.Runtime.WebServer.csproj]
C:\Users\ultra\warewolf\Dev\Dev2.Runtime.WebServer\Handlers\GetLogFileServiceHandler.cs(129,21): warning CC0105: Use 'var' instead of specifying the type name. (https://code-cracker.github.io/diagnostics/CC0105.html) [C:\Users\ultra\warewolf\Dev\Dev2.Runtime.WebServer\Dev2.Runtime.WebServer.csproj]
C:\Users\ultra\warewolf\Dev\Dev2.Runtime.WebServer\ServiceTesting\ServiceTestCoverageModelHTMLResultBuilder.cs(138,13): warning CC0105: Use 'var' instead of specifying the type name. (https://code-cracker.github.io/diagnostics/CC0105.html) [C:\Users\ultra\warewolf\Dev\Dev2.Runtime.WebServer\Dev2.Runtime.WebServer.csproj]
C:\Users\ultra\warewolf\Dev\Dev2.Runtime.WebServer\ServiceTesting\ServiceTestCoverageModelHTMLResultBuilder.cs(139,13): warning CC0105: Use 'var' instead of specifying the type name. (https://code-cracker.github.io/diagnostics/CC0105.html) [C:\Users\ultra\warewolf\Dev\Dev2.Runtime.WebServer\Dev2.Runtime.WebServer.csproj]
C:\Users\ultra\warewolf\Dev\Dev2.Runtime.WebServer\ServiceTesting\ServiceTestModelJObjectResultBuilder.cs(101,13): warning CC0105: Use 'var' instead of specifying the type name. (https://code-cracker.github.io/diagnostics/CC0105.html) [C:\Users\ultra\warewolf\Dev\Dev2.Runtime.WebServer\Dev2.Runtime.WebServer.csproj]
  Warewolf.ResourceManagement.Tests -> C:\Users\ultra\warewolf\Bin\ServerTests-Windows\
C:\Program Files\dotnet\sdk\10.0.201\Sdks\Microsoft.NET.Sdk\targets\Microsoft.NET.Sdk.targets(308,5): warning NETSDK1206: Found version-specific or distribution-specific runtime identifier(s): win10-x64, win10-x86, win7-x64, win7-x86, win8-x64, win8-x86, win81-x64, win81-x86. Affected libraries: Microsoft.Management.Infrastructure.Runtime.Win, SQLite. In .NET 8.0 and higher, assets for version-specific and distribution-specific runtime identifiers will not be found by default. See https://aka.ms/dotnet/rid-usage for details. [C:\Users\ultra\warewolf\Dev\Dev2.Runtime.WebServer\Dev2.Runtime.WebServer.csproj]
  Dev2.Runtime.WebServer -> C:\Users\ultra\warewolf\Dev\Dev2.Runtime.WebServer\bin\Debug\net8.0\Dev2.Runtime.WebServer.dll
C:\Program Files\dotnet\sdk\10.0.201\Microsoft.Common.CurrentVersion.targets(2451,5): warning MSB3277: Found conflicts between different versions of "WindowsBase" that could not be resolved. [C:\Users\ultra\warewolf\Dev\Dev2.Runtime.WebServer.Tests\Dev2.Runtime.WebServer.Tests.csproj]
C:\Program Files\dotnet\sdk\10.0.201\Microsoft.Common.CurrentVersion.targets(2451,5): warning MSB3277: There was a conflict between "WindowsBase, Version=4.0.0.0, Culture=neutral, PublicKeyToken=31bf3856ad364e35" and "WindowsBase, Version=6.0.2.0, Culture=neutral, PublicKeyToken=31bf3856ad364e35". [C:\Users\ultra\warewolf\Dev\Dev2.Runtime.WebServer.Tests\Dev2.Runtime.WebServer.Tests.csproj]
C:\Program Files\dotnet\sdk\10.0.201\Microsoft.Common.CurrentVersion.targets(2451,5): warning MSB3277:     "WindowsBase, Version=4.0.0.0, Culture=neutral, PublicKeyToken=31bf3856ad364e35" was chosen because it was primary and "WindowsBase, Version=6.0.2.0, Culture=neutral, PublicKeyToken=31bf3856ad364e35" was not. [C:\Users\ultra\warewolf\Dev\Dev2.Runtime.WebServer.Tests\Dev2.Runtime.WebServer.Tests.csproj]
C:\Program Files\dotnet\sdk\10.0.201\Microsoft.Common.CurrentVersion.targets(2451,5): warning MSB3277:     References which depend on "WindowsBase, Version=4.0.0.0, Culture=neutral, PublicKeyToken=31bf3856ad364e35" [C:\Program Files\dotnet\packs\Microsoft.NETCore.App.Ref\8.0.25\ref\net8.0\WindowsBase.dll]. [C:\Users\ultra\warewolf\Dev\Dev2.Runtime.WebServer.Tests\Dev2.Runtime.WebServer.Tests.csproj]
C:\Program Files\dotnet\sdk\10.0.201\Microsoft.Common.CurrentVersion.targets(2451,5): warning MSB3277:         C:\Program Files\dotnet\packs\Microsoft.NETCore.App.Ref\8.0.25\ref\net8.0\WindowsBase.dll [C:\Users\ultra\warewolf\Dev\Dev2.Runtime.WebServer.Tests\Dev2.Runtime.WebServer.Tests.csproj]
C:\Program Files\dotnet\sdk\10.0.201\Microsoft.Common.CurrentVersion.targets(2451,5): warning MSB3277:           Project file item includes which caused reference "C:\Program Files\dotnet\packs\Microsoft.NETCore.App.Ref\8.0.25\ref\net8.0\WindowsBase.dll". [C:\Users\ultra\warewolf\Dev\Dev2.Runtime.WebServer.Tests\Dev2.Runtime.WebServer.Tests.csproj]
C:\Program Files\dotnet\sdk\10.0.201\Microsoft.Common.CurrentVersion.targets(2451,5): warning MSB3277:             C:\Program Files\dotnet\packs\Microsoft.NETCore.App.Ref\8.0.25\ref/net8.0/WindowsBase.dll [C:\Users\ultra\warewolf\Dev\Dev2.Runtime.WebServer.Tests\Dev2.Runtime.WebServer.Tests.csproj]
C:\Program Files\dotnet\sdk\10.0.201\Microsoft.Common.CurrentVersion.targets(2451,5): warning MSB3277:     References which depend on or have been unified to "WindowsBase, Version=6.0.2.0, Culture=neutral, PublicKeyToken=31bf3856ad364e35" []. [C:\Users\ultra\warewolf\Dev\Dev2.Runtime.WebServer.Tests\Dev2.Runtime.WebServer.Tests.csproj]
C:\Program Files\dotnet\sdk\10.0.201\Microsoft.Common.CurrentVersion.targets(2451,5): warning MSB3277:         C:\Users\ultra\.nuget\packages\caliburn.micro\4.0.212\lib\netcoreapp3.1\Caliburn.Micro.Platform.dll [C:\Users\ultra\warewolf\Dev\Dev2.Runtime.WebServer.Tests\Dev2.Runtime.WebServer.Tests.csproj]
C:\Program Files\dotnet\sdk\10.0.201\Microsoft.Common.CurrentVersion.targets(2451,5): warning MSB3277:           Project file item includes which caused reference "C:\Users\ultra\.nuget\packages\caliburn.micro\4.0.212\lib\netcoreapp3.1\Caliburn.Micro.Platform.dll". [C:\Users\ultra\warewolf\Dev\Dev2.Runtime.WebServer.Tests\Dev2.Runtime.WebServer.Tests.csproj]
C:\Program Files\dotnet\sdk\10.0.201\Microsoft.Common.CurrentVersion.targets(2451,5): warning MSB3277:             C:\Users\ultra\.nuget\packages\caliburn.micro\4.0.212\lib\netcoreapp3.1\Caliburn.Micro.Platform.dll [C:\Users\ultra\warewolf\Dev\Dev2.Runtime.WebServer.Tests\Dev2.Runtime.WebServer.Tests.csproj]
C:\Program Files\dotnet\sdk\10.0.201\Microsoft.Common.CurrentVersion.targets(2451,5): warning MSB3277:         C:\Users\ultra\.nuget\packages\ironpython\3.4.0\lib\net6.0\IronPython.Wpf.dll [C:\Users\ultra\warewolf\Dev\Dev2.Runtime.WebServer.Tests\Dev2.Runtime.WebServer.Tests.csproj]
C:\Program Files\dotnet\sdk\10.0.201\Microsoft.Common.CurrentVersion.targets(2451,5): warning MSB3277:           Project file item includes which caused reference "C:\Users\ultra\.nuget\packages\ironpython\3.4.0\lib\net6.0\IronPython.Wpf.dll". [C:\Users\ultra\warewolf\Dev\Dev2.Runtime.WebServer.Tests\Dev2.Runtime.WebServer.Tests.csproj]
C:\Program Files\dotnet\sdk\10.0.201\Microsoft.Common.CurrentVersion.targets(2451,5): warning MSB3277:             C:\Users\ultra\.nuget\packages\ironpython\3.4.0\lib\net6.0\IronPython.Wpf.dll [C:\Users\ultra\warewolf\Dev\Dev2.Runtime.WebServer.Tests\Dev2.Runtime.WebServer.Tests.csproj]
C:\Program Files\dotnet\sdk\10.0.201\Microsoft.Common.CurrentVersion.targets(2451,5): warning MSB3277:         C:\Users\ultra\.nuget\packages\microsoft.xaml.behaviors.wpf\1.1.122\lib\net462\Microsoft.Xaml.Behaviors.dll [C:\Users\ultra\warewolf\Dev\Dev2.Runtime.WebServer.Tests\Dev2.Runtime.WebServer.Tests.csproj]
C:\Program Files\dotnet\sdk\10.0.201\Microsoft.Common.CurrentVersion.targets(2451,5): warning MSB3277:           Project file item includes which caused reference "C:\Users\ultra\.nuget\packages\microsoft.xaml.behaviors.wpf\1.1.122\lib\net462\Microsoft.Xaml.Behaviors.dll". [C:\Users\ultra\warewolf\Dev\Dev2.Runtime.WebServer.Tests\Dev2.Runtime.WebServer.Tests.csproj]
C:\Program Files\dotnet\sdk\10.0.201\Microsoft.Common.CurrentVersion.targets(2451,5): warning MSB3277:             C:\Users\ultra\.nuget\packages\microsoft.xaml.behaviors.wpf\1.1.122\lib\net462\Microsoft.Xaml.Behaviors.dll [C:\Users\ultra\warewolf\Dev\Dev2.Runtime.WebServer.Tests\Dev2.Runtime.WebServer.Tests.csproj]
C:\Program Files\dotnet\sdk\10.0.201\Microsoft.Common.CurrentVersion.targets(2451,5): warning MSB3277:             C:\Users\ultra\.nuget\packages\caliburn.micro\4.0.212\lib\netcoreapp3.1\Caliburn.Micro.Platform.dll [C:\Users\ultra\warewolf\Dev\Dev2.Runtime.WebServer.Tests\Dev2.Runtime.WebServer.Tests.csproj]
C:\Program Files\dotnet\sdk\10.0.201\Microsoft.Common.CurrentVersion.targets(2451,5): warning MSB3277:             C:\Users\ultra\.nuget\packages\prism.wpf\9.0.537\lib\net462\Prism.Wpf.dll [C:\Users\ultra\warewolf\Dev\Dev2.Runtime.WebServer.Tests\Dev2.Runtime.WebServer.Tests.csproj]
C:\Program Files\dotnet\sdk\10.0.201\Microsoft.Common.CurrentVersion.targets(2451,5): warning MSB3277:         C:\Users\ultra\.nuget\packages\prism.wpf\9.0.537\lib\net462\Prism.Wpf.dll [C:\Users\ultra\warewolf\Dev\Dev2.Runtime.WebServer.Tests\Dev2.Runtime.WebServer.Tests.csproj]
C:\Program Files\dotnet\sdk\10.0.201\Microsoft.Common.CurrentVersion.targets(2451,5): warning MSB3277:           Project file item includes which caused reference "C:\Users\ultra\.nuget\packages\prism.wpf\9.0.537\lib\net462\Prism.Wpf.dll". [C:\Users\ultra\warewolf\Dev\Dev2.Runtime.WebServer.Tests\Dev2.Runtime.WebServer.Tests.csproj]
C:\Program Files\dotnet\sdk\10.0.201\Microsoft.Common.CurrentVersion.targets(2451,5): warning MSB3277:             C:\Users\ultra\.nuget\packages\prism.wpf\9.0.537\lib\net462\Prism.Wpf.dll [C:\Users\ultra\warewolf\Dev\Dev2.Runtime.WebServer.Tests\Dev2.Runtime.WebServer.Tests.csproj]
C:\Program Files\dotnet\sdk\10.0.201\Microsoft.Common.CurrentVersion.targets(2451,5): warning MSB3277:         C:\Users\ultra\.nuget\packages\reactiveui.wpf\18.4.1\lib\net462\ReactiveUI.Wpf.dll [C:\Users\ultra\warewolf\Dev\Dev2.Runtime.WebServer.Tests\Dev2.Runtime.WebServer.Tests.csproj]
C:\Program Files\dotnet\sdk\10.0.201\Microsoft.Common.CurrentVersion.targets(2451,5): warning MSB3277:           Project file item includes which caused reference "C:\Users\ultra\.nuget\packages\reactiveui.wpf\18.4.1\lib\net462\ReactiveUI.Wpf.dll". [C:\Users\ultra\warewolf\Dev\Dev2.Runtime.WebServer.Tests\Dev2.Runtime.WebServer.Tests.csproj]
C:\Program Files\dotnet\sdk\10.0.201\Microsoft.Common.CurrentVersion.targets(2451,5): warning MSB3277:             C:\Users\ultra\.nuget\packages\reactiveui.wpf\18.4.1\lib\net462\ReactiveUI.Wpf.dll [C:\Users\ultra\warewolf\Dev\Dev2.Runtime.WebServer.Tests\Dev2.Runtime.WebServer.Tests.csproj]
C:\Program Files\dotnet\sdk\10.0.201\Microsoft.Common.CurrentVersion.targets(2451,5): warning MSB3277: Found conflicts between different versions of "System.Drawing.Common" that could not be resolved. [C:\Users\ultra\warewolf\Dev\Dev2.Runtime.WebServer.Tests\Dev2.Runtime.WebServer.Tests.csproj]
C:\Program Files\dotnet\sdk\10.0.201\Microsoft.Common.CurrentVersion.targets(2451,5): warning MSB3277: There was a conflict between "System.Drawing.Common, Version=6.0.0.0, Culture=neutral, PublicKeyToken=cc7b13ffcd2ddd51" and "System.Drawing.Common, Version=8.0.0.0, Culture=neutral, PublicKeyToken=cc7b13ffcd2ddd51". [C:\Users\ultra\warewolf\Dev\Dev2.Runtime.WebServer.Tests\Dev2.Runtime.WebServer.Tests.csproj]
C:\Program Files\dotnet\sdk\10.0.201\Microsoft.Common.CurrentVersion.targets(2451,5): warning MSB3277:     "System.Drawing.Common, Version=6.0.0.0, Culture=neutral, PublicKeyToken=cc7b13ffcd2ddd51" was chosen because it was primary and "System.Drawing.Common, Version=8.0.0.0, Culture=neutral, PublicKeyToken=cc7b13ffcd2ddd51" was not. [C:\Users\ultra\warewolf\Dev\Dev2.Runtime.WebServer.Tests\Dev2.Runtime.WebServer.Tests.csproj]
C:\Program Files\dotnet\sdk\10.0.201\Microsoft.Common.CurrentVersion.targets(2451,5): warning MSB3277:     References which depend on "System.Drawing.Common, Version=6.0.0.0, Culture=neutral, PublicKeyToken=cc7b13ffcd2ddd51" [C:\Users\ultra\.nuget\packages\system.drawing.common\6.0.0\lib\net6.0\System.Drawing.Common.dll]. [C:\Users\ultra\warewolf\Dev\Dev2.Runtime.WebServer.Tests\Dev2.Runtime.WebServer.Tests.csproj]
C:\Program Files\dotnet\sdk\10.0.201\Microsoft.Common.CurrentVersion.targets(2451,5): warning MSB3277:         C:\Users\ultra\.nuget\packages\system.drawing.common\6.0.0\lib\net6.0\System.Drawing.Common.dll [C:\Users\ultra\warewolf\Dev\Dev2.Runtime.WebServer.Tests\Dev2.Runtime.WebServer.Tests.csproj]
C:\Program Files\dotnet\sdk\10.0.201\Microsoft.Common.CurrentVersion.targets(2451,5): warning MSB3277:           Project file item includes which caused reference "C:\Users\ultra\.nuget\packages\system.drawing.common\6.0.0\lib\net6.0\System.Drawing.Common.dll". [C:\Users\ultra\warewolf\Dev\Dev2.Runtime.WebServer.Tests\Dev2.Runtime.WebServer.Tests.csproj]
C:\Program Files\dotnet\sdk\10.0.201\Microsoft.Common.CurrentVersion.targets(2451,5): warning MSB3277:             C:\Users\ultra\.nuget\packages\system.drawing.common\6.0.0\lib\net6.0\System.Drawing.Common.dll [C:\Users\ultra\warewolf\Dev\Dev2.Runtime.WebServer.Tests\Dev2.Runtime.WebServer.Tests.csproj]
C:\Program Files\dotnet\sdk\10.0.201\Microsoft.Common.CurrentVersion.targets(2451,5): warning MSB3277:     References which depend on or have been unified to "System.Drawing.Common, Version=8.0.0.0, Culture=neutral, PublicKeyToken=cc7b13ffcd2ddd51" []. [C:\Users\ultra\warewolf\Dev\Dev2.Runtime.WebServer.Tests\Dev2.Runtime.WebServer.Tests.csproj]
C:\Program Files\dotnet\sdk\10.0.201\Microsoft.Common.CurrentVersion.targets(2451,5): warning MSB3277:         C:\Users\ultra\.nuget\packages\servicestack\6.3.0\lib\net6.0\ServiceStack.dll [C:\Users\ultra\warewolf\Dev\Dev2.Runtime.WebServer.Tests\Dev2.Runtime.WebServer.Tests.csproj]
C:\Program Files\dotnet\sdk\10.0.201\Microsoft.Common.CurrentVersion.targets(2451,5): warning MSB3277:           Project file item includes which caused reference "C:\Users\ultra\.nuget\packages\servicestack\6.3.0\lib\net6.0\ServiceStack.dll". [C:\Users\ultra\warewolf\Dev\Dev2.Runtime.WebServer.Tests\Dev2.Runtime.WebServer.Tests.csproj]
C:\Program Files\dotnet\sdk\10.0.201\Microsoft.Common.CurrentVersion.targets(2451,5): warning MSB3277:             C:\Users\ultra\.nuget\packages\servicestack\6.3.0\lib\net6.0\ServiceStack.dll [C:\Users\ultra\warewolf\Dev\Dev2.Runtime.WebServer.Tests\Dev2.Runtime.WebServer.Tests.csproj]
C:\Program Files\dotnet\sdk\10.0.201\Microsoft.Common.CurrentVersion.targets(2451,5): warning MSB3277:         C:\Users\ultra\.nuget\packages\system.windows.extensions\8.0.0\lib\net8.0\System.Windows.Extensions.dll [C:\Users\ultra\warewolf\Dev\Dev2.Runtime.WebServer.Tests\Dev2.Runtime.WebServer.Tests.csproj]
C:\Program Files\dotnet\sdk\10.0.201\Microsoft.Common.CurrentVersion.targets(2451,5): warning MSB3277:           Project file item includes which caused reference "C:\Users\ultra\.nuget\packages\system.windows.extensions\8.0.0\lib\net8.0\System.Windows.Extensions.dll". [C:\Users\ultra\warewolf\Dev\Dev2.Runtime.WebServer.Tests\Dev2.Runtime.WebServer.Tests.csproj]
C:\Program Files\dotnet\sdk\10.0.201\Microsoft.Common.CurrentVersion.targets(2451,5): warning MSB3277:             C:\Users\ultra\.nuget\packages\system.windows.extensions\8.0.0\lib\net8.0\System.Windows.Extensions.dll [C:\Users\ultra\warewolf\Dev\Dev2.Runtime.WebServer.Tests\Dev2.Runtime.WebServer.Tests.csproj]
C:\Program Files\dotnet\sdk\10.0.201\Microsoft.Common.CurrentVersion.targets(2451,5): warning MSB3277:             C:\Users\ultra\.nuget\packages\system.security.permissions\8.0.0\lib\net8.0\System.Security.Permissions.dll [C:\Users\ultra\warewolf\Dev\Dev2.Runtime.WebServer.Tests\Dev2.Runtime.WebServer.Tests.csproj]
C:\Program Files\dotnet\sdk\10.0.201\Microsoft.Common.CurrentVersion.targets(2451,5): warning MSB3277:             C:\Users\ultra\warewolf\Dev\Dev2.Data\bin\Debug\net8.0\Dev2.Data.dll [C:\Users\ultra\warewolf\Dev\Dev2.Runtime.WebServer.Tests\Dev2.Runtime.WebServer.Tests.csproj]
C:\Program Files\dotnet\sdk\10.0.201\Microsoft.Common.CurrentVersion.targets(2451,5): warning MSB3277:             C:\Users\ultra\warewolf\Dev\Dev2.Core\bin\Debug\net8.0\Dev2.Core.dll [C:\Users\ultra\warewolf\Dev\Dev2.Runtime.WebServer.Tests\Dev2.Runtime.WebServer.Tests.csproj]
C:\Program Files\dotnet\sdk\10.0.201\Microsoft.Common.CurrentVersion.targets(2451,5): warning MSB3277:             C:\Users\ultra\warewolf\Dev\Dev2.Runtime.Services\bin\Debug\net8.0\Dev2.Runtime.Services.dll [C:\Users\ultra\warewolf\Dev\Dev2.Runtime.WebServer.Tests\Dev2.Runtime.WebServer.Tests.csproj]
C:\Program Files\dotnet\sdk\10.0.201\Microsoft.Common.CurrentVersion.targets(2451,5): warning MSB3277:             C:\Users\ultra\warewolf\Dev\Dev2.Runtime.WebServer\bin\Debug\net8.0\Dev2.Runtime.WebServer.dll [C:\Users\ultra\warewolf\Dev\Dev2.Runtime.WebServer.Tests\Dev2.Runtime.WebServer.Tests.csproj]
C:\Program Files\dotnet\sdk\10.0.201\Microsoft.Common.CurrentVersion.targets(2451,5): warning MSB3277:             C:\Users\ultra\warewolf\Dev\Warewolf.Common.Framework48\bin\Debug\net8.0\Warewolf.Common.Framework48.dll [C:\Users\ultra\warewolf\Dev\Dev2.Runtime.WebServer.Tests\Dev2.Runtime.WebServer.Tests.csproj]
C:\Program Files\dotnet\sdk\10.0.201\Microsoft.Common.CurrentVersion.targets(2451,5): warning MSB3277:             C:\Users\ultra\warewolf\Dev\Warewolf.Testing\bin\Debug\net8.0\Warewolf.Testing.dll [C:\Users\ultra\warewolf\Dev\Dev2.Runtime.WebServer.Tests\Dev2.Runtime.WebServer.Tests.csproj]
C:\Program Files\dotnet\sdk\10.0.201\Microsoft.Common.CurrentVersion.targets(2451,5): warning MSB3277:             C:\Users\ultra\warewolf\Dev\Dev2.Activities\bin\Debug\net8.0\Dev2.Activities.dll [C:\Users\ultra\warewolf\Dev\Dev2.Runtime.WebServer.Tests\Dev2.Runtime.WebServer.Tests.csproj]
C:\Program Files\dotnet\sdk\10.0.201\Microsoft.Common.CurrentVersion.targets(2451,5): warning MSB3277:             C:\Users\ultra\warewolf\Dev\Dev2.Runtime\bin\Debug\net8.0\Dev2.Runtime.dll [C:\Users\ultra\warewolf\Dev\Dev2.Runtime.WebServer.Tests\Dev2.Runtime.WebServer.Tests.csproj]
C:\Program Files\dotnet\sdk\10.0.201\Microsoft.Common.CurrentVersion.targets(2451,5): warning MSB3277:             C:\Users\ultra\warewolf\Dev\Dev2.Scheduler\bin\Debug\net8.0\Dev2.Scheduler.dll [C:\Users\ultra\warewolf\Dev\Dev2.Runtime.WebServer.Tests\Dev2.Runtime.WebServer.Tests.csproj]
C:\Program Files\dotnet\sdk\10.0.201\Microsoft.Common.CurrentVersion.targets(2451,5): warning MSB3277:             C:\Users\ultra\warewolf\Dev\Dev2.Services.Execution\bin\Debug\net8.0\Dev2.Services.Execution.dll [C:\Users\ultra\warewolf\Dev\Dev2.Runtime.WebServer.Tests\Dev2.Runtime.WebServer.Tests.csproj]
C:\Program Files\dotnet\sdk\10.0.201\Microsoft.Common.CurrentVersion.targets(2451,5): warning MSB3277:             C:\Users\ultra\warewolf\Dev\Dev2.Studio.Core\bin\Debug\net8.0\Dev2.Studio.Core.dll [C:\Users\ultra\warewolf\Dev\Dev2.Runtime.WebServer.Tests\Dev2.Runtime.WebServer.Tests.csproj]
C:\Program Files\dotnet\sdk\10.0.201\Microsoft.Common.CurrentVersion.targets(2451,5): warning MSB3277:             C:\Users\ultra\warewolf\Dev\Dev2.Studio.Interfaces\bin\Debug\net8.0\Dev2.Studio.Interfaces.dll [C:\Users\ultra\warewolf\Dev\Dev2.Runtime.WebServer.Tests\Dev2.Runtime.WebServer.Tests.csproj]
C:\Program Files\dotnet\sdk\10.0.201\Microsoft.Common.CurrentVersion.targets(2451,5): warning MSB3277:             C:\Users\ultra\warewolf\Dev\Warewolf.Auditing\bin\Debug\net8.0\Warewolf.Auditing.dll [C:\Users\ultra\warewolf\Dev\Dev2.Runtime.WebServer.Tests\Dev2.Runtime.WebServer.Tests.csproj]
C:\Program Files\dotnet\sdk\10.0.201\Microsoft.Common.CurrentVersion.targets(2451,5): warning MSB3277:             C:\Users\ultra\warewolf\Dev\Warewolf.Common.NetStandard20\bin\Debug\net8.0\Warewolf.Common.NetStandard20.dll [C:\Users\ultra\warewolf\Dev\Dev2.Runtime.WebServer.Tests\Dev2.Runtime.WebServer.Tests.csproj]
C:\Program Files\dotnet\sdk\10.0.201\Microsoft.Common.CurrentVersion.targets(2451,5): warning MSB3277:             C:\Users\ultra\warewolf\Dev\Warewolf.Core\bin\Debug\net8.0\Warewolf.Core.dll [C:\Users\ultra\warewolf\Dev\Dev2.Runtime.WebServer.Tests\Dev2.Runtime.WebServer.Tests.csproj]
C:\Program Files\dotnet\sdk\10.0.201\Microsoft.Common.CurrentVersion.targets(2451,5): warning MSB3277:             C:\Users\ultra\warewolf\Dev\Warewolf.Driver.Persistence\bin\Debug\net8.0\Warewolf.Driver.Persistence.dll [C:\Users\ultra\warewolf\Dev\Dev2.Runtime.WebServer.Tests\Dev2.Runtime.WebServer.Tests.csproj]
C:\Program Files\dotnet\sdk\10.0.201\Microsoft.Common.CurrentVersion.targets(2451,5): warning MSB3277:             C:\Users\ultra\warewolf\Dev\Warewolf.Exchange.Email.Wrapper\bin\Debug\net8.0\Warewolf.Exchange.Email.Wrapper.dll [C:\Users\ultra\warewolf\Dev\Dev2.Runtime.WebServer.Tests\Dev2.Runtime.WebServer.Tests.csproj]
C:\Program Files\dotnet\sdk\10.0.201\Microsoft.Common.CurrentVersion.targets(2451,5): warning MSB3277:             C:\Users\ultra\warewolf\Dev\Warewolf.ResourceManagement\bin\Debug\net8.0\Warewolf.ResourceManagement.dll [C:\Users\ultra\warewolf\Dev\Dev2.Runtime.WebServer.Tests\Dev2.Runtime.WebServer.Tests.csproj]
C:\Program Files\dotnet\sdk\10.0.201\Microsoft.Common.CurrentVersion.targets(2451,5): warning MSB3277:             C:\Users\ultra\warewolf\Dev\Warewolf.Studio.Core\bin\Debug\net8.0\Warewolf.Studio.Core.dll [C:\Users\ultra\warewolf\Dev\Dev2.Runtime.WebServer.Tests\Dev2.Runtime.WebServer.Tests.csproj]
C:\Program Files\dotnet\sdk\10.0.201\Microsoft.Common.CurrentVersion.targets(2451,5): warning MSB3277:             C:\Users\ultra\.nuget\packages\dotnetzip\1.16.0\lib\netstandard2.0\DotNetZip.dll [C:\Users\ultra\warewolf\Dev\Dev2.Runtime.WebServer.Tests\Dev2.Runtime.WebServer.Tests.csproj]
C:\Program Files\dotnet\sdk\10.0.201\Microsoft.Common.CurrentVersion.targets(2451,5): warning MSB3277:             C:\Users\ultra\warewolf\Dev\Dev2.Common\bin\Debug\net8.0\Dev2.Common.dll [C:\Users\ultra\warewolf\Dev\Dev2.Runtime.WebServer.Tests\Dev2.Runtime.WebServer.Tests.csproj]
C:\Program Files\dotnet\sdk\10.0.201\Microsoft.Common.CurrentVersion.targets(2451,5): warning MSB3277:             C:\Users\ultra\warewolf\Dev\Dev2.Infrastructure\bin\Debug\net8.0\Dev2.Infrastructure.dll [C:\Users\ultra\warewolf\Dev\Dev2.Runtime.WebServer.Tests\Dev2.Runtime.WebServer.Tests.csproj]
C:\Program Files\dotnet\sdk\10.0.201\Microsoft.Common.CurrentVersion.targets(2451,5): warning MSB3277:             C:\Users\ultra\warewolf\Dev\Dev2.Data.Interfaces\bin\Debug\net8.0\Dev2.Data.Interfaces.dll [C:\Users\ultra\warewolf\Dev\Dev2.Runtime.WebServer.Tests\Dev2.Runtime.WebServer.Tests.csproj]
C:\Program Files\dotnet\sdk\10.0.201\Microsoft.Common.CurrentVersion.targets(2451,5): warning MSB3277:             C:\Users\ultra\warewolf\Dev\Dev2.Development.Languages\bin\Debug\net8.0\Dev2.Development.Languages.dll [C:\Users\ultra\warewolf\Dev\Dev2.Runtime.WebServer.Tests\Dev2.Runtime.WebServer.Tests.csproj]
C:\Program Files\dotnet\sdk\10.0.201\Microsoft.Common.CurrentVersion.targets(2451,5): warning MSB3277:             C:\Users\ultra\warewolf\Dev\Dev2.Diagnostics\bin\Debug\net8.0\Dev2.Diagnostics.dll [C:\Users\ultra\warewolf\Dev\Dev2.Runtime.WebServer.Tests\Dev2.Runtime.WebServer.Tests.csproj]
C:\Program Files\dotnet\sdk\10.0.201\Microsoft.Common.CurrentVersion.targets(2451,5): warning MSB3277:             C:\Users\ultra\warewolf\Dev\Dev2.Services.Sql\bin\Debug\net8.0\Dev2.Services.Sql.dll [C:\Users\ultra\warewolf\Dev\Dev2.Runtime.WebServer.Tests\Dev2.Runtime.WebServer.Tests.csproj]
C:\Program Files\dotnet\sdk\10.0.201\Microsoft.Common.CurrentVersion.targets(2451,5): warning MSB3277:             C:\Users\ultra\warewolf\Dev\Dev2.TaskScheduler.Wrappers\bin\Debug\net8.0\Dev2.TaskScheduler.Wrappers.dll [C:\Users\ultra\warewolf\Dev\Dev2.Runtime.WebServer.Tests\Dev2.Runtime.WebServer.Tests.csproj]
C:\Program Files\dotnet\sdk\10.0.201\Microsoft.Common.CurrentVersion.targets(2451,5): warning MSB3277:             C:\Users\ultra\warewolf\Dev\Dev2.Util\bin\Debug\net8.0\Dev2.Util.dll [C:\Users\ultra\warewolf\Dev\Dev2.Runtime.WebServer.Tests\Dev2.Runtime.WebServer.Tests.csproj]
C:\Program Files\dotnet\sdk\10.0.201\Microsoft.Common.CurrentVersion.targets(2451,5): warning MSB3277:             C:\Users\ultra\warewolf\Dev\Warewolf.AI.Harness\bin\Debug\net8.0\Warewolf.AI.Harness.dll [C:\Users\ultra\warewolf\Dev\Dev2.Runtime.WebServer.Tests\Dev2.Runtime.WebServer.Tests.csproj]
C:\Program Files\dotnet\sdk\10.0.201\Microsoft.Common.CurrentVersion.targets(2451,5): warning MSB3277:             C:\Users\ultra\warewolf\Dev\Warewolf.Driver.Serilog\bin\Debug\net8.0\Warewolf.Driver.Serilog.dll [C:\Users\ultra\warewolf\Dev\Dev2.Runtime.WebServer.Tests\Dev2.Runtime.WebServer.Tests.csproj]
C:\Program Files\dotnet\sdk\10.0.201\Microsoft.Common.CurrentVersion.targets(2451,5): warning MSB3277:             C:\Users\ultra\warewolf\Dev\Warewolf.Sharepoint\bin\Debug\net8.0\Warewolf.Sharepoint.dll [C:\Users\ultra\warewolf\Dev\Dev2.Runtime.WebServer.Tests\Dev2.Runtime.WebServer.Tests.csproj]
C:\Program Files\dotnet\sdk\10.0.201\Microsoft.Common.CurrentVersion.targets(2451,5): warning MSB3277:             C:\Users\ultra\warewolf\Dev\Warewolf.Storage\bin\Debug\net8.0\Warewolf.Storage.dll [C:\Users\ultra\warewolf\Dev\Dev2.Runtime.WebServer.Tests\Dev2.Runtime.WebServer.Tests.csproj]
C:\Program Files\dotnet\sdk\10.0.201\Microsoft.Common.CurrentVersion.targets(2451,5): warning MSB3277:             C:\Users\ultra\.nuget\packages\mindbox.data.linq\5.0.0\lib\netstandard2.0\Mindbox.Data.Linq.dll [C:\Users\ultra\warewolf\Dev\Dev2.Runtime.WebServer.Tests\Dev2.Runtime.WebServer.Tests.csproj]
C:\Program Files\dotnet\sdk\10.0.201\Microsoft.Common.CurrentVersion.targets(2451,5): warning MSB3277:             C:\Users\ultra\.nuget\packages\mysql.data\8.4.0\lib\net8.0\MySql.Data.dll [C:\Users\ultra\warewolf\Dev\Dev2.Runtime.WebServer.Tests\Dev2.Runtime.WebServer.Tests.csproj]
C:\Program Files\dotnet\sdk\10.0.201\Microsoft.Common.CurrentVersion.targets(2451,5): warning MSB3277:             C:\Users\ultra\.nuget\packages\oracle.manageddataaccess.core\3.21.70\lib\netstandard2.1\Oracle.ManagedDataAccess.dll [C:\Users\ultra\warewolf\Dev\Dev2.Runtime.WebServer.Tests\Dev2.Runtime.WebServer.Tests.csproj]
C:\Program Files\dotnet\sdk\10.0.201\Microsoft.Common.CurrentVersion.targets(2451,5): warning MSB3277:             C:\Users\ultra\.nuget\packages\system.directoryservices\6.0.0\lib\net6.0\System.DirectoryServices.dll [C:\Users\ultra\warewolf\Dev\Dev2.Runtime.WebServer.Tests\Dev2.Runtime.WebServer.Tests.csproj]
C:\Program Files\dotnet\sdk\10.0.201\Microsoft.Common.CurrentVersion.targets(2451,5): warning MSB3277:             C:\Users\ultra\.nuget\packages\corewcf.primitives\1.2.1\lib\netstandard2.0\CoreWCF.Primitives.dll [C:\Users\ultra\warewolf\Dev\Dev2.Runtime.WebServer.Tests\Dev2.Runtime.WebServer.Tests.csproj]
C:\Program Files\dotnet\sdk\10.0.201\Microsoft.Common.CurrentVersion.targets(2451,5): warning MSB3277:             C:\Users\ultra\.nuget\packages\corewcf.http\1.2.1\lib\netstandard2.0\CoreWCF.Http.dll [C:\Users\ultra\warewolf\Dev\Dev2.Runtime.WebServer.Tests\Dev2.Runtime.WebServer.Tests.csproj]
C:\Program Files\dotnet\sdk\10.0.201\Microsoft.Common.CurrentVersion.targets(2451,5): warning MSB3277:             C:\Users\ultra\.nuget\packages\corewcf.nettcp\1.2.1\lib\netstandard2.0\CoreWCF.NetTcp.dll [C:\Users\ultra\warewolf\Dev\Dev2.Runtime.WebServer.Tests\Dev2.Runtime.WebServer.Tests.csproj]
C:\Program Files\dotnet\sdk\10.0.201\Microsoft.Common.CurrentVersion.targets(2451,5): warning MSB3277:             C:\Users\ultra\.nuget\packages\corewcf.webhttp\1.2.1\lib\netstandard2.0\CoreWCF.WebHttp.dll [C:\Users\ultra\warewolf\Dev\Dev2.Runtime.WebServer.Tests\Dev2.Runtime.WebServer.Tests.csproj]
C:\Program Files\dotnet\sdk\10.0.201\Microsoft.Common.CurrentVersion.targets(2451,5): warning MSB3277:             C:\Program Files\dotnet\packs\Microsoft.NETCore.App.Ref\8.0.25\ref/net8.0/System.Configuration.dll [C:\Users\ultra\warewolf\Dev\Dev2.Runtime.WebServer.Tests\Dev2.Runtime.WebServer.Tests.csproj]
C:\Program Files\dotnet\sdk\10.0.201\Microsoft.Common.CurrentVersion.targets(2451,5): warning MSB3277:             C:\Users\ultra\.nuget\packages\prism.wpf\9.0.537\lib\net462\Prism.Wpf.dll [C:\Users\ultra\warewolf\Dev\Dev2.Runtime.WebServer.Tests\Dev2.Runtime.WebServer.Tests.csproj]
C:\Program Files\dotnet\sdk\10.0.201\Microsoft.Common.CurrentVersion.targets(2451,5): warning MSB3277:             C:\Program Files\dotnet\packs\Microsoft.NETCore.App.Ref\8.0.25\ref/net8.0/System.Data.dll [C:\Users\ultra\warewolf\Dev\Dev2.Runtime.WebServer.Tests\Dev2.Runtime.WebServer.Tests.csproj]
C:\Program Files\dotnet\sdk\10.0.201\Microsoft.Common.CurrentVersion.targets(2451,5): warning MSB3277:             C:\Users\ultra\.nuget\packages\taskschedulereditor\2.10.1\lib\net452\Microsoft.Win32.TaskSchedulerEditor.dll [C:\Users\ultra\warewolf\Dev\Dev2.Runtime.WebServer.Tests\Dev2.Runtime.WebServer.Tests.csproj]
C:\Program Files\dotnet\sdk\10.0.201\Microsoft.Common.CurrentVersion.targets(2451,5): warning MSB3277:             C:\Program Files\dotnet\packs\Microsoft.NETCore.App.Ref\8.0.25\ref/net8.0/System.Drawing.dll [C:\Users\ultra\warewolf\Dev\Dev2.Runtime.WebServer.Tests\Dev2.Runtime.WebServer.Tests.csproj]
C:\Program Files\dotnet\sdk\10.0.201\Microsoft.Common.CurrentVersion.targets(2451,5): warning MSB3277:             C:\Users\ultra\.nuget\packages\aerowizard\2.3.1\lib\net45\AeroWizard.dll [C:\Users\ultra\warewolf\Dev\Dev2.Runtime.WebServer.Tests\Dev2.Runtime.WebServer.Tests.csproj]
C:\Program Files\dotnet\sdk\10.0.201\Microsoft.Common.CurrentVersion.targets(2451,5): warning MSB3277:             C:\Users\ultra\.nuget\packages\groupcontrols\1.9.0\lib\net45\GroupControls.dll [C:\Users\ultra\warewolf\Dev\Dev2.Runtime.WebServer.Tests\Dev2.Runtime.WebServer.Tests.csproj]
C:\Program Files\dotnet\sdk\10.0.201\Microsoft.Common.CurrentVersion.targets(2451,5): warning MSB3277:             C:\Program Files\dotnet\packs\Microsoft.NETCore.App.Ref\8.0.25\ref/net8.0/System.Net.dll [C:\Users\ultra\warewolf\Dev\Dev2.Runtime.WebServer.Tests\Dev2.Runtime.WebServer.Tests.csproj]
C:\Program Files\dotnet\sdk\10.0.201\Microsoft.Common.CurrentVersion.targets(2451,5): warning MSB3277:             C:\Program Files\dotnet\packs\Microsoft.NETCore.App.Ref\8.0.25\ref/net8.0/System.Security.dll [C:\Users\ultra\warewolf\Dev\Dev2.Runtime.WebServer.Tests\Dev2.Runtime.WebServer.Tests.csproj]
C:\Program Files\dotnet\sdk\10.0.201\Microsoft.Common.CurrentVersion.targets(2451,5): warning MSB3277:             C:\Program Files\dotnet\packs\Microsoft.NETCore.App.Ref\8.0.25\ref/net8.0/System.ServiceProcess.dll [C:\Users\ultra\warewolf\Dev\Dev2.Runtime.WebServer.Tests\Dev2.Runtime.WebServer.Tests.csproj]
C:\Program Files\dotnet\sdk\10.0.201\Microsoft.Common.CurrentVersion.targets(2451,5): warning MSB3277:             C:\Program Files\dotnet\packs\Microsoft.NETCore.App.Ref\8.0.25\ref/net8.0/System.Transactions.dll [C:\Users\ultra\warewolf\Dev\Dev2.Runtime.WebServer.Tests\Dev2.Runtime.WebServer.Tests.csproj]
C:\Program Files\dotnet\sdk\10.0.201\Microsoft.Common.CurrentVersion.targets(2451,5): warning MSB3277:             C:\Program Files\dotnet\packs\Microsoft.NETCore.App.Ref\8.0.25\ref/net8.0/System.dll [C:\Users\ultra\warewolf\Dev\Dev2.Runtime.WebServer.Tests\Dev2.Runtime.WebServer.Tests.csproj]
C:\Program Files\dotnet\sdk\10.0.201\Microsoft.Common.CurrentVersion.targets(2451,5): warning MSB3277:             C:\Users\ultra\.nuget\packages\microsoft.xaml.behaviors.wpf\1.1.122\lib\net462\Microsoft.Xaml.Behaviors.dll [C:\Users\ultra\warewolf\Dev\Dev2.Runtime.WebServer.Tests\Dev2.Runtime.WebServer.Tests.csproj]
C:\Program Files\dotnet\sdk\10.0.201\Microsoft.Common.CurrentVersion.targets(2451,5): warning MSB3277:             C:\Users\ultra\.nuget\packages\caliburn.micro\4.0.212\lib\netcoreapp3.1\Caliburn.Micro.Platform.dll [C:\Users\ultra\warewolf\Dev\Dev2.Runtime.WebServer.Tests\Dev2.Runtime.WebServer.Tests.csproj]
C:\Program Files\dotnet\sdk\10.0.201\Microsoft.Common.CurrentVersion.targets(2451,5): warning MSB3277:             C:\Users\ultra\.nuget\packages\reactiveui.wpf\18.4.1\lib\net462\ReactiveUI.Wpf.dll [C:\Users\ultra\warewolf\Dev\Dev2.Runtime.WebServer.Tests\Dev2.Runtime.WebServer.Tests.csproj]
C:\Program Files\dotnet\sdk\10.0.201\Microsoft.Common.CurrentVersion.targets(2451,5): warning MSB3277:             C:\Users\ultra\.nuget\packages\ttcue.netcore.sharepointonline.csom.16.1.8029.1200\16.1.8029.1200\lib\netcoreapp2.0\Microsoft.SharePoint.Client.Runtime.Windows.dll [C:\Users\ultra\warewolf\Dev\Dev2.Runtime.WebServer.Tests\Dev2.Runtime.WebServer.Tests.csproj]
C:\Program Files\dotnet\sdk\10.0.201\Microsoft.Common.CurrentVersion.targets(2451,5): warning MSB3277:             C:\Program Files\dotnet\packs\Microsoft.NETCore.App.Ref\8.0.25\ref/net8.0/WindowsBase.dll [C:\Users\ultra\warewolf\Dev\Dev2.Runtime.WebServer.Tests\Dev2.Runtime.WebServer.Tests.csproj]
C:\Program Files\dotnet\sdk\10.0.201\Microsoft.Common.CurrentVersion.targets(2451,5): warning MSB3277:             C:\Program Files\dotnet\packs\Microsoft.NETCore.App.Ref\8.0.25\ref/net8.0/mscorlib.dll [C:\Users\ultra\warewolf\Dev\Dev2.Runtime.WebServer.Tests\Dev2.Runtime.WebServer.Tests.csproj]
C:\Program Files\dotnet\sdk\10.0.201\Microsoft.Common.CurrentVersion.targets(2451,5): warning MSB3277:             C:\Users\ultra\.nuget\packages\hangfire.core\1.7.32\lib\netstandard2.0\Hangfire.Core.dll [C:\Users\ultra\warewolf\Dev\Dev2.Runtime.WebServer.Tests\Dev2.Runtime.WebServer.Tests.csproj]
C:\Program Files\dotnet\sdk\10.0.201\Microsoft.Common.CurrentVersion.targets(2451,5): warning MSB3277:             C:\Users\ultra\.nuget\packages\hangfire.sqlserver\1.7.32\lib\netstandard2.0\Hangfire.SqlServer.dll [C:\Users\ultra\warewolf\Dev\Dev2.Runtime.WebServer.Tests\Dev2.Runtime.WebServer.Tests.csproj]
C:\Program Files\dotnet\sdk\10.0.201\Microsoft.Common.CurrentVersion.targets(2451,5): warning MSB3277:             C:\Users\ultra\.nuget\packages\microsoft.codecoverage\17.13.0\lib\netcoreapp3.1\Microsoft.VisualStudio.CodeCoverage.Shim.dll [C:\Users\ultra\warewolf\Dev\Dev2.Runtime.WebServer.Tests\Dev2.Runtime.WebServer.Tests.csproj]
C:\Program Files\dotnet\sdk\10.0.201\Microsoft.Common.CurrentVersion.targets(2451,5): warning MSB3277:         C:\Program Files\dotnet\packs\Microsoft.NETCore.App.Ref\8.0.25\ref\net8.0\System.Drawing.dll [C:\Users\ultra\warewolf\Dev\Dev2.Runtime.WebServer.Tests\Dev2.Runtime.WebServer.Tests.csproj]
C:\Program Files\dotnet\sdk\10.0.201\Microsoft.Common.CurrentVersion.targets(2451,5): warning MSB3277:           Project file item includes which caused reference "C:\Program Files\dotnet\packs\Microsoft.NETCore.App.Ref\8.0.25\ref\net8.0\System.Drawing.dll". [C:\Users\ultra\warewolf\Dev\Dev2.Runtime.WebServer.Tests\Dev2.Runtime.WebServer.Tests.csproj]
C:\Program Files\dotnet\sdk\10.0.201\Microsoft.Common.CurrentVersion.targets(2451,5): warning MSB3277:             C:\Program Files\dotnet\packs\Microsoft.NETCore.App.Ref\8.0.25\ref/net8.0/System.Drawing.dll [C:\Users\ultra\warewolf\Dev\Dev2.Runtime.WebServer.Tests\Dev2.Runtime.WebServer.Tests.csproj]
C:\Program Files\dotnet\sdk\10.0.201\Microsoft.Common.CurrentVersion.targets(2451,5): warning MSB3277:             C:\Users\ultra\.nuget\packages\aerowizard\2.3.1\lib\net45\AeroWizard.dll [C:\Users\ultra\warewolf\Dev\Dev2.Runtime.WebServer.Tests\Dev2.Runtime.WebServer.Tests.csproj]
C:\Program Files\dotnet\sdk\10.0.201\Microsoft.Common.CurrentVersion.targets(2451,5): warning MSB3277:             C:\Users\ultra\.nuget\packages\groupcontrols\1.9.0\lib\net45\GroupControls.dll [C:\Users\ultra\warewolf\Dev\Dev2.Runtime.WebServer.Tests\Dev2.Runtime.WebServer.Tests.csproj]
C:\Program Files\dotnet\sdk\10.0.201\Microsoft.Common.CurrentVersion.targets(2451,5): warning MSB3277:             C:\Users\ultra\.nuget\packages\taskschedulereditor\2.10.1\lib\net452\Microsoft.Win32.TaskSchedulerEditor.dll [C:\Users\ultra\warewolf\Dev\Dev2.Runtime.WebServer.Tests\Dev2.Runtime.WebServer.Tests.csproj]
C:\Program Files\dotnet\sdk\10.0.201\Microsoft.Common.CurrentVersion.targets(2451,5): warning MSB3277: Found conflicts between different versions of "WindowsBase" that could not be resolved. [C:\Users\ultra\warewolf\Dev\Dev2.Infrastructure.Tests\Dev2.Infrastructure.Tests.csproj]
C:\Program Files\dotnet\sdk\10.0.201\Microsoft.Common.CurrentVersion.targets(2451,5): warning MSB3277: There was a conflict between "WindowsBase, Version=4.0.0.0, Culture=neutral, PublicKeyToken=31bf3856ad364e35" and "WindowsBase, Version=6.0.2.0, Culture=neutral, PublicKeyToken=31bf3856ad364e35". [C:\Users\ultra\warewolf\Dev\Dev2.Infrastructure.Tests\Dev2.Infrastructure.Tests.csproj]
C:\Program Files\dotnet\sdk\10.0.201\Microsoft.Common.CurrentVersion.targets(2451,5): warning MSB3277:     "WindowsBase, Version=4.0.0.0, Culture=neutral, PublicKeyToken=31bf3856ad364e35" was chosen because it was primary and "WindowsBase, Version=6.0.2.0, Culture=neutral, PublicKeyToken=31bf3856ad364e35" was not. [C:\Users\ultra\warewolf\Dev\Dev2.Infrastructure.Tests\Dev2.Infrastructure.Tests.csproj]
C:\Program Files\dotnet\sdk\10.0.201\Microsoft.Common.CurrentVersion.targets(2451,5): warning MSB3277:     References which depend on "WindowsBase, Version=4.0.0.0, Culture=neutral, PublicKeyToken=31bf3856ad364e35" [C:\Program Files\dotnet\packs\Microsoft.NETCore.App.Ref\8.0.25\ref\net8.0\WindowsBase.dll]. [C:\Users\ultra\warewolf\Dev\Dev2.Infrastructure.Tests\Dev2.Infrastructure.Tests.csproj]
C:\Program Files\dotnet\sdk\10.0.201\Microsoft.Common.CurrentVersion.targets(2451,5): warning MSB3277:         C:\Program Files\dotnet\packs\Microsoft.NETCore.App.Ref\8.0.25\ref\net8.0\WindowsBase.dll [C:\Users\ultra\warewolf\Dev\Dev2.Infrastructure.Tests\Dev2.Infrastructure.Tests.csproj]
C:\Program Files\dotnet\sdk\10.0.201\Microsoft.Common.CurrentVersion.targets(2451,5): warning MSB3277:           Project file item includes which caused reference "C:\Program Files\dotnet\packs\Microsoft.NETCore.App.Ref\8.0.25\ref\net8.0\WindowsBase.dll". [C:\Users\ultra\warewolf\Dev\Dev2.Infrastructure.Tests\Dev2.Infrastructure.Tests.csproj]
C:\Program Files\dotnet\sdk\10.0.201\Microsoft.Common.CurrentVersion.targets(2451,5): warning MSB3277:             C:\Program Files\dotnet\packs\Microsoft.NETCore.App.Ref\8.0.25\ref/net8.0/WindowsBase.dll [C:\Users\ultra\warewolf\Dev\Dev2.Infrastructure.Tests\Dev2.Infrastructure.Tests.csproj]
C:\Program Files\dotnet\sdk\10.0.201\Microsoft.Common.CurrentVersion.targets(2451,5): warning MSB3277:     References which depend on or have been unified to "WindowsBase, Version=6.0.2.0, Culture=neutral, PublicKeyToken=31bf3856ad364e35" []. [C:\Users\ultra\warewolf\Dev\Dev2.Infrastructure.Tests\Dev2.Infrastructure.Tests.csproj]
C:\Program Files\dotnet\sdk\10.0.201\Microsoft.Common.CurrentVersion.targets(2451,5): warning MSB3277:         C:\Users\ultra\.nuget\packages\caliburn.micro\4.0.212\lib\netcoreapp3.1\Caliburn.Micro.Platform.dll [C:\Users\ultra\warewolf\Dev\Dev2.Infrastructure.Tests\Dev2.Infrastructure.Tests.csproj]
C:\Program Files\dotnet\sdk\10.0.201\Microsoft.Common.CurrentVersion.targets(2451,5): warning MSB3277:           Project file item includes which caused reference "C:\Users\ultra\.nuget\packages\caliburn.micro\4.0.212\lib\netcoreapp3.1\Caliburn.Micro.Platform.dll". [C:\Users\ultra\warewolf\Dev\Dev2.Infrastructure.Tests\Dev2.Infrastructure.Tests.csproj]
C:\Program Files\dotnet\sdk\10.0.201\Microsoft.Common.CurrentVersion.targets(2451,5): warning MSB3277:             C:\Users\ultra\.nuget\packages\caliburn.micro\4.0.212\lib\netcoreapp3.1\Caliburn.Micro.Platform.dll [C:\Users\ultra\warewolf\Dev\Dev2.Infrastructure.Tests\Dev2.Infrastructure.Tests.csproj]
C:\Program Files\dotnet\sdk\10.0.201\Microsoft.Common.CurrentVersion.targets(2451,5): warning MSB3277:         C:\Users\ultra\.nuget\packages\ironpython\3.4.0\lib\net6.0\IronPython.Wpf.dll [C:\Users\ultra\warewolf\Dev\Dev2.Infrastructure.Tests\Dev2.Infrastructure.Tests.csproj]
C:\Program Files\dotnet\sdk\10.0.201\Microsoft.Common.CurrentVersion.targets(2451,5): warning MSB3277:           Project file item includes which caused reference "C:\Users\ultra\.nuget\packages\ironpython\3.4.0\lib\net6.0\IronPython.Wpf.dll". [C:\Users\ultra\warewolf\Dev\Dev2.Infrastructure.Tests\Dev2.Infrastructure.Tests.csproj]
C:\Program Files\dotnet\sdk\10.0.201\Microsoft.Common.CurrentVersion.targets(2451,5): warning MSB3277:             C:\Users\ultra\.nuget\packages\ironpython\3.4.0\lib\net6.0\IronPython.Wpf.dll [C:\Users\ultra\warewolf\Dev\Dev2.Infrastructure.Tests\Dev2.Infrastructure.Tests.csproj]
C:\Program Files\dotnet\sdk\10.0.201\Microsoft.Common.CurrentVersion.targets(2451,5): warning MSB3277:         C:\Users\ultra\.nuget\packages\microsoft.xaml.behaviors.wpf\1.1.122\lib\net462\Microsoft.Xaml.Behaviors.dll [C:\Users\ultra\warewolf\Dev\Dev2.Infrastructure.Tests\Dev2.Infrastructure.Tests.csproj]
C:\Program Files\dotnet\sdk\10.0.201\Microsoft.Common.CurrentVersion.targets(2451,5): warning MSB3277:           Project file item includes which caused reference "C:\Users\ultra\.nuget\packages\microsoft.xaml.behaviors.wpf\1.1.122\lib\net462\Microsoft.Xaml.Behaviors.dll". [C:\Users\ultra\warewolf\Dev\Dev2.Infrastructure.Tests\Dev2.Infrastructure.Tests.csproj]
C:\Program Files\dotnet\sdk\10.0.201\Microsoft.Common.CurrentVersion.targets(2451,5): warning MSB3277:             C:\Users\ultra\.nuget\packages\microsoft.xaml.behaviors.wpf\1.1.122\lib\net462\Microsoft.Xaml.Behaviors.dll [C:\Users\ultra\warewolf\Dev\Dev2.Infrastructure.Tests\Dev2.Infrastructure.Tests.csproj]
C:\Program Files\dotnet\sdk\10.0.201\Microsoft.Common.CurrentVersion.targets(2451,5): warning MSB3277:             C:\Users\ultra\.nuget\packages\caliburn.micro\4.0.212\lib\netcoreapp3.1\Caliburn.Micro.Platform.dll [C:\Users\ultra\warewolf\Dev\Dev2.Infrastructure.Tests\Dev2.Infrastructure.Tests.csproj]
C:\Program Files\dotnet\sdk\10.0.201\Microsoft.Common.CurrentVersion.targets(2451,5): warning MSB3277:             C:\Users\ultra\.nuget\packages\prism.wpf\9.0.537\lib\net462\Prism.Wpf.dll [C:\Users\ultra\warewolf\Dev\Dev2.Infrastructure.Tests\Dev2.Infrastructure.Tests.csproj]
C:\Program Files\dotnet\sdk\10.0.201\Microsoft.Common.CurrentVersion.targets(2451,5): warning MSB3277:         C:\Users\ultra\.nuget\packages\prism.wpf\9.0.537\lib\net462\Prism.Wpf.dll [C:\Users\ultra\warewolf\Dev\Dev2.Infrastructure.Tests\Dev2.Infrastructure.Tests.csproj]
C:\Program Files\dotnet\sdk\10.0.201\Microsoft.Common.CurrentVersion.targets(2451,5): warning MSB3277:           Project file item includes which caused reference "C:\Users\ultra\.nuget\packages\prism.wpf\9.0.537\lib\net462\Prism.Wpf.dll". [C:\Users\ultra\warewolf\Dev\Dev2.Infrastructure.Tests\Dev2.Infrastructure.Tests.csproj]
C:\Program Files\dotnet\sdk\10.0.201\Microsoft.Common.CurrentVersion.targets(2451,5): warning MSB3277:             C:\Users\ultra\.nuget\packages\prism.wpf\9.0.537\lib\net462\Prism.Wpf.dll [C:\Users\ultra\warewolf\Dev\Dev2.Infrastructure.Tests\Dev2.Infrastructure.Tests.csproj]
C:\Program Files\dotnet\sdk\10.0.201\Microsoft.Common.CurrentVersion.targets(2451,5): warning MSB3277:         C:\Users\ultra\.nuget\packages\reactiveui.wpf\18.4.1\lib\net462\ReactiveUI.Wpf.dll [C:\Users\ultra\warewolf\Dev\Dev2.Infrastructure.Tests\Dev2.Infrastructure.Tests.csproj]
C:\Program Files\dotnet\sdk\10.0.201\Microsoft.Common.CurrentVersion.targets(2451,5): warning MSB3277:           Project file item includes which caused reference "C:\Users\ultra\.nuget\packages\reactiveui.wpf\18.4.1\lib\net462\ReactiveUI.Wpf.dll". [C:\Users\ultra\warewolf\Dev\Dev2.Infrastructure.Tests\Dev2.Infrastructure.Tests.csproj]
C:\Program Files\dotnet\sdk\10.0.201\Microsoft.Common.CurrentVersion.targets(2451,5): warning MSB3277:             C:\Users\ultra\.nuget\packages\reactiveui.wpf\18.4.1\lib\net462\ReactiveUI.Wpf.dll [C:\Users\ultra\warewolf\Dev\Dev2.Infrastructure.Tests\Dev2.Infrastructure.Tests.csproj]
  Dev2.Runtime.WebServer -> C:\Users\ultra\warewolf\Bin\ServerTests-Windows\
  Warewolf.Studio.CustomControls -> C:\Users\ultra\warewolf\Bin\ServerTests-Windows\
  Warewolf.QueueWorker -> C:\Users\ultra\warewolf\Dev\Warewolf.QueueWorker\bin\Debug\net8.0\QueueWorker.dll
  Warewolf.QueueWorker -> C:\Users\ultra\warewolf\Bin\ServerTests-Windows\
C:\Program Files\dotnet\sdk\10.0.201\Microsoft.Common.CurrentVersion.targets(2451,5): warning MSB3277: Found conflicts between different versions of "WindowsBase" that could not be resolved. [C:\Users\ultra\warewolf\Dev\Dev2.Server\Dev2.Server.csproj]
C:\Program Files\dotnet\sdk\10.0.201\Microsoft.Common.CurrentVersion.targets(2451,5): warning MSB3277: There was a conflict between "WindowsBase, Version=4.0.0.0, Culture=neutral, PublicKeyToken=31bf3856ad364e35" and "WindowsBase, Version=6.0.2.0, Culture=neutral, PublicKeyToken=31bf3856ad364e35". [C:\Users\ultra\warewolf\Dev\Dev2.Server\Dev2.Server.csproj]
C:\Program Files\dotnet\sdk\10.0.201\Microsoft.Common.CurrentVersion.targets(2451,5): warning MSB3277:     "WindowsBase, Version=4.0.0.0, Culture=neutral, PublicKeyToken=31bf3856ad364e35" was chosen because it was primary and "WindowsBase, Version=6.0.2.0, Culture=neutral, PublicKeyToken=31bf3856ad364e35" was not. [C:\Users\ultra\warewolf\Dev\Dev2.Server\Dev2.Server.csproj]
C:\Program Files\dotnet\sdk\10.0.201\Microsoft.Common.CurrentVersion.targets(2451,5): warning MSB3277:     References which depend on "WindowsBase, Version=4.0.0.0, Culture=neutral, PublicKeyToken=31bf3856ad364e35" [C:\Program Files\dotnet\packs\Microsoft.NETCore.App.Ref\8.0.25\ref\net8.0\WindowsBase.dll]. [C:\Users\ultra\warewolf\Dev\Dev2.Server\Dev2.Server.csproj]
C:\Program Files\dotnet\sdk\10.0.201\Microsoft.Common.CurrentVersion.targets(2451,5): warning MSB3277:         C:\Program Files\dotnet\packs\Microsoft.NETCore.App.Ref\8.0.25\ref\net8.0\WindowsBase.dll [C:\Users\ultra\warewolf\Dev\Dev2.Server\Dev2.Server.csproj]
C:\Program Files\dotnet\sdk\10.0.201\Microsoft.Common.CurrentVersion.targets(2451,5): warning MSB3277:           Project file item includes which caused reference "C:\Program Files\dotnet\packs\Microsoft.NETCore.App.Ref\8.0.25\ref\net8.0\WindowsBase.dll". [C:\Users\ultra\warewolf\Dev\Dev2.Server\Dev2.Server.csproj]
C:\Program Files\dotnet\sdk\10.0.201\Microsoft.Common.CurrentVersion.targets(2451,5): warning MSB3277:             C:\Program Files\dotnet\packs\Microsoft.NETCore.App.Ref\8.0.25\ref/net8.0/WindowsBase.dll [C:\Users\ultra\warewolf\Dev\Dev2.Server\Dev2.Server.csproj]
C:\Program Files\dotnet\sdk\10.0.201\Microsoft.Common.CurrentVersion.targets(2451,5): warning MSB3277:     References which depend on or have been unified to "WindowsBase, Version=6.0.2.0, Culture=neutral, PublicKeyToken=31bf3856ad364e35" []. [C:\Users\ultra\warewolf\Dev\Dev2.Server\Dev2.Server.csproj]
C:\Program Files\dotnet\sdk\10.0.201\Microsoft.Common.CurrentVersion.targets(2451,5): warning MSB3277:         C:\Users\ultra\.nuget\packages\caliburn.micro\4.0.212\lib\netcoreapp3.1\Caliburn.Micro.Platform.dll [C:\Users\ultra\warewolf\Dev\Dev2.Server\Dev2.Server.csproj]
C:\Program Files\dotnet\sdk\10.0.201\Microsoft.Common.CurrentVersion.targets(2451,5): warning MSB3277:           Project file item includes which caused reference "C:\Users\ultra\.nuget\packages\caliburn.micro\4.0.212\lib\netcoreapp3.1\Caliburn.Micro.Platform.dll". [C:\Users\ultra\warewolf\Dev\Dev2.Server\Dev2.Server.csproj]
C:\Program Files\dotnet\sdk\10.0.201\Microsoft.Common.CurrentVersion.targets(2451,5): warning MSB3277:             C:\Users\ultra\.nuget\packages\caliburn.micro\4.0.212\lib\netcoreapp3.1\Caliburn.Micro.Platform.dll [C:\Users\ultra\warewolf\Dev\Dev2.Server\Dev2.Server.csproj]
C:\Program Files\dotnet\sdk\10.0.201\Microsoft.Common.CurrentVersion.targets(2451,5): warning MSB3277:         C:\Users\ultra\.nuget\packages\ironpython\3.4.0\lib\net6.0\IronPython.Wpf.dll [C:\Users\ultra\warewolf\Dev\Dev2.Server\Dev2.Server.csproj]
C:\Program Files\dotnet\sdk\10.0.201\Microsoft.Common.CurrentVersion.targets(2451,5): warning MSB3277:           Project file item includes which caused reference "C:\Users\ultra\.nuget\packages\ironpython\3.4.0\lib\net6.0\IronPython.Wpf.dll". [C:\Users\ultra\warewolf\Dev\Dev2.Server\Dev2.Server.csproj]
C:\Program Files\dotnet\sdk\10.0.201\Microsoft.Common.CurrentVersion.targets(2451,5): warning MSB3277:             C:\Users\ultra\.nuget\packages\ironpython\3.4.0\lib\net6.0\IronPython.Wpf.dll [C:\Users\ultra\warewolf\Dev\Dev2.Server\Dev2.Server.csproj]
C:\Program Files\dotnet\sdk\10.0.201\Microsoft.Common.CurrentVersion.targets(2451,5): warning MSB3277:         C:\Users\ultra\.nuget\packages\microsoft.xaml.behaviors.wpf\1.1.122\lib\net462\Microsoft.Xaml.Behaviors.dll [C:\Users\ultra\warewolf\Dev\Dev2.Server\Dev2.Server.csproj]
C:\Program Files\dotnet\sdk\10.0.201\Microsoft.Common.CurrentVersion.targets(2451,5): warning MSB3277:           Project file item includes which caused reference "C:\Users\ultra\.nuget\packages\microsoft.xaml.behaviors.wpf\1.1.122\lib\net462\Microsoft.Xaml.Behaviors.dll". [C:\Users\ultra\warewolf\Dev\Dev2.Server\Dev2.Server.csproj]
C:\Program Files\dotnet\sdk\10.0.201\Microsoft.Common.CurrentVersion.targets(2451,5): warning MSB3277:             C:\Users\ultra\.nuget\packages\microsoft.xaml.behaviors.wpf\1.1.122\lib\net462\Microsoft.Xaml.Behaviors.dll [C:\Users\ultra\warewolf\Dev\Dev2.Server\Dev2.Server.csproj]
C:\Program Files\dotnet\sdk\10.0.201\Microsoft.Common.CurrentVersion.targets(2451,5): warning MSB3277:             C:\Users\ultra\.nuget\packages\caliburn.micro\4.0.212\lib\netcoreapp3.1\Caliburn.Micro.Platform.dll [C:\Users\ultra\warewolf\Dev\Dev2.Server\Dev2.Server.csproj]
C:\Program Files\dotnet\sdk\10.0.201\Microsoft.Common.CurrentVersion.targets(2451,5): warning MSB3277:             C:\Users\ultra\.nuget\packages\prism.wpf\9.0.537\lib\net462\Prism.Wpf.dll [C:\Users\ultra\warewolf\Dev\Dev2.Server\Dev2.Server.csproj]
C:\Program Files\dotnet\sdk\10.0.201\Microsoft.Common.CurrentVersion.targets(2451,5): warning MSB3277:         C:\Users\ultra\.nuget\packages\prism.wpf\9.0.537\lib\net462\Prism.Wpf.dll [C:\Users\ultra\warewolf\Dev\Dev2.Server\Dev2.Server.csproj]
C:\Program Files\dotnet\sdk\10.0.201\Microsoft.Common.CurrentVersion.targets(2451,5): warning MSB3277:           Project file item includes which caused reference "C:\Users\ultra\.nuget\packages\prism.wpf\9.0.537\lib\net462\Prism.Wpf.dll". [C:\Users\ultra\warewolf\Dev\Dev2.Server\Dev2.Server.csproj]
C:\Program Files\dotnet\sdk\10.0.201\Microsoft.Common.CurrentVersion.targets(2451,5): warning MSB3277:             C:\Users\ultra\.nuget\packages\prism.wpf\9.0.537\lib\net462\Prism.Wpf.dll [C:\Users\ultra\warewolf\Dev\Dev2.Server\Dev2.Server.csproj]
C:\Program Files\dotnet\sdk\10.0.201\Microsoft.Common.CurrentVersion.targets(2451,5): warning MSB3277:         C:\Users\ultra\.nuget\packages\reactiveui.wpf\18.4.1\lib\net462\ReactiveUI.Wpf.dll [C:\Users\ultra\warewolf\Dev\Dev2.Server\Dev2.Server.csproj]
C:\Program Files\dotnet\sdk\10.0.201\Microsoft.Common.CurrentVersion.targets(2451,5): warning MSB3277:           Project file item includes which caused reference "C:\Users\ultra\.nuget\packages\reactiveui.wpf\18.4.1\lib\net462\ReactiveUI.Wpf.dll". [C:\Users\ultra\warewolf\Dev\Dev2.Server\Dev2.Server.csproj]
C:\Program Files\dotnet\sdk\10.0.201\Microsoft.Common.CurrentVersion.targets(2451,5): warning MSB3277:             C:\Users\ultra\.nuget\packages\reactiveui.wpf\18.4.1\lib\net462\ReactiveUI.Wpf.dll [C:\Users\ultra\warewolf\Dev\Dev2.Server\Dev2.Server.csproj]
C:\Program Files\dotnet\sdk\10.0.201\Microsoft.Common.CurrentVersion.targets(2451,5): warning MSB3277: Found conflicts between different versions of "System.Drawing.Common" that could not be resolved. [C:\Users\ultra\warewolf\Dev\Dev2.Server\Dev2.Server.csproj]
C:\Program Files\dotnet\sdk\10.0.201\Microsoft.Common.CurrentVersion.targets(2451,5): warning MSB3277: There was a conflict between "System.Drawing.Common, Version=6.0.0.0, Culture=neutral, PublicKeyToken=cc7b13ffcd2ddd51" and "System.Drawing.Common, Version=8.0.0.0, Culture=neutral, PublicKeyToken=cc7b13ffcd2ddd51". [C:\Users\ultra\warewolf\Dev\Dev2.Server\Dev2.Server.csproj]
C:\Program Files\dotnet\sdk\10.0.201\Microsoft.Common.CurrentVersion.targets(2451,5): warning MSB3277:     "System.Drawing.Common, Version=6.0.0.0, Culture=neutral, PublicKeyToken=cc7b13ffcd2ddd51" was chosen because it was primary and "System.Drawing.Common, Version=8.0.0.0, Culture=neutral, PublicKeyToken=cc7b13ffcd2ddd51" was not. [C:\Users\ultra\warewolf\Dev\Dev2.Server\Dev2.Server.csproj]
C:\Program Files\dotnet\sdk\10.0.201\Microsoft.Common.CurrentVersion.targets(2451,5): warning MSB3277:     References which depend on "System.Drawing.Common, Version=6.0.0.0, Culture=neutral, PublicKeyToken=cc7b13ffcd2ddd51" [C:\Users\ultra\.nuget\packages\system.drawing.common\6.0.0\lib\net6.0\System.Drawing.Common.dll]. [C:\Users\ultra\warewolf\Dev\Dev2.Server\Dev2.Server.csproj]
C:\Program Files\dotnet\sdk\10.0.201\Microsoft.Common.CurrentVersion.targets(2451,5): warning MSB3277:         C:\Users\ultra\.nuget\packages\system.drawing.common\6.0.0\lib\net6.0\System.Drawing.Common.dll [C:\Users\ultra\warewolf\Dev\Dev2.Server\Dev2.Server.csproj]
C:\Program Files\dotnet\sdk\10.0.201\Microsoft.Common.CurrentVersion.targets(2451,5): warning MSB3277:           Project file item includes which caused reference "C:\Users\ultra\.nuget\packages\system.drawing.common\6.0.0\lib\net6.0\System.Drawing.Common.dll". [C:\Users\ultra\warewolf\Dev\Dev2.Server\Dev2.Server.csproj]
C:\Program Files\dotnet\sdk\10.0.201\Microsoft.Common.CurrentVersion.targets(2451,5): warning MSB3277:             C:\Users\ultra\.nuget\packages\system.drawing.common\6.0.0\lib\net6.0\System.Drawing.Common.dll [C:\Users\ultra\warewolf\Dev\Dev2.Server\Dev2.Server.csproj]
C:\Program Files\dotnet\sdk\10.0.201\Microsoft.Common.CurrentVersion.targets(2451,5): warning MSB3277:     References which depend on or have been unified to "System.Drawing.Common, Version=8.0.0.0, Culture=neutral, PublicKeyToken=cc7b13ffcd2ddd51" []. [C:\Users\ultra\warewolf\Dev\Dev2.Server\Dev2.Server.csproj]
C:\Program Files\dotnet\sdk\10.0.201\Microsoft.Common.CurrentVersion.targets(2451,5): warning MSB3277:         C:\Users\ultra\.nuget\packages\servicestack\6.3.0\lib\net6.0\ServiceStack.dll [C:\Users\ultra\warewolf\Dev\Dev2.Server\Dev2.Server.csproj]
C:\Program Files\dotnet\sdk\10.0.201\Microsoft.Common.CurrentVersion.targets(2451,5): warning MSB3277:           Project file item includes which caused reference "C:\Users\ultra\.nuget\packages\servicestack\6.3.0\lib\net6.0\ServiceStack.dll". [C:\Users\ultra\warewolf\Dev\Dev2.Server\Dev2.Server.csproj]
C:\Program Files\dotnet\sdk\10.0.201\Microsoft.Common.CurrentVersion.targets(2451,5): warning MSB3277:             C:\Users\ultra\.nuget\packages\servicestack\6.3.0\lib\net6.0\ServiceStack.dll [C:\Users\ultra\warewolf\Dev\Dev2.Server\Dev2.Server.csproj]
C:\Program Files\dotnet\sdk\10.0.201\Microsoft.Common.CurrentVersion.targets(2451,5): warning MSB3277:         C:\Users\ultra\.nuget\packages\system.windows.extensions\8.0.0\lib\net8.0\System.Windows.Extensions.dll [C:\Users\ultra\warewolf\Dev\Dev2.Server\Dev2.Server.csproj]
C:\Program Files\dotnet\sdk\10.0.201\Microsoft.Common.CurrentVersion.targets(2451,5): warning MSB3277:           Project file item includes which caused reference "C:\Users\ultra\.nuget\packages\system.windows.extensions\8.0.0\lib\net8.0\System.Windows.Extensions.dll". [C:\Users\ultra\warewolf\Dev\Dev2.Server\Dev2.Server.csproj]
C:\Program Files\dotnet\sdk\10.0.201\Microsoft.Common.CurrentVersion.targets(2451,5): warning MSB3277:             C:\Users\ultra\.nuget\packages\system.windows.extensions\8.0.0\lib\net8.0\System.Windows.Extensions.dll [C:\Users\ultra\warewolf\Dev\Dev2.Server\Dev2.Server.csproj]
C:\Program Files\dotnet\sdk\10.0.201\Microsoft.Common.CurrentVersion.targets(2451,5): warning MSB3277:             C:\Users\ultra\.nuget\packages\system.security.permissions\8.0.0\lib\net8.0\System.Security.Permissions.dll [C:\Users\ultra\warewolf\Dev\Dev2.Server\Dev2.Server.csproj]
C:\Program Files\dotnet\sdk\10.0.201\Microsoft.Common.CurrentVersion.targets(2451,5): warning MSB3277:             C:\Users\ultra\warewolf\Dev\Dev2.Data\bin\Debug\net8.0\Dev2.Data.dll [C:\Users\ultra\warewolf\Dev\Dev2.Server\Dev2.Server.csproj]
C:\Program Files\dotnet\sdk\10.0.201\Microsoft.Common.CurrentVersion.targets(2451,5): warning MSB3277:             C:\Users\ultra\warewolf\Dev\Dev2.Activities\bin\Debug\net8.0\Dev2.Activities.dll [C:\Users\ultra\warewolf\Dev\Dev2.Server\Dev2.Server.csproj]
C:\Program Files\dotnet\sdk\10.0.201\Microsoft.Common.CurrentVersion.targets(2451,5): warning MSB3277:             C:\Users\ultra\warewolf\Dev\Dev2.Core\bin\Debug\net8.0\Dev2.Core.dll [C:\Users\ultra\warewolf\Dev\Dev2.Server\Dev2.Server.csproj]
C:\Program Files\dotnet\sdk\10.0.201\Microsoft.Common.CurrentVersion.targets(2451,5): warning MSB3277:             C:\Users\ultra\warewolf\Dev\Dev2.Runtime.Services\bin\Debug\net8.0\Dev2.Runtime.Services.dll [C:\Users\ultra\warewolf\Dev\Dev2.Server\Dev2.Server.csproj]
C:\Program Files\dotnet\sdk\10.0.201\Microsoft.Common.CurrentVersion.targets(2451,5): warning MSB3277:             C:\Users\ultra\warewolf\Dev\Dev2.Runtime.WebServer\bin\Debug\net8.0\Dev2.Runtime.WebServer.dll [C:\Users\ultra\warewolf\Dev\Dev2.Server\Dev2.Server.csproj]
C:\Program Files\dotnet\sdk\10.0.201\Microsoft.Common.CurrentVersion.targets(2451,5): warning MSB3277:             C:\Users\ultra\warewolf\Dev\Dev2.Runtime\bin\Debug\net8.0\Dev2.Runtime.dll [C:\Users\ultra\warewolf\Dev\Dev2.Server\Dev2.Server.csproj]
C:\Program Files\dotnet\sdk\10.0.201\Microsoft.Common.CurrentVersion.targets(2451,5): warning MSB3277:             C:\Users\ultra\warewolf\Dev\Dev2.Scheduler\bin\Debug\net8.0\Dev2.Scheduler.dll [C:\Users\ultra\warewolf\Dev\Dev2.Server\Dev2.Server.csproj]
C:\Program Files\dotnet\sdk\10.0.201\Microsoft.Common.CurrentVersion.targets(2451,5): warning MSB3277:             C:\Users\ultra\warewolf\Dev\Dev2.Services.Execution\bin\Debug\net8.0\Dev2.Services.Execution.dll [C:\Users\ultra\warewolf\Dev\Dev2.Server\Dev2.Server.csproj]
C:\Program Files\dotnet\sdk\10.0.201\Microsoft.Common.CurrentVersion.targets(2451,5): warning MSB3277:             C:\Users\ultra\warewolf\Dev\Warewolf.Auditing\bin\Debug\net8.0\Warewolf.Auditing.dll [C:\Users\ultra\warewolf\Dev\Dev2.Server\Dev2.Server.csproj]
C:\Program Files\dotnet\sdk\10.0.201\Microsoft.Common.CurrentVersion.targets(2451,5): warning MSB3277:             C:\Users\ultra\warewolf\Dev\Warewolf.HangfireServer\bin\Debug\net8.0\HangfireServer.dll [C:\Users\ultra\warewolf\Dev\Dev2.Server\Dev2.Server.csproj]
C:\Program Files\dotnet\sdk\10.0.201\Microsoft.Common.CurrentVersion.targets(2451,5): warning MSB3277:             C:\Users\ultra\warewolf\Dev\Warewolf.Logger\bin\Debug\net8.0\WarewolfLogger.dll [C:\Users\ultra\warewolf\Dev\Dev2.Server\Dev2.Server.csproj]
C:\Program Files\dotnet\sdk\10.0.201\Microsoft.Common.CurrentVersion.targets(2451,5): warning MSB3277:             C:\Users\ultra\warewolf\Dev\Warewolf.QueueWorker\bin\Debug\net8.0\QueueWorker.dll [C:\Users\ultra\warewolf\Dev\Dev2.Server\Dev2.Server.csproj]
C:\Program Files\dotnet\sdk\10.0.201\Microsoft.Common.CurrentVersion.targets(2451,5): warning MSB3277:             C:\Users\ultra\warewolf\Dev\Warewolf.Core\bin\Debug\net8.0\Warewolf.Core.dll [C:\Users\ultra\warewolf\Dev\Dev2.Server\Dev2.Server.csproj]
C:\Program Files\dotnet\sdk\10.0.201\Microsoft.Common.CurrentVersion.targets(2451,5): warning MSB3277:             C:\Users\ultra\warewolf\Dev\Warewolf.ResourceManagement\bin\Debug\net8.0\Warewolf.ResourceManagement.dll [C:\Users\ultra\warewolf\Dev\Dev2.Server\Dev2.Server.csproj]
C:\Program Files\dotnet\sdk\10.0.201\Microsoft.Common.CurrentVersion.targets(2451,5): warning MSB3277:             C:\Users\ultra\warewolf\Dev\Warewolf.Trigger.Queue\bin\Debug\net8.0\Warewolf.Trigger.Queue.dll [C:\Users\ultra\warewolf\Dev\Dev2.Server\Dev2.Server.csproj]
C:\Program Files\dotnet\sdk\10.0.201\Microsoft.Common.CurrentVersion.targets(2451,5): warning MSB3277:             C:\Users\ultra\warewolf\Dev\Dev2.Intellisense\bin\Debug\net8.0\Dev2.Intellisense.dll [C:\Users\ultra\warewolf\Dev\Dev2.Server\Dev2.Server.csproj]
C:\Program Files\dotnet\sdk\10.0.201\Microsoft.Common.CurrentVersion.targets(2451,5): warning MSB3277:             C:\Users\ultra\warewolf\Dev\Dev2.Studio.Core\bin\Debug\net8.0\Dev2.Studio.Core.dll [C:\Users\ultra\warewolf\Dev\Dev2.Server\Dev2.Server.csproj]
C:\Program Files\dotnet\sdk\10.0.201\Microsoft.Common.CurrentVersion.targets(2451,5): warning MSB3277:             C:\Users\ultra\warewolf\Dev\Dev2.Studio.Interfaces\bin\Debug\net8.0\Dev2.Studio.Interfaces.dll [C:\Users\ultra\warewolf\Dev\Dev2.Server\Dev2.Server.csproj]
C:\Program Files\dotnet\sdk\10.0.201\Microsoft.Common.CurrentVersion.targets(2451,5): warning MSB3277:             C:\Users\ultra\warewolf\Dev\Warewolf.Common.Framework48\bin\Debug\net8.0\Warewolf.Common.Framework48.dll [C:\Users\ultra\warewolf\Dev\Dev2.Server\Dev2.Server.csproj]
C:\Program Files\dotnet\sdk\10.0.201\Microsoft.Common.CurrentVersion.targets(2451,5): warning MSB3277:             C:\Users\ultra\warewolf\Dev\Warewolf.Common.NetStandard20\bin\Debug\net8.0\Warewolf.Common.NetStandard20.dll [C:\Users\ultra\warewolf\Dev\Dev2.Server\Dev2.Server.csproj]
C:\Program Files\dotnet\sdk\10.0.201\Microsoft.Common.CurrentVersion.targets(2451,5): warning MSB3277:             C:\Users\ultra\warewolf\Dev\Warewolf.Driver.Persistence\bin\Debug\net8.0\Warewolf.Driver.Persistence.dll [C:\Users\ultra\warewolf\Dev\Dev2.Server\Dev2.Server.csproj]
C:\Program Files\dotnet\sdk\10.0.201\Microsoft.Common.CurrentVersion.targets(2451,5): warning MSB3277:             C:\Users\ultra\warewolf\Dev\Warewolf.Exchange.Email.Wrapper\bin\Debug\net8.0\Warewolf.Exchange.Email.Wrapper.dll [C:\Users\ultra\warewolf\Dev\Dev2.Server\Dev2.Server.csproj]
C:\Program Files\dotnet\sdk\10.0.201\Microsoft.Common.CurrentVersion.targets(2451,5): warning MSB3277:             C:\Users\ultra\warewolf\Dev\Warewolf.Studio.Core\bin\Debug\net8.0\Warewolf.Studio.Core.dll [C:\Users\ultra\warewolf\Dev\Dev2.Server\Dev2.Server.csproj]
C:\Program Files\dotnet\sdk\10.0.201\Microsoft.Common.CurrentVersion.targets(2451,5): warning MSB3277:             C:\Users\ultra\warewolf\Dev\Warewolf.UI\bin\Debug\net8.0\Warewolf.UI.dll [C:\Users\ultra\warewolf\Dev\Dev2.Server\Dev2.Server.csproj]
C:\Program Files\dotnet\sdk\10.0.201\Microsoft.Common.CurrentVersion.targets(2451,5): warning MSB3277:             C:\Users\ultra\.nuget\packages\dotnetzip\1.16.0\lib\netstandard2.0\DotNetZip.dll [C:\Users\ultra\warewolf\Dev\Dev2.Server\Dev2.Server.csproj]
C:\Program Files\dotnet\sdk\10.0.201\Microsoft.Common.CurrentVersion.targets(2451,5): warning MSB3277:             C:\Users\ultra\warewolf\Dev\Dev2.Common\bin\Debug\net8.0\Dev2.Common.dll [C:\Users\ultra\warewolf\Dev\Dev2.Server\Dev2.Server.csproj]
C:\Program Files\dotnet\sdk\10.0.201\Microsoft.Common.CurrentVersion.targets(2451,5): warning MSB3277:             C:\Users\ultra\warewolf\Dev\Dev2.Development.Languages\bin\Debug\net8.0\Dev2.Development.Languages.dll [C:\Users\ultra\warewolf\Dev\Dev2.Server\Dev2.Server.csproj]
C:\Program Files\dotnet\sdk\10.0.201\Microsoft.Common.CurrentVersion.targets(2451,5): warning MSB3277:             C:\Users\ultra\warewolf\Dev\Dev2.Diagnostics\bin\Debug\net8.0\Dev2.Diagnostics.dll [C:\Users\ultra\warewolf\Dev\Dev2.Server\Dev2.Server.csproj]
C:\Program Files\dotnet\sdk\10.0.201\Microsoft.Common.CurrentVersion.targets(2451,5): warning MSB3277:             C:\Users\ultra\warewolf\Dev\Dev2.Infrastructure\bin\Debug\net8.0\Dev2.Infrastructure.dll [C:\Users\ultra\warewolf\Dev\Dev2.Server\Dev2.Server.csproj]
C:\Program Files\dotnet\sdk\10.0.201\Microsoft.Common.CurrentVersion.targets(2451,5): warning MSB3277:             C:\Users\ultra\warewolf\Dev\Dev2.Util\bin\Debug\net8.0\Dev2.Util.dll [C:\Users\ultra\warewolf\Dev\Dev2.Server\Dev2.Server.csproj]
C:\Program Files\dotnet\sdk\10.0.201\Microsoft.Common.CurrentVersion.targets(2451,5): warning MSB3277:             C:\Users\ultra\warewolf\Dev\Warewolf.PerfMon\bin\Debug\net8.0\Warewolf.PerfMon.dll [C:\Users\ultra\warewolf\Dev\Dev2.Server\Dev2.Server.csproj]
C:\Program Files\dotnet\sdk\10.0.201\Microsoft.Common.CurrentVersion.targets(2451,5): warning MSB3277:             C:\Users\ultra\warewolf\Dev\Warewolf.Sharepoint\bin\Debug\net8.0\Warewolf.Sharepoint.dll [C:\Users\ultra\warewolf\Dev\Dev2.Server\Dev2.Server.csproj]
C:\Program Files\dotnet\sdk\10.0.201\Microsoft.Common.CurrentVersion.targets(2451,5): warning MSB3277:             C:\Users\ultra\warewolf\Dev\Warewolf.Storage\bin\Debug\net8.0\Warewolf.Storage.dll [C:\Users\ultra\warewolf\Dev\Dev2.Server\Dev2.Server.csproj]
C:\Program Files\dotnet\sdk\10.0.201\Microsoft.Common.CurrentVersion.targets(2451,5): warning MSB3277:             C:\Users\ultra\warewolf\Dev\Dev2.Data.Interfaces\bin\Debug\net8.0\Dev2.Data.Interfaces.dll [C:\Users\ultra\warewolf\Dev\Dev2.Server\Dev2.Server.csproj]
C:\Program Files\dotnet\sdk\10.0.201\Microsoft.Common.CurrentVersion.targets(2451,5): warning MSB3277:             C:\Users\ultra\warewolf\Dev\Dev2.Services.Sql\bin\Debug\net8.0\Dev2.Services.Sql.dll [C:\Users\ultra\warewolf\Dev\Dev2.Server\Dev2.Server.csproj]
C:\Program Files\dotnet\sdk\10.0.201\Microsoft.Common.CurrentVersion.targets(2451,5): warning MSB3277:             C:\Users\ultra\warewolf\Dev\Dev2.TaskScheduler.Wrappers\bin\Debug\net8.0\Dev2.TaskScheduler.Wrappers.dll [C:\Users\ultra\warewolf\Dev\Dev2.Server\Dev2.Server.csproj]
C:\Program Files\dotnet\sdk\10.0.201\Microsoft.Common.CurrentVersion.targets(2451,5): warning MSB3277:             C:\Users\ultra\warewolf\Dev\Warewolf.AI.Harness\bin\Debug\net8.0\Warewolf.AI.Harness.dll [C:\Users\ultra\warewolf\Dev\Dev2.Server\Dev2.Server.csproj]
C:\Program Files\dotnet\sdk\10.0.201\Microsoft.Common.CurrentVersion.targets(2451,5): warning MSB3277:             C:\Users\ultra\warewolf\Dev\Warewolf.Driver.Serilog\bin\Debug\net8.0\Warewolf.Driver.Serilog.dll [C:\Users\ultra\warewolf\Dev\Dev2.Server\Dev2.Server.csproj]
C:\Program Files\dotnet\sdk\10.0.201\Microsoft.Common.CurrentVersion.targets(2451,5): warning MSB3277:             C:\Users\ultra\.nuget\packages\mindbox.data.linq\5.0.0\lib\netstandard2.0\Mindbox.Data.Linq.dll [C:\Users\ultra\warewolf\Dev\Dev2.Server\Dev2.Server.csproj]
C:\Program Files\dotnet\sdk\10.0.201\Microsoft.Common.CurrentVersion.targets(2451,5): warning MSB3277:             C:\Users\ultra\.nuget\packages\mysql.data\8.4.0\lib\net8.0\MySql.Data.dll [C:\Users\ultra\warewolf\Dev\Dev2.Server\Dev2.Server.csproj]
C:\Program Files\dotnet\sdk\10.0.201\Microsoft.Common.CurrentVersion.targets(2451,5): warning MSB3277:             C:\Users\ultra\.nuget\packages\oracle.manageddataaccess.core\3.21.70\lib\netstandard2.1\Oracle.ManagedDataAccess.dll [C:\Users\ultra\warewolf\Dev\Dev2.Server\Dev2.Server.csproj]
C:\Program Files\dotnet\sdk\10.0.201\Microsoft.Common.CurrentVersion.targets(2451,5): warning MSB3277:             C:\Users\ultra\.nuget\packages\system.directoryservices\6.0.0\lib\net6.0\System.DirectoryServices.dll [C:\Users\ultra\warewolf\Dev\Dev2.Server\Dev2.Server.csproj]
C:\Program Files\dotnet\sdk\10.0.201\Microsoft.Common.CurrentVersion.targets(2451,5): warning MSB3277:             C:\Users\ultra\.nuget\packages\corewcf.primitives\1.2.1\lib\netstandard2.0\CoreWCF.Primitives.dll [C:\Users\ultra\warewolf\Dev\Dev2.Server\Dev2.Server.csproj]
C:\Program Files\dotnet\sdk\10.0.201\Microsoft.Common.CurrentVersion.targets(2451,5): warning MSB3277:             C:\Users\ultra\.nuget\packages\corewcf.http\1.2.1\lib\netstandard2.0\CoreWCF.Http.dll [C:\Users\ultra\warewolf\Dev\Dev2.Server\Dev2.Server.csproj]
C:\Program Files\dotnet\sdk\10.0.201\Microsoft.Common.CurrentVersion.targets(2451,5): warning MSB3277:             C:\Users\ultra\.nuget\packages\corewcf.nettcp\1.2.1\lib\netstandard2.0\CoreWCF.NetTcp.dll [C:\Users\ultra\warewolf\Dev\Dev2.Server\Dev2.Server.csproj]
C:\Program Files\dotnet\sdk\10.0.201\Microsoft.Common.CurrentVersion.targets(2451,5): warning MSB3277:             C:\Users\ultra\.nuget\packages\corewcf.webhttp\1.2.1\lib\netstandard2.0\CoreWCF.WebHttp.dll [C:\Users\ultra\warewolf\Dev\Dev2.Server\Dev2.Server.csproj]
C:\Program Files\dotnet\sdk\10.0.201\Microsoft.Common.CurrentVersion.targets(2451,5): warning MSB3277:             C:\Program Files\dotnet\packs\Microsoft.NETCore.App.Ref\8.0.25\ref/net8.0/System.Configuration.dll [C:\Users\ultra\warewolf\Dev\Dev2.Server\Dev2.Server.csproj]
C:\Program Files\dotnet\sdk\10.0.201\Microsoft.Common.CurrentVersion.targets(2451,5): warning MSB3277:             C:\Users\ultra\.nuget\packages\prism.wpf\9.0.537\lib\net462\Prism.Wpf.dll [C:\Users\ultra\warewolf\Dev\Dev2.Server\Dev2.Server.csproj]
C:\Program Files\dotnet\sdk\10.0.201\Microsoft.Common.CurrentVersion.targets(2451,5): warning MSB3277:             C:\Program Files\dotnet\packs\Microsoft.NETCore.App.Ref\8.0.25\ref/net8.0/System.Data.dll [C:\Users\ultra\warewolf\Dev\Dev2.Server\Dev2.Server.csproj]
C:\Program Files\dotnet\sdk\10.0.201\Microsoft.Common.CurrentVersion.targets(2451,5): warning MSB3277:             C:\Users\ultra\.nuget\packages\taskschedulereditor\2.10.1\lib\net452\Microsoft.Win32.TaskSchedulerEditor.dll [C:\Users\ultra\warewolf\Dev\Dev2.Server\Dev2.Server.csproj]
C:\Program Files\dotnet\sdk\10.0.201\Microsoft.Common.CurrentVersion.targets(2451,5): warning MSB3277:             C:\Program Files\dotnet\packs\Microsoft.NETCore.App.Ref\8.0.25\ref/net8.0/System.Drawing.dll [C:\Users\ultra\warewolf\Dev\Dev2.Server\Dev2.Server.csproj]
C:\Program Files\dotnet\sdk\10.0.201\Microsoft.Common.CurrentVersion.targets(2451,5): warning MSB3277:             C:\Users\ultra\.nuget\packages\aerowizard\2.3.1\lib\net45\AeroWizard.dll [C:\Users\ultra\warewolf\Dev\Dev2.Server\Dev2.Server.csproj]
C:\Program Files\dotnet\sdk\10.0.201\Microsoft.Common.CurrentVersion.targets(2451,5): warning MSB3277:             C:\Users\ultra\.nuget\packages\groupcontrols\1.9.0\lib\net45\GroupControls.dll [C:\Users\ultra\warewolf\Dev\Dev2.Server\Dev2.Server.csproj]
C:\Program Files\dotnet\sdk\10.0.201\Microsoft.Common.CurrentVersion.targets(2451,5): warning MSB3277:             C:\Program Files\dotnet\packs\Microsoft.NETCore.App.Ref\8.0.25\ref/net8.0/System.Net.dll [C:\Users\ultra\warewolf\Dev\Dev2.Server\Dev2.Server.csproj]
C:\Program Files\dotnet\sdk\10.0.201\Microsoft.Common.CurrentVersion.targets(2451,5): warning MSB3277:             C:\Program Files\dotnet\packs\Microsoft.NETCore.App.Ref\8.0.25\ref/net8.0/System.Security.dll [C:\Users\ultra\warewolf\Dev\Dev2.Server\Dev2.Server.csproj]
C:\Program Files\dotnet\sdk\10.0.201\Microsoft.Common.CurrentVersion.targets(2451,5): warning MSB3277:             C:\Program Files\dotnet\packs\Microsoft.NETCore.App.Ref\8.0.25\ref/net8.0/System.ServiceProcess.dll [C:\Users\ultra\warewolf\Dev\Dev2.Server\Dev2.Server.csproj]
C:\Program Files\dotnet\sdk\10.0.201\Microsoft.Common.CurrentVersion.targets(2451,5): warning MSB3277:             C:\Program Files\dotnet\packs\Microsoft.NETCore.App.Ref\8.0.25\ref/net8.0/System.Transactions.dll [C:\Users\ultra\warewolf\Dev\Dev2.Server\Dev2.Server.csproj]
C:\Program Files\dotnet\sdk\10.0.201\Microsoft.Common.CurrentVersion.targets(2451,5): warning MSB3277:             C:\Program Files\dotnet\packs\Microsoft.NETCore.App.Ref\8.0.25\ref/net8.0/System.dll [C:\Users\ultra\warewolf\Dev\Dev2.Server\Dev2.Server.csproj]
C:\Program Files\dotnet\sdk\10.0.201\Microsoft.Common.CurrentVersion.targets(2451,5): warning MSB3277:             C:\Users\ultra\.nuget\packages\microsoft.xaml.behaviors.wpf\1.1.122\lib\net462\Microsoft.Xaml.Behaviors.dll [C:\Users\ultra\warewolf\Dev\Dev2.Server\Dev2.Server.csproj]
C:\Program Files\dotnet\sdk\10.0.201\Microsoft.Common.CurrentVersion.targets(2451,5): warning MSB3277:             C:\Users\ultra\.nuget\packages\caliburn.micro\4.0.212\lib\netcoreapp3.1\Caliburn.Micro.Platform.dll [C:\Users\ultra\warewolf\Dev\Dev2.Server\Dev2.Server.csproj]
C:\Program Files\dotnet\sdk\10.0.201\Microsoft.Common.CurrentVersion.targets(2451,5): warning MSB3277:             C:\Users\ultra\.nuget\packages\reactiveui.wpf\18.4.1\lib\net462\ReactiveUI.Wpf.dll [C:\Users\ultra\warewolf\Dev\Dev2.Server\Dev2.Server.csproj]
C:\Program Files\dotnet\sdk\10.0.201\Microsoft.Common.CurrentVersion.targets(2451,5): warning MSB3277:             C:\Users\ultra\.nuget\packages\ttcue.netcore.sharepointonline.csom.16.1.8029.1200\16.1.8029.1200\lib\netcoreapp2.0\Microsoft.SharePoint.Client.Runtime.Windows.dll [C:\Users\ultra\warewolf\Dev\Dev2.Server\Dev2.Server.csproj]
C:\Program Files\dotnet\sdk\10.0.201\Microsoft.Common.CurrentVersion.targets(2451,5): warning MSB3277:             C:\Program Files\dotnet\packs\Microsoft.NETCore.App.Ref\8.0.25\ref/net8.0/WindowsBase.dll [C:\Users\ultra\warewolf\Dev\Dev2.Server\Dev2.Server.csproj]
C:\Program Files\dotnet\sdk\10.0.201\Microsoft.Common.CurrentVersion.targets(2451,5): warning MSB3277:             C:\Program Files\dotnet\packs\Microsoft.NETCore.App.Ref\8.0.25\ref/net8.0/mscorlib.dll [C:\Users\ultra\warewolf\Dev\Dev2.Server\Dev2.Server.csproj]
C:\Program Files\dotnet\sdk\10.0.201\Microsoft.Common.CurrentVersion.targets(2451,5): warning MSB3277:             Warewolf.Usage, Version=1.0.0.0, Culture=neutral, PublicKeyToken=null [C:\Users\ultra\warewolf\Dev\Dev2.Server\Dev2.Server.csproj]
C:\Program Files\dotnet\sdk\10.0.201\Microsoft.Common.CurrentVersion.targets(2451,5): warning MSB3277:             C:\Users\ultra\.nuget\packages\hangfire.core\1.7.32\lib\netstandard2.0\Hangfire.Core.dll [C:\Users\ultra\warewolf\Dev\Dev2.Server\Dev2.Server.csproj]
C:\Program Files\dotnet\sdk\10.0.201\Microsoft.Common.CurrentVersion.targets(2451,5): warning MSB3277:             C:\Users\ultra\.nuget\packages\hangfire.aspnetcore\1.7.32\lib\netcoreapp3.0\Hangfire.AspNetCore.dll [C:\Users\ultra\warewolf\Dev\Dev2.Server\Dev2.Server.csproj]
C:\Program Files\dotnet\sdk\10.0.201\Microsoft.Common.CurrentVersion.targets(2451,5): warning MSB3277:             C:\Users\ultra\.nuget\packages\hangfire.sqlserver\1.7.32\lib\netstandard2.0\Hangfire.SqlServer.dll [C:\Users\ultra\warewolf\Dev\Dev2.Server\Dev2.Server.csproj]
C:\Program Files\dotnet\sdk\10.0.201\Microsoft.Common.CurrentVersion.targets(2451,5): warning MSB3277:         C:\Program Files\dotnet\packs\Microsoft.NETCore.App.Ref\8.0.25\ref\net8.0\System.Drawing.dll [C:\Users\ultra\warewolf\Dev\Dev2.Server\Dev2.Server.csproj]
C:\Program Files\dotnet\sdk\10.0.201\Microsoft.Common.CurrentVersion.targets(2451,5): warning MSB3277:           Project file item includes which caused reference "C:\Program Files\dotnet\packs\Microsoft.NETCore.App.Ref\8.0.25\ref\net8.0\System.Drawing.dll". [C:\Users\ultra\warewolf\Dev\Dev2.Server\Dev2.Server.csproj]
C:\Program Files\dotnet\sdk\10.0.201\Microsoft.Common.CurrentVersion.targets(2451,5): warning MSB3277:             C:\Program Files\dotnet\packs\Microsoft.NETCore.App.Ref\8.0.25\ref/net8.0/System.Drawing.dll [C:\Users\ultra\warewolf\Dev\Dev2.Server\Dev2.Server.csproj]
C:\Program Files\dotnet\sdk\10.0.201\Microsoft.Common.CurrentVersion.targets(2451,5): warning MSB3277:             C:\Users\ultra\.nuget\packages\aerowizard\2.3.1\lib\net45\AeroWizard.dll [C:\Users\ultra\warewolf\Dev\Dev2.Server\Dev2.Server.csproj]
C:\Program Files\dotnet\sdk\10.0.201\Microsoft.Common.CurrentVersion.targets(2451,5): warning MSB3277:             C:\Users\ultra\.nuget\packages\groupcontrols\1.9.0\lib\net45\GroupControls.dll [C:\Users\ultra\warewolf\Dev\Dev2.Server\Dev2.Server.csproj]
C:\Program Files\dotnet\sdk\10.0.201\Microsoft.Common.CurrentVersion.targets(2451,5): warning MSB3277:             C:\Users\ultra\.nuget\packages\taskschedulereditor\2.10.1\lib\net452\Microsoft.Win32.TaskSchedulerEditor.dll [C:\Users\ultra\warewolf\Dev\Dev2.Server\Dev2.Server.csproj]
  Dev2.Activities.Designers -> C:\Users\ultra\warewolf\Dev\Dev2.Activities.Designers\bin\Debug\net8.0\Dev2.Activities.Designers.dll
  Warewolf.Studio.Themes.Luna -> C:\Users\ultra\warewolf\Bin\ServerTests-Windows\
  Warewolf.MergeParser.Tests -> C:\Users\ultra\warewolf\Dev\Warewolf.MergeParser.Tests\bin\Debug\net8.0\Warewolf.MergeParser.Tests.dll
  Warewolf.Execution.Lightweight.Tests -> C:\Users\ultra\warewolf\Dev\Warewolf.Execution.Lightweight.Tests\bin\Debug\net8.0\Warewolf.Execution.Lightweight.Tests.dll
C:\Users\ultra\warewolf\Dev\Dev2.Server\Startup.cs(59,95): warning CC0004: Empty Catch Block. (https://code-cracker.github.io/diagnostics/CC0004.html) [C:\Users\ultra\warewolf\Dev\Dev2.Server\Dev2.Server.csproj]
C:\Users\ultra\warewolf\Dev\Warewolf.UnitTestAttributes\Depends.cs(587,5): warning SYSLIB0014: 'WebClient.WebClient()' is obsolete: 'WebRequest, HttpWebRequest, ServicePoint, and WebClient are obsolete. Use HttpClient instead.' (https://aka.ms/dotnet-warnings/SYSLIB0014) [C:\Users\ultra\warewolf\Dev\Dev2.Infrastructure.Tests\Dev2.Infrastructure.Tests.csproj]
C:\Users\ultra\warewolf\Dev\Warewolf.UnitTestAttributes\Depends.cs(309,33): warning SYSLIB0014: 'WebClient.WebClient()' is obsolete: 'WebRequest, HttpWebRequest, ServicePoint, and WebClient are obsolete. Use HttpClient instead.' (https://aka.ms/dotnet-warnings/SYSLIB0014) [C:\Users\ultra\warewolf\Dev\Dev2.Infrastructure.Tests\Dev2.Infrastructure.Tests.csproj]
C:\Users\ultra\warewolf\Dev\Warewolf.UnitTestAttributes\Depends.cs(523,30): warning SYSLIB0014: 'WebClient.WebClient()' is obsolete: 'WebRequest, HttpWebRequest, ServicePoint, and WebClient are obsolete. Use HttpClient instead.' (https://aka.ms/dotnet-warnings/SYSLIB0014) [C:\Users\ultra\warewolf\Dev\Dev2.Infrastructure.Tests\Dev2.Infrastructure.Tests.csproj]
C:\Users\ultra\warewolf\Dev\Dev2.Infrastructure.Tests\MoqInstallerActions\IntallerActionsForDevelopmentTest.cs(67,57): warning CA1416: This call site is reachable on all platforms. 'WindowsIdentity.Name' is only supported on: 'windows'. (https://learn.microsoft.com/dotnet/fundamentals/code-analysis/quality-rules/ca1416) [C:\Users\ultra\warewolf\Dev\Dev2.Infrastructure.Tests\Dev2.Infrastructure.Tests.csproj]
C:\Users\ultra\warewolf\Dev\Dev2.Infrastructure.Tests\MoqInstallerActions\IntallerActionsForDevelopmentTest.cs(40,57): warning CA1416: This call site is reachable on all platforms. 'WindowsIdentity.Name' is only supported on: 'windows'. (https://learn.microsoft.com/dotnet/fundamentals/code-analysis/quality-rules/ca1416) [C:\Users\ultra\warewolf\Dev\Dev2.Infrastructure.Tests\Dev2.Infrastructure.Tests.csproj]
C:\Users\ultra\warewolf\Dev\Dev2.Infrastructure.Tests\MoqInstallerActions\IntallerActionsForDevelopmentTest.cs(57,31): warning CA1416: This call site is reachable on all platforms. 'WindowsIdentity.GetCurrent(bool)' is only supported on: 'windows'. (https://learn.microsoft.com/dotnet/fundamentals/code-analysis/quality-rules/ca1416) [C:\Users\ultra\warewolf\Dev\Dev2.Infrastructure.Tests\Dev2.Infrastructure.Tests.csproj]
C:\Users\ultra\warewolf\Dev\Dev2.Infrastructure.Tests\MoqInstallerActions\IntallerActionsForDevelopmentTest.cs(30,31): warning CA1416: This call site is reachable on all platforms. 'WindowsIdentity.GetCurrent(bool)' is only supported on: 'windows'. (https://learn.microsoft.com/dotnet/fundamentals/code-analysis/quality-rules/ca1416) [C:\Users\ultra\warewolf\Dev\Dev2.Infrastructure.Tests\Dev2.Infrastructure.Tests.csproj]
  Dev2.Runtime.WebServer.Tests -> C:\Users\ultra\warewolf\Dev\Dev2.Runtime.WebServer.Tests\bin\Debug\net8.0\Dev2.Runtime.WebServer.Tests.dll
  Warewolf.MergeParser.Tests -> C:\Users\ultra\warewolf\Bin\ServerTests-Windows\
  Warewolf.Execution.Lightweight.Tests -> C:\Users\ultra\warewolf\Bin\ServerTests-Windows\
C:\Program Files\dotnet\sdk\10.0.201\Sdks\Microsoft.NET.Sdk\targets\Microsoft.NET.Sdk.targets(308,5): warning NETSDK1206: Found version-specific or distribution-specific runtime identifier(s): win10-x64, win10-x86, win7-x64, win7-x86, win8-x64, win8-x86, win81-x64, win81-x86. Affected libraries: Microsoft.Management.Infrastructure.Runtime.Win, SQLite. In .NET 8.0 and higher, assets for version-specific and distribution-specific runtime identifiers will not be found by default. See https://aka.ms/dotnet/rid-usage for details. [C:\Users\ultra\warewolf\Dev\Dev2.Infrastructure.Tests\Dev2.Infrastructure.Tests.csproj]
  Dev2.Infrastructure.Tests -> C:\Users\ultra\warewolf\Dev\Dev2.Infrastructure.Tests\bin\Debug\net8.0\Dev2.Infrastructure.Tests.dll
  Dev2.Activities.Designers -> C:\Users\ultra\warewolf\Bin\ServerTests-Windows\
  Dev2.Runtime.WebServer.Tests -> C:\Users\ultra\warewolf\Bin\ServerTests-Windows\
  Dev2.Infrastructure.Tests -> C:\Users\ultra\warewolf\Bin\ServerTests-Windows\
C:\Program Files\dotnet\sdk\10.0.201\Microsoft.Common.CurrentVersion.targets(2451,5): warning MSB3277: Found conflicts between different versions of "WindowsBase" that could not be resolved. [C:\Users\ultra\warewolf\Dev\Dev2.Common.Tests\Dev2.Common.Tests.csproj]
C:\Program Files\dotnet\sdk\10.0.201\Microsoft.Common.CurrentVersion.targets(2451,5): warning MSB3277: There was a conflict between "WindowsBase, Version=4.0.0.0, Culture=neutral, PublicKeyToken=31bf3856ad364e35" and "WindowsBase, Version=6.0.2.0, Culture=neutral, PublicKeyToken=31bf3856ad364e35". [C:\Users\ultra\warewolf\Dev\Dev2.Common.Tests\Dev2.Common.Tests.csproj]
C:\Program Files\dotnet\sdk\10.0.201\Microsoft.Common.CurrentVersion.targets(2451,5): warning MSB3277:     "WindowsBase, Version=4.0.0.0, Culture=neutral, PublicKeyToken=31bf3856ad364e35" was chosen because it was primary and "WindowsBase, Version=6.0.2.0, Culture=neutral, PublicKeyToken=31bf3856ad364e35" was not. [C:\Users\ultra\warewolf\Dev\Dev2.Common.Tests\Dev2.Common.Tests.csproj]
C:\Program Files\dotnet\sdk\10.0.201\Microsoft.Common.CurrentVersion.targets(2451,5): warning MSB3277:     References which depend on "WindowsBase, Version=4.0.0.0, Culture=neutral, PublicKeyToken=31bf3856ad364e35" [C:\Program Files\dotnet\packs\Microsoft.NETCore.App.Ref\8.0.25\ref\net8.0\WindowsBase.dll]. [C:\Users\ultra\warewolf\Dev\Dev2.Common.Tests\Dev2.Common.Tests.csproj]
C:\Program Files\dotnet\sdk\10.0.201\Microsoft.Common.CurrentVersion.targets(2451,5): warning MSB3277:         C:\Program Files\dotnet\packs\Microsoft.NETCore.App.Ref\8.0.25\ref\net8.0\WindowsBase.dll [C:\Users\ultra\warewolf\Dev\Dev2.Common.Tests\Dev2.Common.Tests.csproj]
C:\Program Files\dotnet\sdk\10.0.201\Microsoft.Common.CurrentVersion.targets(2451,5): warning MSB3277:           Project file item includes which caused reference "C:\Program Files\dotnet\packs\Microsoft.NETCore.App.Ref\8.0.25\ref\net8.0\WindowsBase.dll". [C:\Users\ultra\warewolf\Dev\Dev2.Common.Tests\Dev2.Common.Tests.csproj]
C:\Program Files\dotnet\sdk\10.0.201\Microsoft.Common.CurrentVersion.targets(2451,5): warning MSB3277:             C:\Program Files\dotnet\packs\Microsoft.NETCore.App.Ref\8.0.25\ref/net8.0/WindowsBase.dll [C:\Users\ultra\warewolf\Dev\Dev2.Common.Tests\Dev2.Common.Tests.csproj]
C:\Program Files\dotnet\sdk\10.0.201\Microsoft.Common.CurrentVersion.targets(2451,5): warning MSB3277:     References which depend on or have been unified to "WindowsBase, Version=6.0.2.0, Culture=neutral, PublicKeyToken=31bf3856ad364e35" []. [C:\Users\ultra\warewolf\Dev\Dev2.Common.Tests\Dev2.Common.Tests.csproj]
C:\Program Files\dotnet\sdk\10.0.201\Microsoft.Common.CurrentVersion.targets(2451,5): warning MSB3277:         C:\Users\ultra\.nuget\packages\caliburn.micro\4.0.212\lib\netcoreapp3.1\Caliburn.Micro.Platform.dll [C:\Users\ultra\warewolf\Dev\Dev2.Common.Tests\Dev2.Common.Tests.csproj]
C:\Program Files\dotnet\sdk\10.0.201\Microsoft.Common.CurrentVersion.targets(2451,5): warning MSB3277:           Project file item includes which caused reference "C:\Users\ultra\.nuget\packages\caliburn.micro\4.0.212\lib\netcoreapp3.1\Caliburn.Micro.Platform.dll". [C:\Users\ultra\warewolf\Dev\Dev2.Common.Tests\Dev2.Common.Tests.csproj]
C:\Program Files\dotnet\sdk\10.0.201\Microsoft.Common.CurrentVersion.targets(2451,5): warning MSB3277:             C:\Users\ultra\.nuget\packages\caliburn.micro\4.0.212\lib\netcoreapp3.1\Caliburn.Micro.Platform.dll [C:\Users\ultra\warewolf\Dev\Dev2.Common.Tests\Dev2.Common.Tests.csproj]
C:\Program Files\dotnet\sdk\10.0.201\Microsoft.Common.CurrentVersion.targets(2451,5): warning MSB3277:         C:\Users\ultra\.nuget\packages\ironpython\3.4.0\lib\net6.0\IronPython.Wpf.dll [C:\Users\ultra\warewolf\Dev\Dev2.Common.Tests\Dev2.Common.Tests.csproj]
C:\Program Files\dotnet\sdk\10.0.201\Microsoft.Common.CurrentVersion.targets(2451,5): warning MSB3277:           Project file item includes which caused reference "C:\Users\ultra\.nuget\packages\ironpython\3.4.0\lib\net6.0\IronPython.Wpf.dll". [C:\Users\ultra\warewolf\Dev\Dev2.Common.Tests\Dev2.Common.Tests.csproj]
C:\Program Files\dotnet\sdk\10.0.201\Microsoft.Common.CurrentVersion.targets(2451,5): warning MSB3277:             C:\Users\ultra\.nuget\packages\ironpython\3.4.0\lib\net6.0\IronPython.Wpf.dll [C:\Users\ultra\warewolf\Dev\Dev2.Common.Tests\Dev2.Common.Tests.csproj]
C:\Program Files\dotnet\sdk\10.0.201\Microsoft.Common.CurrentVersion.targets(2451,5): warning MSB3277:         C:\Users\ultra\.nuget\packages\microsoft.xaml.behaviors.wpf\1.1.122\lib\net462\Microsoft.Xaml.Behaviors.dll [C:\Users\ultra\warewolf\Dev\Dev2.Common.Tests\Dev2.Common.Tests.csproj]
C:\Program Files\dotnet\sdk\10.0.201\Microsoft.Common.CurrentVersion.targets(2451,5): warning MSB3277:           Project file item includes which caused reference "C:\Users\ultra\.nuget\packages\microsoft.xaml.behaviors.wpf\1.1.122\lib\net462\Microsoft.Xaml.Behaviors.dll". [C:\Users\ultra\warewolf\Dev\Dev2.Common.Tests\Dev2.Common.Tests.csproj]
C:\Program Files\dotnet\sdk\10.0.201\Microsoft.Common.CurrentVersion.targets(2451,5): warning MSB3277:             C:\Users\ultra\.nuget\packages\microsoft.xaml.behaviors.wpf\1.1.122\lib\net462\Microsoft.Xaml.Behaviors.dll [C:\Users\ultra\warewolf\Dev\Dev2.Common.Tests\Dev2.Common.Tests.csproj]
C:\Program Files\dotnet\sdk\10.0.201\Microsoft.Common.CurrentVersion.targets(2451,5): warning MSB3277:             C:\Users\ultra\.nuget\packages\caliburn.micro\4.0.212\lib\netcoreapp3.1\Caliburn.Micro.Platform.dll [C:\Users\ultra\warewolf\Dev\Dev2.Common.Tests\Dev2.Common.Tests.csproj]
C:\Program Files\dotnet\sdk\10.0.201\Microsoft.Common.CurrentVersion.targets(2451,5): warning MSB3277:             C:\Users\ultra\.nuget\packages\prism.wpf\9.0.537\lib\net462\Prism.Wpf.dll [C:\Users\ultra\warewolf\Dev\Dev2.Common.Tests\Dev2.Common.Tests.csproj]
C:\Program Files\dotnet\sdk\10.0.201\Microsoft.Common.CurrentVersion.targets(2451,5): warning MSB3277:         C:\Users\ultra\.nuget\packages\prism.wpf\9.0.537\lib\net462\Prism.Wpf.dll [C:\Users\ultra\warewolf\Dev\Dev2.Common.Tests\Dev2.Common.Tests.csproj]
C:\Program Files\dotnet\sdk\10.0.201\Microsoft.Common.CurrentVersion.targets(2451,5): warning MSB3277:           Project file item includes which caused reference "C:\Users\ultra\.nuget\packages\prism.wpf\9.0.537\lib\net462\Prism.Wpf.dll". [C:\Users\ultra\warewolf\Dev\Dev2.Common.Tests\Dev2.Common.Tests.csproj]
C:\Program Files\dotnet\sdk\10.0.201\Microsoft.Common.CurrentVersion.targets(2451,5): warning MSB3277:             C:\Users\ultra\.nuget\packages\prism.wpf\9.0.537\lib\net462\Prism.Wpf.dll [C:\Users\ultra\warewolf\Dev\Dev2.Common.Tests\Dev2.Common.Tests.csproj]
C:\Program Files\dotnet\sdk\10.0.201\Microsoft.Common.CurrentVersion.targets(2451,5): warning MSB3277:         C:\Users\ultra\.nuget\packages\reactiveui.wpf\18.4.1\lib\net462\ReactiveUI.Wpf.dll [C:\Users\ultra\warewolf\Dev\Dev2.Common.Tests\Dev2.Common.Tests.csproj]
C:\Program Files\dotnet\sdk\10.0.201\Microsoft.Common.CurrentVersion.targets(2451,5): warning MSB3277:           Project file item includes which caused reference "C:\Users\ultra\.nuget\packages\reactiveui.wpf\18.4.1\lib\net462\ReactiveUI.Wpf.dll". [C:\Users\ultra\warewolf\Dev\Dev2.Common.Tests\Dev2.Common.Tests.csproj]
C:\Program Files\dotnet\sdk\10.0.201\Microsoft.Common.CurrentVersion.targets(2451,5): warning MSB3277:             C:\Users\ultra\.nuget\packages\reactiveui.wpf\18.4.1\lib\net462\ReactiveUI.Wpf.dll [C:\Users\ultra\warewolf\Dev\Dev2.Common.Tests\Dev2.Common.Tests.csproj]
C:\Program Files\dotnet\sdk\10.0.201\Microsoft.Common.CurrentVersion.targets(2451,5): warning MSB3277: Found conflicts between different versions of "System.Drawing.Common" that could not be resolved. [C:\Users\ultra\warewolf\Dev\Dev2.Common.Tests\Dev2.Common.Tests.csproj]
C:\Program Files\dotnet\sdk\10.0.201\Microsoft.Common.CurrentVersion.targets(2451,5): warning MSB3277: There was a conflict between "System.Drawing.Common, Version=6.0.0.0, Culture=neutral, PublicKeyToken=cc7b13ffcd2ddd51" and "System.Drawing.Common, Version=8.0.0.0, Culture=neutral, PublicKeyToken=cc7b13ffcd2ddd51". [C:\Users\ultra\warewolf\Dev\Dev2.Common.Tests\Dev2.Common.Tests.csproj]
C:\Program Files\dotnet\sdk\10.0.201\Microsoft.Common.CurrentVersion.targets(2451,5): warning MSB3277:     "System.Drawing.Common, Version=6.0.0.0, Culture=neutral, PublicKeyToken=cc7b13ffcd2ddd51" was chosen because it was primary and "System.Drawing.Common, Version=8.0.0.0, Culture=neutral, PublicKeyToken=cc7b13ffcd2ddd51" was not. [C:\Users\ultra\warewolf\Dev\Dev2.Common.Tests\Dev2.Common.Tests.csproj]
C:\Program Files\dotnet\sdk\10.0.201\Microsoft.Common.CurrentVersion.targets(2451,5): warning MSB3277:     References which depend on "System.Drawing.Common, Version=6.0.0.0, Culture=neutral, PublicKeyToken=cc7b13ffcd2ddd51" [C:\Users\ultra\.nuget\packages\system.drawing.common\6.0.0\lib\net6.0\System.Drawing.Common.dll]. [C:\Users\ultra\warewolf\Dev\Dev2.Common.Tests\Dev2.Common.Tests.csproj]
C:\Program Files\dotnet\sdk\10.0.201\Microsoft.Common.CurrentVersion.targets(2451,5): warning MSB3277:         C:\Users\ultra\.nuget\packages\system.drawing.common\6.0.0\lib\net6.0\System.Drawing.Common.dll [C:\Users\ultra\warewolf\Dev\Dev2.Common.Tests\Dev2.Common.Tests.csproj]
C:\Program Files\dotnet\sdk\10.0.201\Microsoft.Common.CurrentVersion.targets(2451,5): warning MSB3277:           Project file item includes which caused reference "C:\Users\ultra\.nuget\packages\system.drawing.common\6.0.0\lib\net6.0\System.Drawing.Common.dll". [C:\Users\ultra\warewolf\Dev\Dev2.Common.Tests\Dev2.Common.Tests.csproj]
C:\Program Files\dotnet\sdk\10.0.201\Microsoft.Common.CurrentVersion.targets(2451,5): warning MSB3277:             C:\Users\ultra\.nuget\packages\system.drawing.common\6.0.0\lib\net6.0\System.Drawing.Common.dll [C:\Users\ultra\warewolf\Dev\Dev2.Common.Tests\Dev2.Common.Tests.csproj]
C:\Program Files\dotnet\sdk\10.0.201\Microsoft.Common.CurrentVersion.targets(2451,5): warning MSB3277:     References which depend on or have been unified to "System.Drawing.Common, Version=8.0.0.0, Culture=neutral, PublicKeyToken=cc7b13ffcd2ddd51" []. [C:\Users\ultra\warewolf\Dev\Dev2.Common.Tests\Dev2.Common.Tests.csproj]
C:\Program Files\dotnet\sdk\10.0.201\Microsoft.Common.CurrentVersion.targets(2451,5): warning MSB3277:         C:\Users\ultra\.nuget\packages\servicestack\6.3.0\lib\net6.0\ServiceStack.dll [C:\Users\ultra\warewolf\Dev\Dev2.Common.Tests\Dev2.Common.Tests.csproj]
C:\Program Files\dotnet\sdk\10.0.201\Microsoft.Common.CurrentVersion.targets(2451,5): warning MSB3277:           Project file item includes which caused reference "C:\Users\ultra\.nuget\packages\servicestack\6.3.0\lib\net6.0\ServiceStack.dll". [C:\Users\ultra\warewolf\Dev\Dev2.Common.Tests\Dev2.Common.Tests.csproj]
C:\Program Files\dotnet\sdk\10.0.201\Microsoft.Common.CurrentVersion.targets(2451,5): warning MSB3277:             C:\Users\ultra\.nuget\packages\servicestack\6.3.0\lib\net6.0\ServiceStack.dll [C:\Users\ultra\warewolf\Dev\Dev2.Common.Tests\Dev2.Common.Tests.csproj]
C:\Program Files\dotnet\sdk\10.0.201\Microsoft.Common.CurrentVersion.targets(2451,5): warning MSB3277:         C:\Users\ultra\.nuget\packages\system.windows.extensions\8.0.0\lib\net8.0\System.Windows.Extensions.dll [C:\Users\ultra\warewolf\Dev\Dev2.Common.Tests\Dev2.Common.Tests.csproj]
C:\Program Files\dotnet\sdk\10.0.201\Microsoft.Common.CurrentVersion.targets(2451,5): warning MSB3277:           Project file item includes which caused reference "C:\Users\ultra\.nuget\packages\system.windows.extensions\8.0.0\lib\net8.0\System.Windows.Extensions.dll". [C:\Users\ultra\warewolf\Dev\Dev2.Common.Tests\Dev2.Common.Tests.csproj]
C:\Program Files\dotnet\sdk\10.0.201\Microsoft.Common.CurrentVersion.targets(2451,5): warning MSB3277:             C:\Users\ultra\.nuget\packages\system.windows.extensions\8.0.0\lib\net8.0\System.Windows.Extensions.dll [C:\Users\ultra\warewolf\Dev\Dev2.Common.Tests\Dev2.Common.Tests.csproj]
C:\Program Files\dotnet\sdk\10.0.201\Microsoft.Common.CurrentVersion.targets(2451,5): warning MSB3277:             C:\Users\ultra\.nuget\packages\system.security.permissions\8.0.0\lib\net8.0\System.Security.Permissions.dll [C:\Users\ultra\warewolf\Dev\Dev2.Common.Tests\Dev2.Common.Tests.csproj]
C:\Program Files\dotnet\sdk\10.0.201\Microsoft.Common.CurrentVersion.targets(2451,5): warning MSB3277:             C:\Users\ultra\warewolf\Dev\Dev2.Data\bin\Debug\net8.0\Dev2.Data.dll [C:\Users\ultra\warewolf\Dev\Dev2.Common.Tests\Dev2.Common.Tests.csproj]
C:\Program Files\dotnet\sdk\10.0.201\Microsoft.Common.CurrentVersion.targets(2451,5): warning MSB3277:             C:\Users\ultra\warewolf\Dev\Dev2.Activities\bin\Debug\net8.0\Dev2.Activities.dll [C:\Users\ultra\warewolf\Dev\Dev2.Common.Tests\Dev2.Common.Tests.csproj]
C:\Program Files\dotnet\sdk\10.0.201\Microsoft.Common.CurrentVersion.targets(2451,5): warning MSB3277:             C:\Users\ultra\warewolf\Dev\Dev2.Infrastructure.Tests\bin\Debug\net8.0\Dev2.Infrastructure.Tests.dll [C:\Users\ultra\warewolf\Dev\Dev2.Common.Tests\Dev2.Common.Tests.csproj]
C:\Program Files\dotnet\sdk\10.0.201\Microsoft.Common.CurrentVersion.targets(2451,5): warning MSB3277:             C:\Users\ultra\warewolf\Dev\Dev2.Runtime.Services\bin\Debug\net8.0\Dev2.Runtime.Services.dll [C:\Users\ultra\warewolf\Dev\Dev2.Common.Tests\Dev2.Common.Tests.csproj]
C:\Program Files\dotnet\sdk\10.0.201\Microsoft.Common.CurrentVersion.targets(2451,5): warning MSB3277:             C:\Users\ultra\warewolf\Dev\Dev2.Studio.Core\bin\Debug\net8.0\Dev2.Studio.Core.dll [C:\Users\ultra\warewolf\Dev\Dev2.Common.Tests\Dev2.Common.Tests.csproj]
C:\Program Files\dotnet\sdk\10.0.201\Microsoft.Common.CurrentVersion.targets(2451,5): warning MSB3277:             C:\Users\ultra\warewolf\Dev\Dev2.Core\bin\Debug\net8.0\Dev2.Core.dll [C:\Users\ultra\warewolf\Dev\Dev2.Common.Tests\Dev2.Common.Tests.csproj]
C:\Program Files\dotnet\sdk\10.0.201\Microsoft.Common.CurrentVersion.targets(2451,5): warning MSB3277:             C:\Users\ultra\warewolf\Dev\Dev2.Runtime\bin\Debug\net8.0\Dev2.Runtime.dll [C:\Users\ultra\warewolf\Dev\Dev2.Common.Tests\Dev2.Common.Tests.csproj]
C:\Program Files\dotnet\sdk\10.0.201\Microsoft.Common.CurrentVersion.targets(2451,5): warning MSB3277:             C:\Users\ultra\warewolf\Dev\Dev2.Runtime.WebServer\bin\Debug\net8.0\Dev2.Runtime.WebServer.dll [C:\Users\ultra\warewolf\Dev\Dev2.Common.Tests\Dev2.Common.Tests.csproj]
C:\Program Files\dotnet\sdk\10.0.201\Microsoft.Common.CurrentVersion.targets(2451,5): warning MSB3277:             C:\Users\ultra\warewolf\Dev\Dev2.Scheduler\bin\Debug\net8.0\Dev2.Scheduler.dll [C:\Users\ultra\warewolf\Dev\Dev2.Common.Tests\Dev2.Common.Tests.csproj]
C:\Program Files\dotnet\sdk\10.0.201\Microsoft.Common.CurrentVersion.targets(2451,5): warning MSB3277:             C:\Users\ultra\warewolf\Dev\Dev2.Services.Execution\bin\Debug\net8.0\Dev2.Services.Execution.dll [C:\Users\ultra\warewolf\Dev\Dev2.Common.Tests\Dev2.Common.Tests.csproj]
C:\Program Files\dotnet\sdk\10.0.201\Microsoft.Common.CurrentVersion.targets(2451,5): warning MSB3277:             C:\Users\ultra\warewolf\Dev\Dev2.Studio.Interfaces\bin\Debug\net8.0\Dev2.Studio.Interfaces.dll [C:\Users\ultra\warewolf\Dev\Dev2.Common.Tests\Dev2.Common.Tests.csproj]
C:\Program Files\dotnet\sdk\10.0.201\Microsoft.Common.CurrentVersion.targets(2451,5): warning MSB3277:             C:\Users\ultra\warewolf\Dev\Warewolf.Auditing\bin\Debug\net8.0\Warewolf.Auditing.dll [C:\Users\ultra\warewolf\Dev\Dev2.Common.Tests\Dev2.Common.Tests.csproj]
C:\Program Files\dotnet\sdk\10.0.201\Microsoft.Common.CurrentVersion.targets(2451,5): warning MSB3277:             C:\Users\ultra\warewolf\Dev\Warewolf.Common.Framework48\bin\Debug\net8.0\Warewolf.Common.Framework48.dll [C:\Users\ultra\warewolf\Dev\Dev2.Common.Tests\Dev2.Common.Tests.csproj]
C:\Program Files\dotnet\sdk\10.0.201\Microsoft.Common.CurrentVersion.targets(2451,5): warning MSB3277:             C:\Users\ultra\warewolf\Dev\Warewolf.Common.NetStandard20\bin\Debug\net8.0\Warewolf.Common.NetStandard20.dll [C:\Users\ultra\warewolf\Dev\Dev2.Common.Tests\Dev2.Common.Tests.csproj]
C:\Program Files\dotnet\sdk\10.0.201\Microsoft.Common.CurrentVersion.targets(2451,5): warning MSB3277:             C:\Users\ultra\warewolf\Dev\Warewolf.Core\bin\Debug\net8.0\Warewolf.Core.dll [C:\Users\ultra\warewolf\Dev\Dev2.Common.Tests\Dev2.Common.Tests.csproj]
C:\Program Files\dotnet\sdk\10.0.201\Microsoft.Common.CurrentVersion.targets(2451,5): warning MSB3277:             C:\Users\ultra\warewolf\Dev\Warewolf.Driver.Persistence\bin\Debug\net8.0\Warewolf.Driver.Persistence.dll [C:\Users\ultra\warewolf\Dev\Dev2.Common.Tests\Dev2.Common.Tests.csproj]
C:\Program Files\dotnet\sdk\10.0.201\Microsoft.Common.CurrentVersion.targets(2451,5): warning MSB3277:             C:\Users\ultra\warewolf\Dev\Warewolf.Exchange.Email.Wrapper\bin\Debug\net8.0\Warewolf.Exchange.Email.Wrapper.dll [C:\Users\ultra\warewolf\Dev\Dev2.Common.Tests\Dev2.Common.Tests.csproj]
C:\Program Files\dotnet\sdk\10.0.201\Microsoft.Common.CurrentVersion.targets(2451,5): warning MSB3277:             C:\Users\ultra\warewolf\Dev\Warewolf.ResourceManagement\bin\Debug\net8.0\Warewolf.ResourceManagement.dll [C:\Users\ultra\warewolf\Dev\Dev2.Common.Tests\Dev2.Common.Tests.csproj]
C:\Program Files\dotnet\sdk\10.0.201\Microsoft.Common.CurrentVersion.targets(2451,5): warning MSB3277:             C:\Users\ultra\warewolf\Dev\Warewolf.Studio.Core\bin\Debug\net8.0\Warewolf.Studio.Core.dll [C:\Users\ultra\warewolf\Dev\Dev2.Common.Tests\Dev2.Common.Tests.csproj]
C:\Program Files\dotnet\sdk\10.0.201\Microsoft.Common.CurrentVersion.targets(2451,5): warning MSB3277:             C:\Users\ultra\warewolf\Dev\Warewolf.Testing\bin\Debug\net8.0\Warewolf.Testing.dll [C:\Users\ultra\warewolf\Dev\Dev2.Common.Tests\Dev2.Common.Tests.csproj]
C:\Program Files\dotnet\sdk\10.0.201\Microsoft.Common.CurrentVersion.targets(2451,5): warning MSB3277:             C:\Users\ultra\.nuget\packages\dotnetzip\1.16.0\lib\netstandard2.0\DotNetZip.dll [C:\Users\ultra\warewolf\Dev\Dev2.Common.Tests\Dev2.Common.Tests.csproj]
C:\Program Files\dotnet\sdk\10.0.201\Microsoft.Common.CurrentVersion.targets(2451,5): warning MSB3277:             C:\Users\ultra\warewolf\Dev\Dev2.Common\bin\Debug\net8.0\Dev2.Common.dll [C:\Users\ultra\warewolf\Dev\Dev2.Common.Tests\Dev2.Common.Tests.csproj]
C:\Program Files\dotnet\sdk\10.0.201\Microsoft.Common.CurrentVersion.targets(2451,5): warning MSB3277:             C:\Users\ultra\warewolf\Dev\Dev2.Data.Interfaces\bin\Debug\net8.0\Dev2.Data.Interfaces.dll [C:\Users\ultra\warewolf\Dev\Dev2.Common.Tests\Dev2.Common.Tests.csproj]
C:\Program Files\dotnet\sdk\10.0.201\Microsoft.Common.CurrentVersion.targets(2451,5): warning MSB3277:             C:\Users\ultra\warewolf\Dev\Dev2.Diagnostics\bin\Debug\net8.0\Dev2.Diagnostics.dll [C:\Users\ultra\warewolf\Dev\Dev2.Common.Tests\Dev2.Common.Tests.csproj]
C:\Program Files\dotnet\sdk\10.0.201\Microsoft.Common.CurrentVersion.targets(2451,5): warning MSB3277:             C:\Users\ultra\warewolf\Dev\Dev2.Infrastructure\bin\Debug\net8.0\Dev2.Infrastructure.dll [C:\Users\ultra\warewolf\Dev\Dev2.Common.Tests\Dev2.Common.Tests.csproj]
C:\Program Files\dotnet\sdk\10.0.201\Microsoft.Common.CurrentVersion.targets(2451,5): warning MSB3277:             C:\Users\ultra\warewolf\Dev\Dev2.Development.Languages\bin\Debug\net8.0\Dev2.Development.Languages.dll [C:\Users\ultra\warewolf\Dev\Dev2.Common.Tests\Dev2.Common.Tests.csproj]
C:\Program Files\dotnet\sdk\10.0.201\Microsoft.Common.CurrentVersion.targets(2451,5): warning MSB3277:             C:\Users\ultra\warewolf\Dev\Dev2.Services.Sql\bin\Debug\net8.0\Dev2.Services.Sql.dll [C:\Users\ultra\warewolf\Dev\Dev2.Common.Tests\Dev2.Common.Tests.csproj]
C:\Program Files\dotnet\sdk\10.0.201\Microsoft.Common.CurrentVersion.targets(2451,5): warning MSB3277:             C:\Users\ultra\warewolf\Dev\Dev2.TaskScheduler.Wrappers\bin\Debug\net8.0\Dev2.TaskScheduler.Wrappers.dll [C:\Users\ultra\warewolf\Dev\Dev2.Common.Tests\Dev2.Common.Tests.csproj]
C:\Program Files\dotnet\sdk\10.0.201\Microsoft.Common.CurrentVersion.targets(2451,5): warning MSB3277:             C:\Users\ultra\warewolf\Dev\Dev2.Util\bin\Debug\net8.0\Dev2.Util.dll [C:\Users\ultra\warewolf\Dev\Dev2.Common.Tests\Dev2.Common.Tests.csproj]
C:\Program Files\dotnet\sdk\10.0.201\Microsoft.Common.CurrentVersion.targets(2451,5): warning MSB3277:             C:\Users\ultra\warewolf\Dev\Warewolf.AI.Harness\bin\Debug\net8.0\Warewolf.AI.Harness.dll [C:\Users\ultra\warewolf\Dev\Dev2.Common.Tests\Dev2.Common.Tests.csproj]
C:\Program Files\dotnet\sdk\10.0.201\Microsoft.Common.CurrentVersion.targets(2451,5): warning MSB3277:             C:\Users\ultra\warewolf\Dev\Warewolf.Driver.Serilog\bin\Debug\net8.0\Warewolf.Driver.Serilog.dll [C:\Users\ultra\warewolf\Dev\Dev2.Common.Tests\Dev2.Common.Tests.csproj]
C:\Program Files\dotnet\sdk\10.0.201\Microsoft.Common.CurrentVersion.targets(2451,5): warning MSB3277:             C:\Users\ultra\warewolf\Dev\Warewolf.Sharepoint\bin\Debug\net8.0\Warewolf.Sharepoint.dll [C:\Users\ultra\warewolf\Dev\Dev2.Common.Tests\Dev2.Common.Tests.csproj]
C:\Program Files\dotnet\sdk\10.0.201\Microsoft.Common.CurrentVersion.targets(2451,5): warning MSB3277:             C:\Users\ultra\warewolf\Dev\Warewolf.Storage\bin\Debug\net8.0\Warewolf.Storage.dll [C:\Users\ultra\warewolf\Dev\Dev2.Common.Tests\Dev2.Common.Tests.csproj]
C:\Program Files\dotnet\sdk\10.0.201\Microsoft.Common.CurrentVersion.targets(2451,5): warning MSB3277:             C:\Users\ultra\.nuget\packages\mindbox.data.linq\5.0.0\lib\netstandard2.0\Mindbox.Data.Linq.dll [C:\Users\ultra\warewolf\Dev\Dev2.Common.Tests\Dev2.Common.Tests.csproj]
C:\Program Files\dotnet\sdk\10.0.201\Microsoft.Common.CurrentVersion.targets(2451,5): warning MSB3277:             C:\Users\ultra\.nuget\packages\mysql.data\8.4.0\lib\net8.0\MySql.Data.dll [C:\Users\ultra\warewolf\Dev\Dev2.Common.Tests\Dev2.Common.Tests.csproj]
C:\Program Files\dotnet\sdk\10.0.201\Microsoft.Common.CurrentVersion.targets(2451,5): warning MSB3277:             C:\Users\ultra\.nuget\packages\oracle.manageddataaccess.core\3.21.70\lib\netstandard2.1\Oracle.ManagedDataAccess.dll [C:\Users\ultra\warewolf\Dev\Dev2.Common.Tests\Dev2.Common.Tests.csproj]
C:\Program Files\dotnet\sdk\10.0.201\Microsoft.Common.CurrentVersion.targets(2451,5): warning MSB3277:             C:\Users\ultra\.nuget\packages\system.directoryservices\6.0.0\lib\net6.0\System.DirectoryServices.dll [C:\Users\ultra\warewolf\Dev\Dev2.Common.Tests\Dev2.Common.Tests.csproj]
C:\Program Files\dotnet\sdk\10.0.201\Microsoft.Common.CurrentVersion.targets(2451,5): warning MSB3277:             C:\Users\ultra\.nuget\packages\corewcf.primitives\1.2.1\lib\netstandard2.0\CoreWCF.Primitives.dll [C:\Users\ultra\warewolf\Dev\Dev2.Common.Tests\Dev2.Common.Tests.csproj]
C:\Program Files\dotnet\sdk\10.0.201\Microsoft.Common.CurrentVersion.targets(2451,5): warning MSB3277:             C:\Users\ultra\.nuget\packages\corewcf.http\1.2.1\lib\netstandard2.0\CoreWCF.Http.dll [C:\Users\ultra\warewolf\Dev\Dev2.Common.Tests\Dev2.Common.Tests.csproj]
C:\Program Files\dotnet\sdk\10.0.201\Microsoft.Common.CurrentVersion.targets(2451,5): warning MSB3277:             C:\Users\ultra\.nuget\packages\corewcf.nettcp\1.2.1\lib\netstandard2.0\CoreWCF.NetTcp.dll [C:\Users\ultra\warewolf\Dev\Dev2.Common.Tests\Dev2.Common.Tests.csproj]
C:\Program Files\dotnet\sdk\10.0.201\Microsoft.Common.CurrentVersion.targets(2451,5): warning MSB3277:             C:\Users\ultra\.nuget\packages\corewcf.webhttp\1.2.1\lib\netstandard2.0\CoreWCF.WebHttp.dll [C:\Users\ultra\warewolf\Dev\Dev2.Common.Tests\Dev2.Common.Tests.csproj]
C:\Program Files\dotnet\sdk\10.0.201\Microsoft.Common.CurrentVersion.targets(2451,5): warning MSB3277:             C:\Program Files\dotnet\packs\Microsoft.NETCore.App.Ref\8.0.25\ref/net8.0/System.Configuration.dll [C:\Users\ultra\warewolf\Dev\Dev2.Common.Tests\Dev2.Common.Tests.csproj]
C:\Program Files\dotnet\sdk\10.0.201\Microsoft.Common.CurrentVersion.targets(2451,5): warning MSB3277:             C:\Users\ultra\.nuget\packages\prism.wpf\9.0.537\lib\net462\Prism.Wpf.dll [C:\Users\ultra\warewolf\Dev\Dev2.Common.Tests\Dev2.Common.Tests.csproj]
C:\Program Files\dotnet\sdk\10.0.201\Microsoft.Common.CurrentVersion.targets(2451,5): warning MSB3277:             C:\Program Files\dotnet\packs\Microsoft.NETCore.App.Ref\8.0.25\ref/net8.0/System.Data.dll [C:\Users\ultra\warewolf\Dev\Dev2.Common.Tests\Dev2.Common.Tests.csproj]
C:\Program Files\dotnet\sdk\10.0.201\Microsoft.Common.CurrentVersion.targets(2451,5): warning MSB3277:             C:\Users\ultra\.nuget\packages\taskschedulereditor\2.10.1\lib\net452\Microsoft.Win32.TaskSchedulerEditor.dll [C:\Users\ultra\warewolf\Dev\Dev2.Common.Tests\Dev2.Common.Tests.csproj]
C:\Program Files\dotnet\sdk\10.0.201\Microsoft.Common.CurrentVersion.targets(2451,5): warning MSB3277:             C:\Program Files\dotnet\packs\Microsoft.NETCore.App.Ref\8.0.25\ref/net8.0/System.Drawing.dll [C:\Users\ultra\warewolf\Dev\Dev2.Common.Tests\Dev2.Common.Tests.csproj]
C:\Program Files\dotnet\sdk\10.0.201\Microsoft.Common.CurrentVersion.targets(2451,5): warning MSB3277:             C:\Users\ultra\.nuget\packages\aerowizard\2.3.1\lib\net45\AeroWizard.dll [C:\Users\ultra\warewolf\Dev\Dev2.Common.Tests\Dev2.Common.Tests.csproj]
C:\Program Files\dotnet\sdk\10.0.201\Microsoft.Common.CurrentVersion.targets(2451,5): warning MSB3277:             C:\Users\ultra\.nuget\packages\groupcontrols\1.9.0\lib\net45\GroupControls.dll [C:\Users\ultra\warewolf\Dev\Dev2.Common.Tests\Dev2.Common.Tests.csproj]
C:\Program Files\dotnet\sdk\10.0.201\Microsoft.Common.CurrentVersion.targets(2451,5): warning MSB3277:             C:\Program Files\dotnet\packs\Microsoft.NETCore.App.Ref\8.0.25\ref/net8.0/System.Net.dll [C:\Users\ultra\warewolf\Dev\Dev2.Common.Tests\Dev2.Common.Tests.csproj]
C:\Program Files\dotnet\sdk\10.0.201\Microsoft.Common.CurrentVersion.targets(2451,5): warning MSB3277:             C:\Program Files\dotnet\packs\Microsoft.NETCore.App.Ref\8.0.25\ref/net8.0/System.Security.dll [C:\Users\ultra\warewolf\Dev\Dev2.Common.Tests\Dev2.Common.Tests.csproj]
C:\Program Files\dotnet\sdk\10.0.201\Microsoft.Common.CurrentVersion.targets(2451,5): warning MSB3277:             C:\Program Files\dotnet\packs\Microsoft.NETCore.App.Ref\8.0.25\ref/net8.0/System.ServiceProcess.dll [C:\Users\ultra\warewolf\Dev\Dev2.Common.Tests\Dev2.Common.Tests.csproj]
C:\Program Files\dotnet\sdk\10.0.201\Microsoft.Common.CurrentVersion.targets(2451,5): warning MSB3277:             C:\Program Files\dotnet\packs\Microsoft.NETCore.App.Ref\8.0.25\ref/net8.0/System.Transactions.dll [C:\Users\ultra\warewolf\Dev\Dev2.Common.Tests\Dev2.Common.Tests.csproj]
C:\Program Files\dotnet\sdk\10.0.201\Microsoft.Common.CurrentVersion.targets(2451,5): warning MSB3277:             C:\Program Files\dotnet\packs\Microsoft.NETCore.App.Ref\8.0.25\ref/net8.0/System.dll [C:\Users\ultra\warewolf\Dev\Dev2.Common.Tests\Dev2.Common.Tests.csproj]
C:\Program Files\dotnet\sdk\10.0.201\Microsoft.Common.CurrentVersion.targets(2451,5): warning MSB3277:             C:\Users\ultra\.nuget\packages\microsoft.xaml.behaviors.wpf\1.1.122\lib\net462\Microsoft.Xaml.Behaviors.dll [C:\Users\ultra\warewolf\Dev\Dev2.Common.Tests\Dev2.Common.Tests.csproj]
C:\Program Files\dotnet\sdk\10.0.201\Microsoft.Common.CurrentVersion.targets(2451,5): warning MSB3277:             C:\Users\ultra\.nuget\packages\caliburn.micro\4.0.212\lib\netcoreapp3.1\Caliburn.Micro.Platform.dll [C:\Users\ultra\warewolf\Dev\Dev2.Common.Tests\Dev2.Common.Tests.csproj]
C:\Program Files\dotnet\sdk\10.0.201\Microsoft.Common.CurrentVersion.targets(2451,5): warning MSB3277:             C:\Users\ultra\.nuget\packages\reactiveui.wpf\18.4.1\lib\net462\ReactiveUI.Wpf.dll [C:\Users\ultra\warewolf\Dev\Dev2.Common.Tests\Dev2.Common.Tests.csproj]
C:\Program Files\dotnet\sdk\10.0.201\Microsoft.Common.CurrentVersion.targets(2451,5): warning MSB3277:             C:\Users\ultra\.nuget\packages\ttcue.netcore.sharepointonline.csom.16.1.8029.1200\16.1.8029.1200\lib\netcoreapp2.0\Microsoft.SharePoint.Client.Runtime.Windows.dll [C:\Users\ultra\warewolf\Dev\Dev2.Common.Tests\Dev2.Common.Tests.csproj]
C:\Program Files\dotnet\sdk\10.0.201\Microsoft.Common.CurrentVersion.targets(2451,5): warning MSB3277:             C:\Program Files\dotnet\packs\Microsoft.NETCore.App.Ref\8.0.25\ref/net8.0/WindowsBase.dll [C:\Users\ultra\warewolf\Dev\Dev2.Common.Tests\Dev2.Common.Tests.csproj]
C:\Program Files\dotnet\sdk\10.0.201\Microsoft.Common.CurrentVersion.targets(2451,5): warning MSB3277:             C:\Program Files\dotnet\packs\Microsoft.NETCore.App.Ref\8.0.25\ref/net8.0/mscorlib.dll [C:\Users\ultra\warewolf\Dev\Dev2.Common.Tests\Dev2.Common.Tests.csproj]
C:\Program Files\dotnet\sdk\10.0.201\Microsoft.Common.CurrentVersion.targets(2451,5): warning MSB3277:             C:\Users\ultra\.nuget\packages\hangfire.core\1.7.32\lib\netstandard2.0\Hangfire.Core.dll [C:\Users\ultra\warewolf\Dev\Dev2.Common.Tests\Dev2.Common.Tests.csproj]
C:\Program Files\dotnet\sdk\10.0.201\Microsoft.Common.CurrentVersion.targets(2451,5): warning MSB3277:             C:\Users\ultra\.nuget\packages\hangfire.sqlserver\1.7.32\lib\netstandard2.0\Hangfire.SqlServer.dll [C:\Users\ultra\warewolf\Dev\Dev2.Common.Tests\Dev2.Common.Tests.csproj]
C:\Program Files\dotnet\sdk\10.0.201\Microsoft.Common.CurrentVersion.targets(2451,5): warning MSB3277:             C:\Users\ultra\.nuget\packages\microsoft.codecoverage\17.13.0\lib\netcoreapp3.1\Microsoft.VisualStudio.CodeCoverage.Shim.dll [C:\Users\ultra\warewolf\Dev\Dev2.Common.Tests\Dev2.Common.Tests.csproj]
C:\Program Files\dotnet\sdk\10.0.201\Microsoft.Common.CurrentVersion.targets(2451,5): warning MSB3277:         C:\Program Files\dotnet\packs\Microsoft.NETCore.App.Ref\8.0.25\ref\net8.0\System.Drawing.dll [C:\Users\ultra\warewolf\Dev\Dev2.Common.Tests\Dev2.Common.Tests.csproj]
C:\Program Files\dotnet\sdk\10.0.201\Microsoft.Common.CurrentVersion.targets(2451,5): warning MSB3277:           Project file item includes which caused reference "C:\Program Files\dotnet\packs\Microsoft.NETCore.App.Ref\8.0.25\ref\net8.0\System.Drawing.dll". [C:\Users\ultra\warewolf\Dev\Dev2.Common.Tests\Dev2.Common.Tests.csproj]
C:\Program Files\dotnet\sdk\10.0.201\Microsoft.Common.CurrentVersion.targets(2451,5): warning MSB3277:             C:\Program Files\dotnet\packs\Microsoft.NETCore.App.Ref\8.0.25\ref/net8.0/System.Drawing.dll [C:\Users\ultra\warewolf\Dev\Dev2.Common.Tests\Dev2.Common.Tests.csproj]
C:\Program Files\dotnet\sdk\10.0.201\Microsoft.Common.CurrentVersion.targets(2451,5): warning MSB3277:             C:\Users\ultra\.nuget\packages\aerowizard\2.3.1\lib\net45\AeroWizard.dll [C:\Users\ultra\warewolf\Dev\Dev2.Common.Tests\Dev2.Common.Tests.csproj]
C:\Program Files\dotnet\sdk\10.0.201\Microsoft.Common.CurrentVersion.targets(2451,5): warning MSB3277:             C:\Users\ultra\.nuget\packages\groupcontrols\1.9.0\lib\net45\GroupControls.dll [C:\Users\ultra\warewolf\Dev\Dev2.Common.Tests\Dev2.Common.Tests.csproj]
C:\Program Files\dotnet\sdk\10.0.201\Microsoft.Common.CurrentVersion.targets(2451,5): warning MSB3277:             C:\Users\ultra\.nuget\packages\taskschedulereditor\2.10.1\lib\net452\Microsoft.Win32.TaskSchedulerEditor.dll [C:\Users\ultra\warewolf\Dev\Dev2.Common.Tests\Dev2.Common.Tests.csproj]
  Warewolf.Common.Framework48.Tests -> C:\Users\ultra\warewolf\Dev\Warewolf.Common.Framework48.Tests\bin\Debug\net8.0\Warewolf.Common.Framework48.Tests.dll
  Warewolf.Common.Framework48.Tests -> C:\Users\ultra\warewolf\Bin\ServerTests-Windows\
  Dev2.Server -> C:\Users\ultra\warewolf\Dev\Dev2.Server\bin\Debug\net8.0\Warewolf Server.dll
  
  INFO: No tasks running with the specified criteria.
  
  INFO: No tasks running with the specified criteria.
  Warewolf.QueueWorker.Tests -> C:\Users\ultra\warewolf\Dev\Warewolf.QueueWorker.Tests\bin\Debug\net8.0\Warewolf.QueueWorker.Tests.dll
C:\Program Files\dotnet\sdk\10.0.201\Microsoft.Common.CurrentVersion.targets(2451,5): warning MSB3245: Could not resolve this reference. Could not locate the assembly "System.Activities.Core.Presentation". Check to make sure the assembly exists on disk. If this reference is required by your code, you may get compilation errors. [C:\Users\ultra\warewolf\Dev\Warewolf.Studio.AntiCorruptionLayer\Warewolf.Studio.AntiCorruptionLayer.csproj]
C:\Program Files\dotnet\sdk\10.0.201\Microsoft.Common.CurrentVersion.targets(2451,5): warning MSB3277: Found conflicts between different versions of "WindowsBase" that could not be resolved. [C:\Users\ultra\warewolf\Dev\Warewolf.Studio.AntiCorruptionLayer\Warewolf.Studio.AntiCorruptionLayer.csproj]
C:\Program Files\dotnet\sdk\10.0.201\Microsoft.Common.CurrentVersion.targets(2451,5): warning MSB3277: There was a conflict between "WindowsBase, Version=4.0.0.0, Culture=neutral, PublicKeyToken=31bf3856ad364e35" and "WindowsBase, Version=6.0.2.0, Culture=neutral, PublicKeyToken=31bf3856ad364e35". [C:\Users\ultra\warewolf\Dev\Warewolf.Studio.AntiCorruptionLayer\Warewolf.Studio.AntiCorruptionLayer.csproj]
C:\Program Files\dotnet\sdk\10.0.201\Microsoft.Common.CurrentVersion.targets(2451,5): warning MSB3277:     "WindowsBase, Version=4.0.0.0, Culture=neutral, PublicKeyToken=31bf3856ad364e35" was chosen because it was primary and "WindowsBase, Version=6.0.2.0, Culture=neutral, PublicKeyToken=31bf3856ad364e35" was not. [C:\Users\ultra\warewolf\Dev\Warewolf.Studio.AntiCorruptionLayer\Warewolf.Studio.AntiCorruptionLayer.csproj]
C:\Program Files\dotnet\sdk\10.0.201\Microsoft.Common.CurrentVersion.targets(2451,5): warning MSB3277:     References which depend on "WindowsBase, Version=4.0.0.0, Culture=neutral, PublicKeyToken=31bf3856ad364e35" [C:\Program Files\dotnet\packs\Microsoft.NETCore.App.Ref\8.0.25\ref\net8.0\WindowsBase.dll]. [C:\Users\ultra\warewolf\Dev\Warewolf.Studio.AntiCorruptionLayer\Warewolf.Studio.AntiCorruptionLayer.csproj]
C:\Program Files\dotnet\sdk\10.0.201\Microsoft.Common.CurrentVersion.targets(2451,5): warning MSB3277:         C:\Program Files\dotnet\packs\Microsoft.NETCore.App.Ref\8.0.25\ref\net8.0\WindowsBase.dll [C:\Users\ultra\warewolf\Dev\Warewolf.Studio.AntiCorruptionLayer\Warewolf.Studio.AntiCorruptionLayer.csproj]
C:\Program Files\dotnet\sdk\10.0.201\Microsoft.Common.CurrentVersion.targets(2451,5): warning MSB3277:           Project file item includes which caused reference "C:\Program Files\dotnet\packs\Microsoft.NETCore.App.Ref\8.0.25\ref\net8.0\WindowsBase.dll". [C:\Users\ultra\warewolf\Dev\Warewolf.Studio.AntiCorruptionLayer\Warewolf.Studio.AntiCorruptionLayer.csproj]
C:\Program Files\dotnet\sdk\10.0.201\Microsoft.Common.CurrentVersion.targets(2451,5): warning MSB3277:             C:\Program Files\dotnet\packs\Microsoft.NETCore.App.Ref\8.0.25\ref/net8.0/WindowsBase.dll [C:\Users\ultra\warewolf\Dev\Warewolf.Studio.AntiCorruptionLayer\Warewolf.Studio.AntiCorruptionLayer.csproj]
C:\Program Files\dotnet\sdk\10.0.201\Microsoft.Common.CurrentVersion.targets(2451,5): warning MSB3277:     References which depend on or have been unified to "WindowsBase, Version=6.0.2.0, Culture=neutral, PublicKeyToken=31bf3856ad364e35" []. [C:\Users\ultra\warewolf\Dev\Warewolf.Studio.AntiCorruptionLayer\Warewolf.Studio.AntiCorruptionLayer.csproj]
C:\Program Files\dotnet\sdk\10.0.201\Microsoft.Common.CurrentVersion.targets(2451,5): warning MSB3277:         C:\Users\ultra\.nuget\packages\caliburn.micro\4.0.212\lib\netcoreapp3.1\Caliburn.Micro.Platform.dll [C:\Users\ultra\warewolf\Dev\Warewolf.Studio.AntiCorruptionLayer\Warewolf.Studio.AntiCorruptionLayer.csproj]
C:\Program Files\dotnet\sdk\10.0.201\Microsoft.Common.CurrentVersion.targets(2451,5): warning MSB3277:           Project file item includes which caused reference "C:\Users\ultra\.nuget\packages\caliburn.micro\4.0.212\lib\netcoreapp3.1\Caliburn.Micro.Platform.dll". [C:\Users\ultra\warewolf\Dev\Warewolf.Studio.AntiCorruptionLayer\Warewolf.Studio.AntiCorruptionLayer.csproj]
C:\Program Files\dotnet\sdk\10.0.201\Microsoft.Common.CurrentVersion.targets(2451,5): warning MSB3277:             C:\Users\ultra\.nuget\packages\caliburn.micro\4.0.212\lib\netcoreapp3.1\Caliburn.Micro.Platform.dll [C:\Users\ultra\warewolf\Dev\Warewolf.Studio.AntiCorruptionLayer\Warewolf.Studio.AntiCorruptionLayer.csproj]
C:\Program Files\dotnet\sdk\10.0.201\Microsoft.Common.CurrentVersion.targets(2451,5): warning MSB3277:         C:\Users\ultra\.nuget\packages\extended.wpf.toolkit\4.4.0\lib\net5.0\Xceed.Wpf.AvalonDock.NET5.dll [C:\Users\ultra\warewolf\Dev\Warewolf.Studio.AntiCorruptionLayer\Warewolf.Studio.AntiCorruptionLayer.csproj]
C:\Program Files\dotnet\sdk\10.0.201\Microsoft.Common.CurrentVersion.targets(2451,5): warning MSB3277:           Project file item includes which caused reference "C:\Users\ultra\.nuget\packages\extended.wpf.toolkit\4.4.0\lib\net5.0\Xceed.Wpf.AvalonDock.NET5.dll". [C:\Users\ultra\warewolf\Dev\Warewolf.Studio.AntiCorruptionLayer\Warewolf.Studio.AntiCorruptionLayer.csproj]
C:\Program Files\dotnet\sdk\10.0.201\Microsoft.Common.CurrentVersion.targets(2451,5): warning MSB3277:             C:\Users\ultra\.nuget\packages\extended.wpf.toolkit\4.4.0\lib\net5.0\Xceed.Wpf.AvalonDock.NET5.dll [C:\Users\ultra\warewolf\Dev\Warewolf.Studio.AntiCorruptionLayer\Warewolf.Studio.AntiCorruptionLayer.csproj]
C:\Program Files\dotnet\sdk\10.0.201\Microsoft.Common.CurrentVersion.targets(2451,5): warning MSB3277:             C:\Users\ultra\.nuget\packages\extended.wpf.toolkit\4.4.0\lib\net5.0\Xceed.Wpf.AvalonDock.Themes.Aero.NET5.dll [C:\Users\ultra\warewolf\Dev\Warewolf.Studio.AntiCorruptionLayer\Warewolf.Studio.AntiCorruptionLayer.csproj]
C:\Program Files\dotnet\sdk\10.0.201\Microsoft.Common.CurrentVersion.targets(2451,5): warning MSB3277:             C:\Users\ultra\.nuget\packages\extended.wpf.toolkit\4.4.0\lib\net5.0\Xceed.Wpf.AvalonDock.Themes.Metro.NET5.dll [C:\Users\ultra\warewolf\Dev\Warewolf.Studio.AntiCorruptionLayer\Warewolf.Studio.AntiCorruptionLayer.csproj]
C:\Program Files\dotnet\sdk\10.0.201\Microsoft.Common.CurrentVersion.targets(2451,5): warning MSB3277:             C:\Users\ultra\.nuget\packages\extended.wpf.toolkit\4.4.0\lib\net5.0\Xceed.Wpf.AvalonDock.Themes.VS2010.NET5.dll [C:\Users\ultra\warewolf\Dev\Warewolf.Studio.AntiCorruptionLayer\Warewolf.Studio.AntiCorruptionLayer.csproj]
C:\Program Files\dotnet\sdk\10.0.201\Microsoft.Common.CurrentVersion.targets(2451,5): warning MSB3277:         C:\Users\ultra\.nuget\packages\extended.wpf.toolkit\4.4.0\lib\net5.0\Xceed.Wpf.AvalonDock.Themes.Aero.NET5.dll [C:\Users\ultra\warewolf\Dev\Warewolf.Studio.AntiCorruptionLayer\Warewolf.Studio.AntiCorruptionLayer.csproj]
C:\Program Files\dotnet\sdk\10.0.201\Microsoft.Common.CurrentVersion.targets(2451,5): warning MSB3277:           Project file item includes which caused reference "C:\Users\ultra\.nuget\packages\extended.wpf.toolkit\4.4.0\lib\net5.0\Xceed.Wpf.AvalonDock.Themes.Aero.NET5.dll". [C:\Users\ultra\warewolf\Dev\Warewolf.Studio.AntiCorruptionLayer\Warewolf.Studio.AntiCorruptionLayer.csproj]
C:\Program Files\dotnet\sdk\10.0.201\Microsoft.Common.CurrentVersion.targets(2451,5): warning MSB3277:             C:\Users\ultra\.nuget\packages\extended.wpf.toolkit\4.4.0\lib\net5.0\Xceed.Wpf.AvalonDock.Themes.Aero.NET5.dll [C:\Users\ultra\warewolf\Dev\Warewolf.Studio.AntiCorruptionLayer\Warewolf.Studio.AntiCorruptionLayer.csproj]
C:\Program Files\dotnet\sdk\10.0.201\Microsoft.Common.CurrentVersion.targets(2451,5): warning MSB3277:         C:\Users\ultra\.nuget\packages\extended.wpf.toolkit\4.4.0\lib\net5.0\Xceed.Wpf.Toolkit.NET5.dll [C:\Users\ultra\warewolf\Dev\Warewolf.Studio.AntiCorruptionLayer\Warewolf.Studio.AntiCorruptionLayer.csproj]
C:\Program Files\dotnet\sdk\10.0.201\Microsoft.Common.CurrentVersion.targets(2451,5): warning MSB3277:           Project file item includes which caused reference "C:\Users\ultra\.nuget\packages\extended.wpf.toolkit\4.4.0\lib\net5.0\Xceed.Wpf.Toolkit.NET5.dll". [C:\Users\ultra\warewolf\Dev\Warewolf.Studio.AntiCorruptionLayer\Warewolf.Studio.AntiCorruptionLayer.csproj]
C:\Program Files\dotnet\sdk\10.0.201\Microsoft.Common.CurrentVersion.targets(2451,5): warning MSB3277:             C:\Users\ultra\.nuget\packages\extended.wpf.toolkit\4.4.0\lib\net5.0\Xceed.Wpf.Toolkit.NET5.dll [C:\Users\ultra\warewolf\Dev\Warewolf.Studio.AntiCorruptionLayer\Warewolf.Studio.AntiCorruptionLayer.csproj]
C:\Program Files\dotnet\sdk\10.0.201\Microsoft.Common.CurrentVersion.targets(2451,5): warning MSB3277:         C:\Users\ultra\.nuget\packages\ironpython\3.4.0\lib\net6.0\IronPython.Wpf.dll [C:\Users\ultra\warewolf\Dev\Warewolf.Studio.AntiCorruptionLayer\Warewolf.Studio.AntiCorruptionLayer.csproj]
C:\Program Files\dotnet\sdk\10.0.201\Microsoft.Common.CurrentVersion.targets(2451,5): warning MSB3277:           Project file item includes which caused reference "C:\Users\ultra\.nuget\packages\ironpython\3.4.0\lib\net6.0\IronPython.Wpf.dll". [C:\Users\ultra\warewolf\Dev\Warewolf.Studio.AntiCorruptionLayer\Warewolf.Studio.AntiCorruptionLayer.csproj]
C:\Program Files\dotnet\sdk\10.0.201\Microsoft.Common.CurrentVersion.targets(2451,5): warning MSB3277:             C:\Users\ultra\.nuget\packages\ironpython\3.4.0\lib\net6.0\IronPython.Wpf.dll [C:\Users\ultra\warewolf\Dev\Warewolf.Studio.AntiCorruptionLayer\Warewolf.Studio.AntiCorruptionLayer.csproj]
C:\Program Files\dotnet\sdk\10.0.201\Microsoft.Common.CurrentVersion.targets(2451,5): warning MSB3277:         C:\Users\ultra\.nuget\packages\microsoft.xaml.behaviors.wpf\1.1.122\lib\net462\Microsoft.Xaml.Behaviors.dll [C:\Users\ultra\warewolf\Dev\Warewolf.Studio.AntiCorruptionLayer\Warewolf.Studio.AntiCorruptionLayer.csproj]
C:\Program Files\dotnet\sdk\10.0.201\Microsoft.Common.CurrentVersion.targets(2451,5): warning MSB3277:           Project file item includes which caused reference "C:\Users\ultra\.nuget\packages\microsoft.xaml.behaviors.wpf\1.1.122\lib\net462\Microsoft.Xaml.Behaviors.dll". [C:\Users\ultra\warewolf\Dev\Warewolf.Studio.AntiCorruptionLayer\Warewolf.Studio.AntiCorruptionLayer.csproj]
C:\Program Files\dotnet\sdk\10.0.201\Microsoft.Common.CurrentVersion.targets(2451,5): warning MSB3277:             C:\Users\ultra\.nuget\packages\microsoft.xaml.behaviors.wpf\1.1.122\lib\net462\Microsoft.Xaml.Behaviors.dll [C:\Users\ultra\warewolf\Dev\Warewolf.Studio.AntiCorruptionLayer\Warewolf.Studio.AntiCorruptionLayer.csproj]
C:\Program Files\dotnet\sdk\10.0.201\Microsoft.Common.CurrentVersion.targets(2451,5): warning MSB3277:             C:\Users\ultra\.nuget\packages\caliburn.micro\4.0.212\lib\netcoreapp3.1\Caliburn.Micro.Platform.dll [C:\Users\ultra\warewolf\Dev\Warewolf.Studio.AntiCorruptionLayer\Warewolf.Studio.AntiCorruptionLayer.csproj]
C:\Program Files\dotnet\sdk\10.0.201\Microsoft.Common.CurrentVersion.targets(2451,5): warning MSB3277:             C:\Users\ultra\.nuget\packages\prism.wpf\9.0.537\lib\net462\Prism.Wpf.dll [C:\Users\ultra\warewolf\Dev\Warewolf.Studio.AntiCorruptionLayer\Warewolf.Studio.AntiCorruptionLayer.csproj]
C:\Program Files\dotnet\sdk\10.0.201\Microsoft.Common.CurrentVersion.targets(2451,5): warning MSB3277:         C:\Users\ultra\.nuget\packages\prism.wpf\9.0.537\lib\net462\Prism.Wpf.dll [C:\Users\ultra\warewolf\Dev\Warewolf.Studio.AntiCorruptionLayer\Warewolf.Studio.AntiCorruptionLayer.csproj]
C:\Program Files\dotnet\sdk\10.0.201\Microsoft.Common.CurrentVersion.targets(2451,5): warning MSB3277:           Project file item includes which caused reference "C:\Users\ultra\.nuget\packages\prism.wpf\9.0.537\lib\net462\Prism.Wpf.dll". [C:\Users\ultra\warewolf\Dev\Warewolf.Studio.AntiCorruptionLayer\Warewolf.Studio.AntiCorruptionLayer.csproj]
C:\Program Files\dotnet\sdk\10.0.201\Microsoft.Common.CurrentVersion.targets(2451,5): warning MSB3277:             C:\Users\ultra\.nuget\packages\prism.wpf\9.0.537\lib\net462\Prism.Wpf.dll [C:\Users\ultra\warewolf\Dev\Warewolf.Studio.AntiCorruptionLayer\Warewolf.Studio.AntiCorruptionLayer.csproj]
C:\Program Files\dotnet\sdk\10.0.201\Microsoft.Common.CurrentVersion.targets(2451,5): warning MSB3277:         C:\Users\ultra\.nuget\packages\reactiveui.wpf\18.4.1\lib\net462\ReactiveUI.Wpf.dll [C:\Users\ultra\warewolf\Dev\Warewolf.Studio.AntiCorruptionLayer\Warewolf.Studio.AntiCorruptionLayer.csproj]
C:\Program Files\dotnet\sdk\10.0.201\Microsoft.Common.CurrentVersion.targets(2451,5): warning MSB3277:           Project file item includes which caused reference "C:\Users\ultra\.nuget\packages\reactiveui.wpf\18.4.1\lib\net462\ReactiveUI.Wpf.dll". [C:\Users\ultra\warewolf\Dev\Warewolf.Studio.AntiCorruptionLayer\Warewolf.Studio.AntiCorruptionLayer.csproj]
C:\Program Files\dotnet\sdk\10.0.201\Microsoft.Common.CurrentVersion.targets(2451,5): warning MSB3277:             C:\Users\ultra\.nuget\packages\reactiveui.wpf\18.4.1\lib\net462\ReactiveUI.Wpf.dll [C:\Users\ultra\warewolf\Dev\Warewolf.Studio.AntiCorruptionLayer\Warewolf.Studio.AntiCorruptionLayer.csproj]
  Consider app.config remapping of assembly "System.Data.SQLite, Culture=neutral, PublicKeyToken=db937bc2d44ff139" from Version "1.0.117.0" [] to Version "1.0.118.0" [C:\Users\ultra\.nuget\packages\stub.system.data.sqlite.core.netstandard\1.0.118\lib\netstandard2.1\System.Data.SQLite.dll] to solve conflict and get rid of warning.
  Warewolf.QueueWorker.Tests -> C:\Users\ultra\warewolf\Bin\ServerTests-Windows\
  Dev2.Server -> C:\Users\ultra\warewolf\Bin\ServerTests-Windows\
C:\Users\ultra\warewolf\Dev\Dev2.Sql.Tests\Dev2.Sql.Tests.csproj : warning NU1701: Package 'AeroWizard 2.3.1' was restored using '.NETFramework,Version=v4.6.1, .NETFramework,Version=v4.6.2, .NETFramework,Version=v4.7, .NETFramework,Version=v4.7.1, .NETFramework,Version=v4.7.2, .NETFramework,Version=v4.8, .NETFramework,Version=v4.8.1' instead of the project target framework 'net8.0'. This package may not be fully compatible with your project.
C:\Users\ultra\warewolf\Dev\Dev2.Sql.Tests\Dev2.Sql.Tests.csproj : warning NU1701: Package 'GroupControls 1.9.0' was restored using '.NETFramework,Version=v4.6.1, .NETFramework,Version=v4.6.2, .NETFramework,Version=v4.7, .NETFramework,Version=v4.7.1, .NETFramework,Version=v4.7.2, .NETFramework,Version=v4.8, .NETFramework,Version=v4.8.1' instead of the project target framework 'net8.0'. This package may not be fully compatible with your project.
C:\Users\ultra\warewolf\Dev\Dev2.Sql.Tests\Dev2.Sql.Tests.csproj : warning NU1701: Package 'Microsoft.Xaml.Behaviors.Wpf 1.1.122' was restored using '.NETFramework,Version=v4.6.1, .NETFramework,Version=v4.6.2, .NETFramework,Version=v4.7, .NETFramework,Version=v4.7.1, .NETFramework,Version=v4.7.2, .NETFramework,Version=v4.8, .NETFramework,Version=v4.8.1' instead of the project target framework 'net8.0'. This package may not be fully compatible with your project.
C:\Users\ultra\warewolf\Dev\Dev2.Sql.Tests\Dev2.Sql.Tests.csproj : warning NU1701: Package 'Prism.Wpf 9.0.537' was restored using '.NETFramework,Version=v4.6.1, .NETFramework,Version=v4.6.2, .NETFramework,Version=v4.7, .NETFramework,Version=v4.7.1, .NETFramework,Version=v4.7.2, .NETFramework,Version=v4.8, .NETFramework,Version=v4.8.1' instead of the project target framework 'net8.0'. This package may not be fully compatible with your project.
C:\Users\ultra\warewolf\Dev\Dev2.Sql.Tests\Dev2.Sql.Tests.csproj : warning NU1701: Package 'ReactiveUI.WPF 18.4.1' was restored using '.NETFramework,Version=v4.6.1, .NETFramework,Version=v4.6.2, .NETFramework,Version=v4.7, .NETFramework,Version=v4.7.1, .NETFramework,Version=v4.7.2, .NETFramework,Version=v4.8, .NETFramework,Version=v4.8.1' instead of the project target framework 'net8.0'. This package may not be fully compatible with your project.
C:\Users\ultra\warewolf\Dev\Dev2.Sql.Tests\Dev2.Sql.Tests.csproj : warning NU1701: Package 'TaskSchedulerEditor 2.10.1' was restored using '.NETFramework,Version=v4.6.1, .NETFramework,Version=v4.6.2, .NETFramework,Version=v4.7, .NETFramework,Version=v4.7.1, .NETFramework,Version=v4.7.2, .NETFramework,Version=v4.8, .NETFramework,Version=v4.8.1' instead of the project target framework 'net8.0'. This package may not be fully compatible with your project.
C:\Users\ultra\warewolf\Dev\Warewolf.Driver.Serilog.Tests\SeriLogPublishTests.cs(385,30): warning CS0618: 'ElasticsearchClient.Ping()' is obsolete: 'Synchronous methods are deprecated and could be removed in the future.' [C:\Users\ultra\warewolf\Dev\Warewolf.Driver.Serilog.Tests\Warewolf.Driver.Serilog.Tests.csproj]
C:\Users\ultra\warewolf\Dev\Warewolf.Driver.Serilog.Tests\SeriLogPublishTests.cs(406,37): warning CS0618: 'ElasticsearchClient.Search<TDocument>(SearchRequestDescriptor<TDocument>)' is obsolete: 'Synchronous methods are deprecated and could be removed in the future.' [C:\Users\ultra\warewolf\Dev\Warewolf.Driver.Serilog.Tests\Warewolf.Driver.Serilog.Tests.csproj]
C:\Program Files\dotnet\sdk\10.0.201\Microsoft.Common.CurrentVersion.targets(2451,5): warning MSB3277: Found conflicts between different versions of "WindowsBase" that could not be resolved. [C:\Users\ultra\warewolf\Dev\Dev2.Server.Tests\Dev2.Server.Tests.csproj]
C:\Program Files\dotnet\sdk\10.0.201\Microsoft.Common.CurrentVersion.targets(2451,5): warning MSB3277: There was a conflict between "WindowsBase, Version=4.0.0.0, Culture=neutral, PublicKeyToken=31bf3856ad364e35" and "WindowsBase, Version=6.0.2.0, Culture=neutral, PublicKeyToken=31bf3856ad364e35". [C:\Users\ultra\warewolf\Dev\Dev2.Server.Tests\Dev2.Server.Tests.csproj]
C:\Program Files\dotnet\sdk\10.0.201\Microsoft.Common.CurrentVersion.targets(2451,5): warning MSB3277:     "WindowsBase, Version=4.0.0.0, Culture=neutral, PublicKeyToken=31bf3856ad364e35" was chosen because it was primary and "WindowsBase, Version=6.0.2.0, Culture=neutral, PublicKeyToken=31bf3856ad364e35" was not. [C:\Users\ultra\warewolf\Dev\Dev2.Server.Tests\Dev2.Server.Tests.csproj]
C:\Program Files\dotnet\sdk\10.0.201\Microsoft.Common.CurrentVersion.targets(2451,5): warning MSB3277:     References which depend on "WindowsBase, Version=4.0.0.0, Culture=neutral, PublicKeyToken=31bf3856ad364e35" [C:\Program Files\dotnet\packs\Microsoft.NETCore.App.Ref\8.0.25\ref\net8.0\WindowsBase.dll]. [C:\Users\ultra\warewolf\Dev\Dev2.Server.Tests\Dev2.Server.Tests.csproj]
C:\Program Files\dotnet\sdk\10.0.201\Microsoft.Common.CurrentVersion.targets(2451,5): warning MSB3277:         C:\Program Files\dotnet\packs\Microsoft.NETCore.App.Ref\8.0.25\ref\net8.0\WindowsBase.dll [C:\Users\ultra\warewolf\Dev\Dev2.Server.Tests\Dev2.Server.Tests.csproj]
C:\Program Files\dotnet\sdk\10.0.201\Microsoft.Common.CurrentVersion.targets(2451,5): warning MSB3277:           Project file item includes which caused reference "C:\Program Files\dotnet\packs\Microsoft.NETCore.App.Ref\8.0.25\ref\net8.0\WindowsBase.dll". [C:\Users\ultra\warewolf\Dev\Dev2.Server.Tests\Dev2.Server.Tests.csproj]
C:\Program Files\dotnet\sdk\10.0.201\Microsoft.Common.CurrentVersion.targets(2451,5): warning MSB3277:             C:\Program Files\dotnet\packs\Microsoft.NETCore.App.Ref\8.0.25\ref/net8.0/WindowsBase.dll [C:\Users\ultra\warewolf\Dev\Dev2.Server.Tests\Dev2.Server.Tests.csproj]
C:\Program Files\dotnet\sdk\10.0.201\Microsoft.Common.CurrentVersion.targets(2451,5): warning MSB3277:     References which depend on or have been unified to "WindowsBase, Version=6.0.2.0, Culture=neutral, PublicKeyToken=31bf3856ad364e35" []. [C:\Users\ultra\warewolf\Dev\Dev2.Server.Tests\Dev2.Server.Tests.csproj]
C:\Program Files\dotnet\sdk\10.0.201\Microsoft.Common.CurrentVersion.targets(2451,5): warning MSB3277:         C:\Users\ultra\.nuget\packages\caliburn.micro\4.0.212\lib\netcoreapp3.1\Caliburn.Micro.Platform.dll [C:\Users\ultra\warewolf\Dev\Dev2.Server.Tests\Dev2.Server.Tests.csproj]
C:\Program Files\dotnet\sdk\10.0.201\Microsoft.Common.CurrentVersion.targets(2451,5): warning MSB3277:           Project file item includes which caused reference "C:\Users\ultra\.nuget\packages\caliburn.micro\4.0.212\lib\netcoreapp3.1\Caliburn.Micro.Platform.dll". [C:\Users\ultra\warewolf\Dev\Dev2.Server.Tests\Dev2.Server.Tests.csproj]
C:\Program Files\dotnet\sdk\10.0.201\Microsoft.Common.CurrentVersion.targets(2451,5): warning MSB3277:             C:\Users\ultra\.nuget\packages\caliburn.micro\4.0.212\lib\netcoreapp3.1\Caliburn.Micro.Platform.dll [C:\Users\ultra\warewolf\Dev\Dev2.Server.Tests\Dev2.Server.Tests.csproj]
C:\Program Files\dotnet\sdk\10.0.201\Microsoft.Common.CurrentVersion.targets(2451,5): warning MSB3277:         C:\Users\ultra\.nuget\packages\ironpython\3.4.0\lib\net6.0\IronPython.Wpf.dll [C:\Users\ultra\warewolf\Dev\Dev2.Server.Tests\Dev2.Server.Tests.csproj]
C:\Program Files\dotnet\sdk\10.0.201\Microsoft.Common.CurrentVersion.targets(2451,5): warning MSB3277:           Project file item includes which caused reference "C:\Users\ultra\.nuget\packages\ironpython\3.4.0\lib\net6.0\IronPython.Wpf.dll". [C:\Users\ultra\warewolf\Dev\Dev2.Server.Tests\Dev2.Server.Tests.csproj]
C:\Program Files\dotnet\sdk\10.0.201\Microsoft.Common.CurrentVersion.targets(2451,5): warning MSB3277:             C:\Users\ultra\.nuget\packages\ironpython\3.4.0\lib\net6.0\IronPython.Wpf.dll [C:\Users\ultra\warewolf\Dev\Dev2.Server.Tests\Dev2.Server.Tests.csproj]
C:\Program Files\dotnet\sdk\10.0.201\Microsoft.Common.CurrentVersion.targets(2451,5): warning MSB3277:         C:\Users\ultra\.nuget\packages\microsoft.xaml.behaviors.wpf\1.1.122\lib\net462\Microsoft.Xaml.Behaviors.dll [C:\Users\ultra\warewolf\Dev\Dev2.Server.Tests\Dev2.Server.Tests.csproj]
C:\Program Files\dotnet\sdk\10.0.201\Microsoft.Common.CurrentVersion.targets(2451,5): warning MSB3277:           Project file item includes which caused reference "C:\Users\ultra\.nuget\packages\microsoft.xaml.behaviors.wpf\1.1.122\lib\net462\Microsoft.Xaml.Behaviors.dll". [C:\Users\ultra\warewolf\Dev\Dev2.Server.Tests\Dev2.Server.Tests.csproj]
C:\Program Files\dotnet\sdk\10.0.201\Microsoft.Common.CurrentVersion.targets(2451,5): warning MSB3277:             C:\Users\ultra\.nuget\packages\microsoft.xaml.behaviors.wpf\1.1.122\lib\net462\Microsoft.Xaml.Behaviors.dll [C:\Users\ultra\warewolf\Dev\Dev2.Server.Tests\Dev2.Server.Tests.csproj]
C:\Program Files\dotnet\sdk\10.0.201\Microsoft.Common.CurrentVersion.targets(2451,5): warning MSB3277:             C:\Users\ultra\.nuget\packages\caliburn.micro\4.0.212\lib\netcoreapp3.1\Caliburn.Micro.Platform.dll [C:\Users\ultra\warewolf\Dev\Dev2.Server.Tests\Dev2.Server.Tests.csproj]
C:\Program Files\dotnet\sdk\10.0.201\Microsoft.Common.CurrentVersion.targets(2451,5): warning MSB3277:             C:\Users\ultra\.nuget\packages\prism.wpf\9.0.537\lib\net462\Prism.Wpf.dll [C:\Users\ultra\warewolf\Dev\Dev2.Server.Tests\Dev2.Server.Tests.csproj]
C:\Program Files\dotnet\sdk\10.0.201\Microsoft.Common.CurrentVersion.targets(2451,5): warning MSB3277:         C:\Users\ultra\.nuget\packages\prism.wpf\9.0.537\lib\net462\Prism.Wpf.dll [C:\Users\ultra\warewolf\Dev\Dev2.Server.Tests\Dev2.Server.Tests.csproj]
C:\Program Files\dotnet\sdk\10.0.201\Microsoft.Common.CurrentVersion.targets(2451,5): warning MSB3277:           Project file item includes which caused reference "C:\Users\ultra\.nuget\packages\prism.wpf\9.0.537\lib\net462\Prism.Wpf.dll". [C:\Users\ultra\warewolf\Dev\Dev2.Server.Tests\Dev2.Server.Tests.csproj]
C:\Program Files\dotnet\sdk\10.0.201\Microsoft.Common.CurrentVersion.targets(2451,5): warning MSB3277:             C:\Users\ultra\.nuget\packages\prism.wpf\9.0.537\lib\net462\Prism.Wpf.dll [C:\Users\ultra\warewolf\Dev\Dev2.Server.Tests\Dev2.Server.Tests.csproj]
C:\Program Files\dotnet\sdk\10.0.201\Microsoft.Common.CurrentVersion.targets(2451,5): warning MSB3277:         C:\Users\ultra\.nuget\packages\reactiveui.wpf\18.4.1\lib\net462\ReactiveUI.Wpf.dll [C:\Users\ultra\warewolf\Dev\Dev2.Server.Tests\Dev2.Server.Tests.csproj]
C:\Program Files\dotnet\sdk\10.0.201\Microsoft.Common.CurrentVersion.targets(2451,5): warning MSB3277:           Project file item includes which caused reference "C:\Users\ultra\.nuget\packages\reactiveui.wpf\18.4.1\lib\net462\ReactiveUI.Wpf.dll". [C:\Users\ultra\warewolf\Dev\Dev2.Server.Tests\Dev2.Server.Tests.csproj]
C:\Program Files\dotnet\sdk\10.0.201\Microsoft.Common.CurrentVersion.targets(2451,5): warning MSB3277:             C:\Users\ultra\.nuget\packages\reactiveui.wpf\18.4.1\lib\net462\ReactiveUI.Wpf.dll [C:\Users\ultra\warewolf\Dev\Dev2.Server.Tests\Dev2.Server.Tests.csproj]
C:\Program Files\dotnet\sdk\10.0.201\Microsoft.Common.CurrentVersion.targets(2451,5): warning MSB3277: Found conflicts between different versions of "System.Drawing.Common" that could not be resolved. [C:\Users\ultra\warewolf\Dev\Dev2.Server.Tests\Dev2.Server.Tests.csproj]
C:\Program Files\dotnet\sdk\10.0.201\Microsoft.Common.CurrentVersion.targets(2451,5): warning MSB3277: There was a conflict between "System.Drawing.Common, Version=6.0.0.0, Culture=neutral, PublicKeyToken=cc7b13ffcd2ddd51" and "System.Drawing.Common, Version=8.0.0.0, Culture=neutral, PublicKeyToken=cc7b13ffcd2ddd51". [C:\Users\ultra\warewolf\Dev\Dev2.Server.Tests\Dev2.Server.Tests.csproj]
C:\Program Files\dotnet\sdk\10.0.201\Microsoft.Common.CurrentVersion.targets(2451,5): warning MSB3277:     "System.Drawing.Common, Version=6.0.0.0, Culture=neutral, PublicKeyToken=cc7b13ffcd2ddd51" was chosen because it was primary and "System.Drawing.Common, Version=8.0.0.0, Culture=neutral, PublicKeyToken=cc7b13ffcd2ddd51" was not. [C:\Users\ultra\warewolf\Dev\Dev2.Server.Tests\Dev2.Server.Tests.csproj]
C:\Program Files\dotnet\sdk\10.0.201\Microsoft.Common.CurrentVersion.targets(2451,5): warning MSB3277:     References which depend on "System.Drawing.Common, Version=6.0.0.0, Culture=neutral, PublicKeyToken=cc7b13ffcd2ddd51" [C:\Users\ultra\.nuget\packages\system.drawing.common\6.0.0\lib\net6.0\System.Drawing.Common.dll]. [C:\Users\ultra\warewolf\Dev\Dev2.Server.Tests\Dev2.Server.Tests.csproj]
C:\Program Files\dotnet\sdk\10.0.201\Microsoft.Common.CurrentVersion.targets(2451,5): warning MSB3277:         C:\Users\ultra\.nuget\packages\system.drawing.common\6.0.0\lib\net6.0\System.Drawing.Common.dll [C:\Users\ultra\warewolf\Dev\Dev2.Server.Tests\Dev2.Server.Tests.csproj]
C:\Program Files\dotnet\sdk\10.0.201\Microsoft.Common.CurrentVersion.targets(2451,5): warning MSB3277:           Project file item includes which caused reference "C:\Users\ultra\.nuget\packages\system.drawing.common\6.0.0\lib\net6.0\System.Drawing.Common.dll". [C:\Users\ultra\warewolf\Dev\Dev2.Server.Tests\Dev2.Server.Tests.csproj]
C:\Program Files\dotnet\sdk\10.0.201\Microsoft.Common.CurrentVersion.targets(2451,5): warning MSB3277:             C:\Users\ultra\.nuget\packages\system.drawing.common\6.0.0\lib\net6.0\System.Drawing.Common.dll [C:\Users\ultra\warewolf\Dev\Dev2.Server.Tests\Dev2.Server.Tests.csproj]
C:\Program Files\dotnet\sdk\10.0.201\Microsoft.Common.CurrentVersion.targets(2451,5): warning MSB3277:     References which depend on or have been unified to "System.Drawing.Common, Version=8.0.0.0, Culture=neutral, PublicKeyToken=cc7b13ffcd2ddd51" []. [C:\Users\ultra\warewolf\Dev\Dev2.Server.Tests\Dev2.Server.Tests.csproj]
C:\Program Files\dotnet\sdk\10.0.201\Microsoft.Common.CurrentVersion.targets(2451,5): warning MSB3277:         C:\Users\ultra\.nuget\packages\servicestack\6.3.0\lib\net6.0\ServiceStack.dll [C:\Users\ultra\warewolf\Dev\Dev2.Server.Tests\Dev2.Server.Tests.csproj]
C:\Program Files\dotnet\sdk\10.0.201\Microsoft.Common.CurrentVersion.targets(2451,5): warning MSB3277:           Project file item includes which caused reference "C:\Users\ultra\.nuget\packages\servicestack\6.3.0\lib\net6.0\ServiceStack.dll". [C:\Users\ultra\warewolf\Dev\Dev2.Server.Tests\Dev2.Server.Tests.csproj]
C:\Program Files\dotnet\sdk\10.0.201\Microsoft.Common.CurrentVersion.targets(2451,5): warning MSB3277:             C:\Users\ultra\.nuget\packages\servicestack\6.3.0\lib\net6.0\ServiceStack.dll [C:\Users\ultra\warewolf\Dev\Dev2.Server.Tests\Dev2.Server.Tests.csproj]
C:\Program Files\dotnet\sdk\10.0.201\Microsoft.Common.CurrentVersion.targets(2451,5): warning MSB3277:         C:\Users\ultra\.nuget\packages\system.windows.extensions\8.0.0\lib\net8.0\System.Windows.Extensions.dll [C:\Users\ultra\warewolf\Dev\Dev2.Server.Tests\Dev2.Server.Tests.csproj]
C:\Program Files\dotnet\sdk\10.0.201\Microsoft.Common.CurrentVersion.targets(2451,5): warning MSB3277:           Project file item includes which caused reference "C:\Users\ultra\.nuget\packages\system.windows.extensions\8.0.0\lib\net8.0\System.Windows.Extensions.dll". [C:\Users\ultra\warewolf\Dev\Dev2.Server.Tests\Dev2.Server.Tests.csproj]
C:\Program Files\dotnet\sdk\10.0.201\Microsoft.Common.CurrentVersion.targets(2451,5): warning MSB3277:             C:\Users\ultra\.nuget\packages\system.windows.extensions\8.0.0\lib\net8.0\System.Windows.Extensions.dll [C:\Users\ultra\warewolf\Dev\Dev2.Server.Tests\Dev2.Server.Tests.csproj]
C:\Program Files\dotnet\sdk\10.0.201\Microsoft.Common.CurrentVersion.targets(2451,5): warning MSB3277:             C:\Users\ultra\.nuget\packages\system.security.permissions\8.0.0\lib\net8.0\System.Security.Permissions.dll [C:\Users\ultra\warewolf\Dev\Dev2.Server.Tests\Dev2.Server.Tests.csproj]
C:\Program Files\dotnet\sdk\10.0.201\Microsoft.Common.CurrentVersion.targets(2451,5): warning MSB3277:             C:\Users\ultra\warewolf\Dev\Dev2.Data\bin\Debug\net8.0\Dev2.Data.dll [C:\Users\ultra\warewolf\Dev\Dev2.Server.Tests\Dev2.Server.Tests.csproj]
C:\Program Files\dotnet\sdk\10.0.201\Microsoft.Common.CurrentVersion.targets(2451,5): warning MSB3277:             C:\Users\ultra\warewolf\Dev\Dev2.Activities\bin\Debug\net8.0\Dev2.Activities.dll [C:\Users\ultra\warewolf\Dev\Dev2.Server.Tests\Dev2.Server.Tests.csproj]
C:\Program Files\dotnet\sdk\10.0.201\Microsoft.Common.CurrentVersion.targets(2451,5): warning MSB3277:             C:\Users\ultra\warewolf\Dev\Dev2.Core\bin\Debug\net8.0\Dev2.Core.dll [C:\Users\ultra\warewolf\Dev\Dev2.Server.Tests\Dev2.Server.Tests.csproj]
C:\Program Files\dotnet\sdk\10.0.201\Microsoft.Common.CurrentVersion.targets(2451,5): warning MSB3277:             C:\Users\ultra\warewolf\Dev\Dev2.Runtime.Services\bin\Debug\net8.0\Dev2.Runtime.Services.dll [C:\Users\ultra\warewolf\Dev\Dev2.Server.Tests\Dev2.Server.Tests.csproj]
C:\Program Files\dotnet\sdk\10.0.201\Microsoft.Common.CurrentVersion.targets(2451,5): warning MSB3277:             C:\Users\ultra\warewolf\Dev\Dev2.Runtime.WebServer\bin\Debug\net8.0\Dev2.Runtime.WebServer.dll [C:\Users\ultra\warewolf\Dev\Dev2.Server.Tests\Dev2.Server.Tests.csproj]
C:\Program Files\dotnet\sdk\10.0.201\Microsoft.Common.CurrentVersion.targets(2451,5): warning MSB3277:             C:\Users\ultra\warewolf\Dev\Dev2.Server\bin\Debug\net8.0\Warewolf Server.dll [C:\Users\ultra\warewolf\Dev\Dev2.Server.Tests\Dev2.Server.Tests.csproj]
C:\Program Files\dotnet\sdk\10.0.201\Microsoft.Common.CurrentVersion.targets(2451,5): warning MSB3277:             C:\Users\ultra\warewolf\Dev\Warewolf.Testing\bin\Debug\net8.0\Warewolf.Testing.dll [C:\Users\ultra\warewolf\Dev\Dev2.Server.Tests\Dev2.Server.Tests.csproj]
C:\Program Files\dotnet\sdk\10.0.201\Microsoft.Common.CurrentVersion.targets(2451,5): warning MSB3277:             C:\Users\ultra\warewolf\Dev\Dev2.Intellisense\bin\Debug\net8.0\Dev2.Intellisense.dll [C:\Users\ultra\warewolf\Dev\Dev2.Server.Tests\Dev2.Server.Tests.csproj]
C:\Program Files\dotnet\sdk\10.0.201\Microsoft.Common.CurrentVersion.targets(2451,5): warning MSB3277:             C:\Users\ultra\warewolf\Dev\Dev2.Runtime\bin\Debug\net8.0\Dev2.Runtime.dll [C:\Users\ultra\warewolf\Dev\Dev2.Server.Tests\Dev2.Server.Tests.csproj]
C:\Program Files\dotnet\sdk\10.0.201\Microsoft.Common.CurrentVersion.targets(2451,5): warning MSB3277:             C:\Users\ultra\warewolf\Dev\Dev2.Scheduler\bin\Debug\net8.0\Dev2.Scheduler.dll [C:\Users\ultra\warewolf\Dev\Dev2.Server.Tests\Dev2.Server.Tests.csproj]
C:\Program Files\dotnet\sdk\10.0.201\Microsoft.Common.CurrentVersion.targets(2451,5): warning MSB3277:             C:\Users\ultra\warewolf\Dev\Dev2.Services.Execution\bin\Debug\net8.0\Dev2.Services.Execution.dll [C:\Users\ultra\warewolf\Dev\Dev2.Server.Tests\Dev2.Server.Tests.csproj]
C:\Program Files\dotnet\sdk\10.0.201\Microsoft.Common.CurrentVersion.targets(2451,5): warning MSB3277:             C:\Users\ultra\warewolf\Dev\Dev2.Studio.Core\bin\Debug\net8.0\Dev2.Studio.Core.dll [C:\Users\ultra\warewolf\Dev\Dev2.Server.Tests\Dev2.Server.Tests.csproj]
C:\Program Files\dotnet\sdk\10.0.201\Microsoft.Common.CurrentVersion.targets(2451,5): warning MSB3277:             C:\Users\ultra\warewolf\Dev\Dev2.Studio.Interfaces\bin\Debug\net8.0\Dev2.Studio.Interfaces.dll [C:\Users\ultra\warewolf\Dev\Dev2.Server.Tests\Dev2.Server.Tests.csproj]
C:\Program Files\dotnet\sdk\10.0.201\Microsoft.Common.CurrentVersion.targets(2451,5): warning MSB3277:             C:\Users\ultra\warewolf\Dev\Warewolf.HangfireServer\bin\Debug\net8.0\HangfireServer.dll [C:\Users\ultra\warewolf\Dev\Dev2.Server.Tests\Dev2.Server.Tests.csproj]
C:\Program Files\dotnet\sdk\10.0.201\Microsoft.Common.CurrentVersion.targets(2451,5): warning MSB3277:             C:\Users\ultra\warewolf\Dev\Warewolf.QueueWorker\bin\Debug\net8.0\QueueWorker.dll [C:\Users\ultra\warewolf\Dev\Dev2.Server.Tests\Dev2.Server.Tests.csproj]
C:\Program Files\dotnet\sdk\10.0.201\Microsoft.Common.CurrentVersion.targets(2451,5): warning MSB3277:             C:\Users\ultra\warewolf\Dev\Warewolf.Auditing\bin\Debug\net8.0\Warewolf.Auditing.dll [C:\Users\ultra\warewolf\Dev\Dev2.Server.Tests\Dev2.Server.Tests.csproj]
C:\Program Files\dotnet\sdk\10.0.201\Microsoft.Common.CurrentVersion.targets(2451,5): warning MSB3277:             C:\Users\ultra\warewolf\Dev\Warewolf.Common.Framework48\bin\Debug\net8.0\Warewolf.Common.Framework48.dll [C:\Users\ultra\warewolf\Dev\Dev2.Server.Tests\Dev2.Server.Tests.csproj]
C:\Program Files\dotnet\sdk\10.0.201\Microsoft.Common.CurrentVersion.targets(2451,5): warning MSB3277:             C:\Users\ultra\warewolf\Dev\Warewolf.Common.NetStandard20\bin\Debug\net8.0\Warewolf.Common.NetStandard20.dll [C:\Users\ultra\warewolf\Dev\Dev2.Server.Tests\Dev2.Server.Tests.csproj]
C:\Program Files\dotnet\sdk\10.0.201\Microsoft.Common.CurrentVersion.targets(2451,5): warning MSB3277:             C:\Users\ultra\warewolf\Dev\Warewolf.Core\bin\Debug\net8.0\Warewolf.Core.dll [C:\Users\ultra\warewolf\Dev\Dev2.Server.Tests\Dev2.Server.Tests.csproj]
C:\Program Files\dotnet\sdk\10.0.201\Microsoft.Common.CurrentVersion.targets(2451,5): warning MSB3277:             C:\Users\ultra\warewolf\Dev\Warewolf.Driver.Persistence\bin\Debug\net8.0\Warewolf.Driver.Persistence.dll [C:\Users\ultra\warewolf\Dev\Dev2.Server.Tests\Dev2.Server.Tests.csproj]
C:\Program Files\dotnet\sdk\10.0.201\Microsoft.Common.CurrentVersion.targets(2451,5): warning MSB3277:             C:\Users\ultra\warewolf\Dev\Warewolf.Exchange.Email.Wrapper\bin\Debug\net8.0\Warewolf.Exchange.Email.Wrapper.dll [C:\Users\ultra\warewolf\Dev\Dev2.Server.Tests\Dev2.Server.Tests.csproj]
C:\Program Files\dotnet\sdk\10.0.201\Microsoft.Common.CurrentVersion.targets(2451,5): warning MSB3277:             C:\Users\ultra\warewolf\Dev\Warewolf.ResourceManagement\bin\Debug\net8.0\Warewolf.ResourceManagement.dll [C:\Users\ultra\warewolf\Dev\Dev2.Server.Tests\Dev2.Server.Tests.csproj]
C:\Program Files\dotnet\sdk\10.0.201\Microsoft.Common.CurrentVersion.targets(2451,5): warning MSB3277:             C:\Users\ultra\warewolf\Dev\Warewolf.Studio.Core\bin\Debug\net8.0\Warewolf.Studio.Core.dll [C:\Users\ultra\warewolf\Dev\Dev2.Server.Tests\Dev2.Server.Tests.csproj]
C:\Program Files\dotnet\sdk\10.0.201\Microsoft.Common.CurrentVersion.targets(2451,5): warning MSB3277:             C:\Users\ultra\warewolf\Dev\Warewolf.Trigger.Queue\bin\Debug\net8.0\Warewolf.Trigger.Queue.dll [C:\Users\ultra\warewolf\Dev\Dev2.Server.Tests\Dev2.Server.Tests.csproj]
C:\Program Files\dotnet\sdk\10.0.201\Microsoft.Common.CurrentVersion.targets(2451,5): warning MSB3277:             C:\Users\ultra\warewolf\Dev\Warewolf.UI\bin\Debug\net8.0\Warewolf.UI.dll [C:\Users\ultra\warewolf\Dev\Dev2.Server.Tests\Dev2.Server.Tests.csproj]
C:\Program Files\dotnet\sdk\10.0.201\Microsoft.Common.CurrentVersion.targets(2451,5): warning MSB3277:             C:\Users\ultra\warewolf\Dev\Warewolf.Logger\bin\Debug\net8.0\WarewolfLogger.dll [C:\Users\ultra\warewolf\Dev\Dev2.Server.Tests\Dev2.Server.Tests.csproj]
C:\Program Files\dotnet\sdk\10.0.201\Microsoft.Common.CurrentVersion.targets(2451,5): warning MSB3277:             C:\Users\ultra\.nuget\packages\dotnetzip\1.16.0\lib\netstandard2.0\DotNetZip.dll [C:\Users\ultra\warewolf\Dev\Dev2.Server.Tests\Dev2.Server.Tests.csproj]
C:\Program Files\dotnet\sdk\10.0.201\Microsoft.Common.CurrentVersion.targets(2451,5): warning MSB3277:             C:\Users\ultra\warewolf\Dev\Dev2.Common\bin\Debug\net8.0\Dev2.Common.dll [C:\Users\ultra\warewolf\Dev\Dev2.Server.Tests\Dev2.Server.Tests.csproj]
C:\Program Files\dotnet\sdk\10.0.201\Microsoft.Common.CurrentVersion.targets(2451,5): warning MSB3277:             C:\Users\ultra\warewolf\Dev\Dev2.Diagnostics\bin\Debug\net8.0\Dev2.Diagnostics.dll [C:\Users\ultra\warewolf\Dev\Dev2.Server.Tests\Dev2.Server.Tests.csproj]
C:\Program Files\dotnet\sdk\10.0.201\Microsoft.Common.CurrentVersion.targets(2451,5): warning MSB3277:             C:\Users\ultra\warewolf\Dev\Dev2.Data.Interfaces\bin\Debug\net8.0\Dev2.Data.Interfaces.dll [C:\Users\ultra\warewolf\Dev\Dev2.Server.Tests\Dev2.Server.Tests.csproj]
C:\Program Files\dotnet\sdk\10.0.201\Microsoft.Common.CurrentVersion.targets(2451,5): warning MSB3277:             C:\Users\ultra\warewolf\Dev\Dev2.Development.Languages\bin\Debug\net8.0\Dev2.Development.Languages.dll [C:\Users\ultra\warewolf\Dev\Dev2.Server.Tests\Dev2.Server.Tests.csproj]
C:\Program Files\dotnet\sdk\10.0.201\Microsoft.Common.CurrentVersion.targets(2451,5): warning MSB3277:             C:\Users\ultra\warewolf\Dev\Dev2.Infrastructure\bin\Debug\net8.0\Dev2.Infrastructure.dll [C:\Users\ultra\warewolf\Dev\Dev2.Server.Tests\Dev2.Server.Tests.csproj]
C:\Program Files\dotnet\sdk\10.0.201\Microsoft.Common.CurrentVersion.targets(2451,5): warning MSB3277:             C:\Users\ultra\warewolf\Dev\Dev2.Services.Sql\bin\Debug\net8.0\Dev2.Services.Sql.dll [C:\Users\ultra\warewolf\Dev\Dev2.Server.Tests\Dev2.Server.Tests.csproj]
C:\Program Files\dotnet\sdk\10.0.201\Microsoft.Common.CurrentVersion.targets(2451,5): warning MSB3277:             C:\Users\ultra\warewolf\Dev\Dev2.TaskScheduler.Wrappers\bin\Debug\net8.0\Dev2.TaskScheduler.Wrappers.dll [C:\Users\ultra\warewolf\Dev\Dev2.Server.Tests\Dev2.Server.Tests.csproj]
C:\Program Files\dotnet\sdk\10.0.201\Microsoft.Common.CurrentVersion.targets(2451,5): warning MSB3277:             C:\Users\ultra\warewolf\Dev\Dev2.Util\bin\Debug\net8.0\Dev2.Util.dll [C:\Users\ultra\warewolf\Dev\Dev2.Server.Tests\Dev2.Server.Tests.csproj]
C:\Program Files\dotnet\sdk\10.0.201\Microsoft.Common.CurrentVersion.targets(2451,5): warning MSB3277:             C:\Users\ultra\warewolf\Dev\Warewolf.AI.Harness\bin\Debug\net8.0\Warewolf.AI.Harness.dll [C:\Users\ultra\warewolf\Dev\Dev2.Server.Tests\Dev2.Server.Tests.csproj]
C:\Program Files\dotnet\sdk\10.0.201\Microsoft.Common.CurrentVersion.targets(2451,5): warning MSB3277:             C:\Users\ultra\warewolf\Dev\Warewolf.Driver.Serilog\bin\Debug\net8.0\Warewolf.Driver.Serilog.dll [C:\Users\ultra\warewolf\Dev\Dev2.Server.Tests\Dev2.Server.Tests.csproj]
C:\Program Files\dotnet\sdk\10.0.201\Microsoft.Common.CurrentVersion.targets(2451,5): warning MSB3277:             C:\Users\ultra\warewolf\Dev\Warewolf.PerfMon\bin\Debug\net8.0\Warewolf.PerfMon.dll [C:\Users\ultra\warewolf\Dev\Dev2.Server.Tests\Dev2.Server.Tests.csproj]
C:\Program Files\dotnet\sdk\10.0.201\Microsoft.Common.CurrentVersion.targets(2451,5): warning MSB3277:             C:\Users\ultra\warewolf\Dev\Warewolf.Sharepoint\bin\Debug\net8.0\Warewolf.Sharepoint.dll [C:\Users\ultra\warewolf\Dev\Dev2.Server.Tests\Dev2.Server.Tests.csproj]
C:\Program Files\dotnet\sdk\10.0.201\Microsoft.Common.CurrentVersion.targets(2451,5): warning MSB3277:             C:\Users\ultra\warewolf\Dev\Warewolf.Storage\bin\Debug\net8.0\Warewolf.Storage.dll [C:\Users\ultra\warewolf\Dev\Dev2.Server.Tests\Dev2.Server.Tests.csproj]
C:\Program Files\dotnet\sdk\10.0.201\Microsoft.Common.CurrentVersion.targets(2451,5): warning MSB3277:             C:\Users\ultra\.nuget\packages\mindbox.data.linq\5.0.0\lib\netstandard2.0\Mindbox.Data.Linq.dll [C:\Users\ultra\warewolf\Dev\Dev2.Server.Tests\Dev2.Server.Tests.csproj]
C:\Program Files\dotnet\sdk\10.0.201\Microsoft.Common.CurrentVersion.targets(2451,5): warning MSB3277:             C:\Users\ultra\.nuget\packages\mysql.data\8.4.0\lib\net8.0\MySql.Data.dll [C:\Users\ultra\warewolf\Dev\Dev2.Server.Tests\Dev2.Server.Tests.csproj]
C:\Program Files\dotnet\sdk\10.0.201\Microsoft.Common.CurrentVersion.targets(2451,5): warning MSB3277:             C:\Users\ultra\.nuget\packages\oracle.manageddataaccess.core\3.21.70\lib\netstandard2.1\Oracle.ManagedDataAccess.dll [C:\Users\ultra\warewolf\Dev\Dev2.Server.Tests\Dev2.Server.Tests.csproj]
C:\Program Files\dotnet\sdk\10.0.201\Microsoft.Common.CurrentVersion.targets(2451,5): warning MSB3277:             C:\Users\ultra\.nuget\packages\system.directoryservices\6.0.0\lib\net6.0\System.DirectoryServices.dll [C:\Users\ultra\warewolf\Dev\Dev2.Server.Tests\Dev2.Server.Tests.csproj]
C:\Program Files\dotnet\sdk\10.0.201\Microsoft.Common.CurrentVersion.targets(2451,5): warning MSB3277:             C:\Users\ultra\.nuget\packages\corewcf.primitives\1.2.1\lib\netstandard2.0\CoreWCF.Primitives.dll [C:\Users\ultra\warewolf\Dev\Dev2.Server.Tests\Dev2.Server.Tests.csproj]
C:\Program Files\dotnet\sdk\10.0.201\Microsoft.Common.CurrentVersion.targets(2451,5): warning MSB3277:             C:\Users\ultra\.nuget\packages\corewcf.http\1.2.1\lib\netstandard2.0\CoreWCF.Http.dll [C:\Users\ultra\warewolf\Dev\Dev2.Server.Tests\Dev2.Server.Tests.csproj]
C:\Program Files\dotnet\sdk\10.0.201\Microsoft.Common.CurrentVersion.targets(2451,5): warning MSB3277:             C:\Users\ultra\.nuget\packages\corewcf.nettcp\1.2.1\lib\netstandard2.0\CoreWCF.NetTcp.dll [C:\Users\ultra\warewolf\Dev\Dev2.Server.Tests\Dev2.Server.Tests.csproj]
C:\Program Files\dotnet\sdk\10.0.201\Microsoft.Common.CurrentVersion.targets(2451,5): warning MSB3277:             C:\Users\ultra\.nuget\packages\corewcf.webhttp\1.2.1\lib\netstandard2.0\CoreWCF.WebHttp.dll [C:\Users\ultra\warewolf\Dev\Dev2.Server.Tests\Dev2.Server.Tests.csproj]
C:\Program Files\dotnet\sdk\10.0.201\Microsoft.Common.CurrentVersion.targets(2451,5): warning MSB3277:             C:\Program Files\dotnet\packs\Microsoft.NETCore.App.Ref\8.0.25\ref/net8.0/System.Configuration.dll [C:\Users\ultra\warewolf\Dev\Dev2.Server.Tests\Dev2.Server.Tests.csproj]
C:\Program Files\dotnet\sdk\10.0.201\Microsoft.Common.CurrentVersion.targets(2451,5): warning MSB3277:             C:\Users\ultra\.nuget\packages\prism.wpf\9.0.537\lib\net462\Prism.Wpf.dll [C:\Users\ultra\warewolf\Dev\Dev2.Server.Tests\Dev2.Server.Tests.csproj]
C:\Program Files\dotnet\sdk\10.0.201\Microsoft.Common.CurrentVersion.targets(2451,5): warning MSB3277:             C:\Program Files\dotnet\packs\Microsoft.NETCore.App.Ref\8.0.25\ref/net8.0/System.Data.dll [C:\Users\ultra\warewolf\Dev\Dev2.Server.Tests\Dev2.Server.Tests.csproj]
C:\Program Files\dotnet\sdk\10.0.201\Microsoft.Common.CurrentVersion.targets(2451,5): warning MSB3277:             C:\Users\ultra\.nuget\packages\taskschedulereditor\2.10.1\lib\net452\Microsoft.Win32.TaskSchedulerEditor.dll [C:\Users\ultra\warewolf\Dev\Dev2.Server.Tests\Dev2.Server.Tests.csproj]
C:\Program Files\dotnet\sdk\10.0.201\Microsoft.Common.CurrentVersion.targets(2451,5): warning MSB3277:             C:\Program Files\dotnet\packs\Microsoft.NETCore.App.Ref\8.0.25\ref/net8.0/System.Drawing.dll [C:\Users\ultra\warewolf\Dev\Dev2.Server.Tests\Dev2.Server.Tests.csproj]
C:\Program Files\dotnet\sdk\10.0.201\Microsoft.Common.CurrentVersion.targets(2451,5): warning MSB3277:             C:\Users\ultra\.nuget\packages\aerowizard\2.3.1\lib\net45\AeroWizard.dll [C:\Users\ultra\warewolf\Dev\Dev2.Server.Tests\Dev2.Server.Tests.csproj]
C:\Program Files\dotnet\sdk\10.0.201\Microsoft.Common.CurrentVersion.targets(2451,5): warning MSB3277:             C:\Users\ultra\.nuget\packages\groupcontrols\1.9.0\lib\net45\GroupControls.dll [C:\Users\ultra\warewolf\Dev\Dev2.Server.Tests\Dev2.Server.Tests.csproj]
C:\Program Files\dotnet\sdk\10.0.201\Microsoft.Common.CurrentVersion.targets(2451,5): warning MSB3277:             C:\Program Files\dotnet\packs\Microsoft.NETCore.App.Ref\8.0.25\ref/net8.0/System.Net.dll [C:\Users\ultra\warewolf\Dev\Dev2.Server.Tests\Dev2.Server.Tests.csproj]
C:\Program Files\dotnet\sdk\10.0.201\Microsoft.Common.CurrentVersion.targets(2451,5): warning MSB3277:             C:\Program Files\dotnet\packs\Microsoft.NETCore.App.Ref\8.0.25\ref/net8.0/System.Security.dll [C:\Users\ultra\warewolf\Dev\Dev2.Server.Tests\Dev2.Server.Tests.csproj]
C:\Program Files\dotnet\sdk\10.0.201\Microsoft.Common.CurrentVersion.targets(2451,5): warning MSB3277:             C:\Program Files\dotnet\packs\Microsoft.NETCore.App.Ref\8.0.25\ref/net8.0/System.ServiceProcess.dll [C:\Users\ultra\warewolf\Dev\Dev2.Server.Tests\Dev2.Server.Tests.csproj]
C:\Program Files\dotnet\sdk\10.0.201\Microsoft.Common.CurrentVersion.targets(2451,5): warning MSB3277:             C:\Program Files\dotnet\packs\Microsoft.NETCore.App.Ref\8.0.25\ref/net8.0/System.Transactions.dll [C:\Users\ultra\warewolf\Dev\Dev2.Server.Tests\Dev2.Server.Tests.csproj]
C:\Program Files\dotnet\sdk\10.0.201\Microsoft.Common.CurrentVersion.targets(2451,5): warning MSB3277:             C:\Program Files\dotnet\packs\Microsoft.NETCore.App.Ref\8.0.25\ref/net8.0/System.dll [C:\Users\ultra\warewolf\Dev\Dev2.Server.Tests\Dev2.Server.Tests.csproj]
C:\Program Files\dotnet\sdk\10.0.201\Microsoft.Common.CurrentVersion.targets(2451,5): warning MSB3277:             C:\Users\ultra\.nuget\packages\microsoft.xaml.behaviors.wpf\1.1.122\lib\net462\Microsoft.Xaml.Behaviors.dll [C:\Users\ultra\warewolf\Dev\Dev2.Server.Tests\Dev2.Server.Tests.csproj]
C:\Program Files\dotnet\sdk\10.0.201\Microsoft.Common.CurrentVersion.targets(2451,5): warning MSB3277:             C:\Users\ultra\.nuget\packages\caliburn.micro\4.0.212\lib\netcoreapp3.1\Caliburn.Micro.Platform.dll [C:\Users\ultra\warewolf\Dev\Dev2.Server.Tests\Dev2.Server.Tests.csproj]
C:\Program Files\dotnet\sdk\10.0.201\Microsoft.Common.CurrentVersion.targets(2451,5): warning MSB3277:             C:\Users\ultra\.nuget\packages\reactiveui.wpf\18.4.1\lib\net462\ReactiveUI.Wpf.dll [C:\Users\ultra\warewolf\Dev\Dev2.Server.Tests\Dev2.Server.Tests.csproj]
C:\Program Files\dotnet\sdk\10.0.201\Microsoft.Common.CurrentVersion.targets(2451,5): warning MSB3277:             C:\Users\ultra\.nuget\packages\ttcue.netcore.sharepointonline.csom.16.1.8029.1200\16.1.8029.1200\lib\netcoreapp2.0\Microsoft.SharePoint.Client.Runtime.Windows.dll [C:\Users\ultra\warewolf\Dev\Dev2.Server.Tests\Dev2.Server.Tests.csproj]
C:\Program Files\dotnet\sdk\10.0.201\Microsoft.Common.CurrentVersion.targets(2451,5): warning MSB3277:             C:\Program Files\dotnet\packs\Microsoft.NETCore.App.Ref\8.0.25\ref/net8.0/WindowsBase.dll [C:\Users\ultra\warewolf\Dev\Dev2.Server.Tests\Dev2.Server.Tests.csproj]
C:\Program Files\dotnet\sdk\10.0.201\Microsoft.Common.CurrentVersion.targets(2451,5): warning MSB3277:             C:\Program Files\dotnet\packs\Microsoft.NETCore.App.Ref\8.0.25\ref/net8.0/mscorlib.dll [C:\Users\ultra\warewolf\Dev\Dev2.Server.Tests\Dev2.Server.Tests.csproj]
C:\Program Files\dotnet\sdk\10.0.201\Microsoft.Common.CurrentVersion.targets(2451,5): warning MSB3277:             Warewolf.Usage, Version=1.0.0.0, Culture=neutral, PublicKeyToken=null [C:\Users\ultra\warewolf\Dev\Dev2.Server.Tests\Dev2.Server.Tests.csproj]
C:\Program Files\dotnet\sdk\10.0.201\Microsoft.Common.CurrentVersion.targets(2451,5): warning MSB3277:             C:\Users\ultra\.nuget\packages\hangfire.core\1.7.32\lib\netstandard2.0\Hangfire.Core.dll [C:\Users\ultra\warewolf\Dev\Dev2.Server.Tests\Dev2.Server.Tests.csproj]
C:\Program Files\dotnet\sdk\10.0.201\Microsoft.Common.CurrentVersion.targets(2451,5): warning MSB3277:             C:\Users\ultra\.nuget\packages\hangfire.aspnetcore\1.7.32\lib\netcoreapp3.0\Hangfire.AspNetCore.dll [C:\Users\ultra\warewolf\Dev\Dev2.Server.Tests\Dev2.Server.Tests.csproj]
C:\Program Files\dotnet\sdk\10.0.201\Microsoft.Common.CurrentVersion.targets(2451,5): warning MSB3277:             C:\Users\ultra\.nuget\packages\hangfire.sqlserver\1.7.32\lib\netstandard2.0\Hangfire.SqlServer.dll [C:\Users\ultra\warewolf\Dev\Dev2.Server.Tests\Dev2.Server.Tests.csproj]
C:\Program Files\dotnet\sdk\10.0.201\Microsoft.Common.CurrentVersion.targets(2451,5): warning MSB3277:             C:\Users\ultra\.nuget\packages\microsoft.codecoverage\17.13.0\lib\netcoreapp3.1\Microsoft.VisualStudio.CodeCoverage.Shim.dll [C:\Users\ultra\warewolf\Dev\Dev2.Server.Tests\Dev2.Server.Tests.csproj]
C:\Program Files\dotnet\sdk\10.0.201\Microsoft.Common.CurrentVersion.targets(2451,5): warning MSB3277:         C:\Program Files\dotnet\packs\Microsoft.NETCore.App.Ref\8.0.25\ref\net8.0\System.Drawing.dll [C:\Users\ultra\warewolf\Dev\Dev2.Server.Tests\Dev2.Server.Tests.csproj]
C:\Program Files\dotnet\sdk\10.0.201\Microsoft.Common.CurrentVersion.targets(2451,5): warning MSB3277:           Project file item includes which caused reference "C:\Program Files\dotnet\packs\Microsoft.NETCore.App.Ref\8.0.25\ref\net8.0\System.Drawing.dll". [C:\Users\ultra\warewolf\Dev\Dev2.Server.Tests\Dev2.Server.Tests.csproj]
C:\Program Files\dotnet\sdk\10.0.201\Microsoft.Common.CurrentVersion.targets(2451,5): warning MSB3277:             C:\Program Files\dotnet\packs\Microsoft.NETCore.App.Ref\8.0.25\ref/net8.0/System.Drawing.dll [C:\Users\ultra\warewolf\Dev\Dev2.Server.Tests\Dev2.Server.Tests.csproj]
C:\Program Files\dotnet\sdk\10.0.201\Microsoft.Common.CurrentVersion.targets(2451,5): warning MSB3277:             C:\Users\ultra\.nuget\packages\aerowizard\2.3.1\lib\net45\AeroWizard.dll [C:\Users\ultra\warewolf\Dev\Dev2.Server.Tests\Dev2.Server.Tests.csproj]
C:\Program Files\dotnet\sdk\10.0.201\Microsoft.Common.CurrentVersion.targets(2451,5): warning MSB3277:             C:\Users\ultra\.nuget\packages\groupcontrols\1.9.0\lib\net45\GroupControls.dll [C:\Users\ultra\warewolf\Dev\Dev2.Server.Tests\Dev2.Server.Tests.csproj]
C:\Program Files\dotnet\sdk\10.0.201\Microsoft.Common.CurrentVersion.targets(2451,5): warning MSB3277:             C:\Users\ultra\.nuget\packages\taskschedulereditor\2.10.1\lib\net452\Microsoft.Win32.TaskSchedulerEditor.dll [C:\Users\ultra\warewolf\Dev\Dev2.Server.Tests\Dev2.Server.Tests.csproj]
C:\Program Files\dotnet\sdk\10.0.201\Microsoft.Common.CurrentVersion.targets(2451,5): warning MSB3277: Found conflicts between different versions of "WindowsBase" that could not be resolved. [C:\Users\ultra\warewolf\Dev\Dev2.Diagnostics.Tests\Dev2.Diagnostics.Tests.csproj]
C:\Program Files\dotnet\sdk\10.0.201\Microsoft.Common.CurrentVersion.targets(2451,5): warning MSB3277: There was a conflict between "WindowsBase, Version=4.0.0.0, Culture=neutral, PublicKeyToken=31bf3856ad364e35" and "WindowsBase, Version=6.0.2.0, Culture=neutral, PublicKeyToken=31bf3856ad364e35". [C:\Users\ultra\warewolf\Dev\Dev2.Diagnostics.Tests\Dev2.Diagnostics.Tests.csproj]
C:\Program Files\dotnet\sdk\10.0.201\Microsoft.Common.CurrentVersion.targets(2451,5): warning MSB3277:     "WindowsBase, Version=4.0.0.0, Culture=neutral, PublicKeyToken=31bf3856ad364e35" was chosen because it was primary and "WindowsBase, Version=6.0.2.0, Culture=neutral, PublicKeyToken=31bf3856ad364e35" was not. [C:\Users\ultra\warewolf\Dev\Dev2.Diagnostics.Tests\Dev2.Diagnostics.Tests.csproj]
C:\Program Files\dotnet\sdk\10.0.201\Microsoft.Common.CurrentVersion.targets(2451,5): warning MSB3277:     References which depend on "WindowsBase, Version=4.0.0.0, Culture=neutral, PublicKeyToken=31bf3856ad364e35" [C:\Program Files\dotnet\packs\Microsoft.NETCore.App.Ref\8.0.25\ref\net8.0\WindowsBase.dll]. [C:\Users\ultra\warewolf\Dev\Dev2.Diagnostics.Tests\Dev2.Diagnostics.Tests.csproj]
C:\Program Files\dotnet\sdk\10.0.201\Microsoft.Common.CurrentVersion.targets(2451,5): warning MSB3277:         C:\Program Files\dotnet\packs\Microsoft.NETCore.App.Ref\8.0.25\ref\net8.0\WindowsBase.dll [C:\Users\ultra\warewolf\Dev\Dev2.Diagnostics.Tests\Dev2.Diagnostics.Tests.csproj]
C:\Program Files\dotnet\sdk\10.0.201\Microsoft.Common.CurrentVersion.targets(2451,5): warning MSB3277:           Project file item includes which caused reference "C:\Program Files\dotnet\packs\Microsoft.NETCore.App.Ref\8.0.25\ref\net8.0\WindowsBase.dll". [C:\Users\ultra\warewolf\Dev\Dev2.Diagnostics.Tests\Dev2.Diagnostics.Tests.csproj]
C:\Program Files\dotnet\sdk\10.0.201\Microsoft.Common.CurrentVersion.targets(2451,5): warning MSB3277:             C:\Program Files\dotnet\packs\Microsoft.NETCore.App.Ref\8.0.25\ref/net8.0/WindowsBase.dll [C:\Users\ultra\warewolf\Dev\Dev2.Diagnostics.Tests\Dev2.Diagnostics.Tests.csproj]
C:\Program Files\dotnet\sdk\10.0.201\Microsoft.Common.CurrentVersion.targets(2451,5): warning MSB3277:     References which depend on or have been unified to "WindowsBase, Version=6.0.2.0, Culture=neutral, PublicKeyToken=31bf3856ad364e35" []. [C:\Users\ultra\warewolf\Dev\Dev2.Diagnostics.Tests\Dev2.Diagnostics.Tests.csproj]
C:\Program Files\dotnet\sdk\10.0.201\Microsoft.Common.CurrentVersion.targets(2451,5): warning MSB3277:         C:\Users\ultra\.nuget\packages\caliburn.micro\4.0.212\lib\netcoreapp3.1\Caliburn.Micro.Platform.dll [C:\Users\ultra\warewolf\Dev\Dev2.Diagnostics.Tests\Dev2.Diagnostics.Tests.csproj]
C:\Program Files\dotnet\sdk\10.0.201\Microsoft.Common.CurrentVersion.targets(2451,5): warning MSB3277:           Project file item includes which caused reference "C:\Users\ultra\.nuget\packages\caliburn.micro\4.0.212\lib\netcoreapp3.1\Caliburn.Micro.Platform.dll". [C:\Users\ultra\warewolf\Dev\Dev2.Diagnostics.Tests\Dev2.Diagnostics.Tests.csproj]
C:\Program Files\dotnet\sdk\10.0.201\Microsoft.Common.CurrentVersion.targets(2451,5): warning MSB3277:             C:\Users\ultra\.nuget\packages\caliburn.micro\4.0.212\lib\netcoreapp3.1\Caliburn.Micro.Platform.dll [C:\Users\ultra\warewolf\Dev\Dev2.Diagnostics.Tests\Dev2.Diagnostics.Tests.csproj]
C:\Program Files\dotnet\sdk\10.0.201\Microsoft.Common.CurrentVersion.targets(2451,5): warning MSB3277:         C:\Users\ultra\.nuget\packages\ironpython\3.4.0\lib\net6.0\IronPython.Wpf.dll [C:\Users\ultra\warewolf\Dev\Dev2.Diagnostics.Tests\Dev2.Diagnostics.Tests.csproj]
C:\Program Files\dotnet\sdk\10.0.201\Microsoft.Common.CurrentVersion.targets(2451,5): warning MSB3277:           Project file item includes which caused reference "C:\Users\ultra\.nuget\packages\ironpython\3.4.0\lib\net6.0\IronPython.Wpf.dll". [C:\Users\ultra\warewolf\Dev\Dev2.Diagnostics.Tests\Dev2.Diagnostics.Tests.csproj]
C:\Program Files\dotnet\sdk\10.0.201\Microsoft.Common.CurrentVersion.targets(2451,5): warning MSB3277:             C:\Users\ultra\.nuget\packages\ironpython\3.4.0\lib\net6.0\IronPython.Wpf.dll [C:\Users\ultra\warewolf\Dev\Dev2.Diagnostics.Tests\Dev2.Diagnostics.Tests.csproj]
C:\Program Files\dotnet\sdk\10.0.201\Microsoft.Common.CurrentVersion.targets(2451,5): warning MSB3277:         C:\Users\ultra\.nuget\packages\microsoft.xaml.behaviors.wpf\1.1.122\lib\net462\Microsoft.Xaml.Behaviors.dll [C:\Users\ultra\warewolf\Dev\Dev2.Diagnostics.Tests\Dev2.Diagnostics.Tests.csproj]
C:\Program Files\dotnet\sdk\10.0.201\Microsoft.Common.CurrentVersion.targets(2451,5): warning MSB3277:           Project file item includes which caused reference "C:\Users\ultra\.nuget\packages\microsoft.xaml.behaviors.wpf\1.1.122\lib\net462\Microsoft.Xaml.Behaviors.dll". [C:\Users\ultra\warewolf\Dev\Dev2.Diagnostics.Tests\Dev2.Diagnostics.Tests.csproj]
C:\Program Files\dotnet\sdk\10.0.201\Microsoft.Common.CurrentVersion.targets(2451,5): warning MSB3277:             C:\Users\ultra\.nuget\packages\microsoft.xaml.behaviors.wpf\1.1.122\lib\net462\Microsoft.Xaml.Behaviors.dll [C:\Users\ultra\warewolf\Dev\Dev2.Diagnostics.Tests\Dev2.Diagnostics.Tests.csproj]
C:\Program Files\dotnet\sdk\10.0.201\Microsoft.Common.CurrentVersion.targets(2451,5): warning MSB3277:             C:\Users\ultra\.nuget\packages\caliburn.micro\4.0.212\lib\netcoreapp3.1\Caliburn.Micro.Platform.dll [C:\Users\ultra\warewolf\Dev\Dev2.Diagnostics.Tests\Dev2.Diagnostics.Tests.csproj]
C:\Program Files\dotnet\sdk\10.0.201\Microsoft.Common.CurrentVersion.targets(2451,5): warning MSB3277:             C:\Users\ultra\.nuget\packages\prism.wpf\9.0.537\lib\net462\Prism.Wpf.dll [C:\Users\ultra\warewolf\Dev\Dev2.Diagnostics.Tests\Dev2.Diagnostics.Tests.csproj]
C:\Program Files\dotnet\sdk\10.0.201\Microsoft.Common.CurrentVersion.targets(2451,5): warning MSB3277:         C:\Users\ultra\.nuget\packages\prism.wpf\9.0.537\lib\net462\Prism.Wpf.dll [C:\Users\ultra\warewolf\Dev\Dev2.Diagnostics.Tests\Dev2.Diagnostics.Tests.csproj]
C:\Program Files\dotnet\sdk\10.0.201\Microsoft.Common.CurrentVersion.targets(2451,5): warning MSB3277:           Project file item includes which caused reference "C:\Users\ultra\.nuget\packages\prism.wpf\9.0.537\lib\net462\Prism.Wpf.dll". [C:\Users\ultra\warewolf\Dev\Dev2.Diagnostics.Tests\Dev2.Diagnostics.Tests.csproj]
C:\Program Files\dotnet\sdk\10.0.201\Microsoft.Common.CurrentVersion.targets(2451,5): warning MSB3277:             C:\Users\ultra\.nuget\packages\prism.wpf\9.0.537\lib\net462\Prism.Wpf.dll [C:\Users\ultra\warewolf\Dev\Dev2.Diagnostics.Tests\Dev2.Diagnostics.Tests.csproj]
C:\Program Files\dotnet\sdk\10.0.201\Microsoft.Common.CurrentVersion.targets(2451,5): warning MSB3277:         C:\Users\ultra\.nuget\packages\reactiveui.wpf\18.4.1\lib\net462\ReactiveUI.Wpf.dll [C:\Users\ultra\warewolf\Dev\Dev2.Diagnostics.Tests\Dev2.Diagnostics.Tests.csproj]
C:\Program Files\dotnet\sdk\10.0.201\Microsoft.Common.CurrentVersion.targets(2451,5): warning MSB3277:           Project file item includes which caused reference "C:\Users\ultra\.nuget\packages\reactiveui.wpf\18.4.1\lib\net462\ReactiveUI.Wpf.dll". [C:\Users\ultra\warewolf\Dev\Dev2.Diagnostics.Tests\Dev2.Diagnostics.Tests.csproj]
C:\Program Files\dotnet\sdk\10.0.201\Microsoft.Common.CurrentVersion.targets(2451,5): warning MSB3277:             C:\Users\ultra\.nuget\packages\reactiveui.wpf\18.4.1\lib\net462\ReactiveUI.Wpf.dll [C:\Users\ultra\warewolf\Dev\Dev2.Diagnostics.Tests\Dev2.Diagnostics.Tests.csproj]
C:\Program Files\dotnet\sdk\10.0.201\Microsoft.Common.CurrentVersion.targets(2451,5): warning MSB3277: Found conflicts between different versions of "System.Drawing.Common" that could not be resolved. [C:\Users\ultra\warewolf\Dev\Dev2.Diagnostics.Tests\Dev2.Diagnostics.Tests.csproj]
C:\Program Files\dotnet\sdk\10.0.201\Microsoft.Common.CurrentVersion.targets(2451,5): warning MSB3277: There was a conflict between "System.Drawing.Common, Version=6.0.0.0, Culture=neutral, PublicKeyToken=cc7b13ffcd2ddd51" and "System.Drawing.Common, Version=8.0.0.0, Culture=neutral, PublicKeyToken=cc7b13ffcd2ddd51". [C:\Users\ultra\warewolf\Dev\Dev2.Diagnostics.Tests\Dev2.Diagnostics.Tests.csproj]
C:\Program Files\dotnet\sdk\10.0.201\Microsoft.Common.CurrentVersion.targets(2451,5): warning MSB3277:     "System.Drawing.Common, Version=6.0.0.0, Culture=neutral, PublicKeyToken=cc7b13ffcd2ddd51" was chosen because it was primary and "System.Drawing.Common, Version=8.0.0.0, Culture=neutral, PublicKeyToken=cc7b13ffcd2ddd51" was not. [C:\Users\ultra\warewolf\Dev\Dev2.Diagnostics.Tests\Dev2.Diagnostics.Tests.csproj]
C:\Program Files\dotnet\sdk\10.0.201\Microsoft.Common.CurrentVersion.targets(2451,5): warning MSB3277:     References which depend on "System.Drawing.Common, Version=6.0.0.0, Culture=neutral, PublicKeyToken=cc7b13ffcd2ddd51" [C:\Users\ultra\.nuget\packages\system.drawing.common\6.0.0\lib\net6.0\System.Drawing.Common.dll]. [C:\Users\ultra\warewolf\Dev\Dev2.Diagnostics.Tests\Dev2.Diagnostics.Tests.csproj]
C:\Program Files\dotnet\sdk\10.0.201\Microsoft.Common.CurrentVersion.targets(2451,5): warning MSB3277:         C:\Users\ultra\.nuget\packages\system.drawing.common\6.0.0\lib\net6.0\System.Drawing.Common.dll [C:\Users\ultra\warewolf\Dev\Dev2.Diagnostics.Tests\Dev2.Diagnostics.Tests.csproj]
C:\Program Files\dotnet\sdk\10.0.201\Microsoft.Common.CurrentVersion.targets(2451,5): warning MSB3277:           Project file item includes which caused reference "C:\Users\ultra\.nuget\packages\system.drawing.common\6.0.0\lib\net6.0\System.Drawing.Common.dll". [C:\Users\ultra\warewolf\Dev\Dev2.Diagnostics.Tests\Dev2.Diagnostics.Tests.csproj]
C:\Program Files\dotnet\sdk\10.0.201\Microsoft.Common.CurrentVersion.targets(2451,5): warning MSB3277:             C:\Users\ultra\.nuget\packages\system.drawing.common\6.0.0\lib\net6.0\System.Drawing.Common.dll [C:\Users\ultra\warewolf\Dev\Dev2.Diagnostics.Tests\Dev2.Diagnostics.Tests.csproj]
C:\Program Files\dotnet\sdk\10.0.201\Microsoft.Common.CurrentVersion.targets(2451,5): warning MSB3277:     References which depend on or have been unified to "System.Drawing.Common, Version=8.0.0.0, Culture=neutral, PublicKeyToken=cc7b13ffcd2ddd51" []. [C:\Users\ultra\warewolf\Dev\Dev2.Diagnostics.Tests\Dev2.Diagnostics.Tests.csproj]
C:\Program Files\dotnet\sdk\10.0.201\Microsoft.Common.CurrentVersion.targets(2451,5): warning MSB3277:         C:\Users\ultra\.nuget\packages\servicestack\6.3.0\lib\net6.0\ServiceStack.dll [C:\Users\ultra\warewolf\Dev\Dev2.Diagnostics.Tests\Dev2.Diagnostics.Tests.csproj]
C:\Program Files\dotnet\sdk\10.0.201\Microsoft.Common.CurrentVersion.targets(2451,5): warning MSB3277:           Project file item includes which caused reference "C:\Users\ultra\.nuget\packages\servicestack\6.3.0\lib\net6.0\ServiceStack.dll". [C:\Users\ultra\warewolf\Dev\Dev2.Diagnostics.Tests\Dev2.Diagnostics.Tests.csproj]
C:\Program Files\dotnet\sdk\10.0.201\Microsoft.Common.CurrentVersion.targets(2451,5): warning MSB3277:             C:\Users\ultra\.nuget\packages\servicestack\6.3.0\lib\net6.0\ServiceStack.dll [C:\Users\ultra\warewolf\Dev\Dev2.Diagnostics.Tests\Dev2.Diagnostics.Tests.csproj]
C:\Program Files\dotnet\sdk\10.0.201\Microsoft.Common.CurrentVersion.targets(2451,5): warning MSB3277:         C:\Users\ultra\.nuget\packages\system.windows.extensions\8.0.0\lib\net8.0\System.Windows.Extensions.dll [C:\Users\ultra\warewolf\Dev\Dev2.Diagnostics.Tests\Dev2.Diagnostics.Tests.csproj]
C:\Program Files\dotnet\sdk\10.0.201\Microsoft.Common.CurrentVersion.targets(2451,5): warning MSB3277:           Project file item includes which caused reference "C:\Users\ultra\.nuget\packages\system.windows.extensions\8.0.0\lib\net8.0\System.Windows.Extensions.dll". [C:\Users\ultra\warewolf\Dev\Dev2.Diagnostics.Tests\Dev2.Diagnostics.Tests.csproj]
C:\Program Files\dotnet\sdk\10.0.201\Microsoft.Common.CurrentVersion.targets(2451,5): warning MSB3277:             C:\Users\ultra\.nuget\packages\system.windows.extensions\8.0.0\lib\net8.0\System.Windows.Extensions.dll [C:\Users\ultra\warewolf\Dev\Dev2.Diagnostics.Tests\Dev2.Diagnostics.Tests.csproj]
C:\Program Files\dotnet\sdk\10.0.201\Microsoft.Common.CurrentVersion.targets(2451,5): warning MSB3277:             C:\Users\ultra\.nuget\packages\system.security.permissions\8.0.0\lib\net8.0\System.Security.Permissions.dll [C:\Users\ultra\warewolf\Dev\Dev2.Diagnostics.Tests\Dev2.Diagnostics.Tests.csproj]
C:\Program Files\dotnet\sdk\10.0.201\Microsoft.Common.CurrentVersion.targets(2451,5): warning MSB3277:             C:\Users\ultra\warewolf\Dev\Dev2.Data\bin\Debug\net8.0\Dev2.Data.dll [C:\Users\ultra\warewolf\Dev\Dev2.Diagnostics.Tests\Dev2.Diagnostics.Tests.csproj]
C:\Program Files\dotnet\sdk\10.0.201\Microsoft.Common.CurrentVersion.targets(2451,5): warning MSB3277:             C:\Users\ultra\warewolf\Dev\Dev2.Core\bin\Debug\net8.0\Dev2.Core.dll [C:\Users\ultra\warewolf\Dev\Dev2.Diagnostics.Tests\Dev2.Diagnostics.Tests.csproj]
C:\Program Files\dotnet\sdk\10.0.201\Microsoft.Common.CurrentVersion.targets(2451,5): warning MSB3277:             C:\Users\ultra\warewolf\Dev\Dev2.Runtime.Services\bin\Debug\net8.0\Dev2.Runtime.Services.dll [C:\Users\ultra\warewolf\Dev\Dev2.Diagnostics.Tests\Dev2.Diagnostics.Tests.csproj]
C:\Program Files\dotnet\sdk\10.0.201\Microsoft.Common.CurrentVersion.targets(2451,5): warning MSB3277:             C:\Users\ultra\warewolf\Dev\Dev2.Runtime\bin\Debug\net8.0\Dev2.Runtime.dll [C:\Users\ultra\warewolf\Dev\Dev2.Diagnostics.Tests\Dev2.Diagnostics.Tests.csproj]
C:\Program Files\dotnet\sdk\10.0.201\Microsoft.Common.CurrentVersion.targets(2451,5): warning MSB3277:             C:\Users\ultra\warewolf\Dev\Dev2.Server\bin\Debug\net8.0\Warewolf Server.dll [C:\Users\ultra\warewolf\Dev\Dev2.Diagnostics.Tests\Dev2.Diagnostics.Tests.csproj]
C:\Program Files\dotnet\sdk\10.0.201\Microsoft.Common.CurrentVersion.targets(2451,5): warning MSB3277:             C:\Users\ultra\warewolf\Dev\Warewolf.Testing\bin\Debug\net8.0\Warewolf.Testing.dll [C:\Users\ultra\warewolf\Dev\Dev2.Diagnostics.Tests\Dev2.Diagnostics.Tests.csproj]
C:\Program Files\dotnet\sdk\10.0.201\Microsoft.Common.CurrentVersion.targets(2451,5): warning MSB3277:             C:\Users\ultra\warewolf\Dev\Dev2.Activities\bin\Debug\net8.0\Dev2.Activities.dll [C:\Users\ultra\warewolf\Dev\Dev2.Diagnostics.Tests\Dev2.Diagnostics.Tests.csproj]
C:\Program Files\dotnet\sdk\10.0.201\Microsoft.Common.CurrentVersion.targets(2451,5): warning MSB3277:             C:\Users\ultra\warewolf\Dev\Dev2.Intellisense\bin\Debug\net8.0\Dev2.Intellisense.dll [C:\Users\ultra\warewolf\Dev\Dev2.Diagnostics.Tests\Dev2.Diagnostics.Tests.csproj]
C:\Program Files\dotnet\sdk\10.0.201\Microsoft.Common.CurrentVersion.targets(2451,5): warning MSB3277:             C:\Users\ultra\warewolf\Dev\Dev2.Runtime.WebServer\bin\Debug\net8.0\Dev2.Runtime.WebServer.dll [C:\Users\ultra\warewolf\Dev\Dev2.Diagnostics.Tests\Dev2.Diagnostics.Tests.csproj]
C:\Program Files\dotnet\sdk\10.0.201\Microsoft.Common.CurrentVersion.targets(2451,5): warning MSB3277:             C:\Users\ultra\warewolf\Dev\Dev2.Scheduler\bin\Debug\net8.0\Dev2.Scheduler.dll [C:\Users\ultra\warewolf\Dev\Dev2.Diagnostics.Tests\Dev2.Diagnostics.Tests.csproj]
C:\Program Files\dotnet\sdk\10.0.201\Microsoft.Common.CurrentVersion.targets(2451,5): warning MSB3277:             C:\Users\ultra\warewolf\Dev\Dev2.Services.Execution\bin\Debug\net8.0\Dev2.Services.Execution.dll [C:\Users\ultra\warewolf\Dev\Dev2.Diagnostics.Tests\Dev2.Diagnostics.Tests.csproj]
C:\Program Files\dotnet\sdk\10.0.201\Microsoft.Common.CurrentVersion.targets(2451,5): warning MSB3277:             C:\Users\ultra\warewolf\Dev\Dev2.Studio.Core\bin\Debug\net8.0\Dev2.Studio.Core.dll [C:\Users\ultra\warewolf\Dev\Dev2.Diagnostics.Tests\Dev2.Diagnostics.Tests.csproj]
C:\Program Files\dotnet\sdk\10.0.201\Microsoft.Common.CurrentVersion.targets(2451,5): warning MSB3277:             C:\Users\ultra\warewolf\Dev\Dev2.Studio.Interfaces\bin\Debug\net8.0\Dev2.Studio.Interfaces.dll [C:\Users\ultra\warewolf\Dev\Dev2.Diagnostics.Tests\Dev2.Diagnostics.Tests.csproj]
C:\Program Files\dotnet\sdk\10.0.201\Microsoft.Common.CurrentVersion.targets(2451,5): warning MSB3277:             C:\Users\ultra\warewolf\Dev\Warewolf.HangfireServer\bin\Debug\net8.0\HangfireServer.dll [C:\Users\ultra\warewolf\Dev\Dev2.Diagnostics.Tests\Dev2.Diagnostics.Tests.csproj]
C:\Program Files\dotnet\sdk\10.0.201\Microsoft.Common.CurrentVersion.targets(2451,5): warning MSB3277:             C:\Users\ultra\warewolf\Dev\Warewolf.QueueWorker\bin\Debug\net8.0\QueueWorker.dll [C:\Users\ultra\warewolf\Dev\Dev2.Diagnostics.Tests\Dev2.Diagnostics.Tests.csproj]
C:\Program Files\dotnet\sdk\10.0.201\Microsoft.Common.CurrentVersion.targets(2451,5): warning MSB3277:             C:\Users\ultra\warewolf\Dev\Warewolf.Auditing\bin\Debug\net8.0\Warewolf.Auditing.dll [C:\Users\ultra\warewolf\Dev\Dev2.Diagnostics.Tests\Dev2.Diagnostics.Tests.csproj]
C:\Program Files\dotnet\sdk\10.0.201\Microsoft.Common.CurrentVersion.targets(2451,5): warning MSB3277:             C:\Users\ultra\warewolf\Dev\Warewolf.Common.Framework48\bin\Debug\net8.0\Warewolf.Common.Framework48.dll [C:\Users\ultra\warewolf\Dev\Dev2.Diagnostics.Tests\Dev2.Diagnostics.Tests.csproj]
C:\Program Files\dotnet\sdk\10.0.201\Microsoft.Common.CurrentVersion.targets(2451,5): warning MSB3277:             C:\Users\ultra\warewolf\Dev\Warewolf.Common.NetStandard20\bin\Debug\net8.0\Warewolf.Common.NetStandard20.dll [C:\Users\ultra\warewolf\Dev\Dev2.Diagnostics.Tests\Dev2.Diagnostics.Tests.csproj]
C:\Program Files\dotnet\sdk\10.0.201\Microsoft.Common.CurrentVersion.targets(2451,5): warning MSB3277:             C:\Users\ultra\warewolf\Dev\Warewolf.Core\bin\Debug\net8.0\Warewolf.Core.dll [C:\Users\ultra\warewolf\Dev\Dev2.Diagnostics.Tests\Dev2.Diagnostics.Tests.csproj]
C:\Program Files\dotnet\sdk\10.0.201\Microsoft.Common.CurrentVersion.targets(2451,5): warning MSB3277:             C:\Users\ultra\warewolf\Dev\Warewolf.Driver.Persistence\bin\Debug\net8.0\Warewolf.Driver.Persistence.dll [C:\Users\ultra\warewolf\Dev\Dev2.Diagnostics.Tests\Dev2.Diagnostics.Tests.csproj]
C:\Program Files\dotnet\sdk\10.0.201\Microsoft.Common.CurrentVersion.targets(2451,5): warning MSB3277:             C:\Users\ultra\warewolf\Dev\Warewolf.Exchange.Email.Wrapper\bin\Debug\net8.0\Warewolf.Exchange.Email.Wrapper.dll [C:\Users\ultra\warewolf\Dev\Dev2.Diagnostics.Tests\Dev2.Diagnostics.Tests.csproj]
C:\Program Files\dotnet\sdk\10.0.201\Microsoft.Common.CurrentVersion.targets(2451,5): warning MSB3277:             C:\Users\ultra\warewolf\Dev\Warewolf.ResourceManagement\bin\Debug\net8.0\Warewolf.ResourceManagement.dll [C:\Users\ultra\warewolf\Dev\Dev2.Diagnostics.Tests\Dev2.Diagnostics.Tests.csproj]
C:\Program Files\dotnet\sdk\10.0.201\Microsoft.Common.CurrentVersion.targets(2451,5): warning MSB3277:             C:\Users\ultra\warewolf\Dev\Warewolf.Studio.Core\bin\Debug\net8.0\Warewolf.Studio.Core.dll [C:\Users\ultra\warewolf\Dev\Dev2.Diagnostics.Tests\Dev2.Diagnostics.Tests.csproj]
C:\Program Files\dotnet\sdk\10.0.201\Microsoft.Common.CurrentVersion.targets(2451,5): warning MSB3277:             C:\Users\ultra\warewolf\Dev\Warewolf.Trigger.Queue\bin\Debug\net8.0\Warewolf.Trigger.Queue.dll [C:\Users\ultra\warewolf\Dev\Dev2.Diagnostics.Tests\Dev2.Diagnostics.Tests.csproj]
C:\Program Files\dotnet\sdk\10.0.201\Microsoft.Common.CurrentVersion.targets(2451,5): warning MSB3277:             C:\Users\ultra\warewolf\Dev\Warewolf.UI\bin\Debug\net8.0\Warewolf.UI.dll [C:\Users\ultra\warewolf\Dev\Dev2.Diagnostics.Tests\Dev2.Diagnostics.Tests.csproj]
C:\Program Files\dotnet\sdk\10.0.201\Microsoft.Common.CurrentVersion.targets(2451,5): warning MSB3277:             C:\Users\ultra\warewolf\Dev\Warewolf.Logger\bin\Debug\net8.0\WarewolfLogger.dll [C:\Users\ultra\warewolf\Dev\Dev2.Diagnostics.Tests\Dev2.Diagnostics.Tests.csproj]
C:\Program Files\dotnet\sdk\10.0.201\Microsoft.Common.CurrentVersion.targets(2451,5): warning MSB3277:             C:\Users\ultra\.nuget\packages\dotnetzip\1.16.0\lib\netstandard2.0\DotNetZip.dll [C:\Users\ultra\warewolf\Dev\Dev2.Diagnostics.Tests\Dev2.Diagnostics.Tests.csproj]
C:\Program Files\dotnet\sdk\10.0.201\Microsoft.Common.CurrentVersion.targets(2451,5): warning MSB3277:             C:\Users\ultra\warewolf\Dev\Dev2.Common\bin\Debug\net8.0\Dev2.Common.dll [C:\Users\ultra\warewolf\Dev\Dev2.Diagnostics.Tests\Dev2.Diagnostics.Tests.csproj]
C:\Program Files\dotnet\sdk\10.0.201\Microsoft.Common.CurrentVersion.targets(2451,5): warning MSB3277:             C:\Users\ultra\warewolf\Dev\Dev2.Diagnostics\bin\Debug\net8.0\Dev2.Diagnostics.dll [C:\Users\ultra\warewolf\Dev\Dev2.Diagnostics.Tests\Dev2.Diagnostics.Tests.csproj]
C:\Program Files\dotnet\sdk\10.0.201\Microsoft.Common.CurrentVersion.targets(2451,5): warning MSB3277:             C:\Users\ultra\warewolf\Dev\Dev2.Infrastructure\bin\Debug\net8.0\Dev2.Infrastructure.dll [C:\Users\ultra\warewolf\Dev\Dev2.Diagnostics.Tests\Dev2.Diagnostics.Tests.csproj]
C:\Program Files\dotnet\sdk\10.0.201\Microsoft.Common.CurrentVersion.targets(2451,5): warning MSB3277:             C:\Users\ultra\warewolf\Dev\Dev2.Data.Interfaces\bin\Debug\net8.0\Dev2.Data.Interfaces.dll [C:\Users\ultra\warewolf\Dev\Dev2.Diagnostics.Tests\Dev2.Diagnostics.Tests.csproj]
C:\Program Files\dotnet\sdk\10.0.201\Microsoft.Common.CurrentVersion.targets(2451,5): warning MSB3277:             C:\Users\ultra\warewolf\Dev\Dev2.Development.Languages\bin\Debug\net8.0\Dev2.Development.Languages.dll [C:\Users\ultra\warewolf\Dev\Dev2.Diagnostics.Tests\Dev2.Diagnostics.Tests.csproj]
C:\Program Files\dotnet\sdk\10.0.201\Microsoft.Common.CurrentVersion.targets(2451,5): warning MSB3277:             C:\Users\ultra\warewolf\Dev\Dev2.Services.Sql\bin\Debug\net8.0\Dev2.Services.Sql.dll [C:\Users\ultra\warewolf\Dev\Dev2.Diagnostics.Tests\Dev2.Diagnostics.Tests.csproj]
C:\Program Files\dotnet\sdk\10.0.201\Microsoft.Common.CurrentVersion.targets(2451,5): warning MSB3277:             C:\Users\ultra\warewolf\Dev\Dev2.TaskScheduler.Wrappers\bin\Debug\net8.0\Dev2.TaskScheduler.Wrappers.dll [C:\Users\ultra\warewolf\Dev\Dev2.Diagnostics.Tests\Dev2.Diagnostics.Tests.csproj]
C:\Program Files\dotnet\sdk\10.0.201\Microsoft.Common.CurrentVersion.targets(2451,5): warning MSB3277:             C:\Users\ultra\warewolf\Dev\Dev2.Util\bin\Debug\net8.0\Dev2.Util.dll [C:\Users\ultra\warewolf\Dev\Dev2.Diagnostics.Tests\Dev2.Diagnostics.Tests.csproj]
C:\Program Files\dotnet\sdk\10.0.201\Microsoft.Common.CurrentVersion.targets(2451,5): warning MSB3277:             C:\Users\ultra\warewolf\Dev\Warewolf.AI.Harness\bin\Debug\net8.0\Warewolf.AI.Harness.dll [C:\Users\ultra\warewolf\Dev\Dev2.Diagnostics.Tests\Dev2.Diagnostics.Tests.csproj]
C:\Program Files\dotnet\sdk\10.0.201\Microsoft.Common.CurrentVersion.targets(2451,5): warning MSB3277:             C:\Users\ultra\warewolf\Dev\Warewolf.Driver.Serilog\bin\Debug\net8.0\Warewolf.Driver.Serilog.dll [C:\Users\ultra\warewolf\Dev\Dev2.Diagnostics.Tests\Dev2.Diagnostics.Tests.csproj]
C:\Program Files\dotnet\sdk\10.0.201\Microsoft.Common.CurrentVersion.targets(2451,5): warning MSB3277:             C:\Users\ultra\warewolf\Dev\Warewolf.PerfMon\bin\Debug\net8.0\Warewolf.PerfMon.dll [C:\Users\ultra\warewolf\Dev\Dev2.Diagnostics.Tests\Dev2.Diagnostics.Tests.csproj]
C:\Program Files\dotnet\sdk\10.0.201\Microsoft.Common.CurrentVersion.targets(2451,5): warning MSB3277:             C:\Users\ultra\warewolf\Dev\Warewolf.Sharepoint\bin\Debug\net8.0\Warewolf.Sharepoint.dll [C:\Users\ultra\warewolf\Dev\Dev2.Diagnostics.Tests\Dev2.Diagnostics.Tests.csproj]
C:\Program Files\dotnet\sdk\10.0.201\Microsoft.Common.CurrentVersion.targets(2451,5): warning MSB3277:             C:\Users\ultra\warewolf\Dev\Warewolf.Storage\bin\Debug\net8.0\Warewolf.Storage.dll [C:\Users\ultra\warewolf\Dev\Dev2.Diagnostics.Tests\Dev2.Diagnostics.Tests.csproj]
C:\Program Files\dotnet\sdk\10.0.201\Microsoft.Common.CurrentVersion.targets(2451,5): warning MSB3277:             C:\Users\ultra\.nuget\packages\mindbox.data.linq\5.0.0\lib\netstandard2.0\Mindbox.Data.Linq.dll [C:\Users\ultra\warewolf\Dev\Dev2.Diagnostics.Tests\Dev2.Diagnostics.Tests.csproj]
C:\Program Files\dotnet\sdk\10.0.201\Microsoft.Common.CurrentVersion.targets(2451,5): warning MSB3277:             C:\Users\ultra\.nuget\packages\mysql.data\8.4.0\lib\net8.0\MySql.Data.dll [C:\Users\ultra\warewolf\Dev\Dev2.Diagnostics.Tests\Dev2.Diagnostics.Tests.csproj]
C:\Program Files\dotnet\sdk\10.0.201\Microsoft.Common.CurrentVersion.targets(2451,5): warning MSB3277:             C:\Users\ultra\.nuget\packages\oracle.manageddataaccess.core\3.21.70\lib\netstandard2.1\Oracle.ManagedDataAccess.dll [C:\Users\ultra\warewolf\Dev\Dev2.Diagnostics.Tests\Dev2.Diagnostics.Tests.csproj]
C:\Program Files\dotnet\sdk\10.0.201\Microsoft.Common.CurrentVersion.targets(2451,5): warning MSB3277:             C:\Users\ultra\.nuget\packages\system.directoryservices\6.0.0\lib\net6.0\System.DirectoryServices.dll [C:\Users\ultra\warewolf\Dev\Dev2.Diagnostics.Tests\Dev2.Diagnostics.Tests.csproj]
C:\Program Files\dotnet\sdk\10.0.201\Microsoft.Common.CurrentVersion.targets(2451,5): warning MSB3277:             C:\Users\ultra\.nuget\packages\corewcf.primitives\1.2.1\lib\netstandard2.0\CoreWCF.Primitives.dll [C:\Users\ultra\warewolf\Dev\Dev2.Diagnostics.Tests\Dev2.Diagnostics.Tests.csproj]
C:\Program Files\dotnet\sdk\10.0.201\Microsoft.Common.CurrentVersion.targets(2451,5): warning MSB3277:             C:\Users\ultra\.nuget\packages\corewcf.http\1.2.1\lib\netstandard2.0\CoreWCF.Http.dll [C:\Users\ultra\warewolf\Dev\Dev2.Diagnostics.Tests\Dev2.Diagnostics.Tests.csproj]
C:\Program Files\dotnet\sdk\10.0.201\Microsoft.Common.CurrentVersion.targets(2451,5): warning MSB3277:             C:\Users\ultra\.nuget\packages\corewcf.nettcp\1.2.1\lib\netstandard2.0\CoreWCF.NetTcp.dll [C:\Users\ultra\warewolf\Dev\Dev2.Diagnostics.Tests\Dev2.Diagnostics.Tests.csproj]
C:\Program Files\dotnet\sdk\10.0.201\Microsoft.Common.CurrentVersion.targets(2451,5): warning MSB3277:             C:\Users\ultra\.nuget\packages\corewcf.webhttp\1.2.1\lib\netstandard2.0\CoreWCF.WebHttp.dll [C:\Users\ultra\warewolf\Dev\Dev2.Diagnostics.Tests\Dev2.Diagnostics.Tests.csproj]
C:\Program Files\dotnet\sdk\10.0.201\Microsoft.Common.CurrentVersion.targets(2451,5): warning MSB3277:             C:\Program Files\dotnet\packs\Microsoft.NETCore.App.Ref\8.0.25\ref/net8.0/System.Configuration.dll [C:\Users\ultra\warewolf\Dev\Dev2.Diagnostics.Tests\Dev2.Diagnostics.Tests.csproj]
C:\Program Files\dotnet\sdk\10.0.201\Microsoft.Common.CurrentVersion.targets(2451,5): warning MSB3277:             C:\Users\ultra\.nuget\packages\prism.wpf\9.0.537\lib\net462\Prism.Wpf.dll [C:\Users\ultra\warewolf\Dev\Dev2.Diagnostics.Tests\Dev2.Diagnostics.Tests.csproj]
C:\Program Files\dotnet\sdk\10.0.201\Microsoft.Common.CurrentVersion.targets(2451,5): warning MSB3277:             C:\Program Files\dotnet\packs\Microsoft.NETCore.App.Ref\8.0.25\ref/net8.0/System.Data.dll [C:\Users\ultra\warewolf\Dev\Dev2.Diagnostics.Tests\Dev2.Diagnostics.Tests.csproj]
C:\Program Files\dotnet\sdk\10.0.201\Microsoft.Common.CurrentVersion.targets(2451,5): warning MSB3277:             C:\Users\ultra\.nuget\packages\taskschedulereditor\2.10.1\lib\net452\Microsoft.Win32.TaskSchedulerEditor.dll [C:\Users\ultra\warewolf\Dev\Dev2.Diagnostics.Tests\Dev2.Diagnostics.Tests.csproj]
C:\Program Files\dotnet\sdk\10.0.201\Microsoft.Common.CurrentVersion.targets(2451,5): warning MSB3277:             C:\Program Files\dotnet\packs\Microsoft.NETCore.App.Ref\8.0.25\ref/net8.0/System.Drawing.dll [C:\Users\ultra\warewolf\Dev\Dev2.Diagnostics.Tests\Dev2.Diagnostics.Tests.csproj]
C:\Program Files\dotnet\sdk\10.0.201\Microsoft.Common.CurrentVersion.targets(2451,5): warning MSB3277:             C:\Users\ultra\.nuget\packages\aerowizard\2.3.1\lib\net45\AeroWizard.dll [C:\Users\ultra\warewolf\Dev\Dev2.Diagnostics.Tests\Dev2.Diagnostics.Tests.csproj]
C:\Program Files\dotnet\sdk\10.0.201\Microsoft.Common.CurrentVersion.targets(2451,5): warning MSB3277:             C:\Users\ultra\.nuget\packages\groupcontrols\1.9.0\lib\net45\GroupControls.dll [C:\Users\ultra\warewolf\Dev\Dev2.Diagnostics.Tests\Dev2.Diagnostics.Tests.csproj]
C:\Program Files\dotnet\sdk\10.0.201\Microsoft.Common.CurrentVersion.targets(2451,5): warning MSB3277:             C:\Program Files\dotnet\packs\Microsoft.NETCore.App.Ref\8.0.25\ref/net8.0/System.Net.dll [C:\Users\ultra\warewolf\Dev\Dev2.Diagnostics.Tests\Dev2.Diagnostics.Tests.csproj]
C:\Program Files\dotnet\sdk\10.0.201\Microsoft.Common.CurrentVersion.targets(2451,5): warning MSB3277:             C:\Program Files\dotnet\packs\Microsoft.NETCore.App.Ref\8.0.25\ref/net8.0/System.Security.dll [C:\Users\ultra\warewolf\Dev\Dev2.Diagnostics.Tests\Dev2.Diagnostics.Tests.csproj]
C:\Program Files\dotnet\sdk\10.0.201\Microsoft.Common.CurrentVersion.targets(2451,5): warning MSB3277:             C:\Program Files\dotnet\packs\Microsoft.NETCore.App.Ref\8.0.25\ref/net8.0/System.ServiceProcess.dll [C:\Users\ultra\warewolf\Dev\Dev2.Diagnostics.Tests\Dev2.Diagnostics.Tests.csproj]
C:\Program Files\dotnet\sdk\10.0.201\Microsoft.Common.CurrentVersion.targets(2451,5): warning MSB3277:             C:\Program Files\dotnet\packs\Microsoft.NETCore.App.Ref\8.0.25\ref/net8.0/System.Transactions.dll [C:\Users\ultra\warewolf\Dev\Dev2.Diagnostics.Tests\Dev2.Diagnostics.Tests.csproj]
C:\Program Files\dotnet\sdk\10.0.201\Microsoft.Common.CurrentVersion.targets(2451,5): warning MSB3277:             C:\Program Files\dotnet\packs\Microsoft.NETCore.App.Ref\8.0.25\ref/net8.0/System.dll [C:\Users\ultra\warewolf\Dev\Dev2.Diagnostics.Tests\Dev2.Diagnostics.Tests.csproj]
C:\Program Files\dotnet\sdk\10.0.201\Microsoft.Common.CurrentVersion.targets(2451,5): warning MSB3277:             C:\Users\ultra\.nuget\packages\microsoft.xaml.behaviors.wpf\1.1.122\lib\net462\Microsoft.Xaml.Behaviors.dll [C:\Users\ultra\warewolf\Dev\Dev2.Diagnostics.Tests\Dev2.Diagnostics.Tests.csproj]
C:\Program Files\dotnet\sdk\10.0.201\Microsoft.Common.CurrentVersion.targets(2451,5): warning MSB3277:             C:\Users\ultra\.nuget\packages\caliburn.micro\4.0.212\lib\netcoreapp3.1\Caliburn.Micro.Platform.dll [C:\Users\ultra\warewolf\Dev\Dev2.Diagnostics.Tests\Dev2.Diagnostics.Tests.csproj]
C:\Program Files\dotnet\sdk\10.0.201\Microsoft.Common.CurrentVersion.targets(2451,5): warning MSB3277:             C:\Users\ultra\.nuget\packages\reactiveui.wpf\18.4.1\lib\net462\ReactiveUI.Wpf.dll [C:\Users\ultra\warewolf\Dev\Dev2.Diagnostics.Tests\Dev2.Diagnostics.Tests.csproj]
C:\Program Files\dotnet\sdk\10.0.201\Microsoft.Common.CurrentVersion.targets(2451,5): warning MSB3277:             C:\Users\ultra\.nuget\packages\ttcue.netcore.sharepointonline.csom.16.1.8029.1200\16.1.8029.1200\lib\netcoreapp2.0\Microsoft.SharePoint.Client.Runtime.Windows.dll [C:\Users\ultra\warewolf\Dev\Dev2.Diagnostics.Tests\Dev2.Diagnostics.Tests.csproj]
C:\Program Files\dotnet\sdk\10.0.201\Microsoft.Common.CurrentVersion.targets(2451,5): warning MSB3277:             C:\Program Files\dotnet\packs\Microsoft.NETCore.App.Ref\8.0.25\ref/net8.0/WindowsBase.dll [C:\Users\ultra\warewolf\Dev\Dev2.Diagnostics.Tests\Dev2.Diagnostics.Tests.csproj]
C:\Program Files\dotnet\sdk\10.0.201\Microsoft.Common.CurrentVersion.targets(2451,5): warning MSB3277:             C:\Program Files\dotnet\packs\Microsoft.NETCore.App.Ref\8.0.25\ref/net8.0/mscorlib.dll [C:\Users\ultra\warewolf\Dev\Dev2.Diagnostics.Tests\Dev2.Diagnostics.Tests.csproj]
C:\Program Files\dotnet\sdk\10.0.201\Microsoft.Common.CurrentVersion.targets(2451,5): warning MSB3277:             C:\Users\ultra\.nuget\packages\hangfire.core\1.7.32\lib\netstandard2.0\Hangfire.Core.dll [C:\Users\ultra\warewolf\Dev\Dev2.Diagnostics.Tests\Dev2.Diagnostics.Tests.csproj]
C:\Program Files\dotnet\sdk\10.0.201\Microsoft.Common.CurrentVersion.targets(2451,5): warning MSB3277:             C:\Users\ultra\.nuget\packages\hangfire.aspnetcore\1.7.32\lib\netcoreapp3.0\Hangfire.AspNetCore.dll [C:\Users\ultra\warewolf\Dev\Dev2.Diagnostics.Tests\Dev2.Diagnostics.Tests.csproj]
C:\Program Files\dotnet\sdk\10.0.201\Microsoft.Common.CurrentVersion.targets(2451,5): warning MSB3277:             C:\Users\ultra\.nuget\packages\hangfire.sqlserver\1.7.32\lib\netstandard2.0\Hangfire.SqlServer.dll [C:\Users\ultra\warewolf\Dev\Dev2.Diagnostics.Tests\Dev2.Diagnostics.Tests.csproj]
C:\Program Files\dotnet\sdk\10.0.201\Microsoft.Common.CurrentVersion.targets(2451,5): warning MSB3277:             C:\Users\ultra\.nuget\packages\microsoft.codecoverage\17.13.0\lib\netcoreapp3.1\Microsoft.VisualStudio.CodeCoverage.Shim.dll [C:\Users\ultra\warewolf\Dev\Dev2.Diagnostics.Tests\Dev2.Diagnostics.Tests.csproj]
C:\Program Files\dotnet\sdk\10.0.201\Microsoft.Common.CurrentVersion.targets(2451,5): warning MSB3277:         C:\Program Files\dotnet\packs\Microsoft.NETCore.App.Ref\8.0.25\ref\net8.0\System.Drawing.dll [C:\Users\ultra\warewolf\Dev\Dev2.Diagnostics.Tests\Dev2.Diagnostics.Tests.csproj]
C:\Program Files\dotnet\sdk\10.0.201\Microsoft.Common.CurrentVersion.targets(2451,5): warning MSB3277:           Project file item includes which caused reference "C:\Program Files\dotnet\packs\Microsoft.NETCore.App.Ref\8.0.25\ref\net8.0\System.Drawing.dll". [C:\Users\ultra\warewolf\Dev\Dev2.Diagnostics.Tests\Dev2.Diagnostics.Tests.csproj]
C:\Program Files\dotnet\sdk\10.0.201\Microsoft.Common.CurrentVersion.targets(2451,5): warning MSB3277:             C:\Program Files\dotnet\packs\Microsoft.NETCore.App.Ref\8.0.25\ref/net8.0/System.Drawing.dll [C:\Users\ultra\warewolf\Dev\Dev2.Diagnostics.Tests\Dev2.Diagnostics.Tests.csproj]
C:\Program Files\dotnet\sdk\10.0.201\Microsoft.Common.CurrentVersion.targets(2451,5): warning MSB3277:             C:\Users\ultra\.nuget\packages\aerowizard\2.3.1\lib\net45\AeroWizard.dll [C:\Users\ultra\warewolf\Dev\Dev2.Diagnostics.Tests\Dev2.Diagnostics.Tests.csproj]
C:\Program Files\dotnet\sdk\10.0.201\Microsoft.Common.CurrentVersion.targets(2451,5): warning MSB3277:             C:\Users\ultra\.nuget\packages\groupcontrols\1.9.0\lib\net45\GroupControls.dll [C:\Users\ultra\warewolf\Dev\Dev2.Diagnostics.Tests\Dev2.Diagnostics.Tests.csproj]
C:\Program Files\dotnet\sdk\10.0.201\Microsoft.Common.CurrentVersion.targets(2451,5): warning MSB3277:             C:\Users\ultra\.nuget\packages\taskschedulereditor\2.10.1\lib\net452\Microsoft.Win32.TaskSchedulerEditor.dll [C:\Users\ultra\warewolf\Dev\Dev2.Diagnostics.Tests\Dev2.Diagnostics.Tests.csproj]
  Warewolf.Driver.Serilog.Tests -> C:\Users\ultra\warewolf\Dev\Warewolf.Driver.Serilog.Tests\bin\Debug\net8.0\Warewolf.Driver.Serilog.Tests.dll
C:\Users\ultra\warewolf\Dev\Dev2.Common.Tests\UtilitiesTests.cs(283,68): warning CA1416: This call site is reachable on all platforms. 'WindowsIdentity.GetCurrent()' is only supported on: 'windows'. (https://learn.microsoft.com/dotnet/fundamentals/code-analysis/quality-rules/ca1416) [C:\Users\ultra\warewolf\Dev\Dev2.Common.Tests\Dev2.Common.Tests.csproj]
C:\Users\ultra\warewolf\Dev\Dev2.Common.Tests\UtilitiesTests.cs(216,58): warning CA1416: This call site is reachable on all platforms. 'WindowsIdentity.GetAnonymous()' is only supported on: 'windows'. (https://learn.microsoft.com/dotnet/fundamentals/code-analysis/quality-rules/ca1416) [C:\Users\ultra\warewolf\Dev\Dev2.Common.Tests\Dev2.Common.Tests.csproj]
C:\Users\ultra\warewolf\Dev\Dev2.Common.Tests\UtilitiesTests.cs(249,68): warning CA1416: This call site is reachable on all platforms. 'WindowsIdentity.GetCurrent()' is only supported on: 'windows'. (https://learn.microsoft.com/dotnet/fundamentals/code-analysis/quality-rules/ca1416) [C:\Users\ultra\warewolf\Dev\Dev2.Common.Tests\Dev2.Common.Tests.csproj]
C:\Users\ultra\warewolf\Dev\Dev2.Common.Tests\UtilitiesTests.cs(281,58): warning CA1416: This call site is reachable on all platforms. 'WindowsIdentity.GetCurrent()' is only supported on: 'windows'. (https://learn.microsoft.com/dotnet/fundamentals/code-analysis/quality-rules/ca1416) [C:\Users\ultra\warewolf\Dev\Dev2.Common.Tests\Dev2.Common.Tests.csproj]
C:\Users\ultra\warewolf\Dev\Dev2.Common.Tests\UtilitiesTests.cs(247,58): warning CA1416: This call site is reachable on all platforms. 'WindowsIdentity.GetCurrent()' is only supported on: 'windows'. (https://learn.microsoft.com/dotnet/fundamentals/code-analysis/quality-rules/ca1416) [C:\Users\ultra\warewolf\Dev\Dev2.Common.Tests\Dev2.Common.Tests.csproj]
C:\Users\ultra\warewolf\Dev\Dev2.Common.Tests\UtilitiesTests.cs(218,68): warning CA1416: This call site is reachable on all platforms. 'WindowsIdentity.GetAnonymous()' is only supported on: 'windows'. (https://learn.microsoft.com/dotnet/fundamentals/code-analysis/quality-rules/ca1416) [C:\Users\ultra\warewolf\Dev\Dev2.Common.Tests\Dev2.Common.Tests.csproj]
C:\Program Files\dotnet\sdk\10.0.201\Sdks\Microsoft.NET.Sdk\targets\Microsoft.NET.Sdk.targets(308,5): warning NETSDK1206: Found version-specific or distribution-specific runtime identifier(s): win10-x64, win10-x86, win7-x64, win7-x86, win8-x64, win8-x86, win81-x64, win81-x86. Affected libraries: Microsoft.Management.Infrastructure.Runtime.Win, SQLite. In .NET 8.0 and higher, assets for version-specific and distribution-specific runtime identifiers will not be found by default. See https://aka.ms/dotnet/rid-usage for details. [C:\Users\ultra\warewolf\Dev\Dev2.Common.Tests\Dev2.Common.Tests.csproj]
  Dev2.Common.Tests -> C:\Users\ultra\warewolf\Dev\Dev2.Common.Tests\bin\Debug\net8.0\Dev2.Common.Tests.dll
  Warewolf.Driver.Serilog.Tests -> C:\Users\ultra\warewolf\Bin\ServerTests-Windows\
  Dev2.Common.Tests -> C:\Users\ultra\warewolf\Bin\ServerTests-Windows\
C:\Users\ultra\warewolf\Dev\Warewolf.Auditing.Tests\AuditQueryableElasticsearchTests.cs(399,20): warning CS0618: 'ElasticsearchClient.Search<TDocument>(SearchRequest)' is obsolete: 'Synchronous methods are deprecated and could be removed in the future.' [C:\Users\ultra\warewolf\Dev\Warewolf.Auditing.Tests\Warewolf.Auditing.Tests.csproj]
C:\Users\ultra\warewolf\Dev\Warewolf.Auditing.Tests\AuditQueryableElasticsearchTests.cs(152,29): warning CS0618: 'ElasticsearchClient.Search<TDocument>(SearchRequestDescriptor<TDocument>)' is obsolete: 'Synchronous methods are deprecated and could be removed in the future.' [C:\Users\ultra\warewolf\Dev\Warewolf.Auditing.Tests\Warewolf.Auditing.Tests.csproj]
C:\Users\ultra\warewolf\Dev\Warewolf.Auditing.Tests\AuditQueryableElasticsearchTests.cs(288,42): warning CS0618: 'ElasticsearchClient.Search<TDocument>(SearchRequestDescriptor<TDocument>)' is obsolete: 'Synchronous methods are deprecated and could be removed in the future.' [C:\Users\ultra\warewolf\Dev\Warewolf.Auditing.Tests\Warewolf.Auditing.Tests.csproj]
  Warewolf.Studio.AntiCorruptionLayer -> C:\Users\ultra\warewolf\Dev\Warewolf.Studio.AntiCorruptionLayer\bin\Debug\net8.0\Warewolf.Studio.AntiCorruptionLayer.dll
  Warewolf.Studio.AntiCorruptionLayer -> C:\Users\ultra\warewolf\Bin\ServerTests-Windows\
  Warewolf.Auditing.Tests -> C:\Users\ultra\warewolf\Dev\Warewolf.Auditing.Tests\bin\Debug\net8.0\Warewolf.Auditing.Tests.dll
  Warewolf.Driver.RabbitMQ.Tests -> C:\Users\ultra\warewolf\Dev\Warewolf.Driver.RabbitMQ.Tests\bin\Debug\net8.0\Warewolf.Driver.RabbitMQ.Tests.dll
  Dev2.Server.Tests -> C:\Users\ultra\warewolf\Dev\Dev2.Server.Tests\bin\Debug\net8.0\Dev2.Server.Tests.dll
C:\Users\ultra\warewolf\Dev\Dev2.Diagnostics.Tests\TestPerfCounterManager.cs(24,21): warning CA1416: This call site is reachable on all platforms. 'PerformanceCounterCategory.Delete(string)' is only supported on: 'windows'. (https://learn.microsoft.com/dotnet/fundamentals/code-analysis/quality-rules/ca1416) [C:\Users\ultra\warewolf\Dev\Dev2.Diagnostics.Tests\Dev2.Diagnostics.Tests.csproj]
C:\Users\ultra\warewolf\Dev\Dev2.Diagnostics.Tests\PerfCountersOpsTests.cs(27,21): warning CA1416: This call site is reachable on all platforms. 'PerformanceCounterCategory.Delete(string)' is only supported on: 'windows'. (https://learn.microsoft.com/dotnet/fundamentals/code-analysis/quality-rules/ca1416) [C:\Users\ultra\warewolf\Dev\Dev2.Diagnostics.Tests\Dev2.Diagnostics.Tests.csproj]
C:\Users\ultra\warewolf\Dev\Dev2.Diagnostics.Tests\TestExecutionContainer.cs(31,17): warning CA1416: This call site is reachable on all platforms. 'PerformanceCounterCategory.Delete(string)' is only supported on: 'windows'. (https://learn.microsoft.com/dotnet/fundamentals/code-analysis/quality-rules/ca1416) [C:\Users\ultra\warewolf\Dev\Dev2.Diagnostics.Tests\Dev2.Diagnostics.Tests.csproj]
C:\Users\ultra\warewolf\Dev\Dev2.Diagnostics.Tests\PerfCountersOpsTests.cs(26,21): warning CA1416: This call site is reachable on all platforms. 'PerformanceCounterCategory.Delete(string)' is only supported on: 'windows'. (https://learn.microsoft.com/dotnet/fundamentals/code-analysis/quality-rules/ca1416) [C:\Users\ultra\warewolf\Dev\Dev2.Diagnostics.Tests\Dev2.Diagnostics.Tests.csproj]
C:\Users\ultra\warewolf\Dev\Dev2.Diagnostics.Tests\PerfCounterBuilderTest.cs(25,17): warning CA1416: This call site is reachable on all platforms. 'PerformanceCounterCategory.Delete(string)' is only supported on: 'windows'. (https://learn.microsoft.com/dotnet/fundamentals/code-analysis/quality-rules/ca1416) [C:\Users\ultra\warewolf\Dev\Dev2.Diagnostics.Tests\Dev2.Diagnostics.Tests.csproj]
C:\Users\ultra\warewolf\Dev\Dev2.Diagnostics.Tests\PerfCounterBuilderTest.cs(88,17): warning CA1416: This call site is reachable on all platforms. 'PerformanceCounterCategory.Delete(string)' is only supported on: 'windows'. (https://learn.microsoft.com/dotnet/fundamentals/code-analysis/quality-rules/ca1416) [C:\Users\ultra\warewolf\Dev\Dev2.Diagnostics.Tests\Dev2.Diagnostics.Tests.csproj]
  Dev2.Diagnostics.Tests -> C:\Users\ultra\warewolf\Dev\Dev2.Diagnostics.Tests\bin\Debug\net8.0\Dev2.Diagnostics.Tests.dll
  Warewolf.Logger.Tests -> C:\Users\ultra\warewolf\Dev\Warewolf.Logger.Tests\bin\Debug\net8.0\Warewolf.Logger.Tests.dll
  Dev2.Server.Tests -> C:\Users\ultra\warewolf\Bin\ServerTests-Windows\
  Dev2.Diagnostics.Tests -> C:\Users\ultra\warewolf\Bin\ServerTests-Windows\
  Warewolf.Driver.RabbitMQ.Tests -> C:\Users\ultra\warewolf\Bin\ServerTests-Windows\
  Warewolf.Logger.Tests -> C:\Users\ultra\warewolf\Bin\ServerTests-Windows\
C:\Users\ultra\warewolf\Dev\Warewolf.Driver.Persistence.Tests\HangfireSchedulerTests.cs(388,60): warning CA1416: This call site is reachable on all platforms. 'WindowsIdentity.GetCurrent()' is only supported on: 'windows'. (https://learn.microsoft.com/dotnet/fundamentals/code-analysis/quality-rules/ca1416) [C:\Users\ultra\warewolf\Dev\Warewolf.Driver.Persistence.Tests\Warewolf.Driver.Persistence.Tests.csproj]
C:\Users\ultra\warewolf\Dev\Warewolf.Driver.Persistence.Tests\HangfireSchedulerTests.cs(253,46): warning CA1416: This call site is reachable on all platforms. 'WindowsIdentity.Name' is only supported on: 'windows'. (https://learn.microsoft.com/dotnet/fundamentals/code-analysis/quality-rules/ca1416) [C:\Users\ultra\warewolf\Dev\Warewolf.Driver.Persistence.Tests\Warewolf.Driver.Persistence.Tests.csproj]
C:\Users\ultra\warewolf\Dev\Warewolf.Driver.Persistence.Tests\HangfireSchedulerTests.cs(253,46): warning CA1416: This call site is reachable on all platforms. 'WindowsIdentity.GetCurrent()' is only supported on: 'windows'. (https://learn.microsoft.com/dotnet/fundamentals/code-analysis/quality-rules/ca1416) [C:\Users\ultra\warewolf\Dev\Warewolf.Driver.Persistence.Tests\Warewolf.Driver.Persistence.Tests.csproj]
C:\Users\ultra\warewolf\Dev\Warewolf.Driver.Persistence.Tests\HangfireSchedulerTests.cs(376,58): warning CA1416: This call site is reachable on all platforms. 'WindowsIdentity.GetCurrent()' is only supported on: 'windows'. (https://learn.microsoft.com/dotnet/fundamentals/code-analysis/quality-rules/ca1416) [C:\Users\ultra\warewolf\Dev\Warewolf.Driver.Persistence.Tests\Warewolf.Driver.Persistence.Tests.csproj]
C:\Users\ultra\warewolf\Dev\Warewolf.Driver.Persistence.Tests\HangfireSchedulerTests.cs(388,60): warning CA1416: This call site is reachable on all platforms. 'WindowsIdentity.Name' is only supported on: 'windows'. (https://learn.microsoft.com/dotnet/fundamentals/code-analysis/quality-rules/ca1416) [C:\Users\ultra\warewolf\Dev\Warewolf.Driver.Persistence.Tests\Warewolf.Driver.Persistence.Tests.csproj]
  Warewolf.Auditing.Tests -> C:\Users\ultra\warewolf\Bin\ServerTests-Windows\
  Warewolf.Driver.Persistence.Tests -> C:\Users\ultra\warewolf\Dev\Warewolf.Driver.Persistence.Tests\bin\Debug\net8.0\Warewolf.Driver.Persistence.Tests.dll
C:\Program Files\dotnet\sdk\10.0.201\Microsoft.Common.CurrentVersion.targets(2451,5): warning MSB3277: Found conflicts between different versions of "Microsoft.Win32.SystemEvents" that could not be resolved. [C:\Users\ultra\warewolf\Dev\Warewolf.Studio.ViewModels\Warewolf.Studio.ViewModels.csproj]
C:\Program Files\dotnet\sdk\10.0.201\Microsoft.Common.CurrentVersion.targets(2451,5): warning MSB3277: There was a conflict between "Microsoft.Win32.SystemEvents, Version=6.0.0.0, Culture=neutral, PublicKeyToken=cc7b13ffcd2ddd51" and "Microsoft.Win32.SystemEvents, Version=7.0.0.0, Culture=neutral, PublicKeyToken=cc7b13ffcd2ddd51". [C:\Users\ultra\warewolf\Dev\Warewolf.Studio.ViewModels\Warewolf.Studio.ViewModels.csproj]
C:\Program Files\dotnet\sdk\10.0.201\Microsoft.Common.CurrentVersion.targets(2451,5): warning MSB3277:     "Microsoft.Win32.SystemEvents, Version=6.0.0.0, Culture=neutral, PublicKeyToken=cc7b13ffcd2ddd51" was chosen because it was primary and "Microsoft.Win32.SystemEvents, Version=7.0.0.0, Culture=neutral, PublicKeyToken=cc7b13ffcd2ddd51" was not. [C:\Users\ultra\warewolf\Dev\Warewolf.Studio.ViewModels\Warewolf.Studio.ViewModels.csproj]
C:\Program Files\dotnet\sdk\10.0.201\Microsoft.Common.CurrentVersion.targets(2451,5): warning MSB3277:     References which depend on "Microsoft.Win32.SystemEvents, Version=6.0.0.0, Culture=neutral, PublicKeyToken=cc7b13ffcd2ddd51" [C:\Users\ultra\.nuget\packages\microsoft.win32.systemevents\6.0.0\lib\net6.0\Microsoft.Win32.SystemEvents.dll]. [C:\Users\ultra\warewolf\Dev\Warewolf.Studio.ViewModels\Warewolf.Studio.ViewModels.csproj]
C:\Program Files\dotnet\sdk\10.0.201\Microsoft.Common.CurrentVersion.targets(2451,5): warning MSB3277:         C:\Users\ultra\.nuget\packages\microsoft.win32.systemevents\6.0.0\lib\net6.0\Microsoft.Win32.SystemEvents.dll [C:\Users\ultra\warewolf\Dev\Warewolf.Studio.ViewModels\Warewolf.Studio.ViewModels.csproj]
C:\Program Files\dotnet\sdk\10.0.201\Microsoft.Common.CurrentVersion.targets(2451,5): warning MSB3277:           Project file item includes which caused reference "C:\Users\ultra\.nuget\packages\microsoft.win32.systemevents\6.0.0\lib\net6.0\Microsoft.Win32.SystemEvents.dll". [C:\Users\ultra\warewolf\Dev\Warewolf.Studio.ViewModels\Warewolf.Studio.ViewModels.csproj]
C:\Program Files\dotnet\sdk\10.0.201\Microsoft.Common.CurrentVersion.targets(2451,5): warning MSB3277:             C:\Users\ultra\.nuget\packages\microsoft.win32.systemevents\6.0.0\lib\net6.0\Microsoft.Win32.SystemEvents.dll [C:\Users\ultra\warewolf\Dev\Warewolf.Studio.ViewModels\Warewolf.Studio.ViewModels.csproj]
C:\Program Files\dotnet\sdk\10.0.201\Microsoft.Common.CurrentVersion.targets(2451,5): warning MSB3277:     References which depend on or have been unified to "Microsoft.Win32.SystemEvents, Version=7.0.0.0, Culture=neutral, PublicKeyToken=cc7b13ffcd2ddd51" []. [C:\Users\ultra\warewolf\Dev\Warewolf.Studio.ViewModels\Warewolf.Studio.ViewModels.csproj]
C:\Program Files\dotnet\sdk\10.0.201\Microsoft.Common.CurrentVersion.targets(2451,5): warning MSB3277:         C:\Users\ultra\warewolf\Dev\Dev2.Common\bin\Debug\net8.0\Dev2.Common.dll [C:\Users\ultra\warewolf\Dev\Warewolf.Studio.ViewModels\Warewolf.Studio.ViewModels.csproj]
C:\Program Files\dotnet\sdk\10.0.201\Microsoft.Common.CurrentVersion.targets(2451,5): warning MSB3277:           Project file item includes which caused reference "C:\Users\ultra\warewolf\Dev\Dev2.Common\bin\Debug\net8.0\Dev2.Common.dll". [C:\Users\ultra\warewolf\Dev\Warewolf.Studio.ViewModels\Warewolf.Studio.ViewModels.csproj]
C:\Program Files\dotnet\sdk\10.0.201\Microsoft.Common.CurrentVersion.targets(2451,5): warning MSB3277:             C:\Users\ultra\warewolf\Dev\Dev2.Common\bin\Debug\net8.0\Dev2.Common.dll [C:\Users\ultra\warewolf\Dev\Warewolf.Studio.ViewModels\Warewolf.Studio.ViewModels.csproj]
C:\Program Files\dotnet\sdk\10.0.201\Microsoft.Common.CurrentVersion.targets(2451,5): warning MSB3277:             C:\Users\ultra\warewolf\Dev\Dev2.Activities\bin\Debug\net8.0\Dev2.Activities.dll [C:\Users\ultra\warewolf\Dev\Warewolf.Studio.ViewModels\Warewolf.Studio.ViewModels.csproj]
C:\Program Files\dotnet\sdk\10.0.201\Microsoft.Common.CurrentVersion.targets(2451,5): warning MSB3277:             C:\Users\ultra\warewolf\Dev\Dev2.Core\bin\Debug\net8.0\Dev2.Core.dll [C:\Users\ultra\warewolf\Dev\Warewolf.Studio.ViewModels\Warewolf.Studio.ViewModels.csproj]
C:\Program Files\dotnet\sdk\10.0.201\Microsoft.Common.CurrentVersion.targets(2451,5): warning MSB3277:             C:\Users\ultra\warewolf\Dev\Dev2.Data\bin\Debug\net8.0\Dev2.Data.dll [C:\Users\ultra\warewolf\Dev\Warewolf.Studio.ViewModels\Warewolf.Studio.ViewModels.csproj]
C:\Program Files\dotnet\sdk\10.0.201\Microsoft.Common.CurrentVersion.targets(2451,5): warning MSB3277:             C:\Users\ultra\warewolf\Dev\Dev2.Diagnostics\bin\Debug\net8.0\Dev2.Diagnostics.dll [C:\Users\ultra\warewolf\Dev\Warewolf.Studio.ViewModels\Warewolf.Studio.ViewModels.csproj]
C:\Program Files\dotnet\sdk\10.0.201\Microsoft.Common.CurrentVersion.targets(2451,5): warning MSB3277:             C:\Users\ultra\warewolf\Dev\Dev2.Infrastructure\bin\Debug\net8.0\Dev2.Infrastructure.dll [C:\Users\ultra\warewolf\Dev\Warewolf.Studio.ViewModels\Warewolf.Studio.ViewModels.csproj]
C:\Program Files\dotnet\sdk\10.0.201\Microsoft.Common.CurrentVersion.targets(2451,5): warning MSB3277:             C:\Users\ultra\warewolf\Dev\Dev2.Studio.Core\bin\Debug\net8.0\Dev2.Studio.Core.dll [C:\Users\ultra\warewolf\Dev\Warewolf.Studio.ViewModels\Warewolf.Studio.ViewModels.csproj]
C:\Program Files\dotnet\sdk\10.0.201\Microsoft.Common.CurrentVersion.targets(2451,5): warning MSB3277:             C:\Users\ultra\warewolf\Dev\Dev2.Studio.Interfaces\bin\Debug\net8.0\Dev2.Studio.Interfaces.dll [C:\Users\ultra\warewolf\Dev\Warewolf.Studio.ViewModels\Warewolf.Studio.ViewModels.csproj]
C:\Program Files\dotnet\sdk\10.0.201\Microsoft.Common.CurrentVersion.targets(2451,5): warning MSB3277:             C:\Users\ultra\warewolf\Dev\Warewolf.Core\bin\Debug\net8.0\Warewolf.Core.dll [C:\Users\ultra\warewolf\Dev\Warewolf.Studio.ViewModels\Warewolf.Studio.ViewModels.csproj]
C:\Program Files\dotnet\sdk\10.0.201\Microsoft.Common.CurrentVersion.targets(2451,5): warning MSB3277:             C:\Users\ultra\warewolf\Dev\Warewolf.ResourceManagement\bin\Debug\net8.0\Warewolf.ResourceManagement.dll [C:\Users\ultra\warewolf\Dev\Warewolf.Studio.ViewModels\Warewolf.Studio.ViewModels.csproj]
C:\Program Files\dotnet\sdk\10.0.201\Microsoft.Common.CurrentVersion.targets(2451,5): warning MSB3277:             C:\Users\ultra\warewolf\Dev\Warewolf.Studio.Core\bin\Debug\net8.0\Warewolf.Studio.Core.dll [C:\Users\ultra\warewolf\Dev\Warewolf.Studio.ViewModels\Warewolf.Studio.ViewModels.csproj]
C:\Program Files\dotnet\sdk\10.0.201\Microsoft.Common.CurrentVersion.targets(2451,5): warning MSB3277:             C:\Users\ultra\warewolf\Dev\Warewolf.Studio.CustomControls\bin\Debug\net8.0\Warewolf.Studio.CustomControls.dll [C:\Users\ultra\warewolf\Dev\Warewolf.Studio.ViewModels\Warewolf.Studio.ViewModels.csproj]
C:\Program Files\dotnet\sdk\10.0.201\Microsoft.Common.CurrentVersion.targets(2451,5): warning MSB3277:             C:\Users\ultra\warewolf\Dev\Warewolf.Studio.Models\bin\Debug\net8.0\Warewolf.Studio.Models.dll [C:\Users\ultra\warewolf\Dev\Warewolf.Studio.ViewModels\Warewolf.Studio.ViewModels.csproj]
C:\Program Files\dotnet\sdk\10.0.201\Microsoft.Common.CurrentVersion.targets(2451,5): warning MSB3277:             C:\Users\ultra\warewolf\Dev\Dev2.Development.Languages\bin\Debug\net8.0\Dev2.Development.Languages.dll [C:\Users\ultra\warewolf\Dev\Warewolf.Studio.ViewModels\Warewolf.Studio.ViewModels.csproj]
C:\Program Files\dotnet\sdk\10.0.201\Microsoft.Common.CurrentVersion.targets(2451,5): warning MSB3277:             C:\Users\ultra\warewolf\Dev\Dev2.Intellisense\bin\Debug\net8.0\Dev2.Intellisense.dll [C:\Users\ultra\warewolf\Dev\Warewolf.Studio.ViewModels\Warewolf.Studio.ViewModels.csproj]
C:\Program Files\dotnet\sdk\10.0.201\Microsoft.Common.CurrentVersion.targets(2451,5): warning MSB3277:             C:\Users\ultra\warewolf\Dev\Dev2.Runtime.Services\bin\Debug\net8.0\Dev2.Runtime.Services.dll [C:\Users\ultra\warewolf\Dev\Warewolf.Studio.ViewModels\Warewolf.Studio.ViewModels.csproj]
C:\Program Files\dotnet\sdk\10.0.201\Microsoft.Common.CurrentVersion.targets(2451,5): warning MSB3277:             C:\Users\ultra\warewolf\Dev\Dev2.Scheduler\bin\Debug\net8.0\Dev2.Scheduler.dll [C:\Users\ultra\warewolf\Dev\Warewolf.Studio.ViewModels\Warewolf.Studio.ViewModels.csproj]
C:\Program Files\dotnet\sdk\10.0.201\Microsoft.Common.CurrentVersion.targets(2451,5): warning MSB3277:             C:\Users\ultra\warewolf\Dev\Dev2.Services.Execution\bin\Debug\net8.0\Dev2.Services.Execution.dll [C:\Users\ultra\warewolf\Dev\Warewolf.Studio.ViewModels\Warewolf.Studio.ViewModels.csproj]
C:\Program Files\dotnet\sdk\10.0.201\Microsoft.Common.CurrentVersion.targets(2451,5): warning MSB3277:             C:\Users\ultra\warewolf\Dev\Dev2.Services.Sql\bin\Debug\net8.0\Dev2.Services.Sql.dll [C:\Users\ultra\warewolf\Dev\Warewolf.Studio.ViewModels\Warewolf.Studio.ViewModels.csproj]
C:\Program Files\dotnet\sdk\10.0.201\Microsoft.Common.CurrentVersion.targets(2451,5): warning MSB3277:             C:\Users\ultra\warewolf\Dev\Dev2.TaskScheduler.Wrappers\bin\Debug\net8.0\Dev2.TaskScheduler.Wrappers.dll [C:\Users\ultra\warewolf\Dev\Warewolf.Studio.ViewModels\Warewolf.Studio.ViewModels.csproj]
C:\Program Files\dotnet\sdk\10.0.201\Microsoft.Common.CurrentVersion.targets(2451,5): warning MSB3277:             C:\Users\ultra\warewolf\Dev\Dev2.Util\bin\Debug\net8.0\Dev2.Util.dll [C:\Users\ultra\warewolf\Dev\Warewolf.Studio.ViewModels\Warewolf.Studio.ViewModels.csproj]
C:\Program Files\dotnet\sdk\10.0.201\Microsoft.Common.CurrentVersion.targets(2451,5): warning MSB3277:             C:\Users\ultra\warewolf\Dev\Warewolf.AI.Harness\bin\Debug\net8.0\Warewolf.AI.Harness.dll [C:\Users\ultra\warewolf\Dev\Warewolf.Studio.ViewModels\Warewolf.Studio.ViewModels.csproj]
C:\Program Files\dotnet\sdk\10.0.201\Microsoft.Common.CurrentVersion.targets(2451,5): warning MSB3277:             C:\Users\ultra\warewolf\Dev\Warewolf.Auditing\bin\Debug\net8.0\Warewolf.Auditing.dll [C:\Users\ultra\warewolf\Dev\Warewolf.Studio.ViewModels\Warewolf.Studio.ViewModels.csproj]
C:\Program Files\dotnet\sdk\10.0.201\Microsoft.Common.CurrentVersion.targets(2451,5): warning MSB3277:             C:\Users\ultra\warewolf\Dev\Warewolf.Common.NetStandard20\bin\Debug\net8.0\Warewolf.Common.NetStandard20.dll [C:\Users\ultra\warewolf\Dev\Warewolf.Studio.ViewModels\Warewolf.Studio.ViewModels.csproj]
C:\Program Files\dotnet\sdk\10.0.201\Microsoft.Common.CurrentVersion.targets(2451,5): warning MSB3277:             C:\Users\ultra\warewolf\Dev\Warewolf.Driver.Persistence\bin\Debug\net8.0\Warewolf.Driver.Persistence.dll [C:\Users\ultra\warewolf\Dev\Warewolf.Studio.ViewModels\Warewolf.Studio.ViewModels.csproj]
C:\Program Files\dotnet\sdk\10.0.201\Microsoft.Common.CurrentVersion.targets(2451,5): warning MSB3277:             C:\Users\ultra\warewolf\Dev\Warewolf.Driver.Serilog\bin\Debug\net8.0\Warewolf.Driver.Serilog.dll [C:\Users\ultra\warewolf\Dev\Warewolf.Studio.ViewModels\Warewolf.Studio.ViewModels.csproj]
C:\Program Files\dotnet\sdk\10.0.201\Microsoft.Common.CurrentVersion.targets(2451,5): warning MSB3277:             C:\Users\ultra\warewolf\Dev\Warewolf.Exchange.Email.Wrapper\bin\Debug\net8.0\Warewolf.Exchange.Email.Wrapper.dll [C:\Users\ultra\warewolf\Dev\Warewolf.Studio.ViewModels\Warewolf.Studio.ViewModels.csproj]
C:\Program Files\dotnet\sdk\10.0.201\Microsoft.Common.CurrentVersion.targets(2451,5): warning MSB3277:             C:\Users\ultra\warewolf\Dev\Warewolf.Sharepoint\bin\Debug\net8.0\Warewolf.Sharepoint.dll [C:\Users\ultra\warewolf\Dev\Warewolf.Studio.ViewModels\Warewolf.Studio.ViewModels.csproj]
C:\Program Files\dotnet\sdk\10.0.201\Microsoft.Common.CurrentVersion.targets(2451,5): warning MSB3277:             C:\Users\ultra\warewolf\Dev\Warewolf.Storage\bin\Debug\net8.0\Warewolf.Storage.dll [C:\Users\ultra\warewolf\Dev\Warewolf.Studio.ViewModels\Warewolf.Studio.ViewModels.csproj]
C:\Program Files\dotnet\sdk\10.0.201\Microsoft.Common.CurrentVersion.targets(2451,5): warning MSB3277:             C:\Users\ultra\warewolf\Dev\Warewolf.UI\bin\Debug\net8.0\Warewolf.UI.dll [C:\Users\ultra\warewolf\Dev\Warewolf.Studio.ViewModels\Warewolf.Studio.ViewModels.csproj]
C:\Program Files\dotnet\sdk\10.0.201\Microsoft.Common.CurrentVersion.targets(2451,5): warning MSB3277:         C:\Users\ultra\warewolf\Dev\Binaries\Infragistcs_Net6\InfragisticsWPF4.v15.1.dll [C:\Users\ultra\warewolf\Dev\Warewolf.Studio.ViewModels\Warewolf.Studio.ViewModels.csproj]
C:\Program Files\dotnet\sdk\10.0.201\Microsoft.Common.CurrentVersion.targets(2451,5): warning MSB3277:           Project file item includes which caused reference "C:\Users\ultra\warewolf\Dev\Binaries\Infragistcs_Net6\InfragisticsWPF4.v15.1.dll". [C:\Users\ultra\warewolf\Dev\Warewolf.Studio.ViewModels\Warewolf.Studio.ViewModels.csproj]
C:\Program Files\dotnet\sdk\10.0.201\Microsoft.Common.CurrentVersion.targets(2451,5): warning MSB3277:             InfragisticsWPF4.v15.1, Version=15.1.20151.2055, Culture=neutral, processorArchitecture=MSIL [C:\Users\ultra\warewolf\Dev\Warewolf.Studio.ViewModels\Warewolf.Studio.ViewModels.csproj]
C:\Program Files\dotnet\sdk\10.0.201\Microsoft.Common.CurrentVersion.targets(2451,5): warning MSB3277:             InfragisticsWPF4.Controls.Editors.XamComboEditor.v15.1, Version=15.1.20151.2055, Culture=neutral, processorArchitecture=MSIL [C:\Users\ultra\warewolf\Dev\Warewolf.Studio.ViewModels\Warewolf.Studio.ViewModels.csproj]
C:\Program Files\dotnet\sdk\10.0.201\Microsoft.Common.CurrentVersion.targets(2451,5): warning MSB3277:             InfragisticsWPF4.DataManager.v15.1, Version=15.1.20151.2055, Culture=neutral, processorArchitecture=MSIL [C:\Users\ultra\warewolf\Dev\Warewolf.Studio.ViewModels\Warewolf.Studio.ViewModels.csproj]
C:\Program Files\dotnet\sdk\10.0.201\Microsoft.Common.CurrentVersion.targets(2451,5): warning MSB3277:         C:\Users\ultra\.nuget\packages\timespan2\2.4.2\lib\netcoreapp3.1\TimeSpan2.dll [C:\Users\ultra\warewolf\Dev\Warewolf.Studio.ViewModels\Warewolf.Studio.ViewModels.csproj]
C:\Program Files\dotnet\sdk\10.0.201\Microsoft.Common.CurrentVersion.targets(2451,5): warning MSB3277:           Project file item includes which caused reference "C:\Users\ultra\.nuget\packages\timespan2\2.4.2\lib\netcoreapp3.1\TimeSpan2.dll". [C:\Users\ultra\warewolf\Dev\Warewolf.Studio.ViewModels\Warewolf.Studio.ViewModels.csproj]
C:\Program Files\dotnet\sdk\10.0.201\Microsoft.Common.CurrentVersion.targets(2451,5): warning MSB3277:             C:\Users\ultra\.nuget\packages\timespan2\2.4.2\lib\netcoreapp3.1\TimeSpan2.dll [C:\Users\ultra\warewolf\Dev\Warewolf.Studio.ViewModels\Warewolf.Studio.ViewModels.csproj]
C:\Program Files\dotnet\sdk\10.0.201\Microsoft.Common.CurrentVersion.targets(2451,5): warning MSB3277:             C:\Users\ultra\.nuget\packages\taskschedulereditor\2.10.1\lib\net452\Microsoft.Win32.TaskSchedulerEditor.dll [C:\Users\ultra\warewolf\Dev\Warewolf.Studio.ViewModels\Warewolf.Studio.ViewModels.csproj]
C:\Program Files\dotnet\sdk\10.0.201\Microsoft.Common.CurrentVersion.targets(2451,5): warning MSB3277:         C:\Program Files\dotnet\packs\Microsoft.NETCore.App.Ref\8.0.25\ref\net8.0\System.dll [C:\Users\ultra\warewolf\Dev\Warewolf.Studio.ViewModels\Warewolf.Studio.ViewModels.csproj]
C:\Program Files\dotnet\sdk\10.0.201\Microsoft.Common.CurrentVersion.targets(2451,5): warning MSB3277:           Project file item includes which caused reference "C:\Program Files\dotnet\packs\Microsoft.NETCore.App.Ref\8.0.25\ref\net8.0\System.dll". [C:\Users\ultra\warewolf\Dev\Warewolf.Studio.ViewModels\Warewolf.Studio.ViewModels.csproj]
C:\Program Files\dotnet\sdk\10.0.201\Microsoft.Common.CurrentVersion.targets(2451,5): warning MSB3277:             C:\Program Files\dotnet\packs\Microsoft.NETCore.App.Ref\8.0.25\ref/net8.0/System.dll [C:\Users\ultra\warewolf\Dev\Warewolf.Studio.ViewModels\Warewolf.Studio.ViewModels.csproj]
C:\Program Files\dotnet\sdk\10.0.201\Microsoft.Common.CurrentVersion.targets(2451,5): warning MSB3277:             C:\Users\ultra\.nuget\packages\aerowizard\2.3.1\lib\net45\AeroWizard.dll [C:\Users\ultra\warewolf\Dev\Warewolf.Studio.ViewModels\Warewolf.Studio.ViewModels.csproj]
C:\Program Files\dotnet\sdk\10.0.201\Microsoft.Common.CurrentVersion.targets(2451,5): warning MSB3277:             C:\Users\ultra\.nuget\packages\groupcontrols\1.9.0\lib\net45\GroupControls.dll [C:\Users\ultra\warewolf\Dev\Warewolf.Studio.ViewModels\Warewolf.Studio.ViewModels.csproj]
C:\Program Files\dotnet\sdk\10.0.201\Microsoft.Common.CurrentVersion.targets(2451,5): warning MSB3277:             C:\Users\ultra\.nuget\packages\microsoft.xaml.behaviors.wpf\1.1.122\lib\net462\Microsoft.Xaml.Behaviors.dll [C:\Users\ultra\warewolf\Dev\Warewolf.Studio.ViewModels\Warewolf.Studio.ViewModels.csproj]
C:\Program Files\dotnet\sdk\10.0.201\Microsoft.Common.CurrentVersion.targets(2451,5): warning MSB3277:             C:\Users\ultra\.nuget\packages\caliburn.micro\4.0.212\lib\netcoreapp3.1\Caliburn.Micro.Platform.dll [C:\Users\ultra\warewolf\Dev\Warewolf.Studio.ViewModels\Warewolf.Studio.ViewModels.csproj]
C:\Program Files\dotnet\sdk\10.0.201\Microsoft.Common.CurrentVersion.targets(2451,5): warning MSB3277:             C:\Users\ultra\.nuget\packages\prism.wpf\9.0.537\lib\net462\Prism.Wpf.dll [C:\Users\ultra\warewolf\Dev\Warewolf.Studio.ViewModels\Warewolf.Studio.ViewModels.csproj]
C:\Program Files\dotnet\sdk\10.0.201\Microsoft.Common.CurrentVersion.targets(2451,5): warning MSB3277:             C:\Users\ultra\.nuget\packages\reactiveui.wpf\18.4.1\lib\net462\ReactiveUI.Wpf.dll [C:\Users\ultra\warewolf\Dev\Warewolf.Studio.ViewModels\Warewolf.Studio.ViewModels.csproj]
C:\Program Files\dotnet\sdk\10.0.201\Microsoft.Common.CurrentVersion.targets(2451,5): warning MSB3277:             C:\Users\ultra\.nuget\packages\taskschedulereditor\2.10.1\lib\net452\Microsoft.Win32.TaskSchedulerEditor.dll [C:\Users\ultra\warewolf\Dev\Warewolf.Studio.ViewModels\Warewolf.Studio.ViewModels.csproj]
C:\Program Files\dotnet\sdk\10.0.201\Microsoft.Common.CurrentVersion.targets(2451,5): warning MSB3277:             C:\Users\ultra\.nuget\packages\ttcue.netcore.sharepointonline.csom.16.1.8029.1200\16.1.8029.1200\lib\netcoreapp2.0\Microsoft.SharePoint.Client.Runtime.Windows.dll [C:\Users\ultra\warewolf\Dev\Warewolf.Studio.ViewModels\Warewolf.Studio.ViewModels.csproj]
C:\Program Files\dotnet\sdk\10.0.201\Microsoft.Common.CurrentVersion.targets(2451,5): warning MSB3277: Found conflicts between different versions of "System.Security.Permissions" that could not be resolved. [C:\Users\ultra\warewolf\Dev\Warewolf.Studio.ViewModels\Warewolf.Studio.ViewModels.csproj]
C:\Program Files\dotnet\sdk\10.0.201\Microsoft.Common.CurrentVersion.targets(2451,5): warning MSB3277: There was a conflict between "System.Security.Permissions, Version=6.0.0.0, Culture=neutral, PublicKeyToken=cc7b13ffcd2ddd51" and "System.Security.Permissions, Version=7.0.0.0, Culture=neutral, PublicKeyToken=cc7b13ffcd2ddd51". [C:\Users\ultra\warewolf\Dev\Warewolf.Studio.ViewModels\Warewolf.Studio.ViewModels.csproj]
C:\Program Files\dotnet\sdk\10.0.201\Microsoft.Common.CurrentVersion.targets(2451,5): warning MSB3277:     "System.Security.Permissions, Version=6.0.0.0, Culture=neutral, PublicKeyToken=cc7b13ffcd2ddd51" was chosen because it was primary and "System.Security.Permissions, Version=7.0.0.0, Culture=neutral, PublicKeyToken=cc7b13ffcd2ddd51" was not. [C:\Users\ultra\warewolf\Dev\Warewolf.Studio.ViewModels\Warewolf.Studio.ViewModels.csproj]
C:\Program Files\dotnet\sdk\10.0.201\Microsoft.Common.CurrentVersion.targets(2451,5): warning MSB3277:     References which depend on "System.Security.Permissions, Version=6.0.0.0, Culture=neutral, PublicKeyToken=cc7b13ffcd2ddd51" [C:\Users\ultra\.nuget\packages\system.security.permissions\6.0.0\lib\net6.0\System.Security.Permissions.dll]. [C:\Users\ultra\warewolf\Dev\Warewolf.Studio.ViewModels\Warewolf.Studio.ViewModels.csproj]
C:\Program Files\dotnet\sdk\10.0.201\Microsoft.Common.CurrentVersion.targets(2451,5): warning MSB3277:         C:\Users\ultra\.nuget\packages\system.security.permissions\6.0.0\lib\net6.0\System.Security.Permissions.dll [C:\Users\ultra\warewolf\Dev\Warewolf.Studio.ViewModels\Warewolf.Studio.ViewModels.csproj]
C:\Program Files\dotnet\sdk\10.0.201\Microsoft.Common.CurrentVersion.targets(2451,5): warning MSB3277:           Project file item includes which caused reference "C:\Users\ultra\.nuget\packages\system.security.permissions\6.0.0\lib\net6.0\System.Security.Permissions.dll". [C:\Users\ultra\warewolf\Dev\Warewolf.Studio.ViewModels\Warewolf.Studio.ViewModels.csproj]
C:\Program Files\dotnet\sdk\10.0.201\Microsoft.Common.CurrentVersion.targets(2451,5): warning MSB3277:             C:\Users\ultra\.nuget\packages\system.security.permissions\6.0.0\lib\net6.0\System.Security.Permissions.dll [C:\Users\ultra\warewolf\Dev\Warewolf.Studio.ViewModels\Warewolf.Studio.ViewModels.csproj]
C:\Program Files\dotnet\sdk\10.0.201\Microsoft.Common.CurrentVersion.targets(2451,5): warning MSB3277:     References which depend on or have been unified to "System.Security.Permissions, Version=7.0.0.0, Culture=neutral, PublicKeyToken=cc7b13ffcd2ddd51" []. [C:\Users\ultra\warewolf\Dev\Warewolf.Studio.ViewModels\Warewolf.Studio.ViewModels.csproj]
C:\Program Files\dotnet\sdk\10.0.201\Microsoft.Common.CurrentVersion.targets(2451,5): warning MSB3277:         C:\Users\ultra\warewolf\Dev\Dev2.Data\bin\Debug\net8.0\Dev2.Data.dll [C:\Users\ultra\warewolf\Dev\Warewolf.Studio.ViewModels\Warewolf.Studio.ViewModels.csproj]
C:\Program Files\dotnet\sdk\10.0.201\Microsoft.Common.CurrentVersion.targets(2451,5): warning MSB3277:           Project file item includes which caused reference "C:\Users\ultra\warewolf\Dev\Dev2.Data\bin\Debug\net8.0\Dev2.Data.dll". [C:\Users\ultra\warewolf\Dev\Warewolf.Studio.ViewModels\Warewolf.Studio.ViewModels.csproj]
C:\Program Files\dotnet\sdk\10.0.201\Microsoft.Common.CurrentVersion.targets(2451,5): warning MSB3277:             C:\Users\ultra\warewolf\Dev\Dev2.Data\bin\Debug\net8.0\Dev2.Data.dll [C:\Users\ultra\warewolf\Dev\Warewolf.Studio.ViewModels\Warewolf.Studio.ViewModels.csproj]
C:\Program Files\dotnet\sdk\10.0.201\Microsoft.Common.CurrentVersion.targets(2451,5): warning MSB3277:             C:\Users\ultra\warewolf\Dev\Dev2.Activities\bin\Debug\net8.0\Dev2.Activities.dll [C:\Users\ultra\warewolf\Dev\Warewolf.Studio.ViewModels\Warewolf.Studio.ViewModels.csproj]
C:\Program Files\dotnet\sdk\10.0.201\Microsoft.Common.CurrentVersion.targets(2451,5): warning MSB3277:             C:\Users\ultra\warewolf\Dev\Dev2.Core\bin\Debug\net8.0\Dev2.Core.dll [C:\Users\ultra\warewolf\Dev\Warewolf.Studio.ViewModels\Warewolf.Studio.ViewModels.csproj]
C:\Program Files\dotnet\sdk\10.0.201\Microsoft.Common.CurrentVersion.targets(2451,5): warning MSB3277:             C:\Users\ultra\warewolf\Dev\Dev2.Studio.Core\bin\Debug\net8.0\Dev2.Studio.Core.dll [C:\Users\ultra\warewolf\Dev\Warewolf.Studio.ViewModels\Warewolf.Studio.ViewModels.csproj]
C:\Program Files\dotnet\sdk\10.0.201\Microsoft.Common.CurrentVersion.targets(2451,5): warning MSB3277:             C:\Users\ultra\warewolf\Dev\Dev2.Studio.Interfaces\bin\Debug\net8.0\Dev2.Studio.Interfaces.dll [C:\Users\ultra\warewolf\Dev\Warewolf.Studio.ViewModels\Warewolf.Studio.ViewModels.csproj]
C:\Program Files\dotnet\sdk\10.0.201\Microsoft.Common.CurrentVersion.targets(2451,5): warning MSB3277:             C:\Users\ultra\warewolf\Dev\Warewolf.Core\bin\Debug\net8.0\Warewolf.Core.dll [C:\Users\ultra\warewolf\Dev\Warewolf.Studio.ViewModels\Warewolf.Studio.ViewModels.csproj]
C:\Program Files\dotnet\sdk\10.0.201\Microsoft.Common.CurrentVersion.targets(2451,5): warning MSB3277:             C:\Users\ultra\warewolf\Dev\Warewolf.ResourceManagement\bin\Debug\net8.0\Warewolf.ResourceManagement.dll [C:\Users\ultra\warewolf\Dev\Warewolf.Studio.ViewModels\Warewolf.Studio.ViewModels.csproj]
C:\Program Files\dotnet\sdk\10.0.201\Microsoft.Common.CurrentVersion.targets(2451,5): warning MSB3277:             C:\Users\ultra\warewolf\Dev\Warewolf.Studio.Core\bin\Debug\net8.0\Warewolf.Studio.Core.dll [C:\Users\ultra\warewolf\Dev\Warewolf.Studio.ViewModels\Warewolf.Studio.ViewModels.csproj]
C:\Program Files\dotnet\sdk\10.0.201\Microsoft.Common.CurrentVersion.targets(2451,5): warning MSB3277:             C:\Users\ultra\warewolf\Dev\Warewolf.Studio.CustomControls\bin\Debug\net8.0\Warewolf.Studio.CustomControls.dll [C:\Users\ultra\warewolf\Dev\Warewolf.Studio.ViewModels\Warewolf.Studio.ViewModels.csproj]
C:\Program Files\dotnet\sdk\10.0.201\Microsoft.Common.CurrentVersion.targets(2451,5): warning MSB3277:             C:\Users\ultra\warewolf\Dev\Warewolf.Studio.Models\bin\Debug\net8.0\Warewolf.Studio.Models.dll [C:\Users\ultra\warewolf\Dev\Warewolf.Studio.ViewModels\Warewolf.Studio.ViewModels.csproj]
C:\Program Files\dotnet\sdk\10.0.201\Microsoft.Common.CurrentVersion.targets(2451,5): warning MSB3277:             C:\Users\ultra\warewolf\Dev\Dev2.Intellisense\bin\Debug\net8.0\Dev2.Intellisense.dll [C:\Users\ultra\warewolf\Dev\Warewolf.Studio.ViewModels\Warewolf.Studio.ViewModels.csproj]
C:\Program Files\dotnet\sdk\10.0.201\Microsoft.Common.CurrentVersion.targets(2451,5): warning MSB3277:             C:\Users\ultra\warewolf\Dev\Dev2.Runtime.Services\bin\Debug\net8.0\Dev2.Runtime.Services.dll [C:\Users\ultra\warewolf\Dev\Warewolf.Studio.ViewModels\Warewolf.Studio.ViewModels.csproj]
C:\Program Files\dotnet\sdk\10.0.201\Microsoft.Common.CurrentVersion.targets(2451,5): warning MSB3277:             C:\Users\ultra\warewolf\Dev\Dev2.Scheduler\bin\Debug\net8.0\Dev2.Scheduler.dll [C:\Users\ultra\warewolf\Dev\Warewolf.Studio.ViewModels\Warewolf.Studio.ViewModels.csproj]
C:\Program Files\dotnet\sdk\10.0.201\Microsoft.Common.CurrentVersion.targets(2451,5): warning MSB3277:             C:\Users\ultra\warewolf\Dev\Dev2.Services.Execution\bin\Debug\net8.0\Dev2.Services.Execution.dll [C:\Users\ultra\warewolf\Dev\Warewolf.Studio.ViewModels\Warewolf.Studio.ViewModels.csproj]
C:\Program Files\dotnet\sdk\10.0.201\Microsoft.Common.CurrentVersion.targets(2451,5): warning MSB3277:             C:\Users\ultra\warewolf\Dev\Warewolf.Auditing\bin\Debug\net8.0\Warewolf.Auditing.dll [C:\Users\ultra\warewolf\Dev\Warewolf.Studio.ViewModels\Warewolf.Studio.ViewModels.csproj]
C:\Program Files\dotnet\sdk\10.0.201\Microsoft.Common.CurrentVersion.targets(2451,5): warning MSB3277:             C:\Users\ultra\warewolf\Dev\Warewolf.Common.NetStandard20\bin\Debug\net8.0\Warewolf.Common.NetStandard20.dll [C:\Users\ultra\warewolf\Dev\Warewolf.Studio.ViewModels\Warewolf.Studio.ViewModels.csproj]
C:\Program Files\dotnet\sdk\10.0.201\Microsoft.Common.CurrentVersion.targets(2451,5): warning MSB3277:             C:\Users\ultra\warewolf\Dev\Warewolf.Driver.Persistence\bin\Debug\net8.0\Warewolf.Driver.Persistence.dll [C:\Users\ultra\warewolf\Dev\Warewolf.Studio.ViewModels\Warewolf.Studio.ViewModels.csproj]
C:\Program Files\dotnet\sdk\10.0.201\Microsoft.Common.CurrentVersion.targets(2451,5): warning MSB3277:             C:\Users\ultra\warewolf\Dev\Warewolf.Exchange.Email.Wrapper\bin\Debug\net8.0\Warewolf.Exchange.Email.Wrapper.dll [C:\Users\ultra\warewolf\Dev\Warewolf.Studio.ViewModels\Warewolf.Studio.ViewModels.csproj]
C:\Program Files\dotnet\sdk\10.0.201\Microsoft.Common.CurrentVersion.targets(2451,5): warning MSB3277:             C:\Users\ultra\warewolf\Dev\Warewolf.UI\bin\Debug\net8.0\Warewolf.UI.dll [C:\Users\ultra\warewolf\Dev\Warewolf.Studio.ViewModels\Warewolf.Studio.ViewModels.csproj]
C:\Program Files\dotnet\sdk\10.0.201\Microsoft.Common.CurrentVersion.targets(2451,5): warning MSB3277:         C:\Users\ultra\warewolf\Dev\Warewolf.Studio.CustomControls\bin\Debug\net8.0\Warewolf.Studio.CustomControls.dll [C:\Users\ultra\warewolf\Dev\Warewolf.Studio.ViewModels\Warewolf.Studio.ViewModels.csproj]
C:\Program Files\dotnet\sdk\10.0.201\Microsoft.Common.CurrentVersion.targets(2451,5): warning MSB3277:           Project file item includes which caused reference "C:\Users\ultra\warewolf\Dev\Warewolf.Studio.CustomControls\bin\Debug\net8.0\Warewolf.Studio.CustomControls.dll". [C:\Users\ultra\warewolf\Dev\Warewolf.Studio.ViewModels\Warewolf.Studio.ViewModels.csproj]
C:\Program Files\dotnet\sdk\10.0.201\Microsoft.Common.CurrentVersion.targets(2451,5): warning MSB3277:             C:\Users\ultra\warewolf\Dev\Warewolf.Studio.CustomControls\bin\Debug\net8.0\Warewolf.Studio.CustomControls.dll [C:\Users\ultra\warewolf\Dev\Warewolf.Studio.ViewModels\Warewolf.Studio.ViewModels.csproj]
C:\Program Files\dotnet\sdk\10.0.201\Microsoft.Common.CurrentVersion.targets(2451,5): warning MSB3277:         C:\Users\ultra\warewolf\Dev\Binaries\Infragistcs_Net6\InfragisticsWPF4.v15.1.dll [C:\Users\ultra\warewolf\Dev\Warewolf.Studio.ViewModels\Warewolf.Studio.ViewModels.csproj]
C:\Program Files\dotnet\sdk\10.0.201\Microsoft.Common.CurrentVersion.targets(2451,5): warning MSB3277:           Project file item includes which caused reference "C:\Users\ultra\warewolf\Dev\Binaries\Infragistcs_Net6\InfragisticsWPF4.v15.1.dll". [C:\Users\ultra\warewolf\Dev\Warewolf.Studio.ViewModels\Warewolf.Studio.ViewModels.csproj]
C:\Program Files\dotnet\sdk\10.0.201\Microsoft.Common.CurrentVersion.targets(2451,5): warning MSB3277:             InfragisticsWPF4.v15.1, Version=15.1.20151.2055, Culture=neutral, processorArchitecture=MSIL [C:\Users\ultra\warewolf\Dev\Warewolf.Studio.ViewModels\Warewolf.Studio.ViewModels.csproj]
C:\Program Files\dotnet\sdk\10.0.201\Microsoft.Common.CurrentVersion.targets(2451,5): warning MSB3277:             InfragisticsWPF4.Controls.Editors.XamComboEditor.v15.1, Version=15.1.20151.2055, Culture=neutral, processorArchitecture=MSIL [C:\Users\ultra\warewolf\Dev\Warewolf.Studio.ViewModels\Warewolf.Studio.ViewModels.csproj]
C:\Program Files\dotnet\sdk\10.0.201\Microsoft.Common.CurrentVersion.targets(2451,5): warning MSB3277:             InfragisticsWPF4.DataManager.v15.1, Version=15.1.20151.2055, Culture=neutral, processorArchitecture=MSIL [C:\Users\ultra\warewolf\Dev\Warewolf.Studio.ViewModels\Warewolf.Studio.ViewModels.csproj]
C:\Program Files\dotnet\sdk\10.0.201\Microsoft.Common.CurrentVersion.targets(2451,5): warning MSB3277:         C:\Users\ultra\.nuget\packages\dotnetzip\1.16.0\lib\netstandard2.0\DotNetZip.dll [C:\Users\ultra\warewolf\Dev\Warewolf.Studio.ViewModels\Warewolf.Studio.ViewModels.csproj]
C:\Program Files\dotnet\sdk\10.0.201\Microsoft.Common.CurrentVersion.targets(2451,5): warning MSB3277:           Project file item includes which caused reference "C:\Users\ultra\.nuget\packages\dotnetzip\1.16.0\lib\netstandard2.0\DotNetZip.dll". [C:\Users\ultra\warewolf\Dev\Warewolf.Studio.ViewModels\Warewolf.Studio.ViewModels.csproj]
C:\Program Files\dotnet\sdk\10.0.201\Microsoft.Common.CurrentVersion.targets(2451,5): warning MSB3277:             C:\Users\ultra\.nuget\packages\dotnetzip\1.16.0\lib\netstandard2.0\DotNetZip.dll [C:\Users\ultra\warewolf\Dev\Warewolf.Studio.ViewModels\Warewolf.Studio.ViewModels.csproj]
C:\Program Files\dotnet\sdk\10.0.201\Microsoft.Common.CurrentVersion.targets(2451,5): warning MSB3277:             C:\Users\ultra\warewolf\Dev\Dev2.Common\bin\Debug\net8.0\Dev2.Common.dll [C:\Users\ultra\warewolf\Dev\Warewolf.Studio.ViewModels\Warewolf.Studio.ViewModels.csproj]
C:\Program Files\dotnet\sdk\10.0.201\Microsoft.Common.CurrentVersion.targets(2451,5): warning MSB3277:             C:\Users\ultra\warewolf\Dev\Dev2.Activities\bin\Debug\net8.0\Dev2.Activities.dll [C:\Users\ultra\warewolf\Dev\Warewolf.Studio.ViewModels\Warewolf.Studio.ViewModels.csproj]
C:\Program Files\dotnet\sdk\10.0.201\Microsoft.Common.CurrentVersion.targets(2451,5): warning MSB3277:             C:\Users\ultra\warewolf\Dev\Dev2.Core\bin\Debug\net8.0\Dev2.Core.dll [C:\Users\ultra\warewolf\Dev\Warewolf.Studio.ViewModels\Warewolf.Studio.ViewModels.csproj]
C:\Program Files\dotnet\sdk\10.0.201\Microsoft.Common.CurrentVersion.targets(2451,5): warning MSB3277:             C:\Users\ultra\warewolf\Dev\Dev2.Data.Interfaces\bin\Debug\net8.0\Dev2.Data.Interfaces.dll [C:\Users\ultra\warewolf\Dev\Warewolf.Studio.ViewModels\Warewolf.Studio.ViewModels.csproj]
C:\Program Files\dotnet\sdk\10.0.201\Microsoft.Common.CurrentVersion.targets(2451,5): warning MSB3277:             C:\Users\ultra\warewolf\Dev\Dev2.Data\bin\Debug\net8.0\Dev2.Data.dll [C:\Users\ultra\warewolf\Dev\Warewolf.Studio.ViewModels\Warewolf.Studio.ViewModels.csproj]
C:\Program Files\dotnet\sdk\10.0.201\Microsoft.Common.CurrentVersion.targets(2451,5): warning MSB3277:             C:\Users\ultra\warewolf\Dev\Dev2.Diagnostics\bin\Debug\net8.0\Dev2.Diagnostics.dll [C:\Users\ultra\warewolf\Dev\Warewolf.Studio.ViewModels\Warewolf.Studio.ViewModels.csproj]
C:\Program Files\dotnet\sdk\10.0.201\Microsoft.Common.CurrentVersion.targets(2451,5): warning MSB3277:             C:\Users\ultra\warewolf\Dev\Dev2.Infrastructure\bin\Debug\net8.0\Dev2.Infrastructure.dll [C:\Users\ultra\warewolf\Dev\Warewolf.Studio.ViewModels\Warewolf.Studio.ViewModels.csproj]
C:\Program Files\dotnet\sdk\10.0.201\Microsoft.Common.CurrentVersion.targets(2451,5): warning MSB3277:             C:\Users\ultra\warewolf\Dev\Dev2.Studio.Core\bin\Debug\net8.0\Dev2.Studio.Core.dll [C:\Users\ultra\warewolf\Dev\Warewolf.Studio.ViewModels\Warewolf.Studio.ViewModels.csproj]
C:\Program Files\dotnet\sdk\10.0.201\Microsoft.Common.CurrentVersion.targets(2451,5): warning MSB3277:             C:\Users\ultra\warewolf\Dev\Dev2.Studio.Interfaces\bin\Debug\net8.0\Dev2.Studio.Interfaces.dll [C:\Users\ultra\warewolf\Dev\Warewolf.Studio.ViewModels\Warewolf.Studio.ViewModels.csproj]
C:\Program Files\dotnet\sdk\10.0.201\Microsoft.Common.CurrentVersion.targets(2451,5): warning MSB3277:             C:\Users\ultra\warewolf\Dev\Warewolf.Core\bin\Debug\net8.0\Warewolf.Core.dll [C:\Users\ultra\warewolf\Dev\Warewolf.Studio.ViewModels\Warewolf.Studio.ViewModels.csproj]
C:\Program Files\dotnet\sdk\10.0.201\Microsoft.Common.CurrentVersion.targets(2451,5): warning MSB3277:             C:\Users\ultra\warewolf\Dev\Warewolf.ResourceManagement\bin\Debug\net8.0\Warewolf.ResourceManagement.dll [C:\Users\ultra\warewolf\Dev\Warewolf.Studio.ViewModels\Warewolf.Studio.ViewModels.csproj]
C:\Program Files\dotnet\sdk\10.0.201\Microsoft.Common.CurrentVersion.targets(2451,5): warning MSB3277:             C:\Users\ultra\warewolf\Dev\Warewolf.Studio.Core\bin\Debug\net8.0\Warewolf.Studio.Core.dll [C:\Users\ultra\warewolf\Dev\Warewolf.Studio.ViewModels\Warewolf.Studio.ViewModels.csproj]
C:\Program Files\dotnet\sdk\10.0.201\Microsoft.Common.CurrentVersion.targets(2451,5): warning MSB3277:             C:\Users\ultra\warewolf\Dev\Warewolf.Studio.CustomControls\bin\Debug\net8.0\Warewolf.Studio.CustomControls.dll [C:\Users\ultra\warewolf\Dev\Warewolf.Studio.ViewModels\Warewolf.Studio.ViewModels.csproj]
C:\Program Files\dotnet\sdk\10.0.201\Microsoft.Common.CurrentVersion.targets(2451,5): warning MSB3277:             C:\Users\ultra\warewolf\Dev\Warewolf.Studio.Models\bin\Debug\net8.0\Warewolf.Studio.Models.dll [C:\Users\ultra\warewolf\Dev\Warewolf.Studio.ViewModels\Warewolf.Studio.ViewModels.csproj]
C:\Program Files\dotnet\sdk\10.0.201\Microsoft.Common.CurrentVersion.targets(2451,5): warning MSB3277:             C:\Users\ultra\warewolf\Dev\Dev2.Development.Languages\bin\Debug\net8.0\Dev2.Development.Languages.dll [C:\Users\ultra\warewolf\Dev\Warewolf.Studio.ViewModels\Warewolf.Studio.ViewModels.csproj]
C:\Program Files\dotnet\sdk\10.0.201\Microsoft.Common.CurrentVersion.targets(2451,5): warning MSB3277:             C:\Users\ultra\warewolf\Dev\Dev2.Intellisense\bin\Debug\net8.0\Dev2.Intellisense.dll [C:\Users\ultra\warewolf\Dev\Warewolf.Studio.ViewModels\Warewolf.Studio.ViewModels.csproj]
C:\Program Files\dotnet\sdk\10.0.201\Microsoft.Common.CurrentVersion.targets(2451,5): warning MSB3277:             C:\Users\ultra\warewolf\Dev\Dev2.Runtime.Services\bin\Debug\net8.0\Dev2.Runtime.Services.dll [C:\Users\ultra\warewolf\Dev\Warewolf.Studio.ViewModels\Warewolf.Studio.ViewModels.csproj]
C:\Program Files\dotnet\sdk\10.0.201\Microsoft.Common.CurrentVersion.targets(2451,5): warning MSB3277:             C:\Users\ultra\warewolf\Dev\Dev2.Scheduler\bin\Debug\net8.0\Dev2.Scheduler.dll [C:\Users\ultra\warewolf\Dev\Warewolf.Studio.ViewModels\Warewolf.Studio.ViewModels.csproj]
C:\Program Files\dotnet\sdk\10.0.201\Microsoft.Common.CurrentVersion.targets(2451,5): warning MSB3277:             C:\Users\ultra\warewolf\Dev\Dev2.Services.Execution\bin\Debug\net8.0\Dev2.Services.Execution.dll [C:\Users\ultra\warewolf\Dev\Warewolf.Studio.ViewModels\Warewolf.Studio.ViewModels.csproj]
C:\Program Files\dotnet\sdk\10.0.201\Microsoft.Common.CurrentVersion.targets(2451,5): warning MSB3277:             C:\Users\ultra\warewolf\Dev\Dev2.Services.Sql\bin\Debug\net8.0\Dev2.Services.Sql.dll [C:\Users\ultra\warewolf\Dev\Warewolf.Studio.ViewModels\Warewolf.Studio.ViewModels.csproj]
C:\Program Files\dotnet\sdk\10.0.201\Microsoft.Common.CurrentVersion.targets(2451,5): warning MSB3277:             C:\Users\ultra\warewolf\Dev\Dev2.TaskScheduler.Wrappers\bin\Debug\net8.0\Dev2.TaskScheduler.Wrappers.dll [C:\Users\ultra\warewolf\Dev\Warewolf.Studio.ViewModels\Warewolf.Studio.ViewModels.csproj]
C:\Program Files\dotnet\sdk\10.0.201\Microsoft.Common.CurrentVersion.targets(2451,5): warning MSB3277:             C:\Users\ultra\warewolf\Dev\Dev2.Util\bin\Debug\net8.0\Dev2.Util.dll [C:\Users\ultra\warewolf\Dev\Warewolf.Studio.ViewModels\Warewolf.Studio.ViewModels.csproj]
C:\Program Files\dotnet\sdk\10.0.201\Microsoft.Common.CurrentVersion.targets(2451,5): warning MSB3277:             C:\Users\ultra\warewolf\Dev\Warewolf.AI.Harness\bin\Debug\net8.0\Warewolf.AI.Harness.dll [C:\Users\ultra\warewolf\Dev\Warewolf.Studio.ViewModels\Warewolf.Studio.ViewModels.csproj]
C:\Program Files\dotnet\sdk\10.0.201\Microsoft.Common.CurrentVersion.targets(2451,5): warning MSB3277:             C:\Users\ultra\warewolf\Dev\Warewolf.Auditing\bin\Debug\net8.0\Warewolf.Auditing.dll [C:\Users\ultra\warewolf\Dev\Warewolf.Studio.ViewModels\Warewolf.Studio.ViewModels.csproj]
C:\Program Files\dotnet\sdk\10.0.201\Microsoft.Common.CurrentVersion.targets(2451,5): warning MSB3277:             C:\Users\ultra\warewolf\Dev\Warewolf.Common.NetStandard20\bin\Debug\net8.0\Warewolf.Common.NetStandard20.dll [C:\Users\ultra\warewolf\Dev\Warewolf.Studio.ViewModels\Warewolf.Studio.ViewModels.csproj]
C:\Program Files\dotnet\sdk\10.0.201\Microsoft.Common.CurrentVersion.targets(2451,5): warning MSB3277:             C:\Users\ultra\warewolf\Dev\Warewolf.Driver.Persistence\bin\Debug\net8.0\Warewolf.Driver.Persistence.dll [C:\Users\ultra\warewolf\Dev\Warewolf.Studio.ViewModels\Warewolf.Studio.ViewModels.csproj]
C:\Program Files\dotnet\sdk\10.0.201\Microsoft.Common.CurrentVersion.targets(2451,5): warning MSB3277:             C:\Users\ultra\warewolf\Dev\Warewolf.Driver.Serilog\bin\Debug\net8.0\Warewolf.Driver.Serilog.dll [C:\Users\ultra\warewolf\Dev\Warewolf.Studio.ViewModels\Warewolf.Studio.ViewModels.csproj]
C:\Program Files\dotnet\sdk\10.0.201\Microsoft.Common.CurrentVersion.targets(2451,5): warning MSB3277:             C:\Users\ultra\warewolf\Dev\Warewolf.Exchange.Email.Wrapper\bin\Debug\net8.0\Warewolf.Exchange.Email.Wrapper.dll [C:\Users\ultra\warewolf\Dev\Warewolf.Studio.ViewModels\Warewolf.Studio.ViewModels.csproj]
C:\Program Files\dotnet\sdk\10.0.201\Microsoft.Common.CurrentVersion.targets(2451,5): warning MSB3277:             C:\Users\ultra\warewolf\Dev\Warewolf.Sharepoint\bin\Debug\net8.0\Warewolf.Sharepoint.dll [C:\Users\ultra\warewolf\Dev\Warewolf.Studio.ViewModels\Warewolf.Studio.ViewModels.csproj]
C:\Program Files\dotnet\sdk\10.0.201\Microsoft.Common.CurrentVersion.targets(2451,5): warning MSB3277:             C:\Users\ultra\warewolf\Dev\Warewolf.Storage\bin\Debug\net8.0\Warewolf.Storage.dll [C:\Users\ultra\warewolf\Dev\Warewolf.Studio.ViewModels\Warewolf.Studio.ViewModels.csproj]
C:\Program Files\dotnet\sdk\10.0.201\Microsoft.Common.CurrentVersion.targets(2451,5): warning MSB3277:             C:\Users\ultra\warewolf\Dev\Warewolf.UI\bin\Debug\net8.0\Warewolf.UI.dll [C:\Users\ultra\warewolf\Dev\Warewolf.Studio.ViewModels\Warewolf.Studio.ViewModels.csproj]
C:\Program Files\dotnet\sdk\10.0.201\Microsoft.Common.CurrentVersion.targets(2451,5): warning MSB3277:         C:\Users\ultra\.nuget\packages\mindbox.data.linq\5.0.0\lib\netstandard2.0\Mindbox.Data.Linq.dll [C:\Users\ultra\warewolf\Dev\Warewolf.Studio.ViewModels\Warewolf.Studio.ViewModels.csproj]
C:\Program Files\dotnet\sdk\10.0.201\Microsoft.Common.CurrentVersion.targets(2451,5): warning MSB3277:           Project file item includes which caused reference "C:\Users\ultra\.nuget\packages\mindbox.data.linq\5.0.0\lib\netstandard2.0\Mindbox.Data.Linq.dll". [C:\Users\ultra\warewolf\Dev\Warewolf.Studio.ViewModels\Warewolf.Studio.ViewModels.csproj]
C:\Program Files\dotnet\sdk\10.0.201\Microsoft.Common.CurrentVersion.targets(2451,5): warning MSB3277:             C:\Users\ultra\.nuget\packages\mindbox.data.linq\5.0.0\lib\netstandard2.0\Mindbox.Data.Linq.dll [C:\Users\ultra\warewolf\Dev\Warewolf.Studio.ViewModels\Warewolf.Studio.ViewModels.csproj]
C:\Program Files\dotnet\sdk\10.0.201\Microsoft.Common.CurrentVersion.targets(2451,5): warning MSB3277:             C:\Users\ultra\warewolf\Dev\Warewolf.Auditing\bin\Debug\net8.0\Warewolf.Auditing.dll [C:\Users\ultra\warewolf\Dev\Warewolf.Studio.ViewModels\Warewolf.Studio.ViewModels.csproj]
C:\Program Files\dotnet\sdk\10.0.201\Microsoft.Common.CurrentVersion.targets(2451,5): warning MSB3277:             C:\Users\ultra\warewolf\Dev\Dev2.Activities\bin\Debug\net8.0\Dev2.Activities.dll [C:\Users\ultra\warewolf\Dev\Warewolf.Studio.ViewModels\Warewolf.Studio.ViewModels.csproj]
C:\Program Files\dotnet\sdk\10.0.201\Microsoft.Common.CurrentVersion.targets(2451,5): warning MSB3277:             C:\Users\ultra\warewolf\Dev\Dev2.Studio.Core\bin\Debug\net8.0\Dev2.Studio.Core.dll [C:\Users\ultra\warewolf\Dev\Warewolf.Studio.ViewModels\Warewolf.Studio.ViewModels.csproj]
C:\Program Files\dotnet\sdk\10.0.201\Microsoft.Common.CurrentVersion.targets(2451,5): warning MSB3277:             C:\Users\ultra\warewolf\Dev\Dev2.Intellisense\bin\Debug\net8.0\Dev2.Intellisense.dll [C:\Users\ultra\warewolf\Dev\Warewolf.Studio.ViewModels\Warewolf.Studio.ViewModels.csproj]
C:\Program Files\dotnet\sdk\10.0.201\Microsoft.Common.CurrentVersion.targets(2451,5): warning MSB3277:             C:\Users\ultra\warewolf\Dev\Dev2.Runtime.Services\bin\Debug\net8.0\Dev2.Runtime.Services.dll [C:\Users\ultra\warewolf\Dev\Warewolf.Studio.ViewModels\Warewolf.Studio.ViewModels.csproj]
C:\Program Files\dotnet\sdk\10.0.201\Microsoft.Common.CurrentVersion.targets(2451,5): warning MSB3277:             C:\Users\ultra\warewolf\Dev\Dev2.Studio.Interfaces\bin\Debug\net8.0\Dev2.Studio.Interfaces.dll [C:\Users\ultra\warewolf\Dev\Warewolf.Studio.ViewModels\Warewolf.Studio.ViewModels.csproj]
C:\Program Files\dotnet\sdk\10.0.201\Microsoft.Common.CurrentVersion.targets(2451,5): warning MSB3277:             C:\Users\ultra\warewolf\Dev\Warewolf.Studio.Core\bin\Debug\net8.0\Warewolf.Studio.Core.dll [C:\Users\ultra\warewolf\Dev\Warewolf.Studio.ViewModels\Warewolf.Studio.ViewModels.csproj]
C:\Program Files\dotnet\sdk\10.0.201\Microsoft.Common.CurrentVersion.targets(2451,5): warning MSB3277:             C:\Users\ultra\warewolf\Dev\Warewolf.Studio.CustomControls\bin\Debug\net8.0\Warewolf.Studio.CustomControls.dll [C:\Users\ultra\warewolf\Dev\Warewolf.Studio.ViewModels\Warewolf.Studio.ViewModels.csproj]
C:\Program Files\dotnet\sdk\10.0.201\Microsoft.Common.CurrentVersion.targets(2451,5): warning MSB3277:             C:\Users\ultra\warewolf\Dev\Warewolf.Studio.Models\bin\Debug\net8.0\Warewolf.Studio.Models.dll [C:\Users\ultra\warewolf\Dev\Warewolf.Studio.ViewModels\Warewolf.Studio.ViewModels.csproj]
C:\Program Files\dotnet\sdk\10.0.201\Microsoft.Common.CurrentVersion.targets(2451,5): warning MSB3277:             C:\Users\ultra\warewolf\Dev\Dev2.Services.Execution\bin\Debug\net8.0\Dev2.Services.Execution.dll [C:\Users\ultra\warewolf\Dev\Warewolf.Studio.ViewModels\Warewolf.Studio.ViewModels.csproj]
C:\Program Files\dotnet\sdk\10.0.201\Microsoft.Common.CurrentVersion.targets(2451,5): warning MSB3277:             C:\Users\ultra\warewolf\Dev\Warewolf.Common.NetStandard20\bin\Debug\net8.0\Warewolf.Common.NetStandard20.dll [C:\Users\ultra\warewolf\Dev\Warewolf.Studio.ViewModels\Warewolf.Studio.ViewModels.csproj]
C:\Program Files\dotnet\sdk\10.0.201\Microsoft.Common.CurrentVersion.targets(2451,5): warning MSB3277:             C:\Users\ultra\warewolf\Dev\Warewolf.Driver.Persistence\bin\Debug\net8.0\Warewolf.Driver.Persistence.dll [C:\Users\ultra\warewolf\Dev\Warewolf.Studio.ViewModels\Warewolf.Studio.ViewModels.csproj]
C:\Program Files\dotnet\sdk\10.0.201\Microsoft.Common.CurrentVersion.targets(2451,5): warning MSB3277:         C:\Users\ultra\.nuget\packages\mysql.data\8.4.0\lib\net8.0\MySql.Data.dll [C:\Users\ultra\warewolf\Dev\Warewolf.Studio.ViewModels\Warewolf.Studio.ViewModels.csproj]
C:\Program Files\dotnet\sdk\10.0.201\Microsoft.Common.CurrentVersion.targets(2451,5): warning MSB3277:           Project file item includes which caused reference "C:\Users\ultra\.nuget\packages\mysql.data\8.4.0\lib\net8.0\MySql.Data.dll". [C:\Users\ultra\warewolf\Dev\Warewolf.Studio.ViewModels\Warewolf.Studio.ViewModels.csproj]
C:\Program Files\dotnet\sdk\10.0.201\Microsoft.Common.CurrentVersion.targets(2451,5): warning MSB3277:             C:\Users\ultra\.nuget\packages\mysql.data\8.4.0\lib\net8.0\MySql.Data.dll [C:\Users\ultra\warewolf\Dev\Warewolf.Studio.ViewModels\Warewolf.Studio.ViewModels.csproj]
C:\Program Files\dotnet\sdk\10.0.201\Microsoft.Common.CurrentVersion.targets(2451,5): warning MSB3277:             C:\Users\ultra\warewolf\Dev\Dev2.Activities\bin\Debug\net8.0\Dev2.Activities.dll [C:\Users\ultra\warewolf\Dev\Warewolf.Studio.ViewModels\Warewolf.Studio.ViewModels.csproj]
C:\Program Files\dotnet\sdk\10.0.201\Microsoft.Common.CurrentVersion.targets(2451,5): warning MSB3277:             C:\Users\ultra\warewolf\Dev\Dev2.Studio.Core\bin\Debug\net8.0\Dev2.Studio.Core.dll [C:\Users\ultra\warewolf\Dev\Warewolf.Studio.ViewModels\Warewolf.Studio.ViewModels.csproj]
C:\Program Files\dotnet\sdk\10.0.201\Microsoft.Common.CurrentVersion.targets(2451,5): warning MSB3277:             C:\Users\ultra\warewolf\Dev\Dev2.Intellisense\bin\Debug\net8.0\Dev2.Intellisense.dll [C:\Users\ultra\warewolf\Dev\Warewolf.Studio.ViewModels\Warewolf.Studio.ViewModels.csproj]
C:\Program Files\dotnet\sdk\10.0.201\Microsoft.Common.CurrentVersion.targets(2451,5): warning MSB3277:             C:\Users\ultra\warewolf\Dev\Dev2.Runtime.Services\bin\Debug\net8.0\Dev2.Runtime.Services.dll [C:\Users\ultra\warewolf\Dev\Warewolf.Studio.ViewModels\Warewolf.Studio.ViewModels.csproj]
C:\Program Files\dotnet\sdk\10.0.201\Microsoft.Common.CurrentVersion.targets(2451,5): warning MSB3277:             C:\Users\ultra\warewolf\Dev\Dev2.Studio.Interfaces\bin\Debug\net8.0\Dev2.Studio.Interfaces.dll [C:\Users\ultra\warewolf\Dev\Warewolf.Studio.ViewModels\Warewolf.Studio.ViewModels.csproj]
C:\Program Files\dotnet\sdk\10.0.201\Microsoft.Common.CurrentVersion.targets(2451,5): warning MSB3277:             C:\Users\ultra\warewolf\Dev\Warewolf.Studio.Core\bin\Debug\net8.0\Warewolf.Studio.Core.dll [C:\Users\ultra\warewolf\Dev\Warewolf.Studio.ViewModels\Warewolf.Studio.ViewModels.csproj]
C:\Program Files\dotnet\sdk\10.0.201\Microsoft.Common.CurrentVersion.targets(2451,5): warning MSB3277:             C:\Users\ultra\warewolf\Dev\Warewolf.Studio.CustomControls\bin\Debug\net8.0\Warewolf.Studio.CustomControls.dll [C:\Users\ultra\warewolf\Dev\Warewolf.Studio.ViewModels\Warewolf.Studio.ViewModels.csproj]
C:\Program Files\dotnet\sdk\10.0.201\Microsoft.Common.CurrentVersion.targets(2451,5): warning MSB3277:             C:\Users\ultra\warewolf\Dev\Warewolf.Studio.Models\bin\Debug\net8.0\Warewolf.Studio.Models.dll [C:\Users\ultra\warewolf\Dev\Warewolf.Studio.ViewModels\Warewolf.Studio.ViewModels.csproj]
C:\Program Files\dotnet\sdk\10.0.201\Microsoft.Common.CurrentVersion.targets(2451,5): warning MSB3277:             C:\Users\ultra\warewolf\Dev\Dev2.Services.Execution\bin\Debug\net8.0\Dev2.Services.Execution.dll [C:\Users\ultra\warewolf\Dev\Warewolf.Studio.ViewModels\Warewolf.Studio.ViewModels.csproj]
C:\Program Files\dotnet\sdk\10.0.201\Microsoft.Common.CurrentVersion.targets(2451,5): warning MSB3277:             C:\Users\ultra\warewolf\Dev\Dev2.Services.Sql\bin\Debug\net8.0\Dev2.Services.Sql.dll [C:\Users\ultra\warewolf\Dev\Warewolf.Studio.ViewModels\Warewolf.Studio.ViewModels.csproj]
C:\Program Files\dotnet\sdk\10.0.201\Microsoft.Common.CurrentVersion.targets(2451,5): warning MSB3277:             C:\Users\ultra\warewolf\Dev\Warewolf.Driver.Persistence\bin\Debug\net8.0\Warewolf.Driver.Persistence.dll [C:\Users\ultra\warewolf\Dev\Warewolf.Studio.ViewModels\Warewolf.Studio.ViewModels.csproj]
C:\Program Files\dotnet\sdk\10.0.201\Microsoft.Common.CurrentVersion.targets(2451,5): warning MSB3277:         C:\Users\ultra\.nuget\packages\oracle.manageddataaccess.core\3.21.70\lib\netstandard2.1\Oracle.ManagedDataAccess.dll [C:\Users\ultra\warewolf\Dev\Warewolf.Studio.ViewModels\Warewolf.Studio.ViewModels.csproj]
C:\Program Files\dotnet\sdk\10.0.201\Microsoft.Common.CurrentVersion.targets(2451,5): warning MSB3277:           Project file item includes which caused reference "C:\Users\ultra\.nuget\packages\oracle.manageddataaccess.core\3.21.70\lib\netstandard2.1\Oracle.ManagedDataAccess.dll". [C:\Users\ultra\warewolf\Dev\Warewolf.Studio.ViewModels\Warewolf.Studio.ViewModels.csproj]
C:\Program Files\dotnet\sdk\10.0.201\Microsoft.Common.CurrentVersion.targets(2451,5): warning MSB3277:             C:\Users\ultra\.nuget\packages\oracle.manageddataaccess.core\3.21.70\lib\netstandard2.1\Oracle.ManagedDataAccess.dll [C:\Users\ultra\warewolf\Dev\Warewolf.Studio.ViewModels\Warewolf.Studio.ViewModels.csproj]
C:\Program Files\dotnet\sdk\10.0.201\Microsoft.Common.CurrentVersion.targets(2451,5): warning MSB3277:             C:\Users\ultra\warewolf\Dev\Dev2.Runtime.Services\bin\Debug\net8.0\Dev2.Runtime.Services.dll [C:\Users\ultra\warewolf\Dev\Warewolf.Studio.ViewModels\Warewolf.Studio.ViewModels.csproj]
C:\Program Files\dotnet\sdk\10.0.201\Microsoft.Common.CurrentVersion.targets(2451,5): warning MSB3277:             C:\Users\ultra\warewolf\Dev\Dev2.Activities\bin\Debug\net8.0\Dev2.Activities.dll [C:\Users\ultra\warewolf\Dev\Warewolf.Studio.ViewModels\Warewolf.Studio.ViewModels.csproj]
C:\Program Files\dotnet\sdk\10.0.201\Microsoft.Common.CurrentVersion.targets(2451,5): warning MSB3277:             C:\Users\ultra\warewolf\Dev\Dev2.Studio.Core\bin\Debug\net8.0\Dev2.Studio.Core.dll [C:\Users\ultra\warewolf\Dev\Warewolf.Studio.ViewModels\Warewolf.Studio.ViewModels.csproj]
C:\Program Files\dotnet\sdk\10.0.201\Microsoft.Common.CurrentVersion.targets(2451,5): warning MSB3277:             C:\Users\ultra\warewolf\Dev\Dev2.Studio.Interfaces\bin\Debug\net8.0\Dev2.Studio.Interfaces.dll [C:\Users\ultra\warewolf\Dev\Warewolf.Studio.ViewModels\Warewolf.Studio.ViewModels.csproj]
C:\Program Files\dotnet\sdk\10.0.201\Microsoft.Common.CurrentVersion.targets(2451,5): warning MSB3277:             C:\Users\ultra\warewolf\Dev\Warewolf.Studio.Core\bin\Debug\net8.0\Warewolf.Studio.Core.dll [C:\Users\ultra\warewolf\Dev\Warewolf.Studio.ViewModels\Warewolf.Studio.ViewModels.csproj]
C:\Program Files\dotnet\sdk\10.0.201\Microsoft.Common.CurrentVersion.targets(2451,5): warning MSB3277:             C:\Users\ultra\warewolf\Dev\Warewolf.Studio.CustomControls\bin\Debug\net8.0\Warewolf.Studio.CustomControls.dll [C:\Users\ultra\warewolf\Dev\Warewolf.Studio.ViewModels\Warewolf.Studio.ViewModels.csproj]
C:\Program Files\dotnet\sdk\10.0.201\Microsoft.Common.CurrentVersion.targets(2451,5): warning MSB3277:             C:\Users\ultra\warewolf\Dev\Warewolf.Studio.Models\bin\Debug\net8.0\Warewolf.Studio.Models.dll [C:\Users\ultra\warewolf\Dev\Warewolf.Studio.ViewModels\Warewolf.Studio.ViewModels.csproj]
C:\Program Files\dotnet\sdk\10.0.201\Microsoft.Common.CurrentVersion.targets(2451,5): warning MSB3277:             C:\Users\ultra\warewolf\Dev\Dev2.Intellisense\bin\Debug\net8.0\Dev2.Intellisense.dll [C:\Users\ultra\warewolf\Dev\Warewolf.Studio.ViewModels\Warewolf.Studio.ViewModels.csproj]
C:\Program Files\dotnet\sdk\10.0.201\Microsoft.Common.CurrentVersion.targets(2451,5): warning MSB3277:             C:\Users\ultra\warewolf\Dev\Dev2.Services.Execution\bin\Debug\net8.0\Dev2.Services.Execution.dll [C:\Users\ultra\warewolf\Dev\Warewolf.Studio.ViewModels\Warewolf.Studio.ViewModels.csproj]
C:\Program Files\dotnet\sdk\10.0.201\Microsoft.Common.CurrentVersion.targets(2451,5): warning MSB3277:             C:\Users\ultra\warewolf\Dev\Dev2.Services.Sql\bin\Debug\net8.0\Dev2.Services.Sql.dll [C:\Users\ultra\warewolf\Dev\Warewolf.Studio.ViewModels\Warewolf.Studio.ViewModels.csproj]
C:\Program Files\dotnet\sdk\10.0.201\Microsoft.Common.CurrentVersion.targets(2451,5): warning MSB3277:             C:\Users\ultra\warewolf\Dev\Warewolf.Driver.Persistence\bin\Debug\net8.0\Warewolf.Driver.Persistence.dll [C:\Users\ultra\warewolf\Dev\Warewolf.Studio.ViewModels\Warewolf.Studio.ViewModels.csproj]
C:\Program Files\dotnet\sdk\10.0.201\Microsoft.Common.CurrentVersion.targets(2451,5): warning MSB3277:         C:\Users\ultra\.nuget\packages\system.directoryservices\6.0.0\lib\net6.0\System.DirectoryServices.dll [C:\Users\ultra\warewolf\Dev\Warewolf.Studio.ViewModels\Warewolf.Studio.ViewModels.csproj]
C:\Program Files\dotnet\sdk\10.0.201\Microsoft.Common.CurrentVersion.targets(2451,5): warning MSB3277:           Project file item includes which caused reference "C:\Users\ultra\.nuget\packages\system.directoryservices\6.0.0\lib\net6.0\System.DirectoryServices.dll". [C:\Users\ultra\warewolf\Dev\Warewolf.Studio.ViewModels\Warewolf.Studio.ViewModels.csproj]
C:\Program Files\dotnet\sdk\10.0.201\Microsoft.Common.CurrentVersion.targets(2451,5): warning MSB3277:             C:\Users\ultra\.nuget\packages\system.directoryservices\6.0.0\lib\net6.0\System.DirectoryServices.dll [C:\Users\ultra\warewolf\Dev\Warewolf.Studio.ViewModels\Warewolf.Studio.ViewModels.csproj]
C:\Program Files\dotnet\sdk\10.0.201\Microsoft.Common.CurrentVersion.targets(2451,5): warning MSB3277:             C:\Users\ultra\.nuget\packages\corewcf.primitives\1.2.1\lib\netstandard2.0\CoreWCF.Primitives.dll [C:\Users\ultra\warewolf\Dev\Warewolf.Studio.ViewModels\Warewolf.Studio.ViewModels.csproj]
C:\Program Files\dotnet\sdk\10.0.201\Microsoft.Common.CurrentVersion.targets(2451,5): warning MSB3277:             C:\Users\ultra\warewolf\Dev\Dev2.Runtime.Services\bin\Debug\net8.0\Dev2.Runtime.Services.dll [C:\Users\ultra\warewolf\Dev\Warewolf.Studio.ViewModels\Warewolf.Studio.ViewModels.csproj]
C:\Program Files\dotnet\sdk\10.0.201\Microsoft.Common.CurrentVersion.targets(2451,5): warning MSB3277:             C:\Users\ultra\warewolf\Dev\Dev2.Activities\bin\Debug\net8.0\Dev2.Activities.dll [C:\Users\ultra\warewolf\Dev\Warewolf.Studio.ViewModels\Warewolf.Studio.ViewModels.csproj]
C:\Program Files\dotnet\sdk\10.0.201\Microsoft.Common.CurrentVersion.targets(2451,5): warning MSB3277:             C:\Users\ultra\warewolf\Dev\Dev2.Studio.Core\bin\Debug\net8.0\Dev2.Studio.Core.dll [C:\Users\ultra\warewolf\Dev\Warewolf.Studio.ViewModels\Warewolf.Studio.ViewModels.csproj]
C:\Program Files\dotnet\sdk\10.0.201\Microsoft.Common.CurrentVersion.targets(2451,5): warning MSB3277:             C:\Users\ultra\warewolf\Dev\Dev2.Studio.Interfaces\bin\Debug\net8.0\Dev2.Studio.Interfaces.dll [C:\Users\ultra\warewolf\Dev\Warewolf.Studio.ViewModels\Warewolf.Studio.ViewModels.csproj]
C:\Program Files\dotnet\sdk\10.0.201\Microsoft.Common.CurrentVersion.targets(2451,5): warning MSB3277:             C:\Users\ultra\warewolf\Dev\Warewolf.Studio.Core\bin\Debug\net8.0\Warewolf.Studio.Core.dll [C:\Users\ultra\warewolf\Dev\Warewolf.Studio.ViewModels\Warewolf.Studio.ViewModels.csproj]
C:\Program Files\dotnet\sdk\10.0.201\Microsoft.Common.CurrentVersion.targets(2451,5): warning MSB3277:             C:\Users\ultra\warewolf\Dev\Warewolf.Studio.CustomControls\bin\Debug\net8.0\Warewolf.Studio.CustomControls.dll [C:\Users\ultra\warewolf\Dev\Warewolf.Studio.ViewModels\Warewolf.Studio.ViewModels.csproj]
C:\Program Files\dotnet\sdk\10.0.201\Microsoft.Common.CurrentVersion.targets(2451,5): warning MSB3277:             C:\Users\ultra\warewolf\Dev\Warewolf.Studio.Models\bin\Debug\net8.0\Warewolf.Studio.Models.dll [C:\Users\ultra\warewolf\Dev\Warewolf.Studio.ViewModels\Warewolf.Studio.ViewModels.csproj]
C:\Program Files\dotnet\sdk\10.0.201\Microsoft.Common.CurrentVersion.targets(2451,5): warning MSB3277:             C:\Users\ultra\warewolf\Dev\Dev2.Intellisense\bin\Debug\net8.0\Dev2.Intellisense.dll [C:\Users\ultra\warewolf\Dev\Warewolf.Studio.ViewModels\Warewolf.Studio.ViewModels.csproj]
C:\Program Files\dotnet\sdk\10.0.201\Microsoft.Common.CurrentVersion.targets(2451,5): warning MSB3277:             C:\Users\ultra\warewolf\Dev\Dev2.Services.Execution\bin\Debug\net8.0\Dev2.Services.Execution.dll [C:\Users\ultra\warewolf\Dev\Warewolf.Studio.ViewModels\Warewolf.Studio.ViewModels.csproj]
C:\Program Files\dotnet\sdk\10.0.201\Microsoft.Common.CurrentVersion.targets(2451,5): warning MSB3277:             C:\Users\ultra\warewolf\Dev\Warewolf.Driver.Persistence\bin\Debug\net8.0\Warewolf.Driver.Persistence.dll [C:\Users\ultra\warewolf\Dev\Warewolf.Studio.ViewModels\Warewolf.Studio.ViewModels.csproj]
C:\Program Files\dotnet\sdk\10.0.201\Microsoft.Common.CurrentVersion.targets(2451,5): warning MSB3277:             C:\Users\ultra\.nuget\packages\corewcf.http\1.2.1\lib\netstandard2.0\CoreWCF.Http.dll [C:\Users\ultra\warewolf\Dev\Warewolf.Studio.ViewModels\Warewolf.Studio.ViewModels.csproj]
C:\Program Files\dotnet\sdk\10.0.201\Microsoft.Common.CurrentVersion.targets(2451,5): warning MSB3277:             C:\Users\ultra\.nuget\packages\corewcf.nettcp\1.2.1\lib\netstandard2.0\CoreWCF.NetTcp.dll [C:\Users\ultra\warewolf\Dev\Warewolf.Studio.ViewModels\Warewolf.Studio.ViewModels.csproj]
C:\Program Files\dotnet\sdk\10.0.201\Microsoft.Common.CurrentVersion.targets(2451,5): warning MSB3277:             C:\Users\ultra\.nuget\packages\corewcf.webhttp\1.2.1\lib\netstandard2.0\CoreWCF.WebHttp.dll [C:\Users\ultra\warewolf\Dev\Warewolf.Studio.ViewModels\Warewolf.Studio.ViewModels.csproj]
C:\Program Files\dotnet\sdk\10.0.201\Microsoft.Common.CurrentVersion.targets(2451,5): warning MSB3277:         C:\Program Files\dotnet\packs\Microsoft.NETCore.App.Ref\8.0.25\ref\net8.0\System.Configuration.dll [C:\Users\ultra\warewolf\Dev\Warewolf.Studio.ViewModels\Warewolf.Studio.ViewModels.csproj]
C:\Program Files\dotnet\sdk\10.0.201\Microsoft.Common.CurrentVersion.targets(2451,5): warning MSB3277:           Project file item includes which caused reference "C:\Program Files\dotnet\packs\Microsoft.NETCore.App.Ref\8.0.25\ref\net8.0\System.Configuration.dll". [C:\Users\ultra\warewolf\Dev\Warewolf.Studio.ViewModels\Warewolf.Studio.ViewModels.csproj]
C:\Program Files\dotnet\sdk\10.0.201\Microsoft.Common.CurrentVersion.targets(2451,5): warning MSB3277:             C:\Program Files\dotnet\packs\Microsoft.NETCore.App.Ref\8.0.25\ref/net8.0/System.Configuration.dll [C:\Users\ultra\warewolf\Dev\Warewolf.Studio.ViewModels\Warewolf.Studio.ViewModels.csproj]
C:\Program Files\dotnet\sdk\10.0.201\Microsoft.Common.CurrentVersion.targets(2451,5): warning MSB3277:             C:\Users\ultra\.nuget\packages\prism.wpf\9.0.537\lib\net462\Prism.Wpf.dll [C:\Users\ultra\warewolf\Dev\Warewolf.Studio.ViewModels\Warewolf.Studio.ViewModels.csproj]
C:\Program Files\dotnet\sdk\10.0.201\Microsoft.Common.CurrentVersion.targets(2451,5): warning MSB3277:         C:\Program Files\dotnet\packs\Microsoft.NETCore.App.Ref\8.0.25\ref\net8.0\System.Data.dll [C:\Users\ultra\warewolf\Dev\Warewolf.Studio.ViewModels\Warewolf.Studio.ViewModels.csproj]
C:\Program Files\dotnet\sdk\10.0.201\Microsoft.Common.CurrentVersion.targets(2451,5): warning MSB3277:           Project file item includes which caused reference "C:\Program Files\dotnet\packs\Microsoft.NETCore.App.Ref\8.0.25\ref\net8.0\System.Data.dll". [C:\Users\ultra\warewolf\Dev\Warewolf.Studio.ViewModels\Warewolf.Studio.ViewModels.csproj]
C:\Program Files\dotnet\sdk\10.0.201\Microsoft.Common.CurrentVersion.targets(2451,5): warning MSB3277:             C:\Program Files\dotnet\packs\Microsoft.NETCore.App.Ref\8.0.25\ref/net8.0/System.Data.dll [C:\Users\ultra\warewolf\Dev\Warewolf.Studio.ViewModels\Warewolf.Studio.ViewModels.csproj]
C:\Program Files\dotnet\sdk\10.0.201\Microsoft.Common.CurrentVersion.targets(2451,5): warning MSB3277:             C:\Users\ultra\.nuget\packages\taskschedulereditor\2.10.1\lib\net452\Microsoft.Win32.TaskSchedulerEditor.dll [C:\Users\ultra\warewolf\Dev\Warewolf.Studio.ViewModels\Warewolf.Studio.ViewModels.csproj]
C:\Program Files\dotnet\sdk\10.0.201\Microsoft.Common.CurrentVersion.targets(2451,5): warning MSB3277:         C:\Program Files\dotnet\packs\Microsoft.NETCore.App.Ref\8.0.25\ref\net8.0\System.Drawing.dll [C:\Users\ultra\warewolf\Dev\Warewolf.Studio.ViewModels\Warewolf.Studio.ViewModels.csproj]
C:\Program Files\dotnet\sdk\10.0.201\Microsoft.Common.CurrentVersion.targets(2451,5): warning MSB3277:           Project file item includes which caused reference "C:\Program Files\dotnet\packs\Microsoft.NETCore.App.Ref\8.0.25\ref\net8.0\System.Drawing.dll". [C:\Users\ultra\warewolf\Dev\Warewolf.Studio.ViewModels\Warewolf.Studio.ViewModels.csproj]
C:\Program Files\dotnet\sdk\10.0.201\Microsoft.Common.CurrentVersion.targets(2451,5): warning MSB3277:             C:\Program Files\dotnet\packs\Microsoft.NETCore.App.Ref\8.0.25\ref/net8.0/System.Drawing.dll [C:\Users\ultra\warewolf\Dev\Warewolf.Studio.ViewModels\Warewolf.Studio.ViewModels.csproj]
C:\Program Files\dotnet\sdk\10.0.201\Microsoft.Common.CurrentVersion.targets(2451,5): warning MSB3277:             C:\Users\ultra\.nuget\packages\aerowizard\2.3.1\lib\net45\AeroWizard.dll [C:\Users\ultra\warewolf\Dev\Warewolf.Studio.ViewModels\Warewolf.Studio.ViewModels.csproj]
C:\Program Files\dotnet\sdk\10.0.201\Microsoft.Common.CurrentVersion.targets(2451,5): warning MSB3277:             C:\Users\ultra\.nuget\packages\groupcontrols\1.9.0\lib\net45\GroupControls.dll [C:\Users\ultra\warewolf\Dev\Warewolf.Studio.ViewModels\Warewolf.Studio.ViewModels.csproj]
C:\Program Files\dotnet\sdk\10.0.201\Microsoft.Common.CurrentVersion.targets(2451,5): warning MSB3277:             C:\Users\ultra\.nuget\packages\taskschedulereditor\2.10.1\lib\net452\Microsoft.Win32.TaskSchedulerEditor.dll [C:\Users\ultra\warewolf\Dev\Warewolf.Studio.ViewModels\Warewolf.Studio.ViewModels.csproj]
C:\Program Files\dotnet\sdk\10.0.201\Microsoft.Common.CurrentVersion.targets(2451,5): warning MSB3277:         C:\Program Files\dotnet\packs\Microsoft.NETCore.App.Ref\8.0.25\ref\net8.0\System.Net.dll [C:\Users\ultra\warewolf\Dev\Warewolf.Studio.ViewModels\Warewolf.Studio.ViewModels.csproj]
C:\Program Files\dotnet\sdk\10.0.201\Microsoft.Common.CurrentVersion.targets(2451,5): warning MSB3277:           Project file item includes which caused reference "C:\Program Files\dotnet\packs\Microsoft.NETCore.App.Ref\8.0.25\ref\net8.0\System.Net.dll". [C:\Users\ultra\warewolf\Dev\Warewolf.Studio.ViewModels\Warewolf.Studio.ViewModels.csproj]
C:\Program Files\dotnet\sdk\10.0.201\Microsoft.Common.CurrentVersion.targets(2451,5): warning MSB3277:             C:\Program Files\dotnet\packs\Microsoft.NETCore.App.Ref\8.0.25\ref/net8.0/System.Net.dll [C:\Users\ultra\warewolf\Dev\Warewolf.Studio.ViewModels\Warewolf.Studio.ViewModels.csproj]
C:\Program Files\dotnet\sdk\10.0.201\Microsoft.Common.CurrentVersion.targets(2451,5): warning MSB3277:         C:\Program Files\dotnet\packs\Microsoft.NETCore.App.Ref\8.0.25\ref\net8.0\System.Security.dll [C:\Users\ultra\warewolf\Dev\Warewolf.Studio.ViewModels\Warewolf.Studio.ViewModels.csproj]
C:\Program Files\dotnet\sdk\10.0.201\Microsoft.Common.CurrentVersion.targets(2451,5): warning MSB3277:           Project file item includes which caused reference "C:\Program Files\dotnet\packs\Microsoft.NETCore.App.Ref\8.0.25\ref\net8.0\System.Security.dll". [C:\Users\ultra\warewolf\Dev\Warewolf.Studio.ViewModels\Warewolf.Studio.ViewModels.csproj]
C:\Program Files\dotnet\sdk\10.0.201\Microsoft.Common.CurrentVersion.targets(2451,5): warning MSB3277:             C:\Program Files\dotnet\packs\Microsoft.NETCore.App.Ref\8.0.25\ref/net8.0/System.Security.dll [C:\Users\ultra\warewolf\Dev\Warewolf.Studio.ViewModels\Warewolf.Studio.ViewModels.csproj]
C:\Program Files\dotnet\sdk\10.0.201\Microsoft.Common.CurrentVersion.targets(2451,5): warning MSB3277:         C:\Program Files\dotnet\packs\Microsoft.NETCore.App.Ref\8.0.25\ref\net8.0\System.ServiceProcess.dll [C:\Users\ultra\warewolf\Dev\Warewolf.Studio.ViewModels\Warewolf.Studio.ViewModels.csproj]
C:\Program Files\dotnet\sdk\10.0.201\Microsoft.Common.CurrentVersion.targets(2451,5): warning MSB3277:           Project file item includes which caused reference "C:\Program Files\dotnet\packs\Microsoft.NETCore.App.Ref\8.0.25\ref\net8.0\System.ServiceProcess.dll". [C:\Users\ultra\warewolf\Dev\Warewolf.Studio.ViewModels\Warewolf.Studio.ViewModels.csproj]
C:\Program Files\dotnet\sdk\10.0.201\Microsoft.Common.CurrentVersion.targets(2451,5): warning MSB3277:             C:\Program Files\dotnet\packs\Microsoft.NETCore.App.Ref\8.0.25\ref/net8.0/System.ServiceProcess.dll [C:\Users\ultra\warewolf\Dev\Warewolf.Studio.ViewModels\Warewolf.Studio.ViewModels.csproj]
C:\Program Files\dotnet\sdk\10.0.201\Microsoft.Common.CurrentVersion.targets(2451,5): warning MSB3277:         C:\Program Files\dotnet\packs\Microsoft.NETCore.App.Ref\8.0.25\ref\net8.0\System.Transactions.dll [C:\Users\ultra\warewolf\Dev\Warewolf.Studio.ViewModels\Warewolf.Studio.ViewModels.csproj]
C:\Program Files\dotnet\sdk\10.0.201\Microsoft.Common.CurrentVersion.targets(2451,5): warning MSB3277:           Project file item includes which caused reference "C:\Program Files\dotnet\packs\Microsoft.NETCore.App.Ref\8.0.25\ref\net8.0\System.Transactions.dll". [C:\Users\ultra\warewolf\Dev\Warewolf.Studio.ViewModels\Warewolf.Studio.ViewModels.csproj]
C:\Program Files\dotnet\sdk\10.0.201\Microsoft.Common.CurrentVersion.targets(2451,5): warning MSB3277:             C:\Program Files\dotnet\packs\Microsoft.NETCore.App.Ref\8.0.25\ref/net8.0/System.Transactions.dll [C:\Users\ultra\warewolf\Dev\Warewolf.Studio.ViewModels\Warewolf.Studio.ViewModels.csproj]
C:\Program Files\dotnet\sdk\10.0.201\Microsoft.Common.CurrentVersion.targets(2451,5): warning MSB3277:         C:\Program Files\dotnet\packs\Microsoft.NETCore.App.Ref\8.0.25\ref\net8.0\System.dll [C:\Users\ultra\warewolf\Dev\Warewolf.Studio.ViewModels\Warewolf.Studio.ViewModels.csproj]
C:\Program Files\dotnet\sdk\10.0.201\Microsoft.Common.CurrentVersion.targets(2451,5): warning MSB3277:           Project file item includes which caused reference "C:\Program Files\dotnet\packs\Microsoft.NETCore.App.Ref\8.0.25\ref\net8.0\System.dll". [C:\Users\ultra\warewolf\Dev\Warewolf.Studio.ViewModels\Warewolf.Studio.ViewModels.csproj]
C:\Program Files\dotnet\sdk\10.0.201\Microsoft.Common.CurrentVersion.targets(2451,5): warning MSB3277:             C:\Program Files\dotnet\packs\Microsoft.NETCore.App.Ref\8.0.25\ref/net8.0/System.dll [C:\Users\ultra\warewolf\Dev\Warewolf.Studio.ViewModels\Warewolf.Studio.ViewModels.csproj]
C:\Program Files\dotnet\sdk\10.0.201\Microsoft.Common.CurrentVersion.targets(2451,5): warning MSB3277:             C:\Users\ultra\.nuget\packages\aerowizard\2.3.1\lib\net45\AeroWizard.dll [C:\Users\ultra\warewolf\Dev\Warewolf.Studio.ViewModels\Warewolf.Studio.ViewModels.csproj]
C:\Program Files\dotnet\sdk\10.0.201\Microsoft.Common.CurrentVersion.targets(2451,5): warning MSB3277:             C:\Users\ultra\.nuget\packages\groupcontrols\1.9.0\lib\net45\GroupControls.dll [C:\Users\ultra\warewolf\Dev\Warewolf.Studio.ViewModels\Warewolf.Studio.ViewModels.csproj]
C:\Program Files\dotnet\sdk\10.0.201\Microsoft.Common.CurrentVersion.targets(2451,5): warning MSB3277:             C:\Users\ultra\.nuget\packages\microsoft.xaml.behaviors.wpf\1.1.122\lib\net462\Microsoft.Xaml.Behaviors.dll [C:\Users\ultra\warewolf\Dev\Warewolf.Studio.ViewModels\Warewolf.Studio.ViewModels.csproj]
C:\Program Files\dotnet\sdk\10.0.201\Microsoft.Common.CurrentVersion.targets(2451,5): warning MSB3277:             C:\Users\ultra\.nuget\packages\caliburn.micro\4.0.212\lib\netcoreapp3.1\Caliburn.Micro.Platform.dll [C:\Users\ultra\warewolf\Dev\Warewolf.Studio.ViewModels\Warewolf.Studio.ViewModels.csproj]
C:\Program Files\dotnet\sdk\10.0.201\Microsoft.Common.CurrentVersion.targets(2451,5): warning MSB3277:             C:\Users\ultra\.nuget\packages\prism.wpf\9.0.537\lib\net462\Prism.Wpf.dll [C:\Users\ultra\warewolf\Dev\Warewolf.Studio.ViewModels\Warewolf.Studio.ViewModels.csproj]
C:\Program Files\dotnet\sdk\10.0.201\Microsoft.Common.CurrentVersion.targets(2451,5): warning MSB3277:             C:\Users\ultra\.nuget\packages\reactiveui.wpf\18.4.1\lib\net462\ReactiveUI.Wpf.dll [C:\Users\ultra\warewolf\Dev\Warewolf.Studio.ViewModels\Warewolf.Studio.ViewModels.csproj]
C:\Program Files\dotnet\sdk\10.0.201\Microsoft.Common.CurrentVersion.targets(2451,5): warning MSB3277:             C:\Users\ultra\.nuget\packages\taskschedulereditor\2.10.1\lib\net452\Microsoft.Win32.TaskSchedulerEditor.dll [C:\Users\ultra\warewolf\Dev\Warewolf.Studio.ViewModels\Warewolf.Studio.ViewModels.csproj]
C:\Program Files\dotnet\sdk\10.0.201\Microsoft.Common.CurrentVersion.targets(2451,5): warning MSB3277:             C:\Users\ultra\.nuget\packages\ttcue.netcore.sharepointonline.csom.16.1.8029.1200\16.1.8029.1200\lib\netcoreapp2.0\Microsoft.SharePoint.Client.Runtime.Windows.dll [C:\Users\ultra\warewolf\Dev\Warewolf.Studio.ViewModels\Warewolf.Studio.ViewModels.csproj]
C:\Program Files\dotnet\sdk\10.0.201\Microsoft.Common.CurrentVersion.targets(2451,5): warning MSB3277:         C:\Program Files\dotnet\packs\Microsoft.NETCore.App.Ref\8.0.25\ref\net8.0\WindowsBase.dll [C:\Users\ultra\warewolf\Dev\Warewolf.Studio.ViewModels\Warewolf.Studio.ViewModels.csproj]
C:\Program Files\dotnet\sdk\10.0.201\Microsoft.Common.CurrentVersion.targets(2451,5): warning MSB3277:           Project file item includes which caused reference "C:\Program Files\dotnet\packs\Microsoft.NETCore.App.Ref\8.0.25\ref\net8.0\WindowsBase.dll". [C:\Users\ultra\warewolf\Dev\Warewolf.Studio.ViewModels\Warewolf.Studio.ViewModels.csproj]
C:\Program Files\dotnet\sdk\10.0.201\Microsoft.Common.CurrentVersion.targets(2451,5): warning MSB3277:             C:\Program Files\dotnet\packs\Microsoft.NETCore.App.Ref\8.0.25\ref/net8.0/WindowsBase.dll [C:\Users\ultra\warewolf\Dev\Warewolf.Studio.ViewModels\Warewolf.Studio.ViewModels.csproj]
C:\Program Files\dotnet\sdk\10.0.201\Microsoft.Common.CurrentVersion.targets(2451,5): warning MSB3277:         C:\Program Files\dotnet\packs\Microsoft.NETCore.App.Ref\8.0.25\ref\net8.0\mscorlib.dll [C:\Users\ultra\warewolf\Dev\Warewolf.Studio.ViewModels\Warewolf.Studio.ViewModels.csproj]
C:\Program Files\dotnet\sdk\10.0.201\Microsoft.Common.CurrentVersion.targets(2451,5): warning MSB3277:           Project file item includes which caused reference "C:\Program Files\dotnet\packs\Microsoft.NETCore.App.Ref\8.0.25\ref\net8.0\mscorlib.dll". [C:\Users\ultra\warewolf\Dev\Warewolf.Studio.ViewModels\Warewolf.Studio.ViewModels.csproj]
C:\Program Files\dotnet\sdk\10.0.201\Microsoft.Common.CurrentVersion.targets(2451,5): warning MSB3277:             C:\Program Files\dotnet\packs\Microsoft.NETCore.App.Ref\8.0.25\ref/net8.0/mscorlib.dll [C:\Users\ultra\warewolf\Dev\Warewolf.Studio.ViewModels\Warewolf.Studio.ViewModels.csproj]
C:\Program Files\dotnet\sdk\10.0.201\Microsoft.Common.CurrentVersion.targets(2451,5): warning MSB3277:             C:\Users\ultra\.nuget\packages\aerowizard\2.3.1\lib\net45\AeroWizard.dll [C:\Users\ultra\warewolf\Dev\Warewolf.Studio.ViewModels\Warewolf.Studio.ViewModels.csproj]
C:\Program Files\dotnet\sdk\10.0.201\Microsoft.Common.CurrentVersion.targets(2451,5): warning MSB3277:             C:\Users\ultra\.nuget\packages\groupcontrols\1.9.0\lib\net45\GroupControls.dll [C:\Users\ultra\warewolf\Dev\Warewolf.Studio.ViewModels\Warewolf.Studio.ViewModels.csproj]
C:\Program Files\dotnet\sdk\10.0.201\Microsoft.Common.CurrentVersion.targets(2451,5): warning MSB3277:             C:\Users\ultra\.nuget\packages\hangfire.core\1.7.32\lib\netstandard2.0\Hangfire.Core.dll [C:\Users\ultra\warewolf\Dev\Warewolf.Studio.ViewModels\Warewolf.Studio.ViewModels.csproj]
C:\Program Files\dotnet\sdk\10.0.201\Microsoft.Common.CurrentVersion.targets(2451,5): warning MSB3277:             C:\Users\ultra\warewolf\Dev\Dev2.Activities\bin\Debug\net8.0\Dev2.Activities.dll [C:\Users\ultra\warewolf\Dev\Warewolf.Studio.ViewModels\Warewolf.Studio.ViewModels.csproj]
C:\Program Files\dotnet\sdk\10.0.201\Microsoft.Common.CurrentVersion.targets(2451,5): warning MSB3277:             C:\Users\ultra\warewolf\Dev\Dev2.Studio.Core\bin\Debug\net8.0\Dev2.Studio.Core.dll [C:\Users\ultra\warewolf\Dev\Warewolf.Studio.ViewModels\Warewolf.Studio.ViewModels.csproj]
C:\Program Files\dotnet\sdk\10.0.201\Microsoft.Common.CurrentVersion.targets(2451,5): warning MSB3277:             C:\Users\ultra\warewolf\Dev\Dev2.Intellisense\bin\Debug\net8.0\Dev2.Intellisense.dll [C:\Users\ultra\warewolf\Dev\Warewolf.Studio.ViewModels\Warewolf.Studio.ViewModels.csproj]
C:\Program Files\dotnet\sdk\10.0.201\Microsoft.Common.CurrentVersion.targets(2451,5): warning MSB3277:             C:\Users\ultra\warewolf\Dev\Warewolf.Driver.Persistence\bin\Debug\net8.0\Warewolf.Driver.Persistence.dll [C:\Users\ultra\warewolf\Dev\Warewolf.Studio.ViewModels\Warewolf.Studio.ViewModels.csproj]
C:\Program Files\dotnet\sdk\10.0.201\Microsoft.Common.CurrentVersion.targets(2451,5): warning MSB3277:             C:\Users\ultra\.nuget\packages\hangfire.sqlserver\1.7.32\lib\netstandard2.0\Hangfire.SqlServer.dll [C:\Users\ultra\warewolf\Dev\Warewolf.Studio.ViewModels\Warewolf.Studio.ViewModels.csproj]
C:\Program Files\dotnet\sdk\10.0.201\Microsoft.Common.CurrentVersion.targets(2451,5): warning MSB3277:             C:\Users\ultra\.nuget\packages\microsoft.xaml.behaviors.wpf\1.1.122\lib\net462\Microsoft.Xaml.Behaviors.dll [C:\Users\ultra\warewolf\Dev\Warewolf.Studio.ViewModels\Warewolf.Studio.ViewModels.csproj]
C:\Program Files\dotnet\sdk\10.0.201\Microsoft.Common.CurrentVersion.targets(2451,5): warning MSB3277:             C:\Users\ultra\.nuget\packages\caliburn.micro\4.0.212\lib\netcoreapp3.1\Caliburn.Micro.Platform.dll [C:\Users\ultra\warewolf\Dev\Warewolf.Studio.ViewModels\Warewolf.Studio.ViewModels.csproj]
C:\Program Files\dotnet\sdk\10.0.201\Microsoft.Common.CurrentVersion.targets(2451,5): warning MSB3277:             C:\Users\ultra\.nuget\packages\oracle.manageddataaccess.core\3.21.70\lib\netstandard2.1\Oracle.ManagedDataAccess.dll [C:\Users\ultra\warewolf\Dev\Warewolf.Studio.ViewModels\Warewolf.Studio.ViewModels.csproj]
C:\Program Files\dotnet\sdk\10.0.201\Microsoft.Common.CurrentVersion.targets(2451,5): warning MSB3277:             C:\Users\ultra\warewolf\Dev\Dev2.Runtime.Services\bin\Debug\net8.0\Dev2.Runtime.Services.dll [C:\Users\ultra\warewolf\Dev\Warewolf.Studio.ViewModels\Warewolf.Studio.ViewModels.csproj]
C:\Program Files\dotnet\sdk\10.0.201\Microsoft.Common.CurrentVersion.targets(2451,5): warning MSB3277:             C:\Users\ultra\warewolf\Dev\Dev2.Studio.Interfaces\bin\Debug\net8.0\Dev2.Studio.Interfaces.dll [C:\Users\ultra\warewolf\Dev\Warewolf.Studio.ViewModels\Warewolf.Studio.ViewModels.csproj]
C:\Program Files\dotnet\sdk\10.0.201\Microsoft.Common.CurrentVersion.targets(2451,5): warning MSB3277:             C:\Users\ultra\warewolf\Dev\Warewolf.Studio.Core\bin\Debug\net8.0\Warewolf.Studio.Core.dll [C:\Users\ultra\warewolf\Dev\Warewolf.Studio.ViewModels\Warewolf.Studio.ViewModels.csproj]
C:\Program Files\dotnet\sdk\10.0.201\Microsoft.Common.CurrentVersion.targets(2451,5): warning MSB3277:             C:\Users\ultra\warewolf\Dev\Warewolf.Studio.CustomControls\bin\Debug\net8.0\Warewolf.Studio.CustomControls.dll [C:\Users\ultra\warewolf\Dev\Warewolf.Studio.ViewModels\Warewolf.Studio.ViewModels.csproj]
C:\Program Files\dotnet\sdk\10.0.201\Microsoft.Common.CurrentVersion.targets(2451,5): warning MSB3277:             C:\Users\ultra\warewolf\Dev\Warewolf.Studio.Models\bin\Debug\net8.0\Warewolf.Studio.Models.dll [C:\Users\ultra\warewolf\Dev\Warewolf.Studio.ViewModels\Warewolf.Studio.ViewModels.csproj]
C:\Program Files\dotnet\sdk\10.0.201\Microsoft.Common.CurrentVersion.targets(2451,5): warning MSB3277:             C:\Users\ultra\warewolf\Dev\Dev2.Services.Execution\bin\Debug\net8.0\Dev2.Services.Execution.dll [C:\Users\ultra\warewolf\Dev\Warewolf.Studio.ViewModels\Warewolf.Studio.ViewModels.csproj]
C:\Program Files\dotnet\sdk\10.0.201\Microsoft.Common.CurrentVersion.targets(2451,5): warning MSB3277:             C:\Users\ultra\warewolf\Dev\Dev2.Services.Sql\bin\Debug\net8.0\Dev2.Services.Sql.dll [C:\Users\ultra\warewolf\Dev\Warewolf.Studio.ViewModels\Warewolf.Studio.ViewModels.csproj]
C:\Program Files\dotnet\sdk\10.0.201\Microsoft.Common.CurrentVersion.targets(2451,5): warning MSB3277:             C:\Users\ultra\.nuget\packages\prism.wpf\9.0.537\lib\net462\Prism.Wpf.dll [C:\Users\ultra\warewolf\Dev\Warewolf.Studio.ViewModels\Warewolf.Studio.ViewModels.csproj]
C:\Program Files\dotnet\sdk\10.0.201\Microsoft.Common.CurrentVersion.targets(2451,5): warning MSB3277:             C:\Users\ultra\.nuget\packages\reactiveui.wpf\18.4.1\lib\net462\ReactiveUI.Wpf.dll [C:\Users\ultra\warewolf\Dev\Warewolf.Studio.ViewModels\Warewolf.Studio.ViewModels.csproj]
C:\Program Files\dotnet\sdk\10.0.201\Microsoft.Common.CurrentVersion.targets(2451,5): warning MSB3277:             C:\Users\ultra\.nuget\packages\taskschedulereditor\2.10.1\lib\net452\Microsoft.Win32.TaskSchedulerEditor.dll [C:\Users\ultra\warewolf\Dev\Warewolf.Studio.ViewModels\Warewolf.Studio.ViewModels.csproj]
C:\Program Files\dotnet\sdk\10.0.201\Microsoft.Common.CurrentVersion.targets(2451,5): warning MSB3277:             C:\Users\ultra\.nuget\packages\ttcue.netcore.sharepointonline.csom.16.1.8029.1200\16.1.8029.1200\lib\netcoreapp2.0\Microsoft.SharePoint.Client.Runtime.Windows.dll [C:\Users\ultra\warewolf\Dev\Warewolf.Studio.ViewModels\Warewolf.Studio.ViewModels.csproj]
C:\Program Files\dotnet\sdk\10.0.201\Microsoft.Common.CurrentVersion.targets(2451,5): warning MSB3277:         C:\Users\ultra\warewolf\Dev\Dev2.Development.Languages\bin\Debug\net8.0\IronRuby.dll [C:\Users\ultra\warewolf\Dev\Warewolf.Studio.ViewModels\Warewolf.Studio.ViewModels.csproj]
C:\Program Files\dotnet\sdk\10.0.201\Microsoft.Common.CurrentVersion.targets(2451,5): warning MSB3277:           Project file item includes which caused reference "C:\Users\ultra\warewolf\Dev\Dev2.Development.Languages\bin\Debug\net8.0\IronRuby.dll". [C:\Users\ultra\warewolf\Dev\Warewolf.Studio.ViewModels\Warewolf.Studio.ViewModels.csproj]
C:\Program Files\dotnet\sdk\10.0.201\Microsoft.Common.CurrentVersion.targets(2451,5): warning MSB3277:             C:\Users\ultra\warewolf\Dev\Dev2.Development.Languages\bin\Debug\net8.0\Dev2.Development.Languages.dll [C:\Users\ultra\warewolf\Dev\Warewolf.Studio.ViewModels\Warewolf.Studio.ViewModels.csproj]
C:\Program Files\dotnet\sdk\10.0.201\Microsoft.Common.CurrentVersion.targets(2451,5): warning MSB3277:             C:\Users\ultra\warewolf\Dev\Dev2.Activities\bin\Debug\net8.0\Dev2.Activities.dll [C:\Users\ultra\warewolf\Dev\Warewolf.Studio.ViewModels\Warewolf.Studio.ViewModels.csproj]
C:\Program Files\dotnet\sdk\10.0.201\Microsoft.Common.CurrentVersion.targets(2451,5): warning MSB3277:             C:\Users\ultra\warewolf\Dev\Dev2.Studio.Core\bin\Debug\net8.0\Dev2.Studio.Core.dll [C:\Users\ultra\warewolf\Dev\Warewolf.Studio.ViewModels\Warewolf.Studio.ViewModels.csproj]
C:\Program Files\dotnet\sdk\10.0.201\Microsoft.Common.CurrentVersion.targets(2451,5): warning MSB3277:             C:\Users\ultra\warewolf\Dev\Dev2.Intellisense\bin\Debug\net8.0\Dev2.Intellisense.dll [C:\Users\ultra\warewolf\Dev\Warewolf.Studio.ViewModels\Warewolf.Studio.ViewModels.csproj]
C:\Program Files\dotnet\sdk\10.0.201\Microsoft.Common.CurrentVersion.targets(2451,5): warning MSB3277:         C:\Users\ultra\warewolf\Dev\Dev2.Development.Languages\bin\Debug\net8.0\IronRuby.Libraries.dll [C:\Users\ultra\warewolf\Dev\Warewolf.Studio.ViewModels\Warewolf.Studio.ViewModels.csproj]
C:\Program Files\dotnet\sdk\10.0.201\Microsoft.Common.CurrentVersion.targets(2451,5): warning MSB3277:           Project file item includes which caused reference "C:\Users\ultra\warewolf\Dev\Dev2.Development.Languages\bin\Debug\net8.0\IronRuby.Libraries.dll". [C:\Users\ultra\warewolf\Dev\Warewolf.Studio.ViewModels\Warewolf.Studio.ViewModels.csproj]
C:\Program Files\dotnet\sdk\10.0.201\Microsoft.Common.CurrentVersion.targets(2451,5): warning MSB3277:             C:\Users\ultra\warewolf\Dev\Dev2.Development.Languages\bin\Debug\net8.0\Dev2.Development.Languages.dll [C:\Users\ultra\warewolf\Dev\Warewolf.Studio.ViewModels\Warewolf.Studio.ViewModels.csproj]
C:\Program Files\dotnet\sdk\10.0.201\Microsoft.Common.CurrentVersion.targets(2451,5): warning MSB3277:             C:\Users\ultra\warewolf\Dev\Dev2.Activities\bin\Debug\net8.0\Dev2.Activities.dll [C:\Users\ultra\warewolf\Dev\Warewolf.Studio.ViewModels\Warewolf.Studio.ViewModels.csproj]
C:\Program Files\dotnet\sdk\10.0.201\Microsoft.Common.CurrentVersion.targets(2451,5): warning MSB3277:             C:\Users\ultra\warewolf\Dev\Dev2.Studio.Core\bin\Debug\net8.0\Dev2.Studio.Core.dll [C:\Users\ultra\warewolf\Dev\Warewolf.Studio.ViewModels\Warewolf.Studio.ViewModels.csproj]
C:\Program Files\dotnet\sdk\10.0.201\Microsoft.Common.CurrentVersion.targets(2451,5): warning MSB3277:             C:\Users\ultra\warewolf\Dev\Dev2.Intellisense\bin\Debug\net8.0\Dev2.Intellisense.dll [C:\Users\ultra\warewolf\Dev\Warewolf.Studio.ViewModels\Warewolf.Studio.ViewModels.csproj]
C:\Program Files\dotnet\sdk\10.0.201\Microsoft.Common.CurrentVersion.targets(2451,5): warning MSB3277: Found conflicts between different versions of "WindowsBase" that could not be resolved. [C:\Users\ultra\warewolf\Dev\Warewolf.Studio.ViewModels\Warewolf.Studio.ViewModels.csproj]
C:\Program Files\dotnet\sdk\10.0.201\Microsoft.Common.CurrentVersion.targets(2451,5): warning MSB3277: There was a conflict between "WindowsBase, Version=4.0.0.0, Culture=neutral, PublicKeyToken=31bf3856ad364e35" and "WindowsBase, Version=6.0.2.0, Culture=neutral, PublicKeyToken=31bf3856ad364e35". [C:\Users\ultra\warewolf\Dev\Warewolf.Studio.ViewModels\Warewolf.Studio.ViewModels.csproj]
C:\Program Files\dotnet\sdk\10.0.201\Microsoft.Common.CurrentVersion.targets(2451,5): warning MSB3277:     "WindowsBase, Version=4.0.0.0, Culture=neutral, PublicKeyToken=31bf3856ad364e35" was chosen because it was primary and "WindowsBase, Version=6.0.2.0, Culture=neutral, PublicKeyToken=31bf3856ad364e35" was not. [C:\Users\ultra\warewolf\Dev\Warewolf.Studio.ViewModels\Warewolf.Studio.ViewModels.csproj]
C:\Program Files\dotnet\sdk\10.0.201\Microsoft.Common.CurrentVersion.targets(2451,5): warning MSB3277:     References which depend on "WindowsBase, Version=4.0.0.0, Culture=neutral, PublicKeyToken=31bf3856ad364e35" [C:\Program Files\dotnet\packs\Microsoft.NETCore.App.Ref\8.0.25\ref\net8.0\WindowsBase.dll]. [C:\Users\ultra\warewolf\Dev\Warewolf.Studio.ViewModels\Warewolf.Studio.ViewModels.csproj]
C:\Program Files\dotnet\sdk\10.0.201\Microsoft.Common.CurrentVersion.targets(2451,5): warning MSB3277:         C:\Program Files\dotnet\packs\Microsoft.NETCore.App.Ref\8.0.25\ref\net8.0\WindowsBase.dll [C:\Users\ultra\warewolf\Dev\Warewolf.Studio.ViewModels\Warewolf.Studio.ViewModels.csproj]
C:\Program Files\dotnet\sdk\10.0.201\Microsoft.Common.CurrentVersion.targets(2451,5): warning MSB3277:           Project file item includes which caused reference "C:\Program Files\dotnet\packs\Microsoft.NETCore.App.Ref\8.0.25\ref\net8.0\WindowsBase.dll". [C:\Users\ultra\warewolf\Dev\Warewolf.Studio.ViewModels\Warewolf.Studio.ViewModels.csproj]
C:\Program Files\dotnet\sdk\10.0.201\Microsoft.Common.CurrentVersion.targets(2451,5): warning MSB3277:             C:\Program Files\dotnet\packs\Microsoft.NETCore.App.Ref\8.0.25\ref/net8.0/WindowsBase.dll [C:\Users\ultra\warewolf\Dev\Warewolf.Studio.ViewModels\Warewolf.Studio.ViewModels.csproj]
C:\Program Files\dotnet\sdk\10.0.201\Microsoft.Common.CurrentVersion.targets(2451,5): warning MSB3277:     References which depend on or have been unified to "WindowsBase, Version=6.0.2.0, Culture=neutral, PublicKeyToken=31bf3856ad364e35" []. [C:\Users\ultra\warewolf\Dev\Warewolf.Studio.ViewModels\Warewolf.Studio.ViewModels.csproj]
C:\Program Files\dotnet\sdk\10.0.201\Microsoft.Common.CurrentVersion.targets(2451,5): warning MSB3277:         C:\Users\ultra\warewolf\Dev\Binaries\Infragistcs_Net6\InfragisticsWPF4.Controls.Editors.XamComboEditor.v15.1.dll [C:\Users\ultra\warewolf\Dev\Warewolf.Studio.ViewModels\Warewolf.Studio.ViewModels.csproj]
C:\Program Files\dotnet\sdk\10.0.201\Microsoft.Common.CurrentVersion.targets(2451,5): warning MSB3277:           Project file item includes which caused reference "C:\Users\ultra\warewolf\Dev\Binaries\Infragistcs_Net6\InfragisticsWPF4.Controls.Editors.XamComboEditor.v15.1.dll". [C:\Users\ultra\warewolf\Dev\Warewolf.Studio.ViewModels\Warewolf.Studio.ViewModels.csproj]
C:\Program Files\dotnet\sdk\10.0.201\Microsoft.Common.CurrentVersion.targets(2451,5): warning MSB3277:             InfragisticsWPF4.Controls.Editors.XamComboEditor.v15.1, Version=15.1.20151.2055, Culture=neutral, processorArchitecture=MSIL [C:\Users\ultra\warewolf\Dev\Warewolf.Studio.ViewModels\Warewolf.Studio.ViewModels.csproj]
C:\Program Files\dotnet\sdk\10.0.201\Microsoft.Common.CurrentVersion.targets(2451,5): warning MSB3277:         C:\Users\ultra\warewolf\Dev\Binaries\Infragistcs_Net6\InfragisticsWPF4.DataManager.v15.1.dll [C:\Users\ultra\warewolf\Dev\Warewolf.Studio.ViewModels\Warewolf.Studio.ViewModels.csproj]
C:\Program Files\dotnet\sdk\10.0.201\Microsoft.Common.CurrentVersion.targets(2451,5): warning MSB3277:           Project file item includes which caused reference "C:\Users\ultra\warewolf\Dev\Binaries\Infragistcs_Net6\InfragisticsWPF4.DataManager.v15.1.dll". [C:\Users\ultra\warewolf\Dev\Warewolf.Studio.ViewModels\Warewolf.Studio.ViewModels.csproj]
C:\Program Files\dotnet\sdk\10.0.201\Microsoft.Common.CurrentVersion.targets(2451,5): warning MSB3277:             InfragisticsWPF4.DataManager.v15.1, Version=15.1.20151.2055, Culture=neutral, processorArchitecture=MSIL [C:\Users\ultra\warewolf\Dev\Warewolf.Studio.ViewModels\Warewolf.Studio.ViewModels.csproj]
C:\Program Files\dotnet\sdk\10.0.201\Microsoft.Common.CurrentVersion.targets(2451,5): warning MSB3277:             InfragisticsWPF4.Controls.Editors.XamComboEditor.v15.1, Version=15.1.20151.2055, Culture=neutral, processorArchitecture=MSIL [C:\Users\ultra\warewolf\Dev\Warewolf.Studio.ViewModels\Warewolf.Studio.ViewModels.csproj]
C:\Program Files\dotnet\sdk\10.0.201\Microsoft.Common.CurrentVersion.targets(2451,5): warning MSB3277:         C:\Users\ultra\warewolf\Dev\Binaries\Infragistcs_Net6\InfragisticsWPF4.v15.1.dll [C:\Users\ultra\warewolf\Dev\Warewolf.Studio.ViewModels\Warewolf.Studio.ViewModels.csproj]
C:\Program Files\dotnet\sdk\10.0.201\Microsoft.Common.CurrentVersion.targets(2451,5): warning MSB3277:           Project file item includes which caused reference "C:\Users\ultra\warewolf\Dev\Binaries\Infragistcs_Net6\InfragisticsWPF4.v15.1.dll". [C:\Users\ultra\warewolf\Dev\Warewolf.Studio.ViewModels\Warewolf.Studio.ViewModels.csproj]
C:\Program Files\dotnet\sdk\10.0.201\Microsoft.Common.CurrentVersion.targets(2451,5): warning MSB3277:             InfragisticsWPF4.v15.1, Version=15.1.20151.2055, Culture=neutral, processorArchitecture=MSIL [C:\Users\ultra\warewolf\Dev\Warewolf.Studio.ViewModels\Warewolf.Studio.ViewModels.csproj]
C:\Program Files\dotnet\sdk\10.0.201\Microsoft.Common.CurrentVersion.targets(2451,5): warning MSB3277:             InfragisticsWPF4.Controls.Editors.XamComboEditor.v15.1, Version=15.1.20151.2055, Culture=neutral, processorArchitecture=MSIL [C:\Users\ultra\warewolf\Dev\Warewolf.Studio.ViewModels\Warewolf.Studio.ViewModels.csproj]
C:\Program Files\dotnet\sdk\10.0.201\Microsoft.Common.CurrentVersion.targets(2451,5): warning MSB3277:             InfragisticsWPF4.DataManager.v15.1, Version=15.1.20151.2055, Culture=neutral, processorArchitecture=MSIL [C:\Users\ultra\warewolf\Dev\Warewolf.Studio.ViewModels\Warewolf.Studio.ViewModels.csproj]
C:\Program Files\dotnet\sdk\10.0.201\Microsoft.Common.CurrentVersion.targets(2451,5): warning MSB3277:         C:\Users\ultra\.nuget\packages\caliburn.micro\4.0.212\lib\netcoreapp3.1\Caliburn.Micro.Platform.dll [C:\Users\ultra\warewolf\Dev\Warewolf.Studio.ViewModels\Warewolf.Studio.ViewModels.csproj]
C:\Program Files\dotnet\sdk\10.0.201\Microsoft.Common.CurrentVersion.targets(2451,5): warning MSB3277:           Project file item includes which caused reference "C:\Users\ultra\.nuget\packages\caliburn.micro\4.0.212\lib\netcoreapp3.1\Caliburn.Micro.Platform.dll". [C:\Users\ultra\warewolf\Dev\Warewolf.Studio.ViewModels\Warewolf.Studio.ViewModels.csproj]
C:\Program Files\dotnet\sdk\10.0.201\Microsoft.Common.CurrentVersion.targets(2451,5): warning MSB3277:             C:\Users\ultra\.nuget\packages\caliburn.micro\4.0.212\lib\netcoreapp3.1\Caliburn.Micro.Platform.dll [C:\Users\ultra\warewolf\Dev\Warewolf.Studio.ViewModels\Warewolf.Studio.ViewModels.csproj]
C:\Program Files\dotnet\sdk\10.0.201\Microsoft.Common.CurrentVersion.targets(2451,5): warning MSB3277:         C:\Users\ultra\.nuget\packages\extended.wpf.toolkit\4.4.0\lib\net5.0\Xceed.Wpf.AvalonDock.NET5.dll [C:\Users\ultra\warewolf\Dev\Warewolf.Studio.ViewModels\Warewolf.Studio.ViewModels.csproj]
C:\Program Files\dotnet\sdk\10.0.201\Microsoft.Common.CurrentVersion.targets(2451,5): warning MSB3277:           Project file item includes which caused reference "C:\Users\ultra\.nuget\packages\extended.wpf.toolkit\4.4.0\lib\net5.0\Xceed.Wpf.AvalonDock.NET5.dll". [C:\Users\ultra\warewolf\Dev\Warewolf.Studio.ViewModels\Warewolf.Studio.ViewModels.csproj]
C:\Program Files\dotnet\sdk\10.0.201\Microsoft.Common.CurrentVersion.targets(2451,5): warning MSB3277:             C:\Users\ultra\.nuget\packages\extended.wpf.toolkit\4.4.0\lib\net5.0\Xceed.Wpf.AvalonDock.NET5.dll [C:\Users\ultra\warewolf\Dev\Warewolf.Studio.ViewModels\Warewolf.Studio.ViewModels.csproj]
C:\Program Files\dotnet\sdk\10.0.201\Microsoft.Common.CurrentVersion.targets(2451,5): warning MSB3277:             C:\Users\ultra\.nuget\packages\extended.wpf.toolkit\4.4.0\lib\net5.0\Xceed.Wpf.AvalonDock.Themes.Aero.NET5.dll [C:\Users\ultra\warewolf\Dev\Warewolf.Studio.ViewModels\Warewolf.Studio.ViewModels.csproj]
C:\Program Files\dotnet\sdk\10.0.201\Microsoft.Common.CurrentVersion.targets(2451,5): warning MSB3277:             C:\Users\ultra\.nuget\packages\extended.wpf.toolkit\4.4.0\lib\net5.0\Xceed.Wpf.AvalonDock.Themes.Metro.NET5.dll [C:\Users\ultra\warewolf\Dev\Warewolf.Studio.ViewModels\Warewolf.Studio.ViewModels.csproj]
C:\Program Files\dotnet\sdk\10.0.201\Microsoft.Common.CurrentVersion.targets(2451,5): warning MSB3277:             C:\Users\ultra\.nuget\packages\extended.wpf.toolkit\4.4.0\lib\net5.0\Xceed.Wpf.AvalonDock.Themes.VS2010.NET5.dll [C:\Users\ultra\warewolf\Dev\Warewolf.Studio.ViewModels\Warewolf.Studio.ViewModels.csproj]
C:\Program Files\dotnet\sdk\10.0.201\Microsoft.Common.CurrentVersion.targets(2451,5): warning MSB3277:         C:\Users\ultra\.nuget\packages\extended.wpf.toolkit\4.4.0\lib\net5.0\Xceed.Wpf.AvalonDock.Themes.Aero.NET5.dll [C:\Users\ultra\warewolf\Dev\Warewolf.Studio.ViewModels\Warewolf.Studio.ViewModels.csproj]
C:\Program Files\dotnet\sdk\10.0.201\Microsoft.Common.CurrentVersion.targets(2451,5): warning MSB3277:           Project file item includes which caused reference "C:\Users\ultra\.nuget\packages\extended.wpf.toolkit\4.4.0\lib\net5.0\Xceed.Wpf.AvalonDock.Themes.Aero.NET5.dll". [C:\Users\ultra\warewolf\Dev\Warewolf.Studio.ViewModels\Warewolf.Studio.ViewModels.csproj]
C:\Program Files\dotnet\sdk\10.0.201\Microsoft.Common.CurrentVersion.targets(2451,5): warning MSB3277:             C:\Users\ultra\.nuget\packages\extended.wpf.toolkit\4.4.0\lib\net5.0\Xceed.Wpf.AvalonDock.Themes.Aero.NET5.dll [C:\Users\ultra\warewolf\Dev\Warewolf.Studio.ViewModels\Warewolf.Studio.ViewModels.csproj]
C:\Program Files\dotnet\sdk\10.0.201\Microsoft.Common.CurrentVersion.targets(2451,5): warning MSB3277:         C:\Users\ultra\.nuget\packages\extended.wpf.toolkit\4.4.0\lib\net5.0\Xceed.Wpf.Toolkit.NET5.dll [C:\Users\ultra\warewolf\Dev\Warewolf.Studio.ViewModels\Warewolf.Studio.ViewModels.csproj]
C:\Program Files\dotnet\sdk\10.0.201\Microsoft.Common.CurrentVersion.targets(2451,5): warning MSB3277:           Project file item includes which caused reference "C:\Users\ultra\.nuget\packages\extended.wpf.toolkit\4.4.0\lib\net5.0\Xceed.Wpf.Toolkit.NET5.dll". [C:\Users\ultra\warewolf\Dev\Warewolf.Studio.ViewModels\Warewolf.Studio.ViewModels.csproj]
C:\Program Files\dotnet\sdk\10.0.201\Microsoft.Common.CurrentVersion.targets(2451,5): warning MSB3277:             C:\Users\ultra\.nuget\packages\extended.wpf.toolkit\4.4.0\lib\net5.0\Xceed.Wpf.Toolkit.NET5.dll [C:\Users\ultra\warewolf\Dev\Warewolf.Studio.ViewModels\Warewolf.Studio.ViewModels.csproj]
C:\Program Files\dotnet\sdk\10.0.201\Microsoft.Common.CurrentVersion.targets(2451,5): warning MSB3277:         C:\Users\ultra\.nuget\packages\ironpython\3.4.0\lib\net6.0\IronPython.Wpf.dll [C:\Users\ultra\warewolf\Dev\Warewolf.Studio.ViewModels\Warewolf.Studio.ViewModels.csproj]
C:\Program Files\dotnet\sdk\10.0.201\Microsoft.Common.CurrentVersion.targets(2451,5): warning MSB3277:           Project file item includes which caused reference "C:\Users\ultra\.nuget\packages\ironpython\3.4.0\lib\net6.0\IronPython.Wpf.dll". [C:\Users\ultra\warewolf\Dev\Warewolf.Studio.ViewModels\Warewolf.Studio.ViewModels.csproj]
C:\Program Files\dotnet\sdk\10.0.201\Microsoft.Common.CurrentVersion.targets(2451,5): warning MSB3277:             C:\Users\ultra\.nuget\packages\ironpython\3.4.0\lib\net6.0\IronPython.Wpf.dll [C:\Users\ultra\warewolf\Dev\Warewolf.Studio.ViewModels\Warewolf.Studio.ViewModels.csproj]
C:\Program Files\dotnet\sdk\10.0.201\Microsoft.Common.CurrentVersion.targets(2451,5): warning MSB3277:         C:\Users\ultra\.nuget\packages\microsoft.xaml.behaviors.wpf\1.1.122\lib\net462\Microsoft.Xaml.Behaviors.dll [C:\Users\ultra\warewolf\Dev\Warewolf.Studio.ViewModels\Warewolf.Studio.ViewModels.csproj]
C:\Program Files\dotnet\sdk\10.0.201\Microsoft.Common.CurrentVersion.targets(2451,5): warning MSB3277:           Project file item includes which caused reference "C:\Users\ultra\.nuget\packages\microsoft.xaml.behaviors.wpf\1.1.122\lib\net462\Microsoft.Xaml.Behaviors.dll". [C:\Users\ultra\warewolf\Dev\Warewolf.Studio.ViewModels\Warewolf.Studio.ViewModels.csproj]
C:\Program Files\dotnet\sdk\10.0.201\Microsoft.Common.CurrentVersion.targets(2451,5): warning MSB3277:             C:\Users\ultra\.nuget\packages\microsoft.xaml.behaviors.wpf\1.1.122\lib\net462\Microsoft.Xaml.Behaviors.dll [C:\Users\ultra\warewolf\Dev\Warewolf.Studio.ViewModels\Warewolf.Studio.ViewModels.csproj]
C:\Program Files\dotnet\sdk\10.0.201\Microsoft.Common.CurrentVersion.targets(2451,5): warning MSB3277:             C:\Users\ultra\.nuget\packages\caliburn.micro\4.0.212\lib\netcoreapp3.1\Caliburn.Micro.Platform.dll [C:\Users\ultra\warewolf\Dev\Warewolf.Studio.ViewModels\Warewolf.Studio.ViewModels.csproj]
C:\Program Files\dotnet\sdk\10.0.201\Microsoft.Common.CurrentVersion.targets(2451,5): warning MSB3277:             C:\Users\ultra\.nuget\packages\prism.wpf\9.0.537\lib\net462\Prism.Wpf.dll [C:\Users\ultra\warewolf\Dev\Warewolf.Studio.ViewModels\Warewolf.Studio.ViewModels.csproj]
C:\Program Files\dotnet\sdk\10.0.201\Microsoft.Common.CurrentVersion.targets(2451,5): warning MSB3277:         C:\Users\ultra\.nuget\packages\prism.wpf\9.0.537\lib\net462\Prism.Wpf.dll [C:\Users\ultra\warewolf\Dev\Warewolf.Studio.ViewModels\Warewolf.Studio.ViewModels.csproj]
C:\Program Files\dotnet\sdk\10.0.201\Microsoft.Common.CurrentVersion.targets(2451,5): warning MSB3277:           Project file item includes which caused reference "C:\Users\ultra\.nuget\packages\prism.wpf\9.0.537\lib\net462\Prism.Wpf.dll". [C:\Users\ultra\warewolf\Dev\Warewolf.Studio.ViewModels\Warewolf.Studio.ViewModels.csproj]
C:\Program Files\dotnet\sdk\10.0.201\Microsoft.Common.CurrentVersion.targets(2451,5): warning MSB3277:             C:\Users\ultra\.nuget\packages\prism.wpf\9.0.537\lib\net462\Prism.Wpf.dll [C:\Users\ultra\warewolf\Dev\Warewolf.Studio.ViewModels\Warewolf.Studio.ViewModels.csproj]
C:\Program Files\dotnet\sdk\10.0.201\Microsoft.Common.CurrentVersion.targets(2451,5): warning MSB3277:         C:\Users\ultra\.nuget\packages\reactiveui.wpf\18.4.1\lib\net462\ReactiveUI.Wpf.dll [C:\Users\ultra\warewolf\Dev\Warewolf.Studio.ViewModels\Warewolf.Studio.ViewModels.csproj]
C:\Program Files\dotnet\sdk\10.0.201\Microsoft.Common.CurrentVersion.targets(2451,5): warning MSB3277:           Project file item includes which caused reference "C:\Users\ultra\.nuget\packages\reactiveui.wpf\18.4.1\lib\net462\ReactiveUI.Wpf.dll". [C:\Users\ultra\warewolf\Dev\Warewolf.Studio.ViewModels\Warewolf.Studio.ViewModels.csproj]
C:\Program Files\dotnet\sdk\10.0.201\Microsoft.Common.CurrentVersion.targets(2451,5): warning MSB3277:             C:\Users\ultra\.nuget\packages\reactiveui.wpf\18.4.1\lib\net462\ReactiveUI.Wpf.dll [C:\Users\ultra\warewolf\Dev\Warewolf.Studio.ViewModels\Warewolf.Studio.ViewModels.csproj]
  Consider app.config remapping of assembly "System.Data.SQLite, Culture=neutral, PublicKeyToken=db937bc2d44ff139" from Version "1.0.117.0" [] to Version "1.0.118.0" [C:\Users\ultra\.nuget\packages\stub.system.data.sqlite.core.netstandard\1.0.118\lib\netstandard2.1\System.Data.SQLite.dll] to solve conflict and get rid of warning.
  Consider app.config remapping of assembly "System.Runtime.CompilerServices.Unsafe, Culture=neutral, PublicKeyToken=b03f5f7f11d50a3a" from Version "6.0.0.0" [] to Version "8.0.0.0" [C:\Program Files\dotnet\packs\Microsoft.NETCore.App.Ref\8.0.25\ref\net8.0\System.Runtime.CompilerServices.Unsafe.dll] to solve conflict and get rid of warning.
C:\Program Files\dotnet\sdk\10.0.201\Microsoft.CSharp.CurrentVersion.targets(130,9): warning MSB3884: Could not find rule set file "..\.sonarlint\warewolf_dotnet_frameworkcsharp.ruleset". [C:\Users\ultra\warewolf\Dev\Warewolf.Studio.ViewModels\Warewolf.Studio.ViewModels.csproj]
  Warewolf.Studio.ViewModels -> C:\Users\ultra\warewolf\Dev\Warewolf.Studio.ViewModels\bin\Debug\net8.0\Warewolf.Studio.ViewModels.dll
  Warewolf.Studio.ViewModels -> C:\Users\ultra\warewolf\Bin\ServerTests-Windows\
  Warewolf.Driver.Persistence.Tests -> C:\Users\ultra\warewolf\Bin\ServerTests-Windows\
C:\Program Files\dotnet\sdk\10.0.201\Microsoft.Common.CurrentVersion.targets(2451,5): warning MSB3245: Could not resolve this reference. Could not locate the assembly "System.ServiceModel.Activities". Check to make sure the assembly exists on disk. If this reference is required by your code, you may get compilation errors. [C:\Users\ultra\warewolf\Dev\Warewolf.Studio.Views\Warewolf.Studio.Views.csproj]
C:\Program Files\dotnet\sdk\10.0.201\Microsoft.Common.CurrentVersion.targets(2451,5): warning MSB3277: Found conflicts between different versions of "Microsoft.Win32.SystemEvents" that could not be resolved. [C:\Users\ultra\warewolf\Dev\Warewolf.Studio.Views\Warewolf.Studio.Views.csproj]
C:\Program Files\dotnet\sdk\10.0.201\Microsoft.Common.CurrentVersion.targets(2451,5): warning MSB3277: There was a conflict between "Microsoft.Win32.SystemEvents, Version=6.0.0.0, Culture=neutral, PublicKeyToken=cc7b13ffcd2ddd51" and "Microsoft.Win32.SystemEvents, Version=7.0.0.0, Culture=neutral, PublicKeyToken=cc7b13ffcd2ddd51". [C:\Users\ultra\warewolf\Dev\Warewolf.Studio.Views\Warewolf.Studio.Views.csproj]
C:\Program Files\dotnet\sdk\10.0.201\Microsoft.Common.CurrentVersion.targets(2451,5): warning MSB3277:     "Microsoft.Win32.SystemEvents, Version=6.0.0.0, Culture=neutral, PublicKeyToken=cc7b13ffcd2ddd51" was chosen because it was primary and "Microsoft.Win32.SystemEvents, Version=7.0.0.0, Culture=neutral, PublicKeyToken=cc7b13ffcd2ddd51" was not. [C:\Users\ultra\warewolf\Dev\Warewolf.Studio.Views\Warewolf.Studio.Views.csproj]
C:\Program Files\dotnet\sdk\10.0.201\Microsoft.Common.CurrentVersion.targets(2451,5): warning MSB3277:     References which depend on "Microsoft.Win32.SystemEvents, Version=6.0.0.0, Culture=neutral, PublicKeyToken=cc7b13ffcd2ddd51" [C:\Users\ultra\.nuget\packages\microsoft.win32.systemevents\6.0.0\lib\net6.0\Microsoft.Win32.SystemEvents.dll]. [C:\Users\ultra\warewolf\Dev\Warewolf.Studio.Views\Warewolf.Studio.Views.csproj]
C:\Program Files\dotnet\sdk\10.0.201\Microsoft.Common.CurrentVersion.targets(2451,5): warning MSB3277:         C:\Users\ultra\.nuget\packages\microsoft.win32.systemevents\6.0.0\lib\net6.0\Microsoft.Win32.SystemEvents.dll [C:\Users\ultra\warewolf\Dev\Warewolf.Studio.Views\Warewolf.Studio.Views.csproj]
C:\Program Files\dotnet\sdk\10.0.201\Microsoft.Common.CurrentVersion.targets(2451,5): warning MSB3277:           Project file item includes which caused reference "C:\Users\ultra\.nuget\packages\microsoft.win32.systemevents\6.0.0\lib\net6.0\Microsoft.Win32.SystemEvents.dll". [C:\Users\ultra\warewolf\Dev\Warewolf.Studio.Views\Warewolf.Studio.Views.csproj]
C:\Program Files\dotnet\sdk\10.0.201\Microsoft.Common.CurrentVersion.targets(2451,5): warning MSB3277:             C:\Users\ultra\.nuget\packages\microsoft.win32.systemevents\6.0.0\lib\net6.0\Microsoft.Win32.SystemEvents.dll [C:\Users\ultra\warewolf\Dev\Warewolf.Studio.Views\Warewolf.Studio.Views.csproj]
C:\Program Files\dotnet\sdk\10.0.201\Microsoft.Common.CurrentVersion.targets(2451,5): warning MSB3277:     References which depend on or have been unified to "Microsoft.Win32.SystemEvents, Version=7.0.0.0, Culture=neutral, PublicKeyToken=cc7b13ffcd2ddd51" []. [C:\Users\ultra\warewolf\Dev\Warewolf.Studio.Views\Warewolf.Studio.Views.csproj]
C:\Program Files\dotnet\sdk\10.0.201\Microsoft.Common.CurrentVersion.targets(2451,5): warning MSB3277:         C:\Users\ultra\warewolf\Dev\Dev2.Common\bin\Debug\net8.0\Dev2.Common.dll [C:\Users\ultra\warewolf\Dev\Warewolf.Studio.Views\Warewolf.Studio.Views.csproj]
C:\Program Files\dotnet\sdk\10.0.201\Microsoft.Common.CurrentVersion.targets(2451,5): warning MSB3277:           Project file item includes which caused reference "C:\Users\ultra\warewolf\Dev\Dev2.Common\bin\Debug\net8.0\Dev2.Common.dll". [C:\Users\ultra\warewolf\Dev\Warewolf.Studio.Views\Warewolf.Studio.Views.csproj]
C:\Program Files\dotnet\sdk\10.0.201\Microsoft.Common.CurrentVersion.targets(2451,5): warning MSB3277:             C:\Users\ultra\warewolf\Dev\Dev2.Common\bin\Debug\net8.0\Dev2.Common.dll [C:\Users\ultra\warewolf\Dev\Warewolf.Studio.Views\Warewolf.Studio.Views.csproj]
C:\Program Files\dotnet\sdk\10.0.201\Microsoft.Common.CurrentVersion.targets(2451,5): warning MSB3277:             C:\Users\ultra\warewolf\Dev\Dev2.Activities\bin\Debug\net8.0\Dev2.Activities.dll [C:\Users\ultra\warewolf\Dev\Warewolf.Studio.Views\Warewolf.Studio.Views.csproj]
C:\Program Files\dotnet\sdk\10.0.201\Microsoft.Common.CurrentVersion.targets(2451,5): warning MSB3277:             C:\Users\ultra\warewolf\Dev\Dev2.Core\bin\Debug\net8.0\Dev2.Core.dll [C:\Users\ultra\warewolf\Dev\Warewolf.Studio.Views\Warewolf.Studio.Views.csproj]
C:\Program Files\dotnet\sdk\10.0.201\Microsoft.Common.CurrentVersion.targets(2451,5): warning MSB3277:             C:\Users\ultra\warewolf\Dev\Dev2.Diagnostics\bin\Debug\net8.0\Dev2.Diagnostics.dll [C:\Users\ultra\warewolf\Dev\Warewolf.Studio.Views\Warewolf.Studio.Views.csproj]
C:\Program Files\dotnet\sdk\10.0.201\Microsoft.Common.CurrentVersion.targets(2451,5): warning MSB3277:             C:\Users\ultra\warewolf\Dev\Dev2.Infrastructure\bin\Debug\net8.0\Dev2.Infrastructure.dll [C:\Users\ultra\warewolf\Dev\Warewolf.Studio.Views\Warewolf.Studio.Views.csproj]
C:\Program Files\dotnet\sdk\10.0.201\Microsoft.Common.CurrentVersion.targets(2451,5): warning MSB3277:             C:\Users\ultra\warewolf\Dev\Dev2.Intellisense\bin\Debug\net8.0\Dev2.Intellisense.dll [C:\Users\ultra\warewolf\Dev\Warewolf.Studio.Views\Warewolf.Studio.Views.csproj]
C:\Program Files\dotnet\sdk\10.0.201\Microsoft.Common.CurrentVersion.targets(2451,5): warning MSB3277:             C:\Users\ultra\warewolf\Dev\Dev2.Studio.Core\bin\Debug\net8.0\Dev2.Studio.Core.dll [C:\Users\ultra\warewolf\Dev\Warewolf.Studio.Views\Warewolf.Studio.Views.csproj]
C:\Program Files\dotnet\sdk\10.0.201\Microsoft.Common.CurrentVersion.targets(2451,5): warning MSB3277:             C:\Users\ultra\warewolf\Dev\Dev2.Studio.Interfaces\bin\Debug\net8.0\Dev2.Studio.Interfaces.dll [C:\Users\ultra\warewolf\Dev\Warewolf.Studio.Views\Warewolf.Studio.Views.csproj]
C:\Program Files\dotnet\sdk\10.0.201\Microsoft.Common.CurrentVersion.targets(2451,5): warning MSB3277:             C:\Users\ultra\warewolf\Dev\Warewolf.Studio.Core\bin\Debug\net8.0\Warewolf.Studio.Core.dll [C:\Users\ultra\warewolf\Dev\Warewolf.Studio.Views\Warewolf.Studio.Views.csproj]
C:\Program Files\dotnet\sdk\10.0.201\Microsoft.Common.CurrentVersion.targets(2451,5): warning MSB3277:             C:\Users\ultra\warewolf\Dev\Warewolf.Studio.CustomControls\bin\Debug\net8.0\Warewolf.Studio.CustomControls.dll [C:\Users\ultra\warewolf\Dev\Warewolf.Studio.Views\Warewolf.Studio.Views.csproj]
C:\Program Files\dotnet\sdk\10.0.201\Microsoft.Common.CurrentVersion.targets(2451,5): warning MSB3277:             C:\Users\ultra\warewolf\Dev\Warewolf.Studio.ViewModels\bin\Debug\net8.0\Warewolf.Studio.ViewModels.dll [C:\Users\ultra\warewolf\Dev\Warewolf.Studio.Views\Warewolf.Studio.Views.csproj]
C:\Program Files\dotnet\sdk\10.0.201\Microsoft.Common.CurrentVersion.targets(2451,5): warning MSB3277:             C:\Users\ultra\warewolf\Dev\Dev2.Data\bin\Debug\net8.0\Dev2.Data.dll [C:\Users\ultra\warewolf\Dev\Warewolf.Studio.Views\Warewolf.Studio.Views.csproj]
C:\Program Files\dotnet\sdk\10.0.201\Microsoft.Common.CurrentVersion.targets(2451,5): warning MSB3277:             C:\Users\ultra\warewolf\Dev\Dev2.Development.Languages\bin\Debug\net8.0\Dev2.Development.Languages.dll [C:\Users\ultra\warewolf\Dev\Warewolf.Studio.Views\Warewolf.Studio.Views.csproj]
C:\Program Files\dotnet\sdk\10.0.201\Microsoft.Common.CurrentVersion.targets(2451,5): warning MSB3277:             C:\Users\ultra\warewolf\Dev\Dev2.Runtime.Services\bin\Debug\net8.0\Dev2.Runtime.Services.dll [C:\Users\ultra\warewolf\Dev\Warewolf.Studio.Views\Warewolf.Studio.Views.csproj]
C:\Program Files\dotnet\sdk\10.0.201\Microsoft.Common.CurrentVersion.targets(2451,5): warning MSB3277:             C:\Users\ultra\warewolf\Dev\Dev2.Scheduler\bin\Debug\net8.0\Dev2.Scheduler.dll [C:\Users\ultra\warewolf\Dev\Warewolf.Studio.Views\Warewolf.Studio.Views.csproj]
C:\Program Files\dotnet\sdk\10.0.201\Microsoft.Common.CurrentVersion.targets(2451,5): warning MSB3277:             C:\Users\ultra\warewolf\Dev\Dev2.Services.Execution\bin\Debug\net8.0\Dev2.Services.Execution.dll [C:\Users\ultra\warewolf\Dev\Warewolf.Studio.Views\Warewolf.Studio.Views.csproj]
C:\Program Files\dotnet\sdk\10.0.201\Microsoft.Common.CurrentVersion.targets(2451,5): warning MSB3277:             C:\Users\ultra\warewolf\Dev\Dev2.Services.Sql\bin\Debug\net8.0\Dev2.Services.Sql.dll [C:\Users\ultra\warewolf\Dev\Warewolf.Studio.Views\Warewolf.Studio.Views.csproj]
C:\Program Files\dotnet\sdk\10.0.201\Microsoft.Common.CurrentVersion.targets(2451,5): warning MSB3277:             C:\Users\ultra\warewolf\Dev\Dev2.TaskScheduler.Wrappers\bin\Debug\net8.0\Dev2.TaskScheduler.Wrappers.dll [C:\Users\ultra\warewolf\Dev\Warewolf.Studio.Views\Warewolf.Studio.Views.csproj]
C:\Program Files\dotnet\sdk\10.0.201\Microsoft.Common.CurrentVersion.targets(2451,5): warning MSB3277:             C:\Users\ultra\warewolf\Dev\Dev2.Util\bin\Debug\net8.0\Dev2.Util.dll [C:\Users\ultra\warewolf\Dev\Warewolf.Studio.Views\Warewolf.Studio.Views.csproj]
C:\Program Files\dotnet\sdk\10.0.201\Microsoft.Common.CurrentVersion.targets(2451,5): warning MSB3277:             C:\Users\ultra\warewolf\Dev\Warewolf.AI.Harness\bin\Debug\net8.0\Warewolf.AI.Harness.dll [C:\Users\ultra\warewolf\Dev\Warewolf.Studio.Views\Warewolf.Studio.Views.csproj]
C:\Program Files\dotnet\sdk\10.0.201\Microsoft.Common.CurrentVersion.targets(2451,5): warning MSB3277:             C:\Users\ultra\warewolf\Dev\Warewolf.Auditing\bin\Debug\net8.0\Warewolf.Auditing.dll [C:\Users\ultra\warewolf\Dev\Warewolf.Studio.Views\Warewolf.Studio.Views.csproj]
C:\Program Files\dotnet\sdk\10.0.201\Microsoft.Common.CurrentVersion.targets(2451,5): warning MSB3277:             C:\Users\ultra\warewolf\Dev\Warewolf.Common.NetStandard20\bin\Debug\net8.0\Warewolf.Common.NetStandard20.dll [C:\Users\ultra\warewolf\Dev\Warewolf.Studio.Views\Warewolf.Studio.Views.csproj]
C:\Program Files\dotnet\sdk\10.0.201\Microsoft.Common.CurrentVersion.targets(2451,5): warning MSB3277:             C:\Users\ultra\warewolf\Dev\Warewolf.Core\bin\Debug\net8.0\Warewolf.Core.dll [C:\Users\ultra\warewolf\Dev\Warewolf.Studio.Views\Warewolf.Studio.Views.csproj]
C:\Program Files\dotnet\sdk\10.0.201\Microsoft.Common.CurrentVersion.targets(2451,5): warning MSB3277:             C:\Users\ultra\warewolf\Dev\Warewolf.Driver.Persistence\bin\Debug\net8.0\Warewolf.Driver.Persistence.dll [C:\Users\ultra\warewolf\Dev\Warewolf.Studio.Views\Warewolf.Studio.Views.csproj]
C:\Program Files\dotnet\sdk\10.0.201\Microsoft.Common.CurrentVersion.targets(2451,5): warning MSB3277:             C:\Users\ultra\warewolf\Dev\Warewolf.Driver.Serilog\bin\Debug\net8.0\Warewolf.Driver.Serilog.dll [C:\Users\ultra\warewolf\Dev\Warewolf.Studio.Views\Warewolf.Studio.Views.csproj]
C:\Program Files\dotnet\sdk\10.0.201\Microsoft.Common.CurrentVersion.targets(2451,5): warning MSB3277:             C:\Users\ultra\warewolf\Dev\Warewolf.Exchange.Email.Wrapper\bin\Debug\net8.0\Warewolf.Exchange.Email.Wrapper.dll [C:\Users\ultra\warewolf\Dev\Warewolf.Studio.Views\Warewolf.Studio.Views.csproj]
C:\Program Files\dotnet\sdk\10.0.201\Microsoft.Common.CurrentVersion.targets(2451,5): warning MSB3277:             C:\Users\ultra\warewolf\Dev\Warewolf.ResourceManagement\bin\Debug\net8.0\Warewolf.ResourceManagement.dll [C:\Users\ultra\warewolf\Dev\Warewolf.Studio.Views\Warewolf.Studio.Views.csproj]
C:\Program Files\dotnet\sdk\10.0.201\Microsoft.Common.CurrentVersion.targets(2451,5): warning MSB3277:             C:\Users\ultra\warewolf\Dev\Warewolf.Sharepoint\bin\Debug\net8.0\Warewolf.Sharepoint.dll [C:\Users\ultra\warewolf\Dev\Warewolf.Studio.Views\Warewolf.Studio.Views.csproj]
C:\Program Files\dotnet\sdk\10.0.201\Microsoft.Common.CurrentVersion.targets(2451,5): warning MSB3277:             C:\Users\ultra\warewolf\Dev\Warewolf.Storage\bin\Debug\net8.0\Warewolf.Storage.dll [C:\Users\ultra\warewolf\Dev\Warewolf.Studio.Views\Warewolf.Studio.Views.csproj]
C:\Program Files\dotnet\sdk\10.0.201\Microsoft.Common.CurrentVersion.targets(2451,5): warning MSB3277:             C:\Users\ultra\warewolf\Dev\Warewolf.Studio.Models\bin\Debug\net8.0\Warewolf.Studio.Models.dll [C:\Users\ultra\warewolf\Dev\Warewolf.Studio.Views\Warewolf.Studio.Views.csproj]
C:\Program Files\dotnet\sdk\10.0.201\Microsoft.Common.CurrentVersion.targets(2451,5): warning MSB3277:             C:\Users\ultra\warewolf\Dev\Warewolf.UI\bin\Debug\net8.0\Warewolf.UI.dll [C:\Users\ultra\warewolf\Dev\Warewolf.Studio.Views\Warewolf.Studio.Views.csproj]
C:\Program Files\dotnet\sdk\10.0.201\Microsoft.Common.CurrentVersion.targets(2451,5): warning MSB3277:         C:\Users\ultra\warewolf\Dev\Binaries\Infragistcs_Net6\InfragisticsWPF4.Editors.v15.1.dll [C:\Users\ultra\warewolf\Dev\Warewolf.Studio.Views\Warewolf.Studio.Views.csproj]
C:\Program Files\dotnet\sdk\10.0.201\Microsoft.Common.CurrentVersion.targets(2451,5): warning MSB3277:           Project file item includes which caused reference "C:\Users\ultra\warewolf\Dev\Binaries\Infragistcs_Net6\InfragisticsWPF4.Editors.v15.1.dll". [C:\Users\ultra\warewolf\Dev\Warewolf.Studio.Views\Warewolf.Studio.Views.csproj]
C:\Program Files\dotnet\sdk\10.0.201\Microsoft.Common.CurrentVersion.targets(2451,5): warning MSB3277:             InfragisticsWPF4.Editors.v15.1 [C:\Users\ultra\warewolf\Dev\Warewolf.Studio.Views\Warewolf.Studio.Views.csproj]
C:\Program Files\dotnet\sdk\10.0.201\Microsoft.Common.CurrentVersion.targets(2451,5): warning MSB3277:         C:\Users\ultra\warewolf\Dev\Binaries\Infragistcs_Net6\InfragisticsWPF4.v15.1.dll [C:\Users\ultra\warewolf\Dev\Warewolf.Studio.Views\Warewolf.Studio.Views.csproj]
C:\Program Files\dotnet\sdk\10.0.201\Microsoft.Common.CurrentVersion.targets(2451,5): warning MSB3277:           Project file item includes which caused reference "C:\Users\ultra\warewolf\Dev\Binaries\Infragistcs_Net6\InfragisticsWPF4.v15.1.dll". [C:\Users\ultra\warewolf\Dev\Warewolf.Studio.Views\Warewolf.Studio.Views.csproj]
C:\Program Files\dotnet\sdk\10.0.201\Microsoft.Common.CurrentVersion.targets(2451,5): warning MSB3277:             InfragisticsWPF4.v15.1 [C:\Users\ultra\warewolf\Dev\Warewolf.Studio.Views\Warewolf.Studio.Views.csproj]
C:\Program Files\dotnet\sdk\10.0.201\Microsoft.Common.CurrentVersion.targets(2451,5): warning MSB3277:             InfragisticsWPF4.Controls.Editors.XamComboEditor.v15.1 [C:\Users\ultra\warewolf\Dev\Warewolf.Studio.Views\Warewolf.Studio.Views.csproj]
C:\Program Files\dotnet\sdk\10.0.201\Microsoft.Common.CurrentVersion.targets(2451,5): warning MSB3277:             InfragisticsWPF4.Controls.Editors.XamRichTextEditor.v15.1 [C:\Users\ultra\warewolf\Dev\Warewolf.Studio.Views\Warewolf.Studio.Views.csproj]
C:\Program Files\dotnet\sdk\10.0.201\Microsoft.Common.CurrentVersion.targets(2451,5): warning MSB3277:             InfragisticsWPF4.Controls.Grids.XamGrid.v15.1 [C:\Users\ultra\warewolf\Dev\Warewolf.Studio.Views\Warewolf.Studio.Views.csproj]
C:\Program Files\dotnet\sdk\10.0.201\Microsoft.Common.CurrentVersion.targets(2451,5): warning MSB3277:             InfragisticsWPF4.Controls.Interactions.XamDialogWindow.v15.1 [C:\Users\ultra\warewolf\Dev\Warewolf.Studio.Views\Warewolf.Studio.Views.csproj]
C:\Program Files\dotnet\sdk\10.0.201\Microsoft.Common.CurrentVersion.targets(2451,5): warning MSB3277:             InfragisticsWPF4.Controls.Menus.XamDataTree.v15.1 [C:\Users\ultra\warewolf\Dev\Warewolf.Studio.Views\Warewolf.Studio.Views.csproj]
C:\Program Files\dotnet\sdk\10.0.201\Microsoft.Common.CurrentVersion.targets(2451,5): warning MSB3277:             InfragisticsWPF4.Controls.Menus.XamMenu.v15.1 [C:\Users\ultra\warewolf\Dev\Warewolf.Studio.Views\Warewolf.Studio.Views.csproj]
C:\Program Files\dotnet\sdk\10.0.201\Microsoft.Common.CurrentVersion.targets(2451,5): warning MSB3277:             InfragisticsWPF4.DataManager.v15.1 [C:\Users\ultra\warewolf\Dev\Warewolf.Studio.Views\Warewolf.Studio.Views.csproj]
C:\Program Files\dotnet\sdk\10.0.201\Microsoft.Common.CurrentVersion.targets(2451,5): warning MSB3277:             InfragisticsWPF4.DockManager.v15.1 [C:\Users\ultra\warewolf\Dev\Warewolf.Studio.Views\Warewolf.Studio.Views.csproj]
C:\Program Files\dotnet\sdk\10.0.201\Microsoft.Common.CurrentVersion.targets(2451,5): warning MSB3277:             InfragisticsWPF4.Documents.RichTextDocument.Html.v15.1 [C:\Users\ultra\warewolf\Dev\Warewolf.Studio.Views\Warewolf.Studio.Views.csproj]
C:\Program Files\dotnet\sdk\10.0.201\Microsoft.Common.CurrentVersion.targets(2451,5): warning MSB3277:             InfragisticsWPF4.Documents.RichTextDocument.v15.1 [C:\Users\ultra\warewolf\Dev\Warewolf.Studio.Views\Warewolf.Studio.Views.csproj]
C:\Program Files\dotnet\sdk\10.0.201\Microsoft.Common.CurrentVersion.targets(2451,5): warning MSB3277:             InfragisticsWPF4.Editors.v15.1 [C:\Users\ultra\warewolf\Dev\Warewolf.Studio.Views\Warewolf.Studio.Views.csproj]
C:\Program Files\dotnet\sdk\10.0.201\Microsoft.Common.CurrentVersion.targets(2451,5): warning MSB3277:         C:\Users\ultra\.nuget\packages\timespan2\2.4.2\lib\netcoreapp3.1\TimeSpan2.dll [C:\Users\ultra\warewolf\Dev\Warewolf.Studio.Views\Warewolf.Studio.Views.csproj]
C:\Program Files\dotnet\sdk\10.0.201\Microsoft.Common.CurrentVersion.targets(2451,5): warning MSB3277:           Project file item includes which caused reference "C:\Users\ultra\.nuget\packages\timespan2\2.4.2\lib\netcoreapp3.1\TimeSpan2.dll". [C:\Users\ultra\warewolf\Dev\Warewolf.Studio.Views\Warewolf.Studio.Views.csproj]
C:\Program Files\dotnet\sdk\10.0.201\Microsoft.Common.CurrentVersion.targets(2451,5): warning MSB3277:             C:\Users\ultra\.nuget\packages\timespan2\2.4.2\lib\netcoreapp3.1\TimeSpan2.dll [C:\Users\ultra\warewolf\Dev\Warewolf.Studio.Views\Warewolf.Studio.Views.csproj]
C:\Program Files\dotnet\sdk\10.0.201\Microsoft.Common.CurrentVersion.targets(2451,5): warning MSB3277:             C:\Users\ultra\.nuget\packages\taskschedulereditor\2.10.1\lib\net452\Microsoft.Win32.TaskSchedulerEditor.dll [C:\Users\ultra\warewolf\Dev\Warewolf.Studio.Views\Warewolf.Studio.Views.csproj]
C:\Program Files\dotnet\sdk\10.0.201\Microsoft.Common.CurrentVersion.targets(2451,5): warning MSB3277:         C:\Program Files\dotnet\packs\Microsoft.NETCore.App.Ref\8.0.25\ref\net8.0\System.dll [C:\Users\ultra\warewolf\Dev\Warewolf.Studio.Views\Warewolf.Studio.Views.csproj]
C:\Program Files\dotnet\sdk\10.0.201\Microsoft.Common.CurrentVersion.targets(2451,5): warning MSB3277:           Project file item includes which caused reference "C:\Program Files\dotnet\packs\Microsoft.NETCore.App.Ref\8.0.25\ref\net8.0\System.dll". [C:\Users\ultra\warewolf\Dev\Warewolf.Studio.Views\Warewolf.Studio.Views.csproj]
C:\Program Files\dotnet\sdk\10.0.201\Microsoft.Common.CurrentVersion.targets(2451,5): warning MSB3277:             C:\Program Files\dotnet\packs\Microsoft.NETCore.App.Ref\8.0.25\ref/net8.0/System.dll [C:\Users\ultra\warewolf\Dev\Warewolf.Studio.Views\Warewolf.Studio.Views.csproj]
C:\Program Files\dotnet\sdk\10.0.201\Microsoft.Common.CurrentVersion.targets(2451,5): warning MSB3277:             C:\Users\ultra\.nuget\packages\aerowizard\2.3.1\lib\net45\AeroWizard.dll [C:\Users\ultra\warewolf\Dev\Warewolf.Studio.Views\Warewolf.Studio.Views.csproj]
C:\Program Files\dotnet\sdk\10.0.201\Microsoft.Common.CurrentVersion.targets(2451,5): warning MSB3277:             C:\Users\ultra\.nuget\packages\groupcontrols\1.9.0\lib\net45\GroupControls.dll [C:\Users\ultra\warewolf\Dev\Warewolf.Studio.Views\Warewolf.Studio.Views.csproj]
C:\Program Files\dotnet\sdk\10.0.201\Microsoft.Common.CurrentVersion.targets(2451,5): warning MSB3277:             C:\Users\ultra\.nuget\packages\microsoft.xaml.behaviors.wpf\1.1.122\lib\net462\Microsoft.Xaml.Behaviors.dll [C:\Users\ultra\warewolf\Dev\Warewolf.Studio.Views\Warewolf.Studio.Views.csproj]
C:\Program Files\dotnet\sdk\10.0.201\Microsoft.Common.CurrentVersion.targets(2451,5): warning MSB3277:             C:\Users\ultra\.nuget\packages\caliburn.micro\4.0.212\lib\netcoreapp3.1\Caliburn.Micro.Platform.dll [C:\Users\ultra\warewolf\Dev\Warewolf.Studio.Views\Warewolf.Studio.Views.csproj]
C:\Program Files\dotnet\sdk\10.0.201\Microsoft.Common.CurrentVersion.targets(2451,5): warning MSB3277:             C:\Users\ultra\.nuget\packages\prism.wpf\9.0.537\lib\net462\Prism.Wpf.dll [C:\Users\ultra\warewolf\Dev\Warewolf.Studio.Views\Warewolf.Studio.Views.csproj]
C:\Program Files\dotnet\sdk\10.0.201\Microsoft.Common.CurrentVersion.targets(2451,5): warning MSB3277:             C:\Users\ultra\.nuget\packages\reactiveui.wpf\18.4.1\lib\net462\ReactiveUI.Wpf.dll [C:\Users\ultra\warewolf\Dev\Warewolf.Studio.Views\Warewolf.Studio.Views.csproj]
C:\Program Files\dotnet\sdk\10.0.201\Microsoft.Common.CurrentVersion.targets(2451,5): warning MSB3277:             C:\Users\ultra\.nuget\packages\taskschedulereditor\2.10.1\lib\net452\Microsoft.Win32.TaskSchedulerEditor.dll [C:\Users\ultra\warewolf\Dev\Warewolf.Studio.Views\Warewolf.Studio.Views.csproj]
C:\Program Files\dotnet\sdk\10.0.201\Microsoft.Common.CurrentVersion.targets(2451,5): warning MSB3277:             C:\Users\ultra\.nuget\packages\ttcue.netcore.sharepointonline.csom.16.1.8029.1200\16.1.8029.1200\lib\netcoreapp2.0\Microsoft.SharePoint.Client.Runtime.Windows.dll [C:\Users\ultra\warewolf\Dev\Warewolf.Studio.Views\Warewolf.Studio.Views.csproj]
C:\Program Files\dotnet\sdk\10.0.201\Microsoft.Common.CurrentVersion.targets(2451,5): warning MSB3277: Found conflicts between different versions of "System.Security.Permissions" that could not be resolved. [C:\Users\ultra\warewolf\Dev\Warewolf.Studio.Views\Warewolf.Studio.Views.csproj]
C:\Program Files\dotnet\sdk\10.0.201\Microsoft.Common.CurrentVersion.targets(2451,5): warning MSB3277: There was a conflict between "System.Security.Permissions, Version=6.0.0.0, Culture=neutral, PublicKeyToken=cc7b13ffcd2ddd51" and "System.Security.Permissions, Version=7.0.0.0, Culture=neutral, PublicKeyToken=cc7b13ffcd2ddd51". [C:\Users\ultra\warewolf\Dev\Warewolf.Studio.Views\Warewolf.Studio.Views.csproj]
C:\Program Files\dotnet\sdk\10.0.201\Microsoft.Common.CurrentVersion.targets(2451,5): warning MSB3277:     "System.Security.Permissions, Version=6.0.0.0, Culture=neutral, PublicKeyToken=cc7b13ffcd2ddd51" was chosen because it was primary and "System.Security.Permissions, Version=7.0.0.0, Culture=neutral, PublicKeyToken=cc7b13ffcd2ddd51" was not. [C:\Users\ultra\warewolf\Dev\Warewolf.Studio.Views\Warewolf.Studio.Views.csproj]
C:\Program Files\dotnet\sdk\10.0.201\Microsoft.Common.CurrentVersion.targets(2451,5): warning MSB3277:     References which depend on "System.Security.Permissions, Version=6.0.0.0, Culture=neutral, PublicKeyToken=cc7b13ffcd2ddd51" [C:\Users\ultra\.nuget\packages\system.security.permissions\6.0.0\lib\net6.0\System.Security.Permissions.dll]. [C:\Users\ultra\warewolf\Dev\Warewolf.Studio.Views\Warewolf.Studio.Views.csproj]
C:\Program Files\dotnet\sdk\10.0.201\Microsoft.Common.CurrentVersion.targets(2451,5): warning MSB3277:         C:\Users\ultra\.nuget\packages\system.security.permissions\6.0.0\lib\net6.0\System.Security.Permissions.dll [C:\Users\ultra\warewolf\Dev\Warewolf.Studio.Views\Warewolf.Studio.Views.csproj]
C:\Program Files\dotnet\sdk\10.0.201\Microsoft.Common.CurrentVersion.targets(2451,5): warning MSB3277:           Project file item includes which caused reference "C:\Users\ultra\.nuget\packages\system.security.permissions\6.0.0\lib\net6.0\System.Security.Permissions.dll". [C:\Users\ultra\warewolf\Dev\Warewolf.Studio.Views\Warewolf.Studio.Views.csproj]
C:\Program Files\dotnet\sdk\10.0.201\Microsoft.Common.CurrentVersion.targets(2451,5): warning MSB3277:             C:\Users\ultra\.nuget\packages\system.security.permissions\6.0.0\lib\net6.0\System.Security.Permissions.dll [C:\Users\ultra\warewolf\Dev\Warewolf.Studio.Views\Warewolf.Studio.Views.csproj]
C:\Program Files\dotnet\sdk\10.0.201\Microsoft.Common.CurrentVersion.targets(2451,5): warning MSB3277:     References which depend on or have been unified to "System.Security.Permissions, Version=7.0.0.0, Culture=neutral, PublicKeyToken=cc7b13ffcd2ddd51" []. [C:\Users\ultra\warewolf\Dev\Warewolf.Studio.Views\Warewolf.Studio.Views.csproj]
C:\Program Files\dotnet\sdk\10.0.201\Microsoft.Common.CurrentVersion.targets(2451,5): warning MSB3277:         C:\Users\ultra\warewolf\Dev\Warewolf.Studio.CustomControls\bin\Debug\net8.0\Warewolf.Studio.CustomControls.dll [C:\Users\ultra\warewolf\Dev\Warewolf.Studio.Views\Warewolf.Studio.Views.csproj]
C:\Program Files\dotnet\sdk\10.0.201\Microsoft.Common.CurrentVersion.targets(2451,5): warning MSB3277:           Project file item includes which caused reference "C:\Users\ultra\warewolf\Dev\Warewolf.Studio.CustomControls\bin\Debug\net8.0\Warewolf.Studio.CustomControls.dll". [C:\Users\ultra\warewolf\Dev\Warewolf.Studio.Views\Warewolf.Studio.Views.csproj]
C:\Program Files\dotnet\sdk\10.0.201\Microsoft.Common.CurrentVersion.targets(2451,5): warning MSB3277:             C:\Users\ultra\warewolf\Dev\Warewolf.Studio.CustomControls\bin\Debug\net8.0\Warewolf.Studio.CustomControls.dll [C:\Users\ultra\warewolf\Dev\Warewolf.Studio.Views\Warewolf.Studio.Views.csproj]
C:\Program Files\dotnet\sdk\10.0.201\Microsoft.Common.CurrentVersion.targets(2451,5): warning MSB3277:         C:\Users\ultra\warewolf\Dev\Dev2.Data\bin\Debug\net8.0\Dev2.Data.dll [C:\Users\ultra\warewolf\Dev\Warewolf.Studio.Views\Warewolf.Studio.Views.csproj]
C:\Program Files\dotnet\sdk\10.0.201\Microsoft.Common.CurrentVersion.targets(2451,5): warning MSB3277:           Project file item includes which caused reference "C:\Users\ultra\warewolf\Dev\Dev2.Data\bin\Debug\net8.0\Dev2.Data.dll". [C:\Users\ultra\warewolf\Dev\Warewolf.Studio.Views\Warewolf.Studio.Views.csproj]
C:\Program Files\dotnet\sdk\10.0.201\Microsoft.Common.CurrentVersion.targets(2451,5): warning MSB3277:             C:\Users\ultra\warewolf\Dev\Dev2.Data\bin\Debug\net8.0\Dev2.Data.dll [C:\Users\ultra\warewolf\Dev\Warewolf.Studio.Views\Warewolf.Studio.Views.csproj]
C:\Program Files\dotnet\sdk\10.0.201\Microsoft.Common.CurrentVersion.targets(2451,5): warning MSB3277:             C:\Users\ultra\warewolf\Dev\Dev2.Activities\bin\Debug\net8.0\Dev2.Activities.dll [C:\Users\ultra\warewolf\Dev\Warewolf.Studio.Views\Warewolf.Studio.Views.csproj]
C:\Program Files\dotnet\sdk\10.0.201\Microsoft.Common.CurrentVersion.targets(2451,5): warning MSB3277:             C:\Users\ultra\warewolf\Dev\Dev2.Core\bin\Debug\net8.0\Dev2.Core.dll [C:\Users\ultra\warewolf\Dev\Warewolf.Studio.Views\Warewolf.Studio.Views.csproj]
C:\Program Files\dotnet\sdk\10.0.201\Microsoft.Common.CurrentVersion.targets(2451,5): warning MSB3277:             C:\Users\ultra\warewolf\Dev\Dev2.Intellisense\bin\Debug\net8.0\Dev2.Intellisense.dll [C:\Users\ultra\warewolf\Dev\Warewolf.Studio.Views\Warewolf.Studio.Views.csproj]
C:\Program Files\dotnet\sdk\10.0.201\Microsoft.Common.CurrentVersion.targets(2451,5): warning MSB3277:             C:\Users\ultra\warewolf\Dev\Dev2.Studio.Core\bin\Debug\net8.0\Dev2.Studio.Core.dll [C:\Users\ultra\warewolf\Dev\Warewolf.Studio.Views\Warewolf.Studio.Views.csproj]
C:\Program Files\dotnet\sdk\10.0.201\Microsoft.Common.CurrentVersion.targets(2451,5): warning MSB3277:             C:\Users\ultra\warewolf\Dev\Dev2.Studio.Interfaces\bin\Debug\net8.0\Dev2.Studio.Interfaces.dll [C:\Users\ultra\warewolf\Dev\Warewolf.Studio.Views\Warewolf.Studio.Views.csproj]
C:\Program Files\dotnet\sdk\10.0.201\Microsoft.Common.CurrentVersion.targets(2451,5): warning MSB3277:             C:\Users\ultra\warewolf\Dev\Warewolf.Studio.Core\bin\Debug\net8.0\Warewolf.Studio.Core.dll [C:\Users\ultra\warewolf\Dev\Warewolf.Studio.Views\Warewolf.Studio.Views.csproj]
C:\Program Files\dotnet\sdk\10.0.201\Microsoft.Common.CurrentVersion.targets(2451,5): warning MSB3277:             C:\Users\ultra\warewolf\Dev\Warewolf.Studio.CustomControls\bin\Debug\net8.0\Warewolf.Studio.CustomControls.dll [C:\Users\ultra\warewolf\Dev\Warewolf.Studio.Views\Warewolf.Studio.Views.csproj]
C:\Program Files\dotnet\sdk\10.0.201\Microsoft.Common.CurrentVersion.targets(2451,5): warning MSB3277:             C:\Users\ultra\warewolf\Dev\Warewolf.Studio.ViewModels\bin\Debug\net8.0\Warewolf.Studio.ViewModels.dll [C:\Users\ultra\warewolf\Dev\Warewolf.Studio.Views\Warewolf.Studio.Views.csproj]
C:\Program Files\dotnet\sdk\10.0.201\Microsoft.Common.CurrentVersion.targets(2451,5): warning MSB3277:             C:\Users\ultra\warewolf\Dev\Dev2.Runtime.Services\bin\Debug\net8.0\Dev2.Runtime.Services.dll [C:\Users\ultra\warewolf\Dev\Warewolf.Studio.Views\Warewolf.Studio.Views.csproj]
C:\Program Files\dotnet\sdk\10.0.201\Microsoft.Common.CurrentVersion.targets(2451,5): warning MSB3277:             C:\Users\ultra\warewolf\Dev\Dev2.Scheduler\bin\Debug\net8.0\Dev2.Scheduler.dll [C:\Users\ultra\warewolf\Dev\Warewolf.Studio.Views\Warewolf.Studio.Views.csproj]
C:\Program Files\dotnet\sdk\10.0.201\Microsoft.Common.CurrentVersion.targets(2451,5): warning MSB3277:             C:\Users\ultra\warewolf\Dev\Dev2.Services.Execution\bin\Debug\net8.0\Dev2.Services.Execution.dll [C:\Users\ultra\warewolf\Dev\Warewolf.Studio.Views\Warewolf.Studio.Views.csproj]
C:\Program Files\dotnet\sdk\10.0.201\Microsoft.Common.CurrentVersion.targets(2451,5): warning MSB3277:             C:\Users\ultra\warewolf\Dev\Warewolf.Auditing\bin\Debug\net8.0\Warewolf.Auditing.dll [C:\Users\ultra\warewolf\Dev\Warewolf.Studio.Views\Warewolf.Studio.Views.csproj]
C:\Program Files\dotnet\sdk\10.0.201\Microsoft.Common.CurrentVersion.targets(2451,5): warning MSB3277:             C:\Users\ultra\warewolf\Dev\Warewolf.Common.NetStandard20\bin\Debug\net8.0\Warewolf.Common.NetStandard20.dll [C:\Users\ultra\warewolf\Dev\Warewolf.Studio.Views\Warewolf.Studio.Views.csproj]
C:\Program Files\dotnet\sdk\10.0.201\Microsoft.Common.CurrentVersion.targets(2451,5): warning MSB3277:             C:\Users\ultra\warewolf\Dev\Warewolf.Core\bin\Debug\net8.0\Warewolf.Core.dll [C:\Users\ultra\warewolf\Dev\Warewolf.Studio.Views\Warewolf.Studio.Views.csproj]
C:\Program Files\dotnet\sdk\10.0.201\Microsoft.Common.CurrentVersion.targets(2451,5): warning MSB3277:             C:\Users\ultra\warewolf\Dev\Warewolf.Driver.Persistence\bin\Debug\net8.0\Warewolf.Driver.Persistence.dll [C:\Users\ultra\warewolf\Dev\Warewolf.Studio.Views\Warewolf.Studio.Views.csproj]
C:\Program Files\dotnet\sdk\10.0.201\Microsoft.Common.CurrentVersion.targets(2451,5): warning MSB3277:             C:\Users\ultra\warewolf\Dev\Warewolf.Exchange.Email.Wrapper\bin\Debug\net8.0\Warewolf.Exchange.Email.Wrapper.dll [C:\Users\ultra\warewolf\Dev\Warewolf.Studio.Views\Warewolf.Studio.Views.csproj]
C:\Program Files\dotnet\sdk\10.0.201\Microsoft.Common.CurrentVersion.targets(2451,5): warning MSB3277:             C:\Users\ultra\warewolf\Dev\Warewolf.ResourceManagement\bin\Debug\net8.0\Warewolf.ResourceManagement.dll [C:\Users\ultra\warewolf\Dev\Warewolf.Studio.Views\Warewolf.Studio.Views.csproj]
C:\Program Files\dotnet\sdk\10.0.201\Microsoft.Common.CurrentVersion.targets(2451,5): warning MSB3277:             C:\Users\ultra\warewolf\Dev\Warewolf.Studio.Models\bin\Debug\net8.0\Warewolf.Studio.Models.dll [C:\Users\ultra\warewolf\Dev\Warewolf.Studio.Views\Warewolf.Studio.Views.csproj]
C:\Program Files\dotnet\sdk\10.0.201\Microsoft.Common.CurrentVersion.targets(2451,5): warning MSB3277:             C:\Users\ultra\warewolf\Dev\Warewolf.UI\bin\Debug\net8.0\Warewolf.UI.dll [C:\Users\ultra\warewolf\Dev\Warewolf.Studio.Views\Warewolf.Studio.Views.csproj]
C:\Program Files\dotnet\sdk\10.0.201\Microsoft.Common.CurrentVersion.targets(2451,5): warning MSB3277:         C:\Users\ultra\warewolf\Dev\Binaries\Infragistcs_Net6\InfragisticsWPF4.DockManager.v15.1.dll [C:\Users\ultra\warewolf\Dev\Warewolf.Studio.Views\Warewolf.Studio.Views.csproj]
C:\Program Files\dotnet\sdk\10.0.201\Microsoft.Common.CurrentVersion.targets(2451,5): warning MSB3277:           Project file item includes which caused reference "C:\Users\ultra\warewolf\Dev\Binaries\Infragistcs_Net6\InfragisticsWPF4.DockManager.v15.1.dll". [C:\Users\ultra\warewolf\Dev\Warewolf.Studio.Views\Warewolf.Studio.Views.csproj]
C:\Program Files\dotnet\sdk\10.0.201\Microsoft.Common.CurrentVersion.targets(2451,5): warning MSB3277:             InfragisticsWPF4.DockManager.v15.1 [C:\Users\ultra\warewolf\Dev\Warewolf.Studio.Views\Warewolf.Studio.Views.csproj]
C:\Program Files\dotnet\sdk\10.0.201\Microsoft.Common.CurrentVersion.targets(2451,5): warning MSB3277:         C:\Users\ultra\warewolf\Dev\Binaries\Infragistcs_Net6\InfragisticsWPF4.v15.1.dll [C:\Users\ultra\warewolf\Dev\Warewolf.Studio.Views\Warewolf.Studio.Views.csproj]
C:\Program Files\dotnet\sdk\10.0.201\Microsoft.Common.CurrentVersion.targets(2451,5): warning MSB3277:           Project file item includes which caused reference "C:\Users\ultra\warewolf\Dev\Binaries\Infragistcs_Net6\InfragisticsWPF4.v15.1.dll". [C:\Users\ultra\warewolf\Dev\Warewolf.Studio.Views\Warewolf.Studio.Views.csproj]
C:\Program Files\dotnet\sdk\10.0.201\Microsoft.Common.CurrentVersion.targets(2451,5): warning MSB3277:             InfragisticsWPF4.v15.1 [C:\Users\ultra\warewolf\Dev\Warewolf.Studio.Views\Warewolf.Studio.Views.csproj]
C:\Program Files\dotnet\sdk\10.0.201\Microsoft.Common.CurrentVersion.targets(2451,5): warning MSB3277:             InfragisticsWPF4.Controls.Editors.XamComboEditor.v15.1 [C:\Users\ultra\warewolf\Dev\Warewolf.Studio.Views\Warewolf.Studio.Views.csproj]
C:\Program Files\dotnet\sdk\10.0.201\Microsoft.Common.CurrentVersion.targets(2451,5): warning MSB3277:             InfragisticsWPF4.Controls.Editors.XamRichTextEditor.v15.1 [C:\Users\ultra\warewolf\Dev\Warewolf.Studio.Views\Warewolf.Studio.Views.csproj]
C:\Program Files\dotnet\sdk\10.0.201\Microsoft.Common.CurrentVersion.targets(2451,5): warning MSB3277:             InfragisticsWPF4.Controls.Grids.XamGrid.v15.1 [C:\Users\ultra\warewolf\Dev\Warewolf.Studio.Views\Warewolf.Studio.Views.csproj]
C:\Program Files\dotnet\sdk\10.0.201\Microsoft.Common.CurrentVersion.targets(2451,5): warning MSB3277:             InfragisticsWPF4.Controls.Interactions.XamDialogWindow.v15.1 [C:\Users\ultra\warewolf\Dev\Warewolf.Studio.Views\Warewolf.Studio.Views.csproj]
C:\Program Files\dotnet\sdk\10.0.201\Microsoft.Common.CurrentVersion.targets(2451,5): warning MSB3277:             InfragisticsWPF4.Controls.Menus.XamDataTree.v15.1 [C:\Users\ultra\warewolf\Dev\Warewolf.Studio.Views\Warewolf.Studio.Views.csproj]
C:\Program Files\dotnet\sdk\10.0.201\Microsoft.Common.CurrentVersion.targets(2451,5): warning MSB3277:             InfragisticsWPF4.Controls.Menus.XamMenu.v15.1 [C:\Users\ultra\warewolf\Dev\Warewolf.Studio.Views\Warewolf.Studio.Views.csproj]
C:\Program Files\dotnet\sdk\10.0.201\Microsoft.Common.CurrentVersion.targets(2451,5): warning MSB3277:             InfragisticsWPF4.DataManager.v15.1 [C:\Users\ultra\warewolf\Dev\Warewolf.Studio.Views\Warewolf.Studio.Views.csproj]
C:\Program Files\dotnet\sdk\10.0.201\Microsoft.Common.CurrentVersion.targets(2451,5): warning MSB3277:             InfragisticsWPF4.DockManager.v15.1 [C:\Users\ultra\warewolf\Dev\Warewolf.Studio.Views\Warewolf.Studio.Views.csproj]
C:\Program Files\dotnet\sdk\10.0.201\Microsoft.Common.CurrentVersion.targets(2451,5): warning MSB3277:             InfragisticsWPF4.Documents.RichTextDocument.Html.v15.1 [C:\Users\ultra\warewolf\Dev\Warewolf.Studio.Views\Warewolf.Studio.Views.csproj]
C:\Program Files\dotnet\sdk\10.0.201\Microsoft.Common.CurrentVersion.targets(2451,5): warning MSB3277:             InfragisticsWPF4.Documents.RichTextDocument.v15.1 [C:\Users\ultra\warewolf\Dev\Warewolf.Studio.Views\Warewolf.Studio.Views.csproj]
C:\Program Files\dotnet\sdk\10.0.201\Microsoft.Common.CurrentVersion.targets(2451,5): warning MSB3277:             InfragisticsWPF4.Editors.v15.1 [C:\Users\ultra\warewolf\Dev\Warewolf.Studio.Views\Warewolf.Studio.Views.csproj]
C:\Program Files\dotnet\sdk\10.0.201\Microsoft.Common.CurrentVersion.targets(2451,5): warning MSB3277:         C:\Users\ultra\.nuget\packages\dotnetzip\1.16.0\lib\netstandard2.0\DotNetZip.dll [C:\Users\ultra\warewolf\Dev\Warewolf.Studio.Views\Warewolf.Studio.Views.csproj]
C:\Program Files\dotnet\sdk\10.0.201\Microsoft.Common.CurrentVersion.targets(2451,5): warning MSB3277:           Project file item includes which caused reference "C:\Users\ultra\.nuget\packages\dotnetzip\1.16.0\lib\netstandard2.0\DotNetZip.dll". [C:\Users\ultra\warewolf\Dev\Warewolf.Studio.Views\Warewolf.Studio.Views.csproj]
C:\Program Files\dotnet\sdk\10.0.201\Microsoft.Common.CurrentVersion.targets(2451,5): warning MSB3277:             C:\Users\ultra\.nuget\packages\dotnetzip\1.16.0\lib\netstandard2.0\DotNetZip.dll [C:\Users\ultra\warewolf\Dev\Warewolf.Studio.Views\Warewolf.Studio.Views.csproj]
C:\Program Files\dotnet\sdk\10.0.201\Microsoft.Common.CurrentVersion.targets(2451,5): warning MSB3277:             C:\Users\ultra\warewolf\Dev\Dev2.Common\bin\Debug\net8.0\Dev2.Common.dll [C:\Users\ultra\warewolf\Dev\Warewolf.Studio.Views\Warewolf.Studio.Views.csproj]
C:\Program Files\dotnet\sdk\10.0.201\Microsoft.Common.CurrentVersion.targets(2451,5): warning MSB3277:             C:\Users\ultra\warewolf\Dev\Dev2.Activities\bin\Debug\net8.0\Dev2.Activities.dll [C:\Users\ultra\warewolf\Dev\Warewolf.Studio.Views\Warewolf.Studio.Views.csproj]
C:\Program Files\dotnet\sdk\10.0.201\Microsoft.Common.CurrentVersion.targets(2451,5): warning MSB3277:             C:\Users\ultra\warewolf\Dev\Dev2.Core\bin\Debug\net8.0\Dev2.Core.dll [C:\Users\ultra\warewolf\Dev\Warewolf.Studio.Views\Warewolf.Studio.Views.csproj]
C:\Program Files\dotnet\sdk\10.0.201\Microsoft.Common.CurrentVersion.targets(2451,5): warning MSB3277:             C:\Users\ultra\warewolf\Dev\Dev2.Diagnostics\bin\Debug\net8.0\Dev2.Diagnostics.dll [C:\Users\ultra\warewolf\Dev\Warewolf.Studio.Views\Warewolf.Studio.Views.csproj]
C:\Program Files\dotnet\sdk\10.0.201\Microsoft.Common.CurrentVersion.targets(2451,5): warning MSB3277:             C:\Users\ultra\warewolf\Dev\Dev2.Infrastructure\bin\Debug\net8.0\Dev2.Infrastructure.dll [C:\Users\ultra\warewolf\Dev\Warewolf.Studio.Views\Warewolf.Studio.Views.csproj]
C:\Program Files\dotnet\sdk\10.0.201\Microsoft.Common.CurrentVersion.targets(2451,5): warning MSB3277:             C:\Users\ultra\warewolf\Dev\Dev2.Intellisense\bin\Debug\net8.0\Dev2.Intellisense.dll [C:\Users\ultra\warewolf\Dev\Warewolf.Studio.Views\Warewolf.Studio.Views.csproj]
C:\Program Files\dotnet\sdk\10.0.201\Microsoft.Common.CurrentVersion.targets(2451,5): warning MSB3277:             C:\Users\ultra\warewolf\Dev\Dev2.Studio.Core\bin\Debug\net8.0\Dev2.Studio.Core.dll [C:\Users\ultra\warewolf\Dev\Warewolf.Studio.Views\Warewolf.Studio.Views.csproj]
C:\Program Files\dotnet\sdk\10.0.201\Microsoft.Common.CurrentVersion.targets(2451,5): warning MSB3277:             C:\Users\ultra\warewolf\Dev\Dev2.Studio.Interfaces\bin\Debug\net8.0\Dev2.Studio.Interfaces.dll [C:\Users\ultra\warewolf\Dev\Warewolf.Studio.Views\Warewolf.Studio.Views.csproj]
C:\Program Files\dotnet\sdk\10.0.201\Microsoft.Common.CurrentVersion.targets(2451,5): warning MSB3277:             C:\Users\ultra\warewolf\Dev\Warewolf.Studio.Core\bin\Debug\net8.0\Warewolf.Studio.Core.dll [C:\Users\ultra\warewolf\Dev\Warewolf.Studio.Views\Warewolf.Studio.Views.csproj]
C:\Program Files\dotnet\sdk\10.0.201\Microsoft.Common.CurrentVersion.targets(2451,5): warning MSB3277:             C:\Users\ultra\warewolf\Dev\Warewolf.Studio.CustomControls\bin\Debug\net8.0\Warewolf.Studio.CustomControls.dll [C:\Users\ultra\warewolf\Dev\Warewolf.Studio.Views\Warewolf.Studio.Views.csproj]
C:\Program Files\dotnet\sdk\10.0.201\Microsoft.Common.CurrentVersion.targets(2451,5): warning MSB3277:             C:\Users\ultra\warewolf\Dev\Warewolf.Studio.ViewModels\bin\Debug\net8.0\Warewolf.Studio.ViewModels.dll [C:\Users\ultra\warewolf\Dev\Warewolf.Studio.Views\Warewolf.Studio.Views.csproj]
C:\Program Files\dotnet\sdk\10.0.201\Microsoft.Common.CurrentVersion.targets(2451,5): warning MSB3277:             C:\Users\ultra\warewolf\Dev\Dev2.Data\bin\Debug\net8.0\Dev2.Data.dll [C:\Users\ultra\warewolf\Dev\Warewolf.Studio.Views\Warewolf.Studio.Views.csproj]
C:\Program Files\dotnet\sdk\10.0.201\Microsoft.Common.CurrentVersion.targets(2451,5): warning MSB3277:             C:\Users\ultra\warewolf\Dev\Dev2.Data.Interfaces\bin\Debug\net8.0\Dev2.Data.Interfaces.dll [C:\Users\ultra\warewolf\Dev\Warewolf.Studio.Views\Warewolf.Studio.Views.csproj]
C:\Program Files\dotnet\sdk\10.0.201\Microsoft.Common.CurrentVersion.targets(2451,5): warning MSB3277:             C:\Users\ultra\warewolf\Dev\Dev2.Development.Languages\bin\Debug\net8.0\Dev2.Development.Languages.dll [C:\Users\ultra\warewolf\Dev\Warewolf.Studio.Views\Warewolf.Studio.Views.csproj]
C:\Program Files\dotnet\sdk\10.0.201\Microsoft.Common.CurrentVersion.targets(2451,5): warning MSB3277:             C:\Users\ultra\warewolf\Dev\Dev2.Runtime.Services\bin\Debug\net8.0\Dev2.Runtime.Services.dll [C:\Users\ultra\warewolf\Dev\Warewolf.Studio.Views\Warewolf.Studio.Views.csproj]
C:\Program Files\dotnet\sdk\10.0.201\Microsoft.Common.CurrentVersion.targets(2451,5): warning MSB3277:             C:\Users\ultra\warewolf\Dev\Dev2.Scheduler\bin\Debug\net8.0\Dev2.Scheduler.dll [C:\Users\ultra\warewolf\Dev\Warewolf.Studio.Views\Warewolf.Studio.Views.csproj]
C:\Program Files\dotnet\sdk\10.0.201\Microsoft.Common.CurrentVersion.targets(2451,5): warning MSB3277:             C:\Users\ultra\warewolf\Dev\Dev2.Services.Execution\bin\Debug\net8.0\Dev2.Services.Execution.dll [C:\Users\ultra\warewolf\Dev\Warewolf.Studio.Views\Warewolf.Studio.Views.csproj]
C:\Program Files\dotnet\sdk\10.0.201\Microsoft.Common.CurrentVersion.targets(2451,5): warning MSB3277:             C:\Users\ultra\warewolf\Dev\Dev2.Services.Sql\bin\Debug\net8.0\Dev2.Services.Sql.dll [C:\Users\ultra\warewolf\Dev\Warewolf.Studio.Views\Warewolf.Studio.Views.csproj]
C:\Program Files\dotnet\sdk\10.0.201\Microsoft.Common.CurrentVersion.targets(2451,5): warning MSB3277:             C:\Users\ultra\warewolf\Dev\Dev2.TaskScheduler.Wrappers\bin\Debug\net8.0\Dev2.TaskScheduler.Wrappers.dll [C:\Users\ultra\warewolf\Dev\Warewolf.Studio.Views\Warewolf.Studio.Views.csproj]
C:\Program Files\dotnet\sdk\10.0.201\Microsoft.Common.CurrentVersion.targets(2451,5): warning MSB3277:             C:\Users\ultra\warewolf\Dev\Dev2.Util\bin\Debug\net8.0\Dev2.Util.dll [C:\Users\ultra\warewolf\Dev\Warewolf.Studio.Views\Warewolf.Studio.Views.csproj]
C:\Program Files\dotnet\sdk\10.0.201\Microsoft.Common.CurrentVersion.targets(2451,5): warning MSB3277:             C:\Users\ultra\warewolf\Dev\Warewolf.AI.Harness\bin\Debug\net8.0\Warewolf.AI.Harness.dll [C:\Users\ultra\warewolf\Dev\Warewolf.Studio.Views\Warewolf.Studio.Views.csproj]
C:\Program Files\dotnet\sdk\10.0.201\Microsoft.Common.CurrentVersion.targets(2451,5): warning MSB3277:             C:\Users\ultra\warewolf\Dev\Warewolf.Auditing\bin\Debug\net8.0\Warewolf.Auditing.dll [C:\Users\ultra\warewolf\Dev\Warewolf.Studio.Views\Warewolf.Studio.Views.csproj]
C:\Program Files\dotnet\sdk\10.0.201\Microsoft.Common.CurrentVersion.targets(2451,5): warning MSB3277:             C:\Users\ultra\warewolf\Dev\Warewolf.Common.NetStandard20\bin\Debug\net8.0\Warewolf.Common.NetStandard20.dll [C:\Users\ultra\warewolf\Dev\Warewolf.Studio.Views\Warewolf.Studio.Views.csproj]
C:\Program Files\dotnet\sdk\10.0.201\Microsoft.Common.CurrentVersion.targets(2451,5): warning MSB3277:             C:\Users\ultra\warewolf\Dev\Warewolf.Core\bin\Debug\net8.0\Warewolf.Core.dll [C:\Users\ultra\warewolf\Dev\Warewolf.Studio.Views\Warewolf.Studio.Views.csproj]
C:\Program Files\dotnet\sdk\10.0.201\Microsoft.Common.CurrentVersion.targets(2451,5): warning MSB3277:             C:\Users\ultra\warewolf\Dev\Warewolf.Driver.Persistence\bin\Debug\net8.0\Warewolf.Driver.Persistence.dll [C:\Users\ultra\warewolf\Dev\Warewolf.Studio.Views\Warewolf.Studio.Views.csproj]
C:\Program Files\dotnet\sdk\10.0.201\Microsoft.Common.CurrentVersion.targets(2451,5): warning MSB3277:             C:\Users\ultra\warewolf\Dev\Warewolf.Driver.Serilog\bin\Debug\net8.0\Warewolf.Driver.Serilog.dll [C:\Users\ultra\warewolf\Dev\Warewolf.Studio.Views\Warewolf.Studio.Views.csproj]
C:\Program Files\dotnet\sdk\10.0.201\Microsoft.Common.CurrentVersion.targets(2451,5): warning MSB3277:             C:\Users\ultra\warewolf\Dev\Warewolf.Exchange.Email.Wrapper\bin\Debug\net8.0\Warewolf.Exchange.Email.Wrapper.dll [C:\Users\ultra\warewolf\Dev\Warewolf.Studio.Views\Warewolf.Studio.Views.csproj]
C:\Program Files\dotnet\sdk\10.0.201\Microsoft.Common.CurrentVersion.targets(2451,5): warning MSB3277:             C:\Users\ultra\warewolf\Dev\Warewolf.ResourceManagement\bin\Debug\net8.0\Warewolf.ResourceManagement.dll [C:\Users\ultra\warewolf\Dev\Warewolf.Studio.Views\Warewolf.Studio.Views.csproj]
C:\Program Files\dotnet\sdk\10.0.201\Microsoft.Common.CurrentVersion.targets(2451,5): warning MSB3277:             C:\Users\ultra\warewolf\Dev\Warewolf.Sharepoint\bin\Debug\net8.0\Warewolf.Sharepoint.dll [C:\Users\ultra\warewolf\Dev\Warewolf.Studio.Views\Warewolf.Studio.Views.csproj]
C:\Program Files\dotnet\sdk\10.0.201\Microsoft.Common.CurrentVersion.targets(2451,5): warning MSB3277:             C:\Users\ultra\warewolf\Dev\Warewolf.Storage\bin\Debug\net8.0\Warewolf.Storage.dll [C:\Users\ultra\warewolf\Dev\Warewolf.Studio.Views\Warewolf.Studio.Views.csproj]
C:\Program Files\dotnet\sdk\10.0.201\Microsoft.Common.CurrentVersion.targets(2451,5): warning MSB3277:             C:\Users\ultra\warewolf\Dev\Warewolf.Studio.Models\bin\Debug\net8.0\Warewolf.Studio.Models.dll [C:\Users\ultra\warewolf\Dev\Warewolf.Studio.Views\Warewolf.Studio.Views.csproj]
C:\Program Files\dotnet\sdk\10.0.201\Microsoft.Common.CurrentVersion.targets(2451,5): warning MSB3277:             C:\Users\ultra\warewolf\Dev\Warewolf.UI\bin\Debug\net8.0\Warewolf.UI.dll [C:\Users\ultra\warewolf\Dev\Warewolf.Studio.Views\Warewolf.Studio.Views.csproj]
C:\Program Files\dotnet\sdk\10.0.201\Microsoft.Common.CurrentVersion.targets(2451,5): warning MSB3277:         C:\Users\ultra\.nuget\packages\mindbox.data.linq\5.0.0\lib\netstandard2.0\Mindbox.Data.Linq.dll [C:\Users\ultra\warewolf\Dev\Warewolf.Studio.Views\Warewolf.Studio.Views.csproj]
C:\Program Files\dotnet\sdk\10.0.201\Microsoft.Common.CurrentVersion.targets(2451,5): warning MSB3277:           Project file item includes which caused reference "C:\Users\ultra\.nuget\packages\mindbox.data.linq\5.0.0\lib\netstandard2.0\Mindbox.Data.Linq.dll". [C:\Users\ultra\warewolf\Dev\Warewolf.Studio.Views\Warewolf.Studio.Views.csproj]
C:\Program Files\dotnet\sdk\10.0.201\Microsoft.Common.CurrentVersion.targets(2451,5): warning MSB3277:             C:\Users\ultra\.nuget\packages\mindbox.data.linq\5.0.0\lib\netstandard2.0\Mindbox.Data.Linq.dll [C:\Users\ultra\warewolf\Dev\Warewolf.Studio.Views\Warewolf.Studio.Views.csproj]
C:\Program Files\dotnet\sdk\10.0.201\Microsoft.Common.CurrentVersion.targets(2451,5): warning MSB3277:             C:\Users\ultra\warewolf\Dev\Warewolf.Auditing\bin\Debug\net8.0\Warewolf.Auditing.dll [C:\Users\ultra\warewolf\Dev\Warewolf.Studio.Views\Warewolf.Studio.Views.csproj]
C:\Program Files\dotnet\sdk\10.0.201\Microsoft.Common.CurrentVersion.targets(2451,5): warning MSB3277:             C:\Users\ultra\warewolf\Dev\Dev2.Activities\bin\Debug\net8.0\Dev2.Activities.dll [C:\Users\ultra\warewolf\Dev\Warewolf.Studio.Views\Warewolf.Studio.Views.csproj]
C:\Program Files\dotnet\sdk\10.0.201\Microsoft.Common.CurrentVersion.targets(2451,5): warning MSB3277:             C:\Users\ultra\warewolf\Dev\Dev2.Studio.Core\bin\Debug\net8.0\Dev2.Studio.Core.dll [C:\Users\ultra\warewolf\Dev\Warewolf.Studio.Views\Warewolf.Studio.Views.csproj]
C:\Program Files\dotnet\sdk\10.0.201\Microsoft.Common.CurrentVersion.targets(2451,5): warning MSB3277:             C:\Users\ultra\warewolf\Dev\Dev2.Intellisense\bin\Debug\net8.0\Dev2.Intellisense.dll [C:\Users\ultra\warewolf\Dev\Warewolf.Studio.Views\Warewolf.Studio.Views.csproj]
C:\Program Files\dotnet\sdk\10.0.201\Microsoft.Common.CurrentVersion.targets(2451,5): warning MSB3277:             C:\Users\ultra\warewolf\Dev\Warewolf.Studio.ViewModels\bin\Debug\net8.0\Warewolf.Studio.ViewModels.dll [C:\Users\ultra\warewolf\Dev\Warewolf.Studio.Views\Warewolf.Studio.Views.csproj]
C:\Program Files\dotnet\sdk\10.0.201\Microsoft.Common.CurrentVersion.targets(2451,5): warning MSB3277:             C:\Users\ultra\warewolf\Dev\Dev2.Runtime.Services\bin\Debug\net8.0\Dev2.Runtime.Services.dll [C:\Users\ultra\warewolf\Dev\Warewolf.Studio.Views\Warewolf.Studio.Views.csproj]
C:\Program Files\dotnet\sdk\10.0.201\Microsoft.Common.CurrentVersion.targets(2451,5): warning MSB3277:             C:\Users\ultra\warewolf\Dev\Dev2.Studio.Interfaces\bin\Debug\net8.0\Dev2.Studio.Interfaces.dll [C:\Users\ultra\warewolf\Dev\Warewolf.Studio.Views\Warewolf.Studio.Views.csproj]
C:\Program Files\dotnet\sdk\10.0.201\Microsoft.Common.CurrentVersion.targets(2451,5): warning MSB3277:             C:\Users\ultra\warewolf\Dev\Warewolf.Studio.Core\bin\Debug\net8.0\Warewolf.Studio.Core.dll [C:\Users\ultra\warewolf\Dev\Warewolf.Studio.Views\Warewolf.Studio.Views.csproj]
C:\Program Files\dotnet\sdk\10.0.201\Microsoft.Common.CurrentVersion.targets(2451,5): warning MSB3277:             C:\Users\ultra\warewolf\Dev\Warewolf.Studio.CustomControls\bin\Debug\net8.0\Warewolf.Studio.CustomControls.dll [C:\Users\ultra\warewolf\Dev\Warewolf.Studio.Views\Warewolf.Studio.Views.csproj]
C:\Program Files\dotnet\sdk\10.0.201\Microsoft.Common.CurrentVersion.targets(2451,5): warning MSB3277:             C:\Users\ultra\warewolf\Dev\Dev2.Services.Execution\bin\Debug\net8.0\Dev2.Services.Execution.dll [C:\Users\ultra\warewolf\Dev\Warewolf.Studio.Views\Warewolf.Studio.Views.csproj]
C:\Program Files\dotnet\sdk\10.0.201\Microsoft.Common.CurrentVersion.targets(2451,5): warning MSB3277:             C:\Users\ultra\warewolf\Dev\Warewolf.Common.NetStandard20\bin\Debug\net8.0\Warewolf.Common.NetStandard20.dll [C:\Users\ultra\warewolf\Dev\Warewolf.Studio.Views\Warewolf.Studio.Views.csproj]
C:\Program Files\dotnet\sdk\10.0.201\Microsoft.Common.CurrentVersion.targets(2451,5): warning MSB3277:             C:\Users\ultra\warewolf\Dev\Warewolf.Driver.Persistence\bin\Debug\net8.0\Warewolf.Driver.Persistence.dll [C:\Users\ultra\warewolf\Dev\Warewolf.Studio.Views\Warewolf.Studio.Views.csproj]
C:\Program Files\dotnet\sdk\10.0.201\Microsoft.Common.CurrentVersion.targets(2451,5): warning MSB3277:             C:\Users\ultra\warewolf\Dev\Warewolf.Studio.Models\bin\Debug\net8.0\Warewolf.Studio.Models.dll [C:\Users\ultra\warewolf\Dev\Warewolf.Studio.Views\Warewolf.Studio.Views.csproj]
C:\Program Files\dotnet\sdk\10.0.201\Microsoft.Common.CurrentVersion.targets(2451,5): warning MSB3277:         C:\Users\ultra\.nuget\packages\mysql.data\8.4.0\lib\net8.0\MySql.Data.dll [C:\Users\ultra\warewolf\Dev\Warewolf.Studio.Views\Warewolf.Studio.Views.csproj]
C:\Program Files\dotnet\sdk\10.0.201\Microsoft.Common.CurrentVersion.targets(2451,5): warning MSB3277:           Project file item includes which caused reference "C:\Users\ultra\.nuget\packages\mysql.data\8.4.0\lib\net8.0\MySql.Data.dll". [C:\Users\ultra\warewolf\Dev\Warewolf.Studio.Views\Warewolf.Studio.Views.csproj]
C:\Program Files\dotnet\sdk\10.0.201\Microsoft.Common.CurrentVersion.targets(2451,5): warning MSB3277:             C:\Users\ultra\.nuget\packages\mysql.data\8.4.0\lib\net8.0\MySql.Data.dll [C:\Users\ultra\warewolf\Dev\Warewolf.Studio.Views\Warewolf.Studio.Views.csproj]
C:\Program Files\dotnet\sdk\10.0.201\Microsoft.Common.CurrentVersion.targets(2451,5): warning MSB3277:             C:\Users\ultra\warewolf\Dev\Dev2.Activities\bin\Debug\net8.0\Dev2.Activities.dll [C:\Users\ultra\warewolf\Dev\Warewolf.Studio.Views\Warewolf.Studio.Views.csproj]
C:\Program Files\dotnet\sdk\10.0.201\Microsoft.Common.CurrentVersion.targets(2451,5): warning MSB3277:             C:\Users\ultra\warewolf\Dev\Dev2.Studio.Core\bin\Debug\net8.0\Dev2.Studio.Core.dll [C:\Users\ultra\warewolf\Dev\Warewolf.Studio.Views\Warewolf.Studio.Views.csproj]
C:\Program Files\dotnet\sdk\10.0.201\Microsoft.Common.CurrentVersion.targets(2451,5): warning MSB3277:             C:\Users\ultra\warewolf\Dev\Dev2.Intellisense\bin\Debug\net8.0\Dev2.Intellisense.dll [C:\Users\ultra\warewolf\Dev\Warewolf.Studio.Views\Warewolf.Studio.Views.csproj]
C:\Program Files\dotnet\sdk\10.0.201\Microsoft.Common.CurrentVersion.targets(2451,5): warning MSB3277:             C:\Users\ultra\warewolf\Dev\Warewolf.Studio.ViewModels\bin\Debug\net8.0\Warewolf.Studio.ViewModels.dll [C:\Users\ultra\warewolf\Dev\Warewolf.Studio.Views\Warewolf.Studio.Views.csproj]
C:\Program Files\dotnet\sdk\10.0.201\Microsoft.Common.CurrentVersion.targets(2451,5): warning MSB3277:             C:\Users\ultra\warewolf\Dev\Dev2.Runtime.Services\bin\Debug\net8.0\Dev2.Runtime.Services.dll [C:\Users\ultra\warewolf\Dev\Warewolf.Studio.Views\Warewolf.Studio.Views.csproj]
C:\Program Files\dotnet\sdk\10.0.201\Microsoft.Common.CurrentVersion.targets(2451,5): warning MSB3277:             C:\Users\ultra\warewolf\Dev\Dev2.Studio.Interfaces\bin\Debug\net8.0\Dev2.Studio.Interfaces.dll [C:\Users\ultra\warewolf\Dev\Warewolf.Studio.Views\Warewolf.Studio.Views.csproj]
C:\Program Files\dotnet\sdk\10.0.201\Microsoft.Common.CurrentVersion.targets(2451,5): warning MSB3277:             C:\Users\ultra\warewolf\Dev\Warewolf.Studio.Core\bin\Debug\net8.0\Warewolf.Studio.Core.dll [C:\Users\ultra\warewolf\Dev\Warewolf.Studio.Views\Warewolf.Studio.Views.csproj]
C:\Program Files\dotnet\sdk\10.0.201\Microsoft.Common.CurrentVersion.targets(2451,5): warning MSB3277:             C:\Users\ultra\warewolf\Dev\Warewolf.Studio.CustomControls\bin\Debug\net8.0\Warewolf.Studio.CustomControls.dll [C:\Users\ultra\warewolf\Dev\Warewolf.Studio.Views\Warewolf.Studio.Views.csproj]
C:\Program Files\dotnet\sdk\10.0.201\Microsoft.Common.CurrentVersion.targets(2451,5): warning MSB3277:             C:\Users\ultra\warewolf\Dev\Dev2.Services.Execution\bin\Debug\net8.0\Dev2.Services.Execution.dll [C:\Users\ultra\warewolf\Dev\Warewolf.Studio.Views\Warewolf.Studio.Views.csproj]
C:\Program Files\dotnet\sdk\10.0.201\Microsoft.Common.CurrentVersion.targets(2451,5): warning MSB3277:             C:\Users\ultra\warewolf\Dev\Dev2.Services.Sql\bin\Debug\net8.0\Dev2.Services.Sql.dll [C:\Users\ultra\warewolf\Dev\Warewolf.Studio.Views\Warewolf.Studio.Views.csproj]
C:\Program Files\dotnet\sdk\10.0.201\Microsoft.Common.CurrentVersion.targets(2451,5): warning MSB3277:             C:\Users\ultra\warewolf\Dev\Warewolf.Driver.Persistence\bin\Debug\net8.0\Warewolf.Driver.Persistence.dll [C:\Users\ultra\warewolf\Dev\Warewolf.Studio.Views\Warewolf.Studio.Views.csproj]
C:\Program Files\dotnet\sdk\10.0.201\Microsoft.Common.CurrentVersion.targets(2451,5): warning MSB3277:             C:\Users\ultra\warewolf\Dev\Warewolf.Studio.Models\bin\Debug\net8.0\Warewolf.Studio.Models.dll [C:\Users\ultra\warewolf\Dev\Warewolf.Studio.Views\Warewolf.Studio.Views.csproj]
C:\Program Files\dotnet\sdk\10.0.201\Microsoft.Common.CurrentVersion.targets(2451,5): warning MSB3277:         C:\Users\ultra\.nuget\packages\oracle.manageddataaccess.core\3.21.70\lib\netstandard2.1\Oracle.ManagedDataAccess.dll [C:\Users\ultra\warewolf\Dev\Warewolf.Studio.Views\Warewolf.Studio.Views.csproj]
C:\Program Files\dotnet\sdk\10.0.201\Microsoft.Common.CurrentVersion.targets(2451,5): warning MSB3277:           Project file item includes which caused reference "C:\Users\ultra\.nuget\packages\oracle.manageddataaccess.core\3.21.70\lib\netstandard2.1\Oracle.ManagedDataAccess.dll". [C:\Users\ultra\warewolf\Dev\Warewolf.Studio.Views\Warewolf.Studio.Views.csproj]
C:\Program Files\dotnet\sdk\10.0.201\Microsoft.Common.CurrentVersion.targets(2451,5): warning MSB3277:             C:\Users\ultra\.nuget\packages\oracle.manageddataaccess.core\3.21.70\lib\netstandard2.1\Oracle.ManagedDataAccess.dll [C:\Users\ultra\warewolf\Dev\Warewolf.Studio.Views\Warewolf.Studio.Views.csproj]
C:\Program Files\dotnet\sdk\10.0.201\Microsoft.Common.CurrentVersion.targets(2451,5): warning MSB3277:             C:\Users\ultra\warewolf\Dev\Dev2.Runtime.Services\bin\Debug\net8.0\Dev2.Runtime.Services.dll [C:\Users\ultra\warewolf\Dev\Warewolf.Studio.Views\Warewolf.Studio.Views.csproj]
C:\Program Files\dotnet\sdk\10.0.201\Microsoft.Common.CurrentVersion.targets(2451,5): warning MSB3277:             C:\Users\ultra\warewolf\Dev\Dev2.Activities\bin\Debug\net8.0\Dev2.Activities.dll [C:\Users\ultra\warewolf\Dev\Warewolf.Studio.Views\Warewolf.Studio.Views.csproj]
C:\Program Files\dotnet\sdk\10.0.201\Microsoft.Common.CurrentVersion.targets(2451,5): warning MSB3277:             C:\Users\ultra\warewolf\Dev\Dev2.Studio.Core\bin\Debug\net8.0\Dev2.Studio.Core.dll [C:\Users\ultra\warewolf\Dev\Warewolf.Studio.Views\Warewolf.Studio.Views.csproj]
C:\Program Files\dotnet\sdk\10.0.201\Microsoft.Common.CurrentVersion.targets(2451,5): warning MSB3277:             C:\Users\ultra\warewolf\Dev\Dev2.Intellisense\bin\Debug\net8.0\Dev2.Intellisense.dll [C:\Users\ultra\warewolf\Dev\Warewolf.Studio.Views\Warewolf.Studio.Views.csproj]
C:\Program Files\dotnet\sdk\10.0.201\Microsoft.Common.CurrentVersion.targets(2451,5): warning MSB3277:             C:\Users\ultra\warewolf\Dev\Dev2.Studio.Interfaces\bin\Debug\net8.0\Dev2.Studio.Interfaces.dll [C:\Users\ultra\warewolf\Dev\Warewolf.Studio.Views\Warewolf.Studio.Views.csproj]
C:\Program Files\dotnet\sdk\10.0.201\Microsoft.Common.CurrentVersion.targets(2451,5): warning MSB3277:             C:\Users\ultra\warewolf\Dev\Warewolf.Studio.Core\bin\Debug\net8.0\Warewolf.Studio.Core.dll [C:\Users\ultra\warewolf\Dev\Warewolf.Studio.Views\Warewolf.Studio.Views.csproj]
C:\Program Files\dotnet\sdk\10.0.201\Microsoft.Common.CurrentVersion.targets(2451,5): warning MSB3277:             C:\Users\ultra\warewolf\Dev\Warewolf.Studio.CustomControls\bin\Debug\net8.0\Warewolf.Studio.CustomControls.dll [C:\Users\ultra\warewolf\Dev\Warewolf.Studio.Views\Warewolf.Studio.Views.csproj]
C:\Program Files\dotnet\sdk\10.0.201\Microsoft.Common.CurrentVersion.targets(2451,5): warning MSB3277:             C:\Users\ultra\warewolf\Dev\Warewolf.Studio.ViewModels\bin\Debug\net8.0\Warewolf.Studio.ViewModels.dll [C:\Users\ultra\warewolf\Dev\Warewolf.Studio.Views\Warewolf.Studio.Views.csproj]
C:\Program Files\dotnet\sdk\10.0.201\Microsoft.Common.CurrentVersion.targets(2451,5): warning MSB3277:             C:\Users\ultra\warewolf\Dev\Dev2.Services.Execution\bin\Debug\net8.0\Dev2.Services.Execution.dll [C:\Users\ultra\warewolf\Dev\Warewolf.Studio.Views\Warewolf.Studio.Views.csproj]
C:\Program Files\dotnet\sdk\10.0.201\Microsoft.Common.CurrentVersion.targets(2451,5): warning MSB3277:             C:\Users\ultra\warewolf\Dev\Dev2.Services.Sql\bin\Debug\net8.0\Dev2.Services.Sql.dll [C:\Users\ultra\warewolf\Dev\Warewolf.Studio.Views\Warewolf.Studio.Views.csproj]
C:\Program Files\dotnet\sdk\10.0.201\Microsoft.Common.CurrentVersion.targets(2451,5): warning MSB3277:             C:\Users\ultra\warewolf\Dev\Warewolf.Driver.Persistence\bin\Debug\net8.0\Warewolf.Driver.Persistence.dll [C:\Users\ultra\warewolf\Dev\Warewolf.Studio.Views\Warewolf.Studio.Views.csproj]
C:\Program Files\dotnet\sdk\10.0.201\Microsoft.Common.CurrentVersion.targets(2451,5): warning MSB3277:             C:\Users\ultra\warewolf\Dev\Warewolf.Studio.Models\bin\Debug\net8.0\Warewolf.Studio.Models.dll [C:\Users\ultra\warewolf\Dev\Warewolf.Studio.Views\Warewolf.Studio.Views.csproj]
C:\Program Files\dotnet\sdk\10.0.201\Microsoft.Common.CurrentVersion.targets(2451,5): warning MSB3277:         C:\Users\ultra\.nuget\packages\system.directoryservices\6.0.0\lib\net6.0\System.DirectoryServices.dll [C:\Users\ultra\warewolf\Dev\Warewolf.Studio.Views\Warewolf.Studio.Views.csproj]
C:\Program Files\dotnet\sdk\10.0.201\Microsoft.Common.CurrentVersion.targets(2451,5): warning MSB3277:           Project file item includes which caused reference "C:\Users\ultra\.nuget\packages\system.directoryservices\6.0.0\lib\net6.0\System.DirectoryServices.dll". [C:\Users\ultra\warewolf\Dev\Warewolf.Studio.Views\Warewolf.Studio.Views.csproj]
C:\Program Files\dotnet\sdk\10.0.201\Microsoft.Common.CurrentVersion.targets(2451,5): warning MSB3277:             C:\Users\ultra\.nuget\packages\system.directoryservices\6.0.0\lib\net6.0\System.DirectoryServices.dll [C:\Users\ultra\warewolf\Dev\Warewolf.Studio.Views\Warewolf.Studio.Views.csproj]
C:\Program Files\dotnet\sdk\10.0.201\Microsoft.Common.CurrentVersion.targets(2451,5): warning MSB3277:             C:\Users\ultra\.nuget\packages\corewcf.primitives\1.2.1\lib\netstandard2.0\CoreWCF.Primitives.dll [C:\Users\ultra\warewolf\Dev\Warewolf.Studio.Views\Warewolf.Studio.Views.csproj]
C:\Program Files\dotnet\sdk\10.0.201\Microsoft.Common.CurrentVersion.targets(2451,5): warning MSB3277:             C:\Users\ultra\warewolf\Dev\Dev2.Runtime.Services\bin\Debug\net8.0\Dev2.Runtime.Services.dll [C:\Users\ultra\warewolf\Dev\Warewolf.Studio.Views\Warewolf.Studio.Views.csproj]
C:\Program Files\dotnet\sdk\10.0.201\Microsoft.Common.CurrentVersion.targets(2451,5): warning MSB3277:             C:\Users\ultra\warewolf\Dev\Dev2.Activities\bin\Debug\net8.0\Dev2.Activities.dll [C:\Users\ultra\warewolf\Dev\Warewolf.Studio.Views\Warewolf.Studio.Views.csproj]
C:\Program Files\dotnet\sdk\10.0.201\Microsoft.Common.CurrentVersion.targets(2451,5): warning MSB3277:             C:\Users\ultra\warewolf\Dev\Dev2.Studio.Core\bin\Debug\net8.0\Dev2.Studio.Core.dll [C:\Users\ultra\warewolf\Dev\Warewolf.Studio.Views\Warewolf.Studio.Views.csproj]
C:\Program Files\dotnet\sdk\10.0.201\Microsoft.Common.CurrentVersion.targets(2451,5): warning MSB3277:             C:\Users\ultra\warewolf\Dev\Dev2.Intellisense\bin\Debug\net8.0\Dev2.Intellisense.dll [C:\Users\ultra\warewolf\Dev\Warewolf.Studio.Views\Warewolf.Studio.Views.csproj]
C:\Program Files\dotnet\sdk\10.0.201\Microsoft.Common.CurrentVersion.targets(2451,5): warning MSB3277:             C:\Users\ultra\warewolf\Dev\Dev2.Studio.Interfaces\bin\Debug\net8.0\Dev2.Studio.Interfaces.dll [C:\Users\ultra\warewolf\Dev\Warewolf.Studio.Views\Warewolf.Studio.Views.csproj]
C:\Program Files\dotnet\sdk\10.0.201\Microsoft.Common.CurrentVersion.targets(2451,5): warning MSB3277:             C:\Users\ultra\warewolf\Dev\Warewolf.Studio.Core\bin\Debug\net8.0\Warewolf.Studio.Core.dll [C:\Users\ultra\warewolf\Dev\Warewolf.Studio.Views\Warewolf.Studio.Views.csproj]
C:\Program Files\dotnet\sdk\10.0.201\Microsoft.Common.CurrentVersion.targets(2451,5): warning MSB3277:             C:\Users\ultra\warewolf\Dev\Warewolf.Studio.CustomControls\bin\Debug\net8.0\Warewolf.Studio.CustomControls.dll [C:\Users\ultra\warewolf\Dev\Warewolf.Studio.Views\Warewolf.Studio.Views.csproj]
C:\Program Files\dotnet\sdk\10.0.201\Microsoft.Common.CurrentVersion.targets(2451,5): warning MSB3277:             C:\Users\ultra\warewolf\Dev\Warewolf.Studio.ViewModels\bin\Debug\net8.0\Warewolf.Studio.ViewModels.dll [C:\Users\ultra\warewolf\Dev\Warewolf.Studio.Views\Warewolf.Studio.Views.csproj]
C:\Program Files\dotnet\sdk\10.0.201\Microsoft.Common.CurrentVersion.targets(2451,5): warning MSB3277:             C:\Users\ultra\warewolf\Dev\Dev2.Services.Execution\bin\Debug\net8.0\Dev2.Services.Execution.dll [C:\Users\ultra\warewolf\Dev\Warewolf.Studio.Views\Warewolf.Studio.Views.csproj]
C:\Program Files\dotnet\sdk\10.0.201\Microsoft.Common.CurrentVersion.targets(2451,5): warning MSB3277:             C:\Users\ultra\warewolf\Dev\Warewolf.Driver.Persistence\bin\Debug\net8.0\Warewolf.Driver.Persistence.dll [C:\Users\ultra\warewolf\Dev\Warewolf.Studio.Views\Warewolf.Studio.Views.csproj]
C:\Program Files\dotnet\sdk\10.0.201\Microsoft.Common.CurrentVersion.targets(2451,5): warning MSB3277:             C:\Users\ultra\warewolf\Dev\Warewolf.Studio.Models\bin\Debug\net8.0\Warewolf.Studio.Models.dll [C:\Users\ultra\warewolf\Dev\Warewolf.Studio.Views\Warewolf.Studio.Views.csproj]
C:\Program Files\dotnet\sdk\10.0.201\Microsoft.Common.CurrentVersion.targets(2451,5): warning MSB3277:             C:\Users\ultra\.nuget\packages\corewcf.http\1.2.1\lib\netstandard2.0\CoreWCF.Http.dll [C:\Users\ultra\warewolf\Dev\Warewolf.Studio.Views\Warewolf.Studio.Views.csproj]
C:\Program Files\dotnet\sdk\10.0.201\Microsoft.Common.CurrentVersion.targets(2451,5): warning MSB3277:             C:\Users\ultra\.nuget\packages\corewcf.nettcp\1.2.1\lib\netstandard2.0\CoreWCF.NetTcp.dll [C:\Users\ultra\warewolf\Dev\Warewolf.Studio.Views\Warewolf.Studio.Views.csproj]
C:\Program Files\dotnet\sdk\10.0.201\Microsoft.Common.CurrentVersion.targets(2451,5): warning MSB3277:             C:\Users\ultra\.nuget\packages\corewcf.webhttp\1.2.1\lib\netstandard2.0\CoreWCF.WebHttp.dll [C:\Users\ultra\warewolf\Dev\Warewolf.Studio.Views\Warewolf.Studio.Views.csproj]
C:\Program Files\dotnet\sdk\10.0.201\Microsoft.Common.CurrentVersion.targets(2451,5): warning MSB3277:         C:\Program Files\dotnet\packs\Microsoft.NETCore.App.Ref\8.0.25\ref\net8.0\System.Configuration.dll [C:\Users\ultra\warewolf\Dev\Warewolf.Studio.Views\Warewolf.Studio.Views.csproj]
C:\Program Files\dotnet\sdk\10.0.201\Microsoft.Common.CurrentVersion.targets(2451,5): warning MSB3277:           Project file item includes which caused reference "C:\Program Files\dotnet\packs\Microsoft.NETCore.App.Ref\8.0.25\ref\net8.0\System.Configuration.dll". [C:\Users\ultra\warewolf\Dev\Warewolf.Studio.Views\Warewolf.Studio.Views.csproj]
C:\Program Files\dotnet\sdk\10.0.201\Microsoft.Common.CurrentVersion.targets(2451,5): warning MSB3277:             C:\Program Files\dotnet\packs\Microsoft.NETCore.App.Ref\8.0.25\ref/net8.0/System.Configuration.dll [C:\Users\ultra\warewolf\Dev\Warewolf.Studio.Views\Warewolf.Studio.Views.csproj]
C:\Program Files\dotnet\sdk\10.0.201\Microsoft.Common.CurrentVersion.targets(2451,5): warning MSB3277:             C:\Users\ultra\.nuget\packages\prism.wpf\9.0.537\lib\net462\Prism.Wpf.dll [C:\Users\ultra\warewolf\Dev\Warewolf.Studio.Views\Warewolf.Studio.Views.csproj]
C:\Program Files\dotnet\sdk\10.0.201\Microsoft.Common.CurrentVersion.targets(2451,5): warning MSB3277:         C:\Program Files\dotnet\packs\Microsoft.NETCore.App.Ref\8.0.25\ref\net8.0\System.Data.dll [C:\Users\ultra\warewolf\Dev\Warewolf.Studio.Views\Warewolf.Studio.Views.csproj]
C:\Program Files\dotnet\sdk\10.0.201\Microsoft.Common.CurrentVersion.targets(2451,5): warning MSB3277:           Project file item includes which caused reference "C:\Program Files\dotnet\packs\Microsoft.NETCore.App.Ref\8.0.25\ref\net8.0\System.Data.dll". [C:\Users\ultra\warewolf\Dev\Warewolf.Studio.Views\Warewolf.Studio.Views.csproj]
C:\Program Files\dotnet\sdk\10.0.201\Microsoft.Common.CurrentVersion.targets(2451,5): warning MSB3277:             C:\Program Files\dotnet\packs\Microsoft.NETCore.App.Ref\8.0.25\ref/net8.0/System.Data.dll [C:\Users\ultra\warewolf\Dev\Warewolf.Studio.Views\Warewolf.Studio.Views.csproj]
C:\Program Files\dotnet\sdk\10.0.201\Microsoft.Common.CurrentVersion.targets(2451,5): warning MSB3277:             C:\Users\ultra\.nuget\packages\taskschedulereditor\2.10.1\lib\net452\Microsoft.Win32.TaskSchedulerEditor.dll [C:\Users\ultra\warewolf\Dev\Warewolf.Studio.Views\Warewolf.Studio.Views.csproj]
C:\Program Files\dotnet\sdk\10.0.201\Microsoft.Common.CurrentVersion.targets(2451,5): warning MSB3277:         C:\Program Files\dotnet\packs\Microsoft.NETCore.App.Ref\8.0.25\ref\net8.0\System.Drawing.dll [C:\Users\ultra\warewolf\Dev\Warewolf.Studio.Views\Warewolf.Studio.Views.csproj]
C:\Program Files\dotnet\sdk\10.0.201\Microsoft.Common.CurrentVersion.targets(2451,5): warning MSB3277:           Project file item includes which caused reference "C:\Program Files\dotnet\packs\Microsoft.NETCore.App.Ref\8.0.25\ref\net8.0\System.Drawing.dll". [C:\Users\ultra\warewolf\Dev\Warewolf.Studio.Views\Warewolf.Studio.Views.csproj]
C:\Program Files\dotnet\sdk\10.0.201\Microsoft.Common.CurrentVersion.targets(2451,5): warning MSB3277:             C:\Program Files\dotnet\packs\Microsoft.NETCore.App.Ref\8.0.25\ref/net8.0/System.Drawing.dll [C:\Users\ultra\warewolf\Dev\Warewolf.Studio.Views\Warewolf.Studio.Views.csproj]
C:\Program Files\dotnet\sdk\10.0.201\Microsoft.Common.CurrentVersion.targets(2451,5): warning MSB3277:             C:\Users\ultra\.nuget\packages\aerowizard\2.3.1\lib\net45\AeroWizard.dll [C:\Users\ultra\warewolf\Dev\Warewolf.Studio.Views\Warewolf.Studio.Views.csproj]
C:\Program Files\dotnet\sdk\10.0.201\Microsoft.Common.CurrentVersion.targets(2451,5): warning MSB3277:             C:\Users\ultra\.nuget\packages\groupcontrols\1.9.0\lib\net45\GroupControls.dll [C:\Users\ultra\warewolf\Dev\Warewolf.Studio.Views\Warewolf.Studio.Views.csproj]
C:\Program Files\dotnet\sdk\10.0.201\Microsoft.Common.CurrentVersion.targets(2451,5): warning MSB3277:             C:\Users\ultra\.nuget\packages\taskschedulereditor\2.10.1\lib\net452\Microsoft.Win32.TaskSchedulerEditor.dll [C:\Users\ultra\warewolf\Dev\Warewolf.Studio.Views\Warewolf.Studio.Views.csproj]
C:\Program Files\dotnet\sdk\10.0.201\Microsoft.Common.CurrentVersion.targets(2451,5): warning MSB3277:         C:\Program Files\dotnet\packs\Microsoft.NETCore.App.Ref\8.0.25\ref\net8.0\System.Net.dll [C:\Users\ultra\warewolf\Dev\Warewolf.Studio.Views\Warewolf.Studio.Views.csproj]
C:\Program Files\dotnet\sdk\10.0.201\Microsoft.Common.CurrentVersion.targets(2451,5): warning MSB3277:           Project file item includes which caused reference "C:\Program Files\dotnet\packs\Microsoft.NETCore.App.Ref\8.0.25\ref\net8.0\System.Net.dll". [C:\Users\ultra\warewolf\Dev\Warewolf.Studio.Views\Warewolf.Studio.Views.csproj]
C:\Program Files\dotnet\sdk\10.0.201\Microsoft.Common.CurrentVersion.targets(2451,5): warning MSB3277:             C:\Program Files\dotnet\packs\Microsoft.NETCore.App.Ref\8.0.25\ref/net8.0/System.Net.dll [C:\Users\ultra\warewolf\Dev\Warewolf.Studio.Views\Warewolf.Studio.Views.csproj]
C:\Program Files\dotnet\sdk\10.0.201\Microsoft.Common.CurrentVersion.targets(2451,5): warning MSB3277:         C:\Program Files\dotnet\packs\Microsoft.NETCore.App.Ref\8.0.25\ref\net8.0\System.Security.dll [C:\Users\ultra\warewolf\Dev\Warewolf.Studio.Views\Warewolf.Studio.Views.csproj]
C:\Program Files\dotnet\sdk\10.0.201\Microsoft.Common.CurrentVersion.targets(2451,5): warning MSB3277:           Project file item includes which caused reference "C:\Program Files\dotnet\packs\Microsoft.NETCore.App.Ref\8.0.25\ref\net8.0\System.Security.dll". [C:\Users\ultra\warewolf\Dev\Warewolf.Studio.Views\Warewolf.Studio.Views.csproj]
C:\Program Files\dotnet\sdk\10.0.201\Microsoft.Common.CurrentVersion.targets(2451,5): warning MSB3277:             C:\Program Files\dotnet\packs\Microsoft.NETCore.App.Ref\8.0.25\ref/net8.0/System.Security.dll [C:\Users\ultra\warewolf\Dev\Warewolf.Studio.Views\Warewolf.Studio.Views.csproj]
C:\Program Files\dotnet\sdk\10.0.201\Microsoft.Common.CurrentVersion.targets(2451,5): warning MSB3277:         C:\Program Files\dotnet\packs\Microsoft.NETCore.App.Ref\8.0.25\ref\net8.0\System.ServiceProcess.dll [C:\Users\ultra\warewolf\Dev\Warewolf.Studio.Views\Warewolf.Studio.Views.csproj]
C:\Program Files\dotnet\sdk\10.0.201\Microsoft.Common.CurrentVersion.targets(2451,5): warning MSB3277:           Project file item includes which caused reference "C:\Program Files\dotnet\packs\Microsoft.NETCore.App.Ref\8.0.25\ref\net8.0\System.ServiceProcess.dll". [C:\Users\ultra\warewolf\Dev\Warewolf.Studio.Views\Warewolf.Studio.Views.csproj]
C:\Program Files\dotnet\sdk\10.0.201\Microsoft.Common.CurrentVersion.targets(2451,5): warning MSB3277:             C:\Program Files\dotnet\packs\Microsoft.NETCore.App.Ref\8.0.25\ref/net8.0/System.ServiceProcess.dll [C:\Users\ultra\warewolf\Dev\Warewolf.Studio.Views\Warewolf.Studio.Views.csproj]
C:\Program Files\dotnet\sdk\10.0.201\Microsoft.Common.CurrentVersion.targets(2451,5): warning MSB3277:         C:\Program Files\dotnet\packs\Microsoft.NETCore.App.Ref\8.0.25\ref\net8.0\System.Transactions.dll [C:\Users\ultra\warewolf\Dev\Warewolf.Studio.Views\Warewolf.Studio.Views.csproj]
C:\Program Files\dotnet\sdk\10.0.201\Microsoft.Common.CurrentVersion.targets(2451,5): warning MSB3277:           Project file item includes which caused reference "C:\Program Files\dotnet\packs\Microsoft.NETCore.App.Ref\8.0.25\ref\net8.0\System.Transactions.dll". [C:\Users\ultra\warewolf\Dev\Warewolf.Studio.Views\Warewolf.Studio.Views.csproj]
C:\Program Files\dotnet\sdk\10.0.201\Microsoft.Common.CurrentVersion.targets(2451,5): warning MSB3277:             C:\Program Files\dotnet\packs\Microsoft.NETCore.App.Ref\8.0.25\ref/net8.0/System.Transactions.dll [C:\Users\ultra\warewolf\Dev\Warewolf.Studio.Views\Warewolf.Studio.Views.csproj]
C:\Program Files\dotnet\sdk\10.0.201\Microsoft.Common.CurrentVersion.targets(2451,5): warning MSB3277:         C:\Program Files\dotnet\packs\Microsoft.NETCore.App.Ref\8.0.25\ref\net8.0\System.dll [C:\Users\ultra\warewolf\Dev\Warewolf.Studio.Views\Warewolf.Studio.Views.csproj]
C:\Program Files\dotnet\sdk\10.0.201\Microsoft.Common.CurrentVersion.targets(2451,5): warning MSB3277:           Project file item includes which caused reference "C:\Program Files\dotnet\packs\Microsoft.NETCore.App.Ref\8.0.25\ref\net8.0\System.dll". [C:\Users\ultra\warewolf\Dev\Warewolf.Studio.Views\Warewolf.Studio.Views.csproj]
C:\Program Files\dotnet\sdk\10.0.201\Microsoft.Common.CurrentVersion.targets(2451,5): warning MSB3277:             C:\Program Files\dotnet\packs\Microsoft.NETCore.App.Ref\8.0.25\ref/net8.0/System.dll [C:\Users\ultra\warewolf\Dev\Warewolf.Studio.Views\Warewolf.Studio.Views.csproj]
C:\Program Files\dotnet\sdk\10.0.201\Microsoft.Common.CurrentVersion.targets(2451,5): warning MSB3277:             C:\Users\ultra\.nuget\packages\aerowizard\2.3.1\lib\net45\AeroWizard.dll [C:\Users\ultra\warewolf\Dev\Warewolf.Studio.Views\Warewolf.Studio.Views.csproj]
C:\Program Files\dotnet\sdk\10.0.201\Microsoft.Common.CurrentVersion.targets(2451,5): warning MSB3277:             C:\Users\ultra\.nuget\packages\groupcontrols\1.9.0\lib\net45\GroupControls.dll [C:\Users\ultra\warewolf\Dev\Warewolf.Studio.Views\Warewolf.Studio.Views.csproj]
C:\Program Files\dotnet\sdk\10.0.201\Microsoft.Common.CurrentVersion.targets(2451,5): warning MSB3277:             C:\Users\ultra\.nuget\packages\microsoft.xaml.behaviors.wpf\1.1.122\lib\net462\Microsoft.Xaml.Behaviors.dll [C:\Users\ultra\warewolf\Dev\Warewolf.Studio.Views\Warewolf.Studio.Views.csproj]
C:\Program Files\dotnet\sdk\10.0.201\Microsoft.Common.CurrentVersion.targets(2451,5): warning MSB3277:             C:\Users\ultra\.nuget\packages\caliburn.micro\4.0.212\lib\netcoreapp3.1\Caliburn.Micro.Platform.dll [C:\Users\ultra\warewolf\Dev\Warewolf.Studio.Views\Warewolf.Studio.Views.csproj]
C:\Program Files\dotnet\sdk\10.0.201\Microsoft.Common.CurrentVersion.targets(2451,5): warning MSB3277:             C:\Users\ultra\.nuget\packages\prism.wpf\9.0.537\lib\net462\Prism.Wpf.dll [C:\Users\ultra\warewolf\Dev\Warewolf.Studio.Views\Warewolf.Studio.Views.csproj]
C:\Program Files\dotnet\sdk\10.0.201\Microsoft.Common.CurrentVersion.targets(2451,5): warning MSB3277:             C:\Users\ultra\.nuget\packages\reactiveui.wpf\18.4.1\lib\net462\ReactiveUI.Wpf.dll [C:\Users\ultra\warewolf\Dev\Warewolf.Studio.Views\Warewolf.Studio.Views.csproj]
C:\Program Files\dotnet\sdk\10.0.201\Microsoft.Common.CurrentVersion.targets(2451,5): warning MSB3277:             C:\Users\ultra\.nuget\packages\taskschedulereditor\2.10.1\lib\net452\Microsoft.Win32.TaskSchedulerEditor.dll [C:\Users\ultra\warewolf\Dev\Warewolf.Studio.Views\Warewolf.Studio.Views.csproj]
C:\Program Files\dotnet\sdk\10.0.201\Microsoft.Common.CurrentVersion.targets(2451,5): warning MSB3277:             C:\Users\ultra\.nuget\packages\ttcue.netcore.sharepointonline.csom.16.1.8029.1200\16.1.8029.1200\lib\netcoreapp2.0\Microsoft.SharePoint.Client.Runtime.Windows.dll [C:\Users\ultra\warewolf\Dev\Warewolf.Studio.Views\Warewolf.Studio.Views.csproj]
C:\Program Files\dotnet\sdk\10.0.201\Microsoft.Common.CurrentVersion.targets(2451,5): warning MSB3277:         C:\Program Files\dotnet\packs\Microsoft.NETCore.App.Ref\8.0.25\ref\net8.0\WindowsBase.dll [C:\Users\ultra\warewolf\Dev\Warewolf.Studio.Views\Warewolf.Studio.Views.csproj]
C:\Program Files\dotnet\sdk\10.0.201\Microsoft.Common.CurrentVersion.targets(2451,5): warning MSB3277:           Project file item includes which caused reference "C:\Program Files\dotnet\packs\Microsoft.NETCore.App.Ref\8.0.25\ref\net8.0\WindowsBase.dll". [C:\Users\ultra\warewolf\Dev\Warewolf.Studio.Views\Warewolf.Studio.Views.csproj]
C:\Program Files\dotnet\sdk\10.0.201\Microsoft.Common.CurrentVersion.targets(2451,5): warning MSB3277:             C:\Program Files\dotnet\packs\Microsoft.NETCore.App.Ref\8.0.25\ref/net8.0/WindowsBase.dll [C:\Users\ultra\warewolf\Dev\Warewolf.Studio.Views\Warewolf.Studio.Views.csproj]
C:\Program Files\dotnet\sdk\10.0.201\Microsoft.Common.CurrentVersion.targets(2451,5): warning MSB3277:         C:\Program Files\dotnet\packs\Microsoft.NETCore.App.Ref\8.0.25\ref\net8.0\mscorlib.dll [C:\Users\ultra\warewolf\Dev\Warewolf.Studio.Views\Warewolf.Studio.Views.csproj]
C:\Program Files\dotnet\sdk\10.0.201\Microsoft.Common.CurrentVersion.targets(2451,5): warning MSB3277:           Project file item includes which caused reference "C:\Program Files\dotnet\packs\Microsoft.NETCore.App.Ref\8.0.25\ref\net8.0\mscorlib.dll". [C:\Users\ultra\warewolf\Dev\Warewolf.Studio.Views\Warewolf.Studio.Views.csproj]
C:\Program Files\dotnet\sdk\10.0.201\Microsoft.Common.CurrentVersion.targets(2451,5): warning MSB3277:             C:\Program Files\dotnet\packs\Microsoft.NETCore.App.Ref\8.0.25\ref/net8.0/mscorlib.dll [C:\Users\ultra\warewolf\Dev\Warewolf.Studio.Views\Warewolf.Studio.Views.csproj]
C:\Program Files\dotnet\sdk\10.0.201\Microsoft.Common.CurrentVersion.targets(2451,5): warning MSB3277:             C:\Users\ultra\.nuget\packages\aerowizard\2.3.1\lib\net45\AeroWizard.dll [C:\Users\ultra\warewolf\Dev\Warewolf.Studio.Views\Warewolf.Studio.Views.csproj]
C:\Program Files\dotnet\sdk\10.0.201\Microsoft.Common.CurrentVersion.targets(2451,5): warning MSB3277:             C:\Users\ultra\.nuget\packages\groupcontrols\1.9.0\lib\net45\GroupControls.dll [C:\Users\ultra\warewolf\Dev\Warewolf.Studio.Views\Warewolf.Studio.Views.csproj]
C:\Program Files\dotnet\sdk\10.0.201\Microsoft.Common.CurrentVersion.targets(2451,5): warning MSB3277:             C:\Users\ultra\.nuget\packages\hangfire.core\1.7.32\lib\netstandard2.0\Hangfire.Core.dll [C:\Users\ultra\warewolf\Dev\Warewolf.Studio.Views\Warewolf.Studio.Views.csproj]
C:\Program Files\dotnet\sdk\10.0.201\Microsoft.Common.CurrentVersion.targets(2451,5): warning MSB3277:             C:\Users\ultra\warewolf\Dev\Dev2.Activities\bin\Debug\net8.0\Dev2.Activities.dll [C:\Users\ultra\warewolf\Dev\Warewolf.Studio.Views\Warewolf.Studio.Views.csproj]
C:\Program Files\dotnet\sdk\10.0.201\Microsoft.Common.CurrentVersion.targets(2451,5): warning MSB3277:             C:\Users\ultra\warewolf\Dev\Dev2.Studio.Core\bin\Debug\net8.0\Dev2.Studio.Core.dll [C:\Users\ultra\warewolf\Dev\Warewolf.Studio.Views\Warewolf.Studio.Views.csproj]
C:\Program Files\dotnet\sdk\10.0.201\Microsoft.Common.CurrentVersion.targets(2451,5): warning MSB3277:             C:\Users\ultra\warewolf\Dev\Dev2.Intellisense\bin\Debug\net8.0\Dev2.Intellisense.dll [C:\Users\ultra\warewolf\Dev\Warewolf.Studio.Views\Warewolf.Studio.Views.csproj]
C:\Program Files\dotnet\sdk\10.0.201\Microsoft.Common.CurrentVersion.targets(2451,5): warning MSB3277:             C:\Users\ultra\warewolf\Dev\Warewolf.Studio.ViewModels\bin\Debug\net8.0\Warewolf.Studio.ViewModels.dll [C:\Users\ultra\warewolf\Dev\Warewolf.Studio.Views\Warewolf.Studio.Views.csproj]
C:\Program Files\dotnet\sdk\10.0.201\Microsoft.Common.CurrentVersion.targets(2451,5): warning MSB3277:             C:\Users\ultra\warewolf\Dev\Warewolf.Driver.Persistence\bin\Debug\net8.0\Warewolf.Driver.Persistence.dll [C:\Users\ultra\warewolf\Dev\Warewolf.Studio.Views\Warewolf.Studio.Views.csproj]
C:\Program Files\dotnet\sdk\10.0.201\Microsoft.Common.CurrentVersion.targets(2451,5): warning MSB3277:             C:\Users\ultra\.nuget\packages\hangfire.sqlserver\1.7.32\lib\netstandard2.0\Hangfire.SqlServer.dll [C:\Users\ultra\warewolf\Dev\Warewolf.Studio.Views\Warewolf.Studio.Views.csproj]
C:\Program Files\dotnet\sdk\10.0.201\Microsoft.Common.CurrentVersion.targets(2451,5): warning MSB3277:             C:\Users\ultra\.nuget\packages\microsoft.xaml.behaviors.wpf\1.1.122\lib\net462\Microsoft.Xaml.Behaviors.dll [C:\Users\ultra\warewolf\Dev\Warewolf.Studio.Views\Warewolf.Studio.Views.csproj]
C:\Program Files\dotnet\sdk\10.0.201\Microsoft.Common.CurrentVersion.targets(2451,5): warning MSB3277:             C:\Users\ultra\.nuget\packages\caliburn.micro\4.0.212\lib\netcoreapp3.1\Caliburn.Micro.Platform.dll [C:\Users\ultra\warewolf\Dev\Warewolf.Studio.Views\Warewolf.Studio.Views.csproj]
C:\Program Files\dotnet\sdk\10.0.201\Microsoft.Common.CurrentVersion.targets(2451,5): warning MSB3277:             C:\Users\ultra\.nuget\packages\oracle.manageddataaccess.core\3.21.70\lib\netstandard2.1\Oracle.ManagedDataAccess.dll [C:\Users\ultra\warewolf\Dev\Warewolf.Studio.Views\Warewolf.Studio.Views.csproj]
C:\Program Files\dotnet\sdk\10.0.201\Microsoft.Common.CurrentVersion.targets(2451,5): warning MSB3277:             C:\Users\ultra\warewolf\Dev\Dev2.Runtime.Services\bin\Debug\net8.0\Dev2.Runtime.Services.dll [C:\Users\ultra\warewolf\Dev\Warewolf.Studio.Views\Warewolf.Studio.Views.csproj]
C:\Program Files\dotnet\sdk\10.0.201\Microsoft.Common.CurrentVersion.targets(2451,5): warning MSB3277:             C:\Users\ultra\warewolf\Dev\Dev2.Studio.Interfaces\bin\Debug\net8.0\Dev2.Studio.Interfaces.dll [C:\Users\ultra\warewolf\Dev\Warewolf.Studio.Views\Warewolf.Studio.Views.csproj]
C:\Program Files\dotnet\sdk\10.0.201\Microsoft.Common.CurrentVersion.targets(2451,5): warning MSB3277:             C:\Users\ultra\warewolf\Dev\Warewolf.Studio.Core\bin\Debug\net8.0\Warewolf.Studio.Core.dll [C:\Users\ultra\warewolf\Dev\Warewolf.Studio.Views\Warewolf.Studio.Views.csproj]
C:\Program Files\dotnet\sdk\10.0.201\Microsoft.Common.CurrentVersion.targets(2451,5): warning MSB3277:             C:\Users\ultra\warewolf\Dev\Warewolf.Studio.CustomControls\bin\Debug\net8.0\Warewolf.Studio.CustomControls.dll [C:\Users\ultra\warewolf\Dev\Warewolf.Studio.Views\Warewolf.Studio.Views.csproj]
C:\Program Files\dotnet\sdk\10.0.201\Microsoft.Common.CurrentVersion.targets(2451,5): warning MSB3277:             C:\Users\ultra\warewolf\Dev\Dev2.Services.Execution\bin\Debug\net8.0\Dev2.Services.Execution.dll [C:\Users\ultra\warewolf\Dev\Warewolf.Studio.Views\Warewolf.Studio.Views.csproj]
C:\Program Files\dotnet\sdk\10.0.201\Microsoft.Common.CurrentVersion.targets(2451,5): warning MSB3277:             C:\Users\ultra\warewolf\Dev\Dev2.Services.Sql\bin\Debug\net8.0\Dev2.Services.Sql.dll [C:\Users\ultra\warewolf\Dev\Warewolf.Studio.Views\Warewolf.Studio.Views.csproj]
C:\Program Files\dotnet\sdk\10.0.201\Microsoft.Common.CurrentVersion.targets(2451,5): warning MSB3277:             C:\Users\ultra\warewolf\Dev\Warewolf.Studio.Models\bin\Debug\net8.0\Warewolf.Studio.Models.dll [C:\Users\ultra\warewolf\Dev\Warewolf.Studio.Views\Warewolf.Studio.Views.csproj]
C:\Program Files\dotnet\sdk\10.0.201\Microsoft.Common.CurrentVersion.targets(2451,5): warning MSB3277:             C:\Users\ultra\.nuget\packages\prism.wpf\9.0.537\lib\net462\Prism.Wpf.dll [C:\Users\ultra\warewolf\Dev\Warewolf.Studio.Views\Warewolf.Studio.Views.csproj]
C:\Program Files\dotnet\sdk\10.0.201\Microsoft.Common.CurrentVersion.targets(2451,5): warning MSB3277:             C:\Users\ultra\.nuget\packages\reactiveui.wpf\18.4.1\lib\net462\ReactiveUI.Wpf.dll [C:\Users\ultra\warewolf\Dev\Warewolf.Studio.Views\Warewolf.Studio.Views.csproj]
C:\Program Files\dotnet\sdk\10.0.201\Microsoft.Common.CurrentVersion.targets(2451,5): warning MSB3277:             C:\Users\ultra\.nuget\packages\taskschedulereditor\2.10.1\lib\net452\Microsoft.Win32.TaskSchedulerEditor.dll [C:\Users\ultra\warewolf\Dev\Warewolf.Studio.Views\Warewolf.Studio.Views.csproj]
C:\Program Files\dotnet\sdk\10.0.201\Microsoft.Common.CurrentVersion.targets(2451,5): warning MSB3277:             C:\Users\ultra\.nuget\packages\ttcue.netcore.sharepointonline.csom.16.1.8029.1200\16.1.8029.1200\lib\netcoreapp2.0\Microsoft.SharePoint.Client.Runtime.Windows.dll [C:\Users\ultra\warewolf\Dev\Warewolf.Studio.Views\Warewolf.Studio.Views.csproj]
C:\Program Files\dotnet\sdk\10.0.201\Microsoft.Common.CurrentVersion.targets(2451,5): warning MSB3277:             C:\Users\ultra\.nuget\packages\unofficial.microsoft.mshtml\7.0.3300\lib\net40\Microsoft.mshtml.dll [C:\Users\ultra\warewolf\Dev\Warewolf.Studio.Views\Warewolf.Studio.Views.csproj]
C:\Program Files\dotnet\sdk\10.0.201\Microsoft.Common.CurrentVersion.targets(2451,5): warning MSB3277:         C:\Users\ultra\warewolf\Dev\Dev2.Development.Languages\bin\Debug\net8.0\IronRuby.dll [C:\Users\ultra\warewolf\Dev\Warewolf.Studio.Views\Warewolf.Studio.Views.csproj]
C:\Program Files\dotnet\sdk\10.0.201\Microsoft.Common.CurrentVersion.targets(2451,5): warning MSB3277:           Project file item includes which caused reference "C:\Users\ultra\warewolf\Dev\Dev2.Development.Languages\bin\Debug\net8.0\IronRuby.dll". [C:\Users\ultra\warewolf\Dev\Warewolf.Studio.Views\Warewolf.Studio.Views.csproj]
C:\Program Files\dotnet\sdk\10.0.201\Microsoft.Common.CurrentVersion.targets(2451,5): warning MSB3277:             C:\Users\ultra\warewolf\Dev\Dev2.Development.Languages\bin\Debug\net8.0\Dev2.Development.Languages.dll [C:\Users\ultra\warewolf\Dev\Warewolf.Studio.Views\Warewolf.Studio.Views.csproj]
C:\Program Files\dotnet\sdk\10.0.201\Microsoft.Common.CurrentVersion.targets(2451,5): warning MSB3277:             C:\Users\ultra\warewolf\Dev\Dev2.Activities\bin\Debug\net8.0\Dev2.Activities.dll [C:\Users\ultra\warewolf\Dev\Warewolf.Studio.Views\Warewolf.Studio.Views.csproj]
C:\Program Files\dotnet\sdk\10.0.201\Microsoft.Common.CurrentVersion.targets(2451,5): warning MSB3277:             C:\Users\ultra\warewolf\Dev\Dev2.Studio.Core\bin\Debug\net8.0\Dev2.Studio.Core.dll [C:\Users\ultra\warewolf\Dev\Warewolf.Studio.Views\Warewolf.Studio.Views.csproj]
C:\Program Files\dotnet\sdk\10.0.201\Microsoft.Common.CurrentVersion.targets(2451,5): warning MSB3277:             C:\Users\ultra\warewolf\Dev\Dev2.Intellisense\bin\Debug\net8.0\Dev2.Intellisense.dll [C:\Users\ultra\warewolf\Dev\Warewolf.Studio.Views\Warewolf.Studio.Views.csproj]
C:\Program Files\dotnet\sdk\10.0.201\Microsoft.Common.CurrentVersion.targets(2451,5): warning MSB3277:             C:\Users\ultra\warewolf\Dev\Warewolf.Studio.ViewModels\bin\Debug\net8.0\Warewolf.Studio.ViewModels.dll [C:\Users\ultra\warewolf\Dev\Warewolf.Studio.Views\Warewolf.Studio.Views.csproj]
C:\Program Files\dotnet\sdk\10.0.201\Microsoft.Common.CurrentVersion.targets(2451,5): warning MSB3277:         C:\Users\ultra\warewolf\Dev\Dev2.Development.Languages\bin\Debug\net8.0\IronRuby.Libraries.dll [C:\Users\ultra\warewolf\Dev\Warewolf.Studio.Views\Warewolf.Studio.Views.csproj]
C:\Program Files\dotnet\sdk\10.0.201\Microsoft.Common.CurrentVersion.targets(2451,5): warning MSB3277:           Project file item includes which caused reference "C:\Users\ultra\warewolf\Dev\Dev2.Development.Languages\bin\Debug\net8.0\IronRuby.Libraries.dll". [C:\Users\ultra\warewolf\Dev\Warewolf.Studio.Views\Warewolf.Studio.Views.csproj]
C:\Program Files\dotnet\sdk\10.0.201\Microsoft.Common.CurrentVersion.targets(2451,5): warning MSB3277:             C:\Users\ultra\warewolf\Dev\Dev2.Development.Languages\bin\Debug\net8.0\Dev2.Development.Languages.dll [C:\Users\ultra\warewolf\Dev\Warewolf.Studio.Views\Warewolf.Studio.Views.csproj]
C:\Program Files\dotnet\sdk\10.0.201\Microsoft.Common.CurrentVersion.targets(2451,5): warning MSB3277:             C:\Users\ultra\warewolf\Dev\Dev2.Activities\bin\Debug\net8.0\Dev2.Activities.dll [C:\Users\ultra\warewolf\Dev\Warewolf.Studio.Views\Warewolf.Studio.Views.csproj]
C:\Program Files\dotnet\sdk\10.0.201\Microsoft.Common.CurrentVersion.targets(2451,5): warning MSB3277:             C:\Users\ultra\warewolf\Dev\Dev2.Studio.Core\bin\Debug\net8.0\Dev2.Studio.Core.dll [C:\Users\ultra\warewolf\Dev\Warewolf.Studio.Views\Warewolf.Studio.Views.csproj]
C:\Program Files\dotnet\sdk\10.0.201\Microsoft.Common.CurrentVersion.targets(2451,5): warning MSB3277:             C:\Users\ultra\warewolf\Dev\Dev2.Intellisense\bin\Debug\net8.0\Dev2.Intellisense.dll [C:\Users\ultra\warewolf\Dev\Warewolf.Studio.Views\Warewolf.Studio.Views.csproj]
C:\Program Files\dotnet\sdk\10.0.201\Microsoft.Common.CurrentVersion.targets(2451,5): warning MSB3277:             C:\Users\ultra\warewolf\Dev\Warewolf.Studio.ViewModels\bin\Debug\net8.0\Warewolf.Studio.ViewModels.dll [C:\Users\ultra\warewolf\Dev\Warewolf.Studio.Views\Warewolf.Studio.Views.csproj]
C:\Program Files\dotnet\sdk\10.0.201\Microsoft.Common.CurrentVersion.targets(2451,5): warning MSB3277: Found conflicts between different versions of "WindowsBase" that could not be resolved. [C:\Users\ultra\warewolf\Dev\Warewolf.Studio.Views\Warewolf.Studio.Views.csproj]
C:\Program Files\dotnet\sdk\10.0.201\Microsoft.Common.CurrentVersion.targets(2451,5): warning MSB3277: There was a conflict between "WindowsBase, Version=4.0.0.0, Culture=neutral, PublicKeyToken=31bf3856ad364e35" and "WindowsBase, Version=6.0.2.0, Culture=neutral, PublicKeyToken=31bf3856ad364e35". [C:\Users\ultra\warewolf\Dev\Warewolf.Studio.Views\Warewolf.Studio.Views.csproj]
C:\Program Files\dotnet\sdk\10.0.201\Microsoft.Common.CurrentVersion.targets(2451,5): warning MSB3277:     "WindowsBase, Version=4.0.0.0, Culture=neutral, PublicKeyToken=31bf3856ad364e35" was chosen because it was primary and "WindowsBase, Version=6.0.2.0, Culture=neutral, PublicKeyToken=31bf3856ad364e35" was not. [C:\Users\ultra\warewolf\Dev\Warewolf.Studio.Views\Warewolf.Studio.Views.csproj]
C:\Program Files\dotnet\sdk\10.0.201\Microsoft.Common.CurrentVersion.targets(2451,5): warning MSB3277:     References which depend on "WindowsBase, Version=4.0.0.0, Culture=neutral, PublicKeyToken=31bf3856ad364e35" [C:\Program Files\dotnet\packs\Microsoft.NETCore.App.Ref\8.0.25\ref\net8.0\WindowsBase.dll]. [C:\Users\ultra\warewolf\Dev\Warewolf.Studio.Views\Warewolf.Studio.Views.csproj]
C:\Program Files\dotnet\sdk\10.0.201\Microsoft.Common.CurrentVersion.targets(2451,5): warning MSB3277:         C:\Program Files\dotnet\packs\Microsoft.NETCore.App.Ref\8.0.25\ref\net8.0\WindowsBase.dll [C:\Users\ultra\warewolf\Dev\Warewolf.Studio.Views\Warewolf.Studio.Views.csproj]
C:\Program Files\dotnet\sdk\10.0.201\Microsoft.Common.CurrentVersion.targets(2451,5): warning MSB3277:           Project file item includes which caused reference "C:\Program Files\dotnet\packs\Microsoft.NETCore.App.Ref\8.0.25\ref\net8.0\WindowsBase.dll". [C:\Users\ultra\warewolf\Dev\Warewolf.Studio.Views\Warewolf.Studio.Views.csproj]
C:\Program Files\dotnet\sdk\10.0.201\Microsoft.Common.CurrentVersion.targets(2451,5): warning MSB3277:             C:\Program Files\dotnet\packs\Microsoft.NETCore.App.Ref\8.0.25\ref/net8.0/WindowsBase.dll [C:\Users\ultra\warewolf\Dev\Warewolf.Studio.Views\Warewolf.Studio.Views.csproj]
C:\Program Files\dotnet\sdk\10.0.201\Microsoft.Common.CurrentVersion.targets(2451,5): warning MSB3277:     References which depend on or have been unified to "WindowsBase, Version=6.0.2.0, Culture=neutral, PublicKeyToken=31bf3856ad364e35" []. [C:\Users\ultra\warewolf\Dev\Warewolf.Studio.Views\Warewolf.Studio.Views.csproj]
C:\Program Files\dotnet\sdk\10.0.201\Microsoft.Common.CurrentVersion.targets(2451,5): warning MSB3277:         C:\Users\ultra\warewolf\Dev\Binaries\Infragistcs_Net6\InfragisticsWPF4.Controls.Editors.XamComboEditor.v15.1.dll [C:\Users\ultra\warewolf\Dev\Warewolf.Studio.Views\Warewolf.Studio.Views.csproj]
C:\Program Files\dotnet\sdk\10.0.201\Microsoft.Common.CurrentVersion.targets(2451,5): warning MSB3277:           Project file item includes which caused reference "C:\Users\ultra\warewolf\Dev\Binaries\Infragistcs_Net6\InfragisticsWPF4.Controls.Editors.XamComboEditor.v15.1.dll". [C:\Users\ultra\warewolf\Dev\Warewolf.Studio.Views\Warewolf.Studio.Views.csproj]
C:\Program Files\dotnet\sdk\10.0.201\Microsoft.Common.CurrentVersion.targets(2451,5): warning MSB3277:             InfragisticsWPF4.Controls.Editors.XamComboEditor.v15.1 [C:\Users\ultra\warewolf\Dev\Warewolf.Studio.Views\Warewolf.Studio.Views.csproj]
C:\Program Files\dotnet\sdk\10.0.201\Microsoft.Common.CurrentVersion.targets(2451,5): warning MSB3277:         C:\Users\ultra\warewolf\Dev\Binaries\Infragistcs_Net6\InfragisticsWPF4.Controls.Editors.XamRichTextEditor.v15.1.dll [C:\Users\ultra\warewolf\Dev\Warewolf.Studio.Views\Warewolf.Studio.Views.csproj]
C:\Program Files\dotnet\sdk\10.0.201\Microsoft.Common.CurrentVersion.targets(2451,5): warning MSB3277:           Project file item includes which caused reference "C:\Users\ultra\warewolf\Dev\Binaries\Infragistcs_Net6\InfragisticsWPF4.Controls.Editors.XamRichTextEditor.v15.1.dll". [C:\Users\ultra\warewolf\Dev\Warewolf.Studio.Views\Warewolf.Studio.Views.csproj]
C:\Program Files\dotnet\sdk\10.0.201\Microsoft.Common.CurrentVersion.targets(2451,5): warning MSB3277:             InfragisticsWPF4.Controls.Editors.XamRichTextEditor.v15.1 [C:\Users\ultra\warewolf\Dev\Warewolf.Studio.Views\Warewolf.Studio.Views.csproj]
C:\Program Files\dotnet\sdk\10.0.201\Microsoft.Common.CurrentVersion.targets(2451,5): warning MSB3277:         C:\Users\ultra\warewolf\Dev\Binaries\Infragistcs_Net6\InfragisticsWPF4.Controls.Grids.XamGrid.v15.1.dll [C:\Users\ultra\warewolf\Dev\Warewolf.Studio.Views\Warewolf.Studio.Views.csproj]
C:\Program Files\dotnet\sdk\10.0.201\Microsoft.Common.CurrentVersion.targets(2451,5): warning MSB3277:           Project file item includes which caused reference "C:\Users\ultra\warewolf\Dev\Binaries\Infragistcs_Net6\InfragisticsWPF4.Controls.Grids.XamGrid.v15.1.dll". [C:\Users\ultra\warewolf\Dev\Warewolf.Studio.Views\Warewolf.Studio.Views.csproj]
C:\Program Files\dotnet\sdk\10.0.201\Microsoft.Common.CurrentVersion.targets(2451,5): warning MSB3277:             InfragisticsWPF4.Controls.Grids.XamGrid.v15.1 [C:\Users\ultra\warewolf\Dev\Warewolf.Studio.Views\Warewolf.Studio.Views.csproj]
C:\Program Files\dotnet\sdk\10.0.201\Microsoft.Common.CurrentVersion.targets(2451,5): warning MSB3277:         C:\Users\ultra\warewolf\Dev\Binaries\Infragistcs_Net6\InfragisticsWPF4.Controls.Interactions.XamDialogWindow.v15.1.dll [C:\Users\ultra\warewolf\Dev\Warewolf.Studio.Views\Warewolf.Studio.Views.csproj]
C:\Program Files\dotnet\sdk\10.0.201\Microsoft.Common.CurrentVersion.targets(2451,5): warning MSB3277:           Project file item includes which caused reference "C:\Users\ultra\warewolf\Dev\Binaries\Infragistcs_Net6\InfragisticsWPF4.Controls.Interactions.XamDialogWindow.v15.1.dll". [C:\Users\ultra\warewolf\Dev\Warewolf.Studio.Views\Warewolf.Studio.Views.csproj]
C:\Program Files\dotnet\sdk\10.0.201\Microsoft.Common.CurrentVersion.targets(2451,5): warning MSB3277:             InfragisticsWPF4.Controls.Interactions.XamDialogWindow.v15.1 [C:\Users\ultra\warewolf\Dev\Warewolf.Studio.Views\Warewolf.Studio.Views.csproj]
C:\Program Files\dotnet\sdk\10.0.201\Microsoft.Common.CurrentVersion.targets(2451,5): warning MSB3277:         C:\Users\ultra\warewolf\Dev\Binaries\Infragistcs_Net6\InfragisticsWPF4.Controls.Menus.XamDataTree.v15.1.dll [C:\Users\ultra\warewolf\Dev\Warewolf.Studio.Views\Warewolf.Studio.Views.csproj]
C:\Program Files\dotnet\sdk\10.0.201\Microsoft.Common.CurrentVersion.targets(2451,5): warning MSB3277:           Project file item includes which caused reference "C:\Users\ultra\warewolf\Dev\Binaries\Infragistcs_Net6\InfragisticsWPF4.Controls.Menus.XamDataTree.v15.1.dll". [C:\Users\ultra\warewolf\Dev\Warewolf.Studio.Views\Warewolf.Studio.Views.csproj]
C:\Program Files\dotnet\sdk\10.0.201\Microsoft.Common.CurrentVersion.targets(2451,5): warning MSB3277:             InfragisticsWPF4.Controls.Menus.XamDataTree.v15.1 [C:\Users\ultra\warewolf\Dev\Warewolf.Studio.Views\Warewolf.Studio.Views.csproj]
C:\Program Files\dotnet\sdk\10.0.201\Microsoft.Common.CurrentVersion.targets(2451,5): warning MSB3277:         C:\Users\ultra\warewolf\Dev\Binaries\Infragistcs_Net6\InfragisticsWPF4.Controls.Menus.XamMenu.v15.1.dll [C:\Users\ultra\warewolf\Dev\Warewolf.Studio.Views\Warewolf.Studio.Views.csproj]
C:\Program Files\dotnet\sdk\10.0.201\Microsoft.Common.CurrentVersion.targets(2451,5): warning MSB3277:           Project file item includes which caused reference "C:\Users\ultra\warewolf\Dev\Binaries\Infragistcs_Net6\InfragisticsWPF4.Controls.Menus.XamMenu.v15.1.dll". [C:\Users\ultra\warewolf\Dev\Warewolf.Studio.Views\Warewolf.Studio.Views.csproj]
C:\Program Files\dotnet\sdk\10.0.201\Microsoft.Common.CurrentVersion.targets(2451,5): warning MSB3277:             InfragisticsWPF4.Controls.Menus.XamMenu.v15.1 [C:\Users\ultra\warewolf\Dev\Warewolf.Studio.Views\Warewolf.Studio.Views.csproj]
C:\Program Files\dotnet\sdk\10.0.201\Microsoft.Common.CurrentVersion.targets(2451,5): warning MSB3277:             InfragisticsWPF4.Controls.Editors.XamRichTextEditor.v15.1 [C:\Users\ultra\warewolf\Dev\Warewolf.Studio.Views\Warewolf.Studio.Views.csproj]
C:\Program Files\dotnet\sdk\10.0.201\Microsoft.Common.CurrentVersion.targets(2451,5): warning MSB3277:             InfragisticsWPF4.Controls.Grids.XamGrid.v15.1 [C:\Users\ultra\warewolf\Dev\Warewolf.Studio.Views\Warewolf.Studio.Views.csproj]
C:\Program Files\dotnet\sdk\10.0.201\Microsoft.Common.CurrentVersion.targets(2451,5): warning MSB3277:         C:\Users\ultra\warewolf\Dev\Binaries\Infragistcs_Net6\InfragisticsWPF4.DataManager.v15.1.dll [C:\Users\ultra\warewolf\Dev\Warewolf.Studio.Views\Warewolf.Studio.Views.csproj]
C:\Program Files\dotnet\sdk\10.0.201\Microsoft.Common.CurrentVersion.targets(2451,5): warning MSB3277:           Project file item includes which caused reference "C:\Users\ultra\warewolf\Dev\Binaries\Infragistcs_Net6\InfragisticsWPF4.DataManager.v15.1.dll". [C:\Users\ultra\warewolf\Dev\Warewolf.Studio.Views\Warewolf.Studio.Views.csproj]
C:\Program Files\dotnet\sdk\10.0.201\Microsoft.Common.CurrentVersion.targets(2451,5): warning MSB3277:             InfragisticsWPF4.DataManager.v15.1 [C:\Users\ultra\warewolf\Dev\Warewolf.Studio.Views\Warewolf.Studio.Views.csproj]
C:\Program Files\dotnet\sdk\10.0.201\Microsoft.Common.CurrentVersion.targets(2451,5): warning MSB3277:             InfragisticsWPF4.Controls.Editors.XamComboEditor.v15.1 [C:\Users\ultra\warewolf\Dev\Warewolf.Studio.Views\Warewolf.Studio.Views.csproj]
C:\Program Files\dotnet\sdk\10.0.201\Microsoft.Common.CurrentVersion.targets(2451,5): warning MSB3277:             InfragisticsWPF4.Controls.Grids.XamGrid.v15.1 [C:\Users\ultra\warewolf\Dev\Warewolf.Studio.Views\Warewolf.Studio.Views.csproj]
C:\Program Files\dotnet\sdk\10.0.201\Microsoft.Common.CurrentVersion.targets(2451,5): warning MSB3277:             InfragisticsWPF4.Controls.Menus.XamDataTree.v15.1 [C:\Users\ultra\warewolf\Dev\Warewolf.Studio.Views\Warewolf.Studio.Views.csproj]
C:\Program Files\dotnet\sdk\10.0.201\Microsoft.Common.CurrentVersion.targets(2451,5): warning MSB3277:         C:\Users\ultra\warewolf\Dev\Binaries\Infragistcs_Net6\InfragisticsWPF4.DockManager.v15.1.dll [C:\Users\ultra\warewolf\Dev\Warewolf.Studio.Views\Warewolf.Studio.Views.csproj]
C:\Program Files\dotnet\sdk\10.0.201\Microsoft.Common.CurrentVersion.targets(2451,5): warning MSB3277:           Project file item includes which caused reference "C:\Users\ultra\warewolf\Dev\Binaries\Infragistcs_Net6\InfragisticsWPF4.DockManager.v15.1.dll". [C:\Users\ultra\warewolf\Dev\Warewolf.Studio.Views\Warewolf.Studio.Views.csproj]
C:\Program Files\dotnet\sdk\10.0.201\Microsoft.Common.CurrentVersion.targets(2451,5): warning MSB3277:             InfragisticsWPF4.DockManager.v15.1 [C:\Users\ultra\warewolf\Dev\Warewolf.Studio.Views\Warewolf.Studio.Views.csproj]
C:\Program Files\dotnet\sdk\10.0.201\Microsoft.Common.CurrentVersion.targets(2451,5): warning MSB3277:         C:\Users\ultra\warewolf\Dev\Binaries\Infragistcs_Net6\InfragisticsWPF4.Documents.RichTextDocument.Html.v15.1.dll [C:\Users\ultra\warewolf\Dev\Warewolf.Studio.Views\Warewolf.Studio.Views.csproj]
C:\Program Files\dotnet\sdk\10.0.201\Microsoft.Common.CurrentVersion.targets(2451,5): warning MSB3277:           Project file item includes which caused reference "C:\Users\ultra\warewolf\Dev\Binaries\Infragistcs_Net6\InfragisticsWPF4.Documents.RichTextDocument.Html.v15.1.dll". [C:\Users\ultra\warewolf\Dev\Warewolf.Studio.Views\Warewolf.Studio.Views.csproj]
C:\Program Files\dotnet\sdk\10.0.201\Microsoft.Common.CurrentVersion.targets(2451,5): warning MSB3277:             InfragisticsWPF4.Documents.RichTextDocument.Html.v15.1 [C:\Users\ultra\warewolf\Dev\Warewolf.Studio.Views\Warewolf.Studio.Views.csproj]
C:\Program Files\dotnet\sdk\10.0.201\Microsoft.Common.CurrentVersion.targets(2451,5): warning MSB3277:         C:\Users\ultra\warewolf\Dev\Binaries\Infragistcs_Net6\InfragisticsWPF4.Documents.RichTextDocument.v15.1.dll [C:\Users\ultra\warewolf\Dev\Warewolf.Studio.Views\Warewolf.Studio.Views.csproj]
C:\Program Files\dotnet\sdk\10.0.201\Microsoft.Common.CurrentVersion.targets(2451,5): warning MSB3277:           Project file item includes which caused reference "C:\Users\ultra\warewolf\Dev\Binaries\Infragistcs_Net6\InfragisticsWPF4.Documents.RichTextDocument.v15.1.dll". [C:\Users\ultra\warewolf\Dev\Warewolf.Studio.Views\Warewolf.Studio.Views.csproj]
C:\Program Files\dotnet\sdk\10.0.201\Microsoft.Common.CurrentVersion.targets(2451,5): warning MSB3277:             InfragisticsWPF4.Documents.RichTextDocument.v15.1 [C:\Users\ultra\warewolf\Dev\Warewolf.Studio.Views\Warewolf.Studio.Views.csproj]
C:\Program Files\dotnet\sdk\10.0.201\Microsoft.Common.CurrentVersion.targets(2451,5): warning MSB3277:             InfragisticsWPF4.Controls.Editors.XamRichTextEditor.v15.1 [C:\Users\ultra\warewolf\Dev\Warewolf.Studio.Views\Warewolf.Studio.Views.csproj]
C:\Program Files\dotnet\sdk\10.0.201\Microsoft.Common.CurrentVersion.targets(2451,5): warning MSB3277:             InfragisticsWPF4.Documents.RichTextDocument.Html.v15.1 [C:\Users\ultra\warewolf\Dev\Warewolf.Studio.Views\Warewolf.Studio.Views.csproj]
C:\Program Files\dotnet\sdk\10.0.201\Microsoft.Common.CurrentVersion.targets(2451,5): warning MSB3277:         C:\Users\ultra\warewolf\Dev\Binaries\Infragistcs_Net6\InfragisticsWPF4.DragDrop.v15.1.dll [C:\Users\ultra\warewolf\Dev\Warewolf.Studio.Views\Warewolf.Studio.Views.csproj]
C:\Program Files\dotnet\sdk\10.0.201\Microsoft.Common.CurrentVersion.targets(2451,5): warning MSB3277:           Project file item includes which caused reference "C:\Users\ultra\warewolf\Dev\Binaries\Infragistcs_Net6\InfragisticsWPF4.DragDrop.v15.1.dll". [C:\Users\ultra\warewolf\Dev\Warewolf.Studio.Views\Warewolf.Studio.Views.csproj]
C:\Program Files\dotnet\sdk\10.0.201\Microsoft.Common.CurrentVersion.targets(2451,5): warning MSB3277:             InfragisticsWPF4.DragDrop.v15.1 [C:\Users\ultra\warewolf\Dev\Warewolf.Studio.Views\Warewolf.Studio.Views.csproj]
C:\Program Files\dotnet\sdk\10.0.201\Microsoft.Common.CurrentVersion.targets(2451,5): warning MSB3277:             InfragisticsWPF4.Controls.Menus.XamDataTree.v15.1 [C:\Users\ultra\warewolf\Dev\Warewolf.Studio.Views\Warewolf.Studio.Views.csproj]
C:\Program Files\dotnet\sdk\10.0.201\Microsoft.Common.CurrentVersion.targets(2451,5): warning MSB3277:         C:\Users\ultra\warewolf\Dev\Binaries\Infragistcs_Net6\InfragisticsWPF4.Editors.v15.1.dll [C:\Users\ultra\warewolf\Dev\Warewolf.Studio.Views\Warewolf.Studio.Views.csproj]
C:\Program Files\dotnet\sdk\10.0.201\Microsoft.Common.CurrentVersion.targets(2451,5): warning MSB3277:           Project file item includes which caused reference "C:\Users\ultra\warewolf\Dev\Binaries\Infragistcs_Net6\InfragisticsWPF4.Editors.v15.1.dll". [C:\Users\ultra\warewolf\Dev\Warewolf.Studio.Views\Warewolf.Studio.Views.csproj]
C:\Program Files\dotnet\sdk\10.0.201\Microsoft.Common.CurrentVersion.targets(2451,5): warning MSB3277:             InfragisticsWPF4.Editors.v15.1 [C:\Users\ultra\warewolf\Dev\Warewolf.Studio.Views\Warewolf.Studio.Views.csproj]
C:\Program Files\dotnet\sdk\10.0.201\Microsoft.Common.CurrentVersion.targets(2451,5): warning MSB3277:         C:\Users\ultra\warewolf\Dev\Binaries\Infragistcs_Net6\InfragisticsWPF4.v15.1.dll [C:\Users\ultra\warewolf\Dev\Warewolf.Studio.Views\Warewolf.Studio.Views.csproj]
C:\Program Files\dotnet\sdk\10.0.201\Microsoft.Common.CurrentVersion.targets(2451,5): warning MSB3277:           Project file item includes which caused reference "C:\Users\ultra\warewolf\Dev\Binaries\Infragistcs_Net6\InfragisticsWPF4.v15.1.dll". [C:\Users\ultra\warewolf\Dev\Warewolf.Studio.Views\Warewolf.Studio.Views.csproj]
C:\Program Files\dotnet\sdk\10.0.201\Microsoft.Common.CurrentVersion.targets(2451,5): warning MSB3277:             InfragisticsWPF4.v15.1 [C:\Users\ultra\warewolf\Dev\Warewolf.Studio.Views\Warewolf.Studio.Views.csproj]
C:\Program Files\dotnet\sdk\10.0.201\Microsoft.Common.CurrentVersion.targets(2451,5): warning MSB3277:             InfragisticsWPF4.Controls.Editors.XamComboEditor.v15.1 [C:\Users\ultra\warewolf\Dev\Warewolf.Studio.Views\Warewolf.Studio.Views.csproj]
C:\Program Files\dotnet\sdk\10.0.201\Microsoft.Common.CurrentVersion.targets(2451,5): warning MSB3277:             InfragisticsWPF4.Controls.Editors.XamRichTextEditor.v15.1 [C:\Users\ultra\warewolf\Dev\Warewolf.Studio.Views\Warewolf.Studio.Views.csproj]
C:\Program Files\dotnet\sdk\10.0.201\Microsoft.Common.CurrentVersion.targets(2451,5): warning MSB3277:             InfragisticsWPF4.Controls.Grids.XamGrid.v15.1 [C:\Users\ultra\warewolf\Dev\Warewolf.Studio.Views\Warewolf.Studio.Views.csproj]
C:\Program Files\dotnet\sdk\10.0.201\Microsoft.Common.CurrentVersion.targets(2451,5): warning MSB3277:             InfragisticsWPF4.Controls.Interactions.XamDialogWindow.v15.1 [C:\Users\ultra\warewolf\Dev\Warewolf.Studio.Views\Warewolf.Studio.Views.csproj]
C:\Program Files\dotnet\sdk\10.0.201\Microsoft.Common.CurrentVersion.targets(2451,5): warning MSB3277:             InfragisticsWPF4.Controls.Menus.XamDataTree.v15.1 [C:\Users\ultra\warewolf\Dev\Warewolf.Studio.Views\Warewolf.Studio.Views.csproj]
C:\Program Files\dotnet\sdk\10.0.201\Microsoft.Common.CurrentVersion.targets(2451,5): warning MSB3277:             InfragisticsWPF4.Controls.Menus.XamMenu.v15.1 [C:\Users\ultra\warewolf\Dev\Warewolf.Studio.Views\Warewolf.Studio.Views.csproj]
C:\Program Files\dotnet\sdk\10.0.201\Microsoft.Common.CurrentVersion.targets(2451,5): warning MSB3277:             InfragisticsWPF4.DataManager.v15.1 [C:\Users\ultra\warewolf\Dev\Warewolf.Studio.Views\Warewolf.Studio.Views.csproj]
C:\Program Files\dotnet\sdk\10.0.201\Microsoft.Common.CurrentVersion.targets(2451,5): warning MSB3277:             InfragisticsWPF4.DockManager.v15.1 [C:\Users\ultra\warewolf\Dev\Warewolf.Studio.Views\Warewolf.Studio.Views.csproj]
C:\Program Files\dotnet\sdk\10.0.201\Microsoft.Common.CurrentVersion.targets(2451,5): warning MSB3277:             InfragisticsWPF4.Documents.RichTextDocument.Html.v15.1 [C:\Users\ultra\warewolf\Dev\Warewolf.Studio.Views\Warewolf.Studio.Views.csproj]
C:\Program Files\dotnet\sdk\10.0.201\Microsoft.Common.CurrentVersion.targets(2451,5): warning MSB3277:             InfragisticsWPF4.Documents.RichTextDocument.v15.1 [C:\Users\ultra\warewolf\Dev\Warewolf.Studio.Views\Warewolf.Studio.Views.csproj]
C:\Program Files\dotnet\sdk\10.0.201\Microsoft.Common.CurrentVersion.targets(2451,5): warning MSB3277:             InfragisticsWPF4.Editors.v15.1 [C:\Users\ultra\warewolf\Dev\Warewolf.Studio.Views\Warewolf.Studio.Views.csproj]
C:\Program Files\dotnet\sdk\10.0.201\Microsoft.Common.CurrentVersion.targets(2451,5): warning MSB3277:         C:\Users\ultra\.nuget\packages\caliburn.micro\4.0.212\lib\netcoreapp3.1\Caliburn.Micro.Platform.dll [C:\Users\ultra\warewolf\Dev\Warewolf.Studio.Views\Warewolf.Studio.Views.csproj]
C:\Program Files\dotnet\sdk\10.0.201\Microsoft.Common.CurrentVersion.targets(2451,5): warning MSB3277:           Project file item includes which caused reference "C:\Users\ultra\.nuget\packages\caliburn.micro\4.0.212\lib\netcoreapp3.1\Caliburn.Micro.Platform.dll". [C:\Users\ultra\warewolf\Dev\Warewolf.Studio.Views\Warewolf.Studio.Views.csproj]
C:\Program Files\dotnet\sdk\10.0.201\Microsoft.Common.CurrentVersion.targets(2451,5): warning MSB3277:             C:\Users\ultra\.nuget\packages\caliburn.micro\4.0.212\lib\netcoreapp3.1\Caliburn.Micro.Platform.dll [C:\Users\ultra\warewolf\Dev\Warewolf.Studio.Views\Warewolf.Studio.Views.csproj]
C:\Program Files\dotnet\sdk\10.0.201\Microsoft.Common.CurrentVersion.targets(2451,5): warning MSB3277:         C:\Users\ultra\.nuget\packages\extended.wpf.toolkit\4.4.0\lib\net5.0\Xceed.Wpf.AvalonDock.NET5.dll [C:\Users\ultra\warewolf\Dev\Warewolf.Studio.Views\Warewolf.Studio.Views.csproj]
C:\Program Files\dotnet\sdk\10.0.201\Microsoft.Common.CurrentVersion.targets(2451,5): warning MSB3277:           Project file item includes which caused reference "C:\Users\ultra\.nuget\packages\extended.wpf.toolkit\4.4.0\lib\net5.0\Xceed.Wpf.AvalonDock.NET5.dll". [C:\Users\ultra\warewolf\Dev\Warewolf.Studio.Views\Warewolf.Studio.Views.csproj]
C:\Program Files\dotnet\sdk\10.0.201\Microsoft.Common.CurrentVersion.targets(2451,5): warning MSB3277:             C:\Users\ultra\.nuget\packages\extended.wpf.toolkit\4.4.0\lib\net5.0\Xceed.Wpf.AvalonDock.NET5.dll [C:\Users\ultra\warewolf\Dev\Warewolf.Studio.Views\Warewolf.Studio.Views.csproj]
C:\Program Files\dotnet\sdk\10.0.201\Microsoft.Common.CurrentVersion.targets(2451,5): warning MSB3277:             C:\Users\ultra\.nuget\packages\extended.wpf.toolkit\4.4.0\lib\net5.0\Xceed.Wpf.AvalonDock.Themes.Aero.NET5.dll [C:\Users\ultra\warewolf\Dev\Warewolf.Studio.Views\Warewolf.Studio.Views.csproj]
C:\Program Files\dotnet\sdk\10.0.201\Microsoft.Common.CurrentVersion.targets(2451,5): warning MSB3277:             C:\Users\ultra\.nuget\packages\extended.wpf.toolkit\4.4.0\lib\net5.0\Xceed.Wpf.AvalonDock.Themes.Metro.NET5.dll [C:\Users\ultra\warewolf\Dev\Warewolf.Studio.Views\Warewolf.Studio.Views.csproj]
C:\Program Files\dotnet\sdk\10.0.201\Microsoft.Common.CurrentVersion.targets(2451,5): warning MSB3277:             C:\Users\ultra\.nuget\packages\extended.wpf.toolkit\4.4.0\lib\net5.0\Xceed.Wpf.AvalonDock.Themes.VS2010.NET5.dll [C:\Users\ultra\warewolf\Dev\Warewolf.Studio.Views\Warewolf.Studio.Views.csproj]
C:\Program Files\dotnet\sdk\10.0.201\Microsoft.Common.CurrentVersion.targets(2451,5): warning MSB3277:         C:\Users\ultra\.nuget\packages\extended.wpf.toolkit\4.4.0\lib\net5.0\Xceed.Wpf.AvalonDock.Themes.Aero.NET5.dll [C:\Users\ultra\warewolf\Dev\Warewolf.Studio.Views\Warewolf.Studio.Views.csproj]
C:\Program Files\dotnet\sdk\10.0.201\Microsoft.Common.CurrentVersion.targets(2451,5): warning MSB3277:           Project file item includes which caused reference "C:\Users\ultra\.nuget\packages\extended.wpf.toolkit\4.4.0\lib\net5.0\Xceed.Wpf.AvalonDock.Themes.Aero.NET5.dll". [C:\Users\ultra\warewolf\Dev\Warewolf.Studio.Views\Warewolf.Studio.Views.csproj]
C:\Program Files\dotnet\sdk\10.0.201\Microsoft.Common.CurrentVersion.targets(2451,5): warning MSB3277:             C:\Users\ultra\.nuget\packages\extended.wpf.toolkit\4.4.0\lib\net5.0\Xceed.Wpf.AvalonDock.Themes.Aero.NET5.dll [C:\Users\ultra\warewolf\Dev\Warewolf.Studio.Views\Warewolf.Studio.Views.csproj]
C:\Program Files\dotnet\sdk\10.0.201\Microsoft.Common.CurrentVersion.targets(2451,5): warning MSB3277:         C:\Users\ultra\.nuget\packages\extended.wpf.toolkit\4.4.0\lib\net5.0\Xceed.Wpf.Toolkit.NET5.dll [C:\Users\ultra\warewolf\Dev\Warewolf.Studio.Views\Warewolf.Studio.Views.csproj]
C:\Program Files\dotnet\sdk\10.0.201\Microsoft.Common.CurrentVersion.targets(2451,5): warning MSB3277:           Project file item includes which caused reference "C:\Users\ultra\.nuget\packages\extended.wpf.toolkit\4.4.0\lib\net5.0\Xceed.Wpf.Toolkit.NET5.dll". [C:\Users\ultra\warewolf\Dev\Warewolf.Studio.Views\Warewolf.Studio.Views.csproj]
C:\Program Files\dotnet\sdk\10.0.201\Microsoft.Common.CurrentVersion.targets(2451,5): warning MSB3277:             C:\Users\ultra\.nuget\packages\extended.wpf.toolkit\4.4.0\lib\net5.0\Xceed.Wpf.Toolkit.NET5.dll [C:\Users\ultra\warewolf\Dev\Warewolf.Studio.Views\Warewolf.Studio.Views.csproj]
C:\Program Files\dotnet\sdk\10.0.201\Microsoft.Common.CurrentVersion.targets(2451,5): warning MSB3277:         C:\Users\ultra\.nuget\packages\ironpython\3.4.0\lib\net6.0\IronPython.Wpf.dll [C:\Users\ultra\warewolf\Dev\Warewolf.Studio.Views\Warewolf.Studio.Views.csproj]
C:\Program Files\dotnet\sdk\10.0.201\Microsoft.Common.CurrentVersion.targets(2451,5): warning MSB3277:           Project file item includes which caused reference "C:\Users\ultra\.nuget\packages\ironpython\3.4.0\lib\net6.0\IronPython.Wpf.dll". [C:\Users\ultra\warewolf\Dev\Warewolf.Studio.Views\Warewolf.Studio.Views.csproj]
C:\Program Files\dotnet\sdk\10.0.201\Microsoft.Common.CurrentVersion.targets(2451,5): warning MSB3277:             C:\Users\ultra\.nuget\packages\ironpython\3.4.0\lib\net6.0\IronPython.Wpf.dll [C:\Users\ultra\warewolf\Dev\Warewolf.Studio.Views\Warewolf.Studio.Views.csproj]
C:\Program Files\dotnet\sdk\10.0.201\Microsoft.Common.CurrentVersion.targets(2451,5): warning MSB3277:         C:\Users\ultra\.nuget\packages\microsoft.xaml.behaviors.wpf\1.1.122\lib\net462\Microsoft.Xaml.Behaviors.dll [C:\Users\ultra\warewolf\Dev\Warewolf.Studio.Views\Warewolf.Studio.Views.csproj]
C:\Program Files\dotnet\sdk\10.0.201\Microsoft.Common.CurrentVersion.targets(2451,5): warning MSB3277:           Project file item includes which caused reference "C:\Users\ultra\.nuget\packages\microsoft.xaml.behaviors.wpf\1.1.122\lib\net462\Microsoft.Xaml.Behaviors.dll". [C:\Users\ultra\warewolf\Dev\Warewolf.Studio.Views\Warewolf.Studio.Views.csproj]
C:\Program Files\dotnet\sdk\10.0.201\Microsoft.Common.CurrentVersion.targets(2451,5): warning MSB3277:             C:\Users\ultra\.nuget\packages\microsoft.xaml.behaviors.wpf\1.1.122\lib\net462\Microsoft.Xaml.Behaviors.dll [C:\Users\ultra\warewolf\Dev\Warewolf.Studio.Views\Warewolf.Studio.Views.csproj]
C:\Program Files\dotnet\sdk\10.0.201\Microsoft.Common.CurrentVersion.targets(2451,5): warning MSB3277:             C:\Users\ultra\.nuget\packages\caliburn.micro\4.0.212\lib\netcoreapp3.1\Caliburn.Micro.Platform.dll [C:\Users\ultra\warewolf\Dev\Warewolf.Studio.Views\Warewolf.Studio.Views.csproj]
C:\Program Files\dotnet\sdk\10.0.201\Microsoft.Common.CurrentVersion.targets(2451,5): warning MSB3277:             C:\Users\ultra\.nuget\packages\prism.wpf\9.0.537\lib\net462\Prism.Wpf.dll [C:\Users\ultra\warewolf\Dev\Warewolf.Studio.Views\Warewolf.Studio.Views.csproj]
C:\Program Files\dotnet\sdk\10.0.201\Microsoft.Common.CurrentVersion.targets(2451,5): warning MSB3277:         C:\Users\ultra\.nuget\packages\prism.wpf\9.0.537\lib\net462\Prism.Wpf.dll [C:\Users\ultra\warewolf\Dev\Warewolf.Studio.Views\Warewolf.Studio.Views.csproj]
C:\Program Files\dotnet\sdk\10.0.201\Microsoft.Common.CurrentVersion.targets(2451,5): warning MSB3277:           Project file item includes which caused reference "C:\Users\ultra\.nuget\packages\prism.wpf\9.0.537\lib\net462\Prism.Wpf.dll". [C:\Users\ultra\warewolf\Dev\Warewolf.Studio.Views\Warewolf.Studio.Views.csproj]
C:\Program Files\dotnet\sdk\10.0.201\Microsoft.Common.CurrentVersion.targets(2451,5): warning MSB3277:             C:\Users\ultra\.nuget\packages\prism.wpf\9.0.537\lib\net462\Prism.Wpf.dll [C:\Users\ultra\warewolf\Dev\Warewolf.Studio.Views\Warewolf.Studio.Views.csproj]
C:\Program Files\dotnet\sdk\10.0.201\Microsoft.Common.CurrentVersion.targets(2451,5): warning MSB3277:         C:\Users\ultra\.nuget\packages\reactiveui.wpf\18.4.1\lib\net462\ReactiveUI.Wpf.dll [C:\Users\ultra\warewolf\Dev\Warewolf.Studio.Views\Warewolf.Studio.Views.csproj]
C:\Program Files\dotnet\sdk\10.0.201\Microsoft.Common.CurrentVersion.targets(2451,5): warning MSB3277:           Project file item includes which caused reference "C:\Users\ultra\.nuget\packages\reactiveui.wpf\18.4.1\lib\net462\ReactiveUI.Wpf.dll". [C:\Users\ultra\warewolf\Dev\Warewolf.Studio.Views\Warewolf.Studio.Views.csproj]
C:\Program Files\dotnet\sdk\10.0.201\Microsoft.Common.CurrentVersion.targets(2451,5): warning MSB3277:             C:\Users\ultra\.nuget\packages\reactiveui.wpf\18.4.1\lib\net462\ReactiveUI.Wpf.dll [C:\Users\ultra\warewolf\Dev\Warewolf.Studio.Views\Warewolf.Studio.Views.csproj]
C:\Program Files\dotnet\sdk\10.0.201\Microsoft.Common.CurrentVersion.targets(2451,5): warning MSB3277:         C:\Users\ultra\warewolf\Dev\Binaries\Infragistcs_Net6\InfragisticsWPF4.Undo.v15.1.dll [C:\Users\ultra\warewolf\Dev\Warewolf.Studio.Views\Warewolf.Studio.Views.csproj]
C:\Program Files\dotnet\sdk\10.0.201\Microsoft.Common.CurrentVersion.targets(2451,5): warning MSB3277:           Project file item includes which caused reference "C:\Users\ultra\warewolf\Dev\Binaries\Infragistcs_Net6\InfragisticsWPF4.Undo.v15.1.dll". [C:\Users\ultra\warewolf\Dev\Warewolf.Studio.Views\Warewolf.Studio.Views.csproj]
C:\Program Files\dotnet\sdk\10.0.201\Microsoft.Common.CurrentVersion.targets(2451,5): warning MSB3277:             InfragisticsWPF4.Controls.Editors.XamRichTextEditor.v15.1 [C:\Users\ultra\warewolf\Dev\Warewolf.Studio.Views\Warewolf.Studio.Views.csproj]
C:\Program Files\dotnet\sdk\10.0.201\Microsoft.Common.CurrentVersion.targets(2451,5): warning MSB3277:             InfragisticsWPF4.Documents.RichTextDocument.v15.1 [C:\Users\ultra\warewolf\Dev\Warewolf.Studio.Views\Warewolf.Studio.Views.csproj]
C:\Program Files\dotnet\sdk\10.0.201\Microsoft.Common.CurrentVersion.targets(2451,5): warning MSB3277:             InfragisticsWPF4.Documents.RichTextDocument.Html.v15.1 [C:\Users\ultra\warewolf\Dev\Warewolf.Studio.Views\Warewolf.Studio.Views.csproj]
C:\Program Files\dotnet\sdk\10.0.201\Microsoft.Common.CurrentVersion.targets(2451,5): warning MSB3277: Found conflicts between different versions of "System.IO.Packaging" that could not be resolved. [C:\Users\ultra\warewolf\Dev\Warewolf.Studio.Views\Warewolf.Studio.Views.csproj]
C:\Program Files\dotnet\sdk\10.0.201\Microsoft.Common.CurrentVersion.targets(2451,5): warning MSB3277: There was a conflict between "System.IO.Packaging, Version=6.0.0.0, Culture=neutral, PublicKeyToken=b03f5f7f11d50a3a" and "System.IO.Packaging, Version=7.0.0.0, Culture=neutral, PublicKeyToken=b03f5f7f11d50a3a". [C:\Users\ultra\warewolf\Dev\Warewolf.Studio.Views\Warewolf.Studio.Views.csproj]
C:\Program Files\dotnet\sdk\10.0.201\Microsoft.Common.CurrentVersion.targets(2451,5): warning MSB3277:     "System.IO.Packaging, Version=6.0.0.0, Culture=neutral, PublicKeyToken=b03f5f7f11d50a3a" was chosen because it was primary and "System.IO.Packaging, Version=7.0.0.0, Culture=neutral, PublicKeyToken=b03f5f7f11d50a3a" was not. [C:\Users\ultra\warewolf\Dev\Warewolf.Studio.Views\Warewolf.Studio.Views.csproj]
C:\Program Files\dotnet\sdk\10.0.201\Microsoft.Common.CurrentVersion.targets(2451,5): warning MSB3277:     References which depend on "System.IO.Packaging, Version=6.0.0.0, Culture=neutral, PublicKeyToken=b03f5f7f11d50a3a" [C:\Users\ultra\.nuget\packages\system.io.packaging\6.0.0\lib\net6.0\System.IO.Packaging.dll]. [C:\Users\ultra\warewolf\Dev\Warewolf.Studio.Views\Warewolf.Studio.Views.csproj]
C:\Program Files\dotnet\sdk\10.0.201\Microsoft.Common.CurrentVersion.targets(2451,5): warning MSB3277:         C:\Users\ultra\.nuget\packages\system.io.packaging\6.0.0\lib\net6.0\System.IO.Packaging.dll [C:\Users\ultra\warewolf\Dev\Warewolf.Studio.Views\Warewolf.Studio.Views.csproj]
C:\Program Files\dotnet\sdk\10.0.201\Microsoft.Common.CurrentVersion.targets(2451,5): warning MSB3277:           Project file item includes which caused reference "C:\Users\ultra\.nuget\packages\system.io.packaging\6.0.0\lib\net6.0\System.IO.Packaging.dll". [C:\Users\ultra\warewolf\Dev\Warewolf.Studio.Views\Warewolf.Studio.Views.csproj]
C:\Program Files\dotnet\sdk\10.0.201\Microsoft.Common.CurrentVersion.targets(2451,5): warning MSB3277:             C:\Users\ultra\.nuget\packages\system.io.packaging\6.0.0\lib\net6.0\System.IO.Packaging.dll [C:\Users\ultra\warewolf\Dev\Warewolf.Studio.Views\Warewolf.Studio.Views.csproj]
C:\Program Files\dotnet\sdk\10.0.201\Microsoft.Common.CurrentVersion.targets(2451,5): warning MSB3277:     References which depend on or have been unified to "System.IO.Packaging, Version=7.0.0.0, Culture=neutral, PublicKeyToken=b03f5f7f11d50a3a" []. [C:\Users\ultra\warewolf\Dev\Warewolf.Studio.Views\Warewolf.Studio.Views.csproj]
C:\Program Files\dotnet\sdk\10.0.201\Microsoft.Common.CurrentVersion.targets(2451,5): warning MSB3277:         C:\Users\ultra\warewolf\Dev\Binaries\Infragistcs_Net6\InfragisticsWPF4.Documents.RichTextDocument.v15.1.dll [C:\Users\ultra\warewolf\Dev\Warewolf.Studio.Views\Warewolf.Studio.Views.csproj]
C:\Program Files\dotnet\sdk\10.0.201\Microsoft.Common.CurrentVersion.targets(2451,5): warning MSB3277:           Project file item includes which caused reference "C:\Users\ultra\warewolf\Dev\Binaries\Infragistcs_Net6\InfragisticsWPF4.Documents.RichTextDocument.v15.1.dll". [C:\Users\ultra\warewolf\Dev\Warewolf.Studio.Views\Warewolf.Studio.Views.csproj]
C:\Program Files\dotnet\sdk\10.0.201\Microsoft.Common.CurrentVersion.targets(2451,5): warning MSB3277:             InfragisticsWPF4.Documents.RichTextDocument.v15.1 [C:\Users\ultra\warewolf\Dev\Warewolf.Studio.Views\Warewolf.Studio.Views.csproj]
C:\Program Files\dotnet\sdk\10.0.201\Microsoft.Common.CurrentVersion.targets(2451,5): warning MSB3277:             InfragisticsWPF4.Controls.Editors.XamRichTextEditor.v15.1 [C:\Users\ultra\warewolf\Dev\Warewolf.Studio.Views\Warewolf.Studio.Views.csproj]
C:\Program Files\dotnet\sdk\10.0.201\Microsoft.Common.CurrentVersion.targets(2451,5): warning MSB3277:             InfragisticsWPF4.Documents.RichTextDocument.Html.v15.1 [C:\Users\ultra\warewolf\Dev\Warewolf.Studio.Views\Warewolf.Studio.Views.csproj]
C:\Program Files\dotnet\sdk\10.0.201\Microsoft.Common.CurrentVersion.targets(2451,5): warning MSB3277:         C:\Program Files\dotnet\packs\Microsoft.NETCore.App.Ref\8.0.25\ref\net8.0\WindowsBase.dll [C:\Users\ultra\warewolf\Dev\Warewolf.Studio.Views\Warewolf.Studio.Views.csproj]
C:\Program Files\dotnet\sdk\10.0.201\Microsoft.Common.CurrentVersion.targets(2451,5): warning MSB3277:           Project file item includes which caused reference "C:\Program Files\dotnet\packs\Microsoft.NETCore.App.Ref\8.0.25\ref\net8.0\WindowsBase.dll". [C:\Users\ultra\warewolf\Dev\Warewolf.Studio.Views\Warewolf.Studio.Views.csproj]
C:\Program Files\dotnet\sdk\10.0.201\Microsoft.Common.CurrentVersion.targets(2451,5): warning MSB3277:             C:\Program Files\dotnet\packs\Microsoft.NETCore.App.Ref\8.0.25\ref/net8.0/WindowsBase.dll [C:\Users\ultra\warewolf\Dev\Warewolf.Studio.Views\Warewolf.Studio.Views.csproj]
C:\Program Files\dotnet\sdk\10.0.201\Microsoft.Common.CurrentVersion.targets(2451,5): warning MSB3277:         C:\Users\ultra\warewolf\Dev\Binaries\Infragistcs_Net6\InfragisticsWPF4.Documents.Core.v15.1.dll [C:\Users\ultra\warewolf\Dev\Warewolf.Studio.Views\Warewolf.Studio.Views.csproj]
C:\Program Files\dotnet\sdk\10.0.201\Microsoft.Common.CurrentVersion.targets(2451,5): warning MSB3277:           Project file item includes which caused reference "C:\Users\ultra\warewolf\Dev\Binaries\Infragistcs_Net6\InfragisticsWPF4.Documents.Core.v15.1.dll". [C:\Users\ultra\warewolf\Dev\Warewolf.Studio.Views\Warewolf.Studio.Views.csproj]
C:\Program Files\dotnet\sdk\10.0.201\Microsoft.Common.CurrentVersion.targets(2451,5): warning MSB3277:             InfragisticsWPF4.Documents.RichTextDocument.Html.v15.1 [C:\Users\ultra\warewolf\Dev\Warewolf.Studio.Views\Warewolf.Studio.Views.csproj]
C:\Program Files\dotnet\sdk\10.0.201\Microsoft.Common.CurrentVersion.targets(2451,5): warning MSB3277: Found conflicts between different versions of "System.Windows.Extensions" that could not be resolved. [C:\Users\ultra\warewolf\Dev\Warewolf.Studio.Views\Warewolf.Studio.Views.csproj]
C:\Program Files\dotnet\sdk\10.0.201\Microsoft.Common.CurrentVersion.targets(2451,5): warning MSB3277: There was a conflict between "System.Windows.Extensions, Version=6.0.0.0, Culture=neutral, PublicKeyToken=cc7b13ffcd2ddd51" and "System.Windows.Extensions, Version=7.0.0.0, Culture=neutral, PublicKeyToken=cc7b13ffcd2ddd51". [C:\Users\ultra\warewolf\Dev\Warewolf.Studio.Views\Warewolf.Studio.Views.csproj]
C:\Program Files\dotnet\sdk\10.0.201\Microsoft.Common.CurrentVersion.targets(2451,5): warning MSB3277:     "System.Windows.Extensions, Version=6.0.0.0, Culture=neutral, PublicKeyToken=cc7b13ffcd2ddd51" was chosen because it was primary and "System.Windows.Extensions, Version=7.0.0.0, Culture=neutral, PublicKeyToken=cc7b13ffcd2ddd51" was not. [C:\Users\ultra\warewolf\Dev\Warewolf.Studio.Views\Warewolf.Studio.Views.csproj]
C:\Program Files\dotnet\sdk\10.0.201\Microsoft.Common.CurrentVersion.targets(2451,5): warning MSB3277:     References which depend on "System.Windows.Extensions, Version=6.0.0.0, Culture=neutral, PublicKeyToken=cc7b13ffcd2ddd51" [C:\Users\ultra\.nuget\packages\system.windows.extensions\6.0.0\lib\net6.0\System.Windows.Extensions.dll]. [C:\Users\ultra\warewolf\Dev\Warewolf.Studio.Views\Warewolf.Studio.Views.csproj]
C:\Program Files\dotnet\sdk\10.0.201\Microsoft.Common.CurrentVersion.targets(2451,5): warning MSB3277:         C:\Users\ultra\.nuget\packages\system.windows.extensions\6.0.0\lib\net6.0\System.Windows.Extensions.dll [C:\Users\ultra\warewolf\Dev\Warewolf.Studio.Views\Warewolf.Studio.Views.csproj]
C:\Program Files\dotnet\sdk\10.0.201\Microsoft.Common.CurrentVersion.targets(2451,5): warning MSB3277:           Project file item includes which caused reference "C:\Users\ultra\.nuget\packages\system.windows.extensions\6.0.0\lib\net6.0\System.Windows.Extensions.dll". [C:\Users\ultra\warewolf\Dev\Warewolf.Studio.Views\Warewolf.Studio.Views.csproj]
C:\Program Files\dotnet\sdk\10.0.201\Microsoft.Common.CurrentVersion.targets(2451,5): warning MSB3277:             C:\Users\ultra\.nuget\packages\system.windows.extensions\6.0.0\lib\net6.0\System.Windows.Extensions.dll [C:\Users\ultra\warewolf\Dev\Warewolf.Studio.Views\Warewolf.Studio.Views.csproj]
C:\Program Files\dotnet\sdk\10.0.201\Microsoft.Common.CurrentVersion.targets(2451,5): warning MSB3277:     References which depend on or have been unified to "System.Windows.Extensions, Version=7.0.0.0, Culture=neutral, PublicKeyToken=cc7b13ffcd2ddd51" []. [C:\Users\ultra\warewolf\Dev\Warewolf.Studio.Views\Warewolf.Studio.Views.csproj]
C:\Program Files\dotnet\sdk\10.0.201\Microsoft.Common.CurrentVersion.targets(2451,5): warning MSB3277:         C:\Users\ultra\warewolf\Dev\Binaries\Infragistcs_Net6\InfragisticsWPF4.Editors.v15.1.dll [C:\Users\ultra\warewolf\Dev\Warewolf.Studio.Views\Warewolf.Studio.Views.csproj]
C:\Program Files\dotnet\sdk\10.0.201\Microsoft.Common.CurrentVersion.targets(2451,5): warning MSB3277:           Project file item includes which caused reference "C:\Users\ultra\warewolf\Dev\Binaries\Infragistcs_Net6\InfragisticsWPF4.Editors.v15.1.dll". [C:\Users\ultra\warewolf\Dev\Warewolf.Studio.Views\Warewolf.Studio.Views.csproj]
C:\Program Files\dotnet\sdk\10.0.201\Microsoft.Common.CurrentVersion.targets(2451,5): warning MSB3277:             InfragisticsWPF4.Editors.v15.1 [C:\Users\ultra\warewolf\Dev\Warewolf.Studio.Views\Warewolf.Studio.Views.csproj]
C:\Program Files\dotnet\sdk\10.0.201\Microsoft.Common.CurrentVersion.targets(2451,5): warning MSB3277:         C:\Users\ultra\.nuget\packages\extended.wpf.toolkit\4.4.0\lib\net5.0\Xceed.Wpf.Toolkit.NET5.dll [C:\Users\ultra\warewolf\Dev\Warewolf.Studio.Views\Warewolf.Studio.Views.csproj]
C:\Program Files\dotnet\sdk\10.0.201\Microsoft.Common.CurrentVersion.targets(2451,5): warning MSB3277:           Project file item includes which caused reference "C:\Users\ultra\.nuget\packages\extended.wpf.toolkit\4.4.0\lib\net5.0\Xceed.Wpf.Toolkit.NET5.dll". [C:\Users\ultra\warewolf\Dev\Warewolf.Studio.Views\Warewolf.Studio.Views.csproj]
C:\Program Files\dotnet\sdk\10.0.201\Microsoft.Common.CurrentVersion.targets(2451,5): warning MSB3277:             C:\Users\ultra\.nuget\packages\extended.wpf.toolkit\4.4.0\lib\net5.0\Xceed.Wpf.Toolkit.NET5.dll [C:\Users\ultra\warewolf\Dev\Warewolf.Studio.Views\Warewolf.Studio.Views.csproj]
C:\Program Files\dotnet\sdk\10.0.201\Microsoft.Common.CurrentVersion.targets(2451,5): warning MSB3277:         C:\Users\ultra\.nuget\packages\system.security.permissions\6.0.0\lib\net6.0\System.Security.Permissions.dll [C:\Users\ultra\warewolf\Dev\Warewolf.Studio.Views\Warewolf.Studio.Views.csproj]
C:\Program Files\dotnet\sdk\10.0.201\Microsoft.Common.CurrentVersion.targets(2451,5): warning MSB3277:           Project file item includes which caused reference "C:\Users\ultra\.nuget\packages\system.security.permissions\6.0.0\lib\net6.0\System.Security.Permissions.dll". [C:\Users\ultra\warewolf\Dev\Warewolf.Studio.Views\Warewolf.Studio.Views.csproj]
C:\Program Files\dotnet\sdk\10.0.201\Microsoft.Common.CurrentVersion.targets(2451,5): warning MSB3277:             C:\Users\ultra\.nuget\packages\system.security.permissions\6.0.0\lib\net6.0\System.Security.Permissions.dll [C:\Users\ultra\warewolf\Dev\Warewolf.Studio.Views\Warewolf.Studio.Views.csproj]
C:\Program Files\dotnet\sdk\10.0.201\Microsoft.Common.CurrentVersion.targets(2451,5): warning MSB3277:         C:\Program Files\dotnet\packs\Microsoft.NETCore.App.Ref\8.0.25\ref\net8.0\System.Security.dll [C:\Users\ultra\warewolf\Dev\Warewolf.Studio.Views\Warewolf.Studio.Views.csproj]
C:\Program Files\dotnet\sdk\10.0.201\Microsoft.Common.CurrentVersion.targets(2451,5): warning MSB3277:           Project file item includes which caused reference "C:\Program Files\dotnet\packs\Microsoft.NETCore.App.Ref\8.0.25\ref\net8.0\System.Security.dll". [C:\Users\ultra\warewolf\Dev\Warewolf.Studio.Views\Warewolf.Studio.Views.csproj]
C:\Program Files\dotnet\sdk\10.0.201\Microsoft.Common.CurrentVersion.targets(2451,5): warning MSB3277:             C:\Program Files\dotnet\packs\Microsoft.NETCore.App.Ref\8.0.25\ref/net8.0/System.Security.dll [C:\Users\ultra\warewolf\Dev\Warewolf.Studio.Views\Warewolf.Studio.Views.csproj]
C:\Program Files\dotnet\sdk\10.0.201\Microsoft.Common.CurrentVersion.targets(2451,5): warning MSB3277:         C:\Program Files\dotnet\packs\Microsoft.NETCore.App.Ref\8.0.25\ref\net8.0\System.dll [C:\Users\ultra\warewolf\Dev\Warewolf.Studio.Views\Warewolf.Studio.Views.csproj]
C:\Program Files\dotnet\sdk\10.0.201\Microsoft.Common.CurrentVersion.targets(2451,5): warning MSB3277:           Project file item includes which caused reference "C:\Program Files\dotnet\packs\Microsoft.NETCore.App.Ref\8.0.25\ref\net8.0\System.dll". [C:\Users\ultra\warewolf\Dev\Warewolf.Studio.Views\Warewolf.Studio.Views.csproj]
C:\Program Files\dotnet\sdk\10.0.201\Microsoft.Common.CurrentVersion.targets(2451,5): warning MSB3277:             C:\Program Files\dotnet\packs\Microsoft.NETCore.App.Ref\8.0.25\ref/net8.0/System.dll [C:\Users\ultra\warewolf\Dev\Warewolf.Studio.Views\Warewolf.Studio.Views.csproj]
C:\Program Files\dotnet\sdk\10.0.201\Microsoft.Common.CurrentVersion.targets(2451,5): warning MSB3277:             C:\Users\ultra\.nuget\packages\aerowizard\2.3.1\lib\net45\AeroWizard.dll [C:\Users\ultra\warewolf\Dev\Warewolf.Studio.Views\Warewolf.Studio.Views.csproj]
C:\Program Files\dotnet\sdk\10.0.201\Microsoft.Common.CurrentVersion.targets(2451,5): warning MSB3277:             C:\Users\ultra\.nuget\packages\groupcontrols\1.9.0\lib\net45\GroupControls.dll [C:\Users\ultra\warewolf\Dev\Warewolf.Studio.Views\Warewolf.Studio.Views.csproj]
C:\Program Files\dotnet\sdk\10.0.201\Microsoft.Common.CurrentVersion.targets(2451,5): warning MSB3277:             C:\Users\ultra\.nuget\packages\microsoft.xaml.behaviors.wpf\1.1.122\lib\net462\Microsoft.Xaml.Behaviors.dll [C:\Users\ultra\warewolf\Dev\Warewolf.Studio.Views\Warewolf.Studio.Views.csproj]
C:\Program Files\dotnet\sdk\10.0.201\Microsoft.Common.CurrentVersion.targets(2451,5): warning MSB3277:             C:\Users\ultra\.nuget\packages\caliburn.micro\4.0.212\lib\netcoreapp3.1\Caliburn.Micro.Platform.dll [C:\Users\ultra\warewolf\Dev\Warewolf.Studio.Views\Warewolf.Studio.Views.csproj]
C:\Program Files\dotnet\sdk\10.0.201\Microsoft.Common.CurrentVersion.targets(2451,5): warning MSB3277:             C:\Users\ultra\.nuget\packages\prism.wpf\9.0.537\lib\net462\Prism.Wpf.dll [C:\Users\ultra\warewolf\Dev\Warewolf.Studio.Views\Warewolf.Studio.Views.csproj]
C:\Program Files\dotnet\sdk\10.0.201\Microsoft.Common.CurrentVersion.targets(2451,5): warning MSB3277:             C:\Users\ultra\.nuget\packages\reactiveui.wpf\18.4.1\lib\net462\ReactiveUI.Wpf.dll [C:\Users\ultra\warewolf\Dev\Warewolf.Studio.Views\Warewolf.Studio.Views.csproj]
C:\Program Files\dotnet\sdk\10.0.201\Microsoft.Common.CurrentVersion.targets(2451,5): warning MSB3277:             C:\Users\ultra\.nuget\packages\taskschedulereditor\2.10.1\lib\net452\Microsoft.Win32.TaskSchedulerEditor.dll [C:\Users\ultra\warewolf\Dev\Warewolf.Studio.Views\Warewolf.Studio.Views.csproj]
C:\Program Files\dotnet\sdk\10.0.201\Microsoft.Common.CurrentVersion.targets(2451,5): warning MSB3277:             C:\Users\ultra\.nuget\packages\ttcue.netcore.sharepointonline.csom.16.1.8029.1200\16.1.8029.1200\lib\netcoreapp2.0\Microsoft.SharePoint.Client.Runtime.Windows.dll [C:\Users\ultra\warewolf\Dev\Warewolf.Studio.Views\Warewolf.Studio.Views.csproj]
  Consider app.config remapping of assembly "System.Data.SQLite, Culture=neutral, PublicKeyToken=db937bc2d44ff139" from Version "1.0.117.0" [] to Version "1.0.118.0" [C:\Users\ultra\.nuget\packages\stub.system.data.sqlite.core.netstandard\1.0.118\lib\netstandard2.1\System.Data.SQLite.dll] to solve conflict and get rid of warning.
C:\Program Files\dotnet\sdk\10.0.201\Microsoft.CSharp.CurrentVersion.targets(130,9): warning MSB3884: Could not find rule set file "..\.sonarlint\warewolf_dotnet_frameworkcsharp.ruleset". [C:\Users\ultra\warewolf\Dev\Warewolf.Studio.Views\Warewolf.Studio.Views.csproj]
  Warewolf.Studio.Views -> C:\Users\ultra\warewolf\Dev\Warewolf.Studio.Views\bin\Debug\net8.0\Warewolf.Studio.Views.dll
  Warewolf.Studio.Views -> C:\Users\ultra\warewolf\Bin\ServerTests-Windows\
C:\Program Files\dotnet\sdk\10.0.201\Microsoft.Common.CurrentVersion.targets(2451,5): warning MSB3277: Found conflicts between different versions of "Microsoft.Win32.SystemEvents" that could not be resolved. [C:\Users\ultra\warewolf\Dev\Dev2.Studio\Dev2.Studio.csproj]
C:\Program Files\dotnet\sdk\10.0.201\Microsoft.Common.CurrentVersion.targets(2451,5): warning MSB3277: There was a conflict between "Microsoft.Win32.SystemEvents, Version=6.0.0.0, Culture=neutral, PublicKeyToken=cc7b13ffcd2ddd51" and "Microsoft.Win32.SystemEvents, Version=7.0.0.0, Culture=neutral, PublicKeyToken=cc7b13ffcd2ddd51". [C:\Users\ultra\warewolf\Dev\Dev2.Studio\Dev2.Studio.csproj]
C:\Program Files\dotnet\sdk\10.0.201\Microsoft.Common.CurrentVersion.targets(2451,5): warning MSB3277:     "Microsoft.Win32.SystemEvents, Version=6.0.0.0, Culture=neutral, PublicKeyToken=cc7b13ffcd2ddd51" was chosen because it was primary and "Microsoft.Win32.SystemEvents, Version=7.0.0.0, Culture=neutral, PublicKeyToken=cc7b13ffcd2ddd51" was not. [C:\Users\ultra\warewolf\Dev\Dev2.Studio\Dev2.Studio.csproj]
C:\Program Files\dotnet\sdk\10.0.201\Microsoft.Common.CurrentVersion.targets(2451,5): warning MSB3277:     References which depend on "Microsoft.Win32.SystemEvents, Version=6.0.0.0, Culture=neutral, PublicKeyToken=cc7b13ffcd2ddd51" [C:\Users\ultra\.nuget\packages\microsoft.win32.systemevents\6.0.0\lib\net6.0\Microsoft.Win32.SystemEvents.dll]. [C:\Users\ultra\warewolf\Dev\Dev2.Studio\Dev2.Studio.csproj]
C:\Program Files\dotnet\sdk\10.0.201\Microsoft.Common.CurrentVersion.targets(2451,5): warning MSB3277:         C:\Users\ultra\.nuget\packages\microsoft.win32.systemevents\6.0.0\lib\net6.0\Microsoft.Win32.SystemEvents.dll [C:\Users\ultra\warewolf\Dev\Dev2.Studio\Dev2.Studio.csproj]
C:\Program Files\dotnet\sdk\10.0.201\Microsoft.Common.CurrentVersion.targets(2451,5): warning MSB3277:           Project file item includes which caused reference "C:\Users\ultra\.nuget\packages\microsoft.win32.systemevents\6.0.0\lib\net6.0\Microsoft.Win32.SystemEvents.dll". [C:\Users\ultra\warewolf\Dev\Dev2.Studio\Dev2.Studio.csproj]
C:\Program Files\dotnet\sdk\10.0.201\Microsoft.Common.CurrentVersion.targets(2451,5): warning MSB3277:             C:\Users\ultra\.nuget\packages\microsoft.win32.systemevents\6.0.0\lib\net6.0\Microsoft.Win32.SystemEvents.dll [C:\Users\ultra\warewolf\Dev\Dev2.Studio\Dev2.Studio.csproj]
C:\Program Files\dotnet\sdk\10.0.201\Microsoft.Common.CurrentVersion.targets(2451,5): warning MSB3277:     References which depend on or have been unified to "Microsoft.Win32.SystemEvents, Version=7.0.0.0, Culture=neutral, PublicKeyToken=cc7b13ffcd2ddd51" []. [C:\Users\ultra\warewolf\Dev\Dev2.Studio\Dev2.Studio.csproj]
C:\Program Files\dotnet\sdk\10.0.201\Microsoft.Common.CurrentVersion.targets(2451,5): warning MSB3277:         C:\Users\ultra\warewolf\Dev\Dev2.Common\bin\Debug\net8.0\Dev2.Common.dll [C:\Users\ultra\warewolf\Dev\Dev2.Studio\Dev2.Studio.csproj]
C:\Program Files\dotnet\sdk\10.0.201\Microsoft.Common.CurrentVersion.targets(2451,5): warning MSB3277:           Project file item includes which caused reference "C:\Users\ultra\warewolf\Dev\Dev2.Common\bin\Debug\net8.0\Dev2.Common.dll". [C:\Users\ultra\warewolf\Dev\Dev2.Studio\Dev2.Studio.csproj]
C:\Program Files\dotnet\sdk\10.0.201\Microsoft.Common.CurrentVersion.targets(2451,5): warning MSB3277:             C:\Users\ultra\warewolf\Dev\Dev2.Common\bin\Debug\net8.0\Dev2.Common.dll [C:\Users\ultra\warewolf\Dev\Dev2.Studio\Dev2.Studio.csproj]
C:\Program Files\dotnet\sdk\10.0.201\Microsoft.Common.CurrentVersion.targets(2451,5): warning MSB3277:             C:\Users\ultra\warewolf\Dev\Dev2.Activities\bin\Debug\net8.0\Dev2.Activities.dll [C:\Users\ultra\warewolf\Dev\Dev2.Studio\Dev2.Studio.csproj]
C:\Program Files\dotnet\sdk\10.0.201\Microsoft.Common.CurrentVersion.targets(2451,5): warning MSB3277:             C:\Users\ultra\warewolf\Dev\Dev2.Core\bin\Debug\net8.0\Dev2.Core.dll [C:\Users\ultra\warewolf\Dev\Dev2.Studio\Dev2.Studio.csproj]
C:\Program Files\dotnet\sdk\10.0.201\Microsoft.Common.CurrentVersion.targets(2451,5): warning MSB3277:             C:\Users\ultra\warewolf\Dev\Dev2.Data\bin\Debug\net8.0\Dev2.Data.dll [C:\Users\ultra\warewolf\Dev\Dev2.Studio\Dev2.Studio.csproj]
C:\Program Files\dotnet\sdk\10.0.201\Microsoft.Common.CurrentVersion.targets(2451,5): warning MSB3277:             C:\Users\ultra\warewolf\Dev\Dev2.Diagnostics\bin\Debug\net8.0\Dev2.Diagnostics.dll [C:\Users\ultra\warewolf\Dev\Dev2.Studio\Dev2.Studio.csproj]
C:\Program Files\dotnet\sdk\10.0.201\Microsoft.Common.CurrentVersion.targets(2451,5): warning MSB3277:             C:\Users\ultra\warewolf\Dev\Dev2.Infrastructure\bin\Debug\net8.0\Dev2.Infrastructure.dll [C:\Users\ultra\warewolf\Dev\Dev2.Studio\Dev2.Studio.csproj]
C:\Program Files\dotnet\sdk\10.0.201\Microsoft.Common.CurrentVersion.targets(2451,5): warning MSB3277:             C:\Users\ultra\warewolf\Dev\Dev2.Intellisense\bin\Debug\net8.0\Dev2.Intellisense.dll [C:\Users\ultra\warewolf\Dev\Dev2.Studio\Dev2.Studio.csproj]
C:\Program Files\dotnet\sdk\10.0.201\Microsoft.Common.CurrentVersion.targets(2451,5): warning MSB3277:             C:\Users\ultra\warewolf\Dev\Dev2.Scheduler\bin\Debug\net8.0\Dev2.Scheduler.dll [C:\Users\ultra\warewolf\Dev\Dev2.Studio\Dev2.Studio.csproj]
C:\Program Files\dotnet\sdk\10.0.201\Microsoft.Common.CurrentVersion.targets(2451,5): warning MSB3277:             C:\Users\ultra\warewolf\Dev\Dev2.Services.Execution\bin\Debug\net8.0\Dev2.Services.Execution.dll [C:\Users\ultra\warewolf\Dev\Dev2.Studio\Dev2.Studio.csproj]
C:\Program Files\dotnet\sdk\10.0.201\Microsoft.Common.CurrentVersion.targets(2451,5): warning MSB3277:             C:\Users\ultra\warewolf\Dev\Dev2.Studio.Core\bin\Debug\net8.0\Dev2.Studio.Core.dll [C:\Users\ultra\warewolf\Dev\Dev2.Studio\Dev2.Studio.csproj]
C:\Program Files\dotnet\sdk\10.0.201\Microsoft.Common.CurrentVersion.targets(2451,5): warning MSB3277:             C:\Users\ultra\warewolf\Dev\Dev2.Studio.Interfaces\bin\Debug\net8.0\Dev2.Studio.Interfaces.dll [C:\Users\ultra\warewolf\Dev\Dev2.Studio\Dev2.Studio.csproj]
C:\Program Files\dotnet\sdk\10.0.201\Microsoft.Common.CurrentVersion.targets(2451,5): warning MSB3277:             C:\Users\ultra\warewolf\Dev\Dev2.TaskScheduler.Wrappers\bin\Debug\net8.0\Dev2.TaskScheduler.Wrappers.dll [C:\Users\ultra\warewolf\Dev\Dev2.Studio\Dev2.Studio.csproj]
C:\Program Files\dotnet\sdk\10.0.201\Microsoft.Common.CurrentVersion.targets(2451,5): warning MSB3277:             C:\Users\ultra\warewolf\Dev\Dev2.Util\bin\Debug\net8.0\Dev2.Util.dll [C:\Users\ultra\warewolf\Dev\Dev2.Studio\Dev2.Studio.csproj]
C:\Program Files\dotnet\sdk\10.0.201\Microsoft.Common.CurrentVersion.targets(2451,5): warning MSB3277:             C:\Users\ultra\warewolf\Dev\Warewolf.Core\bin\Debug\net8.0\Warewolf.Core.dll [C:\Users\ultra\warewolf\Dev\Dev2.Studio\Dev2.Studio.csproj]
C:\Program Files\dotnet\sdk\10.0.201\Microsoft.Common.CurrentVersion.targets(2451,5): warning MSB3277:             C:\Users\ultra\warewolf\Dev\Warewolf.ResourceManagement\bin\Debug\net8.0\Warewolf.ResourceManagement.dll [C:\Users\ultra\warewolf\Dev\Dev2.Studio\Dev2.Studio.csproj]
C:\Program Files\dotnet\sdk\10.0.201\Microsoft.Common.CurrentVersion.targets(2451,5): warning MSB3277:             C:\Users\ultra\warewolf\Dev\Warewolf.Sharepoint\bin\Debug\net8.0\Warewolf.Sharepoint.dll [C:\Users\ultra\warewolf\Dev\Dev2.Studio\Dev2.Studio.csproj]
C:\Program Files\dotnet\sdk\10.0.201\Microsoft.Common.CurrentVersion.targets(2451,5): warning MSB3277:             C:\Users\ultra\warewolf\Dev\Warewolf.Storage\bin\Debug\net8.0\Warewolf.Storage.dll [C:\Users\ultra\warewolf\Dev\Dev2.Studio\Dev2.Studio.csproj]
C:\Program Files\dotnet\sdk\10.0.201\Microsoft.Common.CurrentVersion.targets(2451,5): warning MSB3277:             C:\Users\ultra\warewolf\Dev\Warewolf.Studio.Core\bin\Debug\net8.0\Warewolf.Studio.Core.dll [C:\Users\ultra\warewolf\Dev\Dev2.Studio\Dev2.Studio.csproj]
C:\Program Files\dotnet\sdk\10.0.201\Microsoft.Common.CurrentVersion.targets(2451,5): warning MSB3277:             C:\Users\ultra\warewolf\Dev\Warewolf.Studio.Models\bin\Debug\net8.0\Warewolf.Studio.Models.dll [C:\Users\ultra\warewolf\Dev\Dev2.Studio\Dev2.Studio.csproj]
C:\Program Files\dotnet\sdk\10.0.201\Microsoft.Common.CurrentVersion.targets(2451,5): warning MSB3277:             C:\Users\ultra\warewolf\Dev\Warewolf.Studio.CustomControls\bin\Debug\net8.0\Warewolf.Studio.CustomControls.dll [C:\Users\ultra\warewolf\Dev\Dev2.Studio\Dev2.Studio.csproj]
C:\Program Files\dotnet\sdk\10.0.201\Microsoft.Common.CurrentVersion.targets(2451,5): warning MSB3277:             C:\Users\ultra\warewolf\Dev\Warewolf.Studio.ViewModels\bin\Debug\net8.0\Warewolf.Studio.ViewModels.dll [C:\Users\ultra\warewolf\Dev\Dev2.Studio\Dev2.Studio.csproj]
C:\Program Files\dotnet\sdk\10.0.201\Microsoft.Common.CurrentVersion.targets(2451,5): warning MSB3277:             C:\Users\ultra\warewolf\Dev\Warewolf.Trigger.Queue\bin\Debug\net8.0\Warewolf.Trigger.Queue.dll [C:\Users\ultra\warewolf\Dev\Dev2.Studio\Dev2.Studio.csproj]
C:\Program Files\dotnet\sdk\10.0.201\Microsoft.Common.CurrentVersion.targets(2451,5): warning MSB3277:             C:\Users\ultra\warewolf\Dev\Warewolf.UI\bin\Debug\net8.0\Warewolf.UI.dll [C:\Users\ultra\warewolf\Dev\Dev2.Studio\Dev2.Studio.csproj]
C:\Program Files\dotnet\sdk\10.0.201\Microsoft.Common.CurrentVersion.targets(2451,5): warning MSB3277:             C:\Users\ultra\warewolf\Dev\Dev2.Development.Languages\bin\Debug\net8.0\Dev2.Development.Languages.dll [C:\Users\ultra\warewolf\Dev\Dev2.Studio\Dev2.Studio.csproj]
C:\Program Files\dotnet\sdk\10.0.201\Microsoft.Common.CurrentVersion.targets(2451,5): warning MSB3277:             C:\Users\ultra\warewolf\Dev\Dev2.Runtime.Services\bin\Debug\net8.0\Dev2.Runtime.Services.dll [C:\Users\ultra\warewolf\Dev\Dev2.Studio\Dev2.Studio.csproj]
C:\Program Files\dotnet\sdk\10.0.201\Microsoft.Common.CurrentVersion.targets(2451,5): warning MSB3277:             C:\Users\ultra\warewolf\Dev\Dev2.Services.Sql\bin\Debug\net8.0\Dev2.Services.Sql.dll [C:\Users\ultra\warewolf\Dev\Dev2.Studio\Dev2.Studio.csproj]
C:\Program Files\dotnet\sdk\10.0.201\Microsoft.Common.CurrentVersion.targets(2451,5): warning MSB3277:             C:\Users\ultra\warewolf\Dev\Warewolf.AI.Harness\bin\Debug\net8.0\Warewolf.AI.Harness.dll [C:\Users\ultra\warewolf\Dev\Dev2.Studio\Dev2.Studio.csproj]
C:\Program Files\dotnet\sdk\10.0.201\Microsoft.Common.CurrentVersion.targets(2451,5): warning MSB3277:             C:\Users\ultra\warewolf\Dev\Warewolf.Auditing\bin\Debug\net8.0\Warewolf.Auditing.dll [C:\Users\ultra\warewolf\Dev\Dev2.Studio\Dev2.Studio.csproj]
C:\Program Files\dotnet\sdk\10.0.201\Microsoft.Common.CurrentVersion.targets(2451,5): warning MSB3277:             C:\Users\ultra\warewolf\Dev\Warewolf.Common.NetStandard20\bin\Debug\net8.0\Warewolf.Common.NetStandard20.dll [C:\Users\ultra\warewolf\Dev\Dev2.Studio\Dev2.Studio.csproj]
C:\Program Files\dotnet\sdk\10.0.201\Microsoft.Common.CurrentVersion.targets(2451,5): warning MSB3277:             C:\Users\ultra\warewolf\Dev\Warewolf.Driver.Persistence\bin\Debug\net8.0\Warewolf.Driver.Persistence.dll [C:\Users\ultra\warewolf\Dev\Dev2.Studio\Dev2.Studio.csproj]
C:\Program Files\dotnet\sdk\10.0.201\Microsoft.Common.CurrentVersion.targets(2451,5): warning MSB3277:             C:\Users\ultra\warewolf\Dev\Warewolf.Driver.Serilog\bin\Debug\net8.0\Warewolf.Driver.Serilog.dll [C:\Users\ultra\warewolf\Dev\Dev2.Studio\Dev2.Studio.csproj]
C:\Program Files\dotnet\sdk\10.0.201\Microsoft.Common.CurrentVersion.targets(2451,5): warning MSB3277:             C:\Users\ultra\warewolf\Dev\Warewolf.Exchange.Email.Wrapper\bin\Debug\net8.0\Warewolf.Exchange.Email.Wrapper.dll [C:\Users\ultra\warewolf\Dev\Dev2.Studio\Dev2.Studio.csproj]
C:\Program Files\dotnet\sdk\10.0.201\Microsoft.Common.CurrentVersion.targets(2451,5): warning MSB3277:         C:\Users\ultra\warewolf\Dev\Binaries\Infragistcs_Net6\InfragisticsWPF4.Editors.v15.1.dll [C:\Users\ultra\warewolf\Dev\Dev2.Studio\Dev2.Studio.csproj]
C:\Program Files\dotnet\sdk\10.0.201\Microsoft.Common.CurrentVersion.targets(2451,5): warning MSB3277:           Project file item includes which caused reference "C:\Users\ultra\warewolf\Dev\Binaries\Infragistcs_Net6\InfragisticsWPF4.Editors.v15.1.dll". [C:\Users\ultra\warewolf\Dev\Dev2.Studio\Dev2.Studio.csproj]
C:\Program Files\dotnet\sdk\10.0.201\Microsoft.Common.CurrentVersion.targets(2451,5): warning MSB3277:             InfragisticsWPF4.Editors.v15.1, Version=15.1.20151.2055, Culture=neutral, processorArchitecture=MSIL [C:\Users\ultra\warewolf\Dev\Dev2.Studio\Dev2.Studio.csproj]
C:\Program Files\dotnet\sdk\10.0.201\Microsoft.Common.CurrentVersion.targets(2451,5): warning MSB3277:             InfragisticsWPF4.DataPresenter.v15.1 [C:\Users\ultra\warewolf\Dev\Dev2.Studio\Dev2.Studio.csproj]
C:\Program Files\dotnet\sdk\10.0.201\Microsoft.Common.CurrentVersion.targets(2451,5): warning MSB3277:         C:\Users\ultra\warewolf\Dev\Binaries\Infragistcs_Net6\InfragisticsWPF4.v15.1.dll [C:\Users\ultra\warewolf\Dev\Dev2.Studio\Dev2.Studio.csproj]
C:\Program Files\dotnet\sdk\10.0.201\Microsoft.Common.CurrentVersion.targets(2451,5): warning MSB3277:           Project file item includes which caused reference "C:\Users\ultra\warewolf\Dev\Binaries\Infragistcs_Net6\InfragisticsWPF4.v15.1.dll". [C:\Users\ultra\warewolf\Dev\Dev2.Studio\Dev2.Studio.csproj]
C:\Program Files\dotnet\sdk\10.0.201\Microsoft.Common.CurrentVersion.targets(2451,5): warning MSB3277:             InfragisticsWPF4.v15.1, Version=15.1.20151.2055, Culture=neutral, PublicKeyToken=7dd5c3163f2cd0cb, processorArchitecture=MSIL [C:\Users\ultra\warewolf\Dev\Dev2.Studio\Dev2.Studio.csproj]
C:\Program Files\dotnet\sdk\10.0.201\Microsoft.Common.CurrentVersion.targets(2451,5): warning MSB3277:             InfragisticsWPF4.Controls.Editors.XamComboEditor.v15.1, Version=15.1.20151.2055, Culture=neutral, processorArchitecture=MSIL [C:\Users\ultra\warewolf\Dev\Dev2.Studio\Dev2.Studio.csproj]
C:\Program Files\dotnet\sdk\10.0.201\Microsoft.Common.CurrentVersion.targets(2451,5): warning MSB3277:             InfragisticsWPF4.Controls.Grids.XamGrid.v15.1, Version=15.1.20151.2055, Culture=neutral, PublicKeyToken=7dd5c3163f2cd0cb, processorArchitecture=MSIL [C:\Users\ultra\warewolf\Dev\Dev2.Studio\Dev2.Studio.csproj]
C:\Program Files\dotnet\sdk\10.0.201\Microsoft.Common.CurrentVersion.targets(2451,5): warning MSB3277:             CalculationManager.WPF [C:\Users\ultra\warewolf\Dev\Dev2.Studio\Dev2.Studio.csproj]
C:\Program Files\dotnet\sdk\10.0.201\Microsoft.Common.CurrentVersion.targets(2451,5): warning MSB3277:             InfragisticsWPF4.Controls.Interactions.XamDialogWindow.v15.1, Version=15.1.20151.2055, Culture=neutral, PublicKeyToken=7dd5c3163f2cd0cb, processorArchitecture=MSIL [C:\Users\ultra\warewolf\Dev\Dev2.Studio\Dev2.Studio.csproj]
C:\Program Files\dotnet\sdk\10.0.201\Microsoft.Common.CurrentVersion.targets(2451,5): warning MSB3277:             InfragisticsWPF4.Controls.Maps.XamNetworkNode.v15.1, Version=15.1.20151.2055, Culture=neutral, PublicKeyToken=7dd5c3163f2cd0cb, processorArchitecture=MSIL [C:\Users\ultra\warewolf\Dev\Dev2.Studio\Dev2.Studio.csproj]
C:\Program Files\dotnet\sdk\10.0.201\Microsoft.Common.CurrentVersion.targets(2451,5): warning MSB3277:             InfragisticsWPF4.Controls.Menus.XamDataTree.v15.1, Version=15.1.20151.2055, Culture=neutral, processorArchitecture=MSIL [C:\Users\ultra\warewolf\Dev\Dev2.Studio\Dev2.Studio.csproj]
C:\Program Files\dotnet\sdk\10.0.201\Microsoft.Common.CurrentVersion.targets(2451,5): warning MSB3277:             InfragisticsWPF4.Controls.Menus.XamMenu.v15.1, Version=15.1.20151.2055, Culture=neutral, processorArchitecture=MSIL [C:\Users\ultra\warewolf\Dev\Dev2.Studio\Dev2.Studio.csproj]
C:\Program Files\dotnet\sdk\10.0.201\Microsoft.Common.CurrentVersion.targets(2451,5): warning MSB3277:             InfragisticsWPF4.DataManager.v15.1, Version=15.1.20151.2055, Culture=neutral, processorArchitecture=MSIL [C:\Users\ultra\warewolf\Dev\Dev2.Studio\Dev2.Studio.csproj]
C:\Program Files\dotnet\sdk\10.0.201\Microsoft.Common.CurrentVersion.targets(2451,5): warning MSB3277:             InfragisticsWPF4.DataPresenter.v15.1 [C:\Users\ultra\warewolf\Dev\Dev2.Studio\Dev2.Studio.csproj]
C:\Program Files\dotnet\sdk\10.0.201\Microsoft.Common.CurrentVersion.targets(2451,5): warning MSB3277:             InfragisticsWPF4.DataVisualization.v15.1, Version=15.1.20151.2055, Culture=neutral, PublicKeyToken=7dd5c3163f2cd0cb, processorArchitecture=MSIL [C:\Users\ultra\warewolf\Dev\Dev2.Studio\Dev2.Studio.csproj]
C:\Program Files\dotnet\sdk\10.0.201\Microsoft.Common.CurrentVersion.targets(2451,5): warning MSB3277:             InfragisticsWPF4.DockManager.v15.1, Version=15.1.20151.2055, Culture=neutral, PublicKeyToken=7dd5c3163f2cd0cb, processorArchitecture=MSIL [C:\Users\ultra\warewolf\Dev\Dev2.Studio\Dev2.Studio.csproj]
C:\Program Files\dotnet\sdk\10.0.201\Microsoft.Common.CurrentVersion.targets(2451,5): warning MSB3277:             InfragisticsWPF4.Editors.v15.1, Version=15.1.20151.2055, Culture=neutral, processorArchitecture=MSIL [C:\Users\ultra\warewolf\Dev\Dev2.Studio\Dev2.Studio.csproj]
C:\Program Files\dotnet\sdk\10.0.201\Microsoft.Common.CurrentVersion.targets(2451,5): warning MSB3277:             InfragisticsWPF4.Math.Calculators.v15.1, Version=15.1.20151.2055, Culture=neutral, PublicKeyToken=7dd5c3163f2cd0cb, processorArchitecture=MSIL [C:\Users\ultra\warewolf\Dev\Dev2.Studio\Dev2.Studio.csproj]
C:\Program Files\dotnet\sdk\10.0.201\Microsoft.Common.CurrentVersion.targets(2451,5): warning MSB3277:             InfragisticsWPF4.Math.v15.1, Version=15.1.20151.2055, Culture=neutral, PublicKeyToken=7dd5c3163f2cd0cb, processorArchitecture=MSIL [C:\Users\ultra\warewolf\Dev\Dev2.Studio\Dev2.Studio.csproj]
C:\Program Files\dotnet\sdk\10.0.201\Microsoft.Common.CurrentVersion.targets(2451,5): warning MSB3277:         C:\Users\ultra\.nuget\packages\timespan2\2.4.2\lib\netcoreapp3.1\TimeSpan2.dll [C:\Users\ultra\warewolf\Dev\Dev2.Studio\Dev2.Studio.csproj]
C:\Program Files\dotnet\sdk\10.0.201\Microsoft.Common.CurrentVersion.targets(2451,5): warning MSB3277:           Project file item includes which caused reference "C:\Users\ultra\.nuget\packages\timespan2\2.4.2\lib\netcoreapp3.1\TimeSpan2.dll". [C:\Users\ultra\warewolf\Dev\Dev2.Studio\Dev2.Studio.csproj]
C:\Program Files\dotnet\sdk\10.0.201\Microsoft.Common.CurrentVersion.targets(2451,5): warning MSB3277:             C:\Users\ultra\.nuget\packages\timespan2\2.4.2\lib\netcoreapp3.1\TimeSpan2.dll [C:\Users\ultra\warewolf\Dev\Dev2.Studio\Dev2.Studio.csproj]
C:\Program Files\dotnet\sdk\10.0.201\Microsoft.Common.CurrentVersion.targets(2451,5): warning MSB3277:             C:\Users\ultra\.nuget\packages\taskschedulereditor\2.10.1\lib\net452\Microsoft.Win32.TaskSchedulerEditor.dll [C:\Users\ultra\warewolf\Dev\Dev2.Studio\Dev2.Studio.csproj]
C:\Program Files\dotnet\sdk\10.0.201\Microsoft.Common.CurrentVersion.targets(2451,5): warning MSB3277:         C:\Program Files\dotnet\packs\Microsoft.NETCore.App.Ref\8.0.25\ref\net8.0\System.dll [C:\Users\ultra\warewolf\Dev\Dev2.Studio\Dev2.Studio.csproj]
C:\Program Files\dotnet\sdk\10.0.201\Microsoft.Common.CurrentVersion.targets(2451,5): warning MSB3277:           Project file item includes which caused reference "C:\Program Files\dotnet\packs\Microsoft.NETCore.App.Ref\8.0.25\ref\net8.0\System.dll". [C:\Users\ultra\warewolf\Dev\Dev2.Studio\Dev2.Studio.csproj]
C:\Program Files\dotnet\sdk\10.0.201\Microsoft.Common.CurrentVersion.targets(2451,5): warning MSB3277:             C:\Program Files\dotnet\packs\Microsoft.NETCore.App.Ref\8.0.25\ref/net8.0/System.dll [C:\Users\ultra\warewolf\Dev\Dev2.Studio\Dev2.Studio.csproj]
C:\Program Files\dotnet\sdk\10.0.201\Microsoft.Common.CurrentVersion.targets(2451,5): warning MSB3277:             C:\Users\ultra\.nuget\packages\aerowizard\2.3.1\lib\net45\AeroWizard.dll [C:\Users\ultra\warewolf\Dev\Dev2.Studio\Dev2.Studio.csproj]
C:\Program Files\dotnet\sdk\10.0.201\Microsoft.Common.CurrentVersion.targets(2451,5): warning MSB3277:             C:\Users\ultra\.nuget\packages\avalonedit\6.3.0.90\lib\net462\ICSharpCode.AvalonEdit.dll [C:\Users\ultra\warewolf\Dev\Dev2.Studio\Dev2.Studio.csproj]
C:\Program Files\dotnet\sdk\10.0.201\Microsoft.Common.CurrentVersion.targets(2451,5): warning MSB3277:             C:\Users\ultra\.nuget\packages\fontawesome.wpf\4.7.0.9\lib\net40\FontAwesome.WPF.dll [C:\Users\ultra\warewolf\Dev\Dev2.Studio\Dev2.Studio.csproj]
C:\Program Files\dotnet\sdk\10.0.201\Microsoft.Common.CurrentVersion.targets(2451,5): warning MSB3277:             C:\Users\ultra\.nuget\packages\groupcontrols\1.9.0\lib\net45\GroupControls.dll [C:\Users\ultra\warewolf\Dev\Dev2.Studio\Dev2.Studio.csproj]
C:\Program Files\dotnet\sdk\10.0.201\Microsoft.Common.CurrentVersion.targets(2451,5): warning MSB3277:             C:\Users\ultra\.nuget\packages\log4net.async\2.0.4\lib\net40\Log4Net.Async.dll [C:\Users\ultra\warewolf\Dev\Dev2.Studio\Dev2.Studio.csproj]
C:\Program Files\dotnet\sdk\10.0.201\Microsoft.Common.CurrentVersion.targets(2451,5): warning MSB3277:             C:\Users\ultra\.nuget\packages\microsoft.xaml.behaviors.wpf\1.1.122\lib\net462\Microsoft.Xaml.Behaviors.dll [C:\Users\ultra\warewolf\Dev\Dev2.Studio\Dev2.Studio.csproj]
C:\Program Files\dotnet\sdk\10.0.201\Microsoft.Common.CurrentVersion.targets(2451,5): warning MSB3277:             C:\Users\ultra\.nuget\packages\caliburn.micro\4.0.212\lib\netcoreapp3.1\Caliburn.Micro.Platform.dll [C:\Users\ultra\warewolf\Dev\Dev2.Studio\Dev2.Studio.csproj]
C:\Program Files\dotnet\sdk\10.0.201\Microsoft.Common.CurrentVersion.targets(2451,5): warning MSB3277:             C:\Users\ultra\.nuget\packages\prism.composition\5.0.0\lib\NET45\Microsoft.Practices.Prism.Composition.dll [C:\Users\ultra\warewolf\Dev\Dev2.Studio\Dev2.Studio.csproj]
C:\Program Files\dotnet\sdk\10.0.201\Microsoft.Common.CurrentVersion.targets(2451,5): warning MSB3277:             C:\Users\ultra\.nuget\packages\prism.interactivity\5.0.0\lib\NET45\Microsoft.Practices.Prism.Interactivity.dll [C:\Users\ultra\warewolf\Dev\Dev2.Studio\Dev2.Studio.csproj]
C:\Program Files\dotnet\sdk\10.0.201\Microsoft.Common.CurrentVersion.targets(2451,5): warning MSB3277:             C:\Users\ultra\.nuget\packages\prism.mvvm\1.0.0\lib\net45\Microsoft.Practices.Prism.Mvvm.Desktop.dll [C:\Users\ultra\warewolf\Dev\Dev2.Studio\Dev2.Studio.csproj]
C:\Program Files\dotnet\sdk\10.0.201\Microsoft.Common.CurrentVersion.targets(2451,5): warning MSB3277:             C:\Users\ultra\.nuget\packages\prism.unityextensions\5.0.1\lib\NET45\Microsoft.Practices.Prism.UnityExtensions.dll [C:\Users\ultra\warewolf\Dev\Dev2.Studio\Dev2.Studio.csproj]
C:\Program Files\dotnet\sdk\10.0.201\Microsoft.Common.CurrentVersion.targets(2451,5): warning MSB3277:             C:\Users\ultra\.nuget\packages\prism.wpf\9.0.537\lib\net462\Prism.Wpf.dll [C:\Users\ultra\warewolf\Dev\Dev2.Studio\Dev2.Studio.csproj]
C:\Program Files\dotnet\sdk\10.0.201\Microsoft.Common.CurrentVersion.targets(2451,5): warning MSB3277:             C:\Users\ultra\.nuget\packages\reactiveui.wpf\18.4.1\lib\net462\ReactiveUI.Wpf.dll [C:\Users\ultra\warewolf\Dev\Dev2.Studio\Dev2.Studio.csproj]
C:\Program Files\dotnet\sdk\10.0.201\Microsoft.Common.CurrentVersion.targets(2451,5): warning MSB3277:             C:\Users\ultra\.nuget\packages\taskschedulereditor\2.10.1\lib\net452\Microsoft.Win32.TaskSchedulerEditor.dll [C:\Users\ultra\warewolf\Dev\Dev2.Studio\Dev2.Studio.csproj]
C:\Program Files\dotnet\sdk\10.0.201\Microsoft.Common.CurrentVersion.targets(2451,5): warning MSB3277:             C:\Users\ultra\.nuget\packages\ttcue.netcore.sharepointonline.csom.16.1.8029.1200\16.1.8029.1200\lib\netcoreapp2.0\Microsoft.SharePoint.Client.Runtime.Windows.dll [C:\Users\ultra\warewolf\Dev\Dev2.Studio\Dev2.Studio.csproj]
C:\Program Files\dotnet\sdk\10.0.201\Microsoft.Common.CurrentVersion.targets(2451,5): warning MSB3277: Found conflicts between different versions of "WindowsBase" that could not be resolved. [C:\Users\ultra\warewolf\Dev\Dev2.Studio\Dev2.Studio.csproj]
C:\Program Files\dotnet\sdk\10.0.201\Microsoft.Common.CurrentVersion.targets(2451,5): warning MSB3277: There was a conflict between "WindowsBase, Version=4.0.0.0, Culture=neutral, PublicKeyToken=31bf3856ad364e35" and "WindowsBase, Version=6.0.2.0, Culture=neutral, PublicKeyToken=31bf3856ad364e35". [C:\Users\ultra\warewolf\Dev\Dev2.Studio\Dev2.Studio.csproj]
C:\Program Files\dotnet\sdk\10.0.201\Microsoft.Common.CurrentVersion.targets(2451,5): warning MSB3277:     "WindowsBase, Version=4.0.0.0, Culture=neutral, PublicKeyToken=31bf3856ad364e35" was chosen because it was primary and "WindowsBase, Version=6.0.2.0, Culture=neutral, PublicKeyToken=31bf3856ad364e35" was not. [C:\Users\ultra\warewolf\Dev\Dev2.Studio\Dev2.Studio.csproj]
C:\Program Files\dotnet\sdk\10.0.201\Microsoft.Common.CurrentVersion.targets(2451,5): warning MSB3277:     References which depend on "WindowsBase, Version=4.0.0.0, Culture=neutral, PublicKeyToken=31bf3856ad364e35" [C:\Program Files\dotnet\packs\Microsoft.NETCore.App.Ref\8.0.25\ref\net8.0\WindowsBase.dll]. [C:\Users\ultra\warewolf\Dev\Dev2.Studio\Dev2.Studio.csproj]
C:\Program Files\dotnet\sdk\10.0.201\Microsoft.Common.CurrentVersion.targets(2451,5): warning MSB3277:         C:\Program Files\dotnet\packs\Microsoft.NETCore.App.Ref\8.0.25\ref\net8.0\WindowsBase.dll [C:\Users\ultra\warewolf\Dev\Dev2.Studio\Dev2.Studio.csproj]
C:\Program Files\dotnet\sdk\10.0.201\Microsoft.Common.CurrentVersion.targets(2451,5): warning MSB3277:           Project file item includes which caused reference "C:\Program Files\dotnet\packs\Microsoft.NETCore.App.Ref\8.0.25\ref\net8.0\WindowsBase.dll". [C:\Users\ultra\warewolf\Dev\Dev2.Studio\Dev2.Studio.csproj]
C:\Program Files\dotnet\sdk\10.0.201\Microsoft.Common.CurrentVersion.targets(2451,5): warning MSB3277:             C:\Program Files\dotnet\packs\Microsoft.NETCore.App.Ref\8.0.25\ref/net8.0/WindowsBase.dll [C:\Users\ultra\warewolf\Dev\Dev2.Studio\Dev2.Studio.csproj]
C:\Program Files\dotnet\sdk\10.0.201\Microsoft.Common.CurrentVersion.targets(2451,5): warning MSB3277:     References which depend on or have been unified to "WindowsBase, Version=6.0.2.0, Culture=neutral, PublicKeyToken=31bf3856ad364e35" []. [C:\Users\ultra\warewolf\Dev\Dev2.Studio\Dev2.Studio.csproj]
C:\Program Files\dotnet\sdk\10.0.201\Microsoft.Common.CurrentVersion.targets(2451,5): warning MSB3277:         C:\Users\ultra\warewolf\Dev\Binaries\Infragistcs_Net6\InfragisticsWPF4.Controls.Editors.XamComboEditor.v15.1.dll [C:\Users\ultra\warewolf\Dev\Dev2.Studio\Dev2.Studio.csproj]
C:\Program Files\dotnet\sdk\10.0.201\Microsoft.Common.CurrentVersion.targets(2451,5): warning MSB3277:           Project file item includes which caused reference "C:\Users\ultra\warewolf\Dev\Binaries\Infragistcs_Net6\InfragisticsWPF4.Controls.Editors.XamComboEditor.v15.1.dll". [C:\Users\ultra\warewolf\Dev\Dev2.Studio\Dev2.Studio.csproj]
C:\Program Files\dotnet\sdk\10.0.201\Microsoft.Common.CurrentVersion.targets(2451,5): warning MSB3277:             InfragisticsWPF4.Controls.Editors.XamComboEditor.v15.1, Version=15.1.20151.2055, Culture=neutral, processorArchitecture=MSIL [C:\Users\ultra\warewolf\Dev\Dev2.Studio\Dev2.Studio.csproj]
C:\Program Files\dotnet\sdk\10.0.201\Microsoft.Common.CurrentVersion.targets(2451,5): warning MSB3277:         C:\Users\ultra\warewolf\Dev\Binaries\Infragistcs_Net6\InfragisticsWPF4.Controls.Grids.XamGrid.v15.1.dll [C:\Users\ultra\warewolf\Dev\Dev2.Studio\Dev2.Studio.csproj]
C:\Program Files\dotnet\sdk\10.0.201\Microsoft.Common.CurrentVersion.targets(2451,5): warning MSB3277:           Project file item includes which caused reference "C:\Users\ultra\warewolf\Dev\Binaries\Infragistcs_Net6\InfragisticsWPF4.Controls.Grids.XamGrid.v15.1.dll". [C:\Users\ultra\warewolf\Dev\Dev2.Studio\Dev2.Studio.csproj]
C:\Program Files\dotnet\sdk\10.0.201\Microsoft.Common.CurrentVersion.targets(2451,5): warning MSB3277:             InfragisticsWPF4.Controls.Grids.XamGrid.v15.1, Version=15.1.20151.2055, Culture=neutral, PublicKeyToken=7dd5c3163f2cd0cb, processorArchitecture=MSIL [C:\Users\ultra\warewolf\Dev\Dev2.Studio\Dev2.Studio.csproj]
C:\Program Files\dotnet\sdk\10.0.201\Microsoft.Common.CurrentVersion.targets(2451,5): warning MSB3277:         C:\Users\ultra\warewolf\Dev\Binaries\Infragistcs_Net6\Infragistics.Calculations.dll [C:\Users\ultra\warewolf\Dev\Dev2.Studio\Dev2.Studio.csproj]
C:\Program Files\dotnet\sdk\10.0.201\Microsoft.Common.CurrentVersion.targets(2451,5): warning MSB3277:           Project file item includes which caused reference "C:\Users\ultra\warewolf\Dev\Binaries\Infragistcs_Net6\Infragistics.Calculations.dll". [C:\Users\ultra\warewolf\Dev\Dev2.Studio\Dev2.Studio.csproj]
C:\Program Files\dotnet\sdk\10.0.201\Microsoft.Common.CurrentVersion.targets(2451,5): warning MSB3277:             CalculationManager.WPF [C:\Users\ultra\warewolf\Dev\Dev2.Studio\Dev2.Studio.csproj]
C:\Program Files\dotnet\sdk\10.0.201\Microsoft.Common.CurrentVersion.targets(2451,5): warning MSB3277:         C:\Users\ultra\warewolf\Dev\Binaries\Infragistcs_Net6\InfragisticsWPF4.Controls.Interactions.XamDialogWindow.v15.1.dll [C:\Users\ultra\warewolf\Dev\Dev2.Studio\Dev2.Studio.csproj]
C:\Program Files\dotnet\sdk\10.0.201\Microsoft.Common.CurrentVersion.targets(2451,5): warning MSB3277:           Project file item includes which caused reference "C:\Users\ultra\warewolf\Dev\Binaries\Infragistcs_Net6\InfragisticsWPF4.Controls.Interactions.XamDialogWindow.v15.1.dll". [C:\Users\ultra\warewolf\Dev\Dev2.Studio\Dev2.Studio.csproj]
C:\Program Files\dotnet\sdk\10.0.201\Microsoft.Common.CurrentVersion.targets(2451,5): warning MSB3277:             InfragisticsWPF4.Controls.Interactions.XamDialogWindow.v15.1, Version=15.1.20151.2055, Culture=neutral, PublicKeyToken=7dd5c3163f2cd0cb, processorArchitecture=MSIL [C:\Users\ultra\warewolf\Dev\Dev2.Studio\Dev2.Studio.csproj]
C:\Program Files\dotnet\sdk\10.0.201\Microsoft.Common.CurrentVersion.targets(2451,5): warning MSB3277:         C:\Users\ultra\warewolf\Dev\Binaries\Infragistcs_Net6\InfragisticsWPF4.Controls.Maps.XamNetworkNode.v15.1.dll [C:\Users\ultra\warewolf\Dev\Dev2.Studio\Dev2.Studio.csproj]
C:\Program Files\dotnet\sdk\10.0.201\Microsoft.Common.CurrentVersion.targets(2451,5): warning MSB3277:           Project file item includes which caused reference "C:\Users\ultra\warewolf\Dev\Binaries\Infragistcs_Net6\InfragisticsWPF4.Controls.Maps.XamNetworkNode.v15.1.dll". [C:\Users\ultra\warewolf\Dev\Dev2.Studio\Dev2.Studio.csproj]
C:\Program Files\dotnet\sdk\10.0.201\Microsoft.Common.CurrentVersion.targets(2451,5): warning MSB3277:             InfragisticsWPF4.Controls.Maps.XamNetworkNode.v15.1, Version=15.1.20151.2055, Culture=neutral, PublicKeyToken=7dd5c3163f2cd0cb, processorArchitecture=MSIL [C:\Users\ultra\warewolf\Dev\Dev2.Studio\Dev2.Studio.csproj]
C:\Program Files\dotnet\sdk\10.0.201\Microsoft.Common.CurrentVersion.targets(2451,5): warning MSB3277:         C:\Users\ultra\warewolf\Dev\Binaries\Infragistcs_Net6\InfragisticsWPF4.Controls.Menus.XamDataTree.v15.1.dll [C:\Users\ultra\warewolf\Dev\Dev2.Studio\Dev2.Studio.csproj]
C:\Program Files\dotnet\sdk\10.0.201\Microsoft.Common.CurrentVersion.targets(2451,5): warning MSB3277:           Project file item includes which caused reference "C:\Users\ultra\warewolf\Dev\Binaries\Infragistcs_Net6\InfragisticsWPF4.Controls.Menus.XamDataTree.v15.1.dll". [C:\Users\ultra\warewolf\Dev\Dev2.Studio\Dev2.Studio.csproj]
C:\Program Files\dotnet\sdk\10.0.201\Microsoft.Common.CurrentVersion.targets(2451,5): warning MSB3277:             InfragisticsWPF4.Controls.Menus.XamDataTree.v15.1, Version=15.1.20151.2055, Culture=neutral, processorArchitecture=MSIL [C:\Users\ultra\warewolf\Dev\Dev2.Studio\Dev2.Studio.csproj]
C:\Program Files\dotnet\sdk\10.0.201\Microsoft.Common.CurrentVersion.targets(2451,5): warning MSB3277:         C:\Users\ultra\warewolf\Dev\Binaries\Infragistcs_Net6\InfragisticsWPF4.Controls.Menus.XamMenu.v15.1.dll [C:\Users\ultra\warewolf\Dev\Dev2.Studio\Dev2.Studio.csproj]
C:\Program Files\dotnet\sdk\10.0.201\Microsoft.Common.CurrentVersion.targets(2451,5): warning MSB3277:           Project file item includes which caused reference "C:\Users\ultra\warewolf\Dev\Binaries\Infragistcs_Net6\InfragisticsWPF4.Controls.Menus.XamMenu.v15.1.dll". [C:\Users\ultra\warewolf\Dev\Dev2.Studio\Dev2.Studio.csproj]
C:\Program Files\dotnet\sdk\10.0.201\Microsoft.Common.CurrentVersion.targets(2451,5): warning MSB3277:             InfragisticsWPF4.Controls.Menus.XamMenu.v15.1, Version=15.1.20151.2055, Culture=neutral, processorArchitecture=MSIL [C:\Users\ultra\warewolf\Dev\Dev2.Studio\Dev2.Studio.csproj]
C:\Program Files\dotnet\sdk\10.0.201\Microsoft.Common.CurrentVersion.targets(2451,5): warning MSB3277:             InfragisticsWPF4.Controls.Grids.XamGrid.v15.1, Version=15.1.20151.2055, Culture=neutral, PublicKeyToken=7dd5c3163f2cd0cb, processorArchitecture=MSIL [C:\Users\ultra\warewolf\Dev\Dev2.Studio\Dev2.Studio.csproj]
C:\Program Files\dotnet\sdk\10.0.201\Microsoft.Common.CurrentVersion.targets(2451,5): warning MSB3277:         C:\Users\ultra\warewolf\Dev\Binaries\Infragistcs_Net6\InfragisticsWPF4.DataManager.v15.1.dll [C:\Users\ultra\warewolf\Dev\Dev2.Studio\Dev2.Studio.csproj]
C:\Program Files\dotnet\sdk\10.0.201\Microsoft.Common.CurrentVersion.targets(2451,5): warning MSB3277:           Project file item includes which caused reference "C:\Users\ultra\warewolf\Dev\Binaries\Infragistcs_Net6\InfragisticsWPF4.DataManager.v15.1.dll". [C:\Users\ultra\warewolf\Dev\Dev2.Studio\Dev2.Studio.csproj]
C:\Program Files\dotnet\sdk\10.0.201\Microsoft.Common.CurrentVersion.targets(2451,5): warning MSB3277:             InfragisticsWPF4.DataManager.v15.1, Version=15.1.20151.2055, Culture=neutral, processorArchitecture=MSIL [C:\Users\ultra\warewolf\Dev\Dev2.Studio\Dev2.Studio.csproj]
C:\Program Files\dotnet\sdk\10.0.201\Microsoft.Common.CurrentVersion.targets(2451,5): warning MSB3277:             InfragisticsWPF4.Controls.Editors.XamComboEditor.v15.1, Version=15.1.20151.2055, Culture=neutral, processorArchitecture=MSIL [C:\Users\ultra\warewolf\Dev\Dev2.Studio\Dev2.Studio.csproj]
C:\Program Files\dotnet\sdk\10.0.201\Microsoft.Common.CurrentVersion.targets(2451,5): warning MSB3277:             InfragisticsWPF4.Controls.Grids.XamGrid.v15.1, Version=15.1.20151.2055, Culture=neutral, PublicKeyToken=7dd5c3163f2cd0cb, processorArchitecture=MSIL [C:\Users\ultra\warewolf\Dev\Dev2.Studio\Dev2.Studio.csproj]
C:\Program Files\dotnet\sdk\10.0.201\Microsoft.Common.CurrentVersion.targets(2451,5): warning MSB3277:             InfragisticsWPF4.Controls.Menus.XamDataTree.v15.1, Version=15.1.20151.2055, Culture=neutral, processorArchitecture=MSIL [C:\Users\ultra\warewolf\Dev\Dev2.Studio\Dev2.Studio.csproj]
C:\Program Files\dotnet\sdk\10.0.201\Microsoft.Common.CurrentVersion.targets(2451,5): warning MSB3277:         C:\Users\ultra\warewolf\Dev\Binaries\Infragistcs_Net6\InfragisticsWPF4.DataPresenter.v15.1.dll [C:\Users\ultra\warewolf\Dev\Dev2.Studio\Dev2.Studio.csproj]
C:\Program Files\dotnet\sdk\10.0.201\Microsoft.Common.CurrentVersion.targets(2451,5): warning MSB3277:           Project file item includes which caused reference "C:\Users\ultra\warewolf\Dev\Binaries\Infragistcs_Net6\InfragisticsWPF4.DataPresenter.v15.1.dll". [C:\Users\ultra\warewolf\Dev\Dev2.Studio\Dev2.Studio.csproj]
C:\Program Files\dotnet\sdk\10.0.201\Microsoft.Common.CurrentVersion.targets(2451,5): warning MSB3277:             InfragisticsWPF4.DataPresenter.v15.1 [C:\Users\ultra\warewolf\Dev\Dev2.Studio\Dev2.Studio.csproj]
C:\Program Files\dotnet\sdk\10.0.201\Microsoft.Common.CurrentVersion.targets(2451,5): warning MSB3277:         C:\Users\ultra\warewolf\Dev\Binaries\Infragistcs_Net6\InfragisticsWPF4.DataVisualization.v15.1.dll [C:\Users\ultra\warewolf\Dev\Dev2.Studio\Dev2.Studio.csproj]
C:\Program Files\dotnet\sdk\10.0.201\Microsoft.Common.CurrentVersion.targets(2451,5): warning MSB3277:           Project file item includes which caused reference "C:\Users\ultra\warewolf\Dev\Binaries\Infragistcs_Net6\InfragisticsWPF4.DataVisualization.v15.1.dll". [C:\Users\ultra\warewolf\Dev\Dev2.Studio\Dev2.Studio.csproj]
C:\Program Files\dotnet\sdk\10.0.201\Microsoft.Common.CurrentVersion.targets(2451,5): warning MSB3277:             InfragisticsWPF4.DataVisualization.v15.1, Version=15.1.20151.2055, Culture=neutral, PublicKeyToken=7dd5c3163f2cd0cb, processorArchitecture=MSIL [C:\Users\ultra\warewolf\Dev\Dev2.Studio\Dev2.Studio.csproj]
C:\Program Files\dotnet\sdk\10.0.201\Microsoft.Common.CurrentVersion.targets(2451,5): warning MSB3277:             InfragisticsWPF4.Controls.Maps.XamNetworkNode.v15.1, Version=15.1.20151.2055, Culture=neutral, PublicKeyToken=7dd5c3163f2cd0cb, processorArchitecture=MSIL [C:\Users\ultra\warewolf\Dev\Dev2.Studio\Dev2.Studio.csproj]
C:\Program Files\dotnet\sdk\10.0.201\Microsoft.Common.CurrentVersion.targets(2451,5): warning MSB3277:             InfragisticsWPF4.Math.Calculators.v15.1, Version=15.1.20151.2055, Culture=neutral, PublicKeyToken=7dd5c3163f2cd0cb, processorArchitecture=MSIL [C:\Users\ultra\warewolf\Dev\Dev2.Studio\Dev2.Studio.csproj]
C:\Program Files\dotnet\sdk\10.0.201\Microsoft.Common.CurrentVersion.targets(2451,5): warning MSB3277:         C:\Users\ultra\warewolf\Dev\Binaries\Infragistcs_Net6\InfragisticsWPF4.DockManager.v15.1.dll [C:\Users\ultra\warewolf\Dev\Dev2.Studio\Dev2.Studio.csproj]
C:\Program Files\dotnet\sdk\10.0.201\Microsoft.Common.CurrentVersion.targets(2451,5): warning MSB3277:           Project file item includes which caused reference "C:\Users\ultra\warewolf\Dev\Binaries\Infragistcs_Net6\InfragisticsWPF4.DockManager.v15.1.dll". [C:\Users\ultra\warewolf\Dev\Dev2.Studio\Dev2.Studio.csproj]
C:\Program Files\dotnet\sdk\10.0.201\Microsoft.Common.CurrentVersion.targets(2451,5): warning MSB3277:             InfragisticsWPF4.DockManager.v15.1, Version=15.1.20151.2055, Culture=neutral, PublicKeyToken=7dd5c3163f2cd0cb, processorArchitecture=MSIL [C:\Users\ultra\warewolf\Dev\Dev2.Studio\Dev2.Studio.csproj]
C:\Program Files\dotnet\sdk\10.0.201\Microsoft.Common.CurrentVersion.targets(2451,5): warning MSB3277:         C:\Users\ultra\warewolf\Dev\Binaries\Infragistcs_Net6\InfragisticsWPF4.DragDrop.v15.1.dll [C:\Users\ultra\warewolf\Dev\Dev2.Studio\Dev2.Studio.csproj]
C:\Program Files\dotnet\sdk\10.0.201\Microsoft.Common.CurrentVersion.targets(2451,5): warning MSB3277:           Project file item includes which caused reference "C:\Users\ultra\warewolf\Dev\Binaries\Infragistcs_Net6\InfragisticsWPF4.DragDrop.v15.1.dll". [C:\Users\ultra\warewolf\Dev\Dev2.Studio\Dev2.Studio.csproj]
C:\Program Files\dotnet\sdk\10.0.201\Microsoft.Common.CurrentVersion.targets(2451,5): warning MSB3277:             InfragisticsWPF4.DragDrop.v15.1, Version=15.1.20151.2055, Culture=neutral, PublicKeyToken=7dd5c3163f2cd0cb, processorArchitecture=MSIL [C:\Users\ultra\warewolf\Dev\Dev2.Studio\Dev2.Studio.csproj]
C:\Program Files\dotnet\sdk\10.0.201\Microsoft.Common.CurrentVersion.targets(2451,5): warning MSB3277:             InfragisticsWPF4.Controls.Menus.XamDataTree.v15.1, Version=15.1.20151.2055, Culture=neutral, processorArchitecture=MSIL [C:\Users\ultra\warewolf\Dev\Dev2.Studio\Dev2.Studio.csproj]
C:\Program Files\dotnet\sdk\10.0.201\Microsoft.Common.CurrentVersion.targets(2451,5): warning MSB3277:         C:\Users\ultra\warewolf\Dev\Binaries\Infragistcs_Net6\InfragisticsWPF4.Editors.v15.1.dll [C:\Users\ultra\warewolf\Dev\Dev2.Studio\Dev2.Studio.csproj]
C:\Program Files\dotnet\sdk\10.0.201\Microsoft.Common.CurrentVersion.targets(2451,5): warning MSB3277:           Project file item includes which caused reference "C:\Users\ultra\warewolf\Dev\Binaries\Infragistcs_Net6\InfragisticsWPF4.Editors.v15.1.dll". [C:\Users\ultra\warewolf\Dev\Dev2.Studio\Dev2.Studio.csproj]
C:\Program Files\dotnet\sdk\10.0.201\Microsoft.Common.CurrentVersion.targets(2451,5): warning MSB3277:             InfragisticsWPF4.Editors.v15.1, Version=15.1.20151.2055, Culture=neutral, processorArchitecture=MSIL [C:\Users\ultra\warewolf\Dev\Dev2.Studio\Dev2.Studio.csproj]
C:\Program Files\dotnet\sdk\10.0.201\Microsoft.Common.CurrentVersion.targets(2451,5): warning MSB3277:             InfragisticsWPF4.DataPresenter.v15.1 [C:\Users\ultra\warewolf\Dev\Dev2.Studio\Dev2.Studio.csproj]
C:\Program Files\dotnet\sdk\10.0.201\Microsoft.Common.CurrentVersion.targets(2451,5): warning MSB3277:         C:\Users\ultra\warewolf\Dev\Binaries\Infragistcs_Net6\InfragisticsWPF4.Math.Calculators.v15.1.dll [C:\Users\ultra\warewolf\Dev\Dev2.Studio\Dev2.Studio.csproj]
C:\Program Files\dotnet\sdk\10.0.201\Microsoft.Common.CurrentVersion.targets(2451,5): warning MSB3277:           Project file item includes which caused reference "C:\Users\ultra\warewolf\Dev\Binaries\Infragistcs_Net6\InfragisticsWPF4.Math.Calculators.v15.1.dll". [C:\Users\ultra\warewolf\Dev\Dev2.Studio\Dev2.Studio.csproj]
C:\Program Files\dotnet\sdk\10.0.201\Microsoft.Common.CurrentVersion.targets(2451,5): warning MSB3277:             InfragisticsWPF4.Math.Calculators.v15.1, Version=15.1.20151.2055, Culture=neutral, PublicKeyToken=7dd5c3163f2cd0cb, processorArchitecture=MSIL [C:\Users\ultra\warewolf\Dev\Dev2.Studio\Dev2.Studio.csproj]
C:\Program Files\dotnet\sdk\10.0.201\Microsoft.Common.CurrentVersion.targets(2451,5): warning MSB3277:         C:\Users\ultra\warewolf\Dev\Binaries\Infragistcs_Net6\InfragisticsWPF4.v15.1.dll [C:\Users\ultra\warewolf\Dev\Dev2.Studio\Dev2.Studio.csproj]
C:\Program Files\dotnet\sdk\10.0.201\Microsoft.Common.CurrentVersion.targets(2451,5): warning MSB3277:           Project file item includes which caused reference "C:\Users\ultra\warewolf\Dev\Binaries\Infragistcs_Net6\InfragisticsWPF4.v15.1.dll". [C:\Users\ultra\warewolf\Dev\Dev2.Studio\Dev2.Studio.csproj]
C:\Program Files\dotnet\sdk\10.0.201\Microsoft.Common.CurrentVersion.targets(2451,5): warning MSB3277:             InfragisticsWPF4.v15.1, Version=15.1.20151.2055, Culture=neutral, PublicKeyToken=7dd5c3163f2cd0cb, processorArchitecture=MSIL [C:\Users\ultra\warewolf\Dev\Dev2.Studio\Dev2.Studio.csproj]
C:\Program Files\dotnet\sdk\10.0.201\Microsoft.Common.CurrentVersion.targets(2451,5): warning MSB3277:             InfragisticsWPF4.Controls.Editors.XamComboEditor.v15.1, Version=15.1.20151.2055, Culture=neutral, processorArchitecture=MSIL [C:\Users\ultra\warewolf\Dev\Dev2.Studio\Dev2.Studio.csproj]
C:\Program Files\dotnet\sdk\10.0.201\Microsoft.Common.CurrentVersion.targets(2451,5): warning MSB3277:             InfragisticsWPF4.Controls.Grids.XamGrid.v15.1, Version=15.1.20151.2055, Culture=neutral, PublicKeyToken=7dd5c3163f2cd0cb, processorArchitecture=MSIL [C:\Users\ultra\warewolf\Dev\Dev2.Studio\Dev2.Studio.csproj]
C:\Program Files\dotnet\sdk\10.0.201\Microsoft.Common.CurrentVersion.targets(2451,5): warning MSB3277:             CalculationManager.WPF [C:\Users\ultra\warewolf\Dev\Dev2.Studio\Dev2.Studio.csproj]
C:\Program Files\dotnet\sdk\10.0.201\Microsoft.Common.CurrentVersion.targets(2451,5): warning MSB3277:             InfragisticsWPF4.Controls.Interactions.XamDialogWindow.v15.1, Version=15.1.20151.2055, Culture=neutral, PublicKeyToken=7dd5c3163f2cd0cb, processorArchitecture=MSIL [C:\Users\ultra\warewolf\Dev\Dev2.Studio\Dev2.Studio.csproj]
C:\Program Files\dotnet\sdk\10.0.201\Microsoft.Common.CurrentVersion.targets(2451,5): warning MSB3277:             InfragisticsWPF4.Controls.Maps.XamNetworkNode.v15.1, Version=15.1.20151.2055, Culture=neutral, PublicKeyToken=7dd5c3163f2cd0cb, processorArchitecture=MSIL [C:\Users\ultra\warewolf\Dev\Dev2.Studio\Dev2.Studio.csproj]
C:\Program Files\dotnet\sdk\10.0.201\Microsoft.Common.CurrentVersion.targets(2451,5): warning MSB3277:             InfragisticsWPF4.Controls.Menus.XamDataTree.v15.1, Version=15.1.20151.2055, Culture=neutral, processorArchitecture=MSIL [C:\Users\ultra\warewolf\Dev\Dev2.Studio\Dev2.Studio.csproj]
C:\Program Files\dotnet\sdk\10.0.201\Microsoft.Common.CurrentVersion.targets(2451,5): warning MSB3277:             InfragisticsWPF4.Controls.Menus.XamMenu.v15.1, Version=15.1.20151.2055, Culture=neutral, processorArchitecture=MSIL [C:\Users\ultra\warewolf\Dev\Dev2.Studio\Dev2.Studio.csproj]
C:\Program Files\dotnet\sdk\10.0.201\Microsoft.Common.CurrentVersion.targets(2451,5): warning MSB3277:             InfragisticsWPF4.DataManager.v15.1, Version=15.1.20151.2055, Culture=neutral, processorArchitecture=MSIL [C:\Users\ultra\warewolf\Dev\Dev2.Studio\Dev2.Studio.csproj]
C:\Program Files\dotnet\sdk\10.0.201\Microsoft.Common.CurrentVersion.targets(2451,5): warning MSB3277:             InfragisticsWPF4.DataPresenter.v15.1 [C:\Users\ultra\warewolf\Dev\Dev2.Studio\Dev2.Studio.csproj]
C:\Program Files\dotnet\sdk\10.0.201\Microsoft.Common.CurrentVersion.targets(2451,5): warning MSB3277:             InfragisticsWPF4.DataVisualization.v15.1, Version=15.1.20151.2055, Culture=neutral, PublicKeyToken=7dd5c3163f2cd0cb, processorArchitecture=MSIL [C:\Users\ultra\warewolf\Dev\Dev2.Studio\Dev2.Studio.csproj]
C:\Program Files\dotnet\sdk\10.0.201\Microsoft.Common.CurrentVersion.targets(2451,5): warning MSB3277:             InfragisticsWPF4.DockManager.v15.1, Version=15.1.20151.2055, Culture=neutral, PublicKeyToken=7dd5c3163f2cd0cb, processorArchitecture=MSIL [C:\Users\ultra\warewolf\Dev\Dev2.Studio\Dev2.Studio.csproj]
C:\Program Files\dotnet\sdk\10.0.201\Microsoft.Common.CurrentVersion.targets(2451,5): warning MSB3277:             InfragisticsWPF4.Editors.v15.1, Version=15.1.20151.2055, Culture=neutral, processorArchitecture=MSIL [C:\Users\ultra\warewolf\Dev\Dev2.Studio\Dev2.Studio.csproj]
C:\Program Files\dotnet\sdk\10.0.201\Microsoft.Common.CurrentVersion.targets(2451,5): warning MSB3277:             InfragisticsWPF4.Math.Calculators.v15.1, Version=15.1.20151.2055, Culture=neutral, PublicKeyToken=7dd5c3163f2cd0cb, processorArchitecture=MSIL [C:\Users\ultra\warewolf\Dev\Dev2.Studio\Dev2.Studio.csproj]
C:\Program Files\dotnet\sdk\10.0.201\Microsoft.Common.CurrentVersion.targets(2451,5): warning MSB3277:             InfragisticsWPF4.Math.v15.1, Version=15.1.20151.2055, Culture=neutral, PublicKeyToken=7dd5c3163f2cd0cb, processorArchitecture=MSIL [C:\Users\ultra\warewolf\Dev\Dev2.Studio\Dev2.Studio.csproj]
C:\Program Files\dotnet\sdk\10.0.201\Microsoft.Common.CurrentVersion.targets(2451,5): warning MSB3277:         C:\Users\ultra\.nuget\packages\avalonedit\6.3.0.90\lib\net462\ICSharpCode.AvalonEdit.dll [C:\Users\ultra\warewolf\Dev\Dev2.Studio\Dev2.Studio.csproj]
C:\Program Files\dotnet\sdk\10.0.201\Microsoft.Common.CurrentVersion.targets(2451,5): warning MSB3277:           Project file item includes which caused reference "C:\Users\ultra\.nuget\packages\avalonedit\6.3.0.90\lib\net462\ICSharpCode.AvalonEdit.dll". [C:\Users\ultra\warewolf\Dev\Dev2.Studio\Dev2.Studio.csproj]
C:\Program Files\dotnet\sdk\10.0.201\Microsoft.Common.CurrentVersion.targets(2451,5): warning MSB3277:             C:\Users\ultra\.nuget\packages\avalonedit\6.3.0.90\lib\net462\ICSharpCode.AvalonEdit.dll [C:\Users\ultra\warewolf\Dev\Dev2.Studio\Dev2.Studio.csproj]
C:\Program Files\dotnet\sdk\10.0.201\Microsoft.Common.CurrentVersion.targets(2451,5): warning MSB3277:         C:\Users\ultra\.nuget\packages\caliburn.micro\4.0.212\lib\netcoreapp3.1\Caliburn.Micro.Platform.dll [C:\Users\ultra\warewolf\Dev\Dev2.Studio\Dev2.Studio.csproj]
C:\Program Files\dotnet\sdk\10.0.201\Microsoft.Common.CurrentVersion.targets(2451,5): warning MSB3277:           Project file item includes which caused reference "C:\Users\ultra\.nuget\packages\caliburn.micro\4.0.212\lib\netcoreapp3.1\Caliburn.Micro.Platform.dll". [C:\Users\ultra\warewolf\Dev\Dev2.Studio\Dev2.Studio.csproj]
C:\Program Files\dotnet\sdk\10.0.201\Microsoft.Common.CurrentVersion.targets(2451,5): warning MSB3277:             C:\Users\ultra\.nuget\packages\caliburn.micro\4.0.212\lib\netcoreapp3.1\Caliburn.Micro.Platform.dll [C:\Users\ultra\warewolf\Dev\Dev2.Studio\Dev2.Studio.csproj]
C:\Program Files\dotnet\sdk\10.0.201\Microsoft.Common.CurrentVersion.targets(2451,5): warning MSB3277:         C:\Users\ultra\.nuget\packages\extended.wpf.toolkit\4.4.0\lib\net5.0\Xceed.Wpf.AvalonDock.NET5.dll [C:\Users\ultra\warewolf\Dev\Dev2.Studio\Dev2.Studio.csproj]
C:\Program Files\dotnet\sdk\10.0.201\Microsoft.Common.CurrentVersion.targets(2451,5): warning MSB3277:           Project file item includes which caused reference "C:\Users\ultra\.nuget\packages\extended.wpf.toolkit\4.4.0\lib\net5.0\Xceed.Wpf.AvalonDock.NET5.dll". [C:\Users\ultra\warewolf\Dev\Dev2.Studio\Dev2.Studio.csproj]
C:\Program Files\dotnet\sdk\10.0.201\Microsoft.Common.CurrentVersion.targets(2451,5): warning MSB3277:             C:\Users\ultra\.nuget\packages\extended.wpf.toolkit\4.4.0\lib\net5.0\Xceed.Wpf.AvalonDock.NET5.dll [C:\Users\ultra\warewolf\Dev\Dev2.Studio\Dev2.Studio.csproj]
C:\Program Files\dotnet\sdk\10.0.201\Microsoft.Common.CurrentVersion.targets(2451,5): warning MSB3277:             C:\Users\ultra\.nuget\packages\extended.wpf.toolkit\4.4.0\lib\net5.0\Xceed.Wpf.AvalonDock.Themes.Aero.NET5.dll [C:\Users\ultra\warewolf\Dev\Dev2.Studio\Dev2.Studio.csproj]
C:\Program Files\dotnet\sdk\10.0.201\Microsoft.Common.CurrentVersion.targets(2451,5): warning MSB3277:             C:\Users\ultra\.nuget\packages\extended.wpf.toolkit\4.4.0\lib\net5.0\Xceed.Wpf.AvalonDock.Themes.Metro.NET5.dll [C:\Users\ultra\warewolf\Dev\Dev2.Studio\Dev2.Studio.csproj]
C:\Program Files\dotnet\sdk\10.0.201\Microsoft.Common.CurrentVersion.targets(2451,5): warning MSB3277:             C:\Users\ultra\.nuget\packages\extended.wpf.toolkit\4.4.0\lib\net5.0\Xceed.Wpf.AvalonDock.Themes.VS2010.NET5.dll [C:\Users\ultra\warewolf\Dev\Dev2.Studio\Dev2.Studio.csproj]
C:\Program Files\dotnet\sdk\10.0.201\Microsoft.Common.CurrentVersion.targets(2451,5): warning MSB3277:         C:\Users\ultra\.nuget\packages\extended.wpf.toolkit\4.4.0\lib\net5.0\Xceed.Wpf.AvalonDock.Themes.Aero.NET5.dll [C:\Users\ultra\warewolf\Dev\Dev2.Studio\Dev2.Studio.csproj]
C:\Program Files\dotnet\sdk\10.0.201\Microsoft.Common.CurrentVersion.targets(2451,5): warning MSB3277:           Project file item includes which caused reference "C:\Users\ultra\.nuget\packages\extended.wpf.toolkit\4.4.0\lib\net5.0\Xceed.Wpf.AvalonDock.Themes.Aero.NET5.dll". [C:\Users\ultra\warewolf\Dev\Dev2.Studio\Dev2.Studio.csproj]
C:\Program Files\dotnet\sdk\10.0.201\Microsoft.Common.CurrentVersion.targets(2451,5): warning MSB3277:             C:\Users\ultra\.nuget\packages\extended.wpf.toolkit\4.4.0\lib\net5.0\Xceed.Wpf.AvalonDock.Themes.Aero.NET5.dll [C:\Users\ultra\warewolf\Dev\Dev2.Studio\Dev2.Studio.csproj]
C:\Program Files\dotnet\sdk\10.0.201\Microsoft.Common.CurrentVersion.targets(2451,5): warning MSB3277:         C:\Users\ultra\.nuget\packages\extended.wpf.toolkit\4.4.0\lib\net5.0\Xceed.Wpf.Toolkit.NET5.dll [C:\Users\ultra\warewolf\Dev\Dev2.Studio\Dev2.Studio.csproj]
C:\Program Files\dotnet\sdk\10.0.201\Microsoft.Common.CurrentVersion.targets(2451,5): warning MSB3277:           Project file item includes which caused reference "C:\Users\ultra\.nuget\packages\extended.wpf.toolkit\4.4.0\lib\net5.0\Xceed.Wpf.Toolkit.NET5.dll". [C:\Users\ultra\warewolf\Dev\Dev2.Studio\Dev2.Studio.csproj]
C:\Program Files\dotnet\sdk\10.0.201\Microsoft.Common.CurrentVersion.targets(2451,5): warning MSB3277:             C:\Users\ultra\.nuget\packages\extended.wpf.toolkit\4.4.0\lib\net5.0\Xceed.Wpf.Toolkit.NET5.dll [C:\Users\ultra\warewolf\Dev\Dev2.Studio\Dev2.Studio.csproj]
C:\Program Files\dotnet\sdk\10.0.201\Microsoft.Common.CurrentVersion.targets(2451,5): warning MSB3277:         C:\Users\ultra\.nuget\packages\fontawesome.wpf\4.7.0.9\lib\net40\FontAwesome.WPF.dll [C:\Users\ultra\warewolf\Dev\Dev2.Studio\Dev2.Studio.csproj]
C:\Program Files\dotnet\sdk\10.0.201\Microsoft.Common.CurrentVersion.targets(2451,5): warning MSB3277:           Project file item includes which caused reference "C:\Users\ultra\.nuget\packages\fontawesome.wpf\4.7.0.9\lib\net40\FontAwesome.WPF.dll". [C:\Users\ultra\warewolf\Dev\Dev2.Studio\Dev2.Studio.csproj]
C:\Program Files\dotnet\sdk\10.0.201\Microsoft.Common.CurrentVersion.targets(2451,5): warning MSB3277:             C:\Users\ultra\.nuget\packages\fontawesome.wpf\4.7.0.9\lib\net40\FontAwesome.WPF.dll [C:\Users\ultra\warewolf\Dev\Dev2.Studio\Dev2.Studio.csproj]
C:\Program Files\dotnet\sdk\10.0.201\Microsoft.Common.CurrentVersion.targets(2451,5): warning MSB3277:         C:\Users\ultra\.nuget\packages\ironpython\3.4.0\lib\net6.0\IronPython.Wpf.dll [C:\Users\ultra\warewolf\Dev\Dev2.Studio\Dev2.Studio.csproj]
C:\Program Files\dotnet\sdk\10.0.201\Microsoft.Common.CurrentVersion.targets(2451,5): warning MSB3277:           Project file item includes which caused reference "C:\Users\ultra\.nuget\packages\ironpython\3.4.0\lib\net6.0\IronPython.Wpf.dll". [C:\Users\ultra\warewolf\Dev\Dev2.Studio\Dev2.Studio.csproj]
C:\Program Files\dotnet\sdk\10.0.201\Microsoft.Common.CurrentVersion.targets(2451,5): warning MSB3277:             C:\Users\ultra\.nuget\packages\ironpython\3.4.0\lib\net6.0\IronPython.Wpf.dll [C:\Users\ultra\warewolf\Dev\Dev2.Studio\Dev2.Studio.csproj]
C:\Program Files\dotnet\sdk\10.0.201\Microsoft.Common.CurrentVersion.targets(2451,5): warning MSB3277:         C:\Users\ultra\.nuget\packages\microsoft.xaml.behaviors.wpf\1.1.122\lib\net462\Microsoft.Xaml.Behaviors.dll [C:\Users\ultra\warewolf\Dev\Dev2.Studio\Dev2.Studio.csproj]
C:\Program Files\dotnet\sdk\10.0.201\Microsoft.Common.CurrentVersion.targets(2451,5): warning MSB3277:           Project file item includes which caused reference "C:\Users\ultra\.nuget\packages\microsoft.xaml.behaviors.wpf\1.1.122\lib\net462\Microsoft.Xaml.Behaviors.dll". [C:\Users\ultra\warewolf\Dev\Dev2.Studio\Dev2.Studio.csproj]
C:\Program Files\dotnet\sdk\10.0.201\Microsoft.Common.CurrentVersion.targets(2451,5): warning MSB3277:             C:\Users\ultra\.nuget\packages\microsoft.xaml.behaviors.wpf\1.1.122\lib\net462\Microsoft.Xaml.Behaviors.dll [C:\Users\ultra\warewolf\Dev\Dev2.Studio\Dev2.Studio.csproj]
C:\Program Files\dotnet\sdk\10.0.201\Microsoft.Common.CurrentVersion.targets(2451,5): warning MSB3277:             C:\Users\ultra\.nuget\packages\caliburn.micro\4.0.212\lib\netcoreapp3.1\Caliburn.Micro.Platform.dll [C:\Users\ultra\warewolf\Dev\Dev2.Studio\Dev2.Studio.csproj]
C:\Program Files\dotnet\sdk\10.0.201\Microsoft.Common.CurrentVersion.targets(2451,5): warning MSB3277:             C:\Users\ultra\.nuget\packages\prism.wpf\9.0.537\lib\net462\Prism.Wpf.dll [C:\Users\ultra\warewolf\Dev\Dev2.Studio\Dev2.Studio.csproj]
C:\Program Files\dotnet\sdk\10.0.201\Microsoft.Common.CurrentVersion.targets(2451,5): warning MSB3277:         C:\Users\ultra\.nuget\packages\prism.composition\5.0.0\lib\NET45\Microsoft.Practices.Prism.Composition.dll [C:\Users\ultra\warewolf\Dev\Dev2.Studio\Dev2.Studio.csproj]
C:\Program Files\dotnet\sdk\10.0.201\Microsoft.Common.CurrentVersion.targets(2451,5): warning MSB3277:           Project file item includes which caused reference "C:\Users\ultra\.nuget\packages\prism.composition\5.0.0\lib\NET45\Microsoft.Practices.Prism.Composition.dll". [C:\Users\ultra\warewolf\Dev\Dev2.Studio\Dev2.Studio.csproj]
C:\Program Files\dotnet\sdk\10.0.201\Microsoft.Common.CurrentVersion.targets(2451,5): warning MSB3277:             C:\Users\ultra\.nuget\packages\prism.composition\5.0.0\lib\NET45\Microsoft.Practices.Prism.Composition.dll [C:\Users\ultra\warewolf\Dev\Dev2.Studio\Dev2.Studio.csproj]
C:\Program Files\dotnet\sdk\10.0.201\Microsoft.Common.CurrentVersion.targets(2451,5): warning MSB3277:             C:\Users\ultra\.nuget\packages\prism.unityextensions\5.0.1\lib\NET45\Microsoft.Practices.Prism.UnityExtensions.dll [C:\Users\ultra\warewolf\Dev\Dev2.Studio\Dev2.Studio.csproj]
C:\Program Files\dotnet\sdk\10.0.201\Microsoft.Common.CurrentVersion.targets(2451,5): warning MSB3277:         C:\Users\ultra\.nuget\packages\prism.interactivity\5.0.0\lib\NET45\Microsoft.Practices.Prism.Interactivity.dll [C:\Users\ultra\warewolf\Dev\Dev2.Studio\Dev2.Studio.csproj]
C:\Program Files\dotnet\sdk\10.0.201\Microsoft.Common.CurrentVersion.targets(2451,5): warning MSB3277:           Project file item includes which caused reference "C:\Users\ultra\.nuget\packages\prism.interactivity\5.0.0\lib\NET45\Microsoft.Practices.Prism.Interactivity.dll". [C:\Users\ultra\warewolf\Dev\Dev2.Studio\Dev2.Studio.csproj]
C:\Program Files\dotnet\sdk\10.0.201\Microsoft.Common.CurrentVersion.targets(2451,5): warning MSB3277:             C:\Users\ultra\.nuget\packages\prism.interactivity\5.0.0\lib\NET45\Microsoft.Practices.Prism.Interactivity.dll [C:\Users\ultra\warewolf\Dev\Dev2.Studio\Dev2.Studio.csproj]
C:\Program Files\dotnet\sdk\10.0.201\Microsoft.Common.CurrentVersion.targets(2451,5): warning MSB3277:         C:\Users\ultra\.nuget\packages\prism.mvvm\1.0.0\lib\net45\Microsoft.Practices.Prism.Mvvm.Desktop.dll [C:\Users\ultra\warewolf\Dev\Dev2.Studio\Dev2.Studio.csproj]
C:\Program Files\dotnet\sdk\10.0.201\Microsoft.Common.CurrentVersion.targets(2451,5): warning MSB3277:           Project file item includes which caused reference "C:\Users\ultra\.nuget\packages\prism.mvvm\1.0.0\lib\net45\Microsoft.Practices.Prism.Mvvm.Desktop.dll". [C:\Users\ultra\warewolf\Dev\Dev2.Studio\Dev2.Studio.csproj]
C:\Program Files\dotnet\sdk\10.0.201\Microsoft.Common.CurrentVersion.targets(2451,5): warning MSB3277:             C:\Users\ultra\.nuget\packages\prism.mvvm\1.0.0\lib\net45\Microsoft.Practices.Prism.Mvvm.Desktop.dll [C:\Users\ultra\warewolf\Dev\Dev2.Studio\Dev2.Studio.csproj]
C:\Program Files\dotnet\sdk\10.0.201\Microsoft.Common.CurrentVersion.targets(2451,5): warning MSB3277:         C:\Users\ultra\.nuget\packages\prism.unityextensions\5.0.1\lib\NET45\Microsoft.Practices.Prism.UnityExtensions.dll [C:\Users\ultra\warewolf\Dev\Dev2.Studio\Dev2.Studio.csproj]
C:\Program Files\dotnet\sdk\10.0.201\Microsoft.Common.CurrentVersion.targets(2451,5): warning MSB3277:           Project file item includes which caused reference "C:\Users\ultra\.nuget\packages\prism.unityextensions\5.0.1\lib\NET45\Microsoft.Practices.Prism.UnityExtensions.dll". [C:\Users\ultra\warewolf\Dev\Dev2.Studio\Dev2.Studio.csproj]
C:\Program Files\dotnet\sdk\10.0.201\Microsoft.Common.CurrentVersion.targets(2451,5): warning MSB3277:             C:\Users\ultra\.nuget\packages\prism.unityextensions\5.0.1\lib\NET45\Microsoft.Practices.Prism.UnityExtensions.dll [C:\Users\ultra\warewolf\Dev\Dev2.Studio\Dev2.Studio.csproj]
C:\Program Files\dotnet\sdk\10.0.201\Microsoft.Common.CurrentVersion.targets(2451,5): warning MSB3277:         C:\Users\ultra\.nuget\packages\prism.wpf\9.0.537\lib\net462\Prism.Wpf.dll [C:\Users\ultra\warewolf\Dev\Dev2.Studio\Dev2.Studio.csproj]
C:\Program Files\dotnet\sdk\10.0.201\Microsoft.Common.CurrentVersion.targets(2451,5): warning MSB3277:           Project file item includes which caused reference "C:\Users\ultra\.nuget\packages\prism.wpf\9.0.537\lib\net462\Prism.Wpf.dll". [C:\Users\ultra\warewolf\Dev\Dev2.Studio\Dev2.Studio.csproj]
C:\Program Files\dotnet\sdk\10.0.201\Microsoft.Common.CurrentVersion.targets(2451,5): warning MSB3277:             C:\Users\ultra\.nuget\packages\prism.wpf\9.0.537\lib\net462\Prism.Wpf.dll [C:\Users\ultra\warewolf\Dev\Dev2.Studio\Dev2.Studio.csproj]
C:\Program Files\dotnet\sdk\10.0.201\Microsoft.Common.CurrentVersion.targets(2451,5): warning MSB3277:         C:\Users\ultra\.nuget\packages\reactiveui.wpf\18.4.1\lib\net462\ReactiveUI.Wpf.dll [C:\Users\ultra\warewolf\Dev\Dev2.Studio\Dev2.Studio.csproj]
C:\Program Files\dotnet\sdk\10.0.201\Microsoft.Common.CurrentVersion.targets(2451,5): warning MSB3277:           Project file item includes which caused reference "C:\Users\ultra\.nuget\packages\reactiveui.wpf\18.4.1\lib\net462\ReactiveUI.Wpf.dll". [C:\Users\ultra\warewolf\Dev\Dev2.Studio\Dev2.Studio.csproj]
C:\Program Files\dotnet\sdk\10.0.201\Microsoft.Common.CurrentVersion.targets(2451,5): warning MSB3277:             C:\Users\ultra\.nuget\packages\reactiveui.wpf\18.4.1\lib\net462\ReactiveUI.Wpf.dll [C:\Users\ultra\warewolf\Dev\Dev2.Studio\Dev2.Studio.csproj]
C:\Program Files\dotnet\sdk\10.0.201\Microsoft.Common.CurrentVersion.targets(2451,5): warning MSB3277: Found conflicts between different versions of "System.Drawing.Common" that could not be resolved. [C:\Users\ultra\warewolf\Dev\Dev2.Studio\Dev2.Studio.csproj]
C:\Program Files\dotnet\sdk\10.0.201\Microsoft.Common.CurrentVersion.targets(2451,5): warning MSB3277: There was a conflict between "System.Drawing.Common, Version=6.0.0.0, Culture=neutral, PublicKeyToken=cc7b13ffcd2ddd51" and "System.Drawing.Common, Version=8.0.0.0, Culture=neutral, PublicKeyToken=cc7b13ffcd2ddd51". [C:\Users\ultra\warewolf\Dev\Dev2.Studio\Dev2.Studio.csproj]
C:\Program Files\dotnet\sdk\10.0.201\Microsoft.Common.CurrentVersion.targets(2451,5): warning MSB3277:     "System.Drawing.Common, Version=6.0.0.0, Culture=neutral, PublicKeyToken=cc7b13ffcd2ddd51" was chosen because it was primary and "System.Drawing.Common, Version=8.0.0.0, Culture=neutral, PublicKeyToken=cc7b13ffcd2ddd51" was not. [C:\Users\ultra\warewolf\Dev\Dev2.Studio\Dev2.Studio.csproj]
C:\Program Files\dotnet\sdk\10.0.201\Microsoft.Common.CurrentVersion.targets(2451,5): warning MSB3277:     References which depend on "System.Drawing.Common, Version=6.0.0.0, Culture=neutral, PublicKeyToken=cc7b13ffcd2ddd51" [C:\Users\ultra\.nuget\packages\system.drawing.common\6.0.0\lib\net6.0\System.Drawing.Common.dll]. [C:\Users\ultra\warewolf\Dev\Dev2.Studio\Dev2.Studio.csproj]
C:\Program Files\dotnet\sdk\10.0.201\Microsoft.Common.CurrentVersion.targets(2451,5): warning MSB3277:         C:\Users\ultra\.nuget\packages\system.drawing.common\6.0.0\lib\net6.0\System.Drawing.Common.dll [C:\Users\ultra\warewolf\Dev\Dev2.Studio\Dev2.Studio.csproj]
C:\Program Files\dotnet\sdk\10.0.201\Microsoft.Common.CurrentVersion.targets(2451,5): warning MSB3277:           Project file item includes which caused reference "C:\Users\ultra\.nuget\packages\system.drawing.common\6.0.0\lib\net6.0\System.Drawing.Common.dll". [C:\Users\ultra\warewolf\Dev\Dev2.Studio\Dev2.Studio.csproj]
C:\Program Files\dotnet\sdk\10.0.201\Microsoft.Common.CurrentVersion.targets(2451,5): warning MSB3277:             C:\Users\ultra\.nuget\packages\system.drawing.common\6.0.0\lib\net6.0\System.Drawing.Common.dll [C:\Users\ultra\warewolf\Dev\Dev2.Studio\Dev2.Studio.csproj]
C:\Program Files\dotnet\sdk\10.0.201\Microsoft.Common.CurrentVersion.targets(2451,5): warning MSB3277:     References which depend on or have been unified to "System.Drawing.Common, Version=8.0.0.0, Culture=neutral, PublicKeyToken=cc7b13ffcd2ddd51" []. [C:\Users\ultra\warewolf\Dev\Dev2.Studio\Dev2.Studio.csproj]
C:\Program Files\dotnet\sdk\10.0.201\Microsoft.Common.CurrentVersion.targets(2451,5): warning MSB3277:         C:\Users\ultra\.nuget\packages\servicestack\6.3.0\lib\net6.0\ServiceStack.dll [C:\Users\ultra\warewolf\Dev\Dev2.Studio\Dev2.Studio.csproj]
C:\Program Files\dotnet\sdk\10.0.201\Microsoft.Common.CurrentVersion.targets(2451,5): warning MSB3277:           Project file item includes which caused reference "C:\Users\ultra\.nuget\packages\servicestack\6.3.0\lib\net6.0\ServiceStack.dll". [C:\Users\ultra\warewolf\Dev\Dev2.Studio\Dev2.Studio.csproj]
C:\Program Files\dotnet\sdk\10.0.201\Microsoft.Common.CurrentVersion.targets(2451,5): warning MSB3277:             C:\Users\ultra\.nuget\packages\servicestack\6.3.0\lib\net6.0\ServiceStack.dll [C:\Users\ultra\warewolf\Dev\Dev2.Studio\Dev2.Studio.csproj]
C:\Program Files\dotnet\sdk\10.0.201\Microsoft.Common.CurrentVersion.targets(2451,5): warning MSB3277:         C:\Users\ultra\.nuget\packages\system.windows.extensions\8.0.0\lib\net8.0\System.Windows.Extensions.dll [C:\Users\ultra\warewolf\Dev\Dev2.Studio\Dev2.Studio.csproj]
C:\Program Files\dotnet\sdk\10.0.201\Microsoft.Common.CurrentVersion.targets(2451,5): warning MSB3277:           Project file item includes which caused reference "C:\Users\ultra\.nuget\packages\system.windows.extensions\8.0.0\lib\net8.0\System.Windows.Extensions.dll". [C:\Users\ultra\warewolf\Dev\Dev2.Studio\Dev2.Studio.csproj]
C:\Program Files\dotnet\sdk\10.0.201\Microsoft.Common.CurrentVersion.targets(2451,5): warning MSB3277:             C:\Users\ultra\.nuget\packages\system.windows.extensions\8.0.0\lib\net8.0\System.Windows.Extensions.dll [C:\Users\ultra\warewolf\Dev\Dev2.Studio\Dev2.Studio.csproj]
C:\Program Files\dotnet\sdk\10.0.201\Microsoft.Common.CurrentVersion.targets(2451,5): warning MSB3277:             InfragisticsWPF4.Editors.v15.1, Version=15.1.20151.2055, Culture=neutral, processorArchitecture=MSIL [C:\Users\ultra\warewolf\Dev\Dev2.Studio\Dev2.Studio.csproj]
C:\Program Files\dotnet\sdk\10.0.201\Microsoft.Common.CurrentVersion.targets(2451,5): warning MSB3277:             InfragisticsWPF4.DataPresenter.v15.1 [C:\Users\ultra\warewolf\Dev\Dev2.Studio\Dev2.Studio.csproj]
C:\Program Files\dotnet\sdk\10.0.201\Microsoft.Common.CurrentVersion.targets(2451,5): warning MSB3277:             C:\Users\ultra\.nuget\packages\extended.wpf.toolkit\4.4.0\lib\net5.0\Xceed.Wpf.Toolkit.NET5.dll [C:\Users\ultra\warewolf\Dev\Dev2.Studio\Dev2.Studio.csproj]
C:\Program Files\dotnet\sdk\10.0.201\Microsoft.Common.CurrentVersion.targets(2451,5): warning MSB3277:             C:\Users\ultra\.nuget\packages\system.security.permissions\8.0.0\lib\net8.0\System.Security.Permissions.dll [C:\Users\ultra\warewolf\Dev\Dev2.Studio\Dev2.Studio.csproj]
C:\Program Files\dotnet\sdk\10.0.201\Microsoft.Common.CurrentVersion.targets(2451,5): warning MSB3277:             C:\Users\ultra\warewolf\Dev\Dev2.Data\bin\Debug\net8.0\Dev2.Data.dll [C:\Users\ultra\warewolf\Dev\Dev2.Studio\Dev2.Studio.csproj]
C:\Program Files\dotnet\sdk\10.0.201\Microsoft.Common.CurrentVersion.targets(2451,5): warning MSB3277:             C:\Users\ultra\warewolf\Dev\Dev2.Activities\bin\Debug\net8.0\Dev2.Activities.dll [C:\Users\ultra\warewolf\Dev\Dev2.Studio\Dev2.Studio.csproj]
C:\Program Files\dotnet\sdk\10.0.201\Microsoft.Common.CurrentVersion.targets(2451,5): warning MSB3277:             C:\Users\ultra\warewolf\Dev\Dev2.Core\bin\Debug\net8.0\Dev2.Core.dll [C:\Users\ultra\warewolf\Dev\Dev2.Studio\Dev2.Studio.csproj]
C:\Program Files\dotnet\sdk\10.0.201\Microsoft.Common.CurrentVersion.targets(2451,5): warning MSB3277:             C:\Users\ultra\warewolf\Dev\Dev2.Intellisense\bin\Debug\net8.0\Dev2.Intellisense.dll [C:\Users\ultra\warewolf\Dev\Dev2.Studio\Dev2.Studio.csproj]
C:\Program Files\dotnet\sdk\10.0.201\Microsoft.Common.CurrentVersion.targets(2451,5): warning MSB3277:             C:\Users\ultra\warewolf\Dev\Dev2.Scheduler\bin\Debug\net8.0\Dev2.Scheduler.dll [C:\Users\ultra\warewolf\Dev\Dev2.Studio\Dev2.Studio.csproj]
C:\Program Files\dotnet\sdk\10.0.201\Microsoft.Common.CurrentVersion.targets(2451,5): warning MSB3277:             C:\Users\ultra\warewolf\Dev\Dev2.Services.Execution\bin\Debug\net8.0\Dev2.Services.Execution.dll [C:\Users\ultra\warewolf\Dev\Dev2.Studio\Dev2.Studio.csproj]
C:\Program Files\dotnet\sdk\10.0.201\Microsoft.Common.CurrentVersion.targets(2451,5): warning MSB3277:             C:\Users\ultra\warewolf\Dev\Dev2.Studio.Core\bin\Debug\net8.0\Dev2.Studio.Core.dll [C:\Users\ultra\warewolf\Dev\Dev2.Studio\Dev2.Studio.csproj]
C:\Program Files\dotnet\sdk\10.0.201\Microsoft.Common.CurrentVersion.targets(2451,5): warning MSB3277:             C:\Users\ultra\warewolf\Dev\Dev2.Studio.Interfaces\bin\Debug\net8.0\Dev2.Studio.Interfaces.dll [C:\Users\ultra\warewolf\Dev\Dev2.Studio\Dev2.Studio.csproj]
C:\Program Files\dotnet\sdk\10.0.201\Microsoft.Common.CurrentVersion.targets(2451,5): warning MSB3277:             C:\Users\ultra\warewolf\Dev\Warewolf.Core\bin\Debug\net8.0\Warewolf.Core.dll [C:\Users\ultra\warewolf\Dev\Dev2.Studio\Dev2.Studio.csproj]
C:\Program Files\dotnet\sdk\10.0.201\Microsoft.Common.CurrentVersion.targets(2451,5): warning MSB3277:             C:\Users\ultra\warewolf\Dev\Warewolf.ResourceManagement\bin\Debug\net8.0\Warewolf.ResourceManagement.dll [C:\Users\ultra\warewolf\Dev\Dev2.Studio\Dev2.Studio.csproj]
C:\Program Files\dotnet\sdk\10.0.201\Microsoft.Common.CurrentVersion.targets(2451,5): warning MSB3277:             C:\Users\ultra\warewolf\Dev\Warewolf.Studio.Core\bin\Debug\net8.0\Warewolf.Studio.Core.dll [C:\Users\ultra\warewolf\Dev\Dev2.Studio\Dev2.Studio.csproj]
C:\Program Files\dotnet\sdk\10.0.201\Microsoft.Common.CurrentVersion.targets(2451,5): warning MSB3277:             C:\Users\ultra\warewolf\Dev\Warewolf.Studio.Models\bin\Debug\net8.0\Warewolf.Studio.Models.dll [C:\Users\ultra\warewolf\Dev\Dev2.Studio\Dev2.Studio.csproj]
C:\Program Files\dotnet\sdk\10.0.201\Microsoft.Common.CurrentVersion.targets(2451,5): warning MSB3277:             C:\Users\ultra\warewolf\Dev\Warewolf.Studio.CustomControls\bin\Debug\net8.0\Warewolf.Studio.CustomControls.dll [C:\Users\ultra\warewolf\Dev\Dev2.Studio\Dev2.Studio.csproj]
C:\Program Files\dotnet\sdk\10.0.201\Microsoft.Common.CurrentVersion.targets(2451,5): warning MSB3277:             C:\Users\ultra\warewolf\Dev\Warewolf.Studio.ViewModels\bin\Debug\net8.0\Warewolf.Studio.ViewModels.dll [C:\Users\ultra\warewolf\Dev\Dev2.Studio\Dev2.Studio.csproj]
C:\Program Files\dotnet\sdk\10.0.201\Microsoft.Common.CurrentVersion.targets(2451,5): warning MSB3277:             C:\Users\ultra\warewolf\Dev\Warewolf.Trigger.Queue\bin\Debug\net8.0\Warewolf.Trigger.Queue.dll [C:\Users\ultra\warewolf\Dev\Dev2.Studio\Dev2.Studio.csproj]
C:\Program Files\dotnet\sdk\10.0.201\Microsoft.Common.CurrentVersion.targets(2451,5): warning MSB3277:             C:\Users\ultra\warewolf\Dev\Warewolf.UI\bin\Debug\net8.0\Warewolf.UI.dll [C:\Users\ultra\warewolf\Dev\Dev2.Studio\Dev2.Studio.csproj]
C:\Program Files\dotnet\sdk\10.0.201\Microsoft.Common.CurrentVersion.targets(2451,5): warning MSB3277:             C:\Users\ultra\warewolf\Dev\Dev2.Runtime.Services\bin\Debug\net8.0\Dev2.Runtime.Services.dll [C:\Users\ultra\warewolf\Dev\Dev2.Studio\Dev2.Studio.csproj]
C:\Program Files\dotnet\sdk\10.0.201\Microsoft.Common.CurrentVersion.targets(2451,5): warning MSB3277:             C:\Users\ultra\warewolf\Dev\Warewolf.Auditing\bin\Debug\net8.0\Warewolf.Auditing.dll [C:\Users\ultra\warewolf\Dev\Dev2.Studio\Dev2.Studio.csproj]
C:\Program Files\dotnet\sdk\10.0.201\Microsoft.Common.CurrentVersion.targets(2451,5): warning MSB3277:             C:\Users\ultra\warewolf\Dev\Warewolf.Common.NetStandard20\bin\Debug\net8.0\Warewolf.Common.NetStandard20.dll [C:\Users\ultra\warewolf\Dev\Dev2.Studio\Dev2.Studio.csproj]
C:\Program Files\dotnet\sdk\10.0.201\Microsoft.Common.CurrentVersion.targets(2451,5): warning MSB3277:             C:\Users\ultra\warewolf\Dev\Warewolf.Driver.Persistence\bin\Debug\net8.0\Warewolf.Driver.Persistence.dll [C:\Users\ultra\warewolf\Dev\Dev2.Studio\Dev2.Studio.csproj]
C:\Program Files\dotnet\sdk\10.0.201\Microsoft.Common.CurrentVersion.targets(2451,5): warning MSB3277:             C:\Users\ultra\warewolf\Dev\Warewolf.Exchange.Email.Wrapper\bin\Debug\net8.0\Warewolf.Exchange.Email.Wrapper.dll [C:\Users\ultra\warewolf\Dev\Dev2.Studio\Dev2.Studio.csproj]
C:\Program Files\dotnet\sdk\10.0.201\Microsoft.Common.CurrentVersion.targets(2451,5): warning MSB3277:             InfragisticsWPF4.DataVisualization.v15.1, Version=15.1.20151.2055, Culture=neutral, PublicKeyToken=7dd5c3163f2cd0cb, processorArchitecture=MSIL [C:\Users\ultra\warewolf\Dev\Dev2.Studio\Dev2.Studio.csproj]
C:\Program Files\dotnet\sdk\10.0.201\Microsoft.Common.CurrentVersion.targets(2451,5): warning MSB3277:             InfragisticsWPF4.Controls.Maps.XamNetworkNode.v15.1, Version=15.1.20151.2055, Culture=neutral, PublicKeyToken=7dd5c3163f2cd0cb, processorArchitecture=MSIL [C:\Users\ultra\warewolf\Dev\Dev2.Studio\Dev2.Studio.csproj]
C:\Program Files\dotnet\sdk\10.0.201\Microsoft.Common.CurrentVersion.targets(2451,5): warning MSB3277:             InfragisticsWPF4.DockManager.v15.1, Version=15.1.20151.2055, Culture=neutral, PublicKeyToken=7dd5c3163f2cd0cb, processorArchitecture=MSIL [C:\Users\ultra\warewolf\Dev\Dev2.Studio\Dev2.Studio.csproj]
C:\Program Files\dotnet\sdk\10.0.201\Microsoft.Common.CurrentVersion.targets(2451,5): warning MSB3277:             InfragisticsWPF4.Math.Calculators.v15.1, Version=15.1.20151.2055, Culture=neutral, PublicKeyToken=7dd5c3163f2cd0cb, processorArchitecture=MSIL [C:\Users\ultra\warewolf\Dev\Dev2.Studio\Dev2.Studio.csproj]
C:\Program Files\dotnet\sdk\10.0.201\Microsoft.Common.CurrentVersion.targets(2451,5): warning MSB3277:             InfragisticsWPF4.v15.1, Version=15.1.20151.2055, Culture=neutral, PublicKeyToken=7dd5c3163f2cd0cb, processorArchitecture=MSIL [C:\Users\ultra\warewolf\Dev\Dev2.Studio\Dev2.Studio.csproj]
C:\Program Files\dotnet\sdk\10.0.201\Microsoft.Common.CurrentVersion.targets(2451,5): warning MSB3277:             InfragisticsWPF4.Controls.Editors.XamComboEditor.v15.1, Version=15.1.20151.2055, Culture=neutral, processorArchitecture=MSIL [C:\Users\ultra\warewolf\Dev\Dev2.Studio\Dev2.Studio.csproj]
C:\Program Files\dotnet\sdk\10.0.201\Microsoft.Common.CurrentVersion.targets(2451,5): warning MSB3277:             InfragisticsWPF4.Controls.Grids.XamGrid.v15.1, Version=15.1.20151.2055, Culture=neutral, PublicKeyToken=7dd5c3163f2cd0cb, processorArchitecture=MSIL [C:\Users\ultra\warewolf\Dev\Dev2.Studio\Dev2.Studio.csproj]
C:\Program Files\dotnet\sdk\10.0.201\Microsoft.Common.CurrentVersion.targets(2451,5): warning MSB3277:             CalculationManager.WPF [C:\Users\ultra\warewolf\Dev\Dev2.Studio\Dev2.Studio.csproj]
C:\Program Files\dotnet\sdk\10.0.201\Microsoft.Common.CurrentVersion.targets(2451,5): warning MSB3277:             InfragisticsWPF4.Controls.Interactions.XamDialogWindow.v15.1, Version=15.1.20151.2055, Culture=neutral, PublicKeyToken=7dd5c3163f2cd0cb, processorArchitecture=MSIL [C:\Users\ultra\warewolf\Dev\Dev2.Studio\Dev2.Studio.csproj]
C:\Program Files\dotnet\sdk\10.0.201\Microsoft.Common.CurrentVersion.targets(2451,5): warning MSB3277:             InfragisticsWPF4.Controls.Menus.XamDataTree.v15.1, Version=15.1.20151.2055, Culture=neutral, processorArchitecture=MSIL [C:\Users\ultra\warewolf\Dev\Dev2.Studio\Dev2.Studio.csproj]
C:\Program Files\dotnet\sdk\10.0.201\Microsoft.Common.CurrentVersion.targets(2451,5): warning MSB3277:             InfragisticsWPF4.Controls.Menus.XamMenu.v15.1, Version=15.1.20151.2055, Culture=neutral, processorArchitecture=MSIL [C:\Users\ultra\warewolf\Dev\Dev2.Studio\Dev2.Studio.csproj]
C:\Program Files\dotnet\sdk\10.0.201\Microsoft.Common.CurrentVersion.targets(2451,5): warning MSB3277:             InfragisticsWPF4.DataManager.v15.1, Version=15.1.20151.2055, Culture=neutral, processorArchitecture=MSIL [C:\Users\ultra\warewolf\Dev\Dev2.Studio\Dev2.Studio.csproj]
C:\Program Files\dotnet\sdk\10.0.201\Microsoft.Common.CurrentVersion.targets(2451,5): warning MSB3277:             InfragisticsWPF4.Math.v15.1, Version=15.1.20151.2055, Culture=neutral, PublicKeyToken=7dd5c3163f2cd0cb, processorArchitecture=MSIL [C:\Users\ultra\warewolf\Dev\Dev2.Studio\Dev2.Studio.csproj]
C:\Program Files\dotnet\sdk\10.0.201\Microsoft.Common.CurrentVersion.targets(2451,5): warning MSB3277:             C:\Users\ultra\.nuget\packages\dotnetzip\1.16.0\lib\netstandard2.0\DotNetZip.dll [C:\Users\ultra\warewolf\Dev\Dev2.Studio\Dev2.Studio.csproj]
C:\Program Files\dotnet\sdk\10.0.201\Microsoft.Common.CurrentVersion.targets(2451,5): warning MSB3277:             C:\Users\ultra\warewolf\Dev\Dev2.Data.Interfaces\bin\Debug\net8.0\Dev2.Data.Interfaces.dll [C:\Users\ultra\warewolf\Dev\Dev2.Studio\Dev2.Studio.csproj]
C:\Program Files\dotnet\sdk\10.0.201\Microsoft.Common.CurrentVersion.targets(2451,5): warning MSB3277:             C:\Users\ultra\warewolf\Dev\Dev2.Diagnostics\bin\Debug\net8.0\Dev2.Diagnostics.dll [C:\Users\ultra\warewolf\Dev\Dev2.Studio\Dev2.Studio.csproj]
C:\Program Files\dotnet\sdk\10.0.201\Microsoft.Common.CurrentVersion.targets(2451,5): warning MSB3277:             C:\Users\ultra\warewolf\Dev\Dev2.Infrastructure\bin\Debug\net8.0\Dev2.Infrastructure.dll [C:\Users\ultra\warewolf\Dev\Dev2.Studio\Dev2.Studio.csproj]
C:\Program Files\dotnet\sdk\10.0.201\Microsoft.Common.CurrentVersion.targets(2451,5): warning MSB3277:             C:\Users\ultra\warewolf\Dev\Dev2.Common\bin\Debug\net8.0\Dev2.Common.dll [C:\Users\ultra\warewolf\Dev\Dev2.Studio\Dev2.Studio.csproj]
C:\Program Files\dotnet\sdk\10.0.201\Microsoft.Common.CurrentVersion.targets(2451,5): warning MSB3277:             C:\Users\ultra\warewolf\Dev\Dev2.TaskScheduler.Wrappers\bin\Debug\net8.0\Dev2.TaskScheduler.Wrappers.dll [C:\Users\ultra\warewolf\Dev\Dev2.Studio\Dev2.Studio.csproj]
C:\Program Files\dotnet\sdk\10.0.201\Microsoft.Common.CurrentVersion.targets(2451,5): warning MSB3277:             C:\Users\ultra\warewolf\Dev\Dev2.Util\bin\Debug\net8.0\Dev2.Util.dll [C:\Users\ultra\warewolf\Dev\Dev2.Studio\Dev2.Studio.csproj]
C:\Program Files\dotnet\sdk\10.0.201\Microsoft.Common.CurrentVersion.targets(2451,5): warning MSB3277:             C:\Users\ultra\warewolf\Dev\Warewolf.Sharepoint\bin\Debug\net8.0\Warewolf.Sharepoint.dll [C:\Users\ultra\warewolf\Dev\Dev2.Studio\Dev2.Studio.csproj]
C:\Program Files\dotnet\sdk\10.0.201\Microsoft.Common.CurrentVersion.targets(2451,5): warning MSB3277:             C:\Users\ultra\warewolf\Dev\Warewolf.Storage\bin\Debug\net8.0\Warewolf.Storage.dll [C:\Users\ultra\warewolf\Dev\Dev2.Studio\Dev2.Studio.csproj]
C:\Program Files\dotnet\sdk\10.0.201\Microsoft.Common.CurrentVersion.targets(2451,5): warning MSB3277:             C:\Users\ultra\warewolf\Dev\Dev2.Development.Languages\bin\Debug\net8.0\Dev2.Development.Languages.dll [C:\Users\ultra\warewolf\Dev\Dev2.Studio\Dev2.Studio.csproj]
C:\Program Files\dotnet\sdk\10.0.201\Microsoft.Common.CurrentVersion.targets(2451,5): warning MSB3277:             C:\Users\ultra\warewolf\Dev\Dev2.Services.Sql\bin\Debug\net8.0\Dev2.Services.Sql.dll [C:\Users\ultra\warewolf\Dev\Dev2.Studio\Dev2.Studio.csproj]
C:\Program Files\dotnet\sdk\10.0.201\Microsoft.Common.CurrentVersion.targets(2451,5): warning MSB3277:             C:\Users\ultra\warewolf\Dev\Warewolf.AI.Harness\bin\Debug\net8.0\Warewolf.AI.Harness.dll [C:\Users\ultra\warewolf\Dev\Dev2.Studio\Dev2.Studio.csproj]
C:\Program Files\dotnet\sdk\10.0.201\Microsoft.Common.CurrentVersion.targets(2451,5): warning MSB3277:             C:\Users\ultra\warewolf\Dev\Warewolf.Driver.Serilog\bin\Debug\net8.0\Warewolf.Driver.Serilog.dll [C:\Users\ultra\warewolf\Dev\Dev2.Studio\Dev2.Studio.csproj]
C:\Program Files\dotnet\sdk\10.0.201\Microsoft.Common.CurrentVersion.targets(2451,5): warning MSB3277:             C:\Users\ultra\.nuget\packages\mindbox.data.linq\5.0.0\lib\netstandard2.0\Mindbox.Data.Linq.dll [C:\Users\ultra\warewolf\Dev\Dev2.Studio\Dev2.Studio.csproj]
C:\Program Files\dotnet\sdk\10.0.201\Microsoft.Common.CurrentVersion.targets(2451,5): warning MSB3277:             C:\Users\ultra\.nuget\packages\mysql.data\8.4.0\lib\net8.0\MySql.Data.dll [C:\Users\ultra\warewolf\Dev\Dev2.Studio\Dev2.Studio.csproj]
C:\Program Files\dotnet\sdk\10.0.201\Microsoft.Common.CurrentVersion.targets(2451,5): warning MSB3277:             C:\Users\ultra\.nuget\packages\oracle.manageddataaccess.core\3.21.70\lib\netstandard2.1\Oracle.ManagedDataAccess.dll [C:\Users\ultra\warewolf\Dev\Dev2.Studio\Dev2.Studio.csproj]
C:\Program Files\dotnet\sdk\10.0.201\Microsoft.Common.CurrentVersion.targets(2451,5): warning MSB3277:             C:\Users\ultra\.nuget\packages\system.directoryservices\6.0.0\lib\net6.0\System.DirectoryServices.dll [C:\Users\ultra\warewolf\Dev\Dev2.Studio\Dev2.Studio.csproj]
C:\Program Files\dotnet\sdk\10.0.201\Microsoft.Common.CurrentVersion.targets(2451,5): warning MSB3277:             C:\Users\ultra\.nuget\packages\corewcf.primitives\1.2.1\lib\netstandard2.0\CoreWCF.Primitives.dll [C:\Users\ultra\warewolf\Dev\Dev2.Studio\Dev2.Studio.csproj]
C:\Program Files\dotnet\sdk\10.0.201\Microsoft.Common.CurrentVersion.targets(2451,5): warning MSB3277:             C:\Users\ultra\.nuget\packages\corewcf.http\1.2.1\lib\netstandard2.0\CoreWCF.Http.dll [C:\Users\ultra\warewolf\Dev\Dev2.Studio\Dev2.Studio.csproj]
C:\Program Files\dotnet\sdk\10.0.201\Microsoft.Common.CurrentVersion.targets(2451,5): warning MSB3277:             C:\Users\ultra\.nuget\packages\corewcf.nettcp\1.2.1\lib\netstandard2.0\CoreWCF.NetTcp.dll [C:\Users\ultra\warewolf\Dev\Dev2.Studio\Dev2.Studio.csproj]
C:\Program Files\dotnet\sdk\10.0.201\Microsoft.Common.CurrentVersion.targets(2451,5): warning MSB3277:             C:\Users\ultra\.nuget\packages\corewcf.webhttp\1.2.1\lib\netstandard2.0\CoreWCF.WebHttp.dll [C:\Users\ultra\warewolf\Dev\Dev2.Studio\Dev2.Studio.csproj]
C:\Program Files\dotnet\sdk\10.0.201\Microsoft.Common.CurrentVersion.targets(2451,5): warning MSB3277:             C:\Program Files\dotnet\packs\Microsoft.NETCore.App.Ref\8.0.25\ref/net8.0/System.Configuration.dll [C:\Users\ultra\warewolf\Dev\Dev2.Studio\Dev2.Studio.csproj]
C:\Program Files\dotnet\sdk\10.0.201\Microsoft.Common.CurrentVersion.targets(2451,5): warning MSB3277:             C:\Users\ultra\.nuget\packages\prism.composition\5.0.0\lib\NET45\Microsoft.Practices.Prism.Composition.dll [C:\Users\ultra\warewolf\Dev\Dev2.Studio\Dev2.Studio.csproj]
C:\Program Files\dotnet\sdk\10.0.201\Microsoft.Common.CurrentVersion.targets(2451,5): warning MSB3277:             C:\Users\ultra\.nuget\packages\prism.unityextensions\5.0.1\lib\NET45\Microsoft.Practices.Prism.UnityExtensions.dll [C:\Users\ultra\warewolf\Dev\Dev2.Studio\Dev2.Studio.csproj]
C:\Program Files\dotnet\sdk\10.0.201\Microsoft.Common.CurrentVersion.targets(2451,5): warning MSB3277:             C:\Users\ultra\.nuget\packages\prism.wpf\9.0.537\lib\net462\Prism.Wpf.dll [C:\Users\ultra\warewolf\Dev\Dev2.Studio\Dev2.Studio.csproj]
C:\Program Files\dotnet\sdk\10.0.201\Microsoft.Common.CurrentVersion.targets(2451,5): warning MSB3277:             C:\Program Files\dotnet\packs\Microsoft.NETCore.App.Ref\8.0.25\ref/net8.0/System.Data.dll [C:\Users\ultra\warewolf\Dev\Dev2.Studio\Dev2.Studio.csproj]
C:\Program Files\dotnet\sdk\10.0.201\Microsoft.Common.CurrentVersion.targets(2451,5): warning MSB3277:             C:\Users\ultra\.nuget\packages\taskschedulereditor\2.10.1\lib\net452\Microsoft.Win32.TaskSchedulerEditor.dll [C:\Users\ultra\warewolf\Dev\Dev2.Studio\Dev2.Studio.csproj]
C:\Program Files\dotnet\sdk\10.0.201\Microsoft.Common.CurrentVersion.targets(2451,5): warning MSB3277:             C:\Program Files\dotnet\packs\Microsoft.NETCore.App.Ref\8.0.25\ref/net8.0/System.Drawing.dll [C:\Users\ultra\warewolf\Dev\Dev2.Studio\Dev2.Studio.csproj]
C:\Program Files\dotnet\sdk\10.0.201\Microsoft.Common.CurrentVersion.targets(2451,5): warning MSB3277:             C:\Users\ultra\.nuget\packages\aerowizard\2.3.1\lib\net45\AeroWizard.dll [C:\Users\ultra\warewolf\Dev\Dev2.Studio\Dev2.Studio.csproj]
C:\Program Files\dotnet\sdk\10.0.201\Microsoft.Common.CurrentVersion.targets(2451,5): warning MSB3277:             C:\Users\ultra\.nuget\packages\avalonedit\6.3.0.90\lib\net462\ICSharpCode.AvalonEdit.dll [C:\Users\ultra\warewolf\Dev\Dev2.Studio\Dev2.Studio.csproj]
C:\Program Files\dotnet\sdk\10.0.201\Microsoft.Common.CurrentVersion.targets(2451,5): warning MSB3277:             C:\Users\ultra\.nuget\packages\groupcontrols\1.9.0\lib\net45\GroupControls.dll [C:\Users\ultra\warewolf\Dev\Dev2.Studio\Dev2.Studio.csproj]
C:\Program Files\dotnet\sdk\10.0.201\Microsoft.Common.CurrentVersion.targets(2451,5): warning MSB3277:             C:\Program Files\dotnet\packs\Microsoft.NETCore.App.Ref\8.0.25\ref/net8.0/System.Net.dll [C:\Users\ultra\warewolf\Dev\Dev2.Studio\Dev2.Studio.csproj]
C:\Program Files\dotnet\sdk\10.0.201\Microsoft.Common.CurrentVersion.targets(2451,5): warning MSB3277:             C:\Program Files\dotnet\packs\Microsoft.NETCore.App.Ref\8.0.25\ref/net8.0/System.Security.dll [C:\Users\ultra\warewolf\Dev\Dev2.Studio\Dev2.Studio.csproj]
C:\Program Files\dotnet\sdk\10.0.201\Microsoft.Common.CurrentVersion.targets(2451,5): warning MSB3277:             C:\Program Files\dotnet\packs\Microsoft.NETCore.App.Ref\8.0.25\ref/net8.0/System.ServiceProcess.dll [C:\Users\ultra\warewolf\Dev\Dev2.Studio\Dev2.Studio.csproj]
C:\Program Files\dotnet\sdk\10.0.201\Microsoft.Common.CurrentVersion.targets(2451,5): warning MSB3277:             C:\Program Files\dotnet\packs\Microsoft.NETCore.App.Ref\8.0.25\ref/net8.0/System.Transactions.dll [C:\Users\ultra\warewolf\Dev\Dev2.Studio\Dev2.Studio.csproj]
C:\Program Files\dotnet\sdk\10.0.201\Microsoft.Common.CurrentVersion.targets(2451,5): warning MSB3277:             C:\Program Files\dotnet\packs\Microsoft.NETCore.App.Ref\8.0.25\ref/net8.0/System.dll [C:\Users\ultra\warewolf\Dev\Dev2.Studio\Dev2.Studio.csproj]
C:\Program Files\dotnet\sdk\10.0.201\Microsoft.Common.CurrentVersion.targets(2451,5): warning MSB3277:             C:\Users\ultra\.nuget\packages\fontawesome.wpf\4.7.0.9\lib\net40\FontAwesome.WPF.dll [C:\Users\ultra\warewolf\Dev\Dev2.Studio\Dev2.Studio.csproj]
C:\Program Files\dotnet\sdk\10.0.201\Microsoft.Common.CurrentVersion.targets(2451,5): warning MSB3277:             C:\Users\ultra\.nuget\packages\log4net.async\2.0.4\lib\net40\Log4Net.Async.dll [C:\Users\ultra\warewolf\Dev\Dev2.Studio\Dev2.Studio.csproj]
C:\Program Files\dotnet\sdk\10.0.201\Microsoft.Common.CurrentVersion.targets(2451,5): warning MSB3277:             C:\Users\ultra\.nuget\packages\microsoft.xaml.behaviors.wpf\1.1.122\lib\net462\Microsoft.Xaml.Behaviors.dll [C:\Users\ultra\warewolf\Dev\Dev2.Studio\Dev2.Studio.csproj]
C:\Program Files\dotnet\sdk\10.0.201\Microsoft.Common.CurrentVersion.targets(2451,5): warning MSB3277:             C:\Users\ultra\.nuget\packages\caliburn.micro\4.0.212\lib\netcoreapp3.1\Caliburn.Micro.Platform.dll [C:\Users\ultra\warewolf\Dev\Dev2.Studio\Dev2.Studio.csproj]
C:\Program Files\dotnet\sdk\10.0.201\Microsoft.Common.CurrentVersion.targets(2451,5): warning MSB3277:             C:\Users\ultra\.nuget\packages\prism.interactivity\5.0.0\lib\NET45\Microsoft.Practices.Prism.Interactivity.dll [C:\Users\ultra\warewolf\Dev\Dev2.Studio\Dev2.Studio.csproj]
C:\Program Files\dotnet\sdk\10.0.201\Microsoft.Common.CurrentVersion.targets(2451,5): warning MSB3277:             C:\Users\ultra\.nuget\packages\prism.mvvm\1.0.0\lib\net45\Microsoft.Practices.Prism.Mvvm.Desktop.dll [C:\Users\ultra\warewolf\Dev\Dev2.Studio\Dev2.Studio.csproj]
C:\Program Files\dotnet\sdk\10.0.201\Microsoft.Common.CurrentVersion.targets(2451,5): warning MSB3277:             C:\Users\ultra\.nuget\packages\reactiveui.wpf\18.4.1\lib\net462\ReactiveUI.Wpf.dll [C:\Users\ultra\warewolf\Dev\Dev2.Studio\Dev2.Studio.csproj]
C:\Program Files\dotnet\sdk\10.0.201\Microsoft.Common.CurrentVersion.targets(2451,5): warning MSB3277:             C:\Users\ultra\.nuget\packages\ttcue.netcore.sharepointonline.csom.16.1.8029.1200\16.1.8029.1200\lib\netcoreapp2.0\Microsoft.SharePoint.Client.Runtime.Windows.dll [C:\Users\ultra\warewolf\Dev\Dev2.Studio\Dev2.Studio.csproj]
C:\Program Files\dotnet\sdk\10.0.201\Microsoft.Common.CurrentVersion.targets(2451,5): warning MSB3277:             C:\Program Files\dotnet\packs\Microsoft.NETCore.App.Ref\8.0.25\ref/net8.0/WindowsBase.dll [C:\Users\ultra\warewolf\Dev\Dev2.Studio\Dev2.Studio.csproj]
C:\Program Files\dotnet\sdk\10.0.201\Microsoft.Common.CurrentVersion.targets(2451,5): warning MSB3277:             C:\Program Files\dotnet\packs\Microsoft.NETCore.App.Ref\8.0.25\ref/net8.0/mscorlib.dll [C:\Users\ultra\warewolf\Dev\Dev2.Studio\Dev2.Studio.csproj]
C:\Program Files\dotnet\sdk\10.0.201\Microsoft.Common.CurrentVersion.targets(2451,5): warning MSB3277:             C:\Users\ultra\.nuget\packages\hangfire.core\1.7.32\lib\netstandard2.0\Hangfire.Core.dll [C:\Users\ultra\warewolf\Dev\Dev2.Studio\Dev2.Studio.csproj]
C:\Program Files\dotnet\sdk\10.0.201\Microsoft.Common.CurrentVersion.targets(2451,5): warning MSB3277:             C:\Users\ultra\.nuget\packages\hangfire.sqlserver\1.7.32\lib\netstandard2.0\Hangfire.SqlServer.dll [C:\Users\ultra\warewolf\Dev\Dev2.Studio\Dev2.Studio.csproj]
C:\Program Files\dotnet\sdk\10.0.201\Microsoft.Common.CurrentVersion.targets(2451,5): warning MSB3277:             C:\Users\ultra\.nuget\packages\unofficial.microsoft.mshtml\7.0.3300\lib\net40\Microsoft.mshtml.dll [C:\Users\ultra\warewolf\Dev\Dev2.Studio\Dev2.Studio.csproj]
C:\Program Files\dotnet\sdk\10.0.201\Microsoft.Common.CurrentVersion.targets(2451,5): warning MSB3277:         C:\Program Files\dotnet\packs\Microsoft.NETCore.App.Ref\8.0.25\ref\net8.0\System.Drawing.dll [C:\Users\ultra\warewolf\Dev\Dev2.Studio\Dev2.Studio.csproj]
C:\Program Files\dotnet\sdk\10.0.201\Microsoft.Common.CurrentVersion.targets(2451,5): warning MSB3277:           Project file item includes which caused reference "C:\Program Files\dotnet\packs\Microsoft.NETCore.App.Ref\8.0.25\ref\net8.0\System.Drawing.dll". [C:\Users\ultra\warewolf\Dev\Dev2.Studio\Dev2.Studio.csproj]
C:\Program Files\dotnet\sdk\10.0.201\Microsoft.Common.CurrentVersion.targets(2451,5): warning MSB3277:             C:\Program Files\dotnet\packs\Microsoft.NETCore.App.Ref\8.0.25\ref/net8.0/System.Drawing.dll [C:\Users\ultra\warewolf\Dev\Dev2.Studio\Dev2.Studio.csproj]
C:\Program Files\dotnet\sdk\10.0.201\Microsoft.Common.CurrentVersion.targets(2451,5): warning MSB3277:             C:\Users\ultra\.nuget\packages\aerowizard\2.3.1\lib\net45\AeroWizard.dll [C:\Users\ultra\warewolf\Dev\Dev2.Studio\Dev2.Studio.csproj]
C:\Program Files\dotnet\sdk\10.0.201\Microsoft.Common.CurrentVersion.targets(2451,5): warning MSB3277:             C:\Users\ultra\.nuget\packages\avalonedit\6.3.0.90\lib\net462\ICSharpCode.AvalonEdit.dll [C:\Users\ultra\warewolf\Dev\Dev2.Studio\Dev2.Studio.csproj]
C:\Program Files\dotnet\sdk\10.0.201\Microsoft.Common.CurrentVersion.targets(2451,5): warning MSB3277:             C:\Users\ultra\.nuget\packages\groupcontrols\1.9.0\lib\net45\GroupControls.dll [C:\Users\ultra\warewolf\Dev\Dev2.Studio\Dev2.Studio.csproj]
C:\Program Files\dotnet\sdk\10.0.201\Microsoft.Common.CurrentVersion.targets(2451,5): warning MSB3277:             C:\Users\ultra\.nuget\packages\taskschedulereditor\2.10.1\lib\net452\Microsoft.Win32.TaskSchedulerEditor.dll [C:\Users\ultra\warewolf\Dev\Dev2.Studio\Dev2.Studio.csproj]
C:\Program Files\dotnet\sdk\10.0.201\Microsoft.CSharp.CurrentVersion.targets(130,9): warning MSB3884: Could not find rule set file "..\.sonarlint\warewolf_dotnet_frameworkcsharp.ruleset". [C:\Users\ultra\warewolf\Dev\Dev2.Studio\Dev2.Studio.csproj]
  Dev2.Sql.Tests -> C:\Users\ultra\warewolf\Dev\Dev2.Sql.Tests\bin\Debug\net8.0\Dev2.Sql.Tests.dll
  Dev2.Studio -> C:\Users\ultra\warewolf\Dev\Dev2.Studio\bin\Debug\net8.0\Warewolf Studio.dll
  Dev2.Sql.Tests -> C:\Users\ultra\warewolf\Bin\ServerTests-Windows\
  Dev2.Studio -> C:\Users\ultra\warewolf\Bin\ServerTests-Windows\
C:\Program Files\dotnet\sdk\10.0.201\Microsoft.Common.CurrentVersion.targets(2451,5): warning MSB3245: Could not resolve this reference. Could not locate the assembly "System.Activities.Core.Presentation". Check to make sure the assembly exists on disk. If this reference is required by your code, you may get compilation errors. [C:\Users\ultra\warewolf\Dev\Dev2.Studio.Core.Tests\Dev2.Studio.Core.Tests.csproj]
C:\Program Files\dotnet\sdk\10.0.201\Microsoft.Common.CurrentVersion.targets(2451,5): warning MSB3277: Found conflicts between different versions of "WindowsBase" that could not be resolved. [C:\Users\ultra\warewolf\Dev\Dev2.Studio.Core.Specs\Dev2.Studio.Core.Specs.csproj]
C:\Program Files\dotnet\sdk\10.0.201\Microsoft.Common.CurrentVersion.targets(2451,5): warning MSB3277: There was a conflict between "WindowsBase, Version=4.0.0.0, Culture=neutral, PublicKeyToken=31bf3856ad364e35" and "WindowsBase, Version=6.0.2.0, Culture=neutral, PublicKeyToken=31bf3856ad364e35". [C:\Users\ultra\warewolf\Dev\Dev2.Studio.Core.Specs\Dev2.Studio.Core.Specs.csproj]
C:\Program Files\dotnet\sdk\10.0.201\Microsoft.Common.CurrentVersion.targets(2451,5): warning MSB3277:     "WindowsBase, Version=4.0.0.0, Culture=neutral, PublicKeyToken=31bf3856ad364e35" was chosen because it was primary and "WindowsBase, Version=6.0.2.0, Culture=neutral, PublicKeyToken=31bf3856ad364e35" was not. [C:\Users\ultra\warewolf\Dev\Dev2.Studio.Core.Specs\Dev2.Studio.Core.Specs.csproj]
C:\Program Files\dotnet\sdk\10.0.201\Microsoft.Common.CurrentVersion.targets(2451,5): warning MSB3277:     References which depend on "WindowsBase, Version=4.0.0.0, Culture=neutral, PublicKeyToken=31bf3856ad364e35" [C:\Program Files\dotnet\packs\Microsoft.NETCore.App.Ref\8.0.25\ref\net8.0\WindowsBase.dll]. [C:\Users\ultra\warewolf\Dev\Dev2.Studio.Core.Specs\Dev2.Studio.Core.Specs.csproj]
C:\Program Files\dotnet\sdk\10.0.201\Microsoft.Common.CurrentVersion.targets(2451,5): warning MSB3277:         C:\Program Files\dotnet\packs\Microsoft.NETCore.App.Ref\8.0.25\ref\net8.0\WindowsBase.dll [C:\Users\ultra\warewolf\Dev\Dev2.Studio.Core.Specs\Dev2.Studio.Core.Specs.csproj]
C:\Program Files\dotnet\sdk\10.0.201\Microsoft.Common.CurrentVersion.targets(2451,5): warning MSB3277:           Project file item includes which caused reference "C:\Program Files\dotnet\packs\Microsoft.NETCore.App.Ref\8.0.25\ref\net8.0\WindowsBase.dll". [C:\Users\ultra\warewolf\Dev\Dev2.Studio.Core.Specs\Dev2.Studio.Core.Specs.csproj]
C:\Program Files\dotnet\sdk\10.0.201\Microsoft.Common.CurrentVersion.targets(2451,5): warning MSB3277:             C:\Program Files\dotnet\packs\Microsoft.NETCore.App.Ref\8.0.25\ref/net8.0/WindowsBase.dll [C:\Users\ultra\warewolf\Dev\Dev2.Studio.Core.Specs\Dev2.Studio.Core.Specs.csproj]
C:\Program Files\dotnet\sdk\10.0.201\Microsoft.Common.CurrentVersion.targets(2451,5): warning MSB3277:     References which depend on or have been unified to "WindowsBase, Version=6.0.2.0, Culture=neutral, PublicKeyToken=31bf3856ad364e35" []. [C:\Users\ultra\warewolf\Dev\Dev2.Studio.Core.Specs\Dev2.Studio.Core.Specs.csproj]
C:\Program Files\dotnet\sdk\10.0.201\Microsoft.Common.CurrentVersion.targets(2451,5): warning MSB3277:         C:\Users\ultra\.nuget\packages\avalonedit\6.3.0.90\lib\net462\ICSharpCode.AvalonEdit.dll [C:\Users\ultra\warewolf\Dev\Dev2.Studio.Core.Specs\Dev2.Studio.Core.Specs.csproj]
C:\Program Files\dotnet\sdk\10.0.201\Microsoft.Common.CurrentVersion.targets(2451,5): warning MSB3277:           Project file item includes which caused reference "C:\Users\ultra\.nuget\packages\avalonedit\6.3.0.90\lib\net462\ICSharpCode.AvalonEdit.dll". [C:\Users\ultra\warewolf\Dev\Dev2.Studio.Core.Specs\Dev2.Studio.Core.Specs.csproj]
C:\Program Files\dotnet\sdk\10.0.201\Microsoft.Common.CurrentVersion.targets(2451,5): warning MSB3277:             C:\Users\ultra\.nuget\packages\avalonedit\6.3.0.90\lib\net462\ICSharpCode.AvalonEdit.dll [C:\Users\ultra\warewolf\Dev\Dev2.Studio.Core.Specs\Dev2.Studio.Core.Specs.csproj]
C:\Program Files\dotnet\sdk\10.0.201\Microsoft.Common.CurrentVersion.targets(2451,5): warning MSB3277:         C:\Users\ultra\.nuget\packages\caliburn.micro\4.0.212\lib\netcoreapp3.1\Caliburn.Micro.Platform.dll [C:\Users\ultra\warewolf\Dev\Dev2.Studio.Core.Specs\Dev2.Studio.Core.Specs.csproj]
C:\Program Files\dotnet\sdk\10.0.201\Microsoft.Common.CurrentVersion.targets(2451,5): warning MSB3277:           Project file item includes which caused reference "C:\Users\ultra\.nuget\packages\caliburn.micro\4.0.212\lib\netcoreapp3.1\Caliburn.Micro.Platform.dll". [C:\Users\ultra\warewolf\Dev\Dev2.Studio.Core.Specs\Dev2.Studio.Core.Specs.csproj]
C:\Program Files\dotnet\sdk\10.0.201\Microsoft.Common.CurrentVersion.targets(2451,5): warning MSB3277:             C:\Users\ultra\.nuget\packages\caliburn.micro\4.0.212\lib\netcoreapp3.1\Caliburn.Micro.Platform.dll [C:\Users\ultra\warewolf\Dev\Dev2.Studio.Core.Specs\Dev2.Studio.Core.Specs.csproj]
C:\Program Files\dotnet\sdk\10.0.201\Microsoft.Common.CurrentVersion.targets(2451,5): warning MSB3277:         C:\Users\ultra\.nuget\packages\extended.wpf.toolkit\4.4.0\lib\net5.0\Xceed.Wpf.AvalonDock.NET5.dll [C:\Users\ultra\warewolf\Dev\Dev2.Studio.Core.Specs\Dev2.Studio.Core.Specs.csproj]
C:\Program Files\dotnet\sdk\10.0.201\Microsoft.Common.CurrentVersion.targets(2451,5): warning MSB3277:           Project file item includes which caused reference "C:\Users\ultra\.nuget\packages\extended.wpf.toolkit\4.4.0\lib\net5.0\Xceed.Wpf.AvalonDock.NET5.dll". [C:\Users\ultra\warewolf\Dev\Dev2.Studio.Core.Specs\Dev2.Studio.Core.Specs.csproj]
C:\Program Files\dotnet\sdk\10.0.201\Microsoft.Common.CurrentVersion.targets(2451,5): warning MSB3277:             C:\Users\ultra\.nuget\packages\extended.wpf.toolkit\4.4.0\lib\net5.0\Xceed.Wpf.AvalonDock.NET5.dll [C:\Users\ultra\warewolf\Dev\Dev2.Studio.Core.Specs\Dev2.Studio.Core.Specs.csproj]
C:\Program Files\dotnet\sdk\10.0.201\Microsoft.Common.CurrentVersion.targets(2451,5): warning MSB3277:             C:\Users\ultra\.nuget\packages\extended.wpf.toolkit\4.4.0\lib\net5.0\Xceed.Wpf.AvalonDock.Themes.Aero.NET5.dll [C:\Users\ultra\warewolf\Dev\Dev2.Studio.Core.Specs\Dev2.Studio.Core.Specs.csproj]
C:\Program Files\dotnet\sdk\10.0.201\Microsoft.Common.CurrentVersion.targets(2451,5): warning MSB3277:             C:\Users\ultra\.nuget\packages\extended.wpf.toolkit\4.4.0\lib\net5.0\Xceed.Wpf.AvalonDock.Themes.Metro.NET5.dll [C:\Users\ultra\warewolf\Dev\Dev2.Studio.Core.Specs\Dev2.Studio.Core.Specs.csproj]
C:\Program Files\dotnet\sdk\10.0.201\Microsoft.Common.CurrentVersion.targets(2451,5): warning MSB3277:             C:\Users\ultra\.nuget\packages\extended.wpf.toolkit\4.4.0\lib\net5.0\Xceed.Wpf.AvalonDock.Themes.VS2010.NET5.dll [C:\Users\ultra\warewolf\Dev\Dev2.Studio.Core.Specs\Dev2.Studio.Core.Specs.csproj]
C:\Program Files\dotnet\sdk\10.0.201\Microsoft.Common.CurrentVersion.targets(2451,5): warning MSB3277:         C:\Users\ultra\.nuget\packages\extended.wpf.toolkit\4.4.0\lib\net5.0\Xceed.Wpf.AvalonDock.Themes.Aero.NET5.dll [C:\Users\ultra\warewolf\Dev\Dev2.Studio.Core.Specs\Dev2.Studio.Core.Specs.csproj]
C:\Program Files\dotnet\sdk\10.0.201\Microsoft.Common.CurrentVersion.targets(2451,5): warning MSB3277:           Project file item includes which caused reference "C:\Users\ultra\.nuget\packages\extended.wpf.toolkit\4.4.0\lib\net5.0\Xceed.Wpf.AvalonDock.Themes.Aero.NET5.dll". [C:\Users\ultra\warewolf\Dev\Dev2.Studio.Core.Specs\Dev2.Studio.Core.Specs.csproj]
C:\Program Files\dotnet\sdk\10.0.201\Microsoft.Common.CurrentVersion.targets(2451,5): warning MSB3277:             C:\Users\ultra\.nuget\packages\extended.wpf.toolkit\4.4.0\lib\net5.0\Xceed.Wpf.AvalonDock.Themes.Aero.NET5.dll [C:\Users\ultra\warewolf\Dev\Dev2.Studio.Core.Specs\Dev2.Studio.Core.Specs.csproj]
C:\Program Files\dotnet\sdk\10.0.201\Microsoft.Common.CurrentVersion.targets(2451,5): warning MSB3277:         C:\Users\ultra\.nuget\packages\extended.wpf.toolkit\4.4.0\lib\net5.0\Xceed.Wpf.Toolkit.NET5.dll [C:\Users\ultra\warewolf\Dev\Dev2.Studio.Core.Specs\Dev2.Studio.Core.Specs.csproj]
C:\Program Files\dotnet\sdk\10.0.201\Microsoft.Common.CurrentVersion.targets(2451,5): warning MSB3277:           Project file item includes which caused reference "C:\Users\ultra\.nuget\packages\extended.wpf.toolkit\4.4.0\lib\net5.0\Xceed.Wpf.Toolkit.NET5.dll". [C:\Users\ultra\warewolf\Dev\Dev2.Studio.Core.Specs\Dev2.Studio.Core.Specs.csproj]
C:\Program Files\dotnet\sdk\10.0.201\Microsoft.Common.CurrentVersion.targets(2451,5): warning MSB3277:             C:\Users\ultra\.nuget\packages\extended.wpf.toolkit\4.4.0\lib\net5.0\Xceed.Wpf.Toolkit.NET5.dll [C:\Users\ultra\warewolf\Dev\Dev2.Studio.Core.Specs\Dev2.Studio.Core.Specs.csproj]
C:\Program Files\dotnet\sdk\10.0.201\Microsoft.Common.CurrentVersion.targets(2451,5): warning MSB3277:         C:\Users\ultra\.nuget\packages\fontawesome.wpf\4.7.0.9\lib\net40\FontAwesome.WPF.dll [C:\Users\ultra\warewolf\Dev\Dev2.Studio.Core.Specs\Dev2.Studio.Core.Specs.csproj]
C:\Program Files\dotnet\sdk\10.0.201\Microsoft.Common.CurrentVersion.targets(2451,5): warning MSB3277:           Project file item includes which caused reference "C:\Users\ultra\.nuget\packages\fontawesome.wpf\4.7.0.9\lib\net40\FontAwesome.WPF.dll". [C:\Users\ultra\warewolf\Dev\Dev2.Studio.Core.Specs\Dev2.Studio.Core.Specs.csproj]
C:\Program Files\dotnet\sdk\10.0.201\Microsoft.Common.CurrentVersion.targets(2451,5): warning MSB3277:             C:\Users\ultra\.nuget\packages\fontawesome.wpf\4.7.0.9\lib\net40\FontAwesome.WPF.dll [C:\Users\ultra\warewolf\Dev\Dev2.Studio.Core.Specs\Dev2.Studio.Core.Specs.csproj]
C:\Program Files\dotnet\sdk\10.0.201\Microsoft.Common.CurrentVersion.targets(2451,5): warning MSB3277:         C:\Users\ultra\.nuget\packages\ironpython\3.4.0\lib\net6.0\IronPython.Wpf.dll [C:\Users\ultra\warewolf\Dev\Dev2.Studio.Core.Specs\Dev2.Studio.Core.Specs.csproj]
C:\Program Files\dotnet\sdk\10.0.201\Microsoft.Common.CurrentVersion.targets(2451,5): warning MSB3277:           Project file item includes which caused reference "C:\Users\ultra\.nuget\packages\ironpython\3.4.0\lib\net6.0\IronPython.Wpf.dll". [C:\Users\ultra\warewolf\Dev\Dev2.Studio.Core.Specs\Dev2.Studio.Core.Specs.csproj]
C:\Program Files\dotnet\sdk\10.0.201\Microsoft.Common.CurrentVersion.targets(2451,5): warning MSB3277:             C:\Users\ultra\.nuget\packages\ironpython\3.4.0\lib\net6.0\IronPython.Wpf.dll [C:\Users\ultra\warewolf\Dev\Dev2.Studio.Core.Specs\Dev2.Studio.Core.Specs.csproj]
C:\Program Files\dotnet\sdk\10.0.201\Microsoft.Common.CurrentVersion.targets(2451,5): warning MSB3277:         C:\Users\ultra\.nuget\packages\microsoft.xaml.behaviors.wpf\1.1.122\lib\net462\Microsoft.Xaml.Behaviors.dll [C:\Users\ultra\warewolf\Dev\Dev2.Studio.Core.Specs\Dev2.Studio.Core.Specs.csproj]
C:\Program Files\dotnet\sdk\10.0.201\Microsoft.Common.CurrentVersion.targets(2451,5): warning MSB3277:           Project file item includes which caused reference "C:\Users\ultra\.nuget\packages\microsoft.xaml.behaviors.wpf\1.1.122\lib\net462\Microsoft.Xaml.Behaviors.dll". [C:\Users\ultra\warewolf\Dev\Dev2.Studio.Core.Specs\Dev2.Studio.Core.Specs.csproj]
C:\Program Files\dotnet\sdk\10.0.201\Microsoft.Common.CurrentVersion.targets(2451,5): warning MSB3277:             C:\Users\ultra\.nuget\packages\microsoft.xaml.behaviors.wpf\1.1.122\lib\net462\Microsoft.Xaml.Behaviors.dll [C:\Users\ultra\warewolf\Dev\Dev2.Studio.Core.Specs\Dev2.Studio.Core.Specs.csproj]
C:\Program Files\dotnet\sdk\10.0.201\Microsoft.Common.CurrentVersion.targets(2451,5): warning MSB3277:             C:\Users\ultra\.nuget\packages\caliburn.micro\4.0.212\lib\netcoreapp3.1\Caliburn.Micro.Platform.dll [C:\Users\ultra\warewolf\Dev\Dev2.Studio.Core.Specs\Dev2.Studio.Core.Specs.csproj]
C:\Program Files\dotnet\sdk\10.0.201\Microsoft.Common.CurrentVersion.targets(2451,5): warning MSB3277:             C:\Users\ultra\.nuget\packages\prism.wpf\9.0.537\lib\net462\Prism.Wpf.dll [C:\Users\ultra\warewolf\Dev\Dev2.Studio.Core.Specs\Dev2.Studio.Core.Specs.csproj]
C:\Program Files\dotnet\sdk\10.0.201\Microsoft.Common.CurrentVersion.targets(2451,5): warning MSB3277:         C:\Users\ultra\.nuget\packages\prism.composition\5.0.0\lib\NET45\Microsoft.Practices.Prism.Composition.dll [C:\Users\ultra\warewolf\Dev\Dev2.Studio.Core.Specs\Dev2.Studio.Core.Specs.csproj]
C:\Program Files\dotnet\sdk\10.0.201\Microsoft.Common.CurrentVersion.targets(2451,5): warning MSB3277:           Project file item includes which caused reference "C:\Users\ultra\.nuget\packages\prism.composition\5.0.0\lib\NET45\Microsoft.Practices.Prism.Composition.dll". [C:\Users\ultra\warewolf\Dev\Dev2.Studio.Core.Specs\Dev2.Studio.Core.Specs.csproj]
C:\Program Files\dotnet\sdk\10.0.201\Microsoft.Common.CurrentVersion.targets(2451,5): warning MSB3277:             C:\Users\ultra\.nuget\packages\prism.composition\5.0.0\lib\NET45\Microsoft.Practices.Prism.Composition.dll [C:\Users\ultra\warewolf\Dev\Dev2.Studio.Core.Specs\Dev2.Studio.Core.Specs.csproj]
C:\Program Files\dotnet\sdk\10.0.201\Microsoft.Common.CurrentVersion.targets(2451,5): warning MSB3277:             C:\Users\ultra\.nuget\packages\prism.unityextensions\5.0.1\lib\NET45\Microsoft.Practices.Prism.UnityExtensions.dll [C:\Users\ultra\warewolf\Dev\Dev2.Studio.Core.Specs\Dev2.Studio.Core.Specs.csproj]
C:\Program Files\dotnet\sdk\10.0.201\Microsoft.Common.CurrentVersion.targets(2451,5): warning MSB3277:         C:\Users\ultra\.nuget\packages\prism.interactivity\5.0.0\lib\NET45\Microsoft.Practices.Prism.Interactivity.dll [C:\Users\ultra\warewolf\Dev\Dev2.Studio.Core.Specs\Dev2.Studio.Core.Specs.csproj]
C:\Program Files\dotnet\sdk\10.0.201\Microsoft.Common.CurrentVersion.targets(2451,5): warning MSB3277:           Project file item includes which caused reference "C:\Users\ultra\.nuget\packages\prism.interactivity\5.0.0\lib\NET45\Microsoft.Practices.Prism.Interactivity.dll". [C:\Users\ultra\warewolf\Dev\Dev2.Studio.Core.Specs\Dev2.Studio.Core.Specs.csproj]
C:\Program Files\dotnet\sdk\10.0.201\Microsoft.Common.CurrentVersion.targets(2451,5): warning MSB3277:             C:\Users\ultra\.nuget\packages\prism.interactivity\5.0.0\lib\NET45\Microsoft.Practices.Prism.Interactivity.dll [C:\Users\ultra\warewolf\Dev\Dev2.Studio.Core.Specs\Dev2.Studio.Core.Specs.csproj]
C:\Program Files\dotnet\sdk\10.0.201\Microsoft.Common.CurrentVersion.targets(2451,5): warning MSB3277:         C:\Users\ultra\.nuget\packages\prism.mvvm\1.0.0\lib\net45\Microsoft.Practices.Prism.Mvvm.Desktop.dll [C:\Users\ultra\warewolf\Dev\Dev2.Studio.Core.Specs\Dev2.Studio.Core.Specs.csproj]
C:\Program Files\dotnet\sdk\10.0.201\Microsoft.Common.CurrentVersion.targets(2451,5): warning MSB3277:           Project file item includes which caused reference "C:\Users\ultra\.nuget\packages\prism.mvvm\1.0.0\lib\net45\Microsoft.Practices.Prism.Mvvm.Desktop.dll". [C:\Users\ultra\warewolf\Dev\Dev2.Studio.Core.Specs\Dev2.Studio.Core.Specs.csproj]
C:\Program Files\dotnet\sdk\10.0.201\Microsoft.Common.CurrentVersion.targets(2451,5): warning MSB3277:             C:\Users\ultra\.nuget\packages\prism.mvvm\1.0.0\lib\net45\Microsoft.Practices.Prism.Mvvm.Desktop.dll [C:\Users\ultra\warewolf\Dev\Dev2.Studio.Core.Specs\Dev2.Studio.Core.Specs.csproj]
C:\Program Files\dotnet\sdk\10.0.201\Microsoft.Common.CurrentVersion.targets(2451,5): warning MSB3277:         C:\Users\ultra\.nuget\packages\prism.unityextensions\5.0.1\lib\NET45\Microsoft.Practices.Prism.UnityExtensions.dll [C:\Users\ultra\warewolf\Dev\Dev2.Studio.Core.Specs\Dev2.Studio.Core.Specs.csproj]
C:\Program Files\dotnet\sdk\10.0.201\Microsoft.Common.CurrentVersion.targets(2451,5): warning MSB3277:           Project file item includes which caused reference "C:\Users\ultra\.nuget\packages\prism.unityextensions\5.0.1\lib\NET45\Microsoft.Practices.Prism.UnityExtensions.dll". [C:\Users\ultra\warewolf\Dev\Dev2.Studio.Core.Specs\Dev2.Studio.Core.Specs.csproj]
C:\Program Files\dotnet\sdk\10.0.201\Microsoft.Common.CurrentVersion.targets(2451,5): warning MSB3277:             C:\Users\ultra\.nuget\packages\prism.unityextensions\5.0.1\lib\NET45\Microsoft.Practices.Prism.UnityExtensions.dll [C:\Users\ultra\warewolf\Dev\Dev2.Studio.Core.Specs\Dev2.Studio.Core.Specs.csproj]
C:\Program Files\dotnet\sdk\10.0.201\Microsoft.Common.CurrentVersion.targets(2451,5): warning MSB3277:         C:\Users\ultra\.nuget\packages\prism.wpf\9.0.537\lib\net462\Prism.Wpf.dll [C:\Users\ultra\warewolf\Dev\Dev2.Studio.Core.Specs\Dev2.Studio.Core.Specs.csproj]
C:\Program Files\dotnet\sdk\10.0.201\Microsoft.Common.CurrentVersion.targets(2451,5): warning MSB3277:           Project file item includes which caused reference "C:\Users\ultra\.nuget\packages\prism.wpf\9.0.537\lib\net462\Prism.Wpf.dll". [C:\Users\ultra\warewolf\Dev\Dev2.Studio.Core.Specs\Dev2.Studio.Core.Specs.csproj]
C:\Program Files\dotnet\sdk\10.0.201\Microsoft.Common.CurrentVersion.targets(2451,5): warning MSB3277:             C:\Users\ultra\.nuget\packages\prism.wpf\9.0.537\lib\net462\Prism.Wpf.dll [C:\Users\ultra\warewolf\Dev\Dev2.Studio.Core.Specs\Dev2.Studio.Core.Specs.csproj]
C:\Program Files\dotnet\sdk\10.0.201\Microsoft.Common.CurrentVersion.targets(2451,5): warning MSB3277:         C:\Users\ultra\.nuget\packages\reactiveui.wpf\18.4.1\lib\net462\ReactiveUI.Wpf.dll [C:\Users\ultra\warewolf\Dev\Dev2.Studio.Core.Specs\Dev2.Studio.Core.Specs.csproj]
C:\Program Files\dotnet\sdk\10.0.201\Microsoft.Common.CurrentVersion.targets(2451,5): warning MSB3277:           Project file item includes which caused reference "C:\Users\ultra\.nuget\packages\reactiveui.wpf\18.4.1\lib\net462\ReactiveUI.Wpf.dll". [C:\Users\ultra\warewolf\Dev\Dev2.Studio.Core.Specs\Dev2.Studio.Core.Specs.csproj]
C:\Program Files\dotnet\sdk\10.0.201\Microsoft.Common.CurrentVersion.targets(2451,5): warning MSB3277:             C:\Users\ultra\.nuget\packages\reactiveui.wpf\18.4.1\lib\net462\ReactiveUI.Wpf.dll [C:\Users\ultra\warewolf\Dev\Dev2.Studio.Core.Specs\Dev2.Studio.Core.Specs.csproj]
C:\Program Files\dotnet\sdk\10.0.201\Microsoft.Common.CurrentVersion.targets(2451,5): warning MSB3277: Found conflicts between different versions of "System.Drawing.Common" that could not be resolved. [C:\Users\ultra\warewolf\Dev\Dev2.Studio.Core.Specs\Dev2.Studio.Core.Specs.csproj]
C:\Program Files\dotnet\sdk\10.0.201\Microsoft.Common.CurrentVersion.targets(2451,5): warning MSB3277: There was a conflict between "System.Drawing.Common, Version=6.0.0.0, Culture=neutral, PublicKeyToken=cc7b13ffcd2ddd51" and "System.Drawing.Common, Version=8.0.0.0, Culture=neutral, PublicKeyToken=cc7b13ffcd2ddd51". [C:\Users\ultra\warewolf\Dev\Dev2.Studio.Core.Specs\Dev2.Studio.Core.Specs.csproj]
C:\Program Files\dotnet\sdk\10.0.201\Microsoft.Common.CurrentVersion.targets(2451,5): warning MSB3277:     "System.Drawing.Common, Version=6.0.0.0, Culture=neutral, PublicKeyToken=cc7b13ffcd2ddd51" was chosen because it was primary and "System.Drawing.Common, Version=8.0.0.0, Culture=neutral, PublicKeyToken=cc7b13ffcd2ddd51" was not. [C:\Users\ultra\warewolf\Dev\Dev2.Studio.Core.Specs\Dev2.Studio.Core.Specs.csproj]
C:\Program Files\dotnet\sdk\10.0.201\Microsoft.Common.CurrentVersion.targets(2451,5): warning MSB3277:     References which depend on "System.Drawing.Common, Version=6.0.0.0, Culture=neutral, PublicKeyToken=cc7b13ffcd2ddd51" [C:\Users\ultra\.nuget\packages\system.drawing.common\6.0.0\lib\net6.0\System.Drawing.Common.dll]. [C:\Users\ultra\warewolf\Dev\Dev2.Studio.Core.Specs\Dev2.Studio.Core.Specs.csproj]
C:\Program Files\dotnet\sdk\10.0.201\Microsoft.Common.CurrentVersion.targets(2451,5): warning MSB3277:         C:\Users\ultra\.nuget\packages\system.drawing.common\6.0.0\lib\net6.0\System.Drawing.Common.dll [C:\Users\ultra\warewolf\Dev\Dev2.Studio.Core.Specs\Dev2.Studio.Core.Specs.csproj]
C:\Program Files\dotnet\sdk\10.0.201\Microsoft.Common.CurrentVersion.targets(2451,5): warning MSB3277:           Project file item includes which caused reference "C:\Users\ultra\.nuget\packages\system.drawing.common\6.0.0\lib\net6.0\System.Drawing.Common.dll". [C:\Users\ultra\warewolf\Dev\Dev2.Studio.Core.Specs\Dev2.Studio.Core.Specs.csproj]
C:\Program Files\dotnet\sdk\10.0.201\Microsoft.Common.CurrentVersion.targets(2451,5): warning MSB3277:             C:\Users\ultra\.nuget\packages\system.drawing.common\6.0.0\lib\net6.0\System.Drawing.Common.dll [C:\Users\ultra\warewolf\Dev\Dev2.Studio.Core.Specs\Dev2.Studio.Core.Specs.csproj]
C:\Program Files\dotnet\sdk\10.0.201\Microsoft.Common.CurrentVersion.targets(2451,5): warning MSB3277:     References which depend on or have been unified to "System.Drawing.Common, Version=8.0.0.0, Culture=neutral, PublicKeyToken=cc7b13ffcd2ddd51" []. [C:\Users\ultra\warewolf\Dev\Dev2.Studio.Core.Specs\Dev2.Studio.Core.Specs.csproj]
C:\Program Files\dotnet\sdk\10.0.201\Microsoft.Common.CurrentVersion.targets(2451,5): warning MSB3277:         C:\Users\ultra\.nuget\packages\servicestack\6.3.0\lib\net6.0\ServiceStack.dll [C:\Users\ultra\warewolf\Dev\Dev2.Studio.Core.Specs\Dev2.Studio.Core.Specs.csproj]
C:\Program Files\dotnet\sdk\10.0.201\Microsoft.Common.CurrentVersion.targets(2451,5): warning MSB3277:           Project file item includes which caused reference "C:\Users\ultra\.nuget\packages\servicestack\6.3.0\lib\net6.0\ServiceStack.dll". [C:\Users\ultra\warewolf\Dev\Dev2.Studio.Core.Specs\Dev2.Studio.Core.Specs.csproj]
C:\Program Files\dotnet\sdk\10.0.201\Microsoft.Common.CurrentVersion.targets(2451,5): warning MSB3277:             C:\Users\ultra\.nuget\packages\servicestack\6.3.0\lib\net6.0\ServiceStack.dll [C:\Users\ultra\warewolf\Dev\Dev2.Studio.Core.Specs\Dev2.Studio.Core.Specs.csproj]
C:\Program Files\dotnet\sdk\10.0.201\Microsoft.Common.CurrentVersion.targets(2451,5): warning MSB3277:         C:\Users\ultra\.nuget\packages\system.windows.extensions\8.0.0\lib\net8.0\System.Windows.Extensions.dll [C:\Users\ultra\warewolf\Dev\Dev2.Studio.Core.Specs\Dev2.Studio.Core.Specs.csproj]
C:\Program Files\dotnet\sdk\10.0.201\Microsoft.Common.CurrentVersion.targets(2451,5): warning MSB3277:           Project file item includes which caused reference "C:\Users\ultra\.nuget\packages\system.windows.extensions\8.0.0\lib\net8.0\System.Windows.Extensions.dll". [C:\Users\ultra\warewolf\Dev\Dev2.Studio.Core.Specs\Dev2.Studio.Core.Specs.csproj]
C:\Program Files\dotnet\sdk\10.0.201\Microsoft.Common.CurrentVersion.targets(2451,5): warning MSB3277:             C:\Users\ultra\.nuget\packages\system.windows.extensions\8.0.0\lib\net8.0\System.Windows.Extensions.dll [C:\Users\ultra\warewolf\Dev\Dev2.Studio.Core.Specs\Dev2.Studio.Core.Specs.csproj]
C:\Program Files\dotnet\sdk\10.0.201\Microsoft.Common.CurrentVersion.targets(2451,5): warning MSB3277:             C:\Users\ultra\.nuget\packages\extended.wpf.toolkit\4.4.0\lib\net5.0\Xceed.Wpf.Toolkit.NET5.dll [C:\Users\ultra\warewolf\Dev\Dev2.Studio.Core.Specs\Dev2.Studio.Core.Specs.csproj]
C:\Program Files\dotnet\sdk\10.0.201\Microsoft.Common.CurrentVersion.targets(2451,5): warning MSB3277:             C:\Users\ultra\.nuget\packages\system.security.permissions\8.0.0\lib\net8.0\System.Security.Permissions.dll [C:\Users\ultra\warewolf\Dev\Dev2.Studio.Core.Specs\Dev2.Studio.Core.Specs.csproj]
C:\Program Files\dotnet\sdk\10.0.201\Microsoft.Common.CurrentVersion.targets(2451,5): warning MSB3277:             C:\Users\ultra\warewolf\Dev\Dev2.Data\bin\Debug\net8.0\Dev2.Data.dll [C:\Users\ultra\warewolf\Dev\Dev2.Studio.Core.Specs\Dev2.Studio.Core.Specs.csproj]
C:\Program Files\dotnet\sdk\10.0.201\Microsoft.Common.CurrentVersion.targets(2451,5): warning MSB3277:             C:\Users\ultra\warewolf\Dev\Dev2.Intellisense\bin\Debug\net8.0\Dev2.Intellisense.dll [C:\Users\ultra\warewolf\Dev\Dev2.Studio.Core.Specs\Dev2.Studio.Core.Specs.csproj]
C:\Program Files\dotnet\sdk\10.0.201\Microsoft.Common.CurrentVersion.targets(2451,5): warning MSB3277:             C:\Users\ultra\warewolf\Dev\Dev2.Studio.Core\bin\Debug\net8.0\Dev2.Studio.Core.dll [C:\Users\ultra\warewolf\Dev\Dev2.Studio.Core.Specs\Dev2.Studio.Core.Specs.csproj]
C:\Program Files\dotnet\sdk\10.0.201\Microsoft.Common.CurrentVersion.targets(2451,5): warning MSB3277:             C:\Users\ultra\warewolf\Dev\Dev2.Studio.Interfaces\bin\Debug\net8.0\Dev2.Studio.Interfaces.dll [C:\Users\ultra\warewolf\Dev\Dev2.Studio.Core.Specs\Dev2.Studio.Core.Specs.csproj]
C:\Program Files\dotnet\sdk\10.0.201\Microsoft.Common.CurrentVersion.targets(2451,5): warning MSB3277:             C:\Users\ultra\warewolf\Dev\Dev2.Studio\bin\Debug\net8.0\Warewolf Studio.dll [C:\Users\ultra\warewolf\Dev\Dev2.Studio.Core.Specs\Dev2.Studio.Core.Specs.csproj]
C:\Program Files\dotnet\sdk\10.0.201\Microsoft.Common.CurrentVersion.targets(2451,5): warning MSB3277:             C:\Users\ultra\warewolf\Dev\Dev2.Activities\bin\Debug\net8.0\Dev2.Activities.dll [C:\Users\ultra\warewolf\Dev\Dev2.Studio.Core.Specs\Dev2.Studio.Core.Specs.csproj]
C:\Program Files\dotnet\sdk\10.0.201\Microsoft.Common.CurrentVersion.targets(2451,5): warning MSB3277:             C:\Users\ultra\warewolf\Dev\Dev2.Core\bin\Debug\net8.0\Dev2.Core.dll [C:\Users\ultra\warewolf\Dev\Dev2.Studio.Core.Specs\Dev2.Studio.Core.Specs.csproj]
C:\Program Files\dotnet\sdk\10.0.201\Microsoft.Common.CurrentVersion.targets(2451,5): warning MSB3277:             C:\Users\ultra\warewolf\Dev\Dev2.Runtime.Services\bin\Debug\net8.0\Dev2.Runtime.Services.dll [C:\Users\ultra\warewolf\Dev\Dev2.Studio.Core.Specs\Dev2.Studio.Core.Specs.csproj]
C:\Program Files\dotnet\sdk\10.0.201\Microsoft.Common.CurrentVersion.targets(2451,5): warning MSB3277:             C:\Users\ultra\warewolf\Dev\Dev2.Scheduler\bin\Debug\net8.0\Dev2.Scheduler.dll [C:\Users\ultra\warewolf\Dev\Dev2.Studio.Core.Specs\Dev2.Studio.Core.Specs.csproj]
C:\Program Files\dotnet\sdk\10.0.201\Microsoft.Common.CurrentVersion.targets(2451,5): warning MSB3277:             C:\Users\ultra\warewolf\Dev\Dev2.Services.Execution\bin\Debug\net8.0\Dev2.Services.Execution.dll [C:\Users\ultra\warewolf\Dev\Dev2.Studio.Core.Specs\Dev2.Studio.Core.Specs.csproj]
C:\Program Files\dotnet\sdk\10.0.201\Microsoft.Common.CurrentVersion.targets(2451,5): warning MSB3277:             C:\Users\ultra\warewolf\Dev\Warewolf.Auditing\bin\Debug\net8.0\Warewolf.Auditing.dll [C:\Users\ultra\warewolf\Dev\Dev2.Studio.Core.Specs\Dev2.Studio.Core.Specs.csproj]
C:\Program Files\dotnet\sdk\10.0.201\Microsoft.Common.CurrentVersion.targets(2451,5): warning MSB3277:             C:\Users\ultra\warewolf\Dev\Warewolf.Common.NetStandard20\bin\Debug\net8.0\Warewolf.Common.NetStandard20.dll [C:\Users\ultra\warewolf\Dev\Dev2.Studio.Core.Specs\Dev2.Studio.Core.Specs.csproj]
C:\Program Files\dotnet\sdk\10.0.201\Microsoft.Common.CurrentVersion.targets(2451,5): warning MSB3277:             C:\Users\ultra\warewolf\Dev\Warewolf.Core\bin\Debug\net8.0\Warewolf.Core.dll [C:\Users\ultra\warewolf\Dev\Dev2.Studio.Core.Specs\Dev2.Studio.Core.Specs.csproj]
C:\Program Files\dotnet\sdk\10.0.201\Microsoft.Common.CurrentVersion.targets(2451,5): warning MSB3277:             C:\Users\ultra\warewolf\Dev\Warewolf.Driver.Persistence\bin\Debug\net8.0\Warewolf.Driver.Persistence.dll [C:\Users\ultra\warewolf\Dev\Dev2.Studio.Core.Specs\Dev2.Studio.Core.Specs.csproj]
C:\Program Files\dotnet\sdk\10.0.201\Microsoft.Common.CurrentVersion.targets(2451,5): warning MSB3277:             C:\Users\ultra\warewolf\Dev\Warewolf.Exchange.Email.Wrapper\bin\Debug\net8.0\Warewolf.Exchange.Email.Wrapper.dll [C:\Users\ultra\warewolf\Dev\Dev2.Studio.Core.Specs\Dev2.Studio.Core.Specs.csproj]
C:\Program Files\dotnet\sdk\10.0.201\Microsoft.Common.CurrentVersion.targets(2451,5): warning MSB3277:             C:\Users\ultra\warewolf\Dev\Warewolf.ResourceManagement\bin\Debug\net8.0\Warewolf.ResourceManagement.dll [C:\Users\ultra\warewolf\Dev\Dev2.Studio.Core.Specs\Dev2.Studio.Core.Specs.csproj]
C:\Program Files\dotnet\sdk\10.0.201\Microsoft.Common.CurrentVersion.targets(2451,5): warning MSB3277:             C:\Users\ultra\warewolf\Dev\Warewolf.Studio.Core\bin\Debug\net8.0\Warewolf.Studio.Core.dll [C:\Users\ultra\warewolf\Dev\Dev2.Studio.Core.Specs\Dev2.Studio.Core.Specs.csproj]
C:\Program Files\dotnet\sdk\10.0.201\Microsoft.Common.CurrentVersion.targets(2451,5): warning MSB3277:             C:\Users\ultra\warewolf\Dev\Warewolf.Studio.CustomControls\bin\Debug\net8.0\Warewolf.Studio.CustomControls.dll [C:\Users\ultra\warewolf\Dev\Dev2.Studio.Core.Specs\Dev2.Studio.Core.Specs.csproj]
C:\Program Files\dotnet\sdk\10.0.201\Microsoft.Common.CurrentVersion.targets(2451,5): warning MSB3277:             C:\Users\ultra\warewolf\Dev\Warewolf.Studio.Models\bin\Debug\net8.0\Warewolf.Studio.Models.dll [C:\Users\ultra\warewolf\Dev\Dev2.Studio.Core.Specs\Dev2.Studio.Core.Specs.csproj]
C:\Program Files\dotnet\sdk\10.0.201\Microsoft.Common.CurrentVersion.targets(2451,5): warning MSB3277:             C:\Users\ultra\warewolf\Dev\Warewolf.Studio.ViewModels\bin\Debug\net8.0\Warewolf.Studio.ViewModels.dll [C:\Users\ultra\warewolf\Dev\Dev2.Studio.Core.Specs\Dev2.Studio.Core.Specs.csproj]
C:\Program Files\dotnet\sdk\10.0.201\Microsoft.Common.CurrentVersion.targets(2451,5): warning MSB3277:             C:\Users\ultra\warewolf\Dev\Warewolf.Trigger.Queue\bin\Debug\net8.0\Warewolf.Trigger.Queue.dll [C:\Users\ultra\warewolf\Dev\Dev2.Studio.Core.Specs\Dev2.Studio.Core.Specs.csproj]
C:\Program Files\dotnet\sdk\10.0.201\Microsoft.Common.CurrentVersion.targets(2451,5): warning MSB3277:             C:\Users\ultra\warewolf\Dev\Warewolf.UI\bin\Debug\net8.0\Warewolf.UI.dll [C:\Users\ultra\warewolf\Dev\Dev2.Studio.Core.Specs\Dev2.Studio.Core.Specs.csproj]
C:\Program Files\dotnet\sdk\10.0.201\Microsoft.Common.CurrentVersion.targets(2451,5): warning MSB3277:             C:\Users\ultra\.nuget\packages\dotnetzip\1.16.0\lib\netstandard2.0\DotNetZip.dll [C:\Users\ultra\warewolf\Dev\Dev2.Studio.Core.Specs\Dev2.Studio.Core.Specs.csproj]
C:\Program Files\dotnet\sdk\10.0.201\Microsoft.Common.CurrentVersion.targets(2451,5): warning MSB3277:             C:\Users\ultra\warewolf\Dev\Dev2.Common\bin\Debug\net8.0\Dev2.Common.dll [C:\Users\ultra\warewolf\Dev\Dev2.Studio.Core.Specs\Dev2.Studio.Core.Specs.csproj]
C:\Program Files\dotnet\sdk\10.0.201\Microsoft.Common.CurrentVersion.targets(2451,5): warning MSB3277:             C:\Users\ultra\warewolf\Dev\Dev2.Data.Interfaces\bin\Debug\net8.0\Dev2.Data.Interfaces.dll [C:\Users\ultra\warewolf\Dev\Dev2.Studio.Core.Specs\Dev2.Studio.Core.Specs.csproj]
C:\Program Files\dotnet\sdk\10.0.201\Microsoft.Common.CurrentVersion.targets(2451,5): warning MSB3277:             C:\Users\ultra\warewolf\Dev\Dev2.Infrastructure\bin\Debug\net8.0\Dev2.Infrastructure.dll [C:\Users\ultra\warewolf\Dev\Dev2.Studio.Core.Specs\Dev2.Studio.Core.Specs.csproj]
C:\Program Files\dotnet\sdk\10.0.201\Microsoft.Common.CurrentVersion.targets(2451,5): warning MSB3277:             C:\Users\ultra\warewolf\Dev\Dev2.Development.Languages\bin\Debug\net8.0\Dev2.Development.Languages.dll [C:\Users\ultra\warewolf\Dev\Dev2.Studio.Core.Specs\Dev2.Studio.Core.Specs.csproj]
C:\Program Files\dotnet\sdk\10.0.201\Microsoft.Common.CurrentVersion.targets(2451,5): warning MSB3277:             C:\Users\ultra\warewolf\Dev\Dev2.Diagnostics\bin\Debug\net8.0\Dev2.Diagnostics.dll [C:\Users\ultra\warewolf\Dev\Dev2.Studio.Core.Specs\Dev2.Studio.Core.Specs.csproj]
C:\Program Files\dotnet\sdk\10.0.201\Microsoft.Common.CurrentVersion.targets(2451,5): warning MSB3277:             C:\Users\ultra\warewolf\Dev\Dev2.Services.Sql\bin\Debug\net8.0\Dev2.Services.Sql.dll [C:\Users\ultra\warewolf\Dev\Dev2.Studio.Core.Specs\Dev2.Studio.Core.Specs.csproj]
C:\Program Files\dotnet\sdk\10.0.201\Microsoft.Common.CurrentVersion.targets(2451,5): warning MSB3277:             C:\Users\ultra\warewolf\Dev\Dev2.TaskScheduler.Wrappers\bin\Debug\net8.0\Dev2.TaskScheduler.Wrappers.dll [C:\Users\ultra\warewolf\Dev\Dev2.Studio.Core.Specs\Dev2.Studio.Core.Specs.csproj]
C:\Program Files\dotnet\sdk\10.0.201\Microsoft.Common.CurrentVersion.targets(2451,5): warning MSB3277:             C:\Users\ultra\warewolf\Dev\Dev2.Util\bin\Debug\net8.0\Dev2.Util.dll [C:\Users\ultra\warewolf\Dev\Dev2.Studio.Core.Specs\Dev2.Studio.Core.Specs.csproj]
C:\Program Files\dotnet\sdk\10.0.201\Microsoft.Common.CurrentVersion.targets(2451,5): warning MSB3277:             C:\Users\ultra\warewolf\Dev\Warewolf.AI.Harness\bin\Debug\net8.0\Warewolf.AI.Harness.dll [C:\Users\ultra\warewolf\Dev\Dev2.Studio.Core.Specs\Dev2.Studio.Core.Specs.csproj]
C:\Program Files\dotnet\sdk\10.0.201\Microsoft.Common.CurrentVersion.targets(2451,5): warning MSB3277:             C:\Users\ultra\warewolf\Dev\Warewolf.Driver.Serilog\bin\Debug\net8.0\Warewolf.Driver.Serilog.dll [C:\Users\ultra\warewolf\Dev\Dev2.Studio.Core.Specs\Dev2.Studio.Core.Specs.csproj]
C:\Program Files\dotnet\sdk\10.0.201\Microsoft.Common.CurrentVersion.targets(2451,5): warning MSB3277:             C:\Users\ultra\warewolf\Dev\Warewolf.Sharepoint\bin\Debug\net8.0\Warewolf.Sharepoint.dll [C:\Users\ultra\warewolf\Dev\Dev2.Studio.Core.Specs\Dev2.Studio.Core.Specs.csproj]
C:\Program Files\dotnet\sdk\10.0.201\Microsoft.Common.CurrentVersion.targets(2451,5): warning MSB3277:             C:\Users\ultra\warewolf\Dev\Warewolf.Storage\bin\Debug\net8.0\Warewolf.Storage.dll [C:\Users\ultra\warewolf\Dev\Dev2.Studio.Core.Specs\Dev2.Studio.Core.Specs.csproj]
C:\Program Files\dotnet\sdk\10.0.201\Microsoft.Common.CurrentVersion.targets(2451,5): warning MSB3277:             C:\Users\ultra\.nuget\packages\mindbox.data.linq\5.0.0\lib\netstandard2.0\Mindbox.Data.Linq.dll [C:\Users\ultra\warewolf\Dev\Dev2.Studio.Core.Specs\Dev2.Studio.Core.Specs.csproj]
C:\Program Files\dotnet\sdk\10.0.201\Microsoft.Common.CurrentVersion.targets(2451,5): warning MSB3277:             C:\Users\ultra\.nuget\packages\mysql.data\8.4.0\lib\net8.0\MySql.Data.dll [C:\Users\ultra\warewolf\Dev\Dev2.Studio.Core.Specs\Dev2.Studio.Core.Specs.csproj]
C:\Program Files\dotnet\sdk\10.0.201\Microsoft.Common.CurrentVersion.targets(2451,5): warning MSB3277:             C:\Users\ultra\.nuget\packages\oracle.manageddataaccess.core\3.21.70\lib\netstandard2.1\Oracle.ManagedDataAccess.dll [C:\Users\ultra\warewolf\Dev\Dev2.Studio.Core.Specs\Dev2.Studio.Core.Specs.csproj]
C:\Program Files\dotnet\sdk\10.0.201\Microsoft.Common.CurrentVersion.targets(2451,5): warning MSB3277:             C:\Users\ultra\.nuget\packages\system.directoryservices\6.0.0\lib\net6.0\System.DirectoryServices.dll [C:\Users\ultra\warewolf\Dev\Dev2.Studio.Core.Specs\Dev2.Studio.Core.Specs.csproj]
C:\Program Files\dotnet\sdk\10.0.201\Microsoft.Common.CurrentVersion.targets(2451,5): warning MSB3277:             C:\Users\ultra\.nuget\packages\corewcf.primitives\1.2.1\lib\netstandard2.0\CoreWCF.Primitives.dll [C:\Users\ultra\warewolf\Dev\Dev2.Studio.Core.Specs\Dev2.Studio.Core.Specs.csproj]
C:\Program Files\dotnet\sdk\10.0.201\Microsoft.Common.CurrentVersion.targets(2451,5): warning MSB3277:             C:\Users\ultra\.nuget\packages\corewcf.http\1.2.1\lib\netstandard2.0\CoreWCF.Http.dll [C:\Users\ultra\warewolf\Dev\Dev2.Studio.Core.Specs\Dev2.Studio.Core.Specs.csproj]
C:\Program Files\dotnet\sdk\10.0.201\Microsoft.Common.CurrentVersion.targets(2451,5): warning MSB3277:             C:\Users\ultra\.nuget\packages\corewcf.nettcp\1.2.1\lib\netstandard2.0\CoreWCF.NetTcp.dll [C:\Users\ultra\warewolf\Dev\Dev2.Studio.Core.Specs\Dev2.Studio.Core.Specs.csproj]
C:\Program Files\dotnet\sdk\10.0.201\Microsoft.Common.CurrentVersion.targets(2451,5): warning MSB3277:             C:\Users\ultra\.nuget\packages\corewcf.webhttp\1.2.1\lib\netstandard2.0\CoreWCF.WebHttp.dll [C:\Users\ultra\warewolf\Dev\Dev2.Studio.Core.Specs\Dev2.Studio.Core.Specs.csproj]
C:\Program Files\dotnet\sdk\10.0.201\Microsoft.Common.CurrentVersion.targets(2451,5): warning MSB3277:             C:\Program Files\dotnet\packs\Microsoft.NETCore.App.Ref\8.0.25\ref/net8.0/System.Configuration.dll [C:\Users\ultra\warewolf\Dev\Dev2.Studio.Core.Specs\Dev2.Studio.Core.Specs.csproj]
C:\Program Files\dotnet\sdk\10.0.201\Microsoft.Common.CurrentVersion.targets(2451,5): warning MSB3277:             C:\Users\ultra\.nuget\packages\prism.composition\5.0.0\lib\NET45\Microsoft.Practices.Prism.Composition.dll [C:\Users\ultra\warewolf\Dev\Dev2.Studio.Core.Specs\Dev2.Studio.Core.Specs.csproj]
C:\Program Files\dotnet\sdk\10.0.201\Microsoft.Common.CurrentVersion.targets(2451,5): warning MSB3277:             C:\Users\ultra\.nuget\packages\prism.unityextensions\5.0.1\lib\NET45\Microsoft.Practices.Prism.UnityExtensions.dll [C:\Users\ultra\warewolf\Dev\Dev2.Studio.Core.Specs\Dev2.Studio.Core.Specs.csproj]
C:\Program Files\dotnet\sdk\10.0.201\Microsoft.Common.CurrentVersion.targets(2451,5): warning MSB3277:             C:\Users\ultra\.nuget\packages\prism.wpf\9.0.537\lib\net462\Prism.Wpf.dll [C:\Users\ultra\warewolf\Dev\Dev2.Studio.Core.Specs\Dev2.Studio.Core.Specs.csproj]
C:\Program Files\dotnet\sdk\10.0.201\Microsoft.Common.CurrentVersion.targets(2451,5): warning MSB3277:             C:\Program Files\dotnet\packs\Microsoft.NETCore.App.Ref\8.0.25\ref/net8.0/System.Data.dll [C:\Users\ultra\warewolf\Dev\Dev2.Studio.Core.Specs\Dev2.Studio.Core.Specs.csproj]
C:\Program Files\dotnet\sdk\10.0.201\Microsoft.Common.CurrentVersion.targets(2451,5): warning MSB3277:             C:\Users\ultra\.nuget\packages\taskschedulereditor\2.10.1\lib\net452\Microsoft.Win32.TaskSchedulerEditor.dll [C:\Users\ultra\warewolf\Dev\Dev2.Studio.Core.Specs\Dev2.Studio.Core.Specs.csproj]
C:\Program Files\dotnet\sdk\10.0.201\Microsoft.Common.CurrentVersion.targets(2451,5): warning MSB3277:             C:\Program Files\dotnet\packs\Microsoft.NETCore.App.Ref\8.0.25\ref/net8.0/System.Drawing.dll [C:\Users\ultra\warewolf\Dev\Dev2.Studio.Core.Specs\Dev2.Studio.Core.Specs.csproj]
C:\Program Files\dotnet\sdk\10.0.201\Microsoft.Common.CurrentVersion.targets(2451,5): warning MSB3277:             C:\Users\ultra\.nuget\packages\aerowizard\2.3.1\lib\net45\AeroWizard.dll [C:\Users\ultra\warewolf\Dev\Dev2.Studio.Core.Specs\Dev2.Studio.Core.Specs.csproj]
C:\Program Files\dotnet\sdk\10.0.201\Microsoft.Common.CurrentVersion.targets(2451,5): warning MSB3277:             C:\Users\ultra\.nuget\packages\avalonedit\6.3.0.90\lib\net462\ICSharpCode.AvalonEdit.dll [C:\Users\ultra\warewolf\Dev\Dev2.Studio.Core.Specs\Dev2.Studio.Core.Specs.csproj]
C:\Program Files\dotnet\sdk\10.0.201\Microsoft.Common.CurrentVersion.targets(2451,5): warning MSB3277:             C:\Users\ultra\.nuget\packages\groupcontrols\1.9.0\lib\net45\GroupControls.dll [C:\Users\ultra\warewolf\Dev\Dev2.Studio.Core.Specs\Dev2.Studio.Core.Specs.csproj]
C:\Program Files\dotnet\sdk\10.0.201\Microsoft.Common.CurrentVersion.targets(2451,5): warning MSB3277:             C:\Program Files\dotnet\packs\Microsoft.NETCore.App.Ref\8.0.25\ref/net8.0/System.Net.dll [C:\Users\ultra\warewolf\Dev\Dev2.Studio.Core.Specs\Dev2.Studio.Core.Specs.csproj]
C:\Program Files\dotnet\sdk\10.0.201\Microsoft.Common.CurrentVersion.targets(2451,5): warning MSB3277:             C:\Program Files\dotnet\packs\Microsoft.NETCore.App.Ref\8.0.25\ref/net8.0/System.Security.dll [C:\Users\ultra\warewolf\Dev\Dev2.Studio.Core.Specs\Dev2.Studio.Core.Specs.csproj]
C:\Program Files\dotnet\sdk\10.0.201\Microsoft.Common.CurrentVersion.targets(2451,5): warning MSB3277:             C:\Program Files\dotnet\packs\Microsoft.NETCore.App.Ref\8.0.25\ref/net8.0/System.ServiceProcess.dll [C:\Users\ultra\warewolf\Dev\Dev2.Studio.Core.Specs\Dev2.Studio.Core.Specs.csproj]
C:\Program Files\dotnet\sdk\10.0.201\Microsoft.Common.CurrentVersion.targets(2451,5): warning MSB3277:             C:\Program Files\dotnet\packs\Microsoft.NETCore.App.Ref\8.0.25\ref/net8.0/System.Transactions.dll [C:\Users\ultra\warewolf\Dev\Dev2.Studio.Core.Specs\Dev2.Studio.Core.Specs.csproj]
C:\Program Files\dotnet\sdk\10.0.201\Microsoft.Common.CurrentVersion.targets(2451,5): warning MSB3277:             C:\Program Files\dotnet\packs\Microsoft.NETCore.App.Ref\8.0.25\ref/net8.0/System.dll [C:\Users\ultra\warewolf\Dev\Dev2.Studio.Core.Specs\Dev2.Studio.Core.Specs.csproj]
C:\Program Files\dotnet\sdk\10.0.201\Microsoft.Common.CurrentVersion.targets(2451,5): warning MSB3277:             C:\Users\ultra\.nuget\packages\fontawesome.wpf\4.7.0.9\lib\net40\FontAwesome.WPF.dll [C:\Users\ultra\warewolf\Dev\Dev2.Studio.Core.Specs\Dev2.Studio.Core.Specs.csproj]
C:\Program Files\dotnet\sdk\10.0.201\Microsoft.Common.CurrentVersion.targets(2451,5): warning MSB3277:             C:\Users\ultra\.nuget\packages\log4net.async\2.0.4\lib\net40\Log4Net.Async.dll [C:\Users\ultra\warewolf\Dev\Dev2.Studio.Core.Specs\Dev2.Studio.Core.Specs.csproj]
C:\Program Files\dotnet\sdk\10.0.201\Microsoft.Common.CurrentVersion.targets(2451,5): warning MSB3277:             C:\Users\ultra\.nuget\packages\microsoft.xaml.behaviors.wpf\1.1.122\lib\net462\Microsoft.Xaml.Behaviors.dll [C:\Users\ultra\warewolf\Dev\Dev2.Studio.Core.Specs\Dev2.Studio.Core.Specs.csproj]
C:\Program Files\dotnet\sdk\10.0.201\Microsoft.Common.CurrentVersion.targets(2451,5): warning MSB3277:             C:\Users\ultra\.nuget\packages\caliburn.micro\4.0.212\lib\netcoreapp3.1\Caliburn.Micro.Platform.dll [C:\Users\ultra\warewolf\Dev\Dev2.Studio.Core.Specs\Dev2.Studio.Core.Specs.csproj]
C:\Program Files\dotnet\sdk\10.0.201\Microsoft.Common.CurrentVersion.targets(2451,5): warning MSB3277:             C:\Users\ultra\.nuget\packages\prism.interactivity\5.0.0\lib\NET45\Microsoft.Practices.Prism.Interactivity.dll [C:\Users\ultra\warewolf\Dev\Dev2.Studio.Core.Specs\Dev2.Studio.Core.Specs.csproj]
C:\Program Files\dotnet\sdk\10.0.201\Microsoft.Common.CurrentVersion.targets(2451,5): warning MSB3277:             C:\Users\ultra\.nuget\packages\prism.mvvm\1.0.0\lib\net45\Microsoft.Practices.Prism.Mvvm.Desktop.dll [C:\Users\ultra\warewolf\Dev\Dev2.Studio.Core.Specs\Dev2.Studio.Core.Specs.csproj]
C:\Program Files\dotnet\sdk\10.0.201\Microsoft.Common.CurrentVersion.targets(2451,5): warning MSB3277:             C:\Users\ultra\.nuget\packages\reactiveui.wpf\18.4.1\lib\net462\ReactiveUI.Wpf.dll [C:\Users\ultra\warewolf\Dev\Dev2.Studio.Core.Specs\Dev2.Studio.Core.Specs.csproj]
C:\Program Files\dotnet\sdk\10.0.201\Microsoft.Common.CurrentVersion.targets(2451,5): warning MSB3277:             C:\Users\ultra\.nuget\packages\ttcue.netcore.sharepointonline.csom.16.1.8029.1200\16.1.8029.1200\lib\netcoreapp2.0\Microsoft.SharePoint.Client.Runtime.Windows.dll [C:\Users\ultra\warewolf\Dev\Dev2.Studio.Core.Specs\Dev2.Studio.Core.Specs.csproj]
C:\Program Files\dotnet\sdk\10.0.201\Microsoft.Common.CurrentVersion.targets(2451,5): warning MSB3277:             C:\Program Files\dotnet\packs\Microsoft.NETCore.App.Ref\8.0.25\ref/net8.0/WindowsBase.dll [C:\Users\ultra\warewolf\Dev\Dev2.Studio.Core.Specs\Dev2.Studio.Core.Specs.csproj]
C:\Program Files\dotnet\sdk\10.0.201\Microsoft.Common.CurrentVersion.targets(2451,5): warning MSB3277:             C:\Program Files\dotnet\packs\Microsoft.NETCore.App.Ref\8.0.25\ref/net8.0/mscorlib.dll [C:\Users\ultra\warewolf\Dev\Dev2.Studio.Core.Specs\Dev2.Studio.Core.Specs.csproj]
C:\Program Files\dotnet\sdk\10.0.201\Microsoft.Common.CurrentVersion.targets(2451,5): warning MSB3277:             C:\Users\ultra\.nuget\packages\hangfire.core\1.7.32\lib\netstandard2.0\Hangfire.Core.dll [C:\Users\ultra\warewolf\Dev\Dev2.Studio.Core.Specs\Dev2.Studio.Core.Specs.csproj]
C:\Program Files\dotnet\sdk\10.0.201\Microsoft.Common.CurrentVersion.targets(2451,5): warning MSB3277:             C:\Users\ultra\.nuget\packages\hangfire.sqlserver\1.7.32\lib\netstandard2.0\Hangfire.SqlServer.dll [C:\Users\ultra\warewolf\Dev\Dev2.Studio.Core.Specs\Dev2.Studio.Core.Specs.csproj]
C:\Program Files\dotnet\sdk\10.0.201\Microsoft.Common.CurrentVersion.targets(2451,5): warning MSB3277:             C:\Users\ultra\.nuget\packages\microsoft.codecoverage\17.13.0\lib\netcoreapp3.1\Microsoft.VisualStudio.CodeCoverage.Shim.dll [C:\Users\ultra\warewolf\Dev\Dev2.Studio.Core.Specs\Dev2.Studio.Core.Specs.csproj]
C:\Program Files\dotnet\sdk\10.0.201\Microsoft.Common.CurrentVersion.targets(2451,5): warning MSB3277:             C:\Users\ultra\.nuget\packages\unofficial.microsoft.mshtml\7.0.3300\lib\net40\Microsoft.mshtml.dll [C:\Users\ultra\warewolf\Dev\Dev2.Studio.Core.Specs\Dev2.Studio.Core.Specs.csproj]
C:\Program Files\dotnet\sdk\10.0.201\Microsoft.Common.CurrentVersion.targets(2451,5): warning MSB3277:         C:\Program Files\dotnet\packs\Microsoft.NETCore.App.Ref\8.0.25\ref\net8.0\System.Drawing.dll [C:\Users\ultra\warewolf\Dev\Dev2.Studio.Core.Specs\Dev2.Studio.Core.Specs.csproj]
C:\Program Files\dotnet\sdk\10.0.201\Microsoft.Common.CurrentVersion.targets(2451,5): warning MSB3277:           Project file item includes which caused reference "C:\Program Files\dotnet\packs\Microsoft.NETCore.App.Ref\8.0.25\ref\net8.0\System.Drawing.dll". [C:\Users\ultra\warewolf\Dev\Dev2.Studio.Core.Specs\Dev2.Studio.Core.Specs.csproj]
C:\Program Files\dotnet\sdk\10.0.201\Microsoft.Common.CurrentVersion.targets(2451,5): warning MSB3277:             C:\Program Files\dotnet\packs\Microsoft.NETCore.App.Ref\8.0.25\ref/net8.0/System.Drawing.dll [C:\Users\ultra\warewolf\Dev\Dev2.Studio.Core.Specs\Dev2.Studio.Core.Specs.csproj]
C:\Program Files\dotnet\sdk\10.0.201\Microsoft.Common.CurrentVersion.targets(2451,5): warning MSB3277:             C:\Users\ultra\.nuget\packages\aerowizard\2.3.1\lib\net45\AeroWizard.dll [C:\Users\ultra\warewolf\Dev\Dev2.Studio.Core.Specs\Dev2.Studio.Core.Specs.csproj]
C:\Program Files\dotnet\sdk\10.0.201\Microsoft.Common.CurrentVersion.targets(2451,5): warning MSB3277:             C:\Users\ultra\.nuget\packages\avalonedit\6.3.0.90\lib\net462\ICSharpCode.AvalonEdit.dll [C:\Users\ultra\warewolf\Dev\Dev2.Studio.Core.Specs\Dev2.Studio.Core.Specs.csproj]
C:\Program Files\dotnet\sdk\10.0.201\Microsoft.Common.CurrentVersion.targets(2451,5): warning MSB3277:             C:\Users\ultra\.nuget\packages\groupcontrols\1.9.0\lib\net45\GroupControls.dll [C:\Users\ultra\warewolf\Dev\Dev2.Studio.Core.Specs\Dev2.Studio.Core.Specs.csproj]
C:\Program Files\dotnet\sdk\10.0.201\Microsoft.Common.CurrentVersion.targets(2451,5): warning MSB3277:             C:\Users\ultra\.nuget\packages\taskschedulereditor\2.10.1\lib\net452\Microsoft.Win32.TaskSchedulerEditor.dll [C:\Users\ultra\warewolf\Dev\Dev2.Studio.Core.Specs\Dev2.Studio.Core.Specs.csproj]
C:\Program Files\dotnet\sdk\10.0.201\Microsoft.Common.CurrentVersion.targets(2451,5): warning MSB3277: Found conflicts between different versions of "Microsoft.Win32.SystemEvents" that could not be resolved. [C:\Users\ultra\warewolf\Dev\Dev2.Studio.Core.Tests\Dev2.Studio.Core.Tests.csproj]
C:\Program Files\dotnet\sdk\10.0.201\Microsoft.Common.CurrentVersion.targets(2451,5): warning MSB3277: There was a conflict between "Microsoft.Win32.SystemEvents, Version=6.0.0.0, Culture=neutral, PublicKeyToken=cc7b13ffcd2ddd51" and "Microsoft.Win32.SystemEvents, Version=7.0.0.0, Culture=neutral, PublicKeyToken=cc7b13ffcd2ddd51". [C:\Users\ultra\warewolf\Dev\Dev2.Studio.Core.Tests\Dev2.Studio.Core.Tests.csproj]
C:\Program Files\dotnet\sdk\10.0.201\Microsoft.Common.CurrentVersion.targets(2451,5): warning MSB3277:     "Microsoft.Win32.SystemEvents, Version=6.0.0.0, Culture=neutral, PublicKeyToken=cc7b13ffcd2ddd51" was chosen because it was primary and "Microsoft.Win32.SystemEvents, Version=7.0.0.0, Culture=neutral, PublicKeyToken=cc7b13ffcd2ddd51" was not. [C:\Users\ultra\warewolf\Dev\Dev2.Studio.Core.Tests\Dev2.Studio.Core.Tests.csproj]
C:\Program Files\dotnet\sdk\10.0.201\Microsoft.Common.CurrentVersion.targets(2451,5): warning MSB3277:     References which depend on "Microsoft.Win32.SystemEvents, Version=6.0.0.0, Culture=neutral, PublicKeyToken=cc7b13ffcd2ddd51" [C:\Users\ultra\.nuget\packages\microsoft.win32.systemevents\6.0.0\lib\net6.0\Microsoft.Win32.SystemEvents.dll]. [C:\Users\ultra\warewolf\Dev\Dev2.Studio.Core.Tests\Dev2.Studio.Core.Tests.csproj]
C:\Program Files\dotnet\sdk\10.0.201\Microsoft.Common.CurrentVersion.targets(2451,5): warning MSB3277:         C:\Users\ultra\.nuget\packages\microsoft.win32.systemevents\6.0.0\lib\net6.0\Microsoft.Win32.SystemEvents.dll [C:\Users\ultra\warewolf\Dev\Dev2.Studio.Core.Tests\Dev2.Studio.Core.Tests.csproj]
C:\Program Files\dotnet\sdk\10.0.201\Microsoft.Common.CurrentVersion.targets(2451,5): warning MSB3277:           Project file item includes which caused reference "C:\Users\ultra\.nuget\packages\microsoft.win32.systemevents\6.0.0\lib\net6.0\Microsoft.Win32.SystemEvents.dll". [C:\Users\ultra\warewolf\Dev\Dev2.Studio.Core.Tests\Dev2.Studio.Core.Tests.csproj]
C:\Program Files\dotnet\sdk\10.0.201\Microsoft.Common.CurrentVersion.targets(2451,5): warning MSB3277:             C:\Users\ultra\.nuget\packages\microsoft.win32.systemevents\6.0.0\lib\net6.0\Microsoft.Win32.SystemEvents.dll [C:\Users\ultra\warewolf\Dev\Dev2.Studio.Core.Tests\Dev2.Studio.Core.Tests.csproj]
C:\Program Files\dotnet\sdk\10.0.201\Microsoft.Common.CurrentVersion.targets(2451,5): warning MSB3277:     References which depend on or have been unified to "Microsoft.Win32.SystemEvents, Version=7.0.0.0, Culture=neutral, PublicKeyToken=cc7b13ffcd2ddd51" []. [C:\Users\ultra\warewolf\Dev\Dev2.Studio.Core.Tests\Dev2.Studio.Core.Tests.csproj]
C:\Program Files\dotnet\sdk\10.0.201\Microsoft.Common.CurrentVersion.targets(2451,5): warning MSB3277:         C:\Users\ultra\warewolf\Dev\Dev2.Common\bin\Debug\net8.0\Dev2.Common.dll [C:\Users\ultra\warewolf\Dev\Dev2.Studio.Core.Tests\Dev2.Studio.Core.Tests.csproj]
C:\Program Files\dotnet\sdk\10.0.201\Microsoft.Common.CurrentVersion.targets(2451,5): warning MSB3277:           Project file item includes which caused reference "C:\Users\ultra\warewolf\Dev\Dev2.Common\bin\Debug\net8.0\Dev2.Common.dll". [C:\Users\ultra\warewolf\Dev\Dev2.Studio.Core.Tests\Dev2.Studio.Core.Tests.csproj]
C:\Program Files\dotnet\sdk\10.0.201\Microsoft.Common.CurrentVersion.targets(2451,5): warning MSB3277:             C:\Users\ultra\warewolf\Dev\Dev2.Common\bin\Debug\net8.0\Dev2.Common.dll [C:\Users\ultra\warewolf\Dev\Dev2.Studio.Core.Tests\Dev2.Studio.Core.Tests.csproj]
C:\Program Files\dotnet\sdk\10.0.201\Microsoft.Common.CurrentVersion.targets(2451,5): warning MSB3277:             C:\Users\ultra\warewolf\Dev\Dev2.Data\bin\Debug\net8.0\Dev2.Data.dll [C:\Users\ultra\warewolf\Dev\Dev2.Studio.Core.Tests\Dev2.Studio.Core.Tests.csproj]
C:\Program Files\dotnet\sdk\10.0.201\Microsoft.Common.CurrentVersion.targets(2451,5): warning MSB3277:             C:\Users\ultra\warewolf\Dev\Dev2.Diagnostics.Tests\bin\Debug\net8.0\Dev2.Diagnostics.Tests.dll [C:\Users\ultra\warewolf\Dev\Dev2.Studio.Core.Tests\Dev2.Studio.Core.Tests.csproj]
C:\Program Files\dotnet\sdk\10.0.201\Microsoft.Common.CurrentVersion.targets(2451,5): warning MSB3277:             C:\Users\ultra\warewolf\Dev\Dev2.Diagnostics\bin\Debug\net8.0\Dev2.Diagnostics.dll [C:\Users\ultra\warewolf\Dev\Dev2.Studio.Core.Tests\Dev2.Studio.Core.Tests.csproj]
C:\Program Files\dotnet\sdk\10.0.201\Microsoft.Common.CurrentVersion.targets(2451,5): warning MSB3277:             C:\Users\ultra\warewolf\Dev\Dev2.Infrastructure.Tests\bin\Debug\net8.0\Dev2.Infrastructure.Tests.dll [C:\Users\ultra\warewolf\Dev\Dev2.Studio.Core.Tests\Dev2.Studio.Core.Tests.csproj]
C:\Program Files\dotnet\sdk\10.0.201\Microsoft.Common.CurrentVersion.targets(2451,5): warning MSB3277:             C:\Users\ultra\warewolf\Dev\Dev2.Infrastructure\bin\Debug\net8.0\Dev2.Infrastructure.dll [C:\Users\ultra\warewolf\Dev\Dev2.Studio.Core.Tests\Dev2.Studio.Core.Tests.csproj]
C:\Program Files\dotnet\sdk\10.0.201\Microsoft.Common.CurrentVersion.targets(2451,5): warning MSB3277:             C:\Users\ultra\warewolf\Dev\Dev2.Intellisense\bin\Debug\net8.0\Dev2.Intellisense.dll [C:\Users\ultra\warewolf\Dev\Dev2.Studio.Core.Tests\Dev2.Studio.Core.Tests.csproj]
C:\Program Files\dotnet\sdk\10.0.201\Microsoft.Common.CurrentVersion.targets(2451,5): warning MSB3277:             C:\Users\ultra\warewolf\Dev\Dev2.Runtime.Services\bin\Debug\net8.0\Dev2.Runtime.Services.dll [C:\Users\ultra\warewolf\Dev\Dev2.Studio.Core.Tests\Dev2.Studio.Core.Tests.csproj]
C:\Program Files\dotnet\sdk\10.0.201\Microsoft.Common.CurrentVersion.targets(2451,5): warning MSB3277:             C:\Users\ultra\warewolf\Dev\Dev2.Runtime\bin\Debug\net8.0\Dev2.Runtime.dll [C:\Users\ultra\warewolf\Dev\Dev2.Studio.Core.Tests\Dev2.Studio.Core.Tests.csproj]
C:\Program Files\dotnet\sdk\10.0.201\Microsoft.Common.CurrentVersion.targets(2451,5): warning MSB3277:             C:\Users\ultra\warewolf\Dev\Dev2.Scheduler\bin\Debug\net8.0\Dev2.Scheduler.dll [C:\Users\ultra\warewolf\Dev\Dev2.Studio.Core.Tests\Dev2.Studio.Core.Tests.csproj]
C:\Program Files\dotnet\sdk\10.0.201\Microsoft.Common.CurrentVersion.targets(2451,5): warning MSB3277:             C:\Users\ultra\warewolf\Dev\Dev2.Studio.Core\bin\Debug\net8.0\Dev2.Studio.Core.dll [C:\Users\ultra\warewolf\Dev\Dev2.Studio.Core.Tests\Dev2.Studio.Core.Tests.csproj]
C:\Program Files\dotnet\sdk\10.0.201\Microsoft.Common.CurrentVersion.targets(2451,5): warning MSB3277:             C:\Users\ultra\warewolf\Dev\Dev2.Studio.Interfaces\bin\Debug\net8.0\Dev2.Studio.Interfaces.dll [C:\Users\ultra\warewolf\Dev\Dev2.Studio.Core.Tests\Dev2.Studio.Core.Tests.csproj]
C:\Program Files\dotnet\sdk\10.0.201\Microsoft.Common.CurrentVersion.targets(2451,5): warning MSB3277:             C:\Users\ultra\warewolf\Dev\Dev2.Studio\bin\Debug\net8.0\Warewolf Studio.dll [C:\Users\ultra\warewolf\Dev\Dev2.Studio.Core.Tests\Dev2.Studio.Core.Tests.csproj]
C:\Program Files\dotnet\sdk\10.0.201\Microsoft.Common.CurrentVersion.targets(2451,5): warning MSB3277:             C:\Users\ultra\warewolf\Dev\Dev2.Activities\bin\Debug\net8.0\Dev2.Activities.dll [C:\Users\ultra\warewolf\Dev\Dev2.Studio.Core.Tests\Dev2.Studio.Core.Tests.csproj]
C:\Program Files\dotnet\sdk\10.0.201\Microsoft.Common.CurrentVersion.targets(2451,5): warning MSB3277:             C:\Users\ultra\warewolf\Dev\Dev2.Core\bin\Debug\net8.0\Dev2.Core.dll [C:\Users\ultra\warewolf\Dev\Dev2.Studio.Core.Tests\Dev2.Studio.Core.Tests.csproj]
C:\Program Files\dotnet\sdk\10.0.201\Microsoft.Common.CurrentVersion.targets(2451,5): warning MSB3277:             C:\Users\ultra\warewolf\Dev\Dev2.TaskScheduler.Wrappers\bin\Debug\net8.0\Dev2.TaskScheduler.Wrappers.dll [C:\Users\ultra\warewolf\Dev\Dev2.Studio.Core.Tests\Dev2.Studio.Core.Tests.csproj]
C:\Program Files\dotnet\sdk\10.0.201\Microsoft.Common.CurrentVersion.targets(2451,5): warning MSB3277:             C:\Users\ultra\warewolf\Dev\Dev2.Util\bin\Debug\net8.0\Dev2.Util.dll [C:\Users\ultra\warewolf\Dev\Dev2.Studio.Core.Tests\Dev2.Studio.Core.Tests.csproj]
C:\Program Files\dotnet\sdk\10.0.201\Microsoft.Common.CurrentVersion.targets(2451,5): warning MSB3277:             C:\Users\ultra\warewolf\Dev\Warewolf.Core\bin\Debug\net8.0\Warewolf.Core.dll [C:\Users\ultra\warewolf\Dev\Dev2.Studio.Core.Tests\Dev2.Studio.Core.Tests.csproj]
C:\Program Files\dotnet\sdk\10.0.201\Microsoft.Common.CurrentVersion.targets(2451,5): warning MSB3277:             C:\Users\ultra\warewolf\Dev\Warewolf.MergeParser.Tests\bin\Debug\net8.0\Warewolf.MergeParser.Tests.dll [C:\Users\ultra\warewolf\Dev\Dev2.Studio.Core.Tests\Dev2.Studio.Core.Tests.csproj]
C:\Program Files\dotnet\sdk\10.0.201\Microsoft.Common.CurrentVersion.targets(2451,5): warning MSB3277:             C:\Users\ultra\warewolf\Dev\Warewolf.Studio.Core\bin\Debug\net8.0\Warewolf.Studio.Core.dll [C:\Users\ultra\warewolf\Dev\Dev2.Studio.Core.Tests\Dev2.Studio.Core.Tests.csproj]
C:\Program Files\dotnet\sdk\10.0.201\Microsoft.Common.CurrentVersion.targets(2451,5): warning MSB3277:             C:\Users\ultra\warewolf\Dev\Warewolf.Studio.ViewModels\bin\Debug\net8.0\Warewolf.Studio.ViewModels.dll [C:\Users\ultra\warewolf\Dev\Dev2.Studio.Core.Tests\Dev2.Studio.Core.Tests.csproj]
C:\Program Files\dotnet\sdk\10.0.201\Microsoft.Common.CurrentVersion.targets(2451,5): warning MSB3277:             C:\Users\ultra\warewolf\Dev\Warewolf.Testing\bin\Debug\net8.0\Warewolf.Testing.dll [C:\Users\ultra\warewolf\Dev\Dev2.Studio.Core.Tests\Dev2.Studio.Core.Tests.csproj]
C:\Program Files\dotnet\sdk\10.0.201\Microsoft.Common.CurrentVersion.targets(2451,5): warning MSB3277:             C:\Users\ultra\warewolf\Dev\Warewolf.Trigger.Queue\bin\Debug\net8.0\Warewolf.Trigger.Queue.dll [C:\Users\ultra\warewolf\Dev\Dev2.Studio.Core.Tests\Dev2.Studio.Core.Tests.csproj]
C:\Program Files\dotnet\sdk\10.0.201\Microsoft.Common.CurrentVersion.targets(2451,5): warning MSB3277:             C:\Users\ultra\warewolf\Dev\Warewolf.UI\bin\Debug\net8.0\Warewolf.UI.dll [C:\Users\ultra\warewolf\Dev\Dev2.Studio.Core.Tests\Dev2.Studio.Core.Tests.csproj]
C:\Program Files\dotnet\sdk\10.0.201\Microsoft.Common.CurrentVersion.targets(2451,5): warning MSB3277:             C:\Users\ultra\warewolf\Dev\Dev2.Development.Languages\bin\Debug\net8.0\Dev2.Development.Languages.dll [C:\Users\ultra\warewolf\Dev\Dev2.Studio.Core.Tests\Dev2.Studio.Core.Tests.csproj]
C:\Program Files\dotnet\sdk\10.0.201\Microsoft.Common.CurrentVersion.targets(2451,5): warning MSB3277:             C:\Users\ultra\warewolf\Dev\Dev2.Runtime.WebServer\bin\Debug\net8.0\Dev2.Runtime.WebServer.dll [C:\Users\ultra\warewolf\Dev\Dev2.Studio.Core.Tests\Dev2.Studio.Core.Tests.csproj]
C:\Program Files\dotnet\sdk\10.0.201\Microsoft.Common.CurrentVersion.targets(2451,5): warning MSB3277:             C:\Users\ultra\warewolf\Dev\Dev2.Services.Execution\bin\Debug\net8.0\Dev2.Services.Execution.dll [C:\Users\ultra\warewolf\Dev\Dev2.Studio.Core.Tests\Dev2.Studio.Core.Tests.csproj]
C:\Program Files\dotnet\sdk\10.0.201\Microsoft.Common.CurrentVersion.targets(2451,5): warning MSB3277:             C:\Users\ultra\warewolf\Dev\Dev2.Services.Sql\bin\Debug\net8.0\Dev2.Services.Sql.dll [C:\Users\ultra\warewolf\Dev\Dev2.Studio.Core.Tests\Dev2.Studio.Core.Tests.csproj]
C:\Program Files\dotnet\sdk\10.0.201\Microsoft.Common.CurrentVersion.targets(2451,5): warning MSB3277:             C:\Users\ultra\warewolf\Dev\Warewolf.HangfireServer\bin\Debug\net8.0\HangfireServer.dll [C:\Users\ultra\warewolf\Dev\Dev2.Studio.Core.Tests\Dev2.Studio.Core.Tests.csproj]
C:\Program Files\dotnet\sdk\10.0.201\Microsoft.Common.CurrentVersion.targets(2451,5): warning MSB3277:             C:\Users\ultra\warewolf\Dev\Warewolf.QueueWorker\bin\Debug\net8.0\QueueWorker.dll [C:\Users\ultra\warewolf\Dev\Dev2.Studio.Core.Tests\Dev2.Studio.Core.Tests.csproj]
C:\Program Files\dotnet\sdk\10.0.201\Microsoft.Common.CurrentVersion.targets(2451,5): warning MSB3277:             C:\Users\ultra\warewolf\Dev\Dev2.Server\bin\Debug\net8.0\Warewolf Server.dll [C:\Users\ultra\warewolf\Dev\Dev2.Studio.Core.Tests\Dev2.Studio.Core.Tests.csproj]
C:\Program Files\dotnet\sdk\10.0.201\Microsoft.Common.CurrentVersion.targets(2451,5): warning MSB3277:             C:\Users\ultra\warewolf\Dev\Warewolf.AI.Harness\bin\Debug\net8.0\Warewolf.AI.Harness.dll [C:\Users\ultra\warewolf\Dev\Dev2.Studio.Core.Tests\Dev2.Studio.Core.Tests.csproj]
C:\Program Files\dotnet\sdk\10.0.201\Microsoft.Common.CurrentVersion.targets(2451,5): warning MSB3277:             C:\Users\ultra\warewolf\Dev\Warewolf.Auditing\bin\Debug\net8.0\Warewolf.Auditing.dll [C:\Users\ultra\warewolf\Dev\Dev2.Studio.Core.Tests\Dev2.Studio.Core.Tests.csproj]
C:\Program Files\dotnet\sdk\10.0.201\Microsoft.Common.CurrentVersion.targets(2451,5): warning MSB3277:             C:\Users\ultra\warewolf\Dev\Warewolf.Common.Framework48\bin\Debug\net8.0\Warewolf.Common.Framework48.dll [C:\Users\ultra\warewolf\Dev\Dev2.Studio.Core.Tests\Dev2.Studio.Core.Tests.csproj]
C:\Program Files\dotnet\sdk\10.0.201\Microsoft.Common.CurrentVersion.targets(2451,5): warning MSB3277:             C:\Users\ultra\warewolf\Dev\Warewolf.Common.NetStandard20\bin\Debug\net8.0\Warewolf.Common.NetStandard20.dll [C:\Users\ultra\warewolf\Dev\Dev2.Studio.Core.Tests\Dev2.Studio.Core.Tests.csproj]
C:\Program Files\dotnet\sdk\10.0.201\Microsoft.Common.CurrentVersion.targets(2451,5): warning MSB3277:             C:\Users\ultra\warewolf\Dev\Warewolf.Driver.Persistence\bin\Debug\net8.0\Warewolf.Driver.Persistence.dll [C:\Users\ultra\warewolf\Dev\Dev2.Studio.Core.Tests\Dev2.Studio.Core.Tests.csproj]
C:\Program Files\dotnet\sdk\10.0.201\Microsoft.Common.CurrentVersion.targets(2451,5): warning MSB3277:             C:\Users\ultra\warewolf\Dev\Warewolf.Driver.Serilog\bin\Debug\net8.0\Warewolf.Driver.Serilog.dll [C:\Users\ultra\warewolf\Dev\Dev2.Studio.Core.Tests\Dev2.Studio.Core.Tests.csproj]
C:\Program Files\dotnet\sdk\10.0.201\Microsoft.Common.CurrentVersion.targets(2451,5): warning MSB3277:             C:\Users\ultra\warewolf\Dev\Warewolf.Exchange.Email.Wrapper\bin\Debug\net8.0\Warewolf.Exchange.Email.Wrapper.dll [C:\Users\ultra\warewolf\Dev\Dev2.Studio.Core.Tests\Dev2.Studio.Core.Tests.csproj]
C:\Program Files\dotnet\sdk\10.0.201\Microsoft.Common.CurrentVersion.targets(2451,5): warning MSB3277:             C:\Users\ultra\warewolf\Dev\Warewolf.PerfMon\bin\Debug\net8.0\Warewolf.PerfMon.dll [C:\Users\ultra\warewolf\Dev\Dev2.Studio.Core.Tests\Dev2.Studio.Core.Tests.csproj]
C:\Program Files\dotnet\sdk\10.0.201\Microsoft.Common.CurrentVersion.targets(2451,5): warning MSB3277:             C:\Users\ultra\warewolf\Dev\Warewolf.ResourceManagement\bin\Debug\net8.0\Warewolf.ResourceManagement.dll [C:\Users\ultra\warewolf\Dev\Dev2.Studio.Core.Tests\Dev2.Studio.Core.Tests.csproj]
C:\Program Files\dotnet\sdk\10.0.201\Microsoft.Common.CurrentVersion.targets(2451,5): warning MSB3277:             C:\Users\ultra\warewolf\Dev\Warewolf.Sharepoint\bin\Debug\net8.0\Warewolf.Sharepoint.dll [C:\Users\ultra\warewolf\Dev\Dev2.Studio.Core.Tests\Dev2.Studio.Core.Tests.csproj]
C:\Program Files\dotnet\sdk\10.0.201\Microsoft.Common.CurrentVersion.targets(2451,5): warning MSB3277:             C:\Users\ultra\warewolf\Dev\Warewolf.Storage\bin\Debug\net8.0\Warewolf.Storage.dll [C:\Users\ultra\warewolf\Dev\Dev2.Studio.Core.Tests\Dev2.Studio.Core.Tests.csproj]
C:\Program Files\dotnet\sdk\10.0.201\Microsoft.Common.CurrentVersion.targets(2451,5): warning MSB3277:             C:\Users\ultra\warewolf\Dev\Warewolf.Studio.CustomControls\bin\Debug\net8.0\Warewolf.Studio.CustomControls.dll [C:\Users\ultra\warewolf\Dev\Dev2.Studio.Core.Tests\Dev2.Studio.Core.Tests.csproj]
C:\Program Files\dotnet\sdk\10.0.201\Microsoft.Common.CurrentVersion.targets(2451,5): warning MSB3277:             C:\Users\ultra\warewolf\Dev\Warewolf.Studio.Models\bin\Debug\net8.0\Warewolf.Studio.Models.dll [C:\Users\ultra\warewolf\Dev\Dev2.Studio.Core.Tests\Dev2.Studio.Core.Tests.csproj]
C:\Program Files\dotnet\sdk\10.0.201\Microsoft.Common.CurrentVersion.targets(2451,5): warning MSB3277:             C:\Users\ultra\warewolf\Dev\Warewolf.Logger\bin\Debug\net8.0\WarewolfLogger.dll [C:\Users\ultra\warewolf\Dev\Dev2.Studio.Core.Tests\Dev2.Studio.Core.Tests.csproj]
C:\Program Files\dotnet\sdk\10.0.201\Microsoft.Common.CurrentVersion.targets(2451,5): warning MSB3277:         C:\Users\ultra\warewolf\Dev\Binaries\Infragistcs_Net6\InfragisticsWPF4.v15.1.dll [C:\Users\ultra\warewolf\Dev\Dev2.Studio.Core.Tests\Dev2.Studio.Core.Tests.csproj]
C:\Program Files\dotnet\sdk\10.0.201\Microsoft.Common.CurrentVersion.targets(2451,5): warning MSB3277:           Project file item includes which caused reference "C:\Users\ultra\warewolf\Dev\Binaries\Infragistcs_Net6\InfragisticsWPF4.v15.1.dll". [C:\Users\ultra\warewolf\Dev\Dev2.Studio.Core.Tests\Dev2.Studio.Core.Tests.csproj]
C:\Program Files\dotnet\sdk\10.0.201\Microsoft.Common.CurrentVersion.targets(2451,5): warning MSB3277:             InfragisticsWPF4.v15.1, Version=15.1.20151.2055, Culture=neutral, PublicKeyToken=7dd5c3163f2cd0cb, processorArchitecture=MSIL [C:\Users\ultra\warewolf\Dev\Dev2.Studio.Core.Tests\Dev2.Studio.Core.Tests.csproj]
C:\Program Files\dotnet\sdk\10.0.201\Microsoft.Common.CurrentVersion.targets(2451,5): warning MSB3277:             InfragisticsWPF4.Controls.Interactions.XamDialogWindow.v15.1 [C:\Users\ultra\warewolf\Dev\Dev2.Studio.Core.Tests\Dev2.Studio.Core.Tests.csproj]
C:\Program Files\dotnet\sdk\10.0.201\Microsoft.Common.CurrentVersion.targets(2451,5): warning MSB3277:             InfragisticsWPF4.DockManager.v15.1, Version=15.1.20151.2055, Culture=neutral, PublicKeyToken=7dd5c3163f2cd0cb, processorArchitecture=MSIL [C:\Users\ultra\warewolf\Dev\Dev2.Studio.Core.Tests\Dev2.Studio.Core.Tests.csproj]
C:\Program Files\dotnet\sdk\10.0.201\Microsoft.Common.CurrentVersion.targets(2451,5): warning MSB3277:             InfragisticsWPF4.DataPresenter.v15.1 [C:\Users\ultra\warewolf\Dev\Dev2.Studio.Core.Tests\Dev2.Studio.Core.Tests.csproj]
C:\Program Files\dotnet\sdk\10.0.201\Microsoft.Common.CurrentVersion.targets(2451,5): warning MSB3277:         C:\Users\ultra\.nuget\packages\timespan2\2.4.2\lib\netcoreapp3.1\TimeSpan2.dll [C:\Users\ultra\warewolf\Dev\Dev2.Studio.Core.Tests\Dev2.Studio.Core.Tests.csproj]
C:\Program Files\dotnet\sdk\10.0.201\Microsoft.Common.CurrentVersion.targets(2451,5): warning MSB3277:           Project file item includes which caused reference "C:\Users\ultra\.nuget\packages\timespan2\2.4.2\lib\netcoreapp3.1\TimeSpan2.dll". [C:\Users\ultra\warewolf\Dev\Dev2.Studio.Core.Tests\Dev2.Studio.Core.Tests.csproj]
C:\Program Files\dotnet\sdk\10.0.201\Microsoft.Common.CurrentVersion.targets(2451,5): warning MSB3277:             C:\Users\ultra\.nuget\packages\timespan2\2.4.2\lib\netcoreapp3.1\TimeSpan2.dll [C:\Users\ultra\warewolf\Dev\Dev2.Studio.Core.Tests\Dev2.Studio.Core.Tests.csproj]
C:\Program Files\dotnet\sdk\10.0.201\Microsoft.Common.CurrentVersion.targets(2451,5): warning MSB3277:             C:\Users\ultra\.nuget\packages\taskschedulereditor\2.10.1\lib\net452\Microsoft.Win32.TaskSchedulerEditor.dll [C:\Users\ultra\warewolf\Dev\Dev2.Studio.Core.Tests\Dev2.Studio.Core.Tests.csproj]
C:\Program Files\dotnet\sdk\10.0.201\Microsoft.Common.CurrentVersion.targets(2451,5): warning MSB3277:         C:\Program Files\dotnet\packs\Microsoft.NETCore.App.Ref\8.0.25\ref\net8.0\System.dll [C:\Users\ultra\warewolf\Dev\Dev2.Studio.Core.Tests\Dev2.Studio.Core.Tests.csproj]
C:\Program Files\dotnet\sdk\10.0.201\Microsoft.Common.CurrentVersion.targets(2451,5): warning MSB3277:           Project file item includes which caused reference "C:\Program Files\dotnet\packs\Microsoft.NETCore.App.Ref\8.0.25\ref\net8.0\System.dll". [C:\Users\ultra\warewolf\Dev\Dev2.Studio.Core.Tests\Dev2.Studio.Core.Tests.csproj]
C:\Program Files\dotnet\sdk\10.0.201\Microsoft.Common.CurrentVersion.targets(2451,5): warning MSB3277:             C:\Program Files\dotnet\packs\Microsoft.NETCore.App.Ref\8.0.25\ref/net8.0/System.dll [C:\Users\ultra\warewolf\Dev\Dev2.Studio.Core.Tests\Dev2.Studio.Core.Tests.csproj]
C:\Program Files\dotnet\sdk\10.0.201\Microsoft.Common.CurrentVersion.targets(2451,5): warning MSB3277:             C:\Users\ultra\.nuget\packages\aerowizard\2.3.1\lib\net45\AeroWizard.dll [C:\Users\ultra\warewolf\Dev\Dev2.Studio.Core.Tests\Dev2.Studio.Core.Tests.csproj]
C:\Program Files\dotnet\sdk\10.0.201\Microsoft.Common.CurrentVersion.targets(2451,5): warning MSB3277:             C:\Users\ultra\.nuget\packages\avalonedit\6.3.0.90\lib\net462\ICSharpCode.AvalonEdit.dll [C:\Users\ultra\warewolf\Dev\Dev2.Studio.Core.Tests\Dev2.Studio.Core.Tests.csproj]
C:\Program Files\dotnet\sdk\10.0.201\Microsoft.Common.CurrentVersion.targets(2451,5): warning MSB3277:             C:\Users\ultra\.nuget\packages\fontawesome.wpf\4.7.0.9\lib\net40\FontAwesome.WPF.dll [C:\Users\ultra\warewolf\Dev\Dev2.Studio.Core.Tests\Dev2.Studio.Core.Tests.csproj]
C:\Program Files\dotnet\sdk\10.0.201\Microsoft.Common.CurrentVersion.targets(2451,5): warning MSB3277:             C:\Users\ultra\.nuget\packages\groupcontrols\1.9.0\lib\net45\GroupControls.dll [C:\Users\ultra\warewolf\Dev\Dev2.Studio.Core.Tests\Dev2.Studio.Core.Tests.csproj]
C:\Program Files\dotnet\sdk\10.0.201\Microsoft.Common.CurrentVersion.targets(2451,5): warning MSB3277:             C:\Users\ultra\.nuget\packages\log4net.async\2.0.4\lib\net40\Log4Net.Async.dll [C:\Users\ultra\warewolf\Dev\Dev2.Studio.Core.Tests\Dev2.Studio.Core.Tests.csproj]
C:\Program Files\dotnet\sdk\10.0.201\Microsoft.Common.CurrentVersion.targets(2451,5): warning MSB3277:             C:\Users\ultra\.nuget\packages\microsoft.xaml.behaviors.wpf\1.1.122\lib\net462\Microsoft.Xaml.Behaviors.dll [C:\Users\ultra\warewolf\Dev\Dev2.Studio.Core.Tests\Dev2.Studio.Core.Tests.csproj]
C:\Program Files\dotnet\sdk\10.0.201\Microsoft.Common.CurrentVersion.targets(2451,5): warning MSB3277:             C:\Users\ultra\.nuget\packages\caliburn.micro\4.0.212\lib\netcoreapp3.1\Caliburn.Micro.Platform.dll [C:\Users\ultra\warewolf\Dev\Dev2.Studio.Core.Tests\Dev2.Studio.Core.Tests.csproj]
C:\Program Files\dotnet\sdk\10.0.201\Microsoft.Common.CurrentVersion.targets(2451,5): warning MSB3277:             C:\Users\ultra\.nuget\packages\prism.composition\5.0.0\lib\NET45\Microsoft.Practices.Prism.Composition.dll [C:\Users\ultra\warewolf\Dev\Dev2.Studio.Core.Tests\Dev2.Studio.Core.Tests.csproj]
C:\Program Files\dotnet\sdk\10.0.201\Microsoft.Common.CurrentVersion.targets(2451,5): warning MSB3277:             C:\Users\ultra\.nuget\packages\prism.interactivity\5.0.0\lib\NET45\Microsoft.Practices.Prism.Interactivity.dll [C:\Users\ultra\warewolf\Dev\Dev2.Studio.Core.Tests\Dev2.Studio.Core.Tests.csproj]
C:\Program Files\dotnet\sdk\10.0.201\Microsoft.Common.CurrentVersion.targets(2451,5): warning MSB3277:             C:\Users\ultra\.nuget\packages\prism.mvvm\1.0.0\lib\net45\Microsoft.Practices.Prism.Mvvm.Desktop.dll [C:\Users\ultra\warewolf\Dev\Dev2.Studio.Core.Tests\Dev2.Studio.Core.Tests.csproj]
C:\Program Files\dotnet\sdk\10.0.201\Microsoft.Common.CurrentVersion.targets(2451,5): warning MSB3277:             C:\Users\ultra\.nuget\packages\prism.unityextensions\5.0.1\lib\NET45\Microsoft.Practices.Prism.UnityExtensions.dll [C:\Users\ultra\warewolf\Dev\Dev2.Studio.Core.Tests\Dev2.Studio.Core.Tests.csproj]
C:\Program Files\dotnet\sdk\10.0.201\Microsoft.Common.CurrentVersion.targets(2451,5): warning MSB3277:             C:\Users\ultra\.nuget\packages\prism.wpf\9.0.537\lib\net462\Prism.Wpf.dll [C:\Users\ultra\warewolf\Dev\Dev2.Studio.Core.Tests\Dev2.Studio.Core.Tests.csproj]
C:\Program Files\dotnet\sdk\10.0.201\Microsoft.Common.CurrentVersion.targets(2451,5): warning MSB3277:             C:\Users\ultra\.nuget\packages\reactiveui.wpf\18.4.1\lib\net462\ReactiveUI.Wpf.dll [C:\Users\ultra\warewolf\Dev\Dev2.Studio.Core.Tests\Dev2.Studio.Core.Tests.csproj]
C:\Program Files\dotnet\sdk\10.0.201\Microsoft.Common.CurrentVersion.targets(2451,5): warning MSB3277:             C:\Users\ultra\.nuget\packages\taskschedulereditor\2.10.1\lib\net452\Microsoft.Win32.TaskSchedulerEditor.dll [C:\Users\ultra\warewolf\Dev\Dev2.Studio.Core.Tests\Dev2.Studio.Core.Tests.csproj]
C:\Program Files\dotnet\sdk\10.0.201\Microsoft.Common.CurrentVersion.targets(2451,5): warning MSB3277:             C:\Users\ultra\.nuget\packages\ttcue.netcore.sharepointonline.csom.16.1.8029.1200\16.1.8029.1200\lib\netcoreapp2.0\Microsoft.SharePoint.Client.Runtime.Windows.dll [C:\Users\ultra\warewolf\Dev\Dev2.Studio.Core.Tests\Dev2.Studio.Core.Tests.csproj]
C:\Program Files\dotnet\sdk\10.0.201\Microsoft.Common.CurrentVersion.targets(2451,5): warning MSB3277:         C:\Users\ultra\warewolf\Dev\Binaries\Infragistcs_Net6\InfragisticsWPF4.Editors.v15.1.dll [C:\Users\ultra\warewolf\Dev\Dev2.Studio.Core.Tests\Dev2.Studio.Core.Tests.csproj]
C:\Program Files\dotnet\sdk\10.0.201\Microsoft.Common.CurrentVersion.targets(2451,5): warning MSB3277:           Project file item includes which caused reference "C:\Users\ultra\warewolf\Dev\Binaries\Infragistcs_Net6\InfragisticsWPF4.Editors.v15.1.dll". [C:\Users\ultra\warewolf\Dev\Dev2.Studio.Core.Tests\Dev2.Studio.Core.Tests.csproj]
C:\Program Files\dotnet\sdk\10.0.201\Microsoft.Common.CurrentVersion.targets(2451,5): warning MSB3277:             InfragisticsWPF4.DataPresenter.v15.1 [C:\Users\ultra\warewolf\Dev\Dev2.Studio.Core.Tests\Dev2.Studio.Core.Tests.csproj]
C:\Program Files\dotnet\sdk\10.0.201\Microsoft.Common.CurrentVersion.targets(2451,5): warning MSB3277: Found conflicts between different versions of "WindowsBase" that could not be resolved. [C:\Users\ultra\warewolf\Dev\Dev2.Studio.Core.Tests\Dev2.Studio.Core.Tests.csproj]
C:\Program Files\dotnet\sdk\10.0.201\Microsoft.Common.CurrentVersion.targets(2451,5): warning MSB3277: There was a conflict between "WindowsBase, Version=4.0.0.0, Culture=neutral, PublicKeyToken=31bf3856ad364e35" and "WindowsBase, Version=6.0.2.0, Culture=neutral, PublicKeyToken=31bf3856ad364e35". [C:\Users\ultra\warewolf\Dev\Dev2.Studio.Core.Tests\Dev2.Studio.Core.Tests.csproj]
C:\Program Files\dotnet\sdk\10.0.201\Microsoft.Common.CurrentVersion.targets(2451,5): warning MSB3277:     "WindowsBase, Version=4.0.0.0, Culture=neutral, PublicKeyToken=31bf3856ad364e35" was chosen because it was primary and "WindowsBase, Version=6.0.2.0, Culture=neutral, PublicKeyToken=31bf3856ad364e35" was not. [C:\Users\ultra\warewolf\Dev\Dev2.Studio.Core.Tests\Dev2.Studio.Core.Tests.csproj]
C:\Program Files\dotnet\sdk\10.0.201\Microsoft.Common.CurrentVersion.targets(2451,5): warning MSB3277:     References which depend on "WindowsBase, Version=4.0.0.0, Culture=neutral, PublicKeyToken=31bf3856ad364e35" [C:\Program Files\dotnet\packs\Microsoft.NETCore.App.Ref\8.0.25\ref\net8.0\WindowsBase.dll]. [C:\Users\ultra\warewolf\Dev\Dev2.Studio.Core.Tests\Dev2.Studio.Core.Tests.csproj]
C:\Program Files\dotnet\sdk\10.0.201\Microsoft.Common.CurrentVersion.targets(2451,5): warning MSB3277:         C:\Program Files\dotnet\packs\Microsoft.NETCore.App.Ref\8.0.25\ref\net8.0\WindowsBase.dll [C:\Users\ultra\warewolf\Dev\Dev2.Studio.Core.Tests\Dev2.Studio.Core.Tests.csproj]
C:\Program Files\dotnet\sdk\10.0.201\Microsoft.Common.CurrentVersion.targets(2451,5): warning MSB3277:           Project file item includes which caused reference "C:\Program Files\dotnet\packs\Microsoft.NETCore.App.Ref\8.0.25\ref\net8.0\WindowsBase.dll". [C:\Users\ultra\warewolf\Dev\Dev2.Studio.Core.Tests\Dev2.Studio.Core.Tests.csproj]
C:\Program Files\dotnet\sdk\10.0.201\Microsoft.Common.CurrentVersion.targets(2451,5): warning MSB3277:             C:\Program Files\dotnet\packs\Microsoft.NETCore.App.Ref\8.0.25\ref/net8.0/WindowsBase.dll [C:\Users\ultra\warewolf\Dev\Dev2.Studio.Core.Tests\Dev2.Studio.Core.Tests.csproj]
C:\Program Files\dotnet\sdk\10.0.201\Microsoft.Common.CurrentVersion.targets(2451,5): warning MSB3277:     References which depend on or have been unified to "WindowsBase, Version=6.0.2.0, Culture=neutral, PublicKeyToken=31bf3856ad364e35" []. [C:\Users\ultra\warewolf\Dev\Dev2.Studio.Core.Tests\Dev2.Studio.Core.Tests.csproj]
C:\Program Files\dotnet\sdk\10.0.201\Microsoft.Common.CurrentVersion.targets(2451,5): warning MSB3277:         C:\Users\ultra\warewolf\Dev\Binaries\Infragistcs_Net6\InfragisticsWPF4.Controls.Interactions.XamDialogWindow.v15.1.dll [C:\Users\ultra\warewolf\Dev\Dev2.Studio.Core.Tests\Dev2.Studio.Core.Tests.csproj]
C:\Program Files\dotnet\sdk\10.0.201\Microsoft.Common.CurrentVersion.targets(2451,5): warning MSB3277:           Project file item includes which caused reference "C:\Users\ultra\warewolf\Dev\Binaries\Infragistcs_Net6\InfragisticsWPF4.Controls.Interactions.XamDialogWindow.v15.1.dll". [C:\Users\ultra\warewolf\Dev\Dev2.Studio.Core.Tests\Dev2.Studio.Core.Tests.csproj]
C:\Program Files\dotnet\sdk\10.0.201\Microsoft.Common.CurrentVersion.targets(2451,5): warning MSB3277:             InfragisticsWPF4.Controls.Interactions.XamDialogWindow.v15.1 [C:\Users\ultra\warewolf\Dev\Dev2.Studio.Core.Tests\Dev2.Studio.Core.Tests.csproj]
C:\Program Files\dotnet\sdk\10.0.201\Microsoft.Common.CurrentVersion.targets(2451,5): warning MSB3277:         C:\Users\ultra\warewolf\Dev\Binaries\Infragistcs_Net6\InfragisticsWPF4.DockManager.v15.1.dll [C:\Users\ultra\warewolf\Dev\Dev2.Studio.Core.Tests\Dev2.Studio.Core.Tests.csproj]
C:\Program Files\dotnet\sdk\10.0.201\Microsoft.Common.CurrentVersion.targets(2451,5): warning MSB3277:           Project file item includes which caused reference "C:\Users\ultra\warewolf\Dev\Binaries\Infragistcs_Net6\InfragisticsWPF4.DockManager.v15.1.dll". [C:\Users\ultra\warewolf\Dev\Dev2.Studio.Core.Tests\Dev2.Studio.Core.Tests.csproj]
C:\Program Files\dotnet\sdk\10.0.201\Microsoft.Common.CurrentVersion.targets(2451,5): warning MSB3277:             InfragisticsWPF4.DockManager.v15.1, Version=15.1.20151.2055, Culture=neutral, PublicKeyToken=7dd5c3163f2cd0cb, processorArchitecture=MSIL [C:\Users\ultra\warewolf\Dev\Dev2.Studio.Core.Tests\Dev2.Studio.Core.Tests.csproj]
C:\Program Files\dotnet\sdk\10.0.201\Microsoft.Common.CurrentVersion.targets(2451,5): warning MSB3277:         C:\Users\ultra\warewolf\Dev\Binaries\Infragistcs_Net6\InfragisticsWPF4.v15.1.dll [C:\Users\ultra\warewolf\Dev\Dev2.Studio.Core.Tests\Dev2.Studio.Core.Tests.csproj]
C:\Program Files\dotnet\sdk\10.0.201\Microsoft.Common.CurrentVersion.targets(2451,5): warning MSB3277:           Project file item includes which caused reference "C:\Users\ultra\warewolf\Dev\Binaries\Infragistcs_Net6\InfragisticsWPF4.v15.1.dll". [C:\Users\ultra\warewolf\Dev\Dev2.Studio.Core.Tests\Dev2.Studio.Core.Tests.csproj]
C:\Program Files\dotnet\sdk\10.0.201\Microsoft.Common.CurrentVersion.targets(2451,5): warning MSB3277:             InfragisticsWPF4.v15.1, Version=15.1.20151.2055, Culture=neutral, PublicKeyToken=7dd5c3163f2cd0cb, processorArchitecture=MSIL [C:\Users\ultra\warewolf\Dev\Dev2.Studio.Core.Tests\Dev2.Studio.Core.Tests.csproj]
C:\Program Files\dotnet\sdk\10.0.201\Microsoft.Common.CurrentVersion.targets(2451,5): warning MSB3277:             InfragisticsWPF4.Controls.Interactions.XamDialogWindow.v15.1 [C:\Users\ultra\warewolf\Dev\Dev2.Studio.Core.Tests\Dev2.Studio.Core.Tests.csproj]
C:\Program Files\dotnet\sdk\10.0.201\Microsoft.Common.CurrentVersion.targets(2451,5): warning MSB3277:             InfragisticsWPF4.DockManager.v15.1, Version=15.1.20151.2055, Culture=neutral, PublicKeyToken=7dd5c3163f2cd0cb, processorArchitecture=MSIL [C:\Users\ultra\warewolf\Dev\Dev2.Studio.Core.Tests\Dev2.Studio.Core.Tests.csproj]
C:\Program Files\dotnet\sdk\10.0.201\Microsoft.Common.CurrentVersion.targets(2451,5): warning MSB3277:             InfragisticsWPF4.DataPresenter.v15.1 [C:\Users\ultra\warewolf\Dev\Dev2.Studio.Core.Tests\Dev2.Studio.Core.Tests.csproj]
C:\Program Files\dotnet\sdk\10.0.201\Microsoft.Common.CurrentVersion.targets(2451,5): warning MSB3277:         C:\Users\ultra\warewolf\Dev\Binaries\Infragistcs_Net6\InfragisticsWPF4.DataPresenter.v15.1.dll [C:\Users\ultra\warewolf\Dev\Dev2.Studio.Core.Tests\Dev2.Studio.Core.Tests.csproj]
C:\Program Files\dotnet\sdk\10.0.201\Microsoft.Common.CurrentVersion.targets(2451,5): warning MSB3277:           Project file item includes which caused reference "C:\Users\ultra\warewolf\Dev\Binaries\Infragistcs_Net6\InfragisticsWPF4.DataPresenter.v15.1.dll". [C:\Users\ultra\warewolf\Dev\Dev2.Studio.Core.Tests\Dev2.Studio.Core.Tests.csproj]
C:\Program Files\dotnet\sdk\10.0.201\Microsoft.Common.CurrentVersion.targets(2451,5): warning MSB3277:             InfragisticsWPF4.DataPresenter.v15.1 [C:\Users\ultra\warewolf\Dev\Dev2.Studio.Core.Tests\Dev2.Studio.Core.Tests.csproj]
C:\Program Files\dotnet\sdk\10.0.201\Microsoft.Common.CurrentVersion.targets(2451,5): warning MSB3277:         C:\Users\ultra\.nuget\packages\avalonedit\6.3.0.90\lib\net462\ICSharpCode.AvalonEdit.dll [C:\Users\ultra\warewolf\Dev\Dev2.Studio.Core.Tests\Dev2.Studio.Core.Tests.csproj]
C:\Program Files\dotnet\sdk\10.0.201\Microsoft.Common.CurrentVersion.targets(2451,5): warning MSB3277:           Project file item includes which caused reference "C:\Users\ultra\.nuget\packages\avalonedit\6.3.0.90\lib\net462\ICSharpCode.AvalonEdit.dll". [C:\Users\ultra\warewolf\Dev\Dev2.Studio.Core.Tests\Dev2.Studio.Core.Tests.csproj]
C:\Program Files\dotnet\sdk\10.0.201\Microsoft.Common.CurrentVersion.targets(2451,5): warning MSB3277:             C:\Users\ultra\.nuget\packages\avalonedit\6.3.0.90\lib\net462\ICSharpCode.AvalonEdit.dll [C:\Users\ultra\warewolf\Dev\Dev2.Studio.Core.Tests\Dev2.Studio.Core.Tests.csproj]
C:\Program Files\dotnet\sdk\10.0.201\Microsoft.Common.CurrentVersion.targets(2451,5): warning MSB3277:         C:\Users\ultra\.nuget\packages\caliburn.micro\4.0.212\lib\netcoreapp3.1\Caliburn.Micro.Platform.dll [C:\Users\ultra\warewolf\Dev\Dev2.Studio.Core.Tests\Dev2.Studio.Core.Tests.csproj]
C:\Program Files\dotnet\sdk\10.0.201\Microsoft.Common.CurrentVersion.targets(2451,5): warning MSB3277:           Project file item includes which caused reference "C:\Users\ultra\.nuget\packages\caliburn.micro\4.0.212\lib\netcoreapp3.1\Caliburn.Micro.Platform.dll". [C:\Users\ultra\warewolf\Dev\Dev2.Studio.Core.Tests\Dev2.Studio.Core.Tests.csproj]
C:\Program Files\dotnet\sdk\10.0.201\Microsoft.Common.CurrentVersion.targets(2451,5): warning MSB3277:             C:\Users\ultra\.nuget\packages\caliburn.micro\4.0.212\lib\netcoreapp3.1\Caliburn.Micro.Platform.dll [C:\Users\ultra\warewolf\Dev\Dev2.Studio.Core.Tests\Dev2.Studio.Core.Tests.csproj]
C:\Program Files\dotnet\sdk\10.0.201\Microsoft.Common.CurrentVersion.targets(2451,5): warning MSB3277:         C:\Users\ultra\.nuget\packages\extended.wpf.toolkit\4.4.0\lib\net5.0\Xceed.Wpf.AvalonDock.NET5.dll [C:\Users\ultra\warewolf\Dev\Dev2.Studio.Core.Tests\Dev2.Studio.Core.Tests.csproj]
C:\Program Files\dotnet\sdk\10.0.201\Microsoft.Common.CurrentVersion.targets(2451,5): warning MSB3277:           Project file item includes which caused reference "C:\Users\ultra\.nuget\packages\extended.wpf.toolkit\4.4.0\lib\net5.0\Xceed.Wpf.AvalonDock.NET5.dll". [C:\Users\ultra\warewolf\Dev\Dev2.Studio.Core.Tests\Dev2.Studio.Core.Tests.csproj]
C:\Program Files\dotnet\sdk\10.0.201\Microsoft.Common.CurrentVersion.targets(2451,5): warning MSB3277:             C:\Users\ultra\.nuget\packages\extended.wpf.toolkit\4.4.0\lib\net5.0\Xceed.Wpf.AvalonDock.NET5.dll [C:\Users\ultra\warewolf\Dev\Dev2.Studio.Core.Tests\Dev2.Studio.Core.Tests.csproj]
C:\Program Files\dotnet\sdk\10.0.201\Microsoft.Common.CurrentVersion.targets(2451,5): warning MSB3277:             C:\Users\ultra\.nuget\packages\extended.wpf.toolkit\4.4.0\lib\net5.0\Xceed.Wpf.AvalonDock.Themes.Aero.NET5.dll [C:\Users\ultra\warewolf\Dev\Dev2.Studio.Core.Tests\Dev2.Studio.Core.Tests.csproj]
C:\Program Files\dotnet\sdk\10.0.201\Microsoft.Common.CurrentVersion.targets(2451,5): warning MSB3277:             C:\Users\ultra\.nuget\packages\extended.wpf.toolkit\4.4.0\lib\net5.0\Xceed.Wpf.AvalonDock.Themes.Metro.NET5.dll [C:\Users\ultra\warewolf\Dev\Dev2.Studio.Core.Tests\Dev2.Studio.Core.Tests.csproj]
C:\Program Files\dotnet\sdk\10.0.201\Microsoft.Common.CurrentVersion.targets(2451,5): warning MSB3277:             C:\Users\ultra\.nuget\packages\extended.wpf.toolkit\4.4.0\lib\net5.0\Xceed.Wpf.AvalonDock.Themes.VS2010.NET5.dll [C:\Users\ultra\warewolf\Dev\Dev2.Studio.Core.Tests\Dev2.Studio.Core.Tests.csproj]
C:\Program Files\dotnet\sdk\10.0.201\Microsoft.Common.CurrentVersion.targets(2451,5): warning MSB3277:         C:\Users\ultra\.nuget\packages\extended.wpf.toolkit\4.4.0\lib\net5.0\Xceed.Wpf.AvalonDock.Themes.Aero.NET5.dll [C:\Users\ultra\warewolf\Dev\Dev2.Studio.Core.Tests\Dev2.Studio.Core.Tests.csproj]
C:\Program Files\dotnet\sdk\10.0.201\Microsoft.Common.CurrentVersion.targets(2451,5): warning MSB3277:           Project file item includes which caused reference "C:\Users\ultra\.nuget\packages\extended.wpf.toolkit\4.4.0\lib\net5.0\Xceed.Wpf.AvalonDock.Themes.Aero.NET5.dll". [C:\Users\ultra\warewolf\Dev\Dev2.Studio.Core.Tests\Dev2.Studio.Core.Tests.csproj]
C:\Program Files\dotnet\sdk\10.0.201\Microsoft.Common.CurrentVersion.targets(2451,5): warning MSB3277:             C:\Users\ultra\.nuget\packages\extended.wpf.toolkit\4.4.0\lib\net5.0\Xceed.Wpf.AvalonDock.Themes.Aero.NET5.dll [C:\Users\ultra\warewolf\Dev\Dev2.Studio.Core.Tests\Dev2.Studio.Core.Tests.csproj]
C:\Program Files\dotnet\sdk\10.0.201\Microsoft.Common.CurrentVersion.targets(2451,5): warning MSB3277:         C:\Users\ultra\.nuget\packages\extended.wpf.toolkit\4.4.0\lib\net5.0\Xceed.Wpf.Toolkit.NET5.dll [C:\Users\ultra\warewolf\Dev\Dev2.Studio.Core.Tests\Dev2.Studio.Core.Tests.csproj]
C:\Program Files\dotnet\sdk\10.0.201\Microsoft.Common.CurrentVersion.targets(2451,5): warning MSB3277:           Project file item includes which caused reference "C:\Users\ultra\.nuget\packages\extended.wpf.toolkit\4.4.0\lib\net5.0\Xceed.Wpf.Toolkit.NET5.dll". [C:\Users\ultra\warewolf\Dev\Dev2.Studio.Core.Tests\Dev2.Studio.Core.Tests.csproj]
C:\Program Files\dotnet\sdk\10.0.201\Microsoft.Common.CurrentVersion.targets(2451,5): warning MSB3277:             C:\Users\ultra\.nuget\packages\extended.wpf.toolkit\4.4.0\lib\net5.0\Xceed.Wpf.Toolkit.NET5.dll [C:\Users\ultra\warewolf\Dev\Dev2.Studio.Core.Tests\Dev2.Studio.Core.Tests.csproj]
C:\Program Files\dotnet\sdk\10.0.201\Microsoft.Common.CurrentVersion.targets(2451,5): warning MSB3277:         C:\Users\ultra\.nuget\packages\fontawesome.wpf\4.7.0.9\lib\net40\FontAwesome.WPF.dll [C:\Users\ultra\warewolf\Dev\Dev2.Studio.Core.Tests\Dev2.Studio.Core.Tests.csproj]
C:\Program Files\dotnet\sdk\10.0.201\Microsoft.Common.CurrentVersion.targets(2451,5): warning MSB3277:           Project file item includes which caused reference "C:\Users\ultra\.nuget\packages\fontawesome.wpf\4.7.0.9\lib\net40\FontAwesome.WPF.dll". [C:\Users\ultra\warewolf\Dev\Dev2.Studio.Core.Tests\Dev2.Studio.Core.Tests.csproj]
C:\Program Files\dotnet\sdk\10.0.201\Microsoft.Common.CurrentVersion.targets(2451,5): warning MSB3277:             C:\Users\ultra\.nuget\packages\fontawesome.wpf\4.7.0.9\lib\net40\FontAwesome.WPF.dll [C:\Users\ultra\warewolf\Dev\Dev2.Studio.Core.Tests\Dev2.Studio.Core.Tests.csproj]
C:\Program Files\dotnet\sdk\10.0.201\Microsoft.Common.CurrentVersion.targets(2451,5): warning MSB3277:         C:\Users\ultra\.nuget\packages\ironpython\3.4.0\lib\net6.0\IronPython.Wpf.dll [C:\Users\ultra\warewolf\Dev\Dev2.Studio.Core.Tests\Dev2.Studio.Core.Tests.csproj]
C:\Program Files\dotnet\sdk\10.0.201\Microsoft.Common.CurrentVersion.targets(2451,5): warning MSB3277:           Project file item includes which caused reference "C:\Users\ultra\.nuget\packages\ironpython\3.4.0\lib\net6.0\IronPython.Wpf.dll". [C:\Users\ultra\warewolf\Dev\Dev2.Studio.Core.Tests\Dev2.Studio.Core.Tests.csproj]
C:\Program Files\dotnet\sdk\10.0.201\Microsoft.Common.CurrentVersion.targets(2451,5): warning MSB3277:             C:\Users\ultra\.nuget\packages\ironpython\3.4.0\lib\net6.0\IronPython.Wpf.dll [C:\Users\ultra\warewolf\Dev\Dev2.Studio.Core.Tests\Dev2.Studio.Core.Tests.csproj]
C:\Program Files\dotnet\sdk\10.0.201\Microsoft.Common.CurrentVersion.targets(2451,5): warning MSB3277:         C:\Users\ultra\.nuget\packages\microsoft.xaml.behaviors.wpf\1.1.122\lib\net462\Microsoft.Xaml.Behaviors.dll [C:\Users\ultra\warewolf\Dev\Dev2.Studio.Core.Tests\Dev2.Studio.Core.Tests.csproj]
C:\Program Files\dotnet\sdk\10.0.201\Microsoft.Common.CurrentVersion.targets(2451,5): warning MSB3277:           Project file item includes which caused reference "C:\Users\ultra\.nuget\packages\microsoft.xaml.behaviors.wpf\1.1.122\lib\net462\Microsoft.Xaml.Behaviors.dll". [C:\Users\ultra\warewolf\Dev\Dev2.Studio.Core.Tests\Dev2.Studio.Core.Tests.csproj]
C:\Program Files\dotnet\sdk\10.0.201\Microsoft.Common.CurrentVersion.targets(2451,5): warning MSB3277:             C:\Users\ultra\.nuget\packages\microsoft.xaml.behaviors.wpf\1.1.122\lib\net462\Microsoft.Xaml.Behaviors.dll [C:\Users\ultra\warewolf\Dev\Dev2.Studio.Core.Tests\Dev2.Studio.Core.Tests.csproj]
C:\Program Files\dotnet\sdk\10.0.201\Microsoft.Common.CurrentVersion.targets(2451,5): warning MSB3277:             C:\Users\ultra\.nuget\packages\caliburn.micro\4.0.212\lib\netcoreapp3.1\Caliburn.Micro.Platform.dll [C:\Users\ultra\warewolf\Dev\Dev2.Studio.Core.Tests\Dev2.Studio.Core.Tests.csproj]
C:\Program Files\dotnet\sdk\10.0.201\Microsoft.Common.CurrentVersion.targets(2451,5): warning MSB3277:             C:\Users\ultra\.nuget\packages\prism.wpf\9.0.537\lib\net462\Prism.Wpf.dll [C:\Users\ultra\warewolf\Dev\Dev2.Studio.Core.Tests\Dev2.Studio.Core.Tests.csproj]
C:\Program Files\dotnet\sdk\10.0.201\Microsoft.Common.CurrentVersion.targets(2451,5): warning MSB3277:         C:\Users\ultra\.nuget\packages\prism.composition\5.0.0\lib\NET45\Microsoft.Practices.Prism.Composition.dll [C:\Users\ultra\warewolf\Dev\Dev2.Studio.Core.Tests\Dev2.Studio.Core.Tests.csproj]
C:\Program Files\dotnet\sdk\10.0.201\Microsoft.Common.CurrentVersion.targets(2451,5): warning MSB3277:           Project file item includes which caused reference "C:\Users\ultra\.nuget\packages\prism.composition\5.0.0\lib\NET45\Microsoft.Practices.Prism.Composition.dll". [C:\Users\ultra\warewolf\Dev\Dev2.Studio.Core.Tests\Dev2.Studio.Core.Tests.csproj]
C:\Program Files\dotnet\sdk\10.0.201\Microsoft.Common.CurrentVersion.targets(2451,5): warning MSB3277:             C:\Users\ultra\.nuget\packages\prism.composition\5.0.0\lib\NET45\Microsoft.Practices.Prism.Composition.dll [C:\Users\ultra\warewolf\Dev\Dev2.Studio.Core.Tests\Dev2.Studio.Core.Tests.csproj]
C:\Program Files\dotnet\sdk\10.0.201\Microsoft.Common.CurrentVersion.targets(2451,5): warning MSB3277:             C:\Users\ultra\.nuget\packages\prism.unityextensions\5.0.1\lib\NET45\Microsoft.Practices.Prism.UnityExtensions.dll [C:\Users\ultra\warewolf\Dev\Dev2.Studio.Core.Tests\Dev2.Studio.Core.Tests.csproj]
C:\Program Files\dotnet\sdk\10.0.201\Microsoft.Common.CurrentVersion.targets(2451,5): warning MSB3277:         C:\Users\ultra\.nuget\packages\prism.interactivity\5.0.0\lib\NET45\Microsoft.Practices.Prism.Interactivity.dll [C:\Users\ultra\warewolf\Dev\Dev2.Studio.Core.Tests\Dev2.Studio.Core.Tests.csproj]
C:\Program Files\dotnet\sdk\10.0.201\Microsoft.Common.CurrentVersion.targets(2451,5): warning MSB3277:           Project file item includes which caused reference "C:\Users\ultra\.nuget\packages\prism.interactivity\5.0.0\lib\NET45\Microsoft.Practices.Prism.Interactivity.dll". [C:\Users\ultra\warewolf\Dev\Dev2.Studio.Core.Tests\Dev2.Studio.Core.Tests.csproj]
C:\Program Files\dotnet\sdk\10.0.201\Microsoft.Common.CurrentVersion.targets(2451,5): warning MSB3277:             C:\Users\ultra\.nuget\packages\prism.interactivity\5.0.0\lib\NET45\Microsoft.Practices.Prism.Interactivity.dll [C:\Users\ultra\warewolf\Dev\Dev2.Studio.Core.Tests\Dev2.Studio.Core.Tests.csproj]
C:\Program Files\dotnet\sdk\10.0.201\Microsoft.Common.CurrentVersion.targets(2451,5): warning MSB3277:         C:\Users\ultra\.nuget\packages\prism.mvvm\1.0.0\lib\net45\Microsoft.Practices.Prism.Mvvm.Desktop.dll [C:\Users\ultra\warewolf\Dev\Dev2.Studio.Core.Tests\Dev2.Studio.Core.Tests.csproj]
C:\Program Files\dotnet\sdk\10.0.201\Microsoft.Common.CurrentVersion.targets(2451,5): warning MSB3277:           Project file item includes which caused reference "C:\Users\ultra\.nuget\packages\prism.mvvm\1.0.0\lib\net45\Microsoft.Practices.Prism.Mvvm.Desktop.dll". [C:\Users\ultra\warewolf\Dev\Dev2.Studio.Core.Tests\Dev2.Studio.Core.Tests.csproj]
C:\Program Files\dotnet\sdk\10.0.201\Microsoft.Common.CurrentVersion.targets(2451,5): warning MSB3277:             C:\Users\ultra\.nuget\packages\prism.mvvm\1.0.0\lib\net45\Microsoft.Practices.Prism.Mvvm.Desktop.dll [C:\Users\ultra\warewolf\Dev\Dev2.Studio.Core.Tests\Dev2.Studio.Core.Tests.csproj]
C:\Program Files\dotnet\sdk\10.0.201\Microsoft.Common.CurrentVersion.targets(2451,5): warning MSB3277:         C:\Users\ultra\.nuget\packages\prism.unityextensions\5.0.1\lib\NET45\Microsoft.Practices.Prism.UnityExtensions.dll [C:\Users\ultra\warewolf\Dev\Dev2.Studio.Core.Tests\Dev2.Studio.Core.Tests.csproj]
C:\Program Files\dotnet\sdk\10.0.201\Microsoft.Common.CurrentVersion.targets(2451,5): warning MSB3277:           Project file item includes which caused reference "C:\Users\ultra\.nuget\packages\prism.unityextensions\5.0.1\lib\NET45\Microsoft.Practices.Prism.UnityExtensions.dll". [C:\Users\ultra\warewolf\Dev\Dev2.Studio.Core.Tests\Dev2.Studio.Core.Tests.csproj]
C:\Program Files\dotnet\sdk\10.0.201\Microsoft.Common.CurrentVersion.targets(2451,5): warning MSB3277:             C:\Users\ultra\.nuget\packages\prism.unityextensions\5.0.1\lib\NET45\Microsoft.Practices.Prism.UnityExtensions.dll [C:\Users\ultra\warewolf\Dev\Dev2.Studio.Core.Tests\Dev2.Studio.Core.Tests.csproj]
C:\Program Files\dotnet\sdk\10.0.201\Microsoft.Common.CurrentVersion.targets(2451,5): warning MSB3277:         C:\Users\ultra\.nuget\packages\prism.wpf\9.0.537\lib\net462\Prism.Wpf.dll [C:\Users\ultra\warewolf\Dev\Dev2.Studio.Core.Tests\Dev2.Studio.Core.Tests.csproj]
C:\Program Files\dotnet\sdk\10.0.201\Microsoft.Common.CurrentVersion.targets(2451,5): warning MSB3277:           Project file item includes which caused reference "C:\Users\ultra\.nuget\packages\prism.wpf\9.0.537\lib\net462\Prism.Wpf.dll". [C:\Users\ultra\warewolf\Dev\Dev2.Studio.Core.Tests\Dev2.Studio.Core.Tests.csproj]
C:\Program Files\dotnet\sdk\10.0.201\Microsoft.Common.CurrentVersion.targets(2451,5): warning MSB3277:             C:\Users\ultra\.nuget\packages\prism.wpf\9.0.537\lib\net462\Prism.Wpf.dll [C:\Users\ultra\warewolf\Dev\Dev2.Studio.Core.Tests\Dev2.Studio.Core.Tests.csproj]
C:\Program Files\dotnet\sdk\10.0.201\Microsoft.Common.CurrentVersion.targets(2451,5): warning MSB3277:         C:\Users\ultra\.nuget\packages\reactiveui.wpf\18.4.1\lib\net462\ReactiveUI.Wpf.dll [C:\Users\ultra\warewolf\Dev\Dev2.Studio.Core.Tests\Dev2.Studio.Core.Tests.csproj]
C:\Program Files\dotnet\sdk\10.0.201\Microsoft.Common.CurrentVersion.targets(2451,5): warning MSB3277:           Project file item includes which caused reference "C:\Users\ultra\.nuget\packages\reactiveui.wpf\18.4.1\lib\net462\ReactiveUI.Wpf.dll". [C:\Users\ultra\warewolf\Dev\Dev2.Studio.Core.Tests\Dev2.Studio.Core.Tests.csproj]
C:\Program Files\dotnet\sdk\10.0.201\Microsoft.Common.CurrentVersion.targets(2451,5): warning MSB3277:             C:\Users\ultra\.nuget\packages\reactiveui.wpf\18.4.1\lib\net462\ReactiveUI.Wpf.dll [C:\Users\ultra\warewolf\Dev\Dev2.Studio.Core.Tests\Dev2.Studio.Core.Tests.csproj]
C:\Program Files\dotnet\sdk\10.0.201\Microsoft.Common.CurrentVersion.targets(2451,5): warning MSB3277:         C:\Users\ultra\warewolf\Dev\Binaries\Infragistcs_Net6\InfragisticsWPF4.Editors.v15.1.dll [C:\Users\ultra\warewolf\Dev\Dev2.Studio.Core.Tests\Dev2.Studio.Core.Tests.csproj]
C:\Program Files\dotnet\sdk\10.0.201\Microsoft.Common.CurrentVersion.targets(2451,5): warning MSB3277:           Project file item includes which caused reference "C:\Users\ultra\warewolf\Dev\Binaries\Infragistcs_Net6\InfragisticsWPF4.Editors.v15.1.dll". [C:\Users\ultra\warewolf\Dev\Dev2.Studio.Core.Tests\Dev2.Studio.Core.Tests.csproj]
C:\Program Files\dotnet\sdk\10.0.201\Microsoft.Common.CurrentVersion.targets(2451,5): warning MSB3277:             InfragisticsWPF4.DataPresenter.v15.1 [C:\Users\ultra\warewolf\Dev\Dev2.Studio.Core.Tests\Dev2.Studio.Core.Tests.csproj]
C:\Program Files\dotnet\sdk\10.0.201\Microsoft.Common.CurrentVersion.targets(2451,5): warning MSB3277: Found conflicts between different versions of "System.Drawing.Common" that could not be resolved. [C:\Users\ultra\warewolf\Dev\Dev2.Studio.Core.Tests\Dev2.Studio.Core.Tests.csproj]
C:\Program Files\dotnet\sdk\10.0.201\Microsoft.Common.CurrentVersion.targets(2451,5): warning MSB3277: There was a conflict between "System.Drawing.Common, Version=6.0.0.0, Culture=neutral, PublicKeyToken=cc7b13ffcd2ddd51" and "System.Drawing.Common, Version=8.0.0.0, Culture=neutral, PublicKeyToken=cc7b13ffcd2ddd51". [C:\Users\ultra\warewolf\Dev\Dev2.Studio.Core.Tests\Dev2.Studio.Core.Tests.csproj]
C:\Program Files\dotnet\sdk\10.0.201\Microsoft.Common.CurrentVersion.targets(2451,5): warning MSB3277:     "System.Drawing.Common, Version=6.0.0.0, Culture=neutral, PublicKeyToken=cc7b13ffcd2ddd51" was chosen because it was primary and "System.Drawing.Common, Version=8.0.0.0, Culture=neutral, PublicKeyToken=cc7b13ffcd2ddd51" was not. [C:\Users\ultra\warewolf\Dev\Dev2.Studio.Core.Tests\Dev2.Studio.Core.Tests.csproj]
C:\Program Files\dotnet\sdk\10.0.201\Microsoft.Common.CurrentVersion.targets(2451,5): warning MSB3277:     References which depend on "System.Drawing.Common, Version=6.0.0.0, Culture=neutral, PublicKeyToken=cc7b13ffcd2ddd51" [C:\Users\ultra\.nuget\packages\system.drawing.common\6.0.0\lib\net6.0\System.Drawing.Common.dll]. [C:\Users\ultra\warewolf\Dev\Dev2.Studio.Core.Tests\Dev2.Studio.Core.Tests.csproj]
C:\Program Files\dotnet\sdk\10.0.201\Microsoft.Common.CurrentVersion.targets(2451,5): warning MSB3277:         C:\Users\ultra\.nuget\packages\system.drawing.common\6.0.0\lib\net6.0\System.Drawing.Common.dll [C:\Users\ultra\warewolf\Dev\Dev2.Studio.Core.Tests\Dev2.Studio.Core.Tests.csproj]
C:\Program Files\dotnet\sdk\10.0.201\Microsoft.Common.CurrentVersion.targets(2451,5): warning MSB3277:           Project file item includes which caused reference "C:\Users\ultra\.nuget\packages\system.drawing.common\6.0.0\lib\net6.0\System.Drawing.Common.dll". [C:\Users\ultra\warewolf\Dev\Dev2.Studio.Core.Tests\Dev2.Studio.Core.Tests.csproj]
C:\Program Files\dotnet\sdk\10.0.201\Microsoft.Common.CurrentVersion.targets(2451,5): warning MSB3277:             C:\Users\ultra\.nuget\packages\system.drawing.common\6.0.0\lib\net6.0\System.Drawing.Common.dll [C:\Users\ultra\warewolf\Dev\Dev2.Studio.Core.Tests\Dev2.Studio.Core.Tests.csproj]
C:\Program Files\dotnet\sdk\10.0.201\Microsoft.Common.CurrentVersion.targets(2451,5): warning MSB3277:     References which depend on or have been unified to "System.Drawing.Common, Version=8.0.0.0, Culture=neutral, PublicKeyToken=cc7b13ffcd2ddd51" []. [C:\Users\ultra\warewolf\Dev\Dev2.Studio.Core.Tests\Dev2.Studio.Core.Tests.csproj]
C:\Program Files\dotnet\sdk\10.0.201\Microsoft.Common.CurrentVersion.targets(2451,5): warning MSB3277:         C:\Users\ultra\.nuget\packages\servicestack\6.3.0\lib\net6.0\ServiceStack.dll [C:\Users\ultra\warewolf\Dev\Dev2.Studio.Core.Tests\Dev2.Studio.Core.Tests.csproj]
C:\Program Files\dotnet\sdk\10.0.201\Microsoft.Common.CurrentVersion.targets(2451,5): warning MSB3277:           Project file item includes which caused reference "C:\Users\ultra\.nuget\packages\servicestack\6.3.0\lib\net6.0\ServiceStack.dll". [C:\Users\ultra\warewolf\Dev\Dev2.Studio.Core.Tests\Dev2.Studio.Core.Tests.csproj]
C:\Program Files\dotnet\sdk\10.0.201\Microsoft.Common.CurrentVersion.targets(2451,5): warning MSB3277:             C:\Users\ultra\.nuget\packages\servicestack\6.3.0\lib\net6.0\ServiceStack.dll [C:\Users\ultra\warewolf\Dev\Dev2.Studio.Core.Tests\Dev2.Studio.Core.Tests.csproj]
C:\Program Files\dotnet\sdk\10.0.201\Microsoft.Common.CurrentVersion.targets(2451,5): warning MSB3277:         C:\Users\ultra\.nuget\packages\system.windows.extensions\8.0.0\lib\net8.0\System.Windows.Extensions.dll [C:\Users\ultra\warewolf\Dev\Dev2.Studio.Core.Tests\Dev2.Studio.Core.Tests.csproj]
C:\Program Files\dotnet\sdk\10.0.201\Microsoft.Common.CurrentVersion.targets(2451,5): warning MSB3277:           Project file item includes which caused reference "C:\Users\ultra\.nuget\packages\system.windows.extensions\8.0.0\lib\net8.0\System.Windows.Extensions.dll". [C:\Users\ultra\warewolf\Dev\Dev2.Studio.Core.Tests\Dev2.Studio.Core.Tests.csproj]
C:\Program Files\dotnet\sdk\10.0.201\Microsoft.Common.CurrentVersion.targets(2451,5): warning MSB3277:             C:\Users\ultra\.nuget\packages\system.windows.extensions\8.0.0\lib\net8.0\System.Windows.Extensions.dll [C:\Users\ultra\warewolf\Dev\Dev2.Studio.Core.Tests\Dev2.Studio.Core.Tests.csproj]
C:\Program Files\dotnet\sdk\10.0.201\Microsoft.Common.CurrentVersion.targets(2451,5): warning MSB3277:             C:\Users\ultra\.nuget\packages\extended.wpf.toolkit\4.4.0\lib\net5.0\Xceed.Wpf.Toolkit.NET5.dll [C:\Users\ultra\warewolf\Dev\Dev2.Studio.Core.Tests\Dev2.Studio.Core.Tests.csproj]
C:\Program Files\dotnet\sdk\10.0.201\Microsoft.Common.CurrentVersion.targets(2451,5): warning MSB3277:             C:\Users\ultra\.nuget\packages\system.security.permissions\8.0.0\lib\net8.0\System.Security.Permissions.dll [C:\Users\ultra\warewolf\Dev\Dev2.Studio.Core.Tests\Dev2.Studio.Core.Tests.csproj]
C:\Program Files\dotnet\sdk\10.0.201\Microsoft.Common.CurrentVersion.targets(2451,5): warning MSB3277:             C:\Users\ultra\warewolf\Dev\Dev2.Data\bin\Debug\net8.0\Dev2.Data.dll [C:\Users\ultra\warewolf\Dev\Dev2.Studio.Core.Tests\Dev2.Studio.Core.Tests.csproj]
C:\Program Files\dotnet\sdk\10.0.201\Microsoft.Common.CurrentVersion.targets(2451,5): warning MSB3277:             C:\Users\ultra\warewolf\Dev\Dev2.Diagnostics.Tests\bin\Debug\net8.0\Dev2.Diagnostics.Tests.dll [C:\Users\ultra\warewolf\Dev\Dev2.Studio.Core.Tests\Dev2.Studio.Core.Tests.csproj]
C:\Program Files\dotnet\sdk\10.0.201\Microsoft.Common.CurrentVersion.targets(2451,5): warning MSB3277:             C:\Users\ultra\warewolf\Dev\Dev2.Infrastructure.Tests\bin\Debug\net8.0\Dev2.Infrastructure.Tests.dll [C:\Users\ultra\warewolf\Dev\Dev2.Studio.Core.Tests\Dev2.Studio.Core.Tests.csproj]
C:\Program Files\dotnet\sdk\10.0.201\Microsoft.Common.CurrentVersion.targets(2451,5): warning MSB3277:             C:\Users\ultra\warewolf\Dev\Dev2.Intellisense\bin\Debug\net8.0\Dev2.Intellisense.dll [C:\Users\ultra\warewolf\Dev\Dev2.Studio.Core.Tests\Dev2.Studio.Core.Tests.csproj]
C:\Program Files\dotnet\sdk\10.0.201\Microsoft.Common.CurrentVersion.targets(2451,5): warning MSB3277:             C:\Users\ultra\warewolf\Dev\Dev2.Runtime.Services\bin\Debug\net8.0\Dev2.Runtime.Services.dll [C:\Users\ultra\warewolf\Dev\Dev2.Studio.Core.Tests\Dev2.Studio.Core.Tests.csproj]
C:\Program Files\dotnet\sdk\10.0.201\Microsoft.Common.CurrentVersion.targets(2451,5): warning MSB3277:             C:\Users\ultra\warewolf\Dev\Dev2.Runtime\bin\Debug\net8.0\Dev2.Runtime.dll [C:\Users\ultra\warewolf\Dev\Dev2.Studio.Core.Tests\Dev2.Studio.Core.Tests.csproj]
C:\Program Files\dotnet\sdk\10.0.201\Microsoft.Common.CurrentVersion.targets(2451,5): warning MSB3277:             C:\Users\ultra\warewolf\Dev\Dev2.Scheduler\bin\Debug\net8.0\Dev2.Scheduler.dll [C:\Users\ultra\warewolf\Dev\Dev2.Studio.Core.Tests\Dev2.Studio.Core.Tests.csproj]
C:\Program Files\dotnet\sdk\10.0.201\Microsoft.Common.CurrentVersion.targets(2451,5): warning MSB3277:             C:\Users\ultra\warewolf\Dev\Dev2.Studio.Core\bin\Debug\net8.0\Dev2.Studio.Core.dll [C:\Users\ultra\warewolf\Dev\Dev2.Studio.Core.Tests\Dev2.Studio.Core.Tests.csproj]
C:\Program Files\dotnet\sdk\10.0.201\Microsoft.Common.CurrentVersion.targets(2451,5): warning MSB3277:             C:\Users\ultra\warewolf\Dev\Dev2.Studio.Interfaces\bin\Debug\net8.0\Dev2.Studio.Interfaces.dll [C:\Users\ultra\warewolf\Dev\Dev2.Studio.Core.Tests\Dev2.Studio.Core.Tests.csproj]
C:\Program Files\dotnet\sdk\10.0.201\Microsoft.Common.CurrentVersion.targets(2451,5): warning MSB3277:             C:\Users\ultra\warewolf\Dev\Dev2.Studio\bin\Debug\net8.0\Warewolf Studio.dll [C:\Users\ultra\warewolf\Dev\Dev2.Studio.Core.Tests\Dev2.Studio.Core.Tests.csproj]
C:\Program Files\dotnet\sdk\10.0.201\Microsoft.Common.CurrentVersion.targets(2451,5): warning MSB3277:             C:\Users\ultra\warewolf\Dev\Dev2.Activities\bin\Debug\net8.0\Dev2.Activities.dll [C:\Users\ultra\warewolf\Dev\Dev2.Studio.Core.Tests\Dev2.Studio.Core.Tests.csproj]
C:\Program Files\dotnet\sdk\10.0.201\Microsoft.Common.CurrentVersion.targets(2451,5): warning MSB3277:             C:\Users\ultra\warewolf\Dev\Dev2.Core\bin\Debug\net8.0\Dev2.Core.dll [C:\Users\ultra\warewolf\Dev\Dev2.Studio.Core.Tests\Dev2.Studio.Core.Tests.csproj]
C:\Program Files\dotnet\sdk\10.0.201\Microsoft.Common.CurrentVersion.targets(2451,5): warning MSB3277:             C:\Users\ultra\warewolf\Dev\Warewolf.Core\bin\Debug\net8.0\Warewolf.Core.dll [C:\Users\ultra\warewolf\Dev\Dev2.Studio.Core.Tests\Dev2.Studio.Core.Tests.csproj]
C:\Program Files\dotnet\sdk\10.0.201\Microsoft.Common.CurrentVersion.targets(2451,5): warning MSB3277:             C:\Users\ultra\warewolf\Dev\Warewolf.MergeParser.Tests\bin\Debug\net8.0\Warewolf.MergeParser.Tests.dll [C:\Users\ultra\warewolf\Dev\Dev2.Studio.Core.Tests\Dev2.Studio.Core.Tests.csproj]
C:\Program Files\dotnet\sdk\10.0.201\Microsoft.Common.CurrentVersion.targets(2451,5): warning MSB3277:             C:\Users\ultra\warewolf\Dev\Warewolf.Studio.Core\bin\Debug\net8.0\Warewolf.Studio.Core.dll [C:\Users\ultra\warewolf\Dev\Dev2.Studio.Core.Tests\Dev2.Studio.Core.Tests.csproj]
C:\Program Files\dotnet\sdk\10.0.201\Microsoft.Common.CurrentVersion.targets(2451,5): warning MSB3277:             C:\Users\ultra\warewolf\Dev\Warewolf.Studio.ViewModels\bin\Debug\net8.0\Warewolf.Studio.ViewModels.dll [C:\Users\ultra\warewolf\Dev\Dev2.Studio.Core.Tests\Dev2.Studio.Core.Tests.csproj]
C:\Program Files\dotnet\sdk\10.0.201\Microsoft.Common.CurrentVersion.targets(2451,5): warning MSB3277:             C:\Users\ultra\warewolf\Dev\Warewolf.Testing\bin\Debug\net8.0\Warewolf.Testing.dll [C:\Users\ultra\warewolf\Dev\Dev2.Studio.Core.Tests\Dev2.Studio.Core.Tests.csproj]
C:\Program Files\dotnet\sdk\10.0.201\Microsoft.Common.CurrentVersion.targets(2451,5): warning MSB3277:             C:\Users\ultra\warewolf\Dev\Warewolf.Trigger.Queue\bin\Debug\net8.0\Warewolf.Trigger.Queue.dll [C:\Users\ultra\warewolf\Dev\Dev2.Studio.Core.Tests\Dev2.Studio.Core.Tests.csproj]
C:\Program Files\dotnet\sdk\10.0.201\Microsoft.Common.CurrentVersion.targets(2451,5): warning MSB3277:             C:\Users\ultra\warewolf\Dev\Warewolf.UI\bin\Debug\net8.0\Warewolf.UI.dll [C:\Users\ultra\warewolf\Dev\Dev2.Studio.Core.Tests\Dev2.Studio.Core.Tests.csproj]
C:\Program Files\dotnet\sdk\10.0.201\Microsoft.Common.CurrentVersion.targets(2451,5): warning MSB3277:             C:\Users\ultra\warewolf\Dev\Dev2.Runtime.WebServer\bin\Debug\net8.0\Dev2.Runtime.WebServer.dll [C:\Users\ultra\warewolf\Dev\Dev2.Studio.Core.Tests\Dev2.Studio.Core.Tests.csproj]
C:\Program Files\dotnet\sdk\10.0.201\Microsoft.Common.CurrentVersion.targets(2451,5): warning MSB3277:             C:\Users\ultra\warewolf\Dev\Dev2.Services.Execution\bin\Debug\net8.0\Dev2.Services.Execution.dll [C:\Users\ultra\warewolf\Dev\Dev2.Studio.Core.Tests\Dev2.Studio.Core.Tests.csproj]
C:\Program Files\dotnet\sdk\10.0.201\Microsoft.Common.CurrentVersion.targets(2451,5): warning MSB3277:             C:\Users\ultra\warewolf\Dev\Warewolf.HangfireServer\bin\Debug\net8.0\HangfireServer.dll [C:\Users\ultra\warewolf\Dev\Dev2.Studio.Core.Tests\Dev2.Studio.Core.Tests.csproj]
C:\Program Files\dotnet\sdk\10.0.201\Microsoft.Common.CurrentVersion.targets(2451,5): warning MSB3277:             C:\Users\ultra\warewolf\Dev\Warewolf.QueueWorker\bin\Debug\net8.0\QueueWorker.dll [C:\Users\ultra\warewolf\Dev\Dev2.Studio.Core.Tests\Dev2.Studio.Core.Tests.csproj]
C:\Program Files\dotnet\sdk\10.0.201\Microsoft.Common.CurrentVersion.targets(2451,5): warning MSB3277:             C:\Users\ultra\warewolf\Dev\Dev2.Server\bin\Debug\net8.0\Warewolf Server.dll [C:\Users\ultra\warewolf\Dev\Dev2.Studio.Core.Tests\Dev2.Studio.Core.Tests.csproj]
C:\Program Files\dotnet\sdk\10.0.201\Microsoft.Common.CurrentVersion.targets(2451,5): warning MSB3277:             C:\Users\ultra\warewolf\Dev\Warewolf.Auditing\bin\Debug\net8.0\Warewolf.Auditing.dll [C:\Users\ultra\warewolf\Dev\Dev2.Studio.Core.Tests\Dev2.Studio.Core.Tests.csproj]
C:\Program Files\dotnet\sdk\10.0.201\Microsoft.Common.CurrentVersion.targets(2451,5): warning MSB3277:             C:\Users\ultra\warewolf\Dev\Warewolf.Common.Framework48\bin\Debug\net8.0\Warewolf.Common.Framework48.dll [C:\Users\ultra\warewolf\Dev\Dev2.Studio.Core.Tests\Dev2.Studio.Core.Tests.csproj]
C:\Program Files\dotnet\sdk\10.0.201\Microsoft.Common.CurrentVersion.targets(2451,5): warning MSB3277:             C:\Users\ultra\warewolf\Dev\Warewolf.Common.NetStandard20\bin\Debug\net8.0\Warewolf.Common.NetStandard20.dll [C:\Users\ultra\warewolf\Dev\Dev2.Studio.Core.Tests\Dev2.Studio.Core.Tests.csproj]
C:\Program Files\dotnet\sdk\10.0.201\Microsoft.Common.CurrentVersion.targets(2451,5): warning MSB3277:             C:\Users\ultra\warewolf\Dev\Warewolf.Driver.Persistence\bin\Debug\net8.0\Warewolf.Driver.Persistence.dll [C:\Users\ultra\warewolf\Dev\Dev2.Studio.Core.Tests\Dev2.Studio.Core.Tests.csproj]
C:\Program Files\dotnet\sdk\10.0.201\Microsoft.Common.CurrentVersion.targets(2451,5): warning MSB3277:             C:\Users\ultra\warewolf\Dev\Warewolf.Exchange.Email.Wrapper\bin\Debug\net8.0\Warewolf.Exchange.Email.Wrapper.dll [C:\Users\ultra\warewolf\Dev\Dev2.Studio.Core.Tests\Dev2.Studio.Core.Tests.csproj]
C:\Program Files\dotnet\sdk\10.0.201\Microsoft.Common.CurrentVersion.targets(2451,5): warning MSB3277:             C:\Users\ultra\warewolf\Dev\Warewolf.ResourceManagement\bin\Debug\net8.0\Warewolf.ResourceManagement.dll [C:\Users\ultra\warewolf\Dev\Dev2.Studio.Core.Tests\Dev2.Studio.Core.Tests.csproj]
C:\Program Files\dotnet\sdk\10.0.201\Microsoft.Common.CurrentVersion.targets(2451,5): warning MSB3277:             C:\Users\ultra\warewolf\Dev\Warewolf.Studio.CustomControls\bin\Debug\net8.0\Warewolf.Studio.CustomControls.dll [C:\Users\ultra\warewolf\Dev\Dev2.Studio.Core.Tests\Dev2.Studio.Core.Tests.csproj]
C:\Program Files\dotnet\sdk\10.0.201\Microsoft.Common.CurrentVersion.targets(2451,5): warning MSB3277:             C:\Users\ultra\warewolf\Dev\Warewolf.Studio.Models\bin\Debug\net8.0\Warewolf.Studio.Models.dll [C:\Users\ultra\warewolf\Dev\Dev2.Studio.Core.Tests\Dev2.Studio.Core.Tests.csproj]
C:\Program Files\dotnet\sdk\10.0.201\Microsoft.Common.CurrentVersion.targets(2451,5): warning MSB3277:             C:\Users\ultra\warewolf\Dev\Warewolf.Logger\bin\Debug\net8.0\WarewolfLogger.dll [C:\Users\ultra\warewolf\Dev\Dev2.Studio.Core.Tests\Dev2.Studio.Core.Tests.csproj]
C:\Program Files\dotnet\sdk\10.0.201\Microsoft.Common.CurrentVersion.targets(2451,5): warning MSB3277:             InfragisticsWPF4.DockManager.v15.1, Version=15.1.20151.2055, Culture=neutral, PublicKeyToken=7dd5c3163f2cd0cb, processorArchitecture=MSIL [C:\Users\ultra\warewolf\Dev\Dev2.Studio.Core.Tests\Dev2.Studio.Core.Tests.csproj]
C:\Program Files\dotnet\sdk\10.0.201\Microsoft.Common.CurrentVersion.targets(2451,5): warning MSB3277:             InfragisticsWPF4.v15.1, Version=15.1.20151.2055, Culture=neutral, PublicKeyToken=7dd5c3163f2cd0cb, processorArchitecture=MSIL [C:\Users\ultra\warewolf\Dev\Dev2.Studio.Core.Tests\Dev2.Studio.Core.Tests.csproj]
C:\Program Files\dotnet\sdk\10.0.201\Microsoft.Common.CurrentVersion.targets(2451,5): warning MSB3277:             InfragisticsWPF4.Controls.Interactions.XamDialogWindow.v15.1 [C:\Users\ultra\warewolf\Dev\Dev2.Studio.Core.Tests\Dev2.Studio.Core.Tests.csproj]
C:\Program Files\dotnet\sdk\10.0.201\Microsoft.Common.CurrentVersion.targets(2451,5): warning MSB3277:             InfragisticsWPF4.DataPresenter.v15.1 [C:\Users\ultra\warewolf\Dev\Dev2.Studio.Core.Tests\Dev2.Studio.Core.Tests.csproj]
C:\Program Files\dotnet\sdk\10.0.201\Microsoft.Common.CurrentVersion.targets(2451,5): warning MSB3277:             C:\Users\ultra\.nuget\packages\dotnetzip\1.16.0\lib\netstandard2.0\DotNetZip.dll [C:\Users\ultra\warewolf\Dev\Dev2.Studio.Core.Tests\Dev2.Studio.Core.Tests.csproj]
C:\Program Files\dotnet\sdk\10.0.201\Microsoft.Common.CurrentVersion.targets(2451,5): warning MSB3277:             C:\Users\ultra\warewolf\Dev\Dev2.Common\bin\Debug\net8.0\Dev2.Common.dll [C:\Users\ultra\warewolf\Dev\Dev2.Studio.Core.Tests\Dev2.Studio.Core.Tests.csproj]
C:\Program Files\dotnet\sdk\10.0.201\Microsoft.Common.CurrentVersion.targets(2451,5): warning MSB3277:             C:\Users\ultra\warewolf\Dev\Dev2.Data.Interfaces\bin\Debug\net8.0\Dev2.Data.Interfaces.dll [C:\Users\ultra\warewolf\Dev\Dev2.Studio.Core.Tests\Dev2.Studio.Core.Tests.csproj]
C:\Program Files\dotnet\sdk\10.0.201\Microsoft.Common.CurrentVersion.targets(2451,5): warning MSB3277:             C:\Users\ultra\warewolf\Dev\Dev2.Diagnostics\bin\Debug\net8.0\Dev2.Diagnostics.dll [C:\Users\ultra\warewolf\Dev\Dev2.Studio.Core.Tests\Dev2.Studio.Core.Tests.csproj]
C:\Program Files\dotnet\sdk\10.0.201\Microsoft.Common.CurrentVersion.targets(2451,5): warning MSB3277:             C:\Users\ultra\warewolf\Dev\Dev2.Infrastructure\bin\Debug\net8.0\Dev2.Infrastructure.dll [C:\Users\ultra\warewolf\Dev\Dev2.Studio.Core.Tests\Dev2.Studio.Core.Tests.csproj]
C:\Program Files\dotnet\sdk\10.0.201\Microsoft.Common.CurrentVersion.targets(2451,5): warning MSB3277:             C:\Users\ultra\warewolf\Dev\Dev2.TaskScheduler.Wrappers\bin\Debug\net8.0\Dev2.TaskScheduler.Wrappers.dll [C:\Users\ultra\warewolf\Dev\Dev2.Studio.Core.Tests\Dev2.Studio.Core.Tests.csproj]
C:\Program Files\dotnet\sdk\10.0.201\Microsoft.Common.CurrentVersion.targets(2451,5): warning MSB3277:             C:\Users\ultra\warewolf\Dev\Dev2.Util\bin\Debug\net8.0\Dev2.Util.dll [C:\Users\ultra\warewolf\Dev\Dev2.Studio.Core.Tests\Dev2.Studio.Core.Tests.csproj]
C:\Program Files\dotnet\sdk\10.0.201\Microsoft.Common.CurrentVersion.targets(2451,5): warning MSB3277:             C:\Users\ultra\warewolf\Dev\Dev2.Development.Languages\bin\Debug\net8.0\Dev2.Development.Languages.dll [C:\Users\ultra\warewolf\Dev\Dev2.Studio.Core.Tests\Dev2.Studio.Core.Tests.csproj]
C:\Program Files\dotnet\sdk\10.0.201\Microsoft.Common.CurrentVersion.targets(2451,5): warning MSB3277:             C:\Users\ultra\warewolf\Dev\Dev2.Services.Sql\bin\Debug\net8.0\Dev2.Services.Sql.dll [C:\Users\ultra\warewolf\Dev\Dev2.Studio.Core.Tests\Dev2.Studio.Core.Tests.csproj]
C:\Program Files\dotnet\sdk\10.0.201\Microsoft.Common.CurrentVersion.targets(2451,5): warning MSB3277:             C:\Users\ultra\warewolf\Dev\Warewolf.AI.Harness\bin\Debug\net8.0\Warewolf.AI.Harness.dll [C:\Users\ultra\warewolf\Dev\Dev2.Studio.Core.Tests\Dev2.Studio.Core.Tests.csproj]
C:\Program Files\dotnet\sdk\10.0.201\Microsoft.Common.CurrentVersion.targets(2451,5): warning MSB3277:             C:\Users\ultra\warewolf\Dev\Warewolf.Driver.Serilog\bin\Debug\net8.0\Warewolf.Driver.Serilog.dll [C:\Users\ultra\warewolf\Dev\Dev2.Studio.Core.Tests\Dev2.Studio.Core.Tests.csproj]
C:\Program Files\dotnet\sdk\10.0.201\Microsoft.Common.CurrentVersion.targets(2451,5): warning MSB3277:             C:\Users\ultra\warewolf\Dev\Warewolf.PerfMon\bin\Debug\net8.0\Warewolf.PerfMon.dll [C:\Users\ultra\warewolf\Dev\Dev2.Studio.Core.Tests\Dev2.Studio.Core.Tests.csproj]
C:\Program Files\dotnet\sdk\10.0.201\Microsoft.Common.CurrentVersion.targets(2451,5): warning MSB3277:             C:\Users\ultra\warewolf\Dev\Warewolf.Sharepoint\bin\Debug\net8.0\Warewolf.Sharepoint.dll [C:\Users\ultra\warewolf\Dev\Dev2.Studio.Core.Tests\Dev2.Studio.Core.Tests.csproj]
C:\Program Files\dotnet\sdk\10.0.201\Microsoft.Common.CurrentVersion.targets(2451,5): warning MSB3277:             C:\Users\ultra\warewolf\Dev\Warewolf.Storage\bin\Debug\net8.0\Warewolf.Storage.dll [C:\Users\ultra\warewolf\Dev\Dev2.Studio.Core.Tests\Dev2.Studio.Core.Tests.csproj]
C:\Program Files\dotnet\sdk\10.0.201\Microsoft.Common.CurrentVersion.targets(2451,5): warning MSB3277:             C:\Users\ultra\.nuget\packages\mindbox.data.linq\5.0.0\lib\netstandard2.0\Mindbox.Data.Linq.dll [C:\Users\ultra\warewolf\Dev\Dev2.Studio.Core.Tests\Dev2.Studio.Core.Tests.csproj]
C:\Program Files\dotnet\sdk\10.0.201\Microsoft.Common.CurrentVersion.targets(2451,5): warning MSB3277:             C:\Users\ultra\.nuget\packages\mysql.data\8.4.0\lib\net8.0\MySql.Data.dll [C:\Users\ultra\warewolf\Dev\Dev2.Studio.Core.Tests\Dev2.Studio.Core.Tests.csproj]
C:\Program Files\dotnet\sdk\10.0.201\Microsoft.Common.CurrentVersion.targets(2451,5): warning MSB3277:             C:\Users\ultra\.nuget\packages\oracle.manageddataaccess.core\3.21.70\lib\netstandard2.1\Oracle.ManagedDataAccess.dll [C:\Users\ultra\warewolf\Dev\Dev2.Studio.Core.Tests\Dev2.Studio.Core.Tests.csproj]
C:\Program Files\dotnet\sdk\10.0.201\Microsoft.Common.CurrentVersion.targets(2451,5): warning MSB3277:             C:\Users\ultra\.nuget\packages\system.directoryservices\6.0.0\lib\net6.0\System.DirectoryServices.dll [C:\Users\ultra\warewolf\Dev\Dev2.Studio.Core.Tests\Dev2.Studio.Core.Tests.csproj]
C:\Program Files\dotnet\sdk\10.0.201\Microsoft.Common.CurrentVersion.targets(2451,5): warning MSB3277:             C:\Users\ultra\.nuget\packages\corewcf.primitives\1.2.1\lib\netstandard2.0\CoreWCF.Primitives.dll [C:\Users\ultra\warewolf\Dev\Dev2.Studio.Core.Tests\Dev2.Studio.Core.Tests.csproj]
C:\Program Files\dotnet\sdk\10.0.201\Microsoft.Common.CurrentVersion.targets(2451,5): warning MSB3277:             C:\Users\ultra\.nuget\packages\corewcf.http\1.2.1\lib\netstandard2.0\CoreWCF.Http.dll [C:\Users\ultra\warewolf\Dev\Dev2.Studio.Core.Tests\Dev2.Studio.Core.Tests.csproj]
C:\Program Files\dotnet\sdk\10.0.201\Microsoft.Common.CurrentVersion.targets(2451,5): warning MSB3277:             C:\Users\ultra\.nuget\packages\corewcf.nettcp\1.2.1\lib\netstandard2.0\CoreWCF.NetTcp.dll [C:\Users\ultra\warewolf\Dev\Dev2.Studio.Core.Tests\Dev2.Studio.Core.Tests.csproj]
C:\Program Files\dotnet\sdk\10.0.201\Microsoft.Common.CurrentVersion.targets(2451,5): warning MSB3277:             C:\Users\ultra\.nuget\packages\corewcf.webhttp\1.2.1\lib\netstandard2.0\CoreWCF.WebHttp.dll [C:\Users\ultra\warewolf\Dev\Dev2.Studio.Core.Tests\Dev2.Studio.Core.Tests.csproj]
C:\Program Files\dotnet\sdk\10.0.201\Microsoft.Common.CurrentVersion.targets(2451,5): warning MSB3277:             C:\Program Files\dotnet\packs\Microsoft.NETCore.App.Ref\8.0.25\ref/net8.0/System.Configuration.dll [C:\Users\ultra\warewolf\Dev\Dev2.Studio.Core.Tests\Dev2.Studio.Core.Tests.csproj]
C:\Program Files\dotnet\sdk\10.0.201\Microsoft.Common.CurrentVersion.targets(2451,5): warning MSB3277:             C:\Users\ultra\.nuget\packages\prism.composition\5.0.0\lib\NET45\Microsoft.Practices.Prism.Composition.dll [C:\Users\ultra\warewolf\Dev\Dev2.Studio.Core.Tests\Dev2.Studio.Core.Tests.csproj]
C:\Program Files\dotnet\sdk\10.0.201\Microsoft.Common.CurrentVersion.targets(2451,5): warning MSB3277:             C:\Users\ultra\.nuget\packages\prism.unityextensions\5.0.1\lib\NET45\Microsoft.Practices.Prism.UnityExtensions.dll [C:\Users\ultra\warewolf\Dev\Dev2.Studio.Core.Tests\Dev2.Studio.Core.Tests.csproj]
C:\Program Files\dotnet\sdk\10.0.201\Microsoft.Common.CurrentVersion.targets(2451,5): warning MSB3277:             C:\Users\ultra\.nuget\packages\prism.wpf\9.0.537\lib\net462\Prism.Wpf.dll [C:\Users\ultra\warewolf\Dev\Dev2.Studio.Core.Tests\Dev2.Studio.Core.Tests.csproj]
C:\Program Files\dotnet\sdk\10.0.201\Microsoft.Common.CurrentVersion.targets(2451,5): warning MSB3277:             C:\Program Files\dotnet\packs\Microsoft.NETCore.App.Ref\8.0.25\ref/net8.0/System.Data.dll [C:\Users\ultra\warewolf\Dev\Dev2.Studio.Core.Tests\Dev2.Studio.Core.Tests.csproj]
C:\Program Files\dotnet\sdk\10.0.201\Microsoft.Common.CurrentVersion.targets(2451,5): warning MSB3277:             C:\Users\ultra\.nuget\packages\taskschedulereditor\2.10.1\lib\net452\Microsoft.Win32.TaskSchedulerEditor.dll [C:\Users\ultra\warewolf\Dev\Dev2.Studio.Core.Tests\Dev2.Studio.Core.Tests.csproj]
C:\Program Files\dotnet\sdk\10.0.201\Microsoft.Common.CurrentVersion.targets(2451,5): warning MSB3277:             C:\Program Files\dotnet\packs\Microsoft.NETCore.App.Ref\8.0.25\ref/net8.0/System.Drawing.dll [C:\Users\ultra\warewolf\Dev\Dev2.Studio.Core.Tests\Dev2.Studio.Core.Tests.csproj]
C:\Program Files\dotnet\sdk\10.0.201\Microsoft.Common.CurrentVersion.targets(2451,5): warning MSB3277:             C:\Users\ultra\.nuget\packages\aerowizard\2.3.1\lib\net45\AeroWizard.dll [C:\Users\ultra\warewolf\Dev\Dev2.Studio.Core.Tests\Dev2.Studio.Core.Tests.csproj]
C:\Program Files\dotnet\sdk\10.0.201\Microsoft.Common.CurrentVersion.targets(2451,5): warning MSB3277:             C:\Users\ultra\.nuget\packages\avalonedit\6.3.0.90\lib\net462\ICSharpCode.AvalonEdit.dll [C:\Users\ultra\warewolf\Dev\Dev2.Studio.Core.Tests\Dev2.Studio.Core.Tests.csproj]
C:\Program Files\dotnet\sdk\10.0.201\Microsoft.Common.CurrentVersion.targets(2451,5): warning MSB3277:             C:\Users\ultra\.nuget\packages\groupcontrols\1.9.0\lib\net45\GroupControls.dll [C:\Users\ultra\warewolf\Dev\Dev2.Studio.Core.Tests\Dev2.Studio.Core.Tests.csproj]
C:\Program Files\dotnet\sdk\10.0.201\Microsoft.Common.CurrentVersion.targets(2451,5): warning MSB3277:             C:\Program Files\dotnet\packs\Microsoft.NETCore.App.Ref\8.0.25\ref/net8.0/System.Net.dll [C:\Users\ultra\warewolf\Dev\Dev2.Studio.Core.Tests\Dev2.Studio.Core.Tests.csproj]
C:\Program Files\dotnet\sdk\10.0.201\Microsoft.Common.CurrentVersion.targets(2451,5): warning MSB3277:             C:\Program Files\dotnet\packs\Microsoft.NETCore.App.Ref\8.0.25\ref/net8.0/System.Security.dll [C:\Users\ultra\warewolf\Dev\Dev2.Studio.Core.Tests\Dev2.Studio.Core.Tests.csproj]
C:\Program Files\dotnet\sdk\10.0.201\Microsoft.Common.CurrentVersion.targets(2451,5): warning MSB3277:             C:\Program Files\dotnet\packs\Microsoft.NETCore.App.Ref\8.0.25\ref/net8.0/System.ServiceProcess.dll [C:\Users\ultra\warewolf\Dev\Dev2.Studio.Core.Tests\Dev2.Studio.Core.Tests.csproj]
C:\Program Files\dotnet\sdk\10.0.201\Microsoft.Common.CurrentVersion.targets(2451,5): warning MSB3277:             C:\Program Files\dotnet\packs\Microsoft.NETCore.App.Ref\8.0.25\ref/net8.0/System.Transactions.dll [C:\Users\ultra\warewolf\Dev\Dev2.Studio.Core.Tests\Dev2.Studio.Core.Tests.csproj]
C:\Program Files\dotnet\sdk\10.0.201\Microsoft.Common.CurrentVersion.targets(2451,5): warning MSB3277:             C:\Program Files\dotnet\packs\Microsoft.NETCore.App.Ref\8.0.25\ref/net8.0/System.dll [C:\Users\ultra\warewolf\Dev\Dev2.Studio.Core.Tests\Dev2.Studio.Core.Tests.csproj]
C:\Program Files\dotnet\sdk\10.0.201\Microsoft.Common.CurrentVersion.targets(2451,5): warning MSB3277:             C:\Users\ultra\.nuget\packages\fontawesome.wpf\4.7.0.9\lib\net40\FontAwesome.WPF.dll [C:\Users\ultra\warewolf\Dev\Dev2.Studio.Core.Tests\Dev2.Studio.Core.Tests.csproj]
C:\Program Files\dotnet\sdk\10.0.201\Microsoft.Common.CurrentVersion.targets(2451,5): warning MSB3277:             C:\Users\ultra\.nuget\packages\log4net.async\2.0.4\lib\net40\Log4Net.Async.dll [C:\Users\ultra\warewolf\Dev\Dev2.Studio.Core.Tests\Dev2.Studio.Core.Tests.csproj]
C:\Program Files\dotnet\sdk\10.0.201\Microsoft.Common.CurrentVersion.targets(2451,5): warning MSB3277:             C:\Users\ultra\.nuget\packages\microsoft.xaml.behaviors.wpf\1.1.122\lib\net462\Microsoft.Xaml.Behaviors.dll [C:\Users\ultra\warewolf\Dev\Dev2.Studio.Core.Tests\Dev2.Studio.Core.Tests.csproj]
C:\Program Files\dotnet\sdk\10.0.201\Microsoft.Common.CurrentVersion.targets(2451,5): warning MSB3277:             C:\Users\ultra\.nuget\packages\caliburn.micro\4.0.212\lib\netcoreapp3.1\Caliburn.Micro.Platform.dll [C:\Users\ultra\warewolf\Dev\Dev2.Studio.Core.Tests\Dev2.Studio.Core.Tests.csproj]
C:\Program Files\dotnet\sdk\10.0.201\Microsoft.Common.CurrentVersion.targets(2451,5): warning MSB3277:             C:\Users\ultra\.nuget\packages\prism.interactivity\5.0.0\lib\NET45\Microsoft.Practices.Prism.Interactivity.dll [C:\Users\ultra\warewolf\Dev\Dev2.Studio.Core.Tests\Dev2.Studio.Core.Tests.csproj]
C:\Program Files\dotnet\sdk\10.0.201\Microsoft.Common.CurrentVersion.targets(2451,5): warning MSB3277:             C:\Users\ultra\.nuget\packages\prism.mvvm\1.0.0\lib\net45\Microsoft.Practices.Prism.Mvvm.Desktop.dll [C:\Users\ultra\warewolf\Dev\Dev2.Studio.Core.Tests\Dev2.Studio.Core.Tests.csproj]
C:\Program Files\dotnet\sdk\10.0.201\Microsoft.Common.CurrentVersion.targets(2451,5): warning MSB3277:             C:\Users\ultra\.nuget\packages\reactiveui.wpf\18.4.1\lib\net462\ReactiveUI.Wpf.dll [C:\Users\ultra\warewolf\Dev\Dev2.Studio.Core.Tests\Dev2.Studio.Core.Tests.csproj]
C:\Program Files\dotnet\sdk\10.0.201\Microsoft.Common.CurrentVersion.targets(2451,5): warning MSB3277:             C:\Users\ultra\.nuget\packages\ttcue.netcore.sharepointonline.csom.16.1.8029.1200\16.1.8029.1200\lib\netcoreapp2.0\Microsoft.SharePoint.Client.Runtime.Windows.dll [C:\Users\ultra\warewolf\Dev\Dev2.Studio.Core.Tests\Dev2.Studio.Core.Tests.csproj]
C:\Program Files\dotnet\sdk\10.0.201\Microsoft.Common.CurrentVersion.targets(2451,5): warning MSB3277:             C:\Program Files\dotnet\packs\Microsoft.NETCore.App.Ref\8.0.25\ref/net8.0/WindowsBase.dll [C:\Users\ultra\warewolf\Dev\Dev2.Studio.Core.Tests\Dev2.Studio.Core.Tests.csproj]
C:\Program Files\dotnet\sdk\10.0.201\Microsoft.Common.CurrentVersion.targets(2451,5): warning MSB3277:             C:\Program Files\dotnet\packs\Microsoft.NETCore.App.Ref\8.0.25\ref/net8.0/mscorlib.dll [C:\Users\ultra\warewolf\Dev\Dev2.Studio.Core.Tests\Dev2.Studio.Core.Tests.csproj]
C:\Program Files\dotnet\sdk\10.0.201\Microsoft.Common.CurrentVersion.targets(2451,5): warning MSB3277:             C:\Users\ultra\.nuget\packages\hangfire.core\1.7.32\lib\netstandard2.0\Hangfire.Core.dll [C:\Users\ultra\warewolf\Dev\Dev2.Studio.Core.Tests\Dev2.Studio.Core.Tests.csproj]
C:\Program Files\dotnet\sdk\10.0.201\Microsoft.Common.CurrentVersion.targets(2451,5): warning MSB3277:             C:\Users\ultra\.nuget\packages\hangfire.aspnetcore\1.7.32\lib\netcoreapp3.0\Hangfire.AspNetCore.dll [C:\Users\ultra\warewolf\Dev\Dev2.Studio.Core.Tests\Dev2.Studio.Core.Tests.csproj]
C:\Program Files\dotnet\sdk\10.0.201\Microsoft.Common.CurrentVersion.targets(2451,5): warning MSB3277:             C:\Users\ultra\.nuget\packages\hangfire.sqlserver\1.7.32\lib\netstandard2.0\Hangfire.SqlServer.dll [C:\Users\ultra\warewolf\Dev\Dev2.Studio.Core.Tests\Dev2.Studio.Core.Tests.csproj]
C:\Program Files\dotnet\sdk\10.0.201\Microsoft.Common.CurrentVersion.targets(2451,5): warning MSB3277:             C:\Users\ultra\.nuget\packages\microsoft.codecoverage\17.13.0\lib\netcoreapp3.1\Microsoft.VisualStudio.CodeCoverage.Shim.dll [C:\Users\ultra\warewolf\Dev\Dev2.Studio.Core.Tests\Dev2.Studio.Core.Tests.csproj]
C:\Program Files\dotnet\sdk\10.0.201\Microsoft.Common.CurrentVersion.targets(2451,5): warning MSB3277:             C:\Users\ultra\.nuget\packages\unofficial.microsoft.mshtml\7.0.3300\lib\net40\Microsoft.mshtml.dll [C:\Users\ultra\warewolf\Dev\Dev2.Studio.Core.Tests\Dev2.Studio.Core.Tests.csproj]
C:\Program Files\dotnet\sdk\10.0.201\Microsoft.Common.CurrentVersion.targets(2451,5): warning MSB3277:         C:\Program Files\dotnet\packs\Microsoft.NETCore.App.Ref\8.0.25\ref\net8.0\System.Drawing.dll [C:\Users\ultra\warewolf\Dev\Dev2.Studio.Core.Tests\Dev2.Studio.Core.Tests.csproj]
C:\Program Files\dotnet\sdk\10.0.201\Microsoft.Common.CurrentVersion.targets(2451,5): warning MSB3277:           Project file item includes which caused reference "C:\Program Files\dotnet\packs\Microsoft.NETCore.App.Ref\8.0.25\ref\net8.0\System.Drawing.dll". [C:\Users\ultra\warewolf\Dev\Dev2.Studio.Core.Tests\Dev2.Studio.Core.Tests.csproj]
C:\Program Files\dotnet\sdk\10.0.201\Microsoft.Common.CurrentVersion.targets(2451,5): warning MSB3277:             C:\Program Files\dotnet\packs\Microsoft.NETCore.App.Ref\8.0.25\ref/net8.0/System.Drawing.dll [C:\Users\ultra\warewolf\Dev\Dev2.Studio.Core.Tests\Dev2.Studio.Core.Tests.csproj]
C:\Program Files\dotnet\sdk\10.0.201\Microsoft.Common.CurrentVersion.targets(2451,5): warning MSB3277:             C:\Users\ultra\.nuget\packages\aerowizard\2.3.1\lib\net45\AeroWizard.dll [C:\Users\ultra\warewolf\Dev\Dev2.Studio.Core.Tests\Dev2.Studio.Core.Tests.csproj]
C:\Program Files\dotnet\sdk\10.0.201\Microsoft.Common.CurrentVersion.targets(2451,5): warning MSB3277:             C:\Users\ultra\.nuget\packages\avalonedit\6.3.0.90\lib\net462\ICSharpCode.AvalonEdit.dll [C:\Users\ultra\warewolf\Dev\Dev2.Studio.Core.Tests\Dev2.Studio.Core.Tests.csproj]
C:\Program Files\dotnet\sdk\10.0.201\Microsoft.Common.CurrentVersion.targets(2451,5): warning MSB3277:             C:\Users\ultra\.nuget\packages\groupcontrols\1.9.0\lib\net45\GroupControls.dll [C:\Users\ultra\warewolf\Dev\Dev2.Studio.Core.Tests\Dev2.Studio.Core.Tests.csproj]
C:\Program Files\dotnet\sdk\10.0.201\Microsoft.Common.CurrentVersion.targets(2451,5): warning MSB3277:             C:\Users\ultra\.nuget\packages\taskschedulereditor\2.10.1\lib\net452\Microsoft.Win32.TaskSchedulerEditor.dll [C:\Users\ultra\warewolf\Dev\Dev2.Studio.Core.Tests\Dev2.Studio.Core.Tests.csproj]
  Dev2.Studio.Core.Tests -> C:\Users\ultra\warewolf\Dev\Dev2.Studio.Core.Tests\bin\Debug\net8.0\Dev2.Studio.Core.Tests.dll
  Dev2.Studio.Core.Specs -> C:\Users\ultra\warewolf\Dev\Dev2.Studio.Core.Specs\bin\Debug\net8.0\Dev2.Studio.Core.Specs.dll
  Dev2.Studio.Core.Specs -> C:\Users\ultra\warewolf\Bin\ServerTests-Windows\
  Dev2.Studio.Core.Tests -> C:\Users\ultra\warewolf\Bin\ServerTests-Windows\
C:\Program Files\dotnet\sdk\10.0.201\Microsoft.Common.CurrentVersion.targets(2451,5): warning MSB3277: Found conflicts between different versions of "WindowsBase" that could not be resolved. [C:\Users\ultra\warewolf\Dev\Dev2.Activities.Tests\Dev2.Activities.Tests.csproj]
C:\Program Files\dotnet\sdk\10.0.201\Microsoft.Common.CurrentVersion.targets(2451,5): warning MSB3277: There was a conflict between "WindowsBase, Version=4.0.0.0, Culture=neutral, PublicKeyToken=31bf3856ad364e35" and "WindowsBase, Version=6.0.2.0, Culture=neutral, PublicKeyToken=31bf3856ad364e35". [C:\Users\ultra\warewolf\Dev\Dev2.Activities.Tests\Dev2.Activities.Tests.csproj]
C:\Program Files\dotnet\sdk\10.0.201\Microsoft.Common.CurrentVersion.targets(2451,5): warning MSB3277:     "WindowsBase, Version=4.0.0.0, Culture=neutral, PublicKeyToken=31bf3856ad364e35" was chosen because it was primary and "WindowsBase, Version=6.0.2.0, Culture=neutral, PublicKeyToken=31bf3856ad364e35" was not. [C:\Users\ultra\warewolf\Dev\Dev2.Activities.Tests\Dev2.Activities.Tests.csproj]
C:\Program Files\dotnet\sdk\10.0.201\Microsoft.Common.CurrentVersion.targets(2451,5): warning MSB3277:     References which depend on "WindowsBase, Version=4.0.0.0, Culture=neutral, PublicKeyToken=31bf3856ad364e35" [C:\Program Files\dotnet\packs\Microsoft.NETCore.App.Ref\8.0.25\ref\net8.0\WindowsBase.dll]. [C:\Users\ultra\warewolf\Dev\Dev2.Activities.Tests\Dev2.Activities.Tests.csproj]
C:\Program Files\dotnet\sdk\10.0.201\Microsoft.Common.CurrentVersion.targets(2451,5): warning MSB3277:         C:\Program Files\dotnet\packs\Microsoft.NETCore.App.Ref\8.0.25\ref\net8.0\WindowsBase.dll [C:\Users\ultra\warewolf\Dev\Dev2.Activities.Tests\Dev2.Activities.Tests.csproj]
C:\Program Files\dotnet\sdk\10.0.201\Microsoft.Common.CurrentVersion.targets(2451,5): warning MSB3277:           Project file item includes which caused reference "C:\Program Files\dotnet\packs\Microsoft.NETCore.App.Ref\8.0.25\ref\net8.0\WindowsBase.dll". [C:\Users\ultra\warewolf\Dev\Dev2.Activities.Tests\Dev2.Activities.Tests.csproj]
C:\Program Files\dotnet\sdk\10.0.201\Microsoft.Common.CurrentVersion.targets(2451,5): warning MSB3277:             C:\Program Files\dotnet\packs\Microsoft.NETCore.App.Ref\8.0.25\ref/net8.0/WindowsBase.dll [C:\Users\ultra\warewolf\Dev\Dev2.Activities.Tests\Dev2.Activities.Tests.csproj]
C:\Program Files\dotnet\sdk\10.0.201\Microsoft.Common.CurrentVersion.targets(2451,5): warning MSB3277:     References which depend on or have been unified to "WindowsBase, Version=6.0.2.0, Culture=neutral, PublicKeyToken=31bf3856ad364e35" []. [C:\Users\ultra\warewolf\Dev\Dev2.Activities.Tests\Dev2.Activities.Tests.csproj]
C:\Program Files\dotnet\sdk\10.0.201\Microsoft.Common.CurrentVersion.targets(2451,5): warning MSB3277:         C:\Users\ultra\.nuget\packages\avalonedit\6.3.0.90\lib\net462\ICSharpCode.AvalonEdit.dll [C:\Users\ultra\warewolf\Dev\Dev2.Activities.Tests\Dev2.Activities.Tests.csproj]
C:\Program Files\dotnet\sdk\10.0.201\Microsoft.Common.CurrentVersion.targets(2451,5): warning MSB3277:           Project file item includes which caused reference "C:\Users\ultra\.nuget\packages\avalonedit\6.3.0.90\lib\net462\ICSharpCode.AvalonEdit.dll". [C:\Users\ultra\warewolf\Dev\Dev2.Activities.Tests\Dev2.Activities.Tests.csproj]
C:\Program Files\dotnet\sdk\10.0.201\Microsoft.Common.CurrentVersion.targets(2451,5): warning MSB3277:             C:\Users\ultra\.nuget\packages\avalonedit\6.3.0.90\lib\net462\ICSharpCode.AvalonEdit.dll [C:\Users\ultra\warewolf\Dev\Dev2.Activities.Tests\Dev2.Activities.Tests.csproj]
C:\Program Files\dotnet\sdk\10.0.201\Microsoft.Common.CurrentVersion.targets(2451,5): warning MSB3277:         C:\Users\ultra\.nuget\packages\caliburn.micro\4.0.212\lib\netcoreapp3.1\Caliburn.Micro.Platform.dll [C:\Users\ultra\warewolf\Dev\Dev2.Activities.Tests\Dev2.Activities.Tests.csproj]
C:\Program Files\dotnet\sdk\10.0.201\Microsoft.Common.CurrentVersion.targets(2451,5): warning MSB3277:           Project file item includes which caused reference "C:\Users\ultra\.nuget\packages\caliburn.micro\4.0.212\lib\netcoreapp3.1\Caliburn.Micro.Platform.dll". [C:\Users\ultra\warewolf\Dev\Dev2.Activities.Tests\Dev2.Activities.Tests.csproj]
C:\Program Files\dotnet\sdk\10.0.201\Microsoft.Common.CurrentVersion.targets(2451,5): warning MSB3277:             C:\Users\ultra\.nuget\packages\caliburn.micro\4.0.212\lib\netcoreapp3.1\Caliburn.Micro.Platform.dll [C:\Users\ultra\warewolf\Dev\Dev2.Activities.Tests\Dev2.Activities.Tests.csproj]
C:\Program Files\dotnet\sdk\10.0.201\Microsoft.Common.CurrentVersion.targets(2451,5): warning MSB3277:         C:\Users\ultra\.nuget\packages\extended.wpf.toolkit\4.4.0\lib\net5.0\Xceed.Wpf.AvalonDock.NET5.dll [C:\Users\ultra\warewolf\Dev\Dev2.Activities.Tests\Dev2.Activities.Tests.csproj]
C:\Program Files\dotnet\sdk\10.0.201\Microsoft.Common.CurrentVersion.targets(2451,5): warning MSB3277:           Project file item includes which caused reference "C:\Users\ultra\.nuget\packages\extended.wpf.toolkit\4.4.0\lib\net5.0\Xceed.Wpf.AvalonDock.NET5.dll". [C:\Users\ultra\warewolf\Dev\Dev2.Activities.Tests\Dev2.Activities.Tests.csproj]
C:\Program Files\dotnet\sdk\10.0.201\Microsoft.Common.CurrentVersion.targets(2451,5): warning MSB3277:             C:\Users\ultra\.nuget\packages\extended.wpf.toolkit\4.4.0\lib\net5.0\Xceed.Wpf.AvalonDock.NET5.dll [C:\Users\ultra\warewolf\Dev\Dev2.Activities.Tests\Dev2.Activities.Tests.csproj]
C:\Program Files\dotnet\sdk\10.0.201\Microsoft.Common.CurrentVersion.targets(2451,5): warning MSB3277:             C:\Users\ultra\.nuget\packages\extended.wpf.toolkit\4.4.0\lib\net5.0\Xceed.Wpf.AvalonDock.Themes.Aero.NET5.dll [C:\Users\ultra\warewolf\Dev\Dev2.Activities.Tests\Dev2.Activities.Tests.csproj]
C:\Program Files\dotnet\sdk\10.0.201\Microsoft.Common.CurrentVersion.targets(2451,5): warning MSB3277:             C:\Users\ultra\.nuget\packages\extended.wpf.toolkit\4.4.0\lib\net5.0\Xceed.Wpf.AvalonDock.Themes.Metro.NET5.dll [C:\Users\ultra\warewolf\Dev\Dev2.Activities.Tests\Dev2.Activities.Tests.csproj]
C:\Program Files\dotnet\sdk\10.0.201\Microsoft.Common.CurrentVersion.targets(2451,5): warning MSB3277:             C:\Users\ultra\.nuget\packages\extended.wpf.toolkit\4.4.0\lib\net5.0\Xceed.Wpf.AvalonDock.Themes.VS2010.NET5.dll [C:\Users\ultra\warewolf\Dev\Dev2.Activities.Tests\Dev2.Activities.Tests.csproj]
C:\Program Files\dotnet\sdk\10.0.201\Microsoft.Common.CurrentVersion.targets(2451,5): warning MSB3277:         C:\Users\ultra\.nuget\packages\extended.wpf.toolkit\4.4.0\lib\net5.0\Xceed.Wpf.AvalonDock.Themes.Aero.NET5.dll [C:\Users\ultra\warewolf\Dev\Dev2.Activities.Tests\Dev2.Activities.Tests.csproj]
C:\Program Files\dotnet\sdk\10.0.201\Microsoft.Common.CurrentVersion.targets(2451,5): warning MSB3277:           Project file item includes which caused reference "C:\Users\ultra\.nuget\packages\extended.wpf.toolkit\4.4.0\lib\net5.0\Xceed.Wpf.AvalonDock.Themes.Aero.NET5.dll". [C:\Users\ultra\warewolf\Dev\Dev2.Activities.Tests\Dev2.Activities.Tests.csproj]
C:\Program Files\dotnet\sdk\10.0.201\Microsoft.Common.CurrentVersion.targets(2451,5): warning MSB3277:             C:\Users\ultra\.nuget\packages\extended.wpf.toolkit\4.4.0\lib\net5.0\Xceed.Wpf.AvalonDock.Themes.Aero.NET5.dll [C:\Users\ultra\warewolf\Dev\Dev2.Activities.Tests\Dev2.Activities.Tests.csproj]
C:\Program Files\dotnet\sdk\10.0.201\Microsoft.Common.CurrentVersion.targets(2451,5): warning MSB3277:         C:\Users\ultra\.nuget\packages\extended.wpf.toolkit\4.4.0\lib\net5.0\Xceed.Wpf.Toolkit.NET5.dll [C:\Users\ultra\warewolf\Dev\Dev2.Activities.Tests\Dev2.Activities.Tests.csproj]
C:\Program Files\dotnet\sdk\10.0.201\Microsoft.Common.CurrentVersion.targets(2451,5): warning MSB3277:           Project file item includes which caused reference "C:\Users\ultra\.nuget\packages\extended.wpf.toolkit\4.4.0\lib\net5.0\Xceed.Wpf.Toolkit.NET5.dll". [C:\Users\ultra\warewolf\Dev\Dev2.Activities.Tests\Dev2.Activities.Tests.csproj]
C:\Program Files\dotnet\sdk\10.0.201\Microsoft.Common.CurrentVersion.targets(2451,5): warning MSB3277:             C:\Users\ultra\.nuget\packages\extended.wpf.toolkit\4.4.0\lib\net5.0\Xceed.Wpf.Toolkit.NET5.dll [C:\Users\ultra\warewolf\Dev\Dev2.Activities.Tests\Dev2.Activities.Tests.csproj]
C:\Program Files\dotnet\sdk\10.0.201\Microsoft.Common.CurrentVersion.targets(2451,5): warning MSB3277:         C:\Users\ultra\.nuget\packages\fontawesome.wpf\4.7.0.9\lib\net40\FontAwesome.WPF.dll [C:\Users\ultra\warewolf\Dev\Dev2.Activities.Tests\Dev2.Activities.Tests.csproj]
C:\Program Files\dotnet\sdk\10.0.201\Microsoft.Common.CurrentVersion.targets(2451,5): warning MSB3277:           Project file item includes which caused reference "C:\Users\ultra\.nuget\packages\fontawesome.wpf\4.7.0.9\lib\net40\FontAwesome.WPF.dll". [C:\Users\ultra\warewolf\Dev\Dev2.Activities.Tests\Dev2.Activities.Tests.csproj]
C:\Program Files\dotnet\sdk\10.0.201\Microsoft.Common.CurrentVersion.targets(2451,5): warning MSB3277:             C:\Users\ultra\.nuget\packages\fontawesome.wpf\4.7.0.9\lib\net40\FontAwesome.WPF.dll [C:\Users\ultra\warewolf\Dev\Dev2.Activities.Tests\Dev2.Activities.Tests.csproj]
C:\Program Files\dotnet\sdk\10.0.201\Microsoft.Common.CurrentVersion.targets(2451,5): warning MSB3277:         C:\Users\ultra\.nuget\packages\ironpython\3.4.0\lib\net6.0\IronPython.Wpf.dll [C:\Users\ultra\warewolf\Dev\Dev2.Activities.Tests\Dev2.Activities.Tests.csproj]
C:\Program Files\dotnet\sdk\10.0.201\Microsoft.Common.CurrentVersion.targets(2451,5): warning MSB3277:           Project file item includes which caused reference "C:\Users\ultra\.nuget\packages\ironpython\3.4.0\lib\net6.0\IronPython.Wpf.dll". [C:\Users\ultra\warewolf\Dev\Dev2.Activities.Tests\Dev2.Activities.Tests.csproj]
C:\Program Files\dotnet\sdk\10.0.201\Microsoft.Common.CurrentVersion.targets(2451,5): warning MSB3277:             C:\Users\ultra\.nuget\packages\ironpython\3.4.0\lib\net6.0\IronPython.Wpf.dll [C:\Users\ultra\warewolf\Dev\Dev2.Activities.Tests\Dev2.Activities.Tests.csproj]
C:\Program Files\dotnet\sdk\10.0.201\Microsoft.Common.CurrentVersion.targets(2451,5): warning MSB3277:         C:\Users\ultra\.nuget\packages\microsoft.xaml.behaviors.wpf\1.1.122\lib\net462\Microsoft.Xaml.Behaviors.dll [C:\Users\ultra\warewolf\Dev\Dev2.Activities.Tests\Dev2.Activities.Tests.csproj]
C:\Program Files\dotnet\sdk\10.0.201\Microsoft.Common.CurrentVersion.targets(2451,5): warning MSB3277:           Project file item includes which caused reference "C:\Users\ultra\.nuget\packages\microsoft.xaml.behaviors.wpf\1.1.122\lib\net462\Microsoft.Xaml.Behaviors.dll". [C:\Users\ultra\warewolf\Dev\Dev2.Activities.Tests\Dev2.Activities.Tests.csproj]
C:\Program Files\dotnet\sdk\10.0.201\Microsoft.Common.CurrentVersion.targets(2451,5): warning MSB3277:             C:\Users\ultra\.nuget\packages\microsoft.xaml.behaviors.wpf\1.1.122\lib\net462\Microsoft.Xaml.Behaviors.dll [C:\Users\ultra\warewolf\Dev\Dev2.Activities.Tests\Dev2.Activities.Tests.csproj]
C:\Program Files\dotnet\sdk\10.0.201\Microsoft.Common.CurrentVersion.targets(2451,5): warning MSB3277:             C:\Users\ultra\.nuget\packages\caliburn.micro\4.0.212\lib\netcoreapp3.1\Caliburn.Micro.Platform.dll [C:\Users\ultra\warewolf\Dev\Dev2.Activities.Tests\Dev2.Activities.Tests.csproj]
C:\Program Files\dotnet\sdk\10.0.201\Microsoft.Common.CurrentVersion.targets(2451,5): warning MSB3277:             C:\Users\ultra\.nuget\packages\prism.wpf\9.0.537\lib\net462\Prism.Wpf.dll [C:\Users\ultra\warewolf\Dev\Dev2.Activities.Tests\Dev2.Activities.Tests.csproj]
C:\Program Files\dotnet\sdk\10.0.201\Microsoft.Common.CurrentVersion.targets(2451,5): warning MSB3277:         C:\Users\ultra\.nuget\packages\prism.composition\5.0.0\lib\NET45\Microsoft.Practices.Prism.Composition.dll [C:\Users\ultra\warewolf\Dev\Dev2.Activities.Tests\Dev2.Activities.Tests.csproj]
C:\Program Files\dotnet\sdk\10.0.201\Microsoft.Common.CurrentVersion.targets(2451,5): warning MSB3277:           Project file item includes which caused reference "C:\Users\ultra\.nuget\packages\prism.composition\5.0.0\lib\NET45\Microsoft.Practices.Prism.Composition.dll". [C:\Users\ultra\warewolf\Dev\Dev2.Activities.Tests\Dev2.Activities.Tests.csproj]
C:\Program Files\dotnet\sdk\10.0.201\Microsoft.Common.CurrentVersion.targets(2451,5): warning MSB3277:             C:\Users\ultra\.nuget\packages\prism.composition\5.0.0\lib\NET45\Microsoft.Practices.Prism.Composition.dll [C:\Users\ultra\warewolf\Dev\Dev2.Activities.Tests\Dev2.Activities.Tests.csproj]
C:\Program Files\dotnet\sdk\10.0.201\Microsoft.Common.CurrentVersion.targets(2451,5): warning MSB3277:             C:\Users\ultra\.nuget\packages\prism.unityextensions\5.0.1\lib\NET45\Microsoft.Practices.Prism.UnityExtensions.dll [C:\Users\ultra\warewolf\Dev\Dev2.Activities.Tests\Dev2.Activities.Tests.csproj]
C:\Program Files\dotnet\sdk\10.0.201\Microsoft.Common.CurrentVersion.targets(2451,5): warning MSB3277:         C:\Users\ultra\.nuget\packages\prism.interactivity\5.0.0\lib\NET45\Microsoft.Practices.Prism.Interactivity.dll [C:\Users\ultra\warewolf\Dev\Dev2.Activities.Tests\Dev2.Activities.Tests.csproj]
C:\Program Files\dotnet\sdk\10.0.201\Microsoft.Common.CurrentVersion.targets(2451,5): warning MSB3277:           Project file item includes which caused reference "C:\Users\ultra\.nuget\packages\prism.interactivity\5.0.0\lib\NET45\Microsoft.Practices.Prism.Interactivity.dll". [C:\Users\ultra\warewolf\Dev\Dev2.Activities.Tests\Dev2.Activities.Tests.csproj]
C:\Program Files\dotnet\sdk\10.0.201\Microsoft.Common.CurrentVersion.targets(2451,5): warning MSB3277:             C:\Users\ultra\.nuget\packages\prism.interactivity\5.0.0\lib\NET45\Microsoft.Practices.Prism.Interactivity.dll [C:\Users\ultra\warewolf\Dev\Dev2.Activities.Tests\Dev2.Activities.Tests.csproj]
C:\Program Files\dotnet\sdk\10.0.201\Microsoft.Common.CurrentVersion.targets(2451,5): warning MSB3277:         C:\Users\ultra\.nuget\packages\prism.mvvm\1.0.0\lib\net45\Microsoft.Practices.Prism.Mvvm.Desktop.dll [C:\Users\ultra\warewolf\Dev\Dev2.Activities.Tests\Dev2.Activities.Tests.csproj]
C:\Program Files\dotnet\sdk\10.0.201\Microsoft.Common.CurrentVersion.targets(2451,5): warning MSB3277:           Project file item includes which caused reference "C:\Users\ultra\.nuget\packages\prism.mvvm\1.0.0\lib\net45\Microsoft.Practices.Prism.Mvvm.Desktop.dll". [C:\Users\ultra\warewolf\Dev\Dev2.Activities.Tests\Dev2.Activities.Tests.csproj]
C:\Program Files\dotnet\sdk\10.0.201\Microsoft.Common.CurrentVersion.targets(2451,5): warning MSB3277:             C:\Users\ultra\.nuget\packages\prism.mvvm\1.0.0\lib\net45\Microsoft.Practices.Prism.Mvvm.Desktop.dll [C:\Users\ultra\warewolf\Dev\Dev2.Activities.Tests\Dev2.Activities.Tests.csproj]
C:\Program Files\dotnet\sdk\10.0.201\Microsoft.Common.CurrentVersion.targets(2451,5): warning MSB3277:         C:\Users\ultra\.nuget\packages\prism.unityextensions\5.0.1\lib\NET45\Microsoft.Practices.Prism.UnityExtensions.dll [C:\Users\ultra\warewolf\Dev\Dev2.Activities.Tests\Dev2.Activities.Tests.csproj]
C:\Program Files\dotnet\sdk\10.0.201\Microsoft.Common.CurrentVersion.targets(2451,5): warning MSB3277:           Project file item includes which caused reference "C:\Users\ultra\.nuget\packages\prism.unityextensions\5.0.1\lib\NET45\Microsoft.Practices.Prism.UnityExtensions.dll". [C:\Users\ultra\warewolf\Dev\Dev2.Activities.Tests\Dev2.Activities.Tests.csproj]
C:\Program Files\dotnet\sdk\10.0.201\Microsoft.Common.CurrentVersion.targets(2451,5): warning MSB3277:             C:\Users\ultra\.nuget\packages\prism.unityextensions\5.0.1\lib\NET45\Microsoft.Practices.Prism.UnityExtensions.dll [C:\Users\ultra\warewolf\Dev\Dev2.Activities.Tests\Dev2.Activities.Tests.csproj]
C:\Program Files\dotnet\sdk\10.0.201\Microsoft.Common.CurrentVersion.targets(2451,5): warning MSB3277:         C:\Users\ultra\.nuget\packages\prism.wpf\9.0.537\lib\net462\Prism.Wpf.dll [C:\Users\ultra\warewolf\Dev\Dev2.Activities.Tests\Dev2.Activities.Tests.csproj]
C:\Program Files\dotnet\sdk\10.0.201\Microsoft.Common.CurrentVersion.targets(2451,5): warning MSB3277:           Project file item includes which caused reference "C:\Users\ultra\.nuget\packages\prism.wpf\9.0.537\lib\net462\Prism.Wpf.dll". [C:\Users\ultra\warewolf\Dev\Dev2.Activities.Tests\Dev2.Activities.Tests.csproj]
C:\Program Files\dotnet\sdk\10.0.201\Microsoft.Common.CurrentVersion.targets(2451,5): warning MSB3277:             C:\Users\ultra\.nuget\packages\prism.wpf\9.0.537\lib\net462\Prism.Wpf.dll [C:\Users\ultra\warewolf\Dev\Dev2.Activities.Tests\Dev2.Activities.Tests.csproj]
C:\Program Files\dotnet\sdk\10.0.201\Microsoft.Common.CurrentVersion.targets(2451,5): warning MSB3277:         C:\Users\ultra\.nuget\packages\reactiveui.wpf\18.4.1\lib\net462\ReactiveUI.Wpf.dll [C:\Users\ultra\warewolf\Dev\Dev2.Activities.Tests\Dev2.Activities.Tests.csproj]
C:\Program Files\dotnet\sdk\10.0.201\Microsoft.Common.CurrentVersion.targets(2451,5): warning MSB3277:           Project file item includes which caused reference "C:\Users\ultra\.nuget\packages\reactiveui.wpf\18.4.1\lib\net462\ReactiveUI.Wpf.dll". [C:\Users\ultra\warewolf\Dev\Dev2.Activities.Tests\Dev2.Activities.Tests.csproj]
C:\Program Files\dotnet\sdk\10.0.201\Microsoft.Common.CurrentVersion.targets(2451,5): warning MSB3277:             C:\Users\ultra\.nuget\packages\reactiveui.wpf\18.4.1\lib\net462\ReactiveUI.Wpf.dll [C:\Users\ultra\warewolf\Dev\Dev2.Activities.Tests\Dev2.Activities.Tests.csproj]
C:\Program Files\dotnet\sdk\10.0.201\Microsoft.Common.CurrentVersion.targets(2451,5): warning MSB3277: Found conflicts between different versions of "System.Drawing.Common" that could not be resolved. [C:\Users\ultra\warewolf\Dev\Dev2.Activities.Tests\Dev2.Activities.Tests.csproj]
C:\Program Files\dotnet\sdk\10.0.201\Microsoft.Common.CurrentVersion.targets(2451,5): warning MSB3277: There was a conflict between "System.Drawing.Common, Version=6.0.0.0, Culture=neutral, PublicKeyToken=cc7b13ffcd2ddd51" and "System.Drawing.Common, Version=8.0.0.0, Culture=neutral, PublicKeyToken=cc7b13ffcd2ddd51". [C:\Users\ultra\warewolf\Dev\Dev2.Activities.Tests\Dev2.Activities.Tests.csproj]
C:\Program Files\dotnet\sdk\10.0.201\Microsoft.Common.CurrentVersion.targets(2451,5): warning MSB3277:     "System.Drawing.Common, Version=6.0.0.0, Culture=neutral, PublicKeyToken=cc7b13ffcd2ddd51" was chosen because it was primary and "System.Drawing.Common, Version=8.0.0.0, Culture=neutral, PublicKeyToken=cc7b13ffcd2ddd51" was not. [C:\Users\ultra\warewolf\Dev\Dev2.Activities.Tests\Dev2.Activities.Tests.csproj]
C:\Program Files\dotnet\sdk\10.0.201\Microsoft.Common.CurrentVersion.targets(2451,5): warning MSB3277:     References which depend on "System.Drawing.Common, Version=6.0.0.0, Culture=neutral, PublicKeyToken=cc7b13ffcd2ddd51" [C:\Users\ultra\.nuget\packages\system.drawing.common\6.0.0\lib\net6.0\System.Drawing.Common.dll]. [C:\Users\ultra\warewolf\Dev\Dev2.Activities.Tests\Dev2.Activities.Tests.csproj]
C:\Program Files\dotnet\sdk\10.0.201\Microsoft.Common.CurrentVersion.targets(2451,5): warning MSB3277:         C:\Users\ultra\.nuget\packages\system.drawing.common\6.0.0\lib\net6.0\System.Drawing.Common.dll [C:\Users\ultra\warewolf\Dev\Dev2.Activities.Tests\Dev2.Activities.Tests.csproj]
C:\Program Files\dotnet\sdk\10.0.201\Microsoft.Common.CurrentVersion.targets(2451,5): warning MSB3277:           Project file item includes which caused reference "C:\Users\ultra\.nuget\packages\system.drawing.common\6.0.0\lib\net6.0\System.Drawing.Common.dll". [C:\Users\ultra\warewolf\Dev\Dev2.Activities.Tests\Dev2.Activities.Tests.csproj]
C:\Program Files\dotnet\sdk\10.0.201\Microsoft.Common.CurrentVersion.targets(2451,5): warning MSB3277:             C:\Users\ultra\.nuget\packages\system.drawing.common\6.0.0\lib\net6.0\System.Drawing.Common.dll [C:\Users\ultra\warewolf\Dev\Dev2.Activities.Tests\Dev2.Activities.Tests.csproj]
C:\Program Files\dotnet\sdk\10.0.201\Microsoft.Common.CurrentVersion.targets(2451,5): warning MSB3277:     References which depend on or have been unified to "System.Drawing.Common, Version=8.0.0.0, Culture=neutral, PublicKeyToken=cc7b13ffcd2ddd51" []. [C:\Users\ultra\warewolf\Dev\Dev2.Activities.Tests\Dev2.Activities.Tests.csproj]
C:\Program Files\dotnet\sdk\10.0.201\Microsoft.Common.CurrentVersion.targets(2451,5): warning MSB3277:         C:\Users\ultra\.nuget\packages\servicestack\6.3.0\lib\net6.0\ServiceStack.dll [C:\Users\ultra\warewolf\Dev\Dev2.Activities.Tests\Dev2.Activities.Tests.csproj]
C:\Program Files\dotnet\sdk\10.0.201\Microsoft.Common.CurrentVersion.targets(2451,5): warning MSB3277:           Project file item includes which caused reference "C:\Users\ultra\.nuget\packages\servicestack\6.3.0\lib\net6.0\ServiceStack.dll". [C:\Users\ultra\warewolf\Dev\Dev2.Activities.Tests\Dev2.Activities.Tests.csproj]
C:\Program Files\dotnet\sdk\10.0.201\Microsoft.Common.CurrentVersion.targets(2451,5): warning MSB3277:             C:\Users\ultra\.nuget\packages\servicestack\6.3.0\lib\net6.0\ServiceStack.dll [C:\Users\ultra\warewolf\Dev\Dev2.Activities.Tests\Dev2.Activities.Tests.csproj]
C:\Program Files\dotnet\sdk\10.0.201\Microsoft.Common.CurrentVersion.targets(2451,5): warning MSB3277:         C:\Users\ultra\.nuget\packages\system.windows.extensions\8.0.0\lib\net8.0\System.Windows.Extensions.dll [C:\Users\ultra\warewolf\Dev\Dev2.Activities.Tests\Dev2.Activities.Tests.csproj]
C:\Program Files\dotnet\sdk\10.0.201\Microsoft.Common.CurrentVersion.targets(2451,5): warning MSB3277:           Project file item includes which caused reference "C:\Users\ultra\.nuget\packages\system.windows.extensions\8.0.0\lib\net8.0\System.Windows.Extensions.dll". [C:\Users\ultra\warewolf\Dev\Dev2.Activities.Tests\Dev2.Activities.Tests.csproj]
C:\Program Files\dotnet\sdk\10.0.201\Microsoft.Common.CurrentVersion.targets(2451,5): warning MSB3277:             C:\Users\ultra\.nuget\packages\system.windows.extensions\8.0.0\lib\net8.0\System.Windows.Extensions.dll [C:\Users\ultra\warewolf\Dev\Dev2.Activities.Tests\Dev2.Activities.Tests.csproj]
C:\Program Files\dotnet\sdk\10.0.201\Microsoft.Common.CurrentVersion.targets(2451,5): warning MSB3277:             C:\Users\ultra\.nuget\packages\extended.wpf.toolkit\4.4.0\lib\net5.0\Xceed.Wpf.Toolkit.NET5.dll [C:\Users\ultra\warewolf\Dev\Dev2.Activities.Tests\Dev2.Activities.Tests.csproj]
C:\Program Files\dotnet\sdk\10.0.201\Microsoft.Common.CurrentVersion.targets(2451,5): warning MSB3277:             C:\Users\ultra\.nuget\packages\system.security.permissions\8.0.0\lib\net8.0\System.Security.Permissions.dll [C:\Users\ultra\warewolf\Dev\Dev2.Activities.Tests\Dev2.Activities.Tests.csproj]
C:\Program Files\dotnet\sdk\10.0.201\Microsoft.Common.CurrentVersion.targets(2451,5): warning MSB3277:             C:\Users\ultra\warewolf\Dev\Dev2.Data\bin\Debug\net8.0\Dev2.Data.dll [C:\Users\ultra\warewolf\Dev\Dev2.Activities.Tests\Dev2.Activities.Tests.csproj]
C:\Program Files\dotnet\sdk\10.0.201\Microsoft.Common.CurrentVersion.targets(2451,5): warning MSB3277:             C:\Users\ultra\warewolf\Dev\Dev2.Activities\bin\Debug\net8.0\Dev2.Activities.dll [C:\Users\ultra\warewolf\Dev\Dev2.Activities.Tests\Dev2.Activities.Tests.csproj]
C:\Program Files\dotnet\sdk\10.0.201\Microsoft.Common.CurrentVersion.targets(2451,5): warning MSB3277:             C:\Users\ultra\warewolf\Dev\Dev2.Common.Tests\bin\Debug\net8.0\Dev2.Common.Tests.dll [C:\Users\ultra\warewolf\Dev\Dev2.Activities.Tests\Dev2.Activities.Tests.csproj]
C:\Program Files\dotnet\sdk\10.0.201\Microsoft.Common.CurrentVersion.targets(2451,5): warning MSB3277:             C:\Users\ultra\warewolf\Dev\Dev2.Core\bin\Debug\net8.0\Dev2.Core.dll [C:\Users\ultra\warewolf\Dev\Dev2.Activities.Tests\Dev2.Activities.Tests.csproj]
C:\Program Files\dotnet\sdk\10.0.201\Microsoft.Common.CurrentVersion.targets(2451,5): warning MSB3277:             C:\Users\ultra\warewolf\Dev\Dev2.Infrastructure.Tests\bin\Debug\net8.0\Dev2.Infrastructure.Tests.dll [C:\Users\ultra\warewolf\Dev\Dev2.Activities.Tests\Dev2.Activities.Tests.csproj]
C:\Program Files\dotnet\sdk\10.0.201\Microsoft.Common.CurrentVersion.targets(2451,5): warning MSB3277:             C:\Users\ultra\warewolf\Dev\Dev2.Runtime.Services\bin\Debug\net8.0\Dev2.Runtime.Services.dll [C:\Users\ultra\warewolf\Dev\Dev2.Activities.Tests\Dev2.Activities.Tests.csproj]
C:\Program Files\dotnet\sdk\10.0.201\Microsoft.Common.CurrentVersion.targets(2451,5): warning MSB3277:             C:\Users\ultra\warewolf\Dev\Dev2.Runtime\bin\Debug\net8.0\Dev2.Runtime.dll [C:\Users\ultra\warewolf\Dev\Dev2.Activities.Tests\Dev2.Activities.Tests.csproj]
C:\Program Files\dotnet\sdk\10.0.201\Microsoft.Common.CurrentVersion.targets(2451,5): warning MSB3277:             C:\Users\ultra\warewolf\Dev\Dev2.Services.Execution\bin\Debug\net8.0\Dev2.Services.Execution.dll [C:\Users\ultra\warewolf\Dev\Dev2.Activities.Tests\Dev2.Activities.Tests.csproj]
C:\Program Files\dotnet\sdk\10.0.201\Microsoft.Common.CurrentVersion.targets(2451,5): warning MSB3277:             C:\Users\ultra\warewolf\Dev\Dev2.Studio.Core\bin\Debug\net8.0\Dev2.Studio.Core.dll [C:\Users\ultra\warewolf\Dev\Dev2.Activities.Tests\Dev2.Activities.Tests.csproj]
C:\Program Files\dotnet\sdk\10.0.201\Microsoft.Common.CurrentVersion.targets(2451,5): warning MSB3277:             C:\Users\ultra\warewolf\Dev\Dev2.Studio.Interfaces\bin\Debug\net8.0\Dev2.Studio.Interfaces.dll [C:\Users\ultra\warewolf\Dev\Dev2.Activities.Tests\Dev2.Activities.Tests.csproj]
C:\Program Files\dotnet\sdk\10.0.201\Microsoft.Common.CurrentVersion.targets(2451,5): warning MSB3277:             C:\Users\ultra\warewolf\Dev\Warewolf.Core.Tests\bin\Debug\net8.0\Warewolf.Core.Tests.dll [C:\Users\ultra\warewolf\Dev\Dev2.Activities.Tests\Dev2.Activities.Tests.csproj]
C:\Program Files\dotnet\sdk\10.0.201\Microsoft.Common.CurrentVersion.targets(2451,5): warning MSB3277:             C:\Users\ultra\warewolf\Dev\Warewolf.Core\bin\Debug\net8.0\Warewolf.Core.dll [C:\Users\ultra\warewolf\Dev\Dev2.Activities.Tests\Dev2.Activities.Tests.csproj]
C:\Program Files\dotnet\sdk\10.0.201\Microsoft.Common.CurrentVersion.targets(2451,5): warning MSB3277:             C:\Users\ultra\warewolf\Dev\Dev2.Diagnostics.Tests\bin\Debug\net8.0\Dev2.Diagnostics.Tests.dll [C:\Users\ultra\warewolf\Dev\Dev2.Activities.Tests\Dev2.Activities.Tests.csproj]
C:\Program Files\dotnet\sdk\10.0.201\Microsoft.Common.CurrentVersion.targets(2451,5): warning MSB3277:             C:\Users\ultra\warewolf\Dev\Dev2.Intellisense\bin\Debug\net8.0\Dev2.Intellisense.dll [C:\Users\ultra\warewolf\Dev\Dev2.Activities.Tests\Dev2.Activities.Tests.csproj]
C:\Program Files\dotnet\sdk\10.0.201\Microsoft.Common.CurrentVersion.targets(2451,5): warning MSB3277:             C:\Users\ultra\warewolf\Dev\Dev2.Runtime.WebServer\bin\Debug\net8.0\Dev2.Runtime.WebServer.dll [C:\Users\ultra\warewolf\Dev\Dev2.Activities.Tests\Dev2.Activities.Tests.csproj]
C:\Program Files\dotnet\sdk\10.0.201\Microsoft.Common.CurrentVersion.targets(2451,5): warning MSB3277:             C:\Users\ultra\warewolf\Dev\Dev2.Scheduler\bin\Debug\net8.0\Dev2.Scheduler.dll [C:\Users\ultra\warewolf\Dev\Dev2.Activities.Tests\Dev2.Activities.Tests.csproj]
C:\Program Files\dotnet\sdk\10.0.201\Microsoft.Common.CurrentVersion.targets(2451,5): warning MSB3277:             C:\Users\ultra\warewolf\Dev\Warewolf.HangfireServer\bin\Debug\net8.0\HangfireServer.dll [C:\Users\ultra\warewolf\Dev\Dev2.Activities.Tests\Dev2.Activities.Tests.csproj]
C:\Program Files\dotnet\sdk\10.0.201\Microsoft.Common.CurrentVersion.targets(2451,5): warning MSB3277:             C:\Users\ultra\warewolf\Dev\Warewolf.QueueWorker\bin\Debug\net8.0\QueueWorker.dll [C:\Users\ultra\warewolf\Dev\Dev2.Activities.Tests\Dev2.Activities.Tests.csproj]
C:\Program Files\dotnet\sdk\10.0.201\Microsoft.Common.CurrentVersion.targets(2451,5): warning MSB3277:             C:\Users\ultra\warewolf\Dev\Dev2.Server\bin\Debug\net8.0\Warewolf Server.dll [C:\Users\ultra\warewolf\Dev\Dev2.Activities.Tests\Dev2.Activities.Tests.csproj]
C:\Program Files\dotnet\sdk\10.0.201\Microsoft.Common.CurrentVersion.targets(2451,5): warning MSB3277:             C:\Users\ultra\warewolf\Dev\Dev2.Studio\bin\Debug\net8.0\Warewolf Studio.dll [C:\Users\ultra\warewolf\Dev\Dev2.Activities.Tests\Dev2.Activities.Tests.csproj]
C:\Program Files\dotnet\sdk\10.0.201\Microsoft.Common.CurrentVersion.targets(2451,5): warning MSB3277:             C:\Users\ultra\warewolf\Dev\Warewolf.Auditing\bin\Debug\net8.0\Warewolf.Auditing.dll [C:\Users\ultra\warewolf\Dev\Dev2.Activities.Tests\Dev2.Activities.Tests.csproj]
C:\Program Files\dotnet\sdk\10.0.201\Microsoft.Common.CurrentVersion.targets(2451,5): warning MSB3277:             C:\Users\ultra\warewolf\Dev\Warewolf.Common.Framework48\bin\Debug\net8.0\Warewolf.Common.Framework48.dll [C:\Users\ultra\warewolf\Dev\Dev2.Activities.Tests\Dev2.Activities.Tests.csproj]
C:\Program Files\dotnet\sdk\10.0.201\Microsoft.Common.CurrentVersion.targets(2451,5): warning MSB3277:             C:\Users\ultra\warewolf\Dev\Warewolf.Common.NetStandard20\bin\Debug\net8.0\Warewolf.Common.NetStandard20.dll [C:\Users\ultra\warewolf\Dev\Dev2.Activities.Tests\Dev2.Activities.Tests.csproj]
C:\Program Files\dotnet\sdk\10.0.201\Microsoft.Common.CurrentVersion.targets(2451,5): warning MSB3277:             C:\Users\ultra\warewolf\Dev\Warewolf.Driver.Persistence\bin\Debug\net8.0\Warewolf.Driver.Persistence.dll [C:\Users\ultra\warewolf\Dev\Dev2.Activities.Tests\Dev2.Activities.Tests.csproj]
C:\Program Files\dotnet\sdk\10.0.201\Microsoft.Common.CurrentVersion.targets(2451,5): warning MSB3277:             C:\Users\ultra\warewolf\Dev\Warewolf.Exchange.Email.Wrapper\bin\Debug\net8.0\Warewolf.Exchange.Email.Wrapper.dll [C:\Users\ultra\warewolf\Dev\Dev2.Activities.Tests\Dev2.Activities.Tests.csproj]
C:\Program Files\dotnet\sdk\10.0.201\Microsoft.Common.CurrentVersion.targets(2451,5): warning MSB3277:             C:\Users\ultra\warewolf\Dev\Warewolf.MergeParser.Tests\bin\Debug\net8.0\Warewolf.MergeParser.Tests.dll [C:\Users\ultra\warewolf\Dev\Dev2.Activities.Tests\Dev2.Activities.Tests.csproj]
C:\Program Files\dotnet\sdk\10.0.201\Microsoft.Common.CurrentVersion.targets(2451,5): warning MSB3277:             C:\Users\ultra\warewolf\Dev\Warewolf.ResourceManagement\bin\Debug\net8.0\Warewolf.ResourceManagement.dll [C:\Users\ultra\warewolf\Dev\Dev2.Activities.Tests\Dev2.Activities.Tests.csproj]
C:\Program Files\dotnet\sdk\10.0.201\Microsoft.Common.CurrentVersion.targets(2451,5): warning MSB3277:             C:\Users\ultra\warewolf\Dev\Warewolf.Studio.Core\bin\Debug\net8.0\Warewolf.Studio.Core.dll [C:\Users\ultra\warewolf\Dev\Dev2.Activities.Tests\Dev2.Activities.Tests.csproj]
C:\Program Files\dotnet\sdk\10.0.201\Microsoft.Common.CurrentVersion.targets(2451,5): warning MSB3277:             C:\Users\ultra\warewolf\Dev\Warewolf.Studio.CustomControls\bin\Debug\net8.0\Warewolf.Studio.CustomControls.dll [C:\Users\ultra\warewolf\Dev\Dev2.Activities.Tests\Dev2.Activities.Tests.csproj]
C:\Program Files\dotnet\sdk\10.0.201\Microsoft.Common.CurrentVersion.targets(2451,5): warning MSB3277:             C:\Users\ultra\warewolf\Dev\Warewolf.Studio.Models\bin\Debug\net8.0\Warewolf.Studio.Models.dll [C:\Users\ultra\warewolf\Dev\Dev2.Activities.Tests\Dev2.Activities.Tests.csproj]
C:\Program Files\dotnet\sdk\10.0.201\Microsoft.Common.CurrentVersion.targets(2451,5): warning MSB3277:             C:\Users\ultra\warewolf\Dev\Warewolf.Studio.ViewModels\bin\Debug\net8.0\Warewolf.Studio.ViewModels.dll [C:\Users\ultra\warewolf\Dev\Dev2.Activities.Tests\Dev2.Activities.Tests.csproj]
C:\Program Files\dotnet\sdk\10.0.201\Microsoft.Common.CurrentVersion.targets(2451,5): warning MSB3277:             C:\Users\ultra\warewolf\Dev\Warewolf.Testing\bin\Debug\net8.0\Warewolf.Testing.dll [C:\Users\ultra\warewolf\Dev\Dev2.Activities.Tests\Dev2.Activities.Tests.csproj]
C:\Program Files\dotnet\sdk\10.0.201\Microsoft.Common.CurrentVersion.targets(2451,5): warning MSB3277:             C:\Users\ultra\warewolf\Dev\Warewolf.Trigger.Queue\bin\Debug\net8.0\Warewolf.Trigger.Queue.dll [C:\Users\ultra\warewolf\Dev\Dev2.Activities.Tests\Dev2.Activities.Tests.csproj]
C:\Program Files\dotnet\sdk\10.0.201\Microsoft.Common.CurrentVersion.targets(2451,5): warning MSB3277:             C:\Users\ultra\warewolf\Dev\Warewolf.UI\bin\Debug\net8.0\Warewolf.UI.dll [C:\Users\ultra\warewolf\Dev\Dev2.Activities.Tests\Dev2.Activities.Tests.csproj]
C:\Program Files\dotnet\sdk\10.0.201\Microsoft.Common.CurrentVersion.targets(2451,5): warning MSB3277:             C:\Users\ultra\warewolf\Dev\Warewolf.Logger\bin\Debug\net8.0\WarewolfLogger.dll [C:\Users\ultra\warewolf\Dev\Dev2.Activities.Tests\Dev2.Activities.Tests.csproj]
C:\Program Files\dotnet\sdk\10.0.201\Microsoft.Common.CurrentVersion.targets(2451,5): warning MSB3277:             C:\Users\ultra\.nuget\packages\dotnetzip\1.16.0\lib\netstandard2.0\DotNetZip.dll [C:\Users\ultra\warewolf\Dev\Dev2.Activities.Tests\Dev2.Activities.Tests.csproj]
C:\Program Files\dotnet\sdk\10.0.201\Microsoft.Common.CurrentVersion.targets(2451,5): warning MSB3277:             C:\Users\ultra\warewolf\Dev\Dev2.Common\bin\Debug\net8.0\Dev2.Common.dll [C:\Users\ultra\warewolf\Dev\Dev2.Activities.Tests\Dev2.Activities.Tests.csproj]
C:\Program Files\dotnet\sdk\10.0.201\Microsoft.Common.CurrentVersion.targets(2451,5): warning MSB3277:             C:\Users\ultra\warewolf\Dev\Dev2.Data.Interfaces\bin\Debug\net8.0\Dev2.Data.Interfaces.dll [C:\Users\ultra\warewolf\Dev\Dev2.Activities.Tests\Dev2.Activities.Tests.csproj]
C:\Program Files\dotnet\sdk\10.0.201\Microsoft.Common.CurrentVersion.targets(2451,5): warning MSB3277:             C:\Users\ultra\warewolf\Dev\Dev2.Development.Languages\bin\Debug\net8.0\Dev2.Development.Languages.dll [C:\Users\ultra\warewolf\Dev\Dev2.Activities.Tests\Dev2.Activities.Tests.csproj]
C:\Program Files\dotnet\sdk\10.0.201\Microsoft.Common.CurrentVersion.targets(2451,5): warning MSB3277:             C:\Users\ultra\warewolf\Dev\Dev2.Diagnostics\bin\Debug\net8.0\Dev2.Diagnostics.dll [C:\Users\ultra\warewolf\Dev\Dev2.Activities.Tests\Dev2.Activities.Tests.csproj]
C:\Program Files\dotnet\sdk\10.0.201\Microsoft.Common.CurrentVersion.targets(2451,5): warning MSB3277:             C:\Users\ultra\warewolf\Dev\Dev2.Infrastructure\bin\Debug\net8.0\Dev2.Infrastructure.dll [C:\Users\ultra\warewolf\Dev\Dev2.Activities.Tests\Dev2.Activities.Tests.csproj]
C:\Program Files\dotnet\sdk\10.0.201\Microsoft.Common.CurrentVersion.targets(2451,5): warning MSB3277:             C:\Users\ultra\warewolf\Dev\Dev2.Services.Sql\bin\Debug\net8.0\Dev2.Services.Sql.dll [C:\Users\ultra\warewolf\Dev\Dev2.Activities.Tests\Dev2.Activities.Tests.csproj]
C:\Program Files\dotnet\sdk\10.0.201\Microsoft.Common.CurrentVersion.targets(2451,5): warning MSB3277:             C:\Users\ultra\warewolf\Dev\Dev2.Util\bin\Debug\net8.0\Dev2.Util.dll [C:\Users\ultra\warewolf\Dev\Dev2.Activities.Tests\Dev2.Activities.Tests.csproj]
C:\Program Files\dotnet\sdk\10.0.201\Microsoft.Common.CurrentVersion.targets(2451,5): warning MSB3277:             C:\Users\ultra\warewolf\Dev\Warewolf.Sharepoint\bin\Debug\net8.0\Warewolf.Sharepoint.dll [C:\Users\ultra\warewolf\Dev\Dev2.Activities.Tests\Dev2.Activities.Tests.csproj]
C:\Program Files\dotnet\sdk\10.0.201\Microsoft.Common.CurrentVersion.targets(2451,5): warning MSB3277:             C:\Users\ultra\warewolf\Dev\Warewolf.Storage\bin\Debug\net8.0\Warewolf.Storage.dll [C:\Users\ultra\warewolf\Dev\Dev2.Activities.Tests\Dev2.Activities.Tests.csproj]
C:\Program Files\dotnet\sdk\10.0.201\Microsoft.Common.CurrentVersion.targets(2451,5): warning MSB3277:             C:\Users\ultra\warewolf\Dev\Dev2.TaskScheduler.Wrappers\bin\Debug\net8.0\Dev2.TaskScheduler.Wrappers.dll [C:\Users\ultra\warewolf\Dev\Dev2.Activities.Tests\Dev2.Activities.Tests.csproj]
C:\Program Files\dotnet\sdk\10.0.201\Microsoft.Common.CurrentVersion.targets(2451,5): warning MSB3277:             C:\Users\ultra\warewolf\Dev\Warewolf.AI.Harness\bin\Debug\net8.0\Warewolf.AI.Harness.dll [C:\Users\ultra\warewolf\Dev\Dev2.Activities.Tests\Dev2.Activities.Tests.csproj]
C:\Program Files\dotnet\sdk\10.0.201\Microsoft.Common.CurrentVersion.targets(2451,5): warning MSB3277:             C:\Users\ultra\warewolf\Dev\Warewolf.Driver.Serilog\bin\Debug\net8.0\Warewolf.Driver.Serilog.dll [C:\Users\ultra\warewolf\Dev\Dev2.Activities.Tests\Dev2.Activities.Tests.csproj]
C:\Program Files\dotnet\sdk\10.0.201\Microsoft.Common.CurrentVersion.targets(2451,5): warning MSB3277:             C:\Users\ultra\warewolf\Dev\Warewolf.PerfMon\bin\Debug\net8.0\Warewolf.PerfMon.dll [C:\Users\ultra\warewolf\Dev\Dev2.Activities.Tests\Dev2.Activities.Tests.csproj]
C:\Program Files\dotnet\sdk\10.0.201\Microsoft.Common.CurrentVersion.targets(2451,5): warning MSB3277:             C:\Users\ultra\.nuget\packages\mindbox.data.linq\5.0.0\lib\netstandard2.0\Mindbox.Data.Linq.dll [C:\Users\ultra\warewolf\Dev\Dev2.Activities.Tests\Dev2.Activities.Tests.csproj]
C:\Program Files\dotnet\sdk\10.0.201\Microsoft.Common.CurrentVersion.targets(2451,5): warning MSB3277:             C:\Users\ultra\.nuget\packages\mysql.data\8.4.0\lib\net8.0\MySql.Data.dll [C:\Users\ultra\warewolf\Dev\Dev2.Activities.Tests\Dev2.Activities.Tests.csproj]
C:\Program Files\dotnet\sdk\10.0.201\Microsoft.Common.CurrentVersion.targets(2451,5): warning MSB3277:             C:\Users\ultra\.nuget\packages\oracle.manageddataaccess.core\3.21.70\lib\netstandard2.1\Oracle.ManagedDataAccess.dll [C:\Users\ultra\warewolf\Dev\Dev2.Activities.Tests\Dev2.Activities.Tests.csproj]
C:\Program Files\dotnet\sdk\10.0.201\Microsoft.Common.CurrentVersion.targets(2451,5): warning MSB3277:             C:\Users\ultra\.nuget\packages\system.directoryservices\6.0.0\lib\net6.0\System.DirectoryServices.dll [C:\Users\ultra\warewolf\Dev\Dev2.Activities.Tests\Dev2.Activities.Tests.csproj]
C:\Program Files\dotnet\sdk\10.0.201\Microsoft.Common.CurrentVersion.targets(2451,5): warning MSB3277:             C:\Users\ultra\.nuget\packages\corewcf.primitives\1.2.1\lib\netstandard2.0\CoreWCF.Primitives.dll [C:\Users\ultra\warewolf\Dev\Dev2.Activities.Tests\Dev2.Activities.Tests.csproj]
C:\Program Files\dotnet\sdk\10.0.201\Microsoft.Common.CurrentVersion.targets(2451,5): warning MSB3277:             C:\Users\ultra\.nuget\packages\corewcf.http\1.2.1\lib\netstandard2.0\CoreWCF.Http.dll [C:\Users\ultra\warewolf\Dev\Dev2.Activities.Tests\Dev2.Activities.Tests.csproj]
C:\Program Files\dotnet\sdk\10.0.201\Microsoft.Common.CurrentVersion.targets(2451,5): warning MSB3277:             C:\Users\ultra\.nuget\packages\corewcf.nettcp\1.2.1\lib\netstandard2.0\CoreWCF.NetTcp.dll [C:\Users\ultra\warewolf\Dev\Dev2.Activities.Tests\Dev2.Activities.Tests.csproj]
C:\Program Files\dotnet\sdk\10.0.201\Microsoft.Common.CurrentVersion.targets(2451,5): warning MSB3277:             C:\Users\ultra\.nuget\packages\corewcf.webhttp\1.2.1\lib\netstandard2.0\CoreWCF.WebHttp.dll [C:\Users\ultra\warewolf\Dev\Dev2.Activities.Tests\Dev2.Activities.Tests.csproj]
C:\Program Files\dotnet\sdk\10.0.201\Microsoft.Common.CurrentVersion.targets(2451,5): warning MSB3277:             C:\Program Files\dotnet\packs\Microsoft.NETCore.App.Ref\8.0.25\ref/net8.0/System.Configuration.dll [C:\Users\ultra\warewolf\Dev\Dev2.Activities.Tests\Dev2.Activities.Tests.csproj]
C:\Program Files\dotnet\sdk\10.0.201\Microsoft.Common.CurrentVersion.targets(2451,5): warning MSB3277:             C:\Users\ultra\.nuget\packages\prism.composition\5.0.0\lib\NET45\Microsoft.Practices.Prism.Composition.dll [C:\Users\ultra\warewolf\Dev\Dev2.Activities.Tests\Dev2.Activities.Tests.csproj]
C:\Program Files\dotnet\sdk\10.0.201\Microsoft.Common.CurrentVersion.targets(2451,5): warning MSB3277:             C:\Users\ultra\.nuget\packages\prism.unityextensions\5.0.1\lib\NET45\Microsoft.Practices.Prism.UnityExtensions.dll [C:\Users\ultra\warewolf\Dev\Dev2.Activities.Tests\Dev2.Activities.Tests.csproj]
C:\Program Files\dotnet\sdk\10.0.201\Microsoft.Common.CurrentVersion.targets(2451,5): warning MSB3277:             C:\Users\ultra\.nuget\packages\prism.wpf\9.0.537\lib\net462\Prism.Wpf.dll [C:\Users\ultra\warewolf\Dev\Dev2.Activities.Tests\Dev2.Activities.Tests.csproj]
C:\Program Files\dotnet\sdk\10.0.201\Microsoft.Common.CurrentVersion.targets(2451,5): warning MSB3277:             C:\Program Files\dotnet\packs\Microsoft.NETCore.App.Ref\8.0.25\ref/net8.0/System.Data.dll [C:\Users\ultra\warewolf\Dev\Dev2.Activities.Tests\Dev2.Activities.Tests.csproj]
C:\Program Files\dotnet\sdk\10.0.201\Microsoft.Common.CurrentVersion.targets(2451,5): warning MSB3277:             C:\Users\ultra\.nuget\packages\taskschedulereditor\2.10.1\lib\net452\Microsoft.Win32.TaskSchedulerEditor.dll [C:\Users\ultra\warewolf\Dev\Dev2.Activities.Tests\Dev2.Activities.Tests.csproj]
C:\Program Files\dotnet\sdk\10.0.201\Microsoft.Common.CurrentVersion.targets(2451,5): warning MSB3277:             C:\Program Files\dotnet\packs\Microsoft.NETCore.App.Ref\8.0.25\ref/net8.0/System.Drawing.dll [C:\Users\ultra\warewolf\Dev\Dev2.Activities.Tests\Dev2.Activities.Tests.csproj]
C:\Program Files\dotnet\sdk\10.0.201\Microsoft.Common.CurrentVersion.targets(2451,5): warning MSB3277:             C:\Users\ultra\.nuget\packages\aerowizard\2.3.1\lib\net45\AeroWizard.dll [C:\Users\ultra\warewolf\Dev\Dev2.Activities.Tests\Dev2.Activities.Tests.csproj]
C:\Program Files\dotnet\sdk\10.0.201\Microsoft.Common.CurrentVersion.targets(2451,5): warning MSB3277:             C:\Users\ultra\.nuget\packages\avalonedit\6.3.0.90\lib\net462\ICSharpCode.AvalonEdit.dll [C:\Users\ultra\warewolf\Dev\Dev2.Activities.Tests\Dev2.Activities.Tests.csproj]
C:\Program Files\dotnet\sdk\10.0.201\Microsoft.Common.CurrentVersion.targets(2451,5): warning MSB3277:             C:\Users\ultra\.nuget\packages\groupcontrols\1.9.0\lib\net45\GroupControls.dll [C:\Users\ultra\warewolf\Dev\Dev2.Activities.Tests\Dev2.Activities.Tests.csproj]
C:\Program Files\dotnet\sdk\10.0.201\Microsoft.Common.CurrentVersion.targets(2451,5): warning MSB3277:             C:\Program Files\dotnet\packs\Microsoft.NETCore.App.Ref\8.0.25\ref/net8.0/System.Net.dll [C:\Users\ultra\warewolf\Dev\Dev2.Activities.Tests\Dev2.Activities.Tests.csproj]
C:\Program Files\dotnet\sdk\10.0.201\Microsoft.Common.CurrentVersion.targets(2451,5): warning MSB3277:             C:\Program Files\dotnet\packs\Microsoft.NETCore.App.Ref\8.0.25\ref/net8.0/System.Security.dll [C:\Users\ultra\warewolf\Dev\Dev2.Activities.Tests\Dev2.Activities.Tests.csproj]
C:\Program Files\dotnet\sdk\10.0.201\Microsoft.Common.CurrentVersion.targets(2451,5): warning MSB3277:             C:\Program Files\dotnet\packs\Microsoft.NETCore.App.Ref\8.0.25\ref/net8.0/System.ServiceProcess.dll [C:\Users\ultra\warewolf\Dev\Dev2.Activities.Tests\Dev2.Activities.Tests.csproj]
C:\Program Files\dotnet\sdk\10.0.201\Microsoft.Common.CurrentVersion.targets(2451,5): warning MSB3277:             C:\Program Files\dotnet\packs\Microsoft.NETCore.App.Ref\8.0.25\ref/net8.0/System.Transactions.dll [C:\Users\ultra\warewolf\Dev\Dev2.Activities.Tests\Dev2.Activities.Tests.csproj]
C:\Program Files\dotnet\sdk\10.0.201\Microsoft.Common.CurrentVersion.targets(2451,5): warning MSB3277:             C:\Program Files\dotnet\packs\Microsoft.NETCore.App.Ref\8.0.25\ref/net8.0/System.dll [C:\Users\ultra\warewolf\Dev\Dev2.Activities.Tests\Dev2.Activities.Tests.csproj]
C:\Program Files\dotnet\sdk\10.0.201\Microsoft.Common.CurrentVersion.targets(2451,5): warning MSB3277:             C:\Users\ultra\.nuget\packages\fontawesome.wpf\4.7.0.9\lib\net40\FontAwesome.WPF.dll [C:\Users\ultra\warewolf\Dev\Dev2.Activities.Tests\Dev2.Activities.Tests.csproj]
C:\Program Files\dotnet\sdk\10.0.201\Microsoft.Common.CurrentVersion.targets(2451,5): warning MSB3277:             C:\Users\ultra\.nuget\packages\log4net.async\2.0.4\lib\net40\Log4Net.Async.dll [C:\Users\ultra\warewolf\Dev\Dev2.Activities.Tests\Dev2.Activities.Tests.csproj]
C:\Program Files\dotnet\sdk\10.0.201\Microsoft.Common.CurrentVersion.targets(2451,5): warning MSB3277:             C:\Users\ultra\.nuget\packages\microsoft.xaml.behaviors.wpf\1.1.122\lib\net462\Microsoft.Xaml.Behaviors.dll [C:\Users\ultra\warewolf\Dev\Dev2.Activities.Tests\Dev2.Activities.Tests.csproj]
C:\Program Files\dotnet\sdk\10.0.201\Microsoft.Common.CurrentVersion.targets(2451,5): warning MSB3277:             C:\Users\ultra\.nuget\packages\caliburn.micro\4.0.212\lib\netcoreapp3.1\Caliburn.Micro.Platform.dll [C:\Users\ultra\warewolf\Dev\Dev2.Activities.Tests\Dev2.Activities.Tests.csproj]
C:\Program Files\dotnet\sdk\10.0.201\Microsoft.Common.CurrentVersion.targets(2451,5): warning MSB3277:             C:\Users\ultra\.nuget\packages\prism.interactivity\5.0.0\lib\NET45\Microsoft.Practices.Prism.Interactivity.dll [C:\Users\ultra\warewolf\Dev\Dev2.Activities.Tests\Dev2.Activities.Tests.csproj]
C:\Program Files\dotnet\sdk\10.0.201\Microsoft.Common.CurrentVersion.targets(2451,5): warning MSB3277:             C:\Users\ultra\.nuget\packages\prism.mvvm\1.0.0\lib\net45\Microsoft.Practices.Prism.Mvvm.Desktop.dll [C:\Users\ultra\warewolf\Dev\Dev2.Activities.Tests\Dev2.Activities.Tests.csproj]
C:\Program Files\dotnet\sdk\10.0.201\Microsoft.Common.CurrentVersion.targets(2451,5): warning MSB3277:             C:\Users\ultra\.nuget\packages\reactiveui.wpf\18.4.1\lib\net462\ReactiveUI.Wpf.dll [C:\Users\ultra\warewolf\Dev\Dev2.Activities.Tests\Dev2.Activities.Tests.csproj]
C:\Program Files\dotnet\sdk\10.0.201\Microsoft.Common.CurrentVersion.targets(2451,5): warning MSB3277:             C:\Users\ultra\.nuget\packages\ttcue.netcore.sharepointonline.csom.16.1.8029.1200\16.1.8029.1200\lib\netcoreapp2.0\Microsoft.SharePoint.Client.Runtime.Windows.dll [C:\Users\ultra\warewolf\Dev\Dev2.Activities.Tests\Dev2.Activities.Tests.csproj]
C:\Program Files\dotnet\sdk\10.0.201\Microsoft.Common.CurrentVersion.targets(2451,5): warning MSB3277:             C:\Program Files\dotnet\packs\Microsoft.NETCore.App.Ref\8.0.25\ref/net8.0/WindowsBase.dll [C:\Users\ultra\warewolf\Dev\Dev2.Activities.Tests\Dev2.Activities.Tests.csproj]
C:\Program Files\dotnet\sdk\10.0.201\Microsoft.Common.CurrentVersion.targets(2451,5): warning MSB3277:             C:\Program Files\dotnet\packs\Microsoft.NETCore.App.Ref\8.0.25\ref/net8.0/mscorlib.dll [C:\Users\ultra\warewolf\Dev\Dev2.Activities.Tests\Dev2.Activities.Tests.csproj]
C:\Program Files\dotnet\sdk\10.0.201\Microsoft.Common.CurrentVersion.targets(2451,5): warning MSB3277:             C:\Users\ultra\.nuget\packages\hangfire.core\1.7.32\lib\netstandard2.0\Hangfire.Core.dll [C:\Users\ultra\warewolf\Dev\Dev2.Activities.Tests\Dev2.Activities.Tests.csproj]
C:\Program Files\dotnet\sdk\10.0.201\Microsoft.Common.CurrentVersion.targets(2451,5): warning MSB3277:             C:\Users\ultra\.nuget\packages\hangfire.aspnetcore\1.7.32\lib\netcoreapp3.0\Hangfire.AspNetCore.dll [C:\Users\ultra\warewolf\Dev\Dev2.Activities.Tests\Dev2.Activities.Tests.csproj]
C:\Program Files\dotnet\sdk\10.0.201\Microsoft.Common.CurrentVersion.targets(2451,5): warning MSB3277:             C:\Users\ultra\.nuget\packages\hangfire.sqlserver\1.7.32\lib\netstandard2.0\Hangfire.SqlServer.dll [C:\Users\ultra\warewolf\Dev\Dev2.Activities.Tests\Dev2.Activities.Tests.csproj]
C:\Program Files\dotnet\sdk\10.0.201\Microsoft.Common.CurrentVersion.targets(2451,5): warning MSB3277:             C:\Users\ultra\.nuget\packages\microsoft.codecoverage\17.13.0\lib\netcoreapp3.1\Microsoft.VisualStudio.CodeCoverage.Shim.dll [C:\Users\ultra\warewolf\Dev\Dev2.Activities.Tests\Dev2.Activities.Tests.csproj]
C:\Program Files\dotnet\sdk\10.0.201\Microsoft.Common.CurrentVersion.targets(2451,5): warning MSB3277:             C:\Users\ultra\.nuget\packages\unofficial.microsoft.mshtml\7.0.3300\lib\net40\Microsoft.mshtml.dll [C:\Users\ultra\warewolf\Dev\Dev2.Activities.Tests\Dev2.Activities.Tests.csproj]
C:\Program Files\dotnet\sdk\10.0.201\Microsoft.Common.CurrentVersion.targets(2451,5): warning MSB3277:         C:\Program Files\dotnet\packs\Microsoft.NETCore.App.Ref\8.0.25\ref\net8.0\System.Drawing.dll [C:\Users\ultra\warewolf\Dev\Dev2.Activities.Tests\Dev2.Activities.Tests.csproj]
C:\Program Files\dotnet\sdk\10.0.201\Microsoft.Common.CurrentVersion.targets(2451,5): warning MSB3277:           Project file item includes which caused reference "C:\Program Files\dotnet\packs\Microsoft.NETCore.App.Ref\8.0.25\ref\net8.0\System.Drawing.dll". [C:\Users\ultra\warewolf\Dev\Dev2.Activities.Tests\Dev2.Activities.Tests.csproj]
C:\Program Files\dotnet\sdk\10.0.201\Microsoft.Common.CurrentVersion.targets(2451,5): warning MSB3277:             C:\Program Files\dotnet\packs\Microsoft.NETCore.App.Ref\8.0.25\ref/net8.0/System.Drawing.dll [C:\Users\ultra\warewolf\Dev\Dev2.Activities.Tests\Dev2.Activities.Tests.csproj]
C:\Program Files\dotnet\sdk\10.0.201\Microsoft.Common.CurrentVersion.targets(2451,5): warning MSB3277:             C:\Users\ultra\.nuget\packages\aerowizard\2.3.1\lib\net45\AeroWizard.dll [C:\Users\ultra\warewolf\Dev\Dev2.Activities.Tests\Dev2.Activities.Tests.csproj]
C:\Program Files\dotnet\sdk\10.0.201\Microsoft.Common.CurrentVersion.targets(2451,5): warning MSB3277:             C:\Users\ultra\.nuget\packages\avalonedit\6.3.0.90\lib\net462\ICSharpCode.AvalonEdit.dll [C:\Users\ultra\warewolf\Dev\Dev2.Activities.Tests\Dev2.Activities.Tests.csproj]
C:\Program Files\dotnet\sdk\10.0.201\Microsoft.Common.CurrentVersion.targets(2451,5): warning MSB3277:             C:\Users\ultra\.nuget\packages\groupcontrols\1.9.0\lib\net45\GroupControls.dll [C:\Users\ultra\warewolf\Dev\Dev2.Activities.Tests\Dev2.Activities.Tests.csproj]
C:\Program Files\dotnet\sdk\10.0.201\Microsoft.Common.CurrentVersion.targets(2451,5): warning MSB3277:             C:\Users\ultra\.nuget\packages\taskschedulereditor\2.10.1\lib\net452\Microsoft.Win32.TaskSchedulerEditor.dll [C:\Users\ultra\warewolf\Dev\Dev2.Activities.Tests\Dev2.Activities.Tests.csproj]
C:\Program Files\dotnet\sdk\10.0.201\Microsoft.Common.CurrentVersion.targets(2451,5): warning MSB3277: Found conflicts between different versions of "WindowsBase" that could not be resolved. [C:\Users\ultra\warewolf\Dev\TestBase\TestBase.csproj]
C:\Program Files\dotnet\sdk\10.0.201\Microsoft.Common.CurrentVersion.targets(2451,5): warning MSB3277: There was a conflict between "WindowsBase, Version=4.0.0.0, Culture=neutral, PublicKeyToken=31bf3856ad364e35" and "WindowsBase, Version=6.0.2.0, Culture=neutral, PublicKeyToken=31bf3856ad364e35". [C:\Users\ultra\warewolf\Dev\TestBase\TestBase.csproj]
C:\Program Files\dotnet\sdk\10.0.201\Microsoft.Common.CurrentVersion.targets(2451,5): warning MSB3277:     "WindowsBase, Version=4.0.0.0, Culture=neutral, PublicKeyToken=31bf3856ad364e35" was chosen because it was primary and "WindowsBase, Version=6.0.2.0, Culture=neutral, PublicKeyToken=31bf3856ad364e35" was not. [C:\Users\ultra\warewolf\Dev\TestBase\TestBase.csproj]
C:\Program Files\dotnet\sdk\10.0.201\Microsoft.Common.CurrentVersion.targets(2451,5): warning MSB3277:     References which depend on "WindowsBase, Version=4.0.0.0, Culture=neutral, PublicKeyToken=31bf3856ad364e35" [C:\Program Files\dotnet\packs\Microsoft.NETCore.App.Ref\8.0.25\ref\net8.0\WindowsBase.dll]. [C:\Users\ultra\warewolf\Dev\TestBase\TestBase.csproj]
C:\Program Files\dotnet\sdk\10.0.201\Microsoft.Common.CurrentVersion.targets(2451,5): warning MSB3277:         C:\Program Files\dotnet\packs\Microsoft.NETCore.App.Ref\8.0.25\ref\net8.0\WindowsBase.dll [C:\Users\ultra\warewolf\Dev\TestBase\TestBase.csproj]
C:\Program Files\dotnet\sdk\10.0.201\Microsoft.Common.CurrentVersion.targets(2451,5): warning MSB3277:           Project file item includes which caused reference "C:\Program Files\dotnet\packs\Microsoft.NETCore.App.Ref\8.0.25\ref\net8.0\WindowsBase.dll". [C:\Users\ultra\warewolf\Dev\TestBase\TestBase.csproj]
C:\Program Files\dotnet\sdk\10.0.201\Microsoft.Common.CurrentVersion.targets(2451,5): warning MSB3277:             C:\Program Files\dotnet\packs\Microsoft.NETCore.App.Ref\8.0.25\ref/net8.0/WindowsBase.dll [C:\Users\ultra\warewolf\Dev\TestBase\TestBase.csproj]
C:\Program Files\dotnet\sdk\10.0.201\Microsoft.Common.CurrentVersion.targets(2451,5): warning MSB3277:     References which depend on or have been unified to "WindowsBase, Version=6.0.2.0, Culture=neutral, PublicKeyToken=31bf3856ad364e35" []. [C:\Users\ultra\warewolf\Dev\TestBase\TestBase.csproj]
C:\Program Files\dotnet\sdk\10.0.201\Microsoft.Common.CurrentVersion.targets(2451,5): warning MSB3277:         C:\Users\ultra\.nuget\packages\avalonedit\6.3.0.90\lib\net462\ICSharpCode.AvalonEdit.dll [C:\Users\ultra\warewolf\Dev\TestBase\TestBase.csproj]
C:\Program Files\dotnet\sdk\10.0.201\Microsoft.Common.CurrentVersion.targets(2451,5): warning MSB3277:           Project file item includes which caused reference "C:\Users\ultra\.nuget\packages\avalonedit\6.3.0.90\lib\net462\ICSharpCode.AvalonEdit.dll". [C:\Users\ultra\warewolf\Dev\TestBase\TestBase.csproj]
C:\Program Files\dotnet\sdk\10.0.201\Microsoft.Common.CurrentVersion.targets(2451,5): warning MSB3277:             C:\Users\ultra\.nuget\packages\avalonedit\6.3.0.90\lib\net462\ICSharpCode.AvalonEdit.dll [C:\Users\ultra\warewolf\Dev\TestBase\TestBase.csproj]
C:\Program Files\dotnet\sdk\10.0.201\Microsoft.Common.CurrentVersion.targets(2451,5): warning MSB3277:         C:\Users\ultra\.nuget\packages\caliburn.micro\4.0.212\lib\netcoreapp3.1\Caliburn.Micro.Platform.dll [C:\Users\ultra\warewolf\Dev\TestBase\TestBase.csproj]
C:\Program Files\dotnet\sdk\10.0.201\Microsoft.Common.CurrentVersion.targets(2451,5): warning MSB3277:           Project file item includes which caused reference "C:\Users\ultra\.nuget\packages\caliburn.micro\4.0.212\lib\netcoreapp3.1\Caliburn.Micro.Platform.dll". [C:\Users\ultra\warewolf\Dev\TestBase\TestBase.csproj]
C:\Program Files\dotnet\sdk\10.0.201\Microsoft.Common.CurrentVersion.targets(2451,5): warning MSB3277:             C:\Users\ultra\.nuget\packages\caliburn.micro\4.0.212\lib\netcoreapp3.1\Caliburn.Micro.Platform.dll [C:\Users\ultra\warewolf\Dev\TestBase\TestBase.csproj]
C:\Program Files\dotnet\sdk\10.0.201\Microsoft.Common.CurrentVersion.targets(2451,5): warning MSB3277:         C:\Users\ultra\.nuget\packages\extended.wpf.toolkit\4.4.0\lib\net5.0\Xceed.Wpf.AvalonDock.NET5.dll [C:\Users\ultra\warewolf\Dev\TestBase\TestBase.csproj]
C:\Program Files\dotnet\sdk\10.0.201\Microsoft.Common.CurrentVersion.targets(2451,5): warning MSB3277:           Project file item includes which caused reference "C:\Users\ultra\.nuget\packages\extended.wpf.toolkit\4.4.0\lib\net5.0\Xceed.Wpf.AvalonDock.NET5.dll". [C:\Users\ultra\warewolf\Dev\TestBase\TestBase.csproj]
C:\Program Files\dotnet\sdk\10.0.201\Microsoft.Common.CurrentVersion.targets(2451,5): warning MSB3277:             C:\Users\ultra\.nuget\packages\extended.wpf.toolkit\4.4.0\lib\net5.0\Xceed.Wpf.AvalonDock.NET5.dll [C:\Users\ultra\warewolf\Dev\TestBase\TestBase.csproj]
C:\Program Files\dotnet\sdk\10.0.201\Microsoft.Common.CurrentVersion.targets(2451,5): warning MSB3277:             C:\Users\ultra\.nuget\packages\extended.wpf.toolkit\4.4.0\lib\net5.0\Xceed.Wpf.AvalonDock.Themes.Aero.NET5.dll [C:\Users\ultra\warewolf\Dev\TestBase\TestBase.csproj]
C:\Program Files\dotnet\sdk\10.0.201\Microsoft.Common.CurrentVersion.targets(2451,5): warning MSB3277:             C:\Users\ultra\.nuget\packages\extended.wpf.toolkit\4.4.0\lib\net5.0\Xceed.Wpf.AvalonDock.Themes.Metro.NET5.dll [C:\Users\ultra\warewolf\Dev\TestBase\TestBase.csproj]
C:\Program Files\dotnet\sdk\10.0.201\Microsoft.Common.CurrentVersion.targets(2451,5): warning MSB3277:             C:\Users\ultra\.nuget\packages\extended.wpf.toolkit\4.4.0\lib\net5.0\Xceed.Wpf.AvalonDock.Themes.VS2010.NET5.dll [C:\Users\ultra\warewolf\Dev\TestBase\TestBase.csproj]
C:\Program Files\dotnet\sdk\10.0.201\Microsoft.Common.CurrentVersion.targets(2451,5): warning MSB3277:         C:\Users\ultra\.nuget\packages\extended.wpf.toolkit\4.4.0\lib\net5.0\Xceed.Wpf.AvalonDock.Themes.Aero.NET5.dll [C:\Users\ultra\warewolf\Dev\TestBase\TestBase.csproj]
C:\Program Files\dotnet\sdk\10.0.201\Microsoft.Common.CurrentVersion.targets(2451,5): warning MSB3277:           Project file item includes which caused reference "C:\Users\ultra\.nuget\packages\extended.wpf.toolkit\4.4.0\lib\net5.0\Xceed.Wpf.AvalonDock.Themes.Aero.NET5.dll". [C:\Users\ultra\warewolf\Dev\TestBase\TestBase.csproj]
C:\Program Files\dotnet\sdk\10.0.201\Microsoft.Common.CurrentVersion.targets(2451,5): warning MSB3277:             C:\Users\ultra\.nuget\packages\extended.wpf.toolkit\4.4.0\lib\net5.0\Xceed.Wpf.AvalonDock.Themes.Aero.NET5.dll [C:\Users\ultra\warewolf\Dev\TestBase\TestBase.csproj]
C:\Program Files\dotnet\sdk\10.0.201\Microsoft.Common.CurrentVersion.targets(2451,5): warning MSB3277:         C:\Users\ultra\.nuget\packages\extended.wpf.toolkit\4.4.0\lib\net5.0\Xceed.Wpf.Toolkit.NET5.dll [C:\Users\ultra\warewolf\Dev\TestBase\TestBase.csproj]
C:\Program Files\dotnet\sdk\10.0.201\Microsoft.Common.CurrentVersion.targets(2451,5): warning MSB3277:           Project file item includes which caused reference "C:\Users\ultra\.nuget\packages\extended.wpf.toolkit\4.4.0\lib\net5.0\Xceed.Wpf.Toolkit.NET5.dll". [C:\Users\ultra\warewolf\Dev\TestBase\TestBase.csproj]
C:\Program Files\dotnet\sdk\10.0.201\Microsoft.Common.CurrentVersion.targets(2451,5): warning MSB3277:             C:\Users\ultra\.nuget\packages\extended.wpf.toolkit\4.4.0\lib\net5.0\Xceed.Wpf.Toolkit.NET5.dll [C:\Users\ultra\warewolf\Dev\TestBase\TestBase.csproj]
C:\Program Files\dotnet\sdk\10.0.201\Microsoft.Common.CurrentVersion.targets(2451,5): warning MSB3277:         C:\Users\ultra\.nuget\packages\fontawesome.wpf\4.7.0.9\lib\net40\FontAwesome.WPF.dll [C:\Users\ultra\warewolf\Dev\TestBase\TestBase.csproj]
C:\Program Files\dotnet\sdk\10.0.201\Microsoft.Common.CurrentVersion.targets(2451,5): warning MSB3277:           Project file item includes which caused reference "C:\Users\ultra\.nuget\packages\fontawesome.wpf\4.7.0.9\lib\net40\FontAwesome.WPF.dll". [C:\Users\ultra\warewolf\Dev\TestBase\TestBase.csproj]
C:\Program Files\dotnet\sdk\10.0.201\Microsoft.Common.CurrentVersion.targets(2451,5): warning MSB3277:             C:\Users\ultra\.nuget\packages\fontawesome.wpf\4.7.0.9\lib\net40\FontAwesome.WPF.dll [C:\Users\ultra\warewolf\Dev\TestBase\TestBase.csproj]
C:\Program Files\dotnet\sdk\10.0.201\Microsoft.Common.CurrentVersion.targets(2451,5): warning MSB3277:         C:\Users\ultra\.nuget\packages\ironpython\3.4.0\lib\net6.0\IronPython.Wpf.dll [C:\Users\ultra\warewolf\Dev\TestBase\TestBase.csproj]
C:\Program Files\dotnet\sdk\10.0.201\Microsoft.Common.CurrentVersion.targets(2451,5): warning MSB3277:           Project file item includes which caused reference "C:\Users\ultra\.nuget\packages\ironpython\3.4.0\lib\net6.0\IronPython.Wpf.dll". [C:\Users\ultra\warewolf\Dev\TestBase\TestBase.csproj]
C:\Program Files\dotnet\sdk\10.0.201\Microsoft.Common.CurrentVersion.targets(2451,5): warning MSB3277:             C:\Users\ultra\.nuget\packages\ironpython\3.4.0\lib\net6.0\IronPython.Wpf.dll [C:\Users\ultra\warewolf\Dev\TestBase\TestBase.csproj]
C:\Program Files\dotnet\sdk\10.0.201\Microsoft.Common.CurrentVersion.targets(2451,5): warning MSB3277:         C:\Users\ultra\.nuget\packages\microsoft.xaml.behaviors.wpf\1.1.122\lib\net462\Microsoft.Xaml.Behaviors.dll [C:\Users\ultra\warewolf\Dev\TestBase\TestBase.csproj]
C:\Program Files\dotnet\sdk\10.0.201\Microsoft.Common.CurrentVersion.targets(2451,5): warning MSB3277:           Project file item includes which caused reference "C:\Users\ultra\.nuget\packages\microsoft.xaml.behaviors.wpf\1.1.122\lib\net462\Microsoft.Xaml.Behaviors.dll". [C:\Users\ultra\warewolf\Dev\TestBase\TestBase.csproj]
C:\Program Files\dotnet\sdk\10.0.201\Microsoft.Common.CurrentVersion.targets(2451,5): warning MSB3277:             C:\Users\ultra\.nuget\packages\microsoft.xaml.behaviors.wpf\1.1.122\lib\net462\Microsoft.Xaml.Behaviors.dll [C:\Users\ultra\warewolf\Dev\TestBase\TestBase.csproj]
C:\Program Files\dotnet\sdk\10.0.201\Microsoft.Common.CurrentVersion.targets(2451,5): warning MSB3277:             C:\Users\ultra\.nuget\packages\caliburn.micro\4.0.212\lib\netcoreapp3.1\Caliburn.Micro.Platform.dll [C:\Users\ultra\warewolf\Dev\TestBase\TestBase.csproj]
C:\Program Files\dotnet\sdk\10.0.201\Microsoft.Common.CurrentVersion.targets(2451,5): warning MSB3277:             C:\Users\ultra\.nuget\packages\prism.wpf\9.0.537\lib\net462\Prism.Wpf.dll [C:\Users\ultra\warewolf\Dev\TestBase\TestBase.csproj]
C:\Program Files\dotnet\sdk\10.0.201\Microsoft.Common.CurrentVersion.targets(2451,5): warning MSB3277:         C:\Users\ultra\.nuget\packages\prism.composition\5.0.0\lib\NET45\Microsoft.Practices.Prism.Composition.dll [C:\Users\ultra\warewolf\Dev\TestBase\TestBase.csproj]
C:\Program Files\dotnet\sdk\10.0.201\Microsoft.Common.CurrentVersion.targets(2451,5): warning MSB3277:           Project file item includes which caused reference "C:\Users\ultra\.nuget\packages\prism.composition\5.0.0\lib\NET45\Microsoft.Practices.Prism.Composition.dll". [C:\Users\ultra\warewolf\Dev\TestBase\TestBase.csproj]
C:\Program Files\dotnet\sdk\10.0.201\Microsoft.Common.CurrentVersion.targets(2451,5): warning MSB3277:             C:\Users\ultra\.nuget\packages\prism.composition\5.0.0\lib\NET45\Microsoft.Practices.Prism.Composition.dll [C:\Users\ultra\warewolf\Dev\TestBase\TestBase.csproj]
C:\Program Files\dotnet\sdk\10.0.201\Microsoft.Common.CurrentVersion.targets(2451,5): warning MSB3277:             C:\Users\ultra\.nuget\packages\prism.unityextensions\5.0.1\lib\NET45\Microsoft.Practices.Prism.UnityExtensions.dll [C:\Users\ultra\warewolf\Dev\TestBase\TestBase.csproj]
C:\Program Files\dotnet\sdk\10.0.201\Microsoft.Common.CurrentVersion.targets(2451,5): warning MSB3277:         C:\Users\ultra\.nuget\packages\prism.interactivity\5.0.0\lib\NET45\Microsoft.Practices.Prism.Interactivity.dll [C:\Users\ultra\warewolf\Dev\TestBase\TestBase.csproj]
C:\Program Files\dotnet\sdk\10.0.201\Microsoft.Common.CurrentVersion.targets(2451,5): warning MSB3277:           Project file item includes which caused reference "C:\Users\ultra\.nuget\packages\prism.interactivity\5.0.0\lib\NET45\Microsoft.Practices.Prism.Interactivity.dll". [C:\Users\ultra\warewolf\Dev\TestBase\TestBase.csproj]
C:\Program Files\dotnet\sdk\10.0.201\Microsoft.Common.CurrentVersion.targets(2451,5): warning MSB3277:             C:\Users\ultra\.nuget\packages\prism.interactivity\5.0.0\lib\NET45\Microsoft.Practices.Prism.Interactivity.dll [C:\Users\ultra\warewolf\Dev\TestBase\TestBase.csproj]
C:\Program Files\dotnet\sdk\10.0.201\Microsoft.Common.CurrentVersion.targets(2451,5): warning MSB3277:         C:\Users\ultra\.nuget\packages\prism.mvvm\1.0.0\lib\net45\Microsoft.Practices.Prism.Mvvm.Desktop.dll [C:\Users\ultra\warewolf\Dev\TestBase\TestBase.csproj]
C:\Program Files\dotnet\sdk\10.0.201\Microsoft.Common.CurrentVersion.targets(2451,5): warning MSB3277:           Project file item includes which caused reference "C:\Users\ultra\.nuget\packages\prism.mvvm\1.0.0\lib\net45\Microsoft.Practices.Prism.Mvvm.Desktop.dll". [C:\Users\ultra\warewolf\Dev\TestBase\TestBase.csproj]
C:\Program Files\dotnet\sdk\10.0.201\Microsoft.Common.CurrentVersion.targets(2451,5): warning MSB3277:             C:\Users\ultra\.nuget\packages\prism.mvvm\1.0.0\lib\net45\Microsoft.Practices.Prism.Mvvm.Desktop.dll [C:\Users\ultra\warewolf\Dev\TestBase\TestBase.csproj]
C:\Program Files\dotnet\sdk\10.0.201\Microsoft.Common.CurrentVersion.targets(2451,5): warning MSB3277:         C:\Users\ultra\.nuget\packages\prism.unityextensions\5.0.1\lib\NET45\Microsoft.Practices.Prism.UnityExtensions.dll [C:\Users\ultra\warewolf\Dev\TestBase\TestBase.csproj]
C:\Program Files\dotnet\sdk\10.0.201\Microsoft.Common.CurrentVersion.targets(2451,5): warning MSB3277:           Project file item includes which caused reference "C:\Users\ultra\.nuget\packages\prism.unityextensions\5.0.1\lib\NET45\Microsoft.Practices.Prism.UnityExtensions.dll". [C:\Users\ultra\warewolf\Dev\TestBase\TestBase.csproj]
C:\Program Files\dotnet\sdk\10.0.201\Microsoft.Common.CurrentVersion.targets(2451,5): warning MSB3277:             C:\Users\ultra\.nuget\packages\prism.unityextensions\5.0.1\lib\NET45\Microsoft.Practices.Prism.UnityExtensions.dll [C:\Users\ultra\warewolf\Dev\TestBase\TestBase.csproj]
C:\Program Files\dotnet\sdk\10.0.201\Microsoft.Common.CurrentVersion.targets(2451,5): warning MSB3277:         C:\Users\ultra\.nuget\packages\prism.wpf\9.0.537\lib\net462\Prism.Wpf.dll [C:\Users\ultra\warewolf\Dev\TestBase\TestBase.csproj]
C:\Program Files\dotnet\sdk\10.0.201\Microsoft.Common.CurrentVersion.targets(2451,5): warning MSB3277:           Project file item includes which caused reference "C:\Users\ultra\.nuget\packages\prism.wpf\9.0.537\lib\net462\Prism.Wpf.dll". [C:\Users\ultra\warewolf\Dev\TestBase\TestBase.csproj]
C:\Program Files\dotnet\sdk\10.0.201\Microsoft.Common.CurrentVersion.targets(2451,5): warning MSB3277:             C:\Users\ultra\.nuget\packages\prism.wpf\9.0.537\lib\net462\Prism.Wpf.dll [C:\Users\ultra\warewolf\Dev\TestBase\TestBase.csproj]
C:\Program Files\dotnet\sdk\10.0.201\Microsoft.Common.CurrentVersion.targets(2451,5): warning MSB3277:         C:\Users\ultra\.nuget\packages\reactiveui.wpf\18.4.1\lib\net462\ReactiveUI.Wpf.dll [C:\Users\ultra\warewolf\Dev\TestBase\TestBase.csproj]
C:\Program Files\dotnet\sdk\10.0.201\Microsoft.Common.CurrentVersion.targets(2451,5): warning MSB3277:           Project file item includes which caused reference "C:\Users\ultra\.nuget\packages\reactiveui.wpf\18.4.1\lib\net462\ReactiveUI.Wpf.dll". [C:\Users\ultra\warewolf\Dev\TestBase\TestBase.csproj]
C:\Program Files\dotnet\sdk\10.0.201\Microsoft.Common.CurrentVersion.targets(2451,5): warning MSB3277:             C:\Users\ultra\.nuget\packages\reactiveui.wpf\18.4.1\lib\net462\ReactiveUI.Wpf.dll [C:\Users\ultra\warewolf\Dev\TestBase\TestBase.csproj]
C:\Program Files\dotnet\sdk\10.0.201\Microsoft.Common.CurrentVersion.targets(2451,5): warning MSB3277: Found conflicts between different versions of "System.Drawing.Common" that could not be resolved. [C:\Users\ultra\warewolf\Dev\TestBase\TestBase.csproj]
C:\Program Files\dotnet\sdk\10.0.201\Microsoft.Common.CurrentVersion.targets(2451,5): warning MSB3277: There was a conflict between "System.Drawing.Common, Version=6.0.0.0, Culture=neutral, PublicKeyToken=cc7b13ffcd2ddd51" and "System.Drawing.Common, Version=8.0.0.0, Culture=neutral, PublicKeyToken=cc7b13ffcd2ddd51". [C:\Users\ultra\warewolf\Dev\TestBase\TestBase.csproj]
C:\Program Files\dotnet\sdk\10.0.201\Microsoft.Common.CurrentVersion.targets(2451,5): warning MSB3277:     "System.Drawing.Common, Version=6.0.0.0, Culture=neutral, PublicKeyToken=cc7b13ffcd2ddd51" was chosen because it was primary and "System.Drawing.Common, Version=8.0.0.0, Culture=neutral, PublicKeyToken=cc7b13ffcd2ddd51" was not. [C:\Users\ultra\warewolf\Dev\TestBase\TestBase.csproj]
C:\Program Files\dotnet\sdk\10.0.201\Microsoft.Common.CurrentVersion.targets(2451,5): warning MSB3277:     References which depend on "System.Drawing.Common, Version=6.0.0.0, Culture=neutral, PublicKeyToken=cc7b13ffcd2ddd51" [C:\Users\ultra\.nuget\packages\system.drawing.common\6.0.0\lib\net6.0\System.Drawing.Common.dll]. [C:\Users\ultra\warewolf\Dev\TestBase\TestBase.csproj]
C:\Program Files\dotnet\sdk\10.0.201\Microsoft.Common.CurrentVersion.targets(2451,5): warning MSB3277:         C:\Users\ultra\.nuget\packages\system.drawing.common\6.0.0\lib\net6.0\System.Drawing.Common.dll [C:\Users\ultra\warewolf\Dev\TestBase\TestBase.csproj]
C:\Program Files\dotnet\sdk\10.0.201\Microsoft.Common.CurrentVersion.targets(2451,5): warning MSB3277:           Project file item includes which caused reference "C:\Users\ultra\.nuget\packages\system.drawing.common\6.0.0\lib\net6.0\System.Drawing.Common.dll". [C:\Users\ultra\warewolf\Dev\TestBase\TestBase.csproj]
C:\Program Files\dotnet\sdk\10.0.201\Microsoft.Common.CurrentVersion.targets(2451,5): warning MSB3277:             C:\Users\ultra\.nuget\packages\system.drawing.common\6.0.0\lib\net6.0\System.Drawing.Common.dll [C:\Users\ultra\warewolf\Dev\TestBase\TestBase.csproj]
C:\Program Files\dotnet\sdk\10.0.201\Microsoft.Common.CurrentVersion.targets(2451,5): warning MSB3277:     References which depend on or have been unified to "System.Drawing.Common, Version=8.0.0.0, Culture=neutral, PublicKeyToken=cc7b13ffcd2ddd51" []. [C:\Users\ultra\warewolf\Dev\TestBase\TestBase.csproj]
C:\Program Files\dotnet\sdk\10.0.201\Microsoft.Common.CurrentVersion.targets(2451,5): warning MSB3277:         C:\Users\ultra\.nuget\packages\servicestack\6.3.0\lib\net6.0\ServiceStack.dll [C:\Users\ultra\warewolf\Dev\TestBase\TestBase.csproj]
C:\Program Files\dotnet\sdk\10.0.201\Microsoft.Common.CurrentVersion.targets(2451,5): warning MSB3277:           Project file item includes which caused reference "C:\Users\ultra\.nuget\packages\servicestack\6.3.0\lib\net6.0\ServiceStack.dll". [C:\Users\ultra\warewolf\Dev\TestBase\TestBase.csproj]
C:\Program Files\dotnet\sdk\10.0.201\Microsoft.Common.CurrentVersion.targets(2451,5): warning MSB3277:             C:\Users\ultra\.nuget\packages\servicestack\6.3.0\lib\net6.0\ServiceStack.dll [C:\Users\ultra\warewolf\Dev\TestBase\TestBase.csproj]
C:\Program Files\dotnet\sdk\10.0.201\Microsoft.Common.CurrentVersion.targets(2451,5): warning MSB3277:         C:\Users\ultra\.nuget\packages\system.windows.extensions\8.0.0\lib\net8.0\System.Windows.Extensions.dll [C:\Users\ultra\warewolf\Dev\TestBase\TestBase.csproj]
C:\Program Files\dotnet\sdk\10.0.201\Microsoft.Common.CurrentVersion.targets(2451,5): warning MSB3277:           Project file item includes which caused reference "C:\Users\ultra\.nuget\packages\system.windows.extensions\8.0.0\lib\net8.0\System.Windows.Extensions.dll". [C:\Users\ultra\warewolf\Dev\TestBase\TestBase.csproj]
C:\Program Files\dotnet\sdk\10.0.201\Microsoft.Common.CurrentVersion.targets(2451,5): warning MSB3277:             C:\Users\ultra\.nuget\packages\system.windows.extensions\8.0.0\lib\net8.0\System.Windows.Extensions.dll [C:\Users\ultra\warewolf\Dev\TestBase\TestBase.csproj]
C:\Program Files\dotnet\sdk\10.0.201\Microsoft.Common.CurrentVersion.targets(2451,5): warning MSB3277:             C:\Users\ultra\.nuget\packages\extended.wpf.toolkit\4.4.0\lib\net5.0\Xceed.Wpf.Toolkit.NET5.dll [C:\Users\ultra\warewolf\Dev\TestBase\TestBase.csproj]
C:\Program Files\dotnet\sdk\10.0.201\Microsoft.Common.CurrentVersion.targets(2451,5): warning MSB3277:             C:\Users\ultra\.nuget\packages\system.security.permissions\8.0.0\lib\net8.0\System.Security.Permissions.dll [C:\Users\ultra\warewolf\Dev\TestBase\TestBase.csproj]
C:\Program Files\dotnet\sdk\10.0.201\Microsoft.Common.CurrentVersion.targets(2451,5): warning MSB3277:             C:\Users\ultra\warewolf\Dev\Dev2.Data\bin\Debug\net8.0\Dev2.Data.dll [C:\Users\ultra\warewolf\Dev\TestBase\TestBase.csproj]
C:\Program Files\dotnet\sdk\10.0.201\Microsoft.Common.CurrentVersion.targets(2451,5): warning MSB3277:             C:\Users\ultra\warewolf\Dev\Dev2.Studio.Core\bin\Debug\net8.0\Dev2.Studio.Core.dll [C:\Users\ultra\warewolf\Dev\TestBase\TestBase.csproj]
C:\Program Files\dotnet\sdk\10.0.201\Microsoft.Common.CurrentVersion.targets(2451,5): warning MSB3277:             C:\Users\ultra\warewolf\Dev\Dev2.Studio.Interfaces\bin\Debug\net8.0\Dev2.Studio.Interfaces.dll [C:\Users\ultra\warewolf\Dev\TestBase\TestBase.csproj]
C:\Program Files\dotnet\sdk\10.0.201\Microsoft.Common.CurrentVersion.targets(2451,5): warning MSB3277:             C:\Users\ultra\warewolf\Dev\Dev2.Activities\bin\Debug\net8.0\Dev2.Activities.dll [C:\Users\ultra\warewolf\Dev\TestBase\TestBase.csproj]
C:\Program Files\dotnet\sdk\10.0.201\Microsoft.Common.CurrentVersion.targets(2451,5): warning MSB3277:             C:\Users\ultra\warewolf\Dev\Dev2.Core\bin\Debug\net8.0\Dev2.Core.dll [C:\Users\ultra\warewolf\Dev\TestBase\TestBase.csproj]
C:\Program Files\dotnet\sdk\10.0.201\Microsoft.Common.CurrentVersion.targets(2451,5): warning MSB3277:             C:\Users\ultra\warewolf\Dev\Dev2.Diagnostics.Tests\bin\Debug\net8.0\Dev2.Diagnostics.Tests.dll [C:\Users\ultra\warewolf\Dev\TestBase\TestBase.csproj]
C:\Program Files\dotnet\sdk\10.0.201\Microsoft.Common.CurrentVersion.targets(2451,5): warning MSB3277:             C:\Users\ultra\warewolf\Dev\Dev2.Infrastructure.Tests\bin\Debug\net8.0\Dev2.Infrastructure.Tests.dll [C:\Users\ultra\warewolf\Dev\TestBase\TestBase.csproj]
C:\Program Files\dotnet\sdk\10.0.201\Microsoft.Common.CurrentVersion.targets(2451,5): warning MSB3277:             C:\Users\ultra\warewolf\Dev\Dev2.Intellisense\bin\Debug\net8.0\Dev2.Intellisense.dll [C:\Users\ultra\warewolf\Dev\TestBase\TestBase.csproj]
C:\Program Files\dotnet\sdk\10.0.201\Microsoft.Common.CurrentVersion.targets(2451,5): warning MSB3277:             C:\Users\ultra\warewolf\Dev\Dev2.Runtime\bin\Debug\net8.0\Dev2.Runtime.dll [C:\Users\ultra\warewolf\Dev\TestBase\TestBase.csproj]
C:\Program Files\dotnet\sdk\10.0.201\Microsoft.Common.CurrentVersion.targets(2451,5): warning MSB3277:             C:\Users\ultra\warewolf\Dev\Dev2.Runtime.Services\bin\Debug\net8.0\Dev2.Runtime.Services.dll [C:\Users\ultra\warewolf\Dev\TestBase\TestBase.csproj]
C:\Program Files\dotnet\sdk\10.0.201\Microsoft.Common.CurrentVersion.targets(2451,5): warning MSB3277:             C:\Users\ultra\warewolf\Dev\Dev2.Runtime.WebServer\bin\Debug\net8.0\Dev2.Runtime.WebServer.dll [C:\Users\ultra\warewolf\Dev\TestBase\TestBase.csproj]
C:\Program Files\dotnet\sdk\10.0.201\Microsoft.Common.CurrentVersion.targets(2451,5): warning MSB3277:             C:\Users\ultra\warewolf\Dev\Dev2.Scheduler\bin\Debug\net8.0\Dev2.Scheduler.dll [C:\Users\ultra\warewolf\Dev\TestBase\TestBase.csproj]
C:\Program Files\dotnet\sdk\10.0.201\Microsoft.Common.CurrentVersion.targets(2451,5): warning MSB3277:             C:\Users\ultra\warewolf\Dev\Dev2.Services.Execution\bin\Debug\net8.0\Dev2.Services.Execution.dll [C:\Users\ultra\warewolf\Dev\TestBase\TestBase.csproj]
C:\Program Files\dotnet\sdk\10.0.201\Microsoft.Common.CurrentVersion.targets(2451,5): warning MSB3277:             C:\Users\ultra\warewolf\Dev\Warewolf.HangfireServer\bin\Debug\net8.0\HangfireServer.dll [C:\Users\ultra\warewolf\Dev\TestBase\TestBase.csproj]
C:\Program Files\dotnet\sdk\10.0.201\Microsoft.Common.CurrentVersion.targets(2451,5): warning MSB3277:             C:\Users\ultra\warewolf\Dev\Warewolf.QueueWorker\bin\Debug\net8.0\QueueWorker.dll [C:\Users\ultra\warewolf\Dev\TestBase\TestBase.csproj]
C:\Program Files\dotnet\sdk\10.0.201\Microsoft.Common.CurrentVersion.targets(2451,5): warning MSB3277:             C:\Users\ultra\warewolf\Dev\Dev2.Server\bin\Debug\net8.0\Warewolf Server.dll [C:\Users\ultra\warewolf\Dev\TestBase\TestBase.csproj]
C:\Program Files\dotnet\sdk\10.0.201\Microsoft.Common.CurrentVersion.targets(2451,5): warning MSB3277:             C:\Users\ultra\warewolf\Dev\Dev2.Studio\bin\Debug\net8.0\Warewolf Studio.dll [C:\Users\ultra\warewolf\Dev\TestBase\TestBase.csproj]
C:\Program Files\dotnet\sdk\10.0.201\Microsoft.Common.CurrentVersion.targets(2451,5): warning MSB3277:             C:\Users\ultra\warewolf\Dev\Warewolf.Auditing\bin\Debug\net8.0\Warewolf.Auditing.dll [C:\Users\ultra\warewolf\Dev\TestBase\TestBase.csproj]
C:\Program Files\dotnet\sdk\10.0.201\Microsoft.Common.CurrentVersion.targets(2451,5): warning MSB3277:             C:\Users\ultra\warewolf\Dev\Warewolf.Common.Framework48\bin\Debug\net8.0\Warewolf.Common.Framework48.dll [C:\Users\ultra\warewolf\Dev\TestBase\TestBase.csproj]
C:\Program Files\dotnet\sdk\10.0.201\Microsoft.Common.CurrentVersion.targets(2451,5): warning MSB3277:             C:\Users\ultra\warewolf\Dev\Warewolf.Common.NetStandard20\bin\Debug\net8.0\Warewolf.Common.NetStandard20.dll [C:\Users\ultra\warewolf\Dev\TestBase\TestBase.csproj]
C:\Program Files\dotnet\sdk\10.0.201\Microsoft.Common.CurrentVersion.targets(2451,5): warning MSB3277:             C:\Users\ultra\warewolf\Dev\Warewolf.Core\bin\Debug\net8.0\Warewolf.Core.dll [C:\Users\ultra\warewolf\Dev\TestBase\TestBase.csproj]
C:\Program Files\dotnet\sdk\10.0.201\Microsoft.Common.CurrentVersion.targets(2451,5): warning MSB3277:             C:\Users\ultra\warewolf\Dev\Warewolf.Driver.Persistence\bin\Debug\net8.0\Warewolf.Driver.Persistence.dll [C:\Users\ultra\warewolf\Dev\TestBase\TestBase.csproj]
C:\Program Files\dotnet\sdk\10.0.201\Microsoft.Common.CurrentVersion.targets(2451,5): warning MSB3277:             C:\Users\ultra\warewolf\Dev\Warewolf.Exchange.Email.Wrapper\bin\Debug\net8.0\Warewolf.Exchange.Email.Wrapper.dll [C:\Users\ultra\warewolf\Dev\TestBase\TestBase.csproj]
C:\Program Files\dotnet\sdk\10.0.201\Microsoft.Common.CurrentVersion.targets(2451,5): warning MSB3277:             C:\Users\ultra\warewolf\Dev\Warewolf.MergeParser.Tests\bin\Debug\net8.0\Warewolf.MergeParser.Tests.dll [C:\Users\ultra\warewolf\Dev\TestBase\TestBase.csproj]
C:\Program Files\dotnet\sdk\10.0.201\Microsoft.Common.CurrentVersion.targets(2451,5): warning MSB3277:             C:\Users\ultra\warewolf\Dev\Warewolf.ResourceManagement\bin\Debug\net8.0\Warewolf.ResourceManagement.dll [C:\Users\ultra\warewolf\Dev\TestBase\TestBase.csproj]
C:\Program Files\dotnet\sdk\10.0.201\Microsoft.Common.CurrentVersion.targets(2451,5): warning MSB3277:             C:\Users\ultra\warewolf\Dev\Warewolf.Studio.Core\bin\Debug\net8.0\Warewolf.Studio.Core.dll [C:\Users\ultra\warewolf\Dev\TestBase\TestBase.csproj]
C:\Program Files\dotnet\sdk\10.0.201\Microsoft.Common.CurrentVersion.targets(2451,5): warning MSB3277:             C:\Users\ultra\warewolf\Dev\Warewolf.Studio.CustomControls\bin\Debug\net8.0\Warewolf.Studio.CustomControls.dll [C:\Users\ultra\warewolf\Dev\TestBase\TestBase.csproj]
C:\Program Files\dotnet\sdk\10.0.201\Microsoft.Common.CurrentVersion.targets(2451,5): warning MSB3277:             C:\Users\ultra\warewolf\Dev\Warewolf.Studio.Models\bin\Debug\net8.0\Warewolf.Studio.Models.dll [C:\Users\ultra\warewolf\Dev\TestBase\TestBase.csproj]
C:\Program Files\dotnet\sdk\10.0.201\Microsoft.Common.CurrentVersion.targets(2451,5): warning MSB3277:             C:\Users\ultra\warewolf\Dev\Warewolf.Studio.ViewModels\bin\Debug\net8.0\Warewolf.Studio.ViewModels.dll [C:\Users\ultra\warewolf\Dev\TestBase\TestBase.csproj]
C:\Program Files\dotnet\sdk\10.0.201\Microsoft.Common.CurrentVersion.targets(2451,5): warning MSB3277:             C:\Users\ultra\warewolf\Dev\Warewolf.Testing\bin\Debug\net8.0\Warewolf.Testing.dll [C:\Users\ultra\warewolf\Dev\TestBase\TestBase.csproj]
C:\Program Files\dotnet\sdk\10.0.201\Microsoft.Common.CurrentVersion.targets(2451,5): warning MSB3277:             C:\Users\ultra\warewolf\Dev\Warewolf.Trigger.Queue\bin\Debug\net8.0\Warewolf.Trigger.Queue.dll [C:\Users\ultra\warewolf\Dev\TestBase\TestBase.csproj]
C:\Program Files\dotnet\sdk\10.0.201\Microsoft.Common.CurrentVersion.targets(2451,5): warning MSB3277:             C:\Users\ultra\warewolf\Dev\Warewolf.UI\bin\Debug\net8.0\Warewolf.UI.dll [C:\Users\ultra\warewolf\Dev\TestBase\TestBase.csproj]
C:\Program Files\dotnet\sdk\10.0.201\Microsoft.Common.CurrentVersion.targets(2451,5): warning MSB3277:             C:\Users\ultra\warewolf\Dev\Warewolf.Logger\bin\Debug\net8.0\WarewolfLogger.dll [C:\Users\ultra\warewolf\Dev\TestBase\TestBase.csproj]
C:\Program Files\dotnet\sdk\10.0.201\Microsoft.Common.CurrentVersion.targets(2451,5): warning MSB3277:             C:\Users\ultra\.nuget\packages\dotnetzip\1.16.0\lib\netstandard2.0\DotNetZip.dll [C:\Users\ultra\warewolf\Dev\TestBase\TestBase.csproj]
C:\Program Files\dotnet\sdk\10.0.201\Microsoft.Common.CurrentVersion.targets(2451,5): warning MSB3277:             C:\Users\ultra\warewolf\Dev\Dev2.Common\bin\Debug\net8.0\Dev2.Common.dll [C:\Users\ultra\warewolf\Dev\TestBase\TestBase.csproj]
C:\Program Files\dotnet\sdk\10.0.201\Microsoft.Common.CurrentVersion.targets(2451,5): warning MSB3277:             C:\Users\ultra\warewolf\Dev\Dev2.Infrastructure\bin\Debug\net8.0\Dev2.Infrastructure.dll [C:\Users\ultra\warewolf\Dev\TestBase\TestBase.csproj]
C:\Program Files\dotnet\sdk\10.0.201\Microsoft.Common.CurrentVersion.targets(2451,5): warning MSB3277:             C:\Users\ultra\warewolf\Dev\Dev2.Data.Interfaces\bin\Debug\net8.0\Dev2.Data.Interfaces.dll [C:\Users\ultra\warewolf\Dev\TestBase\TestBase.csproj]
C:\Program Files\dotnet\sdk\10.0.201\Microsoft.Common.CurrentVersion.targets(2451,5): warning MSB3277:             C:\Users\ultra\warewolf\Dev\Dev2.Development.Languages\bin\Debug\net8.0\Dev2.Development.Languages.dll [C:\Users\ultra\warewolf\Dev\TestBase\TestBase.csproj]
C:\Program Files\dotnet\sdk\10.0.201\Microsoft.Common.CurrentVersion.targets(2451,5): warning MSB3277:             C:\Users\ultra\warewolf\Dev\Dev2.Diagnostics\bin\Debug\net8.0\Dev2.Diagnostics.dll [C:\Users\ultra\warewolf\Dev\TestBase\TestBase.csproj]
C:\Program Files\dotnet\sdk\10.0.201\Microsoft.Common.CurrentVersion.targets(2451,5): warning MSB3277:             C:\Users\ultra\warewolf\Dev\Dev2.Services.Sql\bin\Debug\net8.0\Dev2.Services.Sql.dll [C:\Users\ultra\warewolf\Dev\TestBase\TestBase.csproj]
C:\Program Files\dotnet\sdk\10.0.201\Microsoft.Common.CurrentVersion.targets(2451,5): warning MSB3277:             C:\Users\ultra\warewolf\Dev\Dev2.TaskScheduler.Wrappers\bin\Debug\net8.0\Dev2.TaskScheduler.Wrappers.dll [C:\Users\ultra\warewolf\Dev\TestBase\TestBase.csproj]
C:\Program Files\dotnet\sdk\10.0.201\Microsoft.Common.CurrentVersion.targets(2451,5): warning MSB3277:             C:\Users\ultra\warewolf\Dev\Dev2.Util\bin\Debug\net8.0\Dev2.Util.dll [C:\Users\ultra\warewolf\Dev\TestBase\TestBase.csproj]
C:\Program Files\dotnet\sdk\10.0.201\Microsoft.Common.CurrentVersion.targets(2451,5): warning MSB3277:             C:\Users\ultra\warewolf\Dev\Warewolf.AI.Harness\bin\Debug\net8.0\Warewolf.AI.Harness.dll [C:\Users\ultra\warewolf\Dev\TestBase\TestBase.csproj]
C:\Program Files\dotnet\sdk\10.0.201\Microsoft.Common.CurrentVersion.targets(2451,5): warning MSB3277:             C:\Users\ultra\warewolf\Dev\Warewolf.Driver.Serilog\bin\Debug\net8.0\Warewolf.Driver.Serilog.dll [C:\Users\ultra\warewolf\Dev\TestBase\TestBase.csproj]
C:\Program Files\dotnet\sdk\10.0.201\Microsoft.Common.CurrentVersion.targets(2451,5): warning MSB3277:             C:\Users\ultra\warewolf\Dev\Warewolf.PerfMon\bin\Debug\net8.0\Warewolf.PerfMon.dll [C:\Users\ultra\warewolf\Dev\TestBase\TestBase.csproj]
C:\Program Files\dotnet\sdk\10.0.201\Microsoft.Common.CurrentVersion.targets(2451,5): warning MSB3277:             C:\Users\ultra\warewolf\Dev\Warewolf.Sharepoint\bin\Debug\net8.0\Warewolf.Sharepoint.dll [C:\Users\ultra\warewolf\Dev\TestBase\TestBase.csproj]
C:\Program Files\dotnet\sdk\10.0.201\Microsoft.Common.CurrentVersion.targets(2451,5): warning MSB3277:             C:\Users\ultra\warewolf\Dev\Warewolf.Storage\bin\Debug\net8.0\Warewolf.Storage.dll [C:\Users\ultra\warewolf\Dev\TestBase\TestBase.csproj]
C:\Program Files\dotnet\sdk\10.0.201\Microsoft.Common.CurrentVersion.targets(2451,5): warning MSB3277:             C:\Users\ultra\.nuget\packages\mindbox.data.linq\5.0.0\lib\netstandard2.0\Mindbox.Data.Linq.dll [C:\Users\ultra\warewolf\Dev\TestBase\TestBase.csproj]
C:\Program Files\dotnet\sdk\10.0.201\Microsoft.Common.CurrentVersion.targets(2451,5): warning MSB3277:             C:\Users\ultra\.nuget\packages\mysql.data\8.4.0\lib\net8.0\MySql.Data.dll [C:\Users\ultra\warewolf\Dev\TestBase\TestBase.csproj]
C:\Program Files\dotnet\sdk\10.0.201\Microsoft.Common.CurrentVersion.targets(2451,5): warning MSB3277:             C:\Users\ultra\.nuget\packages\oracle.manageddataaccess.core\3.21.70\lib\netstandard2.1\Oracle.ManagedDataAccess.dll [C:\Users\ultra\warewolf\Dev\TestBase\TestBase.csproj]
C:\Program Files\dotnet\sdk\10.0.201\Microsoft.Common.CurrentVersion.targets(2451,5): warning MSB3277:             C:\Users\ultra\.nuget\packages\system.directoryservices\6.0.0\lib\net6.0\System.DirectoryServices.dll [C:\Users\ultra\warewolf\Dev\TestBase\TestBase.csproj]
C:\Program Files\dotnet\sdk\10.0.201\Microsoft.Common.CurrentVersion.targets(2451,5): warning MSB3277:             C:\Users\ultra\.nuget\packages\corewcf.primitives\1.2.1\lib\netstandard2.0\CoreWCF.Primitives.dll [C:\Users\ultra\warewolf\Dev\TestBase\TestBase.csproj]
C:\Program Files\dotnet\sdk\10.0.201\Microsoft.Common.CurrentVersion.targets(2451,5): warning MSB3277:             C:\Users\ultra\.nuget\packages\corewcf.http\1.2.1\lib\netstandard2.0\CoreWCF.Http.dll [C:\Users\ultra\warewolf\Dev\TestBase\TestBase.csproj]
C:\Program Files\dotnet\sdk\10.0.201\Microsoft.Common.CurrentVersion.targets(2451,5): warning MSB3277:             C:\Users\ultra\.nuget\packages\corewcf.nettcp\1.2.1\lib\netstandard2.0\CoreWCF.NetTcp.dll [C:\Users\ultra\warewolf\Dev\TestBase\TestBase.csproj]
C:\Program Files\dotnet\sdk\10.0.201\Microsoft.Common.CurrentVersion.targets(2451,5): warning MSB3277:             C:\Users\ultra\.nuget\packages\corewcf.webhttp\1.2.1\lib\netstandard2.0\CoreWCF.WebHttp.dll [C:\Users\ultra\warewolf\Dev\TestBase\TestBase.csproj]
C:\Program Files\dotnet\sdk\10.0.201\Microsoft.Common.CurrentVersion.targets(2451,5): warning MSB3277:             C:\Program Files\dotnet\packs\Microsoft.NETCore.App.Ref\8.0.25\ref/net8.0/System.Configuration.dll [C:\Users\ultra\warewolf\Dev\TestBase\TestBase.csproj]
C:\Program Files\dotnet\sdk\10.0.201\Microsoft.Common.CurrentVersion.targets(2451,5): warning MSB3277:             C:\Users\ultra\.nuget\packages\prism.composition\5.0.0\lib\NET45\Microsoft.Practices.Prism.Composition.dll [C:\Users\ultra\warewolf\Dev\TestBase\TestBase.csproj]
C:\Program Files\dotnet\sdk\10.0.201\Microsoft.Common.CurrentVersion.targets(2451,5): warning MSB3277:             C:\Users\ultra\.nuget\packages\prism.unityextensions\5.0.1\lib\NET45\Microsoft.Practices.Prism.UnityExtensions.dll [C:\Users\ultra\warewolf\Dev\TestBase\TestBase.csproj]
C:\Program Files\dotnet\sdk\10.0.201\Microsoft.Common.CurrentVersion.targets(2451,5): warning MSB3277:             C:\Users\ultra\.nuget\packages\prism.wpf\9.0.537\lib\net462\Prism.Wpf.dll [C:\Users\ultra\warewolf\Dev\TestBase\TestBase.csproj]
C:\Program Files\dotnet\sdk\10.0.201\Microsoft.Common.CurrentVersion.targets(2451,5): warning MSB3277:             C:\Program Files\dotnet\packs\Microsoft.NETCore.App.Ref\8.0.25\ref/net8.0/System.Data.dll [C:\Users\ultra\warewolf\Dev\TestBase\TestBase.csproj]
C:\Program Files\dotnet\sdk\10.0.201\Microsoft.Common.CurrentVersion.targets(2451,5): warning MSB3277:             C:\Users\ultra\.nuget\packages\taskschedulereditor\2.10.1\lib\net452\Microsoft.Win32.TaskSchedulerEditor.dll [C:\Users\ultra\warewolf\Dev\TestBase\TestBase.csproj]
C:\Program Files\dotnet\sdk\10.0.201\Microsoft.Common.CurrentVersion.targets(2451,5): warning MSB3277:             C:\Program Files\dotnet\packs\Microsoft.NETCore.App.Ref\8.0.25\ref/net8.0/System.Drawing.dll [C:\Users\ultra\warewolf\Dev\TestBase\TestBase.csproj]
C:\Program Files\dotnet\sdk\10.0.201\Microsoft.Common.CurrentVersion.targets(2451,5): warning MSB3277:             C:\Users\ultra\.nuget\packages\aerowizard\2.3.1\lib\net45\AeroWizard.dll [C:\Users\ultra\warewolf\Dev\TestBase\TestBase.csproj]
C:\Program Files\dotnet\sdk\10.0.201\Microsoft.Common.CurrentVersion.targets(2451,5): warning MSB3277:             C:\Users\ultra\.nuget\packages\avalonedit\6.3.0.90\lib\net462\ICSharpCode.AvalonEdit.dll [C:\Users\ultra\warewolf\Dev\TestBase\TestBase.csproj]
C:\Program Files\dotnet\sdk\10.0.201\Microsoft.Common.CurrentVersion.targets(2451,5): warning MSB3277:             C:\Users\ultra\.nuget\packages\groupcontrols\1.9.0\lib\net45\GroupControls.dll [C:\Users\ultra\warewolf\Dev\TestBase\TestBase.csproj]
C:\Program Files\dotnet\sdk\10.0.201\Microsoft.Common.CurrentVersion.targets(2451,5): warning MSB3277:             C:\Program Files\dotnet\packs\Microsoft.NETCore.App.Ref\8.0.25\ref/net8.0/System.Net.dll [C:\Users\ultra\warewolf\Dev\TestBase\TestBase.csproj]
C:\Program Files\dotnet\sdk\10.0.201\Microsoft.Common.CurrentVersion.targets(2451,5): warning MSB3277:             C:\Program Files\dotnet\packs\Microsoft.NETCore.App.Ref\8.0.25\ref/net8.0/System.Security.dll [C:\Users\ultra\warewolf\Dev\TestBase\TestBase.csproj]
C:\Program Files\dotnet\sdk\10.0.201\Microsoft.Common.CurrentVersion.targets(2451,5): warning MSB3277:             C:\Program Files\dotnet\packs\Microsoft.NETCore.App.Ref\8.0.25\ref/net8.0/System.ServiceProcess.dll [C:\Users\ultra\warewolf\Dev\TestBase\TestBase.csproj]
C:\Program Files\dotnet\sdk\10.0.201\Microsoft.Common.CurrentVersion.targets(2451,5): warning MSB3277:             C:\Program Files\dotnet\packs\Microsoft.NETCore.App.Ref\8.0.25\ref/net8.0/System.Transactions.dll [C:\Users\ultra\warewolf\Dev\TestBase\TestBase.csproj]
C:\Program Files\dotnet\sdk\10.0.201\Microsoft.Common.CurrentVersion.targets(2451,5): warning MSB3277:             C:\Program Files\dotnet\packs\Microsoft.NETCore.App.Ref\8.0.25\ref/net8.0/System.dll [C:\Users\ultra\warewolf\Dev\TestBase\TestBase.csproj]
C:\Program Files\dotnet\sdk\10.0.201\Microsoft.Common.CurrentVersion.targets(2451,5): warning MSB3277:             C:\Users\ultra\.nuget\packages\fontawesome.wpf\4.7.0.9\lib\net40\FontAwesome.WPF.dll [C:\Users\ultra\warewolf\Dev\TestBase\TestBase.csproj]
C:\Program Files\dotnet\sdk\10.0.201\Microsoft.Common.CurrentVersion.targets(2451,5): warning MSB3277:             C:\Users\ultra\.nuget\packages\log4net.async\2.0.4\lib\net40\Log4Net.Async.dll [C:\Users\ultra\warewolf\Dev\TestBase\TestBase.csproj]
C:\Program Files\dotnet\sdk\10.0.201\Microsoft.Common.CurrentVersion.targets(2451,5): warning MSB3277:             C:\Users\ultra\.nuget\packages\microsoft.xaml.behaviors.wpf\1.1.122\lib\net462\Microsoft.Xaml.Behaviors.dll [C:\Users\ultra\warewolf\Dev\TestBase\TestBase.csproj]
C:\Program Files\dotnet\sdk\10.0.201\Microsoft.Common.CurrentVersion.targets(2451,5): warning MSB3277:             C:\Users\ultra\.nuget\packages\caliburn.micro\4.0.212\lib\netcoreapp3.1\Caliburn.Micro.Platform.dll [C:\Users\ultra\warewolf\Dev\TestBase\TestBase.csproj]
C:\Program Files\dotnet\sdk\10.0.201\Microsoft.Common.CurrentVersion.targets(2451,5): warning MSB3277:             C:\Users\ultra\.nuget\packages\prism.interactivity\5.0.0\lib\NET45\Microsoft.Practices.Prism.Interactivity.dll [C:\Users\ultra\warewolf\Dev\TestBase\TestBase.csproj]
C:\Program Files\dotnet\sdk\10.0.201\Microsoft.Common.CurrentVersion.targets(2451,5): warning MSB3277:             C:\Users\ultra\.nuget\packages\prism.mvvm\1.0.0\lib\net45\Microsoft.Practices.Prism.Mvvm.Desktop.dll [C:\Users\ultra\warewolf\Dev\TestBase\TestBase.csproj]
C:\Program Files\dotnet\sdk\10.0.201\Microsoft.Common.CurrentVersion.targets(2451,5): warning MSB3277:             C:\Users\ultra\.nuget\packages\reactiveui.wpf\18.4.1\lib\net462\ReactiveUI.Wpf.dll [C:\Users\ultra\warewolf\Dev\TestBase\TestBase.csproj]
C:\Program Files\dotnet\sdk\10.0.201\Microsoft.Common.CurrentVersion.targets(2451,5): warning MSB3277:             C:\Users\ultra\.nuget\packages\ttcue.netcore.sharepointonline.csom.16.1.8029.1200\16.1.8029.1200\lib\netcoreapp2.0\Microsoft.SharePoint.Client.Runtime.Windows.dll [C:\Users\ultra\warewolf\Dev\TestBase\TestBase.csproj]
C:\Program Files\dotnet\sdk\10.0.201\Microsoft.Common.CurrentVersion.targets(2451,5): warning MSB3277:             C:\Program Files\dotnet\packs\Microsoft.NETCore.App.Ref\8.0.25\ref/net8.0/WindowsBase.dll [C:\Users\ultra\warewolf\Dev\TestBase\TestBase.csproj]
C:\Program Files\dotnet\sdk\10.0.201\Microsoft.Common.CurrentVersion.targets(2451,5): warning MSB3277:             C:\Program Files\dotnet\packs\Microsoft.NETCore.App.Ref\8.0.25\ref/net8.0/mscorlib.dll [C:\Users\ultra\warewolf\Dev\TestBase\TestBase.csproj]
C:\Program Files\dotnet\sdk\10.0.201\Microsoft.Common.CurrentVersion.targets(2451,5): warning MSB3277:             C:\Users\ultra\.nuget\packages\hangfire.core\1.7.32\lib\netstandard2.0\Hangfire.Core.dll [C:\Users\ultra\warewolf\Dev\TestBase\TestBase.csproj]
C:\Program Files\dotnet\sdk\10.0.201\Microsoft.Common.CurrentVersion.targets(2451,5): warning MSB3277:             C:\Users\ultra\.nuget\packages\hangfire.aspnetcore\1.7.32\lib\netcoreapp3.0\Hangfire.AspNetCore.dll [C:\Users\ultra\warewolf\Dev\TestBase\TestBase.csproj]
C:\Program Files\dotnet\sdk\10.0.201\Microsoft.Common.CurrentVersion.targets(2451,5): warning MSB3277:             C:\Users\ultra\.nuget\packages\hangfire.sqlserver\1.7.32\lib\netstandard2.0\Hangfire.SqlServer.dll [C:\Users\ultra\warewolf\Dev\TestBase\TestBase.csproj]
C:\Program Files\dotnet\sdk\10.0.201\Microsoft.Common.CurrentVersion.targets(2451,5): warning MSB3277:             C:\Users\ultra\.nuget\packages\microsoft.codecoverage\17.13.0\lib\netcoreapp3.1\Microsoft.VisualStudio.CodeCoverage.Shim.dll [C:\Users\ultra\warewolf\Dev\TestBase\TestBase.csproj]
C:\Program Files\dotnet\sdk\10.0.201\Microsoft.Common.CurrentVersion.targets(2451,5): warning MSB3277:             C:\Users\ultra\.nuget\packages\unofficial.microsoft.mshtml\7.0.3300\lib\net40\Microsoft.mshtml.dll [C:\Users\ultra\warewolf\Dev\TestBase\TestBase.csproj]
C:\Program Files\dotnet\sdk\10.0.201\Microsoft.Common.CurrentVersion.targets(2451,5): warning MSB3277:         C:\Program Files\dotnet\packs\Microsoft.NETCore.App.Ref\8.0.25\ref\net8.0\System.Drawing.dll [C:\Users\ultra\warewolf\Dev\TestBase\TestBase.csproj]
C:\Program Files\dotnet\sdk\10.0.201\Microsoft.Common.CurrentVersion.targets(2451,5): warning MSB3277:           Project file item includes which caused reference "C:\Program Files\dotnet\packs\Microsoft.NETCore.App.Ref\8.0.25\ref\net8.0\System.Drawing.dll". [C:\Users\ultra\warewolf\Dev\TestBase\TestBase.csproj]
C:\Program Files\dotnet\sdk\10.0.201\Microsoft.Common.CurrentVersion.targets(2451,5): warning MSB3277:             C:\Program Files\dotnet\packs\Microsoft.NETCore.App.Ref\8.0.25\ref/net8.0/System.Drawing.dll [C:\Users\ultra\warewolf\Dev\TestBase\TestBase.csproj]
C:\Program Files\dotnet\sdk\10.0.201\Microsoft.Common.CurrentVersion.targets(2451,5): warning MSB3277:             C:\Users\ultra\.nuget\packages\aerowizard\2.3.1\lib\net45\AeroWizard.dll [C:\Users\ultra\warewolf\Dev\TestBase\TestBase.csproj]
C:\Program Files\dotnet\sdk\10.0.201\Microsoft.Common.CurrentVersion.targets(2451,5): warning MSB3277:             C:\Users\ultra\.nuget\packages\avalonedit\6.3.0.90\lib\net462\ICSharpCode.AvalonEdit.dll [C:\Users\ultra\warewolf\Dev\TestBase\TestBase.csproj]
C:\Program Files\dotnet\sdk\10.0.201\Microsoft.Common.CurrentVersion.targets(2451,5): warning MSB3277:             C:\Users\ultra\.nuget\packages\groupcontrols\1.9.0\lib\net45\GroupControls.dll [C:\Users\ultra\warewolf\Dev\TestBase\TestBase.csproj]
C:\Program Files\dotnet\sdk\10.0.201\Microsoft.Common.CurrentVersion.targets(2451,5): warning MSB3277:             C:\Users\ultra\.nuget\packages\taskschedulereditor\2.10.1\lib\net452\Microsoft.Win32.TaskSchedulerEditor.dll [C:\Users\ultra\warewolf\Dev\TestBase\TestBase.csproj]
C:\Users\ultra\warewolf\Dev\TestBase\AsynchronousRequest.cs(50,26): warning SYSLIB0014: 'WebRequest.Create(string)' is obsolete: 'WebRequest, HttpWebRequest, ServicePoint, and WebClient are obsolete. Use HttpClient instead.' (https://aka.ms/dotnet-warnings/SYSLIB0014) [C:\Users\ultra\warewolf\Dev\TestBase\TestBase.csproj]
C:\Users\ultra\warewolf\Dev\TestBase\TestHelper.cs(134,23): warning SYSLIB0014: 'WebRequest.Create(string)' is obsolete: 'WebRequest, HttpWebRequest, ServicePoint, and WebClient are obsolete. Use HttpClient instead.' (https://aka.ms/dotnet-warnings/SYSLIB0014) [C:\Users\ultra\warewolf\Dev\TestBase\TestBase.csproj]
C:\Users\ultra\warewolf\Dev\TestBase\TestHelper.cs(165,27): warning SYSLIB0014: 'WebRequest.Create(string)' is obsolete: 'WebRequest, HttpWebRequest, ServicePoint, and WebClient are obsolete. Use HttpClient instead.' (https://aka.ms/dotnet-warnings/SYSLIB0014) [C:\Users\ultra\warewolf\Dev\TestBase\TestBase.csproj]
  TestBase -> C:\Users\ultra\warewolf\Dev\TestBase\bin\Debug\net8.0\TestBase.dll
  TestBase -> C:\Users\ultra\warewolf\Bin\ServerTests-Windows\
C:\Users\ultra\warewolf\Dev\Dev2.Activities.Tests\Activities\DsfComDllActivityTests.cs(299,35): warning CS0618: 'DsfComDllActivity' is obsolete: 'DsfWebPostActivity is deprecated.' [C:\Users\ultra\warewolf\Dev\Dev2.Activities.Tests\Dev2.Activities.Tests.csproj]
C:\Users\ultra\warewolf\Dev\Dev2.Activities.Tests\Activities\DsfComDllActivityTests.cs(38,30): warning CS0618: 'DsfComDllActivity' is obsolete: 'DsfWebPostActivity is deprecated.' [C:\Users\ultra\warewolf\Dev\Dev2.Activities.Tests\Dev2.Activities.Tests.csproj]
C:\Users\ultra\warewolf\Dev\Dev2.Activities.Tests\Activities\DsfComDllActivityTests.cs(57,30): warning CS0618: 'DsfComDllActivity' is obsolete: 'DsfWebPostActivity is deprecated.' [C:\Users\ultra\warewolf\Dev\Dev2.Activities.Tests\Dev2.Activities.Tests.csproj]
C:\Users\ultra\warewolf\Dev\Dev2.Activities.Tests\Activities\DsfComDllActivityTests.cs(89,30): warning CS0618: 'DsfComDllActivity' is obsolete: 'DsfWebPostActivity is deprecated.' [C:\Users\ultra\warewolf\Dev\Dev2.Activities.Tests\Dev2.Activities.Tests.csproj]
C:\Users\ultra\warewolf\Dev\Dev2.Activities.Tests\Activities\DsfComDllActivityTests.cs(144,30): warning CS0618: 'DsfComDllActivity' is obsolete: 'DsfWebPostActivity is deprecated.' [C:\Users\ultra\warewolf\Dev\Dev2.Activities.Tests\Dev2.Activities.Tests.csproj]
C:\Users\ultra\warewolf\Dev\Dev2.Activities.Tests\Activities\DsfComDllActivityTests.cs(207,30): warning CS0618: 'DsfComDllActivity' is obsolete: 'DsfWebPostActivity is deprecated.' [C:\Users\ultra\warewolf\Dev\Dev2.Activities.Tests\Dev2.Activities.Tests.csproj]
C:\Users\ultra\warewolf\Dev\Dev2.Activities.Tests\Activities\DsfComDllActivityTests.cs(222,30): warning CS0618: 'DsfComDllActivity' is obsolete: 'DsfWebPostActivity is deprecated.' [C:\Users\ultra\warewolf\Dev\Dev2.Activities.Tests\Dev2.Activities.Tests.csproj]
C:\Users\ultra\warewolf\Dev\Dev2.Activities.Tests\Activities\DsfComDllActivityTests.cs(237,30): warning CS0618: 'DsfComDllActivity' is obsolete: 'DsfWebPostActivity is deprecated.' [C:\Users\ultra\warewolf\Dev\Dev2.Activities.Tests\Dev2.Activities.Tests.csproj]
C:\Users\ultra\warewolf\Dev\Dev2.Activities.Tests\Activities\DsfComDllActivityTests.cs(252,30): warning CS0618: 'DsfComDllActivity' is obsolete: 'DsfWebPostActivity is deprecated.' [C:\Users\ultra\warewolf\Dev\Dev2.Activities.Tests\Dev2.Activities.Tests.csproj]
C:\Users\ultra\warewolf\Dev\Dev2.Activities.Tests\Activities\DsfComDllActivityTests.cs(267,30): warning CS0618: 'DsfComDllActivity' is obsolete: 'DsfWebPostActivity is deprecated.' [C:\Users\ultra\warewolf\Dev\Dev2.Activities.Tests\Dev2.Activities.Tests.csproj]
C:\Users\ultra\warewolf\Dev\Dev2.Activities.Tests\Activities\DsfComDllActivityTests.cs(284,30): warning CS0618: 'DsfComDllActivity' is obsolete: 'DsfWebPostActivity is deprecated.' [C:\Users\ultra\warewolf\Dev\Dev2.Activities.Tests\Dev2.Activities.Tests.csproj]
C:\Users\ultra\warewolf\Dev\Dev2.Activities.Tests\ActivityComparerTests\ComDll\DsfComDllActivityEqualityTests.cs(34,30): warning CS0618: 'DsfComDllActivity' is obsolete: 'DsfWebPostActivity is deprecated.' [C:\Users\ultra\warewolf\Dev\Dev2.Activities.Tests\Dev2.Activities.Tests.csproj]
C:\Users\ultra\warewolf\Dev\Dev2.Activities.Tests\ActivityComparerTests\ComDll\DsfComDllActivityEqualityTests.cs(52,30): warning CS0618: 'DsfComDllActivity' is obsolete: 'DsfWebPostActivity is deprecated.' [C:\Users\ultra\warewolf\Dev\Dev2.Activities.Tests\Dev2.Activities.Tests.csproj]
C:\Users\ultra\warewolf\Dev\Dev2.Activities.Tests\ActivityComparerTests\ComDll\DsfComDllActivityEqualityTests.cs(70,30): warning CS0618: 'DsfComDllActivity' is obsolete: 'DsfWebPostActivity is deprecated.' [C:\Users\ultra\warewolf\Dev\Dev2.Activities.Tests\Dev2.Activities.Tests.csproj]
C:\Users\ultra\warewolf\Dev\Dev2.Activities.Tests\ActivityComparerTests\ComDll\DsfComDllActivityEqualityTests.cs(88,30): warning CS0618: 'DsfComDllActivity' is obsolete: 'DsfWebPostActivity is deprecated.' [C:\Users\ultra\warewolf\Dev\Dev2.Activities.Tests\Dev2.Activities.Tests.csproj]
C:\Users\ultra\warewolf\Dev\Dev2.Activities.Tests\ActivityComparerTests\ComDll\DsfComDllActivityEqualityTests.cs(106,30): warning CS0618: 'DsfComDllActivity' is obsolete: 'DsfWebPostActivity is deprecated.' [C:\Users\ultra\warewolf\Dev\Dev2.Activities.Tests\Dev2.Activities.Tests.csproj]
C:\Users\ultra\warewolf\Dev\Dev2.Activities.Tests\ActivityComparerTests\ComDll\DsfComDllActivityEqualityTests.cs(124,30): warning CS0618: 'DsfComDllActivity' is obsolete: 'DsfWebPostActivity is deprecated.' [C:\Users\ultra\warewolf\Dev\Dev2.Activities.Tests\Dev2.Activities.Tests.csproj]
C:\Users\ultra\warewolf\Dev\Dev2.Activities.Tests\ActivityComparerTests\ComDll\DsfComDllActivityEqualityTests.cs(162,30): warning CS0618: 'DsfComDllActivity' is obsolete: 'DsfWebPostActivity is deprecated.' [C:\Users\ultra\warewolf\Dev\Dev2.Activities.Tests\Dev2.Activities.Tests.csproj]
C:\Users\ultra\warewolf\Dev\Dev2.Activities.Tests\ActivityComparerTests\ComDll\DsfComDllActivityEqualityTests.cs(199,30): warning CS0618: 'DsfComDllActivity' is obsolete: 'DsfWebPostActivity is deprecated.' [C:\Users\ultra\warewolf\Dev\Dev2.Activities.Tests\Dev2.Activities.Tests.csproj]
C:\Users\ultra\warewolf\Dev\Dev2.Activities.Tests\ActivityComparerTests\ComDll\DsfComDllActivityEqualityTests.cs(239,30): warning CS0618: 'DsfComDllActivity' is obsolete: 'DsfWebPostActivity is deprecated.' [C:\Users\ultra\warewolf\Dev\Dev2.Activities.Tests\Dev2.Activities.Tests.csproj]
C:\Users\ultra\warewolf\Dev\Dev2.Activities.Tests\ActivityComparerTests\ComDll\DsfComDllActivityEqualityTests.cs(279,30): warning CS0618: 'DsfComDllActivity' is obsolete: 'DsfWebPostActivity is deprecated.' [C:\Users\ultra\warewolf\Dev\Dev2.Activities.Tests\Dev2.Activities.Tests.csproj]
C:\Users\ultra\warewolf\Dev\Dev2.Activities.Tests\ActivityComparerTests\ComDll\DsfComDllActivityEqualityTests.cs(324,30): warning CS0618: 'DsfComDllActivity' is obsolete: 'DsfWebPostActivity is deprecated.' [C:\Users\ultra\warewolf\Dev\Dev2.Activities.Tests\Dev2.Activities.Tests.csproj]
C:\Users\ultra\warewolf\Dev\Dev2.Activities.Tests\ActivityComparerTests\ComDll\DsfComDllActivityEqualityTests.cs(366,30): warning CS0618: 'DsfComDllActivity' is obsolete: 'DsfWebPostActivity is deprecated.' [C:\Users\ultra\warewolf\Dev\Dev2.Activities.Tests\Dev2.Activities.Tests.csproj]
C:\Users\ultra\warewolf\Dev\Dev2.Activities.Tests\ActivityComparerTests\ComDll\DsfComDllActivityEqualityTests.cs(416,30): warning CS0618: 'DsfComDllActivity' is obsolete: 'DsfWebPostActivity is deprecated.' [C:\Users\ultra\warewolf\Dev\Dev2.Activities.Tests\Dev2.Activities.Tests.csproj]
C:\Users\ultra\warewolf\Dev\Dev2.Activities.Tests\ActivityComparerTests\ComDll\DsfComDllActivityEqualityTests.cs(468,30): warning CS0618: 'DsfComDllActivity' is obsolete: 'DsfWebPostActivity is deprecated.' [C:\Users\ultra\warewolf\Dev\Dev2.Activities.Tests\Dev2.Activities.Tests.csproj]
C:\Users\ultra\warewolf\Dev\Dev2.Activities.Tests\ActivityComparerTests\ComDll\DsfComDllActivityEqualityTests.cs(532,30): warning CS0618: 'DsfComDllActivity' is obsolete: 'DsfWebPostActivity is deprecated.' [C:\Users\ultra\warewolf\Dev\Dev2.Activities.Tests\Dev2.Activities.Tests.csproj]
C:\Users\ultra\warewolf\Dev\Dev2.Activities.Tests\ActivityComparerTests\ComDll\DsfComDllActivityEqualityTests.cs(596,30): warning CS0618: 'DsfComDllActivity' is obsolete: 'DsfWebPostActivity is deprecated.' [C:\Users\ultra\warewolf\Dev\Dev2.Activities.Tests\Dev2.Activities.Tests.csproj]
C:\Users\ultra\warewolf\Dev\Dev2.Activities.Tests\ActivityComparerTests\ComDll\DsfComDllActivityEqualityTests.cs(680,30): warning CS0618: 'DsfComDllActivity' is obsolete: 'DsfWebPostActivity is deprecated.' [C:\Users\ultra\warewolf\Dev\Dev2.Activities.Tests\Dev2.Activities.Tests.csproj]
C:\Users\ultra\warewolf\Dev\Dev2.Activities.Tests\ActivityComparerTests\ComDll\DsfComDllActivityEqualityTests.cs(764,30): warning CS0618: 'DsfComDllActivity' is obsolete: 'DsfWebPostActivity is deprecated.' [C:\Users\ultra\warewolf\Dev\Dev2.Activities.Tests\Dev2.Activities.Tests.csproj]
C:\Users\ultra\warewolf\Dev\Dev2.Activities.Tests\ActivityComparerTests\ComDll\DsfComDllActivityEqualityTests.cs(846,30): warning CS0618: 'DsfComDllActivity' is obsolete: 'DsfWebPostActivity is deprecated.' [C:\Users\ultra\warewolf\Dev\Dev2.Activities.Tests\Dev2.Activities.Tests.csproj]
C:\Users\ultra\warewolf\Dev\Dev2.Activities.Tests\ActivityComparerTests\ComDll\DsfComDllActivityEqualityTests.cs(930,30): warning CS0618: 'DsfComDllActivity' is obsolete: 'DsfWebPostActivity is deprecated.' [C:\Users\ultra\warewolf\Dev\Dev2.Activities.Tests\Dev2.Activities.Tests.csproj]
C:\Users\ultra\warewolf\Dev\Dev2.Activities.Tests\ActivityComparerTests\ComDll\DsfComDllActivityEqualityTests.cs(1031,30): warning CS0618: 'DsfComDllActivity' is obsolete: 'DsfWebPostActivity is deprecated.' [C:\Users\ultra\warewolf\Dev\Dev2.Activities.Tests\Dev2.Activities.Tests.csproj]
C:\Users\ultra\warewolf\Dev\Dev2.Activities.Tests\ActivityComparerTests\ComDll\DsfComDllActivityEqualityTests.cs(1112,30): warning CS0618: 'DsfComDllActivity' is obsolete: 'DsfWebPostActivity is deprecated.' [C:\Users\ultra\warewolf\Dev\Dev2.Activities.Tests\Dev2.Activities.Tests.csproj]
C:\Users\ultra\warewolf\Dev\Dev2.Activities.Tests\ActivityComparerTests\ComDll\DsfComDllActivityEqualityTests.cs(1199,30): warning CS0618: 'DsfComDllActivity' is obsolete: 'DsfWebPostActivity is deprecated.' [C:\Users\ultra\warewolf\Dev\Dev2.Activities.Tests\Dev2.Activities.Tests.csproj]
C:\Users\ultra\warewolf\Dev\Dev2.Activities.Tests\ActivityComparerTests\ComDll\DsfComDllActivityEqualityTests.cs(1263,30): warning CS0618: 'DsfComDllActivity' is obsolete: 'DsfWebPostActivity is deprecated.' [C:\Users\ultra\warewolf\Dev\Dev2.Activities.Tests\Dev2.Activities.Tests.csproj]
C:\Users\ultra\warewolf\Dev\Dev2.Activities.Tests\ActivityComparerTests\ComDll\DsfComDllActivityEqualityTests.cs(1328,30): warning CS0618: 'DsfComDllActivity' is obsolete: 'DsfWebPostActivity is deprecated.' [C:\Users\ultra\warewolf\Dev\Dev2.Activities.Tests\Dev2.Activities.Tests.csproj]
C:\Users\ultra\warewolf\Dev\Dev2.Activities.Tests\ActivityComparerTests\ComDll\DsfComDllActivityEqualityTests.cs(1396,30): warning CS0618: 'DsfComDllActivity' is obsolete: 'DsfWebPostActivity is deprecated.' [C:\Users\ultra\warewolf\Dev\Dev2.Activities.Tests\Dev2.Activities.Tests.csproj]
C:\Users\ultra\warewolf\Dev\Dev2.Activities.Tests\ActivityComparerTests\ComDll\DsfComDllActivityEqualityTests.cs(1469,30): warning CS0618: 'DsfComDllActivity' is obsolete: 'DsfWebPostActivity is deprecated.' [C:\Users\ultra\warewolf\Dev\Dev2.Activities.Tests\Dev2.Activities.Tests.csproj]
C:\Users\ultra\warewolf\Dev\Dev2.Activities.Tests\ActivityComparerTests\ComDll\DsfComDllActivityEqualityTests.cs(1541,30): warning CS0618: 'DsfComDllActivity' is obsolete: 'DsfWebPostActivity is deprecated.' [C:\Users\ultra\warewolf\Dev\Dev2.Activities.Tests\Dev2.Activities.Tests.csproj]
C:\Users\ultra\warewolf\Dev\Dev2.Activities.Tests\ActivityComparerTests\ComDll\DsfComDllActivityEqualityTests.cs(1607,30): warning CS0618: 'DsfComDllActivity' is obsolete: 'DsfWebPostActivity is deprecated.' [C:\Users\ultra\warewolf\Dev\Dev2.Activities.Tests\Dev2.Activities.Tests.csproj]
C:\Users\ultra\warewolf\Dev\Dev2.Activities.Tests\ActivityComparerTests\ComDll\DsfComDllActivityEqualityTests.cs(1675,30): warning CS0618: 'DsfComDllActivity' is obsolete: 'DsfWebPostActivity is deprecated.' [C:\Users\ultra\warewolf\Dev\Dev2.Activities.Tests\Dev2.Activities.Tests.csproj]
C:\Users\ultra\warewolf\Dev\Dev2.Activities.Tests\ActivityComparerTests\ComDll\DsfComDllActivityEqualityTests.cs(1745,30): warning CS0618: 'DsfComDllActivity' is obsolete: 'DsfWebPostActivity is deprecated.' [C:\Users\ultra\warewolf\Dev\Dev2.Activities.Tests\Dev2.Activities.Tests.csproj]
C:\Users\ultra\warewolf\Dev\Dev2.Activities.Tests\Activities\DsfComDllActivityTests.cs(274,23): warning CS0618: 'DsfComDllActivity' is obsolete: 'DsfWebPostActivity is deprecated.' [C:\Users\ultra\warewolf\Dev\Dev2.Activities.Tests\Dev2.Activities.Tests.csproj]
C:\Users\ultra\warewolf\Dev\Dev2.Activities.Tests\ActivityComparerTests\ComDll\DsfComDllActivityEqualityTests.cs(39,32): warning CS0618: 'DsfComDllActivity' is obsolete: 'DsfWebPostActivity is deprecated.' [C:\Users\ultra\warewolf\Dev\Dev2.Activities.Tests\Dev2.Activities.Tests.csproj]
C:\Users\ultra\warewolf\Dev\Dev2.Activities.Tests\ActivityComparerTests\ComDll\DsfComDllActivityEqualityTests.cs(40,33): warning CS0618: 'DsfComDllActivity' is obsolete: 'DsfWebPostActivity is deprecated.' [C:\Users\ultra\warewolf\Dev\Dev2.Activities.Tests\Dev2.Activities.Tests.csproj]
C:\Users\ultra\warewolf\Dev\Dev2.Activities.Tests\ActivityComparerTests\ComDll\DsfComDllActivityEqualityTests.cs(57,32): warning CS0618: 'DsfComDllActivity' is obsolete: 'DsfWebPostActivity is deprecated.' [C:\Users\ultra\warewolf\Dev\Dev2.Activities.Tests\Dev2.Activities.Tests.csproj]
C:\Users\ultra\warewolf\Dev\Dev2.Activities.Tests\ActivityComparerTests\ComDll\DsfComDllActivityEqualityTests.cs(58,33): warning CS0618: 'DsfComDllActivity' is obsolete: 'DsfWebPostActivity is deprecated.' [C:\Users\ultra\warewolf\Dev\Dev2.Activities.Tests\Dev2.Activities.Tests.csproj]
C:\Users\ultra\warewolf\Dev\Dev2.Activities.Tests\ActivityComparerTests\ComDll\DsfComDllActivityEqualityTests.cs(75,32): warning CS0618: 'DsfComDllActivity' is obsolete: 'DsfWebPostActivity is deprecated.' [C:\Users\ultra\warewolf\Dev\Dev2.Activities.Tests\Dev2.Activities.Tests.csproj]
C:\Users\ultra\warewolf\Dev\Dev2.Activities.Tests\ActivityComparerTests\ComDll\DsfComDllActivityEqualityTests.cs(76,33): warning CS0618: 'DsfComDllActivity' is obsolete: 'DsfWebPostActivity is deprecated.' [C:\Users\ultra\warewolf\Dev\Dev2.Activities.Tests\Dev2.Activities.Tests.csproj]
C:\Users\ultra\warewolf\Dev\Dev2.Activities.Tests\ActivityComparerTests\ComDll\DsfComDllActivityEqualityTests.cs(93,32): warning CS0618: 'DsfComDllActivity' is obsolete: 'DsfWebPostActivity is deprecated.' [C:\Users\ultra\warewolf\Dev\Dev2.Activities.Tests\Dev2.Activities.Tests.csproj]
C:\Users\ultra\warewolf\Dev\Dev2.Activities.Tests\ActivityComparerTests\ComDll\DsfComDllActivityEqualityTests.cs(94,33): warning CS0618: 'DsfComDllActivity' is obsolete: 'DsfWebPostActivity is deprecated.' [C:\Users\ultra\warewolf\Dev\Dev2.Activities.Tests\Dev2.Activities.Tests.csproj]
C:\Users\ultra\warewolf\Dev\Dev2.Activities.Tests\ActivityComparerTests\ComDll\DsfComDllActivityEqualityTests.cs(111,32): warning CS0618: 'DsfComDllActivity' is obsolete: 'DsfWebPostActivity is deprecated.' [C:\Users\ultra\warewolf\Dev\Dev2.Activities.Tests\Dev2.Activities.Tests.csproj]
C:\Users\ultra\warewolf\Dev\Dev2.Activities.Tests\ActivityComparerTests\ComDll\DsfComDllActivityEqualityTests.cs(112,33): warning CS0618: 'DsfComDllActivity' is obsolete: 'DsfWebPostActivity is deprecated.' [C:\Users\ultra\warewolf\Dev\Dev2.Activities.Tests\Dev2.Activities.Tests.csproj]
C:\Users\ultra\warewolf\Dev\Dev2.Activities.Tests\ActivityComparerTests\ComDll\DsfComDllActivityEqualityTests.cs(139,32): warning CS0618: 'DsfComDllActivity' is obsolete: 'DsfWebPostActivity is deprecated.' [C:\Users\ultra\warewolf\Dev\Dev2.Activities.Tests\Dev2.Activities.Tests.csproj]
C:\Users\ultra\warewolf\Dev\Dev2.Activities.Tests\ActivityComparerTests\ComDll\DsfComDllActivityEqualityTests.cs(145,33): warning CS0618: 'DsfComDllActivity' is obsolete: 'DsfWebPostActivity is deprecated.' [C:\Users\ultra\warewolf\Dev\Dev2.Activities.Tests\Dev2.Activities.Tests.csproj]
C:\Users\ultra\warewolf\Dev\Dev2.Activities.Tests\ActivityComparerTests\ComDll\DsfComDllActivityEqualityTests.cs(176,32): warning CS0618: 'DsfComDllActivity' is obsolete: 'DsfWebPostActivity is deprecated.' [C:\Users\ultra\warewolf\Dev\Dev2.Activities.Tests\Dev2.Activities.Tests.csproj]
C:\Users\ultra\warewolf\Dev\Dev2.Activities.Tests\ActivityComparerTests\ComDll\DsfComDllActivityEqualityTests.cs(182,33): warning CS0618: 'DsfComDllActivity' is obsolete: 'DsfWebPostActivity is deprecated.' [C:\Users\ultra\warewolf\Dev\Dev2.Activities.Tests\Dev2.Activities.Tests.csproj]
C:\Users\ultra\warewolf\Dev\Dev2.Activities.Tests\ActivityComparerTests\ComDll\DsfComDllActivityEqualityTests.cs(216,32): warning CS0618: 'DsfComDllActivity' is obsolete: 'DsfWebPostActivity is deprecated.' [C:\Users\ultra\warewolf\Dev\Dev2.Activities.Tests\Dev2.Activities.Tests.csproj]
C:\Users\ultra\warewolf\Dev\Dev2.Activities.Tests\ActivityComparerTests\ComDll\DsfComDllActivityEqualityTests.cs(222,33): warning CS0618: 'DsfComDllActivity' is obsolete: 'DsfWebPostActivity is deprecated.' [C:\Users\ultra\warewolf\Dev\Dev2.Activities.Tests\Dev2.Activities.Tests.csproj]
C:\Users\ultra\warewolf\Dev\Dev2.Activities.Tests\ActivityComparerTests\ComDll\DsfComDllActivityEqualityTests.cs(256,32): warning CS0618: 'DsfComDllActivity' is obsolete: 'DsfWebPostActivity is deprecated.' [C:\Users\ultra\warewolf\Dev\Dev2.Activities.Tests\Dev2.Activities.Tests.csproj]
C:\Users\ultra\warewolf\Dev\Dev2.Activities.Tests\ActivityComparerTests\ComDll\DsfComDllActivityEqualityTests.cs(262,33): warning CS0618: 'DsfComDllActivity' is obsolete: 'DsfWebPostActivity is deprecated.' [C:\Users\ultra\warewolf\Dev\Dev2.Activities.Tests\Dev2.Activities.Tests.csproj]
C:\Users\ultra\warewolf\Dev\Dev2.Activities.Tests\ActivityComparerTests\ComDll\DsfComDllActivityEqualityTests.cs(298,32): warning CS0618: 'DsfComDllActivity' is obsolete: 'DsfWebPostActivity is deprecated.' [C:\Users\ultra\warewolf\Dev\Dev2.Activities.Tests\Dev2.Activities.Tests.csproj]
C:\Users\ultra\warewolf\Dev\Dev2.Activities.Tests\ActivityComparerTests\ComDll\DsfComDllActivityEqualityTests.cs(306,33): warning CS0618: 'DsfComDllActivity' is obsolete: 'DsfWebPostActivity is deprecated.' [C:\Users\ultra\warewolf\Dev\Dev2.Activities.Tests\Dev2.Activities.Tests.csproj]
C:\Users\ultra\warewolf\Dev\Dev2.Activities.Tests\ActivityComparerTests\ComDll\DsfComDllActivityEqualityTests.cs(343,32): warning CS0618: 'DsfComDllActivity' is obsolete: 'DsfWebPostActivity is deprecated.' [C:\Users\ultra\warewolf\Dev\Dev2.Activities.Tests\Dev2.Activities.Tests.csproj]
C:\Users\ultra\warewolf\Dev\Dev2.Activities.Tests\ActivityComparerTests\ComDll\DsfComDllActivityEqualityTests.cs(349,33): warning CS0618: 'DsfComDllActivity' is obsolete: 'DsfWebPostActivity is deprecated.' [C:\Users\ultra\warewolf\Dev\Dev2.Activities.Tests\Dev2.Activities.Tests.csproj]
C:\Users\ultra\warewolf\Dev\Dev2.Activities.Tests\ActivityComparerTests\ComDll\DsfComDllActivityEqualityTests.cs(393,32): warning CS0618: 'DsfComDllActivity' is obsolete: 'DsfWebPostActivity is deprecated.' [C:\Users\ultra\warewolf\Dev\Dev2.Activities.Tests\Dev2.Activities.Tests.csproj]
C:\Users\ultra\warewolf\Dev\Dev2.Activities.Tests\ActivityComparerTests\ComDll\DsfComDllActivityEqualityTests.cs(399,33): warning CS0618: 'DsfComDllActivity' is obsolete: 'DsfWebPostActivity is deprecated.' [C:\Users\ultra\warewolf\Dev\Dev2.Activities.Tests\Dev2.Activities.Tests.csproj]
C:\Users\ultra\warewolf\Dev\Dev2.Activities.Tests\ActivityComparerTests\ComDll\DsfComDllActivityEqualityTests.cs(445,32): warning CS0618: 'DsfComDllActivity' is obsolete: 'DsfWebPostActivity is deprecated.' [C:\Users\ultra\warewolf\Dev\Dev2.Activities.Tests\Dev2.Activities.Tests.csproj]
C:\Users\ultra\warewolf\Dev\Dev2.Activities.Tests\ActivityComparerTests\ComDll\DsfComDllActivityEqualityTests.cs(451,33): warning CS0618: 'DsfComDllActivity' is obsolete: 'DsfWebPostActivity is deprecated.' [C:\Users\ultra\warewolf\Dev\Dev2.Activities.Tests\Dev2.Activities.Tests.csproj]
C:\Users\ultra\warewolf\Dev\Dev2.Activities.Tests\ActivityComparerTests\ComDll\DsfComDllActivityEqualityTests.cs(507,32): warning CS0618: 'DsfComDllActivity' is obsolete: 'DsfWebPostActivity is deprecated.' [C:\Users\ultra\warewolf\Dev\Dev2.Activities.Tests\Dev2.Activities.Tests.csproj]
C:\Users\ultra\warewolf\Dev\Dev2.Activities.Tests\ActivityComparerTests\ComDll\DsfComDllActivityEqualityTests.cs(514,33): warning CS0618: 'DsfComDllActivity' is obsolete: 'DsfWebPostActivity is deprecated.' [C:\Users\ultra\warewolf\Dev\Dev2.Activities.Tests\Dev2.Activities.Tests.csproj]
C:\Users\ultra\warewolf\Dev\Dev2.Activities.Tests\ActivityComparerTests\ComDll\DsfComDllActivityEqualityTests.cs(571,32): warning CS0618: 'DsfComDllActivity' is obsolete: 'DsfWebPostActivity is deprecated.' [C:\Users\ultra\warewolf\Dev\Dev2.Activities.Tests\Dev2.Activities.Tests.csproj]
C:\Users\ultra\warewolf\Dev\Dev2.Activities.Tests\ActivityComparerTests\ComDll\DsfComDllActivityEqualityTests.cs(578,33): warning CS0618: 'DsfComDllActivity' is obsolete: 'DsfWebPostActivity is deprecated.' [C:\Users\ultra\warewolf\Dev\Dev2.Activities.Tests\Dev2.Activities.Tests.csproj]
C:\Users\ultra\warewolf\Dev\Dev2.Activities.Tests\ActivityComparerTests\ComDll\DsfComDllActivityEqualityTests.cs(655,32): warning CS0618: 'DsfComDllActivity' is obsolete: 'DsfWebPostActivity is deprecated.' [C:\Users\ultra\warewolf\Dev\Dev2.Activities.Tests\Dev2.Activities.Tests.csproj]
C:\Users\ultra\warewolf\Dev\Dev2.Activities.Tests\ActivityComparerTests\ComDll\DsfComDllActivityEqualityTests.cs(662,33): warning CS0618: 'DsfComDllActivity' is obsolete: 'DsfWebPostActivity is deprecated.' [C:\Users\ultra\warewolf\Dev\Dev2.Activities.Tests\Dev2.Activities.Tests.csproj]
C:\Users\ultra\warewolf\Dev\Dev2.Activities.Tests\ActivityComparerTests\ComDll\DsfComDllActivityEqualityTests.cs(739,32): warning CS0618: 'DsfComDllActivity' is obsolete: 'DsfWebPostActivity is deprecated.' [C:\Users\ultra\warewolf\Dev\Dev2.Activities.Tests\Dev2.Activities.Tests.csproj]
C:\Users\ultra\warewolf\Dev\Dev2.Activities.Tests\ActivityComparerTests\ComDll\DsfComDllActivityEqualityTests.cs(746,33): warning CS0618: 'DsfComDllActivity' is obsolete: 'DsfWebPostActivity is deprecated.' [C:\Users\ultra\warewolf\Dev\Dev2.Activities.Tests\Dev2.Activities.Tests.csproj]
C:\Users\ultra\warewolf\Dev\Dev2.Activities.Tests\ActivityComparerTests\ComDll\DsfComDllActivityEqualityTests.cs(821,32): warning CS0618: 'DsfComDllActivity' is obsolete: 'DsfWebPostActivity is deprecated.' [C:\Users\ultra\warewolf\Dev\Dev2.Activities.Tests\Dev2.Activities.Tests.csproj]
C:\Users\ultra\warewolf\Dev\Dev2.Activities.Tests\ActivityComparerTests\ComDll\DsfComDllActivityEqualityTests.cs(828,33): warning CS0618: 'DsfComDllActivity' is obsolete: 'DsfWebPostActivity is deprecated.' [C:\Users\ultra\warewolf\Dev\Dev2.Activities.Tests\Dev2.Activities.Tests.csproj]
C:\Users\ultra\warewolf\Dev\Dev2.Activities.Tests\ActivityComparerTests\ComDll\DsfComDllActivityEqualityTests.cs(905,32): warning CS0618: 'DsfComDllActivity' is obsolete: 'DsfWebPostActivity is deprecated.' [C:\Users\ultra\warewolf\Dev\Dev2.Activities.Tests\Dev2.Activities.Tests.csproj]
C:\Users\ultra\warewolf\Dev\Dev2.Activities.Tests\ActivityComparerTests\ComDll\DsfComDllActivityEqualityTests.cs(912,33): warning CS0618: 'DsfComDllActivity' is obsolete: 'DsfWebPostActivity is deprecated.' [C:\Users\ultra\warewolf\Dev\Dev2.Activities.Tests\Dev2.Activities.Tests.csproj]
C:\Users\ultra\warewolf\Dev\Dev2.Activities.Tests\ActivityComparerTests\ComDll\DsfComDllActivityEqualityTests.cs(1003,32): warning CS0618: 'DsfComDllActivity' is obsolete: 'DsfWebPostActivity is deprecated.' [C:\Users\ultra\warewolf\Dev\Dev2.Activities.Tests\Dev2.Activities.Tests.csproj]
C:\Users\ultra\warewolf\Dev\Dev2.Activities.Tests\ActivityComparerTests\ComDll\DsfComDllActivityEqualityTests.cs(1012,33): warning CS0618: 'DsfComDllActivity' is obsolete: 'DsfWebPostActivity is deprecated.' [C:\Users\ultra\warewolf\Dev\Dev2.Activities.Tests\Dev2.Activities.Tests.csproj]
C:\Users\ultra\warewolf\Dev\Dev2.Activities.Tests\ActivityComparerTests\ComDll\DsfComDllActivityEqualityTests.cs(1088,32): warning CS0618: 'DsfComDllActivity' is obsolete: 'DsfWebPostActivity is deprecated.' [C:\Users\ultra\warewolf\Dev\Dev2.Activities.Tests\Dev2.Activities.Tests.csproj]
C:\Users\ultra\warewolf\Dev\Dev2.Activities.Tests\ActivityComparerTests\ComDll\DsfComDllActivityEqualityTests.cs(1095,33): warning CS0618: 'DsfComDllActivity' is obsolete: 'DsfWebPostActivity is deprecated.' [C:\Users\ultra\warewolf\Dev\Dev2.Activities.Tests\Dev2.Activities.Tests.csproj]
C:\Users\ultra\warewolf\Dev\Dev2.Activities.Tests\ActivityComparerTests\ComDll\DsfComDllActivityEqualityTests.cs(1171,32): warning CS0618: 'DsfComDllActivity' is obsolete: 'DsfWebPostActivity is deprecated.' [C:\Users\ultra\warewolf\Dev\Dev2.Activities.Tests\Dev2.Activities.Tests.csproj]
C:\Users\ultra\warewolf\Dev\Dev2.Activities.Tests\ActivityComparerTests\ComDll\DsfComDllActivityEqualityTests.cs(1180,33): warning CS0618: 'DsfComDllActivity' is obsolete: 'DsfWebPostActivity is deprecated.' [C:\Users\ultra\warewolf\Dev\Dev2.Activities.Tests\Dev2.Activities.Tests.csproj]
C:\Users\ultra\warewolf\Dev\Dev2.Activities.Tests\ActivityComparerTests\ComDll\DsfComDllActivityEqualityTests.cs(1238,32): warning CS0618: 'DsfComDllActivity' is obsolete: 'DsfWebPostActivity is deprecated.' [C:\Users\ultra\warewolf\Dev\Dev2.Activities.Tests\Dev2.Activities.Tests.csproj]
C:\Users\ultra\warewolf\Dev\Dev2.Activities.Tests\ActivityComparerTests\ComDll\DsfComDllActivityEqualityTests.cs(1245,33): warning CS0618: 'DsfComDllActivity' is obsolete: 'DsfWebPostActivity is deprecated.' [C:\Users\ultra\warewolf\Dev\Dev2.Activities.Tests\Dev2.Activities.Tests.csproj]
C:\Users\ultra\warewolf\Dev\Dev2.Activities.Tests\ActivityComparerTests\ComDll\DsfComDllActivityEqualityTests.cs(1304,32): warning CS0618: 'DsfComDllActivity' is obsolete: 'DsfWebPostActivity is deprecated.' [C:\Users\ultra\warewolf\Dev\Dev2.Activities.Tests\Dev2.Activities.Tests.csproj]
C:\Users\ultra\warewolf\Dev\Dev2.Activities.Tests\ActivityComparerTests\ComDll\DsfComDllActivityEqualityTests.cs(1311,33): warning CS0618: 'DsfComDllActivity' is obsolete: 'DsfWebPostActivity is deprecated.' [C:\Users\ultra\warewolf\Dev\Dev2.Activities.Tests\Dev2.Activities.Tests.csproj]
C:\Users\ultra\warewolf\Dev\Dev2.Activities.Tests\ActivityComparerTests\ComDll\DsfComDllActivityEqualityTests.cs(1371,32): warning CS0618: 'DsfComDllActivity' is obsolete: 'DsfWebPostActivity is deprecated.' [C:\Users\ultra\warewolf\Dev\Dev2.Activities.Tests\Dev2.Activities.Tests.csproj]
C:\Users\ultra\warewolf\Dev\Dev2.Activities.Tests\ActivityComparerTests\ComDll\DsfComDllActivityEqualityTests.cs(1378,33): warning CS0618: 'DsfComDllActivity' is obsolete: 'DsfWebPostActivity is deprecated.' [C:\Users\ultra\warewolf\Dev\Dev2.Activities.Tests\Dev2.Activities.Tests.csproj]
C:\Users\ultra\warewolf\Dev\Dev2.Activities.Tests\ActivityComparerTests\ComDll\DsfComDllActivityEqualityTests.cs(1441,32): warning CS0618: 'DsfComDllActivity' is obsolete: 'DsfWebPostActivity is deprecated.' [C:\Users\ultra\warewolf\Dev\Dev2.Activities.Tests\Dev2.Activities.Tests.csproj]
C:\Users\ultra\warewolf\Dev\Dev2.Activities.Tests\ActivityComparerTests\ComDll\DsfComDllActivityEqualityTests.cs(1450,33): warning CS0618: 'DsfComDllActivity' is obsolete: 'DsfWebPostActivity is deprecated.' [C:\Users\ultra\warewolf\Dev\Dev2.Activities.Tests\Dev2.Activities.Tests.csproj]
C:\Users\ultra\warewolf\Dev\Dev2.Activities.Tests\ActivityComparerTests\ComDll\DsfComDllActivityEqualityTests.cs(1516,32): warning CS0618: 'DsfComDllActivity' is obsolete: 'DsfWebPostActivity is deprecated.' [C:\Users\ultra\warewolf\Dev\Dev2.Activities.Tests\Dev2.Activities.Tests.csproj]
C:\Users\ultra\warewolf\Dev\Dev2.Activities.Tests\ActivityComparerTests\ComDll\DsfComDllActivityEqualityTests.cs(1523,33): warning CS0618: 'DsfComDllActivity' is obsolete: 'DsfWebPostActivity is deprecated.' [C:\Users\ultra\warewolf\Dev\Dev2.Activities.Tests\Dev2.Activities.Tests.csproj]
C:\Users\ultra\warewolf\Dev\Dev2.Activities.Tests\ActivityComparerTests\ComDll\DsfComDllActivityEqualityTests.cs(1582,32): warning CS0618: 'DsfComDllActivity' is obsolete: 'DsfWebPostActivity is deprecated.' [C:\Users\ultra\warewolf\Dev\Dev2.Activities.Tests\Dev2.Activities.Tests.csproj]
C:\Users\ultra\warewolf\Dev\Dev2.Activities.Tests\ActivityComparerTests\ComDll\DsfComDllActivityEqualityTests.cs(1589,33): warning CS0618: 'DsfComDllActivity' is obsolete: 'DsfWebPostActivity is deprecated.' [C:\Users\ultra\warewolf\Dev\Dev2.Activities.Tests\Dev2.Activities.Tests.csproj]
C:\Users\ultra\warewolf\Dev\Dev2.Activities.Tests\ActivityComparerTests\ComDll\DsfComDllActivityEqualityTests.cs(1650,32): warning CS0618: 'DsfComDllActivity' is obsolete: 'DsfWebPostActivity is deprecated.' [C:\Users\ultra\warewolf\Dev\Dev2.Activities.Tests\Dev2.Activities.Tests.csproj]
C:\Users\ultra\warewolf\Dev\Dev2.Activities.Tests\ActivityComparerTests\ComDll\DsfComDllActivityEqualityTests.cs(1657,33): warning CS0618: 'DsfComDllActivity' is obsolete: 'DsfWebPostActivity is deprecated.' [C:\Users\ultra\warewolf\Dev\Dev2.Activities.Tests\Dev2.Activities.Tests.csproj]
C:\Users\ultra\warewolf\Dev\Dev2.Activities.Tests\ActivityComparerTests\ComDll\DsfComDllActivityEqualityTests.cs(1720,32): warning CS0618: 'DsfComDllActivity' is obsolete: 'DsfWebPostActivity is deprecated.' [C:\Users\ultra\warewolf\Dev\Dev2.Activities.Tests\Dev2.Activities.Tests.csproj]
C:\Users\ultra\warewolf\Dev\Dev2.Activities.Tests\ActivityComparerTests\ComDll\DsfComDllActivityEqualityTests.cs(1727,33): warning CS0618: 'DsfComDllActivity' is obsolete: 'DsfWebPostActivity is deprecated.' [C:\Users\ultra\warewolf\Dev\Dev2.Activities.Tests\Dev2.Activities.Tests.csproj]
C:\Users\ultra\warewolf\Dev\Dev2.Activities.Tests\ActivityComparerTests\ComDll\DsfComDllActivityEqualityTests.cs(1792,32): warning CS0618: 'DsfComDllActivity' is obsolete: 'DsfWebPostActivity is deprecated.' [C:\Users\ultra\warewolf\Dev\Dev2.Activities.Tests\Dev2.Activities.Tests.csproj]
C:\Users\ultra\warewolf\Dev\Dev2.Activities.Tests\ActivityComparerTests\ComDll\DsfComDllActivityEqualityTests.cs(1799,33): warning CS0618: 'DsfComDllActivity' is obsolete: 'DsfWebPostActivity is deprecated.' [C:\Users\ultra\warewolf\Dev\Dev2.Activities.Tests\Dev2.Activities.Tests.csproj]
C:\Users\ultra\warewolf\Dev\Dev2.Activities.Tests\ActivityTests\ExecuteCommandLineTest.cs(41,43): warning CS0618: 'TestContext.TestDir' is obsolete: 'This property is deprecated, use TestRunDirectory instead. It will be removed in next version.' [C:\Users\ultra\warewolf\Dev\Dev2.Activities.Tests\Dev2.Activities.Tests.csproj]
C:\Users\ultra\warewolf\Dev\Dev2.Activities.Tests\ActivityTests\ExecuteCommandLineTest.cs(105,47): warning CS0618: 'TestContext.TestDeploymentDir' is obsolete: 'This property is deprecated, use DeploymentDirectory instead. It will be removed in next version.' [C:\Users\ultra\warewolf\Dev\Dev2.Activities.Tests\Dev2.Activities.Tests.csproj]
C:\Users\ultra\warewolf\Dev\Dev2.Activities.Tests\ActivityTests\ZipTests.cs(33,28): warning MSTEST0005: Property 'TestContext' should be valid (https://learn.microsoft.com/dotnet/core/testing/mstest-analyzers/mstest0005) [C:\Users\ultra\warewolf\Dev\Dev2.Activities.Tests\Dev2.Activities.Tests.csproj]
C:\Users\ultra\warewolf\Dev\Dev2.Activities.Tests\FindMissingStrategyTest\StaticActivityFindMissingStrategyTests.cs(26,21): warning MSTEST0005: Property 'TestContext' should be valid (https://learn.microsoft.com/dotnet/core/testing/mstest-analyzers/mstest0005) [C:\Users\ultra\warewolf\Dev\Dev2.Activities.Tests\Dev2.Activities.Tests.csproj]
C:\Users\ultra\warewolf\Dev\Dev2.Activities.Tests\ActivityTests\SuspendExecutionActivityTests.cs(651,60): warning CA1416: This call site is reachable on all platforms. 'WindowsIdentity.GetCurrent()' is only supported on: 'windows'. (https://learn.microsoft.com/dotnet/fundamentals/code-analysis/quality-rules/ca1416) [C:\Users\ultra\warewolf\Dev\Dev2.Activities.Tests\Dev2.Activities.Tests.csproj]
C:\Users\ultra\warewolf\Dev\Dev2.Activities.Tests\ActivityTests\SuspendExecutionActivityTests.cs(651,60): warning CA1416: This call site is reachable on all platforms. 'WindowsIdentity.Name' is only supported on: 'windows'. (https://learn.microsoft.com/dotnet/fundamentals/code-analysis/quality-rules/ca1416) [C:\Users\ultra\warewolf\Dev\Dev2.Activities.Tests\Dev2.Activities.Tests.csproj]
C:\Users\ultra\warewolf\Dev\Dev2.Activities.Tests\ActivityTests\SuspendExecutionActivityTests.cs(613,58): warning CA1416: This call site is reachable on all platforms. 'WindowsIdentity.GetCurrent()' is only supported on: 'windows'. (https://learn.microsoft.com/dotnet/fundamentals/code-analysis/quality-rules/ca1416) [C:\Users\ultra\warewolf\Dev\Dev2.Activities.Tests\Dev2.Activities.Tests.csproj]
C:\Users\ultra\warewolf\Dev\Dev2.Activities.Tests\ActivityTests\SuspendExecutionActivityTests.cs(923,58): warning CA1416: This call site is reachable on all platforms. 'WindowsIdentity.GetCurrent()' is only supported on: 'windows'. (https://learn.microsoft.com/dotnet/fundamentals/code-analysis/quality-rules/ca1416) [C:\Users\ultra\warewolf\Dev\Dev2.Activities.Tests\Dev2.Activities.Tests.csproj]
C:\Users\ultra\warewolf\Dev\Dev2.Activities.Tests\ActivityTests\SuspendExecutionActivityTests.cs(699,58): warning CA1416: This call site is reachable on all platforms. 'WindowsIdentity.GetCurrent()' is only supported on: 'windows'. (https://learn.microsoft.com/dotnet/fundamentals/code-analysis/quality-rules/ca1416) [C:\Users\ultra\warewolf\Dev\Dev2.Activities.Tests\Dev2.Activities.Tests.csproj]
C:\Users\ultra\warewolf\Dev\Dev2.Activities.Tests\ActivityTests\SuspendExecutionActivityTests.cs(738,60): warning CA1416: This call site is reachable on all platforms. 'WindowsIdentity.GetCurrent()' is only supported on: 'windows'. (https://learn.microsoft.com/dotnet/fundamentals/code-analysis/quality-rules/ca1416) [C:\Users\ultra\warewolf\Dev\Dev2.Activities.Tests\Dev2.Activities.Tests.csproj]
C:\Users\ultra\warewolf\Dev\Dev2.Activities.Tests\ActivityTests\SuspendExecutionActivityTests.cs(738,60): warning CA1416: This call site is reachable on all platforms. 'WindowsIdentity.Name' is only supported on: 'windows'. (https://learn.microsoft.com/dotnet/fundamentals/code-analysis/quality-rules/ca1416) [C:\Users\ultra\warewolf\Dev\Dev2.Activities.Tests\Dev2.Activities.Tests.csproj]
C:\Users\ultra\warewolf\Dev\Dev2.Activities.Tests\ActivityTests\SuspendExecutionActivityTests.cs(1027,58): warning CA1416: This call site is reachable on all platforms. 'WindowsIdentity.GetCurrent()' is only supported on: 'windows'. (https://learn.microsoft.com/dotnet/fundamentals/code-analysis/quality-rules/ca1416) [C:\Users\ultra\warewolf\Dev\Dev2.Activities.Tests\Dev2.Activities.Tests.csproj]
  Warewolf.Trigger.Queue.Tests -> C:\Users\ultra\warewolf\Dev\Warewolf.Trigger.Queue.Tests\bin\Debug\net8.0\Warewolf.Trigger.Queue.Tests.dll
C:\Program Files\dotnet\sdk\10.0.201\Sdks\Microsoft.NET.Sdk\targets\Microsoft.NET.Sdk.targets(308,5): warning NETSDK1206: Found version-specific or distribution-specific runtime identifier(s): win10-x64, win10-x86, win7-x64, win7-x86, win8-x64, win8-x86, win81-x64, win81-x86. Affected libraries: Microsoft.Management.Infrastructure.Runtime.Win, SQLite. In .NET 8.0 and higher, assets for version-specific and distribution-specific runtime identifiers will not be found by default. See https://aka.ms/dotnet/rid-usage for details. [C:\Users\ultra\warewolf\Dev\Dev2.Activities.Tests\Dev2.Activities.Tests.csproj]
  Dev2.Activities.Tests -> C:\Users\ultra\warewolf\Dev\Dev2.Activities.Tests\bin\Debug\net8.0\Dev2.Activities.Tests.dll
C:\Program Files\dotnet\sdk\10.0.201\Microsoft.Common.CurrentVersion.targets(2451,5): warning MSB3277: Found conflicts between different versions of "WindowsBase" that could not be resolved. [C:\Users\ultra\warewolf\Dev\Warewolf.Tools.Specs\Warewolf.Tools.Specs.csproj]
C:\Program Files\dotnet\sdk\10.0.201\Microsoft.Common.CurrentVersion.targets(2451,5): warning MSB3277: There was a conflict between "WindowsBase, Version=4.0.0.0, Culture=neutral, PublicKeyToken=31bf3856ad364e35" and "WindowsBase, Version=6.0.2.0, Culture=neutral, PublicKeyToken=31bf3856ad364e35". [C:\Users\ultra\warewolf\Dev\Warewolf.Tools.Specs\Warewolf.Tools.Specs.csproj]
C:\Program Files\dotnet\sdk\10.0.201\Microsoft.Common.CurrentVersion.targets(2451,5): warning MSB3277:     "WindowsBase, Version=4.0.0.0, Culture=neutral, PublicKeyToken=31bf3856ad364e35" was chosen because it was primary and "WindowsBase, Version=6.0.2.0, Culture=neutral, PublicKeyToken=31bf3856ad364e35" was not. [C:\Users\ultra\warewolf\Dev\Warewolf.Tools.Specs\Warewolf.Tools.Specs.csproj]
C:\Program Files\dotnet\sdk\10.0.201\Microsoft.Common.CurrentVersion.targets(2451,5): warning MSB3277:     References which depend on "WindowsBase, Version=4.0.0.0, Culture=neutral, PublicKeyToken=31bf3856ad364e35" [C:\Program Files\dotnet\packs\Microsoft.NETCore.App.Ref\8.0.25\ref\net8.0\WindowsBase.dll]. [C:\Users\ultra\warewolf\Dev\Warewolf.Tools.Specs\Warewolf.Tools.Specs.csproj]
C:\Program Files\dotnet\sdk\10.0.201\Microsoft.Common.CurrentVersion.targets(2451,5): warning MSB3277:         C:\Program Files\dotnet\packs\Microsoft.NETCore.App.Ref\8.0.25\ref\net8.0\WindowsBase.dll [C:\Users\ultra\warewolf\Dev\Warewolf.Tools.Specs\Warewolf.Tools.Specs.csproj]
C:\Program Files\dotnet\sdk\10.0.201\Microsoft.Common.CurrentVersion.targets(2451,5): warning MSB3277:           Project file item includes which caused reference "C:\Program Files\dotnet\packs\Microsoft.NETCore.App.Ref\8.0.25\ref\net8.0\WindowsBase.dll". [C:\Users\ultra\warewolf\Dev\Warewolf.Tools.Specs\Warewolf.Tools.Specs.csproj]
C:\Program Files\dotnet\sdk\10.0.201\Microsoft.Common.CurrentVersion.targets(2451,5): warning MSB3277:             C:\Program Files\dotnet\packs\Microsoft.NETCore.App.Ref\8.0.25\ref/net8.0/WindowsBase.dll [C:\Users\ultra\warewolf\Dev\Warewolf.Tools.Specs\Warewolf.Tools.Specs.csproj]
C:\Program Files\dotnet\sdk\10.0.201\Microsoft.Common.CurrentVersion.targets(2451,5): warning MSB3277:     References which depend on or have been unified to "WindowsBase, Version=6.0.2.0, Culture=neutral, PublicKeyToken=31bf3856ad364e35" []. [C:\Users\ultra\warewolf\Dev\Warewolf.Tools.Specs\Warewolf.Tools.Specs.csproj]
C:\Program Files\dotnet\sdk\10.0.201\Microsoft.Common.CurrentVersion.targets(2451,5): warning MSB3277:         C:\Users\ultra\.nuget\packages\avalonedit\6.3.0.90\lib\net462\ICSharpCode.AvalonEdit.dll [C:\Users\ultra\warewolf\Dev\Warewolf.Tools.Specs\Warewolf.Tools.Specs.csproj]
C:\Program Files\dotnet\sdk\10.0.201\Microsoft.Common.CurrentVersion.targets(2451,5): warning MSB3277:           Project file item includes which caused reference "C:\Users\ultra\.nuget\packages\avalonedit\6.3.0.90\lib\net462\ICSharpCode.AvalonEdit.dll". [C:\Users\ultra\warewolf\Dev\Warewolf.Tools.Specs\Warewolf.Tools.Specs.csproj]
C:\Program Files\dotnet\sdk\10.0.201\Microsoft.Common.CurrentVersion.targets(2451,5): warning MSB3277:             C:\Users\ultra\.nuget\packages\avalonedit\6.3.0.90\lib\net462\ICSharpCode.AvalonEdit.dll [C:\Users\ultra\warewolf\Dev\Warewolf.Tools.Specs\Warewolf.Tools.Specs.csproj]
C:\Program Files\dotnet\sdk\10.0.201\Microsoft.Common.CurrentVersion.targets(2451,5): warning MSB3277:         C:\Users\ultra\.nuget\packages\caliburn.micro\4.0.212\lib\netcoreapp3.1\Caliburn.Micro.Platform.dll [C:\Users\ultra\warewolf\Dev\Warewolf.Tools.Specs\Warewolf.Tools.Specs.csproj]
C:\Program Files\dotnet\sdk\10.0.201\Microsoft.Common.CurrentVersion.targets(2451,5): warning MSB3277:           Project file item includes which caused reference "C:\Users\ultra\.nuget\packages\caliburn.micro\4.0.212\lib\netcoreapp3.1\Caliburn.Micro.Platform.dll". [C:\Users\ultra\warewolf\Dev\Warewolf.Tools.Specs\Warewolf.Tools.Specs.csproj]
C:\Program Files\dotnet\sdk\10.0.201\Microsoft.Common.CurrentVersion.targets(2451,5): warning MSB3277:             C:\Users\ultra\.nuget\packages\caliburn.micro\4.0.212\lib\netcoreapp3.1\Caliburn.Micro.Platform.dll [C:\Users\ultra\warewolf\Dev\Warewolf.Tools.Specs\Warewolf.Tools.Specs.csproj]
C:\Program Files\dotnet\sdk\10.0.201\Microsoft.Common.CurrentVersion.targets(2451,5): warning MSB3277:         C:\Users\ultra\.nuget\packages\extended.wpf.toolkit\4.4.0\lib\net5.0\Xceed.Wpf.AvalonDock.NET5.dll [C:\Users\ultra\warewolf\Dev\Warewolf.Tools.Specs\Warewolf.Tools.Specs.csproj]
C:\Program Files\dotnet\sdk\10.0.201\Microsoft.Common.CurrentVersion.targets(2451,5): warning MSB3277:           Project file item includes which caused reference "C:\Users\ultra\.nuget\packages\extended.wpf.toolkit\4.4.0\lib\net5.0\Xceed.Wpf.AvalonDock.NET5.dll". [C:\Users\ultra\warewolf\Dev\Warewolf.Tools.Specs\Warewolf.Tools.Specs.csproj]
C:\Program Files\dotnet\sdk\10.0.201\Microsoft.Common.CurrentVersion.targets(2451,5): warning MSB3277:             C:\Users\ultra\.nuget\packages\extended.wpf.toolkit\4.4.0\lib\net5.0\Xceed.Wpf.AvalonDock.NET5.dll [C:\Users\ultra\warewolf\Dev\Warewolf.Tools.Specs\Warewolf.Tools.Specs.csproj]
C:\Program Files\dotnet\sdk\10.0.201\Microsoft.Common.CurrentVersion.targets(2451,5): warning MSB3277:             C:\Users\ultra\.nuget\packages\extended.wpf.toolkit\4.4.0\lib\net5.0\Xceed.Wpf.AvalonDock.Themes.Aero.NET5.dll [C:\Users\ultra\warewolf\Dev\Warewolf.Tools.Specs\Warewolf.Tools.Specs.csproj]
C:\Program Files\dotnet\sdk\10.0.201\Microsoft.Common.CurrentVersion.targets(2451,5): warning MSB3277:             C:\Users\ultra\.nuget\packages\extended.wpf.toolkit\4.4.0\lib\net5.0\Xceed.Wpf.AvalonDock.Themes.Metro.NET5.dll [C:\Users\ultra\warewolf\Dev\Warewolf.Tools.Specs\Warewolf.Tools.Specs.csproj]
C:\Program Files\dotnet\sdk\10.0.201\Microsoft.Common.CurrentVersion.targets(2451,5): warning MSB3277:             C:\Users\ultra\.nuget\packages\extended.wpf.toolkit\4.4.0\lib\net5.0\Xceed.Wpf.AvalonDock.Themes.VS2010.NET5.dll [C:\Users\ultra\warewolf\Dev\Warewolf.Tools.Specs\Warewolf.Tools.Specs.csproj]
C:\Program Files\dotnet\sdk\10.0.201\Microsoft.Common.CurrentVersion.targets(2451,5): warning MSB3277:         C:\Users\ultra\.nuget\packages\extended.wpf.toolkit\4.4.0\lib\net5.0\Xceed.Wpf.AvalonDock.Themes.Aero.NET5.dll [C:\Users\ultra\warewolf\Dev\Warewolf.Tools.Specs\Warewolf.Tools.Specs.csproj]
C:\Program Files\dotnet\sdk\10.0.201\Microsoft.Common.CurrentVersion.targets(2451,5): warning MSB3277:           Project file item includes which caused reference "C:\Users\ultra\.nuget\packages\extended.wpf.toolkit\4.4.0\lib\net5.0\Xceed.Wpf.AvalonDock.Themes.Aero.NET5.dll". [C:\Users\ultra\warewolf\Dev\Warewolf.Tools.Specs\Warewolf.Tools.Specs.csproj]
C:\Program Files\dotnet\sdk\10.0.201\Microsoft.Common.CurrentVersion.targets(2451,5): warning MSB3277:             C:\Users\ultra\.nuget\packages\extended.wpf.toolkit\4.4.0\lib\net5.0\Xceed.Wpf.AvalonDock.Themes.Aero.NET5.dll [C:\Users\ultra\warewolf\Dev\Warewolf.Tools.Specs\Warewolf.Tools.Specs.csproj]
C:\Program Files\dotnet\sdk\10.0.201\Microsoft.Common.CurrentVersion.targets(2451,5): warning MSB3277:         C:\Users\ultra\.nuget\packages\extended.wpf.toolkit\4.4.0\lib\net5.0\Xceed.Wpf.Toolkit.NET5.dll [C:\Users\ultra\warewolf\Dev\Warewolf.Tools.Specs\Warewolf.Tools.Specs.csproj]
C:\Program Files\dotnet\sdk\10.0.201\Microsoft.Common.CurrentVersion.targets(2451,5): warning MSB3277:           Project file item includes which caused reference "C:\Users\ultra\.nuget\packages\extended.wpf.toolkit\4.4.0\lib\net5.0\Xceed.Wpf.Toolkit.NET5.dll". [C:\Users\ultra\warewolf\Dev\Warewolf.Tools.Specs\Warewolf.Tools.Specs.csproj]
C:\Program Files\dotnet\sdk\10.0.201\Microsoft.Common.CurrentVersion.targets(2451,5): warning MSB3277:             C:\Users\ultra\.nuget\packages\extended.wpf.toolkit\4.4.0\lib\net5.0\Xceed.Wpf.Toolkit.NET5.dll [C:\Users\ultra\warewolf\Dev\Warewolf.Tools.Specs\Warewolf.Tools.Specs.csproj]
C:\Program Files\dotnet\sdk\10.0.201\Microsoft.Common.CurrentVersion.targets(2451,5): warning MSB3277:         C:\Users\ultra\.nuget\packages\fontawesome.wpf\4.7.0.9\lib\net40\FontAwesome.WPF.dll [C:\Users\ultra\warewolf\Dev\Warewolf.Tools.Specs\Warewolf.Tools.Specs.csproj]
C:\Program Files\dotnet\sdk\10.0.201\Microsoft.Common.CurrentVersion.targets(2451,5): warning MSB3277:           Project file item includes which caused reference "C:\Users\ultra\.nuget\packages\fontawesome.wpf\4.7.0.9\lib\net40\FontAwesome.WPF.dll". [C:\Users\ultra\warewolf\Dev\Warewolf.Tools.Specs\Warewolf.Tools.Specs.csproj]
C:\Program Files\dotnet\sdk\10.0.201\Microsoft.Common.CurrentVersion.targets(2451,5): warning MSB3277:             C:\Users\ultra\.nuget\packages\fontawesome.wpf\4.7.0.9\lib\net40\FontAwesome.WPF.dll [C:\Users\ultra\warewolf\Dev\Warewolf.Tools.Specs\Warewolf.Tools.Specs.csproj]
C:\Program Files\dotnet\sdk\10.0.201\Microsoft.Common.CurrentVersion.targets(2451,5): warning MSB3277:         C:\Users\ultra\.nuget\packages\ironpython\3.4.0\lib\net6.0\IronPython.Wpf.dll [C:\Users\ultra\warewolf\Dev\Warewolf.Tools.Specs\Warewolf.Tools.Specs.csproj]
C:\Program Files\dotnet\sdk\10.0.201\Microsoft.Common.CurrentVersion.targets(2451,5): warning MSB3277:           Project file item includes which caused reference "C:\Users\ultra\.nuget\packages\ironpython\3.4.0\lib\net6.0\IronPython.Wpf.dll". [C:\Users\ultra\warewolf\Dev\Warewolf.Tools.Specs\Warewolf.Tools.Specs.csproj]
C:\Program Files\dotnet\sdk\10.0.201\Microsoft.Common.CurrentVersion.targets(2451,5): warning MSB3277:             C:\Users\ultra\.nuget\packages\ironpython\3.4.0\lib\net6.0\IronPython.Wpf.dll [C:\Users\ultra\warewolf\Dev\Warewolf.Tools.Specs\Warewolf.Tools.Specs.csproj]
C:\Program Files\dotnet\sdk\10.0.201\Microsoft.Common.CurrentVersion.targets(2451,5): warning MSB3277:         C:\Users\ultra\.nuget\packages\microsoft.xaml.behaviors.wpf\1.1.122\lib\net462\Microsoft.Xaml.Behaviors.dll [C:\Users\ultra\warewolf\Dev\Warewolf.Tools.Specs\Warewolf.Tools.Specs.csproj]
C:\Program Files\dotnet\sdk\10.0.201\Microsoft.Common.CurrentVersion.targets(2451,5): warning MSB3277:           Project file item includes which caused reference "C:\Users\ultra\.nuget\packages\microsoft.xaml.behaviors.wpf\1.1.122\lib\net462\Microsoft.Xaml.Behaviors.dll". [C:\Users\ultra\warewolf\Dev\Warewolf.Tools.Specs\Warewolf.Tools.Specs.csproj]
C:\Program Files\dotnet\sdk\10.0.201\Microsoft.Common.CurrentVersion.targets(2451,5): warning MSB3277:             C:\Users\ultra\.nuget\packages\microsoft.xaml.behaviors.wpf\1.1.122\lib\net462\Microsoft.Xaml.Behaviors.dll [C:\Users\ultra\warewolf\Dev\Warewolf.Tools.Specs\Warewolf.Tools.Specs.csproj]
C:\Program Files\dotnet\sdk\10.0.201\Microsoft.Common.CurrentVersion.targets(2451,5): warning MSB3277:             C:\Users\ultra\.nuget\packages\caliburn.micro\4.0.212\lib\netcoreapp3.1\Caliburn.Micro.Platform.dll [C:\Users\ultra\warewolf\Dev\Warewolf.Tools.Specs\Warewolf.Tools.Specs.csproj]
C:\Program Files\dotnet\sdk\10.0.201\Microsoft.Common.CurrentVersion.targets(2451,5): warning MSB3277:             C:\Users\ultra\.nuget\packages\prism.wpf\9.0.537\lib\net462\Prism.Wpf.dll [C:\Users\ultra\warewolf\Dev\Warewolf.Tools.Specs\Warewolf.Tools.Specs.csproj]
C:\Program Files\dotnet\sdk\10.0.201\Microsoft.Common.CurrentVersion.targets(2451,5): warning MSB3277:         C:\Users\ultra\.nuget\packages\prism.composition\5.0.0\lib\NET45\Microsoft.Practices.Prism.Composition.dll [C:\Users\ultra\warewolf\Dev\Warewolf.Tools.Specs\Warewolf.Tools.Specs.csproj]
C:\Program Files\dotnet\sdk\10.0.201\Microsoft.Common.CurrentVersion.targets(2451,5): warning MSB3277:           Project file item includes which caused reference "C:\Users\ultra\.nuget\packages\prism.composition\5.0.0\lib\NET45\Microsoft.Practices.Prism.Composition.dll". [C:\Users\ultra\warewolf\Dev\Warewolf.Tools.Specs\Warewolf.Tools.Specs.csproj]
C:\Program Files\dotnet\sdk\10.0.201\Microsoft.Common.CurrentVersion.targets(2451,5): warning MSB3277:             C:\Users\ultra\.nuget\packages\prism.composition\5.0.0\lib\NET45\Microsoft.Practices.Prism.Composition.dll [C:\Users\ultra\warewolf\Dev\Warewolf.Tools.Specs\Warewolf.Tools.Specs.csproj]
C:\Program Files\dotnet\sdk\10.0.201\Microsoft.Common.CurrentVersion.targets(2451,5): warning MSB3277:             C:\Users\ultra\.nuget\packages\prism.unityextensions\5.0.1\lib\NET45\Microsoft.Practices.Prism.UnityExtensions.dll [C:\Users\ultra\warewolf\Dev\Warewolf.Tools.Specs\Warewolf.Tools.Specs.csproj]
C:\Program Files\dotnet\sdk\10.0.201\Microsoft.Common.CurrentVersion.targets(2451,5): warning MSB3277:         C:\Users\ultra\.nuget\packages\prism.interactivity\5.0.0\lib\NET45\Microsoft.Practices.Prism.Interactivity.dll [C:\Users\ultra\warewolf\Dev\Warewolf.Tools.Specs\Warewolf.Tools.Specs.csproj]
C:\Program Files\dotnet\sdk\10.0.201\Microsoft.Common.CurrentVersion.targets(2451,5): warning MSB3277:           Project file item includes which caused reference "C:\Users\ultra\.nuget\packages\prism.interactivity\5.0.0\lib\NET45\Microsoft.Practices.Prism.Interactivity.dll". [C:\Users\ultra\warewolf\Dev\Warewolf.Tools.Specs\Warewolf.Tools.Specs.csproj]
C:\Program Files\dotnet\sdk\10.0.201\Microsoft.Common.CurrentVersion.targets(2451,5): warning MSB3277:             C:\Users\ultra\.nuget\packages\prism.interactivity\5.0.0\lib\NET45\Microsoft.Practices.Prism.Interactivity.dll [C:\Users\ultra\warewolf\Dev\Warewolf.Tools.Specs\Warewolf.Tools.Specs.csproj]
C:\Program Files\dotnet\sdk\10.0.201\Microsoft.Common.CurrentVersion.targets(2451,5): warning MSB3277:         C:\Users\ultra\.nuget\packages\prism.mvvm\1.0.0\lib\net45\Microsoft.Practices.Prism.Mvvm.Desktop.dll [C:\Users\ultra\warewolf\Dev\Warewolf.Tools.Specs\Warewolf.Tools.Specs.csproj]
C:\Program Files\dotnet\sdk\10.0.201\Microsoft.Common.CurrentVersion.targets(2451,5): warning MSB3277:           Project file item includes which caused reference "C:\Users\ultra\.nuget\packages\prism.mvvm\1.0.0\lib\net45\Microsoft.Practices.Prism.Mvvm.Desktop.dll". [C:\Users\ultra\warewolf\Dev\Warewolf.Tools.Specs\Warewolf.Tools.Specs.csproj]
C:\Program Files\dotnet\sdk\10.0.201\Microsoft.Common.CurrentVersion.targets(2451,5): warning MSB3277:             C:\Users\ultra\.nuget\packages\prism.mvvm\1.0.0\lib\net45\Microsoft.Practices.Prism.Mvvm.Desktop.dll [C:\Users\ultra\warewolf\Dev\Warewolf.Tools.Specs\Warewolf.Tools.Specs.csproj]
C:\Program Files\dotnet\sdk\10.0.201\Microsoft.Common.CurrentVersion.targets(2451,5): warning MSB3277:         C:\Users\ultra\.nuget\packages\prism.unityextensions\5.0.1\lib\NET45\Microsoft.Practices.Prism.UnityExtensions.dll [C:\Users\ultra\warewolf\Dev\Warewolf.Tools.Specs\Warewolf.Tools.Specs.csproj]
C:\Program Files\dotnet\sdk\10.0.201\Microsoft.Common.CurrentVersion.targets(2451,5): warning MSB3277:           Project file item includes which caused reference "C:\Users\ultra\.nuget\packages\prism.unityextensions\5.0.1\lib\NET45\Microsoft.Practices.Prism.UnityExtensions.dll". [C:\Users\ultra\warewolf\Dev\Warewolf.Tools.Specs\Warewolf.Tools.Specs.csproj]
C:\Program Files\dotnet\sdk\10.0.201\Microsoft.Common.CurrentVersion.targets(2451,5): warning MSB3277:             C:\Users\ultra\.nuget\packages\prism.unityextensions\5.0.1\lib\NET45\Microsoft.Practices.Prism.UnityExtensions.dll [C:\Users\ultra\warewolf\Dev\Warewolf.Tools.Specs\Warewolf.Tools.Specs.csproj]
C:\Program Files\dotnet\sdk\10.0.201\Microsoft.Common.CurrentVersion.targets(2451,5): warning MSB3277:         C:\Users\ultra\.nuget\packages\prism.wpf\9.0.537\lib\net462\Prism.Wpf.dll [C:\Users\ultra\warewolf\Dev\Warewolf.Tools.Specs\Warewolf.Tools.Specs.csproj]
C:\Program Files\dotnet\sdk\10.0.201\Microsoft.Common.CurrentVersion.targets(2451,5): warning MSB3277:           Project file item includes which caused reference "C:\Users\ultra\.nuget\packages\prism.wpf\9.0.537\lib\net462\Prism.Wpf.dll". [C:\Users\ultra\warewolf\Dev\Warewolf.Tools.Specs\Warewolf.Tools.Specs.csproj]
C:\Program Files\dotnet\sdk\10.0.201\Microsoft.Common.CurrentVersion.targets(2451,5): warning MSB3277:             C:\Users\ultra\.nuget\packages\prism.wpf\9.0.537\lib\net462\Prism.Wpf.dll [C:\Users\ultra\warewolf\Dev\Warewolf.Tools.Specs\Warewolf.Tools.Specs.csproj]
C:\Program Files\dotnet\sdk\10.0.201\Microsoft.Common.CurrentVersion.targets(2451,5): warning MSB3277:         C:\Users\ultra\.nuget\packages\reactiveui.wpf\18.4.1\lib\net462\ReactiveUI.Wpf.dll [C:\Users\ultra\warewolf\Dev\Warewolf.Tools.Specs\Warewolf.Tools.Specs.csproj]
C:\Program Files\dotnet\sdk\10.0.201\Microsoft.Common.CurrentVersion.targets(2451,5): warning MSB3277:           Project file item includes which caused reference "C:\Users\ultra\.nuget\packages\reactiveui.wpf\18.4.1\lib\net462\ReactiveUI.Wpf.dll". [C:\Users\ultra\warewolf\Dev\Warewolf.Tools.Specs\Warewolf.Tools.Specs.csproj]
C:\Program Files\dotnet\sdk\10.0.201\Microsoft.Common.CurrentVersion.targets(2451,5): warning MSB3277:             C:\Users\ultra\.nuget\packages\reactiveui.wpf\18.4.1\lib\net462\ReactiveUI.Wpf.dll [C:\Users\ultra\warewolf\Dev\Warewolf.Tools.Specs\Warewolf.Tools.Specs.csproj]
C:\Program Files\dotnet\sdk\10.0.201\Microsoft.Common.CurrentVersion.targets(2451,5): warning MSB3277: Found conflicts between different versions of "System.Drawing.Common" that could not be resolved. [C:\Users\ultra\warewolf\Dev\Warewolf.Tools.Specs\Warewolf.Tools.Specs.csproj]
C:\Program Files\dotnet\sdk\10.0.201\Microsoft.Common.CurrentVersion.targets(2451,5): warning MSB3277: There was a conflict between "System.Drawing.Common, Version=6.0.0.0, Culture=neutral, PublicKeyToken=cc7b13ffcd2ddd51" and "System.Drawing.Common, Version=8.0.0.0, Culture=neutral, PublicKeyToken=cc7b13ffcd2ddd51". [C:\Users\ultra\warewolf\Dev\Warewolf.Tools.Specs\Warewolf.Tools.Specs.csproj]
C:\Program Files\dotnet\sdk\10.0.201\Microsoft.Common.CurrentVersion.targets(2451,5): warning MSB3277:     "System.Drawing.Common, Version=6.0.0.0, Culture=neutral, PublicKeyToken=cc7b13ffcd2ddd51" was chosen because it was primary and "System.Drawing.Common, Version=8.0.0.0, Culture=neutral, PublicKeyToken=cc7b13ffcd2ddd51" was not. [C:\Users\ultra\warewolf\Dev\Warewolf.Tools.Specs\Warewolf.Tools.Specs.csproj]
C:\Program Files\dotnet\sdk\10.0.201\Microsoft.Common.CurrentVersion.targets(2451,5): warning MSB3277:     References which depend on "System.Drawing.Common, Version=6.0.0.0, Culture=neutral, PublicKeyToken=cc7b13ffcd2ddd51" [C:\Users\ultra\.nuget\packages\system.drawing.common\6.0.0\lib\net6.0\System.Drawing.Common.dll]. [C:\Users\ultra\warewolf\Dev\Warewolf.Tools.Specs\Warewolf.Tools.Specs.csproj]
C:\Program Files\dotnet\sdk\10.0.201\Microsoft.Common.CurrentVersion.targets(2451,5): warning MSB3277:         C:\Users\ultra\.nuget\packages\system.drawing.common\6.0.0\lib\net6.0\System.Drawing.Common.dll [C:\Users\ultra\warewolf\Dev\Warewolf.Tools.Specs\Warewolf.Tools.Specs.csproj]
C:\Program Files\dotnet\sdk\10.0.201\Microsoft.Common.CurrentVersion.targets(2451,5): warning MSB3277:           Project file item includes which caused reference "C:\Users\ultra\.nuget\packages\system.drawing.common\6.0.0\lib\net6.0\System.Drawing.Common.dll". [C:\Users\ultra\warewolf\Dev\Warewolf.Tools.Specs\Warewolf.Tools.Specs.csproj]
C:\Program Files\dotnet\sdk\10.0.201\Microsoft.Common.CurrentVersion.targets(2451,5): warning MSB3277:             C:\Users\ultra\.nuget\packages\system.drawing.common\6.0.0\lib\net6.0\System.Drawing.Common.dll [C:\Users\ultra\warewolf\Dev\Warewolf.Tools.Specs\Warewolf.Tools.Specs.csproj]
C:\Program Files\dotnet\sdk\10.0.201\Microsoft.Common.CurrentVersion.targets(2451,5): warning MSB3277:     References which depend on or have been unified to "System.Drawing.Common, Version=8.0.0.0, Culture=neutral, PublicKeyToken=cc7b13ffcd2ddd51" []. [C:\Users\ultra\warewolf\Dev\Warewolf.Tools.Specs\Warewolf.Tools.Specs.csproj]
C:\Program Files\dotnet\sdk\10.0.201\Microsoft.Common.CurrentVersion.targets(2451,5): warning MSB3277:         C:\Users\ultra\.nuget\packages\servicestack\6.3.0\lib\net6.0\ServiceStack.dll [C:\Users\ultra\warewolf\Dev\Warewolf.Tools.Specs\Warewolf.Tools.Specs.csproj]
C:\Program Files\dotnet\sdk\10.0.201\Microsoft.Common.CurrentVersion.targets(2451,5): warning MSB3277:           Project file item includes which caused reference "C:\Users\ultra\.nuget\packages\servicestack\6.3.0\lib\net6.0\ServiceStack.dll". [C:\Users\ultra\warewolf\Dev\Warewolf.Tools.Specs\Warewolf.Tools.Specs.csproj]
C:\Program Files\dotnet\sdk\10.0.201\Microsoft.Common.CurrentVersion.targets(2451,5): warning MSB3277:             C:\Users\ultra\.nuget\packages\servicestack\6.3.0\lib\net6.0\ServiceStack.dll [C:\Users\ultra\warewolf\Dev\Warewolf.Tools.Specs\Warewolf.Tools.Specs.csproj]
C:\Program Files\dotnet\sdk\10.0.201\Microsoft.Common.CurrentVersion.targets(2451,5): warning MSB3277:         C:\Users\ultra\.nuget\packages\system.windows.extensions\8.0.0\lib\net8.0\System.Windows.Extensions.dll [C:\Users\ultra\warewolf\Dev\Warewolf.Tools.Specs\Warewolf.Tools.Specs.csproj]
C:\Program Files\dotnet\sdk\10.0.201\Microsoft.Common.CurrentVersion.targets(2451,5): warning MSB3277:           Project file item includes which caused reference "C:\Users\ultra\.nuget\packages\system.windows.extensions\8.0.0\lib\net8.0\System.Windows.Extensions.dll". [C:\Users\ultra\warewolf\Dev\Warewolf.Tools.Specs\Warewolf.Tools.Specs.csproj]
C:\Program Files\dotnet\sdk\10.0.201\Microsoft.Common.CurrentVersion.targets(2451,5): warning MSB3277:             C:\Users\ultra\.nuget\packages\system.windows.extensions\8.0.0\lib\net8.0\System.Windows.Extensions.dll [C:\Users\ultra\warewolf\Dev\Warewolf.Tools.Specs\Warewolf.Tools.Specs.csproj]
C:\Program Files\dotnet\sdk\10.0.201\Microsoft.Common.CurrentVersion.targets(2451,5): warning MSB3277:             C:\Users\ultra\.nuget\packages\extended.wpf.toolkit\4.4.0\lib\net5.0\Xceed.Wpf.Toolkit.NET5.dll [C:\Users\ultra\warewolf\Dev\Warewolf.Tools.Specs\Warewolf.Tools.Specs.csproj]
C:\Program Files\dotnet\sdk\10.0.201\Microsoft.Common.CurrentVersion.targets(2451,5): warning MSB3277:             C:\Users\ultra\.nuget\packages\system.security.permissions\8.0.0\lib\net8.0\System.Security.Permissions.dll [C:\Users\ultra\warewolf\Dev\Warewolf.Tools.Specs\Warewolf.Tools.Specs.csproj]
C:\Program Files\dotnet\sdk\10.0.201\Microsoft.Common.CurrentVersion.targets(2451,5): warning MSB3277:             C:\Users\ultra\warewolf\Dev\Dev2.Data\bin\Debug\net8.0\Dev2.Data.dll [C:\Users\ultra\warewolf\Dev\Warewolf.Tools.Specs\Warewolf.Tools.Specs.csproj]
C:\Program Files\dotnet\sdk\10.0.201\Microsoft.Common.CurrentVersion.targets(2451,5): warning MSB3277:             C:\Users\ultra\warewolf\Dev\Dev2.Activities.Tests\bin\Debug\net8.0\Dev2.Activities.Tests.dll [C:\Users\ultra\warewolf\Dev\Warewolf.Tools.Specs\Warewolf.Tools.Specs.csproj]
C:\Program Files\dotnet\sdk\10.0.201\Microsoft.Common.CurrentVersion.targets(2451,5): warning MSB3277:             C:\Users\ultra\warewolf\Dev\Dev2.Activities\bin\Debug\net8.0\Dev2.Activities.dll [C:\Users\ultra\warewolf\Dev\Warewolf.Tools.Specs\Warewolf.Tools.Specs.csproj]
C:\Program Files\dotnet\sdk\10.0.201\Microsoft.Common.CurrentVersion.targets(2451,5): warning MSB3277:             C:\Users\ultra\warewolf\Dev\Dev2.Core\bin\Debug\net8.0\Dev2.Core.dll [C:\Users\ultra\warewolf\Dev\Warewolf.Tools.Specs\Warewolf.Tools.Specs.csproj]
C:\Program Files\dotnet\sdk\10.0.201\Microsoft.Common.CurrentVersion.targets(2451,5): warning MSB3277:             C:\Users\ultra\warewolf\Dev\Dev2.Infrastructure.Tests\bin\Debug\net8.0\Dev2.Infrastructure.Tests.dll [C:\Users\ultra\warewolf\Dev\Warewolf.Tools.Specs\Warewolf.Tools.Specs.csproj]
C:\Program Files\dotnet\sdk\10.0.201\Microsoft.Common.CurrentVersion.targets(2451,5): warning MSB3277:             C:\Users\ultra\warewolf\Dev\Dev2.Runtime.Services\bin\Debug\net8.0\Dev2.Runtime.Services.dll [C:\Users\ultra\warewolf\Dev\Warewolf.Tools.Specs\Warewolf.Tools.Specs.csproj]
C:\Program Files\dotnet\sdk\10.0.201\Microsoft.Common.CurrentVersion.targets(2451,5): warning MSB3277:             C:\Users\ultra\warewolf\Dev\Dev2.Runtime\bin\Debug\net8.0\Dev2.Runtime.dll [C:\Users\ultra\warewolf\Dev\Warewolf.Tools.Specs\Warewolf.Tools.Specs.csproj]
C:\Program Files\dotnet\sdk\10.0.201\Microsoft.Common.CurrentVersion.targets(2451,5): warning MSB3277:             C:\Users\ultra\warewolf\Dev\Dev2.Studio.Core\bin\Debug\net8.0\Dev2.Studio.Core.dll [C:\Users\ultra\warewolf\Dev\Warewolf.Tools.Specs\Warewolf.Tools.Specs.csproj]
C:\Program Files\dotnet\sdk\10.0.201\Microsoft.Common.CurrentVersion.targets(2451,5): warning MSB3277:             C:\Users\ultra\warewolf\Dev\Dev2.Studio.Interfaces\bin\Debug\net8.0\Dev2.Studio.Interfaces.dll [C:\Users\ultra\warewolf\Dev\Warewolf.Tools.Specs\Warewolf.Tools.Specs.csproj]
C:\Program Files\dotnet\sdk\10.0.201\Microsoft.Common.CurrentVersion.targets(2451,5): warning MSB3277:             C:\Users\ultra\warewolf\Dev\Dev2.Studio\bin\Debug\net8.0\Warewolf Studio.dll [C:\Users\ultra\warewolf\Dev\Warewolf.Tools.Specs\Warewolf.Tools.Specs.csproj]
C:\Program Files\dotnet\sdk\10.0.201\Microsoft.Common.CurrentVersion.targets(2451,5): warning MSB3277:             C:\Users\ultra\warewolf\Dev\Warewolf.Core\bin\Debug\net8.0\Warewolf.Core.dll [C:\Users\ultra\warewolf\Dev\Warewolf.Tools.Specs\Warewolf.Tools.Specs.csproj]
C:\Program Files\dotnet\sdk\10.0.201\Microsoft.Common.CurrentVersion.targets(2451,5): warning MSB3277:             C:\Users\ultra\warewolf\Dev\Warewolf.Studio.Core\bin\Debug\net8.0\Warewolf.Studio.Core.dll [C:\Users\ultra\warewolf\Dev\Warewolf.Tools.Specs\Warewolf.Tools.Specs.csproj]
C:\Program Files\dotnet\sdk\10.0.201\Microsoft.Common.CurrentVersion.targets(2451,5): warning MSB3277:             C:\Users\ultra\warewolf\Dev\Warewolf.Studio.ViewModels\bin\Debug\net8.0\Warewolf.Studio.ViewModels.dll [C:\Users\ultra\warewolf\Dev\Warewolf.Tools.Specs\Warewolf.Tools.Specs.csproj]
C:\Program Files\dotnet\sdk\10.0.201\Microsoft.Common.CurrentVersion.targets(2451,5): warning MSB3277:             C:\Users\ultra\warewolf\Dev\Dev2.Common.Tests\bin\Debug\net8.0\Dev2.Common.Tests.dll [C:\Users\ultra\warewolf\Dev\Warewolf.Tools.Specs\Warewolf.Tools.Specs.csproj]
C:\Program Files\dotnet\sdk\10.0.201\Microsoft.Common.CurrentVersion.targets(2451,5): warning MSB3277:             C:\Users\ultra\warewolf\Dev\Dev2.Diagnostics.Tests\bin\Debug\net8.0\Dev2.Diagnostics.Tests.dll [C:\Users\ultra\warewolf\Dev\Warewolf.Tools.Specs\Warewolf.Tools.Specs.csproj]
C:\Program Files\dotnet\sdk\10.0.201\Microsoft.Common.CurrentVersion.targets(2451,5): warning MSB3277:             C:\Users\ultra\warewolf\Dev\Dev2.Intellisense\bin\Debug\net8.0\Dev2.Intellisense.dll [C:\Users\ultra\warewolf\Dev\Warewolf.Tools.Specs\Warewolf.Tools.Specs.csproj]
C:\Program Files\dotnet\sdk\10.0.201\Microsoft.Common.CurrentVersion.targets(2451,5): warning MSB3277:             C:\Users\ultra\warewolf\Dev\Dev2.Runtime.WebServer\bin\Debug\net8.0\Dev2.Runtime.WebServer.dll [C:\Users\ultra\warewolf\Dev\Warewolf.Tools.Specs\Warewolf.Tools.Specs.csproj]
C:\Program Files\dotnet\sdk\10.0.201\Microsoft.Common.CurrentVersion.targets(2451,5): warning MSB3277:             C:\Users\ultra\warewolf\Dev\Dev2.Scheduler\bin\Debug\net8.0\Dev2.Scheduler.dll [C:\Users\ultra\warewolf\Dev\Warewolf.Tools.Specs\Warewolf.Tools.Specs.csproj]
C:\Program Files\dotnet\sdk\10.0.201\Microsoft.Common.CurrentVersion.targets(2451,5): warning MSB3277:             C:\Users\ultra\warewolf\Dev\Dev2.Services.Execution\bin\Debug\net8.0\Dev2.Services.Execution.dll [C:\Users\ultra\warewolf\Dev\Warewolf.Tools.Specs\Warewolf.Tools.Specs.csproj]
C:\Program Files\dotnet\sdk\10.0.201\Microsoft.Common.CurrentVersion.targets(2451,5): warning MSB3277:             C:\Users\ultra\warewolf\Dev\Warewolf.HangfireServer\bin\Debug\net8.0\HangfireServer.dll [C:\Users\ultra\warewolf\Dev\Warewolf.Tools.Specs\Warewolf.Tools.Specs.csproj]
C:\Program Files\dotnet\sdk\10.0.201\Microsoft.Common.CurrentVersion.targets(2451,5): warning MSB3277:             C:\Users\ultra\warewolf\Dev\Warewolf.QueueWorker\bin\Debug\net8.0\QueueWorker.dll [C:\Users\ultra\warewolf\Dev\Warewolf.Tools.Specs\Warewolf.Tools.Specs.csproj]
C:\Program Files\dotnet\sdk\10.0.201\Microsoft.Common.CurrentVersion.targets(2451,5): warning MSB3277:             C:\Users\ultra\warewolf\Dev\Dev2.Server\bin\Debug\net8.0\Warewolf Server.dll [C:\Users\ultra\warewolf\Dev\Warewolf.Tools.Specs\Warewolf.Tools.Specs.csproj]
C:\Program Files\dotnet\sdk\10.0.201\Microsoft.Common.CurrentVersion.targets(2451,5): warning MSB3277:             C:\Users\ultra\warewolf\Dev\Warewolf.Auditing\bin\Debug\net8.0\Warewolf.Auditing.dll [C:\Users\ultra\warewolf\Dev\Warewolf.Tools.Specs\Warewolf.Tools.Specs.csproj]
C:\Program Files\dotnet\sdk\10.0.201\Microsoft.Common.CurrentVersion.targets(2451,5): warning MSB3277:             C:\Users\ultra\warewolf\Dev\Warewolf.Common.Framework48\bin\Debug\net8.0\Warewolf.Common.Framework48.dll [C:\Users\ultra\warewolf\Dev\Warewolf.Tools.Specs\Warewolf.Tools.Specs.csproj]
C:\Program Files\dotnet\sdk\10.0.201\Microsoft.Common.CurrentVersion.targets(2451,5): warning MSB3277:             C:\Users\ultra\warewolf\Dev\Warewolf.Common.NetStandard20\bin\Debug\net8.0\Warewolf.Common.NetStandard20.dll [C:\Users\ultra\warewolf\Dev\Warewolf.Tools.Specs\Warewolf.Tools.Specs.csproj]
C:\Program Files\dotnet\sdk\10.0.201\Microsoft.Common.CurrentVersion.targets(2451,5): warning MSB3277:             C:\Users\ultra\warewolf\Dev\Warewolf.Core.Tests\bin\Debug\net8.0\Warewolf.Core.Tests.dll [C:\Users\ultra\warewolf\Dev\Warewolf.Tools.Specs\Warewolf.Tools.Specs.csproj]
C:\Program Files\dotnet\sdk\10.0.201\Microsoft.Common.CurrentVersion.targets(2451,5): warning MSB3277:             C:\Users\ultra\warewolf\Dev\Warewolf.Driver.Persistence\bin\Debug\net8.0\Warewolf.Driver.Persistence.dll [C:\Users\ultra\warewolf\Dev\Warewolf.Tools.Specs\Warewolf.Tools.Specs.csproj]
C:\Program Files\dotnet\sdk\10.0.201\Microsoft.Common.CurrentVersion.targets(2451,5): warning MSB3277:             C:\Users\ultra\warewolf\Dev\Warewolf.Exchange.Email.Wrapper\bin\Debug\net8.0\Warewolf.Exchange.Email.Wrapper.dll [C:\Users\ultra\warewolf\Dev\Warewolf.Tools.Specs\Warewolf.Tools.Specs.csproj]
C:\Program Files\dotnet\sdk\10.0.201\Microsoft.Common.CurrentVersion.targets(2451,5): warning MSB3277:             C:\Users\ultra\warewolf\Dev\Warewolf.MergeParser.Tests\bin\Debug\net8.0\Warewolf.MergeParser.Tests.dll [C:\Users\ultra\warewolf\Dev\Warewolf.Tools.Specs\Warewolf.Tools.Specs.csproj]
C:\Program Files\dotnet\sdk\10.0.201\Microsoft.Common.CurrentVersion.targets(2451,5): warning MSB3277:             C:\Users\ultra\warewolf\Dev\Warewolf.ResourceManagement\bin\Debug\net8.0\Warewolf.ResourceManagement.dll [C:\Users\ultra\warewolf\Dev\Warewolf.Tools.Specs\Warewolf.Tools.Specs.csproj]
C:\Program Files\dotnet\sdk\10.0.201\Microsoft.Common.CurrentVersion.targets(2451,5): warning MSB3277:             C:\Users\ultra\warewolf\Dev\Warewolf.Studio.CustomControls\bin\Debug\net8.0\Warewolf.Studio.CustomControls.dll [C:\Users\ultra\warewolf\Dev\Warewolf.Tools.Specs\Warewolf.Tools.Specs.csproj]
C:\Program Files\dotnet\sdk\10.0.201\Microsoft.Common.CurrentVersion.targets(2451,5): warning MSB3277:             C:\Users\ultra\warewolf\Dev\Warewolf.Studio.Models\bin\Debug\net8.0\Warewolf.Studio.Models.dll [C:\Users\ultra\warewolf\Dev\Warewolf.Tools.Specs\Warewolf.Tools.Specs.csproj]
C:\Program Files\dotnet\sdk\10.0.201\Microsoft.Common.CurrentVersion.targets(2451,5): warning MSB3277:             C:\Users\ultra\warewolf\Dev\Warewolf.Testing\bin\Debug\net8.0\Warewolf.Testing.dll [C:\Users\ultra\warewolf\Dev\Warewolf.Tools.Specs\Warewolf.Tools.Specs.csproj]
C:\Program Files\dotnet\sdk\10.0.201\Microsoft.Common.CurrentVersion.targets(2451,5): warning MSB3277:             C:\Users\ultra\warewolf\Dev\Warewolf.Trigger.Queue\bin\Debug\net8.0\Warewolf.Trigger.Queue.dll [C:\Users\ultra\warewolf\Dev\Warewolf.Tools.Specs\Warewolf.Tools.Specs.csproj]
C:\Program Files\dotnet\sdk\10.0.201\Microsoft.Common.CurrentVersion.targets(2451,5): warning MSB3277:             C:\Users\ultra\warewolf\Dev\Warewolf.UI\bin\Debug\net8.0\Warewolf.UI.dll [C:\Users\ultra\warewolf\Dev\Warewolf.Tools.Specs\Warewolf.Tools.Specs.csproj]
C:\Program Files\dotnet\sdk\10.0.201\Microsoft.Common.CurrentVersion.targets(2451,5): warning MSB3277:             C:\Users\ultra\warewolf\Dev\Warewolf.Logger\bin\Debug\net8.0\WarewolfLogger.dll [C:\Users\ultra\warewolf\Dev\Warewolf.Tools.Specs\Warewolf.Tools.Specs.csproj]
C:\Program Files\dotnet\sdk\10.0.201\Microsoft.Common.CurrentVersion.targets(2451,5): warning MSB3277:             C:\Users\ultra\.nuget\packages\dotnetzip\1.16.0\lib\netstandard2.0\DotNetZip.dll [C:\Users\ultra\warewolf\Dev\Warewolf.Tools.Specs\Warewolf.Tools.Specs.csproj]
C:\Program Files\dotnet\sdk\10.0.201\Microsoft.Common.CurrentVersion.targets(2451,5): warning MSB3277:             C:\Users\ultra\warewolf\Dev\Dev2.Common\bin\Debug\net8.0\Dev2.Common.dll [C:\Users\ultra\warewolf\Dev\Warewolf.Tools.Specs\Warewolf.Tools.Specs.csproj]
C:\Program Files\dotnet\sdk\10.0.201\Microsoft.Common.CurrentVersion.targets(2451,5): warning MSB3277:             C:\Users\ultra\warewolf\Dev\Dev2.Data.Interfaces\bin\Debug\net8.0\Dev2.Data.Interfaces.dll [C:\Users\ultra\warewolf\Dev\Warewolf.Tools.Specs\Warewolf.Tools.Specs.csproj]
C:\Program Files\dotnet\sdk\10.0.201\Microsoft.Common.CurrentVersion.targets(2451,5): warning MSB3277:             C:\Users\ultra\warewolf\Dev\Dev2.Diagnostics\bin\Debug\net8.0\Dev2.Diagnostics.dll [C:\Users\ultra\warewolf\Dev\Warewolf.Tools.Specs\Warewolf.Tools.Specs.csproj]
C:\Program Files\dotnet\sdk\10.0.201\Microsoft.Common.CurrentVersion.targets(2451,5): warning MSB3277:             C:\Users\ultra\warewolf\Dev\Dev2.Infrastructure\bin\Debug\net8.0\Dev2.Infrastructure.dll [C:\Users\ultra\warewolf\Dev\Warewolf.Tools.Specs\Warewolf.Tools.Specs.csproj]
C:\Program Files\dotnet\sdk\10.0.201\Microsoft.Common.CurrentVersion.targets(2451,5): warning MSB3277:             C:\Users\ultra\warewolf\Dev\Warewolf.Storage\bin\Debug\net8.0\Warewolf.Storage.dll [C:\Users\ultra\warewolf\Dev\Warewolf.Tools.Specs\Warewolf.Tools.Specs.csproj]
C:\Program Files\dotnet\sdk\10.0.201\Microsoft.Common.CurrentVersion.targets(2451,5): warning MSB3277:             C:\Users\ultra\warewolf\Dev\Dev2.Development.Languages\bin\Debug\net8.0\Dev2.Development.Languages.dll [C:\Users\ultra\warewolf\Dev\Warewolf.Tools.Specs\Warewolf.Tools.Specs.csproj]
C:\Program Files\dotnet\sdk\10.0.201\Microsoft.Common.CurrentVersion.targets(2451,5): warning MSB3277:             C:\Users\ultra\warewolf\Dev\Dev2.Services.Sql\bin\Debug\net8.0\Dev2.Services.Sql.dll [C:\Users\ultra\warewolf\Dev\Warewolf.Tools.Specs\Warewolf.Tools.Specs.csproj]
C:\Program Files\dotnet\sdk\10.0.201\Microsoft.Common.CurrentVersion.targets(2451,5): warning MSB3277:             C:\Users\ultra\warewolf\Dev\Dev2.TaskScheduler.Wrappers\bin\Debug\net8.0\Dev2.TaskScheduler.Wrappers.dll [C:\Users\ultra\warewolf\Dev\Warewolf.Tools.Specs\Warewolf.Tools.Specs.csproj]
C:\Program Files\dotnet\sdk\10.0.201\Microsoft.Common.CurrentVersion.targets(2451,5): warning MSB3277:             C:\Users\ultra\warewolf\Dev\Dev2.Util\bin\Debug\net8.0\Dev2.Util.dll [C:\Users\ultra\warewolf\Dev\Warewolf.Tools.Specs\Warewolf.Tools.Specs.csproj]
C:\Program Files\dotnet\sdk\10.0.201\Microsoft.Common.CurrentVersion.targets(2451,5): warning MSB3277:             C:\Users\ultra\warewolf\Dev\Warewolf.AI.Harness\bin\Debug\net8.0\Warewolf.AI.Harness.dll [C:\Users\ultra\warewolf\Dev\Warewolf.Tools.Specs\Warewolf.Tools.Specs.csproj]
C:\Program Files\dotnet\sdk\10.0.201\Microsoft.Common.CurrentVersion.targets(2451,5): warning MSB3277:             C:\Users\ultra\warewolf\Dev\Warewolf.Driver.Serilog\bin\Debug\net8.0\Warewolf.Driver.Serilog.dll [C:\Users\ultra\warewolf\Dev\Warewolf.Tools.Specs\Warewolf.Tools.Specs.csproj]
C:\Program Files\dotnet\sdk\10.0.201\Microsoft.Common.CurrentVersion.targets(2451,5): warning MSB3277:             C:\Users\ultra\warewolf\Dev\Warewolf.PerfMon\bin\Debug\net8.0\Warewolf.PerfMon.dll [C:\Users\ultra\warewolf\Dev\Warewolf.Tools.Specs\Warewolf.Tools.Specs.csproj]
C:\Program Files\dotnet\sdk\10.0.201\Microsoft.Common.CurrentVersion.targets(2451,5): warning MSB3277:             C:\Users\ultra\warewolf\Dev\Warewolf.Sharepoint\bin\Debug\net8.0\Warewolf.Sharepoint.dll [C:\Users\ultra\warewolf\Dev\Warewolf.Tools.Specs\Warewolf.Tools.Specs.csproj]
C:\Program Files\dotnet\sdk\10.0.201\Microsoft.Common.CurrentVersion.targets(2451,5): warning MSB3277:             C:\Users\ultra\.nuget\packages\mindbox.data.linq\5.0.0\lib\netstandard2.0\Mindbox.Data.Linq.dll [C:\Users\ultra\warewolf\Dev\Warewolf.Tools.Specs\Warewolf.Tools.Specs.csproj]
C:\Program Files\dotnet\sdk\10.0.201\Microsoft.Common.CurrentVersion.targets(2451,5): warning MSB3277:             C:\Users\ultra\.nuget\packages\mysql.data\8.4.0\lib\net8.0\MySql.Data.dll [C:\Users\ultra\warewolf\Dev\Warewolf.Tools.Specs\Warewolf.Tools.Specs.csproj]
C:\Program Files\dotnet\sdk\10.0.201\Microsoft.Common.CurrentVersion.targets(2451,5): warning MSB3277:             C:\Users\ultra\.nuget\packages\oracle.manageddataaccess.core\3.21.70\lib\netstandard2.1\Oracle.ManagedDataAccess.dll [C:\Users\ultra\warewolf\Dev\Warewolf.Tools.Specs\Warewolf.Tools.Specs.csproj]
C:\Program Files\dotnet\sdk\10.0.201\Microsoft.Common.CurrentVersion.targets(2451,5): warning MSB3277:             C:\Users\ultra\.nuget\packages\system.directoryservices\6.0.0\lib\net6.0\System.DirectoryServices.dll [C:\Users\ultra\warewolf\Dev\Warewolf.Tools.Specs\Warewolf.Tools.Specs.csproj]
C:\Program Files\dotnet\sdk\10.0.201\Microsoft.Common.CurrentVersion.targets(2451,5): warning MSB3277:             C:\Users\ultra\.nuget\packages\corewcf.primitives\1.2.1\lib\netstandard2.0\CoreWCF.Primitives.dll [C:\Users\ultra\warewolf\Dev\Warewolf.Tools.Specs\Warewolf.Tools.Specs.csproj]
C:\Program Files\dotnet\sdk\10.0.201\Microsoft.Common.CurrentVersion.targets(2451,5): warning MSB3277:             C:\Users\ultra\.nuget\packages\corewcf.http\1.2.1\lib\netstandard2.0\CoreWCF.Http.dll [C:\Users\ultra\warewolf\Dev\Warewolf.Tools.Specs\Warewolf.Tools.Specs.csproj]
C:\Program Files\dotnet\sdk\10.0.201\Microsoft.Common.CurrentVersion.targets(2451,5): warning MSB3277:             C:\Users\ultra\.nuget\packages\corewcf.nettcp\1.2.1\lib\netstandard2.0\CoreWCF.NetTcp.dll [C:\Users\ultra\warewolf\Dev\Warewolf.Tools.Specs\Warewolf.Tools.Specs.csproj]
C:\Program Files\dotnet\sdk\10.0.201\Microsoft.Common.CurrentVersion.targets(2451,5): warning MSB3277:             C:\Users\ultra\.nuget\packages\corewcf.webhttp\1.2.1\lib\netstandard2.0\CoreWCF.WebHttp.dll [C:\Users\ultra\warewolf\Dev\Warewolf.Tools.Specs\Warewolf.Tools.Specs.csproj]
C:\Program Files\dotnet\sdk\10.0.201\Microsoft.Common.CurrentVersion.targets(2451,5): warning MSB3277:             C:\Program Files\dotnet\packs\Microsoft.NETCore.App.Ref\8.0.25\ref/net8.0/System.Configuration.dll [C:\Users\ultra\warewolf\Dev\Warewolf.Tools.Specs\Warewolf.Tools.Specs.csproj]
C:\Program Files\dotnet\sdk\10.0.201\Microsoft.Common.CurrentVersion.targets(2451,5): warning MSB3277:             C:\Users\ultra\.nuget\packages\prism.composition\5.0.0\lib\NET45\Microsoft.Practices.Prism.Composition.dll [C:\Users\ultra\warewolf\Dev\Warewolf.Tools.Specs\Warewolf.Tools.Specs.csproj]
C:\Program Files\dotnet\sdk\10.0.201\Microsoft.Common.CurrentVersion.targets(2451,5): warning MSB3277:             C:\Users\ultra\.nuget\packages\prism.unityextensions\5.0.1\lib\NET45\Microsoft.Practices.Prism.UnityExtensions.dll [C:\Users\ultra\warewolf\Dev\Warewolf.Tools.Specs\Warewolf.Tools.Specs.csproj]
C:\Program Files\dotnet\sdk\10.0.201\Microsoft.Common.CurrentVersion.targets(2451,5): warning MSB3277:             C:\Users\ultra\.nuget\packages\prism.wpf\9.0.537\lib\net462\Prism.Wpf.dll [C:\Users\ultra\warewolf\Dev\Warewolf.Tools.Specs\Warewolf.Tools.Specs.csproj]
C:\Program Files\dotnet\sdk\10.0.201\Microsoft.Common.CurrentVersion.targets(2451,5): warning MSB3277:             C:\Program Files\dotnet\packs\Microsoft.NETCore.App.Ref\8.0.25\ref/net8.0/System.Data.dll [C:\Users\ultra\warewolf\Dev\Warewolf.Tools.Specs\Warewolf.Tools.Specs.csproj]
C:\Program Files\dotnet\sdk\10.0.201\Microsoft.Common.CurrentVersion.targets(2451,5): warning MSB3277:             C:\Users\ultra\.nuget\packages\taskschedulereditor\2.10.1\lib\net452\Microsoft.Win32.TaskSchedulerEditor.dll [C:\Users\ultra\warewolf\Dev\Warewolf.Tools.Specs\Warewolf.Tools.Specs.csproj]
C:\Program Files\dotnet\sdk\10.0.201\Microsoft.Common.CurrentVersion.targets(2451,5): warning MSB3277:             C:\Program Files\dotnet\packs\Microsoft.NETCore.App.Ref\8.0.25\ref/net8.0/System.Drawing.dll [C:\Users\ultra\warewolf\Dev\Warewolf.Tools.Specs\Warewolf.Tools.Specs.csproj]
C:\Program Files\dotnet\sdk\10.0.201\Microsoft.Common.CurrentVersion.targets(2451,5): warning MSB3277:             C:\Users\ultra\.nuget\packages\aerowizard\2.3.1\lib\net45\AeroWizard.dll [C:\Users\ultra\warewolf\Dev\Warewolf.Tools.Specs\Warewolf.Tools.Specs.csproj]
C:\Program Files\dotnet\sdk\10.0.201\Microsoft.Common.CurrentVersion.targets(2451,5): warning MSB3277:             C:\Users\ultra\.nuget\packages\avalonedit\6.3.0.90\lib\net462\ICSharpCode.AvalonEdit.dll [C:\Users\ultra\warewolf\Dev\Warewolf.Tools.Specs\Warewolf.Tools.Specs.csproj]
C:\Program Files\dotnet\sdk\10.0.201\Microsoft.Common.CurrentVersion.targets(2451,5): warning MSB3277:             C:\Users\ultra\.nuget\packages\groupcontrols\1.9.0\lib\net45\GroupControls.dll [C:\Users\ultra\warewolf\Dev\Warewolf.Tools.Specs\Warewolf.Tools.Specs.csproj]
C:\Program Files\dotnet\sdk\10.0.201\Microsoft.Common.CurrentVersion.targets(2451,5): warning MSB3277:             C:\Program Files\dotnet\packs\Microsoft.NETCore.App.Ref\8.0.25\ref/net8.0/System.Net.dll [C:\Users\ultra\warewolf\Dev\Warewolf.Tools.Specs\Warewolf.Tools.Specs.csproj]
C:\Program Files\dotnet\sdk\10.0.201\Microsoft.Common.CurrentVersion.targets(2451,5): warning MSB3277:             C:\Program Files\dotnet\packs\Microsoft.NETCore.App.Ref\8.0.25\ref/net8.0/System.Security.dll [C:\Users\ultra\warewolf\Dev\Warewolf.Tools.Specs\Warewolf.Tools.Specs.csproj]
C:\Program Files\dotnet\sdk\10.0.201\Microsoft.Common.CurrentVersion.targets(2451,5): warning MSB3277:             C:\Program Files\dotnet\packs\Microsoft.NETCore.App.Ref\8.0.25\ref/net8.0/System.ServiceProcess.dll [C:\Users\ultra\warewolf\Dev\Warewolf.Tools.Specs\Warewolf.Tools.Specs.csproj]
C:\Program Files\dotnet\sdk\10.0.201\Microsoft.Common.CurrentVersion.targets(2451,5): warning MSB3277:             C:\Program Files\dotnet\packs\Microsoft.NETCore.App.Ref\8.0.25\ref/net8.0/System.Transactions.dll [C:\Users\ultra\warewolf\Dev\Warewolf.Tools.Specs\Warewolf.Tools.Specs.csproj]
C:\Program Files\dotnet\sdk\10.0.201\Microsoft.Common.CurrentVersion.targets(2451,5): warning MSB3277:             C:\Program Files\dotnet\packs\Microsoft.NETCore.App.Ref\8.0.25\ref/net8.0/System.dll [C:\Users\ultra\warewolf\Dev\Warewolf.Tools.Specs\Warewolf.Tools.Specs.csproj]
C:\Program Files\dotnet\sdk\10.0.201\Microsoft.Common.CurrentVersion.targets(2451,5): warning MSB3277:             C:\Users\ultra\.nuget\packages\fontawesome.wpf\4.7.0.9\lib\net40\FontAwesome.WPF.dll [C:\Users\ultra\warewolf\Dev\Warewolf.Tools.Specs\Warewolf.Tools.Specs.csproj]
C:\Program Files\dotnet\sdk\10.0.201\Microsoft.Common.CurrentVersion.targets(2451,5): warning MSB3277:             C:\Users\ultra\.nuget\packages\log4net.async\2.0.4\lib\net40\Log4Net.Async.dll [C:\Users\ultra\warewolf\Dev\Warewolf.Tools.Specs\Warewolf.Tools.Specs.csproj]
C:\Program Files\dotnet\sdk\10.0.201\Microsoft.Common.CurrentVersion.targets(2451,5): warning MSB3277:             C:\Users\ultra\.nuget\packages\microsoft.xaml.behaviors.wpf\1.1.122\lib\net462\Microsoft.Xaml.Behaviors.dll [C:\Users\ultra\warewolf\Dev\Warewolf.Tools.Specs\Warewolf.Tools.Specs.csproj]
C:\Program Files\dotnet\sdk\10.0.201\Microsoft.Common.CurrentVersion.targets(2451,5): warning MSB3277:             C:\Users\ultra\.nuget\packages\caliburn.micro\4.0.212\lib\netcoreapp3.1\Caliburn.Micro.Platform.dll [C:\Users\ultra\warewolf\Dev\Warewolf.Tools.Specs\Warewolf.Tools.Specs.csproj]
C:\Program Files\dotnet\sdk\10.0.201\Microsoft.Common.CurrentVersion.targets(2451,5): warning MSB3277:             C:\Users\ultra\.nuget\packages\prism.interactivity\5.0.0\lib\NET45\Microsoft.Practices.Prism.Interactivity.dll [C:\Users\ultra\warewolf\Dev\Warewolf.Tools.Specs\Warewolf.Tools.Specs.csproj]
C:\Program Files\dotnet\sdk\10.0.201\Microsoft.Common.CurrentVersion.targets(2451,5): warning MSB3277:             C:\Users\ultra\.nuget\packages\prism.mvvm\1.0.0\lib\net45\Microsoft.Practices.Prism.Mvvm.Desktop.dll [C:\Users\ultra\warewolf\Dev\Warewolf.Tools.Specs\Warewolf.Tools.Specs.csproj]
C:\Program Files\dotnet\sdk\10.0.201\Microsoft.Common.CurrentVersion.targets(2451,5): warning MSB3277:             C:\Users\ultra\.nuget\packages\reactiveui.wpf\18.4.1\lib\net462\ReactiveUI.Wpf.dll [C:\Users\ultra\warewolf\Dev\Warewolf.Tools.Specs\Warewolf.Tools.Specs.csproj]
C:\Program Files\dotnet\sdk\10.0.201\Microsoft.Common.CurrentVersion.targets(2451,5): warning MSB3277:             C:\Users\ultra\.nuget\packages\ttcue.netcore.sharepointonline.csom.16.1.8029.1200\16.1.8029.1200\lib\netcoreapp2.0\Microsoft.SharePoint.Client.Runtime.Windows.dll [C:\Users\ultra\warewolf\Dev\Warewolf.Tools.Specs\Warewolf.Tools.Specs.csproj]
C:\Program Files\dotnet\sdk\10.0.201\Microsoft.Common.CurrentVersion.targets(2451,5): warning MSB3277:             C:\Program Files\dotnet\packs\Microsoft.NETCore.App.Ref\8.0.25\ref/net8.0/WindowsBase.dll [C:\Users\ultra\warewolf\Dev\Warewolf.Tools.Specs\Warewolf.Tools.Specs.csproj]
C:\Program Files\dotnet\sdk\10.0.201\Microsoft.Common.CurrentVersion.targets(2451,5): warning MSB3277:             C:\Program Files\dotnet\packs\Microsoft.NETCore.App.Ref\8.0.25\ref/net8.0/mscorlib.dll [C:\Users\ultra\warewolf\Dev\Warewolf.Tools.Specs\Warewolf.Tools.Specs.csproj]
C:\Program Files\dotnet\sdk\10.0.201\Microsoft.Common.CurrentVersion.targets(2451,5): warning MSB3277:             C:\Users\ultra\.nuget\packages\hangfire.core\1.7.32\lib\netstandard2.0\Hangfire.Core.dll [C:\Users\ultra\warewolf\Dev\Warewolf.Tools.Specs\Warewolf.Tools.Specs.csproj]
C:\Program Files\dotnet\sdk\10.0.201\Microsoft.Common.CurrentVersion.targets(2451,5): warning MSB3277:             C:\Users\ultra\.nuget\packages\hangfire.aspnetcore\1.7.32\lib\netcoreapp3.0\Hangfire.AspNetCore.dll [C:\Users\ultra\warewolf\Dev\Warewolf.Tools.Specs\Warewolf.Tools.Specs.csproj]
C:\Program Files\dotnet\sdk\10.0.201\Microsoft.Common.CurrentVersion.targets(2451,5): warning MSB3277:             C:\Users\ultra\.nuget\packages\hangfire.sqlserver\1.7.32\lib\netstandard2.0\Hangfire.SqlServer.dll [C:\Users\ultra\warewolf\Dev\Warewolf.Tools.Specs\Warewolf.Tools.Specs.csproj]
C:\Program Files\dotnet\sdk\10.0.201\Microsoft.Common.CurrentVersion.targets(2451,5): warning MSB3277:             C:\Users\ultra\.nuget\packages\microsoft.codecoverage\17.13.0\lib\netcoreapp3.1\Microsoft.VisualStudio.CodeCoverage.Shim.dll [C:\Users\ultra\warewolf\Dev\Warewolf.Tools.Specs\Warewolf.Tools.Specs.csproj]
C:\Program Files\dotnet\sdk\10.0.201\Microsoft.Common.CurrentVersion.targets(2451,5): warning MSB3277:             C:\Users\ultra\.nuget\packages\unofficial.microsoft.mshtml\7.0.3300\lib\net40\Microsoft.mshtml.dll [C:\Users\ultra\warewolf\Dev\Warewolf.Tools.Specs\Warewolf.Tools.Specs.csproj]
C:\Program Files\dotnet\sdk\10.0.201\Microsoft.Common.CurrentVersion.targets(2451,5): warning MSB3277:         C:\Program Files\dotnet\packs\Microsoft.NETCore.App.Ref\8.0.25\ref\net8.0\System.Drawing.dll [C:\Users\ultra\warewolf\Dev\Warewolf.Tools.Specs\Warewolf.Tools.Specs.csproj]
C:\Program Files\dotnet\sdk\10.0.201\Microsoft.Common.CurrentVersion.targets(2451,5): warning MSB3277:           Project file item includes which caused reference "C:\Program Files\dotnet\packs\Microsoft.NETCore.App.Ref\8.0.25\ref\net8.0\System.Drawing.dll". [C:\Users\ultra\warewolf\Dev\Warewolf.Tools.Specs\Warewolf.Tools.Specs.csproj]
C:\Program Files\dotnet\sdk\10.0.201\Microsoft.Common.CurrentVersion.targets(2451,5): warning MSB3277:             C:\Program Files\dotnet\packs\Microsoft.NETCore.App.Ref\8.0.25\ref/net8.0/System.Drawing.dll [C:\Users\ultra\warewolf\Dev\Warewolf.Tools.Specs\Warewolf.Tools.Specs.csproj]
C:\Program Files\dotnet\sdk\10.0.201\Microsoft.Common.CurrentVersion.targets(2451,5): warning MSB3277:             C:\Users\ultra\.nuget\packages\aerowizard\2.3.1\lib\net45\AeroWizard.dll [C:\Users\ultra\warewolf\Dev\Warewolf.Tools.Specs\Warewolf.Tools.Specs.csproj]
C:\Program Files\dotnet\sdk\10.0.201\Microsoft.Common.CurrentVersion.targets(2451,5): warning MSB3277:             C:\Users\ultra\.nuget\packages\avalonedit\6.3.0.90\lib\net462\ICSharpCode.AvalonEdit.dll [C:\Users\ultra\warewolf\Dev\Warewolf.Tools.Specs\Warewolf.Tools.Specs.csproj]
C:\Program Files\dotnet\sdk\10.0.201\Microsoft.Common.CurrentVersion.targets(2451,5): warning MSB3277:             C:\Users\ultra\.nuget\packages\groupcontrols\1.9.0\lib\net45\GroupControls.dll [C:\Users\ultra\warewolf\Dev\Warewolf.Tools.Specs\Warewolf.Tools.Specs.csproj]
C:\Program Files\dotnet\sdk\10.0.201\Microsoft.Common.CurrentVersion.targets(2451,5): warning MSB3277:             C:\Users\ultra\.nuget\packages\taskschedulereditor\2.10.1\lib\net452\Microsoft.Win32.TaskSchedulerEditor.dll [C:\Users\ultra\warewolf\Dev\Warewolf.Tools.Specs\Warewolf.Tools.Specs.csproj]
  Consider app.config remapping of assembly "System.IO.Pipelines, Culture=neutral, PublicKeyToken=cc7b13ffcd2ddd51" from Version "6.0.0.0" [] to Version "10.0.0.0" [C:\Users\ultra\.nuget\packages\system.io.pipelines\10.0.2\lib\net8.0\System.IO.Pipelines.dll] to solve conflict and get rid of warning.
  Consider app.config remapping of assembly "System.Runtime.CompilerServices.Unsafe, Culture=neutral, PublicKeyToken=b03f5f7f11d50a3a" from Version "6.0.0.0" [] to Version "8.0.0.0" [C:\Program Files\dotnet\packs\Microsoft.NETCore.App.Ref\8.0.25\ref\net8.0\System.Runtime.CompilerServices.Unsafe.dll] to solve conflict and get rid of warning.
C:\Program Files\dotnet\sdk\10.0.201\Microsoft.Common.CurrentVersion.targets(2451,5): warning MSB3277: Found conflicts between different versions of "Microsoft.Win32.SystemEvents" that could not be resolved. [C:\Users\ultra\warewolf\Dev\Dev2.Runtime.Tests\Dev2.Runtime.Tests.csproj]
C:\Program Files\dotnet\sdk\10.0.201\Microsoft.Common.CurrentVersion.targets(2451,5): warning MSB3277: There was a conflict between "Microsoft.Win32.SystemEvents, Version=6.0.0.0, Culture=neutral, PublicKeyToken=cc7b13ffcd2ddd51" and "Microsoft.Win32.SystemEvents, Version=7.0.0.0, Culture=neutral, PublicKeyToken=cc7b13ffcd2ddd51". [C:\Users\ultra\warewolf\Dev\Dev2.Runtime.Tests\Dev2.Runtime.Tests.csproj]
C:\Program Files\dotnet\sdk\10.0.201\Microsoft.Common.CurrentVersion.targets(2451,5): warning MSB3277:     "Microsoft.Win32.SystemEvents, Version=6.0.0.0, Culture=neutral, PublicKeyToken=cc7b13ffcd2ddd51" was chosen because it was primary and "Microsoft.Win32.SystemEvents, Version=7.0.0.0, Culture=neutral, PublicKeyToken=cc7b13ffcd2ddd51" was not. [C:\Users\ultra\warewolf\Dev\Dev2.Runtime.Tests\Dev2.Runtime.Tests.csproj]
C:\Program Files\dotnet\sdk\10.0.201\Microsoft.Common.CurrentVersion.targets(2451,5): warning MSB3277:     References which depend on "Microsoft.Win32.SystemEvents, Version=6.0.0.0, Culture=neutral, PublicKeyToken=cc7b13ffcd2ddd51" [C:\Users\ultra\.nuget\packages\microsoft.win32.systemevents\6.0.0\lib\net6.0\Microsoft.Win32.SystemEvents.dll]. [C:\Users\ultra\warewolf\Dev\Dev2.Runtime.Tests\Dev2.Runtime.Tests.csproj]
C:\Program Files\dotnet\sdk\10.0.201\Microsoft.Common.CurrentVersion.targets(2451,5): warning MSB3277:         C:\Users\ultra\.nuget\packages\microsoft.win32.systemevents\6.0.0\lib\net6.0\Microsoft.Win32.SystemEvents.dll [C:\Users\ultra\warewolf\Dev\Dev2.Runtime.Tests\Dev2.Runtime.Tests.csproj]
C:\Program Files\dotnet\sdk\10.0.201\Microsoft.Common.CurrentVersion.targets(2451,5): warning MSB3277:           Project file item includes which caused reference "C:\Users\ultra\.nuget\packages\microsoft.win32.systemevents\6.0.0\lib\net6.0\Microsoft.Win32.SystemEvents.dll". [C:\Users\ultra\warewolf\Dev\Dev2.Runtime.Tests\Dev2.Runtime.Tests.csproj]
C:\Program Files\dotnet\sdk\10.0.201\Microsoft.Common.CurrentVersion.targets(2451,5): warning MSB3277:             C:\Users\ultra\.nuget\packages\microsoft.win32.systemevents\6.0.0\lib\net6.0\Microsoft.Win32.SystemEvents.dll [C:\Users\ultra\warewolf\Dev\Dev2.Runtime.Tests\Dev2.Runtime.Tests.csproj]
C:\Program Files\dotnet\sdk\10.0.201\Microsoft.Common.CurrentVersion.targets(2451,5): warning MSB3277:     References which depend on or have been unified to "Microsoft.Win32.SystemEvents, Version=7.0.0.0, Culture=neutral, PublicKeyToken=cc7b13ffcd2ddd51" []. [C:\Users\ultra\warewolf\Dev\Dev2.Runtime.Tests\Dev2.Runtime.Tests.csproj]
C:\Program Files\dotnet\sdk\10.0.201\Microsoft.Common.CurrentVersion.targets(2451,5): warning MSB3277:         C:\Users\ultra\warewolf\Dev\Dev2.Common\bin\Debug\net8.0\Dev2.Common.dll [C:\Users\ultra\warewolf\Dev\Dev2.Runtime.Tests\Dev2.Runtime.Tests.csproj]
C:\Program Files\dotnet\sdk\10.0.201\Microsoft.Common.CurrentVersion.targets(2451,5): warning MSB3277:           Project file item includes which caused reference "C:\Users\ultra\warewolf\Dev\Dev2.Common\bin\Debug\net8.0\Dev2.Common.dll". [C:\Users\ultra\warewolf\Dev\Dev2.Runtime.Tests\Dev2.Runtime.Tests.csproj]
C:\Program Files\dotnet\sdk\10.0.201\Microsoft.Common.CurrentVersion.targets(2451,5): warning MSB3277:             C:\Users\ultra\warewolf\Dev\Dev2.Common\bin\Debug\net8.0\Dev2.Common.dll [C:\Users\ultra\warewolf\Dev\Dev2.Runtime.Tests\Dev2.Runtime.Tests.csproj]
C:\Program Files\dotnet\sdk\10.0.201\Microsoft.Common.CurrentVersion.targets(2451,5): warning MSB3277:             C:\Users\ultra\warewolf\Dev\Dev2.Activities.Tests\bin\Debug\net8.0\Dev2.Activities.Tests.dll [C:\Users\ultra\warewolf\Dev\Dev2.Runtime.Tests\Dev2.Runtime.Tests.csproj]
C:\Program Files\dotnet\sdk\10.0.201\Microsoft.Common.CurrentVersion.targets(2451,5): warning MSB3277:             C:\Users\ultra\warewolf\Dev\Dev2.Activities\bin\Debug\net8.0\Dev2.Activities.dll [C:\Users\ultra\warewolf\Dev\Dev2.Runtime.Tests\Dev2.Runtime.Tests.csproj]
C:\Program Files\dotnet\sdk\10.0.201\Microsoft.Common.CurrentVersion.targets(2451,5): warning MSB3277:             C:\Users\ultra\warewolf\Dev\Dev2.Data\bin\Debug\net8.0\Dev2.Data.dll [C:\Users\ultra\warewolf\Dev\Dev2.Runtime.Tests\Dev2.Runtime.Tests.csproj]
C:\Program Files\dotnet\sdk\10.0.201\Microsoft.Common.CurrentVersion.targets(2451,5): warning MSB3277:             C:\Users\ultra\warewolf\Dev\Dev2.Diagnostics\bin\Debug\net8.0\Dev2.Diagnostics.dll [C:\Users\ultra\warewolf\Dev\Dev2.Runtime.Tests\Dev2.Runtime.Tests.csproj]
C:\Program Files\dotnet\sdk\10.0.201\Microsoft.Common.CurrentVersion.targets(2451,5): warning MSB3277:             C:\Users\ultra\warewolf\Dev\Dev2.Infrastructure.Tests\bin\Debug\net8.0\Dev2.Infrastructure.Tests.dll [C:\Users\ultra\warewolf\Dev\Dev2.Runtime.Tests\Dev2.Runtime.Tests.csproj]
C:\Program Files\dotnet\sdk\10.0.201\Microsoft.Common.CurrentVersion.targets(2451,5): warning MSB3277:             C:\Users\ultra\warewolf\Dev\Dev2.Infrastructure\bin\Debug\net8.0\Dev2.Infrastructure.dll [C:\Users\ultra\warewolf\Dev\Dev2.Runtime.Tests\Dev2.Runtime.Tests.csproj]
C:\Program Files\dotnet\sdk\10.0.201\Microsoft.Common.CurrentVersion.targets(2451,5): warning MSB3277:             C:\Users\ultra\warewolf\Dev\Dev2.Core\bin\Debug\net8.0\Dev2.Core.dll [C:\Users\ultra\warewolf\Dev\Dev2.Runtime.Tests\Dev2.Runtime.Tests.csproj]
C:\Program Files\dotnet\sdk\10.0.201\Microsoft.Common.CurrentVersion.targets(2451,5): warning MSB3277:             C:\Users\ultra\warewolf\Dev\Dev2.Runtime.Services\bin\Debug\net8.0\Dev2.Runtime.Services.dll [C:\Users\ultra\warewolf\Dev\Dev2.Runtime.Tests\Dev2.Runtime.Tests.csproj]
C:\Program Files\dotnet\sdk\10.0.201\Microsoft.Common.CurrentVersion.targets(2451,5): warning MSB3277:             C:\Users\ultra\warewolf\Dev\Dev2.Runtime.WebServer\bin\Debug\net8.0\Dev2.Runtime.WebServer.dll [C:\Users\ultra\warewolf\Dev\Dev2.Runtime.Tests\Dev2.Runtime.Tests.csproj]
C:\Program Files\dotnet\sdk\10.0.201\Microsoft.Common.CurrentVersion.targets(2451,5): warning MSB3277:             C:\Users\ultra\warewolf\Dev\Dev2.Runtime\bin\Debug\net8.0\Dev2.Runtime.dll [C:\Users\ultra\warewolf\Dev\Dev2.Runtime.Tests\Dev2.Runtime.Tests.csproj]
C:\Program Files\dotnet\sdk\10.0.201\Microsoft.Common.CurrentVersion.targets(2451,5): warning MSB3277:             C:\Users\ultra\warewolf\Dev\Dev2.Scheduler\bin\Debug\net8.0\Dev2.Scheduler.dll [C:\Users\ultra\warewolf\Dev\Dev2.Runtime.Tests\Dev2.Runtime.Tests.csproj]
C:\Program Files\dotnet\sdk\10.0.201\Microsoft.Common.CurrentVersion.targets(2451,5): warning MSB3277:             C:\Users\ultra\warewolf\Dev\Dev2.Services.Execution\bin\Debug\net8.0\Dev2.Services.Execution.dll [C:\Users\ultra\warewolf\Dev\Dev2.Runtime.Tests\Dev2.Runtime.Tests.csproj]
C:\Program Files\dotnet\sdk\10.0.201\Microsoft.Common.CurrentVersion.targets(2451,5): warning MSB3277:             C:\Users\ultra\warewolf\Dev\Dev2.Services.Sql\bin\Debug\net8.0\Dev2.Services.Sql.dll [C:\Users\ultra\warewolf\Dev\Dev2.Runtime.Tests\Dev2.Runtime.Tests.csproj]
C:\Program Files\dotnet\sdk\10.0.201\Microsoft.Common.CurrentVersion.targets(2451,5): warning MSB3277:             C:\Users\ultra\warewolf\Dev\Dev2.Studio.Interfaces\bin\Debug\net8.0\Dev2.Studio.Interfaces.dll [C:\Users\ultra\warewolf\Dev\Dev2.Runtime.Tests\Dev2.Runtime.Tests.csproj]
C:\Program Files\dotnet\sdk\10.0.201\Microsoft.Common.CurrentVersion.targets(2451,5): warning MSB3277:             C:\Users\ultra\warewolf\Dev\Dev2.TaskScheduler.Wrappers\bin\Debug\net8.0\Dev2.TaskScheduler.Wrappers.dll [C:\Users\ultra\warewolf\Dev\Dev2.Runtime.Tests\Dev2.Runtime.Tests.csproj]
C:\Program Files\dotnet\sdk\10.0.201\Microsoft.Common.CurrentVersion.targets(2451,5): warning MSB3277:             C:\Users\ultra\warewolf\Dev\Dev2.Util\bin\Debug\net8.0\Dev2.Util.dll [C:\Users\ultra\warewolf\Dev\Dev2.Runtime.Tests\Dev2.Runtime.Tests.csproj]
C:\Program Files\dotnet\sdk\10.0.201\Microsoft.Common.CurrentVersion.targets(2451,5): warning MSB3277:             C:\Users\ultra\warewolf\Dev\TestBase\bin\Debug\net8.0\TestBase.dll [C:\Users\ultra\warewolf\Dev\Dev2.Runtime.Tests\Dev2.Runtime.Tests.csproj]
C:\Program Files\dotnet\sdk\10.0.201\Microsoft.Common.CurrentVersion.targets(2451,5): warning MSB3277:             C:\Users\ultra\warewolf\Dev\Warewolf.Auditing\bin\Debug\net8.0\Warewolf.Auditing.dll [C:\Users\ultra\warewolf\Dev\Dev2.Runtime.Tests\Dev2.Runtime.Tests.csproj]
C:\Program Files\dotnet\sdk\10.0.201\Microsoft.Common.CurrentVersion.targets(2451,5): warning MSB3277:             C:\Users\ultra\warewolf\Dev\Warewolf.Common.Framework48\bin\Debug\net8.0\Warewolf.Common.Framework48.dll [C:\Users\ultra\warewolf\Dev\Dev2.Runtime.Tests\Dev2.Runtime.Tests.csproj]
C:\Program Files\dotnet\sdk\10.0.201\Microsoft.Common.CurrentVersion.targets(2451,5): warning MSB3277:             C:\Users\ultra\warewolf\Dev\Warewolf.Core\bin\Debug\net8.0\Warewolf.Core.dll [C:\Users\ultra\warewolf\Dev\Dev2.Runtime.Tests\Dev2.Runtime.Tests.csproj]
C:\Program Files\dotnet\sdk\10.0.201\Microsoft.Common.CurrentVersion.targets(2451,5): warning MSB3277:             C:\Users\ultra\warewolf\Dev\Warewolf.ResourceManagement\bin\Debug\net8.0\Warewolf.ResourceManagement.dll [C:\Users\ultra\warewolf\Dev\Dev2.Runtime.Tests\Dev2.Runtime.Tests.csproj]
C:\Program Files\dotnet\sdk\10.0.201\Microsoft.Common.CurrentVersion.targets(2451,5): warning MSB3277:             C:\Users\ultra\warewolf\Dev\Warewolf.Storage\bin\Debug\net8.0\Warewolf.Storage.dll [C:\Users\ultra\warewolf\Dev\Dev2.Runtime.Tests\Dev2.Runtime.Tests.csproj]
C:\Program Files\dotnet\sdk\10.0.201\Microsoft.Common.CurrentVersion.targets(2451,5): warning MSB3277:             C:\Users\ultra\warewolf\Dev\Warewolf.Trigger.Queue\bin\Debug\net8.0\Warewolf.Trigger.Queue.dll [C:\Users\ultra\warewolf\Dev\Dev2.Runtime.Tests\Dev2.Runtime.Tests.csproj]
C:\Program Files\dotnet\sdk\10.0.201\Microsoft.Common.CurrentVersion.targets(2451,5): warning MSB3277:             C:\Users\ultra\warewolf\Dev\Dev2.Common.Tests\bin\Debug\net8.0\Dev2.Common.Tests.dll [C:\Users\ultra\warewolf\Dev\Dev2.Runtime.Tests\Dev2.Runtime.Tests.csproj]
C:\Program Files\dotnet\sdk\10.0.201\Microsoft.Common.CurrentVersion.targets(2451,5): warning MSB3277:             C:\Users\ultra\warewolf\Dev\Dev2.Development.Languages\bin\Debug\net8.0\Dev2.Development.Languages.dll [C:\Users\ultra\warewolf\Dev\Dev2.Runtime.Tests\Dev2.Runtime.Tests.csproj]
C:\Program Files\dotnet\sdk\10.0.201\Microsoft.Common.CurrentVersion.targets(2451,5): warning MSB3277:             C:\Users\ultra\warewolf\Dev\Dev2.Diagnostics.Tests\bin\Debug\net8.0\Dev2.Diagnostics.Tests.dll [C:\Users\ultra\warewolf\Dev\Dev2.Runtime.Tests\Dev2.Runtime.Tests.csproj]
C:\Program Files\dotnet\sdk\10.0.201\Microsoft.Common.CurrentVersion.targets(2451,5): warning MSB3277:             C:\Users\ultra\warewolf\Dev\Dev2.Intellisense\bin\Debug\net8.0\Dev2.Intellisense.dll [C:\Users\ultra\warewolf\Dev\Dev2.Runtime.Tests\Dev2.Runtime.Tests.csproj]
C:\Program Files\dotnet\sdk\10.0.201\Microsoft.Common.CurrentVersion.targets(2451,5): warning MSB3277:             C:\Users\ultra\warewolf\Dev\Dev2.Studio.Core\bin\Debug\net8.0\Dev2.Studio.Core.dll [C:\Users\ultra\warewolf\Dev\Dev2.Runtime.Tests\Dev2.Runtime.Tests.csproj]
C:\Program Files\dotnet\sdk\10.0.201\Microsoft.Common.CurrentVersion.targets(2451,5): warning MSB3277:             C:\Users\ultra\warewolf\Dev\Warewolf.HangfireServer\bin\Debug\net8.0\HangfireServer.dll [C:\Users\ultra\warewolf\Dev\Dev2.Runtime.Tests\Dev2.Runtime.Tests.csproj]
C:\Program Files\dotnet\sdk\10.0.201\Microsoft.Common.CurrentVersion.targets(2451,5): warning MSB3277:             C:\Users\ultra\warewolf\Dev\Warewolf.QueueWorker\bin\Debug\net8.0\QueueWorker.dll [C:\Users\ultra\warewolf\Dev\Dev2.Runtime.Tests\Dev2.Runtime.Tests.csproj]
C:\Program Files\dotnet\sdk\10.0.201\Microsoft.Common.CurrentVersion.targets(2451,5): warning MSB3277:             C:\Users\ultra\warewolf\Dev\Dev2.Server\bin\Debug\net8.0\Warewolf Server.dll [C:\Users\ultra\warewolf\Dev\Dev2.Runtime.Tests\Dev2.Runtime.Tests.csproj]
C:\Program Files\dotnet\sdk\10.0.201\Microsoft.Common.CurrentVersion.targets(2451,5): warning MSB3277:             C:\Users\ultra\warewolf\Dev\Dev2.Studio\bin\Debug\net8.0\Warewolf Studio.dll [C:\Users\ultra\warewolf\Dev\Dev2.Runtime.Tests\Dev2.Runtime.Tests.csproj]
C:\Program Files\dotnet\sdk\10.0.201\Microsoft.Common.CurrentVersion.targets(2451,5): warning MSB3277:             C:\Users\ultra\warewolf\Dev\Warewolf.AI.Harness\bin\Debug\net8.0\Warewolf.AI.Harness.dll [C:\Users\ultra\warewolf\Dev\Dev2.Runtime.Tests\Dev2.Runtime.Tests.csproj]
C:\Program Files\dotnet\sdk\10.0.201\Microsoft.Common.CurrentVersion.targets(2451,5): warning MSB3277:             C:\Users\ultra\warewolf\Dev\Warewolf.Common.NetStandard20\bin\Debug\net8.0\Warewolf.Common.NetStandard20.dll [C:\Users\ultra\warewolf\Dev\Dev2.Runtime.Tests\Dev2.Runtime.Tests.csproj]
C:\Program Files\dotnet\sdk\10.0.201\Microsoft.Common.CurrentVersion.targets(2451,5): warning MSB3277:             C:\Users\ultra\warewolf\Dev\Warewolf.Core.Tests\bin\Debug\net8.0\Warewolf.Core.Tests.dll [C:\Users\ultra\warewolf\Dev\Dev2.Runtime.Tests\Dev2.Runtime.Tests.csproj]
C:\Program Files\dotnet\sdk\10.0.201\Microsoft.Common.CurrentVersion.targets(2451,5): warning MSB3277:             C:\Users\ultra\warewolf\Dev\Warewolf.Driver.Persistence\bin\Debug\net8.0\Warewolf.Driver.Persistence.dll [C:\Users\ultra\warewolf\Dev\Dev2.Runtime.Tests\Dev2.Runtime.Tests.csproj]
C:\Program Files\dotnet\sdk\10.0.201\Microsoft.Common.CurrentVersion.targets(2451,5): warning MSB3277:             C:\Users\ultra\warewolf\Dev\Warewolf.Driver.Serilog\bin\Debug\net8.0\Warewolf.Driver.Serilog.dll [C:\Users\ultra\warewolf\Dev\Dev2.Runtime.Tests\Dev2.Runtime.Tests.csproj]
C:\Program Files\dotnet\sdk\10.0.201\Microsoft.Common.CurrentVersion.targets(2451,5): warning MSB3277:             C:\Users\ultra\warewolf\Dev\Warewolf.Exchange.Email.Wrapper\bin\Debug\net8.0\Warewolf.Exchange.Email.Wrapper.dll [C:\Users\ultra\warewolf\Dev\Dev2.Runtime.Tests\Dev2.Runtime.Tests.csproj]
C:\Program Files\dotnet\sdk\10.0.201\Microsoft.Common.CurrentVersion.targets(2451,5): warning MSB3277:             C:\Users\ultra\warewolf\Dev\Warewolf.MergeParser.Tests\bin\Debug\net8.0\Warewolf.MergeParser.Tests.dll [C:\Users\ultra\warewolf\Dev\Dev2.Runtime.Tests\Dev2.Runtime.Tests.csproj]
C:\Program Files\dotnet\sdk\10.0.201\Microsoft.Common.CurrentVersion.targets(2451,5): warning MSB3277:             C:\Users\ultra\warewolf\Dev\Warewolf.PerfMon\bin\Debug\net8.0\Warewolf.PerfMon.dll [C:\Users\ultra\warewolf\Dev\Dev2.Runtime.Tests\Dev2.Runtime.Tests.csproj]
C:\Program Files\dotnet\sdk\10.0.201\Microsoft.Common.CurrentVersion.targets(2451,5): warning MSB3277:             C:\Users\ultra\warewolf\Dev\Warewolf.Sharepoint\bin\Debug\net8.0\Warewolf.Sharepoint.dll [C:\Users\ultra\warewolf\Dev\Dev2.Runtime.Tests\Dev2.Runtime.Tests.csproj]
C:\Program Files\dotnet\sdk\10.0.201\Microsoft.Common.CurrentVersion.targets(2451,5): warning MSB3277:             C:\Users\ultra\warewolf\Dev\Warewolf.Studio.Core\bin\Debug\net8.0\Warewolf.Studio.Core.dll [C:\Users\ultra\warewolf\Dev\Dev2.Runtime.Tests\Dev2.Runtime.Tests.csproj]
C:\Program Files\dotnet\sdk\10.0.201\Microsoft.Common.CurrentVersion.targets(2451,5): warning MSB3277:             C:\Users\ultra\warewolf\Dev\Warewolf.Studio.CustomControls\bin\Debug\net8.0\Warewolf.Studio.CustomControls.dll [C:\Users\ultra\warewolf\Dev\Dev2.Runtime.Tests\Dev2.Runtime.Tests.csproj]
C:\Program Files\dotnet\sdk\10.0.201\Microsoft.Common.CurrentVersion.targets(2451,5): warning MSB3277:             C:\Users\ultra\warewolf\Dev\Warewolf.Studio.Models\bin\Debug\net8.0\Warewolf.Studio.Models.dll [C:\Users\ultra\warewolf\Dev\Dev2.Runtime.Tests\Dev2.Runtime.Tests.csproj]
C:\Program Files\dotnet\sdk\10.0.201\Microsoft.Common.CurrentVersion.targets(2451,5): warning MSB3277:             C:\Users\ultra\warewolf\Dev\Warewolf.Studio.ViewModels\bin\Debug\net8.0\Warewolf.Studio.ViewModels.dll [C:\Users\ultra\warewolf\Dev\Dev2.Runtime.Tests\Dev2.Runtime.Tests.csproj]
C:\Program Files\dotnet\sdk\10.0.201\Microsoft.Common.CurrentVersion.targets(2451,5): warning MSB3277:             C:\Users\ultra\warewolf\Dev\Warewolf.Testing\bin\Debug\net8.0\Warewolf.Testing.dll [C:\Users\ultra\warewolf\Dev\Dev2.Runtime.Tests\Dev2.Runtime.Tests.csproj]
C:\Program Files\dotnet\sdk\10.0.201\Microsoft.Common.CurrentVersion.targets(2451,5): warning MSB3277:             C:\Users\ultra\warewolf\Dev\Warewolf.UI\bin\Debug\net8.0\Warewolf.UI.dll [C:\Users\ultra\warewolf\Dev\Dev2.Runtime.Tests\Dev2.Runtime.Tests.csproj]
C:\Program Files\dotnet\sdk\10.0.201\Microsoft.Common.CurrentVersion.targets(2451,5): warning MSB3277:             C:\Users\ultra\warewolf\Dev\Warewolf.Logger\bin\Debug\net8.0\WarewolfLogger.dll [C:\Users\ultra\warewolf\Dev\Dev2.Runtime.Tests\Dev2.Runtime.Tests.csproj]
C:\Program Files\dotnet\sdk\10.0.201\Microsoft.Common.CurrentVersion.targets(2451,5): warning MSB3277:         C:\Users\ultra\.nuget\packages\timespan2\2.4.2\lib\netcoreapp3.1\TimeSpan2.dll [C:\Users\ultra\warewolf\Dev\Dev2.Runtime.Tests\Dev2.Runtime.Tests.csproj]
C:\Program Files\dotnet\sdk\10.0.201\Microsoft.Common.CurrentVersion.targets(2451,5): warning MSB3277:           Project file item includes which caused reference "C:\Users\ultra\.nuget\packages\timespan2\2.4.2\lib\netcoreapp3.1\TimeSpan2.dll". [C:\Users\ultra\warewolf\Dev\Dev2.Runtime.Tests\Dev2.Runtime.Tests.csproj]
C:\Program Files\dotnet\sdk\10.0.201\Microsoft.Common.CurrentVersion.targets(2451,5): warning MSB3277:             C:\Users\ultra\.nuget\packages\timespan2\2.4.2\lib\netcoreapp3.1\TimeSpan2.dll [C:\Users\ultra\warewolf\Dev\Dev2.Runtime.Tests\Dev2.Runtime.Tests.csproj]
C:\Program Files\dotnet\sdk\10.0.201\Microsoft.Common.CurrentVersion.targets(2451,5): warning MSB3277:             C:\Users\ultra\.nuget\packages\taskschedulereditor\2.10.1\lib\net452\Microsoft.Win32.TaskSchedulerEditor.dll [C:\Users\ultra\warewolf\Dev\Dev2.Runtime.Tests\Dev2.Runtime.Tests.csproj]
C:\Program Files\dotnet\sdk\10.0.201\Microsoft.Common.CurrentVersion.targets(2451,5): warning MSB3277:         C:\Program Files\dotnet\packs\Microsoft.NETCore.App.Ref\8.0.25\ref\net8.0\System.dll [C:\Users\ultra\warewolf\Dev\Dev2.Runtime.Tests\Dev2.Runtime.Tests.csproj]
C:\Program Files\dotnet\sdk\10.0.201\Microsoft.Common.CurrentVersion.targets(2451,5): warning MSB3277:           Project file item includes which caused reference "C:\Program Files\dotnet\packs\Microsoft.NETCore.App.Ref\8.0.25\ref\net8.0\System.dll". [C:\Users\ultra\warewolf\Dev\Dev2.Runtime.Tests\Dev2.Runtime.Tests.csproj]
C:\Program Files\dotnet\sdk\10.0.201\Microsoft.Common.CurrentVersion.targets(2451,5): warning MSB3277:             C:\Program Files\dotnet\packs\Microsoft.NETCore.App.Ref\8.0.25\ref/net8.0/System.dll [C:\Users\ultra\warewolf\Dev\Dev2.Runtime.Tests\Dev2.Runtime.Tests.csproj]
C:\Program Files\dotnet\sdk\10.0.201\Microsoft.Common.CurrentVersion.targets(2451,5): warning MSB3277:             C:\Users\ultra\.nuget\packages\aerowizard\2.3.1\lib\net45\AeroWizard.dll [C:\Users\ultra\warewolf\Dev\Dev2.Runtime.Tests\Dev2.Runtime.Tests.csproj]
C:\Program Files\dotnet\sdk\10.0.201\Microsoft.Common.CurrentVersion.targets(2451,5): warning MSB3277:             C:\Users\ultra\.nuget\packages\avalonedit\6.3.0.90\lib\net462\ICSharpCode.AvalonEdit.dll [C:\Users\ultra\warewolf\Dev\Dev2.Runtime.Tests\Dev2.Runtime.Tests.csproj]
C:\Program Files\dotnet\sdk\10.0.201\Microsoft.Common.CurrentVersion.targets(2451,5): warning MSB3277:             C:\Users\ultra\.nuget\packages\fontawesome.wpf\4.7.0.9\lib\net40\FontAwesome.WPF.dll [C:\Users\ultra\warewolf\Dev\Dev2.Runtime.Tests\Dev2.Runtime.Tests.csproj]
C:\Program Files\dotnet\sdk\10.0.201\Microsoft.Common.CurrentVersion.targets(2451,5): warning MSB3277:             C:\Users\ultra\.nuget\packages\groupcontrols\1.9.0\lib\net45\GroupControls.dll [C:\Users\ultra\warewolf\Dev\Dev2.Runtime.Tests\Dev2.Runtime.Tests.csproj]
C:\Program Files\dotnet\sdk\10.0.201\Microsoft.Common.CurrentVersion.targets(2451,5): warning MSB3277:             C:\Users\ultra\.nuget\packages\log4net.async\2.0.4\lib\net40\Log4Net.Async.dll [C:\Users\ultra\warewolf\Dev\Dev2.Runtime.Tests\Dev2.Runtime.Tests.csproj]
C:\Program Files\dotnet\sdk\10.0.201\Microsoft.Common.CurrentVersion.targets(2451,5): warning MSB3277:             C:\Users\ultra\.nuget\packages\microsoft.xaml.behaviors.wpf\1.1.122\lib\net462\Microsoft.Xaml.Behaviors.dll [C:\Users\ultra\warewolf\Dev\Dev2.Runtime.Tests\Dev2.Runtime.Tests.csproj]
C:\Program Files\dotnet\sdk\10.0.201\Microsoft.Common.CurrentVersion.targets(2451,5): warning MSB3277:             C:\Users\ultra\.nuget\packages\caliburn.micro\4.0.212\lib\netcoreapp3.1\Caliburn.Micro.Platform.dll [C:\Users\ultra\warewolf\Dev\Dev2.Runtime.Tests\Dev2.Runtime.Tests.csproj]
C:\Program Files\dotnet\sdk\10.0.201\Microsoft.Common.CurrentVersion.targets(2451,5): warning MSB3277:             C:\Users\ultra\.nuget\packages\prism.composition\5.0.0\lib\NET45\Microsoft.Practices.Prism.Composition.dll [C:\Users\ultra\warewolf\Dev\Dev2.Runtime.Tests\Dev2.Runtime.Tests.csproj]
C:\Program Files\dotnet\sdk\10.0.201\Microsoft.Common.CurrentVersion.targets(2451,5): warning MSB3277:             C:\Users\ultra\.nuget\packages\prism.interactivity\5.0.0\lib\NET45\Microsoft.Practices.Prism.Interactivity.dll [C:\Users\ultra\warewolf\Dev\Dev2.Runtime.Tests\Dev2.Runtime.Tests.csproj]
C:\Program Files\dotnet\sdk\10.0.201\Microsoft.Common.CurrentVersion.targets(2451,5): warning MSB3277:             C:\Users\ultra\.nuget\packages\prism.mvvm\1.0.0\lib\net45\Microsoft.Practices.Prism.Mvvm.Desktop.dll [C:\Users\ultra\warewolf\Dev\Dev2.Runtime.Tests\Dev2.Runtime.Tests.csproj]
C:\Program Files\dotnet\sdk\10.0.201\Microsoft.Common.CurrentVersion.targets(2451,5): warning MSB3277:             C:\Users\ultra\.nuget\packages\prism.unityextensions\5.0.1\lib\NET45\Microsoft.Practices.Prism.UnityExtensions.dll [C:\Users\ultra\warewolf\Dev\Dev2.Runtime.Tests\Dev2.Runtime.Tests.csproj]
C:\Program Files\dotnet\sdk\10.0.201\Microsoft.Common.CurrentVersion.targets(2451,5): warning MSB3277:             C:\Users\ultra\.nuget\packages\prism.wpf\9.0.537\lib\net462\Prism.Wpf.dll [C:\Users\ultra\warewolf\Dev\Dev2.Runtime.Tests\Dev2.Runtime.Tests.csproj]
C:\Program Files\dotnet\sdk\10.0.201\Microsoft.Common.CurrentVersion.targets(2451,5): warning MSB3277:             C:\Users\ultra\.nuget\packages\reactiveui.wpf\18.4.1\lib\net462\ReactiveUI.Wpf.dll [C:\Users\ultra\warewolf\Dev\Dev2.Runtime.Tests\Dev2.Runtime.Tests.csproj]
C:\Program Files\dotnet\sdk\10.0.201\Microsoft.Common.CurrentVersion.targets(2451,5): warning MSB3277:             C:\Users\ultra\.nuget\packages\taskschedulereditor\2.10.1\lib\net452\Microsoft.Win32.TaskSchedulerEditor.dll [C:\Users\ultra\warewolf\Dev\Dev2.Runtime.Tests\Dev2.Runtime.Tests.csproj]
C:\Program Files\dotnet\sdk\10.0.201\Microsoft.Common.CurrentVersion.targets(2451,5): warning MSB3277:             C:\Users\ultra\.nuget\packages\ttcue.netcore.sharepointonline.csom.16.1.8029.1200\16.1.8029.1200\lib\netcoreapp2.0\Microsoft.SharePoint.Client.Runtime.Windows.dll [C:\Users\ultra\warewolf\Dev\Dev2.Runtime.Tests\Dev2.Runtime.Tests.csproj]
C:\Program Files\dotnet\sdk\10.0.201\Microsoft.Common.CurrentVersion.targets(2451,5): warning MSB3277:         C:\Users\ultra\warewolf\Dev\Binaries\Infragistcs_Net6\InfragisticsWPF4.v15.1.dll [C:\Users\ultra\warewolf\Dev\Dev2.Runtime.Tests\Dev2.Runtime.Tests.csproj]
C:\Program Files\dotnet\sdk\10.0.201\Microsoft.Common.CurrentVersion.targets(2451,5): warning MSB3277:           Project file item includes which caused reference "C:\Users\ultra\warewolf\Dev\Binaries\Infragistcs_Net6\InfragisticsWPF4.v15.1.dll". [C:\Users\ultra\warewolf\Dev\Dev2.Runtime.Tests\Dev2.Runtime.Tests.csproj]
C:\Program Files\dotnet\sdk\10.0.201\Microsoft.Common.CurrentVersion.targets(2451,5): warning MSB3277:             CalculationManager.WPF [C:\Users\ultra\warewolf\Dev\Dev2.Runtime.Tests\Dev2.Runtime.Tests.csproj]
C:\Program Files\dotnet\sdk\10.0.201\Microsoft.Common.CurrentVersion.targets(2451,5): warning MSB3277:             InfragisticsWPF4.Controls.Editors.XamSyntaxEditor.v15.1 [C:\Users\ultra\warewolf\Dev\Dev2.Runtime.Tests\Dev2.Runtime.Tests.csproj]
C:\Program Files\dotnet\sdk\10.0.201\Microsoft.Common.CurrentVersion.targets(2451,5): warning MSB3277:             InfragisticsWPF4.DataPresenter.v15.1 [C:\Users\ultra\warewolf\Dev\Dev2.Runtime.Tests\Dev2.Runtime.Tests.csproj]
C:\Program Files\dotnet\sdk\10.0.201\Microsoft.Common.CurrentVersion.targets(2451,5): warning MSB3277:             InfragisticsWPF4.Math.Calculators.v15.1 [C:\Users\ultra\warewolf\Dev\Dev2.Runtime.Tests\Dev2.Runtime.Tests.csproj]
C:\Program Files\dotnet\sdk\10.0.201\Microsoft.Common.CurrentVersion.targets(2451,5): warning MSB3277:         C:\Users\ultra\warewolf\Dev\Binaries\Infragistcs_Net6\InfragisticsWPF4.Editors.v15.1.dll [C:\Users\ultra\warewolf\Dev\Dev2.Runtime.Tests\Dev2.Runtime.Tests.csproj]
C:\Program Files\dotnet\sdk\10.0.201\Microsoft.Common.CurrentVersion.targets(2451,5): warning MSB3277:           Project file item includes which caused reference "C:\Users\ultra\warewolf\Dev\Binaries\Infragistcs_Net6\InfragisticsWPF4.Editors.v15.1.dll". [C:\Users\ultra\warewolf\Dev\Dev2.Runtime.Tests\Dev2.Runtime.Tests.csproj]
C:\Program Files\dotnet\sdk\10.0.201\Microsoft.Common.CurrentVersion.targets(2451,5): warning MSB3277:             InfragisticsWPF4.DataPresenter.v15.1 [C:\Users\ultra\warewolf\Dev\Dev2.Runtime.Tests\Dev2.Runtime.Tests.csproj]
C:\Program Files\dotnet\sdk\10.0.201\Microsoft.Common.CurrentVersion.targets(2451,5): warning MSB3277: Found conflicts between different versions of "WindowsBase" that could not be resolved. [C:\Users\ultra\warewolf\Dev\Dev2.Runtime.Tests\Dev2.Runtime.Tests.csproj]
C:\Program Files\dotnet\sdk\10.0.201\Microsoft.Common.CurrentVersion.targets(2451,5): warning MSB3277: There was a conflict between "WindowsBase, Version=4.0.0.0, Culture=neutral, PublicKeyToken=31bf3856ad364e35" and "WindowsBase, Version=6.0.2.0, Culture=neutral, PublicKeyToken=31bf3856ad364e35". [C:\Users\ultra\warewolf\Dev\Dev2.Runtime.Tests\Dev2.Runtime.Tests.csproj]
C:\Program Files\dotnet\sdk\10.0.201\Microsoft.Common.CurrentVersion.targets(2451,5): warning MSB3277:     "WindowsBase, Version=4.0.0.0, Culture=neutral, PublicKeyToken=31bf3856ad364e35" was chosen because it was primary and "WindowsBase, Version=6.0.2.0, Culture=neutral, PublicKeyToken=31bf3856ad364e35" was not. [C:\Users\ultra\warewolf\Dev\Dev2.Runtime.Tests\Dev2.Runtime.Tests.csproj]
C:\Program Files\dotnet\sdk\10.0.201\Microsoft.Common.CurrentVersion.targets(2451,5): warning MSB3277:     References which depend on "WindowsBase, Version=4.0.0.0, Culture=neutral, PublicKeyToken=31bf3856ad364e35" [C:\Program Files\dotnet\packs\Microsoft.NETCore.App.Ref\8.0.25\ref\net8.0\WindowsBase.dll]. [C:\Users\ultra\warewolf\Dev\Dev2.Runtime.Tests\Dev2.Runtime.Tests.csproj]
C:\Program Files\dotnet\sdk\10.0.201\Microsoft.Common.CurrentVersion.targets(2451,5): warning MSB3277:         C:\Program Files\dotnet\packs\Microsoft.NETCore.App.Ref\8.0.25\ref\net8.0\WindowsBase.dll [C:\Users\ultra\warewolf\Dev\Dev2.Runtime.Tests\Dev2.Runtime.Tests.csproj]
C:\Program Files\dotnet\sdk\10.0.201\Microsoft.Common.CurrentVersion.targets(2451,5): warning MSB3277:           Project file item includes which caused reference "C:\Program Files\dotnet\packs\Microsoft.NETCore.App.Ref\8.0.25\ref\net8.0\WindowsBase.dll". [C:\Users\ultra\warewolf\Dev\Dev2.Runtime.Tests\Dev2.Runtime.Tests.csproj]
C:\Program Files\dotnet\sdk\10.0.201\Microsoft.Common.CurrentVersion.targets(2451,5): warning MSB3277:             C:\Program Files\dotnet\packs\Microsoft.NETCore.App.Ref\8.0.25\ref/net8.0/WindowsBase.dll [C:\Users\ultra\warewolf\Dev\Dev2.Runtime.Tests\Dev2.Runtime.Tests.csproj]
C:\Program Files\dotnet\sdk\10.0.201\Microsoft.Common.CurrentVersion.targets(2451,5): warning MSB3277:     References which depend on or have been unified to "WindowsBase, Version=6.0.2.0, Culture=neutral, PublicKeyToken=31bf3856ad364e35" []. [C:\Users\ultra\warewolf\Dev\Dev2.Runtime.Tests\Dev2.Runtime.Tests.csproj]
C:\Program Files\dotnet\sdk\10.0.201\Microsoft.Common.CurrentVersion.targets(2451,5): warning MSB3277:         C:\Users\ultra\warewolf\Dev\Binaries\Infragistcs_Net6\Infragistics.Calculations.dll [C:\Users\ultra\warewolf\Dev\Dev2.Runtime.Tests\Dev2.Runtime.Tests.csproj]
C:\Program Files\dotnet\sdk\10.0.201\Microsoft.Common.CurrentVersion.targets(2451,5): warning MSB3277:           Project file item includes which caused reference "C:\Users\ultra\warewolf\Dev\Binaries\Infragistcs_Net6\Infragistics.Calculations.dll". [C:\Users\ultra\warewolf\Dev\Dev2.Runtime.Tests\Dev2.Runtime.Tests.csproj]
C:\Program Files\dotnet\sdk\10.0.201\Microsoft.Common.CurrentVersion.targets(2451,5): warning MSB3277:             CalculationManager.WPF [C:\Users\ultra\warewolf\Dev\Dev2.Runtime.Tests\Dev2.Runtime.Tests.csproj]
C:\Program Files\dotnet\sdk\10.0.201\Microsoft.Common.CurrentVersion.targets(2451,5): warning MSB3277:         C:\Users\ultra\warewolf\Dev\Binaries\Infragistcs_Net6\InfragisticsWPF4.Controls.Editors.XamSyntaxEditor.v15.1.dll [C:\Users\ultra\warewolf\Dev\Dev2.Runtime.Tests\Dev2.Runtime.Tests.csproj]
C:\Program Files\dotnet\sdk\10.0.201\Microsoft.Common.CurrentVersion.targets(2451,5): warning MSB3277:           Project file item includes which caused reference "C:\Users\ultra\warewolf\Dev\Binaries\Infragistcs_Net6\InfragisticsWPF4.Controls.Editors.XamSyntaxEditor.v15.1.dll". [C:\Users\ultra\warewolf\Dev\Dev2.Runtime.Tests\Dev2.Runtime.Tests.csproj]
C:\Program Files\dotnet\sdk\10.0.201\Microsoft.Common.CurrentVersion.targets(2451,5): warning MSB3277:             InfragisticsWPF4.Controls.Editors.XamSyntaxEditor.v15.1 [C:\Users\ultra\warewolf\Dev\Dev2.Runtime.Tests\Dev2.Runtime.Tests.csproj]
C:\Program Files\dotnet\sdk\10.0.201\Microsoft.Common.CurrentVersion.targets(2451,5): warning MSB3277:         C:\Users\ultra\warewolf\Dev\Binaries\Infragistcs_Net6\InfragisticsWPF4.DataPresenter.v15.1.dll [C:\Users\ultra\warewolf\Dev\Dev2.Runtime.Tests\Dev2.Runtime.Tests.csproj]
C:\Program Files\dotnet\sdk\10.0.201\Microsoft.Common.CurrentVersion.targets(2451,5): warning MSB3277:           Project file item includes which caused reference "C:\Users\ultra\warewolf\Dev\Binaries\Infragistcs_Net6\InfragisticsWPF4.DataPresenter.v15.1.dll". [C:\Users\ultra\warewolf\Dev\Dev2.Runtime.Tests\Dev2.Runtime.Tests.csproj]
C:\Program Files\dotnet\sdk\10.0.201\Microsoft.Common.CurrentVersion.targets(2451,5): warning MSB3277:             InfragisticsWPF4.DataPresenter.v15.1 [C:\Users\ultra\warewolf\Dev\Dev2.Runtime.Tests\Dev2.Runtime.Tests.csproj]
C:\Program Files\dotnet\sdk\10.0.201\Microsoft.Common.CurrentVersion.targets(2451,5): warning MSB3277:         C:\Users\ultra\warewolf\Dev\Binaries\Infragistcs_Net6\InfragisticsWPF4.Math.Calculators.v15.1.dll [C:\Users\ultra\warewolf\Dev\Dev2.Runtime.Tests\Dev2.Runtime.Tests.csproj]
C:\Program Files\dotnet\sdk\10.0.201\Microsoft.Common.CurrentVersion.targets(2451,5): warning MSB3277:           Project file item includes which caused reference "C:\Users\ultra\warewolf\Dev\Binaries\Infragistcs_Net6\InfragisticsWPF4.Math.Calculators.v15.1.dll". [C:\Users\ultra\warewolf\Dev\Dev2.Runtime.Tests\Dev2.Runtime.Tests.csproj]
C:\Program Files\dotnet\sdk\10.0.201\Microsoft.Common.CurrentVersion.targets(2451,5): warning MSB3277:             InfragisticsWPF4.Math.Calculators.v15.1 [C:\Users\ultra\warewolf\Dev\Dev2.Runtime.Tests\Dev2.Runtime.Tests.csproj]
C:\Program Files\dotnet\sdk\10.0.201\Microsoft.Common.CurrentVersion.targets(2451,5): warning MSB3277:         C:\Users\ultra\.nuget\packages\avalonedit\6.3.0.90\lib\net462\ICSharpCode.AvalonEdit.dll [C:\Users\ultra\warewolf\Dev\Dev2.Runtime.Tests\Dev2.Runtime.Tests.csproj]
C:\Program Files\dotnet\sdk\10.0.201\Microsoft.Common.CurrentVersion.targets(2451,5): warning MSB3277:           Project file item includes which caused reference "C:\Users\ultra\.nuget\packages\avalonedit\6.3.0.90\lib\net462\ICSharpCode.AvalonEdit.dll". [C:\Users\ultra\warewolf\Dev\Dev2.Runtime.Tests\Dev2.Runtime.Tests.csproj]
C:\Program Files\dotnet\sdk\10.0.201\Microsoft.Common.CurrentVersion.targets(2451,5): warning MSB3277:             C:\Users\ultra\.nuget\packages\avalonedit\6.3.0.90\lib\net462\ICSharpCode.AvalonEdit.dll [C:\Users\ultra\warewolf\Dev\Dev2.Runtime.Tests\Dev2.Runtime.Tests.csproj]
C:\Program Files\dotnet\sdk\10.0.201\Microsoft.Common.CurrentVersion.targets(2451,5): warning MSB3277:         C:\Users\ultra\.nuget\packages\caliburn.micro\4.0.212\lib\netcoreapp3.1\Caliburn.Micro.Platform.dll [C:\Users\ultra\warewolf\Dev\Dev2.Runtime.Tests\Dev2.Runtime.Tests.csproj]
C:\Program Files\dotnet\sdk\10.0.201\Microsoft.Common.CurrentVersion.targets(2451,5): warning MSB3277:           Project file item includes which caused reference "C:\Users\ultra\.nuget\packages\caliburn.micro\4.0.212\lib\netcoreapp3.1\Caliburn.Micro.Platform.dll". [C:\Users\ultra\warewolf\Dev\Dev2.Runtime.Tests\Dev2.Runtime.Tests.csproj]
C:\Program Files\dotnet\sdk\10.0.201\Microsoft.Common.CurrentVersion.targets(2451,5): warning MSB3277:             C:\Users\ultra\.nuget\packages\caliburn.micro\4.0.212\lib\netcoreapp3.1\Caliburn.Micro.Platform.dll [C:\Users\ultra\warewolf\Dev\Dev2.Runtime.Tests\Dev2.Runtime.Tests.csproj]
C:\Program Files\dotnet\sdk\10.0.201\Microsoft.Common.CurrentVersion.targets(2451,5): warning MSB3277:         C:\Users\ultra\.nuget\packages\extended.wpf.toolkit\4.4.0\lib\net5.0\Xceed.Wpf.AvalonDock.NET5.dll [C:\Users\ultra\warewolf\Dev\Dev2.Runtime.Tests\Dev2.Runtime.Tests.csproj]
C:\Program Files\dotnet\sdk\10.0.201\Microsoft.Common.CurrentVersion.targets(2451,5): warning MSB3277:           Project file item includes which caused reference "C:\Users\ultra\.nuget\packages\extended.wpf.toolkit\4.4.0\lib\net5.0\Xceed.Wpf.AvalonDock.NET5.dll". [C:\Users\ultra\warewolf\Dev\Dev2.Runtime.Tests\Dev2.Runtime.Tests.csproj]
C:\Program Files\dotnet\sdk\10.0.201\Microsoft.Common.CurrentVersion.targets(2451,5): warning MSB3277:             C:\Users\ultra\.nuget\packages\extended.wpf.toolkit\4.4.0\lib\net5.0\Xceed.Wpf.AvalonDock.NET5.dll [C:\Users\ultra\warewolf\Dev\Dev2.Runtime.Tests\Dev2.Runtime.Tests.csproj]
C:\Program Files\dotnet\sdk\10.0.201\Microsoft.Common.CurrentVersion.targets(2451,5): warning MSB3277:             C:\Users\ultra\.nuget\packages\extended.wpf.toolkit\4.4.0\lib\net5.0\Xceed.Wpf.AvalonDock.Themes.Aero.NET5.dll [C:\Users\ultra\warewolf\Dev\Dev2.Runtime.Tests\Dev2.Runtime.Tests.csproj]
C:\Program Files\dotnet\sdk\10.0.201\Microsoft.Common.CurrentVersion.targets(2451,5): warning MSB3277:             C:\Users\ultra\.nuget\packages\extended.wpf.toolkit\4.4.0\lib\net5.0\Xceed.Wpf.AvalonDock.Themes.Metro.NET5.dll [C:\Users\ultra\warewolf\Dev\Dev2.Runtime.Tests\Dev2.Runtime.Tests.csproj]
C:\Program Files\dotnet\sdk\10.0.201\Microsoft.Common.CurrentVersion.targets(2451,5): warning MSB3277:             C:\Users\ultra\.nuget\packages\extended.wpf.toolkit\4.4.0\lib\net5.0\Xceed.Wpf.AvalonDock.Themes.VS2010.NET5.dll [C:\Users\ultra\warewolf\Dev\Dev2.Runtime.Tests\Dev2.Runtime.Tests.csproj]
C:\Program Files\dotnet\sdk\10.0.201\Microsoft.Common.CurrentVersion.targets(2451,5): warning MSB3277:         C:\Users\ultra\.nuget\packages\extended.wpf.toolkit\4.4.0\lib\net5.0\Xceed.Wpf.AvalonDock.Themes.Aero.NET5.dll [C:\Users\ultra\warewolf\Dev\Dev2.Runtime.Tests\Dev2.Runtime.Tests.csproj]
C:\Program Files\dotnet\sdk\10.0.201\Microsoft.Common.CurrentVersion.targets(2451,5): warning MSB3277:           Project file item includes which caused reference "C:\Users\ultra\.nuget\packages\extended.wpf.toolkit\4.4.0\lib\net5.0\Xceed.Wpf.AvalonDock.Themes.Aero.NET5.dll". [C:\Users\ultra\warewolf\Dev\Dev2.Runtime.Tests\Dev2.Runtime.Tests.csproj]
C:\Program Files\dotnet\sdk\10.0.201\Microsoft.Common.CurrentVersion.targets(2451,5): warning MSB3277:             C:\Users\ultra\.nuget\packages\extended.wpf.toolkit\4.4.0\lib\net5.0\Xceed.Wpf.AvalonDock.Themes.Aero.NET5.dll [C:\Users\ultra\warewolf\Dev\Dev2.Runtime.Tests\Dev2.Runtime.Tests.csproj]
C:\Program Files\dotnet\sdk\10.0.201\Microsoft.Common.CurrentVersion.targets(2451,5): warning MSB3277:         C:\Users\ultra\.nuget\packages\extended.wpf.toolkit\4.4.0\lib\net5.0\Xceed.Wpf.Toolkit.NET5.dll [C:\Users\ultra\warewolf\Dev\Dev2.Runtime.Tests\Dev2.Runtime.Tests.csproj]
C:\Program Files\dotnet\sdk\10.0.201\Microsoft.Common.CurrentVersion.targets(2451,5): warning MSB3277:           Project file item includes which caused reference "C:\Users\ultra\.nuget\packages\extended.wpf.toolkit\4.4.0\lib\net5.0\Xceed.Wpf.Toolkit.NET5.dll". [C:\Users\ultra\warewolf\Dev\Dev2.Runtime.Tests\Dev2.Runtime.Tests.csproj]
C:\Program Files\dotnet\sdk\10.0.201\Microsoft.Common.CurrentVersion.targets(2451,5): warning MSB3277:             C:\Users\ultra\.nuget\packages\extended.wpf.toolkit\4.4.0\lib\net5.0\Xceed.Wpf.Toolkit.NET5.dll [C:\Users\ultra\warewolf\Dev\Dev2.Runtime.Tests\Dev2.Runtime.Tests.csproj]
C:\Program Files\dotnet\sdk\10.0.201\Microsoft.Common.CurrentVersion.targets(2451,5): warning MSB3277:         C:\Users\ultra\.nuget\packages\fontawesome.wpf\4.7.0.9\lib\net40\FontAwesome.WPF.dll [C:\Users\ultra\warewolf\Dev\Dev2.Runtime.Tests\Dev2.Runtime.Tests.csproj]
C:\Program Files\dotnet\sdk\10.0.201\Microsoft.Common.CurrentVersion.targets(2451,5): warning MSB3277:           Project file item includes which caused reference "C:\Users\ultra\.nuget\packages\fontawesome.wpf\4.7.0.9\lib\net40\FontAwesome.WPF.dll". [C:\Users\ultra\warewolf\Dev\Dev2.Runtime.Tests\Dev2.Runtime.Tests.csproj]
C:\Program Files\dotnet\sdk\10.0.201\Microsoft.Common.CurrentVersion.targets(2451,5): warning MSB3277:             C:\Users\ultra\.nuget\packages\fontawesome.wpf\4.7.0.9\lib\net40\FontAwesome.WPF.dll [C:\Users\ultra\warewolf\Dev\Dev2.Runtime.Tests\Dev2.Runtime.Tests.csproj]
C:\Program Files\dotnet\sdk\10.0.201\Microsoft.Common.CurrentVersion.targets(2451,5): warning MSB3277:         C:\Users\ultra\.nuget\packages\ironpython\3.4.0\lib\net6.0\IronPython.Wpf.dll [C:\Users\ultra\warewolf\Dev\Dev2.Runtime.Tests\Dev2.Runtime.Tests.csproj]
C:\Program Files\dotnet\sdk\10.0.201\Microsoft.Common.CurrentVersion.targets(2451,5): warning MSB3277:           Project file item includes which caused reference "C:\Users\ultra\.nuget\packages\ironpython\3.4.0\lib\net6.0\IronPython.Wpf.dll". [C:\Users\ultra\warewolf\Dev\Dev2.Runtime.Tests\Dev2.Runtime.Tests.csproj]
C:\Program Files\dotnet\sdk\10.0.201\Microsoft.Common.CurrentVersion.targets(2451,5): warning MSB3277:             C:\Users\ultra\.nuget\packages\ironpython\3.4.0\lib\net6.0\IronPython.Wpf.dll [C:\Users\ultra\warewolf\Dev\Dev2.Runtime.Tests\Dev2.Runtime.Tests.csproj]
C:\Program Files\dotnet\sdk\10.0.201\Microsoft.Common.CurrentVersion.targets(2451,5): warning MSB3277:         C:\Users\ultra\.nuget\packages\microsoft.xaml.behaviors.wpf\1.1.122\lib\net462\Microsoft.Xaml.Behaviors.dll [C:\Users\ultra\warewolf\Dev\Dev2.Runtime.Tests\Dev2.Runtime.Tests.csproj]
C:\Program Files\dotnet\sdk\10.0.201\Microsoft.Common.CurrentVersion.targets(2451,5): warning MSB3277:           Project file item includes which caused reference "C:\Users\ultra\.nuget\packages\microsoft.xaml.behaviors.wpf\1.1.122\lib\net462\Microsoft.Xaml.Behaviors.dll". [C:\Users\ultra\warewolf\Dev\Dev2.Runtime.Tests\Dev2.Runtime.Tests.csproj]
C:\Program Files\dotnet\sdk\10.0.201\Microsoft.Common.CurrentVersion.targets(2451,5): warning MSB3277:             C:\Users\ultra\.nuget\packages\microsoft.xaml.behaviors.wpf\1.1.122\lib\net462\Microsoft.Xaml.Behaviors.dll [C:\Users\ultra\warewolf\Dev\Dev2.Runtime.Tests\Dev2.Runtime.Tests.csproj]
C:\Program Files\dotnet\sdk\10.0.201\Microsoft.Common.CurrentVersion.targets(2451,5): warning MSB3277:             C:\Users\ultra\.nuget\packages\caliburn.micro\4.0.212\lib\netcoreapp3.1\Caliburn.Micro.Platform.dll [C:\Users\ultra\warewolf\Dev\Dev2.Runtime.Tests\Dev2.Runtime.Tests.csproj]
C:\Program Files\dotnet\sdk\10.0.201\Microsoft.Common.CurrentVersion.targets(2451,5): warning MSB3277:             C:\Users\ultra\.nuget\packages\prism.wpf\9.0.537\lib\net462\Prism.Wpf.dll [C:\Users\ultra\warewolf\Dev\Dev2.Runtime.Tests\Dev2.Runtime.Tests.csproj]
C:\Program Files\dotnet\sdk\10.0.201\Microsoft.Common.CurrentVersion.targets(2451,5): warning MSB3277:         C:\Users\ultra\.nuget\packages\prism.composition\5.0.0\lib\NET45\Microsoft.Practices.Prism.Composition.dll [C:\Users\ultra\warewolf\Dev\Dev2.Runtime.Tests\Dev2.Runtime.Tests.csproj]
C:\Program Files\dotnet\sdk\10.0.201\Microsoft.Common.CurrentVersion.targets(2451,5): warning MSB3277:           Project file item includes which caused reference "C:\Users\ultra\.nuget\packages\prism.composition\5.0.0\lib\NET45\Microsoft.Practices.Prism.Composition.dll". [C:\Users\ultra\warewolf\Dev\Dev2.Runtime.Tests\Dev2.Runtime.Tests.csproj]
C:\Program Files\dotnet\sdk\10.0.201\Microsoft.Common.CurrentVersion.targets(2451,5): warning MSB3277:             C:\Users\ultra\.nuget\packages\prism.composition\5.0.0\lib\NET45\Microsoft.Practices.Prism.Composition.dll [C:\Users\ultra\warewolf\Dev\Dev2.Runtime.Tests\Dev2.Runtime.Tests.csproj]
C:\Program Files\dotnet\sdk\10.0.201\Microsoft.Common.CurrentVersion.targets(2451,5): warning MSB3277:             C:\Users\ultra\.nuget\packages\prism.unityextensions\5.0.1\lib\NET45\Microsoft.Practices.Prism.UnityExtensions.dll [C:\Users\ultra\warewolf\Dev\Dev2.Runtime.Tests\Dev2.Runtime.Tests.csproj]
C:\Program Files\dotnet\sdk\10.0.201\Microsoft.Common.CurrentVersion.targets(2451,5): warning MSB3277:         C:\Users\ultra\.nuget\packages\prism.interactivity\5.0.0\lib\NET45\Microsoft.Practices.Prism.Interactivity.dll [C:\Users\ultra\warewolf\Dev\Dev2.Runtime.Tests\Dev2.Runtime.Tests.csproj]
C:\Program Files\dotnet\sdk\10.0.201\Microsoft.Common.CurrentVersion.targets(2451,5): warning MSB3277:           Project file item includes which caused reference "C:\Users\ultra\.nuget\packages\prism.interactivity\5.0.0\lib\NET45\Microsoft.Practices.Prism.Interactivity.dll". [C:\Users\ultra\warewolf\Dev\Dev2.Runtime.Tests\Dev2.Runtime.Tests.csproj]
C:\Program Files\dotnet\sdk\10.0.201\Microsoft.Common.CurrentVersion.targets(2451,5): warning MSB3277:             C:\Users\ultra\.nuget\packages\prism.interactivity\5.0.0\lib\NET45\Microsoft.Practices.Prism.Interactivity.dll [C:\Users\ultra\warewolf\Dev\Dev2.Runtime.Tests\Dev2.Runtime.Tests.csproj]
C:\Program Files\dotnet\sdk\10.0.201\Microsoft.Common.CurrentVersion.targets(2451,5): warning MSB3277:         C:\Users\ultra\.nuget\packages\prism.mvvm\1.0.0\lib\net45\Microsoft.Practices.Prism.Mvvm.Desktop.dll [C:\Users\ultra\warewolf\Dev\Dev2.Runtime.Tests\Dev2.Runtime.Tests.csproj]
C:\Program Files\dotnet\sdk\10.0.201\Microsoft.Common.CurrentVersion.targets(2451,5): warning MSB3277:           Project file item includes which caused reference "C:\Users\ultra\.nuget\packages\prism.mvvm\1.0.0\lib\net45\Microsoft.Practices.Prism.Mvvm.Desktop.dll". [C:\Users\ultra\warewolf\Dev\Dev2.Runtime.Tests\Dev2.Runtime.Tests.csproj]
C:\Program Files\dotnet\sdk\10.0.201\Microsoft.Common.CurrentVersion.targets(2451,5): warning MSB3277:             C:\Users\ultra\.nuget\packages\prism.mvvm\1.0.0\lib\net45\Microsoft.Practices.Prism.Mvvm.Desktop.dll [C:\Users\ultra\warewolf\Dev\Dev2.Runtime.Tests\Dev2.Runtime.Tests.csproj]
C:\Program Files\dotnet\sdk\10.0.201\Microsoft.Common.CurrentVersion.targets(2451,5): warning MSB3277:         C:\Users\ultra\.nuget\packages\prism.unityextensions\5.0.1\lib\NET45\Microsoft.Practices.Prism.UnityExtensions.dll [C:\Users\ultra\warewolf\Dev\Dev2.Runtime.Tests\Dev2.Runtime.Tests.csproj]
C:\Program Files\dotnet\sdk\10.0.201\Microsoft.Common.CurrentVersion.targets(2451,5): warning MSB3277:           Project file item includes which caused reference "C:\Users\ultra\.nuget\packages\prism.unityextensions\5.0.1\lib\NET45\Microsoft.Practices.Prism.UnityExtensions.dll". [C:\Users\ultra\warewolf\Dev\Dev2.Runtime.Tests\Dev2.Runtime.Tests.csproj]
C:\Program Files\dotnet\sdk\10.0.201\Microsoft.Common.CurrentVersion.targets(2451,5): warning MSB3277:             C:\Users\ultra\.nuget\packages\prism.unityextensions\5.0.1\lib\NET45\Microsoft.Practices.Prism.UnityExtensions.dll [C:\Users\ultra\warewolf\Dev\Dev2.Runtime.Tests\Dev2.Runtime.Tests.csproj]
C:\Program Files\dotnet\sdk\10.0.201\Microsoft.Common.CurrentVersion.targets(2451,5): warning MSB3277:         C:\Users\ultra\.nuget\packages\prism.wpf\9.0.537\lib\net462\Prism.Wpf.dll [C:\Users\ultra\warewolf\Dev\Dev2.Runtime.Tests\Dev2.Runtime.Tests.csproj]
C:\Program Files\dotnet\sdk\10.0.201\Microsoft.Common.CurrentVersion.targets(2451,5): warning MSB3277:           Project file item includes which caused reference "C:\Users\ultra\.nuget\packages\prism.wpf\9.0.537\lib\net462\Prism.Wpf.dll". [C:\Users\ultra\warewolf\Dev\Dev2.Runtime.Tests\Dev2.Runtime.Tests.csproj]
C:\Program Files\dotnet\sdk\10.0.201\Microsoft.Common.CurrentVersion.targets(2451,5): warning MSB3277:             C:\Users\ultra\.nuget\packages\prism.wpf\9.0.537\lib\net462\Prism.Wpf.dll [C:\Users\ultra\warewolf\Dev\Dev2.Runtime.Tests\Dev2.Runtime.Tests.csproj]
C:\Program Files\dotnet\sdk\10.0.201\Microsoft.Common.CurrentVersion.targets(2451,5): warning MSB3277:         C:\Users\ultra\.nuget\packages\reactiveui.wpf\18.4.1\lib\net462\ReactiveUI.Wpf.dll [C:\Users\ultra\warewolf\Dev\Dev2.Runtime.Tests\Dev2.Runtime.Tests.csproj]
C:\Program Files\dotnet\sdk\10.0.201\Microsoft.Common.CurrentVersion.targets(2451,5): warning MSB3277:           Project file item includes which caused reference "C:\Users\ultra\.nuget\packages\reactiveui.wpf\18.4.1\lib\net462\ReactiveUI.Wpf.dll". [C:\Users\ultra\warewolf\Dev\Dev2.Runtime.Tests\Dev2.Runtime.Tests.csproj]
C:\Program Files\dotnet\sdk\10.0.201\Microsoft.Common.CurrentVersion.targets(2451,5): warning MSB3277:             C:\Users\ultra\.nuget\packages\reactiveui.wpf\18.4.1\lib\net462\ReactiveUI.Wpf.dll [C:\Users\ultra\warewolf\Dev\Dev2.Runtime.Tests\Dev2.Runtime.Tests.csproj]
C:\Program Files\dotnet\sdk\10.0.201\Microsoft.Common.CurrentVersion.targets(2451,5): warning MSB3277:         C:\Users\ultra\warewolf\Dev\Binaries\Infragistcs_Net6\InfragisticsWPF4.v15.1.dll [C:\Users\ultra\warewolf\Dev\Dev2.Runtime.Tests\Dev2.Runtime.Tests.csproj]
C:\Program Files\dotnet\sdk\10.0.201\Microsoft.Common.CurrentVersion.targets(2451,5): warning MSB3277:           Project file item includes which caused reference "C:\Users\ultra\warewolf\Dev\Binaries\Infragistcs_Net6\InfragisticsWPF4.v15.1.dll". [C:\Users\ultra\warewolf\Dev\Dev2.Runtime.Tests\Dev2.Runtime.Tests.csproj]
C:\Program Files\dotnet\sdk\10.0.201\Microsoft.Common.CurrentVersion.targets(2451,5): warning MSB3277:             CalculationManager.WPF [C:\Users\ultra\warewolf\Dev\Dev2.Runtime.Tests\Dev2.Runtime.Tests.csproj]
C:\Program Files\dotnet\sdk\10.0.201\Microsoft.Common.CurrentVersion.targets(2451,5): warning MSB3277:             InfragisticsWPF4.Controls.Editors.XamSyntaxEditor.v15.1 [C:\Users\ultra\warewolf\Dev\Dev2.Runtime.Tests\Dev2.Runtime.Tests.csproj]
C:\Program Files\dotnet\sdk\10.0.201\Microsoft.Common.CurrentVersion.targets(2451,5): warning MSB3277:             InfragisticsWPF4.DataPresenter.v15.1 [C:\Users\ultra\warewolf\Dev\Dev2.Runtime.Tests\Dev2.Runtime.Tests.csproj]
C:\Program Files\dotnet\sdk\10.0.201\Microsoft.Common.CurrentVersion.targets(2451,5): warning MSB3277:             InfragisticsWPF4.Math.Calculators.v15.1 [C:\Users\ultra\warewolf\Dev\Dev2.Runtime.Tests\Dev2.Runtime.Tests.csproj]
C:\Program Files\dotnet\sdk\10.0.201\Microsoft.Common.CurrentVersion.targets(2451,5): warning MSB3277:         C:\Users\ultra\warewolf\Dev\Binaries\Infragistcs_Net6\InfragisticsWPF4.Undo.v15.1.dll [C:\Users\ultra\warewolf\Dev\Dev2.Runtime.Tests\Dev2.Runtime.Tests.csproj]
C:\Program Files\dotnet\sdk\10.0.201\Microsoft.Common.CurrentVersion.targets(2451,5): warning MSB3277:           Project file item includes which caused reference "C:\Users\ultra\warewolf\Dev\Binaries\Infragistcs_Net6\InfragisticsWPF4.Undo.v15.1.dll". [C:\Users\ultra\warewolf\Dev\Dev2.Runtime.Tests\Dev2.Runtime.Tests.csproj]
C:\Program Files\dotnet\sdk\10.0.201\Microsoft.Common.CurrentVersion.targets(2451,5): warning MSB3277:             InfragisticsWPF4.Controls.Editors.XamSyntaxEditor.v15.1 [C:\Users\ultra\warewolf\Dev\Dev2.Runtime.Tests\Dev2.Runtime.Tests.csproj]
C:\Program Files\dotnet\sdk\10.0.201\Microsoft.Common.CurrentVersion.targets(2451,5): warning MSB3277:         C:\Users\ultra\warewolf\Dev\Binaries\Infragistcs_Net6\InfragisticsWPF4.Editors.v15.1.dll [C:\Users\ultra\warewolf\Dev\Dev2.Runtime.Tests\Dev2.Runtime.Tests.csproj]
C:\Program Files\dotnet\sdk\10.0.201\Microsoft.Common.CurrentVersion.targets(2451,5): warning MSB3277:           Project file item includes which caused reference "C:\Users\ultra\warewolf\Dev\Binaries\Infragistcs_Net6\InfragisticsWPF4.Editors.v15.1.dll". [C:\Users\ultra\warewolf\Dev\Dev2.Runtime.Tests\Dev2.Runtime.Tests.csproj]
C:\Program Files\dotnet\sdk\10.0.201\Microsoft.Common.CurrentVersion.targets(2451,5): warning MSB3277:             InfragisticsWPF4.DataPresenter.v15.1 [C:\Users\ultra\warewolf\Dev\Dev2.Runtime.Tests\Dev2.Runtime.Tests.csproj]
C:\Program Files\dotnet\sdk\10.0.201\Microsoft.Common.CurrentVersion.targets(2451,5): warning MSB3277:         C:\Users\ultra\warewolf\Dev\Binaries\Infragistcs_Net6\InfragisticsWPF4.DataVisualization.v15.1.dll [C:\Users\ultra\warewolf\Dev\Dev2.Runtime.Tests\Dev2.Runtime.Tests.csproj]
C:\Program Files\dotnet\sdk\10.0.201\Microsoft.Common.CurrentVersion.targets(2451,5): warning MSB3277:           Project file item includes which caused reference "C:\Users\ultra\warewolf\Dev\Binaries\Infragistcs_Net6\InfragisticsWPF4.DataVisualization.v15.1.dll". [C:\Users\ultra\warewolf\Dev\Dev2.Runtime.Tests\Dev2.Runtime.Tests.csproj]
C:\Program Files\dotnet\sdk\10.0.201\Microsoft.Common.CurrentVersion.targets(2451,5): warning MSB3277:             InfragisticsWPF4.Math.Calculators.v15.1 [C:\Users\ultra\warewolf\Dev\Dev2.Runtime.Tests\Dev2.Runtime.Tests.csproj]
C:\Program Files\dotnet\sdk\10.0.201\Microsoft.Common.CurrentVersion.targets(2451,5): warning MSB3277: Found conflicts between different versions of "System.Drawing.Common" that could not be resolved. [C:\Users\ultra\warewolf\Dev\Dev2.Runtime.Tests\Dev2.Runtime.Tests.csproj]
C:\Program Files\dotnet\sdk\10.0.201\Microsoft.Common.CurrentVersion.targets(2451,5): warning MSB3277: There was a conflict between "System.Drawing.Common, Version=6.0.0.0, Culture=neutral, PublicKeyToken=cc7b13ffcd2ddd51" and "System.Drawing.Common, Version=8.0.0.0, Culture=neutral, PublicKeyToken=cc7b13ffcd2ddd51". [C:\Users\ultra\warewolf\Dev\Dev2.Runtime.Tests\Dev2.Runtime.Tests.csproj]
C:\Program Files\dotnet\sdk\10.0.201\Microsoft.Common.CurrentVersion.targets(2451,5): warning MSB3277:     "System.Drawing.Common, Version=6.0.0.0, Culture=neutral, PublicKeyToken=cc7b13ffcd2ddd51" was chosen because it was primary and "System.Drawing.Common, Version=8.0.0.0, Culture=neutral, PublicKeyToken=cc7b13ffcd2ddd51" was not. [C:\Users\ultra\warewolf\Dev\Dev2.Runtime.Tests\Dev2.Runtime.Tests.csproj]
C:\Program Files\dotnet\sdk\10.0.201\Microsoft.Common.CurrentVersion.targets(2451,5): warning MSB3277:     References which depend on "System.Drawing.Common, Version=6.0.0.0, Culture=neutral, PublicKeyToken=cc7b13ffcd2ddd51" [C:\Users\ultra\.nuget\packages\system.drawing.common\6.0.0\lib\net6.0\System.Drawing.Common.dll]. [C:\Users\ultra\warewolf\Dev\Dev2.Runtime.Tests\Dev2.Runtime.Tests.csproj]
C:\Program Files\dotnet\sdk\10.0.201\Microsoft.Common.CurrentVersion.targets(2451,5): warning MSB3277:         C:\Users\ultra\.nuget\packages\system.drawing.common\6.0.0\lib\net6.0\System.Drawing.Common.dll [C:\Users\ultra\warewolf\Dev\Dev2.Runtime.Tests\Dev2.Runtime.Tests.csproj]
C:\Program Files\dotnet\sdk\10.0.201\Microsoft.Common.CurrentVersion.targets(2451,5): warning MSB3277:           Project file item includes which caused reference "C:\Users\ultra\.nuget\packages\system.drawing.common\6.0.0\lib\net6.0\System.Drawing.Common.dll". [C:\Users\ultra\warewolf\Dev\Dev2.Runtime.Tests\Dev2.Runtime.Tests.csproj]
C:\Program Files\dotnet\sdk\10.0.201\Microsoft.Common.CurrentVersion.targets(2451,5): warning MSB3277:             C:\Users\ultra\.nuget\packages\system.drawing.common\6.0.0\lib\net6.0\System.Drawing.Common.dll [C:\Users\ultra\warewolf\Dev\Dev2.Runtime.Tests\Dev2.Runtime.Tests.csproj]
C:\Program Files\dotnet\sdk\10.0.201\Microsoft.Common.CurrentVersion.targets(2451,5): warning MSB3277:     References which depend on or have been unified to "System.Drawing.Common, Version=8.0.0.0, Culture=neutral, PublicKeyToken=cc7b13ffcd2ddd51" []. [C:\Users\ultra\warewolf\Dev\Dev2.Runtime.Tests\Dev2.Runtime.Tests.csproj]
C:\Program Files\dotnet\sdk\10.0.201\Microsoft.Common.CurrentVersion.targets(2451,5): warning MSB3277:         C:\Users\ultra\.nuget\packages\servicestack\6.3.0\lib\net6.0\ServiceStack.dll [C:\Users\ultra\warewolf\Dev\Dev2.Runtime.Tests\Dev2.Runtime.Tests.csproj]
C:\Program Files\dotnet\sdk\10.0.201\Microsoft.Common.CurrentVersion.targets(2451,5): warning MSB3277:           Project file item includes which caused reference "C:\Users\ultra\.nuget\packages\servicestack\6.3.0\lib\net6.0\ServiceStack.dll". [C:\Users\ultra\warewolf\Dev\Dev2.Runtime.Tests\Dev2.Runtime.Tests.csproj]
C:\Program Files\dotnet\sdk\10.0.201\Microsoft.Common.CurrentVersion.targets(2451,5): warning MSB3277:             C:\Users\ultra\.nuget\packages\servicestack\6.3.0\lib\net6.0\ServiceStack.dll [C:\Users\ultra\warewolf\Dev\Dev2.Runtime.Tests\Dev2.Runtime.Tests.csproj]
C:\Program Files\dotnet\sdk\10.0.201\Microsoft.Common.CurrentVersion.targets(2451,5): warning MSB3277:         C:\Users\ultra\.nuget\packages\system.windows.extensions\8.0.0\lib\net8.0\System.Windows.Extensions.dll [C:\Users\ultra\warewolf\Dev\Dev2.Runtime.Tests\Dev2.Runtime.Tests.csproj]
C:\Program Files\dotnet\sdk\10.0.201\Microsoft.Common.CurrentVersion.targets(2451,5): warning MSB3277:           Project file item includes which caused reference "C:\Users\ultra\.nuget\packages\system.windows.extensions\8.0.0\lib\net8.0\System.Windows.Extensions.dll". [C:\Users\ultra\warewolf\Dev\Dev2.Runtime.Tests\Dev2.Runtime.Tests.csproj]
C:\Program Files\dotnet\sdk\10.0.201\Microsoft.Common.CurrentVersion.targets(2451,5): warning MSB3277:             C:\Users\ultra\.nuget\packages\system.windows.extensions\8.0.0\lib\net8.0\System.Windows.Extensions.dll [C:\Users\ultra\warewolf\Dev\Dev2.Runtime.Tests\Dev2.Runtime.Tests.csproj]
C:\Program Files\dotnet\sdk\10.0.201\Microsoft.Common.CurrentVersion.targets(2451,5): warning MSB3277:             C:\Users\ultra\.nuget\packages\extended.wpf.toolkit\4.4.0\lib\net5.0\Xceed.Wpf.Toolkit.NET5.dll [C:\Users\ultra\warewolf\Dev\Dev2.Runtime.Tests\Dev2.Runtime.Tests.csproj]
C:\Program Files\dotnet\sdk\10.0.201\Microsoft.Common.CurrentVersion.targets(2451,5): warning MSB3277:             C:\Users\ultra\.nuget\packages\system.security.permissions\8.0.0\lib\net8.0\System.Security.Permissions.dll [C:\Users\ultra\warewolf\Dev\Dev2.Runtime.Tests\Dev2.Runtime.Tests.csproj]
C:\Program Files\dotnet\sdk\10.0.201\Microsoft.Common.CurrentVersion.targets(2451,5): warning MSB3277:             C:\Users\ultra\warewolf\Dev\Dev2.Data\bin\Debug\net8.0\Dev2.Data.dll [C:\Users\ultra\warewolf\Dev\Dev2.Runtime.Tests\Dev2.Runtime.Tests.csproj]
C:\Program Files\dotnet\sdk\10.0.201\Microsoft.Common.CurrentVersion.targets(2451,5): warning MSB3277:             C:\Users\ultra\warewolf\Dev\Dev2.Activities.Tests\bin\Debug\net8.0\Dev2.Activities.Tests.dll [C:\Users\ultra\warewolf\Dev\Dev2.Runtime.Tests\Dev2.Runtime.Tests.csproj]
C:\Program Files\dotnet\sdk\10.0.201\Microsoft.Common.CurrentVersion.targets(2451,5): warning MSB3277:             C:\Users\ultra\warewolf\Dev\Dev2.Activities\bin\Debug\net8.0\Dev2.Activities.dll [C:\Users\ultra\warewolf\Dev\Dev2.Runtime.Tests\Dev2.Runtime.Tests.csproj]
C:\Program Files\dotnet\sdk\10.0.201\Microsoft.Common.CurrentVersion.targets(2451,5): warning MSB3277:             C:\Users\ultra\warewolf\Dev\Dev2.Infrastructure.Tests\bin\Debug\net8.0\Dev2.Infrastructure.Tests.dll [C:\Users\ultra\warewolf\Dev\Dev2.Runtime.Tests\Dev2.Runtime.Tests.csproj]
C:\Program Files\dotnet\sdk\10.0.201\Microsoft.Common.CurrentVersion.targets(2451,5): warning MSB3277:             C:\Users\ultra\warewolf\Dev\Dev2.Core\bin\Debug\net8.0\Dev2.Core.dll [C:\Users\ultra\warewolf\Dev\Dev2.Runtime.Tests\Dev2.Runtime.Tests.csproj]
C:\Program Files\dotnet\sdk\10.0.201\Microsoft.Common.CurrentVersion.targets(2451,5): warning MSB3277:             C:\Users\ultra\warewolf\Dev\Dev2.Runtime.Services\bin\Debug\net8.0\Dev2.Runtime.Services.dll [C:\Users\ultra\warewolf\Dev\Dev2.Runtime.Tests\Dev2.Runtime.Tests.csproj]
C:\Program Files\dotnet\sdk\10.0.201\Microsoft.Common.CurrentVersion.targets(2451,5): warning MSB3277:             C:\Users\ultra\warewolf\Dev\Dev2.Runtime.WebServer\bin\Debug\net8.0\Dev2.Runtime.WebServer.dll [C:\Users\ultra\warewolf\Dev\Dev2.Runtime.Tests\Dev2.Runtime.Tests.csproj]
C:\Program Files\dotnet\sdk\10.0.201\Microsoft.Common.CurrentVersion.targets(2451,5): warning MSB3277:             C:\Users\ultra\warewolf\Dev\Dev2.Runtime\bin\Debug\net8.0\Dev2.Runtime.dll [C:\Users\ultra\warewolf\Dev\Dev2.Runtime.Tests\Dev2.Runtime.Tests.csproj]
C:\Program Files\dotnet\sdk\10.0.201\Microsoft.Common.CurrentVersion.targets(2451,5): warning MSB3277:             C:\Users\ultra\warewolf\Dev\Dev2.Scheduler\bin\Debug\net8.0\Dev2.Scheduler.dll [C:\Users\ultra\warewolf\Dev\Dev2.Runtime.Tests\Dev2.Runtime.Tests.csproj]
C:\Program Files\dotnet\sdk\10.0.201\Microsoft.Common.CurrentVersion.targets(2451,5): warning MSB3277:             C:\Users\ultra\warewolf\Dev\Dev2.Services.Execution\bin\Debug\net8.0\Dev2.Services.Execution.dll [C:\Users\ultra\warewolf\Dev\Dev2.Runtime.Tests\Dev2.Runtime.Tests.csproj]
C:\Program Files\dotnet\sdk\10.0.201\Microsoft.Common.CurrentVersion.targets(2451,5): warning MSB3277:             C:\Users\ultra\warewolf\Dev\Dev2.Studio.Interfaces\bin\Debug\net8.0\Dev2.Studio.Interfaces.dll [C:\Users\ultra\warewolf\Dev\Dev2.Runtime.Tests\Dev2.Runtime.Tests.csproj]
C:\Program Files\dotnet\sdk\10.0.201\Microsoft.Common.CurrentVersion.targets(2451,5): warning MSB3277:             C:\Users\ultra\warewolf\Dev\TestBase\bin\Debug\net8.0\TestBase.dll [C:\Users\ultra\warewolf\Dev\Dev2.Runtime.Tests\Dev2.Runtime.Tests.csproj]
C:\Program Files\dotnet\sdk\10.0.201\Microsoft.Common.CurrentVersion.targets(2451,5): warning MSB3277:             C:\Users\ultra\warewolf\Dev\Warewolf.Auditing\bin\Debug\net8.0\Warewolf.Auditing.dll [C:\Users\ultra\warewolf\Dev\Dev2.Runtime.Tests\Dev2.Runtime.Tests.csproj]
C:\Program Files\dotnet\sdk\10.0.201\Microsoft.Common.CurrentVersion.targets(2451,5): warning MSB3277:             C:\Users\ultra\warewolf\Dev\Warewolf.Common.Framework48\bin\Debug\net8.0\Warewolf.Common.Framework48.dll [C:\Users\ultra\warewolf\Dev\Dev2.Runtime.Tests\Dev2.Runtime.Tests.csproj]
C:\Program Files\dotnet\sdk\10.0.201\Microsoft.Common.CurrentVersion.targets(2451,5): warning MSB3277:             C:\Users\ultra\warewolf\Dev\Warewolf.Core\bin\Debug\net8.0\Warewolf.Core.dll [C:\Users\ultra\warewolf\Dev\Dev2.Runtime.Tests\Dev2.Runtime.Tests.csproj]
C:\Program Files\dotnet\sdk\10.0.201\Microsoft.Common.CurrentVersion.targets(2451,5): warning MSB3277:             C:\Users\ultra\warewolf\Dev\Warewolf.ResourceManagement\bin\Debug\net8.0\Warewolf.ResourceManagement.dll [C:\Users\ultra\warewolf\Dev\Dev2.Runtime.Tests\Dev2.Runtime.Tests.csproj]
C:\Program Files\dotnet\sdk\10.0.201\Microsoft.Common.CurrentVersion.targets(2451,5): warning MSB3277:             C:\Users\ultra\warewolf\Dev\Warewolf.Trigger.Queue\bin\Debug\net8.0\Warewolf.Trigger.Queue.dll [C:\Users\ultra\warewolf\Dev\Dev2.Runtime.Tests\Dev2.Runtime.Tests.csproj]
C:\Program Files\dotnet\sdk\10.0.201\Microsoft.Common.CurrentVersion.targets(2451,5): warning MSB3277:             C:\Users\ultra\warewolf\Dev\Dev2.Common.Tests\bin\Debug\net8.0\Dev2.Common.Tests.dll [C:\Users\ultra\warewolf\Dev\Dev2.Runtime.Tests\Dev2.Runtime.Tests.csproj]
C:\Program Files\dotnet\sdk\10.0.201\Microsoft.Common.CurrentVersion.targets(2451,5): warning MSB3277:             C:\Users\ultra\warewolf\Dev\Dev2.Diagnostics.Tests\bin\Debug\net8.0\Dev2.Diagnostics.Tests.dll [C:\Users\ultra\warewolf\Dev\Dev2.Runtime.Tests\Dev2.Runtime.Tests.csproj]
C:\Program Files\dotnet\sdk\10.0.201\Microsoft.Common.CurrentVersion.targets(2451,5): warning MSB3277:             C:\Users\ultra\warewolf\Dev\Dev2.Intellisense\bin\Debug\net8.0\Dev2.Intellisense.dll [C:\Users\ultra\warewolf\Dev\Dev2.Runtime.Tests\Dev2.Runtime.Tests.csproj]
C:\Program Files\dotnet\sdk\10.0.201\Microsoft.Common.CurrentVersion.targets(2451,5): warning MSB3277:             C:\Users\ultra\warewolf\Dev\Dev2.Studio.Core\bin\Debug\net8.0\Dev2.Studio.Core.dll [C:\Users\ultra\warewolf\Dev\Dev2.Runtime.Tests\Dev2.Runtime.Tests.csproj]
C:\Program Files\dotnet\sdk\10.0.201\Microsoft.Common.CurrentVersion.targets(2451,5): warning MSB3277:             C:\Users\ultra\warewolf\Dev\Warewolf.HangfireServer\bin\Debug\net8.0\HangfireServer.dll [C:\Users\ultra\warewolf\Dev\Dev2.Runtime.Tests\Dev2.Runtime.Tests.csproj]
C:\Program Files\dotnet\sdk\10.0.201\Microsoft.Common.CurrentVersion.targets(2451,5): warning MSB3277:             C:\Users\ultra\warewolf\Dev\Warewolf.QueueWorker\bin\Debug\net8.0\QueueWorker.dll [C:\Users\ultra\warewolf\Dev\Dev2.Runtime.Tests\Dev2.Runtime.Tests.csproj]
C:\Program Files\dotnet\sdk\10.0.201\Microsoft.Common.CurrentVersion.targets(2451,5): warning MSB3277:             C:\Users\ultra\warewolf\Dev\Dev2.Server\bin\Debug\net8.0\Warewolf Server.dll [C:\Users\ultra\warewolf\Dev\Dev2.Runtime.Tests\Dev2.Runtime.Tests.csproj]
C:\Program Files\dotnet\sdk\10.0.201\Microsoft.Common.CurrentVersion.targets(2451,5): warning MSB3277:             C:\Users\ultra\warewolf\Dev\Dev2.Studio\bin\Debug\net8.0\Warewolf Studio.dll [C:\Users\ultra\warewolf\Dev\Dev2.Runtime.Tests\Dev2.Runtime.Tests.csproj]
C:\Program Files\dotnet\sdk\10.0.201\Microsoft.Common.CurrentVersion.targets(2451,5): warning MSB3277:             C:\Users\ultra\warewolf\Dev\Warewolf.Common.NetStandard20\bin\Debug\net8.0\Warewolf.Common.NetStandard20.dll [C:\Users\ultra\warewolf\Dev\Dev2.Runtime.Tests\Dev2.Runtime.Tests.csproj]
C:\Program Files\dotnet\sdk\10.0.201\Microsoft.Common.CurrentVersion.targets(2451,5): warning MSB3277:             C:\Users\ultra\warewolf\Dev\Warewolf.Core.Tests\bin\Debug\net8.0\Warewolf.Core.Tests.dll [C:\Users\ultra\warewolf\Dev\Dev2.Runtime.Tests\Dev2.Runtime.Tests.csproj]
C:\Program Files\dotnet\sdk\10.0.201\Microsoft.Common.CurrentVersion.targets(2451,5): warning MSB3277:             C:\Users\ultra\warewolf\Dev\Warewolf.Driver.Persistence\bin\Debug\net8.0\Warewolf.Driver.Persistence.dll [C:\Users\ultra\warewolf\Dev\Dev2.Runtime.Tests\Dev2.Runtime.Tests.csproj]
C:\Program Files\dotnet\sdk\10.0.201\Microsoft.Common.CurrentVersion.targets(2451,5): warning MSB3277:             C:\Users\ultra\warewolf\Dev\Warewolf.Exchange.Email.Wrapper\bin\Debug\net8.0\Warewolf.Exchange.Email.Wrapper.dll [C:\Users\ultra\warewolf\Dev\Dev2.Runtime.Tests\Dev2.Runtime.Tests.csproj]
C:\Program Files\dotnet\sdk\10.0.201\Microsoft.Common.CurrentVersion.targets(2451,5): warning MSB3277:             C:\Users\ultra\warewolf\Dev\Warewolf.MergeParser.Tests\bin\Debug\net8.0\Warewolf.MergeParser.Tests.dll [C:\Users\ultra\warewolf\Dev\Dev2.Runtime.Tests\Dev2.Runtime.Tests.csproj]
C:\Program Files\dotnet\sdk\10.0.201\Microsoft.Common.CurrentVersion.targets(2451,5): warning MSB3277:             C:\Users\ultra\warewolf\Dev\Warewolf.Studio.Core\bin\Debug\net8.0\Warewolf.Studio.Core.dll [C:\Users\ultra\warewolf\Dev\Dev2.Runtime.Tests\Dev2.Runtime.Tests.csproj]
C:\Program Files\dotnet\sdk\10.0.201\Microsoft.Common.CurrentVersion.targets(2451,5): warning MSB3277:             C:\Users\ultra\warewolf\Dev\Warewolf.Studio.CustomControls\bin\Debug\net8.0\Warewolf.Studio.CustomControls.dll [C:\Users\ultra\warewolf\Dev\Dev2.Runtime.Tests\Dev2.Runtime.Tests.csproj]
C:\Program Files\dotnet\sdk\10.0.201\Microsoft.Common.CurrentVersion.targets(2451,5): warning MSB3277:             C:\Users\ultra\warewolf\Dev\Warewolf.Studio.Models\bin\Debug\net8.0\Warewolf.Studio.Models.dll [C:\Users\ultra\warewolf\Dev\Dev2.Runtime.Tests\Dev2.Runtime.Tests.csproj]
C:\Program Files\dotnet\sdk\10.0.201\Microsoft.Common.CurrentVersion.targets(2451,5): warning MSB3277:             C:\Users\ultra\warewolf\Dev\Warewolf.Studio.ViewModels\bin\Debug\net8.0\Warewolf.Studio.ViewModels.dll [C:\Users\ultra\warewolf\Dev\Dev2.Runtime.Tests\Dev2.Runtime.Tests.csproj]
C:\Program Files\dotnet\sdk\10.0.201\Microsoft.Common.CurrentVersion.targets(2451,5): warning MSB3277:             C:\Users\ultra\warewolf\Dev\Warewolf.Testing\bin\Debug\net8.0\Warewolf.Testing.dll [C:\Users\ultra\warewolf\Dev\Dev2.Runtime.Tests\Dev2.Runtime.Tests.csproj]
C:\Program Files\dotnet\sdk\10.0.201\Microsoft.Common.CurrentVersion.targets(2451,5): warning MSB3277:             C:\Users\ultra\warewolf\Dev\Warewolf.UI\bin\Debug\net8.0\Warewolf.UI.dll [C:\Users\ultra\warewolf\Dev\Dev2.Runtime.Tests\Dev2.Runtime.Tests.csproj]
C:\Program Files\dotnet\sdk\10.0.201\Microsoft.Common.CurrentVersion.targets(2451,5): warning MSB3277:             C:\Users\ultra\warewolf\Dev\Warewolf.Logger\bin\Debug\net8.0\WarewolfLogger.dll [C:\Users\ultra\warewolf\Dev\Dev2.Runtime.Tests\Dev2.Runtime.Tests.csproj]
C:\Program Files\dotnet\sdk\10.0.201\Microsoft.Common.CurrentVersion.targets(2451,5): warning MSB3277:             C:\Users\ultra\.nuget\packages\dotnetzip\1.16.0\lib\netstandard2.0\DotNetZip.dll [C:\Users\ultra\warewolf\Dev\Dev2.Runtime.Tests\Dev2.Runtime.Tests.csproj]
C:\Program Files\dotnet\sdk\10.0.201\Microsoft.Common.CurrentVersion.targets(2451,5): warning MSB3277:             C:\Users\ultra\warewolf\Dev\Dev2.Data.Interfaces\bin\Debug\net8.0\Dev2.Data.Interfaces.dll [C:\Users\ultra\warewolf\Dev\Dev2.Runtime.Tests\Dev2.Runtime.Tests.csproj]
C:\Program Files\dotnet\sdk\10.0.201\Microsoft.Common.CurrentVersion.targets(2451,5): warning MSB3277:             C:\Users\ultra\warewolf\Dev\Dev2.Diagnostics\bin\Debug\net8.0\Dev2.Diagnostics.dll [C:\Users\ultra\warewolf\Dev\Dev2.Runtime.Tests\Dev2.Runtime.Tests.csproj]
C:\Program Files\dotnet\sdk\10.0.201\Microsoft.Common.CurrentVersion.targets(2451,5): warning MSB3277:             C:\Users\ultra\warewolf\Dev\Dev2.Infrastructure\bin\Debug\net8.0\Dev2.Infrastructure.dll [C:\Users\ultra\warewolf\Dev\Dev2.Runtime.Tests\Dev2.Runtime.Tests.csproj]
C:\Program Files\dotnet\sdk\10.0.201\Microsoft.Common.CurrentVersion.targets(2451,5): warning MSB3277:             C:\Users\ultra\warewolf\Dev\Dev2.Common\bin\Debug\net8.0\Dev2.Common.dll [C:\Users\ultra\warewolf\Dev\Dev2.Runtime.Tests\Dev2.Runtime.Tests.csproj]
C:\Program Files\dotnet\sdk\10.0.201\Microsoft.Common.CurrentVersion.targets(2451,5): warning MSB3277:             C:\Users\ultra\warewolf\Dev\Dev2.Services.Sql\bin\Debug\net8.0\Dev2.Services.Sql.dll [C:\Users\ultra\warewolf\Dev\Dev2.Runtime.Tests\Dev2.Runtime.Tests.csproj]
C:\Program Files\dotnet\sdk\10.0.201\Microsoft.Common.CurrentVersion.targets(2451,5): warning MSB3277:             C:\Users\ultra\warewolf\Dev\Dev2.TaskScheduler.Wrappers\bin\Debug\net8.0\Dev2.TaskScheduler.Wrappers.dll [C:\Users\ultra\warewolf\Dev\Dev2.Runtime.Tests\Dev2.Runtime.Tests.csproj]
C:\Program Files\dotnet\sdk\10.0.201\Microsoft.Common.CurrentVersion.targets(2451,5): warning MSB3277:             C:\Users\ultra\warewolf\Dev\Dev2.Util\bin\Debug\net8.0\Dev2.Util.dll [C:\Users\ultra\warewolf\Dev\Dev2.Runtime.Tests\Dev2.Runtime.Tests.csproj]
C:\Program Files\dotnet\sdk\10.0.201\Microsoft.Common.CurrentVersion.targets(2451,5): warning MSB3277:             C:\Users\ultra\warewolf\Dev\Warewolf.Storage\bin\Debug\net8.0\Warewolf.Storage.dll [C:\Users\ultra\warewolf\Dev\Dev2.Runtime.Tests\Dev2.Runtime.Tests.csproj]
C:\Program Files\dotnet\sdk\10.0.201\Microsoft.Common.CurrentVersion.targets(2451,5): warning MSB3277:             C:\Users\ultra\warewolf\Dev\Dev2.Development.Languages\bin\Debug\net8.0\Dev2.Development.Languages.dll [C:\Users\ultra\warewolf\Dev\Dev2.Runtime.Tests\Dev2.Runtime.Tests.csproj]
C:\Program Files\dotnet\sdk\10.0.201\Microsoft.Common.CurrentVersion.targets(2451,5): warning MSB3277:             C:\Users\ultra\warewolf\Dev\Warewolf.AI.Harness\bin\Debug\net8.0\Warewolf.AI.Harness.dll [C:\Users\ultra\warewolf\Dev\Dev2.Runtime.Tests\Dev2.Runtime.Tests.csproj]
C:\Program Files\dotnet\sdk\10.0.201\Microsoft.Common.CurrentVersion.targets(2451,5): warning MSB3277:             C:\Users\ultra\warewolf\Dev\Warewolf.Driver.Serilog\bin\Debug\net8.0\Warewolf.Driver.Serilog.dll [C:\Users\ultra\warewolf\Dev\Dev2.Runtime.Tests\Dev2.Runtime.Tests.csproj]
C:\Program Files\dotnet\sdk\10.0.201\Microsoft.Common.CurrentVersion.targets(2451,5): warning MSB3277:             C:\Users\ultra\warewolf\Dev\Warewolf.PerfMon\bin\Debug\net8.0\Warewolf.PerfMon.dll [C:\Users\ultra\warewolf\Dev\Dev2.Runtime.Tests\Dev2.Runtime.Tests.csproj]
C:\Program Files\dotnet\sdk\10.0.201\Microsoft.Common.CurrentVersion.targets(2451,5): warning MSB3277:             C:\Users\ultra\warewolf\Dev\Warewolf.Sharepoint\bin\Debug\net8.0\Warewolf.Sharepoint.dll [C:\Users\ultra\warewolf\Dev\Dev2.Runtime.Tests\Dev2.Runtime.Tests.csproj]
C:\Program Files\dotnet\sdk\10.0.201\Microsoft.Common.CurrentVersion.targets(2451,5): warning MSB3277:             C:\Users\ultra\.nuget\packages\mindbox.data.linq\5.0.0\lib\netstandard2.0\Mindbox.Data.Linq.dll [C:\Users\ultra\warewolf\Dev\Dev2.Runtime.Tests\Dev2.Runtime.Tests.csproj]
C:\Program Files\dotnet\sdk\10.0.201\Microsoft.Common.CurrentVersion.targets(2451,5): warning MSB3277:             C:\Users\ultra\.nuget\packages\mysql.data\8.4.0\lib\net8.0\MySql.Data.dll [C:\Users\ultra\warewolf\Dev\Dev2.Runtime.Tests\Dev2.Runtime.Tests.csproj]
C:\Program Files\dotnet\sdk\10.0.201\Microsoft.Common.CurrentVersion.targets(2451,5): warning MSB3277:             C:\Users\ultra\.nuget\packages\oracle.manageddataaccess.core\3.21.70\lib\netstandard2.1\Oracle.ManagedDataAccess.dll [C:\Users\ultra\warewolf\Dev\Dev2.Runtime.Tests\Dev2.Runtime.Tests.csproj]
C:\Program Files\dotnet\sdk\10.0.201\Microsoft.Common.CurrentVersion.targets(2451,5): warning MSB3277:             C:\Users\ultra\.nuget\packages\system.directoryservices\6.0.0\lib\net6.0\System.DirectoryServices.dll [C:\Users\ultra\warewolf\Dev\Dev2.Runtime.Tests\Dev2.Runtime.Tests.csproj]
C:\Program Files\dotnet\sdk\10.0.201\Microsoft.Common.CurrentVersion.targets(2451,5): warning MSB3277:             C:\Users\ultra\.nuget\packages\corewcf.primitives\1.2.1\lib\netstandard2.0\CoreWCF.Primitives.dll [C:\Users\ultra\warewolf\Dev\Dev2.Runtime.Tests\Dev2.Runtime.Tests.csproj]
C:\Program Files\dotnet\sdk\10.0.201\Microsoft.Common.CurrentVersion.targets(2451,5): warning MSB3277:             C:\Users\ultra\.nuget\packages\corewcf.http\1.2.1\lib\netstandard2.0\CoreWCF.Http.dll [C:\Users\ultra\warewolf\Dev\Dev2.Runtime.Tests\Dev2.Runtime.Tests.csproj]
C:\Program Files\dotnet\sdk\10.0.201\Microsoft.Common.CurrentVersion.targets(2451,5): warning MSB3277:             C:\Users\ultra\.nuget\packages\corewcf.nettcp\1.2.1\lib\netstandard2.0\CoreWCF.NetTcp.dll [C:\Users\ultra\warewolf\Dev\Dev2.Runtime.Tests\Dev2.Runtime.Tests.csproj]
C:\Program Files\dotnet\sdk\10.0.201\Microsoft.Common.CurrentVersion.targets(2451,5): warning MSB3277:             C:\Users\ultra\.nuget\packages\corewcf.webhttp\1.2.1\lib\netstandard2.0\CoreWCF.WebHttp.dll [C:\Users\ultra\warewolf\Dev\Dev2.Runtime.Tests\Dev2.Runtime.Tests.csproj]
C:\Program Files\dotnet\sdk\10.0.201\Microsoft.Common.CurrentVersion.targets(2451,5): warning MSB3277:             C:\Program Files\dotnet\packs\Microsoft.NETCore.App.Ref\8.0.25\ref/net8.0/System.Configuration.dll [C:\Users\ultra\warewolf\Dev\Dev2.Runtime.Tests\Dev2.Runtime.Tests.csproj]
C:\Program Files\dotnet\sdk\10.0.201\Microsoft.Common.CurrentVersion.targets(2451,5): warning MSB3277:             C:\Users\ultra\.nuget\packages\prism.composition\5.0.0\lib\NET45\Microsoft.Practices.Prism.Composition.dll [C:\Users\ultra\warewolf\Dev\Dev2.Runtime.Tests\Dev2.Runtime.Tests.csproj]
C:\Program Files\dotnet\sdk\10.0.201\Microsoft.Common.CurrentVersion.targets(2451,5): warning MSB3277:             C:\Users\ultra\.nuget\packages\prism.unityextensions\5.0.1\lib\NET45\Microsoft.Practices.Prism.UnityExtensions.dll [C:\Users\ultra\warewolf\Dev\Dev2.Runtime.Tests\Dev2.Runtime.Tests.csproj]
C:\Program Files\dotnet\sdk\10.0.201\Microsoft.Common.CurrentVersion.targets(2451,5): warning MSB3277:             C:\Users\ultra\.nuget\packages\prism.wpf\9.0.537\lib\net462\Prism.Wpf.dll [C:\Users\ultra\warewolf\Dev\Dev2.Runtime.Tests\Dev2.Runtime.Tests.csproj]
C:\Program Files\dotnet\sdk\10.0.201\Microsoft.Common.CurrentVersion.targets(2451,5): warning MSB3277:             C:\Program Files\dotnet\packs\Microsoft.NETCore.App.Ref\8.0.25\ref/net8.0/System.Data.dll [C:\Users\ultra\warewolf\Dev\Dev2.Runtime.Tests\Dev2.Runtime.Tests.csproj]
C:\Program Files\dotnet\sdk\10.0.201\Microsoft.Common.CurrentVersion.targets(2451,5): warning MSB3277:             C:\Users\ultra\.nuget\packages\taskschedulereditor\2.10.1\lib\net452\Microsoft.Win32.TaskSchedulerEditor.dll [C:\Users\ultra\warewolf\Dev\Dev2.Runtime.Tests\Dev2.Runtime.Tests.csproj]
C:\Program Files\dotnet\sdk\10.0.201\Microsoft.Common.CurrentVersion.targets(2451,5): warning MSB3277:             C:\Program Files\dotnet\packs\Microsoft.NETCore.App.Ref\8.0.25\ref/net8.0/System.Drawing.dll [C:\Users\ultra\warewolf\Dev\Dev2.Runtime.Tests\Dev2.Runtime.Tests.csproj]
C:\Program Files\dotnet\sdk\10.0.201\Microsoft.Common.CurrentVersion.targets(2451,5): warning MSB3277:             C:\Users\ultra\.nuget\packages\aerowizard\2.3.1\lib\net45\AeroWizard.dll [C:\Users\ultra\warewolf\Dev\Dev2.Runtime.Tests\Dev2.Runtime.Tests.csproj]
C:\Program Files\dotnet\sdk\10.0.201\Microsoft.Common.CurrentVersion.targets(2451,5): warning MSB3277:             C:\Users\ultra\.nuget\packages\avalonedit\6.3.0.90\lib\net462\ICSharpCode.AvalonEdit.dll [C:\Users\ultra\warewolf\Dev\Dev2.Runtime.Tests\Dev2.Runtime.Tests.csproj]
C:\Program Files\dotnet\sdk\10.0.201\Microsoft.Common.CurrentVersion.targets(2451,5): warning MSB3277:             C:\Users\ultra\.nuget\packages\groupcontrols\1.9.0\lib\net45\GroupControls.dll [C:\Users\ultra\warewolf\Dev\Dev2.Runtime.Tests\Dev2.Runtime.Tests.csproj]
C:\Program Files\dotnet\sdk\10.0.201\Microsoft.Common.CurrentVersion.targets(2451,5): warning MSB3277:             C:\Program Files\dotnet\packs\Microsoft.NETCore.App.Ref\8.0.25\ref/net8.0/System.Net.dll [C:\Users\ultra\warewolf\Dev\Dev2.Runtime.Tests\Dev2.Runtime.Tests.csproj]
C:\Program Files\dotnet\sdk\10.0.201\Microsoft.Common.CurrentVersion.targets(2451,5): warning MSB3277:             C:\Program Files\dotnet\packs\Microsoft.NETCore.App.Ref\8.0.25\ref/net8.0/System.Security.dll [C:\Users\ultra\warewolf\Dev\Dev2.Runtime.Tests\Dev2.Runtime.Tests.csproj]
C:\Program Files\dotnet\sdk\10.0.201\Microsoft.Common.CurrentVersion.targets(2451,5): warning MSB3277:             C:\Program Files\dotnet\packs\Microsoft.NETCore.App.Ref\8.0.25\ref/net8.0/System.ServiceProcess.dll [C:\Users\ultra\warewolf\Dev\Dev2.Runtime.Tests\Dev2.Runtime.Tests.csproj]
C:\Program Files\dotnet\sdk\10.0.201\Microsoft.Common.CurrentVersion.targets(2451,5): warning MSB3277:             C:\Program Files\dotnet\packs\Microsoft.NETCore.App.Ref\8.0.25\ref/net8.0/System.Transactions.dll [C:\Users\ultra\warewolf\Dev\Dev2.Runtime.Tests\Dev2.Runtime.Tests.csproj]
C:\Program Files\dotnet\sdk\10.0.201\Microsoft.Common.CurrentVersion.targets(2451,5): warning MSB3277:             C:\Program Files\dotnet\packs\Microsoft.NETCore.App.Ref\8.0.25\ref/net8.0/System.dll [C:\Users\ultra\warewolf\Dev\Dev2.Runtime.Tests\Dev2.Runtime.Tests.csproj]
C:\Program Files\dotnet\sdk\10.0.201\Microsoft.Common.CurrentVersion.targets(2451,5): warning MSB3277:             C:\Users\ultra\.nuget\packages\fontawesome.wpf\4.7.0.9\lib\net40\FontAwesome.WPF.dll [C:\Users\ultra\warewolf\Dev\Dev2.Runtime.Tests\Dev2.Runtime.Tests.csproj]
C:\Program Files\dotnet\sdk\10.0.201\Microsoft.Common.CurrentVersion.targets(2451,5): warning MSB3277:             C:\Users\ultra\.nuget\packages\log4net.async\2.0.4\lib\net40\Log4Net.Async.dll [C:\Users\ultra\warewolf\Dev\Dev2.Runtime.Tests\Dev2.Runtime.Tests.csproj]
C:\Program Files\dotnet\sdk\10.0.201\Microsoft.Common.CurrentVersion.targets(2451,5): warning MSB3277:             C:\Users\ultra\.nuget\packages\microsoft.xaml.behaviors.wpf\1.1.122\lib\net462\Microsoft.Xaml.Behaviors.dll [C:\Users\ultra\warewolf\Dev\Dev2.Runtime.Tests\Dev2.Runtime.Tests.csproj]
C:\Program Files\dotnet\sdk\10.0.201\Microsoft.Common.CurrentVersion.targets(2451,5): warning MSB3277:             C:\Users\ultra\.nuget\packages\caliburn.micro\4.0.212\lib\netcoreapp3.1\Caliburn.Micro.Platform.dll [C:\Users\ultra\warewolf\Dev\Dev2.Runtime.Tests\Dev2.Runtime.Tests.csproj]
C:\Program Files\dotnet\sdk\10.0.201\Microsoft.Common.CurrentVersion.targets(2451,5): warning MSB3277:             C:\Users\ultra\.nuget\packages\prism.interactivity\5.0.0\lib\NET45\Microsoft.Practices.Prism.Interactivity.dll [C:\Users\ultra\warewolf\Dev\Dev2.Runtime.Tests\Dev2.Runtime.Tests.csproj]
C:\Program Files\dotnet\sdk\10.0.201\Microsoft.Common.CurrentVersion.targets(2451,5): warning MSB3277:             C:\Users\ultra\.nuget\packages\prism.mvvm\1.0.0\lib\net45\Microsoft.Practices.Prism.Mvvm.Desktop.dll [C:\Users\ultra\warewolf\Dev\Dev2.Runtime.Tests\Dev2.Runtime.Tests.csproj]
C:\Program Files\dotnet\sdk\10.0.201\Microsoft.Common.CurrentVersion.targets(2451,5): warning MSB3277:             C:\Users\ultra\.nuget\packages\reactiveui.wpf\18.4.1\lib\net462\ReactiveUI.Wpf.dll [C:\Users\ultra\warewolf\Dev\Dev2.Runtime.Tests\Dev2.Runtime.Tests.csproj]
C:\Program Files\dotnet\sdk\10.0.201\Microsoft.Common.CurrentVersion.targets(2451,5): warning MSB3277:             C:\Users\ultra\.nuget\packages\ttcue.netcore.sharepointonline.csom.16.1.8029.1200\16.1.8029.1200\lib\netcoreapp2.0\Microsoft.SharePoint.Client.Runtime.Windows.dll [C:\Users\ultra\warewolf\Dev\Dev2.Runtime.Tests\Dev2.Runtime.Tests.csproj]
C:\Program Files\dotnet\sdk\10.0.201\Microsoft.Common.CurrentVersion.targets(2451,5): warning MSB3277:             C:\Program Files\dotnet\packs\Microsoft.NETCore.App.Ref\8.0.25\ref/net8.0/WindowsBase.dll [C:\Users\ultra\warewolf\Dev\Dev2.Runtime.Tests\Dev2.Runtime.Tests.csproj]
C:\Program Files\dotnet\sdk\10.0.201\Microsoft.Common.CurrentVersion.targets(2451,5): warning MSB3277:             C:\Program Files\dotnet\packs\Microsoft.NETCore.App.Ref\8.0.25\ref/net8.0/mscorlib.dll [C:\Users\ultra\warewolf\Dev\Dev2.Runtime.Tests\Dev2.Runtime.Tests.csproj]
C:\Program Files\dotnet\sdk\10.0.201\Microsoft.Common.CurrentVersion.targets(2451,5): warning MSB3277:             Warewolf.Usage, Version=1.0.0.0, Culture=neutral, PublicKeyToken=null [C:\Users\ultra\warewolf\Dev\Dev2.Runtime.Tests\Dev2.Runtime.Tests.csproj]
C:\Program Files\dotnet\sdk\10.0.201\Microsoft.Common.CurrentVersion.targets(2451,5): warning MSB3277:             C:\Users\ultra\.nuget\packages\hangfire.core\1.7.32\lib\netstandard2.0\Hangfire.Core.dll [C:\Users\ultra\warewolf\Dev\Dev2.Runtime.Tests\Dev2.Runtime.Tests.csproj]
C:\Program Files\dotnet\sdk\10.0.201\Microsoft.Common.CurrentVersion.targets(2451,5): warning MSB3277:             C:\Users\ultra\.nuget\packages\hangfire.aspnetcore\1.7.32\lib\netcoreapp3.0\Hangfire.AspNetCore.dll [C:\Users\ultra\warewolf\Dev\Dev2.Runtime.Tests\Dev2.Runtime.Tests.csproj]
C:\Program Files\dotnet\sdk\10.0.201\Microsoft.Common.CurrentVersion.targets(2451,5): warning MSB3277:             C:\Users\ultra\.nuget\packages\hangfire.sqlserver\1.7.32\lib\netstandard2.0\Hangfire.SqlServer.dll [C:\Users\ultra\warewolf\Dev\Dev2.Runtime.Tests\Dev2.Runtime.Tests.csproj]
C:\Program Files\dotnet\sdk\10.0.201\Microsoft.Common.CurrentVersion.targets(2451,5): warning MSB3277:             C:\Users\ultra\.nuget\packages\microsoft.codecoverage\17.13.0\lib\netcoreapp3.1\Microsoft.VisualStudio.CodeCoverage.Shim.dll [C:\Users\ultra\warewolf\Dev\Dev2.Runtime.Tests\Dev2.Runtime.Tests.csproj]
C:\Program Files\dotnet\sdk\10.0.201\Microsoft.Common.CurrentVersion.targets(2451,5): warning MSB3277:             C:\Users\ultra\.nuget\packages\unofficial.microsoft.mshtml\7.0.3300\lib\net40\Microsoft.mshtml.dll [C:\Users\ultra\warewolf\Dev\Dev2.Runtime.Tests\Dev2.Runtime.Tests.csproj]
C:\Program Files\dotnet\sdk\10.0.201\Microsoft.Common.CurrentVersion.targets(2451,5): warning MSB3277:             CalculationManager.WPF [C:\Users\ultra\warewolf\Dev\Dev2.Runtime.Tests\Dev2.Runtime.Tests.csproj]
C:\Program Files\dotnet\sdk\10.0.201\Microsoft.Common.CurrentVersion.targets(2451,5): warning MSB3277:             InfragisticsWPF4.Controls.Editors.XamSyntaxEditor.v15.1 [C:\Users\ultra\warewolf\Dev\Dev2.Runtime.Tests\Dev2.Runtime.Tests.csproj]
C:\Program Files\dotnet\sdk\10.0.201\Microsoft.Common.CurrentVersion.targets(2451,5): warning MSB3277:             InfragisticsWPF4.DataPresenter.v15.1 [C:\Users\ultra\warewolf\Dev\Dev2.Runtime.Tests\Dev2.Runtime.Tests.csproj]
C:\Program Files\dotnet\sdk\10.0.201\Microsoft.Common.CurrentVersion.targets(2451,5): warning MSB3277:             InfragisticsWPF4.Math.Calculators.v15.1 [C:\Users\ultra\warewolf\Dev\Dev2.Runtime.Tests\Dev2.Runtime.Tests.csproj]
C:\Program Files\dotnet\sdk\10.0.201\Microsoft.Common.CurrentVersion.targets(2451,5): warning MSB3277:         C:\Program Files\dotnet\packs\Microsoft.NETCore.App.Ref\8.0.25\ref\net8.0\System.Drawing.dll [C:\Users\ultra\warewolf\Dev\Dev2.Runtime.Tests\Dev2.Runtime.Tests.csproj]
C:\Program Files\dotnet\sdk\10.0.201\Microsoft.Common.CurrentVersion.targets(2451,5): warning MSB3277:           Project file item includes which caused reference "C:\Program Files\dotnet\packs\Microsoft.NETCore.App.Ref\8.0.25\ref\net8.0\System.Drawing.dll". [C:\Users\ultra\warewolf\Dev\Dev2.Runtime.Tests\Dev2.Runtime.Tests.csproj]
C:\Program Files\dotnet\sdk\10.0.201\Microsoft.Common.CurrentVersion.targets(2451,5): warning MSB3277:             C:\Program Files\dotnet\packs\Microsoft.NETCore.App.Ref\8.0.25\ref/net8.0/System.Drawing.dll [C:\Users\ultra\warewolf\Dev\Dev2.Runtime.Tests\Dev2.Runtime.Tests.csproj]
C:\Program Files\dotnet\sdk\10.0.201\Microsoft.Common.CurrentVersion.targets(2451,5): warning MSB3277:             C:\Users\ultra\.nuget\packages\aerowizard\2.3.1\lib\net45\AeroWizard.dll [C:\Users\ultra\warewolf\Dev\Dev2.Runtime.Tests\Dev2.Runtime.Tests.csproj]
C:\Program Files\dotnet\sdk\10.0.201\Microsoft.Common.CurrentVersion.targets(2451,5): warning MSB3277:             C:\Users\ultra\.nuget\packages\avalonedit\6.3.0.90\lib\net462\ICSharpCode.AvalonEdit.dll [C:\Users\ultra\warewolf\Dev\Dev2.Runtime.Tests\Dev2.Runtime.Tests.csproj]
C:\Program Files\dotnet\sdk\10.0.201\Microsoft.Common.CurrentVersion.targets(2451,5): warning MSB3277:             C:\Users\ultra\.nuget\packages\groupcontrols\1.9.0\lib\net45\GroupControls.dll [C:\Users\ultra\warewolf\Dev\Dev2.Runtime.Tests\Dev2.Runtime.Tests.csproj]
C:\Program Files\dotnet\sdk\10.0.201\Microsoft.Common.CurrentVersion.targets(2451,5): warning MSB3277:             C:\Users\ultra\.nuget\packages\taskschedulereditor\2.10.1\lib\net452\Microsoft.Win32.TaskSchedulerEditor.dll [C:\Users\ultra\warewolf\Dev\Dev2.Runtime.Tests\Dev2.Runtime.Tests.csproj]
  Warewolf.Trigger.Queue.Tests -> C:\Users\ultra\warewolf\Bin\ServerTests-Windows\
  Dev2.Activities.Tests -> C:\Users\ultra\warewolf\Bin\ServerTests-Windows\
  Warewolf.Tools.Specs -> C:\Users\ultra\warewolf\Dev\Warewolf.Tools.Specs\bin\Debug\net8.0\Warewolf.Tools.Specs.dll
  Warewolf.Tools.Specs -> C:\Users\ultra\warewolf\Bin\ServerTests-Windows\
C:\Program Files\dotnet\sdk\10.0.201\Microsoft.Common.CurrentVersion.targets(2451,5): warning MSB3277: Found conflicts between different versions of "WindowsBase" that could not be resolved. [C:\Users\ultra\warewolf\Dev\Dev2.Activities.Specs\Dev2.Activities.Specs.csproj]
C:\Program Files\dotnet\sdk\10.0.201\Microsoft.Common.CurrentVersion.targets(2451,5): warning MSB3277: There was a conflict between "WindowsBase, Version=4.0.0.0, Culture=neutral, PublicKeyToken=31bf3856ad364e35" and "WindowsBase, Version=6.0.2.0, Culture=neutral, PublicKeyToken=31bf3856ad364e35". [C:\Users\ultra\warewolf\Dev\Dev2.Activities.Specs\Dev2.Activities.Specs.csproj]
C:\Program Files\dotnet\sdk\10.0.201\Microsoft.Common.CurrentVersion.targets(2451,5): warning MSB3277:     "WindowsBase, Version=4.0.0.0, Culture=neutral, PublicKeyToken=31bf3856ad364e35" was chosen because it was primary and "WindowsBase, Version=6.0.2.0, Culture=neutral, PublicKeyToken=31bf3856ad364e35" was not. [C:\Users\ultra\warewolf\Dev\Dev2.Activities.Specs\Dev2.Activities.Specs.csproj]
C:\Program Files\dotnet\sdk\10.0.201\Microsoft.Common.CurrentVersion.targets(2451,5): warning MSB3277:     References which depend on "WindowsBase, Version=4.0.0.0, Culture=neutral, PublicKeyToken=31bf3856ad364e35" [C:\Program Files\dotnet\packs\Microsoft.NETCore.App.Ref\8.0.25\ref\net8.0\WindowsBase.dll]. [C:\Users\ultra\warewolf\Dev\Dev2.Activities.Specs\Dev2.Activities.Specs.csproj]
C:\Program Files\dotnet\sdk\10.0.201\Microsoft.Common.CurrentVersion.targets(2451,5): warning MSB3277:         C:\Program Files\dotnet\packs\Microsoft.NETCore.App.Ref\8.0.25\ref\net8.0\WindowsBase.dll [C:\Users\ultra\warewolf\Dev\Dev2.Activities.Specs\Dev2.Activities.Specs.csproj]
C:\Program Files\dotnet\sdk\10.0.201\Microsoft.Common.CurrentVersion.targets(2451,5): warning MSB3277:           Project file item includes which caused reference "C:\Program Files\dotnet\packs\Microsoft.NETCore.App.Ref\8.0.25\ref\net8.0\WindowsBase.dll". [C:\Users\ultra\warewolf\Dev\Dev2.Activities.Specs\Dev2.Activities.Specs.csproj]
C:\Program Files\dotnet\sdk\10.0.201\Microsoft.Common.CurrentVersion.targets(2451,5): warning MSB3277:             C:\Program Files\dotnet\packs\Microsoft.NETCore.App.Ref\8.0.25\ref/net8.0/WindowsBase.dll [C:\Users\ultra\warewolf\Dev\Dev2.Activities.Specs\Dev2.Activities.Specs.csproj]
C:\Program Files\dotnet\sdk\10.0.201\Microsoft.Common.CurrentVersion.targets(2451,5): warning MSB3277:     References which depend on or have been unified to "WindowsBase, Version=6.0.2.0, Culture=neutral, PublicKeyToken=31bf3856ad364e35" []. [C:\Users\ultra\warewolf\Dev\Dev2.Activities.Specs\Dev2.Activities.Specs.csproj]
C:\Program Files\dotnet\sdk\10.0.201\Microsoft.Common.CurrentVersion.targets(2451,5): warning MSB3277:         C:\Users\ultra\.nuget\packages\avalonedit\6.3.0.90\lib\net462\ICSharpCode.AvalonEdit.dll [C:\Users\ultra\warewolf\Dev\Dev2.Activities.Specs\Dev2.Activities.Specs.csproj]
C:\Program Files\dotnet\sdk\10.0.201\Microsoft.Common.CurrentVersion.targets(2451,5): warning MSB3277:           Project file item includes which caused reference "C:\Users\ultra\.nuget\packages\avalonedit\6.3.0.90\lib\net462\ICSharpCode.AvalonEdit.dll". [C:\Users\ultra\warewolf\Dev\Dev2.Activities.Specs\Dev2.Activities.Specs.csproj]
C:\Program Files\dotnet\sdk\10.0.201\Microsoft.Common.CurrentVersion.targets(2451,5): warning MSB3277:             C:\Users\ultra\.nuget\packages\avalonedit\6.3.0.90\lib\net462\ICSharpCode.AvalonEdit.dll [C:\Users\ultra\warewolf\Dev\Dev2.Activities.Specs\Dev2.Activities.Specs.csproj]
C:\Program Files\dotnet\sdk\10.0.201\Microsoft.Common.CurrentVersion.targets(2451,5): warning MSB3277:         C:\Users\ultra\.nuget\packages\caliburn.micro\4.0.212\lib\netcoreapp3.1\Caliburn.Micro.Platform.dll [C:\Users\ultra\warewolf\Dev\Dev2.Activities.Specs\Dev2.Activities.Specs.csproj]
C:\Program Files\dotnet\sdk\10.0.201\Microsoft.Common.CurrentVersion.targets(2451,5): warning MSB3277:           Project file item includes which caused reference "C:\Users\ultra\.nuget\packages\caliburn.micro\4.0.212\lib\netcoreapp3.1\Caliburn.Micro.Platform.dll". [C:\Users\ultra\warewolf\Dev\Dev2.Activities.Specs\Dev2.Activities.Specs.csproj]
C:\Program Files\dotnet\sdk\10.0.201\Microsoft.Common.CurrentVersion.targets(2451,5): warning MSB3277:             C:\Users\ultra\.nuget\packages\caliburn.micro\4.0.212\lib\netcoreapp3.1\Caliburn.Micro.Platform.dll [C:\Users\ultra\warewolf\Dev\Dev2.Activities.Specs\Dev2.Activities.Specs.csproj]
C:\Program Files\dotnet\sdk\10.0.201\Microsoft.Common.CurrentVersion.targets(2451,5): warning MSB3277:         C:\Users\ultra\.nuget\packages\extended.wpf.toolkit\4.4.0\lib\net5.0\Xceed.Wpf.AvalonDock.NET5.dll [C:\Users\ultra\warewolf\Dev\Dev2.Activities.Specs\Dev2.Activities.Specs.csproj]
C:\Program Files\dotnet\sdk\10.0.201\Microsoft.Common.CurrentVersion.targets(2451,5): warning MSB3277:           Project file item includes which caused reference "C:\Users\ultra\.nuget\packages\extended.wpf.toolkit\4.4.0\lib\net5.0\Xceed.Wpf.AvalonDock.NET5.dll". [C:\Users\ultra\warewolf\Dev\Dev2.Activities.Specs\Dev2.Activities.Specs.csproj]
C:\Program Files\dotnet\sdk\10.0.201\Microsoft.Common.CurrentVersion.targets(2451,5): warning MSB3277:             C:\Users\ultra\.nuget\packages\extended.wpf.toolkit\4.4.0\lib\net5.0\Xceed.Wpf.AvalonDock.NET5.dll [C:\Users\ultra\warewolf\Dev\Dev2.Activities.Specs\Dev2.Activities.Specs.csproj]
C:\Program Files\dotnet\sdk\10.0.201\Microsoft.Common.CurrentVersion.targets(2451,5): warning MSB3277:             C:\Users\ultra\.nuget\packages\extended.wpf.toolkit\4.4.0\lib\net5.0\Xceed.Wpf.AvalonDock.Themes.Aero.NET5.dll [C:\Users\ultra\warewolf\Dev\Dev2.Activities.Specs\Dev2.Activities.Specs.csproj]
C:\Program Files\dotnet\sdk\10.0.201\Microsoft.Common.CurrentVersion.targets(2451,5): warning MSB3277:             C:\Users\ultra\.nuget\packages\extended.wpf.toolkit\4.4.0\lib\net5.0\Xceed.Wpf.AvalonDock.Themes.Metro.NET5.dll [C:\Users\ultra\warewolf\Dev\Dev2.Activities.Specs\Dev2.Activities.Specs.csproj]
C:\Program Files\dotnet\sdk\10.0.201\Microsoft.Common.CurrentVersion.targets(2451,5): warning MSB3277:             C:\Users\ultra\.nuget\packages\extended.wpf.toolkit\4.4.0\lib\net5.0\Xceed.Wpf.AvalonDock.Themes.VS2010.NET5.dll [C:\Users\ultra\warewolf\Dev\Dev2.Activities.Specs\Dev2.Activities.Specs.csproj]
C:\Program Files\dotnet\sdk\10.0.201\Microsoft.Common.CurrentVersion.targets(2451,5): warning MSB3277:         C:\Users\ultra\.nuget\packages\extended.wpf.toolkit\4.4.0\lib\net5.0\Xceed.Wpf.AvalonDock.Themes.Aero.NET5.dll [C:\Users\ultra\warewolf\Dev\Dev2.Activities.Specs\Dev2.Activities.Specs.csproj]
C:\Program Files\dotnet\sdk\10.0.201\Microsoft.Common.CurrentVersion.targets(2451,5): warning MSB3277:           Project file item includes which caused reference "C:\Users\ultra\.nuget\packages\extended.wpf.toolkit\4.4.0\lib\net5.0\Xceed.Wpf.AvalonDock.Themes.Aero.NET5.dll". [C:\Users\ultra\warewolf\Dev\Dev2.Activities.Specs\Dev2.Activities.Specs.csproj]
C:\Program Files\dotnet\sdk\10.0.201\Microsoft.Common.CurrentVersion.targets(2451,5): warning MSB3277:             C:\Users\ultra\.nuget\packages\extended.wpf.toolkit\4.4.0\lib\net5.0\Xceed.Wpf.AvalonDock.Themes.Aero.NET5.dll [C:\Users\ultra\warewolf\Dev\Dev2.Activities.Specs\Dev2.Activities.Specs.csproj]
C:\Program Files\dotnet\sdk\10.0.201\Microsoft.Common.CurrentVersion.targets(2451,5): warning MSB3277:         C:\Users\ultra\.nuget\packages\extended.wpf.toolkit\4.4.0\lib\net5.0\Xceed.Wpf.Toolkit.NET5.dll [C:\Users\ultra\warewolf\Dev\Dev2.Activities.Specs\Dev2.Activities.Specs.csproj]
C:\Program Files\dotnet\sdk\10.0.201\Microsoft.Common.CurrentVersion.targets(2451,5): warning MSB3277:           Project file item includes which caused reference "C:\Users\ultra\.nuget\packages\extended.wpf.toolkit\4.4.0\lib\net5.0\Xceed.Wpf.Toolkit.NET5.dll". [C:\Users\ultra\warewolf\Dev\Dev2.Activities.Specs\Dev2.Activities.Specs.csproj]
C:\Program Files\dotnet\sdk\10.0.201\Microsoft.Common.CurrentVersion.targets(2451,5): warning MSB3277:             C:\Users\ultra\.nuget\packages\extended.wpf.toolkit\4.4.0\lib\net5.0\Xceed.Wpf.Toolkit.NET5.dll [C:\Users\ultra\warewolf\Dev\Dev2.Activities.Specs\Dev2.Activities.Specs.csproj]
C:\Program Files\dotnet\sdk\10.0.201\Microsoft.Common.CurrentVersion.targets(2451,5): warning MSB3277:         C:\Users\ultra\.nuget\packages\fontawesome.wpf\4.7.0.9\lib\net40\FontAwesome.WPF.dll [C:\Users\ultra\warewolf\Dev\Dev2.Activities.Specs\Dev2.Activities.Specs.csproj]
C:\Program Files\dotnet\sdk\10.0.201\Microsoft.Common.CurrentVersion.targets(2451,5): warning MSB3277:           Project file item includes which caused reference "C:\Users\ultra\.nuget\packages\fontawesome.wpf\4.7.0.9\lib\net40\FontAwesome.WPF.dll". [C:\Users\ultra\warewolf\Dev\Dev2.Activities.Specs\Dev2.Activities.Specs.csproj]
C:\Program Files\dotnet\sdk\10.0.201\Microsoft.Common.CurrentVersion.targets(2451,5): warning MSB3277:             C:\Users\ultra\.nuget\packages\fontawesome.wpf\4.7.0.9\lib\net40\FontAwesome.WPF.dll [C:\Users\ultra\warewolf\Dev\Dev2.Activities.Specs\Dev2.Activities.Specs.csproj]
C:\Program Files\dotnet\sdk\10.0.201\Microsoft.Common.CurrentVersion.targets(2451,5): warning MSB3277:         C:\Users\ultra\.nuget\packages\ironpython\3.4.0\lib\net6.0\IronPython.Wpf.dll [C:\Users\ultra\warewolf\Dev\Dev2.Activities.Specs\Dev2.Activities.Specs.csproj]
C:\Program Files\dotnet\sdk\10.0.201\Microsoft.Common.CurrentVersion.targets(2451,5): warning MSB3277:           Project file item includes which caused reference "C:\Users\ultra\.nuget\packages\ironpython\3.4.0\lib\net6.0\IronPython.Wpf.dll". [C:\Users\ultra\warewolf\Dev\Dev2.Activities.Specs\Dev2.Activities.Specs.csproj]
C:\Program Files\dotnet\sdk\10.0.201\Microsoft.Common.CurrentVersion.targets(2451,5): warning MSB3277:             C:\Users\ultra\.nuget\packages\ironpython\3.4.0\lib\net6.0\IronPython.Wpf.dll [C:\Users\ultra\warewolf\Dev\Dev2.Activities.Specs\Dev2.Activities.Specs.csproj]
C:\Program Files\dotnet\sdk\10.0.201\Microsoft.Common.CurrentVersion.targets(2451,5): warning MSB3277:         C:\Users\ultra\.nuget\packages\microsoft.xaml.behaviors.wpf\1.1.122\lib\net462\Microsoft.Xaml.Behaviors.dll [C:\Users\ultra\warewolf\Dev\Dev2.Activities.Specs\Dev2.Activities.Specs.csproj]
C:\Program Files\dotnet\sdk\10.0.201\Microsoft.Common.CurrentVersion.targets(2451,5): warning MSB3277:           Project file item includes which caused reference "C:\Users\ultra\.nuget\packages\microsoft.xaml.behaviors.wpf\1.1.122\lib\net462\Microsoft.Xaml.Behaviors.dll". [C:\Users\ultra\warewolf\Dev\Dev2.Activities.Specs\Dev2.Activities.Specs.csproj]
C:\Program Files\dotnet\sdk\10.0.201\Microsoft.Common.CurrentVersion.targets(2451,5): warning MSB3277:             C:\Users\ultra\.nuget\packages\microsoft.xaml.behaviors.wpf\1.1.122\lib\net462\Microsoft.Xaml.Behaviors.dll [C:\Users\ultra\warewolf\Dev\Dev2.Activities.Specs\Dev2.Activities.Specs.csproj]
C:\Program Files\dotnet\sdk\10.0.201\Microsoft.Common.CurrentVersion.targets(2451,5): warning MSB3277:             C:\Users\ultra\.nuget\packages\caliburn.micro\4.0.212\lib\netcoreapp3.1\Caliburn.Micro.Platform.dll [C:\Users\ultra\warewolf\Dev\Dev2.Activities.Specs\Dev2.Activities.Specs.csproj]
C:\Program Files\dotnet\sdk\10.0.201\Microsoft.Common.CurrentVersion.targets(2451,5): warning MSB3277:             C:\Users\ultra\.nuget\packages\prism.wpf\9.0.537\lib\net462\Prism.Wpf.dll [C:\Users\ultra\warewolf\Dev\Dev2.Activities.Specs\Dev2.Activities.Specs.csproj]
C:\Program Files\dotnet\sdk\10.0.201\Microsoft.Common.CurrentVersion.targets(2451,5): warning MSB3277:         C:\Users\ultra\.nuget\packages\prism.composition\5.0.0\lib\NET45\Microsoft.Practices.Prism.Composition.dll [C:\Users\ultra\warewolf\Dev\Dev2.Activities.Specs\Dev2.Activities.Specs.csproj]
C:\Program Files\dotnet\sdk\10.0.201\Microsoft.Common.CurrentVersion.targets(2451,5): warning MSB3277:           Project file item includes which caused reference "C:\Users\ultra\.nuget\packages\prism.composition\5.0.0\lib\NET45\Microsoft.Practices.Prism.Composition.dll". [C:\Users\ultra\warewolf\Dev\Dev2.Activities.Specs\Dev2.Activities.Specs.csproj]
C:\Program Files\dotnet\sdk\10.0.201\Microsoft.Common.CurrentVersion.targets(2451,5): warning MSB3277:             C:\Users\ultra\.nuget\packages\prism.composition\5.0.0\lib\NET45\Microsoft.Practices.Prism.Composition.dll [C:\Users\ultra\warewolf\Dev\Dev2.Activities.Specs\Dev2.Activities.Specs.csproj]
C:\Program Files\dotnet\sdk\10.0.201\Microsoft.Common.CurrentVersion.targets(2451,5): warning MSB3277:             C:\Users\ultra\.nuget\packages\prism.unityextensions\5.0.1\lib\NET45\Microsoft.Practices.Prism.UnityExtensions.dll [C:\Users\ultra\warewolf\Dev\Dev2.Activities.Specs\Dev2.Activities.Specs.csproj]
C:\Program Files\dotnet\sdk\10.0.201\Microsoft.Common.CurrentVersion.targets(2451,5): warning MSB3277:         C:\Users\ultra\.nuget\packages\prism.interactivity\5.0.0\lib\NET45\Microsoft.Practices.Prism.Interactivity.dll [C:\Users\ultra\warewolf\Dev\Dev2.Activities.Specs\Dev2.Activities.Specs.csproj]
C:\Program Files\dotnet\sdk\10.0.201\Microsoft.Common.CurrentVersion.targets(2451,5): warning MSB3277:           Project file item includes which caused reference "C:\Users\ultra\.nuget\packages\prism.interactivity\5.0.0\lib\NET45\Microsoft.Practices.Prism.Interactivity.dll". [C:\Users\ultra\warewolf\Dev\Dev2.Activities.Specs\Dev2.Activities.Specs.csproj]
C:\Program Files\dotnet\sdk\10.0.201\Microsoft.Common.CurrentVersion.targets(2451,5): warning MSB3277:             C:\Users\ultra\.nuget\packages\prism.interactivity\5.0.0\lib\NET45\Microsoft.Practices.Prism.Interactivity.dll [C:\Users\ultra\warewolf\Dev\Dev2.Activities.Specs\Dev2.Activities.Specs.csproj]
C:\Program Files\dotnet\sdk\10.0.201\Microsoft.Common.CurrentVersion.targets(2451,5): warning MSB3277:         C:\Users\ultra\.nuget\packages\prism.mvvm\1.0.0\lib\net45\Microsoft.Practices.Prism.Mvvm.Desktop.dll [C:\Users\ultra\warewolf\Dev\Dev2.Activities.Specs\Dev2.Activities.Specs.csproj]
C:\Program Files\dotnet\sdk\10.0.201\Microsoft.Common.CurrentVersion.targets(2451,5): warning MSB3277:           Project file item includes which caused reference "C:\Users\ultra\.nuget\packages\prism.mvvm\1.0.0\lib\net45\Microsoft.Practices.Prism.Mvvm.Desktop.dll". [C:\Users\ultra\warewolf\Dev\Dev2.Activities.Specs\Dev2.Activities.Specs.csproj]
C:\Program Files\dotnet\sdk\10.0.201\Microsoft.Common.CurrentVersion.targets(2451,5): warning MSB3277:             C:\Users\ultra\.nuget\packages\prism.mvvm\1.0.0\lib\net45\Microsoft.Practices.Prism.Mvvm.Desktop.dll [C:\Users\ultra\warewolf\Dev\Dev2.Activities.Specs\Dev2.Activities.Specs.csproj]
C:\Program Files\dotnet\sdk\10.0.201\Microsoft.Common.CurrentVersion.targets(2451,5): warning MSB3277:         C:\Users\ultra\.nuget\packages\prism.unityextensions\5.0.1\lib\NET45\Microsoft.Practices.Prism.UnityExtensions.dll [C:\Users\ultra\warewolf\Dev\Dev2.Activities.Specs\Dev2.Activities.Specs.csproj]
C:\Program Files\dotnet\sdk\10.0.201\Microsoft.Common.CurrentVersion.targets(2451,5): warning MSB3277:           Project file item includes which caused reference "C:\Users\ultra\.nuget\packages\prism.unityextensions\5.0.1\lib\NET45\Microsoft.Practices.Prism.UnityExtensions.dll". [C:\Users\ultra\warewolf\Dev\Dev2.Activities.Specs\Dev2.Activities.Specs.csproj]
C:\Program Files\dotnet\sdk\10.0.201\Microsoft.Common.CurrentVersion.targets(2451,5): warning MSB3277:             C:\Users\ultra\.nuget\packages\prism.unityextensions\5.0.1\lib\NET45\Microsoft.Practices.Prism.UnityExtensions.dll [C:\Users\ultra\warewolf\Dev\Dev2.Activities.Specs\Dev2.Activities.Specs.csproj]
C:\Program Files\dotnet\sdk\10.0.201\Microsoft.Common.CurrentVersion.targets(2451,5): warning MSB3277:         C:\Users\ultra\.nuget\packages\prism.wpf\9.0.537\lib\net462\Prism.Wpf.dll [C:\Users\ultra\warewolf\Dev\Dev2.Activities.Specs\Dev2.Activities.Specs.csproj]
C:\Program Files\dotnet\sdk\10.0.201\Microsoft.Common.CurrentVersion.targets(2451,5): warning MSB3277:           Project file item includes which caused reference "C:\Users\ultra\.nuget\packages\prism.wpf\9.0.537\lib\net462\Prism.Wpf.dll". [C:\Users\ultra\warewolf\Dev\Dev2.Activities.Specs\Dev2.Activities.Specs.csproj]
C:\Program Files\dotnet\sdk\10.0.201\Microsoft.Common.CurrentVersion.targets(2451,5): warning MSB3277:             C:\Users\ultra\.nuget\packages\prism.wpf\9.0.537\lib\net462\Prism.Wpf.dll [C:\Users\ultra\warewolf\Dev\Dev2.Activities.Specs\Dev2.Activities.Specs.csproj]
C:\Program Files\dotnet\sdk\10.0.201\Microsoft.Common.CurrentVersion.targets(2451,5): warning MSB3277:         C:\Users\ultra\.nuget\packages\reactiveui.wpf\18.4.1\lib\net462\ReactiveUI.Wpf.dll [C:\Users\ultra\warewolf\Dev\Dev2.Activities.Specs\Dev2.Activities.Specs.csproj]
C:\Program Files\dotnet\sdk\10.0.201\Microsoft.Common.CurrentVersion.targets(2451,5): warning MSB3277:           Project file item includes which caused reference "C:\Users\ultra\.nuget\packages\reactiveui.wpf\18.4.1\lib\net462\ReactiveUI.Wpf.dll". [C:\Users\ultra\warewolf\Dev\Dev2.Activities.Specs\Dev2.Activities.Specs.csproj]
C:\Program Files\dotnet\sdk\10.0.201\Microsoft.Common.CurrentVersion.targets(2451,5): warning MSB3277:             C:\Users\ultra\.nuget\packages\reactiveui.wpf\18.4.1\lib\net462\ReactiveUI.Wpf.dll [C:\Users\ultra\warewolf\Dev\Dev2.Activities.Specs\Dev2.Activities.Specs.csproj]
C:\Program Files\dotnet\sdk\10.0.201\Microsoft.Common.CurrentVersion.targets(2451,5): warning MSB3277: Found conflicts between different versions of "System.Drawing.Common" that could not be resolved. [C:\Users\ultra\warewolf\Dev\Dev2.Activities.Specs\Dev2.Activities.Specs.csproj]
C:\Program Files\dotnet\sdk\10.0.201\Microsoft.Common.CurrentVersion.targets(2451,5): warning MSB3277: There was a conflict between "System.Drawing.Common, Version=6.0.0.0, Culture=neutral, PublicKeyToken=cc7b13ffcd2ddd51" and "System.Drawing.Common, Version=8.0.0.0, Culture=neutral, PublicKeyToken=cc7b13ffcd2ddd51". [C:\Users\ultra\warewolf\Dev\Dev2.Activities.Specs\Dev2.Activities.Specs.csproj]
C:\Program Files\dotnet\sdk\10.0.201\Microsoft.Common.CurrentVersion.targets(2451,5): warning MSB3277:     "System.Drawing.Common, Version=6.0.0.0, Culture=neutral, PublicKeyToken=cc7b13ffcd2ddd51" was chosen because it was primary and "System.Drawing.Common, Version=8.0.0.0, Culture=neutral, PublicKeyToken=cc7b13ffcd2ddd51" was not. [C:\Users\ultra\warewolf\Dev\Dev2.Activities.Specs\Dev2.Activities.Specs.csproj]
C:\Program Files\dotnet\sdk\10.0.201\Microsoft.Common.CurrentVersion.targets(2451,5): warning MSB3277:     References which depend on "System.Drawing.Common, Version=6.0.0.0, Culture=neutral, PublicKeyToken=cc7b13ffcd2ddd51" [C:\Users\ultra\.nuget\packages\system.drawing.common\6.0.0\lib\net6.0\System.Drawing.Common.dll]. [C:\Users\ultra\warewolf\Dev\Dev2.Activities.Specs\Dev2.Activities.Specs.csproj]
C:\Program Files\dotnet\sdk\10.0.201\Microsoft.Common.CurrentVersion.targets(2451,5): warning MSB3277:         C:\Users\ultra\.nuget\packages\system.drawing.common\6.0.0\lib\net6.0\System.Drawing.Common.dll [C:\Users\ultra\warewolf\Dev\Dev2.Activities.Specs\Dev2.Activities.Specs.csproj]
C:\Program Files\dotnet\sdk\10.0.201\Microsoft.Common.CurrentVersion.targets(2451,5): warning MSB3277:           Project file item includes which caused reference "C:\Users\ultra\.nuget\packages\system.drawing.common\6.0.0\lib\net6.0\System.Drawing.Common.dll". [C:\Users\ultra\warewolf\Dev\Dev2.Activities.Specs\Dev2.Activities.Specs.csproj]
C:\Program Files\dotnet\sdk\10.0.201\Microsoft.Common.CurrentVersion.targets(2451,5): warning MSB3277:             C:\Users\ultra\.nuget\packages\system.drawing.common\6.0.0\lib\net6.0\System.Drawing.Common.dll [C:\Users\ultra\warewolf\Dev\Dev2.Activities.Specs\Dev2.Activities.Specs.csproj]
C:\Program Files\dotnet\sdk\10.0.201\Microsoft.Common.CurrentVersion.targets(2451,5): warning MSB3277:     References which depend on or have been unified to "System.Drawing.Common, Version=8.0.0.0, Culture=neutral, PublicKeyToken=cc7b13ffcd2ddd51" []. [C:\Users\ultra\warewolf\Dev\Dev2.Activities.Specs\Dev2.Activities.Specs.csproj]
C:\Program Files\dotnet\sdk\10.0.201\Microsoft.Common.CurrentVersion.targets(2451,5): warning MSB3277:         C:\Users\ultra\.nuget\packages\servicestack\6.3.0\lib\net6.0\ServiceStack.dll [C:\Users\ultra\warewolf\Dev\Dev2.Activities.Specs\Dev2.Activities.Specs.csproj]
C:\Program Files\dotnet\sdk\10.0.201\Microsoft.Common.CurrentVersion.targets(2451,5): warning MSB3277:           Project file item includes which caused reference "C:\Users\ultra\.nuget\packages\servicestack\6.3.0\lib\net6.0\ServiceStack.dll". [C:\Users\ultra\warewolf\Dev\Dev2.Activities.Specs\Dev2.Activities.Specs.csproj]
C:\Program Files\dotnet\sdk\10.0.201\Microsoft.Common.CurrentVersion.targets(2451,5): warning MSB3277:             C:\Users\ultra\.nuget\packages\servicestack\6.3.0\lib\net6.0\ServiceStack.dll [C:\Users\ultra\warewolf\Dev\Dev2.Activities.Specs\Dev2.Activities.Specs.csproj]
C:\Program Files\dotnet\sdk\10.0.201\Microsoft.Common.CurrentVersion.targets(2451,5): warning MSB3277:         C:\Users\ultra\.nuget\packages\system.windows.extensions\8.0.0\lib\net8.0\System.Windows.Extensions.dll [C:\Users\ultra\warewolf\Dev\Dev2.Activities.Specs\Dev2.Activities.Specs.csproj]
C:\Program Files\dotnet\sdk\10.0.201\Microsoft.Common.CurrentVersion.targets(2451,5): warning MSB3277:           Project file item includes which caused reference "C:\Users\ultra\.nuget\packages\system.windows.extensions\8.0.0\lib\net8.0\System.Windows.Extensions.dll". [C:\Users\ultra\warewolf\Dev\Dev2.Activities.Specs\Dev2.Activities.Specs.csproj]
C:\Program Files\dotnet\sdk\10.0.201\Microsoft.Common.CurrentVersion.targets(2451,5): warning MSB3277:             C:\Users\ultra\.nuget\packages\system.windows.extensions\8.0.0\lib\net8.0\System.Windows.Extensions.dll [C:\Users\ultra\warewolf\Dev\Dev2.Activities.Specs\Dev2.Activities.Specs.csproj]
C:\Program Files\dotnet\sdk\10.0.201\Microsoft.Common.CurrentVersion.targets(2451,5): warning MSB3277:             C:\Users\ultra\.nuget\packages\extended.wpf.toolkit\4.4.0\lib\net5.0\Xceed.Wpf.Toolkit.NET5.dll [C:\Users\ultra\warewolf\Dev\Dev2.Activities.Specs\Dev2.Activities.Specs.csproj]
C:\Program Files\dotnet\sdk\10.0.201\Microsoft.Common.CurrentVersion.targets(2451,5): warning MSB3277:             C:\Users\ultra\.nuget\packages\system.security.permissions\8.0.0\lib\net8.0\System.Security.Permissions.dll [C:\Users\ultra\warewolf\Dev\Dev2.Activities.Specs\Dev2.Activities.Specs.csproj]
C:\Program Files\dotnet\sdk\10.0.201\Microsoft.Common.CurrentVersion.targets(2451,5): warning MSB3277:             C:\Users\ultra\warewolf\Dev\Dev2.Data\bin\Debug\net8.0\Dev2.Data.dll [C:\Users\ultra\warewolf\Dev\Dev2.Activities.Specs\Dev2.Activities.Specs.csproj]
C:\Program Files\dotnet\sdk\10.0.201\Microsoft.Common.CurrentVersion.targets(2451,5): warning MSB3277:             C:\Users\ultra\warewolf\Dev\Dev2.Activities.Tests\bin\Debug\net8.0\Dev2.Activities.Tests.dll [C:\Users\ultra\warewolf\Dev\Dev2.Activities.Specs\Dev2.Activities.Specs.csproj]
C:\Program Files\dotnet\sdk\10.0.201\Microsoft.Common.CurrentVersion.targets(2451,5): warning MSB3277:             C:\Users\ultra\warewolf\Dev\Dev2.Activities\bin\Debug\net8.0\Dev2.Activities.dll [C:\Users\ultra\warewolf\Dev\Dev2.Activities.Specs\Dev2.Activities.Specs.csproj]
C:\Program Files\dotnet\sdk\10.0.201\Microsoft.Common.CurrentVersion.targets(2451,5): warning MSB3277:             C:\Users\ultra\warewolf\Dev\Dev2.Core\bin\Debug\net8.0\Dev2.Core.dll [C:\Users\ultra\warewolf\Dev\Dev2.Activities.Specs\Dev2.Activities.Specs.csproj]
C:\Program Files\dotnet\sdk\10.0.201\Microsoft.Common.CurrentVersion.targets(2451,5): warning MSB3277:             C:\Users\ultra\warewolf\Dev\Dev2.Infrastructure.Tests\bin\Debug\net8.0\Dev2.Infrastructure.Tests.dll [C:\Users\ultra\warewolf\Dev\Dev2.Activities.Specs\Dev2.Activities.Specs.csproj]
C:\Program Files\dotnet\sdk\10.0.201\Microsoft.Common.CurrentVersion.targets(2451,5): warning MSB3277:             C:\Users\ultra\warewolf\Dev\Dev2.Runtime.Services\bin\Debug\net8.0\Dev2.Runtime.Services.dll [C:\Users\ultra\warewolf\Dev\Dev2.Activities.Specs\Dev2.Activities.Specs.csproj]
C:\Program Files\dotnet\sdk\10.0.201\Microsoft.Common.CurrentVersion.targets(2451,5): warning MSB3277:             C:\Users\ultra\warewolf\Dev\Dev2.Runtime.WebServer\bin\Debug\net8.0\Dev2.Runtime.WebServer.dll [C:\Users\ultra\warewolf\Dev\Dev2.Activities.Specs\Dev2.Activities.Specs.csproj]
C:\Program Files\dotnet\sdk\10.0.201\Microsoft.Common.CurrentVersion.targets(2451,5): warning MSB3277:             C:\Users\ultra\warewolf\Dev\Dev2.Runtime\bin\Debug\net8.0\Dev2.Runtime.dll [C:\Users\ultra\warewolf\Dev\Dev2.Activities.Specs\Dev2.Activities.Specs.csproj]
C:\Program Files\dotnet\sdk\10.0.201\Microsoft.Common.CurrentVersion.targets(2451,5): warning MSB3277:             C:\Users\ultra\warewolf\Dev\Dev2.Scheduler\bin\Debug\net8.0\Dev2.Scheduler.dll [C:\Users\ultra\warewolf\Dev\Dev2.Activities.Specs\Dev2.Activities.Specs.csproj]
C:\Program Files\dotnet\sdk\10.0.201\Microsoft.Common.CurrentVersion.targets(2451,5): warning MSB3277:             C:\Users\ultra\warewolf\Dev\Dev2.Services.Execution\bin\Debug\net8.0\Dev2.Services.Execution.dll [C:\Users\ultra\warewolf\Dev\Dev2.Activities.Specs\Dev2.Activities.Specs.csproj]
C:\Program Files\dotnet\sdk\10.0.201\Microsoft.Common.CurrentVersion.targets(2451,5): warning MSB3277:             C:\Users\ultra\warewolf\Dev\Dev2.Studio.Core\bin\Debug\net8.0\Dev2.Studio.Core.dll [C:\Users\ultra\warewolf\Dev\Dev2.Activities.Specs\Dev2.Activities.Specs.csproj]
C:\Program Files\dotnet\sdk\10.0.201\Microsoft.Common.CurrentVersion.targets(2451,5): warning MSB3277:             C:\Users\ultra\warewolf\Dev\Dev2.Studio.Interfaces\bin\Debug\net8.0\Dev2.Studio.Interfaces.dll [C:\Users\ultra\warewolf\Dev\Dev2.Activities.Specs\Dev2.Activities.Specs.csproj]
C:\Program Files\dotnet\sdk\10.0.201\Microsoft.Common.CurrentVersion.targets(2451,5): warning MSB3277:             C:\Users\ultra\warewolf\Dev\Dev2.Studio\bin\Debug\net8.0\Warewolf Studio.dll [C:\Users\ultra\warewolf\Dev\Dev2.Activities.Specs\Dev2.Activities.Specs.csproj]
C:\Program Files\dotnet\sdk\10.0.201\Microsoft.Common.CurrentVersion.targets(2451,5): warning MSB3277:             C:\Users\ultra\warewolf\Dev\Warewolf.Core\bin\Debug\net8.0\Warewolf.Core.dll [C:\Users\ultra\warewolf\Dev\Dev2.Activities.Specs\Dev2.Activities.Specs.csproj]
C:\Program Files\dotnet\sdk\10.0.201\Microsoft.Common.CurrentVersion.targets(2451,5): warning MSB3277:             C:\Users\ultra\warewolf\Dev\Warewolf.ResourceManagement\bin\Debug\net8.0\Warewolf.ResourceManagement.dll [C:\Users\ultra\warewolf\Dev\Dev2.Activities.Specs\Dev2.Activities.Specs.csproj]
C:\Program Files\dotnet\sdk\10.0.201\Microsoft.Common.CurrentVersion.targets(2451,5): warning MSB3277:             C:\Users\ultra\warewolf\Dev\Warewolf.Studio.ViewModels\bin\Debug\net8.0\Warewolf.Studio.ViewModels.dll [C:\Users\ultra\warewolf\Dev\Dev2.Activities.Specs\Dev2.Activities.Specs.csproj]
C:\Program Files\dotnet\sdk\10.0.201\Microsoft.Common.CurrentVersion.targets(2451,5): warning MSB3277:             C:\Users\ultra\warewolf\Dev\Warewolf.Testing\bin\Debug\net8.0\Warewolf.Testing.dll [C:\Users\ultra\warewolf\Dev\Dev2.Activities.Specs\Dev2.Activities.Specs.csproj]
C:\Program Files\dotnet\sdk\10.0.201\Microsoft.Common.CurrentVersion.targets(2451,5): warning MSB3277:             C:\Users\ultra\warewolf\Dev\Warewolf.Tools.Specs\bin\Debug\net8.0\Warewolf.Tools.Specs.dll [C:\Users\ultra\warewolf\Dev\Dev2.Activities.Specs\Dev2.Activities.Specs.csproj]
C:\Program Files\dotnet\sdk\10.0.201\Microsoft.Common.CurrentVersion.targets(2451,5): warning MSB3277:             C:\Users\ultra\warewolf\Dev\Dev2.Common.Tests\bin\Debug\net8.0\Dev2.Common.Tests.dll [C:\Users\ultra\warewolf\Dev\Dev2.Activities.Specs\Dev2.Activities.Specs.csproj]
C:\Program Files\dotnet\sdk\10.0.201\Microsoft.Common.CurrentVersion.targets(2451,5): warning MSB3277:             C:\Users\ultra\warewolf\Dev\Dev2.Diagnostics.Tests\bin\Debug\net8.0\Dev2.Diagnostics.Tests.dll [C:\Users\ultra\warewolf\Dev\Dev2.Activities.Specs\Dev2.Activities.Specs.csproj]
C:\Program Files\dotnet\sdk\10.0.201\Microsoft.Common.CurrentVersion.targets(2451,5): warning MSB3277:             C:\Users\ultra\warewolf\Dev\Dev2.Intellisense\bin\Debug\net8.0\Dev2.Intellisense.dll [C:\Users\ultra\warewolf\Dev\Dev2.Activities.Specs\Dev2.Activities.Specs.csproj]
C:\Program Files\dotnet\sdk\10.0.201\Microsoft.Common.CurrentVersion.targets(2451,5): warning MSB3277:             C:\Users\ultra\warewolf\Dev\Warewolf.HangfireServer\bin\Debug\net8.0\HangfireServer.dll [C:\Users\ultra\warewolf\Dev\Dev2.Activities.Specs\Dev2.Activities.Specs.csproj]
C:\Program Files\dotnet\sdk\10.0.201\Microsoft.Common.CurrentVersion.targets(2451,5): warning MSB3277:             C:\Users\ultra\warewolf\Dev\Warewolf.QueueWorker\bin\Debug\net8.0\QueueWorker.dll [C:\Users\ultra\warewolf\Dev\Dev2.Activities.Specs\Dev2.Activities.Specs.csproj]
C:\Program Files\dotnet\sdk\10.0.201\Microsoft.Common.CurrentVersion.targets(2451,5): warning MSB3277:             C:\Users\ultra\warewolf\Dev\Dev2.Server\bin\Debug\net8.0\Warewolf Server.dll [C:\Users\ultra\warewolf\Dev\Dev2.Activities.Specs\Dev2.Activities.Specs.csproj]
C:\Program Files\dotnet\sdk\10.0.201\Microsoft.Common.CurrentVersion.targets(2451,5): warning MSB3277:             C:\Users\ultra\warewolf\Dev\Warewolf.Auditing\bin\Debug\net8.0\Warewolf.Auditing.dll [C:\Users\ultra\warewolf\Dev\Dev2.Activities.Specs\Dev2.Activities.Specs.csproj]
C:\Program Files\dotnet\sdk\10.0.201\Microsoft.Common.CurrentVersion.targets(2451,5): warning MSB3277:             C:\Users\ultra\warewolf\Dev\Warewolf.Common.Framework48\bin\Debug\net8.0\Warewolf.Common.Framework48.dll [C:\Users\ultra\warewolf\Dev\Dev2.Activities.Specs\Dev2.Activities.Specs.csproj]
C:\Program Files\dotnet\sdk\10.0.201\Microsoft.Common.CurrentVersion.targets(2451,5): warning MSB3277:             C:\Users\ultra\warewolf\Dev\Warewolf.Common.NetStandard20\bin\Debug\net8.0\Warewolf.Common.NetStandard20.dll [C:\Users\ultra\warewolf\Dev\Dev2.Activities.Specs\Dev2.Activities.Specs.csproj]
C:\Program Files\dotnet\sdk\10.0.201\Microsoft.Common.CurrentVersion.targets(2451,5): warning MSB3277:             C:\Users\ultra\warewolf\Dev\Warewolf.Core.Tests\bin\Debug\net8.0\Warewolf.Core.Tests.dll [C:\Users\ultra\warewolf\Dev\Dev2.Activities.Specs\Dev2.Activities.Specs.csproj]
C:\Program Files\dotnet\sdk\10.0.201\Microsoft.Common.CurrentVersion.targets(2451,5): warning MSB3277:             C:\Users\ultra\warewolf\Dev\Warewolf.Driver.Persistence\bin\Debug\net8.0\Warewolf.Driver.Persistence.dll [C:\Users\ultra\warewolf\Dev\Dev2.Activities.Specs\Dev2.Activities.Specs.csproj]
C:\Program Files\dotnet\sdk\10.0.201\Microsoft.Common.CurrentVersion.targets(2451,5): warning MSB3277:             C:\Users\ultra\warewolf\Dev\Warewolf.Exchange.Email.Wrapper\bin\Debug\net8.0\Warewolf.Exchange.Email.Wrapper.dll [C:\Users\ultra\warewolf\Dev\Dev2.Activities.Specs\Dev2.Activities.Specs.csproj]
C:\Program Files\dotnet\sdk\10.0.201\Microsoft.Common.CurrentVersion.targets(2451,5): warning MSB3277:             C:\Users\ultra\warewolf\Dev\Warewolf.MergeParser.Tests\bin\Debug\net8.0\Warewolf.MergeParser.Tests.dll [C:\Users\ultra\warewolf\Dev\Dev2.Activities.Specs\Dev2.Activities.Specs.csproj]
C:\Program Files\dotnet\sdk\10.0.201\Microsoft.Common.CurrentVersion.targets(2451,5): warning MSB3277:             C:\Users\ultra\warewolf\Dev\Warewolf.Studio.Core\bin\Debug\net8.0\Warewolf.Studio.Core.dll [C:\Users\ultra\warewolf\Dev\Dev2.Activities.Specs\Dev2.Activities.Specs.csproj]
C:\Program Files\dotnet\sdk\10.0.201\Microsoft.Common.CurrentVersion.targets(2451,5): warning MSB3277:             C:\Users\ultra\warewolf\Dev\Warewolf.Studio.CustomControls\bin\Debug\net8.0\Warewolf.Studio.CustomControls.dll [C:\Users\ultra\warewolf\Dev\Dev2.Activities.Specs\Dev2.Activities.Specs.csproj]
C:\Program Files\dotnet\sdk\10.0.201\Microsoft.Common.CurrentVersion.targets(2451,5): warning MSB3277:             C:\Users\ultra\warewolf\Dev\Warewolf.Studio.Models\bin\Debug\net8.0\Warewolf.Studio.Models.dll [C:\Users\ultra\warewolf\Dev\Dev2.Activities.Specs\Dev2.Activities.Specs.csproj]
C:\Program Files\dotnet\sdk\10.0.201\Microsoft.Common.CurrentVersion.targets(2451,5): warning MSB3277:             C:\Users\ultra\warewolf\Dev\Warewolf.Trigger.Queue\bin\Debug\net8.0\Warewolf.Trigger.Queue.dll [C:\Users\ultra\warewolf\Dev\Dev2.Activities.Specs\Dev2.Activities.Specs.csproj]
C:\Program Files\dotnet\sdk\10.0.201\Microsoft.Common.CurrentVersion.targets(2451,5): warning MSB3277:             C:\Users\ultra\warewolf\Dev\Warewolf.UI\bin\Debug\net8.0\Warewolf.UI.dll [C:\Users\ultra\warewolf\Dev\Dev2.Activities.Specs\Dev2.Activities.Specs.csproj]
C:\Program Files\dotnet\sdk\10.0.201\Microsoft.Common.CurrentVersion.targets(2451,5): warning MSB3277:             C:\Users\ultra\warewolf\Dev\Warewolf.Logger\bin\Debug\net8.0\WarewolfLogger.dll [C:\Users\ultra\warewolf\Dev\Dev2.Activities.Specs\Dev2.Activities.Specs.csproj]
C:\Program Files\dotnet\sdk\10.0.201\Microsoft.Common.CurrentVersion.targets(2451,5): warning MSB3277:             C:\Users\ultra\.nuget\packages\dotnetzip\1.16.0\lib\netstandard2.0\DotNetZip.dll [C:\Users\ultra\warewolf\Dev\Dev2.Activities.Specs\Dev2.Activities.Specs.csproj]
C:\Program Files\dotnet\sdk\10.0.201\Microsoft.Common.CurrentVersion.targets(2451,5): warning MSB3277:             C:\Users\ultra\warewolf\Dev\Dev2.Common\bin\Debug\net8.0\Dev2.Common.dll [C:\Users\ultra\warewolf\Dev\Dev2.Activities.Specs\Dev2.Activities.Specs.csproj]
C:\Program Files\dotnet\sdk\10.0.201\Microsoft.Common.CurrentVersion.targets(2451,5): warning MSB3277:             C:\Users\ultra\warewolf\Dev\Dev2.Data.Interfaces\bin\Debug\net8.0\Dev2.Data.Interfaces.dll [C:\Users\ultra\warewolf\Dev\Dev2.Activities.Specs\Dev2.Activities.Specs.csproj]
C:\Program Files\dotnet\sdk\10.0.201\Microsoft.Common.CurrentVersion.targets(2451,5): warning MSB3277:             C:\Users\ultra\warewolf\Dev\Dev2.Diagnostics\bin\Debug\net8.0\Dev2.Diagnostics.dll [C:\Users\ultra\warewolf\Dev\Dev2.Activities.Specs\Dev2.Activities.Specs.csproj]
C:\Program Files\dotnet\sdk\10.0.201\Microsoft.Common.CurrentVersion.targets(2451,5): warning MSB3277:             C:\Users\ultra\warewolf\Dev\Dev2.Infrastructure\bin\Debug\net8.0\Dev2.Infrastructure.dll [C:\Users\ultra\warewolf\Dev\Dev2.Activities.Specs\Dev2.Activities.Specs.csproj]
C:\Program Files\dotnet\sdk\10.0.201\Microsoft.Common.CurrentVersion.targets(2451,5): warning MSB3277:             C:\Users\ultra\warewolf\Dev\Dev2.Services.Sql\bin\Debug\net8.0\Dev2.Services.Sql.dll [C:\Users\ultra\warewolf\Dev\Dev2.Activities.Specs\Dev2.Activities.Specs.csproj]
C:\Program Files\dotnet\sdk\10.0.201\Microsoft.Common.CurrentVersion.targets(2451,5): warning MSB3277:             C:\Users\ultra\warewolf\Dev\Dev2.TaskScheduler.Wrappers\bin\Debug\net8.0\Dev2.TaskScheduler.Wrappers.dll [C:\Users\ultra\warewolf\Dev\Dev2.Activities.Specs\Dev2.Activities.Specs.csproj]
C:\Program Files\dotnet\sdk\10.0.201\Microsoft.Common.CurrentVersion.targets(2451,5): warning MSB3277:             C:\Users\ultra\warewolf\Dev\Dev2.Util\bin\Debug\net8.0\Dev2.Util.dll [C:\Users\ultra\warewolf\Dev\Dev2.Activities.Specs\Dev2.Activities.Specs.csproj]
C:\Program Files\dotnet\sdk\10.0.201\Microsoft.Common.CurrentVersion.targets(2451,5): warning MSB3277:             C:\Users\ultra\warewolf\Dev\Warewolf.Sharepoint\bin\Debug\net8.0\Warewolf.Sharepoint.dll [C:\Users\ultra\warewolf\Dev\Dev2.Activities.Specs\Dev2.Activities.Specs.csproj]
C:\Program Files\dotnet\sdk\10.0.201\Microsoft.Common.CurrentVersion.targets(2451,5): warning MSB3277:             C:\Users\ultra\warewolf\Dev\Warewolf.Storage\bin\Debug\net8.0\Warewolf.Storage.dll [C:\Users\ultra\warewolf\Dev\Dev2.Activities.Specs\Dev2.Activities.Specs.csproj]
C:\Program Files\dotnet\sdk\10.0.201\Microsoft.Common.CurrentVersion.targets(2451,5): warning MSB3277:             C:\Users\ultra\warewolf\Dev\Dev2.Development.Languages\bin\Debug\net8.0\Dev2.Development.Languages.dll [C:\Users\ultra\warewolf\Dev\Dev2.Activities.Specs\Dev2.Activities.Specs.csproj]
C:\Program Files\dotnet\sdk\10.0.201\Microsoft.Common.CurrentVersion.targets(2451,5): warning MSB3277:             C:\Users\ultra\warewolf\Dev\Warewolf.AI.Harness\bin\Debug\net8.0\Warewolf.AI.Harness.dll [C:\Users\ultra\warewolf\Dev\Dev2.Activities.Specs\Dev2.Activities.Specs.csproj]
C:\Program Files\dotnet\sdk\10.0.201\Microsoft.Common.CurrentVersion.targets(2451,5): warning MSB3277:             C:\Users\ultra\warewolf\Dev\Warewolf.Driver.Serilog\bin\Debug\net8.0\Warewolf.Driver.Serilog.dll [C:\Users\ultra\warewolf\Dev\Dev2.Activities.Specs\Dev2.Activities.Specs.csproj]
C:\Program Files\dotnet\sdk\10.0.201\Microsoft.Common.CurrentVersion.targets(2451,5): warning MSB3277:             C:\Users\ultra\warewolf\Dev\Warewolf.PerfMon\bin\Debug\net8.0\Warewolf.PerfMon.dll [C:\Users\ultra\warewolf\Dev\Dev2.Activities.Specs\Dev2.Activities.Specs.csproj]
C:\Program Files\dotnet\sdk\10.0.201\Microsoft.Common.CurrentVersion.targets(2451,5): warning MSB3277:             C:\Users\ultra\.nuget\packages\mindbox.data.linq\5.0.0\lib\netstandard2.0\Mindbox.Data.Linq.dll [C:\Users\ultra\warewolf\Dev\Dev2.Activities.Specs\Dev2.Activities.Specs.csproj]
C:\Program Files\dotnet\sdk\10.0.201\Microsoft.Common.CurrentVersion.targets(2451,5): warning MSB3277:             C:\Users\ultra\.nuget\packages\mysql.data\8.4.0\lib\net8.0\MySql.Data.dll [C:\Users\ultra\warewolf\Dev\Dev2.Activities.Specs\Dev2.Activities.Specs.csproj]
C:\Program Files\dotnet\sdk\10.0.201\Microsoft.Common.CurrentVersion.targets(2451,5): warning MSB3277:             C:\Users\ultra\.nuget\packages\oracle.manageddataaccess.core\3.21.70\lib\netstandard2.1\Oracle.ManagedDataAccess.dll [C:\Users\ultra\warewolf\Dev\Dev2.Activities.Specs\Dev2.Activities.Specs.csproj]
C:\Program Files\dotnet\sdk\10.0.201\Microsoft.Common.CurrentVersion.targets(2451,5): warning MSB3277:             C:\Users\ultra\.nuget\packages\system.directoryservices\6.0.0\lib\net6.0\System.DirectoryServices.dll [C:\Users\ultra\warewolf\Dev\Dev2.Activities.Specs\Dev2.Activities.Specs.csproj]
C:\Program Files\dotnet\sdk\10.0.201\Microsoft.Common.CurrentVersion.targets(2451,5): warning MSB3277:             C:\Users\ultra\.nuget\packages\corewcf.primitives\1.2.1\lib\netstandard2.0\CoreWCF.Primitives.dll [C:\Users\ultra\warewolf\Dev\Dev2.Activities.Specs\Dev2.Activities.Specs.csproj]
C:\Program Files\dotnet\sdk\10.0.201\Microsoft.Common.CurrentVersion.targets(2451,5): warning MSB3277:             C:\Users\ultra\.nuget\packages\corewcf.http\1.2.1\lib\netstandard2.0\CoreWCF.Http.dll [C:\Users\ultra\warewolf\Dev\Dev2.Activities.Specs\Dev2.Activities.Specs.csproj]
C:\Program Files\dotnet\sdk\10.0.201\Microsoft.Common.CurrentVersion.targets(2451,5): warning MSB3277:             C:\Users\ultra\.nuget\packages\corewcf.nettcp\1.2.1\lib\netstandard2.0\CoreWCF.NetTcp.dll [C:\Users\ultra\warewolf\Dev\Dev2.Activities.Specs\Dev2.Activities.Specs.csproj]
C:\Program Files\dotnet\sdk\10.0.201\Microsoft.Common.CurrentVersion.targets(2451,5): warning MSB3277:             C:\Users\ultra\.nuget\packages\corewcf.webhttp\1.2.1\lib\netstandard2.0\CoreWCF.WebHttp.dll [C:\Users\ultra\warewolf\Dev\Dev2.Activities.Specs\Dev2.Activities.Specs.csproj]
C:\Program Files\dotnet\sdk\10.0.201\Microsoft.Common.CurrentVersion.targets(2451,5): warning MSB3277:             C:\Program Files\dotnet\packs\Microsoft.NETCore.App.Ref\8.0.25\ref/net8.0/System.Configuration.dll [C:\Users\ultra\warewolf\Dev\Dev2.Activities.Specs\Dev2.Activities.Specs.csproj]
C:\Program Files\dotnet\sdk\10.0.201\Microsoft.Common.CurrentVersion.targets(2451,5): warning MSB3277:             C:\Users\ultra\.nuget\packages\prism.composition\5.0.0\lib\NET45\Microsoft.Practices.Prism.Composition.dll [C:\Users\ultra\warewolf\Dev\Dev2.Activities.Specs\Dev2.Activities.Specs.csproj]
C:\Program Files\dotnet\sdk\10.0.201\Microsoft.Common.CurrentVersion.targets(2451,5): warning MSB3277:             C:\Users\ultra\.nuget\packages\prism.unityextensions\5.0.1\lib\NET45\Microsoft.Practices.Prism.UnityExtensions.dll [C:\Users\ultra\warewolf\Dev\Dev2.Activities.Specs\Dev2.Activities.Specs.csproj]
C:\Program Files\dotnet\sdk\10.0.201\Microsoft.Common.CurrentVersion.targets(2451,5): warning MSB3277:             C:\Users\ultra\.nuget\packages\prism.wpf\9.0.537\lib\net462\Prism.Wpf.dll [C:\Users\ultra\warewolf\Dev\Dev2.Activities.Specs\Dev2.Activities.Specs.csproj]
C:\Program Files\dotnet\sdk\10.0.201\Microsoft.Common.CurrentVersion.targets(2451,5): warning MSB3277:             C:\Program Files\dotnet\packs\Microsoft.NETCore.App.Ref\8.0.25\ref/net8.0/System.Data.dll [C:\Users\ultra\warewolf\Dev\Dev2.Activities.Specs\Dev2.Activities.Specs.csproj]
C:\Program Files\dotnet\sdk\10.0.201\Microsoft.Common.CurrentVersion.targets(2451,5): warning MSB3277:             C:\Users\ultra\.nuget\packages\taskschedulereditor\2.10.1\lib\net452\Microsoft.Win32.TaskSchedulerEditor.dll [C:\Users\ultra\warewolf\Dev\Dev2.Activities.Specs\Dev2.Activities.Specs.csproj]
C:\Program Files\dotnet\sdk\10.0.201\Microsoft.Common.CurrentVersion.targets(2451,5): warning MSB3277:             C:\Program Files\dotnet\packs\Microsoft.NETCore.App.Ref\8.0.25\ref/net8.0/System.Drawing.dll [C:\Users\ultra\warewolf\Dev\Dev2.Activities.Specs\Dev2.Activities.Specs.csproj]
C:\Program Files\dotnet\sdk\10.0.201\Microsoft.Common.CurrentVersion.targets(2451,5): warning MSB3277:             C:\Users\ultra\.nuget\packages\aerowizard\2.3.1\lib\net45\AeroWizard.dll [C:\Users\ultra\warewolf\Dev\Dev2.Activities.Specs\Dev2.Activities.Specs.csproj]
C:\Program Files\dotnet\sdk\10.0.201\Microsoft.Common.CurrentVersion.targets(2451,5): warning MSB3277:             C:\Users\ultra\.nuget\packages\avalonedit\6.3.0.90\lib\net462\ICSharpCode.AvalonEdit.dll [C:\Users\ultra\warewolf\Dev\Dev2.Activities.Specs\Dev2.Activities.Specs.csproj]
C:\Program Files\dotnet\sdk\10.0.201\Microsoft.Common.CurrentVersion.targets(2451,5): warning MSB3277:             C:\Users\ultra\.nuget\packages\groupcontrols\1.9.0\lib\net45\GroupControls.dll [C:\Users\ultra\warewolf\Dev\Dev2.Activities.Specs\Dev2.Activities.Specs.csproj]
C:\Program Files\dotnet\sdk\10.0.201\Microsoft.Common.CurrentVersion.targets(2451,5): warning MSB3277:             C:\Program Files\dotnet\packs\Microsoft.NETCore.App.Ref\8.0.25\ref/net8.0/System.Net.dll [C:\Users\ultra\warewolf\Dev\Dev2.Activities.Specs\Dev2.Activities.Specs.csproj]
C:\Program Files\dotnet\sdk\10.0.201\Microsoft.Common.CurrentVersion.targets(2451,5): warning MSB3277:             C:\Program Files\dotnet\packs\Microsoft.NETCore.App.Ref\8.0.25\ref/net8.0/System.Security.dll [C:\Users\ultra\warewolf\Dev\Dev2.Activities.Specs\Dev2.Activities.Specs.csproj]
C:\Program Files\dotnet\sdk\10.0.201\Microsoft.Common.CurrentVersion.targets(2451,5): warning MSB3277:             C:\Program Files\dotnet\packs\Microsoft.NETCore.App.Ref\8.0.25\ref/net8.0/System.ServiceProcess.dll [C:\Users\ultra\warewolf\Dev\Dev2.Activities.Specs\Dev2.Activities.Specs.csproj]
C:\Program Files\dotnet\sdk\10.0.201\Microsoft.Common.CurrentVersion.targets(2451,5): warning MSB3277:             C:\Program Files\dotnet\packs\Microsoft.NETCore.App.Ref\8.0.25\ref/net8.0/System.Transactions.dll [C:\Users\ultra\warewolf\Dev\Dev2.Activities.Specs\Dev2.Activities.Specs.csproj]
C:\Program Files\dotnet\sdk\10.0.201\Microsoft.Common.CurrentVersion.targets(2451,5): warning MSB3277:             C:\Program Files\dotnet\packs\Microsoft.NETCore.App.Ref\8.0.25\ref/net8.0/System.dll [C:\Users\ultra\warewolf\Dev\Dev2.Activities.Specs\Dev2.Activities.Specs.csproj]
C:\Program Files\dotnet\sdk\10.0.201\Microsoft.Common.CurrentVersion.targets(2451,5): warning MSB3277:             C:\Users\ultra\.nuget\packages\fontawesome.wpf\4.7.0.9\lib\net40\FontAwesome.WPF.dll [C:\Users\ultra\warewolf\Dev\Dev2.Activities.Specs\Dev2.Activities.Specs.csproj]
C:\Program Files\dotnet\sdk\10.0.201\Microsoft.Common.CurrentVersion.targets(2451,5): warning MSB3277:             C:\Users\ultra\.nuget\packages\log4net.async\2.0.4\lib\net40\Log4Net.Async.dll [C:\Users\ultra\warewolf\Dev\Dev2.Activities.Specs\Dev2.Activities.Specs.csproj]
C:\Program Files\dotnet\sdk\10.0.201\Microsoft.Common.CurrentVersion.targets(2451,5): warning MSB3277:             C:\Users\ultra\.nuget\packages\microsoft.xaml.behaviors.wpf\1.1.122\lib\net462\Microsoft.Xaml.Behaviors.dll [C:\Users\ultra\warewolf\Dev\Dev2.Activities.Specs\Dev2.Activities.Specs.csproj]
C:\Program Files\dotnet\sdk\10.0.201\Microsoft.Common.CurrentVersion.targets(2451,5): warning MSB3277:             C:\Users\ultra\.nuget\packages\caliburn.micro\4.0.212\lib\netcoreapp3.1\Caliburn.Micro.Platform.dll [C:\Users\ultra\warewolf\Dev\Dev2.Activities.Specs\Dev2.Activities.Specs.csproj]
C:\Program Files\dotnet\sdk\10.0.201\Microsoft.Common.CurrentVersion.targets(2451,5): warning MSB3277:             C:\Users\ultra\.nuget\packages\prism.interactivity\5.0.0\lib\NET45\Microsoft.Practices.Prism.Interactivity.dll [C:\Users\ultra\warewolf\Dev\Dev2.Activities.Specs\Dev2.Activities.Specs.csproj]
C:\Program Files\dotnet\sdk\10.0.201\Microsoft.Common.CurrentVersion.targets(2451,5): warning MSB3277:             C:\Users\ultra\.nuget\packages\prism.mvvm\1.0.0\lib\net45\Microsoft.Practices.Prism.Mvvm.Desktop.dll [C:\Users\ultra\warewolf\Dev\Dev2.Activities.Specs\Dev2.Activities.Specs.csproj]
C:\Program Files\dotnet\sdk\10.0.201\Microsoft.Common.CurrentVersion.targets(2451,5): warning MSB3277:             C:\Users\ultra\.nuget\packages\reactiveui.wpf\18.4.1\lib\net462\ReactiveUI.Wpf.dll [C:\Users\ultra\warewolf\Dev\Dev2.Activities.Specs\Dev2.Activities.Specs.csproj]
C:\Program Files\dotnet\sdk\10.0.201\Microsoft.Common.CurrentVersion.targets(2451,5): warning MSB3277:             C:\Users\ultra\.nuget\packages\ttcue.netcore.sharepointonline.csom.16.1.8029.1200\16.1.8029.1200\lib\netcoreapp2.0\Microsoft.SharePoint.Client.Runtime.Windows.dll [C:\Users\ultra\warewolf\Dev\Dev2.Activities.Specs\Dev2.Activities.Specs.csproj]
C:\Program Files\dotnet\sdk\10.0.201\Microsoft.Common.CurrentVersion.targets(2451,5): warning MSB3277:             C:\Program Files\dotnet\packs\Microsoft.NETCore.App.Ref\8.0.25\ref/net8.0/WindowsBase.dll [C:\Users\ultra\warewolf\Dev\Dev2.Activities.Specs\Dev2.Activities.Specs.csproj]
C:\Program Files\dotnet\sdk\10.0.201\Microsoft.Common.CurrentVersion.targets(2451,5): warning MSB3277:             C:\Program Files\dotnet\packs\Microsoft.NETCore.App.Ref\8.0.25\ref/net8.0/mscorlib.dll [C:\Users\ultra\warewolf\Dev\Dev2.Activities.Specs\Dev2.Activities.Specs.csproj]
C:\Program Files\dotnet\sdk\10.0.201\Microsoft.Common.CurrentVersion.targets(2451,5): warning MSB3277:             C:\Users\ultra\.nuget\packages\hangfire.core\1.7.32\lib\netstandard2.0\Hangfire.Core.dll [C:\Users\ultra\warewolf\Dev\Dev2.Activities.Specs\Dev2.Activities.Specs.csproj]
C:\Program Files\dotnet\sdk\10.0.201\Microsoft.Common.CurrentVersion.targets(2451,5): warning MSB3277:             C:\Users\ultra\.nuget\packages\hangfire.aspnetcore\1.7.32\lib\netcoreapp3.0\Hangfire.AspNetCore.dll [C:\Users\ultra\warewolf\Dev\Dev2.Activities.Specs\Dev2.Activities.Specs.csproj]
C:\Program Files\dotnet\sdk\10.0.201\Microsoft.Common.CurrentVersion.targets(2451,5): warning MSB3277:             C:\Users\ultra\.nuget\packages\hangfire.sqlserver\1.7.32\lib\netstandard2.0\Hangfire.SqlServer.dll [C:\Users\ultra\warewolf\Dev\Dev2.Activities.Specs\Dev2.Activities.Specs.csproj]
C:\Program Files\dotnet\sdk\10.0.201\Microsoft.Common.CurrentVersion.targets(2451,5): warning MSB3277:             C:\Users\ultra\.nuget\packages\microsoft.codecoverage\17.13.0\lib\netcoreapp3.1\Microsoft.VisualStudio.CodeCoverage.Shim.dll [C:\Users\ultra\warewolf\Dev\Dev2.Activities.Specs\Dev2.Activities.Specs.csproj]
C:\Program Files\dotnet\sdk\10.0.201\Microsoft.Common.CurrentVersion.targets(2451,5): warning MSB3277:             C:\Users\ultra\.nuget\packages\unofficial.microsoft.mshtml\7.0.3300\lib\net40\Microsoft.mshtml.dll [C:\Users\ultra\warewolf\Dev\Dev2.Activities.Specs\Dev2.Activities.Specs.csproj]
C:\Program Files\dotnet\sdk\10.0.201\Microsoft.Common.CurrentVersion.targets(2451,5): warning MSB3277:         C:\Program Files\dotnet\packs\Microsoft.NETCore.App.Ref\8.0.25\ref\net8.0\System.Drawing.dll [C:\Users\ultra\warewolf\Dev\Dev2.Activities.Specs\Dev2.Activities.Specs.csproj]
C:\Program Files\dotnet\sdk\10.0.201\Microsoft.Common.CurrentVersion.targets(2451,5): warning MSB3277:           Project file item includes which caused reference "C:\Program Files\dotnet\packs\Microsoft.NETCore.App.Ref\8.0.25\ref\net8.0\System.Drawing.dll". [C:\Users\ultra\warewolf\Dev\Dev2.Activities.Specs\Dev2.Activities.Specs.csproj]
C:\Program Files\dotnet\sdk\10.0.201\Microsoft.Common.CurrentVersion.targets(2451,5): warning MSB3277:             C:\Program Files\dotnet\packs\Microsoft.NETCore.App.Ref\8.0.25\ref/net8.0/System.Drawing.dll [C:\Users\ultra\warewolf\Dev\Dev2.Activities.Specs\Dev2.Activities.Specs.csproj]
C:\Program Files\dotnet\sdk\10.0.201\Microsoft.Common.CurrentVersion.targets(2451,5): warning MSB3277:             C:\Users\ultra\.nuget\packages\aerowizard\2.3.1\lib\net45\AeroWizard.dll [C:\Users\ultra\warewolf\Dev\Dev2.Activities.Specs\Dev2.Activities.Specs.csproj]
C:\Program Files\dotnet\sdk\10.0.201\Microsoft.Common.CurrentVersion.targets(2451,5): warning MSB3277:             C:\Users\ultra\.nuget\packages\avalonedit\6.3.0.90\lib\net462\ICSharpCode.AvalonEdit.dll [C:\Users\ultra\warewolf\Dev\Dev2.Activities.Specs\Dev2.Activities.Specs.csproj]
C:\Program Files\dotnet\sdk\10.0.201\Microsoft.Common.CurrentVersion.targets(2451,5): warning MSB3277:             C:\Users\ultra\.nuget\packages\groupcontrols\1.9.0\lib\net45\GroupControls.dll [C:\Users\ultra\warewolf\Dev\Dev2.Activities.Specs\Dev2.Activities.Specs.csproj]
C:\Program Files\dotnet\sdk\10.0.201\Microsoft.Common.CurrentVersion.targets(2451,5): warning MSB3277:             C:\Users\ultra\.nuget\packages\taskschedulereditor\2.10.1\lib\net452\Microsoft.Win32.TaskSchedulerEditor.dll [C:\Users\ultra\warewolf\Dev\Dev2.Activities.Specs\Dev2.Activities.Specs.csproj]
C:\Users\ultra\warewolf\Dev\Dev2.Runtime.Tests\WebServer\Controllers\TestUserWebServerController.cs(23,29): warning CS0169: The field 'TestUserWebServerController._user' is never used [C:\Users\ultra\warewolf\Dev\Dev2.Runtime.Tests\Dev2.Runtime.Tests.csproj]
C:\Users\ultra\warewolf\Dev\Dev2.Runtime.Tests\ESB\Control\EsbServicesEndpointTests.cs(96,58): warning CA1416: This call site is reachable on all platforms. 'WindowsIdentity.GetCurrent()' is only supported on: 'windows'. (https://learn.microsoft.com/dotnet/fundamentals/code-analysis/quality-rules/ca1416) [C:\Users\ultra\warewolf\Dev\Dev2.Runtime.Tests\Dev2.Runtime.Tests.csproj]
C:\Users\ultra\warewolf\Dev\Dev2.Runtime.Tests\ESB\Control\EsbServicesEndpointTests.cs(65,58): warning CA1416: This call site is reachable on all platforms. 'WindowsIdentity.GetCurrent()' is only supported on: 'windows'. (https://learn.microsoft.com/dotnet/fundamentals/code-analysis/quality-rules/ca1416) [C:\Users\ultra\warewolf\Dev\Dev2.Runtime.Tests\Dev2.Runtime.Tests.csproj]
C:\Users\ultra\warewolf\Dev\Dev2.Runtime.Tests\Services\WorkflowResumeTests.cs(346,46): warning CA1416: This call site is reachable on all platforms. 'WindowsIdentity.Name' is only supported on: 'windows'. (https://learn.microsoft.com/dotnet/fundamentals/code-analysis/quality-rules/ca1416) [C:\Users\ultra\warewolf\Dev\Dev2.Runtime.Tests\Dev2.Runtime.Tests.csproj]
C:\Users\ultra\warewolf\Dev\Dev2.Runtime.Tests\Services\WorkflowResumeTests.cs(387,46): warning CA1416: This call site is reachable on all platforms. 'WindowsIdentity.GetCurrent()' is only supported on: 'windows'. (https://learn.microsoft.com/dotnet/fundamentals/code-analysis/quality-rules/ca1416) [C:\Users\ultra\warewolf\Dev\Dev2.Runtime.Tests\Dev2.Runtime.Tests.csproj]
C:\Users\ultra\warewolf\Dev\Dev2.Runtime.Tests\Services\WorkflowResumeTests.cs(387,46): warning CA1416: This call site is reachable on all platforms. 'WindowsIdentity.Name' is only supported on: 'windows'. (https://learn.microsoft.com/dotnet/fundamentals/code-analysis/quality-rules/ca1416) [C:\Users\ultra\warewolf\Dev\Dev2.Runtime.Tests\Dev2.Runtime.Tests.csproj]
C:\Users\ultra\warewolf\Dev\Dev2.Runtime.Tests\Services\WorkflowResumeTests.cs(346,46): warning CA1416: This call site is reachable on all platforms. 'WindowsIdentity.GetCurrent()' is only supported on: 'windows'. (https://learn.microsoft.com/dotnet/fundamentals/code-analysis/quality-rules/ca1416) [C:\Users\ultra\warewolf\Dev\Dev2.Runtime.Tests\Dev2.Runtime.Tests.csproj]
C:\Users\ultra\warewolf\Dev\Dev2.Runtime.Tests\WebServer\DataObjectExtensionsTests.cs(1893,13): warning MSTEST0038: Use 'AreNotEqual' instead of 'AreNotSame' when comparing value types (https://learn.microsoft.com/dotnet/core/testing/mstest-analyzers/mstest0038) [C:\Users\ultra\warewolf\Dev\Dev2.Runtime.Tests\Dev2.Runtime.Tests.csproj]
  Dev2.Runtime.Tests -> C:\Users\ultra\warewolf\Dev\Dev2.Runtime.Tests\bin\Debug\net8.0\Dev2.Runtime.Tests.dll
  
  INFO: No tasks running with the specified criteria.
  
  INFO: No tasks running with the specified criteria.
  Dev2.Runtime.Tests -> C:\Users\ultra\warewolf\Bin\ServerTests-Windows\
C:\Program Files\dotnet\sdk\10.0.201\Microsoft.Common.CurrentVersion.targets(2451,5): warning MSB3277: Found conflicts between different versions of "WindowsBase" that could not be resolved. [C:\Users\ultra\warewolf\Dev\Dev2.IntegrationTests\Dev2.Integration.Tests.csproj]
C:\Program Files\dotnet\sdk\10.0.201\Microsoft.Common.CurrentVersion.targets(2451,5): warning MSB3277: There was a conflict between "WindowsBase, Version=4.0.0.0, Culture=neutral, PublicKeyToken=31bf3856ad364e35" and "WindowsBase, Version=6.0.2.0, Culture=neutral, PublicKeyToken=31bf3856ad364e35". [C:\Users\ultra\warewolf\Dev\Dev2.IntegrationTests\Dev2.Integration.Tests.csproj]
C:\Program Files\dotnet\sdk\10.0.201\Microsoft.Common.CurrentVersion.targets(2451,5): warning MSB3277:     "WindowsBase, Version=4.0.0.0, Culture=neutral, PublicKeyToken=31bf3856ad364e35" was chosen because it was primary and "WindowsBase, Version=6.0.2.0, Culture=neutral, PublicKeyToken=31bf3856ad364e35" was not. [C:\Users\ultra\warewolf\Dev\Dev2.IntegrationTests\Dev2.Integration.Tests.csproj]
C:\Program Files\dotnet\sdk\10.0.201\Microsoft.Common.CurrentVersion.targets(2451,5): warning MSB3277:     References which depend on "WindowsBase, Version=4.0.0.0, Culture=neutral, PublicKeyToken=31bf3856ad364e35" [C:\Program Files\dotnet\packs\Microsoft.NETCore.App.Ref\8.0.25\ref\net8.0\WindowsBase.dll]. [C:\Users\ultra\warewolf\Dev\Dev2.IntegrationTests\Dev2.Integration.Tests.csproj]
C:\Program Files\dotnet\sdk\10.0.201\Microsoft.Common.CurrentVersion.targets(2451,5): warning MSB3277:         C:\Program Files\dotnet\packs\Microsoft.NETCore.App.Ref\8.0.25\ref\net8.0\WindowsBase.dll [C:\Users\ultra\warewolf\Dev\Dev2.IntegrationTests\Dev2.Integration.Tests.csproj]
C:\Program Files\dotnet\sdk\10.0.201\Microsoft.Common.CurrentVersion.targets(2451,5): warning MSB3277:           Project file item includes which caused reference "C:\Program Files\dotnet\packs\Microsoft.NETCore.App.Ref\8.0.25\ref\net8.0\WindowsBase.dll". [C:\Users\ultra\warewolf\Dev\Dev2.IntegrationTests\Dev2.Integration.Tests.csproj]
C:\Program Files\dotnet\sdk\10.0.201\Microsoft.Common.CurrentVersion.targets(2451,5): warning MSB3277:             C:\Program Files\dotnet\packs\Microsoft.NETCore.App.Ref\8.0.25\ref/net8.0/WindowsBase.dll [C:\Users\ultra\warewolf\Dev\Dev2.IntegrationTests\Dev2.Integration.Tests.csproj]
C:\Program Files\dotnet\sdk\10.0.201\Microsoft.Common.CurrentVersion.targets(2451,5): warning MSB3277:     References which depend on or have been unified to "WindowsBase, Version=6.0.2.0, Culture=neutral, PublicKeyToken=31bf3856ad364e35" []. [C:\Users\ultra\warewolf\Dev\Dev2.IntegrationTests\Dev2.Integration.Tests.csproj]
C:\Program Files\dotnet\sdk\10.0.201\Microsoft.Common.CurrentVersion.targets(2451,5): warning MSB3277:         C:\Users\ultra\.nuget\packages\avalonedit\6.3.0.90\lib\net462\ICSharpCode.AvalonEdit.dll [C:\Users\ultra\warewolf\Dev\Dev2.IntegrationTests\Dev2.Integration.Tests.csproj]
C:\Program Files\dotnet\sdk\10.0.201\Microsoft.Common.CurrentVersion.targets(2451,5): warning MSB3277:           Project file item includes which caused reference "C:\Users\ultra\.nuget\packages\avalonedit\6.3.0.90\lib\net462\ICSharpCode.AvalonEdit.dll". [C:\Users\ultra\warewolf\Dev\Dev2.IntegrationTests\Dev2.Integration.Tests.csproj]
C:\Program Files\dotnet\sdk\10.0.201\Microsoft.Common.CurrentVersion.targets(2451,5): warning MSB3277:             C:\Users\ultra\.nuget\packages\avalonedit\6.3.0.90\lib\net462\ICSharpCode.AvalonEdit.dll [C:\Users\ultra\warewolf\Dev\Dev2.IntegrationTests\Dev2.Integration.Tests.csproj]
C:\Program Files\dotnet\sdk\10.0.201\Microsoft.Common.CurrentVersion.targets(2451,5): warning MSB3277:         C:\Users\ultra\.nuget\packages\caliburn.micro\4.0.212\lib\netcoreapp3.1\Caliburn.Micro.Platform.dll [C:\Users\ultra\warewolf\Dev\Dev2.IntegrationTests\Dev2.Integration.Tests.csproj]
C:\Program Files\dotnet\sdk\10.0.201\Microsoft.Common.CurrentVersion.targets(2451,5): warning MSB3277:           Project file item includes which caused reference "C:\Users\ultra\.nuget\packages\caliburn.micro\4.0.212\lib\netcoreapp3.1\Caliburn.Micro.Platform.dll". [C:\Users\ultra\warewolf\Dev\Dev2.IntegrationTests\Dev2.Integration.Tests.csproj]
C:\Program Files\dotnet\sdk\10.0.201\Microsoft.Common.CurrentVersion.targets(2451,5): warning MSB3277:             C:\Users\ultra\.nuget\packages\caliburn.micro\4.0.212\lib\netcoreapp3.1\Caliburn.Micro.Platform.dll [C:\Users\ultra\warewolf\Dev\Dev2.IntegrationTests\Dev2.Integration.Tests.csproj]
C:\Program Files\dotnet\sdk\10.0.201\Microsoft.Common.CurrentVersion.targets(2451,5): warning MSB3277:         C:\Users\ultra\.nuget\packages\extended.wpf.toolkit\4.4.0\lib\net5.0\Xceed.Wpf.AvalonDock.NET5.dll [C:\Users\ultra\warewolf\Dev\Dev2.IntegrationTests\Dev2.Integration.Tests.csproj]
C:\Program Files\dotnet\sdk\10.0.201\Microsoft.Common.CurrentVersion.targets(2451,5): warning MSB3277:           Project file item includes which caused reference "C:\Users\ultra\.nuget\packages\extended.wpf.toolkit\4.4.0\lib\net5.0\Xceed.Wpf.AvalonDock.NET5.dll". [C:\Users\ultra\warewolf\Dev\Dev2.IntegrationTests\Dev2.Integration.Tests.csproj]
C:\Program Files\dotnet\sdk\10.0.201\Microsoft.Common.CurrentVersion.targets(2451,5): warning MSB3277:             C:\Users\ultra\.nuget\packages\extended.wpf.toolkit\4.4.0\lib\net5.0\Xceed.Wpf.AvalonDock.NET5.dll [C:\Users\ultra\warewolf\Dev\Dev2.IntegrationTests\Dev2.Integration.Tests.csproj]
C:\Program Files\dotnet\sdk\10.0.201\Microsoft.Common.CurrentVersion.targets(2451,5): warning MSB3277:             C:\Users\ultra\.nuget\packages\extended.wpf.toolkit\4.4.0\lib\net5.0\Xceed.Wpf.AvalonDock.Themes.Aero.NET5.dll [C:\Users\ultra\warewolf\Dev\Dev2.IntegrationTests\Dev2.Integration.Tests.csproj]
C:\Program Files\dotnet\sdk\10.0.201\Microsoft.Common.CurrentVersion.targets(2451,5): warning MSB3277:             C:\Users\ultra\.nuget\packages\extended.wpf.toolkit\4.4.0\lib\net5.0\Xceed.Wpf.AvalonDock.Themes.Metro.NET5.dll [C:\Users\ultra\warewolf\Dev\Dev2.IntegrationTests\Dev2.Integration.Tests.csproj]
C:\Program Files\dotnet\sdk\10.0.201\Microsoft.Common.CurrentVersion.targets(2451,5): warning MSB3277:             C:\Users\ultra\.nuget\packages\extended.wpf.toolkit\4.4.0\lib\net5.0\Xceed.Wpf.AvalonDock.Themes.VS2010.NET5.dll [C:\Users\ultra\warewolf\Dev\Dev2.IntegrationTests\Dev2.Integration.Tests.csproj]
C:\Program Files\dotnet\sdk\10.0.201\Microsoft.Common.CurrentVersion.targets(2451,5): warning MSB3277:         C:\Users\ultra\.nuget\packages\extended.wpf.toolkit\4.4.0\lib\net5.0\Xceed.Wpf.AvalonDock.Themes.Aero.NET5.dll [C:\Users\ultra\warewolf\Dev\Dev2.IntegrationTests\Dev2.Integration.Tests.csproj]
C:\Program Files\dotnet\sdk\10.0.201\Microsoft.Common.CurrentVersion.targets(2451,5): warning MSB3277:           Project file item includes which caused reference "C:\Users\ultra\.nuget\packages\extended.wpf.toolkit\4.4.0\lib\net5.0\Xceed.Wpf.AvalonDock.Themes.Aero.NET5.dll". [C:\Users\ultra\warewolf\Dev\Dev2.IntegrationTests\Dev2.Integration.Tests.csproj]
C:\Program Files\dotnet\sdk\10.0.201\Microsoft.Common.CurrentVersion.targets(2451,5): warning MSB3277:             C:\Users\ultra\.nuget\packages\extended.wpf.toolkit\4.4.0\lib\net5.0\Xceed.Wpf.AvalonDock.Themes.Aero.NET5.dll [C:\Users\ultra\warewolf\Dev\Dev2.IntegrationTests\Dev2.Integration.Tests.csproj]
C:\Program Files\dotnet\sdk\10.0.201\Microsoft.Common.CurrentVersion.targets(2451,5): warning MSB3277:         C:\Users\ultra\.nuget\packages\extended.wpf.toolkit\4.4.0\lib\net5.0\Xceed.Wpf.Toolkit.NET5.dll [C:\Users\ultra\warewolf\Dev\Dev2.IntegrationTests\Dev2.Integration.Tests.csproj]
C:\Program Files\dotnet\sdk\10.0.201\Microsoft.Common.CurrentVersion.targets(2451,5): warning MSB3277:           Project file item includes which caused reference "C:\Users\ultra\.nuget\packages\extended.wpf.toolkit\4.4.0\lib\net5.0\Xceed.Wpf.Toolkit.NET5.dll". [C:\Users\ultra\warewolf\Dev\Dev2.IntegrationTests\Dev2.Integration.Tests.csproj]
C:\Program Files\dotnet\sdk\10.0.201\Microsoft.Common.CurrentVersion.targets(2451,5): warning MSB3277:             C:\Users\ultra\.nuget\packages\extended.wpf.toolkit\4.4.0\lib\net5.0\Xceed.Wpf.Toolkit.NET5.dll [C:\Users\ultra\warewolf\Dev\Dev2.IntegrationTests\Dev2.Integration.Tests.csproj]
C:\Program Files\dotnet\sdk\10.0.201\Microsoft.Common.CurrentVersion.targets(2451,5): warning MSB3277:         C:\Users\ultra\.nuget\packages\fontawesome.wpf\4.7.0.9\lib\net40\FontAwesome.WPF.dll [C:\Users\ultra\warewolf\Dev\Dev2.IntegrationTests\Dev2.Integration.Tests.csproj]
C:\Program Files\dotnet\sdk\10.0.201\Microsoft.Common.CurrentVersion.targets(2451,5): warning MSB3277:           Project file item includes which caused reference "C:\Users\ultra\.nuget\packages\fontawesome.wpf\4.7.0.9\lib\net40\FontAwesome.WPF.dll". [C:\Users\ultra\warewolf\Dev\Dev2.IntegrationTests\Dev2.Integration.Tests.csproj]
C:\Program Files\dotnet\sdk\10.0.201\Microsoft.Common.CurrentVersion.targets(2451,5): warning MSB3277:             C:\Users\ultra\.nuget\packages\fontawesome.wpf\4.7.0.9\lib\net40\FontAwesome.WPF.dll [C:\Users\ultra\warewolf\Dev\Dev2.IntegrationTests\Dev2.Integration.Tests.csproj]
C:\Program Files\dotnet\sdk\10.0.201\Microsoft.Common.CurrentVersion.targets(2451,5): warning MSB3277:         C:\Users\ultra\.nuget\packages\ironpython\3.4.0\lib\net6.0\IronPython.Wpf.dll [C:\Users\ultra\warewolf\Dev\Dev2.IntegrationTests\Dev2.Integration.Tests.csproj]
C:\Program Files\dotnet\sdk\10.0.201\Microsoft.Common.CurrentVersion.targets(2451,5): warning MSB3277:           Project file item includes which caused reference "C:\Users\ultra\.nuget\packages\ironpython\3.4.0\lib\net6.0\IronPython.Wpf.dll". [C:\Users\ultra\warewolf\Dev\Dev2.IntegrationTests\Dev2.Integration.Tests.csproj]
C:\Program Files\dotnet\sdk\10.0.201\Microsoft.Common.CurrentVersion.targets(2451,5): warning MSB3277:             C:\Users\ultra\.nuget\packages\ironpython\3.4.0\lib\net6.0\IronPython.Wpf.dll [C:\Users\ultra\warewolf\Dev\Dev2.IntegrationTests\Dev2.Integration.Tests.csproj]
C:\Program Files\dotnet\sdk\10.0.201\Microsoft.Common.CurrentVersion.targets(2451,5): warning MSB3277:         C:\Users\ultra\.nuget\packages\microsoft.xaml.behaviors.wpf\1.1.122\lib\net462\Microsoft.Xaml.Behaviors.dll [C:\Users\ultra\warewolf\Dev\Dev2.IntegrationTests\Dev2.Integration.Tests.csproj]
C:\Program Files\dotnet\sdk\10.0.201\Microsoft.Common.CurrentVersion.targets(2451,5): warning MSB3277:           Project file item includes which caused reference "C:\Users\ultra\.nuget\packages\microsoft.xaml.behaviors.wpf\1.1.122\lib\net462\Microsoft.Xaml.Behaviors.dll". [C:\Users\ultra\warewolf\Dev\Dev2.IntegrationTests\Dev2.Integration.Tests.csproj]
C:\Program Files\dotnet\sdk\10.0.201\Microsoft.Common.CurrentVersion.targets(2451,5): warning MSB3277:             C:\Users\ultra\.nuget\packages\microsoft.xaml.behaviors.wpf\1.1.122\lib\net462\Microsoft.Xaml.Behaviors.dll [C:\Users\ultra\warewolf\Dev\Dev2.IntegrationTests\Dev2.Integration.Tests.csproj]
C:\Program Files\dotnet\sdk\10.0.201\Microsoft.Common.CurrentVersion.targets(2451,5): warning MSB3277:             C:\Users\ultra\.nuget\packages\caliburn.micro\4.0.212\lib\netcoreapp3.1\Caliburn.Micro.Platform.dll [C:\Users\ultra\warewolf\Dev\Dev2.IntegrationTests\Dev2.Integration.Tests.csproj]
C:\Program Files\dotnet\sdk\10.0.201\Microsoft.Common.CurrentVersion.targets(2451,5): warning MSB3277:             C:\Users\ultra\.nuget\packages\prism.wpf\9.0.537\lib\net462\Prism.Wpf.dll [C:\Users\ultra\warewolf\Dev\Dev2.IntegrationTests\Dev2.Integration.Tests.csproj]
C:\Program Files\dotnet\sdk\10.0.201\Microsoft.Common.CurrentVersion.targets(2451,5): warning MSB3277:         C:\Users\ultra\.nuget\packages\prism.composition\5.0.0\lib\NET45\Microsoft.Practices.Prism.Composition.dll [C:\Users\ultra\warewolf\Dev\Dev2.IntegrationTests\Dev2.Integration.Tests.csproj]
C:\Program Files\dotnet\sdk\10.0.201\Microsoft.Common.CurrentVersion.targets(2451,5): warning MSB3277:           Project file item includes which caused reference "C:\Users\ultra\.nuget\packages\prism.composition\5.0.0\lib\NET45\Microsoft.Practices.Prism.Composition.dll". [C:\Users\ultra\warewolf\Dev\Dev2.IntegrationTests\Dev2.Integration.Tests.csproj]
C:\Program Files\dotnet\sdk\10.0.201\Microsoft.Common.CurrentVersion.targets(2451,5): warning MSB3277:             C:\Users\ultra\.nuget\packages\prism.composition\5.0.0\lib\NET45\Microsoft.Practices.Prism.Composition.dll [C:\Users\ultra\warewolf\Dev\Dev2.IntegrationTests\Dev2.Integration.Tests.csproj]
C:\Program Files\dotnet\sdk\10.0.201\Microsoft.Common.CurrentVersion.targets(2451,5): warning MSB3277:             C:\Users\ultra\.nuget\packages\prism.unityextensions\5.0.1\lib\NET45\Microsoft.Practices.Prism.UnityExtensions.dll [C:\Users\ultra\warewolf\Dev\Dev2.IntegrationTests\Dev2.Integration.Tests.csproj]
C:\Program Files\dotnet\sdk\10.0.201\Microsoft.Common.CurrentVersion.targets(2451,5): warning MSB3277:         C:\Users\ultra\.nuget\packages\prism.interactivity\5.0.0\lib\NET45\Microsoft.Practices.Prism.Interactivity.dll [C:\Users\ultra\warewolf\Dev\Dev2.IntegrationTests\Dev2.Integration.Tests.csproj]
C:\Program Files\dotnet\sdk\10.0.201\Microsoft.Common.CurrentVersion.targets(2451,5): warning MSB3277:           Project file item includes which caused reference "C:\Users\ultra\.nuget\packages\prism.interactivity\5.0.0\lib\NET45\Microsoft.Practices.Prism.Interactivity.dll". [C:\Users\ultra\warewolf\Dev\Dev2.IntegrationTests\Dev2.Integration.Tests.csproj]
C:\Program Files\dotnet\sdk\10.0.201\Microsoft.Common.CurrentVersion.targets(2451,5): warning MSB3277:             C:\Users\ultra\.nuget\packages\prism.interactivity\5.0.0\lib\NET45\Microsoft.Practices.Prism.Interactivity.dll [C:\Users\ultra\warewolf\Dev\Dev2.IntegrationTests\Dev2.Integration.Tests.csproj]
C:\Program Files\dotnet\sdk\10.0.201\Microsoft.Common.CurrentVersion.targets(2451,5): warning MSB3277:         C:\Users\ultra\.nuget\packages\prism.mvvm\1.0.0\lib\net45\Microsoft.Practices.Prism.Mvvm.Desktop.dll [C:\Users\ultra\warewolf\Dev\Dev2.IntegrationTests\Dev2.Integration.Tests.csproj]
C:\Program Files\dotnet\sdk\10.0.201\Microsoft.Common.CurrentVersion.targets(2451,5): warning MSB3277:           Project file item includes which caused reference "C:\Users\ultra\.nuget\packages\prism.mvvm\1.0.0\lib\net45\Microsoft.Practices.Prism.Mvvm.Desktop.dll". [C:\Users\ultra\warewolf\Dev\Dev2.IntegrationTests\Dev2.Integration.Tests.csproj]
C:\Program Files\dotnet\sdk\10.0.201\Microsoft.Common.CurrentVersion.targets(2451,5): warning MSB3277:             C:\Users\ultra\.nuget\packages\prism.mvvm\1.0.0\lib\net45\Microsoft.Practices.Prism.Mvvm.Desktop.dll [C:\Users\ultra\warewolf\Dev\Dev2.IntegrationTests\Dev2.Integration.Tests.csproj]
C:\Program Files\dotnet\sdk\10.0.201\Microsoft.Common.CurrentVersion.targets(2451,5): warning MSB3277:         C:\Users\ultra\.nuget\packages\prism.unityextensions\5.0.1\lib\NET45\Microsoft.Practices.Prism.UnityExtensions.dll [C:\Users\ultra\warewolf\Dev\Dev2.IntegrationTests\Dev2.Integration.Tests.csproj]
C:\Program Files\dotnet\sdk\10.0.201\Microsoft.Common.CurrentVersion.targets(2451,5): warning MSB3277:           Project file item includes which caused reference "C:\Users\ultra\.nuget\packages\prism.unityextensions\5.0.1\lib\NET45\Microsoft.Practices.Prism.UnityExtensions.dll". [C:\Users\ultra\warewolf\Dev\Dev2.IntegrationTests\Dev2.Integration.Tests.csproj]
C:\Program Files\dotnet\sdk\10.0.201\Microsoft.Common.CurrentVersion.targets(2451,5): warning MSB3277:             C:\Users\ultra\.nuget\packages\prism.unityextensions\5.0.1\lib\NET45\Microsoft.Practices.Prism.UnityExtensions.dll [C:\Users\ultra\warewolf\Dev\Dev2.IntegrationTests\Dev2.Integration.Tests.csproj]
C:\Program Files\dotnet\sdk\10.0.201\Microsoft.Common.CurrentVersion.targets(2451,5): warning MSB3277:         C:\Users\ultra\.nuget\packages\prism.wpf\9.0.537\lib\net462\Prism.Wpf.dll [C:\Users\ultra\warewolf\Dev\Dev2.IntegrationTests\Dev2.Integration.Tests.csproj]
C:\Program Files\dotnet\sdk\10.0.201\Microsoft.Common.CurrentVersion.targets(2451,5): warning MSB3277:           Project file item includes which caused reference "C:\Users\ultra\.nuget\packages\prism.wpf\9.0.537\lib\net462\Prism.Wpf.dll". [C:\Users\ultra\warewolf\Dev\Dev2.IntegrationTests\Dev2.Integration.Tests.csproj]
C:\Program Files\dotnet\sdk\10.0.201\Microsoft.Common.CurrentVersion.targets(2451,5): warning MSB3277:             C:\Users\ultra\.nuget\packages\prism.wpf\9.0.537\lib\net462\Prism.Wpf.dll [C:\Users\ultra\warewolf\Dev\Dev2.IntegrationTests\Dev2.Integration.Tests.csproj]
C:\Program Files\dotnet\sdk\10.0.201\Microsoft.Common.CurrentVersion.targets(2451,5): warning MSB3277:         C:\Users\ultra\.nuget\packages\reactiveui.wpf\18.4.1\lib\net462\ReactiveUI.Wpf.dll [C:\Users\ultra\warewolf\Dev\Dev2.IntegrationTests\Dev2.Integration.Tests.csproj]
C:\Program Files\dotnet\sdk\10.0.201\Microsoft.Common.CurrentVersion.targets(2451,5): warning MSB3277:           Project file item includes which caused reference "C:\Users\ultra\.nuget\packages\reactiveui.wpf\18.4.1\lib\net462\ReactiveUI.Wpf.dll". [C:\Users\ultra\warewolf\Dev\Dev2.IntegrationTests\Dev2.Integration.Tests.csproj]
C:\Program Files\dotnet\sdk\10.0.201\Microsoft.Common.CurrentVersion.targets(2451,5): warning MSB3277:             C:\Users\ultra\.nuget\packages\reactiveui.wpf\18.4.1\lib\net462\ReactiveUI.Wpf.dll [C:\Users\ultra\warewolf\Dev\Dev2.IntegrationTests\Dev2.Integration.Tests.csproj]
C:\Program Files\dotnet\sdk\10.0.201\Microsoft.Common.CurrentVersion.targets(2451,5): warning MSB3277: Found conflicts between different versions of "System.Drawing.Common" that could not be resolved. [C:\Users\ultra\warewolf\Dev\Dev2.IntegrationTests\Dev2.Integration.Tests.csproj]
C:\Program Files\dotnet\sdk\10.0.201\Microsoft.Common.CurrentVersion.targets(2451,5): warning MSB3277: There was a conflict between "System.Drawing.Common, Version=6.0.0.0, Culture=neutral, PublicKeyToken=cc7b13ffcd2ddd51" and "System.Drawing.Common, Version=8.0.0.0, Culture=neutral, PublicKeyToken=cc7b13ffcd2ddd51". [C:\Users\ultra\warewolf\Dev\Dev2.IntegrationTests\Dev2.Integration.Tests.csproj]
C:\Program Files\dotnet\sdk\10.0.201\Microsoft.Common.CurrentVersion.targets(2451,5): warning MSB3277:     "System.Drawing.Common, Version=6.0.0.0, Culture=neutral, PublicKeyToken=cc7b13ffcd2ddd51" was chosen because it was primary and "System.Drawing.Common, Version=8.0.0.0, Culture=neutral, PublicKeyToken=cc7b13ffcd2ddd51" was not. [C:\Users\ultra\warewolf\Dev\Dev2.IntegrationTests\Dev2.Integration.Tests.csproj]
C:\Program Files\dotnet\sdk\10.0.201\Microsoft.Common.CurrentVersion.targets(2451,5): warning MSB3277:     References which depend on "System.Drawing.Common, Version=6.0.0.0, Culture=neutral, PublicKeyToken=cc7b13ffcd2ddd51" [C:\Users\ultra\.nuget\packages\system.drawing.common\6.0.0\lib\net6.0\System.Drawing.Common.dll]. [C:\Users\ultra\warewolf\Dev\Dev2.IntegrationTests\Dev2.Integration.Tests.csproj]
C:\Program Files\dotnet\sdk\10.0.201\Microsoft.Common.CurrentVersion.targets(2451,5): warning MSB3277:         C:\Users\ultra\.nuget\packages\system.drawing.common\6.0.0\lib\net6.0\System.Drawing.Common.dll [C:\Users\ultra\warewolf\Dev\Dev2.IntegrationTests\Dev2.Integration.Tests.csproj]
C:\Program Files\dotnet\sdk\10.0.201\Microsoft.Common.CurrentVersion.targets(2451,5): warning MSB3277:           Project file item includes which caused reference "C:\Users\ultra\.nuget\packages\system.drawing.common\6.0.0\lib\net6.0\System.Drawing.Common.dll". [C:\Users\ultra\warewolf\Dev\Dev2.IntegrationTests\Dev2.Integration.Tests.csproj]
C:\Program Files\dotnet\sdk\10.0.201\Microsoft.Common.CurrentVersion.targets(2451,5): warning MSB3277:             C:\Users\ultra\.nuget\packages\system.drawing.common\6.0.0\lib\net6.0\System.Drawing.Common.dll [C:\Users\ultra\warewolf\Dev\Dev2.IntegrationTests\Dev2.Integration.Tests.csproj]
C:\Program Files\dotnet\sdk\10.0.201\Microsoft.Common.CurrentVersion.targets(2451,5): warning MSB3277:     References which depend on or have been unified to "System.Drawing.Common, Version=8.0.0.0, Culture=neutral, PublicKeyToken=cc7b13ffcd2ddd51" []. [C:\Users\ultra\warewolf\Dev\Dev2.IntegrationTests\Dev2.Integration.Tests.csproj]
C:\Program Files\dotnet\sdk\10.0.201\Microsoft.Common.CurrentVersion.targets(2451,5): warning MSB3277:         C:\Users\ultra\.nuget\packages\servicestack\6.3.0\lib\net6.0\ServiceStack.dll [C:\Users\ultra\warewolf\Dev\Dev2.IntegrationTests\Dev2.Integration.Tests.csproj]
C:\Program Files\dotnet\sdk\10.0.201\Microsoft.Common.CurrentVersion.targets(2451,5): warning MSB3277:           Project file item includes which caused reference "C:\Users\ultra\.nuget\packages\servicestack\6.3.0\lib\net6.0\ServiceStack.dll". [C:\Users\ultra\warewolf\Dev\Dev2.IntegrationTests\Dev2.Integration.Tests.csproj]
C:\Program Files\dotnet\sdk\10.0.201\Microsoft.Common.CurrentVersion.targets(2451,5): warning MSB3277:             C:\Users\ultra\.nuget\packages\servicestack\6.3.0\lib\net6.0\ServiceStack.dll [C:\Users\ultra\warewolf\Dev\Dev2.IntegrationTests\Dev2.Integration.Tests.csproj]
C:\Program Files\dotnet\sdk\10.0.201\Microsoft.Common.CurrentVersion.targets(2451,5): warning MSB3277:         C:\Users\ultra\.nuget\packages\system.windows.extensions\8.0.0\lib\net8.0\System.Windows.Extensions.dll [C:\Users\ultra\warewolf\Dev\Dev2.IntegrationTests\Dev2.Integration.Tests.csproj]
C:\Program Files\dotnet\sdk\10.0.201\Microsoft.Common.CurrentVersion.targets(2451,5): warning MSB3277:           Project file item includes which caused reference "C:\Users\ultra\.nuget\packages\system.windows.extensions\8.0.0\lib\net8.0\System.Windows.Extensions.dll". [C:\Users\ultra\warewolf\Dev\Dev2.IntegrationTests\Dev2.Integration.Tests.csproj]
C:\Program Files\dotnet\sdk\10.0.201\Microsoft.Common.CurrentVersion.targets(2451,5): warning MSB3277:             C:\Users\ultra\.nuget\packages\system.windows.extensions\8.0.0\lib\net8.0\System.Windows.Extensions.dll [C:\Users\ultra\warewolf\Dev\Dev2.IntegrationTests\Dev2.Integration.Tests.csproj]
C:\Program Files\dotnet\sdk\10.0.201\Microsoft.Common.CurrentVersion.targets(2451,5): warning MSB3277:             C:\Users\ultra\.nuget\packages\extended.wpf.toolkit\4.4.0\lib\net5.0\Xceed.Wpf.Toolkit.NET5.dll [C:\Users\ultra\warewolf\Dev\Dev2.IntegrationTests\Dev2.Integration.Tests.csproj]
C:\Program Files\dotnet\sdk\10.0.201\Microsoft.Common.CurrentVersion.targets(2451,5): warning MSB3277:             C:\Users\ultra\.nuget\packages\system.security.permissions\8.0.0\lib\net8.0\System.Security.Permissions.dll [C:\Users\ultra\warewolf\Dev\Dev2.IntegrationTests\Dev2.Integration.Tests.csproj]
C:\Program Files\dotnet\sdk\10.0.201\Microsoft.Common.CurrentVersion.targets(2451,5): warning MSB3277:             C:\Users\ultra\warewolf\Dev\Dev2.Data\bin\Debug\net8.0\Dev2.Data.dll [C:\Users\ultra\warewolf\Dev\Dev2.IntegrationTests\Dev2.Integration.Tests.csproj]
C:\Program Files\dotnet\sdk\10.0.201\Microsoft.Common.CurrentVersion.targets(2451,5): warning MSB3277:             C:\Users\ultra\warewolf\Dev\Dev2.Activities\bin\Debug\net8.0\Dev2.Activities.dll [C:\Users\ultra\warewolf\Dev\Dev2.IntegrationTests\Dev2.Integration.Tests.csproj]
C:\Program Files\dotnet\sdk\10.0.201\Microsoft.Common.CurrentVersion.targets(2451,5): warning MSB3277:             C:\Users\ultra\warewolf\Dev\Dev2.Core\bin\Debug\net8.0\Dev2.Core.dll [C:\Users\ultra\warewolf\Dev\Dev2.IntegrationTests\Dev2.Integration.Tests.csproj]
C:\Program Files\dotnet\sdk\10.0.201\Microsoft.Common.CurrentVersion.targets(2451,5): warning MSB3277:             C:\Users\ultra\warewolf\Dev\Dev2.Infrastructure.Tests\bin\Debug\net8.0\Dev2.Infrastructure.Tests.dll [C:\Users\ultra\warewolf\Dev\Dev2.IntegrationTests\Dev2.Integration.Tests.csproj]
C:\Program Files\dotnet\sdk\10.0.201\Microsoft.Common.CurrentVersion.targets(2451,5): warning MSB3277:             C:\Users\ultra\warewolf\Dev\Dev2.Runtime.Services\bin\Debug\net8.0\Dev2.Runtime.Services.dll [C:\Users\ultra\warewolf\Dev\Dev2.IntegrationTests\Dev2.Integration.Tests.csproj]
C:\Program Files\dotnet\sdk\10.0.201\Microsoft.Common.CurrentVersion.targets(2451,5): warning MSB3277:             C:\Users\ultra\warewolf\Dev\Dev2.Runtime.Tests\bin\Debug\net8.0\Dev2.Runtime.Tests.dll [C:\Users\ultra\warewolf\Dev\Dev2.IntegrationTests\Dev2.Integration.Tests.csproj]
C:\Program Files\dotnet\sdk\10.0.201\Microsoft.Common.CurrentVersion.targets(2451,5): warning MSB3277:             C:\Users\ultra\warewolf\Dev\Dev2.Runtime\bin\Debug\net8.0\Dev2.Runtime.dll [C:\Users\ultra\warewolf\Dev\Dev2.IntegrationTests\Dev2.Integration.Tests.csproj]
C:\Program Files\dotnet\sdk\10.0.201\Microsoft.Common.CurrentVersion.targets(2451,5): warning MSB3277:             C:\Users\ultra\warewolf\Dev\Dev2.Server\bin\Debug\net8.0\Warewolf Server.dll [C:\Users\ultra\warewolf\Dev\Dev2.IntegrationTests\Dev2.Integration.Tests.csproj]
C:\Program Files\dotnet\sdk\10.0.201\Microsoft.Common.CurrentVersion.targets(2451,5): warning MSB3277:             C:\Users\ultra\warewolf\Dev\Dev2.Studio.Core\bin\Debug\net8.0\Dev2.Studio.Core.dll [C:\Users\ultra\warewolf\Dev\Dev2.IntegrationTests\Dev2.Integration.Tests.csproj]
C:\Program Files\dotnet\sdk\10.0.201\Microsoft.Common.CurrentVersion.targets(2451,5): warning MSB3277:             C:\Users\ultra\warewolf\Dev\Dev2.Studio.Interfaces\bin\Debug\net8.0\Dev2.Studio.Interfaces.dll [C:\Users\ultra\warewolf\Dev\Dev2.IntegrationTests\Dev2.Integration.Tests.csproj]
C:\Program Files\dotnet\sdk\10.0.201\Microsoft.Common.CurrentVersion.targets(2451,5): warning MSB3277:             C:\Users\ultra\warewolf\Dev\TestBase\bin\Debug\net8.0\TestBase.dll [C:\Users\ultra\warewolf\Dev\Dev2.IntegrationTests\Dev2.Integration.Tests.csproj]
C:\Program Files\dotnet\sdk\10.0.201\Microsoft.Common.CurrentVersion.targets(2451,5): warning MSB3277:             C:\Users\ultra\warewolf\Dev\Warewolf.Core\bin\Debug\net8.0\Warewolf.Core.dll [C:\Users\ultra\warewolf\Dev\Dev2.IntegrationTests\Dev2.Integration.Tests.csproj]
C:\Program Files\dotnet\sdk\10.0.201\Microsoft.Common.CurrentVersion.targets(2451,5): warning MSB3277:             C:\Users\ultra\warewolf\Dev\Warewolf.Studio.ViewModels\bin\Debug\net8.0\Warewolf.Studio.ViewModels.dll [C:\Users\ultra\warewolf\Dev\Dev2.IntegrationTests\Dev2.Integration.Tests.csproj]
C:\Program Files\dotnet\sdk\10.0.201\Microsoft.Common.CurrentVersion.targets(2451,5): warning MSB3277:             C:\Users\ultra\warewolf\Dev\Dev2.Activities.Tests\bin\Debug\net8.0\Dev2.Activities.Tests.dll [C:\Users\ultra\warewolf\Dev\Dev2.IntegrationTests\Dev2.Integration.Tests.csproj]
C:\Program Files\dotnet\sdk\10.0.201\Microsoft.Common.CurrentVersion.targets(2451,5): warning MSB3277:             C:\Users\ultra\warewolf\Dev\Dev2.Common.Tests\bin\Debug\net8.0\Dev2.Common.Tests.dll [C:\Users\ultra\warewolf\Dev\Dev2.IntegrationTests\Dev2.Integration.Tests.csproj]
C:\Program Files\dotnet\sdk\10.0.201\Microsoft.Common.CurrentVersion.targets(2451,5): warning MSB3277:             C:\Users\ultra\warewolf\Dev\Dev2.Diagnostics.Tests\bin\Debug\net8.0\Dev2.Diagnostics.Tests.dll [C:\Users\ultra\warewolf\Dev\Dev2.IntegrationTests\Dev2.Integration.Tests.csproj]
C:\Program Files\dotnet\sdk\10.0.201\Microsoft.Common.CurrentVersion.targets(2451,5): warning MSB3277:             C:\Users\ultra\warewolf\Dev\Dev2.Intellisense\bin\Debug\net8.0\Dev2.Intellisense.dll [C:\Users\ultra\warewolf\Dev\Dev2.IntegrationTests\Dev2.Integration.Tests.csproj]
C:\Program Files\dotnet\sdk\10.0.201\Microsoft.Common.CurrentVersion.targets(2451,5): warning MSB3277:             C:\Users\ultra\warewolf\Dev\Dev2.Runtime.WebServer\bin\Debug\net8.0\Dev2.Runtime.WebServer.dll [C:\Users\ultra\warewolf\Dev\Dev2.IntegrationTests\Dev2.Integration.Tests.csproj]
C:\Program Files\dotnet\sdk\10.0.201\Microsoft.Common.CurrentVersion.targets(2451,5): warning MSB3277:             C:\Users\ultra\warewolf\Dev\Dev2.Scheduler\bin\Debug\net8.0\Dev2.Scheduler.dll [C:\Users\ultra\warewolf\Dev\Dev2.IntegrationTests\Dev2.Integration.Tests.csproj]
C:\Program Files\dotnet\sdk\10.0.201\Microsoft.Common.CurrentVersion.targets(2451,5): warning MSB3277:             C:\Users\ultra\warewolf\Dev\Dev2.Services.Execution\bin\Debug\net8.0\Dev2.Services.Execution.dll [C:\Users\ultra\warewolf\Dev\Dev2.IntegrationTests\Dev2.Integration.Tests.csproj]
C:\Program Files\dotnet\sdk\10.0.201\Microsoft.Common.CurrentVersion.targets(2451,5): warning MSB3277:             C:\Users\ultra\warewolf\Dev\Warewolf.HangfireServer\bin\Debug\net8.0\HangfireServer.dll [C:\Users\ultra\warewolf\Dev\Dev2.IntegrationTests\Dev2.Integration.Tests.csproj]
C:\Program Files\dotnet\sdk\10.0.201\Microsoft.Common.CurrentVersion.targets(2451,5): warning MSB3277:             C:\Users\ultra\warewolf\Dev\Warewolf.QueueWorker\bin\Debug\net8.0\QueueWorker.dll [C:\Users\ultra\warewolf\Dev\Dev2.IntegrationTests\Dev2.Integration.Tests.csproj]
C:\Program Files\dotnet\sdk\10.0.201\Microsoft.Common.CurrentVersion.targets(2451,5): warning MSB3277:             C:\Users\ultra\warewolf\Dev\Dev2.Studio\bin\Debug\net8.0\Warewolf Studio.dll [C:\Users\ultra\warewolf\Dev\Dev2.IntegrationTests\Dev2.Integration.Tests.csproj]
C:\Program Files\dotnet\sdk\10.0.201\Microsoft.Common.CurrentVersion.targets(2451,5): warning MSB3277:             C:\Users\ultra\warewolf\Dev\Warewolf.Auditing\bin\Debug\net8.0\Warewolf.Auditing.dll [C:\Users\ultra\warewolf\Dev\Dev2.IntegrationTests\Dev2.Integration.Tests.csproj]
C:\Program Files\dotnet\sdk\10.0.201\Microsoft.Common.CurrentVersion.targets(2451,5): warning MSB3277:             C:\Users\ultra\warewolf\Dev\Warewolf.Common.Framework48\bin\Debug\net8.0\Warewolf.Common.Framework48.dll [C:\Users\ultra\warewolf\Dev\Dev2.IntegrationTests\Dev2.Integration.Tests.csproj]
C:\Program Files\dotnet\sdk\10.0.201\Microsoft.Common.CurrentVersion.targets(2451,5): warning MSB3277:             C:\Users\ultra\warewolf\Dev\Warewolf.Common.NetStandard20\bin\Debug\net8.0\Warewolf.Common.NetStandard20.dll [C:\Users\ultra\warewolf\Dev\Dev2.IntegrationTests\Dev2.Integration.Tests.csproj]
C:\Program Files\dotnet\sdk\10.0.201\Microsoft.Common.CurrentVersion.targets(2451,5): warning MSB3277:             C:\Users\ultra\warewolf\Dev\Warewolf.Core.Tests\bin\Debug\net8.0\Warewolf.Core.Tests.dll [C:\Users\ultra\warewolf\Dev\Dev2.IntegrationTests\Dev2.Integration.Tests.csproj]
C:\Program Files\dotnet\sdk\10.0.201\Microsoft.Common.CurrentVersion.targets(2451,5): warning MSB3277:             C:\Users\ultra\warewolf\Dev\Warewolf.Driver.Persistence\bin\Debug\net8.0\Warewolf.Driver.Persistence.dll [C:\Users\ultra\warewolf\Dev\Dev2.IntegrationTests\Dev2.Integration.Tests.csproj]
C:\Program Files\dotnet\sdk\10.0.201\Microsoft.Common.CurrentVersion.targets(2451,5): warning MSB3277:             C:\Users\ultra\warewolf\Dev\Warewolf.Exchange.Email.Wrapper\bin\Debug\net8.0\Warewolf.Exchange.Email.Wrapper.dll [C:\Users\ultra\warewolf\Dev\Dev2.IntegrationTests\Dev2.Integration.Tests.csproj]
C:\Program Files\dotnet\sdk\10.0.201\Microsoft.Common.CurrentVersion.targets(2451,5): warning MSB3277:             C:\Users\ultra\warewolf\Dev\Warewolf.MergeParser.Tests\bin\Debug\net8.0\Warewolf.MergeParser.Tests.dll [C:\Users\ultra\warewolf\Dev\Dev2.IntegrationTests\Dev2.Integration.Tests.csproj]
C:\Program Files\dotnet\sdk\10.0.201\Microsoft.Common.CurrentVersion.targets(2451,5): warning MSB3277:             C:\Users\ultra\warewolf\Dev\Warewolf.ResourceManagement\bin\Debug\net8.0\Warewolf.ResourceManagement.dll [C:\Users\ultra\warewolf\Dev\Dev2.IntegrationTests\Dev2.Integration.Tests.csproj]
C:\Program Files\dotnet\sdk\10.0.201\Microsoft.Common.CurrentVersion.targets(2451,5): warning MSB3277:             C:\Users\ultra\warewolf\Dev\Warewolf.Studio.Core\bin\Debug\net8.0\Warewolf.Studio.Core.dll [C:\Users\ultra\warewolf\Dev\Dev2.IntegrationTests\Dev2.Integration.Tests.csproj]
C:\Program Files\dotnet\sdk\10.0.201\Microsoft.Common.CurrentVersion.targets(2451,5): warning MSB3277:             C:\Users\ultra\warewolf\Dev\Warewolf.Studio.CustomControls\bin\Debug\net8.0\Warewolf.Studio.CustomControls.dll [C:\Users\ultra\warewolf\Dev\Dev2.IntegrationTests\Dev2.Integration.Tests.csproj]
C:\Program Files\dotnet\sdk\10.0.201\Microsoft.Common.CurrentVersion.targets(2451,5): warning MSB3277:             C:\Users\ultra\warewolf\Dev\Warewolf.Studio.Models\bin\Debug\net8.0\Warewolf.Studio.Models.dll [C:\Users\ultra\warewolf\Dev\Dev2.IntegrationTests\Dev2.Integration.Tests.csproj]
C:\Program Files\dotnet\sdk\10.0.201\Microsoft.Common.CurrentVersion.targets(2451,5): warning MSB3277:             C:\Users\ultra\warewolf\Dev\Warewolf.Testing\bin\Debug\net8.0\Warewolf.Testing.dll [C:\Users\ultra\warewolf\Dev\Dev2.IntegrationTests\Dev2.Integration.Tests.csproj]
C:\Program Files\dotnet\sdk\10.0.201\Microsoft.Common.CurrentVersion.targets(2451,5): warning MSB3277:             C:\Users\ultra\warewolf\Dev\Warewolf.Trigger.Queue\bin\Debug\net8.0\Warewolf.Trigger.Queue.dll [C:\Users\ultra\warewolf\Dev\Dev2.IntegrationTests\Dev2.Integration.Tests.csproj]
C:\Program Files\dotnet\sdk\10.0.201\Microsoft.Common.CurrentVersion.targets(2451,5): warning MSB3277:             C:\Users\ultra\warewolf\Dev\Warewolf.UI\bin\Debug\net8.0\Warewolf.UI.dll [C:\Users\ultra\warewolf\Dev\Dev2.IntegrationTests\Dev2.Integration.Tests.csproj]
C:\Program Files\dotnet\sdk\10.0.201\Microsoft.Common.CurrentVersion.targets(2451,5): warning MSB3277:             C:\Users\ultra\warewolf\Dev\Warewolf.Logger\bin\Debug\net8.0\WarewolfLogger.dll [C:\Users\ultra\warewolf\Dev\Dev2.IntegrationTests\Dev2.Integration.Tests.csproj]
C:\Program Files\dotnet\sdk\10.0.201\Microsoft.Common.CurrentVersion.targets(2451,5): warning MSB3277:             C:\Users\ultra\.nuget\packages\dotnetzip\1.16.0\lib\netstandard2.0\DotNetZip.dll [C:\Users\ultra\warewolf\Dev\Dev2.IntegrationTests\Dev2.Integration.Tests.csproj]
C:\Program Files\dotnet\sdk\10.0.201\Microsoft.Common.CurrentVersion.targets(2451,5): warning MSB3277:             C:\Users\ultra\warewolf\Dev\Dev2.Common\bin\Debug\net8.0\Dev2.Common.dll [C:\Users\ultra\warewolf\Dev\Dev2.IntegrationTests\Dev2.Integration.Tests.csproj]
C:\Program Files\dotnet\sdk\10.0.201\Microsoft.Common.CurrentVersion.targets(2451,5): warning MSB3277:             C:\Users\ultra\warewolf\Dev\Dev2.Data.Interfaces\bin\Debug\net8.0\Dev2.Data.Interfaces.dll [C:\Users\ultra\warewolf\Dev\Dev2.IntegrationTests\Dev2.Integration.Tests.csproj]
C:\Program Files\dotnet\sdk\10.0.201\Microsoft.Common.CurrentVersion.targets(2451,5): warning MSB3277:             C:\Users\ultra\warewolf\Dev\Dev2.Development.Languages\bin\Debug\net8.0\Dev2.Development.Languages.dll [C:\Users\ultra\warewolf\Dev\Dev2.IntegrationTests\Dev2.Integration.Tests.csproj]
C:\Program Files\dotnet\sdk\10.0.201\Microsoft.Common.CurrentVersion.targets(2451,5): warning MSB3277:             C:\Users\ultra\warewolf\Dev\Dev2.Diagnostics\bin\Debug\net8.0\Dev2.Diagnostics.dll [C:\Users\ultra\warewolf\Dev\Dev2.IntegrationTests\Dev2.Integration.Tests.csproj]
C:\Program Files\dotnet\sdk\10.0.201\Microsoft.Common.CurrentVersion.targets(2451,5): warning MSB3277:             C:\Users\ultra\warewolf\Dev\Dev2.Infrastructure\bin\Debug\net8.0\Dev2.Infrastructure.dll [C:\Users\ultra\warewolf\Dev\Dev2.IntegrationTests\Dev2.Integration.Tests.csproj]
C:\Program Files\dotnet\sdk\10.0.201\Microsoft.Common.CurrentVersion.targets(2451,5): warning MSB3277:             C:\Users\ultra\warewolf\Dev\Dev2.Services.Sql\bin\Debug\net8.0\Dev2.Services.Sql.dll [C:\Users\ultra\warewolf\Dev\Dev2.IntegrationTests\Dev2.Integration.Tests.csproj]
C:\Program Files\dotnet\sdk\10.0.201\Microsoft.Common.CurrentVersion.targets(2451,5): warning MSB3277:             C:\Users\ultra\warewolf\Dev\Dev2.Util\bin\Debug\net8.0\Dev2.Util.dll [C:\Users\ultra\warewolf\Dev\Dev2.IntegrationTests\Dev2.Integration.Tests.csproj]
C:\Program Files\dotnet\sdk\10.0.201\Microsoft.Common.CurrentVersion.targets(2451,5): warning MSB3277:             C:\Users\ultra\warewolf\Dev\Warewolf.Storage\bin\Debug\net8.0\Warewolf.Storage.dll [C:\Users\ultra\warewolf\Dev\Dev2.IntegrationTests\Dev2.Integration.Tests.csproj]
C:\Program Files\dotnet\sdk\10.0.201\Microsoft.Common.CurrentVersion.targets(2451,5): warning MSB3277:             C:\Users\ultra\warewolf\Dev\Dev2.TaskScheduler.Wrappers\bin\Debug\net8.0\Dev2.TaskScheduler.Wrappers.dll [C:\Users\ultra\warewolf\Dev\Dev2.IntegrationTests\Dev2.Integration.Tests.csproj]
C:\Program Files\dotnet\sdk\10.0.201\Microsoft.Common.CurrentVersion.targets(2451,5): warning MSB3277:             C:\Users\ultra\warewolf\Dev\Warewolf.AI.Harness\bin\Debug\net8.0\Warewolf.AI.Harness.dll [C:\Users\ultra\warewolf\Dev\Dev2.IntegrationTests\Dev2.Integration.Tests.csproj]
C:\Program Files\dotnet\sdk\10.0.201\Microsoft.Common.CurrentVersion.targets(2451,5): warning MSB3277:             C:\Users\ultra\warewolf\Dev\Warewolf.Driver.Serilog\bin\Debug\net8.0\Warewolf.Driver.Serilog.dll [C:\Users\ultra\warewolf\Dev\Dev2.IntegrationTests\Dev2.Integration.Tests.csproj]
C:\Program Files\dotnet\sdk\10.0.201\Microsoft.Common.CurrentVersion.targets(2451,5): warning MSB3277:             C:\Users\ultra\warewolf\Dev\Warewolf.PerfMon\bin\Debug\net8.0\Warewolf.PerfMon.dll [C:\Users\ultra\warewolf\Dev\Dev2.IntegrationTests\Dev2.Integration.Tests.csproj]
C:\Program Files\dotnet\sdk\10.0.201\Microsoft.Common.CurrentVersion.targets(2451,5): warning MSB3277:             C:\Users\ultra\warewolf\Dev\Warewolf.Sharepoint\bin\Debug\net8.0\Warewolf.Sharepoint.dll [C:\Users\ultra\warewolf\Dev\Dev2.IntegrationTests\Dev2.Integration.Tests.csproj]
C:\Program Files\dotnet\sdk\10.0.201\Microsoft.Common.CurrentVersion.targets(2451,5): warning MSB3277:             C:\Users\ultra\.nuget\packages\mindbox.data.linq\5.0.0\lib\netstandard2.0\Mindbox.Data.Linq.dll [C:\Users\ultra\warewolf\Dev\Dev2.IntegrationTests\Dev2.Integration.Tests.csproj]
C:\Program Files\dotnet\sdk\10.0.201\Microsoft.Common.CurrentVersion.targets(2451,5): warning MSB3277:             C:\Users\ultra\.nuget\packages\mysql.data\8.4.0\lib\net8.0\MySql.Data.dll [C:\Users\ultra\warewolf\Dev\Dev2.IntegrationTests\Dev2.Integration.Tests.csproj]
C:\Program Files\dotnet\sdk\10.0.201\Microsoft.Common.CurrentVersion.targets(2451,5): warning MSB3277:             C:\Users\ultra\.nuget\packages\oracle.manageddataaccess.core\3.21.70\lib\netstandard2.1\Oracle.ManagedDataAccess.dll [C:\Users\ultra\warewolf\Dev\Dev2.IntegrationTests\Dev2.Integration.Tests.csproj]
C:\Program Files\dotnet\sdk\10.0.201\Microsoft.Common.CurrentVersion.targets(2451,5): warning MSB3277:             C:\Users\ultra\.nuget\packages\system.directoryservices\6.0.0\lib\net6.0\System.DirectoryServices.dll [C:\Users\ultra\warewolf\Dev\Dev2.IntegrationTests\Dev2.Integration.Tests.csproj]
C:\Program Files\dotnet\sdk\10.0.201\Microsoft.Common.CurrentVersion.targets(2451,5): warning MSB3277:             C:\Users\ultra\.nuget\packages\corewcf.primitives\1.2.1\lib\netstandard2.0\CoreWCF.Primitives.dll [C:\Users\ultra\warewolf\Dev\Dev2.IntegrationTests\Dev2.Integration.Tests.csproj]
C:\Program Files\dotnet\sdk\10.0.201\Microsoft.Common.CurrentVersion.targets(2451,5): warning MSB3277:             C:\Users\ultra\.nuget\packages\corewcf.http\1.2.1\lib\netstandard2.0\CoreWCF.Http.dll [C:\Users\ultra\warewolf\Dev\Dev2.IntegrationTests\Dev2.Integration.Tests.csproj]
C:\Program Files\dotnet\sdk\10.0.201\Microsoft.Common.CurrentVersion.targets(2451,5): warning MSB3277:             C:\Users\ultra\.nuget\packages\corewcf.nettcp\1.2.1\lib\netstandard2.0\CoreWCF.NetTcp.dll [C:\Users\ultra\warewolf\Dev\Dev2.IntegrationTests\Dev2.Integration.Tests.csproj]
C:\Program Files\dotnet\sdk\10.0.201\Microsoft.Common.CurrentVersion.targets(2451,5): warning MSB3277:             C:\Users\ultra\.nuget\packages\corewcf.webhttp\1.2.1\lib\netstandard2.0\CoreWCF.WebHttp.dll [C:\Users\ultra\warewolf\Dev\Dev2.IntegrationTests\Dev2.Integration.Tests.csproj]
C:\Program Files\dotnet\sdk\10.0.201\Microsoft.Common.CurrentVersion.targets(2451,5): warning MSB3277:             C:\Program Files\dotnet\packs\Microsoft.NETCore.App.Ref\8.0.25\ref/net8.0/System.Configuration.dll [C:\Users\ultra\warewolf\Dev\Dev2.IntegrationTests\Dev2.Integration.Tests.csproj]
C:\Program Files\dotnet\sdk\10.0.201\Microsoft.Common.CurrentVersion.targets(2451,5): warning MSB3277:             C:\Users\ultra\.nuget\packages\prism.composition\5.0.0\lib\NET45\Microsoft.Practices.Prism.Composition.dll [C:\Users\ultra\warewolf\Dev\Dev2.IntegrationTests\Dev2.Integration.Tests.csproj]
C:\Program Files\dotnet\sdk\10.0.201\Microsoft.Common.CurrentVersion.targets(2451,5): warning MSB3277:             C:\Users\ultra\.nuget\packages\prism.unityextensions\5.0.1\lib\NET45\Microsoft.Practices.Prism.UnityExtensions.dll [C:\Users\ultra\warewolf\Dev\Dev2.IntegrationTests\Dev2.Integration.Tests.csproj]
C:\Program Files\dotnet\sdk\10.0.201\Microsoft.Common.CurrentVersion.targets(2451,5): warning MSB3277:             C:\Users\ultra\.nuget\packages\prism.wpf\9.0.537\lib\net462\Prism.Wpf.dll [C:\Users\ultra\warewolf\Dev\Dev2.IntegrationTests\Dev2.Integration.Tests.csproj]
C:\Program Files\dotnet\sdk\10.0.201\Microsoft.Common.CurrentVersion.targets(2451,5): warning MSB3277:             C:\Program Files\dotnet\packs\Microsoft.NETCore.App.Ref\8.0.25\ref/net8.0/System.Data.dll [C:\Users\ultra\warewolf\Dev\Dev2.IntegrationTests\Dev2.Integration.Tests.csproj]
C:\Program Files\dotnet\sdk\10.0.201\Microsoft.Common.CurrentVersion.targets(2451,5): warning MSB3277:             C:\Users\ultra\.nuget\packages\taskschedulereditor\2.10.1\lib\net452\Microsoft.Win32.TaskSchedulerEditor.dll [C:\Users\ultra\warewolf\Dev\Dev2.IntegrationTests\Dev2.Integration.Tests.csproj]
C:\Program Files\dotnet\sdk\10.0.201\Microsoft.Common.CurrentVersion.targets(2451,5): warning MSB3277:             C:\Program Files\dotnet\packs\Microsoft.NETCore.App.Ref\8.0.25\ref/net8.0/System.Drawing.dll [C:\Users\ultra\warewolf\Dev\Dev2.IntegrationTests\Dev2.Integration.Tests.csproj]
C:\Program Files\dotnet\sdk\10.0.201\Microsoft.Common.CurrentVersion.targets(2451,5): warning MSB3277:             C:\Users\ultra\.nuget\packages\aerowizard\2.3.1\lib\net45\AeroWizard.dll [C:\Users\ultra\warewolf\Dev\Dev2.IntegrationTests\Dev2.Integration.Tests.csproj]
C:\Program Files\dotnet\sdk\10.0.201\Microsoft.Common.CurrentVersion.targets(2451,5): warning MSB3277:             C:\Users\ultra\.nuget\packages\avalonedit\6.3.0.90\lib\net462\ICSharpCode.AvalonEdit.dll [C:\Users\ultra\warewolf\Dev\Dev2.IntegrationTests\Dev2.Integration.Tests.csproj]
C:\Program Files\dotnet\sdk\10.0.201\Microsoft.Common.CurrentVersion.targets(2451,5): warning MSB3277:             C:\Users\ultra\.nuget\packages\groupcontrols\1.9.0\lib\net45\GroupControls.dll [C:\Users\ultra\warewolf\Dev\Dev2.IntegrationTests\Dev2.Integration.Tests.csproj]
C:\Program Files\dotnet\sdk\10.0.201\Microsoft.Common.CurrentVersion.targets(2451,5): warning MSB3277:             C:\Program Files\dotnet\packs\Microsoft.NETCore.App.Ref\8.0.25\ref/net8.0/System.Net.dll [C:\Users\ultra\warewolf\Dev\Dev2.IntegrationTests\Dev2.Integration.Tests.csproj]
C:\Program Files\dotnet\sdk\10.0.201\Microsoft.Common.CurrentVersion.targets(2451,5): warning MSB3277:             C:\Program Files\dotnet\packs\Microsoft.NETCore.App.Ref\8.0.25\ref/net8.0/System.Security.dll [C:\Users\ultra\warewolf\Dev\Dev2.IntegrationTests\Dev2.Integration.Tests.csproj]
C:\Program Files\dotnet\sdk\10.0.201\Microsoft.Common.CurrentVersion.targets(2451,5): warning MSB3277:             C:\Program Files\dotnet\packs\Microsoft.NETCore.App.Ref\8.0.25\ref/net8.0/System.ServiceProcess.dll [C:\Users\ultra\warewolf\Dev\Dev2.IntegrationTests\Dev2.Integration.Tests.csproj]
C:\Program Files\dotnet\sdk\10.0.201\Microsoft.Common.CurrentVersion.targets(2451,5): warning MSB3277:             C:\Program Files\dotnet\packs\Microsoft.NETCore.App.Ref\8.0.25\ref/net8.0/System.Transactions.dll [C:\Users\ultra\warewolf\Dev\Dev2.IntegrationTests\Dev2.Integration.Tests.csproj]
C:\Program Files\dotnet\sdk\10.0.201\Microsoft.Common.CurrentVersion.targets(2451,5): warning MSB3277:             C:\Program Files\dotnet\packs\Microsoft.NETCore.App.Ref\8.0.25\ref/net8.0/System.dll [C:\Users\ultra\warewolf\Dev\Dev2.IntegrationTests\Dev2.Integration.Tests.csproj]
C:\Program Files\dotnet\sdk\10.0.201\Microsoft.Common.CurrentVersion.targets(2451,5): warning MSB3277:             C:\Users\ultra\.nuget\packages\fontawesome.wpf\4.7.0.9\lib\net40\FontAwesome.WPF.dll [C:\Users\ultra\warewolf\Dev\Dev2.IntegrationTests\Dev2.Integration.Tests.csproj]
C:\Program Files\dotnet\sdk\10.0.201\Microsoft.Common.CurrentVersion.targets(2451,5): warning MSB3277:             C:\Users\ultra\.nuget\packages\log4net.async\2.0.4\lib\net40\Log4Net.Async.dll [C:\Users\ultra\warewolf\Dev\Dev2.IntegrationTests\Dev2.Integration.Tests.csproj]
C:\Program Files\dotnet\sdk\10.0.201\Microsoft.Common.CurrentVersion.targets(2451,5): warning MSB3277:             C:\Users\ultra\.nuget\packages\microsoft.xaml.behaviors.wpf\1.1.122\lib\net462\Microsoft.Xaml.Behaviors.dll [C:\Users\ultra\warewolf\Dev\Dev2.IntegrationTests\Dev2.Integration.Tests.csproj]
C:\Program Files\dotnet\sdk\10.0.201\Microsoft.Common.CurrentVersion.targets(2451,5): warning MSB3277:             C:\Users\ultra\.nuget\packages\caliburn.micro\4.0.212\lib\netcoreapp3.1\Caliburn.Micro.Platform.dll [C:\Users\ultra\warewolf\Dev\Dev2.IntegrationTests\Dev2.Integration.Tests.csproj]
C:\Program Files\dotnet\sdk\10.0.201\Microsoft.Common.CurrentVersion.targets(2451,5): warning MSB3277:             C:\Users\ultra\.nuget\packages\prism.interactivity\5.0.0\lib\NET45\Microsoft.Practices.Prism.Interactivity.dll [C:\Users\ultra\warewolf\Dev\Dev2.IntegrationTests\Dev2.Integration.Tests.csproj]
C:\Program Files\dotnet\sdk\10.0.201\Microsoft.Common.CurrentVersion.targets(2451,5): warning MSB3277:             C:\Users\ultra\.nuget\packages\prism.mvvm\1.0.0\lib\net45\Microsoft.Practices.Prism.Mvvm.Desktop.dll [C:\Users\ultra\warewolf\Dev\Dev2.IntegrationTests\Dev2.Integration.Tests.csproj]
C:\Program Files\dotnet\sdk\10.0.201\Microsoft.Common.CurrentVersion.targets(2451,5): warning MSB3277:             C:\Users\ultra\.nuget\packages\reactiveui.wpf\18.4.1\lib\net462\ReactiveUI.Wpf.dll [C:\Users\ultra\warewolf\Dev\Dev2.IntegrationTests\Dev2.Integration.Tests.csproj]
C:\Program Files\dotnet\sdk\10.0.201\Microsoft.Common.CurrentVersion.targets(2451,5): warning MSB3277:             C:\Users\ultra\.nuget\packages\ttcue.netcore.sharepointonline.csom.16.1.8029.1200\16.1.8029.1200\lib\netcoreapp2.0\Microsoft.SharePoint.Client.Runtime.Windows.dll [C:\Users\ultra\warewolf\Dev\Dev2.IntegrationTests\Dev2.Integration.Tests.csproj]
C:\Program Files\dotnet\sdk\10.0.201\Microsoft.Common.CurrentVersion.targets(2451,5): warning MSB3277:             C:\Program Files\dotnet\packs\Microsoft.NETCore.App.Ref\8.0.25\ref/net8.0/WindowsBase.dll [C:\Users\ultra\warewolf\Dev\Dev2.IntegrationTests\Dev2.Integration.Tests.csproj]
C:\Program Files\dotnet\sdk\10.0.201\Microsoft.Common.CurrentVersion.targets(2451,5): warning MSB3277:             C:\Program Files\dotnet\packs\Microsoft.NETCore.App.Ref\8.0.25\ref/net8.0/mscorlib.dll [C:\Users\ultra\warewolf\Dev\Dev2.IntegrationTests\Dev2.Integration.Tests.csproj]
C:\Program Files\dotnet\sdk\10.0.201\Microsoft.Common.CurrentVersion.targets(2451,5): warning MSB3277:             C:\Users\ultra\.nuget\packages\hangfire.core\1.7.32\lib\netstandard2.0\Hangfire.Core.dll [C:\Users\ultra\warewolf\Dev\Dev2.IntegrationTests\Dev2.Integration.Tests.csproj]
C:\Program Files\dotnet\sdk\10.0.201\Microsoft.Common.CurrentVersion.targets(2451,5): warning MSB3277:             C:\Users\ultra\.nuget\packages\hangfire.aspnetcore\1.7.32\lib\netcoreapp3.0\Hangfire.AspNetCore.dll [C:\Users\ultra\warewolf\Dev\Dev2.IntegrationTests\Dev2.Integration.Tests.csproj]
C:\Program Files\dotnet\sdk\10.0.201\Microsoft.Common.CurrentVersion.targets(2451,5): warning MSB3277:             C:\Users\ultra\.nuget\packages\hangfire.sqlserver\1.7.32\lib\netstandard2.0\Hangfire.SqlServer.dll [C:\Users\ultra\warewolf\Dev\Dev2.IntegrationTests\Dev2.Integration.Tests.csproj]
C:\Program Files\dotnet\sdk\10.0.201\Microsoft.Common.CurrentVersion.targets(2451,5): warning MSB3277:             C:\Users\ultra\.nuget\packages\microsoft.codecoverage\17.13.0\lib\netcoreapp3.1\Microsoft.VisualStudio.CodeCoverage.Shim.dll [C:\Users\ultra\warewolf\Dev\Dev2.IntegrationTests\Dev2.Integration.Tests.csproj]
C:\Program Files\dotnet\sdk\10.0.201\Microsoft.Common.CurrentVersion.targets(2451,5): warning MSB3277:             C:\Users\ultra\.nuget\packages\unofficial.microsoft.mshtml\7.0.3300\lib\net40\Microsoft.mshtml.dll [C:\Users\ultra\warewolf\Dev\Dev2.IntegrationTests\Dev2.Integration.Tests.csproj]
C:\Program Files\dotnet\sdk\10.0.201\Microsoft.Common.CurrentVersion.targets(2451,5): warning MSB3277:         C:\Program Files\dotnet\packs\Microsoft.NETCore.App.Ref\8.0.25\ref\net8.0\System.Drawing.dll [C:\Users\ultra\warewolf\Dev\Dev2.IntegrationTests\Dev2.Integration.Tests.csproj]
C:\Program Files\dotnet\sdk\10.0.201\Microsoft.Common.CurrentVersion.targets(2451,5): warning MSB3277:           Project file item includes which caused reference "C:\Program Files\dotnet\packs\Microsoft.NETCore.App.Ref\8.0.25\ref\net8.0\System.Drawing.dll". [C:\Users\ultra\warewolf\Dev\Dev2.IntegrationTests\Dev2.Integration.Tests.csproj]
C:\Program Files\dotnet\sdk\10.0.201\Microsoft.Common.CurrentVersion.targets(2451,5): warning MSB3277:             C:\Program Files\dotnet\packs\Microsoft.NETCore.App.Ref\8.0.25\ref/net8.0/System.Drawing.dll [C:\Users\ultra\warewolf\Dev\Dev2.IntegrationTests\Dev2.Integration.Tests.csproj]
C:\Program Files\dotnet\sdk\10.0.201\Microsoft.Common.CurrentVersion.targets(2451,5): warning MSB3277:             C:\Users\ultra\.nuget\packages\aerowizard\2.3.1\lib\net45\AeroWizard.dll [C:\Users\ultra\warewolf\Dev\Dev2.IntegrationTests\Dev2.Integration.Tests.csproj]
C:\Program Files\dotnet\sdk\10.0.201\Microsoft.Common.CurrentVersion.targets(2451,5): warning MSB3277:             C:\Users\ultra\.nuget\packages\avalonedit\6.3.0.90\lib\net462\ICSharpCode.AvalonEdit.dll [C:\Users\ultra\warewolf\Dev\Dev2.IntegrationTests\Dev2.Integration.Tests.csproj]
C:\Program Files\dotnet\sdk\10.0.201\Microsoft.Common.CurrentVersion.targets(2451,5): warning MSB3277:             C:\Users\ultra\.nuget\packages\groupcontrols\1.9.0\lib\net45\GroupControls.dll [C:\Users\ultra\warewolf\Dev\Dev2.IntegrationTests\Dev2.Integration.Tests.csproj]
C:\Program Files\dotnet\sdk\10.0.201\Microsoft.Common.CurrentVersion.targets(2451,5): warning MSB3277:             C:\Users\ultra\.nuget\packages\taskschedulereditor\2.10.1\lib\net452\Microsoft.Win32.TaskSchedulerEditor.dll [C:\Users\ultra\warewolf\Dev\Dev2.IntegrationTests\Dev2.Integration.Tests.csproj]
  Consider app.config remapping of assembly "System.IO.Pipelines, Culture=neutral, PublicKeyToken=cc7b13ffcd2ddd51" from Version "6.0.0.0" [] to Version "10.0.0.0" [C:\Users\ultra\.nuget\packages\system.io.pipelines\10.0.2\lib\net8.0\System.IO.Pipelines.dll] to solve conflict and get rid of warning.
  Consider app.config remapping of assembly "System.Runtime.CompilerServices.Unsafe, Culture=neutral, PublicKeyToken=b03f5f7f11d50a3a" from Version "6.0.0.0" [] to Version "8.0.0.0" [C:\Program Files\dotnet\packs\Microsoft.NETCore.App.Ref\8.0.25\ref\net8.0\System.Runtime.CompilerServices.Unsafe.dll] to solve conflict and get rid of warning.
C:\Program Files\dotnet\sdk\10.0.201\Microsoft.Common.CurrentVersion.targets(2451,5): warning MSB3277: Found conflicts between different versions of "Microsoft.Win32.SystemEvents" that could not be resolved. [C:\Users\ultra\warewolf\Dev\Dev2.Data.Tests\Dev2.Data.Tests.csproj]
C:\Program Files\dotnet\sdk\10.0.201\Microsoft.Common.CurrentVersion.targets(2451,5): warning MSB3277: There was a conflict between "Microsoft.Win32.SystemEvents, Version=6.0.0.0, Culture=neutral, PublicKeyToken=cc7b13ffcd2ddd51" and "Microsoft.Win32.SystemEvents, Version=7.0.0.0, Culture=neutral, PublicKeyToken=cc7b13ffcd2ddd51". [C:\Users\ultra\warewolf\Dev\Dev2.Data.Tests\Dev2.Data.Tests.csproj]
C:\Program Files\dotnet\sdk\10.0.201\Microsoft.Common.CurrentVersion.targets(2451,5): warning MSB3277:     "Microsoft.Win32.SystemEvents, Version=6.0.0.0, Culture=neutral, PublicKeyToken=cc7b13ffcd2ddd51" was chosen because it was primary and "Microsoft.Win32.SystemEvents, Version=7.0.0.0, Culture=neutral, PublicKeyToken=cc7b13ffcd2ddd51" was not. [C:\Users\ultra\warewolf\Dev\Dev2.Data.Tests\Dev2.Data.Tests.csproj]
C:\Program Files\dotnet\sdk\10.0.201\Microsoft.Common.CurrentVersion.targets(2451,5): warning MSB3277:     References which depend on "Microsoft.Win32.SystemEvents, Version=6.0.0.0, Culture=neutral, PublicKeyToken=cc7b13ffcd2ddd51" [C:\Users\ultra\.nuget\packages\microsoft.win32.systemevents\6.0.0\lib\net6.0\Microsoft.Win32.SystemEvents.dll]. [C:\Users\ultra\warewolf\Dev\Dev2.Data.Tests\Dev2.Data.Tests.csproj]
C:\Program Files\dotnet\sdk\10.0.201\Microsoft.Common.CurrentVersion.targets(2451,5): warning MSB3277:         C:\Users\ultra\.nuget\packages\microsoft.win32.systemevents\6.0.0\lib\net6.0\Microsoft.Win32.SystemEvents.dll [C:\Users\ultra\warewolf\Dev\Dev2.Data.Tests\Dev2.Data.Tests.csproj]
C:\Program Files\dotnet\sdk\10.0.201\Microsoft.Common.CurrentVersion.targets(2451,5): warning MSB3277:           Project file item includes which caused reference "C:\Users\ultra\.nuget\packages\microsoft.win32.systemevents\6.0.0\lib\net6.0\Microsoft.Win32.SystemEvents.dll". [C:\Users\ultra\warewolf\Dev\Dev2.Data.Tests\Dev2.Data.Tests.csproj]
C:\Program Files\dotnet\sdk\10.0.201\Microsoft.Common.CurrentVersion.targets(2451,5): warning MSB3277:             C:\Users\ultra\.nuget\packages\microsoft.win32.systemevents\6.0.0\lib\net6.0\Microsoft.Win32.SystemEvents.dll [C:\Users\ultra\warewolf\Dev\Dev2.Data.Tests\Dev2.Data.Tests.csproj]
C:\Program Files\dotnet\sdk\10.0.201\Microsoft.Common.CurrentVersion.targets(2451,5): warning MSB3277:     References which depend on or have been unified to "Microsoft.Win32.SystemEvents, Version=7.0.0.0, Culture=neutral, PublicKeyToken=cc7b13ffcd2ddd51" []. [C:\Users\ultra\warewolf\Dev\Dev2.Data.Tests\Dev2.Data.Tests.csproj]
C:\Program Files\dotnet\sdk\10.0.201\Microsoft.Common.CurrentVersion.targets(2451,5): warning MSB3277:         C:\Users\ultra\warewolf\Dev\Dev2.Common\bin\Debug\net8.0\Dev2.Common.dll [C:\Users\ultra\warewolf\Dev\Dev2.Data.Tests\Dev2.Data.Tests.csproj]
C:\Program Files\dotnet\sdk\10.0.201\Microsoft.Common.CurrentVersion.targets(2451,5): warning MSB3277:           Project file item includes which caused reference "C:\Users\ultra\warewolf\Dev\Dev2.Common\bin\Debug\net8.0\Dev2.Common.dll". [C:\Users\ultra\warewolf\Dev\Dev2.Data.Tests\Dev2.Data.Tests.csproj]
C:\Program Files\dotnet\sdk\10.0.201\Microsoft.Common.CurrentVersion.targets(2451,5): warning MSB3277:             C:\Users\ultra\warewolf\Dev\Dev2.Common\bin\Debug\net8.0\Dev2.Common.dll [C:\Users\ultra\warewolf\Dev\Dev2.Data.Tests\Dev2.Data.Tests.csproj]
C:\Program Files\dotnet\sdk\10.0.201\Microsoft.Common.CurrentVersion.targets(2451,5): warning MSB3277:             C:\Users\ultra\warewolf\Dev\Dev2.Activities\bin\Debug\net8.0\Dev2.Activities.dll [C:\Users\ultra\warewolf\Dev\Dev2.Data.Tests\Dev2.Data.Tests.csproj]
C:\Program Files\dotnet\sdk\10.0.201\Microsoft.Common.CurrentVersion.targets(2451,5): warning MSB3277:             C:\Users\ultra\warewolf\Dev\Dev2.Data\bin\Debug\net8.0\Dev2.Data.dll [C:\Users\ultra\warewolf\Dev\Dev2.Data.Tests\Dev2.Data.Tests.csproj]
C:\Program Files\dotnet\sdk\10.0.201\Microsoft.Common.CurrentVersion.targets(2451,5): warning MSB3277:             C:\Users\ultra\warewolf\Dev\Dev2.Diagnostics\bin\Debug\net8.0\Dev2.Diagnostics.dll [C:\Users\ultra\warewolf\Dev\Dev2.Data.Tests\Dev2.Data.Tests.csproj]
C:\Program Files\dotnet\sdk\10.0.201\Microsoft.Common.CurrentVersion.targets(2451,5): warning MSB3277:             C:\Users\ultra\warewolf\Dev\Dev2.Infrastructure.Tests\bin\Debug\net8.0\Dev2.Infrastructure.Tests.dll [C:\Users\ultra\warewolf\Dev\Dev2.Data.Tests\Dev2.Data.Tests.csproj]
C:\Program Files\dotnet\sdk\10.0.201\Microsoft.Common.CurrentVersion.targets(2451,5): warning MSB3277:             C:\Users\ultra\warewolf\Dev\Dev2.Infrastructure\bin\Debug\net8.0\Dev2.Infrastructure.dll [C:\Users\ultra\warewolf\Dev\Dev2.Data.Tests\Dev2.Data.Tests.csproj]
C:\Program Files\dotnet\sdk\10.0.201\Microsoft.Common.CurrentVersion.targets(2451,5): warning MSB3277:             C:\Users\ultra\warewolf\Dev\Dev2.Runtime.Services\bin\Debug\net8.0\Dev2.Runtime.Services.dll [C:\Users\ultra\warewolf\Dev\Dev2.Data.Tests\Dev2.Data.Tests.csproj]
C:\Program Files\dotnet\sdk\10.0.201\Microsoft.Common.CurrentVersion.targets(2451,5): warning MSB3277:             C:\Users\ultra\warewolf\Dev\Dev2.Runtime.Tests\bin\Debug\net8.0\Dev2.Runtime.Tests.dll [C:\Users\ultra\warewolf\Dev\Dev2.Data.Tests\Dev2.Data.Tests.csproj]
C:\Program Files\dotnet\sdk\10.0.201\Microsoft.Common.CurrentVersion.targets(2451,5): warning MSB3277:             C:\Users\ultra\warewolf\Dev\Warewolf.Sharepoint\bin\Debug\net8.0\Warewolf.Sharepoint.dll [C:\Users\ultra\warewolf\Dev\Dev2.Data.Tests\Dev2.Data.Tests.csproj]
C:\Program Files\dotnet\sdk\10.0.201\Microsoft.Common.CurrentVersion.targets(2451,5): warning MSB3277:             C:\Users\ultra\warewolf\Dev\Warewolf.Storage\bin\Debug\net8.0\Warewolf.Storage.dll [C:\Users\ultra\warewolf\Dev\Dev2.Data.Tests\Dev2.Data.Tests.csproj]
C:\Program Files\dotnet\sdk\10.0.201\Microsoft.Common.CurrentVersion.targets(2451,5): warning MSB3277:             C:\Users\ultra\warewolf\Dev\Dev2.Activities.Tests\bin\Debug\net8.0\Dev2.Activities.Tests.dll [C:\Users\ultra\warewolf\Dev\Dev2.Data.Tests\Dev2.Data.Tests.csproj]
C:\Program Files\dotnet\sdk\10.0.201\Microsoft.Common.CurrentVersion.targets(2451,5): warning MSB3277:             C:\Users\ultra\warewolf\Dev\Dev2.Common.Tests\bin\Debug\net8.0\Dev2.Common.Tests.dll [C:\Users\ultra\warewolf\Dev\Dev2.Data.Tests\Dev2.Data.Tests.csproj]
C:\Program Files\dotnet\sdk\10.0.201\Microsoft.Common.CurrentVersion.targets(2451,5): warning MSB3277:             C:\Users\ultra\warewolf\Dev\Dev2.Core\bin\Debug\net8.0\Dev2.Core.dll [C:\Users\ultra\warewolf\Dev\Dev2.Data.Tests\Dev2.Data.Tests.csproj]
C:\Program Files\dotnet\sdk\10.0.201\Microsoft.Common.CurrentVersion.targets(2451,5): warning MSB3277:             C:\Users\ultra\warewolf\Dev\Dev2.Development.Languages\bin\Debug\net8.0\Dev2.Development.Languages.dll [C:\Users\ultra\warewolf\Dev\Dev2.Data.Tests\Dev2.Data.Tests.csproj]
C:\Program Files\dotnet\sdk\10.0.201\Microsoft.Common.CurrentVersion.targets(2451,5): warning MSB3277:             C:\Users\ultra\warewolf\Dev\Dev2.Diagnostics.Tests\bin\Debug\net8.0\Dev2.Diagnostics.Tests.dll [C:\Users\ultra\warewolf\Dev\Dev2.Data.Tests\Dev2.Data.Tests.csproj]
C:\Program Files\dotnet\sdk\10.0.201\Microsoft.Common.CurrentVersion.targets(2451,5): warning MSB3277:             C:\Users\ultra\warewolf\Dev\Dev2.Intellisense\bin\Debug\net8.0\Dev2.Intellisense.dll [C:\Users\ultra\warewolf\Dev\Dev2.Data.Tests\Dev2.Data.Tests.csproj]
C:\Program Files\dotnet\sdk\10.0.201\Microsoft.Common.CurrentVersion.targets(2451,5): warning MSB3277:             C:\Users\ultra\warewolf\Dev\Dev2.Runtime\bin\Debug\net8.0\Dev2.Runtime.dll [C:\Users\ultra\warewolf\Dev\Dev2.Data.Tests\Dev2.Data.Tests.csproj]
C:\Program Files\dotnet\sdk\10.0.201\Microsoft.Common.CurrentVersion.targets(2451,5): warning MSB3277:             C:\Users\ultra\warewolf\Dev\Dev2.Runtime.WebServer\bin\Debug\net8.0\Dev2.Runtime.WebServer.dll [C:\Users\ultra\warewolf\Dev\Dev2.Data.Tests\Dev2.Data.Tests.csproj]
C:\Program Files\dotnet\sdk\10.0.201\Microsoft.Common.CurrentVersion.targets(2451,5): warning MSB3277:             C:\Users\ultra\warewolf\Dev\Dev2.Scheduler\bin\Debug\net8.0\Dev2.Scheduler.dll [C:\Users\ultra\warewolf\Dev\Dev2.Data.Tests\Dev2.Data.Tests.csproj]
C:\Program Files\dotnet\sdk\10.0.201\Microsoft.Common.CurrentVersion.targets(2451,5): warning MSB3277:             C:\Users\ultra\warewolf\Dev\Dev2.Services.Execution\bin\Debug\net8.0\Dev2.Services.Execution.dll [C:\Users\ultra\warewolf\Dev\Dev2.Data.Tests\Dev2.Data.Tests.csproj]
C:\Program Files\dotnet\sdk\10.0.201\Microsoft.Common.CurrentVersion.targets(2451,5): warning MSB3277:             C:\Users\ultra\warewolf\Dev\Dev2.Services.Sql\bin\Debug\net8.0\Dev2.Services.Sql.dll [C:\Users\ultra\warewolf\Dev\Dev2.Data.Tests\Dev2.Data.Tests.csproj]
C:\Program Files\dotnet\sdk\10.0.201\Microsoft.Common.CurrentVersion.targets(2451,5): warning MSB3277:             C:\Users\ultra\warewolf\Dev\Dev2.Studio.Core\bin\Debug\net8.0\Dev2.Studio.Core.dll [C:\Users\ultra\warewolf\Dev\Dev2.Data.Tests\Dev2.Data.Tests.csproj]
C:\Program Files\dotnet\sdk\10.0.201\Microsoft.Common.CurrentVersion.targets(2451,5): warning MSB3277:             C:\Users\ultra\warewolf\Dev\Dev2.Studio.Interfaces\bin\Debug\net8.0\Dev2.Studio.Interfaces.dll [C:\Users\ultra\warewolf\Dev\Dev2.Data.Tests\Dev2.Data.Tests.csproj]
C:\Program Files\dotnet\sdk\10.0.201\Microsoft.Common.CurrentVersion.targets(2451,5): warning MSB3277:             C:\Users\ultra\warewolf\Dev\Dev2.TaskScheduler.Wrappers\bin\Debug\net8.0\Dev2.TaskScheduler.Wrappers.dll [C:\Users\ultra\warewolf\Dev\Dev2.Data.Tests\Dev2.Data.Tests.csproj]
C:\Program Files\dotnet\sdk\10.0.201\Microsoft.Common.CurrentVersion.targets(2451,5): warning MSB3277:             C:\Users\ultra\warewolf\Dev\Dev2.Util\bin\Debug\net8.0\Dev2.Util.dll [C:\Users\ultra\warewolf\Dev\Dev2.Data.Tests\Dev2.Data.Tests.csproj]
C:\Program Files\dotnet\sdk\10.0.201\Microsoft.Common.CurrentVersion.targets(2451,5): warning MSB3277:             C:\Users\ultra\warewolf\Dev\Warewolf.HangfireServer\bin\Debug\net8.0\HangfireServer.dll [C:\Users\ultra\warewolf\Dev\Dev2.Data.Tests\Dev2.Data.Tests.csproj]
C:\Program Files\dotnet\sdk\10.0.201\Microsoft.Common.CurrentVersion.targets(2451,5): warning MSB3277:             C:\Users\ultra\warewolf\Dev\Warewolf.QueueWorker\bin\Debug\net8.0\QueueWorker.dll [C:\Users\ultra\warewolf\Dev\Dev2.Data.Tests\Dev2.Data.Tests.csproj]
C:\Program Files\dotnet\sdk\10.0.201\Microsoft.Common.CurrentVersion.targets(2451,5): warning MSB3277:             C:\Users\ultra\warewolf\Dev\TestBase\bin\Debug\net8.0\TestBase.dll [C:\Users\ultra\warewolf\Dev\Dev2.Data.Tests\Dev2.Data.Tests.csproj]
C:\Program Files\dotnet\sdk\10.0.201\Microsoft.Common.CurrentVersion.targets(2451,5): warning MSB3277:             C:\Users\ultra\warewolf\Dev\Dev2.Server\bin\Debug\net8.0\Warewolf Server.dll [C:\Users\ultra\warewolf\Dev\Dev2.Data.Tests\Dev2.Data.Tests.csproj]
C:\Program Files\dotnet\sdk\10.0.201\Microsoft.Common.CurrentVersion.targets(2451,5): warning MSB3277:             C:\Users\ultra\warewolf\Dev\Dev2.Studio\bin\Debug\net8.0\Warewolf Studio.dll [C:\Users\ultra\warewolf\Dev\Dev2.Data.Tests\Dev2.Data.Tests.csproj]
C:\Program Files\dotnet\sdk\10.0.201\Microsoft.Common.CurrentVersion.targets(2451,5): warning MSB3277:             C:\Users\ultra\warewolf\Dev\Warewolf.AI.Harness\bin\Debug\net8.0\Warewolf.AI.Harness.dll [C:\Users\ultra\warewolf\Dev\Dev2.Data.Tests\Dev2.Data.Tests.csproj]
C:\Program Files\dotnet\sdk\10.0.201\Microsoft.Common.CurrentVersion.targets(2451,5): warning MSB3277:             C:\Users\ultra\warewolf\Dev\Warewolf.Auditing\bin\Debug\net8.0\Warewolf.Auditing.dll [C:\Users\ultra\warewolf\Dev\Dev2.Data.Tests\Dev2.Data.Tests.csproj]
C:\Program Files\dotnet\sdk\10.0.201\Microsoft.Common.CurrentVersion.targets(2451,5): warning MSB3277:             C:\Users\ultra\warewolf\Dev\Warewolf.Common.Framework48\bin\Debug\net8.0\Warewolf.Common.Framework48.dll [C:\Users\ultra\warewolf\Dev\Dev2.Data.Tests\Dev2.Data.Tests.csproj]
C:\Program Files\dotnet\sdk\10.0.201\Microsoft.Common.CurrentVersion.targets(2451,5): warning MSB3277:             C:\Users\ultra\warewolf\Dev\Warewolf.Common.NetStandard20\bin\Debug\net8.0\Warewolf.Common.NetStandard20.dll [C:\Users\ultra\warewolf\Dev\Dev2.Data.Tests\Dev2.Data.Tests.csproj]
C:\Program Files\dotnet\sdk\10.0.201\Microsoft.Common.CurrentVersion.targets(2451,5): warning MSB3277:             C:\Users\ultra\warewolf\Dev\Warewolf.Core\bin\Debug\net8.0\Warewolf.Core.dll [C:\Users\ultra\warewolf\Dev\Dev2.Data.Tests\Dev2.Data.Tests.csproj]
C:\Program Files\dotnet\sdk\10.0.201\Microsoft.Common.CurrentVersion.targets(2451,5): warning MSB3277:             C:\Users\ultra\warewolf\Dev\Warewolf.Core.Tests\bin\Debug\net8.0\Warewolf.Core.Tests.dll [C:\Users\ultra\warewolf\Dev\Dev2.Data.Tests\Dev2.Data.Tests.csproj]
C:\Program Files\dotnet\sdk\10.0.201\Microsoft.Common.CurrentVersion.targets(2451,5): warning MSB3277:             C:\Users\ultra\warewolf\Dev\Warewolf.Driver.Persistence\bin\Debug\net8.0\Warewolf.Driver.Persistence.dll [C:\Users\ultra\warewolf\Dev\Dev2.Data.Tests\Dev2.Data.Tests.csproj]
C:\Program Files\dotnet\sdk\10.0.201\Microsoft.Common.CurrentVersion.targets(2451,5): warning MSB3277:             C:\Users\ultra\warewolf\Dev\Warewolf.Driver.Serilog\bin\Debug\net8.0\Warewolf.Driver.Serilog.dll [C:\Users\ultra\warewolf\Dev\Dev2.Data.Tests\Dev2.Data.Tests.csproj]
C:\Program Files\dotnet\sdk\10.0.201\Microsoft.Common.CurrentVersion.targets(2451,5): warning MSB3277:             C:\Users\ultra\warewolf\Dev\Warewolf.Exchange.Email.Wrapper\bin\Debug\net8.0\Warewolf.Exchange.Email.Wrapper.dll [C:\Users\ultra\warewolf\Dev\Dev2.Data.Tests\Dev2.Data.Tests.csproj]
C:\Program Files\dotnet\sdk\10.0.201\Microsoft.Common.CurrentVersion.targets(2451,5): warning MSB3277:             C:\Users\ultra\warewolf\Dev\Warewolf.MergeParser.Tests\bin\Debug\net8.0\Warewolf.MergeParser.Tests.dll [C:\Users\ultra\warewolf\Dev\Dev2.Data.Tests\Dev2.Data.Tests.csproj]
C:\Program Files\dotnet\sdk\10.0.201\Microsoft.Common.CurrentVersion.targets(2451,5): warning MSB3277:             C:\Users\ultra\warewolf\Dev\Warewolf.PerfMon\bin\Debug\net8.0\Warewolf.PerfMon.dll [C:\Users\ultra\warewolf\Dev\Dev2.Data.Tests\Dev2.Data.Tests.csproj]
C:\Program Files\dotnet\sdk\10.0.201\Microsoft.Common.CurrentVersion.targets(2451,5): warning MSB3277:             C:\Users\ultra\warewolf\Dev\Warewolf.ResourceManagement\bin\Debug\net8.0\Warewolf.ResourceManagement.dll [C:\Users\ultra\warewolf\Dev\Dev2.Data.Tests\Dev2.Data.Tests.csproj]
C:\Program Files\dotnet\sdk\10.0.201\Microsoft.Common.CurrentVersion.targets(2451,5): warning MSB3277:             C:\Users\ultra\warewolf\Dev\Warewolf.Studio.Core\bin\Debug\net8.0\Warewolf.Studio.Core.dll [C:\Users\ultra\warewolf\Dev\Dev2.Data.Tests\Dev2.Data.Tests.csproj]
C:\Program Files\dotnet\sdk\10.0.201\Microsoft.Common.CurrentVersion.targets(2451,5): warning MSB3277:             C:\Users\ultra\warewolf\Dev\Warewolf.Studio.CustomControls\bin\Debug\net8.0\Warewolf.Studio.CustomControls.dll [C:\Users\ultra\warewolf\Dev\Dev2.Data.Tests\Dev2.Data.Tests.csproj]
C:\Program Files\dotnet\sdk\10.0.201\Microsoft.Common.CurrentVersion.targets(2451,5): warning MSB3277:             C:\Users\ultra\warewolf\Dev\Warewolf.Studio.Models\bin\Debug\net8.0\Warewolf.Studio.Models.dll [C:\Users\ultra\warewolf\Dev\Dev2.Data.Tests\Dev2.Data.Tests.csproj]
C:\Program Files\dotnet\sdk\10.0.201\Microsoft.Common.CurrentVersion.targets(2451,5): warning MSB3277:             C:\Users\ultra\warewolf\Dev\Warewolf.Studio.ViewModels\bin\Debug\net8.0\Warewolf.Studio.ViewModels.dll [C:\Users\ultra\warewolf\Dev\Dev2.Data.Tests\Dev2.Data.Tests.csproj]
C:\Program Files\dotnet\sdk\10.0.201\Microsoft.Common.CurrentVersion.targets(2451,5): warning MSB3277:             C:\Users\ultra\warewolf\Dev\Warewolf.Testing\bin\Debug\net8.0\Warewolf.Testing.dll [C:\Users\ultra\warewolf\Dev\Dev2.Data.Tests\Dev2.Data.Tests.csproj]
C:\Program Files\dotnet\sdk\10.0.201\Microsoft.Common.CurrentVersion.targets(2451,5): warning MSB3277:             C:\Users\ultra\warewolf\Dev\Warewolf.Trigger.Queue\bin\Debug\net8.0\Warewolf.Trigger.Queue.dll [C:\Users\ultra\warewolf\Dev\Dev2.Data.Tests\Dev2.Data.Tests.csproj]
C:\Program Files\dotnet\sdk\10.0.201\Microsoft.Common.CurrentVersion.targets(2451,5): warning MSB3277:             C:\Users\ultra\warewolf\Dev\Warewolf.UI\bin\Debug\net8.0\Warewolf.UI.dll [C:\Users\ultra\warewolf\Dev\Dev2.Data.Tests\Dev2.Data.Tests.csproj]
C:\Program Files\dotnet\sdk\10.0.201\Microsoft.Common.CurrentVersion.targets(2451,5): warning MSB3277:             C:\Users\ultra\warewolf\Dev\Warewolf.Logger\bin\Debug\net8.0\WarewolfLogger.dll [C:\Users\ultra\warewolf\Dev\Dev2.Data.Tests\Dev2.Data.Tests.csproj]
C:\Program Files\dotnet\sdk\10.0.201\Microsoft.Common.CurrentVersion.targets(2451,5): warning MSB3277:         C:\Users\ultra\.nuget\packages\timespan2\2.4.2\lib\netcoreapp3.1\TimeSpan2.dll [C:\Users\ultra\warewolf\Dev\Dev2.Data.Tests\Dev2.Data.Tests.csproj]
C:\Program Files\dotnet\sdk\10.0.201\Microsoft.Common.CurrentVersion.targets(2451,5): warning MSB3277:           Project file item includes which caused reference "C:\Users\ultra\.nuget\packages\timespan2\2.4.2\lib\netcoreapp3.1\TimeSpan2.dll". [C:\Users\ultra\warewolf\Dev\Dev2.Data.Tests\Dev2.Data.Tests.csproj]
C:\Program Files\dotnet\sdk\10.0.201\Microsoft.Common.CurrentVersion.targets(2451,5): warning MSB3277:             C:\Users\ultra\.nuget\packages\timespan2\2.4.2\lib\netcoreapp3.1\TimeSpan2.dll [C:\Users\ultra\warewolf\Dev\Dev2.Data.Tests\Dev2.Data.Tests.csproj]
C:\Program Files\dotnet\sdk\10.0.201\Microsoft.Common.CurrentVersion.targets(2451,5): warning MSB3277:             C:\Users\ultra\.nuget\packages\taskschedulereditor\2.10.1\lib\net452\Microsoft.Win32.TaskSchedulerEditor.dll [C:\Users\ultra\warewolf\Dev\Dev2.Data.Tests\Dev2.Data.Tests.csproj]
C:\Program Files\dotnet\sdk\10.0.201\Microsoft.Common.CurrentVersion.targets(2451,5): warning MSB3277:         C:\Program Files\dotnet\packs\Microsoft.NETCore.App.Ref\8.0.25\ref\net8.0\System.dll [C:\Users\ultra\warewolf\Dev\Dev2.Data.Tests\Dev2.Data.Tests.csproj]
C:\Program Files\dotnet\sdk\10.0.201\Microsoft.Common.CurrentVersion.targets(2451,5): warning MSB3277:           Project file item includes which caused reference "C:\Program Files\dotnet\packs\Microsoft.NETCore.App.Ref\8.0.25\ref\net8.0\System.dll". [C:\Users\ultra\warewolf\Dev\Dev2.Data.Tests\Dev2.Data.Tests.csproj]
C:\Program Files\dotnet\sdk\10.0.201\Microsoft.Common.CurrentVersion.targets(2451,5): warning MSB3277:             C:\Program Files\dotnet\packs\Microsoft.NETCore.App.Ref\8.0.25\ref/net8.0/System.dll [C:\Users\ultra\warewolf\Dev\Dev2.Data.Tests\Dev2.Data.Tests.csproj]
C:\Program Files\dotnet\sdk\10.0.201\Microsoft.Common.CurrentVersion.targets(2451,5): warning MSB3277:             C:\Users\ultra\.nuget\packages\aerowizard\2.3.1\lib\net45\AeroWizard.dll [C:\Users\ultra\warewolf\Dev\Dev2.Data.Tests\Dev2.Data.Tests.csproj]
C:\Program Files\dotnet\sdk\10.0.201\Microsoft.Common.CurrentVersion.targets(2451,5): warning MSB3277:             C:\Users\ultra\.nuget\packages\avalonedit\6.3.0.90\lib\net462\ICSharpCode.AvalonEdit.dll [C:\Users\ultra\warewolf\Dev\Dev2.Data.Tests\Dev2.Data.Tests.csproj]
C:\Program Files\dotnet\sdk\10.0.201\Microsoft.Common.CurrentVersion.targets(2451,5): warning MSB3277:             C:\Users\ultra\.nuget\packages\fontawesome.wpf\4.7.0.9\lib\net40\FontAwesome.WPF.dll [C:\Users\ultra\warewolf\Dev\Dev2.Data.Tests\Dev2.Data.Tests.csproj]
C:\Program Files\dotnet\sdk\10.0.201\Microsoft.Common.CurrentVersion.targets(2451,5): warning MSB3277:             C:\Users\ultra\.nuget\packages\groupcontrols\1.9.0\lib\net45\GroupControls.dll [C:\Users\ultra\warewolf\Dev\Dev2.Data.Tests\Dev2.Data.Tests.csproj]
C:\Program Files\dotnet\sdk\10.0.201\Microsoft.Common.CurrentVersion.targets(2451,5): warning MSB3277:             C:\Users\ultra\.nuget\packages\log4net.async\2.0.4\lib\net40\Log4Net.Async.dll [C:\Users\ultra\warewolf\Dev\Dev2.Data.Tests\Dev2.Data.Tests.csproj]
C:\Program Files\dotnet\sdk\10.0.201\Microsoft.Common.CurrentVersion.targets(2451,5): warning MSB3277:             C:\Users\ultra\.nuget\packages\microsoft.xaml.behaviors.wpf\1.1.122\lib\net462\Microsoft.Xaml.Behaviors.dll [C:\Users\ultra\warewolf\Dev\Dev2.Data.Tests\Dev2.Data.Tests.csproj]
C:\Program Files\dotnet\sdk\10.0.201\Microsoft.Common.CurrentVersion.targets(2451,5): warning MSB3277:             C:\Users\ultra\.nuget\packages\caliburn.micro\4.0.212\lib\netcoreapp3.1\Caliburn.Micro.Platform.dll [C:\Users\ultra\warewolf\Dev\Dev2.Data.Tests\Dev2.Data.Tests.csproj]
C:\Program Files\dotnet\sdk\10.0.201\Microsoft.Common.CurrentVersion.targets(2451,5): warning MSB3277:             C:\Users\ultra\.nuget\packages\prism.composition\5.0.0\lib\NET45\Microsoft.Practices.Prism.Composition.dll [C:\Users\ultra\warewolf\Dev\Dev2.Data.Tests\Dev2.Data.Tests.csproj]
C:\Program Files\dotnet\sdk\10.0.201\Microsoft.Common.CurrentVersion.targets(2451,5): warning MSB3277:             C:\Users\ultra\.nuget\packages\prism.interactivity\5.0.0\lib\NET45\Microsoft.Practices.Prism.Interactivity.dll [C:\Users\ultra\warewolf\Dev\Dev2.Data.Tests\Dev2.Data.Tests.csproj]
C:\Program Files\dotnet\sdk\10.0.201\Microsoft.Common.CurrentVersion.targets(2451,5): warning MSB3277:             C:\Users\ultra\.nuget\packages\prism.mvvm\1.0.0\lib\net45\Microsoft.Practices.Prism.Mvvm.Desktop.dll [C:\Users\ultra\warewolf\Dev\Dev2.Data.Tests\Dev2.Data.Tests.csproj]
C:\Program Files\dotnet\sdk\10.0.201\Microsoft.Common.CurrentVersion.targets(2451,5): warning MSB3277:             C:\Users\ultra\.nuget\packages\prism.unityextensions\5.0.1\lib\NET45\Microsoft.Practices.Prism.UnityExtensions.dll [C:\Users\ultra\warewolf\Dev\Dev2.Data.Tests\Dev2.Data.Tests.csproj]
C:\Program Files\dotnet\sdk\10.0.201\Microsoft.Common.CurrentVersion.targets(2451,5): warning MSB3277:             C:\Users\ultra\.nuget\packages\prism.wpf\9.0.537\lib\net462\Prism.Wpf.dll [C:\Users\ultra\warewolf\Dev\Dev2.Data.Tests\Dev2.Data.Tests.csproj]
C:\Program Files\dotnet\sdk\10.0.201\Microsoft.Common.CurrentVersion.targets(2451,5): warning MSB3277:             C:\Users\ultra\.nuget\packages\reactiveui.wpf\18.4.1\lib\net462\ReactiveUI.Wpf.dll [C:\Users\ultra\warewolf\Dev\Dev2.Data.Tests\Dev2.Data.Tests.csproj]
C:\Program Files\dotnet\sdk\10.0.201\Microsoft.Common.CurrentVersion.targets(2451,5): warning MSB3277:             C:\Users\ultra\.nuget\packages\taskschedulereditor\2.10.1\lib\net452\Microsoft.Win32.TaskSchedulerEditor.dll [C:\Users\ultra\warewolf\Dev\Dev2.Data.Tests\Dev2.Data.Tests.csproj]
C:\Program Files\dotnet\sdk\10.0.201\Microsoft.Common.CurrentVersion.targets(2451,5): warning MSB3277:             C:\Users\ultra\.nuget\packages\ttcue.netcore.sharepointonline.csom.16.1.8029.1200\16.1.8029.1200\lib\netcoreapp2.0\Microsoft.SharePoint.Client.Runtime.Windows.dll [C:\Users\ultra\warewolf\Dev\Dev2.Data.Tests\Dev2.Data.Tests.csproj]
C:\Program Files\dotnet\sdk\10.0.201\Microsoft.Common.CurrentVersion.targets(2451,5): warning MSB3277:         C:\Users\ultra\warewolf\Dev\Binaries\Infragistcs_Net6\InfragisticsWPF4.v15.1.dll [C:\Users\ultra\warewolf\Dev\Dev2.Data.Tests\Dev2.Data.Tests.csproj]
C:\Program Files\dotnet\sdk\10.0.201\Microsoft.Common.CurrentVersion.targets(2451,5): warning MSB3277:           Project file item includes which caused reference "C:\Users\ultra\warewolf\Dev\Binaries\Infragistcs_Net6\InfragisticsWPF4.v15.1.dll". [C:\Users\ultra\warewolf\Dev\Dev2.Data.Tests\Dev2.Data.Tests.csproj]
C:\Program Files\dotnet\sdk\10.0.201\Microsoft.Common.CurrentVersion.targets(2451,5): warning MSB3277:             CalculationManager.WPF [C:\Users\ultra\warewolf\Dev\Dev2.Data.Tests\Dev2.Data.Tests.csproj]
C:\Program Files\dotnet\sdk\10.0.201\Microsoft.Common.CurrentVersion.targets(2451,5): warning MSB3277: Found conflicts between different versions of "WindowsBase" that could not be resolved. [C:\Users\ultra\warewolf\Dev\Dev2.Data.Tests\Dev2.Data.Tests.csproj]
C:\Program Files\dotnet\sdk\10.0.201\Microsoft.Common.CurrentVersion.targets(2451,5): warning MSB3277: There was a conflict between "WindowsBase, Version=4.0.0.0, Culture=neutral, PublicKeyToken=31bf3856ad364e35" and "WindowsBase, Version=6.0.2.0, Culture=neutral, PublicKeyToken=31bf3856ad364e35". [C:\Users\ultra\warewolf\Dev\Dev2.Data.Tests\Dev2.Data.Tests.csproj]
C:\Program Files\dotnet\sdk\10.0.201\Microsoft.Common.CurrentVersion.targets(2451,5): warning MSB3277:     "WindowsBase, Version=4.0.0.0, Culture=neutral, PublicKeyToken=31bf3856ad364e35" was chosen because it was primary and "WindowsBase, Version=6.0.2.0, Culture=neutral, PublicKeyToken=31bf3856ad364e35" was not. [C:\Users\ultra\warewolf\Dev\Dev2.Data.Tests\Dev2.Data.Tests.csproj]
C:\Program Files\dotnet\sdk\10.0.201\Microsoft.Common.CurrentVersion.targets(2451,5): warning MSB3277:     References which depend on "WindowsBase, Version=4.0.0.0, Culture=neutral, PublicKeyToken=31bf3856ad364e35" [C:\Program Files\dotnet\packs\Microsoft.NETCore.App.Ref\8.0.25\ref\net8.0\WindowsBase.dll]. [C:\Users\ultra\warewolf\Dev\Dev2.Data.Tests\Dev2.Data.Tests.csproj]
C:\Program Files\dotnet\sdk\10.0.201\Microsoft.Common.CurrentVersion.targets(2451,5): warning MSB3277:         C:\Program Files\dotnet\packs\Microsoft.NETCore.App.Ref\8.0.25\ref\net8.0\WindowsBase.dll [C:\Users\ultra\warewolf\Dev\Dev2.Data.Tests\Dev2.Data.Tests.csproj]
C:\Program Files\dotnet\sdk\10.0.201\Microsoft.Common.CurrentVersion.targets(2451,5): warning MSB3277:           Project file item includes which caused reference "C:\Program Files\dotnet\packs\Microsoft.NETCore.App.Ref\8.0.25\ref\net8.0\WindowsBase.dll". [C:\Users\ultra\warewolf\Dev\Dev2.Data.Tests\Dev2.Data.Tests.csproj]
C:\Program Files\dotnet\sdk\10.0.201\Microsoft.Common.CurrentVersion.targets(2451,5): warning MSB3277:             C:\Program Files\dotnet\packs\Microsoft.NETCore.App.Ref\8.0.25\ref/net8.0/WindowsBase.dll [C:\Users\ultra\warewolf\Dev\Dev2.Data.Tests\Dev2.Data.Tests.csproj]
C:\Program Files\dotnet\sdk\10.0.201\Microsoft.Common.CurrentVersion.targets(2451,5): warning MSB3277:     References which depend on or have been unified to "WindowsBase, Version=6.0.2.0, Culture=neutral, PublicKeyToken=31bf3856ad364e35" []. [C:\Users\ultra\warewolf\Dev\Dev2.Data.Tests\Dev2.Data.Tests.csproj]
C:\Program Files\dotnet\sdk\10.0.201\Microsoft.Common.CurrentVersion.targets(2451,5): warning MSB3277:         C:\Users\ultra\warewolf\Dev\Binaries\Infragistcs_Net6\Infragistics.Calculations.dll [C:\Users\ultra\warewolf\Dev\Dev2.Data.Tests\Dev2.Data.Tests.csproj]
C:\Program Files\dotnet\sdk\10.0.201\Microsoft.Common.CurrentVersion.targets(2451,5): warning MSB3277:           Project file item includes which caused reference "C:\Users\ultra\warewolf\Dev\Binaries\Infragistcs_Net6\Infragistics.Calculations.dll". [C:\Users\ultra\warewolf\Dev\Dev2.Data.Tests\Dev2.Data.Tests.csproj]
C:\Program Files\dotnet\sdk\10.0.201\Microsoft.Common.CurrentVersion.targets(2451,5): warning MSB3277:             CalculationManager.WPF [C:\Users\ultra\warewolf\Dev\Dev2.Data.Tests\Dev2.Data.Tests.csproj]
C:\Program Files\dotnet\sdk\10.0.201\Microsoft.Common.CurrentVersion.targets(2451,5): warning MSB3277:         C:\Users\ultra\.nuget\packages\avalonedit\6.3.0.90\lib\net462\ICSharpCode.AvalonEdit.dll [C:\Users\ultra\warewolf\Dev\Dev2.Data.Tests\Dev2.Data.Tests.csproj]
C:\Program Files\dotnet\sdk\10.0.201\Microsoft.Common.CurrentVersion.targets(2451,5): warning MSB3277:           Project file item includes which caused reference "C:\Users\ultra\.nuget\packages\avalonedit\6.3.0.90\lib\net462\ICSharpCode.AvalonEdit.dll". [C:\Users\ultra\warewolf\Dev\Dev2.Data.Tests\Dev2.Data.Tests.csproj]
C:\Program Files\dotnet\sdk\10.0.201\Microsoft.Common.CurrentVersion.targets(2451,5): warning MSB3277:             C:\Users\ultra\.nuget\packages\avalonedit\6.3.0.90\lib\net462\ICSharpCode.AvalonEdit.dll [C:\Users\ultra\warewolf\Dev\Dev2.Data.Tests\Dev2.Data.Tests.csproj]
C:\Program Files\dotnet\sdk\10.0.201\Microsoft.Common.CurrentVersion.targets(2451,5): warning MSB3277:         C:\Users\ultra\.nuget\packages\caliburn.micro\4.0.212\lib\netcoreapp3.1\Caliburn.Micro.Platform.dll [C:\Users\ultra\warewolf\Dev\Dev2.Data.Tests\Dev2.Data.Tests.csproj]
C:\Program Files\dotnet\sdk\10.0.201\Microsoft.Common.CurrentVersion.targets(2451,5): warning MSB3277:           Project file item includes which caused reference "C:\Users\ultra\.nuget\packages\caliburn.micro\4.0.212\lib\netcoreapp3.1\Caliburn.Micro.Platform.dll". [C:\Users\ultra\warewolf\Dev\Dev2.Data.Tests\Dev2.Data.Tests.csproj]
C:\Program Files\dotnet\sdk\10.0.201\Microsoft.Common.CurrentVersion.targets(2451,5): warning MSB3277:             C:\Users\ultra\.nuget\packages\caliburn.micro\4.0.212\lib\netcoreapp3.1\Caliburn.Micro.Platform.dll [C:\Users\ultra\warewolf\Dev\Dev2.Data.Tests\Dev2.Data.Tests.csproj]
C:\Program Files\dotnet\sdk\10.0.201\Microsoft.Common.CurrentVersion.targets(2451,5): warning MSB3277:         C:\Users\ultra\.nuget\packages\extended.wpf.toolkit\4.4.0\lib\net5.0\Xceed.Wpf.AvalonDock.NET5.dll [C:\Users\ultra\warewolf\Dev\Dev2.Data.Tests\Dev2.Data.Tests.csproj]
C:\Program Files\dotnet\sdk\10.0.201\Microsoft.Common.CurrentVersion.targets(2451,5): warning MSB3277:           Project file item includes which caused reference "C:\Users\ultra\.nuget\packages\extended.wpf.toolkit\4.4.0\lib\net5.0\Xceed.Wpf.AvalonDock.NET5.dll". [C:\Users\ultra\warewolf\Dev\Dev2.Data.Tests\Dev2.Data.Tests.csproj]
C:\Program Files\dotnet\sdk\10.0.201\Microsoft.Common.CurrentVersion.targets(2451,5): warning MSB3277:             C:\Users\ultra\.nuget\packages\extended.wpf.toolkit\4.4.0\lib\net5.0\Xceed.Wpf.AvalonDock.NET5.dll [C:\Users\ultra\warewolf\Dev\Dev2.Data.Tests\Dev2.Data.Tests.csproj]
C:\Program Files\dotnet\sdk\10.0.201\Microsoft.Common.CurrentVersion.targets(2451,5): warning MSB3277:             C:\Users\ultra\.nuget\packages\extended.wpf.toolkit\4.4.0\lib\net5.0\Xceed.Wpf.AvalonDock.Themes.Aero.NET5.dll [C:\Users\ultra\warewolf\Dev\Dev2.Data.Tests\Dev2.Data.Tests.csproj]
C:\Program Files\dotnet\sdk\10.0.201\Microsoft.Common.CurrentVersion.targets(2451,5): warning MSB3277:             C:\Users\ultra\.nuget\packages\extended.wpf.toolkit\4.4.0\lib\net5.0\Xceed.Wpf.AvalonDock.Themes.Metro.NET5.dll [C:\Users\ultra\warewolf\Dev\Dev2.Data.Tests\Dev2.Data.Tests.csproj]
C:\Program Files\dotnet\sdk\10.0.201\Microsoft.Common.CurrentVersion.targets(2451,5): warning MSB3277:             C:\Users\ultra\.nuget\packages\extended.wpf.toolkit\4.4.0\lib\net5.0\Xceed.Wpf.AvalonDock.Themes.VS2010.NET5.dll [C:\Users\ultra\warewolf\Dev\Dev2.Data.Tests\Dev2.Data.Tests.csproj]
C:\Program Files\dotnet\sdk\10.0.201\Microsoft.Common.CurrentVersion.targets(2451,5): warning MSB3277:         C:\Users\ultra\.nuget\packages\extended.wpf.toolkit\4.4.0\lib\net5.0\Xceed.Wpf.AvalonDock.Themes.Aero.NET5.dll [C:\Users\ultra\warewolf\Dev\Dev2.Data.Tests\Dev2.Data.Tests.csproj]
C:\Program Files\dotnet\sdk\10.0.201\Microsoft.Common.CurrentVersion.targets(2451,5): warning MSB3277:           Project file item includes which caused reference "C:\Users\ultra\.nuget\packages\extended.wpf.toolkit\4.4.0\lib\net5.0\Xceed.Wpf.AvalonDock.Themes.Aero.NET5.dll". [C:\Users\ultra\warewolf\Dev\Dev2.Data.Tests\Dev2.Data.Tests.csproj]
C:\Program Files\dotnet\sdk\10.0.201\Microsoft.Common.CurrentVersion.targets(2451,5): warning MSB3277:             C:\Users\ultra\.nuget\packages\extended.wpf.toolkit\4.4.0\lib\net5.0\Xceed.Wpf.AvalonDock.Themes.Aero.NET5.dll [C:\Users\ultra\warewolf\Dev\Dev2.Data.Tests\Dev2.Data.Tests.csproj]
C:\Program Files\dotnet\sdk\10.0.201\Microsoft.Common.CurrentVersion.targets(2451,5): warning MSB3277:         C:\Users\ultra\.nuget\packages\extended.wpf.toolkit\4.4.0\lib\net5.0\Xceed.Wpf.Toolkit.NET5.dll [C:\Users\ultra\warewolf\Dev\Dev2.Data.Tests\Dev2.Data.Tests.csproj]
C:\Program Files\dotnet\sdk\10.0.201\Microsoft.Common.CurrentVersion.targets(2451,5): warning MSB3277:           Project file item includes which caused reference "C:\Users\ultra\.nuget\packages\extended.wpf.toolkit\4.4.0\lib\net5.0\Xceed.Wpf.Toolkit.NET5.dll". [C:\Users\ultra\warewolf\Dev\Dev2.Data.Tests\Dev2.Data.Tests.csproj]
C:\Program Files\dotnet\sdk\10.0.201\Microsoft.Common.CurrentVersion.targets(2451,5): warning MSB3277:             C:\Users\ultra\.nuget\packages\extended.wpf.toolkit\4.4.0\lib\net5.0\Xceed.Wpf.Toolkit.NET5.dll [C:\Users\ultra\warewolf\Dev\Dev2.Data.Tests\Dev2.Data.Tests.csproj]
C:\Program Files\dotnet\sdk\10.0.201\Microsoft.Common.CurrentVersion.targets(2451,5): warning MSB3277:         C:\Users\ultra\.nuget\packages\fontawesome.wpf\4.7.0.9\lib\net40\FontAwesome.WPF.dll [C:\Users\ultra\warewolf\Dev\Dev2.Data.Tests\Dev2.Data.Tests.csproj]
C:\Program Files\dotnet\sdk\10.0.201\Microsoft.Common.CurrentVersion.targets(2451,5): warning MSB3277:           Project file item includes which caused reference "C:\Users\ultra\.nuget\packages\fontawesome.wpf\4.7.0.9\lib\net40\FontAwesome.WPF.dll". [C:\Users\ultra\warewolf\Dev\Dev2.Data.Tests\Dev2.Data.Tests.csproj]
C:\Program Files\dotnet\sdk\10.0.201\Microsoft.Common.CurrentVersion.targets(2451,5): warning MSB3277:             C:\Users\ultra\.nuget\packages\fontawesome.wpf\4.7.0.9\lib\net40\FontAwesome.WPF.dll [C:\Users\ultra\warewolf\Dev\Dev2.Data.Tests\Dev2.Data.Tests.csproj]
C:\Program Files\dotnet\sdk\10.0.201\Microsoft.Common.CurrentVersion.targets(2451,5): warning MSB3277:         C:\Users\ultra\.nuget\packages\ironpython\3.4.0\lib\net6.0\IronPython.Wpf.dll [C:\Users\ultra\warewolf\Dev\Dev2.Data.Tests\Dev2.Data.Tests.csproj]
C:\Program Files\dotnet\sdk\10.0.201\Microsoft.Common.CurrentVersion.targets(2451,5): warning MSB3277:           Project file item includes which caused reference "C:\Users\ultra\.nuget\packages\ironpython\3.4.0\lib\net6.0\IronPython.Wpf.dll". [C:\Users\ultra\warewolf\Dev\Dev2.Data.Tests\Dev2.Data.Tests.csproj]
C:\Program Files\dotnet\sdk\10.0.201\Microsoft.Common.CurrentVersion.targets(2451,5): warning MSB3277:             C:\Users\ultra\.nuget\packages\ironpython\3.4.0\lib\net6.0\IronPython.Wpf.dll [C:\Users\ultra\warewolf\Dev\Dev2.Data.Tests\Dev2.Data.Tests.csproj]
C:\Program Files\dotnet\sdk\10.0.201\Microsoft.Common.CurrentVersion.targets(2451,5): warning MSB3277:         C:\Users\ultra\.nuget\packages\microsoft.xaml.behaviors.wpf\1.1.122\lib\net462\Microsoft.Xaml.Behaviors.dll [C:\Users\ultra\warewolf\Dev\Dev2.Data.Tests\Dev2.Data.Tests.csproj]
C:\Program Files\dotnet\sdk\10.0.201\Microsoft.Common.CurrentVersion.targets(2451,5): warning MSB3277:           Project file item includes which caused reference "C:\Users\ultra\.nuget\packages\microsoft.xaml.behaviors.wpf\1.1.122\lib\net462\Microsoft.Xaml.Behaviors.dll". [C:\Users\ultra\warewolf\Dev\Dev2.Data.Tests\Dev2.Data.Tests.csproj]
C:\Program Files\dotnet\sdk\10.0.201\Microsoft.Common.CurrentVersion.targets(2451,5): warning MSB3277:             C:\Users\ultra\.nuget\packages\microsoft.xaml.behaviors.wpf\1.1.122\lib\net462\Microsoft.Xaml.Behaviors.dll [C:\Users\ultra\warewolf\Dev\Dev2.Data.Tests\Dev2.Data.Tests.csproj]
C:\Program Files\dotnet\sdk\10.0.201\Microsoft.Common.CurrentVersion.targets(2451,5): warning MSB3277:             C:\Users\ultra\.nuget\packages\caliburn.micro\4.0.212\lib\netcoreapp3.1\Caliburn.Micro.Platform.dll [C:\Users\ultra\warewolf\Dev\Dev2.Data.Tests\Dev2.Data.Tests.csproj]
C:\Program Files\dotnet\sdk\10.0.201\Microsoft.Common.CurrentVersion.targets(2451,5): warning MSB3277:             C:\Users\ultra\.nuget\packages\prism.wpf\9.0.537\lib\net462\Prism.Wpf.dll [C:\Users\ultra\warewolf\Dev\Dev2.Data.Tests\Dev2.Data.Tests.csproj]
C:\Program Files\dotnet\sdk\10.0.201\Microsoft.Common.CurrentVersion.targets(2451,5): warning MSB3277:         C:\Users\ultra\.nuget\packages\prism.composition\5.0.0\lib\NET45\Microsoft.Practices.Prism.Composition.dll [C:\Users\ultra\warewolf\Dev\Dev2.Data.Tests\Dev2.Data.Tests.csproj]
C:\Program Files\dotnet\sdk\10.0.201\Microsoft.Common.CurrentVersion.targets(2451,5): warning MSB3277:           Project file item includes which caused reference "C:\Users\ultra\.nuget\packages\prism.composition\5.0.0\lib\NET45\Microsoft.Practices.Prism.Composition.dll". [C:\Users\ultra\warewolf\Dev\Dev2.Data.Tests\Dev2.Data.Tests.csproj]
C:\Program Files\dotnet\sdk\10.0.201\Microsoft.Common.CurrentVersion.targets(2451,5): warning MSB3277:             C:\Users\ultra\.nuget\packages\prism.composition\5.0.0\lib\NET45\Microsoft.Practices.Prism.Composition.dll [C:\Users\ultra\warewolf\Dev\Dev2.Data.Tests\Dev2.Data.Tests.csproj]
C:\Program Files\dotnet\sdk\10.0.201\Microsoft.Common.CurrentVersion.targets(2451,5): warning MSB3277:             C:\Users\ultra\.nuget\packages\prism.unityextensions\5.0.1\lib\NET45\Microsoft.Practices.Prism.UnityExtensions.dll [C:\Users\ultra\warewolf\Dev\Dev2.Data.Tests\Dev2.Data.Tests.csproj]
C:\Program Files\dotnet\sdk\10.0.201\Microsoft.Common.CurrentVersion.targets(2451,5): warning MSB3277:         C:\Users\ultra\.nuget\packages\prism.interactivity\5.0.0\lib\NET45\Microsoft.Practices.Prism.Interactivity.dll [C:\Users\ultra\warewolf\Dev\Dev2.Data.Tests\Dev2.Data.Tests.csproj]
C:\Program Files\dotnet\sdk\10.0.201\Microsoft.Common.CurrentVersion.targets(2451,5): warning MSB3277:           Project file item includes which caused reference "C:\Users\ultra\.nuget\packages\prism.interactivity\5.0.0\lib\NET45\Microsoft.Practices.Prism.Interactivity.dll". [C:\Users\ultra\warewolf\Dev\Dev2.Data.Tests\Dev2.Data.Tests.csproj]
C:\Program Files\dotnet\sdk\10.0.201\Microsoft.Common.CurrentVersion.targets(2451,5): warning MSB3277:             C:\Users\ultra\.nuget\packages\prism.interactivity\5.0.0\lib\NET45\Microsoft.Practices.Prism.Interactivity.dll [C:\Users\ultra\warewolf\Dev\Dev2.Data.Tests\Dev2.Data.Tests.csproj]
C:\Program Files\dotnet\sdk\10.0.201\Microsoft.Common.CurrentVersion.targets(2451,5): warning MSB3277:         C:\Users\ultra\.nuget\packages\prism.mvvm\1.0.0\lib\net45\Microsoft.Practices.Prism.Mvvm.Desktop.dll [C:\Users\ultra\warewolf\Dev\Dev2.Data.Tests\Dev2.Data.Tests.csproj]
C:\Program Files\dotnet\sdk\10.0.201\Microsoft.Common.CurrentVersion.targets(2451,5): warning MSB3277:           Project file item includes which caused reference "C:\Users\ultra\.nuget\packages\prism.mvvm\1.0.0\lib\net45\Microsoft.Practices.Prism.Mvvm.Desktop.dll". [C:\Users\ultra\warewolf\Dev\Dev2.Data.Tests\Dev2.Data.Tests.csproj]
C:\Program Files\dotnet\sdk\10.0.201\Microsoft.Common.CurrentVersion.targets(2451,5): warning MSB3277:             C:\Users\ultra\.nuget\packages\prism.mvvm\1.0.0\lib\net45\Microsoft.Practices.Prism.Mvvm.Desktop.dll [C:\Users\ultra\warewolf\Dev\Dev2.Data.Tests\Dev2.Data.Tests.csproj]
C:\Program Files\dotnet\sdk\10.0.201\Microsoft.Common.CurrentVersion.targets(2451,5): warning MSB3277:         C:\Users\ultra\.nuget\packages\prism.unityextensions\5.0.1\lib\NET45\Microsoft.Practices.Prism.UnityExtensions.dll [C:\Users\ultra\warewolf\Dev\Dev2.Data.Tests\Dev2.Data.Tests.csproj]
C:\Program Files\dotnet\sdk\10.0.201\Microsoft.Common.CurrentVersion.targets(2451,5): warning MSB3277:           Project file item includes which caused reference "C:\Users\ultra\.nuget\packages\prism.unityextensions\5.0.1\lib\NET45\Microsoft.Practices.Prism.UnityExtensions.dll". [C:\Users\ultra\warewolf\Dev\Dev2.Data.Tests\Dev2.Data.Tests.csproj]
C:\Program Files\dotnet\sdk\10.0.201\Microsoft.Common.CurrentVersion.targets(2451,5): warning MSB3277:             C:\Users\ultra\.nuget\packages\prism.unityextensions\5.0.1\lib\NET45\Microsoft.Practices.Prism.UnityExtensions.dll [C:\Users\ultra\warewolf\Dev\Dev2.Data.Tests\Dev2.Data.Tests.csproj]
C:\Program Files\dotnet\sdk\10.0.201\Microsoft.Common.CurrentVersion.targets(2451,5): warning MSB3277:         C:\Users\ultra\.nuget\packages\prism.wpf\9.0.537\lib\net462\Prism.Wpf.dll [C:\Users\ultra\warewolf\Dev\Dev2.Data.Tests\Dev2.Data.Tests.csproj]
C:\Program Files\dotnet\sdk\10.0.201\Microsoft.Common.CurrentVersion.targets(2451,5): warning MSB3277:           Project file item includes which caused reference "C:\Users\ultra\.nuget\packages\prism.wpf\9.0.537\lib\net462\Prism.Wpf.dll". [C:\Users\ultra\warewolf\Dev\Dev2.Data.Tests\Dev2.Data.Tests.csproj]
C:\Program Files\dotnet\sdk\10.0.201\Microsoft.Common.CurrentVersion.targets(2451,5): warning MSB3277:             C:\Users\ultra\.nuget\packages\prism.wpf\9.0.537\lib\net462\Prism.Wpf.dll [C:\Users\ultra\warewolf\Dev\Dev2.Data.Tests\Dev2.Data.Tests.csproj]
C:\Program Files\dotnet\sdk\10.0.201\Microsoft.Common.CurrentVersion.targets(2451,5): warning MSB3277:         C:\Users\ultra\.nuget\packages\reactiveui.wpf\18.4.1\lib\net462\ReactiveUI.Wpf.dll [C:\Users\ultra\warewolf\Dev\Dev2.Data.Tests\Dev2.Data.Tests.csproj]
C:\Program Files\dotnet\sdk\10.0.201\Microsoft.Common.CurrentVersion.targets(2451,5): warning MSB3277:           Project file item includes which caused reference "C:\Users\ultra\.nuget\packages\reactiveui.wpf\18.4.1\lib\net462\ReactiveUI.Wpf.dll". [C:\Users\ultra\warewolf\Dev\Dev2.Data.Tests\Dev2.Data.Tests.csproj]
C:\Program Files\dotnet\sdk\10.0.201\Microsoft.Common.CurrentVersion.targets(2451,5): warning MSB3277:             C:\Users\ultra\.nuget\packages\reactiveui.wpf\18.4.1\lib\net462\ReactiveUI.Wpf.dll [C:\Users\ultra\warewolf\Dev\Dev2.Data.Tests\Dev2.Data.Tests.csproj]
C:\Program Files\dotnet\sdk\10.0.201\Microsoft.Common.CurrentVersion.targets(2451,5): warning MSB3277:         C:\Users\ultra\warewolf\Dev\Binaries\Infragistcs_Net6\InfragisticsWPF4.v15.1.dll [C:\Users\ultra\warewolf\Dev\Dev2.Data.Tests\Dev2.Data.Tests.csproj]
C:\Program Files\dotnet\sdk\10.0.201\Microsoft.Common.CurrentVersion.targets(2451,5): warning MSB3277:           Project file item includes which caused reference "C:\Users\ultra\warewolf\Dev\Binaries\Infragistcs_Net6\InfragisticsWPF4.v15.1.dll". [C:\Users\ultra\warewolf\Dev\Dev2.Data.Tests\Dev2.Data.Tests.csproj]
C:\Program Files\dotnet\sdk\10.0.201\Microsoft.Common.CurrentVersion.targets(2451,5): warning MSB3277:             CalculationManager.WPF [C:\Users\ultra\warewolf\Dev\Dev2.Data.Tests\Dev2.Data.Tests.csproj]
C:\Program Files\dotnet\sdk\10.0.201\Microsoft.Common.CurrentVersion.targets(2451,5): warning MSB3277: Found conflicts between different versions of "System.Drawing.Common" that could not be resolved. [C:\Users\ultra\warewolf\Dev\Dev2.Data.Tests\Dev2.Data.Tests.csproj]
C:\Program Files\dotnet\sdk\10.0.201\Microsoft.Common.CurrentVersion.targets(2451,5): warning MSB3277: There was a conflict between "System.Drawing.Common, Version=6.0.0.0, Culture=neutral, PublicKeyToken=cc7b13ffcd2ddd51" and "System.Drawing.Common, Version=8.0.0.0, Culture=neutral, PublicKeyToken=cc7b13ffcd2ddd51". [C:\Users\ultra\warewolf\Dev\Dev2.Data.Tests\Dev2.Data.Tests.csproj]
C:\Program Files\dotnet\sdk\10.0.201\Microsoft.Common.CurrentVersion.targets(2451,5): warning MSB3277:     "System.Drawing.Common, Version=6.0.0.0, Culture=neutral, PublicKeyToken=cc7b13ffcd2ddd51" was chosen because it was primary and "System.Drawing.Common, Version=8.0.0.0, Culture=neutral, PublicKeyToken=cc7b13ffcd2ddd51" was not. [C:\Users\ultra\warewolf\Dev\Dev2.Data.Tests\Dev2.Data.Tests.csproj]
C:\Program Files\dotnet\sdk\10.0.201\Microsoft.Common.CurrentVersion.targets(2451,5): warning MSB3277:     References which depend on "System.Drawing.Common, Version=6.0.0.0, Culture=neutral, PublicKeyToken=cc7b13ffcd2ddd51" [C:\Users\ultra\.nuget\packages\system.drawing.common\6.0.0\lib\net6.0\System.Drawing.Common.dll]. [C:\Users\ultra\warewolf\Dev\Dev2.Data.Tests\Dev2.Data.Tests.csproj]
C:\Program Files\dotnet\sdk\10.0.201\Microsoft.Common.CurrentVersion.targets(2451,5): warning MSB3277:         C:\Users\ultra\.nuget\packages\system.drawing.common\6.0.0\lib\net6.0\System.Drawing.Common.dll [C:\Users\ultra\warewolf\Dev\Dev2.Data.Tests\Dev2.Data.Tests.csproj]
C:\Program Files\dotnet\sdk\10.0.201\Microsoft.Common.CurrentVersion.targets(2451,5): warning MSB3277:           Project file item includes which caused reference "C:\Users\ultra\.nuget\packages\system.drawing.common\6.0.0\lib\net6.0\System.Drawing.Common.dll". [C:\Users\ultra\warewolf\Dev\Dev2.Data.Tests\Dev2.Data.Tests.csproj]
C:\Program Files\dotnet\sdk\10.0.201\Microsoft.Common.CurrentVersion.targets(2451,5): warning MSB3277:             C:\Users\ultra\.nuget\packages\system.drawing.common\6.0.0\lib\net6.0\System.Drawing.Common.dll [C:\Users\ultra\warewolf\Dev\Dev2.Data.Tests\Dev2.Data.Tests.csproj]
C:\Program Files\dotnet\sdk\10.0.201\Microsoft.Common.CurrentVersion.targets(2451,5): warning MSB3277:     References which depend on or have been unified to "System.Drawing.Common, Version=8.0.0.0, Culture=neutral, PublicKeyToken=cc7b13ffcd2ddd51" []. [C:\Users\ultra\warewolf\Dev\Dev2.Data.Tests\Dev2.Data.Tests.csproj]
C:\Program Files\dotnet\sdk\10.0.201\Microsoft.Common.CurrentVersion.targets(2451,5): warning MSB3277:         C:\Users\ultra\.nuget\packages\servicestack\6.3.0\lib\net6.0\ServiceStack.dll [C:\Users\ultra\warewolf\Dev\Dev2.Data.Tests\Dev2.Data.Tests.csproj]
C:\Program Files\dotnet\sdk\10.0.201\Microsoft.Common.CurrentVersion.targets(2451,5): warning MSB3277:           Project file item includes which caused reference "C:\Users\ultra\.nuget\packages\servicestack\6.3.0\lib\net6.0\ServiceStack.dll". [C:\Users\ultra\warewolf\Dev\Dev2.Data.Tests\Dev2.Data.Tests.csproj]
C:\Program Files\dotnet\sdk\10.0.201\Microsoft.Common.CurrentVersion.targets(2451,5): warning MSB3277:             C:\Users\ultra\.nuget\packages\servicestack\6.3.0\lib\net6.0\ServiceStack.dll [C:\Users\ultra\warewolf\Dev\Dev2.Data.Tests\Dev2.Data.Tests.csproj]
C:\Program Files\dotnet\sdk\10.0.201\Microsoft.Common.CurrentVersion.targets(2451,5): warning MSB3277:         C:\Users\ultra\.nuget\packages\system.windows.extensions\8.0.0\lib\net8.0\System.Windows.Extensions.dll [C:\Users\ultra\warewolf\Dev\Dev2.Data.Tests\Dev2.Data.Tests.csproj]
C:\Program Files\dotnet\sdk\10.0.201\Microsoft.Common.CurrentVersion.targets(2451,5): warning MSB3277:           Project file item includes which caused reference "C:\Users\ultra\.nuget\packages\system.windows.extensions\8.0.0\lib\net8.0\System.Windows.Extensions.dll". [C:\Users\ultra\warewolf\Dev\Dev2.Data.Tests\Dev2.Data.Tests.csproj]
C:\Program Files\dotnet\sdk\10.0.201\Microsoft.Common.CurrentVersion.targets(2451,5): warning MSB3277:             C:\Users\ultra\.nuget\packages\system.windows.extensions\8.0.0\lib\net8.0\System.Windows.Extensions.dll [C:\Users\ultra\warewolf\Dev\Dev2.Data.Tests\Dev2.Data.Tests.csproj]
C:\Program Files\dotnet\sdk\10.0.201\Microsoft.Common.CurrentVersion.targets(2451,5): warning MSB3277:             C:\Users\ultra\.nuget\packages\extended.wpf.toolkit\4.4.0\lib\net5.0\Xceed.Wpf.Toolkit.NET5.dll [C:\Users\ultra\warewolf\Dev\Dev2.Data.Tests\Dev2.Data.Tests.csproj]
C:\Program Files\dotnet\sdk\10.0.201\Microsoft.Common.CurrentVersion.targets(2451,5): warning MSB3277:             C:\Users\ultra\.nuget\packages\system.security.permissions\8.0.0\lib\net8.0\System.Security.Permissions.dll [C:\Users\ultra\warewolf\Dev\Dev2.Data.Tests\Dev2.Data.Tests.csproj]
C:\Program Files\dotnet\sdk\10.0.201\Microsoft.Common.CurrentVersion.targets(2451,5): warning MSB3277:             C:\Users\ultra\warewolf\Dev\Dev2.Data\bin\Debug\net8.0\Dev2.Data.dll [C:\Users\ultra\warewolf\Dev\Dev2.Data.Tests\Dev2.Data.Tests.csproj]
C:\Program Files\dotnet\sdk\10.0.201\Microsoft.Common.CurrentVersion.targets(2451,5): warning MSB3277:             C:\Users\ultra\warewolf\Dev\Dev2.Activities\bin\Debug\net8.0\Dev2.Activities.dll [C:\Users\ultra\warewolf\Dev\Dev2.Data.Tests\Dev2.Data.Tests.csproj]
C:\Program Files\dotnet\sdk\10.0.201\Microsoft.Common.CurrentVersion.targets(2451,5): warning MSB3277:             C:\Users\ultra\warewolf\Dev\Dev2.Infrastructure.Tests\bin\Debug\net8.0\Dev2.Infrastructure.Tests.dll [C:\Users\ultra\warewolf\Dev\Dev2.Data.Tests\Dev2.Data.Tests.csproj]
C:\Program Files\dotnet\sdk\10.0.201\Microsoft.Common.CurrentVersion.targets(2451,5): warning MSB3277:             C:\Users\ultra\warewolf\Dev\Dev2.Runtime.Services\bin\Debug\net8.0\Dev2.Runtime.Services.dll [C:\Users\ultra\warewolf\Dev\Dev2.Data.Tests\Dev2.Data.Tests.csproj]
C:\Program Files\dotnet\sdk\10.0.201\Microsoft.Common.CurrentVersion.targets(2451,5): warning MSB3277:             C:\Users\ultra\warewolf\Dev\Dev2.Runtime.Tests\bin\Debug\net8.0\Dev2.Runtime.Tests.dll [C:\Users\ultra\warewolf\Dev\Dev2.Data.Tests\Dev2.Data.Tests.csproj]
C:\Program Files\dotnet\sdk\10.0.201\Microsoft.Common.CurrentVersion.targets(2451,5): warning MSB3277:             C:\Users\ultra\warewolf\Dev\Dev2.Activities.Tests\bin\Debug\net8.0\Dev2.Activities.Tests.dll [C:\Users\ultra\warewolf\Dev\Dev2.Data.Tests\Dev2.Data.Tests.csproj]
C:\Program Files\dotnet\sdk\10.0.201\Microsoft.Common.CurrentVersion.targets(2451,5): warning MSB3277:             C:\Users\ultra\warewolf\Dev\Dev2.Common.Tests\bin\Debug\net8.0\Dev2.Common.Tests.dll [C:\Users\ultra\warewolf\Dev\Dev2.Data.Tests\Dev2.Data.Tests.csproj]
C:\Program Files\dotnet\sdk\10.0.201\Microsoft.Common.CurrentVersion.targets(2451,5): warning MSB3277:             C:\Users\ultra\warewolf\Dev\Dev2.Core\bin\Debug\net8.0\Dev2.Core.dll [C:\Users\ultra\warewolf\Dev\Dev2.Data.Tests\Dev2.Data.Tests.csproj]
C:\Program Files\dotnet\sdk\10.0.201\Microsoft.Common.CurrentVersion.targets(2451,5): warning MSB3277:             C:\Users\ultra\warewolf\Dev\Dev2.Diagnostics.Tests\bin\Debug\net8.0\Dev2.Diagnostics.Tests.dll [C:\Users\ultra\warewolf\Dev\Dev2.Data.Tests\Dev2.Data.Tests.csproj]
C:\Program Files\dotnet\sdk\10.0.201\Microsoft.Common.CurrentVersion.targets(2451,5): warning MSB3277:             C:\Users\ultra\warewolf\Dev\Dev2.Intellisense\bin\Debug\net8.0\Dev2.Intellisense.dll [C:\Users\ultra\warewolf\Dev\Dev2.Data.Tests\Dev2.Data.Tests.csproj]
C:\Program Files\dotnet\sdk\10.0.201\Microsoft.Common.CurrentVersion.targets(2451,5): warning MSB3277:             C:\Users\ultra\warewolf\Dev\Dev2.Runtime\bin\Debug\net8.0\Dev2.Runtime.dll [C:\Users\ultra\warewolf\Dev\Dev2.Data.Tests\Dev2.Data.Tests.csproj]
C:\Program Files\dotnet\sdk\10.0.201\Microsoft.Common.CurrentVersion.targets(2451,5): warning MSB3277:             C:\Users\ultra\warewolf\Dev\Dev2.Runtime.WebServer\bin\Debug\net8.0\Dev2.Runtime.WebServer.dll [C:\Users\ultra\warewolf\Dev\Dev2.Data.Tests\Dev2.Data.Tests.csproj]
C:\Program Files\dotnet\sdk\10.0.201\Microsoft.Common.CurrentVersion.targets(2451,5): warning MSB3277:             C:\Users\ultra\warewolf\Dev\Dev2.Scheduler\bin\Debug\net8.0\Dev2.Scheduler.dll [C:\Users\ultra\warewolf\Dev\Dev2.Data.Tests\Dev2.Data.Tests.csproj]
C:\Program Files\dotnet\sdk\10.0.201\Microsoft.Common.CurrentVersion.targets(2451,5): warning MSB3277:             C:\Users\ultra\warewolf\Dev\Dev2.Services.Execution\bin\Debug\net8.0\Dev2.Services.Execution.dll [C:\Users\ultra\warewolf\Dev\Dev2.Data.Tests\Dev2.Data.Tests.csproj]
C:\Program Files\dotnet\sdk\10.0.201\Microsoft.Common.CurrentVersion.targets(2451,5): warning MSB3277:             C:\Users\ultra\warewolf\Dev\Dev2.Studio.Core\bin\Debug\net8.0\Dev2.Studio.Core.dll [C:\Users\ultra\warewolf\Dev\Dev2.Data.Tests\Dev2.Data.Tests.csproj]
C:\Program Files\dotnet\sdk\10.0.201\Microsoft.Common.CurrentVersion.targets(2451,5): warning MSB3277:             C:\Users\ultra\warewolf\Dev\Dev2.Studio.Interfaces\bin\Debug\net8.0\Dev2.Studio.Interfaces.dll [C:\Users\ultra\warewolf\Dev\Dev2.Data.Tests\Dev2.Data.Tests.csproj]
C:\Program Files\dotnet\sdk\10.0.201\Microsoft.Common.CurrentVersion.targets(2451,5): warning MSB3277:             C:\Users\ultra\warewolf\Dev\Warewolf.HangfireServer\bin\Debug\net8.0\HangfireServer.dll [C:\Users\ultra\warewolf\Dev\Dev2.Data.Tests\Dev2.Data.Tests.csproj]
C:\Program Files\dotnet\sdk\10.0.201\Microsoft.Common.CurrentVersion.targets(2451,5): warning MSB3277:             C:\Users\ultra\warewolf\Dev\Warewolf.QueueWorker\bin\Debug\net8.0\QueueWorker.dll [C:\Users\ultra\warewolf\Dev\Dev2.Data.Tests\Dev2.Data.Tests.csproj]
C:\Program Files\dotnet\sdk\10.0.201\Microsoft.Common.CurrentVersion.targets(2451,5): warning MSB3277:             C:\Users\ultra\warewolf\Dev\TestBase\bin\Debug\net8.0\TestBase.dll [C:\Users\ultra\warewolf\Dev\Dev2.Data.Tests\Dev2.Data.Tests.csproj]
C:\Program Files\dotnet\sdk\10.0.201\Microsoft.Common.CurrentVersion.targets(2451,5): warning MSB3277:             C:\Users\ultra\warewolf\Dev\Dev2.Server\bin\Debug\net8.0\Warewolf Server.dll [C:\Users\ultra\warewolf\Dev\Dev2.Data.Tests\Dev2.Data.Tests.csproj]
C:\Program Files\dotnet\sdk\10.0.201\Microsoft.Common.CurrentVersion.targets(2451,5): warning MSB3277:             C:\Users\ultra\warewolf\Dev\Dev2.Studio\bin\Debug\net8.0\Warewolf Studio.dll [C:\Users\ultra\warewolf\Dev\Dev2.Data.Tests\Dev2.Data.Tests.csproj]
C:\Program Files\dotnet\sdk\10.0.201\Microsoft.Common.CurrentVersion.targets(2451,5): warning MSB3277:             C:\Users\ultra\warewolf\Dev\Warewolf.Auditing\bin\Debug\net8.0\Warewolf.Auditing.dll [C:\Users\ultra\warewolf\Dev\Dev2.Data.Tests\Dev2.Data.Tests.csproj]
C:\Program Files\dotnet\sdk\10.0.201\Microsoft.Common.CurrentVersion.targets(2451,5): warning MSB3277:             C:\Users\ultra\warewolf\Dev\Warewolf.Common.Framework48\bin\Debug\net8.0\Warewolf.Common.Framework48.dll [C:\Users\ultra\warewolf\Dev\Dev2.Data.Tests\Dev2.Data.Tests.csproj]
C:\Program Files\dotnet\sdk\10.0.201\Microsoft.Common.CurrentVersion.targets(2451,5): warning MSB3277:             C:\Users\ultra\warewolf\Dev\Warewolf.Common.NetStandard20\bin\Debug\net8.0\Warewolf.Common.NetStandard20.dll [C:\Users\ultra\warewolf\Dev\Dev2.Data.Tests\Dev2.Data.Tests.csproj]
C:\Program Files\dotnet\sdk\10.0.201\Microsoft.Common.CurrentVersion.targets(2451,5): warning MSB3277:             C:\Users\ultra\warewolf\Dev\Warewolf.Core\bin\Debug\net8.0\Warewolf.Core.dll [C:\Users\ultra\warewolf\Dev\Dev2.Data.Tests\Dev2.Data.Tests.csproj]
C:\Program Files\dotnet\sdk\10.0.201\Microsoft.Common.CurrentVersion.targets(2451,5): warning MSB3277:             C:\Users\ultra\warewolf\Dev\Warewolf.Core.Tests\bin\Debug\net8.0\Warewolf.Core.Tests.dll [C:\Users\ultra\warewolf\Dev\Dev2.Data.Tests\Dev2.Data.Tests.csproj]
C:\Program Files\dotnet\sdk\10.0.201\Microsoft.Common.CurrentVersion.targets(2451,5): warning MSB3277:             C:\Users\ultra\warewolf\Dev\Warewolf.Driver.Persistence\bin\Debug\net8.0\Warewolf.Driver.Persistence.dll [C:\Users\ultra\warewolf\Dev\Dev2.Data.Tests\Dev2.Data.Tests.csproj]
C:\Program Files\dotnet\sdk\10.0.201\Microsoft.Common.CurrentVersion.targets(2451,5): warning MSB3277:             C:\Users\ultra\warewolf\Dev\Warewolf.Exchange.Email.Wrapper\bin\Debug\net8.0\Warewolf.Exchange.Email.Wrapper.dll [C:\Users\ultra\warewolf\Dev\Dev2.Data.Tests\Dev2.Data.Tests.csproj]
C:\Program Files\dotnet\sdk\10.0.201\Microsoft.Common.CurrentVersion.targets(2451,5): warning MSB3277:             C:\Users\ultra\warewolf\Dev\Warewolf.MergeParser.Tests\bin\Debug\net8.0\Warewolf.MergeParser.Tests.dll [C:\Users\ultra\warewolf\Dev\Dev2.Data.Tests\Dev2.Data.Tests.csproj]
C:\Program Files\dotnet\sdk\10.0.201\Microsoft.Common.CurrentVersion.targets(2451,5): warning MSB3277:             C:\Users\ultra\warewolf\Dev\Warewolf.ResourceManagement\bin\Debug\net8.0\Warewolf.ResourceManagement.dll [C:\Users\ultra\warewolf\Dev\Dev2.Data.Tests\Dev2.Data.Tests.csproj]
C:\Program Files\dotnet\sdk\10.0.201\Microsoft.Common.CurrentVersion.targets(2451,5): warning MSB3277:             C:\Users\ultra\warewolf\Dev\Warewolf.Studio.Core\bin\Debug\net8.0\Warewolf.Studio.Core.dll [C:\Users\ultra\warewolf\Dev\Dev2.Data.Tests\Dev2.Data.Tests.csproj]
C:\Program Files\dotnet\sdk\10.0.201\Microsoft.Common.CurrentVersion.targets(2451,5): warning MSB3277:             C:\Users\ultra\warewolf\Dev\Warewolf.Studio.CustomControls\bin\Debug\net8.0\Warewolf.Studio.CustomControls.dll [C:\Users\ultra\warewolf\Dev\Dev2.Data.Tests\Dev2.Data.Tests.csproj]
C:\Program Files\dotnet\sdk\10.0.201\Microsoft.Common.CurrentVersion.targets(2451,5): warning MSB3277:             C:\Users\ultra\warewolf\Dev\Warewolf.Studio.Models\bin\Debug\net8.0\Warewolf.Studio.Models.dll [C:\Users\ultra\warewolf\Dev\Dev2.Data.Tests\Dev2.Data.Tests.csproj]
C:\Program Files\dotnet\sdk\10.0.201\Microsoft.Common.CurrentVersion.targets(2451,5): warning MSB3277:             C:\Users\ultra\warewolf\Dev\Warewolf.Studio.ViewModels\bin\Debug\net8.0\Warewolf.Studio.ViewModels.dll [C:\Users\ultra\warewolf\Dev\Dev2.Data.Tests\Dev2.Data.Tests.csproj]
C:\Program Files\dotnet\sdk\10.0.201\Microsoft.Common.CurrentVersion.targets(2451,5): warning MSB3277:             C:\Users\ultra\warewolf\Dev\Warewolf.Testing\bin\Debug\net8.0\Warewolf.Testing.dll [C:\Users\ultra\warewolf\Dev\Dev2.Data.Tests\Dev2.Data.Tests.csproj]
C:\Program Files\dotnet\sdk\10.0.201\Microsoft.Common.CurrentVersion.targets(2451,5): warning MSB3277:             C:\Users\ultra\warewolf\Dev\Warewolf.Trigger.Queue\bin\Debug\net8.0\Warewolf.Trigger.Queue.dll [C:\Users\ultra\warewolf\Dev\Dev2.Data.Tests\Dev2.Data.Tests.csproj]
C:\Program Files\dotnet\sdk\10.0.201\Microsoft.Common.CurrentVersion.targets(2451,5): warning MSB3277:             C:\Users\ultra\warewolf\Dev\Warewolf.UI\bin\Debug\net8.0\Warewolf.UI.dll [C:\Users\ultra\warewolf\Dev\Dev2.Data.Tests\Dev2.Data.Tests.csproj]
C:\Program Files\dotnet\sdk\10.0.201\Microsoft.Common.CurrentVersion.targets(2451,5): warning MSB3277:             C:\Users\ultra\warewolf\Dev\Warewolf.Logger\bin\Debug\net8.0\WarewolfLogger.dll [C:\Users\ultra\warewolf\Dev\Dev2.Data.Tests\Dev2.Data.Tests.csproj]
C:\Program Files\dotnet\sdk\10.0.201\Microsoft.Common.CurrentVersion.targets(2451,5): warning MSB3277:             C:\Users\ultra\.nuget\packages\dotnetzip\1.16.0\lib\netstandard2.0\DotNetZip.dll [C:\Users\ultra\warewolf\Dev\Dev2.Data.Tests\Dev2.Data.Tests.csproj]
C:\Program Files\dotnet\sdk\10.0.201\Microsoft.Common.CurrentVersion.targets(2451,5): warning MSB3277:             C:\Users\ultra\warewolf\Dev\Dev2.Common\bin\Debug\net8.0\Dev2.Common.dll [C:\Users\ultra\warewolf\Dev\Dev2.Data.Tests\Dev2.Data.Tests.csproj]
C:\Program Files\dotnet\sdk\10.0.201\Microsoft.Common.CurrentVersion.targets(2451,5): warning MSB3277:             C:\Users\ultra\warewolf\Dev\Dev2.Data.Interfaces\bin\Debug\net8.0\Dev2.Data.Interfaces.dll [C:\Users\ultra\warewolf\Dev\Dev2.Data.Tests\Dev2.Data.Tests.csproj]
C:\Program Files\dotnet\sdk\10.0.201\Microsoft.Common.CurrentVersion.targets(2451,5): warning MSB3277:             C:\Users\ultra\warewolf\Dev\Dev2.Diagnostics\bin\Debug\net8.0\Dev2.Diagnostics.dll [C:\Users\ultra\warewolf\Dev\Dev2.Data.Tests\Dev2.Data.Tests.csproj]
C:\Program Files\dotnet\sdk\10.0.201\Microsoft.Common.CurrentVersion.targets(2451,5): warning MSB3277:             C:\Users\ultra\warewolf\Dev\Dev2.Infrastructure\bin\Debug\net8.0\Dev2.Infrastructure.dll [C:\Users\ultra\warewolf\Dev\Dev2.Data.Tests\Dev2.Data.Tests.csproj]
C:\Program Files\dotnet\sdk\10.0.201\Microsoft.Common.CurrentVersion.targets(2451,5): warning MSB3277:             C:\Users\ultra\warewolf\Dev\Warewolf.Sharepoint\bin\Debug\net8.0\Warewolf.Sharepoint.dll [C:\Users\ultra\warewolf\Dev\Dev2.Data.Tests\Dev2.Data.Tests.csproj]
C:\Program Files\dotnet\sdk\10.0.201\Microsoft.Common.CurrentVersion.targets(2451,5): warning MSB3277:             C:\Users\ultra\warewolf\Dev\Warewolf.Storage\bin\Debug\net8.0\Warewolf.Storage.dll [C:\Users\ultra\warewolf\Dev\Dev2.Data.Tests\Dev2.Data.Tests.csproj]
C:\Program Files\dotnet\sdk\10.0.201\Microsoft.Common.CurrentVersion.targets(2451,5): warning MSB3277:             C:\Users\ultra\warewolf\Dev\Dev2.Development.Languages\bin\Debug\net8.0\Dev2.Development.Languages.dll [C:\Users\ultra\warewolf\Dev\Dev2.Data.Tests\Dev2.Data.Tests.csproj]
C:\Program Files\dotnet\sdk\10.0.201\Microsoft.Common.CurrentVersion.targets(2451,5): warning MSB3277:             C:\Users\ultra\warewolf\Dev\Dev2.Services.Sql\bin\Debug\net8.0\Dev2.Services.Sql.dll [C:\Users\ultra\warewolf\Dev\Dev2.Data.Tests\Dev2.Data.Tests.csproj]
C:\Program Files\dotnet\sdk\10.0.201\Microsoft.Common.CurrentVersion.targets(2451,5): warning MSB3277:             C:\Users\ultra\warewolf\Dev\Dev2.TaskScheduler.Wrappers\bin\Debug\net8.0\Dev2.TaskScheduler.Wrappers.dll [C:\Users\ultra\warewolf\Dev\Dev2.Data.Tests\Dev2.Data.Tests.csproj]
C:\Program Files\dotnet\sdk\10.0.201\Microsoft.Common.CurrentVersion.targets(2451,5): warning MSB3277:             C:\Users\ultra\warewolf\Dev\Dev2.Util\bin\Debug\net8.0\Dev2.Util.dll [C:\Users\ultra\warewolf\Dev\Dev2.Data.Tests\Dev2.Data.Tests.csproj]
C:\Program Files\dotnet\sdk\10.0.201\Microsoft.Common.CurrentVersion.targets(2451,5): warning MSB3277:             C:\Users\ultra\warewolf\Dev\Warewolf.AI.Harness\bin\Debug\net8.0\Warewolf.AI.Harness.dll [C:\Users\ultra\warewolf\Dev\Dev2.Data.Tests\Dev2.Data.Tests.csproj]
C:\Program Files\dotnet\sdk\10.0.201\Microsoft.Common.CurrentVersion.targets(2451,5): warning MSB3277:             C:\Users\ultra\warewolf\Dev\Warewolf.Driver.Serilog\bin\Debug\net8.0\Warewolf.Driver.Serilog.dll [C:\Users\ultra\warewolf\Dev\Dev2.Data.Tests\Dev2.Data.Tests.csproj]
C:\Program Files\dotnet\sdk\10.0.201\Microsoft.Common.CurrentVersion.targets(2451,5): warning MSB3277:             C:\Users\ultra\warewolf\Dev\Warewolf.PerfMon\bin\Debug\net8.0\Warewolf.PerfMon.dll [C:\Users\ultra\warewolf\Dev\Dev2.Data.Tests\Dev2.Data.Tests.csproj]
C:\Program Files\dotnet\sdk\10.0.201\Microsoft.Common.CurrentVersion.targets(2451,5): warning MSB3277:             C:\Users\ultra\.nuget\packages\mindbox.data.linq\5.0.0\lib\netstandard2.0\Mindbox.Data.Linq.dll [C:\Users\ultra\warewolf\Dev\Dev2.Data.Tests\Dev2.Data.Tests.csproj]
C:\Program Files\dotnet\sdk\10.0.201\Microsoft.Common.CurrentVersion.targets(2451,5): warning MSB3277:             C:\Users\ultra\.nuget\packages\mysql.data\8.4.0\lib\net8.0\MySql.Data.dll [C:\Users\ultra\warewolf\Dev\Dev2.Data.Tests\Dev2.Data.Tests.csproj]
C:\Program Files\dotnet\sdk\10.0.201\Microsoft.Common.CurrentVersion.targets(2451,5): warning MSB3277:             C:\Users\ultra\.nuget\packages\oracle.manageddataaccess.core\3.21.70\lib\netstandard2.1\Oracle.ManagedDataAccess.dll [C:\Users\ultra\warewolf\Dev\Dev2.Data.Tests\Dev2.Data.Tests.csproj]
C:\Program Files\dotnet\sdk\10.0.201\Microsoft.Common.CurrentVersion.targets(2451,5): warning MSB3277:             C:\Users\ultra\.nuget\packages\system.directoryservices\6.0.0\lib\net6.0\System.DirectoryServices.dll [C:\Users\ultra\warewolf\Dev\Dev2.Data.Tests\Dev2.Data.Tests.csproj]
C:\Program Files\dotnet\sdk\10.0.201\Microsoft.Common.CurrentVersion.targets(2451,5): warning MSB3277:             C:\Users\ultra\.nuget\packages\corewcf.primitives\1.2.1\lib\netstandard2.0\CoreWCF.Primitives.dll [C:\Users\ultra\warewolf\Dev\Dev2.Data.Tests\Dev2.Data.Tests.csproj]
C:\Program Files\dotnet\sdk\10.0.201\Microsoft.Common.CurrentVersion.targets(2451,5): warning MSB3277:             C:\Users\ultra\.nuget\packages\corewcf.http\1.2.1\lib\netstandard2.0\CoreWCF.Http.dll [C:\Users\ultra\warewolf\Dev\Dev2.Data.Tests\Dev2.Data.Tests.csproj]
C:\Program Files\dotnet\sdk\10.0.201\Microsoft.Common.CurrentVersion.targets(2451,5): warning MSB3277:             C:\Users\ultra\.nuget\packages\corewcf.nettcp\1.2.1\lib\netstandard2.0\CoreWCF.NetTcp.dll [C:\Users\ultra\warewolf\Dev\Dev2.Data.Tests\Dev2.Data.Tests.csproj]
C:\Program Files\dotnet\sdk\10.0.201\Microsoft.Common.CurrentVersion.targets(2451,5): warning MSB3277:             C:\Users\ultra\.nuget\packages\corewcf.webhttp\1.2.1\lib\netstandard2.0\CoreWCF.WebHttp.dll [C:\Users\ultra\warewolf\Dev\Dev2.Data.Tests\Dev2.Data.Tests.csproj]
C:\Program Files\dotnet\sdk\10.0.201\Microsoft.Common.CurrentVersion.targets(2451,5): warning MSB3277:             C:\Program Files\dotnet\packs\Microsoft.NETCore.App.Ref\8.0.25\ref/net8.0/System.Configuration.dll [C:\Users\ultra\warewolf\Dev\Dev2.Data.Tests\Dev2.Data.Tests.csproj]
C:\Program Files\dotnet\sdk\10.0.201\Microsoft.Common.CurrentVersion.targets(2451,5): warning MSB3277:             C:\Users\ultra\.nuget\packages\prism.composition\5.0.0\lib\NET45\Microsoft.Practices.Prism.Composition.dll [C:\Users\ultra\warewolf\Dev\Dev2.Data.Tests\Dev2.Data.Tests.csproj]
C:\Program Files\dotnet\sdk\10.0.201\Microsoft.Common.CurrentVersion.targets(2451,5): warning MSB3277:             C:\Users\ultra\.nuget\packages\prism.unityextensions\5.0.1\lib\NET45\Microsoft.Practices.Prism.UnityExtensions.dll [C:\Users\ultra\warewolf\Dev\Dev2.Data.Tests\Dev2.Data.Tests.csproj]
C:\Program Files\dotnet\sdk\10.0.201\Microsoft.Common.CurrentVersion.targets(2451,5): warning MSB3277:             C:\Users\ultra\.nuget\packages\prism.wpf\9.0.537\lib\net462\Prism.Wpf.dll [C:\Users\ultra\warewolf\Dev\Dev2.Data.Tests\Dev2.Data.Tests.csproj]
C:\Program Files\dotnet\sdk\10.0.201\Microsoft.Common.CurrentVersion.targets(2451,5): warning MSB3277:             C:\Program Files\dotnet\packs\Microsoft.NETCore.App.Ref\8.0.25\ref/net8.0/System.Data.dll [C:\Users\ultra\warewolf\Dev\Dev2.Data.Tests\Dev2.Data.Tests.csproj]
C:\Program Files\dotnet\sdk\10.0.201\Microsoft.Common.CurrentVersion.targets(2451,5): warning MSB3277:             C:\Users\ultra\.nuget\packages\taskschedulereditor\2.10.1\lib\net452\Microsoft.Win32.TaskSchedulerEditor.dll [C:\Users\ultra\warewolf\Dev\Dev2.Data.Tests\Dev2.Data.Tests.csproj]
C:\Program Files\dotnet\sdk\10.0.201\Microsoft.Common.CurrentVersion.targets(2451,5): warning MSB3277:             C:\Program Files\dotnet\packs\Microsoft.NETCore.App.Ref\8.0.25\ref/net8.0/System.Drawing.dll [C:\Users\ultra\warewolf\Dev\Dev2.Data.Tests\Dev2.Data.Tests.csproj]
C:\Program Files\dotnet\sdk\10.0.201\Microsoft.Common.CurrentVersion.targets(2451,5): warning MSB3277:             C:\Users\ultra\.nuget\packages\aerowizard\2.3.1\lib\net45\AeroWizard.dll [C:\Users\ultra\warewolf\Dev\Dev2.Data.Tests\Dev2.Data.Tests.csproj]
C:\Program Files\dotnet\sdk\10.0.201\Microsoft.Common.CurrentVersion.targets(2451,5): warning MSB3277:             C:\Users\ultra\.nuget\packages\avalonedit\6.3.0.90\lib\net462\ICSharpCode.AvalonEdit.dll [C:\Users\ultra\warewolf\Dev\Dev2.Data.Tests\Dev2.Data.Tests.csproj]
C:\Program Files\dotnet\sdk\10.0.201\Microsoft.Common.CurrentVersion.targets(2451,5): warning MSB3277:             C:\Users\ultra\.nuget\packages\groupcontrols\1.9.0\lib\net45\GroupControls.dll [C:\Users\ultra\warewolf\Dev\Dev2.Data.Tests\Dev2.Data.Tests.csproj]
C:\Program Files\dotnet\sdk\10.0.201\Microsoft.Common.CurrentVersion.targets(2451,5): warning MSB3277:             C:\Program Files\dotnet\packs\Microsoft.NETCore.App.Ref\8.0.25\ref/net8.0/System.Net.dll [C:\Users\ultra\warewolf\Dev\Dev2.Data.Tests\Dev2.Data.Tests.csproj]
C:\Program Files\dotnet\sdk\10.0.201\Microsoft.Common.CurrentVersion.targets(2451,5): warning MSB3277:             C:\Program Files\dotnet\packs\Microsoft.NETCore.App.Ref\8.0.25\ref/net8.0/System.Security.dll [C:\Users\ultra\warewolf\Dev\Dev2.Data.Tests\Dev2.Data.Tests.csproj]
C:\Program Files\dotnet\sdk\10.0.201\Microsoft.Common.CurrentVersion.targets(2451,5): warning MSB3277:             C:\Program Files\dotnet\packs\Microsoft.NETCore.App.Ref\8.0.25\ref/net8.0/System.ServiceProcess.dll [C:\Users\ultra\warewolf\Dev\Dev2.Data.Tests\Dev2.Data.Tests.csproj]
C:\Program Files\dotnet\sdk\10.0.201\Microsoft.Common.CurrentVersion.targets(2451,5): warning MSB3277:             C:\Program Files\dotnet\packs\Microsoft.NETCore.App.Ref\8.0.25\ref/net8.0/System.Transactions.dll [C:\Users\ultra\warewolf\Dev\Dev2.Data.Tests\Dev2.Data.Tests.csproj]
C:\Program Files\dotnet\sdk\10.0.201\Microsoft.Common.CurrentVersion.targets(2451,5): warning MSB3277:             C:\Program Files\dotnet\packs\Microsoft.NETCore.App.Ref\8.0.25\ref/net8.0/System.dll [C:\Users\ultra\warewolf\Dev\Dev2.Data.Tests\Dev2.Data.Tests.csproj]
C:\Program Files\dotnet\sdk\10.0.201\Microsoft.Common.CurrentVersion.targets(2451,5): warning MSB3277:             C:\Users\ultra\.nuget\packages\fontawesome.wpf\4.7.0.9\lib\net40\FontAwesome.WPF.dll [C:\Users\ultra\warewolf\Dev\Dev2.Data.Tests\Dev2.Data.Tests.csproj]
C:\Program Files\dotnet\sdk\10.0.201\Microsoft.Common.CurrentVersion.targets(2451,5): warning MSB3277:             C:\Users\ultra\.nuget\packages\log4net.async\2.0.4\lib\net40\Log4Net.Async.dll [C:\Users\ultra\warewolf\Dev\Dev2.Data.Tests\Dev2.Data.Tests.csproj]
C:\Program Files\dotnet\sdk\10.0.201\Microsoft.Common.CurrentVersion.targets(2451,5): warning MSB3277:             C:\Users\ultra\.nuget\packages\microsoft.xaml.behaviors.wpf\1.1.122\lib\net462\Microsoft.Xaml.Behaviors.dll [C:\Users\ultra\warewolf\Dev\Dev2.Data.Tests\Dev2.Data.Tests.csproj]
C:\Program Files\dotnet\sdk\10.0.201\Microsoft.Common.CurrentVersion.targets(2451,5): warning MSB3277:             C:\Users\ultra\.nuget\packages\caliburn.micro\4.0.212\lib\netcoreapp3.1\Caliburn.Micro.Platform.dll [C:\Users\ultra\warewolf\Dev\Dev2.Data.Tests\Dev2.Data.Tests.csproj]
C:\Program Files\dotnet\sdk\10.0.201\Microsoft.Common.CurrentVersion.targets(2451,5): warning MSB3277:             C:\Users\ultra\.nuget\packages\prism.interactivity\5.0.0\lib\NET45\Microsoft.Practices.Prism.Interactivity.dll [C:\Users\ultra\warewolf\Dev\Dev2.Data.Tests\Dev2.Data.Tests.csproj]
C:\Program Files\dotnet\sdk\10.0.201\Microsoft.Common.CurrentVersion.targets(2451,5): warning MSB3277:             C:\Users\ultra\.nuget\packages\prism.mvvm\1.0.0\lib\net45\Microsoft.Practices.Prism.Mvvm.Desktop.dll [C:\Users\ultra\warewolf\Dev\Dev2.Data.Tests\Dev2.Data.Tests.csproj]
C:\Program Files\dotnet\sdk\10.0.201\Microsoft.Common.CurrentVersion.targets(2451,5): warning MSB3277:             C:\Users\ultra\.nuget\packages\reactiveui.wpf\18.4.1\lib\net462\ReactiveUI.Wpf.dll [C:\Users\ultra\warewolf\Dev\Dev2.Data.Tests\Dev2.Data.Tests.csproj]
C:\Program Files\dotnet\sdk\10.0.201\Microsoft.Common.CurrentVersion.targets(2451,5): warning MSB3277:             C:\Users\ultra\.nuget\packages\ttcue.netcore.sharepointonline.csom.16.1.8029.1200\16.1.8029.1200\lib\netcoreapp2.0\Microsoft.SharePoint.Client.Runtime.Windows.dll [C:\Users\ultra\warewolf\Dev\Dev2.Data.Tests\Dev2.Data.Tests.csproj]
C:\Program Files\dotnet\sdk\10.0.201\Microsoft.Common.CurrentVersion.targets(2451,5): warning MSB3277:             C:\Program Files\dotnet\packs\Microsoft.NETCore.App.Ref\8.0.25\ref/net8.0/WindowsBase.dll [C:\Users\ultra\warewolf\Dev\Dev2.Data.Tests\Dev2.Data.Tests.csproj]
C:\Program Files\dotnet\sdk\10.0.201\Microsoft.Common.CurrentVersion.targets(2451,5): warning MSB3277:             C:\Program Files\dotnet\packs\Microsoft.NETCore.App.Ref\8.0.25\ref/net8.0/mscorlib.dll [C:\Users\ultra\warewolf\Dev\Dev2.Data.Tests\Dev2.Data.Tests.csproj]
C:\Program Files\dotnet\sdk\10.0.201\Microsoft.Common.CurrentVersion.targets(2451,5): warning MSB3277:             C:\Users\ultra\.nuget\packages\hangfire.core\1.7.32\lib\netstandard2.0\Hangfire.Core.dll [C:\Users\ultra\warewolf\Dev\Dev2.Data.Tests\Dev2.Data.Tests.csproj]
C:\Program Files\dotnet\sdk\10.0.201\Microsoft.Common.CurrentVersion.targets(2451,5): warning MSB3277:             C:\Users\ultra\.nuget\packages\hangfire.aspnetcore\1.7.32\lib\netcoreapp3.0\Hangfire.AspNetCore.dll [C:\Users\ultra\warewolf\Dev\Dev2.Data.Tests\Dev2.Data.Tests.csproj]
C:\Program Files\dotnet\sdk\10.0.201\Microsoft.Common.CurrentVersion.targets(2451,5): warning MSB3277:             C:\Users\ultra\.nuget\packages\hangfire.sqlserver\1.7.32\lib\netstandard2.0\Hangfire.SqlServer.dll [C:\Users\ultra\warewolf\Dev\Dev2.Data.Tests\Dev2.Data.Tests.csproj]
C:\Program Files\dotnet\sdk\10.0.201\Microsoft.Common.CurrentVersion.targets(2451,5): warning MSB3277:             C:\Users\ultra\.nuget\packages\microsoft.codecoverage\17.13.0\lib\netcoreapp3.1\Microsoft.VisualStudio.CodeCoverage.Shim.dll [C:\Users\ultra\warewolf\Dev\Dev2.Data.Tests\Dev2.Data.Tests.csproj]
C:\Program Files\dotnet\sdk\10.0.201\Microsoft.Common.CurrentVersion.targets(2451,5): warning MSB3277:             C:\Users\ultra\.nuget\packages\unofficial.microsoft.mshtml\7.0.3300\lib\net40\Microsoft.mshtml.dll [C:\Users\ultra\warewolf\Dev\Dev2.Data.Tests\Dev2.Data.Tests.csproj]
C:\Program Files\dotnet\sdk\10.0.201\Microsoft.Common.CurrentVersion.targets(2451,5): warning MSB3277:             CalculationManager.WPF [C:\Users\ultra\warewolf\Dev\Dev2.Data.Tests\Dev2.Data.Tests.csproj]
C:\Program Files\dotnet\sdk\10.0.201\Microsoft.Common.CurrentVersion.targets(2451,5): warning MSB3277:         C:\Program Files\dotnet\packs\Microsoft.NETCore.App.Ref\8.0.25\ref\net8.0\System.Drawing.dll [C:\Users\ultra\warewolf\Dev\Dev2.Data.Tests\Dev2.Data.Tests.csproj]
C:\Program Files\dotnet\sdk\10.0.201\Microsoft.Common.CurrentVersion.targets(2451,5): warning MSB3277:           Project file item includes which caused reference "C:\Program Files\dotnet\packs\Microsoft.NETCore.App.Ref\8.0.25\ref\net8.0\System.Drawing.dll". [C:\Users\ultra\warewolf\Dev\Dev2.Data.Tests\Dev2.Data.Tests.csproj]
C:\Program Files\dotnet\sdk\10.0.201\Microsoft.Common.CurrentVersion.targets(2451,5): warning MSB3277:             C:\Program Files\dotnet\packs\Microsoft.NETCore.App.Ref\8.0.25\ref/net8.0/System.Drawing.dll [C:\Users\ultra\warewolf\Dev\Dev2.Data.Tests\Dev2.Data.Tests.csproj]
C:\Program Files\dotnet\sdk\10.0.201\Microsoft.Common.CurrentVersion.targets(2451,5): warning MSB3277:             C:\Users\ultra\.nuget\packages\aerowizard\2.3.1\lib\net45\AeroWizard.dll [C:\Users\ultra\warewolf\Dev\Dev2.Data.Tests\Dev2.Data.Tests.csproj]
C:\Program Files\dotnet\sdk\10.0.201\Microsoft.Common.CurrentVersion.targets(2451,5): warning MSB3277:             C:\Users\ultra\.nuget\packages\avalonedit\6.3.0.90\lib\net462\ICSharpCode.AvalonEdit.dll [C:\Users\ultra\warewolf\Dev\Dev2.Data.Tests\Dev2.Data.Tests.csproj]
C:\Program Files\dotnet\sdk\10.0.201\Microsoft.Common.CurrentVersion.targets(2451,5): warning MSB3277:             C:\Users\ultra\.nuget\packages\groupcontrols\1.9.0\lib\net45\GroupControls.dll [C:\Users\ultra\warewolf\Dev\Dev2.Data.Tests\Dev2.Data.Tests.csproj]
C:\Program Files\dotnet\sdk\10.0.201\Microsoft.Common.CurrentVersion.targets(2451,5): warning MSB3277:             C:\Users\ultra\.nuget\packages\taskschedulereditor\2.10.1\lib\net452\Microsoft.Win32.TaskSchedulerEditor.dll [C:\Users\ultra\warewolf\Dev\Dev2.Data.Tests\Dev2.Data.Tests.csproj]
  Dev2.Activities.Specs -> C:\Users\ultra\warewolf\Dev\Dev2.Activities.Specs\bin\Debug\net8.0\Dev2.Activities.Specs.dll
C:\Users\ultra\warewolf\Dev\Dev2.Data.Tests\EnumTests\enTypeOfSystemInformationTests.cs(23,21): warning MSTEST0005: Property 'TestContext' should be valid (https://learn.microsoft.com/dotnet/core/testing/mstest-analyzers/mstest0005) [C:\Users\ultra\warewolf\Dev\Dev2.Data.Tests\Dev2.Data.Tests.csproj]
C:\Users\ultra\warewolf\Dev\Dev2.Data.Tests\Operations\Dev2IndexFinderTests.cs(24,21): warning MSTEST0005: Property 'TestContext' should be valid (https://learn.microsoft.com/dotnet/core/testing/mstest-analyzers/mstest0005) [C:\Users\ultra\warewolf\Dev\Dev2.Data.Tests\Dev2.Data.Tests.csproj]
C:\Users\ultra\warewolf\Dev\Dev2.Data.Tests\PathOperations\DoDeleteOperationTests.cs(107,67): warning CA1416: This call site is reachable on all platforms. 'WindowsIdentity.GetCurrent()' is only supported on: 'windows'. (https://learn.microsoft.com/dotnet/fundamentals/code-analysis/quality-rules/ca1416) [C:\Users\ultra\warewolf\Dev\Dev2.Data.Tests\Dev2.Data.Tests.csproj]
C:\Users\ultra\warewolf\Dev\Dev2.Data.Tests\PathOperations\DoDeleteOperationTests.cs(78,67): warning CA1416: This call site is reachable on all platforms. 'WindowsIdentity.GetCurrent()' is only supported on: 'windows'. (https://learn.microsoft.com/dotnet/fundamentals/code-analysis/quality-rules/ca1416) [C:\Users\ultra\warewolf\Dev\Dev2.Data.Tests\Dev2.Data.Tests.csproj]
C:\Users\ultra\warewolf\Dev\Dev2.Data.Tests\PathOperations\DoGetFilesAsPerTypeOperationTests.cs(142,4): warning CA1416: This call site is reachable on all platforms. 'WindowsIdentity' is only supported on: 'windows'. (https://learn.microsoft.com/dotnet/fundamentals/code-analysis/quality-rules/ca1416) [C:\Users\ultra\warewolf\Dev\Dev2.Data.Tests\Dev2.Data.Tests.csproj]
C:\Users\ultra\warewolf\Dev\Dev2.Data.Tests\PathOperations\DoGetFilesAsPerTypeOperationTests.cs(113,67): warning CA1416: This call site is reachable on all platforms. 'WindowsIdentity.GetCurrent()' is only supported on: 'windows'. (https://learn.microsoft.com/dotnet/fundamentals/code-analysis/quality-rules/ca1416) [C:\Users\ultra\warewolf\Dev\Dev2.Data.Tests\Dev2.Data.Tests.csproj]
C:\Users\ultra\warewolf\Dev\Dev2.Data.Tests\PathOperations\DoGetFilesAsPerTypeOperationTests.cs(142,4): warning CA1416: This call site is reachable on all platforms. 'WindowsIdentity' is only supported on: 'windows'. (https://learn.microsoft.com/dotnet/fundamentals/code-analysis/quality-rules/ca1416) [C:\Users\ultra\warewolf\Dev\Dev2.Data.Tests\Dev2.Data.Tests.csproj]
C:\Users\ultra\warewolf\Dev\Dev2.Data.Tests\PathOperations\DoDeleteOperationTests.cs(107,4): warning CA1416: This call site is reachable on all platforms. 'WindowsIdentity' is only supported on: 'windows'. (https://learn.microsoft.com/dotnet/fundamentals/code-analysis/quality-rules/ca1416) [C:\Users\ultra\warewolf\Dev\Dev2.Data.Tests\Dev2.Data.Tests.csproj]
C:\Users\ultra\warewolf\Dev\Dev2.Data.Tests\PathOperations\DoGetFilesAsPerTypeOperationTests.cs(113,4): warning CA1416: This call site is reachable on all platforms. 'WindowsIdentity' is only supported on: 'windows'. (https://learn.microsoft.com/dotnet/fundamentals/code-analysis/quality-rules/ca1416) [C:\Users\ultra\warewolf\Dev\Dev2.Data.Tests\Dev2.Data.Tests.csproj]
C:\Users\ultra\warewolf\Dev\Dev2.Data.Tests\PathOperations\DoDeleteOperationTests.cs(78,4): warning CA1416: This call site is reachable on all platforms. 'WindowsIdentity' is only supported on: 'windows'. (https://learn.microsoft.com/dotnet/fundamentals/code-analysis/quality-rules/ca1416) [C:\Users\ultra\warewolf\Dev\Dev2.Data.Tests\Dev2.Data.Tests.csproj]
C:\Users\ultra\warewolf\Dev\Dev2.Data.Tests\PathOperations\DoDeleteOperationTests.cs(107,4): warning CA1416: This call site is reachable on all platforms. 'WindowsIdentity' is only supported on: 'windows'. (https://learn.microsoft.com/dotnet/fundamentals/code-analysis/quality-rules/ca1416) [C:\Users\ultra\warewolf\Dev\Dev2.Data.Tests\Dev2.Data.Tests.csproj]
C:\Users\ultra\warewolf\Dev\Dev2.Data.Tests\PathOperations\DoPathExistOperationTests.cs(142,67): warning CA1416: This call site is reachable on all platforms. 'WindowsIdentity.GetCurrent()' is only supported on: 'windows'. (https://learn.microsoft.com/dotnet/fundamentals/code-analysis/quality-rules/ca1416) [C:\Users\ultra\warewolf\Dev\Dev2.Data.Tests\Dev2.Data.Tests.csproj]
C:\Users\ultra\warewolf\Dev\Dev2.Data.Tests\PathOperations\DoPathExistOperationTests.cs(196,67): warning CA1416: This call site is reachable on all platforms. 'WindowsIdentity.GetCurrent()' is only supported on: 'windows'. (https://learn.microsoft.com/dotnet/fundamentals/code-analysis/quality-rules/ca1416) [C:\Users\ultra\warewolf\Dev\Dev2.Data.Tests\Dev2.Data.Tests.csproj]
C:\Users\ultra\warewolf\Dev\Dev2.Data.Tests\PathOperations\DoGetFilesAsPerTypeOperationTests.cs(113,4): warning CA1416: This call site is reachable on all platforms. 'WindowsIdentity' is only supported on: 'windows'. (https://learn.microsoft.com/dotnet/fundamentals/code-analysis/quality-rules/ca1416) [C:\Users\ultra\warewolf\Dev\Dev2.Data.Tests\Dev2.Data.Tests.csproj]
C:\Users\ultra\warewolf\Dev\Dev2.Data.Tests\PathOperations\DoDeleteOperationTests.cs(78,4): warning CA1416: This call site is reachable on all platforms. 'WindowsIdentity' is only supported on: 'windows'. (https://learn.microsoft.com/dotnet/fundamentals/code-analysis/quality-rules/ca1416) [C:\Users\ultra\warewolf\Dev\Dev2.Data.Tests\Dev2.Data.Tests.csproj]
C:\Users\ultra\warewolf\Dev\Dev2.Data.Tests\PathOperations\DoGetFilesAsPerTypeOperationTests.cs(142,67): warning CA1416: This call site is reachable on all platforms. 'WindowsIdentity.GetCurrent()' is only supported on: 'windows'. (https://learn.microsoft.com/dotnet/fundamentals/code-analysis/quality-rules/ca1416) [C:\Users\ultra\warewolf\Dev\Dev2.Data.Tests\Dev2.Data.Tests.csproj]
C:\Users\ultra\warewolf\Dev\Dev2.Data.Tests\PathOperations\DoPathExistOperationTests.cs(142,4): warning CA1416: This call site is reachable on all platforms. 'WindowsIdentity' is only supported on: 'windows'. (https://learn.microsoft.com/dotnet/fundamentals/code-analysis/quality-rules/ca1416) [C:\Users\ultra\warewolf\Dev\Dev2.Data.Tests\Dev2.Data.Tests.csproj]
C:\Users\ultra\warewolf\Dev\Dev2.Data.Tests\PathOperations\DoPathExistOperationTests.cs(196,4): warning CA1416: This call site is reachable on all platforms. 'WindowsIdentity' is only supported on: 'windows'. (https://learn.microsoft.com/dotnet/fundamentals/code-analysis/quality-rules/ca1416) [C:\Users\ultra\warewolf\Dev\Dev2.Data.Tests\Dev2.Data.Tests.csproj]
C:\Users\ultra\warewolf\Dev\Dev2.Data.Tests\PathOperations\DoPathExistOperationTests.cs(196,4): warning CA1416: This call site is reachable on all platforms. 'WindowsIdentity' is only supported on: 'windows'. (https://learn.microsoft.com/dotnet/fundamentals/code-analysis/quality-rules/ca1416) [C:\Users\ultra\warewolf\Dev\Dev2.Data.Tests\Dev2.Data.Tests.csproj]
C:\Users\ultra\warewolf\Dev\Dev2.Data.Tests\PathOperations\DoGetActionTests.cs(50,13): warning CA1416: This call site is reachable on all platforms. 'WindowsIdentity' is only supported on: 'windows'. (https://learn.microsoft.com/dotnet/fundamentals/code-analysis/quality-rules/ca1416) [C:\Users\ultra\warewolf\Dev\Dev2.Data.Tests\Dev2.Data.Tests.csproj]
C:\Users\ultra\warewolf\Dev\Dev2.Data.Tests\PathOperations\DoPathExistOperationTests.cs(142,4): warning CA1416: This call site is reachable on all platforms. 'WindowsIdentity' is only supported on: 'windows'. (https://learn.microsoft.com/dotnet/fundamentals/code-analysis/quality-rules/ca1416) [C:\Users\ultra\warewolf\Dev\Dev2.Data.Tests\Dev2.Data.Tests.csproj]
C:\Users\ultra\warewolf\Dev\Dev2.Data.Tests\PathOperations\DoGetActionTests.cs(50,76): warning CA1416: This call site is reachable on all platforms. 'WindowsIdentity.GetCurrent()' is only supported on: 'windows'. (https://learn.microsoft.com/dotnet/fundamentals/code-analysis/quality-rules/ca1416) [C:\Users\ultra\warewolf\Dev\Dev2.Data.Tests\Dev2.Data.Tests.csproj]
C:\Users\ultra\warewolf\Dev\Dev2.Data.Tests\PathOperations\DoGetActionTests.cs(50,13): warning CA1416: This call site is reachable on all platforms. 'WindowsIdentity' is only supported on: 'windows'. (https://learn.microsoft.com/dotnet/fundamentals/code-analysis/quality-rules/ca1416) [C:\Users\ultra\warewolf\Dev\Dev2.Data.Tests\Dev2.Data.Tests.csproj]
C:\Users\ultra\warewolf\Dev\Dev2.Data.Tests\PathOperations\DoPathExistOperationTests.cs(169,4): warning CA1416: This call site is reachable on all platforms. 'WindowsIdentity' is only supported on: 'windows'. (https://learn.microsoft.com/dotnet/fundamentals/code-analysis/quality-rules/ca1416) [C:\Users\ultra\warewolf\Dev\Dev2.Data.Tests\Dev2.Data.Tests.csproj]
C:\Users\ultra\warewolf\Dev\Dev2.Data.Tests\PathOperations\DoPathExistOperationTests.cs(169,67): warning CA1416: This call site is reachable on all platforms. 'WindowsIdentity.GetCurrent()' is only supported on: 'windows'. (https://learn.microsoft.com/dotnet/fundamentals/code-analysis/quality-rules/ca1416) [C:\Users\ultra\warewolf\Dev\Dev2.Data.Tests\Dev2.Data.Tests.csproj]
C:\Users\ultra\warewolf\Dev\Dev2.Data.Tests\PathOperations\DoPathExistOperationTests.cs(169,4): warning CA1416: This call site is reachable on all platforms. 'WindowsIdentity' is only supported on: 'windows'. (https://learn.microsoft.com/dotnet/fundamentals/code-analysis/quality-rules/ca1416) [C:\Users\ultra\warewolf\Dev\Dev2.Data.Tests\Dev2.Data.Tests.csproj]
  Dev2.Activities.Specs -> C:\Users\ultra\warewolf\Bin\ServerTests-Windows\
  Dev2.Data.Tests -> C:\Users\ultra\warewolf\Dev\Dev2.Data.Tests\bin\Debug\net8.0\Dev2.Data.Tests.dll
  Dev2.Data.Tests -> C:\Users\ultra\warewolf\Bin\ServerTests-Windows\
C:\Users\ultra\warewolf\Dev\Dev2.IntegrationTests\Services.Sql\SqlDatabaseBrokerTests.cs(311,14): warning SYSLIB0004: 'ReliabilityContractAttribute' is obsolete: 'The Constrained Execution Region (CER) feature is not supported.' (https://aka.ms/dotnet-warnings/SYSLIB0004) [C:\Users\ultra\warewolf\Dev\Dev2.IntegrationTests\Dev2.Integration.Tests.csproj]
C:\Users\ultra\warewolf\Dev\Dev2.IntegrationTests\Services.Sql\SqlDatabaseBrokerTests.cs(311,34): warning SYSLIB0004: 'Consistency' is obsolete: 'The Constrained Execution Region (CER) feature is not supported.' (https://aka.ms/dotnet-warnings/SYSLIB0004) [C:\Users\ultra\warewolf\Dev\Dev2.IntegrationTests\Dev2.Integration.Tests.csproj]
C:\Users\ultra\warewolf\Dev\Dev2.IntegrationTests\Services.Sql\SqlDatabaseBrokerTests.cs(311,67): warning SYSLIB0004: 'Cer' is obsolete: 'The Constrained Execution Region (CER) feature is not supported.' (https://aka.ms/dotnet-warnings/SYSLIB0004) [C:\Users\ultra\warewolf\Dev\Dev2.IntegrationTests\Dev2.Integration.Tests.csproj]
C:\Users\ultra\warewolf\Dev\Dev2.IntegrationTests\Server Refresh\FreshlyInstalledServerStartupTest.cs(126,9): warning SYSLIB0014: 'WebClient.WebClient()' is obsolete: 'WebRequest, HttpWebRequest, ServicePoint, and WebClient are obsolete. Use HttpClient instead.' (https://aka.ms/dotnet-warnings/SYSLIB0014) [C:\Users\ultra\warewolf\Dev\Dev2.IntegrationTests\Dev2.Integration.Tests.csproj]
C:\Users\ultra\warewolf\Dev\Dev2.IntegrationTests\SqlParallelRunStressTests.cs(92,9): warning SYSLIB0014: 'WebClient.WebClient()' is obsolete: 'WebRequest, HttpWebRequest, ServicePoint, and WebClient are obsolete. Use HttpClient instead.' (https://aka.ms/dotnet-warnings/SYSLIB0014) [C:\Users\ultra\warewolf\Dev\Dev2.IntegrationTests\Dev2.Integration.Tests.csproj]
C:\Users\ultra\warewolf\Dev\Dev2.IntegrationTests\Server Refresh\FreshlyInstalledServerStartupTest.cs(123,13): warning CA1416: This call site is reachable on all platforms. 'ServiceController.WaitForStatus(ServiceControllerStatus, TimeSpan)' is only supported on: 'windows'. (https://learn.microsoft.com/dotnet/fundamentals/code-analysis/quality-rules/ca1416) [C:\Users\ultra\warewolf\Dev\Dev2.IntegrationTests\Dev2.Integration.Tests.csproj]
C:\Users\ultra\warewolf\Dev\Dev2.IntegrationTests\Server Refresh\FreshlyInstalledServerStartupTest.cs(84,49): warning CA1416: This call site is reachable on all platforms. 'ManagementObjectSearcher' is only supported on: 'windows'. (https://learn.microsoft.com/dotnet/fundamentals/code-analysis/quality-rules/ca1416) [C:\Users\ultra\warewolf\Dev\Dev2.IntegrationTests\Dev2.Integration.Tests.csproj]
C:\Users\ultra\warewolf\Dev\Dev2.IntegrationTests\Server Refresh\FreshlyInstalledServerStartupTest.cs(86,35): warning CA1416: This call site is reachable on all platforms. 'ManagementBaseObject.this[string]' is only supported on: 'windows'. (https://learn.microsoft.com/dotnet/fundamentals/code-analysis/quality-rules/ca1416) [C:\Users\ultra\warewolf\Dev\Dev2.IntegrationTests\Dev2.Integration.Tests.csproj]
C:\Users\ultra\warewolf\Dev\Dev2.IntegrationTests\Server Refresh\FreshlyInstalledServerStartupTest.cs(122,13): warning CA1416: This call site is reachable on all platforms. 'ServiceController.Start()' is only supported on: 'windows'. (https://learn.microsoft.com/dotnet/fundamentals/code-analysis/quality-rules/ca1416) [C:\Users\ultra\warewolf\Dev\Dev2.IntegrationTests\Dev2.Integration.Tests.csproj]
C:\Users\ultra\warewolf\Dev\Dev2.IntegrationTests\Server Refresh\FreshlyInstalledServerStartupTest.cs(85,46): warning CA1416: This call site is reachable on all platforms. 'ManagementObject' is only supported on: 'windows'. (https://learn.microsoft.com/dotnet/fundamentals/code-analysis/quality-rules/ca1416) [C:\Users\ultra\warewolf\Dev\Dev2.IntegrationTests\Dev2.Integration.Tests.csproj]
C:\Users\ultra\warewolf\Dev\Dev2.IntegrationTests\Server Refresh\FreshlyInstalledServerStartupTest.cs(83,41): warning CA1416: This call site is reachable on all platforms. 'ServiceController' is only supported on: 'windows'. (https://learn.microsoft.com/dotnet/fundamentals/code-analysis/quality-rules/ca1416) [C:\Users\ultra\warewolf\Dev\Dev2.IntegrationTests\Dev2.Integration.Tests.csproj]
C:\Users\ultra\warewolf\Dev\Dev2.IntegrationTests\Server Refresh\FreshlyInstalledServerStartupTest.cs(98,17): warning CA1416: This call site is reachable on all platforms. 'ServiceController.WaitForStatus(ServiceControllerStatus, TimeSpan)' is only supported on: 'windows'. (https://learn.microsoft.com/dotnet/fundamentals/code-analysis/quality-rules/ca1416) [C:\Users\ultra\warewolf\Dev\Dev2.IntegrationTests\Dev2.Integration.Tests.csproj]
C:\Users\ultra\warewolf\Dev\Dev2.IntegrationTests\Services.Sql\SqlDatabaseBrokerTests.cs(340,57): warning CA1416: This call site is reachable on all platforms. 'WindowsPrincipal' is only supported on: 'windows'. (https://learn.microsoft.com/dotnet/fundamentals/code-analysis/quality-rules/ca1416) [C:\Users\ultra\warewolf\Dev\Dev2.IntegrationTests\Dev2.Integration.Tests.csproj]
C:\Users\ultra\warewolf\Dev\Dev2.IntegrationTests\Server Refresh\FreshlyInstalledServerStartupTest.cs(118,17): warning CA1416: This call site is reachable on all platforms. 'ServiceController.Stop()' is only supported on: 'windows'. (https://learn.microsoft.com/dotnet/fundamentals/code-analysis/quality-rules/ca1416) [C:\Users\ultra\warewolf\Dev\Dev2.IntegrationTests\Dev2.Integration.Tests.csproj]
C:\Users\ultra\warewolf\Dev\Dev2.IntegrationTests\Services.Sql\SqlDatabaseBrokerTests.cs(332,47): warning CA1416: This call site is reachable on all platforms. 'WindowsIdentity' is only supported on: 'windows'. (https://learn.microsoft.com/dotnet/fundamentals/code-analysis/quality-rules/ca1416) [C:\Users\ultra\warewolf\Dev\Dev2.IntegrationTests\Dev2.Integration.Tests.csproj]
C:\Users\ultra\warewolf\Dev\Dev2.IntegrationTests\Server Refresh\FreshlyInstalledServerStartupTest.cs(98,39): warning CA1416: This call site is reachable on all platforms. 'ServiceControllerStatus.Stopped' is only supported on: 'windows'. (https://learn.microsoft.com/dotnet/fundamentals/code-analysis/quality-rules/ca1416) [C:\Users\ultra\warewolf\Dev\Dev2.IntegrationTests\Dev2.Integration.Tests.csproj]
C:\Users\ultra\warewolf\Dev\Dev2.IntegrationTests\Server Refresh\FreshlyInstalledServerStartupTest.cs(123,35): warning CA1416: This call site is reachable on all platforms. 'ServiceControllerStatus.Running' is only supported on: 'windows'. (https://learn.microsoft.com/dotnet/fundamentals/code-analysis/quality-rules/ca1416) [C:\Users\ultra\warewolf\Dev\Dev2.IntegrationTests\Dev2.Integration.Tests.csproj]
C:\Users\ultra\warewolf\Dev\Dev2.IntegrationTests\Server Refresh\FreshlyInstalledServerStartupTest.cs(85,127): warning CA1416: This call site is reachable on all platforms. 'ManagementBaseObject.this[string]' is only supported on: 'windows'. (https://learn.microsoft.com/dotnet/fundamentals/code-analysis/quality-rules/ca1416) [C:\Users\ultra\warewolf\Dev\Dev2.IntegrationTests\Dev2.Integration.Tests.csproj]
C:\Users\ultra\warewolf\Dev\Dev2.IntegrationTests\Server Refresh\FreshlyInstalledServerStartupTest.cs(85,46): warning CA1416: This call site is reachable on all platforms. 'ManagementObjectSearcher.Get()' is only supported on: 'windows'. (https://learn.microsoft.com/dotnet/fundamentals/code-analysis/quality-rules/ca1416) [C:\Users\ultra\warewolf\Dev\Dev2.IntegrationTests\Dev2.Integration.Tests.csproj]
C:\Users\ultra\warewolf\Dev\Dev2.IntegrationTests\Server Refresh\FreshlyInstalledServerStartupTest.cs(97,17): warning CA1416: This call site is reachable on all platforms. 'ServiceController.Stop()' is only supported on: 'windows'. (https://learn.microsoft.com/dotnet/fundamentals/code-analysis/quality-rules/ca1416) [C:\Users\ultra\warewolf\Dev\Dev2.IntegrationTests\Dev2.Integration.Tests.csproj]
C:\Users\ultra\warewolf\Dev\Dev2.IntegrationTests\Server Refresh\FreshlyInstalledServerStartupTest.cs(119,39): warning CA1416: This call site is reachable on all platforms. 'ServiceControllerStatus.Stopped' is only supported on: 'windows'. (https://learn.microsoft.com/dotnet/fundamentals/code-analysis/quality-rules/ca1416) [C:\Users\ultra\warewolf\Dev\Dev2.IntegrationTests\Dev2.Integration.Tests.csproj]
C:\Users\ultra\warewolf\Dev\Dev2.IntegrationTests\Server Refresh\FreshlyInstalledServerStartupTest.cs(119,17): warning CA1416: This call site is reachable on all platforms. 'ServiceController.WaitForStatus(ServiceControllerStatus, TimeSpan)' is only supported on: 'windows'. (https://learn.microsoft.com/dotnet/fundamentals/code-analysis/quality-rules/ca1416) [C:\Users\ultra\warewolf\Dev\Dev2.IntegrationTests\Dev2.Integration.Tests.csproj]
C:\Users\ultra\warewolf\Dev\Dev2.IntegrationTests\Server Refresh\FreshlyInstalledServerStartupTest.cs(85,46): warning CA1416: This call site is reachable on all platforms. 'ManagementObject' is only supported on: 'windows'. (https://learn.microsoft.com/dotnet/fundamentals/code-analysis/quality-rules/ca1416) [C:\Users\ultra\warewolf\Dev\Dev2.IntegrationTests\Dev2.Integration.Tests.csproj]
  Dev2.Integration.Tests -> C:\Users\ultra\warewolf\Dev\Dev2.IntegrationTests\bin\Debug\net8.0\Dev2.Integration.Tests.dll
C:\Program Files\dotnet\sdk\10.0.201\Microsoft.Common.CurrentVersion.targets(2451,5): warning MSB3277: Found conflicts between different versions of "WindowsBase" that could not be resolved. [C:\Users\ultra\warewolf\Dev\Warewolf.Security.Specs\Warewolf.Security.Specs.csproj]
C:\Program Files\dotnet\sdk\10.0.201\Microsoft.Common.CurrentVersion.targets(2451,5): warning MSB3277: There was a conflict between "WindowsBase, Version=4.0.0.0, Culture=neutral, PublicKeyToken=31bf3856ad364e35" and "WindowsBase, Version=6.0.2.0, Culture=neutral, PublicKeyToken=31bf3856ad364e35". [C:\Users\ultra\warewolf\Dev\Warewolf.Security.Specs\Warewolf.Security.Specs.csproj]
C:\Program Files\dotnet\sdk\10.0.201\Microsoft.Common.CurrentVersion.targets(2451,5): warning MSB3277:     "WindowsBase, Version=4.0.0.0, Culture=neutral, PublicKeyToken=31bf3856ad364e35" was chosen because it was primary and "WindowsBase, Version=6.0.2.0, Culture=neutral, PublicKeyToken=31bf3856ad364e35" was not. [C:\Users\ultra\warewolf\Dev\Warewolf.Security.Specs\Warewolf.Security.Specs.csproj]
C:\Program Files\dotnet\sdk\10.0.201\Microsoft.Common.CurrentVersion.targets(2451,5): warning MSB3277:     References which depend on "WindowsBase, Version=4.0.0.0, Culture=neutral, PublicKeyToken=31bf3856ad364e35" [C:\Program Files\dotnet\packs\Microsoft.NETCore.App.Ref\8.0.25\ref\net8.0\WindowsBase.dll]. [C:\Users\ultra\warewolf\Dev\Warewolf.Security.Specs\Warewolf.Security.Specs.csproj]
C:\Program Files\dotnet\sdk\10.0.201\Microsoft.Common.CurrentVersion.targets(2451,5): warning MSB3277:         C:\Program Files\dotnet\packs\Microsoft.NETCore.App.Ref\8.0.25\ref\net8.0\WindowsBase.dll [C:\Users\ultra\warewolf\Dev\Warewolf.Security.Specs\Warewolf.Security.Specs.csproj]
C:\Program Files\dotnet\sdk\10.0.201\Microsoft.Common.CurrentVersion.targets(2451,5): warning MSB3277:           Project file item includes which caused reference "C:\Program Files\dotnet\packs\Microsoft.NETCore.App.Ref\8.0.25\ref\net8.0\WindowsBase.dll". [C:\Users\ultra\warewolf\Dev\Warewolf.Security.Specs\Warewolf.Security.Specs.csproj]
C:\Program Files\dotnet\sdk\10.0.201\Microsoft.Common.CurrentVersion.targets(2451,5): warning MSB3277:             C:\Program Files\dotnet\packs\Microsoft.NETCore.App.Ref\8.0.25\ref/net8.0/WindowsBase.dll [C:\Users\ultra\warewolf\Dev\Warewolf.Security.Specs\Warewolf.Security.Specs.csproj]
C:\Program Files\dotnet\sdk\10.0.201\Microsoft.Common.CurrentVersion.targets(2451,5): warning MSB3277:     References which depend on or have been unified to "WindowsBase, Version=6.0.2.0, Culture=neutral, PublicKeyToken=31bf3856ad364e35" []. [C:\Users\ultra\warewolf\Dev\Warewolf.Security.Specs\Warewolf.Security.Specs.csproj]
C:\Program Files\dotnet\sdk\10.0.201\Microsoft.Common.CurrentVersion.targets(2451,5): warning MSB3277:         C:\Users\ultra\.nuget\packages\avalonedit\6.3.0.90\lib\net462\ICSharpCode.AvalonEdit.dll [C:\Users\ultra\warewolf\Dev\Warewolf.Security.Specs\Warewolf.Security.Specs.csproj]
C:\Program Files\dotnet\sdk\10.0.201\Microsoft.Common.CurrentVersion.targets(2451,5): warning MSB3277:           Project file item includes which caused reference "C:\Users\ultra\.nuget\packages\avalonedit\6.3.0.90\lib\net462\ICSharpCode.AvalonEdit.dll". [C:\Users\ultra\warewolf\Dev\Warewolf.Security.Specs\Warewolf.Security.Specs.csproj]
C:\Program Files\dotnet\sdk\10.0.201\Microsoft.Common.CurrentVersion.targets(2451,5): warning MSB3277:             C:\Users\ultra\.nuget\packages\avalonedit\6.3.0.90\lib\net462\ICSharpCode.AvalonEdit.dll [C:\Users\ultra\warewolf\Dev\Warewolf.Security.Specs\Warewolf.Security.Specs.csproj]
C:\Program Files\dotnet\sdk\10.0.201\Microsoft.Common.CurrentVersion.targets(2451,5): warning MSB3277:         C:\Users\ultra\.nuget\packages\caliburn.micro\4.0.212\lib\netcoreapp3.1\Caliburn.Micro.Platform.dll [C:\Users\ultra\warewolf\Dev\Warewolf.Security.Specs\Warewolf.Security.Specs.csproj]
C:\Program Files\dotnet\sdk\10.0.201\Microsoft.Common.CurrentVersion.targets(2451,5): warning MSB3277:           Project file item includes which caused reference "C:\Users\ultra\.nuget\packages\caliburn.micro\4.0.212\lib\netcoreapp3.1\Caliburn.Micro.Platform.dll". [C:\Users\ultra\warewolf\Dev\Warewolf.Security.Specs\Warewolf.Security.Specs.csproj]
C:\Program Files\dotnet\sdk\10.0.201\Microsoft.Common.CurrentVersion.targets(2451,5): warning MSB3277:             C:\Users\ultra\.nuget\packages\caliburn.micro\4.0.212\lib\netcoreapp3.1\Caliburn.Micro.Platform.dll [C:\Users\ultra\warewolf\Dev\Warewolf.Security.Specs\Warewolf.Security.Specs.csproj]
C:\Program Files\dotnet\sdk\10.0.201\Microsoft.Common.CurrentVersion.targets(2451,5): warning MSB3277:         C:\Users\ultra\.nuget\packages\extended.wpf.toolkit\4.4.0\lib\net5.0\Xceed.Wpf.AvalonDock.NET5.dll [C:\Users\ultra\warewolf\Dev\Warewolf.Security.Specs\Warewolf.Security.Specs.csproj]
C:\Program Files\dotnet\sdk\10.0.201\Microsoft.Common.CurrentVersion.targets(2451,5): warning MSB3277:           Project file item includes which caused reference "C:\Users\ultra\.nuget\packages\extended.wpf.toolkit\4.4.0\lib\net5.0\Xceed.Wpf.AvalonDock.NET5.dll". [C:\Users\ultra\warewolf\Dev\Warewolf.Security.Specs\Warewolf.Security.Specs.csproj]
C:\Program Files\dotnet\sdk\10.0.201\Microsoft.Common.CurrentVersion.targets(2451,5): warning MSB3277:             C:\Users\ultra\.nuget\packages\extended.wpf.toolkit\4.4.0\lib\net5.0\Xceed.Wpf.AvalonDock.NET5.dll [C:\Users\ultra\warewolf\Dev\Warewolf.Security.Specs\Warewolf.Security.Specs.csproj]
C:\Program Files\dotnet\sdk\10.0.201\Microsoft.Common.CurrentVersion.targets(2451,5): warning MSB3277:             C:\Users\ultra\.nuget\packages\extended.wpf.toolkit\4.4.0\lib\net5.0\Xceed.Wpf.AvalonDock.Themes.Aero.NET5.dll [C:\Users\ultra\warewolf\Dev\Warewolf.Security.Specs\Warewolf.Security.Specs.csproj]
C:\Program Files\dotnet\sdk\10.0.201\Microsoft.Common.CurrentVersion.targets(2451,5): warning MSB3277:             C:\Users\ultra\.nuget\packages\extended.wpf.toolkit\4.4.0\lib\net5.0\Xceed.Wpf.AvalonDock.Themes.Metro.NET5.dll [C:\Users\ultra\warewolf\Dev\Warewolf.Security.Specs\Warewolf.Security.Specs.csproj]
C:\Program Files\dotnet\sdk\10.0.201\Microsoft.Common.CurrentVersion.targets(2451,5): warning MSB3277:             C:\Users\ultra\.nuget\packages\extended.wpf.toolkit\4.4.0\lib\net5.0\Xceed.Wpf.AvalonDock.Themes.VS2010.NET5.dll [C:\Users\ultra\warewolf\Dev\Warewolf.Security.Specs\Warewolf.Security.Specs.csproj]
C:\Program Files\dotnet\sdk\10.0.201\Microsoft.Common.CurrentVersion.targets(2451,5): warning MSB3277:         C:\Users\ultra\.nuget\packages\extended.wpf.toolkit\4.4.0\lib\net5.0\Xceed.Wpf.AvalonDock.Themes.Aero.NET5.dll [C:\Users\ultra\warewolf\Dev\Warewolf.Security.Specs\Warewolf.Security.Specs.csproj]
C:\Program Files\dotnet\sdk\10.0.201\Microsoft.Common.CurrentVersion.targets(2451,5): warning MSB3277:           Project file item includes which caused reference "C:\Users\ultra\.nuget\packages\extended.wpf.toolkit\4.4.0\lib\net5.0\Xceed.Wpf.AvalonDock.Themes.Aero.NET5.dll". [C:\Users\ultra\warewolf\Dev\Warewolf.Security.Specs\Warewolf.Security.Specs.csproj]
C:\Program Files\dotnet\sdk\10.0.201\Microsoft.Common.CurrentVersion.targets(2451,5): warning MSB3277:             C:\Users\ultra\.nuget\packages\extended.wpf.toolkit\4.4.0\lib\net5.0\Xceed.Wpf.AvalonDock.Themes.Aero.NET5.dll [C:\Users\ultra\warewolf\Dev\Warewolf.Security.Specs\Warewolf.Security.Specs.csproj]
C:\Program Files\dotnet\sdk\10.0.201\Microsoft.Common.CurrentVersion.targets(2451,5): warning MSB3277:         C:\Users\ultra\.nuget\packages\extended.wpf.toolkit\4.4.0\lib\net5.0\Xceed.Wpf.Toolkit.NET5.dll [C:\Users\ultra\warewolf\Dev\Warewolf.Security.Specs\Warewolf.Security.Specs.csproj]
C:\Program Files\dotnet\sdk\10.0.201\Microsoft.Common.CurrentVersion.targets(2451,5): warning MSB3277:           Project file item includes which caused reference "C:\Users\ultra\.nuget\packages\extended.wpf.toolkit\4.4.0\lib\net5.0\Xceed.Wpf.Toolkit.NET5.dll". [C:\Users\ultra\warewolf\Dev\Warewolf.Security.Specs\Warewolf.Security.Specs.csproj]
C:\Program Files\dotnet\sdk\10.0.201\Microsoft.Common.CurrentVersion.targets(2451,5): warning MSB3277:             C:\Users\ultra\.nuget\packages\extended.wpf.toolkit\4.4.0\lib\net5.0\Xceed.Wpf.Toolkit.NET5.dll [C:\Users\ultra\warewolf\Dev\Warewolf.Security.Specs\Warewolf.Security.Specs.csproj]
C:\Program Files\dotnet\sdk\10.0.201\Microsoft.Common.CurrentVersion.targets(2451,5): warning MSB3277:         C:\Users\ultra\.nuget\packages\fontawesome.wpf\4.7.0.9\lib\net40\FontAwesome.WPF.dll [C:\Users\ultra\warewolf\Dev\Warewolf.Security.Specs\Warewolf.Security.Specs.csproj]
C:\Program Files\dotnet\sdk\10.0.201\Microsoft.Common.CurrentVersion.targets(2451,5): warning MSB3277:           Project file item includes which caused reference "C:\Users\ultra\.nuget\packages\fontawesome.wpf\4.7.0.9\lib\net40\FontAwesome.WPF.dll". [C:\Users\ultra\warewolf\Dev\Warewolf.Security.Specs\Warewolf.Security.Specs.csproj]
C:\Program Files\dotnet\sdk\10.0.201\Microsoft.Common.CurrentVersion.targets(2451,5): warning MSB3277:             C:\Users\ultra\.nuget\packages\fontawesome.wpf\4.7.0.9\lib\net40\FontAwesome.WPF.dll [C:\Users\ultra\warewolf\Dev\Warewolf.Security.Specs\Warewolf.Security.Specs.csproj]
C:\Program Files\dotnet\sdk\10.0.201\Microsoft.Common.CurrentVersion.targets(2451,5): warning MSB3277:         C:\Users\ultra\.nuget\packages\ironpython\3.4.0\lib\net6.0\IronPython.Wpf.dll [C:\Users\ultra\warewolf\Dev\Warewolf.Security.Specs\Warewolf.Security.Specs.csproj]
C:\Program Files\dotnet\sdk\10.0.201\Microsoft.Common.CurrentVersion.targets(2451,5): warning MSB3277:           Project file item includes which caused reference "C:\Users\ultra\.nuget\packages\ironpython\3.4.0\lib\net6.0\IronPython.Wpf.dll". [C:\Users\ultra\warewolf\Dev\Warewolf.Security.Specs\Warewolf.Security.Specs.csproj]
C:\Program Files\dotnet\sdk\10.0.201\Microsoft.Common.CurrentVersion.targets(2451,5): warning MSB3277:             C:\Users\ultra\.nuget\packages\ironpython\3.4.0\lib\net6.0\IronPython.Wpf.dll [C:\Users\ultra\warewolf\Dev\Warewolf.Security.Specs\Warewolf.Security.Specs.csproj]
C:\Program Files\dotnet\sdk\10.0.201\Microsoft.Common.CurrentVersion.targets(2451,5): warning MSB3277:         C:\Users\ultra\.nuget\packages\microsoft.xaml.behaviors.wpf\1.1.122\lib\net462\Microsoft.Xaml.Behaviors.dll [C:\Users\ultra\warewolf\Dev\Warewolf.Security.Specs\Warewolf.Security.Specs.csproj]
C:\Program Files\dotnet\sdk\10.0.201\Microsoft.Common.CurrentVersion.targets(2451,5): warning MSB3277:           Project file item includes which caused reference "C:\Users\ultra\.nuget\packages\microsoft.xaml.behaviors.wpf\1.1.122\lib\net462\Microsoft.Xaml.Behaviors.dll". [C:\Users\ultra\warewolf\Dev\Warewolf.Security.Specs\Warewolf.Security.Specs.csproj]
C:\Program Files\dotnet\sdk\10.0.201\Microsoft.Common.CurrentVersion.targets(2451,5): warning MSB3277:             C:\Users\ultra\.nuget\packages\microsoft.xaml.behaviors.wpf\1.1.122\lib\net462\Microsoft.Xaml.Behaviors.dll [C:\Users\ultra\warewolf\Dev\Warewolf.Security.Specs\Warewolf.Security.Specs.csproj]
C:\Program Files\dotnet\sdk\10.0.201\Microsoft.Common.CurrentVersion.targets(2451,5): warning MSB3277:             C:\Users\ultra\.nuget\packages\caliburn.micro\4.0.212\lib\netcoreapp3.1\Caliburn.Micro.Platform.dll [C:\Users\ultra\warewolf\Dev\Warewolf.Security.Specs\Warewolf.Security.Specs.csproj]
C:\Program Files\dotnet\sdk\10.0.201\Microsoft.Common.CurrentVersion.targets(2451,5): warning MSB3277:             C:\Users\ultra\.nuget\packages\prism.wpf\9.0.537\lib\net462\Prism.Wpf.dll [C:\Users\ultra\warewolf\Dev\Warewolf.Security.Specs\Warewolf.Security.Specs.csproj]
C:\Program Files\dotnet\sdk\10.0.201\Microsoft.Common.CurrentVersion.targets(2451,5): warning MSB3277:         C:\Users\ultra\.nuget\packages\prism.composition\5.0.0\lib\NET45\Microsoft.Practices.Prism.Composition.dll [C:\Users\ultra\warewolf\Dev\Warewolf.Security.Specs\Warewolf.Security.Specs.csproj]
C:\Program Files\dotnet\sdk\10.0.201\Microsoft.Common.CurrentVersion.targets(2451,5): warning MSB3277:           Project file item includes which caused reference "C:\Users\ultra\.nuget\packages\prism.composition\5.0.0\lib\NET45\Microsoft.Practices.Prism.Composition.dll". [C:\Users\ultra\warewolf\Dev\Warewolf.Security.Specs\Warewolf.Security.Specs.csproj]
C:\Program Files\dotnet\sdk\10.0.201\Microsoft.Common.CurrentVersion.targets(2451,5): warning MSB3277:             C:\Users\ultra\.nuget\packages\prism.composition\5.0.0\lib\NET45\Microsoft.Practices.Prism.Composition.dll [C:\Users\ultra\warewolf\Dev\Warewolf.Security.Specs\Warewolf.Security.Specs.csproj]
C:\Program Files\dotnet\sdk\10.0.201\Microsoft.Common.CurrentVersion.targets(2451,5): warning MSB3277:             C:\Users\ultra\.nuget\packages\prism.unityextensions\5.0.1\lib\NET45\Microsoft.Practices.Prism.UnityExtensions.dll [C:\Users\ultra\warewolf\Dev\Warewolf.Security.Specs\Warewolf.Security.Specs.csproj]
C:\Program Files\dotnet\sdk\10.0.201\Microsoft.Common.CurrentVersion.targets(2451,5): warning MSB3277:         C:\Users\ultra\.nuget\packages\prism.interactivity\5.0.0\lib\NET45\Microsoft.Practices.Prism.Interactivity.dll [C:\Users\ultra\warewolf\Dev\Warewolf.Security.Specs\Warewolf.Security.Specs.csproj]
C:\Program Files\dotnet\sdk\10.0.201\Microsoft.Common.CurrentVersion.targets(2451,5): warning MSB3277:           Project file item includes which caused reference "C:\Users\ultra\.nuget\packages\prism.interactivity\5.0.0\lib\NET45\Microsoft.Practices.Prism.Interactivity.dll". [C:\Users\ultra\warewolf\Dev\Warewolf.Security.Specs\Warewolf.Security.Specs.csproj]
C:\Program Files\dotnet\sdk\10.0.201\Microsoft.Common.CurrentVersion.targets(2451,5): warning MSB3277:             C:\Users\ultra\.nuget\packages\prism.interactivity\5.0.0\lib\NET45\Microsoft.Practices.Prism.Interactivity.dll [C:\Users\ultra\warewolf\Dev\Warewolf.Security.Specs\Warewolf.Security.Specs.csproj]
C:\Program Files\dotnet\sdk\10.0.201\Microsoft.Common.CurrentVersion.targets(2451,5): warning MSB3277:         C:\Users\ultra\.nuget\packages\prism.mvvm\1.0.0\lib\net45\Microsoft.Practices.Prism.Mvvm.Desktop.dll [C:\Users\ultra\warewolf\Dev\Warewolf.Security.Specs\Warewolf.Security.Specs.csproj]
C:\Program Files\dotnet\sdk\10.0.201\Microsoft.Common.CurrentVersion.targets(2451,5): warning MSB3277:           Project file item includes which caused reference "C:\Users\ultra\.nuget\packages\prism.mvvm\1.0.0\lib\net45\Microsoft.Practices.Prism.Mvvm.Desktop.dll". [C:\Users\ultra\warewolf\Dev\Warewolf.Security.Specs\Warewolf.Security.Specs.csproj]
C:\Program Files\dotnet\sdk\10.0.201\Microsoft.Common.CurrentVersion.targets(2451,5): warning MSB3277:             C:\Users\ultra\.nuget\packages\prism.mvvm\1.0.0\lib\net45\Microsoft.Practices.Prism.Mvvm.Desktop.dll [C:\Users\ultra\warewolf\Dev\Warewolf.Security.Specs\Warewolf.Security.Specs.csproj]
C:\Program Files\dotnet\sdk\10.0.201\Microsoft.Common.CurrentVersion.targets(2451,5): warning MSB3277:         C:\Users\ultra\.nuget\packages\prism.unityextensions\5.0.1\lib\NET45\Microsoft.Practices.Prism.UnityExtensions.dll [C:\Users\ultra\warewolf\Dev\Warewolf.Security.Specs\Warewolf.Security.Specs.csproj]
C:\Program Files\dotnet\sdk\10.0.201\Microsoft.Common.CurrentVersion.targets(2451,5): warning MSB3277:           Project file item includes which caused reference "C:\Users\ultra\.nuget\packages\prism.unityextensions\5.0.1\lib\NET45\Microsoft.Practices.Prism.UnityExtensions.dll". [C:\Users\ultra\warewolf\Dev\Warewolf.Security.Specs\Warewolf.Security.Specs.csproj]
C:\Program Files\dotnet\sdk\10.0.201\Microsoft.Common.CurrentVersion.targets(2451,5): warning MSB3277:             C:\Users\ultra\.nuget\packages\prism.unityextensions\5.0.1\lib\NET45\Microsoft.Practices.Prism.UnityExtensions.dll [C:\Users\ultra\warewolf\Dev\Warewolf.Security.Specs\Warewolf.Security.Specs.csproj]
C:\Program Files\dotnet\sdk\10.0.201\Microsoft.Common.CurrentVersion.targets(2451,5): warning MSB3277:         C:\Users\ultra\.nuget\packages\prism.wpf\9.0.537\lib\net462\Prism.Wpf.dll [C:\Users\ultra\warewolf\Dev\Warewolf.Security.Specs\Warewolf.Security.Specs.csproj]
C:\Program Files\dotnet\sdk\10.0.201\Microsoft.Common.CurrentVersion.targets(2451,5): warning MSB3277:           Project file item includes which caused reference "C:\Users\ultra\.nuget\packages\prism.wpf\9.0.537\lib\net462\Prism.Wpf.dll". [C:\Users\ultra\warewolf\Dev\Warewolf.Security.Specs\Warewolf.Security.Specs.csproj]
C:\Program Files\dotnet\sdk\10.0.201\Microsoft.Common.CurrentVersion.targets(2451,5): warning MSB3277:             C:\Users\ultra\.nuget\packages\prism.wpf\9.0.537\lib\net462\Prism.Wpf.dll [C:\Users\ultra\warewolf\Dev\Warewolf.Security.Specs\Warewolf.Security.Specs.csproj]
C:\Program Files\dotnet\sdk\10.0.201\Microsoft.Common.CurrentVersion.targets(2451,5): warning MSB3277:         C:\Users\ultra\.nuget\packages\reactiveui.wpf\18.4.1\lib\net462\ReactiveUI.Wpf.dll [C:\Users\ultra\warewolf\Dev\Warewolf.Security.Specs\Warewolf.Security.Specs.csproj]
C:\Program Files\dotnet\sdk\10.0.201\Microsoft.Common.CurrentVersion.targets(2451,5): warning MSB3277:           Project file item includes which caused reference "C:\Users\ultra\.nuget\packages\reactiveui.wpf\18.4.1\lib\net462\ReactiveUI.Wpf.dll". [C:\Users\ultra\warewolf\Dev\Warewolf.Security.Specs\Warewolf.Security.Specs.csproj]
C:\Program Files\dotnet\sdk\10.0.201\Microsoft.Common.CurrentVersion.targets(2451,5): warning MSB3277:             C:\Users\ultra\.nuget\packages\reactiveui.wpf\18.4.1\lib\net462\ReactiveUI.Wpf.dll [C:\Users\ultra\warewolf\Dev\Warewolf.Security.Specs\Warewolf.Security.Specs.csproj]
C:\Program Files\dotnet\sdk\10.0.201\Microsoft.Common.CurrentVersion.targets(2451,5): warning MSB3277: Found conflicts between different versions of "System.Drawing.Common" that could not be resolved. [C:\Users\ultra\warewolf\Dev\Warewolf.Security.Specs\Warewolf.Security.Specs.csproj]
C:\Program Files\dotnet\sdk\10.0.201\Microsoft.Common.CurrentVersion.targets(2451,5): warning MSB3277: There was a conflict between "System.Drawing.Common, Version=6.0.0.0, Culture=neutral, PublicKeyToken=cc7b13ffcd2ddd51" and "System.Drawing.Common, Version=8.0.0.0, Culture=neutral, PublicKeyToken=cc7b13ffcd2ddd51". [C:\Users\ultra\warewolf\Dev\Warewolf.Security.Specs\Warewolf.Security.Specs.csproj]
C:\Program Files\dotnet\sdk\10.0.201\Microsoft.Common.CurrentVersion.targets(2451,5): warning MSB3277:     "System.Drawing.Common, Version=6.0.0.0, Culture=neutral, PublicKeyToken=cc7b13ffcd2ddd51" was chosen because it was primary and "System.Drawing.Common, Version=8.0.0.0, Culture=neutral, PublicKeyToken=cc7b13ffcd2ddd51" was not. [C:\Users\ultra\warewolf\Dev\Warewolf.Security.Specs\Warewolf.Security.Specs.csproj]
C:\Program Files\dotnet\sdk\10.0.201\Microsoft.Common.CurrentVersion.targets(2451,5): warning MSB3277:     References which depend on "System.Drawing.Common, Version=6.0.0.0, Culture=neutral, PublicKeyToken=cc7b13ffcd2ddd51" [C:\Users\ultra\.nuget\packages\system.drawing.common\6.0.0\lib\net6.0\System.Drawing.Common.dll]. [C:\Users\ultra\warewolf\Dev\Warewolf.Security.Specs\Warewolf.Security.Specs.csproj]
C:\Program Files\dotnet\sdk\10.0.201\Microsoft.Common.CurrentVersion.targets(2451,5): warning MSB3277:         C:\Users\ultra\.nuget\packages\system.drawing.common\6.0.0\lib\net6.0\System.Drawing.Common.dll [C:\Users\ultra\warewolf\Dev\Warewolf.Security.Specs\Warewolf.Security.Specs.csproj]
C:\Program Files\dotnet\sdk\10.0.201\Microsoft.Common.CurrentVersion.targets(2451,5): warning MSB3277:           Project file item includes which caused reference "C:\Users\ultra\.nuget\packages\system.drawing.common\6.0.0\lib\net6.0\System.Drawing.Common.dll". [C:\Users\ultra\warewolf\Dev\Warewolf.Security.Specs\Warewolf.Security.Specs.csproj]
C:\Program Files\dotnet\sdk\10.0.201\Microsoft.Common.CurrentVersion.targets(2451,5): warning MSB3277:             C:\Users\ultra\.nuget\packages\system.drawing.common\6.0.0\lib\net6.0\System.Drawing.Common.dll [C:\Users\ultra\warewolf\Dev\Warewolf.Security.Specs\Warewolf.Security.Specs.csproj]
C:\Program Files\dotnet\sdk\10.0.201\Microsoft.Common.CurrentVersion.targets(2451,5): warning MSB3277:     References which depend on or have been unified to "System.Drawing.Common, Version=8.0.0.0, Culture=neutral, PublicKeyToken=cc7b13ffcd2ddd51" []. [C:\Users\ultra\warewolf\Dev\Warewolf.Security.Specs\Warewolf.Security.Specs.csproj]
C:\Program Files\dotnet\sdk\10.0.201\Microsoft.Common.CurrentVersion.targets(2451,5): warning MSB3277:         C:\Users\ultra\.nuget\packages\servicestack\6.3.0\lib\net6.0\ServiceStack.dll [C:\Users\ultra\warewolf\Dev\Warewolf.Security.Specs\Warewolf.Security.Specs.csproj]
C:\Program Files\dotnet\sdk\10.0.201\Microsoft.Common.CurrentVersion.targets(2451,5): warning MSB3277:           Project file item includes which caused reference "C:\Users\ultra\.nuget\packages\servicestack\6.3.0\lib\net6.0\ServiceStack.dll". [C:\Users\ultra\warewolf\Dev\Warewolf.Security.Specs\Warewolf.Security.Specs.csproj]
C:\Program Files\dotnet\sdk\10.0.201\Microsoft.Common.CurrentVersion.targets(2451,5): warning MSB3277:             C:\Users\ultra\.nuget\packages\servicestack\6.3.0\lib\net6.0\ServiceStack.dll [C:\Users\ultra\warewolf\Dev\Warewolf.Security.Specs\Warewolf.Security.Specs.csproj]
C:\Program Files\dotnet\sdk\10.0.201\Microsoft.Common.CurrentVersion.targets(2451,5): warning MSB3277:         C:\Users\ultra\.nuget\packages\system.windows.extensions\8.0.0\lib\net8.0\System.Windows.Extensions.dll [C:\Users\ultra\warewolf\Dev\Warewolf.Security.Specs\Warewolf.Security.Specs.csproj]
C:\Program Files\dotnet\sdk\10.0.201\Microsoft.Common.CurrentVersion.targets(2451,5): warning MSB3277:           Project file item includes which caused reference "C:\Users\ultra\.nuget\packages\system.windows.extensions\8.0.0\lib\net8.0\System.Windows.Extensions.dll". [C:\Users\ultra\warewolf\Dev\Warewolf.Security.Specs\Warewolf.Security.Specs.csproj]
C:\Program Files\dotnet\sdk\10.0.201\Microsoft.Common.CurrentVersion.targets(2451,5): warning MSB3277:             C:\Users\ultra\.nuget\packages\system.windows.extensions\8.0.0\lib\net8.0\System.Windows.Extensions.dll [C:\Users\ultra\warewolf\Dev\Warewolf.Security.Specs\Warewolf.Security.Specs.csproj]
C:\Program Files\dotnet\sdk\10.0.201\Microsoft.Common.CurrentVersion.targets(2451,5): warning MSB3277:             C:\Users\ultra\.nuget\packages\extended.wpf.toolkit\4.4.0\lib\net5.0\Xceed.Wpf.Toolkit.NET5.dll [C:\Users\ultra\warewolf\Dev\Warewolf.Security.Specs\Warewolf.Security.Specs.csproj]
C:\Program Files\dotnet\sdk\10.0.201\Microsoft.Common.CurrentVersion.targets(2451,5): warning MSB3277:             C:\Users\ultra\.nuget\packages\system.security.permissions\8.0.0\lib\net8.0\System.Security.Permissions.dll [C:\Users\ultra\warewolf\Dev\Warewolf.Security.Specs\Warewolf.Security.Specs.csproj]
C:\Program Files\dotnet\sdk\10.0.201\Microsoft.Common.CurrentVersion.targets(2451,5): warning MSB3277:             C:\Users\ultra\warewolf\Dev\Dev2.Data\bin\Debug\net8.0\Dev2.Data.dll [C:\Users\ultra\warewolf\Dev\Warewolf.Security.Specs\Warewolf.Security.Specs.csproj]
C:\Program Files\dotnet\sdk\10.0.201\Microsoft.Common.CurrentVersion.targets(2451,5): warning MSB3277:             C:\Users\ultra\warewolf\Dev\Dev2.Studio.Core\bin\Debug\net8.0\Dev2.Studio.Core.dll [C:\Users\ultra\warewolf\Dev\Warewolf.Security.Specs\Warewolf.Security.Specs.csproj]
C:\Program Files\dotnet\sdk\10.0.201\Microsoft.Common.CurrentVersion.targets(2451,5): warning MSB3277:             C:\Users\ultra\warewolf\Dev\Dev2.Studio.Interfaces\bin\Debug\net8.0\Dev2.Studio.Interfaces.dll [C:\Users\ultra\warewolf\Dev\Warewolf.Security.Specs\Warewolf.Security.Specs.csproj]
C:\Program Files\dotnet\sdk\10.0.201\Microsoft.Common.CurrentVersion.targets(2451,5): warning MSB3277:             C:\Users\ultra\warewolf\Dev\Dev2.Activities\bin\Debug\net8.0\Dev2.Activities.dll [C:\Users\ultra\warewolf\Dev\Warewolf.Security.Specs\Warewolf.Security.Specs.csproj]
C:\Program Files\dotnet\sdk\10.0.201\Microsoft.Common.CurrentVersion.targets(2451,5): warning MSB3277:             C:\Users\ultra\warewolf\Dev\Dev2.Activities.Tests\bin\Debug\net8.0\Dev2.Activities.Tests.dll [C:\Users\ultra\warewolf\Dev\Warewolf.Security.Specs\Warewolf.Security.Specs.csproj]
C:\Program Files\dotnet\sdk\10.0.201\Microsoft.Common.CurrentVersion.targets(2451,5): warning MSB3277:             C:\Users\ultra\warewolf\Dev\Dev2.Common.Tests\bin\Debug\net8.0\Dev2.Common.Tests.dll [C:\Users\ultra\warewolf\Dev\Warewolf.Security.Specs\Warewolf.Security.Specs.csproj]
C:\Program Files\dotnet\sdk\10.0.201\Microsoft.Common.CurrentVersion.targets(2451,5): warning MSB3277:             C:\Users\ultra\warewolf\Dev\Dev2.Core\bin\Debug\net8.0\Dev2.Core.dll [C:\Users\ultra\warewolf\Dev\Warewolf.Security.Specs\Warewolf.Security.Specs.csproj]
C:\Program Files\dotnet\sdk\10.0.201\Microsoft.Common.CurrentVersion.targets(2451,5): warning MSB3277:             C:\Users\ultra\warewolf\Dev\Dev2.Diagnostics.Tests\bin\Debug\net8.0\Dev2.Diagnostics.Tests.dll [C:\Users\ultra\warewolf\Dev\Warewolf.Security.Specs\Warewolf.Security.Specs.csproj]
C:\Program Files\dotnet\sdk\10.0.201\Microsoft.Common.CurrentVersion.targets(2451,5): warning MSB3277:             C:\Users\ultra\warewolf\Dev\Dev2.Infrastructure.Tests\bin\Debug\net8.0\Dev2.Infrastructure.Tests.dll [C:\Users\ultra\warewolf\Dev\Warewolf.Security.Specs\Warewolf.Security.Specs.csproj]
C:\Program Files\dotnet\sdk\10.0.201\Microsoft.Common.CurrentVersion.targets(2451,5): warning MSB3277:             C:\Users\ultra\warewolf\Dev\Dev2.Intellisense\bin\Debug\net8.0\Dev2.Intellisense.dll [C:\Users\ultra\warewolf\Dev\Warewolf.Security.Specs\Warewolf.Security.Specs.csproj]
C:\Program Files\dotnet\sdk\10.0.201\Microsoft.Common.CurrentVersion.targets(2451,5): warning MSB3277:             C:\Users\ultra\warewolf\Dev\Dev2.Runtime\bin\Debug\net8.0\Dev2.Runtime.dll [C:\Users\ultra\warewolf\Dev\Warewolf.Security.Specs\Warewolf.Security.Specs.csproj]
C:\Program Files\dotnet\sdk\10.0.201\Microsoft.Common.CurrentVersion.targets(2451,5): warning MSB3277:             C:\Users\ultra\warewolf\Dev\Dev2.Runtime.Services\bin\Debug\net8.0\Dev2.Runtime.Services.dll [C:\Users\ultra\warewolf\Dev\Warewolf.Security.Specs\Warewolf.Security.Specs.csproj]
C:\Program Files\dotnet\sdk\10.0.201\Microsoft.Common.CurrentVersion.targets(2451,5): warning MSB3277:             C:\Users\ultra\warewolf\Dev\Dev2.Runtime.WebServer\bin\Debug\net8.0\Dev2.Runtime.WebServer.dll [C:\Users\ultra\warewolf\Dev\Warewolf.Security.Specs\Warewolf.Security.Specs.csproj]
C:\Program Files\dotnet\sdk\10.0.201\Microsoft.Common.CurrentVersion.targets(2451,5): warning MSB3277:             C:\Users\ultra\warewolf\Dev\Dev2.Scheduler\bin\Debug\net8.0\Dev2.Scheduler.dll [C:\Users\ultra\warewolf\Dev\Warewolf.Security.Specs\Warewolf.Security.Specs.csproj]
C:\Program Files\dotnet\sdk\10.0.201\Microsoft.Common.CurrentVersion.targets(2451,5): warning MSB3277:             C:\Users\ultra\warewolf\Dev\Dev2.Services.Execution\bin\Debug\net8.0\Dev2.Services.Execution.dll [C:\Users\ultra\warewolf\Dev\Warewolf.Security.Specs\Warewolf.Security.Specs.csproj]
C:\Program Files\dotnet\sdk\10.0.201\Microsoft.Common.CurrentVersion.targets(2451,5): warning MSB3277:             C:\Users\ultra\warewolf\Dev\Warewolf.HangfireServer\bin\Debug\net8.0\HangfireServer.dll [C:\Users\ultra\warewolf\Dev\Warewolf.Security.Specs\Warewolf.Security.Specs.csproj]
C:\Program Files\dotnet\sdk\10.0.201\Microsoft.Common.CurrentVersion.targets(2451,5): warning MSB3277:             C:\Users\ultra\warewolf\Dev\Warewolf.QueueWorker\bin\Debug\net8.0\QueueWorker.dll [C:\Users\ultra\warewolf\Dev\Warewolf.Security.Specs\Warewolf.Security.Specs.csproj]
C:\Program Files\dotnet\sdk\10.0.201\Microsoft.Common.CurrentVersion.targets(2451,5): warning MSB3277:             C:\Users\ultra\warewolf\Dev\Dev2.Server\bin\Debug\net8.0\Warewolf Server.dll [C:\Users\ultra\warewolf\Dev\Warewolf.Security.Specs\Warewolf.Security.Specs.csproj]
C:\Program Files\dotnet\sdk\10.0.201\Microsoft.Common.CurrentVersion.targets(2451,5): warning MSB3277:             C:\Users\ultra\warewolf\Dev\Dev2.Studio\bin\Debug\net8.0\Warewolf Studio.dll [C:\Users\ultra\warewolf\Dev\Warewolf.Security.Specs\Warewolf.Security.Specs.csproj]
C:\Program Files\dotnet\sdk\10.0.201\Microsoft.Common.CurrentVersion.targets(2451,5): warning MSB3277:             C:\Users\ultra\warewolf\Dev\Warewolf.Auditing\bin\Debug\net8.0\Warewolf.Auditing.dll [C:\Users\ultra\warewolf\Dev\Warewolf.Security.Specs\Warewolf.Security.Specs.csproj]
C:\Program Files\dotnet\sdk\10.0.201\Microsoft.Common.CurrentVersion.targets(2451,5): warning MSB3277:             C:\Users\ultra\warewolf\Dev\Warewolf.Common.Framework48\bin\Debug\net8.0\Warewolf.Common.Framework48.dll [C:\Users\ultra\warewolf\Dev\Warewolf.Security.Specs\Warewolf.Security.Specs.csproj]
C:\Program Files\dotnet\sdk\10.0.201\Microsoft.Common.CurrentVersion.targets(2451,5): warning MSB3277:             C:\Users\ultra\warewolf\Dev\Warewolf.Common.NetStandard20\bin\Debug\net8.0\Warewolf.Common.NetStandard20.dll [C:\Users\ultra\warewolf\Dev\Warewolf.Security.Specs\Warewolf.Security.Specs.csproj]
C:\Program Files\dotnet\sdk\10.0.201\Microsoft.Common.CurrentVersion.targets(2451,5): warning MSB3277:             C:\Users\ultra\warewolf\Dev\Warewolf.Core\bin\Debug\net8.0\Warewolf.Core.dll [C:\Users\ultra\warewolf\Dev\Warewolf.Security.Specs\Warewolf.Security.Specs.csproj]
C:\Program Files\dotnet\sdk\10.0.201\Microsoft.Common.CurrentVersion.targets(2451,5): warning MSB3277:             C:\Users\ultra\warewolf\Dev\Warewolf.Core.Tests\bin\Debug\net8.0\Warewolf.Core.Tests.dll [C:\Users\ultra\warewolf\Dev\Warewolf.Security.Specs\Warewolf.Security.Specs.csproj]
C:\Program Files\dotnet\sdk\10.0.201\Microsoft.Common.CurrentVersion.targets(2451,5): warning MSB3277:             C:\Users\ultra\warewolf\Dev\Warewolf.Driver.Persistence\bin\Debug\net8.0\Warewolf.Driver.Persistence.dll [C:\Users\ultra\warewolf\Dev\Warewolf.Security.Specs\Warewolf.Security.Specs.csproj]
C:\Program Files\dotnet\sdk\10.0.201\Microsoft.Common.CurrentVersion.targets(2451,5): warning MSB3277:             C:\Users\ultra\warewolf\Dev\Warewolf.Exchange.Email.Wrapper\bin\Debug\net8.0\Warewolf.Exchange.Email.Wrapper.dll [C:\Users\ultra\warewolf\Dev\Warewolf.Security.Specs\Warewolf.Security.Specs.csproj]
C:\Program Files\dotnet\sdk\10.0.201\Microsoft.Common.CurrentVersion.targets(2451,5): warning MSB3277:             C:\Users\ultra\warewolf\Dev\Warewolf.MergeParser.Tests\bin\Debug\net8.0\Warewolf.MergeParser.Tests.dll [C:\Users\ultra\warewolf\Dev\Warewolf.Security.Specs\Warewolf.Security.Specs.csproj]
C:\Program Files\dotnet\sdk\10.0.201\Microsoft.Common.CurrentVersion.targets(2451,5): warning MSB3277:             C:\Users\ultra\warewolf\Dev\Warewolf.ResourceManagement\bin\Debug\net8.0\Warewolf.ResourceManagement.dll [C:\Users\ultra\warewolf\Dev\Warewolf.Security.Specs\Warewolf.Security.Specs.csproj]
C:\Program Files\dotnet\sdk\10.0.201\Microsoft.Common.CurrentVersion.targets(2451,5): warning MSB3277:             C:\Users\ultra\warewolf\Dev\Warewolf.Studio.Core\bin\Debug\net8.0\Warewolf.Studio.Core.dll [C:\Users\ultra\warewolf\Dev\Warewolf.Security.Specs\Warewolf.Security.Specs.csproj]
C:\Program Files\dotnet\sdk\10.0.201\Microsoft.Common.CurrentVersion.targets(2451,5): warning MSB3277:             C:\Users\ultra\warewolf\Dev\Warewolf.Studio.CustomControls\bin\Debug\net8.0\Warewolf.Studio.CustomControls.dll [C:\Users\ultra\warewolf\Dev\Warewolf.Security.Specs\Warewolf.Security.Specs.csproj]
C:\Program Files\dotnet\sdk\10.0.201\Microsoft.Common.CurrentVersion.targets(2451,5): warning MSB3277:             C:\Users\ultra\warewolf\Dev\Warewolf.Studio.Models\bin\Debug\net8.0\Warewolf.Studio.Models.dll [C:\Users\ultra\warewolf\Dev\Warewolf.Security.Specs\Warewolf.Security.Specs.csproj]
C:\Program Files\dotnet\sdk\10.0.201\Microsoft.Common.CurrentVersion.targets(2451,5): warning MSB3277:             C:\Users\ultra\warewolf\Dev\Warewolf.Studio.ViewModels\bin\Debug\net8.0\Warewolf.Studio.ViewModels.dll [C:\Users\ultra\warewolf\Dev\Warewolf.Security.Specs\Warewolf.Security.Specs.csproj]
C:\Program Files\dotnet\sdk\10.0.201\Microsoft.Common.CurrentVersion.targets(2451,5): warning MSB3277:             C:\Users\ultra\warewolf\Dev\Warewolf.Testing\bin\Debug\net8.0\Warewolf.Testing.dll [C:\Users\ultra\warewolf\Dev\Warewolf.Security.Specs\Warewolf.Security.Specs.csproj]
C:\Program Files\dotnet\sdk\10.0.201\Microsoft.Common.CurrentVersion.targets(2451,5): warning MSB3277:             C:\Users\ultra\warewolf\Dev\Warewolf.Tools.Specs\bin\Debug\net8.0\Warewolf.Tools.Specs.dll [C:\Users\ultra\warewolf\Dev\Warewolf.Security.Specs\Warewolf.Security.Specs.csproj]
C:\Program Files\dotnet\sdk\10.0.201\Microsoft.Common.CurrentVersion.targets(2451,5): warning MSB3277:             C:\Users\ultra\warewolf\Dev\Warewolf.Trigger.Queue\bin\Debug\net8.0\Warewolf.Trigger.Queue.dll [C:\Users\ultra\warewolf\Dev\Warewolf.Security.Specs\Warewolf.Security.Specs.csproj]
C:\Program Files\dotnet\sdk\10.0.201\Microsoft.Common.CurrentVersion.targets(2451,5): warning MSB3277:             C:\Users\ultra\warewolf\Dev\Warewolf.UI\bin\Debug\net8.0\Warewolf.UI.dll [C:\Users\ultra\warewolf\Dev\Warewolf.Security.Specs\Warewolf.Security.Specs.csproj]
C:\Program Files\dotnet\sdk\10.0.201\Microsoft.Common.CurrentVersion.targets(2451,5): warning MSB3277:             C:\Users\ultra\warewolf\Dev\Warewolf.Logger\bin\Debug\net8.0\WarewolfLogger.dll [C:\Users\ultra\warewolf\Dev\Warewolf.Security.Specs\Warewolf.Security.Specs.csproj]
C:\Program Files\dotnet\sdk\10.0.201\Microsoft.Common.CurrentVersion.targets(2451,5): warning MSB3277:             C:\Users\ultra\.nuget\packages\dotnetzip\1.16.0\lib\netstandard2.0\DotNetZip.dll [C:\Users\ultra\warewolf\Dev\Warewolf.Security.Specs\Warewolf.Security.Specs.csproj]
C:\Program Files\dotnet\sdk\10.0.201\Microsoft.Common.CurrentVersion.targets(2451,5): warning MSB3277:             C:\Users\ultra\warewolf\Dev\Dev2.Common\bin\Debug\net8.0\Dev2.Common.dll [C:\Users\ultra\warewolf\Dev\Warewolf.Security.Specs\Warewolf.Security.Specs.csproj]
C:\Program Files\dotnet\sdk\10.0.201\Microsoft.Common.CurrentVersion.targets(2451,5): warning MSB3277:             C:\Users\ultra\warewolf\Dev\Dev2.Infrastructure\bin\Debug\net8.0\Dev2.Infrastructure.dll [C:\Users\ultra\warewolf\Dev\Warewolf.Security.Specs\Warewolf.Security.Specs.csproj]
C:\Program Files\dotnet\sdk\10.0.201\Microsoft.Common.CurrentVersion.targets(2451,5): warning MSB3277:             C:\Users\ultra\warewolf\Dev\Dev2.Util\bin\Debug\net8.0\Dev2.Util.dll [C:\Users\ultra\warewolf\Dev\Warewolf.Security.Specs\Warewolf.Security.Specs.csproj]
C:\Program Files\dotnet\sdk\10.0.201\Microsoft.Common.CurrentVersion.targets(2451,5): warning MSB3277:             C:\Users\ultra\warewolf\Dev\Dev2.Data.Interfaces\bin\Debug\net8.0\Dev2.Data.Interfaces.dll [C:\Users\ultra\warewolf\Dev\Warewolf.Security.Specs\Warewolf.Security.Specs.csproj]
C:\Program Files\dotnet\sdk\10.0.201\Microsoft.Common.CurrentVersion.targets(2451,5): warning MSB3277:             C:\Users\ultra\warewolf\Dev\Dev2.Development.Languages\bin\Debug\net8.0\Dev2.Development.Languages.dll [C:\Users\ultra\warewolf\Dev\Warewolf.Security.Specs\Warewolf.Security.Specs.csproj]
C:\Program Files\dotnet\sdk\10.0.201\Microsoft.Common.CurrentVersion.targets(2451,5): warning MSB3277:             C:\Users\ultra\warewolf\Dev\Dev2.Diagnostics\bin\Debug\net8.0\Dev2.Diagnostics.dll [C:\Users\ultra\warewolf\Dev\Warewolf.Security.Specs\Warewolf.Security.Specs.csproj]
C:\Program Files\dotnet\sdk\10.0.201\Microsoft.Common.CurrentVersion.targets(2451,5): warning MSB3277:             C:\Users\ultra\warewolf\Dev\Dev2.Services.Sql\bin\Debug\net8.0\Dev2.Services.Sql.dll [C:\Users\ultra\warewolf\Dev\Warewolf.Security.Specs\Warewolf.Security.Specs.csproj]
C:\Program Files\dotnet\sdk\10.0.201\Microsoft.Common.CurrentVersion.targets(2451,5): warning MSB3277:             C:\Users\ultra\warewolf\Dev\Dev2.TaskScheduler.Wrappers\bin\Debug\net8.0\Dev2.TaskScheduler.Wrappers.dll [C:\Users\ultra\warewolf\Dev\Warewolf.Security.Specs\Warewolf.Security.Specs.csproj]
C:\Program Files\dotnet\sdk\10.0.201\Microsoft.Common.CurrentVersion.targets(2451,5): warning MSB3277:             C:\Users\ultra\warewolf\Dev\Warewolf.AI.Harness\bin\Debug\net8.0\Warewolf.AI.Harness.dll [C:\Users\ultra\warewolf\Dev\Warewolf.Security.Specs\Warewolf.Security.Specs.csproj]
C:\Program Files\dotnet\sdk\10.0.201\Microsoft.Common.CurrentVersion.targets(2451,5): warning MSB3277:             C:\Users\ultra\warewolf\Dev\Warewolf.Driver.Serilog\bin\Debug\net8.0\Warewolf.Driver.Serilog.dll [C:\Users\ultra\warewolf\Dev\Warewolf.Security.Specs\Warewolf.Security.Specs.csproj]
C:\Program Files\dotnet\sdk\10.0.201\Microsoft.Common.CurrentVersion.targets(2451,5): warning MSB3277:             C:\Users\ultra\warewolf\Dev\Warewolf.PerfMon\bin\Debug\net8.0\Warewolf.PerfMon.dll [C:\Users\ultra\warewolf\Dev\Warewolf.Security.Specs\Warewolf.Security.Specs.csproj]
C:\Program Files\dotnet\sdk\10.0.201\Microsoft.Common.CurrentVersion.targets(2451,5): warning MSB3277:             C:\Users\ultra\warewolf\Dev\Warewolf.Sharepoint\bin\Debug\net8.0\Warewolf.Sharepoint.dll [C:\Users\ultra\warewolf\Dev\Warewolf.Security.Specs\Warewolf.Security.Specs.csproj]
C:\Program Files\dotnet\sdk\10.0.201\Microsoft.Common.CurrentVersion.targets(2451,5): warning MSB3277:             C:\Users\ultra\warewolf\Dev\Warewolf.Storage\bin\Debug\net8.0\Warewolf.Storage.dll [C:\Users\ultra\warewolf\Dev\Warewolf.Security.Specs\Warewolf.Security.Specs.csproj]
C:\Program Files\dotnet\sdk\10.0.201\Microsoft.Common.CurrentVersion.targets(2451,5): warning MSB3277:             C:\Users\ultra\.nuget\packages\mindbox.data.linq\5.0.0\lib\netstandard2.0\Mindbox.Data.Linq.dll [C:\Users\ultra\warewolf\Dev\Warewolf.Security.Specs\Warewolf.Security.Specs.csproj]
C:\Program Files\dotnet\sdk\10.0.201\Microsoft.Common.CurrentVersion.targets(2451,5): warning MSB3277:             C:\Users\ultra\.nuget\packages\mysql.data\8.4.0\lib\net8.0\MySql.Data.dll [C:\Users\ultra\warewolf\Dev\Warewolf.Security.Specs\Warewolf.Security.Specs.csproj]
C:\Program Files\dotnet\sdk\10.0.201\Microsoft.Common.CurrentVersion.targets(2451,5): warning MSB3277:             C:\Users\ultra\.nuget\packages\oracle.manageddataaccess.core\3.21.70\lib\netstandard2.1\Oracle.ManagedDataAccess.dll [C:\Users\ultra\warewolf\Dev\Warewolf.Security.Specs\Warewolf.Security.Specs.csproj]
C:\Program Files\dotnet\sdk\10.0.201\Microsoft.Common.CurrentVersion.targets(2451,5): warning MSB3277:             C:\Users\ultra\.nuget\packages\system.directoryservices\6.0.0\lib\net6.0\System.DirectoryServices.dll [C:\Users\ultra\warewolf\Dev\Warewolf.Security.Specs\Warewolf.Security.Specs.csproj]
C:\Program Files\dotnet\sdk\10.0.201\Microsoft.Common.CurrentVersion.targets(2451,5): warning MSB3277:             C:\Users\ultra\.nuget\packages\corewcf.primitives\1.2.1\lib\netstandard2.0\CoreWCF.Primitives.dll [C:\Users\ultra\warewolf\Dev\Warewolf.Security.Specs\Warewolf.Security.Specs.csproj]
C:\Program Files\dotnet\sdk\10.0.201\Microsoft.Common.CurrentVersion.targets(2451,5): warning MSB3277:             C:\Users\ultra\.nuget\packages\corewcf.http\1.2.1\lib\netstandard2.0\CoreWCF.Http.dll [C:\Users\ultra\warewolf\Dev\Warewolf.Security.Specs\Warewolf.Security.Specs.csproj]
C:\Program Files\dotnet\sdk\10.0.201\Microsoft.Common.CurrentVersion.targets(2451,5): warning MSB3277:             C:\Users\ultra\.nuget\packages\corewcf.nettcp\1.2.1\lib\netstandard2.0\CoreWCF.NetTcp.dll [C:\Users\ultra\warewolf\Dev\Warewolf.Security.Specs\Warewolf.Security.Specs.csproj]
C:\Program Files\dotnet\sdk\10.0.201\Microsoft.Common.CurrentVersion.targets(2451,5): warning MSB3277:             C:\Users\ultra\.nuget\packages\corewcf.webhttp\1.2.1\lib\netstandard2.0\CoreWCF.WebHttp.dll [C:\Users\ultra\warewolf\Dev\Warewolf.Security.Specs\Warewolf.Security.Specs.csproj]
C:\Program Files\dotnet\sdk\10.0.201\Microsoft.Common.CurrentVersion.targets(2451,5): warning MSB3277:             C:\Program Files\dotnet\packs\Microsoft.NETCore.App.Ref\8.0.25\ref/net8.0/System.Configuration.dll [C:\Users\ultra\warewolf\Dev\Warewolf.Security.Specs\Warewolf.Security.Specs.csproj]
C:\Program Files\dotnet\sdk\10.0.201\Microsoft.Common.CurrentVersion.targets(2451,5): warning MSB3277:             C:\Users\ultra\.nuget\packages\prism.composition\5.0.0\lib\NET45\Microsoft.Practices.Prism.Composition.dll [C:\Users\ultra\warewolf\Dev\Warewolf.Security.Specs\Warewolf.Security.Specs.csproj]
C:\Program Files\dotnet\sdk\10.0.201\Microsoft.Common.CurrentVersion.targets(2451,5): warning MSB3277:             C:\Users\ultra\.nuget\packages\prism.unityextensions\5.0.1\lib\NET45\Microsoft.Practices.Prism.UnityExtensions.dll [C:\Users\ultra\warewolf\Dev\Warewolf.Security.Specs\Warewolf.Security.Specs.csproj]
C:\Program Files\dotnet\sdk\10.0.201\Microsoft.Common.CurrentVersion.targets(2451,5): warning MSB3277:             C:\Users\ultra\.nuget\packages\prism.wpf\9.0.537\lib\net462\Prism.Wpf.dll [C:\Users\ultra\warewolf\Dev\Warewolf.Security.Specs\Warewolf.Security.Specs.csproj]
C:\Program Files\dotnet\sdk\10.0.201\Microsoft.Common.CurrentVersion.targets(2451,5): warning MSB3277:             C:\Program Files\dotnet\packs\Microsoft.NETCore.App.Ref\8.0.25\ref/net8.0/System.Data.dll [C:\Users\ultra\warewolf\Dev\Warewolf.Security.Specs\Warewolf.Security.Specs.csproj]
C:\Program Files\dotnet\sdk\10.0.201\Microsoft.Common.CurrentVersion.targets(2451,5): warning MSB3277:             C:\Users\ultra\.nuget\packages\taskschedulereditor\2.10.1\lib\net452\Microsoft.Win32.TaskSchedulerEditor.dll [C:\Users\ultra\warewolf\Dev\Warewolf.Security.Specs\Warewolf.Security.Specs.csproj]
C:\Program Files\dotnet\sdk\10.0.201\Microsoft.Common.CurrentVersion.targets(2451,5): warning MSB3277:             C:\Program Files\dotnet\packs\Microsoft.NETCore.App.Ref\8.0.25\ref/net8.0/System.Drawing.dll [C:\Users\ultra\warewolf\Dev\Warewolf.Security.Specs\Warewolf.Security.Specs.csproj]
C:\Program Files\dotnet\sdk\10.0.201\Microsoft.Common.CurrentVersion.targets(2451,5): warning MSB3277:             C:\Users\ultra\.nuget\packages\aerowizard\2.3.1\lib\net45\AeroWizard.dll [C:\Users\ultra\warewolf\Dev\Warewolf.Security.Specs\Warewolf.Security.Specs.csproj]
C:\Program Files\dotnet\sdk\10.0.201\Microsoft.Common.CurrentVersion.targets(2451,5): warning MSB3277:             C:\Users\ultra\.nuget\packages\avalonedit\6.3.0.90\lib\net462\ICSharpCode.AvalonEdit.dll [C:\Users\ultra\warewolf\Dev\Warewolf.Security.Specs\Warewolf.Security.Specs.csproj]
C:\Program Files\dotnet\sdk\10.0.201\Microsoft.Common.CurrentVersion.targets(2451,5): warning MSB3277:             C:\Users\ultra\.nuget\packages\groupcontrols\1.9.0\lib\net45\GroupControls.dll [C:\Users\ultra\warewolf\Dev\Warewolf.Security.Specs\Warewolf.Security.Specs.csproj]
C:\Program Files\dotnet\sdk\10.0.201\Microsoft.Common.CurrentVersion.targets(2451,5): warning MSB3277:             C:\Program Files\dotnet\packs\Microsoft.NETCore.App.Ref\8.0.25\ref/net8.0/System.Net.dll [C:\Users\ultra\warewolf\Dev\Warewolf.Security.Specs\Warewolf.Security.Specs.csproj]
C:\Program Files\dotnet\sdk\10.0.201\Microsoft.Common.CurrentVersion.targets(2451,5): warning MSB3277:             C:\Program Files\dotnet\packs\Microsoft.NETCore.App.Ref\8.0.25\ref/net8.0/System.Security.dll [C:\Users\ultra\warewolf\Dev\Warewolf.Security.Specs\Warewolf.Security.Specs.csproj]
C:\Program Files\dotnet\sdk\10.0.201\Microsoft.Common.CurrentVersion.targets(2451,5): warning MSB3277:             C:\Program Files\dotnet\packs\Microsoft.NETCore.App.Ref\8.0.25\ref/net8.0/System.ServiceProcess.dll [C:\Users\ultra\warewolf\Dev\Warewolf.Security.Specs\Warewolf.Security.Specs.csproj]
C:\Program Files\dotnet\sdk\10.0.201\Microsoft.Common.CurrentVersion.targets(2451,5): warning MSB3277:             C:\Program Files\dotnet\packs\Microsoft.NETCore.App.Ref\8.0.25\ref/net8.0/System.Transactions.dll [C:\Users\ultra\warewolf\Dev\Warewolf.Security.Specs\Warewolf.Security.Specs.csproj]
C:\Program Files\dotnet\sdk\10.0.201\Microsoft.Common.CurrentVersion.targets(2451,5): warning MSB3277:             C:\Program Files\dotnet\packs\Microsoft.NETCore.App.Ref\8.0.25\ref/net8.0/System.dll [C:\Users\ultra\warewolf\Dev\Warewolf.Security.Specs\Warewolf.Security.Specs.csproj]
C:\Program Files\dotnet\sdk\10.0.201\Microsoft.Common.CurrentVersion.targets(2451,5): warning MSB3277:             C:\Users\ultra\.nuget\packages\fontawesome.wpf\4.7.0.9\lib\net40\FontAwesome.WPF.dll [C:\Users\ultra\warewolf\Dev\Warewolf.Security.Specs\Warewolf.Security.Specs.csproj]
C:\Program Files\dotnet\sdk\10.0.201\Microsoft.Common.CurrentVersion.targets(2451,5): warning MSB3277:             C:\Users\ultra\.nuget\packages\log4net.async\2.0.4\lib\net40\Log4Net.Async.dll [C:\Users\ultra\warewolf\Dev\Warewolf.Security.Specs\Warewolf.Security.Specs.csproj]
C:\Program Files\dotnet\sdk\10.0.201\Microsoft.Common.CurrentVersion.targets(2451,5): warning MSB3277:             C:\Users\ultra\.nuget\packages\microsoft.xaml.behaviors.wpf\1.1.122\lib\net462\Microsoft.Xaml.Behaviors.dll [C:\Users\ultra\warewolf\Dev\Warewolf.Security.Specs\Warewolf.Security.Specs.csproj]
C:\Program Files\dotnet\sdk\10.0.201\Microsoft.Common.CurrentVersion.targets(2451,5): warning MSB3277:             C:\Users\ultra\.nuget\packages\caliburn.micro\4.0.212\lib\netcoreapp3.1\Caliburn.Micro.Platform.dll [C:\Users\ultra\warewolf\Dev\Warewolf.Security.Specs\Warewolf.Security.Specs.csproj]
C:\Program Files\dotnet\sdk\10.0.201\Microsoft.Common.CurrentVersion.targets(2451,5): warning MSB3277:             C:\Users\ultra\.nuget\packages\prism.interactivity\5.0.0\lib\NET45\Microsoft.Practices.Prism.Interactivity.dll [C:\Users\ultra\warewolf\Dev\Warewolf.Security.Specs\Warewolf.Security.Specs.csproj]
C:\Program Files\dotnet\sdk\10.0.201\Microsoft.Common.CurrentVersion.targets(2451,5): warning MSB3277:             C:\Users\ultra\.nuget\packages\prism.mvvm\1.0.0\lib\net45\Microsoft.Practices.Prism.Mvvm.Desktop.dll [C:\Users\ultra\warewolf\Dev\Warewolf.Security.Specs\Warewolf.Security.Specs.csproj]
C:\Program Files\dotnet\sdk\10.0.201\Microsoft.Common.CurrentVersion.targets(2451,5): warning MSB3277:             C:\Users\ultra\.nuget\packages\reactiveui.wpf\18.4.1\lib\net462\ReactiveUI.Wpf.dll [C:\Users\ultra\warewolf\Dev\Warewolf.Security.Specs\Warewolf.Security.Specs.csproj]
C:\Program Files\dotnet\sdk\10.0.201\Microsoft.Common.CurrentVersion.targets(2451,5): warning MSB3277:             C:\Users\ultra\.nuget\packages\ttcue.netcore.sharepointonline.csom.16.1.8029.1200\16.1.8029.1200\lib\netcoreapp2.0\Microsoft.SharePoint.Client.Runtime.Windows.dll [C:\Users\ultra\warewolf\Dev\Warewolf.Security.Specs\Warewolf.Security.Specs.csproj]
C:\Program Files\dotnet\sdk\10.0.201\Microsoft.Common.CurrentVersion.targets(2451,5): warning MSB3277:             C:\Program Files\dotnet\packs\Microsoft.NETCore.App.Ref\8.0.25\ref/net8.0/WindowsBase.dll [C:\Users\ultra\warewolf\Dev\Warewolf.Security.Specs\Warewolf.Security.Specs.csproj]
C:\Program Files\dotnet\sdk\10.0.201\Microsoft.Common.CurrentVersion.targets(2451,5): warning MSB3277:             C:\Program Files\dotnet\packs\Microsoft.NETCore.App.Ref\8.0.25\ref/net8.0/mscorlib.dll [C:\Users\ultra\warewolf\Dev\Warewolf.Security.Specs\Warewolf.Security.Specs.csproj]
C:\Program Files\dotnet\sdk\10.0.201\Microsoft.Common.CurrentVersion.targets(2451,5): warning MSB3277:             C:\Users\ultra\.nuget\packages\hangfire.core\1.7.32\lib\netstandard2.0\Hangfire.Core.dll [C:\Users\ultra\warewolf\Dev\Warewolf.Security.Specs\Warewolf.Security.Specs.csproj]
C:\Program Files\dotnet\sdk\10.0.201\Microsoft.Common.CurrentVersion.targets(2451,5): warning MSB3277:             C:\Users\ultra\.nuget\packages\hangfire.aspnetcore\1.7.32\lib\netcoreapp3.0\Hangfire.AspNetCore.dll [C:\Users\ultra\warewolf\Dev\Warewolf.Security.Specs\Warewolf.Security.Specs.csproj]
C:\Program Files\dotnet\sdk\10.0.201\Microsoft.Common.CurrentVersion.targets(2451,5): warning MSB3277:             C:\Users\ultra\.nuget\packages\hangfire.sqlserver\1.7.32\lib\netstandard2.0\Hangfire.SqlServer.dll [C:\Users\ultra\warewolf\Dev\Warewolf.Security.Specs\Warewolf.Security.Specs.csproj]
C:\Program Files\dotnet\sdk\10.0.201\Microsoft.Common.CurrentVersion.targets(2451,5): warning MSB3277:             C:\Users\ultra\.nuget\packages\microsoft.codecoverage\17.13.0\lib\netcoreapp3.1\Microsoft.VisualStudio.CodeCoverage.Shim.dll [C:\Users\ultra\warewolf\Dev\Warewolf.Security.Specs\Warewolf.Security.Specs.csproj]
C:\Program Files\dotnet\sdk\10.0.201\Microsoft.Common.CurrentVersion.targets(2451,5): warning MSB3277:             C:\Users\ultra\.nuget\packages\unofficial.microsoft.mshtml\7.0.3300\lib\net40\Microsoft.mshtml.dll [C:\Users\ultra\warewolf\Dev\Warewolf.Security.Specs\Warewolf.Security.Specs.csproj]
C:\Program Files\dotnet\sdk\10.0.201\Microsoft.Common.CurrentVersion.targets(2451,5): warning MSB3277:         C:\Program Files\dotnet\packs\Microsoft.NETCore.App.Ref\8.0.25\ref\net8.0\System.Drawing.dll [C:\Users\ultra\warewolf\Dev\Warewolf.Security.Specs\Warewolf.Security.Specs.csproj]
C:\Program Files\dotnet\sdk\10.0.201\Microsoft.Common.CurrentVersion.targets(2451,5): warning MSB3277:           Project file item includes which caused reference "C:\Program Files\dotnet\packs\Microsoft.NETCore.App.Ref\8.0.25\ref\net8.0\System.Drawing.dll". [C:\Users\ultra\warewolf\Dev\Warewolf.Security.Specs\Warewolf.Security.Specs.csproj]
C:\Program Files\dotnet\sdk\10.0.201\Microsoft.Common.CurrentVersion.targets(2451,5): warning MSB3277:             C:\Program Files\dotnet\packs\Microsoft.NETCore.App.Ref\8.0.25\ref/net8.0/System.Drawing.dll [C:\Users\ultra\warewolf\Dev\Warewolf.Security.Specs\Warewolf.Security.Specs.csproj]
C:\Program Files\dotnet\sdk\10.0.201\Microsoft.Common.CurrentVersion.targets(2451,5): warning MSB3277:             C:\Users\ultra\.nuget\packages\aerowizard\2.3.1\lib\net45\AeroWizard.dll [C:\Users\ultra\warewolf\Dev\Warewolf.Security.Specs\Warewolf.Security.Specs.csproj]
C:\Program Files\dotnet\sdk\10.0.201\Microsoft.Common.CurrentVersion.targets(2451,5): warning MSB3277:             C:\Users\ultra\.nuget\packages\avalonedit\6.3.0.90\lib\net462\ICSharpCode.AvalonEdit.dll [C:\Users\ultra\warewolf\Dev\Warewolf.Security.Specs\Warewolf.Security.Specs.csproj]
C:\Program Files\dotnet\sdk\10.0.201\Microsoft.Common.CurrentVersion.targets(2451,5): warning MSB3277:             C:\Users\ultra\.nuget\packages\groupcontrols\1.9.0\lib\net45\GroupControls.dll [C:\Users\ultra\warewolf\Dev\Warewolf.Security.Specs\Warewolf.Security.Specs.csproj]
C:\Program Files\dotnet\sdk\10.0.201\Microsoft.Common.CurrentVersion.targets(2451,5): warning MSB3277:             C:\Users\ultra\.nuget\packages\taskschedulereditor\2.10.1\lib\net452\Microsoft.Win32.TaskSchedulerEditor.dll [C:\Users\ultra\warewolf\Dev\Warewolf.Security.Specs\Warewolf.Security.Specs.csproj]
  Consider app.config remapping of assembly "System.Runtime.CompilerServices.Unsafe, Culture=neutral, PublicKeyToken=b03f5f7f11d50a3a" from Version "6.0.0.0" [] to Version "8.0.0.0" [C:\Program Files\dotnet\packs\Microsoft.NETCore.App.Ref\8.0.25\ref\net8.0\System.Runtime.CompilerServices.Unsafe.dll] to solve conflict and get rid of warning.
C:\Program Files\dotnet\sdk\10.0.201\Microsoft.CSharp.CurrentVersion.targets(130,9): warning MSB3884: Could not find rule set file "..\.sonarlint\warewolf_dotnet_frameworkcsharp.ruleset". [C:\Users\ultra\warewolf\Dev\Warewolf.Security.Specs\Warewolf.Security.Specs.csproj]
  Dev2.Integration.Tests -> C:\Users\ultra\warewolf\Bin\ServerTests-Windows\
C:\Users\ultra\warewolf\Dev\Warewolf.Security.Specs\SettingsPermissionsSteps.cs(413,39): warning CC0057: Parameter 'serverName' is not used. (https://code-cracker.github.io/diagnostics/CC0057.html) [C:\Users\ultra\warewolf\Dev\Warewolf.Security.Specs\Warewolf.Security.Specs.csproj]
  Warewolf.Security.Specs -> C:\Users\ultra\warewolf\Dev\Warewolf.Security.Specs\bin\Debug\net8.0\Warewolf.Security.Specs.dll
  Warewolf.Security.Specs -> C:\Users\ultra\warewolf\Bin\ServerTests-Windows\
Publishing Dev2.Activities.Tests for linux-x64...
  Determining projects to restore...
C:\Users\ultra\warewolf\Dev\Warewolf.Language.Parser\Warewolf.Language.Parser.fsproj : warning NU1504: Duplicate 'PackageReference' items found. Remove the duplicate items or use the Update functionality to ensure a consistent restore behavior. The duplicate 'PackageReference' items are: FSharp.Core 10.1.201, FSharp.Core 4.6.2.
C:\Users\ultra\warewolf\Dev\Dev2.Runtime\Dev2.Runtime.csproj : warning NU1903: Package 'Microsoft.Windows.Compatibility' 6.0.0 has a known high severity vulnerability, https://github.com/advisories/GHSA-555c-2p6r-68mm [C:\Users\ultra\warewolf\Dev\Dev2.Activities.Tests\Dev2.Activities.Tests.csproj]
  Restored C:\Users\ultra\warewolf\Dev\Warewolf.Studio.Resources\Warewolf.Studio.Resources.csproj (in 326 ms).
  Restored C:\Users\ultra\warewolf\Dev\Warewolf.Weave\Warewolf.Weave.csproj (in 326 ms).
C:\Users\ultra\warewolf\Dev\Dev2.Runtime\Dev2.Runtime.csproj : warning NU1701: Package 'AeroWizard 2.3.1' was restored using '.NETFramework,Version=v4.6.1, .NETFramework,Version=v4.6.2, .NETFramework,Version=v4.7, .NETFramework,Version=v4.7.1, .NETFramework,Version=v4.7.2, .NETFramework,Version=v4.8, .NETFramework,Version=v4.8.1' instead of the project target framework 'net8.0'. This package may not be fully compatible with your project. [C:\Users\ultra\warewolf\Dev\Dev2.Activities.Tests\Dev2.Activities.Tests.csproj]
C:\Users\ultra\warewolf\Dev\Dev2.Development.Languages\Dev2.Development.Languages.csproj : warning NU1701: Package 'AeroWizard 2.3.1' was restored using '.NETFramework,Version=v4.6.1, .NETFramework,Version=v4.6.2, .NETFramework,Version=v4.7, .NETFramework,Version=v4.7.1, .NETFramework,Version=v4.7.2, .NETFramework,Version=v4.8, .NETFramework,Version=v4.8.1' instead of the project target framework 'net8.0'. This package may not be fully compatible with your project. [C:\Users\ultra\warewolf\Dev\Dev2.Activities.Tests\Dev2.Activities.Tests.csproj]
C:\Users\ultra\warewolf\Dev\Dev2.Diagnostics\Dev2.Diagnostics.csproj : warning NU1701: Package 'AeroWizard 2.3.1' was restored using '.NETFramework,Version=v4.6.1, .NETFramework,Version=v4.6.2, .NETFramework,Version=v4.7, .NETFramework,Version=v4.7.1, .NETFramework,Version=v4.7.2, .NETFramework,Version=v4.8, .NETFramework,Version=v4.8.1' instead of the project target framework 'net8.0'. This package may not be fully compatible with your project. [C:\Users\ultra\warewolf\Dev\Dev2.Activities.Tests\Dev2.Activities.Tests.csproj]
C:\Users\ultra\warewolf\Dev\Dev2.Scheduler\Dev2.Scheduler.csproj : warning NU1701: Package 'AeroWizard 2.3.1' was restored using '.NETFramework,Version=v4.6.1, .NETFramework,Version=v4.6.2, .NETFramework,Version=v4.7, .NETFramework,Version=v4.7.1, .NETFramework,Version=v4.7.2, .NETFramework,Version=v4.8, .NETFramework,Version=v4.8.1' instead of the project target framework 'net8.0'. This package may not be fully compatible with your project. [C:\Users\ultra\warewolf\Dev\Dev2.Activities.Tests\Dev2.Activities.Tests.csproj]
C:\Users\ultra\warewolf\Dev\Warewolf.Testing\Warewolf.Testing.csproj : warning NU1701: Package 'AeroWizard 2.3.1' was restored using '.NETFramework,Version=v4.6.1, .NETFramework,Version=v4.6.2, .NETFramework,Version=v4.7, .NETFramework,Version=v4.7.1, .NETFramework,Version=v4.7.2, .NETFramework,Version=v4.8, .NETFramework,Version=v4.8.1' instead of the project target framework 'net8.0'. This package may not be fully compatible with your project. [C:\Users\ultra\warewolf\Dev\Dev2.Activities.Tests\Dev2.Activities.Tests.csproj]
C:\Users\ultra\warewolf\Dev\Warewolf.Driver.Persistence\Warewolf.Driver.Persistence.csproj : warning NU1701: Package 'AeroWizard 2.3.1' was restored using '.NETFramework,Version=v4.6.1, .NETFramework,Version=v4.6.2, .NETFramework,Version=v4.7, .NETFramework,Version=v4.7.1, .NETFramework,Version=v4.7.2, .NETFramework,Version=v4.8, .NETFramework,Version=v4.8.1' instead of the project target framework 'net8.0'. This package may not be fully compatible with your project. [C:\Users\ultra\warewolf\Dev\Dev2.Activities.Tests\Dev2.Activities.Tests.csproj]
C:\Users\ultra\warewolf\Dev\Warewolf.Studio.Core\Warewolf.Studio.Core.csproj : warning NU1701: Package 'AeroWizard 2.3.1' was restored using '.NETFramework,Version=v4.6.1, .NETFramework,Version=v4.6.2, .NETFramework,Version=v4.7, .NETFramework,Version=v4.7.1, .NETFramework,Version=v4.7.2, .NETFramework,Version=v4.8, .NETFramework,Version=v4.8.1' instead of the project target framework 'net8.0'. This package may not be fully compatible with your project. [C:\Users\ultra\warewolf\Dev\Dev2.Activities.Tests\Dev2.Activities.Tests.csproj]
C:\Users\ultra\warewolf\Dev\Warewolf.Data\Warewolf.Data.csproj : warning NU1701: Package 'AeroWizard 2.3.1' was restored using '.NETFramework,Version=v4.6.1, .NETFramework,Version=v4.6.2, .NETFramework,Version=v4.7, .NETFramework,Version=v4.7.1, .NETFramework,Version=v4.7.2, .NETFramework,Version=v4.8, .NETFramework,Version=v4.8.1' instead of the project target framework 'net8.0'. This package may not be fully compatible with your project. [C:\Users\ultra\warewolf\Dev\Dev2.Activities.Tests\Dev2.Activities.Tests.csproj]
C:\Users\ultra\warewolf\Dev\Dev2.Infrastructure.Tests\Dev2.Infrastructure.Tests.csproj : warning NU1701: Package 'AeroWizard 2.3.1' was restored using '.NETFramework,Version=v4.6.1, .NETFramework,Version=v4.6.2, .NETFramework,Version=v4.7, .NETFramework,Version=v4.7.1, .NETFramework,Version=v4.7.2, .NETFramework,Version=v4.8, .NETFramework,Version=v4.8.1' instead of the project target framework 'net8.0'. This package may not be fully compatible with your project. [C:\Users\ultra\warewolf\Dev\Dev2.Activities.Tests\Dev2.Activities.Tests.csproj]
C:\Users\ultra\warewolf\Dev\Warewolf.Data\Warewolf.Data.csproj : warning NU1701: Package 'GroupControls 1.9.0' was restored using '.NETFramework,Version=v4.6.1, .NETFramework,Version=v4.6.2, .NETFramework,Version=v4.7, .NETFramework,Version=v4.7.1, .NETFramework,Version=v4.7.2, .NETFramework,Version=v4.8, .NETFramework,Version=v4.8.1' instead of the project target framework 'net8.0'. This package may not be fully compatible with your project. [C:\Users\ultra\warewolf\Dev\Dev2.Activities.Tests\Dev2.Activities.Tests.csproj]
C:\Users\ultra\warewolf\Dev\Dev2.Diagnostics\Dev2.Diagnostics.csproj : warning NU1701: Package 'GroupControls 1.9.0' was restored using '.NETFramework,Version=v4.6.1, .NETFramework,Version=v4.6.2, .NETFramework,Version=v4.7, .NETFramework,Version=v4.7.1, .NETFramework,Version=v4.7.2, .NETFramework,Version=v4.8, .NETFramework,Version=v4.8.1' instead of the project target framework 'net8.0'. This package may not be fully compatible with your project. [C:\Users\ultra\warewolf\Dev\Dev2.Activities.Tests\Dev2.Activities.Tests.csproj]
C:\Users\ultra\warewolf\Dev\Dev2.Scheduler\Dev2.Scheduler.csproj : warning NU1701: Package 'GroupControls 1.9.0' was restored using '.NETFramework,Version=v4.6.1, .NETFramework,Version=v4.6.2, .NETFramework,Version=v4.7, .NETFramework,Version=v4.7.1, .NETFramework,Version=v4.7.2, .NETFramework,Version=v4.8, .NETFramework,Version=v4.8.1' instead of the project target framework 'net8.0'. This package may not be fully compatible with your project. [C:\Users\ultra\warewolf\Dev\Dev2.Activities.Tests\Dev2.Activities.Tests.csproj]
C:\Users\ultra\warewolf\Dev\Dev2.Development.Languages\Dev2.Development.Languages.csproj : warning NU1701: Package 'GroupControls 1.9.0' was restored using '.NETFramework,Version=v4.6.1, .NETFramework,Version=v4.6.2, .NETFramework,Version=v4.7, .NETFramework,Version=v4.7.1, .NETFramework,Version=v4.7.2, .NETFramework,Version=v4.8, .NETFramework,Version=v4.8.1' instead of the project target framework 'net8.0'. This package may not be fully compatible with your project. [C:\Users\ultra\warewolf\Dev\Dev2.Activities.Tests\Dev2.Activities.Tests.csproj]
C:\Users\ultra\warewolf\Dev\Dev2.Runtime\Dev2.Runtime.csproj : warning NU1701: Package 'GroupControls 1.9.0' was restored using '.NETFramework,Version=v4.6.1, .NETFramework,Version=v4.6.2, .NETFramework,Version=v4.7, .NETFramework,Version=v4.7.1, .NETFramework,Version=v4.7.2, .NETFramework,Version=v4.8, .NETFramework,Version=v4.8.1' instead of the project target framework 'net8.0'. This package may not be fully compatible with your project. [C:\Users\ultra\warewolf\Dev\Dev2.Activities.Tests\Dev2.Activities.Tests.csproj]
C:\Users\ultra\warewolf\Dev\Warewolf.Testing\Warewolf.Testing.csproj : warning NU1701: Package 'GroupControls 1.9.0' was restored using '.NETFramework,Version=v4.6.1, .NETFramework,Version=v4.6.2, .NETFramework,Version=v4.7, .NETFramework,Version=v4.7.1, .NETFramework,Version=v4.7.2, .NETFramework,Version=v4.8, .NETFramework,Version=v4.8.1' instead of the project target framework 'net8.0'. This package may not be fully compatible with your project. [C:\Users\ultra\warewolf\Dev\Dev2.Activities.Tests\Dev2.Activities.Tests.csproj]
C:\Users\ultra\warewolf\Dev\Warewolf.Driver.Persistence\Warewolf.Driver.Persistence.csproj : warning NU1701: Package 'GroupControls 1.9.0' was restored using '.NETFramework,Version=v4.6.1, .NETFramework,Version=v4.6.2, .NETFramework,Version=v4.7, .NETFramework,Version=v4.7.1, .NETFramework,Version=v4.7.2, .NETFramework,Version=v4.8, .NETFramework,Version=v4.8.1' instead of the project target framework 'net8.0'. This package may not be fully compatible with your project. [C:\Users\ultra\warewolf\Dev\Dev2.Activities.Tests\Dev2.Activities.Tests.csproj]
C:\Users\ultra\warewolf\Dev\Warewolf.Studio.Core\Warewolf.Studio.Core.csproj : warning NU1701: Package 'GroupControls 1.9.0' was restored using '.NETFramework,Version=v4.6.1, .NETFramework,Version=v4.6.2, .NETFramework,Version=v4.7, .NETFramework,Version=v4.7.1, .NETFramework,Version=v4.7.2, .NETFramework,Version=v4.8, .NETFramework,Version=v4.8.1' instead of the project target framework 'net8.0'. This package may not be fully compatible with your project. [C:\Users\ultra\warewolf\Dev\Dev2.Activities.Tests\Dev2.Activities.Tests.csproj]
C:\Users\ultra\warewolf\Dev\Dev2.Infrastructure.Tests\Dev2.Infrastructure.Tests.csproj : warning NU1701: Package 'GroupControls 1.9.0' was restored using '.NETFramework,Version=v4.6.1, .NETFramework,Version=v4.6.2, .NETFramework,Version=v4.7, .NETFramework,Version=v4.7.1, .NETFramework,Version=v4.7.2, .NETFramework,Version=v4.8, .NETFramework,Version=v4.8.1' instead of the project target framework 'net8.0'. This package may not be fully compatible with your project. [C:\Users\ultra\warewolf\Dev\Dev2.Activities.Tests\Dev2.Activities.Tests.csproj]
C:\Users\ultra\warewolf\Dev\Warewolf.Studio.Core\Warewolf.Studio.Core.csproj : warning NU1701: Package 'Microsoft.Xaml.Behaviors.Wpf 1.1.122' was restored using '.NETFramework,Version=v4.6.1, .NETFramework,Version=v4.6.2, .NETFramework,Version=v4.7, .NETFramework,Version=v4.7.1, .NETFramework,Version=v4.7.2, .NETFramework,Version=v4.8, .NETFramework,Version=v4.8.1' instead of the project target framework 'net8.0'. This package may not be fully compatible with your project. [C:\Users\ultra\warewolf\Dev\Dev2.Activities.Tests\Dev2.Activities.Tests.csproj]
C:\Users\ultra\warewolf\Dev\Warewolf.Testing\Warewolf.Testing.csproj : warning NU1701: Package 'Microsoft.Xaml.Behaviors.Wpf 1.1.122' was restored using '.NETFramework,Version=v4.6.1, .NETFramework,Version=v4.6.2, .NETFramework,Version=v4.7, .NETFramework,Version=v4.7.1, .NETFramework,Version=v4.7.2, .NETFramework,Version=v4.8, .NETFramework,Version=v4.8.1' instead of the project target framework 'net8.0'. This package may not be fully compatible with your project. [C:\Users\ultra\warewolf\Dev\Dev2.Activities.Tests\Dev2.Activities.Tests.csproj]
C:\Users\ultra\warewolf\Dev\Warewolf.Testing\Warewolf.Testing.csproj : warning NU1701: Package 'Prism.Wpf 9.0.537' was restored using '.NETFramework,Version=v4.6.1, .NETFramework,Version=v4.6.2, .NETFramework,Version=v4.7, .NETFramework,Version=v4.7.1, .NETFramework,Version=v4.7.2, .NETFramework,Version=v4.8, .NETFramework,Version=v4.8.1' instead of the project target framework 'net8.0'. This package may not be fully compatible with your project. [C:\Users\ultra\warewolf\Dev\Dev2.Activities.Tests\Dev2.Activities.Tests.csproj]
C:\Users\ultra\warewolf\Dev\Warewolf.Studio.Core\Warewolf.Studio.Core.csproj : warning NU1701: Package 'Prism.Wpf 9.0.537' was restored using '.NETFramework,Version=v4.6.1, .NETFramework,Version=v4.6.2, .NETFramework,Version=v4.7, .NETFramework,Version=v4.7.1, .NETFramework,Version=v4.7.2, .NETFramework,Version=v4.8, .NETFramework,Version=v4.8.1' instead of the project target framework 'net8.0'. This package may not be fully compatible with your project. [C:\Users\ultra\warewolf\Dev\Dev2.Activities.Tests\Dev2.Activities.Tests.csproj]
  Restored C:\Users\ultra\warewolf\Dev\Dev2.Net6.Compatibility\Dev2.Net6.Compatibility.csproj (in 19 ms).
C:\Users\ultra\warewolf\Dev\Dev2.Scheduler\Dev2.Scheduler.csproj : warning NU1701: Package 'ReactiveUI.WPF 18.4.1' was restored using '.NETFramework,Version=v4.6.1, .NETFramework,Version=v4.6.2, .NETFramework,Version=v4.7, .NETFramework,Version=v4.7.1, .NETFramework,Version=v4.7.2, .NETFramework,Version=v4.8, .NETFramework,Version=v4.8.1' instead of the project target framework 'net8.0'. This package may not be fully compatible with your project. [C:\Users\ultra\warewolf\Dev\Dev2.Activities.Tests\Dev2.Activities.Tests.csproj]
C:\Users\ultra\warewolf\Dev\Warewolf.Driver.Persistence\Warewolf.Driver.Persistence.csproj : warning NU1701: Package 'ReactiveUI.WPF 18.4.1' was restored using '.NETFramework,Version=v4.6.1, .NETFramework,Version=v4.6.2, .NETFramework,Version=v4.7, .NETFramework,Version=v4.7.1, .NETFramework,Version=v4.7.2, .NETFramework,Version=v4.8, .NETFramework,Version=v4.8.1' instead of the project target framework 'net8.0'. This package may not be fully compatible with your project. [C:\Users\ultra\warewolf\Dev\Dev2.Activities.Tests\Dev2.Activities.Tests.csproj]
C:\Users\ultra\warewolf\Dev\Warewolf.Studio.Core\Warewolf.Studio.Core.csproj : warning NU1701: Package 'ReactiveUI.WPF 18.4.1' was restored using '.NETFramework,Version=v4.6.1, .NETFramework,Version=v4.6.2, .NETFramework,Version=v4.7, .NETFramework,Version=v4.7.1, .NETFramework,Version=v4.7.2, .NETFramework,Version=v4.8, .NETFramework,Version=v4.8.1' instead of the project target framework 'net8.0'. This package may not be fully compatible with your project. [C:\Users\ultra\warewolf\Dev\Dev2.Activities.Tests\Dev2.Activities.Tests.csproj]
C:\Users\ultra\warewolf\Dev\Warewolf.Testing\Warewolf.Testing.csproj : warning NU1701: Package 'ReactiveUI.WPF 18.4.1' was restored using '.NETFramework,Version=v4.6.1, .NETFramework,Version=v4.6.2, .NETFramework,Version=v4.7, .NETFramework,Version=v4.7.1, .NETFramework,Version=v4.7.2, .NETFramework,Version=v4.8, .NETFramework,Version=v4.8.1' instead of the project target framework 'net8.0'. This package may not be fully compatible with your project. [C:\Users\ultra\warewolf\Dev\Dev2.Activities.Tests\Dev2.Activities.Tests.csproj]
C:\Users\ultra\warewolf\Dev\Dev2.Infrastructure\Dev2.Infrastructure.csproj : warning NU1903: Package 'Microsoft.Windows.Compatibility' 6.0.0 has a known high severity vulnerability, https://github.com/advisories/GHSA-555c-2p6r-68mm [C:\Users\ultra\warewolf\Dev\Dev2.Activities.Tests\Dev2.Activities.Tests.csproj]
C:\Users\ultra\warewolf\Dev\Dev2.Infrastructure\Dev2.Infrastructure.csproj : warning NU1701: Package 'AeroWizard 2.3.1' was restored using '.NETFramework,Version=v4.6.1, .NETFramework,Version=v4.6.2, .NETFramework,Version=v4.7, .NETFramework,Version=v4.7.1, .NETFramework,Version=v4.7.2, .NETFramework,Version=v4.8, .NETFramework,Version=v4.8.1' instead of the project target framework 'net8.0'. This package may not be fully compatible with your project. [C:\Users\ultra\warewolf\Dev\Dev2.Activities.Tests\Dev2.Activities.Tests.csproj]
C:\Users\ultra\warewolf\Dev\Dev2.Infrastructure\Dev2.Infrastructure.csproj : warning NU1701: Package 'GroupControls 1.9.0' was restored using '.NETFramework,Version=v4.6.1, .NETFramework,Version=v4.6.2, .NETFramework,Version=v4.7, .NETFramework,Version=v4.7.1, .NETFramework,Version=v4.7.2, .NETFramework,Version=v4.8, .NETFramework,Version=v4.8.1' instead of the project target framework 'net8.0'. This package may not be fully compatible with your project. [C:\Users\ultra\warewolf\Dev\Dev2.Activities.Tests\Dev2.Activities.Tests.csproj]
C:\Users\ultra\warewolf\Dev\Dev2.Infrastructure\Dev2.Infrastructure.csproj : warning NU1701: Package 'ReactiveUI.WPF 18.4.1' was restored using '.NETFramework,Version=v4.6.1, .NETFramework,Version=v4.6.2, .NETFramework,Version=v4.7, .NETFramework,Version=v4.7.1, .NETFramework,Version=v4.7.2, .NETFramework,Version=v4.8, .NETFramework,Version=v4.8.1' instead of the project target framework 'net8.0'. This package may not be fully compatible with your project. [C:\Users\ultra\warewolf\Dev\Dev2.Activities.Tests\Dev2.Activities.Tests.csproj]
C:\Users\ultra\warewolf\Dev\Dev2.Runtime\Dev2.Runtime.csproj : warning NU1701: Package 'ReactiveUI.WPF 18.4.1' was restored using '.NETFramework,Version=v4.6.1, .NETFramework,Version=v4.6.2, .NETFramework,Version=v4.7, .NETFramework,Version=v4.7.1, .NETFramework,Version=v4.7.2, .NETFramework,Version=v4.8, .NETFramework,Version=v4.8.1' instead of the project target framework 'net8.0'. This package may not be fully compatible with your project. [C:\Users\ultra\warewolf\Dev\Dev2.Activities.Tests\Dev2.Activities.Tests.csproj]
C:\Users\ultra\warewolf\Dev\Dev2.Infrastructure.Tests\Dev2.Infrastructure.Tests.csproj : warning NU1701: Package 'Microsoft.Xaml.Behaviors.Wpf 1.1.122' was restored using '.NETFramework,Version=v4.6.1, .NETFramework,Version=v4.6.2, .NETFramework,Version=v4.7, .NETFramework,Version=v4.7.1, .NETFramework,Version=v4.7.2, .NETFramework,Version=v4.8, .NETFramework,Version=v4.8.1' instead of the project target framework 'net8.0'. This package may not be fully compatible with your project. [C:\Users\ultra\warewolf\Dev\Dev2.Activities.Tests\Dev2.Activities.Tests.csproj]
C:\Users\ultra\warewolf\Dev\Dev2.Infrastructure.Tests\Dev2.Infrastructure.Tests.csproj : warning NU1701: Package 'Prism.Wpf 9.0.537' was restored using '.NETFramework,Version=v4.6.1, .NETFramework,Version=v4.6.2, .NETFramework,Version=v4.7, .NETFramework,Version=v4.7.1, .NETFramework,Version=v4.7.2, .NETFramework,Version=v4.8, .NETFramework,Version=v4.8.1' instead of the project target framework 'net8.0'. This package may not be fully compatible with your project. [C:\Users\ultra\warewolf\Dev\Dev2.Activities.Tests\Dev2.Activities.Tests.csproj]
C:\Users\ultra\warewolf\Dev\Dev2.Infrastructure.Tests\Dev2.Infrastructure.Tests.csproj : warning NU1701: Package 'ReactiveUI.WPF 18.4.1' was restored using '.NETFramework,Version=v4.6.1, .NETFramework,Version=v4.6.2, .NETFramework,Version=v4.7, .NETFramework,Version=v4.7.1, .NETFramework,Version=v4.7.2, .NETFramework,Version=v4.8, .NETFramework,Version=v4.8.1' instead of the project target framework 'net8.0'. This package may not be fully compatible with your project. [C:\Users\ultra\warewolf\Dev\Dev2.Activities.Tests\Dev2.Activities.Tests.csproj]
C:\Users\ultra\warewolf\Dev\Warewolf.Storage\Warewolf.Storage.csproj : warning NU1701: Package 'AeroWizard 2.3.1' was restored using '.NETFramework,Version=v4.6.1, .NETFramework,Version=v4.6.2, .NETFramework,Version=v4.7, .NETFramework,Version=v4.7.1, .NETFramework,Version=v4.7.2, .NETFramework,Version=v4.8, .NETFramework,Version=v4.8.1' instead of the project target framework 'net8.0'. This package may not be fully compatible with your project. [C:\Users\ultra\warewolf\Dev\Dev2.Activities.Tests\Dev2.Activities.Tests.csproj]
C:\Users\ultra\warewolf\Dev\Warewolf.Storage\Warewolf.Storage.csproj : warning NU1701: Package 'GroupControls 1.9.0' was restored using '.NETFramework,Version=v4.6.1, .NETFramework,Version=v4.6.2, .NETFramework,Version=v4.7, .NETFramework,Version=v4.7.1, .NETFramework,Version=v4.7.2, .NETFramework,Version=v4.8, .NETFramework,Version=v4.8.1' instead of the project target framework 'net8.0'. This package may not be fully compatible with your project. [C:\Users\ultra\warewolf\Dev\Dev2.Activities.Tests\Dev2.Activities.Tests.csproj]
C:\Users\ultra\warewolf\Dev\Warewolf.Storage\Warewolf.Storage.csproj : warning NU1701: Package 'ReactiveUI.WPF 18.4.1' was restored using '.NETFramework,Version=v4.6.1, .NETFramework,Version=v4.6.2, .NETFramework,Version=v4.7, .NETFramework,Version=v4.7.1, .NETFramework,Version=v4.7.2, .NETFramework,Version=v4.8, .NETFramework,Version=v4.8.1' instead of the project target framework 'net8.0'. This package may not be fully compatible with your project. [C:\Users\ultra\warewolf\Dev\Dev2.Activities.Tests\Dev2.Activities.Tests.csproj]
C:\Users\ultra\warewolf\Dev\Warewolf.Data\Warewolf.Data.csproj : warning NU1701: Package 'TaskSchedulerEditor 2.10.1' was restored using '.NETFramework,Version=v4.6.1, .NETFramework,Version=v4.6.2, .NETFramework,Version=v4.7, .NETFramework,Version=v4.7.1, .NETFramework,Version=v4.7.2, .NETFramework,Version=v4.8, .NETFramework,Version=v4.8.1' instead of the project target framework 'net8.0'. This package may not be fully compatible with your project. [C:\Users\ultra\warewolf\Dev\Dev2.Activities.Tests\Dev2.Activities.Tests.csproj]
C:\Users\ultra\warewolf\Dev\Warewolf.Storage\Warewolf.Storage.csproj : warning NU1701: Package 'TaskSchedulerEditor 2.10.1' was restored using '.NETFramework,Version=v4.6.1, .NETFramework,Version=v4.6.2, .NETFramework,Version=v4.7, .NETFramework,Version=v4.7.1, .NETFramework,Version=v4.7.2, .NETFramework,Version=v4.8, .NETFramework,Version=v4.8.1' instead of the project target framework 'net8.0'. This package may not be fully compatible with your project. [C:\Users\ultra\warewolf\Dev\Dev2.Activities.Tests\Dev2.Activities.Tests.csproj]
C:\Users\ultra\warewolf\Dev\Warewolf.Testing\Warewolf.Testing.csproj : warning NU1701: Package 'TaskSchedulerEditor 2.10.1' was restored using '.NETFramework,Version=v4.6.1, .NETFramework,Version=v4.6.2, .NETFramework,Version=v4.7, .NETFramework,Version=v4.7.1, .NETFramework,Version=v4.7.2, .NETFramework,Version=v4.8, .NETFramework,Version=v4.8.1' instead of the project target framework 'net8.0'. This package may not be fully compatible with your project. [C:\Users\ultra\warewolf\Dev\Dev2.Activities.Tests\Dev2.Activities.Tests.csproj]
C:\Users\ultra\warewolf\Dev\Dev2.Diagnostics\Dev2.Diagnostics.csproj : warning NU1701: Package 'TaskSchedulerEditor 2.10.1' was restored using '.NETFramework,Version=v4.6.1, .NETFramework,Version=v4.6.2, .NETFramework,Version=v4.7, .NETFramework,Version=v4.7.1, .NETFramework,Version=v4.7.2, .NETFramework,Version=v4.8, .NETFramework,Version=v4.8.1' instead of the project target framework 'net8.0'. This package may not be fully compatible with your project. [C:\Users\ultra\warewolf\Dev\Dev2.Activities.Tests\Dev2.Activities.Tests.csproj]
C:\Users\ultra\warewolf\Dev\Dev2.Infrastructure\Dev2.Infrastructure.csproj : warning NU1701: Package 'TaskSchedulerEditor 2.10.1' was restored using '.NETFramework,Version=v4.6.1, .NETFramework,Version=v4.6.2, .NETFramework,Version=v4.7, .NETFramework,Version=v4.7.1, .NETFramework,Version=v4.7.2, .NETFramework,Version=v4.8, .NETFramework,Version=v4.8.1' instead of the project target framework 'net8.0'. This package may not be fully compatible with your project. [C:\Users\ultra\warewolf\Dev\Dev2.Activities.Tests\Dev2.Activities.Tests.csproj]
C:\Users\ultra\warewolf\Dev\Dev2.Development.Languages\Dev2.Development.Languages.csproj : warning NU1701: Package 'TaskSchedulerEditor 2.10.1' was restored using '.NETFramework,Version=v4.6.1, .NETFramework,Version=v4.6.2, .NETFramework,Version=v4.7, .NETFramework,Version=v4.7.1, .NETFramework,Version=v4.7.2, .NETFramework,Version=v4.8, .NETFramework,Version=v4.8.1' instead of the project target framework 'net8.0'. This package may not be fully compatible with your project. [C:\Users\ultra\warewolf\Dev\Dev2.Activities.Tests\Dev2.Activities.Tests.csproj]
C:\Users\ultra\warewolf\Dev\Warewolf.Driver.Persistence\Warewolf.Driver.Persistence.csproj : warning NU1701: Package 'TaskSchedulerEditor 2.10.1' was restored using '.NETFramework,Version=v4.6.1, .NETFramework,Version=v4.6.2, .NETFramework,Version=v4.7, .NETFramework,Version=v4.7.1, .NETFramework,Version=v4.7.2, .NETFramework,Version=v4.8, .NETFramework,Version=v4.8.1' instead of the project target framework 'net8.0'. This package may not be fully compatible with your project. [C:\Users\ultra\warewolf\Dev\Dev2.Activities.Tests\Dev2.Activities.Tests.csproj]
C:\Users\ultra\warewolf\Dev\Warewolf.Studio.Core\Warewolf.Studio.Core.csproj : warning NU1701: Package 'TaskSchedulerEditor 2.10.1' was restored using '.NETFramework,Version=v4.6.1, .NETFramework,Version=v4.6.2, .NETFramework,Version=v4.7, .NETFramework,Version=v4.7.1, .NETFramework,Version=v4.7.2, .NETFramework,Version=v4.8, .NETFramework,Version=v4.8.1' instead of the project target framework 'net8.0'. This package may not be fully compatible with your project. [C:\Users\ultra\warewolf\Dev\Dev2.Activities.Tests\Dev2.Activities.Tests.csproj]
C:\Users\ultra\warewolf\Dev\Dev2.Runtime\Dev2.Runtime.csproj : warning NU1701: Package 'TaskSchedulerEditor 2.10.1' was restored using '.NETFramework,Version=v4.6.1, .NETFramework,Version=v4.6.2, .NETFramework,Version=v4.7, .NETFramework,Version=v4.7.1, .NETFramework,Version=v4.7.2, .NETFramework,Version=v4.8, .NETFramework,Version=v4.8.1' instead of the project target framework 'net8.0'. This package may not be fully compatible with your project. [C:\Users\ultra\warewolf\Dev\Dev2.Activities.Tests\Dev2.Activities.Tests.csproj]
C:\Users\ultra\warewolf\Dev\Dev2.Infrastructure.Tests\Dev2.Infrastructure.Tests.csproj : warning NU1701: Package 'TaskSchedulerEditor 2.10.1' was restored using '.NETFramework,Version=v4.6.1, .NETFramework,Version=v4.6.2, .NETFramework,Version=v4.7, .NETFramework,Version=v4.7.1, .NETFramework,Version=v4.7.2, .NETFramework,Version=v4.8, .NETFramework,Version=v4.8.1' instead of the project target framework 'net8.0'. This package may not be fully compatible with your project. [C:\Users\ultra\warewolf\Dev\Dev2.Activities.Tests\Dev2.Activities.Tests.csproj]
C:\Users\ultra\warewolf\Dev\Dev2.Scheduler\Dev2.Scheduler.csproj : warning NU1701: Package 'TaskSchedulerEditor 2.10.1' was restored using '.NETFramework,Version=v4.6.1, .NETFramework,Version=v4.6.2, .NETFramework,Version=v4.7, .NETFramework,Version=v4.7.1, .NETFramework,Version=v4.7.2, .NETFramework,Version=v4.8, .NETFramework,Version=v4.8.1' instead of the project target framework 'net8.0'. This package may not be fully compatible with your project. [C:\Users\ultra\warewolf\Dev\Dev2.Activities.Tests\Dev2.Activities.Tests.csproj]
  Restored C:\Users\ultra\warewolf\Dev\Warewolf.TestingDotnetDllCascading\Warewolf.TestingDotnetDllCascading.csproj (in 388 ms).
C:\Users\ultra\warewolf\Dev\Warewolf.Storage.Interfaces\Warewolf.Storage.Interfaces.csproj : warning NU1701: Package 'AeroWizard 2.3.1' was restored using '.NETFramework,Version=v4.6.1, .NETFramework,Version=v4.6.2, .NETFramework,Version=v4.7, .NETFramework,Version=v4.7.1, .NETFramework,Version=v4.7.2, .NETFramework,Version=v4.8, .NETFramework,Version=v4.8.1' instead of the project target framework 'net8.0'. This package may not be fully compatible with your project. [C:\Users\ultra\warewolf\Dev\Dev2.Activities.Tests\Dev2.Activities.Tests.csproj]
C:\Users\ultra\warewolf\Dev\Warewolf.Storage.Interfaces\Warewolf.Storage.Interfaces.csproj : warning NU1701: Package 'GroupControls 1.9.0' was restored using '.NETFramework,Version=v4.6.1, .NETFramework,Version=v4.6.2, .NETFramework,Version=v4.7, .NETFramework,Version=v4.7.1, .NETFramework,Version=v4.7.2, .NETFramework,Version=v4.8, .NETFramework,Version=v4.8.1' instead of the project target framework 'net8.0'. This package may not be fully compatible with your project. [C:\Users\ultra\warewolf\Dev\Dev2.Activities.Tests\Dev2.Activities.Tests.csproj]
C:\Users\ultra\warewolf\Dev\Warewolf.Storage.Interfaces\Warewolf.Storage.Interfaces.csproj : warning NU1701: Package 'TaskSchedulerEditor 2.10.1' was restored using '.NETFramework,Version=v4.6.1, .NETFramework,Version=v4.6.2, .NETFramework,Version=v4.7, .NETFramework,Version=v4.7.1, .NETFramework,Version=v4.7.2, .NETFramework,Version=v4.8, .NETFramework,Version=v4.8.1' instead of the project target framework 'net8.0'. This package may not be fully compatible with your project. [C:\Users\ultra\warewolf\Dev\Dev2.Activities.Tests\Dev2.Activities.Tests.csproj]
  Restored C:\Users\ultra\warewolf\Dev\Warewolf.Data\Warewolf.Data.csproj (in 485 ms).
  Restored C:\Users\ultra\warewolf\Dev\Dev2.Development.Languages\Dev2.Development.Languages.csproj (in 490 ms).
  Restored C:\Users\ultra\warewolf\Dev\Warewolf.Storage\Warewolf.Storage.csproj (in 126 ms).
  Restored C:\Users\ultra\warewolf\Dev\Dev2.Diagnostics\Dev2.Diagnostics.csproj (in 490 ms).
  Restored C:\Users\ultra\warewolf\Dev\Dev2.Infrastructure\Dev2.Infrastructure.csproj (in 150 ms).
C:\Users\ultra\warewolf\Dev\Warewolf.Security\Warewolf.Security.csproj : warning NU1904: Package 'System.Drawing.Common' 4.5.1 has a known critical severity vulnerability, https://github.com/advisories/GHSA-rxg9-xrhp-64gj [C:\Users\ultra\warewolf\Dev\Dev2.Activities.Tests\Dev2.Activities.Tests.csproj]
  Restored C:\Users\ultra\warewolf\Dev\Dev2.Scheduler\Dev2.Scheduler.csproj (in 492 ms).
  Restored C:\Users\ultra\warewolf\Dev\Warewolf.ServiceDefinitions\Warewolf.ServiceDefinitions.csproj (in 4 ms).
  Restored C:\Users\ultra\warewolf\Dev\Warewolf.Common.Interfaces.NetStandard20\Warewolf.Common.Interfaces.NetStandard20.csproj (in 2 ms).
  Restored C:\Users\ultra\warewolf\Dev\Warewolf.Storage.Interfaces\Warewolf.Storage.Interfaces.csproj (in 91 ms).
  Restored C:\Users\ultra\warewolf\Dev\Warewolf.Security\Warewolf.Security.csproj (in 6 ms).
C:\Users\ultra\warewolf\Dev\Warewolf.Sharepoint\Warewolf.Sharepoint.csproj : warning NU1701: Package 'AeroWizard 2.3.1' was restored using '.NETFramework,Version=v4.6.1, .NETFramework,Version=v4.6.2, .NETFramework,Version=v4.7, .NETFramework,Version=v4.7.1, .NETFramework,Version=v4.7.2, .NETFramework,Version=v4.8, .NETFramework,Version=v4.8.1' instead of the project target framework 'net8.0'. This package may not be fully compatible with your project. [C:\Users\ultra\warewolf\Dev\Dev2.Activities.Tests\Dev2.Activities.Tests.csproj]
  Restored C:\Users\ultra\warewolf\Dev\GACManagerApi\GACManagerApi.csproj (in 3 ms).
C:\Users\ultra\warewolf\Dev\Warewolf.Sharepoint\Warewolf.Sharepoint.csproj : warning NU1701: Package 'GroupControls 1.9.0' was restored using '.NETFramework,Version=v4.6.1, .NETFramework,Version=v4.6.2, .NETFramework,Version=v4.7, .NETFramework,Version=v4.7.1, .NETFramework,Version=v4.7.2, .NETFramework,Version=v4.8, .NETFramework,Version=v4.8.1' instead of the project target framework 'net8.0'. This package may not be fully compatible with your project. [C:\Users\ultra\warewolf\Dev\Dev2.Activities.Tests\Dev2.Activities.Tests.csproj]
  Restored C:\Users\ultra\warewolf\Dev\Log4Net.Async\Log4Net.Async.csproj (in 15 ms).
C:\Users\ultra\warewolf\Dev\Warewolf.Sharepoint\Warewolf.Sharepoint.csproj : warning NU1701: Package 'ReactiveUI.WPF 18.4.1' was restored using '.NETFramework,Version=v4.6.1, .NETFramework,Version=v4.6.2, .NETFramework,Version=v4.7, .NETFramework,Version=v4.7.1, .NETFramework,Version=v4.7.2, .NETFramework,Version=v4.8, .NETFramework,Version=v4.8.1' instead of the project target framework 'net8.0'. This package may not be fully compatible with your project. [C:\Users\ultra\warewolf\Dev\Dev2.Activities.Tests\Dev2.Activities.Tests.csproj]
C:\Users\ultra\warewolf\Dev\Warewolf.Sharepoint\Warewolf.Sharepoint.csproj : warning NU1701: Package 'TaskSchedulerEditor 2.10.1' was restored using '.NETFramework,Version=v4.6.1, .NETFramework,Version=v4.6.2, .NETFramework,Version=v4.7, .NETFramework,Version=v4.7.1, .NETFramework,Version=v4.7.2, .NETFramework,Version=v4.8, .NETFramework,Version=v4.8.1' instead of the project target framework 'net8.0'. This package may not be fully compatible with your project. [C:\Users\ultra\warewolf\Dev\Dev2.Activities.Tests\Dev2.Activities.Tests.csproj]
C:\Users\ultra\warewolf\Dev\Dev2.TaskScheduler.Wrappers\Dev2.TaskScheduler.Wrappers.csproj : warning NU1701: Package 'AeroWizard 2.3.1' was restored using '.NETFramework,Version=v4.6.1, .NETFramework,Version=v4.6.2, .NETFramework,Version=v4.7, .NETFramework,Version=v4.7.1, .NETFramework,Version=v4.7.2, .NETFramework,Version=v4.8, .NETFramework,Version=v4.8.1' instead of the project target framework 'net8.0'. This package may not be fully compatible with your project. [C:\Users\ultra\warewolf\Dev\Dev2.Activities.Tests\Dev2.Activities.Tests.csproj]
C:\Users\ultra\warewolf\Dev\Dev2.TaskScheduler.Wrappers\Dev2.TaskScheduler.Wrappers.csproj : warning NU1701: Package 'GroupControls 1.9.0' was restored using '.NETFramework,Version=v4.6.1, .NETFramework,Version=v4.6.2, .NETFramework,Version=v4.7, .NETFramework,Version=v4.7.1, .NETFramework,Version=v4.7.2, .NETFramework,Version=v4.8, .NETFramework,Version=v4.8.1' instead of the project target framework 'net8.0'. This package may not be fully compatible with your project. [C:\Users\ultra\warewolf\Dev\Dev2.Activities.Tests\Dev2.Activities.Tests.csproj]
C:\Users\ultra\warewolf\Dev\Dev2.Util\Dev2.Util.csproj : warning NU1903: Package 'Microsoft.Windows.Compatibility' 6.0.0 has a known high severity vulnerability, https://github.com/advisories/GHSA-555c-2p6r-68mm [C:\Users\ultra\warewolf\Dev\Dev2.Activities.Tests\Dev2.Activities.Tests.csproj]
C:\Users\ultra\warewolf\Dev\Dev2.TaskScheduler.Wrappers\Dev2.TaskScheduler.Wrappers.csproj : warning NU1701: Package 'TaskSchedulerEditor 2.10.1' was restored using '.NETFramework,Version=v4.6.1, .NETFramework,Version=v4.6.2, .NETFramework,Version=v4.7, .NETFramework,Version=v4.7.1, .NETFramework,Version=v4.7.2, .NETFramework,Version=v4.8, .NETFramework,Version=v4.8.1' instead of the project target framework 'net8.0'. This package may not be fully compatible with your project. [C:\Users\ultra\warewolf\Dev\Dev2.Activities.Tests\Dev2.Activities.Tests.csproj]
C:\Users\ultra\warewolf\Dev\Dev2.Util\Dev2.Util.csproj : warning NU1701: Package 'AeroWizard 2.3.1' was restored using '.NETFramework,Version=v4.6.1, .NETFramework,Version=v4.6.2, .NETFramework,Version=v4.7, .NETFramework,Version=v4.7.1, .NETFramework,Version=v4.7.2, .NETFramework,Version=v4.8, .NETFramework,Version=v4.8.1' instead of the project target framework 'net8.0'. This package may not be fully compatible with your project. [C:\Users\ultra\warewolf\Dev\Dev2.Activities.Tests\Dev2.Activities.Tests.csproj]
C:\Users\ultra\warewolf\Dev\Dev2.Util\Dev2.Util.csproj : warning NU1701: Package 'GroupControls 1.9.0' was restored using '.NETFramework,Version=v4.6.1, .NETFramework,Version=v4.6.2, .NETFramework,Version=v4.7, .NETFramework,Version=v4.7.1, .NETFramework,Version=v4.7.2, .NETFramework,Version=v4.8, .NETFramework,Version=v4.8.1' instead of the project target framework 'net8.0'. This package may not be fully compatible with your project. [C:\Users\ultra\warewolf\Dev\Dev2.Activities.Tests\Dev2.Activities.Tests.csproj]
C:\Users\ultra\warewolf\Dev\Dev2.Util\Dev2.Util.csproj : warning NU1701: Package 'TaskSchedulerEditor 2.10.1' was restored using '.NETFramework,Version=v4.6.1, .NETFramework,Version=v4.6.2, .NETFramework,Version=v4.7, .NETFramework,Version=v4.7.1, .NETFramework,Version=v4.7.2, .NETFramework,Version=v4.8, .NETFramework,Version=v4.8.1' instead of the project target framework 'net8.0'. This package may not be fully compatible with your project. [C:\Users\ultra\warewolf\Dev\Dev2.Activities.Tests\Dev2.Activities.Tests.csproj]
  Restored C:\Users\ultra\warewolf\Dev\Warewolf.Studio.Core\Warewolf.Studio.Core.csproj (in 519 ms).
  Restored C:\Users\ultra\warewolf\Dev\Warewolf.Driver.Persistence\Warewolf.Driver.Persistence.csproj (in 519 ms).
  Restored C:\Users\ultra\warewolf\Dev\Warewolf.Testing\Warewolf.Testing.csproj (in 520 ms).
C:\Users\ultra\warewolf\Dev\Dev2.Data.Interfaces\Dev2.Data.Interfaces.csproj : warning NU1903: Package 'DotNetZip' 1.16.0 has a known high severity vulnerability, https://github.com/advisories/GHSA-xhg6-9j5j-w4vf [C:\Users\ultra\warewolf\Dev\Dev2.Activities.Tests\Dev2.Activities.Tests.csproj]
C:\Users\ultra\warewolf\Dev\Dev2.Data.Interfaces\Dev2.Data.Interfaces.csproj : warning NU1701: Package 'AeroWizard 2.3.1' was restored using '.NETFramework,Version=v4.6.1, .NETFramework,Version=v4.6.2, .NETFramework,Version=v4.7, .NETFramework,Version=v4.7.1, .NETFramework,Version=v4.7.2, .NETFramework,Version=v4.8, .NETFramework,Version=v4.8.1' instead of the project target framework 'net8.0'. This package may not be fully compatible with your project. [C:\Users\ultra\warewolf\Dev\Dev2.Activities.Tests\Dev2.Activities.Tests.csproj]
  Restored C:\Users\ultra\warewolf\Dev\Dev2.Runtime\Dev2.Runtime.csproj (in 521 ms).
C:\Users\ultra\warewolf\Dev\Dev2.Data.Interfaces\Dev2.Data.Interfaces.csproj : warning NU1701: Package 'GroupControls 1.9.0' was restored using '.NETFramework,Version=v4.6.1, .NETFramework,Version=v4.6.2, .NETFramework,Version=v4.7, .NETFramework,Version=v4.7.1, .NETFramework,Version=v4.7.2, .NETFramework,Version=v4.8, .NETFramework,Version=v4.8.1' instead of the project target framework 'net8.0'. This package may not be fully compatible with your project. [C:\Users\ultra\warewolf\Dev\Dev2.Activities.Tests\Dev2.Activities.Tests.csproj]
C:\Users\ultra\warewolf\Dev\Dev2.Data\Dev2.Data.csproj : warning NU1701: Package 'AeroWizard 2.3.1' was restored using '.NETFramework,Version=v4.6.1, .NETFramework,Version=v4.6.2, .NETFramework,Version=v4.7, .NETFramework,Version=v4.7.1, .NETFramework,Version=v4.7.2, .NETFramework,Version=v4.8, .NETFramework,Version=v4.8.1' instead of the project target framework 'net8.0'. This package may not be fully compatible with your project. [C:\Users\ultra\warewolf\Dev\Dev2.Activities.Tests\Dev2.Activities.Tests.csproj]
C:\Users\ultra\warewolf\Dev\Dev2.Data.Interfaces\Dev2.Data.Interfaces.csproj : warning NU1701: Package 'TaskSchedulerEditor 2.10.1' was restored using '.NETFramework,Version=v4.6.1, .NETFramework,Version=v4.6.2, .NETFramework,Version=v4.7, .NETFramework,Version=v4.7.1, .NETFramework,Version=v4.7.2, .NETFramework,Version=v4.8, .NETFramework,Version=v4.8.1' instead of the project target framework 'net8.0'. This package may not be fully compatible with your project. [C:\Users\ultra\warewolf\Dev\Dev2.Activities.Tests\Dev2.Activities.Tests.csproj]
  Restored C:\Users\ultra\warewolf\Dev\Warewolf.Interfaces\Warewolf.Interfaces.csproj (in 2 ms).
  Restored C:\Users\ultra\warewolf\Dev\Dev2.Infrastructure.Tests\Dev2.Infrastructure.Tests.csproj (in 539 ms).
C:\Users\ultra\warewolf\Dev\Dev2.Data\Dev2.Data.csproj : warning NU1701: Package 'GroupControls 1.9.0' was restored using '.NETFramework,Version=v4.6.1, .NETFramework,Version=v4.6.2, .NETFramework,Version=v4.7, .NETFramework,Version=v4.7.1, .NETFramework,Version=v4.7.2, .NETFramework,Version=v4.8, .NETFramework,Version=v4.8.1' instead of the project target framework 'net8.0'. This package may not be fully compatible with your project. [C:\Users\ultra\warewolf\Dev\Dev2.Activities.Tests\Dev2.Activities.Tests.csproj]
C:\Users\ultra\warewolf\Dev\Dev2.Data\Dev2.Data.csproj : warning NU1701: Package 'ReactiveUI.WPF 18.4.1' was restored using '.NETFramework,Version=v4.6.1, .NETFramework,Version=v4.6.2, .NETFramework,Version=v4.7, .NETFramework,Version=v4.7.1, .NETFramework,Version=v4.7.2, .NETFramework,Version=v4.8, .NETFramework,Version=v4.8.1' instead of the project target framework 'net8.0'. This package may not be fully compatible with your project. [C:\Users\ultra\warewolf\Dev\Dev2.Activities.Tests\Dev2.Activities.Tests.csproj]
C:\Users\ultra\warewolf\Dev\Dev2.Data\Dev2.Data.csproj : warning NU1701: Package 'TaskSchedulerEditor 2.10.1' was restored using '.NETFramework,Version=v4.6.1, .NETFramework,Version=v4.6.2, .NETFramework,Version=v4.7, .NETFramework,Version=v4.7.1, .NETFramework,Version=v4.7.2, .NETFramework,Version=v4.8, .NETFramework,Version=v4.8.1' instead of the project target framework 'net8.0'. This package may not be fully compatible with your project. [C:\Users\ultra\warewolf\Dev\Dev2.Activities.Tests\Dev2.Activities.Tests.csproj]
C:\Users\ultra\warewolf\Dev\Warewolf.Common.NetStandard20\Warewolf.Common.NetStandard20.csproj : warning NU1701: Package 'AeroWizard 2.3.1' was restored using '.NETFramework,Version=v4.6.1, .NETFramework,Version=v4.6.2, .NETFramework,Version=v4.7, .NETFramework,Version=v4.7.1, .NETFramework,Version=v4.7.2, .NETFramework,Version=v4.8, .NETFramework,Version=v4.8.1' instead of the project target framework 'net8.0'. This package may not be fully compatible with your project. [C:\Users\ultra\warewolf\Dev\Dev2.Activities.Tests\Dev2.Activities.Tests.csproj]
C:\Users\ultra\warewolf\Dev\Warewolf.Common.NetStandard20\Warewolf.Common.NetStandard20.csproj : warning NU1701: Package 'GroupControls 1.9.0' was restored using '.NETFramework,Version=v4.6.1, .NETFramework,Version=v4.6.2, .NETFramework,Version=v4.7, .NETFramework,Version=v4.7.1, .NETFramework,Version=v4.7.2, .NETFramework,Version=v4.8, .NETFramework,Version=v4.8.1' instead of the project target framework 'net8.0'. This package may not be fully compatible with your project. [C:\Users\ultra\warewolf\Dev\Dev2.Activities.Tests\Dev2.Activities.Tests.csproj]
C:\Users\ultra\warewolf\Dev\Warewolf.Common.NetStandard20\Warewolf.Common.NetStandard20.csproj : warning NU1701: Package 'ReactiveUI.WPF 18.4.1' was restored using '.NETFramework,Version=v4.6.1, .NETFramework,Version=v4.6.2, .NETFramework,Version=v4.7, .NETFramework,Version=v4.7.1, .NETFramework,Version=v4.7.2, .NETFramework,Version=v4.8, .NETFramework,Version=v4.8.1' instead of the project target framework 'net8.0'. This package may not be fully compatible with your project. [C:\Users\ultra\warewolf\Dev\Dev2.Activities.Tests\Dev2.Activities.Tests.csproj]
C:\Users\ultra\warewolf\Dev\Warewolf.Common.NetStandard20\Warewolf.Common.NetStandard20.csproj : warning NU1701: Package 'TaskSchedulerEditor 2.10.1' was restored using '.NETFramework,Version=v4.6.1, .NETFramework,Version=v4.6.2, .NETFramework,Version=v4.7, .NETFramework,Version=v4.7.1, .NETFramework,Version=v4.7.2, .NETFramework,Version=v4.8, .NETFramework,Version=v4.8.1' instead of the project target framework 'net8.0'. This package may not be fully compatible with your project. [C:\Users\ultra\warewolf\Dev\Dev2.Activities.Tests\Dev2.Activities.Tests.csproj]
C:\Users\ultra\warewolf\Dev\Dev2.Common\Dev2.Common.csproj : warning NU1903: Package 'Microsoft.Windows.Compatibility' 6.0.0 has a known high severity vulnerability, https://github.com/advisories/GHSA-555c-2p6r-68mm [C:\Users\ultra\warewolf\Dev\Dev2.Activities.Tests\Dev2.Activities.Tests.csproj]
C:\Users\ultra\warewolf\Dev\Dev2.Common\Dev2.Common.csproj : warning NU1701: Package 'AeroWizard 2.3.1' was restored using '.NETFramework,Version=v4.6.1, .NETFramework,Version=v4.6.2, .NETFramework,Version=v4.7, .NETFramework,Version=v4.7.1, .NETFramework,Version=v4.7.2, .NETFramework,Version=v4.8, .NETFramework,Version=v4.8.1' instead of the project target framework 'net8.0'. This package may not be fully compatible with your project. [C:\Users\ultra\warewolf\Dev\Dev2.Activities.Tests\Dev2.Activities.Tests.csproj]
C:\Users\ultra\warewolf\Dev\Dev2.Common\Dev2.Common.csproj : warning NU1701: Package 'GroupControls 1.9.0' was restored using '.NETFramework,Version=v4.6.1, .NETFramework,Version=v4.6.2, .NETFramework,Version=v4.7, .NETFramework,Version=v4.7.1, .NETFramework,Version=v4.7.2, .NETFramework,Version=v4.8, .NETFramework,Version=v4.8.1' instead of the project target framework 'net8.0'. This package may not be fully compatible with your project. [C:\Users\ultra\warewolf\Dev\Dev2.Activities.Tests\Dev2.Activities.Tests.csproj]
C:\Users\ultra\warewolf\Dev\Dev2.Common\Dev2.Common.csproj : warning NU1701: Package 'TaskSchedulerEditor 2.10.1' was restored using '.NETFramework,Version=v4.6.1, .NETFramework,Version=v4.6.2, .NETFramework,Version=v4.7, .NETFramework,Version=v4.7.1, .NETFramework,Version=v4.7.2, .NETFramework,Version=v4.8, .NETFramework,Version=v4.8.1' instead of the project target framework 'net8.0'. This package may not be fully compatible with your project. [C:\Users\ultra\warewolf\Dev\Dev2.Activities.Tests\Dev2.Activities.Tests.csproj]
C:\Users\ultra\warewolf\Dev\Dev2.CustomControls\Dev2.CustomControls.csproj : warning NU1903: Package 'Microsoft.Windows.Compatibility' 6.0.0 has a known high severity vulnerability, https://github.com/advisories/GHSA-555c-2p6r-68mm [C:\Users\ultra\warewolf\Dev\Dev2.Activities.Tests\Dev2.Activities.Tests.csproj]
C:\Users\ultra\warewolf\Dev\Dev2.CustomControls\Dev2.CustomControls.csproj : warning NU1701: Package 'AeroWizard 2.3.1' was restored using '.NETFramework,Version=v4.6.1, .NETFramework,Version=v4.6.2, .NETFramework,Version=v4.7, .NETFramework,Version=v4.7.1, .NETFramework,Version=v4.7.2, .NETFramework,Version=v4.8, .NETFramework,Version=v4.8.1' instead of the project target framework 'net8.0'. This package may not be fully compatible with your project. [C:\Users\ultra\warewolf\Dev\Dev2.Activities.Tests\Dev2.Activities.Tests.csproj]
C:\Users\ultra\warewolf\Dev\Dev2.CustomControls\Dev2.CustomControls.csproj : warning NU1701: Package 'GroupControls 1.9.0' was restored using '.NETFramework,Version=v4.6.1, .NETFramework,Version=v4.6.2, .NETFramework,Version=v4.7, .NETFramework,Version=v4.7.1, .NETFramework,Version=v4.7.2, .NETFramework,Version=v4.8, .NETFramework,Version=v4.8.1' instead of the project target framework 'net8.0'. This package may not be fully compatible with your project. [C:\Users\ultra\warewolf\Dev\Dev2.Activities.Tests\Dev2.Activities.Tests.csproj]
C:\Users\ultra\warewolf\Dev\Dev2.CustomControls\Dev2.CustomControls.csproj : warning NU1701: Package 'TaskSchedulerEditor 2.10.1' was restored using '.NETFramework,Version=v4.6.1, .NETFramework,Version=v4.6.2, .NETFramework,Version=v4.7, .NETFramework,Version=v4.7.1, .NETFramework,Version=v4.7.2, .NETFramework,Version=v4.8, .NETFramework,Version=v4.8.1' instead of the project target framework 'net8.0'. This package may not be fully compatible with your project. [C:\Users\ultra\warewolf\Dev\Dev2.Activities.Tests\Dev2.Activities.Tests.csproj]
C:\Users\ultra\warewolf\Dev\Dev2.Core\Dev2.Core.csproj : warning NU1903: Package 'Microsoft.Windows.Compatibility' 6.0.0 has a known high severity vulnerability, https://github.com/advisories/GHSA-555c-2p6r-68mm [C:\Users\ultra\warewolf\Dev\Dev2.Activities.Tests\Dev2.Activities.Tests.csproj]
C:\Users\ultra\warewolf\Dev\Dev2.Core\Dev2.Core.csproj : warning NU1701: Package 'AeroWizard 2.3.1' was restored using '.NETFramework,Version=v4.6.1, .NETFramework,Version=v4.6.2, .NETFramework,Version=v4.7, .NETFramework,Version=v4.7.1, .NETFramework,Version=v4.7.2, .NETFramework,Version=v4.8, .NETFramework,Version=v4.8.1' instead of the project target framework 'net8.0'. This package may not be fully compatible with your project. [C:\Users\ultra\warewolf\Dev\Dev2.Activities.Tests\Dev2.Activities.Tests.csproj]
C:\Users\ultra\warewolf\Dev\Dev2.Core\Dev2.Core.csproj : warning NU1701: Package 'GroupControls 1.9.0' was restored using '.NETFramework,Version=v4.6.1, .NETFramework,Version=v4.6.2, .NETFramework,Version=v4.7, .NETFramework,Version=v4.7.1, .NETFramework,Version=v4.7.2, .NETFramework,Version=v4.8, .NETFramework,Version=v4.8.1' instead of the project target framework 'net8.0'. This package may not be fully compatible with your project. [C:\Users\ultra\warewolf\Dev\Dev2.Activities.Tests\Dev2.Activities.Tests.csproj]
C:\Users\ultra\warewolf\Dev\Dev2.Core\Dev2.Core.csproj : warning NU1701: Package 'ReactiveUI.WPF 18.4.1' was restored using '.NETFramework,Version=v4.6.1, .NETFramework,Version=v4.6.2, .NETFramework,Version=v4.7, .NETFramework,Version=v4.7.1, .NETFramework,Version=v4.7.2, .NETFramework,Version=v4.8, .NETFramework,Version=v4.8.1' instead of the project target framework 'net8.0'. This package may not be fully compatible with your project. [C:\Users\ultra\warewolf\Dev\Dev2.Activities.Tests\Dev2.Activities.Tests.csproj]
C:\Users\ultra\warewolf\Dev\Dev2.Core\Dev2.Core.csproj : warning NU1701: Package 'TaskSchedulerEditor 2.10.1' was restored using '.NETFramework,Version=v4.6.1, .NETFramework,Version=v4.6.2, .NETFramework,Version=v4.7, .NETFramework,Version=v4.7.1, .NETFramework,Version=v4.7.2, .NETFramework,Version=v4.8, .NETFramework,Version=v4.8.1' instead of the project target framework 'net8.0'. This package may not be fully compatible with your project. [C:\Users\ultra\warewolf\Dev\Dev2.Activities.Tests\Dev2.Activities.Tests.csproj]
C:\Users\ultra\warewolf\Dev\Warewolf.Exchange.Email.Wrapper\Warewolf.Exchange.Email.Wrapper.csproj : warning NU1701: Package 'AeroWizard 2.3.1' was restored using '.NETFramework,Version=v4.6.1, .NETFramework,Version=v4.6.2, .NETFramework,Version=v4.7, .NETFramework,Version=v4.7.1, .NETFramework,Version=v4.7.2, .NETFramework,Version=v4.8, .NETFramework,Version=v4.8.1' instead of the project target framework 'net8.0'. This package may not be fully compatible with your project. [C:\Users\ultra\warewolf\Dev\Dev2.Activities.Tests\Dev2.Activities.Tests.csproj]
C:\Users\ultra\warewolf\Dev\Warewolf.Exchange.Email.Wrapper\Warewolf.Exchange.Email.Wrapper.csproj : warning NU1701: Package 'GroupControls 1.9.0' was restored using '.NETFramework,Version=v4.6.1, .NETFramework,Version=v4.6.2, .NETFramework,Version=v4.7, .NETFramework,Version=v4.7.1, .NETFramework,Version=v4.7.2, .NETFramework,Version=v4.8, .NETFramework,Version=v4.8.1' instead of the project target framework 'net8.0'. This package may not be fully compatible with your project. [C:\Users\ultra\warewolf\Dev\Dev2.Activities.Tests\Dev2.Activities.Tests.csproj]
C:\Users\ultra\warewolf\Dev\Warewolf.Exchange.Email.Wrapper\Warewolf.Exchange.Email.Wrapper.csproj : warning NU1701: Package 'ReactiveUI.WPF 18.4.1' was restored using '.NETFramework,Version=v4.6.1, .NETFramework,Version=v4.6.2, .NETFramework,Version=v4.7, .NETFramework,Version=v4.7.1, .NETFramework,Version=v4.7.2, .NETFramework,Version=v4.8, .NETFramework,Version=v4.8.1' instead of the project target framework 'net8.0'. This package may not be fully compatible with your project. [C:\Users\ultra\warewolf\Dev\Dev2.Activities.Tests\Dev2.Activities.Tests.csproj]
C:\Users\ultra\warewolf\Dev\Warewolf.Exchange.Email.Wrapper\Warewolf.Exchange.Email.Wrapper.csproj : warning NU1701: Package 'TaskSchedulerEditor 2.10.1' was restored using '.NETFramework,Version=v4.6.1, .NETFramework,Version=v4.6.2, .NETFramework,Version=v4.7, .NETFramework,Version=v4.7.1, .NETFramework,Version=v4.7.2, .NETFramework,Version=v4.8, .NETFramework,Version=v4.8.1' instead of the project target framework 'net8.0'. This package may not be fully compatible with your project. [C:\Users\ultra\warewolf\Dev\Dev2.Activities.Tests\Dev2.Activities.Tests.csproj]
C:\Users\ultra\warewolf\Dev\Warewolf.Driver.Serilog\Warewolf.Driver.Serilog.csproj : warning NU1701: Package 'AeroWizard 2.3.1' was restored using '.NETFramework,Version=v4.6.1, .NETFramework,Version=v4.6.2, .NETFramework,Version=v4.7, .NETFramework,Version=v4.7.1, .NETFramework,Version=v4.7.2, .NETFramework,Version=v4.8, .NETFramework,Version=v4.8.1' instead of the project target framework 'net8.0'. This package may not be fully compatible with your project. [C:\Users\ultra\warewolf\Dev\Dev2.Activities.Tests\Dev2.Activities.Tests.csproj]
C:\Users\ultra\warewolf\Dev\Warewolf.Driver.Serilog\Warewolf.Driver.Serilog.csproj : warning NU1701: Package 'GroupControls 1.9.0' was restored using '.NETFramework,Version=v4.6.1, .NETFramework,Version=v4.6.2, .NETFramework,Version=v4.7, .NETFramework,Version=v4.7.1, .NETFramework,Version=v4.7.2, .NETFramework,Version=v4.8, .NETFramework,Version=v4.8.1' instead of the project target framework 'net8.0'. This package may not be fully compatible with your project. [C:\Users\ultra\warewolf\Dev\Dev2.Activities.Tests\Dev2.Activities.Tests.csproj]
C:\Users\ultra\warewolf\Dev\Warewolf.Driver.Serilog\Warewolf.Driver.Serilog.csproj : warning NU1701: Package 'ReactiveUI.WPF 18.4.1' was restored using '.NETFramework,Version=v4.6.1, .NETFramework,Version=v4.6.2, .NETFramework,Version=v4.7, .NETFramework,Version=v4.7.1, .NETFramework,Version=v4.7.2, .NETFramework,Version=v4.8, .NETFramework,Version=v4.8.1' instead of the project target framework 'net8.0'. This package may not be fully compatible with your project. [C:\Users\ultra\warewolf\Dev\Dev2.Activities.Tests\Dev2.Activities.Tests.csproj]
C:\Users\ultra\warewolf\Dev\Warewolf.Driver.Serilog\Warewolf.Driver.Serilog.csproj : warning NU1701: Package 'TaskSchedulerEditor 2.10.1' was restored using '.NETFramework,Version=v4.6.1, .NETFramework,Version=v4.6.2, .NETFramework,Version=v4.7, .NETFramework,Version=v4.7.1, .NETFramework,Version=v4.7.2, .NETFramework,Version=v4.8, .NETFramework,Version=v4.8.1' instead of the project target framework 'net8.0'. This package may not be fully compatible with your project. [C:\Users\ultra\warewolf\Dev\Dev2.Activities.Tests\Dev2.Activities.Tests.csproj]
C:\Users\ultra\warewolf\Dev\Dev2.Studio.Interfaces\Dev2.Studio.Interfaces.csproj : warning NU1701: Package 'AeroWizard 2.3.1' was restored using '.NETFramework,Version=v4.6.1, .NETFramework,Version=v4.6.2, .NETFramework,Version=v4.7, .NETFramework,Version=v4.7.1, .NETFramework,Version=v4.7.2, .NETFramework,Version=v4.8, .NETFramework,Version=v4.8.1' instead of the project target framework 'net8.0'. This package may not be fully compatible with your project. [C:\Users\ultra\warewolf\Dev\Dev2.Activities.Tests\Dev2.Activities.Tests.csproj]
C:\Users\ultra\warewolf\Dev\Dev2.Studio.Interfaces\Dev2.Studio.Interfaces.csproj : warning NU1701: Package 'GroupControls 1.9.0' was restored using '.NETFramework,Version=v4.6.1, .NETFramework,Version=v4.6.2, .NETFramework,Version=v4.7, .NETFramework,Version=v4.7.1, .NETFramework,Version=v4.7.2, .NETFramework,Version=v4.8, .NETFramework,Version=v4.8.1' instead of the project target framework 'net8.0'. This package may not be fully compatible with your project. [C:\Users\ultra\warewolf\Dev\Dev2.Activities.Tests\Dev2.Activities.Tests.csproj]
C:\Users\ultra\warewolf\Dev\Dev2.Studio.Interfaces\Dev2.Studio.Interfaces.csproj : warning NU1701: Package 'Microsoft.Xaml.Behaviors.Wpf 1.1.122' was restored using '.NETFramework,Version=v4.6.1, .NETFramework,Version=v4.6.2, .NETFramework,Version=v4.7, .NETFramework,Version=v4.7.1, .NETFramework,Version=v4.7.2, .NETFramework,Version=v4.8, .NETFramework,Version=v4.8.1' instead of the project target framework 'net8.0'. This package may not be fully compatible with your project. [C:\Users\ultra\warewolf\Dev\Dev2.Activities.Tests\Dev2.Activities.Tests.csproj]
C:\Users\ultra\warewolf\Dev\Dev2.Studio.Interfaces\Dev2.Studio.Interfaces.csproj : warning NU1701: Package 'Prism.Wpf 9.0.537' was restored using '.NETFramework,Version=v4.6.1, .NETFramework,Version=v4.6.2, .NETFramework,Version=v4.7, .NETFramework,Version=v4.7.1, .NETFramework,Version=v4.7.2, .NETFramework,Version=v4.8, .NETFramework,Version=v4.8.1' instead of the project target framework 'net8.0'. This package may not be fully compatible with your project. [C:\Users\ultra\warewolf\Dev\Dev2.Activities.Tests\Dev2.Activities.Tests.csproj]
C:\Users\ultra\warewolf\Dev\Dev2.Studio.Interfaces\Dev2.Studio.Interfaces.csproj : warning NU1701: Package 'ReactiveUI.WPF 18.4.1' was restored using '.NETFramework,Version=v4.6.1, .NETFramework,Version=v4.6.2, .NETFramework,Version=v4.7, .NETFramework,Version=v4.7.1, .NETFramework,Version=v4.7.2, .NETFramework,Version=v4.8, .NETFramework,Version=v4.8.1' instead of the project target framework 'net8.0'. This package may not be fully compatible with your project. [C:\Users\ultra\warewolf\Dev\Dev2.Activities.Tests\Dev2.Activities.Tests.csproj]
C:\Users\ultra\warewolf\Dev\Dev2.Studio.Interfaces\Dev2.Studio.Interfaces.csproj : warning NU1701: Package 'TaskSchedulerEditor 2.10.1' was restored using '.NETFramework,Version=v4.6.1, .NETFramework,Version=v4.6.2, .NETFramework,Version=v4.7, .NETFramework,Version=v4.7.1, .NETFramework,Version=v4.7.2, .NETFramework,Version=v4.8, .NETFramework,Version=v4.8.1' instead of the project target framework 'net8.0'. This package may not be fully compatible with your project. [C:\Users\ultra\warewolf\Dev\Dev2.Activities.Tests\Dev2.Activities.Tests.csproj]
  Restored C:\Users\ultra\warewolf\Dev\Warewolf.Sharepoint\Warewolf.Sharepoint.csproj (in 181 ms).
  Restored C:\Users\ultra\warewolf\Dev\Dev2.TaskScheduler.Wrappers\Dev2.TaskScheduler.Wrappers.csproj (in 153 ms).
  Restored C:\Users\ultra\warewolf\Dev\Dev2.Data.Interfaces\Dev2.Data.Interfaces.csproj (in 159 ms).
  Restored C:\Users\ultra\warewolf\Dev\Warewolf.Driver.RabbitMQ\Warewolf.Driver.RabbitMQ.csproj (in 3 ms).
  Restored C:\Users\ultra\warewolf\Dev\Dev2.Util\Dev2.Util.csproj (in 177 ms).
  Restored C:\Users\ultra\warewolf\Dev\Dev2.Data\Dev2.Data.csproj (in 179 ms).
  Restored C:\Users\ultra\warewolf\Dev\Warewolf.Driver.Redis\Warewolf.Driver.Redis.csproj (in 29 ms).
  Restored C:\Users\ultra\warewolf\Dev\Dev2.Common\Dev2.Common.csproj (in 152 ms).
  Restored C:\Users\ultra\warewolf\Dev\Dev2.CustomControls\Dev2.CustomControls.csproj (in 173 ms).
C:\Users\ultra\warewolf\Dev\Dev2.Runtime.Configuration\Dev2.Runtime.Configuration.csproj : warning NU1903: Package 'Microsoft.Windows.Compatibility' 6.0.0 has a known high severity vulnerability, https://github.com/advisories/GHSA-555c-2p6r-68mm [C:\Users\ultra\warewolf\Dev\Dev2.Activities.Tests\Dev2.Activities.Tests.csproj]
C:\Users\ultra\warewolf\Dev\Dev2.Runtime.Configuration\Dev2.Runtime.Configuration.csproj : warning NU1701: Package 'AeroWizard 2.3.1' was restored using '.NETFramework,Version=v4.6.1, .NETFramework,Version=v4.6.2, .NETFramework,Version=v4.7, .NETFramework,Version=v4.7.1, .NETFramework,Version=v4.7.2, .NETFramework,Version=v4.8, .NETFramework,Version=v4.8.1' instead of the project target framework 'net8.0'. This package may not be fully compatible with your project. [C:\Users\ultra\warewolf\Dev\Dev2.Activities.Tests\Dev2.Activities.Tests.csproj]
C:\Users\ultra\warewolf\Dev\Dev2.Runtime.Configuration\Dev2.Runtime.Configuration.csproj : warning NU1701: Package 'GroupControls 1.9.0' was restored using '.NETFramework,Version=v4.6.1, .NETFramework,Version=v4.6.2, .NETFramework,Version=v4.7, .NETFramework,Version=v4.7.1, .NETFramework,Version=v4.7.2, .NETFramework,Version=v4.8, .NETFramework,Version=v4.8.1' instead of the project target framework 'net8.0'. This package may not be fully compatible with your project. [C:\Users\ultra\warewolf\Dev\Dev2.Activities.Tests\Dev2.Activities.Tests.csproj]
C:\Users\ultra\warewolf\Dev\Dev2.Runtime.Configuration\Dev2.Runtime.Configuration.csproj : warning NU1701: Package 'TaskSchedulerEditor 2.10.1' was restored using '.NETFramework,Version=v4.6.1, .NETFramework,Version=v4.6.2, .NETFramework,Version=v4.7, .NETFramework,Version=v4.7.1, .NETFramework,Version=v4.7.2, .NETFramework,Version=v4.8, .NETFramework,Version=v4.8.1' instead of the project target framework 'net8.0'. This package may not be fully compatible with your project. [C:\Users\ultra\warewolf\Dev\Dev2.Activities.Tests\Dev2.Activities.Tests.csproj]
  Restored C:\Users\ultra\warewolf\Dev\Dev2.SignalR.Wrappers\Dev2.SignalR.Wrappers.Interfaces.csproj (in 3 ms).
  Restored C:\Users\ultra\warewolf\Dev\Warewolf.Common.NetStandard20\Warewolf.Common.NetStandard20.csproj (in 235 ms).
C:\Users\ultra\warewolf\Dev\Dev2.SignalR.Wrappers.New\Dev2.SignalR.Wrappers.New.csproj : warning NU1701: Package 'AeroWizard 2.3.1' was restored using '.NETFramework,Version=v4.6.1, .NETFramework,Version=v4.6.2, .NETFramework,Version=v4.7, .NETFramework,Version=v4.7.1, .NETFramework,Version=v4.7.2, .NETFramework,Version=v4.8, .NETFramework,Version=v4.8.1' instead of the project target framework 'net8.0'. This package may not be fully compatible with your project. [C:\Users\ultra\warewolf\Dev\Dev2.Activities.Tests\Dev2.Activities.Tests.csproj]
C:\Users\ultra\warewolf\Dev\Dev2.SignalR.Wrappers.New\Dev2.SignalR.Wrappers.New.csproj : warning NU1701: Package 'GroupControls 1.9.0' was restored using '.NETFramework,Version=v4.6.1, .NETFramework,Version=v4.6.2, .NETFramework,Version=v4.7, .NETFramework,Version=v4.7.1, .NETFramework,Version=v4.7.2, .NETFramework,Version=v4.8, .NETFramework,Version=v4.8.1' instead of the project target framework 'net8.0'. This package may not be fully compatible with your project. [C:\Users\ultra\warewolf\Dev\Dev2.Activities.Tests\Dev2.Activities.Tests.csproj]
C:\Users\ultra\warewolf\Dev\Dev2.SignalR.Wrappers.New\Dev2.SignalR.Wrappers.New.csproj : warning NU1701: Package 'ReactiveUI.WPF 18.4.1' was restored using '.NETFramework,Version=v4.6.1, .NETFramework,Version=v4.6.2, .NETFramework,Version=v4.7, .NETFramework,Version=v4.7.1, .NETFramework,Version=v4.7.2, .NETFramework,Version=v4.8, .NETFramework,Version=v4.8.1' instead of the project target framework 'net8.0'. This package may not be fully compatible with your project. [C:\Users\ultra\warewolf\Dev\Dev2.Activities.Tests\Dev2.Activities.Tests.csproj]
C:\Users\ultra\warewolf\Dev\Dev2.SignalR.Wrappers.New\Dev2.SignalR.Wrappers.New.csproj : warning NU1701: Package 'TaskSchedulerEditor 2.10.1' was restored using '.NETFramework,Version=v4.6.1, .NETFramework,Version=v4.6.2, .NETFramework,Version=v4.7, .NETFramework,Version=v4.7.1, .NETFramework,Version=v4.7.2, .NETFramework,Version=v4.8, .NETFramework,Version=v4.8.1' instead of the project target framework 'net8.0'. This package may not be fully compatible with your project. [C:\Users\ultra\warewolf\Dev\Dev2.Activities.Tests\Dev2.Activities.Tests.csproj]
C:\Users\ultra\warewolf\Dev\Dev2.Services.Sql\Dev2.Services.Sql.csproj : warning NU1903: Package 'Oracle.ManagedDataAccess.Core' 3.21.70 has a known high severity vulnerability, https://github.com/advisories/GHSA-5pm2-9mr2-3frq [C:\Users\ultra\warewolf\Dev\Dev2.Activities.Tests\Dev2.Activities.Tests.csproj]
C:\Users\ultra\warewolf\Dev\Dev2.Services.Sql\Dev2.Services.Sql.csproj : warning NU1701: Package 'AeroWizard 2.3.1' was restored using '.NETFramework,Version=v4.6.1, .NETFramework,Version=v4.6.2, .NETFramework,Version=v4.7, .NETFramework,Version=v4.7.1, .NETFramework,Version=v4.7.2, .NETFramework,Version=v4.8, .NETFramework,Version=v4.8.1' instead of the project target framework 'net8.0'. This package may not be fully compatible with your project. [C:\Users\ultra\warewolf\Dev\Dev2.Activities.Tests\Dev2.Activities.Tests.csproj]
C:\Users\ultra\warewolf\Dev\Dev2.Services.Sql\Dev2.Services.Sql.csproj : warning NU1701: Package 'GroupControls 1.9.0' was restored using '.NETFramework,Version=v4.6.1, .NETFramework,Version=v4.6.2, .NETFramework,Version=v4.7, .NETFramework,Version=v4.7.1, .NETFramework,Version=v4.7.2, .NETFramework,Version=v4.8, .NETFramework,Version=v4.8.1' instead of the project target framework 'net8.0'. This package may not be fully compatible with your project. [C:\Users\ultra\warewolf\Dev\Dev2.Activities.Tests\Dev2.Activities.Tests.csproj]
  Restored C:\Users\ultra\warewolf\Dev\Warewolf.Exchange.Email.Wrapper\Warewolf.Exchange.Email.Wrapper.csproj (in 200 ms).
  Restored C:\Users\ultra\warewolf\Dev\Dev2.Core\Dev2.Core.csproj (in 228 ms).
C:\Users\ultra\warewolf\Dev\Dev2.Services.Sql\Dev2.Services.Sql.csproj : warning NU1701: Package 'ReactiveUI.WPF 18.4.1' was restored using '.NETFramework,Version=v4.6.1, .NETFramework,Version=v4.6.2, .NETFramework,Version=v4.7, .NETFramework,Version=v4.7.1, .NETFramework,Version=v4.7.2, .NETFramework,Version=v4.8, .NETFramework,Version=v4.8.1' instead of the project target framework 'net8.0'. This package may not be fully compatible with your project. [C:\Users\ultra\warewolf\Dev\Dev2.Activities.Tests\Dev2.Activities.Tests.csproj]
C:\Users\ultra\warewolf\Dev\Dev2.Services.Sql\Dev2.Services.Sql.csproj : warning NU1701: Package 'TaskSchedulerEditor 2.10.1' was restored using '.NETFramework,Version=v4.6.1, .NETFramework,Version=v4.6.2, .NETFramework,Version=v4.7, .NETFramework,Version=v4.7.1, .NETFramework,Version=v4.7.2, .NETFramework,Version=v4.8, .NETFramework,Version=v4.8.1' instead of the project target framework 'net8.0'. This package may not be fully compatible with your project. [C:\Users\ultra\warewolf\Dev\Dev2.Activities.Tests\Dev2.Activities.Tests.csproj]
  Restored C:\Users\ultra\warewolf\Dev\Warewolf.Driver.Serilog\Warewolf.Driver.Serilog.csproj (in 204 ms).
C:\Users\ultra\warewolf\Dev\Warewolf.AI.Harness\Warewolf.AI.Harness.csproj : warning NU1701: Package 'AeroWizard 2.3.1' was restored using '.NETFramework,Version=v4.6.1, .NETFramework,Version=v4.6.2, .NETFramework,Version=v4.7, .NETFramework,Version=v4.7.1, .NETFramework,Version=v4.7.2, .NETFramework,Version=v4.8, .NETFramework,Version=v4.8.1' instead of the project target framework 'net8.0'. This package may not be fully compatible with your project. [C:\Users\ultra\warewolf\Dev\Dev2.Activities.Tests\Dev2.Activities.Tests.csproj]
C:\Users\ultra\warewolf\Dev\Warewolf.AI.Harness\Warewolf.AI.Harness.csproj : warning NU1701: Package 'GroupControls 1.9.0' was restored using '.NETFramework,Version=v4.6.1, .NETFramework,Version=v4.6.2, .NETFramework,Version=v4.7, .NETFramework,Version=v4.7.1, .NETFramework,Version=v4.7.2, .NETFramework,Version=v4.8, .NETFramework,Version=v4.8.1' instead of the project target framework 'net8.0'. This package may not be fully compatible with your project. [C:\Users\ultra\warewolf\Dev\Dev2.Activities.Tests\Dev2.Activities.Tests.csproj]
C:\Users\ultra\warewolf\Dev\Warewolf.AI.Harness\Warewolf.AI.Harness.csproj : warning NU1701: Package 'TaskSchedulerEditor 2.10.1' was restored using '.NETFramework,Version=v4.6.1, .NETFramework,Version=v4.6.2, .NETFramework,Version=v4.7, .NETFramework,Version=v4.7.1, .NETFramework,Version=v4.7.2, .NETFramework,Version=v4.8, .NETFramework,Version=v4.8.1' instead of the project target framework 'net8.0'. This package may not be fully compatible with your project. [C:\Users\ultra\warewolf\Dev\Dev2.Activities.Tests\Dev2.Activities.Tests.csproj]
C:\Users\ultra\warewolf\Dev\Dev2.Runtime.Services\Dev2.Runtime.Services.csproj : warning NU1902: Package 'MessagePack' 2.4.59 has a known moderate severity vulnerability, https://github.com/advisories/GHSA-4qm4-8hg2-g2xm [C:\Users\ultra\warewolf\Dev\Dev2.Activities.Tests\Dev2.Activities.Tests.csproj]
C:\Users\ultra\warewolf\Dev\Dev2.Runtime.Services\Dev2.Runtime.Services.csproj : warning NU1903: Package 'Microsoft.Windows.Compatibility' 6.0.0 has a known high severity vulnerability, https://github.com/advisories/GHSA-555c-2p6r-68mm [C:\Users\ultra\warewolf\Dev\Dev2.Activities.Tests\Dev2.Activities.Tests.csproj]
C:\Users\ultra\warewolf\Dev\Dev2.Runtime.Services\Dev2.Runtime.Services.csproj : warning NU1701: Package 'AeroWizard 2.3.1' was restored using '.NETFramework,Version=v4.6.1, .NETFramework,Version=v4.6.2, .NETFramework,Version=v4.7, .NETFramework,Version=v4.7.1, .NETFramework,Version=v4.7.2, .NETFramework,Version=v4.8, .NETFramework,Version=v4.8.1' instead of the project target framework 'net8.0'. This package may not be fully compatible with your project. [C:\Users\ultra\warewolf\Dev\Dev2.Activities.Tests\Dev2.Activities.Tests.csproj]
C:\Users\ultra\warewolf\Dev\Dev2.Runtime.Services\Dev2.Runtime.Services.csproj : warning NU1701: Package 'GroupControls 1.9.0' was restored using '.NETFramework,Version=v4.6.1, .NETFramework,Version=v4.6.2, .NETFramework,Version=v4.7, .NETFramework,Version=v4.7.1, .NETFramework,Version=v4.7.2, .NETFramework,Version=v4.8, .NETFramework,Version=v4.8.1' instead of the project target framework 'net8.0'. This package may not be fully compatible with your project. [C:\Users\ultra\warewolf\Dev\Dev2.Activities.Tests\Dev2.Activities.Tests.csproj]
C:\Users\ultra\warewolf\Dev\Dev2.Runtime.Services\Dev2.Runtime.Services.csproj : warning NU1701: Package 'ReactiveUI.WPF 18.4.1' was restored using '.NETFramework,Version=v4.6.1, .NETFramework,Version=v4.6.2, .NETFramework,Version=v4.7, .NETFramework,Version=v4.7.1, .NETFramework,Version=v4.7.2, .NETFramework,Version=v4.8, .NETFramework,Version=v4.8.1' instead of the project target framework 'net8.0'. This package may not be fully compatible with your project. [C:\Users\ultra\warewolf\Dev\Dev2.Activities.Tests\Dev2.Activities.Tests.csproj]
C:\Users\ultra\warewolf\Dev\Dev2.Runtime.Services\Dev2.Runtime.Services.csproj : warning NU1701: Package 'TaskSchedulerEditor 2.10.1' was restored using '.NETFramework,Version=v4.6.1, .NETFramework,Version=v4.6.2, .NETFramework,Version=v4.7, .NETFramework,Version=v4.7.1, .NETFramework,Version=v4.7.2, .NETFramework,Version=v4.8, .NETFramework,Version=v4.8.1' instead of the project target framework 'net8.0'. This package may not be fully compatible with your project. [C:\Users\ultra\warewolf\Dev\Dev2.Activities.Tests\Dev2.Activities.Tests.csproj]
  Restored C:\Users\ultra\warewolf\Dev\Dev2.Studio.Interfaces\Dev2.Studio.Interfaces.csproj (in 321 ms).
C:\Users\ultra\warewolf\Dev\Warewolf.Core\Warewolf.Core.csproj : warning NU1903: Package 'Microsoft.Windows.Compatibility' 6.0.0 has a known high severity vulnerability, https://github.com/advisories/GHSA-555c-2p6r-68mm [C:\Users\ultra\warewolf\Dev\Dev2.Activities.Tests\Dev2.Activities.Tests.csproj]
  Restored C:\Users\ultra\warewolf\Dev\Dev2.Runtime.Configuration\Dev2.Runtime.Configuration.csproj (in 158 ms).
C:\Users\ultra\warewolf\Dev\Dev2.Runtime.WebServer\Dev2.Runtime.WebServer.csproj : warning NU1902: Package 'System.IdentityModel.Tokens.Jwt' 5.1.0 has a known moderate severity vulnerability, https://github.com/advisories/GHSA-59j7-ghrg-fj52 [C:\Users\ultra\warewolf\Dev\Dev2.Activities.Tests\Dev2.Activities.Tests.csproj]
C:\Users\ultra\warewolf\Dev\Warewolf.Core\Warewolf.Core.csproj : warning NU1701: Package 'AeroWizard 2.3.1' was restored using '.NETFramework,Version=v4.6.1, .NETFramework,Version=v4.6.2, .NETFramework,Version=v4.7, .NETFramework,Version=v4.7.1, .NETFramework,Version=v4.7.2, .NETFramework,Version=v4.8, .NETFramework,Version=v4.8.1' instead of the project target framework 'net8.0'. This package may not be fully compatible with your project. [C:\Users\ultra\warewolf\Dev\Dev2.Activities.Tests\Dev2.Activities.Tests.csproj]
C:\Users\ultra\warewolf\Dev\Warewolf.Core\Warewolf.Core.csproj : warning NU1701: Package 'GroupControls 1.9.0' was restored using '.NETFramework,Version=v4.6.1, .NETFramework,Version=v4.6.2, .NETFramework,Version=v4.7, .NETFramework,Version=v4.7.1, .NETFramework,Version=v4.7.2, .NETFramework,Version=v4.8, .NETFramework,Version=v4.8.1' instead of the project target framework 'net8.0'. This package may not be fully compatible with your project. [C:\Users\ultra\warewolf\Dev\Dev2.Activities.Tests\Dev2.Activities.Tests.csproj]
C:\Users\ultra\warewolf\Dev\Warewolf.Core\Warewolf.Core.csproj : warning NU1701: Package 'ReactiveUI.WPF 18.4.1' was restored using '.NETFramework,Version=v4.6.1, .NETFramework,Version=v4.6.2, .NETFramework,Version=v4.7, .NETFramework,Version=v4.7.1, .NETFramework,Version=v4.7.2, .NETFramework,Version=v4.8, .NETFramework,Version=v4.8.1' instead of the project target framework 'net8.0'. This package may not be fully compatible with your project. [C:\Users\ultra\warewolf\Dev\Dev2.Activities.Tests\Dev2.Activities.Tests.csproj]
C:\Users\ultra\warewolf\Dev\Warewolf.Core\Warewolf.Core.csproj : warning NU1701: Package 'TaskSchedulerEditor 2.10.1' was restored using '.NETFramework,Version=v4.6.1, .NETFramework,Version=v4.6.2, .NETFramework,Version=v4.7, .NETFramework,Version=v4.7.1, .NETFramework,Version=v4.7.2, .NETFramework,Version=v4.8, .NETFramework,Version=v4.8.1' instead of the project target framework 'net8.0'. This package may not be fully compatible with your project. [C:\Users\ultra\warewolf\Dev\Dev2.Activities.Tests\Dev2.Activities.Tests.csproj]
C:\Users\ultra\warewolf\Dev\Dev2.Runtime.WebServer\Dev2.Runtime.WebServer.csproj : warning NU1701: Package 'AeroWizard 2.3.1' was restored using '.NETFramework,Version=v4.6.1, .NETFramework,Version=v4.6.2, .NETFramework,Version=v4.7, .NETFramework,Version=v4.7.1, .NETFramework,Version=v4.7.2, .NETFramework,Version=v4.8, .NETFramework,Version=v4.8.1' instead of the project target framework 'net8.0'. This package may not be fully compatible with your project. [C:\Users\ultra\warewolf\Dev\Dev2.Activities.Tests\Dev2.Activities.Tests.csproj]
C:\Users\ultra\warewolf\Dev\Dev2.Runtime.WebServer\Dev2.Runtime.WebServer.csproj : warning NU1701: Package 'GroupControls 1.9.0' was restored using '.NETFramework,Version=v4.6.1, .NETFramework,Version=v4.6.2, .NETFramework,Version=v4.7, .NETFramework,Version=v4.7.1, .NETFramework,Version=v4.7.2, .NETFramework,Version=v4.8, .NETFramework,Version=v4.8.1' instead of the project target framework 'net8.0'. This package may not be fully compatible with your project. [C:\Users\ultra\warewolf\Dev\Dev2.Activities.Tests\Dev2.Activities.Tests.csproj]
C:\Users\ultra\warewolf\Dev\Dev2.Services.Execution\Dev2.Services.Execution.csproj : warning NU1701: Package 'AeroWizard 2.3.1' was restored using '.NETFramework,Version=v4.6.1, .NETFramework,Version=v4.6.2, .NETFramework,Version=v4.7, .NETFramework,Version=v4.7.1, .NETFramework,Version=v4.7.2, .NETFramework,Version=v4.8, .NETFramework,Version=v4.8.1' instead of the project target framework 'net8.0'. This package may not be fully compatible with your project. [C:\Users\ultra\warewolf\Dev\Dev2.Activities.Tests\Dev2.Activities.Tests.csproj]
C:\Users\ultra\warewolf\Dev\Dev2.Services.Execution\Dev2.Services.Execution.csproj : warning NU1701: Package 'GroupControls 1.9.0' was restored using '.NETFramework,Version=v4.6.1, .NETFramework,Version=v4.6.2, .NETFramework,Version=v4.7, .NETFramework,Version=v4.7.1, .NETFramework,Version=v4.7.2, .NETFramework,Version=v4.8, .NETFramework,Version=v4.8.1' instead of the project target framework 'net8.0'. This package may not be fully compatible with your project. [C:\Users\ultra\warewolf\Dev\Dev2.Activities.Tests\Dev2.Activities.Tests.csproj]
C:\Users\ultra\warewolf\Dev\Dev2.Runtime.WebServer\Dev2.Runtime.WebServer.csproj : warning NU1701: Package 'Microsoft.Xaml.Behaviors.Wpf 1.1.122' was restored using '.NETFramework,Version=v4.6.1, .NETFramework,Version=v4.6.2, .NETFramework,Version=v4.7, .NETFramework,Version=v4.7.1, .NETFramework,Version=v4.7.2, .NETFramework,Version=v4.8, .NETFramework,Version=v4.8.1' instead of the project target framework 'net8.0'. This package may not be fully compatible with your project. [C:\Users\ultra\warewolf\Dev\Dev2.Activities.Tests\Dev2.Activities.Tests.csproj]
C:\Users\ultra\warewolf\Dev\Dev2.Runtime.WebServer\Dev2.Runtime.WebServer.csproj : warning NU1701: Package 'Prism.Wpf 9.0.537' was restored using '.NETFramework,Version=v4.6.1, .NETFramework,Version=v4.6.2, .NETFramework,Version=v4.7, .NETFramework,Version=v4.7.1, .NETFramework,Version=v4.7.2, .NETFramework,Version=v4.8, .NETFramework,Version=v4.8.1' instead of the project target framework 'net8.0'. This package may not be fully compatible with your project. [C:\Users\ultra\warewolf\Dev\Dev2.Activities.Tests\Dev2.Activities.Tests.csproj]
C:\Users\ultra\warewolf\Dev\Dev2.Runtime.WebServer\Dev2.Runtime.WebServer.csproj : warning NU1701: Package 'ReactiveUI.WPF 18.4.1' was restored using '.NETFramework,Version=v4.6.1, .NETFramework,Version=v4.6.2, .NETFramework,Version=v4.7, .NETFramework,Version=v4.7.1, .NETFramework,Version=v4.7.2, .NETFramework,Version=v4.8, .NETFramework,Version=v4.8.1' instead of the project target framework 'net8.0'. This package may not be fully compatible with your project. [C:\Users\ultra\warewolf\Dev\Dev2.Activities.Tests\Dev2.Activities.Tests.csproj]
C:\Users\ultra\warewolf\Dev\Dev2.Services.Execution\Dev2.Services.Execution.csproj : warning NU1701: Package 'ReactiveUI.WPF 18.4.1' was restored using '.NETFramework,Version=v4.6.1, .NETFramework,Version=v4.6.2, .NETFramework,Version=v4.7, .NETFramework,Version=v4.7.1, .NETFramework,Version=v4.7.2, .NETFramework,Version=v4.8, .NETFramework,Version=v4.8.1' instead of the project target framework 'net8.0'. This package may not be fully compatible with your project. [C:\Users\ultra\warewolf\Dev\Dev2.Activities.Tests\Dev2.Activities.Tests.csproj]
C:\Users\ultra\warewolf\Dev\Dev2.Services.Execution\Dev2.Services.Execution.csproj : warning NU1701: Package 'TaskSchedulerEditor 2.10.1' was restored using '.NETFramework,Version=v4.6.1, .NETFramework,Version=v4.6.2, .NETFramework,Version=v4.7, .NETFramework,Version=v4.7.1, .NETFramework,Version=v4.7.2, .NETFramework,Version=v4.8, .NETFramework,Version=v4.8.1' instead of the project target framework 'net8.0'. This package may not be fully compatible with your project. [C:\Users\ultra\warewolf\Dev\Dev2.Activities.Tests\Dev2.Activities.Tests.csproj]
C:\Users\ultra\warewolf\Dev\Dev2.Runtime.WebServer\Dev2.Runtime.WebServer.csproj : warning NU1701: Package 'TaskSchedulerEditor 2.10.1' was restored using '.NETFramework,Version=v4.6.1, .NETFramework,Version=v4.6.2, .NETFramework,Version=v4.7, .NETFramework,Version=v4.7.1, .NETFramework,Version=v4.7.2, .NETFramework,Version=v4.8, .NETFramework,Version=v4.8.1' instead of the project target framework 'net8.0'. This package may not be fully compatible with your project. [C:\Users\ultra\warewolf\Dev\Dev2.Activities.Tests\Dev2.Activities.Tests.csproj]
C:\Users\ultra\warewolf\Dev\Warewolf.Auditing\Warewolf.Auditing.csproj : warning NU1701: Package 'AeroWizard 2.3.1' was restored using '.NETFramework,Version=v4.6.1, .NETFramework,Version=v4.6.2, .NETFramework,Version=v4.7, .NETFramework,Version=v4.7.1, .NETFramework,Version=v4.7.2, .NETFramework,Version=v4.8, .NETFramework,Version=v4.8.1' instead of the project target framework 'net8.0'. This package may not be fully compatible with your project. [C:\Users\ultra\warewolf\Dev\Dev2.Activities.Tests\Dev2.Activities.Tests.csproj]
C:\Users\ultra\warewolf\Dev\Warewolf.Auditing\Warewolf.Auditing.csproj : warning NU1701: Package 'GroupControls 1.9.0' was restored using '.NETFramework,Version=v4.6.1, .NETFramework,Version=v4.6.2, .NETFramework,Version=v4.7, .NETFramework,Version=v4.7.1, .NETFramework,Version=v4.7.2, .NETFramework,Version=v4.8, .NETFramework,Version=v4.8.1' instead of the project target framework 'net8.0'. This package may not be fully compatible with your project. [C:\Users\ultra\warewolf\Dev\Dev2.Activities.Tests\Dev2.Activities.Tests.csproj]
C:\Users\ultra\warewolf\Dev\Warewolf.Auditing\Warewolf.Auditing.csproj : warning NU1701: Package 'ReactiveUI.WPF 18.4.1' was restored using '.NETFramework,Version=v4.6.1, .NETFramework,Version=v4.6.2, .NETFramework,Version=v4.7, .NETFramework,Version=v4.7.1, .NETFramework,Version=v4.7.2, .NETFramework,Version=v4.8, .NETFramework,Version=v4.8.1' instead of the project target framework 'net8.0'. This package may not be fully compatible with your project. [C:\Users\ultra\warewolf\Dev\Dev2.Activities.Tests\Dev2.Activities.Tests.csproj]
C:\Users\ultra\warewolf\Dev\Warewolf.Auditing\Warewolf.Auditing.csproj : warning NU1701: Package 'TaskSchedulerEditor 2.10.1' was restored using '.NETFramework,Version=v4.6.1, .NETFramework,Version=v4.6.2, .NETFramework,Version=v4.7, .NETFramework,Version=v4.7.1, .NETFramework,Version=v4.7.2, .NETFramework,Version=v4.8, .NETFramework,Version=v4.8.1' instead of the project target framework 'net8.0'. This package may not be fully compatible with your project. [C:\Users\ultra\warewolf\Dev\Dev2.Activities.Tests\Dev2.Activities.Tests.csproj]
C:\Users\ultra\warewolf\Dev\Warewolf.Common\Warewolf.Common.csproj : warning NU1701: Package 'AeroWizard 2.3.1' was restored using '.NETFramework,Version=v4.6.1, .NETFramework,Version=v4.6.2, .NETFramework,Version=v4.7, .NETFramework,Version=v4.7.1, .NETFramework,Version=v4.7.2, .NETFramework,Version=v4.8, .NETFramework,Version=v4.8.1' instead of the project target framework 'net8.0'. This package may not be fully compatible with your project. [C:\Users\ultra\warewolf\Dev\Dev2.Activities.Tests\Dev2.Activities.Tests.csproj]
C:\Users\ultra\warewolf\Dev\Warewolf.Common\Warewolf.Common.csproj : warning NU1701: Package 'GroupControls 1.9.0' was restored using '.NETFramework,Version=v4.6.1, .NETFramework,Version=v4.6.2, .NETFramework,Version=v4.7, .NETFramework,Version=v4.7.1, .NETFramework,Version=v4.7.2, .NETFramework,Version=v4.8, .NETFramework,Version=v4.8.1' instead of the project target framework 'net8.0'. This package may not be fully compatible with your project. [C:\Users\ultra\warewolf\Dev\Dev2.Activities.Tests\Dev2.Activities.Tests.csproj]
C:\Users\ultra\warewolf\Dev\Dev2.Studio.Core\Dev2.Studio.Core.csproj : warning NU1701: Package 'AeroWizard 2.3.1' was restored using '.NETFramework,Version=v4.6.1, .NETFramework,Version=v4.6.2, .NETFramework,Version=v4.7, .NETFramework,Version=v4.7.1, .NETFramework,Version=v4.7.2, .NETFramework,Version=v4.8, .NETFramework,Version=v4.8.1' instead of the project target framework 'net8.0'. This package may not be fully compatible with your project. [C:\Users\ultra\warewolf\Dev\Dev2.Activities.Tests\Dev2.Activities.Tests.csproj]
C:\Users\ultra\warewolf\Dev\Dev2.Studio.Core\Dev2.Studio.Core.csproj : warning NU1701: Package 'GroupControls 1.9.0' was restored using '.NETFramework,Version=v4.6.1, .NETFramework,Version=v4.6.2, .NETFramework,Version=v4.7, .NETFramework,Version=v4.7.1, .NETFramework,Version=v4.7.2, .NETFramework,Version=v4.8, .NETFramework,Version=v4.8.1' instead of the project target framework 'net8.0'. This package may not be fully compatible with your project. [C:\Users\ultra\warewolf\Dev\Dev2.Activities.Tests\Dev2.Activities.Tests.csproj]
C:\Users\ultra\warewolf\Dev\Warewolf.Common\Warewolf.Common.csproj : warning NU1701: Package 'TaskSchedulerEditor 2.10.1' was restored using '.NETFramework,Version=v4.6.1, .NETFramework,Version=v4.6.2, .NETFramework,Version=v4.7, .NETFramework,Version=v4.7.1, .NETFramework,Version=v4.7.2, .NETFramework,Version=v4.8, .NETFramework,Version=v4.8.1' instead of the project target framework 'net8.0'. This package may not be fully compatible with your project. [C:\Users\ultra\warewolf\Dev\Dev2.Activities.Tests\Dev2.Activities.Tests.csproj]
C:\Users\ultra\warewolf\Dev\Dev2.Studio.Core\Dev2.Studio.Core.csproj : warning NU1701: Package 'Microsoft.Xaml.Behaviors.Wpf 1.1.122' was restored using '.NETFramework,Version=v4.6.1, .NETFramework,Version=v4.6.2, .NETFramework,Version=v4.7, .NETFramework,Version=v4.7.1, .NETFramework,Version=v4.7.2, .NETFramework,Version=v4.8, .NETFramework,Version=v4.8.1' instead of the project target framework 'net8.0'. This package may not be fully compatible with your project. [C:\Users\ultra\warewolf\Dev\Dev2.Activities.Tests\Dev2.Activities.Tests.csproj]
C:\Users\ultra\warewolf\Dev\Dev2.Studio.Core\Dev2.Studio.Core.csproj : warning NU1701: Package 'Prism.Wpf 9.0.537' was restored using '.NETFramework,Version=v4.6.1, .NETFramework,Version=v4.6.2, .NETFramework,Version=v4.7, .NETFramework,Version=v4.7.1, .NETFramework,Version=v4.7.2, .NETFramework,Version=v4.8, .NETFramework,Version=v4.8.1' instead of the project target framework 'net8.0'. This package may not be fully compatible with your project. [C:\Users\ultra\warewolf\Dev\Dev2.Activities.Tests\Dev2.Activities.Tests.csproj]
C:\Users\ultra\warewolf\Dev\Dev2.Studio.Core\Dev2.Studio.Core.csproj : warning NU1701: Package 'ReactiveUI.WPF 18.4.1' was restored using '.NETFramework,Version=v4.6.1, .NETFramework,Version=v4.6.2, .NETFramework,Version=v4.7, .NETFramework,Version=v4.7.1, .NETFramework,Version=v4.7.2, .NETFramework,Version=v4.8, .NETFramework,Version=v4.8.1' instead of the project target framework 'net8.0'. This package may not be fully compatible with your project. [C:\Users\ultra\warewolf\Dev\Dev2.Activities.Tests\Dev2.Activities.Tests.csproj]
C:\Users\ultra\warewolf\Dev\Dev2.Studio.Core\Dev2.Studio.Core.csproj : warning NU1701: Package 'TaskSchedulerEditor 2.10.1' was restored using '.NETFramework,Version=v4.6.1, .NETFramework,Version=v4.6.2, .NETFramework,Version=v4.7, .NETFramework,Version=v4.7.1, .NETFramework,Version=v4.7.2, .NETFramework,Version=v4.8, .NETFramework,Version=v4.8.1' instead of the project target framework 'net8.0'. This package may not be fully compatible with your project. [C:\Users\ultra\warewolf\Dev\Dev2.Activities.Tests\Dev2.Activities.Tests.csproj]
  Restored C:\Users\ultra\warewolf\Dev\Dev2.SignalR.Wrappers.New\Dev2.SignalR.Wrappers.New.csproj (in 179 ms).
C:\Users\ultra\warewolf\Dev\Warewolf.Common.Framework48\Warewolf.Common.Framework48.csproj : warning NU1902: Package 'System.IdentityModel.Tokens.Jwt' 5.1.0 has a known moderate severity vulnerability, https://github.com/advisories/GHSA-59j7-ghrg-fj52 [C:\Users\ultra\warewolf\Dev\Dev2.Activities.Tests\Dev2.Activities.Tests.csproj]
C:\Users\ultra\warewolf\Dev\Warewolf.Common.Framework48\Warewolf.Common.Framework48.csproj : warning NU1701: Package 'AeroWizard 2.3.1' was restored using '.NETFramework,Version=v4.6.1, .NETFramework,Version=v4.6.2, .NETFramework,Version=v4.7, .NETFramework,Version=v4.7.1, .NETFramework,Version=v4.7.2, .NETFramework,Version=v4.8, .NETFramework,Version=v4.8.1' instead of the project target framework 'net8.0'. This package may not be fully compatible with your project. [C:\Users\ultra\warewolf\Dev\Dev2.Activities.Tests\Dev2.Activities.Tests.csproj]
C:\Users\ultra\warewolf\Dev\Warewolf.Common.Framework48\Warewolf.Common.Framework48.csproj : warning NU1701: Package 'GroupControls 1.9.0' was restored using '.NETFramework,Version=v4.6.1, .NETFramework,Version=v4.6.2, .NETFramework,Version=v4.7, .NETFramework,Version=v4.7.1, .NETFramework,Version=v4.7.2, .NETFramework,Version=v4.8, .NETFramework,Version=v4.8.1' instead of the project target framework 'net8.0'. This package may not be fully compatible with your project. [C:\Users\ultra\warewolf\Dev\Dev2.Activities.Tests\Dev2.Activities.Tests.csproj]
C:\Users\ultra\warewolf\Dev\Warewolf.Common.Framework48\Warewolf.Common.Framework48.csproj : warning NU1701: Package 'Microsoft.Xaml.Behaviors.Wpf 1.1.122' was restored using '.NETFramework,Version=v4.6.1, .NETFramework,Version=v4.6.2, .NETFramework,Version=v4.7, .NETFramework,Version=v4.7.1, .NETFramework,Version=v4.7.2, .NETFramework,Version=v4.8, .NETFramework,Version=v4.8.1' instead of the project target framework 'net8.0'. This package may not be fully compatible with your project. [C:\Users\ultra\warewolf\Dev\Dev2.Activities.Tests\Dev2.Activities.Tests.csproj]
C:\Users\ultra\warewolf\Dev\Warewolf.Common.Framework48\Warewolf.Common.Framework48.csproj : warning NU1701: Package 'Prism.Wpf 9.0.537' was restored using '.NETFramework,Version=v4.6.1, .NETFramework,Version=v4.6.2, .NETFramework,Version=v4.7, .NETFramework,Version=v4.7.1, .NETFramework,Version=v4.7.2, .NETFramework,Version=v4.8, .NETFramework,Version=v4.8.1' instead of the project target framework 'net8.0'. This package may not be fully compatible with your project. [C:\Users\ultra\warewolf\Dev\Dev2.Activities.Tests\Dev2.Activities.Tests.csproj]
C:\Users\ultra\warewolf\Dev\Warewolf.Common.Framework48\Warewolf.Common.Framework48.csproj : warning NU1701: Package 'ReactiveUI.WPF 18.4.1' was restored using '.NETFramework,Version=v4.6.1, .NETFramework,Version=v4.6.2, .NETFramework,Version=v4.7, .NETFramework,Version=v4.7.1, .NETFramework,Version=v4.7.2, .NETFramework,Version=v4.8, .NETFramework,Version=v4.8.1' instead of the project target framework 'net8.0'. This package may not be fully compatible with your project. [C:\Users\ultra\warewolf\Dev\Dev2.Activities.Tests\Dev2.Activities.Tests.csproj]
C:\Users\ultra\warewolf\Dev\Warewolf.Common.Framework48\Warewolf.Common.Framework48.csproj : warning NU1701: Package 'TaskSchedulerEditor 2.10.1' was restored using '.NETFramework,Version=v4.6.1, .NETFramework,Version=v4.6.2, .NETFramework,Version=v4.7, .NETFramework,Version=v4.7.1, .NETFramework,Version=v4.7.2, .NETFramework,Version=v4.8, .NETFramework,Version=v4.8.1' instead of the project target framework 'net8.0'. This package may not be fully compatible with your project. [C:\Users\ultra\warewolf\Dev\Dev2.Activities.Tests\Dev2.Activities.Tests.csproj]
  Restored C:\Users\ultra\warewolf\Dev\Dev2.Services.Sql\Dev2.Services.Sql.csproj (in 216 ms).
  Restored C:\Users\ultra\warewolf\Dev\Warewolf.AI.Harness\Warewolf.AI.Harness.csproj (in 155 ms).
  Restored C:\Users\ultra\warewolf\Dev\Warewolf.Resource\Warewolf.Resource.csproj (in 3 ms).
C:\Users\ultra\warewolf\Dev\Dev2.Common.Interfaces\Dev2.Common.Interfaces.csproj : warning NU1903: Package 'Microsoft.Windows.Compatibility' 6.0.0 has a known high severity vulnerability, https://github.com/advisories/GHSA-555c-2p6r-68mm [C:\Users\ultra\warewolf\Dev\Dev2.Activities.Tests\Dev2.Activities.Tests.csproj]
C:\Users\ultra\warewolf\Dev\Dev2.Common.Interfaces\Dev2.Common.Interfaces.csproj : warning NU1701: Package 'AeroWizard 2.3.1' was restored using '.NETFramework,Version=v4.6.1, .NETFramework,Version=v4.6.2, .NETFramework,Version=v4.7, .NETFramework,Version=v4.7.1, .NETFramework,Version=v4.7.2, .NETFramework,Version=v4.8, .NETFramework,Version=v4.8.1' instead of the project target framework 'net8.0'. This package may not be fully compatible with your project. [C:\Users\ultra\warewolf\Dev\Dev2.Activities.Tests\Dev2.Activities.Tests.csproj]
C:\Users\ultra\warewolf\Dev\Dev2.Common.Interfaces\Dev2.Common.Interfaces.csproj : warning NU1701: Package 'GroupControls 1.9.0' was restored using '.NETFramework,Version=v4.6.1, .NETFramework,Version=v4.6.2, .NETFramework,Version=v4.7, .NETFramework,Version=v4.7.1, .NETFramework,Version=v4.7.2, .NETFramework,Version=v4.8, .NETFramework,Version=v4.8.1' instead of the project target framework 'net8.0'. This package may not be fully compatible with your project. [C:\Users\ultra\warewolf\Dev\Dev2.Activities.Tests\Dev2.Activities.Tests.csproj]
C:\Users\ultra\warewolf\Dev\Dev2.Common.Interfaces\Dev2.Common.Interfaces.csproj : warning NU1701: Package 'TaskSchedulerEditor 2.10.1' was restored using '.NETFramework,Version=v4.6.1, .NETFramework,Version=v4.6.2, .NETFramework,Version=v4.7, .NETFramework,Version=v4.7.1, .NETFramework,Version=v4.7.2, .NETFramework,Version=v4.8, .NETFramework,Version=v4.8.1' instead of the project target framework 'net8.0'. This package may not be fully compatible with your project. [C:\Users\ultra\warewolf\Dev\Dev2.Activities.Tests\Dev2.Activities.Tests.csproj]
C:\Users\ultra\warewolf\Dev\Warewolf.Core.Tests\Warewolf.Core.Tests.csproj : warning NU1701: Package 'AeroWizard 2.3.1' was restored using '.NETFramework,Version=v4.6.1, .NETFramework,Version=v4.6.2, .NETFramework,Version=v4.7, .NETFramework,Version=v4.7.1, .NETFramework,Version=v4.7.2, .NETFramework,Version=v4.8, .NETFramework,Version=v4.8.1' instead of the project target framework 'net8.0'. This package may not be fully compatible with your project. [C:\Users\ultra\warewolf\Dev\Dev2.Activities.Tests\Dev2.Activities.Tests.csproj]
C:\Users\ultra\warewolf\Dev\Warewolf.Core.Tests\Warewolf.Core.Tests.csproj : warning NU1701: Package 'GroupControls 1.9.0' was restored using '.NETFramework,Version=v4.6.1, .NETFramework,Version=v4.6.2, .NETFramework,Version=v4.7, .NETFramework,Version=v4.7.1, .NETFramework,Version=v4.7.2, .NETFramework,Version=v4.8, .NETFramework,Version=v4.8.1' instead of the project target framework 'net8.0'. This package may not be fully compatible with your project. [C:\Users\ultra\warewolf\Dev\Dev2.Activities.Tests\Dev2.Activities.Tests.csproj]
C:\Users\ultra\warewolf\Dev\Warewolf.Core.Tests\Warewolf.Core.Tests.csproj : warning NU1701: Package 'Microsoft.Xaml.Behaviors.Wpf 1.1.122' was restored using '.NETFramework,Version=v4.6.1, .NETFramework,Version=v4.6.2, .NETFramework,Version=v4.7, .NETFramework,Version=v4.7.1, .NETFramework,Version=v4.7.2, .NETFramework,Version=v4.8, .NETFramework,Version=v4.8.1' instead of the project target framework 'net8.0'. This package may not be fully compatible with your project. [C:\Users\ultra\warewolf\Dev\Dev2.Activities.Tests\Dev2.Activities.Tests.csproj]
C:\Users\ultra\warewolf\Dev\Warewolf.Core.Tests\Warewolf.Core.Tests.csproj : warning NU1701: Package 'Prism.Wpf 9.0.537' was restored using '.NETFramework,Version=v4.6.1, .NETFramework,Version=v4.6.2, .NETFramework,Version=v4.7, .NETFramework,Version=v4.7.1, .NETFramework,Version=v4.7.2, .NETFramework,Version=v4.8, .NETFramework,Version=v4.8.1' instead of the project target framework 'net8.0'. This package may not be fully compatible with your project. [C:\Users\ultra\warewolf\Dev\Dev2.Activities.Tests\Dev2.Activities.Tests.csproj]
C:\Users\ultra\warewolf\Dev\Warewolf.Core.Tests\Warewolf.Core.Tests.csproj : warning NU1701: Package 'ReactiveUI.WPF 18.4.1' was restored using '.NETFramework,Version=v4.6.1, .NETFramework,Version=v4.6.2, .NETFramework,Version=v4.7, .NETFramework,Version=v4.7.1, .NETFramework,Version=v4.7.2, .NETFramework,Version=v4.8, .NETFramework,Version=v4.8.1' instead of the project target framework 'net8.0'. This package may not be fully compatible with your project. [C:\Users\ultra\warewolf\Dev\Dev2.Activities.Tests\Dev2.Activities.Tests.csproj]
C:\Users\ultra\warewolf\Dev\Warewolf.Core.Tests\Warewolf.Core.Tests.csproj : warning NU1701: Package 'TaskSchedulerEditor 2.10.1' was restored using '.NETFramework,Version=v4.6.1, .NETFramework,Version=v4.6.2, .NETFramework,Version=v4.7, .NETFramework,Version=v4.7.1, .NETFramework,Version=v4.7.2, .NETFramework,Version=v4.8, .NETFramework,Version=v4.8.1' instead of the project target framework 'net8.0'. This package may not be fully compatible with your project. [C:\Users\ultra\warewolf\Dev\Dev2.Activities.Tests\Dev2.Activities.Tests.csproj]
  Restored C:\Users\ultra\warewolf\Dev\Warewolf.Common\Warewolf.Common.csproj (in 127 ms).
C:\Users\ultra\warewolf\Dev\Warewolf.ResourceManagement\Warewolf.ResourceManagement.csproj : warning NU1701: Package 'AeroWizard 2.3.1' was restored using '.NETFramework,Version=v4.6.1, .NETFramework,Version=v4.6.2, .NETFramework,Version=v4.7, .NETFramework,Version=v4.7.1, .NETFramework,Version=v4.7.2, .NETFramework,Version=v4.8, .NETFramework,Version=v4.8.1' instead of the project target framework 'net8.0'. This package may not be fully compatible with your project. [C:\Users\ultra\warewolf\Dev\Dev2.Activities.Tests\Dev2.Activities.Tests.csproj]
C:\Users\ultra\warewolf\Dev\Warewolf.ResourceManagement\Warewolf.ResourceManagement.csproj : warning NU1701: Package 'GroupControls 1.9.0' was restored using '.NETFramework,Version=v4.6.1, .NETFramework,Version=v4.6.2, .NETFramework,Version=v4.7, .NETFramework,Version=v4.7.1, .NETFramework,Version=v4.7.2, .NETFramework,Version=v4.8, .NETFramework,Version=v4.8.1' instead of the project target framework 'net8.0'. This package may not be fully compatible with your project. [C:\Users\ultra\warewolf\Dev\Dev2.Activities.Tests\Dev2.Activities.Tests.csproj]
C:\Users\ultra\warewolf\Dev\Warewolf.ResourceManagement\Warewolf.ResourceManagement.csproj : warning NU1701: Package 'ReactiveUI.WPF 18.4.1' was restored using '.NETFramework,Version=v4.6.1, .NETFramework,Version=v4.6.2, .NETFramework,Version=v4.7, .NETFramework,Version=v4.7.1, .NETFramework,Version=v4.7.2, .NETFramework,Version=v4.8, .NETFramework,Version=v4.8.1' instead of the project target framework 'net8.0'. This package may not be fully compatible with your project. [C:\Users\ultra\warewolf\Dev\Dev2.Activities.Tests\Dev2.Activities.Tests.csproj]
C:\Users\ultra\warewolf\Dev\Warewolf.ResourceManagement\Warewolf.ResourceManagement.csproj : warning NU1701: Package 'TaskSchedulerEditor 2.10.1' was restored using '.NETFramework,Version=v4.6.1, .NETFramework,Version=v4.6.2, .NETFramework,Version=v4.7, .NETFramework,Version=v4.7.1, .NETFramework,Version=v4.7.2, .NETFramework,Version=v4.8, .NETFramework,Version=v4.8.1' instead of the project target framework 'net8.0'. This package may not be fully compatible with your project. [C:\Users\ultra\warewolf\Dev\Dev2.Activities.Tests\Dev2.Activities.Tests.csproj]
  Restored C:\Users\ultra\warewolf\Dev\Warewolf.Parser.Interop\Warewolf.Parser.Interop.csproj (in 13 ms).
  Restored C:\Users\ultra\warewolf\Dev\Warewolf.Core\Warewolf.Core.csproj (in 189 ms).
  Restored C:\Users\ultra\warewolf\Dev\Warewolf.Auditing\Warewolf.Auditing.csproj (in 224 ms).
  Restored C:\Users\ultra\warewolf\Dev\Warewolf.Language.Parser\Warewolf.Language.Parser.fsproj (in 12 ms).
C:\Users\ultra\warewolf\Dev\Warewolf.Licensing\Warewolf.Licensing.csproj : warning NU1701: Package 'AeroWizard 2.3.1' was restored using '.NETFramework,Version=v4.6.1, .NETFramework,Version=v4.6.2, .NETFramework,Version=v4.7, .NETFramework,Version=v4.7.1, .NETFramework,Version=v4.7.2, .NETFramework,Version=v4.8, .NETFramework,Version=v4.8.1' instead of the project target framework 'net8.0'. This package may not be fully compatible with your project. [C:\Users\ultra\warewolf\Dev\Dev2.Activities.Tests\Dev2.Activities.Tests.csproj]
C:\Users\ultra\warewolf\Dev\Warewolf.Licensing\Warewolf.Licensing.csproj : warning NU1701: Package 'GroupControls 1.9.0' was restored using '.NETFramework,Version=v4.6.1, .NETFramework,Version=v4.6.2, .NETFramework,Version=v4.7, .NETFramework,Version=v4.7.1, .NETFramework,Version=v4.7.2, .NETFramework,Version=v4.8, .NETFramework,Version=v4.8.1' instead of the project target framework 'net8.0'. This package may not be fully compatible with your project. [C:\Users\ultra\warewolf\Dev\Dev2.Activities.Tests\Dev2.Activities.Tests.csproj]
C:\Users\ultra\warewolf\Dev\Warewolf.Licensing\Warewolf.Licensing.csproj : warning NU1701: Package 'TaskSchedulerEditor 2.10.1' was restored using '.NETFramework,Version=v4.6.1, .NETFramework,Version=v4.6.2, .NETFramework,Version=v4.7, .NETFramework,Version=v4.7.1, .NETFramework,Version=v4.7.2, .NETFramework,Version=v4.8, .NETFramework,Version=v4.8.1' instead of the project target framework 'net8.0'. This package may not be fully compatible with your project. [C:\Users\ultra\warewolf\Dev\Dev2.Activities.Tests\Dev2.Activities.Tests.csproj]
  Restored C:\Users\ultra\warewolf\Dev\Dev2.Runtime.Services\Dev2.Runtime.Services.csproj (in 332 ms).
  Restored C:\Users\ultra\warewolf\Dev\ConsoleAppToTestExecuteCommandLineActivity\ConsoleAppToTestExecuteCommandLineActivity.csproj (in 15 ms).
  Restored C:\Users\ultra\warewolf\Dev\Dev2.Services.Execution\Dev2.Services.Execution.csproj (in 321 ms).
  Restored C:\Users\ultra\warewolf\Dev\Dev2.Common.Interfaces\Dev2.Common.Interfaces.csproj (in 112 ms).
C:\Users\ultra\warewolf\Dev\Dev2.Common.Tests\Dev2.Common.Tests.csproj : warning NU1701: Package 'AeroWizard 2.3.1' was restored using '.NETFramework,Version=v4.6.1, .NETFramework,Version=v4.6.2, .NETFramework,Version=v4.7, .NETFramework,Version=v4.7.1, .NETFramework,Version=v4.7.2, .NETFramework,Version=v4.8, .NETFramework,Version=v4.8.1' instead of the project target framework 'net8.0'. This package may not be fully compatible with your project. [C:\Users\ultra\warewolf\Dev\Dev2.Activities.Tests\Dev2.Activities.Tests.csproj]
C:\Users\ultra\warewolf\Dev\Dev2.Common.Tests\Dev2.Common.Tests.csproj : warning NU1701: Package 'GroupControls 1.9.0' was restored using '.NETFramework,Version=v4.6.1, .NETFramework,Version=v4.6.2, .NETFramework,Version=v4.7, .NETFramework,Version=v4.7.1, .NETFramework,Version=v4.7.2, .NETFramework,Version=v4.8, .NETFramework,Version=v4.8.1' instead of the project target framework 'net8.0'. This package may not be fully compatible with your project. [C:\Users\ultra\warewolf\Dev\Dev2.Activities.Tests\Dev2.Activities.Tests.csproj]
C:\Users\ultra\warewolf\Dev\Dev2.Common.Tests\Dev2.Common.Tests.csproj : warning NU1701: Package 'Microsoft.Xaml.Behaviors.Wpf 1.1.122' was restored using '.NETFramework,Version=v4.6.1, .NETFramework,Version=v4.6.2, .NETFramework,Version=v4.7, .NETFramework,Version=v4.7.1, .NETFramework,Version=v4.7.2, .NETFramework,Version=v4.8, .NETFramework,Version=v4.8.1' instead of the project target framework 'net8.0'. This package may not be fully compatible with your project. [C:\Users\ultra\warewolf\Dev\Dev2.Activities.Tests\Dev2.Activities.Tests.csproj]
C:\Users\ultra\warewolf\Dev\Dev2.Common.Tests\Dev2.Common.Tests.csproj : warning NU1701: Package 'Prism.Wpf 9.0.537' was restored using '.NETFramework,Version=v4.6.1, .NETFramework,Version=v4.6.2, .NETFramework,Version=v4.7, .NETFramework,Version=v4.7.1, .NETFramework,Version=v4.7.2, .NETFramework,Version=v4.8, .NETFramework,Version=v4.8.1' instead of the project target framework 'net8.0'. This package may not be fully compatible with your project. [C:\Users\ultra\warewolf\Dev\Dev2.Activities.Tests\Dev2.Activities.Tests.csproj]
C:\Users\ultra\warewolf\Dev\Dev2.Common.Tests\Dev2.Common.Tests.csproj : warning NU1701: Package 'ReactiveUI.WPF 18.4.1' was restored using '.NETFramework,Version=v4.6.1, .NETFramework,Version=v4.6.2, .NETFramework,Version=v4.7, .NETFramework,Version=v4.7.1, .NETFramework,Version=v4.7.2, .NETFramework,Version=v4.8, .NETFramework,Version=v4.8.1' instead of the project target framework 'net8.0'. This package may not be fully compatible with your project. [C:\Users\ultra\warewolf\Dev\Dev2.Activities.Tests\Dev2.Activities.Tests.csproj]
C:\Users\ultra\warewolf\Dev\Dev2.Common.Tests\Dev2.Common.Tests.csproj : warning NU1701: Package 'TaskSchedulerEditor 2.10.1' was restored using '.NETFramework,Version=v4.6.1, .NETFramework,Version=v4.6.2, .NETFramework,Version=v4.7, .NETFramework,Version=v4.7.1, .NETFramework,Version=v4.7.2, .NETFramework,Version=v4.8, .NETFramework,Version=v4.8.1' instead of the project target framework 'net8.0'. This package may not be fully compatible with your project. [C:\Users\ultra\warewolf\Dev\Dev2.Activities.Tests\Dev2.Activities.Tests.csproj]
  Restored C:\Users\ultra\warewolf\Dev\Dev2.Runtime.WebServer\Dev2.Runtime.WebServer.csproj (in 397 ms).
  Restored C:\Users\ultra\warewolf\Dev\Warewolf.Common.Framework48\Warewolf.Common.Framework48.csproj (in 377 ms).
  Restored C:\Users\ultra\warewolf\Dev\Dev2.Studio.Core\Dev2.Studio.Core.csproj (in 401 ms).
C:\Users\ultra\warewolf\Dev\Dev2.Activities\Dev2.Activities.csproj : warning NU1903: Package 'Microsoft.Windows.Compatibility' 6.0.0 has a known high severity vulnerability, https://github.com/advisories/GHSA-555c-2p6r-68mm [C:\Users\ultra\warewolf\Dev\Dev2.Activities.Tests\Dev2.Activities.Tests.csproj]
C:\Users\ultra\warewolf\Dev\Dev2.Activities\Dev2.Activities.csproj : warning NU1701: Package 'AeroWizard 2.3.1' was restored using '.NETFramework,Version=v4.6.1, .NETFramework,Version=v4.6.2, .NETFramework,Version=v4.7, .NETFramework,Version=v4.7.1, .NETFramework,Version=v4.7.2, .NETFramework,Version=v4.8, .NETFramework,Version=v4.8.1' instead of the project target framework 'net8.0'. This package may not be fully compatible with your project. [C:\Users\ultra\warewolf\Dev\Dev2.Activities.Tests\Dev2.Activities.Tests.csproj]
C:\Users\ultra\warewolf\Dev\Dev2.Activities\Dev2.Activities.csproj : warning NU1701: Package 'GroupControls 1.9.0' was restored using '.NETFramework,Version=v4.6.1, .NETFramework,Version=v4.6.2, .NETFramework,Version=v4.7, .NETFramework,Version=v4.7.1, .NETFramework,Version=v4.7.2, .NETFramework,Version=v4.8, .NETFramework,Version=v4.8.1' instead of the project target framework 'net8.0'. This package may not be fully compatible with your project. [C:\Users\ultra\warewolf\Dev\Dev2.Activities.Tests\Dev2.Activities.Tests.csproj]
C:\Users\ultra\warewolf\Dev\Dev2.Activities\Dev2.Activities.csproj : warning NU1701: Package 'ReactiveUI.WPF 18.4.1' was restored using '.NETFramework,Version=v4.6.1, .NETFramework,Version=v4.6.2, .NETFramework,Version=v4.7, .NETFramework,Version=v4.7.1, .NETFramework,Version=v4.7.2, .NETFramework,Version=v4.8, .NETFramework,Version=v4.8.1' instead of the project target framework 'net8.0'. This package may not be fully compatible with your project. [C:\Users\ultra\warewolf\Dev\Dev2.Activities.Tests\Dev2.Activities.Tests.csproj]
C:\Users\ultra\warewolf\Dev\Dev2.Activities\Dev2.Activities.csproj : warning NU1701: Package 'TaskSchedulerEditor 2.10.1' was restored using '.NETFramework,Version=v4.6.1, .NETFramework,Version=v4.6.2, .NETFramework,Version=v4.7, .NETFramework,Version=v4.7.1, .NETFramework,Version=v4.7.2, .NETFramework,Version=v4.8, .NETFramework,Version=v4.8.1' instead of the project target framework 'net8.0'. This package may not be fully compatible with your project. [C:\Users\ultra\warewolf\Dev\Dev2.Activities.Tests\Dev2.Activities.Tests.csproj]
  Restored C:\Users\ultra\warewolf\Dev\Warewolf.ResourceManagement\Warewolf.ResourceManagement.csproj (in 197 ms).
  Restored C:\Users\ultra\warewolf\Dev\Warewolf.Licensing\Warewolf.Licensing.csproj (in 161 ms).
  Restored C:\Users\ultra\warewolf\Dev\Warewolf.Core.Tests\Warewolf.Core.Tests.csproj (in 328 ms).
C:\Users\ultra\warewolf\Dev\Dev2.Activities.Tests\Dev2.Activities.Tests.csproj : warning NU1701: Package 'AeroWizard 2.3.1' was restored using '.NETFramework,Version=v4.6.1, .NETFramework,Version=v4.6.2, .NETFramework,Version=v4.7, .NETFramework,Version=v4.7.1, .NETFramework,Version=v4.7.2, .NETFramework,Version=v4.8, .NETFramework,Version=v4.8.1' instead of the project target framework 'net8.0'. This package may not be fully compatible with your project.
C:\Users\ultra\warewolf\Dev\Dev2.Activities.Tests\Dev2.Activities.Tests.csproj : warning NU1701: Package 'GroupControls 1.9.0' was restored using '.NETFramework,Version=v4.6.1, .NETFramework,Version=v4.6.2, .NETFramework,Version=v4.7, .NETFramework,Version=v4.7.1, .NETFramework,Version=v4.7.2, .NETFramework,Version=v4.8, .NETFramework,Version=v4.8.1' instead of the project target framework 'net8.0'. This package may not be fully compatible with your project.
C:\Users\ultra\warewolf\Dev\Dev2.Activities.Tests\Dev2.Activities.Tests.csproj : warning NU1701: Package 'Microsoft.Xaml.Behaviors.Wpf 1.1.122' was restored using '.NETFramework,Version=v4.6.1, .NETFramework,Version=v4.6.2, .NETFramework,Version=v4.7, .NETFramework,Version=v4.7.1, .NETFramework,Version=v4.7.2, .NETFramework,Version=v4.8, .NETFramework,Version=v4.8.1' instead of the project target framework 'net8.0'. This package may not be fully compatible with your project.
C:\Users\ultra\warewolf\Dev\Dev2.Activities.Tests\Dev2.Activities.Tests.csproj : warning NU1701: Package 'Prism.Wpf 9.0.537' was restored using '.NETFramework,Version=v4.6.1, .NETFramework,Version=v4.6.2, .NETFramework,Version=v4.7, .NETFramework,Version=v4.7.1, .NETFramework,Version=v4.7.2, .NETFramework,Version=v4.8, .NETFramework,Version=v4.8.1' instead of the project target framework 'net8.0'. This package may not be fully compatible with your project.
C:\Users\ultra\warewolf\Dev\Dev2.Activities.Tests\Dev2.Activities.Tests.csproj : warning NU1701: Package 'ReactiveUI.WPF 18.4.1' was restored using '.NETFramework,Version=v4.6.1, .NETFramework,Version=v4.6.2, .NETFramework,Version=v4.7, .NETFramework,Version=v4.7.1, .NETFramework,Version=v4.7.2, .NETFramework,Version=v4.8, .NETFramework,Version=v4.8.1' instead of the project target framework 'net8.0'. This package may not be fully compatible with your project.
C:\Users\ultra\warewolf\Dev\Dev2.Activities.Tests\Dev2.Activities.Tests.csproj : warning NU1701: Package 'TaskSchedulerEditor 2.10.1' was restored using '.NETFramework,Version=v4.6.1, .NETFramework,Version=v4.6.2, .NETFramework,Version=v4.7, .NETFramework,Version=v4.7.1, .NETFramework,Version=v4.7.2, .NETFramework,Version=v4.8, .NETFramework,Version=v4.8.1' instead of the project target framework 'net8.0'. This package may not be fully compatible with your project.
  Restored C:\Users\ultra\warewolf\Dev\Dev2.Common.Tests\Dev2.Common.Tests.csproj (in 316 ms).
  Restored C:\Users\ultra\warewolf\Dev\Dev2.Activities\Dev2.Activities.csproj (in 225 ms).
  Restored C:\Users\ultra\warewolf\Dev\Dev2.Activities.Tests\Dev2.Activities.Tests.csproj (in 254 ms).
C:\Users\ultra\warewolf\Dev\Dev2.Activities.Tests\Dev2.Activities.Tests.csproj : warning NU1701: Package 'AeroWizard 2.3.1' was restored using '.NETFramework,Version=v4.6.1, .NETFramework,Version=v4.6.2, .NETFramework,Version=v4.7, .NETFramework,Version=v4.7.1, .NETFramework,Version=v4.7.2, .NETFramework,Version=v4.8, .NETFramework,Version=v4.8.1' instead of the project target framework 'net8.0'. This package may not be fully compatible with your project.
C:\Users\ultra\warewolf\Dev\Dev2.Activities.Tests\Dev2.Activities.Tests.csproj : warning NU1701: Package 'GroupControls 1.9.0' was restored using '.NETFramework,Version=v4.6.1, .NETFramework,Version=v4.6.2, .NETFramework,Version=v4.7, .NETFramework,Version=v4.7.1, .NETFramework,Version=v4.7.2, .NETFramework,Version=v4.8, .NETFramework,Version=v4.8.1' instead of the project target framework 'net8.0'. This package may not be fully compatible with your project.
C:\Users\ultra\warewolf\Dev\Dev2.Activities.Tests\Dev2.Activities.Tests.csproj : warning NU1701: Package 'Microsoft.Xaml.Behaviors.Wpf 1.1.122' was restored using '.NETFramework,Version=v4.6.1, .NETFramework,Version=v4.6.2, .NETFramework,Version=v4.7, .NETFramework,Version=v4.7.1, .NETFramework,Version=v4.7.2, .NETFramework,Version=v4.8, .NETFramework,Version=v4.8.1' instead of the project target framework 'net8.0'. This package may not be fully compatible with your project.
C:\Users\ultra\warewolf\Dev\Dev2.Activities.Tests\Dev2.Activities.Tests.csproj : warning NU1701: Package 'Prism.Wpf 9.0.537' was restored using '.NETFramework,Version=v4.6.1, .NETFramework,Version=v4.6.2, .NETFramework,Version=v4.7, .NETFramework,Version=v4.7.1, .NETFramework,Version=v4.7.2, .NETFramework,Version=v4.8, .NETFramework,Version=v4.8.1' instead of the project target framework 'net8.0'. This package may not be fully compatible with your project.
C:\Users\ultra\warewolf\Dev\Dev2.Activities.Tests\Dev2.Activities.Tests.csproj : warning NU1701: Package 'ReactiveUI.WPF 18.4.1' was restored using '.NETFramework,Version=v4.6.1, .NETFramework,Version=v4.6.2, .NETFramework,Version=v4.7, .NETFramework,Version=v4.7.1, .NETFramework,Version=v4.7.2, .NETFramework,Version=v4.8, .NETFramework,Version=v4.8.1' instead of the project target framework 'net8.0'. This package may not be fully compatible with your project.
C:\Users\ultra\warewolf\Dev\Dev2.Activities.Tests\Dev2.Activities.Tests.csproj : warning NU1701: Package 'TaskSchedulerEditor 2.10.1' was restored using '.NETFramework,Version=v4.6.1, .NETFramework,Version=v4.6.2, .NETFramework,Version=v4.7, .NETFramework,Version=v4.7.1, .NETFramework,Version=v4.7.2, .NETFramework,Version=v4.8, .NETFramework,Version=v4.8.1' instead of the project target framework 'net8.0'. This package may not be fully compatible with your project.
C:\Users\ultra\warewolf\Dev\Dev2.Data.Interfaces\Dev2.Data.Interfaces.csproj : warning NU1903: Package 'DotNetZip' 1.16.0 has a known high severity vulnerability, https://github.com/advisories/GHSA-xhg6-9j5j-w4vf
C:\Users\ultra\warewolf\Dev\Dev2.Diagnostics\Dev2.Diagnostics.csproj : warning NU1701: Package 'AeroWizard 2.3.1' was restored using '.NETFramework,Version=v4.6.1, .NETFramework,Version=v4.6.2, .NETFramework,Version=v4.7, .NETFramework,Version=v4.7.1, .NETFramework,Version=v4.7.2, .NETFramework,Version=v4.8, .NETFramework,Version=v4.8.1' instead of the project target framework 'net8.0'. This package may not be fully compatible with your project.
C:\Users\ultra\warewolf\Dev\Dev2.Data.Interfaces\Dev2.Data.Interfaces.csproj : warning NU1701: Package 'AeroWizard 2.3.1' was restored using '.NETFramework,Version=v4.6.1, .NETFramework,Version=v4.6.2, .NETFramework,Version=v4.7, .NETFramework,Version=v4.7.1, .NETFramework,Version=v4.7.2, .NETFramework,Version=v4.8, .NETFramework,Version=v4.8.1' instead of the project target framework 'net8.0'. This package may not be fully compatible with your project.
C:\Users\ultra\warewolf\Dev\Dev2.Data.Interfaces\Dev2.Data.Interfaces.csproj : warning NU1701: Package 'GroupControls 1.9.0' was restored using '.NETFramework,Version=v4.6.1, .NETFramework,Version=v4.6.2, .NETFramework,Version=v4.7, .NETFramework,Version=v4.7.1, .NETFramework,Version=v4.7.2, .NETFramework,Version=v4.8, .NETFramework,Version=v4.8.1' instead of the project target framework 'net8.0'. This package may not be fully compatible with your project.
C:\Users\ultra\warewolf\Dev\Dev2.Data.Interfaces\Dev2.Data.Interfaces.csproj : warning NU1701: Package 'TaskSchedulerEditor 2.10.1' was restored using '.NETFramework,Version=v4.6.1, .NETFramework,Version=v4.6.2, .NETFramework,Version=v4.7, .NETFramework,Version=v4.7.1, .NETFramework,Version=v4.7.2, .NETFramework,Version=v4.8, .NETFramework,Version=v4.8.1' instead of the project target framework 'net8.0'. This package may not be fully compatible with your project.
C:\Users\ultra\warewolf\Dev\Dev2.Diagnostics\Dev2.Diagnostics.csproj : warning NU1701: Package 'GroupControls 1.9.0' was restored using '.NETFramework,Version=v4.6.1, .NETFramework,Version=v4.6.2, .NETFramework,Version=v4.7, .NETFramework,Version=v4.7.1, .NETFramework,Version=v4.7.2, .NETFramework,Version=v4.8, .NETFramework,Version=v4.8.1' instead of the project target framework 'net8.0'. This package may not be fully compatible with your project.
C:\Users\ultra\warewolf\Dev\Dev2.Diagnostics\Dev2.Diagnostics.csproj : warning NU1701: Package 'TaskSchedulerEditor 2.10.1' was restored using '.NETFramework,Version=v4.6.1, .NETFramework,Version=v4.6.2, .NETFramework,Version=v4.7, .NETFramework,Version=v4.7.1, .NETFramework,Version=v4.7.2, .NETFramework,Version=v4.8, .NETFramework,Version=v4.8.1' instead of the project target framework 'net8.0'. This package may not be fully compatible with your project.
C:\Users\ultra\warewolf\Dev\Dev2.Runtime\Dev2.Runtime.csproj : warning NU1903: Package 'Microsoft.Windows.Compatibility' 6.0.0 has a known high severity vulnerability, https://github.com/advisories/GHSA-555c-2p6r-68mm
C:\Users\ultra\warewolf\Dev\Dev2.Runtime\Dev2.Runtime.csproj : warning NU1701: Package 'AeroWizard 2.3.1' was restored using '.NETFramework,Version=v4.6.1, .NETFramework,Version=v4.6.2, .NETFramework,Version=v4.7, .NETFramework,Version=v4.7.1, .NETFramework,Version=v4.7.2, .NETFramework,Version=v4.8, .NETFramework,Version=v4.8.1' instead of the project target framework 'net8.0'. This package may not be fully compatible with your project.
C:\Users\ultra\warewolf\Dev\Dev2.Runtime\Dev2.Runtime.csproj : warning NU1701: Package 'GroupControls 1.9.0' was restored using '.NETFramework,Version=v4.6.1, .NETFramework,Version=v4.6.2, .NETFramework,Version=v4.7, .NETFramework,Version=v4.7.1, .NETFramework,Version=v4.7.2, .NETFramework,Version=v4.8, .NETFramework,Version=v4.8.1' instead of the project target framework 'net8.0'. This package may not be fully compatible with your project.
C:\Users\ultra\warewolf\Dev\Dev2.Runtime\Dev2.Runtime.csproj : warning NU1701: Package 'ReactiveUI.WPF 18.4.1' was restored using '.NETFramework,Version=v4.6.1, .NETFramework,Version=v4.6.2, .NETFramework,Version=v4.7, .NETFramework,Version=v4.7.1, .NETFramework,Version=v4.7.2, .NETFramework,Version=v4.8, .NETFramework,Version=v4.8.1' instead of the project target framework 'net8.0'. This package may not be fully compatible with your project.
C:\Users\ultra\warewolf\Dev\Dev2.Runtime\Dev2.Runtime.csproj : warning NU1701: Package 'TaskSchedulerEditor 2.10.1' was restored using '.NETFramework,Version=v4.6.1, .NETFramework,Version=v4.6.2, .NETFramework,Version=v4.7, .NETFramework,Version=v4.7.1, .NETFramework,Version=v4.7.2, .NETFramework,Version=v4.8, .NETFramework,Version=v4.8.1' instead of the project target framework 'net8.0'. This package may not be fully compatible with your project.
C:\Users\ultra\warewolf\Dev\Dev2.Data\Dev2.Data.csproj : warning NU1701: Package 'AeroWizard 2.3.1' was restored using '.NETFramework,Version=v4.6.1, .NETFramework,Version=v4.6.2, .NETFramework,Version=v4.7, .NETFramework,Version=v4.7.1, .NETFramework,Version=v4.7.2, .NETFramework,Version=v4.8, .NETFramework,Version=v4.8.1' instead of the project target framework 'net8.0'. This package may not be fully compatible with your project.
C:\Users\ultra\warewolf\Dev\Dev2.Data\Dev2.Data.csproj : warning NU1701: Package 'GroupControls 1.9.0' was restored using '.NETFramework,Version=v4.6.1, .NETFramework,Version=v4.6.2, .NETFramework,Version=v4.7, .NETFramework,Version=v4.7.1, .NETFramework,Version=v4.7.2, .NETFramework,Version=v4.8, .NETFramework,Version=v4.8.1' instead of the project target framework 'net8.0'. This package may not be fully compatible with your project.
C:\Users\ultra\warewolf\Dev\Dev2.Data\Dev2.Data.csproj : warning NU1701: Package 'ReactiveUI.WPF 18.4.1' was restored using '.NETFramework,Version=v4.6.1, .NETFramework,Version=v4.6.2, .NETFramework,Version=v4.7, .NETFramework,Version=v4.7.1, .NETFramework,Version=v4.7.2, .NETFramework,Version=v4.8, .NETFramework,Version=v4.8.1' instead of the project target framework 'net8.0'. This package may not be fully compatible with your project.
C:\Users\ultra\warewolf\Dev\Dev2.Data\Dev2.Data.csproj : warning NU1701: Package 'TaskSchedulerEditor 2.10.1' was restored using '.NETFramework,Version=v4.6.1, .NETFramework,Version=v4.6.2, .NETFramework,Version=v4.7, .NETFramework,Version=v4.7.1, .NETFramework,Version=v4.7.2, .NETFramework,Version=v4.8, .NETFramework,Version=v4.8.1' instead of the project target framework 'net8.0'. This package may not be fully compatible with your project.
C:\Users\ultra\warewolf\Dev\Dev2.Activities\Dev2.Activities.csproj : warning NU1903: Package 'Microsoft.Windows.Compatibility' 6.0.0 has a known high severity vulnerability, https://github.com/advisories/GHSA-555c-2p6r-68mm
C:\Users\ultra\warewolf\Dev\Dev2.Common\Dev2.Common.csproj : warning NU1903: Package 'Microsoft.Windows.Compatibility' 6.0.0 has a known high severity vulnerability, https://github.com/advisories/GHSA-555c-2p6r-68mm
C:\Users\ultra\warewolf\Dev\Dev2.Activities\Dev2.Activities.csproj : warning NU1701: Package 'AeroWizard 2.3.1' was restored using '.NETFramework,Version=v4.6.1, .NETFramework,Version=v4.6.2, .NETFramework,Version=v4.7, .NETFramework,Version=v4.7.1, .NETFramework,Version=v4.7.2, .NETFramework,Version=v4.8, .NETFramework,Version=v4.8.1' instead of the project target framework 'net8.0'. This package may not be fully compatible with your project.
C:\Users\ultra\warewolf\Dev\Dev2.Common\Dev2.Common.csproj : warning NU1701: Package 'AeroWizard 2.3.1' was restored using '.NETFramework,Version=v4.6.1, .NETFramework,Version=v4.6.2, .NETFramework,Version=v4.7, .NETFramework,Version=v4.7.1, .NETFramework,Version=v4.7.2, .NETFramework,Version=v4.8, .NETFramework,Version=v4.8.1' instead of the project target framework 'net8.0'. This package may not be fully compatible with your project.
C:\Users\ultra\warewolf\Dev\Dev2.Common\Dev2.Common.csproj : warning NU1701: Package 'GroupControls 1.9.0' was restored using '.NETFramework,Version=v4.6.1, .NETFramework,Version=v4.6.2, .NETFramework,Version=v4.7, .NETFramework,Version=v4.7.1, .NETFramework,Version=v4.7.2, .NETFramework,Version=v4.8, .NETFramework,Version=v4.8.1' instead of the project target framework 'net8.0'. This package may not be fully compatible with your project.
C:\Users\ultra\warewolf\Dev\Dev2.Activities\Dev2.Activities.csproj : warning NU1701: Package 'GroupControls 1.9.0' was restored using '.NETFramework,Version=v4.6.1, .NETFramework,Version=v4.6.2, .NETFramework,Version=v4.7, .NETFramework,Version=v4.7.1, .NETFramework,Version=v4.7.2, .NETFramework,Version=v4.8, .NETFramework,Version=v4.8.1' instead of the project target framework 'net8.0'. This package may not be fully compatible with your project.
C:\Users\ultra\warewolf\Dev\Dev2.Common\Dev2.Common.csproj : warning NU1701: Package 'TaskSchedulerEditor 2.10.1' was restored using '.NETFramework,Version=v4.6.1, .NETFramework,Version=v4.6.2, .NETFramework,Version=v4.7, .NETFramework,Version=v4.7.1, .NETFramework,Version=v4.7.2, .NETFramework,Version=v4.8, .NETFramework,Version=v4.8.1' instead of the project target framework 'net8.0'. This package may not be fully compatible with your project.
C:\Users\ultra\warewolf\Dev\Dev2.Development.Languages\Dev2.Development.Languages.csproj : warning NU1701: Package 'AeroWizard 2.3.1' was restored using '.NETFramework,Version=v4.6.1, .NETFramework,Version=v4.6.2, .NETFramework,Version=v4.7, .NETFramework,Version=v4.7.1, .NETFramework,Version=v4.7.2, .NETFramework,Version=v4.8, .NETFramework,Version=v4.8.1' instead of the project target framework 'net8.0'. This package may not be fully compatible with your project.
C:\Users\ultra\warewolf\Dev\Dev2.Activities\Dev2.Activities.csproj : warning NU1701: Package 'ReactiveUI.WPF 18.4.1' was restored using '.NETFramework,Version=v4.6.1, .NETFramework,Version=v4.6.2, .NETFramework,Version=v4.7, .NETFramework,Version=v4.7.1, .NETFramework,Version=v4.7.2, .NETFramework,Version=v4.8, .NETFramework,Version=v4.8.1' instead of the project target framework 'net8.0'. This package may not be fully compatible with your project.
C:\Users\ultra\warewolf\Dev\Dev2.Development.Languages\Dev2.Development.Languages.csproj : warning NU1701: Package 'GroupControls 1.9.0' was restored using '.NETFramework,Version=v4.6.1, .NETFramework,Version=v4.6.2, .NETFramework,Version=v4.7, .NETFramework,Version=v4.7.1, .NETFramework,Version=v4.7.2, .NETFramework,Version=v4.8, .NETFramework,Version=v4.8.1' instead of the project target framework 'net8.0'. This package may not be fully compatible with your project.
C:\Users\ultra\warewolf\Dev\Dev2.Activities\Dev2.Activities.csproj : warning NU1701: Package 'TaskSchedulerEditor 2.10.1' was restored using '.NETFramework,Version=v4.6.1, .NETFramework,Version=v4.6.2, .NETFramework,Version=v4.7, .NETFramework,Version=v4.7.1, .NETFramework,Version=v4.7.2, .NETFramework,Version=v4.8, .NETFramework,Version=v4.8.1' instead of the project target framework 'net8.0'. This package may not be fully compatible with your project.
C:\Users\ultra\warewolf\Dev\Dev2.Development.Languages\Dev2.Development.Languages.csproj : warning NU1701: Package 'TaskSchedulerEditor 2.10.1' was restored using '.NETFramework,Version=v4.6.1, .NETFramework,Version=v4.6.2, .NETFramework,Version=v4.7, .NETFramework,Version=v4.7.1, .NETFramework,Version=v4.7.2, .NETFramework,Version=v4.8, .NETFramework,Version=v4.8.1' instead of the project target framework 'net8.0'. This package may not be fully compatible with your project.
C:\Users\ultra\warewolf\Dev\Dev2.Core\Dev2.Core.csproj : warning NU1903: Package 'Microsoft.Windows.Compatibility' 6.0.0 has a known high severity vulnerability, https://github.com/advisories/GHSA-555c-2p6r-68mm
C:\Users\ultra\warewolf\Dev\Dev2.Core\Dev2.Core.csproj : warning NU1701: Package 'AeroWizard 2.3.1' was restored using '.NETFramework,Version=v4.6.1, .NETFramework,Version=v4.6.2, .NETFramework,Version=v4.7, .NETFramework,Version=v4.7.1, .NETFramework,Version=v4.7.2, .NETFramework,Version=v4.8, .NETFramework,Version=v4.8.1' instead of the project target framework 'net8.0'. This package may not be fully compatible with your project.
C:\Users\ultra\warewolf\Dev\Dev2.Core\Dev2.Core.csproj : warning NU1701: Package 'GroupControls 1.9.0' was restored using '.NETFramework,Version=v4.6.1, .NETFramework,Version=v4.6.2, .NETFramework,Version=v4.7, .NETFramework,Version=v4.7.1, .NETFramework,Version=v4.7.2, .NETFramework,Version=v4.8, .NETFramework,Version=v4.8.1' instead of the project target framework 'net8.0'. This package may not be fully compatible with your project.
C:\Users\ultra\warewolf\Dev\Dev2.Core\Dev2.Core.csproj : warning NU1701: Package 'ReactiveUI.WPF 18.4.1' was restored using '.NETFramework,Version=v4.6.1, .NETFramework,Version=v4.6.2, .NETFramework,Version=v4.7, .NETFramework,Version=v4.7.1, .NETFramework,Version=v4.7.2, .NETFramework,Version=v4.8, .NETFramework,Version=v4.8.1' instead of the project target framework 'net8.0'. This package may not be fully compatible with your project.
C:\Users\ultra\warewolf\Dev\Dev2.Core\Dev2.Core.csproj : warning NU1701: Package 'TaskSchedulerEditor 2.10.1' was restored using '.NETFramework,Version=v4.6.1, .NETFramework,Version=v4.6.2, .NETFramework,Version=v4.7, .NETFramework,Version=v4.7.1, .NETFramework,Version=v4.7.2, .NETFramework,Version=v4.8, .NETFramework,Version=v4.8.1' instead of the project target framework 'net8.0'. This package may not be fully compatible with your project.
C:\Users\ultra\warewolf\Dev\Dev2.Common.Interfaces\Dev2.Common.Interfaces.csproj : warning NU1903: Package 'Microsoft.Windows.Compatibility' 6.0.0 has a known high severity vulnerability, https://github.com/advisories/GHSA-555c-2p6r-68mm
C:\Users\ultra\warewolf\Dev\Dev2.Common.Interfaces\Dev2.Common.Interfaces.csproj : warning NU1701: Package 'AeroWizard 2.3.1' was restored using '.NETFramework,Version=v4.6.1, .NETFramework,Version=v4.6.2, .NETFramework,Version=v4.7, .NETFramework,Version=v4.7.1, .NETFramework,Version=v4.7.2, .NETFramework,Version=v4.8, .NETFramework,Version=v4.8.1' instead of the project target framework 'net8.0'. This package may not be fully compatible with your project.
C:\Users\ultra\warewolf\Dev\Dev2.Common.Interfaces\Dev2.Common.Interfaces.csproj : warning NU1701: Package 'GroupControls 1.9.0' was restored using '.NETFramework,Version=v4.6.1, .NETFramework,Version=v4.6.2, .NETFramework,Version=v4.7, .NETFramework,Version=v4.7.1, .NETFramework,Version=v4.7.2, .NETFramework,Version=v4.8, .NETFramework,Version=v4.8.1' instead of the project target framework 'net8.0'. This package may not be fully compatible with your project.
C:\Users\ultra\warewolf\Dev\Dev2.Common.Interfaces\Dev2.Common.Interfaces.csproj : warning NU1701: Package 'TaskSchedulerEditor 2.10.1' was restored using '.NETFramework,Version=v4.6.1, .NETFramework,Version=v4.6.2, .NETFramework,Version=v4.7, .NETFramework,Version=v4.7.1, .NETFramework,Version=v4.7.2, .NETFramework,Version=v4.8, .NETFramework,Version=v4.8.1' instead of the project target framework 'net8.0'. This package may not be fully compatible with your project.
C:\Users\ultra\warewolf\Dev\Dev2.Common.Tests\Dev2.Common.Tests.csproj : warning NU1701: Package 'AeroWizard 2.3.1' was restored using '.NETFramework,Version=v4.6.1, .NETFramework,Version=v4.6.2, .NETFramework,Version=v4.7, .NETFramework,Version=v4.7.1, .NETFramework,Version=v4.7.2, .NETFramework,Version=v4.8, .NETFramework,Version=v4.8.1' instead of the project target framework 'net8.0'. This package may not be fully compatible with your project.
C:\Users\ultra\warewolf\Dev\Dev2.Common.Tests\Dev2.Common.Tests.csproj : warning NU1701: Package 'GroupControls 1.9.0' was restored using '.NETFramework,Version=v4.6.1, .NETFramework,Version=v4.6.2, .NETFramework,Version=v4.7, .NETFramework,Version=v4.7.1, .NETFramework,Version=v4.7.2, .NETFramework,Version=v4.8, .NETFramework,Version=v4.8.1' instead of the project target framework 'net8.0'. This package may not be fully compatible with your project.
C:\Users\ultra\warewolf\Dev\Dev2.Common.Tests\Dev2.Common.Tests.csproj : warning NU1701: Package 'Microsoft.Xaml.Behaviors.Wpf 1.1.122' was restored using '.NETFramework,Version=v4.6.1, .NETFramework,Version=v4.6.2, .NETFramework,Version=v4.7, .NETFramework,Version=v4.7.1, .NETFramework,Version=v4.7.2, .NETFramework,Version=v4.8, .NETFramework,Version=v4.8.1' instead of the project target framework 'net8.0'. This package may not be fully compatible with your project.
C:\Users\ultra\warewolf\Dev\Dev2.Common.Tests\Dev2.Common.Tests.csproj : warning NU1701: Package 'Prism.Wpf 9.0.537' was restored using '.NETFramework,Version=v4.6.1, .NETFramework,Version=v4.6.2, .NETFramework,Version=v4.7, .NETFramework,Version=v4.7.1, .NETFramework,Version=v4.7.2, .NETFramework,Version=v4.8, .NETFramework,Version=v4.8.1' instead of the project target framework 'net8.0'. This package may not be fully compatible with your project.
C:\Users\ultra\warewolf\Dev\Dev2.Common.Tests\Dev2.Common.Tests.csproj : warning NU1701: Package 'ReactiveUI.WPF 18.4.1' was restored using '.NETFramework,Version=v4.6.1, .NETFramework,Version=v4.6.2, .NETFramework,Version=v4.7, .NETFramework,Version=v4.7.1, .NETFramework,Version=v4.7.2, .NETFramework,Version=v4.8, .NETFramework,Version=v4.8.1' instead of the project target framework 'net8.0'. This package may not be fully compatible with your project.
C:\Users\ultra\warewolf\Dev\Dev2.Common.Tests\Dev2.Common.Tests.csproj : warning NU1701: Package 'TaskSchedulerEditor 2.10.1' was restored using '.NETFramework,Version=v4.6.1, .NETFramework,Version=v4.6.2, .NETFramework,Version=v4.7, .NETFramework,Version=v4.7.1, .NETFramework,Version=v4.7.2, .NETFramework,Version=v4.8, .NETFramework,Version=v4.8.1' instead of the project target framework 'net8.0'. This package may not be fully compatible with your project.
C:\Users\ultra\warewolf\Dev\Warewolf.Storage.Interfaces\Warewolf.Storage.Interfaces.csproj : warning NU1701: Package 'AeroWizard 2.3.1' was restored using '.NETFramework,Version=v4.6.1, .NETFramework,Version=v4.6.2, .NETFramework,Version=v4.7, .NETFramework,Version=v4.7.1, .NETFramework,Version=v4.7.2, .NETFramework,Version=v4.8, .NETFramework,Version=v4.8.1' instead of the project target framework 'net8.0'. This package may not be fully compatible with your project.
C:\Users\ultra\warewolf\Dev\Warewolf.Storage.Interfaces\Warewolf.Storage.Interfaces.csproj : warning NU1701: Package 'GroupControls 1.9.0' was restored using '.NETFramework,Version=v4.6.1, .NETFramework,Version=v4.6.2, .NETFramework,Version=v4.7, .NETFramework,Version=v4.7.1, .NETFramework,Version=v4.7.2, .NETFramework,Version=v4.8, .NETFramework,Version=v4.8.1' instead of the project target framework 'net8.0'. This package may not be fully compatible with your project.
C:\Users\ultra\warewolf\Dev\Warewolf.Storage.Interfaces\Warewolf.Storage.Interfaces.csproj : warning NU1701: Package 'TaskSchedulerEditor 2.10.1' was restored using '.NETFramework,Version=v4.6.1, .NETFramework,Version=v4.6.2, .NETFramework,Version=v4.7, .NETFramework,Version=v4.7.1, .NETFramework,Version=v4.7.2, .NETFramework,Version=v4.8, .NETFramework,Version=v4.8.1' instead of the project target framework 'net8.0'. This package may not be fully compatible with your project.
  Dev2.Net6.Compatibility -> C:\Users\ultra\warewolf\Dev\Dev2.Net6.Compatibility\bin\Debug\net8.0\Dev2.Net6.Compatibility.dll
C:\Users\ultra\warewolf\Dev\Warewolf.Security\Warewolf.Security.csproj : warning NU1904: Package 'System.Drawing.Common' 4.5.1 has a known critical severity vulnerability, https://github.com/advisories/GHSA-rxg9-xrhp-64gj
C:\Users\ultra\warewolf\Dev\Warewolf.AI.Harness\Warewolf.AI.Harness.csproj : warning NU1701: Package 'AeroWizard 2.3.1' was restored using '.NETFramework,Version=v4.6.1, .NETFramework,Version=v4.6.2, .NETFramework,Version=v4.7, .NETFramework,Version=v4.7.1, .NETFramework,Version=v4.7.2, .NETFramework,Version=v4.8, .NETFramework,Version=v4.8.1' instead of the project target framework 'net8.0'. This package may not be fully compatible with your project.
C:\Users\ultra\warewolf\Dev\Warewolf.AI.Harness\Warewolf.AI.Harness.csproj : warning NU1701: Package 'GroupControls 1.9.0' was restored using '.NETFramework,Version=v4.6.1, .NETFramework,Version=v4.6.2, .NETFramework,Version=v4.7, .NETFramework,Version=v4.7.1, .NETFramework,Version=v4.7.2, .NETFramework,Version=v4.8, .NETFramework,Version=v4.8.1' instead of the project target framework 'net8.0'. This package may not be fully compatible with your project.
C:\Users\ultra\warewolf\Dev\Warewolf.AI.Harness\Warewolf.AI.Harness.csproj : warning NU1701: Package 'TaskSchedulerEditor 2.10.1' was restored using '.NETFramework,Version=v4.6.1, .NETFramework,Version=v4.6.2, .NETFramework,Version=v4.7, .NETFramework,Version=v4.7.1, .NETFramework,Version=v4.7.2, .NETFramework,Version=v4.8, .NETFramework,Version=v4.8.1' instead of the project target framework 'net8.0'. This package may not be fully compatible with your project.
C:\Users\ultra\warewolf\Dev\Dev2.Studio.Interfaces\Dev2.Studio.Interfaces.csproj : warning NU1701: Package 'AeroWizard 2.3.1' was restored using '.NETFramework,Version=v4.6.1, .NETFramework,Version=v4.6.2, .NETFramework,Version=v4.7, .NETFramework,Version=v4.7.1, .NETFramework,Version=v4.7.2, .NETFramework,Version=v4.8, .NETFramework,Version=v4.8.1' instead of the project target framework 'net8.0'. This package may not be fully compatible with your project.
C:\Users\ultra\warewolf\Dev\Dev2.Studio.Interfaces\Dev2.Studio.Interfaces.csproj : warning NU1701: Package 'GroupControls 1.9.0' was restored using '.NETFramework,Version=v4.6.1, .NETFramework,Version=v4.6.2, .NETFramework,Version=v4.7, .NETFramework,Version=v4.7.1, .NETFramework,Version=v4.7.2, .NETFramework,Version=v4.8, .NETFramework,Version=v4.8.1' instead of the project target framework 'net8.0'. This package may not be fully compatible with your project.
C:\Users\ultra\warewolf\Dev\Dev2.Studio.Interfaces\Dev2.Studio.Interfaces.csproj : warning NU1701: Package 'Microsoft.Xaml.Behaviors.Wpf 1.1.122' was restored using '.NETFramework,Version=v4.6.1, .NETFramework,Version=v4.6.2, .NETFramework,Version=v4.7, .NETFramework,Version=v4.7.1, .NETFramework,Version=v4.7.2, .NETFramework,Version=v4.8, .NETFramework,Version=v4.8.1' instead of the project target framework 'net8.0'. This package may not be fully compatible with your project.
C:\Users\ultra\warewolf\Dev\Dev2.Studio.Interfaces\Dev2.Studio.Interfaces.csproj : warning NU1701: Package 'Prism.Wpf 9.0.537' was restored using '.NETFramework,Version=v4.6.1, .NETFramework,Version=v4.6.2, .NETFramework,Version=v4.7, .NETFramework,Version=v4.7.1, .NETFramework,Version=v4.7.2, .NETFramework,Version=v4.8, .NETFramework,Version=v4.8.1' instead of the project target framework 'net8.0'. This package may not be fully compatible with your project.
C:\Users\ultra\warewolf\Dev\Dev2.Studio.Interfaces\Dev2.Studio.Interfaces.csproj : warning NU1701: Package 'ReactiveUI.WPF 18.4.1' was restored using '.NETFramework,Version=v4.6.1, .NETFramework,Version=v4.6.2, .NETFramework,Version=v4.7, .NETFramework,Version=v4.7.1, .NETFramework,Version=v4.7.2, .NETFramework,Version=v4.8, .NETFramework,Version=v4.8.1' instead of the project target framework 'net8.0'. This package may not be fully compatible with your project.
C:\Users\ultra\warewolf\Dev\Dev2.Studio.Interfaces\Dev2.Studio.Interfaces.csproj : warning NU1701: Package 'TaskSchedulerEditor 2.10.1' was restored using '.NETFramework,Version=v4.6.1, .NETFramework,Version=v4.6.2, .NETFramework,Version=v4.7, .NETFramework,Version=v4.7.1, .NETFramework,Version=v4.7.2, .NETFramework,Version=v4.8, .NETFramework,Version=v4.8.1' instead of the project target framework 'net8.0'. This package may not be fully compatible with your project.
C:\Users\ultra\warewolf\Dev\Warewolf.Data\Warewolf.Data.csproj : warning NU1701: Package 'AeroWizard 2.3.1' was restored using '.NETFramework,Version=v4.6.1, .NETFramework,Version=v4.6.2, .NETFramework,Version=v4.7, .NETFramework,Version=v4.7.1, .NETFramework,Version=v4.7.2, .NETFramework,Version=v4.8, .NETFramework,Version=v4.8.1' instead of the project target framework 'net8.0'. This package may not be fully compatible with your project.
C:\Users\ultra\warewolf\Dev\Warewolf.Sharepoint\Warewolf.Sharepoint.csproj : warning NU1701: Package 'AeroWizard 2.3.1' was restored using '.NETFramework,Version=v4.6.1, .NETFramework,Version=v4.6.2, .NETFramework,Version=v4.7, .NETFramework,Version=v4.7.1, .NETFramework,Version=v4.7.2, .NETFramework,Version=v4.8, .NETFramework,Version=v4.8.1' instead of the project target framework 'net8.0'. This package may not be fully compatible with your project.
C:\Users\ultra\warewolf\Dev\Warewolf.Sharepoint\Warewolf.Sharepoint.csproj : warning NU1701: Package 'GroupControls 1.9.0' was restored using '.NETFramework,Version=v4.6.1, .NETFramework,Version=v4.6.2, .NETFramework,Version=v4.7, .NETFramework,Version=v4.7.1, .NETFramework,Version=v4.7.2, .NETFramework,Version=v4.8, .NETFramework,Version=v4.8.1' instead of the project target framework 'net8.0'. This package may not be fully compatible with your project.
C:\Users\ultra\warewolf\Dev\Warewolf.Sharepoint\Warewolf.Sharepoint.csproj : warning NU1701: Package 'ReactiveUI.WPF 18.4.1' was restored using '.NETFramework,Version=v4.6.1, .NETFramework,Version=v4.6.2, .NETFramework,Version=v4.7, .NETFramework,Version=v4.7.1, .NETFramework,Version=v4.7.2, .NETFramework,Version=v4.8, .NETFramework,Version=v4.8.1' instead of the project target framework 'net8.0'. This package may not be fully compatible with your project.
C:\Users\ultra\warewolf\Dev\Warewolf.Sharepoint\Warewolf.Sharepoint.csproj : warning NU1701: Package 'TaskSchedulerEditor 2.10.1' was restored using '.NETFramework,Version=v4.6.1, .NETFramework,Version=v4.6.2, .NETFramework,Version=v4.7, .NETFramework,Version=v4.7.1, .NETFramework,Version=v4.7.2, .NETFramework,Version=v4.8, .NETFramework,Version=v4.8.1' instead of the project target framework 'net8.0'. This package may not be fully compatible with your project.
C:\Users\ultra\warewolf\Dev\Warewolf.Data\Warewolf.Data.csproj : warning NU1701: Package 'GroupControls 1.9.0' was restored using '.NETFramework,Version=v4.6.1, .NETFramework,Version=v4.6.2, .NETFramework,Version=v4.7, .NETFramework,Version=v4.7.1, .NETFramework,Version=v4.7.2, .NETFramework,Version=v4.8, .NETFramework,Version=v4.8.1' instead of the project target framework 'net8.0'. This package may not be fully compatible with your project.
C:\Users\ultra\warewolf\Dev\Warewolf.Data\Warewolf.Data.csproj : warning NU1701: Package 'TaskSchedulerEditor 2.10.1' was restored using '.NETFramework,Version=v4.6.1, .NETFramework,Version=v4.6.2, .NETFramework,Version=v4.7, .NETFramework,Version=v4.7.1, .NETFramework,Version=v4.7.2, .NETFramework,Version=v4.8, .NETFramework,Version=v4.8.1' instead of the project target framework 'net8.0'. This package may not be fully compatible with your project.
C:\Users\ultra\warewolf\Dev\Dev2.Infrastructure.Tests\Dev2.Infrastructure.Tests.csproj : warning NU1701: Package 'AeroWizard 2.3.1' was restored using '.NETFramework,Version=v4.6.1, .NETFramework,Version=v4.6.2, .NETFramework,Version=v4.7, .NETFramework,Version=v4.7.1, .NETFramework,Version=v4.7.2, .NETFramework,Version=v4.8, .NETFramework,Version=v4.8.1' instead of the project target framework 'net8.0'. This package may not be fully compatible with your project.
C:\Users\ultra\warewolf\Dev\Dev2.Infrastructure.Tests\Dev2.Infrastructure.Tests.csproj : warning NU1701: Package 'GroupControls 1.9.0' was restored using '.NETFramework,Version=v4.6.1, .NETFramework,Version=v4.6.2, .NETFramework,Version=v4.7, .NETFramework,Version=v4.7.1, .NETFramework,Version=v4.7.2, .NETFramework,Version=v4.8, .NETFramework,Version=v4.8.1' instead of the project target framework 'net8.0'. This package may not be fully compatible with your project.
C:\Users\ultra\warewolf\Dev\Dev2.Infrastructure.Tests\Dev2.Infrastructure.Tests.csproj : warning NU1701: Package 'Microsoft.Xaml.Behaviors.Wpf 1.1.122' was restored using '.NETFramework,Version=v4.6.1, .NETFramework,Version=v4.6.2, .NETFramework,Version=v4.7, .NETFramework,Version=v4.7.1, .NETFramework,Version=v4.7.2, .NETFramework,Version=v4.8, .NETFramework,Version=v4.8.1' instead of the project target framework 'net8.0'. This package may not be fully compatible with your project.
C:\Users\ultra\warewolf\Dev\Dev2.Infrastructure.Tests\Dev2.Infrastructure.Tests.csproj : warning NU1701: Package 'Prism.Wpf 9.0.537' was restored using '.NETFramework,Version=v4.6.1, .NETFramework,Version=v4.6.2, .NETFramework,Version=v4.7, .NETFramework,Version=v4.7.1, .NETFramework,Version=v4.7.2, .NETFramework,Version=v4.8, .NETFramework,Version=v4.8.1' instead of the project target framework 'net8.0'. This package may not be fully compatible with your project.
C:\Users\ultra\warewolf\Dev\Dev2.Infrastructure.Tests\Dev2.Infrastructure.Tests.csproj : warning NU1701: Package 'ReactiveUI.WPF 18.4.1' was restored using '.NETFramework,Version=v4.6.1, .NETFramework,Version=v4.6.2, .NETFramework,Version=v4.7, .NETFramework,Version=v4.7.1, .NETFramework,Version=v4.7.2, .NETFramework,Version=v4.8, .NETFramework,Version=v4.8.1' instead of the project target framework 'net8.0'. This package may not be fully compatible with your project.
C:\Users\ultra\warewolf\Dev\Dev2.Infrastructure.Tests\Dev2.Infrastructure.Tests.csproj : warning NU1701: Package 'TaskSchedulerEditor 2.10.1' was restored using '.NETFramework,Version=v4.6.1, .NETFramework,Version=v4.6.2, .NETFramework,Version=v4.7, .NETFramework,Version=v4.7.1, .NETFramework,Version=v4.7.2, .NETFramework,Version=v4.8, .NETFramework,Version=v4.8.1' instead of the project target framework 'net8.0'. This package may not be fully compatible with your project.
C:\Users\ultra\warewolf\Dev\Warewolf.Language.Parser\Warewolf.Language.Parser.fsproj : warning NU1504: Duplicate 'PackageReference' items found. Remove the duplicate items or use the Update functionality to ensure a consistent restore behavior. The duplicate 'PackageReference' items are: FSharp.Core 10.1.201, FSharp.Core 4.6.2.
C:\Users\ultra\warewolf\Dev\Dev2.Services.Sql\Dev2.Services.Sql.csproj : warning NU1903: Package 'Oracle.ManagedDataAccess.Core' 3.21.70 has a known high severity vulnerability, https://github.com/advisories/GHSA-5pm2-9mr2-3frq
C:\Users\ultra\warewolf\Dev\Dev2.Services.Sql\Dev2.Services.Sql.csproj : warning NU1701: Package 'AeroWizard 2.3.1' was restored using '.NETFramework,Version=v4.6.1, .NETFramework,Version=v4.6.2, .NETFramework,Version=v4.7, .NETFramework,Version=v4.7.1, .NETFramework,Version=v4.7.2, .NETFramework,Version=v4.8, .NETFramework,Version=v4.8.1' instead of the project target framework 'net8.0'. This package may not be fully compatible with your project.
C:\Users\ultra\warewolf\Dev\Dev2.Services.Sql\Dev2.Services.Sql.csproj : warning NU1701: Package 'GroupControls 1.9.0' was restored using '.NETFramework,Version=v4.6.1, .NETFramework,Version=v4.6.2, .NETFramework,Version=v4.7, .NETFramework,Version=v4.7.1, .NETFramework,Version=v4.7.2, .NETFramework,Version=v4.8, .NETFramework,Version=v4.8.1' instead of the project target framework 'net8.0'. This package may not be fully compatible with your project.
C:\Users\ultra\warewolf\Dev\Dev2.Services.Sql\Dev2.Services.Sql.csproj : warning NU1701: Package 'ReactiveUI.WPF 18.4.1' was restored using '.NETFramework,Version=v4.6.1, .NETFramework,Version=v4.6.2, .NETFramework,Version=v4.7, .NETFramework,Version=v4.7.1, .NETFramework,Version=v4.7.2, .NETFramework,Version=v4.8, .NETFramework,Version=v4.8.1' instead of the project target framework 'net8.0'. This package may not be fully compatible with your project.
C:\Users\ultra\warewolf\Dev\Dev2.Services.Sql\Dev2.Services.Sql.csproj : warning NU1701: Package 'TaskSchedulerEditor 2.10.1' was restored using '.NETFramework,Version=v4.6.1, .NETFramework,Version=v4.6.2, .NETFramework,Version=v4.7, .NETFramework,Version=v4.7.1, .NETFramework,Version=v4.7.2, .NETFramework,Version=v4.8, .NETFramework,Version=v4.8.1' instead of the project target framework 'net8.0'. This package may not be fully compatible with your project.
C:\Users\ultra\warewolf\Dev\Warewolf.Driver.Persistence\Warewolf.Driver.Persistence.csproj : warning NU1701: Package 'AeroWizard 2.3.1' was restored using '.NETFramework,Version=v4.6.1, .NETFramework,Version=v4.6.2, .NETFramework,Version=v4.7, .NETFramework,Version=v4.7.1, .NETFramework,Version=v4.7.2, .NETFramework,Version=v4.8, .NETFramework,Version=v4.8.1' instead of the project target framework 'net8.0'. This package may not be fully compatible with your project.
C:\Users\ultra\warewolf\Dev\Warewolf.Driver.Persistence\Warewolf.Driver.Persistence.csproj : warning NU1701: Package 'GroupControls 1.9.0' was restored using '.NETFramework,Version=v4.6.1, .NETFramework,Version=v4.6.2, .NETFramework,Version=v4.7, .NETFramework,Version=v4.7.1, .NETFramework,Version=v4.7.2, .NETFramework,Version=v4.8, .NETFramework,Version=v4.8.1' instead of the project target framework 'net8.0'. This package may not be fully compatible with your project.
C:\Users\ultra\warewolf\Dev\Warewolf.Driver.Persistence\Warewolf.Driver.Persistence.csproj : warning NU1701: Package 'ReactiveUI.WPF 18.4.1' was restored using '.NETFramework,Version=v4.6.1, .NETFramework,Version=v4.6.2, .NETFramework,Version=v4.7, .NETFramework,Version=v4.7.1, .NETFramework,Version=v4.7.2, .NETFramework,Version=v4.8, .NETFramework,Version=v4.8.1' instead of the project target framework 'net8.0'. This package may not be fully compatible with your project.
C:\Users\ultra\warewolf\Dev\Warewolf.Driver.Persistence\Warewolf.Driver.Persistence.csproj : warning NU1701: Package 'TaskSchedulerEditor 2.10.1' was restored using '.NETFramework,Version=v4.6.1, .NETFramework,Version=v4.6.2, .NETFramework,Version=v4.7, .NETFramework,Version=v4.7.1, .NETFramework,Version=v4.7.2, .NETFramework,Version=v4.8, .NETFramework,Version=v4.8.1' instead of the project target framework 'net8.0'. This package may not be fully compatible with your project.
C:\Users\ultra\warewolf\Dev\Dev2.Util\Dev2.Util.csproj : warning NU1903: Package 'Microsoft.Windows.Compatibility' 6.0.0 has a known high severity vulnerability, https://github.com/advisories/GHSA-555c-2p6r-68mm
C:\Users\ultra\warewolf\Dev\Dev2.Util\Dev2.Util.csproj : warning NU1701: Package 'AeroWizard 2.3.1' was restored using '.NETFramework,Version=v4.6.1, .NETFramework,Version=v4.6.2, .NETFramework,Version=v4.7, .NETFramework,Version=v4.7.1, .NETFramework,Version=v4.7.2, .NETFramework,Version=v4.8, .NETFramework,Version=v4.8.1' instead of the project target framework 'net8.0'. This package may not be fully compatible with your project.
C:\Users\ultra\warewolf\Dev\Warewolf.Storage\Warewolf.Storage.csproj : warning NU1701: Package 'AeroWizard 2.3.1' was restored using '.NETFramework,Version=v4.6.1, .NETFramework,Version=v4.6.2, .NETFramework,Version=v4.7, .NETFramework,Version=v4.7.1, .NETFramework,Version=v4.7.2, .NETFramework,Version=v4.8, .NETFramework,Version=v4.8.1' instead of the project target framework 'net8.0'. This package may not be fully compatible with your project.
C:\Users\ultra\warewolf\Dev\Dev2.Util\Dev2.Util.csproj : warning NU1701: Package 'GroupControls 1.9.0' was restored using '.NETFramework,Version=v4.6.1, .NETFramework,Version=v4.6.2, .NETFramework,Version=v4.7, .NETFramework,Version=v4.7.1, .NETFramework,Version=v4.7.2, .NETFramework,Version=v4.8, .NETFramework,Version=v4.8.1' instead of the project target framework 'net8.0'. This package may not be fully compatible with your project.
C:\Users\ultra\warewolf\Dev\Warewolf.Storage\Warewolf.Storage.csproj : warning NU1701: Package 'GroupControls 1.9.0' was restored using '.NETFramework,Version=v4.6.1, .NETFramework,Version=v4.6.2, .NETFramework,Version=v4.7, .NETFramework,Version=v4.7.1, .NETFramework,Version=v4.7.2, .NETFramework,Version=v4.8, .NETFramework,Version=v4.8.1' instead of the project target framework 'net8.0'. This package may not be fully compatible with your project.
C:\Users\ultra\warewolf\Dev\Dev2.Util\Dev2.Util.csproj : warning NU1701: Package 'TaskSchedulerEditor 2.10.1' was restored using '.NETFramework,Version=v4.6.1, .NETFramework,Version=v4.6.2, .NETFramework,Version=v4.7, .NETFramework,Version=v4.7.1, .NETFramework,Version=v4.7.2, .NETFramework,Version=v4.8, .NETFramework,Version=v4.8.1' instead of the project target framework 'net8.0'. This package may not be fully compatible with your project.
C:\Users\ultra\warewolf\Dev\Warewolf.Storage\Warewolf.Storage.csproj : warning NU1701: Package 'ReactiveUI.WPF 18.4.1' was restored using '.NETFramework,Version=v4.6.1, .NETFramework,Version=v4.6.2, .NETFramework,Version=v4.7, .NETFramework,Version=v4.7.1, .NETFramework,Version=v4.7.2, .NETFramework,Version=v4.8, .NETFramework,Version=v4.8.1' instead of the project target framework 'net8.0'. This package may not be fully compatible with your project.
C:\Users\ultra\warewolf\Dev\Warewolf.Storage\Warewolf.Storage.csproj : warning NU1701: Package 'TaskSchedulerEditor 2.10.1' was restored using '.NETFramework,Version=v4.6.1, .NETFramework,Version=v4.6.2, .NETFramework,Version=v4.7, .NETFramework,Version=v4.7.1, .NETFramework,Version=v4.7.2, .NETFramework,Version=v4.8, .NETFramework,Version=v4.8.1' instead of the project target framework 'net8.0'. This package may not be fully compatible with your project.
C:\Users\ultra\warewolf\Dev\Dev2.Runtime.Configuration\Dev2.Runtime.Configuration.csproj : warning NU1903: Package 'Microsoft.Windows.Compatibility' 6.0.0 has a known high severity vulnerability, https://github.com/advisories/GHSA-555c-2p6r-68mm
C:\Users\ultra\warewolf\Dev\Dev2.Runtime.Configuration\Dev2.Runtime.Configuration.csproj : warning NU1701: Package 'AeroWizard 2.3.1' was restored using '.NETFramework,Version=v4.6.1, .NETFramework,Version=v4.6.2, .NETFramework,Version=v4.7, .NETFramework,Version=v4.7.1, .NETFramework,Version=v4.7.2, .NETFramework,Version=v4.8, .NETFramework,Version=v4.8.1' instead of the project target framework 'net8.0'. This package may not be fully compatible with your project.
C:\Users\ultra\warewolf\Dev\Dev2.Runtime.Configuration\Dev2.Runtime.Configuration.csproj : warning NU1701: Package 'GroupControls 1.9.0' was restored using '.NETFramework,Version=v4.6.1, .NETFramework,Version=v4.6.2, .NETFramework,Version=v4.7, .NETFramework,Version=v4.7.1, .NETFramework,Version=v4.7.2, .NETFramework,Version=v4.8, .NETFramework,Version=v4.8.1' instead of the project target framework 'net8.0'. This package may not be fully compatible with your project.
C:\Users\ultra\warewolf\Dev\Dev2.Runtime.Configuration\Dev2.Runtime.Configuration.csproj : warning NU1701: Package 'TaskSchedulerEditor 2.10.1' was restored using '.NETFramework,Version=v4.6.1, .NETFramework,Version=v4.6.2, .NETFramework,Version=v4.7, .NETFramework,Version=v4.7.1, .NETFramework,Version=v4.7.2, .NETFramework,Version=v4.8, .NETFramework,Version=v4.8.1' instead of the project target framework 'net8.0'. This package may not be fully compatible with your project.
C:\Users\ultra\warewolf\Dev\Warewolf.Common.NetStandard20\Warewolf.Common.NetStandard20.csproj : warning NU1701: Package 'AeroWizard 2.3.1' was restored using '.NETFramework,Version=v4.6.1, .NETFramework,Version=v4.6.2, .NETFramework,Version=v4.7, .NETFramework,Version=v4.7.1, .NETFramework,Version=v4.7.2, .NETFramework,Version=v4.8, .NETFramework,Version=v4.8.1' instead of the project target framework 'net8.0'. This package may not be fully compatible with your project.
C:\Users\ultra\warewolf\Dev\Warewolf.Common.NetStandard20\Warewolf.Common.NetStandard20.csproj : warning NU1701: Package 'GroupControls 1.9.0' was restored using '.NETFramework,Version=v4.6.1, .NETFramework,Version=v4.6.2, .NETFramework,Version=v4.7, .NETFramework,Version=v4.7.1, .NETFramework,Version=v4.7.2, .NETFramework,Version=v4.8, .NETFramework,Version=v4.8.1' instead of the project target framework 'net8.0'. This package may not be fully compatible with your project.
C:\Users\ultra\warewolf\Dev\Warewolf.Common.NetStandard20\Warewolf.Common.NetStandard20.csproj : warning NU1701: Package 'ReactiveUI.WPF 18.4.1' was restored using '.NETFramework,Version=v4.6.1, .NETFramework,Version=v4.6.2, .NETFramework,Version=v4.7, .NETFramework,Version=v4.7.1, .NETFramework,Version=v4.7.2, .NETFramework,Version=v4.8, .NETFramework,Version=v4.8.1' instead of the project target framework 'net8.0'. This package may not be fully compatible with your project.
C:\Users\ultra\warewolf\Dev\Warewolf.Common.NetStandard20\Warewolf.Common.NetStandard20.csproj : warning NU1701: Package 'TaskSchedulerEditor 2.10.1' was restored using '.NETFramework,Version=v4.6.1, .NETFramework,Version=v4.6.2, .NETFramework,Version=v4.7, .NETFramework,Version=v4.7.1, .NETFramework,Version=v4.7.2, .NETFramework,Version=v4.8, .NETFramework,Version=v4.8.1' instead of the project target framework 'net8.0'. This package may not be fully compatible with your project.
C:\Users\ultra\warewolf\Dev\Dev2.Infrastructure\Dev2.Infrastructure.csproj : warning NU1903: Package 'Microsoft.Windows.Compatibility' 6.0.0 has a known high severity vulnerability, https://github.com/advisories/GHSA-555c-2p6r-68mm
C:\Users\ultra\warewolf\Dev\Dev2.Infrastructure\Dev2.Infrastructure.csproj : warning NU1701: Package 'AeroWizard 2.3.1' was restored using '.NETFramework,Version=v4.6.1, .NETFramework,Version=v4.6.2, .NETFramework,Version=v4.7, .NETFramework,Version=v4.7.1, .NETFramework,Version=v4.7.2, .NETFramework,Version=v4.8, .NETFramework,Version=v4.8.1' instead of the project target framework 'net8.0'. This package may not be fully compatible with your project.
C:\Users\ultra\warewolf\Dev\Dev2.Infrastructure\Dev2.Infrastructure.csproj : warning NU1701: Package 'GroupControls 1.9.0' was restored using '.NETFramework,Version=v4.6.1, .NETFramework,Version=v4.6.2, .NETFramework,Version=v4.7, .NETFramework,Version=v4.7.1, .NETFramework,Version=v4.7.2, .NETFramework,Version=v4.8, .NETFramework,Version=v4.8.1' instead of the project target framework 'net8.0'. This package may not be fully compatible with your project.
C:\Users\ultra\warewolf\Dev\Dev2.Infrastructure\Dev2.Infrastructure.csproj : warning NU1701: Package 'ReactiveUI.WPF 18.4.1' was restored using '.NETFramework,Version=v4.6.1, .NETFramework,Version=v4.6.2, .NETFramework,Version=v4.7, .NETFramework,Version=v4.7.1, .NETFramework,Version=v4.7.2, .NETFramework,Version=v4.8, .NETFramework,Version=v4.8.1' instead of the project target framework 'net8.0'. This package may not be fully compatible with your project.
C:\Users\ultra\warewolf\Dev\Dev2.Infrastructure\Dev2.Infrastructure.csproj : warning NU1701: Package 'TaskSchedulerEditor 2.10.1' was restored using '.NETFramework,Version=v4.6.1, .NETFramework,Version=v4.6.2, .NETFramework,Version=v4.7, .NETFramework,Version=v4.7.1, .NETFramework,Version=v4.7.2, .NETFramework,Version=v4.8, .NETFramework,Version=v4.8.1' instead of the project target framework 'net8.0'. This package may not be fully compatible with your project.
C:\Users\ultra\warewolf\Dev\Dev2.TaskScheduler.Wrappers\Dev2.TaskScheduler.Wrappers.csproj : warning NU1701: Package 'AeroWizard 2.3.1' was restored using '.NETFramework,Version=v4.6.1, .NETFramework,Version=v4.6.2, .NETFramework,Version=v4.7, .NETFramework,Version=v4.7.1, .NETFramework,Version=v4.7.2, .NETFramework,Version=v4.8, .NETFramework,Version=v4.8.1' instead of the project target framework 'net8.0'. This package may not be fully compatible with your project.
C:\Users\ultra\warewolf\Dev\Dev2.TaskScheduler.Wrappers\Dev2.TaskScheduler.Wrappers.csproj : warning NU1701: Package 'GroupControls 1.9.0' was restored using '.NETFramework,Version=v4.6.1, .NETFramework,Version=v4.6.2, .NETFramework,Version=v4.7, .NETFramework,Version=v4.7.1, .NETFramework,Version=v4.7.2, .NETFramework,Version=v4.8, .NETFramework,Version=v4.8.1' instead of the project target framework 'net8.0'. This package may not be fully compatible with your project.
C:\Users\ultra\warewolf\Dev\Dev2.TaskScheduler.Wrappers\Dev2.TaskScheduler.Wrappers.csproj : warning NU1701: Package 'TaskSchedulerEditor 2.10.1' was restored using '.NETFramework,Version=v4.6.1, .NETFramework,Version=v4.6.2, .NETFramework,Version=v4.7, .NETFramework,Version=v4.7.1, .NETFramework,Version=v4.7.2, .NETFramework,Version=v4.8, .NETFramework,Version=v4.8.1' instead of the project target framework 'net8.0'. This package may not be fully compatible with your project.
C:\Users\ultra\warewolf\Dev\Warewolf.Testing\Warewolf.Testing.csproj : warning NU1701: Package 'AeroWizard 2.3.1' was restored using '.NETFramework,Version=v4.6.1, .NETFramework,Version=v4.6.2, .NETFramework,Version=v4.7, .NETFramework,Version=v4.7.1, .NETFramework,Version=v4.7.2, .NETFramework,Version=v4.8, .NETFramework,Version=v4.8.1' instead of the project target framework 'net8.0'. This package may not be fully compatible with your project.
C:\Users\ultra\warewolf\Dev\Warewolf.Testing\Warewolf.Testing.csproj : warning NU1701: Package 'GroupControls 1.9.0' was restored using '.NETFramework,Version=v4.6.1, .NETFramework,Version=v4.6.2, .NETFramework,Version=v4.7, .NETFramework,Version=v4.7.1, .NETFramework,Version=v4.7.2, .NETFramework,Version=v4.8, .NETFramework,Version=v4.8.1' instead of the project target framework 'net8.0'. This package may not be fully compatible with your project.
C:\Users\ultra\warewolf\Dev\Warewolf.Testing\Warewolf.Testing.csproj : warning NU1701: Package 'Microsoft.Xaml.Behaviors.Wpf 1.1.122' was restored using '.NETFramework,Version=v4.6.1, .NETFramework,Version=v4.6.2, .NETFramework,Version=v4.7, .NETFramework,Version=v4.7.1, .NETFramework,Version=v4.7.2, .NETFramework,Version=v4.8, .NETFramework,Version=v4.8.1' instead of the project target framework 'net8.0'. This package may not be fully compatible with your project.
C:\Users\ultra\warewolf\Dev\Warewolf.Testing\Warewolf.Testing.csproj : warning NU1701: Package 'Prism.Wpf 9.0.537' was restored using '.NETFramework,Version=v4.6.1, .NETFramework,Version=v4.6.2, .NETFramework,Version=v4.7, .NETFramework,Version=v4.7.1, .NETFramework,Version=v4.7.2, .NETFramework,Version=v4.8, .NETFramework,Version=v4.8.1' instead of the project target framework 'net8.0'. This package may not be fully compatible with your project.
C:\Users\ultra\warewolf\Dev\Warewolf.Testing\Warewolf.Testing.csproj : warning NU1701: Package 'ReactiveUI.WPF 18.4.1' was restored using '.NETFramework,Version=v4.6.1, .NETFramework,Version=v4.6.2, .NETFramework,Version=v4.7, .NETFramework,Version=v4.7.1, .NETFramework,Version=v4.7.2, .NETFramework,Version=v4.8, .NETFramework,Version=v4.8.1' instead of the project target framework 'net8.0'. This package may not be fully compatible with your project.
C:\Users\ultra\warewolf\Dev\Warewolf.Testing\Warewolf.Testing.csproj : warning NU1701: Package 'TaskSchedulerEditor 2.10.1' was restored using '.NETFramework,Version=v4.6.1, .NETFramework,Version=v4.6.2, .NETFramework,Version=v4.7, .NETFramework,Version=v4.7.1, .NETFramework,Version=v4.7.2, .NETFramework,Version=v4.8, .NETFramework,Version=v4.8.1' instead of the project target framework 'net8.0'. This package may not be fully compatible with your project.
  Log4Net.Async -> C:\Users\ultra\warewolf\Dev\Log4Net.Async\bin\Debug\net8.0\Log4Net.Async.dll
C:\Users\ultra\warewolf\Dev\Warewolf.Common\Warewolf.Common.csproj : warning NU1701: Package 'AeroWizard 2.3.1' was restored using '.NETFramework,Version=v4.6.1, .NETFramework,Version=v4.6.2, .NETFramework,Version=v4.7, .NETFramework,Version=v4.7.1, .NETFramework,Version=v4.7.2, .NETFramework,Version=v4.8, .NETFramework,Version=v4.8.1' instead of the project target framework 'net8.0'. This package may not be fully compatible with your project.
C:\Users\ultra\warewolf\Dev\Warewolf.Common\Warewolf.Common.csproj : warning NU1701: Package 'GroupControls 1.9.0' was restored using '.NETFramework,Version=v4.6.1, .NETFramework,Version=v4.6.2, .NETFramework,Version=v4.7, .NETFramework,Version=v4.7.1, .NETFramework,Version=v4.7.2, .NETFramework,Version=v4.8, .NETFramework,Version=v4.8.1' instead of the project target framework 'net8.0'. This package may not be fully compatible with your project.
C:\Users\ultra\warewolf\Dev\Warewolf.Common\Warewolf.Common.csproj : warning NU1701: Package 'TaskSchedulerEditor 2.10.1' was restored using '.NETFramework,Version=v4.6.1, .NETFramework,Version=v4.6.2, .NETFramework,Version=v4.7, .NETFramework,Version=v4.7.1, .NETFramework,Version=v4.7.2, .NETFramework,Version=v4.8, .NETFramework,Version=v4.8.1' instead of the project target framework 'net8.0'. This package may not be fully compatible with your project.
  ConsoleAppToTestExecuteCommandLineActivity -> C:\Users\ultra\warewolf\Dev\ConsoleAppToTestExecuteCommandLineActivity\bin\Debug\net8.0\linux-x64\ConsoleAppToTestExecuteCommandLineActivity.dll
  SpecFlowFeatureFiles: 
  -> Using default config
  SpecFlowGeneratedFiles: 
C:\Users\ultra\warewolf\Dev\Warewolf.Core.Tests\Warewolf.Core.Tests.csproj : warning NU1701: Package 'AeroWizard 2.3.1' was restored using '.NETFramework,Version=v4.6.1, .NETFramework,Version=v4.6.2, .NETFramework,Version=v4.7, .NETFramework,Version=v4.7.1, .NETFramework,Version=v4.7.2, .NETFramework,Version=v4.8, .NETFramework,Version=v4.8.1' instead of the project target framework 'net8.0'. This package may not be fully compatible with your project.
C:\Users\ultra\warewolf\Dev\Warewolf.Core.Tests\Warewolf.Core.Tests.csproj : warning NU1701: Package 'GroupControls 1.9.0' was restored using '.NETFramework,Version=v4.6.1, .NETFramework,Version=v4.6.2, .NETFramework,Version=v4.7, .NETFramework,Version=v4.7.1, .NETFramework,Version=v4.7.2, .NETFramework,Version=v4.8, .NETFramework,Version=v4.8.1' instead of the project target framework 'net8.0'. This package may not be fully compatible with your project.
C:\Users\ultra\warewolf\Dev\Warewolf.Core.Tests\Warewolf.Core.Tests.csproj : warning NU1701: Package 'Microsoft.Xaml.Behaviors.Wpf 1.1.122' was restored using '.NETFramework,Version=v4.6.1, .NETFramework,Version=v4.6.2, .NETFramework,Version=v4.7, .NETFramework,Version=v4.7.1, .NETFramework,Version=v4.7.2, .NETFramework,Version=v4.8, .NETFramework,Version=v4.8.1' instead of the project target framework 'net8.0'. This package may not be fully compatible with your project.
C:\Users\ultra\warewolf\Dev\Warewolf.Core.Tests\Warewolf.Core.Tests.csproj : warning NU1701: Package 'Prism.Wpf 9.0.537' was restored using '.NETFramework,Version=v4.6.1, .NETFramework,Version=v4.6.2, .NETFramework,Version=v4.7, .NETFramework,Version=v4.7.1, .NETFramework,Version=v4.7.2, .NETFramework,Version=v4.8, .NETFramework,Version=v4.8.1' instead of the project target framework 'net8.0'. This package may not be fully compatible with your project.
C:\Users\ultra\warewolf\Dev\Warewolf.Core.Tests\Warewolf.Core.Tests.csproj : warning NU1701: Package 'ReactiveUI.WPF 18.4.1' was restored using '.NETFramework,Version=v4.6.1, .NETFramework,Version=v4.6.2, .NETFramework,Version=v4.7, .NETFramework,Version=v4.7.1, .NETFramework,Version=v4.7.2, .NETFramework,Version=v4.8, .NETFramework,Version=v4.8.1' instead of the project target framework 'net8.0'. This package may not be fully compatible with your project.
C:\Users\ultra\warewolf\Dev\Warewolf.Core.Tests\Warewolf.Core.Tests.csproj : warning NU1701: Package 'TaskSchedulerEditor 2.10.1' was restored using '.NETFramework,Version=v4.6.1, .NETFramework,Version=v4.6.2, .NETFramework,Version=v4.7, .NETFramework,Version=v4.7.1, .NETFramework,Version=v4.7.2, .NETFramework,Version=v4.8, .NETFramework,Version=v4.8.1' instead of the project target framework 'net8.0'. This package may not be fully compatible with your project.
C:\Users\ultra\warewolf\Dev\Warewolf.Auditing\Warewolf.Auditing.csproj : warning NU1701: Package 'AeroWizard 2.3.1' was restored using '.NETFramework,Version=v4.6.1, .NETFramework,Version=v4.6.2, .NETFramework,Version=v4.7, .NETFramework,Version=v4.7.1, .NETFramework,Version=v4.7.2, .NETFramework,Version=v4.8, .NETFramework,Version=v4.8.1' instead of the project target framework 'net8.0'. This package may not be fully compatible with your project.
C:\Users\ultra\warewolf\Dev\Warewolf.Auditing\Warewolf.Auditing.csproj : warning NU1701: Package 'GroupControls 1.9.0' was restored using '.NETFramework,Version=v4.6.1, .NETFramework,Version=v4.6.2, .NETFramework,Version=v4.7, .NETFramework,Version=v4.7.1, .NETFramework,Version=v4.7.2, .NETFramework,Version=v4.8, .NETFramework,Version=v4.8.1' instead of the project target framework 'net8.0'. This package may not be fully compatible with your project.
C:\Users\ultra\warewolf\Dev\Warewolf.Auditing\Warewolf.Auditing.csproj : warning NU1701: Package 'ReactiveUI.WPF 18.4.1' was restored using '.NETFramework,Version=v4.6.1, .NETFramework,Version=v4.6.2, .NETFramework,Version=v4.7, .NETFramework,Version=v4.7.1, .NETFramework,Version=v4.7.2, .NETFramework,Version=v4.8, .NETFramework,Version=v4.8.1' instead of the project target framework 'net8.0'. This package may not be fully compatible with your project.
C:\Users\ultra\warewolf\Dev\Warewolf.Auditing\Warewolf.Auditing.csproj : warning NU1701: Package 'TaskSchedulerEditor 2.10.1' was restored using '.NETFramework,Version=v4.6.1, .NETFramework,Version=v4.6.2, .NETFramework,Version=v4.7, .NETFramework,Version=v4.7.1, .NETFramework,Version=v4.7.2, .NETFramework,Version=v4.8, .NETFramework,Version=v4.8.1' instead of the project target framework 'net8.0'. This package may not be fully compatible with your project.
C:\Users\ultra\warewolf\Dev\Dev2.SignalR.Wrappers.New\Dev2.SignalR.Wrappers.New.csproj : warning NU1701: Package 'AeroWizard 2.3.1' was restored using '.NETFramework,Version=v4.6.1, .NETFramework,Version=v4.6.2, .NETFramework,Version=v4.7, .NETFramework,Version=v4.7.1, .NETFramework,Version=v4.7.2, .NETFramework,Version=v4.8, .NETFramework,Version=v4.8.1' instead of the project target framework 'net8.0'. This package may not be fully compatible with your project.
C:\Users\ultra\warewolf\Dev\Dev2.SignalR.Wrappers.New\Dev2.SignalR.Wrappers.New.csproj : warning NU1701: Package 'GroupControls 1.9.0' was restored using '.NETFramework,Version=v4.6.1, .NETFramework,Version=v4.6.2, .NETFramework,Version=v4.7, .NETFramework,Version=v4.7.1, .NETFramework,Version=v4.7.2, .NETFramework,Version=v4.8, .NETFramework,Version=v4.8.1' instead of the project target framework 'net8.0'. This package may not be fully compatible with your project.
C:\Users\ultra\warewolf\Dev\Dev2.SignalR.Wrappers.New\Dev2.SignalR.Wrappers.New.csproj : warning NU1701: Package 'ReactiveUI.WPF 18.4.1' was restored using '.NETFramework,Version=v4.6.1, .NETFramework,Version=v4.6.2, .NETFramework,Version=v4.7, .NETFramework,Version=v4.7.1, .NETFramework,Version=v4.7.2, .NETFramework,Version=v4.8, .NETFramework,Version=v4.8.1' instead of the project target framework 'net8.0'. This package may not be fully compatible with your project.
C:\Users\ultra\warewolf\Dev\Dev2.SignalR.Wrappers.New\Dev2.SignalR.Wrappers.New.csproj : warning NU1701: Package 'TaskSchedulerEditor 2.10.1' was restored using '.NETFramework,Version=v4.6.1, .NETFramework,Version=v4.6.2, .NETFramework,Version=v4.7, .NETFramework,Version=v4.7.1, .NETFramework,Version=v4.7.2, .NETFramework,Version=v4.8, .NETFramework,Version=v4.8.1' instead of the project target framework 'net8.0'. This package may not be fully compatible with your project.
C:\Users\ultra\warewolf\Dev\Dev2.Studio.Core\Dev2.Studio.Core.csproj : warning NU1701: Package 'AeroWizard 2.3.1' was restored using '.NETFramework,Version=v4.6.1, .NETFramework,Version=v4.6.2, .NETFramework,Version=v4.7, .NETFramework,Version=v4.7.1, .NETFramework,Version=v4.7.2, .NETFramework,Version=v4.8, .NETFramework,Version=v4.8.1' instead of the project target framework 'net8.0'. This package may not be fully compatible with your project.
C:\Users\ultra\warewolf\Dev\Dev2.Studio.Core\Dev2.Studio.Core.csproj : warning NU1701: Package 'GroupControls 1.9.0' was restored using '.NETFramework,Version=v4.6.1, .NETFramework,Version=v4.6.2, .NETFramework,Version=v4.7, .NETFramework,Version=v4.7.1, .NETFramework,Version=v4.7.2, .NETFramework,Version=v4.8, .NETFramework,Version=v4.8.1' instead of the project target framework 'net8.0'. This package may not be fully compatible with your project.
C:\Users\ultra\warewolf\Dev\Dev2.Studio.Core\Dev2.Studio.Core.csproj : warning NU1701: Package 'Microsoft.Xaml.Behaviors.Wpf 1.1.122' was restored using '.NETFramework,Version=v4.6.1, .NETFramework,Version=v4.6.2, .NETFramework,Version=v4.7, .NETFramework,Version=v4.7.1, .NETFramework,Version=v4.7.2, .NETFramework,Version=v4.8, .NETFramework,Version=v4.8.1' instead of the project target framework 'net8.0'. This package may not be fully compatible with your project.
C:\Users\ultra\warewolf\Dev\Dev2.Studio.Core\Dev2.Studio.Core.csproj : warning NU1701: Package 'Prism.Wpf 9.0.537' was restored using '.NETFramework,Version=v4.6.1, .NETFramework,Version=v4.6.2, .NETFramework,Version=v4.7, .NETFramework,Version=v4.7.1, .NETFramework,Version=v4.7.2, .NETFramework,Version=v4.8, .NETFramework,Version=v4.8.1' instead of the project target framework 'net8.0'. This package may not be fully compatible with your project.
C:\Users\ultra\warewolf\Dev\Dev2.Studio.Core\Dev2.Studio.Core.csproj : warning NU1701: Package 'ReactiveUI.WPF 18.4.1' was restored using '.NETFramework,Version=v4.6.1, .NETFramework,Version=v4.6.2, .NETFramework,Version=v4.7, .NETFramework,Version=v4.7.1, .NETFramework,Version=v4.7.2, .NETFramework,Version=v4.8, .NETFramework,Version=v4.8.1' instead of the project target framework 'net8.0'. This package may not be fully compatible with your project.
C:\Users\ultra\warewolf\Dev\Dev2.Studio.Core\Dev2.Studio.Core.csproj : warning NU1701: Package 'TaskSchedulerEditor 2.10.1' was restored using '.NETFramework,Version=v4.6.1, .NETFramework,Version=v4.6.2, .NETFramework,Version=v4.7, .NETFramework,Version=v4.7.1, .NETFramework,Version=v4.7.2, .NETFramework,Version=v4.8, .NETFramework,Version=v4.8.1' instead of the project target framework 'net8.0'. This package may not be fully compatible with your project.
C:\Users\ultra\warewolf\Dev\Warewolf.Core\Warewolf.Core.csproj : warning NU1903: Package 'Microsoft.Windows.Compatibility' 6.0.0 has a known high severity vulnerability, https://github.com/advisories/GHSA-555c-2p6r-68mm
C:\Users\ultra\warewolf\Dev\Warewolf.Core\Warewolf.Core.csproj : warning NU1701: Package 'AeroWizard 2.3.1' was restored using '.NETFramework,Version=v4.6.1, .NETFramework,Version=v4.6.2, .NETFramework,Version=v4.7, .NETFramework,Version=v4.7.1, .NETFramework,Version=v4.7.2, .NETFramework,Version=v4.8, .NETFramework,Version=v4.8.1' instead of the project target framework 'net8.0'. This package may not be fully compatible with your project.
C:\Users\ultra\warewolf\Dev\Warewolf.Core\Warewolf.Core.csproj : warning NU1701: Package 'GroupControls 1.9.0' was restored using '.NETFramework,Version=v4.6.1, .NETFramework,Version=v4.6.2, .NETFramework,Version=v4.7, .NETFramework,Version=v4.7.1, .NETFramework,Version=v4.7.2, .NETFramework,Version=v4.8, .NETFramework,Version=v4.8.1' instead of the project target framework 'net8.0'. This package may not be fully compatible with your project.
C:\Users\ultra\warewolf\Dev\Warewolf.Core\Warewolf.Core.csproj : warning NU1701: Package 'ReactiveUI.WPF 18.4.1' was restored using '.NETFramework,Version=v4.6.1, .NETFramework,Version=v4.6.2, .NETFramework,Version=v4.7, .NETFramework,Version=v4.7.1, .NETFramework,Version=v4.7.2, .NETFramework,Version=v4.8, .NETFramework,Version=v4.8.1' instead of the project target framework 'net8.0'. This package may not be fully compatible with your project.
C:\Users\ultra\warewolf\Dev\Warewolf.Core\Warewolf.Core.csproj : warning NU1701: Package 'TaskSchedulerEditor 2.10.1' was restored using '.NETFramework,Version=v4.6.1, .NETFramework,Version=v4.6.2, .NETFramework,Version=v4.7, .NETFramework,Version=v4.7.1, .NETFramework,Version=v4.7.2, .NETFramework,Version=v4.8, .NETFramework,Version=v4.8.1' instead of the project target framework 'net8.0'. This package may not be fully compatible with your project.
C:\Users\ultra\warewolf\Dev\Warewolf.Exchange.Email.Wrapper\Warewolf.Exchange.Email.Wrapper.csproj : warning NU1701: Package 'AeroWizard 2.3.1' was restored using '.NETFramework,Version=v4.6.1, .NETFramework,Version=v4.6.2, .NETFramework,Version=v4.7, .NETFramework,Version=v4.7.1, .NETFramework,Version=v4.7.2, .NETFramework,Version=v4.8, .NETFramework,Version=v4.8.1' instead of the project target framework 'net8.0'. This package may not be fully compatible with your project.
C:\Users\ultra\warewolf\Dev\Warewolf.Exchange.Email.Wrapper\Warewolf.Exchange.Email.Wrapper.csproj : warning NU1701: Package 'GroupControls 1.9.0' was restored using '.NETFramework,Version=v4.6.1, .NETFramework,Version=v4.6.2, .NETFramework,Version=v4.7, .NETFramework,Version=v4.7.1, .NETFramework,Version=v4.7.2, .NETFramework,Version=v4.8, .NETFramework,Version=v4.8.1' instead of the project target framework 'net8.0'. This package may not be fully compatible with your project.
C:\Users\ultra\warewolf\Dev\Warewolf.Exchange.Email.Wrapper\Warewolf.Exchange.Email.Wrapper.csproj : warning NU1701: Package 'ReactiveUI.WPF 18.4.1' was restored using '.NETFramework,Version=v4.6.1, .NETFramework,Version=v4.6.2, .NETFramework,Version=v4.7, .NETFramework,Version=v4.7.1, .NETFramework,Version=v4.7.2, .NETFramework,Version=v4.8, .NETFramework,Version=v4.8.1' instead of the project target framework 'net8.0'. This package may not be fully compatible with your project.
C:\Users\ultra\warewolf\Dev\Warewolf.Exchange.Email.Wrapper\Warewolf.Exchange.Email.Wrapper.csproj : warning NU1701: Package 'TaskSchedulerEditor 2.10.1' was restored using '.NETFramework,Version=v4.6.1, .NETFramework,Version=v4.6.2, .NETFramework,Version=v4.7, .NETFramework,Version=v4.7.1, .NETFramework,Version=v4.7.2, .NETFramework,Version=v4.8, .NETFramework,Version=v4.8.1' instead of the project target framework 'net8.0'. This package may not be fully compatible with your project.
  Warewolf.TestingDotnetDllCascading -> C:\Users\ultra\warewolf\Dev\Warewolf.TestingDotnetDllCascading\bin\Debug\net8.0\Warewolf.TestingDotnetDllCascading.dll
C:\Users\ultra\warewolf\Dev\Warewolf.ResourceManagement\Warewolf.ResourceManagement.csproj : warning NU1701: Package 'AeroWizard 2.3.1' was restored using '.NETFramework,Version=v4.6.1, .NETFramework,Version=v4.6.2, .NETFramework,Version=v4.7, .NETFramework,Version=v4.7.1, .NETFramework,Version=v4.7.2, .NETFramework,Version=v4.8, .NETFramework,Version=v4.8.1' instead of the project target framework 'net8.0'. This package may not be fully compatible with your project.
C:\Users\ultra\warewolf\Dev\Warewolf.ResourceManagement\Warewolf.ResourceManagement.csproj : warning NU1701: Package 'GroupControls 1.9.0' was restored using '.NETFramework,Version=v4.6.1, .NETFramework,Version=v4.6.2, .NETFramework,Version=v4.7, .NETFramework,Version=v4.7.1, .NETFramework,Version=v4.7.2, .NETFramework,Version=v4.8, .NETFramework,Version=v4.8.1' instead of the project target framework 'net8.0'. This package may not be fully compatible with your project.
C:\Users\ultra\warewolf\Dev\Warewolf.ResourceManagement\Warewolf.ResourceManagement.csproj : warning NU1701: Package 'ReactiveUI.WPF 18.4.1' was restored using '.NETFramework,Version=v4.6.1, .NETFramework,Version=v4.6.2, .NETFramework,Version=v4.7, .NETFramework,Version=v4.7.1, .NETFramework,Version=v4.7.2, .NETFramework,Version=v4.8, .NETFramework,Version=v4.8.1' instead of the project target framework 'net8.0'. This package may not be fully compatible with your project.
C:\Users\ultra\warewolf\Dev\Warewolf.ResourceManagement\Warewolf.ResourceManagement.csproj : warning NU1701: Package 'TaskSchedulerEditor 2.10.1' was restored using '.NETFramework,Version=v4.6.1, .NETFramework,Version=v4.6.2, .NETFramework,Version=v4.7, .NETFramework,Version=v4.7.1, .NETFramework,Version=v4.7.2, .NETFramework,Version=v4.8, .NETFramework,Version=v4.8.1' instead of the project target framework 'net8.0'. This package may not be fully compatible with your project.
  Warewolf.Weave -> C:\Users\ultra\warewolf\Dev\Warewolf.Weave\bin\Debug\net8.0\Warewolf.Weave.dll
  Warewolf.Common.Interfaces.NetStandard20 -> C:\Users\ultra\warewolf\Dev\Warewolf.Common.Interfaces.NetStandard20\bin\Debug\net8.0\Warewolf.Common.Interfaces.NetStandard20.dll
C:\Program Files\dotnet\sdk\10.0.201\Sdks\Microsoft.NET.Sdk\targets\Microsoft.NET.Sdk.DefaultItems.targets(162,5): warning NETSDK1137: It is no longer necessary to use the Microsoft.NET.Sdk.WindowsDesktop SDK. Consider changing the Sdk attribute of the root Project element to 'Microsoft.NET.Sdk'. [C:\Users\ultra\warewolf\Dev\Dev2.CustomControls\Dev2.CustomControls.csproj]
C:\Program Files\dotnet\sdk\10.0.201\Sdks\Microsoft.NET.Sdk.WindowsDesktop\targets\Microsoft.NET.Sdk.WindowsDesktop.targets(138,5): warning NETSDK1106: Microsoft.NET.Sdk.WindowsDesktop requires 'UseWpf' or 'UseWindowsForms' to be set to 'true' [C:\Users\ultra\warewolf\Dev\Dev2.CustomControls\Dev2.CustomControls.csproj]
C:\Users\ultra\warewolf\Dev\Dev2.CustomControls\Dev2.CustomControls.csproj : warning NU1903: Package 'Microsoft.Windows.Compatibility' 6.0.0 has a known high severity vulnerability, https://github.com/advisories/GHSA-555c-2p6r-68mm
C:\Users\ultra\warewolf\Dev\Dev2.CustomControls\Dev2.CustomControls.csproj : warning NU1701: Package 'AeroWizard 2.3.1' was restored using '.NETFramework,Version=v4.6.1, .NETFramework,Version=v4.6.2, .NETFramework,Version=v4.7, .NETFramework,Version=v4.7.1, .NETFramework,Version=v4.7.2, .NETFramework,Version=v4.8, .NETFramework,Version=v4.8.1' instead of the project target framework 'net8.0'. This package may not be fully compatible with your project.
C:\Users\ultra\warewolf\Dev\Dev2.CustomControls\Dev2.CustomControls.csproj : warning NU1701: Package 'GroupControls 1.9.0' was restored using '.NETFramework,Version=v4.6.1, .NETFramework,Version=v4.6.2, .NETFramework,Version=v4.7, .NETFramework,Version=v4.7.1, .NETFramework,Version=v4.7.2, .NETFramework,Version=v4.8, .NETFramework,Version=v4.8.1' instead of the project target framework 'net8.0'. This package may not be fully compatible with your project.
C:\Users\ultra\warewolf\Dev\Dev2.CustomControls\Dev2.CustomControls.csproj : warning NU1701: Package 'TaskSchedulerEditor 2.10.1' was restored using '.NETFramework,Version=v4.6.1, .NETFramework,Version=v4.6.2, .NETFramework,Version=v4.7, .NETFramework,Version=v4.7.1, .NETFramework,Version=v4.7.2, .NETFramework,Version=v4.8, .NETFramework,Version=v4.8.1' instead of the project target framework 'net8.0'. This package may not be fully compatible with your project.
C:\Users\ultra\warewolf\Dev\Warewolf.Security\Encryption\AESThenHMAC.cs(168,34): warning SYSLIB0021: 'AesManaged' is obsolete: 'Derived cryptographic types are obsolete. Use the Create method on the base type instead.' (https://aka.ms/dotnet-warnings/SYSLIB0021) [C:\Users\ultra\warewolf\Dev\Warewolf.Security\Warewolf.Security.csproj]
C:\Users\ultra\warewolf\Dev\Warewolf.Security\Encryption\AESThenHMAC.cs(264,38): warning SYSLIB0021: 'AesManaged' is obsolete: 'Derived cryptographic types are obsolete. Use the Create method on the base type instead.' (https://aka.ms/dotnet-warnings/SYSLIB0021) [C:\Users\ultra\warewolf\Dev\Warewolf.Security\Warewolf.Security.csproj]
C:\Users\ultra\warewolf\Dev\Warewolf.Security\Encryption\AESThenHMAC.cs(331,36): warning SYSLIB0041: 'Rfc2898DeriveBytes.Rfc2898DeriveBytes(string, int, int)' is obsolete: 'The default hash algorithm and iteration counts in Rfc2898DeriveBytes constructors are outdated and insecure. Use a constructor that accepts the hash algorithm and the number of iterations.' (https://aka.ms/dotnet-warnings/SYSLIB0041) [C:\Users\ultra\warewolf\Dev\Warewolf.Security\Warewolf.Security.csproj]
C:\Users\ultra\warewolf\Dev\Warewolf.Security\Encryption\AESThenHMAC.cs(345,36): warning SYSLIB0041: 'Rfc2898DeriveBytes.Rfc2898DeriveBytes(string, int, int)' is obsolete: 'The default hash algorithm and iteration counts in Rfc2898DeriveBytes constructors are outdated and insecure. Use a constructor that accepts the hash algorithm and the number of iterations.' (https://aka.ms/dotnet-warnings/SYSLIB0041) [C:\Users\ultra\warewolf\Dev\Warewolf.Security\Warewolf.Security.csproj]
C:\Users\ultra\warewolf\Dev\Warewolf.Security\Encryption\AESThenHMAC.cs(393,36): warning SYSLIB0041: 'Rfc2898DeriveBytes.Rfc2898DeriveBytes(string, byte[], int)' is obsolete: 'The default hash algorithm and iteration counts in Rfc2898DeriveBytes constructors are outdated and insecure. Use a constructor that accepts the hash algorithm and the number of iterations.' (https://aka.ms/dotnet-warnings/SYSLIB0041) [C:\Users\ultra\warewolf\Dev\Warewolf.Security\Warewolf.Security.csproj]
C:\Users\ultra\warewolf\Dev\Warewolf.Security\Encryption\AESThenHMAC.cs(398,36): warning SYSLIB0041: 'Rfc2898DeriveBytes.Rfc2898DeriveBytes(string, byte[], int)' is obsolete: 'The default hash algorithm and iteration counts in Rfc2898DeriveBytes constructors are outdated and insecure. Use a constructor that accepts the hash algorithm and the number of iterations.' (https://aka.ms/dotnet-warnings/SYSLIB0041) [C:\Users\ultra\warewolf\Dev\Warewolf.Security\Warewolf.Security.csproj]
  Warewolf.Resource -> C:\Users\ultra\warewolf\Dev\Warewolf.Resource\bin\Debug\net8.0\Warewolf.Resource.dll
  Warewolf.Security -> C:\Users\ultra\warewolf\Dev\Warewolf.Security\bin\Debug\net8.0\Warewolf.Security.dll
C:\Users\ultra\warewolf\Dev\Dev2.Runtime.Services\Dev2.Runtime.Services.csproj : warning NU1902: Package 'MessagePack' 2.4.59 has a known moderate severity vulnerability, https://github.com/advisories/GHSA-4qm4-8hg2-g2xm
C:\Users\ultra\warewolf\Dev\Dev2.Runtime.Services\Dev2.Runtime.Services.csproj : warning NU1903: Package 'Microsoft.Windows.Compatibility' 6.0.0 has a known high severity vulnerability, https://github.com/advisories/GHSA-555c-2p6r-68mm
C:\Users\ultra\warewolf\Dev\Dev2.Runtime.Services\Dev2.Runtime.Services.csproj : warning NU1701: Package 'AeroWizard 2.3.1' was restored using '.NETFramework,Version=v4.6.1, .NETFramework,Version=v4.6.2, .NETFramework,Version=v4.7, .NETFramework,Version=v4.7.1, .NETFramework,Version=v4.7.2, .NETFramework,Version=v4.8, .NETFramework,Version=v4.8.1' instead of the project target framework 'net8.0'. This package may not be fully compatible with your project.
C:\Users\ultra\warewolf\Dev\Dev2.Runtime.Services\Dev2.Runtime.Services.csproj : warning NU1701: Package 'GroupControls 1.9.0' was restored using '.NETFramework,Version=v4.6.1, .NETFramework,Version=v4.6.2, .NETFramework,Version=v4.7, .NETFramework,Version=v4.7.1, .NETFramework,Version=v4.7.2, .NETFramework,Version=v4.8, .NETFramework,Version=v4.8.1' instead of the project target framework 'net8.0'. This package may not be fully compatible with your project.
C:\Users\ultra\warewolf\Dev\Dev2.Runtime.Services\Dev2.Runtime.Services.csproj : warning NU1701: Package 'ReactiveUI.WPF 18.4.1' was restored using '.NETFramework,Version=v4.6.1, .NETFramework,Version=v4.6.2, .NETFramework,Version=v4.7, .NETFramework,Version=v4.7.1, .NETFramework,Version=v4.7.2, .NETFramework,Version=v4.8, .NETFramework,Version=v4.8.1' instead of the project target framework 'net8.0'. This package may not be fully compatible with your project.
C:\Users\ultra\warewolf\Dev\Dev2.Runtime.Services\Dev2.Runtime.Services.csproj : warning NU1701: Package 'TaskSchedulerEditor 2.10.1' was restored using '.NETFramework,Version=v4.6.1, .NETFramework,Version=v4.6.2, .NETFramework,Version=v4.7, .NETFramework,Version=v4.7.1, .NETFramework,Version=v4.7.2, .NETFramework,Version=v4.8, .NETFramework,Version=v4.8.1' instead of the project target framework 'net8.0'. This package may not be fully compatible with your project.
C:\Users\ultra\warewolf\Dev\Warewolf.Common.Framework48\Warewolf.Common.Framework48.csproj : warning NU1902: Package 'System.IdentityModel.Tokens.Jwt' 5.1.0 has a known moderate severity vulnerability, https://github.com/advisories/GHSA-59j7-ghrg-fj52
C:\Users\ultra\warewolf\Dev\Warewolf.Common.Framework48\Warewolf.Common.Framework48.csproj : warning NU1701: Package 'AeroWizard 2.3.1' was restored using '.NETFramework,Version=v4.6.1, .NETFramework,Version=v4.6.2, .NETFramework,Version=v4.7, .NETFramework,Version=v4.7.1, .NETFramework,Version=v4.7.2, .NETFramework,Version=v4.8, .NETFramework,Version=v4.8.1' instead of the project target framework 'net8.0'. This package may not be fully compatible with your project.
C:\Users\ultra\warewolf\Dev\Warewolf.Common.Framework48\Warewolf.Common.Framework48.csproj : warning NU1701: Package 'GroupControls 1.9.0' was restored using '.NETFramework,Version=v4.6.1, .NETFramework,Version=v4.6.2, .NETFramework,Version=v4.7, .NETFramework,Version=v4.7.1, .NETFramework,Version=v4.7.2, .NETFramework,Version=v4.8, .NETFramework,Version=v4.8.1' instead of the project target framework 'net8.0'. This package may not be fully compatible with your project.
C:\Users\ultra\warewolf\Dev\Warewolf.Common.Framework48\Warewolf.Common.Framework48.csproj : warning NU1701: Package 'Microsoft.Xaml.Behaviors.Wpf 1.1.122' was restored using '.NETFramework,Version=v4.6.1, .NETFramework,Version=v4.6.2, .NETFramework,Version=v4.7, .NETFramework,Version=v4.7.1, .NETFramework,Version=v4.7.2, .NETFramework,Version=v4.8, .NETFramework,Version=v4.8.1' instead of the project target framework 'net8.0'. This package may not be fully compatible with your project.
C:\Users\ultra\warewolf\Dev\Warewolf.Common.Framework48\Warewolf.Common.Framework48.csproj : warning NU1701: Package 'Prism.Wpf 9.0.537' was restored using '.NETFramework,Version=v4.6.1, .NETFramework,Version=v4.6.2, .NETFramework,Version=v4.7, .NETFramework,Version=v4.7.1, .NETFramework,Version=v4.7.2, .NETFramework,Version=v4.8, .NETFramework,Version=v4.8.1' instead of the project target framework 'net8.0'. This package may not be fully compatible with your project.
C:\Users\ultra\warewolf\Dev\Warewolf.Common.Framework48\Warewolf.Common.Framework48.csproj : warning NU1701: Package 'ReactiveUI.WPF 18.4.1' was restored using '.NETFramework,Version=v4.6.1, .NETFramework,Version=v4.6.2, .NETFramework,Version=v4.7, .NETFramework,Version=v4.7.1, .NETFramework,Version=v4.7.2, .NETFramework,Version=v4.8, .NETFramework,Version=v4.8.1' instead of the project target framework 'net8.0'. This package may not be fully compatible with your project.
C:\Users\ultra\warewolf\Dev\Warewolf.Common.Framework48\Warewolf.Common.Framework48.csproj : warning NU1701: Package 'TaskSchedulerEditor 2.10.1' was restored using '.NETFramework,Version=v4.6.1, .NETFramework,Version=v4.6.2, .NETFramework,Version=v4.7, .NETFramework,Version=v4.7.1, .NETFramework,Version=v4.7.2, .NETFramework,Version=v4.8, .NETFramework,Version=v4.8.1' instead of the project target framework 'net8.0'. This package may not be fully compatible with your project.
  Warewolf.ServiceDefinitions -> C:\Users\ultra\warewolf\Dev\Warewolf.ServiceDefinitions\bin\Debug\net8.0\Warewolf.ServiceDefinitions.dll
C:\Users\ultra\warewolf\Dev\Dev2.Runtime.WebServer\Dev2.Runtime.WebServer.csproj : warning NU1902: Package 'System.IdentityModel.Tokens.Jwt' 5.1.0 has a known moderate severity vulnerability, https://github.com/advisories/GHSA-59j7-ghrg-fj52
  Dev2.SignalR.Wrappers.Interfaces -> C:\Users\ultra\warewolf\Dev\Dev2.SignalR.Wrappers\bin\Debug\net8.0\Dev2.SignalR.Wrappers.dll
C:\Users\ultra\warewolf\Dev\Dev2.Runtime.WebServer\Dev2.Runtime.WebServer.csproj : warning NU1701: Package 'AeroWizard 2.3.1' was restored using '.NETFramework,Version=v4.6.1, .NETFramework,Version=v4.6.2, .NETFramework,Version=v4.7, .NETFramework,Version=v4.7.1, .NETFramework,Version=v4.7.2, .NETFramework,Version=v4.8, .NETFramework,Version=v4.8.1' instead of the project target framework 'net8.0'. This package may not be fully compatible with your project.
C:\Users\ultra\warewolf\Dev\Dev2.Runtime.WebServer\Dev2.Runtime.WebServer.csproj : warning NU1701: Package 'GroupControls 1.9.0' was restored using '.NETFramework,Version=v4.6.1, .NETFramework,Version=v4.6.2, .NETFramework,Version=v4.7, .NETFramework,Version=v4.7.1, .NETFramework,Version=v4.7.2, .NETFramework,Version=v4.8, .NETFramework,Version=v4.8.1' instead of the project target framework 'net8.0'. This package may not be fully compatible with your project.
C:\Users\ultra\warewolf\Dev\Dev2.Runtime.WebServer\Dev2.Runtime.WebServer.csproj : warning NU1701: Package 'Microsoft.Xaml.Behaviors.Wpf 1.1.122' was restored using '.NETFramework,Version=v4.6.1, .NETFramework,Version=v4.6.2, .NETFramework,Version=v4.7, .NETFramework,Version=v4.7.1, .NETFramework,Version=v4.7.2, .NETFramework,Version=v4.8, .NETFramework,Version=v4.8.1' instead of the project target framework 'net8.0'. This package may not be fully compatible with your project.
C:\Users\ultra\warewolf\Dev\Dev2.Runtime.WebServer\Dev2.Runtime.WebServer.csproj : warning NU1701: Package 'Prism.Wpf 9.0.537' was restored using '.NETFramework,Version=v4.6.1, .NETFramework,Version=v4.6.2, .NETFramework,Version=v4.7, .NETFramework,Version=v4.7.1, .NETFramework,Version=v4.7.2, .NETFramework,Version=v4.8, .NETFramework,Version=v4.8.1' instead of the project target framework 'net8.0'. This package may not be fully compatible with your project.
C:\Users\ultra\warewolf\Dev\Dev2.Runtime.WebServer\Dev2.Runtime.WebServer.csproj : warning NU1701: Package 'ReactiveUI.WPF 18.4.1' was restored using '.NETFramework,Version=v4.6.1, .NETFramework,Version=v4.6.2, .NETFramework,Version=v4.7, .NETFramework,Version=v4.7.1, .NETFramework,Version=v4.7.2, .NETFramework,Version=v4.8, .NETFramework,Version=v4.8.1' instead of the project target framework 'net8.0'. This package may not be fully compatible with your project.
C:\Users\ultra\warewolf\Dev\Dev2.Runtime.WebServer\Dev2.Runtime.WebServer.csproj : warning NU1701: Package 'TaskSchedulerEditor 2.10.1' was restored using '.NETFramework,Version=v4.6.1, .NETFramework,Version=v4.6.2, .NETFramework,Version=v4.7, .NETFramework,Version=v4.7.1, .NETFramework,Version=v4.7.2, .NETFramework,Version=v4.8, .NETFramework,Version=v4.8.1' instead of the project target framework 'net8.0'. This package may not be fully compatible with your project.
C:\Users\ultra\warewolf\Dev\Dev2.Scheduler\Dev2.Scheduler.csproj : warning NU1701: Package 'AeroWizard 2.3.1' was restored using '.NETFramework,Version=v4.6.1, .NETFramework,Version=v4.6.2, .NETFramework,Version=v4.7, .NETFramework,Version=v4.7.1, .NETFramework,Version=v4.7.2, .NETFramework,Version=v4.8, .NETFramework,Version=v4.8.1' instead of the project target framework 'net8.0'. This package may not be fully compatible with your project.
C:\Users\ultra\warewolf\Dev\Dev2.Scheduler\Dev2.Scheduler.csproj : warning NU1701: Package 'GroupControls 1.9.0' was restored using '.NETFramework,Version=v4.6.1, .NETFramework,Version=v4.6.2, .NETFramework,Version=v4.7, .NETFramework,Version=v4.7.1, .NETFramework,Version=v4.7.2, .NETFramework,Version=v4.8, .NETFramework,Version=v4.8.1' instead of the project target framework 'net8.0'. This package may not be fully compatible with your project.
C:\Users\ultra\warewolf\Dev\Dev2.Scheduler\Dev2.Scheduler.csproj : warning NU1701: Package 'ReactiveUI.WPF 18.4.1' was restored using '.NETFramework,Version=v4.6.1, .NETFramework,Version=v4.6.2, .NETFramework,Version=v4.7, .NETFramework,Version=v4.7.1, .NETFramework,Version=v4.7.2, .NETFramework,Version=v4.8, .NETFramework,Version=v4.8.1' instead of the project target framework 'net8.0'. This package may not be fully compatible with your project.
C:\Users\ultra\warewolf\Dev\Dev2.Scheduler\Dev2.Scheduler.csproj : warning NU1701: Package 'TaskSchedulerEditor 2.10.1' was restored using '.NETFramework,Version=v4.6.1, .NETFramework,Version=v4.6.2, .NETFramework,Version=v4.7, .NETFramework,Version=v4.7.1, .NETFramework,Version=v4.7.2, .NETFramework,Version=v4.8, .NETFramework,Version=v4.8.1' instead of the project target framework 'net8.0'. This package may not be fully compatible with your project.
C:\Program Files\dotnet\sdk\10.0.201\Sdks\Microsoft.NET.Sdk\targets\Microsoft.NET.Sdk.DefaultItems.targets(162,5): warning NETSDK1137: It is no longer necessary to use the Microsoft.NET.Sdk.WindowsDesktop SDK. Consider changing the Sdk attribute of the root Project element to 'Microsoft.NET.Sdk'. [C:\Users\ultra\warewolf\Dev\Warewolf.Studio.Core\Warewolf.Studio.Core.csproj]
C:\Program Files\dotnet\sdk\10.0.201\Sdks\Microsoft.NET.Sdk.WindowsDesktop\targets\Microsoft.NET.Sdk.WindowsDesktop.targets(138,5): warning NETSDK1106: Microsoft.NET.Sdk.WindowsDesktop requires 'UseWpf' or 'UseWindowsForms' to be set to 'true' [C:\Users\ultra\warewolf\Dev\Warewolf.Studio.Core\Warewolf.Studio.Core.csproj]
C:\Users\ultra\warewolf\Dev\Warewolf.Driver.Serilog\Warewolf.Driver.Serilog.csproj : warning NU1701: Package 'AeroWizard 2.3.1' was restored using '.NETFramework,Version=v4.6.1, .NETFramework,Version=v4.6.2, .NETFramework,Version=v4.7, .NETFramework,Version=v4.7.1, .NETFramework,Version=v4.7.2, .NETFramework,Version=v4.8, .NETFramework,Version=v4.8.1' instead of the project target framework 'net8.0'. This package may not be fully compatible with your project.
C:\Users\ultra\warewolf\Dev\Warewolf.Driver.Serilog\Warewolf.Driver.Serilog.csproj : warning NU1701: Package 'GroupControls 1.9.0' was restored using '.NETFramework,Version=v4.6.1, .NETFramework,Version=v4.6.2, .NETFramework,Version=v4.7, .NETFramework,Version=v4.7.1, .NETFramework,Version=v4.7.2, .NETFramework,Version=v4.8, .NETFramework,Version=v4.8.1' instead of the project target framework 'net8.0'. This package may not be fully compatible with your project.
C:\Users\ultra\warewolf\Dev\Warewolf.Driver.Serilog\Warewolf.Driver.Serilog.csproj : warning NU1701: Package 'ReactiveUI.WPF 18.4.1' was restored using '.NETFramework,Version=v4.6.1, .NETFramework,Version=v4.6.2, .NETFramework,Version=v4.7, .NETFramework,Version=v4.7.1, .NETFramework,Version=v4.7.2, .NETFramework,Version=v4.8, .NETFramework,Version=v4.8.1' instead of the project target framework 'net8.0'. This package may not be fully compatible with your project.
C:\Users\ultra\warewolf\Dev\Warewolf.Driver.Serilog\Warewolf.Driver.Serilog.csproj : warning NU1701: Package 'TaskSchedulerEditor 2.10.1' was restored using '.NETFramework,Version=v4.6.1, .NETFramework,Version=v4.6.2, .NETFramework,Version=v4.7, .NETFramework,Version=v4.7.1, .NETFramework,Version=v4.7.2, .NETFramework,Version=v4.8, .NETFramework,Version=v4.8.1' instead of the project target framework 'net8.0'. This package may not be fully compatible with your project.
C:\Users\ultra\warewolf\Dev\Warewolf.Studio.Core\Warewolf.Studio.Core.csproj : warning NU1701: Package 'AeroWizard 2.3.1' was restored using '.NETFramework,Version=v4.6.1, .NETFramework,Version=v4.6.2, .NETFramework,Version=v4.7, .NETFramework,Version=v4.7.1, .NETFramework,Version=v4.7.2, .NETFramework,Version=v4.8, .NETFramework,Version=v4.8.1' instead of the project target framework 'net8.0'. This package may not be fully compatible with your project.
C:\Users\ultra\warewolf\Dev\Warewolf.Studio.Core\Warewolf.Studio.Core.csproj : warning NU1701: Package 'GroupControls 1.9.0' was restored using '.NETFramework,Version=v4.6.1, .NETFramework,Version=v4.6.2, .NETFramework,Version=v4.7, .NETFramework,Version=v4.7.1, .NETFramework,Version=v4.7.2, .NETFramework,Version=v4.8, .NETFramework,Version=v4.8.1' instead of the project target framework 'net8.0'. This package may not be fully compatible with your project.
C:\Users\ultra\warewolf\Dev\Warewolf.Studio.Core\Warewolf.Studio.Core.csproj : warning NU1701: Package 'Microsoft.Xaml.Behaviors.Wpf 1.1.122' was restored using '.NETFramework,Version=v4.6.1, .NETFramework,Version=v4.6.2, .NETFramework,Version=v4.7, .NETFramework,Version=v4.7.1, .NETFramework,Version=v4.7.2, .NETFramework,Version=v4.8, .NETFramework,Version=v4.8.1' instead of the project target framework 'net8.0'. This package may not be fully compatible with your project.
C:\Users\ultra\warewolf\Dev\Warewolf.Studio.Core\Warewolf.Studio.Core.csproj : warning NU1701: Package 'Prism.Wpf 9.0.537' was restored using '.NETFramework,Version=v4.6.1, .NETFramework,Version=v4.6.2, .NETFramework,Version=v4.7, .NETFramework,Version=v4.7.1, .NETFramework,Version=v4.7.2, .NETFramework,Version=v4.8, .NETFramework,Version=v4.8.1' instead of the project target framework 'net8.0'. This package may not be fully compatible with your project.
C:\Users\ultra\warewolf\Dev\Warewolf.Studio.Core\Warewolf.Studio.Core.csproj : warning NU1701: Package 'ReactiveUI.WPF 18.4.1' was restored using '.NETFramework,Version=v4.6.1, .NETFramework,Version=v4.6.2, .NETFramework,Version=v4.7, .NETFramework,Version=v4.7.1, .NETFramework,Version=v4.7.2, .NETFramework,Version=v4.8, .NETFramework,Version=v4.8.1' instead of the project target framework 'net8.0'. This package may not be fully compatible with your project.
C:\Users\ultra\warewolf\Dev\Warewolf.Studio.Core\Warewolf.Studio.Core.csproj : warning NU1701: Package 'TaskSchedulerEditor 2.10.1' was restored using '.NETFramework,Version=v4.6.1, .NETFramework,Version=v4.6.2, .NETFramework,Version=v4.7, .NETFramework,Version=v4.7.1, .NETFramework,Version=v4.7.2, .NETFramework,Version=v4.8, .NETFramework,Version=v4.8.1' instead of the project target framework 'net8.0'. This package may not be fully compatible with your project.
  Warewolf.Studio.Resources -> C:\Users\ultra\warewolf\Dev\Warewolf.Studio.Resources\bin\Debug\net8.0\Warewolf.Studio.Resources.dll
C:\Users\ultra\warewolf\Dev\Dev2.Infrastructure.Tests\Dev2.Infrastructure.Tests.csproj : warning NU1701: Package 'AeroWizard 2.3.1' was restored using '.NETFramework,Version=v4.6.1, .NETFramework,Version=v4.6.2, .NETFramework,Version=v4.7, .NETFramework,Version=v4.7.1, .NETFramework,Version=v4.7.2, .NETFramework,Version=v4.8, .NETFramework,Version=v4.8.1' instead of the project target framework 'net8.0'. This package may not be fully compatible with your project.
C:\Users\ultra\warewolf\Dev\Dev2.Infrastructure.Tests\Dev2.Infrastructure.Tests.csproj : warning NU1701: Package 'GroupControls 1.9.0' was restored using '.NETFramework,Version=v4.6.1, .NETFramework,Version=v4.6.2, .NETFramework,Version=v4.7, .NETFramework,Version=v4.7.1, .NETFramework,Version=v4.7.2, .NETFramework,Version=v4.8, .NETFramework,Version=v4.8.1' instead of the project target framework 'net8.0'. This package may not be fully compatible with your project.
C:\Users\ultra\warewolf\Dev\Dev2.Infrastructure.Tests\Dev2.Infrastructure.Tests.csproj : warning NU1701: Package 'Microsoft.Xaml.Behaviors.Wpf 1.1.122' was restored using '.NETFramework,Version=v4.6.1, .NETFramework,Version=v4.6.2, .NETFramework,Version=v4.7, .NETFramework,Version=v4.7.1, .NETFramework,Version=v4.7.2, .NETFramework,Version=v4.8, .NETFramework,Version=v4.8.1' instead of the project target framework 'net8.0'. This package may not be fully compatible with your project.
C:\Users\ultra\warewolf\Dev\Dev2.Infrastructure.Tests\Dev2.Infrastructure.Tests.csproj : warning NU1701: Package 'Prism.Wpf 9.0.537' was restored using '.NETFramework,Version=v4.6.1, .NETFramework,Version=v4.6.2, .NETFramework,Version=v4.7, .NETFramework,Version=v4.7.1, .NETFramework,Version=v4.7.2, .NETFramework,Version=v4.8, .NETFramework,Version=v4.8.1' instead of the project target framework 'net8.0'. This package may not be fully compatible with your project.
C:\Users\ultra\warewolf\Dev\Dev2.Infrastructure.Tests\Dev2.Infrastructure.Tests.csproj : warning NU1701: Package 'ReactiveUI.WPF 18.4.1' was restored using '.NETFramework,Version=v4.6.1, .NETFramework,Version=v4.6.2, .NETFramework,Version=v4.7, .NETFramework,Version=v4.7.1, .NETFramework,Version=v4.7.2, .NETFramework,Version=v4.8, .NETFramework,Version=v4.8.1' instead of the project target framework 'net8.0'. This package may not be fully compatible with your project.
C:\Users\ultra\warewolf\Dev\Dev2.Infrastructure.Tests\Dev2.Infrastructure.Tests.csproj : warning NU1701: Package 'TaskSchedulerEditor 2.10.1' was restored using '.NETFramework,Version=v4.6.1, .NETFramework,Version=v4.6.2, .NETFramework,Version=v4.7, .NETFramework,Version=v4.7.1, .NETFramework,Version=v4.7.2, .NETFramework,Version=v4.8, .NETFramework,Version=v4.8.1' instead of the project target framework 'net8.0'. This package may not be fully compatible with your project.
C:\Users\ultra\warewolf\Dev\Warewolf.Interfaces\Data\ChatbotSettingsData.cs(20,23): warning CS0169: The field 'ChatbotSettingsData._encryptDataSource' is never used [C:\Users\ultra\warewolf\Dev\Warewolf.Interfaces\Warewolf.Interfaces.csproj]
C:\Users\ultra\warewolf\Dev\Warewolf.Interfaces\Auditing\SerializableException.cs(15,7): warning CS0414: The field 'SerializableException.HResult' is assigned but its value is never used [C:\Users\ultra\warewolf\Dev\Warewolf.Interfaces\Warewolf.Interfaces.csproj]
  Warewolf.Interfaces -> C:\Users\ultra\warewolf\Dev\Warewolf.Interfaces\bin\Debug\net8.0\Warewolf.Interfaces.dll
C:\Users\ultra\warewolf\Dev\Dev2.Services.Execution\Dev2.Services.Execution.csproj : warning NU1701: Package 'AeroWizard 2.3.1' was restored using '.NETFramework,Version=v4.6.1, .NETFramework,Version=v4.6.2, .NETFramework,Version=v4.7, .NETFramework,Version=v4.7.1, .NETFramework,Version=v4.7.2, .NETFramework,Version=v4.8, .NETFramework,Version=v4.8.1' instead of the project target framework 'net8.0'. This package may not be fully compatible with your project.
C:\Users\ultra\warewolf\Dev\Dev2.Services.Execution\Dev2.Services.Execution.csproj : warning NU1701: Package 'GroupControls 1.9.0' was restored using '.NETFramework,Version=v4.6.1, .NETFramework,Version=v4.6.2, .NETFramework,Version=v4.7, .NETFramework,Version=v4.7.1, .NETFramework,Version=v4.7.2, .NETFramework,Version=v4.8, .NETFramework,Version=v4.8.1' instead of the project target framework 'net8.0'. This package may not be fully compatible with your project.
C:\Users\ultra\warewolf\Dev\Dev2.Services.Execution\Dev2.Services.Execution.csproj : warning NU1701: Package 'ReactiveUI.WPF 18.4.1' was restored using '.NETFramework,Version=v4.6.1, .NETFramework,Version=v4.6.2, .NETFramework,Version=v4.7, .NETFramework,Version=v4.7.1, .NETFramework,Version=v4.7.2, .NETFramework,Version=v4.8, .NETFramework,Version=v4.8.1' instead of the project target framework 'net8.0'. This package may not be fully compatible with your project.
C:\Users\ultra\warewolf\Dev\Dev2.Services.Execution\Dev2.Services.Execution.csproj : warning NU1701: Package 'TaskSchedulerEditor 2.10.1' was restored using '.NETFramework,Version=v4.6.1, .NETFramework,Version=v4.6.2, .NETFramework,Version=v4.7, .NETFramework,Version=v4.7.1, .NETFramework,Version=v4.7.2, .NETFramework,Version=v4.8, .NETFramework,Version=v4.8.1' instead of the project target framework 'net8.0'. This package may not be fully compatible with your project.
  GACManagerApi -> C:\Users\ultra\warewolf\Dev\GACManagerApi\bin\Debug\net8.0\GACManagerApi.dll
C:\Users\ultra\warewolf\Dev\Warewolf.Licensing\Warewolf.Licensing.csproj : warning NU1701: Package 'AeroWizard 2.3.1' was restored using '.NETFramework,Version=v4.6.1, .NETFramework,Version=v4.6.2, .NETFramework,Version=v4.7, .NETFramework,Version=v4.7.1, .NETFramework,Version=v4.7.2, .NETFramework,Version=v4.8, .NETFramework,Version=v4.8.1' instead of the project target framework 'net8.0'. This package may not be fully compatible with your project.
C:\Users\ultra\warewolf\Dev\Warewolf.Licensing\Warewolf.Licensing.csproj : warning NU1701: Package 'GroupControls 1.9.0' was restored using '.NETFramework,Version=v4.6.1, .NETFramework,Version=v4.6.2, .NETFramework,Version=v4.7, .NETFramework,Version=v4.7.1, .NETFramework,Version=v4.7.2, .NETFramework,Version=v4.8, .NETFramework,Version=v4.8.1' instead of the project target framework 'net8.0'. This package may not be fully compatible with your project.
C:\Users\ultra\warewolf\Dev\Warewolf.Licensing\Warewolf.Licensing.csproj : warning NU1701: Package 'TaskSchedulerEditor 2.10.1' was restored using '.NETFramework,Version=v4.6.1, .NETFramework,Version=v4.6.2, .NETFramework,Version=v4.7, .NETFramework,Version=v4.7.1, .NETFramework,Version=v4.7.2, .NETFramework,Version=v4.8, .NETFramework,Version=v4.8.1' instead of the project target framework 'net8.0'. This package may not be fully compatible with your project.
  Consider app.config remapping of assembly "System.Runtime.CompilerServices.Unsafe, Culture=neutral, PublicKeyToken=b03f5f7f11d50a3a" from Version "6.0.0.0" [] to Version "8.0.0.0" [C:\Program Files\dotnet\packs\Microsoft.NETCore.App.Ref\8.0.25\ref\net8.0\System.Runtime.CompilerServices.Unsafe.dll] to solve conflict and get rid of warning.
  Warewolf.Driver.Redis -> C:\Users\ultra\warewolf\Dev\Warewolf.Driver.Redis\bin\Debug\net8.0\Warewolf.Driver.Redis.dll
  Warewolf.Driver.RabbitMQ -> C:\Users\ultra\warewolf\Dev\Warewolf.Driver.RabbitMQ\bin\Debug\net8.0\Warewolf.Driver.RabbitMQ.dll
  Warewolf.Parser.Interop -> C:\Users\ultra\warewolf\Dev\Warewolf.Parser.Interop\bin\Debug\net8.0\WarewolfParserInterop.dll
C:\Users\ultra\warewolf\Dev\Dev2.Common.Interfaces\Attribute\ReasonAttribute.cs(13,18): warning CC0023: Mark 'ReasonAttribute' as sealed. (https://code-cracker.github.io/diagnostics/CC0023.html) [C:\Users\ultra\warewolf\Dev\Dev2.Common.Interfaces\Dev2.Common.Interfaces.csproj]
C:\Users\ultra\warewolf\Dev\Dev2.Common.Interfaces\Wrappers\IDirectoryEntry.cs(190,35): warning CC0057: Parameter 'path' is not used. (https://code-cracker.github.io/diagnostics/CC0057.html) [C:\Users\ultra\warewolf\Dev\Dev2.Common.Interfaces\Dev2.Common.Interfaces.csproj]
C:\Users\ultra\warewolf\Dev\Dev2.Common.Interfaces\DllListing.cs(97,17): warning CC0105: Use 'var' instead of specifying the type name. (https://code-cracker.github.io/diagnostics/CC0105.html) [C:\Users\ultra\warewolf\Dev\Dev2.Common.Interfaces\Dev2.Common.Interfaces.csproj]
C:\Users\ultra\warewolf\Dev\Dev2.Common.Interfaces\DllListing.cs(98,17): warning CC0105: Use 'var' instead of specifying the type name. (https://code-cracker.github.io/diagnostics/CC0105.html) [C:\Users\ultra\warewolf\Dev\Dev2.Common.Interfaces\Dev2.Common.Interfaces.csproj]
C:\Users\ultra\warewolf\Dev\Dev2.Common.Interfaces\Runtime\Services\IStreamContentFactory.cs(48,21): warning CC0029: 'StreamContentWrapper' should call GC.SuppressFinalize inside the Dispose method. (https://code-cracker.github.io/diagnostics/CC0029.html) [C:\Users\ultra\warewolf\Dev\Dev2.Common.Interfaces\Dev2.Common.Interfaces.csproj]
  Dev2.Common.Interfaces -> C:\Users\ultra\warewolf\Dev\Dev2.Common.Interfaces\bin\Debug\net8.0\Dev2.Common.Interfaces.dll
C:\Users\ultra\warewolf\Dev\Warewolf.Language.Parser\EvaluationFunctions.fs(277,15): warning FS3548: Pattern discard is not allowed for union case that takes no data. [C:\Users\ultra\warewolf\Dev\Warewolf.Language.Parser\Warewolf.Language.Parser.fsproj]
C:\Users\ultra\warewolf\Dev\Warewolf.Language.Parser\EvaluationFunctions.fs(305,15): warning FS3548: Pattern discard is not allowed for union case that takes no data. [C:\Users\ultra\warewolf\Dev\Warewolf.Language.Parser\Warewolf.Language.Parser.fsproj]
C:\Users\ultra\warewolf\Dev\Warewolf.Language.Parser\EvaluationFunctions.fs(748,21): warning FS3873: This construct is deprecated. Sequence expressions should be of the form 'seq { ... }' [C:\Users\ultra\warewolf\Dev\Warewolf.Language.Parser\Warewolf.Language.Parser.fsproj]
C:\Users\ultra\warewolf\Dev\Warewolf.Language.Parser\EvaluationFunctions.fs(751,28): warning FS3873: This construct is deprecated. Sequence expressions should be of the form 'seq { ... }' [C:\Users\ultra\warewolf\Dev\Warewolf.Language.Parser\Warewolf.Language.Parser.fsproj]
C:\Users\ultra\warewolf\Dev\Warewolf.Language.Parser\WarewolfDataEvaluationCommon.fs(593,21): warning FS3873: This construct is deprecated. Sequence expressions should be of the form 'seq { ... }' [C:\Users\ultra\warewolf\Dev\Warewolf.Language.Parser\Warewolf.Language.Parser.fsproj]
C:\Users\ultra\warewolf\Dev\Warewolf.Language.Parser\WarewolfDataEvaluationCommon.fs(596,28): warning FS3873: This construct is deprecated. Sequence expressions should be of the form 'seq { ... }' [C:\Users\ultra\warewolf\Dev\Warewolf.Language.Parser\Warewolf.Language.Parser.fsproj]
  Warewolf.Language.Parser -> C:\Users\ultra\warewolf\Dev\Warewolf.Language.Parser\bin\Debug\net8.0\Warewolf.Language.Parser.dll
C:\Users\ultra\warewolf\Dev\Warewolf.Data\NamedInt.cs(160,21): warning CA2200: Re-throwing caught exception changes stack information (https://learn.microsoft.com/dotnet/fundamentals/code-analysis/quality-rules/ca2200) [C:\Users\ultra\warewolf\Dev\Warewolf.Data\Warewolf.Data.csproj]
  Warewolf.Data -> C:\Users\ultra\warewolf\Dev\Warewolf.Data\bin\Debug\net8.0\Warewolf.Data.dll
  Warewolf.Storage.Interfaces -> C:\Users\ultra\warewolf\Dev\Warewolf.Storage.Interfaces\bin\Debug\net8.0\Warewolf.Storage.Interfaces.dll
  Warewolf.Common -> C:\Users\ultra\warewolf\Dev\Warewolf.Common\bin\Debug\net8.0\Warewolf.Common.dll
  Dev2.Data.Interfaces -> C:\Users\ultra\warewolf\Dev\Dev2.Data.Interfaces\bin\Debug\net8.0\Dev2.Data.Interfaces.dll
C:\Users\ultra\warewolf\Dev\Dev2.Common\ExtMethods\StringExtension.cs(302,13): warning CC0004: Empty Catch Block. (https://code-cracker.github.io/diagnostics/CC0004.html) [C:\Users\ultra\warewolf\Dev\Dev2.Common\Dev2.Common.csproj]
  Dev2.Common -> C:\Users\ultra\warewolf\Dev\Dev2.Common\bin\Debug\net8.0\Dev2.Common.dll
C:\Program Files\dotnet\sdk\10.0.201\Microsoft.Common.CurrentVersion.targets(2451,5): warning MSB3277: Found conflicts between different versions of "WindowsBase" that could not be resolved. [C:\Users\ultra\warewolf\Dev\Dev2.Development.Languages\Dev2.Development.Languages.csproj]
C:\Program Files\dotnet\sdk\10.0.201\Microsoft.Common.CurrentVersion.targets(2451,5): warning MSB3277: There was a conflict between "WindowsBase, Version=4.0.0.0, Culture=neutral, PublicKeyToken=31bf3856ad364e35" and "WindowsBase, Version=6.0.2.0, Culture=neutral, PublicKeyToken=31bf3856ad364e35". [C:\Users\ultra\warewolf\Dev\Dev2.Development.Languages\Dev2.Development.Languages.csproj]
C:\Program Files\dotnet\sdk\10.0.201\Microsoft.Common.CurrentVersion.targets(2451,5): warning MSB3277:     "WindowsBase, Version=4.0.0.0, Culture=neutral, PublicKeyToken=31bf3856ad364e35" was chosen because it was primary and "WindowsBase, Version=6.0.2.0, Culture=neutral, PublicKeyToken=31bf3856ad364e35" was not. [C:\Users\ultra\warewolf\Dev\Dev2.Development.Languages\Dev2.Development.Languages.csproj]
C:\Program Files\dotnet\sdk\10.0.201\Microsoft.Common.CurrentVersion.targets(2451,5): warning MSB3277:     References which depend on "WindowsBase, Version=4.0.0.0, Culture=neutral, PublicKeyToken=31bf3856ad364e35" [C:\Program Files\dotnet\packs\Microsoft.NETCore.App.Ref\8.0.25\ref\net8.0\WindowsBase.dll]. [C:\Users\ultra\warewolf\Dev\Dev2.Development.Languages\Dev2.Development.Languages.csproj]
C:\Program Files\dotnet\sdk\10.0.201\Microsoft.Common.CurrentVersion.targets(2451,5): warning MSB3277:         C:\Program Files\dotnet\packs\Microsoft.NETCore.App.Ref\8.0.25\ref\net8.0\WindowsBase.dll [C:\Users\ultra\warewolf\Dev\Dev2.Development.Languages\Dev2.Development.Languages.csproj]
C:\Program Files\dotnet\sdk\10.0.201\Microsoft.Common.CurrentVersion.targets(2451,5): warning MSB3277:           Project file item includes which caused reference "C:\Program Files\dotnet\packs\Microsoft.NETCore.App.Ref\8.0.25\ref\net8.0\WindowsBase.dll". [C:\Users\ultra\warewolf\Dev\Dev2.Development.Languages\Dev2.Development.Languages.csproj]
C:\Program Files\dotnet\sdk\10.0.201\Microsoft.Common.CurrentVersion.targets(2451,5): warning MSB3277:             C:\Program Files\dotnet\packs\Microsoft.NETCore.App.Ref\8.0.25\ref/net8.0/WindowsBase.dll [C:\Users\ultra\warewolf\Dev\Dev2.Development.Languages\Dev2.Development.Languages.csproj]
C:\Program Files\dotnet\sdk\10.0.201\Microsoft.Common.CurrentVersion.targets(2451,5): warning MSB3277:     References which depend on or have been unified to "WindowsBase, Version=6.0.2.0, Culture=neutral, PublicKeyToken=31bf3856ad364e35" []. [C:\Users\ultra\warewolf\Dev\Dev2.Development.Languages\Dev2.Development.Languages.csproj]
C:\Program Files\dotnet\sdk\10.0.201\Microsoft.Common.CurrentVersion.targets(2451,5): warning MSB3277:         C:\Users\ultra\.nuget\packages\caliburn.micro\4.0.212\lib\netcoreapp3.1\Caliburn.Micro.Platform.dll [C:\Users\ultra\warewolf\Dev\Dev2.Development.Languages\Dev2.Development.Languages.csproj]
C:\Program Files\dotnet\sdk\10.0.201\Microsoft.Common.CurrentVersion.targets(2451,5): warning MSB3277:           Project file item includes which caused reference "C:\Users\ultra\.nuget\packages\caliburn.micro\4.0.212\lib\netcoreapp3.1\Caliburn.Micro.Platform.dll". [C:\Users\ultra\warewolf\Dev\Dev2.Development.Languages\Dev2.Development.Languages.csproj]
C:\Program Files\dotnet\sdk\10.0.201\Microsoft.Common.CurrentVersion.targets(2451,5): warning MSB3277:             C:\Users\ultra\.nuget\packages\caliburn.micro\4.0.212\lib\netcoreapp3.1\Caliburn.Micro.Platform.dll [C:\Users\ultra\warewolf\Dev\Dev2.Development.Languages\Dev2.Development.Languages.csproj]
C:\Program Files\dotnet\sdk\10.0.201\Microsoft.Common.CurrentVersion.targets(2451,5): warning MSB3277:         C:\Users\ultra\.nuget\packages\ironpython\3.4.0\lib\net6.0\IronPython.Wpf.dll [C:\Users\ultra\warewolf\Dev\Dev2.Development.Languages\Dev2.Development.Languages.csproj]
C:\Program Files\dotnet\sdk\10.0.201\Microsoft.Common.CurrentVersion.targets(2451,5): warning MSB3277:           Project file item includes which caused reference "C:\Users\ultra\.nuget\packages\ironpython\3.4.0\lib\net6.0\IronPython.Wpf.dll". [C:\Users\ultra\warewolf\Dev\Dev2.Development.Languages\Dev2.Development.Languages.csproj]
C:\Program Files\dotnet\sdk\10.0.201\Microsoft.Common.CurrentVersion.targets(2451,5): warning MSB3277:             C:\Users\ultra\.nuget\packages\ironpython\3.4.0\lib\net6.0\IronPython.Wpf.dll [C:\Users\ultra\warewolf\Dev\Dev2.Development.Languages\Dev2.Development.Languages.csproj]
C:\Program Files\dotnet\sdk\10.0.201\Microsoft.Common.CurrentVersion.targets(2451,5): warning MSB3277:         C:\Users\ultra\.nuget\packages\microsoft.xaml.behaviors.wpf\1.1.19\lib\netcoreapp3.0\Microsoft.Xaml.Behaviors.dll [C:\Users\ultra\warewolf\Dev\Dev2.Development.Languages\Dev2.Development.Languages.csproj]
C:\Program Files\dotnet\sdk\10.0.201\Microsoft.Common.CurrentVersion.targets(2451,5): warning MSB3277:           Project file item includes which caused reference "C:\Users\ultra\.nuget\packages\microsoft.xaml.behaviors.wpf\1.1.19\lib\netcoreapp3.0\Microsoft.Xaml.Behaviors.dll". [C:\Users\ultra\warewolf\Dev\Dev2.Development.Languages\Dev2.Development.Languages.csproj]
C:\Program Files\dotnet\sdk\10.0.201\Microsoft.Common.CurrentVersion.targets(2451,5): warning MSB3277:             C:\Users\ultra\.nuget\packages\microsoft.xaml.behaviors.wpf\1.1.19\lib\netcoreapp3.0\Microsoft.Xaml.Behaviors.dll [C:\Users\ultra\warewolf\Dev\Dev2.Development.Languages\Dev2.Development.Languages.csproj]
C:\Program Files\dotnet\sdk\10.0.201\Microsoft.Common.CurrentVersion.targets(2451,5): warning MSB3277:             C:\Users\ultra\.nuget\packages\caliburn.micro\4.0.212\lib\netcoreapp3.1\Caliburn.Micro.Platform.dll [C:\Users\ultra\warewolf\Dev\Dev2.Development.Languages\Dev2.Development.Languages.csproj]
  Dev2.Util -> C:\Users\ultra\warewolf\Dev\Dev2.Util\bin\Debug\net8.0\Dev2.Util.dll
C:\Users\ultra\warewolf\Dev\Dev2.TaskScheduler.Wrappers\Dev2TaskEvent.cs(47,33): warning CA1416: This call site is reachable on all platforms. 'SecurityIdentifier.Value' is only supported on: 'windows'. (https://learn.microsoft.com/dotnet/fundamentals/code-analysis/quality-rules/ca1416) [C:\Users\ultra\warewolf\Dev\Dev2.TaskScheduler.Wrappers\Dev2.TaskScheduler.Wrappers.csproj]
  Dev2.Development.Languages -> C:\Users\ultra\warewolf\Dev\Dev2.Development.Languages\bin\Debug\net8.0\Dev2.Development.Languages.dll
  Dev2.TaskScheduler.Wrappers -> C:\Users\ultra\warewolf\Dev\Dev2.TaskScheduler.Wrappers\bin\Debug\net8.0\Dev2.TaskScheduler.Wrappers.dll
  Warewolf.Licensing -> C:\Users\ultra\warewolf\Dev\Warewolf.Licensing\bin\Debug\net8.0\Warewolf.Licensing.dll
  Dev2.CustomControls -> C:\Users\ultra\warewolf\Dev\Dev2.CustomControls\bin\Debug\net8.0\Dev2.CustomControls.dll
  Consider app.config remapping of assembly "Newtonsoft.Json, Culture=neutral, PublicKeyToken=30ad4fe6b2a6aeed" from Version "12.0.0.0" [] to Version "13.0.0.0" [C:\Users\ultra\.nuget\packages\newtonsoft.json\13.0.2\lib\net6.0\Newtonsoft.Json.dll] to solve conflict and get rid of warning.
  Dev2.Runtime.Configuration -> C:\Users\ultra\warewolf\Dev\Dev2.Runtime.Configuration\bin\Debug\net8.0\Dev2.Runtime.Configuration.dll
C:\Users\ultra\warewolf\Dev\Dev2.Diagnostics\Debug\DebugDispatcher.cs(209,35): warning CC0057: Parameter 'previous' is not used. (https://code-cracker.github.io/diagnostics/CC0057.html) [C:\Users\ultra\warewolf\Dev\Dev2.Diagnostics\Dev2.Diagnostics.csproj]
  Dev2.Diagnostics -> C:\Users\ultra\warewolf\Dev\Dev2.Diagnostics\bin\Debug\net8.0\Dev2.Diagnostics.dll
C:\Users\ultra\warewolf\Dev\Warewolf.AI.Harness\ChatbotApiService.cs(11,7): warning CS0105: The using directive for 'System.Text' appeared previously in this namespace [C:\Users\ultra\warewolf\Dev\Warewolf.AI.Harness\Warewolf.AI.Harness.csproj]
C:\Users\ultra\warewolf\Dev\Warewolf.AI.Harness\ChatbotApiService.cs(12,7): warning CS0105: The using directive for 'Newtonsoft.Json' appeared previously in this namespace [C:\Users\ultra\warewolf\Dev\Warewolf.AI.Harness\Warewolf.AI.Harness.csproj]
C:\Users\ultra\warewolf\Dev\Warewolf.AI.Harness\ChatbotApiService.cs(641,23): warning CS8618: Non-nullable property 'Model' must contain a non-null value when exiting constructor. Consider adding the 'required' modifier or declaring the property as nullable. [C:\Users\ultra\warewolf\Dev\Warewolf.AI.Harness\Warewolf.AI.Harness.csproj]
C:\Users\ultra\warewolf\Dev\Warewolf.AI.Harness\ChatbotApiService.cs(659,23): warning CS8618: Non-nullable property 'FinishReason' must contain a non-null value when exiting constructor. Consider adding the 'required' modifier or declaring the property as nullable. [C:\Users\ultra\warewolf\Dev\Warewolf.AI.Harness\Warewolf.AI.Harness.csproj]
C:\Users\ultra\warewolf\Dev\Warewolf.AI.Harness\ChatbotApiService.cs(201,34): warning CS8600: Converting null literal or possible null value to non-nullable type. [C:\Users\ultra\warewolf\Dev\Warewolf.AI.Harness\Warewolf.AI.Harness.csproj]
C:\Users\ultra\warewolf\Dev\Warewolf.AI.Harness\ChatbotApiService.cs(215,51): warning CS8602: Dereference of a possibly null reference. [C:\Users\ultra\warewolf\Dev\Warewolf.AI.Harness\Warewolf.AI.Harness.csproj]
C:\Users\ultra\warewolf\Dev\Warewolf.AI.Harness\ChatbotApiService.cs(218,25): warning CS8602: Dereference of a possibly null reference. [C:\Users\ultra\warewolf\Dev\Warewolf.AI.Harness\Warewolf.AI.Harness.csproj]
C:\Users\ultra\warewolf\Dev\Warewolf.AI.Harness\ChatbotApiService.cs(303,34): warning CS8600: Converting null literal or possible null value to non-nullable type. [C:\Users\ultra\warewolf\Dev\Warewolf.AI.Harness\Warewolf.AI.Harness.csproj]
C:\Users\ultra\warewolf\Dev\Warewolf.AI.Harness\ChatbotApiService.cs(312,51): warning CS8602: Dereference of a possibly null reference. [C:\Users\ultra\warewolf\Dev\Warewolf.AI.Harness\Warewolf.AI.Harness.csproj]
C:\Users\ultra\warewolf\Dev\Warewolf.AI.Harness\ChatbotApiService.cs(314,30): warning CS8602: Dereference of a possibly null reference. [C:\Users\ultra\warewolf\Dev\Warewolf.AI.Harness\Warewolf.AI.Harness.csproj]
C:\Users\ultra\warewolf\Dev\Warewolf.AI.Harness\ChatbotApiService.cs(477,32): warning CS8600: Converting null literal or possible null value to non-nullable type. [C:\Users\ultra\warewolf\Dev\Warewolf.AI.Harness\Warewolf.AI.Harness.csproj]
C:\Users\ultra\warewolf\Dev\Warewolf.AI.Harness\ChatbotApiService.cs(478,32): warning CS8600: Converting null literal or possible null value to non-nullable type. [C:\Users\ultra\warewolf\Dev\Warewolf.AI.Harness\Warewolf.AI.Harness.csproj]
C:\Users\ultra\warewolf\Dev\Warewolf.AI.Harness\ChatbotApiService.cs(481,73): warning CS8625: Cannot convert null literal to non-nullable reference type. [C:\Users\ultra\warewolf\Dev\Warewolf.AI.Harness\Warewolf.AI.Harness.csproj]
C:\Users\ultra\warewolf\Dev\Warewolf.AI.Harness\ChatbotApiService.cs(482,60): warning CS8604: Possible null reference argument for parameter 'authHeaderName' in 'HttpResponseMessage ChatbotApiService.PostWithAuth(string endpoint, object payload, string authHeaderName, string authHeaderValue, string additionalHeaders)'. [C:\Users\ultra\warewolf\Dev\Warewolf.AI.Harness\Warewolf.AI.Harness.csproj]
C:\Users\ultra\warewolf\Dev\Warewolf.AI.Harness\ChatbotApiService.cs(482,70): warning CS8604: Possible null reference argument for parameter 'authHeaderValue' in 'HttpResponseMessage ChatbotApiService.PostWithAuth(string endpoint, object payload, string authHeaderName, string authHeaderValue, string additionalHeaders)'. [C:\Users\ultra\warewolf\Dev\Warewolf.AI.Harness\Warewolf.AI.Harness.csproj]
C:\Users\ultra\warewolf\Dev\Warewolf.AI.Harness\ChatbotApiService.cs(482,81): warning CS8625: Cannot convert null literal to non-nullable reference type. [C:\Users\ultra\warewolf\Dev\Warewolf.AI.Harness\Warewolf.AI.Harness.csproj]
C:\Users\ultra\warewolf\Dev\Warewolf.AI.Harness\ChatbotApiService.cs(496,73): warning CS8625: Cannot convert null literal to non-nullable reference type. [C:\Users\ultra\warewolf\Dev\Warewolf.AI.Harness\Warewolf.AI.Harness.csproj]
C:\Users\ultra\warewolf\Dev\Warewolf.AI.Harness\ChatbotApiService.cs(497,81): warning CS8625: Cannot convert null literal to non-nullable reference type. [C:\Users\ultra\warewolf\Dev\Warewolf.AI.Harness\Warewolf.AI.Harness.csproj]
C:\Users\ultra\warewolf\Dev\Warewolf.AI.Harness\ChatbotApiService.cs(514,73): warning CS8625: Cannot convert null literal to non-nullable reference type. [C:\Users\ultra\warewolf\Dev\Warewolf.AI.Harness\Warewolf.AI.Harness.csproj]
C:\Users\ultra\warewolf\Dev\Warewolf.AI.Harness\ChatbotApiService.cs(515,114): warning CS8625: Cannot convert null literal to non-nullable reference type. [C:\Users\ultra\warewolf\Dev\Warewolf.AI.Harness\Warewolf.AI.Harness.csproj]
C:\Users\ultra\warewolf\Dev\Warewolf.AI.Harness\ChatbotApiService.cs(521,36): warning CS8600: Converting null literal or possible null value to non-nullable type. [C:\Users\ultra\warewolf\Dev\Warewolf.AI.Harness\Warewolf.AI.Harness.csproj]
C:\Users\ultra\warewolf\Dev\Warewolf.AI.Harness\ChatbotApiService.cs(538,82): warning CS8604: Possible null reference argument for parameter 'systemMessage' in 'Dictionary<string, object> ChatbotApiService.CreatePayload(string model, object messages, string systemMessage, bool useMaxCompletionTokens, bool includeTemperature)'. [C:\Users\ultra\warewolf\Dev\Warewolf.AI.Harness\Warewolf.AI.Harness.csproj]
C:\Users\ultra\warewolf\Dev\Warewolf.AI.Harness\ChatbotApiService.cs(545,35): warning CS8600: Converting null literal or possible null value to non-nullable type. [C:\Users\ultra\warewolf\Dev\Warewolf.AI.Harness\Warewolf.AI.Harness.csproj]
C:\Users\ultra\warewolf\Dev\Warewolf.AI.Harness\ChatbotApiService.cs(589,68): warning CS8625: Cannot convert null literal to non-nullable reference type. [C:\Users\ultra\warewolf\Dev\Warewolf.AI.Harness\Warewolf.AI.Harness.csproj]
C:\Users\ultra\warewolf\Dev\Warewolf.AI.Harness\ChatbotApiService.cs(589,74): warning CS8625: Cannot convert null literal to non-nullable reference type. [C:\Users\ultra\warewolf\Dev\Warewolf.AI.Harness\Warewolf.AI.Harness.csproj]
C:\Users\ultra\warewolf\Dev\Warewolf.AI.Harness\ChatbotApiService.cs(589,80): warning CS8625: Cannot convert null literal to non-nullable reference type. [C:\Users\ultra\warewolf\Dev\Warewolf.AI.Harness\Warewolf.AI.Harness.csproj]
  Warewolf.AI.Harness -> C:\Users\ultra\warewolf\Dev\Warewolf.AI.Harness\bin\Debug\net8.0\Warewolf.AI.Harness.dll
C:\Users\ultra\warewolf\Dev\Dev2.Infrastructure\PerformanceCounters\Management\WarewolfPerformanceCounterManager.cs(22,140): warning CC0057: Parameter 'register' is not used. (https://code-cracker.github.io/diagnostics/CC0057.html) [C:\Users\ultra\warewolf\Dev\Dev2.Infrastructure\Dev2.Infrastructure.csproj]
C:\Users\ultra\warewolf\Dev\Dev2.Infrastructure\PerformanceCounters\Management\PerformanceCounterPersistence.cs(48,81): warning CC0057: Parameter 'resourcePerformanceCounters' is not used. (https://code-cracker.github.io/diagnostics/CC0057.html) [C:\Users\ultra\warewolf\Dev\Dev2.Infrastructure\Dev2.Infrastructure.csproj]
C:\Users\ultra\warewolf\Dev\Dev2.Infrastructure\PerformanceCounters\PerformanceCounterCategoryWrapper.cs(32,48): warning CA1416: This call site is reachable on all platforms. 'PerformanceCounterCategory.Delete(string)' is only supported on: 'windows'. (https://learn.microsoft.com/dotnet/fundamentals/code-analysis/quality-rules/ca1416) [C:\Users\ultra\warewolf\Dev\Dev2.Infrastructure\Dev2.Infrastructure.csproj]
C:\Users\ultra\warewolf\Dev\Dev2.Infrastructure\PerformanceCounters\PerformanceCounterCategoryWrapper.cs(33,48): warning CA1416: This call site is reachable on all platforms. 'PerformanceCounterCategory.Exists(string)' is only supported on: 'windows'. (https://learn.microsoft.com/dotnet/fundamentals/code-analysis/quality-rules/ca1416) [C:\Users\ultra\warewolf\Dev\Dev2.Infrastructure\Dev2.Infrastructure.csproj]
C:\Users\ultra\warewolf\Dev\Dev2.Infrastructure\PerformanceCounters\PerformanceCounterCategoryWrapper.cs(12,51): warning CA1416: This call site is reachable on all platforms. 'PerformanceCounterCategory.CounterExists(string)' is only supported on: 'windows'. (https://learn.microsoft.com/dotnet/fundamentals/code-analysis/quality-rules/ca1416) [C:\Users\ultra\warewolf\Dev\Dev2.Infrastructure\Dev2.Infrastructure.csproj]
C:\Users\ultra\warewolf\Dev\Dev2.Infrastructure\PerformanceCounters\PerformanceCounterCategoryWrapper.cs(38,29): warning CA1416: This call site is reachable on all platforms. 'PerformanceCounterCategory' is only supported on: 'windows'. (https://learn.microsoft.com/dotnet/fundamentals/code-analysis/quality-rules/ca1416) [C:\Users\ultra\warewolf\Dev\Dev2.Infrastructure\Dev2.Infrastructure.csproj]
C:\Users\ultra\warewolf\Dev\Dev2.Infrastructure\PerformanceCounters\Management\WarewolfPerformanceCounterManager.cs(67,83): warning CC0057: Parameter 'name' is not used. (https://code-cracker.github.io/diagnostics/CC0057.html) [C:\Users\ultra\warewolf\Dev\Dev2.Infrastructure\Dev2.Infrastructure.csproj]
C:\Users\ultra\warewolf\Dev\Dev2.Infrastructure\PerformanceCounters\PerformanceCounterCategoryWrapper.cs(14,49): warning CA1416: This call site is reachable on all platforms. 'CounterCreationDataCollection' is only supported on: 'windows'. (https://learn.microsoft.com/dotnet/fundamentals/code-analysis/quality-rules/ca1416) [C:\Users\ultra\warewolf\Dev\Dev2.Infrastructure\Dev2.Infrastructure.csproj]
C:\Users\ultra\warewolf\Dev\Dev2.Infrastructure\PerformanceCounters\PerformanceCounterCategoryWrapper.cs(25,21): warning CA1416: This call site is reachable on all platforms. 'CounterCreationDataCollection.Add(CounterCreationData)' is only supported on: 'windows'. (https://learn.microsoft.com/dotnet/fundamentals/code-analysis/quality-rules/ca1416) [C:\Users\ultra\warewolf\Dev\Dev2.Infrastructure\Dev2.Infrastructure.csproj]
C:\Users\ultra\warewolf\Dev\Dev2.Infrastructure\PerformanceCounters\PerformanceCounterCategoryWrapper.cs(19,45): warning CA1416: This call site is reachable on all platforms. 'CounterCreationData' is only supported on: 'windows'. (https://learn.microsoft.com/dotnet/fundamentals/code-analysis/quality-rules/ca1416) [C:\Users\ultra\warewolf\Dev\Dev2.Infrastructure\Dev2.Infrastructure.csproj]
C:\Users\ultra\warewolf\Dev\Dev2.Infrastructure\PerformanceCounters\PerformanceCounterCategoryWrapper.cs(29,13): warning CA1416: This call site is reachable on all platforms. 'PerformanceCounterCategory.Create(string, string, PerformanceCounterCategoryType, CounterCreationDataCollection)' is only supported on: 'windows'. (https://learn.microsoft.com/dotnet/fundamentals/code-analysis/quality-rules/ca1416) [C:\Users\ultra\warewolf\Dev\Dev2.Infrastructure\Dev2.Infrastructure.csproj]
C:\Users\ultra\warewolf\Dev\Dev2.Infrastructure\PerformanceCounters\PerformanceCounterCategoryWrapper.cs(29,71): warning CA1416: This call site is reachable on all platforms. 'PerformanceCounterCategoryType.MultiInstance' is only supported on: 'windows'. (https://learn.microsoft.com/dotnet/fundamentals/code-analysis/quality-rules/ca1416) [C:\Users\ultra\warewolf\Dev\Dev2.Infrastructure\Dev2.Infrastructure.csproj]
C:\Users\ultra\warewolf\Dev\Dev2.Infrastructure\PerformanceCounters\PerformanceCounterCategoryWrapper.cs(52,28): warning CA1416: This call site is reachable on all platforms. 'PerformanceCounterType.NumberOfItems32' is only supported on: 'windows'. (https://learn.microsoft.com/dotnet/fundamentals/code-analysis/quality-rules/ca1416) [C:\Users\ultra\warewolf\Dev\Dev2.Infrastructure\Dev2.Infrastructure.csproj]
C:\Users\ultra\warewolf\Dev\Dev2.Infrastructure\PerformanceCounters\PerformanceCounterCategoryWrapper.cs(48,28): warning CA1416: This call site is reachable on all platforms. 'PerformanceCounterType.AverageBase' is only supported on: 'windows'. (https://learn.microsoft.com/dotnet/fundamentals/code-analysis/quality-rules/ca1416) [C:\Users\ultra\warewolf\Dev\Dev2.Infrastructure\Dev2.Infrastructure.csproj]
C:\Users\ultra\warewolf\Dev\Dev2.Infrastructure\PerformanceCounters\PerformanceCounterCategoryWrapper.cs(54,28): warning CA1416: This call site is reachable on all platforms. 'PerformanceCounterType.RateOfCountsPerSecond32' is only supported on: 'windows'. (https://learn.microsoft.com/dotnet/fundamentals/code-analysis/quality-rules/ca1416) [C:\Users\ultra\warewolf\Dev\Dev2.Infrastructure\Dev2.Infrastructure.csproj]
C:\Users\ultra\warewolf\Dev\Dev2.Infrastructure\PerformanceCounters\PerformanceCounterCategoryWrapper.cs(50,28): warning CA1416: This call site is reachable on all platforms. 'PerformanceCounterType.AverageTimer32' is only supported on: 'windows'. (https://learn.microsoft.com/dotnet/fundamentals/code-analysis/quality-rules/ca1416) [C:\Users\ultra\warewolf\Dev\Dev2.Infrastructure\Dev2.Infrastructure.csproj]
C:\Users\ultra\warewolf\Dev\Dev2.Infrastructure\Services\Security\MoqInstallerActions\InstallerActionsForDevelopment.cs(59,57): warning CA1416: This call site is reachable on all platforms. 'WindowsIdentity.Name' is only supported on: 'windows'. (https://learn.microsoft.com/dotnet/fundamentals/code-analysis/quality-rules/ca1416) [C:\Users\ultra\warewolf\Dev\Dev2.Infrastructure\Dev2.Infrastructure.csproj]
C:\Users\ultra\warewolf\Dev\Dev2.Infrastructure\Services\Security\MoqInstallerActions\InstallerActionsForDevelopment.cs(57,31): warning CA1416: This call site is reachable on all platforms. 'WindowsIdentity.GetCurrent(bool)' is only supported on: 'windows'. (https://learn.microsoft.com/dotnet/fundamentals/code-analysis/quality-rules/ca1416) [C:\Users\ultra\warewolf\Dev\Dev2.Infrastructure\Dev2.Infrastructure.csproj]
C:\Users\ultra\warewolf\Dev\Dev2.Infrastructure\Services\Security\SecuritySettings.cs(92,28): warning CC0022: HMACSHA256 should be disposed. (https://code-cracker.github.io/diagnostics/CC0022.html) [C:\Users\ultra\warewolf\Dev\Dev2.Infrastructure\Dev2.Infrastructure.csproj]
CSC : warning AD0001: Analyzer 'CodeCracker.CSharp.Design.UseInvokeMethodToFireEventAnalyzer' threw an exception of type 'System.ArgumentException' with message 'Syntax node is not within syntax tree'. [C:\Users\ultra\warewolf\Dev\Dev2.Infrastructure\Dev2.Infrastructure.csproj]
CSC : warning AD0001: Analyzer 'CodeCracker.CSharp.Design.UseInvokeMethodToFireEventAnalyzer' threw an exception of type 'System.ArgumentException' with message 'Syntax node is not within syntax tree'. [C:\Users\ultra\warewolf\Dev\Dev2.Infrastructure\Dev2.Infrastructure.csproj]
CSC : warning AD0001: Analyzer 'CodeCracker.CSharp.Design.UseInvokeMethodToFireEventAnalyzer' threw an exception of type 'System.ArgumentException' with message 'Syntax node is not within syntax tree'. [C:\Users\ultra\warewolf\Dev\Dev2.Infrastructure\Dev2.Infrastructure.csproj]
CSC : warning AD0001: Analyzer 'CodeCracker.CSharp.Design.UseInvokeMethodToFireEventAnalyzer' threw an exception of type 'System.ArgumentException' with message 'Syntax node is not within syntax tree'. [C:\Users\ultra\warewolf\Dev\Dev2.Infrastructure\Dev2.Infrastructure.csproj]
CSC : warning AD0001: Analyzer 'CodeCracker.CSharp.Design.UseInvokeMethodToFireEventAnalyzer' threw an exception of type 'System.ArgumentException' with message 'Syntax node is not within syntax tree'. [C:\Users\ultra\warewolf\Dev\Dev2.Infrastructure\Dev2.Infrastructure.csproj]
CSC : warning AD0001: Analyzer 'CodeCracker.CSharp.Design.UseInvokeMethodToFireEventAnalyzer' threw an exception of type 'System.ArgumentException' with message 'Syntax node is not within syntax tree'. [C:\Users\ultra\warewolf\Dev\Dev2.Infrastructure\Dev2.Infrastructure.csproj]
CSC : warning AD0001: Analyzer 'CodeCracker.CSharp.Design.UseInvokeMethodToFireEventAnalyzer' threw an exception of type 'System.ArgumentException' with message 'Syntax node is not within syntax tree'. [C:\Users\ultra\warewolf\Dev\Dev2.Infrastructure\Dev2.Infrastructure.csproj]
CSC : warning AD0001: Analyzer 'CodeCracker.CSharp.Design.UseInvokeMethodToFireEventAnalyzer' threw an exception of type 'System.ArgumentException' with message 'Syntax node is not within syntax tree'. [C:\Users\ultra\warewolf\Dev\Dev2.Infrastructure\Dev2.Infrastructure.csproj]
CSC : warning AD0001: Analyzer 'CodeCracker.CSharp.Design.UseInvokeMethodToFireEventAnalyzer' threw an exception of type 'System.ArgumentException' with message 'Syntax node is not within syntax tree'. [C:\Users\ultra\warewolf\Dev\Dev2.Infrastructure\Dev2.Infrastructure.csproj]
CSC : warning AD0001: Analyzer 'CodeCracker.CSharp.Design.UseInvokeMethodToFireEventAnalyzer' threw an exception of type 'System.ArgumentException' with message 'Syntax node is not within syntax tree'. [C:\Users\ultra\warewolf\Dev\Dev2.Infrastructure\Dev2.Infrastructure.csproj]
CSC : warning AD0001: Analyzer 'CodeCracker.CSharp.Design.UseInvokeMethodToFireEventAnalyzer' threw an exception of type 'System.ArgumentException' with message 'Syntax node is not within syntax tree'. [C:\Users\ultra\warewolf\Dev\Dev2.Infrastructure\Dev2.Infrastructure.csproj]
CSC : warning AD0001: Analyzer 'CodeCracker.CSharp.Design.UseInvokeMethodToFireEventAnalyzer' threw an exception of type 'System.ArgumentException' with message 'Syntax node is not within syntax tree'. [C:\Users\ultra\warewolf\Dev\Dev2.Infrastructure\Dev2.Infrastructure.csproj]
CSC : warning AD0001: Analyzer 'CodeCracker.CSharp.Design.UseInvokeMethodToFireEventAnalyzer' threw an exception of type 'System.ArgumentException' with message 'Syntax node is not within syntax tree'. [C:\Users\ultra\warewolf\Dev\Dev2.Infrastructure\Dev2.Infrastructure.csproj]
CSC : warning AD0001: Analyzer 'CodeCracker.CSharp.Design.UseInvokeMethodToFireEventAnalyzer' threw an exception of type 'System.ArgumentException' with message 'Syntax node is not within syntax tree'. [C:\Users\ultra\warewolf\Dev\Dev2.Infrastructure\Dev2.Infrastructure.csproj]
  Dev2.Infrastructure -> C:\Users\ultra\warewolf\Dev\Dev2.Infrastructure\bin\Debug\net8.0\Dev2.Infrastructure.dll
C:\Program Files\dotnet\sdk\10.0.201\Microsoft.CSharp.CurrentVersion.targets(130,9): warning MSB3884: Could not find rule set file "..\.sonarlint\warewolf_dotnet_frameworkcsharp.ruleset". [C:\Users\ultra\warewolf\Dev\Warewolf.Sharepoint\Warewolf.Sharepoint.csproj]
  Warewolf.Sharepoint -> C:\Users\ultra\warewolf\Dev\Warewolf.Sharepoint\bin\Debug\net8.0\Warewolf.Sharepoint.dll
C:\Users\ultra\warewolf\Dev\Dev2.Services.Sql\ConnectionBuilder.cs(44,21): warning CC0029: 'ConnectionBuilder' should call GC.SuppressFinalize inside the Dispose method. (https://code-cracker.github.io/diagnostics/CC0029.html) [C:\Users\ultra\warewolf\Dev\Dev2.Services.Sql\Dev2.Services.Sql.csproj]
  Warewolf.Storage -> C:\Users\ultra\warewolf\Dev\Warewolf.Storage\bin\Debug\net8.0\Warewolf.Storage.dll
C:\Program Files\dotnet\sdk\10.0.201\Sdks\Microsoft.NET.Sdk\targets\Microsoft.NET.Sdk.targets(308,5): warning NETSDK1206: Found version-specific or distribution-specific runtime identifier(s): win7-x64, win7-x86. Affected libraries: SQLite. In .NET 8.0 and higher, assets for version-specific and distribution-specific runtime identifiers will not be found by default. See https://aka.ms/dotnet/rid-usage for details. [C:\Users\ultra\warewolf\Dev\Dev2.Services.Sql\Dev2.Services.Sql.csproj]
  Dev2.Services.Sql -> C:\Users\ultra\warewolf\Dev\Dev2.Services.Sql\bin\Debug\net8.0\Dev2.Services.Sql.dll
C:\Users\ultra\warewolf\Dev\Dev2.SignalR.Wrappers.New\HubConnectionWrapper.cs(431,21): warning SYSLIB0006: 'Thread.Abort()' is obsolete: 'Thread.Abort is not supported and throws PlatformNotSupportedException.' (https://aka.ms/dotnet-warnings/SYSLIB0006) [C:\Users\ultra\warewolf\Dev\Dev2.SignalR.Wrappers.New\Dev2.SignalR.Wrappers.New.csproj]
C:\Users\ultra\warewolf\Dev\Dev2.SignalR.Wrappers.New\HubConnectionWrapper.cs(205,21): warning CC0029: 'HubConnectionWrapper' should call GC.SuppressFinalize inside the Dispose method. (https://code-cracker.github.io/diagnostics/CC0029.html) [C:\Users\ultra\warewolf\Dev\Dev2.SignalR.Wrappers.New\Dev2.SignalR.Wrappers.New.csproj]
C:\Users\ultra\warewolf\Dev\Dev2.SignalR.Wrappers.New\HubConnectionWrapper.cs(383,17): warning CC0105: Use 'var' instead of specifying the type name. (https://code-cracker.github.io/diagnostics/CC0105.html) [C:\Users\ultra\warewolf\Dev\Dev2.SignalR.Wrappers.New\Dev2.SignalR.Wrappers.New.csproj]
C:\Program Files\dotnet\sdk\10.0.201\Microsoft.Common.CurrentVersion.targets(2451,5): warning MSB3245: Could not resolve this reference. Could not locate the assembly "System.Web". Check to make sure the assembly exists on disk. If this reference is required by your code, you may get compilation errors. [C:\Users\ultra\warewolf\Dev\Dev2.Data\Dev2.Data.csproj]
C:\Program Files\dotnet\sdk\10.0.201\Microsoft.Common.CurrentVersion.targets(2451,5): warning MSB3245: Could not resolve this reference. Could not locate the assembly "System.Web.Extensions". Check to make sure the assembly exists on disk. If this reference is required by your code, you may get compilation errors. [C:\Users\ultra\warewolf\Dev\Dev2.Data\Dev2.Data.csproj]
C:\Program Files\dotnet\sdk\10.0.201\Microsoft.Common.CurrentVersion.targets(2451,5): warning MSB3245: Could not resolve this reference. Could not locate the assembly "System.Xml.Linq". Check to make sure the assembly exists on disk. If this reference is required by your code, you may get compilation errors. [C:\Users\ultra\warewolf\Dev\Dev2.Data\Dev2.Data.csproj]
C:\Program Files\dotnet\sdk\10.0.201\Microsoft.Common.CurrentVersion.targets(2451,5): warning MSB3245: Could not resolve this reference. Could not locate the assembly "System.Data.DataSetExtensions". Check to make sure the assembly exists on disk. If this reference is required by your code, you may get compilation errors. [C:\Users\ultra\warewolf\Dev\Dev2.Data\Dev2.Data.csproj]
C:\Program Files\dotnet\sdk\10.0.201\Microsoft.Common.CurrentVersion.targets(2451,5): warning MSB3245: Could not resolve this reference. Could not locate the assembly "Microsoft.CSharp". Check to make sure the assembly exists on disk. If this reference is required by your code, you may get compilation errors. [C:\Users\ultra\warewolf\Dev\Dev2.Data\Dev2.Data.csproj]
C:\Program Files\dotnet\sdk\10.0.201\Microsoft.Common.CurrentVersion.targets(2451,5): warning MSB3245: Could not resolve this reference. Could not locate the assembly "System.Data". Check to make sure the assembly exists on disk. If this reference is required by your code, you may get compilation errors. [C:\Users\ultra\warewolf\Dev\Dev2.Data\Dev2.Data.csproj]
C:\Program Files\dotnet\sdk\10.0.201\Microsoft.Common.CurrentVersion.targets(2451,5): warning MSB3245: Could not resolve this reference. Could not locate the assembly "System.Xml". Check to make sure the assembly exists on disk. If this reference is required by your code, you may get compilation errors. [C:\Users\ultra\warewolf\Dev\Dev2.Data\Dev2.Data.csproj]
C:\Program Files\dotnet\sdk\10.0.201\Microsoft.Common.CurrentVersion.targets(2451,5): warning MSB3243: No way to resolve conflict between "System.Web, Version=4.0.0.0, Culture=neutral, PublicKeyToken=b03f5f7f11d50a3a" and "System.Web". Choosing "System.Web, Version=4.0.0.0, Culture=neutral, PublicKeyToken=b03f5f7f11d50a3a" arbitrarily. [C:\Users\ultra\warewolf\Dev\Dev2.Data\Dev2.Data.csproj]
C:\Program Files\dotnet\sdk\10.0.201\Microsoft.Common.CurrentVersion.targets(2451,5): warning MSB3243: No way to resolve conflict between "System.Xml.Linq, Version=4.0.0.0, Culture=neutral, PublicKeyToken=b77a5c561934e089" and "System.Xml.Linq". Choosing "System.Xml.Linq, Version=4.0.0.0, Culture=neutral, PublicKeyToken=b77a5c561934e089" arbitrarily. [C:\Users\ultra\warewolf\Dev\Dev2.Data\Dev2.Data.csproj]
C:\Program Files\dotnet\sdk\10.0.201\Microsoft.Common.CurrentVersion.targets(2451,5): warning MSB3243: No way to resolve conflict between "System.Data.DataSetExtensions, Version=8.0.0.0, Culture=neutral, PublicKeyToken=b77a5c561934e089" and "System.Data.DataSetExtensions". Choosing "System.Data.DataSetExtensions, Version=8.0.0.0, Culture=neutral, PublicKeyToken=b77a5c561934e089" arbitrarily. [C:\Users\ultra\warewolf\Dev\Dev2.Data\Dev2.Data.csproj]
C:\Program Files\dotnet\sdk\10.0.201\Microsoft.Common.CurrentVersion.targets(2451,5): warning MSB3243: No way to resolve conflict between "Microsoft.CSharp, Version=8.0.0.0, Culture=neutral, PublicKeyToken=b03f5f7f11d50a3a" and "Microsoft.CSharp". Choosing "Microsoft.CSharp, Version=8.0.0.0, Culture=neutral, PublicKeyToken=b03f5f7f11d50a3a" arbitrarily. [C:\Users\ultra\warewolf\Dev\Dev2.Data\Dev2.Data.csproj]
C:\Program Files\dotnet\sdk\10.0.201\Microsoft.Common.CurrentVersion.targets(2451,5): warning MSB3243: No way to resolve conflict between "System.Data, Version=4.0.0.0, Culture=neutral, PublicKeyToken=b77a5c561934e089" and "System.Data". Choosing "System.Data, Version=4.0.0.0, Culture=neutral, PublicKeyToken=b77a5c561934e089" arbitrarily. [C:\Users\ultra\warewolf\Dev\Dev2.Data\Dev2.Data.csproj]
C:\Program Files\dotnet\sdk\10.0.201\Microsoft.Common.CurrentVersion.targets(2451,5): warning MSB3243: No way to resolve conflict between "System.Xml, Version=4.0.0.0, Culture=neutral, PublicKeyToken=b77a5c561934e089" and "System.Xml". Choosing "System.Xml, Version=4.0.0.0, Culture=neutral, PublicKeyToken=b77a5c561934e089" arbitrarily. [C:\Users\ultra\warewolf\Dev\Dev2.Data\Dev2.Data.csproj]
CSC : warning CS2002: Source file 'C:\Users\ultra\warewolf\Dev\Dev2.Data\MathOperations\NCalc\NCalcExpressionBuilder.cs' specified multiple times [C:\Users\ultra\warewolf\Dev\Dev2.Data\Dev2.Data.csproj]
CSC : warning CS2002: Source file 'C:\Users\ultra\warewolf\Dev\Dev2.Data\MathOperations\NCalc\NCalcFunctionArgHelper.cs' specified multiple times [C:\Users\ultra\warewolf\Dev\Dev2.Data\Dev2.Data.csproj]
CSC : warning CS2002: Source file 'C:\Users\ultra\warewolf\Dev\Dev2.Data\MathOperations\NCalc\Functions\BaseConversionFunctions.cs' specified multiple times [C:\Users\ultra\warewolf\Dev\Dev2.Data\Dev2.Data.csproj]
CSC : warning CS2002: Source file 'C:\Users\ultra\warewolf\Dev\Dev2.Data\MathOperations\NCalc\Functions\ComplexFunctions.cs' specified multiple times [C:\Users\ultra\warewolf\Dev\Dev2.Data\Dev2.Data.csproj]
CSC : warning CS2002: Source file 'C:\Users\ultra\warewolf\Dev\Dev2.Data\MathOperations\NCalc\Functions\DateTimeFunctions.cs' specified multiple times [C:\Users\ultra\warewolf\Dev\Dev2.Data\Dev2.Data.csproj]
CSC : warning CS2002: Source file 'C:\Users\ultra\warewolf\Dev\Dev2.Data\MathOperations\NCalc\Functions\FinancialFunctions.cs' specified multiple times [C:\Users\ultra\warewolf\Dev\Dev2.Data\Dev2.Data.csproj]
CSC : warning CS2002: Source file 'C:\Users\ultra\warewolf\Dev\Dev2.Data\MathOperations\NCalc\Functions\InformationFunctions.cs' specified multiple times [C:\Users\ultra\warewolf\Dev\Dev2.Data\Dev2.Data.csproj]
CSC : warning CS2002: Source file 'C:\Users\ultra\warewolf\Dev\Dev2.Data\MathOperations\NCalc\Functions\MathFunctions.cs' specified multiple times [C:\Users\ultra\warewolf\Dev\Dev2.Data\Dev2.Data.csproj]
CSC : warning CS2002: Source file 'C:\Users\ultra\warewolf\Dev\Dev2.Data\MathOperations\NCalc\Functions\StringFunctions.cs' specified multiple times [C:\Users\ultra\warewolf\Dev\Dev2.Data\Dev2.Data.csproj]
C:\Users\ultra\warewolf\Dev\Dev2.Data\MathOperations\NCalc\Functions\MathFunctions.cs(22,30): warning CS8632: The annotation for nullable reference types should only be used in code within a '#nullable' annotations context. [C:\Users\ultra\warewolf\Dev\Dev2.Data\Dev2.Data.csproj]
C:\Users\ultra\warewolf\Dev\Dev2.Data\MathOperations\NCalc\NCalcFunctionArgHelper.cs(51,47): warning CS8632: The annotation for nullable reference types should only be used in code within a '#nullable' annotations context. [C:\Users\ultra\warewolf\Dev\Dev2.Data\Dev2.Data.csproj]
C:\Users\ultra\warewolf\Dev\Dev2.Data\MathOperations\NCalc\Functions\StringFunctions.cs(94,59): warning CS8632: The annotation for nullable reference types should only be used in code within a '#nullable' annotations context. [C:\Users\ultra\warewolf\Dev\Dev2.Data\Dev2.Data.csproj]
C:\Users\ultra\warewolf\Dev\Dev2.Data\NativeMethods.cs(66,59): warning CS0472: The result of the expression is always 'false' since a value of type 'nint' is never equal to 'null' of type 'nint?' [C:\Users\ultra\warewolf\Dev\Dev2.Data\Dev2.Data.csproj]
C:\Users\ultra\warewolf\Dev\Dev2.Data\NativeMethods.cs(88,8): warning CS0472: The result of the expression is always 'false' since a value of type 'nint' is never equal to 'null' of type 'nint?' [C:\Users\ultra\warewolf\Dev\Dev2.Data\Dev2.Data.csproj]
C:\Users\ultra\warewolf\Dev\Dev2.Data\Security\WindowsIdentityExtensions.cs(28,49): warning CA1416: This call site is reachable on all platforms. 'WindowsIdentity.AccessToken' is only supported on: 'windows'. (https://learn.microsoft.com/dotnet/fundamentals/code-analysis/quality-rules/ca1416) [C:\Users\ultra\warewolf\Dev\Dev2.Data\Dev2.Data.csproj]
C:\Users\ultra\warewolf\Dev\Dev2.Data\Security\WindowsIdentityExtensions.cs(41,24): warning CA1416: This call site is reachable on all platforms. 'WindowsIdentity.RunImpersonated<T>(SafeAccessTokenHandle, Func<T>)' is only supported on: 'windows'. (https://learn.microsoft.com/dotnet/fundamentals/code-analysis/quality-rules/ca1416) [C:\Users\ultra\warewolf\Dev\Dev2.Data\Dev2.Data.csproj]
C:\Users\ultra\warewolf\Dev\Dev2.Data\Security\WindowsIdentityExtensions.cs(41,59): warning CA1416: This call site is reachable on all platforms. 'WindowsIdentity.AccessToken' is only supported on: 'windows'. (https://learn.microsoft.com/dotnet/fundamentals/code-analysis/quality-rules/ca1416) [C:\Users\ultra\warewolf\Dev\Dev2.Data\Dev2.Data.csproj]
C:\Users\ultra\warewolf\Dev\Dev2.Data\Security\WindowsIdentityExtensions.cs(28,17): warning CA1416: This call site is reachable on all platforms. 'WindowsIdentity.RunImpersonated(SafeAccessTokenHandle, Action)' is only supported on: 'windows'. (https://learn.microsoft.com/dotnet/fundamentals/code-analysis/quality-rules/ca1416) [C:\Users\ultra\warewolf\Dev\Dev2.Data\Dev2.Data.csproj]
C:\Users\ultra\warewolf\Dev\Dev2.Data\PathOperations\ValidateAuthorization.cs(73,33): warning CA1416: This call site is reachable on all platforms. 'WindowsIdentity' is only supported on: 'windows'. (https://learn.microsoft.com/dotnet/fundamentals/code-analysis/quality-rules/ca1416) [C:\Users\ultra\warewolf\Dev\Dev2.Data\Dev2.Data.csproj]
  Dev2.SignalR.Wrappers.New -> C:\Users\ultra\warewolf\Dev\Dev2.SignalR.Wrappers.New\bin\Debug\net8.0\Dev2.SignalR.Wrappers.New.dll
  Dev2.Data -> C:\Users\ultra\warewolf\Dev\Dev2.Data\bin\Debug\net8.0\Dev2.Data.dll
  Dev2.Core -> C:\Users\ultra\warewolf\Dev\Dev2.Core\bin\Debug\net8.0\Dev2.Core.dll
  Warewolf.Driver.Serilog -> C:\Users\ultra\warewolf\Dev\Warewolf.Driver.Serilog\bin\Debug\net8.0\Warewolf.Driver.Serilog.dll
  Dev2.Scheduler -> C:\Users\ultra\warewolf\Dev\Dev2.Scheduler\bin\Debug\net8.0\Dev2.Scheduler.dll
  Warewolf.Exchange.Email.Wrapper -> C:\Users\ultra\warewolf\Dev\Warewolf.Exchange.Email.Wrapper\bin\Debug\net8.0\Warewolf.Exchange.Email.Wrapper.dll
C:\Users\ultra\warewolf\Dev\Warewolf.Core\InputsFromJson.cs(99,21): warning CC0105: Use 'var' instead of specifying the type name. (https://code-cracker.github.io/diagnostics/CC0105.html) [C:\Users\ultra\warewolf\Dev\Warewolf.Core\Warewolf.Core.csproj]
  Warewolf.Core -> C:\Users\ultra\warewolf\Dev\Warewolf.Core\bin\Debug\net8.0\Warewolf.Core.dll
  Warewolf.ResourceManagement -> C:\Users\ultra\warewolf\Dev\Warewolf.ResourceManagement\bin\Debug\net8.0\Warewolf.ResourceManagement.dll
C:\Users\ultra\warewolf\Dev\Warewolf.Auditing\Audit.cs(189,26): warning CS8073: The result of the expression is always 'false' since a value of type 'DateTime' is never equal to 'null' of type 'DateTime?' [C:\Users\ultra\warewolf\Dev\Warewolf.Auditing\Warewolf.Auditing.csproj]
C:\Users\ultra\warewolf\Dev\Warewolf.Auditing\Drivers\AuditQueryableElastic.cs(360,33): warning CS0618: 'ElasticsearchClient.Search<TDocument>(SearchRequestDescriptor<TDocument>)' is obsolete: 'Synchronous methods are deprecated and could be removed in the future.' [C:\Users\ultra\warewolf\Dev\Warewolf.Auditing\Warewolf.Auditing.csproj]
C:\Users\ultra\warewolf\Dev\Warewolf.Auditing\Drivers\AuditQueryableElastic.cs(384,26): warning CS0618: 'ElasticsearchClient.Ping()' is obsolete: 'Synchronous methods are deprecated and could be removed in the future.' [C:\Users\ultra\warewolf\Dev\Warewolf.Auditing\Warewolf.Auditing.csproj]
  Warewolf.Auditing -> C:\Users\ultra\warewolf\Dev\Warewolf.Auditing\bin\Debug\net8.0\Warewolf.Auditing.dll
C:\Users\ultra\warewolf\Dev\Warewolf.Common.NetStandard20\Wrappers\WebClientWrapper.cs(26,26): warning SYSLIB0014: 'WebClient.WebClient()' is obsolete: 'WebRequest, HttpWebRequest, ServicePoint, and WebClient are obsolete. Use HttpClient instead.' (https://aka.ms/dotnet-warnings/SYSLIB0014) [C:\Users\ultra\warewolf\Dev\Warewolf.Common.NetStandard20\Warewolf.Common.NetStandard20.csproj]
C:\Users\ultra\warewolf\Dev\Warewolf.Common.NetStandard20\Wrappers\WebRequestWrapper.cs(26,24): warning SYSLIB0014: 'WebRequest.Create(string)' is obsolete: 'WebRequest, HttpWebRequest, ServicePoint, and WebClient are obsolete. Use HttpClient instead.' (https://aka.ms/dotnet-warnings/SYSLIB0014) [C:\Users\ultra\warewolf\Dev\Warewolf.Common.NetStandard20\Warewolf.Common.NetStandard20.csproj]
C:\Users\ultra\warewolf\Dev\Warewolf.Common.NetStandard20\Wrappers\WebClientWrapper.cs(31,26): warning SYSLIB0014: 'WebClient.WebClient()' is obsolete: 'WebRequest, HttpWebRequest, ServicePoint, and WebClient are obsolete. Use HttpClient instead.' (https://aka.ms/dotnet-warnings/SYSLIB0014) [C:\Users\ultra\warewolf\Dev\Warewolf.Common.NetStandard20\Warewolf.Common.NetStandard20.csproj]
  Warewolf.Common.NetStandard20 -> C:\Users\ultra\warewolf\Dev\Warewolf.Common.NetStandard20\bin\Debug\net8.0\Warewolf.Common.NetStandard20.dll
C:\Users\ultra\warewolf\Dev\Dev2.Runtime.Services\ServiceModel\ElasticsearchSources.cs(110,34): warning CS0618: 'ElasticsearchClient.Ping()' is obsolete: 'Synchronous methods are deprecated and could be removed in the future.' [C:\Users\ultra\warewolf\Dev\Dev2.Runtime.Services\Dev2.Runtime.Services.csproj]
C:\Users\ultra\warewolf\Dev\Dev2.Runtime.Services\ESB\Management\Services\FetchTestsAndTriggers.cs(45,17): warning CC0105: Use 'var' instead of specifying the type name. (https://code-cracker.github.io/diagnostics/CC0105.html) [C:\Users\ultra\warewolf\Dev\Dev2.Runtime.Services\Dev2.Runtime.Services.csproj]
C:\Users\ultra\warewolf\Dev\Dev2.Runtime.Services\UsageLogger.cs(66,33): warning CC0022: ManagementObjectSearcher should be disposed. (https://code-cracker.github.io/diagnostics/CC0022.html) [C:\Users\ultra\warewolf\Dev\Dev2.Runtime.Services\Dev2.Runtime.Services.csproj]
C:\Users\ultra\warewolf\Dev\Dev2.Runtime.Services\ServiceModel\WebSources.cs(532,7): warning CC0004: Empty Catch Block. (https://code-cracker.github.io/diagnostics/CC0004.html) [C:\Users\ultra\warewolf\Dev\Dev2.Runtime.Services\Dev2.Runtime.Services.csproj]
C:\Users\ultra\warewolf\Dev\Dev2.Runtime.Services\ServiceModel\WebSources.cs(751,38): warning CC0022: StringContent should be disposed. (https://code-cracker.github.io/diagnostics/CC0022.html) [C:\Users\ultra\warewolf\Dev\Dev2.Runtime.Services\Dev2.Runtime.Services.csproj]
C:\Users\ultra\warewolf\Dev\Dev2.Runtime.Services\ESB\Management\Services\TestChatbotSource.cs(44,17): warning CC0105: Use 'var' instead of specifying the type name. (https://code-cracker.github.io/diagnostics/CC0105.html) [C:\Users\ultra\warewolf\Dev\Dev2.Runtime.Services\Dev2.Runtime.Services.csproj]
C:\Users\ultra\warewolf\Dev\Dev2.Runtime.Services\ESB\Management\Services\TestChatbotSource.cs(45,17): warning CC0105: Use 'var' instead of specifying the type name. (https://code-cracker.github.io/diagnostics/CC0105.html) [C:\Users\ultra\warewolf\Dev\Dev2.Runtime.Services\Dev2.Runtime.Services.csproj]
C:\Users\ultra\warewolf\Dev\Dev2.Runtime.Services\ESB\Management\Services\ChatbotToolNormalizer.cs(80,17): warning CC0003: Consider adding an Exception to the catch. (https://code-cracker.github.io/diagnostics/CC0003.html) [C:\Users\ultra\warewolf\Dev\Dev2.Runtime.Services\Dev2.Runtime.Services.csproj]
C:\Users\ultra\warewolf\Dev\Dev2.Runtime.Services\ESB\Management\Services\ChatbotToolNormalizer.cs(101,21): warning CC0004: Empty Catch Block. (https://code-cracker.github.io/diagnostics/CC0004.html) [C:\Users\ultra\warewolf\Dev\Dev2.Runtime.Services\Dev2.Runtime.Services.csproj]
C:\Users\ultra\warewolf\Dev\Dev2.Runtime.Services\ESB\Management\Services\ChatbotToolNormalizer.cs(226,21): warning CC0105: Use 'var' instead of specifying the type name. (https://code-cracker.github.io/diagnostics/CC0105.html) [C:\Users\ultra\warewolf\Dev\Dev2.Runtime.Services\Dev2.Runtime.Services.csproj]
C:\Users\ultra\warewolf\Dev\Dev2.Runtime.Services\ESB\Management\Services\ChatbotToolNormalizer.cs(279,21): warning CC0105: Use 'var' instead of specifying the type name. (https://code-cracker.github.io/diagnostics/CC0105.html) [C:\Users\ultra\warewolf\Dev\Dev2.Runtime.Services\Dev2.Runtime.Services.csproj]
C:\Program Files\dotnet\sdk\10.0.201\Sdks\Microsoft.NET.Sdk\targets\Microsoft.NET.Sdk.targets(308,5): warning NETSDK1206: Found version-specific or distribution-specific runtime identifier(s): win7-x64, win7-x86. Affected libraries: SQLite. In .NET 8.0 and higher, assets for version-specific and distribution-specific runtime identifiers will not be found by default. See https://aka.ms/dotnet/rid-usage for details. [C:\Users\ultra\warewolf\Dev\Dev2.Runtime.Services\Dev2.Runtime.Services.csproj]
  Dev2.Runtime.Services -> C:\Users\ultra\warewolf\Dev\Dev2.Runtime.Services\bin\Debug\net8.0\Dev2.Runtime.Services.dll
C:\Users\ultra\warewolf\Dev\Warewolf.Driver.Persistence\Drivers\HangfireScheduler.cs(397,17): warning CA2200: Re-throwing caught exception changes stack information (https://learn.microsoft.com/dotnet/fundamentals/code-analysis/quality-rules/ca2200) [C:\Users\ultra\warewolf\Dev\Warewolf.Driver.Persistence\Warewolf.Driver.Persistence.csproj]
C:\Users\ultra\warewolf\Dev\Warewolf.Driver.Persistence\Drivers\HangfireScheduler.cs(376,17): warning CA2200: Re-throwing caught exception changes stack information (https://learn.microsoft.com/dotnet/fundamentals/code-analysis/quality-rules/ca2200) [C:\Users\ultra\warewolf\Dev\Warewolf.Driver.Persistence\Warewolf.Driver.Persistence.csproj]
C:\Users\ultra\warewolf\Dev\Warewolf.Driver.Persistence\Drivers\HangfireScheduler.cs(320,17): warning CA2200: Re-throwing caught exception changes stack information (https://learn.microsoft.com/dotnet/fundamentals/code-analysis/quality-rules/ca2200) [C:\Users\ultra\warewolf\Dev\Warewolf.Driver.Persistence\Warewolf.Driver.Persistence.csproj]
C:\Program Files\dotnet\sdk\10.0.201\Sdks\Microsoft.NET.Sdk\targets\Microsoft.NET.Sdk.targets(308,5): warning NETSDK1206: Found version-specific or distribution-specific runtime identifier(s): win7-x64, win7-x86. Affected libraries: SQLite. In .NET 8.0 and higher, assets for version-specific and distribution-specific runtime identifiers will not be found by default. See https://aka.ms/dotnet/rid-usage for details. [C:\Users\ultra\warewolf\Dev\Dev2.Studio.Interfaces\Dev2.Studio.Interfaces.csproj]
C:\Program Files\dotnet\sdk\10.0.201\Sdks\Microsoft.NET.Sdk\targets\Microsoft.NET.Sdk.targets(308,5): warning NETSDK1206: Found version-specific or distribution-specific runtime identifier(s): win7-x64, win7-x86. Affected libraries: SQLite. In .NET 8.0 and higher, assets for version-specific and distribution-specific runtime identifiers will not be found by default. See https://aka.ms/dotnet/rid-usage for details. [C:\Users\ultra\warewolf\Dev\Warewolf.Driver.Persistence\Warewolf.Driver.Persistence.csproj]
  Dev2.Studio.Interfaces -> C:\Users\ultra\warewolf\Dev\Dev2.Studio.Interfaces\bin\Debug\net8.0\Dev2.Studio.Interfaces.dll
  Warewolf.Driver.Persistence -> C:\Users\ultra\warewolf\Dev\Warewolf.Driver.Persistence\bin\Debug\net8.0\Warewolf.Driver.Persistence.dll
C:\Program Files\dotnet\sdk\10.0.201\Sdks\Microsoft.NET.Sdk\targets\Microsoft.NET.Sdk.targets(308,5): warning NETSDK1206: Found version-specific or distribution-specific runtime identifier(s): win7-x64, win7-x86. Affected libraries: SQLite. In .NET 8.0 and higher, assets for version-specific and distribution-specific runtime identifiers will not be found by default. See https://aka.ms/dotnet/rid-usage for details. [C:\Users\ultra\warewolf\Dev\Dev2.Services.Execution\Dev2.Services.Execution.csproj]
  Dev2.Services.Execution -> C:\Users\ultra\warewolf\Dev\Dev2.Services.Execution\bin\Debug\net8.0\Dev2.Services.Execution.dll
C:\Program Files\dotnet\sdk\10.0.201\Microsoft.Common.CurrentVersion.targets(2451,5): warning MSB3245: Could not resolve this reference. Could not locate the assembly "System.ServiceModel.Activities". Check to make sure the assembly exists on disk. If this reference is required by your code, you may get compilation errors. [C:\Users\ultra\warewolf\Dev\Dev2.Activities\Dev2.Activities.csproj]
C:\Program Files\dotnet\sdk\10.0.201\Microsoft.Common.CurrentVersion.targets(2451,5): warning MSB3277: Found conflicts between different versions of "Microsoft.Win32.SystemEvents" that could not be resolved. [C:\Users\ultra\warewolf\Dev\Warewolf.Studio.Core\Warewolf.Studio.Core.csproj]
C:\Program Files\dotnet\sdk\10.0.201\Microsoft.Common.CurrentVersion.targets(2451,5): warning MSB3277: There was a conflict between "Microsoft.Win32.SystemEvents, Version=6.0.0.0, Culture=neutral, PublicKeyToken=cc7b13ffcd2ddd51" and "Microsoft.Win32.SystemEvents, Version=7.0.0.0, Culture=neutral, PublicKeyToken=cc7b13ffcd2ddd51". [C:\Users\ultra\warewolf\Dev\Warewolf.Studio.Core\Warewolf.Studio.Core.csproj]
C:\Program Files\dotnet\sdk\10.0.201\Microsoft.Common.CurrentVersion.targets(2451,5): warning MSB3277:     "Microsoft.Win32.SystemEvents, Version=6.0.0.0, Culture=neutral, PublicKeyToken=cc7b13ffcd2ddd51" was chosen because it was primary and "Microsoft.Win32.SystemEvents, Version=7.0.0.0, Culture=neutral, PublicKeyToken=cc7b13ffcd2ddd51" was not. [C:\Users\ultra\warewolf\Dev\Warewolf.Studio.Core\Warewolf.Studio.Core.csproj]
C:\Program Files\dotnet\sdk\10.0.201\Microsoft.Common.CurrentVersion.targets(2451,5): warning MSB3277:     References which depend on "Microsoft.Win32.SystemEvents, Version=6.0.0.0, Culture=neutral, PublicKeyToken=cc7b13ffcd2ddd51" [C:\Users\ultra\.nuget\packages\microsoft.win32.systemevents\6.0.0\lib\net6.0\Microsoft.Win32.SystemEvents.dll]. [C:\Users\ultra\warewolf\Dev\Warewolf.Studio.Core\Warewolf.Studio.Core.csproj]
C:\Program Files\dotnet\sdk\10.0.201\Microsoft.Common.CurrentVersion.targets(2451,5): warning MSB3277:         C:\Users\ultra\.nuget\packages\microsoft.win32.systemevents\6.0.0\lib\net6.0\Microsoft.Win32.SystemEvents.dll [C:\Users\ultra\warewolf\Dev\Warewolf.Studio.Core\Warewolf.Studio.Core.csproj]
C:\Program Files\dotnet\sdk\10.0.201\Microsoft.Common.CurrentVersion.targets(2451,5): warning MSB3277:           Project file item includes which caused reference "C:\Users\ultra\.nuget\packages\microsoft.win32.systemevents\6.0.0\lib\net6.0\Microsoft.Win32.SystemEvents.dll". [C:\Users\ultra\warewolf\Dev\Warewolf.Studio.Core\Warewolf.Studio.Core.csproj]
C:\Program Files\dotnet\sdk\10.0.201\Microsoft.Common.CurrentVersion.targets(2451,5): warning MSB3277:             C:\Users\ultra\.nuget\packages\microsoft.win32.systemevents\6.0.0\lib\net6.0\Microsoft.Win32.SystemEvents.dll [C:\Users\ultra\warewolf\Dev\Warewolf.Studio.Core\Warewolf.Studio.Core.csproj]
C:\Program Files\dotnet\sdk\10.0.201\Microsoft.Common.CurrentVersion.targets(2451,5): warning MSB3277:     References which depend on or have been unified to "Microsoft.Win32.SystemEvents, Version=7.0.0.0, Culture=neutral, PublicKeyToken=cc7b13ffcd2ddd51" []. [C:\Users\ultra\warewolf\Dev\Warewolf.Studio.Core\Warewolf.Studio.Core.csproj]
C:\Program Files\dotnet\sdk\10.0.201\Microsoft.Common.CurrentVersion.targets(2451,5): warning MSB3277:         C:\Users\ultra\warewolf\Dev\Dev2.Common\bin\Debug\net8.0\Dev2.Common.dll [C:\Users\ultra\warewolf\Dev\Warewolf.Studio.Core\Warewolf.Studio.Core.csproj]
C:\Program Files\dotnet\sdk\10.0.201\Microsoft.Common.CurrentVersion.targets(2451,5): warning MSB3277:           Project file item includes which caused reference "C:\Users\ultra\warewolf\Dev\Dev2.Common\bin\Debug\net8.0\Dev2.Common.dll". [C:\Users\ultra\warewolf\Dev\Warewolf.Studio.Core\Warewolf.Studio.Core.csproj]
C:\Program Files\dotnet\sdk\10.0.201\Microsoft.Common.CurrentVersion.targets(2451,5): warning MSB3277:             C:\Users\ultra\warewolf\Dev\Dev2.Common\bin\Debug\net8.0\Dev2.Common.dll [C:\Users\ultra\warewolf\Dev\Warewolf.Studio.Core\Warewolf.Studio.Core.csproj]
C:\Program Files\dotnet\sdk\10.0.201\Microsoft.Common.CurrentVersion.targets(2451,5): warning MSB3277:             C:\Users\ultra\warewolf\Dev\Dev2.Core\bin\Debug\net8.0\Dev2.Core.dll [C:\Users\ultra\warewolf\Dev\Warewolf.Studio.Core\Warewolf.Studio.Core.csproj]
C:\Program Files\dotnet\sdk\10.0.201\Microsoft.Common.CurrentVersion.targets(2451,5): warning MSB3277:             C:\Users\ultra\warewolf\Dev\Dev2.Infrastructure\bin\Debug\net8.0\Dev2.Infrastructure.dll [C:\Users\ultra\warewolf\Dev\Warewolf.Studio.Core\Warewolf.Studio.Core.csproj]
C:\Program Files\dotnet\sdk\10.0.201\Microsoft.Common.CurrentVersion.targets(2451,5): warning MSB3277:             C:\Users\ultra\warewolf\Dev\Dev2.Studio.Interfaces\bin\Debug\net8.0\Dev2.Studio.Interfaces.dll [C:\Users\ultra\warewolf\Dev\Warewolf.Studio.Core\Warewolf.Studio.Core.csproj]
C:\Program Files\dotnet\sdk\10.0.201\Microsoft.Common.CurrentVersion.targets(2451,5): warning MSB3277:             C:\Users\ultra\warewolf\Dev\Dev2.Data\bin\Debug\net8.0\Dev2.Data.dll [C:\Users\ultra\warewolf\Dev\Warewolf.Studio.Core\Warewolf.Studio.Core.csproj]
C:\Program Files\dotnet\sdk\10.0.201\Microsoft.Common.CurrentVersion.targets(2451,5): warning MSB3277:             C:\Users\ultra\warewolf\Dev\Dev2.Diagnostics\bin\Debug\net8.0\Dev2.Diagnostics.dll [C:\Users\ultra\warewolf\Dev\Warewolf.Studio.Core\Warewolf.Studio.Core.csproj]
C:\Program Files\dotnet\sdk\10.0.201\Microsoft.Common.CurrentVersion.targets(2451,5): warning MSB3277:             C:\Users\ultra\warewolf\Dev\Dev2.Runtime.Services\bin\Debug\net8.0\Dev2.Runtime.Services.dll [C:\Users\ultra\warewolf\Dev\Warewolf.Studio.Core\Warewolf.Studio.Core.csproj]
C:\Program Files\dotnet\sdk\10.0.201\Microsoft.Common.CurrentVersion.targets(2451,5): warning MSB3277:             C:\Users\ultra\warewolf\Dev\Dev2.Scheduler\bin\Debug\net8.0\Dev2.Scheduler.dll [C:\Users\ultra\warewolf\Dev\Warewolf.Studio.Core\Warewolf.Studio.Core.csproj]
C:\Program Files\dotnet\sdk\10.0.201\Microsoft.Common.CurrentVersion.targets(2451,5): warning MSB3277:             C:\Users\ultra\warewolf\Dev\Dev2.Services.Sql\bin\Debug\net8.0\Dev2.Services.Sql.dll [C:\Users\ultra\warewolf\Dev\Warewolf.Studio.Core\Warewolf.Studio.Core.csproj]
C:\Program Files\dotnet\sdk\10.0.201\Microsoft.Common.CurrentVersion.targets(2451,5): warning MSB3277:             C:\Users\ultra\warewolf\Dev\Dev2.TaskScheduler.Wrappers\bin\Debug\net8.0\Dev2.TaskScheduler.Wrappers.dll [C:\Users\ultra\warewolf\Dev\Warewolf.Studio.Core\Warewolf.Studio.Core.csproj]
C:\Program Files\dotnet\sdk\10.0.201\Microsoft.Common.CurrentVersion.targets(2451,5): warning MSB3277:             C:\Users\ultra\warewolf\Dev\Dev2.Util\bin\Debug\net8.0\Dev2.Util.dll [C:\Users\ultra\warewolf\Dev\Warewolf.Studio.Core\Warewolf.Studio.Core.csproj]
C:\Program Files\dotnet\sdk\10.0.201\Microsoft.Common.CurrentVersion.targets(2451,5): warning MSB3277:             C:\Users\ultra\warewolf\Dev\Warewolf.AI.Harness\bin\Debug\net8.0\Warewolf.AI.Harness.dll [C:\Users\ultra\warewolf\Dev\Warewolf.Studio.Core\Warewolf.Studio.Core.csproj]
C:\Program Files\dotnet\sdk\10.0.201\Microsoft.Common.CurrentVersion.targets(2451,5): warning MSB3277:             C:\Users\ultra\warewolf\Dev\Warewolf.Auditing\bin\Debug\net8.0\Warewolf.Auditing.dll [C:\Users\ultra\warewolf\Dev\Warewolf.Studio.Core\Warewolf.Studio.Core.csproj]
C:\Program Files\dotnet\sdk\10.0.201\Microsoft.Common.CurrentVersion.targets(2451,5): warning MSB3277:             C:\Users\ultra\warewolf\Dev\Warewolf.Common.NetStandard20\bin\Debug\net8.0\Warewolf.Common.NetStandard20.dll [C:\Users\ultra\warewolf\Dev\Warewolf.Studio.Core\Warewolf.Studio.Core.csproj]
C:\Program Files\dotnet\sdk\10.0.201\Microsoft.Common.CurrentVersion.targets(2451,5): warning MSB3277:             C:\Users\ultra\warewolf\Dev\Warewolf.Core\bin\Debug\net8.0\Warewolf.Core.dll [C:\Users\ultra\warewolf\Dev\Warewolf.Studio.Core\Warewolf.Studio.Core.csproj]
C:\Program Files\dotnet\sdk\10.0.201\Microsoft.Common.CurrentVersion.targets(2451,5): warning MSB3277:             C:\Users\ultra\warewolf\Dev\Warewolf.Driver.Serilog\bin\Debug\net8.0\Warewolf.Driver.Serilog.dll [C:\Users\ultra\warewolf\Dev\Warewolf.Studio.Core\Warewolf.Studio.Core.csproj]
C:\Program Files\dotnet\sdk\10.0.201\Microsoft.Common.CurrentVersion.targets(2451,5): warning MSB3277:             C:\Users\ultra\warewolf\Dev\Warewolf.ResourceManagement\bin\Debug\net8.0\Warewolf.ResourceManagement.dll [C:\Users\ultra\warewolf\Dev\Warewolf.Studio.Core\Warewolf.Studio.Core.csproj]
C:\Program Files\dotnet\sdk\10.0.201\Microsoft.Common.CurrentVersion.targets(2451,5): warning MSB3277:             C:\Users\ultra\warewolf\Dev\Warewolf.Sharepoint\bin\Debug\net8.0\Warewolf.Sharepoint.dll [C:\Users\ultra\warewolf\Dev\Warewolf.Studio.Core\Warewolf.Studio.Core.csproj]
C:\Program Files\dotnet\sdk\10.0.201\Microsoft.Common.CurrentVersion.targets(2451,5): warning MSB3277:             C:\Users\ultra\warewolf\Dev\Warewolf.Storage\bin\Debug\net8.0\Warewolf.Storage.dll [C:\Users\ultra\warewolf\Dev\Warewolf.Studio.Core\Warewolf.Studio.Core.csproj]
C:\Program Files\dotnet\sdk\10.0.201\Microsoft.Common.CurrentVersion.targets(2451,5): warning MSB3277:         C:\Users\ultra\warewolf\Dev\Binaries\Infragistcs_Net6\InfragisticsWPF4.v15.1.dll [C:\Users\ultra\warewolf\Dev\Warewolf.Studio.Core\Warewolf.Studio.Core.csproj]
C:\Program Files\dotnet\sdk\10.0.201\Microsoft.Common.CurrentVersion.targets(2451,5): warning MSB3277:           Project file item includes which caused reference "C:\Users\ultra\warewolf\Dev\Binaries\Infragistcs_Net6\InfragisticsWPF4.v15.1.dll". [C:\Users\ultra\warewolf\Dev\Warewolf.Studio.Core\Warewolf.Studio.Core.csproj]
C:\Program Files\dotnet\sdk\10.0.201\Microsoft.Common.CurrentVersion.targets(2451,5): warning MSB3277:             InfragisticsWPF4.v15.1, Version=15.1.20151.2055, Culture=neutral, PublicKeyToken=7dd5c3163f2cd0cb, processorArchitecture=MSIL [C:\Users\ultra\warewolf\Dev\Warewolf.Studio.Core\Warewolf.Studio.Core.csproj]
C:\Program Files\dotnet\sdk\10.0.201\Microsoft.Common.CurrentVersion.targets(2451,5): warning MSB3277:             InfragisticsWPF4.Controls.Menus.XamDataTree.v15.1, Version=15.1.20151.2055, Culture=neutral, PublicKeyToken=7dd5c3163f2cd0cb, processorArchitecture=MSIL [C:\Users\ultra\warewolf\Dev\Warewolf.Studio.Core\Warewolf.Studio.Core.csproj]
C:\Program Files\dotnet\sdk\10.0.201\Microsoft.Common.CurrentVersion.targets(2451,5): warning MSB3277:             InfragisticsWPF4.DataManager.v15.1, Version=15.1.20151.2055, Culture=neutral, PublicKeyToken=7dd5c3163f2cd0cb, processorArchitecture=MSIL [C:\Users\ultra\warewolf\Dev\Warewolf.Studio.Core\Warewolf.Studio.Core.csproj]
C:\Program Files\dotnet\sdk\10.0.201\Microsoft.Common.CurrentVersion.targets(2451,5): warning MSB3277:             InfragisticsWPF4.DockManager.v15.1, Version=15.1.20151.2055, Culture=neutral, PublicKeyToken=7dd5c3163f2cd0cb, processorArchitecture=MSIL [C:\Users\ultra\warewolf\Dev\Warewolf.Studio.Core\Warewolf.Studio.Core.csproj]
C:\Program Files\dotnet\sdk\10.0.201\Microsoft.Common.CurrentVersion.targets(2451,5): warning MSB3277:         C:\Users\ultra\.nuget\packages\timespan2\2.4.2\lib\netcoreapp3.1\TimeSpan2.dll [C:\Users\ultra\warewolf\Dev\Warewolf.Studio.Core\Warewolf.Studio.Core.csproj]
C:\Program Files\dotnet\sdk\10.0.201\Microsoft.Common.CurrentVersion.targets(2451,5): warning MSB3277:           Project file item includes which caused reference "C:\Users\ultra\.nuget\packages\timespan2\2.4.2\lib\netcoreapp3.1\TimeSpan2.dll". [C:\Users\ultra\warewolf\Dev\Warewolf.Studio.Core\Warewolf.Studio.Core.csproj]
C:\Program Files\dotnet\sdk\10.0.201\Microsoft.Common.CurrentVersion.targets(2451,5): warning MSB3277:             C:\Users\ultra\.nuget\packages\timespan2\2.4.2\lib\netcoreapp3.1\TimeSpan2.dll [C:\Users\ultra\warewolf\Dev\Warewolf.Studio.Core\Warewolf.Studio.Core.csproj]
C:\Program Files\dotnet\sdk\10.0.201\Microsoft.Common.CurrentVersion.targets(2451,5): warning MSB3277:             C:\Users\ultra\.nuget\packages\taskschedulereditor\2.10.1\lib\net452\Microsoft.Win32.TaskSchedulerEditor.dll [C:\Users\ultra\warewolf\Dev\Warewolf.Studio.Core\Warewolf.Studio.Core.csproj]
C:\Program Files\dotnet\sdk\10.0.201\Microsoft.Common.CurrentVersion.targets(2451,5): warning MSB3277:         C:\Program Files\dotnet\packs\Microsoft.NETCore.App.Ref\8.0.25\ref\net8.0\System.dll [C:\Users\ultra\warewolf\Dev\Warewolf.Studio.Core\Warewolf.Studio.Core.csproj]
C:\Program Files\dotnet\sdk\10.0.201\Microsoft.Common.CurrentVersion.targets(2451,5): warning MSB3277:           Project file item includes which caused reference "C:\Program Files\dotnet\packs\Microsoft.NETCore.App.Ref\8.0.25\ref\net8.0\System.dll". [C:\Users\ultra\warewolf\Dev\Warewolf.Studio.Core\Warewolf.Studio.Core.csproj]
C:\Program Files\dotnet\sdk\10.0.201\Microsoft.Common.CurrentVersion.targets(2451,5): warning MSB3277:             C:\Program Files\dotnet\packs\Microsoft.NETCore.App.Ref\8.0.25\ref/net8.0/System.dll [C:\Users\ultra\warewolf\Dev\Warewolf.Studio.Core\Warewolf.Studio.Core.csproj]
C:\Program Files\dotnet\sdk\10.0.201\Microsoft.Common.CurrentVersion.targets(2451,5): warning MSB3277:             C:\Users\ultra\.nuget\packages\aerowizard\2.3.1\lib\net45\AeroWizard.dll [C:\Users\ultra\warewolf\Dev\Warewolf.Studio.Core\Warewolf.Studio.Core.csproj]
C:\Program Files\dotnet\sdk\10.0.201\Microsoft.Common.CurrentVersion.targets(2451,5): warning MSB3277:             C:\Users\ultra\.nuget\packages\groupcontrols\1.9.0\lib\net45\GroupControls.dll [C:\Users\ultra\warewolf\Dev\Warewolf.Studio.Core\Warewolf.Studio.Core.csproj]
C:\Program Files\dotnet\sdk\10.0.201\Microsoft.Common.CurrentVersion.targets(2451,5): warning MSB3277:             C:\Users\ultra\.nuget\packages\microsoft.xaml.behaviors.wpf\1.1.122\lib\net462\Microsoft.Xaml.Behaviors.dll [C:\Users\ultra\warewolf\Dev\Warewolf.Studio.Core\Warewolf.Studio.Core.csproj]
C:\Program Files\dotnet\sdk\10.0.201\Microsoft.Common.CurrentVersion.targets(2451,5): warning MSB3277:             C:\Users\ultra\.nuget\packages\caliburn.micro\4.0.212\lib\netcoreapp3.1\Caliburn.Micro.Platform.dll [C:\Users\ultra\warewolf\Dev\Warewolf.Studio.Core\Warewolf.Studio.Core.csproj]
C:\Program Files\dotnet\sdk\10.0.201\Microsoft.Common.CurrentVersion.targets(2451,5): warning MSB3277:             C:\Users\ultra\.nuget\packages\prism.wpf\9.0.537\lib\net462\Prism.Wpf.dll [C:\Users\ultra\warewolf\Dev\Warewolf.Studio.Core\Warewolf.Studio.Core.csproj]
C:\Program Files\dotnet\sdk\10.0.201\Microsoft.Common.CurrentVersion.targets(2451,5): warning MSB3277:             C:\Users\ultra\.nuget\packages\reactiveui.wpf\18.4.1\lib\net462\ReactiveUI.Wpf.dll [C:\Users\ultra\warewolf\Dev\Warewolf.Studio.Core\Warewolf.Studio.Core.csproj]
C:\Program Files\dotnet\sdk\10.0.201\Microsoft.Common.CurrentVersion.targets(2451,5): warning MSB3277:             C:\Users\ultra\.nuget\packages\taskschedulereditor\2.10.1\lib\net452\Microsoft.Win32.TaskSchedulerEditor.dll [C:\Users\ultra\warewolf\Dev\Warewolf.Studio.Core\Warewolf.Studio.Core.csproj]
C:\Program Files\dotnet\sdk\10.0.201\Microsoft.Common.CurrentVersion.targets(2451,5): warning MSB3277:             C:\Users\ultra\.nuget\packages\ttcue.netcore.sharepointonline.csom.16.1.8029.1200\16.1.8029.1200\lib\netcoreapp2.0\Microsoft.SharePoint.Client.Runtime.Windows.dll [C:\Users\ultra\warewolf\Dev\Warewolf.Studio.Core\Warewolf.Studio.Core.csproj]
C:\Program Files\dotnet\sdk\10.0.201\Microsoft.Common.CurrentVersion.targets(2451,5): warning MSB3277: Found conflicts between different versions of "System.Security.Permissions" that could not be resolved. [C:\Users\ultra\warewolf\Dev\Warewolf.Studio.Core\Warewolf.Studio.Core.csproj]
C:\Program Files\dotnet\sdk\10.0.201\Microsoft.Common.CurrentVersion.targets(2451,5): warning MSB3277: There was a conflict between "System.Security.Permissions, Version=6.0.0.0, Culture=neutral, PublicKeyToken=cc7b13ffcd2ddd51" and "System.Security.Permissions, Version=7.0.0.0, Culture=neutral, PublicKeyToken=cc7b13ffcd2ddd51". [C:\Users\ultra\warewolf\Dev\Warewolf.Studio.Core\Warewolf.Studio.Core.csproj]
C:\Program Files\dotnet\sdk\10.0.201\Microsoft.Common.CurrentVersion.targets(2451,5): warning MSB3277:     "System.Security.Permissions, Version=6.0.0.0, Culture=neutral, PublicKeyToken=cc7b13ffcd2ddd51" was chosen because it was primary and "System.Security.Permissions, Version=7.0.0.0, Culture=neutral, PublicKeyToken=cc7b13ffcd2ddd51" was not. [C:\Users\ultra\warewolf\Dev\Warewolf.Studio.Core\Warewolf.Studio.Core.csproj]
C:\Program Files\dotnet\sdk\10.0.201\Microsoft.Common.CurrentVersion.targets(2451,5): warning MSB3277:     References which depend on "System.Security.Permissions, Version=6.0.0.0, Culture=neutral, PublicKeyToken=cc7b13ffcd2ddd51" [C:\Users\ultra\.nuget\packages\system.security.permissions\6.0.0\lib\net6.0\System.Security.Permissions.dll]. [C:\Users\ultra\warewolf\Dev\Warewolf.Studio.Core\Warewolf.Studio.Core.csproj]
C:\Program Files\dotnet\sdk\10.0.201\Microsoft.Common.CurrentVersion.targets(2451,5): warning MSB3277:         C:\Users\ultra\.nuget\packages\system.security.permissions\6.0.0\lib\net6.0\System.Security.Permissions.dll [C:\Users\ultra\warewolf\Dev\Warewolf.Studio.Core\Warewolf.Studio.Core.csproj]
C:\Program Files\dotnet\sdk\10.0.201\Microsoft.Common.CurrentVersion.targets(2451,5): warning MSB3277:           Project file item includes which caused reference "C:\Users\ultra\.nuget\packages\system.security.permissions\6.0.0\lib\net6.0\System.Security.Permissions.dll". [C:\Users\ultra\warewolf\Dev\Warewolf.Studio.Core\Warewolf.Studio.Core.csproj]
C:\Program Files\dotnet\sdk\10.0.201\Microsoft.Common.CurrentVersion.targets(2451,5): warning MSB3277:             C:\Users\ultra\.nuget\packages\system.security.permissions\6.0.0\lib\net6.0\System.Security.Permissions.dll [C:\Users\ultra\warewolf\Dev\Warewolf.Studio.Core\Warewolf.Studio.Core.csproj]
C:\Program Files\dotnet\sdk\10.0.201\Microsoft.Common.CurrentVersion.targets(2451,5): warning MSB3277:     References which depend on or have been unified to "System.Security.Permissions, Version=7.0.0.0, Culture=neutral, PublicKeyToken=cc7b13ffcd2ddd51" []. [C:\Users\ultra\warewolf\Dev\Warewolf.Studio.Core\Warewolf.Studio.Core.csproj]
C:\Program Files\dotnet\sdk\10.0.201\Microsoft.Common.CurrentVersion.targets(2451,5): warning MSB3277:         C:\Users\ultra\warewolf\Dev\Dev2.Data\bin\Debug\net8.0\Dev2.Data.dll [C:\Users\ultra\warewolf\Dev\Warewolf.Studio.Core\Warewolf.Studio.Core.csproj]
C:\Program Files\dotnet\sdk\10.0.201\Microsoft.Common.CurrentVersion.targets(2451,5): warning MSB3277:           Project file item includes which caused reference "C:\Users\ultra\warewolf\Dev\Dev2.Data\bin\Debug\net8.0\Dev2.Data.dll". [C:\Users\ultra\warewolf\Dev\Warewolf.Studio.Core\Warewolf.Studio.Core.csproj]
C:\Program Files\dotnet\sdk\10.0.201\Microsoft.Common.CurrentVersion.targets(2451,5): warning MSB3277:             C:\Users\ultra\warewolf\Dev\Dev2.Data\bin\Debug\net8.0\Dev2.Data.dll [C:\Users\ultra\warewolf\Dev\Warewolf.Studio.Core\Warewolf.Studio.Core.csproj]
C:\Program Files\dotnet\sdk\10.0.201\Microsoft.Common.CurrentVersion.targets(2451,5): warning MSB3277:             C:\Users\ultra\warewolf\Dev\Dev2.Core\bin\Debug\net8.0\Dev2.Core.dll [C:\Users\ultra\warewolf\Dev\Warewolf.Studio.Core\Warewolf.Studio.Core.csproj]
C:\Program Files\dotnet\sdk\10.0.201\Microsoft.Common.CurrentVersion.targets(2451,5): warning MSB3277:             C:\Users\ultra\warewolf\Dev\Dev2.Studio.Interfaces\bin\Debug\net8.0\Dev2.Studio.Interfaces.dll [C:\Users\ultra\warewolf\Dev\Warewolf.Studio.Core\Warewolf.Studio.Core.csproj]
C:\Program Files\dotnet\sdk\10.0.201\Microsoft.Common.CurrentVersion.targets(2451,5): warning MSB3277:             C:\Users\ultra\warewolf\Dev\Dev2.Runtime.Services\bin\Debug\net8.0\Dev2.Runtime.Services.dll [C:\Users\ultra\warewolf\Dev\Warewolf.Studio.Core\Warewolf.Studio.Core.csproj]
C:\Program Files\dotnet\sdk\10.0.201\Microsoft.Common.CurrentVersion.targets(2451,5): warning MSB3277:             C:\Users\ultra\warewolf\Dev\Dev2.Scheduler\bin\Debug\net8.0\Dev2.Scheduler.dll [C:\Users\ultra\warewolf\Dev\Warewolf.Studio.Core\Warewolf.Studio.Core.csproj]
C:\Program Files\dotnet\sdk\10.0.201\Microsoft.Common.CurrentVersion.targets(2451,5): warning MSB3277:             C:\Users\ultra\warewolf\Dev\Warewolf.Auditing\bin\Debug\net8.0\Warewolf.Auditing.dll [C:\Users\ultra\warewolf\Dev\Warewolf.Studio.Core\Warewolf.Studio.Core.csproj]
C:\Program Files\dotnet\sdk\10.0.201\Microsoft.Common.CurrentVersion.targets(2451,5): warning MSB3277:             C:\Users\ultra\warewolf\Dev\Warewolf.Common.NetStandard20\bin\Debug\net8.0\Warewolf.Common.NetStandard20.dll [C:\Users\ultra\warewolf\Dev\Warewolf.Studio.Core\Warewolf.Studio.Core.csproj]
C:\Program Files\dotnet\sdk\10.0.201\Microsoft.Common.CurrentVersion.targets(2451,5): warning MSB3277:             C:\Users\ultra\warewolf\Dev\Warewolf.Core\bin\Debug\net8.0\Warewolf.Core.dll [C:\Users\ultra\warewolf\Dev\Warewolf.Studio.Core\Warewolf.Studio.Core.csproj]
C:\Program Files\dotnet\sdk\10.0.201\Microsoft.Common.CurrentVersion.targets(2451,5): warning MSB3277:             C:\Users\ultra\warewolf\Dev\Warewolf.ResourceManagement\bin\Debug\net8.0\Warewolf.ResourceManagement.dll [C:\Users\ultra\warewolf\Dev\Warewolf.Studio.Core\Warewolf.Studio.Core.csproj]
C:\Program Files\dotnet\sdk\10.0.201\Microsoft.Common.CurrentVersion.targets(2451,5): warning MSB3277:         C:\Users\ultra\warewolf\Dev\Binaries\Infragistcs_Net6\InfragisticsWPF4.DockManager.v15.1.dll [C:\Users\ultra\warewolf\Dev\Warewolf.Studio.Core\Warewolf.Studio.Core.csproj]
C:\Program Files\dotnet\sdk\10.0.201\Microsoft.Common.CurrentVersion.targets(2451,5): warning MSB3277:           Project file item includes which caused reference "C:\Users\ultra\warewolf\Dev\Binaries\Infragistcs_Net6\InfragisticsWPF4.DockManager.v15.1.dll". [C:\Users\ultra\warewolf\Dev\Warewolf.Studio.Core\Warewolf.Studio.Core.csproj]
C:\Program Files\dotnet\sdk\10.0.201\Microsoft.Common.CurrentVersion.targets(2451,5): warning MSB3277:             InfragisticsWPF4.DockManager.v15.1, Version=15.1.20151.2055, Culture=neutral, PublicKeyToken=7dd5c3163f2cd0cb, processorArchitecture=MSIL [C:\Users\ultra\warewolf\Dev\Warewolf.Studio.Core\Warewolf.Studio.Core.csproj]
C:\Program Files\dotnet\sdk\10.0.201\Microsoft.Common.CurrentVersion.targets(2451,5): warning MSB3277:         C:\Users\ultra\warewolf\Dev\Binaries\Infragistcs_Net6\InfragisticsWPF4.v15.1.dll [C:\Users\ultra\warewolf\Dev\Warewolf.Studio.Core\Warewolf.Studio.Core.csproj]
C:\Program Files\dotnet\sdk\10.0.201\Microsoft.Common.CurrentVersion.targets(2451,5): warning MSB3277:           Project file item includes which caused reference "C:\Users\ultra\warewolf\Dev\Binaries\Infragistcs_Net6\InfragisticsWPF4.v15.1.dll". [C:\Users\ultra\warewolf\Dev\Warewolf.Studio.Core\Warewolf.Studio.Core.csproj]
C:\Program Files\dotnet\sdk\10.0.201\Microsoft.Common.CurrentVersion.targets(2451,5): warning MSB3277:             InfragisticsWPF4.v15.1, Version=15.1.20151.2055, Culture=neutral, PublicKeyToken=7dd5c3163f2cd0cb, processorArchitecture=MSIL [C:\Users\ultra\warewolf\Dev\Warewolf.Studio.Core\Warewolf.Studio.Core.csproj]
C:\Program Files\dotnet\sdk\10.0.201\Microsoft.Common.CurrentVersion.targets(2451,5): warning MSB3277:             InfragisticsWPF4.Controls.Menus.XamDataTree.v15.1, Version=15.1.20151.2055, Culture=neutral, PublicKeyToken=7dd5c3163f2cd0cb, processorArchitecture=MSIL [C:\Users\ultra\warewolf\Dev\Warewolf.Studio.Core\Warewolf.Studio.Core.csproj]
C:\Program Files\dotnet\sdk\10.0.201\Microsoft.Common.CurrentVersion.targets(2451,5): warning MSB3277:             InfragisticsWPF4.DataManager.v15.1, Version=15.1.20151.2055, Culture=neutral, PublicKeyToken=7dd5c3163f2cd0cb, processorArchitecture=MSIL [C:\Users\ultra\warewolf\Dev\Warewolf.Studio.Core\Warewolf.Studio.Core.csproj]
C:\Program Files\dotnet\sdk\10.0.201\Microsoft.Common.CurrentVersion.targets(2451,5): warning MSB3277:             InfragisticsWPF4.DockManager.v15.1, Version=15.1.20151.2055, Culture=neutral, PublicKeyToken=7dd5c3163f2cd0cb, processorArchitecture=MSIL [C:\Users\ultra\warewolf\Dev\Warewolf.Studio.Core\Warewolf.Studio.Core.csproj]
C:\Program Files\dotnet\sdk\10.0.201\Microsoft.Common.CurrentVersion.targets(2451,5): warning MSB3277:         C:\Users\ultra\.nuget\packages\dotnetzip\1.16.0\lib\netstandard2.0\DotNetZip.dll [C:\Users\ultra\warewolf\Dev\Warewolf.Studio.Core\Warewolf.Studio.Core.csproj]
C:\Program Files\dotnet\sdk\10.0.201\Microsoft.Common.CurrentVersion.targets(2451,5): warning MSB3277:           Project file item includes which caused reference "C:\Users\ultra\.nuget\packages\dotnetzip\1.16.0\lib\netstandard2.0\DotNetZip.dll". [C:\Users\ultra\warewolf\Dev\Warewolf.Studio.Core\Warewolf.Studio.Core.csproj]
C:\Program Files\dotnet\sdk\10.0.201\Microsoft.Common.CurrentVersion.targets(2451,5): warning MSB3277:             C:\Users\ultra\.nuget\packages\dotnetzip\1.16.0\lib\netstandard2.0\DotNetZip.dll [C:\Users\ultra\warewolf\Dev\Warewolf.Studio.Core\Warewolf.Studio.Core.csproj]
C:\Program Files\dotnet\sdk\10.0.201\Microsoft.Common.CurrentVersion.targets(2451,5): warning MSB3277:             C:\Users\ultra\warewolf\Dev\Dev2.Common\bin\Debug\net8.0\Dev2.Common.dll [C:\Users\ultra\warewolf\Dev\Warewolf.Studio.Core\Warewolf.Studio.Core.csproj]
C:\Program Files\dotnet\sdk\10.0.201\Microsoft.Common.CurrentVersion.targets(2451,5): warning MSB3277:             C:\Users\ultra\warewolf\Dev\Dev2.Core\bin\Debug\net8.0\Dev2.Core.dll [C:\Users\ultra\warewolf\Dev\Warewolf.Studio.Core\Warewolf.Studio.Core.csproj]
C:\Program Files\dotnet\sdk\10.0.201\Microsoft.Common.CurrentVersion.targets(2451,5): warning MSB3277:             C:\Users\ultra\warewolf\Dev\Dev2.Infrastructure\bin\Debug\net8.0\Dev2.Infrastructure.dll [C:\Users\ultra\warewolf\Dev\Warewolf.Studio.Core\Warewolf.Studio.Core.csproj]
C:\Program Files\dotnet\sdk\10.0.201\Microsoft.Common.CurrentVersion.targets(2451,5): warning MSB3277:             C:\Users\ultra\warewolf\Dev\Dev2.Studio.Interfaces\bin\Debug\net8.0\Dev2.Studio.Interfaces.dll [C:\Users\ultra\warewolf\Dev\Warewolf.Studio.Core\Warewolf.Studio.Core.csproj]
C:\Program Files\dotnet\sdk\10.0.201\Microsoft.Common.CurrentVersion.targets(2451,5): warning MSB3277:             C:\Users\ultra\warewolf\Dev\Dev2.Data\bin\Debug\net8.0\Dev2.Data.dll [C:\Users\ultra\warewolf\Dev\Warewolf.Studio.Core\Warewolf.Studio.Core.csproj]
C:\Program Files\dotnet\sdk\10.0.201\Microsoft.Common.CurrentVersion.targets(2451,5): warning MSB3277:             C:\Users\ultra\warewolf\Dev\Dev2.Data.Interfaces\bin\Debug\net8.0\Dev2.Data.Interfaces.dll [C:\Users\ultra\warewolf\Dev\Warewolf.Studio.Core\Warewolf.Studio.Core.csproj]
C:\Program Files\dotnet\sdk\10.0.201\Microsoft.Common.CurrentVersion.targets(2451,5): warning MSB3277:             C:\Users\ultra\warewolf\Dev\Dev2.Diagnostics\bin\Debug\net8.0\Dev2.Diagnostics.dll [C:\Users\ultra\warewolf\Dev\Warewolf.Studio.Core\Warewolf.Studio.Core.csproj]
C:\Program Files\dotnet\sdk\10.0.201\Microsoft.Common.CurrentVersion.targets(2451,5): warning MSB3277:             C:\Users\ultra\warewolf\Dev\Dev2.Runtime.Services\bin\Debug\net8.0\Dev2.Runtime.Services.dll [C:\Users\ultra\warewolf\Dev\Warewolf.Studio.Core\Warewolf.Studio.Core.csproj]
C:\Program Files\dotnet\sdk\10.0.201\Microsoft.Common.CurrentVersion.targets(2451,5): warning MSB3277:             C:\Users\ultra\warewolf\Dev\Dev2.Scheduler\bin\Debug\net8.0\Dev2.Scheduler.dll [C:\Users\ultra\warewolf\Dev\Warewolf.Studio.Core\Warewolf.Studio.Core.csproj]
C:\Program Files\dotnet\sdk\10.0.201\Microsoft.Common.CurrentVersion.targets(2451,5): warning MSB3277:             C:\Users\ultra\warewolf\Dev\Dev2.Services.Sql\bin\Debug\net8.0\Dev2.Services.Sql.dll [C:\Users\ultra\warewolf\Dev\Warewolf.Studio.Core\Warewolf.Studio.Core.csproj]
C:\Program Files\dotnet\sdk\10.0.201\Microsoft.Common.CurrentVersion.targets(2451,5): warning MSB3277:             C:\Users\ultra\warewolf\Dev\Dev2.TaskScheduler.Wrappers\bin\Debug\net8.0\Dev2.TaskScheduler.Wrappers.dll [C:\Users\ultra\warewolf\Dev\Warewolf.Studio.Core\Warewolf.Studio.Core.csproj]
C:\Program Files\dotnet\sdk\10.0.201\Microsoft.Common.CurrentVersion.targets(2451,5): warning MSB3277:             C:\Users\ultra\warewolf\Dev\Dev2.Util\bin\Debug\net8.0\Dev2.Util.dll [C:\Users\ultra\warewolf\Dev\Warewolf.Studio.Core\Warewolf.Studio.Core.csproj]
C:\Program Files\dotnet\sdk\10.0.201\Microsoft.Common.CurrentVersion.targets(2451,5): warning MSB3277:             C:\Users\ultra\warewolf\Dev\Warewolf.AI.Harness\bin\Debug\net8.0\Warewolf.AI.Harness.dll [C:\Users\ultra\warewolf\Dev\Warewolf.Studio.Core\Warewolf.Studio.Core.csproj]
C:\Program Files\dotnet\sdk\10.0.201\Microsoft.Common.CurrentVersion.targets(2451,5): warning MSB3277:             C:\Users\ultra\warewolf\Dev\Warewolf.Auditing\bin\Debug\net8.0\Warewolf.Auditing.dll [C:\Users\ultra\warewolf\Dev\Warewolf.Studio.Core\Warewolf.Studio.Core.csproj]
C:\Program Files\dotnet\sdk\10.0.201\Microsoft.Common.CurrentVersion.targets(2451,5): warning MSB3277:             C:\Users\ultra\warewolf\Dev\Warewolf.Common.NetStandard20\bin\Debug\net8.0\Warewolf.Common.NetStandard20.dll [C:\Users\ultra\warewolf\Dev\Warewolf.Studio.Core\Warewolf.Studio.Core.csproj]
C:\Program Files\dotnet\sdk\10.0.201\Microsoft.Common.CurrentVersion.targets(2451,5): warning MSB3277:             C:\Users\ultra\warewolf\Dev\Warewolf.Core\bin\Debug\net8.0\Warewolf.Core.dll [C:\Users\ultra\warewolf\Dev\Warewolf.Studio.Core\Warewolf.Studio.Core.csproj]
C:\Program Files\dotnet\sdk\10.0.201\Microsoft.Common.CurrentVersion.targets(2451,5): warning MSB3277:             C:\Users\ultra\warewolf\Dev\Warewolf.Driver.Serilog\bin\Debug\net8.0\Warewolf.Driver.Serilog.dll [C:\Users\ultra\warewolf\Dev\Warewolf.Studio.Core\Warewolf.Studio.Core.csproj]
C:\Program Files\dotnet\sdk\10.0.201\Microsoft.Common.CurrentVersion.targets(2451,5): warning MSB3277:             C:\Users\ultra\warewolf\Dev\Warewolf.ResourceManagement\bin\Debug\net8.0\Warewolf.ResourceManagement.dll [C:\Users\ultra\warewolf\Dev\Warewolf.Studio.Core\Warewolf.Studio.Core.csproj]
C:\Program Files\dotnet\sdk\10.0.201\Microsoft.Common.CurrentVersion.targets(2451,5): warning MSB3277:             C:\Users\ultra\warewolf\Dev\Warewolf.Sharepoint\bin\Debug\net8.0\Warewolf.Sharepoint.dll [C:\Users\ultra\warewolf\Dev\Warewolf.Studio.Core\Warewolf.Studio.Core.csproj]
C:\Program Files\dotnet\sdk\10.0.201\Microsoft.Common.CurrentVersion.targets(2451,5): warning MSB3277:             C:\Users\ultra\warewolf\Dev\Warewolf.Storage\bin\Debug\net8.0\Warewolf.Storage.dll [C:\Users\ultra\warewolf\Dev\Warewolf.Studio.Core\Warewolf.Studio.Core.csproj]
C:\Program Files\dotnet\sdk\10.0.201\Microsoft.Common.CurrentVersion.targets(2451,5): warning MSB3277:         C:\Users\ultra\.nuget\packages\mindbox.data.linq\5.0.0\lib\netstandard2.0\Mindbox.Data.Linq.dll [C:\Users\ultra\warewolf\Dev\Warewolf.Studio.Core\Warewolf.Studio.Core.csproj]
C:\Program Files\dotnet\sdk\10.0.201\Microsoft.Common.CurrentVersion.targets(2451,5): warning MSB3277:           Project file item includes which caused reference "C:\Users\ultra\.nuget\packages\mindbox.data.linq\5.0.0\lib\netstandard2.0\Mindbox.Data.Linq.dll". [C:\Users\ultra\warewolf\Dev\Warewolf.Studio.Core\Warewolf.Studio.Core.csproj]
C:\Program Files\dotnet\sdk\10.0.201\Microsoft.Common.CurrentVersion.targets(2451,5): warning MSB3277:             C:\Users\ultra\.nuget\packages\mindbox.data.linq\5.0.0\lib\netstandard2.0\Mindbox.Data.Linq.dll [C:\Users\ultra\warewolf\Dev\Warewolf.Studio.Core\Warewolf.Studio.Core.csproj]
C:\Program Files\dotnet\sdk\10.0.201\Microsoft.Common.CurrentVersion.targets(2451,5): warning MSB3277:             C:\Users\ultra\warewolf\Dev\Warewolf.Auditing\bin\Debug\net8.0\Warewolf.Auditing.dll [C:\Users\ultra\warewolf\Dev\Warewolf.Studio.Core\Warewolf.Studio.Core.csproj]
C:\Program Files\dotnet\sdk\10.0.201\Microsoft.Common.CurrentVersion.targets(2451,5): warning MSB3277:             C:\Users\ultra\warewolf\Dev\Dev2.Runtime.Services\bin\Debug\net8.0\Dev2.Runtime.Services.dll [C:\Users\ultra\warewolf\Dev\Warewolf.Studio.Core\Warewolf.Studio.Core.csproj]
C:\Program Files\dotnet\sdk\10.0.201\Microsoft.Common.CurrentVersion.targets(2451,5): warning MSB3277:             C:\Users\ultra\warewolf\Dev\Dev2.Studio.Interfaces\bin\Debug\net8.0\Dev2.Studio.Interfaces.dll [C:\Users\ultra\warewolf\Dev\Warewolf.Studio.Core\Warewolf.Studio.Core.csproj]
C:\Program Files\dotnet\sdk\10.0.201\Microsoft.Common.CurrentVersion.targets(2451,5): warning MSB3277:             C:\Users\ultra\warewolf\Dev\Warewolf.Common.NetStandard20\bin\Debug\net8.0\Warewolf.Common.NetStandard20.dll [C:\Users\ultra\warewolf\Dev\Warewolf.Studio.Core\Warewolf.Studio.Core.csproj]
C:\Program Files\dotnet\sdk\10.0.201\Microsoft.Common.CurrentVersion.targets(2451,5): warning MSB3277:         C:\Users\ultra\.nuget\packages\mysql.data\8.4.0\lib\net8.0\MySql.Data.dll [C:\Users\ultra\warewolf\Dev\Warewolf.Studio.Core\Warewolf.Studio.Core.csproj]
C:\Program Files\dotnet\sdk\10.0.201\Microsoft.Common.CurrentVersion.targets(2451,5): warning MSB3277:           Project file item includes which caused reference "C:\Users\ultra\.nuget\packages\mysql.data\8.4.0\lib\net8.0\MySql.Data.dll". [C:\Users\ultra\warewolf\Dev\Warewolf.Studio.Core\Warewolf.Studio.Core.csproj]
C:\Program Files\dotnet\sdk\10.0.201\Microsoft.Common.CurrentVersion.targets(2451,5): warning MSB3277:             C:\Users\ultra\.nuget\packages\mysql.data\8.4.0\lib\net8.0\MySql.Data.dll [C:\Users\ultra\warewolf\Dev\Warewolf.Studio.Core\Warewolf.Studio.Core.csproj]
C:\Program Files\dotnet\sdk\10.0.201\Microsoft.Common.CurrentVersion.targets(2451,5): warning MSB3277:             C:\Users\ultra\warewolf\Dev\Dev2.Runtime.Services\bin\Debug\net8.0\Dev2.Runtime.Services.dll [C:\Users\ultra\warewolf\Dev\Warewolf.Studio.Core\Warewolf.Studio.Core.csproj]
C:\Program Files\dotnet\sdk\10.0.201\Microsoft.Common.CurrentVersion.targets(2451,5): warning MSB3277:             C:\Users\ultra\warewolf\Dev\Dev2.Studio.Interfaces\bin\Debug\net8.0\Dev2.Studio.Interfaces.dll [C:\Users\ultra\warewolf\Dev\Warewolf.Studio.Core\Warewolf.Studio.Core.csproj]
C:\Program Files\dotnet\sdk\10.0.201\Microsoft.Common.CurrentVersion.targets(2451,5): warning MSB3277:             C:\Users\ultra\warewolf\Dev\Dev2.Services.Sql\bin\Debug\net8.0\Dev2.Services.Sql.dll [C:\Users\ultra\warewolf\Dev\Warewolf.Studio.Core\Warewolf.Studio.Core.csproj]
C:\Program Files\dotnet\sdk\10.0.201\Microsoft.Common.CurrentVersion.targets(2451,5): warning MSB3277:         C:\Users\ultra\.nuget\packages\oracle.manageddataaccess.core\3.21.70\lib\netstandard2.1\Oracle.ManagedDataAccess.dll [C:\Users\ultra\warewolf\Dev\Warewolf.Studio.Core\Warewolf.Studio.Core.csproj]
C:\Program Files\dotnet\sdk\10.0.201\Microsoft.Common.CurrentVersion.targets(2451,5): warning MSB3277:           Project file item includes which caused reference "C:\Users\ultra\.nuget\packages\oracle.manageddataaccess.core\3.21.70\lib\netstandard2.1\Oracle.ManagedDataAccess.dll". [C:\Users\ultra\warewolf\Dev\Warewolf.Studio.Core\Warewolf.Studio.Core.csproj]
C:\Program Files\dotnet\sdk\10.0.201\Microsoft.Common.CurrentVersion.targets(2451,5): warning MSB3277:             C:\Users\ultra\.nuget\packages\oracle.manageddataaccess.core\3.21.70\lib\netstandard2.1\Oracle.ManagedDataAccess.dll [C:\Users\ultra\warewolf\Dev\Warewolf.Studio.Core\Warewolf.Studio.Core.csproj]
C:\Program Files\dotnet\sdk\10.0.201\Microsoft.Common.CurrentVersion.targets(2451,5): warning MSB3277:             C:\Users\ultra\warewolf\Dev\Dev2.Runtime.Services\bin\Debug\net8.0\Dev2.Runtime.Services.dll [C:\Users\ultra\warewolf\Dev\Warewolf.Studio.Core\Warewolf.Studio.Core.csproj]
C:\Program Files\dotnet\sdk\10.0.201\Microsoft.Common.CurrentVersion.targets(2451,5): warning MSB3277:             C:\Users\ultra\warewolf\Dev\Dev2.Studio.Interfaces\bin\Debug\net8.0\Dev2.Studio.Interfaces.dll [C:\Users\ultra\warewolf\Dev\Warewolf.Studio.Core\Warewolf.Studio.Core.csproj]
C:\Program Files\dotnet\sdk\10.0.201\Microsoft.Common.CurrentVersion.targets(2451,5): warning MSB3277:             C:\Users\ultra\warewolf\Dev\Dev2.Services.Sql\bin\Debug\net8.0\Dev2.Services.Sql.dll [C:\Users\ultra\warewolf\Dev\Warewolf.Studio.Core\Warewolf.Studio.Core.csproj]
C:\Program Files\dotnet\sdk\10.0.201\Microsoft.Common.CurrentVersion.targets(2451,5): warning MSB3277:         C:\Users\ultra\.nuget\packages\system.directoryservices\6.0.0\lib\net6.0\System.DirectoryServices.dll [C:\Users\ultra\warewolf\Dev\Warewolf.Studio.Core\Warewolf.Studio.Core.csproj]
C:\Program Files\dotnet\sdk\10.0.201\Microsoft.Common.CurrentVersion.targets(2451,5): warning MSB3277:           Project file item includes which caused reference "C:\Users\ultra\.nuget\packages\system.directoryservices\6.0.0\lib\net6.0\System.DirectoryServices.dll". [C:\Users\ultra\warewolf\Dev\Warewolf.Studio.Core\Warewolf.Studio.Core.csproj]
C:\Program Files\dotnet\sdk\10.0.201\Microsoft.Common.CurrentVersion.targets(2451,5): warning MSB3277:             C:\Users\ultra\.nuget\packages\system.directoryservices\6.0.0\lib\net6.0\System.DirectoryServices.dll [C:\Users\ultra\warewolf\Dev\Warewolf.Studio.Core\Warewolf.Studio.Core.csproj]
C:\Program Files\dotnet\sdk\10.0.201\Microsoft.Common.CurrentVersion.targets(2451,5): warning MSB3277:             C:\Users\ultra\.nuget\packages\corewcf.primitives\1.2.1\lib\netstandard2.0\CoreWCF.Primitives.dll [C:\Users\ultra\warewolf\Dev\Warewolf.Studio.Core\Warewolf.Studio.Core.csproj]
C:\Program Files\dotnet\sdk\10.0.201\Microsoft.Common.CurrentVersion.targets(2451,5): warning MSB3277:             C:\Users\ultra\warewolf\Dev\Dev2.Runtime.Services\bin\Debug\net8.0\Dev2.Runtime.Services.dll [C:\Users\ultra\warewolf\Dev\Warewolf.Studio.Core\Warewolf.Studio.Core.csproj]
C:\Program Files\dotnet\sdk\10.0.201\Microsoft.Common.CurrentVersion.targets(2451,5): warning MSB3277:             C:\Users\ultra\warewolf\Dev\Dev2.Studio.Interfaces\bin\Debug\net8.0\Dev2.Studio.Interfaces.dll [C:\Users\ultra\warewolf\Dev\Warewolf.Studio.Core\Warewolf.Studio.Core.csproj]
C:\Program Files\dotnet\sdk\10.0.201\Microsoft.Common.CurrentVersion.targets(2451,5): warning MSB3277:             C:\Users\ultra\.nuget\packages\corewcf.http\1.2.1\lib\netstandard2.0\CoreWCF.Http.dll [C:\Users\ultra\warewolf\Dev\Warewolf.Studio.Core\Warewolf.Studio.Core.csproj]
C:\Program Files\dotnet\sdk\10.0.201\Microsoft.Common.CurrentVersion.targets(2451,5): warning MSB3277:             C:\Users\ultra\.nuget\packages\corewcf.nettcp\1.2.1\lib\netstandard2.0\CoreWCF.NetTcp.dll [C:\Users\ultra\warewolf\Dev\Warewolf.Studio.Core\Warewolf.Studio.Core.csproj]
C:\Program Files\dotnet\sdk\10.0.201\Microsoft.Common.CurrentVersion.targets(2451,5): warning MSB3277:             C:\Users\ultra\.nuget\packages\corewcf.webhttp\1.2.1\lib\netstandard2.0\CoreWCF.WebHttp.dll [C:\Users\ultra\warewolf\Dev\Warewolf.Studio.Core\Warewolf.Studio.Core.csproj]
C:\Program Files\dotnet\sdk\10.0.201\Microsoft.Common.CurrentVersion.targets(2451,5): warning MSB3277:         C:\Program Files\dotnet\packs\Microsoft.NETCore.App.Ref\8.0.25\ref\net8.0\System.Configuration.dll [C:\Users\ultra\warewolf\Dev\Warewolf.Studio.Core\Warewolf.Studio.Core.csproj]
C:\Program Files\dotnet\sdk\10.0.201\Microsoft.Common.CurrentVersion.targets(2451,5): warning MSB3277:           Project file item includes which caused reference "C:\Program Files\dotnet\packs\Microsoft.NETCore.App.Ref\8.0.25\ref\net8.0\System.Configuration.dll". [C:\Users\ultra\warewolf\Dev\Warewolf.Studio.Core\Warewolf.Studio.Core.csproj]
C:\Program Files\dotnet\sdk\10.0.201\Microsoft.Common.CurrentVersion.targets(2451,5): warning MSB3277:             C:\Program Files\dotnet\packs\Microsoft.NETCore.App.Ref\8.0.25\ref/net8.0/System.Configuration.dll [C:\Users\ultra\warewolf\Dev\Warewolf.Studio.Core\Warewolf.Studio.Core.csproj]
C:\Program Files\dotnet\sdk\10.0.201\Microsoft.Common.CurrentVersion.targets(2451,5): warning MSB3277:             C:\Users\ultra\.nuget\packages\prism.wpf\9.0.537\lib\net462\Prism.Wpf.dll [C:\Users\ultra\warewolf\Dev\Warewolf.Studio.Core\Warewolf.Studio.Core.csproj]
C:\Program Files\dotnet\sdk\10.0.201\Microsoft.Common.CurrentVersion.targets(2451,5): warning MSB3277:         C:\Program Files\dotnet\packs\Microsoft.NETCore.App.Ref\8.0.25\ref\net8.0\System.Data.dll [C:\Users\ultra\warewolf\Dev\Warewolf.Studio.Core\Warewolf.Studio.Core.csproj]
C:\Program Files\dotnet\sdk\10.0.201\Microsoft.Common.CurrentVersion.targets(2451,5): warning MSB3277:           Project file item includes which caused reference "C:\Program Files\dotnet\packs\Microsoft.NETCore.App.Ref\8.0.25\ref\net8.0\System.Data.dll". [C:\Users\ultra\warewolf\Dev\Warewolf.Studio.Core\Warewolf.Studio.Core.csproj]
C:\Program Files\dotnet\sdk\10.0.201\Microsoft.Common.CurrentVersion.targets(2451,5): warning MSB3277:             C:\Program Files\dotnet\packs\Microsoft.NETCore.App.Ref\8.0.25\ref/net8.0/System.Data.dll [C:\Users\ultra\warewolf\Dev\Warewolf.Studio.Core\Warewolf.Studio.Core.csproj]
C:\Program Files\dotnet\sdk\10.0.201\Microsoft.Common.CurrentVersion.targets(2451,5): warning MSB3277:             C:\Users\ultra\.nuget\packages\taskschedulereditor\2.10.1\lib\net452\Microsoft.Win32.TaskSchedulerEditor.dll [C:\Users\ultra\warewolf\Dev\Warewolf.Studio.Core\Warewolf.Studio.Core.csproj]
C:\Program Files\dotnet\sdk\10.0.201\Microsoft.Common.CurrentVersion.targets(2451,5): warning MSB3277:         C:\Program Files\dotnet\packs\Microsoft.NETCore.App.Ref\8.0.25\ref\net8.0\System.Drawing.dll [C:\Users\ultra\warewolf\Dev\Warewolf.Studio.Core\Warewolf.Studio.Core.csproj]
C:\Program Files\dotnet\sdk\10.0.201\Microsoft.Common.CurrentVersion.targets(2451,5): warning MSB3277:           Project file item includes which caused reference "C:\Program Files\dotnet\packs\Microsoft.NETCore.App.Ref\8.0.25\ref\net8.0\System.Drawing.dll". [C:\Users\ultra\warewolf\Dev\Warewolf.Studio.Core\Warewolf.Studio.Core.csproj]
C:\Program Files\dotnet\sdk\10.0.201\Microsoft.Common.CurrentVersion.targets(2451,5): warning MSB3277:             C:\Program Files\dotnet\packs\Microsoft.NETCore.App.Ref\8.0.25\ref/net8.0/System.Drawing.dll [C:\Users\ultra\warewolf\Dev\Warewolf.Studio.Core\Warewolf.Studio.Core.csproj]
C:\Program Files\dotnet\sdk\10.0.201\Microsoft.Common.CurrentVersion.targets(2451,5): warning MSB3277:             C:\Users\ultra\.nuget\packages\aerowizard\2.3.1\lib\net45\AeroWizard.dll [C:\Users\ultra\warewolf\Dev\Warewolf.Studio.Core\Warewolf.Studio.Core.csproj]
C:\Program Files\dotnet\sdk\10.0.201\Microsoft.Common.CurrentVersion.targets(2451,5): warning MSB3277:             C:\Users\ultra\.nuget\packages\groupcontrols\1.9.0\lib\net45\GroupControls.dll [C:\Users\ultra\warewolf\Dev\Warewolf.Studio.Core\Warewolf.Studio.Core.csproj]
C:\Program Files\dotnet\sdk\10.0.201\Microsoft.Common.CurrentVersion.targets(2451,5): warning MSB3277:             C:\Users\ultra\.nuget\packages\taskschedulereditor\2.10.1\lib\net452\Microsoft.Win32.TaskSchedulerEditor.dll [C:\Users\ultra\warewolf\Dev\Warewolf.Studio.Core\Warewolf.Studio.Core.csproj]
C:\Program Files\dotnet\sdk\10.0.201\Microsoft.Common.CurrentVersion.targets(2451,5): warning MSB3277:         C:\Program Files\dotnet\packs\Microsoft.NETCore.App.Ref\8.0.25\ref\net8.0\System.Net.dll [C:\Users\ultra\warewolf\Dev\Warewolf.Studio.Core\Warewolf.Studio.Core.csproj]
C:\Program Files\dotnet\sdk\10.0.201\Microsoft.Common.CurrentVersion.targets(2451,5): warning MSB3277:           Project file item includes which caused reference "C:\Program Files\dotnet\packs\Microsoft.NETCore.App.Ref\8.0.25\ref\net8.0\System.Net.dll". [C:\Users\ultra\warewolf\Dev\Warewolf.Studio.Core\Warewolf.Studio.Core.csproj]
C:\Program Files\dotnet\sdk\10.0.201\Microsoft.Common.CurrentVersion.targets(2451,5): warning MSB3277:             C:\Program Files\dotnet\packs\Microsoft.NETCore.App.Ref\8.0.25\ref/net8.0/System.Net.dll [C:\Users\ultra\warewolf\Dev\Warewolf.Studio.Core\Warewolf.Studio.Core.csproj]
C:\Program Files\dotnet\sdk\10.0.201\Microsoft.Common.CurrentVersion.targets(2451,5): warning MSB3277:         C:\Program Files\dotnet\packs\Microsoft.NETCore.App.Ref\8.0.25\ref\net8.0\System.Security.dll [C:\Users\ultra\warewolf\Dev\Warewolf.Studio.Core\Warewolf.Studio.Core.csproj]
C:\Program Files\dotnet\sdk\10.0.201\Microsoft.Common.CurrentVersion.targets(2451,5): warning MSB3277:           Project file item includes which caused reference "C:\Program Files\dotnet\packs\Microsoft.NETCore.App.Ref\8.0.25\ref\net8.0\System.Security.dll". [C:\Users\ultra\warewolf\Dev\Warewolf.Studio.Core\Warewolf.Studio.Core.csproj]
C:\Program Files\dotnet\sdk\10.0.201\Microsoft.Common.CurrentVersion.targets(2451,5): warning MSB3277:             C:\Program Files\dotnet\packs\Microsoft.NETCore.App.Ref\8.0.25\ref/net8.0/System.Security.dll [C:\Users\ultra\warewolf\Dev\Warewolf.Studio.Core\Warewolf.Studio.Core.csproj]
C:\Program Files\dotnet\sdk\10.0.201\Microsoft.Common.CurrentVersion.targets(2451,5): warning MSB3277:         C:\Program Files\dotnet\packs\Microsoft.NETCore.App.Ref\8.0.25\ref\net8.0\System.ServiceProcess.dll [C:\Users\ultra\warewolf\Dev\Warewolf.Studio.Core\Warewolf.Studio.Core.csproj]
C:\Program Files\dotnet\sdk\10.0.201\Microsoft.Common.CurrentVersion.targets(2451,5): warning MSB3277:           Project file item includes which caused reference "C:\Program Files\dotnet\packs\Microsoft.NETCore.App.Ref\8.0.25\ref\net8.0\System.ServiceProcess.dll". [C:\Users\ultra\warewolf\Dev\Warewolf.Studio.Core\Warewolf.Studio.Core.csproj]
C:\Program Files\dotnet\sdk\10.0.201\Microsoft.Common.CurrentVersion.targets(2451,5): warning MSB3277:             C:\Program Files\dotnet\packs\Microsoft.NETCore.App.Ref\8.0.25\ref/net8.0/System.ServiceProcess.dll [C:\Users\ultra\warewolf\Dev\Warewolf.Studio.Core\Warewolf.Studio.Core.csproj]
C:\Program Files\dotnet\sdk\10.0.201\Microsoft.Common.CurrentVersion.targets(2451,5): warning MSB3277:         C:\Program Files\dotnet\packs\Microsoft.NETCore.App.Ref\8.0.25\ref\net8.0\System.Transactions.dll [C:\Users\ultra\warewolf\Dev\Warewolf.Studio.Core\Warewolf.Studio.Core.csproj]
C:\Program Files\dotnet\sdk\10.0.201\Microsoft.Common.CurrentVersion.targets(2451,5): warning MSB3277:           Project file item includes which caused reference "C:\Program Files\dotnet\packs\Microsoft.NETCore.App.Ref\8.0.25\ref\net8.0\System.Transactions.dll". [C:\Users\ultra\warewolf\Dev\Warewolf.Studio.Core\Warewolf.Studio.Core.csproj]
C:\Program Files\dotnet\sdk\10.0.201\Microsoft.Common.CurrentVersion.targets(2451,5): warning MSB3277:             C:\Program Files\dotnet\packs\Microsoft.NETCore.App.Ref\8.0.25\ref/net8.0/System.Transactions.dll [C:\Users\ultra\warewolf\Dev\Warewolf.Studio.Core\Warewolf.Studio.Core.csproj]
C:\Program Files\dotnet\sdk\10.0.201\Microsoft.Common.CurrentVersion.targets(2451,5): warning MSB3277:         C:\Program Files\dotnet\packs\Microsoft.NETCore.App.Ref\8.0.25\ref\net8.0\System.dll [C:\Users\ultra\warewolf\Dev\Warewolf.Studio.Core\Warewolf.Studio.Core.csproj]
C:\Program Files\dotnet\sdk\10.0.201\Microsoft.Common.CurrentVersion.targets(2451,5): warning MSB3277:           Project file item includes which caused reference "C:\Program Files\dotnet\packs\Microsoft.NETCore.App.Ref\8.0.25\ref\net8.0\System.dll". [C:\Users\ultra\warewolf\Dev\Warewolf.Studio.Core\Warewolf.Studio.Core.csproj]
C:\Program Files\dotnet\sdk\10.0.201\Microsoft.Common.CurrentVersion.targets(2451,5): warning MSB3277:             C:\Program Files\dotnet\packs\Microsoft.NETCore.App.Ref\8.0.25\ref/net8.0/System.dll [C:\Users\ultra\warewolf\Dev\Warewolf.Studio.Core\Warewolf.Studio.Core.csproj]
C:\Program Files\dotnet\sdk\10.0.201\Microsoft.Common.CurrentVersion.targets(2451,5): warning MSB3277:             C:\Users\ultra\.nuget\packages\aerowizard\2.3.1\lib\net45\AeroWizard.dll [C:\Users\ultra\warewolf\Dev\Warewolf.Studio.Core\Warewolf.Studio.Core.csproj]
C:\Program Files\dotnet\sdk\10.0.201\Microsoft.Common.CurrentVersion.targets(2451,5): warning MSB3277:             C:\Users\ultra\.nuget\packages\groupcontrols\1.9.0\lib\net45\GroupControls.dll [C:\Users\ultra\warewolf\Dev\Warewolf.Studio.Core\Warewolf.Studio.Core.csproj]
C:\Program Files\dotnet\sdk\10.0.201\Microsoft.Common.CurrentVersion.targets(2451,5): warning MSB3277:             C:\Users\ultra\.nuget\packages\microsoft.xaml.behaviors.wpf\1.1.122\lib\net462\Microsoft.Xaml.Behaviors.dll [C:\Users\ultra\warewolf\Dev\Warewolf.Studio.Core\Warewolf.Studio.Core.csproj]
C:\Program Files\dotnet\sdk\10.0.201\Microsoft.Common.CurrentVersion.targets(2451,5): warning MSB3277:             C:\Users\ultra\.nuget\packages\caliburn.micro\4.0.212\lib\netcoreapp3.1\Caliburn.Micro.Platform.dll [C:\Users\ultra\warewolf\Dev\Warewolf.Studio.Core\Warewolf.Studio.Core.csproj]
C:\Program Files\dotnet\sdk\10.0.201\Microsoft.Common.CurrentVersion.targets(2451,5): warning MSB3277:             C:\Users\ultra\.nuget\packages\prism.wpf\9.0.537\lib\net462\Prism.Wpf.dll [C:\Users\ultra\warewolf\Dev\Warewolf.Studio.Core\Warewolf.Studio.Core.csproj]
C:\Program Files\dotnet\sdk\10.0.201\Microsoft.Common.CurrentVersion.targets(2451,5): warning MSB3277:             C:\Users\ultra\.nuget\packages\reactiveui.wpf\18.4.1\lib\net462\ReactiveUI.Wpf.dll [C:\Users\ultra\warewolf\Dev\Warewolf.Studio.Core\Warewolf.Studio.Core.csproj]
C:\Program Files\dotnet\sdk\10.0.201\Microsoft.Common.CurrentVersion.targets(2451,5): warning MSB3277:             C:\Users\ultra\.nuget\packages\taskschedulereditor\2.10.1\lib\net452\Microsoft.Win32.TaskSchedulerEditor.dll [C:\Users\ultra\warewolf\Dev\Warewolf.Studio.Core\Warewolf.Studio.Core.csproj]
C:\Program Files\dotnet\sdk\10.0.201\Microsoft.Common.CurrentVersion.targets(2451,5): warning MSB3277:             C:\Users\ultra\.nuget\packages\ttcue.netcore.sharepointonline.csom.16.1.8029.1200\16.1.8029.1200\lib\netcoreapp2.0\Microsoft.SharePoint.Client.Runtime.Windows.dll [C:\Users\ultra\warewolf\Dev\Warewolf.Studio.Core\Warewolf.Studio.Core.csproj]
C:\Program Files\dotnet\sdk\10.0.201\Microsoft.Common.CurrentVersion.targets(2451,5): warning MSB3277:         C:\Program Files\dotnet\packs\Microsoft.NETCore.App.Ref\8.0.25\ref\net8.0\WindowsBase.dll [C:\Users\ultra\warewolf\Dev\Warewolf.Studio.Core\Warewolf.Studio.Core.csproj]
C:\Program Files\dotnet\sdk\10.0.201\Microsoft.Common.CurrentVersion.targets(2451,5): warning MSB3277:           Project file item includes which caused reference "C:\Program Files\dotnet\packs\Microsoft.NETCore.App.Ref\8.0.25\ref\net8.0\WindowsBase.dll". [C:\Users\ultra\warewolf\Dev\Warewolf.Studio.Core\Warewolf.Studio.Core.csproj]
C:\Program Files\dotnet\sdk\10.0.201\Microsoft.Common.CurrentVersion.targets(2451,5): warning MSB3277:             C:\Program Files\dotnet\packs\Microsoft.NETCore.App.Ref\8.0.25\ref/net8.0/WindowsBase.dll [C:\Users\ultra\warewolf\Dev\Warewolf.Studio.Core\Warewolf.Studio.Core.csproj]
C:\Program Files\dotnet\sdk\10.0.201\Microsoft.Common.CurrentVersion.targets(2451,5): warning MSB3277:         C:\Program Files\dotnet\packs\Microsoft.NETCore.App.Ref\8.0.25\ref\net8.0\mscorlib.dll [C:\Users\ultra\warewolf\Dev\Warewolf.Studio.Core\Warewolf.Studio.Core.csproj]
C:\Program Files\dotnet\sdk\10.0.201\Microsoft.Common.CurrentVersion.targets(2451,5): warning MSB3277:           Project file item includes which caused reference "C:\Program Files\dotnet\packs\Microsoft.NETCore.App.Ref\8.0.25\ref\net8.0\mscorlib.dll". [C:\Users\ultra\warewolf\Dev\Warewolf.Studio.Core\Warewolf.Studio.Core.csproj]
C:\Program Files\dotnet\sdk\10.0.201\Microsoft.Common.CurrentVersion.targets(2451,5): warning MSB3277:             C:\Program Files\dotnet\packs\Microsoft.NETCore.App.Ref\8.0.25\ref/net8.0/mscorlib.dll [C:\Users\ultra\warewolf\Dev\Warewolf.Studio.Core\Warewolf.Studio.Core.csproj]
C:\Program Files\dotnet\sdk\10.0.201\Microsoft.Common.CurrentVersion.targets(2451,5): warning MSB3277:             C:\Users\ultra\.nuget\packages\aerowizard\2.3.1\lib\net45\AeroWizard.dll [C:\Users\ultra\warewolf\Dev\Warewolf.Studio.Core\Warewolf.Studio.Core.csproj]
C:\Program Files\dotnet\sdk\10.0.201\Microsoft.Common.CurrentVersion.targets(2451,5): warning MSB3277:             C:\Users\ultra\.nuget\packages\groupcontrols\1.9.0\lib\net45\GroupControls.dll [C:\Users\ultra\warewolf\Dev\Warewolf.Studio.Core\Warewolf.Studio.Core.csproj]
C:\Program Files\dotnet\sdk\10.0.201\Microsoft.Common.CurrentVersion.targets(2451,5): warning MSB3277:             C:\Users\ultra\.nuget\packages\microsoft.xaml.behaviors.wpf\1.1.122\lib\net462\Microsoft.Xaml.Behaviors.dll [C:\Users\ultra\warewolf\Dev\Warewolf.Studio.Core\Warewolf.Studio.Core.csproj]
C:\Program Files\dotnet\sdk\10.0.201\Microsoft.Common.CurrentVersion.targets(2451,5): warning MSB3277:             C:\Users\ultra\.nuget\packages\caliburn.micro\4.0.212\lib\netcoreapp3.1\Caliburn.Micro.Platform.dll [C:\Users\ultra\warewolf\Dev\Warewolf.Studio.Core\Warewolf.Studio.Core.csproj]
C:\Program Files\dotnet\sdk\10.0.201\Microsoft.Common.CurrentVersion.targets(2451,5): warning MSB3277:             C:\Users\ultra\.nuget\packages\oracle.manageddataaccess.core\3.21.70\lib\netstandard2.1\Oracle.ManagedDataAccess.dll [C:\Users\ultra\warewolf\Dev\Warewolf.Studio.Core\Warewolf.Studio.Core.csproj]
C:\Program Files\dotnet\sdk\10.0.201\Microsoft.Common.CurrentVersion.targets(2451,5): warning MSB3277:             C:\Users\ultra\warewolf\Dev\Dev2.Runtime.Services\bin\Debug\net8.0\Dev2.Runtime.Services.dll [C:\Users\ultra\warewolf\Dev\Warewolf.Studio.Core\Warewolf.Studio.Core.csproj]
C:\Program Files\dotnet\sdk\10.0.201\Microsoft.Common.CurrentVersion.targets(2451,5): warning MSB3277:             C:\Users\ultra\warewolf\Dev\Dev2.Studio.Interfaces\bin\Debug\net8.0\Dev2.Studio.Interfaces.dll [C:\Users\ultra\warewolf\Dev\Warewolf.Studio.Core\Warewolf.Studio.Core.csproj]
C:\Program Files\dotnet\sdk\10.0.201\Microsoft.Common.CurrentVersion.targets(2451,5): warning MSB3277:             C:\Users\ultra\warewolf\Dev\Dev2.Services.Sql\bin\Debug\net8.0\Dev2.Services.Sql.dll [C:\Users\ultra\warewolf\Dev\Warewolf.Studio.Core\Warewolf.Studio.Core.csproj]
C:\Program Files\dotnet\sdk\10.0.201\Microsoft.Common.CurrentVersion.targets(2451,5): warning MSB3277:             C:\Users\ultra\.nuget\packages\prism.wpf\9.0.537\lib\net462\Prism.Wpf.dll [C:\Users\ultra\warewolf\Dev\Warewolf.Studio.Core\Warewolf.Studio.Core.csproj]
C:\Program Files\dotnet\sdk\10.0.201\Microsoft.Common.CurrentVersion.targets(2451,5): warning MSB3277:             C:\Users\ultra\.nuget\packages\reactiveui.wpf\18.4.1\lib\net462\ReactiveUI.Wpf.dll [C:\Users\ultra\warewolf\Dev\Warewolf.Studio.Core\Warewolf.Studio.Core.csproj]
C:\Program Files\dotnet\sdk\10.0.201\Microsoft.Common.CurrentVersion.targets(2451,5): warning MSB3277:             C:\Users\ultra\.nuget\packages\taskschedulereditor\2.10.1\lib\net452\Microsoft.Win32.TaskSchedulerEditor.dll [C:\Users\ultra\warewolf\Dev\Warewolf.Studio.Core\Warewolf.Studio.Core.csproj]
C:\Program Files\dotnet\sdk\10.0.201\Microsoft.Common.CurrentVersion.targets(2451,5): warning MSB3277:             C:\Users\ultra\.nuget\packages\ttcue.netcore.sharepointonline.csom.16.1.8029.1200\16.1.8029.1200\lib\netcoreapp2.0\Microsoft.SharePoint.Client.Runtime.Windows.dll [C:\Users\ultra\warewolf\Dev\Warewolf.Studio.Core\Warewolf.Studio.Core.csproj]
C:\Program Files\dotnet\sdk\10.0.201\Microsoft.Common.CurrentVersion.targets(2451,5): warning MSB3277: Found conflicts between different versions of "WindowsBase" that could not be resolved. [C:\Users\ultra\warewolf\Dev\Warewolf.Studio.Core\Warewolf.Studio.Core.csproj]
C:\Program Files\dotnet\sdk\10.0.201\Microsoft.Common.CurrentVersion.targets(2451,5): warning MSB3277: There was a conflict between "WindowsBase, Version=4.0.0.0, Culture=neutral, PublicKeyToken=31bf3856ad364e35" and "WindowsBase, Version=6.0.2.0, Culture=neutral, PublicKeyToken=31bf3856ad364e35". [C:\Users\ultra\warewolf\Dev\Warewolf.Studio.Core\Warewolf.Studio.Core.csproj]
C:\Program Files\dotnet\sdk\10.0.201\Microsoft.Common.CurrentVersion.targets(2451,5): warning MSB3277:     "WindowsBase, Version=4.0.0.0, Culture=neutral, PublicKeyToken=31bf3856ad364e35" was chosen because it was primary and "WindowsBase, Version=6.0.2.0, Culture=neutral, PublicKeyToken=31bf3856ad364e35" was not. [C:\Users\ultra\warewolf\Dev\Warewolf.Studio.Core\Warewolf.Studio.Core.csproj]
C:\Program Files\dotnet\sdk\10.0.201\Microsoft.Common.CurrentVersion.targets(2451,5): warning MSB3277:     References which depend on "WindowsBase, Version=4.0.0.0, Culture=neutral, PublicKeyToken=31bf3856ad364e35" [C:\Program Files\dotnet\packs\Microsoft.NETCore.App.Ref\8.0.25\ref\net8.0\WindowsBase.dll]. [C:\Users\ultra\warewolf\Dev\Warewolf.Studio.Core\Warewolf.Studio.Core.csproj]
C:\Program Files\dotnet\sdk\10.0.201\Microsoft.Common.CurrentVersion.targets(2451,5): warning MSB3277:         C:\Program Files\dotnet\packs\Microsoft.NETCore.App.Ref\8.0.25\ref\net8.0\WindowsBase.dll [C:\Users\ultra\warewolf\Dev\Warewolf.Studio.Core\Warewolf.Studio.Core.csproj]
C:\Program Files\dotnet\sdk\10.0.201\Microsoft.Common.CurrentVersion.targets(2451,5): warning MSB3277:           Project file item includes which caused reference "C:\Program Files\dotnet\packs\Microsoft.NETCore.App.Ref\8.0.25\ref\net8.0\WindowsBase.dll". [C:\Users\ultra\warewolf\Dev\Warewolf.Studio.Core\Warewolf.Studio.Core.csproj]
C:\Program Files\dotnet\sdk\10.0.201\Microsoft.Common.CurrentVersion.targets(2451,5): warning MSB3277:             C:\Program Files\dotnet\packs\Microsoft.NETCore.App.Ref\8.0.25\ref/net8.0/WindowsBase.dll [C:\Users\ultra\warewolf\Dev\Warewolf.Studio.Core\Warewolf.Studio.Core.csproj]
C:\Program Files\dotnet\sdk\10.0.201\Microsoft.Common.CurrentVersion.targets(2451,5): warning MSB3277:     References which depend on or have been unified to "WindowsBase, Version=6.0.2.0, Culture=neutral, PublicKeyToken=31bf3856ad364e35" []. [C:\Users\ultra\warewolf\Dev\Warewolf.Studio.Core\Warewolf.Studio.Core.csproj]
C:\Program Files\dotnet\sdk\10.0.201\Microsoft.Common.CurrentVersion.targets(2451,5): warning MSB3277:         C:\Users\ultra\warewolf\Dev\Binaries\Infragistcs_Net6\InfragisticsWPF4.Controls.Menus.XamDataTree.v15.1.dll [C:\Users\ultra\warewolf\Dev\Warewolf.Studio.Core\Warewolf.Studio.Core.csproj]
C:\Program Files\dotnet\sdk\10.0.201\Microsoft.Common.CurrentVersion.targets(2451,5): warning MSB3277:           Project file item includes which caused reference "C:\Users\ultra\warewolf\Dev\Binaries\Infragistcs_Net6\InfragisticsWPF4.Controls.Menus.XamDataTree.v15.1.dll". [C:\Users\ultra\warewolf\Dev\Warewolf.Studio.Core\Warewolf.Studio.Core.csproj]
C:\Program Files\dotnet\sdk\10.0.201\Microsoft.Common.CurrentVersion.targets(2451,5): warning MSB3277:             InfragisticsWPF4.Controls.Menus.XamDataTree.v15.1, Version=15.1.20151.2055, Culture=neutral, PublicKeyToken=7dd5c3163f2cd0cb, processorArchitecture=MSIL [C:\Users\ultra\warewolf\Dev\Warewolf.Studio.Core\Warewolf.Studio.Core.csproj]
C:\Program Files\dotnet\sdk\10.0.201\Microsoft.Common.CurrentVersion.targets(2451,5): warning MSB3277:         C:\Users\ultra\warewolf\Dev\Binaries\Infragistcs_Net6\InfragisticsWPF4.DataManager.v15.1.dll [C:\Users\ultra\warewolf\Dev\Warewolf.Studio.Core\Warewolf.Studio.Core.csproj]
C:\Program Files\dotnet\sdk\10.0.201\Microsoft.Common.CurrentVersion.targets(2451,5): warning MSB3277:           Project file item includes which caused reference "C:\Users\ultra\warewolf\Dev\Binaries\Infragistcs_Net6\InfragisticsWPF4.DataManager.v15.1.dll". [C:\Users\ultra\warewolf\Dev\Warewolf.Studio.Core\Warewolf.Studio.Core.csproj]
C:\Program Files\dotnet\sdk\10.0.201\Microsoft.Common.CurrentVersion.targets(2451,5): warning MSB3277:             InfragisticsWPF4.DataManager.v15.1, Version=15.1.20151.2055, Culture=neutral, PublicKeyToken=7dd5c3163f2cd0cb, processorArchitecture=MSIL [C:\Users\ultra\warewolf\Dev\Warewolf.Studio.Core\Warewolf.Studio.Core.csproj]
C:\Program Files\dotnet\sdk\10.0.201\Microsoft.Common.CurrentVersion.targets(2451,5): warning MSB3277:             InfragisticsWPF4.Controls.Menus.XamDataTree.v15.1, Version=15.1.20151.2055, Culture=neutral, PublicKeyToken=7dd5c3163f2cd0cb, processorArchitecture=MSIL [C:\Users\ultra\warewolf\Dev\Warewolf.Studio.Core\Warewolf.Studio.Core.csproj]
C:\Program Files\dotnet\sdk\10.0.201\Microsoft.Common.CurrentVersion.targets(2451,5): warning MSB3277:         C:\Users\ultra\warewolf\Dev\Binaries\Infragistcs_Net6\InfragisticsWPF4.DockManager.v15.1.dll [C:\Users\ultra\warewolf\Dev\Warewolf.Studio.Core\Warewolf.Studio.Core.csproj]
C:\Program Files\dotnet\sdk\10.0.201\Microsoft.Common.CurrentVersion.targets(2451,5): warning MSB3277:           Project file item includes which caused reference "C:\Users\ultra\warewolf\Dev\Binaries\Infragistcs_Net6\InfragisticsWPF4.DockManager.v15.1.dll". [C:\Users\ultra\warewolf\Dev\Warewolf.Studio.Core\Warewolf.Studio.Core.csproj]
C:\Program Files\dotnet\sdk\10.0.201\Microsoft.Common.CurrentVersion.targets(2451,5): warning MSB3277:             InfragisticsWPF4.DockManager.v15.1, Version=15.1.20151.2055, Culture=neutral, PublicKeyToken=7dd5c3163f2cd0cb, processorArchitecture=MSIL [C:\Users\ultra\warewolf\Dev\Warewolf.Studio.Core\Warewolf.Studio.Core.csproj]
C:\Program Files\dotnet\sdk\10.0.201\Microsoft.Common.CurrentVersion.targets(2451,5): warning MSB3277:         C:\Users\ultra\warewolf\Dev\Binaries\Infragistcs_Net6\InfragisticsWPF4.v15.1.dll [C:\Users\ultra\warewolf\Dev\Warewolf.Studio.Core\Warewolf.Studio.Core.csproj]
C:\Program Files\dotnet\sdk\10.0.201\Microsoft.Common.CurrentVersion.targets(2451,5): warning MSB3277:           Project file item includes which caused reference "C:\Users\ultra\warewolf\Dev\Binaries\Infragistcs_Net6\InfragisticsWPF4.v15.1.dll". [C:\Users\ultra\warewolf\Dev\Warewolf.Studio.Core\Warewolf.Studio.Core.csproj]
C:\Program Files\dotnet\sdk\10.0.201\Microsoft.Common.CurrentVersion.targets(2451,5): warning MSB3277:             InfragisticsWPF4.v15.1, Version=15.1.20151.2055, Culture=neutral, PublicKeyToken=7dd5c3163f2cd0cb, processorArchitecture=MSIL [C:\Users\ultra\warewolf\Dev\Warewolf.Studio.Core\Warewolf.Studio.Core.csproj]
C:\Program Files\dotnet\sdk\10.0.201\Microsoft.Common.CurrentVersion.targets(2451,5): warning MSB3277:             InfragisticsWPF4.Controls.Menus.XamDataTree.v15.1, Version=15.1.20151.2055, Culture=neutral, PublicKeyToken=7dd5c3163f2cd0cb, processorArchitecture=MSIL [C:\Users\ultra\warewolf\Dev\Warewolf.Studio.Core\Warewolf.Studio.Core.csproj]
C:\Program Files\dotnet\sdk\10.0.201\Microsoft.Common.CurrentVersion.targets(2451,5): warning MSB3277:             InfragisticsWPF4.DataManager.v15.1, Version=15.1.20151.2055, Culture=neutral, PublicKeyToken=7dd5c3163f2cd0cb, processorArchitecture=MSIL [C:\Users\ultra\warewolf\Dev\Warewolf.Studio.Core\Warewolf.Studio.Core.csproj]
C:\Program Files\dotnet\sdk\10.0.201\Microsoft.Common.CurrentVersion.targets(2451,5): warning MSB3277:             InfragisticsWPF4.DockManager.v15.1, Version=15.1.20151.2055, Culture=neutral, PublicKeyToken=7dd5c3163f2cd0cb, processorArchitecture=MSIL [C:\Users\ultra\warewolf\Dev\Warewolf.Studio.Core\Warewolf.Studio.Core.csproj]
C:\Program Files\dotnet\sdk\10.0.201\Microsoft.Common.CurrentVersion.targets(2451,5): warning MSB3277:         C:\Users\ultra\.nuget\packages\caliburn.micro\4.0.212\lib\netcoreapp3.1\Caliburn.Micro.Platform.dll [C:\Users\ultra\warewolf\Dev\Warewolf.Studio.Core\Warewolf.Studio.Core.csproj]
C:\Program Files\dotnet\sdk\10.0.201\Microsoft.Common.CurrentVersion.targets(2451,5): warning MSB3277:           Project file item includes which caused reference "C:\Users\ultra\.nuget\packages\caliburn.micro\4.0.212\lib\netcoreapp3.1\Caliburn.Micro.Platform.dll". [C:\Users\ultra\warewolf\Dev\Warewolf.Studio.Core\Warewolf.Studio.Core.csproj]
C:\Program Files\dotnet\sdk\10.0.201\Microsoft.Common.CurrentVersion.targets(2451,5): warning MSB3277:             C:\Users\ultra\.nuget\packages\caliburn.micro\4.0.212\lib\netcoreapp3.1\Caliburn.Micro.Platform.dll [C:\Users\ultra\warewolf\Dev\Warewolf.Studio.Core\Warewolf.Studio.Core.csproj]
C:\Program Files\dotnet\sdk\10.0.201\Microsoft.Common.CurrentVersion.targets(2451,5): warning MSB3277:         C:\Users\ultra\.nuget\packages\microsoft.xaml.behaviors.wpf\1.1.122\lib\net462\Microsoft.Xaml.Behaviors.dll [C:\Users\ultra\warewolf\Dev\Warewolf.Studio.Core\Warewolf.Studio.Core.csproj]
C:\Program Files\dotnet\sdk\10.0.201\Microsoft.Common.CurrentVersion.targets(2451,5): warning MSB3277:           Project file item includes which caused reference "C:\Users\ultra\.nuget\packages\microsoft.xaml.behaviors.wpf\1.1.122\lib\net462\Microsoft.Xaml.Behaviors.dll". [C:\Users\ultra\warewolf\Dev\Warewolf.Studio.Core\Warewolf.Studio.Core.csproj]
C:\Program Files\dotnet\sdk\10.0.201\Microsoft.Common.CurrentVersion.targets(2451,5): warning MSB3277:             C:\Users\ultra\.nuget\packages\microsoft.xaml.behaviors.wpf\1.1.122\lib\net462\Microsoft.Xaml.Behaviors.dll [C:\Users\ultra\warewolf\Dev\Warewolf.Studio.Core\Warewolf.Studio.Core.csproj]
C:\Program Files\dotnet\sdk\10.0.201\Microsoft.Common.CurrentVersion.targets(2451,5): warning MSB3277:             C:\Users\ultra\.nuget\packages\caliburn.micro\4.0.212\lib\netcoreapp3.1\Caliburn.Micro.Platform.dll [C:\Users\ultra\warewolf\Dev\Warewolf.Studio.Core\Warewolf.Studio.Core.csproj]
C:\Program Files\dotnet\sdk\10.0.201\Microsoft.Common.CurrentVersion.targets(2451,5): warning MSB3277:             C:\Users\ultra\.nuget\packages\prism.wpf\9.0.537\lib\net462\Prism.Wpf.dll [C:\Users\ultra\warewolf\Dev\Warewolf.Studio.Core\Warewolf.Studio.Core.csproj]
C:\Program Files\dotnet\sdk\10.0.201\Microsoft.Common.CurrentVersion.targets(2451,5): warning MSB3277:         C:\Users\ultra\.nuget\packages\prism.wpf\9.0.537\lib\net462\Prism.Wpf.dll [C:\Users\ultra\warewolf\Dev\Warewolf.Studio.Core\Warewolf.Studio.Core.csproj]
C:\Program Files\dotnet\sdk\10.0.201\Microsoft.Common.CurrentVersion.targets(2451,5): warning MSB3277:           Project file item includes which caused reference "C:\Users\ultra\.nuget\packages\prism.wpf\9.0.537\lib\net462\Prism.Wpf.dll". [C:\Users\ultra\warewolf\Dev\Warewolf.Studio.Core\Warewolf.Studio.Core.csproj]
C:\Program Files\dotnet\sdk\10.0.201\Microsoft.Common.CurrentVersion.targets(2451,5): warning MSB3277:             C:\Users\ultra\.nuget\packages\prism.wpf\9.0.537\lib\net462\Prism.Wpf.dll [C:\Users\ultra\warewolf\Dev\Warewolf.Studio.Core\Warewolf.Studio.Core.csproj]
C:\Program Files\dotnet\sdk\10.0.201\Microsoft.Common.CurrentVersion.targets(2451,5): warning MSB3277:         C:\Users\ultra\.nuget\packages\reactiveui.wpf\18.4.1\lib\net462\ReactiveUI.Wpf.dll [C:\Users\ultra\warewolf\Dev\Warewolf.Studio.Core\Warewolf.Studio.Core.csproj]
C:\Program Files\dotnet\sdk\10.0.201\Microsoft.Common.CurrentVersion.targets(2451,5): warning MSB3277:           Project file item includes which caused reference "C:\Users\ultra\.nuget\packages\reactiveui.wpf\18.4.1\lib\net462\ReactiveUI.Wpf.dll". [C:\Users\ultra\warewolf\Dev\Warewolf.Studio.Core\Warewolf.Studio.Core.csproj]
C:\Program Files\dotnet\sdk\10.0.201\Microsoft.Common.CurrentVersion.targets(2451,5): warning MSB3277:             C:\Users\ultra\.nuget\packages\reactiveui.wpf\18.4.1\lib\net462\ReactiveUI.Wpf.dll [C:\Users\ultra\warewolf\Dev\Warewolf.Studio.Core\Warewolf.Studio.Core.csproj]
C:\Program Files\dotnet\sdk\10.0.201\Microsoft.Common.CurrentVersion.targets(2451,5): warning MSB3277:         C:\Users\ultra\warewolf\Dev\Binaries\Infragistcs_Net6\InfragisticsWPF4.DragDrop.v15.1.dll [C:\Users\ultra\warewolf\Dev\Warewolf.Studio.Core\Warewolf.Studio.Core.csproj]
C:\Program Files\dotnet\sdk\10.0.201\Microsoft.Common.CurrentVersion.targets(2451,5): warning MSB3277:           Project file item includes which caused reference "C:\Users\ultra\warewolf\Dev\Binaries\Infragistcs_Net6\InfragisticsWPF4.DragDrop.v15.1.dll". [C:\Users\ultra\warewolf\Dev\Warewolf.Studio.Core\Warewolf.Studio.Core.csproj]
C:\Program Files\dotnet\sdk\10.0.201\Microsoft.Common.CurrentVersion.targets(2451,5): warning MSB3277:             InfragisticsWPF4.Controls.Menus.XamDataTree.v15.1, Version=15.1.20151.2055, Culture=neutral, PublicKeyToken=7dd5c3163f2cd0cb, processorArchitecture=MSIL [C:\Users\ultra\warewolf\Dev\Warewolf.Studio.Core\Warewolf.Studio.Core.csproj]
C:\Program Files\dotnet\sdk\10.0.201\Microsoft.Common.CurrentVersion.targets(2451,5): warning MSB3277: Found conflicts between different versions of "WindowsBase" that could not be resolved. [C:\Users\ultra\warewolf\Dev\Dev2.Activities\Dev2.Activities.csproj]
C:\Program Files\dotnet\sdk\10.0.201\Microsoft.Common.CurrentVersion.targets(2451,5): warning MSB3277: There was a conflict between "WindowsBase, Version=4.0.0.0, Culture=neutral, PublicKeyToken=31bf3856ad364e35" and "WindowsBase, Version=6.0.2.0, Culture=neutral, PublicKeyToken=31bf3856ad364e35". [C:\Users\ultra\warewolf\Dev\Dev2.Activities\Dev2.Activities.csproj]
C:\Program Files\dotnet\sdk\10.0.201\Microsoft.Common.CurrentVersion.targets(2451,5): warning MSB3277:     "WindowsBase, Version=4.0.0.0, Culture=neutral, PublicKeyToken=31bf3856ad364e35" was chosen because it was primary and "WindowsBase, Version=6.0.2.0, Culture=neutral, PublicKeyToken=31bf3856ad364e35" was not. [C:\Users\ultra\warewolf\Dev\Dev2.Activities\Dev2.Activities.csproj]
C:\Program Files\dotnet\sdk\10.0.201\Microsoft.Common.CurrentVersion.targets(2451,5): warning MSB3277:     References which depend on "WindowsBase, Version=4.0.0.0, Culture=neutral, PublicKeyToken=31bf3856ad364e35" [C:\Program Files\dotnet\packs\Microsoft.NETCore.App.Ref\8.0.25\ref\net8.0\WindowsBase.dll]. [C:\Users\ultra\warewolf\Dev\Dev2.Activities\Dev2.Activities.csproj]
C:\Program Files\dotnet\sdk\10.0.201\Microsoft.Common.CurrentVersion.targets(2451,5): warning MSB3277:         C:\Program Files\dotnet\packs\Microsoft.NETCore.App.Ref\8.0.25\ref\net8.0\WindowsBase.dll [C:\Users\ultra\warewolf\Dev\Dev2.Activities\Dev2.Activities.csproj]
C:\Program Files\dotnet\sdk\10.0.201\Microsoft.Common.CurrentVersion.targets(2451,5): warning MSB3277:           Project file item includes which caused reference "C:\Program Files\dotnet\packs\Microsoft.NETCore.App.Ref\8.0.25\ref\net8.0\WindowsBase.dll". [C:\Users\ultra\warewolf\Dev\Dev2.Activities\Dev2.Activities.csproj]
C:\Program Files\dotnet\sdk\10.0.201\Microsoft.Common.CurrentVersion.targets(2451,5): warning MSB3277:             C:\Program Files\dotnet\packs\Microsoft.NETCore.App.Ref\8.0.25\ref/net8.0/WindowsBase.dll [C:\Users\ultra\warewolf\Dev\Dev2.Activities\Dev2.Activities.csproj]
C:\Program Files\dotnet\sdk\10.0.201\Microsoft.Common.CurrentVersion.targets(2451,5): warning MSB3277:     References which depend on or have been unified to "WindowsBase, Version=6.0.2.0, Culture=neutral, PublicKeyToken=31bf3856ad364e35" []. [C:\Users\ultra\warewolf\Dev\Dev2.Activities\Dev2.Activities.csproj]
C:\Program Files\dotnet\sdk\10.0.201\Microsoft.Common.CurrentVersion.targets(2451,5): warning MSB3277:         C:\Users\ultra\.nuget\packages\caliburn.micro\4.0.212\lib\netcoreapp3.1\Caliburn.Micro.Platform.dll [C:\Users\ultra\warewolf\Dev\Dev2.Activities\Dev2.Activities.csproj]
C:\Program Files\dotnet\sdk\10.0.201\Microsoft.Common.CurrentVersion.targets(2451,5): warning MSB3277:           Project file item includes which caused reference "C:\Users\ultra\.nuget\packages\caliburn.micro\4.0.212\lib\netcoreapp3.1\Caliburn.Micro.Platform.dll". [C:\Users\ultra\warewolf\Dev\Dev2.Activities\Dev2.Activities.csproj]
C:\Program Files\dotnet\sdk\10.0.201\Microsoft.Common.CurrentVersion.targets(2451,5): warning MSB3277:             C:\Users\ultra\.nuget\packages\caliburn.micro\4.0.212\lib\netcoreapp3.1\Caliburn.Micro.Platform.dll [C:\Users\ultra\warewolf\Dev\Dev2.Activities\Dev2.Activities.csproj]
C:\Program Files\dotnet\sdk\10.0.201\Microsoft.Common.CurrentVersion.targets(2451,5): warning MSB3277:         C:\Users\ultra\.nuget\packages\ironpython\3.4.0\lib\net6.0\IronPython.Wpf.dll [C:\Users\ultra\warewolf\Dev\Dev2.Activities\Dev2.Activities.csproj]
C:\Program Files\dotnet\sdk\10.0.201\Microsoft.Common.CurrentVersion.targets(2451,5): warning MSB3277:           Project file item includes which caused reference "C:\Users\ultra\.nuget\packages\ironpython\3.4.0\lib\net6.0\IronPython.Wpf.dll". [C:\Users\ultra\warewolf\Dev\Dev2.Activities\Dev2.Activities.csproj]
C:\Program Files\dotnet\sdk\10.0.201\Microsoft.Common.CurrentVersion.targets(2451,5): warning MSB3277:             C:\Users\ultra\.nuget\packages\ironpython\3.4.0\lib\net6.0\IronPython.Wpf.dll [C:\Users\ultra\warewolf\Dev\Dev2.Activities\Dev2.Activities.csproj]
C:\Program Files\dotnet\sdk\10.0.201\Microsoft.Common.CurrentVersion.targets(2451,5): warning MSB3277:         C:\Users\ultra\.nuget\packages\microsoft.xaml.behaviors.wpf\1.1.19\lib\netcoreapp3.0\Microsoft.Xaml.Behaviors.dll [C:\Users\ultra\warewolf\Dev\Dev2.Activities\Dev2.Activities.csproj]
C:\Program Files\dotnet\sdk\10.0.201\Microsoft.Common.CurrentVersion.targets(2451,5): warning MSB3277:           Project file item includes which caused reference "C:\Users\ultra\.nuget\packages\microsoft.xaml.behaviors.wpf\1.1.19\lib\netcoreapp3.0\Microsoft.Xaml.Behaviors.dll". [C:\Users\ultra\warewolf\Dev\Dev2.Activities\Dev2.Activities.csproj]
C:\Program Files\dotnet\sdk\10.0.201\Microsoft.Common.CurrentVersion.targets(2451,5): warning MSB3277:             C:\Users\ultra\.nuget\packages\microsoft.xaml.behaviors.wpf\1.1.19\lib\netcoreapp3.0\Microsoft.Xaml.Behaviors.dll [C:\Users\ultra\warewolf\Dev\Dev2.Activities\Dev2.Activities.csproj]
C:\Program Files\dotnet\sdk\10.0.201\Microsoft.Common.CurrentVersion.targets(2451,5): warning MSB3277:             C:\Users\ultra\.nuget\packages\caliburn.micro\4.0.212\lib\netcoreapp3.1\Caliburn.Micro.Platform.dll [C:\Users\ultra\warewolf\Dev\Dev2.Activities\Dev2.Activities.csproj]
C:\Program Files\dotnet\sdk\10.0.201\Microsoft.Common.CurrentVersion.targets(2451,5): warning MSB3277:         C:\Users\ultra\.nuget\packages\reactiveui.wpf\18.4.1\lib\net462\ReactiveUI.Wpf.dll [C:\Users\ultra\warewolf\Dev\Dev2.Activities\Dev2.Activities.csproj]
C:\Program Files\dotnet\sdk\10.0.201\Microsoft.Common.CurrentVersion.targets(2451,5): warning MSB3277:           Project file item includes which caused reference "C:\Users\ultra\.nuget\packages\reactiveui.wpf\18.4.1\lib\net462\ReactiveUI.Wpf.dll". [C:\Users\ultra\warewolf\Dev\Dev2.Activities\Dev2.Activities.csproj]
C:\Program Files\dotnet\sdk\10.0.201\Microsoft.Common.CurrentVersion.targets(2451,5): warning MSB3277:             C:\Users\ultra\.nuget\packages\reactiveui.wpf\18.4.1\lib\net462\ReactiveUI.Wpf.dll [C:\Users\ultra\warewolf\Dev\Dev2.Activities\Dev2.Activities.csproj]
  Consider app.config remapping of assembly "System.Runtime.CompilerServices.Unsafe, Culture=neutral, PublicKeyToken=b03f5f7f11d50a3a" from Version "6.0.0.0" [] to Version "8.0.0.0" [C:\Program Files\dotnet\packs\Microsoft.NETCore.App.Ref\8.0.25\ref\net8.0\System.Runtime.CompilerServices.Unsafe.dll] to solve conflict and get rid of warning.
C:\Program Files\dotnet\sdk\10.0.201\Sdks\Microsoft.NET.Sdk\targets\Microsoft.NET.Sdk.targets(308,5): warning NETSDK1206: Found version-specific or distribution-specific runtime identifier(s): win7-x64, win7-x86. Affected libraries: SQLite. In .NET 8.0 and higher, assets for version-specific and distribution-specific runtime identifiers will not be found by default. See https://aka.ms/dotnet/rid-usage for details. [C:\Users\ultra\warewolf\Dev\Warewolf.Testing\Warewolf.Testing.csproj]
  Warewolf.Testing -> C:\Users\ultra\warewolf\Dev\Warewolf.Testing\bin\Debug\net8.0\Warewolf.Testing.dll
C:\Program Files\dotnet\sdk\10.0.201\Sdks\Microsoft.NET.Sdk\targets\Microsoft.NET.Sdk.targets(308,5): warning NETSDK1206: Found version-specific or distribution-specific runtime identifier(s): win7-x64, win7-x86. Affected libraries: SQLite. In .NET 8.0 and higher, assets for version-specific and distribution-specific runtime identifiers will not be found by default. See https://aka.ms/dotnet/rid-usage for details. [C:\Users\ultra\warewolf\Dev\Warewolf.Studio.Core\Warewolf.Studio.Core.csproj]
  Warewolf.Studio.Core -> C:\Users\ultra\warewolf\Dev\Warewolf.Studio.Core\bin\Debug\net8.0\Warewolf.Studio.Core.dll
C:\Program Files\dotnet\sdk\10.0.201\Microsoft.Common.CurrentVersion.targets(2451,5): warning MSB3277: Found conflicts between different versions of "Microsoft.Win32.SystemEvents" that could not be resolved. [C:\Users\ultra\warewolf\Dev\Warewolf.Core.Tests\Warewolf.Core.Tests.csproj]
C:\Program Files\dotnet\sdk\10.0.201\Microsoft.Common.CurrentVersion.targets(2451,5): warning MSB3277: There was a conflict between "Microsoft.Win32.SystemEvents, Version=6.0.0.0, Culture=neutral, PublicKeyToken=cc7b13ffcd2ddd51" and "Microsoft.Win32.SystemEvents, Version=7.0.0.0, Culture=neutral, PublicKeyToken=cc7b13ffcd2ddd51". [C:\Users\ultra\warewolf\Dev\Warewolf.Core.Tests\Warewolf.Core.Tests.csproj]
C:\Program Files\dotnet\sdk\10.0.201\Microsoft.Common.CurrentVersion.targets(2451,5): warning MSB3277:     "Microsoft.Win32.SystemEvents, Version=6.0.0.0, Culture=neutral, PublicKeyToken=cc7b13ffcd2ddd51" was chosen because it was primary and "Microsoft.Win32.SystemEvents, Version=7.0.0.0, Culture=neutral, PublicKeyToken=cc7b13ffcd2ddd51" was not. [C:\Users\ultra\warewolf\Dev\Warewolf.Core.Tests\Warewolf.Core.Tests.csproj]
C:\Program Files\dotnet\sdk\10.0.201\Microsoft.Common.CurrentVersion.targets(2451,5): warning MSB3277:     References which depend on "Microsoft.Win32.SystemEvents, Version=6.0.0.0, Culture=neutral, PublicKeyToken=cc7b13ffcd2ddd51" [C:\Users\ultra\.nuget\packages\microsoft.win32.systemevents\6.0.0\lib\net6.0\Microsoft.Win32.SystemEvents.dll]. [C:\Users\ultra\warewolf\Dev\Warewolf.Core.Tests\Warewolf.Core.Tests.csproj]
C:\Program Files\dotnet\sdk\10.0.201\Microsoft.Common.CurrentVersion.targets(2451,5): warning MSB3277:         C:\Users\ultra\.nuget\packages\microsoft.win32.systemevents\6.0.0\lib\net6.0\Microsoft.Win32.SystemEvents.dll [C:\Users\ultra\warewolf\Dev\Warewolf.Core.Tests\Warewolf.Core.Tests.csproj]
C:\Program Files\dotnet\sdk\10.0.201\Microsoft.Common.CurrentVersion.targets(2451,5): warning MSB3277:           Project file item includes which caused reference "C:\Users\ultra\.nuget\packages\microsoft.win32.systemevents\6.0.0\lib\net6.0\Microsoft.Win32.SystemEvents.dll". [C:\Users\ultra\warewolf\Dev\Warewolf.Core.Tests\Warewolf.Core.Tests.csproj]
C:\Program Files\dotnet\sdk\10.0.201\Microsoft.Common.CurrentVersion.targets(2451,5): warning MSB3277:             C:\Users\ultra\.nuget\packages\microsoft.win32.systemevents\6.0.0\lib\net6.0\Microsoft.Win32.SystemEvents.dll [C:\Users\ultra\warewolf\Dev\Warewolf.Core.Tests\Warewolf.Core.Tests.csproj]
C:\Program Files\dotnet\sdk\10.0.201\Microsoft.Common.CurrentVersion.targets(2451,5): warning MSB3277:     References which depend on or have been unified to "Microsoft.Win32.SystemEvents, Version=7.0.0.0, Culture=neutral, PublicKeyToken=cc7b13ffcd2ddd51" []. [C:\Users\ultra\warewolf\Dev\Warewolf.Core.Tests\Warewolf.Core.Tests.csproj]
C:\Program Files\dotnet\sdk\10.0.201\Microsoft.Common.CurrentVersion.targets(2451,5): warning MSB3277:         C:\Users\ultra\warewolf\Dev\Dev2.Common\bin\Debug\net8.0\Dev2.Common.dll [C:\Users\ultra\warewolf\Dev\Warewolf.Core.Tests\Warewolf.Core.Tests.csproj]
C:\Program Files\dotnet\sdk\10.0.201\Microsoft.Common.CurrentVersion.targets(2451,5): warning MSB3277:           Project file item includes which caused reference "C:\Users\ultra\warewolf\Dev\Dev2.Common\bin\Debug\net8.0\Dev2.Common.dll". [C:\Users\ultra\warewolf\Dev\Warewolf.Core.Tests\Warewolf.Core.Tests.csproj]
C:\Program Files\dotnet\sdk\10.0.201\Microsoft.Common.CurrentVersion.targets(2451,5): warning MSB3277:             C:\Users\ultra\warewolf\Dev\Dev2.Common\bin\Debug\net8.0\Dev2.Common.dll [C:\Users\ultra\warewolf\Dev\Warewolf.Core.Tests\Warewolf.Core.Tests.csproj]
C:\Program Files\dotnet\sdk\10.0.201\Microsoft.Common.CurrentVersion.targets(2451,5): warning MSB3277:             C:\Users\ultra\warewolf\Dev\Dev2.Infrastructure\bin\Debug\net8.0\Dev2.Infrastructure.dll [C:\Users\ultra\warewolf\Dev\Warewolf.Core.Tests\Warewolf.Core.Tests.csproj]
C:\Program Files\dotnet\sdk\10.0.201\Microsoft.Common.CurrentVersion.targets(2451,5): warning MSB3277:             C:\Users\ultra\warewolf\Dev\Warewolf.Core\bin\Debug\net8.0\Warewolf.Core.dll [C:\Users\ultra\warewolf\Dev\Warewolf.Core.Tests\Warewolf.Core.Tests.csproj]
C:\Program Files\dotnet\sdk\10.0.201\Microsoft.Common.CurrentVersion.targets(2451,5): warning MSB3277:             C:\Users\ultra\warewolf\Dev\Warewolf.Testing\bin\Debug\net8.0\Warewolf.Testing.dll [C:\Users\ultra\warewolf\Dev\Warewolf.Core.Tests\Warewolf.Core.Tests.csproj]
C:\Program Files\dotnet\sdk\10.0.201\Microsoft.Common.CurrentVersion.targets(2451,5): warning MSB3277:             C:\Users\ultra\warewolf\Dev\Dev2.Core\bin\Debug\net8.0\Dev2.Core.dll [C:\Users\ultra\warewolf\Dev\Warewolf.Core.Tests\Warewolf.Core.Tests.csproj]
C:\Program Files\dotnet\sdk\10.0.201\Microsoft.Common.CurrentVersion.targets(2451,5): warning MSB3277:             C:\Users\ultra\warewolf\Dev\Dev2.Data\bin\Debug\net8.0\Dev2.Data.dll [C:\Users\ultra\warewolf\Dev\Warewolf.Core.Tests\Warewolf.Core.Tests.csproj]
C:\Program Files\dotnet\sdk\10.0.201\Microsoft.Common.CurrentVersion.targets(2451,5): warning MSB3277:             C:\Users\ultra\warewolf\Dev\Dev2.Diagnostics\bin\Debug\net8.0\Dev2.Diagnostics.dll [C:\Users\ultra\warewolf\Dev\Warewolf.Core.Tests\Warewolf.Core.Tests.csproj]
C:\Program Files\dotnet\sdk\10.0.201\Microsoft.Common.CurrentVersion.targets(2451,5): warning MSB3277:             C:\Users\ultra\warewolf\Dev\Dev2.Runtime.Services\bin\Debug\net8.0\Dev2.Runtime.Services.dll [C:\Users\ultra\warewolf\Dev\Warewolf.Core.Tests\Warewolf.Core.Tests.csproj]
C:\Program Files\dotnet\sdk\10.0.201\Microsoft.Common.CurrentVersion.targets(2451,5): warning MSB3277:             C:\Users\ultra\warewolf\Dev\Dev2.Scheduler\bin\Debug\net8.0\Dev2.Scheduler.dll [C:\Users\ultra\warewolf\Dev\Warewolf.Core.Tests\Warewolf.Core.Tests.csproj]
C:\Program Files\dotnet\sdk\10.0.201\Microsoft.Common.CurrentVersion.targets(2451,5): warning MSB3277:             C:\Users\ultra\warewolf\Dev\Dev2.Services.Sql\bin\Debug\net8.0\Dev2.Services.Sql.dll [C:\Users\ultra\warewolf\Dev\Warewolf.Core.Tests\Warewolf.Core.Tests.csproj]
C:\Program Files\dotnet\sdk\10.0.201\Microsoft.Common.CurrentVersion.targets(2451,5): warning MSB3277:             C:\Users\ultra\warewolf\Dev\Dev2.Studio.Interfaces\bin\Debug\net8.0\Dev2.Studio.Interfaces.dll [C:\Users\ultra\warewolf\Dev\Warewolf.Core.Tests\Warewolf.Core.Tests.csproj]
C:\Program Files\dotnet\sdk\10.0.201\Microsoft.Common.CurrentVersion.targets(2451,5): warning MSB3277:             C:\Users\ultra\warewolf\Dev\Dev2.TaskScheduler.Wrappers\bin\Debug\net8.0\Dev2.TaskScheduler.Wrappers.dll [C:\Users\ultra\warewolf\Dev\Warewolf.Core.Tests\Warewolf.Core.Tests.csproj]
C:\Program Files\dotnet\sdk\10.0.201\Microsoft.Common.CurrentVersion.targets(2451,5): warning MSB3277:             C:\Users\ultra\warewolf\Dev\Dev2.Util\bin\Debug\net8.0\Dev2.Util.dll [C:\Users\ultra\warewolf\Dev\Warewolf.Core.Tests\Warewolf.Core.Tests.csproj]
C:\Program Files\dotnet\sdk\10.0.201\Microsoft.Common.CurrentVersion.targets(2451,5): warning MSB3277:             C:\Users\ultra\warewolf\Dev\Warewolf.AI.Harness\bin\Debug\net8.0\Warewolf.AI.Harness.dll [C:\Users\ultra\warewolf\Dev\Warewolf.Core.Tests\Warewolf.Core.Tests.csproj]
C:\Program Files\dotnet\sdk\10.0.201\Microsoft.Common.CurrentVersion.targets(2451,5): warning MSB3277:             C:\Users\ultra\warewolf\Dev\Warewolf.Auditing\bin\Debug\net8.0\Warewolf.Auditing.dll [C:\Users\ultra\warewolf\Dev\Warewolf.Core.Tests\Warewolf.Core.Tests.csproj]
C:\Program Files\dotnet\sdk\10.0.201\Microsoft.Common.CurrentVersion.targets(2451,5): warning MSB3277:             C:\Users\ultra\warewolf\Dev\Warewolf.Common.NetStandard20\bin\Debug\net8.0\Warewolf.Common.NetStandard20.dll [C:\Users\ultra\warewolf\Dev\Warewolf.Core.Tests\Warewolf.Core.Tests.csproj]
C:\Program Files\dotnet\sdk\10.0.201\Microsoft.Common.CurrentVersion.targets(2451,5): warning MSB3277:             C:\Users\ultra\warewolf\Dev\Warewolf.Driver.Serilog\bin\Debug\net8.0\Warewolf.Driver.Serilog.dll [C:\Users\ultra\warewolf\Dev\Warewolf.Core.Tests\Warewolf.Core.Tests.csproj]
C:\Program Files\dotnet\sdk\10.0.201\Microsoft.Common.CurrentVersion.targets(2451,5): warning MSB3277:             C:\Users\ultra\warewolf\Dev\Warewolf.ResourceManagement\bin\Debug\net8.0\Warewolf.ResourceManagement.dll [C:\Users\ultra\warewolf\Dev\Warewolf.Core.Tests\Warewolf.Core.Tests.csproj]
C:\Program Files\dotnet\sdk\10.0.201\Microsoft.Common.CurrentVersion.targets(2451,5): warning MSB3277:             C:\Users\ultra\warewolf\Dev\Warewolf.Sharepoint\bin\Debug\net8.0\Warewolf.Sharepoint.dll [C:\Users\ultra\warewolf\Dev\Warewolf.Core.Tests\Warewolf.Core.Tests.csproj]
C:\Program Files\dotnet\sdk\10.0.201\Microsoft.Common.CurrentVersion.targets(2451,5): warning MSB3277:             C:\Users\ultra\warewolf\Dev\Warewolf.Storage\bin\Debug\net8.0\Warewolf.Storage.dll [C:\Users\ultra\warewolf\Dev\Warewolf.Core.Tests\Warewolf.Core.Tests.csproj]
C:\Program Files\dotnet\sdk\10.0.201\Microsoft.Common.CurrentVersion.targets(2451,5): warning MSB3277:         C:\Users\ultra\.nuget\packages\timespan2\2.4.2\lib\netcoreapp3.1\TimeSpan2.dll [C:\Users\ultra\warewolf\Dev\Warewolf.Core.Tests\Warewolf.Core.Tests.csproj]
C:\Program Files\dotnet\sdk\10.0.201\Microsoft.Common.CurrentVersion.targets(2451,5): warning MSB3277:           Project file item includes which caused reference "C:\Users\ultra\.nuget\packages\timespan2\2.4.2\lib\netcoreapp3.1\TimeSpan2.dll". [C:\Users\ultra\warewolf\Dev\Warewolf.Core.Tests\Warewolf.Core.Tests.csproj]
C:\Program Files\dotnet\sdk\10.0.201\Microsoft.Common.CurrentVersion.targets(2451,5): warning MSB3277:             C:\Users\ultra\.nuget\packages\timespan2\2.4.2\lib\netcoreapp3.1\TimeSpan2.dll [C:\Users\ultra\warewolf\Dev\Warewolf.Core.Tests\Warewolf.Core.Tests.csproj]
C:\Program Files\dotnet\sdk\10.0.201\Microsoft.Common.CurrentVersion.targets(2451,5): warning MSB3277:             C:\Users\ultra\.nuget\packages\taskschedulereditor\2.10.1\lib\net452\Microsoft.Win32.TaskSchedulerEditor.dll [C:\Users\ultra\warewolf\Dev\Warewolf.Core.Tests\Warewolf.Core.Tests.csproj]
C:\Program Files\dotnet\sdk\10.0.201\Microsoft.Common.CurrentVersion.targets(2451,5): warning MSB3277:         C:\Program Files\dotnet\packs\Microsoft.NETCore.App.Ref\8.0.25\ref\net8.0\System.dll [C:\Users\ultra\warewolf\Dev\Warewolf.Core.Tests\Warewolf.Core.Tests.csproj]
C:\Program Files\dotnet\sdk\10.0.201\Microsoft.Common.CurrentVersion.targets(2451,5): warning MSB3277:           Project file item includes which caused reference "C:\Program Files\dotnet\packs\Microsoft.NETCore.App.Ref\8.0.25\ref\net8.0\System.dll". [C:\Users\ultra\warewolf\Dev\Warewolf.Core.Tests\Warewolf.Core.Tests.csproj]
C:\Program Files\dotnet\sdk\10.0.201\Microsoft.Common.CurrentVersion.targets(2451,5): warning MSB3277:             C:\Program Files\dotnet\packs\Microsoft.NETCore.App.Ref\8.0.25\ref/net8.0/System.dll [C:\Users\ultra\warewolf\Dev\Warewolf.Core.Tests\Warewolf.Core.Tests.csproj]
C:\Program Files\dotnet\sdk\10.0.201\Microsoft.Common.CurrentVersion.targets(2451,5): warning MSB3277:             C:\Users\ultra\.nuget\packages\aerowizard\2.3.1\lib\net45\AeroWizard.dll [C:\Users\ultra\warewolf\Dev\Warewolf.Core.Tests\Warewolf.Core.Tests.csproj]
C:\Program Files\dotnet\sdk\10.0.201\Microsoft.Common.CurrentVersion.targets(2451,5): warning MSB3277:             C:\Users\ultra\.nuget\packages\groupcontrols\1.9.0\lib\net45\GroupControls.dll [C:\Users\ultra\warewolf\Dev\Warewolf.Core.Tests\Warewolf.Core.Tests.csproj]
C:\Program Files\dotnet\sdk\10.0.201\Microsoft.Common.CurrentVersion.targets(2451,5): warning MSB3277:             C:\Users\ultra\.nuget\packages\microsoft.xaml.behaviors.wpf\1.1.122\lib\net462\Microsoft.Xaml.Behaviors.dll [C:\Users\ultra\warewolf\Dev\Warewolf.Core.Tests\Warewolf.Core.Tests.csproj]
C:\Program Files\dotnet\sdk\10.0.201\Microsoft.Common.CurrentVersion.targets(2451,5): warning MSB3277:             C:\Users\ultra\.nuget\packages\caliburn.micro\4.0.212\lib\netcoreapp3.1\Caliburn.Micro.Platform.dll [C:\Users\ultra\warewolf\Dev\Warewolf.Core.Tests\Warewolf.Core.Tests.csproj]
C:\Program Files\dotnet\sdk\10.0.201\Microsoft.Common.CurrentVersion.targets(2451,5): warning MSB3277:             C:\Users\ultra\.nuget\packages\prism.wpf\9.0.537\lib\net462\Prism.Wpf.dll [C:\Users\ultra\warewolf\Dev\Warewolf.Core.Tests\Warewolf.Core.Tests.csproj]
C:\Program Files\dotnet\sdk\10.0.201\Microsoft.Common.CurrentVersion.targets(2451,5): warning MSB3277:             C:\Users\ultra\.nuget\packages\reactiveui.wpf\18.4.1\lib\net462\ReactiveUI.Wpf.dll [C:\Users\ultra\warewolf\Dev\Warewolf.Core.Tests\Warewolf.Core.Tests.csproj]
C:\Program Files\dotnet\sdk\10.0.201\Microsoft.Common.CurrentVersion.targets(2451,5): warning MSB3277:             C:\Users\ultra\.nuget\packages\taskschedulereditor\2.10.1\lib\net452\Microsoft.Win32.TaskSchedulerEditor.dll [C:\Users\ultra\warewolf\Dev\Warewolf.Core.Tests\Warewolf.Core.Tests.csproj]
C:\Program Files\dotnet\sdk\10.0.201\Microsoft.Common.CurrentVersion.targets(2451,5): warning MSB3277:             C:\Users\ultra\.nuget\packages\ttcue.netcore.sharepointonline.csom.16.1.8029.1200\16.1.8029.1200\lib\netcoreapp2.0\Microsoft.SharePoint.Client.Runtime.Windows.dll [C:\Users\ultra\warewolf\Dev\Warewolf.Core.Tests\Warewolf.Core.Tests.csproj]
C:\Program Files\dotnet\sdk\10.0.201\Microsoft.Common.CurrentVersion.targets(2451,5): warning MSB3277:         C:\Users\ultra\warewolf\Dev\Binaries\Infragistcs_Net6\InfragisticsWPF4.v15.1.dll [C:\Users\ultra\warewolf\Dev\Warewolf.Core.Tests\Warewolf.Core.Tests.csproj]
C:\Program Files\dotnet\sdk\10.0.201\Microsoft.Common.CurrentVersion.targets(2451,5): warning MSB3277:           Project file item includes which caused reference "C:\Users\ultra\warewolf\Dev\Binaries\Infragistcs_Net6\InfragisticsWPF4.v15.1.dll". [C:\Users\ultra\warewolf\Dev\Warewolf.Core.Tests\Warewolf.Core.Tests.csproj]
C:\Program Files\dotnet\sdk\10.0.201\Microsoft.Common.CurrentVersion.targets(2451,5): warning MSB3277:             Infragistics.Calculations [C:\Users\ultra\warewolf\Dev\Warewolf.Core.Tests\Warewolf.Core.Tests.csproj]
C:\Program Files\dotnet\sdk\10.0.201\Microsoft.Common.CurrentVersion.targets(2451,5): warning MSB3277: Found conflicts between different versions of "WindowsBase" that could not be resolved. [C:\Users\ultra\warewolf\Dev\Warewolf.Core.Tests\Warewolf.Core.Tests.csproj]
C:\Program Files\dotnet\sdk\10.0.201\Microsoft.Common.CurrentVersion.targets(2451,5): warning MSB3277: There was a conflict between "WindowsBase, Version=4.0.0.0, Culture=neutral, PublicKeyToken=31bf3856ad364e35" and "WindowsBase, Version=6.0.2.0, Culture=neutral, PublicKeyToken=31bf3856ad364e35". [C:\Users\ultra\warewolf\Dev\Warewolf.Core.Tests\Warewolf.Core.Tests.csproj]
C:\Program Files\dotnet\sdk\10.0.201\Microsoft.Common.CurrentVersion.targets(2451,5): warning MSB3277:     "WindowsBase, Version=4.0.0.0, Culture=neutral, PublicKeyToken=31bf3856ad364e35" was chosen because it was primary and "WindowsBase, Version=6.0.2.0, Culture=neutral, PublicKeyToken=31bf3856ad364e35" was not. [C:\Users\ultra\warewolf\Dev\Warewolf.Core.Tests\Warewolf.Core.Tests.csproj]
C:\Program Files\dotnet\sdk\10.0.201\Microsoft.Common.CurrentVersion.targets(2451,5): warning MSB3277:     References which depend on "WindowsBase, Version=4.0.0.0, Culture=neutral, PublicKeyToken=31bf3856ad364e35" [C:\Program Files\dotnet\packs\Microsoft.NETCore.App.Ref\8.0.25\ref\net8.0\WindowsBase.dll]. [C:\Users\ultra\warewolf\Dev\Warewolf.Core.Tests\Warewolf.Core.Tests.csproj]
C:\Program Files\dotnet\sdk\10.0.201\Microsoft.Common.CurrentVersion.targets(2451,5): warning MSB3277:         C:\Program Files\dotnet\packs\Microsoft.NETCore.App.Ref\8.0.25\ref\net8.0\WindowsBase.dll [C:\Users\ultra\warewolf\Dev\Warewolf.Core.Tests\Warewolf.Core.Tests.csproj]
C:\Program Files\dotnet\sdk\10.0.201\Microsoft.Common.CurrentVersion.targets(2451,5): warning MSB3277:           Project file item includes which caused reference "C:\Program Files\dotnet\packs\Microsoft.NETCore.App.Ref\8.0.25\ref\net8.0\WindowsBase.dll". [C:\Users\ultra\warewolf\Dev\Warewolf.Core.Tests\Warewolf.Core.Tests.csproj]
C:\Program Files\dotnet\sdk\10.0.201\Microsoft.Common.CurrentVersion.targets(2451,5): warning MSB3277:             C:\Program Files\dotnet\packs\Microsoft.NETCore.App.Ref\8.0.25\ref/net8.0/WindowsBase.dll [C:\Users\ultra\warewolf\Dev\Warewolf.Core.Tests\Warewolf.Core.Tests.csproj]
C:\Program Files\dotnet\sdk\10.0.201\Microsoft.Common.CurrentVersion.targets(2451,5): warning MSB3277:     References which depend on or have been unified to "WindowsBase, Version=6.0.2.0, Culture=neutral, PublicKeyToken=31bf3856ad364e35" []. [C:\Users\ultra\warewolf\Dev\Warewolf.Core.Tests\Warewolf.Core.Tests.csproj]
C:\Program Files\dotnet\sdk\10.0.201\Microsoft.Common.CurrentVersion.targets(2451,5): warning MSB3277:         C:\Users\ultra\warewolf\Dev\Binaries\Infragistcs_Net6\Infragistics.Calculations.dll [C:\Users\ultra\warewolf\Dev\Warewolf.Core.Tests\Warewolf.Core.Tests.csproj]
C:\Program Files\dotnet\sdk\10.0.201\Microsoft.Common.CurrentVersion.targets(2451,5): warning MSB3277:           Project file item includes which caused reference "C:\Users\ultra\warewolf\Dev\Binaries\Infragistcs_Net6\Infragistics.Calculations.dll". [C:\Users\ultra\warewolf\Dev\Warewolf.Core.Tests\Warewolf.Core.Tests.csproj]
C:\Program Files\dotnet\sdk\10.0.201\Microsoft.Common.CurrentVersion.targets(2451,5): warning MSB3277:             Infragistics.Calculations [C:\Users\ultra\warewolf\Dev\Warewolf.Core.Tests\Warewolf.Core.Tests.csproj]
C:\Program Files\dotnet\sdk\10.0.201\Microsoft.Common.CurrentVersion.targets(2451,5): warning MSB3277:         C:\Users\ultra\.nuget\packages\caliburn.micro\4.0.212\lib\netcoreapp3.1\Caliburn.Micro.Platform.dll [C:\Users\ultra\warewolf\Dev\Warewolf.Core.Tests\Warewolf.Core.Tests.csproj]
C:\Program Files\dotnet\sdk\10.0.201\Microsoft.Common.CurrentVersion.targets(2451,5): warning MSB3277:           Project file item includes which caused reference "C:\Users\ultra\.nuget\packages\caliburn.micro\4.0.212\lib\netcoreapp3.1\Caliburn.Micro.Platform.dll". [C:\Users\ultra\warewolf\Dev\Warewolf.Core.Tests\Warewolf.Core.Tests.csproj]
C:\Program Files\dotnet\sdk\10.0.201\Microsoft.Common.CurrentVersion.targets(2451,5): warning MSB3277:             C:\Users\ultra\.nuget\packages\caliburn.micro\4.0.212\lib\netcoreapp3.1\Caliburn.Micro.Platform.dll [C:\Users\ultra\warewolf\Dev\Warewolf.Core.Tests\Warewolf.Core.Tests.csproj]
C:\Program Files\dotnet\sdk\10.0.201\Microsoft.Common.CurrentVersion.targets(2451,5): warning MSB3277:         C:\Users\ultra\.nuget\packages\microsoft.xaml.behaviors.wpf\1.1.122\lib\net462\Microsoft.Xaml.Behaviors.dll [C:\Users\ultra\warewolf\Dev\Warewolf.Core.Tests\Warewolf.Core.Tests.csproj]
C:\Program Files\dotnet\sdk\10.0.201\Microsoft.Common.CurrentVersion.targets(2451,5): warning MSB3277:           Project file item includes which caused reference "C:\Users\ultra\.nuget\packages\microsoft.xaml.behaviors.wpf\1.1.122\lib\net462\Microsoft.Xaml.Behaviors.dll". [C:\Users\ultra\warewolf\Dev\Warewolf.Core.Tests\Warewolf.Core.Tests.csproj]
C:\Program Files\dotnet\sdk\10.0.201\Microsoft.Common.CurrentVersion.targets(2451,5): warning MSB3277:             C:\Users\ultra\.nuget\packages\microsoft.xaml.behaviors.wpf\1.1.122\lib\net462\Microsoft.Xaml.Behaviors.dll [C:\Users\ultra\warewolf\Dev\Warewolf.Core.Tests\Warewolf.Core.Tests.csproj]
C:\Program Files\dotnet\sdk\10.0.201\Microsoft.Common.CurrentVersion.targets(2451,5): warning MSB3277:             C:\Users\ultra\.nuget\packages\caliburn.micro\4.0.212\lib\netcoreapp3.1\Caliburn.Micro.Platform.dll [C:\Users\ultra\warewolf\Dev\Warewolf.Core.Tests\Warewolf.Core.Tests.csproj]
C:\Program Files\dotnet\sdk\10.0.201\Microsoft.Common.CurrentVersion.targets(2451,5): warning MSB3277:             C:\Users\ultra\.nuget\packages\prism.wpf\9.0.537\lib\net462\Prism.Wpf.dll [C:\Users\ultra\warewolf\Dev\Warewolf.Core.Tests\Warewolf.Core.Tests.csproj]
C:\Program Files\dotnet\sdk\10.0.201\Microsoft.Common.CurrentVersion.targets(2451,5): warning MSB3277:         C:\Users\ultra\.nuget\packages\prism.wpf\9.0.537\lib\net462\Prism.Wpf.dll [C:\Users\ultra\warewolf\Dev\Warewolf.Core.Tests\Warewolf.Core.Tests.csproj]
C:\Program Files\dotnet\sdk\10.0.201\Microsoft.Common.CurrentVersion.targets(2451,5): warning MSB3277:           Project file item includes which caused reference "C:\Users\ultra\.nuget\packages\prism.wpf\9.0.537\lib\net462\Prism.Wpf.dll". [C:\Users\ultra\warewolf\Dev\Warewolf.Core.Tests\Warewolf.Core.Tests.csproj]
C:\Program Files\dotnet\sdk\10.0.201\Microsoft.Common.CurrentVersion.targets(2451,5): warning MSB3277:             C:\Users\ultra\.nuget\packages\prism.wpf\9.0.537\lib\net462\Prism.Wpf.dll [C:\Users\ultra\warewolf\Dev\Warewolf.Core.Tests\Warewolf.Core.Tests.csproj]
C:\Program Files\dotnet\sdk\10.0.201\Microsoft.Common.CurrentVersion.targets(2451,5): warning MSB3277:         C:\Users\ultra\.nuget\packages\reactiveui.wpf\18.4.1\lib\net462\ReactiveUI.Wpf.dll [C:\Users\ultra\warewolf\Dev\Warewolf.Core.Tests\Warewolf.Core.Tests.csproj]
C:\Program Files\dotnet\sdk\10.0.201\Microsoft.Common.CurrentVersion.targets(2451,5): warning MSB3277:           Project file item includes which caused reference "C:\Users\ultra\.nuget\packages\reactiveui.wpf\18.4.1\lib\net462\ReactiveUI.Wpf.dll". [C:\Users\ultra\warewolf\Dev\Warewolf.Core.Tests\Warewolf.Core.Tests.csproj]
C:\Program Files\dotnet\sdk\10.0.201\Microsoft.Common.CurrentVersion.targets(2451,5): warning MSB3277:             C:\Users\ultra\.nuget\packages\reactiveui.wpf\18.4.1\lib\net462\ReactiveUI.Wpf.dll [C:\Users\ultra\warewolf\Dev\Warewolf.Core.Tests\Warewolf.Core.Tests.csproj]
C:\Program Files\dotnet\sdk\10.0.201\Microsoft.Common.CurrentVersion.targets(2451,5): warning MSB3277:         C:\Users\ultra\warewolf\Dev\Binaries\Infragistcs_Net6\InfragisticsWPF4.v15.1.dll [C:\Users\ultra\warewolf\Dev\Warewolf.Core.Tests\Warewolf.Core.Tests.csproj]
C:\Program Files\dotnet\sdk\10.0.201\Microsoft.Common.CurrentVersion.targets(2451,5): warning MSB3277:           Project file item includes which caused reference "C:\Users\ultra\warewolf\Dev\Binaries\Infragistcs_Net6\InfragisticsWPF4.v15.1.dll". [C:\Users\ultra\warewolf\Dev\Warewolf.Core.Tests\Warewolf.Core.Tests.csproj]
C:\Program Files\dotnet\sdk\10.0.201\Microsoft.Common.CurrentVersion.targets(2451,5): warning MSB3277:             Infragistics.Calculations [C:\Users\ultra\warewolf\Dev\Warewolf.Core.Tests\Warewolf.Core.Tests.csproj]
C:\Program Files\dotnet\sdk\10.0.201\Microsoft.Common.CurrentVersion.targets(2451,5): warning MSB3277: Found conflicts between different versions of "System.Drawing.Common" that could not be resolved. [C:\Users\ultra\warewolf\Dev\Warewolf.Core.Tests\Warewolf.Core.Tests.csproj]
C:\Program Files\dotnet\sdk\10.0.201\Microsoft.Common.CurrentVersion.targets(2451,5): warning MSB3277: There was a conflict between "System.Drawing.Common, Version=6.0.0.0, Culture=neutral, PublicKeyToken=cc7b13ffcd2ddd51" and "System.Drawing.Common, Version=8.0.0.0, Culture=neutral, PublicKeyToken=cc7b13ffcd2ddd51". [C:\Users\ultra\warewolf\Dev\Warewolf.Core.Tests\Warewolf.Core.Tests.csproj]
C:\Program Files\dotnet\sdk\10.0.201\Microsoft.Common.CurrentVersion.targets(2451,5): warning MSB3277:     "System.Drawing.Common, Version=6.0.0.0, Culture=neutral, PublicKeyToken=cc7b13ffcd2ddd51" was chosen because it was primary and "System.Drawing.Common, Version=8.0.0.0, Culture=neutral, PublicKeyToken=cc7b13ffcd2ddd51" was not. [C:\Users\ultra\warewolf\Dev\Warewolf.Core.Tests\Warewolf.Core.Tests.csproj]
C:\Program Files\dotnet\sdk\10.0.201\Microsoft.Common.CurrentVersion.targets(2451,5): warning MSB3277:     References which depend on "System.Drawing.Common, Version=6.0.0.0, Culture=neutral, PublicKeyToken=cc7b13ffcd2ddd51" [C:\Users\ultra\.nuget\packages\system.drawing.common\6.0.0\lib\net6.0\System.Drawing.Common.dll]. [C:\Users\ultra\warewolf\Dev\Warewolf.Core.Tests\Warewolf.Core.Tests.csproj]
C:\Program Files\dotnet\sdk\10.0.201\Microsoft.Common.CurrentVersion.targets(2451,5): warning MSB3277:         C:\Users\ultra\.nuget\packages\system.drawing.common\6.0.0\lib\net6.0\System.Drawing.Common.dll [C:\Users\ultra\warewolf\Dev\Warewolf.Core.Tests\Warewolf.Core.Tests.csproj]
C:\Program Files\dotnet\sdk\10.0.201\Microsoft.Common.CurrentVersion.targets(2451,5): warning MSB3277:           Project file item includes which caused reference "C:\Users\ultra\.nuget\packages\system.drawing.common\6.0.0\lib\net6.0\System.Drawing.Common.dll". [C:\Users\ultra\warewolf\Dev\Warewolf.Core.Tests\Warewolf.Core.Tests.csproj]
C:\Program Files\dotnet\sdk\10.0.201\Microsoft.Common.CurrentVersion.targets(2451,5): warning MSB3277:             C:\Users\ultra\.nuget\packages\system.drawing.common\6.0.0\lib\net6.0\System.Drawing.Common.dll [C:\Users\ultra\warewolf\Dev\Warewolf.Core.Tests\Warewolf.Core.Tests.csproj]
C:\Program Files\dotnet\sdk\10.0.201\Microsoft.Common.CurrentVersion.targets(2451,5): warning MSB3277:     References which depend on or have been unified to "System.Drawing.Common, Version=8.0.0.0, Culture=neutral, PublicKeyToken=cc7b13ffcd2ddd51" []. [C:\Users\ultra\warewolf\Dev\Warewolf.Core.Tests\Warewolf.Core.Tests.csproj]
C:\Program Files\dotnet\sdk\10.0.201\Microsoft.Common.CurrentVersion.targets(2451,5): warning MSB3277:         C:\Users\ultra\.nuget\packages\servicestack\6.3.0\lib\net6.0\ServiceStack.dll [C:\Users\ultra\warewolf\Dev\Warewolf.Core.Tests\Warewolf.Core.Tests.csproj]
C:\Program Files\dotnet\sdk\10.0.201\Microsoft.Common.CurrentVersion.targets(2451,5): warning MSB3277:           Project file item includes which caused reference "C:\Users\ultra\.nuget\packages\servicestack\6.3.0\lib\net6.0\ServiceStack.dll". [C:\Users\ultra\warewolf\Dev\Warewolf.Core.Tests\Warewolf.Core.Tests.csproj]
C:\Program Files\dotnet\sdk\10.0.201\Microsoft.Common.CurrentVersion.targets(2451,5): warning MSB3277:             C:\Users\ultra\.nuget\packages\servicestack\6.3.0\lib\net6.0\ServiceStack.dll [C:\Users\ultra\warewolf\Dev\Warewolf.Core.Tests\Warewolf.Core.Tests.csproj]
C:\Program Files\dotnet\sdk\10.0.201\Microsoft.Common.CurrentVersion.targets(2451,5): warning MSB3277:         C:\Users\ultra\.nuget\packages\system.windows.extensions\8.0.0\lib\net8.0\System.Windows.Extensions.dll [C:\Users\ultra\warewolf\Dev\Warewolf.Core.Tests\Warewolf.Core.Tests.csproj]
C:\Program Files\dotnet\sdk\10.0.201\Microsoft.Common.CurrentVersion.targets(2451,5): warning MSB3277:           Project file item includes which caused reference "C:\Users\ultra\.nuget\packages\system.windows.extensions\8.0.0\lib\net8.0\System.Windows.Extensions.dll". [C:\Users\ultra\warewolf\Dev\Warewolf.Core.Tests\Warewolf.Core.Tests.csproj]
C:\Program Files\dotnet\sdk\10.0.201\Microsoft.Common.CurrentVersion.targets(2451,5): warning MSB3277:             C:\Users\ultra\.nuget\packages\system.windows.extensions\8.0.0\lib\net8.0\System.Windows.Extensions.dll [C:\Users\ultra\warewolf\Dev\Warewolf.Core.Tests\Warewolf.Core.Tests.csproj]
C:\Program Files\dotnet\sdk\10.0.201\Microsoft.Common.CurrentVersion.targets(2451,5): warning MSB3277:             C:\Users\ultra\.nuget\packages\system.security.permissions\8.0.0\lib\net8.0\System.Security.Permissions.dll [C:\Users\ultra\warewolf\Dev\Warewolf.Core.Tests\Warewolf.Core.Tests.csproj]
C:\Program Files\dotnet\sdk\10.0.201\Microsoft.Common.CurrentVersion.targets(2451,5): warning MSB3277:             C:\Users\ultra\warewolf\Dev\Dev2.Data\bin\Debug\net8.0\Dev2.Data.dll [C:\Users\ultra\warewolf\Dev\Warewolf.Core.Tests\Warewolf.Core.Tests.csproj]
C:\Program Files\dotnet\sdk\10.0.201\Microsoft.Common.CurrentVersion.targets(2451,5): warning MSB3277:             C:\Users\ultra\warewolf\Dev\Warewolf.Core\bin\Debug\net8.0\Warewolf.Core.dll [C:\Users\ultra\warewolf\Dev\Warewolf.Core.Tests\Warewolf.Core.Tests.csproj]
C:\Program Files\dotnet\sdk\10.0.201\Microsoft.Common.CurrentVersion.targets(2451,5): warning MSB3277:             C:\Users\ultra\warewolf\Dev\Warewolf.Testing\bin\Debug\net8.0\Warewolf.Testing.dll [C:\Users\ultra\warewolf\Dev\Warewolf.Core.Tests\Warewolf.Core.Tests.csproj]
C:\Program Files\dotnet\sdk\10.0.201\Microsoft.Common.CurrentVersion.targets(2451,5): warning MSB3277:             C:\Users\ultra\warewolf\Dev\Dev2.Core\bin\Debug\net8.0\Dev2.Core.dll [C:\Users\ultra\warewolf\Dev\Warewolf.Core.Tests\Warewolf.Core.Tests.csproj]
C:\Program Files\dotnet\sdk\10.0.201\Microsoft.Common.CurrentVersion.targets(2451,5): warning MSB3277:             C:\Users\ultra\warewolf\Dev\Dev2.Runtime.Services\bin\Debug\net8.0\Dev2.Runtime.Services.dll [C:\Users\ultra\warewolf\Dev\Warewolf.Core.Tests\Warewolf.Core.Tests.csproj]
C:\Program Files\dotnet\sdk\10.0.201\Microsoft.Common.CurrentVersion.targets(2451,5): warning MSB3277:             C:\Users\ultra\warewolf\Dev\Dev2.Scheduler\bin\Debug\net8.0\Dev2.Scheduler.dll [C:\Users\ultra\warewolf\Dev\Warewolf.Core.Tests\Warewolf.Core.Tests.csproj]
C:\Program Files\dotnet\sdk\10.0.201\Microsoft.Common.CurrentVersion.targets(2451,5): warning MSB3277:             C:\Users\ultra\warewolf\Dev\Dev2.Studio.Interfaces\bin\Debug\net8.0\Dev2.Studio.Interfaces.dll [C:\Users\ultra\warewolf\Dev\Warewolf.Core.Tests\Warewolf.Core.Tests.csproj]
C:\Program Files\dotnet\sdk\10.0.201\Microsoft.Common.CurrentVersion.targets(2451,5): warning MSB3277:             C:\Users\ultra\warewolf\Dev\Warewolf.Auditing\bin\Debug\net8.0\Warewolf.Auditing.dll [C:\Users\ultra\warewolf\Dev\Warewolf.Core.Tests\Warewolf.Core.Tests.csproj]
C:\Program Files\dotnet\sdk\10.0.201\Microsoft.Common.CurrentVersion.targets(2451,5): warning MSB3277:             C:\Users\ultra\warewolf\Dev\Warewolf.Common.NetStandard20\bin\Debug\net8.0\Warewolf.Common.NetStandard20.dll [C:\Users\ultra\warewolf\Dev\Warewolf.Core.Tests\Warewolf.Core.Tests.csproj]
C:\Program Files\dotnet\sdk\10.0.201\Microsoft.Common.CurrentVersion.targets(2451,5): warning MSB3277:             C:\Users\ultra\warewolf\Dev\Warewolf.ResourceManagement\bin\Debug\net8.0\Warewolf.ResourceManagement.dll [C:\Users\ultra\warewolf\Dev\Warewolf.Core.Tests\Warewolf.Core.Tests.csproj]
C:\Program Files\dotnet\sdk\10.0.201\Microsoft.Common.CurrentVersion.targets(2451,5): warning MSB3277:             C:\Users\ultra\.nuget\packages\dotnetzip\1.16.0\lib\netstandard2.0\DotNetZip.dll [C:\Users\ultra\warewolf\Dev\Warewolf.Core.Tests\Warewolf.Core.Tests.csproj]
C:\Program Files\dotnet\sdk\10.0.201\Microsoft.Common.CurrentVersion.targets(2451,5): warning MSB3277:             C:\Users\ultra\warewolf\Dev\Dev2.Common\bin\Debug\net8.0\Dev2.Common.dll [C:\Users\ultra\warewolf\Dev\Warewolf.Core.Tests\Warewolf.Core.Tests.csproj]
C:\Program Files\dotnet\sdk\10.0.201\Microsoft.Common.CurrentVersion.targets(2451,5): warning MSB3277:             C:\Users\ultra\warewolf\Dev\Dev2.Infrastructure\bin\Debug\net8.0\Dev2.Infrastructure.dll [C:\Users\ultra\warewolf\Dev\Warewolf.Core.Tests\Warewolf.Core.Tests.csproj]
C:\Program Files\dotnet\sdk\10.0.201\Microsoft.Common.CurrentVersion.targets(2451,5): warning MSB3277:             C:\Users\ultra\warewolf\Dev\Dev2.Data.Interfaces\bin\Debug\net8.0\Dev2.Data.Interfaces.dll [C:\Users\ultra\warewolf\Dev\Warewolf.Core.Tests\Warewolf.Core.Tests.csproj]
C:\Program Files\dotnet\sdk\10.0.201\Microsoft.Common.CurrentVersion.targets(2451,5): warning MSB3277:             C:\Users\ultra\warewolf\Dev\Dev2.Diagnostics\bin\Debug\net8.0\Dev2.Diagnostics.dll [C:\Users\ultra\warewolf\Dev\Warewolf.Core.Tests\Warewolf.Core.Tests.csproj]
C:\Program Files\dotnet\sdk\10.0.201\Microsoft.Common.CurrentVersion.targets(2451,5): warning MSB3277:             C:\Users\ultra\warewolf\Dev\Dev2.Services.Sql\bin\Debug\net8.0\Dev2.Services.Sql.dll [C:\Users\ultra\warewolf\Dev\Warewolf.Core.Tests\Warewolf.Core.Tests.csproj]
C:\Program Files\dotnet\sdk\10.0.201\Microsoft.Common.CurrentVersion.targets(2451,5): warning MSB3277:             C:\Users\ultra\warewolf\Dev\Dev2.TaskScheduler.Wrappers\bin\Debug\net8.0\Dev2.TaskScheduler.Wrappers.dll [C:\Users\ultra\warewolf\Dev\Warewolf.Core.Tests\Warewolf.Core.Tests.csproj]
C:\Program Files\dotnet\sdk\10.0.201\Microsoft.Common.CurrentVersion.targets(2451,5): warning MSB3277:             C:\Users\ultra\warewolf\Dev\Dev2.Util\bin\Debug\net8.0\Dev2.Util.dll [C:\Users\ultra\warewolf\Dev\Warewolf.Core.Tests\Warewolf.Core.Tests.csproj]
C:\Program Files\dotnet\sdk\10.0.201\Microsoft.Common.CurrentVersion.targets(2451,5): warning MSB3277:             C:\Users\ultra\warewolf\Dev\Warewolf.AI.Harness\bin\Debug\net8.0\Warewolf.AI.Harness.dll [C:\Users\ultra\warewolf\Dev\Warewolf.Core.Tests\Warewolf.Core.Tests.csproj]
C:\Program Files\dotnet\sdk\10.0.201\Microsoft.Common.CurrentVersion.targets(2451,5): warning MSB3277:             C:\Users\ultra\warewolf\Dev\Warewolf.Driver.Serilog\bin\Debug\net8.0\Warewolf.Driver.Serilog.dll [C:\Users\ultra\warewolf\Dev\Warewolf.Core.Tests\Warewolf.Core.Tests.csproj]
C:\Program Files\dotnet\sdk\10.0.201\Microsoft.Common.CurrentVersion.targets(2451,5): warning MSB3277:             C:\Users\ultra\warewolf\Dev\Warewolf.Sharepoint\bin\Debug\net8.0\Warewolf.Sharepoint.dll [C:\Users\ultra\warewolf\Dev\Warewolf.Core.Tests\Warewolf.Core.Tests.csproj]
C:\Program Files\dotnet\sdk\10.0.201\Microsoft.Common.CurrentVersion.targets(2451,5): warning MSB3277:             C:\Users\ultra\warewolf\Dev\Warewolf.Storage\bin\Debug\net8.0\Warewolf.Storage.dll [C:\Users\ultra\warewolf\Dev\Warewolf.Core.Tests\Warewolf.Core.Tests.csproj]
C:\Program Files\dotnet\sdk\10.0.201\Microsoft.Common.CurrentVersion.targets(2451,5): warning MSB3277:             C:\Users\ultra\.nuget\packages\mindbox.data.linq\5.0.0\lib\netstandard2.0\Mindbox.Data.Linq.dll [C:\Users\ultra\warewolf\Dev\Warewolf.Core.Tests\Warewolf.Core.Tests.csproj]
C:\Program Files\dotnet\sdk\10.0.201\Microsoft.Common.CurrentVersion.targets(2451,5): warning MSB3277:             C:\Users\ultra\.nuget\packages\mysql.data\8.4.0\lib\net8.0\MySql.Data.dll [C:\Users\ultra\warewolf\Dev\Warewolf.Core.Tests\Warewolf.Core.Tests.csproj]
C:\Program Files\dotnet\sdk\10.0.201\Microsoft.Common.CurrentVersion.targets(2451,5): warning MSB3277:             C:\Users\ultra\.nuget\packages\oracle.manageddataaccess.core\3.21.70\lib\netstandard2.1\Oracle.ManagedDataAccess.dll [C:\Users\ultra\warewolf\Dev\Warewolf.Core.Tests\Warewolf.Core.Tests.csproj]
C:\Program Files\dotnet\sdk\10.0.201\Microsoft.Common.CurrentVersion.targets(2451,5): warning MSB3277:             C:\Users\ultra\.nuget\packages\system.directoryservices\6.0.0\lib\net6.0\System.DirectoryServices.dll [C:\Users\ultra\warewolf\Dev\Warewolf.Core.Tests\Warewolf.Core.Tests.csproj]
C:\Program Files\dotnet\sdk\10.0.201\Microsoft.Common.CurrentVersion.targets(2451,5): warning MSB3277:             C:\Users\ultra\.nuget\packages\corewcf.primitives\1.2.1\lib\netstandard2.0\CoreWCF.Primitives.dll [C:\Users\ultra\warewolf\Dev\Warewolf.Core.Tests\Warewolf.Core.Tests.csproj]
C:\Program Files\dotnet\sdk\10.0.201\Microsoft.Common.CurrentVersion.targets(2451,5): warning MSB3277:             C:\Users\ultra\.nuget\packages\corewcf.http\1.2.1\lib\netstandard2.0\CoreWCF.Http.dll [C:\Users\ultra\warewolf\Dev\Warewolf.Core.Tests\Warewolf.Core.Tests.csproj]
C:\Program Files\dotnet\sdk\10.0.201\Microsoft.Common.CurrentVersion.targets(2451,5): warning MSB3277:             C:\Users\ultra\.nuget\packages\corewcf.nettcp\1.2.1\lib\netstandard2.0\CoreWCF.NetTcp.dll [C:\Users\ultra\warewolf\Dev\Warewolf.Core.Tests\Warewolf.Core.Tests.csproj]
C:\Program Files\dotnet\sdk\10.0.201\Microsoft.Common.CurrentVersion.targets(2451,5): warning MSB3277:             C:\Users\ultra\.nuget\packages\corewcf.webhttp\1.2.1\lib\netstandard2.0\CoreWCF.WebHttp.dll [C:\Users\ultra\warewolf\Dev\Warewolf.Core.Tests\Warewolf.Core.Tests.csproj]
C:\Program Files\dotnet\sdk\10.0.201\Microsoft.Common.CurrentVersion.targets(2451,5): warning MSB3277:             C:\Program Files\dotnet\packs\Microsoft.NETCore.App.Ref\8.0.25\ref/net8.0/System.Configuration.dll [C:\Users\ultra\warewolf\Dev\Warewolf.Core.Tests\Warewolf.Core.Tests.csproj]
C:\Program Files\dotnet\sdk\10.0.201\Microsoft.Common.CurrentVersion.targets(2451,5): warning MSB3277:             C:\Users\ultra\.nuget\packages\prism.wpf\9.0.537\lib\net462\Prism.Wpf.dll [C:\Users\ultra\warewolf\Dev\Warewolf.Core.Tests\Warewolf.Core.Tests.csproj]
C:\Program Files\dotnet\sdk\10.0.201\Microsoft.Common.CurrentVersion.targets(2451,5): warning MSB3277:             C:\Program Files\dotnet\packs\Microsoft.NETCore.App.Ref\8.0.25\ref/net8.0/System.Data.dll [C:\Users\ultra\warewolf\Dev\Warewolf.Core.Tests\Warewolf.Core.Tests.csproj]
C:\Program Files\dotnet\sdk\10.0.201\Microsoft.Common.CurrentVersion.targets(2451,5): warning MSB3277:             C:\Users\ultra\.nuget\packages\taskschedulereditor\2.10.1\lib\net452\Microsoft.Win32.TaskSchedulerEditor.dll [C:\Users\ultra\warewolf\Dev\Warewolf.Core.Tests\Warewolf.Core.Tests.csproj]
C:\Program Files\dotnet\sdk\10.0.201\Microsoft.Common.CurrentVersion.targets(2451,5): warning MSB3277:             C:\Program Files\dotnet\packs\Microsoft.NETCore.App.Ref\8.0.25\ref/net8.0/System.Drawing.dll [C:\Users\ultra\warewolf\Dev\Warewolf.Core.Tests\Warewolf.Core.Tests.csproj]
C:\Program Files\dotnet\sdk\10.0.201\Microsoft.Common.CurrentVersion.targets(2451,5): warning MSB3277:             C:\Users\ultra\.nuget\packages\aerowizard\2.3.1\lib\net45\AeroWizard.dll [C:\Users\ultra\warewolf\Dev\Warewolf.Core.Tests\Warewolf.Core.Tests.csproj]
C:\Program Files\dotnet\sdk\10.0.201\Microsoft.Common.CurrentVersion.targets(2451,5): warning MSB3277:             C:\Users\ultra\.nuget\packages\groupcontrols\1.9.0\lib\net45\GroupControls.dll [C:\Users\ultra\warewolf\Dev\Warewolf.Core.Tests\Warewolf.Core.Tests.csproj]
C:\Program Files\dotnet\sdk\10.0.201\Microsoft.Common.CurrentVersion.targets(2451,5): warning MSB3277:             C:\Program Files\dotnet\packs\Microsoft.NETCore.App.Ref\8.0.25\ref/net8.0/System.Net.dll [C:\Users\ultra\warewolf\Dev\Warewolf.Core.Tests\Warewolf.Core.Tests.csproj]
C:\Program Files\dotnet\sdk\10.0.201\Microsoft.Common.CurrentVersion.targets(2451,5): warning MSB3277:             C:\Program Files\dotnet\packs\Microsoft.NETCore.App.Ref\8.0.25\ref/net8.0/System.Security.dll [C:\Users\ultra\warewolf\Dev\Warewolf.Core.Tests\Warewolf.Core.Tests.csproj]
C:\Program Files\dotnet\sdk\10.0.201\Microsoft.Common.CurrentVersion.targets(2451,5): warning MSB3277:             C:\Program Files\dotnet\packs\Microsoft.NETCore.App.Ref\8.0.25\ref/net8.0/System.ServiceProcess.dll [C:\Users\ultra\warewolf\Dev\Warewolf.Core.Tests\Warewolf.Core.Tests.csproj]
C:\Program Files\dotnet\sdk\10.0.201\Microsoft.Common.CurrentVersion.targets(2451,5): warning MSB3277:             C:\Program Files\dotnet\packs\Microsoft.NETCore.App.Ref\8.0.25\ref/net8.0/System.Transactions.dll [C:\Users\ultra\warewolf\Dev\Warewolf.Core.Tests\Warewolf.Core.Tests.csproj]
C:\Program Files\dotnet\sdk\10.0.201\Microsoft.Common.CurrentVersion.targets(2451,5): warning MSB3277:             C:\Program Files\dotnet\packs\Microsoft.NETCore.App.Ref\8.0.25\ref/net8.0/System.dll [C:\Users\ultra\warewolf\Dev\Warewolf.Core.Tests\Warewolf.Core.Tests.csproj]
C:\Program Files\dotnet\sdk\10.0.201\Microsoft.Common.CurrentVersion.targets(2451,5): warning MSB3277:             C:\Users\ultra\.nuget\packages\microsoft.xaml.behaviors.wpf\1.1.122\lib\net462\Microsoft.Xaml.Behaviors.dll [C:\Users\ultra\warewolf\Dev\Warewolf.Core.Tests\Warewolf.Core.Tests.csproj]
C:\Program Files\dotnet\sdk\10.0.201\Microsoft.Common.CurrentVersion.targets(2451,5): warning MSB3277:             C:\Users\ultra\.nuget\packages\caliburn.micro\4.0.212\lib\netcoreapp3.1\Caliburn.Micro.Platform.dll [C:\Users\ultra\warewolf\Dev\Warewolf.Core.Tests\Warewolf.Core.Tests.csproj]
C:\Program Files\dotnet\sdk\10.0.201\Microsoft.Common.CurrentVersion.targets(2451,5): warning MSB3277:             C:\Users\ultra\.nuget\packages\reactiveui.wpf\18.4.1\lib\net462\ReactiveUI.Wpf.dll [C:\Users\ultra\warewolf\Dev\Warewolf.Core.Tests\Warewolf.Core.Tests.csproj]
C:\Program Files\dotnet\sdk\10.0.201\Microsoft.Common.CurrentVersion.targets(2451,5): warning MSB3277:             C:\Users\ultra\.nuget\packages\ttcue.netcore.sharepointonline.csom.16.1.8029.1200\16.1.8029.1200\lib\netcoreapp2.0\Microsoft.SharePoint.Client.Runtime.Windows.dll [C:\Users\ultra\warewolf\Dev\Warewolf.Core.Tests\Warewolf.Core.Tests.csproj]
C:\Program Files\dotnet\sdk\10.0.201\Microsoft.Common.CurrentVersion.targets(2451,5): warning MSB3277:             C:\Program Files\dotnet\packs\Microsoft.NETCore.App.Ref\8.0.25\ref/net8.0/WindowsBase.dll [C:\Users\ultra\warewolf\Dev\Warewolf.Core.Tests\Warewolf.Core.Tests.csproj]
C:\Program Files\dotnet\sdk\10.0.201\Microsoft.Common.CurrentVersion.targets(2451,5): warning MSB3277:             C:\Program Files\dotnet\packs\Microsoft.NETCore.App.Ref\8.0.25\ref/net8.0/mscorlib.dll [C:\Users\ultra\warewolf\Dev\Warewolf.Core.Tests\Warewolf.Core.Tests.csproj]
C:\Program Files\dotnet\sdk\10.0.201\Microsoft.Common.CurrentVersion.targets(2451,5): warning MSB3277:             C:\Users\ultra\.nuget\packages\microsoft.codecoverage\17.13.0\lib\netcoreapp3.1\Microsoft.VisualStudio.CodeCoverage.Shim.dll [C:\Users\ultra\warewolf\Dev\Warewolf.Core.Tests\Warewolf.Core.Tests.csproj]
C:\Program Files\dotnet\sdk\10.0.201\Microsoft.Common.CurrentVersion.targets(2451,5): warning MSB3277:             Infragistics.Calculations [C:\Users\ultra\warewolf\Dev\Warewolf.Core.Tests\Warewolf.Core.Tests.csproj]
C:\Program Files\dotnet\sdk\10.0.201\Microsoft.Common.CurrentVersion.targets(2451,5): warning MSB3277:         C:\Program Files\dotnet\packs\Microsoft.NETCore.App.Ref\8.0.25\ref\net8.0\System.Drawing.dll [C:\Users\ultra\warewolf\Dev\Warewolf.Core.Tests\Warewolf.Core.Tests.csproj]
C:\Program Files\dotnet\sdk\10.0.201\Microsoft.Common.CurrentVersion.targets(2451,5): warning MSB3277:           Project file item includes which caused reference "C:\Program Files\dotnet\packs\Microsoft.NETCore.App.Ref\8.0.25\ref\net8.0\System.Drawing.dll". [C:\Users\ultra\warewolf\Dev\Warewolf.Core.Tests\Warewolf.Core.Tests.csproj]
C:\Program Files\dotnet\sdk\10.0.201\Microsoft.Common.CurrentVersion.targets(2451,5): warning MSB3277:             C:\Program Files\dotnet\packs\Microsoft.NETCore.App.Ref\8.0.25\ref/net8.0/System.Drawing.dll [C:\Users\ultra\warewolf\Dev\Warewolf.Core.Tests\Warewolf.Core.Tests.csproj]
C:\Program Files\dotnet\sdk\10.0.201\Microsoft.Common.CurrentVersion.targets(2451,5): warning MSB3277:             C:\Users\ultra\.nuget\packages\aerowizard\2.3.1\lib\net45\AeroWizard.dll [C:\Users\ultra\warewolf\Dev\Warewolf.Core.Tests\Warewolf.Core.Tests.csproj]
C:\Program Files\dotnet\sdk\10.0.201\Microsoft.Common.CurrentVersion.targets(2451,5): warning MSB3277:             C:\Users\ultra\.nuget\packages\groupcontrols\1.9.0\lib\net45\GroupControls.dll [C:\Users\ultra\warewolf\Dev\Warewolf.Core.Tests\Warewolf.Core.Tests.csproj]
C:\Program Files\dotnet\sdk\10.0.201\Microsoft.Common.CurrentVersion.targets(2451,5): warning MSB3277:             C:\Users\ultra\.nuget\packages\taskschedulereditor\2.10.1\lib\net452\Microsoft.Win32.TaskSchedulerEditor.dll [C:\Users\ultra\warewolf\Dev\Warewolf.Core.Tests\Warewolf.Core.Tests.csproj]
C:\Users\ultra\warewolf\Dev\Dev2.Activities\WorkflowConverters\ActivityPropertiesReaderHelper.cs(54,45): warning CS8632: The annotation for nullable reference types should only be used in code within a '#nullable' annotations context. [C:\Users\ultra\warewolf\Dev\Dev2.Activities\Dev2.Activities.csproj]
C:\Users\ultra\warewolf\Dev\Dev2.Activities\WorkflowConverters\SwitchActivityDataHelper.cs(106,58): warning CS8632: The annotation for nullable reference types should only be used in code within a '#nullable' annotations context. [C:\Users\ultra\warewolf\Dev\Dev2.Activities\Dev2.Activities.csproj]
C:\Users\ultra\warewolf\Dev\Dev2.Activities\WorkflowConverters\SwitchActivityDataHelper.cs(225,65): warning CS8632: The annotation for nullable reference types should only be used in code within a '#nullable' annotations context. [C:\Users\ultra\warewolf\Dev\Dev2.Activities\Dev2.Activities.csproj]
C:\Users\ultra\warewolf\Dev\Dev2.Activities\WorkflowConverters\SwitchActivityDataHelper.cs(225,25): warning CS8632: The annotation for nullable reference types should only be used in code within a '#nullable' annotations context. [C:\Users\ultra\warewolf\Dev\Dev2.Activities\Dev2.Activities.csproj]
C:\Users\ultra\warewolf\Dev\Dev2.Activities\WorkflowConverters\SwitchActivityDataHelper.cs(342,61): warning CS8632: The annotation for nullable reference types should only be used in code within a '#nullable' annotations context. [C:\Users\ultra\warewolf\Dev\Dev2.Activities\Dev2.Activities.csproj]
C:\Users\ultra\warewolf\Dev\Dev2.Activities\WorkflowConverters\SwitchActivityDataHelper.cs(342,30): warning CS8632: The annotation for nullable reference types should only be used in code within a '#nullable' annotations context. [C:\Users\ultra\warewolf\Dev\Dev2.Activities\Dev2.Activities.csproj]
C:\Users\ultra\warewolf\Dev\Dev2.Activities\WorkflowConverters\SwitchActivityDataHelper.cs(32,25): warning CS8632: The annotation for nullable reference types should only be used in code within a '#nullable' annotations context. [C:\Users\ultra\warewolf\Dev\Dev2.Activities\Dev2.Activities.csproj]
C:\Users\ultra\warewolf\Dev\Dev2.Activities\WorkflowConverters\SwitchActivityDataHelper.cs(33,25): warning CS8632: The annotation for nullable reference types should only be used in code within a '#nullable' annotations context. [C:\Users\ultra\warewolf\Dev\Dev2.Activities\Dev2.Activities.csproj]
C:\Users\ultra\warewolf\Dev\Dev2.Activities\WorkflowConverters\SwitchActivityDataHelper.cs(34,25): warning CS8632: The annotation for nullable reference types should only be used in code within a '#nullable' annotations context. [C:\Users\ultra\warewolf\Dev\Dev2.Activities\Dev2.Activities.csproj]
C:\Users\ultra\warewolf\Dev\Dev2.Activities\WorkflowConverters\SwitchActivityDataHelper.cs(35,25): warning CS8632: The annotation for nullable reference types should only be used in code within a '#nullable' annotations context. [C:\Users\ultra\warewolf\Dev\Dev2.Activities\Dev2.Activities.csproj]
C:\Users\ultra\warewolf\Dev\Dev2.Activities\WorkflowConverters\SwitchActivityDataHelper.cs(36,25): warning CS8632: The annotation for nullable reference types should only be used in code within a '#nullable' annotations context. [C:\Users\ultra\warewolf\Dev\Dev2.Activities\Dev2.Activities.csproj]
C:\Users\ultra\warewolf\Dev\Dev2.Activities\WorkflowConverters\SwitchActivityDataHelper.cs(37,25): warning CS8632: The annotation for nullable reference types should only be used in code within a '#nullable' annotations context. [C:\Users\ultra\warewolf\Dev\Dev2.Activities\Dev2.Activities.csproj]
C:\Users\ultra\warewolf\Dev\Dev2.Activities\WorkflowConverters\SwitchActivityDataHelper.cs(108,19): warning CS8632: The annotation for nullable reference types should only be used in code within a '#nullable' annotations context. [C:\Users\ultra\warewolf\Dev\Dev2.Activities\Dev2.Activities.csproj]
C:\Users\ultra\warewolf\Dev\Dev2.Activities\WorkflowConverters\ActivityPropertiesReaderHelper.cs(60,59): warning CS8632: The annotation for nullable reference types should only be used in code within a '#nullable' annotations context. [C:\Users\ultra\warewolf\Dev\Dev2.Activities\Dev2.Activities.csproj]
C:\Users\ultra\warewolf\Dev\Dev2.Activities\Activities\GateActivity.cs(733,24): warning CC0022: WarewolfListIterator should be disposed. (https://code-cracker.github.io/diagnostics/CC0022.html) [C:\Users\ultra\warewolf\Dev\Dev2.Activities\Dev2.Activities.csproj]
C:\Users\ultra\warewolf\Dev\Dev2.Activities\Activities\GateActivity.cs(639,21): warning CC0003: Consider adding an Exception to the catch. (https://code-cracker.github.io/diagnostics/CC0003.html) [C:\Users\ultra\warewolf\Dev\Dev2.Activities\Dev2.Activities.csproj]
C:\Users\ultra\warewolf\Dev\Dev2.Activities\Activities\GateActivity.cs(656,21): warning CC0003: Consider adding an Exception to the catch. (https://code-cracker.github.io/diagnostics/CC0003.html) [C:\Users\ultra\warewolf\Dev\Dev2.Activities\Dev2.Activities.csproj]
C:\Users\ultra\warewolf\Dev\Dev2.Activities\Activities\WebPostActivity.cs(238,28): warning CC0022: WarewolfListIterator should be disposed. (https://code-cracker.github.io/diagnostics/CC0022.html) [C:\Users\ultra\warewolf\Dev\Dev2.Activities\Dev2.Activities.csproj]
C:\Users\ultra\warewolf\Dev\Dev2.Activities\WorkflowConverters\X6ToWorkflowConverter.cs(375,13): warning CC0003: Consider adding an Exception to the catch. (https://code-cracker.github.io/diagnostics/CC0003.html) [C:\Users\ultra\warewolf\Dev\Dev2.Activities\Dev2.Activities.csproj]
C:\Users\ultra\warewolf\Dev\Dev2.Activities\Activities\WebPostActivityNew.cs(281,28): warning CC0022: WarewolfListIterator should be disposed. (https://code-cracker.github.io/diagnostics/CC0022.html) [C:\Users\ultra\warewolf\Dev\Dev2.Activities\Dev2.Activities.csproj]
C:\Users\ultra\warewolf\Dev\Dev2.Activities\WorkflowConverters\X6ToWorkflowConverter.cs(833,17): warning CC0120: Consider put an default clause in Switch. (https://code-cracker.github.io/diagnostics/CC0120.html) [C:\Users\ultra\warewolf\Dev\Dev2.Activities\Dev2.Activities.csproj]
C:\Users\ultra\warewolf\Dev\Dev2.Activities\WorkflowConverters\X6ToWorkflowConverter.cs(958,13): warning CC0004: Empty Catch Block. (https://code-cracker.github.io/diagnostics/CC0004.html) [C:\Users\ultra\warewolf\Dev\Dev2.Activities\Dev2.Activities.csproj]
C:\Users\ultra\warewolf\Dev\Dev2.Activities\Activities\PathOperations\FileWriteActivity.cs(54,26): warning CC0022: WarewolfListIterator should be disposed. (https://code-cracker.github.io/diagnostics/CC0022.html) [C:\Users\ultra\warewolf\Dev\Dev2.Activities\Dev2.Activities.csproj]
C:\Users\ultra\warewolf\Dev\Dev2.Activities\WorkflowConverters\WorkflowToX6Converter.cs(567,13): warning CC0105: Use 'var' instead of specifying the type name. (https://code-cracker.github.io/diagnostics/CC0105.html) [C:\Users\ultra\warewolf\Dev\Dev2.Activities\Dev2.Activities.csproj]
C:\Users\ultra\warewolf\Dev\Dev2.Activities\WorkflowConverters\WorkflowToX6Converter.cs(998,13): warning CC0004: Empty Catch Block. (https://code-cracker.github.io/diagnostics/CC0004.html) [C:\Users\ultra\warewolf\Dev\Dev2.Activities\Dev2.Activities.csproj]
C:\Users\ultra\warewolf\Dev\Dev2.Activities\WorkflowConverters\WorkflowToX6Converter.cs(1376,17): warning CC0004: Empty Catch Block. (https://code-cracker.github.io/diagnostics/CC0004.html) [C:\Users\ultra\warewolf\Dev\Dev2.Activities\Dev2.Activities.csproj]
C:\Users\ultra\warewolf\Dev\Dev2.Activities\WorkflowConverters\WorkflowToX6Converter.cs(1365,13): warning CC0006: You can use foreach instead of for. (https://code-cracker.github.io/diagnostics/CC0006.html) [C:\Users\ultra\warewolf\Dev\Dev2.Activities\Dev2.Activities.csproj]
C:\Users\ultra\warewolf\Dev\Dev2.Activities\Activities\DsfWebActivityBase.cs(136,96): warning CC0022: StringContent should be disposed. (https://code-cracker.github.io/diagnostics/CC0022.html) [C:\Users\ultra\warewolf\Dev\Dev2.Activities\Dev2.Activities.csproj]
C:\Users\ultra\warewolf\Dev\Dev2.Activities\Activities\DsfWebActivityBase.cs(158,42): warning CC0022: StreamReader should be disposed. (https://code-cracker.github.io/diagnostics/CC0022.html) [C:\Users\ultra\warewolf\Dev\Dev2.Activities\Dev2.Activities.csproj]
C:\Users\ultra\warewolf\Dev\Dev2.Activities\Activities\DsfWebActivityBase.cs(175,35): warning CC0022: ByteArrayContent should be disposed. (https://code-cracker.github.io/diagnostics/CC0022.html) [C:\Users\ultra\warewolf\Dev\Dev2.Activities\Dev2.Activities.csproj]
C:\Users\ultra\warewolf\Dev\Dev2.Activities\Activities\DsfWebActivityBase.cs(184,31): warning CC0022: StringContent should be disposed. (https://code-cracker.github.io/diagnostics/CC0022.html) [C:\Users\ultra\warewolf\Dev\Dev2.Activities\Dev2.Activities.csproj]
C:\Users\ultra\warewolf\Dev\Dev2.Activities\Activities\GetSystemInformationHelper.cs(95,36): warning CA1416: This call site is reachable on all platforms. 'ManagementBaseObject.GetPropertyValue(string)' is only supported on: 'windows'. (https://learn.microsoft.com/dotnet/fundamentals/code-analysis/quality-rules/ca1416) [C:\Users\ultra\warewolf\Dev\Dev2.Activities\Dev2.Activities.csproj]
C:\Users\ultra\warewolf\Dev\Dev2.Activities\Activities\GetSystemInformationHelper.cs(326,28): warning CA1416: This call site is reachable on all platforms. 'ObjectQuery' is only supported on: 'windows'. (https://learn.microsoft.com/dotnet/fundamentals/code-analysis/quality-rules/ca1416) [C:\Users\ultra\warewolf\Dev\Dev2.Activities\Dev2.Activities.csproj]
C:\Users\ultra\warewolf\Dev\Dev2.Activities\Activities\GetSystemInformationHelper.cs(327,28): warning CA1416: This call site is reachable on all platforms. 'ManagementObjectSearcher' is only supported on: 'windows'. (https://learn.microsoft.com/dotnet/fundamentals/code-analysis/quality-rules/ca1416) [C:\Users\ultra\warewolf\Dev\Dev2.Activities\Dev2.Activities.csproj]
C:\Users\ultra\warewolf\Dev\Dev2.Activities\Activities\GetSystemInformationHelper.cs(332,60): warning CA1416: This call site is reachable on all platforms. 'ManagementBaseObject.this[string]' is only supported on: 'windows'. (https://learn.microsoft.com/dotnet/fundamentals/code-analysis/quality-rules/ca1416) [C:\Users\ultra\warewolf\Dev\Dev2.Activities\Dev2.Activities.csproj]
C:\Users\ultra\warewolf\Dev\Dev2.Activities\Activities\GetSystemInformationHelper.cs(329,31): warning CA1416: This call site is reachable on all platforms. 'ManagementObjectSearcher.Get()' is only supported on: 'windows'. (https://learn.microsoft.com/dotnet/fundamentals/code-analysis/quality-rules/ca1416) [C:\Users\ultra\warewolf\Dev\Dev2.Activities\Dev2.Activities.csproj]
C:\Users\ultra\warewolf\Dev\Dev2.Activities\Activities\GetSystemInformationHelper.cs(341,28): warning CA1416: This call site is reachable on all platforms. 'ManagementObjectSearcher' is only supported on: 'windows'. (https://learn.microsoft.com/dotnet/fundamentals/code-analysis/quality-rules/ca1416) [C:\Users\ultra\warewolf\Dev\Dev2.Activities\Dev2.Activities.csproj]
C:\Users\ultra\warewolf\Dev\Dev2.Activities\Activities\GetSystemInformationHelper.cs(345,53): warning CA1416: This call site is reachable on all platforms. 'ManagementBaseObject.this[string]' is only supported on: 'windows'. (https://learn.microsoft.com/dotnet/fundamentals/code-analysis/quality-rules/ca1416) [C:\Users\ultra\warewolf\Dev\Dev2.Activities\Dev2.Activities.csproj]
C:\Users\ultra\warewolf\Dev\Dev2.Activities\Activities\GetSystemInformationHelper.cs(346,58): warning CA1416: This call site is reachable on all platforms. 'ManagementBaseObject.this[string]' is only supported on: 'windows'. (https://learn.microsoft.com/dotnet/fundamentals/code-analysis/quality-rules/ca1416) [C:\Users\ultra\warewolf\Dev\Dev2.Activities\Dev2.Activities.csproj]
C:\Users\ultra\warewolf\Dev\Dev2.Activities\Activities\GetSystemInformationHelper.cs(342,31): warning CA1416: This call site is reachable on all platforms. 'ManagementObjectSearcher.Get()' is only supported on: 'windows'. (https://learn.microsoft.com/dotnet/fundamentals/code-analysis/quality-rules/ca1416) [C:\Users\ultra\warewolf\Dev\Dev2.Activities\Dev2.Activities.csproj]
C:\Users\ultra\warewolf\Dev\Dev2.Activities\Activities\GetSystemInformationHelper.cs(340,28): warning CA1416: This call site is reachable on all platforms. 'ObjectQuery' is only supported on: 'windows'. (https://learn.microsoft.com/dotnet/fundamentals/code-analysis/quality-rules/ca1416) [C:\Users\ultra\warewolf\Dev\Dev2.Activities\Dev2.Activities.csproj]
C:\Users\ultra\warewolf\Dev\Dev2.Activities\Activities\GetSystemInformationHelper.cs(374,37): warning CA1416: This call site is reachable on all platforms. 'WindowsIdentity.Groups' is only supported on: 'windows'. (https://learn.microsoft.com/dotnet/fundamentals/code-analysis/quality-rules/ca1416) [C:\Users\ultra\warewolf\Dev\Dev2.Activities\Dev2.Activities.csproj]
C:\Users\ultra\warewolf\Dev\Dev2.Activities\Activities\GetSystemInformationHelper.cs(372,17): warning CA1416: This call site is reachable on all platforms. 'WindowsIdentity.Groups' is only supported on: 'windows'. (https://learn.microsoft.com/dotnet/fundamentals/code-analysis/quality-rules/ca1416) [C:\Users\ultra\warewolf\Dev\Dev2.Activities\Dev2.Activities.csproj]
C:\Users\ultra\warewolf\Dev\Dev2.Activities\Activities\GetSystemInformationHelper.cs(370,92): warning CA1416: This call site is reachable on all platforms. 'WindowsIdentity.GetCurrent()' is only supported on: 'windows'. (https://learn.microsoft.com/dotnet/fundamentals/code-analysis/quality-rules/ca1416) [C:\Users\ultra\warewolf\Dev\Dev2.Activities\Dev2.Activities.csproj]
C:\Users\ultra\warewolf\Dev\Dev2.Activities\Activities\GetSystemInformationHelper.cs(386,39): warning CA1416: This call site is reachable on all platforms. 'IdentityReference.Translate(Type)' is only supported on: 'windows'. (https://learn.microsoft.com/dotnet/fundamentals/code-analysis/quality-rules/ca1416) [C:\Users\ultra\warewolf\Dev\Dev2.Activities\Dev2.Activities.csproj]
C:\Users\ultra\warewolf\Dev\Dev2.Activities\Activities\GetSystemInformationHelper.cs(392,90): warning CA1416: This call site is reachable on all platforms. 'IdentityReference.Value' is only supported on: 'windows'. (https://learn.microsoft.com/dotnet/fundamentals/code-analysis/quality-rules/ca1416) [C:\Users\ultra\warewolf\Dev\Dev2.Activities\Dev2.Activities.csproj]
C:\Users\ultra\warewolf\Dev\Dev2.Activities\Activities\GetSystemInformationHelper.cs(392,32): warning CA1416: This call site is reachable on all platforms. 'ObjectQuery' is only supported on: 'windows'. (https://learn.microsoft.com/dotnet/fundamentals/code-analysis/quality-rules/ca1416) [C:\Users\ultra\warewolf\Dev\Dev2.Activities\Dev2.Activities.csproj]
C:\Users\ultra\warewolf\Dev\Dev2.Activities\Activities\GetSystemInformationHelper.cs(394,35): warning CA1416: This call site is reachable on all platforms. 'ManagementObjectSearcher.Get()' is only supported on: 'windows'. (https://learn.microsoft.com/dotnet/fundamentals/code-analysis/quality-rules/ca1416) [C:\Users\ultra\warewolf\Dev\Dev2.Activities\Dev2.Activities.csproj]
C:\Users\ultra\warewolf\Dev\Dev2.Activities\Activities\GetSystemInformationHelper.cs(387,28): warning CA1416: This call site is reachable on all platforms. 'IdentityReference.Value' is only supported on: 'windows'. (https://learn.microsoft.com/dotnet/fundamentals/code-analysis/quality-rules/ca1416) [C:\Users\ultra\warewolf\Dev\Dev2.Activities\Dev2.Activities.csproj]
C:\Users\ultra\warewolf\Dev\Dev2.Activities\Activities\GetSystemInformationHelper.cs(397,49): warning CA1416: This call site is reachable on all platforms. 'ManagementBaseObject.this[string]' is only supported on: 'windows'. (https://learn.microsoft.com/dotnet/fundamentals/code-analysis/quality-rules/ca1416) [C:\Users\ultra\warewolf\Dev\Dev2.Activities\Dev2.Activities.csproj]
C:\Users\ultra\warewolf\Dev\Dev2.Activities\Activities\GetSystemInformationHelper.cs(393,32): warning CA1416: This call site is reachable on all platforms. 'ManagementObjectSearcher' is only supported on: 'windows'. (https://learn.microsoft.com/dotnet/fundamentals/code-analysis/quality-rules/ca1416) [C:\Users\ultra\warewolf\Dev\Dev2.Activities\Dev2.Activities.csproj]
C:\Users\ultra\warewolf\Dev\Dev2.Activities\Activities\GetSystemInformationHelper.cs(427,32): warning CA1416: This call site is reachable on all platforms. 'ManagementObjectSearcher' is only supported on: 'windows'. (https://learn.microsoft.com/dotnet/fundamentals/code-analysis/quality-rules/ca1416) [C:\Users\ultra\warewolf\Dev\Dev2.Activities\Dev2.Activities.csproj]
C:\Users\ultra\warewolf\Dev\Dev2.Activities\Activities\GetSystemInformationHelper.cs(426,32): warning CA1416: This call site is reachable on all platforms. 'ObjectQuery' is only supported on: 'windows'. (https://learn.microsoft.com/dotnet/fundamentals/code-analysis/quality-rules/ca1416) [C:\Users\ultra\warewolf\Dev\Dev2.Activities\Dev2.Activities.csproj]
C:\Users\ultra\warewolf\Dev\Dev2.Activities\Activities\GetSystemInformationHelper.cs(431,57): warning CA1416: This call site is reachable on all platforms. 'ManagementBaseObject.this[string]' is only supported on: 'windows'. (https://learn.microsoft.com/dotnet/fundamentals/code-analysis/quality-rules/ca1416) [C:\Users\ultra\warewolf\Dev\Dev2.Activities\Dev2.Activities.csproj]
C:\Users\ultra\warewolf\Dev\Dev2.Activities\Activities\GetSystemInformationHelper.cs(428,35): warning CA1416: This call site is reachable on all platforms. 'ManagementObjectSearcher.Get()' is only supported on: 'windows'. (https://learn.microsoft.com/dotnet/fundamentals/code-analysis/quality-rules/ca1416) [C:\Users\ultra\warewolf\Dev\Dev2.Activities\Dev2.Activities.csproj]
C:\Program Files\dotnet\sdk\10.0.201\Sdks\Microsoft.NET.Sdk\targets\Microsoft.NET.Sdk.targets(308,5): warning NETSDK1206: Found version-specific or distribution-specific runtime identifier(s): win10-x64, win10-x86, win7-x64, win7-x86, win8-x64, win8-x86, win81-x64, win81-x86. Affected libraries: Microsoft.Management.Infrastructure.Runtime.Win, SQLite. In .NET 8.0 and higher, assets for version-specific and distribution-specific runtime identifiers will not be found by default. See https://aka.ms/dotnet/rid-usage for details. [C:\Users\ultra\warewolf\Dev\Dev2.Activities\Dev2.Activities.csproj]
  Dev2.Activities -> C:\Users\ultra\warewolf\Dev\Dev2.Activities\bin\Debug\net8.0\Dev2.Activities.dll
C:\Program Files\dotnet\sdk\10.0.201\Microsoft.Common.CurrentVersion.targets(2451,5): warning MSB3277: Found conflicts between different versions of "WindowsBase" that could not be resolved. [C:\Users\ultra\warewolf\Dev\Dev2.Runtime\Dev2.Runtime.csproj]
C:\Program Files\dotnet\sdk\10.0.201\Microsoft.Common.CurrentVersion.targets(2451,5): warning MSB3277: There was a conflict between "WindowsBase, Version=4.0.0.0, Culture=neutral, PublicKeyToken=31bf3856ad364e35" and "WindowsBase, Version=6.0.2.0, Culture=neutral, PublicKeyToken=31bf3856ad364e35". [C:\Users\ultra\warewolf\Dev\Dev2.Runtime\Dev2.Runtime.csproj]
C:\Program Files\dotnet\sdk\10.0.201\Microsoft.Common.CurrentVersion.targets(2451,5): warning MSB3277:     "WindowsBase, Version=4.0.0.0, Culture=neutral, PublicKeyToken=31bf3856ad364e35" was chosen because it was primary and "WindowsBase, Version=6.0.2.0, Culture=neutral, PublicKeyToken=31bf3856ad364e35" was not. [C:\Users\ultra\warewolf\Dev\Dev2.Runtime\Dev2.Runtime.csproj]
C:\Program Files\dotnet\sdk\10.0.201\Microsoft.Common.CurrentVersion.targets(2451,5): warning MSB3277:     References which depend on "WindowsBase, Version=4.0.0.0, Culture=neutral, PublicKeyToken=31bf3856ad364e35" [C:\Program Files\dotnet\packs\Microsoft.NETCore.App.Ref\8.0.25\ref\net8.0\WindowsBase.dll]. [C:\Users\ultra\warewolf\Dev\Dev2.Runtime\Dev2.Runtime.csproj]
C:\Program Files\dotnet\sdk\10.0.201\Microsoft.Common.CurrentVersion.targets(2451,5): warning MSB3277:         C:\Program Files\dotnet\packs\Microsoft.NETCore.App.Ref\8.0.25\ref\net8.0\WindowsBase.dll [C:\Users\ultra\warewolf\Dev\Dev2.Runtime\Dev2.Runtime.csproj]
C:\Program Files\dotnet\sdk\10.0.201\Microsoft.Common.CurrentVersion.targets(2451,5): warning MSB3277:           Project file item includes which caused reference "C:\Program Files\dotnet\packs\Microsoft.NETCore.App.Ref\8.0.25\ref\net8.0\WindowsBase.dll". [C:\Users\ultra\warewolf\Dev\Dev2.Runtime\Dev2.Runtime.csproj]
C:\Program Files\dotnet\sdk\10.0.201\Microsoft.Common.CurrentVersion.targets(2451,5): warning MSB3277:             C:\Program Files\dotnet\packs\Microsoft.NETCore.App.Ref\8.0.25\ref/net8.0/WindowsBase.dll [C:\Users\ultra\warewolf\Dev\Dev2.Runtime\Dev2.Runtime.csproj]
C:\Program Files\dotnet\sdk\10.0.201\Microsoft.Common.CurrentVersion.targets(2451,5): warning MSB3277:     References which depend on or have been unified to "WindowsBase, Version=6.0.2.0, Culture=neutral, PublicKeyToken=31bf3856ad364e35" []. [C:\Users\ultra\warewolf\Dev\Dev2.Runtime\Dev2.Runtime.csproj]
C:\Program Files\dotnet\sdk\10.0.201\Microsoft.Common.CurrentVersion.targets(2451,5): warning MSB3277:         C:\Users\ultra\.nuget\packages\caliburn.micro\4.0.212\lib\netcoreapp3.1\Caliburn.Micro.Platform.dll [C:\Users\ultra\warewolf\Dev\Dev2.Runtime\Dev2.Runtime.csproj]
C:\Program Files\dotnet\sdk\10.0.201\Microsoft.Common.CurrentVersion.targets(2451,5): warning MSB3277:           Project file item includes which caused reference "C:\Users\ultra\.nuget\packages\caliburn.micro\4.0.212\lib\netcoreapp3.1\Caliburn.Micro.Platform.dll". [C:\Users\ultra\warewolf\Dev\Dev2.Runtime\Dev2.Runtime.csproj]
C:\Program Files\dotnet\sdk\10.0.201\Microsoft.Common.CurrentVersion.targets(2451,5): warning MSB3277:             C:\Users\ultra\.nuget\packages\caliburn.micro\4.0.212\lib\netcoreapp3.1\Caliburn.Micro.Platform.dll [C:\Users\ultra\warewolf\Dev\Dev2.Runtime\Dev2.Runtime.csproj]
C:\Program Files\dotnet\sdk\10.0.201\Microsoft.Common.CurrentVersion.targets(2451,5): warning MSB3277:         C:\Users\ultra\.nuget\packages\ironpython\3.4.0\lib\net6.0\IronPython.Wpf.dll [C:\Users\ultra\warewolf\Dev\Dev2.Runtime\Dev2.Runtime.csproj]
C:\Program Files\dotnet\sdk\10.0.201\Microsoft.Common.CurrentVersion.targets(2451,5): warning MSB3277:           Project file item includes which caused reference "C:\Users\ultra\.nuget\packages\ironpython\3.4.0\lib\net6.0\IronPython.Wpf.dll". [C:\Users\ultra\warewolf\Dev\Dev2.Runtime\Dev2.Runtime.csproj]
C:\Program Files\dotnet\sdk\10.0.201\Microsoft.Common.CurrentVersion.targets(2451,5): warning MSB3277:             C:\Users\ultra\.nuget\packages\ironpython\3.4.0\lib\net6.0\IronPython.Wpf.dll [C:\Users\ultra\warewolf\Dev\Dev2.Runtime\Dev2.Runtime.csproj]
C:\Program Files\dotnet\sdk\10.0.201\Microsoft.Common.CurrentVersion.targets(2451,5): warning MSB3277:         C:\Users\ultra\.nuget\packages\microsoft.xaml.behaviors.wpf\1.1.19\lib\netcoreapp3.0\Microsoft.Xaml.Behaviors.dll [C:\Users\ultra\warewolf\Dev\Dev2.Runtime\Dev2.Runtime.csproj]
C:\Program Files\dotnet\sdk\10.0.201\Microsoft.Common.CurrentVersion.targets(2451,5): warning MSB3277:           Project file item includes which caused reference "C:\Users\ultra\.nuget\packages\microsoft.xaml.behaviors.wpf\1.1.19\lib\netcoreapp3.0\Microsoft.Xaml.Behaviors.dll". [C:\Users\ultra\warewolf\Dev\Dev2.Runtime\Dev2.Runtime.csproj]
C:\Program Files\dotnet\sdk\10.0.201\Microsoft.Common.CurrentVersion.targets(2451,5): warning MSB3277:             C:\Users\ultra\.nuget\packages\microsoft.xaml.behaviors.wpf\1.1.19\lib\netcoreapp3.0\Microsoft.Xaml.Behaviors.dll [C:\Users\ultra\warewolf\Dev\Dev2.Runtime\Dev2.Runtime.csproj]
C:\Program Files\dotnet\sdk\10.0.201\Microsoft.Common.CurrentVersion.targets(2451,5): warning MSB3277:             C:\Users\ultra\.nuget\packages\caliburn.micro\4.0.212\lib\netcoreapp3.1\Caliburn.Micro.Platform.dll [C:\Users\ultra\warewolf\Dev\Dev2.Runtime\Dev2.Runtime.csproj]
C:\Program Files\dotnet\sdk\10.0.201\Microsoft.Common.CurrentVersion.targets(2451,5): warning MSB3277:         C:\Users\ultra\.nuget\packages\reactiveui.wpf\18.4.1\lib\net462\ReactiveUI.Wpf.dll [C:\Users\ultra\warewolf\Dev\Dev2.Runtime\Dev2.Runtime.csproj]
C:\Program Files\dotnet\sdk\10.0.201\Microsoft.Common.CurrentVersion.targets(2451,5): warning MSB3277:           Project file item includes which caused reference "C:\Users\ultra\.nuget\packages\reactiveui.wpf\18.4.1\lib\net462\ReactiveUI.Wpf.dll". [C:\Users\ultra\warewolf\Dev\Dev2.Runtime\Dev2.Runtime.csproj]
C:\Program Files\dotnet\sdk\10.0.201\Microsoft.Common.CurrentVersion.targets(2451,5): warning MSB3277:             C:\Users\ultra\.nuget\packages\reactiveui.wpf\18.4.1\lib\net462\ReactiveUI.Wpf.dll [C:\Users\ultra\warewolf\Dev\Dev2.Runtime\Dev2.Runtime.csproj]
C:\Users\ultra\warewolf\Dev\Dev2.Runtime\ESB\Execution\RemoteWorkflowExecutionContainer.cs(235,35): warning SYSLIB0013: 'Uri.EscapeUriString(string)' is obsolete: 'Uri.EscapeUriString can corrupt the Uri string in some cases. Consider using Uri.EscapeDataString for query string components instead.' (https://aka.ms/dotnet-warnings/SYSLIB0013) [C:\Users\ultra\warewolf\Dev\Dev2.Runtime\Dev2.Runtime.csproj]
C:\Users\ultra\warewolf\Dev\Dev2.Runtime\ESB\Execution\RemoteWorkflowExecutionContainer.cs(301,39): warning SYSLIB0013: 'Uri.EscapeUriString(string)' is obsolete: 'Uri.EscapeUriString can corrupt the Uri string in some cases. Consider using Uri.EscapeDataString for query string components instead.' (https://aka.ms/dotnet-warnings/SYSLIB0013) [C:\Users\ultra\warewolf\Dev\Dev2.Runtime\Dev2.Runtime.csproj]
C:\Users\ultra\warewolf\Dev\Dev2.Runtime\ESB\WF\XamlActivityHelper.cs(66,13): warning CC0004: Empty Catch Block. (https://code-cracker.github.io/diagnostics/CC0004.html) [C:\Users\ultra\warewolf\Dev\Dev2.Runtime\Dev2.Runtime.csproj]
C:\Users\ultra\warewolf\Dev\Dev2.Runtime\ESB\Execution\WfExecutionContainer.cs(63,35): warning CC0067: Do not call overridable methods in constructors (https://code-cracker.github.io/diagnostics/CC0067.html) [C:\Users\ultra\warewolf\Dev\Dev2.Runtime\Dev2.Runtime.csproj]
C:\Users\ultra\warewolf\Dev\Dev2.Runtime\ESB\WF\XamlActivityHelper.cs(133,13): warning CC0004: Empty Catch Block. (https://code-cracker.github.io/diagnostics/CC0004.html) [C:\Users\ultra\warewolf\Dev\Dev2.Runtime\Dev2.Runtime.csproj]
C:\Users\ultra\warewolf\Dev\Dev2.Runtime\ESB\WF\XamlActivityHelper.cs(179,17): warning CC0004: Empty Catch Block. (https://code-cracker.github.io/diagnostics/CC0004.html) [C:\Users\ultra\warewolf\Dev\Dev2.Runtime\Dev2.Runtime.csproj]
C:\Users\ultra\warewolf\Dev\Dev2.Runtime\ESB\WF\XamlActivityHelper.cs(230,17): warning CC0004: Empty Catch Block. (https://code-cracker.github.io/diagnostics/CC0004.html) [C:\Users\ultra\warewolf\Dev\Dev2.Runtime\Dev2.Runtime.csproj]
C:\Users\ultra\warewolf\Dev\Dev2.Runtime\ESB\WF\XamlActivityHelper.cs(240,43): warning CC0057: Parameter 'instance' is not used. (https://code-cracker.github.io/diagnostics/CC0057.html) [C:\Users\ultra\warewolf\Dev\Dev2.Runtime\Dev2.Runtime.csproj]
C:\Users\ultra\warewolf\Dev\Dev2.Runtime\ESB\Execution\WfExecutionContainer.cs(774,37): warning CC0022: StateAuditLogger should be disposed. (https://code-cracker.github.io/diagnostics/CC0022.html) [C:\Users\ultra\warewolf\Dev\Dev2.Runtime\Dev2.Runtime.csproj]
C:\Users\ultra\warewolf\Dev\Dev2.Runtime\ESB\Execution\WfExecutionContainer.cs(578,33): warning CC0003: Consider adding an Exception to the catch. (https://code-cracker.github.io/diagnostics/CC0003.html) [C:\Users\ultra\warewolf\Dev\Dev2.Runtime\Dev2.Runtime.csproj]
C:\Users\ultra\warewolf\Dev\Dev2.Runtime\ESB\Execution\WfExecutionContainer.cs(819,17): warning CC0004: Empty Catch Block. (https://code-cracker.github.io/diagnostics/CC0004.html) [C:\Users\ultra\warewolf\Dev\Dev2.Runtime\Dev2.Runtime.csproj]
C:\Users\ultra\warewolf\Dev\Dev2.Runtime\ESB\Execution\WfExecutionContainer.cs(864,21): warning CC0004: Empty Catch Block. (https://code-cracker.github.io/diagnostics/CC0004.html) [C:\Users\ultra\warewolf\Dev\Dev2.Runtime\Dev2.Runtime.csproj]
C:\Program Files\dotnet\sdk\10.0.201\Sdks\Microsoft.NET.Sdk\targets\Microsoft.NET.Sdk.targets(308,5): warning NETSDK1206: Found version-specific or distribution-specific runtime identifier(s): win10-x64, win10-x86, win7-x64, win7-x86, win8-x64, win8-x86, win81-x64, win81-x86. Affected libraries: Microsoft.Management.Infrastructure.Runtime.Win, SQLite. In .NET 8.0 and higher, assets for version-specific and distribution-specific runtime identifiers will not be found by default. See https://aka.ms/dotnet/rid-usage for details. [C:\Users\ultra\warewolf\Dev\Dev2.Runtime\Dev2.Runtime.csproj]
  Dev2.Runtime -> C:\Users\ultra\warewolf\Dev\Dev2.Runtime\bin\Debug\net8.0\Dev2.Runtime.dll
C:\Users\ultra\warewolf\Dev\Dev2.Studio.Core\Activities\Services\DesignerManagementService.cs(75,13): warning CS0618: 'EventAggregatorExtensions.Subscribe(IEventAggregator, object)' is obsolete: 'Use SubscribeOnPublishedThread' [C:\Users\ultra\warewolf\Dev\Dev2.Studio.Core\Dev2.Studio.Core.csproj]
C:\Users\ultra\warewolf\Dev\Dev2.Studio.Core\AppResources\Converters\NullableBoolToBoolConverter.cs(31,45): warning CC0057: Parameter 'targetType' is not used. (https://code-cracker.github.io/diagnostics/CC0057.html) [C:\Users\ultra\warewolf\Dev\Dev2.Studio.Core\Dev2.Studio.Core.csproj]
C:\Users\ultra\warewolf\Dev\Dev2.Studio.Core\AppResources\Converters\NullableBoolToBoolConverter.cs(31,62): warning CC0057: Parameter 'parameter' is not used. (https://code-cracker.github.io/diagnostics/CC0057.html) [C:\Users\ultra\warewolf\Dev\Dev2.Studio.Core\Dev2.Studio.Core.csproj]
C:\Users\ultra\warewolf\Dev\Dev2.Studio.Core\AppResources\Converters\NullableBoolToBoolConverter.cs(31,80): warning CC0057: Parameter 'culture' is not used. (https://code-cracker.github.io/diagnostics/CC0057.html) [C:\Users\ultra\warewolf\Dev\Dev2.Studio.Core\Dev2.Studio.Core.csproj]
C:\Users\ultra\warewolf\Dev\Dev2.Studio.Core\AppResources\Converters\NullableBoolToBoolConverter.cs(41,23): warning CC0057: Parameter 'value' is not used. (https://code-cracker.github.io/diagnostics/CC0057.html) [C:\Users\ultra\warewolf\Dev\Dev2.Studio.Core\Dev2.Studio.Core.csproj]
C:\Users\ultra\warewolf\Dev\Dev2.Studio.Core\AppResources\Converters\NullableBoolToBoolConverter.cs(41,37): warning CC0057: Parameter 'targetType' is not used. (https://code-cracker.github.io/diagnostics/CC0057.html) [C:\Users\ultra\warewolf\Dev\Dev2.Studio.Core\Dev2.Studio.Core.csproj]
C:\Users\ultra\warewolf\Dev\Dev2.Studio.Core\AppResources\Converters\NullableBoolToBoolConverter.cs(41,54): warning CC0057: Parameter 'parameter' is not used. (https://code-cracker.github.io/diagnostics/CC0057.html) [C:\Users\ultra\warewolf\Dev\Dev2.Studio.Core\Dev2.Studio.Core.csproj]
C:\Users\ultra\warewolf\Dev\Dev2.Studio.Core\AppResources\Converters\NullableBoolToBoolConverter.cs(41,72): warning CC0057: Parameter 'culture' is not used. (https://code-cracker.github.io/diagnostics/CC0057.html) [C:\Users\ultra\warewolf\Dev\Dev2.Studio.Core\Dev2.Studio.Core.csproj]
C:\Users\ultra\warewolf\Dev\Dev2.Studio.Core\AppResources\Converters\ModelItemToActivityConverter.cs(31,42): warning CC0057: Parameter 'targetType' is not used. (https://code-cracker.github.io/diagnostics/CC0057.html) [C:\Users\ultra\warewolf\Dev\Dev2.Studio.Core\Dev2.Studio.Core.csproj]
C:\Users\ultra\warewolf\Dev\Dev2.Studio.Core\AppResources\Converters\ModelItemToActivityConverter.cs(31,59): warning CC0057: Parameter 'parameter' is not used. (https://code-cracker.github.io/diagnostics/CC0057.html) [C:\Users\ultra\warewolf\Dev\Dev2.Studio.Core\Dev2.Studio.Core.csproj]
C:\Users\ultra\warewolf\Dev\Dev2.Studio.Core\AppResources\Converters\ModelItemToActivityConverter.cs(31,77): warning CC0057: Parameter 'culture' is not used. (https://code-cracker.github.io/diagnostics/CC0057.html) [C:\Users\ultra\warewolf\Dev\Dev2.Studio.Core\Dev2.Studio.Core.csproj]
C:\Users\ultra\warewolf\Dev\Dev2.Studio.Core\Diagnostics\DebugStateTreeViewItemViewModel.cs(119,13): warning CC0105: Use 'var' instead of specifying the type name. (https://code-cracker.github.io/diagnostics/CC0105.html) [C:\Users\ultra\warewolf\Dev\Dev2.Studio.Core\Dev2.Studio.Core.csproj]
C:\Users\ultra\warewolf\Dev\Dev2.Studio.Core\AppResources\Converters\ModelItemToActivityConverter.cs(45,46): warning CC0057: Parameter 'targetType' is not used. (https://code-cracker.github.io/diagnostics/CC0057.html) [C:\Users\ultra\warewolf\Dev\Dev2.Studio.Core\Dev2.Studio.Core.csproj]
C:\Users\ultra\warewolf\Dev\Dev2.Studio.Core\AppResources\Converters\ModelItemToActivityConverter.cs(45,81): warning CC0057: Parameter 'culture' is not used. (https://code-cracker.github.io/diagnostics/CC0057.html) [C:\Users\ultra\warewolf\Dev\Dev2.Studio.Core\Dev2.Studio.Core.csproj]
C:\Users\ultra\warewolf\Dev\Dev2.Studio.Core\DataList\Dev2TrieSuggestionProvider.cs(180,13): warning CC0004: Empty Catch Block. (https://code-cracker.github.io/diagnostics/CC0004.html) [C:\Users\ultra\warewolf\Dev\Dev2.Studio.Core\Dev2.Studio.Core.csproj]
C:\Program Files\dotnet\sdk\10.0.201\Sdks\Microsoft.NET.Sdk\targets\Microsoft.NET.Sdk.targets(308,5): warning NETSDK1206: Found version-specific or distribution-specific runtime identifier(s): win10-x64, win10-x86, win7-x64, win7-x86, win8-x64, win8-x86, win81-x64, win81-x86. Affected libraries: Microsoft.Management.Infrastructure.Runtime.Win, SQLite. In .NET 8.0 and higher, assets for version-specific and distribution-specific runtime identifiers will not be found by default. See https://aka.ms/dotnet/rid-usage for details. [C:\Users\ultra\warewolf\Dev\Dev2.Studio.Core\Dev2.Studio.Core.csproj]
  Dev2.Studio.Core -> C:\Users\ultra\warewolf\Dev\Dev2.Studio.Core\bin\Debug\net8.0\Dev2.Studio.Core.dll
C:\Users\ultra\warewolf\Dev\Warewolf.Core.Tests\Parsing\BitVectorTest.cs(23,21): warning MSTEST0005: Property 'TestContext' should be valid (https://learn.microsoft.com/dotnet/core/testing/mstest-analyzers/mstest0005) [C:\Users\ultra\warewolf\Dev\Warewolf.Core.Tests\Warewolf.Core.Tests.csproj]
  Warewolf.Core.Tests -> C:\Users\ultra\warewolf\Dev\Warewolf.Core.Tests\bin\Debug\net8.0\linux-x64\Warewolf.Core.Tests.dll
C:\Program Files\dotnet\sdk\10.0.201\Sdks\Microsoft.NET.Sdk\targets\Microsoft.NET.Sdk.targets(308,5): warning NETSDK1206: Found version-specific or distribution-specific runtime identifier(s): win10-x64, win10-x86, win7-x64, win7-x86, win8-x64, win8-x86, win81-x64, win81-x86. Affected libraries: Microsoft.Management.Infrastructure.Runtime.Win, SQLite. In .NET 8.0 and higher, assets for version-specific and distribution-specific runtime identifiers will not be found by default. See https://aka.ms/dotnet/rid-usage for details. [C:\Users\ultra\warewolf\Dev\Warewolf.Common.Framework48\Warewolf.Common.Framework48.csproj]
  Warewolf.Common.Framework48 -> C:\Users\ultra\warewolf\Dev\Warewolf.Common.Framework48\bin\Debug\net8.0\Warewolf.Common.Framework48.dll
C:\Program Files\dotnet\sdk\10.0.201\Microsoft.Common.CurrentVersion.targets(2451,5): warning MSB3245: Could not resolve this reference. Could not locate the assembly "System.Web". Check to make sure the assembly exists on disk. If this reference is required by your code, you may get compilation errors. [C:\Users\ultra\warewolf\Dev\Dev2.Runtime.WebServer\Dev2.Runtime.WebServer.csproj]
C:\Program Files\dotnet\sdk\10.0.201\Microsoft.Common.CurrentVersion.targets(2451,5): warning MSB3243: No way to resolve conflict between "System.Web, Version=4.0.0.0, Culture=neutral, PublicKeyToken=b03f5f7f11d50a3a" and "System.Web". Choosing "System.Web, Version=4.0.0.0, Culture=neutral, PublicKeyToken=b03f5f7f11d50a3a" arbitrarily. [C:\Users\ultra\warewolf\Dev\Dev2.Runtime.WebServer\Dev2.Runtime.WebServer.csproj]
C:\Program Files\dotnet\sdk\10.0.201\Microsoft.Common.CurrentVersion.targets(2451,5): warning MSB3277: Found conflicts between different versions of "WindowsBase" that could not be resolved. [C:\Users\ultra\warewolf\Dev\Dev2.Runtime.WebServer\Dev2.Runtime.WebServer.csproj]
C:\Program Files\dotnet\sdk\10.0.201\Microsoft.Common.CurrentVersion.targets(2451,5): warning MSB3277: There was a conflict between "WindowsBase, Version=4.0.0.0, Culture=neutral, PublicKeyToken=31bf3856ad364e35" and "WindowsBase, Version=6.0.2.0, Culture=neutral, PublicKeyToken=31bf3856ad364e35". [C:\Users\ultra\warewolf\Dev\Dev2.Runtime.WebServer\Dev2.Runtime.WebServer.csproj]
C:\Program Files\dotnet\sdk\10.0.201\Microsoft.Common.CurrentVersion.targets(2451,5): warning MSB3277:     "WindowsBase, Version=4.0.0.0, Culture=neutral, PublicKeyToken=31bf3856ad364e35" was chosen because it was primary and "WindowsBase, Version=6.0.2.0, Culture=neutral, PublicKeyToken=31bf3856ad364e35" was not. [C:\Users\ultra\warewolf\Dev\Dev2.Runtime.WebServer\Dev2.Runtime.WebServer.csproj]
C:\Program Files\dotnet\sdk\10.0.201\Microsoft.Common.CurrentVersion.targets(2451,5): warning MSB3277:     References which depend on "WindowsBase, Version=4.0.0.0, Culture=neutral, PublicKeyToken=31bf3856ad364e35" [C:\Program Files\dotnet\packs\Microsoft.NETCore.App.Ref\8.0.25\ref\net8.0\WindowsBase.dll]. [C:\Users\ultra\warewolf\Dev\Dev2.Runtime.WebServer\Dev2.Runtime.WebServer.csproj]
C:\Program Files\dotnet\sdk\10.0.201\Microsoft.Common.CurrentVersion.targets(2451,5): warning MSB3277:         C:\Program Files\dotnet\packs\Microsoft.NETCore.App.Ref\8.0.25\ref\net8.0\WindowsBase.dll [C:\Users\ultra\warewolf\Dev\Dev2.Runtime.WebServer\Dev2.Runtime.WebServer.csproj]
C:\Program Files\dotnet\sdk\10.0.201\Microsoft.Common.CurrentVersion.targets(2451,5): warning MSB3277:           Project file item includes which caused reference "C:\Program Files\dotnet\packs\Microsoft.NETCore.App.Ref\8.0.25\ref\net8.0\WindowsBase.dll". [C:\Users\ultra\warewolf\Dev\Dev2.Runtime.WebServer\Dev2.Runtime.WebServer.csproj]
C:\Program Files\dotnet\sdk\10.0.201\Microsoft.Common.CurrentVersion.targets(2451,5): warning MSB3277:             C:\Program Files\dotnet\packs\Microsoft.NETCore.App.Ref\8.0.25\ref/net8.0/WindowsBase.dll [C:\Users\ultra\warewolf\Dev\Dev2.Runtime.WebServer\Dev2.Runtime.WebServer.csproj]
C:\Program Files\dotnet\sdk\10.0.201\Microsoft.Common.CurrentVersion.targets(2451,5): warning MSB3277:     References which depend on or have been unified to "WindowsBase, Version=6.0.2.0, Culture=neutral, PublicKeyToken=31bf3856ad364e35" []. [C:\Users\ultra\warewolf\Dev\Dev2.Runtime.WebServer\Dev2.Runtime.WebServer.csproj]
C:\Program Files\dotnet\sdk\10.0.201\Microsoft.Common.CurrentVersion.targets(2451,5): warning MSB3277:         C:\Users\ultra\.nuget\packages\caliburn.micro\4.0.212\lib\netcoreapp3.1\Caliburn.Micro.Platform.dll [C:\Users\ultra\warewolf\Dev\Dev2.Runtime.WebServer\Dev2.Runtime.WebServer.csproj]
C:\Program Files\dotnet\sdk\10.0.201\Microsoft.Common.CurrentVersion.targets(2451,5): warning MSB3277:           Project file item includes which caused reference "C:\Users\ultra\.nuget\packages\caliburn.micro\4.0.212\lib\netcoreapp3.1\Caliburn.Micro.Platform.dll". [C:\Users\ultra\warewolf\Dev\Dev2.Runtime.WebServer\Dev2.Runtime.WebServer.csproj]
C:\Program Files\dotnet\sdk\10.0.201\Microsoft.Common.CurrentVersion.targets(2451,5): warning MSB3277:             C:\Users\ultra\.nuget\packages\caliburn.micro\4.0.212\lib\netcoreapp3.1\Caliburn.Micro.Platform.dll [C:\Users\ultra\warewolf\Dev\Dev2.Runtime.WebServer\Dev2.Runtime.WebServer.csproj]
C:\Program Files\dotnet\sdk\10.0.201\Microsoft.Common.CurrentVersion.targets(2451,5): warning MSB3277:         C:\Users\ultra\.nuget\packages\ironpython\3.4.0\lib\net6.0\IronPython.Wpf.dll [C:\Users\ultra\warewolf\Dev\Dev2.Runtime.WebServer\Dev2.Runtime.WebServer.csproj]
C:\Program Files\dotnet\sdk\10.0.201\Microsoft.Common.CurrentVersion.targets(2451,5): warning MSB3277:           Project file item includes which caused reference "C:\Users\ultra\.nuget\packages\ironpython\3.4.0\lib\net6.0\IronPython.Wpf.dll". [C:\Users\ultra\warewolf\Dev\Dev2.Runtime.WebServer\Dev2.Runtime.WebServer.csproj]
C:\Program Files\dotnet\sdk\10.0.201\Microsoft.Common.CurrentVersion.targets(2451,5): warning MSB3277:             C:\Users\ultra\.nuget\packages\ironpython\3.4.0\lib\net6.0\IronPython.Wpf.dll [C:\Users\ultra\warewolf\Dev\Dev2.Runtime.WebServer\Dev2.Runtime.WebServer.csproj]
C:\Program Files\dotnet\sdk\10.0.201\Microsoft.Common.CurrentVersion.targets(2451,5): warning MSB3277:         C:\Users\ultra\.nuget\packages\microsoft.xaml.behaviors.wpf\1.1.122\lib\net462\Microsoft.Xaml.Behaviors.dll [C:\Users\ultra\warewolf\Dev\Dev2.Runtime.WebServer\Dev2.Runtime.WebServer.csproj]
C:\Program Files\dotnet\sdk\10.0.201\Microsoft.Common.CurrentVersion.targets(2451,5): warning MSB3277:           Project file item includes which caused reference "C:\Users\ultra\.nuget\packages\microsoft.xaml.behaviors.wpf\1.1.122\lib\net462\Microsoft.Xaml.Behaviors.dll". [C:\Users\ultra\warewolf\Dev\Dev2.Runtime.WebServer\Dev2.Runtime.WebServer.csproj]
C:\Program Files\dotnet\sdk\10.0.201\Microsoft.Common.CurrentVersion.targets(2451,5): warning MSB3277:             C:\Users\ultra\.nuget\packages\microsoft.xaml.behaviors.wpf\1.1.122\lib\net462\Microsoft.Xaml.Behaviors.dll [C:\Users\ultra\warewolf\Dev\Dev2.Runtime.WebServer\Dev2.Runtime.WebServer.csproj]
C:\Program Files\dotnet\sdk\10.0.201\Microsoft.Common.CurrentVersion.targets(2451,5): warning MSB3277:             C:\Users\ultra\.nuget\packages\caliburn.micro\4.0.212\lib\netcoreapp3.1\Caliburn.Micro.Platform.dll [C:\Users\ultra\warewolf\Dev\Dev2.Runtime.WebServer\Dev2.Runtime.WebServer.csproj]
C:\Program Files\dotnet\sdk\10.0.201\Microsoft.Common.CurrentVersion.targets(2451,5): warning MSB3277:             C:\Users\ultra\.nuget\packages\prism.wpf\9.0.537\lib\net462\Prism.Wpf.dll [C:\Users\ultra\warewolf\Dev\Dev2.Runtime.WebServer\Dev2.Runtime.WebServer.csproj]
C:\Program Files\dotnet\sdk\10.0.201\Microsoft.Common.CurrentVersion.targets(2451,5): warning MSB3277:         C:\Users\ultra\.nuget\packages\prism.wpf\9.0.537\lib\net462\Prism.Wpf.dll [C:\Users\ultra\warewolf\Dev\Dev2.Runtime.WebServer\Dev2.Runtime.WebServer.csproj]
C:\Program Files\dotnet\sdk\10.0.201\Microsoft.Common.CurrentVersion.targets(2451,5): warning MSB3277:           Project file item includes which caused reference "C:\Users\ultra\.nuget\packages\prism.wpf\9.0.537\lib\net462\Prism.Wpf.dll". [C:\Users\ultra\warewolf\Dev\Dev2.Runtime.WebServer\Dev2.Runtime.WebServer.csproj]
C:\Program Files\dotnet\sdk\10.0.201\Microsoft.Common.CurrentVersion.targets(2451,5): warning MSB3277:             C:\Users\ultra\.nuget\packages\prism.wpf\9.0.537\lib\net462\Prism.Wpf.dll [C:\Users\ultra\warewolf\Dev\Dev2.Runtime.WebServer\Dev2.Runtime.WebServer.csproj]
C:\Program Files\dotnet\sdk\10.0.201\Microsoft.Common.CurrentVersion.targets(2451,5): warning MSB3277:         C:\Users\ultra\.nuget\packages\reactiveui.wpf\18.4.1\lib\net462\ReactiveUI.Wpf.dll [C:\Users\ultra\warewolf\Dev\Dev2.Runtime.WebServer\Dev2.Runtime.WebServer.csproj]
C:\Program Files\dotnet\sdk\10.0.201\Microsoft.Common.CurrentVersion.targets(2451,5): warning MSB3277:           Project file item includes which caused reference "C:\Users\ultra\.nuget\packages\reactiveui.wpf\18.4.1\lib\net462\ReactiveUI.Wpf.dll". [C:\Users\ultra\warewolf\Dev\Dev2.Runtime.WebServer\Dev2.Runtime.WebServer.csproj]
C:\Program Files\dotnet\sdk\10.0.201\Microsoft.Common.CurrentVersion.targets(2451,5): warning MSB3277:             C:\Users\ultra\.nuget\packages\reactiveui.wpf\18.4.1\lib\net462\ReactiveUI.Wpf.dll [C:\Users\ultra\warewolf\Dev\Dev2.Runtime.WebServer\Dev2.Runtime.WebServer.csproj]
C:\Users\ultra\warewolf\Dev\Dev2.Runtime.WebServer\BasicAuthenticationHandler.cs(20,13): warning CS0618: 'ISystemClock' is obsolete: 'Use TimeProvider instead.' [C:\Users\ultra\warewolf\Dev\Dev2.Runtime.WebServer\Dev2.Runtime.WebServer.csproj]
C:\Users\ultra\warewolf\Dev\Dev2.Runtime.WebServer\AnonymousAuthenticationHandler.cs(15,9): warning CS0618: 'ISystemClock' is obsolete: 'Use TimeProvider instead.' [C:\Users\ultra\warewolf\Dev\Dev2.Runtime.WebServer\Dev2.Runtime.WebServer.csproj]
C:\Users\ultra\warewolf\Dev\Dev2.Runtime.WebServer\BasicAuthenticationHandler.cs(21,13): warning CS0618: 'AuthenticationHandler<AuthenticationSchemeOptions>.AuthenticationHandler(IOptionsMonitor<AuthenticationSchemeOptions>, ILoggerFactory, UrlEncoder, ISystemClock)' is obsolete: 'ISystemClock is obsolete, use TimeProvider on AuthenticationSchemeOptions instead.' [C:\Users\ultra\warewolf\Dev\Dev2.Runtime.WebServer\Dev2.Runtime.WebServer.csproj]
C:\Users\ultra\warewolf\Dev\Dev2.Runtime.WebServer\AnonymousAuthenticationHandler.cs(16,9): warning CS0618: 'AuthenticationHandler<AuthenticationSchemeOptions>.AuthenticationHandler(IOptionsMonitor<AuthenticationSchemeOptions>, ILoggerFactory, UrlEncoder, ISystemClock)' is obsolete: 'ISystemClock is obsolete, use TimeProvider on AuthenticationSchemeOptions instead.' [C:\Users\ultra\warewolf\Dev\Dev2.Runtime.WebServer\Dev2.Runtime.WebServer.csproj]
C:\Users\ultra\warewolf\Dev\Dev2.Runtime.WebServer\BasicAuthenticationHandler.cs(70,13): warning CC0003: Consider adding an Exception to the catch. (https://code-cracker.github.io/diagnostics/CC0003.html) [C:\Users\ultra\warewolf\Dev\Dev2.Runtime.WebServer\Dev2.Runtime.WebServer.csproj]
C:\Users\ultra\warewolf\Dev\Dev2.Runtime.WebServer\Executor\ExecutionDtoExtensions.cs(119,13): warning CC0105: Use 'var' instead of specifying the type name. (https://code-cracker.github.io/diagnostics/CC0105.html) [C:\Users\ultra\warewolf\Dev\Dev2.Runtime.WebServer\Dev2.Runtime.WebServer.csproj]
C:\Users\ultra\warewolf\Dev\Dev2.Runtime.WebServer\Handlers\GetLogFileServiceHandler.cs(129,21): warning CC0105: Use 'var' instead of specifying the type name. (https://code-cracker.github.io/diagnostics/CC0105.html) [C:\Users\ultra\warewolf\Dev\Dev2.Runtime.WebServer\Dev2.Runtime.WebServer.csproj]
C:\Users\ultra\warewolf\Dev\Dev2.Runtime.WebServer\ServiceTesting\ServiceTestModelJObjectResultBuilder.cs(101,13): warning CC0105: Use 'var' instead of specifying the type name. (https://code-cracker.github.io/diagnostics/CC0105.html) [C:\Users\ultra\warewolf\Dev\Dev2.Runtime.WebServer\Dev2.Runtime.WebServer.csproj]
C:\Users\ultra\warewolf\Dev\Dev2.Runtime.WebServer\ServiceTesting\ServiceTestCoverageModelHTMLResultBuilder.cs(138,13): warning CC0105: Use 'var' instead of specifying the type name. (https://code-cracker.github.io/diagnostics/CC0105.html) [C:\Users\ultra\warewolf\Dev\Dev2.Runtime.WebServer\Dev2.Runtime.WebServer.csproj]
C:\Users\ultra\warewolf\Dev\Dev2.Runtime.WebServer\ServiceTesting\ServiceTestCoverageModelHTMLResultBuilder.cs(139,13): warning CC0105: Use 'var' instead of specifying the type name. (https://code-cracker.github.io/diagnostics/CC0105.html) [C:\Users\ultra\warewolf\Dev\Dev2.Runtime.WebServer\Dev2.Runtime.WebServer.csproj]
C:\Program Files\dotnet\sdk\10.0.201\Sdks\Microsoft.NET.Sdk\targets\Microsoft.NET.Sdk.targets(308,5): warning NETSDK1206: Found version-specific or distribution-specific runtime identifier(s): win10-x64, win10-x86, win7-x64, win7-x86, win8-x64, win8-x86, win81-x64, win81-x86. Affected libraries: Microsoft.Management.Infrastructure.Runtime.Win, SQLite. In .NET 8.0 and higher, assets for version-specific and distribution-specific runtime identifiers will not be found by default. See https://aka.ms/dotnet/rid-usage for details. [C:\Users\ultra\warewolf\Dev\Dev2.Runtime.WebServer\Dev2.Runtime.WebServer.csproj]
  Dev2.Runtime.WebServer -> C:\Users\ultra\warewolf\Dev\Dev2.Runtime.WebServer\bin\Debug\net8.0\Dev2.Runtime.WebServer.dll
C:\Program Files\dotnet\sdk\10.0.201\Microsoft.Common.CurrentVersion.targets(2451,5): warning MSB3277: Found conflicts between different versions of "WindowsBase" that could not be resolved. [C:\Users\ultra\warewolf\Dev\Dev2.Infrastructure.Tests\Dev2.Infrastructure.Tests.csproj]
C:\Program Files\dotnet\sdk\10.0.201\Microsoft.Common.CurrentVersion.targets(2451,5): warning MSB3277: There was a conflict between "WindowsBase, Version=4.0.0.0, Culture=neutral, PublicKeyToken=31bf3856ad364e35" and "WindowsBase, Version=6.0.2.0, Culture=neutral, PublicKeyToken=31bf3856ad364e35". [C:\Users\ultra\warewolf\Dev\Dev2.Infrastructure.Tests\Dev2.Infrastructure.Tests.csproj]
C:\Program Files\dotnet\sdk\10.0.201\Microsoft.Common.CurrentVersion.targets(2451,5): warning MSB3277:     "WindowsBase, Version=4.0.0.0, Culture=neutral, PublicKeyToken=31bf3856ad364e35" was chosen because it was primary and "WindowsBase, Version=6.0.2.0, Culture=neutral, PublicKeyToken=31bf3856ad364e35" was not. [C:\Users\ultra\warewolf\Dev\Dev2.Infrastructure.Tests\Dev2.Infrastructure.Tests.csproj]
C:\Program Files\dotnet\sdk\10.0.201\Microsoft.Common.CurrentVersion.targets(2451,5): warning MSB3277:     References which depend on "WindowsBase, Version=4.0.0.0, Culture=neutral, PublicKeyToken=31bf3856ad364e35" [C:\Program Files\dotnet\packs\Microsoft.NETCore.App.Ref\8.0.25\ref\net8.0\WindowsBase.dll]. [C:\Users\ultra\warewolf\Dev\Dev2.Infrastructure.Tests\Dev2.Infrastructure.Tests.csproj]
C:\Program Files\dotnet\sdk\10.0.201\Microsoft.Common.CurrentVersion.targets(2451,5): warning MSB3277:         C:\Program Files\dotnet\packs\Microsoft.NETCore.App.Ref\8.0.25\ref\net8.0\WindowsBase.dll [C:\Users\ultra\warewolf\Dev\Dev2.Infrastructure.Tests\Dev2.Infrastructure.Tests.csproj]
C:\Program Files\dotnet\sdk\10.0.201\Microsoft.Common.CurrentVersion.targets(2451,5): warning MSB3277:           Project file item includes which caused reference "C:\Program Files\dotnet\packs\Microsoft.NETCore.App.Ref\8.0.25\ref\net8.0\WindowsBase.dll". [C:\Users\ultra\warewolf\Dev\Dev2.Infrastructure.Tests\Dev2.Infrastructure.Tests.csproj]
C:\Program Files\dotnet\sdk\10.0.201\Microsoft.Common.CurrentVersion.targets(2451,5): warning MSB3277:             C:\Program Files\dotnet\packs\Microsoft.NETCore.App.Ref\8.0.25\ref/net8.0/WindowsBase.dll [C:\Users\ultra\warewolf\Dev\Dev2.Infrastructure.Tests\Dev2.Infrastructure.Tests.csproj]
C:\Program Files\dotnet\sdk\10.0.201\Microsoft.Common.CurrentVersion.targets(2451,5): warning MSB3277:     References which depend on or have been unified to "WindowsBase, Version=6.0.2.0, Culture=neutral, PublicKeyToken=31bf3856ad364e35" []. [C:\Users\ultra\warewolf\Dev\Dev2.Infrastructure.Tests\Dev2.Infrastructure.Tests.csproj]
C:\Program Files\dotnet\sdk\10.0.201\Microsoft.Common.CurrentVersion.targets(2451,5): warning MSB3277:         C:\Users\ultra\.nuget\packages\caliburn.micro\4.0.212\lib\netcoreapp3.1\Caliburn.Micro.Platform.dll [C:\Users\ultra\warewolf\Dev\Dev2.Infrastructure.Tests\Dev2.Infrastructure.Tests.csproj]
C:\Program Files\dotnet\sdk\10.0.201\Microsoft.Common.CurrentVersion.targets(2451,5): warning MSB3277:           Project file item includes which caused reference "C:\Users\ultra\.nuget\packages\caliburn.micro\4.0.212\lib\netcoreapp3.1\Caliburn.Micro.Platform.dll". [C:\Users\ultra\warewolf\Dev\Dev2.Infrastructure.Tests\Dev2.Infrastructure.Tests.csproj]
C:\Program Files\dotnet\sdk\10.0.201\Microsoft.Common.CurrentVersion.targets(2451,5): warning MSB3277:             C:\Users\ultra\.nuget\packages\caliburn.micro\4.0.212\lib\netcoreapp3.1\Caliburn.Micro.Platform.dll [C:\Users\ultra\warewolf\Dev\Dev2.Infrastructure.Tests\Dev2.Infrastructure.Tests.csproj]
C:\Program Files\dotnet\sdk\10.0.201\Microsoft.Common.CurrentVersion.targets(2451,5): warning MSB3277:         C:\Users\ultra\.nuget\packages\ironpython\3.4.0\lib\net6.0\IronPython.Wpf.dll [C:\Users\ultra\warewolf\Dev\Dev2.Infrastructure.Tests\Dev2.Infrastructure.Tests.csproj]
C:\Program Files\dotnet\sdk\10.0.201\Microsoft.Common.CurrentVersion.targets(2451,5): warning MSB3277:           Project file item includes which caused reference "C:\Users\ultra\.nuget\packages\ironpython\3.4.0\lib\net6.0\IronPython.Wpf.dll". [C:\Users\ultra\warewolf\Dev\Dev2.Infrastructure.Tests\Dev2.Infrastructure.Tests.csproj]
C:\Program Files\dotnet\sdk\10.0.201\Microsoft.Common.CurrentVersion.targets(2451,5): warning MSB3277:             C:\Users\ultra\.nuget\packages\ironpython\3.4.0\lib\net6.0\IronPython.Wpf.dll [C:\Users\ultra\warewolf\Dev\Dev2.Infrastructure.Tests\Dev2.Infrastructure.Tests.csproj]
C:\Program Files\dotnet\sdk\10.0.201\Microsoft.Common.CurrentVersion.targets(2451,5): warning MSB3277:         C:\Users\ultra\.nuget\packages\microsoft.xaml.behaviors.wpf\1.1.122\lib\net462\Microsoft.Xaml.Behaviors.dll [C:\Users\ultra\warewolf\Dev\Dev2.Infrastructure.Tests\Dev2.Infrastructure.Tests.csproj]
C:\Program Files\dotnet\sdk\10.0.201\Microsoft.Common.CurrentVersion.targets(2451,5): warning MSB3277:           Project file item includes which caused reference "C:\Users\ultra\.nuget\packages\microsoft.xaml.behaviors.wpf\1.1.122\lib\net462\Microsoft.Xaml.Behaviors.dll". [C:\Users\ultra\warewolf\Dev\Dev2.Infrastructure.Tests\Dev2.Infrastructure.Tests.csproj]
C:\Program Files\dotnet\sdk\10.0.201\Microsoft.Common.CurrentVersion.targets(2451,5): warning MSB3277:             C:\Users\ultra\.nuget\packages\microsoft.xaml.behaviors.wpf\1.1.122\lib\net462\Microsoft.Xaml.Behaviors.dll [C:\Users\ultra\warewolf\Dev\Dev2.Infrastructure.Tests\Dev2.Infrastructure.Tests.csproj]
C:\Program Files\dotnet\sdk\10.0.201\Microsoft.Common.CurrentVersion.targets(2451,5): warning MSB3277:             C:\Users\ultra\.nuget\packages\caliburn.micro\4.0.212\lib\netcoreapp3.1\Caliburn.Micro.Platform.dll [C:\Users\ultra\warewolf\Dev\Dev2.Infrastructure.Tests\Dev2.Infrastructure.Tests.csproj]
C:\Program Files\dotnet\sdk\10.0.201\Microsoft.Common.CurrentVersion.targets(2451,5): warning MSB3277:             C:\Users\ultra\.nuget\packages\prism.wpf\9.0.537\lib\net462\Prism.Wpf.dll [C:\Users\ultra\warewolf\Dev\Dev2.Infrastructure.Tests\Dev2.Infrastructure.Tests.csproj]
C:\Program Files\dotnet\sdk\10.0.201\Microsoft.Common.CurrentVersion.targets(2451,5): warning MSB3277:         C:\Users\ultra\.nuget\packages\prism.wpf\9.0.537\lib\net462\Prism.Wpf.dll [C:\Users\ultra\warewolf\Dev\Dev2.Infrastructure.Tests\Dev2.Infrastructure.Tests.csproj]
C:\Program Files\dotnet\sdk\10.0.201\Microsoft.Common.CurrentVersion.targets(2451,5): warning MSB3277:           Project file item includes which caused reference "C:\Users\ultra\.nuget\packages\prism.wpf\9.0.537\lib\net462\Prism.Wpf.dll". [C:\Users\ultra\warewolf\Dev\Dev2.Infrastructure.Tests\Dev2.Infrastructure.Tests.csproj]
C:\Program Files\dotnet\sdk\10.0.201\Microsoft.Common.CurrentVersion.targets(2451,5): warning MSB3277:             C:\Users\ultra\.nuget\packages\prism.wpf\9.0.537\lib\net462\Prism.Wpf.dll [C:\Users\ultra\warewolf\Dev\Dev2.Infrastructure.Tests\Dev2.Infrastructure.Tests.csproj]
C:\Program Files\dotnet\sdk\10.0.201\Microsoft.Common.CurrentVersion.targets(2451,5): warning MSB3277:         C:\Users\ultra\.nuget\packages\reactiveui.wpf\18.4.1\lib\net462\ReactiveUI.Wpf.dll [C:\Users\ultra\warewolf\Dev\Dev2.Infrastructure.Tests\Dev2.Infrastructure.Tests.csproj]
C:\Program Files\dotnet\sdk\10.0.201\Microsoft.Common.CurrentVersion.targets(2451,5): warning MSB3277:           Project file item includes which caused reference "C:\Users\ultra\.nuget\packages\reactiveui.wpf\18.4.1\lib\net462\ReactiveUI.Wpf.dll". [C:\Users\ultra\warewolf\Dev\Dev2.Infrastructure.Tests\Dev2.Infrastructure.Tests.csproj]
C:\Program Files\dotnet\sdk\10.0.201\Microsoft.Common.CurrentVersion.targets(2451,5): warning MSB3277:             C:\Users\ultra\.nuget\packages\reactiveui.wpf\18.4.1\lib\net462\ReactiveUI.Wpf.dll [C:\Users\ultra\warewolf\Dev\Dev2.Infrastructure.Tests\Dev2.Infrastructure.Tests.csproj]
C:\Program Files\dotnet\sdk\10.0.201\Microsoft.Common.CurrentVersion.targets(2451,5): warning MSB3277: Found conflicts between different versions of "WindowsBase" that could not be resolved. [C:\Users\ultra\warewolf\Dev\Dev2.Infrastructure.Tests\Dev2.Infrastructure.Tests.csproj]
C:\Program Files\dotnet\sdk\10.0.201\Microsoft.Common.CurrentVersion.targets(2451,5): warning MSB3277: There was a conflict between "WindowsBase, Version=4.0.0.0, Culture=neutral, PublicKeyToken=31bf3856ad364e35" and "WindowsBase, Version=6.0.2.0, Culture=neutral, PublicKeyToken=31bf3856ad364e35". [C:\Users\ultra\warewolf\Dev\Dev2.Infrastructure.Tests\Dev2.Infrastructure.Tests.csproj]
C:\Program Files\dotnet\sdk\10.0.201\Microsoft.Common.CurrentVersion.targets(2451,5): warning MSB3277:     "WindowsBase, Version=4.0.0.0, Culture=neutral, PublicKeyToken=31bf3856ad364e35" was chosen because it was primary and "WindowsBase, Version=6.0.2.0, Culture=neutral, PublicKeyToken=31bf3856ad364e35" was not. [C:\Users\ultra\warewolf\Dev\Dev2.Infrastructure.Tests\Dev2.Infrastructure.Tests.csproj]
C:\Program Files\dotnet\sdk\10.0.201\Microsoft.Common.CurrentVersion.targets(2451,5): warning MSB3277:     References which depend on "WindowsBase, Version=4.0.0.0, Culture=neutral, PublicKeyToken=31bf3856ad364e35" [C:\Program Files\dotnet\packs\Microsoft.NETCore.App.Ref\8.0.25\ref\net8.0\WindowsBase.dll]. [C:\Users\ultra\warewolf\Dev\Dev2.Infrastructure.Tests\Dev2.Infrastructure.Tests.csproj]
C:\Program Files\dotnet\sdk\10.0.201\Microsoft.Common.CurrentVersion.targets(2451,5): warning MSB3277:         C:\Program Files\dotnet\packs\Microsoft.NETCore.App.Ref\8.0.25\ref\net8.0\WindowsBase.dll [C:\Users\ultra\warewolf\Dev\Dev2.Infrastructure.Tests\Dev2.Infrastructure.Tests.csproj]
C:\Program Files\dotnet\sdk\10.0.201\Microsoft.Common.CurrentVersion.targets(2451,5): warning MSB3277:           Project file item includes which caused reference "C:\Program Files\dotnet\packs\Microsoft.NETCore.App.Ref\8.0.25\ref\net8.0\WindowsBase.dll". [C:\Users\ultra\warewolf\Dev\Dev2.Infrastructure.Tests\Dev2.Infrastructure.Tests.csproj]
C:\Program Files\dotnet\sdk\10.0.201\Microsoft.Common.CurrentVersion.targets(2451,5): warning MSB3277:             C:\Program Files\dotnet\packs\Microsoft.NETCore.App.Ref\8.0.25\ref/net8.0/WindowsBase.dll [C:\Users\ultra\warewolf\Dev\Dev2.Infrastructure.Tests\Dev2.Infrastructure.Tests.csproj]
C:\Program Files\dotnet\sdk\10.0.201\Microsoft.Common.CurrentVersion.targets(2451,5): warning MSB3277:     References which depend on or have been unified to "WindowsBase, Version=6.0.2.0, Culture=neutral, PublicKeyToken=31bf3856ad364e35" []. [C:\Users\ultra\warewolf\Dev\Dev2.Infrastructure.Tests\Dev2.Infrastructure.Tests.csproj]
C:\Program Files\dotnet\sdk\10.0.201\Microsoft.Common.CurrentVersion.targets(2451,5): warning MSB3277:         C:\Users\ultra\.nuget\packages\caliburn.micro\4.0.212\lib\netcoreapp3.1\Caliburn.Micro.Platform.dll [C:\Users\ultra\warewolf\Dev\Dev2.Infrastructure.Tests\Dev2.Infrastructure.Tests.csproj]
C:\Program Files\dotnet\sdk\10.0.201\Microsoft.Common.CurrentVersion.targets(2451,5): warning MSB3277:           Project file item includes which caused reference "C:\Users\ultra\.nuget\packages\caliburn.micro\4.0.212\lib\netcoreapp3.1\Caliburn.Micro.Platform.dll". [C:\Users\ultra\warewolf\Dev\Dev2.Infrastructure.Tests\Dev2.Infrastructure.Tests.csproj]
C:\Program Files\dotnet\sdk\10.0.201\Microsoft.Common.CurrentVersion.targets(2451,5): warning MSB3277:             C:\Users\ultra\.nuget\packages\caliburn.micro\4.0.212\lib\netcoreapp3.1\Caliburn.Micro.Platform.dll [C:\Users\ultra\warewolf\Dev\Dev2.Infrastructure.Tests\Dev2.Infrastructure.Tests.csproj]
C:\Program Files\dotnet\sdk\10.0.201\Microsoft.Common.CurrentVersion.targets(2451,5): warning MSB3277:         C:\Users\ultra\.nuget\packages\ironpython\3.4.0\lib\net6.0\IronPython.Wpf.dll [C:\Users\ultra\warewolf\Dev\Dev2.Infrastructure.Tests\Dev2.Infrastructure.Tests.csproj]
C:\Program Files\dotnet\sdk\10.0.201\Microsoft.Common.CurrentVersion.targets(2451,5): warning MSB3277:           Project file item includes which caused reference "C:\Users\ultra\.nuget\packages\ironpython\3.4.0\lib\net6.0\IronPython.Wpf.dll". [C:\Users\ultra\warewolf\Dev\Dev2.Infrastructure.Tests\Dev2.Infrastructure.Tests.csproj]
C:\Program Files\dotnet\sdk\10.0.201\Microsoft.Common.CurrentVersion.targets(2451,5): warning MSB3277:             C:\Users\ultra\.nuget\packages\ironpython\3.4.0\lib\net6.0\IronPython.Wpf.dll [C:\Users\ultra\warewolf\Dev\Dev2.Infrastructure.Tests\Dev2.Infrastructure.Tests.csproj]
C:\Program Files\dotnet\sdk\10.0.201\Microsoft.Common.CurrentVersion.targets(2451,5): warning MSB3277:         C:\Users\ultra\.nuget\packages\microsoft.xaml.behaviors.wpf\1.1.122\lib\net462\Microsoft.Xaml.Behaviors.dll [C:\Users\ultra\warewolf\Dev\Dev2.Infrastructure.Tests\Dev2.Infrastructure.Tests.csproj]
C:\Program Files\dotnet\sdk\10.0.201\Microsoft.Common.CurrentVersion.targets(2451,5): warning MSB3277:           Project file item includes which caused reference "C:\Users\ultra\.nuget\packages\microsoft.xaml.behaviors.wpf\1.1.122\lib\net462\Microsoft.Xaml.Behaviors.dll". [C:\Users\ultra\warewolf\Dev\Dev2.Infrastructure.Tests\Dev2.Infrastructure.Tests.csproj]
C:\Program Files\dotnet\sdk\10.0.201\Microsoft.Common.CurrentVersion.targets(2451,5): warning MSB3277:             C:\Users\ultra\.nuget\packages\microsoft.xaml.behaviors.wpf\1.1.122\lib\net462\Microsoft.Xaml.Behaviors.dll [C:\Users\ultra\warewolf\Dev\Dev2.Infrastructure.Tests\Dev2.Infrastructure.Tests.csproj]
C:\Program Files\dotnet\sdk\10.0.201\Microsoft.Common.CurrentVersion.targets(2451,5): warning MSB3277:             C:\Users\ultra\.nuget\packages\caliburn.micro\4.0.212\lib\netcoreapp3.1\Caliburn.Micro.Platform.dll [C:\Users\ultra\warewolf\Dev\Dev2.Infrastructure.Tests\Dev2.Infrastructure.Tests.csproj]
C:\Program Files\dotnet\sdk\10.0.201\Microsoft.Common.CurrentVersion.targets(2451,5): warning MSB3277:             C:\Users\ultra\.nuget\packages\prism.wpf\9.0.537\lib\net462\Prism.Wpf.dll [C:\Users\ultra\warewolf\Dev\Dev2.Infrastructure.Tests\Dev2.Infrastructure.Tests.csproj]
C:\Program Files\dotnet\sdk\10.0.201\Microsoft.Common.CurrentVersion.targets(2451,5): warning MSB3277:         C:\Users\ultra\.nuget\packages\prism.wpf\9.0.537\lib\net462\Prism.Wpf.dll [C:\Users\ultra\warewolf\Dev\Dev2.Infrastructure.Tests\Dev2.Infrastructure.Tests.csproj]
C:\Program Files\dotnet\sdk\10.0.201\Microsoft.Common.CurrentVersion.targets(2451,5): warning MSB3277:           Project file item includes which caused reference "C:\Users\ultra\.nuget\packages\prism.wpf\9.0.537\lib\net462\Prism.Wpf.dll". [C:\Users\ultra\warewolf\Dev\Dev2.Infrastructure.Tests\Dev2.Infrastructure.Tests.csproj]
C:\Program Files\dotnet\sdk\10.0.201\Microsoft.Common.CurrentVersion.targets(2451,5): warning MSB3277:             C:\Users\ultra\.nuget\packages\prism.wpf\9.0.537\lib\net462\Prism.Wpf.dll [C:\Users\ultra\warewolf\Dev\Dev2.Infrastructure.Tests\Dev2.Infrastructure.Tests.csproj]
C:\Program Files\dotnet\sdk\10.0.201\Microsoft.Common.CurrentVersion.targets(2451,5): warning MSB3277:         C:\Users\ultra\.nuget\packages\reactiveui.wpf\18.4.1\lib\net462\ReactiveUI.Wpf.dll [C:\Users\ultra\warewolf\Dev\Dev2.Infrastructure.Tests\Dev2.Infrastructure.Tests.csproj]
C:\Program Files\dotnet\sdk\10.0.201\Microsoft.Common.CurrentVersion.targets(2451,5): warning MSB3277:           Project file item includes which caused reference "C:\Users\ultra\.nuget\packages\reactiveui.wpf\18.4.1\lib\net462\ReactiveUI.Wpf.dll". [C:\Users\ultra\warewolf\Dev\Dev2.Infrastructure.Tests\Dev2.Infrastructure.Tests.csproj]
C:\Program Files\dotnet\sdk\10.0.201\Microsoft.Common.CurrentVersion.targets(2451,5): warning MSB3277:             C:\Users\ultra\.nuget\packages\reactiveui.wpf\18.4.1\lib\net462\ReactiveUI.Wpf.dll [C:\Users\ultra\warewolf\Dev\Dev2.Infrastructure.Tests\Dev2.Infrastructure.Tests.csproj]
C:\Users\ultra\warewolf\Dev\Warewolf.UnitTestAttributes\Depends.cs(587,5): warning SYSLIB0014: 'WebClient.WebClient()' is obsolete: 'WebRequest, HttpWebRequest, ServicePoint, and WebClient are obsolete. Use HttpClient instead.' (https://aka.ms/dotnet-warnings/SYSLIB0014) [C:\Users\ultra\warewolf\Dev\Dev2.Infrastructure.Tests\Dev2.Infrastructure.Tests.csproj]
C:\Users\ultra\warewolf\Dev\Warewolf.UnitTestAttributes\Depends.cs(309,33): warning SYSLIB0014: 'WebClient.WebClient()' is obsolete: 'WebRequest, HttpWebRequest, ServicePoint, and WebClient are obsolete. Use HttpClient instead.' (https://aka.ms/dotnet-warnings/SYSLIB0014) [C:\Users\ultra\warewolf\Dev\Dev2.Infrastructure.Tests\Dev2.Infrastructure.Tests.csproj]
C:\Users\ultra\warewolf\Dev\Warewolf.UnitTestAttributes\Depends.cs(523,30): warning SYSLIB0014: 'WebClient.WebClient()' is obsolete: 'WebRequest, HttpWebRequest, ServicePoint, and WebClient are obsolete. Use HttpClient instead.' (https://aka.ms/dotnet-warnings/SYSLIB0014) [C:\Users\ultra\warewolf\Dev\Dev2.Infrastructure.Tests\Dev2.Infrastructure.Tests.csproj]
C:\Users\ultra\warewolf\Dev\Dev2.Infrastructure.Tests\MoqInstallerActions\IntallerActionsForDevelopmentTest.cs(57,31): warning CA1416: This call site is reachable on all platforms. 'WindowsIdentity.GetCurrent(bool)' is only supported on: 'windows'. (https://learn.microsoft.com/dotnet/fundamentals/code-analysis/quality-rules/ca1416) [C:\Users\ultra\warewolf\Dev\Dev2.Infrastructure.Tests\Dev2.Infrastructure.Tests.csproj]
C:\Users\ultra\warewolf\Dev\Dev2.Infrastructure.Tests\MoqInstallerActions\IntallerActionsForDevelopmentTest.cs(40,57): warning CA1416: This call site is reachable on all platforms. 'WindowsIdentity.Name' is only supported on: 'windows'. (https://learn.microsoft.com/dotnet/fundamentals/code-analysis/quality-rules/ca1416) [C:\Users\ultra\warewolf\Dev\Dev2.Infrastructure.Tests\Dev2.Infrastructure.Tests.csproj]
C:\Users\ultra\warewolf\Dev\Dev2.Infrastructure.Tests\MoqInstallerActions\IntallerActionsForDevelopmentTest.cs(67,57): warning CA1416: This call site is reachable on all platforms. 'WindowsIdentity.Name' is only supported on: 'windows'. (https://learn.microsoft.com/dotnet/fundamentals/code-analysis/quality-rules/ca1416) [C:\Users\ultra\warewolf\Dev\Dev2.Infrastructure.Tests\Dev2.Infrastructure.Tests.csproj]
C:\Users\ultra\warewolf\Dev\Dev2.Infrastructure.Tests\MoqInstallerActions\IntallerActionsForDevelopmentTest.cs(30,31): warning CA1416: This call site is reachable on all platforms. 'WindowsIdentity.GetCurrent(bool)' is only supported on: 'windows'. (https://learn.microsoft.com/dotnet/fundamentals/code-analysis/quality-rules/ca1416) [C:\Users\ultra\warewolf\Dev\Dev2.Infrastructure.Tests\Dev2.Infrastructure.Tests.csproj]
C:\Users\ultra\warewolf\Dev\Warewolf.UnitTestAttributes\Depends.cs(587,5): warning SYSLIB0014: 'WebClient.WebClient()' is obsolete: 'WebRequest, HttpWebRequest, ServicePoint, and WebClient are obsolete. Use HttpClient instead.' (https://aka.ms/dotnet-warnings/SYSLIB0014) [C:\Users\ultra\warewolf\Dev\Dev2.Infrastructure.Tests\Dev2.Infrastructure.Tests.csproj]
C:\Users\ultra\warewolf\Dev\Warewolf.UnitTestAttributes\Depends.cs(309,33): warning SYSLIB0014: 'WebClient.WebClient()' is obsolete: 'WebRequest, HttpWebRequest, ServicePoint, and WebClient are obsolete. Use HttpClient instead.' (https://aka.ms/dotnet-warnings/SYSLIB0014) [C:\Users\ultra\warewolf\Dev\Dev2.Infrastructure.Tests\Dev2.Infrastructure.Tests.csproj]
C:\Users\ultra\warewolf\Dev\Warewolf.UnitTestAttributes\Depends.cs(523,30): warning SYSLIB0014: 'WebClient.WebClient()' is obsolete: 'WebRequest, HttpWebRequest, ServicePoint, and WebClient are obsolete. Use HttpClient instead.' (https://aka.ms/dotnet-warnings/SYSLIB0014) [C:\Users\ultra\warewolf\Dev\Dev2.Infrastructure.Tests\Dev2.Infrastructure.Tests.csproj]
C:\Users\ultra\warewolf\Dev\Dev2.Infrastructure.Tests\MoqInstallerActions\IntallerActionsForDevelopmentTest.cs(67,57): warning CA1416: This call site is reachable on all platforms. 'WindowsIdentity.Name' is only supported on: 'windows'. (https://learn.microsoft.com/dotnet/fundamentals/code-analysis/quality-rules/ca1416) [C:\Users\ultra\warewolf\Dev\Dev2.Infrastructure.Tests\Dev2.Infrastructure.Tests.csproj]
C:\Users\ultra\warewolf\Dev\Dev2.Infrastructure.Tests\MoqInstallerActions\IntallerActionsForDevelopmentTest.cs(40,57): warning CA1416: This call site is reachable on all platforms. 'WindowsIdentity.Name' is only supported on: 'windows'. (https://learn.microsoft.com/dotnet/fundamentals/code-analysis/quality-rules/ca1416) [C:\Users\ultra\warewolf\Dev\Dev2.Infrastructure.Tests\Dev2.Infrastructure.Tests.csproj]
C:\Users\ultra\warewolf\Dev\Dev2.Infrastructure.Tests\MoqInstallerActions\IntallerActionsForDevelopmentTest.cs(30,31): warning CA1416: This call site is reachable on all platforms. 'WindowsIdentity.GetCurrent(bool)' is only supported on: 'windows'. (https://learn.microsoft.com/dotnet/fundamentals/code-analysis/quality-rules/ca1416) [C:\Users\ultra\warewolf\Dev\Dev2.Infrastructure.Tests\Dev2.Infrastructure.Tests.csproj]
C:\Users\ultra\warewolf\Dev\Dev2.Infrastructure.Tests\MoqInstallerActions\IntallerActionsForDevelopmentTest.cs(57,31): warning CA1416: This call site is reachable on all platforms. 'WindowsIdentity.GetCurrent(bool)' is only supported on: 'windows'. (https://learn.microsoft.com/dotnet/fundamentals/code-analysis/quality-rules/ca1416) [C:\Users\ultra\warewolf\Dev\Dev2.Infrastructure.Tests\Dev2.Infrastructure.Tests.csproj]
C:\Program Files\dotnet\sdk\10.0.201\Sdks\Microsoft.NET.Sdk\targets\Microsoft.NET.Sdk.targets(308,5): warning NETSDK1206: Found version-specific or distribution-specific runtime identifier(s): win10-x64, win10-x86, win7-x64, win7-x86, win8-x64, win8-x86, win81-x64, win81-x86. Affected libraries: Microsoft.Management.Infrastructure.Runtime.Win, SQLite. In .NET 8.0 and higher, assets for version-specific and distribution-specific runtime identifiers will not be found by default. See https://aka.ms/dotnet/rid-usage for details. [C:\Users\ultra\warewolf\Dev\Dev2.Infrastructure.Tests\Dev2.Infrastructure.Tests.csproj]
  Dev2.Infrastructure.Tests -> C:\Users\ultra\warewolf\Dev\Dev2.Infrastructure.Tests\bin\Debug\net8.0\Dev2.Infrastructure.Tests.dll
C:\Program Files\dotnet\sdk\10.0.201\Microsoft.Common.CurrentVersion.targets(2451,5): warning MSB3277: Found conflicts between different versions of "WindowsBase" that could not be resolved. [C:\Users\ultra\warewolf\Dev\Dev2.Common.Tests\Dev2.Common.Tests.csproj]
C:\Program Files\dotnet\sdk\10.0.201\Microsoft.Common.CurrentVersion.targets(2451,5): warning MSB3277: There was a conflict between "WindowsBase, Version=4.0.0.0, Culture=neutral, PublicKeyToken=31bf3856ad364e35" and "WindowsBase, Version=6.0.2.0, Culture=neutral, PublicKeyToken=31bf3856ad364e35". [C:\Users\ultra\warewolf\Dev\Dev2.Common.Tests\Dev2.Common.Tests.csproj]
C:\Program Files\dotnet\sdk\10.0.201\Microsoft.Common.CurrentVersion.targets(2451,5): warning MSB3277:     "WindowsBase, Version=4.0.0.0, Culture=neutral, PublicKeyToken=31bf3856ad364e35" was chosen because it was primary and "WindowsBase, Version=6.0.2.0, Culture=neutral, PublicKeyToken=31bf3856ad364e35" was not. [C:\Users\ultra\warewolf\Dev\Dev2.Common.Tests\Dev2.Common.Tests.csproj]
C:\Program Files\dotnet\sdk\10.0.201\Microsoft.Common.CurrentVersion.targets(2451,5): warning MSB3277:     References which depend on "WindowsBase, Version=4.0.0.0, Culture=neutral, PublicKeyToken=31bf3856ad364e35" [C:\Program Files\dotnet\packs\Microsoft.NETCore.App.Ref\8.0.25\ref\net8.0\WindowsBase.dll]. [C:\Users\ultra\warewolf\Dev\Dev2.Common.Tests\Dev2.Common.Tests.csproj]
C:\Program Files\dotnet\sdk\10.0.201\Microsoft.Common.CurrentVersion.targets(2451,5): warning MSB3277:         C:\Program Files\dotnet\packs\Microsoft.NETCore.App.Ref\8.0.25\ref\net8.0\WindowsBase.dll [C:\Users\ultra\warewolf\Dev\Dev2.Common.Tests\Dev2.Common.Tests.csproj]
C:\Program Files\dotnet\sdk\10.0.201\Microsoft.Common.CurrentVersion.targets(2451,5): warning MSB3277:           Project file item includes which caused reference "C:\Program Files\dotnet\packs\Microsoft.NETCore.App.Ref\8.0.25\ref\net8.0\WindowsBase.dll". [C:\Users\ultra\warewolf\Dev\Dev2.Common.Tests\Dev2.Common.Tests.csproj]
C:\Program Files\dotnet\sdk\10.0.201\Microsoft.Common.CurrentVersion.targets(2451,5): warning MSB3277:             C:\Program Files\dotnet\packs\Microsoft.NETCore.App.Ref\8.0.25\ref/net8.0/WindowsBase.dll [C:\Users\ultra\warewolf\Dev\Dev2.Common.Tests\Dev2.Common.Tests.csproj]
C:\Program Files\dotnet\sdk\10.0.201\Microsoft.Common.CurrentVersion.targets(2451,5): warning MSB3277:     References which depend on or have been unified to "WindowsBase, Version=6.0.2.0, Culture=neutral, PublicKeyToken=31bf3856ad364e35" []. [C:\Users\ultra\warewolf\Dev\Dev2.Common.Tests\Dev2.Common.Tests.csproj]
C:\Program Files\dotnet\sdk\10.0.201\Microsoft.Common.CurrentVersion.targets(2451,5): warning MSB3277:         C:\Users\ultra\.nuget\packages\caliburn.micro\4.0.212\lib\netcoreapp3.1\Caliburn.Micro.Platform.dll [C:\Users\ultra\warewolf\Dev\Dev2.Common.Tests\Dev2.Common.Tests.csproj]
C:\Program Files\dotnet\sdk\10.0.201\Microsoft.Common.CurrentVersion.targets(2451,5): warning MSB3277:           Project file item includes which caused reference "C:\Users\ultra\.nuget\packages\caliburn.micro\4.0.212\lib\netcoreapp3.1\Caliburn.Micro.Platform.dll". [C:\Users\ultra\warewolf\Dev\Dev2.Common.Tests\Dev2.Common.Tests.csproj]
C:\Program Files\dotnet\sdk\10.0.201\Microsoft.Common.CurrentVersion.targets(2451,5): warning MSB3277:             C:\Users\ultra\.nuget\packages\caliburn.micro\4.0.212\lib\netcoreapp3.1\Caliburn.Micro.Platform.dll [C:\Users\ultra\warewolf\Dev\Dev2.Common.Tests\Dev2.Common.Tests.csproj]
C:\Program Files\dotnet\sdk\10.0.201\Microsoft.Common.CurrentVersion.targets(2451,5): warning MSB3277:         C:\Users\ultra\.nuget\packages\ironpython\3.4.0\lib\net6.0\IronPython.Wpf.dll [C:\Users\ultra\warewolf\Dev\Dev2.Common.Tests\Dev2.Common.Tests.csproj]
C:\Program Files\dotnet\sdk\10.0.201\Microsoft.Common.CurrentVersion.targets(2451,5): warning MSB3277:           Project file item includes which caused reference "C:\Users\ultra\.nuget\packages\ironpython\3.4.0\lib\net6.0\IronPython.Wpf.dll". [C:\Users\ultra\warewolf\Dev\Dev2.Common.Tests\Dev2.Common.Tests.csproj]
C:\Program Files\dotnet\sdk\10.0.201\Microsoft.Common.CurrentVersion.targets(2451,5): warning MSB3277:             C:\Users\ultra\.nuget\packages\ironpython\3.4.0\lib\net6.0\IronPython.Wpf.dll [C:\Users\ultra\warewolf\Dev\Dev2.Common.Tests\Dev2.Common.Tests.csproj]
C:\Program Files\dotnet\sdk\10.0.201\Microsoft.Common.CurrentVersion.targets(2451,5): warning MSB3277:         C:\Users\ultra\.nuget\packages\microsoft.xaml.behaviors.wpf\1.1.122\lib\net462\Microsoft.Xaml.Behaviors.dll [C:\Users\ultra\warewolf\Dev\Dev2.Common.Tests\Dev2.Common.Tests.csproj]
C:\Program Files\dotnet\sdk\10.0.201\Microsoft.Common.CurrentVersion.targets(2451,5): warning MSB3277:           Project file item includes which caused reference "C:\Users\ultra\.nuget\packages\microsoft.xaml.behaviors.wpf\1.1.122\lib\net462\Microsoft.Xaml.Behaviors.dll". [C:\Users\ultra\warewolf\Dev\Dev2.Common.Tests\Dev2.Common.Tests.csproj]
C:\Program Files\dotnet\sdk\10.0.201\Microsoft.Common.CurrentVersion.targets(2451,5): warning MSB3277:             C:\Users\ultra\.nuget\packages\microsoft.xaml.behaviors.wpf\1.1.122\lib\net462\Microsoft.Xaml.Behaviors.dll [C:\Users\ultra\warewolf\Dev\Dev2.Common.Tests\Dev2.Common.Tests.csproj]
C:\Program Files\dotnet\sdk\10.0.201\Microsoft.Common.CurrentVersion.targets(2451,5): warning MSB3277:             C:\Users\ultra\.nuget\packages\caliburn.micro\4.0.212\lib\netcoreapp3.1\Caliburn.Micro.Platform.dll [C:\Users\ultra\warewolf\Dev\Dev2.Common.Tests\Dev2.Common.Tests.csproj]
C:\Program Files\dotnet\sdk\10.0.201\Microsoft.Common.CurrentVersion.targets(2451,5): warning MSB3277:             C:\Users\ultra\.nuget\packages\prism.wpf\9.0.537\lib\net462\Prism.Wpf.dll [C:\Users\ultra\warewolf\Dev\Dev2.Common.Tests\Dev2.Common.Tests.csproj]
C:\Program Files\dotnet\sdk\10.0.201\Microsoft.Common.CurrentVersion.targets(2451,5): warning MSB3277:         C:\Users\ultra\.nuget\packages\prism.wpf\9.0.537\lib\net462\Prism.Wpf.dll [C:\Users\ultra\warewolf\Dev\Dev2.Common.Tests\Dev2.Common.Tests.csproj]
C:\Program Files\dotnet\sdk\10.0.201\Microsoft.Common.CurrentVersion.targets(2451,5): warning MSB3277:           Project file item includes which caused reference "C:\Users\ultra\.nuget\packages\prism.wpf\9.0.537\lib\net462\Prism.Wpf.dll". [C:\Users\ultra\warewolf\Dev\Dev2.Common.Tests\Dev2.Common.Tests.csproj]
C:\Program Files\dotnet\sdk\10.0.201\Microsoft.Common.CurrentVersion.targets(2451,5): warning MSB3277:             C:\Users\ultra\.nuget\packages\prism.wpf\9.0.537\lib\net462\Prism.Wpf.dll [C:\Users\ultra\warewolf\Dev\Dev2.Common.Tests\Dev2.Common.Tests.csproj]
C:\Program Files\dotnet\sdk\10.0.201\Microsoft.Common.CurrentVersion.targets(2451,5): warning MSB3277:         C:\Users\ultra\.nuget\packages\reactiveui.wpf\18.4.1\lib\net462\ReactiveUI.Wpf.dll [C:\Users\ultra\warewolf\Dev\Dev2.Common.Tests\Dev2.Common.Tests.csproj]
C:\Program Files\dotnet\sdk\10.0.201\Microsoft.Common.CurrentVersion.targets(2451,5): warning MSB3277:           Project file item includes which caused reference "C:\Users\ultra\.nuget\packages\reactiveui.wpf\18.4.1\lib\net462\ReactiveUI.Wpf.dll". [C:\Users\ultra\warewolf\Dev\Dev2.Common.Tests\Dev2.Common.Tests.csproj]
C:\Program Files\dotnet\sdk\10.0.201\Microsoft.Common.CurrentVersion.targets(2451,5): warning MSB3277:             C:\Users\ultra\.nuget\packages\reactiveui.wpf\18.4.1\lib\net462\ReactiveUI.Wpf.dll [C:\Users\ultra\warewolf\Dev\Dev2.Common.Tests\Dev2.Common.Tests.csproj]
C:\Program Files\dotnet\sdk\10.0.201\Microsoft.Common.CurrentVersion.targets(2451,5): warning MSB3277: Found conflicts between different versions of "System.Drawing.Common" that could not be resolved. [C:\Users\ultra\warewolf\Dev\Dev2.Common.Tests\Dev2.Common.Tests.csproj]
C:\Program Files\dotnet\sdk\10.0.201\Microsoft.Common.CurrentVersion.targets(2451,5): warning MSB3277: There was a conflict between "System.Drawing.Common, Version=6.0.0.0, Culture=neutral, PublicKeyToken=cc7b13ffcd2ddd51" and "System.Drawing.Common, Version=8.0.0.0, Culture=neutral, PublicKeyToken=cc7b13ffcd2ddd51". [C:\Users\ultra\warewolf\Dev\Dev2.Common.Tests\Dev2.Common.Tests.csproj]
C:\Program Files\dotnet\sdk\10.0.201\Microsoft.Common.CurrentVersion.targets(2451,5): warning MSB3277:     "System.Drawing.Common, Version=6.0.0.0, Culture=neutral, PublicKeyToken=cc7b13ffcd2ddd51" was chosen because it was primary and "System.Drawing.Common, Version=8.0.0.0, Culture=neutral, PublicKeyToken=cc7b13ffcd2ddd51" was not. [C:\Users\ultra\warewolf\Dev\Dev2.Common.Tests\Dev2.Common.Tests.csproj]
C:\Program Files\dotnet\sdk\10.0.201\Microsoft.Common.CurrentVersion.targets(2451,5): warning MSB3277:     References which depend on "System.Drawing.Common, Version=6.0.0.0, Culture=neutral, PublicKeyToken=cc7b13ffcd2ddd51" [C:\Users\ultra\.nuget\packages\system.drawing.common\6.0.0\lib\net6.0\System.Drawing.Common.dll]. [C:\Users\ultra\warewolf\Dev\Dev2.Common.Tests\Dev2.Common.Tests.csproj]
C:\Program Files\dotnet\sdk\10.0.201\Microsoft.Common.CurrentVersion.targets(2451,5): warning MSB3277:         C:\Users\ultra\.nuget\packages\system.drawing.common\6.0.0\lib\net6.0\System.Drawing.Common.dll [C:\Users\ultra\warewolf\Dev\Dev2.Common.Tests\Dev2.Common.Tests.csproj]
C:\Program Files\dotnet\sdk\10.0.201\Microsoft.Common.CurrentVersion.targets(2451,5): warning MSB3277:           Project file item includes which caused reference "C:\Users\ultra\.nuget\packages\system.drawing.common\6.0.0\lib\net6.0\System.Drawing.Common.dll". [C:\Users\ultra\warewolf\Dev\Dev2.Common.Tests\Dev2.Common.Tests.csproj]
C:\Program Files\dotnet\sdk\10.0.201\Microsoft.Common.CurrentVersion.targets(2451,5): warning MSB3277:             C:\Users\ultra\.nuget\packages\system.drawing.common\6.0.0\lib\net6.0\System.Drawing.Common.dll [C:\Users\ultra\warewolf\Dev\Dev2.Common.Tests\Dev2.Common.Tests.csproj]
C:\Program Files\dotnet\sdk\10.0.201\Microsoft.Common.CurrentVersion.targets(2451,5): warning MSB3277:     References which depend on or have been unified to "System.Drawing.Common, Version=8.0.0.0, Culture=neutral, PublicKeyToken=cc7b13ffcd2ddd51" []. [C:\Users\ultra\warewolf\Dev\Dev2.Common.Tests\Dev2.Common.Tests.csproj]
C:\Program Files\dotnet\sdk\10.0.201\Microsoft.Common.CurrentVersion.targets(2451,5): warning MSB3277:         C:\Users\ultra\.nuget\packages\servicestack\6.3.0\lib\net6.0\ServiceStack.dll [C:\Users\ultra\warewolf\Dev\Dev2.Common.Tests\Dev2.Common.Tests.csproj]
C:\Program Files\dotnet\sdk\10.0.201\Microsoft.Common.CurrentVersion.targets(2451,5): warning MSB3277:           Project file item includes which caused reference "C:\Users\ultra\.nuget\packages\servicestack\6.3.0\lib\net6.0\ServiceStack.dll". [C:\Users\ultra\warewolf\Dev\Dev2.Common.Tests\Dev2.Common.Tests.csproj]
C:\Program Files\dotnet\sdk\10.0.201\Microsoft.Common.CurrentVersion.targets(2451,5): warning MSB3277:             C:\Users\ultra\.nuget\packages\servicestack\6.3.0\lib\net6.0\ServiceStack.dll [C:\Users\ultra\warewolf\Dev\Dev2.Common.Tests\Dev2.Common.Tests.csproj]
C:\Program Files\dotnet\sdk\10.0.201\Microsoft.Common.CurrentVersion.targets(2451,5): warning MSB3277:         C:\Users\ultra\.nuget\packages\system.windows.extensions\8.0.0\lib\net8.0\System.Windows.Extensions.dll [C:\Users\ultra\warewolf\Dev\Dev2.Common.Tests\Dev2.Common.Tests.csproj]
C:\Program Files\dotnet\sdk\10.0.201\Microsoft.Common.CurrentVersion.targets(2451,5): warning MSB3277:           Project file item includes which caused reference "C:\Users\ultra\.nuget\packages\system.windows.extensions\8.0.0\lib\net8.0\System.Windows.Extensions.dll". [C:\Users\ultra\warewolf\Dev\Dev2.Common.Tests\Dev2.Common.Tests.csproj]
C:\Program Files\dotnet\sdk\10.0.201\Microsoft.Common.CurrentVersion.targets(2451,5): warning MSB3277:             C:\Users\ultra\.nuget\packages\system.windows.extensions\8.0.0\lib\net8.0\System.Windows.Extensions.dll [C:\Users\ultra\warewolf\Dev\Dev2.Common.Tests\Dev2.Common.Tests.csproj]
C:\Program Files\dotnet\sdk\10.0.201\Microsoft.Common.CurrentVersion.targets(2451,5): warning MSB3277:             C:\Users\ultra\.nuget\packages\system.security.permissions\8.0.0\lib\net8.0\System.Security.Permissions.dll [C:\Users\ultra\warewolf\Dev\Dev2.Common.Tests\Dev2.Common.Tests.csproj]
C:\Program Files\dotnet\sdk\10.0.201\Microsoft.Common.CurrentVersion.targets(2451,5): warning MSB3277:             C:\Users\ultra\warewolf\Dev\Dev2.Data\bin\Debug\net8.0\Dev2.Data.dll [C:\Users\ultra\warewolf\Dev\Dev2.Common.Tests\Dev2.Common.Tests.csproj]
C:\Program Files\dotnet\sdk\10.0.201\Microsoft.Common.CurrentVersion.targets(2451,5): warning MSB3277:             C:\Users\ultra\warewolf\Dev\Dev2.Activities\bin\Debug\net8.0\Dev2.Activities.dll [C:\Users\ultra\warewolf\Dev\Dev2.Common.Tests\Dev2.Common.Tests.csproj]
C:\Program Files\dotnet\sdk\10.0.201\Microsoft.Common.CurrentVersion.targets(2451,5): warning MSB3277:             C:\Users\ultra\warewolf\Dev\Dev2.Infrastructure.Tests\bin\Debug\net8.0\Dev2.Infrastructure.Tests.dll [C:\Users\ultra\warewolf\Dev\Dev2.Common.Tests\Dev2.Common.Tests.csproj]
C:\Program Files\dotnet\sdk\10.0.201\Microsoft.Common.CurrentVersion.targets(2451,5): warning MSB3277:             C:\Users\ultra\warewolf\Dev\Dev2.Runtime.Services\bin\Debug\net8.0\Dev2.Runtime.Services.dll [C:\Users\ultra\warewolf\Dev\Dev2.Common.Tests\Dev2.Common.Tests.csproj]
C:\Program Files\dotnet\sdk\10.0.201\Microsoft.Common.CurrentVersion.targets(2451,5): warning MSB3277:             C:\Users\ultra\warewolf\Dev\Dev2.Studio.Core\bin\Debug\net8.0\Dev2.Studio.Core.dll [C:\Users\ultra\warewolf\Dev\Dev2.Common.Tests\Dev2.Common.Tests.csproj]
C:\Program Files\dotnet\sdk\10.0.201\Microsoft.Common.CurrentVersion.targets(2451,5): warning MSB3277:             C:\Users\ultra\warewolf\Dev\Dev2.Core\bin\Debug\net8.0\Dev2.Core.dll [C:\Users\ultra\warewolf\Dev\Dev2.Common.Tests\Dev2.Common.Tests.csproj]
C:\Program Files\dotnet\sdk\10.0.201\Microsoft.Common.CurrentVersion.targets(2451,5): warning MSB3277:             C:\Users\ultra\warewolf\Dev\Dev2.Runtime\bin\Debug\net8.0\Dev2.Runtime.dll [C:\Users\ultra\warewolf\Dev\Dev2.Common.Tests\Dev2.Common.Tests.csproj]
C:\Program Files\dotnet\sdk\10.0.201\Microsoft.Common.CurrentVersion.targets(2451,5): warning MSB3277:             C:\Users\ultra\warewolf\Dev\Dev2.Runtime.WebServer\bin\Debug\net8.0\Dev2.Runtime.WebServer.dll [C:\Users\ultra\warewolf\Dev\Dev2.Common.Tests\Dev2.Common.Tests.csproj]
C:\Program Files\dotnet\sdk\10.0.201\Microsoft.Common.CurrentVersion.targets(2451,5): warning MSB3277:             C:\Users\ultra\warewolf\Dev\Dev2.Scheduler\bin\Debug\net8.0\Dev2.Scheduler.dll [C:\Users\ultra\warewolf\Dev\Dev2.Common.Tests\Dev2.Common.Tests.csproj]
C:\Program Files\dotnet\sdk\10.0.201\Microsoft.Common.CurrentVersion.targets(2451,5): warning MSB3277:             C:\Users\ultra\warewolf\Dev\Dev2.Services.Execution\bin\Debug\net8.0\Dev2.Services.Execution.dll [C:\Users\ultra\warewolf\Dev\Dev2.Common.Tests\Dev2.Common.Tests.csproj]
C:\Program Files\dotnet\sdk\10.0.201\Microsoft.Common.CurrentVersion.targets(2451,5): warning MSB3277:             C:\Users\ultra\warewolf\Dev\Dev2.Studio.Interfaces\bin\Debug\net8.0\Dev2.Studio.Interfaces.dll [C:\Users\ultra\warewolf\Dev\Dev2.Common.Tests\Dev2.Common.Tests.csproj]
C:\Program Files\dotnet\sdk\10.0.201\Microsoft.Common.CurrentVersion.targets(2451,5): warning MSB3277:             C:\Users\ultra\warewolf\Dev\Warewolf.Auditing\bin\Debug\net8.0\Warewolf.Auditing.dll [C:\Users\ultra\warewolf\Dev\Dev2.Common.Tests\Dev2.Common.Tests.csproj]
C:\Program Files\dotnet\sdk\10.0.201\Microsoft.Common.CurrentVersion.targets(2451,5): warning MSB3277:             C:\Users\ultra\warewolf\Dev\Warewolf.Common.Framework48\bin\Debug\net8.0\Warewolf.Common.Framework48.dll [C:\Users\ultra\warewolf\Dev\Dev2.Common.Tests\Dev2.Common.Tests.csproj]
C:\Program Files\dotnet\sdk\10.0.201\Microsoft.Common.CurrentVersion.targets(2451,5): warning MSB3277:             C:\Users\ultra\warewolf\Dev\Warewolf.Common.NetStandard20\bin\Debug\net8.0\Warewolf.Common.NetStandard20.dll [C:\Users\ultra\warewolf\Dev\Dev2.Common.Tests\Dev2.Common.Tests.csproj]
C:\Program Files\dotnet\sdk\10.0.201\Microsoft.Common.CurrentVersion.targets(2451,5): warning MSB3277:             C:\Users\ultra\warewolf\Dev\Warewolf.Core\bin\Debug\net8.0\Warewolf.Core.dll [C:\Users\ultra\warewolf\Dev\Dev2.Common.Tests\Dev2.Common.Tests.csproj]
C:\Program Files\dotnet\sdk\10.0.201\Microsoft.Common.CurrentVersion.targets(2451,5): warning MSB3277:             C:\Users\ultra\warewolf\Dev\Warewolf.Driver.Persistence\bin\Debug\net8.0\Warewolf.Driver.Persistence.dll [C:\Users\ultra\warewolf\Dev\Dev2.Common.Tests\Dev2.Common.Tests.csproj]
C:\Program Files\dotnet\sdk\10.0.201\Microsoft.Common.CurrentVersion.targets(2451,5): warning MSB3277:             C:\Users\ultra\warewolf\Dev\Warewolf.Exchange.Email.Wrapper\bin\Debug\net8.0\Warewolf.Exchange.Email.Wrapper.dll [C:\Users\ultra\warewolf\Dev\Dev2.Common.Tests\Dev2.Common.Tests.csproj]
C:\Program Files\dotnet\sdk\10.0.201\Microsoft.Common.CurrentVersion.targets(2451,5): warning MSB3277:             C:\Users\ultra\warewolf\Dev\Warewolf.ResourceManagement\bin\Debug\net8.0\Warewolf.ResourceManagement.dll [C:\Users\ultra\warewolf\Dev\Dev2.Common.Tests\Dev2.Common.Tests.csproj]
C:\Program Files\dotnet\sdk\10.0.201\Microsoft.Common.CurrentVersion.targets(2451,5): warning MSB3277:             C:\Users\ultra\warewolf\Dev\Warewolf.Studio.Core\bin\Debug\net8.0\Warewolf.Studio.Core.dll [C:\Users\ultra\warewolf\Dev\Dev2.Common.Tests\Dev2.Common.Tests.csproj]
C:\Program Files\dotnet\sdk\10.0.201\Microsoft.Common.CurrentVersion.targets(2451,5): warning MSB3277:             C:\Users\ultra\warewolf\Dev\Warewolf.Testing\bin\Debug\net8.0\Warewolf.Testing.dll [C:\Users\ultra\warewolf\Dev\Dev2.Common.Tests\Dev2.Common.Tests.csproj]
C:\Program Files\dotnet\sdk\10.0.201\Microsoft.Common.CurrentVersion.targets(2451,5): warning MSB3277:             C:\Users\ultra\.nuget\packages\dotnetzip\1.16.0\lib\netstandard2.0\DotNetZip.dll [C:\Users\ultra\warewolf\Dev\Dev2.Common.Tests\Dev2.Common.Tests.csproj]
C:\Program Files\dotnet\sdk\10.0.201\Microsoft.Common.CurrentVersion.targets(2451,5): warning MSB3277:             C:\Users\ultra\warewolf\Dev\Dev2.Common\bin\Debug\net8.0\Dev2.Common.dll [C:\Users\ultra\warewolf\Dev\Dev2.Common.Tests\Dev2.Common.Tests.csproj]
C:\Program Files\dotnet\sdk\10.0.201\Microsoft.Common.CurrentVersion.targets(2451,5): warning MSB3277:             C:\Users\ultra\warewolf\Dev\Dev2.Data.Interfaces\bin\Debug\net8.0\Dev2.Data.Interfaces.dll [C:\Users\ultra\warewolf\Dev\Dev2.Common.Tests\Dev2.Common.Tests.csproj]
C:\Program Files\dotnet\sdk\10.0.201\Microsoft.Common.CurrentVersion.targets(2451,5): warning MSB3277:             C:\Users\ultra\warewolf\Dev\Dev2.Diagnostics\bin\Debug\net8.0\Dev2.Diagnostics.dll [C:\Users\ultra\warewolf\Dev\Dev2.Common.Tests\Dev2.Common.Tests.csproj]
C:\Program Files\dotnet\sdk\10.0.201\Microsoft.Common.CurrentVersion.targets(2451,5): warning MSB3277:             C:\Users\ultra\warewolf\Dev\Dev2.Infrastructure\bin\Debug\net8.0\Dev2.Infrastructure.dll [C:\Users\ultra\warewolf\Dev\Dev2.Common.Tests\Dev2.Common.Tests.csproj]
C:\Program Files\dotnet\sdk\10.0.201\Microsoft.Common.CurrentVersion.targets(2451,5): warning MSB3277:             C:\Users\ultra\warewolf\Dev\Dev2.Development.Languages\bin\Debug\net8.0\Dev2.Development.Languages.dll [C:\Users\ultra\warewolf\Dev\Dev2.Common.Tests\Dev2.Common.Tests.csproj]
C:\Program Files\dotnet\sdk\10.0.201\Microsoft.Common.CurrentVersion.targets(2451,5): warning MSB3277:             C:\Users\ultra\warewolf\Dev\Dev2.Services.Sql\bin\Debug\net8.0\Dev2.Services.Sql.dll [C:\Users\ultra\warewolf\Dev\Dev2.Common.Tests\Dev2.Common.Tests.csproj]
C:\Program Files\dotnet\sdk\10.0.201\Microsoft.Common.CurrentVersion.targets(2451,5): warning MSB3277:             C:\Users\ultra\warewolf\Dev\Dev2.TaskScheduler.Wrappers\bin\Debug\net8.0\Dev2.TaskScheduler.Wrappers.dll [C:\Users\ultra\warewolf\Dev\Dev2.Common.Tests\Dev2.Common.Tests.csproj]
C:\Program Files\dotnet\sdk\10.0.201\Microsoft.Common.CurrentVersion.targets(2451,5): warning MSB3277:             C:\Users\ultra\warewolf\Dev\Dev2.Util\bin\Debug\net8.0\Dev2.Util.dll [C:\Users\ultra\warewolf\Dev\Dev2.Common.Tests\Dev2.Common.Tests.csproj]
C:\Program Files\dotnet\sdk\10.0.201\Microsoft.Common.CurrentVersion.targets(2451,5): warning MSB3277:             C:\Users\ultra\warewolf\Dev\Warewolf.AI.Harness\bin\Debug\net8.0\Warewolf.AI.Harness.dll [C:\Users\ultra\warewolf\Dev\Dev2.Common.Tests\Dev2.Common.Tests.csproj]
C:\Program Files\dotnet\sdk\10.0.201\Microsoft.Common.CurrentVersion.targets(2451,5): warning MSB3277:             C:\Users\ultra\warewolf\Dev\Warewolf.Driver.Serilog\bin\Debug\net8.0\Warewolf.Driver.Serilog.dll [C:\Users\ultra\warewolf\Dev\Dev2.Common.Tests\Dev2.Common.Tests.csproj]
C:\Program Files\dotnet\sdk\10.0.201\Microsoft.Common.CurrentVersion.targets(2451,5): warning MSB3277:             C:\Users\ultra\warewolf\Dev\Warewolf.Sharepoint\bin\Debug\net8.0\Warewolf.Sharepoint.dll [C:\Users\ultra\warewolf\Dev\Dev2.Common.Tests\Dev2.Common.Tests.csproj]
C:\Program Files\dotnet\sdk\10.0.201\Microsoft.Common.CurrentVersion.targets(2451,5): warning MSB3277:             C:\Users\ultra\warewolf\Dev\Warewolf.Storage\bin\Debug\net8.0\Warewolf.Storage.dll [C:\Users\ultra\warewolf\Dev\Dev2.Common.Tests\Dev2.Common.Tests.csproj]
C:\Program Files\dotnet\sdk\10.0.201\Microsoft.Common.CurrentVersion.targets(2451,5): warning MSB3277:             C:\Users\ultra\.nuget\packages\mindbox.data.linq\5.0.0\lib\netstandard2.0\Mindbox.Data.Linq.dll [C:\Users\ultra\warewolf\Dev\Dev2.Common.Tests\Dev2.Common.Tests.csproj]
C:\Program Files\dotnet\sdk\10.0.201\Microsoft.Common.CurrentVersion.targets(2451,5): warning MSB3277:             C:\Users\ultra\.nuget\packages\mysql.data\8.4.0\lib\net8.0\MySql.Data.dll [C:\Users\ultra\warewolf\Dev\Dev2.Common.Tests\Dev2.Common.Tests.csproj]
C:\Program Files\dotnet\sdk\10.0.201\Microsoft.Common.CurrentVersion.targets(2451,5): warning MSB3277:             C:\Users\ultra\.nuget\packages\oracle.manageddataaccess.core\3.21.70\lib\netstandard2.1\Oracle.ManagedDataAccess.dll [C:\Users\ultra\warewolf\Dev\Dev2.Common.Tests\Dev2.Common.Tests.csproj]
C:\Program Files\dotnet\sdk\10.0.201\Microsoft.Common.CurrentVersion.targets(2451,5): warning MSB3277:             C:\Users\ultra\.nuget\packages\system.directoryservices\6.0.0\lib\net6.0\System.DirectoryServices.dll [C:\Users\ultra\warewolf\Dev\Dev2.Common.Tests\Dev2.Common.Tests.csproj]
C:\Program Files\dotnet\sdk\10.0.201\Microsoft.Common.CurrentVersion.targets(2451,5): warning MSB3277:             C:\Users\ultra\.nuget\packages\corewcf.primitives\1.2.1\lib\netstandard2.0\CoreWCF.Primitives.dll [C:\Users\ultra\warewolf\Dev\Dev2.Common.Tests\Dev2.Common.Tests.csproj]
C:\Program Files\dotnet\sdk\10.0.201\Microsoft.Common.CurrentVersion.targets(2451,5): warning MSB3277:             C:\Users\ultra\.nuget\packages\corewcf.http\1.2.1\lib\netstandard2.0\CoreWCF.Http.dll [C:\Users\ultra\warewolf\Dev\Dev2.Common.Tests\Dev2.Common.Tests.csproj]
C:\Program Files\dotnet\sdk\10.0.201\Microsoft.Common.CurrentVersion.targets(2451,5): warning MSB3277:             C:\Users\ultra\.nuget\packages\corewcf.nettcp\1.2.1\lib\netstandard2.0\CoreWCF.NetTcp.dll [C:\Users\ultra\warewolf\Dev\Dev2.Common.Tests\Dev2.Common.Tests.csproj]
C:\Program Files\dotnet\sdk\10.0.201\Microsoft.Common.CurrentVersion.targets(2451,5): warning MSB3277:             C:\Users\ultra\.nuget\packages\corewcf.webhttp\1.2.1\lib\netstandard2.0\CoreWCF.WebHttp.dll [C:\Users\ultra\warewolf\Dev\Dev2.Common.Tests\Dev2.Common.Tests.csproj]
C:\Program Files\dotnet\sdk\10.0.201\Microsoft.Common.CurrentVersion.targets(2451,5): warning MSB3277:             C:\Program Files\dotnet\packs\Microsoft.NETCore.App.Ref\8.0.25\ref/net8.0/System.Configuration.dll [C:\Users\ultra\warewolf\Dev\Dev2.Common.Tests\Dev2.Common.Tests.csproj]
C:\Program Files\dotnet\sdk\10.0.201\Microsoft.Common.CurrentVersion.targets(2451,5): warning MSB3277:             C:\Users\ultra\.nuget\packages\prism.wpf\9.0.537\lib\net462\Prism.Wpf.dll [C:\Users\ultra\warewolf\Dev\Dev2.Common.Tests\Dev2.Common.Tests.csproj]
C:\Program Files\dotnet\sdk\10.0.201\Microsoft.Common.CurrentVersion.targets(2451,5): warning MSB3277:             C:\Program Files\dotnet\packs\Microsoft.NETCore.App.Ref\8.0.25\ref/net8.0/System.Data.dll [C:\Users\ultra\warewolf\Dev\Dev2.Common.Tests\Dev2.Common.Tests.csproj]
C:\Program Files\dotnet\sdk\10.0.201\Microsoft.Common.CurrentVersion.targets(2451,5): warning MSB3277:             C:\Users\ultra\.nuget\packages\taskschedulereditor\2.10.1\lib\net452\Microsoft.Win32.TaskSchedulerEditor.dll [C:\Users\ultra\warewolf\Dev\Dev2.Common.Tests\Dev2.Common.Tests.csproj]
C:\Program Files\dotnet\sdk\10.0.201\Microsoft.Common.CurrentVersion.targets(2451,5): warning MSB3277:             C:\Program Files\dotnet\packs\Microsoft.NETCore.App.Ref\8.0.25\ref/net8.0/System.Drawing.dll [C:\Users\ultra\warewolf\Dev\Dev2.Common.Tests\Dev2.Common.Tests.csproj]
C:\Program Files\dotnet\sdk\10.0.201\Microsoft.Common.CurrentVersion.targets(2451,5): warning MSB3277:             C:\Users\ultra\.nuget\packages\aerowizard\2.3.1\lib\net45\AeroWizard.dll [C:\Users\ultra\warewolf\Dev\Dev2.Common.Tests\Dev2.Common.Tests.csproj]
C:\Program Files\dotnet\sdk\10.0.201\Microsoft.Common.CurrentVersion.targets(2451,5): warning MSB3277:             C:\Users\ultra\.nuget\packages\groupcontrols\1.9.0\lib\net45\GroupControls.dll [C:\Users\ultra\warewolf\Dev\Dev2.Common.Tests\Dev2.Common.Tests.csproj]
C:\Program Files\dotnet\sdk\10.0.201\Microsoft.Common.CurrentVersion.targets(2451,5): warning MSB3277:             C:\Program Files\dotnet\packs\Microsoft.NETCore.App.Ref\8.0.25\ref/net8.0/System.Net.dll [C:\Users\ultra\warewolf\Dev\Dev2.Common.Tests\Dev2.Common.Tests.csproj]
C:\Program Files\dotnet\sdk\10.0.201\Microsoft.Common.CurrentVersion.targets(2451,5): warning MSB3277:             C:\Program Files\dotnet\packs\Microsoft.NETCore.App.Ref\8.0.25\ref/net8.0/System.Security.dll [C:\Users\ultra\warewolf\Dev\Dev2.Common.Tests\Dev2.Common.Tests.csproj]
C:\Program Files\dotnet\sdk\10.0.201\Microsoft.Common.CurrentVersion.targets(2451,5): warning MSB3277:             C:\Program Files\dotnet\packs\Microsoft.NETCore.App.Ref\8.0.25\ref/net8.0/System.ServiceProcess.dll [C:\Users\ultra\warewolf\Dev\Dev2.Common.Tests\Dev2.Common.Tests.csproj]
C:\Program Files\dotnet\sdk\10.0.201\Microsoft.Common.CurrentVersion.targets(2451,5): warning MSB3277:             C:\Program Files\dotnet\packs\Microsoft.NETCore.App.Ref\8.0.25\ref/net8.0/System.Transactions.dll [C:\Users\ultra\warewolf\Dev\Dev2.Common.Tests\Dev2.Common.Tests.csproj]
C:\Program Files\dotnet\sdk\10.0.201\Microsoft.Common.CurrentVersion.targets(2451,5): warning MSB3277:             C:\Program Files\dotnet\packs\Microsoft.NETCore.App.Ref\8.0.25\ref/net8.0/System.dll [C:\Users\ultra\warewolf\Dev\Dev2.Common.Tests\Dev2.Common.Tests.csproj]
C:\Program Files\dotnet\sdk\10.0.201\Microsoft.Common.CurrentVersion.targets(2451,5): warning MSB3277:             C:\Users\ultra\.nuget\packages\microsoft.xaml.behaviors.wpf\1.1.122\lib\net462\Microsoft.Xaml.Behaviors.dll [C:\Users\ultra\warewolf\Dev\Dev2.Common.Tests\Dev2.Common.Tests.csproj]
C:\Program Files\dotnet\sdk\10.0.201\Microsoft.Common.CurrentVersion.targets(2451,5): warning MSB3277:             C:\Users\ultra\.nuget\packages\caliburn.micro\4.0.212\lib\netcoreapp3.1\Caliburn.Micro.Platform.dll [C:\Users\ultra\warewolf\Dev\Dev2.Common.Tests\Dev2.Common.Tests.csproj]
C:\Program Files\dotnet\sdk\10.0.201\Microsoft.Common.CurrentVersion.targets(2451,5): warning MSB3277:             C:\Users\ultra\.nuget\packages\reactiveui.wpf\18.4.1\lib\net462\ReactiveUI.Wpf.dll [C:\Users\ultra\warewolf\Dev\Dev2.Common.Tests\Dev2.Common.Tests.csproj]
C:\Program Files\dotnet\sdk\10.0.201\Microsoft.Common.CurrentVersion.targets(2451,5): warning MSB3277:             C:\Users\ultra\.nuget\packages\ttcue.netcore.sharepointonline.csom.16.1.8029.1200\16.1.8029.1200\lib\netcoreapp2.0\Microsoft.SharePoint.Client.Runtime.Windows.dll [C:\Users\ultra\warewolf\Dev\Dev2.Common.Tests\Dev2.Common.Tests.csproj]
C:\Program Files\dotnet\sdk\10.0.201\Microsoft.Common.CurrentVersion.targets(2451,5): warning MSB3277:             C:\Program Files\dotnet\packs\Microsoft.NETCore.App.Ref\8.0.25\ref/net8.0/WindowsBase.dll [C:\Users\ultra\warewolf\Dev\Dev2.Common.Tests\Dev2.Common.Tests.csproj]
C:\Program Files\dotnet\sdk\10.0.201\Microsoft.Common.CurrentVersion.targets(2451,5): warning MSB3277:             C:\Program Files\dotnet\packs\Microsoft.NETCore.App.Ref\8.0.25\ref/net8.0/mscorlib.dll [C:\Users\ultra\warewolf\Dev\Dev2.Common.Tests\Dev2.Common.Tests.csproj]
C:\Program Files\dotnet\sdk\10.0.201\Microsoft.Common.CurrentVersion.targets(2451,5): warning MSB3277:             C:\Users\ultra\.nuget\packages\hangfire.core\1.7.32\lib\netstandard2.0\Hangfire.Core.dll [C:\Users\ultra\warewolf\Dev\Dev2.Common.Tests\Dev2.Common.Tests.csproj]
C:\Program Files\dotnet\sdk\10.0.201\Microsoft.Common.CurrentVersion.targets(2451,5): warning MSB3277:             C:\Users\ultra\.nuget\packages\hangfire.sqlserver\1.7.32\lib\netstandard2.0\Hangfire.SqlServer.dll [C:\Users\ultra\warewolf\Dev\Dev2.Common.Tests\Dev2.Common.Tests.csproj]
C:\Program Files\dotnet\sdk\10.0.201\Microsoft.Common.CurrentVersion.targets(2451,5): warning MSB3277:             C:\Users\ultra\.nuget\packages\microsoft.codecoverage\17.13.0\lib\netcoreapp3.1\Microsoft.VisualStudio.CodeCoverage.Shim.dll [C:\Users\ultra\warewolf\Dev\Dev2.Common.Tests\Dev2.Common.Tests.csproj]
C:\Program Files\dotnet\sdk\10.0.201\Microsoft.Common.CurrentVersion.targets(2451,5): warning MSB3277:         C:\Program Files\dotnet\packs\Microsoft.NETCore.App.Ref\8.0.25\ref\net8.0\System.Drawing.dll [C:\Users\ultra\warewolf\Dev\Dev2.Common.Tests\Dev2.Common.Tests.csproj]
C:\Program Files\dotnet\sdk\10.0.201\Microsoft.Common.CurrentVersion.targets(2451,5): warning MSB3277:           Project file item includes which caused reference "C:\Program Files\dotnet\packs\Microsoft.NETCore.App.Ref\8.0.25\ref\net8.0\System.Drawing.dll". [C:\Users\ultra\warewolf\Dev\Dev2.Common.Tests\Dev2.Common.Tests.csproj]
C:\Program Files\dotnet\sdk\10.0.201\Microsoft.Common.CurrentVersion.targets(2451,5): warning MSB3277:             C:\Program Files\dotnet\packs\Microsoft.NETCore.App.Ref\8.0.25\ref/net8.0/System.Drawing.dll [C:\Users\ultra\warewolf\Dev\Dev2.Common.Tests\Dev2.Common.Tests.csproj]
C:\Program Files\dotnet\sdk\10.0.201\Microsoft.Common.CurrentVersion.targets(2451,5): warning MSB3277:             C:\Users\ultra\.nuget\packages\aerowizard\2.3.1\lib\net45\AeroWizard.dll [C:\Users\ultra\warewolf\Dev\Dev2.Common.Tests\Dev2.Common.Tests.csproj]
C:\Program Files\dotnet\sdk\10.0.201\Microsoft.Common.CurrentVersion.targets(2451,5): warning MSB3277:             C:\Users\ultra\.nuget\packages\groupcontrols\1.9.0\lib\net45\GroupControls.dll [C:\Users\ultra\warewolf\Dev\Dev2.Common.Tests\Dev2.Common.Tests.csproj]
C:\Program Files\dotnet\sdk\10.0.201\Microsoft.Common.CurrentVersion.targets(2451,5): warning MSB3277:             C:\Users\ultra\.nuget\packages\taskschedulereditor\2.10.1\lib\net452\Microsoft.Win32.TaskSchedulerEditor.dll [C:\Users\ultra\warewolf\Dev\Dev2.Common.Tests\Dev2.Common.Tests.csproj]
  Dev2.Infrastructure.Tests -> C:\Users\ultra\warewolf\Dev\Dev2.Infrastructure.Tests\bin\Debug\net8.0\linux-x64\Dev2.Infrastructure.Tests.dll
C:\Users\ultra\warewolf\Dev\Dev2.Common.Tests\UtilitiesTests.cs(283,68): warning CA1416: This call site is reachable on all platforms. 'WindowsIdentity.GetCurrent()' is only supported on: 'windows'. (https://learn.microsoft.com/dotnet/fundamentals/code-analysis/quality-rules/ca1416) [C:\Users\ultra\warewolf\Dev\Dev2.Common.Tests\Dev2.Common.Tests.csproj]
C:\Users\ultra\warewolf\Dev\Dev2.Common.Tests\UtilitiesTests.cs(249,68): warning CA1416: This call site is reachable on all platforms. 'WindowsIdentity.GetCurrent()' is only supported on: 'windows'. (https://learn.microsoft.com/dotnet/fundamentals/code-analysis/quality-rules/ca1416) [C:\Users\ultra\warewolf\Dev\Dev2.Common.Tests\Dev2.Common.Tests.csproj]
C:\Users\ultra\warewolf\Dev\Dev2.Common.Tests\UtilitiesTests.cs(218,68): warning CA1416: This call site is reachable on all platforms. 'WindowsIdentity.GetAnonymous()' is only supported on: 'windows'. (https://learn.microsoft.com/dotnet/fundamentals/code-analysis/quality-rules/ca1416) [C:\Users\ultra\warewolf\Dev\Dev2.Common.Tests\Dev2.Common.Tests.csproj]
C:\Users\ultra\warewolf\Dev\Dev2.Common.Tests\UtilitiesTests.cs(281,58): warning CA1416: This call site is reachable on all platforms. 'WindowsIdentity.GetCurrent()' is only supported on: 'windows'. (https://learn.microsoft.com/dotnet/fundamentals/code-analysis/quality-rules/ca1416) [C:\Users\ultra\warewolf\Dev\Dev2.Common.Tests\Dev2.Common.Tests.csproj]
C:\Users\ultra\warewolf\Dev\Dev2.Common.Tests\UtilitiesTests.cs(216,58): warning CA1416: This call site is reachable on all platforms. 'WindowsIdentity.GetAnonymous()' is only supported on: 'windows'. (https://learn.microsoft.com/dotnet/fundamentals/code-analysis/quality-rules/ca1416) [C:\Users\ultra\warewolf\Dev\Dev2.Common.Tests\Dev2.Common.Tests.csproj]
C:\Users\ultra\warewolf\Dev\Dev2.Common.Tests\UtilitiesTests.cs(247,58): warning CA1416: This call site is reachable on all platforms. 'WindowsIdentity.GetCurrent()' is only supported on: 'windows'. (https://learn.microsoft.com/dotnet/fundamentals/code-analysis/quality-rules/ca1416) [C:\Users\ultra\warewolf\Dev\Dev2.Common.Tests\Dev2.Common.Tests.csproj]
C:\Program Files\dotnet\sdk\10.0.201\Sdks\Microsoft.NET.Sdk\targets\Microsoft.NET.Sdk.targets(308,5): warning NETSDK1206: Found version-specific or distribution-specific runtime identifier(s): win10-x64, win10-x86, win7-x64, win7-x86, win8-x64, win8-x86, win81-x64, win81-x86. Affected libraries: Microsoft.Management.Infrastructure.Runtime.Win, SQLite. In .NET 8.0 and higher, assets for version-specific and distribution-specific runtime identifiers will not be found by default. See https://aka.ms/dotnet/rid-usage for details. [C:\Users\ultra\warewolf\Dev\Dev2.Common.Tests\Dev2.Common.Tests.csproj]
  Dev2.Common.Tests -> C:\Users\ultra\warewolf\Dev\Dev2.Common.Tests\bin\Debug\net8.0\Dev2.Common.Tests.dll
C:\Program Files\dotnet\sdk\10.0.201\Microsoft.Common.CurrentVersion.targets(2451,5): warning MSB3277: Found conflicts between different versions of "WindowsBase" that could not be resolved. [C:\Users\ultra\warewolf\Dev\Dev2.Activities.Tests\Dev2.Activities.Tests.csproj]
C:\Program Files\dotnet\sdk\10.0.201\Microsoft.Common.CurrentVersion.targets(2451,5): warning MSB3277: There was a conflict between "WindowsBase, Version=4.0.0.0, Culture=neutral, PublicKeyToken=31bf3856ad364e35" and "WindowsBase, Version=6.0.2.0, Culture=neutral, PublicKeyToken=31bf3856ad364e35". [C:\Users\ultra\warewolf\Dev\Dev2.Activities.Tests\Dev2.Activities.Tests.csproj]
C:\Program Files\dotnet\sdk\10.0.201\Microsoft.Common.CurrentVersion.targets(2451,5): warning MSB3277:     "WindowsBase, Version=4.0.0.0, Culture=neutral, PublicKeyToken=31bf3856ad364e35" was chosen because it was primary and "WindowsBase, Version=6.0.2.0, Culture=neutral, PublicKeyToken=31bf3856ad364e35" was not. [C:\Users\ultra\warewolf\Dev\Dev2.Activities.Tests\Dev2.Activities.Tests.csproj]
C:\Program Files\dotnet\sdk\10.0.201\Microsoft.Common.CurrentVersion.targets(2451,5): warning MSB3277:     References which depend on "WindowsBase, Version=4.0.0.0, Culture=neutral, PublicKeyToken=31bf3856ad364e35" [C:\Program Files\dotnet\packs\Microsoft.NETCore.App.Ref\8.0.25\ref\net8.0\WindowsBase.dll]. [C:\Users\ultra\warewolf\Dev\Dev2.Activities.Tests\Dev2.Activities.Tests.csproj]
C:\Program Files\dotnet\sdk\10.0.201\Microsoft.Common.CurrentVersion.targets(2451,5): warning MSB3277:         C:\Program Files\dotnet\packs\Microsoft.NETCore.App.Ref\8.0.25\ref\net8.0\WindowsBase.dll [C:\Users\ultra\warewolf\Dev\Dev2.Activities.Tests\Dev2.Activities.Tests.csproj]
C:\Program Files\dotnet\sdk\10.0.201\Microsoft.Common.CurrentVersion.targets(2451,5): warning MSB3277:           Project file item includes which caused reference "C:\Program Files\dotnet\packs\Microsoft.NETCore.App.Ref\8.0.25\ref\net8.0\WindowsBase.dll". [C:\Users\ultra\warewolf\Dev\Dev2.Activities.Tests\Dev2.Activities.Tests.csproj]
C:\Program Files\dotnet\sdk\10.0.201\Microsoft.Common.CurrentVersion.targets(2451,5): warning MSB3277:             C:\Program Files\dotnet\packs\Microsoft.NETCore.App.Ref\8.0.25\ref/net8.0/WindowsBase.dll [C:\Users\ultra\warewolf\Dev\Dev2.Activities.Tests\Dev2.Activities.Tests.csproj]
C:\Program Files\dotnet\sdk\10.0.201\Microsoft.Common.CurrentVersion.targets(2451,5): warning MSB3277:     References which depend on or have been unified to "WindowsBase, Version=6.0.2.0, Culture=neutral, PublicKeyToken=31bf3856ad364e35" []. [C:\Users\ultra\warewolf\Dev\Dev2.Activities.Tests\Dev2.Activities.Tests.csproj]
C:\Program Files\dotnet\sdk\10.0.201\Microsoft.Common.CurrentVersion.targets(2451,5): warning MSB3277:         C:\Users\ultra\.nuget\packages\caliburn.micro\4.0.212\lib\netcoreapp3.1\Caliburn.Micro.Platform.dll [C:\Users\ultra\warewolf\Dev\Dev2.Activities.Tests\Dev2.Activities.Tests.csproj]
C:\Program Files\dotnet\sdk\10.0.201\Microsoft.Common.CurrentVersion.targets(2451,5): warning MSB3277:           Project file item includes which caused reference "C:\Users\ultra\.nuget\packages\caliburn.micro\4.0.212\lib\netcoreapp3.1\Caliburn.Micro.Platform.dll". [C:\Users\ultra\warewolf\Dev\Dev2.Activities.Tests\Dev2.Activities.Tests.csproj]
C:\Program Files\dotnet\sdk\10.0.201\Microsoft.Common.CurrentVersion.targets(2451,5): warning MSB3277:             C:\Users\ultra\.nuget\packages\caliburn.micro\4.0.212\lib\netcoreapp3.1\Caliburn.Micro.Platform.dll [C:\Users\ultra\warewolf\Dev\Dev2.Activities.Tests\Dev2.Activities.Tests.csproj]
C:\Program Files\dotnet\sdk\10.0.201\Microsoft.Common.CurrentVersion.targets(2451,5): warning MSB3277:         C:\Users\ultra\.nuget\packages\ironpython\3.4.0\lib\net6.0\IronPython.Wpf.dll [C:\Users\ultra\warewolf\Dev\Dev2.Activities.Tests\Dev2.Activities.Tests.csproj]
C:\Program Files\dotnet\sdk\10.0.201\Microsoft.Common.CurrentVersion.targets(2451,5): warning MSB3277:           Project file item includes which caused reference "C:\Users\ultra\.nuget\packages\ironpython\3.4.0\lib\net6.0\IronPython.Wpf.dll". [C:\Users\ultra\warewolf\Dev\Dev2.Activities.Tests\Dev2.Activities.Tests.csproj]
C:\Program Files\dotnet\sdk\10.0.201\Microsoft.Common.CurrentVersion.targets(2451,5): warning MSB3277:             C:\Users\ultra\.nuget\packages\ironpython\3.4.0\lib\net6.0\IronPython.Wpf.dll [C:\Users\ultra\warewolf\Dev\Dev2.Activities.Tests\Dev2.Activities.Tests.csproj]
C:\Program Files\dotnet\sdk\10.0.201\Microsoft.Common.CurrentVersion.targets(2451,5): warning MSB3277:         C:\Users\ultra\.nuget\packages\microsoft.xaml.behaviors.wpf\1.1.122\lib\net462\Microsoft.Xaml.Behaviors.dll [C:\Users\ultra\warewolf\Dev\Dev2.Activities.Tests\Dev2.Activities.Tests.csproj]
C:\Program Files\dotnet\sdk\10.0.201\Microsoft.Common.CurrentVersion.targets(2451,5): warning MSB3277:           Project file item includes which caused reference "C:\Users\ultra\.nuget\packages\microsoft.xaml.behaviors.wpf\1.1.122\lib\net462\Microsoft.Xaml.Behaviors.dll". [C:\Users\ultra\warewolf\Dev\Dev2.Activities.Tests\Dev2.Activities.Tests.csproj]
C:\Program Files\dotnet\sdk\10.0.201\Microsoft.Common.CurrentVersion.targets(2451,5): warning MSB3277:             C:\Users\ultra\.nuget\packages\microsoft.xaml.behaviors.wpf\1.1.122\lib\net462\Microsoft.Xaml.Behaviors.dll [C:\Users\ultra\warewolf\Dev\Dev2.Activities.Tests\Dev2.Activities.Tests.csproj]
C:\Program Files\dotnet\sdk\10.0.201\Microsoft.Common.CurrentVersion.targets(2451,5): warning MSB3277:             C:\Users\ultra\.nuget\packages\caliburn.micro\4.0.212\lib\netcoreapp3.1\Caliburn.Micro.Platform.dll [C:\Users\ultra\warewolf\Dev\Dev2.Activities.Tests\Dev2.Activities.Tests.csproj]
C:\Program Files\dotnet\sdk\10.0.201\Microsoft.Common.CurrentVersion.targets(2451,5): warning MSB3277:             C:\Users\ultra\.nuget\packages\prism.wpf\9.0.537\lib\net462\Prism.Wpf.dll [C:\Users\ultra\warewolf\Dev\Dev2.Activities.Tests\Dev2.Activities.Tests.csproj]
C:\Program Files\dotnet\sdk\10.0.201\Microsoft.Common.CurrentVersion.targets(2451,5): warning MSB3277:         C:\Users\ultra\.nuget\packages\prism.wpf\9.0.537\lib\net462\Prism.Wpf.dll [C:\Users\ultra\warewolf\Dev\Dev2.Activities.Tests\Dev2.Activities.Tests.csproj]
C:\Program Files\dotnet\sdk\10.0.201\Microsoft.Common.CurrentVersion.targets(2451,5): warning MSB3277:           Project file item includes which caused reference "C:\Users\ultra\.nuget\packages\prism.wpf\9.0.537\lib\net462\Prism.Wpf.dll". [C:\Users\ultra\warewolf\Dev\Dev2.Activities.Tests\Dev2.Activities.Tests.csproj]
C:\Program Files\dotnet\sdk\10.0.201\Microsoft.Common.CurrentVersion.targets(2451,5): warning MSB3277:             C:\Users\ultra\.nuget\packages\prism.wpf\9.0.537\lib\net462\Prism.Wpf.dll [C:\Users\ultra\warewolf\Dev\Dev2.Activities.Tests\Dev2.Activities.Tests.csproj]
C:\Program Files\dotnet\sdk\10.0.201\Microsoft.Common.CurrentVersion.targets(2451,5): warning MSB3277:         C:\Users\ultra\.nuget\packages\reactiveui.wpf\18.4.1\lib\net462\ReactiveUI.Wpf.dll [C:\Users\ultra\warewolf\Dev\Dev2.Activities.Tests\Dev2.Activities.Tests.csproj]
C:\Program Files\dotnet\sdk\10.0.201\Microsoft.Common.CurrentVersion.targets(2451,5): warning MSB3277:           Project file item includes which caused reference "C:\Users\ultra\.nuget\packages\reactiveui.wpf\18.4.1\lib\net462\ReactiveUI.Wpf.dll". [C:\Users\ultra\warewolf\Dev\Dev2.Activities.Tests\Dev2.Activities.Tests.csproj]
C:\Program Files\dotnet\sdk\10.0.201\Microsoft.Common.CurrentVersion.targets(2451,5): warning MSB3277:             C:\Users\ultra\.nuget\packages\reactiveui.wpf\18.4.1\lib\net462\ReactiveUI.Wpf.dll [C:\Users\ultra\warewolf\Dev\Dev2.Activities.Tests\Dev2.Activities.Tests.csproj]
C:\Program Files\dotnet\sdk\10.0.201\Microsoft.Common.CurrentVersion.targets(2451,5): warning MSB3277: Found conflicts between different versions of "System.Drawing.Common" that could not be resolved. [C:\Users\ultra\warewolf\Dev\Dev2.Activities.Tests\Dev2.Activities.Tests.csproj]
C:\Program Files\dotnet\sdk\10.0.201\Microsoft.Common.CurrentVersion.targets(2451,5): warning MSB3277: There was a conflict between "System.Drawing.Common, Version=6.0.0.0, Culture=neutral, PublicKeyToken=cc7b13ffcd2ddd51" and "System.Drawing.Common, Version=8.0.0.0, Culture=neutral, PublicKeyToken=cc7b13ffcd2ddd51". [C:\Users\ultra\warewolf\Dev\Dev2.Activities.Tests\Dev2.Activities.Tests.csproj]
C:\Program Files\dotnet\sdk\10.0.201\Microsoft.Common.CurrentVersion.targets(2451,5): warning MSB3277:     "System.Drawing.Common, Version=6.0.0.0, Culture=neutral, PublicKeyToken=cc7b13ffcd2ddd51" was chosen because it was primary and "System.Drawing.Common, Version=8.0.0.0, Culture=neutral, PublicKeyToken=cc7b13ffcd2ddd51" was not. [C:\Users\ultra\warewolf\Dev\Dev2.Activities.Tests\Dev2.Activities.Tests.csproj]
C:\Program Files\dotnet\sdk\10.0.201\Microsoft.Common.CurrentVersion.targets(2451,5): warning MSB3277:     References which depend on "System.Drawing.Common, Version=6.0.0.0, Culture=neutral, PublicKeyToken=cc7b13ffcd2ddd51" [C:\Users\ultra\.nuget\packages\system.drawing.common\6.0.0\lib\net6.0\System.Drawing.Common.dll]. [C:\Users\ultra\warewolf\Dev\Dev2.Activities.Tests\Dev2.Activities.Tests.csproj]
C:\Program Files\dotnet\sdk\10.0.201\Microsoft.Common.CurrentVersion.targets(2451,5): warning MSB3277:         C:\Users\ultra\.nuget\packages\system.drawing.common\6.0.0\lib\net6.0\System.Drawing.Common.dll [C:\Users\ultra\warewolf\Dev\Dev2.Activities.Tests\Dev2.Activities.Tests.csproj]
C:\Program Files\dotnet\sdk\10.0.201\Microsoft.Common.CurrentVersion.targets(2451,5): warning MSB3277:           Project file item includes which caused reference "C:\Users\ultra\.nuget\packages\system.drawing.common\6.0.0\lib\net6.0\System.Drawing.Common.dll". [C:\Users\ultra\warewolf\Dev\Dev2.Activities.Tests\Dev2.Activities.Tests.csproj]
C:\Program Files\dotnet\sdk\10.0.201\Microsoft.Common.CurrentVersion.targets(2451,5): warning MSB3277:             C:\Users\ultra\.nuget\packages\system.drawing.common\6.0.0\lib\net6.0\System.Drawing.Common.dll [C:\Users\ultra\warewolf\Dev\Dev2.Activities.Tests\Dev2.Activities.Tests.csproj]
C:\Program Files\dotnet\sdk\10.0.201\Microsoft.Common.CurrentVersion.targets(2451,5): warning MSB3277:     References which depend on or have been unified to "System.Drawing.Common, Version=8.0.0.0, Culture=neutral, PublicKeyToken=cc7b13ffcd2ddd51" []. [C:\Users\ultra\warewolf\Dev\Dev2.Activities.Tests\Dev2.Activities.Tests.csproj]
C:\Program Files\dotnet\sdk\10.0.201\Microsoft.Common.CurrentVersion.targets(2451,5): warning MSB3277:         C:\Users\ultra\.nuget\packages\servicestack\6.3.0\lib\net6.0\ServiceStack.dll [C:\Users\ultra\warewolf\Dev\Dev2.Activities.Tests\Dev2.Activities.Tests.csproj]
C:\Program Files\dotnet\sdk\10.0.201\Microsoft.Common.CurrentVersion.targets(2451,5): warning MSB3277:           Project file item includes which caused reference "C:\Users\ultra\.nuget\packages\servicestack\6.3.0\lib\net6.0\ServiceStack.dll". [C:\Users\ultra\warewolf\Dev\Dev2.Activities.Tests\Dev2.Activities.Tests.csproj]
C:\Program Files\dotnet\sdk\10.0.201\Microsoft.Common.CurrentVersion.targets(2451,5): warning MSB3277:             C:\Users\ultra\.nuget\packages\servicestack\6.3.0\lib\net6.0\ServiceStack.dll [C:\Users\ultra\warewolf\Dev\Dev2.Activities.Tests\Dev2.Activities.Tests.csproj]
C:\Program Files\dotnet\sdk\10.0.201\Microsoft.Common.CurrentVersion.targets(2451,5): warning MSB3277:         C:\Users\ultra\.nuget\packages\system.windows.extensions\8.0.0\lib\net8.0\System.Windows.Extensions.dll [C:\Users\ultra\warewolf\Dev\Dev2.Activities.Tests\Dev2.Activities.Tests.csproj]
C:\Program Files\dotnet\sdk\10.0.201\Microsoft.Common.CurrentVersion.targets(2451,5): warning MSB3277:           Project file item includes which caused reference "C:\Users\ultra\.nuget\packages\system.windows.extensions\8.0.0\lib\net8.0\System.Windows.Extensions.dll". [C:\Users\ultra\warewolf\Dev\Dev2.Activities.Tests\Dev2.Activities.Tests.csproj]
C:\Program Files\dotnet\sdk\10.0.201\Microsoft.Common.CurrentVersion.targets(2451,5): warning MSB3277:             C:\Users\ultra\.nuget\packages\system.windows.extensions\8.0.0\lib\net8.0\System.Windows.Extensions.dll [C:\Users\ultra\warewolf\Dev\Dev2.Activities.Tests\Dev2.Activities.Tests.csproj]
C:\Program Files\dotnet\sdk\10.0.201\Microsoft.Common.CurrentVersion.targets(2451,5): warning MSB3277:             C:\Users\ultra\.nuget\packages\system.security.permissions\8.0.0\lib\net8.0\System.Security.Permissions.dll [C:\Users\ultra\warewolf\Dev\Dev2.Activities.Tests\Dev2.Activities.Tests.csproj]
C:\Program Files\dotnet\sdk\10.0.201\Microsoft.Common.CurrentVersion.targets(2451,5): warning MSB3277:             C:\Users\ultra\warewolf\Dev\Dev2.Data\bin\Debug\net8.0\Dev2.Data.dll [C:\Users\ultra\warewolf\Dev\Dev2.Activities.Tests\Dev2.Activities.Tests.csproj]
C:\Program Files\dotnet\sdk\10.0.201\Microsoft.Common.CurrentVersion.targets(2451,5): warning MSB3277:             C:\Users\ultra\warewolf\Dev\Dev2.Activities\bin\Debug\net8.0\Dev2.Activities.dll [C:\Users\ultra\warewolf\Dev\Dev2.Activities.Tests\Dev2.Activities.Tests.csproj]
C:\Program Files\dotnet\sdk\10.0.201\Microsoft.Common.CurrentVersion.targets(2451,5): warning MSB3277:             C:\Users\ultra\warewolf\Dev\Dev2.Common.Tests\bin\Debug\net8.0\Dev2.Common.Tests.dll [C:\Users\ultra\warewolf\Dev\Dev2.Activities.Tests\Dev2.Activities.Tests.csproj]
C:\Program Files\dotnet\sdk\10.0.201\Microsoft.Common.CurrentVersion.targets(2451,5): warning MSB3277:             C:\Users\ultra\warewolf\Dev\Dev2.Core\bin\Debug\net8.0\Dev2.Core.dll [C:\Users\ultra\warewolf\Dev\Dev2.Activities.Tests\Dev2.Activities.Tests.csproj]
C:\Program Files\dotnet\sdk\10.0.201\Microsoft.Common.CurrentVersion.targets(2451,5): warning MSB3277:             C:\Users\ultra\warewolf\Dev\Dev2.Infrastructure.Tests\bin\Debug\net8.0\linux-x64\Dev2.Infrastructure.Tests.dll [C:\Users\ultra\warewolf\Dev\Dev2.Activities.Tests\Dev2.Activities.Tests.csproj]
C:\Program Files\dotnet\sdk\10.0.201\Microsoft.Common.CurrentVersion.targets(2451,5): warning MSB3277:             C:\Users\ultra\warewolf\Dev\Dev2.Runtime.Services\bin\Debug\net8.0\Dev2.Runtime.Services.dll [C:\Users\ultra\warewolf\Dev\Dev2.Activities.Tests\Dev2.Activities.Tests.csproj]
C:\Program Files\dotnet\sdk\10.0.201\Microsoft.Common.CurrentVersion.targets(2451,5): warning MSB3277:             C:\Users\ultra\warewolf\Dev\Dev2.Runtime\bin\Debug\net8.0\Dev2.Runtime.dll [C:\Users\ultra\warewolf\Dev\Dev2.Activities.Tests\Dev2.Activities.Tests.csproj]
C:\Program Files\dotnet\sdk\10.0.201\Microsoft.Common.CurrentVersion.targets(2451,5): warning MSB3277:             C:\Users\ultra\warewolf\Dev\Dev2.Services.Execution\bin\Debug\net8.0\Dev2.Services.Execution.dll [C:\Users\ultra\warewolf\Dev\Dev2.Activities.Tests\Dev2.Activities.Tests.csproj]
C:\Program Files\dotnet\sdk\10.0.201\Microsoft.Common.CurrentVersion.targets(2451,5): warning MSB3277:             C:\Users\ultra\warewolf\Dev\Dev2.Studio.Interfaces\bin\Debug\net8.0\Dev2.Studio.Interfaces.dll [C:\Users\ultra\warewolf\Dev\Dev2.Activities.Tests\Dev2.Activities.Tests.csproj]
C:\Program Files\dotnet\sdk\10.0.201\Microsoft.Common.CurrentVersion.targets(2451,5): warning MSB3277:             C:\Users\ultra\warewolf\Dev\Warewolf.Core.Tests\bin\Debug\net8.0\linux-x64\Warewolf.Core.Tests.dll [C:\Users\ultra\warewolf\Dev\Dev2.Activities.Tests\Dev2.Activities.Tests.csproj]
C:\Program Files\dotnet\sdk\10.0.201\Microsoft.Common.CurrentVersion.targets(2451,5): warning MSB3277:             C:\Users\ultra\warewolf\Dev\Warewolf.Core\bin\Debug\net8.0\Warewolf.Core.dll [C:\Users\ultra\warewolf\Dev\Dev2.Activities.Tests\Dev2.Activities.Tests.csproj]
C:\Program Files\dotnet\sdk\10.0.201\Microsoft.Common.CurrentVersion.targets(2451,5): warning MSB3277:             C:\Users\ultra\warewolf\Dev\Dev2.Runtime.WebServer\bin\Debug\net8.0\Dev2.Runtime.WebServer.dll [C:\Users\ultra\warewolf\Dev\Dev2.Activities.Tests\Dev2.Activities.Tests.csproj]
C:\Program Files\dotnet\sdk\10.0.201\Microsoft.Common.CurrentVersion.targets(2451,5): warning MSB3277:             C:\Users\ultra\warewolf\Dev\Dev2.Scheduler\bin\Debug\net8.0\Dev2.Scheduler.dll [C:\Users\ultra\warewolf\Dev\Dev2.Activities.Tests\Dev2.Activities.Tests.csproj]
C:\Program Files\dotnet\sdk\10.0.201\Microsoft.Common.CurrentVersion.targets(2451,5): warning MSB3277:             C:\Users\ultra\warewolf\Dev\Dev2.Studio.Core\bin\Debug\net8.0\Dev2.Studio.Core.dll [C:\Users\ultra\warewolf\Dev\Dev2.Activities.Tests\Dev2.Activities.Tests.csproj]
C:\Program Files\dotnet\sdk\10.0.201\Microsoft.Common.CurrentVersion.targets(2451,5): warning MSB3277:             C:\Users\ultra\warewolf\Dev\Warewolf.Auditing\bin\Debug\net8.0\Warewolf.Auditing.dll [C:\Users\ultra\warewolf\Dev\Dev2.Activities.Tests\Dev2.Activities.Tests.csproj]
C:\Program Files\dotnet\sdk\10.0.201\Microsoft.Common.CurrentVersion.targets(2451,5): warning MSB3277:             C:\Users\ultra\warewolf\Dev\Warewolf.Common.Framework48\bin\Debug\net8.0\Warewolf.Common.Framework48.dll [C:\Users\ultra\warewolf\Dev\Dev2.Activities.Tests\Dev2.Activities.Tests.csproj]
C:\Program Files\dotnet\sdk\10.0.201\Microsoft.Common.CurrentVersion.targets(2451,5): warning MSB3277:             C:\Users\ultra\warewolf\Dev\Warewolf.Common.NetStandard20\bin\Debug\net8.0\Warewolf.Common.NetStandard20.dll [C:\Users\ultra\warewolf\Dev\Dev2.Activities.Tests\Dev2.Activities.Tests.csproj]
C:\Program Files\dotnet\sdk\10.0.201\Microsoft.Common.CurrentVersion.targets(2451,5): warning MSB3277:             C:\Users\ultra\warewolf\Dev\Warewolf.Driver.Persistence\bin\Debug\net8.0\Warewolf.Driver.Persistence.dll [C:\Users\ultra\warewolf\Dev\Dev2.Activities.Tests\Dev2.Activities.Tests.csproj]
C:\Program Files\dotnet\sdk\10.0.201\Microsoft.Common.CurrentVersion.targets(2451,5): warning MSB3277:             C:\Users\ultra\warewolf\Dev\Warewolf.Exchange.Email.Wrapper\bin\Debug\net8.0\Warewolf.Exchange.Email.Wrapper.dll [C:\Users\ultra\warewolf\Dev\Dev2.Activities.Tests\Dev2.Activities.Tests.csproj]
C:\Program Files\dotnet\sdk\10.0.201\Microsoft.Common.CurrentVersion.targets(2451,5): warning MSB3277:             C:\Users\ultra\warewolf\Dev\Warewolf.ResourceManagement\bin\Debug\net8.0\Warewolf.ResourceManagement.dll [C:\Users\ultra\warewolf\Dev\Dev2.Activities.Tests\Dev2.Activities.Tests.csproj]
C:\Program Files\dotnet\sdk\10.0.201\Microsoft.Common.CurrentVersion.targets(2451,5): warning MSB3277:             C:\Users\ultra\warewolf\Dev\Warewolf.Studio.Core\bin\Debug\net8.0\Warewolf.Studio.Core.dll [C:\Users\ultra\warewolf\Dev\Dev2.Activities.Tests\Dev2.Activities.Tests.csproj]
C:\Program Files\dotnet\sdk\10.0.201\Microsoft.Common.CurrentVersion.targets(2451,5): warning MSB3277:             C:\Users\ultra\warewolf\Dev\Warewolf.Testing\bin\Debug\net8.0\Warewolf.Testing.dll [C:\Users\ultra\warewolf\Dev\Dev2.Activities.Tests\Dev2.Activities.Tests.csproj]
C:\Program Files\dotnet\sdk\10.0.201\Microsoft.Common.CurrentVersion.targets(2451,5): warning MSB3277:             C:\Users\ultra\.nuget\packages\dotnetzip\1.16.0\lib\netstandard2.0\DotNetZip.dll [C:\Users\ultra\warewolf\Dev\Dev2.Activities.Tests\Dev2.Activities.Tests.csproj]
C:\Program Files\dotnet\sdk\10.0.201\Microsoft.Common.CurrentVersion.targets(2451,5): warning MSB3277:             C:\Users\ultra\warewolf\Dev\Dev2.Common\bin\Debug\net8.0\Dev2.Common.dll [C:\Users\ultra\warewolf\Dev\Dev2.Activities.Tests\Dev2.Activities.Tests.csproj]
C:\Program Files\dotnet\sdk\10.0.201\Microsoft.Common.CurrentVersion.targets(2451,5): warning MSB3277:             C:\Users\ultra\warewolf\Dev\Dev2.Data.Interfaces\bin\Debug\net8.0\Dev2.Data.Interfaces.dll [C:\Users\ultra\warewolf\Dev\Dev2.Activities.Tests\Dev2.Activities.Tests.csproj]
C:\Program Files\dotnet\sdk\10.0.201\Microsoft.Common.CurrentVersion.targets(2451,5): warning MSB3277:             C:\Users\ultra\warewolf\Dev\Dev2.Development.Languages\bin\Debug\net8.0\Dev2.Development.Languages.dll [C:\Users\ultra\warewolf\Dev\Dev2.Activities.Tests\Dev2.Activities.Tests.csproj]
C:\Program Files\dotnet\sdk\10.0.201\Microsoft.Common.CurrentVersion.targets(2451,5): warning MSB3277:             C:\Users\ultra\warewolf\Dev\Dev2.Diagnostics\bin\Debug\net8.0\Dev2.Diagnostics.dll [C:\Users\ultra\warewolf\Dev\Dev2.Activities.Tests\Dev2.Activities.Tests.csproj]
C:\Program Files\dotnet\sdk\10.0.201\Microsoft.Common.CurrentVersion.targets(2451,5): warning MSB3277:             C:\Users\ultra\warewolf\Dev\Dev2.Infrastructure\bin\Debug\net8.0\Dev2.Infrastructure.dll [C:\Users\ultra\warewolf\Dev\Dev2.Activities.Tests\Dev2.Activities.Tests.csproj]
C:\Program Files\dotnet\sdk\10.0.201\Microsoft.Common.CurrentVersion.targets(2451,5): warning MSB3277:             C:\Users\ultra\warewolf\Dev\Dev2.Services.Sql\bin\Debug\net8.0\Dev2.Services.Sql.dll [C:\Users\ultra\warewolf\Dev\Dev2.Activities.Tests\Dev2.Activities.Tests.csproj]
C:\Program Files\dotnet\sdk\10.0.201\Microsoft.Common.CurrentVersion.targets(2451,5): warning MSB3277:             C:\Users\ultra\warewolf\Dev\Dev2.Util\bin\Debug\net8.0\Dev2.Util.dll [C:\Users\ultra\warewolf\Dev\Dev2.Activities.Tests\Dev2.Activities.Tests.csproj]
C:\Program Files\dotnet\sdk\10.0.201\Microsoft.Common.CurrentVersion.targets(2451,5): warning MSB3277:             C:\Users\ultra\warewolf\Dev\Warewolf.Sharepoint\bin\Debug\net8.0\Warewolf.Sharepoint.dll [C:\Users\ultra\warewolf\Dev\Dev2.Activities.Tests\Dev2.Activities.Tests.csproj]
C:\Program Files\dotnet\sdk\10.0.201\Microsoft.Common.CurrentVersion.targets(2451,5): warning MSB3277:             C:\Users\ultra\warewolf\Dev\Warewolf.Storage\bin\Debug\net8.0\Warewolf.Storage.dll [C:\Users\ultra\warewolf\Dev\Dev2.Activities.Tests\Dev2.Activities.Tests.csproj]
C:\Program Files\dotnet\sdk\10.0.201\Microsoft.Common.CurrentVersion.targets(2451,5): warning MSB3277:             C:\Users\ultra\warewolf\Dev\Dev2.TaskScheduler.Wrappers\bin\Debug\net8.0\Dev2.TaskScheduler.Wrappers.dll [C:\Users\ultra\warewolf\Dev\Dev2.Activities.Tests\Dev2.Activities.Tests.csproj]
C:\Program Files\dotnet\sdk\10.0.201\Microsoft.Common.CurrentVersion.targets(2451,5): warning MSB3277:             C:\Users\ultra\warewolf\Dev\Warewolf.AI.Harness\bin\Debug\net8.0\Warewolf.AI.Harness.dll [C:\Users\ultra\warewolf\Dev\Dev2.Activities.Tests\Dev2.Activities.Tests.csproj]
C:\Program Files\dotnet\sdk\10.0.201\Microsoft.Common.CurrentVersion.targets(2451,5): warning MSB3277:             C:\Users\ultra\warewolf\Dev\Warewolf.Driver.Serilog\bin\Debug\net8.0\Warewolf.Driver.Serilog.dll [C:\Users\ultra\warewolf\Dev\Dev2.Activities.Tests\Dev2.Activities.Tests.csproj]
C:\Program Files\dotnet\sdk\10.0.201\Microsoft.Common.CurrentVersion.targets(2451,5): warning MSB3277:             C:\Users\ultra\.nuget\packages\mindbox.data.linq\5.0.0\lib\netstandard2.0\Mindbox.Data.Linq.dll [C:\Users\ultra\warewolf\Dev\Dev2.Activities.Tests\Dev2.Activities.Tests.csproj]
C:\Program Files\dotnet\sdk\10.0.201\Microsoft.Common.CurrentVersion.targets(2451,5): warning MSB3277:             C:\Users\ultra\.nuget\packages\mysql.data\8.4.0\lib\net8.0\MySql.Data.dll [C:\Users\ultra\warewolf\Dev\Dev2.Activities.Tests\Dev2.Activities.Tests.csproj]
C:\Program Files\dotnet\sdk\10.0.201\Microsoft.Common.CurrentVersion.targets(2451,5): warning MSB3277:             C:\Users\ultra\.nuget\packages\oracle.manageddataaccess.core\3.21.70\lib\netstandard2.1\Oracle.ManagedDataAccess.dll [C:\Users\ultra\warewolf\Dev\Dev2.Activities.Tests\Dev2.Activities.Tests.csproj]
C:\Program Files\dotnet\sdk\10.0.201\Microsoft.Common.CurrentVersion.targets(2451,5): warning MSB3277:             C:\Users\ultra\.nuget\packages\system.directoryservices\6.0.0\lib\net6.0\System.DirectoryServices.dll [C:\Users\ultra\warewolf\Dev\Dev2.Activities.Tests\Dev2.Activities.Tests.csproj]
C:\Program Files\dotnet\sdk\10.0.201\Microsoft.Common.CurrentVersion.targets(2451,5): warning MSB3277:             C:\Users\ultra\.nuget\packages\corewcf.primitives\1.2.1\lib\netstandard2.0\CoreWCF.Primitives.dll [C:\Users\ultra\warewolf\Dev\Dev2.Activities.Tests\Dev2.Activities.Tests.csproj]
C:\Program Files\dotnet\sdk\10.0.201\Microsoft.Common.CurrentVersion.targets(2451,5): warning MSB3277:             C:\Users\ultra\.nuget\packages\corewcf.http\1.2.1\lib\netstandard2.0\CoreWCF.Http.dll [C:\Users\ultra\warewolf\Dev\Dev2.Activities.Tests\Dev2.Activities.Tests.csproj]
C:\Program Files\dotnet\sdk\10.0.201\Microsoft.Common.CurrentVersion.targets(2451,5): warning MSB3277:             C:\Users\ultra\.nuget\packages\corewcf.nettcp\1.2.1\lib\netstandard2.0\CoreWCF.NetTcp.dll [C:\Users\ultra\warewolf\Dev\Dev2.Activities.Tests\Dev2.Activities.Tests.csproj]
C:\Program Files\dotnet\sdk\10.0.201\Microsoft.Common.CurrentVersion.targets(2451,5): warning MSB3277:             C:\Users\ultra\.nuget\packages\corewcf.webhttp\1.2.1\lib\netstandard2.0\CoreWCF.WebHttp.dll [C:\Users\ultra\warewolf\Dev\Dev2.Activities.Tests\Dev2.Activities.Tests.csproj]
C:\Program Files\dotnet\sdk\10.0.201\Microsoft.Common.CurrentVersion.targets(2451,5): warning MSB3277:             C:\Program Files\dotnet\packs\Microsoft.NETCore.App.Ref\8.0.25\ref/net8.0/System.Configuration.dll [C:\Users\ultra\warewolf\Dev\Dev2.Activities.Tests\Dev2.Activities.Tests.csproj]
C:\Program Files\dotnet\sdk\10.0.201\Microsoft.Common.CurrentVersion.targets(2451,5): warning MSB3277:             C:\Users\ultra\.nuget\packages\prism.wpf\9.0.537\lib\net462\Prism.Wpf.dll [C:\Users\ultra\warewolf\Dev\Dev2.Activities.Tests\Dev2.Activities.Tests.csproj]
C:\Program Files\dotnet\sdk\10.0.201\Microsoft.Common.CurrentVersion.targets(2451,5): warning MSB3277:             C:\Program Files\dotnet\packs\Microsoft.NETCore.App.Ref\8.0.25\ref/net8.0/System.Data.dll [C:\Users\ultra\warewolf\Dev\Dev2.Activities.Tests\Dev2.Activities.Tests.csproj]
C:\Program Files\dotnet\sdk\10.0.201\Microsoft.Common.CurrentVersion.targets(2451,5): warning MSB3277:             C:\Users\ultra\.nuget\packages\taskschedulereditor\2.10.1\lib\net452\Microsoft.Win32.TaskSchedulerEditor.dll [C:\Users\ultra\warewolf\Dev\Dev2.Activities.Tests\Dev2.Activities.Tests.csproj]
C:\Program Files\dotnet\sdk\10.0.201\Microsoft.Common.CurrentVersion.targets(2451,5): warning MSB3277:             C:\Program Files\dotnet\packs\Microsoft.NETCore.App.Ref\8.0.25\ref/net8.0/System.Drawing.dll [C:\Users\ultra\warewolf\Dev\Dev2.Activities.Tests\Dev2.Activities.Tests.csproj]
C:\Program Files\dotnet\sdk\10.0.201\Microsoft.Common.CurrentVersion.targets(2451,5): warning MSB3277:             C:\Users\ultra\.nuget\packages\aerowizard\2.3.1\lib\net45\AeroWizard.dll [C:\Users\ultra\warewolf\Dev\Dev2.Activities.Tests\Dev2.Activities.Tests.csproj]
C:\Program Files\dotnet\sdk\10.0.201\Microsoft.Common.CurrentVersion.targets(2451,5): warning MSB3277:             C:\Users\ultra\.nuget\packages\groupcontrols\1.9.0\lib\net45\GroupControls.dll [C:\Users\ultra\warewolf\Dev\Dev2.Activities.Tests\Dev2.Activities.Tests.csproj]
C:\Program Files\dotnet\sdk\10.0.201\Microsoft.Common.CurrentVersion.targets(2451,5): warning MSB3277:             C:\Program Files\dotnet\packs\Microsoft.NETCore.App.Ref\8.0.25\ref/net8.0/System.Net.dll [C:\Users\ultra\warewolf\Dev\Dev2.Activities.Tests\Dev2.Activities.Tests.csproj]
C:\Program Files\dotnet\sdk\10.0.201\Microsoft.Common.CurrentVersion.targets(2451,5): warning MSB3277:             C:\Program Files\dotnet\packs\Microsoft.NETCore.App.Ref\8.0.25\ref/net8.0/System.Security.dll [C:\Users\ultra\warewolf\Dev\Dev2.Activities.Tests\Dev2.Activities.Tests.csproj]
C:\Program Files\dotnet\sdk\10.0.201\Microsoft.Common.CurrentVersion.targets(2451,5): warning MSB3277:             C:\Program Files\dotnet\packs\Microsoft.NETCore.App.Ref\8.0.25\ref/net8.0/System.ServiceProcess.dll [C:\Users\ultra\warewolf\Dev\Dev2.Activities.Tests\Dev2.Activities.Tests.csproj]
C:\Program Files\dotnet\sdk\10.0.201\Microsoft.Common.CurrentVersion.targets(2451,5): warning MSB3277:             C:\Program Files\dotnet\packs\Microsoft.NETCore.App.Ref\8.0.25\ref/net8.0/System.Transactions.dll [C:\Users\ultra\warewolf\Dev\Dev2.Activities.Tests\Dev2.Activities.Tests.csproj]
C:\Program Files\dotnet\sdk\10.0.201\Microsoft.Common.CurrentVersion.targets(2451,5): warning MSB3277:             C:\Program Files\dotnet\packs\Microsoft.NETCore.App.Ref\8.0.25\ref/net8.0/System.dll [C:\Users\ultra\warewolf\Dev\Dev2.Activities.Tests\Dev2.Activities.Tests.csproj]
C:\Program Files\dotnet\sdk\10.0.201\Microsoft.Common.CurrentVersion.targets(2451,5): warning MSB3277:             C:\Users\ultra\.nuget\packages\microsoft.xaml.behaviors.wpf\1.1.122\lib\net462\Microsoft.Xaml.Behaviors.dll [C:\Users\ultra\warewolf\Dev\Dev2.Activities.Tests\Dev2.Activities.Tests.csproj]
C:\Program Files\dotnet\sdk\10.0.201\Microsoft.Common.CurrentVersion.targets(2451,5): warning MSB3277:             C:\Users\ultra\.nuget\packages\caliburn.micro\4.0.212\lib\netcoreapp3.1\Caliburn.Micro.Platform.dll [C:\Users\ultra\warewolf\Dev\Dev2.Activities.Tests\Dev2.Activities.Tests.csproj]
C:\Program Files\dotnet\sdk\10.0.201\Microsoft.Common.CurrentVersion.targets(2451,5): warning MSB3277:             C:\Users\ultra\.nuget\packages\reactiveui.wpf\18.4.1\lib\net462\ReactiveUI.Wpf.dll [C:\Users\ultra\warewolf\Dev\Dev2.Activities.Tests\Dev2.Activities.Tests.csproj]
C:\Program Files\dotnet\sdk\10.0.201\Microsoft.Common.CurrentVersion.targets(2451,5): warning MSB3277:             C:\Users\ultra\.nuget\packages\ttcue.netcore.sharepointonline.csom.16.1.8029.1200\16.1.8029.1200\lib\netcoreapp2.0\Microsoft.SharePoint.Client.Runtime.Windows.dll [C:\Users\ultra\warewolf\Dev\Dev2.Activities.Tests\Dev2.Activities.Tests.csproj]
C:\Program Files\dotnet\sdk\10.0.201\Microsoft.Common.CurrentVersion.targets(2451,5): warning MSB3277:             C:\Program Files\dotnet\packs\Microsoft.NETCore.App.Ref\8.0.25\ref/net8.0/WindowsBase.dll [C:\Users\ultra\warewolf\Dev\Dev2.Activities.Tests\Dev2.Activities.Tests.csproj]
C:\Program Files\dotnet\sdk\10.0.201\Microsoft.Common.CurrentVersion.targets(2451,5): warning MSB3277:             C:\Program Files\dotnet\packs\Microsoft.NETCore.App.Ref\8.0.25\ref/net8.0/mscorlib.dll [C:\Users\ultra\warewolf\Dev\Dev2.Activities.Tests\Dev2.Activities.Tests.csproj]
C:\Program Files\dotnet\sdk\10.0.201\Microsoft.Common.CurrentVersion.targets(2451,5): warning MSB3277:             C:\Users\ultra\.nuget\packages\hangfire.core\1.7.32\lib\netstandard2.0\Hangfire.Core.dll [C:\Users\ultra\warewolf\Dev\Dev2.Activities.Tests\Dev2.Activities.Tests.csproj]
C:\Program Files\dotnet\sdk\10.0.201\Microsoft.Common.CurrentVersion.targets(2451,5): warning MSB3277:             C:\Users\ultra\.nuget\packages\hangfire.sqlserver\1.7.32\lib\netstandard2.0\Hangfire.SqlServer.dll [C:\Users\ultra\warewolf\Dev\Dev2.Activities.Tests\Dev2.Activities.Tests.csproj]
C:\Program Files\dotnet\sdk\10.0.201\Microsoft.Common.CurrentVersion.targets(2451,5): warning MSB3277:             C:\Users\ultra\.nuget\packages\microsoft.codecoverage\17.13.0\lib\netcoreapp3.1\Microsoft.VisualStudio.CodeCoverage.Shim.dll [C:\Users\ultra\warewolf\Dev\Dev2.Activities.Tests\Dev2.Activities.Tests.csproj]
C:\Program Files\dotnet\sdk\10.0.201\Microsoft.Common.CurrentVersion.targets(2451,5): warning MSB3277:         C:\Program Files\dotnet\packs\Microsoft.NETCore.App.Ref\8.0.25\ref\net8.0\System.Drawing.dll [C:\Users\ultra\warewolf\Dev\Dev2.Activities.Tests\Dev2.Activities.Tests.csproj]
C:\Program Files\dotnet\sdk\10.0.201\Microsoft.Common.CurrentVersion.targets(2451,5): warning MSB3277:           Project file item includes which caused reference "C:\Program Files\dotnet\packs\Microsoft.NETCore.App.Ref\8.0.25\ref\net8.0\System.Drawing.dll". [C:\Users\ultra\warewolf\Dev\Dev2.Activities.Tests\Dev2.Activities.Tests.csproj]
C:\Program Files\dotnet\sdk\10.0.201\Microsoft.Common.CurrentVersion.targets(2451,5): warning MSB3277:             C:\Program Files\dotnet\packs\Microsoft.NETCore.App.Ref\8.0.25\ref/net8.0/System.Drawing.dll [C:\Users\ultra\warewolf\Dev\Dev2.Activities.Tests\Dev2.Activities.Tests.csproj]
C:\Program Files\dotnet\sdk\10.0.201\Microsoft.Common.CurrentVersion.targets(2451,5): warning MSB3277:             C:\Users\ultra\.nuget\packages\aerowizard\2.3.1\lib\net45\AeroWizard.dll [C:\Users\ultra\warewolf\Dev\Dev2.Activities.Tests\Dev2.Activities.Tests.csproj]
C:\Program Files\dotnet\sdk\10.0.201\Microsoft.Common.CurrentVersion.targets(2451,5): warning MSB3277:             C:\Users\ultra\.nuget\packages\groupcontrols\1.9.0\lib\net45\GroupControls.dll [C:\Users\ultra\warewolf\Dev\Dev2.Activities.Tests\Dev2.Activities.Tests.csproj]
C:\Program Files\dotnet\sdk\10.0.201\Microsoft.Common.CurrentVersion.targets(2451,5): warning MSB3277:             C:\Users\ultra\.nuget\packages\taskschedulereditor\2.10.1\lib\net452\Microsoft.Win32.TaskSchedulerEditor.dll [C:\Users\ultra\warewolf\Dev\Dev2.Activities.Tests\Dev2.Activities.Tests.csproj]
C:\Users\ultra\warewolf\Dev\Dev2.Activities.Tests\Activities\DsfComDllActivityTests.cs(299,35): warning CS0618: 'DsfComDllActivity' is obsolete: 'DsfWebPostActivity is deprecated.' [C:\Users\ultra\warewolf\Dev\Dev2.Activities.Tests\Dev2.Activities.Tests.csproj]
C:\Users\ultra\warewolf\Dev\Dev2.Activities.Tests\Activities\DsfComDllActivityTests.cs(38,30): warning CS0618: 'DsfComDllActivity' is obsolete: 'DsfWebPostActivity is deprecated.' [C:\Users\ultra\warewolf\Dev\Dev2.Activities.Tests\Dev2.Activities.Tests.csproj]
C:\Users\ultra\warewolf\Dev\Dev2.Activities.Tests\Activities\DsfComDllActivityTests.cs(57,30): warning CS0618: 'DsfComDllActivity' is obsolete: 'DsfWebPostActivity is deprecated.' [C:\Users\ultra\warewolf\Dev\Dev2.Activities.Tests\Dev2.Activities.Tests.csproj]
C:\Users\ultra\warewolf\Dev\Dev2.Activities.Tests\Activities\DsfComDllActivityTests.cs(89,30): warning CS0618: 'DsfComDllActivity' is obsolete: 'DsfWebPostActivity is deprecated.' [C:\Users\ultra\warewolf\Dev\Dev2.Activities.Tests\Dev2.Activities.Tests.csproj]
C:\Users\ultra\warewolf\Dev\Dev2.Activities.Tests\Activities\DsfComDllActivityTests.cs(144,30): warning CS0618: 'DsfComDllActivity' is obsolete: 'DsfWebPostActivity is deprecated.' [C:\Users\ultra\warewolf\Dev\Dev2.Activities.Tests\Dev2.Activities.Tests.csproj]
C:\Users\ultra\warewolf\Dev\Dev2.Activities.Tests\Activities\DsfComDllActivityTests.cs(207,30): warning CS0618: 'DsfComDllActivity' is obsolete: 'DsfWebPostActivity is deprecated.' [C:\Users\ultra\warewolf\Dev\Dev2.Activities.Tests\Dev2.Activities.Tests.csproj]
C:\Users\ultra\warewolf\Dev\Dev2.Activities.Tests\Activities\DsfComDllActivityTests.cs(222,30): warning CS0618: 'DsfComDllActivity' is obsolete: 'DsfWebPostActivity is deprecated.' [C:\Users\ultra\warewolf\Dev\Dev2.Activities.Tests\Dev2.Activities.Tests.csproj]
C:\Users\ultra\warewolf\Dev\Dev2.Activities.Tests\Activities\DsfComDllActivityTests.cs(237,30): warning CS0618: 'DsfComDllActivity' is obsolete: 'DsfWebPostActivity is deprecated.' [C:\Users\ultra\warewolf\Dev\Dev2.Activities.Tests\Dev2.Activities.Tests.csproj]
C:\Users\ultra\warewolf\Dev\Dev2.Activities.Tests\Activities\DsfComDllActivityTests.cs(252,30): warning CS0618: 'DsfComDllActivity' is obsolete: 'DsfWebPostActivity is deprecated.' [C:\Users\ultra\warewolf\Dev\Dev2.Activities.Tests\Dev2.Activities.Tests.csproj]
C:\Users\ultra\warewolf\Dev\Dev2.Activities.Tests\Activities\DsfComDllActivityTests.cs(267,30): warning CS0618: 'DsfComDllActivity' is obsolete: 'DsfWebPostActivity is deprecated.' [C:\Users\ultra\warewolf\Dev\Dev2.Activities.Tests\Dev2.Activities.Tests.csproj]
C:\Users\ultra\warewolf\Dev\Dev2.Activities.Tests\Activities\DsfComDllActivityTests.cs(284,30): warning CS0618: 'DsfComDllActivity' is obsolete: 'DsfWebPostActivity is deprecated.' [C:\Users\ultra\warewolf\Dev\Dev2.Activities.Tests\Dev2.Activities.Tests.csproj]
C:\Users\ultra\warewolf\Dev\Dev2.Activities.Tests\ActivityComparerTests\ComDll\DsfComDllActivityEqualityTests.cs(34,30): warning CS0618: 'DsfComDllActivity' is obsolete: 'DsfWebPostActivity is deprecated.' [C:\Users\ultra\warewolf\Dev\Dev2.Activities.Tests\Dev2.Activities.Tests.csproj]
C:\Users\ultra\warewolf\Dev\Dev2.Activities.Tests\ActivityComparerTests\ComDll\DsfComDllActivityEqualityTests.cs(52,30): warning CS0618: 'DsfComDllActivity' is obsolete: 'DsfWebPostActivity is deprecated.' [C:\Users\ultra\warewolf\Dev\Dev2.Activities.Tests\Dev2.Activities.Tests.csproj]
C:\Users\ultra\warewolf\Dev\Dev2.Activities.Tests\ActivityComparerTests\ComDll\DsfComDllActivityEqualityTests.cs(70,30): warning CS0618: 'DsfComDllActivity' is obsolete: 'DsfWebPostActivity is deprecated.' [C:\Users\ultra\warewolf\Dev\Dev2.Activities.Tests\Dev2.Activities.Tests.csproj]
C:\Users\ultra\warewolf\Dev\Dev2.Activities.Tests\ActivityComparerTests\ComDll\DsfComDllActivityEqualityTests.cs(88,30): warning CS0618: 'DsfComDllActivity' is obsolete: 'DsfWebPostActivity is deprecated.' [C:\Users\ultra\warewolf\Dev\Dev2.Activities.Tests\Dev2.Activities.Tests.csproj]
C:\Users\ultra\warewolf\Dev\Dev2.Activities.Tests\ActivityComparerTests\ComDll\DsfComDllActivityEqualityTests.cs(106,30): warning CS0618: 'DsfComDllActivity' is obsolete: 'DsfWebPostActivity is deprecated.' [C:\Users\ultra\warewolf\Dev\Dev2.Activities.Tests\Dev2.Activities.Tests.csproj]
C:\Users\ultra\warewolf\Dev\Dev2.Activities.Tests\ActivityComparerTests\ComDll\DsfComDllActivityEqualityTests.cs(124,30): warning CS0618: 'DsfComDllActivity' is obsolete: 'DsfWebPostActivity is deprecated.' [C:\Users\ultra\warewolf\Dev\Dev2.Activities.Tests\Dev2.Activities.Tests.csproj]
C:\Users\ultra\warewolf\Dev\Dev2.Activities.Tests\ActivityComparerTests\ComDll\DsfComDllActivityEqualityTests.cs(162,30): warning CS0618: 'DsfComDllActivity' is obsolete: 'DsfWebPostActivity is deprecated.' [C:\Users\ultra\warewolf\Dev\Dev2.Activities.Tests\Dev2.Activities.Tests.csproj]
C:\Users\ultra\warewolf\Dev\Dev2.Activities.Tests\ActivityComparerTests\ComDll\DsfComDllActivityEqualityTests.cs(199,30): warning CS0618: 'DsfComDllActivity' is obsolete: 'DsfWebPostActivity is deprecated.' [C:\Users\ultra\warewolf\Dev\Dev2.Activities.Tests\Dev2.Activities.Tests.csproj]
C:\Users\ultra\warewolf\Dev\Dev2.Activities.Tests\ActivityComparerTests\ComDll\DsfComDllActivityEqualityTests.cs(239,30): warning CS0618: 'DsfComDllActivity' is obsolete: 'DsfWebPostActivity is deprecated.' [C:\Users\ultra\warewolf\Dev\Dev2.Activities.Tests\Dev2.Activities.Tests.csproj]
C:\Users\ultra\warewolf\Dev\Dev2.Activities.Tests\ActivityComparerTests\ComDll\DsfComDllActivityEqualityTests.cs(279,30): warning CS0618: 'DsfComDllActivity' is obsolete: 'DsfWebPostActivity is deprecated.' [C:\Users\ultra\warewolf\Dev\Dev2.Activities.Tests\Dev2.Activities.Tests.csproj]
C:\Users\ultra\warewolf\Dev\Dev2.Activities.Tests\ActivityComparerTests\ComDll\DsfComDllActivityEqualityTests.cs(324,30): warning CS0618: 'DsfComDllActivity' is obsolete: 'DsfWebPostActivity is deprecated.' [C:\Users\ultra\warewolf\Dev\Dev2.Activities.Tests\Dev2.Activities.Tests.csproj]
C:\Users\ultra\warewolf\Dev\Dev2.Activities.Tests\ActivityComparerTests\ComDll\DsfComDllActivityEqualityTests.cs(366,30): warning CS0618: 'DsfComDllActivity' is obsolete: 'DsfWebPostActivity is deprecated.' [C:\Users\ultra\warewolf\Dev\Dev2.Activities.Tests\Dev2.Activities.Tests.csproj]
C:\Users\ultra\warewolf\Dev\Dev2.Activities.Tests\ActivityComparerTests\ComDll\DsfComDllActivityEqualityTests.cs(416,30): warning CS0618: 'DsfComDllActivity' is obsolete: 'DsfWebPostActivity is deprecated.' [C:\Users\ultra\warewolf\Dev\Dev2.Activities.Tests\Dev2.Activities.Tests.csproj]
C:\Users\ultra\warewolf\Dev\Dev2.Activities.Tests\ActivityComparerTests\ComDll\DsfComDllActivityEqualityTests.cs(468,30): warning CS0618: 'DsfComDllActivity' is obsolete: 'DsfWebPostActivity is deprecated.' [C:\Users\ultra\warewolf\Dev\Dev2.Activities.Tests\Dev2.Activities.Tests.csproj]
C:\Users\ultra\warewolf\Dev\Dev2.Activities.Tests\ActivityComparerTests\ComDll\DsfComDllActivityEqualityTests.cs(532,30): warning CS0618: 'DsfComDllActivity' is obsolete: 'DsfWebPostActivity is deprecated.' [C:\Users\ultra\warewolf\Dev\Dev2.Activities.Tests\Dev2.Activities.Tests.csproj]
C:\Users\ultra\warewolf\Dev\Dev2.Activities.Tests\ActivityComparerTests\ComDll\DsfComDllActivityEqualityTests.cs(596,30): warning CS0618: 'DsfComDllActivity' is obsolete: 'DsfWebPostActivity is deprecated.' [C:\Users\ultra\warewolf\Dev\Dev2.Activities.Tests\Dev2.Activities.Tests.csproj]
C:\Users\ultra\warewolf\Dev\Dev2.Activities.Tests\ActivityComparerTests\ComDll\DsfComDllActivityEqualityTests.cs(680,30): warning CS0618: 'DsfComDllActivity' is obsolete: 'DsfWebPostActivity is deprecated.' [C:\Users\ultra\warewolf\Dev\Dev2.Activities.Tests\Dev2.Activities.Tests.csproj]
C:\Users\ultra\warewolf\Dev\Dev2.Activities.Tests\ActivityComparerTests\ComDll\DsfComDllActivityEqualityTests.cs(764,30): warning CS0618: 'DsfComDllActivity' is obsolete: 'DsfWebPostActivity is deprecated.' [C:\Users\ultra\warewolf\Dev\Dev2.Activities.Tests\Dev2.Activities.Tests.csproj]
C:\Users\ultra\warewolf\Dev\Dev2.Activities.Tests\ActivityComparerTests\ComDll\DsfComDllActivityEqualityTests.cs(846,30): warning CS0618: 'DsfComDllActivity' is obsolete: 'DsfWebPostActivity is deprecated.' [C:\Users\ultra\warewolf\Dev\Dev2.Activities.Tests\Dev2.Activities.Tests.csproj]
C:\Users\ultra\warewolf\Dev\Dev2.Activities.Tests\ActivityComparerTests\ComDll\DsfComDllActivityEqualityTests.cs(930,30): warning CS0618: 'DsfComDllActivity' is obsolete: 'DsfWebPostActivity is deprecated.' [C:\Users\ultra\warewolf\Dev\Dev2.Activities.Tests\Dev2.Activities.Tests.csproj]
C:\Users\ultra\warewolf\Dev\Dev2.Activities.Tests\ActivityComparerTests\ComDll\DsfComDllActivityEqualityTests.cs(1031,30): warning CS0618: 'DsfComDllActivity' is obsolete: 'DsfWebPostActivity is deprecated.' [C:\Users\ultra\warewolf\Dev\Dev2.Activities.Tests\Dev2.Activities.Tests.csproj]
C:\Users\ultra\warewolf\Dev\Dev2.Activities.Tests\ActivityComparerTests\ComDll\DsfComDllActivityEqualityTests.cs(1112,30): warning CS0618: 'DsfComDllActivity' is obsolete: 'DsfWebPostActivity is deprecated.' [C:\Users\ultra\warewolf\Dev\Dev2.Activities.Tests\Dev2.Activities.Tests.csproj]
C:\Users\ultra\warewolf\Dev\Dev2.Activities.Tests\ActivityComparerTests\ComDll\DsfComDllActivityEqualityTests.cs(1199,30): warning CS0618: 'DsfComDllActivity' is obsolete: 'DsfWebPostActivity is deprecated.' [C:\Users\ultra\warewolf\Dev\Dev2.Activities.Tests\Dev2.Activities.Tests.csproj]
C:\Users\ultra\warewolf\Dev\Dev2.Activities.Tests\ActivityComparerTests\ComDll\DsfComDllActivityEqualityTests.cs(1263,30): warning CS0618: 'DsfComDllActivity' is obsolete: 'DsfWebPostActivity is deprecated.' [C:\Users\ultra\warewolf\Dev\Dev2.Activities.Tests\Dev2.Activities.Tests.csproj]
C:\Users\ultra\warewolf\Dev\Dev2.Activities.Tests\ActivityComparerTests\ComDll\DsfComDllActivityEqualityTests.cs(1328,30): warning CS0618: 'DsfComDllActivity' is obsolete: 'DsfWebPostActivity is deprecated.' [C:\Users\ultra\warewolf\Dev\Dev2.Activities.Tests\Dev2.Activities.Tests.csproj]
C:\Users\ultra\warewolf\Dev\Dev2.Activities.Tests\ActivityComparerTests\ComDll\DsfComDllActivityEqualityTests.cs(1396,30): warning CS0618: 'DsfComDllActivity' is obsolete: 'DsfWebPostActivity is deprecated.' [C:\Users\ultra\warewolf\Dev\Dev2.Activities.Tests\Dev2.Activities.Tests.csproj]
C:\Users\ultra\warewolf\Dev\Dev2.Activities.Tests\ActivityComparerTests\ComDll\DsfComDllActivityEqualityTests.cs(1469,30): warning CS0618: 'DsfComDllActivity' is obsolete: 'DsfWebPostActivity is deprecated.' [C:\Users\ultra\warewolf\Dev\Dev2.Activities.Tests\Dev2.Activities.Tests.csproj]
C:\Users\ultra\warewolf\Dev\Dev2.Activities.Tests\ActivityComparerTests\ComDll\DsfComDllActivityEqualityTests.cs(1541,30): warning CS0618: 'DsfComDllActivity' is obsolete: 'DsfWebPostActivity is deprecated.' [C:\Users\ultra\warewolf\Dev\Dev2.Activities.Tests\Dev2.Activities.Tests.csproj]
C:\Users\ultra\warewolf\Dev\Dev2.Activities.Tests\ActivityComparerTests\ComDll\DsfComDllActivityEqualityTests.cs(1607,30): warning CS0618: 'DsfComDllActivity' is obsolete: 'DsfWebPostActivity is deprecated.' [C:\Users\ultra\warewolf\Dev\Dev2.Activities.Tests\Dev2.Activities.Tests.csproj]
C:\Users\ultra\warewolf\Dev\Dev2.Activities.Tests\ActivityComparerTests\ComDll\DsfComDllActivityEqualityTests.cs(1675,30): warning CS0618: 'DsfComDllActivity' is obsolete: 'DsfWebPostActivity is deprecated.' [C:\Users\ultra\warewolf\Dev\Dev2.Activities.Tests\Dev2.Activities.Tests.csproj]
C:\Users\ultra\warewolf\Dev\Dev2.Activities.Tests\ActivityComparerTests\ComDll\DsfComDllActivityEqualityTests.cs(1745,30): warning CS0618: 'DsfComDllActivity' is obsolete: 'DsfWebPostActivity is deprecated.' [C:\Users\ultra\warewolf\Dev\Dev2.Activities.Tests\Dev2.Activities.Tests.csproj]
C:\Users\ultra\warewolf\Dev\Dev2.Activities.Tests\Activities\DsfComDllActivityTests.cs(274,23): warning CS0618: 'DsfComDllActivity' is obsolete: 'DsfWebPostActivity is deprecated.' [C:\Users\ultra\warewolf\Dev\Dev2.Activities.Tests\Dev2.Activities.Tests.csproj]
C:\Users\ultra\warewolf\Dev\Dev2.Activities.Tests\ActivityComparerTests\ComDll\DsfComDllActivityEqualityTests.cs(39,32): warning CS0618: 'DsfComDllActivity' is obsolete: 'DsfWebPostActivity is deprecated.' [C:\Users\ultra\warewolf\Dev\Dev2.Activities.Tests\Dev2.Activities.Tests.csproj]
C:\Users\ultra\warewolf\Dev\Dev2.Activities.Tests\ActivityComparerTests\ComDll\DsfComDllActivityEqualityTests.cs(40,33): warning CS0618: 'DsfComDllActivity' is obsolete: 'DsfWebPostActivity is deprecated.' [C:\Users\ultra\warewolf\Dev\Dev2.Activities.Tests\Dev2.Activities.Tests.csproj]
C:\Users\ultra\warewolf\Dev\Dev2.Activities.Tests\ActivityComparerTests\ComDll\DsfComDllActivityEqualityTests.cs(57,32): warning CS0618: 'DsfComDllActivity' is obsolete: 'DsfWebPostActivity is deprecated.' [C:\Users\ultra\warewolf\Dev\Dev2.Activities.Tests\Dev2.Activities.Tests.csproj]
C:\Users\ultra\warewolf\Dev\Dev2.Activities.Tests\ActivityComparerTests\ComDll\DsfComDllActivityEqualityTests.cs(58,33): warning CS0618: 'DsfComDllActivity' is obsolete: 'DsfWebPostActivity is deprecated.' [C:\Users\ultra\warewolf\Dev\Dev2.Activities.Tests\Dev2.Activities.Tests.csproj]
C:\Users\ultra\warewolf\Dev\Dev2.Activities.Tests\ActivityComparerTests\ComDll\DsfComDllActivityEqualityTests.cs(75,32): warning CS0618: 'DsfComDllActivity' is obsolete: 'DsfWebPostActivity is deprecated.' [C:\Users\ultra\warewolf\Dev\Dev2.Activities.Tests\Dev2.Activities.Tests.csproj]
C:\Users\ultra\warewolf\Dev\Dev2.Activities.Tests\ActivityComparerTests\ComDll\DsfComDllActivityEqualityTests.cs(76,33): warning CS0618: 'DsfComDllActivity' is obsolete: 'DsfWebPostActivity is deprecated.' [C:\Users\ultra\warewolf\Dev\Dev2.Activities.Tests\Dev2.Activities.Tests.csproj]
C:\Users\ultra\warewolf\Dev\Dev2.Activities.Tests\ActivityComparerTests\ComDll\DsfComDllActivityEqualityTests.cs(93,32): warning CS0618: 'DsfComDllActivity' is obsolete: 'DsfWebPostActivity is deprecated.' [C:\Users\ultra\warewolf\Dev\Dev2.Activities.Tests\Dev2.Activities.Tests.csproj]
C:\Users\ultra\warewolf\Dev\Dev2.Activities.Tests\ActivityComparerTests\ComDll\DsfComDllActivityEqualityTests.cs(94,33): warning CS0618: 'DsfComDllActivity' is obsolete: 'DsfWebPostActivity is deprecated.' [C:\Users\ultra\warewolf\Dev\Dev2.Activities.Tests\Dev2.Activities.Tests.csproj]
C:\Users\ultra\warewolf\Dev\Dev2.Activities.Tests\ActivityComparerTests\ComDll\DsfComDllActivityEqualityTests.cs(111,32): warning CS0618: 'DsfComDllActivity' is obsolete: 'DsfWebPostActivity is deprecated.' [C:\Users\ultra\warewolf\Dev\Dev2.Activities.Tests\Dev2.Activities.Tests.csproj]
C:\Users\ultra\warewolf\Dev\Dev2.Activities.Tests\ActivityComparerTests\ComDll\DsfComDllActivityEqualityTests.cs(112,33): warning CS0618: 'DsfComDllActivity' is obsolete: 'DsfWebPostActivity is deprecated.' [C:\Users\ultra\warewolf\Dev\Dev2.Activities.Tests\Dev2.Activities.Tests.csproj]
C:\Users\ultra\warewolf\Dev\Dev2.Activities.Tests\ActivityComparerTests\ComDll\DsfComDllActivityEqualityTests.cs(139,32): warning CS0618: 'DsfComDllActivity' is obsolete: 'DsfWebPostActivity is deprecated.' [C:\Users\ultra\warewolf\Dev\Dev2.Activities.Tests\Dev2.Activities.Tests.csproj]
C:\Users\ultra\warewolf\Dev\Dev2.Activities.Tests\ActivityComparerTests\ComDll\DsfComDllActivityEqualityTests.cs(145,33): warning CS0618: 'DsfComDllActivity' is obsolete: 'DsfWebPostActivity is deprecated.' [C:\Users\ultra\warewolf\Dev\Dev2.Activities.Tests\Dev2.Activities.Tests.csproj]
C:\Users\ultra\warewolf\Dev\Dev2.Activities.Tests\ActivityComparerTests\ComDll\DsfComDllActivityEqualityTests.cs(176,32): warning CS0618: 'DsfComDllActivity' is obsolete: 'DsfWebPostActivity is deprecated.' [C:\Users\ultra\warewolf\Dev\Dev2.Activities.Tests\Dev2.Activities.Tests.csproj]
C:\Users\ultra\warewolf\Dev\Dev2.Activities.Tests\ActivityComparerTests\ComDll\DsfComDllActivityEqualityTests.cs(182,33): warning CS0618: 'DsfComDllActivity' is obsolete: 'DsfWebPostActivity is deprecated.' [C:\Users\ultra\warewolf\Dev\Dev2.Activities.Tests\Dev2.Activities.Tests.csproj]
C:\Users\ultra\warewolf\Dev\Dev2.Activities.Tests\ActivityComparerTests\ComDll\DsfComDllActivityEqualityTests.cs(216,32): warning CS0618: 'DsfComDllActivity' is obsolete: 'DsfWebPostActivity is deprecated.' [C:\Users\ultra\warewolf\Dev\Dev2.Activities.Tests\Dev2.Activities.Tests.csproj]
C:\Users\ultra\warewolf\Dev\Dev2.Activities.Tests\ActivityComparerTests\ComDll\DsfComDllActivityEqualityTests.cs(222,33): warning CS0618: 'DsfComDllActivity' is obsolete: 'DsfWebPostActivity is deprecated.' [C:\Users\ultra\warewolf\Dev\Dev2.Activities.Tests\Dev2.Activities.Tests.csproj]
C:\Users\ultra\warewolf\Dev\Dev2.Activities.Tests\ActivityComparerTests\ComDll\DsfComDllActivityEqualityTests.cs(256,32): warning CS0618: 'DsfComDllActivity' is obsolete: 'DsfWebPostActivity is deprecated.' [C:\Users\ultra\warewolf\Dev\Dev2.Activities.Tests\Dev2.Activities.Tests.csproj]
C:\Users\ultra\warewolf\Dev\Dev2.Activities.Tests\ActivityComparerTests\ComDll\DsfComDllActivityEqualityTests.cs(262,33): warning CS0618: 'DsfComDllActivity' is obsolete: 'DsfWebPostActivity is deprecated.' [C:\Users\ultra\warewolf\Dev\Dev2.Activities.Tests\Dev2.Activities.Tests.csproj]
C:\Users\ultra\warewolf\Dev\Dev2.Activities.Tests\ActivityComparerTests\ComDll\DsfComDllActivityEqualityTests.cs(298,32): warning CS0618: 'DsfComDllActivity' is obsolete: 'DsfWebPostActivity is deprecated.' [C:\Users\ultra\warewolf\Dev\Dev2.Activities.Tests\Dev2.Activities.Tests.csproj]
C:\Users\ultra\warewolf\Dev\Dev2.Activities.Tests\ActivityComparerTests\ComDll\DsfComDllActivityEqualityTests.cs(306,33): warning CS0618: 'DsfComDllActivity' is obsolete: 'DsfWebPostActivity is deprecated.' [C:\Users\ultra\warewolf\Dev\Dev2.Activities.Tests\Dev2.Activities.Tests.csproj]
C:\Users\ultra\warewolf\Dev\Dev2.Activities.Tests\ActivityComparerTests\ComDll\DsfComDllActivityEqualityTests.cs(343,32): warning CS0618: 'DsfComDllActivity' is obsolete: 'DsfWebPostActivity is deprecated.' [C:\Users\ultra\warewolf\Dev\Dev2.Activities.Tests\Dev2.Activities.Tests.csproj]
C:\Users\ultra\warewolf\Dev\Dev2.Activities.Tests\ActivityComparerTests\ComDll\DsfComDllActivityEqualityTests.cs(349,33): warning CS0618: 'DsfComDllActivity' is obsolete: 'DsfWebPostActivity is deprecated.' [C:\Users\ultra\warewolf\Dev\Dev2.Activities.Tests\Dev2.Activities.Tests.csproj]
C:\Users\ultra\warewolf\Dev\Dev2.Activities.Tests\ActivityComparerTests\ComDll\DsfComDllActivityEqualityTests.cs(393,32): warning CS0618: 'DsfComDllActivity' is obsolete: 'DsfWebPostActivity is deprecated.' [C:\Users\ultra\warewolf\Dev\Dev2.Activities.Tests\Dev2.Activities.Tests.csproj]
C:\Users\ultra\warewolf\Dev\Dev2.Activities.Tests\ActivityComparerTests\ComDll\DsfComDllActivityEqualityTests.cs(399,33): warning CS0618: 'DsfComDllActivity' is obsolete: 'DsfWebPostActivity is deprecated.' [C:\Users\ultra\warewolf\Dev\Dev2.Activities.Tests\Dev2.Activities.Tests.csproj]
C:\Users\ultra\warewolf\Dev\Dev2.Activities.Tests\ActivityComparerTests\ComDll\DsfComDllActivityEqualityTests.cs(445,32): warning CS0618: 'DsfComDllActivity' is obsolete: 'DsfWebPostActivity is deprecated.' [C:\Users\ultra\warewolf\Dev\Dev2.Activities.Tests\Dev2.Activities.Tests.csproj]
C:\Users\ultra\warewolf\Dev\Dev2.Activities.Tests\ActivityComparerTests\ComDll\DsfComDllActivityEqualityTests.cs(451,33): warning CS0618: 'DsfComDllActivity' is obsolete: 'DsfWebPostActivity is deprecated.' [C:\Users\ultra\warewolf\Dev\Dev2.Activities.Tests\Dev2.Activities.Tests.csproj]
C:\Users\ultra\warewolf\Dev\Dev2.Activities.Tests\ActivityComparerTests\ComDll\DsfComDllActivityEqualityTests.cs(507,32): warning CS0618: 'DsfComDllActivity' is obsolete: 'DsfWebPostActivity is deprecated.' [C:\Users\ultra\warewolf\Dev\Dev2.Activities.Tests\Dev2.Activities.Tests.csproj]
C:\Users\ultra\warewolf\Dev\Dev2.Activities.Tests\ActivityComparerTests\ComDll\DsfComDllActivityEqualityTests.cs(514,33): warning CS0618: 'DsfComDllActivity' is obsolete: 'DsfWebPostActivity is deprecated.' [C:\Users\ultra\warewolf\Dev\Dev2.Activities.Tests\Dev2.Activities.Tests.csproj]
C:\Users\ultra\warewolf\Dev\Dev2.Activities.Tests\ActivityComparerTests\ComDll\DsfComDllActivityEqualityTests.cs(571,32): warning CS0618: 'DsfComDllActivity' is obsolete: 'DsfWebPostActivity is deprecated.' [C:\Users\ultra\warewolf\Dev\Dev2.Activities.Tests\Dev2.Activities.Tests.csproj]
C:\Users\ultra\warewolf\Dev\Dev2.Activities.Tests\ActivityComparerTests\ComDll\DsfComDllActivityEqualityTests.cs(578,33): warning CS0618: 'DsfComDllActivity' is obsolete: 'DsfWebPostActivity is deprecated.' [C:\Users\ultra\warewolf\Dev\Dev2.Activities.Tests\Dev2.Activities.Tests.csproj]
C:\Users\ultra\warewolf\Dev\Dev2.Activities.Tests\ActivityComparerTests\ComDll\DsfComDllActivityEqualityTests.cs(655,32): warning CS0618: 'DsfComDllActivity' is obsolete: 'DsfWebPostActivity is deprecated.' [C:\Users\ultra\warewolf\Dev\Dev2.Activities.Tests\Dev2.Activities.Tests.csproj]
C:\Users\ultra\warewolf\Dev\Dev2.Activities.Tests\ActivityComparerTests\ComDll\DsfComDllActivityEqualityTests.cs(662,33): warning CS0618: 'DsfComDllActivity' is obsolete: 'DsfWebPostActivity is deprecated.' [C:\Users\ultra\warewolf\Dev\Dev2.Activities.Tests\Dev2.Activities.Tests.csproj]
C:\Users\ultra\warewolf\Dev\Dev2.Activities.Tests\ActivityComparerTests\ComDll\DsfComDllActivityEqualityTests.cs(739,32): warning CS0618: 'DsfComDllActivity' is obsolete: 'DsfWebPostActivity is deprecated.' [C:\Users\ultra\warewolf\Dev\Dev2.Activities.Tests\Dev2.Activities.Tests.csproj]
C:\Users\ultra\warewolf\Dev\Dev2.Activities.Tests\ActivityComparerTests\ComDll\DsfComDllActivityEqualityTests.cs(746,33): warning CS0618: 'DsfComDllActivity' is obsolete: 'DsfWebPostActivity is deprecated.' [C:\Users\ultra\warewolf\Dev\Dev2.Activities.Tests\Dev2.Activities.Tests.csproj]
C:\Users\ultra\warewolf\Dev\Dev2.Activities.Tests\ActivityComparerTests\ComDll\DsfComDllActivityEqualityTests.cs(821,32): warning CS0618: 'DsfComDllActivity' is obsolete: 'DsfWebPostActivity is deprecated.' [C:\Users\ultra\warewolf\Dev\Dev2.Activities.Tests\Dev2.Activities.Tests.csproj]
C:\Users\ultra\warewolf\Dev\Dev2.Activities.Tests\ActivityComparerTests\ComDll\DsfComDllActivityEqualityTests.cs(828,33): warning CS0618: 'DsfComDllActivity' is obsolete: 'DsfWebPostActivity is deprecated.' [C:\Users\ultra\warewolf\Dev\Dev2.Activities.Tests\Dev2.Activities.Tests.csproj]
C:\Users\ultra\warewolf\Dev\Dev2.Activities.Tests\ActivityComparerTests\ComDll\DsfComDllActivityEqualityTests.cs(905,32): warning CS0618: 'DsfComDllActivity' is obsolete: 'DsfWebPostActivity is deprecated.' [C:\Users\ultra\warewolf\Dev\Dev2.Activities.Tests\Dev2.Activities.Tests.csproj]
C:\Users\ultra\warewolf\Dev\Dev2.Activities.Tests\ActivityComparerTests\ComDll\DsfComDllActivityEqualityTests.cs(912,33): warning CS0618: 'DsfComDllActivity' is obsolete: 'DsfWebPostActivity is deprecated.' [C:\Users\ultra\warewolf\Dev\Dev2.Activities.Tests\Dev2.Activities.Tests.csproj]
C:\Users\ultra\warewolf\Dev\Dev2.Activities.Tests\ActivityComparerTests\ComDll\DsfComDllActivityEqualityTests.cs(1003,32): warning CS0618: 'DsfComDllActivity' is obsolete: 'DsfWebPostActivity is deprecated.' [C:\Users\ultra\warewolf\Dev\Dev2.Activities.Tests\Dev2.Activities.Tests.csproj]
C:\Users\ultra\warewolf\Dev\Dev2.Activities.Tests\ActivityComparerTests\ComDll\DsfComDllActivityEqualityTests.cs(1012,33): warning CS0618: 'DsfComDllActivity' is obsolete: 'DsfWebPostActivity is deprecated.' [C:\Users\ultra\warewolf\Dev\Dev2.Activities.Tests\Dev2.Activities.Tests.csproj]
C:\Users\ultra\warewolf\Dev\Dev2.Activities.Tests\ActivityComparerTests\ComDll\DsfComDllActivityEqualityTests.cs(1088,32): warning CS0618: 'DsfComDllActivity' is obsolete: 'DsfWebPostActivity is deprecated.' [C:\Users\ultra\warewolf\Dev\Dev2.Activities.Tests\Dev2.Activities.Tests.csproj]
C:\Users\ultra\warewolf\Dev\Dev2.Activities.Tests\ActivityComparerTests\ComDll\DsfComDllActivityEqualityTests.cs(1095,33): warning CS0618: 'DsfComDllActivity' is obsolete: 'DsfWebPostActivity is deprecated.' [C:\Users\ultra\warewolf\Dev\Dev2.Activities.Tests\Dev2.Activities.Tests.csproj]
C:\Users\ultra\warewolf\Dev\Dev2.Activities.Tests\ActivityComparerTests\ComDll\DsfComDllActivityEqualityTests.cs(1171,32): warning CS0618: 'DsfComDllActivity' is obsolete: 'DsfWebPostActivity is deprecated.' [C:\Users\ultra\warewolf\Dev\Dev2.Activities.Tests\Dev2.Activities.Tests.csproj]
C:\Users\ultra\warewolf\Dev\Dev2.Activities.Tests\ActivityComparerTests\ComDll\DsfComDllActivityEqualityTests.cs(1180,33): warning CS0618: 'DsfComDllActivity' is obsolete: 'DsfWebPostActivity is deprecated.' [C:\Users\ultra\warewolf\Dev\Dev2.Activities.Tests\Dev2.Activities.Tests.csproj]
C:\Users\ultra\warewolf\Dev\Dev2.Activities.Tests\ActivityComparerTests\ComDll\DsfComDllActivityEqualityTests.cs(1238,32): warning CS0618: 'DsfComDllActivity' is obsolete: 'DsfWebPostActivity is deprecated.' [C:\Users\ultra\warewolf\Dev\Dev2.Activities.Tests\Dev2.Activities.Tests.csproj]
C:\Users\ultra\warewolf\Dev\Dev2.Activities.Tests\ActivityComparerTests\ComDll\DsfComDllActivityEqualityTests.cs(1245,33): warning CS0618: 'DsfComDllActivity' is obsolete: 'DsfWebPostActivity is deprecated.' [C:\Users\ultra\warewolf\Dev\Dev2.Activities.Tests\Dev2.Activities.Tests.csproj]
C:\Users\ultra\warewolf\Dev\Dev2.Activities.Tests\ActivityComparerTests\ComDll\DsfComDllActivityEqualityTests.cs(1304,32): warning CS0618: 'DsfComDllActivity' is obsolete: 'DsfWebPostActivity is deprecated.' [C:\Users\ultra\warewolf\Dev\Dev2.Activities.Tests\Dev2.Activities.Tests.csproj]
C:\Users\ultra\warewolf\Dev\Dev2.Activities.Tests\ActivityComparerTests\ComDll\DsfComDllActivityEqualityTests.cs(1311,33): warning CS0618: 'DsfComDllActivity' is obsolete: 'DsfWebPostActivity is deprecated.' [C:\Users\ultra\warewolf\Dev\Dev2.Activities.Tests\Dev2.Activities.Tests.csproj]
C:\Users\ultra\warewolf\Dev\Dev2.Activities.Tests\ActivityComparerTests\ComDll\DsfComDllActivityEqualityTests.cs(1371,32): warning CS0618: 'DsfComDllActivity' is obsolete: 'DsfWebPostActivity is deprecated.' [C:\Users\ultra\warewolf\Dev\Dev2.Activities.Tests\Dev2.Activities.Tests.csproj]
C:\Users\ultra\warewolf\Dev\Dev2.Activities.Tests\ActivityComparerTests\ComDll\DsfComDllActivityEqualityTests.cs(1378,33): warning CS0618: 'DsfComDllActivity' is obsolete: 'DsfWebPostActivity is deprecated.' [C:\Users\ultra\warewolf\Dev\Dev2.Activities.Tests\Dev2.Activities.Tests.csproj]
C:\Users\ultra\warewolf\Dev\Dev2.Activities.Tests\ActivityComparerTests\ComDll\DsfComDllActivityEqualityTests.cs(1441,32): warning CS0618: 'DsfComDllActivity' is obsolete: 'DsfWebPostActivity is deprecated.' [C:\Users\ultra\warewolf\Dev\Dev2.Activities.Tests\Dev2.Activities.Tests.csproj]
C:\Users\ultra\warewolf\Dev\Dev2.Activities.Tests\ActivityComparerTests\ComDll\DsfComDllActivityEqualityTests.cs(1450,33): warning CS0618: 'DsfComDllActivity' is obsolete: 'DsfWebPostActivity is deprecated.' [C:\Users\ultra\warewolf\Dev\Dev2.Activities.Tests\Dev2.Activities.Tests.csproj]
C:\Users\ultra\warewolf\Dev\Dev2.Activities.Tests\ActivityComparerTests\ComDll\DsfComDllActivityEqualityTests.cs(1516,32): warning CS0618: 'DsfComDllActivity' is obsolete: 'DsfWebPostActivity is deprecated.' [C:\Users\ultra\warewolf\Dev\Dev2.Activities.Tests\Dev2.Activities.Tests.csproj]
C:\Users\ultra\warewolf\Dev\Dev2.Activities.Tests\ActivityComparerTests\ComDll\DsfComDllActivityEqualityTests.cs(1523,33): warning CS0618: 'DsfComDllActivity' is obsolete: 'DsfWebPostActivity is deprecated.' [C:\Users\ultra\warewolf\Dev\Dev2.Activities.Tests\Dev2.Activities.Tests.csproj]
C:\Users\ultra\warewolf\Dev\Dev2.Activities.Tests\ActivityComparerTests\ComDll\DsfComDllActivityEqualityTests.cs(1582,32): warning CS0618: 'DsfComDllActivity' is obsolete: 'DsfWebPostActivity is deprecated.' [C:\Users\ultra\warewolf\Dev\Dev2.Activities.Tests\Dev2.Activities.Tests.csproj]
C:\Users\ultra\warewolf\Dev\Dev2.Activities.Tests\ActivityComparerTests\ComDll\DsfComDllActivityEqualityTests.cs(1589,33): warning CS0618: 'DsfComDllActivity' is obsolete: 'DsfWebPostActivity is deprecated.' [C:\Users\ultra\warewolf\Dev\Dev2.Activities.Tests\Dev2.Activities.Tests.csproj]
C:\Users\ultra\warewolf\Dev\Dev2.Activities.Tests\ActivityComparerTests\ComDll\DsfComDllActivityEqualityTests.cs(1650,32): warning CS0618: 'DsfComDllActivity' is obsolete: 'DsfWebPostActivity is deprecated.' [C:\Users\ultra\warewolf\Dev\Dev2.Activities.Tests\Dev2.Activities.Tests.csproj]
C:\Users\ultra\warewolf\Dev\Dev2.Activities.Tests\ActivityComparerTests\ComDll\DsfComDllActivityEqualityTests.cs(1657,33): warning CS0618: 'DsfComDllActivity' is obsolete: 'DsfWebPostActivity is deprecated.' [C:\Users\ultra\warewolf\Dev\Dev2.Activities.Tests\Dev2.Activities.Tests.csproj]
C:\Users\ultra\warewolf\Dev\Dev2.Activities.Tests\ActivityComparerTests\ComDll\DsfComDllActivityEqualityTests.cs(1720,32): warning CS0618: 'DsfComDllActivity' is obsolete: 'DsfWebPostActivity is deprecated.' [C:\Users\ultra\warewolf\Dev\Dev2.Activities.Tests\Dev2.Activities.Tests.csproj]
C:\Users\ultra\warewolf\Dev\Dev2.Activities.Tests\ActivityComparerTests\ComDll\DsfComDllActivityEqualityTests.cs(1727,33): warning CS0618: 'DsfComDllActivity' is obsolete: 'DsfWebPostActivity is deprecated.' [C:\Users\ultra\warewolf\Dev\Dev2.Activities.Tests\Dev2.Activities.Tests.csproj]
C:\Users\ultra\warewolf\Dev\Dev2.Activities.Tests\ActivityComparerTests\ComDll\DsfComDllActivityEqualityTests.cs(1792,32): warning CS0618: 'DsfComDllActivity' is obsolete: 'DsfWebPostActivity is deprecated.' [C:\Users\ultra\warewolf\Dev\Dev2.Activities.Tests\Dev2.Activities.Tests.csproj]
C:\Users\ultra\warewolf\Dev\Dev2.Activities.Tests\ActivityComparerTests\ComDll\DsfComDllActivityEqualityTests.cs(1799,33): warning CS0618: 'DsfComDllActivity' is obsolete: 'DsfWebPostActivity is deprecated.' [C:\Users\ultra\warewolf\Dev\Dev2.Activities.Tests\Dev2.Activities.Tests.csproj]
C:\Users\ultra\warewolf\Dev\Dev2.Activities.Tests\ActivityTests\ExecuteCommandLineTest.cs(41,43): warning CS0618: 'TestContext.TestDir' is obsolete: 'This property is deprecated, use TestRunDirectory instead. It will be removed in next version.' [C:\Users\ultra\warewolf\Dev\Dev2.Activities.Tests\Dev2.Activities.Tests.csproj]
C:\Users\ultra\warewolf\Dev\Dev2.Activities.Tests\ActivityTests\ExecuteCommandLineTest.cs(105,47): warning CS0618: 'TestContext.TestDeploymentDir' is obsolete: 'This property is deprecated, use DeploymentDirectory instead. It will be removed in next version.' [C:\Users\ultra\warewolf\Dev\Dev2.Activities.Tests\Dev2.Activities.Tests.csproj]
C:\Users\ultra\warewolf\Dev\Dev2.Activities.Tests\ActivityTests\ZipTests.cs(33,28): warning MSTEST0005: Property 'TestContext' should be valid (https://learn.microsoft.com/dotnet/core/testing/mstest-analyzers/mstest0005) [C:\Users\ultra\warewolf\Dev\Dev2.Activities.Tests\Dev2.Activities.Tests.csproj]
C:\Users\ultra\warewolf\Dev\Dev2.Activities.Tests\FindMissingStrategyTest\StaticActivityFindMissingStrategyTests.cs(26,21): warning MSTEST0005: Property 'TestContext' should be valid (https://learn.microsoft.com/dotnet/core/testing/mstest-analyzers/mstest0005) [C:\Users\ultra\warewolf\Dev\Dev2.Activities.Tests\Dev2.Activities.Tests.csproj]
C:\Users\ultra\warewolf\Dev\Dev2.Activities.Tests\ActivityTests\SuspendExecutionActivityTests.cs(738,60): warning CA1416: This call site is reachable on all platforms. 'WindowsIdentity.GetCurrent()' is only supported on: 'windows'. (https://learn.microsoft.com/dotnet/fundamentals/code-analysis/quality-rules/ca1416) [C:\Users\ultra\warewolf\Dev\Dev2.Activities.Tests\Dev2.Activities.Tests.csproj]
C:\Users\ultra\warewolf\Dev\Dev2.Activities.Tests\ActivityTests\SuspendExecutionActivityTests.cs(613,58): warning CA1416: This call site is reachable on all platforms. 'WindowsIdentity.GetCurrent()' is only supported on: 'windows'. (https://learn.microsoft.com/dotnet/fundamentals/code-analysis/quality-rules/ca1416) [C:\Users\ultra\warewolf\Dev\Dev2.Activities.Tests\Dev2.Activities.Tests.csproj]
C:\Users\ultra\warewolf\Dev\Dev2.Activities.Tests\ActivityTests\SuspendExecutionActivityTests.cs(923,58): warning CA1416: This call site is reachable on all platforms. 'WindowsIdentity.GetCurrent()' is only supported on: 'windows'. (https://learn.microsoft.com/dotnet/fundamentals/code-analysis/quality-rules/ca1416) [C:\Users\ultra\warewolf\Dev\Dev2.Activities.Tests\Dev2.Activities.Tests.csproj]
C:\Users\ultra\warewolf\Dev\Dev2.Activities.Tests\ActivityTests\SuspendExecutionActivityTests.cs(1027,58): warning CA1416: This call site is reachable on all platforms. 'WindowsIdentity.GetCurrent()' is only supported on: 'windows'. (https://learn.microsoft.com/dotnet/fundamentals/code-analysis/quality-rules/ca1416) [C:\Users\ultra\warewolf\Dev\Dev2.Activities.Tests\Dev2.Activities.Tests.csproj]
C:\Users\ultra\warewolf\Dev\Dev2.Activities.Tests\ActivityTests\SuspendExecutionActivityTests.cs(699,58): warning CA1416: This call site is reachable on all platforms. 'WindowsIdentity.GetCurrent()' is only supported on: 'windows'. (https://learn.microsoft.com/dotnet/fundamentals/code-analysis/quality-rules/ca1416) [C:\Users\ultra\warewolf\Dev\Dev2.Activities.Tests\Dev2.Activities.Tests.csproj]
C:\Users\ultra\warewolf\Dev\Dev2.Activities.Tests\ActivityTests\SuspendExecutionActivityTests.cs(738,60): warning CA1416: This call site is reachable on all platforms. 'WindowsIdentity.Name' is only supported on: 'windows'. (https://learn.microsoft.com/dotnet/fundamentals/code-analysis/quality-rules/ca1416) [C:\Users\ultra\warewolf\Dev\Dev2.Activities.Tests\Dev2.Activities.Tests.csproj]
C:\Users\ultra\warewolf\Dev\Dev2.Activities.Tests\ActivityTests\SuspendExecutionActivityTests.cs(651,60): warning CA1416: This call site is reachable on all platforms. 'WindowsIdentity.Name' is only supported on: 'windows'. (https://learn.microsoft.com/dotnet/fundamentals/code-analysis/quality-rules/ca1416) [C:\Users\ultra\warewolf\Dev\Dev2.Activities.Tests\Dev2.Activities.Tests.csproj]
C:\Users\ultra\warewolf\Dev\Dev2.Activities.Tests\ActivityTests\SuspendExecutionActivityTests.cs(651,60): warning CA1416: This call site is reachable on all platforms. 'WindowsIdentity.GetCurrent()' is only supported on: 'windows'. (https://learn.microsoft.com/dotnet/fundamentals/code-analysis/quality-rules/ca1416) [C:\Users\ultra\warewolf\Dev\Dev2.Activities.Tests\Dev2.Activities.Tests.csproj]
  Dev2.Activities.Tests -> C:\Users\ultra\warewolf\Dev\Dev2.Activities.Tests\bin\Debug\net8.0\linux-x64\Dev2.Activities.Tests.dll
  Dev2.Activities.Tests -> C:\Users\ultra\warewolf\Bin\ServerTests-Linux\Dev2.Activities.Tests\
Publishing Dev2.Common.Tests for linux-x64...
  Determining projects to restore...
C:\Users\ultra\warewolf\Dev\Dev2.CustomControls\Dev2.CustomControls.csproj(135,14): warning MSB4130: The condition "'$(TargetFramework)' != '' and ($(TargetFramework.EndsWith('-windows')) or '$(TargetFramework)' == 'net48') Or '$(TargetFrameworkIdentifier)' == '.NETFramework'" may have been evaluated incorrectly in an earlier version of MSBuild. Please verify that the order of the AND and OR clauses is written as intended. To avoid this warning, add parentheses to make the evaluation order explicit.
C:\Users\ultra\warewolf\Dev\Warewolf.Language.Parser\Warewolf.Language.Parser.fsproj : warning NU1504: Duplicate 'PackageReference' items found. Remove the duplicate items or use the Update functionality to ensure a consistent restore behavior. The duplicate 'PackageReference' items are: FSharp.Core 10.1.201, FSharp.Core 4.6.2.
C:\Users\ultra\warewolf\Dev\Dev2.Studio.Interfaces\Dev2.Studio.Interfaces.csproj : warning NU1701: Package 'AeroWizard 2.3.1' was restored using '.NETFramework,Version=v4.6.1, .NETFramework,Version=v4.6.2, .NETFramework,Version=v4.7, .NETFramework,Version=v4.7.1, .NETFramework,Version=v4.7.2, .NETFramework,Version=v4.8, .NETFramework,Version=v4.8.1' instead of the project target framework 'net8.0'. This package may not be fully compatible with your project. [C:\Users\ultra\warewolf\Dev\Dev2.Common.Tests\Dev2.Common.Tests.csproj]
C:\Users\ultra\warewolf\Dev\Dev2.Activities\Dev2.Activities.csproj : warning NU1903: Package 'Microsoft.Windows.Compatibility' 6.0.0 has a known high severity vulnerability, https://github.com/advisories/GHSA-555c-2p6r-68mm [C:\Users\ultra\warewolf\Dev\Dev2.Common.Tests\Dev2.Common.Tests.csproj]
C:\Users\ultra\warewolf\Dev\Warewolf.Studio.Core\Warewolf.Studio.Core.csproj : warning NU1701: Package 'AeroWizard 2.3.1' was restored using '.NETFramework,Version=v4.6.1, .NETFramework,Version=v4.6.2, .NETFramework,Version=v4.7, .NETFramework,Version=v4.7.1, .NETFramework,Version=v4.7.2, .NETFramework,Version=v4.8, .NETFramework,Version=v4.8.1' instead of the project target framework 'net8.0'. This package may not be fully compatible with your project. [C:\Users\ultra\warewolf\Dev\Dev2.Common.Tests\Dev2.Common.Tests.csproj]
C:\Users\ultra\warewolf\Dev\Dev2.Services.Execution\Dev2.Services.Execution.csproj : warning NU1701: Package 'AeroWizard 2.3.1' was restored using '.NETFramework,Version=v4.6.1, .NETFramework,Version=v4.6.2, .NETFramework,Version=v4.7, .NETFramework,Version=v4.7.1, .NETFramework,Version=v4.7.2, .NETFramework,Version=v4.8, .NETFramework,Version=v4.8.1' instead of the project target framework 'net8.0'. This package may not be fully compatible with your project. [C:\Users\ultra\warewolf\Dev\Dev2.Common.Tests\Dev2.Common.Tests.csproj]
C:\Users\ultra\warewolf\Dev\Warewolf.Testing\Warewolf.Testing.csproj : warning NU1701: Package 'AeroWizard 2.3.1' was restored using '.NETFramework,Version=v4.6.1, .NETFramework,Version=v4.6.2, .NETFramework,Version=v4.7, .NETFramework,Version=v4.7.1, .NETFramework,Version=v4.7.2, .NETFramework,Version=v4.8, .NETFramework,Version=v4.8.1' instead of the project target framework 'net8.0'. This package may not be fully compatible with your project. [C:\Users\ultra\warewolf\Dev\Dev2.Common.Tests\Dev2.Common.Tests.csproj]
C:\Users\ultra\warewolf\Dev\Dev2.Studio.Interfaces\Dev2.Studio.Interfaces.csproj : warning NU1701: Package 'GroupControls 1.9.0' was restored using '.NETFramework,Version=v4.6.1, .NETFramework,Version=v4.6.2, .NETFramework,Version=v4.7, .NETFramework,Version=v4.7.1, .NETFramework,Version=v4.7.2, .NETFramework,Version=v4.8, .NETFramework,Version=v4.8.1' instead of the project target framework 'net8.0'. This package may not be fully compatible with your project. [C:\Users\ultra\warewolf\Dev\Dev2.Common.Tests\Dev2.Common.Tests.csproj]
C:\Users\ultra\warewolf\Dev\Dev2.Services.Execution\Dev2.Services.Execution.csproj : warning NU1701: Package 'GroupControls 1.9.0' was restored using '.NETFramework,Version=v4.6.1, .NETFramework,Version=v4.6.2, .NETFramework,Version=v4.7, .NETFramework,Version=v4.7.1, .NETFramework,Version=v4.7.2, .NETFramework,Version=v4.8, .NETFramework,Version=v4.8.1' instead of the project target framework 'net8.0'. This package may not be fully compatible with your project. [C:\Users\ultra\warewolf\Dev\Dev2.Common.Tests\Dev2.Common.Tests.csproj]
C:\Users\ultra\warewolf\Dev\Warewolf.Studio.Core\Warewolf.Studio.Core.csproj : warning NU1701: Package 'GroupControls 1.9.0' was restored using '.NETFramework,Version=v4.6.1, .NETFramework,Version=v4.6.2, .NETFramework,Version=v4.7, .NETFramework,Version=v4.7.1, .NETFramework,Version=v4.7.2, .NETFramework,Version=v4.8, .NETFramework,Version=v4.8.1' instead of the project target framework 'net8.0'. This package may not be fully compatible with your project. [C:\Users\ultra\warewolf\Dev\Dev2.Common.Tests\Dev2.Common.Tests.csproj]
C:\Users\ultra\warewolf\Dev\Dev2.Studio.Interfaces\Dev2.Studio.Interfaces.csproj : warning NU1701: Package 'Microsoft.Xaml.Behaviors.Wpf 1.1.122' was restored using '.NETFramework,Version=v4.6.1, .NETFramework,Version=v4.6.2, .NETFramework,Version=v4.7, .NETFramework,Version=v4.7.1, .NETFramework,Version=v4.7.2, .NETFramework,Version=v4.8, .NETFramework,Version=v4.8.1' instead of the project target framework 'net8.0'. This package may not be fully compatible with your project. [C:\Users\ultra\warewolf\Dev\Dev2.Common.Tests\Dev2.Common.Tests.csproj]
C:\Users\ultra\warewolf\Dev\Dev2.Activities\Dev2.Activities.csproj : warning NU1701: Package 'AeroWizard 2.3.1' was restored using '.NETFramework,Version=v4.6.1, .NETFramework,Version=v4.6.2, .NETFramework,Version=v4.7, .NETFramework,Version=v4.7.1, .NETFramework,Version=v4.7.2, .NETFramework,Version=v4.8, .NETFramework,Version=v4.8.1' instead of the project target framework 'net8.0'. This package may not be fully compatible with your project. [C:\Users\ultra\warewolf\Dev\Dev2.Common.Tests\Dev2.Common.Tests.csproj]
C:\Users\ultra\warewolf\Dev\Dev2.Runtime.Configuration\Dev2.Runtime.Configuration.csproj : warning NU1903: Package 'Microsoft.Windows.Compatibility' 6.0.0 has a known high severity vulnerability, https://github.com/advisories/GHSA-555c-2p6r-68mm [C:\Users\ultra\warewolf\Dev\Dev2.Common.Tests\Dev2.Common.Tests.csproj]
C:\Users\ultra\warewolf\Dev\Dev2.Services.Execution\Dev2.Services.Execution.csproj : warning NU1701: Package 'ReactiveUI.WPF 18.4.1' was restored using '.NETFramework,Version=v4.6.1, .NETFramework,Version=v4.6.2, .NETFramework,Version=v4.7, .NETFramework,Version=v4.7.1, .NETFramework,Version=v4.7.2, .NETFramework,Version=v4.8, .NETFramework,Version=v4.8.1' instead of the project target framework 'net8.0'. This package may not be fully compatible with your project. [C:\Users\ultra\warewolf\Dev\Dev2.Common.Tests\Dev2.Common.Tests.csproj]
C:\Users\ultra\warewolf\Dev\Warewolf.Testing\Warewolf.Testing.csproj : warning NU1701: Package 'GroupControls 1.9.0' was restored using '.NETFramework,Version=v4.6.1, .NETFramework,Version=v4.6.2, .NETFramework,Version=v4.7, .NETFramework,Version=v4.7.1, .NETFramework,Version=v4.7.2, .NETFramework,Version=v4.8, .NETFramework,Version=v4.8.1' instead of the project target framework 'net8.0'. This package may not be fully compatible with your project. [C:\Users\ultra\warewolf\Dev\Dev2.Common.Tests\Dev2.Common.Tests.csproj]
C:\Users\ultra\warewolf\Dev\Dev2.Activities\Dev2.Activities.csproj : warning NU1701: Package 'GroupControls 1.9.0' was restored using '.NETFramework,Version=v4.6.1, .NETFramework,Version=v4.6.2, .NETFramework,Version=v4.7, .NETFramework,Version=v4.7.1, .NETFramework,Version=v4.7.2, .NETFramework,Version=v4.8, .NETFramework,Version=v4.8.1' instead of the project target framework 'net8.0'. This package may not be fully compatible with your project. [C:\Users\ultra\warewolf\Dev\Dev2.Common.Tests\Dev2.Common.Tests.csproj]
C:\Users\ultra\warewolf\Dev\Dev2.Services.Execution\Dev2.Services.Execution.csproj : warning NU1701: Package 'TaskSchedulerEditor 2.10.1' was restored using '.NETFramework,Version=v4.6.1, .NETFramework,Version=v4.6.2, .NETFramework,Version=v4.7, .NETFramework,Version=v4.7.1, .NETFramework,Version=v4.7.2, .NETFramework,Version=v4.8, .NETFramework,Version=v4.8.1' instead of the project target framework 'net8.0'. This package may not be fully compatible with your project. [C:\Users\ultra\warewolf\Dev\Dev2.Common.Tests\Dev2.Common.Tests.csproj]
C:\Users\ultra\warewolf\Dev\Warewolf.Testing\Warewolf.Testing.csproj : warning NU1701: Package 'Microsoft.Xaml.Behaviors.Wpf 1.1.122' was restored using '.NETFramework,Version=v4.6.1, .NETFramework,Version=v4.6.2, .NETFramework,Version=v4.7, .NETFramework,Version=v4.7.1, .NETFramework,Version=v4.7.2, .NETFramework,Version=v4.8, .NETFramework,Version=v4.8.1' instead of the project target framework 'net8.0'. This package may not be fully compatible with your project. [C:\Users\ultra\warewolf\Dev\Dev2.Common.Tests\Dev2.Common.Tests.csproj]
C:\Users\ultra\warewolf\Dev\Warewolf.Studio.Core\Warewolf.Studio.Core.csproj : warning NU1701: Package 'Microsoft.Xaml.Behaviors.Wpf 1.1.122' was restored using '.NETFramework,Version=v4.6.1, .NETFramework,Version=v4.6.2, .NETFramework,Version=v4.7, .NETFramework,Version=v4.7.1, .NETFramework,Version=v4.7.2, .NETFramework,Version=v4.8, .NETFramework,Version=v4.8.1' instead of the project target framework 'net8.0'. This package may not be fully compatible with your project. [C:\Users\ultra\warewolf\Dev\Dev2.Common.Tests\Dev2.Common.Tests.csproj]
C:\Users\ultra\warewolf\Dev\Dev2.Activities\Dev2.Activities.csproj : warning NU1701: Package 'ReactiveUI.WPF 18.4.1' was restored using '.NETFramework,Version=v4.6.1, .NETFramework,Version=v4.6.2, .NETFramework,Version=v4.7, .NETFramework,Version=v4.7.1, .NETFramework,Version=v4.7.2, .NETFramework,Version=v4.8, .NETFramework,Version=v4.8.1' instead of the project target framework 'net8.0'. This package may not be fully compatible with your project. [C:\Users\ultra\warewolf\Dev\Dev2.Common.Tests\Dev2.Common.Tests.csproj]
C:\Users\ultra\warewolf\Dev\Warewolf.Testing\Warewolf.Testing.csproj : warning NU1701: Package 'Prism.Wpf 9.0.537' was restored using '.NETFramework,Version=v4.6.1, .NETFramework,Version=v4.6.2, .NETFramework,Version=v4.7, .NETFramework,Version=v4.7.1, .NETFramework,Version=v4.7.2, .NETFramework,Version=v4.8, .NETFramework,Version=v4.8.1' instead of the project target framework 'net8.0'. This package may not be fully compatible with your project. [C:\Users\ultra\warewolf\Dev\Dev2.Common.Tests\Dev2.Common.Tests.csproj]
C:\Users\ultra\warewolf\Dev\Dev2.Activities\Dev2.Activities.csproj : warning NU1701: Package 'TaskSchedulerEditor 2.10.1' was restored using '.NETFramework,Version=v4.6.1, .NETFramework,Version=v4.6.2, .NETFramework,Version=v4.7, .NETFramework,Version=v4.7.1, .NETFramework,Version=v4.7.2, .NETFramework,Version=v4.8, .NETFramework,Version=v4.8.1' instead of the project target framework 'net8.0'. This package may not be fully compatible with your project. [C:\Users\ultra\warewolf\Dev\Dev2.Common.Tests\Dev2.Common.Tests.csproj]
C:\Users\ultra\warewolf\Dev\Warewolf.Testing\Warewolf.Testing.csproj : warning NU1701: Package 'ReactiveUI.WPF 18.4.1' was restored using '.NETFramework,Version=v4.6.1, .NETFramework,Version=v4.6.2, .NETFramework,Version=v4.7, .NETFramework,Version=v4.7.1, .NETFramework,Version=v4.7.2, .NETFramework,Version=v4.8, .NETFramework,Version=v4.8.1' instead of the project target framework 'net8.0'. This package may not be fully compatible with your project. [C:\Users\ultra\warewolf\Dev\Dev2.Common.Tests\Dev2.Common.Tests.csproj]
C:\Users\ultra\warewolf\Dev\Warewolf.Studio.Core\Warewolf.Studio.Core.csproj : warning NU1701: Package 'Prism.Wpf 9.0.537' was restored using '.NETFramework,Version=v4.6.1, .NETFramework,Version=v4.6.2, .NETFramework,Version=v4.7, .NETFramework,Version=v4.7.1, .NETFramework,Version=v4.7.2, .NETFramework,Version=v4.8, .NETFramework,Version=v4.8.1' instead of the project target framework 'net8.0'. This package may not be fully compatible with your project. [C:\Users\ultra\warewolf\Dev\Dev2.Common.Tests\Dev2.Common.Tests.csproj]
C:\Users\ultra\warewolf\Dev\Dev2.Common.Interfaces\Dev2.Common.Interfaces.csproj : warning NU1903: Package 'Microsoft.Windows.Compatibility' 6.0.0 has a known high severity vulnerability, https://github.com/advisories/GHSA-555c-2p6r-68mm [C:\Users\ultra\warewolf\Dev\Dev2.Common.Tests\Dev2.Common.Tests.csproj]
C:\Users\ultra\warewolf\Dev\Warewolf.Studio.Core\Warewolf.Studio.Core.csproj : warning NU1701: Package 'ReactiveUI.WPF 18.4.1' was restored using '.NETFramework,Version=v4.6.1, .NETFramework,Version=v4.6.2, .NETFramework,Version=v4.7, .NETFramework,Version=v4.7.1, .NETFramework,Version=v4.7.2, .NETFramework,Version=v4.8, .NETFramework,Version=v4.8.1' instead of the project target framework 'net8.0'. This package may not be fully compatible with your project. [C:\Users\ultra\warewolf\Dev\Dev2.Common.Tests\Dev2.Common.Tests.csproj]
C:\Users\ultra\warewolf\Dev\Dev2.Runtime.Configuration\Dev2.Runtime.Configuration.csproj : warning NU1701: Package 'AeroWizard 2.3.1' was restored using '.NETFramework,Version=v4.6.1, .NETFramework,Version=v4.6.2, .NETFramework,Version=v4.7, .NETFramework,Version=v4.7.1, .NETFramework,Version=v4.7.2, .NETFramework,Version=v4.8, .NETFramework,Version=v4.8.1' instead of the project target framework 'net8.0'. This package may not be fully compatible with your project. [C:\Users\ultra\warewolf\Dev\Dev2.Common.Tests\Dev2.Common.Tests.csproj]
C:\Users\ultra\warewolf\Dev\Warewolf.Studio.Core\Warewolf.Studio.Core.csproj : warning NU1701: Package 'TaskSchedulerEditor 2.10.1' was restored using '.NETFramework,Version=v4.6.1, .NETFramework,Version=v4.6.2, .NETFramework,Version=v4.7, .NETFramework,Version=v4.7.1, .NETFramework,Version=v4.7.2, .NETFramework,Version=v4.8, .NETFramework,Version=v4.8.1' instead of the project target framework 'net8.0'. This package may not be fully compatible with your project. [C:\Users\ultra\warewolf\Dev\Dev2.Common.Tests\Dev2.Common.Tests.csproj]
C:\Users\ultra\warewolf\Dev\Warewolf.Testing\Warewolf.Testing.csproj : warning NU1701: Package 'TaskSchedulerEditor 2.10.1' was restored using '.NETFramework,Version=v4.6.1, .NETFramework,Version=v4.6.2, .NETFramework,Version=v4.7, .NETFramework,Version=v4.7.1, .NETFramework,Version=v4.7.2, .NETFramework,Version=v4.8, .NETFramework,Version=v4.8.1' instead of the project target framework 'net8.0'. This package may not be fully compatible with your project. [C:\Users\ultra\warewolf\Dev\Dev2.Common.Tests\Dev2.Common.Tests.csproj]
C:\Users\ultra\warewolf\Dev\Dev2.Runtime.Configuration\Dev2.Runtime.Configuration.csproj : warning NU1701: Package 'GroupControls 1.9.0' was restored using '.NETFramework,Version=v4.6.1, .NETFramework,Version=v4.6.2, .NETFramework,Version=v4.7, .NETFramework,Version=v4.7.1, .NETFramework,Version=v4.7.2, .NETFramework,Version=v4.8, .NETFramework,Version=v4.8.1' instead of the project target framework 'net8.0'. This package may not be fully compatible with your project. [C:\Users\ultra\warewolf\Dev\Dev2.Common.Tests\Dev2.Common.Tests.csproj]
C:\Users\ultra\warewolf\Dev\Dev2.Runtime.Configuration\Dev2.Runtime.Configuration.csproj : warning NU1701: Package 'TaskSchedulerEditor 2.10.1' was restored using '.NETFramework,Version=v4.6.1, .NETFramework,Version=v4.6.2, .NETFramework,Version=v4.7, .NETFramework,Version=v4.7.1, .NETFramework,Version=v4.7.2, .NETFramework,Version=v4.8, .NETFramework,Version=v4.8.1' instead of the project target framework 'net8.0'. This package may not be fully compatible with your project. [C:\Users\ultra\warewolf\Dev\Dev2.Common.Tests\Dev2.Common.Tests.csproj]
C:\Users\ultra\warewolf\Dev\Warewolf.Exchange.Email.Wrapper\Warewolf.Exchange.Email.Wrapper.csproj : warning NU1701: Package 'AeroWizard 2.3.1' was restored using '.NETFramework,Version=v4.6.1, .NETFramework,Version=v4.6.2, .NETFramework,Version=v4.7, .NETFramework,Version=v4.7.1, .NETFramework,Version=v4.7.2, .NETFramework,Version=v4.8, .NETFramework,Version=v4.8.1' instead of the project target framework 'net8.0'. This package may not be fully compatible with your project. [C:\Users\ultra\warewolf\Dev\Dev2.Common.Tests\Dev2.Common.Tests.csproj]
C:\Users\ultra\warewolf\Dev\Dev2.Common.Interfaces\Dev2.Common.Interfaces.csproj : warning NU1701: Package 'AeroWizard 2.3.1' was restored using '.NETFramework,Version=v4.6.1, .NETFramework,Version=v4.6.2, .NETFramework,Version=v4.7, .NETFramework,Version=v4.7.1, .NETFramework,Version=v4.7.2, .NETFramework,Version=v4.8, .NETFramework,Version=v4.8.1' instead of the project target framework 'net8.0'. This package may not be fully compatible with your project. [C:\Users\ultra\warewolf\Dev\Dev2.Common.Tests\Dev2.Common.Tests.csproj]
C:\Users\ultra\warewolf\Dev\Warewolf.Exchange.Email.Wrapper\Warewolf.Exchange.Email.Wrapper.csproj : warning NU1701: Package 'GroupControls 1.9.0' was restored using '.NETFramework,Version=v4.6.1, .NETFramework,Version=v4.6.2, .NETFramework,Version=v4.7, .NETFramework,Version=v4.7.1, .NETFramework,Version=v4.7.2, .NETFramework,Version=v4.8, .NETFramework,Version=v4.8.1' instead of the project target framework 'net8.0'. This package may not be fully compatible with your project. [C:\Users\ultra\warewolf\Dev\Dev2.Common.Tests\Dev2.Common.Tests.csproj]
C:\Users\ultra\warewolf\Dev\Dev2.Common.Interfaces\Dev2.Common.Interfaces.csproj : warning NU1701: Package 'GroupControls 1.9.0' was restored using '.NETFramework,Version=v4.6.1, .NETFramework,Version=v4.6.2, .NETFramework,Version=v4.7, .NETFramework,Version=v4.7.1, .NETFramework,Version=v4.7.2, .NETFramework,Version=v4.8, .NETFramework,Version=v4.8.1' instead of the project target framework 'net8.0'. This package may not be fully compatible with your project. [C:\Users\ultra\warewolf\Dev\Dev2.Common.Tests\Dev2.Common.Tests.csproj]
C:\Users\ultra\warewolf\Dev\Dev2.Common.Interfaces\Dev2.Common.Interfaces.csproj : warning NU1701: Package 'TaskSchedulerEditor 2.10.1' was restored using '.NETFramework,Version=v4.6.1, .NETFramework,Version=v4.6.2, .NETFramework,Version=v4.7, .NETFramework,Version=v4.7.1, .NETFramework,Version=v4.7.2, .NETFramework,Version=v4.8, .NETFramework,Version=v4.8.1' instead of the project target framework 'net8.0'. This package may not be fully compatible with your project. [C:\Users\ultra\warewolf\Dev\Dev2.Common.Tests\Dev2.Common.Tests.csproj]
C:\Users\ultra\warewolf\Dev\Warewolf.Exchange.Email.Wrapper\Warewolf.Exchange.Email.Wrapper.csproj : warning NU1701: Package 'ReactiveUI.WPF 18.4.1' was restored using '.NETFramework,Version=v4.6.1, .NETFramework,Version=v4.6.2, .NETFramework,Version=v4.7, .NETFramework,Version=v4.7.1, .NETFramework,Version=v4.7.2, .NETFramework,Version=v4.8, .NETFramework,Version=v4.8.1' instead of the project target framework 'net8.0'. This package may not be fully compatible with your project. [C:\Users\ultra\warewolf\Dev\Dev2.Common.Tests\Dev2.Common.Tests.csproj]
C:\Users\ultra\warewolf\Dev\Dev2.Common.Tests\Dev2.Common.Tests.csproj : warning NU1701: Package 'AeroWizard 2.3.1' was restored using '.NETFramework,Version=v4.6.1, .NETFramework,Version=v4.6.2, .NETFramework,Version=v4.7, .NETFramework,Version=v4.7.1, .NETFramework,Version=v4.7.2, .NETFramework,Version=v4.8, .NETFramework,Version=v4.8.1' instead of the project target framework 'net8.0'. This package may not be fully compatible with your project.
C:\Users\ultra\warewolf\Dev\Warewolf.Exchange.Email.Wrapper\Warewolf.Exchange.Email.Wrapper.csproj : warning NU1701: Package 'TaskSchedulerEditor 2.10.1' was restored using '.NETFramework,Version=v4.6.1, .NETFramework,Version=v4.6.2, .NETFramework,Version=v4.7, .NETFramework,Version=v4.7.1, .NETFramework,Version=v4.7.2, .NETFramework,Version=v4.8, .NETFramework,Version=v4.8.1' instead of the project target framework 'net8.0'. This package may not be fully compatible with your project. [C:\Users\ultra\warewolf\Dev\Dev2.Common.Tests\Dev2.Common.Tests.csproj]
C:\Users\ultra\warewolf\Dev\Dev2.Common.Tests\Dev2.Common.Tests.csproj : warning NU1701: Package 'GroupControls 1.9.0' was restored using '.NETFramework,Version=v4.6.1, .NETFramework,Version=v4.6.2, .NETFramework,Version=v4.7, .NETFramework,Version=v4.7.1, .NETFramework,Version=v4.7.2, .NETFramework,Version=v4.8, .NETFramework,Version=v4.8.1' instead of the project target framework 'net8.0'. This package may not be fully compatible with your project.
C:\Users\ultra\warewolf\Dev\Dev2.Common.Tests\Dev2.Common.Tests.csproj : warning NU1701: Package 'Microsoft.Xaml.Behaviors.Wpf 1.1.122' was restored using '.NETFramework,Version=v4.6.1, .NETFramework,Version=v4.6.2, .NETFramework,Version=v4.7, .NETFramework,Version=v4.7.1, .NETFramework,Version=v4.7.2, .NETFramework,Version=v4.8, .NETFramework,Version=v4.8.1' instead of the project target framework 'net8.0'. This package may not be fully compatible with your project.
C:\Users\ultra\warewolf\Dev\Dev2.Common.Tests\Dev2.Common.Tests.csproj : warning NU1701: Package 'Prism.Wpf 9.0.537' was restored using '.NETFramework,Version=v4.6.1, .NETFramework,Version=v4.6.2, .NETFramework,Version=v4.7, .NETFramework,Version=v4.7.1, .NETFramework,Version=v4.7.2, .NETFramework,Version=v4.8, .NETFramework,Version=v4.8.1' instead of the project target framework 'net8.0'. This package may not be fully compatible with your project.
C:\Users\ultra\warewolf\Dev\Dev2.Common.Tests\Dev2.Common.Tests.csproj : warning NU1701: Package 'ReactiveUI.WPF 18.4.1' was restored using '.NETFramework,Version=v4.6.1, .NETFramework,Version=v4.6.2, .NETFramework,Version=v4.7, .NETFramework,Version=v4.7.1, .NETFramework,Version=v4.7.2, .NETFramework,Version=v4.8, .NETFramework,Version=v4.8.1' instead of the project target framework 'net8.0'. This package may not be fully compatible with your project.
C:\Users\ultra\warewolf\Dev\Dev2.Common.Tests\Dev2.Common.Tests.csproj : warning NU1701: Package 'TaskSchedulerEditor 2.10.1' was restored using '.NETFramework,Version=v4.6.1, .NETFramework,Version=v4.6.2, .NETFramework,Version=v4.7, .NETFramework,Version=v4.7.1, .NETFramework,Version=v4.7.2, .NETFramework,Version=v4.8, .NETFramework,Version=v4.8.1' instead of the project target framework 'net8.0'. This package may not be fully compatible with your project.
C:\Users\ultra\warewolf\Dev\Dev2.Runtime.Services\Dev2.Runtime.Services.csproj : warning NU1902: Package 'MessagePack' 2.4.59 has a known moderate severity vulnerability, https://github.com/advisories/GHSA-4qm4-8hg2-g2xm [C:\Users\ultra\warewolf\Dev\Dev2.Common.Tests\Dev2.Common.Tests.csproj]
C:\Users\ultra\warewolf\Dev\Warewolf.Driver.Persistence\Warewolf.Driver.Persistence.csproj : warning NU1701: Package 'AeroWizard 2.3.1' was restored using '.NETFramework,Version=v4.6.1, .NETFramework,Version=v4.6.2, .NETFramework,Version=v4.7, .NETFramework,Version=v4.7.1, .NETFramework,Version=v4.7.2, .NETFramework,Version=v4.8, .NETFramework,Version=v4.8.1' instead of the project target framework 'net8.0'. This package may not be fully compatible with your project. [C:\Users\ultra\warewolf\Dev\Dev2.Common.Tests\Dev2.Common.Tests.csproj]
C:\Users\ultra\warewolf\Dev\Dev2.Runtime.Services\Dev2.Runtime.Services.csproj : warning NU1903: Package 'Microsoft.Windows.Compatibility' 6.0.0 has a known high severity vulnerability, https://github.com/advisories/GHSA-555c-2p6r-68mm [C:\Users\ultra\warewolf\Dev\Dev2.Common.Tests\Dev2.Common.Tests.csproj]
C:\Users\ultra\warewolf\Dev\Dev2.Runtime.Services\Dev2.Runtime.Services.csproj : warning NU1701: Package 'AeroWizard 2.3.1' was restored using '.NETFramework,Version=v4.6.1, .NETFramework,Version=v4.6.2, .NETFramework,Version=v4.7, .NETFramework,Version=v4.7.1, .NETFramework,Version=v4.7.2, .NETFramework,Version=v4.8, .NETFramework,Version=v4.8.1' instead of the project target framework 'net8.0'. This package may not be fully compatible with your project. [C:\Users\ultra\warewolf\Dev\Dev2.Common.Tests\Dev2.Common.Tests.csproj]
C:\Users\ultra\warewolf\Dev\Warewolf.Driver.Persistence\Warewolf.Driver.Persistence.csproj : warning NU1701: Package 'GroupControls 1.9.0' was restored using '.NETFramework,Version=v4.6.1, .NETFramework,Version=v4.6.2, .NETFramework,Version=v4.7, .NETFramework,Version=v4.7.1, .NETFramework,Version=v4.7.2, .NETFramework,Version=v4.8, .NETFramework,Version=v4.8.1' instead of the project target framework 'net8.0'. This package may not be fully compatible with your project. [C:\Users\ultra\warewolf\Dev\Dev2.Common.Tests\Dev2.Common.Tests.csproj]
C:\Users\ultra\warewolf\Dev\Dev2.Runtime.Services\Dev2.Runtime.Services.csproj : warning NU1701: Package 'GroupControls 1.9.0' was restored using '.NETFramework,Version=v4.6.1, .NETFramework,Version=v4.6.2, .NETFramework,Version=v4.7, .NETFramework,Version=v4.7.1, .NETFramework,Version=v4.7.2, .NETFramework,Version=v4.8, .NETFramework,Version=v4.8.1' instead of the project target framework 'net8.0'. This package may not be fully compatible with your project. [C:\Users\ultra\warewolf\Dev\Dev2.Common.Tests\Dev2.Common.Tests.csproj]
C:\Users\ultra\warewolf\Dev\Warewolf.Driver.Persistence\Warewolf.Driver.Persistence.csproj : warning NU1701: Package 'ReactiveUI.WPF 18.4.1' was restored using '.NETFramework,Version=v4.6.1, .NETFramework,Version=v4.6.2, .NETFramework,Version=v4.7, .NETFramework,Version=v4.7.1, .NETFramework,Version=v4.7.2, .NETFramework,Version=v4.8, .NETFramework,Version=v4.8.1' instead of the project target framework 'net8.0'. This package may not be fully compatible with your project. [C:\Users\ultra\warewolf\Dev\Dev2.Common.Tests\Dev2.Common.Tests.csproj]
C:\Users\ultra\warewolf\Dev\Warewolf.Driver.Serilog\Warewolf.Driver.Serilog.csproj : warning NU1701: Package 'AeroWizard 2.3.1' was restored using '.NETFramework,Version=v4.6.1, .NETFramework,Version=v4.6.2, .NETFramework,Version=v4.7, .NETFramework,Version=v4.7.1, .NETFramework,Version=v4.7.2, .NETFramework,Version=v4.8, .NETFramework,Version=v4.8.1' instead of the project target framework 'net8.0'. This package may not be fully compatible with your project. [C:\Users\ultra\warewolf\Dev\Dev2.Common.Tests\Dev2.Common.Tests.csproj]
C:\Users\ultra\warewolf\Dev\Dev2.Runtime.Services\Dev2.Runtime.Services.csproj : warning NU1701: Package 'ReactiveUI.WPF 18.4.1' was restored using '.NETFramework,Version=v4.6.1, .NETFramework,Version=v4.6.2, .NETFramework,Version=v4.7, .NETFramework,Version=v4.7.1, .NETFramework,Version=v4.7.2, .NETFramework,Version=v4.8, .NETFramework,Version=v4.8.1' instead of the project target framework 'net8.0'. This package may not be fully compatible with your project. [C:\Users\ultra\warewolf\Dev\Dev2.Common.Tests\Dev2.Common.Tests.csproj]
C:\Users\ultra\warewolf\Dev\Warewolf.Driver.Persistence\Warewolf.Driver.Persistence.csproj : warning NU1701: Package 'TaskSchedulerEditor 2.10.1' was restored using '.NETFramework,Version=v4.6.1, .NETFramework,Version=v4.6.2, .NETFramework,Version=v4.7, .NETFramework,Version=v4.7.1, .NETFramework,Version=v4.7.2, .NETFramework,Version=v4.8, .NETFramework,Version=v4.8.1' instead of the project target framework 'net8.0'. This package may not be fully compatible with your project. [C:\Users\ultra\warewolf\Dev\Dev2.Common.Tests\Dev2.Common.Tests.csproj]
C:\Users\ultra\warewolf\Dev\Dev2.Runtime.Services\Dev2.Runtime.Services.csproj : warning NU1701: Package 'TaskSchedulerEditor 2.10.1' was restored using '.NETFramework,Version=v4.6.1, .NETFramework,Version=v4.6.2, .NETFramework,Version=v4.7, .NETFramework,Version=v4.7.1, .NETFramework,Version=v4.7.2, .NETFramework,Version=v4.8, .NETFramework,Version=v4.8.1' instead of the project target framework 'net8.0'. This package may not be fully compatible with your project. [C:\Users\ultra\warewolf\Dev\Dev2.Common.Tests\Dev2.Common.Tests.csproj]
C:\Users\ultra\warewolf\Dev\Warewolf.Driver.Serilog\Warewolf.Driver.Serilog.csproj : warning NU1701: Package 'GroupControls 1.9.0' was restored using '.NETFramework,Version=v4.6.1, .NETFramework,Version=v4.6.2, .NETFramework,Version=v4.7, .NETFramework,Version=v4.7.1, .NETFramework,Version=v4.7.2, .NETFramework,Version=v4.8, .NETFramework,Version=v4.8.1' instead of the project target framework 'net8.0'. This package may not be fully compatible with your project. [C:\Users\ultra\warewolf\Dev\Dev2.Common.Tests\Dev2.Common.Tests.csproj]
C:\Users\ultra\warewolf\Dev\Warewolf.Driver.Serilog\Warewolf.Driver.Serilog.csproj : warning NU1701: Package 'ReactiveUI.WPF 18.4.1' was restored using '.NETFramework,Version=v4.6.1, .NETFramework,Version=v4.6.2, .NETFramework,Version=v4.7, .NETFramework,Version=v4.7.1, .NETFramework,Version=v4.7.2, .NETFramework,Version=v4.8, .NETFramework,Version=v4.8.1' instead of the project target framework 'net8.0'. This package may not be fully compatible with your project. [C:\Users\ultra\warewolf\Dev\Dev2.Common.Tests\Dev2.Common.Tests.csproj]
C:\Users\ultra\warewolf\Dev\Warewolf.Driver.Serilog\Warewolf.Driver.Serilog.csproj : warning NU1701: Package 'TaskSchedulerEditor 2.10.1' was restored using '.NETFramework,Version=v4.6.1, .NETFramework,Version=v4.6.2, .NETFramework,Version=v4.7, .NETFramework,Version=v4.7.1, .NETFramework,Version=v4.7.2, .NETFramework,Version=v4.8, .NETFramework,Version=v4.8.1' instead of the project target framework 'net8.0'. This package may not be fully compatible with your project. [C:\Users\ultra\warewolf\Dev\Dev2.Common.Tests\Dev2.Common.Tests.csproj]
C:\Users\ultra\warewolf\Dev\Dev2.Studio.Interfaces\Dev2.Studio.Interfaces.csproj : warning NU1701: Package 'Prism.Wpf 9.0.537' was restored using '.NETFramework,Version=v4.6.1, .NETFramework,Version=v4.6.2, .NETFramework,Version=v4.7, .NETFramework,Version=v4.7.1, .NETFramework,Version=v4.7.2, .NETFramework,Version=v4.8, .NETFramework,Version=v4.8.1' instead of the project target framework 'net8.0'. This package may not be fully compatible with your project. [C:\Users\ultra\warewolf\Dev\Dev2.Common.Tests\Dev2.Common.Tests.csproj]
C:\Users\ultra\warewolf\Dev\Dev2.Studio.Interfaces\Dev2.Studio.Interfaces.csproj : warning NU1701: Package 'ReactiveUI.WPF 18.4.1' was restored using '.NETFramework,Version=v4.6.1, .NETFramework,Version=v4.6.2, .NETFramework,Version=v4.7, .NETFramework,Version=v4.7.1, .NETFramework,Version=v4.7.2, .NETFramework,Version=v4.8, .NETFramework,Version=v4.8.1' instead of the project target framework 'net8.0'. This package may not be fully compatible with your project. [C:\Users\ultra\warewolf\Dev\Dev2.Common.Tests\Dev2.Common.Tests.csproj]
C:\Users\ultra\warewolf\Dev\Dev2.Studio.Interfaces\Dev2.Studio.Interfaces.csproj : warning NU1701: Package 'TaskSchedulerEditor 2.10.1' was restored using '.NETFramework,Version=v4.6.1, .NETFramework,Version=v4.6.2, .NETFramework,Version=v4.7, .NETFramework,Version=v4.7.1, .NETFramework,Version=v4.7.2, .NETFramework,Version=v4.8, .NETFramework,Version=v4.8.1' instead of the project target framework 'net8.0'. This package may not be fully compatible with your project. [C:\Users\ultra\warewolf\Dev\Dev2.Common.Tests\Dev2.Common.Tests.csproj]
C:\Users\ultra\warewolf\Dev\Warewolf.Data\Warewolf.Data.csproj : warning NU1701: Package 'AeroWizard 2.3.1' was restored using '.NETFramework,Version=v4.6.1, .NETFramework,Version=v4.6.2, .NETFramework,Version=v4.7, .NETFramework,Version=v4.7.1, .NETFramework,Version=v4.7.2, .NETFramework,Version=v4.8, .NETFramework,Version=v4.8.1' instead of the project target framework 'net8.0'. This package may not be fully compatible with your project. [C:\Users\ultra\warewolf\Dev\Dev2.Common.Tests\Dev2.Common.Tests.csproj]
C:\Users\ultra\warewolf\Dev\Warewolf.Data\Warewolf.Data.csproj : warning NU1701: Package 'GroupControls 1.9.0' was restored using '.NETFramework,Version=v4.6.1, .NETFramework,Version=v4.6.2, .NETFramework,Version=v4.7, .NETFramework,Version=v4.7.1, .NETFramework,Version=v4.7.2, .NETFramework,Version=v4.8, .NETFramework,Version=v4.8.1' instead of the project target framework 'net8.0'. This package may not be fully compatible with your project. [C:\Users\ultra\warewolf\Dev\Dev2.Common.Tests\Dev2.Common.Tests.csproj]
C:\Users\ultra\warewolf\Dev\Warewolf.Data\Warewolf.Data.csproj : warning NU1701: Package 'TaskSchedulerEditor 2.10.1' was restored using '.NETFramework,Version=v4.6.1, .NETFramework,Version=v4.6.2, .NETFramework,Version=v4.7, .NETFramework,Version=v4.7.1, .NETFramework,Version=v4.7.2, .NETFramework,Version=v4.8, .NETFramework,Version=v4.8.1' instead of the project target framework 'net8.0'. This package may not be fully compatible with your project. [C:\Users\ultra\warewolf\Dev\Dev2.Common.Tests\Dev2.Common.Tests.csproj]
C:\Users\ultra\warewolf\Dev\Dev2.Util\Dev2.Util.csproj : warning NU1903: Package 'Microsoft.Windows.Compatibility' 6.0.0 has a known high severity vulnerability, https://github.com/advisories/GHSA-555c-2p6r-68mm [C:\Users\ultra\warewolf\Dev\Dev2.Common.Tests\Dev2.Common.Tests.csproj]
C:\Users\ultra\warewolf\Dev\Dev2.Util\Dev2.Util.csproj : warning NU1701: Package 'AeroWizard 2.3.1' was restored using '.NETFramework,Version=v4.6.1, .NETFramework,Version=v4.6.2, .NETFramework,Version=v4.7, .NETFramework,Version=v4.7.1, .NETFramework,Version=v4.7.2, .NETFramework,Version=v4.8, .NETFramework,Version=v4.8.1' instead of the project target framework 'net8.0'. This package may not be fully compatible with your project. [C:\Users\ultra\warewolf\Dev\Dev2.Common.Tests\Dev2.Common.Tests.csproj]
C:\Users\ultra\warewolf\Dev\Dev2.Util\Dev2.Util.csproj : warning NU1701: Package 'GroupControls 1.9.0' was restored using '.NETFramework,Version=v4.6.1, .NETFramework,Version=v4.6.2, .NETFramework,Version=v4.7, .NETFramework,Version=v4.7.1, .NETFramework,Version=v4.7.2, .NETFramework,Version=v4.8, .NETFramework,Version=v4.8.1' instead of the project target framework 'net8.0'. This package may not be fully compatible with your project. [C:\Users\ultra\warewolf\Dev\Dev2.Common.Tests\Dev2.Common.Tests.csproj]
C:\Users\ultra\warewolf\Dev\Dev2.Util\Dev2.Util.csproj : warning NU1701: Package 'TaskSchedulerEditor 2.10.1' was restored using '.NETFramework,Version=v4.6.1, .NETFramework,Version=v4.6.2, .NETFramework,Version=v4.7, .NETFramework,Version=v4.7.1, .NETFramework,Version=v4.7.2, .NETFramework,Version=v4.8, .NETFramework,Version=v4.8.1' instead of the project target framework 'net8.0'. This package may not be fully compatible with your project. [C:\Users\ultra\warewolf\Dev\Dev2.Common.Tests\Dev2.Common.Tests.csproj]
C:\Users\ultra\warewolf\Dev\Warewolf.AI.Harness\Warewolf.AI.Harness.csproj : warning NU1701: Package 'AeroWizard 2.3.1' was restored using '.NETFramework,Version=v4.6.1, .NETFramework,Version=v4.6.2, .NETFramework,Version=v4.7, .NETFramework,Version=v4.7.1, .NETFramework,Version=v4.7.2, .NETFramework,Version=v4.8, .NETFramework,Version=v4.8.1' instead of the project target framework 'net8.0'. This package may not be fully compatible with your project. [C:\Users\ultra\warewolf\Dev\Dev2.Common.Tests\Dev2.Common.Tests.csproj]
C:\Users\ultra\warewolf\Dev\Warewolf.AI.Harness\Warewolf.AI.Harness.csproj : warning NU1701: Package 'GroupControls 1.9.0' was restored using '.NETFramework,Version=v4.6.1, .NETFramework,Version=v4.6.2, .NETFramework,Version=v4.7, .NETFramework,Version=v4.7.1, .NETFramework,Version=v4.7.2, .NETFramework,Version=v4.8, .NETFramework,Version=v4.8.1' instead of the project target framework 'net8.0'. This package may not be fully compatible with your project. [C:\Users\ultra\warewolf\Dev\Dev2.Common.Tests\Dev2.Common.Tests.csproj]
C:\Users\ultra\warewolf\Dev\Warewolf.AI.Harness\Warewolf.AI.Harness.csproj : warning NU1701: Package 'TaskSchedulerEditor 2.10.1' was restored using '.NETFramework,Version=v4.6.1, .NETFramework,Version=v4.6.2, .NETFramework,Version=v4.7, .NETFramework,Version=v4.7.1, .NETFramework,Version=v4.7.2, .NETFramework,Version=v4.8, .NETFramework,Version=v4.8.1' instead of the project target framework 'net8.0'. This package may not be fully compatible with your project. [C:\Users\ultra\warewolf\Dev\Dev2.Common.Tests\Dev2.Common.Tests.csproj]
C:\Users\ultra\warewolf\Dev\Dev2.TaskScheduler.Wrappers\Dev2.TaskScheduler.Wrappers.csproj : warning NU1701: Package 'AeroWizard 2.3.1' was restored using '.NETFramework,Version=v4.6.1, .NETFramework,Version=v4.6.2, .NETFramework,Version=v4.7, .NETFramework,Version=v4.7.1, .NETFramework,Version=v4.7.2, .NETFramework,Version=v4.8, .NETFramework,Version=v4.8.1' instead of the project target framework 'net8.0'. This package may not be fully compatible with your project. [C:\Users\ultra\warewolf\Dev\Dev2.Common.Tests\Dev2.Common.Tests.csproj]
C:\Users\ultra\warewolf\Dev\Dev2.TaskScheduler.Wrappers\Dev2.TaskScheduler.Wrappers.csproj : warning NU1701: Package 'GroupControls 1.9.0' was restored using '.NETFramework,Version=v4.6.1, .NETFramework,Version=v4.6.2, .NETFramework,Version=v4.7, .NETFramework,Version=v4.7.1, .NETFramework,Version=v4.7.2, .NETFramework,Version=v4.8, .NETFramework,Version=v4.8.1' instead of the project target framework 'net8.0'. This package may not be fully compatible with your project. [C:\Users\ultra\warewolf\Dev\Dev2.Common.Tests\Dev2.Common.Tests.csproj]
C:\Users\ultra\warewolf\Dev\Dev2.TaskScheduler.Wrappers\Dev2.TaskScheduler.Wrappers.csproj : warning NU1701: Package 'TaskSchedulerEditor 2.10.1' was restored using '.NETFramework,Version=v4.6.1, .NETFramework,Version=v4.6.2, .NETFramework,Version=v4.7, .NETFramework,Version=v4.7.1, .NETFramework,Version=v4.7.2, .NETFramework,Version=v4.8, .NETFramework,Version=v4.8.1' instead of the project target framework 'net8.0'. This package may not be fully compatible with your project. [C:\Users\ultra\warewolf\Dev\Dev2.Common.Tests\Dev2.Common.Tests.csproj]
C:\Users\ultra\warewolf\Dev\Warewolf.Storage.Interfaces\Warewolf.Storage.Interfaces.csproj : warning NU1701: Package 'AeroWizard 2.3.1' was restored using '.NETFramework,Version=v4.6.1, .NETFramework,Version=v4.6.2, .NETFramework,Version=v4.7, .NETFramework,Version=v4.7.1, .NETFramework,Version=v4.7.2, .NETFramework,Version=v4.8, .NETFramework,Version=v4.8.1' instead of the project target framework 'net8.0'. This package may not be fully compatible with your project. [C:\Users\ultra\warewolf\Dev\Dev2.Common.Tests\Dev2.Common.Tests.csproj]
C:\Users\ultra\warewolf\Dev\Warewolf.Storage.Interfaces\Warewolf.Storage.Interfaces.csproj : warning NU1701: Package 'GroupControls 1.9.0' was restored using '.NETFramework,Version=v4.6.1, .NETFramework,Version=v4.6.2, .NETFramework,Version=v4.7, .NETFramework,Version=v4.7.1, .NETFramework,Version=v4.7.2, .NETFramework,Version=v4.8, .NETFramework,Version=v4.8.1' instead of the project target framework 'net8.0'. This package may not be fully compatible with your project. [C:\Users\ultra\warewolf\Dev\Dev2.Common.Tests\Dev2.Common.Tests.csproj]
C:\Users\ultra\warewolf\Dev\Warewolf.Storage.Interfaces\Warewolf.Storage.Interfaces.csproj : warning NU1701: Package 'TaskSchedulerEditor 2.10.1' was restored using '.NETFramework,Version=v4.6.1, .NETFramework,Version=v4.6.2, .NETFramework,Version=v4.7, .NETFramework,Version=v4.7.1, .NETFramework,Version=v4.7.2, .NETFramework,Version=v4.8, .NETFramework,Version=v4.8.1' instead of the project target framework 'net8.0'. This package may not be fully compatible with your project. [C:\Users\ultra\warewolf\Dev\Dev2.Common.Tests\Dev2.Common.Tests.csproj]
C:\Users\ultra\warewolf\Dev\Dev2.Scheduler\Dev2.Scheduler.csproj : warning NU1701: Package 'AeroWizard 2.3.1' was restored using '.NETFramework,Version=v4.6.1, .NETFramework,Version=v4.6.2, .NETFramework,Version=v4.7, .NETFramework,Version=v4.7.1, .NETFramework,Version=v4.7.2, .NETFramework,Version=v4.8, .NETFramework,Version=v4.8.1' instead of the project target framework 'net8.0'. This package may not be fully compatible with your project. [C:\Users\ultra\warewolf\Dev\Dev2.Common.Tests\Dev2.Common.Tests.csproj]
C:\Users\ultra\warewolf\Dev\Dev2.Scheduler\Dev2.Scheduler.csproj : warning NU1701: Package 'GroupControls 1.9.0' was restored using '.NETFramework,Version=v4.6.1, .NETFramework,Version=v4.6.2, .NETFramework,Version=v4.7, .NETFramework,Version=v4.7.1, .NETFramework,Version=v4.7.2, .NETFramework,Version=v4.8, .NETFramework,Version=v4.8.1' instead of the project target framework 'net8.0'. This package may not be fully compatible with your project. [C:\Users\ultra\warewolf\Dev\Dev2.Common.Tests\Dev2.Common.Tests.csproj]
C:\Users\ultra\warewolf\Dev\Dev2.Scheduler\Dev2.Scheduler.csproj : warning NU1701: Package 'ReactiveUI.WPF 18.4.1' was restored using '.NETFramework,Version=v4.6.1, .NETFramework,Version=v4.6.2, .NETFramework,Version=v4.7, .NETFramework,Version=v4.7.1, .NETFramework,Version=v4.7.2, .NETFramework,Version=v4.8, .NETFramework,Version=v4.8.1' instead of the project target framework 'net8.0'. This package may not be fully compatible with your project. [C:\Users\ultra\warewolf\Dev\Dev2.Common.Tests\Dev2.Common.Tests.csproj]
C:\Users\ultra\warewolf\Dev\Dev2.Scheduler\Dev2.Scheduler.csproj : warning NU1701: Package 'TaskSchedulerEditor 2.10.1' was restored using '.NETFramework,Version=v4.6.1, .NETFramework,Version=v4.6.2, .NETFramework,Version=v4.7, .NETFramework,Version=v4.7.1, .NETFramework,Version=v4.7.2, .NETFramework,Version=v4.8, .NETFramework,Version=v4.8.1' instead of the project target framework 'net8.0'. This package may not be fully compatible with your project. [C:\Users\ultra\warewolf\Dev\Dev2.Common.Tests\Dev2.Common.Tests.csproj]
C:\Users\ultra\warewolf\Dev\Warewolf.Security\Warewolf.Security.csproj : warning NU1904: Package 'System.Drawing.Common' 4.5.1 has a known critical severity vulnerability, https://github.com/advisories/GHSA-rxg9-xrhp-64gj [C:\Users\ultra\warewolf\Dev\Dev2.Common.Tests\Dev2.Common.Tests.csproj]
C:\Users\ultra\warewolf\Dev\Warewolf.Licensing\Warewolf.Licensing.csproj : warning NU1701: Package 'AeroWizard 2.3.1' was restored using '.NETFramework,Version=v4.6.1, .NETFramework,Version=v4.6.2, .NETFramework,Version=v4.7, .NETFramework,Version=v4.7.1, .NETFramework,Version=v4.7.2, .NETFramework,Version=v4.8, .NETFramework,Version=v4.8.1' instead of the project target framework 'net8.0'. This package may not be fully compatible with your project. [C:\Users\ultra\warewolf\Dev\Dev2.Common.Tests\Dev2.Common.Tests.csproj]
C:\Users\ultra\warewolf\Dev\Warewolf.Licensing\Warewolf.Licensing.csproj : warning NU1701: Package 'GroupControls 1.9.0' was restored using '.NETFramework,Version=v4.6.1, .NETFramework,Version=v4.6.2, .NETFramework,Version=v4.7, .NETFramework,Version=v4.7.1, .NETFramework,Version=v4.7.2, .NETFramework,Version=v4.8, .NETFramework,Version=v4.8.1' instead of the project target framework 'net8.0'. This package may not be fully compatible with your project. [C:\Users\ultra\warewolf\Dev\Dev2.Common.Tests\Dev2.Common.Tests.csproj]
C:\Users\ultra\warewolf\Dev\Warewolf.Licensing\Warewolf.Licensing.csproj : warning NU1701: Package 'TaskSchedulerEditor 2.10.1' was restored using '.NETFramework,Version=v4.6.1, .NETFramework,Version=v4.6.2, .NETFramework,Version=v4.7, .NETFramework,Version=v4.7.1, .NETFramework,Version=v4.7.2, .NETFramework,Version=v4.8, .NETFramework,Version=v4.8.1' instead of the project target framework 'net8.0'. This package may not be fully compatible with your project. [C:\Users\ultra\warewolf\Dev\Dev2.Common.Tests\Dev2.Common.Tests.csproj]
C:\Users\ultra\warewolf\Dev\Warewolf.Auditing\Warewolf.Auditing.csproj : warning NU1701: Package 'AeroWizard 2.3.1' was restored using '.NETFramework,Version=v4.6.1, .NETFramework,Version=v4.6.2, .NETFramework,Version=v4.7, .NETFramework,Version=v4.7.1, .NETFramework,Version=v4.7.2, .NETFramework,Version=v4.8, .NETFramework,Version=v4.8.1' instead of the project target framework 'net8.0'. This package may not be fully compatible with your project. [C:\Users\ultra\warewolf\Dev\Dev2.Common.Tests\Dev2.Common.Tests.csproj]
C:\Users\ultra\warewolf\Dev\Warewolf.Auditing\Warewolf.Auditing.csproj : warning NU1701: Package 'GroupControls 1.9.0' was restored using '.NETFramework,Version=v4.6.1, .NETFramework,Version=v4.6.2, .NETFramework,Version=v4.7, .NETFramework,Version=v4.7.1, .NETFramework,Version=v4.7.2, .NETFramework,Version=v4.8, .NETFramework,Version=v4.8.1' instead of the project target framework 'net8.0'. This package may not be fully compatible with your project. [C:\Users\ultra\warewolf\Dev\Dev2.Common.Tests\Dev2.Common.Tests.csproj]
C:\Users\ultra\warewolf\Dev\Warewolf.Auditing\Warewolf.Auditing.csproj : warning NU1701: Package 'ReactiveUI.WPF 18.4.1' was restored using '.NETFramework,Version=v4.6.1, .NETFramework,Version=v4.6.2, .NETFramework,Version=v4.7, .NETFramework,Version=v4.7.1, .NETFramework,Version=v4.7.2, .NETFramework,Version=v4.8, .NETFramework,Version=v4.8.1' instead of the project target framework 'net8.0'. This package may not be fully compatible with your project. [C:\Users\ultra\warewolf\Dev\Dev2.Common.Tests\Dev2.Common.Tests.csproj]
C:\Users\ultra\warewolf\Dev\Warewolf.Auditing\Warewolf.Auditing.csproj : warning NU1701: Package 'TaskSchedulerEditor 2.10.1' was restored using '.NETFramework,Version=v4.6.1, .NETFramework,Version=v4.6.2, .NETFramework,Version=v4.7, .NETFramework,Version=v4.7.1, .NETFramework,Version=v4.7.2, .NETFramework,Version=v4.8, .NETFramework,Version=v4.8.1' instead of the project target framework 'net8.0'. This package may not be fully compatible with your project. [C:\Users\ultra\warewolf\Dev\Dev2.Common.Tests\Dev2.Common.Tests.csproj]
C:\Users\ultra\warewolf\Dev\Dev2.Infrastructure\Dev2.Infrastructure.csproj : warning NU1903: Package 'Microsoft.Windows.Compatibility' 6.0.0 has a known high severity vulnerability, https://github.com/advisories/GHSA-555c-2p6r-68mm [C:\Users\ultra\warewolf\Dev\Dev2.Common.Tests\Dev2.Common.Tests.csproj]
C:\Users\ultra\warewolf\Dev\Dev2.Infrastructure\Dev2.Infrastructure.csproj : warning NU1701: Package 'AeroWizard 2.3.1' was restored using '.NETFramework,Version=v4.6.1, .NETFramework,Version=v4.6.2, .NETFramework,Version=v4.7, .NETFramework,Version=v4.7.1, .NETFramework,Version=v4.7.2, .NETFramework,Version=v4.8, .NETFramework,Version=v4.8.1' instead of the project target framework 'net8.0'. This package may not be fully compatible with your project. [C:\Users\ultra\warewolf\Dev\Dev2.Common.Tests\Dev2.Common.Tests.csproj]
C:\Users\ultra\warewolf\Dev\Dev2.Infrastructure\Dev2.Infrastructure.csproj : warning NU1701: Package 'GroupControls 1.9.0' was restored using '.NETFramework,Version=v4.6.1, .NETFramework,Version=v4.6.2, .NETFramework,Version=v4.7, .NETFramework,Version=v4.7.1, .NETFramework,Version=v4.7.2, .NETFramework,Version=v4.8, .NETFramework,Version=v4.8.1' instead of the project target framework 'net8.0'. This package may not be fully compatible with your project. [C:\Users\ultra\warewolf\Dev\Dev2.Common.Tests\Dev2.Common.Tests.csproj]
C:\Users\ultra\warewolf\Dev\Dev2.Infrastructure\Dev2.Infrastructure.csproj : warning NU1701: Package 'ReactiveUI.WPF 18.4.1' was restored using '.NETFramework,Version=v4.6.1, .NETFramework,Version=v4.6.2, .NETFramework,Version=v4.7, .NETFramework,Version=v4.7.1, .NETFramework,Version=v4.7.2, .NETFramework,Version=v4.8, .NETFramework,Version=v4.8.1' instead of the project target framework 'net8.0'. This package may not be fully compatible with your project. [C:\Users\ultra\warewolf\Dev\Dev2.Common.Tests\Dev2.Common.Tests.csproj]
C:\Users\ultra\warewolf\Dev\Dev2.Infrastructure\Dev2.Infrastructure.csproj : warning NU1701: Package 'TaskSchedulerEditor 2.10.1' was restored using '.NETFramework,Version=v4.6.1, .NETFramework,Version=v4.6.2, .NETFramework,Version=v4.7, .NETFramework,Version=v4.7.1, .NETFramework,Version=v4.7.2, .NETFramework,Version=v4.8, .NETFramework,Version=v4.8.1' instead of the project target framework 'net8.0'. This package may not be fully compatible with your project. [C:\Users\ultra\warewolf\Dev\Dev2.Common.Tests\Dev2.Common.Tests.csproj]
C:\Users\ultra\warewolf\Dev\Warewolf.Storage\Warewolf.Storage.csproj : warning NU1701: Package 'AeroWizard 2.3.1' was restored using '.NETFramework,Version=v4.6.1, .NETFramework,Version=v4.6.2, .NETFramework,Version=v4.7, .NETFramework,Version=v4.7.1, .NETFramework,Version=v4.7.2, .NETFramework,Version=v4.8, .NETFramework,Version=v4.8.1' instead of the project target framework 'net8.0'. This package may not be fully compatible with your project. [C:\Users\ultra\warewolf\Dev\Dev2.Common.Tests\Dev2.Common.Tests.csproj]
C:\Users\ultra\warewolf\Dev\Warewolf.Storage\Warewolf.Storage.csproj : warning NU1701: Package 'GroupControls 1.9.0' was restored using '.NETFramework,Version=v4.6.1, .NETFramework,Version=v4.6.2, .NETFramework,Version=v4.7, .NETFramework,Version=v4.7.1, .NETFramework,Version=v4.7.2, .NETFramework,Version=v4.8, .NETFramework,Version=v4.8.1' instead of the project target framework 'net8.0'. This package may not be fully compatible with your project. [C:\Users\ultra\warewolf\Dev\Dev2.Common.Tests\Dev2.Common.Tests.csproj]
C:\Users\ultra\warewolf\Dev\Warewolf.Storage\Warewolf.Storage.csproj : warning NU1701: Package 'ReactiveUI.WPF 18.4.1' was restored using '.NETFramework,Version=v4.6.1, .NETFramework,Version=v4.6.2, .NETFramework,Version=v4.7, .NETFramework,Version=v4.7.1, .NETFramework,Version=v4.7.2, .NETFramework,Version=v4.8, .NETFramework,Version=v4.8.1' instead of the project target framework 'net8.0'. This package may not be fully compatible with your project. [C:\Users\ultra\warewolf\Dev\Dev2.Common.Tests\Dev2.Common.Tests.csproj]
C:\Users\ultra\warewolf\Dev\Warewolf.Storage\Warewolf.Storage.csproj : warning NU1701: Package 'TaskSchedulerEditor 2.10.1' was restored using '.NETFramework,Version=v4.6.1, .NETFramework,Version=v4.6.2, .NETFramework,Version=v4.7, .NETFramework,Version=v4.7.1, .NETFramework,Version=v4.7.2, .NETFramework,Version=v4.8, .NETFramework,Version=v4.8.1' instead of the project target framework 'net8.0'. This package may not be fully compatible with your project. [C:\Users\ultra\warewolf\Dev\Dev2.Common.Tests\Dev2.Common.Tests.csproj]
C:\Users\ultra\warewolf\Dev\Dev2.Development.Languages\Dev2.Development.Languages.csproj : warning NU1701: Package 'AeroWizard 2.3.1' was restored using '.NETFramework,Version=v4.6.1, .NETFramework,Version=v4.6.2, .NETFramework,Version=v4.7, .NETFramework,Version=v4.7.1, .NETFramework,Version=v4.7.2, .NETFramework,Version=v4.8, .NETFramework,Version=v4.8.1' instead of the project target framework 'net8.0'. This package may not be fully compatible with your project. [C:\Users\ultra\warewolf\Dev\Dev2.Common.Tests\Dev2.Common.Tests.csproj]
C:\Users\ultra\warewolf\Dev\Dev2.Development.Languages\Dev2.Development.Languages.csproj : warning NU1701: Package 'GroupControls 1.9.0' was restored using '.NETFramework,Version=v4.6.1, .NETFramework,Version=v4.6.2, .NETFramework,Version=v4.7, .NETFramework,Version=v4.7.1, .NETFramework,Version=v4.7.2, .NETFramework,Version=v4.8, .NETFramework,Version=v4.8.1' instead of the project target framework 'net8.0'. This package may not be fully compatible with your project. [C:\Users\ultra\warewolf\Dev\Dev2.Common.Tests\Dev2.Common.Tests.csproj]
C:\Users\ultra\warewolf\Dev\Dev2.Development.Languages\Dev2.Development.Languages.csproj : warning NU1701: Package 'TaskSchedulerEditor 2.10.1' was restored using '.NETFramework,Version=v4.6.1, .NETFramework,Version=v4.6.2, .NETFramework,Version=v4.7, .NETFramework,Version=v4.7.1, .NETFramework,Version=v4.7.2, .NETFramework,Version=v4.8, .NETFramework,Version=v4.8.1' instead of the project target framework 'net8.0'. This package may not be fully compatible with your project. [C:\Users\ultra\warewolf\Dev\Dev2.Common.Tests\Dev2.Common.Tests.csproj]
C:\Users\ultra\warewolf\Dev\Dev2.Diagnostics\Dev2.Diagnostics.csproj : warning NU1701: Package 'AeroWizard 2.3.1' was restored using '.NETFramework,Version=v4.6.1, .NETFramework,Version=v4.6.2, .NETFramework,Version=v4.7, .NETFramework,Version=v4.7.1, .NETFramework,Version=v4.7.2, .NETFramework,Version=v4.8, .NETFramework,Version=v4.8.1' instead of the project target framework 'net8.0'. This package may not be fully compatible with your project. [C:\Users\ultra\warewolf\Dev\Dev2.Common.Tests\Dev2.Common.Tests.csproj]
C:\Users\ultra\warewolf\Dev\Dev2.Diagnostics\Dev2.Diagnostics.csproj : warning NU1701: Package 'GroupControls 1.9.0' was restored using '.NETFramework,Version=v4.6.1, .NETFramework,Version=v4.6.2, .NETFramework,Version=v4.7, .NETFramework,Version=v4.7.1, .NETFramework,Version=v4.7.2, .NETFramework,Version=v4.8, .NETFramework,Version=v4.8.1' instead of the project target framework 'net8.0'. This package may not be fully compatible with your project. [C:\Users\ultra\warewolf\Dev\Dev2.Common.Tests\Dev2.Common.Tests.csproj]
C:\Users\ultra\warewolf\Dev\Dev2.Diagnostics\Dev2.Diagnostics.csproj : warning NU1701: Package 'TaskSchedulerEditor 2.10.1' was restored using '.NETFramework,Version=v4.6.1, .NETFramework,Version=v4.6.2, .NETFramework,Version=v4.7, .NETFramework,Version=v4.7.1, .NETFramework,Version=v4.7.2, .NETFramework,Version=v4.8, .NETFramework,Version=v4.8.1' instead of the project target framework 'net8.0'. This package may not be fully compatible with your project. [C:\Users\ultra\warewolf\Dev\Dev2.Common.Tests\Dev2.Common.Tests.csproj]
C:\Users\ultra\warewolf\Dev\Warewolf.Sharepoint\Warewolf.Sharepoint.csproj : warning NU1701: Package 'AeroWizard 2.3.1' was restored using '.NETFramework,Version=v4.6.1, .NETFramework,Version=v4.6.2, .NETFramework,Version=v4.7, .NETFramework,Version=v4.7.1, .NETFramework,Version=v4.7.2, .NETFramework,Version=v4.8, .NETFramework,Version=v4.8.1' instead of the project target framework 'net8.0'. This package may not be fully compatible with your project. [C:\Users\ultra\warewolf\Dev\Dev2.Common.Tests\Dev2.Common.Tests.csproj]
C:\Users\ultra\warewolf\Dev\Warewolf.Sharepoint\Warewolf.Sharepoint.csproj : warning NU1701: Package 'GroupControls 1.9.0' was restored using '.NETFramework,Version=v4.6.1, .NETFramework,Version=v4.6.2, .NETFramework,Version=v4.7, .NETFramework,Version=v4.7.1, .NETFramework,Version=v4.7.2, .NETFramework,Version=v4.8, .NETFramework,Version=v4.8.1' instead of the project target framework 'net8.0'. This package may not be fully compatible with your project. [C:\Users\ultra\warewolf\Dev\Dev2.Common.Tests\Dev2.Common.Tests.csproj]
C:\Users\ultra\warewolf\Dev\Warewolf.Sharepoint\Warewolf.Sharepoint.csproj : warning NU1701: Package 'ReactiveUI.WPF 18.4.1' was restored using '.NETFramework,Version=v4.6.1, .NETFramework,Version=v4.6.2, .NETFramework,Version=v4.7, .NETFramework,Version=v4.7.1, .NETFramework,Version=v4.7.2, .NETFramework,Version=v4.8, .NETFramework,Version=v4.8.1' instead of the project target framework 'net8.0'. This package may not be fully compatible with your project. [C:\Users\ultra\warewolf\Dev\Dev2.Common.Tests\Dev2.Common.Tests.csproj]
C:\Users\ultra\warewolf\Dev\Warewolf.Sharepoint\Warewolf.Sharepoint.csproj : warning NU1701: Package 'TaskSchedulerEditor 2.10.1' was restored using '.NETFramework,Version=v4.6.1, .NETFramework,Version=v4.6.2, .NETFramework,Version=v4.7, .NETFramework,Version=v4.7.1, .NETFramework,Version=v4.7.2, .NETFramework,Version=v4.8, .NETFramework,Version=v4.8.1' instead of the project target framework 'net8.0'. This package may not be fully compatible with your project. [C:\Users\ultra\warewolf\Dev\Dev2.Common.Tests\Dev2.Common.Tests.csproj]
C:\Users\ultra\warewolf\Dev\Dev2.Runtime\Dev2.Runtime.csproj : warning NU1903: Package 'Microsoft.Windows.Compatibility' 6.0.0 has a known high severity vulnerability, https://github.com/advisories/GHSA-555c-2p6r-68mm [C:\Users\ultra\warewolf\Dev\Dev2.Common.Tests\Dev2.Common.Tests.csproj]
C:\Users\ultra\warewolf\Dev\Dev2.Runtime\Dev2.Runtime.csproj : warning NU1701: Package 'AeroWizard 2.3.1' was restored using '.NETFramework,Version=v4.6.1, .NETFramework,Version=v4.6.2, .NETFramework,Version=v4.7, .NETFramework,Version=v4.7.1, .NETFramework,Version=v4.7.2, .NETFramework,Version=v4.8, .NETFramework,Version=v4.8.1' instead of the project target framework 'net8.0'. This package may not be fully compatible with your project. [C:\Users\ultra\warewolf\Dev\Dev2.Common.Tests\Dev2.Common.Tests.csproj]
C:\Users\ultra\warewolf\Dev\Dev2.Runtime\Dev2.Runtime.csproj : warning NU1701: Package 'GroupControls 1.9.0' was restored using '.NETFramework,Version=v4.6.1, .NETFramework,Version=v4.6.2, .NETFramework,Version=v4.7, .NETFramework,Version=v4.7.1, .NETFramework,Version=v4.7.2, .NETFramework,Version=v4.8, .NETFramework,Version=v4.8.1' instead of the project target framework 'net8.0'. This package may not be fully compatible with your project. [C:\Users\ultra\warewolf\Dev\Dev2.Common.Tests\Dev2.Common.Tests.csproj]
C:\Users\ultra\warewolf\Dev\Dev2.Runtime\Dev2.Runtime.csproj : warning NU1701: Package 'ReactiveUI.WPF 18.4.1' was restored using '.NETFramework,Version=v4.6.1, .NETFramework,Version=v4.6.2, .NETFramework,Version=v4.7, .NETFramework,Version=v4.7.1, .NETFramework,Version=v4.7.2, .NETFramework,Version=v4.8, .NETFramework,Version=v4.8.1' instead of the project target framework 'net8.0'. This package may not be fully compatible with your project. [C:\Users\ultra\warewolf\Dev\Dev2.Common.Tests\Dev2.Common.Tests.csproj]
C:\Users\ultra\warewolf\Dev\Dev2.Runtime\Dev2.Runtime.csproj : warning NU1701: Package 'TaskSchedulerEditor 2.10.1' was restored using '.NETFramework,Version=v4.6.1, .NETFramework,Version=v4.6.2, .NETFramework,Version=v4.7, .NETFramework,Version=v4.7.1, .NETFramework,Version=v4.7.2, .NETFramework,Version=v4.8, .NETFramework,Version=v4.8.1' instead of the project target framework 'net8.0'. This package may not be fully compatible with your project. [C:\Users\ultra\warewolf\Dev\Dev2.Common.Tests\Dev2.Common.Tests.csproj]
C:\Users\ultra\warewolf\Dev\Dev2.Data.Interfaces\Dev2.Data.Interfaces.csproj : warning NU1903: Package 'DotNetZip' 1.16.0 has a known high severity vulnerability, https://github.com/advisories/GHSA-xhg6-9j5j-w4vf [C:\Users\ultra\warewolf\Dev\Dev2.Common.Tests\Dev2.Common.Tests.csproj]
C:\Users\ultra\warewolf\Dev\Warewolf.ResourceManagement\Warewolf.ResourceManagement.csproj : warning NU1701: Package 'AeroWizard 2.3.1' was restored using '.NETFramework,Version=v4.6.1, .NETFramework,Version=v4.6.2, .NETFramework,Version=v4.7, .NETFramework,Version=v4.7.1, .NETFramework,Version=v4.7.2, .NETFramework,Version=v4.8, .NETFramework,Version=v4.8.1' instead of the project target framework 'net8.0'. This package may not be fully compatible with your project. [C:\Users\ultra\warewolf\Dev\Dev2.Common.Tests\Dev2.Common.Tests.csproj]
C:\Users\ultra\warewolf\Dev\Dev2.Data.Interfaces\Dev2.Data.Interfaces.csproj : warning NU1701: Package 'AeroWizard 2.3.1' was restored using '.NETFramework,Version=v4.6.1, .NETFramework,Version=v4.6.2, .NETFramework,Version=v4.7, .NETFramework,Version=v4.7.1, .NETFramework,Version=v4.7.2, .NETFramework,Version=v4.8, .NETFramework,Version=v4.8.1' instead of the project target framework 'net8.0'. This package may not be fully compatible with your project. [C:\Users\ultra\warewolf\Dev\Dev2.Common.Tests\Dev2.Common.Tests.csproj]
C:\Users\ultra\warewolf\Dev\Warewolf.ResourceManagement\Warewolf.ResourceManagement.csproj : warning NU1701: Package 'GroupControls 1.9.0' was restored using '.NETFramework,Version=v4.6.1, .NETFramework,Version=v4.6.2, .NETFramework,Version=v4.7, .NETFramework,Version=v4.7.1, .NETFramework,Version=v4.7.2, .NETFramework,Version=v4.8, .NETFramework,Version=v4.8.1' instead of the project target framework 'net8.0'. This package may not be fully compatible with your project. [C:\Users\ultra\warewolf\Dev\Dev2.Common.Tests\Dev2.Common.Tests.csproj]
C:\Users\ultra\warewolf\Dev\Dev2.Data.Interfaces\Dev2.Data.Interfaces.csproj : warning NU1701: Package 'GroupControls 1.9.0' was restored using '.NETFramework,Version=v4.6.1, .NETFramework,Version=v4.6.2, .NETFramework,Version=v4.7, .NETFramework,Version=v4.7.1, .NETFramework,Version=v4.7.2, .NETFramework,Version=v4.8, .NETFramework,Version=v4.8.1' instead of the project target framework 'net8.0'. This package may not be fully compatible with your project. [C:\Users\ultra\warewolf\Dev\Dev2.Common.Tests\Dev2.Common.Tests.csproj]
C:\Users\ultra\warewolf\Dev\Warewolf.ResourceManagement\Warewolf.ResourceManagement.csproj : warning NU1701: Package 'ReactiveUI.WPF 18.4.1' was restored using '.NETFramework,Version=v4.6.1, .NETFramework,Version=v4.6.2, .NETFramework,Version=v4.7, .NETFramework,Version=v4.7.1, .NETFramework,Version=v4.7.2, .NETFramework,Version=v4.8, .NETFramework,Version=v4.8.1' instead of the project target framework 'net8.0'. This package may not be fully compatible with your project. [C:\Users\ultra\warewolf\Dev\Dev2.Common.Tests\Dev2.Common.Tests.csproj]
C:\Users\ultra\warewolf\Dev\Dev2.Data.Interfaces\Dev2.Data.Interfaces.csproj : warning NU1701: Package 'TaskSchedulerEditor 2.10.1' was restored using '.NETFramework,Version=v4.6.1, .NETFramework,Version=v4.6.2, .NETFramework,Version=v4.7, .NETFramework,Version=v4.7.1, .NETFramework,Version=v4.7.2, .NETFramework,Version=v4.8, .NETFramework,Version=v4.8.1' instead of the project target framework 'net8.0'. This package may not be fully compatible with your project. [C:\Users\ultra\warewolf\Dev\Dev2.Common.Tests\Dev2.Common.Tests.csproj]
C:\Users\ultra\warewolf\Dev\Warewolf.ResourceManagement\Warewolf.ResourceManagement.csproj : warning NU1701: Package 'TaskSchedulerEditor 2.10.1' was restored using '.NETFramework,Version=v4.6.1, .NETFramework,Version=v4.6.2, .NETFramework,Version=v4.7, .NETFramework,Version=v4.7.1, .NETFramework,Version=v4.7.2, .NETFramework,Version=v4.8, .NETFramework,Version=v4.8.1' instead of the project target framework 'net8.0'. This package may not be fully compatible with your project. [C:\Users\ultra\warewolf\Dev\Dev2.Common.Tests\Dev2.Common.Tests.csproj]
C:\Users\ultra\warewolf\Dev\Dev2.SignalR.Wrappers.New\Dev2.SignalR.Wrappers.New.csproj : warning NU1701: Package 'AeroWizard 2.3.1' was restored using '.NETFramework,Version=v4.6.1, .NETFramework,Version=v4.6.2, .NETFramework,Version=v4.7, .NETFramework,Version=v4.7.1, .NETFramework,Version=v4.7.2, .NETFramework,Version=v4.8, .NETFramework,Version=v4.8.1' instead of the project target framework 'net8.0'. This package may not be fully compatible with your project. [C:\Users\ultra\warewolf\Dev\Dev2.Common.Tests\Dev2.Common.Tests.csproj]
C:\Users\ultra\warewolf\Dev\Dev2.SignalR.Wrappers.New\Dev2.SignalR.Wrappers.New.csproj : warning NU1701: Package 'GroupControls 1.9.0' was restored using '.NETFramework,Version=v4.6.1, .NETFramework,Version=v4.6.2, .NETFramework,Version=v4.7, .NETFramework,Version=v4.7.1, .NETFramework,Version=v4.7.2, .NETFramework,Version=v4.8, .NETFramework,Version=v4.8.1' instead of the project target framework 'net8.0'. This package may not be fully compatible with your project. [C:\Users\ultra\warewolf\Dev\Dev2.Common.Tests\Dev2.Common.Tests.csproj]
C:\Users\ultra\warewolf\Dev\Dev2.SignalR.Wrappers.New\Dev2.SignalR.Wrappers.New.csproj : warning NU1701: Package 'ReactiveUI.WPF 18.4.1' was restored using '.NETFramework,Version=v4.6.1, .NETFramework,Version=v4.6.2, .NETFramework,Version=v4.7, .NETFramework,Version=v4.7.1, .NETFramework,Version=v4.7.2, .NETFramework,Version=v4.8, .NETFramework,Version=v4.8.1' instead of the project target framework 'net8.0'. This package may not be fully compatible with your project. [C:\Users\ultra\warewolf\Dev\Dev2.Common.Tests\Dev2.Common.Tests.csproj]
C:\Users\ultra\warewolf\Dev\Dev2.SignalR.Wrappers.New\Dev2.SignalR.Wrappers.New.csproj : warning NU1701: Package 'TaskSchedulerEditor 2.10.1' was restored using '.NETFramework,Version=v4.6.1, .NETFramework,Version=v4.6.2, .NETFramework,Version=v4.7, .NETFramework,Version=v4.7.1, .NETFramework,Version=v4.7.2, .NETFramework,Version=v4.8, .NETFramework,Version=v4.8.1' instead of the project target framework 'net8.0'. This package may not be fully compatible with your project. [C:\Users\ultra\warewolf\Dev\Dev2.Common.Tests\Dev2.Common.Tests.csproj]
C:\Users\ultra\warewolf\Dev\Dev2.CustomControls\Dev2.CustomControls.csproj : warning NU1903: Package 'Microsoft.Windows.Compatibility' 6.0.0 has a known high severity vulnerability, https://github.com/advisories/GHSA-555c-2p6r-68mm [C:\Users\ultra\warewolf\Dev\Dev2.Common.Tests\Dev2.Common.Tests.csproj]
C:\Users\ultra\warewolf\Dev\Dev2.CustomControls\Dev2.CustomControls.csproj : warning NU1701: Package 'AeroWizard 2.3.1' was restored using '.NETFramework,Version=v4.6.1, .NETFramework,Version=v4.6.2, .NETFramework,Version=v4.7, .NETFramework,Version=v4.7.1, .NETFramework,Version=v4.7.2, .NETFramework,Version=v4.8, .NETFramework,Version=v4.8.1' instead of the project target framework 'net8.0'. This package may not be fully compatible with your project. [C:\Users\ultra\warewolf\Dev\Dev2.Common.Tests\Dev2.Common.Tests.csproj]
C:\Users\ultra\warewolf\Dev\Dev2.CustomControls\Dev2.CustomControls.csproj : warning NU1701: Package 'GroupControls 1.9.0' was restored using '.NETFramework,Version=v4.6.1, .NETFramework,Version=v4.6.2, .NETFramework,Version=v4.7, .NETFramework,Version=v4.7.1, .NETFramework,Version=v4.7.2, .NETFramework,Version=v4.8, .NETFramework,Version=v4.8.1' instead of the project target framework 'net8.0'. This package may not be fully compatible with your project. [C:\Users\ultra\warewolf\Dev\Dev2.Common.Tests\Dev2.Common.Tests.csproj]
C:\Users\ultra\warewolf\Dev\Dev2.CustomControls\Dev2.CustomControls.csproj : warning NU1701: Package 'TaskSchedulerEditor 2.10.1' was restored using '.NETFramework,Version=v4.6.1, .NETFramework,Version=v4.6.2, .NETFramework,Version=v4.7, .NETFramework,Version=v4.7.1, .NETFramework,Version=v4.7.2, .NETFramework,Version=v4.8, .NETFramework,Version=v4.8.1' instead of the project target framework 'net8.0'. This package may not be fully compatible with your project. [C:\Users\ultra\warewolf\Dev\Dev2.Common.Tests\Dev2.Common.Tests.csproj]
C:\Users\ultra\warewolf\Dev\Warewolf.Common.Framework48\Warewolf.Common.Framework48.csproj : warning NU1902: Package 'System.IdentityModel.Tokens.Jwt' 5.1.0 has a known moderate severity vulnerability, https://github.com/advisories/GHSA-59j7-ghrg-fj52 [C:\Users\ultra\warewolf\Dev\Dev2.Common.Tests\Dev2.Common.Tests.csproj]
C:\Users\ultra\warewolf\Dev\Warewolf.Common.Framework48\Warewolf.Common.Framework48.csproj : warning NU1701: Package 'AeroWizard 2.3.1' was restored using '.NETFramework,Version=v4.6.1, .NETFramework,Version=v4.6.2, .NETFramework,Version=v4.7, .NETFramework,Version=v4.7.1, .NETFramework,Version=v4.7.2, .NETFramework,Version=v4.8, .NETFramework,Version=v4.8.1' instead of the project target framework 'net8.0'. This package may not be fully compatible with your project. [C:\Users\ultra\warewolf\Dev\Dev2.Common.Tests\Dev2.Common.Tests.csproj]
C:\Users\ultra\warewolf\Dev\Warewolf.Common.Framework48\Warewolf.Common.Framework48.csproj : warning NU1701: Package 'GroupControls 1.9.0' was restored using '.NETFramework,Version=v4.6.1, .NETFramework,Version=v4.6.2, .NETFramework,Version=v4.7, .NETFramework,Version=v4.7.1, .NETFramework,Version=v4.7.2, .NETFramework,Version=v4.8, .NETFramework,Version=v4.8.1' instead of the project target framework 'net8.0'. This package may not be fully compatible with your project. [C:\Users\ultra\warewolf\Dev\Dev2.Common.Tests\Dev2.Common.Tests.csproj]
C:\Users\ultra\warewolf\Dev\Warewolf.Common.Framework48\Warewolf.Common.Framework48.csproj : warning NU1701: Package 'Microsoft.Xaml.Behaviors.Wpf 1.1.122' was restored using '.NETFramework,Version=v4.6.1, .NETFramework,Version=v4.6.2, .NETFramework,Version=v4.7, .NETFramework,Version=v4.7.1, .NETFramework,Version=v4.7.2, .NETFramework,Version=v4.8, .NETFramework,Version=v4.8.1' instead of the project target framework 'net8.0'. This package may not be fully compatible with your project. [C:\Users\ultra\warewolf\Dev\Dev2.Common.Tests\Dev2.Common.Tests.csproj]
C:\Users\ultra\warewolf\Dev\Warewolf.Common.Framework48\Warewolf.Common.Framework48.csproj : warning NU1701: Package 'Prism.Wpf 9.0.537' was restored using '.NETFramework,Version=v4.6.1, .NETFramework,Version=v4.6.2, .NETFramework,Version=v4.7, .NETFramework,Version=v4.7.1, .NETFramework,Version=v4.7.2, .NETFramework,Version=v4.8, .NETFramework,Version=v4.8.1' instead of the project target framework 'net8.0'. This package may not be fully compatible with your project. [C:\Users\ultra\warewolf\Dev\Dev2.Common.Tests\Dev2.Common.Tests.csproj]
C:\Users\ultra\warewolf\Dev\Warewolf.Common.Framework48\Warewolf.Common.Framework48.csproj : warning NU1701: Package 'ReactiveUI.WPF 18.4.1' was restored using '.NETFramework,Version=v4.6.1, .NETFramework,Version=v4.6.2, .NETFramework,Version=v4.7, .NETFramework,Version=v4.7.1, .NETFramework,Version=v4.7.2, .NETFramework,Version=v4.8, .NETFramework,Version=v4.8.1' instead of the project target framework 'net8.0'. This package may not be fully compatible with your project. [C:\Users\ultra\warewolf\Dev\Dev2.Common.Tests\Dev2.Common.Tests.csproj]
C:\Users\ultra\warewolf\Dev\Warewolf.Common.Framework48\Warewolf.Common.Framework48.csproj : warning NU1701: Package 'TaskSchedulerEditor 2.10.1' was restored using '.NETFramework,Version=v4.6.1, .NETFramework,Version=v4.6.2, .NETFramework,Version=v4.7, .NETFramework,Version=v4.7.1, .NETFramework,Version=v4.7.2, .NETFramework,Version=v4.8, .NETFramework,Version=v4.8.1' instead of the project target framework 'net8.0'. This package may not be fully compatible with your project. [C:\Users\ultra\warewolf\Dev\Dev2.Common.Tests\Dev2.Common.Tests.csproj]
C:\Users\ultra\warewolf\Dev\Dev2.Data\Dev2.Data.csproj : warning NU1701: Package 'AeroWizard 2.3.1' was restored using '.NETFramework,Version=v4.6.1, .NETFramework,Version=v4.6.2, .NETFramework,Version=v4.7, .NETFramework,Version=v4.7.1, .NETFramework,Version=v4.7.2, .NETFramework,Version=v4.8, .NETFramework,Version=v4.8.1' instead of the project target framework 'net8.0'. This package may not be fully compatible with your project. [C:\Users\ultra\warewolf\Dev\Dev2.Common.Tests\Dev2.Common.Tests.csproj]
C:\Users\ultra\warewolf\Dev\Dev2.Data\Dev2.Data.csproj : warning NU1701: Package 'GroupControls 1.9.0' was restored using '.NETFramework,Version=v4.6.1, .NETFramework,Version=v4.6.2, .NETFramework,Version=v4.7, .NETFramework,Version=v4.7.1, .NETFramework,Version=v4.7.2, .NETFramework,Version=v4.8, .NETFramework,Version=v4.8.1' instead of the project target framework 'net8.0'. This package may not be fully compatible with your project. [C:\Users\ultra\warewolf\Dev\Dev2.Common.Tests\Dev2.Common.Tests.csproj]
C:\Users\ultra\warewolf\Dev\Dev2.Data\Dev2.Data.csproj : warning NU1701: Package 'ReactiveUI.WPF 18.4.1' was restored using '.NETFramework,Version=v4.6.1, .NETFramework,Version=v4.6.2, .NETFramework,Version=v4.7, .NETFramework,Version=v4.7.1, .NETFramework,Version=v4.7.2, .NETFramework,Version=v4.8, .NETFramework,Version=v4.8.1' instead of the project target framework 'net8.0'. This package may not be fully compatible with your project. [C:\Users\ultra\warewolf\Dev\Dev2.Common.Tests\Dev2.Common.Tests.csproj]
C:\Users\ultra\warewolf\Dev\Dev2.Data\Dev2.Data.csproj : warning NU1701: Package 'TaskSchedulerEditor 2.10.1' was restored using '.NETFramework,Version=v4.6.1, .NETFramework,Version=v4.6.2, .NETFramework,Version=v4.7, .NETFramework,Version=v4.7.1, .NETFramework,Version=v4.7.2, .NETFramework,Version=v4.8, .NETFramework,Version=v4.8.1' instead of the project target framework 'net8.0'. This package may not be fully compatible with your project. [C:\Users\ultra\warewolf\Dev\Dev2.Common.Tests\Dev2.Common.Tests.csproj]
C:\Users\ultra\warewolf\Dev\Dev2.Services.Sql\Dev2.Services.Sql.csproj : warning NU1903: Package 'Oracle.ManagedDataAccess.Core' 3.21.70 has a known high severity vulnerability, https://github.com/advisories/GHSA-5pm2-9mr2-3frq [C:\Users\ultra\warewolf\Dev\Dev2.Common.Tests\Dev2.Common.Tests.csproj]
C:\Users\ultra\warewolf\Dev\Dev2.Services.Sql\Dev2.Services.Sql.csproj : warning NU1701: Package 'AeroWizard 2.3.1' was restored using '.NETFramework,Version=v4.6.1, .NETFramework,Version=v4.6.2, .NETFramework,Version=v4.7, .NETFramework,Version=v4.7.1, .NETFramework,Version=v4.7.2, .NETFramework,Version=v4.8, .NETFramework,Version=v4.8.1' instead of the project target framework 'net8.0'. This package may not be fully compatible with your project. [C:\Users\ultra\warewolf\Dev\Dev2.Common.Tests\Dev2.Common.Tests.csproj]
C:\Users\ultra\warewolf\Dev\Dev2.Services.Sql\Dev2.Services.Sql.csproj : warning NU1701: Package 'GroupControls 1.9.0' was restored using '.NETFramework,Version=v4.6.1, .NETFramework,Version=v4.6.2, .NETFramework,Version=v4.7, .NETFramework,Version=v4.7.1, .NETFramework,Version=v4.7.2, .NETFramework,Version=v4.8, .NETFramework,Version=v4.8.1' instead of the project target framework 'net8.0'. This package may not be fully compatible with your project. [C:\Users\ultra\warewolf\Dev\Dev2.Common.Tests\Dev2.Common.Tests.csproj]
C:\Users\ultra\warewolf\Dev\Dev2.Services.Sql\Dev2.Services.Sql.csproj : warning NU1701: Package 'ReactiveUI.WPF 18.4.1' was restored using '.NETFramework,Version=v4.6.1, .NETFramework,Version=v4.6.2, .NETFramework,Version=v4.7, .NETFramework,Version=v4.7.1, .NETFramework,Version=v4.7.2, .NETFramework,Version=v4.8, .NETFramework,Version=v4.8.1' instead of the project target framework 'net8.0'. This package may not be fully compatible with your project. [C:\Users\ultra\warewolf\Dev\Dev2.Common.Tests\Dev2.Common.Tests.csproj]
C:\Users\ultra\warewolf\Dev\Dev2.Services.Sql\Dev2.Services.Sql.csproj : warning NU1701: Package 'TaskSchedulerEditor 2.10.1' was restored using '.NETFramework,Version=v4.6.1, .NETFramework,Version=v4.6.2, .NETFramework,Version=v4.7, .NETFramework,Version=v4.7.1, .NETFramework,Version=v4.7.2, .NETFramework,Version=v4.8, .NETFramework,Version=v4.8.1' instead of the project target framework 'net8.0'. This package may not be fully compatible with your project. [C:\Users\ultra\warewolf\Dev\Dev2.Common.Tests\Dev2.Common.Tests.csproj]
C:\Users\ultra\warewolf\Dev\Dev2.Common\Dev2.Common.csproj : warning NU1903: Package 'Microsoft.Windows.Compatibility' 6.0.0 has a known high severity vulnerability, https://github.com/advisories/GHSA-555c-2p6r-68mm [C:\Users\ultra\warewolf\Dev\Dev2.Common.Tests\Dev2.Common.Tests.csproj]
C:\Users\ultra\warewolf\Dev\Dev2.Common\Dev2.Common.csproj : warning NU1701: Package 'AeroWizard 2.3.1' was restored using '.NETFramework,Version=v4.6.1, .NETFramework,Version=v4.6.2, .NETFramework,Version=v4.7, .NETFramework,Version=v4.7.1, .NETFramework,Version=v4.7.2, .NETFramework,Version=v4.8, .NETFramework,Version=v4.8.1' instead of the project target framework 'net8.0'. This package may not be fully compatible with your project. [C:\Users\ultra\warewolf\Dev\Dev2.Common.Tests\Dev2.Common.Tests.csproj]
C:\Users\ultra\warewolf\Dev\Dev2.Common\Dev2.Common.csproj : warning NU1701: Package 'GroupControls 1.9.0' was restored using '.NETFramework,Version=v4.6.1, .NETFramework,Version=v4.6.2, .NETFramework,Version=v4.7, .NETFramework,Version=v4.7.1, .NETFramework,Version=v4.7.2, .NETFramework,Version=v4.8, .NETFramework,Version=v4.8.1' instead of the project target framework 'net8.0'. This package may not be fully compatible with your project. [C:\Users\ultra\warewolf\Dev\Dev2.Common.Tests\Dev2.Common.Tests.csproj]
C:\Users\ultra\warewolf\Dev\Dev2.Common\Dev2.Common.csproj : warning NU1701: Package 'TaskSchedulerEditor 2.10.1' was restored using '.NETFramework,Version=v4.6.1, .NETFramework,Version=v4.6.2, .NETFramework,Version=v4.7, .NETFramework,Version=v4.7.1, .NETFramework,Version=v4.7.2, .NETFramework,Version=v4.8, .NETFramework,Version=v4.8.1' instead of the project target framework 'net8.0'. This package may not be fully compatible with your project. [C:\Users\ultra\warewolf\Dev\Dev2.Common.Tests\Dev2.Common.Tests.csproj]
C:\Users\ultra\warewolf\Dev\Warewolf.Common\Warewolf.Common.csproj : warning NU1701: Package 'AeroWizard 2.3.1' was restored using '.NETFramework,Version=v4.6.1, .NETFramework,Version=v4.6.2, .NETFramework,Version=v4.7, .NETFramework,Version=v4.7.1, .NETFramework,Version=v4.7.2, .NETFramework,Version=v4.8, .NETFramework,Version=v4.8.1' instead of the project target framework 'net8.0'. This package may not be fully compatible with your project. [C:\Users\ultra\warewolf\Dev\Dev2.Common.Tests\Dev2.Common.Tests.csproj]
C:\Users\ultra\warewolf\Dev\Warewolf.Common\Warewolf.Common.csproj : warning NU1701: Package 'GroupControls 1.9.0' was restored using '.NETFramework,Version=v4.6.1, .NETFramework,Version=v4.6.2, .NETFramework,Version=v4.7, .NETFramework,Version=v4.7.1, .NETFramework,Version=v4.7.2, .NETFramework,Version=v4.8, .NETFramework,Version=v4.8.1' instead of the project target framework 'net8.0'. This package may not be fully compatible with your project. [C:\Users\ultra\warewolf\Dev\Dev2.Common.Tests\Dev2.Common.Tests.csproj]
C:\Users\ultra\warewolf\Dev\Warewolf.Common\Warewolf.Common.csproj : warning NU1701: Package 'TaskSchedulerEditor 2.10.1' was restored using '.NETFramework,Version=v4.6.1, .NETFramework,Version=v4.6.2, .NETFramework,Version=v4.7, .NETFramework,Version=v4.7.1, .NETFramework,Version=v4.7.2, .NETFramework,Version=v4.8, .NETFramework,Version=v4.8.1' instead of the project target framework 'net8.0'. This package may not be fully compatible with your project. [C:\Users\ultra\warewolf\Dev\Dev2.Common.Tests\Dev2.Common.Tests.csproj]
C:\Users\ultra\warewolf\Dev\Dev2.Infrastructure.Tests\Dev2.Infrastructure.Tests.csproj : warning NU1701: Package 'AeroWizard 2.3.1' was restored using '.NETFramework,Version=v4.6.1, .NETFramework,Version=v4.6.2, .NETFramework,Version=v4.7, .NETFramework,Version=v4.7.1, .NETFramework,Version=v4.7.2, .NETFramework,Version=v4.8, .NETFramework,Version=v4.8.1' instead of the project target framework 'net8.0'. This package may not be fully compatible with your project. [C:\Users\ultra\warewolf\Dev\Dev2.Common.Tests\Dev2.Common.Tests.csproj]
C:\Users\ultra\warewolf\Dev\Dev2.Infrastructure.Tests\Dev2.Infrastructure.Tests.csproj : warning NU1701: Package 'GroupControls 1.9.0' was restored using '.NETFramework,Version=v4.6.1, .NETFramework,Version=v4.6.2, .NETFramework,Version=v4.7, .NETFramework,Version=v4.7.1, .NETFramework,Version=v4.7.2, .NETFramework,Version=v4.8, .NETFramework,Version=v4.8.1' instead of the project target framework 'net8.0'. This package may not be fully compatible with your project. [C:\Users\ultra\warewolf\Dev\Dev2.Common.Tests\Dev2.Common.Tests.csproj]
C:\Users\ultra\warewolf\Dev\Dev2.Infrastructure.Tests\Dev2.Infrastructure.Tests.csproj : warning NU1701: Package 'Microsoft.Xaml.Behaviors.Wpf 1.1.122' was restored using '.NETFramework,Version=v4.6.1, .NETFramework,Version=v4.6.2, .NETFramework,Version=v4.7, .NETFramework,Version=v4.7.1, .NETFramework,Version=v4.7.2, .NETFramework,Version=v4.8, .NETFramework,Version=v4.8.1' instead of the project target framework 'net8.0'. This package may not be fully compatible with your project. [C:\Users\ultra\warewolf\Dev\Dev2.Common.Tests\Dev2.Common.Tests.csproj]
C:\Users\ultra\warewolf\Dev\Dev2.Infrastructure.Tests\Dev2.Infrastructure.Tests.csproj : warning NU1701: Package 'Prism.Wpf 9.0.537' was restored using '.NETFramework,Version=v4.6.1, .NETFramework,Version=v4.6.2, .NETFramework,Version=v4.7, .NETFramework,Version=v4.7.1, .NETFramework,Version=v4.7.2, .NETFramework,Version=v4.8, .NETFramework,Version=v4.8.1' instead of the project target framework 'net8.0'. This package may not be fully compatible with your project. [C:\Users\ultra\warewolf\Dev\Dev2.Common.Tests\Dev2.Common.Tests.csproj]
C:\Users\ultra\warewolf\Dev\Dev2.Infrastructure.Tests\Dev2.Infrastructure.Tests.csproj : warning NU1701: Package 'ReactiveUI.WPF 18.4.1' was restored using '.NETFramework,Version=v4.6.1, .NETFramework,Version=v4.6.2, .NETFramework,Version=v4.7, .NETFramework,Version=v4.7.1, .NETFramework,Version=v4.7.2, .NETFramework,Version=v4.8, .NETFramework,Version=v4.8.1' instead of the project target framework 'net8.0'. This package may not be fully compatible with your project. [C:\Users\ultra\warewolf\Dev\Dev2.Common.Tests\Dev2.Common.Tests.csproj]
C:\Users\ultra\warewolf\Dev\Dev2.Infrastructure.Tests\Dev2.Infrastructure.Tests.csproj : warning NU1701: Package 'TaskSchedulerEditor 2.10.1' was restored using '.NETFramework,Version=v4.6.1, .NETFramework,Version=v4.6.2, .NETFramework,Version=v4.7, .NETFramework,Version=v4.7.1, .NETFramework,Version=v4.7.2, .NETFramework,Version=v4.8, .NETFramework,Version=v4.8.1' instead of the project target framework 'net8.0'. This package may not be fully compatible with your project. [C:\Users\ultra\warewolf\Dev\Dev2.Common.Tests\Dev2.Common.Tests.csproj]
C:\Users\ultra\warewolf\Dev\Dev2.Core\Dev2.Core.csproj : warning NU1903: Package 'Microsoft.Windows.Compatibility' 6.0.0 has a known high severity vulnerability, https://github.com/advisories/GHSA-555c-2p6r-68mm [C:\Users\ultra\warewolf\Dev\Dev2.Common.Tests\Dev2.Common.Tests.csproj]
C:\Users\ultra\warewolf\Dev\Dev2.Core\Dev2.Core.csproj : warning NU1701: Package 'AeroWizard 2.3.1' was restored using '.NETFramework,Version=v4.6.1, .NETFramework,Version=v4.6.2, .NETFramework,Version=v4.7, .NETFramework,Version=v4.7.1, .NETFramework,Version=v4.7.2, .NETFramework,Version=v4.8, .NETFramework,Version=v4.8.1' instead of the project target framework 'net8.0'. This package may not be fully compatible with your project. [C:\Users\ultra\warewolf\Dev\Dev2.Common.Tests\Dev2.Common.Tests.csproj]
C:\Users\ultra\warewolf\Dev\Dev2.Core\Dev2.Core.csproj : warning NU1701: Package 'GroupControls 1.9.0' was restored using '.NETFramework,Version=v4.6.1, .NETFramework,Version=v4.6.2, .NETFramework,Version=v4.7, .NETFramework,Version=v4.7.1, .NETFramework,Version=v4.7.2, .NETFramework,Version=v4.8, .NETFramework,Version=v4.8.1' instead of the project target framework 'net8.0'. This package may not be fully compatible with your project. [C:\Users\ultra\warewolf\Dev\Dev2.Common.Tests\Dev2.Common.Tests.csproj]
C:\Users\ultra\warewolf\Dev\Dev2.Core\Dev2.Core.csproj : warning NU1701: Package 'ReactiveUI.WPF 18.4.1' was restored using '.NETFramework,Version=v4.6.1, .NETFramework,Version=v4.6.2, .NETFramework,Version=v4.7, .NETFramework,Version=v4.7.1, .NETFramework,Version=v4.7.2, .NETFramework,Version=v4.8, .NETFramework,Version=v4.8.1' instead of the project target framework 'net8.0'. This package may not be fully compatible with your project. [C:\Users\ultra\warewolf\Dev\Dev2.Common.Tests\Dev2.Common.Tests.csproj]
C:\Users\ultra\warewolf\Dev\Dev2.Core\Dev2.Core.csproj : warning NU1701: Package 'TaskSchedulerEditor 2.10.1' was restored using '.NETFramework,Version=v4.6.1, .NETFramework,Version=v4.6.2, .NETFramework,Version=v4.7, .NETFramework,Version=v4.7.1, .NETFramework,Version=v4.7.2, .NETFramework,Version=v4.8, .NETFramework,Version=v4.8.1' instead of the project target framework 'net8.0'. This package may not be fully compatible with your project. [C:\Users\ultra\warewolf\Dev\Dev2.Common.Tests\Dev2.Common.Tests.csproj]
C:\Users\ultra\warewolf\Dev\Dev2.Studio.Core\Dev2.Studio.Core.csproj : warning NU1701: Package 'AeroWizard 2.3.1' was restored using '.NETFramework,Version=v4.6.1, .NETFramework,Version=v4.6.2, .NETFramework,Version=v4.7, .NETFramework,Version=v4.7.1, .NETFramework,Version=v4.7.2, .NETFramework,Version=v4.8, .NETFramework,Version=v4.8.1' instead of the project target framework 'net8.0'. This package may not be fully compatible with your project. [C:\Users\ultra\warewolf\Dev\Dev2.Common.Tests\Dev2.Common.Tests.csproj]
C:\Users\ultra\warewolf\Dev\Dev2.Studio.Core\Dev2.Studio.Core.csproj : warning NU1701: Package 'GroupControls 1.9.0' was restored using '.NETFramework,Version=v4.6.1, .NETFramework,Version=v4.6.2, .NETFramework,Version=v4.7, .NETFramework,Version=v4.7.1, .NETFramework,Version=v4.7.2, .NETFramework,Version=v4.8, .NETFramework,Version=v4.8.1' instead of the project target framework 'net8.0'. This package may not be fully compatible with your project. [C:\Users\ultra\warewolf\Dev\Dev2.Common.Tests\Dev2.Common.Tests.csproj]
C:\Users\ultra\warewolf\Dev\Dev2.Studio.Core\Dev2.Studio.Core.csproj : warning NU1701: Package 'Microsoft.Xaml.Behaviors.Wpf 1.1.122' was restored using '.NETFramework,Version=v4.6.1, .NETFramework,Version=v4.6.2, .NETFramework,Version=v4.7, .NETFramework,Version=v4.7.1, .NETFramework,Version=v4.7.2, .NETFramework,Version=v4.8, .NETFramework,Version=v4.8.1' instead of the project target framework 'net8.0'. This package may not be fully compatible with your project. [C:\Users\ultra\warewolf\Dev\Dev2.Common.Tests\Dev2.Common.Tests.csproj]
C:\Users\ultra\warewolf\Dev\Dev2.Studio.Core\Dev2.Studio.Core.csproj : warning NU1701: Package 'Prism.Wpf 9.0.537' was restored using '.NETFramework,Version=v4.6.1, .NETFramework,Version=v4.6.2, .NETFramework,Version=v4.7, .NETFramework,Version=v4.7.1, .NETFramework,Version=v4.7.2, .NETFramework,Version=v4.8, .NETFramework,Version=v4.8.1' instead of the project target framework 'net8.0'. This package may not be fully compatible with your project. [C:\Users\ultra\warewolf\Dev\Dev2.Common.Tests\Dev2.Common.Tests.csproj]
C:\Users\ultra\warewolf\Dev\Dev2.Studio.Core\Dev2.Studio.Core.csproj : warning NU1701: Package 'ReactiveUI.WPF 18.4.1' was restored using '.NETFramework,Version=v4.6.1, .NETFramework,Version=v4.6.2, .NETFramework,Version=v4.7, .NETFramework,Version=v4.7.1, .NETFramework,Version=v4.7.2, .NETFramework,Version=v4.8, .NETFramework,Version=v4.8.1' instead of the project target framework 'net8.0'. This package may not be fully compatible with your project. [C:\Users\ultra\warewolf\Dev\Dev2.Common.Tests\Dev2.Common.Tests.csproj]
C:\Users\ultra\warewolf\Dev\Dev2.Studio.Core\Dev2.Studio.Core.csproj : warning NU1701: Package 'TaskSchedulerEditor 2.10.1' was restored using '.NETFramework,Version=v4.6.1, .NETFramework,Version=v4.6.2, .NETFramework,Version=v4.7, .NETFramework,Version=v4.7.1, .NETFramework,Version=v4.7.2, .NETFramework,Version=v4.8, .NETFramework,Version=v4.8.1' instead of the project target framework 'net8.0'. This package may not be fully compatible with your project. [C:\Users\ultra\warewolf\Dev\Dev2.Common.Tests\Dev2.Common.Tests.csproj]
C:\Users\ultra\warewolf\Dev\Warewolf.Core\Warewolf.Core.csproj : warning NU1903: Package 'Microsoft.Windows.Compatibility' 6.0.0 has a known high severity vulnerability, https://github.com/advisories/GHSA-555c-2p6r-68mm [C:\Users\ultra\warewolf\Dev\Dev2.Common.Tests\Dev2.Common.Tests.csproj]
C:\Users\ultra\warewolf\Dev\Warewolf.Core\Warewolf.Core.csproj : warning NU1701: Package 'AeroWizard 2.3.1' was restored using '.NETFramework,Version=v4.6.1, .NETFramework,Version=v4.6.2, .NETFramework,Version=v4.7, .NETFramework,Version=v4.7.1, .NETFramework,Version=v4.7.2, .NETFramework,Version=v4.8, .NETFramework,Version=v4.8.1' instead of the project target framework 'net8.0'. This package may not be fully compatible with your project. [C:\Users\ultra\warewolf\Dev\Dev2.Common.Tests\Dev2.Common.Tests.csproj]
C:\Users\ultra\warewolf\Dev\Warewolf.Core\Warewolf.Core.csproj : warning NU1701: Package 'GroupControls 1.9.0' was restored using '.NETFramework,Version=v4.6.1, .NETFramework,Version=v4.6.2, .NETFramework,Version=v4.7, .NETFramework,Version=v4.7.1, .NETFramework,Version=v4.7.2, .NETFramework,Version=v4.8, .NETFramework,Version=v4.8.1' instead of the project target framework 'net8.0'. This package may not be fully compatible with your project. [C:\Users\ultra\warewolf\Dev\Dev2.Common.Tests\Dev2.Common.Tests.csproj]
C:\Users\ultra\warewolf\Dev\Warewolf.Core\Warewolf.Core.csproj : warning NU1701: Package 'ReactiveUI.WPF 18.4.1' was restored using '.NETFramework,Version=v4.6.1, .NETFramework,Version=v4.6.2, .NETFramework,Version=v4.7, .NETFramework,Version=v4.7.1, .NETFramework,Version=v4.7.2, .NETFramework,Version=v4.8, .NETFramework,Version=v4.8.1' instead of the project target framework 'net8.0'. This package may not be fully compatible with your project. [C:\Users\ultra\warewolf\Dev\Dev2.Common.Tests\Dev2.Common.Tests.csproj]
C:\Users\ultra\warewolf\Dev\Warewolf.Core\Warewolf.Core.csproj : warning NU1701: Package 'TaskSchedulerEditor 2.10.1' was restored using '.NETFramework,Version=v4.6.1, .NETFramework,Version=v4.6.2, .NETFramework,Version=v4.7, .NETFramework,Version=v4.7.1, .NETFramework,Version=v4.7.2, .NETFramework,Version=v4.8, .NETFramework,Version=v4.8.1' instead of the project target framework 'net8.0'. This package may not be fully compatible with your project. [C:\Users\ultra\warewolf\Dev\Dev2.Common.Tests\Dev2.Common.Tests.csproj]
C:\Users\ultra\warewolf\Dev\Dev2.Runtime.WebServer\Dev2.Runtime.WebServer.csproj : warning NU1902: Package 'System.IdentityModel.Tokens.Jwt' 5.1.0 has a known moderate severity vulnerability, https://github.com/advisories/GHSA-59j7-ghrg-fj52 [C:\Users\ultra\warewolf\Dev\Dev2.Common.Tests\Dev2.Common.Tests.csproj]
C:\Users\ultra\warewolf\Dev\Dev2.Runtime.WebServer\Dev2.Runtime.WebServer.csproj : warning NU1701: Package 'AeroWizard 2.3.1' was restored using '.NETFramework,Version=v4.6.1, .NETFramework,Version=v4.6.2, .NETFramework,Version=v4.7, .NETFramework,Version=v4.7.1, .NETFramework,Version=v4.7.2, .NETFramework,Version=v4.8, .NETFramework,Version=v4.8.1' instead of the project target framework 'net8.0'. This package may not be fully compatible with your project. [C:\Users\ultra\warewolf\Dev\Dev2.Common.Tests\Dev2.Common.Tests.csproj]
C:\Users\ultra\warewolf\Dev\Dev2.Runtime.WebServer\Dev2.Runtime.WebServer.csproj : warning NU1701: Package 'GroupControls 1.9.0' was restored using '.NETFramework,Version=v4.6.1, .NETFramework,Version=v4.6.2, .NETFramework,Version=v4.7, .NETFramework,Version=v4.7.1, .NETFramework,Version=v4.7.2, .NETFramework,Version=v4.8, .NETFramework,Version=v4.8.1' instead of the project target framework 'net8.0'. This package may not be fully compatible with your project. [C:\Users\ultra\warewolf\Dev\Dev2.Common.Tests\Dev2.Common.Tests.csproj]
C:\Users\ultra\warewolf\Dev\Dev2.Runtime.WebServer\Dev2.Runtime.WebServer.csproj : warning NU1701: Package 'Microsoft.Xaml.Behaviors.Wpf 1.1.122' was restored using '.NETFramework,Version=v4.6.1, .NETFramework,Version=v4.6.2, .NETFramework,Version=v4.7, .NETFramework,Version=v4.7.1, .NETFramework,Version=v4.7.2, .NETFramework,Version=v4.8, .NETFramework,Version=v4.8.1' instead of the project target framework 'net8.0'. This package may not be fully compatible with your project. [C:\Users\ultra\warewolf\Dev\Dev2.Common.Tests\Dev2.Common.Tests.csproj]
C:\Users\ultra\warewolf\Dev\Dev2.Runtime.WebServer\Dev2.Runtime.WebServer.csproj : warning NU1701: Package 'Prism.Wpf 9.0.537' was restored using '.NETFramework,Version=v4.6.1, .NETFramework,Version=v4.6.2, .NETFramework,Version=v4.7, .NETFramework,Version=v4.7.1, .NETFramework,Version=v4.7.2, .NETFramework,Version=v4.8, .NETFramework,Version=v4.8.1' instead of the project target framework 'net8.0'. This package may not be fully compatible with your project. [C:\Users\ultra\warewolf\Dev\Dev2.Common.Tests\Dev2.Common.Tests.csproj]
C:\Users\ultra\warewolf\Dev\Dev2.Runtime.WebServer\Dev2.Runtime.WebServer.csproj : warning NU1701: Package 'ReactiveUI.WPF 18.4.1' was restored using '.NETFramework,Version=v4.6.1, .NETFramework,Version=v4.6.2, .NETFramework,Version=v4.7, .NETFramework,Version=v4.7.1, .NETFramework,Version=v4.7.2, .NETFramework,Version=v4.8, .NETFramework,Version=v4.8.1' instead of the project target framework 'net8.0'. This package may not be fully compatible with your project. [C:\Users\ultra\warewolf\Dev\Dev2.Common.Tests\Dev2.Common.Tests.csproj]
C:\Users\ultra\warewolf\Dev\Dev2.Runtime.WebServer\Dev2.Runtime.WebServer.csproj : warning NU1701: Package 'TaskSchedulerEditor 2.10.1' was restored using '.NETFramework,Version=v4.6.1, .NETFramework,Version=v4.6.2, .NETFramework,Version=v4.7, .NETFramework,Version=v4.7.1, .NETFramework,Version=v4.7.2, .NETFramework,Version=v4.8, .NETFramework,Version=v4.8.1' instead of the project target framework 'net8.0'. This package may not be fully compatible with your project. [C:\Users\ultra\warewolf\Dev\Dev2.Common.Tests\Dev2.Common.Tests.csproj]
C:\Users\ultra\warewolf\Dev\Warewolf.Common.NetStandard20\Warewolf.Common.NetStandard20.csproj : warning NU1701: Package 'AeroWizard 2.3.1' was restored using '.NETFramework,Version=v4.6.1, .NETFramework,Version=v4.6.2, .NETFramework,Version=v4.7, .NETFramework,Version=v4.7.1, .NETFramework,Version=v4.7.2, .NETFramework,Version=v4.8, .NETFramework,Version=v4.8.1' instead of the project target framework 'net8.0'. This package may not be fully compatible with your project. [C:\Users\ultra\warewolf\Dev\Dev2.Common.Tests\Dev2.Common.Tests.csproj]
C:\Users\ultra\warewolf\Dev\Warewolf.Common.NetStandard20\Warewolf.Common.NetStandard20.csproj : warning NU1701: Package 'GroupControls 1.9.0' was restored using '.NETFramework,Version=v4.6.1, .NETFramework,Version=v4.6.2, .NETFramework,Version=v4.7, .NETFramework,Version=v4.7.1, .NETFramework,Version=v4.7.2, .NETFramework,Version=v4.8, .NETFramework,Version=v4.8.1' instead of the project target framework 'net8.0'. This package may not be fully compatible with your project. [C:\Users\ultra\warewolf\Dev\Dev2.Common.Tests\Dev2.Common.Tests.csproj]
C:\Users\ultra\warewolf\Dev\Warewolf.Common.NetStandard20\Warewolf.Common.NetStandard20.csproj : warning NU1701: Package 'ReactiveUI.WPF 18.4.1' was restored using '.NETFramework,Version=v4.6.1, .NETFramework,Version=v4.6.2, .NETFramework,Version=v4.7, .NETFramework,Version=v4.7.1, .NETFramework,Version=v4.7.2, .NETFramework,Version=v4.8, .NETFramework,Version=v4.8.1' instead of the project target framework 'net8.0'. This package may not be fully compatible with your project. [C:\Users\ultra\warewolf\Dev\Dev2.Common.Tests\Dev2.Common.Tests.csproj]
C:\Users\ultra\warewolf\Dev\Warewolf.Common.NetStandard20\Warewolf.Common.NetStandard20.csproj : warning NU1701: Package 'TaskSchedulerEditor 2.10.1' was restored using '.NETFramework,Version=v4.6.1, .NETFramework,Version=v4.6.2, .NETFramework,Version=v4.7, .NETFramework,Version=v4.7.1, .NETFramework,Version=v4.7.2, .NETFramework,Version=v4.8, .NETFramework,Version=v4.8.1' instead of the project target framework 'net8.0'. This package may not be fully compatible with your project. [C:\Users\ultra\warewolf\Dev\Dev2.Common.Tests\Dev2.Common.Tests.csproj]
  All projects are up-to-date for restore.
C:\Users\ultra\warewolf\Dev\Dev2.Common.Tests\Dev2.Common.Tests.csproj : warning NU1701: Package 'AeroWizard 2.3.1' was restored using '.NETFramework,Version=v4.6.1, .NETFramework,Version=v4.6.2, .NETFramework,Version=v4.7, .NETFramework,Version=v4.7.1, .NETFramework,Version=v4.7.2, .NETFramework,Version=v4.8, .NETFramework,Version=v4.8.1' instead of the project target framework 'net8.0'. This package may not be fully compatible with your project.
C:\Users\ultra\warewolf\Dev\Dev2.Common.Tests\Dev2.Common.Tests.csproj : warning NU1701: Package 'GroupControls 1.9.0' was restored using '.NETFramework,Version=v4.6.1, .NETFramework,Version=v4.6.2, .NETFramework,Version=v4.7, .NETFramework,Version=v4.7.1, .NETFramework,Version=v4.7.2, .NETFramework,Version=v4.8, .NETFramework,Version=v4.8.1' instead of the project target framework 'net8.0'. This package may not be fully compatible with your project.
C:\Users\ultra\warewolf\Dev\Dev2.Common.Tests\Dev2.Common.Tests.csproj : warning NU1701: Package 'Microsoft.Xaml.Behaviors.Wpf 1.1.122' was restored using '.NETFramework,Version=v4.6.1, .NETFramework,Version=v4.6.2, .NETFramework,Version=v4.7, .NETFramework,Version=v4.7.1, .NETFramework,Version=v4.7.2, .NETFramework,Version=v4.8, .NETFramework,Version=v4.8.1' instead of the project target framework 'net8.0'. This package may not be fully compatible with your project.
C:\Users\ultra\warewolf\Dev\Dev2.Common.Tests\Dev2.Common.Tests.csproj : warning NU1701: Package 'Prism.Wpf 9.0.537' was restored using '.NETFramework,Version=v4.6.1, .NETFramework,Version=v4.6.2, .NETFramework,Version=v4.7, .NETFramework,Version=v4.7.1, .NETFramework,Version=v4.7.2, .NETFramework,Version=v4.8, .NETFramework,Version=v4.8.1' instead of the project target framework 'net8.0'. This package may not be fully compatible with your project.
C:\Users\ultra\warewolf\Dev\Dev2.Common.Tests\Dev2.Common.Tests.csproj : warning NU1701: Package 'ReactiveUI.WPF 18.4.1' was restored using '.NETFramework,Version=v4.6.1, .NETFramework,Version=v4.6.2, .NETFramework,Version=v4.7, .NETFramework,Version=v4.7.1, .NETFramework,Version=v4.7.2, .NETFramework,Version=v4.8, .NETFramework,Version=v4.8.1' instead of the project target framework 'net8.0'. This package may not be fully compatible with your project.
C:\Users\ultra\warewolf\Dev\Dev2.Common.Tests\Dev2.Common.Tests.csproj : warning NU1701: Package 'TaskSchedulerEditor 2.10.1' was restored using '.NETFramework,Version=v4.6.1, .NETFramework,Version=v4.6.2, .NETFramework,Version=v4.7, .NETFramework,Version=v4.7.1, .NETFramework,Version=v4.7.2, .NETFramework,Version=v4.8, .NETFramework,Version=v4.8.1' instead of the project target framework 'net8.0'. This package may not be fully compatible with your project.
C:\Users\ultra\warewolf\Dev\Dev2.Runtime.Services\Dev2.Runtime.Services.csproj : warning NU1902: Package 'MessagePack' 2.4.59 has a known moderate severity vulnerability, https://github.com/advisories/GHSA-4qm4-8hg2-g2xm
C:\Users\ultra\warewolf\Dev\Dev2.Runtime.Services\Dev2.Runtime.Services.csproj : warning NU1903: Package 'Microsoft.Windows.Compatibility' 6.0.0 has a known high severity vulnerability, https://github.com/advisories/GHSA-555c-2p6r-68mm
C:\Users\ultra\warewolf\Dev\Dev2.Runtime.Services\Dev2.Runtime.Services.csproj : warning NU1701: Package 'AeroWizard 2.3.1' was restored using '.NETFramework,Version=v4.6.1, .NETFramework,Version=v4.6.2, .NETFramework,Version=v4.7, .NETFramework,Version=v4.7.1, .NETFramework,Version=v4.7.2, .NETFramework,Version=v4.8, .NETFramework,Version=v4.8.1' instead of the project target framework 'net8.0'. This package may not be fully compatible with your project.
C:\Users\ultra\warewolf\Dev\Dev2.Runtime.Services\Dev2.Runtime.Services.csproj : warning NU1701: Package 'GroupControls 1.9.0' was restored using '.NETFramework,Version=v4.6.1, .NETFramework,Version=v4.6.2, .NETFramework,Version=v4.7, .NETFramework,Version=v4.7.1, .NETFramework,Version=v4.7.2, .NETFramework,Version=v4.8, .NETFramework,Version=v4.8.1' instead of the project target framework 'net8.0'. This package may not be fully compatible with your project.
C:\Users\ultra\warewolf\Dev\Dev2.Runtime.Services\Dev2.Runtime.Services.csproj : warning NU1701: Package 'ReactiveUI.WPF 18.4.1' was restored using '.NETFramework,Version=v4.6.1, .NETFramework,Version=v4.6.2, .NETFramework,Version=v4.7, .NETFramework,Version=v4.7.1, .NETFramework,Version=v4.7.2, .NETFramework,Version=v4.8, .NETFramework,Version=v4.8.1' instead of the project target framework 'net8.0'. This package may not be fully compatible with your project.
C:\Users\ultra\warewolf\Dev\Dev2.Runtime.Services\Dev2.Runtime.Services.csproj : warning NU1701: Package 'TaskSchedulerEditor 2.10.1' was restored using '.NETFramework,Version=v4.6.1, .NETFramework,Version=v4.6.2, .NETFramework,Version=v4.7, .NETFramework,Version=v4.7.1, .NETFramework,Version=v4.7.2, .NETFramework,Version=v4.8, .NETFramework,Version=v4.8.1' instead of the project target framework 'net8.0'. This package may not be fully compatible with your project.
C:\Users\ultra\warewolf\Dev\Dev2.Common\Dev2.Common.csproj : warning NU1903: Package 'Microsoft.Windows.Compatibility' 6.0.0 has a known high severity vulnerability, https://github.com/advisories/GHSA-555c-2p6r-68mm
C:\Users\ultra\warewolf\Dev\Dev2.Common\Dev2.Common.csproj : warning NU1701: Package 'AeroWizard 2.3.1' was restored using '.NETFramework,Version=v4.6.1, .NETFramework,Version=v4.6.2, .NETFramework,Version=v4.7, .NETFramework,Version=v4.7.1, .NETFramework,Version=v4.7.2, .NETFramework,Version=v4.8, .NETFramework,Version=v4.8.1' instead of the project target framework 'net8.0'. This package may not be fully compatible with your project.
C:\Users\ultra\warewolf\Dev\Dev2.Common\Dev2.Common.csproj : warning NU1701: Package 'GroupControls 1.9.0' was restored using '.NETFramework,Version=v4.6.1, .NETFramework,Version=v4.6.2, .NETFramework,Version=v4.7, .NETFramework,Version=v4.7.1, .NETFramework,Version=v4.7.2, .NETFramework,Version=v4.8, .NETFramework,Version=v4.8.1' instead of the project target framework 'net8.0'. This package may not be fully compatible with your project.
C:\Users\ultra\warewolf\Dev\Dev2.Common\Dev2.Common.csproj : warning NU1701: Package 'TaskSchedulerEditor 2.10.1' was restored using '.NETFramework,Version=v4.6.1, .NETFramework,Version=v4.6.2, .NETFramework,Version=v4.7, .NETFramework,Version=v4.7.1, .NETFramework,Version=v4.7.2, .NETFramework,Version=v4.8, .NETFramework,Version=v4.8.1' instead of the project target framework 'net8.0'. This package may not be fully compatible with your project.
C:\Users\ultra\warewolf\Dev\Warewolf.Common\Warewolf.Common.csproj : warning NU1701: Package 'AeroWizard 2.3.1' was restored using '.NETFramework,Version=v4.6.1, .NETFramework,Version=v4.6.2, .NETFramework,Version=v4.7, .NETFramework,Version=v4.7.1, .NETFramework,Version=v4.7.2, .NETFramework,Version=v4.8, .NETFramework,Version=v4.8.1' instead of the project target framework 'net8.0'. This package may not be fully compatible with your project.
C:\Users\ultra\warewolf\Dev\Warewolf.Common\Warewolf.Common.csproj : warning NU1701: Package 'GroupControls 1.9.0' was restored using '.NETFramework,Version=v4.6.1, .NETFramework,Version=v4.6.2, .NETFramework,Version=v4.7, .NETFramework,Version=v4.7.1, .NETFramework,Version=v4.7.2, .NETFramework,Version=v4.8, .NETFramework,Version=v4.8.1' instead of the project target framework 'net8.0'. This package may not be fully compatible with your project.
C:\Users\ultra\warewolf\Dev\Warewolf.Common\Warewolf.Common.csproj : warning NU1701: Package 'TaskSchedulerEditor 2.10.1' was restored using '.NETFramework,Version=v4.6.1, .NETFramework,Version=v4.6.2, .NETFramework,Version=v4.7, .NETFramework,Version=v4.7.1, .NETFramework,Version=v4.7.2, .NETFramework,Version=v4.8, .NETFramework,Version=v4.8.1' instead of the project target framework 'net8.0'. This package may not be fully compatible with your project.
C:\Users\ultra\warewolf\Dev\Dev2.Infrastructure\Dev2.Infrastructure.csproj : warning NU1903: Package 'Microsoft.Windows.Compatibility' 6.0.0 has a known high severity vulnerability, https://github.com/advisories/GHSA-555c-2p6r-68mm
C:\Users\ultra\warewolf\Dev\Dev2.Infrastructure\Dev2.Infrastructure.csproj : warning NU1701: Package 'AeroWizard 2.3.1' was restored using '.NETFramework,Version=v4.6.1, .NETFramework,Version=v4.6.2, .NETFramework,Version=v4.7, .NETFramework,Version=v4.7.1, .NETFramework,Version=v4.7.2, .NETFramework,Version=v4.8, .NETFramework,Version=v4.8.1' instead of the project target framework 'net8.0'. This package may not be fully compatible with your project.
C:\Users\ultra\warewolf\Dev\Dev2.Infrastructure\Dev2.Infrastructure.csproj : warning NU1701: Package 'GroupControls 1.9.0' was restored using '.NETFramework,Version=v4.6.1, .NETFramework,Version=v4.6.2, .NETFramework,Version=v4.7, .NETFramework,Version=v4.7.1, .NETFramework,Version=v4.7.2, .NETFramework,Version=v4.8, .NETFramework,Version=v4.8.1' instead of the project target framework 'net8.0'. This package may not be fully compatible with your project.
C:\Users\ultra\warewolf\Dev\Dev2.Infrastructure\Dev2.Infrastructure.csproj : warning NU1701: Package 'ReactiveUI.WPF 18.4.1' was restored using '.NETFramework,Version=v4.6.1, .NETFramework,Version=v4.6.2, .NETFramework,Version=v4.7, .NETFramework,Version=v4.7.1, .NETFramework,Version=v4.7.2, .NETFramework,Version=v4.8, .NETFramework,Version=v4.8.1' instead of the project target framework 'net8.0'. This package may not be fully compatible with your project.
C:\Users\ultra\warewolf\Dev\Dev2.Infrastructure\Dev2.Infrastructure.csproj : warning NU1701: Package 'TaskSchedulerEditor 2.10.1' was restored using '.NETFramework,Version=v4.6.1, .NETFramework,Version=v4.6.2, .NETFramework,Version=v4.7, .NETFramework,Version=v4.7.1, .NETFramework,Version=v4.7.2, .NETFramework,Version=v4.8, .NETFramework,Version=v4.8.1' instead of the project target framework 'net8.0'. This package may not be fully compatible with your project.
C:\Users\ultra\warewolf\Dev\Dev2.Data.Interfaces\Dev2.Data.Interfaces.csproj : warning NU1903: Package 'DotNetZip' 1.16.0 has a known high severity vulnerability, https://github.com/advisories/GHSA-xhg6-9j5j-w4vf
C:\Users\ultra\warewolf\Dev\Dev2.Data.Interfaces\Dev2.Data.Interfaces.csproj : warning NU1701: Package 'AeroWizard 2.3.1' was restored using '.NETFramework,Version=v4.6.1, .NETFramework,Version=v4.6.2, .NETFramework,Version=v4.7, .NETFramework,Version=v4.7.1, .NETFramework,Version=v4.7.2, .NETFramework,Version=v4.8, .NETFramework,Version=v4.8.1' instead of the project target framework 'net8.0'. This package may not be fully compatible with your project.
C:\Users\ultra\warewolf\Dev\Dev2.Data.Interfaces\Dev2.Data.Interfaces.csproj : warning NU1701: Package 'GroupControls 1.9.0' was restored using '.NETFramework,Version=v4.6.1, .NETFramework,Version=v4.6.2, .NETFramework,Version=v4.7, .NETFramework,Version=v4.7.1, .NETFramework,Version=v4.7.2, .NETFramework,Version=v4.8, .NETFramework,Version=v4.8.1' instead of the project target framework 'net8.0'. This package may not be fully compatible with your project.
C:\Users\ultra\warewolf\Dev\Dev2.Data.Interfaces\Dev2.Data.Interfaces.csproj : warning NU1701: Package 'TaskSchedulerEditor 2.10.1' was restored using '.NETFramework,Version=v4.6.1, .NETFramework,Version=v4.6.2, .NETFramework,Version=v4.7, .NETFramework,Version=v4.7.1, .NETFramework,Version=v4.7.2, .NETFramework,Version=v4.8, .NETFramework,Version=v4.8.1' instead of the project target framework 'net8.0'. This package may not be fully compatible with your project.
C:\Users\ultra\warewolf\Dev\Dev2.Common.Interfaces\Dev2.Common.Interfaces.csproj : warning NU1903: Package 'Microsoft.Windows.Compatibility' 6.0.0 has a known high severity vulnerability, https://github.com/advisories/GHSA-555c-2p6r-68mm
C:\Users\ultra\warewolf\Dev\Dev2.Common.Interfaces\Dev2.Common.Interfaces.csproj : warning NU1701: Package 'AeroWizard 2.3.1' was restored using '.NETFramework,Version=v4.6.1, .NETFramework,Version=v4.6.2, .NETFramework,Version=v4.7, .NETFramework,Version=v4.7.1, .NETFramework,Version=v4.7.2, .NETFramework,Version=v4.8, .NETFramework,Version=v4.8.1' instead of the project target framework 'net8.0'. This package may not be fully compatible with your project.
C:\Users\ultra\warewolf\Dev\Dev2.Common.Interfaces\Dev2.Common.Interfaces.csproj : warning NU1701: Package 'GroupControls 1.9.0' was restored using '.NETFramework,Version=v4.6.1, .NETFramework,Version=v4.6.2, .NETFramework,Version=v4.7, .NETFramework,Version=v4.7.1, .NETFramework,Version=v4.7.2, .NETFramework,Version=v4.8, .NETFramework,Version=v4.8.1' instead of the project target framework 'net8.0'. This package may not be fully compatible with your project.
C:\Users\ultra\warewolf\Dev\Dev2.Common.Interfaces\Dev2.Common.Interfaces.csproj : warning NU1701: Package 'TaskSchedulerEditor 2.10.1' was restored using '.NETFramework,Version=v4.6.1, .NETFramework,Version=v4.6.2, .NETFramework,Version=v4.7, .NETFramework,Version=v4.7.1, .NETFramework,Version=v4.7.2, .NETFramework,Version=v4.8, .NETFramework,Version=v4.8.1' instead of the project target framework 'net8.0'. This package may not be fully compatible with your project.
C:\Users\ultra\warewolf\Dev\Dev2.Studio.Core\Dev2.Studio.Core.csproj : warning NU1701: Package 'AeroWizard 2.3.1' was restored using '.NETFramework,Version=v4.6.1, .NETFramework,Version=v4.6.2, .NETFramework,Version=v4.7, .NETFramework,Version=v4.7.1, .NETFramework,Version=v4.7.2, .NETFramework,Version=v4.8, .NETFramework,Version=v4.8.1' instead of the project target framework 'net8.0'. This package may not be fully compatible with your project.
C:\Users\ultra\warewolf\Dev\Dev2.Studio.Core\Dev2.Studio.Core.csproj : warning NU1701: Package 'GroupControls 1.9.0' was restored using '.NETFramework,Version=v4.6.1, .NETFramework,Version=v4.6.2, .NETFramework,Version=v4.7, .NETFramework,Version=v4.7.1, .NETFramework,Version=v4.7.2, .NETFramework,Version=v4.8, .NETFramework,Version=v4.8.1' instead of the project target framework 'net8.0'. This package may not be fully compatible with your project.
C:\Users\ultra\warewolf\Dev\Dev2.Studio.Core\Dev2.Studio.Core.csproj : warning NU1701: Package 'Microsoft.Xaml.Behaviors.Wpf 1.1.122' was restored using '.NETFramework,Version=v4.6.1, .NETFramework,Version=v4.6.2, .NETFramework,Version=v4.7, .NETFramework,Version=v4.7.1, .NETFramework,Version=v4.7.2, .NETFramework,Version=v4.8, .NETFramework,Version=v4.8.1' instead of the project target framework 'net8.0'. This package may not be fully compatible with your project.
C:\Users\ultra\warewolf\Dev\Dev2.Studio.Core\Dev2.Studio.Core.csproj : warning NU1701: Package 'Prism.Wpf 9.0.537' was restored using '.NETFramework,Version=v4.6.1, .NETFramework,Version=v4.6.2, .NETFramework,Version=v4.7, .NETFramework,Version=v4.7.1, .NETFramework,Version=v4.7.2, .NETFramework,Version=v4.8, .NETFramework,Version=v4.8.1' instead of the project target framework 'net8.0'. This package may not be fully compatible with your project.
C:\Users\ultra\warewolf\Dev\Dev2.Studio.Core\Dev2.Studio.Core.csproj : warning NU1701: Package 'ReactiveUI.WPF 18.4.1' was restored using '.NETFramework,Version=v4.6.1, .NETFramework,Version=v4.6.2, .NETFramework,Version=v4.7, .NETFramework,Version=v4.7.1, .NETFramework,Version=v4.7.2, .NETFramework,Version=v4.8, .NETFramework,Version=v4.8.1' instead of the project target framework 'net8.0'. This package may not be fully compatible with your project.
C:\Users\ultra\warewolf\Dev\Dev2.Studio.Core\Dev2.Studio.Core.csproj : warning NU1701: Package 'TaskSchedulerEditor 2.10.1' was restored using '.NETFramework,Version=v4.6.1, .NETFramework,Version=v4.6.2, .NETFramework,Version=v4.7, .NETFramework,Version=v4.7.1, .NETFramework,Version=v4.7.2, .NETFramework,Version=v4.8, .NETFramework,Version=v4.8.1' instead of the project target framework 'net8.0'. This package may not be fully compatible with your project.
C:\Users\ultra\warewolf\Dev\Dev2.Development.Languages\Dev2.Development.Languages.csproj : warning NU1701: Package 'AeroWizard 2.3.1' was restored using '.NETFramework,Version=v4.6.1, .NETFramework,Version=v4.6.2, .NETFramework,Version=v4.7, .NETFramework,Version=v4.7.1, .NETFramework,Version=v4.7.2, .NETFramework,Version=v4.8, .NETFramework,Version=v4.8.1' instead of the project target framework 'net8.0'. This package may not be fully compatible with your project.
C:\Users\ultra\warewolf\Dev\Dev2.Data\Dev2.Data.csproj : warning NU1701: Package 'AeroWizard 2.3.1' was restored using '.NETFramework,Version=v4.6.1, .NETFramework,Version=v4.6.2, .NETFramework,Version=v4.7, .NETFramework,Version=v4.7.1, .NETFramework,Version=v4.7.2, .NETFramework,Version=v4.8, .NETFramework,Version=v4.8.1' instead of the project target framework 'net8.0'. This package may not be fully compatible with your project.
C:\Users\ultra\warewolf\Dev\Dev2.Development.Languages\Dev2.Development.Languages.csproj : warning NU1701: Package 'GroupControls 1.9.0' was restored using '.NETFramework,Version=v4.6.1, .NETFramework,Version=v4.6.2, .NETFramework,Version=v4.7, .NETFramework,Version=v4.7.1, .NETFramework,Version=v4.7.2, .NETFramework,Version=v4.8, .NETFramework,Version=v4.8.1' instead of the project target framework 'net8.0'. This package may not be fully compatible with your project.
C:\Users\ultra\warewolf\Dev\Dev2.Development.Languages\Dev2.Development.Languages.csproj : warning NU1701: Package 'TaskSchedulerEditor 2.10.1' was restored using '.NETFramework,Version=v4.6.1, .NETFramework,Version=v4.6.2, .NETFramework,Version=v4.7, .NETFramework,Version=v4.7.1, .NETFramework,Version=v4.7.2, .NETFramework,Version=v4.8, .NETFramework,Version=v4.8.1' instead of the project target framework 'net8.0'. This package may not be fully compatible with your project.
C:\Users\ultra\warewolf\Dev\Dev2.Data\Dev2.Data.csproj : warning NU1701: Package 'GroupControls 1.9.0' was restored using '.NETFramework,Version=v4.6.1, .NETFramework,Version=v4.6.2, .NETFramework,Version=v4.7, .NETFramework,Version=v4.7.1, .NETFramework,Version=v4.7.2, .NETFramework,Version=v4.8, .NETFramework,Version=v4.8.1' instead of the project target framework 'net8.0'. This package may not be fully compatible with your project.
C:\Users\ultra\warewolf\Dev\Dev2.Data\Dev2.Data.csproj : warning NU1701: Package 'ReactiveUI.WPF 18.4.1' was restored using '.NETFramework,Version=v4.6.1, .NETFramework,Version=v4.6.2, .NETFramework,Version=v4.7, .NETFramework,Version=v4.7.1, .NETFramework,Version=v4.7.2, .NETFramework,Version=v4.8, .NETFramework,Version=v4.8.1' instead of the project target framework 'net8.0'. This package may not be fully compatible with your project.
C:\Users\ultra\warewolf\Dev\Dev2.Data\Dev2.Data.csproj : warning NU1701: Package 'TaskSchedulerEditor 2.10.1' was restored using '.NETFramework,Version=v4.6.1, .NETFramework,Version=v4.6.2, .NETFramework,Version=v4.7, .NETFramework,Version=v4.7.1, .NETFramework,Version=v4.7.2, .NETFramework,Version=v4.8, .NETFramework,Version=v4.8.1' instead of the project target framework 'net8.0'. This package may not be fully compatible with your project.
C:\Users\ultra\warewolf\Dev\Dev2.Infrastructure.Tests\Dev2.Infrastructure.Tests.csproj : warning NU1701: Package 'AeroWizard 2.3.1' was restored using '.NETFramework,Version=v4.6.1, .NETFramework,Version=v4.6.2, .NETFramework,Version=v4.7, .NETFramework,Version=v4.7.1, .NETFramework,Version=v4.7.2, .NETFramework,Version=v4.8, .NETFramework,Version=v4.8.1' instead of the project target framework 'net8.0'. This package may not be fully compatible with your project.
C:\Users\ultra\warewolf\Dev\Dev2.Infrastructure.Tests\Dev2.Infrastructure.Tests.csproj : warning NU1701: Package 'GroupControls 1.9.0' was restored using '.NETFramework,Version=v4.6.1, .NETFramework,Version=v4.6.2, .NETFramework,Version=v4.7, .NETFramework,Version=v4.7.1, .NETFramework,Version=v4.7.2, .NETFramework,Version=v4.8, .NETFramework,Version=v4.8.1' instead of the project target framework 'net8.0'. This package may not be fully compatible with your project.
C:\Users\ultra\warewolf\Dev\Dev2.Infrastructure.Tests\Dev2.Infrastructure.Tests.csproj : warning NU1701: Package 'Microsoft.Xaml.Behaviors.Wpf 1.1.122' was restored using '.NETFramework,Version=v4.6.1, .NETFramework,Version=v4.6.2, .NETFramework,Version=v4.7, .NETFramework,Version=v4.7.1, .NETFramework,Version=v4.7.2, .NETFramework,Version=v4.8, .NETFramework,Version=v4.8.1' instead of the project target framework 'net8.0'. This package may not be fully compatible with your project.
C:\Users\ultra\warewolf\Dev\Dev2.Infrastructure.Tests\Dev2.Infrastructure.Tests.csproj : warning NU1701: Package 'Prism.Wpf 9.0.537' was restored using '.NETFramework,Version=v4.6.1, .NETFramework,Version=v4.6.2, .NETFramework,Version=v4.7, .NETFramework,Version=v4.7.1, .NETFramework,Version=v4.7.2, .NETFramework,Version=v4.8, .NETFramework,Version=v4.8.1' instead of the project target framework 'net8.0'. This package may not be fully compatible with your project.
C:\Users\ultra\warewolf\Dev\Dev2.Infrastructure.Tests\Dev2.Infrastructure.Tests.csproj : warning NU1701: Package 'ReactiveUI.WPF 18.4.1' was restored using '.NETFramework,Version=v4.6.1, .NETFramework,Version=v4.6.2, .NETFramework,Version=v4.7, .NETFramework,Version=v4.7.1, .NETFramework,Version=v4.7.2, .NETFramework,Version=v4.8, .NETFramework,Version=v4.8.1' instead of the project target framework 'net8.0'. This package may not be fully compatible with your project.
C:\Users\ultra\warewolf\Dev\Dev2.Infrastructure.Tests\Dev2.Infrastructure.Tests.csproj : warning NU1701: Package 'TaskSchedulerEditor 2.10.1' was restored using '.NETFramework,Version=v4.6.1, .NETFramework,Version=v4.6.2, .NETFramework,Version=v4.7, .NETFramework,Version=v4.7.1, .NETFramework,Version=v4.7.2, .NETFramework,Version=v4.8, .NETFramework,Version=v4.8.1' instead of the project target framework 'net8.0'. This package may not be fully compatible with your project.
C:\Users\ultra\warewolf\Dev\Dev2.Activities\Dev2.Activities.csproj : warning NU1903: Package 'Microsoft.Windows.Compatibility' 6.0.0 has a known high severity vulnerability, https://github.com/advisories/GHSA-555c-2p6r-68mm
C:\Users\ultra\warewolf\Dev\Dev2.Activities\Dev2.Activities.csproj : warning NU1701: Package 'AeroWizard 2.3.1' was restored using '.NETFramework,Version=v4.6.1, .NETFramework,Version=v4.6.2, .NETFramework,Version=v4.7, .NETFramework,Version=v4.7.1, .NETFramework,Version=v4.7.2, .NETFramework,Version=v4.8, .NETFramework,Version=v4.8.1' instead of the project target framework 'net8.0'. This package may not be fully compatible with your project.
C:\Users\ultra\warewolf\Dev\Dev2.Activities\Dev2.Activities.csproj : warning NU1701: Package 'GroupControls 1.9.0' was restored using '.NETFramework,Version=v4.6.1, .NETFramework,Version=v4.6.2, .NETFramework,Version=v4.7, .NETFramework,Version=v4.7.1, .NETFramework,Version=v4.7.2, .NETFramework,Version=v4.8, .NETFramework,Version=v4.8.1' instead of the project target framework 'net8.0'. This package may not be fully compatible with your project.
C:\Users\ultra\warewolf\Dev\Dev2.Diagnostics\Dev2.Diagnostics.csproj : warning NU1701: Package 'AeroWizard 2.3.1' was restored using '.NETFramework,Version=v4.6.1, .NETFramework,Version=v4.6.2, .NETFramework,Version=v4.7, .NETFramework,Version=v4.7.1, .NETFramework,Version=v4.7.2, .NETFramework,Version=v4.8, .NETFramework,Version=v4.8.1' instead of the project target framework 'net8.0'. This package may not be fully compatible with your project.
C:\Users\ultra\warewolf\Dev\Dev2.Activities\Dev2.Activities.csproj : warning NU1701: Package 'ReactiveUI.WPF 18.4.1' was restored using '.NETFramework,Version=v4.6.1, .NETFramework,Version=v4.6.2, .NETFramework,Version=v4.7, .NETFramework,Version=v4.7.1, .NETFramework,Version=v4.7.2, .NETFramework,Version=v4.8, .NETFramework,Version=v4.8.1' instead of the project target framework 'net8.0'. This package may not be fully compatible with your project.
C:\Users\ultra\warewolf\Dev\Dev2.Diagnostics\Dev2.Diagnostics.csproj : warning NU1701: Package 'GroupControls 1.9.0' was restored using '.NETFramework,Version=v4.6.1, .NETFramework,Version=v4.6.2, .NETFramework,Version=v4.7, .NETFramework,Version=v4.7.1, .NETFramework,Version=v4.7.2, .NETFramework,Version=v4.8, .NETFramework,Version=v4.8.1' instead of the project target framework 'net8.0'. This package may not be fully compatible with your project.
C:\Users\ultra\warewolf\Dev\Dev2.Activities\Dev2.Activities.csproj : warning NU1701: Package 'TaskSchedulerEditor 2.10.1' was restored using '.NETFramework,Version=v4.6.1, .NETFramework,Version=v4.6.2, .NETFramework,Version=v4.7, .NETFramework,Version=v4.7.1, .NETFramework,Version=v4.7.2, .NETFramework,Version=v4.8, .NETFramework,Version=v4.8.1' instead of the project target framework 'net8.0'. This package may not be fully compatible with your project.
C:\Users\ultra\warewolf\Dev\Dev2.Diagnostics\Dev2.Diagnostics.csproj : warning NU1701: Package 'TaskSchedulerEditor 2.10.1' was restored using '.NETFramework,Version=v4.6.1, .NETFramework,Version=v4.6.2, .NETFramework,Version=v4.7, .NETFramework,Version=v4.7.1, .NETFramework,Version=v4.7.2, .NETFramework,Version=v4.8, .NETFramework,Version=v4.8.1' instead of the project target framework 'net8.0'. This package may not be fully compatible with your project.
C:\Users\ultra\warewolf\Dev\Dev2.Runtime\Dev2.Runtime.csproj : warning NU1903: Package 'Microsoft.Windows.Compatibility' 6.0.0 has a known high severity vulnerability, https://github.com/advisories/GHSA-555c-2p6r-68mm
C:\Users\ultra\warewolf\Dev\Dev2.Runtime\Dev2.Runtime.csproj : warning NU1701: Package 'AeroWizard 2.3.1' was restored using '.NETFramework,Version=v4.6.1, .NETFramework,Version=v4.6.2, .NETFramework,Version=v4.7, .NETFramework,Version=v4.7.1, .NETFramework,Version=v4.7.2, .NETFramework,Version=v4.8, .NETFramework,Version=v4.8.1' instead of the project target framework 'net8.0'. This package may not be fully compatible with your project.
C:\Users\ultra\warewolf\Dev\Dev2.Runtime\Dev2.Runtime.csproj : warning NU1701: Package 'GroupControls 1.9.0' was restored using '.NETFramework,Version=v4.6.1, .NETFramework,Version=v4.6.2, .NETFramework,Version=v4.7, .NETFramework,Version=v4.7.1, .NETFramework,Version=v4.7.2, .NETFramework,Version=v4.8, .NETFramework,Version=v4.8.1' instead of the project target framework 'net8.0'. This package may not be fully compatible with your project.
C:\Users\ultra\warewolf\Dev\Dev2.Runtime\Dev2.Runtime.csproj : warning NU1701: Package 'ReactiveUI.WPF 18.4.1' was restored using '.NETFramework,Version=v4.6.1, .NETFramework,Version=v4.6.2, .NETFramework,Version=v4.7, .NETFramework,Version=v4.7.1, .NETFramework,Version=v4.7.2, .NETFramework,Version=v4.8, .NETFramework,Version=v4.8.1' instead of the project target framework 'net8.0'. This package may not be fully compatible with your project.
C:\Users\ultra\warewolf\Dev\Dev2.Runtime\Dev2.Runtime.csproj : warning NU1701: Package 'TaskSchedulerEditor 2.10.1' was restored using '.NETFramework,Version=v4.6.1, .NETFramework,Version=v4.6.2, .NETFramework,Version=v4.7, .NETFramework,Version=v4.7.1, .NETFramework,Version=v4.7.2, .NETFramework,Version=v4.8, .NETFramework,Version=v4.8.1' instead of the project target framework 'net8.0'. This package may not be fully compatible with your project.
C:\Program Files\dotnet\sdk\10.0.201\Sdks\Microsoft.NET.Sdk\targets\Microsoft.NET.Sdk.DefaultItems.targets(162,5): warning NETSDK1137: It is no longer necessary to use the Microsoft.NET.Sdk.WindowsDesktop SDK. Consider changing the Sdk attribute of the root Project element to 'Microsoft.NET.Sdk'. [C:\Users\ultra\warewolf\Dev\Dev2.CustomControls\Dev2.CustomControls.csproj]
C:\Users\ultra\warewolf\Dev\Warewolf.Language.Parser\Warewolf.Language.Parser.fsproj : warning NU1504: Duplicate 'PackageReference' items found. Remove the duplicate items or use the Update functionality to ensure a consistent restore behavior. The duplicate 'PackageReference' items are: FSharp.Core 10.1.201, FSharp.Core 4.6.2.
C:\Program Files\dotnet\sdk\10.0.201\Sdks\Microsoft.NET.Sdk.WindowsDesktop\targets\Microsoft.NET.Sdk.WindowsDesktop.targets(138,5): warning NETSDK1106: Microsoft.NET.Sdk.WindowsDesktop requires 'UseWpf' or 'UseWindowsForms' to be set to 'true' [C:\Users\ultra\warewolf\Dev\Dev2.CustomControls\Dev2.CustomControls.csproj]
C:\Users\ultra\warewolf\Dev\Dev2.CustomControls\Dev2.CustomControls.csproj : warning NU1903: Package 'Microsoft.Windows.Compatibility' 6.0.0 has a known high severity vulnerability, https://github.com/advisories/GHSA-555c-2p6r-68mm
C:\Users\ultra\warewolf\Dev\Dev2.CustomControls\Dev2.CustomControls.csproj : warning NU1701: Package 'AeroWizard 2.3.1' was restored using '.NETFramework,Version=v4.6.1, .NETFramework,Version=v4.6.2, .NETFramework,Version=v4.7, .NETFramework,Version=v4.7.1, .NETFramework,Version=v4.7.2, .NETFramework,Version=v4.8, .NETFramework,Version=v4.8.1' instead of the project target framework 'net8.0'. This package may not be fully compatible with your project.
C:\Users\ultra\warewolf\Dev\Dev2.CustomControls\Dev2.CustomControls.csproj : warning NU1701: Package 'GroupControls 1.9.0' was restored using '.NETFramework,Version=v4.6.1, .NETFramework,Version=v4.6.2, .NETFramework,Version=v4.7, .NETFramework,Version=v4.7.1, .NETFramework,Version=v4.7.2, .NETFramework,Version=v4.8, .NETFramework,Version=v4.8.1' instead of the project target framework 'net8.0'. This package may not be fully compatible with your project.
C:\Users\ultra\warewolf\Dev\Dev2.CustomControls\Dev2.CustomControls.csproj : warning NU1701: Package 'TaskSchedulerEditor 2.10.1' was restored using '.NETFramework,Version=v4.6.1, .NETFramework,Version=v4.6.2, .NETFramework,Version=v4.7, .NETFramework,Version=v4.7.1, .NETFramework,Version=v4.7.2, .NETFramework,Version=v4.8, .NETFramework,Version=v4.8.1' instead of the project target framework 'net8.0'. This package may not be fully compatible with your project.
C:\Users\ultra\warewolf\Dev\Dev2.Scheduler\Dev2.Scheduler.csproj : warning NU1701: Package 'AeroWizard 2.3.1' was restored using '.NETFramework,Version=v4.6.1, .NETFramework,Version=v4.6.2, .NETFramework,Version=v4.7, .NETFramework,Version=v4.7.1, .NETFramework,Version=v4.7.2, .NETFramework,Version=v4.8, .NETFramework,Version=v4.8.1' instead of the project target framework 'net8.0'. This package may not be fully compatible with your project.
C:\Users\ultra\warewolf\Dev\Dev2.Scheduler\Dev2.Scheduler.csproj : warning NU1701: Package 'GroupControls 1.9.0' was restored using '.NETFramework,Version=v4.6.1, .NETFramework,Version=v4.6.2, .NETFramework,Version=v4.7, .NETFramework,Version=v4.7.1, .NETFramework,Version=v4.7.2, .NETFramework,Version=v4.8, .NETFramework,Version=v4.8.1' instead of the project target framework 'net8.0'. This package may not be fully compatible with your project.
C:\Users\ultra\warewolf\Dev\Dev2.Scheduler\Dev2.Scheduler.csproj : warning NU1701: Package 'ReactiveUI.WPF 18.4.1' was restored using '.NETFramework,Version=v4.6.1, .NETFramework,Version=v4.6.2, .NETFramework,Version=v4.7, .NETFramework,Version=v4.7.1, .NETFramework,Version=v4.7.2, .NETFramework,Version=v4.8, .NETFramework,Version=v4.8.1' instead of the project target framework 'net8.0'. This package may not be fully compatible with your project.
C:\Users\ultra\warewolf\Dev\Dev2.Scheduler\Dev2.Scheduler.csproj : warning NU1701: Package 'TaskSchedulerEditor 2.10.1' was restored using '.NETFramework,Version=v4.6.1, .NETFramework,Version=v4.6.2, .NETFramework,Version=v4.7, .NETFramework,Version=v4.7.1, .NETFramework,Version=v4.7.2, .NETFramework,Version=v4.8, .NETFramework,Version=v4.8.1' instead of the project target framework 'net8.0'. This package may not be fully compatible with your project.
C:\Users\ultra\warewolf\Dev\Dev2.Runtime.Configuration\Dev2.Runtime.Configuration.csproj : warning NU1903: Package 'Microsoft.Windows.Compatibility' 6.0.0 has a known high severity vulnerability, https://github.com/advisories/GHSA-555c-2p6r-68mm
C:\Users\ultra\warewolf\Dev\Dev2.Runtime.Configuration\Dev2.Runtime.Configuration.csproj : warning NU1701: Package 'AeroWizard 2.3.1' was restored using '.NETFramework,Version=v4.6.1, .NETFramework,Version=v4.6.2, .NETFramework,Version=v4.7, .NETFramework,Version=v4.7.1, .NETFramework,Version=v4.7.2, .NETFramework,Version=v4.8, .NETFramework,Version=v4.8.1' instead of the project target framework 'net8.0'. This package may not be fully compatible with your project.
C:\Users\ultra\warewolf\Dev\Dev2.Runtime.Configuration\Dev2.Runtime.Configuration.csproj : warning NU1701: Package 'GroupControls 1.9.0' was restored using '.NETFramework,Version=v4.6.1, .NETFramework,Version=v4.6.2, .NETFramework,Version=v4.7, .NETFramework,Version=v4.7.1, .NETFramework,Version=v4.7.2, .NETFramework,Version=v4.8, .NETFramework,Version=v4.8.1' instead of the project target framework 'net8.0'. This package may not be fully compatible with your project.
C:\Users\ultra\warewolf\Dev\Dev2.Runtime.Configuration\Dev2.Runtime.Configuration.csproj : warning NU1701: Package 'TaskSchedulerEditor 2.10.1' was restored using '.NETFramework,Version=v4.6.1, .NETFramework,Version=v4.6.2, .NETFramework,Version=v4.7, .NETFramework,Version=v4.7.1, .NETFramework,Version=v4.7.2, .NETFramework,Version=v4.8, .NETFramework,Version=v4.8.1' instead of the project target framework 'net8.0'. This package may not be fully compatible with your project.
C:\Users\ultra\warewolf\Dev\Dev2.Core\Dev2.Core.csproj : warning NU1903: Package 'Microsoft.Windows.Compatibility' 6.0.0 has a known high severity vulnerability, https://github.com/advisories/GHSA-555c-2p6r-68mm
C:\Users\ultra\warewolf\Dev\Dev2.Core\Dev2.Core.csproj : warning NU1701: Package 'AeroWizard 2.3.1' was restored using '.NETFramework,Version=v4.6.1, .NETFramework,Version=v4.6.2, .NETFramework,Version=v4.7, .NETFramework,Version=v4.7.1, .NETFramework,Version=v4.7.2, .NETFramework,Version=v4.8, .NETFramework,Version=v4.8.1' instead of the project target framework 'net8.0'. This package may not be fully compatible with your project.
C:\Users\ultra\warewolf\Dev\Dev2.Core\Dev2.Core.csproj : warning NU1701: Package 'GroupControls 1.9.0' was restored using '.NETFramework,Version=v4.6.1, .NETFramework,Version=v4.6.2, .NETFramework,Version=v4.7, .NETFramework,Version=v4.7.1, .NETFramework,Version=v4.7.2, .NETFramework,Version=v4.8, .NETFramework,Version=v4.8.1' instead of the project target framework 'net8.0'. This package may not be fully compatible with your project.
C:\Users\ultra\warewolf\Dev\Dev2.Core\Dev2.Core.csproj : warning NU1701: Package 'ReactiveUI.WPF 18.4.1' was restored using '.NETFramework,Version=v4.6.1, .NETFramework,Version=v4.6.2, .NETFramework,Version=v4.7, .NETFramework,Version=v4.7.1, .NETFramework,Version=v4.7.2, .NETFramework,Version=v4.8, .NETFramework,Version=v4.8.1' instead of the project target framework 'net8.0'. This package may not be fully compatible with your project.
C:\Users\ultra\warewolf\Dev\Dev2.Core\Dev2.Core.csproj : warning NU1701: Package 'TaskSchedulerEditor 2.10.1' was restored using '.NETFramework,Version=v4.6.1, .NETFramework,Version=v4.6.2, .NETFramework,Version=v4.7, .NETFramework,Version=v4.7.1, .NETFramework,Version=v4.7.2, .NETFramework,Version=v4.8, .NETFramework,Version=v4.8.1' instead of the project target framework 'net8.0'. This package may not be fully compatible with your project.
C:\Users\ultra\warewolf\Dev\Warewolf.Data\Warewolf.Data.csproj : warning NU1701: Package 'AeroWizard 2.3.1' was restored using '.NETFramework,Version=v4.6.1, .NETFramework,Version=v4.6.2, .NETFramework,Version=v4.7, .NETFramework,Version=v4.7.1, .NETFramework,Version=v4.7.2, .NETFramework,Version=v4.8, .NETFramework,Version=v4.8.1' instead of the project target framework 'net8.0'. This package may not be fully compatible with your project.
C:\Users\ultra\warewolf\Dev\Warewolf.Data\Warewolf.Data.csproj : warning NU1701: Package 'GroupControls 1.9.0' was restored using '.NETFramework,Version=v4.6.1, .NETFramework,Version=v4.6.2, .NETFramework,Version=v4.7, .NETFramework,Version=v4.7.1, .NETFramework,Version=v4.7.2, .NETFramework,Version=v4.8, .NETFramework,Version=v4.8.1' instead of the project target framework 'net8.0'. This package may not be fully compatible with your project.
C:\Users\ultra\warewolf\Dev\Warewolf.Data\Warewolf.Data.csproj : warning NU1701: Package 'TaskSchedulerEditor 2.10.1' was restored using '.NETFramework,Version=v4.6.1, .NETFramework,Version=v4.6.2, .NETFramework,Version=v4.7, .NETFramework,Version=v4.7.1, .NETFramework,Version=v4.7.2, .NETFramework,Version=v4.8, .NETFramework,Version=v4.8.1' instead of the project target framework 'net8.0'. This package may not be fully compatible with your project.
C:\Users\ultra\warewolf\Dev\Dev2.Util\Dev2.Util.csproj : warning NU1903: Package 'Microsoft.Windows.Compatibility' 6.0.0 has a known high severity vulnerability, https://github.com/advisories/GHSA-555c-2p6r-68mm
C:\Users\ultra\warewolf\Dev\Dev2.Util\Dev2.Util.csproj : warning NU1701: Package 'AeroWizard 2.3.1' was restored using '.NETFramework,Version=v4.6.1, .NETFramework,Version=v4.6.2, .NETFramework,Version=v4.7, .NETFramework,Version=v4.7.1, .NETFramework,Version=v4.7.2, .NETFramework,Version=v4.8, .NETFramework,Version=v4.8.1' instead of the project target framework 'net8.0'. This package may not be fully compatible with your project.
C:\Users\ultra\warewolf\Dev\Dev2.Util\Dev2.Util.csproj : warning NU1701: Package 'GroupControls 1.9.0' was restored using '.NETFramework,Version=v4.6.1, .NETFramework,Version=v4.6.2, .NETFramework,Version=v4.7, .NETFramework,Version=v4.7.1, .NETFramework,Version=v4.7.2, .NETFramework,Version=v4.8, .NETFramework,Version=v4.8.1' instead of the project target framework 'net8.0'. This package may not be fully compatible with your project.
C:\Users\ultra\warewolf\Dev\Dev2.Util\Dev2.Util.csproj : warning NU1701: Package 'TaskSchedulerEditor 2.10.1' was restored using '.NETFramework,Version=v4.6.1, .NETFramework,Version=v4.6.2, .NETFramework,Version=v4.7, .NETFramework,Version=v4.7.1, .NETFramework,Version=v4.7.2, .NETFramework,Version=v4.8, .NETFramework,Version=v4.8.1' instead of the project target framework 'net8.0'. This package may not be fully compatible with your project.
C:\Users\ultra\warewolf\Dev\Dev2.Services.Execution\Dev2.Services.Execution.csproj : warning NU1701: Package 'AeroWizard 2.3.1' was restored using '.NETFramework,Version=v4.6.1, .NETFramework,Version=v4.6.2, .NETFramework,Version=v4.7, .NETFramework,Version=v4.7.1, .NETFramework,Version=v4.7.2, .NETFramework,Version=v4.8, .NETFramework,Version=v4.8.1' instead of the project target framework 'net8.0'. This package may not be fully compatible with your project.
C:\Users\ultra\warewolf\Dev\Dev2.Services.Execution\Dev2.Services.Execution.csproj : warning NU1701: Package 'GroupControls 1.9.0' was restored using '.NETFramework,Version=v4.6.1, .NETFramework,Version=v4.6.2, .NETFramework,Version=v4.7, .NETFramework,Version=v4.7.1, .NETFramework,Version=v4.7.2, .NETFramework,Version=v4.8, .NETFramework,Version=v4.8.1' instead of the project target framework 'net8.0'. This package may not be fully compatible with your project.
C:\Users\ultra\warewolf\Dev\Dev2.Services.Execution\Dev2.Services.Execution.csproj : warning NU1701: Package 'ReactiveUI.WPF 18.4.1' was restored using '.NETFramework,Version=v4.6.1, .NETFramework,Version=v4.6.2, .NETFramework,Version=v4.7, .NETFramework,Version=v4.7.1, .NETFramework,Version=v4.7.2, .NETFramework,Version=v4.8, .NETFramework,Version=v4.8.1' instead of the project target framework 'net8.0'. This package may not be fully compatible with your project.
C:\Users\ultra\warewolf\Dev\Dev2.Services.Execution\Dev2.Services.Execution.csproj : warning NU1701: Package 'TaskSchedulerEditor 2.10.1' was restored using '.NETFramework,Version=v4.6.1, .NETFramework,Version=v4.6.2, .NETFramework,Version=v4.7, .NETFramework,Version=v4.7.1, .NETFramework,Version=v4.7.2, .NETFramework,Version=v4.8, .NETFramework,Version=v4.8.1' instead of the project target framework 'net8.0'. This package may not be fully compatible with your project.
C:\Users\ultra\warewolf\Dev\Dev2.Services.Sql\Dev2.Services.Sql.csproj : warning NU1903: Package 'Oracle.ManagedDataAccess.Core' 3.21.70 has a known high severity vulnerability, https://github.com/advisories/GHSA-5pm2-9mr2-3frq
C:\Users\ultra\warewolf\Dev\Dev2.Services.Sql\Dev2.Services.Sql.csproj : warning NU1701: Package 'AeroWizard 2.3.1' was restored using '.NETFramework,Version=v4.6.1, .NETFramework,Version=v4.6.2, .NETFramework,Version=v4.7, .NETFramework,Version=v4.7.1, .NETFramework,Version=v4.7.2, .NETFramework,Version=v4.8, .NETFramework,Version=v4.8.1' instead of the project target framework 'net8.0'. This package may not be fully compatible with your project.
C:\Users\ultra\warewolf\Dev\Dev2.Services.Sql\Dev2.Services.Sql.csproj : warning NU1701: Package 'GroupControls 1.9.0' was restored using '.NETFramework,Version=v4.6.1, .NETFramework,Version=v4.6.2, .NETFramework,Version=v4.7, .NETFramework,Version=v4.7.1, .NETFramework,Version=v4.7.2, .NETFramework,Version=v4.8, .NETFramework,Version=v4.8.1' instead of the project target framework 'net8.0'. This package may not be fully compatible with your project.
C:\Users\ultra\warewolf\Dev\Dev2.Services.Sql\Dev2.Services.Sql.csproj : warning NU1701: Package 'ReactiveUI.WPF 18.4.1' was restored using '.NETFramework,Version=v4.6.1, .NETFramework,Version=v4.6.2, .NETFramework,Version=v4.7, .NETFramework,Version=v4.7.1, .NETFramework,Version=v4.7.2, .NETFramework,Version=v4.8, .NETFramework,Version=v4.8.1' instead of the project target framework 'net8.0'. This package may not be fully compatible with your project.
C:\Users\ultra\warewolf\Dev\Dev2.Services.Sql\Dev2.Services.Sql.csproj : warning NU1701: Package 'TaskSchedulerEditor 2.10.1' was restored using '.NETFramework,Version=v4.6.1, .NETFramework,Version=v4.6.2, .NETFramework,Version=v4.7, .NETFramework,Version=v4.7.1, .NETFramework,Version=v4.7.2, .NETFramework,Version=v4.8, .NETFramework,Version=v4.8.1' instead of the project target framework 'net8.0'. This package may not be fully compatible with your project.
C:\Users\ultra\warewolf\Dev\Warewolf.Storage\Warewolf.Storage.csproj : warning NU1701: Package 'AeroWizard 2.3.1' was restored using '.NETFramework,Version=v4.6.1, .NETFramework,Version=v4.6.2, .NETFramework,Version=v4.7, .NETFramework,Version=v4.7.1, .NETFramework,Version=v4.7.2, .NETFramework,Version=v4.8, .NETFramework,Version=v4.8.1' instead of the project target framework 'net8.0'. This package may not be fully compatible with your project.
C:\Users\ultra\warewolf\Dev\Warewolf.Storage\Warewolf.Storage.csproj : warning NU1701: Package 'GroupControls 1.9.0' was restored using '.NETFramework,Version=v4.6.1, .NETFramework,Version=v4.6.2, .NETFramework,Version=v4.7, .NETFramework,Version=v4.7.1, .NETFramework,Version=v4.7.2, .NETFramework,Version=v4.8, .NETFramework,Version=v4.8.1' instead of the project target framework 'net8.0'. This package may not be fully compatible with your project.
C:\Users\ultra\warewolf\Dev\Warewolf.Storage\Warewolf.Storage.csproj : warning NU1701: Package 'ReactiveUI.WPF 18.4.1' was restored using '.NETFramework,Version=v4.6.1, .NETFramework,Version=v4.6.2, .NETFramework,Version=v4.7, .NETFramework,Version=v4.7.1, .NETFramework,Version=v4.7.2, .NETFramework,Version=v4.8, .NETFramework,Version=v4.8.1' instead of the project target framework 'net8.0'. This package may not be fully compatible with your project.
C:\Users\ultra\warewolf\Dev\Warewolf.Storage\Warewolf.Storage.csproj : warning NU1701: Package 'TaskSchedulerEditor 2.10.1' was restored using '.NETFramework,Version=v4.6.1, .NETFramework,Version=v4.6.2, .NETFramework,Version=v4.7, .NETFramework,Version=v4.7.1, .NETFramework,Version=v4.7.2, .NETFramework,Version=v4.8, .NETFramework,Version=v4.8.1' instead of the project target framework 'net8.0'. This package may not be fully compatible with your project.
C:\Users\ultra\warewolf\Dev\Warewolf.Auditing\Warewolf.Auditing.csproj : warning NU1701: Package 'AeroWizard 2.3.1' was restored using '.NETFramework,Version=v4.6.1, .NETFramework,Version=v4.6.2, .NETFramework,Version=v4.7, .NETFramework,Version=v4.7.1, .NETFramework,Version=v4.7.2, .NETFramework,Version=v4.8, .NETFramework,Version=v4.8.1' instead of the project target framework 'net8.0'. This package may not be fully compatible with your project.
C:\Users\ultra\warewolf\Dev\Warewolf.Auditing\Warewolf.Auditing.csproj : warning NU1701: Package 'GroupControls 1.9.0' was restored using '.NETFramework,Version=v4.6.1, .NETFramework,Version=v4.6.2, .NETFramework,Version=v4.7, .NETFramework,Version=v4.7.1, .NETFramework,Version=v4.7.2, .NETFramework,Version=v4.8, .NETFramework,Version=v4.8.1' instead of the project target framework 'net8.0'. This package may not be fully compatible with your project.
C:\Users\ultra\warewolf\Dev\Warewolf.Auditing\Warewolf.Auditing.csproj : warning NU1701: Package 'ReactiveUI.WPF 18.4.1' was restored using '.NETFramework,Version=v4.6.1, .NETFramework,Version=v4.6.2, .NETFramework,Version=v4.7, .NETFramework,Version=v4.7.1, .NETFramework,Version=v4.7.2, .NETFramework,Version=v4.8, .NETFramework,Version=v4.8.1' instead of the project target framework 'net8.0'. This package may not be fully compatible with your project.
C:\Users\ultra\warewolf\Dev\Warewolf.Auditing\Warewolf.Auditing.csproj : warning NU1701: Package 'TaskSchedulerEditor 2.10.1' was restored using '.NETFramework,Version=v4.6.1, .NETFramework,Version=v4.6.2, .NETFramework,Version=v4.7, .NETFramework,Version=v4.7.1, .NETFramework,Version=v4.7.2, .NETFramework,Version=v4.8, .NETFramework,Version=v4.8.1' instead of the project target framework 'net8.0'. This package may not be fully compatible with your project.
C:\Users\ultra\warewolf\Dev\Dev2.SignalR.Wrappers.New\Dev2.SignalR.Wrappers.New.csproj : warning NU1701: Package 'AeroWizard 2.3.1' was restored using '.NETFramework,Version=v4.6.1, .NETFramework,Version=v4.6.2, .NETFramework,Version=v4.7, .NETFramework,Version=v4.7.1, .NETFramework,Version=v4.7.2, .NETFramework,Version=v4.8, .NETFramework,Version=v4.8.1' instead of the project target framework 'net8.0'. This package may not be fully compatible with your project.
C:\Users\ultra\warewolf\Dev\Dev2.SignalR.Wrappers.New\Dev2.SignalR.Wrappers.New.csproj : warning NU1701: Package 'GroupControls 1.9.0' was restored using '.NETFramework,Version=v4.6.1, .NETFramework,Version=v4.6.2, .NETFramework,Version=v4.7, .NETFramework,Version=v4.7.1, .NETFramework,Version=v4.7.2, .NETFramework,Version=v4.8, .NETFramework,Version=v4.8.1' instead of the project target framework 'net8.0'. This package may not be fully compatible with your project.
C:\Users\ultra\warewolf\Dev\Dev2.SignalR.Wrappers.New\Dev2.SignalR.Wrappers.New.csproj : warning NU1701: Package 'ReactiveUI.WPF 18.4.1' was restored using '.NETFramework,Version=v4.6.1, .NETFramework,Version=v4.6.2, .NETFramework,Version=v4.7, .NETFramework,Version=v4.7.1, .NETFramework,Version=v4.7.2, .NETFramework,Version=v4.8, .NETFramework,Version=v4.8.1' instead of the project target framework 'net8.0'. This package may not be fully compatible with your project.
C:\Users\ultra\warewolf\Dev\Dev2.SignalR.Wrappers.New\Dev2.SignalR.Wrappers.New.csproj : warning NU1701: Package 'TaskSchedulerEditor 2.10.1' was restored using '.NETFramework,Version=v4.6.1, .NETFramework,Version=v4.6.2, .NETFramework,Version=v4.7, .NETFramework,Version=v4.7.1, .NETFramework,Version=v4.7.2, .NETFramework,Version=v4.8, .NETFramework,Version=v4.8.1' instead of the project target framework 'net8.0'. This package may not be fully compatible with your project.
C:\Users\ultra\warewolf\Dev\Warewolf.Common.NetStandard20\Warewolf.Common.NetStandard20.csproj : warning NU1701: Package 'AeroWizard 2.3.1' was restored using '.NETFramework,Version=v4.6.1, .NETFramework,Version=v4.6.2, .NETFramework,Version=v4.7, .NETFramework,Version=v4.7.1, .NETFramework,Version=v4.7.2, .NETFramework,Version=v4.8, .NETFramework,Version=v4.8.1' instead of the project target framework 'net8.0'. This package may not be fully compatible with your project.
C:\Users\ultra\warewolf\Dev\Warewolf.Common.NetStandard20\Warewolf.Common.NetStandard20.csproj : warning NU1701: Package 'GroupControls 1.9.0' was restored using '.NETFramework,Version=v4.6.1, .NETFramework,Version=v4.6.2, .NETFramework,Version=v4.7, .NETFramework,Version=v4.7.1, .NETFramework,Version=v4.7.2, .NETFramework,Version=v4.8, .NETFramework,Version=v4.8.1' instead of the project target framework 'net8.0'. This package may not be fully compatible with your project.
C:\Users\ultra\warewolf\Dev\Warewolf.Common.NetStandard20\Warewolf.Common.NetStandard20.csproj : warning NU1701: Package 'ReactiveUI.WPF 18.4.1' was restored using '.NETFramework,Version=v4.6.1, .NETFramework,Version=v4.6.2, .NETFramework,Version=v4.7, .NETFramework,Version=v4.7.1, .NETFramework,Version=v4.7.2, .NETFramework,Version=v4.8, .NETFramework,Version=v4.8.1' instead of the project target framework 'net8.0'. This package may not be fully compatible with your project.
C:\Users\ultra\warewolf\Dev\Warewolf.Common.NetStandard20\Warewolf.Common.NetStandard20.csproj : warning NU1701: Package 'TaskSchedulerEditor 2.10.1' was restored using '.NETFramework,Version=v4.6.1, .NETFramework,Version=v4.6.2, .NETFramework,Version=v4.7, .NETFramework,Version=v4.7.1, .NETFramework,Version=v4.7.2, .NETFramework,Version=v4.8, .NETFramework,Version=v4.8.1' instead of the project target framework 'net8.0'. This package may not be fully compatible with your project.
  Warewolf.Weave -> C:\Users\ultra\warewolf\Dev\Warewolf.Weave\bin\Debug\net8.0\Warewolf.Weave.dll
  Dev2.Net6.Compatibility -> C:\Users\ultra\warewolf\Dev\Dev2.Net6.Compatibility\bin\Debug\net8.0\Dev2.Net6.Compatibility.dll
C:\Users\ultra\warewolf\Dev\Dev2.Studio.Interfaces\Dev2.Studio.Interfaces.csproj : warning NU1701: Package 'AeroWizard 2.3.1' was restored using '.NETFramework,Version=v4.6.1, .NETFramework,Version=v4.6.2, .NETFramework,Version=v4.7, .NETFramework,Version=v4.7.1, .NETFramework,Version=v4.7.2, .NETFramework,Version=v4.8, .NETFramework,Version=v4.8.1' instead of the project target framework 'net8.0'. This package may not be fully compatible with your project.
C:\Users\ultra\warewolf\Dev\Dev2.Studio.Interfaces\Dev2.Studio.Interfaces.csproj : warning NU1701: Package 'GroupControls 1.9.0' was restored using '.NETFramework,Version=v4.6.1, .NETFramework,Version=v4.6.2, .NETFramework,Version=v4.7, .NETFramework,Version=v4.7.1, .NETFramework,Version=v4.7.2, .NETFramework,Version=v4.8, .NETFramework,Version=v4.8.1' instead of the project target framework 'net8.0'. This package may not be fully compatible with your project.
C:\Users\ultra\warewolf\Dev\Dev2.Studio.Interfaces\Dev2.Studio.Interfaces.csproj : warning NU1701: Package 'Microsoft.Xaml.Behaviors.Wpf 1.1.122' was restored using '.NETFramework,Version=v4.6.1, .NETFramework,Version=v4.6.2, .NETFramework,Version=v4.7, .NETFramework,Version=v4.7.1, .NETFramework,Version=v4.7.2, .NETFramework,Version=v4.8, .NETFramework,Version=v4.8.1' instead of the project target framework 'net8.0'. This package may not be fully compatible with your project.
C:\Users\ultra\warewolf\Dev\Dev2.Studio.Interfaces\Dev2.Studio.Interfaces.csproj : warning NU1701: Package 'Prism.Wpf 9.0.537' was restored using '.NETFramework,Version=v4.6.1, .NETFramework,Version=v4.6.2, .NETFramework,Version=v4.7, .NETFramework,Version=v4.7.1, .NETFramework,Version=v4.7.2, .NETFramework,Version=v4.8, .NETFramework,Version=v4.8.1' instead of the project target framework 'net8.0'. This package may not be fully compatible with your project.
C:\Users\ultra\warewolf\Dev\Warewolf.Sharepoint\Warewolf.Sharepoint.csproj : warning NU1701: Package 'AeroWizard 2.3.1' was restored using '.NETFramework,Version=v4.6.1, .NETFramework,Version=v4.6.2, .NETFramework,Version=v4.7, .NETFramework,Version=v4.7.1, .NETFramework,Version=v4.7.2, .NETFramework,Version=v4.8, .NETFramework,Version=v4.8.1' instead of the project target framework 'net8.0'. This package may not be fully compatible with your project.
C:\Users\ultra\warewolf\Dev\Dev2.Studio.Interfaces\Dev2.Studio.Interfaces.csproj : warning NU1701: Package 'ReactiveUI.WPF 18.4.1' was restored using '.NETFramework,Version=v4.6.1, .NETFramework,Version=v4.6.2, .NETFramework,Version=v4.7, .NETFramework,Version=v4.7.1, .NETFramework,Version=v4.7.2, .NETFramework,Version=v4.8, .NETFramework,Version=v4.8.1' instead of the project target framework 'net8.0'. This package may not be fully compatible with your project.
C:\Users\ultra\warewolf\Dev\Warewolf.Sharepoint\Warewolf.Sharepoint.csproj : warning NU1701: Package 'GroupControls 1.9.0' was restored using '.NETFramework,Version=v4.6.1, .NETFramework,Version=v4.6.2, .NETFramework,Version=v4.7, .NETFramework,Version=v4.7.1, .NETFramework,Version=v4.7.2, .NETFramework,Version=v4.8, .NETFramework,Version=v4.8.1' instead of the project target framework 'net8.0'. This package may not be fully compatible with your project.
C:\Users\ultra\warewolf\Dev\Warewolf.Sharepoint\Warewolf.Sharepoint.csproj : warning NU1701: Package 'ReactiveUI.WPF 18.4.1' was restored using '.NETFramework,Version=v4.6.1, .NETFramework,Version=v4.6.2, .NETFramework,Version=v4.7, .NETFramework,Version=v4.7.1, .NETFramework,Version=v4.7.2, .NETFramework,Version=v4.8, .NETFramework,Version=v4.8.1' instead of the project target framework 'net8.0'. This package may not be fully compatible with your project.
C:\Users\ultra\warewolf\Dev\Warewolf.AI.Harness\Warewolf.AI.Harness.csproj : warning NU1701: Package 'AeroWizard 2.3.1' was restored using '.NETFramework,Version=v4.6.1, .NETFramework,Version=v4.6.2, .NETFramework,Version=v4.7, .NETFramework,Version=v4.7.1, .NETFramework,Version=v4.7.2, .NETFramework,Version=v4.8, .NETFramework,Version=v4.8.1' instead of the project target framework 'net8.0'. This package may not be fully compatible with your project.
C:\Users\ultra\warewolf\Dev\Dev2.Studio.Interfaces\Dev2.Studio.Interfaces.csproj : warning NU1701: Package 'TaskSchedulerEditor 2.10.1' was restored using '.NETFramework,Version=v4.6.1, .NETFramework,Version=v4.6.2, .NETFramework,Version=v4.7, .NETFramework,Version=v4.7.1, .NETFramework,Version=v4.7.2, .NETFramework,Version=v4.8, .NETFramework,Version=v4.8.1' instead of the project target framework 'net8.0'. This package may not be fully compatible with your project.
C:\Users\ultra\warewolf\Dev\Warewolf.AI.Harness\Warewolf.AI.Harness.csproj : warning NU1701: Package 'GroupControls 1.9.0' was restored using '.NETFramework,Version=v4.6.1, .NETFramework,Version=v4.6.2, .NETFramework,Version=v4.7, .NETFramework,Version=v4.7.1, .NETFramework,Version=v4.7.2, .NETFramework,Version=v4.8, .NETFramework,Version=v4.8.1' instead of the project target framework 'net8.0'. This package may not be fully compatible with your project.
C:\Users\ultra\warewolf\Dev\Warewolf.AI.Harness\Warewolf.AI.Harness.csproj : warning NU1701: Package 'TaskSchedulerEditor 2.10.1' was restored using '.NETFramework,Version=v4.6.1, .NETFramework,Version=v4.6.2, .NETFramework,Version=v4.7, .NETFramework,Version=v4.7.1, .NETFramework,Version=v4.7.2, .NETFramework,Version=v4.8, .NETFramework,Version=v4.8.1' instead of the project target framework 'net8.0'. This package may not be fully compatible with your project.
C:\Users\ultra\warewolf\Dev\Warewolf.Sharepoint\Warewolf.Sharepoint.csproj : warning NU1701: Package 'TaskSchedulerEditor 2.10.1' was restored using '.NETFramework,Version=v4.6.1, .NETFramework,Version=v4.6.2, .NETFramework,Version=v4.7, .NETFramework,Version=v4.7.1, .NETFramework,Version=v4.7.2, .NETFramework,Version=v4.8, .NETFramework,Version=v4.8.1' instead of the project target framework 'net8.0'. This package may not be fully compatible with your project.
  Warewolf.ServiceDefinitions -> C:\Users\ultra\warewolf\Dev\Warewolf.ServiceDefinitions\bin\Debug\net8.0\Warewolf.ServiceDefinitions.dll
C:\Users\ultra\warewolf\Dev\Warewolf.Interfaces\Data\ChatbotSettingsData.cs(20,23): warning CS0169: The field 'ChatbotSettingsData._encryptDataSource' is never used [C:\Users\ultra\warewolf\Dev\Warewolf.Interfaces\Warewolf.Interfaces.csproj]
C:\Users\ultra\warewolf\Dev\Warewolf.Interfaces\Auditing\SerializableException.cs(15,7): warning CS0414: The field 'SerializableException.HResult' is assigned but its value is never used [C:\Users\ultra\warewolf\Dev\Warewolf.Interfaces\Warewolf.Interfaces.csproj]
C:\Users\ultra\warewolf\Dev\Warewolf.Driver.Persistence\Warewolf.Driver.Persistence.csproj : warning NU1701: Package 'AeroWizard 2.3.1' was restored using '.NETFramework,Version=v4.6.1, .NETFramework,Version=v4.6.2, .NETFramework,Version=v4.7, .NETFramework,Version=v4.7.1, .NETFramework,Version=v4.7.2, .NETFramework,Version=v4.8, .NETFramework,Version=v4.8.1' instead of the project target framework 'net8.0'. This package may not be fully compatible with your project.
C:\Users\ultra\warewolf\Dev\Warewolf.Driver.Persistence\Warewolf.Driver.Persistence.csproj : warning NU1701: Package 'GroupControls 1.9.0' was restored using '.NETFramework,Version=v4.6.1, .NETFramework,Version=v4.6.2, .NETFramework,Version=v4.7, .NETFramework,Version=v4.7.1, .NETFramework,Version=v4.7.2, .NETFramework,Version=v4.8, .NETFramework,Version=v4.8.1' instead of the project target framework 'net8.0'. This package may not be fully compatible with your project.
C:\Users\ultra\warewolf\Dev\Warewolf.Driver.Persistence\Warewolf.Driver.Persistence.csproj : warning NU1701: Package 'ReactiveUI.WPF 18.4.1' was restored using '.NETFramework,Version=v4.6.1, .NETFramework,Version=v4.6.2, .NETFramework,Version=v4.7, .NETFramework,Version=v4.7.1, .NETFramework,Version=v4.7.2, .NETFramework,Version=v4.8, .NETFramework,Version=v4.8.1' instead of the project target framework 'net8.0'. This package may not be fully compatible with your project.
C:\Users\ultra\warewolf\Dev\Warewolf.Driver.Persistence\Warewolf.Driver.Persistence.csproj : warning NU1701: Package 'TaskSchedulerEditor 2.10.1' was restored using '.NETFramework,Version=v4.6.1, .NETFramework,Version=v4.6.2, .NETFramework,Version=v4.7, .NETFramework,Version=v4.7.1, .NETFramework,Version=v4.7.2, .NETFramework,Version=v4.8, .NETFramework,Version=v4.8.1' instead of the project target framework 'net8.0'. This package may not be fully compatible with your project.
  Warewolf.Interfaces -> C:\Users\ultra\warewolf\Dev\Warewolf.Interfaces\bin\Debug\net8.0\Warewolf.Interfaces.dll
C:\Users\ultra\warewolf\Dev\Warewolf.Testing\Warewolf.Testing.csproj : warning NU1701: Package 'AeroWizard 2.3.1' was restored using '.NETFramework,Version=v4.6.1, .NETFramework,Version=v4.6.2, .NETFramework,Version=v4.7, .NETFramework,Version=v4.7.1, .NETFramework,Version=v4.7.2, .NETFramework,Version=v4.8, .NETFramework,Version=v4.8.1' instead of the project target framework 'net8.0'. This package may not be fully compatible with your project.
C:\Users\ultra\warewolf\Dev\Warewolf.Testing\Warewolf.Testing.csproj : warning NU1701: Package 'GroupControls 1.9.0' was restored using '.NETFramework,Version=v4.6.1, .NETFramework,Version=v4.6.2, .NETFramework,Version=v4.7, .NETFramework,Version=v4.7.1, .NETFramework,Version=v4.7.2, .NETFramework,Version=v4.8, .NETFramework,Version=v4.8.1' instead of the project target framework 'net8.0'. This package may not be fully compatible with your project.
C:\Users\ultra\warewolf\Dev\Warewolf.Testing\Warewolf.Testing.csproj : warning NU1701: Package 'Microsoft.Xaml.Behaviors.Wpf 1.1.122' was restored using '.NETFramework,Version=v4.6.1, .NETFramework,Version=v4.6.2, .NETFramework,Version=v4.7, .NETFramework,Version=v4.7.1, .NETFramework,Version=v4.7.2, .NETFramework,Version=v4.8, .NETFramework,Version=v4.8.1' instead of the project target framework 'net8.0'. This package may not be fully compatible with your project.
C:\Users\ultra\warewolf\Dev\Warewolf.Testing\Warewolf.Testing.csproj : warning NU1701: Package 'Prism.Wpf 9.0.537' was restored using '.NETFramework,Version=v4.6.1, .NETFramework,Version=v4.6.2, .NETFramework,Version=v4.7, .NETFramework,Version=v4.7.1, .NETFramework,Version=v4.7.2, .NETFramework,Version=v4.8, .NETFramework,Version=v4.8.1' instead of the project target framework 'net8.0'. This package may not be fully compatible with your project.
C:\Users\ultra\warewolf\Dev\Warewolf.Testing\Warewolf.Testing.csproj : warning NU1701: Package 'ReactiveUI.WPF 18.4.1' was restored using '.NETFramework,Version=v4.6.1, .NETFramework,Version=v4.6.2, .NETFramework,Version=v4.7, .NETFramework,Version=v4.7.1, .NETFramework,Version=v4.7.2, .NETFramework,Version=v4.8, .NETFramework,Version=v4.8.1' instead of the project target framework 'net8.0'. This package may not be fully compatible with your project.
C:\Users\ultra\warewolf\Dev\Warewolf.Testing\Warewolf.Testing.csproj : warning NU1701: Package 'TaskSchedulerEditor 2.10.1' was restored using '.NETFramework,Version=v4.6.1, .NETFramework,Version=v4.6.2, .NETFramework,Version=v4.7, .NETFramework,Version=v4.7.1, .NETFramework,Version=v4.7.2, .NETFramework,Version=v4.8, .NETFramework,Version=v4.8.1' instead of the project target framework 'net8.0'. This package may not be fully compatible with your project.
  GACManagerApi -> C:\Users\ultra\warewolf\Dev\GACManagerApi\bin\Debug\net8.0\GACManagerApi.dll
C:\Users\ultra\warewolf\Dev\Warewolf.Core\Warewolf.Core.csproj : warning NU1903: Package 'Microsoft.Windows.Compatibility' 6.0.0 has a known high severity vulnerability, https://github.com/advisories/GHSA-555c-2p6r-68mm
C:\Users\ultra\warewolf\Dev\Warewolf.Core\Warewolf.Core.csproj : warning NU1701: Package 'AeroWizard 2.3.1' was restored using '.NETFramework,Version=v4.6.1, .NETFramework,Version=v4.6.2, .NETFramework,Version=v4.7, .NETFramework,Version=v4.7.1, .NETFramework,Version=v4.7.2, .NETFramework,Version=v4.8, .NETFramework,Version=v4.8.1' instead of the project target framework 'net8.0'. This package may not be fully compatible with your project.
C:\Users\ultra\warewolf\Dev\Warewolf.Core\Warewolf.Core.csproj : warning NU1701: Package 'GroupControls 1.9.0' was restored using '.NETFramework,Version=v4.6.1, .NETFramework,Version=v4.6.2, .NETFramework,Version=v4.7, .NETFramework,Version=v4.7.1, .NETFramework,Version=v4.7.2, .NETFramework,Version=v4.8, .NETFramework,Version=v4.8.1' instead of the project target framework 'net8.0'. This package may not be fully compatible with your project.
C:\Users\ultra\warewolf\Dev\Warewolf.Core\Warewolf.Core.csproj : warning NU1701: Package 'ReactiveUI.WPF 18.4.1' was restored using '.NETFramework,Version=v4.6.1, .NETFramework,Version=v4.6.2, .NETFramework,Version=v4.7, .NETFramework,Version=v4.7.1, .NETFramework,Version=v4.7.2, .NETFramework,Version=v4.8, .NETFramework,Version=v4.8.1' instead of the project target framework 'net8.0'. This package may not be fully compatible with your project.
C:\Users\ultra\warewolf\Dev\Warewolf.Core\Warewolf.Core.csproj : warning NU1701: Package 'TaskSchedulerEditor 2.10.1' was restored using '.NETFramework,Version=v4.6.1, .NETFramework,Version=v4.6.2, .NETFramework,Version=v4.7, .NETFramework,Version=v4.7.1, .NETFramework,Version=v4.7.2, .NETFramework,Version=v4.8, .NETFramework,Version=v4.8.1' instead of the project target framework 'net8.0'. This package may not be fully compatible with your project.
C:\Users\ultra\warewolf\Dev\Warewolf.Storage.Interfaces\Warewolf.Storage.Interfaces.csproj : warning NU1701: Package 'AeroWizard 2.3.1' was restored using '.NETFramework,Version=v4.6.1, .NETFramework,Version=v4.6.2, .NETFramework,Version=v4.7, .NETFramework,Version=v4.7.1, .NETFramework,Version=v4.7.2, .NETFramework,Version=v4.8, .NETFramework,Version=v4.8.1' instead of the project target framework 'net8.0'. This package may not be fully compatible with your project.
C:\Users\ultra\warewolf\Dev\Warewolf.Storage.Interfaces\Warewolf.Storage.Interfaces.csproj : warning NU1701: Package 'GroupControls 1.9.0' was restored using '.NETFramework,Version=v4.6.1, .NETFramework,Version=v4.6.2, .NETFramework,Version=v4.7, .NETFramework,Version=v4.7.1, .NETFramework,Version=v4.7.2, .NETFramework,Version=v4.8, .NETFramework,Version=v4.8.1' instead of the project target framework 'net8.0'. This package may not be fully compatible with your project.
C:\Users\ultra\warewolf\Dev\Warewolf.Storage.Interfaces\Warewolf.Storage.Interfaces.csproj : warning NU1701: Package 'TaskSchedulerEditor 2.10.1' was restored using '.NETFramework,Version=v4.6.1, .NETFramework,Version=v4.6.2, .NETFramework,Version=v4.7, .NETFramework,Version=v4.7.1, .NETFramework,Version=v4.7.2, .NETFramework,Version=v4.8, .NETFramework,Version=v4.8.1' instead of the project target framework 'net8.0'. This package may not be fully compatible with your project.
  Warewolf.Resource -> C:\Users\ultra\warewolf\Dev\Warewolf.Resource\bin\Debug\net8.0\Warewolf.Resource.dll
C:\Users\ultra\warewolf\Dev\Warewolf.Exchange.Email.Wrapper\Warewolf.Exchange.Email.Wrapper.csproj : warning NU1701: Package 'AeroWizard 2.3.1' was restored using '.NETFramework,Version=v4.6.1, .NETFramework,Version=v4.6.2, .NETFramework,Version=v4.7, .NETFramework,Version=v4.7.1, .NETFramework,Version=v4.7.2, .NETFramework,Version=v4.8, .NETFramework,Version=v4.8.1' instead of the project target framework 'net8.0'. This package may not be fully compatible with your project.
C:\Users\ultra\warewolf\Dev\Warewolf.Exchange.Email.Wrapper\Warewolf.Exchange.Email.Wrapper.csproj : warning NU1701: Package 'GroupControls 1.9.0' was restored using '.NETFramework,Version=v4.6.1, .NETFramework,Version=v4.6.2, .NETFramework,Version=v4.7, .NETFramework,Version=v4.7.1, .NETFramework,Version=v4.7.2, .NETFramework,Version=v4.8, .NETFramework,Version=v4.8.1' instead of the project target framework 'net8.0'. This package may not be fully compatible with your project.
C:\Users\ultra\warewolf\Dev\Warewolf.Exchange.Email.Wrapper\Warewolf.Exchange.Email.Wrapper.csproj : warning NU1701: Package 'ReactiveUI.WPF 18.4.1' was restored using '.NETFramework,Version=v4.6.1, .NETFramework,Version=v4.6.2, .NETFramework,Version=v4.7, .NETFramework,Version=v4.7.1, .NETFramework,Version=v4.7.2, .NETFramework,Version=v4.8, .NETFramework,Version=v4.8.1' instead of the project target framework 'net8.0'. This package may not be fully compatible with your project.
C:\Users\ultra\warewolf\Dev\Warewolf.Exchange.Email.Wrapper\Warewolf.Exchange.Email.Wrapper.csproj : warning NU1701: Package 'TaskSchedulerEditor 2.10.1' was restored using '.NETFramework,Version=v4.6.1, .NETFramework,Version=v4.6.2, .NETFramework,Version=v4.7, .NETFramework,Version=v4.7.1, .NETFramework,Version=v4.7.2, .NETFramework,Version=v4.8, .NETFramework,Version=v4.8.1' instead of the project target framework 'net8.0'. This package may not be fully compatible with your project.
C:\Users\ultra\warewolf\Dev\Warewolf.Security\Warewolf.Security.csproj : warning NU1904: Package 'System.Drawing.Common' 4.5.1 has a known critical severity vulnerability, https://github.com/advisories/GHSA-rxg9-xrhp-64gj
  Warewolf.Common.Interfaces.NetStandard20 -> C:\Users\ultra\warewolf\Dev\Warewolf.Common.Interfaces.NetStandard20\bin\Debug\net8.0\Warewolf.Common.Interfaces.NetStandard20.dll
C:\Users\ultra\warewolf\Dev\Dev2.Runtime.WebServer\Dev2.Runtime.WebServer.csproj : warning NU1902: Package 'System.IdentityModel.Tokens.Jwt' 5.1.0 has a known moderate severity vulnerability, https://github.com/advisories/GHSA-59j7-ghrg-fj52
C:\Users\ultra\warewolf\Dev\Dev2.Runtime.WebServer\Dev2.Runtime.WebServer.csproj : warning NU1701: Package 'AeroWizard 2.3.1' was restored using '.NETFramework,Version=v4.6.1, .NETFramework,Version=v4.6.2, .NETFramework,Version=v4.7, .NETFramework,Version=v4.7.1, .NETFramework,Version=v4.7.2, .NETFramework,Version=v4.8, .NETFramework,Version=v4.8.1' instead of the project target framework 'net8.0'. This package may not be fully compatible with your project.
C:\Users\ultra\warewolf\Dev\Dev2.Runtime.WebServer\Dev2.Runtime.WebServer.csproj : warning NU1701: Package 'GroupControls 1.9.0' was restored using '.NETFramework,Version=v4.6.1, .NETFramework,Version=v4.6.2, .NETFramework,Version=v4.7, .NETFramework,Version=v4.7.1, .NETFramework,Version=v4.7.2, .NETFramework,Version=v4.8, .NETFramework,Version=v4.8.1' instead of the project target framework 'net8.0'. This package may not be fully compatible with your project.
C:\Users\ultra\warewolf\Dev\Dev2.Runtime.WebServer\Dev2.Runtime.WebServer.csproj : warning NU1701: Package 'Microsoft.Xaml.Behaviors.Wpf 1.1.122' was restored using '.NETFramework,Version=v4.6.1, .NETFramework,Version=v4.6.2, .NETFramework,Version=v4.7, .NETFramework,Version=v4.7.1, .NETFramework,Version=v4.7.2, .NETFramework,Version=v4.8, .NETFramework,Version=v4.8.1' instead of the project target framework 'net8.0'. This package may not be fully compatible with your project.
C:\Users\ultra\warewolf\Dev\Dev2.Runtime.WebServer\Dev2.Runtime.WebServer.csproj : warning NU1701: Package 'Prism.Wpf 9.0.537' was restored using '.NETFramework,Version=v4.6.1, .NETFramework,Version=v4.6.2, .NETFramework,Version=v4.7, .NETFramework,Version=v4.7.1, .NETFramework,Version=v4.7.2, .NETFramework,Version=v4.8, .NETFramework,Version=v4.8.1' instead of the project target framework 'net8.0'. This package may not be fully compatible with your project.
C:\Users\ultra\warewolf\Dev\Dev2.Runtime.WebServer\Dev2.Runtime.WebServer.csproj : warning NU1701: Package 'ReactiveUI.WPF 18.4.1' was restored using '.NETFramework,Version=v4.6.1, .NETFramework,Version=v4.6.2, .NETFramework,Version=v4.7, .NETFramework,Version=v4.7.1, .NETFramework,Version=v4.7.2, .NETFramework,Version=v4.8, .NETFramework,Version=v4.8.1' instead of the project target framework 'net8.0'. This package may not be fully compatible with your project.
C:\Users\ultra\warewolf\Dev\Dev2.Runtime.WebServer\Dev2.Runtime.WebServer.csproj : warning NU1701: Package 'TaskSchedulerEditor 2.10.1' was restored using '.NETFramework,Version=v4.6.1, .NETFramework,Version=v4.6.2, .NETFramework,Version=v4.7, .NETFramework,Version=v4.7.1, .NETFramework,Version=v4.7.2, .NETFramework,Version=v4.8, .NETFramework,Version=v4.8.1' instead of the project target framework 'net8.0'. This package may not be fully compatible with your project.
C:\Users\ultra\warewolf\Dev\Warewolf.Driver.Serilog\Warewolf.Driver.Serilog.csproj : warning NU1701: Package 'AeroWizard 2.3.1' was restored using '.NETFramework,Version=v4.6.1, .NETFramework,Version=v4.6.2, .NETFramework,Version=v4.7, .NETFramework,Version=v4.7.1, .NETFramework,Version=v4.7.2, .NETFramework,Version=v4.8, .NETFramework,Version=v4.8.1' instead of the project target framework 'net8.0'. This package may not be fully compatible with your project.
C:\Users\ultra\warewolf\Dev\Warewolf.Driver.Serilog\Warewolf.Driver.Serilog.csproj : warning NU1701: Package 'GroupControls 1.9.0' was restored using '.NETFramework,Version=v4.6.1, .NETFramework,Version=v4.6.2, .NETFramework,Version=v4.7, .NETFramework,Version=v4.7.1, .NETFramework,Version=v4.7.2, .NETFramework,Version=v4.8, .NETFramework,Version=v4.8.1' instead of the project target framework 'net8.0'. This package may not be fully compatible with your project.
C:\Users\ultra\warewolf\Dev\Warewolf.Driver.Serilog\Warewolf.Driver.Serilog.csproj : warning NU1701: Package 'ReactiveUI.WPF 18.4.1' was restored using '.NETFramework,Version=v4.6.1, .NETFramework,Version=v4.6.2, .NETFramework,Version=v4.7, .NETFramework,Version=v4.7.1, .NETFramework,Version=v4.7.2, .NETFramework,Version=v4.8, .NETFramework,Version=v4.8.1' instead of the project target framework 'net8.0'. This package may not be fully compatible with your project.
C:\Users\ultra\warewolf\Dev\Warewolf.Driver.Serilog\Warewolf.Driver.Serilog.csproj : warning NU1701: Package 'TaskSchedulerEditor 2.10.1' was restored using '.NETFramework,Version=v4.6.1, .NETFramework,Version=v4.6.2, .NETFramework,Version=v4.7, .NETFramework,Version=v4.7.1, .NETFramework,Version=v4.7.2, .NETFramework,Version=v4.8, .NETFramework,Version=v4.8.1' instead of the project target framework 'net8.0'. This package may not be fully compatible with your project.
  Consider app.config remapping of assembly "System.Runtime.CompilerServices.Unsafe, Culture=neutral, PublicKeyToken=b03f5f7f11d50a3a" from Version "6.0.0.0" [] to Version "8.0.0.0" [C:\Program Files\dotnet\packs\Microsoft.NETCore.App.Ref\8.0.25\ref\net8.0\System.Runtime.CompilerServices.Unsafe.dll] to solve conflict and get rid of warning.
C:\Program Files\dotnet\sdk\10.0.201\Sdks\Microsoft.NET.Sdk\targets\Microsoft.NET.Sdk.DefaultItems.targets(162,5): warning NETSDK1137: It is no longer necessary to use the Microsoft.NET.Sdk.WindowsDesktop SDK. Consider changing the Sdk attribute of the root Project element to 'Microsoft.NET.Sdk'. [C:\Users\ultra\warewolf\Dev\Warewolf.Studio.Core\Warewolf.Studio.Core.csproj]
C:\Program Files\dotnet\sdk\10.0.201\Sdks\Microsoft.NET.Sdk.WindowsDesktop\targets\Microsoft.NET.Sdk.WindowsDesktop.targets(138,5): warning NETSDK1106: Microsoft.NET.Sdk.WindowsDesktop requires 'UseWpf' or 'UseWindowsForms' to be set to 'true' [C:\Users\ultra\warewolf\Dev\Warewolf.Studio.Core\Warewolf.Studio.Core.csproj]
C:\Users\ultra\warewolf\Dev\Warewolf.Studio.Core\Warewolf.Studio.Core.csproj : warning NU1701: Package 'AeroWizard 2.3.1' was restored using '.NETFramework,Version=v4.6.1, .NETFramework,Version=v4.6.2, .NETFramework,Version=v4.7, .NETFramework,Version=v4.7.1, .NETFramework,Version=v4.7.2, .NETFramework,Version=v4.8, .NETFramework,Version=v4.8.1' instead of the project target framework 'net8.0'. This package may not be fully compatible with your project.
C:\Users\ultra\warewolf\Dev\Warewolf.Studio.Core\Warewolf.Studio.Core.csproj : warning NU1701: Package 'GroupControls 1.9.0' was restored using '.NETFramework,Version=v4.6.1, .NETFramework,Version=v4.6.2, .NETFramework,Version=v4.7, .NETFramework,Version=v4.7.1, .NETFramework,Version=v4.7.2, .NETFramework,Version=v4.8, .NETFramework,Version=v4.8.1' instead of the project target framework 'net8.0'. This package may not be fully compatible with your project.
C:\Users\ultra\warewolf\Dev\Warewolf.Studio.Core\Warewolf.Studio.Core.csproj : warning NU1701: Package 'Microsoft.Xaml.Behaviors.Wpf 1.1.122' was restored using '.NETFramework,Version=v4.6.1, .NETFramework,Version=v4.6.2, .NETFramework,Version=v4.7, .NETFramework,Version=v4.7.1, .NETFramework,Version=v4.7.2, .NETFramework,Version=v4.8, .NETFramework,Version=v4.8.1' instead of the project target framework 'net8.0'. This package may not be fully compatible with your project.
C:\Users\ultra\warewolf\Dev\Warewolf.Studio.Core\Warewolf.Studio.Core.csproj : warning NU1701: Package 'Prism.Wpf 9.0.537' was restored using '.NETFramework,Version=v4.6.1, .NETFramework,Version=v4.6.2, .NETFramework,Version=v4.7, .NETFramework,Version=v4.7.1, .NETFramework,Version=v4.7.2, .NETFramework,Version=v4.8, .NETFramework,Version=v4.8.1' instead of the project target framework 'net8.0'. This package may not be fully compatible with your project.
C:\Users\ultra\warewolf\Dev\Warewolf.Studio.Core\Warewolf.Studio.Core.csproj : warning NU1701: Package 'ReactiveUI.WPF 18.4.1' was restored using '.NETFramework,Version=v4.6.1, .NETFramework,Version=v4.6.2, .NETFramework,Version=v4.7, .NETFramework,Version=v4.7.1, .NETFramework,Version=v4.7.2, .NETFramework,Version=v4.8, .NETFramework,Version=v4.8.1' instead of the project target framework 'net8.0'. This package may not be fully compatible with your project.
C:\Users\ultra\warewolf\Dev\Warewolf.Studio.Core\Warewolf.Studio.Core.csproj : warning NU1701: Package 'TaskSchedulerEditor 2.10.1' was restored using '.NETFramework,Version=v4.6.1, .NETFramework,Version=v4.6.2, .NETFramework,Version=v4.7, .NETFramework,Version=v4.7.1, .NETFramework,Version=v4.7.2, .NETFramework,Version=v4.8, .NETFramework,Version=v4.8.1' instead of the project target framework 'net8.0'. This package may not be fully compatible with your project.
  Dev2.SignalR.Wrappers.Interfaces -> C:\Users\ultra\warewolf\Dev\Dev2.SignalR.Wrappers\bin\Debug\net8.0\Dev2.SignalR.Wrappers.dll
  Warewolf.Studio.Resources -> C:\Users\ultra\warewolf\Dev\Warewolf.Studio.Resources\bin\Debug\net8.0\Warewolf.Studio.Resources.dll
  Log4Net.Async -> C:\Users\ultra\warewolf\Dev\Log4Net.Async\bin\Debug\net8.0\Log4Net.Async.dll
C:\Users\ultra\warewolf\Dev\Warewolf.Licensing\Warewolf.Licensing.csproj : warning NU1701: Package 'AeroWizard 2.3.1' was restored using '.NETFramework,Version=v4.6.1, .NETFramework,Version=v4.6.2, .NETFramework,Version=v4.7, .NETFramework,Version=v4.7.1, .NETFramework,Version=v4.7.2, .NETFramework,Version=v4.8, .NETFramework,Version=v4.8.1' instead of the project target framework 'net8.0'. This package may not be fully compatible with your project.
C:\Users\ultra\warewolf\Dev\Warewolf.Licensing\Warewolf.Licensing.csproj : warning NU1701: Package 'GroupControls 1.9.0' was restored using '.NETFramework,Version=v4.6.1, .NETFramework,Version=v4.6.2, .NETFramework,Version=v4.7, .NETFramework,Version=v4.7.1, .NETFramework,Version=v4.7.2, .NETFramework,Version=v4.8, .NETFramework,Version=v4.8.1' instead of the project target framework 'net8.0'. This package may not be fully compatible with your project.
C:\Users\ultra\warewolf\Dev\Warewolf.Licensing\Warewolf.Licensing.csproj : warning NU1701: Package 'TaskSchedulerEditor 2.10.1' was restored using '.NETFramework,Version=v4.6.1, .NETFramework,Version=v4.6.2, .NETFramework,Version=v4.7, .NETFramework,Version=v4.7.1, .NETFramework,Version=v4.7.2, .NETFramework,Version=v4.8, .NETFramework,Version=v4.8.1' instead of the project target framework 'net8.0'. This package may not be fully compatible with your project.
  Warewolf.Driver.Redis -> C:\Users\ultra\warewolf\Dev\Warewolf.Driver.Redis\bin\Debug\net8.0\Warewolf.Driver.Redis.dll
C:\Users\ultra\warewolf\Dev\Warewolf.Security\Encryption\AESThenHMAC.cs(168,34): warning SYSLIB0021: 'AesManaged' is obsolete: 'Derived cryptographic types are obsolete. Use the Create method on the base type instead.' (https://aka.ms/dotnet-warnings/SYSLIB0021) [C:\Users\ultra\warewolf\Dev\Warewolf.Security\Warewolf.Security.csproj]
C:\Users\ultra\warewolf\Dev\Warewolf.Security\Encryption\AESThenHMAC.cs(264,38): warning SYSLIB0021: 'AesManaged' is obsolete: 'Derived cryptographic types are obsolete. Use the Create method on the base type instead.' (https://aka.ms/dotnet-warnings/SYSLIB0021) [C:\Users\ultra\warewolf\Dev\Warewolf.Security\Warewolf.Security.csproj]
C:\Users\ultra\warewolf\Dev\Warewolf.Security\Encryption\AESThenHMAC.cs(331,36): warning SYSLIB0041: 'Rfc2898DeriveBytes.Rfc2898DeriveBytes(string, int, int)' is obsolete: 'The default hash algorithm and iteration counts in Rfc2898DeriveBytes constructors are outdated and insecure. Use a constructor that accepts the hash algorithm and the number of iterations.' (https://aka.ms/dotnet-warnings/SYSLIB0041) [C:\Users\ultra\warewolf\Dev\Warewolf.Security\Warewolf.Security.csproj]
C:\Users\ultra\warewolf\Dev\Warewolf.Security\Encryption\AESThenHMAC.cs(345,36): warning SYSLIB0041: 'Rfc2898DeriveBytes.Rfc2898DeriveBytes(string, int, int)' is obsolete: 'The default hash algorithm and iteration counts in Rfc2898DeriveBytes constructors are outdated and insecure. Use a constructor that accepts the hash algorithm and the number of iterations.' (https://aka.ms/dotnet-warnings/SYSLIB0041) [C:\Users\ultra\warewolf\Dev\Warewolf.Security\Warewolf.Security.csproj]
C:\Users\ultra\warewolf\Dev\Warewolf.Security\Encryption\AESThenHMAC.cs(393,36): warning SYSLIB0041: 'Rfc2898DeriveBytes.Rfc2898DeriveBytes(string, byte[], int)' is obsolete: 'The default hash algorithm and iteration counts in Rfc2898DeriveBytes constructors are outdated and insecure. Use a constructor that accepts the hash algorithm and the number of iterations.' (https://aka.ms/dotnet-warnings/SYSLIB0041) [C:\Users\ultra\warewolf\Dev\Warewolf.Security\Warewolf.Security.csproj]
C:\Users\ultra\warewolf\Dev\Warewolf.Security\Encryption\AESThenHMAC.cs(398,36): warning SYSLIB0041: 'Rfc2898DeriveBytes.Rfc2898DeriveBytes(string, byte[], int)' is obsolete: 'The default hash algorithm and iteration counts in Rfc2898DeriveBytes constructors are outdated and insecure. Use a constructor that accepts the hash algorithm and the number of iterations.' (https://aka.ms/dotnet-warnings/SYSLIB0041) [C:\Users\ultra\warewolf\Dev\Warewolf.Security\Warewolf.Security.csproj]
  Warewolf.Security -> C:\Users\ultra\warewolf\Dev\Warewolf.Security\bin\Debug\net8.0\Warewolf.Security.dll
C:\Users\ultra\warewolf\Dev\Dev2.TaskScheduler.Wrappers\Dev2.TaskScheduler.Wrappers.csproj : warning NU1701: Package 'AeroWizard 2.3.1' was restored using '.NETFramework,Version=v4.6.1, .NETFramework,Version=v4.6.2, .NETFramework,Version=v4.7, .NETFramework,Version=v4.7.1, .NETFramework,Version=v4.7.2, .NETFramework,Version=v4.8, .NETFramework,Version=v4.8.1' instead of the project target framework 'net8.0'. This package may not be fully compatible with your project.
C:\Users\ultra\warewolf\Dev\Dev2.TaskScheduler.Wrappers\Dev2.TaskScheduler.Wrappers.csproj : warning NU1701: Package 'GroupControls 1.9.0' was restored using '.NETFramework,Version=v4.6.1, .NETFramework,Version=v4.6.2, .NETFramework,Version=v4.7, .NETFramework,Version=v4.7.1, .NETFramework,Version=v4.7.2, .NETFramework,Version=v4.8, .NETFramework,Version=v4.8.1' instead of the project target framework 'net8.0'. This package may not be fully compatible with your project.
C:\Users\ultra\warewolf\Dev\Dev2.TaskScheduler.Wrappers\Dev2.TaskScheduler.Wrappers.csproj : warning NU1701: Package 'TaskSchedulerEditor 2.10.1' was restored using '.NETFramework,Version=v4.6.1, .NETFramework,Version=v4.6.2, .NETFramework,Version=v4.7, .NETFramework,Version=v4.7.1, .NETFramework,Version=v4.7.2, .NETFramework,Version=v4.8, .NETFramework,Version=v4.8.1' instead of the project target framework 'net8.0'. This package may not be fully compatible with your project.
  Warewolf.Driver.RabbitMQ -> C:\Users\ultra\warewolf\Dev\Warewolf.Driver.RabbitMQ\bin\Debug\net8.0\Warewolf.Driver.RabbitMQ.dll
C:\Users\ultra\warewolf\Dev\Warewolf.ResourceManagement\Warewolf.ResourceManagement.csproj : warning NU1701: Package 'AeroWizard 2.3.1' was restored using '.NETFramework,Version=v4.6.1, .NETFramework,Version=v4.6.2, .NETFramework,Version=v4.7, .NETFramework,Version=v4.7.1, .NETFramework,Version=v4.7.2, .NETFramework,Version=v4.8, .NETFramework,Version=v4.8.1' instead of the project target framework 'net8.0'. This package may not be fully compatible with your project.
C:\Users\ultra\warewolf\Dev\Warewolf.ResourceManagement\Warewolf.ResourceManagement.csproj : warning NU1701: Package 'GroupControls 1.9.0' was restored using '.NETFramework,Version=v4.6.1, .NETFramework,Version=v4.6.2, .NETFramework,Version=v4.7, .NETFramework,Version=v4.7.1, .NETFramework,Version=v4.7.2, .NETFramework,Version=v4.8, .NETFramework,Version=v4.8.1' instead of the project target framework 'net8.0'. This package may not be fully compatible with your project.
C:\Users\ultra\warewolf\Dev\Warewolf.ResourceManagement\Warewolf.ResourceManagement.csproj : warning NU1701: Package 'ReactiveUI.WPF 18.4.1' was restored using '.NETFramework,Version=v4.6.1, .NETFramework,Version=v4.6.2, .NETFramework,Version=v4.7, .NETFramework,Version=v4.7.1, .NETFramework,Version=v4.7.2, .NETFramework,Version=v4.8, .NETFramework,Version=v4.8.1' instead of the project target framework 'net8.0'. This package may not be fully compatible with your project.
C:\Users\ultra\warewolf\Dev\Warewolf.ResourceManagement\Warewolf.ResourceManagement.csproj : warning NU1701: Package 'TaskSchedulerEditor 2.10.1' was restored using '.NETFramework,Version=v4.6.1, .NETFramework,Version=v4.6.2, .NETFramework,Version=v4.7, .NETFramework,Version=v4.7.1, .NETFramework,Version=v4.7.2, .NETFramework,Version=v4.8, .NETFramework,Version=v4.8.1' instead of the project target framework 'net8.0'. This package may not be fully compatible with your project.
C:\Users\ultra\warewolf\Dev\Warewolf.Common.Framework48\Warewolf.Common.Framework48.csproj : warning NU1902: Package 'System.IdentityModel.Tokens.Jwt' 5.1.0 has a known moderate severity vulnerability, https://github.com/advisories/GHSA-59j7-ghrg-fj52
C:\Users\ultra\warewolf\Dev\Warewolf.Common.Framework48\Warewolf.Common.Framework48.csproj : warning NU1701: Package 'AeroWizard 2.3.1' was restored using '.NETFramework,Version=v4.6.1, .NETFramework,Version=v4.6.2, .NETFramework,Version=v4.7, .NETFramework,Version=v4.7.1, .NETFramework,Version=v4.7.2, .NETFramework,Version=v4.8, .NETFramework,Version=v4.8.1' instead of the project target framework 'net8.0'. This package may not be fully compatible with your project.
C:\Users\ultra\warewolf\Dev\Warewolf.Common.Framework48\Warewolf.Common.Framework48.csproj : warning NU1701: Package 'GroupControls 1.9.0' was restored using '.NETFramework,Version=v4.6.1, .NETFramework,Version=v4.6.2, .NETFramework,Version=v4.7, .NETFramework,Version=v4.7.1, .NETFramework,Version=v4.7.2, .NETFramework,Version=v4.8, .NETFramework,Version=v4.8.1' instead of the project target framework 'net8.0'. This package may not be fully compatible with your project.
C:\Users\ultra\warewolf\Dev\Warewolf.Common.Framework48\Warewolf.Common.Framework48.csproj : warning NU1701: Package 'Microsoft.Xaml.Behaviors.Wpf 1.1.122' was restored using '.NETFramework,Version=v4.6.1, .NETFramework,Version=v4.6.2, .NETFramework,Version=v4.7, .NETFramework,Version=v4.7.1, .NETFramework,Version=v4.7.2, .NETFramework,Version=v4.8, .NETFramework,Version=v4.8.1' instead of the project target framework 'net8.0'. This package may not be fully compatible with your project.
C:\Users\ultra\warewolf\Dev\Warewolf.Common.Framework48\Warewolf.Common.Framework48.csproj : warning NU1701: Package 'Prism.Wpf 9.0.537' was restored using '.NETFramework,Version=v4.6.1, .NETFramework,Version=v4.6.2, .NETFramework,Version=v4.7, .NETFramework,Version=v4.7.1, .NETFramework,Version=v4.7.2, .NETFramework,Version=v4.8, .NETFramework,Version=v4.8.1' instead of the project target framework 'net8.0'. This package may not be fully compatible with your project.
C:\Users\ultra\warewolf\Dev\Warewolf.Common.Framework48\Warewolf.Common.Framework48.csproj : warning NU1701: Package 'ReactiveUI.WPF 18.4.1' was restored using '.NETFramework,Version=v4.6.1, .NETFramework,Version=v4.6.2, .NETFramework,Version=v4.7, .NETFramework,Version=v4.7.1, .NETFramework,Version=v4.7.2, .NETFramework,Version=v4.8, .NETFramework,Version=v4.8.1' instead of the project target framework 'net8.0'. This package may not be fully compatible with your project.
C:\Users\ultra\warewolf\Dev\Warewolf.Common.Framework48\Warewolf.Common.Framework48.csproj : warning NU1701: Package 'TaskSchedulerEditor 2.10.1' was restored using '.NETFramework,Version=v4.6.1, .NETFramework,Version=v4.6.2, .NETFramework,Version=v4.7, .NETFramework,Version=v4.7.1, .NETFramework,Version=v4.7.2, .NETFramework,Version=v4.8, .NETFramework,Version=v4.8.1' instead of the project target framework 'net8.0'. This package may not be fully compatible with your project.
C:\Users\ultra\warewolf\Dev\Dev2.Common.Interfaces\Attribute\ReasonAttribute.cs(13,18): warning CC0023: Mark 'ReasonAttribute' as sealed. (https://code-cracker.github.io/diagnostics/CC0023.html) [C:\Users\ultra\warewolf\Dev\Dev2.Common.Interfaces\Dev2.Common.Interfaces.csproj]
C:\Users\ultra\warewolf\Dev\Dev2.Common.Interfaces\Wrappers\IDirectoryEntry.cs(190,35): warning CC0057: Parameter 'path' is not used. (https://code-cracker.github.io/diagnostics/CC0057.html) [C:\Users\ultra\warewolf\Dev\Dev2.Common.Interfaces\Dev2.Common.Interfaces.csproj]
C:\Users\ultra\warewolf\Dev\Dev2.Common.Interfaces\DllListing.cs(97,17): warning CC0105: Use 'var' instead of specifying the type name. (https://code-cracker.github.io/diagnostics/CC0105.html) [C:\Users\ultra\warewolf\Dev\Dev2.Common.Interfaces\Dev2.Common.Interfaces.csproj]
C:\Users\ultra\warewolf\Dev\Dev2.Common.Interfaces\DllListing.cs(98,17): warning CC0105: Use 'var' instead of specifying the type name. (https://code-cracker.github.io/diagnostics/CC0105.html) [C:\Users\ultra\warewolf\Dev\Dev2.Common.Interfaces\Dev2.Common.Interfaces.csproj]
C:\Users\ultra\warewolf\Dev\Dev2.Common.Interfaces\Runtime\Services\IStreamContentFactory.cs(48,21): warning CC0029: 'StreamContentWrapper' should call GC.SuppressFinalize inside the Dispose method. (https://code-cracker.github.io/diagnostics/CC0029.html) [C:\Users\ultra\warewolf\Dev\Dev2.Common.Interfaces\Dev2.Common.Interfaces.csproj]
  Warewolf.Parser.Interop -> C:\Users\ultra\warewolf\Dev\Warewolf.Parser.Interop\bin\Debug\net8.0\WarewolfParserInterop.dll
  Dev2.Common.Interfaces -> C:\Users\ultra\warewolf\Dev\Dev2.Common.Interfaces\bin\Debug\net8.0\Dev2.Common.Interfaces.dll
C:\Users\ultra\warewolf\Dev\Warewolf.Language.Parser\EvaluationFunctions.fs(277,15): warning FS3548: Pattern discard is not allowed for union case that takes no data. [C:\Users\ultra\warewolf\Dev\Warewolf.Language.Parser\Warewolf.Language.Parser.fsproj]
C:\Users\ultra\warewolf\Dev\Warewolf.Language.Parser\EvaluationFunctions.fs(305,15): warning FS3548: Pattern discard is not allowed for union case that takes no data. [C:\Users\ultra\warewolf\Dev\Warewolf.Language.Parser\Warewolf.Language.Parser.fsproj]
C:\Users\ultra\warewolf\Dev\Warewolf.Language.Parser\EvaluationFunctions.fs(748,21): warning FS3873: This construct is deprecated. Sequence expressions should be of the form 'seq { ... }' [C:\Users\ultra\warewolf\Dev\Warewolf.Language.Parser\Warewolf.Language.Parser.fsproj]
C:\Users\ultra\warewolf\Dev\Warewolf.Language.Parser\EvaluationFunctions.fs(751,28): warning FS3873: This construct is deprecated. Sequence expressions should be of the form 'seq { ... }' [C:\Users\ultra\warewolf\Dev\Warewolf.Language.Parser\Warewolf.Language.Parser.fsproj]
C:\Users\ultra\warewolf\Dev\Warewolf.Language.Parser\WarewolfDataEvaluationCommon.fs(593,21): warning FS3873: This construct is deprecated. Sequence expressions should be of the form 'seq { ... }' [C:\Users\ultra\warewolf\Dev\Warewolf.Language.Parser\Warewolf.Language.Parser.fsproj]
C:\Users\ultra\warewolf\Dev\Warewolf.Language.Parser\WarewolfDataEvaluationCommon.fs(596,28): warning FS3873: This construct is deprecated. Sequence expressions should be of the form 'seq { ... }' [C:\Users\ultra\warewolf\Dev\Warewolf.Language.Parser\Warewolf.Language.Parser.fsproj]
C:\Users\ultra\warewolf\Dev\Warewolf.Data\NamedInt.cs(160,21): warning CA2200: Re-throwing caught exception changes stack information (https://learn.microsoft.com/dotnet/fundamentals/code-analysis/quality-rules/ca2200) [C:\Users\ultra\warewolf\Dev\Warewolf.Data\Warewolf.Data.csproj]
  Warewolf.Data -> C:\Users\ultra\warewolf\Dev\Warewolf.Data\bin\Debug\net8.0\Warewolf.Data.dll
  Warewolf.Language.Parser -> C:\Users\ultra\warewolf\Dev\Warewolf.Language.Parser\bin\Debug\net8.0\Warewolf.Language.Parser.dll
  Warewolf.Storage.Interfaces -> C:\Users\ultra\warewolf\Dev\Warewolf.Storage.Interfaces\bin\Debug\net8.0\Warewolf.Storage.Interfaces.dll
  Dev2.Data.Interfaces -> C:\Users\ultra\warewolf\Dev\Dev2.Data.Interfaces\bin\Debug\net8.0\Dev2.Data.Interfaces.dll
  Warewolf.Common -> C:\Users\ultra\warewolf\Dev\Warewolf.Common\bin\Debug\net8.0\Warewolf.Common.dll
C:\Users\ultra\warewolf\Dev\Dev2.Common\ExtMethods\StringExtension.cs(302,13): warning CC0004: Empty Catch Block. (https://code-cracker.github.io/diagnostics/CC0004.html) [C:\Users\ultra\warewolf\Dev\Dev2.Common\Dev2.Common.csproj]
  Dev2.Common -> C:\Users\ultra\warewolf\Dev\Dev2.Common\bin\Debug\net8.0\Dev2.Common.dll
C:\Program Files\dotnet\sdk\10.0.201\Microsoft.Common.CurrentVersion.targets(2451,5): warning MSB3277: Found conflicts between different versions of "WindowsBase" that could not be resolved. [C:\Users\ultra\warewolf\Dev\Dev2.Development.Languages\Dev2.Development.Languages.csproj]
C:\Program Files\dotnet\sdk\10.0.201\Microsoft.Common.CurrentVersion.targets(2451,5): warning MSB3277: There was a conflict between "WindowsBase, Version=4.0.0.0, Culture=neutral, PublicKeyToken=31bf3856ad364e35" and "WindowsBase, Version=6.0.2.0, Culture=neutral, PublicKeyToken=31bf3856ad364e35". [C:\Users\ultra\warewolf\Dev\Dev2.Development.Languages\Dev2.Development.Languages.csproj]
C:\Program Files\dotnet\sdk\10.0.201\Microsoft.Common.CurrentVersion.targets(2451,5): warning MSB3277:     "WindowsBase, Version=4.0.0.0, Culture=neutral, PublicKeyToken=31bf3856ad364e35" was chosen because it was primary and "WindowsBase, Version=6.0.2.0, Culture=neutral, PublicKeyToken=31bf3856ad364e35" was not. [C:\Users\ultra\warewolf\Dev\Dev2.Development.Languages\Dev2.Development.Languages.csproj]
C:\Program Files\dotnet\sdk\10.0.201\Microsoft.Common.CurrentVersion.targets(2451,5): warning MSB3277:     References which depend on "WindowsBase, Version=4.0.0.0, Culture=neutral, PublicKeyToken=31bf3856ad364e35" [C:\Program Files\dotnet\packs\Microsoft.NETCore.App.Ref\8.0.25\ref\net8.0\WindowsBase.dll]. [C:\Users\ultra\warewolf\Dev\Dev2.Development.Languages\Dev2.Development.Languages.csproj]
C:\Program Files\dotnet\sdk\10.0.201\Microsoft.Common.CurrentVersion.targets(2451,5): warning MSB3277:         C:\Program Files\dotnet\packs\Microsoft.NETCore.App.Ref\8.0.25\ref\net8.0\WindowsBase.dll [C:\Users\ultra\warewolf\Dev\Dev2.Development.Languages\Dev2.Development.Languages.csproj]
C:\Program Files\dotnet\sdk\10.0.201\Microsoft.Common.CurrentVersion.targets(2451,5): warning MSB3277:           Project file item includes which caused reference "C:\Program Files\dotnet\packs\Microsoft.NETCore.App.Ref\8.0.25\ref\net8.0\WindowsBase.dll". [C:\Users\ultra\warewolf\Dev\Dev2.Development.Languages\Dev2.Development.Languages.csproj]
C:\Program Files\dotnet\sdk\10.0.201\Microsoft.Common.CurrentVersion.targets(2451,5): warning MSB3277:             C:\Program Files\dotnet\packs\Microsoft.NETCore.App.Ref\8.0.25\ref/net8.0/WindowsBase.dll [C:\Users\ultra\warewolf\Dev\Dev2.Development.Languages\Dev2.Development.Languages.csproj]
C:\Program Files\dotnet\sdk\10.0.201\Microsoft.Common.CurrentVersion.targets(2451,5): warning MSB3277:     References which depend on or have been unified to "WindowsBase, Version=6.0.2.0, Culture=neutral, PublicKeyToken=31bf3856ad364e35" []. [C:\Users\ultra\warewolf\Dev\Dev2.Development.Languages\Dev2.Development.Languages.csproj]
C:\Program Files\dotnet\sdk\10.0.201\Microsoft.Common.CurrentVersion.targets(2451,5): warning MSB3277:         C:\Users\ultra\.nuget\packages\caliburn.micro\4.0.212\lib\netcoreapp3.1\Caliburn.Micro.Platform.dll [C:\Users\ultra\warewolf\Dev\Dev2.Development.Languages\Dev2.Development.Languages.csproj]
C:\Program Files\dotnet\sdk\10.0.201\Microsoft.Common.CurrentVersion.targets(2451,5): warning MSB3277:           Project file item includes which caused reference "C:\Users\ultra\.nuget\packages\caliburn.micro\4.0.212\lib\netcoreapp3.1\Caliburn.Micro.Platform.dll". [C:\Users\ultra\warewolf\Dev\Dev2.Development.Languages\Dev2.Development.Languages.csproj]
C:\Program Files\dotnet\sdk\10.0.201\Microsoft.Common.CurrentVersion.targets(2451,5): warning MSB3277:             C:\Users\ultra\.nuget\packages\caliburn.micro\4.0.212\lib\netcoreapp3.1\Caliburn.Micro.Platform.dll [C:\Users\ultra\warewolf\Dev\Dev2.Development.Languages\Dev2.Development.Languages.csproj]
C:\Program Files\dotnet\sdk\10.0.201\Microsoft.Common.CurrentVersion.targets(2451,5): warning MSB3277:         C:\Users\ultra\.nuget\packages\ironpython\3.4.0\lib\net6.0\IronPython.Wpf.dll [C:\Users\ultra\warewolf\Dev\Dev2.Development.Languages\Dev2.Development.Languages.csproj]
C:\Program Files\dotnet\sdk\10.0.201\Microsoft.Common.CurrentVersion.targets(2451,5): warning MSB3277:           Project file item includes which caused reference "C:\Users\ultra\.nuget\packages\ironpython\3.4.0\lib\net6.0\IronPython.Wpf.dll". [C:\Users\ultra\warewolf\Dev\Dev2.Development.Languages\Dev2.Development.Languages.csproj]
C:\Program Files\dotnet\sdk\10.0.201\Microsoft.Common.CurrentVersion.targets(2451,5): warning MSB3277:             C:\Users\ultra\.nuget\packages\ironpython\3.4.0\lib\net6.0\IronPython.Wpf.dll [C:\Users\ultra\warewolf\Dev\Dev2.Development.Languages\Dev2.Development.Languages.csproj]
C:\Program Files\dotnet\sdk\10.0.201\Microsoft.Common.CurrentVersion.targets(2451,5): warning MSB3277:         C:\Users\ultra\.nuget\packages\microsoft.xaml.behaviors.wpf\1.1.19\lib\netcoreapp3.0\Microsoft.Xaml.Behaviors.dll [C:\Users\ultra\warewolf\Dev\Dev2.Development.Languages\Dev2.Development.Languages.csproj]
C:\Program Files\dotnet\sdk\10.0.201\Microsoft.Common.CurrentVersion.targets(2451,5): warning MSB3277:           Project file item includes which caused reference "C:\Users\ultra\.nuget\packages\microsoft.xaml.behaviors.wpf\1.1.19\lib\netcoreapp3.0\Microsoft.Xaml.Behaviors.dll". [C:\Users\ultra\warewolf\Dev\Dev2.Development.Languages\Dev2.Development.Languages.csproj]
C:\Program Files\dotnet\sdk\10.0.201\Microsoft.Common.CurrentVersion.targets(2451,5): warning MSB3277:             C:\Users\ultra\.nuget\packages\microsoft.xaml.behaviors.wpf\1.1.19\lib\netcoreapp3.0\Microsoft.Xaml.Behaviors.dll [C:\Users\ultra\warewolf\Dev\Dev2.Development.Languages\Dev2.Development.Languages.csproj]
C:\Program Files\dotnet\sdk\10.0.201\Microsoft.Common.CurrentVersion.targets(2451,5): warning MSB3277:             C:\Users\ultra\.nuget\packages\caliburn.micro\4.0.212\lib\netcoreapp3.1\Caliburn.Micro.Platform.dll [C:\Users\ultra\warewolf\Dev\Dev2.Development.Languages\Dev2.Development.Languages.csproj]
  Dev2.Util -> C:\Users\ultra\warewolf\Dev\Dev2.Util\bin\Debug\net8.0\Dev2.Util.dll
  Dev2.Development.Languages -> C:\Users\ultra\warewolf\Dev\Dev2.Development.Languages\bin\Debug\net8.0\Dev2.Development.Languages.dll
C:\Users\ultra\warewolf\Dev\Dev2.TaskScheduler.Wrappers\Dev2TaskEvent.cs(47,33): warning CA1416: This call site is reachable on all platforms. 'SecurityIdentifier.Value' is only supported on: 'windows'. (https://learn.microsoft.com/dotnet/fundamentals/code-analysis/quality-rules/ca1416) [C:\Users\ultra\warewolf\Dev\Dev2.TaskScheduler.Wrappers\Dev2.TaskScheduler.Wrappers.csproj]
  Dev2.TaskScheduler.Wrappers -> C:\Users\ultra\warewolf\Dev\Dev2.TaskScheduler.Wrappers\bin\Debug\net8.0\Dev2.TaskScheduler.Wrappers.dll
  Warewolf.Licensing -> C:\Users\ultra\warewolf\Dev\Warewolf.Licensing\bin\Debug\net8.0\Warewolf.Licensing.dll
  Dev2.CustomControls -> C:\Users\ultra\warewolf\Dev\Dev2.CustomControls\bin\Debug\net8.0\Dev2.CustomControls.dll
  Consider app.config remapping of assembly "Newtonsoft.Json, Culture=neutral, PublicKeyToken=30ad4fe6b2a6aeed" from Version "12.0.0.0" [] to Version "13.0.0.0" [C:\Users\ultra\.nuget\packages\newtonsoft.json\13.0.2\lib\net6.0\Newtonsoft.Json.dll] to solve conflict and get rid of warning.
  Dev2.Runtime.Configuration -> C:\Users\ultra\warewolf\Dev\Dev2.Runtime.Configuration\bin\Debug\net8.0\Dev2.Runtime.Configuration.dll
C:\Users\ultra\warewolf\Dev\Dev2.Diagnostics\Debug\DebugDispatcher.cs(209,35): warning CC0057: Parameter 'previous' is not used. (https://code-cracker.github.io/diagnostics/CC0057.html) [C:\Users\ultra\warewolf\Dev\Dev2.Diagnostics\Dev2.Diagnostics.csproj]
  Dev2.Diagnostics -> C:\Users\ultra\warewolf\Dev\Dev2.Diagnostics\bin\Debug\net8.0\Dev2.Diagnostics.dll
C:\Users\ultra\warewolf\Dev\Warewolf.AI.Harness\ChatbotApiService.cs(11,7): warning CS0105: The using directive for 'System.Text' appeared previously in this namespace [C:\Users\ultra\warewolf\Dev\Warewolf.AI.Harness\Warewolf.AI.Harness.csproj]
C:\Users\ultra\warewolf\Dev\Warewolf.AI.Harness\ChatbotApiService.cs(12,7): warning CS0105: The using directive for 'Newtonsoft.Json' appeared previously in this namespace [C:\Users\ultra\warewolf\Dev\Warewolf.AI.Harness\Warewolf.AI.Harness.csproj]
C:\Users\ultra\warewolf\Dev\Warewolf.AI.Harness\ChatbotApiService.cs(641,23): warning CS8618: Non-nullable property 'Model' must contain a non-null value when exiting constructor. Consider adding the 'required' modifier or declaring the property as nullable. [C:\Users\ultra\warewolf\Dev\Warewolf.AI.Harness\Warewolf.AI.Harness.csproj]
C:\Users\ultra\warewolf\Dev\Warewolf.AI.Harness\ChatbotApiService.cs(659,23): warning CS8618: Non-nullable property 'FinishReason' must contain a non-null value when exiting constructor. Consider adding the 'required' modifier or declaring the property as nullable. [C:\Users\ultra\warewolf\Dev\Warewolf.AI.Harness\Warewolf.AI.Harness.csproj]
C:\Users\ultra\warewolf\Dev\Warewolf.AI.Harness\ChatbotApiService.cs(201,34): warning CS8600: Converting null literal or possible null value to non-nullable type. [C:\Users\ultra\warewolf\Dev\Warewolf.AI.Harness\Warewolf.AI.Harness.csproj]
C:\Users\ultra\warewolf\Dev\Warewolf.AI.Harness\ChatbotApiService.cs(215,51): warning CS8602: Dereference of a possibly null reference. [C:\Users\ultra\warewolf\Dev\Warewolf.AI.Harness\Warewolf.AI.Harness.csproj]
C:\Users\ultra\warewolf\Dev\Warewolf.AI.Harness\ChatbotApiService.cs(218,25): warning CS8602: Dereference of a possibly null reference. [C:\Users\ultra\warewolf\Dev\Warewolf.AI.Harness\Warewolf.AI.Harness.csproj]
C:\Users\ultra\warewolf\Dev\Warewolf.AI.Harness\ChatbotApiService.cs(303,34): warning CS8600: Converting null literal or possible null value to non-nullable type. [C:\Users\ultra\warewolf\Dev\Warewolf.AI.Harness\Warewolf.AI.Harness.csproj]
C:\Users\ultra\warewolf\Dev\Warewolf.AI.Harness\ChatbotApiService.cs(312,51): warning CS8602: Dereference of a possibly null reference. [C:\Users\ultra\warewolf\Dev\Warewolf.AI.Harness\Warewolf.AI.Harness.csproj]
C:\Users\ultra\warewolf\Dev\Warewolf.AI.Harness\ChatbotApiService.cs(314,30): warning CS8602: Dereference of a possibly null reference. [C:\Users\ultra\warewolf\Dev\Warewolf.AI.Harness\Warewolf.AI.Harness.csproj]
C:\Users\ultra\warewolf\Dev\Warewolf.AI.Harness\ChatbotApiService.cs(477,32): warning CS8600: Converting null literal or possible null value to non-nullable type. [C:\Users\ultra\warewolf\Dev\Warewolf.AI.Harness\Warewolf.AI.Harness.csproj]
C:\Users\ultra\warewolf\Dev\Warewolf.AI.Harness\ChatbotApiService.cs(478,32): warning CS8600: Converting null literal or possible null value to non-nullable type. [C:\Users\ultra\warewolf\Dev\Warewolf.AI.Harness\Warewolf.AI.Harness.csproj]
C:\Users\ultra\warewolf\Dev\Warewolf.AI.Harness\ChatbotApiService.cs(481,73): warning CS8625: Cannot convert null literal to non-nullable reference type. [C:\Users\ultra\warewolf\Dev\Warewolf.AI.Harness\Warewolf.AI.Harness.csproj]
C:\Users\ultra\warewolf\Dev\Warewolf.AI.Harness\ChatbotApiService.cs(482,60): warning CS8604: Possible null reference argument for parameter 'authHeaderName' in 'HttpResponseMessage ChatbotApiService.PostWithAuth(string endpoint, object payload, string authHeaderName, string authHeaderValue, string additionalHeaders)'. [C:\Users\ultra\warewolf\Dev\Warewolf.AI.Harness\Warewolf.AI.Harness.csproj]
C:\Users\ultra\warewolf\Dev\Warewolf.AI.Harness\ChatbotApiService.cs(482,70): warning CS8604: Possible null reference argument for parameter 'authHeaderValue' in 'HttpResponseMessage ChatbotApiService.PostWithAuth(string endpoint, object payload, string authHeaderName, string authHeaderValue, string additionalHeaders)'. [C:\Users\ultra\warewolf\Dev\Warewolf.AI.Harness\Warewolf.AI.Harness.csproj]
C:\Users\ultra\warewolf\Dev\Warewolf.AI.Harness\ChatbotApiService.cs(482,81): warning CS8625: Cannot convert null literal to non-nullable reference type. [C:\Users\ultra\warewolf\Dev\Warewolf.AI.Harness\Warewolf.AI.Harness.csproj]
C:\Users\ultra\warewolf\Dev\Warewolf.AI.Harness\ChatbotApiService.cs(496,73): warning CS8625: Cannot convert null literal to non-nullable reference type. [C:\Users\ultra\warewolf\Dev\Warewolf.AI.Harness\Warewolf.AI.Harness.csproj]
C:\Users\ultra\warewolf\Dev\Warewolf.AI.Harness\ChatbotApiService.cs(497,81): warning CS8625: Cannot convert null literal to non-nullable reference type. [C:\Users\ultra\warewolf\Dev\Warewolf.AI.Harness\Warewolf.AI.Harness.csproj]
C:\Users\ultra\warewolf\Dev\Warewolf.AI.Harness\ChatbotApiService.cs(514,73): warning CS8625: Cannot convert null literal to non-nullable reference type. [C:\Users\ultra\warewolf\Dev\Warewolf.AI.Harness\Warewolf.AI.Harness.csproj]
C:\Users\ultra\warewolf\Dev\Warewolf.AI.Harness\ChatbotApiService.cs(515,114): warning CS8625: Cannot convert null literal to non-nullable reference type. [C:\Users\ultra\warewolf\Dev\Warewolf.AI.Harness\Warewolf.AI.Harness.csproj]
C:\Users\ultra\warewolf\Dev\Warewolf.AI.Harness\ChatbotApiService.cs(521,36): warning CS8600: Converting null literal or possible null value to non-nullable type. [C:\Users\ultra\warewolf\Dev\Warewolf.AI.Harness\Warewolf.AI.Harness.csproj]
C:\Users\ultra\warewolf\Dev\Warewolf.AI.Harness\ChatbotApiService.cs(538,82): warning CS8604: Possible null reference argument for parameter 'systemMessage' in 'Dictionary<string, object> ChatbotApiService.CreatePayload(string model, object messages, string systemMessage, bool useMaxCompletionTokens, bool includeTemperature)'. [C:\Users\ultra\warewolf\Dev\Warewolf.AI.Harness\Warewolf.AI.Harness.csproj]
C:\Users\ultra\warewolf\Dev\Warewolf.AI.Harness\ChatbotApiService.cs(545,35): warning CS8600: Converting null literal or possible null value to non-nullable type. [C:\Users\ultra\warewolf\Dev\Warewolf.AI.Harness\Warewolf.AI.Harness.csproj]
C:\Users\ultra\warewolf\Dev\Warewolf.AI.Harness\ChatbotApiService.cs(589,68): warning CS8625: Cannot convert null literal to non-nullable reference type. [C:\Users\ultra\warewolf\Dev\Warewolf.AI.Harness\Warewolf.AI.Harness.csproj]
C:\Users\ultra\warewolf\Dev\Warewolf.AI.Harness\ChatbotApiService.cs(589,74): warning CS8625: Cannot convert null literal to non-nullable reference type. [C:\Users\ultra\warewolf\Dev\Warewolf.AI.Harness\Warewolf.AI.Harness.csproj]
C:\Users\ultra\warewolf\Dev\Warewolf.AI.Harness\ChatbotApiService.cs(589,80): warning CS8625: Cannot convert null literal to non-nullable reference type. [C:\Users\ultra\warewolf\Dev\Warewolf.AI.Harness\Warewolf.AI.Harness.csproj]
  Warewolf.AI.Harness -> C:\Users\ultra\warewolf\Dev\Warewolf.AI.Harness\bin\Debug\net8.0\Warewolf.AI.Harness.dll
C:\Users\ultra\warewolf\Dev\Dev2.Infrastructure\PerformanceCounters\Management\WarewolfPerformanceCounterManager.cs(22,140): warning CC0057: Parameter 'register' is not used. (https://code-cracker.github.io/diagnostics/CC0057.html) [C:\Users\ultra\warewolf\Dev\Dev2.Infrastructure\Dev2.Infrastructure.csproj]
C:\Users\ultra\warewolf\Dev\Dev2.Infrastructure\PerformanceCounters\Management\WarewolfPerformanceCounterManager.cs(67,83): warning CC0057: Parameter 'name' is not used. (https://code-cracker.github.io/diagnostics/CC0057.html) [C:\Users\ultra\warewolf\Dev\Dev2.Infrastructure\Dev2.Infrastructure.csproj]
C:\Users\ultra\warewolf\Dev\Dev2.Infrastructure\PerformanceCounters\PerformanceCounterCategoryWrapper.cs(12,51): warning CA1416: This call site is reachable on all platforms. 'PerformanceCounterCategory.CounterExists(string)' is only supported on: 'windows'. (https://learn.microsoft.com/dotnet/fundamentals/code-analysis/quality-rules/ca1416) [C:\Users\ultra\warewolf\Dev\Dev2.Infrastructure\Dev2.Infrastructure.csproj]
C:\Users\ultra\warewolf\Dev\Dev2.Infrastructure\PerformanceCounters\PerformanceCounterCategoryWrapper.cs(33,48): warning CA1416: This call site is reachable on all platforms. 'PerformanceCounterCategory.Exists(string)' is only supported on: 'windows'. (https://learn.microsoft.com/dotnet/fundamentals/code-analysis/quality-rules/ca1416) [C:\Users\ultra\warewolf\Dev\Dev2.Infrastructure\Dev2.Infrastructure.csproj]
C:\Users\ultra\warewolf\Dev\Dev2.Infrastructure\PerformanceCounters\PerformanceCounterCategoryWrapper.cs(38,29): warning CA1416: This call site is reachable on all platforms. 'PerformanceCounterCategory' is only supported on: 'windows'. (https://learn.microsoft.com/dotnet/fundamentals/code-analysis/quality-rules/ca1416) [C:\Users\ultra\warewolf\Dev\Dev2.Infrastructure\Dev2.Infrastructure.csproj]
C:\Users\ultra\warewolf\Dev\Dev2.Infrastructure\PerformanceCounters\PerformanceCounterCategoryWrapper.cs(32,48): warning CA1416: This call site is reachable on all platforms. 'PerformanceCounterCategory.Delete(string)' is only supported on: 'windows'. (https://learn.microsoft.com/dotnet/fundamentals/code-analysis/quality-rules/ca1416) [C:\Users\ultra\warewolf\Dev\Dev2.Infrastructure\Dev2.Infrastructure.csproj]
C:\Users\ultra\warewolf\Dev\Dev2.Infrastructure\PerformanceCounters\Management\PerformanceCounterPersistence.cs(48,81): warning CC0057: Parameter 'resourcePerformanceCounters' is not used. (https://code-cracker.github.io/diagnostics/CC0057.html) [C:\Users\ultra\warewolf\Dev\Dev2.Infrastructure\Dev2.Infrastructure.csproj]
C:\Users\ultra\warewolf\Dev\Dev2.Infrastructure\PerformanceCounters\PerformanceCounterCategoryWrapper.cs(29,71): warning CA1416: This call site is reachable on all platforms. 'PerformanceCounterCategoryType.MultiInstance' is only supported on: 'windows'. (https://learn.microsoft.com/dotnet/fundamentals/code-analysis/quality-rules/ca1416) [C:\Users\ultra\warewolf\Dev\Dev2.Infrastructure\Dev2.Infrastructure.csproj]
C:\Users\ultra\warewolf\Dev\Dev2.Infrastructure\PerformanceCounters\PerformanceCounterCategoryWrapper.cs(14,49): warning CA1416: This call site is reachable on all platforms. 'CounterCreationDataCollection' is only supported on: 'windows'. (https://learn.microsoft.com/dotnet/fundamentals/code-analysis/quality-rules/ca1416) [C:\Users\ultra\warewolf\Dev\Dev2.Infrastructure\Dev2.Infrastructure.csproj]
C:\Users\ultra\warewolf\Dev\Dev2.Infrastructure\PerformanceCounters\PerformanceCounterCategoryWrapper.cs(29,13): warning CA1416: This call site is reachable on all platforms. 'PerformanceCounterCategory.Create(string, string, PerformanceCounterCategoryType, CounterCreationDataCollection)' is only supported on: 'windows'. (https://learn.microsoft.com/dotnet/fundamentals/code-analysis/quality-rules/ca1416) [C:\Users\ultra\warewolf\Dev\Dev2.Infrastructure\Dev2.Infrastructure.csproj]
C:\Users\ultra\warewolf\Dev\Dev2.Infrastructure\PerformanceCounters\PerformanceCounterCategoryWrapper.cs(25,21): warning CA1416: This call site is reachable on all platforms. 'CounterCreationDataCollection.Add(CounterCreationData)' is only supported on: 'windows'. (https://learn.microsoft.com/dotnet/fundamentals/code-analysis/quality-rules/ca1416) [C:\Users\ultra\warewolf\Dev\Dev2.Infrastructure\Dev2.Infrastructure.csproj]
C:\Users\ultra\warewolf\Dev\Dev2.Infrastructure\PerformanceCounters\PerformanceCounterCategoryWrapper.cs(19,45): warning CA1416: This call site is reachable on all platforms. 'CounterCreationData' is only supported on: 'windows'. (https://learn.microsoft.com/dotnet/fundamentals/code-analysis/quality-rules/ca1416) [C:\Users\ultra\warewolf\Dev\Dev2.Infrastructure\Dev2.Infrastructure.csproj]
C:\Users\ultra\warewolf\Dev\Dev2.Infrastructure\PerformanceCounters\PerformanceCounterCategoryWrapper.cs(54,28): warning CA1416: This call site is reachable on all platforms. 'PerformanceCounterType.RateOfCountsPerSecond32' is only supported on: 'windows'. (https://learn.microsoft.com/dotnet/fundamentals/code-analysis/quality-rules/ca1416) [C:\Users\ultra\warewolf\Dev\Dev2.Infrastructure\Dev2.Infrastructure.csproj]
C:\Users\ultra\warewolf\Dev\Dev2.Infrastructure\PerformanceCounters\PerformanceCounterCategoryWrapper.cs(50,28): warning CA1416: This call site is reachable on all platforms. 'PerformanceCounterType.AverageTimer32' is only supported on: 'windows'. (https://learn.microsoft.com/dotnet/fundamentals/code-analysis/quality-rules/ca1416) [C:\Users\ultra\warewolf\Dev\Dev2.Infrastructure\Dev2.Infrastructure.csproj]
C:\Users\ultra\warewolf\Dev\Dev2.Infrastructure\PerformanceCounters\PerformanceCounterCategoryWrapper.cs(48,28): warning CA1416: This call site is reachable on all platforms. 'PerformanceCounterType.AverageBase' is only supported on: 'windows'. (https://learn.microsoft.com/dotnet/fundamentals/code-analysis/quality-rules/ca1416) [C:\Users\ultra\warewolf\Dev\Dev2.Infrastructure\Dev2.Infrastructure.csproj]
C:\Users\ultra\warewolf\Dev\Dev2.Infrastructure\PerformanceCounters\PerformanceCounterCategoryWrapper.cs(52,28): warning CA1416: This call site is reachable on all platforms. 'PerformanceCounterType.NumberOfItems32' is only supported on: 'windows'. (https://learn.microsoft.com/dotnet/fundamentals/code-analysis/quality-rules/ca1416) [C:\Users\ultra\warewolf\Dev\Dev2.Infrastructure\Dev2.Infrastructure.csproj]
C:\Users\ultra\warewolf\Dev\Dev2.Infrastructure\Services\Security\MoqInstallerActions\InstallerActionsForDevelopment.cs(59,57): warning CA1416: This call site is reachable on all platforms. 'WindowsIdentity.Name' is only supported on: 'windows'. (https://learn.microsoft.com/dotnet/fundamentals/code-analysis/quality-rules/ca1416) [C:\Users\ultra\warewolf\Dev\Dev2.Infrastructure\Dev2.Infrastructure.csproj]
C:\Users\ultra\warewolf\Dev\Dev2.Infrastructure\Services\Security\MoqInstallerActions\InstallerActionsForDevelopment.cs(57,31): warning CA1416: This call site is reachable on all platforms. 'WindowsIdentity.GetCurrent(bool)' is only supported on: 'windows'. (https://learn.microsoft.com/dotnet/fundamentals/code-analysis/quality-rules/ca1416) [C:\Users\ultra\warewolf\Dev\Dev2.Infrastructure\Dev2.Infrastructure.csproj]
C:\Users\ultra\warewolf\Dev\Dev2.Infrastructure\Services\Security\SecuritySettings.cs(92,28): warning CC0022: HMACSHA256 should be disposed. (https://code-cracker.github.io/diagnostics/CC0022.html) [C:\Users\ultra\warewolf\Dev\Dev2.Infrastructure\Dev2.Infrastructure.csproj]
CSC : warning AD0001: Analyzer 'CodeCracker.CSharp.Design.UseInvokeMethodToFireEventAnalyzer' threw an exception of type 'System.ArgumentException' with message 'Syntax node is not within syntax tree'. [C:\Users\ultra\warewolf\Dev\Dev2.Infrastructure\Dev2.Infrastructure.csproj]
CSC : warning AD0001: Analyzer 'CodeCracker.CSharp.Design.UseInvokeMethodToFireEventAnalyzer' threw an exception of type 'System.ArgumentException' with message 'Syntax node is not within syntax tree'. [C:\Users\ultra\warewolf\Dev\Dev2.Infrastructure\Dev2.Infrastructure.csproj]
CSC : warning AD0001: Analyzer 'CodeCracker.CSharp.Design.UseInvokeMethodToFireEventAnalyzer' threw an exception of type 'System.ArgumentException' with message 'Syntax node is not within syntax tree'. [C:\Users\ultra\warewolf\Dev\Dev2.Infrastructure\Dev2.Infrastructure.csproj]
CSC : warning AD0001: Analyzer 'CodeCracker.CSharp.Design.UseInvokeMethodToFireEventAnalyzer' threw an exception of type 'System.ArgumentException' with message 'Syntax node is not within syntax tree'. [C:\Users\ultra\warewolf\Dev\Dev2.Infrastructure\Dev2.Infrastructure.csproj]
CSC : warning AD0001: Analyzer 'CodeCracker.CSharp.Design.UseInvokeMethodToFireEventAnalyzer' threw an exception of type 'System.ArgumentException' with message 'Syntax node is not within syntax tree'. [C:\Users\ultra\warewolf\Dev\Dev2.Infrastructure\Dev2.Infrastructure.csproj]
CSC : warning AD0001: Analyzer 'CodeCracker.CSharp.Design.UseInvokeMethodToFireEventAnalyzer' threw an exception of type 'System.ArgumentException' with message 'Syntax node is not within syntax tree'. [C:\Users\ultra\warewolf\Dev\Dev2.Infrastructure\Dev2.Infrastructure.csproj]
CSC : warning AD0001: Analyzer 'CodeCracker.CSharp.Design.UseInvokeMethodToFireEventAnalyzer' threw an exception of type 'System.ArgumentException' with message 'Syntax node is not within syntax tree'. [C:\Users\ultra\warewolf\Dev\Dev2.Infrastructure\Dev2.Infrastructure.csproj]
CSC : warning AD0001: Analyzer 'CodeCracker.CSharp.Design.UseInvokeMethodToFireEventAnalyzer' threw an exception of type 'System.ArgumentException' with message 'Syntax node is not within syntax tree'. [C:\Users\ultra\warewolf\Dev\Dev2.Infrastructure\Dev2.Infrastructure.csproj]
CSC : warning AD0001: Analyzer 'CodeCracker.CSharp.Design.UseInvokeMethodToFireEventAnalyzer' threw an exception of type 'System.ArgumentException' with message 'Syntax node is not within syntax tree'. [C:\Users\ultra\warewolf\Dev\Dev2.Infrastructure\Dev2.Infrastructure.csproj]
CSC : warning AD0001: Analyzer 'CodeCracker.CSharp.Design.UseInvokeMethodToFireEventAnalyzer' threw an exception of type 'System.ArgumentException' with message 'Syntax node is not within syntax tree'. [C:\Users\ultra\warewolf\Dev\Dev2.Infrastructure\Dev2.Infrastructure.csproj]
CSC : warning AD0001: Analyzer 'CodeCracker.CSharp.Design.UseInvokeMethodToFireEventAnalyzer' threw an exception of type 'System.ArgumentException' with message 'Syntax node is not within syntax tree'. [C:\Users\ultra\warewolf\Dev\Dev2.Infrastructure\Dev2.Infrastructure.csproj]
CSC : warning AD0001: Analyzer 'CodeCracker.CSharp.Design.UseInvokeMethodToFireEventAnalyzer' threw an exception of type 'System.ArgumentException' with message 'Syntax node is not within syntax tree'. [C:\Users\ultra\warewolf\Dev\Dev2.Infrastructure\Dev2.Infrastructure.csproj]
CSC : warning AD0001: Analyzer 'CodeCracker.CSharp.Design.UseInvokeMethodToFireEventAnalyzer' threw an exception of type 'System.ArgumentException' with message 'Syntax node is not within syntax tree'. [C:\Users\ultra\warewolf\Dev\Dev2.Infrastructure\Dev2.Infrastructure.csproj]
CSC : warning AD0001: Analyzer 'CodeCracker.CSharp.Design.UseInvokeMethodToFireEventAnalyzer' threw an exception of type 'System.ArgumentException' with message 'Syntax node is not within syntax tree'. [C:\Users\ultra\warewolf\Dev\Dev2.Infrastructure\Dev2.Infrastructure.csproj]
  Dev2.Infrastructure -> C:\Users\ultra\warewolf\Dev\Dev2.Infrastructure\bin\Debug\net8.0\Dev2.Infrastructure.dll
C:\Program Files\dotnet\sdk\10.0.201\Microsoft.CSharp.CurrentVersion.targets(130,9): warning MSB3884: Could not find rule set file "..\.sonarlint\warewolf_dotnet_frameworkcsharp.ruleset". [C:\Users\ultra\warewolf\Dev\Warewolf.Sharepoint\Warewolf.Sharepoint.csproj]
  Warewolf.Sharepoint -> C:\Users\ultra\warewolf\Dev\Warewolf.Sharepoint\bin\Debug\net8.0\Warewolf.Sharepoint.dll
  Warewolf.Storage -> C:\Users\ultra\warewolf\Dev\Warewolf.Storage\bin\Debug\net8.0\Warewolf.Storage.dll
C:\Users\ultra\warewolf\Dev\Dev2.Services.Sql\ConnectionBuilder.cs(44,21): warning CC0029: 'ConnectionBuilder' should call GC.SuppressFinalize inside the Dispose method. (https://code-cracker.github.io/diagnostics/CC0029.html) [C:\Users\ultra\warewolf\Dev\Dev2.Services.Sql\Dev2.Services.Sql.csproj]
  Dev2.Services.Sql -> C:\Users\ultra\warewolf\Dev\Dev2.Services.Sql\bin\Debug\net8.0\Dev2.Services.Sql.dll
C:\Users\ultra\warewolf\Dev\Dev2.SignalR.Wrappers.New\HubConnectionWrapper.cs(431,21): warning SYSLIB0006: 'Thread.Abort()' is obsolete: 'Thread.Abort is not supported and throws PlatformNotSupportedException.' (https://aka.ms/dotnet-warnings/SYSLIB0006) [C:\Users\ultra\warewolf\Dev\Dev2.SignalR.Wrappers.New\Dev2.SignalR.Wrappers.New.csproj]
C:\Users\ultra\warewolf\Dev\Dev2.SignalR.Wrappers.New\HubConnectionWrapper.cs(205,21): warning CC0029: 'HubConnectionWrapper' should call GC.SuppressFinalize inside the Dispose method. (https://code-cracker.github.io/diagnostics/CC0029.html) [C:\Users\ultra\warewolf\Dev\Dev2.SignalR.Wrappers.New\Dev2.SignalR.Wrappers.New.csproj]
C:\Users\ultra\warewolf\Dev\Dev2.SignalR.Wrappers.New\HubConnectionWrapper.cs(383,17): warning CC0105: Use 'var' instead of specifying the type name. (https://code-cracker.github.io/diagnostics/CC0105.html) [C:\Users\ultra\warewolf\Dev\Dev2.SignalR.Wrappers.New\Dev2.SignalR.Wrappers.New.csproj]
  Dev2.SignalR.Wrappers.New -> C:\Users\ultra\warewolf\Dev\Dev2.SignalR.Wrappers.New\bin\Debug\net8.0\Dev2.SignalR.Wrappers.New.dll
C:\Program Files\dotnet\sdk\10.0.201\Microsoft.Common.CurrentVersion.targets(2451,5): warning MSB3245: Could not resolve this reference. Could not locate the assembly "System.Web". Check to make sure the assembly exists on disk. If this reference is required by your code, you may get compilation errors. [C:\Users\ultra\warewolf\Dev\Dev2.Data\Dev2.Data.csproj]
C:\Program Files\dotnet\sdk\10.0.201\Microsoft.Common.CurrentVersion.targets(2451,5): warning MSB3245: Could not resolve this reference. Could not locate the assembly "System.Web.Extensions". Check to make sure the assembly exists on disk. If this reference is required by your code, you may get compilation errors. [C:\Users\ultra\warewolf\Dev\Dev2.Data\Dev2.Data.csproj]
C:\Program Files\dotnet\sdk\10.0.201\Microsoft.Common.CurrentVersion.targets(2451,5): warning MSB3245: Could not resolve this reference. Could not locate the assembly "System.Xml.Linq". Check to make sure the assembly exists on disk. If this reference is required by your code, you may get compilation errors. [C:\Users\ultra\warewolf\Dev\Dev2.Data\Dev2.Data.csproj]
C:\Program Files\dotnet\sdk\10.0.201\Microsoft.Common.CurrentVersion.targets(2451,5): warning MSB3245: Could not resolve this reference. Could not locate the assembly "System.Data.DataSetExtensions". Check to make sure the assembly exists on disk. If this reference is required by your code, you may get compilation errors. [C:\Users\ultra\warewolf\Dev\Dev2.Data\Dev2.Data.csproj]
C:\Program Files\dotnet\sdk\10.0.201\Microsoft.Common.CurrentVersion.targets(2451,5): warning MSB3245: Could not resolve this reference. Could not locate the assembly "Microsoft.CSharp". Check to make sure the assembly exists on disk. If this reference is required by your code, you may get compilation errors. [C:\Users\ultra\warewolf\Dev\Dev2.Data\Dev2.Data.csproj]
C:\Program Files\dotnet\sdk\10.0.201\Microsoft.Common.CurrentVersion.targets(2451,5): warning MSB3245: Could not resolve this reference. Could not locate the assembly "System.Data". Check to make sure the assembly exists on disk. If this reference is required by your code, you may get compilation errors. [C:\Users\ultra\warewolf\Dev\Dev2.Data\Dev2.Data.csproj]
C:\Program Files\dotnet\sdk\10.0.201\Microsoft.Common.CurrentVersion.targets(2451,5): warning MSB3245: Could not resolve this reference. Could not locate the assembly "System.Xml". Check to make sure the assembly exists on disk. If this reference is required by your code, you may get compilation errors. [C:\Users\ultra\warewolf\Dev\Dev2.Data\Dev2.Data.csproj]
C:\Program Files\dotnet\sdk\10.0.201\Microsoft.Common.CurrentVersion.targets(2451,5): warning MSB3243: No way to resolve conflict between "System.Web, Version=4.0.0.0, Culture=neutral, PublicKeyToken=b03f5f7f11d50a3a" and "System.Web". Choosing "System.Web, Version=4.0.0.0, Culture=neutral, PublicKeyToken=b03f5f7f11d50a3a" arbitrarily. [C:\Users\ultra\warewolf\Dev\Dev2.Data\Dev2.Data.csproj]
C:\Program Files\dotnet\sdk\10.0.201\Microsoft.Common.CurrentVersion.targets(2451,5): warning MSB3243: No way to resolve conflict between "System.Xml.Linq, Version=4.0.0.0, Culture=neutral, PublicKeyToken=b77a5c561934e089" and "System.Xml.Linq". Choosing "System.Xml.Linq, Version=4.0.0.0, Culture=neutral, PublicKeyToken=b77a5c561934e089" arbitrarily. [C:\Users\ultra\warewolf\Dev\Dev2.Data\Dev2.Data.csproj]
C:\Program Files\dotnet\sdk\10.0.201\Microsoft.Common.CurrentVersion.targets(2451,5): warning MSB3243: No way to resolve conflict between "System.Data.DataSetExtensions, Version=8.0.0.0, Culture=neutral, PublicKeyToken=b77a5c561934e089" and "System.Data.DataSetExtensions". Choosing "System.Data.DataSetExtensions, Version=8.0.0.0, Culture=neutral, PublicKeyToken=b77a5c561934e089" arbitrarily. [C:\Users\ultra\warewolf\Dev\Dev2.Data\Dev2.Data.csproj]
C:\Program Files\dotnet\sdk\10.0.201\Microsoft.Common.CurrentVersion.targets(2451,5): warning MSB3243: No way to resolve conflict between "Microsoft.CSharp, Version=8.0.0.0, Culture=neutral, PublicKeyToken=b03f5f7f11d50a3a" and "Microsoft.CSharp". Choosing "Microsoft.CSharp, Version=8.0.0.0, Culture=neutral, PublicKeyToken=b03f5f7f11d50a3a" arbitrarily. [C:\Users\ultra\warewolf\Dev\Dev2.Data\Dev2.Data.csproj]
C:\Program Files\dotnet\sdk\10.0.201\Microsoft.Common.CurrentVersion.targets(2451,5): warning MSB3243: No way to resolve conflict between "System.Data, Version=4.0.0.0, Culture=neutral, PublicKeyToken=b77a5c561934e089" and "System.Data". Choosing "System.Data, Version=4.0.0.0, Culture=neutral, PublicKeyToken=b77a5c561934e089" arbitrarily. [C:\Users\ultra\warewolf\Dev\Dev2.Data\Dev2.Data.csproj]
C:\Program Files\dotnet\sdk\10.0.201\Microsoft.Common.CurrentVersion.targets(2451,5): warning MSB3243: No way to resolve conflict between "System.Xml, Version=4.0.0.0, Culture=neutral, PublicKeyToken=b77a5c561934e089" and "System.Xml". Choosing "System.Xml, Version=4.0.0.0, Culture=neutral, PublicKeyToken=b77a5c561934e089" arbitrarily. [C:\Users\ultra\warewolf\Dev\Dev2.Data\Dev2.Data.csproj]
CSC : warning CS2002: Source file 'C:\Users\ultra\warewolf\Dev\Dev2.Data\MathOperations\NCalc\NCalcExpressionBuilder.cs' specified multiple times [C:\Users\ultra\warewolf\Dev\Dev2.Data\Dev2.Data.csproj]
CSC : warning CS2002: Source file 'C:\Users\ultra\warewolf\Dev\Dev2.Data\MathOperations\NCalc\NCalcFunctionArgHelper.cs' specified multiple times [C:\Users\ultra\warewolf\Dev\Dev2.Data\Dev2.Data.csproj]
CSC : warning CS2002: Source file 'C:\Users\ultra\warewolf\Dev\Dev2.Data\MathOperations\NCalc\Functions\BaseConversionFunctions.cs' specified multiple times [C:\Users\ultra\warewolf\Dev\Dev2.Data\Dev2.Data.csproj]
CSC : warning CS2002: Source file 'C:\Users\ultra\warewolf\Dev\Dev2.Data\MathOperations\NCalc\Functions\ComplexFunctions.cs' specified multiple times [C:\Users\ultra\warewolf\Dev\Dev2.Data\Dev2.Data.csproj]
CSC : warning CS2002: Source file 'C:\Users\ultra\warewolf\Dev\Dev2.Data\MathOperations\NCalc\Functions\DateTimeFunctions.cs' specified multiple times [C:\Users\ultra\warewolf\Dev\Dev2.Data\Dev2.Data.csproj]
CSC : warning CS2002: Source file 'C:\Users\ultra\warewolf\Dev\Dev2.Data\MathOperations\NCalc\Functions\FinancialFunctions.cs' specified multiple times [C:\Users\ultra\warewolf\Dev\Dev2.Data\Dev2.Data.csproj]
CSC : warning CS2002: Source file 'C:\Users\ultra\warewolf\Dev\Dev2.Data\MathOperations\NCalc\Functions\InformationFunctions.cs' specified multiple times [C:\Users\ultra\warewolf\Dev\Dev2.Data\Dev2.Data.csproj]
CSC : warning CS2002: Source file 'C:\Users\ultra\warewolf\Dev\Dev2.Data\MathOperations\NCalc\Functions\MathFunctions.cs' specified multiple times [C:\Users\ultra\warewolf\Dev\Dev2.Data\Dev2.Data.csproj]
CSC : warning CS2002: Source file 'C:\Users\ultra\warewolf\Dev\Dev2.Data\MathOperations\NCalc\Functions\StringFunctions.cs' specified multiple times [C:\Users\ultra\warewolf\Dev\Dev2.Data\Dev2.Data.csproj]
C:\Users\ultra\warewolf\Dev\Dev2.Data\MathOperations\NCalc\Functions\MathFunctions.cs(22,30): warning CS8632: The annotation for nullable reference types should only be used in code within a '#nullable' annotations context. [C:\Users\ultra\warewolf\Dev\Dev2.Data\Dev2.Data.csproj]
C:\Users\ultra\warewolf\Dev\Dev2.Data\MathOperations\NCalc\NCalcFunctionArgHelper.cs(51,47): warning CS8632: The annotation for nullable reference types should only be used in code within a '#nullable' annotations context. [C:\Users\ultra\warewolf\Dev\Dev2.Data\Dev2.Data.csproj]
C:\Users\ultra\warewolf\Dev\Dev2.Data\MathOperations\NCalc\Functions\StringFunctions.cs(94,59): warning CS8632: The annotation for nullable reference types should only be used in code within a '#nullable' annotations context. [C:\Users\ultra\warewolf\Dev\Dev2.Data\Dev2.Data.csproj]
C:\Users\ultra\warewolf\Dev\Dev2.Data\NativeMethods.cs(66,59): warning CS0472: The result of the expression is always 'false' since a value of type 'nint' is never equal to 'null' of type 'nint?' [C:\Users\ultra\warewolf\Dev\Dev2.Data\Dev2.Data.csproj]
C:\Users\ultra\warewolf\Dev\Dev2.Data\NativeMethods.cs(88,8): warning CS0472: The result of the expression is always 'false' since a value of type 'nint' is never equal to 'null' of type 'nint?' [C:\Users\ultra\warewolf\Dev\Dev2.Data\Dev2.Data.csproj]
C:\Users\ultra\warewolf\Dev\Dev2.Data\Security\WindowsIdentityExtensions.cs(28,49): warning CA1416: This call site is reachable on all platforms. 'WindowsIdentity.AccessToken' is only supported on: 'windows'. (https://learn.microsoft.com/dotnet/fundamentals/code-analysis/quality-rules/ca1416) [C:\Users\ultra\warewolf\Dev\Dev2.Data\Dev2.Data.csproj]
C:\Users\ultra\warewolf\Dev\Dev2.Data\Security\WindowsIdentityExtensions.cs(41,24): warning CA1416: This call site is reachable on all platforms. 'WindowsIdentity.RunImpersonated<T>(SafeAccessTokenHandle, Func<T>)' is only supported on: 'windows'. (https://learn.microsoft.com/dotnet/fundamentals/code-analysis/quality-rules/ca1416) [C:\Users\ultra\warewolf\Dev\Dev2.Data\Dev2.Data.csproj]
C:\Users\ultra\warewolf\Dev\Dev2.Data\Security\WindowsIdentityExtensions.cs(41,59): warning CA1416: This call site is reachable on all platforms. 'WindowsIdentity.AccessToken' is only supported on: 'windows'. (https://learn.microsoft.com/dotnet/fundamentals/code-analysis/quality-rules/ca1416) [C:\Users\ultra\warewolf\Dev\Dev2.Data\Dev2.Data.csproj]
C:\Users\ultra\warewolf\Dev\Dev2.Data\Security\WindowsIdentityExtensions.cs(28,17): warning CA1416: This call site is reachable on all platforms. 'WindowsIdentity.RunImpersonated(SafeAccessTokenHandle, Action)' is only supported on: 'windows'. (https://learn.microsoft.com/dotnet/fundamentals/code-analysis/quality-rules/ca1416) [C:\Users\ultra\warewolf\Dev\Dev2.Data\Dev2.Data.csproj]
C:\Users\ultra\warewolf\Dev\Dev2.Data\PathOperations\ValidateAuthorization.cs(73,33): warning CA1416: This call site is reachable on all platforms. 'WindowsIdentity' is only supported on: 'windows'. (https://learn.microsoft.com/dotnet/fundamentals/code-analysis/quality-rules/ca1416) [C:\Users\ultra\warewolf\Dev\Dev2.Data\Dev2.Data.csproj]
  Dev2.Data -> C:\Users\ultra\warewolf\Dev\Dev2.Data\bin\Debug\net8.0\Dev2.Data.dll
  Warewolf.Driver.Serilog -> C:\Users\ultra\warewolf\Dev\Warewolf.Driver.Serilog\bin\Debug\net8.0\Warewolf.Driver.Serilog.dll
  Dev2.Core -> C:\Users\ultra\warewolf\Dev\Dev2.Core\bin\Debug\net8.0\Dev2.Core.dll
  Dev2.Scheduler -> C:\Users\ultra\warewolf\Dev\Dev2.Scheduler\bin\Debug\net8.0\Dev2.Scheduler.dll
C:\Users\ultra\warewolf\Dev\Warewolf.Auditing\Audit.cs(189,26): warning CS8073: The result of the expression is always 'false' since a value of type 'DateTime' is never equal to 'null' of type 'DateTime?' [C:\Users\ultra\warewolf\Dev\Warewolf.Auditing\Warewolf.Auditing.csproj]
C:\Users\ultra\warewolf\Dev\Warewolf.Auditing\Drivers\AuditQueryableElastic.cs(360,33): warning CS0618: 'ElasticsearchClient.Search<TDocument>(SearchRequestDescriptor<TDocument>)' is obsolete: 'Synchronous methods are deprecated and could be removed in the future.' [C:\Users\ultra\warewolf\Dev\Warewolf.Auditing\Warewolf.Auditing.csproj]
C:\Users\ultra\warewolf\Dev\Warewolf.Auditing\Drivers\AuditQueryableElastic.cs(384,26): warning CS0618: 'ElasticsearchClient.Ping()' is obsolete: 'Synchronous methods are deprecated and could be removed in the future.' [C:\Users\ultra\warewolf\Dev\Warewolf.Auditing\Warewolf.Auditing.csproj]
C:\Users\ultra\warewolf\Dev\Warewolf.Core\InputsFromJson.cs(99,21): warning CC0105: Use 'var' instead of specifying the type name. (https://code-cracker.github.io/diagnostics/CC0105.html) [C:\Users\ultra\warewolf\Dev\Warewolf.Core\Warewolf.Core.csproj]
  Warewolf.Auditing -> C:\Users\ultra\warewolf\Dev\Warewolf.Auditing\bin\Debug\net8.0\Warewolf.Auditing.dll
  Warewolf.ResourceManagement -> C:\Users\ultra\warewolf\Dev\Warewolf.ResourceManagement\bin\Debug\net8.0\Warewolf.ResourceManagement.dll
  Warewolf.Core -> C:\Users\ultra\warewolf\Dev\Warewolf.Core\bin\Debug\net8.0\Warewolf.Core.dll
C:\Users\ultra\warewolf\Dev\Warewolf.Common.NetStandard20\Wrappers\WebClientWrapper.cs(26,26): warning SYSLIB0014: 'WebClient.WebClient()' is obsolete: 'WebRequest, HttpWebRequest, ServicePoint, and WebClient are obsolete. Use HttpClient instead.' (https://aka.ms/dotnet-warnings/SYSLIB0014) [C:\Users\ultra\warewolf\Dev\Warewolf.Common.NetStandard20\Warewolf.Common.NetStandard20.csproj]
C:\Users\ultra\warewolf\Dev\Warewolf.Common.NetStandard20\Wrappers\WebRequestWrapper.cs(26,24): warning SYSLIB0014: 'WebRequest.Create(string)' is obsolete: 'WebRequest, HttpWebRequest, ServicePoint, and WebClient are obsolete. Use HttpClient instead.' (https://aka.ms/dotnet-warnings/SYSLIB0014) [C:\Users\ultra\warewolf\Dev\Warewolf.Common.NetStandard20\Warewolf.Common.NetStandard20.csproj]
C:\Users\ultra\warewolf\Dev\Warewolf.Common.NetStandard20\Wrappers\WebClientWrapper.cs(31,26): warning SYSLIB0014: 'WebClient.WebClient()' is obsolete: 'WebRequest, HttpWebRequest, ServicePoint, and WebClient are obsolete. Use HttpClient instead.' (https://aka.ms/dotnet-warnings/SYSLIB0014) [C:\Users\ultra\warewolf\Dev\Warewolf.Common.NetStandard20\Warewolf.Common.NetStandard20.csproj]
  Warewolf.Exchange.Email.Wrapper -> C:\Users\ultra\warewolf\Dev\Warewolf.Exchange.Email.Wrapper\bin\Debug\net8.0\Warewolf.Exchange.Email.Wrapper.dll
  Warewolf.Common.NetStandard20 -> C:\Users\ultra\warewolf\Dev\Warewolf.Common.NetStandard20\bin\Debug\net8.0\Warewolf.Common.NetStandard20.dll
C:\Users\ultra\warewolf\Dev\Dev2.Runtime.Services\ServiceModel\ElasticsearchSources.cs(110,34): warning CS0618: 'ElasticsearchClient.Ping()' is obsolete: 'Synchronous methods are deprecated and could be removed in the future.' [C:\Users\ultra\warewolf\Dev\Dev2.Runtime.Services\Dev2.Runtime.Services.csproj]
C:\Users\ultra\warewolf\Dev\Dev2.Runtime.Services\ESB\Management\Services\FetchTestsAndTriggers.cs(45,17): warning CC0105: Use 'var' instead of specifying the type name. (https://code-cracker.github.io/diagnostics/CC0105.html) [C:\Users\ultra\warewolf\Dev\Dev2.Runtime.Services\Dev2.Runtime.Services.csproj]
C:\Users\ultra\warewolf\Dev\Dev2.Runtime.Services\UsageLogger.cs(66,33): warning CC0022: ManagementObjectSearcher should be disposed. (https://code-cracker.github.io/diagnostics/CC0022.html) [C:\Users\ultra\warewolf\Dev\Dev2.Runtime.Services\Dev2.Runtime.Services.csproj]
C:\Users\ultra\warewolf\Dev\Dev2.Runtime.Services\ServiceModel\WebSources.cs(532,7): warning CC0004: Empty Catch Block. (https://code-cracker.github.io/diagnostics/CC0004.html) [C:\Users\ultra\warewolf\Dev\Dev2.Runtime.Services\Dev2.Runtime.Services.csproj]
C:\Users\ultra\warewolf\Dev\Dev2.Runtime.Services\ServiceModel\WebSources.cs(751,38): warning CC0022: StringContent should be disposed. (https://code-cracker.github.io/diagnostics/CC0022.html) [C:\Users\ultra\warewolf\Dev\Dev2.Runtime.Services\Dev2.Runtime.Services.csproj]
C:\Users\ultra\warewolf\Dev\Dev2.Runtime.Services\ESB\Management\Services\ChatbotToolNormalizer.cs(80,17): warning CC0003: Consider adding an Exception to the catch. (https://code-cracker.github.io/diagnostics/CC0003.html) [C:\Users\ultra\warewolf\Dev\Dev2.Runtime.Services\Dev2.Runtime.Services.csproj]
C:\Users\ultra\warewolf\Dev\Dev2.Runtime.Services\ESB\Management\Services\ChatbotToolNormalizer.cs(101,21): warning CC0004: Empty Catch Block. (https://code-cracker.github.io/diagnostics/CC0004.html) [C:\Users\ultra\warewolf\Dev\Dev2.Runtime.Services\Dev2.Runtime.Services.csproj]
C:\Users\ultra\warewolf\Dev\Dev2.Runtime.Services\ESB\Management\Services\TestChatbotSource.cs(44,17): warning CC0105: Use 'var' instead of specifying the type name. (https://code-cracker.github.io/diagnostics/CC0105.html) [C:\Users\ultra\warewolf\Dev\Dev2.Runtime.Services\Dev2.Runtime.Services.csproj]
C:\Users\ultra\warewolf\Dev\Dev2.Runtime.Services\ESB\Management\Services\TestChatbotSource.cs(45,17): warning CC0105: Use 'var' instead of specifying the type name. (https://code-cracker.github.io/diagnostics/CC0105.html) [C:\Users\ultra\warewolf\Dev\Dev2.Runtime.Services\Dev2.Runtime.Services.csproj]
C:\Users\ultra\warewolf\Dev\Dev2.Runtime.Services\ESB\Management\Services\ChatbotToolNormalizer.cs(226,21): warning CC0105: Use 'var' instead of specifying the type name. (https://code-cracker.github.io/diagnostics/CC0105.html) [C:\Users\ultra\warewolf\Dev\Dev2.Runtime.Services\Dev2.Runtime.Services.csproj]
C:\Users\ultra\warewolf\Dev\Dev2.Runtime.Services\ESB\Management\Services\ChatbotToolNormalizer.cs(279,21): warning CC0105: Use 'var' instead of specifying the type name. (https://code-cracker.github.io/diagnostics/CC0105.html) [C:\Users\ultra\warewolf\Dev\Dev2.Runtime.Services\Dev2.Runtime.Services.csproj]
  Dev2.Runtime.Services -> C:\Users\ultra\warewolf\Dev\Dev2.Runtime.Services\bin\Debug\net8.0\Dev2.Runtime.Services.dll
C:\Users\ultra\warewolf\Dev\Warewolf.Driver.Persistence\Drivers\HangfireScheduler.cs(320,17): warning CA2200: Re-throwing caught exception changes stack information (https://learn.microsoft.com/dotnet/fundamentals/code-analysis/quality-rules/ca2200) [C:\Users\ultra\warewolf\Dev\Warewolf.Driver.Persistence\Warewolf.Driver.Persistence.csproj]
C:\Users\ultra\warewolf\Dev\Warewolf.Driver.Persistence\Drivers\HangfireScheduler.cs(397,17): warning CA2200: Re-throwing caught exception changes stack information (https://learn.microsoft.com/dotnet/fundamentals/code-analysis/quality-rules/ca2200) [C:\Users\ultra\warewolf\Dev\Warewolf.Driver.Persistence\Warewolf.Driver.Persistence.csproj]
C:\Users\ultra\warewolf\Dev\Warewolf.Driver.Persistence\Drivers\HangfireScheduler.cs(376,17): warning CA2200: Re-throwing caught exception changes stack information (https://learn.microsoft.com/dotnet/fundamentals/code-analysis/quality-rules/ca2200) [C:\Users\ultra\warewolf\Dev\Warewolf.Driver.Persistence\Warewolf.Driver.Persistence.csproj]
  Dev2.Studio.Interfaces -> C:\Users\ultra\warewolf\Dev\Dev2.Studio.Interfaces\bin\Debug\net8.0\Dev2.Studio.Interfaces.dll
  Warewolf.Driver.Persistence -> C:\Users\ultra\warewolf\Dev\Warewolf.Driver.Persistence\bin\Debug\net8.0\Warewolf.Driver.Persistence.dll
  Dev2.Services.Execution -> C:\Users\ultra\warewolf\Dev\Dev2.Services.Execution\bin\Debug\net8.0\Dev2.Services.Execution.dll
C:\Program Files\dotnet\sdk\10.0.201\Microsoft.Common.CurrentVersion.targets(2451,5): warning MSB3277: Found conflicts between different versions of "Microsoft.Win32.SystemEvents" that could not be resolved. [C:\Users\ultra\warewolf\Dev\Warewolf.Studio.Core\Warewolf.Studio.Core.csproj]
C:\Program Files\dotnet\sdk\10.0.201\Microsoft.Common.CurrentVersion.targets(2451,5): warning MSB3277: There was a conflict between "Microsoft.Win32.SystemEvents, Version=6.0.0.0, Culture=neutral, PublicKeyToken=cc7b13ffcd2ddd51" and "Microsoft.Win32.SystemEvents, Version=7.0.0.0, Culture=neutral, PublicKeyToken=cc7b13ffcd2ddd51". [C:\Users\ultra\warewolf\Dev\Warewolf.Studio.Core\Warewolf.Studio.Core.csproj]
C:\Program Files\dotnet\sdk\10.0.201\Microsoft.Common.CurrentVersion.targets(2451,5): warning MSB3277:     "Microsoft.Win32.SystemEvents, Version=6.0.0.0, Culture=neutral, PublicKeyToken=cc7b13ffcd2ddd51" was chosen because it was primary and "Microsoft.Win32.SystemEvents, Version=7.0.0.0, Culture=neutral, PublicKeyToken=cc7b13ffcd2ddd51" was not. [C:\Users\ultra\warewolf\Dev\Warewolf.Studio.Core\Warewolf.Studio.Core.csproj]
C:\Program Files\dotnet\sdk\10.0.201\Microsoft.Common.CurrentVersion.targets(2451,5): warning MSB3277:     References which depend on "Microsoft.Win32.SystemEvents, Version=6.0.0.0, Culture=neutral, PublicKeyToken=cc7b13ffcd2ddd51" [C:\Users\ultra\.nuget\packages\microsoft.win32.systemevents\6.0.0\lib\net6.0\Microsoft.Win32.SystemEvents.dll]. [C:\Users\ultra\warewolf\Dev\Warewolf.Studio.Core\Warewolf.Studio.Core.csproj]
C:\Program Files\dotnet\sdk\10.0.201\Microsoft.Common.CurrentVersion.targets(2451,5): warning MSB3277:         C:\Users\ultra\.nuget\packages\microsoft.win32.systemevents\6.0.0\lib\net6.0\Microsoft.Win32.SystemEvents.dll [C:\Users\ultra\warewolf\Dev\Warewolf.Studio.Core\Warewolf.Studio.Core.csproj]
C:\Program Files\dotnet\sdk\10.0.201\Microsoft.Common.CurrentVersion.targets(2451,5): warning MSB3277:           Project file item includes which caused reference "C:\Users\ultra\.nuget\packages\microsoft.win32.systemevents\6.0.0\lib\net6.0\Microsoft.Win32.SystemEvents.dll". [C:\Users\ultra\warewolf\Dev\Warewolf.Studio.Core\Warewolf.Studio.Core.csproj]
C:\Program Files\dotnet\sdk\10.0.201\Microsoft.Common.CurrentVersion.targets(2451,5): warning MSB3277:             C:\Users\ultra\.nuget\packages\microsoft.win32.systemevents\6.0.0\lib\net6.0\Microsoft.Win32.SystemEvents.dll [C:\Users\ultra\warewolf\Dev\Warewolf.Studio.Core\Warewolf.Studio.Core.csproj]
C:\Program Files\dotnet\sdk\10.0.201\Microsoft.Common.CurrentVersion.targets(2451,5): warning MSB3277:     References which depend on or have been unified to "Microsoft.Win32.SystemEvents, Version=7.0.0.0, Culture=neutral, PublicKeyToken=cc7b13ffcd2ddd51" []. [C:\Users\ultra\warewolf\Dev\Warewolf.Studio.Core\Warewolf.Studio.Core.csproj]
C:\Program Files\dotnet\sdk\10.0.201\Microsoft.Common.CurrentVersion.targets(2451,5): warning MSB3277:         C:\Users\ultra\warewolf\Dev\Dev2.Common\bin\Debug\net8.0\Dev2.Common.dll [C:\Users\ultra\warewolf\Dev\Warewolf.Studio.Core\Warewolf.Studio.Core.csproj]
C:\Program Files\dotnet\sdk\10.0.201\Microsoft.Common.CurrentVersion.targets(2451,5): warning MSB3277:           Project file item includes which caused reference "C:\Users\ultra\warewolf\Dev\Dev2.Common\bin\Debug\net8.0\Dev2.Common.dll". [C:\Users\ultra\warewolf\Dev\Warewolf.Studio.Core\Warewolf.Studio.Core.csproj]
C:\Program Files\dotnet\sdk\10.0.201\Microsoft.Common.CurrentVersion.targets(2451,5): warning MSB3277:             C:\Users\ultra\warewolf\Dev\Dev2.Common\bin\Debug\net8.0\Dev2.Common.dll [C:\Users\ultra\warewolf\Dev\Warewolf.Studio.Core\Warewolf.Studio.Core.csproj]
C:\Program Files\dotnet\sdk\10.0.201\Microsoft.Common.CurrentVersion.targets(2451,5): warning MSB3277:             C:\Users\ultra\warewolf\Dev\Dev2.Core\bin\Debug\net8.0\Dev2.Core.dll [C:\Users\ultra\warewolf\Dev\Warewolf.Studio.Core\Warewolf.Studio.Core.csproj]
C:\Program Files\dotnet\sdk\10.0.201\Microsoft.Common.CurrentVersion.targets(2451,5): warning MSB3277:             C:\Users\ultra\warewolf\Dev\Dev2.Infrastructure\bin\Debug\net8.0\Dev2.Infrastructure.dll [C:\Users\ultra\warewolf\Dev\Warewolf.Studio.Core\Warewolf.Studio.Core.csproj]
C:\Program Files\dotnet\sdk\10.0.201\Microsoft.Common.CurrentVersion.targets(2451,5): warning MSB3277:             C:\Users\ultra\warewolf\Dev\Dev2.Studio.Interfaces\bin\Debug\net8.0\Dev2.Studio.Interfaces.dll [C:\Users\ultra\warewolf\Dev\Warewolf.Studio.Core\Warewolf.Studio.Core.csproj]
C:\Program Files\dotnet\sdk\10.0.201\Microsoft.Common.CurrentVersion.targets(2451,5): warning MSB3277:             C:\Users\ultra\warewolf\Dev\Dev2.Data\bin\Debug\net8.0\Dev2.Data.dll [C:\Users\ultra\warewolf\Dev\Warewolf.Studio.Core\Warewolf.Studio.Core.csproj]
C:\Program Files\dotnet\sdk\10.0.201\Microsoft.Common.CurrentVersion.targets(2451,5): warning MSB3277:             C:\Users\ultra\warewolf\Dev\Dev2.Diagnostics\bin\Debug\net8.0\Dev2.Diagnostics.dll [C:\Users\ultra\warewolf\Dev\Warewolf.Studio.Core\Warewolf.Studio.Core.csproj]
C:\Program Files\dotnet\sdk\10.0.201\Microsoft.Common.CurrentVersion.targets(2451,5): warning MSB3277:             C:\Users\ultra\warewolf\Dev\Dev2.Runtime.Services\bin\Debug\net8.0\Dev2.Runtime.Services.dll [C:\Users\ultra\warewolf\Dev\Warewolf.Studio.Core\Warewolf.Studio.Core.csproj]
C:\Program Files\dotnet\sdk\10.0.201\Microsoft.Common.CurrentVersion.targets(2451,5): warning MSB3277:             C:\Users\ultra\warewolf\Dev\Dev2.Scheduler\bin\Debug\net8.0\Dev2.Scheduler.dll [C:\Users\ultra\warewolf\Dev\Warewolf.Studio.Core\Warewolf.Studio.Core.csproj]
C:\Program Files\dotnet\sdk\10.0.201\Microsoft.Common.CurrentVersion.targets(2451,5): warning MSB3277:             C:\Users\ultra\warewolf\Dev\Dev2.Services.Sql\bin\Debug\net8.0\Dev2.Services.Sql.dll [C:\Users\ultra\warewolf\Dev\Warewolf.Studio.Core\Warewolf.Studio.Core.csproj]
C:\Program Files\dotnet\sdk\10.0.201\Microsoft.Common.CurrentVersion.targets(2451,5): warning MSB3277:             C:\Users\ultra\warewolf\Dev\Dev2.TaskScheduler.Wrappers\bin\Debug\net8.0\Dev2.TaskScheduler.Wrappers.dll [C:\Users\ultra\warewolf\Dev\Warewolf.Studio.Core\Warewolf.Studio.Core.csproj]
C:\Program Files\dotnet\sdk\10.0.201\Microsoft.Common.CurrentVersion.targets(2451,5): warning MSB3277:             C:\Users\ultra\warewolf\Dev\Dev2.Util\bin\Debug\net8.0\Dev2.Util.dll [C:\Users\ultra\warewolf\Dev\Warewolf.Studio.Core\Warewolf.Studio.Core.csproj]
C:\Program Files\dotnet\sdk\10.0.201\Microsoft.Common.CurrentVersion.targets(2451,5): warning MSB3277:             C:\Users\ultra\warewolf\Dev\Warewolf.AI.Harness\bin\Debug\net8.0\Warewolf.AI.Harness.dll [C:\Users\ultra\warewolf\Dev\Warewolf.Studio.Core\Warewolf.Studio.Core.csproj]
C:\Program Files\dotnet\sdk\10.0.201\Microsoft.Common.CurrentVersion.targets(2451,5): warning MSB3277:             C:\Users\ultra\warewolf\Dev\Warewolf.Auditing\bin\Debug\net8.0\Warewolf.Auditing.dll [C:\Users\ultra\warewolf\Dev\Warewolf.Studio.Core\Warewolf.Studio.Core.csproj]
C:\Program Files\dotnet\sdk\10.0.201\Microsoft.Common.CurrentVersion.targets(2451,5): warning MSB3277:             C:\Users\ultra\warewolf\Dev\Warewolf.Common.NetStandard20\bin\Debug\net8.0\Warewolf.Common.NetStandard20.dll [C:\Users\ultra\warewolf\Dev\Warewolf.Studio.Core\Warewolf.Studio.Core.csproj]
C:\Program Files\dotnet\sdk\10.0.201\Microsoft.Common.CurrentVersion.targets(2451,5): warning MSB3277:             C:\Users\ultra\warewolf\Dev\Warewolf.Core\bin\Debug\net8.0\Warewolf.Core.dll [C:\Users\ultra\warewolf\Dev\Warewolf.Studio.Core\Warewolf.Studio.Core.csproj]
C:\Program Files\dotnet\sdk\10.0.201\Microsoft.Common.CurrentVersion.targets(2451,5): warning MSB3277:             C:\Users\ultra\warewolf\Dev\Warewolf.Driver.Serilog\bin\Debug\net8.0\Warewolf.Driver.Serilog.dll [C:\Users\ultra\warewolf\Dev\Warewolf.Studio.Core\Warewolf.Studio.Core.csproj]
C:\Program Files\dotnet\sdk\10.0.201\Microsoft.Common.CurrentVersion.targets(2451,5): warning MSB3277:             C:\Users\ultra\warewolf\Dev\Warewolf.ResourceManagement\bin\Debug\net8.0\Warewolf.ResourceManagement.dll [C:\Users\ultra\warewolf\Dev\Warewolf.Studio.Core\Warewolf.Studio.Core.csproj]
C:\Program Files\dotnet\sdk\10.0.201\Microsoft.Common.CurrentVersion.targets(2451,5): warning MSB3277:             C:\Users\ultra\warewolf\Dev\Warewolf.Sharepoint\bin\Debug\net8.0\Warewolf.Sharepoint.dll [C:\Users\ultra\warewolf\Dev\Warewolf.Studio.Core\Warewolf.Studio.Core.csproj]
C:\Program Files\dotnet\sdk\10.0.201\Microsoft.Common.CurrentVersion.targets(2451,5): warning MSB3277:             C:\Users\ultra\warewolf\Dev\Warewolf.Storage\bin\Debug\net8.0\Warewolf.Storage.dll [C:\Users\ultra\warewolf\Dev\Warewolf.Studio.Core\Warewolf.Studio.Core.csproj]
C:\Program Files\dotnet\sdk\10.0.201\Microsoft.Common.CurrentVersion.targets(2451,5): warning MSB3277:         C:\Users\ultra\warewolf\Dev\Binaries\Infragistcs_Net6\InfragisticsWPF4.v15.1.dll [C:\Users\ultra\warewolf\Dev\Warewolf.Studio.Core\Warewolf.Studio.Core.csproj]
C:\Program Files\dotnet\sdk\10.0.201\Microsoft.Common.CurrentVersion.targets(2451,5): warning MSB3277:           Project file item includes which caused reference "C:\Users\ultra\warewolf\Dev\Binaries\Infragistcs_Net6\InfragisticsWPF4.v15.1.dll". [C:\Users\ultra\warewolf\Dev\Warewolf.Studio.Core\Warewolf.Studio.Core.csproj]
C:\Program Files\dotnet\sdk\10.0.201\Microsoft.Common.CurrentVersion.targets(2451,5): warning MSB3277:             InfragisticsWPF4.v15.1, Version=15.1.20151.2055, Culture=neutral, PublicKeyToken=7dd5c3163f2cd0cb, processorArchitecture=MSIL [C:\Users\ultra\warewolf\Dev\Warewolf.Studio.Core\Warewolf.Studio.Core.csproj]
C:\Program Files\dotnet\sdk\10.0.201\Microsoft.Common.CurrentVersion.targets(2451,5): warning MSB3277:             InfragisticsWPF4.Controls.Menus.XamDataTree.v15.1, Version=15.1.20151.2055, Culture=neutral, PublicKeyToken=7dd5c3163f2cd0cb, processorArchitecture=MSIL [C:\Users\ultra\warewolf\Dev\Warewolf.Studio.Core\Warewolf.Studio.Core.csproj]
C:\Program Files\dotnet\sdk\10.0.201\Microsoft.Common.CurrentVersion.targets(2451,5): warning MSB3277:             InfragisticsWPF4.DataManager.v15.1, Version=15.1.20151.2055, Culture=neutral, PublicKeyToken=7dd5c3163f2cd0cb, processorArchitecture=MSIL [C:\Users\ultra\warewolf\Dev\Warewolf.Studio.Core\Warewolf.Studio.Core.csproj]
C:\Program Files\dotnet\sdk\10.0.201\Microsoft.Common.CurrentVersion.targets(2451,5): warning MSB3277:             InfragisticsWPF4.DockManager.v15.1, Version=15.1.20151.2055, Culture=neutral, PublicKeyToken=7dd5c3163f2cd0cb, processorArchitecture=MSIL [C:\Users\ultra\warewolf\Dev\Warewolf.Studio.Core\Warewolf.Studio.Core.csproj]
C:\Program Files\dotnet\sdk\10.0.201\Microsoft.Common.CurrentVersion.targets(2451,5): warning MSB3277:         C:\Users\ultra\.nuget\packages\timespan2\2.4.2\lib\netcoreapp3.1\TimeSpan2.dll [C:\Users\ultra\warewolf\Dev\Warewolf.Studio.Core\Warewolf.Studio.Core.csproj]
C:\Program Files\dotnet\sdk\10.0.201\Microsoft.Common.CurrentVersion.targets(2451,5): warning MSB3277:           Project file item includes which caused reference "C:\Users\ultra\.nuget\packages\timespan2\2.4.2\lib\netcoreapp3.1\TimeSpan2.dll". [C:\Users\ultra\warewolf\Dev\Warewolf.Studio.Core\Warewolf.Studio.Core.csproj]
C:\Program Files\dotnet\sdk\10.0.201\Microsoft.Common.CurrentVersion.targets(2451,5): warning MSB3277:             C:\Users\ultra\.nuget\packages\timespan2\2.4.2\lib\netcoreapp3.1\TimeSpan2.dll [C:\Users\ultra\warewolf\Dev\Warewolf.Studio.Core\Warewolf.Studio.Core.csproj]
C:\Program Files\dotnet\sdk\10.0.201\Microsoft.Common.CurrentVersion.targets(2451,5): warning MSB3277:             C:\Users\ultra\.nuget\packages\taskschedulereditor\2.10.1\lib\net452\Microsoft.Win32.TaskSchedulerEditor.dll [C:\Users\ultra\warewolf\Dev\Warewolf.Studio.Core\Warewolf.Studio.Core.csproj]
C:\Program Files\dotnet\sdk\10.0.201\Microsoft.Common.CurrentVersion.targets(2451,5): warning MSB3277:         C:\Program Files\dotnet\packs\Microsoft.NETCore.App.Ref\8.0.25\ref\net8.0\System.dll [C:\Users\ultra\warewolf\Dev\Warewolf.Studio.Core\Warewolf.Studio.Core.csproj]
C:\Program Files\dotnet\sdk\10.0.201\Microsoft.Common.CurrentVersion.targets(2451,5): warning MSB3277:           Project file item includes which caused reference "C:\Program Files\dotnet\packs\Microsoft.NETCore.App.Ref\8.0.25\ref\net8.0\System.dll". [C:\Users\ultra\warewolf\Dev\Warewolf.Studio.Core\Warewolf.Studio.Core.csproj]
C:\Program Files\dotnet\sdk\10.0.201\Microsoft.Common.CurrentVersion.targets(2451,5): warning MSB3277:             C:\Program Files\dotnet\packs\Microsoft.NETCore.App.Ref\8.0.25\ref/net8.0/System.dll [C:\Users\ultra\warewolf\Dev\Warewolf.Studio.Core\Warewolf.Studio.Core.csproj]
C:\Program Files\dotnet\sdk\10.0.201\Microsoft.Common.CurrentVersion.targets(2451,5): warning MSB3277:             C:\Users\ultra\.nuget\packages\aerowizard\2.3.1\lib\net45\AeroWizard.dll [C:\Users\ultra\warewolf\Dev\Warewolf.Studio.Core\Warewolf.Studio.Core.csproj]
C:\Program Files\dotnet\sdk\10.0.201\Microsoft.Common.CurrentVersion.targets(2451,5): warning MSB3277:             C:\Users\ultra\.nuget\packages\groupcontrols\1.9.0\lib\net45\GroupControls.dll [C:\Users\ultra\warewolf\Dev\Warewolf.Studio.Core\Warewolf.Studio.Core.csproj]
C:\Program Files\dotnet\sdk\10.0.201\Microsoft.Common.CurrentVersion.targets(2451,5): warning MSB3277:             C:\Users\ultra\.nuget\packages\microsoft.xaml.behaviors.wpf\1.1.122\lib\net462\Microsoft.Xaml.Behaviors.dll [C:\Users\ultra\warewolf\Dev\Warewolf.Studio.Core\Warewolf.Studio.Core.csproj]
C:\Program Files\dotnet\sdk\10.0.201\Microsoft.Common.CurrentVersion.targets(2451,5): warning MSB3277:             C:\Users\ultra\.nuget\packages\caliburn.micro\4.0.212\lib\netcoreapp3.1\Caliburn.Micro.Platform.dll [C:\Users\ultra\warewolf\Dev\Warewolf.Studio.Core\Warewolf.Studio.Core.csproj]
C:\Program Files\dotnet\sdk\10.0.201\Microsoft.Common.CurrentVersion.targets(2451,5): warning MSB3277:             C:\Users\ultra\.nuget\packages\prism.wpf\9.0.537\lib\net462\Prism.Wpf.dll [C:\Users\ultra\warewolf\Dev\Warewolf.Studio.Core\Warewolf.Studio.Core.csproj]
C:\Program Files\dotnet\sdk\10.0.201\Microsoft.Common.CurrentVersion.targets(2451,5): warning MSB3277:             C:\Users\ultra\.nuget\packages\reactiveui.wpf\18.4.1\lib\net462\ReactiveUI.Wpf.dll [C:\Users\ultra\warewolf\Dev\Warewolf.Studio.Core\Warewolf.Studio.Core.csproj]
C:\Program Files\dotnet\sdk\10.0.201\Microsoft.Common.CurrentVersion.targets(2451,5): warning MSB3277:             C:\Users\ultra\.nuget\packages\taskschedulereditor\2.10.1\lib\net452\Microsoft.Win32.TaskSchedulerEditor.dll [C:\Users\ultra\warewolf\Dev\Warewolf.Studio.Core\Warewolf.Studio.Core.csproj]
C:\Program Files\dotnet\sdk\10.0.201\Microsoft.Common.CurrentVersion.targets(2451,5): warning MSB3277:             C:\Users\ultra\.nuget\packages\ttcue.netcore.sharepointonline.csom.16.1.8029.1200\16.1.8029.1200\lib\netcoreapp2.0\Microsoft.SharePoint.Client.Runtime.Windows.dll [C:\Users\ultra\warewolf\Dev\Warewolf.Studio.Core\Warewolf.Studio.Core.csproj]
C:\Program Files\dotnet\sdk\10.0.201\Microsoft.Common.CurrentVersion.targets(2451,5): warning MSB3277: Found conflicts between different versions of "System.Security.Permissions" that could not be resolved. [C:\Users\ultra\warewolf\Dev\Warewolf.Studio.Core\Warewolf.Studio.Core.csproj]
C:\Program Files\dotnet\sdk\10.0.201\Microsoft.Common.CurrentVersion.targets(2451,5): warning MSB3277: There was a conflict between "System.Security.Permissions, Version=6.0.0.0, Culture=neutral, PublicKeyToken=cc7b13ffcd2ddd51" and "System.Security.Permissions, Version=7.0.0.0, Culture=neutral, PublicKeyToken=cc7b13ffcd2ddd51". [C:\Users\ultra\warewolf\Dev\Warewolf.Studio.Core\Warewolf.Studio.Core.csproj]
C:\Program Files\dotnet\sdk\10.0.201\Microsoft.Common.CurrentVersion.targets(2451,5): warning MSB3277:     "System.Security.Permissions, Version=6.0.0.0, Culture=neutral, PublicKeyToken=cc7b13ffcd2ddd51" was chosen because it was primary and "System.Security.Permissions, Version=7.0.0.0, Culture=neutral, PublicKeyToken=cc7b13ffcd2ddd51" was not. [C:\Users\ultra\warewolf\Dev\Warewolf.Studio.Core\Warewolf.Studio.Core.csproj]
C:\Program Files\dotnet\sdk\10.0.201\Microsoft.Common.CurrentVersion.targets(2451,5): warning MSB3277:     References which depend on "System.Security.Permissions, Version=6.0.0.0, Culture=neutral, PublicKeyToken=cc7b13ffcd2ddd51" [C:\Users\ultra\.nuget\packages\system.security.permissions\6.0.0\lib\net6.0\System.Security.Permissions.dll]. [C:\Users\ultra\warewolf\Dev\Warewolf.Studio.Core\Warewolf.Studio.Core.csproj]
C:\Program Files\dotnet\sdk\10.0.201\Microsoft.Common.CurrentVersion.targets(2451,5): warning MSB3277:         C:\Users\ultra\.nuget\packages\system.security.permissions\6.0.0\lib\net6.0\System.Security.Permissions.dll [C:\Users\ultra\warewolf\Dev\Warewolf.Studio.Core\Warewolf.Studio.Core.csproj]
C:\Program Files\dotnet\sdk\10.0.201\Microsoft.Common.CurrentVersion.targets(2451,5): warning MSB3277:           Project file item includes which caused reference "C:\Users\ultra\.nuget\packages\system.security.permissions\6.0.0\lib\net6.0\System.Security.Permissions.dll". [C:\Users\ultra\warewolf\Dev\Warewolf.Studio.Core\Warewolf.Studio.Core.csproj]
C:\Program Files\dotnet\sdk\10.0.201\Microsoft.Common.CurrentVersion.targets(2451,5): warning MSB3277:             C:\Users\ultra\.nuget\packages\system.security.permissions\6.0.0\lib\net6.0\System.Security.Permissions.dll [C:\Users\ultra\warewolf\Dev\Warewolf.Studio.Core\Warewolf.Studio.Core.csproj]
C:\Program Files\dotnet\sdk\10.0.201\Microsoft.Common.CurrentVersion.targets(2451,5): warning MSB3277:     References which depend on or have been unified to "System.Security.Permissions, Version=7.0.0.0, Culture=neutral, PublicKeyToken=cc7b13ffcd2ddd51" []. [C:\Users\ultra\warewolf\Dev\Warewolf.Studio.Core\Warewolf.Studio.Core.csproj]
C:\Program Files\dotnet\sdk\10.0.201\Microsoft.Common.CurrentVersion.targets(2451,5): warning MSB3277:         C:\Users\ultra\warewolf\Dev\Dev2.Data\bin\Debug\net8.0\Dev2.Data.dll [C:\Users\ultra\warewolf\Dev\Warewolf.Studio.Core\Warewolf.Studio.Core.csproj]
C:\Program Files\dotnet\sdk\10.0.201\Microsoft.Common.CurrentVersion.targets(2451,5): warning MSB3277:           Project file item includes which caused reference "C:\Users\ultra\warewolf\Dev\Dev2.Data\bin\Debug\net8.0\Dev2.Data.dll". [C:\Users\ultra\warewolf\Dev\Warewolf.Studio.Core\Warewolf.Studio.Core.csproj]
C:\Program Files\dotnet\sdk\10.0.201\Microsoft.Common.CurrentVersion.targets(2451,5): warning MSB3277:             C:\Users\ultra\warewolf\Dev\Dev2.Data\bin\Debug\net8.0\Dev2.Data.dll [C:\Users\ultra\warewolf\Dev\Warewolf.Studio.Core\Warewolf.Studio.Core.csproj]
C:\Program Files\dotnet\sdk\10.0.201\Microsoft.Common.CurrentVersion.targets(2451,5): warning MSB3277:             C:\Users\ultra\warewolf\Dev\Dev2.Core\bin\Debug\net8.0\Dev2.Core.dll [C:\Users\ultra\warewolf\Dev\Warewolf.Studio.Core\Warewolf.Studio.Core.csproj]
C:\Program Files\dotnet\sdk\10.0.201\Microsoft.Common.CurrentVersion.targets(2451,5): warning MSB3277:             C:\Users\ultra\warewolf\Dev\Dev2.Studio.Interfaces\bin\Debug\net8.0\Dev2.Studio.Interfaces.dll [C:\Users\ultra\warewolf\Dev\Warewolf.Studio.Core\Warewolf.Studio.Core.csproj]
C:\Program Files\dotnet\sdk\10.0.201\Microsoft.Common.CurrentVersion.targets(2451,5): warning MSB3277:             C:\Users\ultra\warewolf\Dev\Dev2.Runtime.Services\bin\Debug\net8.0\Dev2.Runtime.Services.dll [C:\Users\ultra\warewolf\Dev\Warewolf.Studio.Core\Warewolf.Studio.Core.csproj]
C:\Program Files\dotnet\sdk\10.0.201\Microsoft.Common.CurrentVersion.targets(2451,5): warning MSB3277:             C:\Users\ultra\warewolf\Dev\Dev2.Scheduler\bin\Debug\net8.0\Dev2.Scheduler.dll [C:\Users\ultra\warewolf\Dev\Warewolf.Studio.Core\Warewolf.Studio.Core.csproj]
C:\Program Files\dotnet\sdk\10.0.201\Microsoft.Common.CurrentVersion.targets(2451,5): warning MSB3277:             C:\Users\ultra\warewolf\Dev\Warewolf.Auditing\bin\Debug\net8.0\Warewolf.Auditing.dll [C:\Users\ultra\warewolf\Dev\Warewolf.Studio.Core\Warewolf.Studio.Core.csproj]
C:\Program Files\dotnet\sdk\10.0.201\Microsoft.Common.CurrentVersion.targets(2451,5): warning MSB3277:             C:\Users\ultra\warewolf\Dev\Warewolf.Common.NetStandard20\bin\Debug\net8.0\Warewolf.Common.NetStandard20.dll [C:\Users\ultra\warewolf\Dev\Warewolf.Studio.Core\Warewolf.Studio.Core.csproj]
C:\Program Files\dotnet\sdk\10.0.201\Microsoft.Common.CurrentVersion.targets(2451,5): warning MSB3277:             C:\Users\ultra\warewolf\Dev\Warewolf.Core\bin\Debug\net8.0\Warewolf.Core.dll [C:\Users\ultra\warewolf\Dev\Warewolf.Studio.Core\Warewolf.Studio.Core.csproj]
C:\Program Files\dotnet\sdk\10.0.201\Microsoft.Common.CurrentVersion.targets(2451,5): warning MSB3277:             C:\Users\ultra\warewolf\Dev\Warewolf.ResourceManagement\bin\Debug\net8.0\Warewolf.ResourceManagement.dll [C:\Users\ultra\warewolf\Dev\Warewolf.Studio.Core\Warewolf.Studio.Core.csproj]
C:\Program Files\dotnet\sdk\10.0.201\Microsoft.Common.CurrentVersion.targets(2451,5): warning MSB3277:         C:\Users\ultra\warewolf\Dev\Binaries\Infragistcs_Net6\InfragisticsWPF4.DockManager.v15.1.dll [C:\Users\ultra\warewolf\Dev\Warewolf.Studio.Core\Warewolf.Studio.Core.csproj]
C:\Program Files\dotnet\sdk\10.0.201\Microsoft.Common.CurrentVersion.targets(2451,5): warning MSB3277:           Project file item includes which caused reference "C:\Users\ultra\warewolf\Dev\Binaries\Infragistcs_Net6\InfragisticsWPF4.DockManager.v15.1.dll". [C:\Users\ultra\warewolf\Dev\Warewolf.Studio.Core\Warewolf.Studio.Core.csproj]
C:\Program Files\dotnet\sdk\10.0.201\Microsoft.Common.CurrentVersion.targets(2451,5): warning MSB3277:             InfragisticsWPF4.DockManager.v15.1, Version=15.1.20151.2055, Culture=neutral, PublicKeyToken=7dd5c3163f2cd0cb, processorArchitecture=MSIL [C:\Users\ultra\warewolf\Dev\Warewolf.Studio.Core\Warewolf.Studio.Core.csproj]
C:\Program Files\dotnet\sdk\10.0.201\Microsoft.Common.CurrentVersion.targets(2451,5): warning MSB3277:         C:\Users\ultra\warewolf\Dev\Binaries\Infragistcs_Net6\InfragisticsWPF4.v15.1.dll [C:\Users\ultra\warewolf\Dev\Warewolf.Studio.Core\Warewolf.Studio.Core.csproj]
C:\Program Files\dotnet\sdk\10.0.201\Microsoft.Common.CurrentVersion.targets(2451,5): warning MSB3277:           Project file item includes which caused reference "C:\Users\ultra\warewolf\Dev\Binaries\Infragistcs_Net6\InfragisticsWPF4.v15.1.dll". [C:\Users\ultra\warewolf\Dev\Warewolf.Studio.Core\Warewolf.Studio.Core.csproj]
C:\Program Files\dotnet\sdk\10.0.201\Microsoft.Common.CurrentVersion.targets(2451,5): warning MSB3277:             InfragisticsWPF4.v15.1, Version=15.1.20151.2055, Culture=neutral, PublicKeyToken=7dd5c3163f2cd0cb, processorArchitecture=MSIL [C:\Users\ultra\warewolf\Dev\Warewolf.Studio.Core\Warewolf.Studio.Core.csproj]
C:\Program Files\dotnet\sdk\10.0.201\Microsoft.Common.CurrentVersion.targets(2451,5): warning MSB3277:             InfragisticsWPF4.Controls.Menus.XamDataTree.v15.1, Version=15.1.20151.2055, Culture=neutral, PublicKeyToken=7dd5c3163f2cd0cb, processorArchitecture=MSIL [C:\Users\ultra\warewolf\Dev\Warewolf.Studio.Core\Warewolf.Studio.Core.csproj]
C:\Program Files\dotnet\sdk\10.0.201\Microsoft.Common.CurrentVersion.targets(2451,5): warning MSB3277:             InfragisticsWPF4.DataManager.v15.1, Version=15.1.20151.2055, Culture=neutral, PublicKeyToken=7dd5c3163f2cd0cb, processorArchitecture=MSIL [C:\Users\ultra\warewolf\Dev\Warewolf.Studio.Core\Warewolf.Studio.Core.csproj]
C:\Program Files\dotnet\sdk\10.0.201\Microsoft.Common.CurrentVersion.targets(2451,5): warning MSB3277:             InfragisticsWPF4.DockManager.v15.1, Version=15.1.20151.2055, Culture=neutral, PublicKeyToken=7dd5c3163f2cd0cb, processorArchitecture=MSIL [C:\Users\ultra\warewolf\Dev\Warewolf.Studio.Core\Warewolf.Studio.Core.csproj]
C:\Program Files\dotnet\sdk\10.0.201\Microsoft.Common.CurrentVersion.targets(2451,5): warning MSB3277:         C:\Users\ultra\.nuget\packages\dotnetzip\1.16.0\lib\netstandard2.0\DotNetZip.dll [C:\Users\ultra\warewolf\Dev\Warewolf.Studio.Core\Warewolf.Studio.Core.csproj]
C:\Program Files\dotnet\sdk\10.0.201\Microsoft.Common.CurrentVersion.targets(2451,5): warning MSB3277:           Project file item includes which caused reference "C:\Users\ultra\.nuget\packages\dotnetzip\1.16.0\lib\netstandard2.0\DotNetZip.dll". [C:\Users\ultra\warewolf\Dev\Warewolf.Studio.Core\Warewolf.Studio.Core.csproj]
C:\Program Files\dotnet\sdk\10.0.201\Microsoft.Common.CurrentVersion.targets(2451,5): warning MSB3277:             C:\Users\ultra\.nuget\packages\dotnetzip\1.16.0\lib\netstandard2.0\DotNetZip.dll [C:\Users\ultra\warewolf\Dev\Warewolf.Studio.Core\Warewolf.Studio.Core.csproj]
C:\Program Files\dotnet\sdk\10.0.201\Microsoft.Common.CurrentVersion.targets(2451,5): warning MSB3277:             C:\Users\ultra\warewolf\Dev\Dev2.Common\bin\Debug\net8.0\Dev2.Common.dll [C:\Users\ultra\warewolf\Dev\Warewolf.Studio.Core\Warewolf.Studio.Core.csproj]
C:\Program Files\dotnet\sdk\10.0.201\Microsoft.Common.CurrentVersion.targets(2451,5): warning MSB3277:             C:\Users\ultra\warewolf\Dev\Dev2.Core\bin\Debug\net8.0\Dev2.Core.dll [C:\Users\ultra\warewolf\Dev\Warewolf.Studio.Core\Warewolf.Studio.Core.csproj]
C:\Program Files\dotnet\sdk\10.0.201\Microsoft.Common.CurrentVersion.targets(2451,5): warning MSB3277:             C:\Users\ultra\warewolf\Dev\Dev2.Infrastructure\bin\Debug\net8.0\Dev2.Infrastructure.dll [C:\Users\ultra\warewolf\Dev\Warewolf.Studio.Core\Warewolf.Studio.Core.csproj]
C:\Program Files\dotnet\sdk\10.0.201\Microsoft.Common.CurrentVersion.targets(2451,5): warning MSB3277:             C:\Users\ultra\warewolf\Dev\Dev2.Studio.Interfaces\bin\Debug\net8.0\Dev2.Studio.Interfaces.dll [C:\Users\ultra\warewolf\Dev\Warewolf.Studio.Core\Warewolf.Studio.Core.csproj]
C:\Program Files\dotnet\sdk\10.0.201\Microsoft.Common.CurrentVersion.targets(2451,5): warning MSB3277:             C:\Users\ultra\warewolf\Dev\Dev2.Data\bin\Debug\net8.0\Dev2.Data.dll [C:\Users\ultra\warewolf\Dev\Warewolf.Studio.Core\Warewolf.Studio.Core.csproj]
C:\Program Files\dotnet\sdk\10.0.201\Microsoft.Common.CurrentVersion.targets(2451,5): warning MSB3277:             C:\Users\ultra\warewolf\Dev\Dev2.Data.Interfaces\bin\Debug\net8.0\Dev2.Data.Interfaces.dll [C:\Users\ultra\warewolf\Dev\Warewolf.Studio.Core\Warewolf.Studio.Core.csproj]
C:\Program Files\dotnet\sdk\10.0.201\Microsoft.Common.CurrentVersion.targets(2451,5): warning MSB3277:             C:\Users\ultra\warewolf\Dev\Dev2.Diagnostics\bin\Debug\net8.0\Dev2.Diagnostics.dll [C:\Users\ultra\warewolf\Dev\Warewolf.Studio.Core\Warewolf.Studio.Core.csproj]
C:\Program Files\dotnet\sdk\10.0.201\Microsoft.Common.CurrentVersion.targets(2451,5): warning MSB3277:             C:\Users\ultra\warewolf\Dev\Dev2.Runtime.Services\bin\Debug\net8.0\Dev2.Runtime.Services.dll [C:\Users\ultra\warewolf\Dev\Warewolf.Studio.Core\Warewolf.Studio.Core.csproj]
C:\Program Files\dotnet\sdk\10.0.201\Microsoft.Common.CurrentVersion.targets(2451,5): warning MSB3277:             C:\Users\ultra\warewolf\Dev\Dev2.Scheduler\bin\Debug\net8.0\Dev2.Scheduler.dll [C:\Users\ultra\warewolf\Dev\Warewolf.Studio.Core\Warewolf.Studio.Core.csproj]
C:\Program Files\dotnet\sdk\10.0.201\Microsoft.Common.CurrentVersion.targets(2451,5): warning MSB3277:             C:\Users\ultra\warewolf\Dev\Dev2.Services.Sql\bin\Debug\net8.0\Dev2.Services.Sql.dll [C:\Users\ultra\warewolf\Dev\Warewolf.Studio.Core\Warewolf.Studio.Core.csproj]
C:\Program Files\dotnet\sdk\10.0.201\Microsoft.Common.CurrentVersion.targets(2451,5): warning MSB3277:             C:\Users\ultra\warewolf\Dev\Dev2.TaskScheduler.Wrappers\bin\Debug\net8.0\Dev2.TaskScheduler.Wrappers.dll [C:\Users\ultra\warewolf\Dev\Warewolf.Studio.Core\Warewolf.Studio.Core.csproj]
C:\Program Files\dotnet\sdk\10.0.201\Microsoft.Common.CurrentVersion.targets(2451,5): warning MSB3277:             C:\Users\ultra\warewolf\Dev\Dev2.Util\bin\Debug\net8.0\Dev2.Util.dll [C:\Users\ultra\warewolf\Dev\Warewolf.Studio.Core\Warewolf.Studio.Core.csproj]
C:\Program Files\dotnet\sdk\10.0.201\Microsoft.Common.CurrentVersion.targets(2451,5): warning MSB3277:             C:\Users\ultra\warewolf\Dev\Warewolf.AI.Harness\bin\Debug\net8.0\Warewolf.AI.Harness.dll [C:\Users\ultra\warewolf\Dev\Warewolf.Studio.Core\Warewolf.Studio.Core.csproj]
C:\Program Files\dotnet\sdk\10.0.201\Microsoft.Common.CurrentVersion.targets(2451,5): warning MSB3277:             C:\Users\ultra\warewolf\Dev\Warewolf.Auditing\bin\Debug\net8.0\Warewolf.Auditing.dll [C:\Users\ultra\warewolf\Dev\Warewolf.Studio.Core\Warewolf.Studio.Core.csproj]
C:\Program Files\dotnet\sdk\10.0.201\Microsoft.Common.CurrentVersion.targets(2451,5): warning MSB3277:             C:\Users\ultra\warewolf\Dev\Warewolf.Common.NetStandard20\bin\Debug\net8.0\Warewolf.Common.NetStandard20.dll [C:\Users\ultra\warewolf\Dev\Warewolf.Studio.Core\Warewolf.Studio.Core.csproj]
C:\Program Files\dotnet\sdk\10.0.201\Microsoft.Common.CurrentVersion.targets(2451,5): warning MSB3277:             C:\Users\ultra\warewolf\Dev\Warewolf.Core\bin\Debug\net8.0\Warewolf.Core.dll [C:\Users\ultra\warewolf\Dev\Warewolf.Studio.Core\Warewolf.Studio.Core.csproj]
C:\Program Files\dotnet\sdk\10.0.201\Microsoft.Common.CurrentVersion.targets(2451,5): warning MSB3277:             C:\Users\ultra\warewolf\Dev\Warewolf.Driver.Serilog\bin\Debug\net8.0\Warewolf.Driver.Serilog.dll [C:\Users\ultra\warewolf\Dev\Warewolf.Studio.Core\Warewolf.Studio.Core.csproj]
C:\Program Files\dotnet\sdk\10.0.201\Microsoft.Common.CurrentVersion.targets(2451,5): warning MSB3277:             C:\Users\ultra\warewolf\Dev\Warewolf.ResourceManagement\bin\Debug\net8.0\Warewolf.ResourceManagement.dll [C:\Users\ultra\warewolf\Dev\Warewolf.Studio.Core\Warewolf.Studio.Core.csproj]
C:\Program Files\dotnet\sdk\10.0.201\Microsoft.Common.CurrentVersion.targets(2451,5): warning MSB3277:             C:\Users\ultra\warewolf\Dev\Warewolf.Sharepoint\bin\Debug\net8.0\Warewolf.Sharepoint.dll [C:\Users\ultra\warewolf\Dev\Warewolf.Studio.Core\Warewolf.Studio.Core.csproj]
C:\Program Files\dotnet\sdk\10.0.201\Microsoft.Common.CurrentVersion.targets(2451,5): warning MSB3277:             C:\Users\ultra\warewolf\Dev\Warewolf.Storage\bin\Debug\net8.0\Warewolf.Storage.dll [C:\Users\ultra\warewolf\Dev\Warewolf.Studio.Core\Warewolf.Studio.Core.csproj]
C:\Program Files\dotnet\sdk\10.0.201\Microsoft.Common.CurrentVersion.targets(2451,5): warning MSB3277:         C:\Users\ultra\.nuget\packages\mindbox.data.linq\5.0.0\lib\netstandard2.0\Mindbox.Data.Linq.dll [C:\Users\ultra\warewolf\Dev\Warewolf.Studio.Core\Warewolf.Studio.Core.csproj]
C:\Program Files\dotnet\sdk\10.0.201\Microsoft.Common.CurrentVersion.targets(2451,5): warning MSB3277:           Project file item includes which caused reference "C:\Users\ultra\.nuget\packages\mindbox.data.linq\5.0.0\lib\netstandard2.0\Mindbox.Data.Linq.dll". [C:\Users\ultra\warewolf\Dev\Warewolf.Studio.Core\Warewolf.Studio.Core.csproj]
C:\Program Files\dotnet\sdk\10.0.201\Microsoft.Common.CurrentVersion.targets(2451,5): warning MSB3277:             C:\Users\ultra\.nuget\packages\mindbox.data.linq\5.0.0\lib\netstandard2.0\Mindbox.Data.Linq.dll [C:\Users\ultra\warewolf\Dev\Warewolf.Studio.Core\Warewolf.Studio.Core.csproj]
C:\Program Files\dotnet\sdk\10.0.201\Microsoft.Common.CurrentVersion.targets(2451,5): warning MSB3277:             C:\Users\ultra\warewolf\Dev\Warewolf.Auditing\bin\Debug\net8.0\Warewolf.Auditing.dll [C:\Users\ultra\warewolf\Dev\Warewolf.Studio.Core\Warewolf.Studio.Core.csproj]
C:\Program Files\dotnet\sdk\10.0.201\Microsoft.Common.CurrentVersion.targets(2451,5): warning MSB3277:             C:\Users\ultra\warewolf\Dev\Dev2.Runtime.Services\bin\Debug\net8.0\Dev2.Runtime.Services.dll [C:\Users\ultra\warewolf\Dev\Warewolf.Studio.Core\Warewolf.Studio.Core.csproj]
C:\Program Files\dotnet\sdk\10.0.201\Microsoft.Common.CurrentVersion.targets(2451,5): warning MSB3277:             C:\Users\ultra\warewolf\Dev\Dev2.Studio.Interfaces\bin\Debug\net8.0\Dev2.Studio.Interfaces.dll [C:\Users\ultra\warewolf\Dev\Warewolf.Studio.Core\Warewolf.Studio.Core.csproj]
C:\Program Files\dotnet\sdk\10.0.201\Microsoft.Common.CurrentVersion.targets(2451,5): warning MSB3277:             C:\Users\ultra\warewolf\Dev\Warewolf.Common.NetStandard20\bin\Debug\net8.0\Warewolf.Common.NetStandard20.dll [C:\Users\ultra\warewolf\Dev\Warewolf.Studio.Core\Warewolf.Studio.Core.csproj]
C:\Program Files\dotnet\sdk\10.0.201\Microsoft.Common.CurrentVersion.targets(2451,5): warning MSB3277:         C:\Users\ultra\.nuget\packages\mysql.data\8.4.0\lib\net8.0\MySql.Data.dll [C:\Users\ultra\warewolf\Dev\Warewolf.Studio.Core\Warewolf.Studio.Core.csproj]
C:\Program Files\dotnet\sdk\10.0.201\Microsoft.Common.CurrentVersion.targets(2451,5): warning MSB3277:           Project file item includes which caused reference "C:\Users\ultra\.nuget\packages\mysql.data\8.4.0\lib\net8.0\MySql.Data.dll". [C:\Users\ultra\warewolf\Dev\Warewolf.Studio.Core\Warewolf.Studio.Core.csproj]
C:\Program Files\dotnet\sdk\10.0.201\Microsoft.Common.CurrentVersion.targets(2451,5): warning MSB3277:             C:\Users\ultra\.nuget\packages\mysql.data\8.4.0\lib\net8.0\MySql.Data.dll [C:\Users\ultra\warewolf\Dev\Warewolf.Studio.Core\Warewolf.Studio.Core.csproj]
C:\Program Files\dotnet\sdk\10.0.201\Microsoft.Common.CurrentVersion.targets(2451,5): warning MSB3277:             C:\Users\ultra\warewolf\Dev\Dev2.Runtime.Services\bin\Debug\net8.0\Dev2.Runtime.Services.dll [C:\Users\ultra\warewolf\Dev\Warewolf.Studio.Core\Warewolf.Studio.Core.csproj]
C:\Program Files\dotnet\sdk\10.0.201\Microsoft.Common.CurrentVersion.targets(2451,5): warning MSB3277:             C:\Users\ultra\warewolf\Dev\Dev2.Studio.Interfaces\bin\Debug\net8.0\Dev2.Studio.Interfaces.dll [C:\Users\ultra\warewolf\Dev\Warewolf.Studio.Core\Warewolf.Studio.Core.csproj]
C:\Program Files\dotnet\sdk\10.0.201\Microsoft.Common.CurrentVersion.targets(2451,5): warning MSB3277:             C:\Users\ultra\warewolf\Dev\Dev2.Services.Sql\bin\Debug\net8.0\Dev2.Services.Sql.dll [C:\Users\ultra\warewolf\Dev\Warewolf.Studio.Core\Warewolf.Studio.Core.csproj]
C:\Program Files\dotnet\sdk\10.0.201\Microsoft.Common.CurrentVersion.targets(2451,5): warning MSB3277:         C:\Users\ultra\.nuget\packages\oracle.manageddataaccess.core\3.21.70\lib\netstandard2.1\Oracle.ManagedDataAccess.dll [C:\Users\ultra\warewolf\Dev\Warewolf.Studio.Core\Warewolf.Studio.Core.csproj]
C:\Program Files\dotnet\sdk\10.0.201\Microsoft.Common.CurrentVersion.targets(2451,5): warning MSB3277:           Project file item includes which caused reference "C:\Users\ultra\.nuget\packages\oracle.manageddataaccess.core\3.21.70\lib\netstandard2.1\Oracle.ManagedDataAccess.dll". [C:\Users\ultra\warewolf\Dev\Warewolf.Studio.Core\Warewolf.Studio.Core.csproj]
C:\Program Files\dotnet\sdk\10.0.201\Microsoft.Common.CurrentVersion.targets(2451,5): warning MSB3277:             C:\Users\ultra\.nuget\packages\oracle.manageddataaccess.core\3.21.70\lib\netstandard2.1\Oracle.ManagedDataAccess.dll [C:\Users\ultra\warewolf\Dev\Warewolf.Studio.Core\Warewolf.Studio.Core.csproj]
C:\Program Files\dotnet\sdk\10.0.201\Microsoft.Common.CurrentVersion.targets(2451,5): warning MSB3277:             C:\Users\ultra\warewolf\Dev\Dev2.Runtime.Services\bin\Debug\net8.0\Dev2.Runtime.Services.dll [C:\Users\ultra\warewolf\Dev\Warewolf.Studio.Core\Warewolf.Studio.Core.csproj]
C:\Program Files\dotnet\sdk\10.0.201\Microsoft.Common.CurrentVersion.targets(2451,5): warning MSB3277:             C:\Users\ultra\warewolf\Dev\Dev2.Studio.Interfaces\bin\Debug\net8.0\Dev2.Studio.Interfaces.dll [C:\Users\ultra\warewolf\Dev\Warewolf.Studio.Core\Warewolf.Studio.Core.csproj]
C:\Program Files\dotnet\sdk\10.0.201\Microsoft.Common.CurrentVersion.targets(2451,5): warning MSB3277:             C:\Users\ultra\warewolf\Dev\Dev2.Services.Sql\bin\Debug\net8.0\Dev2.Services.Sql.dll [C:\Users\ultra\warewolf\Dev\Warewolf.Studio.Core\Warewolf.Studio.Core.csproj]
C:\Program Files\dotnet\sdk\10.0.201\Microsoft.Common.CurrentVersion.targets(2451,5): warning MSB3277:         C:\Users\ultra\.nuget\packages\system.directoryservices\6.0.0\lib\net6.0\System.DirectoryServices.dll [C:\Users\ultra\warewolf\Dev\Warewolf.Studio.Core\Warewolf.Studio.Core.csproj]
C:\Program Files\dotnet\sdk\10.0.201\Microsoft.Common.CurrentVersion.targets(2451,5): warning MSB3277:           Project file item includes which caused reference "C:\Users\ultra\.nuget\packages\system.directoryservices\6.0.0\lib\net6.0\System.DirectoryServices.dll". [C:\Users\ultra\warewolf\Dev\Warewolf.Studio.Core\Warewolf.Studio.Core.csproj]
C:\Program Files\dotnet\sdk\10.0.201\Microsoft.Common.CurrentVersion.targets(2451,5): warning MSB3277:             C:\Users\ultra\.nuget\packages\system.directoryservices\6.0.0\lib\net6.0\System.DirectoryServices.dll [C:\Users\ultra\warewolf\Dev\Warewolf.Studio.Core\Warewolf.Studio.Core.csproj]
C:\Program Files\dotnet\sdk\10.0.201\Microsoft.Common.CurrentVersion.targets(2451,5): warning MSB3277:             C:\Users\ultra\.nuget\packages\corewcf.primitives\1.2.1\lib\netstandard2.0\CoreWCF.Primitives.dll [C:\Users\ultra\warewolf\Dev\Warewolf.Studio.Core\Warewolf.Studio.Core.csproj]
C:\Program Files\dotnet\sdk\10.0.201\Microsoft.Common.CurrentVersion.targets(2451,5): warning MSB3277:             C:\Users\ultra\warewolf\Dev\Dev2.Runtime.Services\bin\Debug\net8.0\Dev2.Runtime.Services.dll [C:\Users\ultra\warewolf\Dev\Warewolf.Studio.Core\Warewolf.Studio.Core.csproj]
C:\Program Files\dotnet\sdk\10.0.201\Microsoft.Common.CurrentVersion.targets(2451,5): warning MSB3277:             C:\Users\ultra\warewolf\Dev\Dev2.Studio.Interfaces\bin\Debug\net8.0\Dev2.Studio.Interfaces.dll [C:\Users\ultra\warewolf\Dev\Warewolf.Studio.Core\Warewolf.Studio.Core.csproj]
C:\Program Files\dotnet\sdk\10.0.201\Microsoft.Common.CurrentVersion.targets(2451,5): warning MSB3277:             C:\Users\ultra\.nuget\packages\corewcf.http\1.2.1\lib\netstandard2.0\CoreWCF.Http.dll [C:\Users\ultra\warewolf\Dev\Warewolf.Studio.Core\Warewolf.Studio.Core.csproj]
C:\Program Files\dotnet\sdk\10.0.201\Microsoft.Common.CurrentVersion.targets(2451,5): warning MSB3277:             C:\Users\ultra\.nuget\packages\corewcf.nettcp\1.2.1\lib\netstandard2.0\CoreWCF.NetTcp.dll [C:\Users\ultra\warewolf\Dev\Warewolf.Studio.Core\Warewolf.Studio.Core.csproj]
C:\Program Files\dotnet\sdk\10.0.201\Microsoft.Common.CurrentVersion.targets(2451,5): warning MSB3277:             C:\Users\ultra\.nuget\packages\corewcf.webhttp\1.2.1\lib\netstandard2.0\CoreWCF.WebHttp.dll [C:\Users\ultra\warewolf\Dev\Warewolf.Studio.Core\Warewolf.Studio.Core.csproj]
C:\Program Files\dotnet\sdk\10.0.201\Microsoft.Common.CurrentVersion.targets(2451,5): warning MSB3277:         C:\Program Files\dotnet\packs\Microsoft.NETCore.App.Ref\8.0.25\ref\net8.0\System.Configuration.dll [C:\Users\ultra\warewolf\Dev\Warewolf.Studio.Core\Warewolf.Studio.Core.csproj]
C:\Program Files\dotnet\sdk\10.0.201\Microsoft.Common.CurrentVersion.targets(2451,5): warning MSB3277:           Project file item includes which caused reference "C:\Program Files\dotnet\packs\Microsoft.NETCore.App.Ref\8.0.25\ref\net8.0\System.Configuration.dll". [C:\Users\ultra\warewolf\Dev\Warewolf.Studio.Core\Warewolf.Studio.Core.csproj]
C:\Program Files\dotnet\sdk\10.0.201\Microsoft.Common.CurrentVersion.targets(2451,5): warning MSB3277:             C:\Program Files\dotnet\packs\Microsoft.NETCore.App.Ref\8.0.25\ref/net8.0/System.Configuration.dll [C:\Users\ultra\warewolf\Dev\Warewolf.Studio.Core\Warewolf.Studio.Core.csproj]
C:\Program Files\dotnet\sdk\10.0.201\Microsoft.Common.CurrentVersion.targets(2451,5): warning MSB3277:             C:\Users\ultra\.nuget\packages\prism.wpf\9.0.537\lib\net462\Prism.Wpf.dll [C:\Users\ultra\warewolf\Dev\Warewolf.Studio.Core\Warewolf.Studio.Core.csproj]
C:\Program Files\dotnet\sdk\10.0.201\Microsoft.Common.CurrentVersion.targets(2451,5): warning MSB3277:         C:\Program Files\dotnet\packs\Microsoft.NETCore.App.Ref\8.0.25\ref\net8.0\System.Data.dll [C:\Users\ultra\warewolf\Dev\Warewolf.Studio.Core\Warewolf.Studio.Core.csproj]
C:\Program Files\dotnet\sdk\10.0.201\Microsoft.Common.CurrentVersion.targets(2451,5): warning MSB3277:           Project file item includes which caused reference "C:\Program Files\dotnet\packs\Microsoft.NETCore.App.Ref\8.0.25\ref\net8.0\System.Data.dll". [C:\Users\ultra\warewolf\Dev\Warewolf.Studio.Core\Warewolf.Studio.Core.csproj]
C:\Program Files\dotnet\sdk\10.0.201\Microsoft.Common.CurrentVersion.targets(2451,5): warning MSB3277:             C:\Program Files\dotnet\packs\Microsoft.NETCore.App.Ref\8.0.25\ref/net8.0/System.Data.dll [C:\Users\ultra\warewolf\Dev\Warewolf.Studio.Core\Warewolf.Studio.Core.csproj]
C:\Program Files\dotnet\sdk\10.0.201\Microsoft.Common.CurrentVersion.targets(2451,5): warning MSB3277:             C:\Users\ultra\.nuget\packages\taskschedulereditor\2.10.1\lib\net452\Microsoft.Win32.TaskSchedulerEditor.dll [C:\Users\ultra\warewolf\Dev\Warewolf.Studio.Core\Warewolf.Studio.Core.csproj]
C:\Program Files\dotnet\sdk\10.0.201\Microsoft.Common.CurrentVersion.targets(2451,5): warning MSB3277:         C:\Program Files\dotnet\packs\Microsoft.NETCore.App.Ref\8.0.25\ref\net8.0\System.Drawing.dll [C:\Users\ultra\warewolf\Dev\Warewolf.Studio.Core\Warewolf.Studio.Core.csproj]
C:\Program Files\dotnet\sdk\10.0.201\Microsoft.Common.CurrentVersion.targets(2451,5): warning MSB3277:           Project file item includes which caused reference "C:\Program Files\dotnet\packs\Microsoft.NETCore.App.Ref\8.0.25\ref\net8.0\System.Drawing.dll". [C:\Users\ultra\warewolf\Dev\Warewolf.Studio.Core\Warewolf.Studio.Core.csproj]
C:\Program Files\dotnet\sdk\10.0.201\Microsoft.Common.CurrentVersion.targets(2451,5): warning MSB3277:             C:\Program Files\dotnet\packs\Microsoft.NETCore.App.Ref\8.0.25\ref/net8.0/System.Drawing.dll [C:\Users\ultra\warewolf\Dev\Warewolf.Studio.Core\Warewolf.Studio.Core.csproj]
C:\Program Files\dotnet\sdk\10.0.201\Microsoft.Common.CurrentVersion.targets(2451,5): warning MSB3277:             C:\Users\ultra\.nuget\packages\aerowizard\2.3.1\lib\net45\AeroWizard.dll [C:\Users\ultra\warewolf\Dev\Warewolf.Studio.Core\Warewolf.Studio.Core.csproj]
C:\Program Files\dotnet\sdk\10.0.201\Microsoft.Common.CurrentVersion.targets(2451,5): warning MSB3277:             C:\Users\ultra\.nuget\packages\groupcontrols\1.9.0\lib\net45\GroupControls.dll [C:\Users\ultra\warewolf\Dev\Warewolf.Studio.Core\Warewolf.Studio.Core.csproj]
C:\Program Files\dotnet\sdk\10.0.201\Microsoft.Common.CurrentVersion.targets(2451,5): warning MSB3277:             C:\Users\ultra\.nuget\packages\taskschedulereditor\2.10.1\lib\net452\Microsoft.Win32.TaskSchedulerEditor.dll [C:\Users\ultra\warewolf\Dev\Warewolf.Studio.Core\Warewolf.Studio.Core.csproj]
C:\Program Files\dotnet\sdk\10.0.201\Microsoft.Common.CurrentVersion.targets(2451,5): warning MSB3277:         C:\Program Files\dotnet\packs\Microsoft.NETCore.App.Ref\8.0.25\ref\net8.0\System.Net.dll [C:\Users\ultra\warewolf\Dev\Warewolf.Studio.Core\Warewolf.Studio.Core.csproj]
C:\Program Files\dotnet\sdk\10.0.201\Microsoft.Common.CurrentVersion.targets(2451,5): warning MSB3277:           Project file item includes which caused reference "C:\Program Files\dotnet\packs\Microsoft.NETCore.App.Ref\8.0.25\ref\net8.0\System.Net.dll". [C:\Users\ultra\warewolf\Dev\Warewolf.Studio.Core\Warewolf.Studio.Core.csproj]
C:\Program Files\dotnet\sdk\10.0.201\Microsoft.Common.CurrentVersion.targets(2451,5): warning MSB3277:             C:\Program Files\dotnet\packs\Microsoft.NETCore.App.Ref\8.0.25\ref/net8.0/System.Net.dll [C:\Users\ultra\warewolf\Dev\Warewolf.Studio.Core\Warewolf.Studio.Core.csproj]
C:\Program Files\dotnet\sdk\10.0.201\Microsoft.Common.CurrentVersion.targets(2451,5): warning MSB3277:         C:\Program Files\dotnet\packs\Microsoft.NETCore.App.Ref\8.0.25\ref\net8.0\System.Security.dll [C:\Users\ultra\warewolf\Dev\Warewolf.Studio.Core\Warewolf.Studio.Core.csproj]
C:\Program Files\dotnet\sdk\10.0.201\Microsoft.Common.CurrentVersion.targets(2451,5): warning MSB3277:           Project file item includes which caused reference "C:\Program Files\dotnet\packs\Microsoft.NETCore.App.Ref\8.0.25\ref\net8.0\System.Security.dll". [C:\Users\ultra\warewolf\Dev\Warewolf.Studio.Core\Warewolf.Studio.Core.csproj]
C:\Program Files\dotnet\sdk\10.0.201\Microsoft.Common.CurrentVersion.targets(2451,5): warning MSB3277:             C:\Program Files\dotnet\packs\Microsoft.NETCore.App.Ref\8.0.25\ref/net8.0/System.Security.dll [C:\Users\ultra\warewolf\Dev\Warewolf.Studio.Core\Warewolf.Studio.Core.csproj]
C:\Program Files\dotnet\sdk\10.0.201\Microsoft.Common.CurrentVersion.targets(2451,5): warning MSB3277:         C:\Program Files\dotnet\packs\Microsoft.NETCore.App.Ref\8.0.25\ref\net8.0\System.ServiceProcess.dll [C:\Users\ultra\warewolf\Dev\Warewolf.Studio.Core\Warewolf.Studio.Core.csproj]
C:\Program Files\dotnet\sdk\10.0.201\Microsoft.Common.CurrentVersion.targets(2451,5): warning MSB3277:           Project file item includes which caused reference "C:\Program Files\dotnet\packs\Microsoft.NETCore.App.Ref\8.0.25\ref\net8.0\System.ServiceProcess.dll". [C:\Users\ultra\warewolf\Dev\Warewolf.Studio.Core\Warewolf.Studio.Core.csproj]
C:\Program Files\dotnet\sdk\10.0.201\Microsoft.Common.CurrentVersion.targets(2451,5): warning MSB3277:             C:\Program Files\dotnet\packs\Microsoft.NETCore.App.Ref\8.0.25\ref/net8.0/System.ServiceProcess.dll [C:\Users\ultra\warewolf\Dev\Warewolf.Studio.Core\Warewolf.Studio.Core.csproj]
C:\Program Files\dotnet\sdk\10.0.201\Microsoft.Common.CurrentVersion.targets(2451,5): warning MSB3277:         C:\Program Files\dotnet\packs\Microsoft.NETCore.App.Ref\8.0.25\ref\net8.0\System.Transactions.dll [C:\Users\ultra\warewolf\Dev\Warewolf.Studio.Core\Warewolf.Studio.Core.csproj]
C:\Program Files\dotnet\sdk\10.0.201\Microsoft.Common.CurrentVersion.targets(2451,5): warning MSB3277:           Project file item includes which caused reference "C:\Program Files\dotnet\packs\Microsoft.NETCore.App.Ref\8.0.25\ref\net8.0\System.Transactions.dll". [C:\Users\ultra\warewolf\Dev\Warewolf.Studio.Core\Warewolf.Studio.Core.csproj]
C:\Program Files\dotnet\sdk\10.0.201\Microsoft.Common.CurrentVersion.targets(2451,5): warning MSB3277:             C:\Program Files\dotnet\packs\Microsoft.NETCore.App.Ref\8.0.25\ref/net8.0/System.Transactions.dll [C:\Users\ultra\warewolf\Dev\Warewolf.Studio.Core\Warewolf.Studio.Core.csproj]
C:\Program Files\dotnet\sdk\10.0.201\Microsoft.Common.CurrentVersion.targets(2451,5): warning MSB3277:         C:\Program Files\dotnet\packs\Microsoft.NETCore.App.Ref\8.0.25\ref\net8.0\System.dll [C:\Users\ultra\warewolf\Dev\Warewolf.Studio.Core\Warewolf.Studio.Core.csproj]
C:\Program Files\dotnet\sdk\10.0.201\Microsoft.Common.CurrentVersion.targets(2451,5): warning MSB3277:           Project file item includes which caused reference "C:\Program Files\dotnet\packs\Microsoft.NETCore.App.Ref\8.0.25\ref\net8.0\System.dll". [C:\Users\ultra\warewolf\Dev\Warewolf.Studio.Core\Warewolf.Studio.Core.csproj]
C:\Program Files\dotnet\sdk\10.0.201\Microsoft.Common.CurrentVersion.targets(2451,5): warning MSB3277:             C:\Program Files\dotnet\packs\Microsoft.NETCore.App.Ref\8.0.25\ref/net8.0/System.dll [C:\Users\ultra\warewolf\Dev\Warewolf.Studio.Core\Warewolf.Studio.Core.csproj]
C:\Program Files\dotnet\sdk\10.0.201\Microsoft.Common.CurrentVersion.targets(2451,5): warning MSB3277:             C:\Users\ultra\.nuget\packages\aerowizard\2.3.1\lib\net45\AeroWizard.dll [C:\Users\ultra\warewolf\Dev\Warewolf.Studio.Core\Warewolf.Studio.Core.csproj]
C:\Program Files\dotnet\sdk\10.0.201\Microsoft.Common.CurrentVersion.targets(2451,5): warning MSB3277:             C:\Users\ultra\.nuget\packages\groupcontrols\1.9.0\lib\net45\GroupControls.dll [C:\Users\ultra\warewolf\Dev\Warewolf.Studio.Core\Warewolf.Studio.Core.csproj]
C:\Program Files\dotnet\sdk\10.0.201\Microsoft.Common.CurrentVersion.targets(2451,5): warning MSB3277:             C:\Users\ultra\.nuget\packages\microsoft.xaml.behaviors.wpf\1.1.122\lib\net462\Microsoft.Xaml.Behaviors.dll [C:\Users\ultra\warewolf\Dev\Warewolf.Studio.Core\Warewolf.Studio.Core.csproj]
C:\Program Files\dotnet\sdk\10.0.201\Microsoft.Common.CurrentVersion.targets(2451,5): warning MSB3277:             C:\Users\ultra\.nuget\packages\caliburn.micro\4.0.212\lib\netcoreapp3.1\Caliburn.Micro.Platform.dll [C:\Users\ultra\warewolf\Dev\Warewolf.Studio.Core\Warewolf.Studio.Core.csproj]
C:\Program Files\dotnet\sdk\10.0.201\Microsoft.Common.CurrentVersion.targets(2451,5): warning MSB3277:             C:\Users\ultra\.nuget\packages\prism.wpf\9.0.537\lib\net462\Prism.Wpf.dll [C:\Users\ultra\warewolf\Dev\Warewolf.Studio.Core\Warewolf.Studio.Core.csproj]
C:\Program Files\dotnet\sdk\10.0.201\Microsoft.Common.CurrentVersion.targets(2451,5): warning MSB3277:             C:\Users\ultra\.nuget\packages\reactiveui.wpf\18.4.1\lib\net462\ReactiveUI.Wpf.dll [C:\Users\ultra\warewolf\Dev\Warewolf.Studio.Core\Warewolf.Studio.Core.csproj]
C:\Program Files\dotnet\sdk\10.0.201\Microsoft.Common.CurrentVersion.targets(2451,5): warning MSB3277:             C:\Users\ultra\.nuget\packages\taskschedulereditor\2.10.1\lib\net452\Microsoft.Win32.TaskSchedulerEditor.dll [C:\Users\ultra\warewolf\Dev\Warewolf.Studio.Core\Warewolf.Studio.Core.csproj]
C:\Program Files\dotnet\sdk\10.0.201\Microsoft.Common.CurrentVersion.targets(2451,5): warning MSB3277:             C:\Users\ultra\.nuget\packages\ttcue.netcore.sharepointonline.csom.16.1.8029.1200\16.1.8029.1200\lib\netcoreapp2.0\Microsoft.SharePoint.Client.Runtime.Windows.dll [C:\Users\ultra\warewolf\Dev\Warewolf.Studio.Core\Warewolf.Studio.Core.csproj]
C:\Program Files\dotnet\sdk\10.0.201\Microsoft.Common.CurrentVersion.targets(2451,5): warning MSB3277:         C:\Program Files\dotnet\packs\Microsoft.NETCore.App.Ref\8.0.25\ref\net8.0\WindowsBase.dll [C:\Users\ultra\warewolf\Dev\Warewolf.Studio.Core\Warewolf.Studio.Core.csproj]
C:\Program Files\dotnet\sdk\10.0.201\Microsoft.Common.CurrentVersion.targets(2451,5): warning MSB3277:           Project file item includes which caused reference "C:\Program Files\dotnet\packs\Microsoft.NETCore.App.Ref\8.0.25\ref\net8.0\WindowsBase.dll". [C:\Users\ultra\warewolf\Dev\Warewolf.Studio.Core\Warewolf.Studio.Core.csproj]
C:\Program Files\dotnet\sdk\10.0.201\Microsoft.Common.CurrentVersion.targets(2451,5): warning MSB3277:             C:\Program Files\dotnet\packs\Microsoft.NETCore.App.Ref\8.0.25\ref/net8.0/WindowsBase.dll [C:\Users\ultra\warewolf\Dev\Warewolf.Studio.Core\Warewolf.Studio.Core.csproj]
C:\Program Files\dotnet\sdk\10.0.201\Microsoft.Common.CurrentVersion.targets(2451,5): warning MSB3277:         C:\Program Files\dotnet\packs\Microsoft.NETCore.App.Ref\8.0.25\ref\net8.0\mscorlib.dll [C:\Users\ultra\warewolf\Dev\Warewolf.Studio.Core\Warewolf.Studio.Core.csproj]
C:\Program Files\dotnet\sdk\10.0.201\Microsoft.Common.CurrentVersion.targets(2451,5): warning MSB3277:           Project file item includes which caused reference "C:\Program Files\dotnet\packs\Microsoft.NETCore.App.Ref\8.0.25\ref\net8.0\mscorlib.dll". [C:\Users\ultra\warewolf\Dev\Warewolf.Studio.Core\Warewolf.Studio.Core.csproj]
C:\Program Files\dotnet\sdk\10.0.201\Microsoft.Common.CurrentVersion.targets(2451,5): warning MSB3277:             C:\Program Files\dotnet\packs\Microsoft.NETCore.App.Ref\8.0.25\ref/net8.0/mscorlib.dll [C:\Users\ultra\warewolf\Dev\Warewolf.Studio.Core\Warewolf.Studio.Core.csproj]
C:\Program Files\dotnet\sdk\10.0.201\Microsoft.Common.CurrentVersion.targets(2451,5): warning MSB3277:             C:\Users\ultra\.nuget\packages\aerowizard\2.3.1\lib\net45\AeroWizard.dll [C:\Users\ultra\warewolf\Dev\Warewolf.Studio.Core\Warewolf.Studio.Core.csproj]
C:\Program Files\dotnet\sdk\10.0.201\Microsoft.Common.CurrentVersion.targets(2451,5): warning MSB3277:             C:\Users\ultra\.nuget\packages\groupcontrols\1.9.0\lib\net45\GroupControls.dll [C:\Users\ultra\warewolf\Dev\Warewolf.Studio.Core\Warewolf.Studio.Core.csproj]
C:\Program Files\dotnet\sdk\10.0.201\Microsoft.Common.CurrentVersion.targets(2451,5): warning MSB3277:             C:\Users\ultra\.nuget\packages\microsoft.xaml.behaviors.wpf\1.1.122\lib\net462\Microsoft.Xaml.Behaviors.dll [C:\Users\ultra\warewolf\Dev\Warewolf.Studio.Core\Warewolf.Studio.Core.csproj]
C:\Program Files\dotnet\sdk\10.0.201\Microsoft.Common.CurrentVersion.targets(2451,5): warning MSB3277:             C:\Users\ultra\.nuget\packages\caliburn.micro\4.0.212\lib\netcoreapp3.1\Caliburn.Micro.Platform.dll [C:\Users\ultra\warewolf\Dev\Warewolf.Studio.Core\Warewolf.Studio.Core.csproj]
C:\Program Files\dotnet\sdk\10.0.201\Microsoft.Common.CurrentVersion.targets(2451,5): warning MSB3277:             C:\Users\ultra\.nuget\packages\oracle.manageddataaccess.core\3.21.70\lib\netstandard2.1\Oracle.ManagedDataAccess.dll [C:\Users\ultra\warewolf\Dev\Warewolf.Studio.Core\Warewolf.Studio.Core.csproj]
C:\Program Files\dotnet\sdk\10.0.201\Microsoft.Common.CurrentVersion.targets(2451,5): warning MSB3277:             C:\Users\ultra\warewolf\Dev\Dev2.Runtime.Services\bin\Debug\net8.0\Dev2.Runtime.Services.dll [C:\Users\ultra\warewolf\Dev\Warewolf.Studio.Core\Warewolf.Studio.Core.csproj]
C:\Program Files\dotnet\sdk\10.0.201\Microsoft.Common.CurrentVersion.targets(2451,5): warning MSB3277:             C:\Users\ultra\warewolf\Dev\Dev2.Studio.Interfaces\bin\Debug\net8.0\Dev2.Studio.Interfaces.dll [C:\Users\ultra\warewolf\Dev\Warewolf.Studio.Core\Warewolf.Studio.Core.csproj]
C:\Program Files\dotnet\sdk\10.0.201\Microsoft.Common.CurrentVersion.targets(2451,5): warning MSB3277:             C:\Users\ultra\warewolf\Dev\Dev2.Services.Sql\bin\Debug\net8.0\Dev2.Services.Sql.dll [C:\Users\ultra\warewolf\Dev\Warewolf.Studio.Core\Warewolf.Studio.Core.csproj]
C:\Program Files\dotnet\sdk\10.0.201\Microsoft.Common.CurrentVersion.targets(2451,5): warning MSB3277:             C:\Users\ultra\.nuget\packages\prism.wpf\9.0.537\lib\net462\Prism.Wpf.dll [C:\Users\ultra\warewolf\Dev\Warewolf.Studio.Core\Warewolf.Studio.Core.csproj]
C:\Program Files\dotnet\sdk\10.0.201\Microsoft.Common.CurrentVersion.targets(2451,5): warning MSB3277:             C:\Users\ultra\.nuget\packages\reactiveui.wpf\18.4.1\lib\net462\ReactiveUI.Wpf.dll [C:\Users\ultra\warewolf\Dev\Warewolf.Studio.Core\Warewolf.Studio.Core.csproj]
C:\Program Files\dotnet\sdk\10.0.201\Microsoft.Common.CurrentVersion.targets(2451,5): warning MSB3277:             C:\Users\ultra\.nuget\packages\taskschedulereditor\2.10.1\lib\net452\Microsoft.Win32.TaskSchedulerEditor.dll [C:\Users\ultra\warewolf\Dev\Warewolf.Studio.Core\Warewolf.Studio.Core.csproj]
C:\Program Files\dotnet\sdk\10.0.201\Microsoft.Common.CurrentVersion.targets(2451,5): warning MSB3277:             C:\Users\ultra\.nuget\packages\ttcue.netcore.sharepointonline.csom.16.1.8029.1200\16.1.8029.1200\lib\netcoreapp2.0\Microsoft.SharePoint.Client.Runtime.Windows.dll [C:\Users\ultra\warewolf\Dev\Warewolf.Studio.Core\Warewolf.Studio.Core.csproj]
C:\Program Files\dotnet\sdk\10.0.201\Microsoft.Common.CurrentVersion.targets(2451,5): warning MSB3277: Found conflicts between different versions of "WindowsBase" that could not be resolved. [C:\Users\ultra\warewolf\Dev\Warewolf.Studio.Core\Warewolf.Studio.Core.csproj]
C:\Program Files\dotnet\sdk\10.0.201\Microsoft.Common.CurrentVersion.targets(2451,5): warning MSB3277: There was a conflict between "WindowsBase, Version=4.0.0.0, Culture=neutral, PublicKeyToken=31bf3856ad364e35" and "WindowsBase, Version=6.0.2.0, Culture=neutral, PublicKeyToken=31bf3856ad364e35". [C:\Users\ultra\warewolf\Dev\Warewolf.Studio.Core\Warewolf.Studio.Core.csproj]
C:\Program Files\dotnet\sdk\10.0.201\Microsoft.Common.CurrentVersion.targets(2451,5): warning MSB3277:     "WindowsBase, Version=4.0.0.0, Culture=neutral, PublicKeyToken=31bf3856ad364e35" was chosen because it was primary and "WindowsBase, Version=6.0.2.0, Culture=neutral, PublicKeyToken=31bf3856ad364e35" was not. [C:\Users\ultra\warewolf\Dev\Warewolf.Studio.Core\Warewolf.Studio.Core.csproj]
C:\Program Files\dotnet\sdk\10.0.201\Microsoft.Common.CurrentVersion.targets(2451,5): warning MSB3277:     References which depend on "WindowsBase, Version=4.0.0.0, Culture=neutral, PublicKeyToken=31bf3856ad364e35" [C:\Program Files\dotnet\packs\Microsoft.NETCore.App.Ref\8.0.25\ref\net8.0\WindowsBase.dll]. [C:\Users\ultra\warewolf\Dev\Warewolf.Studio.Core\Warewolf.Studio.Core.csproj]
C:\Program Files\dotnet\sdk\10.0.201\Microsoft.Common.CurrentVersion.targets(2451,5): warning MSB3277:         C:\Program Files\dotnet\packs\Microsoft.NETCore.App.Ref\8.0.25\ref\net8.0\WindowsBase.dll [C:\Users\ultra\warewolf\Dev\Warewolf.Studio.Core\Warewolf.Studio.Core.csproj]
C:\Program Files\dotnet\sdk\10.0.201\Microsoft.Common.CurrentVersion.targets(2451,5): warning MSB3277:           Project file item includes which caused reference "C:\Program Files\dotnet\packs\Microsoft.NETCore.App.Ref\8.0.25\ref\net8.0\WindowsBase.dll". [C:\Users\ultra\warewolf\Dev\Warewolf.Studio.Core\Warewolf.Studio.Core.csproj]
C:\Program Files\dotnet\sdk\10.0.201\Microsoft.Common.CurrentVersion.targets(2451,5): warning MSB3277:             C:\Program Files\dotnet\packs\Microsoft.NETCore.App.Ref\8.0.25\ref/net8.0/WindowsBase.dll [C:\Users\ultra\warewolf\Dev\Warewolf.Studio.Core\Warewolf.Studio.Core.csproj]
C:\Program Files\dotnet\sdk\10.0.201\Microsoft.Common.CurrentVersion.targets(2451,5): warning MSB3277:     References which depend on or have been unified to "WindowsBase, Version=6.0.2.0, Culture=neutral, PublicKeyToken=31bf3856ad364e35" []. [C:\Users\ultra\warewolf\Dev\Warewolf.Studio.Core\Warewolf.Studio.Core.csproj]
C:\Program Files\dotnet\sdk\10.0.201\Microsoft.Common.CurrentVersion.targets(2451,5): warning MSB3277:         C:\Users\ultra\warewolf\Dev\Binaries\Infragistcs_Net6\InfragisticsWPF4.Controls.Menus.XamDataTree.v15.1.dll [C:\Users\ultra\warewolf\Dev\Warewolf.Studio.Core\Warewolf.Studio.Core.csproj]
C:\Program Files\dotnet\sdk\10.0.201\Microsoft.Common.CurrentVersion.targets(2451,5): warning MSB3277:           Project file item includes which caused reference "C:\Users\ultra\warewolf\Dev\Binaries\Infragistcs_Net6\InfragisticsWPF4.Controls.Menus.XamDataTree.v15.1.dll". [C:\Users\ultra\warewolf\Dev\Warewolf.Studio.Core\Warewolf.Studio.Core.csproj]
C:\Program Files\dotnet\sdk\10.0.201\Microsoft.Common.CurrentVersion.targets(2451,5): warning MSB3277:             InfragisticsWPF4.Controls.Menus.XamDataTree.v15.1, Version=15.1.20151.2055, Culture=neutral, PublicKeyToken=7dd5c3163f2cd0cb, processorArchitecture=MSIL [C:\Users\ultra\warewolf\Dev\Warewolf.Studio.Core\Warewolf.Studio.Core.csproj]
C:\Program Files\dotnet\sdk\10.0.201\Microsoft.Common.CurrentVersion.targets(2451,5): warning MSB3277:         C:\Users\ultra\warewolf\Dev\Binaries\Infragistcs_Net6\InfragisticsWPF4.DataManager.v15.1.dll [C:\Users\ultra\warewolf\Dev\Warewolf.Studio.Core\Warewolf.Studio.Core.csproj]
C:\Program Files\dotnet\sdk\10.0.201\Microsoft.Common.CurrentVersion.targets(2451,5): warning MSB3277:           Project file item includes which caused reference "C:\Users\ultra\warewolf\Dev\Binaries\Infragistcs_Net6\InfragisticsWPF4.DataManager.v15.1.dll". [C:\Users\ultra\warewolf\Dev\Warewolf.Studio.Core\Warewolf.Studio.Core.csproj]
C:\Program Files\dotnet\sdk\10.0.201\Microsoft.Common.CurrentVersion.targets(2451,5): warning MSB3277:             InfragisticsWPF4.DataManager.v15.1, Version=15.1.20151.2055, Culture=neutral, PublicKeyToken=7dd5c3163f2cd0cb, processorArchitecture=MSIL [C:\Users\ultra\warewolf\Dev\Warewolf.Studio.Core\Warewolf.Studio.Core.csproj]
C:\Program Files\dotnet\sdk\10.0.201\Microsoft.Common.CurrentVersion.targets(2451,5): warning MSB3277:             InfragisticsWPF4.Controls.Menus.XamDataTree.v15.1, Version=15.1.20151.2055, Culture=neutral, PublicKeyToken=7dd5c3163f2cd0cb, processorArchitecture=MSIL [C:\Users\ultra\warewolf\Dev\Warewolf.Studio.Core\Warewolf.Studio.Core.csproj]
C:\Program Files\dotnet\sdk\10.0.201\Microsoft.Common.CurrentVersion.targets(2451,5): warning MSB3277:         C:\Users\ultra\warewolf\Dev\Binaries\Infragistcs_Net6\InfragisticsWPF4.DockManager.v15.1.dll [C:\Users\ultra\warewolf\Dev\Warewolf.Studio.Core\Warewolf.Studio.Core.csproj]
C:\Program Files\dotnet\sdk\10.0.201\Microsoft.Common.CurrentVersion.targets(2451,5): warning MSB3277:           Project file item includes which caused reference "C:\Users\ultra\warewolf\Dev\Binaries\Infragistcs_Net6\InfragisticsWPF4.DockManager.v15.1.dll". [C:\Users\ultra\warewolf\Dev\Warewolf.Studio.Core\Warewolf.Studio.Core.csproj]
C:\Program Files\dotnet\sdk\10.0.201\Microsoft.Common.CurrentVersion.targets(2451,5): warning MSB3277:             InfragisticsWPF4.DockManager.v15.1, Version=15.1.20151.2055, Culture=neutral, PublicKeyToken=7dd5c3163f2cd0cb, processorArchitecture=MSIL [C:\Users\ultra\warewolf\Dev\Warewolf.Studio.Core\Warewolf.Studio.Core.csproj]
C:\Program Files\dotnet\sdk\10.0.201\Microsoft.Common.CurrentVersion.targets(2451,5): warning MSB3277:         C:\Users\ultra\warewolf\Dev\Binaries\Infragistcs_Net6\InfragisticsWPF4.v15.1.dll [C:\Users\ultra\warewolf\Dev\Warewolf.Studio.Core\Warewolf.Studio.Core.csproj]
C:\Program Files\dotnet\sdk\10.0.201\Microsoft.Common.CurrentVersion.targets(2451,5): warning MSB3277:           Project file item includes which caused reference "C:\Users\ultra\warewolf\Dev\Binaries\Infragistcs_Net6\InfragisticsWPF4.v15.1.dll". [C:\Users\ultra\warewolf\Dev\Warewolf.Studio.Core\Warewolf.Studio.Core.csproj]
C:\Program Files\dotnet\sdk\10.0.201\Microsoft.Common.CurrentVersion.targets(2451,5): warning MSB3277:             InfragisticsWPF4.v15.1, Version=15.1.20151.2055, Culture=neutral, PublicKeyToken=7dd5c3163f2cd0cb, processorArchitecture=MSIL [C:\Users\ultra\warewolf\Dev\Warewolf.Studio.Core\Warewolf.Studio.Core.csproj]
C:\Program Files\dotnet\sdk\10.0.201\Microsoft.Common.CurrentVersion.targets(2451,5): warning MSB3277:             InfragisticsWPF4.Controls.Menus.XamDataTree.v15.1, Version=15.1.20151.2055, Culture=neutral, PublicKeyToken=7dd5c3163f2cd0cb, processorArchitecture=MSIL [C:\Users\ultra\warewolf\Dev\Warewolf.Studio.Core\Warewolf.Studio.Core.csproj]
C:\Program Files\dotnet\sdk\10.0.201\Microsoft.Common.CurrentVersion.targets(2451,5): warning MSB3277:             InfragisticsWPF4.DataManager.v15.1, Version=15.1.20151.2055, Culture=neutral, PublicKeyToken=7dd5c3163f2cd0cb, processorArchitecture=MSIL [C:\Users\ultra\warewolf\Dev\Warewolf.Studio.Core\Warewolf.Studio.Core.csproj]
C:\Program Files\dotnet\sdk\10.0.201\Microsoft.Common.CurrentVersion.targets(2451,5): warning MSB3277:             InfragisticsWPF4.DockManager.v15.1, Version=15.1.20151.2055, Culture=neutral, PublicKeyToken=7dd5c3163f2cd0cb, processorArchitecture=MSIL [C:\Users\ultra\warewolf\Dev\Warewolf.Studio.Core\Warewolf.Studio.Core.csproj]
C:\Program Files\dotnet\sdk\10.0.201\Microsoft.Common.CurrentVersion.targets(2451,5): warning MSB3277:         C:\Users\ultra\.nuget\packages\caliburn.micro\4.0.212\lib\netcoreapp3.1\Caliburn.Micro.Platform.dll [C:\Users\ultra\warewolf\Dev\Warewolf.Studio.Core\Warewolf.Studio.Core.csproj]
C:\Program Files\dotnet\sdk\10.0.201\Microsoft.Common.CurrentVersion.targets(2451,5): warning MSB3277:           Project file item includes which caused reference "C:\Users\ultra\.nuget\packages\caliburn.micro\4.0.212\lib\netcoreapp3.1\Caliburn.Micro.Platform.dll". [C:\Users\ultra\warewolf\Dev\Warewolf.Studio.Core\Warewolf.Studio.Core.csproj]
C:\Program Files\dotnet\sdk\10.0.201\Microsoft.Common.CurrentVersion.targets(2451,5): warning MSB3277:             C:\Users\ultra\.nuget\packages\caliburn.micro\4.0.212\lib\netcoreapp3.1\Caliburn.Micro.Platform.dll [C:\Users\ultra\warewolf\Dev\Warewolf.Studio.Core\Warewolf.Studio.Core.csproj]
C:\Program Files\dotnet\sdk\10.0.201\Microsoft.Common.CurrentVersion.targets(2451,5): warning MSB3277:         C:\Users\ultra\.nuget\packages\microsoft.xaml.behaviors.wpf\1.1.122\lib\net462\Microsoft.Xaml.Behaviors.dll [C:\Users\ultra\warewolf\Dev\Warewolf.Studio.Core\Warewolf.Studio.Core.csproj]
C:\Program Files\dotnet\sdk\10.0.201\Microsoft.Common.CurrentVersion.targets(2451,5): warning MSB3277:           Project file item includes which caused reference "C:\Users\ultra\.nuget\packages\microsoft.xaml.behaviors.wpf\1.1.122\lib\net462\Microsoft.Xaml.Behaviors.dll". [C:\Users\ultra\warewolf\Dev\Warewolf.Studio.Core\Warewolf.Studio.Core.csproj]
C:\Program Files\dotnet\sdk\10.0.201\Microsoft.Common.CurrentVersion.targets(2451,5): warning MSB3277:             C:\Users\ultra\.nuget\packages\microsoft.xaml.behaviors.wpf\1.1.122\lib\net462\Microsoft.Xaml.Behaviors.dll [C:\Users\ultra\warewolf\Dev\Warewolf.Studio.Core\Warewolf.Studio.Core.csproj]
C:\Program Files\dotnet\sdk\10.0.201\Microsoft.Common.CurrentVersion.targets(2451,5): warning MSB3277:             C:\Users\ultra\.nuget\packages\caliburn.micro\4.0.212\lib\netcoreapp3.1\Caliburn.Micro.Platform.dll [C:\Users\ultra\warewolf\Dev\Warewolf.Studio.Core\Warewolf.Studio.Core.csproj]
C:\Program Files\dotnet\sdk\10.0.201\Microsoft.Common.CurrentVersion.targets(2451,5): warning MSB3277:             C:\Users\ultra\.nuget\packages\prism.wpf\9.0.537\lib\net462\Prism.Wpf.dll [C:\Users\ultra\warewolf\Dev\Warewolf.Studio.Core\Warewolf.Studio.Core.csproj]
C:\Program Files\dotnet\sdk\10.0.201\Microsoft.Common.CurrentVersion.targets(2451,5): warning MSB3277:         C:\Users\ultra\.nuget\packages\prism.wpf\9.0.537\lib\net462\Prism.Wpf.dll [C:\Users\ultra\warewolf\Dev\Warewolf.Studio.Core\Warewolf.Studio.Core.csproj]
C:\Program Files\dotnet\sdk\10.0.201\Microsoft.Common.CurrentVersion.targets(2451,5): warning MSB3277:           Project file item includes which caused reference "C:\Users\ultra\.nuget\packages\prism.wpf\9.0.537\lib\net462\Prism.Wpf.dll". [C:\Users\ultra\warewolf\Dev\Warewolf.Studio.Core\Warewolf.Studio.Core.csproj]
C:\Program Files\dotnet\sdk\10.0.201\Microsoft.Common.CurrentVersion.targets(2451,5): warning MSB3277:             C:\Users\ultra\.nuget\packages\prism.wpf\9.0.537\lib\net462\Prism.Wpf.dll [C:\Users\ultra\warewolf\Dev\Warewolf.Studio.Core\Warewolf.Studio.Core.csproj]
C:\Program Files\dotnet\sdk\10.0.201\Microsoft.Common.CurrentVersion.targets(2451,5): warning MSB3277:         C:\Users\ultra\.nuget\packages\reactiveui.wpf\18.4.1\lib\net462\ReactiveUI.Wpf.dll [C:\Users\ultra\warewolf\Dev\Warewolf.Studio.Core\Warewolf.Studio.Core.csproj]
C:\Program Files\dotnet\sdk\10.0.201\Microsoft.Common.CurrentVersion.targets(2451,5): warning MSB3277:           Project file item includes which caused reference "C:\Users\ultra\.nuget\packages\reactiveui.wpf\18.4.1\lib\net462\ReactiveUI.Wpf.dll". [C:\Users\ultra\warewolf\Dev\Warewolf.Studio.Core\Warewolf.Studio.Core.csproj]
C:\Program Files\dotnet\sdk\10.0.201\Microsoft.Common.CurrentVersion.targets(2451,5): warning MSB3277:             C:\Users\ultra\.nuget\packages\reactiveui.wpf\18.4.1\lib\net462\ReactiveUI.Wpf.dll [C:\Users\ultra\warewolf\Dev\Warewolf.Studio.Core\Warewolf.Studio.Core.csproj]
C:\Program Files\dotnet\sdk\10.0.201\Microsoft.Common.CurrentVersion.targets(2451,5): warning MSB3277:         C:\Users\ultra\warewolf\Dev\Binaries\Infragistcs_Net6\InfragisticsWPF4.DragDrop.v15.1.dll [C:\Users\ultra\warewolf\Dev\Warewolf.Studio.Core\Warewolf.Studio.Core.csproj]
C:\Program Files\dotnet\sdk\10.0.201\Microsoft.Common.CurrentVersion.targets(2451,5): warning MSB3277:           Project file item includes which caused reference "C:\Users\ultra\warewolf\Dev\Binaries\Infragistcs_Net6\InfragisticsWPF4.DragDrop.v15.1.dll". [C:\Users\ultra\warewolf\Dev\Warewolf.Studio.Core\Warewolf.Studio.Core.csproj]
C:\Program Files\dotnet\sdk\10.0.201\Microsoft.Common.CurrentVersion.targets(2451,5): warning MSB3277:             InfragisticsWPF4.Controls.Menus.XamDataTree.v15.1, Version=15.1.20151.2055, Culture=neutral, PublicKeyToken=7dd5c3163f2cd0cb, processorArchitecture=MSIL [C:\Users\ultra\warewolf\Dev\Warewolf.Studio.Core\Warewolf.Studio.Core.csproj]
  Warewolf.Testing -> C:\Users\ultra\warewolf\Dev\Warewolf.Testing\bin\Debug\net8.0\Warewolf.Testing.dll
C:\Program Files\dotnet\sdk\10.0.201\Microsoft.Common.CurrentVersion.targets(2451,5): warning MSB3245: Could not resolve this reference. Could not locate the assembly "System.ServiceModel.Activities". Check to make sure the assembly exists on disk. If this reference is required by your code, you may get compilation errors. [C:\Users\ultra\warewolf\Dev\Dev2.Activities\Dev2.Activities.csproj]
  Warewolf.Studio.Core -> C:\Users\ultra\warewolf\Dev\Warewolf.Studio.Core\bin\Debug\net8.0\Warewolf.Studio.Core.dll
C:\Program Files\dotnet\sdk\10.0.201\Microsoft.Common.CurrentVersion.targets(2451,5): warning MSB3277: Found conflicts between different versions of "WindowsBase" that could not be resolved. [C:\Users\ultra\warewolf\Dev\Dev2.Activities\Dev2.Activities.csproj]
C:\Program Files\dotnet\sdk\10.0.201\Microsoft.Common.CurrentVersion.targets(2451,5): warning MSB3277: There was a conflict between "WindowsBase, Version=4.0.0.0, Culture=neutral, PublicKeyToken=31bf3856ad364e35" and "WindowsBase, Version=6.0.2.0, Culture=neutral, PublicKeyToken=31bf3856ad364e35". [C:\Users\ultra\warewolf\Dev\Dev2.Activities\Dev2.Activities.csproj]
C:\Program Files\dotnet\sdk\10.0.201\Microsoft.Common.CurrentVersion.targets(2451,5): warning MSB3277:     "WindowsBase, Version=4.0.0.0, Culture=neutral, PublicKeyToken=31bf3856ad364e35" was chosen because it was primary and "WindowsBase, Version=6.0.2.0, Culture=neutral, PublicKeyToken=31bf3856ad364e35" was not. [C:\Users\ultra\warewolf\Dev\Dev2.Activities\Dev2.Activities.csproj]
C:\Program Files\dotnet\sdk\10.0.201\Microsoft.Common.CurrentVersion.targets(2451,5): warning MSB3277:     References which depend on "WindowsBase, Version=4.0.0.0, Culture=neutral, PublicKeyToken=31bf3856ad364e35" [C:\Program Files\dotnet\packs\Microsoft.NETCore.App.Ref\8.0.25\ref\net8.0\WindowsBase.dll]. [C:\Users\ultra\warewolf\Dev\Dev2.Activities\Dev2.Activities.csproj]
C:\Program Files\dotnet\sdk\10.0.201\Microsoft.Common.CurrentVersion.targets(2451,5): warning MSB3277:         C:\Program Files\dotnet\packs\Microsoft.NETCore.App.Ref\8.0.25\ref\net8.0\WindowsBase.dll [C:\Users\ultra\warewolf\Dev\Dev2.Activities\Dev2.Activities.csproj]
C:\Program Files\dotnet\sdk\10.0.201\Microsoft.Common.CurrentVersion.targets(2451,5): warning MSB3277:           Project file item includes which caused reference "C:\Program Files\dotnet\packs\Microsoft.NETCore.App.Ref\8.0.25\ref\net8.0\WindowsBase.dll". [C:\Users\ultra\warewolf\Dev\Dev2.Activities\Dev2.Activities.csproj]
C:\Program Files\dotnet\sdk\10.0.201\Microsoft.Common.CurrentVersion.targets(2451,5): warning MSB3277:             C:\Program Files\dotnet\packs\Microsoft.NETCore.App.Ref\8.0.25\ref/net8.0/WindowsBase.dll [C:\Users\ultra\warewolf\Dev\Dev2.Activities\Dev2.Activities.csproj]
C:\Program Files\dotnet\sdk\10.0.201\Microsoft.Common.CurrentVersion.targets(2451,5): warning MSB3277:     References which depend on or have been unified to "WindowsBase, Version=6.0.2.0, Culture=neutral, PublicKeyToken=31bf3856ad364e35" []. [C:\Users\ultra\warewolf\Dev\Dev2.Activities\Dev2.Activities.csproj]
C:\Program Files\dotnet\sdk\10.0.201\Microsoft.Common.CurrentVersion.targets(2451,5): warning MSB3277:         C:\Users\ultra\.nuget\packages\caliburn.micro\4.0.212\lib\netcoreapp3.1\Caliburn.Micro.Platform.dll [C:\Users\ultra\warewolf\Dev\Dev2.Activities\Dev2.Activities.csproj]
C:\Program Files\dotnet\sdk\10.0.201\Microsoft.Common.CurrentVersion.targets(2451,5): warning MSB3277:           Project file item includes which caused reference "C:\Users\ultra\.nuget\packages\caliburn.micro\4.0.212\lib\netcoreapp3.1\Caliburn.Micro.Platform.dll". [C:\Users\ultra\warewolf\Dev\Dev2.Activities\Dev2.Activities.csproj]
C:\Program Files\dotnet\sdk\10.0.201\Microsoft.Common.CurrentVersion.targets(2451,5): warning MSB3277:             C:\Users\ultra\.nuget\packages\caliburn.micro\4.0.212\lib\netcoreapp3.1\Caliburn.Micro.Platform.dll [C:\Users\ultra\warewolf\Dev\Dev2.Activities\Dev2.Activities.csproj]
C:\Program Files\dotnet\sdk\10.0.201\Microsoft.Common.CurrentVersion.targets(2451,5): warning MSB3277:         C:\Users\ultra\.nuget\packages\ironpython\3.4.0\lib\net6.0\IronPython.Wpf.dll [C:\Users\ultra\warewolf\Dev\Dev2.Activities\Dev2.Activities.csproj]
C:\Program Files\dotnet\sdk\10.0.201\Microsoft.Common.CurrentVersion.targets(2451,5): warning MSB3277:           Project file item includes which caused reference "C:\Users\ultra\.nuget\packages\ironpython\3.4.0\lib\net6.0\IronPython.Wpf.dll". [C:\Users\ultra\warewolf\Dev\Dev2.Activities\Dev2.Activities.csproj]
C:\Program Files\dotnet\sdk\10.0.201\Microsoft.Common.CurrentVersion.targets(2451,5): warning MSB3277:             C:\Users\ultra\.nuget\packages\ironpython\3.4.0\lib\net6.0\IronPython.Wpf.dll [C:\Users\ultra\warewolf\Dev\Dev2.Activities\Dev2.Activities.csproj]
C:\Program Files\dotnet\sdk\10.0.201\Microsoft.Common.CurrentVersion.targets(2451,5): warning MSB3277:         C:\Users\ultra\.nuget\packages\microsoft.xaml.behaviors.wpf\1.1.19\lib\netcoreapp3.0\Microsoft.Xaml.Behaviors.dll [C:\Users\ultra\warewolf\Dev\Dev2.Activities\Dev2.Activities.csproj]
C:\Program Files\dotnet\sdk\10.0.201\Microsoft.Common.CurrentVersion.targets(2451,5): warning MSB3277:           Project file item includes which caused reference "C:\Users\ultra\.nuget\packages\microsoft.xaml.behaviors.wpf\1.1.19\lib\netcoreapp3.0\Microsoft.Xaml.Behaviors.dll". [C:\Users\ultra\warewolf\Dev\Dev2.Activities\Dev2.Activities.csproj]
C:\Program Files\dotnet\sdk\10.0.201\Microsoft.Common.CurrentVersion.targets(2451,5): warning MSB3277:             C:\Users\ultra\.nuget\packages\microsoft.xaml.behaviors.wpf\1.1.19\lib\netcoreapp3.0\Microsoft.Xaml.Behaviors.dll [C:\Users\ultra\warewolf\Dev\Dev2.Activities\Dev2.Activities.csproj]
C:\Program Files\dotnet\sdk\10.0.201\Microsoft.Common.CurrentVersion.targets(2451,5): warning MSB3277:             C:\Users\ultra\.nuget\packages\caliburn.micro\4.0.212\lib\netcoreapp3.1\Caliburn.Micro.Platform.dll [C:\Users\ultra\warewolf\Dev\Dev2.Activities\Dev2.Activities.csproj]
C:\Program Files\dotnet\sdk\10.0.201\Microsoft.Common.CurrentVersion.targets(2451,5): warning MSB3277:         C:\Users\ultra\.nuget\packages\reactiveui.wpf\18.4.1\lib\net462\ReactiveUI.Wpf.dll [C:\Users\ultra\warewolf\Dev\Dev2.Activities\Dev2.Activities.csproj]
C:\Program Files\dotnet\sdk\10.0.201\Microsoft.Common.CurrentVersion.targets(2451,5): warning MSB3277:           Project file item includes which caused reference "C:\Users\ultra\.nuget\packages\reactiveui.wpf\18.4.1\lib\net462\ReactiveUI.Wpf.dll". [C:\Users\ultra\warewolf\Dev\Dev2.Activities\Dev2.Activities.csproj]
C:\Program Files\dotnet\sdk\10.0.201\Microsoft.Common.CurrentVersion.targets(2451,5): warning MSB3277:             C:\Users\ultra\.nuget\packages\reactiveui.wpf\18.4.1\lib\net462\ReactiveUI.Wpf.dll [C:\Users\ultra\warewolf\Dev\Dev2.Activities\Dev2.Activities.csproj]
  Consider app.config remapping of assembly "System.Runtime.CompilerServices.Unsafe, Culture=neutral, PublicKeyToken=b03f5f7f11d50a3a" from Version "6.0.0.0" [] to Version "8.0.0.0" [C:\Program Files\dotnet\packs\Microsoft.NETCore.App.Ref\8.0.25\ref\net8.0\System.Runtime.CompilerServices.Unsafe.dll] to solve conflict and get rid of warning.
C:\Users\ultra\warewolf\Dev\Dev2.Activities\WorkflowConverters\ActivityPropertiesReaderHelper.cs(54,45): warning CS8632: The annotation for nullable reference types should only be used in code within a '#nullable' annotations context. [C:\Users\ultra\warewolf\Dev\Dev2.Activities\Dev2.Activities.csproj]
C:\Users\ultra\warewolf\Dev\Dev2.Activities\WorkflowConverters\SwitchActivityDataHelper.cs(106,58): warning CS8632: The annotation for nullable reference types should only be used in code within a '#nullable' annotations context. [C:\Users\ultra\warewolf\Dev\Dev2.Activities\Dev2.Activities.csproj]
C:\Users\ultra\warewolf\Dev\Dev2.Activities\WorkflowConverters\SwitchActivityDataHelper.cs(225,65): warning CS8632: The annotation for nullable reference types should only be used in code within a '#nullable' annotations context. [C:\Users\ultra\warewolf\Dev\Dev2.Activities\Dev2.Activities.csproj]
C:\Users\ultra\warewolf\Dev\Dev2.Activities\WorkflowConverters\SwitchActivityDataHelper.cs(225,25): warning CS8632: The annotation for nullable reference types should only be used in code within a '#nullable' annotations context. [C:\Users\ultra\warewolf\Dev\Dev2.Activities\Dev2.Activities.csproj]
C:\Users\ultra\warewolf\Dev\Dev2.Activities\WorkflowConverters\SwitchActivityDataHelper.cs(342,61): warning CS8632: The annotation for nullable reference types should only be used in code within a '#nullable' annotations context. [C:\Users\ultra\warewolf\Dev\Dev2.Activities\Dev2.Activities.csproj]
C:\Users\ultra\warewolf\Dev\Dev2.Activities\WorkflowConverters\SwitchActivityDataHelper.cs(342,30): warning CS8632: The annotation for nullable reference types should only be used in code within a '#nullable' annotations context. [C:\Users\ultra\warewolf\Dev\Dev2.Activities\Dev2.Activities.csproj]
C:\Users\ultra\warewolf\Dev\Dev2.Activities\WorkflowConverters\SwitchActivityDataHelper.cs(32,25): warning CS8632: The annotation for nullable reference types should only be used in code within a '#nullable' annotations context. [C:\Users\ultra\warewolf\Dev\Dev2.Activities\Dev2.Activities.csproj]
C:\Users\ultra\warewolf\Dev\Dev2.Activities\WorkflowConverters\SwitchActivityDataHelper.cs(33,25): warning CS8632: The annotation for nullable reference types should only be used in code within a '#nullable' annotations context. [C:\Users\ultra\warewolf\Dev\Dev2.Activities\Dev2.Activities.csproj]
C:\Users\ultra\warewolf\Dev\Dev2.Activities\WorkflowConverters\SwitchActivityDataHelper.cs(34,25): warning CS8632: The annotation for nullable reference types should only be used in code within a '#nullable' annotations context. [C:\Users\ultra\warewolf\Dev\Dev2.Activities\Dev2.Activities.csproj]
C:\Users\ultra\warewolf\Dev\Dev2.Activities\WorkflowConverters\SwitchActivityDataHelper.cs(35,25): warning CS8632: The annotation for nullable reference types should only be used in code within a '#nullable' annotations context. [C:\Users\ultra\warewolf\Dev\Dev2.Activities\Dev2.Activities.csproj]
C:\Users\ultra\warewolf\Dev\Dev2.Activities\WorkflowConverters\SwitchActivityDataHelper.cs(36,25): warning CS8632: The annotation for nullable reference types should only be used in code within a '#nullable' annotations context. [C:\Users\ultra\warewolf\Dev\Dev2.Activities\Dev2.Activities.csproj]
C:\Users\ultra\warewolf\Dev\Dev2.Activities\WorkflowConverters\SwitchActivityDataHelper.cs(37,25): warning CS8632: The annotation for nullable reference types should only be used in code within a '#nullable' annotations context. [C:\Users\ultra\warewolf\Dev\Dev2.Activities\Dev2.Activities.csproj]
C:\Users\ultra\warewolf\Dev\Dev2.Activities\WorkflowConverters\SwitchActivityDataHelper.cs(108,19): warning CS8632: The annotation for nullable reference types should only be used in code within a '#nullable' annotations context. [C:\Users\ultra\warewolf\Dev\Dev2.Activities\Dev2.Activities.csproj]
C:\Users\ultra\warewolf\Dev\Dev2.Activities\WorkflowConverters\ActivityPropertiesReaderHelper.cs(60,59): warning CS8632: The annotation for nullable reference types should only be used in code within a '#nullable' annotations context. [C:\Users\ultra\warewolf\Dev\Dev2.Activities\Dev2.Activities.csproj]
C:\Users\ultra\warewolf\Dev\Dev2.Activities\Activities\GateActivity.cs(733,24): warning CC0022: WarewolfListIterator should be disposed. (https://code-cracker.github.io/diagnostics/CC0022.html) [C:\Users\ultra\warewolf\Dev\Dev2.Activities\Dev2.Activities.csproj]
C:\Users\ultra\warewolf\Dev\Dev2.Activities\Activities\GateActivity.cs(639,21): warning CC0003: Consider adding an Exception to the catch. (https://code-cracker.github.io/diagnostics/CC0003.html) [C:\Users\ultra\warewolf\Dev\Dev2.Activities\Dev2.Activities.csproj]
C:\Users\ultra\warewolf\Dev\Dev2.Activities\Activities\GateActivity.cs(656,21): warning CC0003: Consider adding an Exception to the catch. (https://code-cracker.github.io/diagnostics/CC0003.html) [C:\Users\ultra\warewolf\Dev\Dev2.Activities\Dev2.Activities.csproj]
C:\Users\ultra\warewolf\Dev\Dev2.Activities\Activities\WebPostActivityNew.cs(281,28): warning CC0022: WarewolfListIterator should be disposed. (https://code-cracker.github.io/diagnostics/CC0022.html) [C:\Users\ultra\warewolf\Dev\Dev2.Activities\Dev2.Activities.csproj]
C:\Users\ultra\warewolf\Dev\Dev2.Activities\WorkflowConverters\X6ToWorkflowConverter.cs(375,13): warning CC0003: Consider adding an Exception to the catch. (https://code-cracker.github.io/diagnostics/CC0003.html) [C:\Users\ultra\warewolf\Dev\Dev2.Activities\Dev2.Activities.csproj]
C:\Users\ultra\warewolf\Dev\Dev2.Activities\Activities\WebPostActivity.cs(238,28): warning CC0022: WarewolfListIterator should be disposed. (https://code-cracker.github.io/diagnostics/CC0022.html) [C:\Users\ultra\warewolf\Dev\Dev2.Activities\Dev2.Activities.csproj]
C:\Users\ultra\warewolf\Dev\Dev2.Activities\WorkflowConverters\X6ToWorkflowConverter.cs(833,17): warning CC0120: Consider put an default clause in Switch. (https://code-cracker.github.io/diagnostics/CC0120.html) [C:\Users\ultra\warewolf\Dev\Dev2.Activities\Dev2.Activities.csproj]
C:\Users\ultra\warewolf\Dev\Dev2.Activities\WorkflowConverters\X6ToWorkflowConverter.cs(958,13): warning CC0004: Empty Catch Block. (https://code-cracker.github.io/diagnostics/CC0004.html) [C:\Users\ultra\warewolf\Dev\Dev2.Activities\Dev2.Activities.csproj]
C:\Users\ultra\warewolf\Dev\Dev2.Activities\Activities\PathOperations\FileWriteActivity.cs(54,26): warning CC0022: WarewolfListIterator should be disposed. (https://code-cracker.github.io/diagnostics/CC0022.html) [C:\Users\ultra\warewolf\Dev\Dev2.Activities\Dev2.Activities.csproj]
C:\Users\ultra\warewolf\Dev\Dev2.Activities\Activities\DsfWebActivityBase.cs(136,96): warning CC0022: StringContent should be disposed. (https://code-cracker.github.io/diagnostics/CC0022.html) [C:\Users\ultra\warewolf\Dev\Dev2.Activities\Dev2.Activities.csproj]
C:\Users\ultra\warewolf\Dev\Dev2.Activities\Activities\DsfWebActivityBase.cs(158,42): warning CC0022: StreamReader should be disposed. (https://code-cracker.github.io/diagnostics/CC0022.html) [C:\Users\ultra\warewolf\Dev\Dev2.Activities\Dev2.Activities.csproj]
C:\Users\ultra\warewolf\Dev\Dev2.Activities\Activities\DsfWebActivityBase.cs(175,35): warning CC0022: ByteArrayContent should be disposed. (https://code-cracker.github.io/diagnostics/CC0022.html) [C:\Users\ultra\warewolf\Dev\Dev2.Activities\Dev2.Activities.csproj]
C:\Users\ultra\warewolf\Dev\Dev2.Activities\Activities\DsfWebActivityBase.cs(184,31): warning CC0022: StringContent should be disposed. (https://code-cracker.github.io/diagnostics/CC0022.html) [C:\Users\ultra\warewolf\Dev\Dev2.Activities\Dev2.Activities.csproj]
C:\Users\ultra\warewolf\Dev\Dev2.Activities\WorkflowConverters\WorkflowToX6Converter.cs(567,13): warning CC0105: Use 'var' instead of specifying the type name. (https://code-cracker.github.io/diagnostics/CC0105.html) [C:\Users\ultra\warewolf\Dev\Dev2.Activities\Dev2.Activities.csproj]
C:\Users\ultra\warewolf\Dev\Dev2.Activities\WorkflowConverters\WorkflowToX6Converter.cs(998,13): warning CC0004: Empty Catch Block. (https://code-cracker.github.io/diagnostics/CC0004.html) [C:\Users\ultra\warewolf\Dev\Dev2.Activities\Dev2.Activities.csproj]
C:\Users\ultra\warewolf\Dev\Dev2.Activities\WorkflowConverters\WorkflowToX6Converter.cs(1376,17): warning CC0004: Empty Catch Block. (https://code-cracker.github.io/diagnostics/CC0004.html) [C:\Users\ultra\warewolf\Dev\Dev2.Activities\Dev2.Activities.csproj]
C:\Users\ultra\warewolf\Dev\Dev2.Activities\WorkflowConverters\WorkflowToX6Converter.cs(1365,13): warning CC0006: You can use foreach instead of for. (https://code-cracker.github.io/diagnostics/CC0006.html) [C:\Users\ultra\warewolf\Dev\Dev2.Activities\Dev2.Activities.csproj]
C:\Users\ultra\warewolf\Dev\Dev2.Activities\Activities\GetSystemInformationHelper.cs(329,31): warning CA1416: This call site is reachable on all platforms. 'ManagementObjectSearcher.Get()' is only supported on: 'windows'. (https://learn.microsoft.com/dotnet/fundamentals/code-analysis/quality-rules/ca1416) [C:\Users\ultra\warewolf\Dev\Dev2.Activities\Dev2.Activities.csproj]
C:\Users\ultra\warewolf\Dev\Dev2.Activities\Activities\GetSystemInformationHelper.cs(327,28): warning CA1416: This call site is reachable on all platforms. 'ManagementObjectSearcher' is only supported on: 'windows'. (https://learn.microsoft.com/dotnet/fundamentals/code-analysis/quality-rules/ca1416) [C:\Users\ultra\warewolf\Dev\Dev2.Activities\Dev2.Activities.csproj]
C:\Users\ultra\warewolf\Dev\Dev2.Activities\Activities\GetSystemInformationHelper.cs(332,60): warning CA1416: This call site is reachable on all platforms. 'ManagementBaseObject.this[string]' is only supported on: 'windows'. (https://learn.microsoft.com/dotnet/fundamentals/code-analysis/quality-rules/ca1416) [C:\Users\ultra\warewolf\Dev\Dev2.Activities\Dev2.Activities.csproj]
C:\Users\ultra\warewolf\Dev\Dev2.Activities\Activities\GetSystemInformationHelper.cs(326,28): warning CA1416: This call site is reachable on all platforms. 'ObjectQuery' is only supported on: 'windows'. (https://learn.microsoft.com/dotnet/fundamentals/code-analysis/quality-rules/ca1416) [C:\Users\ultra\warewolf\Dev\Dev2.Activities\Dev2.Activities.csproj]
C:\Users\ultra\warewolf\Dev\Dev2.Activities\Activities\GetSystemInformationHelper.cs(95,36): warning CA1416: This call site is reachable on all platforms. 'ManagementBaseObject.GetPropertyValue(string)' is only supported on: 'windows'. (https://learn.microsoft.com/dotnet/fundamentals/code-analysis/quality-rules/ca1416) [C:\Users\ultra\warewolf\Dev\Dev2.Activities\Dev2.Activities.csproj]
C:\Users\ultra\warewolf\Dev\Dev2.Activities\Activities\GetSystemInformationHelper.cs(346,58): warning CA1416: This call site is reachable on all platforms. 'ManagementBaseObject.this[string]' is only supported on: 'windows'. (https://learn.microsoft.com/dotnet/fundamentals/code-analysis/quality-rules/ca1416) [C:\Users\ultra\warewolf\Dev\Dev2.Activities\Dev2.Activities.csproj]
C:\Users\ultra\warewolf\Dev\Dev2.Activities\Activities\GetSystemInformationHelper.cs(340,28): warning CA1416: This call site is reachable on all platforms. 'ObjectQuery' is only supported on: 'windows'. (https://learn.microsoft.com/dotnet/fundamentals/code-analysis/quality-rules/ca1416) [C:\Users\ultra\warewolf\Dev\Dev2.Activities\Dev2.Activities.csproj]
C:\Users\ultra\warewolf\Dev\Dev2.Activities\Activities\GetSystemInformationHelper.cs(341,28): warning CA1416: This call site is reachable on all platforms. 'ManagementObjectSearcher' is only supported on: 'windows'. (https://learn.microsoft.com/dotnet/fundamentals/code-analysis/quality-rules/ca1416) [C:\Users\ultra\warewolf\Dev\Dev2.Activities\Dev2.Activities.csproj]
C:\Users\ultra\warewolf\Dev\Dev2.Activities\Activities\GetSystemInformationHelper.cs(345,53): warning CA1416: This call site is reachable on all platforms. 'ManagementBaseObject.this[string]' is only supported on: 'windows'. (https://learn.microsoft.com/dotnet/fundamentals/code-analysis/quality-rules/ca1416) [C:\Users\ultra\warewolf\Dev\Dev2.Activities\Dev2.Activities.csproj]
C:\Users\ultra\warewolf\Dev\Dev2.Activities\Activities\GetSystemInformationHelper.cs(342,31): warning CA1416: This call site is reachable on all platforms. 'ManagementObjectSearcher.Get()' is only supported on: 'windows'. (https://learn.microsoft.com/dotnet/fundamentals/code-analysis/quality-rules/ca1416) [C:\Users\ultra\warewolf\Dev\Dev2.Activities\Dev2.Activities.csproj]
C:\Users\ultra\warewolf\Dev\Dev2.Activities\Activities\GetSystemInformationHelper.cs(372,17): warning CA1416: This call site is reachable on all platforms. 'WindowsIdentity.Groups' is only supported on: 'windows'. (https://learn.microsoft.com/dotnet/fundamentals/code-analysis/quality-rules/ca1416) [C:\Users\ultra\warewolf\Dev\Dev2.Activities\Dev2.Activities.csproj]
C:\Users\ultra\warewolf\Dev\Dev2.Activities\Activities\GetSystemInformationHelper.cs(374,37): warning CA1416: This call site is reachable on all platforms. 'WindowsIdentity.Groups' is only supported on: 'windows'. (https://learn.microsoft.com/dotnet/fundamentals/code-analysis/quality-rules/ca1416) [C:\Users\ultra\warewolf\Dev\Dev2.Activities\Dev2.Activities.csproj]
C:\Users\ultra\warewolf\Dev\Dev2.Activities\Activities\GetSystemInformationHelper.cs(370,92): warning CA1416: This call site is reachable on all platforms. 'WindowsIdentity.GetCurrent()' is only supported on: 'windows'. (https://learn.microsoft.com/dotnet/fundamentals/code-analysis/quality-rules/ca1416) [C:\Users\ultra\warewolf\Dev\Dev2.Activities\Dev2.Activities.csproj]
C:\Users\ultra\warewolf\Dev\Dev2.Activities\Activities\GetSystemInformationHelper.cs(392,90): warning CA1416: This call site is reachable on all platforms. 'IdentityReference.Value' is only supported on: 'windows'. (https://learn.microsoft.com/dotnet/fundamentals/code-analysis/quality-rules/ca1416) [C:\Users\ultra\warewolf\Dev\Dev2.Activities\Dev2.Activities.csproj]
C:\Users\ultra\warewolf\Dev\Dev2.Activities\Activities\GetSystemInformationHelper.cs(387,28): warning CA1416: This call site is reachable on all platforms. 'IdentityReference.Value' is only supported on: 'windows'. (https://learn.microsoft.com/dotnet/fundamentals/code-analysis/quality-rules/ca1416) [C:\Users\ultra\warewolf\Dev\Dev2.Activities\Dev2.Activities.csproj]
C:\Users\ultra\warewolf\Dev\Dev2.Activities\Activities\GetSystemInformationHelper.cs(392,32): warning CA1416: This call site is reachable on all platforms. 'ObjectQuery' is only supported on: 'windows'. (https://learn.microsoft.com/dotnet/fundamentals/code-analysis/quality-rules/ca1416) [C:\Users\ultra\warewolf\Dev\Dev2.Activities\Dev2.Activities.csproj]
C:\Users\ultra\warewolf\Dev\Dev2.Activities\Activities\GetSystemInformationHelper.cs(386,39): warning CA1416: This call site is reachable on all platforms. 'IdentityReference.Translate(Type)' is only supported on: 'windows'. (https://learn.microsoft.com/dotnet/fundamentals/code-analysis/quality-rules/ca1416) [C:\Users\ultra\warewolf\Dev\Dev2.Activities\Dev2.Activities.csproj]
C:\Users\ultra\warewolf\Dev\Dev2.Activities\Activities\GetSystemInformationHelper.cs(394,35): warning CA1416: This call site is reachable on all platforms. 'ManagementObjectSearcher.Get()' is only supported on: 'windows'. (https://learn.microsoft.com/dotnet/fundamentals/code-analysis/quality-rules/ca1416) [C:\Users\ultra\warewolf\Dev\Dev2.Activities\Dev2.Activities.csproj]
C:\Users\ultra\warewolf\Dev\Dev2.Activities\Activities\GetSystemInformationHelper.cs(397,49): warning CA1416: This call site is reachable on all platforms. 'ManagementBaseObject.this[string]' is only supported on: 'windows'. (https://learn.microsoft.com/dotnet/fundamentals/code-analysis/quality-rules/ca1416) [C:\Users\ultra\warewolf\Dev\Dev2.Activities\Dev2.Activities.csproj]
C:\Users\ultra\warewolf\Dev\Dev2.Activities\Activities\GetSystemInformationHelper.cs(393,32): warning CA1416: This call site is reachable on all platforms. 'ManagementObjectSearcher' is only supported on: 'windows'. (https://learn.microsoft.com/dotnet/fundamentals/code-analysis/quality-rules/ca1416) [C:\Users\ultra\warewolf\Dev\Dev2.Activities\Dev2.Activities.csproj]
C:\Users\ultra\warewolf\Dev\Dev2.Activities\Activities\GetSystemInformationHelper.cs(428,35): warning CA1416: This call site is reachable on all platforms. 'ManagementObjectSearcher.Get()' is only supported on: 'windows'. (https://learn.microsoft.com/dotnet/fundamentals/code-analysis/quality-rules/ca1416) [C:\Users\ultra\warewolf\Dev\Dev2.Activities\Dev2.Activities.csproj]
C:\Users\ultra\warewolf\Dev\Dev2.Activities\Activities\GetSystemInformationHelper.cs(427,32): warning CA1416: This call site is reachable on all platforms. 'ManagementObjectSearcher' is only supported on: 'windows'. (https://learn.microsoft.com/dotnet/fundamentals/code-analysis/quality-rules/ca1416) [C:\Users\ultra\warewolf\Dev\Dev2.Activities\Dev2.Activities.csproj]
C:\Users\ultra\warewolf\Dev\Dev2.Activities\Activities\GetSystemInformationHelper.cs(431,57): warning CA1416: This call site is reachable on all platforms. 'ManagementBaseObject.this[string]' is only supported on: 'windows'. (https://learn.microsoft.com/dotnet/fundamentals/code-analysis/quality-rules/ca1416) [C:\Users\ultra\warewolf\Dev\Dev2.Activities\Dev2.Activities.csproj]
C:\Users\ultra\warewolf\Dev\Dev2.Activities\Activities\GetSystemInformationHelper.cs(426,32): warning CA1416: This call site is reachable on all platforms. 'ObjectQuery' is only supported on: 'windows'. (https://learn.microsoft.com/dotnet/fundamentals/code-analysis/quality-rules/ca1416) [C:\Users\ultra\warewolf\Dev\Dev2.Activities\Dev2.Activities.csproj]
  Dev2.Activities -> C:\Users\ultra\warewolf\Dev\Dev2.Activities\bin\Debug\net8.0\Dev2.Activities.dll
C:\Program Files\dotnet\sdk\10.0.201\Microsoft.Common.CurrentVersion.targets(2451,5): warning MSB3277: Found conflicts between different versions of "WindowsBase" that could not be resolved. [C:\Users\ultra\warewolf\Dev\Dev2.Runtime\Dev2.Runtime.csproj]
C:\Program Files\dotnet\sdk\10.0.201\Microsoft.Common.CurrentVersion.targets(2451,5): warning MSB3277: There was a conflict between "WindowsBase, Version=4.0.0.0, Culture=neutral, PublicKeyToken=31bf3856ad364e35" and "WindowsBase, Version=6.0.2.0, Culture=neutral, PublicKeyToken=31bf3856ad364e35". [C:\Users\ultra\warewolf\Dev\Dev2.Runtime\Dev2.Runtime.csproj]
C:\Program Files\dotnet\sdk\10.0.201\Microsoft.Common.CurrentVersion.targets(2451,5): warning MSB3277:     "WindowsBase, Version=4.0.0.0, Culture=neutral, PublicKeyToken=31bf3856ad364e35" was chosen because it was primary and "WindowsBase, Version=6.0.2.0, Culture=neutral, PublicKeyToken=31bf3856ad364e35" was not. [C:\Users\ultra\warewolf\Dev\Dev2.Runtime\Dev2.Runtime.csproj]
C:\Program Files\dotnet\sdk\10.0.201\Microsoft.Common.CurrentVersion.targets(2451,5): warning MSB3277:     References which depend on "WindowsBase, Version=4.0.0.0, Culture=neutral, PublicKeyToken=31bf3856ad364e35" [C:\Program Files\dotnet\packs\Microsoft.NETCore.App.Ref\8.0.25\ref\net8.0\WindowsBase.dll]. [C:\Users\ultra\warewolf\Dev\Dev2.Runtime\Dev2.Runtime.csproj]
C:\Program Files\dotnet\sdk\10.0.201\Microsoft.Common.CurrentVersion.targets(2451,5): warning MSB3277:         C:\Program Files\dotnet\packs\Microsoft.NETCore.App.Ref\8.0.25\ref\net8.0\WindowsBase.dll [C:\Users\ultra\warewolf\Dev\Dev2.Runtime\Dev2.Runtime.csproj]
C:\Program Files\dotnet\sdk\10.0.201\Microsoft.Common.CurrentVersion.targets(2451,5): warning MSB3277:           Project file item includes which caused reference "C:\Program Files\dotnet\packs\Microsoft.NETCore.App.Ref\8.0.25\ref\net8.0\WindowsBase.dll". [C:\Users\ultra\warewolf\Dev\Dev2.Runtime\Dev2.Runtime.csproj]
C:\Program Files\dotnet\sdk\10.0.201\Microsoft.Common.CurrentVersion.targets(2451,5): warning MSB3277:             C:\Program Files\dotnet\packs\Microsoft.NETCore.App.Ref\8.0.25\ref/net8.0/WindowsBase.dll [C:\Users\ultra\warewolf\Dev\Dev2.Runtime\Dev2.Runtime.csproj]
C:\Program Files\dotnet\sdk\10.0.201\Microsoft.Common.CurrentVersion.targets(2451,5): warning MSB3277:     References which depend on or have been unified to "WindowsBase, Version=6.0.2.0, Culture=neutral, PublicKeyToken=31bf3856ad364e35" []. [C:\Users\ultra\warewolf\Dev\Dev2.Runtime\Dev2.Runtime.csproj]
C:\Program Files\dotnet\sdk\10.0.201\Microsoft.Common.CurrentVersion.targets(2451,5): warning MSB3277:         C:\Users\ultra\.nuget\packages\caliburn.micro\4.0.212\lib\netcoreapp3.1\Caliburn.Micro.Platform.dll [C:\Users\ultra\warewolf\Dev\Dev2.Runtime\Dev2.Runtime.csproj]
C:\Program Files\dotnet\sdk\10.0.201\Microsoft.Common.CurrentVersion.targets(2451,5): warning MSB3277:           Project file item includes which caused reference "C:\Users\ultra\.nuget\packages\caliburn.micro\4.0.212\lib\netcoreapp3.1\Caliburn.Micro.Platform.dll". [C:\Users\ultra\warewolf\Dev\Dev2.Runtime\Dev2.Runtime.csproj]
C:\Program Files\dotnet\sdk\10.0.201\Microsoft.Common.CurrentVersion.targets(2451,5): warning MSB3277:             C:\Users\ultra\.nuget\packages\caliburn.micro\4.0.212\lib\netcoreapp3.1\Caliburn.Micro.Platform.dll [C:\Users\ultra\warewolf\Dev\Dev2.Runtime\Dev2.Runtime.csproj]
C:\Program Files\dotnet\sdk\10.0.201\Microsoft.Common.CurrentVersion.targets(2451,5): warning MSB3277:         C:\Users\ultra\.nuget\packages\ironpython\3.4.0\lib\net6.0\IronPython.Wpf.dll [C:\Users\ultra\warewolf\Dev\Dev2.Runtime\Dev2.Runtime.csproj]
C:\Program Files\dotnet\sdk\10.0.201\Microsoft.Common.CurrentVersion.targets(2451,5): warning MSB3277:           Project file item includes which caused reference "C:\Users\ultra\.nuget\packages\ironpython\3.4.0\lib\net6.0\IronPython.Wpf.dll". [C:\Users\ultra\warewolf\Dev\Dev2.Runtime\Dev2.Runtime.csproj]
C:\Program Files\dotnet\sdk\10.0.201\Microsoft.Common.CurrentVersion.targets(2451,5): warning MSB3277:             C:\Users\ultra\.nuget\packages\ironpython\3.4.0\lib\net6.0\IronPython.Wpf.dll [C:\Users\ultra\warewolf\Dev\Dev2.Runtime\Dev2.Runtime.csproj]
C:\Program Files\dotnet\sdk\10.0.201\Microsoft.Common.CurrentVersion.targets(2451,5): warning MSB3277:         C:\Users\ultra\.nuget\packages\microsoft.xaml.behaviors.wpf\1.1.19\lib\netcoreapp3.0\Microsoft.Xaml.Behaviors.dll [C:\Users\ultra\warewolf\Dev\Dev2.Runtime\Dev2.Runtime.csproj]
C:\Program Files\dotnet\sdk\10.0.201\Microsoft.Common.CurrentVersion.targets(2451,5): warning MSB3277:           Project file item includes which caused reference "C:\Users\ultra\.nuget\packages\microsoft.xaml.behaviors.wpf\1.1.19\lib\netcoreapp3.0\Microsoft.Xaml.Behaviors.dll". [C:\Users\ultra\warewolf\Dev\Dev2.Runtime\Dev2.Runtime.csproj]
C:\Program Files\dotnet\sdk\10.0.201\Microsoft.Common.CurrentVersion.targets(2451,5): warning MSB3277:             C:\Users\ultra\.nuget\packages\microsoft.xaml.behaviors.wpf\1.1.19\lib\netcoreapp3.0\Microsoft.Xaml.Behaviors.dll [C:\Users\ultra\warewolf\Dev\Dev2.Runtime\Dev2.Runtime.csproj]
C:\Program Files\dotnet\sdk\10.0.201\Microsoft.Common.CurrentVersion.targets(2451,5): warning MSB3277:             C:\Users\ultra\.nuget\packages\caliburn.micro\4.0.212\lib\netcoreapp3.1\Caliburn.Micro.Platform.dll [C:\Users\ultra\warewolf\Dev\Dev2.Runtime\Dev2.Runtime.csproj]
C:\Program Files\dotnet\sdk\10.0.201\Microsoft.Common.CurrentVersion.targets(2451,5): warning MSB3277:         C:\Users\ultra\.nuget\packages\reactiveui.wpf\18.4.1\lib\net462\ReactiveUI.Wpf.dll [C:\Users\ultra\warewolf\Dev\Dev2.Runtime\Dev2.Runtime.csproj]
C:\Program Files\dotnet\sdk\10.0.201\Microsoft.Common.CurrentVersion.targets(2451,5): warning MSB3277:           Project file item includes which caused reference "C:\Users\ultra\.nuget\packages\reactiveui.wpf\18.4.1\lib\net462\ReactiveUI.Wpf.dll". [C:\Users\ultra\warewolf\Dev\Dev2.Runtime\Dev2.Runtime.csproj]
C:\Program Files\dotnet\sdk\10.0.201\Microsoft.Common.CurrentVersion.targets(2451,5): warning MSB3277:             C:\Users\ultra\.nuget\packages\reactiveui.wpf\18.4.1\lib\net462\ReactiveUI.Wpf.dll [C:\Users\ultra\warewolf\Dev\Dev2.Runtime\Dev2.Runtime.csproj]
C:\Users\ultra\warewolf\Dev\Dev2.Runtime\ESB\Execution\RemoteWorkflowExecutionContainer.cs(235,35): warning SYSLIB0013: 'Uri.EscapeUriString(string)' is obsolete: 'Uri.EscapeUriString can corrupt the Uri string in some cases. Consider using Uri.EscapeDataString for query string components instead.' (https://aka.ms/dotnet-warnings/SYSLIB0013) [C:\Users\ultra\warewolf\Dev\Dev2.Runtime\Dev2.Runtime.csproj]
C:\Users\ultra\warewolf\Dev\Dev2.Runtime\ESB\Execution\RemoteWorkflowExecutionContainer.cs(301,39): warning SYSLIB0013: 'Uri.EscapeUriString(string)' is obsolete: 'Uri.EscapeUriString can corrupt the Uri string in some cases. Consider using Uri.EscapeDataString for query string components instead.' (https://aka.ms/dotnet-warnings/SYSLIB0013) [C:\Users\ultra\warewolf\Dev\Dev2.Runtime\Dev2.Runtime.csproj]
C:\Users\ultra\warewolf\Dev\Dev2.Runtime\ESB\WF\XamlActivityHelper.cs(66,13): warning CC0004: Empty Catch Block. (https://code-cracker.github.io/diagnostics/CC0004.html) [C:\Users\ultra\warewolf\Dev\Dev2.Runtime\Dev2.Runtime.csproj]
C:\Users\ultra\warewolf\Dev\Dev2.Runtime\ESB\Execution\WfExecutionContainer.cs(63,35): warning CC0067: Do not call overridable methods in constructors (https://code-cracker.github.io/diagnostics/CC0067.html) [C:\Users\ultra\warewolf\Dev\Dev2.Runtime\Dev2.Runtime.csproj]
C:\Users\ultra\warewolf\Dev\Dev2.Runtime\ESB\WF\XamlActivityHelper.cs(133,13): warning CC0004: Empty Catch Block. (https://code-cracker.github.io/diagnostics/CC0004.html) [C:\Users\ultra\warewolf\Dev\Dev2.Runtime\Dev2.Runtime.csproj]
C:\Users\ultra\warewolf\Dev\Dev2.Runtime\ESB\WF\XamlActivityHelper.cs(179,17): warning CC0004: Empty Catch Block. (https://code-cracker.github.io/diagnostics/CC0004.html) [C:\Users\ultra\warewolf\Dev\Dev2.Runtime\Dev2.Runtime.csproj]
C:\Users\ultra\warewolf\Dev\Dev2.Runtime\ESB\WF\XamlActivityHelper.cs(230,17): warning CC0004: Empty Catch Block. (https://code-cracker.github.io/diagnostics/CC0004.html) [C:\Users\ultra\warewolf\Dev\Dev2.Runtime\Dev2.Runtime.csproj]
C:\Users\ultra\warewolf\Dev\Dev2.Runtime\ESB\WF\XamlActivityHelper.cs(240,43): warning CC0057: Parameter 'instance' is not used. (https://code-cracker.github.io/diagnostics/CC0057.html) [C:\Users\ultra\warewolf\Dev\Dev2.Runtime\Dev2.Runtime.csproj]
C:\Users\ultra\warewolf\Dev\Dev2.Runtime\ESB\Execution\WfExecutionContainer.cs(774,37): warning CC0022: StateAuditLogger should be disposed. (https://code-cracker.github.io/diagnostics/CC0022.html) [C:\Users\ultra\warewolf\Dev\Dev2.Runtime\Dev2.Runtime.csproj]
C:\Users\ultra\warewolf\Dev\Dev2.Runtime\ESB\Execution\WfExecutionContainer.cs(578,33): warning CC0003: Consider adding an Exception to the catch. (https://code-cracker.github.io/diagnostics/CC0003.html) [C:\Users\ultra\warewolf\Dev\Dev2.Runtime\Dev2.Runtime.csproj]
C:\Users\ultra\warewolf\Dev\Dev2.Runtime\ESB\Execution\WfExecutionContainer.cs(819,17): warning CC0004: Empty Catch Block. (https://code-cracker.github.io/diagnostics/CC0004.html) [C:\Users\ultra\warewolf\Dev\Dev2.Runtime\Dev2.Runtime.csproj]
C:\Users\ultra\warewolf\Dev\Dev2.Runtime\ESB\Execution\WfExecutionContainer.cs(864,21): warning CC0004: Empty Catch Block. (https://code-cracker.github.io/diagnostics/CC0004.html) [C:\Users\ultra\warewolf\Dev\Dev2.Runtime\Dev2.Runtime.csproj]
  Dev2.Runtime -> C:\Users\ultra\warewolf\Dev\Dev2.Runtime\bin\Debug\net8.0\Dev2.Runtime.dll
C:\Users\ultra\warewolf\Dev\Dev2.Studio.Core\Activities\Services\DesignerManagementService.cs(75,13): warning CS0618: 'EventAggregatorExtensions.Subscribe(IEventAggregator, object)' is obsolete: 'Use SubscribeOnPublishedThread' [C:\Users\ultra\warewolf\Dev\Dev2.Studio.Core\Dev2.Studio.Core.csproj]
C:\Users\ultra\warewolf\Dev\Dev2.Studio.Core\AppResources\Converters\NullableBoolToBoolConverter.cs(31,45): warning CC0057: Parameter 'targetType' is not used. (https://code-cracker.github.io/diagnostics/CC0057.html) [C:\Users\ultra\warewolf\Dev\Dev2.Studio.Core\Dev2.Studio.Core.csproj]
C:\Users\ultra\warewolf\Dev\Dev2.Studio.Core\AppResources\Converters\NullableBoolToBoolConverter.cs(31,62): warning CC0057: Parameter 'parameter' is not used. (https://code-cracker.github.io/diagnostics/CC0057.html) [C:\Users\ultra\warewolf\Dev\Dev2.Studio.Core\Dev2.Studio.Core.csproj]
C:\Users\ultra\warewolf\Dev\Dev2.Studio.Core\AppResources\Converters\NullableBoolToBoolConverter.cs(31,80): warning CC0057: Parameter 'culture' is not used. (https://code-cracker.github.io/diagnostics/CC0057.html) [C:\Users\ultra\warewolf\Dev\Dev2.Studio.Core\Dev2.Studio.Core.csproj]
C:\Users\ultra\warewolf\Dev\Dev2.Studio.Core\AppResources\Converters\NullableBoolToBoolConverter.cs(41,23): warning CC0057: Parameter 'value' is not used. (https://code-cracker.github.io/diagnostics/CC0057.html) [C:\Users\ultra\warewolf\Dev\Dev2.Studio.Core\Dev2.Studio.Core.csproj]
C:\Users\ultra\warewolf\Dev\Dev2.Studio.Core\AppResources\Converters\NullableBoolToBoolConverter.cs(41,37): warning CC0057: Parameter 'targetType' is not used. (https://code-cracker.github.io/diagnostics/CC0057.html) [C:\Users\ultra\warewolf\Dev\Dev2.Studio.Core\Dev2.Studio.Core.csproj]
C:\Users\ultra\warewolf\Dev\Dev2.Studio.Core\AppResources\Converters\NullableBoolToBoolConverter.cs(41,54): warning CC0057: Parameter 'parameter' is not used. (https://code-cracker.github.io/diagnostics/CC0057.html) [C:\Users\ultra\warewolf\Dev\Dev2.Studio.Core\Dev2.Studio.Core.csproj]
C:\Users\ultra\warewolf\Dev\Dev2.Studio.Core\AppResources\Converters\NullableBoolToBoolConverter.cs(41,72): warning CC0057: Parameter 'culture' is not used. (https://code-cracker.github.io/diagnostics/CC0057.html) [C:\Users\ultra\warewolf\Dev\Dev2.Studio.Core\Dev2.Studio.Core.csproj]
C:\Users\ultra\warewolf\Dev\Dev2.Studio.Core\AppResources\Converters\ModelItemToActivityConverter.cs(31,42): warning CC0057: Parameter 'targetType' is not used. (https://code-cracker.github.io/diagnostics/CC0057.html) [C:\Users\ultra\warewolf\Dev\Dev2.Studio.Core\Dev2.Studio.Core.csproj]
C:\Users\ultra\warewolf\Dev\Dev2.Studio.Core\AppResources\Converters\ModelItemToActivityConverter.cs(31,59): warning CC0057: Parameter 'parameter' is not used. (https://code-cracker.github.io/diagnostics/CC0057.html) [C:\Users\ultra\warewolf\Dev\Dev2.Studio.Core\Dev2.Studio.Core.csproj]
C:\Users\ultra\warewolf\Dev\Dev2.Studio.Core\AppResources\Converters\ModelItemToActivityConverter.cs(31,77): warning CC0057: Parameter 'culture' is not used. (https://code-cracker.github.io/diagnostics/CC0057.html) [C:\Users\ultra\warewolf\Dev\Dev2.Studio.Core\Dev2.Studio.Core.csproj]
C:\Users\ultra\warewolf\Dev\Dev2.Studio.Core\AppResources\Converters\ModelItemToActivityConverter.cs(45,46): warning CC0057: Parameter 'targetType' is not used. (https://code-cracker.github.io/diagnostics/CC0057.html) [C:\Users\ultra\warewolf\Dev\Dev2.Studio.Core\Dev2.Studio.Core.csproj]
C:\Users\ultra\warewolf\Dev\Dev2.Studio.Core\AppResources\Converters\ModelItemToActivityConverter.cs(45,81): warning CC0057: Parameter 'culture' is not used. (https://code-cracker.github.io/diagnostics/CC0057.html) [C:\Users\ultra\warewolf\Dev\Dev2.Studio.Core\Dev2.Studio.Core.csproj]
C:\Users\ultra\warewolf\Dev\Dev2.Studio.Core\Diagnostics\DebugStateTreeViewItemViewModel.cs(119,13): warning CC0105: Use 'var' instead of specifying the type name. (https://code-cracker.github.io/diagnostics/CC0105.html) [C:\Users\ultra\warewolf\Dev\Dev2.Studio.Core\Dev2.Studio.Core.csproj]
C:\Users\ultra\warewolf\Dev\Dev2.Studio.Core\DataList\Dev2TrieSuggestionProvider.cs(180,13): warning CC0004: Empty Catch Block. (https://code-cracker.github.io/diagnostics/CC0004.html) [C:\Users\ultra\warewolf\Dev\Dev2.Studio.Core\Dev2.Studio.Core.csproj]
  Dev2.Studio.Core -> C:\Users\ultra\warewolf\Dev\Dev2.Studio.Core\bin\Debug\net8.0\Dev2.Studio.Core.dll
  Warewolf.Common.Framework48 -> C:\Users\ultra\warewolf\Dev\Warewolf.Common.Framework48\bin\Debug\net8.0\Warewolf.Common.Framework48.dll
C:\Program Files\dotnet\sdk\10.0.201\Microsoft.Common.CurrentVersion.targets(2451,5): warning MSB3245: Could not resolve this reference. Could not locate the assembly "System.Web". Check to make sure the assembly exists on disk. If this reference is required by your code, you may get compilation errors. [C:\Users\ultra\warewolf\Dev\Dev2.Runtime.WebServer\Dev2.Runtime.WebServer.csproj]
C:\Program Files\dotnet\sdk\10.0.201\Microsoft.Common.CurrentVersion.targets(2451,5): warning MSB3243: No way to resolve conflict between "System.Web, Version=4.0.0.0, Culture=neutral, PublicKeyToken=b03f5f7f11d50a3a" and "System.Web". Choosing "System.Web, Version=4.0.0.0, Culture=neutral, PublicKeyToken=b03f5f7f11d50a3a" arbitrarily. [C:\Users\ultra\warewolf\Dev\Dev2.Runtime.WebServer\Dev2.Runtime.WebServer.csproj]
C:\Program Files\dotnet\sdk\10.0.201\Microsoft.Common.CurrentVersion.targets(2451,5): warning MSB3277: Found conflicts between different versions of "WindowsBase" that could not be resolved. [C:\Users\ultra\warewolf\Dev\Dev2.Runtime.WebServer\Dev2.Runtime.WebServer.csproj]
C:\Program Files\dotnet\sdk\10.0.201\Microsoft.Common.CurrentVersion.targets(2451,5): warning MSB3277: There was a conflict between "WindowsBase, Version=4.0.0.0, Culture=neutral, PublicKeyToken=31bf3856ad364e35" and "WindowsBase, Version=6.0.2.0, Culture=neutral, PublicKeyToken=31bf3856ad364e35". [C:\Users\ultra\warewolf\Dev\Dev2.Runtime.WebServer\Dev2.Runtime.WebServer.csproj]
C:\Program Files\dotnet\sdk\10.0.201\Microsoft.Common.CurrentVersion.targets(2451,5): warning MSB3277:     "WindowsBase, Version=4.0.0.0, Culture=neutral, PublicKeyToken=31bf3856ad364e35" was chosen because it was primary and "WindowsBase, Version=6.0.2.0, Culture=neutral, PublicKeyToken=31bf3856ad364e35" was not. [C:\Users\ultra\warewolf\Dev\Dev2.Runtime.WebServer\Dev2.Runtime.WebServer.csproj]
C:\Program Files\dotnet\sdk\10.0.201\Microsoft.Common.CurrentVersion.targets(2451,5): warning MSB3277:     References which depend on "WindowsBase, Version=4.0.0.0, Culture=neutral, PublicKeyToken=31bf3856ad364e35" [C:\Program Files\dotnet\packs\Microsoft.NETCore.App.Ref\8.0.25\ref\net8.0\WindowsBase.dll]. [C:\Users\ultra\warewolf\Dev\Dev2.Runtime.WebServer\Dev2.Runtime.WebServer.csproj]
C:\Program Files\dotnet\sdk\10.0.201\Microsoft.Common.CurrentVersion.targets(2451,5): warning MSB3277:         C:\Program Files\dotnet\packs\Microsoft.NETCore.App.Ref\8.0.25\ref\net8.0\WindowsBase.dll [C:\Users\ultra\warewolf\Dev\Dev2.Runtime.WebServer\Dev2.Runtime.WebServer.csproj]
C:\Program Files\dotnet\sdk\10.0.201\Microsoft.Common.CurrentVersion.targets(2451,5): warning MSB3277:           Project file item includes which caused reference "C:\Program Files\dotnet\packs\Microsoft.NETCore.App.Ref\8.0.25\ref\net8.0\WindowsBase.dll". [C:\Users\ultra\warewolf\Dev\Dev2.Runtime.WebServer\Dev2.Runtime.WebServer.csproj]
C:\Program Files\dotnet\sdk\10.0.201\Microsoft.Common.CurrentVersion.targets(2451,5): warning MSB3277:             C:\Program Files\dotnet\packs\Microsoft.NETCore.App.Ref\8.0.25\ref/net8.0/WindowsBase.dll [C:\Users\ultra\warewolf\Dev\Dev2.Runtime.WebServer\Dev2.Runtime.WebServer.csproj]
C:\Program Files\dotnet\sdk\10.0.201\Microsoft.Common.CurrentVersion.targets(2451,5): warning MSB3277:     References which depend on or have been unified to "WindowsBase, Version=6.0.2.0, Culture=neutral, PublicKeyToken=31bf3856ad364e35" []. [C:\Users\ultra\warewolf\Dev\Dev2.Runtime.WebServer\Dev2.Runtime.WebServer.csproj]
C:\Program Files\dotnet\sdk\10.0.201\Microsoft.Common.CurrentVersion.targets(2451,5): warning MSB3277:         C:\Users\ultra\.nuget\packages\caliburn.micro\4.0.212\lib\netcoreapp3.1\Caliburn.Micro.Platform.dll [C:\Users\ultra\warewolf\Dev\Dev2.Runtime.WebServer\Dev2.Runtime.WebServer.csproj]
C:\Program Files\dotnet\sdk\10.0.201\Microsoft.Common.CurrentVersion.targets(2451,5): warning MSB3277:           Project file item includes which caused reference "C:\Users\ultra\.nuget\packages\caliburn.micro\4.0.212\lib\netcoreapp3.1\Caliburn.Micro.Platform.dll". [C:\Users\ultra\warewolf\Dev\Dev2.Runtime.WebServer\Dev2.Runtime.WebServer.csproj]
C:\Program Files\dotnet\sdk\10.0.201\Microsoft.Common.CurrentVersion.targets(2451,5): warning MSB3277:             C:\Users\ultra\.nuget\packages\caliburn.micro\4.0.212\lib\netcoreapp3.1\Caliburn.Micro.Platform.dll [C:\Users\ultra\warewolf\Dev\Dev2.Runtime.WebServer\Dev2.Runtime.WebServer.csproj]
C:\Program Files\dotnet\sdk\10.0.201\Microsoft.Common.CurrentVersion.targets(2451,5): warning MSB3277:         C:\Users\ultra\.nuget\packages\ironpython\3.4.0\lib\net6.0\IronPython.Wpf.dll [C:\Users\ultra\warewolf\Dev\Dev2.Runtime.WebServer\Dev2.Runtime.WebServer.csproj]
C:\Program Files\dotnet\sdk\10.0.201\Microsoft.Common.CurrentVersion.targets(2451,5): warning MSB3277:           Project file item includes which caused reference "C:\Users\ultra\.nuget\packages\ironpython\3.4.0\lib\net6.0\IronPython.Wpf.dll". [C:\Users\ultra\warewolf\Dev\Dev2.Runtime.WebServer\Dev2.Runtime.WebServer.csproj]
C:\Program Files\dotnet\sdk\10.0.201\Microsoft.Common.CurrentVersion.targets(2451,5): warning MSB3277:             C:\Users\ultra\.nuget\packages\ironpython\3.4.0\lib\net6.0\IronPython.Wpf.dll [C:\Users\ultra\warewolf\Dev\Dev2.Runtime.WebServer\Dev2.Runtime.WebServer.csproj]
C:\Program Files\dotnet\sdk\10.0.201\Microsoft.Common.CurrentVersion.targets(2451,5): warning MSB3277:         C:\Users\ultra\.nuget\packages\microsoft.xaml.behaviors.wpf\1.1.122\lib\net462\Microsoft.Xaml.Behaviors.dll [C:\Users\ultra\warewolf\Dev\Dev2.Runtime.WebServer\Dev2.Runtime.WebServer.csproj]
C:\Program Files\dotnet\sdk\10.0.201\Microsoft.Common.CurrentVersion.targets(2451,5): warning MSB3277:           Project file item includes which caused reference "C:\Users\ultra\.nuget\packages\microsoft.xaml.behaviors.wpf\1.1.122\lib\net462\Microsoft.Xaml.Behaviors.dll". [C:\Users\ultra\warewolf\Dev\Dev2.Runtime.WebServer\Dev2.Runtime.WebServer.csproj]
C:\Program Files\dotnet\sdk\10.0.201\Microsoft.Common.CurrentVersion.targets(2451,5): warning MSB3277:             C:\Users\ultra\.nuget\packages\microsoft.xaml.behaviors.wpf\1.1.122\lib\net462\Microsoft.Xaml.Behaviors.dll [C:\Users\ultra\warewolf\Dev\Dev2.Runtime.WebServer\Dev2.Runtime.WebServer.csproj]
C:\Program Files\dotnet\sdk\10.0.201\Microsoft.Common.CurrentVersion.targets(2451,5): warning MSB3277:             C:\Users\ultra\.nuget\packages\caliburn.micro\4.0.212\lib\netcoreapp3.1\Caliburn.Micro.Platform.dll [C:\Users\ultra\warewolf\Dev\Dev2.Runtime.WebServer\Dev2.Runtime.WebServer.csproj]
C:\Program Files\dotnet\sdk\10.0.201\Microsoft.Common.CurrentVersion.targets(2451,5): warning MSB3277:             C:\Users\ultra\.nuget\packages\prism.wpf\9.0.537\lib\net462\Prism.Wpf.dll [C:\Users\ultra\warewolf\Dev\Dev2.Runtime.WebServer\Dev2.Runtime.WebServer.csproj]
C:\Program Files\dotnet\sdk\10.0.201\Microsoft.Common.CurrentVersion.targets(2451,5): warning MSB3277:         C:\Users\ultra\.nuget\packages\prism.wpf\9.0.537\lib\net462\Prism.Wpf.dll [C:\Users\ultra\warewolf\Dev\Dev2.Runtime.WebServer\Dev2.Runtime.WebServer.csproj]
C:\Program Files\dotnet\sdk\10.0.201\Microsoft.Common.CurrentVersion.targets(2451,5): warning MSB3277:           Project file item includes which caused reference "C:\Users\ultra\.nuget\packages\prism.wpf\9.0.537\lib\net462\Prism.Wpf.dll". [C:\Users\ultra\warewolf\Dev\Dev2.Runtime.WebServer\Dev2.Runtime.WebServer.csproj]
C:\Program Files\dotnet\sdk\10.0.201\Microsoft.Common.CurrentVersion.targets(2451,5): warning MSB3277:             C:\Users\ultra\.nuget\packages\prism.wpf\9.0.537\lib\net462\Prism.Wpf.dll [C:\Users\ultra\warewolf\Dev\Dev2.Runtime.WebServer\Dev2.Runtime.WebServer.csproj]
C:\Program Files\dotnet\sdk\10.0.201\Microsoft.Common.CurrentVersion.targets(2451,5): warning MSB3277:         C:\Users\ultra\.nuget\packages\reactiveui.wpf\18.4.1\lib\net462\ReactiveUI.Wpf.dll [C:\Users\ultra\warewolf\Dev\Dev2.Runtime.WebServer\Dev2.Runtime.WebServer.csproj]
C:\Program Files\dotnet\sdk\10.0.201\Microsoft.Common.CurrentVersion.targets(2451,5): warning MSB3277:           Project file item includes which caused reference "C:\Users\ultra\.nuget\packages\reactiveui.wpf\18.4.1\lib\net462\ReactiveUI.Wpf.dll". [C:\Users\ultra\warewolf\Dev\Dev2.Runtime.WebServer\Dev2.Runtime.WebServer.csproj]
C:\Program Files\dotnet\sdk\10.0.201\Microsoft.Common.CurrentVersion.targets(2451,5): warning MSB3277:             C:\Users\ultra\.nuget\packages\reactiveui.wpf\18.4.1\lib\net462\ReactiveUI.Wpf.dll [C:\Users\ultra\warewolf\Dev\Dev2.Runtime.WebServer\Dev2.Runtime.WebServer.csproj]
C:\Users\ultra\warewolf\Dev\Dev2.Runtime.WebServer\AnonymousAuthenticationHandler.cs(15,9): warning CS0618: 'ISystemClock' is obsolete: 'Use TimeProvider instead.' [C:\Users\ultra\warewolf\Dev\Dev2.Runtime.WebServer\Dev2.Runtime.WebServer.csproj]
C:\Users\ultra\warewolf\Dev\Dev2.Runtime.WebServer\BasicAuthenticationHandler.cs(20,13): warning CS0618: 'ISystemClock' is obsolete: 'Use TimeProvider instead.' [C:\Users\ultra\warewolf\Dev\Dev2.Runtime.WebServer\Dev2.Runtime.WebServer.csproj]
C:\Users\ultra\warewolf\Dev\Dev2.Runtime.WebServer\AnonymousAuthenticationHandler.cs(16,9): warning CS0618: 'AuthenticationHandler<AuthenticationSchemeOptions>.AuthenticationHandler(IOptionsMonitor<AuthenticationSchemeOptions>, ILoggerFactory, UrlEncoder, ISystemClock)' is obsolete: 'ISystemClock is obsolete, use TimeProvider on AuthenticationSchemeOptions instead.' [C:\Users\ultra\warewolf\Dev\Dev2.Runtime.WebServer\Dev2.Runtime.WebServer.csproj]
C:\Users\ultra\warewolf\Dev\Dev2.Runtime.WebServer\BasicAuthenticationHandler.cs(21,13): warning CS0618: 'AuthenticationHandler<AuthenticationSchemeOptions>.AuthenticationHandler(IOptionsMonitor<AuthenticationSchemeOptions>, ILoggerFactory, UrlEncoder, ISystemClock)' is obsolete: 'ISystemClock is obsolete, use TimeProvider on AuthenticationSchemeOptions instead.' [C:\Users\ultra\warewolf\Dev\Dev2.Runtime.WebServer\Dev2.Runtime.WebServer.csproj]
C:\Users\ultra\warewolf\Dev\Dev2.Runtime.WebServer\Executor\ExecutionDtoExtensions.cs(119,13): warning CC0105: Use 'var' instead of specifying the type name. (https://code-cracker.github.io/diagnostics/CC0105.html) [C:\Users\ultra\warewolf\Dev\Dev2.Runtime.WebServer\Dev2.Runtime.WebServer.csproj]
C:\Users\ultra\warewolf\Dev\Dev2.Runtime.WebServer\BasicAuthenticationHandler.cs(70,13): warning CC0003: Consider adding an Exception to the catch. (https://code-cracker.github.io/diagnostics/CC0003.html) [C:\Users\ultra\warewolf\Dev\Dev2.Runtime.WebServer\Dev2.Runtime.WebServer.csproj]
C:\Users\ultra\warewolf\Dev\Dev2.Runtime.WebServer\Handlers\GetLogFileServiceHandler.cs(129,21): warning CC0105: Use 'var' instead of specifying the type name. (https://code-cracker.github.io/diagnostics/CC0105.html) [C:\Users\ultra\warewolf\Dev\Dev2.Runtime.WebServer\Dev2.Runtime.WebServer.csproj]
C:\Users\ultra\warewolf\Dev\Dev2.Runtime.WebServer\ServiceTesting\ServiceTestCoverageModelHTMLResultBuilder.cs(138,13): warning CC0105: Use 'var' instead of specifying the type name. (https://code-cracker.github.io/diagnostics/CC0105.html) [C:\Users\ultra\warewolf\Dev\Dev2.Runtime.WebServer\Dev2.Runtime.WebServer.csproj]
C:\Users\ultra\warewolf\Dev\Dev2.Runtime.WebServer\ServiceTesting\ServiceTestCoverageModelHTMLResultBuilder.cs(139,13): warning CC0105: Use 'var' instead of specifying the type name. (https://code-cracker.github.io/diagnostics/CC0105.html) [C:\Users\ultra\warewolf\Dev\Dev2.Runtime.WebServer\Dev2.Runtime.WebServer.csproj]
C:\Users\ultra\warewolf\Dev\Dev2.Runtime.WebServer\ServiceTesting\ServiceTestModelJObjectResultBuilder.cs(101,13): warning CC0105: Use 'var' instead of specifying the type name. (https://code-cracker.github.io/diagnostics/CC0105.html) [C:\Users\ultra\warewolf\Dev\Dev2.Runtime.WebServer\Dev2.Runtime.WebServer.csproj]
  Dev2.Runtime.WebServer -> C:\Users\ultra\warewolf\Dev\Dev2.Runtime.WebServer\bin\Debug\net8.0\Dev2.Runtime.WebServer.dll
C:\Program Files\dotnet\sdk\10.0.201\Microsoft.Common.CurrentVersion.targets(2451,5): warning MSB3277: Found conflicts between different versions of "WindowsBase" that could not be resolved. [C:\Users\ultra\warewolf\Dev\Dev2.Infrastructure.Tests\Dev2.Infrastructure.Tests.csproj]
C:\Program Files\dotnet\sdk\10.0.201\Microsoft.Common.CurrentVersion.targets(2451,5): warning MSB3277: There was a conflict between "WindowsBase, Version=4.0.0.0, Culture=neutral, PublicKeyToken=31bf3856ad364e35" and "WindowsBase, Version=6.0.2.0, Culture=neutral, PublicKeyToken=31bf3856ad364e35". [C:\Users\ultra\warewolf\Dev\Dev2.Infrastructure.Tests\Dev2.Infrastructure.Tests.csproj]
C:\Program Files\dotnet\sdk\10.0.201\Microsoft.Common.CurrentVersion.targets(2451,5): warning MSB3277:     "WindowsBase, Version=4.0.0.0, Culture=neutral, PublicKeyToken=31bf3856ad364e35" was chosen because it was primary and "WindowsBase, Version=6.0.2.0, Culture=neutral, PublicKeyToken=31bf3856ad364e35" was not. [C:\Users\ultra\warewolf\Dev\Dev2.Infrastructure.Tests\Dev2.Infrastructure.Tests.csproj]
C:\Program Files\dotnet\sdk\10.0.201\Microsoft.Common.CurrentVersion.targets(2451,5): warning MSB3277:     References which depend on "WindowsBase, Version=4.0.0.0, Culture=neutral, PublicKeyToken=31bf3856ad364e35" [C:\Program Files\dotnet\packs\Microsoft.NETCore.App.Ref\8.0.25\ref\net8.0\WindowsBase.dll]. [C:\Users\ultra\warewolf\Dev\Dev2.Infrastructure.Tests\Dev2.Infrastructure.Tests.csproj]
C:\Program Files\dotnet\sdk\10.0.201\Microsoft.Common.CurrentVersion.targets(2451,5): warning MSB3277:         C:\Program Files\dotnet\packs\Microsoft.NETCore.App.Ref\8.0.25\ref\net8.0\WindowsBase.dll [C:\Users\ultra\warewolf\Dev\Dev2.Infrastructure.Tests\Dev2.Infrastructure.Tests.csproj]
C:\Program Files\dotnet\sdk\10.0.201\Microsoft.Common.CurrentVersion.targets(2451,5): warning MSB3277:           Project file item includes which caused reference "C:\Program Files\dotnet\packs\Microsoft.NETCore.App.Ref\8.0.25\ref\net8.0\WindowsBase.dll". [C:\Users\ultra\warewolf\Dev\Dev2.Infrastructure.Tests\Dev2.Infrastructure.Tests.csproj]
C:\Program Files\dotnet\sdk\10.0.201\Microsoft.Common.CurrentVersion.targets(2451,5): warning MSB3277:             C:\Program Files\dotnet\packs\Microsoft.NETCore.App.Ref\8.0.25\ref/net8.0/WindowsBase.dll [C:\Users\ultra\warewolf\Dev\Dev2.Infrastructure.Tests\Dev2.Infrastructure.Tests.csproj]
C:\Program Files\dotnet\sdk\10.0.201\Microsoft.Common.CurrentVersion.targets(2451,5): warning MSB3277:     References which depend on or have been unified to "WindowsBase, Version=6.0.2.0, Culture=neutral, PublicKeyToken=31bf3856ad364e35" []. [C:\Users\ultra\warewolf\Dev\Dev2.Infrastructure.Tests\Dev2.Infrastructure.Tests.csproj]
C:\Program Files\dotnet\sdk\10.0.201\Microsoft.Common.CurrentVersion.targets(2451,5): warning MSB3277:         C:\Users\ultra\.nuget\packages\caliburn.micro\4.0.212\lib\netcoreapp3.1\Caliburn.Micro.Platform.dll [C:\Users\ultra\warewolf\Dev\Dev2.Infrastructure.Tests\Dev2.Infrastructure.Tests.csproj]
C:\Program Files\dotnet\sdk\10.0.201\Microsoft.Common.CurrentVersion.targets(2451,5): warning MSB3277:           Project file item includes which caused reference "C:\Users\ultra\.nuget\packages\caliburn.micro\4.0.212\lib\netcoreapp3.1\Caliburn.Micro.Platform.dll". [C:\Users\ultra\warewolf\Dev\Dev2.Infrastructure.Tests\Dev2.Infrastructure.Tests.csproj]
C:\Program Files\dotnet\sdk\10.0.201\Microsoft.Common.CurrentVersion.targets(2451,5): warning MSB3277:             C:\Users\ultra\.nuget\packages\caliburn.micro\4.0.212\lib\netcoreapp3.1\Caliburn.Micro.Platform.dll [C:\Users\ultra\warewolf\Dev\Dev2.Infrastructure.Tests\Dev2.Infrastructure.Tests.csproj]
C:\Program Files\dotnet\sdk\10.0.201\Microsoft.Common.CurrentVersion.targets(2451,5): warning MSB3277:         C:\Users\ultra\.nuget\packages\ironpython\3.4.0\lib\net6.0\IronPython.Wpf.dll [C:\Users\ultra\warewolf\Dev\Dev2.Infrastructure.Tests\Dev2.Infrastructure.Tests.csproj]
C:\Program Files\dotnet\sdk\10.0.201\Microsoft.Common.CurrentVersion.targets(2451,5): warning MSB3277:           Project file item includes which caused reference "C:\Users\ultra\.nuget\packages\ironpython\3.4.0\lib\net6.0\IronPython.Wpf.dll". [C:\Users\ultra\warewolf\Dev\Dev2.Infrastructure.Tests\Dev2.Infrastructure.Tests.csproj]
C:\Program Files\dotnet\sdk\10.0.201\Microsoft.Common.CurrentVersion.targets(2451,5): warning MSB3277:             C:\Users\ultra\.nuget\packages\ironpython\3.4.0\lib\net6.0\IronPython.Wpf.dll [C:\Users\ultra\warewolf\Dev\Dev2.Infrastructure.Tests\Dev2.Infrastructure.Tests.csproj]
C:\Program Files\dotnet\sdk\10.0.201\Microsoft.Common.CurrentVersion.targets(2451,5): warning MSB3277:         C:\Users\ultra\.nuget\packages\microsoft.xaml.behaviors.wpf\1.1.122\lib\net462\Microsoft.Xaml.Behaviors.dll [C:\Users\ultra\warewolf\Dev\Dev2.Infrastructure.Tests\Dev2.Infrastructure.Tests.csproj]
C:\Program Files\dotnet\sdk\10.0.201\Microsoft.Common.CurrentVersion.targets(2451,5): warning MSB3277:           Project file item includes which caused reference "C:\Users\ultra\.nuget\packages\microsoft.xaml.behaviors.wpf\1.1.122\lib\net462\Microsoft.Xaml.Behaviors.dll". [C:\Users\ultra\warewolf\Dev\Dev2.Infrastructure.Tests\Dev2.Infrastructure.Tests.csproj]
C:\Program Files\dotnet\sdk\10.0.201\Microsoft.Common.CurrentVersion.targets(2451,5): warning MSB3277:             C:\Users\ultra\.nuget\packages\microsoft.xaml.behaviors.wpf\1.1.122\lib\net462\Microsoft.Xaml.Behaviors.dll [C:\Users\ultra\warewolf\Dev\Dev2.Infrastructure.Tests\Dev2.Infrastructure.Tests.csproj]
C:\Program Files\dotnet\sdk\10.0.201\Microsoft.Common.CurrentVersion.targets(2451,5): warning MSB3277:             C:\Users\ultra\.nuget\packages\caliburn.micro\4.0.212\lib\netcoreapp3.1\Caliburn.Micro.Platform.dll [C:\Users\ultra\warewolf\Dev\Dev2.Infrastructure.Tests\Dev2.Infrastructure.Tests.csproj]
C:\Program Files\dotnet\sdk\10.0.201\Microsoft.Common.CurrentVersion.targets(2451,5): warning MSB3277:             C:\Users\ultra\.nuget\packages\prism.wpf\9.0.537\lib\net462\Prism.Wpf.dll [C:\Users\ultra\warewolf\Dev\Dev2.Infrastructure.Tests\Dev2.Infrastructure.Tests.csproj]
C:\Program Files\dotnet\sdk\10.0.201\Microsoft.Common.CurrentVersion.targets(2451,5): warning MSB3277:         C:\Users\ultra\.nuget\packages\prism.wpf\9.0.537\lib\net462\Prism.Wpf.dll [C:\Users\ultra\warewolf\Dev\Dev2.Infrastructure.Tests\Dev2.Infrastructure.Tests.csproj]
C:\Program Files\dotnet\sdk\10.0.201\Microsoft.Common.CurrentVersion.targets(2451,5): warning MSB3277:           Project file item includes which caused reference "C:\Users\ultra\.nuget\packages\prism.wpf\9.0.537\lib\net462\Prism.Wpf.dll". [C:\Users\ultra\warewolf\Dev\Dev2.Infrastructure.Tests\Dev2.Infrastructure.Tests.csproj]
C:\Program Files\dotnet\sdk\10.0.201\Microsoft.Common.CurrentVersion.targets(2451,5): warning MSB3277:             C:\Users\ultra\.nuget\packages\prism.wpf\9.0.537\lib\net462\Prism.Wpf.dll [C:\Users\ultra\warewolf\Dev\Dev2.Infrastructure.Tests\Dev2.Infrastructure.Tests.csproj]
C:\Program Files\dotnet\sdk\10.0.201\Microsoft.Common.CurrentVersion.targets(2451,5): warning MSB3277:         C:\Users\ultra\.nuget\packages\reactiveui.wpf\18.4.1\lib\net462\ReactiveUI.Wpf.dll [C:\Users\ultra\warewolf\Dev\Dev2.Infrastructure.Tests\Dev2.Infrastructure.Tests.csproj]
C:\Program Files\dotnet\sdk\10.0.201\Microsoft.Common.CurrentVersion.targets(2451,5): warning MSB3277:           Project file item includes which caused reference "C:\Users\ultra\.nuget\packages\reactiveui.wpf\18.4.1\lib\net462\ReactiveUI.Wpf.dll". [C:\Users\ultra\warewolf\Dev\Dev2.Infrastructure.Tests\Dev2.Infrastructure.Tests.csproj]
C:\Program Files\dotnet\sdk\10.0.201\Microsoft.Common.CurrentVersion.targets(2451,5): warning MSB3277:             C:\Users\ultra\.nuget\packages\reactiveui.wpf\18.4.1\lib\net462\ReactiveUI.Wpf.dll [C:\Users\ultra\warewolf\Dev\Dev2.Infrastructure.Tests\Dev2.Infrastructure.Tests.csproj]
C:\Users\ultra\warewolf\Dev\Warewolf.UnitTestAttributes\Depends.cs(587,5): warning SYSLIB0014: 'WebClient.WebClient()' is obsolete: 'WebRequest, HttpWebRequest, ServicePoint, and WebClient are obsolete. Use HttpClient instead.' (https://aka.ms/dotnet-warnings/SYSLIB0014) [C:\Users\ultra\warewolf\Dev\Dev2.Infrastructure.Tests\Dev2.Infrastructure.Tests.csproj]
C:\Users\ultra\warewolf\Dev\Warewolf.UnitTestAttributes\Depends.cs(309,33): warning SYSLIB0014: 'WebClient.WebClient()' is obsolete: 'WebRequest, HttpWebRequest, ServicePoint, and WebClient are obsolete. Use HttpClient instead.' (https://aka.ms/dotnet-warnings/SYSLIB0014) [C:\Users\ultra\warewolf\Dev\Dev2.Infrastructure.Tests\Dev2.Infrastructure.Tests.csproj]
C:\Users\ultra\warewolf\Dev\Warewolf.UnitTestAttributes\Depends.cs(523,30): warning SYSLIB0014: 'WebClient.WebClient()' is obsolete: 'WebRequest, HttpWebRequest, ServicePoint, and WebClient are obsolete. Use HttpClient instead.' (https://aka.ms/dotnet-warnings/SYSLIB0014) [C:\Users\ultra\warewolf\Dev\Dev2.Infrastructure.Tests\Dev2.Infrastructure.Tests.csproj]
C:\Users\ultra\warewolf\Dev\Dev2.Infrastructure.Tests\MoqInstallerActions\IntallerActionsForDevelopmentTest.cs(30,31): warning CA1416: This call site is reachable on all platforms. 'WindowsIdentity.GetCurrent(bool)' is only supported on: 'windows'. (https://learn.microsoft.com/dotnet/fundamentals/code-analysis/quality-rules/ca1416) [C:\Users\ultra\warewolf\Dev\Dev2.Infrastructure.Tests\Dev2.Infrastructure.Tests.csproj]
C:\Users\ultra\warewolf\Dev\Dev2.Infrastructure.Tests\MoqInstallerActions\IntallerActionsForDevelopmentTest.cs(67,57): warning CA1416: This call site is reachable on all platforms. 'WindowsIdentity.Name' is only supported on: 'windows'. (https://learn.microsoft.com/dotnet/fundamentals/code-analysis/quality-rules/ca1416) [C:\Users\ultra\warewolf\Dev\Dev2.Infrastructure.Tests\Dev2.Infrastructure.Tests.csproj]
C:\Users\ultra\warewolf\Dev\Dev2.Infrastructure.Tests\MoqInstallerActions\IntallerActionsForDevelopmentTest.cs(40,57): warning CA1416: This call site is reachable on all platforms. 'WindowsIdentity.Name' is only supported on: 'windows'. (https://learn.microsoft.com/dotnet/fundamentals/code-analysis/quality-rules/ca1416) [C:\Users\ultra\warewolf\Dev\Dev2.Infrastructure.Tests\Dev2.Infrastructure.Tests.csproj]
C:\Users\ultra\warewolf\Dev\Dev2.Infrastructure.Tests\MoqInstallerActions\IntallerActionsForDevelopmentTest.cs(57,31): warning CA1416: This call site is reachable on all platforms. 'WindowsIdentity.GetCurrent(bool)' is only supported on: 'windows'. (https://learn.microsoft.com/dotnet/fundamentals/code-analysis/quality-rules/ca1416) [C:\Users\ultra\warewolf\Dev\Dev2.Infrastructure.Tests\Dev2.Infrastructure.Tests.csproj]
  Dev2.Infrastructure.Tests -> C:\Users\ultra\warewolf\Dev\Dev2.Infrastructure.Tests\bin\Debug\net8.0\linux-x64\Dev2.Infrastructure.Tests.dll
C:\Program Files\dotnet\sdk\10.0.201\Microsoft.Common.CurrentVersion.targets(2451,5): warning MSB3277: Found conflicts between different versions of "WindowsBase" that could not be resolved. [C:\Users\ultra\warewolf\Dev\Dev2.Common.Tests\Dev2.Common.Tests.csproj]
C:\Program Files\dotnet\sdk\10.0.201\Microsoft.Common.CurrentVersion.targets(2451,5): warning MSB3277: There was a conflict between "WindowsBase, Version=4.0.0.0, Culture=neutral, PublicKeyToken=31bf3856ad364e35" and "WindowsBase, Version=6.0.2.0, Culture=neutral, PublicKeyToken=31bf3856ad364e35". [C:\Users\ultra\warewolf\Dev\Dev2.Common.Tests\Dev2.Common.Tests.csproj]
C:\Program Files\dotnet\sdk\10.0.201\Microsoft.Common.CurrentVersion.targets(2451,5): warning MSB3277:     "WindowsBase, Version=4.0.0.0, Culture=neutral, PublicKeyToken=31bf3856ad364e35" was chosen because it was primary and "WindowsBase, Version=6.0.2.0, Culture=neutral, PublicKeyToken=31bf3856ad364e35" was not. [C:\Users\ultra\warewolf\Dev\Dev2.Common.Tests\Dev2.Common.Tests.csproj]
C:\Program Files\dotnet\sdk\10.0.201\Microsoft.Common.CurrentVersion.targets(2451,5): warning MSB3277:     References which depend on "WindowsBase, Version=4.0.0.0, Culture=neutral, PublicKeyToken=31bf3856ad364e35" [C:\Program Files\dotnet\packs\Microsoft.NETCore.App.Ref\8.0.25\ref\net8.0\WindowsBase.dll]. [C:\Users\ultra\warewolf\Dev\Dev2.Common.Tests\Dev2.Common.Tests.csproj]
C:\Program Files\dotnet\sdk\10.0.201\Microsoft.Common.CurrentVersion.targets(2451,5): warning MSB3277:         C:\Program Files\dotnet\packs\Microsoft.NETCore.App.Ref\8.0.25\ref\net8.0\WindowsBase.dll [C:\Users\ultra\warewolf\Dev\Dev2.Common.Tests\Dev2.Common.Tests.csproj]
C:\Program Files\dotnet\sdk\10.0.201\Microsoft.Common.CurrentVersion.targets(2451,5): warning MSB3277:           Project file item includes which caused reference "C:\Program Files\dotnet\packs\Microsoft.NETCore.App.Ref\8.0.25\ref\net8.0\WindowsBase.dll". [C:\Users\ultra\warewolf\Dev\Dev2.Common.Tests\Dev2.Common.Tests.csproj]
C:\Program Files\dotnet\sdk\10.0.201\Microsoft.Common.CurrentVersion.targets(2451,5): warning MSB3277:             C:\Program Files\dotnet\packs\Microsoft.NETCore.App.Ref\8.0.25\ref/net8.0/WindowsBase.dll [C:\Users\ultra\warewolf\Dev\Dev2.Common.Tests\Dev2.Common.Tests.csproj]
C:\Program Files\dotnet\sdk\10.0.201\Microsoft.Common.CurrentVersion.targets(2451,5): warning MSB3277:     References which depend on or have been unified to "WindowsBase, Version=6.0.2.0, Culture=neutral, PublicKeyToken=31bf3856ad364e35" []. [C:\Users\ultra\warewolf\Dev\Dev2.Common.Tests\Dev2.Common.Tests.csproj]
C:\Program Files\dotnet\sdk\10.0.201\Microsoft.Common.CurrentVersion.targets(2451,5): warning MSB3277:         C:\Users\ultra\.nuget\packages\caliburn.micro\4.0.212\lib\netcoreapp3.1\Caliburn.Micro.Platform.dll [C:\Users\ultra\warewolf\Dev\Dev2.Common.Tests\Dev2.Common.Tests.csproj]
C:\Program Files\dotnet\sdk\10.0.201\Microsoft.Common.CurrentVersion.targets(2451,5): warning MSB3277:           Project file item includes which caused reference "C:\Users\ultra\.nuget\packages\caliburn.micro\4.0.212\lib\netcoreapp3.1\Caliburn.Micro.Platform.dll". [C:\Users\ultra\warewolf\Dev\Dev2.Common.Tests\Dev2.Common.Tests.csproj]
C:\Program Files\dotnet\sdk\10.0.201\Microsoft.Common.CurrentVersion.targets(2451,5): warning MSB3277:             C:\Users\ultra\.nuget\packages\caliburn.micro\4.0.212\lib\netcoreapp3.1\Caliburn.Micro.Platform.dll [C:\Users\ultra\warewolf\Dev\Dev2.Common.Tests\Dev2.Common.Tests.csproj]
C:\Program Files\dotnet\sdk\10.0.201\Microsoft.Common.CurrentVersion.targets(2451,5): warning MSB3277:         C:\Users\ultra\.nuget\packages\ironpython\3.4.0\lib\net6.0\IronPython.Wpf.dll [C:\Users\ultra\warewolf\Dev\Dev2.Common.Tests\Dev2.Common.Tests.csproj]
C:\Program Files\dotnet\sdk\10.0.201\Microsoft.Common.CurrentVersion.targets(2451,5): warning MSB3277:           Project file item includes which caused reference "C:\Users\ultra\.nuget\packages\ironpython\3.4.0\lib\net6.0\IronPython.Wpf.dll". [C:\Users\ultra\warewolf\Dev\Dev2.Common.Tests\Dev2.Common.Tests.csproj]
C:\Program Files\dotnet\sdk\10.0.201\Microsoft.Common.CurrentVersion.targets(2451,5): warning MSB3277:             C:\Users\ultra\.nuget\packages\ironpython\3.4.0\lib\net6.0\IronPython.Wpf.dll [C:\Users\ultra\warewolf\Dev\Dev2.Common.Tests\Dev2.Common.Tests.csproj]
C:\Program Files\dotnet\sdk\10.0.201\Microsoft.Common.CurrentVersion.targets(2451,5): warning MSB3277:         C:\Users\ultra\.nuget\packages\microsoft.xaml.behaviors.wpf\1.1.122\lib\net462\Microsoft.Xaml.Behaviors.dll [C:\Users\ultra\warewolf\Dev\Dev2.Common.Tests\Dev2.Common.Tests.csproj]
C:\Program Files\dotnet\sdk\10.0.201\Microsoft.Common.CurrentVersion.targets(2451,5): warning MSB3277:           Project file item includes which caused reference "C:\Users\ultra\.nuget\packages\microsoft.xaml.behaviors.wpf\1.1.122\lib\net462\Microsoft.Xaml.Behaviors.dll". [C:\Users\ultra\warewolf\Dev\Dev2.Common.Tests\Dev2.Common.Tests.csproj]
C:\Program Files\dotnet\sdk\10.0.201\Microsoft.Common.CurrentVersion.targets(2451,5): warning MSB3277:             C:\Users\ultra\.nuget\packages\microsoft.xaml.behaviors.wpf\1.1.122\lib\net462\Microsoft.Xaml.Behaviors.dll [C:\Users\ultra\warewolf\Dev\Dev2.Common.Tests\Dev2.Common.Tests.csproj]
C:\Program Files\dotnet\sdk\10.0.201\Microsoft.Common.CurrentVersion.targets(2451,5): warning MSB3277:             C:\Users\ultra\.nuget\packages\caliburn.micro\4.0.212\lib\netcoreapp3.1\Caliburn.Micro.Platform.dll [C:\Users\ultra\warewolf\Dev\Dev2.Common.Tests\Dev2.Common.Tests.csproj]
C:\Program Files\dotnet\sdk\10.0.201\Microsoft.Common.CurrentVersion.targets(2451,5): warning MSB3277:             C:\Users\ultra\.nuget\packages\prism.wpf\9.0.537\lib\net462\Prism.Wpf.dll [C:\Users\ultra\warewolf\Dev\Dev2.Common.Tests\Dev2.Common.Tests.csproj]
C:\Program Files\dotnet\sdk\10.0.201\Microsoft.Common.CurrentVersion.targets(2451,5): warning MSB3277:         C:\Users\ultra\.nuget\packages\prism.wpf\9.0.537\lib\net462\Prism.Wpf.dll [C:\Users\ultra\warewolf\Dev\Dev2.Common.Tests\Dev2.Common.Tests.csproj]
C:\Program Files\dotnet\sdk\10.0.201\Microsoft.Common.CurrentVersion.targets(2451,5): warning MSB3277:           Project file item includes which caused reference "C:\Users\ultra\.nuget\packages\prism.wpf\9.0.537\lib\net462\Prism.Wpf.dll". [C:\Users\ultra\warewolf\Dev\Dev2.Common.Tests\Dev2.Common.Tests.csproj]
C:\Program Files\dotnet\sdk\10.0.201\Microsoft.Common.CurrentVersion.targets(2451,5): warning MSB3277:             C:\Users\ultra\.nuget\packages\prism.wpf\9.0.537\lib\net462\Prism.Wpf.dll [C:\Users\ultra\warewolf\Dev\Dev2.Common.Tests\Dev2.Common.Tests.csproj]
C:\Program Files\dotnet\sdk\10.0.201\Microsoft.Common.CurrentVersion.targets(2451,5): warning MSB3277:         C:\Users\ultra\.nuget\packages\reactiveui.wpf\18.4.1\lib\net462\ReactiveUI.Wpf.dll [C:\Users\ultra\warewolf\Dev\Dev2.Common.Tests\Dev2.Common.Tests.csproj]
C:\Program Files\dotnet\sdk\10.0.201\Microsoft.Common.CurrentVersion.targets(2451,5): warning MSB3277:           Project file item includes which caused reference "C:\Users\ultra\.nuget\packages\reactiveui.wpf\18.4.1\lib\net462\ReactiveUI.Wpf.dll". [C:\Users\ultra\warewolf\Dev\Dev2.Common.Tests\Dev2.Common.Tests.csproj]
C:\Program Files\dotnet\sdk\10.0.201\Microsoft.Common.CurrentVersion.targets(2451,5): warning MSB3277:             C:\Users\ultra\.nuget\packages\reactiveui.wpf\18.4.1\lib\net462\ReactiveUI.Wpf.dll [C:\Users\ultra\warewolf\Dev\Dev2.Common.Tests\Dev2.Common.Tests.csproj]
C:\Program Files\dotnet\sdk\10.0.201\Microsoft.Common.CurrentVersion.targets(2451,5): warning MSB3277: Found conflicts between different versions of "System.Drawing.Common" that could not be resolved. [C:\Users\ultra\warewolf\Dev\Dev2.Common.Tests\Dev2.Common.Tests.csproj]
C:\Program Files\dotnet\sdk\10.0.201\Microsoft.Common.CurrentVersion.targets(2451,5): warning MSB3277: There was a conflict between "System.Drawing.Common, Version=6.0.0.0, Culture=neutral, PublicKeyToken=cc7b13ffcd2ddd51" and "System.Drawing.Common, Version=8.0.0.0, Culture=neutral, PublicKeyToken=cc7b13ffcd2ddd51". [C:\Users\ultra\warewolf\Dev\Dev2.Common.Tests\Dev2.Common.Tests.csproj]
C:\Program Files\dotnet\sdk\10.0.201\Microsoft.Common.CurrentVersion.targets(2451,5): warning MSB3277:     "System.Drawing.Common, Version=6.0.0.0, Culture=neutral, PublicKeyToken=cc7b13ffcd2ddd51" was chosen because it was primary and "System.Drawing.Common, Version=8.0.0.0, Culture=neutral, PublicKeyToken=cc7b13ffcd2ddd51" was not. [C:\Users\ultra\warewolf\Dev\Dev2.Common.Tests\Dev2.Common.Tests.csproj]
C:\Program Files\dotnet\sdk\10.0.201\Microsoft.Common.CurrentVersion.targets(2451,5): warning MSB3277:     References which depend on "System.Drawing.Common, Version=6.0.0.0, Culture=neutral, PublicKeyToken=cc7b13ffcd2ddd51" [C:\Users\ultra\.nuget\packages\system.drawing.common\6.0.0\lib\net6.0\System.Drawing.Common.dll]. [C:\Users\ultra\warewolf\Dev\Dev2.Common.Tests\Dev2.Common.Tests.csproj]
C:\Program Files\dotnet\sdk\10.0.201\Microsoft.Common.CurrentVersion.targets(2451,5): warning MSB3277:         C:\Users\ultra\.nuget\packages\system.drawing.common\6.0.0\lib\net6.0\System.Drawing.Common.dll [C:\Users\ultra\warewolf\Dev\Dev2.Common.Tests\Dev2.Common.Tests.csproj]
C:\Program Files\dotnet\sdk\10.0.201\Microsoft.Common.CurrentVersion.targets(2451,5): warning MSB3277:           Project file item includes which caused reference "C:\Users\ultra\.nuget\packages\system.drawing.common\6.0.0\lib\net6.0\System.Drawing.Common.dll". [C:\Users\ultra\warewolf\Dev\Dev2.Common.Tests\Dev2.Common.Tests.csproj]
C:\Program Files\dotnet\sdk\10.0.201\Microsoft.Common.CurrentVersion.targets(2451,5): warning MSB3277:             C:\Users\ultra\.nuget\packages\system.drawing.common\6.0.0\lib\net6.0\System.Drawing.Common.dll [C:\Users\ultra\warewolf\Dev\Dev2.Common.Tests\Dev2.Common.Tests.csproj]
C:\Program Files\dotnet\sdk\10.0.201\Microsoft.Common.CurrentVersion.targets(2451,5): warning MSB3277:     References which depend on or have been unified to "System.Drawing.Common, Version=8.0.0.0, Culture=neutral, PublicKeyToken=cc7b13ffcd2ddd51" []. [C:\Users\ultra\warewolf\Dev\Dev2.Common.Tests\Dev2.Common.Tests.csproj]
C:\Program Files\dotnet\sdk\10.0.201\Microsoft.Common.CurrentVersion.targets(2451,5): warning MSB3277:         C:\Users\ultra\.nuget\packages\servicestack\6.3.0\lib\net6.0\ServiceStack.dll [C:\Users\ultra\warewolf\Dev\Dev2.Common.Tests\Dev2.Common.Tests.csproj]
C:\Program Files\dotnet\sdk\10.0.201\Microsoft.Common.CurrentVersion.targets(2451,5): warning MSB3277:           Project file item includes which caused reference "C:\Users\ultra\.nuget\packages\servicestack\6.3.0\lib\net6.0\ServiceStack.dll". [C:\Users\ultra\warewolf\Dev\Dev2.Common.Tests\Dev2.Common.Tests.csproj]
C:\Program Files\dotnet\sdk\10.0.201\Microsoft.Common.CurrentVersion.targets(2451,5): warning MSB3277:             C:\Users\ultra\.nuget\packages\servicestack\6.3.0\lib\net6.0\ServiceStack.dll [C:\Users\ultra\warewolf\Dev\Dev2.Common.Tests\Dev2.Common.Tests.csproj]
C:\Program Files\dotnet\sdk\10.0.201\Microsoft.Common.CurrentVersion.targets(2451,5): warning MSB3277:         C:\Users\ultra\.nuget\packages\system.windows.extensions\8.0.0\lib\net8.0\System.Windows.Extensions.dll [C:\Users\ultra\warewolf\Dev\Dev2.Common.Tests\Dev2.Common.Tests.csproj]
C:\Program Files\dotnet\sdk\10.0.201\Microsoft.Common.CurrentVersion.targets(2451,5): warning MSB3277:           Project file item includes which caused reference "C:\Users\ultra\.nuget\packages\system.windows.extensions\8.0.0\lib\net8.0\System.Windows.Extensions.dll". [C:\Users\ultra\warewolf\Dev\Dev2.Common.Tests\Dev2.Common.Tests.csproj]
C:\Program Files\dotnet\sdk\10.0.201\Microsoft.Common.CurrentVersion.targets(2451,5): warning MSB3277:             C:\Users\ultra\.nuget\packages\system.windows.extensions\8.0.0\lib\net8.0\System.Windows.Extensions.dll [C:\Users\ultra\warewolf\Dev\Dev2.Common.Tests\Dev2.Common.Tests.csproj]
C:\Program Files\dotnet\sdk\10.0.201\Microsoft.Common.CurrentVersion.targets(2451,5): warning MSB3277:             C:\Users\ultra\.nuget\packages\system.security.permissions\8.0.0\lib\net8.0\System.Security.Permissions.dll [C:\Users\ultra\warewolf\Dev\Dev2.Common.Tests\Dev2.Common.Tests.csproj]
C:\Program Files\dotnet\sdk\10.0.201\Microsoft.Common.CurrentVersion.targets(2451,5): warning MSB3277:             C:\Users\ultra\warewolf\Dev\Dev2.Data\bin\Debug\net8.0\Dev2.Data.dll [C:\Users\ultra\warewolf\Dev\Dev2.Common.Tests\Dev2.Common.Tests.csproj]
C:\Program Files\dotnet\sdk\10.0.201\Microsoft.Common.CurrentVersion.targets(2451,5): warning MSB3277:             C:\Users\ultra\warewolf\Dev\Dev2.Activities\bin\Debug\net8.0\Dev2.Activities.dll [C:\Users\ultra\warewolf\Dev\Dev2.Common.Tests\Dev2.Common.Tests.csproj]
C:\Program Files\dotnet\sdk\10.0.201\Microsoft.Common.CurrentVersion.targets(2451,5): warning MSB3277:             C:\Users\ultra\warewolf\Dev\Dev2.Infrastructure.Tests\bin\Debug\net8.0\linux-x64\Dev2.Infrastructure.Tests.dll [C:\Users\ultra\warewolf\Dev\Dev2.Common.Tests\Dev2.Common.Tests.csproj]
C:\Program Files\dotnet\sdk\10.0.201\Microsoft.Common.CurrentVersion.targets(2451,5): warning MSB3277:             C:\Users\ultra\warewolf\Dev\Dev2.Runtime.Services\bin\Debug\net8.0\Dev2.Runtime.Services.dll [C:\Users\ultra\warewolf\Dev\Dev2.Common.Tests\Dev2.Common.Tests.csproj]
C:\Program Files\dotnet\sdk\10.0.201\Microsoft.Common.CurrentVersion.targets(2451,5): warning MSB3277:             C:\Users\ultra\warewolf\Dev\Dev2.Studio.Core\bin\Debug\net8.0\Dev2.Studio.Core.dll [C:\Users\ultra\warewolf\Dev\Dev2.Common.Tests\Dev2.Common.Tests.csproj]
C:\Program Files\dotnet\sdk\10.0.201\Microsoft.Common.CurrentVersion.targets(2451,5): warning MSB3277:             C:\Users\ultra\warewolf\Dev\Dev2.Core\bin\Debug\net8.0\Dev2.Core.dll [C:\Users\ultra\warewolf\Dev\Dev2.Common.Tests\Dev2.Common.Tests.csproj]
C:\Program Files\dotnet\sdk\10.0.201\Microsoft.Common.CurrentVersion.targets(2451,5): warning MSB3277:             C:\Users\ultra\warewolf\Dev\Dev2.Runtime\bin\Debug\net8.0\Dev2.Runtime.dll [C:\Users\ultra\warewolf\Dev\Dev2.Common.Tests\Dev2.Common.Tests.csproj]
C:\Program Files\dotnet\sdk\10.0.201\Microsoft.Common.CurrentVersion.targets(2451,5): warning MSB3277:             C:\Users\ultra\warewolf\Dev\Dev2.Runtime.WebServer\bin\Debug\net8.0\Dev2.Runtime.WebServer.dll [C:\Users\ultra\warewolf\Dev\Dev2.Common.Tests\Dev2.Common.Tests.csproj]
C:\Program Files\dotnet\sdk\10.0.201\Microsoft.Common.CurrentVersion.targets(2451,5): warning MSB3277:             C:\Users\ultra\warewolf\Dev\Dev2.Scheduler\bin\Debug\net8.0\Dev2.Scheduler.dll [C:\Users\ultra\warewolf\Dev\Dev2.Common.Tests\Dev2.Common.Tests.csproj]
C:\Program Files\dotnet\sdk\10.0.201\Microsoft.Common.CurrentVersion.targets(2451,5): warning MSB3277:             C:\Users\ultra\warewolf\Dev\Dev2.Services.Execution\bin\Debug\net8.0\Dev2.Services.Execution.dll [C:\Users\ultra\warewolf\Dev\Dev2.Common.Tests\Dev2.Common.Tests.csproj]
C:\Program Files\dotnet\sdk\10.0.201\Microsoft.Common.CurrentVersion.targets(2451,5): warning MSB3277:             C:\Users\ultra\warewolf\Dev\Dev2.Studio.Interfaces\bin\Debug\net8.0\Dev2.Studio.Interfaces.dll [C:\Users\ultra\warewolf\Dev\Dev2.Common.Tests\Dev2.Common.Tests.csproj]
C:\Program Files\dotnet\sdk\10.0.201\Microsoft.Common.CurrentVersion.targets(2451,5): warning MSB3277:             C:\Users\ultra\warewolf\Dev\Warewolf.Auditing\bin\Debug\net8.0\Warewolf.Auditing.dll [C:\Users\ultra\warewolf\Dev\Dev2.Common.Tests\Dev2.Common.Tests.csproj]
C:\Program Files\dotnet\sdk\10.0.201\Microsoft.Common.CurrentVersion.targets(2451,5): warning MSB3277:             C:\Users\ultra\warewolf\Dev\Warewolf.Common.Framework48\bin\Debug\net8.0\Warewolf.Common.Framework48.dll [C:\Users\ultra\warewolf\Dev\Dev2.Common.Tests\Dev2.Common.Tests.csproj]
C:\Program Files\dotnet\sdk\10.0.201\Microsoft.Common.CurrentVersion.targets(2451,5): warning MSB3277:             C:\Users\ultra\warewolf\Dev\Warewolf.Common.NetStandard20\bin\Debug\net8.0\Warewolf.Common.NetStandard20.dll [C:\Users\ultra\warewolf\Dev\Dev2.Common.Tests\Dev2.Common.Tests.csproj]
C:\Program Files\dotnet\sdk\10.0.201\Microsoft.Common.CurrentVersion.targets(2451,5): warning MSB3277:             C:\Users\ultra\warewolf\Dev\Warewolf.Core\bin\Debug\net8.0\Warewolf.Core.dll [C:\Users\ultra\warewolf\Dev\Dev2.Common.Tests\Dev2.Common.Tests.csproj]
C:\Program Files\dotnet\sdk\10.0.201\Microsoft.Common.CurrentVersion.targets(2451,5): warning MSB3277:             C:\Users\ultra\warewolf\Dev\Warewolf.Driver.Persistence\bin\Debug\net8.0\Warewolf.Driver.Persistence.dll [C:\Users\ultra\warewolf\Dev\Dev2.Common.Tests\Dev2.Common.Tests.csproj]
C:\Program Files\dotnet\sdk\10.0.201\Microsoft.Common.CurrentVersion.targets(2451,5): warning MSB3277:             C:\Users\ultra\warewolf\Dev\Warewolf.Exchange.Email.Wrapper\bin\Debug\net8.0\Warewolf.Exchange.Email.Wrapper.dll [C:\Users\ultra\warewolf\Dev\Dev2.Common.Tests\Dev2.Common.Tests.csproj]
C:\Program Files\dotnet\sdk\10.0.201\Microsoft.Common.CurrentVersion.targets(2451,5): warning MSB3277:             C:\Users\ultra\warewolf\Dev\Warewolf.ResourceManagement\bin\Debug\net8.0\Warewolf.ResourceManagement.dll [C:\Users\ultra\warewolf\Dev\Dev2.Common.Tests\Dev2.Common.Tests.csproj]
C:\Program Files\dotnet\sdk\10.0.201\Microsoft.Common.CurrentVersion.targets(2451,5): warning MSB3277:             C:\Users\ultra\warewolf\Dev\Warewolf.Studio.Core\bin\Debug\net8.0\Warewolf.Studio.Core.dll [C:\Users\ultra\warewolf\Dev\Dev2.Common.Tests\Dev2.Common.Tests.csproj]
C:\Program Files\dotnet\sdk\10.0.201\Microsoft.Common.CurrentVersion.targets(2451,5): warning MSB3277:             C:\Users\ultra\warewolf\Dev\Warewolf.Testing\bin\Debug\net8.0\Warewolf.Testing.dll [C:\Users\ultra\warewolf\Dev\Dev2.Common.Tests\Dev2.Common.Tests.csproj]
C:\Program Files\dotnet\sdk\10.0.201\Microsoft.Common.CurrentVersion.targets(2451,5): warning MSB3277:             C:\Users\ultra\.nuget\packages\dotnetzip\1.16.0\lib\netstandard2.0\DotNetZip.dll [C:\Users\ultra\warewolf\Dev\Dev2.Common.Tests\Dev2.Common.Tests.csproj]
C:\Program Files\dotnet\sdk\10.0.201\Microsoft.Common.CurrentVersion.targets(2451,5): warning MSB3277:             C:\Users\ultra\warewolf\Dev\Dev2.Common\bin\Debug\net8.0\Dev2.Common.dll [C:\Users\ultra\warewolf\Dev\Dev2.Common.Tests\Dev2.Common.Tests.csproj]
C:\Program Files\dotnet\sdk\10.0.201\Microsoft.Common.CurrentVersion.targets(2451,5): warning MSB3277:             C:\Users\ultra\warewolf\Dev\Dev2.Data.Interfaces\bin\Debug\net8.0\Dev2.Data.Interfaces.dll [C:\Users\ultra\warewolf\Dev\Dev2.Common.Tests\Dev2.Common.Tests.csproj]
C:\Program Files\dotnet\sdk\10.0.201\Microsoft.Common.CurrentVersion.targets(2451,5): warning MSB3277:             C:\Users\ultra\warewolf\Dev\Dev2.Diagnostics\bin\Debug\net8.0\Dev2.Diagnostics.dll [C:\Users\ultra\warewolf\Dev\Dev2.Common.Tests\Dev2.Common.Tests.csproj]
C:\Program Files\dotnet\sdk\10.0.201\Microsoft.Common.CurrentVersion.targets(2451,5): warning MSB3277:             C:\Users\ultra\warewolf\Dev\Dev2.Infrastructure\bin\Debug\net8.0\Dev2.Infrastructure.dll [C:\Users\ultra\warewolf\Dev\Dev2.Common.Tests\Dev2.Common.Tests.csproj]
C:\Program Files\dotnet\sdk\10.0.201\Microsoft.Common.CurrentVersion.targets(2451,5): warning MSB3277:             C:\Users\ultra\warewolf\Dev\Dev2.Development.Languages\bin\Debug\net8.0\Dev2.Development.Languages.dll [C:\Users\ultra\warewolf\Dev\Dev2.Common.Tests\Dev2.Common.Tests.csproj]
C:\Program Files\dotnet\sdk\10.0.201\Microsoft.Common.CurrentVersion.targets(2451,5): warning MSB3277:             C:\Users\ultra\warewolf\Dev\Dev2.Services.Sql\bin\Debug\net8.0\Dev2.Services.Sql.dll [C:\Users\ultra\warewolf\Dev\Dev2.Common.Tests\Dev2.Common.Tests.csproj]
C:\Program Files\dotnet\sdk\10.0.201\Microsoft.Common.CurrentVersion.targets(2451,5): warning MSB3277:             C:\Users\ultra\warewolf\Dev\Dev2.TaskScheduler.Wrappers\bin\Debug\net8.0\Dev2.TaskScheduler.Wrappers.dll [C:\Users\ultra\warewolf\Dev\Dev2.Common.Tests\Dev2.Common.Tests.csproj]
C:\Program Files\dotnet\sdk\10.0.201\Microsoft.Common.CurrentVersion.targets(2451,5): warning MSB3277:             C:\Users\ultra\warewolf\Dev\Dev2.Util\bin\Debug\net8.0\Dev2.Util.dll [C:\Users\ultra\warewolf\Dev\Dev2.Common.Tests\Dev2.Common.Tests.csproj]
C:\Program Files\dotnet\sdk\10.0.201\Microsoft.Common.CurrentVersion.targets(2451,5): warning MSB3277:             C:\Users\ultra\warewolf\Dev\Warewolf.AI.Harness\bin\Debug\net8.0\Warewolf.AI.Harness.dll [C:\Users\ultra\warewolf\Dev\Dev2.Common.Tests\Dev2.Common.Tests.csproj]
C:\Program Files\dotnet\sdk\10.0.201\Microsoft.Common.CurrentVersion.targets(2451,5): warning MSB3277:             C:\Users\ultra\warewolf\Dev\Warewolf.Driver.Serilog\bin\Debug\net8.0\Warewolf.Driver.Serilog.dll [C:\Users\ultra\warewolf\Dev\Dev2.Common.Tests\Dev2.Common.Tests.csproj]
C:\Program Files\dotnet\sdk\10.0.201\Microsoft.Common.CurrentVersion.targets(2451,5): warning MSB3277:             C:\Users\ultra\warewolf\Dev\Warewolf.Sharepoint\bin\Debug\net8.0\Warewolf.Sharepoint.dll [C:\Users\ultra\warewolf\Dev\Dev2.Common.Tests\Dev2.Common.Tests.csproj]
C:\Program Files\dotnet\sdk\10.0.201\Microsoft.Common.CurrentVersion.targets(2451,5): warning MSB3277:             C:\Users\ultra\warewolf\Dev\Warewolf.Storage\bin\Debug\net8.0\Warewolf.Storage.dll [C:\Users\ultra\warewolf\Dev\Dev2.Common.Tests\Dev2.Common.Tests.csproj]
C:\Program Files\dotnet\sdk\10.0.201\Microsoft.Common.CurrentVersion.targets(2451,5): warning MSB3277:             C:\Users\ultra\.nuget\packages\mindbox.data.linq\5.0.0\lib\netstandard2.0\Mindbox.Data.Linq.dll [C:\Users\ultra\warewolf\Dev\Dev2.Common.Tests\Dev2.Common.Tests.csproj]
C:\Program Files\dotnet\sdk\10.0.201\Microsoft.Common.CurrentVersion.targets(2451,5): warning MSB3277:             C:\Users\ultra\.nuget\packages\mysql.data\8.4.0\lib\net8.0\MySql.Data.dll [C:\Users\ultra\warewolf\Dev\Dev2.Common.Tests\Dev2.Common.Tests.csproj]
C:\Program Files\dotnet\sdk\10.0.201\Microsoft.Common.CurrentVersion.targets(2451,5): warning MSB3277:             C:\Users\ultra\.nuget\packages\oracle.manageddataaccess.core\3.21.70\lib\netstandard2.1\Oracle.ManagedDataAccess.dll [C:\Users\ultra\warewolf\Dev\Dev2.Common.Tests\Dev2.Common.Tests.csproj]
C:\Program Files\dotnet\sdk\10.0.201\Microsoft.Common.CurrentVersion.targets(2451,5): warning MSB3277:             C:\Users\ultra\.nuget\packages\system.directoryservices\6.0.0\lib\net6.0\System.DirectoryServices.dll [C:\Users\ultra\warewolf\Dev\Dev2.Common.Tests\Dev2.Common.Tests.csproj]
C:\Program Files\dotnet\sdk\10.0.201\Microsoft.Common.CurrentVersion.targets(2451,5): warning MSB3277:             C:\Users\ultra\.nuget\packages\corewcf.primitives\1.2.1\lib\netstandard2.0\CoreWCF.Primitives.dll [C:\Users\ultra\warewolf\Dev\Dev2.Common.Tests\Dev2.Common.Tests.csproj]
C:\Program Files\dotnet\sdk\10.0.201\Microsoft.Common.CurrentVersion.targets(2451,5): warning MSB3277:             C:\Users\ultra\.nuget\packages\corewcf.http\1.2.1\lib\netstandard2.0\CoreWCF.Http.dll [C:\Users\ultra\warewolf\Dev\Dev2.Common.Tests\Dev2.Common.Tests.csproj]
C:\Program Files\dotnet\sdk\10.0.201\Microsoft.Common.CurrentVersion.targets(2451,5): warning MSB3277:             C:\Users\ultra\.nuget\packages\corewcf.nettcp\1.2.1\lib\netstandard2.0\CoreWCF.NetTcp.dll [C:\Users\ultra\warewolf\Dev\Dev2.Common.Tests\Dev2.Common.Tests.csproj]
C:\Program Files\dotnet\sdk\10.0.201\Microsoft.Common.CurrentVersion.targets(2451,5): warning MSB3277:             C:\Users\ultra\.nuget\packages\corewcf.webhttp\1.2.1\lib\netstandard2.0\CoreWCF.WebHttp.dll [C:\Users\ultra\warewolf\Dev\Dev2.Common.Tests\Dev2.Common.Tests.csproj]
C:\Program Files\dotnet\sdk\10.0.201\Microsoft.Common.CurrentVersion.targets(2451,5): warning MSB3277:             C:\Program Files\dotnet\packs\Microsoft.NETCore.App.Ref\8.0.25\ref/net8.0/System.Configuration.dll [C:\Users\ultra\warewolf\Dev\Dev2.Common.Tests\Dev2.Common.Tests.csproj]
C:\Program Files\dotnet\sdk\10.0.201\Microsoft.Common.CurrentVersion.targets(2451,5): warning MSB3277:             C:\Users\ultra\.nuget\packages\prism.wpf\9.0.537\lib\net462\Prism.Wpf.dll [C:\Users\ultra\warewolf\Dev\Dev2.Common.Tests\Dev2.Common.Tests.csproj]
C:\Program Files\dotnet\sdk\10.0.201\Microsoft.Common.CurrentVersion.targets(2451,5): warning MSB3277:             C:\Program Files\dotnet\packs\Microsoft.NETCore.App.Ref\8.0.25\ref/net8.0/System.Data.dll [C:\Users\ultra\warewolf\Dev\Dev2.Common.Tests\Dev2.Common.Tests.csproj]
C:\Program Files\dotnet\sdk\10.0.201\Microsoft.Common.CurrentVersion.targets(2451,5): warning MSB3277:             C:\Users\ultra\.nuget\packages\taskschedulereditor\2.10.1\lib\net452\Microsoft.Win32.TaskSchedulerEditor.dll [C:\Users\ultra\warewolf\Dev\Dev2.Common.Tests\Dev2.Common.Tests.csproj]
C:\Program Files\dotnet\sdk\10.0.201\Microsoft.Common.CurrentVersion.targets(2451,5): warning MSB3277:             C:\Program Files\dotnet\packs\Microsoft.NETCore.App.Ref\8.0.25\ref/net8.0/System.Drawing.dll [C:\Users\ultra\warewolf\Dev\Dev2.Common.Tests\Dev2.Common.Tests.csproj]
C:\Program Files\dotnet\sdk\10.0.201\Microsoft.Common.CurrentVersion.targets(2451,5): warning MSB3277:             C:\Users\ultra\.nuget\packages\aerowizard\2.3.1\lib\net45\AeroWizard.dll [C:\Users\ultra\warewolf\Dev\Dev2.Common.Tests\Dev2.Common.Tests.csproj]
C:\Program Files\dotnet\sdk\10.0.201\Microsoft.Common.CurrentVersion.targets(2451,5): warning MSB3277:             C:\Users\ultra\.nuget\packages\groupcontrols\1.9.0\lib\net45\GroupControls.dll [C:\Users\ultra\warewolf\Dev\Dev2.Common.Tests\Dev2.Common.Tests.csproj]
C:\Program Files\dotnet\sdk\10.0.201\Microsoft.Common.CurrentVersion.targets(2451,5): warning MSB3277:             C:\Program Files\dotnet\packs\Microsoft.NETCore.App.Ref\8.0.25\ref/net8.0/System.Net.dll [C:\Users\ultra\warewolf\Dev\Dev2.Common.Tests\Dev2.Common.Tests.csproj]
C:\Program Files\dotnet\sdk\10.0.201\Microsoft.Common.CurrentVersion.targets(2451,5): warning MSB3277:             C:\Program Files\dotnet\packs\Microsoft.NETCore.App.Ref\8.0.25\ref/net8.0/System.Security.dll [C:\Users\ultra\warewolf\Dev\Dev2.Common.Tests\Dev2.Common.Tests.csproj]
C:\Program Files\dotnet\sdk\10.0.201\Microsoft.Common.CurrentVersion.targets(2451,5): warning MSB3277:             C:\Program Files\dotnet\packs\Microsoft.NETCore.App.Ref\8.0.25\ref/net8.0/System.ServiceProcess.dll [C:\Users\ultra\warewolf\Dev\Dev2.Common.Tests\Dev2.Common.Tests.csproj]
C:\Program Files\dotnet\sdk\10.0.201\Microsoft.Common.CurrentVersion.targets(2451,5): warning MSB3277:             C:\Program Files\dotnet\packs\Microsoft.NETCore.App.Ref\8.0.25\ref/net8.0/System.Transactions.dll [C:\Users\ultra\warewolf\Dev\Dev2.Common.Tests\Dev2.Common.Tests.csproj]
C:\Program Files\dotnet\sdk\10.0.201\Microsoft.Common.CurrentVersion.targets(2451,5): warning MSB3277:             C:\Program Files\dotnet\packs\Microsoft.NETCore.App.Ref\8.0.25\ref/net8.0/System.dll [C:\Users\ultra\warewolf\Dev\Dev2.Common.Tests\Dev2.Common.Tests.csproj]
C:\Program Files\dotnet\sdk\10.0.201\Microsoft.Common.CurrentVersion.targets(2451,5): warning MSB3277:             C:\Users\ultra\.nuget\packages\microsoft.xaml.behaviors.wpf\1.1.122\lib\net462\Microsoft.Xaml.Behaviors.dll [C:\Users\ultra\warewolf\Dev\Dev2.Common.Tests\Dev2.Common.Tests.csproj]
C:\Program Files\dotnet\sdk\10.0.201\Microsoft.Common.CurrentVersion.targets(2451,5): warning MSB3277:             C:\Users\ultra\.nuget\packages\caliburn.micro\4.0.212\lib\netcoreapp3.1\Caliburn.Micro.Platform.dll [C:\Users\ultra\warewolf\Dev\Dev2.Common.Tests\Dev2.Common.Tests.csproj]
C:\Program Files\dotnet\sdk\10.0.201\Microsoft.Common.CurrentVersion.targets(2451,5): warning MSB3277:             C:\Users\ultra\.nuget\packages\reactiveui.wpf\18.4.1\lib\net462\ReactiveUI.Wpf.dll [C:\Users\ultra\warewolf\Dev\Dev2.Common.Tests\Dev2.Common.Tests.csproj]
C:\Program Files\dotnet\sdk\10.0.201\Microsoft.Common.CurrentVersion.targets(2451,5): warning MSB3277:             C:\Users\ultra\.nuget\packages\ttcue.netcore.sharepointonline.csom.16.1.8029.1200\16.1.8029.1200\lib\netcoreapp2.0\Microsoft.SharePoint.Client.Runtime.Windows.dll [C:\Users\ultra\warewolf\Dev\Dev2.Common.Tests\Dev2.Common.Tests.csproj]
C:\Program Files\dotnet\sdk\10.0.201\Microsoft.Common.CurrentVersion.targets(2451,5): warning MSB3277:             C:\Program Files\dotnet\packs\Microsoft.NETCore.App.Ref\8.0.25\ref/net8.0/WindowsBase.dll [C:\Users\ultra\warewolf\Dev\Dev2.Common.Tests\Dev2.Common.Tests.csproj]
C:\Program Files\dotnet\sdk\10.0.201\Microsoft.Common.CurrentVersion.targets(2451,5): warning MSB3277:             C:\Program Files\dotnet\packs\Microsoft.NETCore.App.Ref\8.0.25\ref/net8.0/mscorlib.dll [C:\Users\ultra\warewolf\Dev\Dev2.Common.Tests\Dev2.Common.Tests.csproj]
C:\Program Files\dotnet\sdk\10.0.201\Microsoft.Common.CurrentVersion.targets(2451,5): warning MSB3277:             C:\Users\ultra\.nuget\packages\hangfire.core\1.7.32\lib\netstandard2.0\Hangfire.Core.dll [C:\Users\ultra\warewolf\Dev\Dev2.Common.Tests\Dev2.Common.Tests.csproj]
C:\Program Files\dotnet\sdk\10.0.201\Microsoft.Common.CurrentVersion.targets(2451,5): warning MSB3277:             C:\Users\ultra\.nuget\packages\hangfire.sqlserver\1.7.32\lib\netstandard2.0\Hangfire.SqlServer.dll [C:\Users\ultra\warewolf\Dev\Dev2.Common.Tests\Dev2.Common.Tests.csproj]
C:\Program Files\dotnet\sdk\10.0.201\Microsoft.Common.CurrentVersion.targets(2451,5): warning MSB3277:             C:\Users\ultra\.nuget\packages\microsoft.codecoverage\17.13.0\lib\netcoreapp3.1\Microsoft.VisualStudio.CodeCoverage.Shim.dll [C:\Users\ultra\warewolf\Dev\Dev2.Common.Tests\Dev2.Common.Tests.csproj]
C:\Program Files\dotnet\sdk\10.0.201\Microsoft.Common.CurrentVersion.targets(2451,5): warning MSB3277:         C:\Program Files\dotnet\packs\Microsoft.NETCore.App.Ref\8.0.25\ref\net8.0\System.Drawing.dll [C:\Users\ultra\warewolf\Dev\Dev2.Common.Tests\Dev2.Common.Tests.csproj]
C:\Program Files\dotnet\sdk\10.0.201\Microsoft.Common.CurrentVersion.targets(2451,5): warning MSB3277:           Project file item includes which caused reference "C:\Program Files\dotnet\packs\Microsoft.NETCore.App.Ref\8.0.25\ref\net8.0\System.Drawing.dll". [C:\Users\ultra\warewolf\Dev\Dev2.Common.Tests\Dev2.Common.Tests.csproj]
C:\Program Files\dotnet\sdk\10.0.201\Microsoft.Common.CurrentVersion.targets(2451,5): warning MSB3277:             C:\Program Files\dotnet\packs\Microsoft.NETCore.App.Ref\8.0.25\ref/net8.0/System.Drawing.dll [C:\Users\ultra\warewolf\Dev\Dev2.Common.Tests\Dev2.Common.Tests.csproj]
C:\Program Files\dotnet\sdk\10.0.201\Microsoft.Common.CurrentVersion.targets(2451,5): warning MSB3277:             C:\Users\ultra\.nuget\packages\aerowizard\2.3.1\lib\net45\AeroWizard.dll [C:\Users\ultra\warewolf\Dev\Dev2.Common.Tests\Dev2.Common.Tests.csproj]
C:\Program Files\dotnet\sdk\10.0.201\Microsoft.Common.CurrentVersion.targets(2451,5): warning MSB3277:             C:\Users\ultra\.nuget\packages\groupcontrols\1.9.0\lib\net45\GroupControls.dll [C:\Users\ultra\warewolf\Dev\Dev2.Common.Tests\Dev2.Common.Tests.csproj]
C:\Program Files\dotnet\sdk\10.0.201\Microsoft.Common.CurrentVersion.targets(2451,5): warning MSB3277:             C:\Users\ultra\.nuget\packages\taskschedulereditor\2.10.1\lib\net452\Microsoft.Win32.TaskSchedulerEditor.dll [C:\Users\ultra\warewolf\Dev\Dev2.Common.Tests\Dev2.Common.Tests.csproj]
C:\Users\ultra\warewolf\Dev\Dev2.Common.Tests\UtilitiesTests.cs(281,58): warning CA1416: This call site is reachable on all platforms. 'WindowsIdentity.GetCurrent()' is only supported on: 'windows'. (https://learn.microsoft.com/dotnet/fundamentals/code-analysis/quality-rules/ca1416) [C:\Users\ultra\warewolf\Dev\Dev2.Common.Tests\Dev2.Common.Tests.csproj]
C:\Users\ultra\warewolf\Dev\Dev2.Common.Tests\UtilitiesTests.cs(216,58): warning CA1416: This call site is reachable on all platforms. 'WindowsIdentity.GetAnonymous()' is only supported on: 'windows'. (https://learn.microsoft.com/dotnet/fundamentals/code-analysis/quality-rules/ca1416) [C:\Users\ultra\warewolf\Dev\Dev2.Common.Tests\Dev2.Common.Tests.csproj]
C:\Users\ultra\warewolf\Dev\Dev2.Common.Tests\UtilitiesTests.cs(249,68): warning CA1416: This call site is reachable on all platforms. 'WindowsIdentity.GetCurrent()' is only supported on: 'windows'. (https://learn.microsoft.com/dotnet/fundamentals/code-analysis/quality-rules/ca1416) [C:\Users\ultra\warewolf\Dev\Dev2.Common.Tests\Dev2.Common.Tests.csproj]
C:\Users\ultra\warewolf\Dev\Dev2.Common.Tests\UtilitiesTests.cs(247,58): warning CA1416: This call site is reachable on all platforms. 'WindowsIdentity.GetCurrent()' is only supported on: 'windows'. (https://learn.microsoft.com/dotnet/fundamentals/code-analysis/quality-rules/ca1416) [C:\Users\ultra\warewolf\Dev\Dev2.Common.Tests\Dev2.Common.Tests.csproj]
C:\Users\ultra\warewolf\Dev\Dev2.Common.Tests\UtilitiesTests.cs(218,68): warning CA1416: This call site is reachable on all platforms. 'WindowsIdentity.GetAnonymous()' is only supported on: 'windows'. (https://learn.microsoft.com/dotnet/fundamentals/code-analysis/quality-rules/ca1416) [C:\Users\ultra\warewolf\Dev\Dev2.Common.Tests\Dev2.Common.Tests.csproj]
C:\Users\ultra\warewolf\Dev\Dev2.Common.Tests\UtilitiesTests.cs(283,68): warning CA1416: This call site is reachable on all platforms. 'WindowsIdentity.GetCurrent()' is only supported on: 'windows'. (https://learn.microsoft.com/dotnet/fundamentals/code-analysis/quality-rules/ca1416) [C:\Users\ultra\warewolf\Dev\Dev2.Common.Tests\Dev2.Common.Tests.csproj]
  Dev2.Common.Tests -> C:\Users\ultra\warewolf\Dev\Dev2.Common.Tests\bin\Debug\net8.0\linux-x64\Dev2.Common.Tests.dll
  Dev2.Common.Tests -> C:\Users\ultra\warewolf\Bin\ServerTests-Linux\Dev2.Common.Tests\
Publishing Dev2.CustomControls.Tests for linux-x64...
  Determining projects to restore...
C:\Users\ultra\warewolf\Dev\Dev2.CustomControls\Dev2.CustomControls.csproj(135,14): warning MSB4130: The condition "'$(TargetFramework)' != '' and ($(TargetFramework.EndsWith('-windows')) or '$(TargetFramework)' == 'net48') Or '$(TargetFrameworkIdentifier)' == '.NETFramework'" may have been evaluated incorrectly in an earlier version of MSBuild. Please verify that the order of the AND and OR clauses is written as intended. To avoid this warning, add parentheses to make the evaluation order explicit.
C:\Users\ultra\warewolf\Dev\Warewolf.Language.Parser\Warewolf.Language.Parser.fsproj : warning NU1504: Duplicate 'PackageReference' items found. Remove the duplicate items or use the Update functionality to ensure a consistent restore behavior. The duplicate 'PackageReference' items are: FSharp.Core 10.1.201, FSharp.Core 4.6.2.
C:\Users\ultra\warewolf\Dev\Warewolf.Security\Warewolf.Security.csproj : warning NU1904: Package 'System.Drawing.Common' 4.5.1 has a known critical severity vulnerability, https://github.com/advisories/GHSA-rxg9-xrhp-64gj [C:\Users\ultra\warewolf\Dev\Dev2.CustomControls.Tests\Dev2.CustomControls.Tests.csproj]
C:\Users\ultra\warewolf\Dev\Dev2.Common.Interfaces\Dev2.Common.Interfaces.csproj : warning NU1903: Package 'Microsoft.Windows.Compatibility' 6.0.0 has a known high severity vulnerability, https://github.com/advisories/GHSA-555c-2p6r-68mm [C:\Users\ultra\warewolf\Dev\Dev2.CustomControls.Tests\Dev2.CustomControls.Tests.csproj]
C:\Users\ultra\warewolf\Dev\Dev2.Util\Dev2.Util.csproj : warning NU1903: Package 'Microsoft.Windows.Compatibility' 6.0.0 has a known high severity vulnerability, https://github.com/advisories/GHSA-555c-2p6r-68mm [C:\Users\ultra\warewolf\Dev\Dev2.CustomControls.Tests\Dev2.CustomControls.Tests.csproj]
C:\Users\ultra\warewolf\Dev\Dev2.Common\Dev2.Common.csproj : warning NU1903: Package 'Microsoft.Windows.Compatibility' 6.0.0 has a known high severity vulnerability, https://github.com/advisories/GHSA-555c-2p6r-68mm [C:\Users\ultra\warewolf\Dev\Dev2.CustomControls.Tests\Dev2.CustomControls.Tests.csproj]
C:\Users\ultra\warewolf\Dev\Warewolf.Common\Warewolf.Common.csproj : warning NU1701: Package 'AeroWizard 2.3.1' was restored using '.NETFramework,Version=v4.6.1, .NETFramework,Version=v4.6.2, .NETFramework,Version=v4.7, .NETFramework,Version=v4.7.1, .NETFramework,Version=v4.7.2, .NETFramework,Version=v4.8, .NETFramework,Version=v4.8.1' instead of the project target framework 'net8.0'. This package may not be fully compatible with your project. [C:\Users\ultra\warewolf\Dev\Dev2.CustomControls.Tests\Dev2.CustomControls.Tests.csproj]
C:\Users\ultra\warewolf\Dev\Warewolf.Storage.Interfaces\Warewolf.Storage.Interfaces.csproj : warning NU1701: Package 'AeroWizard 2.3.1' was restored using '.NETFramework,Version=v4.6.1, .NETFramework,Version=v4.6.2, .NETFramework,Version=v4.7, .NETFramework,Version=v4.7.1, .NETFramework,Version=v4.7.2, .NETFramework,Version=v4.8, .NETFramework,Version=v4.8.1' instead of the project target framework 'net8.0'. This package may not be fully compatible with your project. [C:\Users\ultra\warewolf\Dev\Dev2.CustomControls.Tests\Dev2.CustomControls.Tests.csproj]
C:\Users\ultra\warewolf\Dev\Warewolf.Data\Warewolf.Data.csproj : warning NU1701: Package 'AeroWizard 2.3.1' was restored using '.NETFramework,Version=v4.6.1, .NETFramework,Version=v4.6.2, .NETFramework,Version=v4.7, .NETFramework,Version=v4.7.1, .NETFramework,Version=v4.7.2, .NETFramework,Version=v4.8, .NETFramework,Version=v4.8.1' instead of the project target framework 'net8.0'. This package may not be fully compatible with your project. [C:\Users\ultra\warewolf\Dev\Dev2.CustomControls.Tests\Dev2.CustomControls.Tests.csproj]
C:\Users\ultra\warewolf\Dev\Dev2.Common.Interfaces\Dev2.Common.Interfaces.csproj : warning NU1701: Package 'AeroWizard 2.3.1' was restored using '.NETFramework,Version=v4.6.1, .NETFramework,Version=v4.6.2, .NETFramework,Version=v4.7, .NETFramework,Version=v4.7.1, .NETFramework,Version=v4.7.2, .NETFramework,Version=v4.8, .NETFramework,Version=v4.8.1' instead of the project target framework 'net8.0'. This package may not be fully compatible with your project. [C:\Users\ultra\warewolf\Dev\Dev2.CustomControls.Tests\Dev2.CustomControls.Tests.csproj]
C:\Users\ultra\warewolf\Dev\Dev2.Common\Dev2.Common.csproj : warning NU1701: Package 'AeroWizard 2.3.1' was restored using '.NETFramework,Version=v4.6.1, .NETFramework,Version=v4.6.2, .NETFramework,Version=v4.7, .NETFramework,Version=v4.7.1, .NETFramework,Version=v4.7.2, .NETFramework,Version=v4.8, .NETFramework,Version=v4.8.1' instead of the project target framework 'net8.0'. This package may not be fully compatible with your project. [C:\Users\ultra\warewolf\Dev\Dev2.CustomControls.Tests\Dev2.CustomControls.Tests.csproj]
C:\Users\ultra\warewolf\Dev\Dev2.Common.Interfaces\Dev2.Common.Interfaces.csproj : warning NU1701: Package 'GroupControls 1.9.0' was restored using '.NETFramework,Version=v4.6.1, .NETFramework,Version=v4.6.2, .NETFramework,Version=v4.7, .NETFramework,Version=v4.7.1, .NETFramework,Version=v4.7.2, .NETFramework,Version=v4.8, .NETFramework,Version=v4.8.1' instead of the project target framework 'net8.0'. This package may not be fully compatible with your project. [C:\Users\ultra\warewolf\Dev\Dev2.CustomControls.Tests\Dev2.CustomControls.Tests.csproj]
C:\Users\ultra\warewolf\Dev\Warewolf.Common\Warewolf.Common.csproj : warning NU1701: Package 'GroupControls 1.9.0' was restored using '.NETFramework,Version=v4.6.1, .NETFramework,Version=v4.6.2, .NETFramework,Version=v4.7, .NETFramework,Version=v4.7.1, .NETFramework,Version=v4.7.2, .NETFramework,Version=v4.8, .NETFramework,Version=v4.8.1' instead of the project target framework 'net8.0'. This package may not be fully compatible with your project. [C:\Users\ultra\warewolf\Dev\Dev2.CustomControls.Tests\Dev2.CustomControls.Tests.csproj]
C:\Users\ultra\warewolf\Dev\Dev2.Common\Dev2.Common.csproj : warning NU1701: Package 'GroupControls 1.9.0' was restored using '.NETFramework,Version=v4.6.1, .NETFramework,Version=v4.6.2, .NETFramework,Version=v4.7, .NETFramework,Version=v4.7.1, .NETFramework,Version=v4.7.2, .NETFramework,Version=v4.8, .NETFramework,Version=v4.8.1' instead of the project target framework 'net8.0'. This package may not be fully compatible with your project. [C:\Users\ultra\warewolf\Dev\Dev2.CustomControls.Tests\Dev2.CustomControls.Tests.csproj]
C:\Users\ultra\warewolf\Dev\Dev2.Common.Interfaces\Dev2.Common.Interfaces.csproj : warning NU1701: Package 'TaskSchedulerEditor 2.10.1' was restored using '.NETFramework,Version=v4.6.1, .NETFramework,Version=v4.6.2, .NETFramework,Version=v4.7, .NETFramework,Version=v4.7.1, .NETFramework,Version=v4.7.2, .NETFramework,Version=v4.8, .NETFramework,Version=v4.8.1' instead of the project target framework 'net8.0'. This package may not be fully compatible with your project. [C:\Users\ultra\warewolf\Dev\Dev2.CustomControls.Tests\Dev2.CustomControls.Tests.csproj]
C:\Users\ultra\warewolf\Dev\Dev2.Data.Interfaces\Dev2.Data.Interfaces.csproj : warning NU1903: Package 'DotNetZip' 1.16.0 has a known high severity vulnerability, https://github.com/advisories/GHSA-xhg6-9j5j-w4vf [C:\Users\ultra\warewolf\Dev\Dev2.CustomControls.Tests\Dev2.CustomControls.Tests.csproj]
C:\Users\ultra\warewolf\Dev\Warewolf.Data\Warewolf.Data.csproj : warning NU1701: Package 'GroupControls 1.9.0' was restored using '.NETFramework,Version=v4.6.1, .NETFramework,Version=v4.6.2, .NETFramework,Version=v4.7, .NETFramework,Version=v4.7.1, .NETFramework,Version=v4.7.2, .NETFramework,Version=v4.8, .NETFramework,Version=v4.8.1' instead of the project target framework 'net8.0'. This package may not be fully compatible with your project. [C:\Users\ultra\warewolf\Dev\Dev2.CustomControls.Tests\Dev2.CustomControls.Tests.csproj]
C:\Users\ultra\warewolf\Dev\Warewolf.Common\Warewolf.Common.csproj : warning NU1701: Package 'TaskSchedulerEditor 2.10.1' was restored using '.NETFramework,Version=v4.6.1, .NETFramework,Version=v4.6.2, .NETFramework,Version=v4.7, .NETFramework,Version=v4.7.1, .NETFramework,Version=v4.7.2, .NETFramework,Version=v4.8, .NETFramework,Version=v4.8.1' instead of the project target framework 'net8.0'. This package may not be fully compatible with your project. [C:\Users\ultra\warewolf\Dev\Dev2.CustomControls.Tests\Dev2.CustomControls.Tests.csproj]
C:\Users\ultra\warewolf\Dev\Dev2.Util\Dev2.Util.csproj : warning NU1701: Package 'AeroWizard 2.3.1' was restored using '.NETFramework,Version=v4.6.1, .NETFramework,Version=v4.6.2, .NETFramework,Version=v4.7, .NETFramework,Version=v4.7.1, .NETFramework,Version=v4.7.2, .NETFramework,Version=v4.8, .NETFramework,Version=v4.8.1' instead of the project target framework 'net8.0'. This package may not be fully compatible with your project. [C:\Users\ultra\warewolf\Dev\Dev2.CustomControls.Tests\Dev2.CustomControls.Tests.csproj]
C:\Users\ultra\warewolf\Dev\Dev2.Common\Dev2.Common.csproj : warning NU1701: Package 'TaskSchedulerEditor 2.10.1' was restored using '.NETFramework,Version=v4.6.1, .NETFramework,Version=v4.6.2, .NETFramework,Version=v4.7, .NETFramework,Version=v4.7.1, .NETFramework,Version=v4.7.2, .NETFramework,Version=v4.8, .NETFramework,Version=v4.8.1' instead of the project target framework 'net8.0'. This package may not be fully compatible with your project. [C:\Users\ultra\warewolf\Dev\Dev2.CustomControls.Tests\Dev2.CustomControls.Tests.csproj]
C:\Users\ultra\warewolf\Dev\Warewolf.Storage.Interfaces\Warewolf.Storage.Interfaces.csproj : warning NU1701: Package 'GroupControls 1.9.0' was restored using '.NETFramework,Version=v4.6.1, .NETFramework,Version=v4.6.2, .NETFramework,Version=v4.7, .NETFramework,Version=v4.7.1, .NETFramework,Version=v4.7.2, .NETFramework,Version=v4.8, .NETFramework,Version=v4.8.1' instead of the project target framework 'net8.0'. This package may not be fully compatible with your project. [C:\Users\ultra\warewolf\Dev\Dev2.CustomControls.Tests\Dev2.CustomControls.Tests.csproj]
C:\Users\ultra\warewolf\Dev\Dev2.Data.Interfaces\Dev2.Data.Interfaces.csproj : warning NU1701: Package 'AeroWizard 2.3.1' was restored using '.NETFramework,Version=v4.6.1, .NETFramework,Version=v4.6.2, .NETFramework,Version=v4.7, .NETFramework,Version=v4.7.1, .NETFramework,Version=v4.7.2, .NETFramework,Version=v4.8, .NETFramework,Version=v4.8.1' instead of the project target framework 'net8.0'. This package may not be fully compatible with your project. [C:\Users\ultra\warewolf\Dev\Dev2.CustomControls.Tests\Dev2.CustomControls.Tests.csproj]
C:\Users\ultra\warewolf\Dev\Warewolf.Data\Warewolf.Data.csproj : warning NU1701: Package 'TaskSchedulerEditor 2.10.1' was restored using '.NETFramework,Version=v4.6.1, .NETFramework,Version=v4.6.2, .NETFramework,Version=v4.7, .NETFramework,Version=v4.7.1, .NETFramework,Version=v4.7.2, .NETFramework,Version=v4.8, .NETFramework,Version=v4.8.1' instead of the project target framework 'net8.0'. This package may not be fully compatible with your project. [C:\Users\ultra\warewolf\Dev\Dev2.CustomControls.Tests\Dev2.CustomControls.Tests.csproj]
C:\Users\ultra\warewolf\Dev\Dev2.Util\Dev2.Util.csproj : warning NU1701: Package 'GroupControls 1.9.0' was restored using '.NETFramework,Version=v4.6.1, .NETFramework,Version=v4.6.2, .NETFramework,Version=v4.7, .NETFramework,Version=v4.7.1, .NETFramework,Version=v4.7.2, .NETFramework,Version=v4.8, .NETFramework,Version=v4.8.1' instead of the project target framework 'net8.0'. This package may not be fully compatible with your project. [C:\Users\ultra\warewolf\Dev\Dev2.CustomControls.Tests\Dev2.CustomControls.Tests.csproj]
C:\Users\ultra\warewolf\Dev\Warewolf.Storage.Interfaces\Warewolf.Storage.Interfaces.csproj : warning NU1701: Package 'TaskSchedulerEditor 2.10.1' was restored using '.NETFramework,Version=v4.6.1, .NETFramework,Version=v4.6.2, .NETFramework,Version=v4.7, .NETFramework,Version=v4.7.1, .NETFramework,Version=v4.7.2, .NETFramework,Version=v4.8, .NETFramework,Version=v4.8.1' instead of the project target framework 'net8.0'. This package may not be fully compatible with your project. [C:\Users\ultra\warewolf\Dev\Dev2.CustomControls.Tests\Dev2.CustomControls.Tests.csproj]
C:\Users\ultra\warewolf\Dev\Dev2.Data.Interfaces\Dev2.Data.Interfaces.csproj : warning NU1701: Package 'GroupControls 1.9.0' was restored using '.NETFramework,Version=v4.6.1, .NETFramework,Version=v4.6.2, .NETFramework,Version=v4.7, .NETFramework,Version=v4.7.1, .NETFramework,Version=v4.7.2, .NETFramework,Version=v4.8, .NETFramework,Version=v4.8.1' instead of the project target framework 'net8.0'. This package may not be fully compatible with your project. [C:\Users\ultra\warewolf\Dev\Dev2.CustomControls.Tests\Dev2.CustomControls.Tests.csproj]
C:\Users\ultra\warewolf\Dev\Dev2.Util\Dev2.Util.csproj : warning NU1701: Package 'TaskSchedulerEditor 2.10.1' was restored using '.NETFramework,Version=v4.6.1, .NETFramework,Version=v4.6.2, .NETFramework,Version=v4.7, .NETFramework,Version=v4.7.1, .NETFramework,Version=v4.7.2, .NETFramework,Version=v4.8, .NETFramework,Version=v4.8.1' instead of the project target framework 'net8.0'. This package may not be fully compatible with your project. [C:\Users\ultra\warewolf\Dev\Dev2.CustomControls.Tests\Dev2.CustomControls.Tests.csproj]
C:\Users\ultra\warewolf\Dev\Dev2.Data.Interfaces\Dev2.Data.Interfaces.csproj : warning NU1701: Package 'TaskSchedulerEditor 2.10.1' was restored using '.NETFramework,Version=v4.6.1, .NETFramework,Version=v4.6.2, .NETFramework,Version=v4.7, .NETFramework,Version=v4.7.1, .NETFramework,Version=v4.7.2, .NETFramework,Version=v4.8, .NETFramework,Version=v4.8.1' instead of the project target framework 'net8.0'. This package may not be fully compatible with your project. [C:\Users\ultra\warewolf\Dev\Dev2.CustomControls.Tests\Dev2.CustomControls.Tests.csproj]
C:\Users\ultra\warewolf\Dev\Dev2.CustomControls\Dev2.CustomControls.csproj : warning NU1903: Package 'Microsoft.Windows.Compatibility' 6.0.0 has a known high severity vulnerability, https://github.com/advisories/GHSA-555c-2p6r-68mm [C:\Users\ultra\warewolf\Dev\Dev2.CustomControls.Tests\Dev2.CustomControls.Tests.csproj]
C:\Users\ultra\warewolf\Dev\Dev2.CustomControls\Dev2.CustomControls.csproj : warning NU1701: Package 'AeroWizard 2.3.1' was restored using '.NETFramework,Version=v4.6.1, .NETFramework,Version=v4.6.2, .NETFramework,Version=v4.7, .NETFramework,Version=v4.7.1, .NETFramework,Version=v4.7.2, .NETFramework,Version=v4.8, .NETFramework,Version=v4.8.1' instead of the project target framework 'net8.0'. This package may not be fully compatible with your project. [C:\Users\ultra\warewolf\Dev\Dev2.CustomControls.Tests\Dev2.CustomControls.Tests.csproj]
C:\Users\ultra\warewolf\Dev\Dev2.CustomControls\Dev2.CustomControls.csproj : warning NU1701: Package 'GroupControls 1.9.0' was restored using '.NETFramework,Version=v4.6.1, .NETFramework,Version=v4.6.2, .NETFramework,Version=v4.7, .NETFramework,Version=v4.7.1, .NETFramework,Version=v4.7.2, .NETFramework,Version=v4.8, .NETFramework,Version=v4.8.1' instead of the project target framework 'net8.0'. This package may not be fully compatible with your project. [C:\Users\ultra\warewolf\Dev\Dev2.CustomControls.Tests\Dev2.CustomControls.Tests.csproj]
C:\Users\ultra\warewolf\Dev\Dev2.CustomControls\Dev2.CustomControls.csproj : warning NU1701: Package 'TaskSchedulerEditor 2.10.1' was restored using '.NETFramework,Version=v4.6.1, .NETFramework,Version=v4.6.2, .NETFramework,Version=v4.7, .NETFramework,Version=v4.7.1, .NETFramework,Version=v4.7.2, .NETFramework,Version=v4.8, .NETFramework,Version=v4.8.1' instead of the project target framework 'net8.0'. This package may not be fully compatible with your project. [C:\Users\ultra\warewolf\Dev\Dev2.CustomControls.Tests\Dev2.CustomControls.Tests.csproj]
C:\Users\ultra\warewolf\Dev\Dev2.CustomControls.Tests\Dev2.CustomControls.Tests.csproj : warning NU1701: Package 'AeroWizard 2.3.1' was restored using '.NETFramework,Version=v4.6.1, .NETFramework,Version=v4.6.2, .NETFramework,Version=v4.7, .NETFramework,Version=v4.7.1, .NETFramework,Version=v4.7.2, .NETFramework,Version=v4.8, .NETFramework,Version=v4.8.1' instead of the project target framework 'net8.0'. This package may not be fully compatible with your project.
C:\Users\ultra\warewolf\Dev\Dev2.CustomControls.Tests\Dev2.CustomControls.Tests.csproj : warning NU1701: Package 'GroupControls 1.9.0' was restored using '.NETFramework,Version=v4.6.1, .NETFramework,Version=v4.6.2, .NETFramework,Version=v4.7, .NETFramework,Version=v4.7.1, .NETFramework,Version=v4.7.2, .NETFramework,Version=v4.8, .NETFramework,Version=v4.8.1' instead of the project target framework 'net8.0'. This package may not be fully compatible with your project.
C:\Users\ultra\warewolf\Dev\Dev2.CustomControls.Tests\Dev2.CustomControls.Tests.csproj : warning NU1701: Package 'TaskSchedulerEditor 2.10.1' was restored using '.NETFramework,Version=v4.6.1, .NETFramework,Version=v4.6.2, .NETFramework,Version=v4.7, .NETFramework,Version=v4.7.1, .NETFramework,Version=v4.7.2, .NETFramework,Version=v4.8, .NETFramework,Version=v4.8.1' instead of the project target framework 'net8.0'. This package may not be fully compatible with your project.
  Restored C:\Users\ultra\warewolf\Dev\Dev2.CustomControls.Tests\Dev2.CustomControls.Tests.csproj (in 500 ms).
  17 of 18 projects are up-to-date for restore.
C:\Users\ultra\warewolf\Dev\Dev2.CustomControls.Tests\Dev2.CustomControls.Tests.csproj : warning NU1701: Package 'AeroWizard 2.3.1' was restored using '.NETFramework,Version=v4.6.1, .NETFramework,Version=v4.6.2, .NETFramework,Version=v4.7, .NETFramework,Version=v4.7.1, .NETFramework,Version=v4.7.2, .NETFramework,Version=v4.8, .NETFramework,Version=v4.8.1' instead of the project target framework 'net8.0'. This package may not be fully compatible with your project.
C:\Users\ultra\warewolf\Dev\Dev2.CustomControls.Tests\Dev2.CustomControls.Tests.csproj : warning NU1701: Package 'GroupControls 1.9.0' was restored using '.NETFramework,Version=v4.6.1, .NETFramework,Version=v4.6.2, .NETFramework,Version=v4.7, .NETFramework,Version=v4.7.1, .NETFramework,Version=v4.7.2, .NETFramework,Version=v4.8, .NETFramework,Version=v4.8.1' instead of the project target framework 'net8.0'. This package may not be fully compatible with your project.
C:\Users\ultra\warewolf\Dev\Dev2.CustomControls.Tests\Dev2.CustomControls.Tests.csproj : warning NU1701: Package 'TaskSchedulerEditor 2.10.1' was restored using '.NETFramework,Version=v4.6.1, .NETFramework,Version=v4.6.2, .NETFramework,Version=v4.7, .NETFramework,Version=v4.7.1, .NETFramework,Version=v4.7.2, .NETFramework,Version=v4.8, .NETFramework,Version=v4.8.1' instead of the project target framework 'net8.0'. This package may not be fully compatible with your project.
C:\Users\ultra\warewolf\Dev\Warewolf.Language.Parser\Warewolf.Language.Parser.fsproj : warning NU1504: Duplicate 'PackageReference' items found. Remove the duplicate items or use the Update functionality to ensure a consistent restore behavior. The duplicate 'PackageReference' items are: FSharp.Core 10.1.201, FSharp.Core 4.6.2.
C:\Users\ultra\warewolf\Dev\Warewolf.Common\Warewolf.Common.csproj : warning NU1701: Package 'AeroWizard 2.3.1' was restored using '.NETFramework,Version=v4.6.1, .NETFramework,Version=v4.6.2, .NETFramework,Version=v4.7, .NETFramework,Version=v4.7.1, .NETFramework,Version=v4.7.2, .NETFramework,Version=v4.8, .NETFramework,Version=v4.8.1' instead of the project target framework 'net8.0'. This package may not be fully compatible with your project.
C:\Users\ultra\warewolf\Dev\Warewolf.Common\Warewolf.Common.csproj : warning NU1701: Package 'GroupControls 1.9.0' was restored using '.NETFramework,Version=v4.6.1, .NETFramework,Version=v4.6.2, .NETFramework,Version=v4.7, .NETFramework,Version=v4.7.1, .NETFramework,Version=v4.7.2, .NETFramework,Version=v4.8, .NETFramework,Version=v4.8.1' instead of the project target framework 'net8.0'. This package may not be fully compatible with your project.
C:\Users\ultra\warewolf\Dev\Warewolf.Common\Warewolf.Common.csproj : warning NU1701: Package 'TaskSchedulerEditor 2.10.1' was restored using '.NETFramework,Version=v4.6.1, .NETFramework,Version=v4.6.2, .NETFramework,Version=v4.7, .NETFramework,Version=v4.7.1, .NETFramework,Version=v4.7.2, .NETFramework,Version=v4.8, .NETFramework,Version=v4.8.1' instead of the project target framework 'net8.0'. This package may not be fully compatible with your project.
C:\Users\ultra\warewolf\Dev\Warewolf.Data\Warewolf.Data.csproj : warning NU1701: Package 'AeroWizard 2.3.1' was restored using '.NETFramework,Version=v4.6.1, .NETFramework,Version=v4.6.2, .NETFramework,Version=v4.7, .NETFramework,Version=v4.7.1, .NETFramework,Version=v4.7.2, .NETFramework,Version=v4.8, .NETFramework,Version=v4.8.1' instead of the project target framework 'net8.0'. This package may not be fully compatible with your project.
C:\Users\ultra\warewolf\Dev\Warewolf.Data\Warewolf.Data.csproj : warning NU1701: Package 'GroupControls 1.9.0' was restored using '.NETFramework,Version=v4.6.1, .NETFramework,Version=v4.6.2, .NETFramework,Version=v4.7, .NETFramework,Version=v4.7.1, .NETFramework,Version=v4.7.2, .NETFramework,Version=v4.8, .NETFramework,Version=v4.8.1' instead of the project target framework 'net8.0'. This package may not be fully compatible with your project.
C:\Users\ultra\warewolf\Dev\Warewolf.Data\Warewolf.Data.csproj : warning NU1701: Package 'TaskSchedulerEditor 2.10.1' was restored using '.NETFramework,Version=v4.6.1, .NETFramework,Version=v4.6.2, .NETFramework,Version=v4.7, .NETFramework,Version=v4.7.1, .NETFramework,Version=v4.7.2, .NETFramework,Version=v4.8, .NETFramework,Version=v4.8.1' instead of the project target framework 'net8.0'. This package may not be fully compatible with your project.
C:\Users\ultra\warewolf\Dev\Dev2.Data.Interfaces\Dev2.Data.Interfaces.csproj : warning NU1903: Package 'DotNetZip' 1.16.0 has a known high severity vulnerability, https://github.com/advisories/GHSA-xhg6-9j5j-w4vf
C:\Users\ultra\warewolf\Dev\Dev2.Data.Interfaces\Dev2.Data.Interfaces.csproj : warning NU1701: Package 'AeroWizard 2.3.1' was restored using '.NETFramework,Version=v4.6.1, .NETFramework,Version=v4.6.2, .NETFramework,Version=v4.7, .NETFramework,Version=v4.7.1, .NETFramework,Version=v4.7.2, .NETFramework,Version=v4.8, .NETFramework,Version=v4.8.1' instead of the project target framework 'net8.0'. This package may not be fully compatible with your project.
C:\Users\ultra\warewolf\Dev\Dev2.Data.Interfaces\Dev2.Data.Interfaces.csproj : warning NU1701: Package 'GroupControls 1.9.0' was restored using '.NETFramework,Version=v4.6.1, .NETFramework,Version=v4.6.2, .NETFramework,Version=v4.7, .NETFramework,Version=v4.7.1, .NETFramework,Version=v4.7.2, .NETFramework,Version=v4.8, .NETFramework,Version=v4.8.1' instead of the project target framework 'net8.0'. This package may not be fully compatible with your project.
C:\Users\ultra\warewolf\Dev\Dev2.Data.Interfaces\Dev2.Data.Interfaces.csproj : warning NU1701: Package 'TaskSchedulerEditor 2.10.1' was restored using '.NETFramework,Version=v4.6.1, .NETFramework,Version=v4.6.2, .NETFramework,Version=v4.7, .NETFramework,Version=v4.7.1, .NETFramework,Version=v4.7.2, .NETFramework,Version=v4.8, .NETFramework,Version=v4.8.1' instead of the project target framework 'net8.0'. This package may not be fully compatible with your project.
C:\Program Files\dotnet\sdk\10.0.201\Sdks\Microsoft.NET.Sdk\targets\Microsoft.NET.Sdk.DefaultItems.targets(162,5): warning NETSDK1137: It is no longer necessary to use the Microsoft.NET.Sdk.WindowsDesktop SDK. Consider changing the Sdk attribute of the root Project element to 'Microsoft.NET.Sdk'. [C:\Users\ultra\warewolf\Dev\Dev2.CustomControls\Dev2.CustomControls.csproj]
C:\Program Files\dotnet\sdk\10.0.201\Sdks\Microsoft.NET.Sdk.WindowsDesktop\targets\Microsoft.NET.Sdk.WindowsDesktop.targets(138,5): warning NETSDK1106: Microsoft.NET.Sdk.WindowsDesktop requires 'UseWpf' or 'UseWindowsForms' to be set to 'true' [C:\Users\ultra\warewolf\Dev\Dev2.CustomControls\Dev2.CustomControls.csproj]
C:\Users\ultra\warewolf\Dev\Dev2.CustomControls\Dev2.CustomControls.csproj : warning NU1903: Package 'Microsoft.Windows.Compatibility' 6.0.0 has a known high severity vulnerability, https://github.com/advisories/GHSA-555c-2p6r-68mm
C:\Users\ultra\warewolf\Dev\Dev2.CustomControls\Dev2.CustomControls.csproj : warning NU1701: Package 'AeroWizard 2.3.1' was restored using '.NETFramework,Version=v4.6.1, .NETFramework,Version=v4.6.2, .NETFramework,Version=v4.7, .NETFramework,Version=v4.7.1, .NETFramework,Version=v4.7.2, .NETFramework,Version=v4.8, .NETFramework,Version=v4.8.1' instead of the project target framework 'net8.0'. This package may not be fully compatible with your project.
C:\Users\ultra\warewolf\Dev\Dev2.CustomControls\Dev2.CustomControls.csproj : warning NU1701: Package 'GroupControls 1.9.0' was restored using '.NETFramework,Version=v4.6.1, .NETFramework,Version=v4.6.2, .NETFramework,Version=v4.7, .NETFramework,Version=v4.7.1, .NETFramework,Version=v4.7.2, .NETFramework,Version=v4.8, .NETFramework,Version=v4.8.1' instead of the project target framework 'net8.0'. This package may not be fully compatible with your project.
C:\Users\ultra\warewolf\Dev\Dev2.CustomControls\Dev2.CustomControls.csproj : warning NU1701: Package 'TaskSchedulerEditor 2.10.1' was restored using '.NETFramework,Version=v4.6.1, .NETFramework,Version=v4.6.2, .NETFramework,Version=v4.7, .NETFramework,Version=v4.7.1, .NETFramework,Version=v4.7.2, .NETFramework,Version=v4.8, .NETFramework,Version=v4.8.1' instead of the project target framework 'net8.0'. This package may not be fully compatible with your project.
C:\Users\ultra\warewolf\Dev\Dev2.Common\Dev2.Common.csproj : warning NU1903: Package 'Microsoft.Windows.Compatibility' 6.0.0 has a known high severity vulnerability, https://github.com/advisories/GHSA-555c-2p6r-68mm
C:\Users\ultra\warewolf\Dev\Dev2.Common\Dev2.Common.csproj : warning NU1701: Package 'AeroWizard 2.3.1' was restored using '.NETFramework,Version=v4.6.1, .NETFramework,Version=v4.6.2, .NETFramework,Version=v4.7, .NETFramework,Version=v4.7.1, .NETFramework,Version=v4.7.2, .NETFramework,Version=v4.8, .NETFramework,Version=v4.8.1' instead of the project target framework 'net8.0'. This package may not be fully compatible with your project.
C:\Users\ultra\warewolf\Dev\Dev2.Common\Dev2.Common.csproj : warning NU1701: Package 'GroupControls 1.9.0' was restored using '.NETFramework,Version=v4.6.1, .NETFramework,Version=v4.6.2, .NETFramework,Version=v4.7, .NETFramework,Version=v4.7.1, .NETFramework,Version=v4.7.2, .NETFramework,Version=v4.8, .NETFramework,Version=v4.8.1' instead of the project target framework 'net8.0'. This package may not be fully compatible with your project.
C:\Users\ultra\warewolf\Dev\Dev2.Common\Dev2.Common.csproj : warning NU1701: Package 'TaskSchedulerEditor 2.10.1' was restored using '.NETFramework,Version=v4.6.1, .NETFramework,Version=v4.6.2, .NETFramework,Version=v4.7, .NETFramework,Version=v4.7.1, .NETFramework,Version=v4.7.2, .NETFramework,Version=v4.8, .NETFramework,Version=v4.8.1' instead of the project target framework 'net8.0'. This package may not be fully compatible with your project.
C:\Users\ultra\warewolf\Dev\Dev2.Common.Interfaces\Dev2.Common.Interfaces.csproj : warning NU1903: Package 'Microsoft.Windows.Compatibility' 6.0.0 has a known high severity vulnerability, https://github.com/advisories/GHSA-555c-2p6r-68mm
C:\Users\ultra\warewolf\Dev\Dev2.Common.Interfaces\Dev2.Common.Interfaces.csproj : warning NU1701: Package 'AeroWizard 2.3.1' was restored using '.NETFramework,Version=v4.6.1, .NETFramework,Version=v4.6.2, .NETFramework,Version=v4.7, .NETFramework,Version=v4.7.1, .NETFramework,Version=v4.7.2, .NETFramework,Version=v4.8, .NETFramework,Version=v4.8.1' instead of the project target framework 'net8.0'. This package may not be fully compatible with your project.
C:\Users\ultra\warewolf\Dev\Dev2.Common.Interfaces\Dev2.Common.Interfaces.csproj : warning NU1701: Package 'GroupControls 1.9.0' was restored using '.NETFramework,Version=v4.6.1, .NETFramework,Version=v4.6.2, .NETFramework,Version=v4.7, .NETFramework,Version=v4.7.1, .NETFramework,Version=v4.7.2, .NETFramework,Version=v4.8, .NETFramework,Version=v4.8.1' instead of the project target framework 'net8.0'. This package may not be fully compatible with your project.
C:\Users\ultra\warewolf\Dev\Dev2.Common.Interfaces\Dev2.Common.Interfaces.csproj : warning NU1701: Package 'TaskSchedulerEditor 2.10.1' was restored using '.NETFramework,Version=v4.6.1, .NETFramework,Version=v4.6.2, .NETFramework,Version=v4.7, .NETFramework,Version=v4.7.1, .NETFramework,Version=v4.7.2, .NETFramework,Version=v4.8, .NETFramework,Version=v4.8.1' instead of the project target framework 'net8.0'. This package may not be fully compatible with your project.
C:\Users\ultra\warewolf\Dev\Dev2.Util\Dev2.Util.csproj : warning NU1903: Package 'Microsoft.Windows.Compatibility' 6.0.0 has a known high severity vulnerability, https://github.com/advisories/GHSA-555c-2p6r-68mm
C:\Users\ultra\warewolf\Dev\Dev2.Util\Dev2.Util.csproj : warning NU1701: Package 'AeroWizard 2.3.1' was restored using '.NETFramework,Version=v4.6.1, .NETFramework,Version=v4.6.2, .NETFramework,Version=v4.7, .NETFramework,Version=v4.7.1, .NETFramework,Version=v4.7.2, .NETFramework,Version=v4.8, .NETFramework,Version=v4.8.1' instead of the project target framework 'net8.0'. This package may not be fully compatible with your project.
C:\Users\ultra\warewolf\Dev\Dev2.Util\Dev2.Util.csproj : warning NU1701: Package 'GroupControls 1.9.0' was restored using '.NETFramework,Version=v4.6.1, .NETFramework,Version=v4.6.2, .NETFramework,Version=v4.7, .NETFramework,Version=v4.7.1, .NETFramework,Version=v4.7.2, .NETFramework,Version=v4.8, .NETFramework,Version=v4.8.1' instead of the project target framework 'net8.0'. This package may not be fully compatible with your project.
C:\Users\ultra\warewolf\Dev\Dev2.Util\Dev2.Util.csproj : warning NU1701: Package 'TaskSchedulerEditor 2.10.1' was restored using '.NETFramework,Version=v4.6.1, .NETFramework,Version=v4.6.2, .NETFramework,Version=v4.7, .NETFramework,Version=v4.7.1, .NETFramework,Version=v4.7.2, .NETFramework,Version=v4.8, .NETFramework,Version=v4.8.1' instead of the project target framework 'net8.0'. This package may not be fully compatible with your project.
C:\Users\ultra\warewolf\Dev\Warewolf.Security\Warewolf.Security.csproj : warning NU1904: Package 'System.Drawing.Common' 4.5.1 has a known critical severity vulnerability, https://github.com/advisories/GHSA-rxg9-xrhp-64gj
  Dev2.Net6.Compatibility -> C:\Users\ultra\warewolf\Dev\Dev2.Net6.Compatibility\bin\Debug\net8.0\Dev2.Net6.Compatibility.dll
  Log4Net.Async -> C:\Users\ultra\warewolf\Dev\Log4Net.Async\bin\Debug\net8.0\Log4Net.Async.dll
C:\Users\ultra\warewolf\Dev\Warewolf.Storage.Interfaces\Warewolf.Storage.Interfaces.csproj : warning NU1701: Package 'AeroWizard 2.3.1' was restored using '.NETFramework,Version=v4.6.1, .NETFramework,Version=v4.6.2, .NETFramework,Version=v4.7, .NETFramework,Version=v4.7.1, .NETFramework,Version=v4.7.2, .NETFramework,Version=v4.8, .NETFramework,Version=v4.8.1' instead of the project target framework 'net8.0'. This package may not be fully compatible with your project.
C:\Users\ultra\warewolf\Dev\Warewolf.Storage.Interfaces\Warewolf.Storage.Interfaces.csproj : warning NU1701: Package 'GroupControls 1.9.0' was restored using '.NETFramework,Version=v4.6.1, .NETFramework,Version=v4.6.2, .NETFramework,Version=v4.7, .NETFramework,Version=v4.7.1, .NETFramework,Version=v4.7.2, .NETFramework,Version=v4.8, .NETFramework,Version=v4.8.1' instead of the project target framework 'net8.0'. This package may not be fully compatible with your project.
C:\Users\ultra\warewolf\Dev\Warewolf.Storage.Interfaces\Warewolf.Storage.Interfaces.csproj : warning NU1701: Package 'TaskSchedulerEditor 2.10.1' was restored using '.NETFramework,Version=v4.6.1, .NETFramework,Version=v4.6.2, .NETFramework,Version=v4.7, .NETFramework,Version=v4.7.1, .NETFramework,Version=v4.7.2, .NETFramework,Version=v4.8, .NETFramework,Version=v4.8.1' instead of the project target framework 'net8.0'. This package may not be fully compatible with your project.
C:\Users\ultra\warewolf\Dev\Warewolf.Interfaces\Data\ChatbotSettingsData.cs(20,23): warning CS0169: The field 'ChatbotSettingsData._encryptDataSource' is never used [C:\Users\ultra\warewolf\Dev\Warewolf.Interfaces\Warewolf.Interfaces.csproj]
C:\Users\ultra\warewolf\Dev\Warewolf.Interfaces\Auditing\SerializableException.cs(15,7): warning CS0414: The field 'SerializableException.HResult' is assigned but its value is never used [C:\Users\ultra\warewolf\Dev\Warewolf.Interfaces\Warewolf.Interfaces.csproj]
C:\Users\ultra\warewolf\Dev\Warewolf.Security\Encryption\AESThenHMAC.cs(168,34): warning SYSLIB0021: 'AesManaged' is obsolete: 'Derived cryptographic types are obsolete. Use the Create method on the base type instead.' (https://aka.ms/dotnet-warnings/SYSLIB0021) [C:\Users\ultra\warewolf\Dev\Warewolf.Security\Warewolf.Security.csproj]
C:\Users\ultra\warewolf\Dev\Warewolf.Security\Encryption\AESThenHMAC.cs(264,38): warning SYSLIB0021: 'AesManaged' is obsolete: 'Derived cryptographic types are obsolete. Use the Create method on the base type instead.' (https://aka.ms/dotnet-warnings/SYSLIB0021) [C:\Users\ultra\warewolf\Dev\Warewolf.Security\Warewolf.Security.csproj]
C:\Users\ultra\warewolf\Dev\Warewolf.Security\Encryption\AESThenHMAC.cs(331,36): warning SYSLIB0041: 'Rfc2898DeriveBytes.Rfc2898DeriveBytes(string, int, int)' is obsolete: 'The default hash algorithm and iteration counts in Rfc2898DeriveBytes constructors are outdated and insecure. Use a constructor that accepts the hash algorithm and the number of iterations.' (https://aka.ms/dotnet-warnings/SYSLIB0041) [C:\Users\ultra\warewolf\Dev\Warewolf.Security\Warewolf.Security.csproj]
C:\Users\ultra\warewolf\Dev\Warewolf.Security\Encryption\AESThenHMAC.cs(345,36): warning SYSLIB0041: 'Rfc2898DeriveBytes.Rfc2898DeriveBytes(string, int, int)' is obsolete: 'The default hash algorithm and iteration counts in Rfc2898DeriveBytes constructors are outdated and insecure. Use a constructor that accepts the hash algorithm and the number of iterations.' (https://aka.ms/dotnet-warnings/SYSLIB0041) [C:\Users\ultra\warewolf\Dev\Warewolf.Security\Warewolf.Security.csproj]
C:\Users\ultra\warewolf\Dev\Warewolf.Security\Encryption\AESThenHMAC.cs(393,36): warning SYSLIB0041: 'Rfc2898DeriveBytes.Rfc2898DeriveBytes(string, byte[], int)' is obsolete: 'The default hash algorithm and iteration counts in Rfc2898DeriveBytes constructors are outdated and insecure. Use a constructor that accepts the hash algorithm and the number of iterations.' (https://aka.ms/dotnet-warnings/SYSLIB0041) [C:\Users\ultra\warewolf\Dev\Warewolf.Security\Warewolf.Security.csproj]
C:\Users\ultra\warewolf\Dev\Warewolf.Security\Encryption\AESThenHMAC.cs(398,36): warning SYSLIB0041: 'Rfc2898DeriveBytes.Rfc2898DeriveBytes(string, byte[], int)' is obsolete: 'The default hash algorithm and iteration counts in Rfc2898DeriveBytes constructors are outdated and insecure. Use a constructor that accepts the hash algorithm and the number of iterations.' (https://aka.ms/dotnet-warnings/SYSLIB0041) [C:\Users\ultra\warewolf\Dev\Warewolf.Security\Warewolf.Security.csproj]
  Warewolf.Interfaces -> C:\Users\ultra\warewolf\Dev\Warewolf.Interfaces\bin\Debug\net8.0\Warewolf.Interfaces.dll
  Warewolf.Security -> C:\Users\ultra\warewolf\Dev\Warewolf.Security\bin\Debug\net8.0\Warewolf.Security.dll
  Warewolf.Resource -> C:\Users\ultra\warewolf\Dev\Warewolf.Resource\bin\Debug\net8.0\Warewolf.Resource.dll
  Warewolf.Common.Interfaces.NetStandard20 -> C:\Users\ultra\warewolf\Dev\Warewolf.Common.Interfaces.NetStandard20\bin\Debug\net8.0\Warewolf.Common.Interfaces.NetStandard20.dll
  Warewolf.Studio.Resources -> C:\Users\ultra\warewolf\Dev\Warewolf.Studio.Resources\bin\Debug\net8.0\Warewolf.Studio.Resources.dll
  Warewolf.Parser.Interop -> C:\Users\ultra\warewolf\Dev\Warewolf.Parser.Interop\bin\Debug\net8.0\WarewolfParserInterop.dll
C:\Users\ultra\warewolf\Dev\Dev2.Common.Interfaces\Attribute\ReasonAttribute.cs(13,18): warning CC0023: Mark 'ReasonAttribute' as sealed. (https://code-cracker.github.io/diagnostics/CC0023.html) [C:\Users\ultra\warewolf\Dev\Dev2.Common.Interfaces\Dev2.Common.Interfaces.csproj]
C:\Users\ultra\warewolf\Dev\Dev2.Common.Interfaces\Wrappers\IDirectoryEntry.cs(190,35): warning CC0057: Parameter 'path' is not used. (https://code-cracker.github.io/diagnostics/CC0057.html) [C:\Users\ultra\warewolf\Dev\Dev2.Common.Interfaces\Dev2.Common.Interfaces.csproj]
C:\Users\ultra\warewolf\Dev\Dev2.Common.Interfaces\DllListing.cs(97,17): warning CC0105: Use 'var' instead of specifying the type name. (https://code-cracker.github.io/diagnostics/CC0105.html) [C:\Users\ultra\warewolf\Dev\Dev2.Common.Interfaces\Dev2.Common.Interfaces.csproj]
C:\Users\ultra\warewolf\Dev\Dev2.Common.Interfaces\DllListing.cs(98,17): warning CC0105: Use 'var' instead of specifying the type name. (https://code-cracker.github.io/diagnostics/CC0105.html) [C:\Users\ultra\warewolf\Dev\Dev2.Common.Interfaces\Dev2.Common.Interfaces.csproj]
C:\Users\ultra\warewolf\Dev\Dev2.Common.Interfaces\Runtime\Services\IStreamContentFactory.cs(48,21): warning CC0029: 'StreamContentWrapper' should call GC.SuppressFinalize inside the Dispose method. (https://code-cracker.github.io/diagnostics/CC0029.html) [C:\Users\ultra\warewolf\Dev\Dev2.Common.Interfaces\Dev2.Common.Interfaces.csproj]
  Dev2.Common.Interfaces -> C:\Users\ultra\warewolf\Dev\Dev2.Common.Interfaces\bin\Debug\net8.0\Dev2.Common.Interfaces.dll
C:\Users\ultra\warewolf\Dev\Warewolf.Language.Parser\EvaluationFunctions.fs(277,15): warning FS3548: Pattern discard is not allowed for union case that takes no data. [C:\Users\ultra\warewolf\Dev\Warewolf.Language.Parser\Warewolf.Language.Parser.fsproj]
C:\Users\ultra\warewolf\Dev\Warewolf.Language.Parser\EvaluationFunctions.fs(305,15): warning FS3548: Pattern discard is not allowed for union case that takes no data. [C:\Users\ultra\warewolf\Dev\Warewolf.Language.Parser\Warewolf.Language.Parser.fsproj]
C:\Users\ultra\warewolf\Dev\Warewolf.Language.Parser\EvaluationFunctions.fs(748,21): warning FS3873: This construct is deprecated. Sequence expressions should be of the form 'seq { ... }' [C:\Users\ultra\warewolf\Dev\Warewolf.Language.Parser\Warewolf.Language.Parser.fsproj]
C:\Users\ultra\warewolf\Dev\Warewolf.Language.Parser\EvaluationFunctions.fs(751,28): warning FS3873: This construct is deprecated. Sequence expressions should be of the form 'seq { ... }' [C:\Users\ultra\warewolf\Dev\Warewolf.Language.Parser\Warewolf.Language.Parser.fsproj]
C:\Users\ultra\warewolf\Dev\Warewolf.Language.Parser\WarewolfDataEvaluationCommon.fs(593,21): warning FS3873: This construct is deprecated. Sequence expressions should be of the form 'seq { ... }' [C:\Users\ultra\warewolf\Dev\Warewolf.Language.Parser\Warewolf.Language.Parser.fsproj]
C:\Users\ultra\warewolf\Dev\Warewolf.Language.Parser\WarewolfDataEvaluationCommon.fs(596,28): warning FS3873: This construct is deprecated. Sequence expressions should be of the form 'seq { ... }' [C:\Users\ultra\warewolf\Dev\Warewolf.Language.Parser\Warewolf.Language.Parser.fsproj]
  Warewolf.Language.Parser -> C:\Users\ultra\warewolf\Dev\Warewolf.Language.Parser\bin\Debug\net8.0\Warewolf.Language.Parser.dll
C:\Users\ultra\warewolf\Dev\Warewolf.Data\NamedInt.cs(160,21): warning CA2200: Re-throwing caught exception changes stack information (https://learn.microsoft.com/dotnet/fundamentals/code-analysis/quality-rules/ca2200) [C:\Users\ultra\warewolf\Dev\Warewolf.Data\Warewolf.Data.csproj]
  Warewolf.Data -> C:\Users\ultra\warewolf\Dev\Warewolf.Data\bin\Debug\net8.0\Warewolf.Data.dll
  Warewolf.Storage.Interfaces -> C:\Users\ultra\warewolf\Dev\Warewolf.Storage.Interfaces\bin\Debug\net8.0\Warewolf.Storage.Interfaces.dll
  Warewolf.Common -> C:\Users\ultra\warewolf\Dev\Warewolf.Common\bin\Debug\net8.0\Warewolf.Common.dll
  Dev2.Data.Interfaces -> C:\Users\ultra\warewolf\Dev\Dev2.Data.Interfaces\bin\Debug\net8.0\Dev2.Data.Interfaces.dll
C:\Users\ultra\warewolf\Dev\Dev2.Common\ExtMethods\StringExtension.cs(302,13): warning CC0004: Empty Catch Block. (https://code-cracker.github.io/diagnostics/CC0004.html) [C:\Users\ultra\warewolf\Dev\Dev2.Common\Dev2.Common.csproj]
  Dev2.Common -> C:\Users\ultra\warewolf\Dev\Dev2.Common\bin\Debug\net8.0\Dev2.Common.dll
  Dev2.Util -> C:\Users\ultra\warewolf\Dev\Dev2.Util\bin\Debug\net8.0\Dev2.Util.dll
  Dev2.CustomControls -> C:\Users\ultra\warewolf\Dev\Dev2.CustomControls\bin\Debug\net8.0\Dev2.CustomControls.dll
C:\Program Files\dotnet\sdk\10.0.201\Microsoft.Common.CurrentVersion.targets(2451,5): warning MSB3277: Found conflicts between different versions of "System.Drawing.Common" that could not be resolved. [C:\Users\ultra\warewolf\Dev\Dev2.CustomControls.Tests\Dev2.CustomControls.Tests.csproj]
C:\Program Files\dotnet\sdk\10.0.201\Microsoft.Common.CurrentVersion.targets(2451,5): warning MSB3277: There was a conflict between "System.Drawing.Common, Version=6.0.0.0, Culture=neutral, PublicKeyToken=cc7b13ffcd2ddd51" and "System.Drawing.Common, Version=8.0.0.0, Culture=neutral, PublicKeyToken=cc7b13ffcd2ddd51". [C:\Users\ultra\warewolf\Dev\Dev2.CustomControls.Tests\Dev2.CustomControls.Tests.csproj]
C:\Program Files\dotnet\sdk\10.0.201\Microsoft.Common.CurrentVersion.targets(2451,5): warning MSB3277:     "System.Drawing.Common, Version=6.0.0.0, Culture=neutral, PublicKeyToken=cc7b13ffcd2ddd51" was chosen because it was primary and "System.Drawing.Common, Version=8.0.0.0, Culture=neutral, PublicKeyToken=cc7b13ffcd2ddd51" was not. [C:\Users\ultra\warewolf\Dev\Dev2.CustomControls.Tests\Dev2.CustomControls.Tests.csproj]
C:\Program Files\dotnet\sdk\10.0.201\Microsoft.Common.CurrentVersion.targets(2451,5): warning MSB3277:     References which depend on "System.Drawing.Common, Version=6.0.0.0, Culture=neutral, PublicKeyToken=cc7b13ffcd2ddd51" [C:\Users\ultra\.nuget\packages\system.drawing.common\6.0.0\lib\net6.0\System.Drawing.Common.dll]. [C:\Users\ultra\warewolf\Dev\Dev2.CustomControls.Tests\Dev2.CustomControls.Tests.csproj]
C:\Program Files\dotnet\sdk\10.0.201\Microsoft.Common.CurrentVersion.targets(2451,5): warning MSB3277:         C:\Users\ultra\.nuget\packages\system.drawing.common\6.0.0\lib\net6.0\System.Drawing.Common.dll [C:\Users\ultra\warewolf\Dev\Dev2.CustomControls.Tests\Dev2.CustomControls.Tests.csproj]
C:\Program Files\dotnet\sdk\10.0.201\Microsoft.Common.CurrentVersion.targets(2451,5): warning MSB3277:           Project file item includes which caused reference "C:\Users\ultra\.nuget\packages\system.drawing.common\6.0.0\lib\net6.0\System.Drawing.Common.dll". [C:\Users\ultra\warewolf\Dev\Dev2.CustomControls.Tests\Dev2.CustomControls.Tests.csproj]
C:\Program Files\dotnet\sdk\10.0.201\Microsoft.Common.CurrentVersion.targets(2451,5): warning MSB3277:             C:\Users\ultra\.nuget\packages\system.drawing.common\6.0.0\lib\net6.0\System.Drawing.Common.dll [C:\Users\ultra\warewolf\Dev\Dev2.CustomControls.Tests\Dev2.CustomControls.Tests.csproj]
C:\Program Files\dotnet\sdk\10.0.201\Microsoft.Common.CurrentVersion.targets(2451,5): warning MSB3277:     References which depend on or have been unified to "System.Drawing.Common, Version=8.0.0.0, Culture=neutral, PublicKeyToken=cc7b13ffcd2ddd51" []. [C:\Users\ultra\warewolf\Dev\Dev2.CustomControls.Tests\Dev2.CustomControls.Tests.csproj]
C:\Program Files\dotnet\sdk\10.0.201\Microsoft.Common.CurrentVersion.targets(2451,5): warning MSB3277:         C:\Users\ultra\.nuget\packages\system.windows.extensions\8.0.0\lib\net8.0\System.Windows.Extensions.dll [C:\Users\ultra\warewolf\Dev\Dev2.CustomControls.Tests\Dev2.CustomControls.Tests.csproj]
C:\Program Files\dotnet\sdk\10.0.201\Microsoft.Common.CurrentVersion.targets(2451,5): warning MSB3277:           Project file item includes which caused reference "C:\Users\ultra\.nuget\packages\system.windows.extensions\8.0.0\lib\net8.0\System.Windows.Extensions.dll". [C:\Users\ultra\warewolf\Dev\Dev2.CustomControls.Tests\Dev2.CustomControls.Tests.csproj]
C:\Program Files\dotnet\sdk\10.0.201\Microsoft.Common.CurrentVersion.targets(2451,5): warning MSB3277:             C:\Users\ultra\.nuget\packages\system.windows.extensions\8.0.0\lib\net8.0\System.Windows.Extensions.dll [C:\Users\ultra\warewolf\Dev\Dev2.CustomControls.Tests\Dev2.CustomControls.Tests.csproj]
C:\Program Files\dotnet\sdk\10.0.201\Microsoft.Common.CurrentVersion.targets(2451,5): warning MSB3277:             C:\Users\ultra\.nuget\packages\system.security.permissions\8.0.0\lib\net8.0\System.Security.Permissions.dll [C:\Users\ultra\warewolf\Dev\Dev2.CustomControls.Tests\Dev2.CustomControls.Tests.csproj]
C:\Program Files\dotnet\sdk\10.0.201\Microsoft.Common.CurrentVersion.targets(2451,5): warning MSB3277:             C:\Users\ultra\.nuget\packages\dotnetzip\1.16.0\lib\netstandard2.0\DotNetZip.dll [C:\Users\ultra\warewolf\Dev\Dev2.CustomControls.Tests\Dev2.CustomControls.Tests.csproj]
C:\Program Files\dotnet\sdk\10.0.201\Microsoft.Common.CurrentVersion.targets(2451,5): warning MSB3277:             C:\Users\ultra\warewolf\Dev\Dev2.Common\bin\Debug\net8.0\Dev2.Common.dll [C:\Users\ultra\warewolf\Dev\Dev2.CustomControls.Tests\Dev2.CustomControls.Tests.csproj]
C:\Program Files\dotnet\sdk\10.0.201\Microsoft.Common.CurrentVersion.targets(2451,5): warning MSB3277:             C:\Users\ultra\warewolf\Dev\Dev2.Data.Interfaces\bin\Debug\net8.0\Dev2.Data.Interfaces.dll [C:\Users\ultra\warewolf\Dev\Dev2.CustomControls.Tests\Dev2.CustomControls.Tests.csproj]
C:\Program Files\dotnet\sdk\10.0.201\Microsoft.Common.CurrentVersion.targets(2451,5): warning MSB3277:             C:\Users\ultra\warewolf\Dev\Dev2.Util\bin\Debug\net8.0\Dev2.Util.dll [C:\Users\ultra\warewolf\Dev\Dev2.CustomControls.Tests\Dev2.CustomControls.Tests.csproj]
C:\Program Files\dotnet\sdk\10.0.201\Microsoft.Common.CurrentVersion.targets(2451,5): warning MSB3277:             C:\Users\ultra\.nuget\packages\system.directoryservices\6.0.0\lib\net6.0\System.DirectoryServices.dll [C:\Users\ultra\warewolf\Dev\Dev2.CustomControls.Tests\Dev2.CustomControls.Tests.csproj]
C:\Program Files\dotnet\sdk\10.0.201\Microsoft.Common.CurrentVersion.targets(2451,5): warning MSB3277:             C:\Program Files\dotnet\packs\Microsoft.NETCore.App.Ref\8.0.25\ref/net8.0/System.Configuration.dll [C:\Users\ultra\warewolf\Dev\Dev2.CustomControls.Tests\Dev2.CustomControls.Tests.csproj]
C:\Program Files\dotnet\sdk\10.0.201\Microsoft.Common.CurrentVersion.targets(2451,5): warning MSB3277:             C:\Program Files\dotnet\packs\Microsoft.NETCore.App.Ref\8.0.25\ref/net8.0/System.Data.dll [C:\Users\ultra\warewolf\Dev\Dev2.CustomControls.Tests\Dev2.CustomControls.Tests.csproj]
C:\Program Files\dotnet\sdk\10.0.201\Microsoft.Common.CurrentVersion.targets(2451,5): warning MSB3277:             C:\Users\ultra\.nuget\packages\taskschedulereditor\2.10.1\lib\net452\Microsoft.Win32.TaskSchedulerEditor.dll [C:\Users\ultra\warewolf\Dev\Dev2.CustomControls.Tests\Dev2.CustomControls.Tests.csproj]
C:\Program Files\dotnet\sdk\10.0.201\Microsoft.Common.CurrentVersion.targets(2451,5): warning MSB3277:             C:\Program Files\dotnet\packs\Microsoft.NETCore.App.Ref\8.0.25\ref/net8.0/System.Drawing.dll [C:\Users\ultra\warewolf\Dev\Dev2.CustomControls.Tests\Dev2.CustomControls.Tests.csproj]
C:\Program Files\dotnet\sdk\10.0.201\Microsoft.Common.CurrentVersion.targets(2451,5): warning MSB3277:             C:\Users\ultra\.nuget\packages\aerowizard\2.3.1\lib\net45\AeroWizard.dll [C:\Users\ultra\warewolf\Dev\Dev2.CustomControls.Tests\Dev2.CustomControls.Tests.csproj]
C:\Program Files\dotnet\sdk\10.0.201\Microsoft.Common.CurrentVersion.targets(2451,5): warning MSB3277:             C:\Users\ultra\.nuget\packages\groupcontrols\1.9.0\lib\net45\GroupControls.dll [C:\Users\ultra\warewolf\Dev\Dev2.CustomControls.Tests\Dev2.CustomControls.Tests.csproj]
C:\Program Files\dotnet\sdk\10.0.201\Microsoft.Common.CurrentVersion.targets(2451,5): warning MSB3277:             C:\Program Files\dotnet\packs\Microsoft.NETCore.App.Ref\8.0.25\ref/net8.0/System.Net.dll [C:\Users\ultra\warewolf\Dev\Dev2.CustomControls.Tests\Dev2.CustomControls.Tests.csproj]
C:\Program Files\dotnet\sdk\10.0.201\Microsoft.Common.CurrentVersion.targets(2451,5): warning MSB3277:             C:\Program Files\dotnet\packs\Microsoft.NETCore.App.Ref\8.0.25\ref/net8.0/System.Security.dll [C:\Users\ultra\warewolf\Dev\Dev2.CustomControls.Tests\Dev2.CustomControls.Tests.csproj]
C:\Program Files\dotnet\sdk\10.0.201\Microsoft.Common.CurrentVersion.targets(2451,5): warning MSB3277:             C:\Program Files\dotnet\packs\Microsoft.NETCore.App.Ref\8.0.25\ref/net8.0/System.ServiceProcess.dll [C:\Users\ultra\warewolf\Dev\Dev2.CustomControls.Tests\Dev2.CustomControls.Tests.csproj]
C:\Program Files\dotnet\sdk\10.0.201\Microsoft.Common.CurrentVersion.targets(2451,5): warning MSB3277:             C:\Program Files\dotnet\packs\Microsoft.NETCore.App.Ref\8.0.25\ref/net8.0/System.Transactions.dll [C:\Users\ultra\warewolf\Dev\Dev2.CustomControls.Tests\Dev2.CustomControls.Tests.csproj]
C:\Program Files\dotnet\sdk\10.0.201\Microsoft.Common.CurrentVersion.targets(2451,5): warning MSB3277:             C:\Program Files\dotnet\packs\Microsoft.NETCore.App.Ref\8.0.25\ref/net8.0/System.dll [C:\Users\ultra\warewolf\Dev\Dev2.CustomControls.Tests\Dev2.CustomControls.Tests.csproj]
C:\Program Files\dotnet\sdk\10.0.201\Microsoft.Common.CurrentVersion.targets(2451,5): warning MSB3277:             C:\Users\ultra\.nuget\packages\ttcue.netcore.sharepointonline.csom.16.1.8029.1200\16.1.8029.1200\lib\netcoreapp2.0\Microsoft.SharePoint.Client.Runtime.Windows.dll [C:\Users\ultra\warewolf\Dev\Dev2.CustomControls.Tests\Dev2.CustomControls.Tests.csproj]
C:\Program Files\dotnet\sdk\10.0.201\Microsoft.Common.CurrentVersion.targets(2451,5): warning MSB3277:             C:\Program Files\dotnet\packs\Microsoft.NETCore.App.Ref\8.0.25\ref/net8.0/WindowsBase.dll [C:\Users\ultra\warewolf\Dev\Dev2.CustomControls.Tests\Dev2.CustomControls.Tests.csproj]
C:\Program Files\dotnet\sdk\10.0.201\Microsoft.Common.CurrentVersion.targets(2451,5): warning MSB3277:             C:\Users\ultra\.nuget\packages\caliburn.micro\4.0.212\lib\netcoreapp3.1\Caliburn.Micro.Platform.dll [C:\Users\ultra\warewolf\Dev\Dev2.CustomControls.Tests\Dev2.CustomControls.Tests.csproj]
C:\Program Files\dotnet\sdk\10.0.201\Microsoft.Common.CurrentVersion.targets(2451,5): warning MSB3277:             C:\Users\ultra\.nuget\packages\microsoft.xaml.behaviors.wpf\1.1.19\lib\netcoreapp3.0\Microsoft.Xaml.Behaviors.dll [C:\Users\ultra\warewolf\Dev\Dev2.CustomControls.Tests\Dev2.CustomControls.Tests.csproj]
C:\Program Files\dotnet\sdk\10.0.201\Microsoft.Common.CurrentVersion.targets(2451,5): warning MSB3277:             C:\Program Files\dotnet\packs\Microsoft.NETCore.App.Ref\8.0.25\ref/net8.0/mscorlib.dll [C:\Users\ultra\warewolf\Dev\Dev2.CustomControls.Tests\Dev2.CustomControls.Tests.csproj]
C:\Program Files\dotnet\sdk\10.0.201\Microsoft.Common.CurrentVersion.targets(2451,5): warning MSB3277:             C:\Users\ultra\.nuget\packages\microsoft.codecoverage\17.13.0\lib\netcoreapp3.1\Microsoft.VisualStudio.CodeCoverage.Shim.dll [C:\Users\ultra\warewolf\Dev\Dev2.CustomControls.Tests\Dev2.CustomControls.Tests.csproj]
C:\Program Files\dotnet\sdk\10.0.201\Microsoft.Common.CurrentVersion.targets(2451,5): warning MSB3277:         C:\Program Files\dotnet\packs\Microsoft.NETCore.App.Ref\8.0.25\ref\net8.0\System.Drawing.dll [C:\Users\ultra\warewolf\Dev\Dev2.CustomControls.Tests\Dev2.CustomControls.Tests.csproj]
C:\Program Files\dotnet\sdk\10.0.201\Microsoft.Common.CurrentVersion.targets(2451,5): warning MSB3277:           Project file item includes which caused reference "C:\Program Files\dotnet\packs\Microsoft.NETCore.App.Ref\8.0.25\ref\net8.0\System.Drawing.dll". [C:\Users\ultra\warewolf\Dev\Dev2.CustomControls.Tests\Dev2.CustomControls.Tests.csproj]
C:\Program Files\dotnet\sdk\10.0.201\Microsoft.Common.CurrentVersion.targets(2451,5): warning MSB3277:             C:\Program Files\dotnet\packs\Microsoft.NETCore.App.Ref\8.0.25\ref/net8.0/System.Drawing.dll [C:\Users\ultra\warewolf\Dev\Dev2.CustomControls.Tests\Dev2.CustomControls.Tests.csproj]
C:\Program Files\dotnet\sdk\10.0.201\Microsoft.Common.CurrentVersion.targets(2451,5): warning MSB3277:             C:\Users\ultra\.nuget\packages\aerowizard\2.3.1\lib\net45\AeroWizard.dll [C:\Users\ultra\warewolf\Dev\Dev2.CustomControls.Tests\Dev2.CustomControls.Tests.csproj]
C:\Program Files\dotnet\sdk\10.0.201\Microsoft.Common.CurrentVersion.targets(2451,5): warning MSB3277:             C:\Users\ultra\.nuget\packages\groupcontrols\1.9.0\lib\net45\GroupControls.dll [C:\Users\ultra\warewolf\Dev\Dev2.CustomControls.Tests\Dev2.CustomControls.Tests.csproj]
C:\Program Files\dotnet\sdk\10.0.201\Microsoft.Common.CurrentVersion.targets(2451,5): warning MSB3277:             C:\Users\ultra\.nuget\packages\taskschedulereditor\2.10.1\lib\net452\Microsoft.Win32.TaskSchedulerEditor.dll [C:\Users\ultra\warewolf\Dev\Dev2.CustomControls.Tests\Dev2.CustomControls.Tests.csproj]
  Dev2.CustomControls.Tests -> C:\Users\ultra\warewolf\Dev\Dev2.CustomControls.Tests\bin\Debug\net8.0\linux-x64\Dev2.CustomControls.Tests.dll
  Dev2.CustomControls.Tests -> C:\Users\ultra\warewolf\Bin\ServerTests-Linux\Dev2.CustomControls.Tests\
Publishing Dev2.Data.Tests for linux-x64...
  Determining projects to restore...
C:\Users\ultra\warewolf\Dev\Dev2.CustomControls\Dev2.CustomControls.csproj(135,14): warning MSB4130: The condition "'$(TargetFramework)' != '' and ($(TargetFramework.EndsWith('-windows')) or '$(TargetFramework)' == 'net48') Or '$(TargetFrameworkIdentifier)' == '.NETFramework'" may have been evaluated incorrectly in an earlier version of MSBuild. Please verify that the order of the AND and OR clauses is written as intended. To avoid this warning, add parentheses to make the evaluation order explicit.
C:\Users\ultra\warewolf\Dev\Warewolf.Language.Parser\Warewolf.Language.Parser.fsproj : warning NU1504: Duplicate 'PackageReference' items found. Remove the duplicate items or use the Update functionality to ensure a consistent restore behavior. The duplicate 'PackageReference' items are: FSharp.Core 10.1.201, FSharp.Core 4.6.2.
C:\Users\ultra\warewolf\Dev\Dev2.Development.Languages\Dev2.Development.Languages.csproj : warning NU1701: Package 'AeroWizard 2.3.1' was restored using '.NETFramework,Version=v4.6.1, .NETFramework,Version=v4.6.2, .NETFramework,Version=v4.7, .NETFramework,Version=v4.7.1, .NETFramework,Version=v4.7.2, .NETFramework,Version=v4.8, .NETFramework,Version=v4.8.1' instead of the project target framework 'net8.0'. This package may not be fully compatible with your project. [C:\Users\ultra\warewolf\Dev\Dev2.Data.Tests\Dev2.Data.Tests.csproj]
C:\Users\ultra\warewolf\Dev\Dev2.Data\Dev2.Data.csproj : warning NU1701: Package 'AeroWizard 2.3.1' was restored using '.NETFramework,Version=v4.6.1, .NETFramework,Version=v4.6.2, .NETFramework,Version=v4.7, .NETFramework,Version=v4.7.1, .NETFramework,Version=v4.7.2, .NETFramework,Version=v4.8, .NETFramework,Version=v4.8.1' instead of the project target framework 'net8.0'. This package may not be fully compatible with your project. [C:\Users\ultra\warewolf\Dev\Dev2.Data.Tests\Dev2.Data.Tests.csproj]
C:\Users\ultra\warewolf\Dev\Dev2.CustomControls\Dev2.CustomControls.csproj : warning NU1903: Package 'Microsoft.Windows.Compatibility' 6.0.0 has a known high severity vulnerability, https://github.com/advisories/GHSA-555c-2p6r-68mm [C:\Users\ultra\warewolf\Dev\Dev2.Data.Tests\Dev2.Data.Tests.csproj]
C:\Users\ultra\warewolf\Dev\Dev2.TaskScheduler.Wrappers\Dev2.TaskScheduler.Wrappers.csproj : warning NU1701: Package 'AeroWizard 2.3.1' was restored using '.NETFramework,Version=v4.6.1, .NETFramework,Version=v4.6.2, .NETFramework,Version=v4.7, .NETFramework,Version=v4.7.1, .NETFramework,Version=v4.7.2, .NETFramework,Version=v4.8, .NETFramework,Version=v4.8.1' instead of the project target framework 'net8.0'. This package may not be fully compatible with your project. [C:\Users\ultra\warewolf\Dev\Dev2.Data.Tests\Dev2.Data.Tests.csproj]
C:\Users\ultra\warewolf\Dev\Dev2.Util\Dev2.Util.csproj : warning NU1903: Package 'Microsoft.Windows.Compatibility' 6.0.0 has a known high severity vulnerability, https://github.com/advisories/GHSA-555c-2p6r-68mm [C:\Users\ultra\warewolf\Dev\Dev2.Data.Tests\Dev2.Data.Tests.csproj]
C:\Users\ultra\warewolf\Dev\Dev2.Data.Interfaces\Dev2.Data.Interfaces.csproj : warning NU1903: Package 'DotNetZip' 1.16.0 has a known high severity vulnerability, https://github.com/advisories/GHSA-xhg6-9j5j-w4vf [C:\Users\ultra\warewolf\Dev\Dev2.Data.Tests\Dev2.Data.Tests.csproj]
C:\Users\ultra\warewolf\Dev\Dev2.Development.Languages\Dev2.Development.Languages.csproj : warning NU1701: Package 'GroupControls 1.9.0' was restored using '.NETFramework,Version=v4.6.1, .NETFramework,Version=v4.6.2, .NETFramework,Version=v4.7, .NETFramework,Version=v4.7.1, .NETFramework,Version=v4.7.2, .NETFramework,Version=v4.8, .NETFramework,Version=v4.8.1' instead of the project target framework 'net8.0'. This package may not be fully compatible with your project. [C:\Users\ultra\warewolf\Dev\Dev2.Data.Tests\Dev2.Data.Tests.csproj]
C:\Users\ultra\warewolf\Dev\Dev2.Data\Dev2.Data.csproj : warning NU1701: Package 'GroupControls 1.9.0' was restored using '.NETFramework,Version=v4.6.1, .NETFramework,Version=v4.6.2, .NETFramework,Version=v4.7, .NETFramework,Version=v4.7.1, .NETFramework,Version=v4.7.2, .NETFramework,Version=v4.8, .NETFramework,Version=v4.8.1' instead of the project target framework 'net8.0'. This package may not be fully compatible with your project. [C:\Users\ultra\warewolf\Dev\Dev2.Data.Tests\Dev2.Data.Tests.csproj]
C:\Users\ultra\warewolf\Dev\Dev2.Util\Dev2.Util.csproj : warning NU1701: Package 'AeroWizard 2.3.1' was restored using '.NETFramework,Version=v4.6.1, .NETFramework,Version=v4.6.2, .NETFramework,Version=v4.7, .NETFramework,Version=v4.7.1, .NETFramework,Version=v4.7.2, .NETFramework,Version=v4.8, .NETFramework,Version=v4.8.1' instead of the project target framework 'net8.0'. This package may not be fully compatible with your project. [C:\Users\ultra\warewolf\Dev\Dev2.Data.Tests\Dev2.Data.Tests.csproj]
C:\Users\ultra\warewolf\Dev\Dev2.TaskScheduler.Wrappers\Dev2.TaskScheduler.Wrappers.csproj : warning NU1701: Package 'GroupControls 1.9.0' was restored using '.NETFramework,Version=v4.6.1, .NETFramework,Version=v4.6.2, .NETFramework,Version=v4.7, .NETFramework,Version=v4.7.1, .NETFramework,Version=v4.7.2, .NETFramework,Version=v4.8, .NETFramework,Version=v4.8.1' instead of the project target framework 'net8.0'. This package may not be fully compatible with your project. [C:\Users\ultra\warewolf\Dev\Dev2.Data.Tests\Dev2.Data.Tests.csproj]
C:\Users\ultra\warewolf\Dev\Dev2.Data.Interfaces\Dev2.Data.Interfaces.csproj : warning NU1701: Package 'AeroWizard 2.3.1' was restored using '.NETFramework,Version=v4.6.1, .NETFramework,Version=v4.6.2, .NETFramework,Version=v4.7, .NETFramework,Version=v4.7.1, .NETFramework,Version=v4.7.2, .NETFramework,Version=v4.8, .NETFramework,Version=v4.8.1' instead of the project target framework 'net8.0'. This package may not be fully compatible with your project. [C:\Users\ultra\warewolf\Dev\Dev2.Data.Tests\Dev2.Data.Tests.csproj]
C:\Users\ultra\warewolf\Dev\Dev2.Development.Languages\Dev2.Development.Languages.csproj : warning NU1701: Package 'TaskSchedulerEditor 2.10.1' was restored using '.NETFramework,Version=v4.6.1, .NETFramework,Version=v4.6.2, .NETFramework,Version=v4.7, .NETFramework,Version=v4.7.1, .NETFramework,Version=v4.7.2, .NETFramework,Version=v4.8, .NETFramework,Version=v4.8.1' instead of the project target framework 'net8.0'. This package may not be fully compatible with your project. [C:\Users\ultra\warewolf\Dev\Dev2.Data.Tests\Dev2.Data.Tests.csproj]
C:\Users\ultra\warewolf\Dev\Dev2.CustomControls\Dev2.CustomControls.csproj : warning NU1701: Package 'AeroWizard 2.3.1' was restored using '.NETFramework,Version=v4.6.1, .NETFramework,Version=v4.6.2, .NETFramework,Version=v4.7, .NETFramework,Version=v4.7.1, .NETFramework,Version=v4.7.2, .NETFramework,Version=v4.8, .NETFramework,Version=v4.8.1' instead of the project target framework 'net8.0'. This package may not be fully compatible with your project. [C:\Users\ultra\warewolf\Dev\Dev2.Data.Tests\Dev2.Data.Tests.csproj]
C:\Users\ultra\warewolf\Dev\Dev2.TaskScheduler.Wrappers\Dev2.TaskScheduler.Wrappers.csproj : warning NU1701: Package 'TaskSchedulerEditor 2.10.1' was restored using '.NETFramework,Version=v4.6.1, .NETFramework,Version=v4.6.2, .NETFramework,Version=v4.7, .NETFramework,Version=v4.7.1, .NETFramework,Version=v4.7.2, .NETFramework,Version=v4.8, .NETFramework,Version=v4.8.1' instead of the project target framework 'net8.0'. This package may not be fully compatible with your project. [C:\Users\ultra\warewolf\Dev\Dev2.Data.Tests\Dev2.Data.Tests.csproj]
C:\Users\ultra\warewolf\Dev\Dev2.Util\Dev2.Util.csproj : warning NU1701: Package 'GroupControls 1.9.0' was restored using '.NETFramework,Version=v4.6.1, .NETFramework,Version=v4.6.2, .NETFramework,Version=v4.7, .NETFramework,Version=v4.7.1, .NETFramework,Version=v4.7.2, .NETFramework,Version=v4.8, .NETFramework,Version=v4.8.1' instead of the project target framework 'net8.0'. This package may not be fully compatible with your project. [C:\Users\ultra\warewolf\Dev\Dev2.Data.Tests\Dev2.Data.Tests.csproj]
C:\Users\ultra\warewolf\Dev\Dev2.Data\Dev2.Data.csproj : warning NU1701: Package 'ReactiveUI.WPF 18.4.1' was restored using '.NETFramework,Version=v4.6.1, .NETFramework,Version=v4.6.2, .NETFramework,Version=v4.7, .NETFramework,Version=v4.7.1, .NETFramework,Version=v4.7.2, .NETFramework,Version=v4.8, .NETFramework,Version=v4.8.1' instead of the project target framework 'net8.0'. This package may not be fully compatible with your project. [C:\Users\ultra\warewolf\Dev\Dev2.Data.Tests\Dev2.Data.Tests.csproj]
C:\Users\ultra\warewolf\Dev\Dev2.Data.Interfaces\Dev2.Data.Interfaces.csproj : warning NU1701: Package 'GroupControls 1.9.0' was restored using '.NETFramework,Version=v4.6.1, .NETFramework,Version=v4.6.2, .NETFramework,Version=v4.7, .NETFramework,Version=v4.7.1, .NETFramework,Version=v4.7.2, .NETFramework,Version=v4.8, .NETFramework,Version=v4.8.1' instead of the project target framework 'net8.0'. This package may not be fully compatible with your project. [C:\Users\ultra\warewolf\Dev\Dev2.Data.Tests\Dev2.Data.Tests.csproj]
C:\Users\ultra\warewolf\Dev\Dev2.CustomControls\Dev2.CustomControls.csproj : warning NU1701: Package 'GroupControls 1.9.0' was restored using '.NETFramework,Version=v4.6.1, .NETFramework,Version=v4.6.2, .NETFramework,Version=v4.7, .NETFramework,Version=v4.7.1, .NETFramework,Version=v4.7.2, .NETFramework,Version=v4.8, .NETFramework,Version=v4.8.1' instead of the project target framework 'net8.0'. This package may not be fully compatible with your project. [C:\Users\ultra\warewolf\Dev\Dev2.Data.Tests\Dev2.Data.Tests.csproj]
C:\Users\ultra\warewolf\Dev\Dev2.Util\Dev2.Util.csproj : warning NU1701: Package 'TaskSchedulerEditor 2.10.1' was restored using '.NETFramework,Version=v4.6.1, .NETFramework,Version=v4.6.2, .NETFramework,Version=v4.7, .NETFramework,Version=v4.7.1, .NETFramework,Version=v4.7.2, .NETFramework,Version=v4.8, .NETFramework,Version=v4.8.1' instead of the project target framework 'net8.0'. This package may not be fully compatible with your project. [C:\Users\ultra\warewolf\Dev\Dev2.Data.Tests\Dev2.Data.Tests.csproj]
C:\Users\ultra\warewolf\Dev\Dev2.Data\Dev2.Data.csproj : warning NU1701: Package 'TaskSchedulerEditor 2.10.1' was restored using '.NETFramework,Version=v4.6.1, .NETFramework,Version=v4.6.2, .NETFramework,Version=v4.7, .NETFramework,Version=v4.7.1, .NETFramework,Version=v4.7.2, .NETFramework,Version=v4.8, .NETFramework,Version=v4.8.1' instead of the project target framework 'net8.0'. This package may not be fully compatible with your project. [C:\Users\ultra\warewolf\Dev\Dev2.Data.Tests\Dev2.Data.Tests.csproj]
C:\Users\ultra\warewolf\Dev\Dev2.Data.Interfaces\Dev2.Data.Interfaces.csproj : warning NU1701: Package 'TaskSchedulerEditor 2.10.1' was restored using '.NETFramework,Version=v4.6.1, .NETFramework,Version=v4.6.2, .NETFramework,Version=v4.7, .NETFramework,Version=v4.7.1, .NETFramework,Version=v4.7.2, .NETFramework,Version=v4.8, .NETFramework,Version=v4.8.1' instead of the project target framework 'net8.0'. This package may not be fully compatible with your project. [C:\Users\ultra\warewolf\Dev\Dev2.Data.Tests\Dev2.Data.Tests.csproj]
C:\Users\ultra\warewolf\Dev\Dev2.CustomControls\Dev2.CustomControls.csproj : warning NU1701: Package 'TaskSchedulerEditor 2.10.1' was restored using '.NETFramework,Version=v4.6.1, .NETFramework,Version=v4.6.2, .NETFramework,Version=v4.7, .NETFramework,Version=v4.7.1, .NETFramework,Version=v4.7.2, .NETFramework,Version=v4.8, .NETFramework,Version=v4.8.1' instead of the project target framework 'net8.0'. This package may not be fully compatible with your project. [C:\Users\ultra\warewolf\Dev\Dev2.Data.Tests\Dev2.Data.Tests.csproj]
C:\Users\ultra\warewolf\Dev\Warewolf.Common\Warewolf.Common.csproj : warning NU1701: Package 'AeroWizard 2.3.1' was restored using '.NETFramework,Version=v4.6.1, .NETFramework,Version=v4.6.2, .NETFramework,Version=v4.7, .NETFramework,Version=v4.7.1, .NETFramework,Version=v4.7.2, .NETFramework,Version=v4.8, .NETFramework,Version=v4.8.1' instead of the project target framework 'net8.0'. This package may not be fully compatible with your project. [C:\Users\ultra\warewolf\Dev\Dev2.Data.Tests\Dev2.Data.Tests.csproj]
C:\Users\ultra\warewolf\Dev\Warewolf.Common\Warewolf.Common.csproj : warning NU1701: Package 'GroupControls 1.9.0' was restored using '.NETFramework,Version=v4.6.1, .NETFramework,Version=v4.6.2, .NETFramework,Version=v4.7, .NETFramework,Version=v4.7.1, .NETFramework,Version=v4.7.2, .NETFramework,Version=v4.8, .NETFramework,Version=v4.8.1' instead of the project target framework 'net8.0'. This package may not be fully compatible with your project. [C:\Users\ultra\warewolf\Dev\Dev2.Data.Tests\Dev2.Data.Tests.csproj]
C:\Users\ultra\warewolf\Dev\Warewolf.Common\Warewolf.Common.csproj : warning NU1701: Package 'TaskSchedulerEditor 2.10.1' was restored using '.NETFramework,Version=v4.6.1, .NETFramework,Version=v4.6.2, .NETFramework,Version=v4.7, .NETFramework,Version=v4.7.1, .NETFramework,Version=v4.7.2, .NETFramework,Version=v4.8, .NETFramework,Version=v4.8.1' instead of the project target framework 'net8.0'. This package may not be fully compatible with your project. [C:\Users\ultra\warewolf\Dev\Dev2.Data.Tests\Dev2.Data.Tests.csproj]
C:\Users\ultra\warewolf\Dev\Warewolf.AI.Harness\Warewolf.AI.Harness.csproj : warning NU1701: Package 'AeroWizard 2.3.1' was restored using '.NETFramework,Version=v4.6.1, .NETFramework,Version=v4.6.2, .NETFramework,Version=v4.7, .NETFramework,Version=v4.7.1, .NETFramework,Version=v4.7.2, .NETFramework,Version=v4.8, .NETFramework,Version=v4.8.1' instead of the project target framework 'net8.0'. This package may not be fully compatible with your project. [C:\Users\ultra\warewolf\Dev\Dev2.Data.Tests\Dev2.Data.Tests.csproj]
C:\Users\ultra\warewolf\Dev\Warewolf.AI.Harness\Warewolf.AI.Harness.csproj : warning NU1701: Package 'GroupControls 1.9.0' was restored using '.NETFramework,Version=v4.6.1, .NETFramework,Version=v4.6.2, .NETFramework,Version=v4.7, .NETFramework,Version=v4.7.1, .NETFramework,Version=v4.7.2, .NETFramework,Version=v4.8, .NETFramework,Version=v4.8.1' instead of the project target framework 'net8.0'. This package may not be fully compatible with your project. [C:\Users\ultra\warewolf\Dev\Dev2.Data.Tests\Dev2.Data.Tests.csproj]
C:\Users\ultra\warewolf\Dev\Warewolf.AI.Harness\Warewolf.AI.Harness.csproj : warning NU1701: Package 'TaskSchedulerEditor 2.10.1' was restored using '.NETFramework,Version=v4.6.1, .NETFramework,Version=v4.6.2, .NETFramework,Version=v4.7, .NETFramework,Version=v4.7.1, .NETFramework,Version=v4.7.2, .NETFramework,Version=v4.8, .NETFramework,Version=v4.8.1' instead of the project target framework 'net8.0'. This package may not be fully compatible with your project. [C:\Users\ultra\warewolf\Dev\Dev2.Data.Tests\Dev2.Data.Tests.csproj]
C:\Users\ultra\warewolf\Dev\Dev2.Core\Dev2.Core.csproj : warning NU1903: Package 'Microsoft.Windows.Compatibility' 6.0.0 has a known high severity vulnerability, https://github.com/advisories/GHSA-555c-2p6r-68mm [C:\Users\ultra\warewolf\Dev\Dev2.Data.Tests\Dev2.Data.Tests.csproj]
C:\Users\ultra\warewolf\Dev\Dev2.Core\Dev2.Core.csproj : warning NU1701: Package 'AeroWizard 2.3.1' was restored using '.NETFramework,Version=v4.6.1, .NETFramework,Version=v4.6.2, .NETFramework,Version=v4.7, .NETFramework,Version=v4.7.1, .NETFramework,Version=v4.7.2, .NETFramework,Version=v4.8, .NETFramework,Version=v4.8.1' instead of the project target framework 'net8.0'. This package may not be fully compatible with your project. [C:\Users\ultra\warewolf\Dev\Dev2.Data.Tests\Dev2.Data.Tests.csproj]
C:\Users\ultra\warewolf\Dev\Dev2.Core\Dev2.Core.csproj : warning NU1701: Package 'GroupControls 1.9.0' was restored using '.NETFramework,Version=v4.6.1, .NETFramework,Version=v4.6.2, .NETFramework,Version=v4.7, .NETFramework,Version=v4.7.1, .NETFramework,Version=v4.7.2, .NETFramework,Version=v4.8, .NETFramework,Version=v4.8.1' instead of the project target framework 'net8.0'. This package may not be fully compatible with your project. [C:\Users\ultra\warewolf\Dev\Dev2.Data.Tests\Dev2.Data.Tests.csproj]
C:\Users\ultra\warewolf\Dev\Dev2.Core\Dev2.Core.csproj : warning NU1701: Package 'ReactiveUI.WPF 18.4.1' was restored using '.NETFramework,Version=v4.6.1, .NETFramework,Version=v4.6.2, .NETFramework,Version=v4.7, .NETFramework,Version=v4.7.1, .NETFramework,Version=v4.7.2, .NETFramework,Version=v4.8, .NETFramework,Version=v4.8.1' instead of the project target framework 'net8.0'. This package may not be fully compatible with your project. [C:\Users\ultra\warewolf\Dev\Dev2.Data.Tests\Dev2.Data.Tests.csproj]
C:\Users\ultra\warewolf\Dev\Dev2.Core\Dev2.Core.csproj : warning NU1701: Package 'TaskSchedulerEditor 2.10.1' was restored using '.NETFramework,Version=v4.6.1, .NETFramework,Version=v4.6.2, .NETFramework,Version=v4.7, .NETFramework,Version=v4.7.1, .NETFramework,Version=v4.7.2, .NETFramework,Version=v4.8, .NETFramework,Version=v4.8.1' instead of the project target framework 'net8.0'. This package may not be fully compatible with your project. [C:\Users\ultra\warewolf\Dev\Dev2.Data.Tests\Dev2.Data.Tests.csproj]
C:\Users\ultra\warewolf\Dev\Warewolf.Core\Warewolf.Core.csproj : warning NU1903: Package 'Microsoft.Windows.Compatibility' 6.0.0 has a known high severity vulnerability, https://github.com/advisories/GHSA-555c-2p6r-68mm [C:\Users\ultra\warewolf\Dev\Dev2.Data.Tests\Dev2.Data.Tests.csproj]
C:\Users\ultra\warewolf\Dev\Warewolf.Core\Warewolf.Core.csproj : warning NU1701: Package 'AeroWizard 2.3.1' was restored using '.NETFramework,Version=v4.6.1, .NETFramework,Version=v4.6.2, .NETFramework,Version=v4.7, .NETFramework,Version=v4.7.1, .NETFramework,Version=v4.7.2, .NETFramework,Version=v4.8, .NETFramework,Version=v4.8.1' instead of the project target framework 'net8.0'. This package may not be fully compatible with your project. [C:\Users\ultra\warewolf\Dev\Dev2.Data.Tests\Dev2.Data.Tests.csproj]
C:\Users\ultra\warewolf\Dev\Warewolf.Core\Warewolf.Core.csproj : warning NU1701: Package 'GroupControls 1.9.0' was restored using '.NETFramework,Version=v4.6.1, .NETFramework,Version=v4.6.2, .NETFramework,Version=v4.7, .NETFramework,Version=v4.7.1, .NETFramework,Version=v4.7.2, .NETFramework,Version=v4.8, .NETFramework,Version=v4.8.1' instead of the project target framework 'net8.0'. This package may not be fully compatible with your project. [C:\Users\ultra\warewolf\Dev\Dev2.Data.Tests\Dev2.Data.Tests.csproj]
C:\Users\ultra\warewolf\Dev\Warewolf.Core\Warewolf.Core.csproj : warning NU1701: Package 'ReactiveUI.WPF 18.4.1' was restored using '.NETFramework,Version=v4.6.1, .NETFramework,Version=v4.6.2, .NETFramework,Version=v4.7, .NETFramework,Version=v4.7.1, .NETFramework,Version=v4.7.2, .NETFramework,Version=v4.8, .NETFramework,Version=v4.8.1' instead of the project target framework 'net8.0'. This package may not be fully compatible with your project. [C:\Users\ultra\warewolf\Dev\Dev2.Data.Tests\Dev2.Data.Tests.csproj]
C:\Users\ultra\warewolf\Dev\Warewolf.Core\Warewolf.Core.csproj : warning NU1701: Package 'TaskSchedulerEditor 2.10.1' was restored using '.NETFramework,Version=v4.6.1, .NETFramework,Version=v4.6.2, .NETFramework,Version=v4.7, .NETFramework,Version=v4.7.1, .NETFramework,Version=v4.7.2, .NETFramework,Version=v4.8, .NETFramework,Version=v4.8.1' instead of the project target framework 'net8.0'. This package may not be fully compatible with your project. [C:\Users\ultra\warewolf\Dev\Dev2.Data.Tests\Dev2.Data.Tests.csproj]
C:\Users\ultra\warewolf\Dev\Warewolf.Common.NetStandard20\Warewolf.Common.NetStandard20.csproj : warning NU1701: Package 'AeroWizard 2.3.1' was restored using '.NETFramework,Version=v4.6.1, .NETFramework,Version=v4.6.2, .NETFramework,Version=v4.7, .NETFramework,Version=v4.7.1, .NETFramework,Version=v4.7.2, .NETFramework,Version=v4.8, .NETFramework,Version=v4.8.1' instead of the project target framework 'net8.0'. This package may not be fully compatible with your project. [C:\Users\ultra\warewolf\Dev\Dev2.Data.Tests\Dev2.Data.Tests.csproj]
C:\Users\ultra\warewolf\Dev\Warewolf.Common.NetStandard20\Warewolf.Common.NetStandard20.csproj : warning NU1701: Package 'GroupControls 1.9.0' was restored using '.NETFramework,Version=v4.6.1, .NETFramework,Version=v4.6.2, .NETFramework,Version=v4.7, .NETFramework,Version=v4.7.1, .NETFramework,Version=v4.7.2, .NETFramework,Version=v4.8, .NETFramework,Version=v4.8.1' instead of the project target framework 'net8.0'. This package may not be fully compatible with your project. [C:\Users\ultra\warewolf\Dev\Dev2.Data.Tests\Dev2.Data.Tests.csproj]
C:\Users\ultra\warewolf\Dev\Warewolf.Common.NetStandard20\Warewolf.Common.NetStandard20.csproj : warning NU1701: Package 'ReactiveUI.WPF 18.4.1' was restored using '.NETFramework,Version=v4.6.1, .NETFramework,Version=v4.6.2, .NETFramework,Version=v4.7, .NETFramework,Version=v4.7.1, .NETFramework,Version=v4.7.2, .NETFramework,Version=v4.8, .NETFramework,Version=v4.8.1' instead of the project target framework 'net8.0'. This package may not be fully compatible with your project. [C:\Users\ultra\warewolf\Dev\Dev2.Data.Tests\Dev2.Data.Tests.csproj]
C:\Users\ultra\warewolf\Dev\Warewolf.Common.NetStandard20\Warewolf.Common.NetStandard20.csproj : warning NU1701: Package 'TaskSchedulerEditor 2.10.1' was restored using '.NETFramework,Version=v4.6.1, .NETFramework,Version=v4.6.2, .NETFramework,Version=v4.7, .NETFramework,Version=v4.7.1, .NETFramework,Version=v4.7.2, .NETFramework,Version=v4.8, .NETFramework,Version=v4.8.1' instead of the project target framework 'net8.0'. This package may not be fully compatible with your project. [C:\Users\ultra\warewolf\Dev\Dev2.Data.Tests\Dev2.Data.Tests.csproj]
C:\Users\ultra\warewolf\Dev\Dev2.Common\Dev2.Common.csproj : warning NU1903: Package 'Microsoft.Windows.Compatibility' 6.0.0 has a known high severity vulnerability, https://github.com/advisories/GHSA-555c-2p6r-68mm [C:\Users\ultra\warewolf\Dev\Dev2.Data.Tests\Dev2.Data.Tests.csproj]
C:\Users\ultra\warewolf\Dev\Dev2.Common\Dev2.Common.csproj : warning NU1701: Package 'AeroWizard 2.3.1' was restored using '.NETFramework,Version=v4.6.1, .NETFramework,Version=v4.6.2, .NETFramework,Version=v4.7, .NETFramework,Version=v4.7.1, .NETFramework,Version=v4.7.2, .NETFramework,Version=v4.8, .NETFramework,Version=v4.8.1' instead of the project target framework 'net8.0'. This package may not be fully compatible with your project. [C:\Users\ultra\warewolf\Dev\Dev2.Data.Tests\Dev2.Data.Tests.csproj]
C:\Users\ultra\warewolf\Dev\Dev2.Common\Dev2.Common.csproj : warning NU1701: Package 'GroupControls 1.9.0' was restored using '.NETFramework,Version=v4.6.1, .NETFramework,Version=v4.6.2, .NETFramework,Version=v4.7, .NETFramework,Version=v4.7.1, .NETFramework,Version=v4.7.2, .NETFramework,Version=v4.8, .NETFramework,Version=v4.8.1' instead of the project target framework 'net8.0'. This package may not be fully compatible with your project. [C:\Users\ultra\warewolf\Dev\Dev2.Data.Tests\Dev2.Data.Tests.csproj]
C:\Users\ultra\warewolf\Dev\Dev2.Common\Dev2.Common.csproj : warning NU1701: Package 'TaskSchedulerEditor 2.10.1' was restored using '.NETFramework,Version=v4.6.1, .NETFramework,Version=v4.6.2, .NETFramework,Version=v4.7, .NETFramework,Version=v4.7.1, .NETFramework,Version=v4.7.2, .NETFramework,Version=v4.8, .NETFramework,Version=v4.8.1' instead of the project target framework 'net8.0'. This package may not be fully compatible with your project. [C:\Users\ultra\warewolf\Dev\Dev2.Data.Tests\Dev2.Data.Tests.csproj]
C:\Users\ultra\warewolf\Dev\Warewolf.Auditing\Warewolf.Auditing.csproj : warning NU1701: Package 'AeroWizard 2.3.1' was restored using '.NETFramework,Version=v4.6.1, .NETFramework,Version=v4.6.2, .NETFramework,Version=v4.7, .NETFramework,Version=v4.7.1, .NETFramework,Version=v4.7.2, .NETFramework,Version=v4.8, .NETFramework,Version=v4.8.1' instead of the project target framework 'net8.0'. This package may not be fully compatible with your project. [C:\Users\ultra\warewolf\Dev\Dev2.Data.Tests\Dev2.Data.Tests.csproj]
C:\Users\ultra\warewolf\Dev\Warewolf.Auditing\Warewolf.Auditing.csproj : warning NU1701: Package 'GroupControls 1.9.0' was restored using '.NETFramework,Version=v4.6.1, .NETFramework,Version=v4.6.2, .NETFramework,Version=v4.7, .NETFramework,Version=v4.7.1, .NETFramework,Version=v4.7.2, .NETFramework,Version=v4.8, .NETFramework,Version=v4.8.1' instead of the project target framework 'net8.0'. This package may not be fully compatible with your project. [C:\Users\ultra\warewolf\Dev\Dev2.Data.Tests\Dev2.Data.Tests.csproj]
C:\Users\ultra\warewolf\Dev\Warewolf.Auditing\Warewolf.Auditing.csproj : warning NU1701: Package 'ReactiveUI.WPF 18.4.1' was restored using '.NETFramework,Version=v4.6.1, .NETFramework,Version=v4.6.2, .NETFramework,Version=v4.7, .NETFramework,Version=v4.7.1, .NETFramework,Version=v4.7.2, .NETFramework,Version=v4.8, .NETFramework,Version=v4.8.1' instead of the project target framework 'net8.0'. This package may not be fully compatible with your project. [C:\Users\ultra\warewolf\Dev\Dev2.Data.Tests\Dev2.Data.Tests.csproj]
C:\Users\ultra\warewolf\Dev\Warewolf.Auditing\Warewolf.Auditing.csproj : warning NU1701: Package 'TaskSchedulerEditor 2.10.1' was restored using '.NETFramework,Version=v4.6.1, .NETFramework,Version=v4.6.2, .NETFramework,Version=v4.7, .NETFramework,Version=v4.7.1, .NETFramework,Version=v4.7.2, .NETFramework,Version=v4.8, .NETFramework,Version=v4.8.1' instead of the project target framework 'net8.0'. This package may not be fully compatible with your project. [C:\Users\ultra\warewolf\Dev\Dev2.Data.Tests\Dev2.Data.Tests.csproj]
C:\Users\ultra\warewolf\Dev\Dev2.Common.Interfaces\Dev2.Common.Interfaces.csproj : warning NU1903: Package 'Microsoft.Windows.Compatibility' 6.0.0 has a known high severity vulnerability, https://github.com/advisories/GHSA-555c-2p6r-68mm [C:\Users\ultra\warewolf\Dev\Dev2.Data.Tests\Dev2.Data.Tests.csproj]
C:\Users\ultra\warewolf\Dev\Dev2.Common.Interfaces\Dev2.Common.Interfaces.csproj : warning NU1701: Package 'AeroWizard 2.3.1' was restored using '.NETFramework,Version=v4.6.1, .NETFramework,Version=v4.6.2, .NETFramework,Version=v4.7, .NETFramework,Version=v4.7.1, .NETFramework,Version=v4.7.2, .NETFramework,Version=v4.8, .NETFramework,Version=v4.8.1' instead of the project target framework 'net8.0'. This package may not be fully compatible with your project. [C:\Users\ultra\warewolf\Dev\Dev2.Data.Tests\Dev2.Data.Tests.csproj]
C:\Users\ultra\warewolf\Dev\Dev2.Common.Interfaces\Dev2.Common.Interfaces.csproj : warning NU1701: Package 'GroupControls 1.9.0' was restored using '.NETFramework,Version=v4.6.1, .NETFramework,Version=v4.6.2, .NETFramework,Version=v4.7, .NETFramework,Version=v4.7.1, .NETFramework,Version=v4.7.2, .NETFramework,Version=v4.8, .NETFramework,Version=v4.8.1' instead of the project target framework 'net8.0'. This package may not be fully compatible with your project. [C:\Users\ultra\warewolf\Dev\Dev2.Data.Tests\Dev2.Data.Tests.csproj]
C:\Users\ultra\warewolf\Dev\Dev2.Common.Interfaces\Dev2.Common.Interfaces.csproj : warning NU1701: Package 'TaskSchedulerEditor 2.10.1' was restored using '.NETFramework,Version=v4.6.1, .NETFramework,Version=v4.6.2, .NETFramework,Version=v4.7, .NETFramework,Version=v4.7.1, .NETFramework,Version=v4.7.2, .NETFramework,Version=v4.8, .NETFramework,Version=v4.8.1' instead of the project target framework 'net8.0'. This package may not be fully compatible with your project. [C:\Users\ultra\warewolf\Dev\Dev2.Data.Tests\Dev2.Data.Tests.csproj]
C:\Users\ultra\warewolf\Dev\Warewolf.Core.Tests\Warewolf.Core.Tests.csproj : warning NU1701: Package 'AeroWizard 2.3.1' was restored using '.NETFramework,Version=v4.6.1, .NETFramework,Version=v4.6.2, .NETFramework,Version=v4.7, .NETFramework,Version=v4.7.1, .NETFramework,Version=v4.7.2, .NETFramework,Version=v4.8, .NETFramework,Version=v4.8.1' instead of the project target framework 'net8.0'. This package may not be fully compatible with your project. [C:\Users\ultra\warewolf\Dev\Dev2.Data.Tests\Dev2.Data.Tests.csproj]
C:\Users\ultra\warewolf\Dev\Warewolf.Core.Tests\Warewolf.Core.Tests.csproj : warning NU1701: Package 'GroupControls 1.9.0' was restored using '.NETFramework,Version=v4.6.1, .NETFramework,Version=v4.6.2, .NETFramework,Version=v4.7, .NETFramework,Version=v4.7.1, .NETFramework,Version=v4.7.2, .NETFramework,Version=v4.8, .NETFramework,Version=v4.8.1' instead of the project target framework 'net8.0'. This package may not be fully compatible with your project. [C:\Users\ultra\warewolf\Dev\Dev2.Data.Tests\Dev2.Data.Tests.csproj]
C:\Users\ultra\warewolf\Dev\Warewolf.Core.Tests\Warewolf.Core.Tests.csproj : warning NU1701: Package 'Microsoft.Xaml.Behaviors.Wpf 1.1.122' was restored using '.NETFramework,Version=v4.6.1, .NETFramework,Version=v4.6.2, .NETFramework,Version=v4.7, .NETFramework,Version=v4.7.1, .NETFramework,Version=v4.7.2, .NETFramework,Version=v4.8, .NETFramework,Version=v4.8.1' instead of the project target framework 'net8.0'. This package may not be fully compatible with your project. [C:\Users\ultra\warewolf\Dev\Dev2.Data.Tests\Dev2.Data.Tests.csproj]
C:\Users\ultra\warewolf\Dev\Warewolf.Core.Tests\Warewolf.Core.Tests.csproj : warning NU1701: Package 'Prism.Wpf 9.0.537' was restored using '.NETFramework,Version=v4.6.1, .NETFramework,Version=v4.6.2, .NETFramework,Version=v4.7, .NETFramework,Version=v4.7.1, .NETFramework,Version=v4.7.2, .NETFramework,Version=v4.8, .NETFramework,Version=v4.8.1' instead of the project target framework 'net8.0'. This package may not be fully compatible with your project. [C:\Users\ultra\warewolf\Dev\Dev2.Data.Tests\Dev2.Data.Tests.csproj]
C:\Users\ultra\warewolf\Dev\Warewolf.Core.Tests\Warewolf.Core.Tests.csproj : warning NU1701: Package 'ReactiveUI.WPF 18.4.1' was restored using '.NETFramework,Version=v4.6.1, .NETFramework,Version=v4.6.2, .NETFramework,Version=v4.7, .NETFramework,Version=v4.7.1, .NETFramework,Version=v4.7.2, .NETFramework,Version=v4.8, .NETFramework,Version=v4.8.1' instead of the project target framework 'net8.0'. This package may not be fully compatible with your project. [C:\Users\ultra\warewolf\Dev\Dev2.Data.Tests\Dev2.Data.Tests.csproj]
C:\Users\ultra\warewolf\Dev\Warewolf.Core.Tests\Warewolf.Core.Tests.csproj : warning NU1701: Package 'TaskSchedulerEditor 2.10.1' was restored using '.NETFramework,Version=v4.6.1, .NETFramework,Version=v4.6.2, .NETFramework,Version=v4.7, .NETFramework,Version=v4.7.1, .NETFramework,Version=v4.7.2, .NETFramework,Version=v4.8, .NETFramework,Version=v4.8.1' instead of the project target framework 'net8.0'. This package may not be fully compatible with your project. [C:\Users\ultra\warewolf\Dev\Dev2.Data.Tests\Dev2.Data.Tests.csproj]
C:\Users\ultra\warewolf\Dev\Warewolf.Common.Framework48\Warewolf.Common.Framework48.csproj : warning NU1902: Package 'System.IdentityModel.Tokens.Jwt' 5.1.0 has a known moderate severity vulnerability, https://github.com/advisories/GHSA-59j7-ghrg-fj52 [C:\Users\ultra\warewolf\Dev\Dev2.Data.Tests\Dev2.Data.Tests.csproj]
C:\Users\ultra\warewolf\Dev\Warewolf.Common.Framework48\Warewolf.Common.Framework48.csproj : warning NU1701: Package 'AeroWizard 2.3.1' was restored using '.NETFramework,Version=v4.6.1, .NETFramework,Version=v4.6.2, .NETFramework,Version=v4.7, .NETFramework,Version=v4.7.1, .NETFramework,Version=v4.7.2, .NETFramework,Version=v4.8, .NETFramework,Version=v4.8.1' instead of the project target framework 'net8.0'. This package may not be fully compatible with your project. [C:\Users\ultra\warewolf\Dev\Dev2.Data.Tests\Dev2.Data.Tests.csproj]
C:\Users\ultra\warewolf\Dev\Warewolf.Common.Framework48\Warewolf.Common.Framework48.csproj : warning NU1701: Package 'GroupControls 1.9.0' was restored using '.NETFramework,Version=v4.6.1, .NETFramework,Version=v4.6.2, .NETFramework,Version=v4.7, .NETFramework,Version=v4.7.1, .NETFramework,Version=v4.7.2, .NETFramework,Version=v4.8, .NETFramework,Version=v4.8.1' instead of the project target framework 'net8.0'. This package may not be fully compatible with your project. [C:\Users\ultra\warewolf\Dev\Dev2.Data.Tests\Dev2.Data.Tests.csproj]
C:\Users\ultra\warewolf\Dev\Warewolf.Common.Framework48\Warewolf.Common.Framework48.csproj : warning NU1701: Package 'Microsoft.Xaml.Behaviors.Wpf 1.1.122' was restored using '.NETFramework,Version=v4.6.1, .NETFramework,Version=v4.6.2, .NETFramework,Version=v4.7, .NETFramework,Version=v4.7.1, .NETFramework,Version=v4.7.2, .NETFramework,Version=v4.8, .NETFramework,Version=v4.8.1' instead of the project target framework 'net8.0'. This package may not be fully compatible with your project. [C:\Users\ultra\warewolf\Dev\Dev2.Data.Tests\Dev2.Data.Tests.csproj]
C:\Users\ultra\warewolf\Dev\Warewolf.Common.Framework48\Warewolf.Common.Framework48.csproj : warning NU1701: Package 'Prism.Wpf 9.0.537' was restored using '.NETFramework,Version=v4.6.1, .NETFramework,Version=v4.6.2, .NETFramework,Version=v4.7, .NETFramework,Version=v4.7.1, .NETFramework,Version=v4.7.2, .NETFramework,Version=v4.8, .NETFramework,Version=v4.8.1' instead of the project target framework 'net8.0'. This package may not be fully compatible with your project. [C:\Users\ultra\warewolf\Dev\Dev2.Data.Tests\Dev2.Data.Tests.csproj]
C:\Users\ultra\warewolf\Dev\Warewolf.Common.Framework48\Warewolf.Common.Framework48.csproj : warning NU1701: Package 'ReactiveUI.WPF 18.4.1' was restored using '.NETFramework,Version=v4.6.1, .NETFramework,Version=v4.6.2, .NETFramework,Version=v4.7, .NETFramework,Version=v4.7.1, .NETFramework,Version=v4.7.2, .NETFramework,Version=v4.8, .NETFramework,Version=v4.8.1' instead of the project target framework 'net8.0'. This package may not be fully compatible with your project. [C:\Users\ultra\warewolf\Dev\Dev2.Data.Tests\Dev2.Data.Tests.csproj]
C:\Users\ultra\warewolf\Dev\Warewolf.Common.Framework48\Warewolf.Common.Framework48.csproj : warning NU1701: Package 'TaskSchedulerEditor 2.10.1' was restored using '.NETFramework,Version=v4.6.1, .NETFramework,Version=v4.6.2, .NETFramework,Version=v4.7, .NETFramework,Version=v4.7.1, .NETFramework,Version=v4.7.2, .NETFramework,Version=v4.8, .NETFramework,Version=v4.8.1' instead of the project target framework 'net8.0'. This package may not be fully compatible with your project. [C:\Users\ultra\warewolf\Dev\Dev2.Data.Tests\Dev2.Data.Tests.csproj]
C:\Users\ultra\warewolf\Dev\Warewolf.Exchange.Email.Wrapper\Warewolf.Exchange.Email.Wrapper.csproj : warning NU1701: Package 'AeroWizard 2.3.1' was restored using '.NETFramework,Version=v4.6.1, .NETFramework,Version=v4.6.2, .NETFramework,Version=v4.7, .NETFramework,Version=v4.7.1, .NETFramework,Version=v4.7.2, .NETFramework,Version=v4.8, .NETFramework,Version=v4.8.1' instead of the project target framework 'net8.0'. This package may not be fully compatible with your project. [C:\Users\ultra\warewolf\Dev\Dev2.Data.Tests\Dev2.Data.Tests.csproj]
C:\Users\ultra\warewolf\Dev\Warewolf.Exchange.Email.Wrapper\Warewolf.Exchange.Email.Wrapper.csproj : warning NU1701: Package 'GroupControls 1.9.0' was restored using '.NETFramework,Version=v4.6.1, .NETFramework,Version=v4.6.2, .NETFramework,Version=v4.7, .NETFramework,Version=v4.7.1, .NETFramework,Version=v4.7.2, .NETFramework,Version=v4.8, .NETFramework,Version=v4.8.1' instead of the project target framework 'net8.0'. This package may not be fully compatible with your project. [C:\Users\ultra\warewolf\Dev\Dev2.Data.Tests\Dev2.Data.Tests.csproj]
C:\Users\ultra\warewolf\Dev\Warewolf.Exchange.Email.Wrapper\Warewolf.Exchange.Email.Wrapper.csproj : warning NU1701: Package 'ReactiveUI.WPF 18.4.1' was restored using '.NETFramework,Version=v4.6.1, .NETFramework,Version=v4.6.2, .NETFramework,Version=v4.7, .NETFramework,Version=v4.7.1, .NETFramework,Version=v4.7.2, .NETFramework,Version=v4.8, .NETFramework,Version=v4.8.1' instead of the project target framework 'net8.0'. This package may not be fully compatible with your project. [C:\Users\ultra\warewolf\Dev\Dev2.Data.Tests\Dev2.Data.Tests.csproj]
C:\Users\ultra\warewolf\Dev\Warewolf.Exchange.Email.Wrapper\Warewolf.Exchange.Email.Wrapper.csproj : warning NU1701: Package 'TaskSchedulerEditor 2.10.1' was restored using '.NETFramework,Version=v4.6.1, .NETFramework,Version=v4.6.2, .NETFramework,Version=v4.7, .NETFramework,Version=v4.7.1, .NETFramework,Version=v4.7.2, .NETFramework,Version=v4.8, .NETFramework,Version=v4.8.1' instead of the project target framework 'net8.0'. This package may not be fully compatible with your project. [C:\Users\ultra\warewolf\Dev\Dev2.Data.Tests\Dev2.Data.Tests.csproj]
C:\Users\ultra\warewolf\Dev\Dev2.Activities\Dev2.Activities.csproj : warning NU1903: Package 'Microsoft.Windows.Compatibility' 6.0.0 has a known high severity vulnerability, https://github.com/advisories/GHSA-555c-2p6r-68mm [C:\Users\ultra\warewolf\Dev\Dev2.Data.Tests\Dev2.Data.Tests.csproj]
C:\Users\ultra\warewolf\Dev\Dev2.Activities\Dev2.Activities.csproj : warning NU1701: Package 'AeroWizard 2.3.1' was restored using '.NETFramework,Version=v4.6.1, .NETFramework,Version=v4.6.2, .NETFramework,Version=v4.7, .NETFramework,Version=v4.7.1, .NETFramework,Version=v4.7.2, .NETFramework,Version=v4.8, .NETFramework,Version=v4.8.1' instead of the project target framework 'net8.0'. This package may not be fully compatible with your project. [C:\Users\ultra\warewolf\Dev\Dev2.Data.Tests\Dev2.Data.Tests.csproj]
C:\Users\ultra\warewolf\Dev\Dev2.Activities\Dev2.Activities.csproj : warning NU1701: Package 'GroupControls 1.9.0' was restored using '.NETFramework,Version=v4.6.1, .NETFramework,Version=v4.6.2, .NETFramework,Version=v4.7, .NETFramework,Version=v4.7.1, .NETFramework,Version=v4.7.2, .NETFramework,Version=v4.8, .NETFramework,Version=v4.8.1' instead of the project target framework 'net8.0'. This package may not be fully compatible with your project. [C:\Users\ultra\warewolf\Dev\Dev2.Data.Tests\Dev2.Data.Tests.csproj]
C:\Users\ultra\warewolf\Dev\Dev2.Activities\Dev2.Activities.csproj : warning NU1701: Package 'ReactiveUI.WPF 18.4.1' was restored using '.NETFramework,Version=v4.6.1, .NETFramework,Version=v4.6.2, .NETFramework,Version=v4.7, .NETFramework,Version=v4.7.1, .NETFramework,Version=v4.7.2, .NETFramework,Version=v4.8, .NETFramework,Version=v4.8.1' instead of the project target framework 'net8.0'. This package may not be fully compatible with your project. [C:\Users\ultra\warewolf\Dev\Dev2.Data.Tests\Dev2.Data.Tests.csproj]
C:\Users\ultra\warewolf\Dev\Dev2.Activities\Dev2.Activities.csproj : warning NU1701: Package 'TaskSchedulerEditor 2.10.1' was restored using '.NETFramework,Version=v4.6.1, .NETFramework,Version=v4.6.2, .NETFramework,Version=v4.7, .NETFramework,Version=v4.7.1, .NETFramework,Version=v4.7.2, .NETFramework,Version=v4.8, .NETFramework,Version=v4.8.1' instead of the project target framework 'net8.0'. This package may not be fully compatible with your project. [C:\Users\ultra\warewolf\Dev\Dev2.Data.Tests\Dev2.Data.Tests.csproj]
C:\Users\ultra\warewolf\Dev\Dev2.Common.Tests\Dev2.Common.Tests.csproj : warning NU1701: Package 'AeroWizard 2.3.1' was restored using '.NETFramework,Version=v4.6.1, .NETFramework,Version=v4.6.2, .NETFramework,Version=v4.7, .NETFramework,Version=v4.7.1, .NETFramework,Version=v4.7.2, .NETFramework,Version=v4.8, .NETFramework,Version=v4.8.1' instead of the project target framework 'net8.0'. This package may not be fully compatible with your project. [C:\Users\ultra\warewolf\Dev\Dev2.Data.Tests\Dev2.Data.Tests.csproj]
C:\Users\ultra\warewolf\Dev\Dev2.Common.Tests\Dev2.Common.Tests.csproj : warning NU1701: Package 'GroupControls 1.9.0' was restored using '.NETFramework,Version=v4.6.1, .NETFramework,Version=v4.6.2, .NETFramework,Version=v4.7, .NETFramework,Version=v4.7.1, .NETFramework,Version=v4.7.2, .NETFramework,Version=v4.8, .NETFramework,Version=v4.8.1' instead of the project target framework 'net8.0'. This package may not be fully compatible with your project. [C:\Users\ultra\warewolf\Dev\Dev2.Data.Tests\Dev2.Data.Tests.csproj]
C:\Users\ultra\warewolf\Dev\Dev2.Common.Tests\Dev2.Common.Tests.csproj : warning NU1701: Package 'Microsoft.Xaml.Behaviors.Wpf 1.1.122' was restored using '.NETFramework,Version=v4.6.1, .NETFramework,Version=v4.6.2, .NETFramework,Version=v4.7, .NETFramework,Version=v4.7.1, .NETFramework,Version=v4.7.2, .NETFramework,Version=v4.8, .NETFramework,Version=v4.8.1' instead of the project target framework 'net8.0'. This package may not be fully compatible with your project. [C:\Users\ultra\warewolf\Dev\Dev2.Data.Tests\Dev2.Data.Tests.csproj]
C:\Users\ultra\warewolf\Dev\Dev2.Common.Tests\Dev2.Common.Tests.csproj : warning NU1701: Package 'Prism.Wpf 9.0.537' was restored using '.NETFramework,Version=v4.6.1, .NETFramework,Version=v4.6.2, .NETFramework,Version=v4.7, .NETFramework,Version=v4.7.1, .NETFramework,Version=v4.7.2, .NETFramework,Version=v4.8, .NETFramework,Version=v4.8.1' instead of the project target framework 'net8.0'. This package may not be fully compatible with your project. [C:\Users\ultra\warewolf\Dev\Dev2.Data.Tests\Dev2.Data.Tests.csproj]
C:\Users\ultra\warewolf\Dev\Dev2.Common.Tests\Dev2.Common.Tests.csproj : warning NU1701: Package 'ReactiveUI.WPF 18.4.1' was restored using '.NETFramework,Version=v4.6.1, .NETFramework,Version=v4.6.2, .NETFramework,Version=v4.7, .NETFramework,Version=v4.7.1, .NETFramework,Version=v4.7.2, .NETFramework,Version=v4.8, .NETFramework,Version=v4.8.1' instead of the project target framework 'net8.0'. This package may not be fully compatible with your project. [C:\Users\ultra\warewolf\Dev\Dev2.Data.Tests\Dev2.Data.Tests.csproj]
C:\Users\ultra\warewolf\Dev\Dev2.Common.Tests\Dev2.Common.Tests.csproj : warning NU1701: Package 'TaskSchedulerEditor 2.10.1' was restored using '.NETFramework,Version=v4.6.1, .NETFramework,Version=v4.6.2, .NETFramework,Version=v4.7, .NETFramework,Version=v4.7.1, .NETFramework,Version=v4.7.2, .NETFramework,Version=v4.8, .NETFramework,Version=v4.8.1' instead of the project target framework 'net8.0'. This package may not be fully compatible with your project. [C:\Users\ultra\warewolf\Dev\Dev2.Data.Tests\Dev2.Data.Tests.csproj]
C:\Users\ultra\warewolf\Dev\Warewolf.Driver.Serilog\Warewolf.Driver.Serilog.csproj : warning NU1701: Package 'AeroWizard 2.3.1' was restored using '.NETFramework,Version=v4.6.1, .NETFramework,Version=v4.6.2, .NETFramework,Version=v4.7, .NETFramework,Version=v4.7.1, .NETFramework,Version=v4.7.2, .NETFramework,Version=v4.8, .NETFramework,Version=v4.8.1' instead of the project target framework 'net8.0'. This package may not be fully compatible with your project. [C:\Users\ultra\warewolf\Dev\Dev2.Data.Tests\Dev2.Data.Tests.csproj]
C:\Users\ultra\warewolf\Dev\Warewolf.Driver.Serilog\Warewolf.Driver.Serilog.csproj : warning NU1701: Package 'GroupControls 1.9.0' was restored using '.NETFramework,Version=v4.6.1, .NETFramework,Version=v4.6.2, .NETFramework,Version=v4.7, .NETFramework,Version=v4.7.1, .NETFramework,Version=v4.7.2, .NETFramework,Version=v4.8, .NETFramework,Version=v4.8.1' instead of the project target framework 'net8.0'. This package may not be fully compatible with your project. [C:\Users\ultra\warewolf\Dev\Dev2.Data.Tests\Dev2.Data.Tests.csproj]
C:\Users\ultra\warewolf\Dev\Warewolf.Driver.Serilog\Warewolf.Driver.Serilog.csproj : warning NU1701: Package 'ReactiveUI.WPF 18.4.1' was restored using '.NETFramework,Version=v4.6.1, .NETFramework,Version=v4.6.2, .NETFramework,Version=v4.7, .NETFramework,Version=v4.7.1, .NETFramework,Version=v4.7.2, .NETFramework,Version=v4.8, .NETFramework,Version=v4.8.1' instead of the project target framework 'net8.0'. This package may not be fully compatible with your project. [C:\Users\ultra\warewolf\Dev\Dev2.Data.Tests\Dev2.Data.Tests.csproj]
C:\Users\ultra\warewolf\Dev\Warewolf.Driver.Serilog\Warewolf.Driver.Serilog.csproj : warning NU1701: Package 'TaskSchedulerEditor 2.10.1' was restored using '.NETFramework,Version=v4.6.1, .NETFramework,Version=v4.6.2, .NETFramework,Version=v4.7, .NETFramework,Version=v4.7.1, .NETFramework,Version=v4.7.2, .NETFramework,Version=v4.8, .NETFramework,Version=v4.8.1' instead of the project target framework 'net8.0'. This package may not be fully compatible with your project. [C:\Users\ultra\warewolf\Dev\Dev2.Data.Tests\Dev2.Data.Tests.csproj]
C:\Users\ultra\warewolf\Dev\Warewolf.Data\Warewolf.Data.csproj : warning NU1701: Package 'AeroWizard 2.3.1' was restored using '.NETFramework,Version=v4.6.1, .NETFramework,Version=v4.6.2, .NETFramework,Version=v4.7, .NETFramework,Version=v4.7.1, .NETFramework,Version=v4.7.2, .NETFramework,Version=v4.8, .NETFramework,Version=v4.8.1' instead of the project target framework 'net8.0'. This package may not be fully compatible with your project. [C:\Users\ultra\warewolf\Dev\Dev2.Data.Tests\Dev2.Data.Tests.csproj]
C:\Users\ultra\warewolf\Dev\Warewolf.Data\Warewolf.Data.csproj : warning NU1701: Package 'GroupControls 1.9.0' was restored using '.NETFramework,Version=v4.6.1, .NETFramework,Version=v4.6.2, .NETFramework,Version=v4.7, .NETFramework,Version=v4.7.1, .NETFramework,Version=v4.7.2, .NETFramework,Version=v4.8, .NETFramework,Version=v4.8.1' instead of the project target framework 'net8.0'. This package may not be fully compatible with your project. [C:\Users\ultra\warewolf\Dev\Dev2.Data.Tests\Dev2.Data.Tests.csproj]
C:\Users\ultra\warewolf\Dev\Warewolf.Data\Warewolf.Data.csproj : warning NU1701: Package 'TaskSchedulerEditor 2.10.1' was restored using '.NETFramework,Version=v4.6.1, .NETFramework,Version=v4.6.2, .NETFramework,Version=v4.7, .NETFramework,Version=v4.7.1, .NETFramework,Version=v4.7.2, .NETFramework,Version=v4.8, .NETFramework,Version=v4.8.1' instead of the project target framework 'net8.0'. This package may not be fully compatible with your project. [C:\Users\ultra\warewolf\Dev\Dev2.Data.Tests\Dev2.Data.Tests.csproj]
C:\Users\ultra\warewolf\Dev\Warewolf.Driver.Persistence\Warewolf.Driver.Persistence.csproj : warning NU1701: Package 'AeroWizard 2.3.1' was restored using '.NETFramework,Version=v4.6.1, .NETFramework,Version=v4.6.2, .NETFramework,Version=v4.7, .NETFramework,Version=v4.7.1, .NETFramework,Version=v4.7.2, .NETFramework,Version=v4.8, .NETFramework,Version=v4.8.1' instead of the project target framework 'net8.0'. This package may not be fully compatible with your project. [C:\Users\ultra\warewolf\Dev\Dev2.Data.Tests\Dev2.Data.Tests.csproj]
C:\Users\ultra\warewolf\Dev\Warewolf.Driver.Persistence\Warewolf.Driver.Persistence.csproj : warning NU1701: Package 'GroupControls 1.9.0' was restored using '.NETFramework,Version=v4.6.1, .NETFramework,Version=v4.6.2, .NETFramework,Version=v4.7, .NETFramework,Version=v4.7.1, .NETFramework,Version=v4.7.2, .NETFramework,Version=v4.8, .NETFramework,Version=v4.8.1' instead of the project target framework 'net8.0'. This package may not be fully compatible with your project. [C:\Users\ultra\warewolf\Dev\Dev2.Data.Tests\Dev2.Data.Tests.csproj]
C:\Users\ultra\warewolf\Dev\Warewolf.Driver.Persistence\Warewolf.Driver.Persistence.csproj : warning NU1701: Package 'ReactiveUI.WPF 18.4.1' was restored using '.NETFramework,Version=v4.6.1, .NETFramework,Version=v4.6.2, .NETFramework,Version=v4.7, .NETFramework,Version=v4.7.1, .NETFramework,Version=v4.7.2, .NETFramework,Version=v4.8, .NETFramework,Version=v4.8.1' instead of the project target framework 'net8.0'. This package may not be fully compatible with your project. [C:\Users\ultra\warewolf\Dev\Dev2.Data.Tests\Dev2.Data.Tests.csproj]
C:\Users\ultra\warewolf\Dev\Warewolf.Driver.Persistence\Warewolf.Driver.Persistence.csproj : warning NU1701: Package 'TaskSchedulerEditor 2.10.1' was restored using '.NETFramework,Version=v4.6.1, .NETFramework,Version=v4.6.2, .NETFramework,Version=v4.7, .NETFramework,Version=v4.7.1, .NETFramework,Version=v4.7.2, .NETFramework,Version=v4.8, .NETFramework,Version=v4.8.1' instead of the project target framework 'net8.0'. This package may not be fully compatible with your project. [C:\Users\ultra\warewolf\Dev\Dev2.Data.Tests\Dev2.Data.Tests.csproj]
C:\Users\ultra\warewolf\Dev\Dev2.Runtime.Services\Dev2.Runtime.Services.csproj : warning NU1902: Package 'MessagePack' 2.4.59 has a known moderate severity vulnerability, https://github.com/advisories/GHSA-4qm4-8hg2-g2xm [C:\Users\ultra\warewolf\Dev\Dev2.Data.Tests\Dev2.Data.Tests.csproj]
C:\Users\ultra\warewolf\Dev\Dev2.Runtime.Services\Dev2.Runtime.Services.csproj : warning NU1903: Package 'Microsoft.Windows.Compatibility' 6.0.0 has a known high severity vulnerability, https://github.com/advisories/GHSA-555c-2p6r-68mm [C:\Users\ultra\warewolf\Dev\Dev2.Data.Tests\Dev2.Data.Tests.csproj]
C:\Users\ultra\warewolf\Dev\Dev2.Runtime.Services\Dev2.Runtime.Services.csproj : warning NU1701: Package 'AeroWizard 2.3.1' was restored using '.NETFramework,Version=v4.6.1, .NETFramework,Version=v4.6.2, .NETFramework,Version=v4.7, .NETFramework,Version=v4.7.1, .NETFramework,Version=v4.7.2, .NETFramework,Version=v4.8, .NETFramework,Version=v4.8.1' instead of the project target framework 'net8.0'. This package may not be fully compatible with your project. [C:\Users\ultra\warewolf\Dev\Dev2.Data.Tests\Dev2.Data.Tests.csproj]
C:\Users\ultra\warewolf\Dev\Dev2.Runtime.Services\Dev2.Runtime.Services.csproj : warning NU1701: Package 'GroupControls 1.9.0' was restored using '.NETFramework,Version=v4.6.1, .NETFramework,Version=v4.6.2, .NETFramework,Version=v4.7, .NETFramework,Version=v4.7.1, .NETFramework,Version=v4.7.2, .NETFramework,Version=v4.8, .NETFramework,Version=v4.8.1' instead of the project target framework 'net8.0'. This package may not be fully compatible with your project. [C:\Users\ultra\warewolf\Dev\Dev2.Data.Tests\Dev2.Data.Tests.csproj]
C:\Users\ultra\warewolf\Dev\Dev2.Runtime.Services\Dev2.Runtime.Services.csproj : warning NU1701: Package 'ReactiveUI.WPF 18.4.1' was restored using '.NETFramework,Version=v4.6.1, .NETFramework,Version=v4.6.2, .NETFramework,Version=v4.7, .NETFramework,Version=v4.7.1, .NETFramework,Version=v4.7.2, .NETFramework,Version=v4.8, .NETFramework,Version=v4.8.1' instead of the project target framework 'net8.0'. This package may not be fully compatible with your project. [C:\Users\ultra\warewolf\Dev\Dev2.Data.Tests\Dev2.Data.Tests.csproj]
C:\Users\ultra\warewolf\Dev\Dev2.Runtime.Services\Dev2.Runtime.Services.csproj : warning NU1701: Package 'TaskSchedulerEditor 2.10.1' was restored using '.NETFramework,Version=v4.6.1, .NETFramework,Version=v4.6.2, .NETFramework,Version=v4.7, .NETFramework,Version=v4.7.1, .NETFramework,Version=v4.7.2, .NETFramework,Version=v4.8, .NETFramework,Version=v4.8.1' instead of the project target framework 'net8.0'. This package may not be fully compatible with your project. [C:\Users\ultra\warewolf\Dev\Dev2.Data.Tests\Dev2.Data.Tests.csproj]
C:\Users\ultra\warewolf\Dev\Dev2.Runtime.WebServer\Dev2.Runtime.WebServer.csproj : warning NU1902: Package 'System.IdentityModel.Tokens.Jwt' 5.1.0 has a known moderate severity vulnerability, https://github.com/advisories/GHSA-59j7-ghrg-fj52 [C:\Users\ultra\warewolf\Dev\Dev2.Data.Tests\Dev2.Data.Tests.csproj]
C:\Users\ultra\warewolf\Dev\Dev2.Runtime.WebServer\Dev2.Runtime.WebServer.csproj : warning NU1701: Package 'AeroWizard 2.3.1' was restored using '.NETFramework,Version=v4.6.1, .NETFramework,Version=v4.6.2, .NETFramework,Version=v4.7, .NETFramework,Version=v4.7.1, .NETFramework,Version=v4.7.2, .NETFramework,Version=v4.8, .NETFramework,Version=v4.8.1' instead of the project target framework 'net8.0'. This package may not be fully compatible with your project. [C:\Users\ultra\warewolf\Dev\Dev2.Data.Tests\Dev2.Data.Tests.csproj]
C:\Users\ultra\warewolf\Dev\Dev2.Runtime.WebServer\Dev2.Runtime.WebServer.csproj : warning NU1701: Package 'GroupControls 1.9.0' was restored using '.NETFramework,Version=v4.6.1, .NETFramework,Version=v4.6.2, .NETFramework,Version=v4.7, .NETFramework,Version=v4.7.1, .NETFramework,Version=v4.7.2, .NETFramework,Version=v4.8, .NETFramework,Version=v4.8.1' instead of the project target framework 'net8.0'. This package may not be fully compatible with your project. [C:\Users\ultra\warewolf\Dev\Dev2.Data.Tests\Dev2.Data.Tests.csproj]
C:\Users\ultra\warewolf\Dev\Dev2.Runtime.WebServer\Dev2.Runtime.WebServer.csproj : warning NU1701: Package 'Microsoft.Xaml.Behaviors.Wpf 1.1.122' was restored using '.NETFramework,Version=v4.6.1, .NETFramework,Version=v4.6.2, .NETFramework,Version=v4.7, .NETFramework,Version=v4.7.1, .NETFramework,Version=v4.7.2, .NETFramework,Version=v4.8, .NETFramework,Version=v4.8.1' instead of the project target framework 'net8.0'. This package may not be fully compatible with your project. [C:\Users\ultra\warewolf\Dev\Dev2.Data.Tests\Dev2.Data.Tests.csproj]
C:\Users\ultra\warewolf\Dev\Dev2.Runtime.WebServer\Dev2.Runtime.WebServer.csproj : warning NU1701: Package 'Prism.Wpf 9.0.537' was restored using '.NETFramework,Version=v4.6.1, .NETFramework,Version=v4.6.2, .NETFramework,Version=v4.7, .NETFramework,Version=v4.7.1, .NETFramework,Version=v4.7.2, .NETFramework,Version=v4.8, .NETFramework,Version=v4.8.1' instead of the project target framework 'net8.0'. This package may not be fully compatible with your project. [C:\Users\ultra\warewolf\Dev\Dev2.Data.Tests\Dev2.Data.Tests.csproj]
C:\Users\ultra\warewolf\Dev\Dev2.Runtime.WebServer\Dev2.Runtime.WebServer.csproj : warning NU1701: Package 'ReactiveUI.WPF 18.4.1' was restored using '.NETFramework,Version=v4.6.1, .NETFramework,Version=v4.6.2, .NETFramework,Version=v4.7, .NETFramework,Version=v4.7.1, .NETFramework,Version=v4.7.2, .NETFramework,Version=v4.8, .NETFramework,Version=v4.8.1' instead of the project target framework 'net8.0'. This package may not be fully compatible with your project. [C:\Users\ultra\warewolf\Dev\Dev2.Data.Tests\Dev2.Data.Tests.csproj]
C:\Users\ultra\warewolf\Dev\Dev2.Runtime.WebServer\Dev2.Runtime.WebServer.csproj : warning NU1701: Package 'TaskSchedulerEditor 2.10.1' was restored using '.NETFramework,Version=v4.6.1, .NETFramework,Version=v4.6.2, .NETFramework,Version=v4.7, .NETFramework,Version=v4.7.1, .NETFramework,Version=v4.7.2, .NETFramework,Version=v4.8, .NETFramework,Version=v4.8.1' instead of the project target framework 'net8.0'. This package may not be fully compatible with your project. [C:\Users\ultra\warewolf\Dev\Dev2.Data.Tests\Dev2.Data.Tests.csproj]
C:\Users\ultra\warewolf\Dev\Warewolf.HangfireServer\Warewolf.HangfireServer.csproj : warning NU1903: Package 'Microsoft.Windows.Compatibility' 6.0.0 has a known high severity vulnerability, https://github.com/advisories/GHSA-555c-2p6r-68mm [C:\Users\ultra\warewolf\Dev\Dev2.Data.Tests\Dev2.Data.Tests.csproj]
  Restored C:\Users\ultra\warewolf\Dev\Dev2.UnitTestUtils\Dev2.UnitTestUtils.csproj (in 432 ms).
C:\Users\ultra\warewolf\Dev\Warewolf.Licensing\Warewolf.Licensing.csproj : warning NU1701: Package 'AeroWizard 2.3.1' was restored using '.NETFramework,Version=v4.6.1, .NETFramework,Version=v4.6.2, .NETFramework,Version=v4.7, .NETFramework,Version=v4.7.1, .NETFramework,Version=v4.7.2, .NETFramework,Version=v4.8, .NETFramework,Version=v4.8.1' instead of the project target framework 'net8.0'. This package may not be fully compatible with your project. [C:\Users\ultra\warewolf\Dev\Dev2.Data.Tests\Dev2.Data.Tests.csproj]
C:\Users\ultra\warewolf\Dev\Warewolf.Licensing\Warewolf.Licensing.csproj : warning NU1701: Package 'GroupControls 1.9.0' was restored using '.NETFramework,Version=v4.6.1, .NETFramework,Version=v4.6.2, .NETFramework,Version=v4.7, .NETFramework,Version=v4.7.1, .NETFramework,Version=v4.7.2, .NETFramework,Version=v4.8, .NETFramework,Version=v4.8.1' instead of the project target framework 'net8.0'. This package may not be fully compatible with your project. [C:\Users\ultra\warewolf\Dev\Dev2.Data.Tests\Dev2.Data.Tests.csproj]
C:\Users\ultra\warewolf\Dev\Warewolf.Licensing\Warewolf.Licensing.csproj : warning NU1701: Package 'TaskSchedulerEditor 2.10.1' was restored using '.NETFramework,Version=v4.6.1, .NETFramework,Version=v4.6.2, .NETFramework,Version=v4.7, .NETFramework,Version=v4.7.1, .NETFramework,Version=v4.7.2, .NETFramework,Version=v4.8, .NETFramework,Version=v4.8.1' instead of the project target framework 'net8.0'. This package may not be fully compatible with your project. [C:\Users\ultra\warewolf\Dev\Dev2.Data.Tests\Dev2.Data.Tests.csproj]
C:\Users\ultra\warewolf\Dev\Dev2.Services.Execution\Dev2.Services.Execution.csproj : warning NU1701: Package 'AeroWizard 2.3.1' was restored using '.NETFramework,Version=v4.6.1, .NETFramework,Version=v4.6.2, .NETFramework,Version=v4.7, .NETFramework,Version=v4.7.1, .NETFramework,Version=v4.7.2, .NETFramework,Version=v4.8, .NETFramework,Version=v4.8.1' instead of the project target framework 'net8.0'. This package may not be fully compatible with your project. [C:\Users\ultra\warewolf\Dev\Dev2.Data.Tests\Dev2.Data.Tests.csproj]
C:\Users\ultra\warewolf\Dev\Dev2.Services.Execution\Dev2.Services.Execution.csproj : warning NU1701: Package 'GroupControls 1.9.0' was restored using '.NETFramework,Version=v4.6.1, .NETFramework,Version=v4.6.2, .NETFramework,Version=v4.7, .NETFramework,Version=v4.7.1, .NETFramework,Version=v4.7.2, .NETFramework,Version=v4.8, .NETFramework,Version=v4.8.1' instead of the project target framework 'net8.0'. This package may not be fully compatible with your project. [C:\Users\ultra\warewolf\Dev\Dev2.Data.Tests\Dev2.Data.Tests.csproj]
C:\Users\ultra\warewolf\Dev\Dev2.Services.Execution\Dev2.Services.Execution.csproj : warning NU1701: Package 'ReactiveUI.WPF 18.4.1' was restored using '.NETFramework,Version=v4.6.1, .NETFramework,Version=v4.6.2, .NETFramework,Version=v4.7, .NETFramework,Version=v4.7.1, .NETFramework,Version=v4.7.2, .NETFramework,Version=v4.8, .NETFramework,Version=v4.8.1' instead of the project target framework 'net8.0'. This package may not be fully compatible with your project. [C:\Users\ultra\warewolf\Dev\Dev2.Data.Tests\Dev2.Data.Tests.csproj]
C:\Users\ultra\warewolf\Dev\Dev2.Services.Execution\Dev2.Services.Execution.csproj : warning NU1701: Package 'TaskSchedulerEditor 2.10.1' was restored using '.NETFramework,Version=v4.6.1, .NETFramework,Version=v4.6.2, .NETFramework,Version=v4.7, .NETFramework,Version=v4.7.1, .NETFramework,Version=v4.7.2, .NETFramework,Version=v4.8, .NETFramework,Version=v4.8.1' instead of the project target framework 'net8.0'. This package may not be fully compatible with your project. [C:\Users\ultra\warewolf\Dev\Dev2.Data.Tests\Dev2.Data.Tests.csproj]
C:\Users\ultra\warewolf\Dev\Warewolf.HangfireServer\Warewolf.HangfireServer.csproj : warning NU1701: Package 'AeroWizard 2.3.1' was restored using '.NETFramework,Version=v4.6.1, .NETFramework,Version=v4.6.2, .NETFramework,Version=v4.7, .NETFramework,Version=v4.7.1, .NETFramework,Version=v4.7.2, .NETFramework,Version=v4.8, .NETFramework,Version=v4.8.1' instead of the project target framework 'net8.0'. This package may not be fully compatible with your project. [C:\Users\ultra\warewolf\Dev\Dev2.Data.Tests\Dev2.Data.Tests.csproj]
C:\Users\ultra\warewolf\Dev\Warewolf.Logger\Warewolf.Logger.csproj : warning NU1701: Package 'AeroWizard 2.3.1' was restored using '.NETFramework,Version=v4.6.1, .NETFramework,Version=v4.6.2, .NETFramework,Version=v4.7, .NETFramework,Version=v4.7.1, .NETFramework,Version=v4.7.2, .NETFramework,Version=v4.8, .NETFramework,Version=v4.8.1' instead of the project target framework 'net8.0'. This package may not be fully compatible with your project. [C:\Users\ultra\warewolf\Dev\Dev2.Data.Tests\Dev2.Data.Tests.csproj]
C:\Users\ultra\warewolf\Dev\Warewolf.Studio.Themes.Luna\Warewolf.Studio.Themes.Luna.csproj : warning NU1701: Package 'AeroWizard 2.3.1' was restored using '.NETFramework,Version=v4.6.1, .NETFramework,Version=v4.6.2, .NETFramework,Version=v4.7, .NETFramework,Version=v4.7.1, .NETFramework,Version=v4.7.2, .NETFramework,Version=v4.8, .NETFramework,Version=v4.8.1' instead of the project target framework 'net8.0'. This package may not be fully compatible with your project. [C:\Users\ultra\warewolf\Dev\Dev2.Data.Tests\Dev2.Data.Tests.csproj]
C:\Users\ultra\warewolf\Dev\Warewolf.MergeParser\Warewolf.MergeParser.csproj : warning NU1701: Package 'AeroWizard 2.3.1' was restored using '.NETFramework,Version=v4.6.1, .NETFramework,Version=v4.6.2, .NETFramework,Version=v4.7, .NETFramework,Version=v4.7.1, .NETFramework,Version=v4.7.2, .NETFramework,Version=v4.8, .NETFramework,Version=v4.8.1' instead of the project target framework 'net8.0'. This package may not be fully compatible with your project. [C:\Users\ultra\warewolf\Dev\Dev2.Data.Tests\Dev2.Data.Tests.csproj]
C:\Users\ultra\warewolf\Dev\Warewolf.MergeParser.Tests\Warewolf.MergeParser.Tests.csproj : warning NU1701: Package 'AeroWizard 2.3.1' was restored using '.NETFramework,Version=v4.6.1, .NETFramework,Version=v4.6.2, .NETFramework,Version=v4.7, .NETFramework,Version=v4.7.1, .NETFramework,Version=v4.7.2, .NETFramework,Version=v4.8, .NETFramework,Version=v4.8.1' instead of the project target framework 'net8.0'. This package may not be fully compatible with your project. [C:\Users\ultra\warewolf\Dev\Dev2.Data.Tests\Dev2.Data.Tests.csproj]
C:\Users\ultra\warewolf\Dev\Warewolf.Studio.ViewModels\Warewolf.Studio.ViewModels.csproj : warning NU1701: Package 'AeroWizard 2.3.1' was restored using '.NETFramework,Version=v4.6.1, .NETFramework,Version=v4.6.2, .NETFramework,Version=v4.7, .NETFramework,Version=v4.7.1, .NETFramework,Version=v4.7.2, .NETFramework,Version=v4.8, .NETFramework,Version=v4.8.1' instead of the project target framework 'net8.0'. This package may not be fully compatible with your project. [C:\Users\ultra\warewolf\Dev\Dev2.Data.Tests\Dev2.Data.Tests.csproj]
C:\Users\ultra\warewolf\Dev\Dev2.Diagnostics.Tests\Dev2.Diagnostics.Tests.csproj : warning NU1701: Package 'AeroWizard 2.3.1' was restored using '.NETFramework,Version=v4.6.1, .NETFramework,Version=v4.6.2, .NETFramework,Version=v4.7, .NETFramework,Version=v4.7.1, .NETFramework,Version=v4.7.2, .NETFramework,Version=v4.8, .NETFramework,Version=v4.8.1' instead of the project target framework 'net8.0'. This package may not be fully compatible with your project. [C:\Users\ultra\warewolf\Dev\Dev2.Data.Tests\Dev2.Data.Tests.csproj]
C:\Users\ultra\warewolf\Dev\TestBase\TestBase.csproj : warning NU1701: Package 'AeroWizard 2.3.1' was restored using '.NETFramework,Version=v4.6.1, .NETFramework,Version=v4.6.2, .NETFramework,Version=v4.7, .NETFramework,Version=v4.7.1, .NETFramework,Version=v4.7.2, .NETFramework,Version=v4.8, .NETFramework,Version=v4.8.1' instead of the project target framework 'net8.0'. This package may not be fully compatible with your project. [C:\Users\ultra\warewolf\Dev\Dev2.Data.Tests\Dev2.Data.Tests.csproj]
C:\Users\ultra\warewolf\Dev\Dev2.Data.Tests\Dev2.Data.Tests.csproj : warning NU1701: Package 'AeroWizard 2.3.1' was restored using '.NETFramework,Version=v4.6.1, .NETFramework,Version=v4.6.2, .NETFramework,Version=v4.7, .NETFramework,Version=v4.7.1, .NETFramework,Version=v4.7.2, .NETFramework,Version=v4.8, .NETFramework,Version=v4.8.1' instead of the project target framework 'net8.0'. This package may not be fully compatible with your project.
C:\Users\ultra\warewolf\Dev\Dev2.Runtime.Tests\Dev2.Runtime.Tests.csproj : warning NU1701: Package 'AeroWizard 2.3.1' was restored using '.NETFramework,Version=v4.6.1, .NETFramework,Version=v4.6.2, .NETFramework,Version=v4.7, .NETFramework,Version=v4.7.1, .NETFramework,Version=v4.7.2, .NETFramework,Version=v4.8, .NETFramework,Version=v4.8.1' instead of the project target framework 'net8.0'. This package may not be fully compatible with your project. [C:\Users\ultra\warewolf\Dev\Dev2.Data.Tests\Dev2.Data.Tests.csproj]
C:\Users\ultra\warewolf\Dev\TestBase\TestBase.csproj : warning NU1701: Package 'AvalonEdit 6.3.0.90' was restored using '.NETFramework,Version=v4.6.1, .NETFramework,Version=v4.6.2, .NETFramework,Version=v4.7, .NETFramework,Version=v4.7.1, .NETFramework,Version=v4.7.2, .NETFramework,Version=v4.8, .NETFramework,Version=v4.8.1' instead of the project target framework 'net8.0'. This package may not be fully compatible with your project. [C:\Users\ultra\warewolf\Dev\Dev2.Data.Tests\Dev2.Data.Tests.csproj]
C:\Users\ultra\warewolf\Dev\Warewolf.Studio.Views\Warewolf.Studio.Views.csproj : warning NU1701: Package 'AeroWizard 2.3.1' was restored using '.NETFramework,Version=v4.6.1, .NETFramework,Version=v4.6.2, .NETFramework,Version=v4.7, .NETFramework,Version=v4.7.1, .NETFramework,Version=v4.7.2, .NETFramework,Version=v4.8, .NETFramework,Version=v4.8.1' instead of the project target framework 'net8.0'. This package may not be fully compatible with your project. [C:\Users\ultra\warewolf\Dev\Dev2.Data.Tests\Dev2.Data.Tests.csproj]
C:\Users\ultra\warewolf\Dev\Dev2.Runtime.Tests\Dev2.Runtime.Tests.csproj : warning NU1701: Package 'AvalonEdit 6.3.0.90' was restored using '.NETFramework,Version=v4.6.1, .NETFramework,Version=v4.6.2, .NETFramework,Version=v4.7, .NETFramework,Version=v4.7.1, .NETFramework,Version=v4.7.2, .NETFramework,Version=v4.8, .NETFramework,Version=v4.8.1' instead of the project target framework 'net8.0'. This package may not be fully compatible with your project. [C:\Users\ultra\warewolf\Dev\Dev2.Data.Tests\Dev2.Data.Tests.csproj]
C:\Users\ultra\warewolf\Dev\Dev2.Data.Tests\Dev2.Data.Tests.csproj : warning NU1701: Package 'AvalonEdit 6.3.0.90' was restored using '.NETFramework,Version=v4.6.1, .NETFramework,Version=v4.6.2, .NETFramework,Version=v4.7, .NETFramework,Version=v4.7.1, .NETFramework,Version=v4.7.2, .NETFramework,Version=v4.8, .NETFramework,Version=v4.8.1' instead of the project target framework 'net8.0'. This package may not be fully compatible with your project.
C:\Users\ultra\warewolf\Dev\Dev2.Runtime.Tests\Dev2.Runtime.Tests.csproj : warning NU1701: Package 'CommonServiceLocator 1.2.0' was restored using '.NETFramework,Version=v4.6.1, .NETFramework,Version=v4.6.2, .NETFramework,Version=v4.7, .NETFramework,Version=v4.7.1, .NETFramework,Version=v4.7.2, .NETFramework,Version=v4.8, .NETFramework,Version=v4.8.1' instead of the project target framework 'net8.0'. This package may not be fully compatible with your project. [C:\Users\ultra\warewolf\Dev\Dev2.Data.Tests\Dev2.Data.Tests.csproj]
C:\Users\ultra\warewolf\Dev\TestBase\TestBase.csproj : warning NU1701: Package 'CommonServiceLocator 1.2.0' was restored using '.NETFramework,Version=v4.6.1, .NETFramework,Version=v4.6.2, .NETFramework,Version=v4.7, .NETFramework,Version=v4.7.1, .NETFramework,Version=v4.7.2, .NETFramework,Version=v4.8, .NETFramework,Version=v4.8.1' instead of the project target framework 'net8.0'. This package may not be fully compatible with your project. [C:\Users\ultra\warewolf\Dev\Dev2.Data.Tests\Dev2.Data.Tests.csproj]
C:\Users\ultra\warewolf\Dev\Dev2.Data.Tests\Dev2.Data.Tests.csproj : warning NU1701: Package 'CommonServiceLocator 1.2.0' was restored using '.NETFramework,Version=v4.6.1, .NETFramework,Version=v4.6.2, .NETFramework,Version=v4.7, .NETFramework,Version=v4.7.1, .NETFramework,Version=v4.7.2, .NETFramework,Version=v4.8, .NETFramework,Version=v4.8.1' instead of the project target framework 'net8.0'. This package may not be fully compatible with your project.
C:\Users\ultra\warewolf\Dev\TestBase\TestBase.csproj : warning NU1701: Package 'FontAwesome.WPF 4.7.0.9' was restored using '.NETFramework,Version=v4.6.1, .NETFramework,Version=v4.6.2, .NETFramework,Version=v4.7, .NETFramework,Version=v4.7.1, .NETFramework,Version=v4.7.2, .NETFramework,Version=v4.8, .NETFramework,Version=v4.8.1' instead of the project target framework 'net8.0'. This package may not be fully compatible with your project. [C:\Users\ultra\warewolf\Dev\Dev2.Data.Tests\Dev2.Data.Tests.csproj]
C:\Users\ultra\warewolf\Dev\Dev2.Runtime.Tests\Dev2.Runtime.Tests.csproj : warning NU1701: Package 'FontAwesome.WPF 4.7.0.9' was restored using '.NETFramework,Version=v4.6.1, .NETFramework,Version=v4.6.2, .NETFramework,Version=v4.7, .NETFramework,Version=v4.7.1, .NETFramework,Version=v4.7.2, .NETFramework,Version=v4.8, .NETFramework,Version=v4.8.1' instead of the project target framework 'net8.0'. This package may not be fully compatible with your project. [C:\Users\ultra\warewolf\Dev\Dev2.Data.Tests\Dev2.Data.Tests.csproj]
C:\Users\ultra\warewolf\Dev\Dev2.Data.Tests\Dev2.Data.Tests.csproj : warning NU1701: Package 'FontAwesome.WPF 4.7.0.9' was restored using '.NETFramework,Version=v4.6.1, .NETFramework,Version=v4.6.2, .NETFramework,Version=v4.7, .NETFramework,Version=v4.7.1, .NETFramework,Version=v4.7.2, .NETFramework,Version=v4.8, .NETFramework,Version=v4.8.1' instead of the project target framework 'net8.0'. This package may not be fully compatible with your project.
C:\Users\ultra\warewolf\Dev\Warewolf.Studio.ViewModels\Warewolf.Studio.ViewModels.csproj : warning NU1701: Package 'GroupControls 1.9.0' was restored using '.NETFramework,Version=v4.6.1, .NETFramework,Version=v4.6.2, .NETFramework,Version=v4.7, .NETFramework,Version=v4.7.1, .NETFramework,Version=v4.7.2, .NETFramework,Version=v4.8, .NETFramework,Version=v4.8.1' instead of the project target framework 'net8.0'. This package may not be fully compatible with your project. [C:\Users\ultra\warewolf\Dev\Dev2.Data.Tests\Dev2.Data.Tests.csproj]
C:\Users\ultra\warewolf\Dev\Warewolf.HangfireServer\Warewolf.HangfireServer.csproj : warning NU1701: Package 'GroupControls 1.9.0' was restored using '.NETFramework,Version=v4.6.1, .NETFramework,Version=v4.6.2, .NETFramework,Version=v4.7, .NETFramework,Version=v4.7.1, .NETFramework,Version=v4.7.2, .NETFramework,Version=v4.8, .NETFramework,Version=v4.8.1' instead of the project target framework 'net8.0'. This package may not be fully compatible with your project. [C:\Users\ultra\warewolf\Dev\Dev2.Data.Tests\Dev2.Data.Tests.csproj]
C:\Users\ultra\warewolf\Dev\Warewolf.Logger\Warewolf.Logger.csproj : warning NU1701: Package 'GroupControls 1.9.0' was restored using '.NETFramework,Version=v4.6.1, .NETFramework,Version=v4.6.2, .NETFramework,Version=v4.7, .NETFramework,Version=v4.7.1, .NETFramework,Version=v4.7.2, .NETFramework,Version=v4.8, .NETFramework,Version=v4.8.1' instead of the project target framework 'net8.0'. This package may not be fully compatible with your project. [C:\Users\ultra\warewolf\Dev\Dev2.Data.Tests\Dev2.Data.Tests.csproj]
C:\Users\ultra\warewolf\Dev\Warewolf.MergeParser\Warewolf.MergeParser.csproj : warning NU1701: Package 'GroupControls 1.9.0' was restored using '.NETFramework,Version=v4.6.1, .NETFramework,Version=v4.6.2, .NETFramework,Version=v4.7, .NETFramework,Version=v4.7.1, .NETFramework,Version=v4.7.2, .NETFramework,Version=v4.8, .NETFramework,Version=v4.8.1' instead of the project target framework 'net8.0'. This package may not be fully compatible with your project. [C:\Users\ultra\warewolf\Dev\Dev2.Data.Tests\Dev2.Data.Tests.csproj]
C:\Users\ultra\warewolf\Dev\Dev2.Diagnostics.Tests\Dev2.Diagnostics.Tests.csproj : warning NU1701: Package 'GroupControls 1.9.0' was restored using '.NETFramework,Version=v4.6.1, .NETFramework,Version=v4.6.2, .NETFramework,Version=v4.7, .NETFramework,Version=v4.7.1, .NETFramework,Version=v4.7.2, .NETFramework,Version=v4.8, .NETFramework,Version=v4.8.1' instead of the project target framework 'net8.0'. This package may not be fully compatible with your project. [C:\Users\ultra\warewolf\Dev\Dev2.Data.Tests\Dev2.Data.Tests.csproj]
C:\Users\ultra\warewolf\Dev\Warewolf.Studio.Themes.Luna\Warewolf.Studio.Themes.Luna.csproj : warning NU1701: Package 'GroupControls 1.9.0' was restored using '.NETFramework,Version=v4.6.1, .NETFramework,Version=v4.6.2, .NETFramework,Version=v4.7, .NETFramework,Version=v4.7.1, .NETFramework,Version=v4.7.2, .NETFramework,Version=v4.8, .NETFramework,Version=v4.8.1' instead of the project target framework 'net8.0'. This package may not be fully compatible with your project. [C:\Users\ultra\warewolf\Dev\Dev2.Data.Tests\Dev2.Data.Tests.csproj]
C:\Users\ultra\warewolf\Dev\Warewolf.Studio.Views\Warewolf.Studio.Views.csproj : warning NU1701: Package 'GroupControls 1.9.0' was restored using '.NETFramework,Version=v4.6.1, .NETFramework,Version=v4.6.2, .NETFramework,Version=v4.7, .NETFramework,Version=v4.7.1, .NETFramework,Version=v4.7.2, .NETFramework,Version=v4.8, .NETFramework,Version=v4.8.1' instead of the project target framework 'net8.0'. This package may not be fully compatible with your project. [C:\Users\ultra\warewolf\Dev\Dev2.Data.Tests\Dev2.Data.Tests.csproj]
C:\Users\ultra\warewolf\Dev\Dev2.Runtime.Tests\Dev2.Runtime.Tests.csproj : warning NU1701: Package 'GroupControls 1.9.0' was restored using '.NETFramework,Version=v4.6.1, .NETFramework,Version=v4.6.2, .NETFramework,Version=v4.7, .NETFramework,Version=v4.7.1, .NETFramework,Version=v4.7.2, .NETFramework,Version=v4.8, .NETFramework,Version=v4.8.1' instead of the project target framework 'net8.0'. This package may not be fully compatible with your project. [C:\Users\ultra\warewolf\Dev\Dev2.Data.Tests\Dev2.Data.Tests.csproj]
C:\Users\ultra\warewolf\Dev\TestBase\TestBase.csproj : warning NU1701: Package 'GroupControls 1.9.0' was restored using '.NETFramework,Version=v4.6.1, .NETFramework,Version=v4.6.2, .NETFramework,Version=v4.7, .NETFramework,Version=v4.7.1, .NETFramework,Version=v4.7.2, .NETFramework,Version=v4.8, .NETFramework,Version=v4.8.1' instead of the project target framework 'net8.0'. This package may not be fully compatible with your project. [C:\Users\ultra\warewolf\Dev\Dev2.Data.Tests\Dev2.Data.Tests.csproj]
C:\Users\ultra\warewolf\Dev\Dev2.Data.Tests\Dev2.Data.Tests.csproj : warning NU1701: Package 'GroupControls 1.9.0' was restored using '.NETFramework,Version=v4.6.1, .NETFramework,Version=v4.6.2, .NETFramework,Version=v4.7, .NETFramework,Version=v4.7.1, .NETFramework,Version=v4.7.2, .NETFramework,Version=v4.8, .NETFramework,Version=v4.8.1' instead of the project target framework 'net8.0'. This package may not be fully compatible with your project.
C:\Users\ultra\warewolf\Dev\Warewolf.MergeParser.Tests\Warewolf.MergeParser.Tests.csproj : warning NU1701: Package 'GroupControls 1.9.0' was restored using '.NETFramework,Version=v4.6.1, .NETFramework,Version=v4.6.2, .NETFramework,Version=v4.7, .NETFramework,Version=v4.7.1, .NETFramework,Version=v4.7.2, .NETFramework,Version=v4.8, .NETFramework,Version=v4.8.1' instead of the project target framework 'net8.0'. This package may not be fully compatible with your project. [C:\Users\ultra\warewolf\Dev\Dev2.Data.Tests\Dev2.Data.Tests.csproj]
C:\Users\ultra\warewolf\Dev\Dev2.Runtime.Tests\Dev2.Runtime.Tests.csproj : warning NU1701: Package 'Log4Net.Async 2.0.4' was restored using '.NETFramework,Version=v4.6.1, .NETFramework,Version=v4.6.2, .NETFramework,Version=v4.7, .NETFramework,Version=v4.7.1, .NETFramework,Version=v4.7.2, .NETFramework,Version=v4.8, .NETFramework,Version=v4.8.1' instead of the project target framework 'net8.0'. This package may not be fully compatible with your project. [C:\Users\ultra\warewolf\Dev\Dev2.Data.Tests\Dev2.Data.Tests.csproj]
C:\Users\ultra\warewolf\Dev\Dev2.Data.Tests\Dev2.Data.Tests.csproj : warning NU1701: Package 'Log4Net.Async 2.0.4' was restored using '.NETFramework,Version=v4.6.1, .NETFramework,Version=v4.6.2, .NETFramework,Version=v4.7, .NETFramework,Version=v4.7.1, .NETFramework,Version=v4.7.2, .NETFramework,Version=v4.8, .NETFramework,Version=v4.8.1' instead of the project target framework 'net8.0'. This package may not be fully compatible with your project.
C:\Users\ultra\warewolf\Dev\TestBase\TestBase.csproj : warning NU1701: Package 'Log4Net.Async 2.0.4' was restored using '.NETFramework,Version=v4.6.1, .NETFramework,Version=v4.6.2, .NETFramework,Version=v4.7, .NETFramework,Version=v4.7.1, .NETFramework,Version=v4.7.2, .NETFramework,Version=v4.8, .NETFramework,Version=v4.8.1' instead of the project target framework 'net8.0'. This package may not be fully compatible with your project. [C:\Users\ultra\warewolf\Dev\Dev2.Data.Tests\Dev2.Data.Tests.csproj]
C:\Users\ultra\warewolf\Dev\Warewolf.HangfireServer\Warewolf.HangfireServer.csproj : warning NU1701: Package 'ReactiveUI.WPF 18.4.1' was restored using '.NETFramework,Version=v4.6.1, .NETFramework,Version=v4.6.2, .NETFramework,Version=v4.7, .NETFramework,Version=v4.7.1, .NETFramework,Version=v4.7.2, .NETFramework,Version=v4.8, .NETFramework,Version=v4.8.1' instead of the project target framework 'net8.0'. This package may not be fully compatible with your project. [C:\Users\ultra\warewolf\Dev\Dev2.Data.Tests\Dev2.Data.Tests.csproj]
C:\Users\ultra\warewolf\Dev\Warewolf.Studio.Themes.Luna\Warewolf.Studio.Themes.Luna.csproj : warning NU1701: Package 'Microsoft.Xaml.Behaviors.Wpf 1.1.122' was restored using '.NETFramework,Version=v4.6.1, .NETFramework,Version=v4.6.2, .NETFramework,Version=v4.7, .NETFramework,Version=v4.7.1, .NETFramework,Version=v4.7.2, .NETFramework,Version=v4.8, .NETFramework,Version=v4.8.1' instead of the project target framework 'net8.0'. This package may not be fully compatible with your project. [C:\Users\ultra\warewolf\Dev\Dev2.Data.Tests\Dev2.Data.Tests.csproj]
C:\Users\ultra\warewolf\Dev\Warewolf.Studio.Views\Warewolf.Studio.Views.csproj : warning NU1701: Package 'Microsoft.Xaml.Behaviors.Wpf 1.1.122' was restored using '.NETFramework,Version=v4.6.1, .NETFramework,Version=v4.6.2, .NETFramework,Version=v4.7, .NETFramework,Version=v4.7.1, .NETFramework,Version=v4.7.2, .NETFramework,Version=v4.8, .NETFramework,Version=v4.8.1' instead of the project target framework 'net8.0'. This package may not be fully compatible with your project. [C:\Users\ultra\warewolf\Dev\Dev2.Data.Tests\Dev2.Data.Tests.csproj]
C:\Users\ultra\warewolf\Dev\Warewolf.Studio.ViewModels\Warewolf.Studio.ViewModels.csproj : warning NU1701: Package 'Microsoft.Xaml.Behaviors.Wpf 1.1.122' was restored using '.NETFramework,Version=v4.6.1, .NETFramework,Version=v4.6.2, .NETFramework,Version=v4.7, .NETFramework,Version=v4.7.1, .NETFramework,Version=v4.7.2, .NETFramework,Version=v4.8, .NETFramework,Version=v4.8.1' instead of the project target framework 'net8.0'. This package may not be fully compatible with your project. [C:\Users\ultra\warewolf\Dev\Dev2.Data.Tests\Dev2.Data.Tests.csproj]
C:\Users\ultra\warewolf\Dev\Warewolf.Logger\Warewolf.Logger.csproj : warning NU1701: Package 'Microsoft.Xaml.Behaviors.Wpf 1.1.122' was restored using '.NETFramework,Version=v4.6.1, .NETFramework,Version=v4.6.2, .NETFramework,Version=v4.7, .NETFramework,Version=v4.7.1, .NETFramework,Version=v4.7.2, .NETFramework,Version=v4.8, .NETFramework,Version=v4.8.1' instead of the project target framework 'net8.0'. This package may not be fully compatible with your project. [C:\Users\ultra\warewolf\Dev\Dev2.Data.Tests\Dev2.Data.Tests.csproj]
C:\Users\ultra\warewolf\Dev\Warewolf.MergeParser\Warewolf.MergeParser.csproj : warning NU1701: Package 'Microsoft.Xaml.Behaviors.Wpf 1.1.122' was restored using '.NETFramework,Version=v4.6.1, .NETFramework,Version=v4.6.2, .NETFramework,Version=v4.7, .NETFramework,Version=v4.7.1, .NETFramework,Version=v4.7.2, .NETFramework,Version=v4.8, .NETFramework,Version=v4.8.1' instead of the project target framework 'net8.0'. This package may not be fully compatible with your project. [C:\Users\ultra\warewolf\Dev\Dev2.Data.Tests\Dev2.Data.Tests.csproj]
C:\Users\ultra\warewolf\Dev\Warewolf.Studio.Themes.Luna\Warewolf.Studio.Themes.Luna.csproj : warning NU1701: Package 'Prism.Wpf 9.0.537' was restored using '.NETFramework,Version=v4.6.1, .NETFramework,Version=v4.6.2, .NETFramework,Version=v4.7, .NETFramework,Version=v4.7.1, .NETFramework,Version=v4.7.2, .NETFramework,Version=v4.8, .NETFramework,Version=v4.8.1' instead of the project target framework 'net8.0'. This package may not be fully compatible with your project. [C:\Users\ultra\warewolf\Dev\Dev2.Data.Tests\Dev2.Data.Tests.csproj]
C:\Users\ultra\warewolf\Dev\Warewolf.Logger\Warewolf.Logger.csproj : warning NU1701: Package 'Prism.Wpf 9.0.537' was restored using '.NETFramework,Version=v4.6.1, .NETFramework,Version=v4.6.2, .NETFramework,Version=v4.7, .NETFramework,Version=v4.7.1, .NETFramework,Version=v4.7.2, .NETFramework,Version=v4.8, .NETFramework,Version=v4.8.1' instead of the project target framework 'net8.0'. This package may not be fully compatible with your project. [C:\Users\ultra\warewolf\Dev\Dev2.Data.Tests\Dev2.Data.Tests.csproj]
C:\Users\ultra\warewolf\Dev\Warewolf.MergeParser\Warewolf.MergeParser.csproj : warning NU1701: Package 'Prism.Wpf 9.0.537' was restored using '.NETFramework,Version=v4.6.1, .NETFramework,Version=v4.6.2, .NETFramework,Version=v4.7, .NETFramework,Version=v4.7.1, .NETFramework,Version=v4.7.2, .NETFramework,Version=v4.8, .NETFramework,Version=v4.8.1' instead of the project target framework 'net8.0'. This package may not be fully compatible with your project. [C:\Users\ultra\warewolf\Dev\Dev2.Data.Tests\Dev2.Data.Tests.csproj]
C:\Users\ultra\warewolf\Dev\Warewolf.Studio.ViewModels\Warewolf.Studio.ViewModels.csproj : warning NU1701: Package 'Prism.Wpf 9.0.537' was restored using '.NETFramework,Version=v4.6.1, .NETFramework,Version=v4.6.2, .NETFramework,Version=v4.7, .NETFramework,Version=v4.7.1, .NETFramework,Version=v4.7.2, .NETFramework,Version=v4.8, .NETFramework,Version=v4.8.1' instead of the project target framework 'net8.0'. This package may not be fully compatible with your project. [C:\Users\ultra\warewolf\Dev\Dev2.Data.Tests\Dev2.Data.Tests.csproj]
C:\Users\ultra\warewolf\Dev\Warewolf.Studio.Views\Warewolf.Studio.Views.csproj : warning NU1701: Package 'Prism.Wpf 9.0.537' was restored using '.NETFramework,Version=v4.6.1, .NETFramework,Version=v4.6.2, .NETFramework,Version=v4.7, .NETFramework,Version=v4.7.1, .NETFramework,Version=v4.7.2, .NETFramework,Version=v4.8, .NETFramework,Version=v4.8.1' instead of the project target framework 'net8.0'. This package may not be fully compatible with your project. [C:\Users\ultra\warewolf\Dev\Dev2.Data.Tests\Dev2.Data.Tests.csproj]
C:\Users\ultra\warewolf\Dev\Warewolf.MergeParser\Warewolf.MergeParser.csproj : warning NU1701: Package 'ReactiveUI.WPF 18.4.1' was restored using '.NETFramework,Version=v4.6.1, .NETFramework,Version=v4.6.2, .NETFramework,Version=v4.7, .NETFramework,Version=v4.7.1, .NETFramework,Version=v4.7.2, .NETFramework,Version=v4.8, .NETFramework,Version=v4.8.1' instead of the project target framework 'net8.0'. This package may not be fully compatible with your project. [C:\Users\ultra\warewolf\Dev\Dev2.Data.Tests\Dev2.Data.Tests.csproj]
C:\Users\ultra\warewolf\Dev\Warewolf.Studio.Themes.Luna\Warewolf.Studio.Themes.Luna.csproj : warning NU1701: Package 'ReactiveUI.WPF 18.4.1' was restored using '.NETFramework,Version=v4.6.1, .NETFramework,Version=v4.6.2, .NETFramework,Version=v4.7, .NETFramework,Version=v4.7.1, .NETFramework,Version=v4.7.2, .NETFramework,Version=v4.8, .NETFramework,Version=v4.8.1' instead of the project target framework 'net8.0'. This package may not be fully compatible with your project. [C:\Users\ultra\warewolf\Dev\Dev2.Data.Tests\Dev2.Data.Tests.csproj]
C:\Users\ultra\warewolf\Dev\Warewolf.Logger\Warewolf.Logger.csproj : warning NU1701: Package 'ReactiveUI.WPF 18.4.1' was restored using '.NETFramework,Version=v4.6.1, .NETFramework,Version=v4.6.2, .NETFramework,Version=v4.7, .NETFramework,Version=v4.7.1, .NETFramework,Version=v4.7.2, .NETFramework,Version=v4.8, .NETFramework,Version=v4.8.1' instead of the project target framework 'net8.0'. This package may not be fully compatible with your project. [C:\Users\ultra\warewolf\Dev\Dev2.Data.Tests\Dev2.Data.Tests.csproj]
C:\Users\ultra\warewolf\Dev\Warewolf.Studio.ViewModels\Warewolf.Studio.ViewModels.csproj : warning NU1701: Package 'ReactiveUI.WPF 18.4.1' was restored using '.NETFramework,Version=v4.6.1, .NETFramework,Version=v4.6.2, .NETFramework,Version=v4.7, .NETFramework,Version=v4.7.1, .NETFramework,Version=v4.7.2, .NETFramework,Version=v4.8, .NETFramework,Version=v4.8.1' instead of the project target framework 'net8.0'. This package may not be fully compatible with your project. [C:\Users\ultra\warewolf\Dev\Dev2.Data.Tests\Dev2.Data.Tests.csproj]
C:\Users\ultra\warewolf\Dev\Warewolf.Studio.Views\Warewolf.Studio.Views.csproj : warning NU1701: Package 'ReactiveUI.WPF 18.4.1' was restored using '.NETFramework,Version=v4.6.1, .NETFramework,Version=v4.6.2, .NETFramework,Version=v4.7, .NETFramework,Version=v4.7.1, .NETFramework,Version=v4.7.2, .NETFramework,Version=v4.8, .NETFramework,Version=v4.8.1' instead of the project target framework 'net8.0'. This package may not be fully compatible with your project. [C:\Users\ultra\warewolf\Dev\Dev2.Data.Tests\Dev2.Data.Tests.csproj]
C:\Users\ultra\warewolf\Dev\Warewolf.MergeParser.Tests\Warewolf.MergeParser.Tests.csproj : warning NU1701: Package 'Microsoft.Xaml.Behaviors.Wpf 1.1.122' was restored using '.NETFramework,Version=v4.6.1, .NETFramework,Version=v4.6.2, .NETFramework,Version=v4.7, .NETFramework,Version=v4.7.1, .NETFramework,Version=v4.7.2, .NETFramework,Version=v4.8, .NETFramework,Version=v4.8.1' instead of the project target framework 'net8.0'. This package may not be fully compatible with your project. [C:\Users\ultra\warewolf\Dev\Dev2.Data.Tests\Dev2.Data.Tests.csproj]
C:\Users\ultra\warewolf\Dev\Dev2.Diagnostics.Tests\Dev2.Diagnostics.Tests.csproj : warning NU1701: Package 'Microsoft.Xaml.Behaviors.Wpf 1.1.122' was restored using '.NETFramework,Version=v4.6.1, .NETFramework,Version=v4.6.2, .NETFramework,Version=v4.7, .NETFramework,Version=v4.7.1, .NETFramework,Version=v4.7.2, .NETFramework,Version=v4.8, .NETFramework,Version=v4.8.1' instead of the project target framework 'net8.0'. This package may not be fully compatible with your project. [C:\Users\ultra\warewolf\Dev\Dev2.Data.Tests\Dev2.Data.Tests.csproj]
C:\Users\ultra\warewolf\Dev\Dev2.Data.Tests\Dev2.Data.Tests.csproj : warning NU1701: Package 'Microsoft.Xaml.Behaviors.Wpf 1.1.122' was restored using '.NETFramework,Version=v4.6.1, .NETFramework,Version=v4.6.2, .NETFramework,Version=v4.7, .NETFramework,Version=v4.7.1, .NETFramework,Version=v4.7.2, .NETFramework,Version=v4.8, .NETFramework,Version=v4.8.1' instead of the project target framework 'net8.0'. This package may not be fully compatible with your project.
C:\Users\ultra\warewolf\Dev\Dev2.Runtime.Tests\Dev2.Runtime.Tests.csproj : warning NU1701: Package 'Microsoft.Xaml.Behaviors.Wpf 1.1.122' was restored using '.NETFramework,Version=v4.6.1, .NETFramework,Version=v4.6.2, .NETFramework,Version=v4.7, .NETFramework,Version=v4.7.1, .NETFramework,Version=v4.7.2, .NETFramework,Version=v4.8, .NETFramework,Version=v4.8.1' instead of the project target framework 'net8.0'. This package may not be fully compatible with your project. [C:\Users\ultra\warewolf\Dev\Dev2.Data.Tests\Dev2.Data.Tests.csproj]
C:\Users\ultra\warewolf\Dev\TestBase\TestBase.csproj : warning NU1701: Package 'Microsoft.Xaml.Behaviors.Wpf 1.1.122' was restored using '.NETFramework,Version=v4.6.1, .NETFramework,Version=v4.6.2, .NETFramework,Version=v4.7, .NETFramework,Version=v4.7.1, .NETFramework,Version=v4.7.2, .NETFramework,Version=v4.8, .NETFramework,Version=v4.8.1' instead of the project target framework 'net8.0'. This package may not be fully compatible with your project. [C:\Users\ultra\warewolf\Dev\Dev2.Data.Tests\Dev2.Data.Tests.csproj]
C:\Users\ultra\warewolf\Dev\Warewolf.MergeParser.Tests\Warewolf.MergeParser.Tests.csproj : warning NU1701: Package 'Prism.Wpf 9.0.537' was restored using '.NETFramework,Version=v4.6.1, .NETFramework,Version=v4.6.2, .NETFramework,Version=v4.7, .NETFramework,Version=v4.7.1, .NETFramework,Version=v4.7.2, .NETFramework,Version=v4.8, .NETFramework,Version=v4.8.1' instead of the project target framework 'net8.0'. This package may not be fully compatible with your project. [C:\Users\ultra\warewolf\Dev\Dev2.Data.Tests\Dev2.Data.Tests.csproj]
C:\Users\ultra\warewolf\Dev\Warewolf.MergeParser.Tests\Warewolf.MergeParser.Tests.csproj : warning NU1701: Package 'ReactiveUI.WPF 18.4.1' was restored using '.NETFramework,Version=v4.6.1, .NETFramework,Version=v4.6.2, .NETFramework,Version=v4.7, .NETFramework,Version=v4.7.1, .NETFramework,Version=v4.7.2, .NETFramework,Version=v4.8, .NETFramework,Version=v4.8.1' instead of the project target framework 'net8.0'. This package may not be fully compatible with your project. [C:\Users\ultra\warewolf\Dev\Dev2.Data.Tests\Dev2.Data.Tests.csproj]
C:\Users\ultra\warewolf\Dev\Dev2.Diagnostics.Tests\Dev2.Diagnostics.Tests.csproj : warning NU1701: Package 'Prism.Wpf 9.0.537' was restored using '.NETFramework,Version=v4.6.1, .NETFramework,Version=v4.6.2, .NETFramework,Version=v4.7, .NETFramework,Version=v4.7.1, .NETFramework,Version=v4.7.2, .NETFramework,Version=v4.8, .NETFramework,Version=v4.8.1' instead of the project target framework 'net8.0'. This package may not be fully compatible with your project. [C:\Users\ultra\warewolf\Dev\Dev2.Data.Tests\Dev2.Data.Tests.csproj]
C:\Users\ultra\warewolf\Dev\Dev2.Diagnostics.Tests\Dev2.Diagnostics.Tests.csproj : warning NU1701: Package 'ReactiveUI.WPF 18.4.1' was restored using '.NETFramework,Version=v4.6.1, .NETFramework,Version=v4.6.2, .NETFramework,Version=v4.7, .NETFramework,Version=v4.7.1, .NETFramework,Version=v4.7.2, .NETFramework,Version=v4.8, .NETFramework,Version=v4.8.1' instead of the project target framework 'net8.0'. This package may not be fully compatible with your project. [C:\Users\ultra\warewolf\Dev\Dev2.Data.Tests\Dev2.Data.Tests.csproj]
C:\Users\ultra\warewolf\Dev\TestBase\TestBase.csproj : warning NU1701: Package 'Prism.Composition 5.0.0' was restored using '.NETFramework,Version=v4.6.1, .NETFramework,Version=v4.6.2, .NETFramework,Version=v4.7, .NETFramework,Version=v4.7.1, .NETFramework,Version=v4.7.2, .NETFramework,Version=v4.8, .NETFramework,Version=v4.8.1' instead of the project target framework 'net8.0'. This package may not be fully compatible with your project. [C:\Users\ultra\warewolf\Dev\Dev2.Data.Tests\Dev2.Data.Tests.csproj]
C:\Users\ultra\warewolf\Dev\Dev2.Runtime.Tests\Dev2.Runtime.Tests.csproj : warning NU1701: Package 'Prism.Composition 5.0.0' was restored using '.NETFramework,Version=v4.6.1, .NETFramework,Version=v4.6.2, .NETFramework,Version=v4.7, .NETFramework,Version=v4.7.1, .NETFramework,Version=v4.7.2, .NETFramework,Version=v4.8, .NETFramework,Version=v4.8.1' instead of the project target framework 'net8.0'. This package may not be fully compatible with your project. [C:\Users\ultra\warewolf\Dev\Dev2.Data.Tests\Dev2.Data.Tests.csproj]
C:\Users\ultra\warewolf\Dev\Dev2.Data.Tests\Dev2.Data.Tests.csproj : warning NU1701: Package 'Prism.Composition 5.0.0' was restored using '.NETFramework,Version=v4.6.1, .NETFramework,Version=v4.6.2, .NETFramework,Version=v4.7, .NETFramework,Version=v4.7.1, .NETFramework,Version=v4.7.2, .NETFramework,Version=v4.8, .NETFramework,Version=v4.8.1' instead of the project target framework 'net8.0'. This package may not be fully compatible with your project.
C:\Users\ultra\warewolf\Dev\TestBase\TestBase.csproj : warning NU1701: Package 'Prism.Interactivity 5.0.0' was restored using '.NETFramework,Version=v4.6.1, .NETFramework,Version=v4.6.2, .NETFramework,Version=v4.7, .NETFramework,Version=v4.7.1, .NETFramework,Version=v4.7.2, .NETFramework,Version=v4.8, .NETFramework,Version=v4.8.1' instead of the project target framework 'net8.0'. This package may not be fully compatible with your project. [C:\Users\ultra\warewolf\Dev\Dev2.Data.Tests\Dev2.Data.Tests.csproj]
C:\Users\ultra\warewolf\Dev\Dev2.Data.Tests\Dev2.Data.Tests.csproj : warning NU1701: Package 'Prism.Interactivity 5.0.0' was restored using '.NETFramework,Version=v4.6.1, .NETFramework,Version=v4.6.2, .NETFramework,Version=v4.7, .NETFramework,Version=v4.7.1, .NETFramework,Version=v4.7.2, .NETFramework,Version=v4.8, .NETFramework,Version=v4.8.1' instead of the project target framework 'net8.0'. This package may not be fully compatible with your project.
C:\Users\ultra\warewolf\Dev\Dev2.Runtime.Tests\Dev2.Runtime.Tests.csproj : warning NU1701: Package 'Prism.Interactivity 5.0.0' was restored using '.NETFramework,Version=v4.6.1, .NETFramework,Version=v4.6.2, .NETFramework,Version=v4.7, .NETFramework,Version=v4.7.1, .NETFramework,Version=v4.7.2, .NETFramework,Version=v4.8, .NETFramework,Version=v4.8.1' instead of the project target framework 'net8.0'. This package may not be fully compatible with your project. [C:\Users\ultra\warewolf\Dev\Dev2.Data.Tests\Dev2.Data.Tests.csproj]
C:\Users\ultra\warewolf\Dev\TestBase\TestBase.csproj : warning NU1701: Package 'Prism.Mvvm 1.0.0' was restored using '.NETFramework,Version=v4.6.1, .NETFramework,Version=v4.6.2, .NETFramework,Version=v4.7, .NETFramework,Version=v4.7.1, .NETFramework,Version=v4.7.2, .NETFramework,Version=v4.8, .NETFramework,Version=v4.8.1' instead of the project target framework 'net8.0'. This package may not be fully compatible with your project. [C:\Users\ultra\warewolf\Dev\Dev2.Data.Tests\Dev2.Data.Tests.csproj]
C:\Users\ultra\warewolf\Dev\Dev2.Runtime.Tests\Dev2.Runtime.Tests.csproj : warning NU1701: Package 'Prism.Mvvm 1.0.0' was restored using '.NETFramework,Version=v4.6.1, .NETFramework,Version=v4.6.2, .NETFramework,Version=v4.7, .NETFramework,Version=v4.7.1, .NETFramework,Version=v4.7.2, .NETFramework,Version=v4.8, .NETFramework,Version=v4.8.1' instead of the project target framework 'net8.0'. This package may not be fully compatible with your project. [C:\Users\ultra\warewolf\Dev\Dev2.Data.Tests\Dev2.Data.Tests.csproj]
C:\Users\ultra\warewolf\Dev\Dev2.Data.Tests\Dev2.Data.Tests.csproj : warning NU1701: Package 'Prism.Mvvm 1.0.0' was restored using '.NETFramework,Version=v4.6.1, .NETFramework,Version=v4.6.2, .NETFramework,Version=v4.7, .NETFramework,Version=v4.7.1, .NETFramework,Version=v4.7.2, .NETFramework,Version=v4.8, .NETFramework,Version=v4.8.1' instead of the project target framework 'net8.0'. This package may not be fully compatible with your project.
C:\Users\ultra\warewolf\Dev\Dev2.Runtime.Tests\Dev2.Runtime.Tests.csproj : warning NU1701: Package 'Prism.PubSubEvents 1.0.0' was restored using '.NETFramework,Version=v4.6.1, .NETFramework,Version=v4.6.2, .NETFramework,Version=v4.7, .NETFramework,Version=v4.7.1, .NETFramework,Version=v4.7.2, .NETFramework,Version=v4.8, .NETFramework,Version=v4.8.1' instead of the project target framework 'net8.0'. This package may not be fully compatible with your project. [C:\Users\ultra\warewolf\Dev\Dev2.Data.Tests\Dev2.Data.Tests.csproj]
C:\Users\ultra\warewolf\Dev\TestBase\TestBase.csproj : warning NU1701: Package 'Prism.PubSubEvents 1.0.0' was restored using '.NETFramework,Version=v4.6.1, .NETFramework,Version=v4.6.2, .NETFramework,Version=v4.7, .NETFramework,Version=v4.7.1, .NETFramework,Version=v4.7.2, .NETFramework,Version=v4.8, .NETFramework,Version=v4.8.1' instead of the project target framework 'net8.0'. This package may not be fully compatible with your project. [C:\Users\ultra\warewolf\Dev\Dev2.Data.Tests\Dev2.Data.Tests.csproj]
C:\Users\ultra\warewolf\Dev\Dev2.Data.Tests\Dev2.Data.Tests.csproj : warning NU1701: Package 'Prism.PubSubEvents 1.0.0' was restored using '.NETFramework,Version=v4.6.1, .NETFramework,Version=v4.6.2, .NETFramework,Version=v4.7, .NETFramework,Version=v4.7.1, .NETFramework,Version=v4.7.2, .NETFramework,Version=v4.8, .NETFramework,Version=v4.8.1' instead of the project target framework 'net8.0'. This package may not be fully compatible with your project.
C:\Users\ultra\warewolf\Dev\TestBase\TestBase.csproj : warning NU1701: Package 'Prism.UnityExtensions 5.0.1' was restored using '.NETFramework,Version=v4.6.1, .NETFramework,Version=v4.6.2, .NETFramework,Version=v4.7, .NETFramework,Version=v4.7.1, .NETFramework,Version=v4.7.2, .NETFramework,Version=v4.8, .NETFramework,Version=v4.8.1' instead of the project target framework 'net8.0'. This package may not be fully compatible with your project. [C:\Users\ultra\warewolf\Dev\Dev2.Data.Tests\Dev2.Data.Tests.csproj]
C:\Users\ultra\warewolf\Dev\TestBase\TestBase.csproj : warning NU1701: Package 'Prism.Wpf 9.0.537' was restored using '.NETFramework,Version=v4.6.1, .NETFramework,Version=v4.6.2, .NETFramework,Version=v4.7, .NETFramework,Version=v4.7.1, .NETFramework,Version=v4.7.2, .NETFramework,Version=v4.8, .NETFramework,Version=v4.8.1' instead of the project target framework 'net8.0'. This package may not be fully compatible with your project. [C:\Users\ultra\warewolf\Dev\Dev2.Data.Tests\Dev2.Data.Tests.csproj]
C:\Users\ultra\warewolf\Dev\Dev2.Data.Tests\Dev2.Data.Tests.csproj : warning NU1701: Package 'Prism.UnityExtensions 5.0.1' was restored using '.NETFramework,Version=v4.6.1, .NETFramework,Version=v4.6.2, .NETFramework,Version=v4.7, .NETFramework,Version=v4.7.1, .NETFramework,Version=v4.7.2, .NETFramework,Version=v4.8, .NETFramework,Version=v4.8.1' instead of the project target framework 'net8.0'. This package may not be fully compatible with your project.
C:\Users\ultra\warewolf\Dev\Dev2.Runtime.Tests\Dev2.Runtime.Tests.csproj : warning NU1701: Package 'Prism.UnityExtensions 5.0.1' was restored using '.NETFramework,Version=v4.6.1, .NETFramework,Version=v4.6.2, .NETFramework,Version=v4.7, .NETFramework,Version=v4.7.1, .NETFramework,Version=v4.7.2, .NETFramework,Version=v4.8, .NETFramework,Version=v4.8.1' instead of the project target framework 'net8.0'. This package may not be fully compatible with your project. [C:\Users\ultra\warewolf\Dev\Dev2.Data.Tests\Dev2.Data.Tests.csproj]
C:\Users\ultra\warewolf\Dev\TestBase\TestBase.csproj : warning NU1701: Package 'ReactiveUI.WPF 18.4.1' was restored using '.NETFramework,Version=v4.6.1, .NETFramework,Version=v4.6.2, .NETFramework,Version=v4.7, .NETFramework,Version=v4.7.1, .NETFramework,Version=v4.7.2, .NETFramework,Version=v4.8, .NETFramework,Version=v4.8.1' instead of the project target framework 'net8.0'. This package may not be fully compatible with your project. [C:\Users\ultra\warewolf\Dev\Dev2.Data.Tests\Dev2.Data.Tests.csproj]
C:\Users\ultra\warewolf\Dev\Dev2.Data.Tests\Dev2.Data.Tests.csproj : warning NU1701: Package 'Prism.Wpf 9.0.537' was restored using '.NETFramework,Version=v4.6.1, .NETFramework,Version=v4.6.2, .NETFramework,Version=v4.7, .NETFramework,Version=v4.7.1, .NETFramework,Version=v4.7.2, .NETFramework,Version=v4.8, .NETFramework,Version=v4.8.1' instead of the project target framework 'net8.0'. This package may not be fully compatible with your project.
C:\Users\ultra\warewolf\Dev\Dev2.Runtime.Tests\Dev2.Runtime.Tests.csproj : warning NU1701: Package 'Prism.Wpf 9.0.537' was restored using '.NETFramework,Version=v4.6.1, .NETFramework,Version=v4.6.2, .NETFramework,Version=v4.7, .NETFramework,Version=v4.7.1, .NETFramework,Version=v4.7.2, .NETFramework,Version=v4.8, .NETFramework,Version=v4.8.1' instead of the project target framework 'net8.0'. This package may not be fully compatible with your project. [C:\Users\ultra\warewolf\Dev\Dev2.Data.Tests\Dev2.Data.Tests.csproj]
C:\Users\ultra\warewolf\Dev\Dev2.Data.Tests\Dev2.Data.Tests.csproj : warning NU1701: Package 'ReactiveUI.WPF 18.4.1' was restored using '.NETFramework,Version=v4.6.1, .NETFramework,Version=v4.6.2, .NETFramework,Version=v4.7, .NETFramework,Version=v4.7.1, .NETFramework,Version=v4.7.2, .NETFramework,Version=v4.8, .NETFramework,Version=v4.8.1' instead of the project target framework 'net8.0'. This package may not be fully compatible with your project.
C:\Users\ultra\warewolf\Dev\Dev2.Runtime.Tests\Dev2.Runtime.Tests.csproj : warning NU1701: Package 'ReactiveUI.WPF 18.4.1' was restored using '.NETFramework,Version=v4.6.1, .NETFramework,Version=v4.6.2, .NETFramework,Version=v4.7, .NETFramework,Version=v4.7.1, .NETFramework,Version=v4.7.2, .NETFramework,Version=v4.8, .NETFramework,Version=v4.8.1' instead of the project target framework 'net8.0'. This package may not be fully compatible with your project. [C:\Users\ultra\warewolf\Dev\Dev2.Data.Tests\Dev2.Data.Tests.csproj]
C:\Users\ultra\warewolf\Dev\Dev2.Diagnostics.Tests\Dev2.Diagnostics.Tests.csproj : warning NU1701: Package 'TaskSchedulerEditor 2.10.1' was restored using '.NETFramework,Version=v4.6.1, .NETFramework,Version=v4.6.2, .NETFramework,Version=v4.7, .NETFramework,Version=v4.7.1, .NETFramework,Version=v4.7.2, .NETFramework,Version=v4.8, .NETFramework,Version=v4.8.1' instead of the project target framework 'net8.0'. This package may not be fully compatible with your project. [C:\Users\ultra\warewolf\Dev\Dev2.Data.Tests\Dev2.Data.Tests.csproj]
C:\Users\ultra\warewolf\Dev\Warewolf.MergeParser.Tests\Warewolf.MergeParser.Tests.csproj : warning NU1701: Package 'TaskSchedulerEditor 2.10.1' was restored using '.NETFramework,Version=v4.6.1, .NETFramework,Version=v4.6.2, .NETFramework,Version=v4.7, .NETFramework,Version=v4.7.1, .NETFramework,Version=v4.7.2, .NETFramework,Version=v4.8, .NETFramework,Version=v4.8.1' instead of the project target framework 'net8.0'. This package may not be fully compatible with your project. [C:\Users\ultra\warewolf\Dev\Dev2.Data.Tests\Dev2.Data.Tests.csproj]
C:\Users\ultra\warewolf\Dev\Warewolf.Studio.ViewModels\Warewolf.Studio.ViewModels.csproj : warning NU1701: Package 'TaskSchedulerEditor 2.10.1' was restored using '.NETFramework,Version=v4.6.1, .NETFramework,Version=v4.6.2, .NETFramework,Version=v4.7, .NETFramework,Version=v4.7.1, .NETFramework,Version=v4.7.2, .NETFramework,Version=v4.8, .NETFramework,Version=v4.8.1' instead of the project target framework 'net8.0'. This package may not be fully compatible with your project. [C:\Users\ultra\warewolf\Dev\Dev2.Data.Tests\Dev2.Data.Tests.csproj]
C:\Users\ultra\warewolf\Dev\Warewolf.HangfireServer\Warewolf.HangfireServer.csproj : warning NU1701: Package 'TaskSchedulerEditor 2.10.1' was restored using '.NETFramework,Version=v4.6.1, .NETFramework,Version=v4.6.2, .NETFramework,Version=v4.7, .NETFramework,Version=v4.7.1, .NETFramework,Version=v4.7.2, .NETFramework,Version=v4.8, .NETFramework,Version=v4.8.1' instead of the project target framework 'net8.0'. This package may not be fully compatible with your project. [C:\Users\ultra\warewolf\Dev\Dev2.Data.Tests\Dev2.Data.Tests.csproj]
C:\Users\ultra\warewolf\Dev\Warewolf.Studio.Views\Warewolf.Studio.Views.csproj : warning NU1701: Package 'TaskSchedulerEditor 2.10.1' was restored using '.NETFramework,Version=v4.6.1, .NETFramework,Version=v4.6.2, .NETFramework,Version=v4.7, .NETFramework,Version=v4.7.1, .NETFramework,Version=v4.7.2, .NETFramework,Version=v4.8, .NETFramework,Version=v4.8.1' instead of the project target framework 'net8.0'. This package may not be fully compatible with your project. [C:\Users\ultra\warewolf\Dev\Dev2.Data.Tests\Dev2.Data.Tests.csproj]
C:\Users\ultra\warewolf\Dev\Warewolf.MergeParser\Warewolf.MergeParser.csproj : warning NU1701: Package 'TaskSchedulerEditor 2.10.1' was restored using '.NETFramework,Version=v4.6.1, .NETFramework,Version=v4.6.2, .NETFramework,Version=v4.7, .NETFramework,Version=v4.7.1, .NETFramework,Version=v4.7.2, .NETFramework,Version=v4.8, .NETFramework,Version=v4.8.1' instead of the project target framework 'net8.0'. This package may not be fully compatible with your project. [C:\Users\ultra\warewolf\Dev\Dev2.Data.Tests\Dev2.Data.Tests.csproj]
C:\Users\ultra\warewolf\Dev\TestBase\TestBase.csproj : warning NU1701: Package 'TaskSchedulerEditor 2.10.1' was restored using '.NETFramework,Version=v4.6.1, .NETFramework,Version=v4.6.2, .NETFramework,Version=v4.7, .NETFramework,Version=v4.7.1, .NETFramework,Version=v4.7.2, .NETFramework,Version=v4.8, .NETFramework,Version=v4.8.1' instead of the project target framework 'net8.0'. This package may not be fully compatible with your project. [C:\Users\ultra\warewolf\Dev\Dev2.Data.Tests\Dev2.Data.Tests.csproj]
C:\Users\ultra\warewolf\Dev\Warewolf.Studio.Themes.Luna\Warewolf.Studio.Themes.Luna.csproj : warning NU1701: Package 'TaskSchedulerEditor 2.10.1' was restored using '.NETFramework,Version=v4.6.1, .NETFramework,Version=v4.6.2, .NETFramework,Version=v4.7, .NETFramework,Version=v4.7.1, .NETFramework,Version=v4.7.2, .NETFramework,Version=v4.8, .NETFramework,Version=v4.8.1' instead of the project target framework 'net8.0'. This package may not be fully compatible with your project. [C:\Users\ultra\warewolf\Dev\Dev2.Data.Tests\Dev2.Data.Tests.csproj]
C:\Users\ultra\warewolf\Dev\Warewolf.Logger\Warewolf.Logger.csproj : warning NU1701: Package 'TaskSchedulerEditor 2.10.1' was restored using '.NETFramework,Version=v4.6.1, .NETFramework,Version=v4.6.2, .NETFramework,Version=v4.7, .NETFramework,Version=v4.7.1, .NETFramework,Version=v4.7.2, .NETFramework,Version=v4.8, .NETFramework,Version=v4.8.1' instead of the project target framework 'net8.0'. This package may not be fully compatible with your project. [C:\Users\ultra\warewolf\Dev\Dev2.Data.Tests\Dev2.Data.Tests.csproj]
C:\Users\ultra\warewolf\Dev\Dev2.Data.Tests\Dev2.Data.Tests.csproj : warning NU1701: Package 'TaskSchedulerEditor 2.10.1' was restored using '.NETFramework,Version=v4.6.1, .NETFramework,Version=v4.6.2, .NETFramework,Version=v4.7, .NETFramework,Version=v4.7.1, .NETFramework,Version=v4.7.2, .NETFramework,Version=v4.8, .NETFramework,Version=v4.8.1' instead of the project target framework 'net8.0'. This package may not be fully compatible with your project.
C:\Users\ultra\warewolf\Dev\Dev2.Runtime.Tests\Dev2.Runtime.Tests.csproj : warning NU1701: Package 'TaskSchedulerEditor 2.10.1' was restored using '.NETFramework,Version=v4.6.1, .NETFramework,Version=v4.6.2, .NETFramework,Version=v4.7, .NETFramework,Version=v4.7.1, .NETFramework,Version=v4.7.2, .NETFramework,Version=v4.8, .NETFramework,Version=v4.8.1' instead of the project target framework 'net8.0'. This package may not be fully compatible with your project. [C:\Users\ultra\warewolf\Dev\Dev2.Data.Tests\Dev2.Data.Tests.csproj]
C:\Users\ultra\warewolf\Dev\Dev2.Data.Tests\Dev2.Data.Tests.csproj : warning NU1701: Package 'Unofficial.Microsoft.mshtml 7.0.3300' was restored using '.NETFramework,Version=v4.6.1, .NETFramework,Version=v4.6.2, .NETFramework,Version=v4.7, .NETFramework,Version=v4.7.1, .NETFramework,Version=v4.7.2, .NETFramework,Version=v4.8, .NETFramework,Version=v4.8.1' instead of the project target framework 'net8.0'. This package may not be fully compatible with your project.
C:\Users\ultra\warewolf\Dev\Warewolf.Studio.Views\Warewolf.Studio.Views.csproj : warning NU1701: Package 'Unofficial.Microsoft.mshtml 7.0.3300' was restored using '.NETFramework,Version=v4.6.1, .NETFramework,Version=v4.6.2, .NETFramework,Version=v4.7, .NETFramework,Version=v4.7.1, .NETFramework,Version=v4.7.2, .NETFramework,Version=v4.8, .NETFramework,Version=v4.8.1' instead of the project target framework 'net8.0'. This package may not be fully compatible with your project. [C:\Users\ultra\warewolf\Dev\Dev2.Data.Tests\Dev2.Data.Tests.csproj]
C:\Users\ultra\warewolf\Dev\Dev2.Runtime.Tests\Dev2.Runtime.Tests.csproj : warning NU1701: Package 'Unofficial.Microsoft.mshtml 7.0.3300' was restored using '.NETFramework,Version=v4.6.1, .NETFramework,Version=v4.6.2, .NETFramework,Version=v4.7, .NETFramework,Version=v4.7.1, .NETFramework,Version=v4.7.2, .NETFramework,Version=v4.8, .NETFramework,Version=v4.8.1' instead of the project target framework 'net8.0'. This package may not be fully compatible with your project. [C:\Users\ultra\warewolf\Dev\Dev2.Data.Tests\Dev2.Data.Tests.csproj]
C:\Users\ultra\warewolf\Dev\TestBase\TestBase.csproj : warning NU1701: Package 'Unofficial.Microsoft.mshtml 7.0.3300' was restored using '.NETFramework,Version=v4.6.1, .NETFramework,Version=v4.6.2, .NETFramework,Version=v4.7, .NETFramework,Version=v4.7.1, .NETFramework,Version=v4.7.2, .NETFramework,Version=v4.8, .NETFramework,Version=v4.8.1' instead of the project target framework 'net8.0'. This package may not be fully compatible with your project. [C:\Users\ultra\warewolf\Dev\Dev2.Data.Tests\Dev2.Data.Tests.csproj]
C:\Users\ultra\warewolf\Dev\Dev2.Server\Dev2.Server.csproj : warning NU1903: Package 'Oracle.ManagedDataAccess.Core' 3.21.70 has a known high severity vulnerability, https://github.com/advisories/GHSA-5pm2-9mr2-3frq [C:\Users\ultra\warewolf\Dev\Dev2.Data.Tests\Dev2.Data.Tests.csproj]
C:\Users\ultra\warewolf\Dev\Dev2.Server\Dev2.Server.csproj : warning NU1701: Package 'AeroWizard 2.3.1' was restored using '.NETFramework,Version=v4.6.1, .NETFramework,Version=v4.6.2, .NETFramework,Version=v4.7, .NETFramework,Version=v4.7.1, .NETFramework,Version=v4.7.2, .NETFramework,Version=v4.8, .NETFramework,Version=v4.8.1' instead of the project target framework 'net8.0'. This package may not be fully compatible with your project. [C:\Users\ultra\warewolf\Dev\Dev2.Data.Tests\Dev2.Data.Tests.csproj]
C:\Users\ultra\warewolf\Dev\Dev2.Server\Dev2.Server.csproj : warning NU1701: Package 'GroupControls 1.9.0' was restored using '.NETFramework,Version=v4.6.1, .NETFramework,Version=v4.6.2, .NETFramework,Version=v4.7, .NETFramework,Version=v4.7.1, .NETFramework,Version=v4.7.2, .NETFramework,Version=v4.8, .NETFramework,Version=v4.8.1' instead of the project target framework 'net8.0'. This package may not be fully compatible with your project. [C:\Users\ultra\warewolf\Dev\Dev2.Data.Tests\Dev2.Data.Tests.csproj]
C:\Users\ultra\warewolf\Dev\Dev2.Server\Dev2.Server.csproj : warning NU1701: Package 'Microsoft.Xaml.Behaviors.Wpf 1.1.122' was restored using '.NETFramework,Version=v4.6.1, .NETFramework,Version=v4.6.2, .NETFramework,Version=v4.7, .NETFramework,Version=v4.7.1, .NETFramework,Version=v4.7.2, .NETFramework,Version=v4.8, .NETFramework,Version=v4.8.1' instead of the project target framework 'net8.0'. This package may not be fully compatible with your project. [C:\Users\ultra\warewolf\Dev\Dev2.Data.Tests\Dev2.Data.Tests.csproj]
C:\Users\ultra\warewolf\Dev\Dev2.Server\Dev2.Server.csproj : warning NU1701: Package 'Prism.Wpf 9.0.537' was restored using '.NETFramework,Version=v4.6.1, .NETFramework,Version=v4.6.2, .NETFramework,Version=v4.7, .NETFramework,Version=v4.7.1, .NETFramework,Version=v4.7.2, .NETFramework,Version=v4.8, .NETFramework,Version=v4.8.1' instead of the project target framework 'net8.0'. This package may not be fully compatible with your project. [C:\Users\ultra\warewolf\Dev\Dev2.Data.Tests\Dev2.Data.Tests.csproj]
C:\Users\ultra\warewolf\Dev\Dev2.Server\Dev2.Server.csproj : warning NU1701: Package 'ReactiveUI.WPF 18.4.1' was restored using '.NETFramework,Version=v4.6.1, .NETFramework,Version=v4.6.2, .NETFramework,Version=v4.7, .NETFramework,Version=v4.7.1, .NETFramework,Version=v4.7.2, .NETFramework,Version=v4.8, .NETFramework,Version=v4.8.1' instead of the project target framework 'net8.0'. This package may not be fully compatible with your project. [C:\Users\ultra\warewolf\Dev\Dev2.Data.Tests\Dev2.Data.Tests.csproj]
C:\Users\ultra\warewolf\Dev\Dev2.Server\Dev2.Server.csproj : warning NU1701: Package 'TaskSchedulerEditor 2.10.1' was restored using '.NETFramework,Version=v4.6.1, .NETFramework,Version=v4.6.2, .NETFramework,Version=v4.7, .NETFramework,Version=v4.7.1, .NETFramework,Version=v4.7.2, .NETFramework,Version=v4.8, .NETFramework,Version=v4.8.1' instead of the project target framework 'net8.0'. This package may not be fully compatible with your project. [C:\Users\ultra\warewolf\Dev\Dev2.Data.Tests\Dev2.Data.Tests.csproj]
  Restored C:\Users\ultra\warewolf\Dev\Warewolf.Logger\Warewolf.Logger.csproj (in 592 ms).
C:\Users\ultra\warewolf\Dev\Dev2.Scheduler\Dev2.Scheduler.csproj : warning NU1701: Package 'AeroWizard 2.3.1' was restored using '.NETFramework,Version=v4.6.1, .NETFramework,Version=v4.6.2, .NETFramework,Version=v4.7, .NETFramework,Version=v4.7.1, .NETFramework,Version=v4.7.2, .NETFramework,Version=v4.8, .NETFramework,Version=v4.8.1' instead of the project target framework 'net8.0'. This package may not be fully compatible with your project. [C:\Users\ultra\warewolf\Dev\Dev2.Data.Tests\Dev2.Data.Tests.csproj]
C:\Users\ultra\warewolf\Dev\Dev2.Scheduler\Dev2.Scheduler.csproj : warning NU1701: Package 'GroupControls 1.9.0' was restored using '.NETFramework,Version=v4.6.1, .NETFramework,Version=v4.6.2, .NETFramework,Version=v4.7, .NETFramework,Version=v4.7.1, .NETFramework,Version=v4.7.2, .NETFramework,Version=v4.8, .NETFramework,Version=v4.8.1' instead of the project target framework 'net8.0'. This package may not be fully compatible with your project. [C:\Users\ultra\warewolf\Dev\Dev2.Data.Tests\Dev2.Data.Tests.csproj]
C:\Users\ultra\warewolf\Dev\Dev2.Scheduler\Dev2.Scheduler.csproj : warning NU1701: Package 'ReactiveUI.WPF 18.4.1' was restored using '.NETFramework,Version=v4.6.1, .NETFramework,Version=v4.6.2, .NETFramework,Version=v4.7, .NETFramework,Version=v4.7.1, .NETFramework,Version=v4.7.2, .NETFramework,Version=v4.8, .NETFramework,Version=v4.8.1' instead of the project target framework 'net8.0'. This package may not be fully compatible with your project. [C:\Users\ultra\warewolf\Dev\Dev2.Data.Tests\Dev2.Data.Tests.csproj]
C:\Users\ultra\warewolf\Dev\Dev2.Scheduler\Dev2.Scheduler.csproj : warning NU1701: Package 'TaskSchedulerEditor 2.10.1' was restored using '.NETFramework,Version=v4.6.1, .NETFramework,Version=v4.6.2, .NETFramework,Version=v4.7, .NETFramework,Version=v4.7.1, .NETFramework,Version=v4.7.2, .NETFramework,Version=v4.8, .NETFramework,Version=v4.8.1' instead of the project target framework 'net8.0'. This package may not be fully compatible with your project. [C:\Users\ultra\warewolf\Dev\Dev2.Data.Tests\Dev2.Data.Tests.csproj]
C:\Users\ultra\warewolf\Dev\Dev2.Runtime\Dev2.Runtime.csproj : warning NU1903: Package 'Microsoft.Windows.Compatibility' 6.0.0 has a known high severity vulnerability, https://github.com/advisories/GHSA-555c-2p6r-68mm [C:\Users\ultra\warewolf\Dev\Dev2.Data.Tests\Dev2.Data.Tests.csproj]
C:\Users\ultra\warewolf\Dev\Dev2.Runtime\Dev2.Runtime.csproj : warning NU1701: Package 'AeroWizard 2.3.1' was restored using '.NETFramework,Version=v4.6.1, .NETFramework,Version=v4.6.2, .NETFramework,Version=v4.7, .NETFramework,Version=v4.7.1, .NETFramework,Version=v4.7.2, .NETFramework,Version=v4.8, .NETFramework,Version=v4.8.1' instead of the project target framework 'net8.0'. This package may not be fully compatible with your project. [C:\Users\ultra\warewolf\Dev\Dev2.Data.Tests\Dev2.Data.Tests.csproj]
C:\Users\ultra\warewolf\Dev\Dev2.Runtime\Dev2.Runtime.csproj : warning NU1701: Package 'GroupControls 1.9.0' was restored using '.NETFramework,Version=v4.6.1, .NETFramework,Version=v4.6.2, .NETFramework,Version=v4.7, .NETFramework,Version=v4.7.1, .NETFramework,Version=v4.7.2, .NETFramework,Version=v4.8, .NETFramework,Version=v4.8.1' instead of the project target framework 'net8.0'. This package may not be fully compatible with your project. [C:\Users\ultra\warewolf\Dev\Dev2.Data.Tests\Dev2.Data.Tests.csproj]
C:\Users\ultra\warewolf\Dev\Dev2.Runtime\Dev2.Runtime.csproj : warning NU1701: Package 'ReactiveUI.WPF 18.4.1' was restored using '.NETFramework,Version=v4.6.1, .NETFramework,Version=v4.6.2, .NETFramework,Version=v4.7, .NETFramework,Version=v4.7.1, .NETFramework,Version=v4.7.2, .NETFramework,Version=v4.8, .NETFramework,Version=v4.8.1' instead of the project target framework 'net8.0'. This package may not be fully compatible with your project. [C:\Users\ultra\warewolf\Dev\Dev2.Data.Tests\Dev2.Data.Tests.csproj]
C:\Users\ultra\warewolf\Dev\Dev2.Runtime\Dev2.Runtime.csproj : warning NU1701: Package 'TaskSchedulerEditor 2.10.1' was restored using '.NETFramework,Version=v4.6.1, .NETFramework,Version=v4.6.2, .NETFramework,Version=v4.7, .NETFramework,Version=v4.7.1, .NETFramework,Version=v4.7.2, .NETFramework,Version=v4.8, .NETFramework,Version=v4.8.1' instead of the project target framework 'net8.0'. This package may not be fully compatible with your project. [C:\Users\ultra\warewolf\Dev\Dev2.Data.Tests\Dev2.Data.Tests.csproj]
  Restored C:\Users\ultra\warewolf\Dev\Warewolf.HangfireServer\Warewolf.HangfireServer.csproj (in 624 ms).
  Restored C:\Users\ultra\warewolf\Dev\Dev2.Diagnostics.Tests\Dev2.Diagnostics.Tests.csproj (in 705 ms).
C:\Users\ultra\warewolf\Dev\Dev2.Activities.Tests\Dev2.Activities.Tests.csproj : warning NU1701: Package 'AeroWizard 2.3.1' was restored using '.NETFramework,Version=v4.6.1, .NETFramework,Version=v4.6.2, .NETFramework,Version=v4.7, .NETFramework,Version=v4.7.1, .NETFramework,Version=v4.7.2, .NETFramework,Version=v4.8, .NETFramework,Version=v4.8.1' instead of the project target framework 'net8.0'. This package may not be fully compatible with your project. [C:\Users\ultra\warewolf\Dev\Dev2.Data.Tests\Dev2.Data.Tests.csproj]
C:\Users\ultra\warewolf\Dev\Dev2.Activities.Tests\Dev2.Activities.Tests.csproj : warning NU1701: Package 'GroupControls 1.9.0' was restored using '.NETFramework,Version=v4.6.1, .NETFramework,Version=v4.6.2, .NETFramework,Version=v4.7, .NETFramework,Version=v4.7.1, .NETFramework,Version=v4.7.2, .NETFramework,Version=v4.8, .NETFramework,Version=v4.8.1' instead of the project target framework 'net8.0'. This package may not be fully compatible with your project. [C:\Users\ultra\warewolf\Dev\Dev2.Data.Tests\Dev2.Data.Tests.csproj]
C:\Users\ultra\warewolf\Dev\Dev2.Activities.Tests\Dev2.Activities.Tests.csproj : warning NU1701: Package 'Microsoft.Xaml.Behaviors.Wpf 1.1.122' was restored using '.NETFramework,Version=v4.6.1, .NETFramework,Version=v4.6.2, .NETFramework,Version=v4.7, .NETFramework,Version=v4.7.1, .NETFramework,Version=v4.7.2, .NETFramework,Version=v4.8, .NETFramework,Version=v4.8.1' instead of the project target framework 'net8.0'. This package may not be fully compatible with your project. [C:\Users\ultra\warewolf\Dev\Dev2.Data.Tests\Dev2.Data.Tests.csproj]
C:\Users\ultra\warewolf\Dev\Dev2.Activities.Tests\Dev2.Activities.Tests.csproj : warning NU1701: Package 'Prism.Wpf 9.0.537' was restored using '.NETFramework,Version=v4.6.1, .NETFramework,Version=v4.6.2, .NETFramework,Version=v4.7, .NETFramework,Version=v4.7.1, .NETFramework,Version=v4.7.2, .NETFramework,Version=v4.8, .NETFramework,Version=v4.8.1' instead of the project target framework 'net8.0'. This package may not be fully compatible with your project. [C:\Users\ultra\warewolf\Dev\Dev2.Data.Tests\Dev2.Data.Tests.csproj]
C:\Users\ultra\warewolf\Dev\Dev2.Activities.Tests\Dev2.Activities.Tests.csproj : warning NU1701: Package 'ReactiveUI.WPF 18.4.1' was restored using '.NETFramework,Version=v4.6.1, .NETFramework,Version=v4.6.2, .NETFramework,Version=v4.7, .NETFramework,Version=v4.7.1, .NETFramework,Version=v4.7.2, .NETFramework,Version=v4.8, .NETFramework,Version=v4.8.1' instead of the project target framework 'net8.0'. This package may not be fully compatible with your project. [C:\Users\ultra\warewolf\Dev\Dev2.Data.Tests\Dev2.Data.Tests.csproj]
C:\Users\ultra\warewolf\Dev\Dev2.Activities.Tests\Dev2.Activities.Tests.csproj : warning NU1701: Package 'TaskSchedulerEditor 2.10.1' was restored using '.NETFramework,Version=v4.6.1, .NETFramework,Version=v4.6.2, .NETFramework,Version=v4.7, .NETFramework,Version=v4.7.1, .NETFramework,Version=v4.7.2, .NETFramework,Version=v4.8, .NETFramework,Version=v4.8.1' instead of the project target framework 'net8.0'. This package may not be fully compatible with your project. [C:\Users\ultra\warewolf\Dev\Dev2.Data.Tests\Dev2.Data.Tests.csproj]
C:\Users\ultra\warewolf\Dev\Dev2.Runtime.Configuration\Dev2.Runtime.Configuration.csproj : warning NU1903: Package 'Microsoft.Windows.Compatibility' 6.0.0 has a known high severity vulnerability, https://github.com/advisories/GHSA-555c-2p6r-68mm [C:\Users\ultra\warewolf\Dev\Dev2.Data.Tests\Dev2.Data.Tests.csproj]
C:\Users\ultra\warewolf\Dev\Dev2.Runtime.Configuration\Dev2.Runtime.Configuration.csproj : warning NU1701: Package 'AeroWizard 2.3.1' was restored using '.NETFramework,Version=v4.6.1, .NETFramework,Version=v4.6.2, .NETFramework,Version=v4.7, .NETFramework,Version=v4.7.1, .NETFramework,Version=v4.7.2, .NETFramework,Version=v4.8, .NETFramework,Version=v4.8.1' instead of the project target framework 'net8.0'. This package may not be fully compatible with your project. [C:\Users\ultra\warewolf\Dev\Dev2.Data.Tests\Dev2.Data.Tests.csproj]
C:\Users\ultra\warewolf\Dev\Dev2.Runtime.Configuration\Dev2.Runtime.Configuration.csproj : warning NU1701: Package 'GroupControls 1.9.0' was restored using '.NETFramework,Version=v4.6.1, .NETFramework,Version=v4.6.2, .NETFramework,Version=v4.7, .NETFramework,Version=v4.7.1, .NETFramework,Version=v4.7.2, .NETFramework,Version=v4.8, .NETFramework,Version=v4.8.1' instead of the project target framework 'net8.0'. This package may not be fully compatible with your project. [C:\Users\ultra\warewolf\Dev\Dev2.Data.Tests\Dev2.Data.Tests.csproj]
C:\Users\ultra\warewolf\Dev\Dev2.Runtime.Configuration\Dev2.Runtime.Configuration.csproj : warning NU1701: Package 'TaskSchedulerEditor 2.10.1' was restored using '.NETFramework,Version=v4.6.1, .NETFramework,Version=v4.6.2, .NETFramework,Version=v4.7, .NETFramework,Version=v4.7.1, .NETFramework,Version=v4.7.2, .NETFramework,Version=v4.8, .NETFramework,Version=v4.8.1' instead of the project target framework 'net8.0'. This package may not be fully compatible with your project. [C:\Users\ultra\warewolf\Dev\Dev2.Data.Tests\Dev2.Data.Tests.csproj]
  Restored C:\Users\ultra\warewolf\Dev\Warewolf.MergeParser\Warewolf.MergeParser.csproj (in 631 ms).
  Restored C:\Users\ultra\warewolf\Dev\Warewolf.MergeParser.Tests\Warewolf.MergeParser.Tests.csproj (in 629 ms).
  Restored C:\Users\ultra\warewolf\Dev\Warewolf.Studio.ViewModels\Warewolf.Studio.ViewModels.csproj (in 735 ms).
  Restored C:\Users\ultra\warewolf\Dev\Warewolf.Studio.Themes.Luna\Warewolf.Studio.Themes.Luna.csproj (in 737 ms).
C:\Users\ultra\warewolf\Dev\Dev2.Diagnostics\Dev2.Diagnostics.csproj : warning NU1701: Package 'AeroWizard 2.3.1' was restored using '.NETFramework,Version=v4.6.1, .NETFramework,Version=v4.6.2, .NETFramework,Version=v4.7, .NETFramework,Version=v4.7.1, .NETFramework,Version=v4.7.2, .NETFramework,Version=v4.8, .NETFramework,Version=v4.8.1' instead of the project target framework 'net8.0'. This package may not be fully compatible with your project. [C:\Users\ultra\warewolf\Dev\Dev2.Data.Tests\Dev2.Data.Tests.csproj]
C:\Users\ultra\warewolf\Dev\Dev2.Diagnostics\Dev2.Diagnostics.csproj : warning NU1701: Package 'GroupControls 1.9.0' was restored using '.NETFramework,Version=v4.6.1, .NETFramework,Version=v4.6.2, .NETFramework,Version=v4.7, .NETFramework,Version=v4.7.1, .NETFramework,Version=v4.7.2, .NETFramework,Version=v4.8, .NETFramework,Version=v4.8.1' instead of the project target framework 'net8.0'. This package may not be fully compatible with your project. [C:\Users\ultra\warewolf\Dev\Dev2.Data.Tests\Dev2.Data.Tests.csproj]
C:\Users\ultra\warewolf\Dev\Dev2.Diagnostics\Dev2.Diagnostics.csproj : warning NU1701: Package 'TaskSchedulerEditor 2.10.1' was restored using '.NETFramework,Version=v4.6.1, .NETFramework,Version=v4.6.2, .NETFramework,Version=v4.7, .NETFramework,Version=v4.7.1, .NETFramework,Version=v4.7.2, .NETFramework,Version=v4.8, .NETFramework,Version=v4.8.1' instead of the project target framework 'net8.0'. This package may not be fully compatible with your project. [C:\Users\ultra\warewolf\Dev\Dev2.Data.Tests\Dev2.Data.Tests.csproj]
C:\Users\ultra\warewolf\Dev\Dev2.Infrastructure\Dev2.Infrastructure.csproj : warning NU1903: Package 'Microsoft.Windows.Compatibility' 6.0.0 has a known high severity vulnerability, https://github.com/advisories/GHSA-555c-2p6r-68mm [C:\Users\ultra\warewolf\Dev\Dev2.Data.Tests\Dev2.Data.Tests.csproj]
C:\Users\ultra\warewolf\Dev\Dev2.Infrastructure\Dev2.Infrastructure.csproj : warning NU1701: Package 'AeroWizard 2.3.1' was restored using '.NETFramework,Version=v4.6.1, .NETFramework,Version=v4.6.2, .NETFramework,Version=v4.7, .NETFramework,Version=v4.7.1, .NETFramework,Version=v4.7.2, .NETFramework,Version=v4.8, .NETFramework,Version=v4.8.1' instead of the project target framework 'net8.0'. This package may not be fully compatible with your project. [C:\Users\ultra\warewolf\Dev\Dev2.Data.Tests\Dev2.Data.Tests.csproj]
C:\Users\ultra\warewolf\Dev\Dev2.Infrastructure\Dev2.Infrastructure.csproj : warning NU1701: Package 'GroupControls 1.9.0' was restored using '.NETFramework,Version=v4.6.1, .NETFramework,Version=v4.6.2, .NETFramework,Version=v4.7, .NETFramework,Version=v4.7.1, .NETFramework,Version=v4.7.2, .NETFramework,Version=v4.8, .NETFramework,Version=v4.8.1' instead of the project target framework 'net8.0'. This package may not be fully compatible with your project. [C:\Users\ultra\warewolf\Dev\Dev2.Data.Tests\Dev2.Data.Tests.csproj]
C:\Users\ultra\warewolf\Dev\Dev2.Infrastructure\Dev2.Infrastructure.csproj : warning NU1701: Package 'ReactiveUI.WPF 18.4.1' was restored using '.NETFramework,Version=v4.6.1, .NETFramework,Version=v4.6.2, .NETFramework,Version=v4.7, .NETFramework,Version=v4.7.1, .NETFramework,Version=v4.7.2, .NETFramework,Version=v4.8, .NETFramework,Version=v4.8.1' instead of the project target framework 'net8.0'. This package may not be fully compatible with your project. [C:\Users\ultra\warewolf\Dev\Dev2.Data.Tests\Dev2.Data.Tests.csproj]
C:\Users\ultra\warewolf\Dev\Dev2.Infrastructure\Dev2.Infrastructure.csproj : warning NU1701: Package 'TaskSchedulerEditor 2.10.1' was restored using '.NETFramework,Version=v4.6.1, .NETFramework,Version=v4.6.2, .NETFramework,Version=v4.7, .NETFramework,Version=v4.7.1, .NETFramework,Version=v4.7.2, .NETFramework,Version=v4.8, .NETFramework,Version=v4.8.1' instead of the project target framework 'net8.0'. This package may not be fully compatible with your project. [C:\Users\ultra\warewolf\Dev\Dev2.Data.Tests\Dev2.Data.Tests.csproj]
  Restored C:\Users\ultra\warewolf\Dev\Warewolf.Studio.Views\Warewolf.Studio.Views.csproj (in 739 ms).
C:\Users\ultra\warewolf\Dev\Dev2.Infrastructure.Tests\Dev2.Infrastructure.Tests.csproj : warning NU1701: Package 'AeroWizard 2.3.1' was restored using '.NETFramework,Version=v4.6.1, .NETFramework,Version=v4.6.2, .NETFramework,Version=v4.7, .NETFramework,Version=v4.7.1, .NETFramework,Version=v4.7.2, .NETFramework,Version=v4.8, .NETFramework,Version=v4.8.1' instead of the project target framework 'net8.0'. This package may not be fully compatible with your project. [C:\Users\ultra\warewolf\Dev\Dev2.Data.Tests\Dev2.Data.Tests.csproj]
C:\Users\ultra\warewolf\Dev\Dev2.Infrastructure.Tests\Dev2.Infrastructure.Tests.csproj : warning NU1701: Package 'GroupControls 1.9.0' was restored using '.NETFramework,Version=v4.6.1, .NETFramework,Version=v4.6.2, .NETFramework,Version=v4.7, .NETFramework,Version=v4.7.1, .NETFramework,Version=v4.7.2, .NETFramework,Version=v4.8, .NETFramework,Version=v4.8.1' instead of the project target framework 'net8.0'. This package may not be fully compatible with your project. [C:\Users\ultra\warewolf\Dev\Dev2.Data.Tests\Dev2.Data.Tests.csproj]
C:\Users\ultra\warewolf\Dev\Dev2.Infrastructure.Tests\Dev2.Infrastructure.Tests.csproj : warning NU1701: Package 'Microsoft.Xaml.Behaviors.Wpf 1.1.122' was restored using '.NETFramework,Version=v4.6.1, .NETFramework,Version=v4.6.2, .NETFramework,Version=v4.7, .NETFramework,Version=v4.7.1, .NETFramework,Version=v4.7.2, .NETFramework,Version=v4.8, .NETFramework,Version=v4.8.1' instead of the project target framework 'net8.0'. This package may not be fully compatible with your project. [C:\Users\ultra\warewolf\Dev\Dev2.Data.Tests\Dev2.Data.Tests.csproj]
C:\Users\ultra\warewolf\Dev\Dev2.Infrastructure.Tests\Dev2.Infrastructure.Tests.csproj : warning NU1701: Package 'Prism.Wpf 9.0.537' was restored using '.NETFramework,Version=v4.6.1, .NETFramework,Version=v4.6.2, .NETFramework,Version=v4.7, .NETFramework,Version=v4.7.1, .NETFramework,Version=v4.7.2, .NETFramework,Version=v4.8, .NETFramework,Version=v4.8.1' instead of the project target framework 'net8.0'. This package may not be fully compatible with your project. [C:\Users\ultra\warewolf\Dev\Dev2.Data.Tests\Dev2.Data.Tests.csproj]
C:\Users\ultra\warewolf\Dev\Dev2.Infrastructure.Tests\Dev2.Infrastructure.Tests.csproj : warning NU1701: Package 'ReactiveUI.WPF 18.4.1' was restored using '.NETFramework,Version=v4.6.1, .NETFramework,Version=v4.6.2, .NETFramework,Version=v4.7, .NETFramework,Version=v4.7.1, .NETFramework,Version=v4.7.2, .NETFramework,Version=v4.8, .NETFramework,Version=v4.8.1' instead of the project target framework 'net8.0'. This package may not be fully compatible with your project. [C:\Users\ultra\warewolf\Dev\Dev2.Data.Tests\Dev2.Data.Tests.csproj]
C:\Users\ultra\warewolf\Dev\Dev2.Infrastructure.Tests\Dev2.Infrastructure.Tests.csproj : warning NU1701: Package 'TaskSchedulerEditor 2.10.1' was restored using '.NETFramework,Version=v4.6.1, .NETFramework,Version=v4.6.2, .NETFramework,Version=v4.7, .NETFramework,Version=v4.7.1, .NETFramework,Version=v4.7.2, .NETFramework,Version=v4.8, .NETFramework,Version=v4.8.1' instead of the project target framework 'net8.0'. This package may not be fully compatible with your project. [C:\Users\ultra\warewolf\Dev\Dev2.Data.Tests\Dev2.Data.Tests.csproj]
C:\Users\ultra\warewolf\Dev\Warewolf.Studio.Core\Warewolf.Studio.Core.csproj : warning NU1701: Package 'AeroWizard 2.3.1' was restored using '.NETFramework,Version=v4.6.1, .NETFramework,Version=v4.6.2, .NETFramework,Version=v4.7, .NETFramework,Version=v4.7.1, .NETFramework,Version=v4.7.2, .NETFramework,Version=v4.8, .NETFramework,Version=v4.8.1' instead of the project target framework 'net8.0'. This package may not be fully compatible with your project. [C:\Users\ultra\warewolf\Dev\Dev2.Data.Tests\Dev2.Data.Tests.csproj]
C:\Users\ultra\warewolf\Dev\Warewolf.Studio.Core\Warewolf.Studio.Core.csproj : warning NU1701: Package 'GroupControls 1.9.0' was restored using '.NETFramework,Version=v4.6.1, .NETFramework,Version=v4.6.2, .NETFramework,Version=v4.7, .NETFramework,Version=v4.7.1, .NETFramework,Version=v4.7.2, .NETFramework,Version=v4.8, .NETFramework,Version=v4.8.1' instead of the project target framework 'net8.0'. This package may not be fully compatible with your project. [C:\Users\ultra\warewolf\Dev\Dev2.Data.Tests\Dev2.Data.Tests.csproj]
C:\Users\ultra\warewolf\Dev\Warewolf.Studio.Core\Warewolf.Studio.Core.csproj : warning NU1701: Package 'Microsoft.Xaml.Behaviors.Wpf 1.1.122' was restored using '.NETFramework,Version=v4.6.1, .NETFramework,Version=v4.6.2, .NETFramework,Version=v4.7, .NETFramework,Version=v4.7.1, .NETFramework,Version=v4.7.2, .NETFramework,Version=v4.8, .NETFramework,Version=v4.8.1' instead of the project target framework 'net8.0'. This package may not be fully compatible with your project. [C:\Users\ultra\warewolf\Dev\Dev2.Data.Tests\Dev2.Data.Tests.csproj]
C:\Users\ultra\warewolf\Dev\Warewolf.Studio.Core\Warewolf.Studio.Core.csproj : warning NU1701: Package 'Prism.Wpf 9.0.537' was restored using '.NETFramework,Version=v4.6.1, .NETFramework,Version=v4.6.2, .NETFramework,Version=v4.7, .NETFramework,Version=v4.7.1, .NETFramework,Version=v4.7.2, .NETFramework,Version=v4.8, .NETFramework,Version=v4.8.1' instead of the project target framework 'net8.0'. This package may not be fully compatible with your project. [C:\Users\ultra\warewolf\Dev\Dev2.Data.Tests\Dev2.Data.Tests.csproj]
C:\Users\ultra\warewolf\Dev\Warewolf.Studio.Core\Warewolf.Studio.Core.csproj : warning NU1701: Package 'ReactiveUI.WPF 18.4.1' was restored using '.NETFramework,Version=v4.6.1, .NETFramework,Version=v4.6.2, .NETFramework,Version=v4.7, .NETFramework,Version=v4.7.1, .NETFramework,Version=v4.7.2, .NETFramework,Version=v4.8, .NETFramework,Version=v4.8.1' instead of the project target framework 'net8.0'. This package may not be fully compatible with your project. [C:\Users\ultra\warewolf\Dev\Dev2.Data.Tests\Dev2.Data.Tests.csproj]
C:\Users\ultra\warewolf\Dev\Warewolf.Studio.Core\Warewolf.Studio.Core.csproj : warning NU1701: Package 'TaskSchedulerEditor 2.10.1' was restored using '.NETFramework,Version=v4.6.1, .NETFramework,Version=v4.6.2, .NETFramework,Version=v4.7, .NETFramework,Version=v4.7.1, .NETFramework,Version=v4.7.2, .NETFramework,Version=v4.8, .NETFramework,Version=v4.8.1' instead of the project target framework 'net8.0'. This package may not be fully compatible with your project. [C:\Users\ultra\warewolf\Dev\Dev2.Data.Tests\Dev2.Data.Tests.csproj]
C:\Users\ultra\warewolf\Dev\Warewolf.Storage\Warewolf.Storage.csproj : warning NU1701: Package 'AeroWizard 2.3.1' was restored using '.NETFramework,Version=v4.6.1, .NETFramework,Version=v4.6.2, .NETFramework,Version=v4.7, .NETFramework,Version=v4.7.1, .NETFramework,Version=v4.7.2, .NETFramework,Version=v4.8, .NETFramework,Version=v4.8.1' instead of the project target framework 'net8.0'. This package may not be fully compatible with your project. [C:\Users\ultra\warewolf\Dev\Dev2.Data.Tests\Dev2.Data.Tests.csproj]
C:\Users\ultra\warewolf\Dev\Warewolf.Storage\Warewolf.Storage.csproj : warning NU1701: Package 'GroupControls 1.9.0' was restored using '.NETFramework,Version=v4.6.1, .NETFramework,Version=v4.6.2, .NETFramework,Version=v4.7, .NETFramework,Version=v4.7.1, .NETFramework,Version=v4.7.2, .NETFramework,Version=v4.8, .NETFramework,Version=v4.8.1' instead of the project target framework 'net8.0'. This package may not be fully compatible with your project. [C:\Users\ultra\warewolf\Dev\Dev2.Data.Tests\Dev2.Data.Tests.csproj]
C:\Users\ultra\warewolf\Dev\Warewolf.Storage\Warewolf.Storage.csproj : warning NU1701: Package 'ReactiveUI.WPF 18.4.1' was restored using '.NETFramework,Version=v4.6.1, .NETFramework,Version=v4.6.2, .NETFramework,Version=v4.7, .NETFramework,Version=v4.7.1, .NETFramework,Version=v4.7.2, .NETFramework,Version=v4.8, .NETFramework,Version=v4.8.1' instead of the project target framework 'net8.0'. This package may not be fully compatible with your project. [C:\Users\ultra\warewolf\Dev\Dev2.Data.Tests\Dev2.Data.Tests.csproj]
C:\Users\ultra\warewolf\Dev\Warewolf.Storage\Warewolf.Storage.csproj : warning NU1701: Package 'TaskSchedulerEditor 2.10.1' was restored using '.NETFramework,Version=v4.6.1, .NETFramework,Version=v4.6.2, .NETFramework,Version=v4.7, .NETFramework,Version=v4.7.1, .NETFramework,Version=v4.7.2, .NETFramework,Version=v4.8, .NETFramework,Version=v4.8.1' instead of the project target framework 'net8.0'. This package may not be fully compatible with your project. [C:\Users\ultra\warewolf\Dev\Dev2.Data.Tests\Dev2.Data.Tests.csproj]
C:\Users\ultra\warewolf\Dev\Warewolf.Storage.Interfaces\Warewolf.Storage.Interfaces.csproj : warning NU1701: Package 'AeroWizard 2.3.1' was restored using '.NETFramework,Version=v4.6.1, .NETFramework,Version=v4.6.2, .NETFramework,Version=v4.7, .NETFramework,Version=v4.7.1, .NETFramework,Version=v4.7.2, .NETFramework,Version=v4.8, .NETFramework,Version=v4.8.1' instead of the project target framework 'net8.0'. This package may not be fully compatible with your project. [C:\Users\ultra\warewolf\Dev\Dev2.Data.Tests\Dev2.Data.Tests.csproj]
C:\Users\ultra\warewolf\Dev\Warewolf.Storage.Interfaces\Warewolf.Storage.Interfaces.csproj : warning NU1701: Package 'GroupControls 1.9.0' was restored using '.NETFramework,Version=v4.6.1, .NETFramework,Version=v4.6.2, .NETFramework,Version=v4.7, .NETFramework,Version=v4.7.1, .NETFramework,Version=v4.7.2, .NETFramework,Version=v4.8, .NETFramework,Version=v4.8.1' instead of the project target framework 'net8.0'. This package may not be fully compatible with your project. [C:\Users\ultra\warewolf\Dev\Dev2.Data.Tests\Dev2.Data.Tests.csproj]
C:\Users\ultra\warewolf\Dev\Warewolf.Storage.Interfaces\Warewolf.Storage.Interfaces.csproj : warning NU1701: Package 'TaskSchedulerEditor 2.10.1' was restored using '.NETFramework,Version=v4.6.1, .NETFramework,Version=v4.6.2, .NETFramework,Version=v4.7, .NETFramework,Version=v4.7.1, .NETFramework,Version=v4.7.2, .NETFramework,Version=v4.8, .NETFramework,Version=v4.8.1' instead of the project target framework 'net8.0'. This package may not be fully compatible with your project. [C:\Users\ultra\warewolf\Dev\Dev2.Data.Tests\Dev2.Data.Tests.csproj]
C:\Users\ultra\warewolf\Dev\Dev2.Runtime.Configuration.Tests\Dev2.Runtime.Configuration.Tests.csproj : warning NU1701: Package 'AeroWizard 2.3.1' was restored using '.NETFramework,Version=v4.6.1, .NETFramework,Version=v4.6.2, .NETFramework,Version=v4.7, .NETFramework,Version=v4.7.1, .NETFramework,Version=v4.7.2, .NETFramework,Version=v4.8, .NETFramework,Version=v4.8.1' instead of the project target framework 'net8.0'. This package may not be fully compatible with your project. [C:\Users\ultra\warewolf\Dev\Dev2.Data.Tests\Dev2.Data.Tests.csproj]
C:\Users\ultra\warewolf\Dev\Dev2.Runtime.Configuration.Tests\Dev2.Runtime.Configuration.Tests.csproj : warning NU1701: Package 'GroupControls 1.9.0' was restored using '.NETFramework,Version=v4.6.1, .NETFramework,Version=v4.6.2, .NETFramework,Version=v4.7, .NETFramework,Version=v4.7.1, .NETFramework,Version=v4.7.2, .NETFramework,Version=v4.8, .NETFramework,Version=v4.8.1' instead of the project target framework 'net8.0'. This package may not be fully compatible with your project. [C:\Users\ultra\warewolf\Dev\Dev2.Data.Tests\Dev2.Data.Tests.csproj]
  Restored C:\Users\ultra\warewolf\Dev\Dev2.Data.Tests\Dev2.Data.Tests.csproj (in 743 ms).
  Restored C:\Users\ultra\warewolf\Dev\TestBase\TestBase.csproj (in 672 ms).
  Restored C:\Users\ultra\warewolf\Dev\Dev2.Runtime.Tests\Dev2.Runtime.Tests.csproj (in 654 ms).
C:\Users\ultra\warewolf\Dev\Dev2.Runtime.Configuration.Tests\Dev2.Runtime.Configuration.Tests.csproj : warning NU1701: Package 'TaskSchedulerEditor 2.10.1' was restored using '.NETFramework,Version=v4.6.1, .NETFramework,Version=v4.6.2, .NETFramework,Version=v4.7, .NETFramework,Version=v4.7.1, .NETFramework,Version=v4.7.2, .NETFramework,Version=v4.8, .NETFramework,Version=v4.8.1' instead of the project target framework 'net8.0'. This package may not be fully compatible with your project. [C:\Users\ultra\warewolf\Dev\Dev2.Data.Tests\Dev2.Data.Tests.csproj]
C:\Users\ultra\warewolf\Dev\Warewolf.Security\Warewolf.Security.csproj : warning NU1904: Package 'System.Drawing.Common' 4.5.1 has a known critical severity vulnerability, https://github.com/advisories/GHSA-rxg9-xrhp-64gj [C:\Users\ultra\warewolf\Dev\Dev2.Data.Tests\Dev2.Data.Tests.csproj]
C:\Users\ultra\warewolf\Dev\Warewolf.Testing\Warewolf.Testing.csproj : warning NU1701: Package 'AeroWizard 2.3.1' was restored using '.NETFramework,Version=v4.6.1, .NETFramework,Version=v4.6.2, .NETFramework,Version=v4.7, .NETFramework,Version=v4.7.1, .NETFramework,Version=v4.7.2, .NETFramework,Version=v4.8, .NETFramework,Version=v4.8.1' instead of the project target framework 'net8.0'. This package may not be fully compatible with your project. [C:\Users\ultra\warewolf\Dev\Dev2.Data.Tests\Dev2.Data.Tests.csproj]
C:\Users\ultra\warewolf\Dev\Warewolf.Testing\Warewolf.Testing.csproj : warning NU1701: Package 'GroupControls 1.9.0' was restored using '.NETFramework,Version=v4.6.1, .NETFramework,Version=v4.6.2, .NETFramework,Version=v4.7, .NETFramework,Version=v4.7.1, .NETFramework,Version=v4.7.2, .NETFramework,Version=v4.8, .NETFramework,Version=v4.8.1' instead of the project target framework 'net8.0'. This package may not be fully compatible with your project. [C:\Users\ultra\warewolf\Dev\Dev2.Data.Tests\Dev2.Data.Tests.csproj]
C:\Users\ultra\warewolf\Dev\Warewolf.Testing\Warewolf.Testing.csproj : warning NU1701: Package 'Microsoft.Xaml.Behaviors.Wpf 1.1.122' was restored using '.NETFramework,Version=v4.6.1, .NETFramework,Version=v4.6.2, .NETFramework,Version=v4.7, .NETFramework,Version=v4.7.1, .NETFramework,Version=v4.7.2, .NETFramework,Version=v4.8, .NETFramework,Version=v4.8.1' instead of the project target framework 'net8.0'. This package may not be fully compatible with your project. [C:\Users\ultra\warewolf\Dev\Dev2.Data.Tests\Dev2.Data.Tests.csproj]
C:\Users\ultra\warewolf\Dev\Warewolf.Testing\Warewolf.Testing.csproj : warning NU1701: Package 'Prism.Wpf 9.0.537' was restored using '.NETFramework,Version=v4.6.1, .NETFramework,Version=v4.6.2, .NETFramework,Version=v4.7, .NETFramework,Version=v4.7.1, .NETFramework,Version=v4.7.2, .NETFramework,Version=v4.8, .NETFramework,Version=v4.8.1' instead of the project target framework 'net8.0'. This package may not be fully compatible with your project. [C:\Users\ultra\warewolf\Dev\Dev2.Data.Tests\Dev2.Data.Tests.csproj]
C:\Users\ultra\warewolf\Dev\Warewolf.Testing\Warewolf.Testing.csproj : warning NU1701: Package 'ReactiveUI.WPF 18.4.1' was restored using '.NETFramework,Version=v4.6.1, .NETFramework,Version=v4.6.2, .NETFramework,Version=v4.7, .NETFramework,Version=v4.7.1, .NETFramework,Version=v4.7.2, .NETFramework,Version=v4.8, .NETFramework,Version=v4.8.1' instead of the project target framework 'net8.0'. This package may not be fully compatible with your project. [C:\Users\ultra\warewolf\Dev\Dev2.Data.Tests\Dev2.Data.Tests.csproj]
C:\Users\ultra\warewolf\Dev\Warewolf.Testing\Warewolf.Testing.csproj : warning NU1701: Package 'TaskSchedulerEditor 2.10.1' was restored using '.NETFramework,Version=v4.6.1, .NETFramework,Version=v4.6.2, .NETFramework,Version=v4.7, .NETFramework,Version=v4.7.1, .NETFramework,Version=v4.7.2, .NETFramework,Version=v4.8, .NETFramework,Version=v4.8.1' instead of the project target framework 'net8.0'. This package may not be fully compatible with your project. [C:\Users\ultra\warewolf\Dev\Dev2.Data.Tests\Dev2.Data.Tests.csproj]
C:\Users\ultra\warewolf\Dev\Warewolf.Sharepoint\Warewolf.Sharepoint.csproj : warning NU1701: Package 'AeroWizard 2.3.1' was restored using '.NETFramework,Version=v4.6.1, .NETFramework,Version=v4.6.2, .NETFramework,Version=v4.7, .NETFramework,Version=v4.7.1, .NETFramework,Version=v4.7.2, .NETFramework,Version=v4.8, .NETFramework,Version=v4.8.1' instead of the project target framework 'net8.0'. This package may not be fully compatible with your project. [C:\Users\ultra\warewolf\Dev\Dev2.Data.Tests\Dev2.Data.Tests.csproj]
C:\Users\ultra\warewolf\Dev\Warewolf.Sharepoint\Warewolf.Sharepoint.csproj : warning NU1701: Package 'GroupControls 1.9.0' was restored using '.NETFramework,Version=v4.6.1, .NETFramework,Version=v4.6.2, .NETFramework,Version=v4.7, .NETFramework,Version=v4.7.1, .NETFramework,Version=v4.7.2, .NETFramework,Version=v4.8, .NETFramework,Version=v4.8.1' instead of the project target framework 'net8.0'. This package may not be fully compatible with your project. [C:\Users\ultra\warewolf\Dev\Dev2.Data.Tests\Dev2.Data.Tests.csproj]
C:\Users\ultra\warewolf\Dev\Warewolf.Sharepoint\Warewolf.Sharepoint.csproj : warning NU1701: Package 'ReactiveUI.WPF 18.4.1' was restored using '.NETFramework,Version=v4.6.1, .NETFramework,Version=v4.6.2, .NETFramework,Version=v4.7, .NETFramework,Version=v4.7.1, .NETFramework,Version=v4.7.2, .NETFramework,Version=v4.8, .NETFramework,Version=v4.8.1' instead of the project target framework 'net8.0'. This package may not be fully compatible with your project. [C:\Users\ultra\warewolf\Dev\Dev2.Data.Tests\Dev2.Data.Tests.csproj]
C:\Users\ultra\warewolf\Dev\Warewolf.Sharepoint\Warewolf.Sharepoint.csproj : warning NU1701: Package 'TaskSchedulerEditor 2.10.1' was restored using '.NETFramework,Version=v4.6.1, .NETFramework,Version=v4.6.2, .NETFramework,Version=v4.7, .NETFramework,Version=v4.7.1, .NETFramework,Version=v4.7.2, .NETFramework,Version=v4.8, .NETFramework,Version=v4.8.1' instead of the project target framework 'net8.0'. This package may not be fully compatible with your project. [C:\Users\ultra\warewolf\Dev\Dev2.Data.Tests\Dev2.Data.Tests.csproj]
C:\Users\ultra\warewolf\Dev\Warewolf.ResourceManagement\Warewolf.ResourceManagement.csproj : warning NU1701: Package 'AeroWizard 2.3.1' was restored using '.NETFramework,Version=v4.6.1, .NETFramework,Version=v4.6.2, .NETFramework,Version=v4.7, .NETFramework,Version=v4.7.1, .NETFramework,Version=v4.7.2, .NETFramework,Version=v4.8, .NETFramework,Version=v4.8.1' instead of the project target framework 'net8.0'. This package may not be fully compatible with your project. [C:\Users\ultra\warewolf\Dev\Dev2.Data.Tests\Dev2.Data.Tests.csproj]
C:\Users\ultra\warewolf\Dev\Warewolf.ResourceManagement\Warewolf.ResourceManagement.csproj : warning NU1701: Package 'GroupControls 1.9.0' was restored using '.NETFramework,Version=v4.6.1, .NETFramework,Version=v4.6.2, .NETFramework,Version=v4.7, .NETFramework,Version=v4.7.1, .NETFramework,Version=v4.7.2, .NETFramework,Version=v4.8, .NETFramework,Version=v4.8.1' instead of the project target framework 'net8.0'. This package may not be fully compatible with your project. [C:\Users\ultra\warewolf\Dev\Dev2.Data.Tests\Dev2.Data.Tests.csproj]
C:\Users\ultra\warewolf\Dev\Warewolf.ResourceManagement\Warewolf.ResourceManagement.csproj : warning NU1701: Package 'ReactiveUI.WPF 18.4.1' was restored using '.NETFramework,Version=v4.6.1, .NETFramework,Version=v4.6.2, .NETFramework,Version=v4.7, .NETFramework,Version=v4.7.1, .NETFramework,Version=v4.7.2, .NETFramework,Version=v4.8, .NETFramework,Version=v4.8.1' instead of the project target framework 'net8.0'. This package may not be fully compatible with your project. [C:\Users\ultra\warewolf\Dev\Dev2.Data.Tests\Dev2.Data.Tests.csproj]
C:\Users\ultra\warewolf\Dev\Warewolf.ResourceManagement\Warewolf.ResourceManagement.csproj : warning NU1701: Package 'TaskSchedulerEditor 2.10.1' was restored using '.NETFramework,Version=v4.6.1, .NETFramework,Version=v4.6.2, .NETFramework,Version=v4.7, .NETFramework,Version=v4.7.1, .NETFramework,Version=v4.7.2, .NETFramework,Version=v4.8, .NETFramework,Version=v4.8.1' instead of the project target framework 'net8.0'. This package may not be fully compatible with your project. [C:\Users\ultra\warewolf\Dev\Dev2.Data.Tests\Dev2.Data.Tests.csproj]
C:\Users\ultra\warewolf\Dev\Warewolf.PerfMon\Warewolf.PerfMon.csproj : warning NU1701: Package 'AeroWizard 2.3.1' was restored using '.NETFramework,Version=v4.6.1, .NETFramework,Version=v4.6.2, .NETFramework,Version=v4.7, .NETFramework,Version=v4.7.1, .NETFramework,Version=v4.7.2, .NETFramework,Version=v4.8, .NETFramework,Version=v4.8.1' instead of the project target framework 'net8.0'. This package may not be fully compatible with your project. [C:\Users\ultra\warewolf\Dev\Dev2.Data.Tests\Dev2.Data.Tests.csproj]
C:\Users\ultra\warewolf\Dev\Warewolf.PerfMon\Warewolf.PerfMon.csproj : warning NU1701: Package 'GroupControls 1.9.0' was restored using '.NETFramework,Version=v4.6.1, .NETFramework,Version=v4.6.2, .NETFramework,Version=v4.7, .NETFramework,Version=v4.7.1, .NETFramework,Version=v4.7.2, .NETFramework,Version=v4.8, .NETFramework,Version=v4.8.1' instead of the project target framework 'net8.0'. This package may not be fully compatible with your project. [C:\Users\ultra\warewolf\Dev\Dev2.Data.Tests\Dev2.Data.Tests.csproj]
C:\Users\ultra\warewolf\Dev\Warewolf.PerfMon\Warewolf.PerfMon.csproj : warning NU1701: Package 'ReactiveUI.WPF 18.4.1' was restored using '.NETFramework,Version=v4.6.1, .NETFramework,Version=v4.6.2, .NETFramework,Version=v4.7, .NETFramework,Version=v4.7.1, .NETFramework,Version=v4.7.2, .NETFramework,Version=v4.8, .NETFramework,Version=v4.8.1' instead of the project target framework 'net8.0'. This package may not be fully compatible with your project. [C:\Users\ultra\warewolf\Dev\Dev2.Data.Tests\Dev2.Data.Tests.csproj]
C:\Users\ultra\warewolf\Dev\Warewolf.PerfMon\Warewolf.PerfMon.csproj : warning NU1701: Package 'TaskSchedulerEditor 2.10.1' was restored using '.NETFramework,Version=v4.6.1, .NETFramework,Version=v4.6.2, .NETFramework,Version=v4.7, .NETFramework,Version=v4.7.1, .NETFramework,Version=v4.7.2, .NETFramework,Version=v4.8, .NETFramework,Version=v4.8.1' instead of the project target framework 'net8.0'. This package may not be fully compatible with your project. [C:\Users\ultra\warewolf\Dev\Dev2.Data.Tests\Dev2.Data.Tests.csproj]
C:\Users\ultra\warewolf\Dev\Warewolf.Studio.Models\Warewolf.Studio.Models.csproj : warning NU1701: Package 'AeroWizard 2.3.1' was restored using '.NETFramework,Version=v4.6.1, .NETFramework,Version=v4.6.2, .NETFramework,Version=v4.7, .NETFramework,Version=v4.7.1, .NETFramework,Version=v4.7.2, .NETFramework,Version=v4.8, .NETFramework,Version=v4.8.1' instead of the project target framework 'net8.0'. This package may not be fully compatible with your project. [C:\Users\ultra\warewolf\Dev\Dev2.Data.Tests\Dev2.Data.Tests.csproj]
C:\Users\ultra\warewolf\Dev\Warewolf.Studio.Models\Warewolf.Studio.Models.csproj : warning NU1701: Package 'GroupControls 1.9.0' was restored using '.NETFramework,Version=v4.6.1, .NETFramework,Version=v4.6.2, .NETFramework,Version=v4.7, .NETFramework,Version=v4.7.1, .NETFramework,Version=v4.7.2, .NETFramework,Version=v4.8, .NETFramework,Version=v4.8.1' instead of the project target framework 'net8.0'. This package may not be fully compatible with your project. [C:\Users\ultra\warewolf\Dev\Dev2.Data.Tests\Dev2.Data.Tests.csproj]
C:\Users\ultra\warewolf\Dev\Warewolf.Studio.Models\Warewolf.Studio.Models.csproj : warning NU1701: Package 'Microsoft.Xaml.Behaviors.Wpf 1.1.122' was restored using '.NETFramework,Version=v4.6.1, .NETFramework,Version=v4.6.2, .NETFramework,Version=v4.7, .NETFramework,Version=v4.7.1, .NETFramework,Version=v4.7.2, .NETFramework,Version=v4.8, .NETFramework,Version=v4.8.1' instead of the project target framework 'net8.0'. This package may not be fully compatible with your project. [C:\Users\ultra\warewolf\Dev\Dev2.Data.Tests\Dev2.Data.Tests.csproj]
C:\Users\ultra\warewolf\Dev\Warewolf.Studio.Models\Warewolf.Studio.Models.csproj : warning NU1701: Package 'Prism.Wpf 9.0.537' was restored using '.NETFramework,Version=v4.6.1, .NETFramework,Version=v4.6.2, .NETFramework,Version=v4.7, .NETFramework,Version=v4.7.1, .NETFramework,Version=v4.7.2, .NETFramework,Version=v4.8, .NETFramework,Version=v4.8.1' instead of the project target framework 'net8.0'. This package may not be fully compatible with your project. [C:\Users\ultra\warewolf\Dev\Dev2.Data.Tests\Dev2.Data.Tests.csproj]
C:\Users\ultra\warewolf\Dev\Warewolf.Studio.Models\Warewolf.Studio.Models.csproj : warning NU1701: Package 'ReactiveUI.WPF 18.4.1' was restored using '.NETFramework,Version=v4.6.1, .NETFramework,Version=v4.6.2, .NETFramework,Version=v4.7, .NETFramework,Version=v4.7.1, .NETFramework,Version=v4.7.2, .NETFramework,Version=v4.8, .NETFramework,Version=v4.8.1' instead of the project target framework 'net8.0'. This package may not be fully compatible with your project. [C:\Users\ultra\warewolf\Dev\Dev2.Data.Tests\Dev2.Data.Tests.csproj]
C:\Users\ultra\warewolf\Dev\Warewolf.Studio.Models\Warewolf.Studio.Models.csproj : warning NU1701: Package 'TaskSchedulerEditor 2.10.1' was restored using '.NETFramework,Version=v4.6.1, .NETFramework,Version=v4.6.2, .NETFramework,Version=v4.7, .NETFramework,Version=v4.7.1, .NETFramework,Version=v4.7.2, .NETFramework,Version=v4.8, .NETFramework,Version=v4.8.1' instead of the project target framework 'net8.0'. This package may not be fully compatible with your project. [C:\Users\ultra\warewolf\Dev\Dev2.Data.Tests\Dev2.Data.Tests.csproj]
C:\Users\ultra\warewolf\Dev\Warewolf.Trigger.Queue\Warewolf.Trigger.Queue.csproj : warning NU1701: Package 'AeroWizard 2.3.1' was restored using '.NETFramework,Version=v4.6.1, .NETFramework,Version=v4.6.2, .NETFramework,Version=v4.7, .NETFramework,Version=v4.7.1, .NETFramework,Version=v4.7.2, .NETFramework,Version=v4.8, .NETFramework,Version=v4.8.1' instead of the project target framework 'net8.0'. This package may not be fully compatible with your project. [C:\Users\ultra\warewolf\Dev\Dev2.Data.Tests\Dev2.Data.Tests.csproj]
C:\Users\ultra\warewolf\Dev\Warewolf.Trigger.Queue\Warewolf.Trigger.Queue.csproj : warning NU1701: Package 'GroupControls 1.9.0' was restored using '.NETFramework,Version=v4.6.1, .NETFramework,Version=v4.6.2, .NETFramework,Version=v4.7, .NETFramework,Version=v4.7.1, .NETFramework,Version=v4.7.2, .NETFramework,Version=v4.8, .NETFramework,Version=v4.8.1' instead of the project target framework 'net8.0'. This package may not be fully compatible with your project. [C:\Users\ultra\warewolf\Dev\Dev2.Data.Tests\Dev2.Data.Tests.csproj]
C:\Users\ultra\warewolf\Dev\Warewolf.Trigger.Queue\Warewolf.Trigger.Queue.csproj : warning NU1701: Package 'Microsoft.Xaml.Behaviors.Wpf 1.1.122' was restored using '.NETFramework,Version=v4.6.1, .NETFramework,Version=v4.6.2, .NETFramework,Version=v4.7, .NETFramework,Version=v4.7.1, .NETFramework,Version=v4.7.2, .NETFramework,Version=v4.8, .NETFramework,Version=v4.8.1' instead of the project target framework 'net8.0'. This package may not be fully compatible with your project. [C:\Users\ultra\warewolf\Dev\Dev2.Data.Tests\Dev2.Data.Tests.csproj]
C:\Users\ultra\warewolf\Dev\Warewolf.Trigger.Queue\Warewolf.Trigger.Queue.csproj : warning NU1701: Package 'Prism.Wpf 9.0.537' was restored using '.NETFramework,Version=v4.6.1, .NETFramework,Version=v4.6.2, .NETFramework,Version=v4.7, .NETFramework,Version=v4.7.1, .NETFramework,Version=v4.7.2, .NETFramework,Version=v4.8, .NETFramework,Version=v4.8.1' instead of the project target framework 'net8.0'. This package may not be fully compatible with your project. [C:\Users\ultra\warewolf\Dev\Dev2.Data.Tests\Dev2.Data.Tests.csproj]
C:\Users\ultra\warewolf\Dev\Warewolf.Trigger.Queue\Warewolf.Trigger.Queue.csproj : warning NU1701: Package 'ReactiveUI.WPF 18.4.1' was restored using '.NETFramework,Version=v4.6.1, .NETFramework,Version=v4.6.2, .NETFramework,Version=v4.7, .NETFramework,Version=v4.7.1, .NETFramework,Version=v4.7.2, .NETFramework,Version=v4.8, .NETFramework,Version=v4.8.1' instead of the project target framework 'net8.0'. This package may not be fully compatible with your project. [C:\Users\ultra\warewolf\Dev\Dev2.Data.Tests\Dev2.Data.Tests.csproj]
C:\Users\ultra\warewolf\Dev\Warewolf.Trigger.Queue\Warewolf.Trigger.Queue.csproj : warning NU1701: Package 'TaskSchedulerEditor 2.10.1' was restored using '.NETFramework,Version=v4.6.1, .NETFramework,Version=v4.6.2, .NETFramework,Version=v4.7, .NETFramework,Version=v4.7.1, .NETFramework,Version=v4.7.2, .NETFramework,Version=v4.8, .NETFramework,Version=v4.8.1' instead of the project target framework 'net8.0'. This package may not be fully compatible with your project. [C:\Users\ultra\warewolf\Dev\Dev2.Data.Tests\Dev2.Data.Tests.csproj]
C:\Users\ultra\warewolf\Dev\Dev2.Intellisense\Dev2.Intellisense.csproj : warning NU1701: Package 'AeroWizard 2.3.1' was restored using '.NETFramework,Version=v4.6.1, .NETFramework,Version=v4.6.2, .NETFramework,Version=v4.7, .NETFramework,Version=v4.7.1, .NETFramework,Version=v4.7.2, .NETFramework,Version=v4.8, .NETFramework,Version=v4.8.1' instead of the project target framework 'net8.0'. This package may not be fully compatible with your project. [C:\Users\ultra\warewolf\Dev\Dev2.Data.Tests\Dev2.Data.Tests.csproj]
C:\Users\ultra\warewolf\Dev\Dev2.Intellisense\Dev2.Intellisense.csproj : warning NU1701: Package 'GroupControls 1.9.0' was restored using '.NETFramework,Version=v4.6.1, .NETFramework,Version=v4.6.2, .NETFramework,Version=v4.7, .NETFramework,Version=v4.7.1, .NETFramework,Version=v4.7.2, .NETFramework,Version=v4.8, .NETFramework,Version=v4.8.1' instead of the project target framework 'net8.0'. This package may not be fully compatible with your project. [C:\Users\ultra\warewolf\Dev\Dev2.Data.Tests\Dev2.Data.Tests.csproj]
C:\Users\ultra\warewolf\Dev\Dev2.Intellisense\Dev2.Intellisense.csproj : warning NU1701: Package 'Microsoft.Xaml.Behaviors.Wpf 1.1.122' was restored using '.NETFramework,Version=v4.6.1, .NETFramework,Version=v4.6.2, .NETFramework,Version=v4.7, .NETFramework,Version=v4.7.1, .NETFramework,Version=v4.7.2, .NETFramework,Version=v4.8, .NETFramework,Version=v4.8.1' instead of the project target framework 'net8.0'. This package may not be fully compatible with your project. [C:\Users\ultra\warewolf\Dev\Dev2.Data.Tests\Dev2.Data.Tests.csproj]
C:\Users\ultra\warewolf\Dev\Dev2.Intellisense\Dev2.Intellisense.csproj : warning NU1701: Package 'Prism.Wpf 9.0.537' was restored using '.NETFramework,Version=v4.6.1, .NETFramework,Version=v4.6.2, .NETFramework,Version=v4.7, .NETFramework,Version=v4.7.1, .NETFramework,Version=v4.7.2, .NETFramework,Version=v4.8, .NETFramework,Version=v4.8.1' instead of the project target framework 'net8.0'. This package may not be fully compatible with your project. [C:\Users\ultra\warewolf\Dev\Dev2.Data.Tests\Dev2.Data.Tests.csproj]
C:\Users\ultra\warewolf\Dev\Dev2.Intellisense\Dev2.Intellisense.csproj : warning NU1701: Package 'ReactiveUI.WPF 18.4.1' was restored using '.NETFramework,Version=v4.6.1, .NETFramework,Version=v4.6.2, .NETFramework,Version=v4.7, .NETFramework,Version=v4.7.1, .NETFramework,Version=v4.7.2, .NETFramework,Version=v4.8, .NETFramework,Version=v4.8.1' instead of the project target framework 'net8.0'. This package may not be fully compatible with your project. [C:\Users\ultra\warewolf\Dev\Dev2.Data.Tests\Dev2.Data.Tests.csproj]
C:\Users\ultra\warewolf\Dev\Dev2.Intellisense\Dev2.Intellisense.csproj : warning NU1701: Package 'TaskSchedulerEditor 2.10.1' was restored using '.NETFramework,Version=v4.6.1, .NETFramework,Version=v4.6.2, .NETFramework,Version=v4.7, .NETFramework,Version=v4.7.1, .NETFramework,Version=v4.7.2, .NETFramework,Version=v4.8, .NETFramework,Version=v4.8.1' instead of the project target framework 'net8.0'. This package may not be fully compatible with your project. [C:\Users\ultra\warewolf\Dev\Dev2.Data.Tests\Dev2.Data.Tests.csproj]
  Restored C:\Users\ultra\warewolf\Dev\Dev2.Runtime.Configuration.Tests\Dev2.Runtime.Configuration.Tests.csproj (in 194 ms).
C:\Users\ultra\warewolf\Dev\Dev2.Activities.Designers\Dev2.Activities.Designers.csproj : warning NU1701: Package 'AeroWizard 2.3.1' was restored using '.NETFramework,Version=v4.6.1, .NETFramework,Version=v4.6.2, .NETFramework,Version=v4.7, .NETFramework,Version=v4.7.1, .NETFramework,Version=v4.7.2, .NETFramework,Version=v4.8, .NETFramework,Version=v4.8.1' instead of the project target framework 'net8.0'. This package may not be fully compatible with your project. [C:\Users\ultra\warewolf\Dev\Dev2.Data.Tests\Dev2.Data.Tests.csproj]
C:\Users\ultra\warewolf\Dev\Dev2.Activities.Designers\Dev2.Activities.Designers.csproj : warning NU1701: Package 'GroupControls 1.9.0' was restored using '.NETFramework,Version=v4.6.1, .NETFramework,Version=v4.6.2, .NETFramework,Version=v4.7, .NETFramework,Version=v4.7.1, .NETFramework,Version=v4.7.2, .NETFramework,Version=v4.8, .NETFramework,Version=v4.8.1' instead of the project target framework 'net8.0'. This package may not be fully compatible with your project. [C:\Users\ultra\warewolf\Dev\Dev2.Data.Tests\Dev2.Data.Tests.csproj]
C:\Users\ultra\warewolf\Dev\Dev2.Activities.Designers\Dev2.Activities.Designers.csproj : warning NU1701: Package 'Microsoft.Xaml.Behaviors.Wpf 1.1.122' was restored using '.NETFramework,Version=v4.6.1, .NETFramework,Version=v4.6.2, .NETFramework,Version=v4.7, .NETFramework,Version=v4.7.1, .NETFramework,Version=v4.7.2, .NETFramework,Version=v4.8, .NETFramework,Version=v4.8.1' instead of the project target framework 'net8.0'. This package may not be fully compatible with your project. [C:\Users\ultra\warewolf\Dev\Dev2.Data.Tests\Dev2.Data.Tests.csproj]
C:\Users\ultra\warewolf\Dev\Dev2.Activities.Designers\Dev2.Activities.Designers.csproj : warning NU1701: Package 'Prism.Wpf 9.0.537' was restored using '.NETFramework,Version=v4.6.1, .NETFramework,Version=v4.6.2, .NETFramework,Version=v4.7, .NETFramework,Version=v4.7.1, .NETFramework,Version=v4.7.2, .NETFramework,Version=v4.8, .NETFramework,Version=v4.8.1' instead of the project target framework 'net8.0'. This package may not be fully compatible with your project. [C:\Users\ultra\warewolf\Dev\Dev2.Data.Tests\Dev2.Data.Tests.csproj]
C:\Users\ultra\warewolf\Dev\Dev2.Activities.Designers\Dev2.Activities.Designers.csproj : warning NU1701: Package 'ReactiveUI.WPF 18.4.1' was restored using '.NETFramework,Version=v4.6.1, .NETFramework,Version=v4.6.2, .NETFramework,Version=v4.7, .NETFramework,Version=v4.7.1, .NETFramework,Version=v4.7.2, .NETFramework,Version=v4.8, .NETFramework,Version=v4.8.1' instead of the project target framework 'net8.0'. This package may not be fully compatible with your project. [C:\Users\ultra\warewolf\Dev\Dev2.Data.Tests\Dev2.Data.Tests.csproj]
C:\Users\ultra\warewolf\Dev\Dev2.Activities.Designers\Dev2.Activities.Designers.csproj : warning NU1701: Package 'TaskSchedulerEditor 2.10.1' was restored using '.NETFramework,Version=v4.6.1, .NETFramework,Version=v4.6.2, .NETFramework,Version=v4.7, .NETFramework,Version=v4.7.1, .NETFramework,Version=v4.7.2, .NETFramework,Version=v4.8, .NETFramework,Version=v4.8.1' instead of the project target framework 'net8.0'. This package may not be fully compatible with your project. [C:\Users\ultra\warewolf\Dev\Dev2.Data.Tests\Dev2.Data.Tests.csproj]
C:\Users\ultra\warewolf\Dev\Dev2.Studio.Interfaces\Dev2.Studio.Interfaces.csproj : warning NU1701: Package 'AeroWizard 2.3.1' was restored using '.NETFramework,Version=v4.6.1, .NETFramework,Version=v4.6.2, .NETFramework,Version=v4.7, .NETFramework,Version=v4.7.1, .NETFramework,Version=v4.7.2, .NETFramework,Version=v4.8, .NETFramework,Version=v4.8.1' instead of the project target framework 'net8.0'. This package may not be fully compatible with your project. [C:\Users\ultra\warewolf\Dev\Dev2.Data.Tests\Dev2.Data.Tests.csproj]
C:\Users\ultra\warewolf\Dev\Dev2.Studio.Interfaces\Dev2.Studio.Interfaces.csproj : warning NU1701: Package 'GroupControls 1.9.0' was restored using '.NETFramework,Version=v4.6.1, .NETFramework,Version=v4.6.2, .NETFramework,Version=v4.7, .NETFramework,Version=v4.7.1, .NETFramework,Version=v4.7.2, .NETFramework,Version=v4.8, .NETFramework,Version=v4.8.1' instead of the project target framework 'net8.0'. This package may not be fully compatible with your project. [C:\Users\ultra\warewolf\Dev\Dev2.Data.Tests\Dev2.Data.Tests.csproj]
C:\Users\ultra\warewolf\Dev\Dev2.Studio.Interfaces\Dev2.Studio.Interfaces.csproj : warning NU1701: Package 'Microsoft.Xaml.Behaviors.Wpf 1.1.122' was restored using '.NETFramework,Version=v4.6.1, .NETFramework,Version=v4.6.2, .NETFramework,Version=v4.7, .NETFramework,Version=v4.7.1, .NETFramework,Version=v4.7.2, .NETFramework,Version=v4.8, .NETFramework,Version=v4.8.1' instead of the project target framework 'net8.0'. This package may not be fully compatible with your project. [C:\Users\ultra\warewolf\Dev\Dev2.Data.Tests\Dev2.Data.Tests.csproj]
C:\Users\ultra\warewolf\Dev\Dev2.Studio.Interfaces\Dev2.Studio.Interfaces.csproj : warning NU1701: Package 'Prism.Wpf 9.0.537' was restored using '.NETFramework,Version=v4.6.1, .NETFramework,Version=v4.6.2, .NETFramework,Version=v4.7, .NETFramework,Version=v4.7.1, .NETFramework,Version=v4.7.2, .NETFramework,Version=v4.8, .NETFramework,Version=v4.8.1' instead of the project target framework 'net8.0'. This package may not be fully compatible with your project. [C:\Users\ultra\warewolf\Dev\Dev2.Data.Tests\Dev2.Data.Tests.csproj]
C:\Users\ultra\warewolf\Dev\Dev2.Studio.Interfaces\Dev2.Studio.Interfaces.csproj : warning NU1701: Package 'ReactiveUI.WPF 18.4.1' was restored using '.NETFramework,Version=v4.6.1, .NETFramework,Version=v4.6.2, .NETFramework,Version=v4.7, .NETFramework,Version=v4.7.1, .NETFramework,Version=v4.7.2, .NETFramework,Version=v4.8, .NETFramework,Version=v4.8.1' instead of the project target framework 'net8.0'. This package may not be fully compatible with your project. [C:\Users\ultra\warewolf\Dev\Dev2.Data.Tests\Dev2.Data.Tests.csproj]
C:\Users\ultra\warewolf\Dev\Dev2.Studio.Interfaces\Dev2.Studio.Interfaces.csproj : warning NU1701: Package 'TaskSchedulerEditor 2.10.1' was restored using '.NETFramework,Version=v4.6.1, .NETFramework,Version=v4.6.2, .NETFramework,Version=v4.7, .NETFramework,Version=v4.7.1, .NETFramework,Version=v4.7.2, .NETFramework,Version=v4.8, .NETFramework,Version=v4.8.1' instead of the project target framework 'net8.0'. This package may not be fully compatible with your project. [C:\Users\ultra\warewolf\Dev\Dev2.Data.Tests\Dev2.Data.Tests.csproj]
C:\Users\ultra\warewolf\Dev\Dev2.Studio.Core\Dev2.Studio.Core.csproj : warning NU1701: Package 'AeroWizard 2.3.1' was restored using '.NETFramework,Version=v4.6.1, .NETFramework,Version=v4.6.2, .NETFramework,Version=v4.7, .NETFramework,Version=v4.7.1, .NETFramework,Version=v4.7.2, .NETFramework,Version=v4.8, .NETFramework,Version=v4.8.1' instead of the project target framework 'net8.0'. This package may not be fully compatible with your project. [C:\Users\ultra\warewolf\Dev\Dev2.Data.Tests\Dev2.Data.Tests.csproj]
C:\Users\ultra\warewolf\Dev\Dev2.Studio.Core\Dev2.Studio.Core.csproj : warning NU1701: Package 'GroupControls 1.9.0' was restored using '.NETFramework,Version=v4.6.1, .NETFramework,Version=v4.6.2, .NETFramework,Version=v4.7, .NETFramework,Version=v4.7.1, .NETFramework,Version=v4.7.2, .NETFramework,Version=v4.8, .NETFramework,Version=v4.8.1' instead of the project target framework 'net8.0'. This package may not be fully compatible with your project. [C:\Users\ultra\warewolf\Dev\Dev2.Data.Tests\Dev2.Data.Tests.csproj]
C:\Users\ultra\warewolf\Dev\Dev2.Studio.Core\Dev2.Studio.Core.csproj : warning NU1701: Package 'Microsoft.Xaml.Behaviors.Wpf 1.1.122' was restored using '.NETFramework,Version=v4.6.1, .NETFramework,Version=v4.6.2, .NETFramework,Version=v4.7, .NETFramework,Version=v4.7.1, .NETFramework,Version=v4.7.2, .NETFramework,Version=v4.8, .NETFramework,Version=v4.8.1' instead of the project target framework 'net8.0'. This package may not be fully compatible with your project. [C:\Users\ultra\warewolf\Dev\Dev2.Data.Tests\Dev2.Data.Tests.csproj]
C:\Users\ultra\warewolf\Dev\Dev2.Studio.Core\Dev2.Studio.Core.csproj : warning NU1701: Package 'Prism.Wpf 9.0.537' was restored using '.NETFramework,Version=v4.6.1, .NETFramework,Version=v4.6.2, .NETFramework,Version=v4.7, .NETFramework,Version=v4.7.1, .NETFramework,Version=v4.7.2, .NETFramework,Version=v4.8, .NETFramework,Version=v4.8.1' instead of the project target framework 'net8.0'. This package may not be fully compatible with your project. [C:\Users\ultra\warewolf\Dev\Dev2.Data.Tests\Dev2.Data.Tests.csproj]
C:\Users\ultra\warewolf\Dev\Dev2.Studio.Core\Dev2.Studio.Core.csproj : warning NU1701: Package 'ReactiveUI.WPF 18.4.1' was restored using '.NETFramework,Version=v4.6.1, .NETFramework,Version=v4.6.2, .NETFramework,Version=v4.7, .NETFramework,Version=v4.7.1, .NETFramework,Version=v4.7.2, .NETFramework,Version=v4.8, .NETFramework,Version=v4.8.1' instead of the project target framework 'net8.0'. This package may not be fully compatible with your project. [C:\Users\ultra\warewolf\Dev\Dev2.Data.Tests\Dev2.Data.Tests.csproj]
C:\Users\ultra\warewolf\Dev\Dev2.Studio.Core\Dev2.Studio.Core.csproj : warning NU1701: Package 'TaskSchedulerEditor 2.10.1' was restored using '.NETFramework,Version=v4.6.1, .NETFramework,Version=v4.6.2, .NETFramework,Version=v4.7, .NETFramework,Version=v4.7.1, .NETFramework,Version=v4.7.2, .NETFramework,Version=v4.8, .NETFramework,Version=v4.8.1' instead of the project target framework 'net8.0'. This package may not be fully compatible with your project. [C:\Users\ultra\warewolf\Dev\Dev2.Data.Tests\Dev2.Data.Tests.csproj]
C:\Users\ultra\warewolf\Dev\Warewolf.Studio.AntiCorruptionLayer\Warewolf.Studio.AntiCorruptionLayer.csproj : warning NU1701: Package 'AeroWizard 2.3.1' was restored using '.NETFramework,Version=v4.6.1, .NETFramework,Version=v4.6.2, .NETFramework,Version=v4.7, .NETFramework,Version=v4.7.1, .NETFramework,Version=v4.7.2, .NETFramework,Version=v4.8, .NETFramework,Version=v4.8.1' instead of the project target framework 'net8.0'. This package may not be fully compatible with your project. [C:\Users\ultra\warewolf\Dev\Dev2.Data.Tests\Dev2.Data.Tests.csproj]
C:\Users\ultra\warewolf\Dev\Warewolf.Studio.AntiCorruptionLayer\Warewolf.Studio.AntiCorruptionLayer.csproj : warning NU1701: Package 'GroupControls 1.9.0' was restored using '.NETFramework,Version=v4.6.1, .NETFramework,Version=v4.6.2, .NETFramework,Version=v4.7, .NETFramework,Version=v4.7.1, .NETFramework,Version=v4.7.2, .NETFramework,Version=v4.8, .NETFramework,Version=v4.8.1' instead of the project target framework 'net8.0'. This package may not be fully compatible with your project. [C:\Users\ultra\warewolf\Dev\Dev2.Data.Tests\Dev2.Data.Tests.csproj]
C:\Users\ultra\warewolf\Dev\Warewolf.Studio.AntiCorruptionLayer\Warewolf.Studio.AntiCorruptionLayer.csproj : warning NU1701: Package 'Microsoft.Xaml.Behaviors.Wpf 1.1.122' was restored using '.NETFramework,Version=v4.6.1, .NETFramework,Version=v4.6.2, .NETFramework,Version=v4.7, .NETFramework,Version=v4.7.1, .NETFramework,Version=v4.7.2, .NETFramework,Version=v4.8, .NETFramework,Version=v4.8.1' instead of the project target framework 'net8.0'. This package may not be fully compatible with your project. [C:\Users\ultra\warewolf\Dev\Dev2.Data.Tests\Dev2.Data.Tests.csproj]
C:\Users\ultra\warewolf\Dev\Warewolf.Studio.AntiCorruptionLayer\Warewolf.Studio.AntiCorruptionLayer.csproj : warning NU1701: Package 'Prism.Wpf 9.0.537' was restored using '.NETFramework,Version=v4.6.1, .NETFramework,Version=v4.6.2, .NETFramework,Version=v4.7, .NETFramework,Version=v4.7.1, .NETFramework,Version=v4.7.2, .NETFramework,Version=v4.8, .NETFramework,Version=v4.8.1' instead of the project target framework 'net8.0'. This package may not be fully compatible with your project. [C:\Users\ultra\warewolf\Dev\Dev2.Data.Tests\Dev2.Data.Tests.csproj]
C:\Users\ultra\warewolf\Dev\Warewolf.Studio.AntiCorruptionLayer\Warewolf.Studio.AntiCorruptionLayer.csproj : warning NU1701: Package 'ReactiveUI.WPF 18.4.1' was restored using '.NETFramework,Version=v4.6.1, .NETFramework,Version=v4.6.2, .NETFramework,Version=v4.7, .NETFramework,Version=v4.7.1, .NETFramework,Version=v4.7.2, .NETFramework,Version=v4.8, .NETFramework,Version=v4.8.1' instead of the project target framework 'net8.0'. This package may not be fully compatible with your project. [C:\Users\ultra\warewolf\Dev\Dev2.Data.Tests\Dev2.Data.Tests.csproj]
C:\Users\ultra\warewolf\Dev\Warewolf.UI\Warewolf.UI.csproj : warning NU1701: Package 'AeroWizard 2.3.1' was restored using '.NETFramework,Version=v4.6.1, .NETFramework,Version=v4.6.2, .NETFramework,Version=v4.7, .NETFramework,Version=v4.7.1, .NETFramework,Version=v4.7.2, .NETFramework,Version=v4.8, .NETFramework,Version=v4.8.1' instead of the project target framework 'net8.0'. This package may not be fully compatible with your project. [C:\Users\ultra\warewolf\Dev\Dev2.Data.Tests\Dev2.Data.Tests.csproj]
C:\Users\ultra\warewolf\Dev\Warewolf.UI\Warewolf.UI.csproj : warning NU1701: Package 'GroupControls 1.9.0' was restored using '.NETFramework,Version=v4.6.1, .NETFramework,Version=v4.6.2, .NETFramework,Version=v4.7, .NETFramework,Version=v4.7.1, .NETFramework,Version=v4.7.2, .NETFramework,Version=v4.8, .NETFramework,Version=v4.8.1' instead of the project target framework 'net8.0'. This package may not be fully compatible with your project. [C:\Users\ultra\warewolf\Dev\Dev2.Data.Tests\Dev2.Data.Tests.csproj]
C:\Users\ultra\warewolf\Dev\Warewolf.UI\Warewolf.UI.csproj : warning NU1701: Package 'Microsoft.Xaml.Behaviors.Wpf 1.1.122' was restored using '.NETFramework,Version=v4.6.1, .NETFramework,Version=v4.6.2, .NETFramework,Version=v4.7, .NETFramework,Version=v4.7.1, .NETFramework,Version=v4.7.2, .NETFramework,Version=v4.8, .NETFramework,Version=v4.8.1' instead of the project target framework 'net8.0'. This package may not be fully compatible with your project. [C:\Users\ultra\warewolf\Dev\Dev2.Data.Tests\Dev2.Data.Tests.csproj]
C:\Users\ultra\warewolf\Dev\Warewolf.Studio.AntiCorruptionLayer\Warewolf.Studio.AntiCorruptionLayer.csproj : warning NU1701: Package 'TaskSchedulerEditor 2.10.1' was restored using '.NETFramework,Version=v4.6.1, .NETFramework,Version=v4.6.2, .NETFramework,Version=v4.7, .NETFramework,Version=v4.7.1, .NETFramework,Version=v4.7.2, .NETFramework,Version=v4.8, .NETFramework,Version=v4.8.1' instead of the project target framework 'net8.0'. This package may not be fully compatible with your project. [C:\Users\ultra\warewolf\Dev\Dev2.Data.Tests\Dev2.Data.Tests.csproj]
C:\Users\ultra\warewolf\Dev\Warewolf.UI\Warewolf.UI.csproj : warning NU1701: Package 'Prism.Wpf 9.0.537' was restored using '.NETFramework,Version=v4.6.1, .NETFramework,Version=v4.6.2, .NETFramework,Version=v4.7, .NETFramework,Version=v4.7.1, .NETFramework,Version=v4.7.2, .NETFramework,Version=v4.8, .NETFramework,Version=v4.8.1' instead of the project target framework 'net8.0'. This package may not be fully compatible with your project. [C:\Users\ultra\warewolf\Dev\Dev2.Data.Tests\Dev2.Data.Tests.csproj]
C:\Users\ultra\warewolf\Dev\Warewolf.UI\Warewolf.UI.csproj : warning NU1701: Package 'ReactiveUI.WPF 18.4.1' was restored using '.NETFramework,Version=v4.6.1, .NETFramework,Version=v4.6.2, .NETFramework,Version=v4.7, .NETFramework,Version=v4.7.1, .NETFramework,Version=v4.7.2, .NETFramework,Version=v4.8, .NETFramework,Version=v4.8.1' instead of the project target framework 'net8.0'. This package may not be fully compatible with your project. [C:\Users\ultra\warewolf\Dev\Dev2.Data.Tests\Dev2.Data.Tests.csproj]
C:\Users\ultra\warewolf\Dev\Warewolf.UI\Warewolf.UI.csproj : warning NU1701: Package 'TaskSchedulerEditor 2.10.1' was restored using '.NETFramework,Version=v4.6.1, .NETFramework,Version=v4.6.2, .NETFramework,Version=v4.7, .NETFramework,Version=v4.7.1, .NETFramework,Version=v4.7.2, .NETFramework,Version=v4.8, .NETFramework,Version=v4.8.1' instead of the project target framework 'net8.0'. This package may not be fully compatible with your project. [C:\Users\ultra\warewolf\Dev\Dev2.Data.Tests\Dev2.Data.Tests.csproj]
C:\Users\ultra\warewolf\Dev\Warewolf.Studio.CustomControls\Warewolf.Studio.CustomControls.csproj : warning NU1701: Package 'AeroWizard 2.3.1' was restored using '.NETFramework,Version=v4.6.1, .NETFramework,Version=v4.6.2, .NETFramework,Version=v4.7, .NETFramework,Version=v4.7.1, .NETFramework,Version=v4.7.2, .NETFramework,Version=v4.8, .NETFramework,Version=v4.8.1' instead of the project target framework 'net8.0'. This package may not be fully compatible with your project. [C:\Users\ultra\warewolf\Dev\Dev2.Data.Tests\Dev2.Data.Tests.csproj]
C:\Users\ultra\warewolf\Dev\Warewolf.Studio.CustomControls\Warewolf.Studio.CustomControls.csproj : warning NU1701: Package 'GroupControls 1.9.0' was restored using '.NETFramework,Version=v4.6.1, .NETFramework,Version=v4.6.2, .NETFramework,Version=v4.7, .NETFramework,Version=v4.7.1, .NETFramework,Version=v4.7.2, .NETFramework,Version=v4.8, .NETFramework,Version=v4.8.1' instead of the project target framework 'net8.0'. This package may not be fully compatible with your project. [C:\Users\ultra\warewolf\Dev\Dev2.Data.Tests\Dev2.Data.Tests.csproj]
C:\Users\ultra\warewolf\Dev\Warewolf.Studio.CustomControls\Warewolf.Studio.CustomControls.csproj : warning NU1701: Package 'Microsoft.Xaml.Behaviors.Wpf 1.1.122' was restored using '.NETFramework,Version=v4.6.1, .NETFramework,Version=v4.6.2, .NETFramework,Version=v4.7, .NETFramework,Version=v4.7.1, .NETFramework,Version=v4.7.2, .NETFramework,Version=v4.8, .NETFramework,Version=v4.8.1' instead of the project target framework 'net8.0'. This package may not be fully compatible with your project. [C:\Users\ultra\warewolf\Dev\Dev2.Data.Tests\Dev2.Data.Tests.csproj]
C:\Users\ultra\warewolf\Dev\Warewolf.Studio.CustomControls\Warewolf.Studio.CustomControls.csproj : warning NU1701: Package 'Prism.Wpf 9.0.537' was restored using '.NETFramework,Version=v4.6.1, .NETFramework,Version=v4.6.2, .NETFramework,Version=v4.7, .NETFramework,Version=v4.7.1, .NETFramework,Version=v4.7.2, .NETFramework,Version=v4.8, .NETFramework,Version=v4.8.1' instead of the project target framework 'net8.0'. This package may not be fully compatible with your project. [C:\Users\ultra\warewolf\Dev\Dev2.Data.Tests\Dev2.Data.Tests.csproj]
C:\Users\ultra\warewolf\Dev\Warewolf.Studio.CustomControls\Warewolf.Studio.CustomControls.csproj : warning NU1701: Package 'ReactiveUI.WPF 18.4.1' was restored using '.NETFramework,Version=v4.6.1, .NETFramework,Version=v4.6.2, .NETFramework,Version=v4.7, .NETFramework,Version=v4.7.1, .NETFramework,Version=v4.7.2, .NETFramework,Version=v4.8, .NETFramework,Version=v4.8.1' instead of the project target framework 'net8.0'. This package may not be fully compatible with your project. [C:\Users\ultra\warewolf\Dev\Dev2.Data.Tests\Dev2.Data.Tests.csproj]
C:\Users\ultra\warewolf\Dev\Warewolf.Studio.CustomControls\Warewolf.Studio.CustomControls.csproj : warning NU1701: Package 'TaskSchedulerEditor 2.10.1' was restored using '.NETFramework,Version=v4.6.1, .NETFramework,Version=v4.6.2, .NETFramework,Version=v4.7, .NETFramework,Version=v4.7.1, .NETFramework,Version=v4.7.2, .NETFramework,Version=v4.8, .NETFramework,Version=v4.8.1' instead of the project target framework 'net8.0'. This package may not be fully compatible with your project. [C:\Users\ultra\warewolf\Dev\Dev2.Data.Tests\Dev2.Data.Tests.csproj]
  Restored C:\Users\ultra\warewolf\Dev\Warewolf.PerfMon\Warewolf.PerfMon.csproj (in 157 ms).
C:\Users\ultra\warewolf\Dev\Dev2.SignalR.Wrappers.New\Dev2.SignalR.Wrappers.New.csproj : warning NU1701: Package 'AeroWizard 2.3.1' was restored using '.NETFramework,Version=v4.6.1, .NETFramework,Version=v4.6.2, .NETFramework,Version=v4.7, .NETFramework,Version=v4.7.1, .NETFramework,Version=v4.7.2, .NETFramework,Version=v4.8, .NETFramework,Version=v4.8.1' instead of the project target framework 'net8.0'. This package may not be fully compatible with your project. [C:\Users\ultra\warewolf\Dev\Dev2.Data.Tests\Dev2.Data.Tests.csproj]
C:\Users\ultra\warewolf\Dev\Dev2.SignalR.Wrappers.New\Dev2.SignalR.Wrappers.New.csproj : warning NU1701: Package 'GroupControls 1.9.0' was restored using '.NETFramework,Version=v4.6.1, .NETFramework,Version=v4.6.2, .NETFramework,Version=v4.7, .NETFramework,Version=v4.7.1, .NETFramework,Version=v4.7.2, .NETFramework,Version=v4.8, .NETFramework,Version=v4.8.1' instead of the project target framework 'net8.0'. This package may not be fully compatible with your project. [C:\Users\ultra\warewolf\Dev\Dev2.Data.Tests\Dev2.Data.Tests.csproj]
C:\Users\ultra\warewolf\Dev\Dev2.SignalR.Wrappers.New\Dev2.SignalR.Wrappers.New.csproj : warning NU1701: Package 'ReactiveUI.WPF 18.4.1' was restored using '.NETFramework,Version=v4.6.1, .NETFramework,Version=v4.6.2, .NETFramework,Version=v4.7, .NETFramework,Version=v4.7.1, .NETFramework,Version=v4.7.2, .NETFramework,Version=v4.8, .NETFramework,Version=v4.8.1' instead of the project target framework 'net8.0'. This package may not be fully compatible with your project. [C:\Users\ultra\warewolf\Dev\Dev2.Data.Tests\Dev2.Data.Tests.csproj]
C:\Users\ultra\warewolf\Dev\Dev2.SignalR.Wrappers.New\Dev2.SignalR.Wrappers.New.csproj : warning NU1701: Package 'TaskSchedulerEditor 2.10.1' was restored using '.NETFramework,Version=v4.6.1, .NETFramework,Version=v4.6.2, .NETFramework,Version=v4.7, .NETFramework,Version=v4.7.1, .NETFramework,Version=v4.7.2, .NETFramework,Version=v4.8, .NETFramework,Version=v4.8.1' instead of the project target framework 'net8.0'. This package may not be fully compatible with your project. [C:\Users\ultra\warewolf\Dev\Dev2.Data.Tests\Dev2.Data.Tests.csproj]
C:\Users\ultra\warewolf\Dev\Dev2.Studio\Dev2.Studio.csproj : warning NU1701: Package 'AeroWizard 2.3.1' was restored using '.NETFramework,Version=v4.6.1, .NETFramework,Version=v4.6.2, .NETFramework,Version=v4.7, .NETFramework,Version=v4.7.1, .NETFramework,Version=v4.7.2, .NETFramework,Version=v4.8, .NETFramework,Version=v4.8.1' instead of the project target framework 'net8.0'. This package may not be fully compatible with your project. [C:\Users\ultra\warewolf\Dev\Dev2.Data.Tests\Dev2.Data.Tests.csproj]
C:\Users\ultra\warewolf\Dev\Dev2.Studio\Dev2.Studio.csproj : warning NU1701: Package 'AvalonEdit 6.3.0.90' was restored using '.NETFramework,Version=v4.6.1, .NETFramework,Version=v4.6.2, .NETFramework,Version=v4.7, .NETFramework,Version=v4.7.1, .NETFramework,Version=v4.7.2, .NETFramework,Version=v4.8, .NETFramework,Version=v4.8.1' instead of the project target framework 'net8.0'. This package may not be fully compatible with your project. [C:\Users\ultra\warewolf\Dev\Dev2.Data.Tests\Dev2.Data.Tests.csproj]
C:\Users\ultra\warewolf\Dev\Dev2.Studio\Dev2.Studio.csproj : warning NU1701: Package 'CommonServiceLocator 1.2.0' was restored using '.NETFramework,Version=v4.6.1, .NETFramework,Version=v4.6.2, .NETFramework,Version=v4.7, .NETFramework,Version=v4.7.1, .NETFramework,Version=v4.7.2, .NETFramework,Version=v4.8, .NETFramework,Version=v4.8.1' instead of the project target framework 'net8.0'. This package may not be fully compatible with your project. [C:\Users\ultra\warewolf\Dev\Dev2.Data.Tests\Dev2.Data.Tests.csproj]
C:\Users\ultra\warewolf\Dev\Dev2.Studio\Dev2.Studio.csproj : warning NU1701: Package 'FontAwesome.WPF 4.7.0.9' was restored using '.NETFramework,Version=v4.6.1, .NETFramework,Version=v4.6.2, .NETFramework,Version=v4.7, .NETFramework,Version=v4.7.1, .NETFramework,Version=v4.7.2, .NETFramework,Version=v4.8, .NETFramework,Version=v4.8.1' instead of the project target framework 'net8.0'. This package may not be fully compatible with your project. [C:\Users\ultra\warewolf\Dev\Dev2.Data.Tests\Dev2.Data.Tests.csproj]
C:\Users\ultra\warewolf\Dev\Dev2.Studio\Dev2.Studio.csproj : warning NU1701: Package 'GroupControls 1.9.0' was restored using '.NETFramework,Version=v4.6.1, .NETFramework,Version=v4.6.2, .NETFramework,Version=v4.7, .NETFramework,Version=v4.7.1, .NETFramework,Version=v4.7.2, .NETFramework,Version=v4.8, .NETFramework,Version=v4.8.1' instead of the project target framework 'net8.0'. This package may not be fully compatible with your project. [C:\Users\ultra\warewolf\Dev\Dev2.Data.Tests\Dev2.Data.Tests.csproj]
C:\Users\ultra\warewolf\Dev\Dev2.Studio\Dev2.Studio.csproj : warning NU1701: Package 'Log4Net.Async 2.0.4' was restored using '.NETFramework,Version=v4.6.1, .NETFramework,Version=v4.6.2, .NETFramework,Version=v4.7, .NETFramework,Version=v4.7.1, .NETFramework,Version=v4.7.2, .NETFramework,Version=v4.8, .NETFramework,Version=v4.8.1' instead of the project target framework 'net8.0'. This package may not be fully compatible with your project. [C:\Users\ultra\warewolf\Dev\Dev2.Data.Tests\Dev2.Data.Tests.csproj]
C:\Users\ultra\warewolf\Dev\Dev2.Services.Sql\Dev2.Services.Sql.csproj : warning NU1903: Package 'Oracle.ManagedDataAccess.Core' 3.21.70 has a known high severity vulnerability, https://github.com/advisories/GHSA-5pm2-9mr2-3frq [C:\Users\ultra\warewolf\Dev\Dev2.Data.Tests\Dev2.Data.Tests.csproj]
C:\Users\ultra\warewolf\Dev\Dev2.Services.Sql\Dev2.Services.Sql.csproj : warning NU1701: Package 'AeroWizard 2.3.1' was restored using '.NETFramework,Version=v4.6.1, .NETFramework,Version=v4.6.2, .NETFramework,Version=v4.7, .NETFramework,Version=v4.7.1, .NETFramework,Version=v4.7.2, .NETFramework,Version=v4.8, .NETFramework,Version=v4.8.1' instead of the project target framework 'net8.0'. This package may not be fully compatible with your project. [C:\Users\ultra\warewolf\Dev\Dev2.Data.Tests\Dev2.Data.Tests.csproj]
C:\Users\ultra\warewolf\Dev\Dev2.Services.Sql\Dev2.Services.Sql.csproj : warning NU1701: Package 'GroupControls 1.9.0' was restored using '.NETFramework,Version=v4.6.1, .NETFramework,Version=v4.6.2, .NETFramework,Version=v4.7, .NETFramework,Version=v4.7.1, .NETFramework,Version=v4.7.2, .NETFramework,Version=v4.8, .NETFramework,Version=v4.8.1' instead of the project target framework 'net8.0'. This package may not be fully compatible with your project. [C:\Users\ultra\warewolf\Dev\Dev2.Data.Tests\Dev2.Data.Tests.csproj]
C:\Users\ultra\warewolf\Dev\Dev2.Services.Sql\Dev2.Services.Sql.csproj : warning NU1701: Package 'ReactiveUI.WPF 18.4.1' was restored using '.NETFramework,Version=v4.6.1, .NETFramework,Version=v4.6.2, .NETFramework,Version=v4.7, .NETFramework,Version=v4.7.1, .NETFramework,Version=v4.7.2, .NETFramework,Version=v4.8, .NETFramework,Version=v4.8.1' instead of the project target framework 'net8.0'. This package may not be fully compatible with your project. [C:\Users\ultra\warewolf\Dev\Dev2.Data.Tests\Dev2.Data.Tests.csproj]
C:\Users\ultra\warewolf\Dev\Dev2.Services.Sql\Dev2.Services.Sql.csproj : warning NU1701: Package 'TaskSchedulerEditor 2.10.1' was restored using '.NETFramework,Version=v4.6.1, .NETFramework,Version=v4.6.2, .NETFramework,Version=v4.7, .NETFramework,Version=v4.7.1, .NETFramework,Version=v4.7.2, .NETFramework,Version=v4.8, .NETFramework,Version=v4.8.1' instead of the project target framework 'net8.0'. This package may not be fully compatible with your project. [C:\Users\ultra\warewolf\Dev\Dev2.Data.Tests\Dev2.Data.Tests.csproj]
C:\Users\ultra\warewolf\Dev\Dev2.Studio\Dev2.Studio.csproj : warning NU1701: Package 'Microsoft.Xaml.Behaviors.Wpf 1.1.122' was restored using '.NETFramework,Version=v4.6.1, .NETFramework,Version=v4.6.2, .NETFramework,Version=v4.7, .NETFramework,Version=v4.7.1, .NETFramework,Version=v4.7.2, .NETFramework,Version=v4.8, .NETFramework,Version=v4.8.1' instead of the project target framework 'net8.0'. This package may not be fully compatible with your project. [C:\Users\ultra\warewolf\Dev\Dev2.Data.Tests\Dev2.Data.Tests.csproj]
C:\Users\ultra\warewolf\Dev\Dev2.Studio\Dev2.Studio.csproj : warning NU1701: Package 'Prism.Composition 5.0.0' was restored using '.NETFramework,Version=v4.6.1, .NETFramework,Version=v4.6.2, .NETFramework,Version=v4.7, .NETFramework,Version=v4.7.1, .NETFramework,Version=v4.7.2, .NETFramework,Version=v4.8, .NETFramework,Version=v4.8.1' instead of the project target framework 'net8.0'. This package may not be fully compatible with your project. [C:\Users\ultra\warewolf\Dev\Dev2.Data.Tests\Dev2.Data.Tests.csproj]
C:\Users\ultra\warewolf\Dev\Dev2.Studio\Dev2.Studio.csproj : warning NU1701: Package 'Prism.Interactivity 5.0.0' was restored using '.NETFramework,Version=v4.6.1, .NETFramework,Version=v4.6.2, .NETFramework,Version=v4.7, .NETFramework,Version=v4.7.1, .NETFramework,Version=v4.7.2, .NETFramework,Version=v4.8, .NETFramework,Version=v4.8.1' instead of the project target framework 'net8.0'. This package may not be fully compatible with your project. [C:\Users\ultra\warewolf\Dev\Dev2.Data.Tests\Dev2.Data.Tests.csproj]
C:\Users\ultra\warewolf\Dev\Dev2.Studio\Dev2.Studio.csproj : warning NU1701: Package 'Prism.Mvvm 1.0.0' was restored using '.NETFramework,Version=v4.6.1, .NETFramework,Version=v4.6.2, .NETFramework,Version=v4.7, .NETFramework,Version=v4.7.1, .NETFramework,Version=v4.7.2, .NETFramework,Version=v4.8, .NETFramework,Version=v4.8.1' instead of the project target framework 'net8.0'. This package may not be fully compatible with your project. [C:\Users\ultra\warewolf\Dev\Dev2.Data.Tests\Dev2.Data.Tests.csproj]
C:\Users\ultra\warewolf\Dev\Dev2.Studio\Dev2.Studio.csproj : warning NU1701: Package 'Prism.PubSubEvents 1.0.0' was restored using '.NETFramework,Version=v4.6.1, .NETFramework,Version=v4.6.2, .NETFramework,Version=v4.7, .NETFramework,Version=v4.7.1, .NETFramework,Version=v4.7.2, .NETFramework,Version=v4.8, .NETFramework,Version=v4.8.1' instead of the project target framework 'net8.0'. This package may not be fully compatible with your project. [C:\Users\ultra\warewolf\Dev\Dev2.Data.Tests\Dev2.Data.Tests.csproj]
C:\Users\ultra\warewolf\Dev\Dev2.Studio\Dev2.Studio.csproj : warning NU1701: Package 'Prism.UnityExtensions 5.0.1' was restored using '.NETFramework,Version=v4.6.1, .NETFramework,Version=v4.6.2, .NETFramework,Version=v4.7, .NETFramework,Version=v4.7.1, .NETFramework,Version=v4.7.2, .NETFramework,Version=v4.8, .NETFramework,Version=v4.8.1' instead of the project target framework 'net8.0'. This package may not be fully compatible with your project. [C:\Users\ultra\warewolf\Dev\Dev2.Data.Tests\Dev2.Data.Tests.csproj]
C:\Users\ultra\warewolf\Dev\Dev2.Studio\Dev2.Studio.csproj : warning NU1701: Package 'Prism.Wpf 9.0.537' was restored using '.NETFramework,Version=v4.6.1, .NETFramework,Version=v4.6.2, .NETFramework,Version=v4.7, .NETFramework,Version=v4.7.1, .NETFramework,Version=v4.7.2, .NETFramework,Version=v4.8, .NETFramework,Version=v4.8.1' instead of the project target framework 'net8.0'. This package may not be fully compatible with your project. [C:\Users\ultra\warewolf\Dev\Dev2.Data.Tests\Dev2.Data.Tests.csproj]
C:\Users\ultra\warewolf\Dev\Dev2.Studio\Dev2.Studio.csproj : warning NU1701: Package 'ReactiveUI.WPF 18.4.1' was restored using '.NETFramework,Version=v4.6.1, .NETFramework,Version=v4.6.2, .NETFramework,Version=v4.7, .NETFramework,Version=v4.7.1, .NETFramework,Version=v4.7.2, .NETFramework,Version=v4.8, .NETFramework,Version=v4.8.1' instead of the project target framework 'net8.0'. This package may not be fully compatible with your project. [C:\Users\ultra\warewolf\Dev\Dev2.Data.Tests\Dev2.Data.Tests.csproj]
C:\Users\ultra\warewolf\Dev\Dev2.Studio\Dev2.Studio.csproj : warning NU1701: Package 'TaskSchedulerEditor 2.10.1' was restored using '.NETFramework,Version=v4.6.1, .NETFramework,Version=v4.6.2, .NETFramework,Version=v4.7, .NETFramework,Version=v4.7.1, .NETFramework,Version=v4.7.2, .NETFramework,Version=v4.8, .NETFramework,Version=v4.8.1' instead of the project target framework 'net8.0'. This package may not be fully compatible with your project. [C:\Users\ultra\warewolf\Dev\Dev2.Data.Tests\Dev2.Data.Tests.csproj]
C:\Users\ultra\warewolf\Dev\Dev2.Studio\Dev2.Studio.csproj : warning NU1701: Package 'Unofficial.Microsoft.mshtml 7.0.3300' was restored using '.NETFramework,Version=v4.6.1, .NETFramework,Version=v4.6.2, .NETFramework,Version=v4.7, .NETFramework,Version=v4.7.1, .NETFramework,Version=v4.7.2, .NETFramework,Version=v4.8, .NETFramework,Version=v4.8.1' instead of the project target framework 'net8.0'. This package may not be fully compatible with your project. [C:\Users\ultra\warewolf\Dev\Dev2.Data.Tests\Dev2.Data.Tests.csproj]
C:\Users\ultra\warewolf\Dev\Warewolf.QueueWorker\Warewolf.QueueWorker.csproj : warning NU1701: Package 'AeroWizard 2.3.1' was restored using '.NETFramework,Version=v4.6.1, .NETFramework,Version=v4.6.2, .NETFramework,Version=v4.7, .NETFramework,Version=v4.7.1, .NETFramework,Version=v4.7.2, .NETFramework,Version=v4.8, .NETFramework,Version=v4.8.1' instead of the project target framework 'net8.0'. This package may not be fully compatible with your project. [C:\Users\ultra\warewolf\Dev\Dev2.Data.Tests\Dev2.Data.Tests.csproj]
C:\Users\ultra\warewolf\Dev\Warewolf.QueueWorker\Warewolf.QueueWorker.csproj : warning NU1701: Package 'GroupControls 1.9.0' was restored using '.NETFramework,Version=v4.6.1, .NETFramework,Version=v4.6.2, .NETFramework,Version=v4.7, .NETFramework,Version=v4.7.1, .NETFramework,Version=v4.7.2, .NETFramework,Version=v4.8, .NETFramework,Version=v4.8.1' instead of the project target framework 'net8.0'. This package may not be fully compatible with your project. [C:\Users\ultra\warewolf\Dev\Dev2.Data.Tests\Dev2.Data.Tests.csproj]
C:\Users\ultra\warewolf\Dev\Warewolf.QueueWorker\Warewolf.QueueWorker.csproj : warning NU1701: Package 'Microsoft.Xaml.Behaviors.Wpf 1.1.122' was restored using '.NETFramework,Version=v4.6.1, .NETFramework,Version=v4.6.2, .NETFramework,Version=v4.7, .NETFramework,Version=v4.7.1, .NETFramework,Version=v4.7.2, .NETFramework,Version=v4.8, .NETFramework,Version=v4.8.1' instead of the project target framework 'net8.0'. This package may not be fully compatible with your project. [C:\Users\ultra\warewolf\Dev\Dev2.Data.Tests\Dev2.Data.Tests.csproj]
C:\Users\ultra\warewolf\Dev\Warewolf.QueueWorker\Warewolf.QueueWorker.csproj : warning NU1701: Package 'Prism.Wpf 9.0.537' was restored using '.NETFramework,Version=v4.6.1, .NETFramework,Version=v4.6.2, .NETFramework,Version=v4.7, .NETFramework,Version=v4.7.1, .NETFramework,Version=v4.7.2, .NETFramework,Version=v4.8, .NETFramework,Version=v4.8.1' instead of the project target framework 'net8.0'. This package may not be fully compatible with your project. [C:\Users\ultra\warewolf\Dev\Dev2.Data.Tests\Dev2.Data.Tests.csproj]
C:\Users\ultra\warewolf\Dev\Warewolf.QueueWorker\Warewolf.QueueWorker.csproj : warning NU1701: Package 'ReactiveUI.WPF 18.4.1' was restored using '.NETFramework,Version=v4.6.1, .NETFramework,Version=v4.6.2, .NETFramework,Version=v4.7, .NETFramework,Version=v4.7.1, .NETFramework,Version=v4.7.2, .NETFramework,Version=v4.8, .NETFramework,Version=v4.8.1' instead of the project target framework 'net8.0'. This package may not be fully compatible with your project. [C:\Users\ultra\warewolf\Dev\Dev2.Data.Tests\Dev2.Data.Tests.csproj]
C:\Users\ultra\warewolf\Dev\Warewolf.QueueWorker\Warewolf.QueueWorker.csproj : warning NU1701: Package 'TaskSchedulerEditor 2.10.1' was restored using '.NETFramework,Version=v4.6.1, .NETFramework,Version=v4.6.2, .NETFramework,Version=v4.7, .NETFramework,Version=v4.7.1, .NETFramework,Version=v4.7.2, .NETFramework,Version=v4.8, .NETFramework,Version=v4.8.1' instead of the project target framework 'net8.0'. This package may not be fully compatible with your project. [C:\Users\ultra\warewolf\Dev\Dev2.Data.Tests\Dev2.Data.Tests.csproj]
  Restored C:\Users\ultra\warewolf\Dev\Warewolf.Studio.Models\Warewolf.Studio.Models.csproj (in 308 ms).
  Restored C:\Users\ultra\warewolf\Dev\Warewolf.Trigger.Queue\Warewolf.Trigger.Queue.csproj (in 311 ms).
  Restored C:\Users\ultra\warewolf\Dev\Dev2.Activities.Designers\Dev2.Activities.Designers.csproj (in 357 ms).
  Restored C:\Users\ultra\warewolf\Dev\Dev2.Intellisense\Dev2.Intellisense.csproj (in 342 ms).
  Restored C:\Users\ultra\warewolf\Dev\Dev2.Server\Dev2.Server.csproj (in 642 ms).
  Restored C:\Users\ultra\warewolf\Dev\Warewolf.UI\Warewolf.UI.csproj (in 347 ms).
  Restored C:\Users\ultra\warewolf\Dev\Warewolf.Studio.CustomControls\Warewolf.Studio.CustomControls.csproj (in 364 ms).
  Restored C:\Users\ultra\warewolf\Dev\Warewolf.Studio.AntiCorruptionLayer\Warewolf.Studio.AntiCorruptionLayer.csproj (in 363 ms).
C:\Users\ultra\warewolf\Dev\Dev2.Studio.Core.Tests\Dev2.Studio.Core.Tests.csproj : warning NU1701: Package 'AeroWizard 2.3.1' was restored using '.NETFramework,Version=v4.6.1, .NETFramework,Version=v4.6.2, .NETFramework,Version=v4.7, .NETFramework,Version=v4.7.1, .NETFramework,Version=v4.7.2, .NETFramework,Version=v4.8, .NETFramework,Version=v4.8.1' instead of the project target framework 'net8.0'. This package may not be fully compatible with your project. [C:\Users\ultra\warewolf\Dev\Dev2.Data.Tests\Dev2.Data.Tests.csproj]
C:\Users\ultra\warewolf\Dev\Dev2.Studio.Core.Tests\Dev2.Studio.Core.Tests.csproj : warning NU1701: Package 'AvalonEdit 6.3.0.90' was restored using '.NETFramework,Version=v4.6.1, .NETFramework,Version=v4.6.2, .NETFramework,Version=v4.7, .NETFramework,Version=v4.7.1, .NETFramework,Version=v4.7.2, .NETFramework,Version=v4.8, .NETFramework,Version=v4.8.1' instead of the project target framework 'net8.0'. This package may not be fully compatible with your project. [C:\Users\ultra\warewolf\Dev\Dev2.Data.Tests\Dev2.Data.Tests.csproj]
C:\Users\ultra\warewolf\Dev\Dev2.Studio.Core.Tests\Dev2.Studio.Core.Tests.csproj : warning NU1701: Package 'CommonServiceLocator 1.2.0' was restored using '.NETFramework,Version=v4.6.1, .NETFramework,Version=v4.6.2, .NETFramework,Version=v4.7, .NETFramework,Version=v4.7.1, .NETFramework,Version=v4.7.2, .NETFramework,Version=v4.8, .NETFramework,Version=v4.8.1' instead of the project target framework 'net8.0'. This package may not be fully compatible with your project. [C:\Users\ultra\warewolf\Dev\Dev2.Data.Tests\Dev2.Data.Tests.csproj]
C:\Users\ultra\warewolf\Dev\Dev2.Studio.Core.Tests\Dev2.Studio.Core.Tests.csproj : warning NU1701: Package 'FontAwesome.WPF 4.7.0.9' was restored using '.NETFramework,Version=v4.6.1, .NETFramework,Version=v4.6.2, .NETFramework,Version=v4.7, .NETFramework,Version=v4.7.1, .NETFramework,Version=v4.7.2, .NETFramework,Version=v4.8, .NETFramework,Version=v4.8.1' instead of the project target framework 'net8.0'. This package may not be fully compatible with your project. [C:\Users\ultra\warewolf\Dev\Dev2.Data.Tests\Dev2.Data.Tests.csproj]
C:\Users\ultra\warewolf\Dev\Dev2.Studio.Core.Tests\Dev2.Studio.Core.Tests.csproj : warning NU1701: Package 'GroupControls 1.9.0' was restored using '.NETFramework,Version=v4.6.1, .NETFramework,Version=v4.6.2, .NETFramework,Version=v4.7, .NETFramework,Version=v4.7.1, .NETFramework,Version=v4.7.2, .NETFramework,Version=v4.8, .NETFramework,Version=v4.8.1' instead of the project target framework 'net8.0'. This package may not be fully compatible with your project. [C:\Users\ultra\warewolf\Dev\Dev2.Data.Tests\Dev2.Data.Tests.csproj]
C:\Users\ultra\warewolf\Dev\Dev2.Studio.Core.Tests\Dev2.Studio.Core.Tests.csproj : warning NU1701: Package 'Log4Net.Async 2.0.4' was restored using '.NETFramework,Version=v4.6.1, .NETFramework,Version=v4.6.2, .NETFramework,Version=v4.7, .NETFramework,Version=v4.7.1, .NETFramework,Version=v4.7.2, .NETFramework,Version=v4.8, .NETFramework,Version=v4.8.1' instead of the project target framework 'net8.0'. This package may not be fully compatible with your project. [C:\Users\ultra\warewolf\Dev\Dev2.Data.Tests\Dev2.Data.Tests.csproj]
C:\Users\ultra\warewolf\Dev\Dev2.Studio.Core.Tests\Dev2.Studio.Core.Tests.csproj : warning NU1701: Package 'Microsoft.Xaml.Behaviors.Wpf 1.1.122' was restored using '.NETFramework,Version=v4.6.1, .NETFramework,Version=v4.6.2, .NETFramework,Version=v4.7, .NETFramework,Version=v4.7.1, .NETFramework,Version=v4.7.2, .NETFramework,Version=v4.8, .NETFramework,Version=v4.8.1' instead of the project target framework 'net8.0'. This package may not be fully compatible with your project. [C:\Users\ultra\warewolf\Dev\Dev2.Data.Tests\Dev2.Data.Tests.csproj]
C:\Users\ultra\warewolf\Dev\Dev2.Studio.Core.Tests\Dev2.Studio.Core.Tests.csproj : warning NU1701: Package 'Prism.Composition 5.0.0' was restored using '.NETFramework,Version=v4.6.1, .NETFramework,Version=v4.6.2, .NETFramework,Version=v4.7, .NETFramework,Version=v4.7.1, .NETFramework,Version=v4.7.2, .NETFramework,Version=v4.8, .NETFramework,Version=v4.8.1' instead of the project target framework 'net8.0'. This package may not be fully compatible with your project. [C:\Users\ultra\warewolf\Dev\Dev2.Data.Tests\Dev2.Data.Tests.csproj]
C:\Users\ultra\warewolf\Dev\Dev2.Studio.Core.Tests\Dev2.Studio.Core.Tests.csproj : warning NU1701: Package 'Prism.Interactivity 5.0.0' was restored using '.NETFramework,Version=v4.6.1, .NETFramework,Version=v4.6.2, .NETFramework,Version=v4.7, .NETFramework,Version=v4.7.1, .NETFramework,Version=v4.7.2, .NETFramework,Version=v4.8, .NETFramework,Version=v4.8.1' instead of the project target framework 'net8.0'. This package may not be fully compatible with your project. [C:\Users\ultra\warewolf\Dev\Dev2.Data.Tests\Dev2.Data.Tests.csproj]
C:\Users\ultra\warewolf\Dev\Dev2.Studio.Core.Tests\Dev2.Studio.Core.Tests.csproj : warning NU1701: Package 'Prism.Mvvm 1.0.0' was restored using '.NETFramework,Version=v4.6.1, .NETFramework,Version=v4.6.2, .NETFramework,Version=v4.7, .NETFramework,Version=v4.7.1, .NETFramework,Version=v4.7.2, .NETFramework,Version=v4.8, .NETFramework,Version=v4.8.1' instead of the project target framework 'net8.0'. This package may not be fully compatible with your project. [C:\Users\ultra\warewolf\Dev\Dev2.Data.Tests\Dev2.Data.Tests.csproj]
C:\Users\ultra\warewolf\Dev\Dev2.Studio.Core.Tests\Dev2.Studio.Core.Tests.csproj : warning NU1701: Package 'Prism.PubSubEvents 1.0.0' was restored using '.NETFramework,Version=v4.6.1, .NETFramework,Version=v4.6.2, .NETFramework,Version=v4.7, .NETFramework,Version=v4.7.1, .NETFramework,Version=v4.7.2, .NETFramework,Version=v4.8, .NETFramework,Version=v4.8.1' instead of the project target framework 'net8.0'. This package may not be fully compatible with your project. [C:\Users\ultra\warewolf\Dev\Dev2.Data.Tests\Dev2.Data.Tests.csproj]
C:\Users\ultra\warewolf\Dev\Dev2.Studio.Core.Tests\Dev2.Studio.Core.Tests.csproj : warning NU1701: Package 'Prism.UnityExtensions 5.0.1' was restored using '.NETFramework,Version=v4.6.1, .NETFramework,Version=v4.6.2, .NETFramework,Version=v4.7, .NETFramework,Version=v4.7.1, .NETFramework,Version=v4.7.2, .NETFramework,Version=v4.8, .NETFramework,Version=v4.8.1' instead of the project target framework 'net8.0'. This package may not be fully compatible with your project. [C:\Users\ultra\warewolf\Dev\Dev2.Data.Tests\Dev2.Data.Tests.csproj]
C:\Users\ultra\warewolf\Dev\Dev2.Studio.Core.Tests\Dev2.Studio.Core.Tests.csproj : warning NU1701: Package 'Prism.Wpf 9.0.537' was restored using '.NETFramework,Version=v4.6.1, .NETFramework,Version=v4.6.2, .NETFramework,Version=v4.7, .NETFramework,Version=v4.7.1, .NETFramework,Version=v4.7.2, .NETFramework,Version=v4.8, .NETFramework,Version=v4.8.1' instead of the project target framework 'net8.0'. This package may not be fully compatible with your project. [C:\Users\ultra\warewolf\Dev\Dev2.Data.Tests\Dev2.Data.Tests.csproj]
C:\Users\ultra\warewolf\Dev\Dev2.Studio.Core.Tests\Dev2.Studio.Core.Tests.csproj : warning NU1701: Package 'ReactiveUI.WPF 18.4.1' was restored using '.NETFramework,Version=v4.6.1, .NETFramework,Version=v4.6.2, .NETFramework,Version=v4.7, .NETFramework,Version=v4.7.1, .NETFramework,Version=v4.7.2, .NETFramework,Version=v4.8, .NETFramework,Version=v4.8.1' instead of the project target framework 'net8.0'. This package may not be fully compatible with your project. [C:\Users\ultra\warewolf\Dev\Dev2.Data.Tests\Dev2.Data.Tests.csproj]
C:\Users\ultra\warewolf\Dev\Dev2.Studio.Core.Tests\Dev2.Studio.Core.Tests.csproj : warning NU1701: Package 'TaskSchedulerEditor 2.10.1' was restored using '.NETFramework,Version=v4.6.1, .NETFramework,Version=v4.6.2, .NETFramework,Version=v4.7, .NETFramework,Version=v4.7.1, .NETFramework,Version=v4.7.2, .NETFramework,Version=v4.8, .NETFramework,Version=v4.8.1' instead of the project target framework 'net8.0'. This package may not be fully compatible with your project. [C:\Users\ultra\warewolf\Dev\Dev2.Data.Tests\Dev2.Data.Tests.csproj]
C:\Users\ultra\warewolf\Dev\Dev2.Studio.Core.Tests\Dev2.Studio.Core.Tests.csproj : warning NU1701: Package 'Unofficial.Microsoft.mshtml 7.0.3300' was restored using '.NETFramework,Version=v4.6.1, .NETFramework,Version=v4.6.2, .NETFramework,Version=v4.7, .NETFramework,Version=v4.7.1, .NETFramework,Version=v4.7.2, .NETFramework,Version=v4.8, .NETFramework,Version=v4.8.1' instead of the project target framework 'net8.0'. This package may not be fully compatible with your project. [C:\Users\ultra\warewolf\Dev\Dev2.Data.Tests\Dev2.Data.Tests.csproj]
  Restored C:\Users\ultra\warewolf\Dev\Dev2.Studio\Dev2.Studio.csproj (in 318 ms).
  Restored C:\Users\ultra\warewolf\Dev\Warewolf.QueueWorker\Warewolf.QueueWorker.csproj (in 327 ms).
  Restored C:\Users\ultra\warewolf\Dev\Dev2.Studio.Core.Tests\Dev2.Studio.Core.Tests.csproj (in 238 ms).
  60 of 85 projects are up-to-date for restore.
C:\Users\ultra\warewolf\Dev\Dev2.Data.Tests\Dev2.Data.Tests.csproj : warning NU1701: Package 'AeroWizard 2.3.1' was restored using '.NETFramework,Version=v4.6.1, .NETFramework,Version=v4.6.2, .NETFramework,Version=v4.7, .NETFramework,Version=v4.7.1, .NETFramework,Version=v4.7.2, .NETFramework,Version=v4.8, .NETFramework,Version=v4.8.1' instead of the project target framework 'net8.0'. This package may not be fully compatible with your project.
C:\Users\ultra\warewolf\Dev\Dev2.Data.Tests\Dev2.Data.Tests.csproj : warning NU1701: Package 'AvalonEdit 6.3.0.90' was restored using '.NETFramework,Version=v4.6.1, .NETFramework,Version=v4.6.2, .NETFramework,Version=v4.7, .NETFramework,Version=v4.7.1, .NETFramework,Version=v4.7.2, .NETFramework,Version=v4.8, .NETFramework,Version=v4.8.1' instead of the project target framework 'net8.0'. This package may not be fully compatible with your project.
C:\Users\ultra\warewolf\Dev\Dev2.Data.Tests\Dev2.Data.Tests.csproj : warning NU1701: Package 'CommonServiceLocator 1.2.0' was restored using '.NETFramework,Version=v4.6.1, .NETFramework,Version=v4.6.2, .NETFramework,Version=v4.7, .NETFramework,Version=v4.7.1, .NETFramework,Version=v4.7.2, .NETFramework,Version=v4.8, .NETFramework,Version=v4.8.1' instead of the project target framework 'net8.0'. This package may not be fully compatible with your project.
C:\Users\ultra\warewolf\Dev\Dev2.Data.Tests\Dev2.Data.Tests.csproj : warning NU1701: Package 'FontAwesome.WPF 4.7.0.9' was restored using '.NETFramework,Version=v4.6.1, .NETFramework,Version=v4.6.2, .NETFramework,Version=v4.7, .NETFramework,Version=v4.7.1, .NETFramework,Version=v4.7.2, .NETFramework,Version=v4.8, .NETFramework,Version=v4.8.1' instead of the project target framework 'net8.0'. This package may not be fully compatible with your project.
C:\Users\ultra\warewolf\Dev\Dev2.Data.Tests\Dev2.Data.Tests.csproj : warning NU1701: Package 'GroupControls 1.9.0' was restored using '.NETFramework,Version=v4.6.1, .NETFramework,Version=v4.6.2, .NETFramework,Version=v4.7, .NETFramework,Version=v4.7.1, .NETFramework,Version=v4.7.2, .NETFramework,Version=v4.8, .NETFramework,Version=v4.8.1' instead of the project target framework 'net8.0'. This package may not be fully compatible with your project.
C:\Users\ultra\warewolf\Dev\Dev2.Data.Tests\Dev2.Data.Tests.csproj : warning NU1701: Package 'Log4Net.Async 2.0.4' was restored using '.NETFramework,Version=v4.6.1, .NETFramework,Version=v4.6.2, .NETFramework,Version=v4.7, .NETFramework,Version=v4.7.1, .NETFramework,Version=v4.7.2, .NETFramework,Version=v4.8, .NETFramework,Version=v4.8.1' instead of the project target framework 'net8.0'. This package may not be fully compatible with your project.
C:\Users\ultra\warewolf\Dev\Dev2.Data.Tests\Dev2.Data.Tests.csproj : warning NU1701: Package 'Microsoft.Xaml.Behaviors.Wpf 1.1.122' was restored using '.NETFramework,Version=v4.6.1, .NETFramework,Version=v4.6.2, .NETFramework,Version=v4.7, .NETFramework,Version=v4.7.1, .NETFramework,Version=v4.7.2, .NETFramework,Version=v4.8, .NETFramework,Version=v4.8.1' instead of the project target framework 'net8.0'. This package may not be fully compatible with your project.
C:\Users\ultra\warewolf\Dev\Dev2.Data.Tests\Dev2.Data.Tests.csproj : warning NU1701: Package 'Prism.Composition 5.0.0' was restored using '.NETFramework,Version=v4.6.1, .NETFramework,Version=v4.6.2, .NETFramework,Version=v4.7, .NETFramework,Version=v4.7.1, .NETFramework,Version=v4.7.2, .NETFramework,Version=v4.8, .NETFramework,Version=v4.8.1' instead of the project target framework 'net8.0'. This package may not be fully compatible with your project.
C:\Users\ultra\warewolf\Dev\Dev2.Data.Tests\Dev2.Data.Tests.csproj : warning NU1701: Package 'Prism.Interactivity 5.0.0' was restored using '.NETFramework,Version=v4.6.1, .NETFramework,Version=v4.6.2, .NETFramework,Version=v4.7, .NETFramework,Version=v4.7.1, .NETFramework,Version=v4.7.2, .NETFramework,Version=v4.8, .NETFramework,Version=v4.8.1' instead of the project target framework 'net8.0'. This package may not be fully compatible with your project.
C:\Users\ultra\warewolf\Dev\Dev2.Data.Tests\Dev2.Data.Tests.csproj : warning NU1701: Package 'Prism.Mvvm 1.0.0' was restored using '.NETFramework,Version=v4.6.1, .NETFramework,Version=v4.6.2, .NETFramework,Version=v4.7, .NETFramework,Version=v4.7.1, .NETFramework,Version=v4.7.2, .NETFramework,Version=v4.8, .NETFramework,Version=v4.8.1' instead of the project target framework 'net8.0'. This package may not be fully compatible with your project.
C:\Users\ultra\warewolf\Dev\Dev2.Data.Tests\Dev2.Data.Tests.csproj : warning NU1701: Package 'Prism.PubSubEvents 1.0.0' was restored using '.NETFramework,Version=v4.6.1, .NETFramework,Version=v4.6.2, .NETFramework,Version=v4.7, .NETFramework,Version=v4.7.1, .NETFramework,Version=v4.7.2, .NETFramework,Version=v4.8, .NETFramework,Version=v4.8.1' instead of the project target framework 'net8.0'. This package may not be fully compatible with your project.
C:\Users\ultra\warewolf\Dev\Dev2.Data.Tests\Dev2.Data.Tests.csproj : warning NU1701: Package 'Prism.UnityExtensions 5.0.1' was restored using '.NETFramework,Version=v4.6.1, .NETFramework,Version=v4.6.2, .NETFramework,Version=v4.7, .NETFramework,Version=v4.7.1, .NETFramework,Version=v4.7.2, .NETFramework,Version=v4.8, .NETFramework,Version=v4.8.1' instead of the project target framework 'net8.0'. This package may not be fully compatible with your project.
C:\Users\ultra\warewolf\Dev\Dev2.Data.Tests\Dev2.Data.Tests.csproj : warning NU1701: Package 'Prism.Wpf 9.0.537' was restored using '.NETFramework,Version=v4.6.1, .NETFramework,Version=v4.6.2, .NETFramework,Version=v4.7, .NETFramework,Version=v4.7.1, .NETFramework,Version=v4.7.2, .NETFramework,Version=v4.8, .NETFramework,Version=v4.8.1' instead of the project target framework 'net8.0'. This package may not be fully compatible with your project.
C:\Users\ultra\warewolf\Dev\Dev2.Data.Tests\Dev2.Data.Tests.csproj : warning NU1701: Package 'ReactiveUI.WPF 18.4.1' was restored using '.NETFramework,Version=v4.6.1, .NETFramework,Version=v4.6.2, .NETFramework,Version=v4.7, .NETFramework,Version=v4.7.1, .NETFramework,Version=v4.7.2, .NETFramework,Version=v4.8, .NETFramework,Version=v4.8.1' instead of the project target framework 'net8.0'. This package may not be fully compatible with your project.
C:\Users\ultra\warewolf\Dev\Dev2.Data.Tests\Dev2.Data.Tests.csproj : warning NU1701: Package 'TaskSchedulerEditor 2.10.1' was restored using '.NETFramework,Version=v4.6.1, .NETFramework,Version=v4.6.2, .NETFramework,Version=v4.7, .NETFramework,Version=v4.7.1, .NETFramework,Version=v4.7.2, .NETFramework,Version=v4.8, .NETFramework,Version=v4.8.1' instead of the project target framework 'net8.0'. This package may not be fully compatible with your project.
C:\Users\ultra\warewolf\Dev\Dev2.Data.Tests\Dev2.Data.Tests.csproj : warning NU1701: Package 'Unofficial.Microsoft.mshtml 7.0.3300' was restored using '.NETFramework,Version=v4.6.1, .NETFramework,Version=v4.6.2, .NETFramework,Version=v4.7, .NETFramework,Version=v4.7.1, .NETFramework,Version=v4.7.2, .NETFramework,Version=v4.8, .NETFramework,Version=v4.8.1' instead of the project target framework 'net8.0'. This package may not be fully compatible with your project.
C:\Users\ultra\warewolf\Dev\Dev2.Infrastructure\Dev2.Infrastructure.csproj : warning NU1903: Package 'Microsoft.Windows.Compatibility' 6.0.0 has a known high severity vulnerability, https://github.com/advisories/GHSA-555c-2p6r-68mm
C:\Users\ultra\warewolf\Dev\Dev2.Infrastructure\Dev2.Infrastructure.csproj : warning NU1701: Package 'AeroWizard 2.3.1' was restored using '.NETFramework,Version=v4.6.1, .NETFramework,Version=v4.6.2, .NETFramework,Version=v4.7, .NETFramework,Version=v4.7.1, .NETFramework,Version=v4.7.2, .NETFramework,Version=v4.8, .NETFramework,Version=v4.8.1' instead of the project target framework 'net8.0'. This package may not be fully compatible with your project.
C:\Users\ultra\warewolf\Dev\Dev2.Infrastructure\Dev2.Infrastructure.csproj : warning NU1701: Package 'GroupControls 1.9.0' was restored using '.NETFramework,Version=v4.6.1, .NETFramework,Version=v4.6.2, .NETFramework,Version=v4.7, .NETFramework,Version=v4.7.1, .NETFramework,Version=v4.7.2, .NETFramework,Version=v4.8, .NETFramework,Version=v4.8.1' instead of the project target framework 'net8.0'. This package may not be fully compatible with your project.
C:\Users\ultra\warewolf\Dev\Dev2.Infrastructure\Dev2.Infrastructure.csproj : warning NU1701: Package 'ReactiveUI.WPF 18.4.1' was restored using '.NETFramework,Version=v4.6.1, .NETFramework,Version=v4.6.2, .NETFramework,Version=v4.7, .NETFramework,Version=v4.7.1, .NETFramework,Version=v4.7.2, .NETFramework,Version=v4.8, .NETFramework,Version=v4.8.1' instead of the project target framework 'net8.0'. This package may not be fully compatible with your project.
C:\Users\ultra\warewolf\Dev\Dev2.Infrastructure\Dev2.Infrastructure.csproj : warning NU1701: Package 'TaskSchedulerEditor 2.10.1' was restored using '.NETFramework,Version=v4.6.1, .NETFramework,Version=v4.6.2, .NETFramework,Version=v4.7, .NETFramework,Version=v4.7.1, .NETFramework,Version=v4.7.2, .NETFramework,Version=v4.8, .NETFramework,Version=v4.8.1' instead of the project target framework 'net8.0'. This package may not be fully compatible with your project.
C:\Users\ultra\warewolf\Dev\Dev2.Data\Dev2.Data.csproj : warning NU1701: Package 'AeroWizard 2.3.1' was restored using '.NETFramework,Version=v4.6.1, .NETFramework,Version=v4.6.2, .NETFramework,Version=v4.7, .NETFramework,Version=v4.7.1, .NETFramework,Version=v4.7.2, .NETFramework,Version=v4.8, .NETFramework,Version=v4.8.1' instead of the project target framework 'net8.0'. This package may not be fully compatible with your project.
C:\Users\ultra\warewolf\Dev\Dev2.Data\Dev2.Data.csproj : warning NU1701: Package 'GroupControls 1.9.0' was restored using '.NETFramework,Version=v4.6.1, .NETFramework,Version=v4.6.2, .NETFramework,Version=v4.7, .NETFramework,Version=v4.7.1, .NETFramework,Version=v4.7.2, .NETFramework,Version=v4.8, .NETFramework,Version=v4.8.1' instead of the project target framework 'net8.0'. This package may not be fully compatible with your project.
C:\Users\ultra\warewolf\Dev\Dev2.Data\Dev2.Data.csproj : warning NU1701: Package 'ReactiveUI.WPF 18.4.1' was restored using '.NETFramework,Version=v4.6.1, .NETFramework,Version=v4.6.2, .NETFramework,Version=v4.7, .NETFramework,Version=v4.7.1, .NETFramework,Version=v4.7.2, .NETFramework,Version=v4.8, .NETFramework,Version=v4.8.1' instead of the project target framework 'net8.0'. This package may not be fully compatible with your project.
C:\Users\ultra\warewolf\Dev\Dev2.Data\Dev2.Data.csproj : warning NU1701: Package 'TaskSchedulerEditor 2.10.1' was restored using '.NETFramework,Version=v4.6.1, .NETFramework,Version=v4.6.2, .NETFramework,Version=v4.7, .NETFramework,Version=v4.7.1, .NETFramework,Version=v4.7.2, .NETFramework,Version=v4.8, .NETFramework,Version=v4.8.1' instead of the project target framework 'net8.0'. This package may not be fully compatible with your project.
C:\Users\ultra\warewolf\Dev\Warewolf.Data\Warewolf.Data.csproj : warning NU1701: Package 'AeroWizard 2.3.1' was restored using '.NETFramework,Version=v4.6.1, .NETFramework,Version=v4.6.2, .NETFramework,Version=v4.7, .NETFramework,Version=v4.7.1, .NETFramework,Version=v4.7.2, .NETFramework,Version=v4.8, .NETFramework,Version=v4.8.1' instead of the project target framework 'net8.0'. This package may not be fully compatible with your project.
C:\Users\ultra\warewolf\Dev\Warewolf.Data\Warewolf.Data.csproj : warning NU1701: Package 'GroupControls 1.9.0' was restored using '.NETFramework,Version=v4.6.1, .NETFramework,Version=v4.6.2, .NETFramework,Version=v4.7, .NETFramework,Version=v4.7.1, .NETFramework,Version=v4.7.2, .NETFramework,Version=v4.8, .NETFramework,Version=v4.8.1' instead of the project target framework 'net8.0'. This package may not be fully compatible with your project.
C:\Users\ultra\warewolf\Dev\Warewolf.Data\Warewolf.Data.csproj : warning NU1701: Package 'TaskSchedulerEditor 2.10.1' was restored using '.NETFramework,Version=v4.6.1, .NETFramework,Version=v4.6.2, .NETFramework,Version=v4.7, .NETFramework,Version=v4.7.1, .NETFramework,Version=v4.7.2, .NETFramework,Version=v4.8, .NETFramework,Version=v4.8.1' instead of the project target framework 'net8.0'. This package may not be fully compatible with your project.
C:\Users\ultra\warewolf\Dev\Dev2.Diagnostics\Dev2.Diagnostics.csproj : warning NU1701: Package 'AeroWizard 2.3.1' was restored using '.NETFramework,Version=v4.6.1, .NETFramework,Version=v4.6.2, .NETFramework,Version=v4.7, .NETFramework,Version=v4.7.1, .NETFramework,Version=v4.7.2, .NETFramework,Version=v4.8, .NETFramework,Version=v4.8.1' instead of the project target framework 'net8.0'. This package may not be fully compatible with your project.
C:\Users\ultra\warewolf\Dev\Dev2.Diagnostics\Dev2.Diagnostics.csproj : warning NU1701: Package 'GroupControls 1.9.0' was restored using '.NETFramework,Version=v4.6.1, .NETFramework,Version=v4.6.2, .NETFramework,Version=v4.7, .NETFramework,Version=v4.7.1, .NETFramework,Version=v4.7.2, .NETFramework,Version=v4.8, .NETFramework,Version=v4.8.1' instead of the project target framework 'net8.0'. This package may not be fully compatible with your project.
C:\Users\ultra\warewolf\Dev\Dev2.Diagnostics\Dev2.Diagnostics.csproj : warning NU1701: Package 'TaskSchedulerEditor 2.10.1' was restored using '.NETFramework,Version=v4.6.1, .NETFramework,Version=v4.6.2, .NETFramework,Version=v4.7, .NETFramework,Version=v4.7.1, .NETFramework,Version=v4.7.2, .NETFramework,Version=v4.8, .NETFramework,Version=v4.8.1' instead of the project target framework 'net8.0'. This package may not be fully compatible with your project.
C:\Users\ultra\warewolf\Dev\Dev2.Runtime.Services\Dev2.Runtime.Services.csproj : warning NU1902: Package 'MessagePack' 2.4.59 has a known moderate severity vulnerability, https://github.com/advisories/GHSA-4qm4-8hg2-g2xm
C:\Users\ultra\warewolf\Dev\Dev2.Runtime.Services\Dev2.Runtime.Services.csproj : warning NU1903: Package 'Microsoft.Windows.Compatibility' 6.0.0 has a known high severity vulnerability, https://github.com/advisories/GHSA-555c-2p6r-68mm
C:\Users\ultra\warewolf\Dev\Dev2.Runtime.Services\Dev2.Runtime.Services.csproj : warning NU1701: Package 'AeroWizard 2.3.1' was restored using '.NETFramework,Version=v4.6.1, .NETFramework,Version=v4.6.2, .NETFramework,Version=v4.7, .NETFramework,Version=v4.7.1, .NETFramework,Version=v4.7.2, .NETFramework,Version=v4.8, .NETFramework,Version=v4.8.1' instead of the project target framework 'net8.0'. This package may not be fully compatible with your project.
C:\Users\ultra\warewolf\Dev\Dev2.Runtime.Services\Dev2.Runtime.Services.csproj : warning NU1701: Package 'GroupControls 1.9.0' was restored using '.NETFramework,Version=v4.6.1, .NETFramework,Version=v4.6.2, .NETFramework,Version=v4.7, .NETFramework,Version=v4.7.1, .NETFramework,Version=v4.7.2, .NETFramework,Version=v4.8, .NETFramework,Version=v4.8.1' instead of the project target framework 'net8.0'. This package may not be fully compatible with your project.
C:\Users\ultra\warewolf\Dev\Dev2.Runtime.Services\Dev2.Runtime.Services.csproj : warning NU1701: Package 'ReactiveUI.WPF 18.4.1' was restored using '.NETFramework,Version=v4.6.1, .NETFramework,Version=v4.6.2, .NETFramework,Version=v4.7, .NETFramework,Version=v4.7.1, .NETFramework,Version=v4.7.2, .NETFramework,Version=v4.8, .NETFramework,Version=v4.8.1' instead of the project target framework 'net8.0'. This package may not be fully compatible with your project.
C:\Users\ultra\warewolf\Dev\Dev2.Runtime.Services\Dev2.Runtime.Services.csproj : warning NU1701: Package 'TaskSchedulerEditor 2.10.1' was restored using '.NETFramework,Version=v4.6.1, .NETFramework,Version=v4.6.2, .NETFramework,Version=v4.7, .NETFramework,Version=v4.7.1, .NETFramework,Version=v4.7.2, .NETFramework,Version=v4.8, .NETFramework,Version=v4.8.1' instead of the project target framework 'net8.0'. This package may not be fully compatible with your project.
C:\Users\ultra\warewolf\Dev\Warewolf.Language.Parser\Warewolf.Language.Parser.fsproj : warning NU1504: Duplicate 'PackageReference' items found. Remove the duplicate items or use the Update functionality to ensure a consistent restore behavior. The duplicate 'PackageReference' items are: FSharp.Core 10.1.201, FSharp.Core 4.6.2.
C:\Users\ultra\warewolf\Dev\Dev2.Data.Interfaces\Dev2.Data.Interfaces.csproj : warning NU1903: Package 'DotNetZip' 1.16.0 has a known high severity vulnerability, https://github.com/advisories/GHSA-xhg6-9j5j-w4vf
C:\Users\ultra\warewolf\Dev\Dev2.Data.Interfaces\Dev2.Data.Interfaces.csproj : warning NU1701: Package 'AeroWizard 2.3.1' was restored using '.NETFramework,Version=v4.6.1, .NETFramework,Version=v4.6.2, .NETFramework,Version=v4.7, .NETFramework,Version=v4.7.1, .NETFramework,Version=v4.7.2, .NETFramework,Version=v4.8, .NETFramework,Version=v4.8.1' instead of the project target framework 'net8.0'. This package may not be fully compatible with your project.
C:\Users\ultra\warewolf\Dev\Dev2.Data.Interfaces\Dev2.Data.Interfaces.csproj : warning NU1701: Package 'GroupControls 1.9.0' was restored using '.NETFramework,Version=v4.6.1, .NETFramework,Version=v4.6.2, .NETFramework,Version=v4.7, .NETFramework,Version=v4.7.1, .NETFramework,Version=v4.7.2, .NETFramework,Version=v4.8, .NETFramework,Version=v4.8.1' instead of the project target framework 'net8.0'. This package may not be fully compatible with your project.
C:\Users\ultra\warewolf\Dev\Dev2.Data.Interfaces\Dev2.Data.Interfaces.csproj : warning NU1701: Package 'TaskSchedulerEditor 2.10.1' was restored using '.NETFramework,Version=v4.6.1, .NETFramework,Version=v4.6.2, .NETFramework,Version=v4.7, .NETFramework,Version=v4.7.1, .NETFramework,Version=v4.7.2, .NETFramework,Version=v4.8, .NETFramework,Version=v4.8.1' instead of the project target framework 'net8.0'. This package may not be fully compatible with your project.
C:\Users\ultra\warewolf\Dev\Dev2.Common.Interfaces\Dev2.Common.Interfaces.csproj : warning NU1903: Package 'Microsoft.Windows.Compatibility' 6.0.0 has a known high severity vulnerability, https://github.com/advisories/GHSA-555c-2p6r-68mm
C:\Users\ultra\warewolf\Dev\Dev2.Common\Dev2.Common.csproj : warning NU1903: Package 'Microsoft.Windows.Compatibility' 6.0.0 has a known high severity vulnerability, https://github.com/advisories/GHSA-555c-2p6r-68mm
C:\Users\ultra\warewolf\Dev\Dev2.Common.Interfaces\Dev2.Common.Interfaces.csproj : warning NU1701: Package 'AeroWizard 2.3.1' was restored using '.NETFramework,Version=v4.6.1, .NETFramework,Version=v4.6.2, .NETFramework,Version=v4.7, .NETFramework,Version=v4.7.1, .NETFramework,Version=v4.7.2, .NETFramework,Version=v4.8, .NETFramework,Version=v4.8.1' instead of the project target framework 'net8.0'. This package may not be fully compatible with your project.
C:\Users\ultra\warewolf\Dev\Dev2.Common.Interfaces\Dev2.Common.Interfaces.csproj : warning NU1701: Package 'GroupControls 1.9.0' was restored using '.NETFramework,Version=v4.6.1, .NETFramework,Version=v4.6.2, .NETFramework,Version=v4.7, .NETFramework,Version=v4.7.1, .NETFramework,Version=v4.7.2, .NETFramework,Version=v4.8, .NETFramework,Version=v4.8.1' instead of the project target framework 'net8.0'. This package may not be fully compatible with your project.
C:\Users\ultra\warewolf\Dev\Dev2.Common\Dev2.Common.csproj : warning NU1701: Package 'AeroWizard 2.3.1' was restored using '.NETFramework,Version=v4.6.1, .NETFramework,Version=v4.6.2, .NETFramework,Version=v4.7, .NETFramework,Version=v4.7.1, .NETFramework,Version=v4.7.2, .NETFramework,Version=v4.8, .NETFramework,Version=v4.8.1' instead of the project target framework 'net8.0'. This package may not be fully compatible with your project.
C:\Users\ultra\warewolf\Dev\Dev2.Common\Dev2.Common.csproj : warning NU1701: Package 'GroupControls 1.9.0' was restored using '.NETFramework,Version=v4.6.1, .NETFramework,Version=v4.6.2, .NETFramework,Version=v4.7, .NETFramework,Version=v4.7.1, .NETFramework,Version=v4.7.2, .NETFramework,Version=v4.8, .NETFramework,Version=v4.8.1' instead of the project target framework 'net8.0'. This package may not be fully compatible with your project.
C:\Users\ultra\warewolf\Dev\Dev2.Common.Interfaces\Dev2.Common.Interfaces.csproj : warning NU1701: Package 'TaskSchedulerEditor 2.10.1' was restored using '.NETFramework,Version=v4.6.1, .NETFramework,Version=v4.6.2, .NETFramework,Version=v4.7, .NETFramework,Version=v4.7.1, .NETFramework,Version=v4.7.2, .NETFramework,Version=v4.8, .NETFramework,Version=v4.8.1' instead of the project target framework 'net8.0'. This package may not be fully compatible with your project.
C:\Users\ultra\warewolf\Dev\Dev2.Common\Dev2.Common.csproj : warning NU1701: Package 'TaskSchedulerEditor 2.10.1' was restored using '.NETFramework,Version=v4.6.1, .NETFramework,Version=v4.6.2, .NETFramework,Version=v4.7, .NETFramework,Version=v4.7.1, .NETFramework,Version=v4.7.2, .NETFramework,Version=v4.8, .NETFramework,Version=v4.8.1' instead of the project target framework 'net8.0'. This package may not be fully compatible with your project.
C:\Program Files\dotnet\sdk\10.0.201\Sdks\Microsoft.NET.Sdk\targets\Microsoft.NET.Sdk.DefaultItems.targets(162,5): warning NETSDK1137: It is no longer necessary to use the Microsoft.NET.Sdk.WindowsDesktop SDK. Consider changing the Sdk attribute of the root Project element to 'Microsoft.NET.Sdk'. [C:\Users\ultra\warewolf\Dev\Dev2.Activities.Designers\Dev2.Activities.Designers.csproj]
C:\Users\ultra\warewolf\Dev\Dev2.Activities\Dev2.Activities.csproj : warning NU1903: Package 'Microsoft.Windows.Compatibility' 6.0.0 has a known high severity vulnerability, https://github.com/advisories/GHSA-555c-2p6r-68mm
C:\Users\ultra\warewolf\Dev\Dev2.Activities\Dev2.Activities.csproj : warning NU1701: Package 'AeroWizard 2.3.1' was restored using '.NETFramework,Version=v4.6.1, .NETFramework,Version=v4.6.2, .NETFramework,Version=v4.7, .NETFramework,Version=v4.7.1, .NETFramework,Version=v4.7.2, .NETFramework,Version=v4.8, .NETFramework,Version=v4.8.1' instead of the project target framework 'net8.0'. This package may not be fully compatible with your project.
C:\Users\ultra\warewolf\Dev\Dev2.Activities\Dev2.Activities.csproj : warning NU1701: Package 'GroupControls 1.9.0' was restored using '.NETFramework,Version=v4.6.1, .NETFramework,Version=v4.6.2, .NETFramework,Version=v4.7, .NETFramework,Version=v4.7.1, .NETFramework,Version=v4.7.2, .NETFramework,Version=v4.8, .NETFramework,Version=v4.8.1' instead of the project target framework 'net8.0'. This package may not be fully compatible with your project.
C:\Users\ultra\warewolf\Dev\Dev2.Activities\Dev2.Activities.csproj : warning NU1701: Package 'ReactiveUI.WPF 18.4.1' was restored using '.NETFramework,Version=v4.6.1, .NETFramework,Version=v4.6.2, .NETFramework,Version=v4.7, .NETFramework,Version=v4.7.1, .NETFramework,Version=v4.7.2, .NETFramework,Version=v4.8, .NETFramework,Version=v4.8.1' instead of the project target framework 'net8.0'. This package may not be fully compatible with your project.
C:\Program Files\dotnet\sdk\10.0.201\Sdks\Microsoft.NET.Sdk.WindowsDesktop\targets\Microsoft.NET.Sdk.WindowsDesktop.targets(138,5): warning NETSDK1106: Microsoft.NET.Sdk.WindowsDesktop requires 'UseWpf' or 'UseWindowsForms' to be set to 'true' [C:\Users\ultra\warewolf\Dev\Dev2.Activities.Designers\Dev2.Activities.Designers.csproj]
C:\Users\ultra\warewolf\Dev\Dev2.Activities\Dev2.Activities.csproj : warning NU1701: Package 'TaskSchedulerEditor 2.10.1' was restored using '.NETFramework,Version=v4.6.1, .NETFramework,Version=v4.6.2, .NETFramework,Version=v4.7, .NETFramework,Version=v4.7.1, .NETFramework,Version=v4.7.2, .NETFramework,Version=v4.8, .NETFramework,Version=v4.8.1' instead of the project target framework 'net8.0'. This package may not be fully compatible with your project.
C:\Users\ultra\warewolf\Dev\Dev2.Infrastructure.Tests\Dev2.Infrastructure.Tests.csproj : warning NU1701: Package 'AeroWizard 2.3.1' was restored using '.NETFramework,Version=v4.6.1, .NETFramework,Version=v4.6.2, .NETFramework,Version=v4.7, .NETFramework,Version=v4.7.1, .NETFramework,Version=v4.7.2, .NETFramework,Version=v4.8, .NETFramework,Version=v4.8.1' instead of the project target framework 'net8.0'. This package may not be fully compatible with your project.
C:\Users\ultra\warewolf\Dev\Dev2.Infrastructure.Tests\Dev2.Infrastructure.Tests.csproj : warning NU1701: Package 'GroupControls 1.9.0' was restored using '.NETFramework,Version=v4.6.1, .NETFramework,Version=v4.6.2, .NETFramework,Version=v4.7, .NETFramework,Version=v4.7.1, .NETFramework,Version=v4.7.2, .NETFramework,Version=v4.8, .NETFramework,Version=v4.8.1' instead of the project target framework 'net8.0'. This package may not be fully compatible with your project.
C:\Users\ultra\warewolf\Dev\Dev2.Infrastructure.Tests\Dev2.Infrastructure.Tests.csproj : warning NU1701: Package 'Microsoft.Xaml.Behaviors.Wpf 1.1.122' was restored using '.NETFramework,Version=v4.6.1, .NETFramework,Version=v4.6.2, .NETFramework,Version=v4.7, .NETFramework,Version=v4.7.1, .NETFramework,Version=v4.7.2, .NETFramework,Version=v4.8, .NETFramework,Version=v4.8.1' instead of the project target framework 'net8.0'. This package may not be fully compatible with your project.
C:\Users\ultra\warewolf\Dev\Dev2.Infrastructure.Tests\Dev2.Infrastructure.Tests.csproj : warning NU1701: Package 'Prism.Wpf 9.0.537' was restored using '.NETFramework,Version=v4.6.1, .NETFramework,Version=v4.6.2, .NETFramework,Version=v4.7, .NETFramework,Version=v4.7.1, .NETFramework,Version=v4.7.2, .NETFramework,Version=v4.8, .NETFramework,Version=v4.8.1' instead of the project target framework 'net8.0'. This package may not be fully compatible with your project.
C:\Users\ultra\warewolf\Dev\Dev2.Infrastructure.Tests\Dev2.Infrastructure.Tests.csproj : warning NU1701: Package 'ReactiveUI.WPF 18.4.1' was restored using '.NETFramework,Version=v4.6.1, .NETFramework,Version=v4.6.2, .NETFramework,Version=v4.7, .NETFramework,Version=v4.7.1, .NETFramework,Version=v4.7.2, .NETFramework,Version=v4.8, .NETFramework,Version=v4.8.1' instead of the project target framework 'net8.0'. This package may not be fully compatible with your project.
C:\Users\ultra\warewolf\Dev\Dev2.Infrastructure.Tests\Dev2.Infrastructure.Tests.csproj : warning NU1701: Package 'TaskSchedulerEditor 2.10.1' was restored using '.NETFramework,Version=v4.6.1, .NETFramework,Version=v4.6.2, .NETFramework,Version=v4.7, .NETFramework,Version=v4.7.1, .NETFramework,Version=v4.7.2, .NETFramework,Version=v4.8, .NETFramework,Version=v4.8.1' instead of the project target framework 'net8.0'. This package may not be fully compatible with your project.
C:\Users\ultra\warewolf\Dev\Warewolf.Storage\Warewolf.Storage.csproj : warning NU1701: Package 'AeroWizard 2.3.1' was restored using '.NETFramework,Version=v4.6.1, .NETFramework,Version=v4.6.2, .NETFramework,Version=v4.7, .NETFramework,Version=v4.7.1, .NETFramework,Version=v4.7.2, .NETFramework,Version=v4.8, .NETFramework,Version=v4.8.1' instead of the project target framework 'net8.0'. This package may not be fully compatible with your project.
C:\Users\ultra\warewolf\Dev\Warewolf.Storage\Warewolf.Storage.csproj : warning NU1701: Package 'GroupControls 1.9.0' was restored using '.NETFramework,Version=v4.6.1, .NETFramework,Version=v4.6.2, .NETFramework,Version=v4.7, .NETFramework,Version=v4.7.1, .NETFramework,Version=v4.7.2, .NETFramework,Version=v4.8, .NETFramework,Version=v4.8.1' instead of the project target framework 'net8.0'. This package may not be fully compatible with your project.
C:\Users\ultra\warewolf\Dev\Warewolf.Storage\Warewolf.Storage.csproj : warning NU1701: Package 'ReactiveUI.WPF 18.4.1' was restored using '.NETFramework,Version=v4.6.1, .NETFramework,Version=v4.6.2, .NETFramework,Version=v4.7, .NETFramework,Version=v4.7.1, .NETFramework,Version=v4.7.2, .NETFramework,Version=v4.8, .NETFramework,Version=v4.8.1' instead of the project target framework 'net8.0'. This package may not be fully compatible with your project.
C:\Users\ultra\warewolf\Dev\Warewolf.Storage\Warewolf.Storage.csproj : warning NU1701: Package 'TaskSchedulerEditor 2.10.1' was restored using '.NETFramework,Version=v4.6.1, .NETFramework,Version=v4.6.2, .NETFramework,Version=v4.7, .NETFramework,Version=v4.7.1, .NETFramework,Version=v4.7.2, .NETFramework,Version=v4.8, .NETFramework,Version=v4.8.1' instead of the project target framework 'net8.0'. This package may not be fully compatible with your project.
C:\Users\ultra\warewolf\Dev\Dev2.Activities.Tests\Dev2.Activities.Tests.csproj : warning NU1701: Package 'AeroWizard 2.3.1' was restored using '.NETFramework,Version=v4.6.1, .NETFramework,Version=v4.6.2, .NETFramework,Version=v4.7, .NETFramework,Version=v4.7.1, .NETFramework,Version=v4.7.2, .NETFramework,Version=v4.8, .NETFramework,Version=v4.8.1' instead of the project target framework 'net8.0'. This package may not be fully compatible with your project.
C:\Users\ultra\warewolf\Dev\Dev2.Activities.Tests\Dev2.Activities.Tests.csproj : warning NU1701: Package 'GroupControls 1.9.0' was restored using '.NETFramework,Version=v4.6.1, .NETFramework,Version=v4.6.2, .NETFramework,Version=v4.7, .NETFramework,Version=v4.7.1, .NETFramework,Version=v4.7.2, .NETFramework,Version=v4.8, .NETFramework,Version=v4.8.1' instead of the project target framework 'net8.0'. This package may not be fully compatible with your project.
C:\Users\ultra\warewolf\Dev\Dev2.Activities.Tests\Dev2.Activities.Tests.csproj : warning NU1701: Package 'Microsoft.Xaml.Behaviors.Wpf 1.1.122' was restored using '.NETFramework,Version=v4.6.1, .NETFramework,Version=v4.6.2, .NETFramework,Version=v4.7, .NETFramework,Version=v4.7.1, .NETFramework,Version=v4.7.2, .NETFramework,Version=v4.8, .NETFramework,Version=v4.8.1' instead of the project target framework 'net8.0'. This package may not be fully compatible with your project.
C:\Users\ultra\warewolf\Dev\Dev2.Activities.Tests\Dev2.Activities.Tests.csproj : warning NU1701: Package 'Prism.Wpf 9.0.537' was restored using '.NETFramework,Version=v4.6.1, .NETFramework,Version=v4.6.2, .NETFramework,Version=v4.7, .NETFramework,Version=v4.7.1, .NETFramework,Version=v4.7.2, .NETFramework,Version=v4.8, .NETFramework,Version=v4.8.1' instead of the project target framework 'net8.0'. This package may not be fully compatible with your project.
C:\Users\ultra\warewolf\Dev\Dev2.Activities.Tests\Dev2.Activities.Tests.csproj : warning NU1701: Package 'ReactiveUI.WPF 18.4.1' was restored using '.NETFramework,Version=v4.6.1, .NETFramework,Version=v4.6.2, .NETFramework,Version=v4.7, .NETFramework,Version=v4.7.1, .NETFramework,Version=v4.7.2, .NETFramework,Version=v4.8, .NETFramework,Version=v4.8.1' instead of the project target framework 'net8.0'. This package may not be fully compatible with your project.
C:\Users\ultra\warewolf\Dev\Dev2.Activities.Tests\Dev2.Activities.Tests.csproj : warning NU1701: Package 'TaskSchedulerEditor 2.10.1' was restored using '.NETFramework,Version=v4.6.1, .NETFramework,Version=v4.6.2, .NETFramework,Version=v4.7, .NETFramework,Version=v4.7.1, .NETFramework,Version=v4.7.2, .NETFramework,Version=v4.8, .NETFramework,Version=v4.8.1' instead of the project target framework 'net8.0'. This package may not be fully compatible with your project.
C:\Users\ultra\warewolf\Dev\Dev2.Activities.Designers\Dev2.Activities.Designers.csproj : warning NU1701: Package 'AeroWizard 2.3.1' was restored using '.NETFramework,Version=v4.6.1, .NETFramework,Version=v4.6.2, .NETFramework,Version=v4.7, .NETFramework,Version=v4.7.1, .NETFramework,Version=v4.7.2, .NETFramework,Version=v4.8, .NETFramework,Version=v4.8.1' instead of the project target framework 'net8.0'. This package may not be fully compatible with your project.
C:\Users\ultra\warewolf\Dev\Dev2.Activities.Designers\Dev2.Activities.Designers.csproj : warning NU1701: Package 'GroupControls 1.9.0' was restored using '.NETFramework,Version=v4.6.1, .NETFramework,Version=v4.6.2, .NETFramework,Version=v4.7, .NETFramework,Version=v4.7.1, .NETFramework,Version=v4.7.2, .NETFramework,Version=v4.8, .NETFramework,Version=v4.8.1' instead of the project target framework 'net8.0'. This package may not be fully compatible with your project.
C:\Users\ultra\warewolf\Dev\Dev2.Activities.Designers\Dev2.Activities.Designers.csproj : warning NU1701: Package 'Microsoft.Xaml.Behaviors.Wpf 1.1.122' was restored using '.NETFramework,Version=v4.6.1, .NETFramework,Version=v4.6.2, .NETFramework,Version=v4.7, .NETFramework,Version=v4.7.1, .NETFramework,Version=v4.7.2, .NETFramework,Version=v4.8, .NETFramework,Version=v4.8.1' instead of the project target framework 'net8.0'. This package may not be fully compatible with your project.
C:\Users\ultra\warewolf\Dev\Dev2.Activities.Designers\Dev2.Activities.Designers.csproj : warning NU1701: Package 'Prism.Wpf 9.0.537' was restored using '.NETFramework,Version=v4.6.1, .NETFramework,Version=v4.6.2, .NETFramework,Version=v4.7, .NETFramework,Version=v4.7.1, .NETFramework,Version=v4.7.2, .NETFramework,Version=v4.8, .NETFramework,Version=v4.8.1' instead of the project target framework 'net8.0'. This package may not be fully compatible with your project.
C:\Users\ultra\warewolf\Dev\Dev2.Activities.Designers\Dev2.Activities.Designers.csproj : warning NU1701: Package 'ReactiveUI.WPF 18.4.1' was restored using '.NETFramework,Version=v4.6.1, .NETFramework,Version=v4.6.2, .NETFramework,Version=v4.7, .NETFramework,Version=v4.7.1, .NETFramework,Version=v4.7.2, .NETFramework,Version=v4.8, .NETFramework,Version=v4.8.1' instead of the project target framework 'net8.0'. This package may not be fully compatible with your project.
C:\Users\ultra\warewolf\Dev\Dev2.Activities.Designers\Dev2.Activities.Designers.csproj : warning NU1701: Package 'TaskSchedulerEditor 2.10.1' was restored using '.NETFramework,Version=v4.6.1, .NETFramework,Version=v4.6.2, .NETFramework,Version=v4.7, .NETFramework,Version=v4.7.1, .NETFramework,Version=v4.7.2, .NETFramework,Version=v4.8, .NETFramework,Version=v4.8.1' instead of the project target framework 'net8.0'. This package may not be fully compatible with your project.
C:\Users\ultra\warewolf\Dev\Dev2.Runtime.Tests\Dev2.Runtime.Tests.csproj : warning NU1701: Package 'AeroWizard 2.3.1' was restored using '.NETFramework,Version=v4.6.1, .NETFramework,Version=v4.6.2, .NETFramework,Version=v4.7, .NETFramework,Version=v4.7.1, .NETFramework,Version=v4.7.2, .NETFramework,Version=v4.8, .NETFramework,Version=v4.8.1' instead of the project target framework 'net8.0'. This package may not be fully compatible with your project.
C:\Users\ultra\warewolf\Dev\Dev2.Services.Sql\Dev2.Services.Sql.csproj : warning NU1903: Package 'Oracle.ManagedDataAccess.Core' 3.21.70 has a known high severity vulnerability, https://github.com/advisories/GHSA-5pm2-9mr2-3frq
C:\Users\ultra\warewolf\Dev\Dev2.Services.Sql\Dev2.Services.Sql.csproj : warning NU1701: Package 'AeroWizard 2.3.1' was restored using '.NETFramework,Version=v4.6.1, .NETFramework,Version=v4.6.2, .NETFramework,Version=v4.7, .NETFramework,Version=v4.7.1, .NETFramework,Version=v4.7.2, .NETFramework,Version=v4.8, .NETFramework,Version=v4.8.1' instead of the project target framework 'net8.0'. This package may not be fully compatible with your project.
C:\Users\ultra\warewolf\Dev\Dev2.Services.Sql\Dev2.Services.Sql.csproj : warning NU1701: Package 'GroupControls 1.9.0' was restored using '.NETFramework,Version=v4.6.1, .NETFramework,Version=v4.6.2, .NETFramework,Version=v4.7, .NETFramework,Version=v4.7.1, .NETFramework,Version=v4.7.2, .NETFramework,Version=v4.8, .NETFramework,Version=v4.8.1' instead of the project target framework 'net8.0'. This package may not be fully compatible with your project.
C:\Users\ultra\warewolf\Dev\Dev2.Services.Sql\Dev2.Services.Sql.csproj : warning NU1701: Package 'ReactiveUI.WPF 18.4.1' was restored using '.NETFramework,Version=v4.6.1, .NETFramework,Version=v4.6.2, .NETFramework,Version=v4.7, .NETFramework,Version=v4.7.1, .NETFramework,Version=v4.7.2, .NETFramework,Version=v4.8, .NETFramework,Version=v4.8.1' instead of the project target framework 'net8.0'. This package may not be fully compatible with your project.
C:\Users\ultra\warewolf\Dev\Dev2.Services.Sql\Dev2.Services.Sql.csproj : warning NU1701: Package 'TaskSchedulerEditor 2.10.1' was restored using '.NETFramework,Version=v4.6.1, .NETFramework,Version=v4.6.2, .NETFramework,Version=v4.7, .NETFramework,Version=v4.7.1, .NETFramework,Version=v4.7.2, .NETFramework,Version=v4.8, .NETFramework,Version=v4.8.1' instead of the project target framework 'net8.0'. This package may not be fully compatible with your project.
C:\Users\ultra\warewolf\Dev\Dev2.Runtime.Tests\Dev2.Runtime.Tests.csproj : warning NU1701: Package 'AvalonEdit 6.3.0.90' was restored using '.NETFramework,Version=v4.6.1, .NETFramework,Version=v4.6.2, .NETFramework,Version=v4.7, .NETFramework,Version=v4.7.1, .NETFramework,Version=v4.7.2, .NETFramework,Version=v4.8, .NETFramework,Version=v4.8.1' instead of the project target framework 'net8.0'. This package may not be fully compatible with your project.
C:\Users\ultra\warewolf\Dev\Dev2.Runtime.Tests\Dev2.Runtime.Tests.csproj : warning NU1701: Package 'CommonServiceLocator 1.2.0' was restored using '.NETFramework,Version=v4.6.1, .NETFramework,Version=v4.6.2, .NETFramework,Version=v4.7, .NETFramework,Version=v4.7.1, .NETFramework,Version=v4.7.2, .NETFramework,Version=v4.8, .NETFramework,Version=v4.8.1' instead of the project target framework 'net8.0'. This package may not be fully compatible with your project.
C:\Users\ultra\warewolf\Dev\Dev2.Runtime.Tests\Dev2.Runtime.Tests.csproj : warning NU1701: Package 'FontAwesome.WPF 4.7.0.9' was restored using '.NETFramework,Version=v4.6.1, .NETFramework,Version=v4.6.2, .NETFramework,Version=v4.7, .NETFramework,Version=v4.7.1, .NETFramework,Version=v4.7.2, .NETFramework,Version=v4.8, .NETFramework,Version=v4.8.1' instead of the project target framework 'net8.0'. This package may not be fully compatible with your project.
C:\Users\ultra\warewolf\Dev\Dev2.Runtime.Tests\Dev2.Runtime.Tests.csproj : warning NU1701: Package 'GroupControls 1.9.0' was restored using '.NETFramework,Version=v4.6.1, .NETFramework,Version=v4.6.2, .NETFramework,Version=v4.7, .NETFramework,Version=v4.7.1, .NETFramework,Version=v4.7.2, .NETFramework,Version=v4.8, .NETFramework,Version=v4.8.1' instead of the project target framework 'net8.0'. This package may not be fully compatible with your project.
C:\Users\ultra\warewolf\Dev\Dev2.Runtime.Tests\Dev2.Runtime.Tests.csproj : warning NU1701: Package 'Log4Net.Async 2.0.4' was restored using '.NETFramework,Version=v4.6.1, .NETFramework,Version=v4.6.2, .NETFramework,Version=v4.7, .NETFramework,Version=v4.7.1, .NETFramework,Version=v4.7.2, .NETFramework,Version=v4.8, .NETFramework,Version=v4.8.1' instead of the project target framework 'net8.0'. This package may not be fully compatible with your project.
C:\Users\ultra\warewolf\Dev\Dev2.Runtime.Tests\Dev2.Runtime.Tests.csproj : warning NU1701: Package 'Microsoft.Xaml.Behaviors.Wpf 1.1.122' was restored using '.NETFramework,Version=v4.6.1, .NETFramework,Version=v4.6.2, .NETFramework,Version=v4.7, .NETFramework,Version=v4.7.1, .NETFramework,Version=v4.7.2, .NETFramework,Version=v4.8, .NETFramework,Version=v4.8.1' instead of the project target framework 'net8.0'. This package may not be fully compatible with your project.
C:\Users\ultra\warewolf\Dev\Dev2.Runtime.Tests\Dev2.Runtime.Tests.csproj : warning NU1701: Package 'Prism.Composition 5.0.0' was restored using '.NETFramework,Version=v4.6.1, .NETFramework,Version=v4.6.2, .NETFramework,Version=v4.7, .NETFramework,Version=v4.7.1, .NETFramework,Version=v4.7.2, .NETFramework,Version=v4.8, .NETFramework,Version=v4.8.1' instead of the project target framework 'net8.0'. This package may not be fully compatible with your project.
C:\Users\ultra\warewolf\Dev\Dev2.Runtime.Tests\Dev2.Runtime.Tests.csproj : warning NU1701: Package 'Prism.Interactivity 5.0.0' was restored using '.NETFramework,Version=v4.6.1, .NETFramework,Version=v4.6.2, .NETFramework,Version=v4.7, .NETFramework,Version=v4.7.1, .NETFramework,Version=v4.7.2, .NETFramework,Version=v4.8, .NETFramework,Version=v4.8.1' instead of the project target framework 'net8.0'. This package may not be fully compatible with your project.
C:\Users\ultra\warewolf\Dev\Dev2.Runtime.Tests\Dev2.Runtime.Tests.csproj : warning NU1701: Package 'Prism.Mvvm 1.0.0' was restored using '.NETFramework,Version=v4.6.1, .NETFramework,Version=v4.6.2, .NETFramework,Version=v4.7, .NETFramework,Version=v4.7.1, .NETFramework,Version=v4.7.2, .NETFramework,Version=v4.8, .NETFramework,Version=v4.8.1' instead of the project target framework 'net8.0'. This package may not be fully compatible with your project.
C:\Users\ultra\warewolf\Dev\Dev2.Runtime.Tests\Dev2.Runtime.Tests.csproj : warning NU1701: Package 'Prism.PubSubEvents 1.0.0' was restored using '.NETFramework,Version=v4.6.1, .NETFramework,Version=v4.6.2, .NETFramework,Version=v4.7, .NETFramework,Version=v4.7.1, .NETFramework,Version=v4.7.2, .NETFramework,Version=v4.8, .NETFramework,Version=v4.8.1' instead of the project target framework 'net8.0'. This package may not be fully compatible with your project.
C:\Users\ultra\warewolf\Dev\Dev2.Runtime.Tests\Dev2.Runtime.Tests.csproj : warning NU1701: Package 'Prism.UnityExtensions 5.0.1' was restored using '.NETFramework,Version=v4.6.1, .NETFramework,Version=v4.6.2, .NETFramework,Version=v4.7, .NETFramework,Version=v4.7.1, .NETFramework,Version=v4.7.2, .NETFramework,Version=v4.8, .NETFramework,Version=v4.8.1' instead of the project target framework 'net8.0'. This package may not be fully compatible with your project.
C:\Users\ultra\warewolf\Dev\Dev2.Runtime.Tests\Dev2.Runtime.Tests.csproj : warning NU1701: Package 'Prism.Wpf 9.0.537' was restored using '.NETFramework,Version=v4.6.1, .NETFramework,Version=v4.6.2, .NETFramework,Version=v4.7, .NETFramework,Version=v4.7.1, .NETFramework,Version=v4.7.2, .NETFramework,Version=v4.8, .NETFramework,Version=v4.8.1' instead of the project target framework 'net8.0'. This package may not be fully compatible with your project.
C:\Users\ultra\warewolf\Dev\Dev2.Runtime.Tests\Dev2.Runtime.Tests.csproj : warning NU1701: Package 'ReactiveUI.WPF 18.4.1' was restored using '.NETFramework,Version=v4.6.1, .NETFramework,Version=v4.6.2, .NETFramework,Version=v4.7, .NETFramework,Version=v4.7.1, .NETFramework,Version=v4.7.2, .NETFramework,Version=v4.8, .NETFramework,Version=v4.8.1' instead of the project target framework 'net8.0'. This package may not be fully compatible with your project.
C:\Users\ultra\warewolf\Dev\Dev2.Runtime.Tests\Dev2.Runtime.Tests.csproj : warning NU1701: Package 'TaskSchedulerEditor 2.10.1' was restored using '.NETFramework,Version=v4.6.1, .NETFramework,Version=v4.6.2, .NETFramework,Version=v4.7, .NETFramework,Version=v4.7.1, .NETFramework,Version=v4.7.2, .NETFramework,Version=v4.8, .NETFramework,Version=v4.8.1' instead of the project target framework 'net8.0'. This package may not be fully compatible with your project.
C:\Users\ultra\warewolf\Dev\Dev2.Runtime.Tests\Dev2.Runtime.Tests.csproj : warning NU1701: Package 'Unofficial.Microsoft.mshtml 7.0.3300' was restored using '.NETFramework,Version=v4.6.1, .NETFramework,Version=v4.6.2, .NETFramework,Version=v4.7, .NETFramework,Version=v4.7.1, .NETFramework,Version=v4.7.2, .NETFramework,Version=v4.8, .NETFramework,Version=v4.8.1' instead of the project target framework 'net8.0'. This package may not be fully compatible with your project.
  Log4Net.Async -> C:\Users\ultra\warewolf\Dev\Log4Net.Async\bin\Debug\net8.0\Log4Net.Async.dll
C:\Users\ultra\warewolf\Dev\Dev2.Runtime.Configuration\Dev2.Runtime.Configuration.csproj : warning NU1903: Package 'Microsoft.Windows.Compatibility' 6.0.0 has a known high severity vulnerability, https://github.com/advisories/GHSA-555c-2p6r-68mm
C:\Users\ultra\warewolf\Dev\Dev2.Runtime.Configuration\Dev2.Runtime.Configuration.csproj : warning NU1701: Package 'AeroWizard 2.3.1' was restored using '.NETFramework,Version=v4.6.1, .NETFramework,Version=v4.6.2, .NETFramework,Version=v4.7, .NETFramework,Version=v4.7.1, .NETFramework,Version=v4.7.2, .NETFramework,Version=v4.8, .NETFramework,Version=v4.8.1' instead of the project target framework 'net8.0'. This package may not be fully compatible with your project.
C:\Users\ultra\warewolf\Dev\Dev2.Runtime.Configuration\Dev2.Runtime.Configuration.csproj : warning NU1701: Package 'GroupControls 1.9.0' was restored using '.NETFramework,Version=v4.6.1, .NETFramework,Version=v4.6.2, .NETFramework,Version=v4.7, .NETFramework,Version=v4.7.1, .NETFramework,Version=v4.7.2, .NETFramework,Version=v4.8, .NETFramework,Version=v4.8.1' instead of the project target framework 'net8.0'. This package may not be fully compatible with your project.
C:\Users\ultra\warewolf\Dev\Dev2.Runtime.Configuration\Dev2.Runtime.Configuration.csproj : warning NU1701: Package 'TaskSchedulerEditor 2.10.1' was restored using '.NETFramework,Version=v4.6.1, .NETFramework,Version=v4.6.2, .NETFramework,Version=v4.7, .NETFramework,Version=v4.7.1, .NETFramework,Version=v4.7.2, .NETFramework,Version=v4.8, .NETFramework,Version=v4.8.1' instead of the project target framework 'net8.0'. This package may not be fully compatible with your project.
C:\Users\ultra\warewolf\Dev\Dev2.Development.Languages\Dev2.Development.Languages.csproj : warning NU1701: Package 'AeroWizard 2.3.1' was restored using '.NETFramework,Version=v4.6.1, .NETFramework,Version=v4.6.2, .NETFramework,Version=v4.7, .NETFramework,Version=v4.7.1, .NETFramework,Version=v4.7.2, .NETFramework,Version=v4.8, .NETFramework,Version=v4.8.1' instead of the project target framework 'net8.0'. This package may not be fully compatible with your project.
C:\Users\ultra\warewolf\Dev\Dev2.Development.Languages\Dev2.Development.Languages.csproj : warning NU1701: Package 'GroupControls 1.9.0' was restored using '.NETFramework,Version=v4.6.1, .NETFramework,Version=v4.6.2, .NETFramework,Version=v4.7, .NETFramework,Version=v4.7.1, .NETFramework,Version=v4.7.2, .NETFramework,Version=v4.8, .NETFramework,Version=v4.8.1' instead of the project target framework 'net8.0'. This package may not be fully compatible with your project.
C:\Users\ultra\warewolf\Dev\Dev2.Development.Languages\Dev2.Development.Languages.csproj : warning NU1701: Package 'TaskSchedulerEditor 2.10.1' was restored using '.NETFramework,Version=v4.6.1, .NETFramework,Version=v4.6.2, .NETFramework,Version=v4.7, .NETFramework,Version=v4.7.1, .NETFramework,Version=v4.7.2, .NETFramework,Version=v4.8, .NETFramework,Version=v4.8.1' instead of the project target framework 'net8.0'. This package may not be fully compatible with your project.
C:\Users\ultra\warewolf\Dev\Warewolf.Common\Warewolf.Common.csproj : warning NU1701: Package 'AeroWizard 2.3.1' was restored using '.NETFramework,Version=v4.6.1, .NETFramework,Version=v4.6.2, .NETFramework,Version=v4.7, .NETFramework,Version=v4.7.1, .NETFramework,Version=v4.7.2, .NETFramework,Version=v4.8, .NETFramework,Version=v4.8.1' instead of the project target framework 'net8.0'. This package may not be fully compatible with your project.
C:\Users\ultra\warewolf\Dev\Warewolf.Common\Warewolf.Common.csproj : warning NU1701: Package 'GroupControls 1.9.0' was restored using '.NETFramework,Version=v4.6.1, .NETFramework,Version=v4.6.2, .NETFramework,Version=v4.7, .NETFramework,Version=v4.7.1, .NETFramework,Version=v4.7.2, .NETFramework,Version=v4.8, .NETFramework,Version=v4.8.1' instead of the project target framework 'net8.0'. This package may not be fully compatible with your project.
C:\Users\ultra\warewolf\Dev\Warewolf.Common\Warewolf.Common.csproj : warning NU1701: Package 'TaskSchedulerEditor 2.10.1' was restored using '.NETFramework,Version=v4.6.1, .NETFramework,Version=v4.6.2, .NETFramework,Version=v4.7, .NETFramework,Version=v4.7.1, .NETFramework,Version=v4.7.2, .NETFramework,Version=v4.8, .NETFramework,Version=v4.8.1' instead of the project target framework 'net8.0'. This package may not be fully compatible with your project.
C:\Users\ultra\warewolf\Dev\Dev2.Diagnostics.Tests\Dev2.Diagnostics.Tests.csproj : warning NU1701: Package 'AeroWizard 2.3.1' was restored using '.NETFramework,Version=v4.6.1, .NETFramework,Version=v4.6.2, .NETFramework,Version=v4.7, .NETFramework,Version=v4.7.1, .NETFramework,Version=v4.7.2, .NETFramework,Version=v4.8, .NETFramework,Version=v4.8.1' instead of the project target framework 'net8.0'. This package may not be fully compatible with your project.
C:\Users\ultra\warewolf\Dev\Dev2.Runtime.Configuration.Tests\Dev2.Runtime.Configuration.Tests.csproj : warning NU1701: Package 'AeroWizard 2.3.1' was restored using '.NETFramework,Version=v4.6.1, .NETFramework,Version=v4.6.2, .NETFramework,Version=v4.7, .NETFramework,Version=v4.7.1, .NETFramework,Version=v4.7.2, .NETFramework,Version=v4.8, .NETFramework,Version=v4.8.1' instead of the project target framework 'net8.0'. This package may not be fully compatible with your project.
C:\Users\ultra\warewolf\Dev\Dev2.Runtime.Configuration.Tests\Dev2.Runtime.Configuration.Tests.csproj : warning NU1701: Package 'GroupControls 1.9.0' was restored using '.NETFramework,Version=v4.6.1, .NETFramework,Version=v4.6.2, .NETFramework,Version=v4.7, .NETFramework,Version=v4.7.1, .NETFramework,Version=v4.7.2, .NETFramework,Version=v4.8, .NETFramework,Version=v4.8.1' instead of the project target framework 'net8.0'. This package may not be fully compatible with your project.
C:\Users\ultra\warewolf\Dev\Dev2.Diagnostics.Tests\Dev2.Diagnostics.Tests.csproj : warning NU1701: Package 'GroupControls 1.9.0' was restored using '.NETFramework,Version=v4.6.1, .NETFramework,Version=v4.6.2, .NETFramework,Version=v4.7, .NETFramework,Version=v4.7.1, .NETFramework,Version=v4.7.2, .NETFramework,Version=v4.8, .NETFramework,Version=v4.8.1' instead of the project target framework 'net8.0'. This package may not be fully compatible with your project.
C:\Users\ultra\warewolf\Dev\Dev2.Diagnostics.Tests\Dev2.Diagnostics.Tests.csproj : warning NU1701: Package 'Microsoft.Xaml.Behaviors.Wpf 1.1.122' was restored using '.NETFramework,Version=v4.6.1, .NETFramework,Version=v4.6.2, .NETFramework,Version=v4.7, .NETFramework,Version=v4.7.1, .NETFramework,Version=v4.7.2, .NETFramework,Version=v4.8, .NETFramework,Version=v4.8.1' instead of the project target framework 'net8.0'. This package may not be fully compatible with your project.
C:\Users\ultra\warewolf\Dev\Dev2.Runtime.Configuration.Tests\Dev2.Runtime.Configuration.Tests.csproj : warning NU1701: Package 'TaskSchedulerEditor 2.10.1' was restored using '.NETFramework,Version=v4.6.1, .NETFramework,Version=v4.6.2, .NETFramework,Version=v4.7, .NETFramework,Version=v4.7.1, .NETFramework,Version=v4.7.2, .NETFramework,Version=v4.8, .NETFramework,Version=v4.8.1' instead of the project target framework 'net8.0'. This package may not be fully compatible with your project.
C:\Users\ultra\warewolf\Dev\Dev2.Diagnostics.Tests\Dev2.Diagnostics.Tests.csproj : warning NU1701: Package 'Prism.Wpf 9.0.537' was restored using '.NETFramework,Version=v4.6.1, .NETFramework,Version=v4.6.2, .NETFramework,Version=v4.7, .NETFramework,Version=v4.7.1, .NETFramework,Version=v4.7.2, .NETFramework,Version=v4.8, .NETFramework,Version=v4.8.1' instead of the project target framework 'net8.0'. This package may not be fully compatible with your project.
C:\Users\ultra\warewolf\Dev\Dev2.Diagnostics.Tests\Dev2.Diagnostics.Tests.csproj : warning NU1701: Package 'ReactiveUI.WPF 18.4.1' was restored using '.NETFramework,Version=v4.6.1, .NETFramework,Version=v4.6.2, .NETFramework,Version=v4.7, .NETFramework,Version=v4.7.1, .NETFramework,Version=v4.7.2, .NETFramework,Version=v4.8, .NETFramework,Version=v4.8.1' instead of the project target framework 'net8.0'. This package may not be fully compatible with your project.
C:\Users\ultra\warewolf\Dev\Dev2.Diagnostics.Tests\Dev2.Diagnostics.Tests.csproj : warning NU1701: Package 'TaskSchedulerEditor 2.10.1' was restored using '.NETFramework,Version=v4.6.1, .NETFramework,Version=v4.6.2, .NETFramework,Version=v4.7, .NETFramework,Version=v4.7.1, .NETFramework,Version=v4.7.2, .NETFramework,Version=v4.8, .NETFramework,Version=v4.8.1' instead of the project target framework 'net8.0'. This package may not be fully compatible with your project.
C:\Users\ultra\warewolf\Dev\Warewolf.HangfireServer\Warewolf.HangfireServer.csproj : warning NU1903: Package 'Microsoft.Windows.Compatibility' 6.0.0 has a known high severity vulnerability, https://github.com/advisories/GHSA-555c-2p6r-68mm
C:\Users\ultra\warewolf\Dev\Warewolf.HangfireServer\Warewolf.HangfireServer.csproj : warning NU1701: Package 'AeroWizard 2.3.1' was restored using '.NETFramework,Version=v4.6.1, .NETFramework,Version=v4.6.2, .NETFramework,Version=v4.7, .NETFramework,Version=v4.7.1, .NETFramework,Version=v4.7.2, .NETFramework,Version=v4.8, .NETFramework,Version=v4.8.1' instead of the project target framework 'net8.0'. This package may not be fully compatible with your project.
C:\Users\ultra\warewolf\Dev\Warewolf.HangfireServer\Warewolf.HangfireServer.csproj : warning NU1701: Package 'GroupControls 1.9.0' was restored using '.NETFramework,Version=v4.6.1, .NETFramework,Version=v4.6.2, .NETFramework,Version=v4.7, .NETFramework,Version=v4.7.1, .NETFramework,Version=v4.7.2, .NETFramework,Version=v4.8, .NETFramework,Version=v4.8.1' instead of the project target framework 'net8.0'. This package may not be fully compatible with your project.
C:\Users\ultra\warewolf\Dev\Warewolf.HangfireServer\Warewolf.HangfireServer.csproj : warning NU1701: Package 'ReactiveUI.WPF 18.4.1' was restored using '.NETFramework,Version=v4.6.1, .NETFramework,Version=v4.6.2, .NETFramework,Version=v4.7, .NETFramework,Version=v4.7.1, .NETFramework,Version=v4.7.2, .NETFramework,Version=v4.8, .NETFramework,Version=v4.8.1' instead of the project target framework 'net8.0'. This package may not be fully compatible with your project.
C:\Users\ultra\warewolf\Dev\Warewolf.HangfireServer\Warewolf.HangfireServer.csproj : warning NU1701: Package 'TaskSchedulerEditor 2.10.1' was restored using '.NETFramework,Version=v4.6.1, .NETFramework,Version=v4.6.2, .NETFramework,Version=v4.7, .NETFramework,Version=v4.7.1, .NETFramework,Version=v4.7.2, .NETFramework,Version=v4.8, .NETFramework,Version=v4.8.1' instead of the project target framework 'net8.0'. This package may not be fully compatible with your project.
C:\Program Files\dotnet\sdk\10.0.201\Sdks\Microsoft.NET.Sdk\targets\Microsoft.NET.Sdk.DefaultItems.targets(162,5): warning NETSDK1137: It is no longer necessary to use the Microsoft.NET.Sdk.WindowsDesktop SDK. Consider changing the Sdk attribute of the root Project element to 'Microsoft.NET.Sdk'. [C:\Users\ultra\warewolf\Dev\Warewolf.UI\Warewolf.UI.csproj]
C:\Program Files\dotnet\sdk\10.0.201\Sdks\Microsoft.NET.Sdk.WindowsDesktop\targets\Microsoft.NET.Sdk.WindowsDesktop.targets(138,5): warning NETSDK1106: Microsoft.NET.Sdk.WindowsDesktop requires 'UseWpf' or 'UseWindowsForms' to be set to 'true' [C:\Users\ultra\warewolf\Dev\Warewolf.UI\Warewolf.UI.csproj]
C:\Users\ultra\warewolf\Dev\Warewolf.Security\Warewolf.Security.csproj : warning NU1904: Package 'System.Drawing.Common' 4.5.1 has a known critical severity vulnerability, https://github.com/advisories/GHSA-rxg9-xrhp-64gj
C:\Users\ultra\warewolf\Dev\Warewolf.Studio.Models\Warewolf.Studio.Models.csproj : warning NU1701: Package 'AeroWizard 2.3.1' was restored using '.NETFramework,Version=v4.6.1, .NETFramework,Version=v4.6.2, .NETFramework,Version=v4.7, .NETFramework,Version=v4.7.1, .NETFramework,Version=v4.7.2, .NETFramework,Version=v4.8, .NETFramework,Version=v4.8.1' instead of the project target framework 'net8.0'. This package may not be fully compatible with your project.
C:\Users\ultra\warewolf\Dev\Warewolf.Studio.Models\Warewolf.Studio.Models.csproj : warning NU1701: Package 'GroupControls 1.9.0' was restored using '.NETFramework,Version=v4.6.1, .NETFramework,Version=v4.6.2, .NETFramework,Version=v4.7, .NETFramework,Version=v4.7.1, .NETFramework,Version=v4.7.2, .NETFramework,Version=v4.8, .NETFramework,Version=v4.8.1' instead of the project target framework 'net8.0'. This package may not be fully compatible with your project.
C:\Users\ultra\warewolf\Dev\Warewolf.Studio.Models\Warewolf.Studio.Models.csproj : warning NU1701: Package 'Microsoft.Xaml.Behaviors.Wpf 1.1.122' was restored using '.NETFramework,Version=v4.6.1, .NETFramework,Version=v4.6.2, .NETFramework,Version=v4.7, .NETFramework,Version=v4.7.1, .NETFramework,Version=v4.7.2, .NETFramework,Version=v4.8, .NETFramework,Version=v4.8.1' instead of the project target framework 'net8.0'. This package may not be fully compatible with your project.
C:\Users\ultra\warewolf\Dev\Warewolf.Studio.Models\Warewolf.Studio.Models.csproj : warning NU1701: Package 'Prism.Wpf 9.0.537' was restored using '.NETFramework,Version=v4.6.1, .NETFramework,Version=v4.6.2, .NETFramework,Version=v4.7, .NETFramework,Version=v4.7.1, .NETFramework,Version=v4.7.2, .NETFramework,Version=v4.8, .NETFramework,Version=v4.8.1' instead of the project target framework 'net8.0'. This package may not be fully compatible with your project.
C:\Users\ultra\warewolf\Dev\Warewolf.Studio.Models\Warewolf.Studio.Models.csproj : warning NU1701: Package 'ReactiveUI.WPF 18.4.1' was restored using '.NETFramework,Version=v4.6.1, .NETFramework,Version=v4.6.2, .NETFramework,Version=v4.7, .NETFramework,Version=v4.7.1, .NETFramework,Version=v4.7.2, .NETFramework,Version=v4.8, .NETFramework,Version=v4.8.1' instead of the project target framework 'net8.0'. This package may not be fully compatible with your project.
C:\Users\ultra\warewolf\Dev\Warewolf.Studio.Models\Warewolf.Studio.Models.csproj : warning NU1701: Package 'TaskSchedulerEditor 2.10.1' was restored using '.NETFramework,Version=v4.6.1, .NETFramework,Version=v4.6.2, .NETFramework,Version=v4.7, .NETFramework,Version=v4.7.1, .NETFramework,Version=v4.7.2, .NETFramework,Version=v4.8, .NETFramework,Version=v4.8.1' instead of the project target framework 'net8.0'. This package may not be fully compatible with your project.
C:\Users\ultra\warewolf\Dev\Dev2.Scheduler\Dev2.Scheduler.csproj : warning NU1701: Package 'AeroWizard 2.3.1' was restored using '.NETFramework,Version=v4.6.1, .NETFramework,Version=v4.6.2, .NETFramework,Version=v4.7, .NETFramework,Version=v4.7.1, .NETFramework,Version=v4.7.2, .NETFramework,Version=v4.8, .NETFramework,Version=v4.8.1' instead of the project target framework 'net8.0'. This package may not be fully compatible with your project.
C:\Users\ultra\warewolf\Dev\Dev2.Scheduler\Dev2.Scheduler.csproj : warning NU1701: Package 'GroupControls 1.9.0' was restored using '.NETFramework,Version=v4.6.1, .NETFramework,Version=v4.6.2, .NETFramework,Version=v4.7, .NETFramework,Version=v4.7.1, .NETFramework,Version=v4.7.2, .NETFramework,Version=v4.8, .NETFramework,Version=v4.8.1' instead of the project target framework 'net8.0'. This package may not be fully compatible with your project.
C:\Users\ultra\warewolf\Dev\Dev2.Scheduler\Dev2.Scheduler.csproj : warning NU1701: Package 'ReactiveUI.WPF 18.4.1' was restored using '.NETFramework,Version=v4.6.1, .NETFramework,Version=v4.6.2, .NETFramework,Version=v4.7, .NETFramework,Version=v4.7.1, .NETFramework,Version=v4.7.2, .NETFramework,Version=v4.8, .NETFramework,Version=v4.8.1' instead of the project target framework 'net8.0'. This package may not be fully compatible with your project.
C:\Users\ultra\warewolf\Dev\Dev2.Scheduler\Dev2.Scheduler.csproj : warning NU1701: Package 'TaskSchedulerEditor 2.10.1' was restored using '.NETFramework,Version=v4.6.1, .NETFramework,Version=v4.6.2, .NETFramework,Version=v4.7, .NETFramework,Version=v4.7.1, .NETFramework,Version=v4.7.2, .NETFramework,Version=v4.8, .NETFramework,Version=v4.8.1' instead of the project target framework 'net8.0'. This package may not be fully compatible with your project.
  ConsoleAppToTestExecuteCommandLineActivity -> C:\Users\ultra\warewolf\Dev\ConsoleAppToTestExecuteCommandLineActivity\bin\Debug\net8.0\linux-x64\ConsoleAppToTestExecuteCommandLineActivity.dll
C:\Users\ultra\warewolf\Dev\Warewolf.UI\Warewolf.UI.csproj : warning NU1701: Package 'AeroWizard 2.3.1' was restored using '.NETFramework,Version=v4.6.1, .NETFramework,Version=v4.6.2, .NETFramework,Version=v4.7, .NETFramework,Version=v4.7.1, .NETFramework,Version=v4.7.2, .NETFramework,Version=v4.8, .NETFramework,Version=v4.8.1' instead of the project target framework 'net8.0'. This package may not be fully compatible with your project.
C:\Users\ultra\warewolf\Dev\Warewolf.UI\Warewolf.UI.csproj : warning NU1701: Package 'GroupControls 1.9.0' was restored using '.NETFramework,Version=v4.6.1, .NETFramework,Version=v4.6.2, .NETFramework,Version=v4.7, .NETFramework,Version=v4.7.1, .NETFramework,Version=v4.7.2, .NETFramework,Version=v4.8, .NETFramework,Version=v4.8.1' instead of the project target framework 'net8.0'. This package may not be fully compatible with your project.
C:\Users\ultra\warewolf\Dev\Warewolf.UI\Warewolf.UI.csproj : warning NU1701: Package 'Microsoft.Xaml.Behaviors.Wpf 1.1.122' was restored using '.NETFramework,Version=v4.6.1, .NETFramework,Version=v4.6.2, .NETFramework,Version=v4.7, .NETFramework,Version=v4.7.1, .NETFramework,Version=v4.7.2, .NETFramework,Version=v4.8, .NETFramework,Version=v4.8.1' instead of the project target framework 'net8.0'. This package may not be fully compatible with your project.
C:\Users\ultra\warewolf\Dev\Warewolf.UI\Warewolf.UI.csproj : warning NU1701: Package 'Prism.Wpf 9.0.537' was restored using '.NETFramework,Version=v4.6.1, .NETFramework,Version=v4.6.2, .NETFramework,Version=v4.7, .NETFramework,Version=v4.7.1, .NETFramework,Version=v4.7.2, .NETFramework,Version=v4.8, .NETFramework,Version=v4.8.1' instead of the project target framework 'net8.0'. This package may not be fully compatible with your project.
C:\Users\ultra\warewolf\Dev\Warewolf.UI\Warewolf.UI.csproj : warning NU1701: Package 'ReactiveUI.WPF 18.4.1' was restored using '.NETFramework,Version=v4.6.1, .NETFramework,Version=v4.6.2, .NETFramework,Version=v4.7, .NETFramework,Version=v4.7.1, .NETFramework,Version=v4.7.2, .NETFramework,Version=v4.8, .NETFramework,Version=v4.8.1' instead of the project target framework 'net8.0'. This package may not be fully compatible with your project.
C:\Users\ultra\warewolf\Dev\Warewolf.UI\Warewolf.UI.csproj : warning NU1701: Package 'TaskSchedulerEditor 2.10.1' was restored using '.NETFramework,Version=v4.6.1, .NETFramework,Version=v4.6.2, .NETFramework,Version=v4.7, .NETFramework,Version=v4.7.1, .NETFramework,Version=v4.7.2, .NETFramework,Version=v4.8, .NETFramework,Version=v4.8.1' instead of the project target framework 'net8.0'. This package may not be fully compatible with your project.
C:\Users\ultra\warewolf\Dev\Warewolf.Common.NetStandard20\Warewolf.Common.NetStandard20.csproj : warning NU1701: Package 'AeroWizard 2.3.1' was restored using '.NETFramework,Version=v4.6.1, .NETFramework,Version=v4.6.2, .NETFramework,Version=v4.7, .NETFramework,Version=v4.7.1, .NETFramework,Version=v4.7.2, .NETFramework,Version=v4.8, .NETFramework,Version=v4.8.1' instead of the project target framework 'net8.0'. This package may not be fully compatible with your project.
C:\Users\ultra\warewolf\Dev\Warewolf.Common.NetStandard20\Warewolf.Common.NetStandard20.csproj : warning NU1701: Package 'GroupControls 1.9.0' was restored using '.NETFramework,Version=v4.6.1, .NETFramework,Version=v4.6.2, .NETFramework,Version=v4.7, .NETFramework,Version=v4.7.1, .NETFramework,Version=v4.7.2, .NETFramework,Version=v4.8, .NETFramework,Version=v4.8.1' instead of the project target framework 'net8.0'. This package may not be fully compatible with your project.
C:\Users\ultra\warewolf\Dev\Warewolf.Common.NetStandard20\Warewolf.Common.NetStandard20.csproj : warning NU1701: Package 'ReactiveUI.WPF 18.4.1' was restored using '.NETFramework,Version=v4.6.1, .NETFramework,Version=v4.6.2, .NETFramework,Version=v4.7, .NETFramework,Version=v4.7.1, .NETFramework,Version=v4.7.2, .NETFramework,Version=v4.8, .NETFramework,Version=v4.8.1' instead of the project target framework 'net8.0'. This package may not be fully compatible with your project.
C:\Users\ultra\warewolf\Dev\Warewolf.Common.NetStandard20\Warewolf.Common.NetStandard20.csproj : warning NU1701: Package 'TaskSchedulerEditor 2.10.1' was restored using '.NETFramework,Version=v4.6.1, .NETFramework,Version=v4.6.2, .NETFramework,Version=v4.7, .NETFramework,Version=v4.7.1, .NETFramework,Version=v4.7.2, .NETFramework,Version=v4.8, .NETFramework,Version=v4.8.1' instead of the project target framework 'net8.0'. This package may not be fully compatible with your project.
C:\Users\ultra\warewolf\Dev\Warewolf.Driver.Persistence\Warewolf.Driver.Persistence.csproj : warning NU1701: Package 'AeroWizard 2.3.1' was restored using '.NETFramework,Version=v4.6.1, .NETFramework,Version=v4.6.2, .NETFramework,Version=v4.7, .NETFramework,Version=v4.7.1, .NETFramework,Version=v4.7.2, .NETFramework,Version=v4.8, .NETFramework,Version=v4.8.1' instead of the project target framework 'net8.0'. This package may not be fully compatible with your project.
C:\Users\ultra\warewolf\Dev\Warewolf.Driver.Persistence\Warewolf.Driver.Persistence.csproj : warning NU1701: Package 'GroupControls 1.9.0' was restored using '.NETFramework,Version=v4.6.1, .NETFramework,Version=v4.6.2, .NETFramework,Version=v4.7, .NETFramework,Version=v4.7.1, .NETFramework,Version=v4.7.2, .NETFramework,Version=v4.8, .NETFramework,Version=v4.8.1' instead of the project target framework 'net8.0'. This package may not be fully compatible with your project.
C:\Users\ultra\warewolf\Dev\Warewolf.Driver.Persistence\Warewolf.Driver.Persistence.csproj : warning NU1701: Package 'ReactiveUI.WPF 18.4.1' was restored using '.NETFramework,Version=v4.6.1, .NETFramework,Version=v4.6.2, .NETFramework,Version=v4.7, .NETFramework,Version=v4.7.1, .NETFramework,Version=v4.7.2, .NETFramework,Version=v4.8, .NETFramework,Version=v4.8.1' instead of the project target framework 'net8.0'. This package may not be fully compatible with your project.
C:\Users\ultra\warewolf\Dev\Warewolf.Driver.Persistence\Warewolf.Driver.Persistence.csproj : warning NU1701: Package 'TaskSchedulerEditor 2.10.1' was restored using '.NETFramework,Version=v4.6.1, .NETFramework,Version=v4.6.2, .NETFramework,Version=v4.7, .NETFramework,Version=v4.7.1, .NETFramework,Version=v4.7.2, .NETFramework,Version=v4.8, .NETFramework,Version=v4.8.1' instead of the project target framework 'net8.0'. This package may not be fully compatible with your project.
C:\Users\ultra\warewolf\Dev\Warewolf.Studio.Themes.Luna\Warewolf.Studio.Themes.Luna.csproj : warning NU1701: Package 'AeroWizard 2.3.1' was restored using '.NETFramework,Version=v4.6.1, .NETFramework,Version=v4.6.2, .NETFramework,Version=v4.7, .NETFramework,Version=v4.7.1, .NETFramework,Version=v4.7.2, .NETFramework,Version=v4.8, .NETFramework,Version=v4.8.1' instead of the project target framework 'net8.0'. This package may not be fully compatible with your project.
C:\Users\ultra\warewolf\Dev\Warewolf.Studio.Themes.Luna\Warewolf.Studio.Themes.Luna.csproj : warning NU1701: Package 'GroupControls 1.9.0' was restored using '.NETFramework,Version=v4.6.1, .NETFramework,Version=v4.6.2, .NETFramework,Version=v4.7, .NETFramework,Version=v4.7.1, .NETFramework,Version=v4.7.2, .NETFramework,Version=v4.8, .NETFramework,Version=v4.8.1' instead of the project target framework 'net8.0'. This package may not be fully compatible with your project.
C:\Users\ultra\warewolf\Dev\Warewolf.Studio.Themes.Luna\Warewolf.Studio.Themes.Luna.csproj : warning NU1701: Package 'Microsoft.Xaml.Behaviors.Wpf 1.1.122' was restored using '.NETFramework,Version=v4.6.1, .NETFramework,Version=v4.6.2, .NETFramework,Version=v4.7, .NETFramework,Version=v4.7.1, .NETFramework,Version=v4.7.2, .NETFramework,Version=v4.8, .NETFramework,Version=v4.8.1' instead of the project target framework 'net8.0'. This package may not be fully compatible with your project.
C:\Users\ultra\warewolf\Dev\Warewolf.Sharepoint\Warewolf.Sharepoint.csproj : warning NU1701: Package 'AeroWizard 2.3.1' was restored using '.NETFramework,Version=v4.6.1, .NETFramework,Version=v4.6.2, .NETFramework,Version=v4.7, .NETFramework,Version=v4.7.1, .NETFramework,Version=v4.7.2, .NETFramework,Version=v4.8, .NETFramework,Version=v4.8.1' instead of the project target framework 'net8.0'. This package may not be fully compatible with your project.
C:\Users\ultra\warewolf\Dev\Warewolf.Sharepoint\Warewolf.Sharepoint.csproj : warning NU1701: Package 'GroupControls 1.9.0' was restored using '.NETFramework,Version=v4.6.1, .NETFramework,Version=v4.6.2, .NETFramework,Version=v4.7, .NETFramework,Version=v4.7.1, .NETFramework,Version=v4.7.2, .NETFramework,Version=v4.8, .NETFramework,Version=v4.8.1' instead of the project target framework 'net8.0'. This package may not be fully compatible with your project.
C:\Users\ultra\warewolf\Dev\Warewolf.Sharepoint\Warewolf.Sharepoint.csproj : warning NU1701: Package 'ReactiveUI.WPF 18.4.1' was restored using '.NETFramework,Version=v4.6.1, .NETFramework,Version=v4.6.2, .NETFramework,Version=v4.7, .NETFramework,Version=v4.7.1, .NETFramework,Version=v4.7.2, .NETFramework,Version=v4.8, .NETFramework,Version=v4.8.1' instead of the project target framework 'net8.0'. This package may not be fully compatible with your project.
C:\Users\ultra\warewolf\Dev\Warewolf.Sharepoint\Warewolf.Sharepoint.csproj : warning NU1701: Package 'TaskSchedulerEditor 2.10.1' was restored using '.NETFramework,Version=v4.6.1, .NETFramework,Version=v4.6.2, .NETFramework,Version=v4.7, .NETFramework,Version=v4.7.1, .NETFramework,Version=v4.7.2, .NETFramework,Version=v4.8, .NETFramework,Version=v4.8.1' instead of the project target framework 'net8.0'. This package may not be fully compatible with your project.
C:\Users\ultra\warewolf\Dev\Warewolf.Studio.Themes.Luna\Warewolf.Studio.Themes.Luna.csproj : warning NU1701: Package 'Prism.Wpf 9.0.537' was restored using '.NETFramework,Version=v4.6.1, .NETFramework,Version=v4.6.2, .NETFramework,Version=v4.7, .NETFramework,Version=v4.7.1, .NETFramework,Version=v4.7.2, .NETFramework,Version=v4.8, .NETFramework,Version=v4.8.1' instead of the project target framework 'net8.0'. This package may not be fully compatible with your project.
C:\Users\ultra\warewolf\Dev\Warewolf.Studio.Themes.Luna\Warewolf.Studio.Themes.Luna.csproj : warning NU1701: Package 'ReactiveUI.WPF 18.4.1' was restored using '.NETFramework,Version=v4.6.1, .NETFramework,Version=v4.6.2, .NETFramework,Version=v4.7, .NETFramework,Version=v4.7.1, .NETFramework,Version=v4.7.2, .NETFramework,Version=v4.8, .NETFramework,Version=v4.8.1' instead of the project target framework 'net8.0'. This package may not be fully compatible with your project.
C:\Users\ultra\warewolf\Dev\Warewolf.Studio.Themes.Luna\Warewolf.Studio.Themes.Luna.csproj : warning NU1701: Package 'TaskSchedulerEditor 2.10.1' was restored using '.NETFramework,Version=v4.6.1, .NETFramework,Version=v4.6.2, .NETFramework,Version=v4.7, .NETFramework,Version=v4.7.1, .NETFramework,Version=v4.7.2, .NETFramework,Version=v4.8, .NETFramework,Version=v4.8.1' instead of the project target framework 'net8.0'. This package may not be fully compatible with your project.
C:\Users\ultra\warewolf\Dev\Warewolf.Storage.Interfaces\Warewolf.Storage.Interfaces.csproj : warning NU1701: Package 'AeroWizard 2.3.1' was restored using '.NETFramework,Version=v4.6.1, .NETFramework,Version=v4.6.2, .NETFramework,Version=v4.7, .NETFramework,Version=v4.7.1, .NETFramework,Version=v4.7.2, .NETFramework,Version=v4.8, .NETFramework,Version=v4.8.1' instead of the project target framework 'net8.0'. This package may not be fully compatible with your project.
C:\Users\ultra\warewolf\Dev\Warewolf.Storage.Interfaces\Warewolf.Storage.Interfaces.csproj : warning NU1701: Package 'GroupControls 1.9.0' was restored using '.NETFramework,Version=v4.6.1, .NETFramework,Version=v4.6.2, .NETFramework,Version=v4.7, .NETFramework,Version=v4.7.1, .NETFramework,Version=v4.7.2, .NETFramework,Version=v4.8, .NETFramework,Version=v4.8.1' instead of the project target framework 'net8.0'. This package may not be fully compatible with your project.
C:\Users\ultra\warewolf\Dev\Warewolf.Storage.Interfaces\Warewolf.Storage.Interfaces.csproj : warning NU1701: Package 'TaskSchedulerEditor 2.10.1' was restored using '.NETFramework,Version=v4.6.1, .NETFramework,Version=v4.6.2, .NETFramework,Version=v4.7, .NETFramework,Version=v4.7.1, .NETFramework,Version=v4.7.2, .NETFramework,Version=v4.8, .NETFramework,Version=v4.8.1' instead of the project target framework 'net8.0'. This package may not be fully compatible with your project.
C:\Users\ultra\warewolf\Dev\Dev2.Studio.Core\Dev2.Studio.Core.csproj : warning NU1701: Package 'AeroWizard 2.3.1' was restored using '.NETFramework,Version=v4.6.1, .NETFramework,Version=v4.6.2, .NETFramework,Version=v4.7, .NETFramework,Version=v4.7.1, .NETFramework,Version=v4.7.2, .NETFramework,Version=v4.8, .NETFramework,Version=v4.8.1' instead of the project target framework 'net8.0'. This package may not be fully compatible with your project.
C:\Users\ultra\warewolf\Dev\Dev2.Studio.Core\Dev2.Studio.Core.csproj : warning NU1701: Package 'GroupControls 1.9.0' was restored using '.NETFramework,Version=v4.6.1, .NETFramework,Version=v4.6.2, .NETFramework,Version=v4.7, .NETFramework,Version=v4.7.1, .NETFramework,Version=v4.7.2, .NETFramework,Version=v4.8, .NETFramework,Version=v4.8.1' instead of the project target framework 'net8.0'. This package may not be fully compatible with your project.
C:\Users\ultra\warewolf\Dev\Dev2.Studio.Core\Dev2.Studio.Core.csproj : warning NU1701: Package 'Microsoft.Xaml.Behaviors.Wpf 1.1.122' was restored using '.NETFramework,Version=v4.6.1, .NETFramework,Version=v4.6.2, .NETFramework,Version=v4.7, .NETFramework,Version=v4.7.1, .NETFramework,Version=v4.7.2, .NETFramework,Version=v4.8, .NETFramework,Version=v4.8.1' instead of the project target framework 'net8.0'. This package may not be fully compatible with your project.
C:\Users\ultra\warewolf\Dev\Dev2.Studio.Core\Dev2.Studio.Core.csproj : warning NU1701: Package 'Prism.Wpf 9.0.537' was restored using '.NETFramework,Version=v4.6.1, .NETFramework,Version=v4.6.2, .NETFramework,Version=v4.7, .NETFramework,Version=v4.7.1, .NETFramework,Version=v4.7.2, .NETFramework,Version=v4.8, .NETFramework,Version=v4.8.1' instead of the project target framework 'net8.0'. This package may not be fully compatible with your project.
C:\Users\ultra\warewolf\Dev\Dev2.Studio.Core\Dev2.Studio.Core.csproj : warning NU1701: Package 'ReactiveUI.WPF 18.4.1' was restored using '.NETFramework,Version=v4.6.1, .NETFramework,Version=v4.6.2, .NETFramework,Version=v4.7, .NETFramework,Version=v4.7.1, .NETFramework,Version=v4.7.2, .NETFramework,Version=v4.8, .NETFramework,Version=v4.8.1' instead of the project target framework 'net8.0'. This package may not be fully compatible with your project.
C:\Users\ultra\warewolf\Dev\Dev2.Studio.Core\Dev2.Studio.Core.csproj : warning NU1701: Package 'TaskSchedulerEditor 2.10.1' was restored using '.NETFramework,Version=v4.6.1, .NETFramework,Version=v4.6.2, .NETFramework,Version=v4.7, .NETFramework,Version=v4.7.1, .NETFramework,Version=v4.7.2, .NETFramework,Version=v4.8, .NETFramework,Version=v4.8.1' instead of the project target framework 'net8.0'. This package may not be fully compatible with your project.
C:\Users\ultra\warewolf\Dev\Dev2.Common.Tests\Dev2.Common.Tests.csproj : warning NU1701: Package 'AeroWizard 2.3.1' was restored using '.NETFramework,Version=v4.6.1, .NETFramework,Version=v4.6.2, .NETFramework,Version=v4.7, .NETFramework,Version=v4.7.1, .NETFramework,Version=v4.7.2, .NETFramework,Version=v4.8, .NETFramework,Version=v4.8.1' instead of the project target framework 'net8.0'. This package may not be fully compatible with your project.
C:\Users\ultra\warewolf\Dev\Dev2.Common.Tests\Dev2.Common.Tests.csproj : warning NU1701: Package 'GroupControls 1.9.0' was restored using '.NETFramework,Version=v4.6.1, .NETFramework,Version=v4.6.2, .NETFramework,Version=v4.7, .NETFramework,Version=v4.7.1, .NETFramework,Version=v4.7.2, .NETFramework,Version=v4.8, .NETFramework,Version=v4.8.1' instead of the project target framework 'net8.0'. This package may not be fully compatible with your project.
C:\Users\ultra\warewolf\Dev\Dev2.Common.Tests\Dev2.Common.Tests.csproj : warning NU1701: Package 'Microsoft.Xaml.Behaviors.Wpf 1.1.122' was restored using '.NETFramework,Version=v4.6.1, .NETFramework,Version=v4.6.2, .NETFramework,Version=v4.7, .NETFramework,Version=v4.7.1, .NETFramework,Version=v4.7.2, .NETFramework,Version=v4.8, .NETFramework,Version=v4.8.1' instead of the project target framework 'net8.0'. This package may not be fully compatible with your project.
  Dev2.Net6.Compatibility -> C:\Users\ultra\warewolf\Dev\Dev2.Net6.Compatibility\bin\Debug\net8.0\Dev2.Net6.Compatibility.dll
C:\Users\ultra\warewolf\Dev\Dev2.Common.Tests\Dev2.Common.Tests.csproj : warning NU1701: Package 'Prism.Wpf 9.0.537' was restored using '.NETFramework,Version=v4.6.1, .NETFramework,Version=v4.6.2, .NETFramework,Version=v4.7, .NETFramework,Version=v4.7.1, .NETFramework,Version=v4.7.2, .NETFramework,Version=v4.8, .NETFramework,Version=v4.8.1' instead of the project target framework 'net8.0'. This package may not be fully compatible with your project.
C:\Users\ultra\warewolf\Dev\Dev2.Common.Tests\Dev2.Common.Tests.csproj : warning NU1701: Package 'ReactiveUI.WPF 18.4.1' was restored using '.NETFramework,Version=v4.6.1, .NETFramework,Version=v4.6.2, .NETFramework,Version=v4.7, .NETFramework,Version=v4.7.1, .NETFramework,Version=v4.7.2, .NETFramework,Version=v4.8, .NETFramework,Version=v4.8.1' instead of the project target framework 'net8.0'. This package may not be fully compatible with your project.
C:\Users\ultra\warewolf\Dev\Dev2.Common.Tests\Dev2.Common.Tests.csproj : warning NU1701: Package 'TaskSchedulerEditor 2.10.1' was restored using '.NETFramework,Version=v4.6.1, .NETFramework,Version=v4.6.2, .NETFramework,Version=v4.7, .NETFramework,Version=v4.7.1, .NETFramework,Version=v4.7.2, .NETFramework,Version=v4.8, .NETFramework,Version=v4.8.1' instead of the project target framework 'net8.0'. This package may not be fully compatible with your project.
C:\Users\ultra\warewolf\Dev\Dev2.Util\Dev2.Util.csproj : warning NU1903: Package 'Microsoft.Windows.Compatibility' 6.0.0 has a known high severity vulnerability, https://github.com/advisories/GHSA-555c-2p6r-68mm
C:\Users\ultra\warewolf\Dev\Dev2.Util\Dev2.Util.csproj : warning NU1701: Package 'AeroWizard 2.3.1' was restored using '.NETFramework,Version=v4.6.1, .NETFramework,Version=v4.6.2, .NETFramework,Version=v4.7, .NETFramework,Version=v4.7.1, .NETFramework,Version=v4.7.2, .NETFramework,Version=v4.8, .NETFramework,Version=v4.8.1' instead of the project target framework 'net8.0'. This package may not be fully compatible with your project.
C:\Users\ultra\warewolf\Dev\Dev2.Util\Dev2.Util.csproj : warning NU1701: Package 'GroupControls 1.9.0' was restored using '.NETFramework,Version=v4.6.1, .NETFramework,Version=v4.6.2, .NETFramework,Version=v4.7, .NETFramework,Version=v4.7.1, .NETFramework,Version=v4.7.2, .NETFramework,Version=v4.8, .NETFramework,Version=v4.8.1' instead of the project target framework 'net8.0'. This package may not be fully compatible with your project.
C:\Users\ultra\warewolf\Dev\Dev2.Util\Dev2.Util.csproj : warning NU1701: Package 'TaskSchedulerEditor 2.10.1' was restored using '.NETFramework,Version=v4.6.1, .NETFramework,Version=v4.6.2, .NETFramework,Version=v4.7, .NETFramework,Version=v4.7.1, .NETFramework,Version=v4.7.2, .NETFramework,Version=v4.8, .NETFramework,Version=v4.8.1' instead of the project target framework 'net8.0'. This package may not be fully compatible with your project.
C:\Users\ultra\warewolf\Dev\Dev2.Intellisense\Dev2.Intellisense.csproj : warning NU1701: Package 'AeroWizard 2.3.1' was restored using '.NETFramework,Version=v4.6.1, .NETFramework,Version=v4.6.2, .NETFramework,Version=v4.7, .NETFramework,Version=v4.7.1, .NETFramework,Version=v4.7.2, .NETFramework,Version=v4.8, .NETFramework,Version=v4.8.1' instead of the project target framework 'net8.0'. This package may not be fully compatible with your project.
C:\Users\ultra\warewolf\Dev\Dev2.Intellisense\Dev2.Intellisense.csproj : warning NU1701: Package 'GroupControls 1.9.0' was restored using '.NETFramework,Version=v4.6.1, .NETFramework,Version=v4.6.2, .NETFramework,Version=v4.7, .NETFramework,Version=v4.7.1, .NETFramework,Version=v4.7.2, .NETFramework,Version=v4.8, .NETFramework,Version=v4.8.1' instead of the project target framework 'net8.0'. This package may not be fully compatible with your project.
C:\Users\ultra\warewolf\Dev\Dev2.Intellisense\Dev2.Intellisense.csproj : warning NU1701: Package 'Microsoft.Xaml.Behaviors.Wpf 1.1.122' was restored using '.NETFramework,Version=v4.6.1, .NETFramework,Version=v4.6.2, .NETFramework,Version=v4.7, .NETFramework,Version=v4.7.1, .NETFramework,Version=v4.7.2, .NETFramework,Version=v4.8, .NETFramework,Version=v4.8.1' instead of the project target framework 'net8.0'. This package may not be fully compatible with your project.
C:\Users\ultra\warewolf\Dev\Dev2.Intellisense\Dev2.Intellisense.csproj : warning NU1701: Package 'Prism.Wpf 9.0.537' was restored using '.NETFramework,Version=v4.6.1, .NETFramework,Version=v4.6.2, .NETFramework,Version=v4.7, .NETFramework,Version=v4.7.1, .NETFramework,Version=v4.7.2, .NETFramework,Version=v4.8, .NETFramework,Version=v4.8.1' instead of the project target framework 'net8.0'. This package may not be fully compatible with your project.
C:\Users\ultra\warewolf\Dev\Dev2.Intellisense\Dev2.Intellisense.csproj : warning NU1701: Package 'ReactiveUI.WPF 18.4.1' was restored using '.NETFramework,Version=v4.6.1, .NETFramework,Version=v4.6.2, .NETFramework,Version=v4.7, .NETFramework,Version=v4.7.1, .NETFramework,Version=v4.7.2, .NETFramework,Version=v4.8, .NETFramework,Version=v4.8.1' instead of the project target framework 'net8.0'. This package may not be fully compatible with your project.
C:\Users\ultra\warewolf\Dev\Dev2.Intellisense\Dev2.Intellisense.csproj : warning NU1701: Package 'TaskSchedulerEditor 2.10.1' was restored using '.NETFramework,Version=v4.6.1, .NETFramework,Version=v4.6.2, .NETFramework,Version=v4.7, .NETFramework,Version=v4.7.1, .NETFramework,Version=v4.7.2, .NETFramework,Version=v4.8, .NETFramework,Version=v4.8.1' instead of the project target framework 'net8.0'. This package may not be fully compatible with your project.
C:\Users\ultra\warewolf\Dev\Warewolf.Core.Tests\Warewolf.Core.Tests.csproj : warning NU1701: Package 'AeroWizard 2.3.1' was restored using '.NETFramework,Version=v4.6.1, .NETFramework,Version=v4.6.2, .NETFramework,Version=v4.7, .NETFramework,Version=v4.7.1, .NETFramework,Version=v4.7.2, .NETFramework,Version=v4.8, .NETFramework,Version=v4.8.1' instead of the project target framework 'net8.0'. This package may not be fully compatible with your project.
C:\Users\ultra\warewolf\Dev\Warewolf.Core.Tests\Warewolf.Core.Tests.csproj : warning NU1701: Package 'GroupControls 1.9.0' was restored using '.NETFramework,Version=v4.6.1, .NETFramework,Version=v4.6.2, .NETFramework,Version=v4.7, .NETFramework,Version=v4.7.1, .NETFramework,Version=v4.7.2, .NETFramework,Version=v4.8, .NETFramework,Version=v4.8.1' instead of the project target framework 'net8.0'. This package may not be fully compatible with your project.
C:\Users\ultra\warewolf\Dev\Warewolf.Core.Tests\Warewolf.Core.Tests.csproj : warning NU1701: Package 'Microsoft.Xaml.Behaviors.Wpf 1.1.122' was restored using '.NETFramework,Version=v4.6.1, .NETFramework,Version=v4.6.2, .NETFramework,Version=v4.7, .NETFramework,Version=v4.7.1, .NETFramework,Version=v4.7.2, .NETFramework,Version=v4.8, .NETFramework,Version=v4.8.1' instead of the project target framework 'net8.0'. This package may not be fully compatible with your project.
C:\Users\ultra\warewolf\Dev\Warewolf.Core.Tests\Warewolf.Core.Tests.csproj : warning NU1701: Package 'Prism.Wpf 9.0.537' was restored using '.NETFramework,Version=v4.6.1, .NETFramework,Version=v4.6.2, .NETFramework,Version=v4.7, .NETFramework,Version=v4.7.1, .NETFramework,Version=v4.7.2, .NETFramework,Version=v4.8, .NETFramework,Version=v4.8.1' instead of the project target framework 'net8.0'. This package may not be fully compatible with your project.
C:\Users\ultra\warewolf\Dev\Warewolf.Core.Tests\Warewolf.Core.Tests.csproj : warning NU1701: Package 'ReactiveUI.WPF 18.4.1' was restored using '.NETFramework,Version=v4.6.1, .NETFramework,Version=v4.6.2, .NETFramework,Version=v4.7, .NETFramework,Version=v4.7.1, .NETFramework,Version=v4.7.2, .NETFramework,Version=v4.8, .NETFramework,Version=v4.8.1' instead of the project target framework 'net8.0'. This package may not be fully compatible with your project.
C:\Users\ultra\warewolf\Dev\Warewolf.Core.Tests\Warewolf.Core.Tests.csproj : warning NU1701: Package 'TaskSchedulerEditor 2.10.1' was restored using '.NETFramework,Version=v4.6.1, .NETFramework,Version=v4.6.2, .NETFramework,Version=v4.7, .NETFramework,Version=v4.7.1, .NETFramework,Version=v4.7.2, .NETFramework,Version=v4.8, .NETFramework,Version=v4.8.1' instead of the project target framework 'net8.0'. This package may not be fully compatible with your project.
C:\Program Files\dotnet\sdk\10.0.201\Sdks\Microsoft.NET.Sdk\targets\Microsoft.NET.Sdk.DefaultItems.targets(162,5): warning NETSDK1137: It is no longer necessary to use the Microsoft.NET.Sdk.WindowsDesktop SDK. Consider changing the Sdk attribute of the root Project element to 'Microsoft.NET.Sdk'. [C:\Users\ultra\warewolf\Dev\Warewolf.Studio.CustomControls\Warewolf.Studio.CustomControls.csproj]
C:\Program Files\dotnet\sdk\10.0.201\Sdks\Microsoft.NET.Sdk.WindowsDesktop\targets\Microsoft.NET.Sdk.WindowsDesktop.targets(138,5): warning NETSDK1106: Microsoft.NET.Sdk.WindowsDesktop requires 'UseWpf' or 'UseWindowsForms' to be set to 'true' [C:\Users\ultra\warewolf\Dev\Warewolf.Studio.CustomControls\Warewolf.Studio.CustomControls.csproj]
C:\Users\ultra\warewolf\Dev\Warewolf.Studio.CustomControls\Warewolf.Studio.CustomControls.csproj : warning NU1701: Package 'AeroWizard 2.3.1' was restored using '.NETFramework,Version=v4.6.1, .NETFramework,Version=v4.6.2, .NETFramework,Version=v4.7, .NETFramework,Version=v4.7.1, .NETFramework,Version=v4.7.2, .NETFramework,Version=v4.8, .NETFramework,Version=v4.8.1' instead of the project target framework 'net8.0'. This package may not be fully compatible with your project.
C:\Users\ultra\warewolf\Dev\Dev2.Runtime.WebServer\Dev2.Runtime.WebServer.csproj : warning NU1902: Package 'System.IdentityModel.Tokens.Jwt' 5.1.0 has a known moderate severity vulnerability, https://github.com/advisories/GHSA-59j7-ghrg-fj52
C:\Users\ultra\warewolf\Dev\Dev2.Runtime.WebServer\Dev2.Runtime.WebServer.csproj : warning NU1701: Package 'AeroWizard 2.3.1' was restored using '.NETFramework,Version=v4.6.1, .NETFramework,Version=v4.6.2, .NETFramework,Version=v4.7, .NETFramework,Version=v4.7.1, .NETFramework,Version=v4.7.2, .NETFramework,Version=v4.8, .NETFramework,Version=v4.8.1' instead of the project target framework 'net8.0'. This package may not be fully compatible with your project.
C:\Users\ultra\warewolf\Dev\Dev2.Runtime.WebServer\Dev2.Runtime.WebServer.csproj : warning NU1701: Package 'GroupControls 1.9.0' was restored using '.NETFramework,Version=v4.6.1, .NETFramework,Version=v4.6.2, .NETFramework,Version=v4.7, .NETFramework,Version=v4.7.1, .NETFramework,Version=v4.7.2, .NETFramework,Version=v4.8, .NETFramework,Version=v4.8.1' instead of the project target framework 'net8.0'. This package may not be fully compatible with your project.
C:\Users\ultra\warewolf\Dev\Warewolf.AI.Harness\Warewolf.AI.Harness.csproj : warning NU1701: Package 'AeroWizard 2.3.1' was restored using '.NETFramework,Version=v4.6.1, .NETFramework,Version=v4.6.2, .NETFramework,Version=v4.7, .NETFramework,Version=v4.7.1, .NETFramework,Version=v4.7.2, .NETFramework,Version=v4.8, .NETFramework,Version=v4.8.1' instead of the project target framework 'net8.0'. This package may not be fully compatible with your project.
C:\Users\ultra\warewolf\Dev\Warewolf.AI.Harness\Warewolf.AI.Harness.csproj : warning NU1701: Package 'GroupControls 1.9.0' was restored using '.NETFramework,Version=v4.6.1, .NETFramework,Version=v4.6.2, .NETFramework,Version=v4.7, .NETFramework,Version=v4.7.1, .NETFramework,Version=v4.7.2, .NETFramework,Version=v4.8, .NETFramework,Version=v4.8.1' instead of the project target framework 'net8.0'. This package may not be fully compatible with your project.
C:\Users\ultra\warewolf\Dev\Warewolf.AI.Harness\Warewolf.AI.Harness.csproj : warning NU1701: Package 'TaskSchedulerEditor 2.10.1' was restored using '.NETFramework,Version=v4.6.1, .NETFramework,Version=v4.6.2, .NETFramework,Version=v4.7, .NETFramework,Version=v4.7.1, .NETFramework,Version=v4.7.2, .NETFramework,Version=v4.8, .NETFramework,Version=v4.8.1' instead of the project target framework 'net8.0'. This package may not be fully compatible with your project.
C:\Users\ultra\warewolf\Dev\Dev2.Runtime.WebServer\Dev2.Runtime.WebServer.csproj : warning NU1701: Package 'Microsoft.Xaml.Behaviors.Wpf 1.1.122' was restored using '.NETFramework,Version=v4.6.1, .NETFramework,Version=v4.6.2, .NETFramework,Version=v4.7, .NETFramework,Version=v4.7.1, .NETFramework,Version=v4.7.2, .NETFramework,Version=v4.8, .NETFramework,Version=v4.8.1' instead of the project target framework 'net8.0'. This package may not be fully compatible with your project.
C:\Users\ultra\warewolf\Dev\Dev2.Runtime.WebServer\Dev2.Runtime.WebServer.csproj : warning NU1701: Package 'Prism.Wpf 9.0.537' was restored using '.NETFramework,Version=v4.6.1, .NETFramework,Version=v4.6.2, .NETFramework,Version=v4.7, .NETFramework,Version=v4.7.1, .NETFramework,Version=v4.7.2, .NETFramework,Version=v4.8, .NETFramework,Version=v4.8.1' instead of the project target framework 'net8.0'. This package may not be fully compatible with your project.
C:\Users\ultra\warewolf\Dev\Warewolf.Studio.CustomControls\Warewolf.Studio.CustomControls.csproj : warning NU1701: Package 'GroupControls 1.9.0' was restored using '.NETFramework,Version=v4.6.1, .NETFramework,Version=v4.6.2, .NETFramework,Version=v4.7, .NETFramework,Version=v4.7.1, .NETFramework,Version=v4.7.2, .NETFramework,Version=v4.8, .NETFramework,Version=v4.8.1' instead of the project target framework 'net8.0'. This package may not be fully compatible with your project.
C:\Users\ultra\warewolf\Dev\Warewolf.QueueWorker\Warewolf.QueueWorker.csproj : warning NU1701: Package 'AeroWizard 2.3.1' was restored using '.NETFramework,Version=v4.6.1, .NETFramework,Version=v4.6.2, .NETFramework,Version=v4.7, .NETFramework,Version=v4.7.1, .NETFramework,Version=v4.7.2, .NETFramework,Version=v4.8, .NETFramework,Version=v4.8.1' instead of the project target framework 'net8.0'. This package may not be fully compatible with your project.
C:\Users\ultra\warewolf\Dev\Warewolf.Studio.CustomControls\Warewolf.Studio.CustomControls.csproj : warning NU1701: Package 'Microsoft.Xaml.Behaviors.Wpf 1.1.122' was restored using '.NETFramework,Version=v4.6.1, .NETFramework,Version=v4.6.2, .NETFramework,Version=v4.7, .NETFramework,Version=v4.7.1, .NETFramework,Version=v4.7.2, .NETFramework,Version=v4.8, .NETFramework,Version=v4.8.1' instead of the project target framework 'net8.0'. This package may not be fully compatible with your project.
C:\Users\ultra\warewolf\Dev\Warewolf.Studio.CustomControls\Warewolf.Studio.CustomControls.csproj : warning NU1701: Package 'Prism.Wpf 9.0.537' was restored using '.NETFramework,Version=v4.6.1, .NETFramework,Version=v4.6.2, .NETFramework,Version=v4.7, .NETFramework,Version=v4.7.1, .NETFramework,Version=v4.7.2, .NETFramework,Version=v4.8, .NETFramework,Version=v4.8.1' instead of the project target framework 'net8.0'. This package may not be fully compatible with your project.
C:\Users\ultra\warewolf\Dev\Warewolf.Studio.CustomControls\Warewolf.Studio.CustomControls.csproj : warning NU1701: Package 'ReactiveUI.WPF 18.4.1' was restored using '.NETFramework,Version=v4.6.1, .NETFramework,Version=v4.6.2, .NETFramework,Version=v4.7, .NETFramework,Version=v4.7.1, .NETFramework,Version=v4.7.2, .NETFramework,Version=v4.8, .NETFramework,Version=v4.8.1' instead of the project target framework 'net8.0'. This package may not be fully compatible with your project.
C:\Users\ultra\warewolf\Dev\Warewolf.Studio.CustomControls\Warewolf.Studio.CustomControls.csproj : warning NU1701: Package 'TaskSchedulerEditor 2.10.1' was restored using '.NETFramework,Version=v4.6.1, .NETFramework,Version=v4.6.2, .NETFramework,Version=v4.7, .NETFramework,Version=v4.7.1, .NETFramework,Version=v4.7.2, .NETFramework,Version=v4.8, .NETFramework,Version=v4.8.1' instead of the project target framework 'net8.0'. This package may not be fully compatible with your project.
C:\Users\ultra\warewolf\Dev\Dev2.Runtime.WebServer\Dev2.Runtime.WebServer.csproj : warning NU1701: Package 'ReactiveUI.WPF 18.4.1' was restored using '.NETFramework,Version=v4.6.1, .NETFramework,Version=v4.6.2, .NETFramework,Version=v4.7, .NETFramework,Version=v4.7.1, .NETFramework,Version=v4.7.2, .NETFramework,Version=v4.8, .NETFramework,Version=v4.8.1' instead of the project target framework 'net8.0'. This package may not be fully compatible with your project.
C:\Users\ultra\warewolf\Dev\Warewolf.QueueWorker\Warewolf.QueueWorker.csproj : warning NU1701: Package 'GroupControls 1.9.0' was restored using '.NETFramework,Version=v4.6.1, .NETFramework,Version=v4.6.2, .NETFramework,Version=v4.7, .NETFramework,Version=v4.7.1, .NETFramework,Version=v4.7.2, .NETFramework,Version=v4.8, .NETFramework,Version=v4.8.1' instead of the project target framework 'net8.0'. This package may not be fully compatible with your project.
C:\Users\ultra\warewolf\Dev\Dev2.Runtime.WebServer\Dev2.Runtime.WebServer.csproj : warning NU1701: Package 'TaskSchedulerEditor 2.10.1' was restored using '.NETFramework,Version=v4.6.1, .NETFramework,Version=v4.6.2, .NETFramework,Version=v4.7, .NETFramework,Version=v4.7.1, .NETFramework,Version=v4.7.2, .NETFramework,Version=v4.8, .NETFramework,Version=v4.8.1' instead of the project target framework 'net8.0'. This package may not be fully compatible with your project.
C:\Users\ultra\warewolf\Dev\Warewolf.QueueWorker\Warewolf.QueueWorker.csproj : warning NU1701: Package 'Microsoft.Xaml.Behaviors.Wpf 1.1.122' was restored using '.NETFramework,Version=v4.6.1, .NETFramework,Version=v4.6.2, .NETFramework,Version=v4.7, .NETFramework,Version=v4.7.1, .NETFramework,Version=v4.7.2, .NETFramework,Version=v4.8, .NETFramework,Version=v4.8.1' instead of the project target framework 'net8.0'. This package may not be fully compatible with your project.
  GACManagerApi -> C:\Users\ultra\warewolf\Dev\GACManagerApi\bin\Debug\net8.0\GACManagerApi.dll
C:\Users\ultra\warewolf\Dev\Dev2.Services.Execution\Dev2.Services.Execution.csproj : warning NU1701: Package 'AeroWizard 2.3.1' was restored using '.NETFramework,Version=v4.6.1, .NETFramework,Version=v4.6.2, .NETFramework,Version=v4.7, .NETFramework,Version=v4.7.1, .NETFramework,Version=v4.7.2, .NETFramework,Version=v4.8, .NETFramework,Version=v4.8.1' instead of the project target framework 'net8.0'. This package may not be fully compatible with your project.
C:\Users\ultra\warewolf\Dev\Dev2.Services.Execution\Dev2.Services.Execution.csproj : warning NU1701: Package 'GroupControls 1.9.0' was restored using '.NETFramework,Version=v4.6.1, .NETFramework,Version=v4.6.2, .NETFramework,Version=v4.7, .NETFramework,Version=v4.7.1, .NETFramework,Version=v4.7.2, .NETFramework,Version=v4.8, .NETFramework,Version=v4.8.1' instead of the project target framework 'net8.0'. This package may not be fully compatible with your project.
C:\Users\ultra\warewolf\Dev\Dev2.Services.Execution\Dev2.Services.Execution.csproj : warning NU1701: Package 'ReactiveUI.WPF 18.4.1' was restored using '.NETFramework,Version=v4.6.1, .NETFramework,Version=v4.6.2, .NETFramework,Version=v4.7, .NETFramework,Version=v4.7.1, .NETFramework,Version=v4.7.2, .NETFramework,Version=v4.8, .NETFramework,Version=v4.8.1' instead of the project target framework 'net8.0'. This package may not be fully compatible with your project.
C:\Users\ultra\warewolf\Dev\Dev2.Services.Execution\Dev2.Services.Execution.csproj : warning NU1701: Package 'TaskSchedulerEditor 2.10.1' was restored using '.NETFramework,Version=v4.6.1, .NETFramework,Version=v4.6.2, .NETFramework,Version=v4.7, .NETFramework,Version=v4.7.1, .NETFramework,Version=v4.7.2, .NETFramework,Version=v4.8, .NETFramework,Version=v4.8.1' instead of the project target framework 'net8.0'. This package may not be fully compatible with your project.
C:\Users\ultra\warewolf\Dev\Warewolf.Auditing\Warewolf.Auditing.csproj : warning NU1701: Package 'AeroWizard 2.3.1' was restored using '.NETFramework,Version=v4.6.1, .NETFramework,Version=v4.6.2, .NETFramework,Version=v4.7, .NETFramework,Version=v4.7.1, .NETFramework,Version=v4.7.2, .NETFramework,Version=v4.8, .NETFramework,Version=v4.8.1' instead of the project target framework 'net8.0'. This package may not be fully compatible with your project.
C:\Users\ultra\warewolf\Dev\Warewolf.Auditing\Warewolf.Auditing.csproj : warning NU1701: Package 'GroupControls 1.9.0' was restored using '.NETFramework,Version=v4.6.1, .NETFramework,Version=v4.6.2, .NETFramework,Version=v4.7, .NETFramework,Version=v4.7.1, .NETFramework,Version=v4.7.2, .NETFramework,Version=v4.8, .NETFramework,Version=v4.8.1' instead of the project target framework 'net8.0'. This package may not be fully compatible with your project.
C:\Users\ultra\warewolf\Dev\Warewolf.Auditing\Warewolf.Auditing.csproj : warning NU1701: Package 'ReactiveUI.WPF 18.4.1' was restored using '.NETFramework,Version=v4.6.1, .NETFramework,Version=v4.6.2, .NETFramework,Version=v4.7, .NETFramework,Version=v4.7.1, .NETFramework,Version=v4.7.2, .NETFramework,Version=v4.8, .NETFramework,Version=v4.8.1' instead of the project target framework 'net8.0'. This package may not be fully compatible with your project.
C:\Users\ultra\warewolf\Dev\Warewolf.Auditing\Warewolf.Auditing.csproj : warning NU1701: Package 'TaskSchedulerEditor 2.10.1' was restored using '.NETFramework,Version=v4.6.1, .NETFramework,Version=v4.6.2, .NETFramework,Version=v4.7, .NETFramework,Version=v4.7.1, .NETFramework,Version=v4.7.2, .NETFramework,Version=v4.8, .NETFramework,Version=v4.8.1' instead of the project target framework 'net8.0'. This package may not be fully compatible with your project.
C:\Users\ultra\warewolf\Dev\Warewolf.QueueWorker\Warewolf.QueueWorker.csproj : warning NU1701: Package 'Prism.Wpf 9.0.537' was restored using '.NETFramework,Version=v4.6.1, .NETFramework,Version=v4.6.2, .NETFramework,Version=v4.7, .NETFramework,Version=v4.7.1, .NETFramework,Version=v4.7.2, .NETFramework,Version=v4.8, .NETFramework,Version=v4.8.1' instead of the project target framework 'net8.0'. This package may not be fully compatible with your project.
C:\Users\ultra\warewolf\Dev\Dev2.Studio.Core.Tests\Dev2.Studio.Core.Tests.csproj : warning NU1701: Package 'AeroWizard 2.3.1' was restored using '.NETFramework,Version=v4.6.1, .NETFramework,Version=v4.6.2, .NETFramework,Version=v4.7, .NETFramework,Version=v4.7.1, .NETFramework,Version=v4.7.2, .NETFramework,Version=v4.8, .NETFramework,Version=v4.8.1' instead of the project target framework 'net8.0'. This package may not be fully compatible with your project.
C:\Users\ultra\warewolf\Dev\Dev2.Studio.Core.Tests\Dev2.Studio.Core.Tests.csproj : warning NU1701: Package 'AvalonEdit 6.3.0.90' was restored using '.NETFramework,Version=v4.6.1, .NETFramework,Version=v4.6.2, .NETFramework,Version=v4.7, .NETFramework,Version=v4.7.1, .NETFramework,Version=v4.7.2, .NETFramework,Version=v4.8, .NETFramework,Version=v4.8.1' instead of the project target framework 'net8.0'. This package may not be fully compatible with your project.
C:\Users\ultra\warewolf\Dev\Dev2.Studio.Core.Tests\Dev2.Studio.Core.Tests.csproj : warning NU1701: Package 'CommonServiceLocator 1.2.0' was restored using '.NETFramework,Version=v4.6.1, .NETFramework,Version=v4.6.2, .NETFramework,Version=v4.7, .NETFramework,Version=v4.7.1, .NETFramework,Version=v4.7.2, .NETFramework,Version=v4.8, .NETFramework,Version=v4.8.1' instead of the project target framework 'net8.0'. This package may not be fully compatible with your project.
C:\Users\ultra\warewolf\Dev\Dev2.Studio.Core.Tests\Dev2.Studio.Core.Tests.csproj : warning NU1701: Package 'FontAwesome.WPF 4.7.0.9' was restored using '.NETFramework,Version=v4.6.1, .NETFramework,Version=v4.6.2, .NETFramework,Version=v4.7, .NETFramework,Version=v4.7.1, .NETFramework,Version=v4.7.2, .NETFramework,Version=v4.8, .NETFramework,Version=v4.8.1' instead of the project target framework 'net8.0'. This package may not be fully compatible with your project.
C:\Users\ultra\warewolf\Dev\Dev2.Studio.Core.Tests\Dev2.Studio.Core.Tests.csproj : warning NU1701: Package 'GroupControls 1.9.0' was restored using '.NETFramework,Version=v4.6.1, .NETFramework,Version=v4.6.2, .NETFramework,Version=v4.7, .NETFramework,Version=v4.7.1, .NETFramework,Version=v4.7.2, .NETFramework,Version=v4.8, .NETFramework,Version=v4.8.1' instead of the project target framework 'net8.0'. This package may not be fully compatible with your project.
C:\Users\ultra\warewolf\Dev\Dev2.Studio.Core.Tests\Dev2.Studio.Core.Tests.csproj : warning NU1701: Package 'Log4Net.Async 2.0.4' was restored using '.NETFramework,Version=v4.6.1, .NETFramework,Version=v4.6.2, .NETFramework,Version=v4.7, .NETFramework,Version=v4.7.1, .NETFramework,Version=v4.7.2, .NETFramework,Version=v4.8, .NETFramework,Version=v4.8.1' instead of the project target framework 'net8.0'. This package may not be fully compatible with your project.
C:\Users\ultra\warewolf\Dev\Dev2.Studio.Core.Tests\Dev2.Studio.Core.Tests.csproj : warning NU1701: Package 'Microsoft.Xaml.Behaviors.Wpf 1.1.122' was restored using '.NETFramework,Version=v4.6.1, .NETFramework,Version=v4.6.2, .NETFramework,Version=v4.7, .NETFramework,Version=v4.7.1, .NETFramework,Version=v4.7.2, .NETFramework,Version=v4.8, .NETFramework,Version=v4.8.1' instead of the project target framework 'net8.0'. This package may not be fully compatible with your project.
C:\Users\ultra\warewolf\Dev\Dev2.Studio.Core.Tests\Dev2.Studio.Core.Tests.csproj : warning NU1701: Package 'Prism.Composition 5.0.0' was restored using '.NETFramework,Version=v4.6.1, .NETFramework,Version=v4.6.2, .NETFramework,Version=v4.7, .NETFramework,Version=v4.7.1, .NETFramework,Version=v4.7.2, .NETFramework,Version=v4.8, .NETFramework,Version=v4.8.1' instead of the project target framework 'net8.0'. This package may not be fully compatible with your project.
C:\Users\ultra\warewolf\Dev\Dev2.Studio.Core.Tests\Dev2.Studio.Core.Tests.csproj : warning NU1701: Package 'Prism.Interactivity 5.0.0' was restored using '.NETFramework,Version=v4.6.1, .NETFramework,Version=v4.6.2, .NETFramework,Version=v4.7, .NETFramework,Version=v4.7.1, .NETFramework,Version=v4.7.2, .NETFramework,Version=v4.8, .NETFramework,Version=v4.8.1' instead of the project target framework 'net8.0'. This package may not be fully compatible with your project.
C:\Users\ultra\warewolf\Dev\Dev2.Studio.Core.Tests\Dev2.Studio.Core.Tests.csproj : warning NU1701: Package 'Prism.Mvvm 1.0.0' was restored using '.NETFramework,Version=v4.6.1, .NETFramework,Version=v4.6.2, .NETFramework,Version=v4.7, .NETFramework,Version=v4.7.1, .NETFramework,Version=v4.7.2, .NETFramework,Version=v4.8, .NETFramework,Version=v4.8.1' instead of the project target framework 'net8.0'. This package may not be fully compatible with your project.
C:\Users\ultra\warewolf\Dev\Dev2.Studio.Core.Tests\Dev2.Studio.Core.Tests.csproj : warning NU1701: Package 'Prism.PubSubEvents 1.0.0' was restored using '.NETFramework,Version=v4.6.1, .NETFramework,Version=v4.6.2, .NETFramework,Version=v4.7, .NETFramework,Version=v4.7.1, .NETFramework,Version=v4.7.2, .NETFramework,Version=v4.8, .NETFramework,Version=v4.8.1' instead of the project target framework 'net8.0'. This package may not be fully compatible with your project.
C:\Users\ultra\warewolf\Dev\Dev2.Studio.Core.Tests\Dev2.Studio.Core.Tests.csproj : warning NU1701: Package 'Prism.UnityExtensions 5.0.1' was restored using '.NETFramework,Version=v4.6.1, .NETFramework,Version=v4.6.2, .NETFramework,Version=v4.7, .NETFramework,Version=v4.7.1, .NETFramework,Version=v4.7.2, .NETFramework,Version=v4.8, .NETFramework,Version=v4.8.1' instead of the project target framework 'net8.0'. This package may not be fully compatible with your project.
C:\Users\ultra\warewolf\Dev\Dev2.Studio.Core.Tests\Dev2.Studio.Core.Tests.csproj : warning NU1701: Package 'Prism.Wpf 9.0.537' was restored using '.NETFramework,Version=v4.6.1, .NETFramework,Version=v4.6.2, .NETFramework,Version=v4.7, .NETFramework,Version=v4.7.1, .NETFramework,Version=v4.7.2, .NETFramework,Version=v4.8, .NETFramework,Version=v4.8.1' instead of the project target framework 'net8.0'. This package may not be fully compatible with your project.
C:\Users\ultra\warewolf\Dev\Dev2.Studio.Core.Tests\Dev2.Studio.Core.Tests.csproj : warning NU1701: Package 'ReactiveUI.WPF 18.4.1' was restored using '.NETFramework,Version=v4.6.1, .NETFramework,Version=v4.6.2, .NETFramework,Version=v4.7, .NETFramework,Version=v4.7.1, .NETFramework,Version=v4.7.2, .NETFramework,Version=v4.8, .NETFramework,Version=v4.8.1' instead of the project target framework 'net8.0'. This package may not be fully compatible with your project.
C:\Users\ultra\warewolf\Dev\Dev2.Studio.Core.Tests\Dev2.Studio.Core.Tests.csproj : warning NU1701: Package 'TaskSchedulerEditor 2.10.1' was restored using '.NETFramework,Version=v4.6.1, .NETFramework,Version=v4.6.2, .NETFramework,Version=v4.7, .NETFramework,Version=v4.7.1, .NETFramework,Version=v4.7.2, .NETFramework,Version=v4.8, .NETFramework,Version=v4.8.1' instead of the project target framework 'net8.0'. This package may not be fully compatible with your project.
C:\Users\ultra\warewolf\Dev\Dev2.Studio.Core.Tests\Dev2.Studio.Core.Tests.csproj : warning NU1701: Package 'Unofficial.Microsoft.mshtml 7.0.3300' was restored using '.NETFramework,Version=v4.6.1, .NETFramework,Version=v4.6.2, .NETFramework,Version=v4.7, .NETFramework,Version=v4.7.1, .NETFramework,Version=v4.7.2, .NETFramework,Version=v4.8, .NETFramework,Version=v4.8.1' instead of the project target framework 'net8.0'. This package may not be fully compatible with your project.
C:\Users\ultra\warewolf\Dev\Warewolf.QueueWorker\Warewolf.QueueWorker.csproj : warning NU1701: Package 'ReactiveUI.WPF 18.4.1' was restored using '.NETFramework,Version=v4.6.1, .NETFramework,Version=v4.6.2, .NETFramework,Version=v4.7, .NETFramework,Version=v4.7.1, .NETFramework,Version=v4.7.2, .NETFramework,Version=v4.8, .NETFramework,Version=v4.8.1' instead of the project target framework 'net8.0'. This package may not be fully compatible with your project.
C:\Users\ultra\warewolf\Dev\Warewolf.QueueWorker\Warewolf.QueueWorker.csproj : warning NU1701: Package 'TaskSchedulerEditor 2.10.1' was restored using '.NETFramework,Version=v4.6.1, .NETFramework,Version=v4.6.2, .NETFramework,Version=v4.7, .NETFramework,Version=v4.7.1, .NETFramework,Version=v4.7.2, .NETFramework,Version=v4.8, .NETFramework,Version=v4.8.1' instead of the project target framework 'net8.0'. This package may not be fully compatible with your project.
C:\Users\ultra\warewolf\Dev\Warewolf.ResourceManagement\Warewolf.ResourceManagement.csproj : warning NU1701: Package 'AeroWizard 2.3.1' was restored using '.NETFramework,Version=v4.6.1, .NETFramework,Version=v4.6.2, .NETFramework,Version=v4.7, .NETFramework,Version=v4.7.1, .NETFramework,Version=v4.7.2, .NETFramework,Version=v4.8, .NETFramework,Version=v4.8.1' instead of the project target framework 'net8.0'. This package may not be fully compatible with your project.
C:\Users\ultra\warewolf\Dev\Warewolf.ResourceManagement\Warewolf.ResourceManagement.csproj : warning NU1701: Package 'GroupControls 1.9.0' was restored using '.NETFramework,Version=v4.6.1, .NETFramework,Version=v4.6.2, .NETFramework,Version=v4.7, .NETFramework,Version=v4.7.1, .NETFramework,Version=v4.7.2, .NETFramework,Version=v4.8, .NETFramework,Version=v4.8.1' instead of the project target framework 'net8.0'. This package may not be fully compatible with your project.
C:\Users\ultra\warewolf\Dev\Warewolf.ResourceManagement\Warewolf.ResourceManagement.csproj : warning NU1701: Package 'ReactiveUI.WPF 18.4.1' was restored using '.NETFramework,Version=v4.6.1, .NETFramework,Version=v4.6.2, .NETFramework,Version=v4.7, .NETFramework,Version=v4.7.1, .NETFramework,Version=v4.7.2, .NETFramework,Version=v4.8, .NETFramework,Version=v4.8.1' instead of the project target framework 'net8.0'. This package may not be fully compatible with your project.
C:\Users\ultra\warewolf\Dev\Warewolf.ResourceManagement\Warewolf.ResourceManagement.csproj : warning NU1701: Package 'TaskSchedulerEditor 2.10.1' was restored using '.NETFramework,Version=v4.6.1, .NETFramework,Version=v4.6.2, .NETFramework,Version=v4.7, .NETFramework,Version=v4.7.1, .NETFramework,Version=v4.7.2, .NETFramework,Version=v4.8, .NETFramework,Version=v4.8.1' instead of the project target framework 'net8.0'. This package may not be fully compatible with your project.
C:\Users\ultra\warewolf\Dev\Warewolf.Licensing\Warewolf.Licensing.csproj : warning NU1701: Package 'AeroWizard 2.3.1' was restored using '.NETFramework,Version=v4.6.1, .NETFramework,Version=v4.6.2, .NETFramework,Version=v4.7, .NETFramework,Version=v4.7.1, .NETFramework,Version=v4.7.2, .NETFramework,Version=v4.8, .NETFramework,Version=v4.8.1' instead of the project target framework 'net8.0'. This package may not be fully compatible with your project.
C:\Users\ultra\warewolf\Dev\Warewolf.Licensing\Warewolf.Licensing.csproj : warning NU1701: Package 'GroupControls 1.9.0' was restored using '.NETFramework,Version=v4.6.1, .NETFramework,Version=v4.6.2, .NETFramework,Version=v4.7, .NETFramework,Version=v4.7.1, .NETFramework,Version=v4.7.2, .NETFramework,Version=v4.8, .NETFramework,Version=v4.8.1' instead of the project target framework 'net8.0'. This package may not be fully compatible with your project.
C:\Users\ultra\warewolf\Dev\Warewolf.Licensing\Warewolf.Licensing.csproj : warning NU1701: Package 'TaskSchedulerEditor 2.10.1' was restored using '.NETFramework,Version=v4.6.1, .NETFramework,Version=v4.6.2, .NETFramework,Version=v4.7, .NETFramework,Version=v4.7.1, .NETFramework,Version=v4.7.2, .NETFramework,Version=v4.8, .NETFramework,Version=v4.8.1' instead of the project target framework 'net8.0'. This package may not be fully compatible with your project.
C:\Users\ultra\warewolf\Dev\Dev2.Core\Dev2.Core.csproj : warning NU1903: Package 'Microsoft.Windows.Compatibility' 6.0.0 has a known high severity vulnerability, https://github.com/advisories/GHSA-555c-2p6r-68mm
C:\Users\ultra\warewolf\Dev\Dev2.Core\Dev2.Core.csproj : warning NU1701: Package 'AeroWizard 2.3.1' was restored using '.NETFramework,Version=v4.6.1, .NETFramework,Version=v4.6.2, .NETFramework,Version=v4.7, .NETFramework,Version=v4.7.1, .NETFramework,Version=v4.7.2, .NETFramework,Version=v4.8, .NETFramework,Version=v4.8.1' instead of the project target framework 'net8.0'. This package may not be fully compatible with your project.
C:\Users\ultra\warewolf\Dev\Dev2.Core\Dev2.Core.csproj : warning NU1701: Package 'GroupControls 1.9.0' was restored using '.NETFramework,Version=v4.6.1, .NETFramework,Version=v4.6.2, .NETFramework,Version=v4.7, .NETFramework,Version=v4.7.1, .NETFramework,Version=v4.7.2, .NETFramework,Version=v4.8, .NETFramework,Version=v4.8.1' instead of the project target framework 'net8.0'. This package may not be fully compatible with your project.
C:\Users\ultra\warewolf\Dev\Dev2.Core\Dev2.Core.csproj : warning NU1701: Package 'ReactiveUI.WPF 18.4.1' was restored using '.NETFramework,Version=v4.6.1, .NETFramework,Version=v4.6.2, .NETFramework,Version=v4.7, .NETFramework,Version=v4.7.1, .NETFramework,Version=v4.7.2, .NETFramework,Version=v4.8, .NETFramework,Version=v4.8.1' instead of the project target framework 'net8.0'. This package may not be fully compatible with your project.
C:\Users\ultra\warewolf\Dev\Dev2.Core\Dev2.Core.csproj : warning NU1701: Package 'TaskSchedulerEditor 2.10.1' was restored using '.NETFramework,Version=v4.6.1, .NETFramework,Version=v4.6.2, .NETFramework,Version=v4.7, .NETFramework,Version=v4.7.1, .NETFramework,Version=v4.7.2, .NETFramework,Version=v4.8, .NETFramework,Version=v4.8.1' instead of the project target framework 'net8.0'. This package may not be fully compatible with your project.
C:\Program Files\dotnet\sdk\10.0.201\Sdks\Microsoft.NET.Sdk\targets\Microsoft.NET.Sdk.DefaultItems.targets(162,5): warning NETSDK1137: It is no longer necessary to use the Microsoft.NET.Sdk.WindowsDesktop SDK. Consider changing the Sdk attribute of the root Project element to 'Microsoft.NET.Sdk'. [C:\Users\ultra\warewolf\Dev\Dev2.Studio\Dev2.Studio.csproj]
C:\Program Files\dotnet\sdk\10.0.201\Sdks\Microsoft.NET.Sdk.WindowsDesktop\targets\Microsoft.NET.Sdk.WindowsDesktop.targets(138,5): warning NETSDK1106: Microsoft.NET.Sdk.WindowsDesktop requires 'UseWpf' or 'UseWindowsForms' to be set to 'true' [C:\Users\ultra\warewolf\Dev\Dev2.Studio\Dev2.Studio.csproj]
C:\Users\ultra\warewolf\Dev\Dev2.Studio\Dev2.Studio.csproj : warning NU1701: Package 'AeroWizard 2.3.1' was restored using '.NETFramework,Version=v4.6.1, .NETFramework,Version=v4.6.2, .NETFramework,Version=v4.7, .NETFramework,Version=v4.7.1, .NETFramework,Version=v4.7.2, .NETFramework,Version=v4.8, .NETFramework,Version=v4.8.1' instead of the project target framework 'net8.0'. This package may not be fully compatible with your project.
C:\Users\ultra\warewolf\Dev\Dev2.Studio\Dev2.Studio.csproj : warning NU1701: Package 'AvalonEdit 6.3.0.90' was restored using '.NETFramework,Version=v4.6.1, .NETFramework,Version=v4.6.2, .NETFramework,Version=v4.7, .NETFramework,Version=v4.7.1, .NETFramework,Version=v4.7.2, .NETFramework,Version=v4.8, .NETFramework,Version=v4.8.1' instead of the project target framework 'net8.0'. This package may not be fully compatible with your project.
C:\Users\ultra\warewolf\Dev\Dev2.Studio\Dev2.Studio.csproj : warning NU1701: Package 'CommonServiceLocator 1.2.0' was restored using '.NETFramework,Version=v4.6.1, .NETFramework,Version=v4.6.2, .NETFramework,Version=v4.7, .NETFramework,Version=v4.7.1, .NETFramework,Version=v4.7.2, .NETFramework,Version=v4.8, .NETFramework,Version=v4.8.1' instead of the project target framework 'net8.0'. This package may not be fully compatible with your project.
C:\Users\ultra\warewolf\Dev\Dev2.Studio\Dev2.Studio.csproj : warning NU1701: Package 'FontAwesome.WPF 4.7.0.9' was restored using '.NETFramework,Version=v4.6.1, .NETFramework,Version=v4.6.2, .NETFramework,Version=v4.7, .NETFramework,Version=v4.7.1, .NETFramework,Version=v4.7.2, .NETFramework,Version=v4.8, .NETFramework,Version=v4.8.1' instead of the project target framework 'net8.0'. This package may not be fully compatible with your project.
C:\Users\ultra\warewolf\Dev\Dev2.Studio\Dev2.Studio.csproj : warning NU1701: Package 'GroupControls 1.9.0' was restored using '.NETFramework,Version=v4.6.1, .NETFramework,Version=v4.6.2, .NETFramework,Version=v4.7, .NETFramework,Version=v4.7.1, .NETFramework,Version=v4.7.2, .NETFramework,Version=v4.8, .NETFramework,Version=v4.8.1' instead of the project target framework 'net8.0'. This package may not be fully compatible with your project.
C:\Users\ultra\warewolf\Dev\Dev2.Studio\Dev2.Studio.csproj : warning NU1701: Package 'Log4Net.Async 2.0.4' was restored using '.NETFramework,Version=v4.6.1, .NETFramework,Version=v4.6.2, .NETFramework,Version=v4.7, .NETFramework,Version=v4.7.1, .NETFramework,Version=v4.7.2, .NETFramework,Version=v4.8, .NETFramework,Version=v4.8.1' instead of the project target framework 'net8.0'. This package may not be fully compatible with your project.
C:\Users\ultra\warewolf\Dev\Dev2.Studio\Dev2.Studio.csproj : warning NU1701: Package 'Microsoft.Xaml.Behaviors.Wpf 1.1.122' was restored using '.NETFramework,Version=v4.6.1, .NETFramework,Version=v4.6.2, .NETFramework,Version=v4.7, .NETFramework,Version=v4.7.1, .NETFramework,Version=v4.7.2, .NETFramework,Version=v4.8, .NETFramework,Version=v4.8.1' instead of the project target framework 'net8.0'. This package may not be fully compatible with your project.
C:\Users\ultra\warewolf\Dev\Dev2.Studio\Dev2.Studio.csproj : warning NU1701: Package 'Prism.Composition 5.0.0' was restored using '.NETFramework,Version=v4.6.1, .NETFramework,Version=v4.6.2, .NETFramework,Version=v4.7, .NETFramework,Version=v4.7.1, .NETFramework,Version=v4.7.2, .NETFramework,Version=v4.8, .NETFramework,Version=v4.8.1' instead of the project target framework 'net8.0'. This package may not be fully compatible with your project.
C:\Users\ultra\warewolf\Dev\Dev2.Studio\Dev2.Studio.csproj : warning NU1701: Package 'Prism.Interactivity 5.0.0' was restored using '.NETFramework,Version=v4.6.1, .NETFramework,Version=v4.6.2, .NETFramework,Version=v4.7, .NETFramework,Version=v4.7.1, .NETFramework,Version=v4.7.2, .NETFramework,Version=v4.8, .NETFramework,Version=v4.8.1' instead of the project target framework 'net8.0'. This package may not be fully compatible with your project.
C:\Users\ultra\warewolf\Dev\Dev2.Studio\Dev2.Studio.csproj : warning NU1701: Package 'Prism.Mvvm 1.0.0' was restored using '.NETFramework,Version=v4.6.1, .NETFramework,Version=v4.6.2, .NETFramework,Version=v4.7, .NETFramework,Version=v4.7.1, .NETFramework,Version=v4.7.2, .NETFramework,Version=v4.8, .NETFramework,Version=v4.8.1' instead of the project target framework 'net8.0'. This package may not be fully compatible with your project.
C:\Users\ultra\warewolf\Dev\Dev2.Studio\Dev2.Studio.csproj : warning NU1701: Package 'Prism.PubSubEvents 1.0.0' was restored using '.NETFramework,Version=v4.6.1, .NETFramework,Version=v4.6.2, .NETFramework,Version=v4.7, .NETFramework,Version=v4.7.1, .NETFramework,Version=v4.7.2, .NETFramework,Version=v4.8, .NETFramework,Version=v4.8.1' instead of the project target framework 'net8.0'. This package may not be fully compatible with your project.
C:\Users\ultra\warewolf\Dev\Dev2.Studio\Dev2.Studio.csproj : warning NU1701: Package 'Prism.UnityExtensions 5.0.1' was restored using '.NETFramework,Version=v4.6.1, .NETFramework,Version=v4.6.2, .NETFramework,Version=v4.7, .NETFramework,Version=v4.7.1, .NETFramework,Version=v4.7.2, .NETFramework,Version=v4.8, .NETFramework,Version=v4.8.1' instead of the project target framework 'net8.0'. This package may not be fully compatible with your project.
C:\Users\ultra\warewolf\Dev\Dev2.Studio\Dev2.Studio.csproj : warning NU1701: Package 'Prism.Wpf 9.0.537' was restored using '.NETFramework,Version=v4.6.1, .NETFramework,Version=v4.6.2, .NETFramework,Version=v4.7, .NETFramework,Version=v4.7.1, .NETFramework,Version=v4.7.2, .NETFramework,Version=v4.8, .NETFramework,Version=v4.8.1' instead of the project target framework 'net8.0'. This package may not be fully compatible with your project.
C:\Users\ultra\warewolf\Dev\Dev2.Studio\Dev2.Studio.csproj : warning NU1701: Package 'ReactiveUI.WPF 18.4.1' was restored using '.NETFramework,Version=v4.6.1, .NETFramework,Version=v4.6.2, .NETFramework,Version=v4.7, .NETFramework,Version=v4.7.1, .NETFramework,Version=v4.7.2, .NETFramework,Version=v4.8, .NETFramework,Version=v4.8.1' instead of the project target framework 'net8.0'. This package may not be fully compatible with your project.
C:\Users\ultra\warewolf\Dev\Dev2.Studio\Dev2.Studio.csproj : warning NU1701: Package 'TaskSchedulerEditor 2.10.1' was restored using '.NETFramework,Version=v4.6.1, .NETFramework,Version=v4.6.2, .NETFramework,Version=v4.7, .NETFramework,Version=v4.7.1, .NETFramework,Version=v4.7.2, .NETFramework,Version=v4.8, .NETFramework,Version=v4.8.1' instead of the project target framework 'net8.0'. This package may not be fully compatible with your project.
C:\Users\ultra\warewolf\Dev\Dev2.Studio\Dev2.Studio.csproj : warning NU1701: Package 'Unofficial.Microsoft.mshtml 7.0.3300' was restored using '.NETFramework,Version=v4.6.1, .NETFramework,Version=v4.6.2, .NETFramework,Version=v4.7, .NETFramework,Version=v4.7.1, .NETFramework,Version=v4.7.2, .NETFramework,Version=v4.8, .NETFramework,Version=v4.8.1' instead of the project target framework 'net8.0'. This package may not be fully compatible with your project.
C:\Users\ultra\warewolf\Dev\Dev2.Server\Dev2.Server.csproj : warning NU1903: Package 'Oracle.ManagedDataAccess.Core' 3.21.70 has a known high severity vulnerability, https://github.com/advisories/GHSA-5pm2-9mr2-3frq
C:\Users\ultra\warewolf\Dev\Dev2.Server\Dev2.Server.csproj : warning NU1701: Package 'AeroWizard 2.3.1' was restored using '.NETFramework,Version=v4.6.1, .NETFramework,Version=v4.6.2, .NETFramework,Version=v4.7, .NETFramework,Version=v4.7.1, .NETFramework,Version=v4.7.2, .NETFramework,Version=v4.8, .NETFramework,Version=v4.8.1' instead of the project target framework 'net8.0'. This package may not be fully compatible with your project.
C:\Users\ultra\warewolf\Dev\Dev2.Server\Dev2.Server.csproj : warning NU1701: Package 'GroupControls 1.9.0' was restored using '.NETFramework,Version=v4.6.1, .NETFramework,Version=v4.6.2, .NETFramework,Version=v4.7, .NETFramework,Version=v4.7.1, .NETFramework,Version=v4.7.2, .NETFramework,Version=v4.8, .NETFramework,Version=v4.8.1' instead of the project target framework 'net8.0'. This package may not be fully compatible with your project.
C:\Users\ultra\warewolf\Dev\Dev2.Server\Dev2.Server.csproj : warning NU1701: Package 'Microsoft.Xaml.Behaviors.Wpf 1.1.122' was restored using '.NETFramework,Version=v4.6.1, .NETFramework,Version=v4.6.2, .NETFramework,Version=v4.7, .NETFramework,Version=v4.7.1, .NETFramework,Version=v4.7.2, .NETFramework,Version=v4.8, .NETFramework,Version=v4.8.1' instead of the project target framework 'net8.0'. This package may not be fully compatible with your project.
C:\Users\ultra\warewolf\Dev\Dev2.Server\Dev2.Server.csproj : warning NU1701: Package 'Prism.Wpf 9.0.537' was restored using '.NETFramework,Version=v4.6.1, .NETFramework,Version=v4.6.2, .NETFramework,Version=v4.7, .NETFramework,Version=v4.7.1, .NETFramework,Version=v4.7.2, .NETFramework,Version=v4.8, .NETFramework,Version=v4.8.1' instead of the project target framework 'net8.0'. This package may not be fully compatible with your project.
C:\Users\ultra\warewolf\Dev\Dev2.Server\Dev2.Server.csproj : warning NU1701: Package 'ReactiveUI.WPF 18.4.1' was restored using '.NETFramework,Version=v4.6.1, .NETFramework,Version=v4.6.2, .NETFramework,Version=v4.7, .NETFramework,Version=v4.7.1, .NETFramework,Version=v4.7.2, .NETFramework,Version=v4.8, .NETFramework,Version=v4.8.1' instead of the project target framework 'net8.0'. This package may not be fully compatible with your project.
C:\Users\ultra\warewolf\Dev\Dev2.Server\Dev2.Server.csproj : warning NU1701: Package 'TaskSchedulerEditor 2.10.1' was restored using '.NETFramework,Version=v4.6.1, .NETFramework,Version=v4.6.2, .NETFramework,Version=v4.7, .NETFramework,Version=v4.7.1, .NETFramework,Version=v4.7.2, .NETFramework,Version=v4.8, .NETFramework,Version=v4.8.1' instead of the project target framework 'net8.0'. This package may not be fully compatible with your project.
  Dev2.UnitTestUtils -> C:\Users\ultra\warewolf\Dev\Dev2.UnitTestUtils\bin\Debug\net8.0\Dev2.UnitTestUtils.dll
C:\Users\ultra\warewolf\Dev\Warewolf.Trigger.Queue\Warewolf.Trigger.Queue.csproj : warning NU1701: Package 'AeroWizard 2.3.1' was restored using '.NETFramework,Version=v4.6.1, .NETFramework,Version=v4.6.2, .NETFramework,Version=v4.7, .NETFramework,Version=v4.7.1, .NETFramework,Version=v4.7.2, .NETFramework,Version=v4.8, .NETFramework,Version=v4.8.1' instead of the project target framework 'net8.0'. This package may not be fully compatible with your project.
C:\Users\ultra\warewolf\Dev\Warewolf.Trigger.Queue\Warewolf.Trigger.Queue.csproj : warning NU1701: Package 'GroupControls 1.9.0' was restored using '.NETFramework,Version=v4.6.1, .NETFramework,Version=v4.6.2, .NETFramework,Version=v4.7, .NETFramework,Version=v4.7.1, .NETFramework,Version=v4.7.2, .NETFramework,Version=v4.8, .NETFramework,Version=v4.8.1' instead of the project target framework 'net8.0'. This package may not be fully compatible with your project.
C:\Users\ultra\warewolf\Dev\Warewolf.Trigger.Queue\Warewolf.Trigger.Queue.csproj : warning NU1701: Package 'Microsoft.Xaml.Behaviors.Wpf 1.1.122' was restored using '.NETFramework,Version=v4.6.1, .NETFramework,Version=v4.6.2, .NETFramework,Version=v4.7, .NETFramework,Version=v4.7.1, .NETFramework,Version=v4.7.2, .NETFramework,Version=v4.8, .NETFramework,Version=v4.8.1' instead of the project target framework 'net8.0'. This package may not be fully compatible with your project.
C:\Users\ultra\warewolf\Dev\Warewolf.Trigger.Queue\Warewolf.Trigger.Queue.csproj : warning NU1701: Package 'Prism.Wpf 9.0.537' was restored using '.NETFramework,Version=v4.6.1, .NETFramework,Version=v4.6.2, .NETFramework,Version=v4.7, .NETFramework,Version=v4.7.1, .NETFramework,Version=v4.7.2, .NETFramework,Version=v4.8, .NETFramework,Version=v4.8.1' instead of the project target framework 'net8.0'. This package may not be fully compatible with your project.
C:\Users\ultra\warewolf\Dev\Warewolf.Trigger.Queue\Warewolf.Trigger.Queue.csproj : warning NU1701: Package 'ReactiveUI.WPF 18.4.1' was restored using '.NETFramework,Version=v4.6.1, .NETFramework,Version=v4.6.2, .NETFramework,Version=v4.7, .NETFramework,Version=v4.7.1, .NETFramework,Version=v4.7.2, .NETFramework,Version=v4.8, .NETFramework,Version=v4.8.1' instead of the project target framework 'net8.0'. This package may not be fully compatible with your project.
C:\Users\ultra\warewolf\Dev\Warewolf.Trigger.Queue\Warewolf.Trigger.Queue.csproj : warning NU1701: Package 'TaskSchedulerEditor 2.10.1' was restored using '.NETFramework,Version=v4.6.1, .NETFramework,Version=v4.6.2, .NETFramework,Version=v4.7, .NETFramework,Version=v4.7.1, .NETFramework,Version=v4.7.2, .NETFramework,Version=v4.8, .NETFramework,Version=v4.8.1' instead of the project target framework 'net8.0'. This package may not be fully compatible with your project.
C:\Users\ultra\warewolf\Dev\Warewolf.Studio.AntiCorruptionLayer\Warewolf.Studio.AntiCorruptionLayer.csproj : warning NU1701: Package 'AeroWizard 2.3.1' was restored using '.NETFramework,Version=v4.6.1, .NETFramework,Version=v4.6.2, .NETFramework,Version=v4.7, .NETFramework,Version=v4.7.1, .NETFramework,Version=v4.7.2, .NETFramework,Version=v4.8, .NETFramework,Version=v4.8.1' instead of the project target framework 'net8.0'. This package may not be fully compatible with your project.
C:\Users\ultra\warewolf\Dev\Warewolf.Studio.AntiCorruptionLayer\Warewolf.Studio.AntiCorruptionLayer.csproj : warning NU1701: Package 'GroupControls 1.9.0' was restored using '.NETFramework,Version=v4.6.1, .NETFramework,Version=v4.6.2, .NETFramework,Version=v4.7, .NETFramework,Version=v4.7.1, .NETFramework,Version=v4.7.2, .NETFramework,Version=v4.8, .NETFramework,Version=v4.8.1' instead of the project target framework 'net8.0'. This package may not be fully compatible with your project.
C:\Users\ultra\warewolf\Dev\Warewolf.Studio.AntiCorruptionLayer\Warewolf.Studio.AntiCorruptionLayer.csproj : warning NU1701: Package 'Microsoft.Xaml.Behaviors.Wpf 1.1.122' was restored using '.NETFramework,Version=v4.6.1, .NETFramework,Version=v4.6.2, .NETFramework,Version=v4.7, .NETFramework,Version=v4.7.1, .NETFramework,Version=v4.7.2, .NETFramework,Version=v4.8, .NETFramework,Version=v4.8.1' instead of the project target framework 'net8.0'. This package may not be fully compatible with your project.
C:\Users\ultra\warewolf\Dev\Warewolf.Studio.AntiCorruptionLayer\Warewolf.Studio.AntiCorruptionLayer.csproj : warning NU1701: Package 'Prism.Wpf 9.0.537' was restored using '.NETFramework,Version=v4.6.1, .NETFramework,Version=v4.6.2, .NETFramework,Version=v4.7, .NETFramework,Version=v4.7.1, .NETFramework,Version=v4.7.2, .NETFramework,Version=v4.8, .NETFramework,Version=v4.8.1' instead of the project target framework 'net8.0'. This package may not be fully compatible with your project.
C:\Users\ultra\warewolf\Dev\Warewolf.Studio.AntiCorruptionLayer\Warewolf.Studio.AntiCorruptionLayer.csproj : warning NU1701: Package 'ReactiveUI.WPF 18.4.1' was restored using '.NETFramework,Version=v4.6.1, .NETFramework,Version=v4.6.2, .NETFramework,Version=v4.7, .NETFramework,Version=v4.7.1, .NETFramework,Version=v4.7.2, .NETFramework,Version=v4.8, .NETFramework,Version=v4.8.1' instead of the project target framework 'net8.0'. This package may not be fully compatible with your project.
C:\Users\ultra\warewolf\Dev\Warewolf.Studio.AntiCorruptionLayer\Warewolf.Studio.AntiCorruptionLayer.csproj : warning NU1701: Package 'TaskSchedulerEditor 2.10.1' was restored using '.NETFramework,Version=v4.6.1, .NETFramework,Version=v4.6.2, .NETFramework,Version=v4.7, .NETFramework,Version=v4.7.1, .NETFramework,Version=v4.7.2, .NETFramework,Version=v4.8, .NETFramework,Version=v4.8.1' instead of the project target framework 'net8.0'. This package may not be fully compatible with your project.
C:\Users\ultra\warewolf\Dev\Warewolf.PerfMon\Warewolf.PerfMon.csproj : warning NU1701: Package 'AeroWizard 2.3.1' was restored using '.NETFramework,Version=v4.6.1, .NETFramework,Version=v4.6.2, .NETFramework,Version=v4.7, .NETFramework,Version=v4.7.1, .NETFramework,Version=v4.7.2, .NETFramework,Version=v4.8, .NETFramework,Version=v4.8.1' instead of the project target framework 'net8.0'. This package may not be fully compatible with your project.
C:\Users\ultra\warewolf\Dev\Warewolf.PerfMon\Warewolf.PerfMon.csproj : warning NU1701: Package 'GroupControls 1.9.0' was restored using '.NETFramework,Version=v4.6.1, .NETFramework,Version=v4.6.2, .NETFramework,Version=v4.7, .NETFramework,Version=v4.7.1, .NETFramework,Version=v4.7.2, .NETFramework,Version=v4.8, .NETFramework,Version=v4.8.1' instead of the project target framework 'net8.0'. This package may not be fully compatible with your project.
C:\Users\ultra\warewolf\Dev\Warewolf.PerfMon\Warewolf.PerfMon.csproj : warning NU1701: Package 'ReactiveUI.WPF 18.4.1' was restored using '.NETFramework,Version=v4.6.1, .NETFramework,Version=v4.6.2, .NETFramework,Version=v4.7, .NETFramework,Version=v4.7.1, .NETFramework,Version=v4.7.2, .NETFramework,Version=v4.8, .NETFramework,Version=v4.8.1' instead of the project target framework 'net8.0'. This package may not be fully compatible with your project.
C:\Users\ultra\warewolf\Dev\Warewolf.PerfMon\Warewolf.PerfMon.csproj : warning NU1701: Package 'TaskSchedulerEditor 2.10.1' was restored using '.NETFramework,Version=v4.6.1, .NETFramework,Version=v4.6.2, .NETFramework,Version=v4.7, .NETFramework,Version=v4.7.1, .NETFramework,Version=v4.7.2, .NETFramework,Version=v4.8, .NETFramework,Version=v4.8.1' instead of the project target framework 'net8.0'. This package may not be fully compatible with your project.
C:\Program Files\dotnet\sdk\10.0.201\Sdks\Microsoft.NET.Sdk\targets\Microsoft.NET.Sdk.DefaultItems.targets(162,5): warning NETSDK1137: It is no longer necessary to use the Microsoft.NET.Sdk.WindowsDesktop SDK. Consider changing the Sdk attribute of the root Project element to 'Microsoft.NET.Sdk'. [C:\Users\ultra\warewolf\Dev\Warewolf.Studio.Views\Warewolf.Studio.Views.csproj]
C:\Program Files\dotnet\sdk\10.0.201\Sdks\Microsoft.NET.Sdk.WindowsDesktop\targets\Microsoft.NET.Sdk.WindowsDesktop.targets(138,5): warning NETSDK1106: Microsoft.NET.Sdk.WindowsDesktop requires 'UseWpf' or 'UseWindowsForms' to be set to 'true' [C:\Users\ultra\warewolf\Dev\Warewolf.Studio.Views\Warewolf.Studio.Views.csproj]
C:\Users\ultra\warewolf\Dev\Warewolf.Studio.Views\Warewolf.Studio.Views.csproj : warning NU1701: Package 'AeroWizard 2.3.1' was restored using '.NETFramework,Version=v4.6.1, .NETFramework,Version=v4.6.2, .NETFramework,Version=v4.7, .NETFramework,Version=v4.7.1, .NETFramework,Version=v4.7.2, .NETFramework,Version=v4.8, .NETFramework,Version=v4.8.1' instead of the project target framework 'net8.0'. This package may not be fully compatible with your project.
C:\Users\ultra\warewolf\Dev\Warewolf.Studio.Views\Warewolf.Studio.Views.csproj : warning NU1701: Package 'GroupControls 1.9.0' was restored using '.NETFramework,Version=v4.6.1, .NETFramework,Version=v4.6.2, .NETFramework,Version=v4.7, .NETFramework,Version=v4.7.1, .NETFramework,Version=v4.7.2, .NETFramework,Version=v4.8, .NETFramework,Version=v4.8.1' instead of the project target framework 'net8.0'. This package may not be fully compatible with your project.
C:\Users\ultra\warewolf\Dev\Warewolf.Studio.Views\Warewolf.Studio.Views.csproj : warning NU1701: Package 'Microsoft.Xaml.Behaviors.Wpf 1.1.122' was restored using '.NETFramework,Version=v4.6.1, .NETFramework,Version=v4.6.2, .NETFramework,Version=v4.7, .NETFramework,Version=v4.7.1, .NETFramework,Version=v4.7.2, .NETFramework,Version=v4.8, .NETFramework,Version=v4.8.1' instead of the project target framework 'net8.0'. This package may not be fully compatible with your project.
C:\Users\ultra\warewolf\Dev\Warewolf.Studio.Views\Warewolf.Studio.Views.csproj : warning NU1701: Package 'Prism.Wpf 9.0.537' was restored using '.NETFramework,Version=v4.6.1, .NETFramework,Version=v4.6.2, .NETFramework,Version=v4.7, .NETFramework,Version=v4.7.1, .NETFramework,Version=v4.7.2, .NETFramework,Version=v4.8, .NETFramework,Version=v4.8.1' instead of the project target framework 'net8.0'. This package may not be fully compatible with your project.
C:\Users\ultra\warewolf\Dev\Warewolf.Studio.Views\Warewolf.Studio.Views.csproj : warning NU1701: Package 'ReactiveUI.WPF 18.4.1' was restored using '.NETFramework,Version=v4.6.1, .NETFramework,Version=v4.6.2, .NETFramework,Version=v4.7, .NETFramework,Version=v4.7.1, .NETFramework,Version=v4.7.2, .NETFramework,Version=v4.8, .NETFramework,Version=v4.8.1' instead of the project target framework 'net8.0'. This package may not be fully compatible with your project.
C:\Users\ultra\warewolf\Dev\Warewolf.Studio.Views\Warewolf.Studio.Views.csproj : warning NU1701: Package 'TaskSchedulerEditor 2.10.1' was restored using '.NETFramework,Version=v4.6.1, .NETFramework,Version=v4.6.2, .NETFramework,Version=v4.7, .NETFramework,Version=v4.7.1, .NETFramework,Version=v4.7.2, .NETFramework,Version=v4.8, .NETFramework,Version=v4.8.1' instead of the project target framework 'net8.0'. This package may not be fully compatible with your project.
C:\Users\ultra\warewolf\Dev\Warewolf.Studio.Views\Warewolf.Studio.Views.csproj : warning NU1701: Package 'Unofficial.Microsoft.mshtml 7.0.3300' was restored using '.NETFramework,Version=v4.6.1, .NETFramework,Version=v4.6.2, .NETFramework,Version=v4.7, .NETFramework,Version=v4.7.1, .NETFramework,Version=v4.7.2, .NETFramework,Version=v4.8, .NETFramework,Version=v4.8.1' instead of the project target framework 'net8.0'. This package may not be fully compatible with your project.
C:\Users\ultra\warewolf\Dev\Warewolf.Logger\Warewolf.Logger.csproj : warning NU1701: Package 'AeroWizard 2.3.1' was restored using '.NETFramework,Version=v4.6.1, .NETFramework,Version=v4.6.2, .NETFramework,Version=v4.7, .NETFramework,Version=v4.7.1, .NETFramework,Version=v4.7.2, .NETFramework,Version=v4.8, .NETFramework,Version=v4.8.1' instead of the project target framework 'net8.0'. This package may not be fully compatible with your project.
C:\Users\ultra\warewolf\Dev\Warewolf.Logger\Warewolf.Logger.csproj : warning NU1701: Package 'GroupControls 1.9.0' was restored using '.NETFramework,Version=v4.6.1, .NETFramework,Version=v4.6.2, .NETFramework,Version=v4.7, .NETFramework,Version=v4.7.1, .NETFramework,Version=v4.7.2, .NETFramework,Version=v4.8, .NETFramework,Version=v4.8.1' instead of the project target framework 'net8.0'. This package may not be fully compatible with your project.
C:\Users\ultra\warewolf\Dev\Warewolf.Logger\Warewolf.Logger.csproj : warning NU1701: Package 'Microsoft.Xaml.Behaviors.Wpf 1.1.122' was restored using '.NETFramework,Version=v4.6.1, .NETFramework,Version=v4.6.2, .NETFramework,Version=v4.7, .NETFramework,Version=v4.7.1, .NETFramework,Version=v4.7.2, .NETFramework,Version=v4.8, .NETFramework,Version=v4.8.1' instead of the project target framework 'net8.0'. This package may not be fully compatible with your project.
C:\Users\ultra\warewolf\Dev\Warewolf.Logger\Warewolf.Logger.csproj : warning NU1701: Package 'Prism.Wpf 9.0.537' was restored using '.NETFramework,Version=v4.6.1, .NETFramework,Version=v4.6.2, .NETFramework,Version=v4.7, .NETFramework,Version=v4.7.1, .NETFramework,Version=v4.7.2, .NETFramework,Version=v4.8, .NETFramework,Version=v4.8.1' instead of the project target framework 'net8.0'. This package may not be fully compatible with your project.
C:\Users\ultra\warewolf\Dev\Warewolf.Logger\Warewolf.Logger.csproj : warning NU1701: Package 'ReactiveUI.WPF 18.4.1' was restored using '.NETFramework,Version=v4.6.1, .NETFramework,Version=v4.6.2, .NETFramework,Version=v4.7, .NETFramework,Version=v4.7.1, .NETFramework,Version=v4.7.2, .NETFramework,Version=v4.8, .NETFramework,Version=v4.8.1' instead of the project target framework 'net8.0'. This package may not be fully compatible with your project.
C:\Users\ultra\warewolf\Dev\Warewolf.Logger\Warewolf.Logger.csproj : warning NU1701: Package 'TaskSchedulerEditor 2.10.1' was restored using '.NETFramework,Version=v4.6.1, .NETFramework,Version=v4.6.2, .NETFramework,Version=v4.7, .NETFramework,Version=v4.7.1, .NETFramework,Version=v4.7.2, .NETFramework,Version=v4.8, .NETFramework,Version=v4.8.1' instead of the project target framework 'net8.0'. This package may not be fully compatible with your project.
C:\Users\ultra\warewolf\Dev\Warewolf.MergeParser.Tests\Warewolf.MergeParser.Tests.csproj : warning NU1701: Package 'AeroWizard 2.3.1' was restored using '.NETFramework,Version=v4.6.1, .NETFramework,Version=v4.6.2, .NETFramework,Version=v4.7, .NETFramework,Version=v4.7.1, .NETFramework,Version=v4.7.2, .NETFramework,Version=v4.8, .NETFramework,Version=v4.8.1' instead of the project target framework 'net8.0'. This package may not be fully compatible with your project.
C:\Users\ultra\warewolf\Dev\Warewolf.MergeParser.Tests\Warewolf.MergeParser.Tests.csproj : warning NU1701: Package 'GroupControls 1.9.0' was restored using '.NETFramework,Version=v4.6.1, .NETFramework,Version=v4.6.2, .NETFramework,Version=v4.7, .NETFramework,Version=v4.7.1, .NETFramework,Version=v4.7.2, .NETFramework,Version=v4.8, .NETFramework,Version=v4.8.1' instead of the project target framework 'net8.0'. This package may not be fully compatible with your project.
C:\Users\ultra\warewolf\Dev\Warewolf.MergeParser.Tests\Warewolf.MergeParser.Tests.csproj : warning NU1701: Package 'Microsoft.Xaml.Behaviors.Wpf 1.1.122' was restored using '.NETFramework,Version=v4.6.1, .NETFramework,Version=v4.6.2, .NETFramework,Version=v4.7, .NETFramework,Version=v4.7.1, .NETFramework,Version=v4.7.2, .NETFramework,Version=v4.8, .NETFramework,Version=v4.8.1' instead of the project target framework 'net8.0'. This package may not be fully compatible with your project.
C:\Users\ultra\warewolf\Dev\Warewolf.MergeParser.Tests\Warewolf.MergeParser.Tests.csproj : warning NU1701: Package 'Prism.Wpf 9.0.537' was restored using '.NETFramework,Version=v4.6.1, .NETFramework,Version=v4.6.2, .NETFramework,Version=v4.7, .NETFramework,Version=v4.7.1, .NETFramework,Version=v4.7.2, .NETFramework,Version=v4.8, .NETFramework,Version=v4.8.1' instead of the project target framework 'net8.0'. This package may not be fully compatible with your project.
C:\Users\ultra\warewolf\Dev\Warewolf.MergeParser.Tests\Warewolf.MergeParser.Tests.csproj : warning NU1701: Package 'ReactiveUI.WPF 18.4.1' was restored using '.NETFramework,Version=v4.6.1, .NETFramework,Version=v4.6.2, .NETFramework,Version=v4.7, .NETFramework,Version=v4.7.1, .NETFramework,Version=v4.7.2, .NETFramework,Version=v4.8, .NETFramework,Version=v4.8.1' instead of the project target framework 'net8.0'. This package may not be fully compatible with your project.
C:\Users\ultra\warewolf\Dev\Warewolf.MergeParser.Tests\Warewolf.MergeParser.Tests.csproj : warning NU1701: Package 'TaskSchedulerEditor 2.10.1' was restored using '.NETFramework,Version=v4.6.1, .NETFramework,Version=v4.6.2, .NETFramework,Version=v4.7, .NETFramework,Version=v4.7.1, .NETFramework,Version=v4.7.2, .NETFramework,Version=v4.8, .NETFramework,Version=v4.8.1' instead of the project target framework 'net8.0'. This package may not be fully compatible with your project.
  Warewolf.Resource -> C:\Users\ultra\warewolf\Dev\Warewolf.Resource\bin\Debug\net8.0\Warewolf.Resource.dll
C:\Program Files\dotnet\sdk\10.0.201\Sdks\Microsoft.NET.Sdk\targets\Microsoft.NET.Sdk.DefaultItems.targets(162,5): warning NETSDK1137: It is no longer necessary to use the Microsoft.NET.Sdk.WindowsDesktop SDK. Consider changing the Sdk attribute of the root Project element to 'Microsoft.NET.Sdk'. [C:\Users\ultra\warewolf\Dev\Dev2.CustomControls\Dev2.CustomControls.csproj]
C:\Program Files\dotnet\sdk\10.0.201\Sdks\Microsoft.NET.Sdk.WindowsDesktop\targets\Microsoft.NET.Sdk.WindowsDesktop.targets(138,5): warning NETSDK1106: Microsoft.NET.Sdk.WindowsDesktop requires 'UseWpf' or 'UseWindowsForms' to be set to 'true' [C:\Users\ultra\warewolf\Dev\Dev2.CustomControls\Dev2.CustomControls.csproj]
C:\Users\ultra\warewolf\Dev\Dev2.CustomControls\Dev2.CustomControls.csproj : warning NU1903: Package 'Microsoft.Windows.Compatibility' 6.0.0 has a known high severity vulnerability, https://github.com/advisories/GHSA-555c-2p6r-68mm
C:\Users\ultra\warewolf\Dev\Dev2.CustomControls\Dev2.CustomControls.csproj : warning NU1701: Package 'AeroWizard 2.3.1' was restored using '.NETFramework,Version=v4.6.1, .NETFramework,Version=v4.6.2, .NETFramework,Version=v4.7, .NETFramework,Version=v4.7.1, .NETFramework,Version=v4.7.2, .NETFramework,Version=v4.8, .NETFramework,Version=v4.8.1' instead of the project target framework 'net8.0'. This package may not be fully compatible with your project.
C:\Users\ultra\warewolf\Dev\Dev2.CustomControls\Dev2.CustomControls.csproj : warning NU1701: Package 'GroupControls 1.9.0' was restored using '.NETFramework,Version=v4.6.1, .NETFramework,Version=v4.6.2, .NETFramework,Version=v4.7, .NETFramework,Version=v4.7.1, .NETFramework,Version=v4.7.2, .NETFramework,Version=v4.8, .NETFramework,Version=v4.8.1' instead of the project target framework 'net8.0'. This package may not be fully compatible with your project.
C:\Users\ultra\warewolf\Dev\Dev2.CustomControls\Dev2.CustomControls.csproj : warning NU1701: Package 'TaskSchedulerEditor 2.10.1' was restored using '.NETFramework,Version=v4.6.1, .NETFramework,Version=v4.6.2, .NETFramework,Version=v4.7, .NETFramework,Version=v4.7.1, .NETFramework,Version=v4.7.2, .NETFramework,Version=v4.8, .NETFramework,Version=v4.8.1' instead of the project target framework 'net8.0'. This package may not be fully compatible with your project.
  Warewolf.Common.Interfaces.NetStandard20 -> C:\Users\ultra\warewolf\Dev\Warewolf.Common.Interfaces.NetStandard20\bin\Debug\net8.0\Warewolf.Common.Interfaces.NetStandard20.dll
C:\Users\ultra\warewolf\Dev\Dev2.Studio.Interfaces\Dev2.Studio.Interfaces.csproj : warning NU1701: Package 'AeroWizard 2.3.1' was restored using '.NETFramework,Version=v4.6.1, .NETFramework,Version=v4.6.2, .NETFramework,Version=v4.7, .NETFramework,Version=v4.7.1, .NETFramework,Version=v4.7.2, .NETFramework,Version=v4.8, .NETFramework,Version=v4.8.1' instead of the project target framework 'net8.0'. This package may not be fully compatible with your project.
C:\Users\ultra\warewolf\Dev\Dev2.Studio.Interfaces\Dev2.Studio.Interfaces.csproj : warning NU1701: Package 'GroupControls 1.9.0' was restored using '.NETFramework,Version=v4.6.1, .NETFramework,Version=v4.6.2, .NETFramework,Version=v4.7, .NETFramework,Version=v4.7.1, .NETFramework,Version=v4.7.2, .NETFramework,Version=v4.8, .NETFramework,Version=v4.8.1' instead of the project target framework 'net8.0'. This package may not be fully compatible with your project.
C:\Users\ultra\warewolf\Dev\Dev2.Studio.Interfaces\Dev2.Studio.Interfaces.csproj : warning NU1701: Package 'Microsoft.Xaml.Behaviors.Wpf 1.1.122' was restored using '.NETFramework,Version=v4.6.1, .NETFramework,Version=v4.6.2, .NETFramework,Version=v4.7, .NETFramework,Version=v4.7.1, .NETFramework,Version=v4.7.2, .NETFramework,Version=v4.8, .NETFramework,Version=v4.8.1' instead of the project target framework 'net8.0'. This package may not be fully compatible with your project.
C:\Users\ultra\warewolf\Dev\Dev2.Studio.Interfaces\Dev2.Studio.Interfaces.csproj : warning NU1701: Package 'Prism.Wpf 9.0.537' was restored using '.NETFramework,Version=v4.6.1, .NETFramework,Version=v4.6.2, .NETFramework,Version=v4.7, .NETFramework,Version=v4.7.1, .NETFramework,Version=v4.7.2, .NETFramework,Version=v4.8, .NETFramework,Version=v4.8.1' instead of the project target framework 'net8.0'. This package may not be fully compatible with your project.
C:\Users\ultra\warewolf\Dev\Dev2.Studio.Interfaces\Dev2.Studio.Interfaces.csproj : warning NU1701: Package 'ReactiveUI.WPF 18.4.1' was restored using '.NETFramework,Version=v4.6.1, .NETFramework,Version=v4.6.2, .NETFramework,Version=v4.7, .NETFramework,Version=v4.7.1, .NETFramework,Version=v4.7.2, .NETFramework,Version=v4.8, .NETFramework,Version=v4.8.1' instead of the project target framework 'net8.0'. This package may not be fully compatible with your project.
C:\Users\ultra\warewolf\Dev\Dev2.Studio.Interfaces\Dev2.Studio.Interfaces.csproj : warning NU1701: Package 'TaskSchedulerEditor 2.10.1' was restored using '.NETFramework,Version=v4.6.1, .NETFramework,Version=v4.6.2, .NETFramework,Version=v4.7, .NETFramework,Version=v4.7.1, .NETFramework,Version=v4.7.2, .NETFramework,Version=v4.8, .NETFramework,Version=v4.8.1' instead of the project target framework 'net8.0'. This package may not be fully compatible with your project.
C:\Users\ultra\warewolf\Dev\Warewolf.Security\Encryption\AESThenHMAC.cs(168,34): warning SYSLIB0021: 'AesManaged' is obsolete: 'Derived cryptographic types are obsolete. Use the Create method on the base type instead.' (https://aka.ms/dotnet-warnings/SYSLIB0021) [C:\Users\ultra\warewolf\Dev\Warewolf.Security\Warewolf.Security.csproj]
C:\Users\ultra\warewolf\Dev\Warewolf.Security\Encryption\AESThenHMAC.cs(264,38): warning SYSLIB0021: 'AesManaged' is obsolete: 'Derived cryptographic types are obsolete. Use the Create method on the base type instead.' (https://aka.ms/dotnet-warnings/SYSLIB0021) [C:\Users\ultra\warewolf\Dev\Warewolf.Security\Warewolf.Security.csproj]
C:\Users\ultra\warewolf\Dev\Warewolf.Security\Encryption\AESThenHMAC.cs(331,36): warning SYSLIB0041: 'Rfc2898DeriveBytes.Rfc2898DeriveBytes(string, int, int)' is obsolete: 'The default hash algorithm and iteration counts in Rfc2898DeriveBytes constructors are outdated and insecure. Use a constructor that accepts the hash algorithm and the number of iterations.' (https://aka.ms/dotnet-warnings/SYSLIB0041) [C:\Users\ultra\warewolf\Dev\Warewolf.Security\Warewolf.Security.csproj]
C:\Users\ultra\warewolf\Dev\Warewolf.Security\Encryption\AESThenHMAC.cs(345,36): warning SYSLIB0041: 'Rfc2898DeriveBytes.Rfc2898DeriveBytes(string, int, int)' is obsolete: 'The default hash algorithm and iteration counts in Rfc2898DeriveBytes constructors are outdated and insecure. Use a constructor that accepts the hash algorithm and the number of iterations.' (https://aka.ms/dotnet-warnings/SYSLIB0041) [C:\Users\ultra\warewolf\Dev\Warewolf.Security\Warewolf.Security.csproj]
C:\Users\ultra\warewolf\Dev\Warewolf.Security\Encryption\AESThenHMAC.cs(393,36): warning SYSLIB0041: 'Rfc2898DeriveBytes.Rfc2898DeriveBytes(string, byte[], int)' is obsolete: 'The default hash algorithm and iteration counts in Rfc2898DeriveBytes constructors are outdated and insecure. Use a constructor that accepts the hash algorithm and the number of iterations.' (https://aka.ms/dotnet-warnings/SYSLIB0041) [C:\Users\ultra\warewolf\Dev\Warewolf.Security\Warewolf.Security.csproj]
C:\Users\ultra\warewolf\Dev\Warewolf.Security\Encryption\AESThenHMAC.cs(398,36): warning SYSLIB0041: 'Rfc2898DeriveBytes.Rfc2898DeriveBytes(string, byte[], int)' is obsolete: 'The default hash algorithm and iteration counts in Rfc2898DeriveBytes constructors are outdated and insecure. Use a constructor that accepts the hash algorithm and the number of iterations.' (https://aka.ms/dotnet-warnings/SYSLIB0041) [C:\Users\ultra\warewolf\Dev\Warewolf.Security\Warewolf.Security.csproj]
C:\Users\ultra\warewolf\Dev\Warewolf.MergeParser\Warewolf.MergeParser.csproj : warning NU1701: Package 'AeroWizard 2.3.1' was restored using '.NETFramework,Version=v4.6.1, .NETFramework,Version=v4.6.2, .NETFramework,Version=v4.7, .NETFramework,Version=v4.7.1, .NETFramework,Version=v4.7.2, .NETFramework,Version=v4.8, .NETFramework,Version=v4.8.1' instead of the project target framework 'net8.0'. This package may not be fully compatible with your project.
C:\Users\ultra\warewolf\Dev\Warewolf.MergeParser\Warewolf.MergeParser.csproj : warning NU1701: Package 'GroupControls 1.9.0' was restored using '.NETFramework,Version=v4.6.1, .NETFramework,Version=v4.6.2, .NETFramework,Version=v4.7, .NETFramework,Version=v4.7.1, .NETFramework,Version=v4.7.2, .NETFramework,Version=v4.8, .NETFramework,Version=v4.8.1' instead of the project target framework 'net8.0'. This package may not be fully compatible with your project.
C:\Users\ultra\warewolf\Dev\Warewolf.MergeParser\Warewolf.MergeParser.csproj : warning NU1701: Package 'Microsoft.Xaml.Behaviors.Wpf 1.1.122' was restored using '.NETFramework,Version=v4.6.1, .NETFramework,Version=v4.6.2, .NETFramework,Version=v4.7, .NETFramework,Version=v4.7.1, .NETFramework,Version=v4.7.2, .NETFramework,Version=v4.8, .NETFramework,Version=v4.8.1' instead of the project target framework 'net8.0'. This package may not be fully compatible with your project.
C:\Users\ultra\warewolf\Dev\Warewolf.MergeParser\Warewolf.MergeParser.csproj : warning NU1701: Package 'Prism.Wpf 9.0.537' was restored using '.NETFramework,Version=v4.6.1, .NETFramework,Version=v4.6.2, .NETFramework,Version=v4.7, .NETFramework,Version=v4.7.1, .NETFramework,Version=v4.7.2, .NETFramework,Version=v4.8, .NETFramework,Version=v4.8.1' instead of the project target framework 'net8.0'. This package may not be fully compatible with your project.
C:\Users\ultra\warewolf\Dev\Warewolf.MergeParser\Warewolf.MergeParser.csproj : warning NU1701: Package 'ReactiveUI.WPF 18.4.1' was restored using '.NETFramework,Version=v4.6.1, .NETFramework,Version=v4.6.2, .NETFramework,Version=v4.7, .NETFramework,Version=v4.7.1, .NETFramework,Version=v4.7.2, .NETFramework,Version=v4.8, .NETFramework,Version=v4.8.1' instead of the project target framework 'net8.0'. This package may not be fully compatible with your project.
C:\Users\ultra\warewolf\Dev\Warewolf.MergeParser\Warewolf.MergeParser.csproj : warning NU1701: Package 'TaskSchedulerEditor 2.10.1' was restored using '.NETFramework,Version=v4.6.1, .NETFramework,Version=v4.6.2, .NETFramework,Version=v4.7, .NETFramework,Version=v4.7.1, .NETFramework,Version=v4.7.2, .NETFramework,Version=v4.8, .NETFramework,Version=v4.8.1' instead of the project target framework 'net8.0'. This package may not be fully compatible with your project.
  Warewolf.Security -> C:\Users\ultra\warewolf\Dev\Warewolf.Security\bin\Debug\net8.0\Warewolf.Security.dll
C:\Users\ultra\warewolf\Dev\Warewolf.Interfaces\Data\ChatbotSettingsData.cs(20,23): warning CS0169: The field 'ChatbotSettingsData._encryptDataSource' is never used [C:\Users\ultra\warewolf\Dev\Warewolf.Interfaces\Warewolf.Interfaces.csproj]
C:\Users\ultra\warewolf\Dev\Warewolf.Interfaces\Auditing\SerializableException.cs(15,7): warning CS0414: The field 'SerializableException.HResult' is assigned but its value is never used [C:\Users\ultra\warewolf\Dev\Warewolf.Interfaces\Warewolf.Interfaces.csproj]
  Warewolf.Interfaces -> C:\Users\ultra\warewolf\Dev\Warewolf.Interfaces\bin\Debug\net8.0\Warewolf.Interfaces.dll
C:\Program Files\dotnet\sdk\10.0.201\Sdks\Microsoft.NET.Sdk\targets\Microsoft.NET.Sdk.DefaultItems.targets(162,5): warning NETSDK1137: It is no longer necessary to use the Microsoft.NET.Sdk.WindowsDesktop SDK. Consider changing the Sdk attribute of the root Project element to 'Microsoft.NET.Sdk'. [C:\Users\ultra\warewolf\Dev\Warewolf.Studio.Core\Warewolf.Studio.Core.csproj]
C:\Program Files\dotnet\sdk\10.0.201\Sdks\Microsoft.NET.Sdk.WindowsDesktop\targets\Microsoft.NET.Sdk.WindowsDesktop.targets(138,5): warning NETSDK1106: Microsoft.NET.Sdk.WindowsDesktop requires 'UseWpf' or 'UseWindowsForms' to be set to 'true' [C:\Users\ultra\warewolf\Dev\Warewolf.Studio.Core\Warewolf.Studio.Core.csproj]
C:\Users\ultra\warewolf\Dev\Warewolf.Studio.Core\Warewolf.Studio.Core.csproj : warning NU1701: Package 'AeroWizard 2.3.1' was restored using '.NETFramework,Version=v4.6.1, .NETFramework,Version=v4.6.2, .NETFramework,Version=v4.7, .NETFramework,Version=v4.7.1, .NETFramework,Version=v4.7.2, .NETFramework,Version=v4.8, .NETFramework,Version=v4.8.1' instead of the project target framework 'net8.0'. This package may not be fully compatible with your project.
C:\Users\ultra\warewolf\Dev\Warewolf.Studio.Core\Warewolf.Studio.Core.csproj : warning NU1701: Package 'GroupControls 1.9.0' was restored using '.NETFramework,Version=v4.6.1, .NETFramework,Version=v4.6.2, .NETFramework,Version=v4.7, .NETFramework,Version=v4.7.1, .NETFramework,Version=v4.7.2, .NETFramework,Version=v4.8, .NETFramework,Version=v4.8.1' instead of the project target framework 'net8.0'. This package may not be fully compatible with your project.
C:\Users\ultra\warewolf\Dev\Warewolf.Studio.Core\Warewolf.Studio.Core.csproj : warning NU1701: Package 'Microsoft.Xaml.Behaviors.Wpf 1.1.122' was restored using '.NETFramework,Version=v4.6.1, .NETFramework,Version=v4.6.2, .NETFramework,Version=v4.7, .NETFramework,Version=v4.7.1, .NETFramework,Version=v4.7.2, .NETFramework,Version=v4.8, .NETFramework,Version=v4.8.1' instead of the project target framework 'net8.0'. This package may not be fully compatible with your project.
C:\Users\ultra\warewolf\Dev\Warewolf.Studio.Core\Warewolf.Studio.Core.csproj : warning NU1701: Package 'Prism.Wpf 9.0.537' was restored using '.NETFramework,Version=v4.6.1, .NETFramework,Version=v4.6.2, .NETFramework,Version=v4.7, .NETFramework,Version=v4.7.1, .NETFramework,Version=v4.7.2, .NETFramework,Version=v4.8, .NETFramework,Version=v4.8.1' instead of the project target framework 'net8.0'. This package may not be fully compatible with your project.
C:\Users\ultra\warewolf\Dev\Warewolf.Studio.Core\Warewolf.Studio.Core.csproj : warning NU1701: Package 'ReactiveUI.WPF 18.4.1' was restored using '.NETFramework,Version=v4.6.1, .NETFramework,Version=v4.6.2, .NETFramework,Version=v4.7, .NETFramework,Version=v4.7.1, .NETFramework,Version=v4.7.2, .NETFramework,Version=v4.8, .NETFramework,Version=v4.8.1' instead of the project target framework 'net8.0'. This package may not be fully compatible with your project.
C:\Users\ultra\warewolf\Dev\Warewolf.Studio.Core\Warewolf.Studio.Core.csproj : warning NU1701: Package 'TaskSchedulerEditor 2.10.1' was restored using '.NETFramework,Version=v4.6.1, .NETFramework,Version=v4.6.2, .NETFramework,Version=v4.7, .NETFramework,Version=v4.7.1, .NETFramework,Version=v4.7.2, .NETFramework,Version=v4.8, .NETFramework,Version=v4.8.1' instead of the project target framework 'net8.0'. This package may not be fully compatible with your project.
  Warewolf.Weave -> C:\Users\ultra\warewolf\Dev\Warewolf.Weave\bin\Debug\net8.0\Warewolf.Weave.dll
C:\Users\ultra\warewolf\Dev\Dev2.SignalR.Wrappers.New\Dev2.SignalR.Wrappers.New.csproj : warning NU1701: Package 'AeroWizard 2.3.1' was restored using '.NETFramework,Version=v4.6.1, .NETFramework,Version=v4.6.2, .NETFramework,Version=v4.7, .NETFramework,Version=v4.7.1, .NETFramework,Version=v4.7.2, .NETFramework,Version=v4.8, .NETFramework,Version=v4.8.1' instead of the project target framework 'net8.0'. This package may not be fully compatible with your project.
C:\Users\ultra\warewolf\Dev\Dev2.SignalR.Wrappers.New\Dev2.SignalR.Wrappers.New.csproj : warning NU1701: Package 'GroupControls 1.9.0' was restored using '.NETFramework,Version=v4.6.1, .NETFramework,Version=v4.6.2, .NETFramework,Version=v4.7, .NETFramework,Version=v4.7.1, .NETFramework,Version=v4.7.2, .NETFramework,Version=v4.8, .NETFramework,Version=v4.8.1' instead of the project target framework 'net8.0'. This package may not be fully compatible with your project.
C:\Users\ultra\warewolf\Dev\Dev2.SignalR.Wrappers.New\Dev2.SignalR.Wrappers.New.csproj : warning NU1701: Package 'ReactiveUI.WPF 18.4.1' was restored using '.NETFramework,Version=v4.6.1, .NETFramework,Version=v4.6.2, .NETFramework,Version=v4.7, .NETFramework,Version=v4.7.1, .NETFramework,Version=v4.7.2, .NETFramework,Version=v4.8, .NETFramework,Version=v4.8.1' instead of the project target framework 'net8.0'. This package may not be fully compatible with your project.
C:\Users\ultra\warewolf\Dev\Dev2.SignalR.Wrappers.New\Dev2.SignalR.Wrappers.New.csproj : warning NU1701: Package 'TaskSchedulerEditor 2.10.1' was restored using '.NETFramework,Version=v4.6.1, .NETFramework,Version=v4.6.2, .NETFramework,Version=v4.7, .NETFramework,Version=v4.7.1, .NETFramework,Version=v4.7.2, .NETFramework,Version=v4.8, .NETFramework,Version=v4.8.1' instead of the project target framework 'net8.0'. This package may not be fully compatible with your project.
C:\Users\ultra\warewolf\Dev\Dev2.TaskScheduler.Wrappers\Dev2.TaskScheduler.Wrappers.csproj : warning NU1701: Package 'AeroWizard 2.3.1' was restored using '.NETFramework,Version=v4.6.1, .NETFramework,Version=v4.6.2, .NETFramework,Version=v4.7, .NETFramework,Version=v4.7.1, .NETFramework,Version=v4.7.2, .NETFramework,Version=v4.8, .NETFramework,Version=v4.8.1' instead of the project target framework 'net8.0'. This package may not be fully compatible with your project.
C:\Users\ultra\warewolf\Dev\Dev2.TaskScheduler.Wrappers\Dev2.TaskScheduler.Wrappers.csproj : warning NU1701: Package 'GroupControls 1.9.0' was restored using '.NETFramework,Version=v4.6.1, .NETFramework,Version=v4.6.2, .NETFramework,Version=v4.7, .NETFramework,Version=v4.7.1, .NETFramework,Version=v4.7.2, .NETFramework,Version=v4.8, .NETFramework,Version=v4.8.1' instead of the project target framework 'net8.0'. This package may not be fully compatible with your project.
C:\Users\ultra\warewolf\Dev\Dev2.TaskScheduler.Wrappers\Dev2.TaskScheduler.Wrappers.csproj : warning NU1701: Package 'TaskSchedulerEditor 2.10.1' was restored using '.NETFramework,Version=v4.6.1, .NETFramework,Version=v4.6.2, .NETFramework,Version=v4.7, .NETFramework,Version=v4.7.1, .NETFramework,Version=v4.7.2, .NETFramework,Version=v4.8, .NETFramework,Version=v4.8.1' instead of the project target framework 'net8.0'. This package may not be fully compatible with your project.
  Consider app.config remapping of assembly "System.Runtime.CompilerServices.Unsafe, Culture=neutral, PublicKeyToken=b03f5f7f11d50a3a" from Version "6.0.0.0" [] to Version "8.0.0.0" [C:\Program Files\dotnet\packs\Microsoft.NETCore.App.Ref\8.0.25\ref\net8.0\System.Runtime.CompilerServices.Unsafe.dll] to solve conflict and get rid of warning.
C:\Users\ultra\warewolf\Dev\Warewolf.Driver.Serilog\Warewolf.Driver.Serilog.csproj : warning NU1701: Package 'AeroWizard 2.3.1' was restored using '.NETFramework,Version=v4.6.1, .NETFramework,Version=v4.6.2, .NETFramework,Version=v4.7, .NETFramework,Version=v4.7.1, .NETFramework,Version=v4.7.2, .NETFramework,Version=v4.8, .NETFramework,Version=v4.8.1' instead of the project target framework 'net8.0'. This package may not be fully compatible with your project.
C:\Users\ultra\warewolf\Dev\Warewolf.Driver.Serilog\Warewolf.Driver.Serilog.csproj : warning NU1701: Package 'GroupControls 1.9.0' was restored using '.NETFramework,Version=v4.6.1, .NETFramework,Version=v4.6.2, .NETFramework,Version=v4.7, .NETFramework,Version=v4.7.1, .NETFramework,Version=v4.7.2, .NETFramework,Version=v4.8, .NETFramework,Version=v4.8.1' instead of the project target framework 'net8.0'. This package may not be fully compatible with your project.
C:\Users\ultra\warewolf\Dev\Warewolf.Driver.Serilog\Warewolf.Driver.Serilog.csproj : warning NU1701: Package 'ReactiveUI.WPF 18.4.1' was restored using '.NETFramework,Version=v4.6.1, .NETFramework,Version=v4.6.2, .NETFramework,Version=v4.7, .NETFramework,Version=v4.7.1, .NETFramework,Version=v4.7.2, .NETFramework,Version=v4.8, .NETFramework,Version=v4.8.1' instead of the project target framework 'net8.0'. This package may not be fully compatible with your project.
C:\Users\ultra\warewolf\Dev\Warewolf.Driver.Serilog\Warewolf.Driver.Serilog.csproj : warning NU1701: Package 'TaskSchedulerEditor 2.10.1' was restored using '.NETFramework,Version=v4.6.1, .NETFramework,Version=v4.6.2, .NETFramework,Version=v4.7, .NETFramework,Version=v4.7.1, .NETFramework,Version=v4.7.2, .NETFramework,Version=v4.8, .NETFramework,Version=v4.8.1' instead of the project target framework 'net8.0'. This package may not be fully compatible with your project.
  Warewolf.ServiceDefinitions -> C:\Users\ultra\warewolf\Dev\Warewolf.ServiceDefinitions\bin\Debug\net8.0\Warewolf.ServiceDefinitions.dll
  Dev2.SignalR.Wrappers.Interfaces -> C:\Users\ultra\warewolf\Dev\Dev2.SignalR.Wrappers\bin\Debug\net8.0\Dev2.SignalR.Wrappers.dll
C:\Users\ultra\warewolf\Dev\Warewolf.Core\Warewolf.Core.csproj : warning NU1903: Package 'Microsoft.Windows.Compatibility' 6.0.0 has a known high severity vulnerability, https://github.com/advisories/GHSA-555c-2p6r-68mm
C:\Users\ultra\warewolf\Dev\Warewolf.Core\Warewolf.Core.csproj : warning NU1701: Package 'AeroWizard 2.3.1' was restored using '.NETFramework,Version=v4.6.1, .NETFramework,Version=v4.6.2, .NETFramework,Version=v4.7, .NETFramework,Version=v4.7.1, .NETFramework,Version=v4.7.2, .NETFramework,Version=v4.8, .NETFramework,Version=v4.8.1' instead of the project target framework 'net8.0'. This package may not be fully compatible with your project.
C:\Users\ultra\warewolf\Dev\Warewolf.Core\Warewolf.Core.csproj : warning NU1701: Package 'GroupControls 1.9.0' was restored using '.NETFramework,Version=v4.6.1, .NETFramework,Version=v4.6.2, .NETFramework,Version=v4.7, .NETFramework,Version=v4.7.1, .NETFramework,Version=v4.7.2, .NETFramework,Version=v4.8, .NETFramework,Version=v4.8.1' instead of the project target framework 'net8.0'. This package may not be fully compatible with your project.
C:\Users\ultra\warewolf\Dev\Warewolf.Core\Warewolf.Core.csproj : warning NU1701: Package 'ReactiveUI.WPF 18.4.1' was restored using '.NETFramework,Version=v4.6.1, .NETFramework,Version=v4.6.2, .NETFramework,Version=v4.7, .NETFramework,Version=v4.7.1, .NETFramework,Version=v4.7.2, .NETFramework,Version=v4.8, .NETFramework,Version=v4.8.1' instead of the project target framework 'net8.0'. This package may not be fully compatible with your project.
C:\Users\ultra\warewolf\Dev\Warewolf.Core\Warewolf.Core.csproj : warning NU1701: Package 'TaskSchedulerEditor 2.10.1' was restored using '.NETFramework,Version=v4.6.1, .NETFramework,Version=v4.6.2, .NETFramework,Version=v4.7, .NETFramework,Version=v4.7.1, .NETFramework,Version=v4.7.2, .NETFramework,Version=v4.8, .NETFramework,Version=v4.8.1' instead of the project target framework 'net8.0'. This package may not be fully compatible with your project.
C:\Users\ultra\warewolf\Dev\Warewolf.Studio.ViewModels\Warewolf.Studio.ViewModels.csproj : warning NU1701: Package 'AeroWizard 2.3.1' was restored using '.NETFramework,Version=v4.6.1, .NETFramework,Version=v4.6.2, .NETFramework,Version=v4.7, .NETFramework,Version=v4.7.1, .NETFramework,Version=v4.7.2, .NETFramework,Version=v4.8, .NETFramework,Version=v4.8.1' instead of the project target framework 'net8.0'. This package may not be fully compatible with your project.
C:\Users\ultra\warewolf\Dev\Warewolf.Studio.ViewModels\Warewolf.Studio.ViewModels.csproj : warning NU1701: Package 'GroupControls 1.9.0' was restored using '.NETFramework,Version=v4.6.1, .NETFramework,Version=v4.6.2, .NETFramework,Version=v4.7, .NETFramework,Version=v4.7.1, .NETFramework,Version=v4.7.2, .NETFramework,Version=v4.8, .NETFramework,Version=v4.8.1' instead of the project target framework 'net8.0'. This package may not be fully compatible with your project.
C:\Users\ultra\warewolf\Dev\Warewolf.Studio.ViewModels\Warewolf.Studio.ViewModels.csproj : warning NU1701: Package 'Microsoft.Xaml.Behaviors.Wpf 1.1.122' was restored using '.NETFramework,Version=v4.6.1, .NETFramework,Version=v4.6.2, .NETFramework,Version=v4.7, .NETFramework,Version=v4.7.1, .NETFramework,Version=v4.7.2, .NETFramework,Version=v4.8, .NETFramework,Version=v4.8.1' instead of the project target framework 'net8.0'. This package may not be fully compatible with your project.
C:\Users\ultra\warewolf\Dev\Warewolf.Studio.ViewModels\Warewolf.Studio.ViewModels.csproj : warning NU1701: Package 'Prism.Wpf 9.0.537' was restored using '.NETFramework,Version=v4.6.1, .NETFramework,Version=v4.6.2, .NETFramework,Version=v4.7, .NETFramework,Version=v4.7.1, .NETFramework,Version=v4.7.2, .NETFramework,Version=v4.8, .NETFramework,Version=v4.8.1' instead of the project target framework 'net8.0'. This package may not be fully compatible with your project.
C:\Users\ultra\warewolf\Dev\Warewolf.Studio.ViewModels\Warewolf.Studio.ViewModels.csproj : warning NU1701: Package 'ReactiveUI.WPF 18.4.1' was restored using '.NETFramework,Version=v4.6.1, .NETFramework,Version=v4.6.2, .NETFramework,Version=v4.7, .NETFramework,Version=v4.7.1, .NETFramework,Version=v4.7.2, .NETFramework,Version=v4.8, .NETFramework,Version=v4.8.1' instead of the project target framework 'net8.0'. This package may not be fully compatible with your project.
C:\Users\ultra\warewolf\Dev\Warewolf.Studio.ViewModels\Warewolf.Studio.ViewModels.csproj : warning NU1701: Package 'TaskSchedulerEditor 2.10.1' was restored using '.NETFramework,Version=v4.6.1, .NETFramework,Version=v4.6.2, .NETFramework,Version=v4.7, .NETFramework,Version=v4.7.1, .NETFramework,Version=v4.7.2, .NETFramework,Version=v4.8, .NETFramework,Version=v4.8.1' instead of the project target framework 'net8.0'. This package may not be fully compatible with your project.
C:\Users\ultra\warewolf\Dev\Warewolf.Exchange.Email.Wrapper\Warewolf.Exchange.Email.Wrapper.csproj : warning NU1701: Package 'AeroWizard 2.3.1' was restored using '.NETFramework,Version=v4.6.1, .NETFramework,Version=v4.6.2, .NETFramework,Version=v4.7, .NETFramework,Version=v4.7.1, .NETFramework,Version=v4.7.2, .NETFramework,Version=v4.8, .NETFramework,Version=v4.8.1' instead of the project target framework 'net8.0'. This package may not be fully compatible with your project.
C:\Users\ultra\warewolf\Dev\Warewolf.Exchange.Email.Wrapper\Warewolf.Exchange.Email.Wrapper.csproj : warning NU1701: Package 'GroupControls 1.9.0' was restored using '.NETFramework,Version=v4.6.1, .NETFramework,Version=v4.6.2, .NETFramework,Version=v4.7, .NETFramework,Version=v4.7.1, .NETFramework,Version=v4.7.2, .NETFramework,Version=v4.8, .NETFramework,Version=v4.8.1' instead of the project target framework 'net8.0'. This package may not be fully compatible with your project.
C:\Users\ultra\warewolf\Dev\Warewolf.Exchange.Email.Wrapper\Warewolf.Exchange.Email.Wrapper.csproj : warning NU1701: Package 'ReactiveUI.WPF 18.4.1' was restored using '.NETFramework,Version=v4.6.1, .NETFramework,Version=v4.6.2, .NETFramework,Version=v4.7, .NETFramework,Version=v4.7.1, .NETFramework,Version=v4.7.2, .NETFramework,Version=v4.8, .NETFramework,Version=v4.8.1' instead of the project target framework 'net8.0'. This package may not be fully compatible with your project.
C:\Users\ultra\warewolf\Dev\Warewolf.Exchange.Email.Wrapper\Warewolf.Exchange.Email.Wrapper.csproj : warning NU1701: Package 'TaskSchedulerEditor 2.10.1' was restored using '.NETFramework,Version=v4.6.1, .NETFramework,Version=v4.6.2, .NETFramework,Version=v4.7, .NETFramework,Version=v4.7.1, .NETFramework,Version=v4.7.2, .NETFramework,Version=v4.8, .NETFramework,Version=v4.8.1' instead of the project target framework 'net8.0'. This package may not be fully compatible with your project.
C:\Users\ultra\warewolf\Dev\Warewolf.Testing\Warewolf.Testing.csproj : warning NU1701: Package 'AeroWizard 2.3.1' was restored using '.NETFramework,Version=v4.6.1, .NETFramework,Version=v4.6.2, .NETFramework,Version=v4.7, .NETFramework,Version=v4.7.1, .NETFramework,Version=v4.7.2, .NETFramework,Version=v4.8, .NETFramework,Version=v4.8.1' instead of the project target framework 'net8.0'. This package may not be fully compatible with your project.
C:\Users\ultra\warewolf\Dev\Warewolf.Testing\Warewolf.Testing.csproj : warning NU1701: Package 'GroupControls 1.9.0' was restored using '.NETFramework,Version=v4.6.1, .NETFramework,Version=v4.6.2, .NETFramework,Version=v4.7, .NETFramework,Version=v4.7.1, .NETFramework,Version=v4.7.2, .NETFramework,Version=v4.8, .NETFramework,Version=v4.8.1' instead of the project target framework 'net8.0'. This package may not be fully compatible with your project.
C:\Users\ultra\warewolf\Dev\Warewolf.Testing\Warewolf.Testing.csproj : warning NU1701: Package 'Microsoft.Xaml.Behaviors.Wpf 1.1.122' was restored using '.NETFramework,Version=v4.6.1, .NETFramework,Version=v4.6.2, .NETFramework,Version=v4.7, .NETFramework,Version=v4.7.1, .NETFramework,Version=v4.7.2, .NETFramework,Version=v4.8, .NETFramework,Version=v4.8.1' instead of the project target framework 'net8.0'. This package may not be fully compatible with your project.
C:\Users\ultra\warewolf\Dev\Warewolf.Testing\Warewolf.Testing.csproj : warning NU1701: Package 'Prism.Wpf 9.0.537' was restored using '.NETFramework,Version=v4.6.1, .NETFramework,Version=v4.6.2, .NETFramework,Version=v4.7, .NETFramework,Version=v4.7.1, .NETFramework,Version=v4.7.2, .NETFramework,Version=v4.8, .NETFramework,Version=v4.8.1' instead of the project target framework 'net8.0'. This package may not be fully compatible with your project.
C:\Users\ultra\warewolf\Dev\Warewolf.Testing\Warewolf.Testing.csproj : warning NU1701: Package 'ReactiveUI.WPF 18.4.1' was restored using '.NETFramework,Version=v4.6.1, .NETFramework,Version=v4.6.2, .NETFramework,Version=v4.7, .NETFramework,Version=v4.7.1, .NETFramework,Version=v4.7.2, .NETFramework,Version=v4.8, .NETFramework,Version=v4.8.1' instead of the project target framework 'net8.0'. This package may not be fully compatible with your project.
C:\Users\ultra\warewolf\Dev\Warewolf.Testing\Warewolf.Testing.csproj : warning NU1701: Package 'TaskSchedulerEditor 2.10.1' was restored using '.NETFramework,Version=v4.6.1, .NETFramework,Version=v4.6.2, .NETFramework,Version=v4.7, .NETFramework,Version=v4.7.1, .NETFramework,Version=v4.7.2, .NETFramework,Version=v4.8, .NETFramework,Version=v4.8.1' instead of the project target framework 'net8.0'. This package may not be fully compatible with your project.
C:\Users\ultra\warewolf\Dev\TestBase\TestBase.csproj : warning NU1701: Package 'AeroWizard 2.3.1' was restored using '.NETFramework,Version=v4.6.1, .NETFramework,Version=v4.6.2, .NETFramework,Version=v4.7, .NETFramework,Version=v4.7.1, .NETFramework,Version=v4.7.2, .NETFramework,Version=v4.8, .NETFramework,Version=v4.8.1' instead of the project target framework 'net8.0'. This package may not be fully compatible with your project.
C:\Users\ultra\warewolf\Dev\TestBase\TestBase.csproj : warning NU1701: Package 'AvalonEdit 6.3.0.90' was restored using '.NETFramework,Version=v4.6.1, .NETFramework,Version=v4.6.2, .NETFramework,Version=v4.7, .NETFramework,Version=v4.7.1, .NETFramework,Version=v4.7.2, .NETFramework,Version=v4.8, .NETFramework,Version=v4.8.1' instead of the project target framework 'net8.0'. This package may not be fully compatible with your project.
C:\Users\ultra\warewolf\Dev\TestBase\TestBase.csproj : warning NU1701: Package 'CommonServiceLocator 1.2.0' was restored using '.NETFramework,Version=v4.6.1, .NETFramework,Version=v4.6.2, .NETFramework,Version=v4.7, .NETFramework,Version=v4.7.1, .NETFramework,Version=v4.7.2, .NETFramework,Version=v4.8, .NETFramework,Version=v4.8.1' instead of the project target framework 'net8.0'. This package may not be fully compatible with your project.
C:\Users\ultra\warewolf\Dev\TestBase\TestBase.csproj : warning NU1701: Package 'FontAwesome.WPF 4.7.0.9' was restored using '.NETFramework,Version=v4.6.1, .NETFramework,Version=v4.6.2, .NETFramework,Version=v4.7, .NETFramework,Version=v4.7.1, .NETFramework,Version=v4.7.2, .NETFramework,Version=v4.8, .NETFramework,Version=v4.8.1' instead of the project target framework 'net8.0'. This package may not be fully compatible with your project.
C:\Users\ultra\warewolf\Dev\TestBase\TestBase.csproj : warning NU1701: Package 'GroupControls 1.9.0' was restored using '.NETFramework,Version=v4.6.1, .NETFramework,Version=v4.6.2, .NETFramework,Version=v4.7, .NETFramework,Version=v4.7.1, .NETFramework,Version=v4.7.2, .NETFramework,Version=v4.8, .NETFramework,Version=v4.8.1' instead of the project target framework 'net8.0'. This package may not be fully compatible with your project.
C:\Users\ultra\warewolf\Dev\TestBase\TestBase.csproj : warning NU1701: Package 'Log4Net.Async 2.0.4' was restored using '.NETFramework,Version=v4.6.1, .NETFramework,Version=v4.6.2, .NETFramework,Version=v4.7, .NETFramework,Version=v4.7.1, .NETFramework,Version=v4.7.2, .NETFramework,Version=v4.8, .NETFramework,Version=v4.8.1' instead of the project target framework 'net8.0'. This package may not be fully compatible with your project.
C:\Users\ultra\warewolf\Dev\TestBase\TestBase.csproj : warning NU1701: Package 'Microsoft.Xaml.Behaviors.Wpf 1.1.122' was restored using '.NETFramework,Version=v4.6.1, .NETFramework,Version=v4.6.2, .NETFramework,Version=v4.7, .NETFramework,Version=v4.7.1, .NETFramework,Version=v4.7.2, .NETFramework,Version=v4.8, .NETFramework,Version=v4.8.1' instead of the project target framework 'net8.0'. This package may not be fully compatible with your project.
C:\Users\ultra\warewolf\Dev\TestBase\TestBase.csproj : warning NU1701: Package 'Prism.Composition 5.0.0' was restored using '.NETFramework,Version=v4.6.1, .NETFramework,Version=v4.6.2, .NETFramework,Version=v4.7, .NETFramework,Version=v4.7.1, .NETFramework,Version=v4.7.2, .NETFramework,Version=v4.8, .NETFramework,Version=v4.8.1' instead of the project target framework 'net8.0'. This package may not be fully compatible with your project.
C:\Users\ultra\warewolf\Dev\TestBase\TestBase.csproj : warning NU1701: Package 'Prism.Interactivity 5.0.0' was restored using '.NETFramework,Version=v4.6.1, .NETFramework,Version=v4.6.2, .NETFramework,Version=v4.7, .NETFramework,Version=v4.7.1, .NETFramework,Version=v4.7.2, .NETFramework,Version=v4.8, .NETFramework,Version=v4.8.1' instead of the project target framework 'net8.0'. This package may not be fully compatible with your project.
C:\Users\ultra\warewolf\Dev\TestBase\TestBase.csproj : warning NU1701: Package 'Prism.Mvvm 1.0.0' was restored using '.NETFramework,Version=v4.6.1, .NETFramework,Version=v4.6.2, .NETFramework,Version=v4.7, .NETFramework,Version=v4.7.1, .NETFramework,Version=v4.7.2, .NETFramework,Version=v4.8, .NETFramework,Version=v4.8.1' instead of the project target framework 'net8.0'. This package may not be fully compatible with your project.
C:\Users\ultra\warewolf\Dev\TestBase\TestBase.csproj : warning NU1701: Package 'Prism.PubSubEvents 1.0.0' was restored using '.NETFramework,Version=v4.6.1, .NETFramework,Version=v4.6.2, .NETFramework,Version=v4.7, .NETFramework,Version=v4.7.1, .NETFramework,Version=v4.7.2, .NETFramework,Version=v4.8, .NETFramework,Version=v4.8.1' instead of the project target framework 'net8.0'. This package may not be fully compatible with your project.
C:\Users\ultra\warewolf\Dev\TestBase\TestBase.csproj : warning NU1701: Package 'Prism.UnityExtensions 5.0.1' was restored using '.NETFramework,Version=v4.6.1, .NETFramework,Version=v4.6.2, .NETFramework,Version=v4.7, .NETFramework,Version=v4.7.1, .NETFramework,Version=v4.7.2, .NETFramework,Version=v4.8, .NETFramework,Version=v4.8.1' instead of the project target framework 'net8.0'. This package may not be fully compatible with your project.
C:\Users\ultra\warewolf\Dev\TestBase\TestBase.csproj : warning NU1701: Package 'Prism.Wpf 9.0.537' was restored using '.NETFramework,Version=v4.6.1, .NETFramework,Version=v4.6.2, .NETFramework,Version=v4.7, .NETFramework,Version=v4.7.1, .NETFramework,Version=v4.7.2, .NETFramework,Version=v4.8, .NETFramework,Version=v4.8.1' instead of the project target framework 'net8.0'. This package may not be fully compatible with your project.
C:\Users\ultra\warewolf\Dev\TestBase\TestBase.csproj : warning NU1701: Package 'ReactiveUI.WPF 18.4.1' was restored using '.NETFramework,Version=v4.6.1, .NETFramework,Version=v4.6.2, .NETFramework,Version=v4.7, .NETFramework,Version=v4.7.1, .NETFramework,Version=v4.7.2, .NETFramework,Version=v4.8, .NETFramework,Version=v4.8.1' instead of the project target framework 'net8.0'. This package may not be fully compatible with your project.
C:\Users\ultra\warewolf\Dev\TestBase\TestBase.csproj : warning NU1701: Package 'TaskSchedulerEditor 2.10.1' was restored using '.NETFramework,Version=v4.6.1, .NETFramework,Version=v4.6.2, .NETFramework,Version=v4.7, .NETFramework,Version=v4.7.1, .NETFramework,Version=v4.7.2, .NETFramework,Version=v4.8, .NETFramework,Version=v4.8.1' instead of the project target framework 'net8.0'. This package may not be fully compatible with your project.
C:\Users\ultra\warewolf\Dev\TestBase\TestBase.csproj : warning NU1701: Package 'Unofficial.Microsoft.mshtml 7.0.3300' was restored using '.NETFramework,Version=v4.6.1, .NETFramework,Version=v4.6.2, .NETFramework,Version=v4.7, .NETFramework,Version=v4.7.1, .NETFramework,Version=v4.7.2, .NETFramework,Version=v4.8, .NETFramework,Version=v4.8.1' instead of the project target framework 'net8.0'. This package may not be fully compatible with your project.
C:\Users\ultra\warewolf\Dev\Dev2.Infrastructure.Tests\Dev2.Infrastructure.Tests.csproj : warning NU1701: Package 'AeroWizard 2.3.1' was restored using '.NETFramework,Version=v4.6.1, .NETFramework,Version=v4.6.2, .NETFramework,Version=v4.7, .NETFramework,Version=v4.7.1, .NETFramework,Version=v4.7.2, .NETFramework,Version=v4.8, .NETFramework,Version=v4.8.1' instead of the project target framework 'net8.0'. This package may not be fully compatible with your project.
C:\Users\ultra\warewolf\Dev\Dev2.Infrastructure.Tests\Dev2.Infrastructure.Tests.csproj : warning NU1701: Package 'GroupControls 1.9.0' was restored using '.NETFramework,Version=v4.6.1, .NETFramework,Version=v4.6.2, .NETFramework,Version=v4.7, .NETFramework,Version=v4.7.1, .NETFramework,Version=v4.7.2, .NETFramework,Version=v4.8, .NETFramework,Version=v4.8.1' instead of the project target framework 'net8.0'. This package may not be fully compatible with your project.
C:\Users\ultra\warewolf\Dev\Dev2.Infrastructure.Tests\Dev2.Infrastructure.Tests.csproj : warning NU1701: Package 'Microsoft.Xaml.Behaviors.Wpf 1.1.122' was restored using '.NETFramework,Version=v4.6.1, .NETFramework,Version=v4.6.2, .NETFramework,Version=v4.7, .NETFramework,Version=v4.7.1, .NETFramework,Version=v4.7.2, .NETFramework,Version=v4.8, .NETFramework,Version=v4.8.1' instead of the project target framework 'net8.0'. This package may not be fully compatible with your project.
C:\Users\ultra\warewolf\Dev\Dev2.Infrastructure.Tests\Dev2.Infrastructure.Tests.csproj : warning NU1701: Package 'Prism.Wpf 9.0.537' was restored using '.NETFramework,Version=v4.6.1, .NETFramework,Version=v4.6.2, .NETFramework,Version=v4.7, .NETFramework,Version=v4.7.1, .NETFramework,Version=v4.7.2, .NETFramework,Version=v4.8, .NETFramework,Version=v4.8.1' instead of the project target framework 'net8.0'. This package may not be fully compatible with your project.
C:\Users\ultra\warewolf\Dev\Dev2.Infrastructure.Tests\Dev2.Infrastructure.Tests.csproj : warning NU1701: Package 'ReactiveUI.WPF 18.4.1' was restored using '.NETFramework,Version=v4.6.1, .NETFramework,Version=v4.6.2, .NETFramework,Version=v4.7, .NETFramework,Version=v4.7.1, .NETFramework,Version=v4.7.2, .NETFramework,Version=v4.8, .NETFramework,Version=v4.8.1' instead of the project target framework 'net8.0'. This package may not be fully compatible with your project.
C:\Users\ultra\warewolf\Dev\Dev2.Infrastructure.Tests\Dev2.Infrastructure.Tests.csproj : warning NU1701: Package 'TaskSchedulerEditor 2.10.1' was restored using '.NETFramework,Version=v4.6.1, .NETFramework,Version=v4.6.2, .NETFramework,Version=v4.7, .NETFramework,Version=v4.7.1, .NETFramework,Version=v4.7.2, .NETFramework,Version=v4.8, .NETFramework,Version=v4.8.1' instead of the project target framework 'net8.0'. This package may not be fully compatible with your project.
  Warewolf.Driver.Redis -> C:\Users\ultra\warewolf\Dev\Warewolf.Driver.Redis\bin\Debug\net8.0\Warewolf.Driver.Redis.dll
  Warewolf.Driver.RabbitMQ -> C:\Users\ultra\warewolf\Dev\Warewolf.Driver.RabbitMQ\bin\Debug\net8.0\Warewolf.Driver.RabbitMQ.dll
  Warewolf.Studio.Resources -> C:\Users\ultra\warewolf\Dev\Warewolf.Studio.Resources\bin\Debug\net8.0\Warewolf.Studio.Resources.dll
C:\Users\ultra\warewolf\Dev\Dev2.Runtime\Dev2.Runtime.csproj : warning NU1903: Package 'Microsoft.Windows.Compatibility' 6.0.0 has a known high severity vulnerability, https://github.com/advisories/GHSA-555c-2p6r-68mm
C:\Users\ultra\warewolf\Dev\Dev2.Runtime\Dev2.Runtime.csproj : warning NU1701: Package 'AeroWizard 2.3.1' was restored using '.NETFramework,Version=v4.6.1, .NETFramework,Version=v4.6.2, .NETFramework,Version=v4.7, .NETFramework,Version=v4.7.1, .NETFramework,Version=v4.7.2, .NETFramework,Version=v4.8, .NETFramework,Version=v4.8.1' instead of the project target framework 'net8.0'. This package may not be fully compatible with your project.
C:\Users\ultra\warewolf\Dev\Dev2.Runtime\Dev2.Runtime.csproj : warning NU1701: Package 'GroupControls 1.9.0' was restored using '.NETFramework,Version=v4.6.1, .NETFramework,Version=v4.6.2, .NETFramework,Version=v4.7, .NETFramework,Version=v4.7.1, .NETFramework,Version=v4.7.2, .NETFramework,Version=v4.8, .NETFramework,Version=v4.8.1' instead of the project target framework 'net8.0'. This package may not be fully compatible with your project.
C:\Users\ultra\warewolf\Dev\Dev2.Runtime\Dev2.Runtime.csproj : warning NU1701: Package 'ReactiveUI.WPF 18.4.1' was restored using '.NETFramework,Version=v4.6.1, .NETFramework,Version=v4.6.2, .NETFramework,Version=v4.7, .NETFramework,Version=v4.7.1, .NETFramework,Version=v4.7.2, .NETFramework,Version=v4.8, .NETFramework,Version=v4.8.1' instead of the project target framework 'net8.0'. This package may not be fully compatible with your project.
C:\Users\ultra\warewolf\Dev\Dev2.Runtime\Dev2.Runtime.csproj : warning NU1701: Package 'TaskSchedulerEditor 2.10.1' was restored using '.NETFramework,Version=v4.6.1, .NETFramework,Version=v4.6.2, .NETFramework,Version=v4.7, .NETFramework,Version=v4.7.1, .NETFramework,Version=v4.7.2, .NETFramework,Version=v4.8, .NETFramework,Version=v4.8.1' instead of the project target framework 'net8.0'. This package may not be fully compatible with your project.
C:\Users\ultra\warewolf\Dev\Warewolf.Common.Framework48\Warewolf.Common.Framework48.csproj : warning NU1902: Package 'System.IdentityModel.Tokens.Jwt' 5.1.0 has a known moderate severity vulnerability, https://github.com/advisories/GHSA-59j7-ghrg-fj52
C:\Users\ultra\warewolf\Dev\Warewolf.Common.Framework48\Warewolf.Common.Framework48.csproj : warning NU1701: Package 'AeroWizard 2.3.1' was restored using '.NETFramework,Version=v4.6.1, .NETFramework,Version=v4.6.2, .NETFramework,Version=v4.7, .NETFramework,Version=v4.7.1, .NETFramework,Version=v4.7.2, .NETFramework,Version=v4.8, .NETFramework,Version=v4.8.1' instead of the project target framework 'net8.0'. This package may not be fully compatible with your project.
C:\Users\ultra\warewolf\Dev\Warewolf.Common.Framework48\Warewolf.Common.Framework48.csproj : warning NU1701: Package 'GroupControls 1.9.0' was restored using '.NETFramework,Version=v4.6.1, .NETFramework,Version=v4.6.2, .NETFramework,Version=v4.7, .NETFramework,Version=v4.7.1, .NETFramework,Version=v4.7.2, .NETFramework,Version=v4.8, .NETFramework,Version=v4.8.1' instead of the project target framework 'net8.0'. This package may not be fully compatible with your project.
C:\Users\ultra\warewolf\Dev\Warewolf.Common.Framework48\Warewolf.Common.Framework48.csproj : warning NU1701: Package 'Microsoft.Xaml.Behaviors.Wpf 1.1.122' was restored using '.NETFramework,Version=v4.6.1, .NETFramework,Version=v4.6.2, .NETFramework,Version=v4.7, .NETFramework,Version=v4.7.1, .NETFramework,Version=v4.7.2, .NETFramework,Version=v4.8, .NETFramework,Version=v4.8.1' instead of the project target framework 'net8.0'. This package may not be fully compatible with your project.
C:\Users\ultra\warewolf\Dev\Warewolf.Common.Framework48\Warewolf.Common.Framework48.csproj : warning NU1701: Package 'Prism.Wpf 9.0.537' was restored using '.NETFramework,Version=v4.6.1, .NETFramework,Version=v4.6.2, .NETFramework,Version=v4.7, .NETFramework,Version=v4.7.1, .NETFramework,Version=v4.7.2, .NETFramework,Version=v4.8, .NETFramework,Version=v4.8.1' instead of the project target framework 'net8.0'. This package may not be fully compatible with your project.
C:\Users\ultra\warewolf\Dev\Warewolf.Common.Framework48\Warewolf.Common.Framework48.csproj : warning NU1701: Package 'ReactiveUI.WPF 18.4.1' was restored using '.NETFramework,Version=v4.6.1, .NETFramework,Version=v4.6.2, .NETFramework,Version=v4.7, .NETFramework,Version=v4.7.1, .NETFramework,Version=v4.7.2, .NETFramework,Version=v4.8, .NETFramework,Version=v4.8.1' instead of the project target framework 'net8.0'. This package may not be fully compatible with your project.
C:\Users\ultra\warewolf\Dev\Warewolf.Common.Framework48\Warewolf.Common.Framework48.csproj : warning NU1701: Package 'TaskSchedulerEditor 2.10.1' was restored using '.NETFramework,Version=v4.6.1, .NETFramework,Version=v4.6.2, .NETFramework,Version=v4.7, .NETFramework,Version=v4.7.1, .NETFramework,Version=v4.7.2, .NETFramework,Version=v4.8, .NETFramework,Version=v4.8.1' instead of the project target framework 'net8.0'. This package may not be fully compatible with your project.
  SpecFlowFeatureFiles: 
  -> Using default config
  SpecFlowGeneratedFiles: 
C:\Users\ultra\warewolf\Dev\Dev2.Runtime.Configuration.Tests\Dev2.Runtime.Configuration.Tests.csproj : warning NU1701: Package 'AeroWizard 2.3.1' was restored using '.NETFramework,Version=v4.6.1, .NETFramework,Version=v4.6.2, .NETFramework,Version=v4.7, .NETFramework,Version=v4.7.1, .NETFramework,Version=v4.7.2, .NETFramework,Version=v4.8, .NETFramework,Version=v4.8.1' instead of the project target framework 'net8.0'. This package may not be fully compatible with your project.
C:\Users\ultra\warewolf\Dev\Dev2.Runtime.Configuration.Tests\Dev2.Runtime.Configuration.Tests.csproj : warning NU1701: Package 'GroupControls 1.9.0' was restored using '.NETFramework,Version=v4.6.1, .NETFramework,Version=v4.6.2, .NETFramework,Version=v4.7, .NETFramework,Version=v4.7.1, .NETFramework,Version=v4.7.2, .NETFramework,Version=v4.8, .NETFramework,Version=v4.8.1' instead of the project target framework 'net8.0'. This package may not be fully compatible with your project.
C:\Users\ultra\warewolf\Dev\Dev2.Runtime.Configuration.Tests\Dev2.Runtime.Configuration.Tests.csproj : warning NU1701: Package 'TaskSchedulerEditor 2.10.1' was restored using '.NETFramework,Version=v4.6.1, .NETFramework,Version=v4.6.2, .NETFramework,Version=v4.7, .NETFramework,Version=v4.7.1, .NETFramework,Version=v4.7.2, .NETFramework,Version=v4.8, .NETFramework,Version=v4.8.1' instead of the project target framework 'net8.0'. This package may not be fully compatible with your project.
C:\Users\ultra\warewolf\Dev\Dev2.Diagnostics.Tests\Dev2.Diagnostics.Tests.csproj : warning NU1701: Package 'AeroWizard 2.3.1' was restored using '.NETFramework,Version=v4.6.1, .NETFramework,Version=v4.6.2, .NETFramework,Version=v4.7, .NETFramework,Version=v4.7.1, .NETFramework,Version=v4.7.2, .NETFramework,Version=v4.8, .NETFramework,Version=v4.8.1' instead of the project target framework 'net8.0'. This package may not be fully compatible with your project.
C:\Users\ultra\warewolf\Dev\Warewolf.QueueWorker\Warewolf.QueueWorker.csproj : warning NU1701: Package 'AeroWizard 2.3.1' was restored using '.NETFramework,Version=v4.6.1, .NETFramework,Version=v4.6.2, .NETFramework,Version=v4.7, .NETFramework,Version=v4.7.1, .NETFramework,Version=v4.7.2, .NETFramework,Version=v4.8, .NETFramework,Version=v4.8.1' instead of the project target framework 'net8.0'. This package may not be fully compatible with your project.
C:\Users\ultra\warewolf\Dev\Warewolf.QueueWorker\Warewolf.QueueWorker.csproj : warning NU1701: Package 'GroupControls 1.9.0' was restored using '.NETFramework,Version=v4.6.1, .NETFramework,Version=v4.6.2, .NETFramework,Version=v4.7, .NETFramework,Version=v4.7.1, .NETFramework,Version=v4.7.2, .NETFramework,Version=v4.8, .NETFramework,Version=v4.8.1' instead of the project target framework 'net8.0'. This package may not be fully compatible with your project.
C:\Users\ultra\warewolf\Dev\Warewolf.QueueWorker\Warewolf.QueueWorker.csproj : warning NU1701: Package 'Microsoft.Xaml.Behaviors.Wpf 1.1.122' was restored using '.NETFramework,Version=v4.6.1, .NETFramework,Version=v4.6.2, .NETFramework,Version=v4.7, .NETFramework,Version=v4.7.1, .NETFramework,Version=v4.7.2, .NETFramework,Version=v4.8, .NETFramework,Version=v4.8.1' instead of the project target framework 'net8.0'. This package may not be fully compatible with your project.
C:\Users\ultra\warewolf\Dev\Warewolf.QueueWorker\Warewolf.QueueWorker.csproj : warning NU1701: Package 'Prism.Wpf 9.0.537' was restored using '.NETFramework,Version=v4.6.1, .NETFramework,Version=v4.6.2, .NETFramework,Version=v4.7, .NETFramework,Version=v4.7.1, .NETFramework,Version=v4.7.2, .NETFramework,Version=v4.8, .NETFramework,Version=v4.8.1' instead of the project target framework 'net8.0'. This package may not be fully compatible with your project.
C:\Users\ultra\warewolf\Dev\Warewolf.QueueWorker\Warewolf.QueueWorker.csproj : warning NU1701: Package 'ReactiveUI.WPF 18.4.1' was restored using '.NETFramework,Version=v4.6.1, .NETFramework,Version=v4.6.2, .NETFramework,Version=v4.7, .NETFramework,Version=v4.7.1, .NETFramework,Version=v4.7.2, .NETFramework,Version=v4.8, .NETFramework,Version=v4.8.1' instead of the project target framework 'net8.0'. This package may not be fully compatible with your project.
C:\Users\ultra\warewolf\Dev\Warewolf.QueueWorker\Warewolf.QueueWorker.csproj : warning NU1701: Package 'TaskSchedulerEditor 2.10.1' was restored using '.NETFramework,Version=v4.6.1, .NETFramework,Version=v4.6.2, .NETFramework,Version=v4.7, .NETFramework,Version=v4.7.1, .NETFramework,Version=v4.7.2, .NETFramework,Version=v4.8, .NETFramework,Version=v4.8.1' instead of the project target framework 'net8.0'. This package may not be fully compatible with your project.
C:\Users\ultra\warewolf\Dev\Dev2.Server\Dev2.Server.csproj : warning NU1903: Package 'Oracle.ManagedDataAccess.Core' 3.21.70 has a known high severity vulnerability, https://github.com/advisories/GHSA-5pm2-9mr2-3frq
C:\Users\ultra\warewolf\Dev\Dev2.Server\Dev2.Server.csproj : warning NU1701: Package 'AeroWizard 2.3.1' was restored using '.NETFramework,Version=v4.6.1, .NETFramework,Version=v4.6.2, .NETFramework,Version=v4.7, .NETFramework,Version=v4.7.1, .NETFramework,Version=v4.7.2, .NETFramework,Version=v4.8, .NETFramework,Version=v4.8.1' instead of the project target framework 'net8.0'. This package may not be fully compatible with your project.
C:\Users\ultra\warewolf\Dev\Dev2.Server\Dev2.Server.csproj : warning NU1701: Package 'GroupControls 1.9.0' was restored using '.NETFramework,Version=v4.6.1, .NETFramework,Version=v4.6.2, .NETFramework,Version=v4.7, .NETFramework,Version=v4.7.1, .NETFramework,Version=v4.7.2, .NETFramework,Version=v4.8, .NETFramework,Version=v4.8.1' instead of the project target framework 'net8.0'. This package may not be fully compatible with your project.
C:\Users\ultra\warewolf\Dev\Dev2.Server\Dev2.Server.csproj : warning NU1701: Package 'Microsoft.Xaml.Behaviors.Wpf 1.1.122' was restored using '.NETFramework,Version=v4.6.1, .NETFramework,Version=v4.6.2, .NETFramework,Version=v4.7, .NETFramework,Version=v4.7.1, .NETFramework,Version=v4.7.2, .NETFramework,Version=v4.8, .NETFramework,Version=v4.8.1' instead of the project target framework 'net8.0'. This package may not be fully compatible with your project.
C:\Users\ultra\warewolf\Dev\Dev2.Server\Dev2.Server.csproj : warning NU1701: Package 'Prism.Wpf 9.0.537' was restored using '.NETFramework,Version=v4.6.1, .NETFramework,Version=v4.6.2, .NETFramework,Version=v4.7, .NETFramework,Version=v4.7.1, .NETFramework,Version=v4.7.2, .NETFramework,Version=v4.8, .NETFramework,Version=v4.8.1' instead of the project target framework 'net8.0'. This package may not be fully compatible with your project.
C:\Users\ultra\warewolf\Dev\Dev2.Server\Dev2.Server.csproj : warning NU1701: Package 'ReactiveUI.WPF 18.4.1' was restored using '.NETFramework,Version=v4.6.1, .NETFramework,Version=v4.6.2, .NETFramework,Version=v4.7, .NETFramework,Version=v4.7.1, .NETFramework,Version=v4.7.2, .NETFramework,Version=v4.8, .NETFramework,Version=v4.8.1' instead of the project target framework 'net8.0'. This package may not be fully compatible with your project.
C:\Users\ultra\warewolf\Dev\Dev2.Server\Dev2.Server.csproj : warning NU1701: Package 'TaskSchedulerEditor 2.10.1' was restored using '.NETFramework,Version=v4.6.1, .NETFramework,Version=v4.6.2, .NETFramework,Version=v4.7, .NETFramework,Version=v4.7.1, .NETFramework,Version=v4.7.2, .NETFramework,Version=v4.8, .NETFramework,Version=v4.8.1' instead of the project target framework 'net8.0'. This package may not be fully compatible with your project.
C:\Users\ultra\warewolf\Dev\Dev2.Diagnostics.Tests\Dev2.Diagnostics.Tests.csproj : warning NU1701: Package 'GroupControls 1.9.0' was restored using '.NETFramework,Version=v4.6.1, .NETFramework,Version=v4.6.2, .NETFramework,Version=v4.7, .NETFramework,Version=v4.7.1, .NETFramework,Version=v4.7.2, .NETFramework,Version=v4.8, .NETFramework,Version=v4.8.1' instead of the project target framework 'net8.0'. This package may not be fully compatible with your project.
C:\Users\ultra\warewolf\Dev\Dev2.Diagnostics.Tests\Dev2.Diagnostics.Tests.csproj : warning NU1701: Package 'Microsoft.Xaml.Behaviors.Wpf 1.1.122' was restored using '.NETFramework,Version=v4.6.1, .NETFramework,Version=v4.6.2, .NETFramework,Version=v4.7, .NETFramework,Version=v4.7.1, .NETFramework,Version=v4.7.2, .NETFramework,Version=v4.8, .NETFramework,Version=v4.8.1' instead of the project target framework 'net8.0'. This package may not be fully compatible with your project.
  Warewolf.TestingDotnetDllCascading -> C:\Users\ultra\warewolf\Dev\Warewolf.TestingDotnetDllCascading\bin\Debug\net8.0\Warewolf.TestingDotnetDllCascading.dll
C:\Users\ultra\warewolf\Dev\Dev2.Diagnostics.Tests\Dev2.Diagnostics.Tests.csproj : warning NU1701: Package 'Prism.Wpf 9.0.537' was restored using '.NETFramework,Version=v4.6.1, .NETFramework,Version=v4.6.2, .NETFramework,Version=v4.7, .NETFramework,Version=v4.7.1, .NETFramework,Version=v4.7.2, .NETFramework,Version=v4.8, .NETFramework,Version=v4.8.1' instead of the project target framework 'net8.0'. This package may not be fully compatible with your project.
C:\Users\ultra\warewolf\Dev\Dev2.Diagnostics.Tests\Dev2.Diagnostics.Tests.csproj : warning NU1701: Package 'ReactiveUI.WPF 18.4.1' was restored using '.NETFramework,Version=v4.6.1, .NETFramework,Version=v4.6.2, .NETFramework,Version=v4.7, .NETFramework,Version=v4.7.1, .NETFramework,Version=v4.7.2, .NETFramework,Version=v4.8, .NETFramework,Version=v4.8.1' instead of the project target framework 'net8.0'. This package may not be fully compatible with your project.
C:\Users\ultra\warewolf\Dev\Dev2.Diagnostics.Tests\Dev2.Diagnostics.Tests.csproj : warning NU1701: Package 'TaskSchedulerEditor 2.10.1' was restored using '.NETFramework,Version=v4.6.1, .NETFramework,Version=v4.6.2, .NETFramework,Version=v4.7, .NETFramework,Version=v4.7.1, .NETFramework,Version=v4.7.2, .NETFramework,Version=v4.8, .NETFramework,Version=v4.8.1' instead of the project target framework 'net8.0'. This package may not be fully compatible with your project.
C:\Users\ultra\warewolf\Dev\Warewolf.MergeParser.Tests\Warewolf.MergeParser.Tests.csproj : warning NU1701: Package 'AeroWizard 2.3.1' was restored using '.NETFramework,Version=v4.6.1, .NETFramework,Version=v4.6.2, .NETFramework,Version=v4.7, .NETFramework,Version=v4.7.1, .NETFramework,Version=v4.7.2, .NETFramework,Version=v4.8, .NETFramework,Version=v4.8.1' instead of the project target framework 'net8.0'. This package may not be fully compatible with your project.
C:\Users\ultra\warewolf\Dev\Warewolf.MergeParser.Tests\Warewolf.MergeParser.Tests.csproj : warning NU1701: Package 'GroupControls 1.9.0' was restored using '.NETFramework,Version=v4.6.1, .NETFramework,Version=v4.6.2, .NETFramework,Version=v4.7, .NETFramework,Version=v4.7.1, .NETFramework,Version=v4.7.2, .NETFramework,Version=v4.8, .NETFramework,Version=v4.8.1' instead of the project target framework 'net8.0'. This package may not be fully compatible with your project.
C:\Users\ultra\warewolf\Dev\Warewolf.MergeParser.Tests\Warewolf.MergeParser.Tests.csproj : warning NU1701: Package 'Microsoft.Xaml.Behaviors.Wpf 1.1.122' was restored using '.NETFramework,Version=v4.6.1, .NETFramework,Version=v4.6.2, .NETFramework,Version=v4.7, .NETFramework,Version=v4.7.1, .NETFramework,Version=v4.7.2, .NETFramework,Version=v4.8, .NETFramework,Version=v4.8.1' instead of the project target framework 'net8.0'. This package may not be fully compatible with your project.
C:\Users\ultra\warewolf\Dev\Warewolf.MergeParser.Tests\Warewolf.MergeParser.Tests.csproj : warning NU1701: Package 'Prism.Wpf 9.0.537' was restored using '.NETFramework,Version=v4.6.1, .NETFramework,Version=v4.6.2, .NETFramework,Version=v4.7, .NETFramework,Version=v4.7.1, .NETFramework,Version=v4.7.2, .NETFramework,Version=v4.8, .NETFramework,Version=v4.8.1' instead of the project target framework 'net8.0'. This package may not be fully compatible with your project.
C:\Users\ultra\warewolf\Dev\Warewolf.MergeParser.Tests\Warewolf.MergeParser.Tests.csproj : warning NU1701: Package 'ReactiveUI.WPF 18.4.1' was restored using '.NETFramework,Version=v4.6.1, .NETFramework,Version=v4.6.2, .NETFramework,Version=v4.7, .NETFramework,Version=v4.7.1, .NETFramework,Version=v4.7.2, .NETFramework,Version=v4.8, .NETFramework,Version=v4.8.1' instead of the project target framework 'net8.0'. This package may not be fully compatible with your project.
C:\Users\ultra\warewolf\Dev\Warewolf.MergeParser.Tests\Warewolf.MergeParser.Tests.csproj : warning NU1701: Package 'TaskSchedulerEditor 2.10.1' was restored using '.NETFramework,Version=v4.6.1, .NETFramework,Version=v4.6.2, .NETFramework,Version=v4.7, .NETFramework,Version=v4.7.1, .NETFramework,Version=v4.7.2, .NETFramework,Version=v4.8, .NETFramework,Version=v4.8.1' instead of the project target framework 'net8.0'. This package may not be fully compatible with your project.
C:\Users\ultra\warewolf\Dev\Warewolf.PerfMon\Warewolf.PerfMon.csproj : warning NU1701: Package 'AeroWizard 2.3.1' was restored using '.NETFramework,Version=v4.6.1, .NETFramework,Version=v4.6.2, .NETFramework,Version=v4.7, .NETFramework,Version=v4.7.1, .NETFramework,Version=v4.7.2, .NETFramework,Version=v4.8, .NETFramework,Version=v4.8.1' instead of the project target framework 'net8.0'. This package may not be fully compatible with your project.
C:\Users\ultra\warewolf\Dev\Warewolf.PerfMon\Warewolf.PerfMon.csproj : warning NU1701: Package 'GroupControls 1.9.0' was restored using '.NETFramework,Version=v4.6.1, .NETFramework,Version=v4.6.2, .NETFramework,Version=v4.7, .NETFramework,Version=v4.7.1, .NETFramework,Version=v4.7.2, .NETFramework,Version=v4.8, .NETFramework,Version=v4.8.1' instead of the project target framework 'net8.0'. This package may not be fully compatible with your project.
C:\Users\ultra\warewolf\Dev\Warewolf.PerfMon\Warewolf.PerfMon.csproj : warning NU1701: Package 'ReactiveUI.WPF 18.4.1' was restored using '.NETFramework,Version=v4.6.1, .NETFramework,Version=v4.6.2, .NETFramework,Version=v4.7, .NETFramework,Version=v4.7.1, .NETFramework,Version=v4.7.2, .NETFramework,Version=v4.8, .NETFramework,Version=v4.8.1' instead of the project target framework 'net8.0'. This package may not be fully compatible with your project.
C:\Users\ultra\warewolf\Dev\Warewolf.PerfMon\Warewolf.PerfMon.csproj : warning NU1701: Package 'TaskSchedulerEditor 2.10.1' was restored using '.NETFramework,Version=v4.6.1, .NETFramework,Version=v4.6.2, .NETFramework,Version=v4.7, .NETFramework,Version=v4.7.1, .NETFramework,Version=v4.7.2, .NETFramework,Version=v4.8, .NETFramework,Version=v4.8.1' instead of the project target framework 'net8.0'. This package may not be fully compatible with your project.
C:\Users\ultra\warewolf\Dev\Warewolf.HangfireServer\Warewolf.HangfireServer.csproj : warning NU1903: Package 'Microsoft.Windows.Compatibility' 6.0.0 has a known high severity vulnerability, https://github.com/advisories/GHSA-555c-2p6r-68mm
C:\Users\ultra\warewolf\Dev\Warewolf.HangfireServer\Warewolf.HangfireServer.csproj : warning NU1701: Package 'AeroWizard 2.3.1' was restored using '.NETFramework,Version=v4.6.1, .NETFramework,Version=v4.6.2, .NETFramework,Version=v4.7, .NETFramework,Version=v4.7.1, .NETFramework,Version=v4.7.2, .NETFramework,Version=v4.8, .NETFramework,Version=v4.8.1' instead of the project target framework 'net8.0'. This package may not be fully compatible with your project.
C:\Users\ultra\warewolf\Dev\Warewolf.HangfireServer\Warewolf.HangfireServer.csproj : warning NU1701: Package 'GroupControls 1.9.0' was restored using '.NETFramework,Version=v4.6.1, .NETFramework,Version=v4.6.2, .NETFramework,Version=v4.7, .NETFramework,Version=v4.7.1, .NETFramework,Version=v4.7.2, .NETFramework,Version=v4.8, .NETFramework,Version=v4.8.1' instead of the project target framework 'net8.0'. This package may not be fully compatible with your project.
C:\Users\ultra\warewolf\Dev\Warewolf.HangfireServer\Warewolf.HangfireServer.csproj : warning NU1701: Package 'ReactiveUI.WPF 18.4.1' was restored using '.NETFramework,Version=v4.6.1, .NETFramework,Version=v4.6.2, .NETFramework,Version=v4.7, .NETFramework,Version=v4.7.1, .NETFramework,Version=v4.7.2, .NETFramework,Version=v4.8, .NETFramework,Version=v4.8.1' instead of the project target framework 'net8.0'. This package may not be fully compatible with your project.
C:\Users\ultra\warewolf\Dev\Warewolf.HangfireServer\Warewolf.HangfireServer.csproj : warning NU1701: Package 'TaskSchedulerEditor 2.10.1' was restored using '.NETFramework,Version=v4.6.1, .NETFramework,Version=v4.6.2, .NETFramework,Version=v4.7, .NETFramework,Version=v4.7.1, .NETFramework,Version=v4.7.2, .NETFramework,Version=v4.8, .NETFramework,Version=v4.8.1' instead of the project target framework 'net8.0'. This package may not be fully compatible with your project.
C:\Users\ultra\warewolf\Dev\Warewolf.Logger\Warewolf.Logger.csproj : warning NU1701: Package 'AeroWizard 2.3.1' was restored using '.NETFramework,Version=v4.6.1, .NETFramework,Version=v4.6.2, .NETFramework,Version=v4.7, .NETFramework,Version=v4.7.1, .NETFramework,Version=v4.7.2, .NETFramework,Version=v4.8, .NETFramework,Version=v4.8.1' instead of the project target framework 'net8.0'. This package may not be fully compatible with your project.
C:\Users\ultra\warewolf\Dev\Warewolf.Logger\Warewolf.Logger.csproj : warning NU1701: Package 'GroupControls 1.9.0' was restored using '.NETFramework,Version=v4.6.1, .NETFramework,Version=v4.6.2, .NETFramework,Version=v4.7, .NETFramework,Version=v4.7.1, .NETFramework,Version=v4.7.2, .NETFramework,Version=v4.8, .NETFramework,Version=v4.8.1' instead of the project target framework 'net8.0'. This package may not be fully compatible with your project.
C:\Users\ultra\warewolf\Dev\Warewolf.Logger\Warewolf.Logger.csproj : warning NU1701: Package 'Microsoft.Xaml.Behaviors.Wpf 1.1.122' was restored using '.NETFramework,Version=v4.6.1, .NETFramework,Version=v4.6.2, .NETFramework,Version=v4.7, .NETFramework,Version=v4.7.1, .NETFramework,Version=v4.7.2, .NETFramework,Version=v4.8, .NETFramework,Version=v4.8.1' instead of the project target framework 'net8.0'. This package may not be fully compatible with your project.
C:\Users\ultra\warewolf\Dev\Warewolf.Logger\Warewolf.Logger.csproj : warning NU1701: Package 'Prism.Wpf 9.0.537' was restored using '.NETFramework,Version=v4.6.1, .NETFramework,Version=v4.6.2, .NETFramework,Version=v4.7, .NETFramework,Version=v4.7.1, .NETFramework,Version=v4.7.2, .NETFramework,Version=v4.8, .NETFramework,Version=v4.8.1' instead of the project target framework 'net8.0'. This package may not be fully compatible with your project.
C:\Users\ultra\warewolf\Dev\Warewolf.Logger\Warewolf.Logger.csproj : warning NU1701: Package 'ReactiveUI.WPF 18.4.1' was restored using '.NETFramework,Version=v4.6.1, .NETFramework,Version=v4.6.2, .NETFramework,Version=v4.7, .NETFramework,Version=v4.7.1, .NETFramework,Version=v4.7.2, .NETFramework,Version=v4.8, .NETFramework,Version=v4.8.1' instead of the project target framework 'net8.0'. This package may not be fully compatible with your project.
C:\Users\ultra\warewolf\Dev\Warewolf.Logger\Warewolf.Logger.csproj : warning NU1701: Package 'TaskSchedulerEditor 2.10.1' was restored using '.NETFramework,Version=v4.6.1, .NETFramework,Version=v4.6.2, .NETFramework,Version=v4.7, .NETFramework,Version=v4.7.1, .NETFramework,Version=v4.7.2, .NETFramework,Version=v4.8, .NETFramework,Version=v4.8.1' instead of the project target framework 'net8.0'. This package may not be fully compatible with your project.
  Warewolf.Parser.Interop -> C:\Users\ultra\warewolf\Dev\Warewolf.Parser.Interop\bin\Debug\net8.0\WarewolfParserInterop.dll
C:\Program Files\dotnet\sdk\10.0.201\Sdks\Microsoft.NET.Sdk\targets\Microsoft.NET.Sdk.DefaultItems.targets(162,5): warning NETSDK1137: It is no longer necessary to use the Microsoft.NET.Sdk.WindowsDesktop SDK. Consider changing the Sdk attribute of the root Project element to 'Microsoft.NET.Sdk'. [C:\Users\ultra\warewolf\Dev\Dev2.Studio\Dev2.Studio.csproj]
C:\Program Files\dotnet\sdk\10.0.201\Sdks\Microsoft.NET.Sdk.WindowsDesktop\targets\Microsoft.NET.Sdk.WindowsDesktop.targets(138,5): warning NETSDK1106: Microsoft.NET.Sdk.WindowsDesktop requires 'UseWpf' or 'UseWindowsForms' to be set to 'true' [C:\Users\ultra\warewolf\Dev\Dev2.Studio\Dev2.Studio.csproj]
C:\Users\ultra\warewolf\Dev\Dev2.Studio\Dev2.Studio.csproj : warning NU1701: Package 'AeroWizard 2.3.1' was restored using '.NETFramework,Version=v4.6.1, .NETFramework,Version=v4.6.2, .NETFramework,Version=v4.7, .NETFramework,Version=v4.7.1, .NETFramework,Version=v4.7.2, .NETFramework,Version=v4.8, .NETFramework,Version=v4.8.1' instead of the project target framework 'net8.0'. This package may not be fully compatible with your project.
C:\Users\ultra\warewolf\Dev\Dev2.Studio\Dev2.Studio.csproj : warning NU1701: Package 'AvalonEdit 6.3.0.90' was restored using '.NETFramework,Version=v4.6.1, .NETFramework,Version=v4.6.2, .NETFramework,Version=v4.7, .NETFramework,Version=v4.7.1, .NETFramework,Version=v4.7.2, .NETFramework,Version=v4.8, .NETFramework,Version=v4.8.1' instead of the project target framework 'net8.0'. This package may not be fully compatible with your project.
C:\Users\ultra\warewolf\Dev\Dev2.Studio\Dev2.Studio.csproj : warning NU1701: Package 'CommonServiceLocator 1.2.0' was restored using '.NETFramework,Version=v4.6.1, .NETFramework,Version=v4.6.2, .NETFramework,Version=v4.7, .NETFramework,Version=v4.7.1, .NETFramework,Version=v4.7.2, .NETFramework,Version=v4.8, .NETFramework,Version=v4.8.1' instead of the project target framework 'net8.0'. This package may not be fully compatible with your project.
C:\Users\ultra\warewolf\Dev\Dev2.Studio\Dev2.Studio.csproj : warning NU1701: Package 'FontAwesome.WPF 4.7.0.9' was restored using '.NETFramework,Version=v4.6.1, .NETFramework,Version=v4.6.2, .NETFramework,Version=v4.7, .NETFramework,Version=v4.7.1, .NETFramework,Version=v4.7.2, .NETFramework,Version=v4.8, .NETFramework,Version=v4.8.1' instead of the project target framework 'net8.0'. This package may not be fully compatible with your project.
C:\Users\ultra\warewolf\Dev\Dev2.Studio\Dev2.Studio.csproj : warning NU1701: Package 'GroupControls 1.9.0' was restored using '.NETFramework,Version=v4.6.1, .NETFramework,Version=v4.6.2, .NETFramework,Version=v4.7, .NETFramework,Version=v4.7.1, .NETFramework,Version=v4.7.2, .NETFramework,Version=v4.8, .NETFramework,Version=v4.8.1' instead of the project target framework 'net8.0'. This package may not be fully compatible with your project.
C:\Users\ultra\warewolf\Dev\Dev2.Studio\Dev2.Studio.csproj : warning NU1701: Package 'Log4Net.Async 2.0.4' was restored using '.NETFramework,Version=v4.6.1, .NETFramework,Version=v4.6.2, .NETFramework,Version=v4.7, .NETFramework,Version=v4.7.1, .NETFramework,Version=v4.7.2, .NETFramework,Version=v4.8, .NETFramework,Version=v4.8.1' instead of the project target framework 'net8.0'. This package may not be fully compatible with your project.
C:\Users\ultra\warewolf\Dev\Dev2.Studio\Dev2.Studio.csproj : warning NU1701: Package 'Microsoft.Xaml.Behaviors.Wpf 1.1.122' was restored using '.NETFramework,Version=v4.6.1, .NETFramework,Version=v4.6.2, .NETFramework,Version=v4.7, .NETFramework,Version=v4.7.1, .NETFramework,Version=v4.7.2, .NETFramework,Version=v4.8, .NETFramework,Version=v4.8.1' instead of the project target framework 'net8.0'. This package may not be fully compatible with your project.
C:\Users\ultra\warewolf\Dev\Dev2.Studio\Dev2.Studio.csproj : warning NU1701: Package 'Prism.Composition 5.0.0' was restored using '.NETFramework,Version=v4.6.1, .NETFramework,Version=v4.6.2, .NETFramework,Version=v4.7, .NETFramework,Version=v4.7.1, .NETFramework,Version=v4.7.2, .NETFramework,Version=v4.8, .NETFramework,Version=v4.8.1' instead of the project target framework 'net8.0'. This package may not be fully compatible with your project.
C:\Users\ultra\warewolf\Dev\Dev2.Studio\Dev2.Studio.csproj : warning NU1701: Package 'Prism.Interactivity 5.0.0' was restored using '.NETFramework,Version=v4.6.1, .NETFramework,Version=v4.6.2, .NETFramework,Version=v4.7, .NETFramework,Version=v4.7.1, .NETFramework,Version=v4.7.2, .NETFramework,Version=v4.8, .NETFramework,Version=v4.8.1' instead of the project target framework 'net8.0'. This package may not be fully compatible with your project.
C:\Users\ultra\warewolf\Dev\Dev2.Studio\Dev2.Studio.csproj : warning NU1701: Package 'Prism.Mvvm 1.0.0' was restored using '.NETFramework,Version=v4.6.1, .NETFramework,Version=v4.6.2, .NETFramework,Version=v4.7, .NETFramework,Version=v4.7.1, .NETFramework,Version=v4.7.2, .NETFramework,Version=v4.8, .NETFramework,Version=v4.8.1' instead of the project target framework 'net8.0'. This package may not be fully compatible with your project.
C:\Users\ultra\warewolf\Dev\Dev2.Studio\Dev2.Studio.csproj : warning NU1701: Package 'Prism.PubSubEvents 1.0.0' was restored using '.NETFramework,Version=v4.6.1, .NETFramework,Version=v4.6.2, .NETFramework,Version=v4.7, .NETFramework,Version=v4.7.1, .NETFramework,Version=v4.7.2, .NETFramework,Version=v4.8, .NETFramework,Version=v4.8.1' instead of the project target framework 'net8.0'. This package may not be fully compatible with your project.
C:\Users\ultra\warewolf\Dev\Dev2.Studio\Dev2.Studio.csproj : warning NU1701: Package 'Prism.UnityExtensions 5.0.1' was restored using '.NETFramework,Version=v4.6.1, .NETFramework,Version=v4.6.2, .NETFramework,Version=v4.7, .NETFramework,Version=v4.7.1, .NETFramework,Version=v4.7.2, .NETFramework,Version=v4.8, .NETFramework,Version=v4.8.1' instead of the project target framework 'net8.0'. This package may not be fully compatible with your project.
C:\Users\ultra\warewolf\Dev\Dev2.Studio\Dev2.Studio.csproj : warning NU1701: Package 'Prism.Wpf 9.0.537' was restored using '.NETFramework,Version=v4.6.1, .NETFramework,Version=v4.6.2, .NETFramework,Version=v4.7, .NETFramework,Version=v4.7.1, .NETFramework,Version=v4.7.2, .NETFramework,Version=v4.8, .NETFramework,Version=v4.8.1' instead of the project target framework 'net8.0'. This package may not be fully compatible with your project.
C:\Users\ultra\warewolf\Dev\Dev2.Studio\Dev2.Studio.csproj : warning NU1701: Package 'ReactiveUI.WPF 18.4.1' was restored using '.NETFramework,Version=v4.6.1, .NETFramework,Version=v4.6.2, .NETFramework,Version=v4.7, .NETFramework,Version=v4.7.1, .NETFramework,Version=v4.7.2, .NETFramework,Version=v4.8, .NETFramework,Version=v4.8.1' instead of the project target framework 'net8.0'. This package may not be fully compatible with your project.
C:\Users\ultra\warewolf\Dev\Dev2.Studio\Dev2.Studio.csproj : warning NU1701: Package 'TaskSchedulerEditor 2.10.1' was restored using '.NETFramework,Version=v4.6.1, .NETFramework,Version=v4.6.2, .NETFramework,Version=v4.7, .NETFramework,Version=v4.7.1, .NETFramework,Version=v4.7.2, .NETFramework,Version=v4.8, .NETFramework,Version=v4.8.1' instead of the project target framework 'net8.0'. This package may not be fully compatible with your project.
C:\Users\ultra\warewolf\Dev\Dev2.Studio\Dev2.Studio.csproj : warning NU1701: Package 'Unofficial.Microsoft.mshtml 7.0.3300' was restored using '.NETFramework,Version=v4.6.1, .NETFramework,Version=v4.6.2, .NETFramework,Version=v4.7, .NETFramework,Version=v4.7.1, .NETFramework,Version=v4.7.2, .NETFramework,Version=v4.8, .NETFramework,Version=v4.8.1' instead of the project target framework 'net8.0'. This package may not be fully compatible with your project.
C:\Users\ultra\warewolf\Dev\Dev2.Common.Interfaces\Attribute\ReasonAttribute.cs(13,18): warning CC0023: Mark 'ReasonAttribute' as sealed. (https://code-cracker.github.io/diagnostics/CC0023.html) [C:\Users\ultra\warewolf\Dev\Dev2.Common.Interfaces\Dev2.Common.Interfaces.csproj]
C:\Users\ultra\warewolf\Dev\Dev2.Common.Interfaces\Wrappers\IDirectoryEntry.cs(190,35): warning CC0057: Parameter 'path' is not used. (https://code-cracker.github.io/diagnostics/CC0057.html) [C:\Users\ultra\warewolf\Dev\Dev2.Common.Interfaces\Dev2.Common.Interfaces.csproj]
C:\Users\ultra\warewolf\Dev\Dev2.Common.Interfaces\DllListing.cs(97,17): warning CC0105: Use 'var' instead of specifying the type name. (https://code-cracker.github.io/diagnostics/CC0105.html) [C:\Users\ultra\warewolf\Dev\Dev2.Common.Interfaces\Dev2.Common.Interfaces.csproj]
C:\Users\ultra\warewolf\Dev\Dev2.Common.Interfaces\DllListing.cs(98,17): warning CC0105: Use 'var' instead of specifying the type name. (https://code-cracker.github.io/diagnostics/CC0105.html) [C:\Users\ultra\warewolf\Dev\Dev2.Common.Interfaces\Dev2.Common.Interfaces.csproj]
C:\Users\ultra\warewolf\Dev\Dev2.Common.Interfaces\Runtime\Services\IStreamContentFactory.cs(48,21): warning CC0029: 'StreamContentWrapper' should call GC.SuppressFinalize inside the Dispose method. (https://code-cracker.github.io/diagnostics/CC0029.html) [C:\Users\ultra\warewolf\Dev\Dev2.Common.Interfaces\Dev2.Common.Interfaces.csproj]
  Dev2.Common.Interfaces -> C:\Users\ultra\warewolf\Dev\Dev2.Common.Interfaces\bin\Debug\net8.0\Dev2.Common.Interfaces.dll
C:\Users\ultra\warewolf\Dev\Warewolf.Language.Parser\EvaluationFunctions.fs(277,15): warning FS3548: Pattern discard is not allowed for union case that takes no data. [C:\Users\ultra\warewolf\Dev\Warewolf.Language.Parser\Warewolf.Language.Parser.fsproj]
C:\Users\ultra\warewolf\Dev\Warewolf.Language.Parser\EvaluationFunctions.fs(305,15): warning FS3548: Pattern discard is not allowed for union case that takes no data. [C:\Users\ultra\warewolf\Dev\Warewolf.Language.Parser\Warewolf.Language.Parser.fsproj]
C:\Users\ultra\warewolf\Dev\Warewolf.Language.Parser\EvaluationFunctions.fs(748,21): warning FS3873: This construct is deprecated. Sequence expressions should be of the form 'seq { ... }' [C:\Users\ultra\warewolf\Dev\Warewolf.Language.Parser\Warewolf.Language.Parser.fsproj]
C:\Users\ultra\warewolf\Dev\Warewolf.Language.Parser\EvaluationFunctions.fs(751,28): warning FS3873: This construct is deprecated. Sequence expressions should be of the form 'seq { ... }' [C:\Users\ultra\warewolf\Dev\Warewolf.Language.Parser\Warewolf.Language.Parser.fsproj]
C:\Users\ultra\warewolf\Dev\Warewolf.Language.Parser\WarewolfDataEvaluationCommon.fs(593,21): warning FS3873: This construct is deprecated. Sequence expressions should be of the form 'seq { ... }' [C:\Users\ultra\warewolf\Dev\Warewolf.Language.Parser\Warewolf.Language.Parser.fsproj]
C:\Users\ultra\warewolf\Dev\Warewolf.Language.Parser\WarewolfDataEvaluationCommon.fs(596,28): warning FS3873: This construct is deprecated. Sequence expressions should be of the form 'seq { ... }' [C:\Users\ultra\warewolf\Dev\Warewolf.Language.Parser\Warewolf.Language.Parser.fsproj]
C:\Users\ultra\warewolf\Dev\Warewolf.Data\NamedInt.cs(160,21): warning CA2200: Re-throwing caught exception changes stack information (https://learn.microsoft.com/dotnet/fundamentals/code-analysis/quality-rules/ca2200) [C:\Users\ultra\warewolf\Dev\Warewolf.Data\Warewolf.Data.csproj]
  Warewolf.Data -> C:\Users\ultra\warewolf\Dev\Warewolf.Data\bin\Debug\net8.0\Warewolf.Data.dll
  Warewolf.Language.Parser -> C:\Users\ultra\warewolf\Dev\Warewolf.Language.Parser\bin\Debug\net8.0\Warewolf.Language.Parser.dll
  Warewolf.Common -> C:\Users\ultra\warewolf\Dev\Warewolf.Common\bin\Debug\net8.0\Warewolf.Common.dll
  Warewolf.Storage.Interfaces -> C:\Users\ultra\warewolf\Dev\Warewolf.Storage.Interfaces\bin\Debug\net8.0\Warewolf.Storage.Interfaces.dll
  Dev2.Data.Interfaces -> C:\Users\ultra\warewolf\Dev\Dev2.Data.Interfaces\bin\Debug\net8.0\Dev2.Data.Interfaces.dll
C:\Users\ultra\warewolf\Dev\Dev2.Common\ExtMethods\StringExtension.cs(302,13): warning CC0004: Empty Catch Block. (https://code-cracker.github.io/diagnostics/CC0004.html) [C:\Users\ultra\warewolf\Dev\Dev2.Common\Dev2.Common.csproj]
  Dev2.Common -> C:\Users\ultra\warewolf\Dev\Dev2.Common\bin\Debug\net8.0\Dev2.Common.dll
C:\Program Files\dotnet\sdk\10.0.201\Microsoft.Common.CurrentVersion.targets(2451,5): warning MSB3277: Found conflicts between different versions of "WindowsBase" that could not be resolved. [C:\Users\ultra\warewolf\Dev\Dev2.Development.Languages\Dev2.Development.Languages.csproj]
C:\Program Files\dotnet\sdk\10.0.201\Microsoft.Common.CurrentVersion.targets(2451,5): warning MSB3277: There was a conflict between "WindowsBase, Version=4.0.0.0, Culture=neutral, PublicKeyToken=31bf3856ad364e35" and "WindowsBase, Version=6.0.2.0, Culture=neutral, PublicKeyToken=31bf3856ad364e35". [C:\Users\ultra\warewolf\Dev\Dev2.Development.Languages\Dev2.Development.Languages.csproj]
C:\Program Files\dotnet\sdk\10.0.201\Microsoft.Common.CurrentVersion.targets(2451,5): warning MSB3277:     "WindowsBase, Version=4.0.0.0, Culture=neutral, PublicKeyToken=31bf3856ad364e35" was chosen because it was primary and "WindowsBase, Version=6.0.2.0, Culture=neutral, PublicKeyToken=31bf3856ad364e35" was not. [C:\Users\ultra\warewolf\Dev\Dev2.Development.Languages\Dev2.Development.Languages.csproj]
C:\Program Files\dotnet\sdk\10.0.201\Microsoft.Common.CurrentVersion.targets(2451,5): warning MSB3277:     References which depend on "WindowsBase, Version=4.0.0.0, Culture=neutral, PublicKeyToken=31bf3856ad364e35" [C:\Program Files\dotnet\packs\Microsoft.NETCore.App.Ref\8.0.25\ref\net8.0\WindowsBase.dll]. [C:\Users\ultra\warewolf\Dev\Dev2.Development.Languages\Dev2.Development.Languages.csproj]
C:\Program Files\dotnet\sdk\10.0.201\Microsoft.Common.CurrentVersion.targets(2451,5): warning MSB3277:         C:\Program Files\dotnet\packs\Microsoft.NETCore.App.Ref\8.0.25\ref\net8.0\WindowsBase.dll [C:\Users\ultra\warewolf\Dev\Dev2.Development.Languages\Dev2.Development.Languages.csproj]
C:\Program Files\dotnet\sdk\10.0.201\Microsoft.Common.CurrentVersion.targets(2451,5): warning MSB3277:           Project file item includes which caused reference "C:\Program Files\dotnet\packs\Microsoft.NETCore.App.Ref\8.0.25\ref\net8.0\WindowsBase.dll". [C:\Users\ultra\warewolf\Dev\Dev2.Development.Languages\Dev2.Development.Languages.csproj]
C:\Program Files\dotnet\sdk\10.0.201\Microsoft.Common.CurrentVersion.targets(2451,5): warning MSB3277:             C:\Program Files\dotnet\packs\Microsoft.NETCore.App.Ref\8.0.25\ref/net8.0/WindowsBase.dll [C:\Users\ultra\warewolf\Dev\Dev2.Development.Languages\Dev2.Development.Languages.csproj]
C:\Program Files\dotnet\sdk\10.0.201\Microsoft.Common.CurrentVersion.targets(2451,5): warning MSB3277:     References which depend on or have been unified to "WindowsBase, Version=6.0.2.0, Culture=neutral, PublicKeyToken=31bf3856ad364e35" []. [C:\Users\ultra\warewolf\Dev\Dev2.Development.Languages\Dev2.Development.Languages.csproj]
C:\Program Files\dotnet\sdk\10.0.201\Microsoft.Common.CurrentVersion.targets(2451,5): warning MSB3277:         C:\Users\ultra\.nuget\packages\caliburn.micro\4.0.212\lib\netcoreapp3.1\Caliburn.Micro.Platform.dll [C:\Users\ultra\warewolf\Dev\Dev2.Development.Languages\Dev2.Development.Languages.csproj]
C:\Program Files\dotnet\sdk\10.0.201\Microsoft.Common.CurrentVersion.targets(2451,5): warning MSB3277:           Project file item includes which caused reference "C:\Users\ultra\.nuget\packages\caliburn.micro\4.0.212\lib\netcoreapp3.1\Caliburn.Micro.Platform.dll". [C:\Users\ultra\warewolf\Dev\Dev2.Development.Languages\Dev2.Development.Languages.csproj]
C:\Program Files\dotnet\sdk\10.0.201\Microsoft.Common.CurrentVersion.targets(2451,5): warning MSB3277:             C:\Users\ultra\.nuget\packages\caliburn.micro\4.0.212\lib\netcoreapp3.1\Caliburn.Micro.Platform.dll [C:\Users\ultra\warewolf\Dev\Dev2.Development.Languages\Dev2.Development.Languages.csproj]
C:\Program Files\dotnet\sdk\10.0.201\Microsoft.Common.CurrentVersion.targets(2451,5): warning MSB3277:         C:\Users\ultra\.nuget\packages\ironpython\3.4.0\lib\net6.0\IronPython.Wpf.dll [C:\Users\ultra\warewolf\Dev\Dev2.Development.Languages\Dev2.Development.Languages.csproj]
C:\Program Files\dotnet\sdk\10.0.201\Microsoft.Common.CurrentVersion.targets(2451,5): warning MSB3277:           Project file item includes which caused reference "C:\Users\ultra\.nuget\packages\ironpython\3.4.0\lib\net6.0\IronPython.Wpf.dll". [C:\Users\ultra\warewolf\Dev\Dev2.Development.Languages\Dev2.Development.Languages.csproj]
C:\Program Files\dotnet\sdk\10.0.201\Microsoft.Common.CurrentVersion.targets(2451,5): warning MSB3277:             C:\Users\ultra\.nuget\packages\ironpython\3.4.0\lib\net6.0\IronPython.Wpf.dll [C:\Users\ultra\warewolf\Dev\Dev2.Development.Languages\Dev2.Development.Languages.csproj]
C:\Program Files\dotnet\sdk\10.0.201\Microsoft.Common.CurrentVersion.targets(2451,5): warning MSB3277:         C:\Users\ultra\.nuget\packages\microsoft.xaml.behaviors.wpf\1.1.19\lib\netcoreapp3.0\Microsoft.Xaml.Behaviors.dll [C:\Users\ultra\warewolf\Dev\Dev2.Development.Languages\Dev2.Development.Languages.csproj]
C:\Program Files\dotnet\sdk\10.0.201\Microsoft.Common.CurrentVersion.targets(2451,5): warning MSB3277:           Project file item includes which caused reference "C:\Users\ultra\.nuget\packages\microsoft.xaml.behaviors.wpf\1.1.19\lib\netcoreapp3.0\Microsoft.Xaml.Behaviors.dll". [C:\Users\ultra\warewolf\Dev\Dev2.Development.Languages\Dev2.Development.Languages.csproj]
C:\Program Files\dotnet\sdk\10.0.201\Microsoft.Common.CurrentVersion.targets(2451,5): warning MSB3277:             C:\Users\ultra\.nuget\packages\microsoft.xaml.behaviors.wpf\1.1.19\lib\netcoreapp3.0\Microsoft.Xaml.Behaviors.dll [C:\Users\ultra\warewolf\Dev\Dev2.Development.Languages\Dev2.Development.Languages.csproj]
C:\Program Files\dotnet\sdk\10.0.201\Microsoft.Common.CurrentVersion.targets(2451,5): warning MSB3277:             C:\Users\ultra\.nuget\packages\caliburn.micro\4.0.212\lib\netcoreapp3.1\Caliburn.Micro.Platform.dll [C:\Users\ultra\warewolf\Dev\Dev2.Development.Languages\Dev2.Development.Languages.csproj]
  Dev2.Util -> C:\Users\ultra\warewolf\Dev\Dev2.Util\bin\Debug\net8.0\Dev2.Util.dll
C:\Users\ultra\warewolf\Dev\Dev2.TaskScheduler.Wrappers\Dev2TaskEvent.cs(47,33): warning CA1416: This call site is reachable on all platforms. 'SecurityIdentifier.Value' is only supported on: 'windows'. (https://learn.microsoft.com/dotnet/fundamentals/code-analysis/quality-rules/ca1416) [C:\Users\ultra\warewolf\Dev\Dev2.TaskScheduler.Wrappers\Dev2.TaskScheduler.Wrappers.csproj]
  Dev2.TaskScheduler.Wrappers -> C:\Users\ultra\warewolf\Dev\Dev2.TaskScheduler.Wrappers\bin\Debug\net8.0\Dev2.TaskScheduler.Wrappers.dll
  Dev2.Development.Languages -> C:\Users\ultra\warewolf\Dev\Dev2.Development.Languages\bin\Debug\net8.0\Dev2.Development.Languages.dll
  Warewolf.Licensing -> C:\Users\ultra\warewolf\Dev\Warewolf.Licensing\bin\Debug\net8.0\Warewolf.Licensing.dll
  Dev2.CustomControls -> C:\Users\ultra\warewolf\Dev\Dev2.CustomControls\bin\Debug\net8.0\Dev2.CustomControls.dll
  Consider app.config remapping of assembly "Newtonsoft.Json, Culture=neutral, PublicKeyToken=30ad4fe6b2a6aeed" from Version "12.0.0.0" [] to Version "13.0.0.0" [C:\Users\ultra\.nuget\packages\newtonsoft.json\13.0.2\lib\net6.0\Newtonsoft.Json.dll] to solve conflict and get rid of warning.
  Dev2.Runtime.Configuration -> C:\Users\ultra\warewolf\Dev\Dev2.Runtime.Configuration\bin\Debug\net8.0\Dev2.Runtime.Configuration.dll
C:\Program Files\dotnet\sdk\10.0.201\Microsoft.Common.CurrentVersion.targets(2451,5): warning MSB3277: Found conflicts between different versions of "System.Drawing.Common" that could not be resolved. [C:\Users\ultra\warewolf\Dev\Dev2.Runtime.Configuration.Tests\Dev2.Runtime.Configuration.Tests.csproj]
C:\Program Files\dotnet\sdk\10.0.201\Microsoft.Common.CurrentVersion.targets(2451,5): warning MSB3277: There was a conflict between "System.Drawing.Common, Version=6.0.0.0, Culture=neutral, PublicKeyToken=cc7b13ffcd2ddd51" and "System.Drawing.Common, Version=8.0.0.0, Culture=neutral, PublicKeyToken=cc7b13ffcd2ddd51". [C:\Users\ultra\warewolf\Dev\Dev2.Runtime.Configuration.Tests\Dev2.Runtime.Configuration.Tests.csproj]
C:\Program Files\dotnet\sdk\10.0.201\Microsoft.Common.CurrentVersion.targets(2451,5): warning MSB3277:     "System.Drawing.Common, Version=6.0.0.0, Culture=neutral, PublicKeyToken=cc7b13ffcd2ddd51" was chosen because it was primary and "System.Drawing.Common, Version=8.0.0.0, Culture=neutral, PublicKeyToken=cc7b13ffcd2ddd51" was not. [C:\Users\ultra\warewolf\Dev\Dev2.Runtime.Configuration.Tests\Dev2.Runtime.Configuration.Tests.csproj]
C:\Program Files\dotnet\sdk\10.0.201\Microsoft.Common.CurrentVersion.targets(2451,5): warning MSB3277:     References which depend on "System.Drawing.Common, Version=6.0.0.0, Culture=neutral, PublicKeyToken=cc7b13ffcd2ddd51" [C:\Users\ultra\.nuget\packages\system.drawing.common\6.0.0\lib\net6.0\System.Drawing.Common.dll]. [C:\Users\ultra\warewolf\Dev\Dev2.Runtime.Configuration.Tests\Dev2.Runtime.Configuration.Tests.csproj]
C:\Program Files\dotnet\sdk\10.0.201\Microsoft.Common.CurrentVersion.targets(2451,5): warning MSB3277:         C:\Users\ultra\.nuget\packages\system.drawing.common\6.0.0\lib\net6.0\System.Drawing.Common.dll [C:\Users\ultra\warewolf\Dev\Dev2.Runtime.Configuration.Tests\Dev2.Runtime.Configuration.Tests.csproj]
C:\Program Files\dotnet\sdk\10.0.201\Microsoft.Common.CurrentVersion.targets(2451,5): warning MSB3277:           Project file item includes which caused reference "C:\Users\ultra\.nuget\packages\system.drawing.common\6.0.0\lib\net6.0\System.Drawing.Common.dll". [C:\Users\ultra\warewolf\Dev\Dev2.Runtime.Configuration.Tests\Dev2.Runtime.Configuration.Tests.csproj]
C:\Program Files\dotnet\sdk\10.0.201\Microsoft.Common.CurrentVersion.targets(2451,5): warning MSB3277:             C:\Users\ultra\.nuget\packages\system.drawing.common\6.0.0\lib\net6.0\System.Drawing.Common.dll [C:\Users\ultra\warewolf\Dev\Dev2.Runtime.Configuration.Tests\Dev2.Runtime.Configuration.Tests.csproj]
C:\Program Files\dotnet\sdk\10.0.201\Microsoft.Common.CurrentVersion.targets(2451,5): warning MSB3277:     References which depend on or have been unified to "System.Drawing.Common, Version=8.0.0.0, Culture=neutral, PublicKeyToken=cc7b13ffcd2ddd51" []. [C:\Users\ultra\warewolf\Dev\Dev2.Runtime.Configuration.Tests\Dev2.Runtime.Configuration.Tests.csproj]
C:\Program Files\dotnet\sdk\10.0.201\Microsoft.Common.CurrentVersion.targets(2451,5): warning MSB3277:         C:\Users\ultra\.nuget\packages\system.windows.extensions\8.0.0\lib\net8.0\System.Windows.Extensions.dll [C:\Users\ultra\warewolf\Dev\Dev2.Runtime.Configuration.Tests\Dev2.Runtime.Configuration.Tests.csproj]
C:\Program Files\dotnet\sdk\10.0.201\Microsoft.Common.CurrentVersion.targets(2451,5): warning MSB3277:           Project file item includes which caused reference "C:\Users\ultra\.nuget\packages\system.windows.extensions\8.0.0\lib\net8.0\System.Windows.Extensions.dll". [C:\Users\ultra\warewolf\Dev\Dev2.Runtime.Configuration.Tests\Dev2.Runtime.Configuration.Tests.csproj]
C:\Program Files\dotnet\sdk\10.0.201\Microsoft.Common.CurrentVersion.targets(2451,5): warning MSB3277:             C:\Users\ultra\.nuget\packages\system.windows.extensions\8.0.0\lib\net8.0\System.Windows.Extensions.dll [C:\Users\ultra\warewolf\Dev\Dev2.Runtime.Configuration.Tests\Dev2.Runtime.Configuration.Tests.csproj]
C:\Program Files\dotnet\sdk\10.0.201\Microsoft.Common.CurrentVersion.targets(2451,5): warning MSB3277:             C:\Users\ultra\.nuget\packages\system.security.permissions\8.0.0\lib\net8.0\System.Security.Permissions.dll [C:\Users\ultra\warewolf\Dev\Dev2.Runtime.Configuration.Tests\Dev2.Runtime.Configuration.Tests.csproj]
C:\Program Files\dotnet\sdk\10.0.201\Microsoft.Common.CurrentVersion.targets(2451,5): warning MSB3277:             C:\Users\ultra\.nuget\packages\dotnetzip\1.16.0\lib\netstandard2.0\DotNetZip.dll [C:\Users\ultra\warewolf\Dev\Dev2.Runtime.Configuration.Tests\Dev2.Runtime.Configuration.Tests.csproj]
C:\Program Files\dotnet\sdk\10.0.201\Microsoft.Common.CurrentVersion.targets(2451,5): warning MSB3277:             C:\Users\ultra\warewolf\Dev\Dev2.Common\bin\Debug\net8.0\Dev2.Common.dll [C:\Users\ultra\warewolf\Dev\Dev2.Runtime.Configuration.Tests\Dev2.Runtime.Configuration.Tests.csproj]
C:\Program Files\dotnet\sdk\10.0.201\Microsoft.Common.CurrentVersion.targets(2451,5): warning MSB3277:             C:\Users\ultra\warewolf\Dev\Dev2.Data.Interfaces\bin\Debug\net8.0\Dev2.Data.Interfaces.dll [C:\Users\ultra\warewolf\Dev\Dev2.Runtime.Configuration.Tests\Dev2.Runtime.Configuration.Tests.csproj]
C:\Program Files\dotnet\sdk\10.0.201\Microsoft.Common.CurrentVersion.targets(2451,5): warning MSB3277:             C:\Users\ultra\warewolf\Dev\Dev2.Util\bin\Debug\net8.0\Dev2.Util.dll [C:\Users\ultra\warewolf\Dev\Dev2.Runtime.Configuration.Tests\Dev2.Runtime.Configuration.Tests.csproj]
C:\Program Files\dotnet\sdk\10.0.201\Microsoft.Common.CurrentVersion.targets(2451,5): warning MSB3277:             C:\Users\ultra\.nuget\packages\system.directoryservices\6.0.0\lib\net6.0\System.DirectoryServices.dll [C:\Users\ultra\warewolf\Dev\Dev2.Runtime.Configuration.Tests\Dev2.Runtime.Configuration.Tests.csproj]
C:\Program Files\dotnet\sdk\10.0.201\Microsoft.Common.CurrentVersion.targets(2451,5): warning MSB3277:             C:\Program Files\dotnet\packs\Microsoft.NETCore.App.Ref\8.0.25\ref/net8.0/System.Configuration.dll [C:\Users\ultra\warewolf\Dev\Dev2.Runtime.Configuration.Tests\Dev2.Runtime.Configuration.Tests.csproj]
C:\Program Files\dotnet\sdk\10.0.201\Microsoft.Common.CurrentVersion.targets(2451,5): warning MSB3277:             C:\Program Files\dotnet\packs\Microsoft.NETCore.App.Ref\8.0.25\ref/net8.0/System.Data.dll [C:\Users\ultra\warewolf\Dev\Dev2.Runtime.Configuration.Tests\Dev2.Runtime.Configuration.Tests.csproj]
C:\Program Files\dotnet\sdk\10.0.201\Microsoft.Common.CurrentVersion.targets(2451,5): warning MSB3277:             C:\Users\ultra\.nuget\packages\taskschedulereditor\2.10.1\lib\net452\Microsoft.Win32.TaskSchedulerEditor.dll [C:\Users\ultra\warewolf\Dev\Dev2.Runtime.Configuration.Tests\Dev2.Runtime.Configuration.Tests.csproj]
C:\Program Files\dotnet\sdk\10.0.201\Microsoft.Common.CurrentVersion.targets(2451,5): warning MSB3277:             C:\Program Files\dotnet\packs\Microsoft.NETCore.App.Ref\8.0.25\ref/net8.0/System.Drawing.dll [C:\Users\ultra\warewolf\Dev\Dev2.Runtime.Configuration.Tests\Dev2.Runtime.Configuration.Tests.csproj]
C:\Program Files\dotnet\sdk\10.0.201\Microsoft.Common.CurrentVersion.targets(2451,5): warning MSB3277:             C:\Users\ultra\.nuget\packages\aerowizard\2.3.1\lib\net45\AeroWizard.dll [C:\Users\ultra\warewolf\Dev\Dev2.Runtime.Configuration.Tests\Dev2.Runtime.Configuration.Tests.csproj]
C:\Program Files\dotnet\sdk\10.0.201\Microsoft.Common.CurrentVersion.targets(2451,5): warning MSB3277:             C:\Users\ultra\.nuget\packages\groupcontrols\1.9.0\lib\net45\GroupControls.dll [C:\Users\ultra\warewolf\Dev\Dev2.Runtime.Configuration.Tests\Dev2.Runtime.Configuration.Tests.csproj]
C:\Program Files\dotnet\sdk\10.0.201\Microsoft.Common.CurrentVersion.targets(2451,5): warning MSB3277:             C:\Program Files\dotnet\packs\Microsoft.NETCore.App.Ref\8.0.25\ref/net8.0/System.Net.dll [C:\Users\ultra\warewolf\Dev\Dev2.Runtime.Configuration.Tests\Dev2.Runtime.Configuration.Tests.csproj]
C:\Program Files\dotnet\sdk\10.0.201\Microsoft.Common.CurrentVersion.targets(2451,5): warning MSB3277:             C:\Program Files\dotnet\packs\Microsoft.NETCore.App.Ref\8.0.25\ref/net8.0/System.Security.dll [C:\Users\ultra\warewolf\Dev\Dev2.Runtime.Configuration.Tests\Dev2.Runtime.Configuration.Tests.csproj]
C:\Program Files\dotnet\sdk\10.0.201\Microsoft.Common.CurrentVersion.targets(2451,5): warning MSB3277:             C:\Program Files\dotnet\packs\Microsoft.NETCore.App.Ref\8.0.25\ref/net8.0/System.ServiceProcess.dll [C:\Users\ultra\warewolf\Dev\Dev2.Runtime.Configuration.Tests\Dev2.Runtime.Configuration.Tests.csproj]
C:\Program Files\dotnet\sdk\10.0.201\Microsoft.Common.CurrentVersion.targets(2451,5): warning MSB3277:             C:\Program Files\dotnet\packs\Microsoft.NETCore.App.Ref\8.0.25\ref/net8.0/System.Transactions.dll [C:\Users\ultra\warewolf\Dev\Dev2.Runtime.Configuration.Tests\Dev2.Runtime.Configuration.Tests.csproj]
C:\Program Files\dotnet\sdk\10.0.201\Microsoft.Common.CurrentVersion.targets(2451,5): warning MSB3277:             C:\Program Files\dotnet\packs\Microsoft.NETCore.App.Ref\8.0.25\ref/net8.0/System.dll [C:\Users\ultra\warewolf\Dev\Dev2.Runtime.Configuration.Tests\Dev2.Runtime.Configuration.Tests.csproj]
C:\Program Files\dotnet\sdk\10.0.201\Microsoft.Common.CurrentVersion.targets(2451,5): warning MSB3277:             C:\Users\ultra\.nuget\packages\ttcue.netcore.sharepointonline.csom.16.1.8029.1200\16.1.8029.1200\lib\netcoreapp2.0\Microsoft.SharePoint.Client.Runtime.Windows.dll [C:\Users\ultra\warewolf\Dev\Dev2.Runtime.Configuration.Tests\Dev2.Runtime.Configuration.Tests.csproj]
C:\Program Files\dotnet\sdk\10.0.201\Microsoft.Common.CurrentVersion.targets(2451,5): warning MSB3277:             C:\Program Files\dotnet\packs\Microsoft.NETCore.App.Ref\8.0.25\ref/net8.0/WindowsBase.dll [C:\Users\ultra\warewolf\Dev\Dev2.Runtime.Configuration.Tests\Dev2.Runtime.Configuration.Tests.csproj]
C:\Program Files\dotnet\sdk\10.0.201\Microsoft.Common.CurrentVersion.targets(2451,5): warning MSB3277:             C:\Users\ultra\.nuget\packages\caliburn.micro\4.0.212\lib\netcoreapp3.1\Caliburn.Micro.Platform.dll [C:\Users\ultra\warewolf\Dev\Dev2.Runtime.Configuration.Tests\Dev2.Runtime.Configuration.Tests.csproj]
C:\Program Files\dotnet\sdk\10.0.201\Microsoft.Common.CurrentVersion.targets(2451,5): warning MSB3277:             C:\Users\ultra\.nuget\packages\microsoft.xaml.behaviors.wpf\1.1.19\lib\netcoreapp3.0\Microsoft.Xaml.Behaviors.dll [C:\Users\ultra\warewolf\Dev\Dev2.Runtime.Configuration.Tests\Dev2.Runtime.Configuration.Tests.csproj]
C:\Program Files\dotnet\sdk\10.0.201\Microsoft.Common.CurrentVersion.targets(2451,5): warning MSB3277:             C:\Program Files\dotnet\packs\Microsoft.NETCore.App.Ref\8.0.25\ref/net8.0/mscorlib.dll [C:\Users\ultra\warewolf\Dev\Dev2.Runtime.Configuration.Tests\Dev2.Runtime.Configuration.Tests.csproj]
C:\Program Files\dotnet\sdk\10.0.201\Microsoft.Common.CurrentVersion.targets(2451,5): warning MSB3277:             C:\Users\ultra\.nuget\packages\microsoft.codecoverage\17.13.0\lib\netcoreapp3.1\Microsoft.VisualStudio.CodeCoverage.Shim.dll [C:\Users\ultra\warewolf\Dev\Dev2.Runtime.Configuration.Tests\Dev2.Runtime.Configuration.Tests.csproj]
C:\Program Files\dotnet\sdk\10.0.201\Microsoft.Common.CurrentVersion.targets(2451,5): warning MSB3277:         C:\Program Files\dotnet\packs\Microsoft.NETCore.App.Ref\8.0.25\ref\net8.0\System.Drawing.dll [C:\Users\ultra\warewolf\Dev\Dev2.Runtime.Configuration.Tests\Dev2.Runtime.Configuration.Tests.csproj]
C:\Program Files\dotnet\sdk\10.0.201\Microsoft.Common.CurrentVersion.targets(2451,5): warning MSB3277:           Project file item includes which caused reference "C:\Program Files\dotnet\packs\Microsoft.NETCore.App.Ref\8.0.25\ref\net8.0\System.Drawing.dll". [C:\Users\ultra\warewolf\Dev\Dev2.Runtime.Configuration.Tests\Dev2.Runtime.Configuration.Tests.csproj]
C:\Program Files\dotnet\sdk\10.0.201\Microsoft.Common.CurrentVersion.targets(2451,5): warning MSB3277:             C:\Program Files\dotnet\packs\Microsoft.NETCore.App.Ref\8.0.25\ref/net8.0/System.Drawing.dll [C:\Users\ultra\warewolf\Dev\Dev2.Runtime.Configuration.Tests\Dev2.Runtime.Configuration.Tests.csproj]
C:\Program Files\dotnet\sdk\10.0.201\Microsoft.Common.CurrentVersion.targets(2451,5): warning MSB3277:             C:\Users\ultra\.nuget\packages\aerowizard\2.3.1\lib\net45\AeroWizard.dll [C:\Users\ultra\warewolf\Dev\Dev2.Runtime.Configuration.Tests\Dev2.Runtime.Configuration.Tests.csproj]
C:\Program Files\dotnet\sdk\10.0.201\Microsoft.Common.CurrentVersion.targets(2451,5): warning MSB3277:             C:\Users\ultra\.nuget\packages\groupcontrols\1.9.0\lib\net45\GroupControls.dll [C:\Users\ultra\warewolf\Dev\Dev2.Runtime.Configuration.Tests\Dev2.Runtime.Configuration.Tests.csproj]
C:\Program Files\dotnet\sdk\10.0.201\Microsoft.Common.CurrentVersion.targets(2451,5): warning MSB3277:             C:\Users\ultra\.nuget\packages\taskschedulereditor\2.10.1\lib\net452\Microsoft.Win32.TaskSchedulerEditor.dll [C:\Users\ultra\warewolf\Dev\Dev2.Runtime.Configuration.Tests\Dev2.Runtime.Configuration.Tests.csproj]
C:\Program Files\dotnet\sdk\10.0.201\Microsoft.Common.CurrentVersion.targets(2451,5): warning MSB3277: Found conflicts between different versions of "System.Drawing.Common" that could not be resolved. [C:\Users\ultra\warewolf\Dev\Dev2.Runtime.Configuration.Tests\Dev2.Runtime.Configuration.Tests.csproj]
C:\Program Files\dotnet\sdk\10.0.201\Microsoft.Common.CurrentVersion.targets(2451,5): warning MSB3277: There was a conflict between "System.Drawing.Common, Version=6.0.0.0, Culture=neutral, PublicKeyToken=cc7b13ffcd2ddd51" and "System.Drawing.Common, Version=8.0.0.0, Culture=neutral, PublicKeyToken=cc7b13ffcd2ddd51". [C:\Users\ultra\warewolf\Dev\Dev2.Runtime.Configuration.Tests\Dev2.Runtime.Configuration.Tests.csproj]
C:\Program Files\dotnet\sdk\10.0.201\Microsoft.Common.CurrentVersion.targets(2451,5): warning MSB3277:     "System.Drawing.Common, Version=6.0.0.0, Culture=neutral, PublicKeyToken=cc7b13ffcd2ddd51" was chosen because it was primary and "System.Drawing.Common, Version=8.0.0.0, Culture=neutral, PublicKeyToken=cc7b13ffcd2ddd51" was not. [C:\Users\ultra\warewolf\Dev\Dev2.Runtime.Configuration.Tests\Dev2.Runtime.Configuration.Tests.csproj]
C:\Program Files\dotnet\sdk\10.0.201\Microsoft.Common.CurrentVersion.targets(2451,5): warning MSB3277:     References which depend on "System.Drawing.Common, Version=6.0.0.0, Culture=neutral, PublicKeyToken=cc7b13ffcd2ddd51" [C:\Users\ultra\.nuget\packages\system.drawing.common\6.0.0\lib\net6.0\System.Drawing.Common.dll]. [C:\Users\ultra\warewolf\Dev\Dev2.Runtime.Configuration.Tests\Dev2.Runtime.Configuration.Tests.csproj]
C:\Program Files\dotnet\sdk\10.0.201\Microsoft.Common.CurrentVersion.targets(2451,5): warning MSB3277:         C:\Users\ultra\.nuget\packages\system.drawing.common\6.0.0\lib\net6.0\System.Drawing.Common.dll [C:\Users\ultra\warewolf\Dev\Dev2.Runtime.Configuration.Tests\Dev2.Runtime.Configuration.Tests.csproj]
C:\Program Files\dotnet\sdk\10.0.201\Microsoft.Common.CurrentVersion.targets(2451,5): warning MSB3277:           Project file item includes which caused reference "C:\Users\ultra\.nuget\packages\system.drawing.common\6.0.0\lib\net6.0\System.Drawing.Common.dll". [C:\Users\ultra\warewolf\Dev\Dev2.Runtime.Configuration.Tests\Dev2.Runtime.Configuration.Tests.csproj]
C:\Program Files\dotnet\sdk\10.0.201\Microsoft.Common.CurrentVersion.targets(2451,5): warning MSB3277:             C:\Users\ultra\.nuget\packages\system.drawing.common\6.0.0\lib\net6.0\System.Drawing.Common.dll [C:\Users\ultra\warewolf\Dev\Dev2.Runtime.Configuration.Tests\Dev2.Runtime.Configuration.Tests.csproj]
C:\Program Files\dotnet\sdk\10.0.201\Microsoft.Common.CurrentVersion.targets(2451,5): warning MSB3277:     References which depend on or have been unified to "System.Drawing.Common, Version=8.0.0.0, Culture=neutral, PublicKeyToken=cc7b13ffcd2ddd51" []. [C:\Users\ultra\warewolf\Dev\Dev2.Runtime.Configuration.Tests\Dev2.Runtime.Configuration.Tests.csproj]
C:\Program Files\dotnet\sdk\10.0.201\Microsoft.Common.CurrentVersion.targets(2451,5): warning MSB3277:         C:\Users\ultra\.nuget\packages\system.windows.extensions\8.0.0\lib\net8.0\System.Windows.Extensions.dll [C:\Users\ultra\warewolf\Dev\Dev2.Runtime.Configuration.Tests\Dev2.Runtime.Configuration.Tests.csproj]
C:\Program Files\dotnet\sdk\10.0.201\Microsoft.Common.CurrentVersion.targets(2451,5): warning MSB3277:           Project file item includes which caused reference "C:\Users\ultra\.nuget\packages\system.windows.extensions\8.0.0\lib\net8.0\System.Windows.Extensions.dll". [C:\Users\ultra\warewolf\Dev\Dev2.Runtime.Configuration.Tests\Dev2.Runtime.Configuration.Tests.csproj]
C:\Program Files\dotnet\sdk\10.0.201\Microsoft.Common.CurrentVersion.targets(2451,5): warning MSB3277:             C:\Users\ultra\.nuget\packages\system.windows.extensions\8.0.0\lib\net8.0\System.Windows.Extensions.dll [C:\Users\ultra\warewolf\Dev\Dev2.Runtime.Configuration.Tests\Dev2.Runtime.Configuration.Tests.csproj]
C:\Program Files\dotnet\sdk\10.0.201\Microsoft.Common.CurrentVersion.targets(2451,5): warning MSB3277:             C:\Users\ultra\.nuget\packages\system.security.permissions\8.0.0\lib\net8.0\System.Security.Permissions.dll [C:\Users\ultra\warewolf\Dev\Dev2.Runtime.Configuration.Tests\Dev2.Runtime.Configuration.Tests.csproj]
C:\Program Files\dotnet\sdk\10.0.201\Microsoft.Common.CurrentVersion.targets(2451,5): warning MSB3277:             C:\Users\ultra\.nuget\packages\dotnetzip\1.16.0\lib\netstandard2.0\DotNetZip.dll [C:\Users\ultra\warewolf\Dev\Dev2.Runtime.Configuration.Tests\Dev2.Runtime.Configuration.Tests.csproj]
C:\Program Files\dotnet\sdk\10.0.201\Microsoft.Common.CurrentVersion.targets(2451,5): warning MSB3277:             C:\Users\ultra\warewolf\Dev\Dev2.Common\bin\Debug\net8.0\Dev2.Common.dll [C:\Users\ultra\warewolf\Dev\Dev2.Runtime.Configuration.Tests\Dev2.Runtime.Configuration.Tests.csproj]
C:\Program Files\dotnet\sdk\10.0.201\Microsoft.Common.CurrentVersion.targets(2451,5): warning MSB3277:             C:\Users\ultra\warewolf\Dev\Dev2.Data.Interfaces\bin\Debug\net8.0\Dev2.Data.Interfaces.dll [C:\Users\ultra\warewolf\Dev\Dev2.Runtime.Configuration.Tests\Dev2.Runtime.Configuration.Tests.csproj]
C:\Program Files\dotnet\sdk\10.0.201\Microsoft.Common.CurrentVersion.targets(2451,5): warning MSB3277:             C:\Users\ultra\warewolf\Dev\Dev2.Util\bin\Debug\net8.0\Dev2.Util.dll [C:\Users\ultra\warewolf\Dev\Dev2.Runtime.Configuration.Tests\Dev2.Runtime.Configuration.Tests.csproj]
C:\Program Files\dotnet\sdk\10.0.201\Microsoft.Common.CurrentVersion.targets(2451,5): warning MSB3277:             C:\Users\ultra\.nuget\packages\system.directoryservices\6.0.0\lib\net6.0\System.DirectoryServices.dll [C:\Users\ultra\warewolf\Dev\Dev2.Runtime.Configuration.Tests\Dev2.Runtime.Configuration.Tests.csproj]
C:\Program Files\dotnet\sdk\10.0.201\Microsoft.Common.CurrentVersion.targets(2451,5): warning MSB3277:             C:\Program Files\dotnet\packs\Microsoft.NETCore.App.Ref\8.0.25\ref/net8.0/System.Configuration.dll [C:\Users\ultra\warewolf\Dev\Dev2.Runtime.Configuration.Tests\Dev2.Runtime.Configuration.Tests.csproj]
C:\Program Files\dotnet\sdk\10.0.201\Microsoft.Common.CurrentVersion.targets(2451,5): warning MSB3277:             C:\Program Files\dotnet\packs\Microsoft.NETCore.App.Ref\8.0.25\ref/net8.0/System.Data.dll [C:\Users\ultra\warewolf\Dev\Dev2.Runtime.Configuration.Tests\Dev2.Runtime.Configuration.Tests.csproj]
C:\Program Files\dotnet\sdk\10.0.201\Microsoft.Common.CurrentVersion.targets(2451,5): warning MSB3277:             C:\Users\ultra\.nuget\packages\taskschedulereditor\2.10.1\lib\net452\Microsoft.Win32.TaskSchedulerEditor.dll [C:\Users\ultra\warewolf\Dev\Dev2.Runtime.Configuration.Tests\Dev2.Runtime.Configuration.Tests.csproj]
C:\Program Files\dotnet\sdk\10.0.201\Microsoft.Common.CurrentVersion.targets(2451,5): warning MSB3277:             C:\Program Files\dotnet\packs\Microsoft.NETCore.App.Ref\8.0.25\ref/net8.0/System.Drawing.dll [C:\Users\ultra\warewolf\Dev\Dev2.Runtime.Configuration.Tests\Dev2.Runtime.Configuration.Tests.csproj]
C:\Program Files\dotnet\sdk\10.0.201\Microsoft.Common.CurrentVersion.targets(2451,5): warning MSB3277:             C:\Users\ultra\.nuget\packages\aerowizard\2.3.1\lib\net45\AeroWizard.dll [C:\Users\ultra\warewolf\Dev\Dev2.Runtime.Configuration.Tests\Dev2.Runtime.Configuration.Tests.csproj]
C:\Program Files\dotnet\sdk\10.0.201\Microsoft.Common.CurrentVersion.targets(2451,5): warning MSB3277:             C:\Users\ultra\.nuget\packages\groupcontrols\1.9.0\lib\net45\GroupControls.dll [C:\Users\ultra\warewolf\Dev\Dev2.Runtime.Configuration.Tests\Dev2.Runtime.Configuration.Tests.csproj]
C:\Program Files\dotnet\sdk\10.0.201\Microsoft.Common.CurrentVersion.targets(2451,5): warning MSB3277:             C:\Program Files\dotnet\packs\Microsoft.NETCore.App.Ref\8.0.25\ref/net8.0/System.Net.dll [C:\Users\ultra\warewolf\Dev\Dev2.Runtime.Configuration.Tests\Dev2.Runtime.Configuration.Tests.csproj]
C:\Program Files\dotnet\sdk\10.0.201\Microsoft.Common.CurrentVersion.targets(2451,5): warning MSB3277:             C:\Program Files\dotnet\packs\Microsoft.NETCore.App.Ref\8.0.25\ref/net8.0/System.Security.dll [C:\Users\ultra\warewolf\Dev\Dev2.Runtime.Configuration.Tests\Dev2.Runtime.Configuration.Tests.csproj]
C:\Program Files\dotnet\sdk\10.0.201\Microsoft.Common.CurrentVersion.targets(2451,5): warning MSB3277:             C:\Program Files\dotnet\packs\Microsoft.NETCore.App.Ref\8.0.25\ref/net8.0/System.ServiceProcess.dll [C:\Users\ultra\warewolf\Dev\Dev2.Runtime.Configuration.Tests\Dev2.Runtime.Configuration.Tests.csproj]
C:\Program Files\dotnet\sdk\10.0.201\Microsoft.Common.CurrentVersion.targets(2451,5): warning MSB3277:             C:\Program Files\dotnet\packs\Microsoft.NETCore.App.Ref\8.0.25\ref/net8.0/System.Transactions.dll [C:\Users\ultra\warewolf\Dev\Dev2.Runtime.Configuration.Tests\Dev2.Runtime.Configuration.Tests.csproj]
C:\Program Files\dotnet\sdk\10.0.201\Microsoft.Common.CurrentVersion.targets(2451,5): warning MSB3277:             C:\Program Files\dotnet\packs\Microsoft.NETCore.App.Ref\8.0.25\ref/net8.0/System.dll [C:\Users\ultra\warewolf\Dev\Dev2.Runtime.Configuration.Tests\Dev2.Runtime.Configuration.Tests.csproj]
C:\Program Files\dotnet\sdk\10.0.201\Microsoft.Common.CurrentVersion.targets(2451,5): warning MSB3277:             C:\Users\ultra\.nuget\packages\ttcue.netcore.sharepointonline.csom.16.1.8029.1200\16.1.8029.1200\lib\netcoreapp2.0\Microsoft.SharePoint.Client.Runtime.Windows.dll [C:\Users\ultra\warewolf\Dev\Dev2.Runtime.Configuration.Tests\Dev2.Runtime.Configuration.Tests.csproj]
C:\Program Files\dotnet\sdk\10.0.201\Microsoft.Common.CurrentVersion.targets(2451,5): warning MSB3277:             C:\Program Files\dotnet\packs\Microsoft.NETCore.App.Ref\8.0.25\ref/net8.0/WindowsBase.dll [C:\Users\ultra\warewolf\Dev\Dev2.Runtime.Configuration.Tests\Dev2.Runtime.Configuration.Tests.csproj]
C:\Program Files\dotnet\sdk\10.0.201\Microsoft.Common.CurrentVersion.targets(2451,5): warning MSB3277:             C:\Users\ultra\.nuget\packages\caliburn.micro\4.0.212\lib\netcoreapp3.1\Caliburn.Micro.Platform.dll [C:\Users\ultra\warewolf\Dev\Dev2.Runtime.Configuration.Tests\Dev2.Runtime.Configuration.Tests.csproj]
C:\Program Files\dotnet\sdk\10.0.201\Microsoft.Common.CurrentVersion.targets(2451,5): warning MSB3277:             C:\Users\ultra\.nuget\packages\microsoft.xaml.behaviors.wpf\1.1.19\lib\netcoreapp3.0\Microsoft.Xaml.Behaviors.dll [C:\Users\ultra\warewolf\Dev\Dev2.Runtime.Configuration.Tests\Dev2.Runtime.Configuration.Tests.csproj]
C:\Program Files\dotnet\sdk\10.0.201\Microsoft.Common.CurrentVersion.targets(2451,5): warning MSB3277:             C:\Program Files\dotnet\packs\Microsoft.NETCore.App.Ref\8.0.25\ref/net8.0/mscorlib.dll [C:\Users\ultra\warewolf\Dev\Dev2.Runtime.Configuration.Tests\Dev2.Runtime.Configuration.Tests.csproj]
C:\Program Files\dotnet\sdk\10.0.201\Microsoft.Common.CurrentVersion.targets(2451,5): warning MSB3277:             C:\Users\ultra\.nuget\packages\microsoft.codecoverage\17.13.0\lib\netcoreapp3.1\Microsoft.VisualStudio.CodeCoverage.Shim.dll [C:\Users\ultra\warewolf\Dev\Dev2.Runtime.Configuration.Tests\Dev2.Runtime.Configuration.Tests.csproj]
C:\Program Files\dotnet\sdk\10.0.201\Microsoft.Common.CurrentVersion.targets(2451,5): warning MSB3277:         C:\Program Files\dotnet\packs\Microsoft.NETCore.App.Ref\8.0.25\ref\net8.0\System.Drawing.dll [C:\Users\ultra\warewolf\Dev\Dev2.Runtime.Configuration.Tests\Dev2.Runtime.Configuration.Tests.csproj]
C:\Program Files\dotnet\sdk\10.0.201\Microsoft.Common.CurrentVersion.targets(2451,5): warning MSB3277:           Project file item includes which caused reference "C:\Program Files\dotnet\packs\Microsoft.NETCore.App.Ref\8.0.25\ref\net8.0\System.Drawing.dll". [C:\Users\ultra\warewolf\Dev\Dev2.Runtime.Configuration.Tests\Dev2.Runtime.Configuration.Tests.csproj]
C:\Program Files\dotnet\sdk\10.0.201\Microsoft.Common.CurrentVersion.targets(2451,5): warning MSB3277:             C:\Program Files\dotnet\packs\Microsoft.NETCore.App.Ref\8.0.25\ref/net8.0/System.Drawing.dll [C:\Users\ultra\warewolf\Dev\Dev2.Runtime.Configuration.Tests\Dev2.Runtime.Configuration.Tests.csproj]
C:\Program Files\dotnet\sdk\10.0.201\Microsoft.Common.CurrentVersion.targets(2451,5): warning MSB3277:             C:\Users\ultra\.nuget\packages\aerowizard\2.3.1\lib\net45\AeroWizard.dll [C:\Users\ultra\warewolf\Dev\Dev2.Runtime.Configuration.Tests\Dev2.Runtime.Configuration.Tests.csproj]
C:\Program Files\dotnet\sdk\10.0.201\Microsoft.Common.CurrentVersion.targets(2451,5): warning MSB3277:             C:\Users\ultra\.nuget\packages\groupcontrols\1.9.0\lib\net45\GroupControls.dll [C:\Users\ultra\warewolf\Dev\Dev2.Runtime.Configuration.Tests\Dev2.Runtime.Configuration.Tests.csproj]
C:\Program Files\dotnet\sdk\10.0.201\Microsoft.Common.CurrentVersion.targets(2451,5): warning MSB3277:             C:\Users\ultra\.nuget\packages\taskschedulereditor\2.10.1\lib\net452\Microsoft.Win32.TaskSchedulerEditor.dll [C:\Users\ultra\warewolf\Dev\Dev2.Runtime.Configuration.Tests\Dev2.Runtime.Configuration.Tests.csproj]
C:\Users\ultra\warewolf\Dev\Dev2.Diagnostics\Debug\DebugDispatcher.cs(209,35): warning CC0057: Parameter 'previous' is not used. (https://code-cracker.github.io/diagnostics/CC0057.html) [C:\Users\ultra\warewolf\Dev\Dev2.Diagnostics\Dev2.Diagnostics.csproj]
  Dev2.Diagnostics -> C:\Users\ultra\warewolf\Dev\Dev2.Diagnostics\bin\Debug\net8.0\Dev2.Diagnostics.dll
  Dev2.Runtime.Configuration.Tests -> C:\Users\ultra\warewolf\Dev\Dev2.Runtime.Configuration.Tests\bin\Debug\net8.0\Dev2.Runtime.Configuration.Tests.dll
  Dev2.Runtime.Configuration.Tests -> C:\Users\ultra\warewolf\Dev\Dev2.Runtime.Configuration.Tests\bin\Debug\net8.0\linux-x64\Dev2.Runtime.Configuration.Tests.dll
C:\Users\ultra\warewolf\Dev\Dev2.Infrastructure\PerformanceCounters\Management\PerformanceCounterPersistence.cs(48,81): warning CC0057: Parameter 'resourcePerformanceCounters' is not used. (https://code-cracker.github.io/diagnostics/CC0057.html) [C:\Users\ultra\warewolf\Dev\Dev2.Infrastructure\Dev2.Infrastructure.csproj]
C:\Users\ultra\warewolf\Dev\Dev2.Infrastructure\PerformanceCounters\Management\WarewolfPerformanceCounterManager.cs(22,140): warning CC0057: Parameter 'register' is not used. (https://code-cracker.github.io/diagnostics/CC0057.html) [C:\Users\ultra\warewolf\Dev\Dev2.Infrastructure\Dev2.Infrastructure.csproj]
C:\Users\ultra\warewolf\Dev\Dev2.Infrastructure\PerformanceCounters\Management\WarewolfPerformanceCounterManager.cs(67,83): warning CC0057: Parameter 'name' is not used. (https://code-cracker.github.io/diagnostics/CC0057.html) [C:\Users\ultra\warewolf\Dev\Dev2.Infrastructure\Dev2.Infrastructure.csproj]
C:\Users\ultra\warewolf\Dev\Dev2.Infrastructure\PerformanceCounters\PerformanceCounterCategoryWrapper.cs(33,48): warning CA1416: This call site is reachable on all platforms. 'PerformanceCounterCategory.Exists(string)' is only supported on: 'windows'. (https://learn.microsoft.com/dotnet/fundamentals/code-analysis/quality-rules/ca1416) [C:\Users\ultra\warewolf\Dev\Dev2.Infrastructure\Dev2.Infrastructure.csproj]
C:\Users\ultra\warewolf\Dev\Dev2.Infrastructure\PerformanceCounters\PerformanceCounterCategoryWrapper.cs(32,48): warning CA1416: This call site is reachable on all platforms. 'PerformanceCounterCategory.Delete(string)' is only supported on: 'windows'. (https://learn.microsoft.com/dotnet/fundamentals/code-analysis/quality-rules/ca1416) [C:\Users\ultra\warewolf\Dev\Dev2.Infrastructure\Dev2.Infrastructure.csproj]
C:\Users\ultra\warewolf\Dev\Dev2.Infrastructure\PerformanceCounters\PerformanceCounterCategoryWrapper.cs(12,51): warning CA1416: This call site is reachable on all platforms. 'PerformanceCounterCategory.CounterExists(string)' is only supported on: 'windows'. (https://learn.microsoft.com/dotnet/fundamentals/code-analysis/quality-rules/ca1416) [C:\Users\ultra\warewolf\Dev\Dev2.Infrastructure\Dev2.Infrastructure.csproj]
C:\Users\ultra\warewolf\Dev\Dev2.Infrastructure\PerformanceCounters\PerformanceCounterCategoryWrapper.cs(38,29): warning CA1416: This call site is reachable on all platforms. 'PerformanceCounterCategory' is only supported on: 'windows'. (https://learn.microsoft.com/dotnet/fundamentals/code-analysis/quality-rules/ca1416) [C:\Users\ultra\warewolf\Dev\Dev2.Infrastructure\Dev2.Infrastructure.csproj]
C:\Users\ultra\warewolf\Dev\Dev2.Infrastructure\PerformanceCounters\PerformanceCounterCategoryWrapper.cs(29,71): warning CA1416: This call site is reachable on all platforms. 'PerformanceCounterCategoryType.MultiInstance' is only supported on: 'windows'. (https://learn.microsoft.com/dotnet/fundamentals/code-analysis/quality-rules/ca1416) [C:\Users\ultra\warewolf\Dev\Dev2.Infrastructure\Dev2.Infrastructure.csproj]
C:\Users\ultra\warewolf\Dev\Dev2.Infrastructure\PerformanceCounters\PerformanceCounterCategoryWrapper.cs(19,45): warning CA1416: This call site is reachable on all platforms. 'CounterCreationData' is only supported on: 'windows'. (https://learn.microsoft.com/dotnet/fundamentals/code-analysis/quality-rules/ca1416) [C:\Users\ultra\warewolf\Dev\Dev2.Infrastructure\Dev2.Infrastructure.csproj]
C:\Users\ultra\warewolf\Dev\Dev2.Infrastructure\PerformanceCounters\PerformanceCounterCategoryWrapper.cs(29,13): warning CA1416: This call site is reachable on all platforms. 'PerformanceCounterCategory.Create(string, string, PerformanceCounterCategoryType, CounterCreationDataCollection)' is only supported on: 'windows'. (https://learn.microsoft.com/dotnet/fundamentals/code-analysis/quality-rules/ca1416) [C:\Users\ultra\warewolf\Dev\Dev2.Infrastructure\Dev2.Infrastructure.csproj]
C:\Users\ultra\warewolf\Dev\Dev2.Infrastructure\PerformanceCounters\PerformanceCounterCategoryWrapper.cs(14,49): warning CA1416: This call site is reachable on all platforms. 'CounterCreationDataCollection' is only supported on: 'windows'. (https://learn.microsoft.com/dotnet/fundamentals/code-analysis/quality-rules/ca1416) [C:\Users\ultra\warewolf\Dev\Dev2.Infrastructure\Dev2.Infrastructure.csproj]
C:\Users\ultra\warewolf\Dev\Dev2.Infrastructure\PerformanceCounters\PerformanceCounterCategoryWrapper.cs(25,21): warning CA1416: This call site is reachable on all platforms. 'CounterCreationDataCollection.Add(CounterCreationData)' is only supported on: 'windows'. (https://learn.microsoft.com/dotnet/fundamentals/code-analysis/quality-rules/ca1416) [C:\Users\ultra\warewolf\Dev\Dev2.Infrastructure\Dev2.Infrastructure.csproj]
C:\Users\ultra\warewolf\Dev\Dev2.Infrastructure\PerformanceCounters\PerformanceCounterCategoryWrapper.cs(50,28): warning CA1416: This call site is reachable on all platforms. 'PerformanceCounterType.AverageTimer32' is only supported on: 'windows'. (https://learn.microsoft.com/dotnet/fundamentals/code-analysis/quality-rules/ca1416) [C:\Users\ultra\warewolf\Dev\Dev2.Infrastructure\Dev2.Infrastructure.csproj]
C:\Users\ultra\warewolf\Dev\Dev2.Infrastructure\PerformanceCounters\PerformanceCounterCategoryWrapper.cs(54,28): warning CA1416: This call site is reachable on all platforms. 'PerformanceCounterType.RateOfCountsPerSecond32' is only supported on: 'windows'. (https://learn.microsoft.com/dotnet/fundamentals/code-analysis/quality-rules/ca1416) [C:\Users\ultra\warewolf\Dev\Dev2.Infrastructure\Dev2.Infrastructure.csproj]
C:\Users\ultra\warewolf\Dev\Dev2.Infrastructure\PerformanceCounters\PerformanceCounterCategoryWrapper.cs(52,28): warning CA1416: This call site is reachable on all platforms. 'PerformanceCounterType.NumberOfItems32' is only supported on: 'windows'. (https://learn.microsoft.com/dotnet/fundamentals/code-analysis/quality-rules/ca1416) [C:\Users\ultra\warewolf\Dev\Dev2.Infrastructure\Dev2.Infrastructure.csproj]
C:\Users\ultra\warewolf\Dev\Dev2.Infrastructure\PerformanceCounters\PerformanceCounterCategoryWrapper.cs(48,28): warning CA1416: This call site is reachable on all platforms. 'PerformanceCounterType.AverageBase' is only supported on: 'windows'. (https://learn.microsoft.com/dotnet/fundamentals/code-analysis/quality-rules/ca1416) [C:\Users\ultra\warewolf\Dev\Dev2.Infrastructure\Dev2.Infrastructure.csproj]
C:\Users\ultra\warewolf\Dev\Dev2.Infrastructure\Services\Security\MoqInstallerActions\InstallerActionsForDevelopment.cs(59,57): warning CA1416: This call site is reachable on all platforms. 'WindowsIdentity.Name' is only supported on: 'windows'. (https://learn.microsoft.com/dotnet/fundamentals/code-analysis/quality-rules/ca1416) [C:\Users\ultra\warewolf\Dev\Dev2.Infrastructure\Dev2.Infrastructure.csproj]
C:\Users\ultra\warewolf\Dev\Dev2.Infrastructure\Services\Security\MoqInstallerActions\InstallerActionsForDevelopment.cs(57,31): warning CA1416: This call site is reachable on all platforms. 'WindowsIdentity.GetCurrent(bool)' is only supported on: 'windows'. (https://learn.microsoft.com/dotnet/fundamentals/code-analysis/quality-rules/ca1416) [C:\Users\ultra\warewolf\Dev\Dev2.Infrastructure\Dev2.Infrastructure.csproj]
C:\Users\ultra\warewolf\Dev\Dev2.Infrastructure\Services\Security\SecuritySettings.cs(92,28): warning CC0022: HMACSHA256 should be disposed. (https://code-cracker.github.io/diagnostics/CC0022.html) [C:\Users\ultra\warewolf\Dev\Dev2.Infrastructure\Dev2.Infrastructure.csproj]
CSC : warning AD0001: Analyzer 'CodeCracker.CSharp.Design.UseInvokeMethodToFireEventAnalyzer' threw an exception of type 'System.ArgumentException' with message 'Syntax node is not within syntax tree'. [C:\Users\ultra\warewolf\Dev\Dev2.Infrastructure\Dev2.Infrastructure.csproj]
CSC : warning AD0001: Analyzer 'CodeCracker.CSharp.Design.UseInvokeMethodToFireEventAnalyzer' threw an exception of type 'System.ArgumentException' with message 'Syntax node is not within syntax tree'. [C:\Users\ultra\warewolf\Dev\Dev2.Infrastructure\Dev2.Infrastructure.csproj]
CSC : warning AD0001: Analyzer 'CodeCracker.CSharp.Design.UseInvokeMethodToFireEventAnalyzer' threw an exception of type 'System.ArgumentException' with message 'Syntax node is not within syntax tree'. [C:\Users\ultra\warewolf\Dev\Dev2.Infrastructure\Dev2.Infrastructure.csproj]
CSC : warning AD0001: Analyzer 'CodeCracker.CSharp.Design.UseInvokeMethodToFireEventAnalyzer' threw an exception of type 'System.ArgumentException' with message 'Syntax node is not within syntax tree'. [C:\Users\ultra\warewolf\Dev\Dev2.Infrastructure\Dev2.Infrastructure.csproj]
CSC : warning AD0001: Analyzer 'CodeCracker.CSharp.Design.UseInvokeMethodToFireEventAnalyzer' threw an exception of type 'System.ArgumentException' with message 'Syntax node is not within syntax tree'. [C:\Users\ultra\warewolf\Dev\Dev2.Infrastructure\Dev2.Infrastructure.csproj]
CSC : warning AD0001: Analyzer 'CodeCracker.CSharp.Design.UseInvokeMethodToFireEventAnalyzer' threw an exception of type 'System.ArgumentException' with message 'Syntax node is not within syntax tree'. [C:\Users\ultra\warewolf\Dev\Dev2.Infrastructure\Dev2.Infrastructure.csproj]
CSC : warning AD0001: Analyzer 'CodeCracker.CSharp.Design.UseInvokeMethodToFireEventAnalyzer' threw an exception of type 'System.ArgumentException' with message 'Syntax node is not within syntax tree'. [C:\Users\ultra\warewolf\Dev\Dev2.Infrastructure\Dev2.Infrastructure.csproj]
CSC : warning AD0001: Analyzer 'CodeCracker.CSharp.Design.UseInvokeMethodToFireEventAnalyzer' threw an exception of type 'System.ArgumentException' with message 'Syntax node is not within syntax tree'. [C:\Users\ultra\warewolf\Dev\Dev2.Infrastructure\Dev2.Infrastructure.csproj]
CSC : warning AD0001: Analyzer 'CodeCracker.CSharp.Design.UseInvokeMethodToFireEventAnalyzer' threw an exception of type 'System.ArgumentException' with message 'Syntax node is not within syntax tree'. [C:\Users\ultra\warewolf\Dev\Dev2.Infrastructure\Dev2.Infrastructure.csproj]
CSC : warning AD0001: Analyzer 'CodeCracker.CSharp.Design.UseInvokeMethodToFireEventAnalyzer' threw an exception of type 'System.ArgumentException' with message 'Syntax node is not within syntax tree'. [C:\Users\ultra\warewolf\Dev\Dev2.Infrastructure\Dev2.Infrastructure.csproj]
CSC : warning AD0001: Analyzer 'CodeCracker.CSharp.Design.UseInvokeMethodToFireEventAnalyzer' threw an exception of type 'System.ArgumentException' with message 'Syntax node is not within syntax tree'. [C:\Users\ultra\warewolf\Dev\Dev2.Infrastructure\Dev2.Infrastructure.csproj]
CSC : warning AD0001: Analyzer 'CodeCracker.CSharp.Design.UseInvokeMethodToFireEventAnalyzer' threw an exception of type 'System.ArgumentException' with message 'Syntax node is not within syntax tree'. [C:\Users\ultra\warewolf\Dev\Dev2.Infrastructure\Dev2.Infrastructure.csproj]
CSC : warning AD0001: Analyzer 'CodeCracker.CSharp.Design.UseInvokeMethodToFireEventAnalyzer' threw an exception of type 'System.ArgumentException' with message 'Syntax node is not within syntax tree'. [C:\Users\ultra\warewolf\Dev\Dev2.Infrastructure\Dev2.Infrastructure.csproj]
CSC : warning AD0001: Analyzer 'CodeCracker.CSharp.Design.UseInvokeMethodToFireEventAnalyzer' threw an exception of type 'System.ArgumentException' with message 'Syntax node is not within syntax tree'. [C:\Users\ultra\warewolf\Dev\Dev2.Infrastructure\Dev2.Infrastructure.csproj]
C:\Users\ultra\warewolf\Dev\Warewolf.AI.Harness\ChatbotApiService.cs(11,7): warning CS0105: The using directive for 'System.Text' appeared previously in this namespace [C:\Users\ultra\warewolf\Dev\Warewolf.AI.Harness\Warewolf.AI.Harness.csproj]
C:\Users\ultra\warewolf\Dev\Warewolf.AI.Harness\ChatbotApiService.cs(12,7): warning CS0105: The using directive for 'Newtonsoft.Json' appeared previously in this namespace [C:\Users\ultra\warewolf\Dev\Warewolf.AI.Harness\Warewolf.AI.Harness.csproj]
C:\Users\ultra\warewolf\Dev\Warewolf.AI.Harness\ChatbotApiService.cs(641,23): warning CS8618: Non-nullable property 'Model' must contain a non-null value when exiting constructor. Consider adding the 'required' modifier or declaring the property as nullable. [C:\Users\ultra\warewolf\Dev\Warewolf.AI.Harness\Warewolf.AI.Harness.csproj]
C:\Users\ultra\warewolf\Dev\Warewolf.AI.Harness\ChatbotApiService.cs(659,23): warning CS8618: Non-nullable property 'FinishReason' must contain a non-null value when exiting constructor. Consider adding the 'required' modifier or declaring the property as nullable. [C:\Users\ultra\warewolf\Dev\Warewolf.AI.Harness\Warewolf.AI.Harness.csproj]
C:\Users\ultra\warewolf\Dev\Warewolf.AI.Harness\ChatbotApiService.cs(201,34): warning CS8600: Converting null literal or possible null value to non-nullable type. [C:\Users\ultra\warewolf\Dev\Warewolf.AI.Harness\Warewolf.AI.Harness.csproj]
C:\Users\ultra\warewolf\Dev\Warewolf.AI.Harness\ChatbotApiService.cs(215,51): warning CS8602: Dereference of a possibly null reference. [C:\Users\ultra\warewolf\Dev\Warewolf.AI.Harness\Warewolf.AI.Harness.csproj]
C:\Users\ultra\warewolf\Dev\Warewolf.AI.Harness\ChatbotApiService.cs(218,25): warning CS8602: Dereference of a possibly null reference. [C:\Users\ultra\warewolf\Dev\Warewolf.AI.Harness\Warewolf.AI.Harness.csproj]
C:\Users\ultra\warewolf\Dev\Warewolf.AI.Harness\ChatbotApiService.cs(303,34): warning CS8600: Converting null literal or possible null value to non-nullable type. [C:\Users\ultra\warewolf\Dev\Warewolf.AI.Harness\Warewolf.AI.Harness.csproj]
C:\Users\ultra\warewolf\Dev\Warewolf.AI.Harness\ChatbotApiService.cs(312,51): warning CS8602: Dereference of a possibly null reference. [C:\Users\ultra\warewolf\Dev\Warewolf.AI.Harness\Warewolf.AI.Harness.csproj]
C:\Users\ultra\warewolf\Dev\Warewolf.AI.Harness\ChatbotApiService.cs(314,30): warning CS8602: Dereference of a possibly null reference. [C:\Users\ultra\warewolf\Dev\Warewolf.AI.Harness\Warewolf.AI.Harness.csproj]
C:\Users\ultra\warewolf\Dev\Warewolf.AI.Harness\ChatbotApiService.cs(477,32): warning CS8600: Converting null literal or possible null value to non-nullable type. [C:\Users\ultra\warewolf\Dev\Warewolf.AI.Harness\Warewolf.AI.Harness.csproj]
C:\Users\ultra\warewolf\Dev\Warewolf.AI.Harness\ChatbotApiService.cs(478,32): warning CS8600: Converting null literal or possible null value to non-nullable type. [C:\Users\ultra\warewolf\Dev\Warewolf.AI.Harness\Warewolf.AI.Harness.csproj]
C:\Users\ultra\warewolf\Dev\Warewolf.AI.Harness\ChatbotApiService.cs(481,73): warning CS8625: Cannot convert null literal to non-nullable reference type. [C:\Users\ultra\warewolf\Dev\Warewolf.AI.Harness\Warewolf.AI.Harness.csproj]
C:\Users\ultra\warewolf\Dev\Warewolf.AI.Harness\ChatbotApiService.cs(482,60): warning CS8604: Possible null reference argument for parameter 'authHeaderName' in 'HttpResponseMessage ChatbotApiService.PostWithAuth(string endpoint, object payload, string authHeaderName, string authHeaderValue, string additionalHeaders)'. [C:\Users\ultra\warewolf\Dev\Warewolf.AI.Harness\Warewolf.AI.Harness.csproj]
C:\Users\ultra\warewolf\Dev\Warewolf.AI.Harness\ChatbotApiService.cs(482,70): warning CS8604: Possible null reference argument for parameter 'authHeaderValue' in 'HttpResponseMessage ChatbotApiService.PostWithAuth(string endpoint, object payload, string authHeaderName, string authHeaderValue, string additionalHeaders)'. [C:\Users\ultra\warewolf\Dev\Warewolf.AI.Harness\Warewolf.AI.Harness.csproj]
C:\Users\ultra\warewolf\Dev\Warewolf.AI.Harness\ChatbotApiService.cs(482,81): warning CS8625: Cannot convert null literal to non-nullable reference type. [C:\Users\ultra\warewolf\Dev\Warewolf.AI.Harness\Warewolf.AI.Harness.csproj]
C:\Users\ultra\warewolf\Dev\Warewolf.AI.Harness\ChatbotApiService.cs(496,73): warning CS8625: Cannot convert null literal to non-nullable reference type. [C:\Users\ultra\warewolf\Dev\Warewolf.AI.Harness\Warewolf.AI.Harness.csproj]
C:\Users\ultra\warewolf\Dev\Warewolf.AI.Harness\ChatbotApiService.cs(497,81): warning CS8625: Cannot convert null literal to non-nullable reference type. [C:\Users\ultra\warewolf\Dev\Warewolf.AI.Harness\Warewolf.AI.Harness.csproj]
C:\Users\ultra\warewolf\Dev\Warewolf.AI.Harness\ChatbotApiService.cs(514,73): warning CS8625: Cannot convert null literal to non-nullable reference type. [C:\Users\ultra\warewolf\Dev\Warewolf.AI.Harness\Warewolf.AI.Harness.csproj]
C:\Users\ultra\warewolf\Dev\Warewolf.AI.Harness\ChatbotApiService.cs(515,114): warning CS8625: Cannot convert null literal to non-nullable reference type. [C:\Users\ultra\warewolf\Dev\Warewolf.AI.Harness\Warewolf.AI.Harness.csproj]
C:\Users\ultra\warewolf\Dev\Warewolf.AI.Harness\ChatbotApiService.cs(521,36): warning CS8600: Converting null literal or possible null value to non-nullable type. [C:\Users\ultra\warewolf\Dev\Warewolf.AI.Harness\Warewolf.AI.Harness.csproj]
C:\Users\ultra\warewolf\Dev\Warewolf.AI.Harness\ChatbotApiService.cs(538,82): warning CS8604: Possible null reference argument for parameter 'systemMessage' in 'Dictionary<string, object> ChatbotApiService.CreatePayload(string model, object messages, string systemMessage, bool useMaxCompletionTokens, bool includeTemperature)'. [C:\Users\ultra\warewolf\Dev\Warewolf.AI.Harness\Warewolf.AI.Harness.csproj]
C:\Users\ultra\warewolf\Dev\Warewolf.AI.Harness\ChatbotApiService.cs(545,35): warning CS8600: Converting null literal or possible null value to non-nullable type. [C:\Users\ultra\warewolf\Dev\Warewolf.AI.Harness\Warewolf.AI.Harness.csproj]
C:\Users\ultra\warewolf\Dev\Warewolf.AI.Harness\ChatbotApiService.cs(589,68): warning CS8625: Cannot convert null literal to non-nullable reference type. [C:\Users\ultra\warewolf\Dev\Warewolf.AI.Harness\Warewolf.AI.Harness.csproj]
C:\Users\ultra\warewolf\Dev\Warewolf.AI.Harness\ChatbotApiService.cs(589,74): warning CS8625: Cannot convert null literal to non-nullable reference type. [C:\Users\ultra\warewolf\Dev\Warewolf.AI.Harness\Warewolf.AI.Harness.csproj]
C:\Users\ultra\warewolf\Dev\Warewolf.AI.Harness\ChatbotApiService.cs(589,80): warning CS8625: Cannot convert null literal to non-nullable reference type. [C:\Users\ultra\warewolf\Dev\Warewolf.AI.Harness\Warewolf.AI.Harness.csproj]
  Warewolf.AI.Harness -> C:\Users\ultra\warewolf\Dev\Warewolf.AI.Harness\bin\Debug\net8.0\Warewolf.AI.Harness.dll
  Dev2.Infrastructure -> C:\Users\ultra\warewolf\Dev\Dev2.Infrastructure\bin\Debug\net8.0\Dev2.Infrastructure.dll
C:\Program Files\dotnet\sdk\10.0.201\Microsoft.CSharp.CurrentVersion.targets(130,9): warning MSB3884: Could not find rule set file "..\.sonarlint\warewolf_dotnet_frameworkcsharp.ruleset". [C:\Users\ultra\warewolf\Dev\Warewolf.Sharepoint\Warewolf.Sharepoint.csproj]
C:\Users\ultra\warewolf\Dev\Dev2.SignalR.Wrappers.New\HubConnectionWrapper.cs(431,21): warning SYSLIB0006: 'Thread.Abort()' is obsolete: 'Thread.Abort is not supported and throws PlatformNotSupportedException.' (https://aka.ms/dotnet-warnings/SYSLIB0006) [C:\Users\ultra\warewolf\Dev\Dev2.SignalR.Wrappers.New\Dev2.SignalR.Wrappers.New.csproj]
C:\Users\ultra\warewolf\Dev\Dev2.SignalR.Wrappers.New\HubConnectionWrapper.cs(383,17): warning CC0105: Use 'var' instead of specifying the type name. (https://code-cracker.github.io/diagnostics/CC0105.html) [C:\Users\ultra\warewolf\Dev\Dev2.SignalR.Wrappers.New\Dev2.SignalR.Wrappers.New.csproj]
C:\Users\ultra\warewolf\Dev\Dev2.SignalR.Wrappers.New\HubConnectionWrapper.cs(205,21): warning CC0029: 'HubConnectionWrapper' should call GC.SuppressFinalize inside the Dispose method. (https://code-cracker.github.io/diagnostics/CC0029.html) [C:\Users\ultra\warewolf\Dev\Dev2.SignalR.Wrappers.New\Dev2.SignalR.Wrappers.New.csproj]
  Warewolf.Sharepoint -> C:\Users\ultra\warewolf\Dev\Warewolf.Sharepoint\bin\Debug\net8.0\Warewolf.Sharepoint.dll
C:\Users\ultra\warewolf\Dev\Dev2.Services.Sql\ConnectionBuilder.cs(44,21): warning CC0029: 'ConnectionBuilder' should call GC.SuppressFinalize inside the Dispose method. (https://code-cracker.github.io/diagnostics/CC0029.html) [C:\Users\ultra\warewolf\Dev\Dev2.Services.Sql\Dev2.Services.Sql.csproj]
C:\Users\ultra\warewolf\Dev\Warewolf.PerfMon\Program.cs(26,2): warning CA1416: This call site is reachable on all platforms. 'ServiceBase.Run(ServiceBase)' is only supported on: 'windows'. (https://learn.microsoft.com/dotnet/fundamentals/code-analysis/quality-rules/ca1416) [C:\Users\ultra\warewolf\Dev\Warewolf.PerfMon\Warewolf.PerfMon.csproj]
C:\Users\ultra\warewolf\Dev\Warewolf.PerfMon\Program.cs(26,2): warning CA1416: This call site is reachable on all platforms. 'ServiceBase.Run(ServiceBase)' is only supported on: 'windows'. (https://learn.microsoft.com/dotnet/fundamentals/code-analysis/quality-rules/ca1416) [C:\Users\ultra\warewolf\Dev\Warewolf.PerfMon\Warewolf.PerfMon.csproj]
  Warewolf.PerfMon -> C:\Users\ultra\warewolf\Dev\Warewolf.PerfMon\bin\Debug\net8.0\linux-x64\Warewolf.PerfMon.dll
  Dev2.Services.Sql -> C:\Users\ultra\warewolf\Dev\Dev2.Services.Sql\bin\Debug\net8.0\Dev2.Services.Sql.dll
  Warewolf.Storage -> C:\Users\ultra\warewolf\Dev\Warewolf.Storage\bin\Debug\net8.0\Warewolf.Storage.dll
  Dev2.SignalR.Wrappers.New -> C:\Users\ultra\warewolf\Dev\Dev2.SignalR.Wrappers.New\bin\Debug\net8.0\Dev2.SignalR.Wrappers.New.dll
  Warewolf.PerfMon -> C:\Users\ultra\warewolf\Dev\Warewolf.PerfMon\bin\Debug\net8.0\Warewolf.PerfMon.dll
C:\Program Files\dotnet\sdk\10.0.201\Microsoft.Common.CurrentVersion.targets(2451,5): warning MSB3245: Could not resolve this reference. Could not locate the assembly "System.Web". Check to make sure the assembly exists on disk. If this reference is required by your code, you may get compilation errors. [C:\Users\ultra\warewolf\Dev\Dev2.Data\Dev2.Data.csproj]
C:\Program Files\dotnet\sdk\10.0.201\Microsoft.Common.CurrentVersion.targets(2451,5): warning MSB3245: Could not resolve this reference. Could not locate the assembly "System.Web.Extensions". Check to make sure the assembly exists on disk. If this reference is required by your code, you may get compilation errors. [C:\Users\ultra\warewolf\Dev\Dev2.Data\Dev2.Data.csproj]
C:\Program Files\dotnet\sdk\10.0.201\Microsoft.Common.CurrentVersion.targets(2451,5): warning MSB3245: Could not resolve this reference. Could not locate the assembly "System.Xml.Linq". Check to make sure the assembly exists on disk. If this reference is required by your code, you may get compilation errors. [C:\Users\ultra\warewolf\Dev\Dev2.Data\Dev2.Data.csproj]
C:\Program Files\dotnet\sdk\10.0.201\Microsoft.Common.CurrentVersion.targets(2451,5): warning MSB3245: Could not resolve this reference. Could not locate the assembly "System.Data.DataSetExtensions". Check to make sure the assembly exists on disk. If this reference is required by your code, you may get compilation errors. [C:\Users\ultra\warewolf\Dev\Dev2.Data\Dev2.Data.csproj]
C:\Program Files\dotnet\sdk\10.0.201\Microsoft.Common.CurrentVersion.targets(2451,5): warning MSB3245: Could not resolve this reference. Could not locate the assembly "Microsoft.CSharp". Check to make sure the assembly exists on disk. If this reference is required by your code, you may get compilation errors. [C:\Users\ultra\warewolf\Dev\Dev2.Data\Dev2.Data.csproj]
C:\Program Files\dotnet\sdk\10.0.201\Microsoft.Common.CurrentVersion.targets(2451,5): warning MSB3245: Could not resolve this reference. Could not locate the assembly "System.Data". Check to make sure the assembly exists on disk. If this reference is required by your code, you may get compilation errors. [C:\Users\ultra\warewolf\Dev\Dev2.Data\Dev2.Data.csproj]
C:\Program Files\dotnet\sdk\10.0.201\Microsoft.Common.CurrentVersion.targets(2451,5): warning MSB3245: Could not resolve this reference. Could not locate the assembly "System.Xml". Check to make sure the assembly exists on disk. If this reference is required by your code, you may get compilation errors. [C:\Users\ultra\warewolf\Dev\Dev2.Data\Dev2.Data.csproj]
C:\Program Files\dotnet\sdk\10.0.201\Microsoft.Common.CurrentVersion.targets(2451,5): warning MSB3243: No way to resolve conflict between "System.Web, Version=4.0.0.0, Culture=neutral, PublicKeyToken=b03f5f7f11d50a3a" and "System.Web". Choosing "System.Web, Version=4.0.0.0, Culture=neutral, PublicKeyToken=b03f5f7f11d50a3a" arbitrarily. [C:\Users\ultra\warewolf\Dev\Dev2.Data\Dev2.Data.csproj]
C:\Program Files\dotnet\sdk\10.0.201\Microsoft.Common.CurrentVersion.targets(2451,5): warning MSB3243: No way to resolve conflict between "System.Xml.Linq, Version=4.0.0.0, Culture=neutral, PublicKeyToken=b77a5c561934e089" and "System.Xml.Linq". Choosing "System.Xml.Linq, Version=4.0.0.0, Culture=neutral, PublicKeyToken=b77a5c561934e089" arbitrarily. [C:\Users\ultra\warewolf\Dev\Dev2.Data\Dev2.Data.csproj]
C:\Program Files\dotnet\sdk\10.0.201\Microsoft.Common.CurrentVersion.targets(2451,5): warning MSB3243: No way to resolve conflict between "System.Data.DataSetExtensions, Version=8.0.0.0, Culture=neutral, PublicKeyToken=b77a5c561934e089" and "System.Data.DataSetExtensions". Choosing "System.Data.DataSetExtensions, Version=8.0.0.0, Culture=neutral, PublicKeyToken=b77a5c561934e089" arbitrarily. [C:\Users\ultra\warewolf\Dev\Dev2.Data\Dev2.Data.csproj]
C:\Program Files\dotnet\sdk\10.0.201\Microsoft.Common.CurrentVersion.targets(2451,5): warning MSB3243: No way to resolve conflict between "Microsoft.CSharp, Version=8.0.0.0, Culture=neutral, PublicKeyToken=b03f5f7f11d50a3a" and "Microsoft.CSharp". Choosing "Microsoft.CSharp, Version=8.0.0.0, Culture=neutral, PublicKeyToken=b03f5f7f11d50a3a" arbitrarily. [C:\Users\ultra\warewolf\Dev\Dev2.Data\Dev2.Data.csproj]
C:\Program Files\dotnet\sdk\10.0.201\Microsoft.Common.CurrentVersion.targets(2451,5): warning MSB3243: No way to resolve conflict between "System.Data, Version=4.0.0.0, Culture=neutral, PublicKeyToken=b77a5c561934e089" and "System.Data". Choosing "System.Data, Version=4.0.0.0, Culture=neutral, PublicKeyToken=b77a5c561934e089" arbitrarily. [C:\Users\ultra\warewolf\Dev\Dev2.Data\Dev2.Data.csproj]
C:\Program Files\dotnet\sdk\10.0.201\Microsoft.Common.CurrentVersion.targets(2451,5): warning MSB3243: No way to resolve conflict between "System.Xml, Version=4.0.0.0, Culture=neutral, PublicKeyToken=b77a5c561934e089" and "System.Xml". Choosing "System.Xml, Version=4.0.0.0, Culture=neutral, PublicKeyToken=b77a5c561934e089" arbitrarily. [C:\Users\ultra\warewolf\Dev\Dev2.Data\Dev2.Data.csproj]
CSC : warning CS2002: Source file 'C:\Users\ultra\warewolf\Dev\Dev2.Data\MathOperations\NCalc\NCalcExpressionBuilder.cs' specified multiple times [C:\Users\ultra\warewolf\Dev\Dev2.Data\Dev2.Data.csproj]
CSC : warning CS2002: Source file 'C:\Users\ultra\warewolf\Dev\Dev2.Data\MathOperations\NCalc\NCalcFunctionArgHelper.cs' specified multiple times [C:\Users\ultra\warewolf\Dev\Dev2.Data\Dev2.Data.csproj]
CSC : warning CS2002: Source file 'C:\Users\ultra\warewolf\Dev\Dev2.Data\MathOperations\NCalc\Functions\BaseConversionFunctions.cs' specified multiple times [C:\Users\ultra\warewolf\Dev\Dev2.Data\Dev2.Data.csproj]
CSC : warning CS2002: Source file 'C:\Users\ultra\warewolf\Dev\Dev2.Data\MathOperations\NCalc\Functions\ComplexFunctions.cs' specified multiple times [C:\Users\ultra\warewolf\Dev\Dev2.Data\Dev2.Data.csproj]
CSC : warning CS2002: Source file 'C:\Users\ultra\warewolf\Dev\Dev2.Data\MathOperations\NCalc\Functions\DateTimeFunctions.cs' specified multiple times [C:\Users\ultra\warewolf\Dev\Dev2.Data\Dev2.Data.csproj]
CSC : warning CS2002: Source file 'C:\Users\ultra\warewolf\Dev\Dev2.Data\MathOperations\NCalc\Functions\FinancialFunctions.cs' specified multiple times [C:\Users\ultra\warewolf\Dev\Dev2.Data\Dev2.Data.csproj]
CSC : warning CS2002: Source file 'C:\Users\ultra\warewolf\Dev\Dev2.Data\MathOperations\NCalc\Functions\InformationFunctions.cs' specified multiple times [C:\Users\ultra\warewolf\Dev\Dev2.Data\Dev2.Data.csproj]
CSC : warning CS2002: Source file 'C:\Users\ultra\warewolf\Dev\Dev2.Data\MathOperations\NCalc\Functions\MathFunctions.cs' specified multiple times [C:\Users\ultra\warewolf\Dev\Dev2.Data\Dev2.Data.csproj]
CSC : warning CS2002: Source file 'C:\Users\ultra\warewolf\Dev\Dev2.Data\MathOperations\NCalc\Functions\StringFunctions.cs' specified multiple times [C:\Users\ultra\warewolf\Dev\Dev2.Data\Dev2.Data.csproj]
C:\Users\ultra\warewolf\Dev\Dev2.Data\MathOperations\NCalc\Functions\MathFunctions.cs(22,30): warning CS8632: The annotation for nullable reference types should only be used in code within a '#nullable' annotations context. [C:\Users\ultra\warewolf\Dev\Dev2.Data\Dev2.Data.csproj]
C:\Users\ultra\warewolf\Dev\Dev2.Data\MathOperations\NCalc\NCalcFunctionArgHelper.cs(51,47): warning CS8632: The annotation for nullable reference types should only be used in code within a '#nullable' annotations context. [C:\Users\ultra\warewolf\Dev\Dev2.Data\Dev2.Data.csproj]
C:\Users\ultra\warewolf\Dev\Dev2.Data\MathOperations\NCalc\Functions\StringFunctions.cs(94,59): warning CS8632: The annotation for nullable reference types should only be used in code within a '#nullable' annotations context. [C:\Users\ultra\warewolf\Dev\Dev2.Data\Dev2.Data.csproj]
C:\Users\ultra\warewolf\Dev\Dev2.Data\NativeMethods.cs(66,59): warning CS0472: The result of the expression is always 'false' since a value of type 'nint' is never equal to 'null' of type 'nint?' [C:\Users\ultra\warewolf\Dev\Dev2.Data\Dev2.Data.csproj]
C:\Users\ultra\warewolf\Dev\Dev2.Data\NativeMethods.cs(88,8): warning CS0472: The result of the expression is always 'false' since a value of type 'nint' is never equal to 'null' of type 'nint?' [C:\Users\ultra\warewolf\Dev\Dev2.Data\Dev2.Data.csproj]
C:\Users\ultra\warewolf\Dev\Dev2.Data\Security\WindowsIdentityExtensions.cs(28,17): warning CA1416: This call site is reachable on all platforms. 'WindowsIdentity.RunImpersonated(SafeAccessTokenHandle, Action)' is only supported on: 'windows'. (https://learn.microsoft.com/dotnet/fundamentals/code-analysis/quality-rules/ca1416) [C:\Users\ultra\warewolf\Dev\Dev2.Data\Dev2.Data.csproj]
C:\Users\ultra\warewolf\Dev\Dev2.Data\Security\WindowsIdentityExtensions.cs(41,24): warning CA1416: This call site is reachable on all platforms. 'WindowsIdentity.RunImpersonated<T>(SafeAccessTokenHandle, Func<T>)' is only supported on: 'windows'. (https://learn.microsoft.com/dotnet/fundamentals/code-analysis/quality-rules/ca1416) [C:\Users\ultra\warewolf\Dev\Dev2.Data\Dev2.Data.csproj]
C:\Users\ultra\warewolf\Dev\Dev2.Data\Security\WindowsIdentityExtensions.cs(28,49): warning CA1416: This call site is reachable on all platforms. 'WindowsIdentity.AccessToken' is only supported on: 'windows'. (https://learn.microsoft.com/dotnet/fundamentals/code-analysis/quality-rules/ca1416) [C:\Users\ultra\warewolf\Dev\Dev2.Data\Dev2.Data.csproj]
C:\Users\ultra\warewolf\Dev\Dev2.Data\Security\WindowsIdentityExtensions.cs(41,59): warning CA1416: This call site is reachable on all platforms. 'WindowsIdentity.AccessToken' is only supported on: 'windows'. (https://learn.microsoft.com/dotnet/fundamentals/code-analysis/quality-rules/ca1416) [C:\Users\ultra\warewolf\Dev\Dev2.Data\Dev2.Data.csproj]
C:\Users\ultra\warewolf\Dev\Dev2.Data\PathOperations\ValidateAuthorization.cs(73,33): warning CA1416: This call site is reachable on all platforms. 'WindowsIdentity' is only supported on: 'windows'. (https://learn.microsoft.com/dotnet/fundamentals/code-analysis/quality-rules/ca1416) [C:\Users\ultra\warewolf\Dev\Dev2.Data\Dev2.Data.csproj]
  Dev2.Data -> C:\Users\ultra\warewolf\Dev\Dev2.Data\bin\Debug\net8.0\Dev2.Data.dll
  Dev2.Core -> C:\Users\ultra\warewolf\Dev\Dev2.Core\bin\Debug\net8.0\Dev2.Core.dll
  Warewolf.Exchange.Email.Wrapper -> C:\Users\ultra\warewolf\Dev\Warewolf.Exchange.Email.Wrapper\bin\Debug\net8.0\Warewolf.Exchange.Email.Wrapper.dll
C:\Users\ultra\warewolf\Dev\Warewolf.Core\InputsFromJson.cs(99,21): warning CC0105: Use 'var' instead of specifying the type name. (https://code-cracker.github.io/diagnostics/CC0105.html) [C:\Users\ultra\warewolf\Dev\Warewolf.Core\Warewolf.Core.csproj]
  Warewolf.Core -> C:\Users\ultra\warewolf\Dev\Warewolf.Core\bin\Debug\net8.0\Warewolf.Core.dll
  Dev2.Scheduler -> C:\Users\ultra\warewolf\Dev\Dev2.Scheduler\bin\Debug\net8.0\Dev2.Scheduler.dll
  Warewolf.Driver.Serilog -> C:\Users\ultra\warewolf\Dev\Warewolf.Driver.Serilog\bin\Debug\net8.0\Warewolf.Driver.Serilog.dll
  Warewolf.ResourceManagement -> C:\Users\ultra\warewolf\Dev\Warewolf.ResourceManagement\bin\Debug\net8.0\Warewolf.ResourceManagement.dll
C:\Users\ultra\warewolf\Dev\Warewolf.Auditing\Audit.cs(189,26): warning CS8073: The result of the expression is always 'false' since a value of type 'DateTime' is never equal to 'null' of type 'DateTime?' [C:\Users\ultra\warewolf\Dev\Warewolf.Auditing\Warewolf.Auditing.csproj]
C:\Users\ultra\warewolf\Dev\Warewolf.Auditing\Drivers\AuditQueryableElastic.cs(360,33): warning CS0618: 'ElasticsearchClient.Search<TDocument>(SearchRequestDescriptor<TDocument>)' is obsolete: 'Synchronous methods are deprecated and could be removed in the future.' [C:\Users\ultra\warewolf\Dev\Warewolf.Auditing\Warewolf.Auditing.csproj]
C:\Users\ultra\warewolf\Dev\Warewolf.Auditing\Drivers\AuditQueryableElastic.cs(384,26): warning CS0618: 'ElasticsearchClient.Ping()' is obsolete: 'Synchronous methods are deprecated and could be removed in the future.' [C:\Users\ultra\warewolf\Dev\Warewolf.Auditing\Warewolf.Auditing.csproj]
  Warewolf.Auditing -> C:\Users\ultra\warewolf\Dev\Warewolf.Auditing\bin\Debug\net8.0\Warewolf.Auditing.dll
C:\Users\ultra\warewolf\Dev\Warewolf.Common.NetStandard20\Wrappers\WebRequestWrapper.cs(26,24): warning SYSLIB0014: 'WebRequest.Create(string)' is obsolete: 'WebRequest, HttpWebRequest, ServicePoint, and WebClient are obsolete. Use HttpClient instead.' (https://aka.ms/dotnet-warnings/SYSLIB0014) [C:\Users\ultra\warewolf\Dev\Warewolf.Common.NetStandard20\Warewolf.Common.NetStandard20.csproj]
C:\Users\ultra\warewolf\Dev\Warewolf.Common.NetStandard20\Wrappers\WebClientWrapper.cs(26,26): warning SYSLIB0014: 'WebClient.WebClient()' is obsolete: 'WebRequest, HttpWebRequest, ServicePoint, and WebClient are obsolete. Use HttpClient instead.' (https://aka.ms/dotnet-warnings/SYSLIB0014) [C:\Users\ultra\warewolf\Dev\Warewolf.Common.NetStandard20\Warewolf.Common.NetStandard20.csproj]
C:\Users\ultra\warewolf\Dev\Warewolf.Common.NetStandard20\Wrappers\WebClientWrapper.cs(31,26): warning SYSLIB0014: 'WebClient.WebClient()' is obsolete: 'WebRequest, HttpWebRequest, ServicePoint, and WebClient are obsolete. Use HttpClient instead.' (https://aka.ms/dotnet-warnings/SYSLIB0014) [C:\Users\ultra\warewolf\Dev\Warewolf.Common.NetStandard20\Warewolf.Common.NetStandard20.csproj]
  Warewolf.Common.NetStandard20 -> C:\Users\ultra\warewolf\Dev\Warewolf.Common.NetStandard20\bin\Debug\net8.0\Warewolf.Common.NetStandard20.dll
C:\Users\ultra\warewolf\Dev\Dev2.Runtime.Services\ServiceModel\ElasticsearchSources.cs(110,34): warning CS0618: 'ElasticsearchClient.Ping()' is obsolete: 'Synchronous methods are deprecated and could be removed in the future.' [C:\Users\ultra\warewolf\Dev\Dev2.Runtime.Services\Dev2.Runtime.Services.csproj]
C:\Users\ultra\warewolf\Dev\Dev2.Runtime.Services\ESB\Management\Services\FetchTestsAndTriggers.cs(45,17): warning CC0105: Use 'var' instead of specifying the type name. (https://code-cracker.github.io/diagnostics/CC0105.html) [C:\Users\ultra\warewolf\Dev\Dev2.Runtime.Services\Dev2.Runtime.Services.csproj]
C:\Users\ultra\warewolf\Dev\Dev2.Runtime.Services\UsageLogger.cs(66,33): warning CC0022: ManagementObjectSearcher should be disposed. (https://code-cracker.github.io/diagnostics/CC0022.html) [C:\Users\ultra\warewolf\Dev\Dev2.Runtime.Services\Dev2.Runtime.Services.csproj]
C:\Users\ultra\warewolf\Dev\Dev2.Runtime.Services\ESB\Management\Services\ChatbotToolNormalizer.cs(80,17): warning CC0003: Consider adding an Exception to the catch. (https://code-cracker.github.io/diagnostics/CC0003.html) [C:\Users\ultra\warewolf\Dev\Dev2.Runtime.Services\Dev2.Runtime.Services.csproj]
C:\Users\ultra\warewolf\Dev\Dev2.Runtime.Services\ESB\Management\Services\ChatbotToolNormalizer.cs(101,21): warning CC0004: Empty Catch Block. (https://code-cracker.github.io/diagnostics/CC0004.html) [C:\Users\ultra\warewolf\Dev\Dev2.Runtime.Services\Dev2.Runtime.Services.csproj]
C:\Users\ultra\warewolf\Dev\Dev2.Runtime.Services\ESB\Management\Services\TestChatbotSource.cs(44,17): warning CC0105: Use 'var' instead of specifying the type name. (https://code-cracker.github.io/diagnostics/CC0105.html) [C:\Users\ultra\warewolf\Dev\Dev2.Runtime.Services\Dev2.Runtime.Services.csproj]
C:\Users\ultra\warewolf\Dev\Dev2.Runtime.Services\ESB\Management\Services\TestChatbotSource.cs(45,17): warning CC0105: Use 'var' instead of specifying the type name. (https://code-cracker.github.io/diagnostics/CC0105.html) [C:\Users\ultra\warewolf\Dev\Dev2.Runtime.Services\Dev2.Runtime.Services.csproj]
C:\Users\ultra\warewolf\Dev\Dev2.Runtime.Services\ESB\Management\Services\ChatbotToolNormalizer.cs(226,21): warning CC0105: Use 'var' instead of specifying the type name. (https://code-cracker.github.io/diagnostics/CC0105.html) [C:\Users\ultra\warewolf\Dev\Dev2.Runtime.Services\Dev2.Runtime.Services.csproj]
C:\Users\ultra\warewolf\Dev\Dev2.Runtime.Services\ESB\Management\Services\ChatbotToolNormalizer.cs(279,21): warning CC0105: Use 'var' instead of specifying the type name. (https://code-cracker.github.io/diagnostics/CC0105.html) [C:\Users\ultra\warewolf\Dev\Dev2.Runtime.Services\Dev2.Runtime.Services.csproj]
C:\Users\ultra\warewolf\Dev\Dev2.Runtime.Services\ServiceModel\WebSources.cs(532,7): warning CC0004: Empty Catch Block. (https://code-cracker.github.io/diagnostics/CC0004.html) [C:\Users\ultra\warewolf\Dev\Dev2.Runtime.Services\Dev2.Runtime.Services.csproj]
C:\Users\ultra\warewolf\Dev\Dev2.Runtime.Services\ServiceModel\WebSources.cs(751,38): warning CC0022: StringContent should be disposed. (https://code-cracker.github.io/diagnostics/CC0022.html) [C:\Users\ultra\warewolf\Dev\Dev2.Runtime.Services\Dev2.Runtime.Services.csproj]
  Dev2.Runtime.Services -> C:\Users\ultra\warewolf\Dev\Dev2.Runtime.Services\bin\Debug\net8.0\Dev2.Runtime.Services.dll
C:\Users\ultra\warewolf\Dev\Warewolf.Driver.Persistence\Drivers\HangfireScheduler.cs(376,17): warning CA2200: Re-throwing caught exception changes stack information (https://learn.microsoft.com/dotnet/fundamentals/code-analysis/quality-rules/ca2200) [C:\Users\ultra\warewolf\Dev\Warewolf.Driver.Persistence\Warewolf.Driver.Persistence.csproj]
C:\Users\ultra\warewolf\Dev\Warewolf.Driver.Persistence\Drivers\HangfireScheduler.cs(397,17): warning CA2200: Re-throwing caught exception changes stack information (https://learn.microsoft.com/dotnet/fundamentals/code-analysis/quality-rules/ca2200) [C:\Users\ultra\warewolf\Dev\Warewolf.Driver.Persistence\Warewolf.Driver.Persistence.csproj]
C:\Users\ultra\warewolf\Dev\Warewolf.Driver.Persistence\Drivers\HangfireScheduler.cs(320,17): warning CA2200: Re-throwing caught exception changes stack information (https://learn.microsoft.com/dotnet/fundamentals/code-analysis/quality-rules/ca2200) [C:\Users\ultra\warewolf\Dev\Warewolf.Driver.Persistence\Warewolf.Driver.Persistence.csproj]
  Warewolf.Driver.Persistence -> C:\Users\ultra\warewolf\Dev\Warewolf.Driver.Persistence\bin\Debug\net8.0\Warewolf.Driver.Persistence.dll
  Dev2.Studio.Interfaces -> C:\Users\ultra\warewolf\Dev\Dev2.Studio.Interfaces\bin\Debug\net8.0\Dev2.Studio.Interfaces.dll
  Dev2.Services.Execution -> C:\Users\ultra\warewolf\Dev\Dev2.Services.Execution\bin\Debug\net8.0\Dev2.Services.Execution.dll
C:\Program Files\dotnet\sdk\10.0.201\Microsoft.Common.CurrentVersion.targets(2451,5): warning MSB3277: Found conflicts between different versions of "Microsoft.Win32.SystemEvents" that could not be resolved. [C:\Users\ultra\warewolf\Dev\Warewolf.Studio.Core\Warewolf.Studio.Core.csproj]
C:\Program Files\dotnet\sdk\10.0.201\Microsoft.Common.CurrentVersion.targets(2451,5): warning MSB3277: There was a conflict between "Microsoft.Win32.SystemEvents, Version=6.0.0.0, Culture=neutral, PublicKeyToken=cc7b13ffcd2ddd51" and "Microsoft.Win32.SystemEvents, Version=7.0.0.0, Culture=neutral, PublicKeyToken=cc7b13ffcd2ddd51". [C:\Users\ultra\warewolf\Dev\Warewolf.Studio.Core\Warewolf.Studio.Core.csproj]
C:\Program Files\dotnet\sdk\10.0.201\Microsoft.Common.CurrentVersion.targets(2451,5): warning MSB3277:     "Microsoft.Win32.SystemEvents, Version=6.0.0.0, Culture=neutral, PublicKeyToken=cc7b13ffcd2ddd51" was chosen because it was primary and "Microsoft.Win32.SystemEvents, Version=7.0.0.0, Culture=neutral, PublicKeyToken=cc7b13ffcd2ddd51" was not. [C:\Users\ultra\warewolf\Dev\Warewolf.Studio.Core\Warewolf.Studio.Core.csproj]
C:\Program Files\dotnet\sdk\10.0.201\Microsoft.Common.CurrentVersion.targets(2451,5): warning MSB3277:     References which depend on "Microsoft.Win32.SystemEvents, Version=6.0.0.0, Culture=neutral, PublicKeyToken=cc7b13ffcd2ddd51" [C:\Users\ultra\.nuget\packages\microsoft.win32.systemevents\6.0.0\lib\net6.0\Microsoft.Win32.SystemEvents.dll]. [C:\Users\ultra\warewolf\Dev\Warewolf.Studio.Core\Warewolf.Studio.Core.csproj]
C:\Program Files\dotnet\sdk\10.0.201\Microsoft.Common.CurrentVersion.targets(2451,5): warning MSB3277:         C:\Users\ultra\.nuget\packages\microsoft.win32.systemevents\6.0.0\lib\net6.0\Microsoft.Win32.SystemEvents.dll [C:\Users\ultra\warewolf\Dev\Warewolf.Studio.Core\Warewolf.Studio.Core.csproj]
C:\Program Files\dotnet\sdk\10.0.201\Microsoft.Common.CurrentVersion.targets(2451,5): warning MSB3277:           Project file item includes which caused reference "C:\Users\ultra\.nuget\packages\microsoft.win32.systemevents\6.0.0\lib\net6.0\Microsoft.Win32.SystemEvents.dll". [C:\Users\ultra\warewolf\Dev\Warewolf.Studio.Core\Warewolf.Studio.Core.csproj]
C:\Program Files\dotnet\sdk\10.0.201\Microsoft.Common.CurrentVersion.targets(2451,5): warning MSB3277:             C:\Users\ultra\.nuget\packages\microsoft.win32.systemevents\6.0.0\lib\net6.0\Microsoft.Win32.SystemEvents.dll [C:\Users\ultra\warewolf\Dev\Warewolf.Studio.Core\Warewolf.Studio.Core.csproj]
C:\Program Files\dotnet\sdk\10.0.201\Microsoft.Common.CurrentVersion.targets(2451,5): warning MSB3277:     References which depend on or have been unified to "Microsoft.Win32.SystemEvents, Version=7.0.0.0, Culture=neutral, PublicKeyToken=cc7b13ffcd2ddd51" []. [C:\Users\ultra\warewolf\Dev\Warewolf.Studio.Core\Warewolf.Studio.Core.csproj]
C:\Program Files\dotnet\sdk\10.0.201\Microsoft.Common.CurrentVersion.targets(2451,5): warning MSB3277:         C:\Users\ultra\warewolf\Dev\Dev2.Common\bin\Debug\net8.0\Dev2.Common.dll [C:\Users\ultra\warewolf\Dev\Warewolf.Studio.Core\Warewolf.Studio.Core.csproj]
C:\Program Files\dotnet\sdk\10.0.201\Microsoft.Common.CurrentVersion.targets(2451,5): warning MSB3277:           Project file item includes which caused reference "C:\Users\ultra\warewolf\Dev\Dev2.Common\bin\Debug\net8.0\Dev2.Common.dll". [C:\Users\ultra\warewolf\Dev\Warewolf.Studio.Core\Warewolf.Studio.Core.csproj]
C:\Program Files\dotnet\sdk\10.0.201\Microsoft.Common.CurrentVersion.targets(2451,5): warning MSB3277:             C:\Users\ultra\warewolf\Dev\Dev2.Common\bin\Debug\net8.0\Dev2.Common.dll [C:\Users\ultra\warewolf\Dev\Warewolf.Studio.Core\Warewolf.Studio.Core.csproj]
C:\Program Files\dotnet\sdk\10.0.201\Microsoft.Common.CurrentVersion.targets(2451,5): warning MSB3277:             C:\Users\ultra\warewolf\Dev\Dev2.Core\bin\Debug\net8.0\Dev2.Core.dll [C:\Users\ultra\warewolf\Dev\Warewolf.Studio.Core\Warewolf.Studio.Core.csproj]
C:\Program Files\dotnet\sdk\10.0.201\Microsoft.Common.CurrentVersion.targets(2451,5): warning MSB3277:             C:\Users\ultra\warewolf\Dev\Dev2.Infrastructure\bin\Debug\net8.0\Dev2.Infrastructure.dll [C:\Users\ultra\warewolf\Dev\Warewolf.Studio.Core\Warewolf.Studio.Core.csproj]
C:\Program Files\dotnet\sdk\10.0.201\Microsoft.Common.CurrentVersion.targets(2451,5): warning MSB3277:             C:\Users\ultra\warewolf\Dev\Dev2.Studio.Interfaces\bin\Debug\net8.0\Dev2.Studio.Interfaces.dll [C:\Users\ultra\warewolf\Dev\Warewolf.Studio.Core\Warewolf.Studio.Core.csproj]
C:\Program Files\dotnet\sdk\10.0.201\Microsoft.Common.CurrentVersion.targets(2451,5): warning MSB3277:             C:\Users\ultra\warewolf\Dev\Dev2.Data\bin\Debug\net8.0\Dev2.Data.dll [C:\Users\ultra\warewolf\Dev\Warewolf.Studio.Core\Warewolf.Studio.Core.csproj]
C:\Program Files\dotnet\sdk\10.0.201\Microsoft.Common.CurrentVersion.targets(2451,5): warning MSB3277:             C:\Users\ultra\warewolf\Dev\Dev2.Diagnostics\bin\Debug\net8.0\Dev2.Diagnostics.dll [C:\Users\ultra\warewolf\Dev\Warewolf.Studio.Core\Warewolf.Studio.Core.csproj]
C:\Program Files\dotnet\sdk\10.0.201\Microsoft.Common.CurrentVersion.targets(2451,5): warning MSB3277:             C:\Users\ultra\warewolf\Dev\Dev2.Runtime.Services\bin\Debug\net8.0\Dev2.Runtime.Services.dll [C:\Users\ultra\warewolf\Dev\Warewolf.Studio.Core\Warewolf.Studio.Core.csproj]
C:\Program Files\dotnet\sdk\10.0.201\Microsoft.Common.CurrentVersion.targets(2451,5): warning MSB3277:             C:\Users\ultra\warewolf\Dev\Dev2.Scheduler\bin\Debug\net8.0\Dev2.Scheduler.dll [C:\Users\ultra\warewolf\Dev\Warewolf.Studio.Core\Warewolf.Studio.Core.csproj]
C:\Program Files\dotnet\sdk\10.0.201\Microsoft.Common.CurrentVersion.targets(2451,5): warning MSB3277:             C:\Users\ultra\warewolf\Dev\Dev2.Services.Sql\bin\Debug\net8.0\Dev2.Services.Sql.dll [C:\Users\ultra\warewolf\Dev\Warewolf.Studio.Core\Warewolf.Studio.Core.csproj]
C:\Program Files\dotnet\sdk\10.0.201\Microsoft.Common.CurrentVersion.targets(2451,5): warning MSB3277:             C:\Users\ultra\warewolf\Dev\Dev2.TaskScheduler.Wrappers\bin\Debug\net8.0\Dev2.TaskScheduler.Wrappers.dll [C:\Users\ultra\warewolf\Dev\Warewolf.Studio.Core\Warewolf.Studio.Core.csproj]
C:\Program Files\dotnet\sdk\10.0.201\Microsoft.Common.CurrentVersion.targets(2451,5): warning MSB3277:             C:\Users\ultra\warewolf\Dev\Dev2.Util\bin\Debug\net8.0\Dev2.Util.dll [C:\Users\ultra\warewolf\Dev\Warewolf.Studio.Core\Warewolf.Studio.Core.csproj]
C:\Program Files\dotnet\sdk\10.0.201\Microsoft.Common.CurrentVersion.targets(2451,5): warning MSB3277:             C:\Users\ultra\warewolf\Dev\Warewolf.AI.Harness\bin\Debug\net8.0\Warewolf.AI.Harness.dll [C:\Users\ultra\warewolf\Dev\Warewolf.Studio.Core\Warewolf.Studio.Core.csproj]
C:\Program Files\dotnet\sdk\10.0.201\Microsoft.Common.CurrentVersion.targets(2451,5): warning MSB3277:             C:\Users\ultra\warewolf\Dev\Warewolf.Auditing\bin\Debug\net8.0\Warewolf.Auditing.dll [C:\Users\ultra\warewolf\Dev\Warewolf.Studio.Core\Warewolf.Studio.Core.csproj]
C:\Program Files\dotnet\sdk\10.0.201\Microsoft.Common.CurrentVersion.targets(2451,5): warning MSB3277:             C:\Users\ultra\warewolf\Dev\Warewolf.Common.NetStandard20\bin\Debug\net8.0\Warewolf.Common.NetStandard20.dll [C:\Users\ultra\warewolf\Dev\Warewolf.Studio.Core\Warewolf.Studio.Core.csproj]
C:\Program Files\dotnet\sdk\10.0.201\Microsoft.Common.CurrentVersion.targets(2451,5): warning MSB3277:             C:\Users\ultra\warewolf\Dev\Warewolf.Core\bin\Debug\net8.0\Warewolf.Core.dll [C:\Users\ultra\warewolf\Dev\Warewolf.Studio.Core\Warewolf.Studio.Core.csproj]
C:\Program Files\dotnet\sdk\10.0.201\Microsoft.Common.CurrentVersion.targets(2451,5): warning MSB3277:             C:\Users\ultra\warewolf\Dev\Warewolf.Driver.Serilog\bin\Debug\net8.0\Warewolf.Driver.Serilog.dll [C:\Users\ultra\warewolf\Dev\Warewolf.Studio.Core\Warewolf.Studio.Core.csproj]
C:\Program Files\dotnet\sdk\10.0.201\Microsoft.Common.CurrentVersion.targets(2451,5): warning MSB3277:             C:\Users\ultra\warewolf\Dev\Warewolf.ResourceManagement\bin\Debug\net8.0\Warewolf.ResourceManagement.dll [C:\Users\ultra\warewolf\Dev\Warewolf.Studio.Core\Warewolf.Studio.Core.csproj]
C:\Program Files\dotnet\sdk\10.0.201\Microsoft.Common.CurrentVersion.targets(2451,5): warning MSB3277:             C:\Users\ultra\warewolf\Dev\Warewolf.Sharepoint\bin\Debug\net8.0\Warewolf.Sharepoint.dll [C:\Users\ultra\warewolf\Dev\Warewolf.Studio.Core\Warewolf.Studio.Core.csproj]
C:\Program Files\dotnet\sdk\10.0.201\Microsoft.Common.CurrentVersion.targets(2451,5): warning MSB3277:             C:\Users\ultra\warewolf\Dev\Warewolf.Storage\bin\Debug\net8.0\Warewolf.Storage.dll [C:\Users\ultra\warewolf\Dev\Warewolf.Studio.Core\Warewolf.Studio.Core.csproj]
C:\Program Files\dotnet\sdk\10.0.201\Microsoft.Common.CurrentVersion.targets(2451,5): warning MSB3277:         C:\Users\ultra\warewolf\Dev\Binaries\Infragistcs_Net6\InfragisticsWPF4.v15.1.dll [C:\Users\ultra\warewolf\Dev\Warewolf.Studio.Core\Warewolf.Studio.Core.csproj]
C:\Program Files\dotnet\sdk\10.0.201\Microsoft.Common.CurrentVersion.targets(2451,5): warning MSB3277:           Project file item includes which caused reference "C:\Users\ultra\warewolf\Dev\Binaries\Infragistcs_Net6\InfragisticsWPF4.v15.1.dll". [C:\Users\ultra\warewolf\Dev\Warewolf.Studio.Core\Warewolf.Studio.Core.csproj]
C:\Program Files\dotnet\sdk\10.0.201\Microsoft.Common.CurrentVersion.targets(2451,5): warning MSB3277:             InfragisticsWPF4.v15.1, Version=15.1.20151.2055, Culture=neutral, PublicKeyToken=7dd5c3163f2cd0cb, processorArchitecture=MSIL [C:\Users\ultra\warewolf\Dev\Warewolf.Studio.Core\Warewolf.Studio.Core.csproj]
C:\Program Files\dotnet\sdk\10.0.201\Microsoft.Common.CurrentVersion.targets(2451,5): warning MSB3277:             InfragisticsWPF4.Controls.Menus.XamDataTree.v15.1, Version=15.1.20151.2055, Culture=neutral, PublicKeyToken=7dd5c3163f2cd0cb, processorArchitecture=MSIL [C:\Users\ultra\warewolf\Dev\Warewolf.Studio.Core\Warewolf.Studio.Core.csproj]
C:\Program Files\dotnet\sdk\10.0.201\Microsoft.Common.CurrentVersion.targets(2451,5): warning MSB3277:             InfragisticsWPF4.DataManager.v15.1, Version=15.1.20151.2055, Culture=neutral, PublicKeyToken=7dd5c3163f2cd0cb, processorArchitecture=MSIL [C:\Users\ultra\warewolf\Dev\Warewolf.Studio.Core\Warewolf.Studio.Core.csproj]
C:\Program Files\dotnet\sdk\10.0.201\Microsoft.Common.CurrentVersion.targets(2451,5): warning MSB3277:             InfragisticsWPF4.DockManager.v15.1, Version=15.1.20151.2055, Culture=neutral, PublicKeyToken=7dd5c3163f2cd0cb, processorArchitecture=MSIL [C:\Users\ultra\warewolf\Dev\Warewolf.Studio.Core\Warewolf.Studio.Core.csproj]
C:\Program Files\dotnet\sdk\10.0.201\Microsoft.Common.CurrentVersion.targets(2451,5): warning MSB3277:         C:\Users\ultra\.nuget\packages\timespan2\2.4.2\lib\netcoreapp3.1\TimeSpan2.dll [C:\Users\ultra\warewolf\Dev\Warewolf.Studio.Core\Warewolf.Studio.Core.csproj]
C:\Program Files\dotnet\sdk\10.0.201\Microsoft.Common.CurrentVersion.targets(2451,5): warning MSB3277:           Project file item includes which caused reference "C:\Users\ultra\.nuget\packages\timespan2\2.4.2\lib\netcoreapp3.1\TimeSpan2.dll". [C:\Users\ultra\warewolf\Dev\Warewolf.Studio.Core\Warewolf.Studio.Core.csproj]
C:\Program Files\dotnet\sdk\10.0.201\Microsoft.Common.CurrentVersion.targets(2451,5): warning MSB3277:             C:\Users\ultra\.nuget\packages\timespan2\2.4.2\lib\netcoreapp3.1\TimeSpan2.dll [C:\Users\ultra\warewolf\Dev\Warewolf.Studio.Core\Warewolf.Studio.Core.csproj]
C:\Program Files\dotnet\sdk\10.0.201\Microsoft.Common.CurrentVersion.targets(2451,5): warning MSB3277:             C:\Users\ultra\.nuget\packages\taskschedulereditor\2.10.1\lib\net452\Microsoft.Win32.TaskSchedulerEditor.dll [C:\Users\ultra\warewolf\Dev\Warewolf.Studio.Core\Warewolf.Studio.Core.csproj]
C:\Program Files\dotnet\sdk\10.0.201\Microsoft.Common.CurrentVersion.targets(2451,5): warning MSB3277:         C:\Program Files\dotnet\packs\Microsoft.NETCore.App.Ref\8.0.25\ref\net8.0\System.dll [C:\Users\ultra\warewolf\Dev\Warewolf.Studio.Core\Warewolf.Studio.Core.csproj]
C:\Program Files\dotnet\sdk\10.0.201\Microsoft.Common.CurrentVersion.targets(2451,5): warning MSB3277:           Project file item includes which caused reference "C:\Program Files\dotnet\packs\Microsoft.NETCore.App.Ref\8.0.25\ref\net8.0\System.dll". [C:\Users\ultra\warewolf\Dev\Warewolf.Studio.Core\Warewolf.Studio.Core.csproj]
C:\Program Files\dotnet\sdk\10.0.201\Microsoft.Common.CurrentVersion.targets(2451,5): warning MSB3277:             C:\Program Files\dotnet\packs\Microsoft.NETCore.App.Ref\8.0.25\ref/net8.0/System.dll [C:\Users\ultra\warewolf\Dev\Warewolf.Studio.Core\Warewolf.Studio.Core.csproj]
C:\Program Files\dotnet\sdk\10.0.201\Microsoft.Common.CurrentVersion.targets(2451,5): warning MSB3277:             C:\Users\ultra\.nuget\packages\aerowizard\2.3.1\lib\net45\AeroWizard.dll [C:\Users\ultra\warewolf\Dev\Warewolf.Studio.Core\Warewolf.Studio.Core.csproj]
C:\Program Files\dotnet\sdk\10.0.201\Microsoft.Common.CurrentVersion.targets(2451,5): warning MSB3277:             C:\Users\ultra\.nuget\packages\groupcontrols\1.9.0\lib\net45\GroupControls.dll [C:\Users\ultra\warewolf\Dev\Warewolf.Studio.Core\Warewolf.Studio.Core.csproj]
C:\Program Files\dotnet\sdk\10.0.201\Microsoft.Common.CurrentVersion.targets(2451,5): warning MSB3277:             C:\Users\ultra\.nuget\packages\microsoft.xaml.behaviors.wpf\1.1.122\lib\net462\Microsoft.Xaml.Behaviors.dll [C:\Users\ultra\warewolf\Dev\Warewolf.Studio.Core\Warewolf.Studio.Core.csproj]
C:\Program Files\dotnet\sdk\10.0.201\Microsoft.Common.CurrentVersion.targets(2451,5): warning MSB3277:             C:\Users\ultra\.nuget\packages\caliburn.micro\4.0.212\lib\netcoreapp3.1\Caliburn.Micro.Platform.dll [C:\Users\ultra\warewolf\Dev\Warewolf.Studio.Core\Warewolf.Studio.Core.csproj]
C:\Program Files\dotnet\sdk\10.0.201\Microsoft.Common.CurrentVersion.targets(2451,5): warning MSB3277:             C:\Users\ultra\.nuget\packages\prism.wpf\9.0.537\lib\net462\Prism.Wpf.dll [C:\Users\ultra\warewolf\Dev\Warewolf.Studio.Core\Warewolf.Studio.Core.csproj]
C:\Program Files\dotnet\sdk\10.0.201\Microsoft.Common.CurrentVersion.targets(2451,5): warning MSB3277:             C:\Users\ultra\.nuget\packages\reactiveui.wpf\18.4.1\lib\net462\ReactiveUI.Wpf.dll [C:\Users\ultra\warewolf\Dev\Warewolf.Studio.Core\Warewolf.Studio.Core.csproj]
C:\Program Files\dotnet\sdk\10.0.201\Microsoft.Common.CurrentVersion.targets(2451,5): warning MSB3277:             C:\Users\ultra\.nuget\packages\taskschedulereditor\2.10.1\lib\net452\Microsoft.Win32.TaskSchedulerEditor.dll [C:\Users\ultra\warewolf\Dev\Warewolf.Studio.Core\Warewolf.Studio.Core.csproj]
C:\Program Files\dotnet\sdk\10.0.201\Microsoft.Common.CurrentVersion.targets(2451,5): warning MSB3277:             C:\Users\ultra\.nuget\packages\ttcue.netcore.sharepointonline.csom.16.1.8029.1200\16.1.8029.1200\lib\netcoreapp2.0\Microsoft.SharePoint.Client.Runtime.Windows.dll [C:\Users\ultra\warewolf\Dev\Warewolf.Studio.Core\Warewolf.Studio.Core.csproj]
C:\Program Files\dotnet\sdk\10.0.201\Microsoft.Common.CurrentVersion.targets(2451,5): warning MSB3277: Found conflicts between different versions of "System.Security.Permissions" that could not be resolved. [C:\Users\ultra\warewolf\Dev\Warewolf.Studio.Core\Warewolf.Studio.Core.csproj]
C:\Program Files\dotnet\sdk\10.0.201\Microsoft.Common.CurrentVersion.targets(2451,5): warning MSB3277: There was a conflict between "System.Security.Permissions, Version=6.0.0.0, Culture=neutral, PublicKeyToken=cc7b13ffcd2ddd51" and "System.Security.Permissions, Version=7.0.0.0, Culture=neutral, PublicKeyToken=cc7b13ffcd2ddd51". [C:\Users\ultra\warewolf\Dev\Warewolf.Studio.Core\Warewolf.Studio.Core.csproj]
C:\Program Files\dotnet\sdk\10.0.201\Microsoft.Common.CurrentVersion.targets(2451,5): warning MSB3277:     "System.Security.Permissions, Version=6.0.0.0, Culture=neutral, PublicKeyToken=cc7b13ffcd2ddd51" was chosen because it was primary and "System.Security.Permissions, Version=7.0.0.0, Culture=neutral, PublicKeyToken=cc7b13ffcd2ddd51" was not. [C:\Users\ultra\warewolf\Dev\Warewolf.Studio.Core\Warewolf.Studio.Core.csproj]
C:\Program Files\dotnet\sdk\10.0.201\Microsoft.Common.CurrentVersion.targets(2451,5): warning MSB3277:     References which depend on "System.Security.Permissions, Version=6.0.0.0, Culture=neutral, PublicKeyToken=cc7b13ffcd2ddd51" [C:\Users\ultra\.nuget\packages\system.security.permissions\6.0.0\lib\net6.0\System.Security.Permissions.dll]. [C:\Users\ultra\warewolf\Dev\Warewolf.Studio.Core\Warewolf.Studio.Core.csproj]
C:\Program Files\dotnet\sdk\10.0.201\Microsoft.Common.CurrentVersion.targets(2451,5): warning MSB3277:         C:\Users\ultra\.nuget\packages\system.security.permissions\6.0.0\lib\net6.0\System.Security.Permissions.dll [C:\Users\ultra\warewolf\Dev\Warewolf.Studio.Core\Warewolf.Studio.Core.csproj]
C:\Program Files\dotnet\sdk\10.0.201\Microsoft.Common.CurrentVersion.targets(2451,5): warning MSB3277:           Project file item includes which caused reference "C:\Users\ultra\.nuget\packages\system.security.permissions\6.0.0\lib\net6.0\System.Security.Permissions.dll". [C:\Users\ultra\warewolf\Dev\Warewolf.Studio.Core\Warewolf.Studio.Core.csproj]
C:\Program Files\dotnet\sdk\10.0.201\Microsoft.Common.CurrentVersion.targets(2451,5): warning MSB3277:             C:\Users\ultra\.nuget\packages\system.security.permissions\6.0.0\lib\net6.0\System.Security.Permissions.dll [C:\Users\ultra\warewolf\Dev\Warewolf.Studio.Core\Warewolf.Studio.Core.csproj]
C:\Program Files\dotnet\sdk\10.0.201\Microsoft.Common.CurrentVersion.targets(2451,5): warning MSB3277:     References which depend on or have been unified to "System.Security.Permissions, Version=7.0.0.0, Culture=neutral, PublicKeyToken=cc7b13ffcd2ddd51" []. [C:\Users\ultra\warewolf\Dev\Warewolf.Studio.Core\Warewolf.Studio.Core.csproj]
C:\Program Files\dotnet\sdk\10.0.201\Microsoft.Common.CurrentVersion.targets(2451,5): warning MSB3277:         C:\Users\ultra\warewolf\Dev\Dev2.Data\bin\Debug\net8.0\Dev2.Data.dll [C:\Users\ultra\warewolf\Dev\Warewolf.Studio.Core\Warewolf.Studio.Core.csproj]
C:\Program Files\dotnet\sdk\10.0.201\Microsoft.Common.CurrentVersion.targets(2451,5): warning MSB3277:           Project file item includes which caused reference "C:\Users\ultra\warewolf\Dev\Dev2.Data\bin\Debug\net8.0\Dev2.Data.dll". [C:\Users\ultra\warewolf\Dev\Warewolf.Studio.Core\Warewolf.Studio.Core.csproj]
C:\Program Files\dotnet\sdk\10.0.201\Microsoft.Common.CurrentVersion.targets(2451,5): warning MSB3277:             C:\Users\ultra\warewolf\Dev\Dev2.Data\bin\Debug\net8.0\Dev2.Data.dll [C:\Users\ultra\warewolf\Dev\Warewolf.Studio.Core\Warewolf.Studio.Core.csproj]
C:\Program Files\dotnet\sdk\10.0.201\Microsoft.Common.CurrentVersion.targets(2451,5): warning MSB3277:             C:\Users\ultra\warewolf\Dev\Dev2.Core\bin\Debug\net8.0\Dev2.Core.dll [C:\Users\ultra\warewolf\Dev\Warewolf.Studio.Core\Warewolf.Studio.Core.csproj]
C:\Program Files\dotnet\sdk\10.0.201\Microsoft.Common.CurrentVersion.targets(2451,5): warning MSB3277:             C:\Users\ultra\warewolf\Dev\Dev2.Studio.Interfaces\bin\Debug\net8.0\Dev2.Studio.Interfaces.dll [C:\Users\ultra\warewolf\Dev\Warewolf.Studio.Core\Warewolf.Studio.Core.csproj]
C:\Program Files\dotnet\sdk\10.0.201\Microsoft.Common.CurrentVersion.targets(2451,5): warning MSB3277:             C:\Users\ultra\warewolf\Dev\Dev2.Runtime.Services\bin\Debug\net8.0\Dev2.Runtime.Services.dll [C:\Users\ultra\warewolf\Dev\Warewolf.Studio.Core\Warewolf.Studio.Core.csproj]
C:\Program Files\dotnet\sdk\10.0.201\Microsoft.Common.CurrentVersion.targets(2451,5): warning MSB3277:             C:\Users\ultra\warewolf\Dev\Dev2.Scheduler\bin\Debug\net8.0\Dev2.Scheduler.dll [C:\Users\ultra\warewolf\Dev\Warewolf.Studio.Core\Warewolf.Studio.Core.csproj]
C:\Program Files\dotnet\sdk\10.0.201\Microsoft.Common.CurrentVersion.targets(2451,5): warning MSB3277:             C:\Users\ultra\warewolf\Dev\Warewolf.Auditing\bin\Debug\net8.0\Warewolf.Auditing.dll [C:\Users\ultra\warewolf\Dev\Warewolf.Studio.Core\Warewolf.Studio.Core.csproj]
C:\Program Files\dotnet\sdk\10.0.201\Microsoft.Common.CurrentVersion.targets(2451,5): warning MSB3277:             C:\Users\ultra\warewolf\Dev\Warewolf.Common.NetStandard20\bin\Debug\net8.0\Warewolf.Common.NetStandard20.dll [C:\Users\ultra\warewolf\Dev\Warewolf.Studio.Core\Warewolf.Studio.Core.csproj]
C:\Program Files\dotnet\sdk\10.0.201\Microsoft.Common.CurrentVersion.targets(2451,5): warning MSB3277:             C:\Users\ultra\warewolf\Dev\Warewolf.Core\bin\Debug\net8.0\Warewolf.Core.dll [C:\Users\ultra\warewolf\Dev\Warewolf.Studio.Core\Warewolf.Studio.Core.csproj]
C:\Program Files\dotnet\sdk\10.0.201\Microsoft.Common.CurrentVersion.targets(2451,5): warning MSB3277:             C:\Users\ultra\warewolf\Dev\Warewolf.ResourceManagement\bin\Debug\net8.0\Warewolf.ResourceManagement.dll [C:\Users\ultra\warewolf\Dev\Warewolf.Studio.Core\Warewolf.Studio.Core.csproj]
C:\Program Files\dotnet\sdk\10.0.201\Microsoft.Common.CurrentVersion.targets(2451,5): warning MSB3277:         C:\Users\ultra\warewolf\Dev\Binaries\Infragistcs_Net6\InfragisticsWPF4.DockManager.v15.1.dll [C:\Users\ultra\warewolf\Dev\Warewolf.Studio.Core\Warewolf.Studio.Core.csproj]
C:\Program Files\dotnet\sdk\10.0.201\Microsoft.Common.CurrentVersion.targets(2451,5): warning MSB3277:           Project file item includes which caused reference "C:\Users\ultra\warewolf\Dev\Binaries\Infragistcs_Net6\InfragisticsWPF4.DockManager.v15.1.dll". [C:\Users\ultra\warewolf\Dev\Warewolf.Studio.Core\Warewolf.Studio.Core.csproj]
C:\Program Files\dotnet\sdk\10.0.201\Microsoft.Common.CurrentVersion.targets(2451,5): warning MSB3277:             InfragisticsWPF4.DockManager.v15.1, Version=15.1.20151.2055, Culture=neutral, PublicKeyToken=7dd5c3163f2cd0cb, processorArchitecture=MSIL [C:\Users\ultra\warewolf\Dev\Warewolf.Studio.Core\Warewolf.Studio.Core.csproj]
C:\Program Files\dotnet\sdk\10.0.201\Microsoft.Common.CurrentVersion.targets(2451,5): warning MSB3277:         C:\Users\ultra\warewolf\Dev\Binaries\Infragistcs_Net6\InfragisticsWPF4.v15.1.dll [C:\Users\ultra\warewolf\Dev\Warewolf.Studio.Core\Warewolf.Studio.Core.csproj]
C:\Program Files\dotnet\sdk\10.0.201\Microsoft.Common.CurrentVersion.targets(2451,5): warning MSB3277:           Project file item includes which caused reference "C:\Users\ultra\warewolf\Dev\Binaries\Infragistcs_Net6\InfragisticsWPF4.v15.1.dll". [C:\Users\ultra\warewolf\Dev\Warewolf.Studio.Core\Warewolf.Studio.Core.csproj]
C:\Program Files\dotnet\sdk\10.0.201\Microsoft.Common.CurrentVersion.targets(2451,5): warning MSB3277:             InfragisticsWPF4.v15.1, Version=15.1.20151.2055, Culture=neutral, PublicKeyToken=7dd5c3163f2cd0cb, processorArchitecture=MSIL [C:\Users\ultra\warewolf\Dev\Warewolf.Studio.Core\Warewolf.Studio.Core.csproj]
C:\Program Files\dotnet\sdk\10.0.201\Microsoft.Common.CurrentVersion.targets(2451,5): warning MSB3277:             InfragisticsWPF4.Controls.Menus.XamDataTree.v15.1, Version=15.1.20151.2055, Culture=neutral, PublicKeyToken=7dd5c3163f2cd0cb, processorArchitecture=MSIL [C:\Users\ultra\warewolf\Dev\Warewolf.Studio.Core\Warewolf.Studio.Core.csproj]
C:\Program Files\dotnet\sdk\10.0.201\Microsoft.Common.CurrentVersion.targets(2451,5): warning MSB3277:             InfragisticsWPF4.DataManager.v15.1, Version=15.1.20151.2055, Culture=neutral, PublicKeyToken=7dd5c3163f2cd0cb, processorArchitecture=MSIL [C:\Users\ultra\warewolf\Dev\Warewolf.Studio.Core\Warewolf.Studio.Core.csproj]
C:\Program Files\dotnet\sdk\10.0.201\Microsoft.Common.CurrentVersion.targets(2451,5): warning MSB3277:             InfragisticsWPF4.DockManager.v15.1, Version=15.1.20151.2055, Culture=neutral, PublicKeyToken=7dd5c3163f2cd0cb, processorArchitecture=MSIL [C:\Users\ultra\warewolf\Dev\Warewolf.Studio.Core\Warewolf.Studio.Core.csproj]
C:\Program Files\dotnet\sdk\10.0.201\Microsoft.Common.CurrentVersion.targets(2451,5): warning MSB3277:         C:\Users\ultra\.nuget\packages\dotnetzip\1.16.0\lib\netstandard2.0\DotNetZip.dll [C:\Users\ultra\warewolf\Dev\Warewolf.Studio.Core\Warewolf.Studio.Core.csproj]
C:\Program Files\dotnet\sdk\10.0.201\Microsoft.Common.CurrentVersion.targets(2451,5): warning MSB3277:           Project file item includes which caused reference "C:\Users\ultra\.nuget\packages\dotnetzip\1.16.0\lib\netstandard2.0\DotNetZip.dll". [C:\Users\ultra\warewolf\Dev\Warewolf.Studio.Core\Warewolf.Studio.Core.csproj]
C:\Program Files\dotnet\sdk\10.0.201\Microsoft.Common.CurrentVersion.targets(2451,5): warning MSB3277:             C:\Users\ultra\.nuget\packages\dotnetzip\1.16.0\lib\netstandard2.0\DotNetZip.dll [C:\Users\ultra\warewolf\Dev\Warewolf.Studio.Core\Warewolf.Studio.Core.csproj]
C:\Program Files\dotnet\sdk\10.0.201\Microsoft.Common.CurrentVersion.targets(2451,5): warning MSB3277:             C:\Users\ultra\warewolf\Dev\Dev2.Common\bin\Debug\net8.0\Dev2.Common.dll [C:\Users\ultra\warewolf\Dev\Warewolf.Studio.Core\Warewolf.Studio.Core.csproj]
C:\Program Files\dotnet\sdk\10.0.201\Microsoft.Common.CurrentVersion.targets(2451,5): warning MSB3277:             C:\Users\ultra\warewolf\Dev\Dev2.Core\bin\Debug\net8.0\Dev2.Core.dll [C:\Users\ultra\warewolf\Dev\Warewolf.Studio.Core\Warewolf.Studio.Core.csproj]
C:\Program Files\dotnet\sdk\10.0.201\Microsoft.Common.CurrentVersion.targets(2451,5): warning MSB3277:             C:\Users\ultra\warewolf\Dev\Dev2.Infrastructure\bin\Debug\net8.0\Dev2.Infrastructure.dll [C:\Users\ultra\warewolf\Dev\Warewolf.Studio.Core\Warewolf.Studio.Core.csproj]
C:\Program Files\dotnet\sdk\10.0.201\Microsoft.Common.CurrentVersion.targets(2451,5): warning MSB3277:             C:\Users\ultra\warewolf\Dev\Dev2.Studio.Interfaces\bin\Debug\net8.0\Dev2.Studio.Interfaces.dll [C:\Users\ultra\warewolf\Dev\Warewolf.Studio.Core\Warewolf.Studio.Core.csproj]
C:\Program Files\dotnet\sdk\10.0.201\Microsoft.Common.CurrentVersion.targets(2451,5): warning MSB3277:             C:\Users\ultra\warewolf\Dev\Dev2.Data\bin\Debug\net8.0\Dev2.Data.dll [C:\Users\ultra\warewolf\Dev\Warewolf.Studio.Core\Warewolf.Studio.Core.csproj]
C:\Program Files\dotnet\sdk\10.0.201\Microsoft.Common.CurrentVersion.targets(2451,5): warning MSB3277:             C:\Users\ultra\warewolf\Dev\Dev2.Data.Interfaces\bin\Debug\net8.0\Dev2.Data.Interfaces.dll [C:\Users\ultra\warewolf\Dev\Warewolf.Studio.Core\Warewolf.Studio.Core.csproj]
C:\Program Files\dotnet\sdk\10.0.201\Microsoft.Common.CurrentVersion.targets(2451,5): warning MSB3277:             C:\Users\ultra\warewolf\Dev\Dev2.Diagnostics\bin\Debug\net8.0\Dev2.Diagnostics.dll [C:\Users\ultra\warewolf\Dev\Warewolf.Studio.Core\Warewolf.Studio.Core.csproj]
C:\Program Files\dotnet\sdk\10.0.201\Microsoft.Common.CurrentVersion.targets(2451,5): warning MSB3277:             C:\Users\ultra\warewolf\Dev\Dev2.Runtime.Services\bin\Debug\net8.0\Dev2.Runtime.Services.dll [C:\Users\ultra\warewolf\Dev\Warewolf.Studio.Core\Warewolf.Studio.Core.csproj]
C:\Program Files\dotnet\sdk\10.0.201\Microsoft.Common.CurrentVersion.targets(2451,5): warning MSB3277:             C:\Users\ultra\warewolf\Dev\Dev2.Scheduler\bin\Debug\net8.0\Dev2.Scheduler.dll [C:\Users\ultra\warewolf\Dev\Warewolf.Studio.Core\Warewolf.Studio.Core.csproj]
C:\Program Files\dotnet\sdk\10.0.201\Microsoft.Common.CurrentVersion.targets(2451,5): warning MSB3277:             C:\Users\ultra\warewolf\Dev\Dev2.Services.Sql\bin\Debug\net8.0\Dev2.Services.Sql.dll [C:\Users\ultra\warewolf\Dev\Warewolf.Studio.Core\Warewolf.Studio.Core.csproj]
C:\Program Files\dotnet\sdk\10.0.201\Microsoft.Common.CurrentVersion.targets(2451,5): warning MSB3277:             C:\Users\ultra\warewolf\Dev\Dev2.TaskScheduler.Wrappers\bin\Debug\net8.0\Dev2.TaskScheduler.Wrappers.dll [C:\Users\ultra\warewolf\Dev\Warewolf.Studio.Core\Warewolf.Studio.Core.csproj]
C:\Program Files\dotnet\sdk\10.0.201\Microsoft.Common.CurrentVersion.targets(2451,5): warning MSB3277:             C:\Users\ultra\warewolf\Dev\Dev2.Util\bin\Debug\net8.0\Dev2.Util.dll [C:\Users\ultra\warewolf\Dev\Warewolf.Studio.Core\Warewolf.Studio.Core.csproj]
C:\Program Files\dotnet\sdk\10.0.201\Microsoft.Common.CurrentVersion.targets(2451,5): warning MSB3277:             C:\Users\ultra\warewolf\Dev\Warewolf.AI.Harness\bin\Debug\net8.0\Warewolf.AI.Harness.dll [C:\Users\ultra\warewolf\Dev\Warewolf.Studio.Core\Warewolf.Studio.Core.csproj]
C:\Program Files\dotnet\sdk\10.0.201\Microsoft.Common.CurrentVersion.targets(2451,5): warning MSB3277:             C:\Users\ultra\warewolf\Dev\Warewolf.Auditing\bin\Debug\net8.0\Warewolf.Auditing.dll [C:\Users\ultra\warewolf\Dev\Warewolf.Studio.Core\Warewolf.Studio.Core.csproj]
C:\Program Files\dotnet\sdk\10.0.201\Microsoft.Common.CurrentVersion.targets(2451,5): warning MSB3277:             C:\Users\ultra\warewolf\Dev\Warewolf.Common.NetStandard20\bin\Debug\net8.0\Warewolf.Common.NetStandard20.dll [C:\Users\ultra\warewolf\Dev\Warewolf.Studio.Core\Warewolf.Studio.Core.csproj]
C:\Program Files\dotnet\sdk\10.0.201\Microsoft.Common.CurrentVersion.targets(2451,5): warning MSB3277:             C:\Users\ultra\warewolf\Dev\Warewolf.Core\bin\Debug\net8.0\Warewolf.Core.dll [C:\Users\ultra\warewolf\Dev\Warewolf.Studio.Core\Warewolf.Studio.Core.csproj]
C:\Program Files\dotnet\sdk\10.0.201\Microsoft.Common.CurrentVersion.targets(2451,5): warning MSB3277:             C:\Users\ultra\warewolf\Dev\Warewolf.Driver.Serilog\bin\Debug\net8.0\Warewolf.Driver.Serilog.dll [C:\Users\ultra\warewolf\Dev\Warewolf.Studio.Core\Warewolf.Studio.Core.csproj]
C:\Program Files\dotnet\sdk\10.0.201\Microsoft.Common.CurrentVersion.targets(2451,5): warning MSB3277:             C:\Users\ultra\warewolf\Dev\Warewolf.ResourceManagement\bin\Debug\net8.0\Warewolf.ResourceManagement.dll [C:\Users\ultra\warewolf\Dev\Warewolf.Studio.Core\Warewolf.Studio.Core.csproj]
C:\Program Files\dotnet\sdk\10.0.201\Microsoft.Common.CurrentVersion.targets(2451,5): warning MSB3277:             C:\Users\ultra\warewolf\Dev\Warewolf.Sharepoint\bin\Debug\net8.0\Warewolf.Sharepoint.dll [C:\Users\ultra\warewolf\Dev\Warewolf.Studio.Core\Warewolf.Studio.Core.csproj]
C:\Program Files\dotnet\sdk\10.0.201\Microsoft.Common.CurrentVersion.targets(2451,5): warning MSB3277:             C:\Users\ultra\warewolf\Dev\Warewolf.Storage\bin\Debug\net8.0\Warewolf.Storage.dll [C:\Users\ultra\warewolf\Dev\Warewolf.Studio.Core\Warewolf.Studio.Core.csproj]
C:\Program Files\dotnet\sdk\10.0.201\Microsoft.Common.CurrentVersion.targets(2451,5): warning MSB3277:         C:\Users\ultra\.nuget\packages\mindbox.data.linq\5.0.0\lib\netstandard2.0\Mindbox.Data.Linq.dll [C:\Users\ultra\warewolf\Dev\Warewolf.Studio.Core\Warewolf.Studio.Core.csproj]
C:\Program Files\dotnet\sdk\10.0.201\Microsoft.Common.CurrentVersion.targets(2451,5): warning MSB3277:           Project file item includes which caused reference "C:\Users\ultra\.nuget\packages\mindbox.data.linq\5.0.0\lib\netstandard2.0\Mindbox.Data.Linq.dll". [C:\Users\ultra\warewolf\Dev\Warewolf.Studio.Core\Warewolf.Studio.Core.csproj]
C:\Program Files\dotnet\sdk\10.0.201\Microsoft.Common.CurrentVersion.targets(2451,5): warning MSB3277:             C:\Users\ultra\.nuget\packages\mindbox.data.linq\5.0.0\lib\netstandard2.0\Mindbox.Data.Linq.dll [C:\Users\ultra\warewolf\Dev\Warewolf.Studio.Core\Warewolf.Studio.Core.csproj]
C:\Program Files\dotnet\sdk\10.0.201\Microsoft.Common.CurrentVersion.targets(2451,5): warning MSB3277:             C:\Users\ultra\warewolf\Dev\Warewolf.Auditing\bin\Debug\net8.0\Warewolf.Auditing.dll [C:\Users\ultra\warewolf\Dev\Warewolf.Studio.Core\Warewolf.Studio.Core.csproj]
C:\Program Files\dotnet\sdk\10.0.201\Microsoft.Common.CurrentVersion.targets(2451,5): warning MSB3277:             C:\Users\ultra\warewolf\Dev\Dev2.Runtime.Services\bin\Debug\net8.0\Dev2.Runtime.Services.dll [C:\Users\ultra\warewolf\Dev\Warewolf.Studio.Core\Warewolf.Studio.Core.csproj]
C:\Program Files\dotnet\sdk\10.0.201\Microsoft.Common.CurrentVersion.targets(2451,5): warning MSB3277:             C:\Users\ultra\warewolf\Dev\Dev2.Studio.Interfaces\bin\Debug\net8.0\Dev2.Studio.Interfaces.dll [C:\Users\ultra\warewolf\Dev\Warewolf.Studio.Core\Warewolf.Studio.Core.csproj]
C:\Program Files\dotnet\sdk\10.0.201\Microsoft.Common.CurrentVersion.targets(2451,5): warning MSB3277:             C:\Users\ultra\warewolf\Dev\Warewolf.Common.NetStandard20\bin\Debug\net8.0\Warewolf.Common.NetStandard20.dll [C:\Users\ultra\warewolf\Dev\Warewolf.Studio.Core\Warewolf.Studio.Core.csproj]
C:\Program Files\dotnet\sdk\10.0.201\Microsoft.Common.CurrentVersion.targets(2451,5): warning MSB3277:         C:\Users\ultra\.nuget\packages\mysql.data\8.4.0\lib\net8.0\MySql.Data.dll [C:\Users\ultra\warewolf\Dev\Warewolf.Studio.Core\Warewolf.Studio.Core.csproj]
C:\Program Files\dotnet\sdk\10.0.201\Microsoft.Common.CurrentVersion.targets(2451,5): warning MSB3277:           Project file item includes which caused reference "C:\Users\ultra\.nuget\packages\mysql.data\8.4.0\lib\net8.0\MySql.Data.dll". [C:\Users\ultra\warewolf\Dev\Warewolf.Studio.Core\Warewolf.Studio.Core.csproj]
C:\Program Files\dotnet\sdk\10.0.201\Microsoft.Common.CurrentVersion.targets(2451,5): warning MSB3277:             C:\Users\ultra\.nuget\packages\mysql.data\8.4.0\lib\net8.0\MySql.Data.dll [C:\Users\ultra\warewolf\Dev\Warewolf.Studio.Core\Warewolf.Studio.Core.csproj]
C:\Program Files\dotnet\sdk\10.0.201\Microsoft.Common.CurrentVersion.targets(2451,5): warning MSB3277:             C:\Users\ultra\warewolf\Dev\Dev2.Runtime.Services\bin\Debug\net8.0\Dev2.Runtime.Services.dll [C:\Users\ultra\warewolf\Dev\Warewolf.Studio.Core\Warewolf.Studio.Core.csproj]
C:\Program Files\dotnet\sdk\10.0.201\Microsoft.Common.CurrentVersion.targets(2451,5): warning MSB3277:             C:\Users\ultra\warewolf\Dev\Dev2.Studio.Interfaces\bin\Debug\net8.0\Dev2.Studio.Interfaces.dll [C:\Users\ultra\warewolf\Dev\Warewolf.Studio.Core\Warewolf.Studio.Core.csproj]
C:\Program Files\dotnet\sdk\10.0.201\Microsoft.Common.CurrentVersion.targets(2451,5): warning MSB3277:             C:\Users\ultra\warewolf\Dev\Dev2.Services.Sql\bin\Debug\net8.0\Dev2.Services.Sql.dll [C:\Users\ultra\warewolf\Dev\Warewolf.Studio.Core\Warewolf.Studio.Core.csproj]
C:\Program Files\dotnet\sdk\10.0.201\Microsoft.Common.CurrentVersion.targets(2451,5): warning MSB3277:         C:\Users\ultra\.nuget\packages\oracle.manageddataaccess.core\3.21.70\lib\netstandard2.1\Oracle.ManagedDataAccess.dll [C:\Users\ultra\warewolf\Dev\Warewolf.Studio.Core\Warewolf.Studio.Core.csproj]
C:\Program Files\dotnet\sdk\10.0.201\Microsoft.Common.CurrentVersion.targets(2451,5): warning MSB3277:           Project file item includes which caused reference "C:\Users\ultra\.nuget\packages\oracle.manageddataaccess.core\3.21.70\lib\netstandard2.1\Oracle.ManagedDataAccess.dll". [C:\Users\ultra\warewolf\Dev\Warewolf.Studio.Core\Warewolf.Studio.Core.csproj]
C:\Program Files\dotnet\sdk\10.0.201\Microsoft.Common.CurrentVersion.targets(2451,5): warning MSB3277:             C:\Users\ultra\.nuget\packages\oracle.manageddataaccess.core\3.21.70\lib\netstandard2.1\Oracle.ManagedDataAccess.dll [C:\Users\ultra\warewolf\Dev\Warewolf.Studio.Core\Warewolf.Studio.Core.csproj]
C:\Program Files\dotnet\sdk\10.0.201\Microsoft.Common.CurrentVersion.targets(2451,5): warning MSB3277:             C:\Users\ultra\warewolf\Dev\Dev2.Runtime.Services\bin\Debug\net8.0\Dev2.Runtime.Services.dll [C:\Users\ultra\warewolf\Dev\Warewolf.Studio.Core\Warewolf.Studio.Core.csproj]
C:\Program Files\dotnet\sdk\10.0.201\Microsoft.Common.CurrentVersion.targets(2451,5): warning MSB3277:             C:\Users\ultra\warewolf\Dev\Dev2.Studio.Interfaces\bin\Debug\net8.0\Dev2.Studio.Interfaces.dll [C:\Users\ultra\warewolf\Dev\Warewolf.Studio.Core\Warewolf.Studio.Core.csproj]
C:\Program Files\dotnet\sdk\10.0.201\Microsoft.Common.CurrentVersion.targets(2451,5): warning MSB3277:             C:\Users\ultra\warewolf\Dev\Dev2.Services.Sql\bin\Debug\net8.0\Dev2.Services.Sql.dll [C:\Users\ultra\warewolf\Dev\Warewolf.Studio.Core\Warewolf.Studio.Core.csproj]
C:\Program Files\dotnet\sdk\10.0.201\Microsoft.Common.CurrentVersion.targets(2451,5): warning MSB3277:         C:\Users\ultra\.nuget\packages\system.directoryservices\6.0.0\lib\net6.0\System.DirectoryServices.dll [C:\Users\ultra\warewolf\Dev\Warewolf.Studio.Core\Warewolf.Studio.Core.csproj]
C:\Program Files\dotnet\sdk\10.0.201\Microsoft.Common.CurrentVersion.targets(2451,5): warning MSB3277:           Project file item includes which caused reference "C:\Users\ultra\.nuget\packages\system.directoryservices\6.0.0\lib\net6.0\System.DirectoryServices.dll". [C:\Users\ultra\warewolf\Dev\Warewolf.Studio.Core\Warewolf.Studio.Core.csproj]
C:\Program Files\dotnet\sdk\10.0.201\Microsoft.Common.CurrentVersion.targets(2451,5): warning MSB3277:             C:\Users\ultra\.nuget\packages\system.directoryservices\6.0.0\lib\net6.0\System.DirectoryServices.dll [C:\Users\ultra\warewolf\Dev\Warewolf.Studio.Core\Warewolf.Studio.Core.csproj]
C:\Program Files\dotnet\sdk\10.0.201\Microsoft.Common.CurrentVersion.targets(2451,5): warning MSB3277:             C:\Users\ultra\.nuget\packages\corewcf.primitives\1.2.1\lib\netstandard2.0\CoreWCF.Primitives.dll [C:\Users\ultra\warewolf\Dev\Warewolf.Studio.Core\Warewolf.Studio.Core.csproj]
C:\Program Files\dotnet\sdk\10.0.201\Microsoft.Common.CurrentVersion.targets(2451,5): warning MSB3277:             C:\Users\ultra\warewolf\Dev\Dev2.Runtime.Services\bin\Debug\net8.0\Dev2.Runtime.Services.dll [C:\Users\ultra\warewolf\Dev\Warewolf.Studio.Core\Warewolf.Studio.Core.csproj]
C:\Program Files\dotnet\sdk\10.0.201\Microsoft.Common.CurrentVersion.targets(2451,5): warning MSB3277:             C:\Users\ultra\warewolf\Dev\Dev2.Studio.Interfaces\bin\Debug\net8.0\Dev2.Studio.Interfaces.dll [C:\Users\ultra\warewolf\Dev\Warewolf.Studio.Core\Warewolf.Studio.Core.csproj]
C:\Program Files\dotnet\sdk\10.0.201\Microsoft.Common.CurrentVersion.targets(2451,5): warning MSB3277:             C:\Users\ultra\.nuget\packages\corewcf.http\1.2.1\lib\netstandard2.0\CoreWCF.Http.dll [C:\Users\ultra\warewolf\Dev\Warewolf.Studio.Core\Warewolf.Studio.Core.csproj]
C:\Program Files\dotnet\sdk\10.0.201\Microsoft.Common.CurrentVersion.targets(2451,5): warning MSB3277:             C:\Users\ultra\.nuget\packages\corewcf.nettcp\1.2.1\lib\netstandard2.0\CoreWCF.NetTcp.dll [C:\Users\ultra\warewolf\Dev\Warewolf.Studio.Core\Warewolf.Studio.Core.csproj]
C:\Program Files\dotnet\sdk\10.0.201\Microsoft.Common.CurrentVersion.targets(2451,5): warning MSB3277:             C:\Users\ultra\.nuget\packages\corewcf.webhttp\1.2.1\lib\netstandard2.0\CoreWCF.WebHttp.dll [C:\Users\ultra\warewolf\Dev\Warewolf.Studio.Core\Warewolf.Studio.Core.csproj]
C:\Program Files\dotnet\sdk\10.0.201\Microsoft.Common.CurrentVersion.targets(2451,5): warning MSB3277:         C:\Program Files\dotnet\packs\Microsoft.NETCore.App.Ref\8.0.25\ref\net8.0\System.Configuration.dll [C:\Users\ultra\warewolf\Dev\Warewolf.Studio.Core\Warewolf.Studio.Core.csproj]
C:\Program Files\dotnet\sdk\10.0.201\Microsoft.Common.CurrentVersion.targets(2451,5): warning MSB3277:           Project file item includes which caused reference "C:\Program Files\dotnet\packs\Microsoft.NETCore.App.Ref\8.0.25\ref\net8.0\System.Configuration.dll". [C:\Users\ultra\warewolf\Dev\Warewolf.Studio.Core\Warewolf.Studio.Core.csproj]
C:\Program Files\dotnet\sdk\10.0.201\Microsoft.Common.CurrentVersion.targets(2451,5): warning MSB3277:             C:\Program Files\dotnet\packs\Microsoft.NETCore.App.Ref\8.0.25\ref/net8.0/System.Configuration.dll [C:\Users\ultra\warewolf\Dev\Warewolf.Studio.Core\Warewolf.Studio.Core.csproj]
C:\Program Files\dotnet\sdk\10.0.201\Microsoft.Common.CurrentVersion.targets(2451,5): warning MSB3277:             C:\Users\ultra\.nuget\packages\prism.wpf\9.0.537\lib\net462\Prism.Wpf.dll [C:\Users\ultra\warewolf\Dev\Warewolf.Studio.Core\Warewolf.Studio.Core.csproj]
C:\Program Files\dotnet\sdk\10.0.201\Microsoft.Common.CurrentVersion.targets(2451,5): warning MSB3277:         C:\Program Files\dotnet\packs\Microsoft.NETCore.App.Ref\8.0.25\ref\net8.0\System.Data.dll [C:\Users\ultra\warewolf\Dev\Warewolf.Studio.Core\Warewolf.Studio.Core.csproj]
C:\Program Files\dotnet\sdk\10.0.201\Microsoft.Common.CurrentVersion.targets(2451,5): warning MSB3277:           Project file item includes which caused reference "C:\Program Files\dotnet\packs\Microsoft.NETCore.App.Ref\8.0.25\ref\net8.0\System.Data.dll". [C:\Users\ultra\warewolf\Dev\Warewolf.Studio.Core\Warewolf.Studio.Core.csproj]
C:\Program Files\dotnet\sdk\10.0.201\Microsoft.Common.CurrentVersion.targets(2451,5): warning MSB3277:             C:\Program Files\dotnet\packs\Microsoft.NETCore.App.Ref\8.0.25\ref/net8.0/System.Data.dll [C:\Users\ultra\warewolf\Dev\Warewolf.Studio.Core\Warewolf.Studio.Core.csproj]
C:\Program Files\dotnet\sdk\10.0.201\Microsoft.Common.CurrentVersion.targets(2451,5): warning MSB3277:             C:\Users\ultra\.nuget\packages\taskschedulereditor\2.10.1\lib\net452\Microsoft.Win32.TaskSchedulerEditor.dll [C:\Users\ultra\warewolf\Dev\Warewolf.Studio.Core\Warewolf.Studio.Core.csproj]
C:\Program Files\dotnet\sdk\10.0.201\Microsoft.Common.CurrentVersion.targets(2451,5): warning MSB3277:         C:\Program Files\dotnet\packs\Microsoft.NETCore.App.Ref\8.0.25\ref\net8.0\System.Drawing.dll [C:\Users\ultra\warewolf\Dev\Warewolf.Studio.Core\Warewolf.Studio.Core.csproj]
C:\Program Files\dotnet\sdk\10.0.201\Microsoft.Common.CurrentVersion.targets(2451,5): warning MSB3277:           Project file item includes which caused reference "C:\Program Files\dotnet\packs\Microsoft.NETCore.App.Ref\8.0.25\ref\net8.0\System.Drawing.dll". [C:\Users\ultra\warewolf\Dev\Warewolf.Studio.Core\Warewolf.Studio.Core.csproj]
C:\Program Files\dotnet\sdk\10.0.201\Microsoft.Common.CurrentVersion.targets(2451,5): warning MSB3277:             C:\Program Files\dotnet\packs\Microsoft.NETCore.App.Ref\8.0.25\ref/net8.0/System.Drawing.dll [C:\Users\ultra\warewolf\Dev\Warewolf.Studio.Core\Warewolf.Studio.Core.csproj]
C:\Program Files\dotnet\sdk\10.0.201\Microsoft.Common.CurrentVersion.targets(2451,5): warning MSB3277:             C:\Users\ultra\.nuget\packages\aerowizard\2.3.1\lib\net45\AeroWizard.dll [C:\Users\ultra\warewolf\Dev\Warewolf.Studio.Core\Warewolf.Studio.Core.csproj]
C:\Program Files\dotnet\sdk\10.0.201\Microsoft.Common.CurrentVersion.targets(2451,5): warning MSB3277:             C:\Users\ultra\.nuget\packages\groupcontrols\1.9.0\lib\net45\GroupControls.dll [C:\Users\ultra\warewolf\Dev\Warewolf.Studio.Core\Warewolf.Studio.Core.csproj]
C:\Program Files\dotnet\sdk\10.0.201\Microsoft.Common.CurrentVersion.targets(2451,5): warning MSB3277:             C:\Users\ultra\.nuget\packages\taskschedulereditor\2.10.1\lib\net452\Microsoft.Win32.TaskSchedulerEditor.dll [C:\Users\ultra\warewolf\Dev\Warewolf.Studio.Core\Warewolf.Studio.Core.csproj]
C:\Program Files\dotnet\sdk\10.0.201\Microsoft.Common.CurrentVersion.targets(2451,5): warning MSB3277:         C:\Program Files\dotnet\packs\Microsoft.NETCore.App.Ref\8.0.25\ref\net8.0\System.Net.dll [C:\Users\ultra\warewolf\Dev\Warewolf.Studio.Core\Warewolf.Studio.Core.csproj]
C:\Program Files\dotnet\sdk\10.0.201\Microsoft.Common.CurrentVersion.targets(2451,5): warning MSB3277:           Project file item includes which caused reference "C:\Program Files\dotnet\packs\Microsoft.NETCore.App.Ref\8.0.25\ref\net8.0\System.Net.dll". [C:\Users\ultra\warewolf\Dev\Warewolf.Studio.Core\Warewolf.Studio.Core.csproj]
C:\Program Files\dotnet\sdk\10.0.201\Microsoft.Common.CurrentVersion.targets(2451,5): warning MSB3277:             C:\Program Files\dotnet\packs\Microsoft.NETCore.App.Ref\8.0.25\ref/net8.0/System.Net.dll [C:\Users\ultra\warewolf\Dev\Warewolf.Studio.Core\Warewolf.Studio.Core.csproj]
C:\Program Files\dotnet\sdk\10.0.201\Microsoft.Common.CurrentVersion.targets(2451,5): warning MSB3277:         C:\Program Files\dotnet\packs\Microsoft.NETCore.App.Ref\8.0.25\ref\net8.0\System.Security.dll [C:\Users\ultra\warewolf\Dev\Warewolf.Studio.Core\Warewolf.Studio.Core.csproj]
C:\Program Files\dotnet\sdk\10.0.201\Microsoft.Common.CurrentVersion.targets(2451,5): warning MSB3277:           Project file item includes which caused reference "C:\Program Files\dotnet\packs\Microsoft.NETCore.App.Ref\8.0.25\ref\net8.0\System.Security.dll". [C:\Users\ultra\warewolf\Dev\Warewolf.Studio.Core\Warewolf.Studio.Core.csproj]
C:\Program Files\dotnet\sdk\10.0.201\Microsoft.Common.CurrentVersion.targets(2451,5): warning MSB3277:             C:\Program Files\dotnet\packs\Microsoft.NETCore.App.Ref\8.0.25\ref/net8.0/System.Security.dll [C:\Users\ultra\warewolf\Dev\Warewolf.Studio.Core\Warewolf.Studio.Core.csproj]
C:\Program Files\dotnet\sdk\10.0.201\Microsoft.Common.CurrentVersion.targets(2451,5): warning MSB3277:         C:\Program Files\dotnet\packs\Microsoft.NETCore.App.Ref\8.0.25\ref\net8.0\System.ServiceProcess.dll [C:\Users\ultra\warewolf\Dev\Warewolf.Studio.Core\Warewolf.Studio.Core.csproj]
C:\Program Files\dotnet\sdk\10.0.201\Microsoft.Common.CurrentVersion.targets(2451,5): warning MSB3277:           Project file item includes which caused reference "C:\Program Files\dotnet\packs\Microsoft.NETCore.App.Ref\8.0.25\ref\net8.0\System.ServiceProcess.dll". [C:\Users\ultra\warewolf\Dev\Warewolf.Studio.Core\Warewolf.Studio.Core.csproj]
C:\Program Files\dotnet\sdk\10.0.201\Microsoft.Common.CurrentVersion.targets(2451,5): warning MSB3277:             C:\Program Files\dotnet\packs\Microsoft.NETCore.App.Ref\8.0.25\ref/net8.0/System.ServiceProcess.dll [C:\Users\ultra\warewolf\Dev\Warewolf.Studio.Core\Warewolf.Studio.Core.csproj]
C:\Program Files\dotnet\sdk\10.0.201\Microsoft.Common.CurrentVersion.targets(2451,5): warning MSB3277:         C:\Program Files\dotnet\packs\Microsoft.NETCore.App.Ref\8.0.25\ref\net8.0\System.Transactions.dll [C:\Users\ultra\warewolf\Dev\Warewolf.Studio.Core\Warewolf.Studio.Core.csproj]
C:\Program Files\dotnet\sdk\10.0.201\Microsoft.Common.CurrentVersion.targets(2451,5): warning MSB3277:           Project file item includes which caused reference "C:\Program Files\dotnet\packs\Microsoft.NETCore.App.Ref\8.0.25\ref\net8.0\System.Transactions.dll". [C:\Users\ultra\warewolf\Dev\Warewolf.Studio.Core\Warewolf.Studio.Core.csproj]
C:\Program Files\dotnet\sdk\10.0.201\Microsoft.Common.CurrentVersion.targets(2451,5): warning MSB3277:             C:\Program Files\dotnet\packs\Microsoft.NETCore.App.Ref\8.0.25\ref/net8.0/System.Transactions.dll [C:\Users\ultra\warewolf\Dev\Warewolf.Studio.Core\Warewolf.Studio.Core.csproj]
C:\Program Files\dotnet\sdk\10.0.201\Microsoft.Common.CurrentVersion.targets(2451,5): warning MSB3277:         C:\Program Files\dotnet\packs\Microsoft.NETCore.App.Ref\8.0.25\ref\net8.0\System.dll [C:\Users\ultra\warewolf\Dev\Warewolf.Studio.Core\Warewolf.Studio.Core.csproj]
C:\Program Files\dotnet\sdk\10.0.201\Microsoft.Common.CurrentVersion.targets(2451,5): warning MSB3277:           Project file item includes which caused reference "C:\Program Files\dotnet\packs\Microsoft.NETCore.App.Ref\8.0.25\ref\net8.0\System.dll". [C:\Users\ultra\warewolf\Dev\Warewolf.Studio.Core\Warewolf.Studio.Core.csproj]
C:\Program Files\dotnet\sdk\10.0.201\Microsoft.Common.CurrentVersion.targets(2451,5): warning MSB3277:             C:\Program Files\dotnet\packs\Microsoft.NETCore.App.Ref\8.0.25\ref/net8.0/System.dll [C:\Users\ultra\warewolf\Dev\Warewolf.Studio.Core\Warewolf.Studio.Core.csproj]
C:\Program Files\dotnet\sdk\10.0.201\Microsoft.Common.CurrentVersion.targets(2451,5): warning MSB3277:             C:\Users\ultra\.nuget\packages\aerowizard\2.3.1\lib\net45\AeroWizard.dll [C:\Users\ultra\warewolf\Dev\Warewolf.Studio.Core\Warewolf.Studio.Core.csproj]
C:\Program Files\dotnet\sdk\10.0.201\Microsoft.Common.CurrentVersion.targets(2451,5): warning MSB3277:             C:\Users\ultra\.nuget\packages\groupcontrols\1.9.0\lib\net45\GroupControls.dll [C:\Users\ultra\warewolf\Dev\Warewolf.Studio.Core\Warewolf.Studio.Core.csproj]
C:\Program Files\dotnet\sdk\10.0.201\Microsoft.Common.CurrentVersion.targets(2451,5): warning MSB3277:             C:\Users\ultra\.nuget\packages\microsoft.xaml.behaviors.wpf\1.1.122\lib\net462\Microsoft.Xaml.Behaviors.dll [C:\Users\ultra\warewolf\Dev\Warewolf.Studio.Core\Warewolf.Studio.Core.csproj]
C:\Program Files\dotnet\sdk\10.0.201\Microsoft.Common.CurrentVersion.targets(2451,5): warning MSB3277:             C:\Users\ultra\.nuget\packages\caliburn.micro\4.0.212\lib\netcoreapp3.1\Caliburn.Micro.Platform.dll [C:\Users\ultra\warewolf\Dev\Warewolf.Studio.Core\Warewolf.Studio.Core.csproj]
C:\Program Files\dotnet\sdk\10.0.201\Microsoft.Common.CurrentVersion.targets(2451,5): warning MSB3277:             C:\Users\ultra\.nuget\packages\prism.wpf\9.0.537\lib\net462\Prism.Wpf.dll [C:\Users\ultra\warewolf\Dev\Warewolf.Studio.Core\Warewolf.Studio.Core.csproj]
C:\Program Files\dotnet\sdk\10.0.201\Microsoft.Common.CurrentVersion.targets(2451,5): warning MSB3277:             C:\Users\ultra\.nuget\packages\reactiveui.wpf\18.4.1\lib\net462\ReactiveUI.Wpf.dll [C:\Users\ultra\warewolf\Dev\Warewolf.Studio.Core\Warewolf.Studio.Core.csproj]
C:\Program Files\dotnet\sdk\10.0.201\Microsoft.Common.CurrentVersion.targets(2451,5): warning MSB3277:             C:\Users\ultra\.nuget\packages\taskschedulereditor\2.10.1\lib\net452\Microsoft.Win32.TaskSchedulerEditor.dll [C:\Users\ultra\warewolf\Dev\Warewolf.Studio.Core\Warewolf.Studio.Core.csproj]
C:\Program Files\dotnet\sdk\10.0.201\Microsoft.Common.CurrentVersion.targets(2451,5): warning MSB3277:             C:\Users\ultra\.nuget\packages\ttcue.netcore.sharepointonline.csom.16.1.8029.1200\16.1.8029.1200\lib\netcoreapp2.0\Microsoft.SharePoint.Client.Runtime.Windows.dll [C:\Users\ultra\warewolf\Dev\Warewolf.Studio.Core\Warewolf.Studio.Core.csproj]
C:\Program Files\dotnet\sdk\10.0.201\Microsoft.Common.CurrentVersion.targets(2451,5): warning MSB3277:         C:\Program Files\dotnet\packs\Microsoft.NETCore.App.Ref\8.0.25\ref\net8.0\WindowsBase.dll [C:\Users\ultra\warewolf\Dev\Warewolf.Studio.Core\Warewolf.Studio.Core.csproj]
C:\Program Files\dotnet\sdk\10.0.201\Microsoft.Common.CurrentVersion.targets(2451,5): warning MSB3277:           Project file item includes which caused reference "C:\Program Files\dotnet\packs\Microsoft.NETCore.App.Ref\8.0.25\ref\net8.0\WindowsBase.dll". [C:\Users\ultra\warewolf\Dev\Warewolf.Studio.Core\Warewolf.Studio.Core.csproj]
C:\Program Files\dotnet\sdk\10.0.201\Microsoft.Common.CurrentVersion.targets(2451,5): warning MSB3277:             C:\Program Files\dotnet\packs\Microsoft.NETCore.App.Ref\8.0.25\ref/net8.0/WindowsBase.dll [C:\Users\ultra\warewolf\Dev\Warewolf.Studio.Core\Warewolf.Studio.Core.csproj]
C:\Program Files\dotnet\sdk\10.0.201\Microsoft.Common.CurrentVersion.targets(2451,5): warning MSB3277:         C:\Program Files\dotnet\packs\Microsoft.NETCore.App.Ref\8.0.25\ref\net8.0\mscorlib.dll [C:\Users\ultra\warewolf\Dev\Warewolf.Studio.Core\Warewolf.Studio.Core.csproj]
C:\Program Files\dotnet\sdk\10.0.201\Microsoft.Common.CurrentVersion.targets(2451,5): warning MSB3277:           Project file item includes which caused reference "C:\Program Files\dotnet\packs\Microsoft.NETCore.App.Ref\8.0.25\ref\net8.0\mscorlib.dll". [C:\Users\ultra\warewolf\Dev\Warewolf.Studio.Core\Warewolf.Studio.Core.csproj]
C:\Program Files\dotnet\sdk\10.0.201\Microsoft.Common.CurrentVersion.targets(2451,5): warning MSB3277:             C:\Program Files\dotnet\packs\Microsoft.NETCore.App.Ref\8.0.25\ref/net8.0/mscorlib.dll [C:\Users\ultra\warewolf\Dev\Warewolf.Studio.Core\Warewolf.Studio.Core.csproj]
C:\Program Files\dotnet\sdk\10.0.201\Microsoft.Common.CurrentVersion.targets(2451,5): warning MSB3277:             C:\Users\ultra\.nuget\packages\aerowizard\2.3.1\lib\net45\AeroWizard.dll [C:\Users\ultra\warewolf\Dev\Warewolf.Studio.Core\Warewolf.Studio.Core.csproj]
C:\Program Files\dotnet\sdk\10.0.201\Microsoft.Common.CurrentVersion.targets(2451,5): warning MSB3277:             C:\Users\ultra\.nuget\packages\groupcontrols\1.9.0\lib\net45\GroupControls.dll [C:\Users\ultra\warewolf\Dev\Warewolf.Studio.Core\Warewolf.Studio.Core.csproj]
C:\Program Files\dotnet\sdk\10.0.201\Microsoft.Common.CurrentVersion.targets(2451,5): warning MSB3277:             C:\Users\ultra\.nuget\packages\microsoft.xaml.behaviors.wpf\1.1.122\lib\net462\Microsoft.Xaml.Behaviors.dll [C:\Users\ultra\warewolf\Dev\Warewolf.Studio.Core\Warewolf.Studio.Core.csproj]
C:\Program Files\dotnet\sdk\10.0.201\Microsoft.Common.CurrentVersion.targets(2451,5): warning MSB3277:             C:\Users\ultra\.nuget\packages\caliburn.micro\4.0.212\lib\netcoreapp3.1\Caliburn.Micro.Platform.dll [C:\Users\ultra\warewolf\Dev\Warewolf.Studio.Core\Warewolf.Studio.Core.csproj]
C:\Program Files\dotnet\sdk\10.0.201\Microsoft.Common.CurrentVersion.targets(2451,5): warning MSB3277:             C:\Users\ultra\.nuget\packages\oracle.manageddataaccess.core\3.21.70\lib\netstandard2.1\Oracle.ManagedDataAccess.dll [C:\Users\ultra\warewolf\Dev\Warewolf.Studio.Core\Warewolf.Studio.Core.csproj]
C:\Program Files\dotnet\sdk\10.0.201\Microsoft.Common.CurrentVersion.targets(2451,5): warning MSB3277:             C:\Users\ultra\warewolf\Dev\Dev2.Runtime.Services\bin\Debug\net8.0\Dev2.Runtime.Services.dll [C:\Users\ultra\warewolf\Dev\Warewolf.Studio.Core\Warewolf.Studio.Core.csproj]
C:\Program Files\dotnet\sdk\10.0.201\Microsoft.Common.CurrentVersion.targets(2451,5): warning MSB3277:             C:\Users\ultra\warewolf\Dev\Dev2.Studio.Interfaces\bin\Debug\net8.0\Dev2.Studio.Interfaces.dll [C:\Users\ultra\warewolf\Dev\Warewolf.Studio.Core\Warewolf.Studio.Core.csproj]
C:\Program Files\dotnet\sdk\10.0.201\Microsoft.Common.CurrentVersion.targets(2451,5): warning MSB3277:             C:\Users\ultra\warewolf\Dev\Dev2.Services.Sql\bin\Debug\net8.0\Dev2.Services.Sql.dll [C:\Users\ultra\warewolf\Dev\Warewolf.Studio.Core\Warewolf.Studio.Core.csproj]
C:\Program Files\dotnet\sdk\10.0.201\Microsoft.Common.CurrentVersion.targets(2451,5): warning MSB3277:             C:\Users\ultra\.nuget\packages\prism.wpf\9.0.537\lib\net462\Prism.Wpf.dll [C:\Users\ultra\warewolf\Dev\Warewolf.Studio.Core\Warewolf.Studio.Core.csproj]
C:\Program Files\dotnet\sdk\10.0.201\Microsoft.Common.CurrentVersion.targets(2451,5): warning MSB3277:             C:\Users\ultra\.nuget\packages\reactiveui.wpf\18.4.1\lib\net462\ReactiveUI.Wpf.dll [C:\Users\ultra\warewolf\Dev\Warewolf.Studio.Core\Warewolf.Studio.Core.csproj]
C:\Program Files\dotnet\sdk\10.0.201\Microsoft.Common.CurrentVersion.targets(2451,5): warning MSB3277:             C:\Users\ultra\.nuget\packages\taskschedulereditor\2.10.1\lib\net452\Microsoft.Win32.TaskSchedulerEditor.dll [C:\Users\ultra\warewolf\Dev\Warewolf.Studio.Core\Warewolf.Studio.Core.csproj]
C:\Program Files\dotnet\sdk\10.0.201\Microsoft.Common.CurrentVersion.targets(2451,5): warning MSB3277:             C:\Users\ultra\.nuget\packages\ttcue.netcore.sharepointonline.csom.16.1.8029.1200\16.1.8029.1200\lib\netcoreapp2.0\Microsoft.SharePoint.Client.Runtime.Windows.dll [C:\Users\ultra\warewolf\Dev\Warewolf.Studio.Core\Warewolf.Studio.Core.csproj]
C:\Program Files\dotnet\sdk\10.0.201\Microsoft.Common.CurrentVersion.targets(2451,5): warning MSB3277: Found conflicts between different versions of "WindowsBase" that could not be resolved. [C:\Users\ultra\warewolf\Dev\Warewolf.Studio.Core\Warewolf.Studio.Core.csproj]
C:\Program Files\dotnet\sdk\10.0.201\Microsoft.Common.CurrentVersion.targets(2451,5): warning MSB3277: There was a conflict between "WindowsBase, Version=4.0.0.0, Culture=neutral, PublicKeyToken=31bf3856ad364e35" and "WindowsBase, Version=6.0.2.0, Culture=neutral, PublicKeyToken=31bf3856ad364e35". [C:\Users\ultra\warewolf\Dev\Warewolf.Studio.Core\Warewolf.Studio.Core.csproj]
C:\Program Files\dotnet\sdk\10.0.201\Microsoft.Common.CurrentVersion.targets(2451,5): warning MSB3277:     "WindowsBase, Version=4.0.0.0, Culture=neutral, PublicKeyToken=31bf3856ad364e35" was chosen because it was primary and "WindowsBase, Version=6.0.2.0, Culture=neutral, PublicKeyToken=31bf3856ad364e35" was not. [C:\Users\ultra\warewolf\Dev\Warewolf.Studio.Core\Warewolf.Studio.Core.csproj]
C:\Program Files\dotnet\sdk\10.0.201\Microsoft.Common.CurrentVersion.targets(2451,5): warning MSB3277:     References which depend on "WindowsBase, Version=4.0.0.0, Culture=neutral, PublicKeyToken=31bf3856ad364e35" [C:\Program Files\dotnet\packs\Microsoft.NETCore.App.Ref\8.0.25\ref\net8.0\WindowsBase.dll]. [C:\Users\ultra\warewolf\Dev\Warewolf.Studio.Core\Warewolf.Studio.Core.csproj]
C:\Program Files\dotnet\sdk\10.0.201\Microsoft.Common.CurrentVersion.targets(2451,5): warning MSB3277:         C:\Program Files\dotnet\packs\Microsoft.NETCore.App.Ref\8.0.25\ref\net8.0\WindowsBase.dll [C:\Users\ultra\warewolf\Dev\Warewolf.Studio.Core\Warewolf.Studio.Core.csproj]
C:\Program Files\dotnet\sdk\10.0.201\Microsoft.Common.CurrentVersion.targets(2451,5): warning MSB3277:           Project file item includes which caused reference "C:\Program Files\dotnet\packs\Microsoft.NETCore.App.Ref\8.0.25\ref\net8.0\WindowsBase.dll". [C:\Users\ultra\warewolf\Dev\Warewolf.Studio.Core\Warewolf.Studio.Core.csproj]
C:\Program Files\dotnet\sdk\10.0.201\Microsoft.Common.CurrentVersion.targets(2451,5): warning MSB3277:             C:\Program Files\dotnet\packs\Microsoft.NETCore.App.Ref\8.0.25\ref/net8.0/WindowsBase.dll [C:\Users\ultra\warewolf\Dev\Warewolf.Studio.Core\Warewolf.Studio.Core.csproj]
C:\Program Files\dotnet\sdk\10.0.201\Microsoft.Common.CurrentVersion.targets(2451,5): warning MSB3277:     References which depend on or have been unified to "WindowsBase, Version=6.0.2.0, Culture=neutral, PublicKeyToken=31bf3856ad364e35" []. [C:\Users\ultra\warewolf\Dev\Warewolf.Studio.Core\Warewolf.Studio.Core.csproj]
C:\Program Files\dotnet\sdk\10.0.201\Microsoft.Common.CurrentVersion.targets(2451,5): warning MSB3277:         C:\Users\ultra\warewolf\Dev\Binaries\Infragistcs_Net6\InfragisticsWPF4.Controls.Menus.XamDataTree.v15.1.dll [C:\Users\ultra\warewolf\Dev\Warewolf.Studio.Core\Warewolf.Studio.Core.csproj]
C:\Program Files\dotnet\sdk\10.0.201\Microsoft.Common.CurrentVersion.targets(2451,5): warning MSB3277:           Project file item includes which caused reference "C:\Users\ultra\warewolf\Dev\Binaries\Infragistcs_Net6\InfragisticsWPF4.Controls.Menus.XamDataTree.v15.1.dll". [C:\Users\ultra\warewolf\Dev\Warewolf.Studio.Core\Warewolf.Studio.Core.csproj]
C:\Program Files\dotnet\sdk\10.0.201\Microsoft.Common.CurrentVersion.targets(2451,5): warning MSB3277:             InfragisticsWPF4.Controls.Menus.XamDataTree.v15.1, Version=15.1.20151.2055, Culture=neutral, PublicKeyToken=7dd5c3163f2cd0cb, processorArchitecture=MSIL [C:\Users\ultra\warewolf\Dev\Warewolf.Studio.Core\Warewolf.Studio.Core.csproj]
C:\Program Files\dotnet\sdk\10.0.201\Microsoft.Common.CurrentVersion.targets(2451,5): warning MSB3277:         C:\Users\ultra\warewolf\Dev\Binaries\Infragistcs_Net6\InfragisticsWPF4.DataManager.v15.1.dll [C:\Users\ultra\warewolf\Dev\Warewolf.Studio.Core\Warewolf.Studio.Core.csproj]
C:\Program Files\dotnet\sdk\10.0.201\Microsoft.Common.CurrentVersion.targets(2451,5): warning MSB3277:           Project file item includes which caused reference "C:\Users\ultra\warewolf\Dev\Binaries\Infragistcs_Net6\InfragisticsWPF4.DataManager.v15.1.dll". [C:\Users\ultra\warewolf\Dev\Warewolf.Studio.Core\Warewolf.Studio.Core.csproj]
C:\Program Files\dotnet\sdk\10.0.201\Microsoft.Common.CurrentVersion.targets(2451,5): warning MSB3277:             InfragisticsWPF4.DataManager.v15.1, Version=15.1.20151.2055, Culture=neutral, PublicKeyToken=7dd5c3163f2cd0cb, processorArchitecture=MSIL [C:\Users\ultra\warewolf\Dev\Warewolf.Studio.Core\Warewolf.Studio.Core.csproj]
C:\Program Files\dotnet\sdk\10.0.201\Microsoft.Common.CurrentVersion.targets(2451,5): warning MSB3277:             InfragisticsWPF4.Controls.Menus.XamDataTree.v15.1, Version=15.1.20151.2055, Culture=neutral, PublicKeyToken=7dd5c3163f2cd0cb, processorArchitecture=MSIL [C:\Users\ultra\warewolf\Dev\Warewolf.Studio.Core\Warewolf.Studio.Core.csproj]
C:\Program Files\dotnet\sdk\10.0.201\Microsoft.Common.CurrentVersion.targets(2451,5): warning MSB3277:         C:\Users\ultra\warewolf\Dev\Binaries\Infragistcs_Net6\InfragisticsWPF4.DockManager.v15.1.dll [C:\Users\ultra\warewolf\Dev\Warewolf.Studio.Core\Warewolf.Studio.Core.csproj]
C:\Program Files\dotnet\sdk\10.0.201\Microsoft.Common.CurrentVersion.targets(2451,5): warning MSB3277:           Project file item includes which caused reference "C:\Users\ultra\warewolf\Dev\Binaries\Infragistcs_Net6\InfragisticsWPF4.DockManager.v15.1.dll". [C:\Users\ultra\warewolf\Dev\Warewolf.Studio.Core\Warewolf.Studio.Core.csproj]
C:\Program Files\dotnet\sdk\10.0.201\Microsoft.Common.CurrentVersion.targets(2451,5): warning MSB3277:             InfragisticsWPF4.DockManager.v15.1, Version=15.1.20151.2055, Culture=neutral, PublicKeyToken=7dd5c3163f2cd0cb, processorArchitecture=MSIL [C:\Users\ultra\warewolf\Dev\Warewolf.Studio.Core\Warewolf.Studio.Core.csproj]
C:\Program Files\dotnet\sdk\10.0.201\Microsoft.Common.CurrentVersion.targets(2451,5): warning MSB3277:         C:\Users\ultra\warewolf\Dev\Binaries\Infragistcs_Net6\InfragisticsWPF4.v15.1.dll [C:\Users\ultra\warewolf\Dev\Warewolf.Studio.Core\Warewolf.Studio.Core.csproj]
C:\Program Files\dotnet\sdk\10.0.201\Microsoft.Common.CurrentVersion.targets(2451,5): warning MSB3277:           Project file item includes which caused reference "C:\Users\ultra\warewolf\Dev\Binaries\Infragistcs_Net6\InfragisticsWPF4.v15.1.dll". [C:\Users\ultra\warewolf\Dev\Warewolf.Studio.Core\Warewolf.Studio.Core.csproj]
C:\Program Files\dotnet\sdk\10.0.201\Microsoft.Common.CurrentVersion.targets(2451,5): warning MSB3277:             InfragisticsWPF4.v15.1, Version=15.1.20151.2055, Culture=neutral, PublicKeyToken=7dd5c3163f2cd0cb, processorArchitecture=MSIL [C:\Users\ultra\warewolf\Dev\Warewolf.Studio.Core\Warewolf.Studio.Core.csproj]
C:\Program Files\dotnet\sdk\10.0.201\Microsoft.Common.CurrentVersion.targets(2451,5): warning MSB3277:             InfragisticsWPF4.Controls.Menus.XamDataTree.v15.1, Version=15.1.20151.2055, Culture=neutral, PublicKeyToken=7dd5c3163f2cd0cb, processorArchitecture=MSIL [C:\Users\ultra\warewolf\Dev\Warewolf.Studio.Core\Warewolf.Studio.Core.csproj]
C:\Program Files\dotnet\sdk\10.0.201\Microsoft.Common.CurrentVersion.targets(2451,5): warning MSB3277:             InfragisticsWPF4.DataManager.v15.1, Version=15.1.20151.2055, Culture=neutral, PublicKeyToken=7dd5c3163f2cd0cb, processorArchitecture=MSIL [C:\Users\ultra\warewolf\Dev\Warewolf.Studio.Core\Warewolf.Studio.Core.csproj]
C:\Program Files\dotnet\sdk\10.0.201\Microsoft.Common.CurrentVersion.targets(2451,5): warning MSB3277:             InfragisticsWPF4.DockManager.v15.1, Version=15.1.20151.2055, Culture=neutral, PublicKeyToken=7dd5c3163f2cd0cb, processorArchitecture=MSIL [C:\Users\ultra\warewolf\Dev\Warewolf.Studio.Core\Warewolf.Studio.Core.csproj]
C:\Program Files\dotnet\sdk\10.0.201\Microsoft.Common.CurrentVersion.targets(2451,5): warning MSB3277:         C:\Users\ultra\.nuget\packages\caliburn.micro\4.0.212\lib\netcoreapp3.1\Caliburn.Micro.Platform.dll [C:\Users\ultra\warewolf\Dev\Warewolf.Studio.Core\Warewolf.Studio.Core.csproj]
C:\Program Files\dotnet\sdk\10.0.201\Microsoft.Common.CurrentVersion.targets(2451,5): warning MSB3277:           Project file item includes which caused reference "C:\Users\ultra\.nuget\packages\caliburn.micro\4.0.212\lib\netcoreapp3.1\Caliburn.Micro.Platform.dll". [C:\Users\ultra\warewolf\Dev\Warewolf.Studio.Core\Warewolf.Studio.Core.csproj]
C:\Program Files\dotnet\sdk\10.0.201\Microsoft.Common.CurrentVersion.targets(2451,5): warning MSB3277:             C:\Users\ultra\.nuget\packages\caliburn.micro\4.0.212\lib\netcoreapp3.1\Caliburn.Micro.Platform.dll [C:\Users\ultra\warewolf\Dev\Warewolf.Studio.Core\Warewolf.Studio.Core.csproj]
C:\Program Files\dotnet\sdk\10.0.201\Microsoft.Common.CurrentVersion.targets(2451,5): warning MSB3277:         C:\Users\ultra\.nuget\packages\microsoft.xaml.behaviors.wpf\1.1.122\lib\net462\Microsoft.Xaml.Behaviors.dll [C:\Users\ultra\warewolf\Dev\Warewolf.Studio.Core\Warewolf.Studio.Core.csproj]
C:\Program Files\dotnet\sdk\10.0.201\Microsoft.Common.CurrentVersion.targets(2451,5): warning MSB3277:           Project file item includes which caused reference "C:\Users\ultra\.nuget\packages\microsoft.xaml.behaviors.wpf\1.1.122\lib\net462\Microsoft.Xaml.Behaviors.dll". [C:\Users\ultra\warewolf\Dev\Warewolf.Studio.Core\Warewolf.Studio.Core.csproj]
C:\Program Files\dotnet\sdk\10.0.201\Microsoft.Common.CurrentVersion.targets(2451,5): warning MSB3277:             C:\Users\ultra\.nuget\packages\microsoft.xaml.behaviors.wpf\1.1.122\lib\net462\Microsoft.Xaml.Behaviors.dll [C:\Users\ultra\warewolf\Dev\Warewolf.Studio.Core\Warewolf.Studio.Core.csproj]
C:\Program Files\dotnet\sdk\10.0.201\Microsoft.Common.CurrentVersion.targets(2451,5): warning MSB3277:             C:\Users\ultra\.nuget\packages\caliburn.micro\4.0.212\lib\netcoreapp3.1\Caliburn.Micro.Platform.dll [C:\Users\ultra\warewolf\Dev\Warewolf.Studio.Core\Warewolf.Studio.Core.csproj]
C:\Program Files\dotnet\sdk\10.0.201\Microsoft.Common.CurrentVersion.targets(2451,5): warning MSB3277:             C:\Users\ultra\.nuget\packages\prism.wpf\9.0.537\lib\net462\Prism.Wpf.dll [C:\Users\ultra\warewolf\Dev\Warewolf.Studio.Core\Warewolf.Studio.Core.csproj]
C:\Program Files\dotnet\sdk\10.0.201\Microsoft.Common.CurrentVersion.targets(2451,5): warning MSB3277:         C:\Users\ultra\.nuget\packages\prism.wpf\9.0.537\lib\net462\Prism.Wpf.dll [C:\Users\ultra\warewolf\Dev\Warewolf.Studio.Core\Warewolf.Studio.Core.csproj]
C:\Program Files\dotnet\sdk\10.0.201\Microsoft.Common.CurrentVersion.targets(2451,5): warning MSB3277:           Project file item includes which caused reference "C:\Users\ultra\.nuget\packages\prism.wpf\9.0.537\lib\net462\Prism.Wpf.dll". [C:\Users\ultra\warewolf\Dev\Warewolf.Studio.Core\Warewolf.Studio.Core.csproj]
C:\Program Files\dotnet\sdk\10.0.201\Microsoft.Common.CurrentVersion.targets(2451,5): warning MSB3277:             C:\Users\ultra\.nuget\packages\prism.wpf\9.0.537\lib\net462\Prism.Wpf.dll [C:\Users\ultra\warewolf\Dev\Warewolf.Studio.Core\Warewolf.Studio.Core.csproj]
C:\Program Files\dotnet\sdk\10.0.201\Microsoft.Common.CurrentVersion.targets(2451,5): warning MSB3277:         C:\Users\ultra\.nuget\packages\reactiveui.wpf\18.4.1\lib\net462\ReactiveUI.Wpf.dll [C:\Users\ultra\warewolf\Dev\Warewolf.Studio.Core\Warewolf.Studio.Core.csproj]
C:\Program Files\dotnet\sdk\10.0.201\Microsoft.Common.CurrentVersion.targets(2451,5): warning MSB3277:           Project file item includes which caused reference "C:\Users\ultra\.nuget\packages\reactiveui.wpf\18.4.1\lib\net462\ReactiveUI.Wpf.dll". [C:\Users\ultra\warewolf\Dev\Warewolf.Studio.Core\Warewolf.Studio.Core.csproj]
C:\Program Files\dotnet\sdk\10.0.201\Microsoft.Common.CurrentVersion.targets(2451,5): warning MSB3277:             C:\Users\ultra\.nuget\packages\reactiveui.wpf\18.4.1\lib\net462\ReactiveUI.Wpf.dll [C:\Users\ultra\warewolf\Dev\Warewolf.Studio.Core\Warewolf.Studio.Core.csproj]
C:\Program Files\dotnet\sdk\10.0.201\Microsoft.Common.CurrentVersion.targets(2451,5): warning MSB3277:         C:\Users\ultra\warewolf\Dev\Binaries\Infragistcs_Net6\InfragisticsWPF4.DragDrop.v15.1.dll [C:\Users\ultra\warewolf\Dev\Warewolf.Studio.Core\Warewolf.Studio.Core.csproj]
C:\Program Files\dotnet\sdk\10.0.201\Microsoft.Common.CurrentVersion.targets(2451,5): warning MSB3277:           Project file item includes which caused reference "C:\Users\ultra\warewolf\Dev\Binaries\Infragistcs_Net6\InfragisticsWPF4.DragDrop.v15.1.dll". [C:\Users\ultra\warewolf\Dev\Warewolf.Studio.Core\Warewolf.Studio.Core.csproj]
C:\Program Files\dotnet\sdk\10.0.201\Microsoft.Common.CurrentVersion.targets(2451,5): warning MSB3277:             InfragisticsWPF4.Controls.Menus.XamDataTree.v15.1, Version=15.1.20151.2055, Culture=neutral, PublicKeyToken=7dd5c3163f2cd0cb, processorArchitecture=MSIL [C:\Users\ultra\warewolf\Dev\Warewolf.Studio.Core\Warewolf.Studio.Core.csproj]
C:\Program Files\dotnet\sdk\10.0.201\Sdks\Microsoft.NET.Sdk\targets\Microsoft.NET.Sdk.targets(308,5): warning NETSDK1206: Found version-specific or distribution-specific runtime identifier(s): win7-x64, win7-x86. Affected libraries: SQLite. In .NET 8.0 and higher, assets for version-specific and distribution-specific runtime identifiers will not be found by default. See https://aka.ms/dotnet/rid-usage for details. [C:\Users\ultra\warewolf\Dev\Warewolf.HangfireServer\Warewolf.HangfireServer.csproj]
  Warewolf.HangfireServer -> C:\Users\ultra\warewolf\Dev\Warewolf.HangfireServer\bin\Debug\net8.0\HangfireServer.dll
  Warewolf.Studio.Core -> C:\Users\ultra\warewolf\Dev\Warewolf.Studio.Core\bin\Debug\net8.0\Warewolf.Studio.Core.dll
  Warewolf.Testing -> C:\Users\ultra\warewolf\Dev\Warewolf.Testing\bin\Debug\net8.0\Warewolf.Testing.dll
  Warewolf.HangfireServer -> C:\Users\ultra\warewolf\Dev\Warewolf.HangfireServer\bin\Debug\net8.0\linux-x64\HangfireServer.dll
C:\Program Files\dotnet\sdk\10.0.201\Sdks\Microsoft.NET.Sdk\targets\Microsoft.NET.Sdk.targets(308,5): warning NETSDK1206: Found version-specific or distribution-specific runtime identifier(s): win7-x64, win7-x86. Affected libraries: SQLite. In .NET 8.0 and higher, assets for version-specific and distribution-specific runtime identifiers will not be found by default. See https://aka.ms/dotnet/rid-usage for details. [C:\Users\ultra\warewolf\Dev\Warewolf.Studio.Models\Warewolf.Studio.Models.csproj]
  Warewolf.Studio.Models -> C:\Users\ultra\warewolf\Dev\Warewolf.Studio.Models\bin\Debug\net8.0\Warewolf.Studio.Models.dll
C:\Program Files\dotnet\sdk\10.0.201\Microsoft.Common.CurrentVersion.targets(2451,5): warning MSB3245: Could not resolve this reference. Could not locate the assembly "System.ServiceModel.Activities". Check to make sure the assembly exists on disk. If this reference is required by your code, you may get compilation errors. [C:\Users\ultra\warewolf\Dev\Dev2.Activities\Dev2.Activities.csproj]
C:\Program Files\dotnet\sdk\10.0.201\Microsoft.Common.CurrentVersion.targets(2451,5): warning MSB3277: Found conflicts between different versions of "WindowsBase" that could not be resolved. [C:\Users\ultra\warewolf\Dev\Dev2.Activities\Dev2.Activities.csproj]
C:\Program Files\dotnet\sdk\10.0.201\Microsoft.Common.CurrentVersion.targets(2451,5): warning MSB3277: There was a conflict between "WindowsBase, Version=4.0.0.0, Culture=neutral, PublicKeyToken=31bf3856ad364e35" and "WindowsBase, Version=6.0.2.0, Culture=neutral, PublicKeyToken=31bf3856ad364e35". [C:\Users\ultra\warewolf\Dev\Dev2.Activities\Dev2.Activities.csproj]
C:\Program Files\dotnet\sdk\10.0.201\Microsoft.Common.CurrentVersion.targets(2451,5): warning MSB3277:     "WindowsBase, Version=4.0.0.0, Culture=neutral, PublicKeyToken=31bf3856ad364e35" was chosen because it was primary and "WindowsBase, Version=6.0.2.0, Culture=neutral, PublicKeyToken=31bf3856ad364e35" was not. [C:\Users\ultra\warewolf\Dev\Dev2.Activities\Dev2.Activities.csproj]
C:\Program Files\dotnet\sdk\10.0.201\Microsoft.Common.CurrentVersion.targets(2451,5): warning MSB3277:     References which depend on "WindowsBase, Version=4.0.0.0, Culture=neutral, PublicKeyToken=31bf3856ad364e35" [C:\Program Files\dotnet\packs\Microsoft.NETCore.App.Ref\8.0.25\ref\net8.0\WindowsBase.dll]. [C:\Users\ultra\warewolf\Dev\Dev2.Activities\Dev2.Activities.csproj]
C:\Program Files\dotnet\sdk\10.0.201\Microsoft.Common.CurrentVersion.targets(2451,5): warning MSB3277:         C:\Program Files\dotnet\packs\Microsoft.NETCore.App.Ref\8.0.25\ref\net8.0\WindowsBase.dll [C:\Users\ultra\warewolf\Dev\Dev2.Activities\Dev2.Activities.csproj]
C:\Program Files\dotnet\sdk\10.0.201\Microsoft.Common.CurrentVersion.targets(2451,5): warning MSB3277:           Project file item includes which caused reference "C:\Program Files\dotnet\packs\Microsoft.NETCore.App.Ref\8.0.25\ref\net8.0\WindowsBase.dll". [C:\Users\ultra\warewolf\Dev\Dev2.Activities\Dev2.Activities.csproj]
C:\Program Files\dotnet\sdk\10.0.201\Microsoft.Common.CurrentVersion.targets(2451,5): warning MSB3277:             C:\Program Files\dotnet\packs\Microsoft.NETCore.App.Ref\8.0.25\ref/net8.0/WindowsBase.dll [C:\Users\ultra\warewolf\Dev\Dev2.Activities\Dev2.Activities.csproj]
C:\Program Files\dotnet\sdk\10.0.201\Microsoft.Common.CurrentVersion.targets(2451,5): warning MSB3277:     References which depend on or have been unified to "WindowsBase, Version=6.0.2.0, Culture=neutral, PublicKeyToken=31bf3856ad364e35" []. [C:\Users\ultra\warewolf\Dev\Dev2.Activities\Dev2.Activities.csproj]
C:\Program Files\dotnet\sdk\10.0.201\Microsoft.Common.CurrentVersion.targets(2451,5): warning MSB3277:         C:\Users\ultra\.nuget\packages\caliburn.micro\4.0.212\lib\netcoreapp3.1\Caliburn.Micro.Platform.dll [C:\Users\ultra\warewolf\Dev\Dev2.Activities\Dev2.Activities.csproj]
C:\Program Files\dotnet\sdk\10.0.201\Microsoft.Common.CurrentVersion.targets(2451,5): warning MSB3277:           Project file item includes which caused reference "C:\Users\ultra\.nuget\packages\caliburn.micro\4.0.212\lib\netcoreapp3.1\Caliburn.Micro.Platform.dll". [C:\Users\ultra\warewolf\Dev\Dev2.Activities\Dev2.Activities.csproj]
C:\Program Files\dotnet\sdk\10.0.201\Microsoft.Common.CurrentVersion.targets(2451,5): warning MSB3277:             C:\Users\ultra\.nuget\packages\caliburn.micro\4.0.212\lib\netcoreapp3.1\Caliburn.Micro.Platform.dll [C:\Users\ultra\warewolf\Dev\Dev2.Activities\Dev2.Activities.csproj]
C:\Program Files\dotnet\sdk\10.0.201\Microsoft.Common.CurrentVersion.targets(2451,5): warning MSB3277:         C:\Users\ultra\.nuget\packages\ironpython\3.4.0\lib\net6.0\IronPython.Wpf.dll [C:\Users\ultra\warewolf\Dev\Dev2.Activities\Dev2.Activities.csproj]
C:\Program Files\dotnet\sdk\10.0.201\Microsoft.Common.CurrentVersion.targets(2451,5): warning MSB3277:           Project file item includes which caused reference "C:\Users\ultra\.nuget\packages\ironpython\3.4.0\lib\net6.0\IronPython.Wpf.dll". [C:\Users\ultra\warewolf\Dev\Dev2.Activities\Dev2.Activities.csproj]
C:\Program Files\dotnet\sdk\10.0.201\Microsoft.Common.CurrentVersion.targets(2451,5): warning MSB3277:             C:\Users\ultra\.nuget\packages\ironpython\3.4.0\lib\net6.0\IronPython.Wpf.dll [C:\Users\ultra\warewolf\Dev\Dev2.Activities\Dev2.Activities.csproj]
C:\Program Files\dotnet\sdk\10.0.201\Microsoft.Common.CurrentVersion.targets(2451,5): warning MSB3277:         C:\Users\ultra\.nuget\packages\microsoft.xaml.behaviors.wpf\1.1.19\lib\netcoreapp3.0\Microsoft.Xaml.Behaviors.dll [C:\Users\ultra\warewolf\Dev\Dev2.Activities\Dev2.Activities.csproj]
C:\Program Files\dotnet\sdk\10.0.201\Microsoft.Common.CurrentVersion.targets(2451,5): warning MSB3277:           Project file item includes which caused reference "C:\Users\ultra\.nuget\packages\microsoft.xaml.behaviors.wpf\1.1.19\lib\netcoreapp3.0\Microsoft.Xaml.Behaviors.dll". [C:\Users\ultra\warewolf\Dev\Dev2.Activities\Dev2.Activities.csproj]
C:\Program Files\dotnet\sdk\10.0.201\Microsoft.Common.CurrentVersion.targets(2451,5): warning MSB3277:             C:\Users\ultra\.nuget\packages\microsoft.xaml.behaviors.wpf\1.1.19\lib\netcoreapp3.0\Microsoft.Xaml.Behaviors.dll [C:\Users\ultra\warewolf\Dev\Dev2.Activities\Dev2.Activities.csproj]
C:\Program Files\dotnet\sdk\10.0.201\Microsoft.Common.CurrentVersion.targets(2451,5): warning MSB3277:             C:\Users\ultra\.nuget\packages\caliburn.micro\4.0.212\lib\netcoreapp3.1\Caliburn.Micro.Platform.dll [C:\Users\ultra\warewolf\Dev\Dev2.Activities\Dev2.Activities.csproj]
C:\Program Files\dotnet\sdk\10.0.201\Microsoft.Common.CurrentVersion.targets(2451,5): warning MSB3277:         C:\Users\ultra\.nuget\packages\reactiveui.wpf\18.4.1\lib\net462\ReactiveUI.Wpf.dll [C:\Users\ultra\warewolf\Dev\Dev2.Activities\Dev2.Activities.csproj]
C:\Program Files\dotnet\sdk\10.0.201\Microsoft.Common.CurrentVersion.targets(2451,5): warning MSB3277:           Project file item includes which caused reference "C:\Users\ultra\.nuget\packages\reactiveui.wpf\18.4.1\lib\net462\ReactiveUI.Wpf.dll". [C:\Users\ultra\warewolf\Dev\Dev2.Activities\Dev2.Activities.csproj]
C:\Program Files\dotnet\sdk\10.0.201\Microsoft.Common.CurrentVersion.targets(2451,5): warning MSB3277:             C:\Users\ultra\.nuget\packages\reactiveui.wpf\18.4.1\lib\net462\ReactiveUI.Wpf.dll [C:\Users\ultra\warewolf\Dev\Dev2.Activities\Dev2.Activities.csproj]
  Consider app.config remapping of assembly "System.Runtime.CompilerServices.Unsafe, Culture=neutral, PublicKeyToken=b03f5f7f11d50a3a" from Version "6.0.0.0" [] to Version "8.0.0.0" [C:\Program Files\dotnet\packs\Microsoft.NETCore.App.Ref\8.0.25\ref\net8.0\System.Runtime.CompilerServices.Unsafe.dll] to solve conflict and get rid of warning.
C:\Program Files\dotnet\sdk\10.0.201\Microsoft.Common.CurrentVersion.targets(2451,5): warning MSB3277: Found conflicts between different versions of "Microsoft.Win32.SystemEvents" that could not be resolved. [C:\Users\ultra\warewolf\Dev\Warewolf.Core.Tests\Warewolf.Core.Tests.csproj]
C:\Program Files\dotnet\sdk\10.0.201\Microsoft.Common.CurrentVersion.targets(2451,5): warning MSB3277: There was a conflict between "Microsoft.Win32.SystemEvents, Version=6.0.0.0, Culture=neutral, PublicKeyToken=cc7b13ffcd2ddd51" and "Microsoft.Win32.SystemEvents, Version=7.0.0.0, Culture=neutral, PublicKeyToken=cc7b13ffcd2ddd51". [C:\Users\ultra\warewolf\Dev\Warewolf.Core.Tests\Warewolf.Core.Tests.csproj]
C:\Program Files\dotnet\sdk\10.0.201\Microsoft.Common.CurrentVersion.targets(2451,5): warning MSB3277:     "Microsoft.Win32.SystemEvents, Version=6.0.0.0, Culture=neutral, PublicKeyToken=cc7b13ffcd2ddd51" was chosen because it was primary and "Microsoft.Win32.SystemEvents, Version=7.0.0.0, Culture=neutral, PublicKeyToken=cc7b13ffcd2ddd51" was not. [C:\Users\ultra\warewolf\Dev\Warewolf.Core.Tests\Warewolf.Core.Tests.csproj]
C:\Program Files\dotnet\sdk\10.0.201\Microsoft.Common.CurrentVersion.targets(2451,5): warning MSB3277:     References which depend on "Microsoft.Win32.SystemEvents, Version=6.0.0.0, Culture=neutral, PublicKeyToken=cc7b13ffcd2ddd51" [C:\Users\ultra\.nuget\packages\microsoft.win32.systemevents\6.0.0\lib\net6.0\Microsoft.Win32.SystemEvents.dll]. [C:\Users\ultra\warewolf\Dev\Warewolf.Core.Tests\Warewolf.Core.Tests.csproj]
C:\Program Files\dotnet\sdk\10.0.201\Microsoft.Common.CurrentVersion.targets(2451,5): warning MSB3277:         C:\Users\ultra\.nuget\packages\microsoft.win32.systemevents\6.0.0\lib\net6.0\Microsoft.Win32.SystemEvents.dll [C:\Users\ultra\warewolf\Dev\Warewolf.Core.Tests\Warewolf.Core.Tests.csproj]
C:\Program Files\dotnet\sdk\10.0.201\Microsoft.Common.CurrentVersion.targets(2451,5): warning MSB3277:           Project file item includes which caused reference "C:\Users\ultra\.nuget\packages\microsoft.win32.systemevents\6.0.0\lib\net6.0\Microsoft.Win32.SystemEvents.dll". [C:\Users\ultra\warewolf\Dev\Warewolf.Core.Tests\Warewolf.Core.Tests.csproj]
C:\Program Files\dotnet\sdk\10.0.201\Microsoft.Common.CurrentVersion.targets(2451,5): warning MSB3277:             C:\Users\ultra\.nuget\packages\microsoft.win32.systemevents\6.0.0\lib\net6.0\Microsoft.Win32.SystemEvents.dll [C:\Users\ultra\warewolf\Dev\Warewolf.Core.Tests\Warewolf.Core.Tests.csproj]
C:\Program Files\dotnet\sdk\10.0.201\Microsoft.Common.CurrentVersion.targets(2451,5): warning MSB3277:     References which depend on or have been unified to "Microsoft.Win32.SystemEvents, Version=7.0.0.0, Culture=neutral, PublicKeyToken=cc7b13ffcd2ddd51" []. [C:\Users\ultra\warewolf\Dev\Warewolf.Core.Tests\Warewolf.Core.Tests.csproj]
C:\Program Files\dotnet\sdk\10.0.201\Microsoft.Common.CurrentVersion.targets(2451,5): warning MSB3277:         C:\Users\ultra\warewolf\Dev\Dev2.Common\bin\Debug\net8.0\Dev2.Common.dll [C:\Users\ultra\warewolf\Dev\Warewolf.Core.Tests\Warewolf.Core.Tests.csproj]
C:\Program Files\dotnet\sdk\10.0.201\Microsoft.Common.CurrentVersion.targets(2451,5): warning MSB3277:           Project file item includes which caused reference "C:\Users\ultra\warewolf\Dev\Dev2.Common\bin\Debug\net8.0\Dev2.Common.dll". [C:\Users\ultra\warewolf\Dev\Warewolf.Core.Tests\Warewolf.Core.Tests.csproj]
C:\Program Files\dotnet\sdk\10.0.201\Microsoft.Common.CurrentVersion.targets(2451,5): warning MSB3277:             C:\Users\ultra\warewolf\Dev\Dev2.Common\bin\Debug\net8.0\Dev2.Common.dll [C:\Users\ultra\warewolf\Dev\Warewolf.Core.Tests\Warewolf.Core.Tests.csproj]
C:\Program Files\dotnet\sdk\10.0.201\Microsoft.Common.CurrentVersion.targets(2451,5): warning MSB3277:             C:\Users\ultra\warewolf\Dev\Dev2.Infrastructure\bin\Debug\net8.0\Dev2.Infrastructure.dll [C:\Users\ultra\warewolf\Dev\Warewolf.Core.Tests\Warewolf.Core.Tests.csproj]
C:\Program Files\dotnet\sdk\10.0.201\Microsoft.Common.CurrentVersion.targets(2451,5): warning MSB3277:             C:\Users\ultra\warewolf\Dev\Warewolf.Core\bin\Debug\net8.0\Warewolf.Core.dll [C:\Users\ultra\warewolf\Dev\Warewolf.Core.Tests\Warewolf.Core.Tests.csproj]
C:\Program Files\dotnet\sdk\10.0.201\Microsoft.Common.CurrentVersion.targets(2451,5): warning MSB3277:             C:\Users\ultra\warewolf\Dev\Warewolf.Testing\bin\Debug\net8.0\Warewolf.Testing.dll [C:\Users\ultra\warewolf\Dev\Warewolf.Core.Tests\Warewolf.Core.Tests.csproj]
C:\Program Files\dotnet\sdk\10.0.201\Microsoft.Common.CurrentVersion.targets(2451,5): warning MSB3277:             C:\Users\ultra\warewolf\Dev\Dev2.Core\bin\Debug\net8.0\Dev2.Core.dll [C:\Users\ultra\warewolf\Dev\Warewolf.Core.Tests\Warewolf.Core.Tests.csproj]
C:\Program Files\dotnet\sdk\10.0.201\Microsoft.Common.CurrentVersion.targets(2451,5): warning MSB3277:             C:\Users\ultra\warewolf\Dev\Dev2.Data\bin\Debug\net8.0\Dev2.Data.dll [C:\Users\ultra\warewolf\Dev\Warewolf.Core.Tests\Warewolf.Core.Tests.csproj]
C:\Program Files\dotnet\sdk\10.0.201\Microsoft.Common.CurrentVersion.targets(2451,5): warning MSB3277:             C:\Users\ultra\warewolf\Dev\Dev2.Diagnostics\bin\Debug\net8.0\Dev2.Diagnostics.dll [C:\Users\ultra\warewolf\Dev\Warewolf.Core.Tests\Warewolf.Core.Tests.csproj]
C:\Program Files\dotnet\sdk\10.0.201\Microsoft.Common.CurrentVersion.targets(2451,5): warning MSB3277:             C:\Users\ultra\warewolf\Dev\Dev2.Runtime.Services\bin\Debug\net8.0\Dev2.Runtime.Services.dll [C:\Users\ultra\warewolf\Dev\Warewolf.Core.Tests\Warewolf.Core.Tests.csproj]
C:\Program Files\dotnet\sdk\10.0.201\Microsoft.Common.CurrentVersion.targets(2451,5): warning MSB3277:             C:\Users\ultra\warewolf\Dev\Dev2.Scheduler\bin\Debug\net8.0\Dev2.Scheduler.dll [C:\Users\ultra\warewolf\Dev\Warewolf.Core.Tests\Warewolf.Core.Tests.csproj]
C:\Program Files\dotnet\sdk\10.0.201\Microsoft.Common.CurrentVersion.targets(2451,5): warning MSB3277:             C:\Users\ultra\warewolf\Dev\Dev2.Services.Sql\bin\Debug\net8.0\Dev2.Services.Sql.dll [C:\Users\ultra\warewolf\Dev\Warewolf.Core.Tests\Warewolf.Core.Tests.csproj]
C:\Program Files\dotnet\sdk\10.0.201\Microsoft.Common.CurrentVersion.targets(2451,5): warning MSB3277:             C:\Users\ultra\warewolf\Dev\Dev2.Studio.Interfaces\bin\Debug\net8.0\Dev2.Studio.Interfaces.dll [C:\Users\ultra\warewolf\Dev\Warewolf.Core.Tests\Warewolf.Core.Tests.csproj]
C:\Program Files\dotnet\sdk\10.0.201\Microsoft.Common.CurrentVersion.targets(2451,5): warning MSB3277:             C:\Users\ultra\warewolf\Dev\Dev2.TaskScheduler.Wrappers\bin\Debug\net8.0\Dev2.TaskScheduler.Wrappers.dll [C:\Users\ultra\warewolf\Dev\Warewolf.Core.Tests\Warewolf.Core.Tests.csproj]
C:\Program Files\dotnet\sdk\10.0.201\Microsoft.Common.CurrentVersion.targets(2451,5): warning MSB3277:             C:\Users\ultra\warewolf\Dev\Dev2.Util\bin\Debug\net8.0\Dev2.Util.dll [C:\Users\ultra\warewolf\Dev\Warewolf.Core.Tests\Warewolf.Core.Tests.csproj]
C:\Program Files\dotnet\sdk\10.0.201\Microsoft.Common.CurrentVersion.targets(2451,5): warning MSB3277:             C:\Users\ultra\warewolf\Dev\Warewolf.AI.Harness\bin\Debug\net8.0\Warewolf.AI.Harness.dll [C:\Users\ultra\warewolf\Dev\Warewolf.Core.Tests\Warewolf.Core.Tests.csproj]
C:\Program Files\dotnet\sdk\10.0.201\Microsoft.Common.CurrentVersion.targets(2451,5): warning MSB3277:             C:\Users\ultra\warewolf\Dev\Warewolf.Auditing\bin\Debug\net8.0\Warewolf.Auditing.dll [C:\Users\ultra\warewolf\Dev\Warewolf.Core.Tests\Warewolf.Core.Tests.csproj]
C:\Program Files\dotnet\sdk\10.0.201\Microsoft.Common.CurrentVersion.targets(2451,5): warning MSB3277:             C:\Users\ultra\warewolf\Dev\Warewolf.Common.NetStandard20\bin\Debug\net8.0\Warewolf.Common.NetStandard20.dll [C:\Users\ultra\warewolf\Dev\Warewolf.Core.Tests\Warewolf.Core.Tests.csproj]
C:\Program Files\dotnet\sdk\10.0.201\Microsoft.Common.CurrentVersion.targets(2451,5): warning MSB3277:             C:\Users\ultra\warewolf\Dev\Warewolf.Driver.Serilog\bin\Debug\net8.0\Warewolf.Driver.Serilog.dll [C:\Users\ultra\warewolf\Dev\Warewolf.Core.Tests\Warewolf.Core.Tests.csproj]
C:\Program Files\dotnet\sdk\10.0.201\Microsoft.Common.CurrentVersion.targets(2451,5): warning MSB3277:             C:\Users\ultra\warewolf\Dev\Warewolf.ResourceManagement\bin\Debug\net8.0\Warewolf.ResourceManagement.dll [C:\Users\ultra\warewolf\Dev\Warewolf.Core.Tests\Warewolf.Core.Tests.csproj]
C:\Program Files\dotnet\sdk\10.0.201\Microsoft.Common.CurrentVersion.targets(2451,5): warning MSB3277:             C:\Users\ultra\warewolf\Dev\Warewolf.Sharepoint\bin\Debug\net8.0\Warewolf.Sharepoint.dll [C:\Users\ultra\warewolf\Dev\Warewolf.Core.Tests\Warewolf.Core.Tests.csproj]
C:\Program Files\dotnet\sdk\10.0.201\Microsoft.Common.CurrentVersion.targets(2451,5): warning MSB3277:             C:\Users\ultra\warewolf\Dev\Warewolf.Storage\bin\Debug\net8.0\Warewolf.Storage.dll [C:\Users\ultra\warewolf\Dev\Warewolf.Core.Tests\Warewolf.Core.Tests.csproj]
C:\Program Files\dotnet\sdk\10.0.201\Microsoft.Common.CurrentVersion.targets(2451,5): warning MSB3277:         C:\Users\ultra\.nuget\packages\timespan2\2.4.2\lib\netcoreapp3.1\TimeSpan2.dll [C:\Users\ultra\warewolf\Dev\Warewolf.Core.Tests\Warewolf.Core.Tests.csproj]
C:\Program Files\dotnet\sdk\10.0.201\Microsoft.Common.CurrentVersion.targets(2451,5): warning MSB3277:           Project file item includes which caused reference "C:\Users\ultra\.nuget\packages\timespan2\2.4.2\lib\netcoreapp3.1\TimeSpan2.dll". [C:\Users\ultra\warewolf\Dev\Warewolf.Core.Tests\Warewolf.Core.Tests.csproj]
C:\Program Files\dotnet\sdk\10.0.201\Microsoft.Common.CurrentVersion.targets(2451,5): warning MSB3277:             C:\Users\ultra\.nuget\packages\timespan2\2.4.2\lib\netcoreapp3.1\TimeSpan2.dll [C:\Users\ultra\warewolf\Dev\Warewolf.Core.Tests\Warewolf.Core.Tests.csproj]
C:\Program Files\dotnet\sdk\10.0.201\Microsoft.Common.CurrentVersion.targets(2451,5): warning MSB3277:             C:\Users\ultra\.nuget\packages\taskschedulereditor\2.10.1\lib\net452\Microsoft.Win32.TaskSchedulerEditor.dll [C:\Users\ultra\warewolf\Dev\Warewolf.Core.Tests\Warewolf.Core.Tests.csproj]
C:\Program Files\dotnet\sdk\10.0.201\Microsoft.Common.CurrentVersion.targets(2451,5): warning MSB3277:         C:\Program Files\dotnet\packs\Microsoft.NETCore.App.Ref\8.0.25\ref\net8.0\System.dll [C:\Users\ultra\warewolf\Dev\Warewolf.Core.Tests\Warewolf.Core.Tests.csproj]
C:\Program Files\dotnet\sdk\10.0.201\Microsoft.Common.CurrentVersion.targets(2451,5): warning MSB3277:           Project file item includes which caused reference "C:\Program Files\dotnet\packs\Microsoft.NETCore.App.Ref\8.0.25\ref\net8.0\System.dll". [C:\Users\ultra\warewolf\Dev\Warewolf.Core.Tests\Warewolf.Core.Tests.csproj]
C:\Program Files\dotnet\sdk\10.0.201\Microsoft.Common.CurrentVersion.targets(2451,5): warning MSB3277:             C:\Program Files\dotnet\packs\Microsoft.NETCore.App.Ref\8.0.25\ref/net8.0/System.dll [C:\Users\ultra\warewolf\Dev\Warewolf.Core.Tests\Warewolf.Core.Tests.csproj]
C:\Program Files\dotnet\sdk\10.0.201\Microsoft.Common.CurrentVersion.targets(2451,5): warning MSB3277:             C:\Users\ultra\.nuget\packages\aerowizard\2.3.1\lib\net45\AeroWizard.dll [C:\Users\ultra\warewolf\Dev\Warewolf.Core.Tests\Warewolf.Core.Tests.csproj]
C:\Program Files\dotnet\sdk\10.0.201\Microsoft.Common.CurrentVersion.targets(2451,5): warning MSB3277:             C:\Users\ultra\.nuget\packages\groupcontrols\1.9.0\lib\net45\GroupControls.dll [C:\Users\ultra\warewolf\Dev\Warewolf.Core.Tests\Warewolf.Core.Tests.csproj]
C:\Program Files\dotnet\sdk\10.0.201\Microsoft.Common.CurrentVersion.targets(2451,5): warning MSB3277:             C:\Users\ultra\.nuget\packages\microsoft.xaml.behaviors.wpf\1.1.122\lib\net462\Microsoft.Xaml.Behaviors.dll [C:\Users\ultra\warewolf\Dev\Warewolf.Core.Tests\Warewolf.Core.Tests.csproj]
C:\Program Files\dotnet\sdk\10.0.201\Microsoft.Common.CurrentVersion.targets(2451,5): warning MSB3277:             C:\Users\ultra\.nuget\packages\caliburn.micro\4.0.212\lib\netcoreapp3.1\Caliburn.Micro.Platform.dll [C:\Users\ultra\warewolf\Dev\Warewolf.Core.Tests\Warewolf.Core.Tests.csproj]
C:\Program Files\dotnet\sdk\10.0.201\Microsoft.Common.CurrentVersion.targets(2451,5): warning MSB3277:             C:\Users\ultra\.nuget\packages\prism.wpf\9.0.537\lib\net462\Prism.Wpf.dll [C:\Users\ultra\warewolf\Dev\Warewolf.Core.Tests\Warewolf.Core.Tests.csproj]
C:\Program Files\dotnet\sdk\10.0.201\Microsoft.Common.CurrentVersion.targets(2451,5): warning MSB3277:             C:\Users\ultra\.nuget\packages\reactiveui.wpf\18.4.1\lib\net462\ReactiveUI.Wpf.dll [C:\Users\ultra\warewolf\Dev\Warewolf.Core.Tests\Warewolf.Core.Tests.csproj]
C:\Program Files\dotnet\sdk\10.0.201\Microsoft.Common.CurrentVersion.targets(2451,5): warning MSB3277:             C:\Users\ultra\.nuget\packages\taskschedulereditor\2.10.1\lib\net452\Microsoft.Win32.TaskSchedulerEditor.dll [C:\Users\ultra\warewolf\Dev\Warewolf.Core.Tests\Warewolf.Core.Tests.csproj]
C:\Program Files\dotnet\sdk\10.0.201\Microsoft.Common.CurrentVersion.targets(2451,5): warning MSB3277:             C:\Users\ultra\.nuget\packages\ttcue.netcore.sharepointonline.csom.16.1.8029.1200\16.1.8029.1200\lib\netcoreapp2.0\Microsoft.SharePoint.Client.Runtime.Windows.dll [C:\Users\ultra\warewolf\Dev\Warewolf.Core.Tests\Warewolf.Core.Tests.csproj]
C:\Program Files\dotnet\sdk\10.0.201\Microsoft.Common.CurrentVersion.targets(2451,5): warning MSB3277:         C:\Users\ultra\warewolf\Dev\Binaries\Infragistcs_Net6\InfragisticsWPF4.v15.1.dll [C:\Users\ultra\warewolf\Dev\Warewolf.Core.Tests\Warewolf.Core.Tests.csproj]
C:\Program Files\dotnet\sdk\10.0.201\Microsoft.Common.CurrentVersion.targets(2451,5): warning MSB3277:           Project file item includes which caused reference "C:\Users\ultra\warewolf\Dev\Binaries\Infragistcs_Net6\InfragisticsWPF4.v15.1.dll". [C:\Users\ultra\warewolf\Dev\Warewolf.Core.Tests\Warewolf.Core.Tests.csproj]
C:\Program Files\dotnet\sdk\10.0.201\Microsoft.Common.CurrentVersion.targets(2451,5): warning MSB3277:             Infragistics.Calculations [C:\Users\ultra\warewolf\Dev\Warewolf.Core.Tests\Warewolf.Core.Tests.csproj]
C:\Program Files\dotnet\sdk\10.0.201\Microsoft.Common.CurrentVersion.targets(2451,5): warning MSB3277: Found conflicts between different versions of "WindowsBase" that could not be resolved. [C:\Users\ultra\warewolf\Dev\Warewolf.Core.Tests\Warewolf.Core.Tests.csproj]
C:\Program Files\dotnet\sdk\10.0.201\Microsoft.Common.CurrentVersion.targets(2451,5): warning MSB3277: There was a conflict between "WindowsBase, Version=4.0.0.0, Culture=neutral, PublicKeyToken=31bf3856ad364e35" and "WindowsBase, Version=6.0.2.0, Culture=neutral, PublicKeyToken=31bf3856ad364e35". [C:\Users\ultra\warewolf\Dev\Warewolf.Core.Tests\Warewolf.Core.Tests.csproj]
C:\Program Files\dotnet\sdk\10.0.201\Microsoft.Common.CurrentVersion.targets(2451,5): warning MSB3277:     "WindowsBase, Version=4.0.0.0, Culture=neutral, PublicKeyToken=31bf3856ad364e35" was chosen because it was primary and "WindowsBase, Version=6.0.2.0, Culture=neutral, PublicKeyToken=31bf3856ad364e35" was not. [C:\Users\ultra\warewolf\Dev\Warewolf.Core.Tests\Warewolf.Core.Tests.csproj]
C:\Program Files\dotnet\sdk\10.0.201\Microsoft.Common.CurrentVersion.targets(2451,5): warning MSB3277:     References which depend on "WindowsBase, Version=4.0.0.0, Culture=neutral, PublicKeyToken=31bf3856ad364e35" [C:\Program Files\dotnet\packs\Microsoft.NETCore.App.Ref\8.0.25\ref\net8.0\WindowsBase.dll]. [C:\Users\ultra\warewolf\Dev\Warewolf.Core.Tests\Warewolf.Core.Tests.csproj]
C:\Program Files\dotnet\sdk\10.0.201\Microsoft.Common.CurrentVersion.targets(2451,5): warning MSB3277:         C:\Program Files\dotnet\packs\Microsoft.NETCore.App.Ref\8.0.25\ref\net8.0\WindowsBase.dll [C:\Users\ultra\warewolf\Dev\Warewolf.Core.Tests\Warewolf.Core.Tests.csproj]
C:\Program Files\dotnet\sdk\10.0.201\Microsoft.Common.CurrentVersion.targets(2451,5): warning MSB3277:           Project file item includes which caused reference "C:\Program Files\dotnet\packs\Microsoft.NETCore.App.Ref\8.0.25\ref\net8.0\WindowsBase.dll". [C:\Users\ultra\warewolf\Dev\Warewolf.Core.Tests\Warewolf.Core.Tests.csproj]
C:\Program Files\dotnet\sdk\10.0.201\Microsoft.Common.CurrentVersion.targets(2451,5): warning MSB3277:             C:\Program Files\dotnet\packs\Microsoft.NETCore.App.Ref\8.0.25\ref/net8.0/WindowsBase.dll [C:\Users\ultra\warewolf\Dev\Warewolf.Core.Tests\Warewolf.Core.Tests.csproj]
C:\Program Files\dotnet\sdk\10.0.201\Microsoft.Common.CurrentVersion.targets(2451,5): warning MSB3277:     References which depend on or have been unified to "WindowsBase, Version=6.0.2.0, Culture=neutral, PublicKeyToken=31bf3856ad364e35" []. [C:\Users\ultra\warewolf\Dev\Warewolf.Core.Tests\Warewolf.Core.Tests.csproj]
C:\Program Files\dotnet\sdk\10.0.201\Microsoft.Common.CurrentVersion.targets(2451,5): warning MSB3277:         C:\Users\ultra\warewolf\Dev\Binaries\Infragistcs_Net6\Infragistics.Calculations.dll [C:\Users\ultra\warewolf\Dev\Warewolf.Core.Tests\Warewolf.Core.Tests.csproj]
C:\Program Files\dotnet\sdk\10.0.201\Microsoft.Common.CurrentVersion.targets(2451,5): warning MSB3277:           Project file item includes which caused reference "C:\Users\ultra\warewolf\Dev\Binaries\Infragistcs_Net6\Infragistics.Calculations.dll". [C:\Users\ultra\warewolf\Dev\Warewolf.Core.Tests\Warewolf.Core.Tests.csproj]
C:\Program Files\dotnet\sdk\10.0.201\Microsoft.Common.CurrentVersion.targets(2451,5): warning MSB3277:             Infragistics.Calculations [C:\Users\ultra\warewolf\Dev\Warewolf.Core.Tests\Warewolf.Core.Tests.csproj]
C:\Program Files\dotnet\sdk\10.0.201\Microsoft.Common.CurrentVersion.targets(2451,5): warning MSB3277:         C:\Users\ultra\.nuget\packages\caliburn.micro\4.0.212\lib\netcoreapp3.1\Caliburn.Micro.Platform.dll [C:\Users\ultra\warewolf\Dev\Warewolf.Core.Tests\Warewolf.Core.Tests.csproj]
C:\Program Files\dotnet\sdk\10.0.201\Microsoft.Common.CurrentVersion.targets(2451,5): warning MSB3277:           Project file item includes which caused reference "C:\Users\ultra\.nuget\packages\caliburn.micro\4.0.212\lib\netcoreapp3.1\Caliburn.Micro.Platform.dll". [C:\Users\ultra\warewolf\Dev\Warewolf.Core.Tests\Warewolf.Core.Tests.csproj]
C:\Program Files\dotnet\sdk\10.0.201\Microsoft.Common.CurrentVersion.targets(2451,5): warning MSB3277:             C:\Users\ultra\.nuget\packages\caliburn.micro\4.0.212\lib\netcoreapp3.1\Caliburn.Micro.Platform.dll [C:\Users\ultra\warewolf\Dev\Warewolf.Core.Tests\Warewolf.Core.Tests.csproj]
C:\Program Files\dotnet\sdk\10.0.201\Microsoft.Common.CurrentVersion.targets(2451,5): warning MSB3277:         C:\Users\ultra\.nuget\packages\microsoft.xaml.behaviors.wpf\1.1.122\lib\net462\Microsoft.Xaml.Behaviors.dll [C:\Users\ultra\warewolf\Dev\Warewolf.Core.Tests\Warewolf.Core.Tests.csproj]
C:\Program Files\dotnet\sdk\10.0.201\Microsoft.Common.CurrentVersion.targets(2451,5): warning MSB3277:           Project file item includes which caused reference "C:\Users\ultra\.nuget\packages\microsoft.xaml.behaviors.wpf\1.1.122\lib\net462\Microsoft.Xaml.Behaviors.dll". [C:\Users\ultra\warewolf\Dev\Warewolf.Core.Tests\Warewolf.Core.Tests.csproj]
C:\Program Files\dotnet\sdk\10.0.201\Microsoft.Common.CurrentVersion.targets(2451,5): warning MSB3277:             C:\Users\ultra\.nuget\packages\microsoft.xaml.behaviors.wpf\1.1.122\lib\net462\Microsoft.Xaml.Behaviors.dll [C:\Users\ultra\warewolf\Dev\Warewolf.Core.Tests\Warewolf.Core.Tests.csproj]
C:\Program Files\dotnet\sdk\10.0.201\Microsoft.Common.CurrentVersion.targets(2451,5): warning MSB3277:             C:\Users\ultra\.nuget\packages\caliburn.micro\4.0.212\lib\netcoreapp3.1\Caliburn.Micro.Platform.dll [C:\Users\ultra\warewolf\Dev\Warewolf.Core.Tests\Warewolf.Core.Tests.csproj]
C:\Program Files\dotnet\sdk\10.0.201\Microsoft.Common.CurrentVersion.targets(2451,5): warning MSB3277:             C:\Users\ultra\.nuget\packages\prism.wpf\9.0.537\lib\net462\Prism.Wpf.dll [C:\Users\ultra\warewolf\Dev\Warewolf.Core.Tests\Warewolf.Core.Tests.csproj]
C:\Program Files\dotnet\sdk\10.0.201\Microsoft.Common.CurrentVersion.targets(2451,5): warning MSB3277:         C:\Users\ultra\.nuget\packages\prism.wpf\9.0.537\lib\net462\Prism.Wpf.dll [C:\Users\ultra\warewolf\Dev\Warewolf.Core.Tests\Warewolf.Core.Tests.csproj]
C:\Program Files\dotnet\sdk\10.0.201\Microsoft.Common.CurrentVersion.targets(2451,5): warning MSB3277:           Project file item includes which caused reference "C:\Users\ultra\.nuget\packages\prism.wpf\9.0.537\lib\net462\Prism.Wpf.dll". [C:\Users\ultra\warewolf\Dev\Warewolf.Core.Tests\Warewolf.Core.Tests.csproj]
C:\Program Files\dotnet\sdk\10.0.201\Microsoft.Common.CurrentVersion.targets(2451,5): warning MSB3277:             C:\Users\ultra\.nuget\packages\prism.wpf\9.0.537\lib\net462\Prism.Wpf.dll [C:\Users\ultra\warewolf\Dev\Warewolf.Core.Tests\Warewolf.Core.Tests.csproj]
C:\Program Files\dotnet\sdk\10.0.201\Microsoft.Common.CurrentVersion.targets(2451,5): warning MSB3277:         C:\Users\ultra\.nuget\packages\reactiveui.wpf\18.4.1\lib\net462\ReactiveUI.Wpf.dll [C:\Users\ultra\warewolf\Dev\Warewolf.Core.Tests\Warewolf.Core.Tests.csproj]
C:\Program Files\dotnet\sdk\10.0.201\Microsoft.Common.CurrentVersion.targets(2451,5): warning MSB3277:           Project file item includes which caused reference "C:\Users\ultra\.nuget\packages\reactiveui.wpf\18.4.1\lib\net462\ReactiveUI.Wpf.dll". [C:\Users\ultra\warewolf\Dev\Warewolf.Core.Tests\Warewolf.Core.Tests.csproj]
C:\Program Files\dotnet\sdk\10.0.201\Microsoft.Common.CurrentVersion.targets(2451,5): warning MSB3277:             C:\Users\ultra\.nuget\packages\reactiveui.wpf\18.4.1\lib\net462\ReactiveUI.Wpf.dll [C:\Users\ultra\warewolf\Dev\Warewolf.Core.Tests\Warewolf.Core.Tests.csproj]
C:\Program Files\dotnet\sdk\10.0.201\Microsoft.Common.CurrentVersion.targets(2451,5): warning MSB3277:         C:\Users\ultra\warewolf\Dev\Binaries\Infragistcs_Net6\InfragisticsWPF4.v15.1.dll [C:\Users\ultra\warewolf\Dev\Warewolf.Core.Tests\Warewolf.Core.Tests.csproj]
C:\Program Files\dotnet\sdk\10.0.201\Microsoft.Common.CurrentVersion.targets(2451,5): warning MSB3277:           Project file item includes which caused reference "C:\Users\ultra\warewolf\Dev\Binaries\Infragistcs_Net6\InfragisticsWPF4.v15.1.dll". [C:\Users\ultra\warewolf\Dev\Warewolf.Core.Tests\Warewolf.Core.Tests.csproj]
C:\Program Files\dotnet\sdk\10.0.201\Microsoft.Common.CurrentVersion.targets(2451,5): warning MSB3277:             Infragistics.Calculations [C:\Users\ultra\warewolf\Dev\Warewolf.Core.Tests\Warewolf.Core.Tests.csproj]
C:\Program Files\dotnet\sdk\10.0.201\Microsoft.Common.CurrentVersion.targets(2451,5): warning MSB3277: Found conflicts between different versions of "System.Drawing.Common" that could not be resolved. [C:\Users\ultra\warewolf\Dev\Warewolf.Core.Tests\Warewolf.Core.Tests.csproj]
C:\Program Files\dotnet\sdk\10.0.201\Microsoft.Common.CurrentVersion.targets(2451,5): warning MSB3277: There was a conflict between "System.Drawing.Common, Version=6.0.0.0, Culture=neutral, PublicKeyToken=cc7b13ffcd2ddd51" and "System.Drawing.Common, Version=8.0.0.0, Culture=neutral, PublicKeyToken=cc7b13ffcd2ddd51". [C:\Users\ultra\warewolf\Dev\Warewolf.Core.Tests\Warewolf.Core.Tests.csproj]
C:\Program Files\dotnet\sdk\10.0.201\Microsoft.Common.CurrentVersion.targets(2451,5): warning MSB3277:     "System.Drawing.Common, Version=6.0.0.0, Culture=neutral, PublicKeyToken=cc7b13ffcd2ddd51" was chosen because it was primary and "System.Drawing.Common, Version=8.0.0.0, Culture=neutral, PublicKeyToken=cc7b13ffcd2ddd51" was not. [C:\Users\ultra\warewolf\Dev\Warewolf.Core.Tests\Warewolf.Core.Tests.csproj]
C:\Program Files\dotnet\sdk\10.0.201\Microsoft.Common.CurrentVersion.targets(2451,5): warning MSB3277:     References which depend on "System.Drawing.Common, Version=6.0.0.0, Culture=neutral, PublicKeyToken=cc7b13ffcd2ddd51" [C:\Users\ultra\.nuget\packages\system.drawing.common\6.0.0\lib\net6.0\System.Drawing.Common.dll]. [C:\Users\ultra\warewolf\Dev\Warewolf.Core.Tests\Warewolf.Core.Tests.csproj]
C:\Program Files\dotnet\sdk\10.0.201\Microsoft.Common.CurrentVersion.targets(2451,5): warning MSB3277:         C:\Users\ultra\.nuget\packages\system.drawing.common\6.0.0\lib\net6.0\System.Drawing.Common.dll [C:\Users\ultra\warewolf\Dev\Warewolf.Core.Tests\Warewolf.Core.Tests.csproj]
C:\Program Files\dotnet\sdk\10.0.201\Microsoft.Common.CurrentVersion.targets(2451,5): warning MSB3277:           Project file item includes which caused reference "C:\Users\ultra\.nuget\packages\system.drawing.common\6.0.0\lib\net6.0\System.Drawing.Common.dll". [C:\Users\ultra\warewolf\Dev\Warewolf.Core.Tests\Warewolf.Core.Tests.csproj]
C:\Program Files\dotnet\sdk\10.0.201\Microsoft.Common.CurrentVersion.targets(2451,5): warning MSB3277:             C:\Users\ultra\.nuget\packages\system.drawing.common\6.0.0\lib\net6.0\System.Drawing.Common.dll [C:\Users\ultra\warewolf\Dev\Warewolf.Core.Tests\Warewolf.Core.Tests.csproj]
C:\Program Files\dotnet\sdk\10.0.201\Microsoft.Common.CurrentVersion.targets(2451,5): warning MSB3277:     References which depend on or have been unified to "System.Drawing.Common, Version=8.0.0.0, Culture=neutral, PublicKeyToken=cc7b13ffcd2ddd51" []. [C:\Users\ultra\warewolf\Dev\Warewolf.Core.Tests\Warewolf.Core.Tests.csproj]
C:\Program Files\dotnet\sdk\10.0.201\Microsoft.Common.CurrentVersion.targets(2451,5): warning MSB3277:         C:\Users\ultra\.nuget\packages\servicestack\6.3.0\lib\net6.0\ServiceStack.dll [C:\Users\ultra\warewolf\Dev\Warewolf.Core.Tests\Warewolf.Core.Tests.csproj]
C:\Program Files\dotnet\sdk\10.0.201\Microsoft.Common.CurrentVersion.targets(2451,5): warning MSB3277:           Project file item includes which caused reference "C:\Users\ultra\.nuget\packages\servicestack\6.3.0\lib\net6.0\ServiceStack.dll". [C:\Users\ultra\warewolf\Dev\Warewolf.Core.Tests\Warewolf.Core.Tests.csproj]
C:\Program Files\dotnet\sdk\10.0.201\Microsoft.Common.CurrentVersion.targets(2451,5): warning MSB3277:             C:\Users\ultra\.nuget\packages\servicestack\6.3.0\lib\net6.0\ServiceStack.dll [C:\Users\ultra\warewolf\Dev\Warewolf.Core.Tests\Warewolf.Core.Tests.csproj]
C:\Program Files\dotnet\sdk\10.0.201\Microsoft.Common.CurrentVersion.targets(2451,5): warning MSB3277:         C:\Users\ultra\.nuget\packages\system.windows.extensions\8.0.0\lib\net8.0\System.Windows.Extensions.dll [C:\Users\ultra\warewolf\Dev\Warewolf.Core.Tests\Warewolf.Core.Tests.csproj]
C:\Program Files\dotnet\sdk\10.0.201\Microsoft.Common.CurrentVersion.targets(2451,5): warning MSB3277:           Project file item includes which caused reference "C:\Users\ultra\.nuget\packages\system.windows.extensions\8.0.0\lib\net8.0\System.Windows.Extensions.dll". [C:\Users\ultra\warewolf\Dev\Warewolf.Core.Tests\Warewolf.Core.Tests.csproj]
C:\Program Files\dotnet\sdk\10.0.201\Microsoft.Common.CurrentVersion.targets(2451,5): warning MSB3277:             C:\Users\ultra\.nuget\packages\system.windows.extensions\8.0.0\lib\net8.0\System.Windows.Extensions.dll [C:\Users\ultra\warewolf\Dev\Warewolf.Core.Tests\Warewolf.Core.Tests.csproj]
C:\Program Files\dotnet\sdk\10.0.201\Microsoft.Common.CurrentVersion.targets(2451,5): warning MSB3277:             C:\Users\ultra\.nuget\packages\system.security.permissions\8.0.0\lib\net8.0\System.Security.Permissions.dll [C:\Users\ultra\warewolf\Dev\Warewolf.Core.Tests\Warewolf.Core.Tests.csproj]
C:\Program Files\dotnet\sdk\10.0.201\Microsoft.Common.CurrentVersion.targets(2451,5): warning MSB3277:             C:\Users\ultra\warewolf\Dev\Dev2.Data\bin\Debug\net8.0\Dev2.Data.dll [C:\Users\ultra\warewolf\Dev\Warewolf.Core.Tests\Warewolf.Core.Tests.csproj]
C:\Program Files\dotnet\sdk\10.0.201\Microsoft.Common.CurrentVersion.targets(2451,5): warning MSB3277:             C:\Users\ultra\warewolf\Dev\Warewolf.Core\bin\Debug\net8.0\Warewolf.Core.dll [C:\Users\ultra\warewolf\Dev\Warewolf.Core.Tests\Warewolf.Core.Tests.csproj]
C:\Program Files\dotnet\sdk\10.0.201\Microsoft.Common.CurrentVersion.targets(2451,5): warning MSB3277:             C:\Users\ultra\warewolf\Dev\Warewolf.Testing\bin\Debug\net8.0\Warewolf.Testing.dll [C:\Users\ultra\warewolf\Dev\Warewolf.Core.Tests\Warewolf.Core.Tests.csproj]
C:\Program Files\dotnet\sdk\10.0.201\Microsoft.Common.CurrentVersion.targets(2451,5): warning MSB3277:             C:\Users\ultra\warewolf\Dev\Dev2.Core\bin\Debug\net8.0\Dev2.Core.dll [C:\Users\ultra\warewolf\Dev\Warewolf.Core.Tests\Warewolf.Core.Tests.csproj]
C:\Program Files\dotnet\sdk\10.0.201\Microsoft.Common.CurrentVersion.targets(2451,5): warning MSB3277:             C:\Users\ultra\warewolf\Dev\Dev2.Runtime.Services\bin\Debug\net8.0\Dev2.Runtime.Services.dll [C:\Users\ultra\warewolf\Dev\Warewolf.Core.Tests\Warewolf.Core.Tests.csproj]
C:\Program Files\dotnet\sdk\10.0.201\Microsoft.Common.CurrentVersion.targets(2451,5): warning MSB3277:             C:\Users\ultra\warewolf\Dev\Dev2.Scheduler\bin\Debug\net8.0\Dev2.Scheduler.dll [C:\Users\ultra\warewolf\Dev\Warewolf.Core.Tests\Warewolf.Core.Tests.csproj]
C:\Program Files\dotnet\sdk\10.0.201\Microsoft.Common.CurrentVersion.targets(2451,5): warning MSB3277:             C:\Users\ultra\warewolf\Dev\Dev2.Studio.Interfaces\bin\Debug\net8.0\Dev2.Studio.Interfaces.dll [C:\Users\ultra\warewolf\Dev\Warewolf.Core.Tests\Warewolf.Core.Tests.csproj]
C:\Program Files\dotnet\sdk\10.0.201\Microsoft.Common.CurrentVersion.targets(2451,5): warning MSB3277:             C:\Users\ultra\warewolf\Dev\Warewolf.Auditing\bin\Debug\net8.0\Warewolf.Auditing.dll [C:\Users\ultra\warewolf\Dev\Warewolf.Core.Tests\Warewolf.Core.Tests.csproj]
C:\Program Files\dotnet\sdk\10.0.201\Microsoft.Common.CurrentVersion.targets(2451,5): warning MSB3277:             C:\Users\ultra\warewolf\Dev\Warewolf.Common.NetStandard20\bin\Debug\net8.0\Warewolf.Common.NetStandard20.dll [C:\Users\ultra\warewolf\Dev\Warewolf.Core.Tests\Warewolf.Core.Tests.csproj]
C:\Program Files\dotnet\sdk\10.0.201\Microsoft.Common.CurrentVersion.targets(2451,5): warning MSB3277:             C:\Users\ultra\warewolf\Dev\Warewolf.ResourceManagement\bin\Debug\net8.0\Warewolf.ResourceManagement.dll [C:\Users\ultra\warewolf\Dev\Warewolf.Core.Tests\Warewolf.Core.Tests.csproj]
C:\Program Files\dotnet\sdk\10.0.201\Microsoft.Common.CurrentVersion.targets(2451,5): warning MSB3277:             C:\Users\ultra\.nuget\packages\dotnetzip\1.16.0\lib\netstandard2.0\DotNetZip.dll [C:\Users\ultra\warewolf\Dev\Warewolf.Core.Tests\Warewolf.Core.Tests.csproj]
C:\Program Files\dotnet\sdk\10.0.201\Microsoft.Common.CurrentVersion.targets(2451,5): warning MSB3277:             C:\Users\ultra\warewolf\Dev\Dev2.Common\bin\Debug\net8.0\Dev2.Common.dll [C:\Users\ultra\warewolf\Dev\Warewolf.Core.Tests\Warewolf.Core.Tests.csproj]
C:\Program Files\dotnet\sdk\10.0.201\Microsoft.Common.CurrentVersion.targets(2451,5): warning MSB3277:             C:\Users\ultra\warewolf\Dev\Dev2.Infrastructure\bin\Debug\net8.0\Dev2.Infrastructure.dll [C:\Users\ultra\warewolf\Dev\Warewolf.Core.Tests\Warewolf.Core.Tests.csproj]
C:\Program Files\dotnet\sdk\10.0.201\Microsoft.Common.CurrentVersion.targets(2451,5): warning MSB3277:             C:\Users\ultra\warewolf\Dev\Dev2.Data.Interfaces\bin\Debug\net8.0\Dev2.Data.Interfaces.dll [C:\Users\ultra\warewolf\Dev\Warewolf.Core.Tests\Warewolf.Core.Tests.csproj]
C:\Program Files\dotnet\sdk\10.0.201\Microsoft.Common.CurrentVersion.targets(2451,5): warning MSB3277:             C:\Users\ultra\warewolf\Dev\Dev2.Diagnostics\bin\Debug\net8.0\Dev2.Diagnostics.dll [C:\Users\ultra\warewolf\Dev\Warewolf.Core.Tests\Warewolf.Core.Tests.csproj]
C:\Program Files\dotnet\sdk\10.0.201\Microsoft.Common.CurrentVersion.targets(2451,5): warning MSB3277:             C:\Users\ultra\warewolf\Dev\Dev2.Services.Sql\bin\Debug\net8.0\Dev2.Services.Sql.dll [C:\Users\ultra\warewolf\Dev\Warewolf.Core.Tests\Warewolf.Core.Tests.csproj]
C:\Program Files\dotnet\sdk\10.0.201\Microsoft.Common.CurrentVersion.targets(2451,5): warning MSB3277:             C:\Users\ultra\warewolf\Dev\Dev2.TaskScheduler.Wrappers\bin\Debug\net8.0\Dev2.TaskScheduler.Wrappers.dll [C:\Users\ultra\warewolf\Dev\Warewolf.Core.Tests\Warewolf.Core.Tests.csproj]
C:\Program Files\dotnet\sdk\10.0.201\Microsoft.Common.CurrentVersion.targets(2451,5): warning MSB3277:             C:\Users\ultra\warewolf\Dev\Dev2.Util\bin\Debug\net8.0\Dev2.Util.dll [C:\Users\ultra\warewolf\Dev\Warewolf.Core.Tests\Warewolf.Core.Tests.csproj]
C:\Program Files\dotnet\sdk\10.0.201\Microsoft.Common.CurrentVersion.targets(2451,5): warning MSB3277:             C:\Users\ultra\warewolf\Dev\Warewolf.AI.Harness\bin\Debug\net8.0\Warewolf.AI.Harness.dll [C:\Users\ultra\warewolf\Dev\Warewolf.Core.Tests\Warewolf.Core.Tests.csproj]
C:\Program Files\dotnet\sdk\10.0.201\Microsoft.Common.CurrentVersion.targets(2451,5): warning MSB3277:             C:\Users\ultra\warewolf\Dev\Warewolf.Driver.Serilog\bin\Debug\net8.0\Warewolf.Driver.Serilog.dll [C:\Users\ultra\warewolf\Dev\Warewolf.Core.Tests\Warewolf.Core.Tests.csproj]
C:\Program Files\dotnet\sdk\10.0.201\Microsoft.Common.CurrentVersion.targets(2451,5): warning MSB3277:             C:\Users\ultra\warewolf\Dev\Warewolf.Sharepoint\bin\Debug\net8.0\Warewolf.Sharepoint.dll [C:\Users\ultra\warewolf\Dev\Warewolf.Core.Tests\Warewolf.Core.Tests.csproj]
C:\Program Files\dotnet\sdk\10.0.201\Microsoft.Common.CurrentVersion.targets(2451,5): warning MSB3277:             C:\Users\ultra\warewolf\Dev\Warewolf.Storage\bin\Debug\net8.0\Warewolf.Storage.dll [C:\Users\ultra\warewolf\Dev\Warewolf.Core.Tests\Warewolf.Core.Tests.csproj]
C:\Program Files\dotnet\sdk\10.0.201\Microsoft.Common.CurrentVersion.targets(2451,5): warning MSB3277:             C:\Users\ultra\.nuget\packages\mindbox.data.linq\5.0.0\lib\netstandard2.0\Mindbox.Data.Linq.dll [C:\Users\ultra\warewolf\Dev\Warewolf.Core.Tests\Warewolf.Core.Tests.csproj]
C:\Program Files\dotnet\sdk\10.0.201\Microsoft.Common.CurrentVersion.targets(2451,5): warning MSB3277:             C:\Users\ultra\.nuget\packages\mysql.data\8.4.0\lib\net8.0\MySql.Data.dll [C:\Users\ultra\warewolf\Dev\Warewolf.Core.Tests\Warewolf.Core.Tests.csproj]
C:\Program Files\dotnet\sdk\10.0.201\Microsoft.Common.CurrentVersion.targets(2451,5): warning MSB3277:             C:\Users\ultra\.nuget\packages\oracle.manageddataaccess.core\3.21.70\lib\netstandard2.1\Oracle.ManagedDataAccess.dll [C:\Users\ultra\warewolf\Dev\Warewolf.Core.Tests\Warewolf.Core.Tests.csproj]
C:\Program Files\dotnet\sdk\10.0.201\Microsoft.Common.CurrentVersion.targets(2451,5): warning MSB3277:             C:\Users\ultra\.nuget\packages\system.directoryservices\6.0.0\lib\net6.0\System.DirectoryServices.dll [C:\Users\ultra\warewolf\Dev\Warewolf.Core.Tests\Warewolf.Core.Tests.csproj]
C:\Program Files\dotnet\sdk\10.0.201\Microsoft.Common.CurrentVersion.targets(2451,5): warning MSB3277:             C:\Users\ultra\.nuget\packages\corewcf.primitives\1.2.1\lib\netstandard2.0\CoreWCF.Primitives.dll [C:\Users\ultra\warewolf\Dev\Warewolf.Core.Tests\Warewolf.Core.Tests.csproj]
C:\Program Files\dotnet\sdk\10.0.201\Microsoft.Common.CurrentVersion.targets(2451,5): warning MSB3277:             C:\Users\ultra\.nuget\packages\corewcf.http\1.2.1\lib\netstandard2.0\CoreWCF.Http.dll [C:\Users\ultra\warewolf\Dev\Warewolf.Core.Tests\Warewolf.Core.Tests.csproj]
C:\Program Files\dotnet\sdk\10.0.201\Microsoft.Common.CurrentVersion.targets(2451,5): warning MSB3277:             C:\Users\ultra\.nuget\packages\corewcf.nettcp\1.2.1\lib\netstandard2.0\CoreWCF.NetTcp.dll [C:\Users\ultra\warewolf\Dev\Warewolf.Core.Tests\Warewolf.Core.Tests.csproj]
C:\Program Files\dotnet\sdk\10.0.201\Microsoft.Common.CurrentVersion.targets(2451,5): warning MSB3277:             C:\Users\ultra\.nuget\packages\corewcf.webhttp\1.2.1\lib\netstandard2.0\CoreWCF.WebHttp.dll [C:\Users\ultra\warewolf\Dev\Warewolf.Core.Tests\Warewolf.Core.Tests.csproj]
C:\Program Files\dotnet\sdk\10.0.201\Microsoft.Common.CurrentVersion.targets(2451,5): warning MSB3277:             C:\Program Files\dotnet\packs\Microsoft.NETCore.App.Ref\8.0.25\ref/net8.0/System.Configuration.dll [C:\Users\ultra\warewolf\Dev\Warewolf.Core.Tests\Warewolf.Core.Tests.csproj]
C:\Program Files\dotnet\sdk\10.0.201\Microsoft.Common.CurrentVersion.targets(2451,5): warning MSB3277:             C:\Users\ultra\.nuget\packages\prism.wpf\9.0.537\lib\net462\Prism.Wpf.dll [C:\Users\ultra\warewolf\Dev\Warewolf.Core.Tests\Warewolf.Core.Tests.csproj]
C:\Program Files\dotnet\sdk\10.0.201\Microsoft.Common.CurrentVersion.targets(2451,5): warning MSB3277:             C:\Program Files\dotnet\packs\Microsoft.NETCore.App.Ref\8.0.25\ref/net8.0/System.Data.dll [C:\Users\ultra\warewolf\Dev\Warewolf.Core.Tests\Warewolf.Core.Tests.csproj]
C:\Program Files\dotnet\sdk\10.0.201\Microsoft.Common.CurrentVersion.targets(2451,5): warning MSB3277:             C:\Users\ultra\.nuget\packages\taskschedulereditor\2.10.1\lib\net452\Microsoft.Win32.TaskSchedulerEditor.dll [C:\Users\ultra\warewolf\Dev\Warewolf.Core.Tests\Warewolf.Core.Tests.csproj]
C:\Program Files\dotnet\sdk\10.0.201\Microsoft.Common.CurrentVersion.targets(2451,5): warning MSB3277:             C:\Program Files\dotnet\packs\Microsoft.NETCore.App.Ref\8.0.25\ref/net8.0/System.Drawing.dll [C:\Users\ultra\warewolf\Dev\Warewolf.Core.Tests\Warewolf.Core.Tests.csproj]
C:\Program Files\dotnet\sdk\10.0.201\Microsoft.Common.CurrentVersion.targets(2451,5): warning MSB3277:             C:\Users\ultra\.nuget\packages\aerowizard\2.3.1\lib\net45\AeroWizard.dll [C:\Users\ultra\warewolf\Dev\Warewolf.Core.Tests\Warewolf.Core.Tests.csproj]
C:\Program Files\dotnet\sdk\10.0.201\Microsoft.Common.CurrentVersion.targets(2451,5): warning MSB3277:             C:\Users\ultra\.nuget\packages\groupcontrols\1.9.0\lib\net45\GroupControls.dll [C:\Users\ultra\warewolf\Dev\Warewolf.Core.Tests\Warewolf.Core.Tests.csproj]
C:\Program Files\dotnet\sdk\10.0.201\Microsoft.Common.CurrentVersion.targets(2451,5): warning MSB3277:             C:\Program Files\dotnet\packs\Microsoft.NETCore.App.Ref\8.0.25\ref/net8.0/System.Net.dll [C:\Users\ultra\warewolf\Dev\Warewolf.Core.Tests\Warewolf.Core.Tests.csproj]
C:\Program Files\dotnet\sdk\10.0.201\Microsoft.Common.CurrentVersion.targets(2451,5): warning MSB3277:             C:\Program Files\dotnet\packs\Microsoft.NETCore.App.Ref\8.0.25\ref/net8.0/System.Security.dll [C:\Users\ultra\warewolf\Dev\Warewolf.Core.Tests\Warewolf.Core.Tests.csproj]
C:\Program Files\dotnet\sdk\10.0.201\Microsoft.Common.CurrentVersion.targets(2451,5): warning MSB3277:             C:\Program Files\dotnet\packs\Microsoft.NETCore.App.Ref\8.0.25\ref/net8.0/System.ServiceProcess.dll [C:\Users\ultra\warewolf\Dev\Warewolf.Core.Tests\Warewolf.Core.Tests.csproj]
C:\Program Files\dotnet\sdk\10.0.201\Microsoft.Common.CurrentVersion.targets(2451,5): warning MSB3277:             C:\Program Files\dotnet\packs\Microsoft.NETCore.App.Ref\8.0.25\ref/net8.0/System.Transactions.dll [C:\Users\ultra\warewolf\Dev\Warewolf.Core.Tests\Warewolf.Core.Tests.csproj]
C:\Program Files\dotnet\sdk\10.0.201\Microsoft.Common.CurrentVersion.targets(2451,5): warning MSB3277:             C:\Program Files\dotnet\packs\Microsoft.NETCore.App.Ref\8.0.25\ref/net8.0/System.dll [C:\Users\ultra\warewolf\Dev\Warewolf.Core.Tests\Warewolf.Core.Tests.csproj]
C:\Program Files\dotnet\sdk\10.0.201\Microsoft.Common.CurrentVersion.targets(2451,5): warning MSB3277:             C:\Users\ultra\.nuget\packages\microsoft.xaml.behaviors.wpf\1.1.122\lib\net462\Microsoft.Xaml.Behaviors.dll [C:\Users\ultra\warewolf\Dev\Warewolf.Core.Tests\Warewolf.Core.Tests.csproj]
C:\Program Files\dotnet\sdk\10.0.201\Microsoft.Common.CurrentVersion.targets(2451,5): warning MSB3277:             C:\Users\ultra\.nuget\packages\caliburn.micro\4.0.212\lib\netcoreapp3.1\Caliburn.Micro.Platform.dll [C:\Users\ultra\warewolf\Dev\Warewolf.Core.Tests\Warewolf.Core.Tests.csproj]
C:\Program Files\dotnet\sdk\10.0.201\Microsoft.Common.CurrentVersion.targets(2451,5): warning MSB3277:             C:\Users\ultra\.nuget\packages\reactiveui.wpf\18.4.1\lib\net462\ReactiveUI.Wpf.dll [C:\Users\ultra\warewolf\Dev\Warewolf.Core.Tests\Warewolf.Core.Tests.csproj]
C:\Program Files\dotnet\sdk\10.0.201\Microsoft.Common.CurrentVersion.targets(2451,5): warning MSB3277:             C:\Users\ultra\.nuget\packages\ttcue.netcore.sharepointonline.csom.16.1.8029.1200\16.1.8029.1200\lib\netcoreapp2.0\Microsoft.SharePoint.Client.Runtime.Windows.dll [C:\Users\ultra\warewolf\Dev\Warewolf.Core.Tests\Warewolf.Core.Tests.csproj]
C:\Program Files\dotnet\sdk\10.0.201\Microsoft.Common.CurrentVersion.targets(2451,5): warning MSB3277:             C:\Program Files\dotnet\packs\Microsoft.NETCore.App.Ref\8.0.25\ref/net8.0/WindowsBase.dll [C:\Users\ultra\warewolf\Dev\Warewolf.Core.Tests\Warewolf.Core.Tests.csproj]
C:\Program Files\dotnet\sdk\10.0.201\Microsoft.Common.CurrentVersion.targets(2451,5): warning MSB3277:             C:\Program Files\dotnet\packs\Microsoft.NETCore.App.Ref\8.0.25\ref/net8.0/mscorlib.dll [C:\Users\ultra\warewolf\Dev\Warewolf.Core.Tests\Warewolf.Core.Tests.csproj]
C:\Program Files\dotnet\sdk\10.0.201\Microsoft.Common.CurrentVersion.targets(2451,5): warning MSB3277:             C:\Users\ultra\.nuget\packages\microsoft.codecoverage\17.13.0\lib\netcoreapp3.1\Microsoft.VisualStudio.CodeCoverage.Shim.dll [C:\Users\ultra\warewolf\Dev\Warewolf.Core.Tests\Warewolf.Core.Tests.csproj]
C:\Program Files\dotnet\sdk\10.0.201\Microsoft.Common.CurrentVersion.targets(2451,5): warning MSB3277:             Infragistics.Calculations [C:\Users\ultra\warewolf\Dev\Warewolf.Core.Tests\Warewolf.Core.Tests.csproj]
C:\Program Files\dotnet\sdk\10.0.201\Microsoft.Common.CurrentVersion.targets(2451,5): warning MSB3277:         C:\Program Files\dotnet\packs\Microsoft.NETCore.App.Ref\8.0.25\ref\net8.0\System.Drawing.dll [C:\Users\ultra\warewolf\Dev\Warewolf.Core.Tests\Warewolf.Core.Tests.csproj]
C:\Program Files\dotnet\sdk\10.0.201\Microsoft.Common.CurrentVersion.targets(2451,5): warning MSB3277:           Project file item includes which caused reference "C:\Program Files\dotnet\packs\Microsoft.NETCore.App.Ref\8.0.25\ref\net8.0\System.Drawing.dll". [C:\Users\ultra\warewolf\Dev\Warewolf.Core.Tests\Warewolf.Core.Tests.csproj]
C:\Program Files\dotnet\sdk\10.0.201\Microsoft.Common.CurrentVersion.targets(2451,5): warning MSB3277:             C:\Program Files\dotnet\packs\Microsoft.NETCore.App.Ref\8.0.25\ref/net8.0/System.Drawing.dll [C:\Users\ultra\warewolf\Dev\Warewolf.Core.Tests\Warewolf.Core.Tests.csproj]
C:\Program Files\dotnet\sdk\10.0.201\Microsoft.Common.CurrentVersion.targets(2451,5): warning MSB3277:             C:\Users\ultra\.nuget\packages\aerowizard\2.3.1\lib\net45\AeroWizard.dll [C:\Users\ultra\warewolf\Dev\Warewolf.Core.Tests\Warewolf.Core.Tests.csproj]
C:\Program Files\dotnet\sdk\10.0.201\Microsoft.Common.CurrentVersion.targets(2451,5): warning MSB3277:             C:\Users\ultra\.nuget\packages\groupcontrols\1.9.0\lib\net45\GroupControls.dll [C:\Users\ultra\warewolf\Dev\Warewolf.Core.Tests\Warewolf.Core.Tests.csproj]
C:\Program Files\dotnet\sdk\10.0.201\Microsoft.Common.CurrentVersion.targets(2451,5): warning MSB3277:             C:\Users\ultra\.nuget\packages\taskschedulereditor\2.10.1\lib\net452\Microsoft.Win32.TaskSchedulerEditor.dll [C:\Users\ultra\warewolf\Dev\Warewolf.Core.Tests\Warewolf.Core.Tests.csproj]
C:\Users\ultra\warewolf\Dev\Dev2.Activities\WorkflowConverters\ActivityPropertiesReaderHelper.cs(54,45): warning CS8632: The annotation for nullable reference types should only be used in code within a '#nullable' annotations context. [C:\Users\ultra\warewolf\Dev\Dev2.Activities\Dev2.Activities.csproj]
C:\Users\ultra\warewolf\Dev\Dev2.Activities\WorkflowConverters\SwitchActivityDataHelper.cs(106,58): warning CS8632: The annotation for nullable reference types should only be used in code within a '#nullable' annotations context. [C:\Users\ultra\warewolf\Dev\Dev2.Activities\Dev2.Activities.csproj]
C:\Users\ultra\warewolf\Dev\Dev2.Activities\WorkflowConverters\SwitchActivityDataHelper.cs(225,65): warning CS8632: The annotation for nullable reference types should only be used in code within a '#nullable' annotations context. [C:\Users\ultra\warewolf\Dev\Dev2.Activities\Dev2.Activities.csproj]
C:\Users\ultra\warewolf\Dev\Dev2.Activities\WorkflowConverters\SwitchActivityDataHelper.cs(225,25): warning CS8632: The annotation for nullable reference types should only be used in code within a '#nullable' annotations context. [C:\Users\ultra\warewolf\Dev\Dev2.Activities\Dev2.Activities.csproj]
C:\Users\ultra\warewolf\Dev\Dev2.Activities\WorkflowConverters\SwitchActivityDataHelper.cs(342,61): warning CS8632: The annotation for nullable reference types should only be used in code within a '#nullable' annotations context. [C:\Users\ultra\warewolf\Dev\Dev2.Activities\Dev2.Activities.csproj]
C:\Users\ultra\warewolf\Dev\Dev2.Activities\WorkflowConverters\SwitchActivityDataHelper.cs(342,30): warning CS8632: The annotation for nullable reference types should only be used in code within a '#nullable' annotations context. [C:\Users\ultra\warewolf\Dev\Dev2.Activities\Dev2.Activities.csproj]
C:\Users\ultra\warewolf\Dev\Dev2.Activities\WorkflowConverters\SwitchActivityDataHelper.cs(32,25): warning CS8632: The annotation for nullable reference types should only be used in code within a '#nullable' annotations context. [C:\Users\ultra\warewolf\Dev\Dev2.Activities\Dev2.Activities.csproj]
C:\Users\ultra\warewolf\Dev\Dev2.Activities\WorkflowConverters\SwitchActivityDataHelper.cs(33,25): warning CS8632: The annotation for nullable reference types should only be used in code within a '#nullable' annotations context. [C:\Users\ultra\warewolf\Dev\Dev2.Activities\Dev2.Activities.csproj]
C:\Users\ultra\warewolf\Dev\Dev2.Activities\WorkflowConverters\SwitchActivityDataHelper.cs(34,25): warning CS8632: The annotation for nullable reference types should only be used in code within a '#nullable' annotations context. [C:\Users\ultra\warewolf\Dev\Dev2.Activities\Dev2.Activities.csproj]
C:\Users\ultra\warewolf\Dev\Dev2.Activities\WorkflowConverters\SwitchActivityDataHelper.cs(35,25): warning CS8632: The annotation for nullable reference types should only be used in code within a '#nullable' annotations context. [C:\Users\ultra\warewolf\Dev\Dev2.Activities\Dev2.Activities.csproj]
C:\Users\ultra\warewolf\Dev\Dev2.Activities\WorkflowConverters\SwitchActivityDataHelper.cs(36,25): warning CS8632: The annotation for nullable reference types should only be used in code within a '#nullable' annotations context. [C:\Users\ultra\warewolf\Dev\Dev2.Activities\Dev2.Activities.csproj]
C:\Users\ultra\warewolf\Dev\Dev2.Activities\WorkflowConverters\SwitchActivityDataHelper.cs(37,25): warning CS8632: The annotation for nullable reference types should only be used in code within a '#nullable' annotations context. [C:\Users\ultra\warewolf\Dev\Dev2.Activities\Dev2.Activities.csproj]
C:\Users\ultra\warewolf\Dev\Dev2.Activities\WorkflowConverters\SwitchActivityDataHelper.cs(108,19): warning CS8632: The annotation for nullable reference types should only be used in code within a '#nullable' annotations context. [C:\Users\ultra\warewolf\Dev\Dev2.Activities\Dev2.Activities.csproj]
C:\Users\ultra\warewolf\Dev\Dev2.Activities\WorkflowConverters\ActivityPropertiesReaderHelper.cs(60,59): warning CS8632: The annotation for nullable reference types should only be used in code within a '#nullable' annotations context. [C:\Users\ultra\warewolf\Dev\Dev2.Activities\Dev2.Activities.csproj]
C:\Users\ultra\warewolf\Dev\Dev2.Activities\Activities\GateActivity.cs(639,21): warning CC0003: Consider adding an Exception to the catch. (https://code-cracker.github.io/diagnostics/CC0003.html) [C:\Users\ultra\warewolf\Dev\Dev2.Activities\Dev2.Activities.csproj]
C:\Users\ultra\warewolf\Dev\Dev2.Activities\Activities\GateActivity.cs(656,21): warning CC0003: Consider adding an Exception to the catch. (https://code-cracker.github.io/diagnostics/CC0003.html) [C:\Users\ultra\warewolf\Dev\Dev2.Activities\Dev2.Activities.csproj]
C:\Users\ultra\warewolf\Dev\Dev2.Activities\Activities\GateActivity.cs(733,24): warning CC0022: WarewolfListIterator should be disposed. (https://code-cracker.github.io/diagnostics/CC0022.html) [C:\Users\ultra\warewolf\Dev\Dev2.Activities\Dev2.Activities.csproj]
C:\Users\ultra\warewolf\Dev\Dev2.Activities\WorkflowConverters\X6ToWorkflowConverter.cs(375,13): warning CC0003: Consider adding an Exception to the catch. (https://code-cracker.github.io/diagnostics/CC0003.html) [C:\Users\ultra\warewolf\Dev\Dev2.Activities\Dev2.Activities.csproj]
C:\Users\ultra\warewolf\Dev\Dev2.Activities\WorkflowConverters\X6ToWorkflowConverter.cs(833,17): warning CC0120: Consider put an default clause in Switch. (https://code-cracker.github.io/diagnostics/CC0120.html) [C:\Users\ultra\warewolf\Dev\Dev2.Activities\Dev2.Activities.csproj]
C:\Users\ultra\warewolf\Dev\Dev2.Activities\WorkflowConverters\X6ToWorkflowConverter.cs(958,13): warning CC0004: Empty Catch Block. (https://code-cracker.github.io/diagnostics/CC0004.html) [C:\Users\ultra\warewolf\Dev\Dev2.Activities\Dev2.Activities.csproj]
C:\Users\ultra\warewolf\Dev\Dev2.Activities\Activities\WebPostActivity.cs(238,28): warning CC0022: WarewolfListIterator should be disposed. (https://code-cracker.github.io/diagnostics/CC0022.html) [C:\Users\ultra\warewolf\Dev\Dev2.Activities\Dev2.Activities.csproj]
C:\Users\ultra\warewolf\Dev\Dev2.Activities\Activities\WebPostActivityNew.cs(281,28): warning CC0022: WarewolfListIterator should be disposed. (https://code-cracker.github.io/diagnostics/CC0022.html) [C:\Users\ultra\warewolf\Dev\Dev2.Activities\Dev2.Activities.csproj]
C:\Users\ultra\warewolf\Dev\Dev2.Activities\Activities\PathOperations\FileWriteActivity.cs(54,26): warning CC0022: WarewolfListIterator should be disposed. (https://code-cracker.github.io/diagnostics/CC0022.html) [C:\Users\ultra\warewolf\Dev\Dev2.Activities\Dev2.Activities.csproj]
C:\Users\ultra\warewolf\Dev\Dev2.Activities\WorkflowConverters\WorkflowToX6Converter.cs(567,13): warning CC0105: Use 'var' instead of specifying the type name. (https://code-cracker.github.io/diagnostics/CC0105.html) [C:\Users\ultra\warewolf\Dev\Dev2.Activities\Dev2.Activities.csproj]
C:\Users\ultra\warewolf\Dev\Dev2.Activities\WorkflowConverters\WorkflowToX6Converter.cs(998,13): warning CC0004: Empty Catch Block. (https://code-cracker.github.io/diagnostics/CC0004.html) [C:\Users\ultra\warewolf\Dev\Dev2.Activities\Dev2.Activities.csproj]
C:\Users\ultra\warewolf\Dev\Dev2.Activities\WorkflowConverters\WorkflowToX6Converter.cs(1376,17): warning CC0004: Empty Catch Block. (https://code-cracker.github.io/diagnostics/CC0004.html) [C:\Users\ultra\warewolf\Dev\Dev2.Activities\Dev2.Activities.csproj]
C:\Users\ultra\warewolf\Dev\Dev2.Activities\WorkflowConverters\WorkflowToX6Converter.cs(1365,13): warning CC0006: You can use foreach instead of for. (https://code-cracker.github.io/diagnostics/CC0006.html) [C:\Users\ultra\warewolf\Dev\Dev2.Activities\Dev2.Activities.csproj]
C:\Users\ultra\warewolf\Dev\Dev2.Activities\Activities\DsfWebActivityBase.cs(136,96): warning CC0022: StringContent should be disposed. (https://code-cracker.github.io/diagnostics/CC0022.html) [C:\Users\ultra\warewolf\Dev\Dev2.Activities\Dev2.Activities.csproj]
C:\Users\ultra\warewolf\Dev\Dev2.Activities\Activities\DsfWebActivityBase.cs(158,42): warning CC0022: StreamReader should be disposed. (https://code-cracker.github.io/diagnostics/CC0022.html) [C:\Users\ultra\warewolf\Dev\Dev2.Activities\Dev2.Activities.csproj]
C:\Users\ultra\warewolf\Dev\Dev2.Activities\Activities\DsfWebActivityBase.cs(175,35): warning CC0022: ByteArrayContent should be disposed. (https://code-cracker.github.io/diagnostics/CC0022.html) [C:\Users\ultra\warewolf\Dev\Dev2.Activities\Dev2.Activities.csproj]
C:\Users\ultra\warewolf\Dev\Dev2.Activities\Activities\DsfWebActivityBase.cs(184,31): warning CC0022: StringContent should be disposed. (https://code-cracker.github.io/diagnostics/CC0022.html) [C:\Users\ultra\warewolf\Dev\Dev2.Activities\Dev2.Activities.csproj]
C:\Users\ultra\warewolf\Dev\Dev2.Activities\Activities\GetSystemInformationHelper.cs(95,36): warning CA1416: This call site is reachable on all platforms. 'ManagementBaseObject.GetPropertyValue(string)' is only supported on: 'windows'. (https://learn.microsoft.com/dotnet/fundamentals/code-analysis/quality-rules/ca1416) [C:\Users\ultra\warewolf\Dev\Dev2.Activities\Dev2.Activities.csproj]
C:\Users\ultra\warewolf\Dev\Dev2.Activities\Activities\GetSystemInformationHelper.cs(372,17): warning CA1416: This call site is reachable on all platforms. 'WindowsIdentity.Groups' is only supported on: 'windows'. (https://learn.microsoft.com/dotnet/fundamentals/code-analysis/quality-rules/ca1416) [C:\Users\ultra\warewolf\Dev\Dev2.Activities\Dev2.Activities.csproj]
C:\Users\ultra\warewolf\Dev\Dev2.Activities\Activities\GetSystemInformationHelper.cs(374,37): warning CA1416: This call site is reachable on all platforms. 'WindowsIdentity.Groups' is only supported on: 'windows'. (https://learn.microsoft.com/dotnet/fundamentals/code-analysis/quality-rules/ca1416) [C:\Users\ultra\warewolf\Dev\Dev2.Activities\Dev2.Activities.csproj]
C:\Users\ultra\warewolf\Dev\Dev2.Activities\Activities\GetSystemInformationHelper.cs(370,92): warning CA1416: This call site is reachable on all platforms. 'WindowsIdentity.GetCurrent()' is only supported on: 'windows'. (https://learn.microsoft.com/dotnet/fundamentals/code-analysis/quality-rules/ca1416) [C:\Users\ultra\warewolf\Dev\Dev2.Activities\Dev2.Activities.csproj]
C:\Users\ultra\warewolf\Dev\Dev2.Activities\Activities\GetSystemInformationHelper.cs(340,28): warning CA1416: This call site is reachable on all platforms. 'ObjectQuery' is only supported on: 'windows'. (https://learn.microsoft.com/dotnet/fundamentals/code-analysis/quality-rules/ca1416) [C:\Users\ultra\warewolf\Dev\Dev2.Activities\Dev2.Activities.csproj]
C:\Users\ultra\warewolf\Dev\Dev2.Activities\Activities\GetSystemInformationHelper.cs(345,53): warning CA1416: This call site is reachable on all platforms. 'ManagementBaseObject.this[string]' is only supported on: 'windows'. (https://learn.microsoft.com/dotnet/fundamentals/code-analysis/quality-rules/ca1416) [C:\Users\ultra\warewolf\Dev\Dev2.Activities\Dev2.Activities.csproj]
C:\Users\ultra\warewolf\Dev\Dev2.Activities\Activities\GetSystemInformationHelper.cs(342,31): warning CA1416: This call site is reachable on all platforms. 'ManagementObjectSearcher.Get()' is only supported on: 'windows'. (https://learn.microsoft.com/dotnet/fundamentals/code-analysis/quality-rules/ca1416) [C:\Users\ultra\warewolf\Dev\Dev2.Activities\Dev2.Activities.csproj]
C:\Users\ultra\warewolf\Dev\Dev2.Activities\Activities\GetSystemInformationHelper.cs(341,28): warning CA1416: This call site is reachable on all platforms. 'ManagementObjectSearcher' is only supported on: 'windows'. (https://learn.microsoft.com/dotnet/fundamentals/code-analysis/quality-rules/ca1416) [C:\Users\ultra\warewolf\Dev\Dev2.Activities\Dev2.Activities.csproj]
C:\Users\ultra\warewolf\Dev\Dev2.Activities\Activities\GetSystemInformationHelper.cs(346,58): warning CA1416: This call site is reachable on all platforms. 'ManagementBaseObject.this[string]' is only supported on: 'windows'. (https://learn.microsoft.com/dotnet/fundamentals/code-analysis/quality-rules/ca1416) [C:\Users\ultra\warewolf\Dev\Dev2.Activities\Dev2.Activities.csproj]
C:\Users\ultra\warewolf\Dev\Dev2.Activities\Activities\GetSystemInformationHelper.cs(329,31): warning CA1416: This call site is reachable on all platforms. 'ManagementObjectSearcher.Get()' is only supported on: 'windows'. (https://learn.microsoft.com/dotnet/fundamentals/code-analysis/quality-rules/ca1416) [C:\Users\ultra\warewolf\Dev\Dev2.Activities\Dev2.Activities.csproj]
C:\Users\ultra\warewolf\Dev\Dev2.Activities\Activities\GetSystemInformationHelper.cs(327,28): warning CA1416: This call site is reachable on all platforms. 'ManagementObjectSearcher' is only supported on: 'windows'. (https://learn.microsoft.com/dotnet/fundamentals/code-analysis/quality-rules/ca1416) [C:\Users\ultra\warewolf\Dev\Dev2.Activities\Dev2.Activities.csproj]
C:\Users\ultra\warewolf\Dev\Dev2.Activities\Activities\GetSystemInformationHelper.cs(326,28): warning CA1416: This call site is reachable on all platforms. 'ObjectQuery' is only supported on: 'windows'. (https://learn.microsoft.com/dotnet/fundamentals/code-analysis/quality-rules/ca1416) [C:\Users\ultra\warewolf\Dev\Dev2.Activities\Dev2.Activities.csproj]
C:\Users\ultra\warewolf\Dev\Dev2.Activities\Activities\GetSystemInformationHelper.cs(332,60): warning CA1416: This call site is reachable on all platforms. 'ManagementBaseObject.this[string]' is only supported on: 'windows'. (https://learn.microsoft.com/dotnet/fundamentals/code-analysis/quality-rules/ca1416) [C:\Users\ultra\warewolf\Dev\Dev2.Activities\Dev2.Activities.csproj]
C:\Users\ultra\warewolf\Dev\Dev2.Activities\Activities\GetSystemInformationHelper.cs(386,39): warning CA1416: This call site is reachable on all platforms. 'IdentityReference.Translate(Type)' is only supported on: 'windows'. (https://learn.microsoft.com/dotnet/fundamentals/code-analysis/quality-rules/ca1416) [C:\Users\ultra\warewolf\Dev\Dev2.Activities\Dev2.Activities.csproj]
C:\Users\ultra\warewolf\Dev\Dev2.Activities\Activities\GetSystemInformationHelper.cs(392,32): warning CA1416: This call site is reachable on all platforms. 'ObjectQuery' is only supported on: 'windows'. (https://learn.microsoft.com/dotnet/fundamentals/code-analysis/quality-rules/ca1416) [C:\Users\ultra\warewolf\Dev\Dev2.Activities\Dev2.Activities.csproj]
C:\Users\ultra\warewolf\Dev\Dev2.Activities\Activities\GetSystemInformationHelper.cs(397,49): warning CA1416: This call site is reachable on all platforms. 'ManagementBaseObject.this[string]' is only supported on: 'windows'. (https://learn.microsoft.com/dotnet/fundamentals/code-analysis/quality-rules/ca1416) [C:\Users\ultra\warewolf\Dev\Dev2.Activities\Dev2.Activities.csproj]
C:\Users\ultra\warewolf\Dev\Dev2.Activities\Activities\GetSystemInformationHelper.cs(387,28): warning CA1416: This call site is reachable on all platforms. 'IdentityReference.Value' is only supported on: 'windows'. (https://learn.microsoft.com/dotnet/fundamentals/code-analysis/quality-rules/ca1416) [C:\Users\ultra\warewolf\Dev\Dev2.Activities\Dev2.Activities.csproj]
C:\Users\ultra\warewolf\Dev\Dev2.Activities\Activities\GetSystemInformationHelper.cs(394,35): warning CA1416: This call site is reachable on all platforms. 'ManagementObjectSearcher.Get()' is only supported on: 'windows'. (https://learn.microsoft.com/dotnet/fundamentals/code-analysis/quality-rules/ca1416) [C:\Users\ultra\warewolf\Dev\Dev2.Activities\Dev2.Activities.csproj]
C:\Users\ultra\warewolf\Dev\Dev2.Activities\Activities\GetSystemInformationHelper.cs(392,90): warning CA1416: This call site is reachable on all platforms. 'IdentityReference.Value' is only supported on: 'windows'. (https://learn.microsoft.com/dotnet/fundamentals/code-analysis/quality-rules/ca1416) [C:\Users\ultra\warewolf\Dev\Dev2.Activities\Dev2.Activities.csproj]
C:\Users\ultra\warewolf\Dev\Dev2.Activities\Activities\GetSystemInformationHelper.cs(393,32): warning CA1416: This call site is reachable on all platforms. 'ManagementObjectSearcher' is only supported on: 'windows'. (https://learn.microsoft.com/dotnet/fundamentals/code-analysis/quality-rules/ca1416) [C:\Users\ultra\warewolf\Dev\Dev2.Activities\Dev2.Activities.csproj]
C:\Users\ultra\warewolf\Dev\Dev2.Activities\Activities\GetSystemInformationHelper.cs(427,32): warning CA1416: This call site is reachable on all platforms. 'ManagementObjectSearcher' is only supported on: 'windows'. (https://learn.microsoft.com/dotnet/fundamentals/code-analysis/quality-rules/ca1416) [C:\Users\ultra\warewolf\Dev\Dev2.Activities\Dev2.Activities.csproj]
C:\Users\ultra\warewolf\Dev\Dev2.Activities\Activities\GetSystemInformationHelper.cs(426,32): warning CA1416: This call site is reachable on all platforms. 'ObjectQuery' is only supported on: 'windows'. (https://learn.microsoft.com/dotnet/fundamentals/code-analysis/quality-rules/ca1416) [C:\Users\ultra\warewolf\Dev\Dev2.Activities\Dev2.Activities.csproj]
C:\Users\ultra\warewolf\Dev\Dev2.Activities\Activities\GetSystemInformationHelper.cs(431,57): warning CA1416: This call site is reachable on all platforms. 'ManagementBaseObject.this[string]' is only supported on: 'windows'. (https://learn.microsoft.com/dotnet/fundamentals/code-analysis/quality-rules/ca1416) [C:\Users\ultra\warewolf\Dev\Dev2.Activities\Dev2.Activities.csproj]
C:\Users\ultra\warewolf\Dev\Dev2.Activities\Activities\GetSystemInformationHelper.cs(428,35): warning CA1416: This call site is reachable on all platforms. 'ManagementObjectSearcher.Get()' is only supported on: 'windows'. (https://learn.microsoft.com/dotnet/fundamentals/code-analysis/quality-rules/ca1416) [C:\Users\ultra\warewolf\Dev\Dev2.Activities\Dev2.Activities.csproj]
  Dev2.Activities -> C:\Users\ultra\warewolf\Dev\Dev2.Activities\bin\Debug\net8.0\Dev2.Activities.dll
C:\Program Files\dotnet\sdk\10.0.201\Microsoft.Common.CurrentVersion.targets(2451,5): warning MSB3277: Found conflicts between different versions of "WindowsBase" that could not be resolved. [C:\Users\ultra\warewolf\Dev\Dev2.Runtime\Dev2.Runtime.csproj]
C:\Program Files\dotnet\sdk\10.0.201\Microsoft.Common.CurrentVersion.targets(2451,5): warning MSB3277: There was a conflict between "WindowsBase, Version=4.0.0.0, Culture=neutral, PublicKeyToken=31bf3856ad364e35" and "WindowsBase, Version=6.0.2.0, Culture=neutral, PublicKeyToken=31bf3856ad364e35". [C:\Users\ultra\warewolf\Dev\Dev2.Runtime\Dev2.Runtime.csproj]
C:\Program Files\dotnet\sdk\10.0.201\Microsoft.Common.CurrentVersion.targets(2451,5): warning MSB3277:     "WindowsBase, Version=4.0.0.0, Culture=neutral, PublicKeyToken=31bf3856ad364e35" was chosen because it was primary and "WindowsBase, Version=6.0.2.0, Culture=neutral, PublicKeyToken=31bf3856ad364e35" was not. [C:\Users\ultra\warewolf\Dev\Dev2.Runtime\Dev2.Runtime.csproj]
C:\Program Files\dotnet\sdk\10.0.201\Microsoft.Common.CurrentVersion.targets(2451,5): warning MSB3277:     References which depend on "WindowsBase, Version=4.0.0.0, Culture=neutral, PublicKeyToken=31bf3856ad364e35" [C:\Program Files\dotnet\packs\Microsoft.NETCore.App.Ref\8.0.25\ref\net8.0\WindowsBase.dll]. [C:\Users\ultra\warewolf\Dev\Dev2.Runtime\Dev2.Runtime.csproj]
C:\Program Files\dotnet\sdk\10.0.201\Microsoft.Common.CurrentVersion.targets(2451,5): warning MSB3277:         C:\Program Files\dotnet\packs\Microsoft.NETCore.App.Ref\8.0.25\ref\net8.0\WindowsBase.dll [C:\Users\ultra\warewolf\Dev\Dev2.Runtime\Dev2.Runtime.csproj]
C:\Program Files\dotnet\sdk\10.0.201\Microsoft.Common.CurrentVersion.targets(2451,5): warning MSB3277:           Project file item includes which caused reference "C:\Program Files\dotnet\packs\Microsoft.NETCore.App.Ref\8.0.25\ref\net8.0\WindowsBase.dll". [C:\Users\ultra\warewolf\Dev\Dev2.Runtime\Dev2.Runtime.csproj]
C:\Program Files\dotnet\sdk\10.0.201\Microsoft.Common.CurrentVersion.targets(2451,5): warning MSB3277:             C:\Program Files\dotnet\packs\Microsoft.NETCore.App.Ref\8.0.25\ref/net8.0/WindowsBase.dll [C:\Users\ultra\warewolf\Dev\Dev2.Runtime\Dev2.Runtime.csproj]
C:\Program Files\dotnet\sdk\10.0.201\Microsoft.Common.CurrentVersion.targets(2451,5): warning MSB3277:     References which depend on or have been unified to "WindowsBase, Version=6.0.2.0, Culture=neutral, PublicKeyToken=31bf3856ad364e35" []. [C:\Users\ultra\warewolf\Dev\Dev2.Runtime\Dev2.Runtime.csproj]
C:\Program Files\dotnet\sdk\10.0.201\Microsoft.Common.CurrentVersion.targets(2451,5): warning MSB3277:         C:\Users\ultra\.nuget\packages\caliburn.micro\4.0.212\lib\netcoreapp3.1\Caliburn.Micro.Platform.dll [C:\Users\ultra\warewolf\Dev\Dev2.Runtime\Dev2.Runtime.csproj]
C:\Program Files\dotnet\sdk\10.0.201\Microsoft.Common.CurrentVersion.targets(2451,5): warning MSB3277:           Project file item includes which caused reference "C:\Users\ultra\.nuget\packages\caliburn.micro\4.0.212\lib\netcoreapp3.1\Caliburn.Micro.Platform.dll". [C:\Users\ultra\warewolf\Dev\Dev2.Runtime\Dev2.Runtime.csproj]
C:\Program Files\dotnet\sdk\10.0.201\Microsoft.Common.CurrentVersion.targets(2451,5): warning MSB3277:             C:\Users\ultra\.nuget\packages\caliburn.micro\4.0.212\lib\netcoreapp3.1\Caliburn.Micro.Platform.dll [C:\Users\ultra\warewolf\Dev\Dev2.Runtime\Dev2.Runtime.csproj]
C:\Program Files\dotnet\sdk\10.0.201\Microsoft.Common.CurrentVersion.targets(2451,5): warning MSB3277:         C:\Users\ultra\.nuget\packages\ironpython\3.4.0\lib\net6.0\IronPython.Wpf.dll [C:\Users\ultra\warewolf\Dev\Dev2.Runtime\Dev2.Runtime.csproj]
C:\Program Files\dotnet\sdk\10.0.201\Microsoft.Common.CurrentVersion.targets(2451,5): warning MSB3277:           Project file item includes which caused reference "C:\Users\ultra\.nuget\packages\ironpython\3.4.0\lib\net6.0\IronPython.Wpf.dll". [C:\Users\ultra\warewolf\Dev\Dev2.Runtime\Dev2.Runtime.csproj]
C:\Program Files\dotnet\sdk\10.0.201\Microsoft.Common.CurrentVersion.targets(2451,5): warning MSB3277:             C:\Users\ultra\.nuget\packages\ironpython\3.4.0\lib\net6.0\IronPython.Wpf.dll [C:\Users\ultra\warewolf\Dev\Dev2.Runtime\Dev2.Runtime.csproj]
C:\Program Files\dotnet\sdk\10.0.201\Microsoft.Common.CurrentVersion.targets(2451,5): warning MSB3277:         C:\Users\ultra\.nuget\packages\microsoft.xaml.behaviors.wpf\1.1.19\lib\netcoreapp3.0\Microsoft.Xaml.Behaviors.dll [C:\Users\ultra\warewolf\Dev\Dev2.Runtime\Dev2.Runtime.csproj]
C:\Program Files\dotnet\sdk\10.0.201\Microsoft.Common.CurrentVersion.targets(2451,5): warning MSB3277:           Project file item includes which caused reference "C:\Users\ultra\.nuget\packages\microsoft.xaml.behaviors.wpf\1.1.19\lib\netcoreapp3.0\Microsoft.Xaml.Behaviors.dll". [C:\Users\ultra\warewolf\Dev\Dev2.Runtime\Dev2.Runtime.csproj]
C:\Program Files\dotnet\sdk\10.0.201\Microsoft.Common.CurrentVersion.targets(2451,5): warning MSB3277:             C:\Users\ultra\.nuget\packages\microsoft.xaml.behaviors.wpf\1.1.19\lib\netcoreapp3.0\Microsoft.Xaml.Behaviors.dll [C:\Users\ultra\warewolf\Dev\Dev2.Runtime\Dev2.Runtime.csproj]
C:\Program Files\dotnet\sdk\10.0.201\Microsoft.Common.CurrentVersion.targets(2451,5): warning MSB3277:             C:\Users\ultra\.nuget\packages\caliburn.micro\4.0.212\lib\netcoreapp3.1\Caliburn.Micro.Platform.dll [C:\Users\ultra\warewolf\Dev\Dev2.Runtime\Dev2.Runtime.csproj]
C:\Program Files\dotnet\sdk\10.0.201\Microsoft.Common.CurrentVersion.targets(2451,5): warning MSB3277:         C:\Users\ultra\.nuget\packages\reactiveui.wpf\18.4.1\lib\net462\ReactiveUI.Wpf.dll [C:\Users\ultra\warewolf\Dev\Dev2.Runtime\Dev2.Runtime.csproj]
C:\Program Files\dotnet\sdk\10.0.201\Microsoft.Common.CurrentVersion.targets(2451,5): warning MSB3277:           Project file item includes which caused reference "C:\Users\ultra\.nuget\packages\reactiveui.wpf\18.4.1\lib\net462\ReactiveUI.Wpf.dll". [C:\Users\ultra\warewolf\Dev\Dev2.Runtime\Dev2.Runtime.csproj]
C:\Program Files\dotnet\sdk\10.0.201\Microsoft.Common.CurrentVersion.targets(2451,5): warning MSB3277:             C:\Users\ultra\.nuget\packages\reactiveui.wpf\18.4.1\lib\net462\ReactiveUI.Wpf.dll [C:\Users\ultra\warewolf\Dev\Dev2.Runtime\Dev2.Runtime.csproj]
C:\Users\ultra\warewolf\Dev\Warewolf.Core.Tests\Parsing\BitVectorTest.cs(23,21): warning MSTEST0005: Property 'TestContext' should be valid (https://learn.microsoft.com/dotnet/core/testing/mstest-analyzers/mstest0005) [C:\Users\ultra\warewolf\Dev\Warewolf.Core.Tests\Warewolf.Core.Tests.csproj]
  Warewolf.Core.Tests -> C:\Users\ultra\warewolf\Dev\Warewolf.Core.Tests\bin\Debug\net8.0\linux-x64\Warewolf.Core.Tests.dll
C:\Users\ultra\warewolf\Dev\Dev2.Runtime\ESB\Execution\RemoteWorkflowExecutionContainer.cs(235,35): warning SYSLIB0013: 'Uri.EscapeUriString(string)' is obsolete: 'Uri.EscapeUriString can corrupt the Uri string in some cases. Consider using Uri.EscapeDataString for query string components instead.' (https://aka.ms/dotnet-warnings/SYSLIB0013) [C:\Users\ultra\warewolf\Dev\Dev2.Runtime\Dev2.Runtime.csproj]
C:\Users\ultra\warewolf\Dev\Dev2.Runtime\ESB\Execution\RemoteWorkflowExecutionContainer.cs(301,39): warning SYSLIB0013: 'Uri.EscapeUriString(string)' is obsolete: 'Uri.EscapeUriString can corrupt the Uri string in some cases. Consider using Uri.EscapeDataString for query string components instead.' (https://aka.ms/dotnet-warnings/SYSLIB0013) [C:\Users\ultra\warewolf\Dev\Dev2.Runtime\Dev2.Runtime.csproj]
C:\Users\ultra\warewolf\Dev\Dev2.Runtime\ESB\Execution\WfExecutionContainer.cs(63,35): warning CC0067: Do not call overridable methods in constructors (https://code-cracker.github.io/diagnostics/CC0067.html) [C:\Users\ultra\warewolf\Dev\Dev2.Runtime\Dev2.Runtime.csproj]
C:\Users\ultra\warewolf\Dev\Dev2.Runtime\ESB\Execution\WfExecutionContainer.cs(578,33): warning CC0003: Consider adding an Exception to the catch. (https://code-cracker.github.io/diagnostics/CC0003.html) [C:\Users\ultra\warewolf\Dev\Dev2.Runtime\Dev2.Runtime.csproj]
C:\Users\ultra\warewolf\Dev\Dev2.Runtime\ESB\WF\XamlActivityHelper.cs(66,13): warning CC0004: Empty Catch Block. (https://code-cracker.github.io/diagnostics/CC0004.html) [C:\Users\ultra\warewolf\Dev\Dev2.Runtime\Dev2.Runtime.csproj]
C:\Users\ultra\warewolf\Dev\Dev2.Runtime\ESB\WF\XamlActivityHelper.cs(240,43): warning CC0057: Parameter 'instance' is not used. (https://code-cracker.github.io/diagnostics/CC0057.html) [C:\Users\ultra\warewolf\Dev\Dev2.Runtime\Dev2.Runtime.csproj]
C:\Users\ultra\warewolf\Dev\Dev2.Runtime\ESB\WF\XamlActivityHelper.cs(133,13): warning CC0004: Empty Catch Block. (https://code-cracker.github.io/diagnostics/CC0004.html) [C:\Users\ultra\warewolf\Dev\Dev2.Runtime\Dev2.Runtime.csproj]
C:\Users\ultra\warewolf\Dev\Dev2.Runtime\ESB\WF\XamlActivityHelper.cs(179,17): warning CC0004: Empty Catch Block. (https://code-cracker.github.io/diagnostics/CC0004.html) [C:\Users\ultra\warewolf\Dev\Dev2.Runtime\Dev2.Runtime.csproj]
C:\Users\ultra\warewolf\Dev\Dev2.Runtime\ESB\WF\XamlActivityHelper.cs(230,17): warning CC0004: Empty Catch Block. (https://code-cracker.github.io/diagnostics/CC0004.html) [C:\Users\ultra\warewolf\Dev\Dev2.Runtime\Dev2.Runtime.csproj]
C:\Users\ultra\warewolf\Dev\Dev2.Runtime\ESB\Execution\WfExecutionContainer.cs(774,37): warning CC0022: StateAuditLogger should be disposed. (https://code-cracker.github.io/diagnostics/CC0022.html) [C:\Users\ultra\warewolf\Dev\Dev2.Runtime\Dev2.Runtime.csproj]
C:\Users\ultra\warewolf\Dev\Dev2.Runtime\ESB\Execution\WfExecutionContainer.cs(819,17): warning CC0004: Empty Catch Block. (https://code-cracker.github.io/diagnostics/CC0004.html) [C:\Users\ultra\warewolf\Dev\Dev2.Runtime\Dev2.Runtime.csproj]
C:\Users\ultra\warewolf\Dev\Dev2.Runtime\ESB\Execution\WfExecutionContainer.cs(864,21): warning CC0004: Empty Catch Block. (https://code-cracker.github.io/diagnostics/CC0004.html) [C:\Users\ultra\warewolf\Dev\Dev2.Runtime\Dev2.Runtime.csproj]
  Dev2.Runtime -> C:\Users\ultra\warewolf\Dev\Dev2.Runtime\bin\Debug\net8.0\Dev2.Runtime.dll
C:\Users\ultra\warewolf\Dev\Dev2.Studio.Core\Activities\Services\DesignerManagementService.cs(75,13): warning CS0618: 'EventAggregatorExtensions.Subscribe(IEventAggregator, object)' is obsolete: 'Use SubscribeOnPublishedThread' [C:\Users\ultra\warewolf\Dev\Dev2.Studio.Core\Dev2.Studio.Core.csproj]
C:\Users\ultra\warewolf\Dev\Dev2.Studio.Core\Diagnostics\DebugStateTreeViewItemViewModel.cs(119,13): warning CC0105: Use 'var' instead of specifying the type name. (https://code-cracker.github.io/diagnostics/CC0105.html) [C:\Users\ultra\warewolf\Dev\Dev2.Studio.Core\Dev2.Studio.Core.csproj]
C:\Users\ultra\warewolf\Dev\Dev2.Studio.Core\AppResources\Converters\NullableBoolToBoolConverter.cs(31,45): warning CC0057: Parameter 'targetType' is not used. (https://code-cracker.github.io/diagnostics/CC0057.html) [C:\Users\ultra\warewolf\Dev\Dev2.Studio.Core\Dev2.Studio.Core.csproj]
C:\Users\ultra\warewolf\Dev\Dev2.Studio.Core\AppResources\Converters\NullableBoolToBoolConverter.cs(31,62): warning CC0057: Parameter 'parameter' is not used. (https://code-cracker.github.io/diagnostics/CC0057.html) [C:\Users\ultra\warewolf\Dev\Dev2.Studio.Core\Dev2.Studio.Core.csproj]
C:\Users\ultra\warewolf\Dev\Dev2.Studio.Core\AppResources\Converters\NullableBoolToBoolConverter.cs(31,80): warning CC0057: Parameter 'culture' is not used. (https://code-cracker.github.io/diagnostics/CC0057.html) [C:\Users\ultra\warewolf\Dev\Dev2.Studio.Core\Dev2.Studio.Core.csproj]
C:\Users\ultra\warewolf\Dev\Dev2.Studio.Core\AppResources\Converters\NullableBoolToBoolConverter.cs(41,23): warning CC0057: Parameter 'value' is not used. (https://code-cracker.github.io/diagnostics/CC0057.html) [C:\Users\ultra\warewolf\Dev\Dev2.Studio.Core\Dev2.Studio.Core.csproj]
C:\Users\ultra\warewolf\Dev\Dev2.Studio.Core\AppResources\Converters\NullableBoolToBoolConverter.cs(41,37): warning CC0057: Parameter 'targetType' is not used. (https://code-cracker.github.io/diagnostics/CC0057.html) [C:\Users\ultra\warewolf\Dev\Dev2.Studio.Core\Dev2.Studio.Core.csproj]
C:\Users\ultra\warewolf\Dev\Dev2.Studio.Core\AppResources\Converters\NullableBoolToBoolConverter.cs(41,54): warning CC0057: Parameter 'parameter' is not used. (https://code-cracker.github.io/diagnostics/CC0057.html) [C:\Users\ultra\warewolf\Dev\Dev2.Studio.Core\Dev2.Studio.Core.csproj]
C:\Users\ultra\warewolf\Dev\Dev2.Studio.Core\AppResources\Converters\NullableBoolToBoolConverter.cs(41,72): warning CC0057: Parameter 'culture' is not used. (https://code-cracker.github.io/diagnostics/CC0057.html) [C:\Users\ultra\warewolf\Dev\Dev2.Studio.Core\Dev2.Studio.Core.csproj]
C:\Users\ultra\warewolf\Dev\Dev2.Studio.Core\AppResources\Converters\ModelItemToActivityConverter.cs(31,42): warning CC0057: Parameter 'targetType' is not used. (https://code-cracker.github.io/diagnostics/CC0057.html) [C:\Users\ultra\warewolf\Dev\Dev2.Studio.Core\Dev2.Studio.Core.csproj]
C:\Users\ultra\warewolf\Dev\Dev2.Studio.Core\AppResources\Converters\ModelItemToActivityConverter.cs(31,59): warning CC0057: Parameter 'parameter' is not used. (https://code-cracker.github.io/diagnostics/CC0057.html) [C:\Users\ultra\warewolf\Dev\Dev2.Studio.Core\Dev2.Studio.Core.csproj]
C:\Users\ultra\warewolf\Dev\Dev2.Studio.Core\AppResources\Converters\ModelItemToActivityConverter.cs(31,77): warning CC0057: Parameter 'culture' is not used. (https://code-cracker.github.io/diagnostics/CC0057.html) [C:\Users\ultra\warewolf\Dev\Dev2.Studio.Core\Dev2.Studio.Core.csproj]
C:\Users\ultra\warewolf\Dev\Dev2.Studio.Core\AppResources\Converters\ModelItemToActivityConverter.cs(45,46): warning CC0057: Parameter 'targetType' is not used. (https://code-cracker.github.io/diagnostics/CC0057.html) [C:\Users\ultra\warewolf\Dev\Dev2.Studio.Core\Dev2.Studio.Core.csproj]
C:\Users\ultra\warewolf\Dev\Dev2.Studio.Core\AppResources\Converters\ModelItemToActivityConverter.cs(45,81): warning CC0057: Parameter 'culture' is not used. (https://code-cracker.github.io/diagnostics/CC0057.html) [C:\Users\ultra\warewolf\Dev\Dev2.Studio.Core\Dev2.Studio.Core.csproj]
C:\Users\ultra\warewolf\Dev\Dev2.Studio.Core\DataList\Dev2TrieSuggestionProvider.cs(180,13): warning CC0004: Empty Catch Block. (https://code-cracker.github.io/diagnostics/CC0004.html) [C:\Users\ultra\warewolf\Dev\Dev2.Studio.Core\Dev2.Studio.Core.csproj]
  Dev2.Studio.Core -> C:\Users\ultra\warewolf\Dev\Dev2.Studio.Core\bin\Debug\net8.0\Dev2.Studio.Core.dll
C:\Program Files\dotnet\sdk\10.0.201\Microsoft.Common.CurrentVersion.targets(2451,5): warning MSB3277: Found conflicts between different versions of "WindowsBase" that could not be resolved. [C:\Users\ultra\warewolf\Dev\Warewolf.MergeParser\Warewolf.MergeParser.csproj]
C:\Program Files\dotnet\sdk\10.0.201\Microsoft.Common.CurrentVersion.targets(2451,5): warning MSB3277: There was a conflict between "WindowsBase, Version=4.0.0.0, Culture=neutral, PublicKeyToken=31bf3856ad364e35" and "WindowsBase, Version=6.0.2.0, Culture=neutral, PublicKeyToken=31bf3856ad364e35". [C:\Users\ultra\warewolf\Dev\Warewolf.MergeParser\Warewolf.MergeParser.csproj]
C:\Program Files\dotnet\sdk\10.0.201\Microsoft.Common.CurrentVersion.targets(2451,5): warning MSB3277:     "WindowsBase, Version=4.0.0.0, Culture=neutral, PublicKeyToken=31bf3856ad364e35" was chosen because it was primary and "WindowsBase, Version=6.0.2.0, Culture=neutral, PublicKeyToken=31bf3856ad364e35" was not. [C:\Users\ultra\warewolf\Dev\Warewolf.MergeParser\Warewolf.MergeParser.csproj]
C:\Program Files\dotnet\sdk\10.0.201\Microsoft.Common.CurrentVersion.targets(2451,5): warning MSB3277:     References which depend on "WindowsBase, Version=4.0.0.0, Culture=neutral, PublicKeyToken=31bf3856ad364e35" [C:\Program Files\dotnet\packs\Microsoft.NETCore.App.Ref\8.0.25\ref\net8.0\WindowsBase.dll]. [C:\Users\ultra\warewolf\Dev\Warewolf.MergeParser\Warewolf.MergeParser.csproj]
C:\Program Files\dotnet\sdk\10.0.201\Microsoft.Common.CurrentVersion.targets(2451,5): warning MSB3277:         C:\Program Files\dotnet\packs\Microsoft.NETCore.App.Ref\8.0.25\ref\net8.0\WindowsBase.dll [C:\Users\ultra\warewolf\Dev\Warewolf.MergeParser\Warewolf.MergeParser.csproj]
C:\Program Files\dotnet\sdk\10.0.201\Microsoft.Common.CurrentVersion.targets(2451,5): warning MSB3277:           Project file item includes which caused reference "C:\Program Files\dotnet\packs\Microsoft.NETCore.App.Ref\8.0.25\ref\net8.0\WindowsBase.dll". [C:\Users\ultra\warewolf\Dev\Warewolf.MergeParser\Warewolf.MergeParser.csproj]
C:\Program Files\dotnet\sdk\10.0.201\Microsoft.Common.CurrentVersion.targets(2451,5): warning MSB3277:             C:\Program Files\dotnet\packs\Microsoft.NETCore.App.Ref\8.0.25\ref/net8.0/WindowsBase.dll [C:\Users\ultra\warewolf\Dev\Warewolf.MergeParser\Warewolf.MergeParser.csproj]
C:\Program Files\dotnet\sdk\10.0.201\Microsoft.Common.CurrentVersion.targets(2451,5): warning MSB3277:     References which depend on or have been unified to "WindowsBase, Version=6.0.2.0, Culture=neutral, PublicKeyToken=31bf3856ad364e35" []. [C:\Users\ultra\warewolf\Dev\Warewolf.MergeParser\Warewolf.MergeParser.csproj]
C:\Program Files\dotnet\sdk\10.0.201\Microsoft.Common.CurrentVersion.targets(2451,5): warning MSB3277:         C:\Users\ultra\.nuget\packages\caliburn.micro\4.0.212\lib\netcoreapp3.1\Caliburn.Micro.Platform.dll [C:\Users\ultra\warewolf\Dev\Warewolf.MergeParser\Warewolf.MergeParser.csproj]
C:\Program Files\dotnet\sdk\10.0.201\Microsoft.Common.CurrentVersion.targets(2451,5): warning MSB3277:           Project file item includes which caused reference "C:\Users\ultra\.nuget\packages\caliburn.micro\4.0.212\lib\netcoreapp3.1\Caliburn.Micro.Platform.dll". [C:\Users\ultra\warewolf\Dev\Warewolf.MergeParser\Warewolf.MergeParser.csproj]
C:\Program Files\dotnet\sdk\10.0.201\Microsoft.Common.CurrentVersion.targets(2451,5): warning MSB3277:             C:\Users\ultra\.nuget\packages\caliburn.micro\4.0.212\lib\netcoreapp3.1\Caliburn.Micro.Platform.dll [C:\Users\ultra\warewolf\Dev\Warewolf.MergeParser\Warewolf.MergeParser.csproj]
C:\Program Files\dotnet\sdk\10.0.201\Microsoft.Common.CurrentVersion.targets(2451,5): warning MSB3277:         C:\Users\ultra\.nuget\packages\ironpython\3.4.0\lib\net6.0\IronPython.Wpf.dll [C:\Users\ultra\warewolf\Dev\Warewolf.MergeParser\Warewolf.MergeParser.csproj]
C:\Program Files\dotnet\sdk\10.0.201\Microsoft.Common.CurrentVersion.targets(2451,5): warning MSB3277:           Project file item includes which caused reference "C:\Users\ultra\.nuget\packages\ironpython\3.4.0\lib\net6.0\IronPython.Wpf.dll". [C:\Users\ultra\warewolf\Dev\Warewolf.MergeParser\Warewolf.MergeParser.csproj]
C:\Program Files\dotnet\sdk\10.0.201\Microsoft.Common.CurrentVersion.targets(2451,5): warning MSB3277:             C:\Users\ultra\.nuget\packages\ironpython\3.4.0\lib\net6.0\IronPython.Wpf.dll [C:\Users\ultra\warewolf\Dev\Warewolf.MergeParser\Warewolf.MergeParser.csproj]
C:\Program Files\dotnet\sdk\10.0.201\Microsoft.Common.CurrentVersion.targets(2451,5): warning MSB3277:         C:\Users\ultra\.nuget\packages\microsoft.xaml.behaviors.wpf\1.1.122\lib\net462\Microsoft.Xaml.Behaviors.dll [C:\Users\ultra\warewolf\Dev\Warewolf.MergeParser\Warewolf.MergeParser.csproj]
C:\Program Files\dotnet\sdk\10.0.201\Microsoft.Common.CurrentVersion.targets(2451,5): warning MSB3277:           Project file item includes which caused reference "C:\Users\ultra\.nuget\packages\microsoft.xaml.behaviors.wpf\1.1.122\lib\net462\Microsoft.Xaml.Behaviors.dll". [C:\Users\ultra\warewolf\Dev\Warewolf.MergeParser\Warewolf.MergeParser.csproj]
C:\Program Files\dotnet\sdk\10.0.201\Microsoft.Common.CurrentVersion.targets(2451,5): warning MSB3277:             C:\Users\ultra\.nuget\packages\microsoft.xaml.behaviors.wpf\1.1.122\lib\net462\Microsoft.Xaml.Behaviors.dll [C:\Users\ultra\warewolf\Dev\Warewolf.MergeParser\Warewolf.MergeParser.csproj]
C:\Program Files\dotnet\sdk\10.0.201\Microsoft.Common.CurrentVersion.targets(2451,5): warning MSB3277:             C:\Users\ultra\.nuget\packages\caliburn.micro\4.0.212\lib\netcoreapp3.1\Caliburn.Micro.Platform.dll [C:\Users\ultra\warewolf\Dev\Warewolf.MergeParser\Warewolf.MergeParser.csproj]
C:\Program Files\dotnet\sdk\10.0.201\Microsoft.Common.CurrentVersion.targets(2451,5): warning MSB3277:             C:\Users\ultra\.nuget\packages\prism.wpf\9.0.537\lib\net462\Prism.Wpf.dll [C:\Users\ultra\warewolf\Dev\Warewolf.MergeParser\Warewolf.MergeParser.csproj]
C:\Program Files\dotnet\sdk\10.0.201\Microsoft.Common.CurrentVersion.targets(2451,5): warning MSB3277:         C:\Users\ultra\.nuget\packages\prism.wpf\9.0.537\lib\net462\Prism.Wpf.dll [C:\Users\ultra\warewolf\Dev\Warewolf.MergeParser\Warewolf.MergeParser.csproj]
C:\Program Files\dotnet\sdk\10.0.201\Microsoft.Common.CurrentVersion.targets(2451,5): warning MSB3277:           Project file item includes which caused reference "C:\Users\ultra\.nuget\packages\prism.wpf\9.0.537\lib\net462\Prism.Wpf.dll". [C:\Users\ultra\warewolf\Dev\Warewolf.MergeParser\Warewolf.MergeParser.csproj]
C:\Program Files\dotnet\sdk\10.0.201\Microsoft.Common.CurrentVersion.targets(2451,5): warning MSB3277:             C:\Users\ultra\.nuget\packages\prism.wpf\9.0.537\lib\net462\Prism.Wpf.dll [C:\Users\ultra\warewolf\Dev\Warewolf.MergeParser\Warewolf.MergeParser.csproj]
C:\Program Files\dotnet\sdk\10.0.201\Microsoft.Common.CurrentVersion.targets(2451,5): warning MSB3277:         C:\Users\ultra\.nuget\packages\reactiveui.wpf\18.4.1\lib\net462\ReactiveUI.Wpf.dll [C:\Users\ultra\warewolf\Dev\Warewolf.MergeParser\Warewolf.MergeParser.csproj]
C:\Program Files\dotnet\sdk\10.0.201\Microsoft.Common.CurrentVersion.targets(2451,5): warning MSB3277:           Project file item includes which caused reference "C:\Users\ultra\.nuget\packages\reactiveui.wpf\18.4.1\lib\net462\ReactiveUI.Wpf.dll". [C:\Users\ultra\warewolf\Dev\Warewolf.MergeParser\Warewolf.MergeParser.csproj]
C:\Program Files\dotnet\sdk\10.0.201\Microsoft.Common.CurrentVersion.targets(2451,5): warning MSB3277:             C:\Users\ultra\.nuget\packages\reactiveui.wpf\18.4.1\lib\net462\ReactiveUI.Wpf.dll [C:\Users\ultra\warewolf\Dev\Warewolf.MergeParser\Warewolf.MergeParser.csproj]
C:\Program Files\dotnet\sdk\10.0.201\Microsoft.Common.CurrentVersion.targets(2451,5): warning MSB3277: Found conflicts between different versions of "Microsoft.Win32.SystemEvents" that could not be resolved. [C:\Users\ultra\warewolf\Dev\Dev2.Intellisense\Dev2.Intellisense.csproj]
C:\Program Files\dotnet\sdk\10.0.201\Microsoft.Common.CurrentVersion.targets(2451,5): warning MSB3277: There was a conflict between "Microsoft.Win32.SystemEvents, Version=6.0.0.0, Culture=neutral, PublicKeyToken=cc7b13ffcd2ddd51" and "Microsoft.Win32.SystemEvents, Version=7.0.0.0, Culture=neutral, PublicKeyToken=cc7b13ffcd2ddd51". [C:\Users\ultra\warewolf\Dev\Dev2.Intellisense\Dev2.Intellisense.csproj]
C:\Program Files\dotnet\sdk\10.0.201\Microsoft.Common.CurrentVersion.targets(2451,5): warning MSB3277:     "Microsoft.Win32.SystemEvents, Version=6.0.0.0, Culture=neutral, PublicKeyToken=cc7b13ffcd2ddd51" was chosen because it was primary and "Microsoft.Win32.SystemEvents, Version=7.0.0.0, Culture=neutral, PublicKeyToken=cc7b13ffcd2ddd51" was not. [C:\Users\ultra\warewolf\Dev\Dev2.Intellisense\Dev2.Intellisense.csproj]
C:\Program Files\dotnet\sdk\10.0.201\Microsoft.Common.CurrentVersion.targets(2451,5): warning MSB3277:     References which depend on "Microsoft.Win32.SystemEvents, Version=6.0.0.0, Culture=neutral, PublicKeyToken=cc7b13ffcd2ddd51" [C:\Users\ultra\.nuget\packages\microsoft.win32.systemevents\6.0.0\lib\net6.0\Microsoft.Win32.SystemEvents.dll]. [C:\Users\ultra\warewolf\Dev\Dev2.Intellisense\Dev2.Intellisense.csproj]
C:\Program Files\dotnet\sdk\10.0.201\Microsoft.Common.CurrentVersion.targets(2451,5): warning MSB3277:         C:\Users\ultra\.nuget\packages\microsoft.win32.systemevents\6.0.0\lib\net6.0\Microsoft.Win32.SystemEvents.dll [C:\Users\ultra\warewolf\Dev\Dev2.Intellisense\Dev2.Intellisense.csproj]
C:\Program Files\dotnet\sdk\10.0.201\Microsoft.Common.CurrentVersion.targets(2451,5): warning MSB3277:           Project file item includes which caused reference "C:\Users\ultra\.nuget\packages\microsoft.win32.systemevents\6.0.0\lib\net6.0\Microsoft.Win32.SystemEvents.dll". [C:\Users\ultra\warewolf\Dev\Dev2.Intellisense\Dev2.Intellisense.csproj]
C:\Program Files\dotnet\sdk\10.0.201\Microsoft.Common.CurrentVersion.targets(2451,5): warning MSB3277:             C:\Users\ultra\.nuget\packages\microsoft.win32.systemevents\6.0.0\lib\net6.0\Microsoft.Win32.SystemEvents.dll [C:\Users\ultra\warewolf\Dev\Dev2.Intellisense\Dev2.Intellisense.csproj]
C:\Program Files\dotnet\sdk\10.0.201\Microsoft.Common.CurrentVersion.targets(2451,5): warning MSB3277:     References which depend on or have been unified to "Microsoft.Win32.SystemEvents, Version=7.0.0.0, Culture=neutral, PublicKeyToken=cc7b13ffcd2ddd51" []. [C:\Users\ultra\warewolf\Dev\Dev2.Intellisense\Dev2.Intellisense.csproj]
C:\Program Files\dotnet\sdk\10.0.201\Microsoft.Common.CurrentVersion.targets(2451,5): warning MSB3277:         C:\Users\ultra\warewolf\Dev\Dev2.Common\bin\Debug\net8.0\Dev2.Common.dll [C:\Users\ultra\warewolf\Dev\Dev2.Intellisense\Dev2.Intellisense.csproj]
C:\Program Files\dotnet\sdk\10.0.201\Microsoft.Common.CurrentVersion.targets(2451,5): warning MSB3277:           Project file item includes which caused reference "C:\Users\ultra\warewolf\Dev\Dev2.Common\bin\Debug\net8.0\Dev2.Common.dll". [C:\Users\ultra\warewolf\Dev\Dev2.Intellisense\Dev2.Intellisense.csproj]
C:\Program Files\dotnet\sdk\10.0.201\Microsoft.Common.CurrentVersion.targets(2451,5): warning MSB3277:             C:\Users\ultra\warewolf\Dev\Dev2.Common\bin\Debug\net8.0\Dev2.Common.dll [C:\Users\ultra\warewolf\Dev\Dev2.Intellisense\Dev2.Intellisense.csproj]
C:\Program Files\dotnet\sdk\10.0.201\Microsoft.Common.CurrentVersion.targets(2451,5): warning MSB3277:             C:\Users\ultra\warewolf\Dev\Dev2.Activities\bin\Debug\net8.0\Dev2.Activities.dll [C:\Users\ultra\warewolf\Dev\Dev2.Intellisense\Dev2.Intellisense.csproj]
C:\Program Files\dotnet\sdk\10.0.201\Microsoft.Common.CurrentVersion.targets(2451,5): warning MSB3277:             C:\Users\ultra\warewolf\Dev\Dev2.Core\bin\Debug\net8.0\Dev2.Core.dll [C:\Users\ultra\warewolf\Dev\Dev2.Intellisense\Dev2.Intellisense.csproj]
C:\Program Files\dotnet\sdk\10.0.201\Microsoft.Common.CurrentVersion.targets(2451,5): warning MSB3277:             C:\Users\ultra\warewolf\Dev\Dev2.Data\bin\Debug\net8.0\Dev2.Data.dll [C:\Users\ultra\warewolf\Dev\Dev2.Intellisense\Dev2.Intellisense.csproj]
C:\Program Files\dotnet\sdk\10.0.201\Microsoft.Common.CurrentVersion.targets(2451,5): warning MSB3277:             C:\Users\ultra\warewolf\Dev\Dev2.Infrastructure\bin\Debug\net8.0\Dev2.Infrastructure.dll [C:\Users\ultra\warewolf\Dev\Dev2.Intellisense\Dev2.Intellisense.csproj]
C:\Program Files\dotnet\sdk\10.0.201\Microsoft.Common.CurrentVersion.targets(2451,5): warning MSB3277:             C:\Users\ultra\warewolf\Dev\Dev2.Studio.Core\bin\Debug\net8.0\Dev2.Studio.Core.dll [C:\Users\ultra\warewolf\Dev\Dev2.Intellisense\Dev2.Intellisense.csproj]
C:\Program Files\dotnet\sdk\10.0.201\Microsoft.Common.CurrentVersion.targets(2451,5): warning MSB3277:             C:\Users\ultra\warewolf\Dev\Dev2.Studio.Interfaces\bin\Debug\net8.0\Dev2.Studio.Interfaces.dll [C:\Users\ultra\warewolf\Dev\Dev2.Intellisense\Dev2.Intellisense.csproj]
C:\Program Files\dotnet\sdk\10.0.201\Microsoft.Common.CurrentVersion.targets(2451,5): warning MSB3277:             C:\Users\ultra\warewolf\Dev\Warewolf.Studio.Core\bin\Debug\net8.0\Warewolf.Studio.Core.dll [C:\Users\ultra\warewolf\Dev\Dev2.Intellisense\Dev2.Intellisense.csproj]
C:\Program Files\dotnet\sdk\10.0.201\Microsoft.Common.CurrentVersion.targets(2451,5): warning MSB3277:             C:\Users\ultra\warewolf\Dev\Dev2.Development.Languages\bin\Debug\net8.0\Dev2.Development.Languages.dll [C:\Users\ultra\warewolf\Dev\Dev2.Intellisense\Dev2.Intellisense.csproj]
C:\Program Files\dotnet\sdk\10.0.201\Microsoft.Common.CurrentVersion.targets(2451,5): warning MSB3277:             C:\Users\ultra\warewolf\Dev\Dev2.Diagnostics\bin\Debug\net8.0\Dev2.Diagnostics.dll [C:\Users\ultra\warewolf\Dev\Dev2.Intellisense\Dev2.Intellisense.csproj]
C:\Program Files\dotnet\sdk\10.0.201\Microsoft.Common.CurrentVersion.targets(2451,5): warning MSB3277:             C:\Users\ultra\warewolf\Dev\Dev2.Runtime.Services\bin\Debug\net8.0\Dev2.Runtime.Services.dll [C:\Users\ultra\warewolf\Dev\Dev2.Intellisense\Dev2.Intellisense.csproj]
C:\Program Files\dotnet\sdk\10.0.201\Microsoft.Common.CurrentVersion.targets(2451,5): warning MSB3277:             C:\Users\ultra\warewolf\Dev\Dev2.Scheduler\bin\Debug\net8.0\Dev2.Scheduler.dll [C:\Users\ultra\warewolf\Dev\Dev2.Intellisense\Dev2.Intellisense.csproj]
C:\Program Files\dotnet\sdk\10.0.201\Microsoft.Common.CurrentVersion.targets(2451,5): warning MSB3277:             C:\Users\ultra\warewolf\Dev\Dev2.Services.Execution\bin\Debug\net8.0\Dev2.Services.Execution.dll [C:\Users\ultra\warewolf\Dev\Dev2.Intellisense\Dev2.Intellisense.csproj]
C:\Program Files\dotnet\sdk\10.0.201\Microsoft.Common.CurrentVersion.targets(2451,5): warning MSB3277:             C:\Users\ultra\warewolf\Dev\Dev2.Services.Sql\bin\Debug\net8.0\Dev2.Services.Sql.dll [C:\Users\ultra\warewolf\Dev\Dev2.Intellisense\Dev2.Intellisense.csproj]
C:\Program Files\dotnet\sdk\10.0.201\Microsoft.Common.CurrentVersion.targets(2451,5): warning MSB3277:             C:\Users\ultra\warewolf\Dev\Dev2.TaskScheduler.Wrappers\bin\Debug\net8.0\Dev2.TaskScheduler.Wrappers.dll [C:\Users\ultra\warewolf\Dev\Dev2.Intellisense\Dev2.Intellisense.csproj]
C:\Program Files\dotnet\sdk\10.0.201\Microsoft.Common.CurrentVersion.targets(2451,5): warning MSB3277:             C:\Users\ultra\warewolf\Dev\Dev2.Util\bin\Debug\net8.0\Dev2.Util.dll [C:\Users\ultra\warewolf\Dev\Dev2.Intellisense\Dev2.Intellisense.csproj]
C:\Program Files\dotnet\sdk\10.0.201\Microsoft.Common.CurrentVersion.targets(2451,5): warning MSB3277:             C:\Users\ultra\warewolf\Dev\Warewolf.AI.Harness\bin\Debug\net8.0\Warewolf.AI.Harness.dll [C:\Users\ultra\warewolf\Dev\Dev2.Intellisense\Dev2.Intellisense.csproj]
C:\Program Files\dotnet\sdk\10.0.201\Microsoft.Common.CurrentVersion.targets(2451,5): warning MSB3277:             C:\Users\ultra\warewolf\Dev\Warewolf.Auditing\bin\Debug\net8.0\Warewolf.Auditing.dll [C:\Users\ultra\warewolf\Dev\Dev2.Intellisense\Dev2.Intellisense.csproj]
C:\Program Files\dotnet\sdk\10.0.201\Microsoft.Common.CurrentVersion.targets(2451,5): warning MSB3277:             C:\Users\ultra\warewolf\Dev\Warewolf.Common.NetStandard20\bin\Debug\net8.0\Warewolf.Common.NetStandard20.dll [C:\Users\ultra\warewolf\Dev\Dev2.Intellisense\Dev2.Intellisense.csproj]
C:\Program Files\dotnet\sdk\10.0.201\Microsoft.Common.CurrentVersion.targets(2451,5): warning MSB3277:             C:\Users\ultra\warewolf\Dev\Warewolf.Core\bin\Debug\net8.0\Warewolf.Core.dll [C:\Users\ultra\warewolf\Dev\Dev2.Intellisense\Dev2.Intellisense.csproj]
C:\Program Files\dotnet\sdk\10.0.201\Microsoft.Common.CurrentVersion.targets(2451,5): warning MSB3277:             C:\Users\ultra\warewolf\Dev\Warewolf.Driver.Persistence\bin\Debug\net8.0\Warewolf.Driver.Persistence.dll [C:\Users\ultra\warewolf\Dev\Dev2.Intellisense\Dev2.Intellisense.csproj]
C:\Program Files\dotnet\sdk\10.0.201\Microsoft.Common.CurrentVersion.targets(2451,5): warning MSB3277:             C:\Users\ultra\warewolf\Dev\Warewolf.Driver.Serilog\bin\Debug\net8.0\Warewolf.Driver.Serilog.dll [C:\Users\ultra\warewolf\Dev\Dev2.Intellisense\Dev2.Intellisense.csproj]
C:\Program Files\dotnet\sdk\10.0.201\Microsoft.Common.CurrentVersion.targets(2451,5): warning MSB3277:             C:\Users\ultra\warewolf\Dev\Warewolf.Exchange.Email.Wrapper\bin\Debug\net8.0\Warewolf.Exchange.Email.Wrapper.dll [C:\Users\ultra\warewolf\Dev\Dev2.Intellisense\Dev2.Intellisense.csproj]
C:\Program Files\dotnet\sdk\10.0.201\Microsoft.Common.CurrentVersion.targets(2451,5): warning MSB3277:             C:\Users\ultra\warewolf\Dev\Warewolf.ResourceManagement\bin\Debug\net8.0\Warewolf.ResourceManagement.dll [C:\Users\ultra\warewolf\Dev\Dev2.Intellisense\Dev2.Intellisense.csproj]
C:\Program Files\dotnet\sdk\10.0.201\Microsoft.Common.CurrentVersion.targets(2451,5): warning MSB3277:             C:\Users\ultra\warewolf\Dev\Warewolf.Sharepoint\bin\Debug\net8.0\Warewolf.Sharepoint.dll [C:\Users\ultra\warewolf\Dev\Dev2.Intellisense\Dev2.Intellisense.csproj]
C:\Program Files\dotnet\sdk\10.0.201\Microsoft.Common.CurrentVersion.targets(2451,5): warning MSB3277:             C:\Users\ultra\warewolf\Dev\Warewolf.Storage\bin\Debug\net8.0\Warewolf.Storage.dll [C:\Users\ultra\warewolf\Dev\Dev2.Intellisense\Dev2.Intellisense.csproj]
C:\Program Files\dotnet\sdk\10.0.201\Microsoft.Common.CurrentVersion.targets(2451,5): warning MSB3277:         C:\Users\ultra\warewolf\Dev\Binaries\Infragistcs_Net6\InfragisticsWPF4.v15.1.dll [C:\Users\ultra\warewolf\Dev\Dev2.Intellisense\Dev2.Intellisense.csproj]
C:\Program Files\dotnet\sdk\10.0.201\Microsoft.Common.CurrentVersion.targets(2451,5): warning MSB3277:           Project file item includes which caused reference "C:\Users\ultra\warewolf\Dev\Binaries\Infragistcs_Net6\InfragisticsWPF4.v15.1.dll". [C:\Users\ultra\warewolf\Dev\Dev2.Intellisense\Dev2.Intellisense.csproj]
C:\Program Files\dotnet\sdk\10.0.201\Microsoft.Common.CurrentVersion.targets(2451,5): warning MSB3277:             InfragisticsWPF4.v15.1, Version=15.1.20151.2055, Culture=neutral, PublicKeyToken=7dd5c3163f2cd0cb, processorArchitecture=MSIL [C:\Users\ultra\warewolf\Dev\Dev2.Intellisense\Dev2.Intellisense.csproj]
C:\Program Files\dotnet\sdk\10.0.201\Microsoft.Common.CurrentVersion.targets(2451,5): warning MSB3277:             CalculationManager.WPF [C:\Users\ultra\warewolf\Dev\Dev2.Intellisense\Dev2.Intellisense.csproj]
C:\Program Files\dotnet\sdk\10.0.201\Microsoft.Common.CurrentVersion.targets(2451,5): warning MSB3277:             InfragisticsWPF4.Math.Calculators.v15.1, Version=15.1.20151.2055, Culture=neutral, PublicKeyToken=7dd5c3163f2cd0cb, processorArchitecture=MSIL [C:\Users\ultra\warewolf\Dev\Dev2.Intellisense\Dev2.Intellisense.csproj]
C:\Program Files\dotnet\sdk\10.0.201\Microsoft.Common.CurrentVersion.targets(2451,5): warning MSB3277:         C:\Users\ultra\.nuget\packages\timespan2\2.4.2\lib\netcoreapp3.1\TimeSpan2.dll [C:\Users\ultra\warewolf\Dev\Dev2.Intellisense\Dev2.Intellisense.csproj]
C:\Program Files\dotnet\sdk\10.0.201\Microsoft.Common.CurrentVersion.targets(2451,5): warning MSB3277:           Project file item includes which caused reference "C:\Users\ultra\.nuget\packages\timespan2\2.4.2\lib\netcoreapp3.1\TimeSpan2.dll". [C:\Users\ultra\warewolf\Dev\Dev2.Intellisense\Dev2.Intellisense.csproj]
C:\Program Files\dotnet\sdk\10.0.201\Microsoft.Common.CurrentVersion.targets(2451,5): warning MSB3277:             C:\Users\ultra\.nuget\packages\timespan2\2.4.2\lib\netcoreapp3.1\TimeSpan2.dll [C:\Users\ultra\warewolf\Dev\Dev2.Intellisense\Dev2.Intellisense.csproj]
C:\Program Files\dotnet\sdk\10.0.201\Microsoft.Common.CurrentVersion.targets(2451,5): warning MSB3277:             C:\Users\ultra\.nuget\packages\taskschedulereditor\2.10.1\lib\net452\Microsoft.Win32.TaskSchedulerEditor.dll [C:\Users\ultra\warewolf\Dev\Dev2.Intellisense\Dev2.Intellisense.csproj]
C:\Program Files\dotnet\sdk\10.0.201\Microsoft.Common.CurrentVersion.targets(2451,5): warning MSB3277:         C:\Program Files\dotnet\packs\Microsoft.NETCore.App.Ref\8.0.25\ref\net8.0\System.dll [C:\Users\ultra\warewolf\Dev\Dev2.Intellisense\Dev2.Intellisense.csproj]
C:\Program Files\dotnet\sdk\10.0.201\Microsoft.Common.CurrentVersion.targets(2451,5): warning MSB3277:           Project file item includes which caused reference "C:\Program Files\dotnet\packs\Microsoft.NETCore.App.Ref\8.0.25\ref\net8.0\System.dll". [C:\Users\ultra\warewolf\Dev\Dev2.Intellisense\Dev2.Intellisense.csproj]
C:\Program Files\dotnet\sdk\10.0.201\Microsoft.Common.CurrentVersion.targets(2451,5): warning MSB3277:             C:\Program Files\dotnet\packs\Microsoft.NETCore.App.Ref\8.0.25\ref/net8.0/System.dll [C:\Users\ultra\warewolf\Dev\Dev2.Intellisense\Dev2.Intellisense.csproj]
C:\Program Files\dotnet\sdk\10.0.201\Microsoft.Common.CurrentVersion.targets(2451,5): warning MSB3277:             C:\Users\ultra\.nuget\packages\aerowizard\2.3.1\lib\net45\AeroWizard.dll [C:\Users\ultra\warewolf\Dev\Dev2.Intellisense\Dev2.Intellisense.csproj]
C:\Program Files\dotnet\sdk\10.0.201\Microsoft.Common.CurrentVersion.targets(2451,5): warning MSB3277:             C:\Users\ultra\.nuget\packages\groupcontrols\1.9.0\lib\net45\GroupControls.dll [C:\Users\ultra\warewolf\Dev\Dev2.Intellisense\Dev2.Intellisense.csproj]
C:\Program Files\dotnet\sdk\10.0.201\Microsoft.Common.CurrentVersion.targets(2451,5): warning MSB3277:             C:\Users\ultra\.nuget\packages\microsoft.xaml.behaviors.wpf\1.1.122\lib\net462\Microsoft.Xaml.Behaviors.dll [C:\Users\ultra\warewolf\Dev\Dev2.Intellisense\Dev2.Intellisense.csproj]
C:\Program Files\dotnet\sdk\10.0.201\Microsoft.Common.CurrentVersion.targets(2451,5): warning MSB3277:             C:\Users\ultra\.nuget\packages\caliburn.micro\4.0.212\lib\netcoreapp3.1\Caliburn.Micro.Platform.dll [C:\Users\ultra\warewolf\Dev\Dev2.Intellisense\Dev2.Intellisense.csproj]
C:\Program Files\dotnet\sdk\10.0.201\Microsoft.Common.CurrentVersion.targets(2451,5): warning MSB3277:             C:\Users\ultra\.nuget\packages\prism.wpf\9.0.537\lib\net462\Prism.Wpf.dll [C:\Users\ultra\warewolf\Dev\Dev2.Intellisense\Dev2.Intellisense.csproj]
C:\Program Files\dotnet\sdk\10.0.201\Microsoft.Common.CurrentVersion.targets(2451,5): warning MSB3277:             C:\Users\ultra\.nuget\packages\reactiveui.wpf\18.4.1\lib\net462\ReactiveUI.Wpf.dll [C:\Users\ultra\warewolf\Dev\Dev2.Intellisense\Dev2.Intellisense.csproj]
C:\Program Files\dotnet\sdk\10.0.201\Microsoft.Common.CurrentVersion.targets(2451,5): warning MSB3277:             C:\Users\ultra\.nuget\packages\taskschedulereditor\2.10.1\lib\net452\Microsoft.Win32.TaskSchedulerEditor.dll [C:\Users\ultra\warewolf\Dev\Dev2.Intellisense\Dev2.Intellisense.csproj]
C:\Program Files\dotnet\sdk\10.0.201\Microsoft.Common.CurrentVersion.targets(2451,5): warning MSB3277:             C:\Users\ultra\.nuget\packages\ttcue.netcore.sharepointonline.csom.16.1.8029.1200\16.1.8029.1200\lib\netcoreapp2.0\Microsoft.SharePoint.Client.Runtime.Windows.dll [C:\Users\ultra\warewolf\Dev\Dev2.Intellisense\Dev2.Intellisense.csproj]
C:\Program Files\dotnet\sdk\10.0.201\Microsoft.Common.CurrentVersion.targets(2451,5): warning MSB3277: Found conflicts between different versions of "System.Security.Permissions" that could not be resolved. [C:\Users\ultra\warewolf\Dev\Dev2.Intellisense\Dev2.Intellisense.csproj]
C:\Program Files\dotnet\sdk\10.0.201\Microsoft.Common.CurrentVersion.targets(2451,5): warning MSB3277: There was a conflict between "System.Security.Permissions, Version=6.0.0.0, Culture=neutral, PublicKeyToken=cc7b13ffcd2ddd51" and "System.Security.Permissions, Version=7.0.0.0, Culture=neutral, PublicKeyToken=cc7b13ffcd2ddd51". [C:\Users\ultra\warewolf\Dev\Dev2.Intellisense\Dev2.Intellisense.csproj]
C:\Program Files\dotnet\sdk\10.0.201\Microsoft.Common.CurrentVersion.targets(2451,5): warning MSB3277:     "System.Security.Permissions, Version=6.0.0.0, Culture=neutral, PublicKeyToken=cc7b13ffcd2ddd51" was chosen because it was primary and "System.Security.Permissions, Version=7.0.0.0, Culture=neutral, PublicKeyToken=cc7b13ffcd2ddd51" was not. [C:\Users\ultra\warewolf\Dev\Dev2.Intellisense\Dev2.Intellisense.csproj]
C:\Program Files\dotnet\sdk\10.0.201\Microsoft.Common.CurrentVersion.targets(2451,5): warning MSB3277:     References which depend on "System.Security.Permissions, Version=6.0.0.0, Culture=neutral, PublicKeyToken=cc7b13ffcd2ddd51" [C:\Users\ultra\.nuget\packages\system.security.permissions\6.0.0\lib\net6.0\System.Security.Permissions.dll]. [C:\Users\ultra\warewolf\Dev\Dev2.Intellisense\Dev2.Intellisense.csproj]
C:\Program Files\dotnet\sdk\10.0.201\Microsoft.Common.CurrentVersion.targets(2451,5): warning MSB3277:         C:\Users\ultra\.nuget\packages\system.security.permissions\6.0.0\lib\net6.0\System.Security.Permissions.dll [C:\Users\ultra\warewolf\Dev\Dev2.Intellisense\Dev2.Intellisense.csproj]
C:\Program Files\dotnet\sdk\10.0.201\Microsoft.Common.CurrentVersion.targets(2451,5): warning MSB3277:           Project file item includes which caused reference "C:\Users\ultra\.nuget\packages\system.security.permissions\6.0.0\lib\net6.0\System.Security.Permissions.dll". [C:\Users\ultra\warewolf\Dev\Dev2.Intellisense\Dev2.Intellisense.csproj]
C:\Program Files\dotnet\sdk\10.0.201\Microsoft.Common.CurrentVersion.targets(2451,5): warning MSB3277:             C:\Users\ultra\.nuget\packages\system.security.permissions\6.0.0\lib\net6.0\System.Security.Permissions.dll [C:\Users\ultra\warewolf\Dev\Dev2.Intellisense\Dev2.Intellisense.csproj]
C:\Program Files\dotnet\sdk\10.0.201\Microsoft.Common.CurrentVersion.targets(2451,5): warning MSB3277:     References which depend on or have been unified to "System.Security.Permissions, Version=7.0.0.0, Culture=neutral, PublicKeyToken=cc7b13ffcd2ddd51" []. [C:\Users\ultra\warewolf\Dev\Dev2.Intellisense\Dev2.Intellisense.csproj]
C:\Program Files\dotnet\sdk\10.0.201\Microsoft.Common.CurrentVersion.targets(2451,5): warning MSB3277:         C:\Users\ultra\warewolf\Dev\Dev2.Data\bin\Debug\net8.0\Dev2.Data.dll [C:\Users\ultra\warewolf\Dev\Dev2.Intellisense\Dev2.Intellisense.csproj]
C:\Program Files\dotnet\sdk\10.0.201\Microsoft.Common.CurrentVersion.targets(2451,5): warning MSB3277:           Project file item includes which caused reference "C:\Users\ultra\warewolf\Dev\Dev2.Data\bin\Debug\net8.0\Dev2.Data.dll". [C:\Users\ultra\warewolf\Dev\Dev2.Intellisense\Dev2.Intellisense.csproj]
C:\Program Files\dotnet\sdk\10.0.201\Microsoft.Common.CurrentVersion.targets(2451,5): warning MSB3277:             C:\Users\ultra\warewolf\Dev\Dev2.Data\bin\Debug\net8.0\Dev2.Data.dll [C:\Users\ultra\warewolf\Dev\Dev2.Intellisense\Dev2.Intellisense.csproj]
C:\Program Files\dotnet\sdk\10.0.201\Microsoft.Common.CurrentVersion.targets(2451,5): warning MSB3277:             C:\Users\ultra\warewolf\Dev\Dev2.Activities\bin\Debug\net8.0\Dev2.Activities.dll [C:\Users\ultra\warewolf\Dev\Dev2.Intellisense\Dev2.Intellisense.csproj]
C:\Program Files\dotnet\sdk\10.0.201\Microsoft.Common.CurrentVersion.targets(2451,5): warning MSB3277:             C:\Users\ultra\warewolf\Dev\Dev2.Core\bin\Debug\net8.0\Dev2.Core.dll [C:\Users\ultra\warewolf\Dev\Dev2.Intellisense\Dev2.Intellisense.csproj]
C:\Program Files\dotnet\sdk\10.0.201\Microsoft.Common.CurrentVersion.targets(2451,5): warning MSB3277:             C:\Users\ultra\warewolf\Dev\Dev2.Studio.Core\bin\Debug\net8.0\Dev2.Studio.Core.dll [C:\Users\ultra\warewolf\Dev\Dev2.Intellisense\Dev2.Intellisense.csproj]
C:\Program Files\dotnet\sdk\10.0.201\Microsoft.Common.CurrentVersion.targets(2451,5): warning MSB3277:             C:\Users\ultra\warewolf\Dev\Dev2.Studio.Interfaces\bin\Debug\net8.0\Dev2.Studio.Interfaces.dll [C:\Users\ultra\warewolf\Dev\Dev2.Intellisense\Dev2.Intellisense.csproj]
C:\Program Files\dotnet\sdk\10.0.201\Microsoft.Common.CurrentVersion.targets(2451,5): warning MSB3277:             C:\Users\ultra\warewolf\Dev\Warewolf.Studio.Core\bin\Debug\net8.0\Warewolf.Studio.Core.dll [C:\Users\ultra\warewolf\Dev\Dev2.Intellisense\Dev2.Intellisense.csproj]
C:\Program Files\dotnet\sdk\10.0.201\Microsoft.Common.CurrentVersion.targets(2451,5): warning MSB3277:             C:\Users\ultra\warewolf\Dev\Dev2.Runtime.Services\bin\Debug\net8.0\Dev2.Runtime.Services.dll [C:\Users\ultra\warewolf\Dev\Dev2.Intellisense\Dev2.Intellisense.csproj]
C:\Program Files\dotnet\sdk\10.0.201\Microsoft.Common.CurrentVersion.targets(2451,5): warning MSB3277:             C:\Users\ultra\warewolf\Dev\Dev2.Scheduler\bin\Debug\net8.0\Dev2.Scheduler.dll [C:\Users\ultra\warewolf\Dev\Dev2.Intellisense\Dev2.Intellisense.csproj]
C:\Program Files\dotnet\sdk\10.0.201\Microsoft.Common.CurrentVersion.targets(2451,5): warning MSB3277:             C:\Users\ultra\warewolf\Dev\Dev2.Services.Execution\bin\Debug\net8.0\Dev2.Services.Execution.dll [C:\Users\ultra\warewolf\Dev\Dev2.Intellisense\Dev2.Intellisense.csproj]
C:\Program Files\dotnet\sdk\10.0.201\Microsoft.Common.CurrentVersion.targets(2451,5): warning MSB3277:             C:\Users\ultra\warewolf\Dev\Warewolf.Auditing\bin\Debug\net8.0\Warewolf.Auditing.dll [C:\Users\ultra\warewolf\Dev\Dev2.Intellisense\Dev2.Intellisense.csproj]
C:\Program Files\dotnet\sdk\10.0.201\Microsoft.Common.CurrentVersion.targets(2451,5): warning MSB3277:             C:\Users\ultra\warewolf\Dev\Warewolf.Common.NetStandard20\bin\Debug\net8.0\Warewolf.Common.NetStandard20.dll [C:\Users\ultra\warewolf\Dev\Dev2.Intellisense\Dev2.Intellisense.csproj]
C:\Program Files\dotnet\sdk\10.0.201\Microsoft.Common.CurrentVersion.targets(2451,5): warning MSB3277:             C:\Users\ultra\warewolf\Dev\Warewolf.Core\bin\Debug\net8.0\Warewolf.Core.dll [C:\Users\ultra\warewolf\Dev\Dev2.Intellisense\Dev2.Intellisense.csproj]
C:\Program Files\dotnet\sdk\10.0.201\Microsoft.Common.CurrentVersion.targets(2451,5): warning MSB3277:             C:\Users\ultra\warewolf\Dev\Warewolf.Driver.Persistence\bin\Debug\net8.0\Warewolf.Driver.Persistence.dll [C:\Users\ultra\warewolf\Dev\Dev2.Intellisense\Dev2.Intellisense.csproj]
C:\Program Files\dotnet\sdk\10.0.201\Microsoft.Common.CurrentVersion.targets(2451,5): warning MSB3277:             C:\Users\ultra\warewolf\Dev\Warewolf.Exchange.Email.Wrapper\bin\Debug\net8.0\Warewolf.Exchange.Email.Wrapper.dll [C:\Users\ultra\warewolf\Dev\Dev2.Intellisense\Dev2.Intellisense.csproj]
C:\Program Files\dotnet\sdk\10.0.201\Microsoft.Common.CurrentVersion.targets(2451,5): warning MSB3277:             C:\Users\ultra\warewolf\Dev\Warewolf.ResourceManagement\bin\Debug\net8.0\Warewolf.ResourceManagement.dll [C:\Users\ultra\warewolf\Dev\Dev2.Intellisense\Dev2.Intellisense.csproj]
C:\Program Files\dotnet\sdk\10.0.201\Microsoft.Common.CurrentVersion.targets(2451,5): warning MSB3277:         C:\Users\ultra\warewolf\Dev\Binaries\Infragistcs_Net6\InfragisticsWPF4.v15.1.dll [C:\Users\ultra\warewolf\Dev\Dev2.Intellisense\Dev2.Intellisense.csproj]
C:\Program Files\dotnet\sdk\10.0.201\Microsoft.Common.CurrentVersion.targets(2451,5): warning MSB3277:           Project file item includes which caused reference "C:\Users\ultra\warewolf\Dev\Binaries\Infragistcs_Net6\InfragisticsWPF4.v15.1.dll". [C:\Users\ultra\warewolf\Dev\Dev2.Intellisense\Dev2.Intellisense.csproj]
C:\Program Files\dotnet\sdk\10.0.201\Microsoft.Common.CurrentVersion.targets(2451,5): warning MSB3277:             InfragisticsWPF4.v15.1, Version=15.1.20151.2055, Culture=neutral, PublicKeyToken=7dd5c3163f2cd0cb, processorArchitecture=MSIL [C:\Users\ultra\warewolf\Dev\Dev2.Intellisense\Dev2.Intellisense.csproj]
C:\Program Files\dotnet\sdk\10.0.201\Microsoft.Common.CurrentVersion.targets(2451,5): warning MSB3277:             CalculationManager.WPF [C:\Users\ultra\warewolf\Dev\Dev2.Intellisense\Dev2.Intellisense.csproj]
C:\Program Files\dotnet\sdk\10.0.201\Microsoft.Common.CurrentVersion.targets(2451,5): warning MSB3277:             InfragisticsWPF4.Math.Calculators.v15.1, Version=15.1.20151.2055, Culture=neutral, PublicKeyToken=7dd5c3163f2cd0cb, processorArchitecture=MSIL [C:\Users\ultra\warewolf\Dev\Dev2.Intellisense\Dev2.Intellisense.csproj]
C:\Program Files\dotnet\sdk\10.0.201\Microsoft.Common.CurrentVersion.targets(2451,5): warning MSB3277:         C:\Users\ultra\.nuget\packages\dotnetzip\1.16.0\lib\netstandard2.0\DotNetZip.dll [C:\Users\ultra\warewolf\Dev\Dev2.Intellisense\Dev2.Intellisense.csproj]
C:\Program Files\dotnet\sdk\10.0.201\Microsoft.Common.CurrentVersion.targets(2451,5): warning MSB3277:           Project file item includes which caused reference "C:\Users\ultra\.nuget\packages\dotnetzip\1.16.0\lib\netstandard2.0\DotNetZip.dll". [C:\Users\ultra\warewolf\Dev\Dev2.Intellisense\Dev2.Intellisense.csproj]
C:\Program Files\dotnet\sdk\10.0.201\Microsoft.Common.CurrentVersion.targets(2451,5): warning MSB3277:             C:\Users\ultra\.nuget\packages\dotnetzip\1.16.0\lib\netstandard2.0\DotNetZip.dll [C:\Users\ultra\warewolf\Dev\Dev2.Intellisense\Dev2.Intellisense.csproj]
C:\Program Files\dotnet\sdk\10.0.201\Microsoft.Common.CurrentVersion.targets(2451,5): warning MSB3277:             C:\Users\ultra\warewolf\Dev\Dev2.Common\bin\Debug\net8.0\Dev2.Common.dll [C:\Users\ultra\warewolf\Dev\Dev2.Intellisense\Dev2.Intellisense.csproj]
C:\Program Files\dotnet\sdk\10.0.201\Microsoft.Common.CurrentVersion.targets(2451,5): warning MSB3277:             C:\Users\ultra\warewolf\Dev\Dev2.Activities\bin\Debug\net8.0\Dev2.Activities.dll [C:\Users\ultra\warewolf\Dev\Dev2.Intellisense\Dev2.Intellisense.csproj]
C:\Program Files\dotnet\sdk\10.0.201\Microsoft.Common.CurrentVersion.targets(2451,5): warning MSB3277:             C:\Users\ultra\warewolf\Dev\Dev2.Core\bin\Debug\net8.0\Dev2.Core.dll [C:\Users\ultra\warewolf\Dev\Dev2.Intellisense\Dev2.Intellisense.csproj]
C:\Program Files\dotnet\sdk\10.0.201\Microsoft.Common.CurrentVersion.targets(2451,5): warning MSB3277:             C:\Users\ultra\warewolf\Dev\Dev2.Data.Interfaces\bin\Debug\net8.0\Dev2.Data.Interfaces.dll [C:\Users\ultra\warewolf\Dev\Dev2.Intellisense\Dev2.Intellisense.csproj]
C:\Program Files\dotnet\sdk\10.0.201\Microsoft.Common.CurrentVersion.targets(2451,5): warning MSB3277:             C:\Users\ultra\warewolf\Dev\Dev2.Data\bin\Debug\net8.0\Dev2.Data.dll [C:\Users\ultra\warewolf\Dev\Dev2.Intellisense\Dev2.Intellisense.csproj]
C:\Program Files\dotnet\sdk\10.0.201\Microsoft.Common.CurrentVersion.targets(2451,5): warning MSB3277:             C:\Users\ultra\warewolf\Dev\Dev2.Infrastructure\bin\Debug\net8.0\Dev2.Infrastructure.dll [C:\Users\ultra\warewolf\Dev\Dev2.Intellisense\Dev2.Intellisense.csproj]
C:\Program Files\dotnet\sdk\10.0.201\Microsoft.Common.CurrentVersion.targets(2451,5): warning MSB3277:             C:\Users\ultra\warewolf\Dev\Dev2.Studio.Core\bin\Debug\net8.0\Dev2.Studio.Core.dll [C:\Users\ultra\warewolf\Dev\Dev2.Intellisense\Dev2.Intellisense.csproj]
C:\Program Files\dotnet\sdk\10.0.201\Microsoft.Common.CurrentVersion.targets(2451,5): warning MSB3277:             C:\Users\ultra\warewolf\Dev\Dev2.Studio.Interfaces\bin\Debug\net8.0\Dev2.Studio.Interfaces.dll [C:\Users\ultra\warewolf\Dev\Dev2.Intellisense\Dev2.Intellisense.csproj]
C:\Program Files\dotnet\sdk\10.0.201\Microsoft.Common.CurrentVersion.targets(2451,5): warning MSB3277:             C:\Users\ultra\warewolf\Dev\Warewolf.Studio.Core\bin\Debug\net8.0\Warewolf.Studio.Core.dll [C:\Users\ultra\warewolf\Dev\Dev2.Intellisense\Dev2.Intellisense.csproj]
C:\Program Files\dotnet\sdk\10.0.201\Microsoft.Common.CurrentVersion.targets(2451,5): warning MSB3277:             C:\Users\ultra\warewolf\Dev\Dev2.Development.Languages\bin\Debug\net8.0\Dev2.Development.Languages.dll [C:\Users\ultra\warewolf\Dev\Dev2.Intellisense\Dev2.Intellisense.csproj]
C:\Program Files\dotnet\sdk\10.0.201\Microsoft.Common.CurrentVersion.targets(2451,5): warning MSB3277:             C:\Users\ultra\warewolf\Dev\Dev2.Diagnostics\bin\Debug\net8.0\Dev2.Diagnostics.dll [C:\Users\ultra\warewolf\Dev\Dev2.Intellisense\Dev2.Intellisense.csproj]
C:\Program Files\dotnet\sdk\10.0.201\Microsoft.Common.CurrentVersion.targets(2451,5): warning MSB3277:             C:\Users\ultra\warewolf\Dev\Dev2.Runtime.Services\bin\Debug\net8.0\Dev2.Runtime.Services.dll [C:\Users\ultra\warewolf\Dev\Dev2.Intellisense\Dev2.Intellisense.csproj]
C:\Program Files\dotnet\sdk\10.0.201\Microsoft.Common.CurrentVersion.targets(2451,5): warning MSB3277:             C:\Users\ultra\warewolf\Dev\Dev2.Scheduler\bin\Debug\net8.0\Dev2.Scheduler.dll [C:\Users\ultra\warewolf\Dev\Dev2.Intellisense\Dev2.Intellisense.csproj]
C:\Program Files\dotnet\sdk\10.0.201\Microsoft.Common.CurrentVersion.targets(2451,5): warning MSB3277:             C:\Users\ultra\warewolf\Dev\Dev2.Services.Execution\bin\Debug\net8.0\Dev2.Services.Execution.dll [C:\Users\ultra\warewolf\Dev\Dev2.Intellisense\Dev2.Intellisense.csproj]
C:\Program Files\dotnet\sdk\10.0.201\Microsoft.Common.CurrentVersion.targets(2451,5): warning MSB3277:             C:\Users\ultra\warewolf\Dev\Dev2.Services.Sql\bin\Debug\net8.0\Dev2.Services.Sql.dll [C:\Users\ultra\warewolf\Dev\Dev2.Intellisense\Dev2.Intellisense.csproj]
C:\Program Files\dotnet\sdk\10.0.201\Microsoft.Common.CurrentVersion.targets(2451,5): warning MSB3277:             C:\Users\ultra\warewolf\Dev\Dev2.TaskScheduler.Wrappers\bin\Debug\net8.0\Dev2.TaskScheduler.Wrappers.dll [C:\Users\ultra\warewolf\Dev\Dev2.Intellisense\Dev2.Intellisense.csproj]
C:\Program Files\dotnet\sdk\10.0.201\Microsoft.Common.CurrentVersion.targets(2451,5): warning MSB3277:             C:\Users\ultra\warewolf\Dev\Dev2.Util\bin\Debug\net8.0\Dev2.Util.dll [C:\Users\ultra\warewolf\Dev\Dev2.Intellisense\Dev2.Intellisense.csproj]
C:\Program Files\dotnet\sdk\10.0.201\Microsoft.Common.CurrentVersion.targets(2451,5): warning MSB3277:             C:\Users\ultra\warewolf\Dev\Warewolf.AI.Harness\bin\Debug\net8.0\Warewolf.AI.Harness.dll [C:\Users\ultra\warewolf\Dev\Dev2.Intellisense\Dev2.Intellisense.csproj]
C:\Program Files\dotnet\sdk\10.0.201\Microsoft.Common.CurrentVersion.targets(2451,5): warning MSB3277:             C:\Users\ultra\warewolf\Dev\Warewolf.Auditing\bin\Debug\net8.0\Warewolf.Auditing.dll [C:\Users\ultra\warewolf\Dev\Dev2.Intellisense\Dev2.Intellisense.csproj]
C:\Program Files\dotnet\sdk\10.0.201\Microsoft.Common.CurrentVersion.targets(2451,5): warning MSB3277:             C:\Users\ultra\warewolf\Dev\Warewolf.Common.NetStandard20\bin\Debug\net8.0\Warewolf.Common.NetStandard20.dll [C:\Users\ultra\warewolf\Dev\Dev2.Intellisense\Dev2.Intellisense.csproj]
C:\Program Files\dotnet\sdk\10.0.201\Microsoft.Common.CurrentVersion.targets(2451,5): warning MSB3277:             C:\Users\ultra\warewolf\Dev\Warewolf.Core\bin\Debug\net8.0\Warewolf.Core.dll [C:\Users\ultra\warewolf\Dev\Dev2.Intellisense\Dev2.Intellisense.csproj]
C:\Program Files\dotnet\sdk\10.0.201\Microsoft.Common.CurrentVersion.targets(2451,5): warning MSB3277:             C:\Users\ultra\warewolf\Dev\Warewolf.Driver.Persistence\bin\Debug\net8.0\Warewolf.Driver.Persistence.dll [C:\Users\ultra\warewolf\Dev\Dev2.Intellisense\Dev2.Intellisense.csproj]
C:\Program Files\dotnet\sdk\10.0.201\Microsoft.Common.CurrentVersion.targets(2451,5): warning MSB3277:             C:\Users\ultra\warewolf\Dev\Warewolf.Driver.Serilog\bin\Debug\net8.0\Warewolf.Driver.Serilog.dll [C:\Users\ultra\warewolf\Dev\Dev2.Intellisense\Dev2.Intellisense.csproj]
C:\Program Files\dotnet\sdk\10.0.201\Microsoft.Common.CurrentVersion.targets(2451,5): warning MSB3277:             C:\Users\ultra\warewolf\Dev\Warewolf.Exchange.Email.Wrapper\bin\Debug\net8.0\Warewolf.Exchange.Email.Wrapper.dll [C:\Users\ultra\warewolf\Dev\Dev2.Intellisense\Dev2.Intellisense.csproj]
C:\Program Files\dotnet\sdk\10.0.201\Microsoft.Common.CurrentVersion.targets(2451,5): warning MSB3277:             C:\Users\ultra\warewolf\Dev\Warewolf.ResourceManagement\bin\Debug\net8.0\Warewolf.ResourceManagement.dll [C:\Users\ultra\warewolf\Dev\Dev2.Intellisense\Dev2.Intellisense.csproj]
C:\Program Files\dotnet\sdk\10.0.201\Microsoft.Common.CurrentVersion.targets(2451,5): warning MSB3277:             C:\Users\ultra\warewolf\Dev\Warewolf.Sharepoint\bin\Debug\net8.0\Warewolf.Sharepoint.dll [C:\Users\ultra\warewolf\Dev\Dev2.Intellisense\Dev2.Intellisense.csproj]
C:\Program Files\dotnet\sdk\10.0.201\Microsoft.Common.CurrentVersion.targets(2451,5): warning MSB3277:             C:\Users\ultra\warewolf\Dev\Warewolf.Storage\bin\Debug\net8.0\Warewolf.Storage.dll [C:\Users\ultra\warewolf\Dev\Dev2.Intellisense\Dev2.Intellisense.csproj]
C:\Program Files\dotnet\sdk\10.0.201\Microsoft.Common.CurrentVersion.targets(2451,5): warning MSB3277:         C:\Users\ultra\.nuget\packages\mindbox.data.linq\5.0.0\lib\netstandard2.0\Mindbox.Data.Linq.dll [C:\Users\ultra\warewolf\Dev\Dev2.Intellisense\Dev2.Intellisense.csproj]
C:\Program Files\dotnet\sdk\10.0.201\Microsoft.Common.CurrentVersion.targets(2451,5): warning MSB3277:           Project file item includes which caused reference "C:\Users\ultra\.nuget\packages\mindbox.data.linq\5.0.0\lib\netstandard2.0\Mindbox.Data.Linq.dll". [C:\Users\ultra\warewolf\Dev\Dev2.Intellisense\Dev2.Intellisense.csproj]
C:\Program Files\dotnet\sdk\10.0.201\Microsoft.Common.CurrentVersion.targets(2451,5): warning MSB3277:             C:\Users\ultra\.nuget\packages\mindbox.data.linq\5.0.0\lib\netstandard2.0\Mindbox.Data.Linq.dll [C:\Users\ultra\warewolf\Dev\Dev2.Intellisense\Dev2.Intellisense.csproj]
C:\Program Files\dotnet\sdk\10.0.201\Microsoft.Common.CurrentVersion.targets(2451,5): warning MSB3277:             C:\Users\ultra\warewolf\Dev\Warewolf.Auditing\bin\Debug\net8.0\Warewolf.Auditing.dll [C:\Users\ultra\warewolf\Dev\Dev2.Intellisense\Dev2.Intellisense.csproj]
C:\Program Files\dotnet\sdk\10.0.201\Microsoft.Common.CurrentVersion.targets(2451,5): warning MSB3277:             C:\Users\ultra\warewolf\Dev\Dev2.Activities\bin\Debug\net8.0\Dev2.Activities.dll [C:\Users\ultra\warewolf\Dev\Dev2.Intellisense\Dev2.Intellisense.csproj]
C:\Program Files\dotnet\sdk\10.0.201\Microsoft.Common.CurrentVersion.targets(2451,5): warning MSB3277:             C:\Users\ultra\warewolf\Dev\Dev2.Studio.Core\bin\Debug\net8.0\Dev2.Studio.Core.dll [C:\Users\ultra\warewolf\Dev\Dev2.Intellisense\Dev2.Intellisense.csproj]
C:\Program Files\dotnet\sdk\10.0.201\Microsoft.Common.CurrentVersion.targets(2451,5): warning MSB3277:             C:\Users\ultra\warewolf\Dev\Dev2.Runtime.Services\bin\Debug\net8.0\Dev2.Runtime.Services.dll [C:\Users\ultra\warewolf\Dev\Dev2.Intellisense\Dev2.Intellisense.csproj]
C:\Program Files\dotnet\sdk\10.0.201\Microsoft.Common.CurrentVersion.targets(2451,5): warning MSB3277:             C:\Users\ultra\warewolf\Dev\Dev2.Studio.Interfaces\bin\Debug\net8.0\Dev2.Studio.Interfaces.dll [C:\Users\ultra\warewolf\Dev\Dev2.Intellisense\Dev2.Intellisense.csproj]
C:\Program Files\dotnet\sdk\10.0.201\Microsoft.Common.CurrentVersion.targets(2451,5): warning MSB3277:             C:\Users\ultra\warewolf\Dev\Warewolf.Studio.Core\bin\Debug\net8.0\Warewolf.Studio.Core.dll [C:\Users\ultra\warewolf\Dev\Dev2.Intellisense\Dev2.Intellisense.csproj]
C:\Program Files\dotnet\sdk\10.0.201\Microsoft.Common.CurrentVersion.targets(2451,5): warning MSB3277:             C:\Users\ultra\warewolf\Dev\Dev2.Services.Execution\bin\Debug\net8.0\Dev2.Services.Execution.dll [C:\Users\ultra\warewolf\Dev\Dev2.Intellisense\Dev2.Intellisense.csproj]
C:\Program Files\dotnet\sdk\10.0.201\Microsoft.Common.CurrentVersion.targets(2451,5): warning MSB3277:             C:\Users\ultra\warewolf\Dev\Warewolf.Common.NetStandard20\bin\Debug\net8.0\Warewolf.Common.NetStandard20.dll [C:\Users\ultra\warewolf\Dev\Dev2.Intellisense\Dev2.Intellisense.csproj]
C:\Program Files\dotnet\sdk\10.0.201\Microsoft.Common.CurrentVersion.targets(2451,5): warning MSB3277:             C:\Users\ultra\warewolf\Dev\Warewolf.Driver.Persistence\bin\Debug\net8.0\Warewolf.Driver.Persistence.dll [C:\Users\ultra\warewolf\Dev\Dev2.Intellisense\Dev2.Intellisense.csproj]
C:\Program Files\dotnet\sdk\10.0.201\Microsoft.Common.CurrentVersion.targets(2451,5): warning MSB3277:         C:\Users\ultra\.nuget\packages\mysql.data\8.4.0\lib\net8.0\MySql.Data.dll [C:\Users\ultra\warewolf\Dev\Dev2.Intellisense\Dev2.Intellisense.csproj]
C:\Program Files\dotnet\sdk\10.0.201\Microsoft.Common.CurrentVersion.targets(2451,5): warning MSB3277:           Project file item includes which caused reference "C:\Users\ultra\.nuget\packages\mysql.data\8.4.0\lib\net8.0\MySql.Data.dll". [C:\Users\ultra\warewolf\Dev\Dev2.Intellisense\Dev2.Intellisense.csproj]
C:\Program Files\dotnet\sdk\10.0.201\Microsoft.Common.CurrentVersion.targets(2451,5): warning MSB3277:             C:\Users\ultra\.nuget\packages\mysql.data\8.4.0\lib\net8.0\MySql.Data.dll [C:\Users\ultra\warewolf\Dev\Dev2.Intellisense\Dev2.Intellisense.csproj]
C:\Program Files\dotnet\sdk\10.0.201\Microsoft.Common.CurrentVersion.targets(2451,5): warning MSB3277:             C:\Users\ultra\warewolf\Dev\Dev2.Activities\bin\Debug\net8.0\Dev2.Activities.dll [C:\Users\ultra\warewolf\Dev\Dev2.Intellisense\Dev2.Intellisense.csproj]
C:\Program Files\dotnet\sdk\10.0.201\Microsoft.Common.CurrentVersion.targets(2451,5): warning MSB3277:             C:\Users\ultra\warewolf\Dev\Dev2.Studio.Core\bin\Debug\net8.0\Dev2.Studio.Core.dll [C:\Users\ultra\warewolf\Dev\Dev2.Intellisense\Dev2.Intellisense.csproj]
C:\Program Files\dotnet\sdk\10.0.201\Microsoft.Common.CurrentVersion.targets(2451,5): warning MSB3277:             C:\Users\ultra\warewolf\Dev\Dev2.Runtime.Services\bin\Debug\net8.0\Dev2.Runtime.Services.dll [C:\Users\ultra\warewolf\Dev\Dev2.Intellisense\Dev2.Intellisense.csproj]
C:\Program Files\dotnet\sdk\10.0.201\Microsoft.Common.CurrentVersion.targets(2451,5): warning MSB3277:             C:\Users\ultra\warewolf\Dev\Dev2.Studio.Interfaces\bin\Debug\net8.0\Dev2.Studio.Interfaces.dll [C:\Users\ultra\warewolf\Dev\Dev2.Intellisense\Dev2.Intellisense.csproj]
C:\Program Files\dotnet\sdk\10.0.201\Microsoft.Common.CurrentVersion.targets(2451,5): warning MSB3277:             C:\Users\ultra\warewolf\Dev\Warewolf.Studio.Core\bin\Debug\net8.0\Warewolf.Studio.Core.dll [C:\Users\ultra\warewolf\Dev\Dev2.Intellisense\Dev2.Intellisense.csproj]
C:\Program Files\dotnet\sdk\10.0.201\Microsoft.Common.CurrentVersion.targets(2451,5): warning MSB3277:             C:\Users\ultra\warewolf\Dev\Dev2.Services.Execution\bin\Debug\net8.0\Dev2.Services.Execution.dll [C:\Users\ultra\warewolf\Dev\Dev2.Intellisense\Dev2.Intellisense.csproj]
C:\Program Files\dotnet\sdk\10.0.201\Microsoft.Common.CurrentVersion.targets(2451,5): warning MSB3277:             C:\Users\ultra\warewolf\Dev\Dev2.Services.Sql\bin\Debug\net8.0\Dev2.Services.Sql.dll [C:\Users\ultra\warewolf\Dev\Dev2.Intellisense\Dev2.Intellisense.csproj]
C:\Program Files\dotnet\sdk\10.0.201\Microsoft.Common.CurrentVersion.targets(2451,5): warning MSB3277:             C:\Users\ultra\warewolf\Dev\Warewolf.Driver.Persistence\bin\Debug\net8.0\Warewolf.Driver.Persistence.dll [C:\Users\ultra\warewolf\Dev\Dev2.Intellisense\Dev2.Intellisense.csproj]
C:\Program Files\dotnet\sdk\10.0.201\Microsoft.Common.CurrentVersion.targets(2451,5): warning MSB3277:         C:\Users\ultra\.nuget\packages\oracle.manageddataaccess.core\3.21.70\lib\netstandard2.1\Oracle.ManagedDataAccess.dll [C:\Users\ultra\warewolf\Dev\Dev2.Intellisense\Dev2.Intellisense.csproj]
C:\Program Files\dotnet\sdk\10.0.201\Microsoft.Common.CurrentVersion.targets(2451,5): warning MSB3277:           Project file item includes which caused reference "C:\Users\ultra\.nuget\packages\oracle.manageddataaccess.core\3.21.70\lib\netstandard2.1\Oracle.ManagedDataAccess.dll". [C:\Users\ultra\warewolf\Dev\Dev2.Intellisense\Dev2.Intellisense.csproj]
C:\Program Files\dotnet\sdk\10.0.201\Microsoft.Common.CurrentVersion.targets(2451,5): warning MSB3277:             C:\Users\ultra\.nuget\packages\oracle.manageddataaccess.core\3.21.70\lib\netstandard2.1\Oracle.ManagedDataAccess.dll [C:\Users\ultra\warewolf\Dev\Dev2.Intellisense\Dev2.Intellisense.csproj]
C:\Program Files\dotnet\sdk\10.0.201\Microsoft.Common.CurrentVersion.targets(2451,5): warning MSB3277:             C:\Users\ultra\warewolf\Dev\Dev2.Runtime.Services\bin\Debug\net8.0\Dev2.Runtime.Services.dll [C:\Users\ultra\warewolf\Dev\Dev2.Intellisense\Dev2.Intellisense.csproj]
C:\Program Files\dotnet\sdk\10.0.201\Microsoft.Common.CurrentVersion.targets(2451,5): warning MSB3277:             C:\Users\ultra\warewolf\Dev\Dev2.Activities\bin\Debug\net8.0\Dev2.Activities.dll [C:\Users\ultra\warewolf\Dev\Dev2.Intellisense\Dev2.Intellisense.csproj]
C:\Program Files\dotnet\sdk\10.0.201\Microsoft.Common.CurrentVersion.targets(2451,5): warning MSB3277:             C:\Users\ultra\warewolf\Dev\Dev2.Studio.Core\bin\Debug\net8.0\Dev2.Studio.Core.dll [C:\Users\ultra\warewolf\Dev\Dev2.Intellisense\Dev2.Intellisense.csproj]
C:\Program Files\dotnet\sdk\10.0.201\Microsoft.Common.CurrentVersion.targets(2451,5): warning MSB3277:             C:\Users\ultra\warewolf\Dev\Dev2.Studio.Interfaces\bin\Debug\net8.0\Dev2.Studio.Interfaces.dll [C:\Users\ultra\warewolf\Dev\Dev2.Intellisense\Dev2.Intellisense.csproj]
C:\Program Files\dotnet\sdk\10.0.201\Microsoft.Common.CurrentVersion.targets(2451,5): warning MSB3277:             C:\Users\ultra\warewolf\Dev\Warewolf.Studio.Core\bin\Debug\net8.0\Warewolf.Studio.Core.dll [C:\Users\ultra\warewolf\Dev\Dev2.Intellisense\Dev2.Intellisense.csproj]
C:\Program Files\dotnet\sdk\10.0.201\Microsoft.Common.CurrentVersion.targets(2451,5): warning MSB3277:             C:\Users\ultra\warewolf\Dev\Dev2.Services.Execution\bin\Debug\net8.0\Dev2.Services.Execution.dll [C:\Users\ultra\warewolf\Dev\Dev2.Intellisense\Dev2.Intellisense.csproj]
C:\Program Files\dotnet\sdk\10.0.201\Microsoft.Common.CurrentVersion.targets(2451,5): warning MSB3277:             C:\Users\ultra\warewolf\Dev\Dev2.Services.Sql\bin\Debug\net8.0\Dev2.Services.Sql.dll [C:\Users\ultra\warewolf\Dev\Dev2.Intellisense\Dev2.Intellisense.csproj]
C:\Program Files\dotnet\sdk\10.0.201\Microsoft.Common.CurrentVersion.targets(2451,5): warning MSB3277:             C:\Users\ultra\warewolf\Dev\Warewolf.Driver.Persistence\bin\Debug\net8.0\Warewolf.Driver.Persistence.dll [C:\Users\ultra\warewolf\Dev\Dev2.Intellisense\Dev2.Intellisense.csproj]
C:\Program Files\dotnet\sdk\10.0.201\Microsoft.Common.CurrentVersion.targets(2451,5): warning MSB3277:         C:\Users\ultra\.nuget\packages\system.directoryservices\6.0.0\lib\net6.0\System.DirectoryServices.dll [C:\Users\ultra\warewolf\Dev\Dev2.Intellisense\Dev2.Intellisense.csproj]
C:\Program Files\dotnet\sdk\10.0.201\Microsoft.Common.CurrentVersion.targets(2451,5): warning MSB3277:           Project file item includes which caused reference "C:\Users\ultra\.nuget\packages\system.directoryservices\6.0.0\lib\net6.0\System.DirectoryServices.dll". [C:\Users\ultra\warewolf\Dev\Dev2.Intellisense\Dev2.Intellisense.csproj]
C:\Program Files\dotnet\sdk\10.0.201\Microsoft.Common.CurrentVersion.targets(2451,5): warning MSB3277:             C:\Users\ultra\.nuget\packages\system.directoryservices\6.0.0\lib\net6.0\System.DirectoryServices.dll [C:\Users\ultra\warewolf\Dev\Dev2.Intellisense\Dev2.Intellisense.csproj]
C:\Program Files\dotnet\sdk\10.0.201\Microsoft.Common.CurrentVersion.targets(2451,5): warning MSB3277:             C:\Users\ultra\.nuget\packages\corewcf.primitives\1.2.1\lib\netstandard2.0\CoreWCF.Primitives.dll [C:\Users\ultra\warewolf\Dev\Dev2.Intellisense\Dev2.Intellisense.csproj]
C:\Program Files\dotnet\sdk\10.0.201\Microsoft.Common.CurrentVersion.targets(2451,5): warning MSB3277:             C:\Users\ultra\warewolf\Dev\Dev2.Runtime.Services\bin\Debug\net8.0\Dev2.Runtime.Services.dll [C:\Users\ultra\warewolf\Dev\Dev2.Intellisense\Dev2.Intellisense.csproj]
C:\Program Files\dotnet\sdk\10.0.201\Microsoft.Common.CurrentVersion.targets(2451,5): warning MSB3277:             C:\Users\ultra\warewolf\Dev\Dev2.Activities\bin\Debug\net8.0\Dev2.Activities.dll [C:\Users\ultra\warewolf\Dev\Dev2.Intellisense\Dev2.Intellisense.csproj]
C:\Program Files\dotnet\sdk\10.0.201\Microsoft.Common.CurrentVersion.targets(2451,5): warning MSB3277:             C:\Users\ultra\warewolf\Dev\Dev2.Studio.Core\bin\Debug\net8.0\Dev2.Studio.Core.dll [C:\Users\ultra\warewolf\Dev\Dev2.Intellisense\Dev2.Intellisense.csproj]
C:\Program Files\dotnet\sdk\10.0.201\Microsoft.Common.CurrentVersion.targets(2451,5): warning MSB3277:             C:\Users\ultra\warewolf\Dev\Dev2.Studio.Interfaces\bin\Debug\net8.0\Dev2.Studio.Interfaces.dll [C:\Users\ultra\warewolf\Dev\Dev2.Intellisense\Dev2.Intellisense.csproj]
C:\Program Files\dotnet\sdk\10.0.201\Microsoft.Common.CurrentVersion.targets(2451,5): warning MSB3277:             C:\Users\ultra\warewolf\Dev\Warewolf.Studio.Core\bin\Debug\net8.0\Warewolf.Studio.Core.dll [C:\Users\ultra\warewolf\Dev\Dev2.Intellisense\Dev2.Intellisense.csproj]
C:\Program Files\dotnet\sdk\10.0.201\Microsoft.Common.CurrentVersion.targets(2451,5): warning MSB3277:             C:\Users\ultra\warewolf\Dev\Dev2.Services.Execution\bin\Debug\net8.0\Dev2.Services.Execution.dll [C:\Users\ultra\warewolf\Dev\Dev2.Intellisense\Dev2.Intellisense.csproj]
C:\Program Files\dotnet\sdk\10.0.201\Microsoft.Common.CurrentVersion.targets(2451,5): warning MSB3277:             C:\Users\ultra\warewolf\Dev\Warewolf.Driver.Persistence\bin\Debug\net8.0\Warewolf.Driver.Persistence.dll [C:\Users\ultra\warewolf\Dev\Dev2.Intellisense\Dev2.Intellisense.csproj]
C:\Program Files\dotnet\sdk\10.0.201\Microsoft.Common.CurrentVersion.targets(2451,5): warning MSB3277:             C:\Users\ultra\.nuget\packages\corewcf.http\1.2.1\lib\netstandard2.0\CoreWCF.Http.dll [C:\Users\ultra\warewolf\Dev\Dev2.Intellisense\Dev2.Intellisense.csproj]
C:\Program Files\dotnet\sdk\10.0.201\Microsoft.Common.CurrentVersion.targets(2451,5): warning MSB3277:             C:\Users\ultra\.nuget\packages\corewcf.nettcp\1.2.1\lib\netstandard2.0\CoreWCF.NetTcp.dll [C:\Users\ultra\warewolf\Dev\Dev2.Intellisense\Dev2.Intellisense.csproj]
C:\Program Files\dotnet\sdk\10.0.201\Microsoft.Common.CurrentVersion.targets(2451,5): warning MSB3277:             C:\Users\ultra\.nuget\packages\corewcf.webhttp\1.2.1\lib\netstandard2.0\CoreWCF.WebHttp.dll [C:\Users\ultra\warewolf\Dev\Dev2.Intellisense\Dev2.Intellisense.csproj]
C:\Program Files\dotnet\sdk\10.0.201\Microsoft.Common.CurrentVersion.targets(2451,5): warning MSB3277:         C:\Program Files\dotnet\packs\Microsoft.NETCore.App.Ref\8.0.25\ref\net8.0\System.Configuration.dll [C:\Users\ultra\warewolf\Dev\Dev2.Intellisense\Dev2.Intellisense.csproj]
C:\Program Files\dotnet\sdk\10.0.201\Microsoft.Common.CurrentVersion.targets(2451,5): warning MSB3277:           Project file item includes which caused reference "C:\Program Files\dotnet\packs\Microsoft.NETCore.App.Ref\8.0.25\ref\net8.0\System.Configuration.dll". [C:\Users\ultra\warewolf\Dev\Dev2.Intellisense\Dev2.Intellisense.csproj]
C:\Program Files\dotnet\sdk\10.0.201\Microsoft.Common.CurrentVersion.targets(2451,5): warning MSB3277:             C:\Program Files\dotnet\packs\Microsoft.NETCore.App.Ref\8.0.25\ref/net8.0/System.Configuration.dll [C:\Users\ultra\warewolf\Dev\Dev2.Intellisense\Dev2.Intellisense.csproj]
C:\Program Files\dotnet\sdk\10.0.201\Microsoft.Common.CurrentVersion.targets(2451,5): warning MSB3277:             C:\Users\ultra\.nuget\packages\prism.wpf\9.0.537\lib\net462\Prism.Wpf.dll [C:\Users\ultra\warewolf\Dev\Dev2.Intellisense\Dev2.Intellisense.csproj]
C:\Program Files\dotnet\sdk\10.0.201\Microsoft.Common.CurrentVersion.targets(2451,5): warning MSB3277:         C:\Program Files\dotnet\packs\Microsoft.NETCore.App.Ref\8.0.25\ref\net8.0\System.Data.dll [C:\Users\ultra\warewolf\Dev\Dev2.Intellisense\Dev2.Intellisense.csproj]
C:\Program Files\dotnet\sdk\10.0.201\Microsoft.Common.CurrentVersion.targets(2451,5): warning MSB3277:           Project file item includes which caused reference "C:\Program Files\dotnet\packs\Microsoft.NETCore.App.Ref\8.0.25\ref\net8.0\System.Data.dll". [C:\Users\ultra\warewolf\Dev\Dev2.Intellisense\Dev2.Intellisense.csproj]
C:\Program Files\dotnet\sdk\10.0.201\Microsoft.Common.CurrentVersion.targets(2451,5): warning MSB3277:             C:\Program Files\dotnet\packs\Microsoft.NETCore.App.Ref\8.0.25\ref/net8.0/System.Data.dll [C:\Users\ultra\warewolf\Dev\Dev2.Intellisense\Dev2.Intellisense.csproj]
C:\Program Files\dotnet\sdk\10.0.201\Microsoft.Common.CurrentVersion.targets(2451,5): warning MSB3277:             C:\Users\ultra\.nuget\packages\taskschedulereditor\2.10.1\lib\net452\Microsoft.Win32.TaskSchedulerEditor.dll [C:\Users\ultra\warewolf\Dev\Dev2.Intellisense\Dev2.Intellisense.csproj]
C:\Program Files\dotnet\sdk\10.0.201\Microsoft.Common.CurrentVersion.targets(2451,5): warning MSB3277:         C:\Program Files\dotnet\packs\Microsoft.NETCore.App.Ref\8.0.25\ref\net8.0\System.Drawing.dll [C:\Users\ultra\warewolf\Dev\Dev2.Intellisense\Dev2.Intellisense.csproj]
C:\Program Files\dotnet\sdk\10.0.201\Microsoft.Common.CurrentVersion.targets(2451,5): warning MSB3277:           Project file item includes which caused reference "C:\Program Files\dotnet\packs\Microsoft.NETCore.App.Ref\8.0.25\ref\net8.0\System.Drawing.dll". [C:\Users\ultra\warewolf\Dev\Dev2.Intellisense\Dev2.Intellisense.csproj]
C:\Program Files\dotnet\sdk\10.0.201\Microsoft.Common.CurrentVersion.targets(2451,5): warning MSB3277:             C:\Program Files\dotnet\packs\Microsoft.NETCore.App.Ref\8.0.25\ref/net8.0/System.Drawing.dll [C:\Users\ultra\warewolf\Dev\Dev2.Intellisense\Dev2.Intellisense.csproj]
C:\Program Files\dotnet\sdk\10.0.201\Microsoft.Common.CurrentVersion.targets(2451,5): warning MSB3277:             C:\Users\ultra\.nuget\packages\aerowizard\2.3.1\lib\net45\AeroWizard.dll [C:\Users\ultra\warewolf\Dev\Dev2.Intellisense\Dev2.Intellisense.csproj]
C:\Program Files\dotnet\sdk\10.0.201\Microsoft.Common.CurrentVersion.targets(2451,5): warning MSB3277:             C:\Users\ultra\.nuget\packages\groupcontrols\1.9.0\lib\net45\GroupControls.dll [C:\Users\ultra\warewolf\Dev\Dev2.Intellisense\Dev2.Intellisense.csproj]
C:\Program Files\dotnet\sdk\10.0.201\Microsoft.Common.CurrentVersion.targets(2451,5): warning MSB3277:             C:\Users\ultra\.nuget\packages\taskschedulereditor\2.10.1\lib\net452\Microsoft.Win32.TaskSchedulerEditor.dll [C:\Users\ultra\warewolf\Dev\Dev2.Intellisense\Dev2.Intellisense.csproj]
C:\Program Files\dotnet\sdk\10.0.201\Microsoft.Common.CurrentVersion.targets(2451,5): warning MSB3277:         C:\Program Files\dotnet\packs\Microsoft.NETCore.App.Ref\8.0.25\ref\net8.0\System.Net.dll [C:\Users\ultra\warewolf\Dev\Dev2.Intellisense\Dev2.Intellisense.csproj]
C:\Program Files\dotnet\sdk\10.0.201\Microsoft.Common.CurrentVersion.targets(2451,5): warning MSB3277:           Project file item includes which caused reference "C:\Program Files\dotnet\packs\Microsoft.NETCore.App.Ref\8.0.25\ref\net8.0\System.Net.dll". [C:\Users\ultra\warewolf\Dev\Dev2.Intellisense\Dev2.Intellisense.csproj]
C:\Program Files\dotnet\sdk\10.0.201\Microsoft.Common.CurrentVersion.targets(2451,5): warning MSB3277:             C:\Program Files\dotnet\packs\Microsoft.NETCore.App.Ref\8.0.25\ref/net8.0/System.Net.dll [C:\Users\ultra\warewolf\Dev\Dev2.Intellisense\Dev2.Intellisense.csproj]
C:\Program Files\dotnet\sdk\10.0.201\Microsoft.Common.CurrentVersion.targets(2451,5): warning MSB3277:         C:\Program Files\dotnet\packs\Microsoft.NETCore.App.Ref\8.0.25\ref\net8.0\System.Security.dll [C:\Users\ultra\warewolf\Dev\Dev2.Intellisense\Dev2.Intellisense.csproj]
C:\Program Files\dotnet\sdk\10.0.201\Microsoft.Common.CurrentVersion.targets(2451,5): warning MSB3277:           Project file item includes which caused reference "C:\Program Files\dotnet\packs\Microsoft.NETCore.App.Ref\8.0.25\ref\net8.0\System.Security.dll". [C:\Users\ultra\warewolf\Dev\Dev2.Intellisense\Dev2.Intellisense.csproj]
C:\Program Files\dotnet\sdk\10.0.201\Microsoft.Common.CurrentVersion.targets(2451,5): warning MSB3277:             C:\Program Files\dotnet\packs\Microsoft.NETCore.App.Ref\8.0.25\ref/net8.0/System.Security.dll [C:\Users\ultra\warewolf\Dev\Dev2.Intellisense\Dev2.Intellisense.csproj]
C:\Program Files\dotnet\sdk\10.0.201\Microsoft.Common.CurrentVersion.targets(2451,5): warning MSB3277:         C:\Program Files\dotnet\packs\Microsoft.NETCore.App.Ref\8.0.25\ref\net8.0\System.ServiceProcess.dll [C:\Users\ultra\warewolf\Dev\Dev2.Intellisense\Dev2.Intellisense.csproj]
C:\Program Files\dotnet\sdk\10.0.201\Microsoft.Common.CurrentVersion.targets(2451,5): warning MSB3277:           Project file item includes which caused reference "C:\Program Files\dotnet\packs\Microsoft.NETCore.App.Ref\8.0.25\ref\net8.0\System.ServiceProcess.dll". [C:\Users\ultra\warewolf\Dev\Dev2.Intellisense\Dev2.Intellisense.csproj]
C:\Program Files\dotnet\sdk\10.0.201\Microsoft.Common.CurrentVersion.targets(2451,5): warning MSB3277:             C:\Program Files\dotnet\packs\Microsoft.NETCore.App.Ref\8.0.25\ref/net8.0/System.ServiceProcess.dll [C:\Users\ultra\warewolf\Dev\Dev2.Intellisense\Dev2.Intellisense.csproj]
C:\Program Files\dotnet\sdk\10.0.201\Microsoft.Common.CurrentVersion.targets(2451,5): warning MSB3277:         C:\Program Files\dotnet\packs\Microsoft.NETCore.App.Ref\8.0.25\ref\net8.0\System.Transactions.dll [C:\Users\ultra\warewolf\Dev\Dev2.Intellisense\Dev2.Intellisense.csproj]
C:\Program Files\dotnet\sdk\10.0.201\Microsoft.Common.CurrentVersion.targets(2451,5): warning MSB3277:           Project file item includes which caused reference "C:\Program Files\dotnet\packs\Microsoft.NETCore.App.Ref\8.0.25\ref\net8.0\System.Transactions.dll". [C:\Users\ultra\warewolf\Dev\Dev2.Intellisense\Dev2.Intellisense.csproj]
C:\Program Files\dotnet\sdk\10.0.201\Microsoft.Common.CurrentVersion.targets(2451,5): warning MSB3277:             C:\Program Files\dotnet\packs\Microsoft.NETCore.App.Ref\8.0.25\ref/net8.0/System.Transactions.dll [C:\Users\ultra\warewolf\Dev\Dev2.Intellisense\Dev2.Intellisense.csproj]
C:\Program Files\dotnet\sdk\10.0.201\Microsoft.Common.CurrentVersion.targets(2451,5): warning MSB3277:         C:\Program Files\dotnet\packs\Microsoft.NETCore.App.Ref\8.0.25\ref\net8.0\System.dll [C:\Users\ultra\warewolf\Dev\Dev2.Intellisense\Dev2.Intellisense.csproj]
C:\Program Files\dotnet\sdk\10.0.201\Microsoft.Common.CurrentVersion.targets(2451,5): warning MSB3277:           Project file item includes which caused reference "C:\Program Files\dotnet\packs\Microsoft.NETCore.App.Ref\8.0.25\ref\net8.0\System.dll". [C:\Users\ultra\warewolf\Dev\Dev2.Intellisense\Dev2.Intellisense.csproj]
C:\Program Files\dotnet\sdk\10.0.201\Microsoft.Common.CurrentVersion.targets(2451,5): warning MSB3277:             C:\Program Files\dotnet\packs\Microsoft.NETCore.App.Ref\8.0.25\ref/net8.0/System.dll [C:\Users\ultra\warewolf\Dev\Dev2.Intellisense\Dev2.Intellisense.csproj]
C:\Program Files\dotnet\sdk\10.0.201\Microsoft.Common.CurrentVersion.targets(2451,5): warning MSB3277:             C:\Users\ultra\.nuget\packages\aerowizard\2.3.1\lib\net45\AeroWizard.dll [C:\Users\ultra\warewolf\Dev\Dev2.Intellisense\Dev2.Intellisense.csproj]
C:\Program Files\dotnet\sdk\10.0.201\Microsoft.Common.CurrentVersion.targets(2451,5): warning MSB3277:             C:\Users\ultra\.nuget\packages\groupcontrols\1.9.0\lib\net45\GroupControls.dll [C:\Users\ultra\warewolf\Dev\Dev2.Intellisense\Dev2.Intellisense.csproj]
C:\Program Files\dotnet\sdk\10.0.201\Microsoft.Common.CurrentVersion.targets(2451,5): warning MSB3277:             C:\Users\ultra\.nuget\packages\microsoft.xaml.behaviors.wpf\1.1.122\lib\net462\Microsoft.Xaml.Behaviors.dll [C:\Users\ultra\warewolf\Dev\Dev2.Intellisense\Dev2.Intellisense.csproj]
C:\Program Files\dotnet\sdk\10.0.201\Microsoft.Common.CurrentVersion.targets(2451,5): warning MSB3277:             C:\Users\ultra\.nuget\packages\caliburn.micro\4.0.212\lib\netcoreapp3.1\Caliburn.Micro.Platform.dll [C:\Users\ultra\warewolf\Dev\Dev2.Intellisense\Dev2.Intellisense.csproj]
C:\Program Files\dotnet\sdk\10.0.201\Microsoft.Common.CurrentVersion.targets(2451,5): warning MSB3277:             C:\Users\ultra\.nuget\packages\prism.wpf\9.0.537\lib\net462\Prism.Wpf.dll [C:\Users\ultra\warewolf\Dev\Dev2.Intellisense\Dev2.Intellisense.csproj]
C:\Program Files\dotnet\sdk\10.0.201\Microsoft.Common.CurrentVersion.targets(2451,5): warning MSB3277:             C:\Users\ultra\.nuget\packages\reactiveui.wpf\18.4.1\lib\net462\ReactiveUI.Wpf.dll [C:\Users\ultra\warewolf\Dev\Dev2.Intellisense\Dev2.Intellisense.csproj]
C:\Program Files\dotnet\sdk\10.0.201\Microsoft.Common.CurrentVersion.targets(2451,5): warning MSB3277:             C:\Users\ultra\.nuget\packages\taskschedulereditor\2.10.1\lib\net452\Microsoft.Win32.TaskSchedulerEditor.dll [C:\Users\ultra\warewolf\Dev\Dev2.Intellisense\Dev2.Intellisense.csproj]
C:\Program Files\dotnet\sdk\10.0.201\Microsoft.Common.CurrentVersion.targets(2451,5): warning MSB3277:             C:\Users\ultra\.nuget\packages\ttcue.netcore.sharepointonline.csom.16.1.8029.1200\16.1.8029.1200\lib\netcoreapp2.0\Microsoft.SharePoint.Client.Runtime.Windows.dll [C:\Users\ultra\warewolf\Dev\Dev2.Intellisense\Dev2.Intellisense.csproj]
C:\Program Files\dotnet\sdk\10.0.201\Microsoft.Common.CurrentVersion.targets(2451,5): warning MSB3277:         C:\Program Files\dotnet\packs\Microsoft.NETCore.App.Ref\8.0.25\ref\net8.0\WindowsBase.dll [C:\Users\ultra\warewolf\Dev\Dev2.Intellisense\Dev2.Intellisense.csproj]
C:\Program Files\dotnet\sdk\10.0.201\Microsoft.Common.CurrentVersion.targets(2451,5): warning MSB3277:           Project file item includes which caused reference "C:\Program Files\dotnet\packs\Microsoft.NETCore.App.Ref\8.0.25\ref\net8.0\WindowsBase.dll". [C:\Users\ultra\warewolf\Dev\Dev2.Intellisense\Dev2.Intellisense.csproj]
C:\Program Files\dotnet\sdk\10.0.201\Microsoft.Common.CurrentVersion.targets(2451,5): warning MSB3277:             C:\Program Files\dotnet\packs\Microsoft.NETCore.App.Ref\8.0.25\ref/net8.0/WindowsBase.dll [C:\Users\ultra\warewolf\Dev\Dev2.Intellisense\Dev2.Intellisense.csproj]
C:\Program Files\dotnet\sdk\10.0.201\Microsoft.Common.CurrentVersion.targets(2451,5): warning MSB3277:         C:\Program Files\dotnet\packs\Microsoft.NETCore.App.Ref\8.0.25\ref\net8.0\mscorlib.dll [C:\Users\ultra\warewolf\Dev\Dev2.Intellisense\Dev2.Intellisense.csproj]
C:\Program Files\dotnet\sdk\10.0.201\Microsoft.Common.CurrentVersion.targets(2451,5): warning MSB3277:           Project file item includes which caused reference "C:\Program Files\dotnet\packs\Microsoft.NETCore.App.Ref\8.0.25\ref\net8.0\mscorlib.dll". [C:\Users\ultra\warewolf\Dev\Dev2.Intellisense\Dev2.Intellisense.csproj]
C:\Program Files\dotnet\sdk\10.0.201\Microsoft.Common.CurrentVersion.targets(2451,5): warning MSB3277:             C:\Program Files\dotnet\packs\Microsoft.NETCore.App.Ref\8.0.25\ref/net8.0/mscorlib.dll [C:\Users\ultra\warewolf\Dev\Dev2.Intellisense\Dev2.Intellisense.csproj]
C:\Program Files\dotnet\sdk\10.0.201\Microsoft.Common.CurrentVersion.targets(2451,5): warning MSB3277:             C:\Users\ultra\.nuget\packages\aerowizard\2.3.1\lib\net45\AeroWizard.dll [C:\Users\ultra\warewolf\Dev\Dev2.Intellisense\Dev2.Intellisense.csproj]
C:\Program Files\dotnet\sdk\10.0.201\Microsoft.Common.CurrentVersion.targets(2451,5): warning MSB3277:             C:\Users\ultra\.nuget\packages\groupcontrols\1.9.0\lib\net45\GroupControls.dll [C:\Users\ultra\warewolf\Dev\Dev2.Intellisense\Dev2.Intellisense.csproj]
C:\Program Files\dotnet\sdk\10.0.201\Microsoft.Common.CurrentVersion.targets(2451,5): warning MSB3277:             C:\Users\ultra\.nuget\packages\hangfire.core\1.7.32\lib\netstandard2.0\Hangfire.Core.dll [C:\Users\ultra\warewolf\Dev\Dev2.Intellisense\Dev2.Intellisense.csproj]
C:\Program Files\dotnet\sdk\10.0.201\Microsoft.Common.CurrentVersion.targets(2451,5): warning MSB3277:             C:\Users\ultra\warewolf\Dev\Dev2.Activities\bin\Debug\net8.0\Dev2.Activities.dll [C:\Users\ultra\warewolf\Dev\Dev2.Intellisense\Dev2.Intellisense.csproj]
C:\Program Files\dotnet\sdk\10.0.201\Microsoft.Common.CurrentVersion.targets(2451,5): warning MSB3277:             C:\Users\ultra\warewolf\Dev\Dev2.Studio.Core\bin\Debug\net8.0\Dev2.Studio.Core.dll [C:\Users\ultra\warewolf\Dev\Dev2.Intellisense\Dev2.Intellisense.csproj]
C:\Program Files\dotnet\sdk\10.0.201\Microsoft.Common.CurrentVersion.targets(2451,5): warning MSB3277:             C:\Users\ultra\warewolf\Dev\Warewolf.Driver.Persistence\bin\Debug\net8.0\Warewolf.Driver.Persistence.dll [C:\Users\ultra\warewolf\Dev\Dev2.Intellisense\Dev2.Intellisense.csproj]
C:\Program Files\dotnet\sdk\10.0.201\Microsoft.Common.CurrentVersion.targets(2451,5): warning MSB3277:             C:\Users\ultra\.nuget\packages\hangfire.sqlserver\1.7.32\lib\netstandard2.0\Hangfire.SqlServer.dll [C:\Users\ultra\warewolf\Dev\Dev2.Intellisense\Dev2.Intellisense.csproj]
C:\Program Files\dotnet\sdk\10.0.201\Microsoft.Common.CurrentVersion.targets(2451,5): warning MSB3277:             C:\Users\ultra\.nuget\packages\microsoft.xaml.behaviors.wpf\1.1.122\lib\net462\Microsoft.Xaml.Behaviors.dll [C:\Users\ultra\warewolf\Dev\Dev2.Intellisense\Dev2.Intellisense.csproj]
C:\Program Files\dotnet\sdk\10.0.201\Microsoft.Common.CurrentVersion.targets(2451,5): warning MSB3277:             C:\Users\ultra\.nuget\packages\caliburn.micro\4.0.212\lib\netcoreapp3.1\Caliburn.Micro.Platform.dll [C:\Users\ultra\warewolf\Dev\Dev2.Intellisense\Dev2.Intellisense.csproj]
C:\Program Files\dotnet\sdk\10.0.201\Microsoft.Common.CurrentVersion.targets(2451,5): warning MSB3277:             C:\Users\ultra\.nuget\packages\oracle.manageddataaccess.core\3.21.70\lib\netstandard2.1\Oracle.ManagedDataAccess.dll [C:\Users\ultra\warewolf\Dev\Dev2.Intellisense\Dev2.Intellisense.csproj]
C:\Program Files\dotnet\sdk\10.0.201\Microsoft.Common.CurrentVersion.targets(2451,5): warning MSB3277:             C:\Users\ultra\warewolf\Dev\Dev2.Runtime.Services\bin\Debug\net8.0\Dev2.Runtime.Services.dll [C:\Users\ultra\warewolf\Dev\Dev2.Intellisense\Dev2.Intellisense.csproj]
C:\Program Files\dotnet\sdk\10.0.201\Microsoft.Common.CurrentVersion.targets(2451,5): warning MSB3277:             C:\Users\ultra\warewolf\Dev\Dev2.Studio.Interfaces\bin\Debug\net8.0\Dev2.Studio.Interfaces.dll [C:\Users\ultra\warewolf\Dev\Dev2.Intellisense\Dev2.Intellisense.csproj]
C:\Program Files\dotnet\sdk\10.0.201\Microsoft.Common.CurrentVersion.targets(2451,5): warning MSB3277:             C:\Users\ultra\warewolf\Dev\Warewolf.Studio.Core\bin\Debug\net8.0\Warewolf.Studio.Core.dll [C:\Users\ultra\warewolf\Dev\Dev2.Intellisense\Dev2.Intellisense.csproj]
C:\Program Files\dotnet\sdk\10.0.201\Microsoft.Common.CurrentVersion.targets(2451,5): warning MSB3277:             C:\Users\ultra\warewolf\Dev\Dev2.Services.Execution\bin\Debug\net8.0\Dev2.Services.Execution.dll [C:\Users\ultra\warewolf\Dev\Dev2.Intellisense\Dev2.Intellisense.csproj]
C:\Program Files\dotnet\sdk\10.0.201\Microsoft.Common.CurrentVersion.targets(2451,5): warning MSB3277:             C:\Users\ultra\warewolf\Dev\Dev2.Services.Sql\bin\Debug\net8.0\Dev2.Services.Sql.dll [C:\Users\ultra\warewolf\Dev\Dev2.Intellisense\Dev2.Intellisense.csproj]
C:\Program Files\dotnet\sdk\10.0.201\Microsoft.Common.CurrentVersion.targets(2451,5): warning MSB3277:             C:\Users\ultra\.nuget\packages\prism.wpf\9.0.537\lib\net462\Prism.Wpf.dll [C:\Users\ultra\warewolf\Dev\Dev2.Intellisense\Dev2.Intellisense.csproj]
C:\Program Files\dotnet\sdk\10.0.201\Microsoft.Common.CurrentVersion.targets(2451,5): warning MSB3277:             C:\Users\ultra\.nuget\packages\reactiveui.wpf\18.4.1\lib\net462\ReactiveUI.Wpf.dll [C:\Users\ultra\warewolf\Dev\Dev2.Intellisense\Dev2.Intellisense.csproj]
C:\Program Files\dotnet\sdk\10.0.201\Microsoft.Common.CurrentVersion.targets(2451,5): warning MSB3277:             C:\Users\ultra\.nuget\packages\taskschedulereditor\2.10.1\lib\net452\Microsoft.Win32.TaskSchedulerEditor.dll [C:\Users\ultra\warewolf\Dev\Dev2.Intellisense\Dev2.Intellisense.csproj]
C:\Program Files\dotnet\sdk\10.0.201\Microsoft.Common.CurrentVersion.targets(2451,5): warning MSB3277:             C:\Users\ultra\.nuget\packages\ttcue.netcore.sharepointonline.csom.16.1.8029.1200\16.1.8029.1200\lib\netcoreapp2.0\Microsoft.SharePoint.Client.Runtime.Windows.dll [C:\Users\ultra\warewolf\Dev\Dev2.Intellisense\Dev2.Intellisense.csproj]
C:\Program Files\dotnet\sdk\10.0.201\Microsoft.Common.CurrentVersion.targets(2451,5): warning MSB3277:         C:\Users\ultra\warewolf\Dev\Dev2.Development.Languages\bin\Debug\net8.0\IronRuby.dll [C:\Users\ultra\warewolf\Dev\Dev2.Intellisense\Dev2.Intellisense.csproj]
C:\Program Files\dotnet\sdk\10.0.201\Microsoft.Common.CurrentVersion.targets(2451,5): warning MSB3277:           Project file item includes which caused reference "C:\Users\ultra\warewolf\Dev\Dev2.Development.Languages\bin\Debug\net8.0\IronRuby.dll". [C:\Users\ultra\warewolf\Dev\Dev2.Intellisense\Dev2.Intellisense.csproj]
C:\Program Files\dotnet\sdk\10.0.201\Microsoft.Common.CurrentVersion.targets(2451,5): warning MSB3277:             C:\Users\ultra\warewolf\Dev\Dev2.Development.Languages\bin\Debug\net8.0\Dev2.Development.Languages.dll [C:\Users\ultra\warewolf\Dev\Dev2.Intellisense\Dev2.Intellisense.csproj]
C:\Program Files\dotnet\sdk\10.0.201\Microsoft.Common.CurrentVersion.targets(2451,5): warning MSB3277:             C:\Users\ultra\warewolf\Dev\Dev2.Activities\bin\Debug\net8.0\Dev2.Activities.dll [C:\Users\ultra\warewolf\Dev\Dev2.Intellisense\Dev2.Intellisense.csproj]
C:\Program Files\dotnet\sdk\10.0.201\Microsoft.Common.CurrentVersion.targets(2451,5): warning MSB3277:             C:\Users\ultra\warewolf\Dev\Dev2.Studio.Core\bin\Debug\net8.0\Dev2.Studio.Core.dll [C:\Users\ultra\warewolf\Dev\Dev2.Intellisense\Dev2.Intellisense.csproj]
C:\Program Files\dotnet\sdk\10.0.201\Microsoft.Common.CurrentVersion.targets(2451,5): warning MSB3277:         C:\Users\ultra\warewolf\Dev\Dev2.Development.Languages\bin\Debug\net8.0\IronRuby.Libraries.dll [C:\Users\ultra\warewolf\Dev\Dev2.Intellisense\Dev2.Intellisense.csproj]
C:\Program Files\dotnet\sdk\10.0.201\Microsoft.Common.CurrentVersion.targets(2451,5): warning MSB3277:           Project file item includes which caused reference "C:\Users\ultra\warewolf\Dev\Dev2.Development.Languages\bin\Debug\net8.0\IronRuby.Libraries.dll". [C:\Users\ultra\warewolf\Dev\Dev2.Intellisense\Dev2.Intellisense.csproj]
C:\Program Files\dotnet\sdk\10.0.201\Microsoft.Common.CurrentVersion.targets(2451,5): warning MSB3277:             C:\Users\ultra\warewolf\Dev\Dev2.Development.Languages\bin\Debug\net8.0\Dev2.Development.Languages.dll [C:\Users\ultra\warewolf\Dev\Dev2.Intellisense\Dev2.Intellisense.csproj]
C:\Program Files\dotnet\sdk\10.0.201\Microsoft.Common.CurrentVersion.targets(2451,5): warning MSB3277:             C:\Users\ultra\warewolf\Dev\Dev2.Activities\bin\Debug\net8.0\Dev2.Activities.dll [C:\Users\ultra\warewolf\Dev\Dev2.Intellisense\Dev2.Intellisense.csproj]
C:\Program Files\dotnet\sdk\10.0.201\Microsoft.Common.CurrentVersion.targets(2451,5): warning MSB3277:             C:\Users\ultra\warewolf\Dev\Dev2.Studio.Core\bin\Debug\net8.0\Dev2.Studio.Core.dll [C:\Users\ultra\warewolf\Dev\Dev2.Intellisense\Dev2.Intellisense.csproj]
C:\Program Files\dotnet\sdk\10.0.201\Microsoft.Common.CurrentVersion.targets(2451,5): warning MSB3277:         C:\Users\ultra\warewolf\Dev\Binaries\Infragistcs_Net6\InfragisticsWPF4.DataVisualization.v15.1.dll [C:\Users\ultra\warewolf\Dev\Dev2.Intellisense\Dev2.Intellisense.csproj]
C:\Program Files\dotnet\sdk\10.0.201\Microsoft.Common.CurrentVersion.targets(2451,5): warning MSB3277:           Project file item includes which caused reference "C:\Users\ultra\warewolf\Dev\Binaries\Infragistcs_Net6\InfragisticsWPF4.DataVisualization.v15.1.dll". [C:\Users\ultra\warewolf\Dev\Dev2.Intellisense\Dev2.Intellisense.csproj]
C:\Program Files\dotnet\sdk\10.0.201\Microsoft.Common.CurrentVersion.targets(2451,5): warning MSB3277:             InfragisticsWPF4.Math.Calculators.v15.1, Version=15.1.20151.2055, Culture=neutral, PublicKeyToken=7dd5c3163f2cd0cb, processorArchitecture=MSIL [C:\Users\ultra\warewolf\Dev\Dev2.Intellisense\Dev2.Intellisense.csproj]
C:\Program Files\dotnet\sdk\10.0.201\Microsoft.Common.CurrentVersion.targets(2451,5): warning MSB3277: Found conflicts between different versions of "WindowsBase" that could not be resolved. [C:\Users\ultra\warewolf\Dev\Dev2.Intellisense\Dev2.Intellisense.csproj]
C:\Program Files\dotnet\sdk\10.0.201\Microsoft.Common.CurrentVersion.targets(2451,5): warning MSB3277: There was a conflict between "WindowsBase, Version=4.0.0.0, Culture=neutral, PublicKeyToken=31bf3856ad364e35" and "WindowsBase, Version=6.0.2.0, Culture=neutral, PublicKeyToken=31bf3856ad364e35". [C:\Users\ultra\warewolf\Dev\Dev2.Intellisense\Dev2.Intellisense.csproj]
C:\Program Files\dotnet\sdk\10.0.201\Microsoft.Common.CurrentVersion.targets(2451,5): warning MSB3277:     "WindowsBase, Version=4.0.0.0, Culture=neutral, PublicKeyToken=31bf3856ad364e35" was chosen because it was primary and "WindowsBase, Version=6.0.2.0, Culture=neutral, PublicKeyToken=31bf3856ad364e35" was not. [C:\Users\ultra\warewolf\Dev\Dev2.Intellisense\Dev2.Intellisense.csproj]
C:\Program Files\dotnet\sdk\10.0.201\Microsoft.Common.CurrentVersion.targets(2451,5): warning MSB3277:     References which depend on "WindowsBase, Version=4.0.0.0, Culture=neutral, PublicKeyToken=31bf3856ad364e35" [C:\Program Files\dotnet\packs\Microsoft.NETCore.App.Ref\8.0.25\ref\net8.0\WindowsBase.dll]. [C:\Users\ultra\warewolf\Dev\Dev2.Intellisense\Dev2.Intellisense.csproj]
C:\Program Files\dotnet\sdk\10.0.201\Microsoft.Common.CurrentVersion.targets(2451,5): warning MSB3277:         C:\Program Files\dotnet\packs\Microsoft.NETCore.App.Ref\8.0.25\ref\net8.0\WindowsBase.dll [C:\Users\ultra\warewolf\Dev\Dev2.Intellisense\Dev2.Intellisense.csproj]
C:\Program Files\dotnet\sdk\10.0.201\Microsoft.Common.CurrentVersion.targets(2451,5): warning MSB3277:           Project file item includes which caused reference "C:\Program Files\dotnet\packs\Microsoft.NETCore.App.Ref\8.0.25\ref\net8.0\WindowsBase.dll". [C:\Users\ultra\warewolf\Dev\Dev2.Intellisense\Dev2.Intellisense.csproj]
C:\Program Files\dotnet\sdk\10.0.201\Microsoft.Common.CurrentVersion.targets(2451,5): warning MSB3277:             C:\Program Files\dotnet\packs\Microsoft.NETCore.App.Ref\8.0.25\ref/net8.0/WindowsBase.dll [C:\Users\ultra\warewolf\Dev\Dev2.Intellisense\Dev2.Intellisense.csproj]
C:\Program Files\dotnet\sdk\10.0.201\Microsoft.Common.CurrentVersion.targets(2451,5): warning MSB3277:     References which depend on or have been unified to "WindowsBase, Version=6.0.2.0, Culture=neutral, PublicKeyToken=31bf3856ad364e35" []. [C:\Users\ultra\warewolf\Dev\Dev2.Intellisense\Dev2.Intellisense.csproj]
C:\Program Files\dotnet\sdk\10.0.201\Microsoft.Common.CurrentVersion.targets(2451,5): warning MSB3277:         C:\Users\ultra\warewolf\Dev\Binaries\Infragistcs_Net6\Infragistics.Calculations.dll [C:\Users\ultra\warewolf\Dev\Dev2.Intellisense\Dev2.Intellisense.csproj]
C:\Program Files\dotnet\sdk\10.0.201\Microsoft.Common.CurrentVersion.targets(2451,5): warning MSB3277:           Project file item includes which caused reference "C:\Users\ultra\warewolf\Dev\Binaries\Infragistcs_Net6\Infragistics.Calculations.dll". [C:\Users\ultra\warewolf\Dev\Dev2.Intellisense\Dev2.Intellisense.csproj]
C:\Program Files\dotnet\sdk\10.0.201\Microsoft.Common.CurrentVersion.targets(2451,5): warning MSB3277:             CalculationManager.WPF [C:\Users\ultra\warewolf\Dev\Dev2.Intellisense\Dev2.Intellisense.csproj]
C:\Program Files\dotnet\sdk\10.0.201\Microsoft.Common.CurrentVersion.targets(2451,5): warning MSB3277:         C:\Users\ultra\warewolf\Dev\Binaries\Infragistcs_Net6\InfragisticsWPF4.Math.Calculators.v15.1.dll [C:\Users\ultra\warewolf\Dev\Dev2.Intellisense\Dev2.Intellisense.csproj]
C:\Program Files\dotnet\sdk\10.0.201\Microsoft.Common.CurrentVersion.targets(2451,5): warning MSB3277:           Project file item includes which caused reference "C:\Users\ultra\warewolf\Dev\Binaries\Infragistcs_Net6\InfragisticsWPF4.Math.Calculators.v15.1.dll". [C:\Users\ultra\warewolf\Dev\Dev2.Intellisense\Dev2.Intellisense.csproj]
C:\Program Files\dotnet\sdk\10.0.201\Microsoft.Common.CurrentVersion.targets(2451,5): warning MSB3277:             InfragisticsWPF4.Math.Calculators.v15.1, Version=15.1.20151.2055, Culture=neutral, PublicKeyToken=7dd5c3163f2cd0cb, processorArchitecture=MSIL [C:\Users\ultra\warewolf\Dev\Dev2.Intellisense\Dev2.Intellisense.csproj]
C:\Program Files\dotnet\sdk\10.0.201\Microsoft.Common.CurrentVersion.targets(2451,5): warning MSB3277:         C:\Users\ultra\warewolf\Dev\Binaries\Infragistcs_Net6\InfragisticsWPF4.v15.1.dll [C:\Users\ultra\warewolf\Dev\Dev2.Intellisense\Dev2.Intellisense.csproj]
C:\Program Files\dotnet\sdk\10.0.201\Microsoft.Common.CurrentVersion.targets(2451,5): warning MSB3277:           Project file item includes which caused reference "C:\Users\ultra\warewolf\Dev\Binaries\Infragistcs_Net6\InfragisticsWPF4.v15.1.dll". [C:\Users\ultra\warewolf\Dev\Dev2.Intellisense\Dev2.Intellisense.csproj]
C:\Program Files\dotnet\sdk\10.0.201\Microsoft.Common.CurrentVersion.targets(2451,5): warning MSB3277:             InfragisticsWPF4.v15.1, Version=15.1.20151.2055, Culture=neutral, PublicKeyToken=7dd5c3163f2cd0cb, processorArchitecture=MSIL [C:\Users\ultra\warewolf\Dev\Dev2.Intellisense\Dev2.Intellisense.csproj]
C:\Program Files\dotnet\sdk\10.0.201\Microsoft.Common.CurrentVersion.targets(2451,5): warning MSB3277:             CalculationManager.WPF [C:\Users\ultra\warewolf\Dev\Dev2.Intellisense\Dev2.Intellisense.csproj]
C:\Program Files\dotnet\sdk\10.0.201\Microsoft.Common.CurrentVersion.targets(2451,5): warning MSB3277:             InfragisticsWPF4.Math.Calculators.v15.1, Version=15.1.20151.2055, Culture=neutral, PublicKeyToken=7dd5c3163f2cd0cb, processorArchitecture=MSIL [C:\Users\ultra\warewolf\Dev\Dev2.Intellisense\Dev2.Intellisense.csproj]
C:\Program Files\dotnet\sdk\10.0.201\Microsoft.Common.CurrentVersion.targets(2451,5): warning MSB3277:         C:\Users\ultra\.nuget\packages\caliburn.micro\4.0.212\lib\netcoreapp3.1\Caliburn.Micro.Platform.dll [C:\Users\ultra\warewolf\Dev\Dev2.Intellisense\Dev2.Intellisense.csproj]
C:\Program Files\dotnet\sdk\10.0.201\Microsoft.Common.CurrentVersion.targets(2451,5): warning MSB3277:           Project file item includes which caused reference "C:\Users\ultra\.nuget\packages\caliburn.micro\4.0.212\lib\netcoreapp3.1\Caliburn.Micro.Platform.dll". [C:\Users\ultra\warewolf\Dev\Dev2.Intellisense\Dev2.Intellisense.csproj]
C:\Program Files\dotnet\sdk\10.0.201\Microsoft.Common.CurrentVersion.targets(2451,5): warning MSB3277:             C:\Users\ultra\.nuget\packages\caliburn.micro\4.0.212\lib\netcoreapp3.1\Caliburn.Micro.Platform.dll [C:\Users\ultra\warewolf\Dev\Dev2.Intellisense\Dev2.Intellisense.csproj]
C:\Program Files\dotnet\sdk\10.0.201\Microsoft.Common.CurrentVersion.targets(2451,5): warning MSB3277:         C:\Users\ultra\.nuget\packages\ironpython\3.4.0\lib\net6.0\IronPython.Wpf.dll [C:\Users\ultra\warewolf\Dev\Dev2.Intellisense\Dev2.Intellisense.csproj]
C:\Program Files\dotnet\sdk\10.0.201\Microsoft.Common.CurrentVersion.targets(2451,5): warning MSB3277:           Project file item includes which caused reference "C:\Users\ultra\.nuget\packages\ironpython\3.4.0\lib\net6.0\IronPython.Wpf.dll". [C:\Users\ultra\warewolf\Dev\Dev2.Intellisense\Dev2.Intellisense.csproj]
C:\Program Files\dotnet\sdk\10.0.201\Microsoft.Common.CurrentVersion.targets(2451,5): warning MSB3277:             C:\Users\ultra\.nuget\packages\ironpython\3.4.0\lib\net6.0\IronPython.Wpf.dll [C:\Users\ultra\warewolf\Dev\Dev2.Intellisense\Dev2.Intellisense.csproj]
C:\Program Files\dotnet\sdk\10.0.201\Microsoft.Common.CurrentVersion.targets(2451,5): warning MSB3277:         C:\Users\ultra\.nuget\packages\microsoft.xaml.behaviors.wpf\1.1.122\lib\net462\Microsoft.Xaml.Behaviors.dll [C:\Users\ultra\warewolf\Dev\Dev2.Intellisense\Dev2.Intellisense.csproj]
C:\Program Files\dotnet\sdk\10.0.201\Microsoft.Common.CurrentVersion.targets(2451,5): warning MSB3277:           Project file item includes which caused reference "C:\Users\ultra\.nuget\packages\microsoft.xaml.behaviors.wpf\1.1.122\lib\net462\Microsoft.Xaml.Behaviors.dll". [C:\Users\ultra\warewolf\Dev\Dev2.Intellisense\Dev2.Intellisense.csproj]
C:\Program Files\dotnet\sdk\10.0.201\Microsoft.Common.CurrentVersion.targets(2451,5): warning MSB3277:             C:\Users\ultra\.nuget\packages\microsoft.xaml.behaviors.wpf\1.1.122\lib\net462\Microsoft.Xaml.Behaviors.dll [C:\Users\ultra\warewolf\Dev\Dev2.Intellisense\Dev2.Intellisense.csproj]
C:\Program Files\dotnet\sdk\10.0.201\Microsoft.Common.CurrentVersion.targets(2451,5): warning MSB3277:             C:\Users\ultra\.nuget\packages\caliburn.micro\4.0.212\lib\netcoreapp3.1\Caliburn.Micro.Platform.dll [C:\Users\ultra\warewolf\Dev\Dev2.Intellisense\Dev2.Intellisense.csproj]
C:\Program Files\dotnet\sdk\10.0.201\Microsoft.Common.CurrentVersion.targets(2451,5): warning MSB3277:             C:\Users\ultra\.nuget\packages\prism.wpf\9.0.537\lib\net462\Prism.Wpf.dll [C:\Users\ultra\warewolf\Dev\Dev2.Intellisense\Dev2.Intellisense.csproj]
C:\Program Files\dotnet\sdk\10.0.201\Microsoft.Common.CurrentVersion.targets(2451,5): warning MSB3277:         C:\Users\ultra\.nuget\packages\prism.wpf\9.0.537\lib\net462\Prism.Wpf.dll [C:\Users\ultra\warewolf\Dev\Dev2.Intellisense\Dev2.Intellisense.csproj]
C:\Program Files\dotnet\sdk\10.0.201\Microsoft.Common.CurrentVersion.targets(2451,5): warning MSB3277:           Project file item includes which caused reference "C:\Users\ultra\.nuget\packages\prism.wpf\9.0.537\lib\net462\Prism.Wpf.dll". [C:\Users\ultra\warewolf\Dev\Dev2.Intellisense\Dev2.Intellisense.csproj]
C:\Program Files\dotnet\sdk\10.0.201\Microsoft.Common.CurrentVersion.targets(2451,5): warning MSB3277:             C:\Users\ultra\.nuget\packages\prism.wpf\9.0.537\lib\net462\Prism.Wpf.dll [C:\Users\ultra\warewolf\Dev\Dev2.Intellisense\Dev2.Intellisense.csproj]
C:\Program Files\dotnet\sdk\10.0.201\Microsoft.Common.CurrentVersion.targets(2451,5): warning MSB3277:         C:\Users\ultra\.nuget\packages\reactiveui.wpf\18.4.1\lib\net462\ReactiveUI.Wpf.dll [C:\Users\ultra\warewolf\Dev\Dev2.Intellisense\Dev2.Intellisense.csproj]
C:\Program Files\dotnet\sdk\10.0.201\Microsoft.Common.CurrentVersion.targets(2451,5): warning MSB3277:           Project file item includes which caused reference "C:\Users\ultra\.nuget\packages\reactiveui.wpf\18.4.1\lib\net462\ReactiveUI.Wpf.dll". [C:\Users\ultra\warewolf\Dev\Dev2.Intellisense\Dev2.Intellisense.csproj]
C:\Program Files\dotnet\sdk\10.0.201\Microsoft.Common.CurrentVersion.targets(2451,5): warning MSB3277:             C:\Users\ultra\.nuget\packages\reactiveui.wpf\18.4.1\lib\net462\ReactiveUI.Wpf.dll [C:\Users\ultra\warewolf\Dev\Dev2.Intellisense\Dev2.Intellisense.csproj]
C:\Program Files\dotnet\sdk\10.0.201\Microsoft.Common.CurrentVersion.targets(2451,5): warning MSB3277:         C:\Users\ultra\warewolf\Dev\Binaries\Infragistcs_Net6\InfragisticsWPF4.DataVisualization.v15.1.dll [C:\Users\ultra\warewolf\Dev\Dev2.Intellisense\Dev2.Intellisense.csproj]
C:\Program Files\dotnet\sdk\10.0.201\Microsoft.Common.CurrentVersion.targets(2451,5): warning MSB3277:           Project file item includes which caused reference "C:\Users\ultra\warewolf\Dev\Binaries\Infragistcs_Net6\InfragisticsWPF4.DataVisualization.v15.1.dll". [C:\Users\ultra\warewolf\Dev\Dev2.Intellisense\Dev2.Intellisense.csproj]
C:\Program Files\dotnet\sdk\10.0.201\Microsoft.Common.CurrentVersion.targets(2451,5): warning MSB3277:             InfragisticsWPF4.Math.Calculators.v15.1, Version=15.1.20151.2055, Culture=neutral, PublicKeyToken=7dd5c3163f2cd0cb, processorArchitecture=MSIL [C:\Users\ultra\warewolf\Dev\Dev2.Intellisense\Dev2.Intellisense.csproj]
  Warewolf.Common.Framework48 -> C:\Users\ultra\warewolf\Dev\Warewolf.Common.Framework48\bin\Debug\net8.0\Warewolf.Common.Framework48.dll
C:\Program Files\dotnet\sdk\10.0.201\Sdks\Microsoft.NET.Sdk\targets\Microsoft.NET.Sdk.targets(308,5): warning NETSDK1206: Found version-specific or distribution-specific runtime identifier(s): win10-x64, win10-x86, win7-x64, win7-x86, win8-x64, win8-x86, win81-x64, win81-x86. Affected libraries: Microsoft.Management.Infrastructure.Runtime.Win, SQLite. In .NET 8.0 and higher, assets for version-specific and distribution-specific runtime identifiers will not be found by default. See https://aka.ms/dotnet/rid-usage for details. [C:\Users\ultra\warewolf\Dev\Warewolf.MergeParser\Warewolf.MergeParser.csproj]
  Warewolf.MergeParser -> C:\Users\ultra\warewolf\Dev\Warewolf.MergeParser\bin\Debug\net8.0\Warewolf.MergeParser.dll
C:\Program Files\dotnet\sdk\10.0.201\Sdks\Microsoft.NET.Sdk\targets\Microsoft.NET.Sdk.targets(308,5): warning NETSDK1206: Found version-specific or distribution-specific runtime identifier(s): win10-x64, win10-x86, win7-x64, win7-x86, win8-x64, win8-x86, win81-x64, win81-x86. Affected libraries: Microsoft.Management.Infrastructure.Runtime.Win, SQLite. In .NET 8.0 and higher, assets for version-specific and distribution-specific runtime identifiers will not be found by default. See https://aka.ms/dotnet/rid-usage for details. [C:\Users\ultra\warewolf\Dev\Dev2.Intellisense\Dev2.Intellisense.csproj]
  Dev2.Intellisense -> C:\Users\ultra\warewolf\Dev\Dev2.Intellisense\bin\Debug\net8.0\Dev2.Intellisense.dll
C:\Program Files\dotnet\sdk\10.0.201\Microsoft.Common.CurrentVersion.targets(2451,5): warning MSB3277: Found conflicts between different versions of "WindowsBase" that could not be resolved. [C:\Users\ultra\warewolf\Dev\Warewolf.MergeParser.Tests\Warewolf.MergeParser.Tests.csproj]
C:\Program Files\dotnet\sdk\10.0.201\Microsoft.Common.CurrentVersion.targets(2451,5): warning MSB3277: There was a conflict between "WindowsBase, Version=4.0.0.0, Culture=neutral, PublicKeyToken=31bf3856ad364e35" and "WindowsBase, Version=6.0.2.0, Culture=neutral, PublicKeyToken=31bf3856ad364e35". [C:\Users\ultra\warewolf\Dev\Warewolf.MergeParser.Tests\Warewolf.MergeParser.Tests.csproj]
C:\Program Files\dotnet\sdk\10.0.201\Microsoft.Common.CurrentVersion.targets(2451,5): warning MSB3277:     "WindowsBase, Version=4.0.0.0, Culture=neutral, PublicKeyToken=31bf3856ad364e35" was chosen because it was primary and "WindowsBase, Version=6.0.2.0, Culture=neutral, PublicKeyToken=31bf3856ad364e35" was not. [C:\Users\ultra\warewolf\Dev\Warewolf.MergeParser.Tests\Warewolf.MergeParser.Tests.csproj]
C:\Program Files\dotnet\sdk\10.0.201\Microsoft.Common.CurrentVersion.targets(2451,5): warning MSB3277:     References which depend on "WindowsBase, Version=4.0.0.0, Culture=neutral, PublicKeyToken=31bf3856ad364e35" [C:\Program Files\dotnet\packs\Microsoft.NETCore.App.Ref\8.0.25\ref\net8.0\WindowsBase.dll]. [C:\Users\ultra\warewolf\Dev\Warewolf.MergeParser.Tests\Warewolf.MergeParser.Tests.csproj]
C:\Program Files\dotnet\sdk\10.0.201\Microsoft.Common.CurrentVersion.targets(2451,5): warning MSB3277:         C:\Program Files\dotnet\packs\Microsoft.NETCore.App.Ref\8.0.25\ref\net8.0\WindowsBase.dll [C:\Users\ultra\warewolf\Dev\Warewolf.MergeParser.Tests\Warewolf.MergeParser.Tests.csproj]
C:\Program Files\dotnet\sdk\10.0.201\Microsoft.Common.CurrentVersion.targets(2451,5): warning MSB3277:           Project file item includes which caused reference "C:\Program Files\dotnet\packs\Microsoft.NETCore.App.Ref\8.0.25\ref\net8.0\WindowsBase.dll". [C:\Users\ultra\warewolf\Dev\Warewolf.MergeParser.Tests\Warewolf.MergeParser.Tests.csproj]
C:\Program Files\dotnet\sdk\10.0.201\Microsoft.Common.CurrentVersion.targets(2451,5): warning MSB3277:             C:\Program Files\dotnet\packs\Microsoft.NETCore.App.Ref\8.0.25\ref/net8.0/WindowsBase.dll [C:\Users\ultra\warewolf\Dev\Warewolf.MergeParser.Tests\Warewolf.MergeParser.Tests.csproj]
C:\Program Files\dotnet\sdk\10.0.201\Microsoft.Common.CurrentVersion.targets(2451,5): warning MSB3277:     References which depend on or have been unified to "WindowsBase, Version=6.0.2.0, Culture=neutral, PublicKeyToken=31bf3856ad364e35" []. [C:\Users\ultra\warewolf\Dev\Warewolf.MergeParser.Tests\Warewolf.MergeParser.Tests.csproj]
C:\Program Files\dotnet\sdk\10.0.201\Microsoft.Common.CurrentVersion.targets(2451,5): warning MSB3277:         C:\Users\ultra\.nuget\packages\caliburn.micro\4.0.212\lib\netcoreapp3.1\Caliburn.Micro.Platform.dll [C:\Users\ultra\warewolf\Dev\Warewolf.MergeParser.Tests\Warewolf.MergeParser.Tests.csproj]
C:\Program Files\dotnet\sdk\10.0.201\Microsoft.Common.CurrentVersion.targets(2451,5): warning MSB3277:           Project file item includes which caused reference "C:\Users\ultra\.nuget\packages\caliburn.micro\4.0.212\lib\netcoreapp3.1\Caliburn.Micro.Platform.dll". [C:\Users\ultra\warewolf\Dev\Warewolf.MergeParser.Tests\Warewolf.MergeParser.Tests.csproj]
C:\Program Files\dotnet\sdk\10.0.201\Microsoft.Common.CurrentVersion.targets(2451,5): warning MSB3277:             C:\Users\ultra\.nuget\packages\caliburn.micro\4.0.212\lib\netcoreapp3.1\Caliburn.Micro.Platform.dll [C:\Users\ultra\warewolf\Dev\Warewolf.MergeParser.Tests\Warewolf.MergeParser.Tests.csproj]
C:\Program Files\dotnet\sdk\10.0.201\Microsoft.Common.CurrentVersion.targets(2451,5): warning MSB3277:         C:\Users\ultra\.nuget\packages\ironpython\3.4.0\lib\net6.0\IronPython.Wpf.dll [C:\Users\ultra\warewolf\Dev\Warewolf.MergeParser.Tests\Warewolf.MergeParser.Tests.csproj]
C:\Program Files\dotnet\sdk\10.0.201\Microsoft.Common.CurrentVersion.targets(2451,5): warning MSB3277:           Project file item includes which caused reference "C:\Users\ultra\.nuget\packages\ironpython\3.4.0\lib\net6.0\IronPython.Wpf.dll". [C:\Users\ultra\warewolf\Dev\Warewolf.MergeParser.Tests\Warewolf.MergeParser.Tests.csproj]
C:\Program Files\dotnet\sdk\10.0.201\Microsoft.Common.CurrentVersion.targets(2451,5): warning MSB3277:             C:\Users\ultra\.nuget\packages\ironpython\3.4.0\lib\net6.0\IronPython.Wpf.dll [C:\Users\ultra\warewolf\Dev\Warewolf.MergeParser.Tests\Warewolf.MergeParser.Tests.csproj]
C:\Program Files\dotnet\sdk\10.0.201\Microsoft.Common.CurrentVersion.targets(2451,5): warning MSB3277:         C:\Users\ultra\.nuget\packages\microsoft.xaml.behaviors.wpf\1.1.122\lib\net462\Microsoft.Xaml.Behaviors.dll [C:\Users\ultra\warewolf\Dev\Warewolf.MergeParser.Tests\Warewolf.MergeParser.Tests.csproj]
C:\Program Files\dotnet\sdk\10.0.201\Microsoft.Common.CurrentVersion.targets(2451,5): warning MSB3277:           Project file item includes which caused reference "C:\Users\ultra\.nuget\packages\microsoft.xaml.behaviors.wpf\1.1.122\lib\net462\Microsoft.Xaml.Behaviors.dll". [C:\Users\ultra\warewolf\Dev\Warewolf.MergeParser.Tests\Warewolf.MergeParser.Tests.csproj]
C:\Program Files\dotnet\sdk\10.0.201\Microsoft.Common.CurrentVersion.targets(2451,5): warning MSB3277:             C:\Users\ultra\.nuget\packages\microsoft.xaml.behaviors.wpf\1.1.122\lib\net462\Microsoft.Xaml.Behaviors.dll [C:\Users\ultra\warewolf\Dev\Warewolf.MergeParser.Tests\Warewolf.MergeParser.Tests.csproj]
C:\Program Files\dotnet\sdk\10.0.201\Microsoft.Common.CurrentVersion.targets(2451,5): warning MSB3277:             C:\Users\ultra\.nuget\packages\caliburn.micro\4.0.212\lib\netcoreapp3.1\Caliburn.Micro.Platform.dll [C:\Users\ultra\warewolf\Dev\Warewolf.MergeParser.Tests\Warewolf.MergeParser.Tests.csproj]
C:\Program Files\dotnet\sdk\10.0.201\Microsoft.Common.CurrentVersion.targets(2451,5): warning MSB3277:             C:\Users\ultra\.nuget\packages\prism.wpf\9.0.537\lib\net462\Prism.Wpf.dll [C:\Users\ultra\warewolf\Dev\Warewolf.MergeParser.Tests\Warewolf.MergeParser.Tests.csproj]
C:\Program Files\dotnet\sdk\10.0.201\Microsoft.Common.CurrentVersion.targets(2451,5): warning MSB3277:         C:\Users\ultra\.nuget\packages\prism.wpf\9.0.537\lib\net462\Prism.Wpf.dll [C:\Users\ultra\warewolf\Dev\Warewolf.MergeParser.Tests\Warewolf.MergeParser.Tests.csproj]
C:\Program Files\dotnet\sdk\10.0.201\Microsoft.Common.CurrentVersion.targets(2451,5): warning MSB3277:           Project file item includes which caused reference "C:\Users\ultra\.nuget\packages\prism.wpf\9.0.537\lib\net462\Prism.Wpf.dll". [C:\Users\ultra\warewolf\Dev\Warewolf.MergeParser.Tests\Warewolf.MergeParser.Tests.csproj]
C:\Program Files\dotnet\sdk\10.0.201\Microsoft.Common.CurrentVersion.targets(2451,5): warning MSB3277:             C:\Users\ultra\.nuget\packages\prism.wpf\9.0.537\lib\net462\Prism.Wpf.dll [C:\Users\ultra\warewolf\Dev\Warewolf.MergeParser.Tests\Warewolf.MergeParser.Tests.csproj]
C:\Program Files\dotnet\sdk\10.0.201\Microsoft.Common.CurrentVersion.targets(2451,5): warning MSB3277:         C:\Users\ultra\.nuget\packages\reactiveui.wpf\18.4.1\lib\net462\ReactiveUI.Wpf.dll [C:\Users\ultra\warewolf\Dev\Warewolf.MergeParser.Tests\Warewolf.MergeParser.Tests.csproj]
C:\Program Files\dotnet\sdk\10.0.201\Microsoft.Common.CurrentVersion.targets(2451,5): warning MSB3277:           Project file item includes which caused reference "C:\Users\ultra\.nuget\packages\reactiveui.wpf\18.4.1\lib\net462\ReactiveUI.Wpf.dll". [C:\Users\ultra\warewolf\Dev\Warewolf.MergeParser.Tests\Warewolf.MergeParser.Tests.csproj]
C:\Program Files\dotnet\sdk\10.0.201\Microsoft.Common.CurrentVersion.targets(2451,5): warning MSB3277:             C:\Users\ultra\.nuget\packages\reactiveui.wpf\18.4.1\lib\net462\ReactiveUI.Wpf.dll [C:\Users\ultra\warewolf\Dev\Warewolf.MergeParser.Tests\Warewolf.MergeParser.Tests.csproj]
C:\Program Files\dotnet\sdk\10.0.201\Microsoft.Common.CurrentVersion.targets(2451,5): warning MSB3277: Found conflicts between different versions of "WindowsBase" that could not be resolved. [C:\Users\ultra\warewolf\Dev\Warewolf.UI\Warewolf.UI.csproj]
C:\Program Files\dotnet\sdk\10.0.201\Microsoft.Common.CurrentVersion.targets(2451,5): warning MSB3277: There was a conflict between "WindowsBase, Version=4.0.0.0, Culture=neutral, PublicKeyToken=31bf3856ad364e35" and "WindowsBase, Version=6.0.2.0, Culture=neutral, PublicKeyToken=31bf3856ad364e35". [C:\Users\ultra\warewolf\Dev\Warewolf.UI\Warewolf.UI.csproj]
C:\Program Files\dotnet\sdk\10.0.201\Microsoft.Common.CurrentVersion.targets(2451,5): warning MSB3277:     "WindowsBase, Version=4.0.0.0, Culture=neutral, PublicKeyToken=31bf3856ad364e35" was chosen because it was primary and "WindowsBase, Version=6.0.2.0, Culture=neutral, PublicKeyToken=31bf3856ad364e35" was not. [C:\Users\ultra\warewolf\Dev\Warewolf.UI\Warewolf.UI.csproj]
C:\Program Files\dotnet\sdk\10.0.201\Microsoft.Common.CurrentVersion.targets(2451,5): warning MSB3277:     References which depend on "WindowsBase, Version=4.0.0.0, Culture=neutral, PublicKeyToken=31bf3856ad364e35" [C:\Program Files\dotnet\packs\Microsoft.NETCore.App.Ref\8.0.25\ref\net8.0\WindowsBase.dll]. [C:\Users\ultra\warewolf\Dev\Warewolf.UI\Warewolf.UI.csproj]
C:\Program Files\dotnet\sdk\10.0.201\Microsoft.Common.CurrentVersion.targets(2451,5): warning MSB3277:         C:\Program Files\dotnet\packs\Microsoft.NETCore.App.Ref\8.0.25\ref\net8.0\WindowsBase.dll [C:\Users\ultra\warewolf\Dev\Warewolf.UI\Warewolf.UI.csproj]
C:\Program Files\dotnet\sdk\10.0.201\Microsoft.Common.CurrentVersion.targets(2451,5): warning MSB3277:           Project file item includes which caused reference "C:\Program Files\dotnet\packs\Microsoft.NETCore.App.Ref\8.0.25\ref\net8.0\WindowsBase.dll". [C:\Users\ultra\warewolf\Dev\Warewolf.UI\Warewolf.UI.csproj]
C:\Program Files\dotnet\sdk\10.0.201\Microsoft.Common.CurrentVersion.targets(2451,5): warning MSB3277:             C:\Program Files\dotnet\packs\Microsoft.NETCore.App.Ref\8.0.25\ref/net8.0/WindowsBase.dll [C:\Users\ultra\warewolf\Dev\Warewolf.UI\Warewolf.UI.csproj]
C:\Program Files\dotnet\sdk\10.0.201\Microsoft.Common.CurrentVersion.targets(2451,5): warning MSB3277:     References which depend on or have been unified to "WindowsBase, Version=6.0.2.0, Culture=neutral, PublicKeyToken=31bf3856ad364e35" []. [C:\Users\ultra\warewolf\Dev\Warewolf.UI\Warewolf.UI.csproj]
C:\Program Files\dotnet\sdk\10.0.201\Microsoft.Common.CurrentVersion.targets(2451,5): warning MSB3277:         C:\Users\ultra\.nuget\packages\caliburn.micro\4.0.212\lib\netcoreapp3.1\Caliburn.Micro.Platform.dll [C:\Users\ultra\warewolf\Dev\Warewolf.UI\Warewolf.UI.csproj]
C:\Program Files\dotnet\sdk\10.0.201\Microsoft.Common.CurrentVersion.targets(2451,5): warning MSB3277:           Project file item includes which caused reference "C:\Users\ultra\.nuget\packages\caliburn.micro\4.0.212\lib\netcoreapp3.1\Caliburn.Micro.Platform.dll". [C:\Users\ultra\warewolf\Dev\Warewolf.UI\Warewolf.UI.csproj]
C:\Program Files\dotnet\sdk\10.0.201\Microsoft.Common.CurrentVersion.targets(2451,5): warning MSB3277:             C:\Users\ultra\.nuget\packages\caliburn.micro\4.0.212\lib\netcoreapp3.1\Caliburn.Micro.Platform.dll [C:\Users\ultra\warewolf\Dev\Warewolf.UI\Warewolf.UI.csproj]
C:\Program Files\dotnet\sdk\10.0.201\Microsoft.Common.CurrentVersion.targets(2451,5): warning MSB3277:         C:\Users\ultra\.nuget\packages\ironpython\3.4.0\lib\net6.0\IronPython.Wpf.dll [C:\Users\ultra\warewolf\Dev\Warewolf.UI\Warewolf.UI.csproj]
C:\Program Files\dotnet\sdk\10.0.201\Microsoft.Common.CurrentVersion.targets(2451,5): warning MSB3277:           Project file item includes which caused reference "C:\Users\ultra\.nuget\packages\ironpython\3.4.0\lib\net6.0\IronPython.Wpf.dll". [C:\Users\ultra\warewolf\Dev\Warewolf.UI\Warewolf.UI.csproj]
C:\Program Files\dotnet\sdk\10.0.201\Microsoft.Common.CurrentVersion.targets(2451,5): warning MSB3277:             C:\Users\ultra\.nuget\packages\ironpython\3.4.0\lib\net6.0\IronPython.Wpf.dll [C:\Users\ultra\warewolf\Dev\Warewolf.UI\Warewolf.UI.csproj]
C:\Program Files\dotnet\sdk\10.0.201\Microsoft.Common.CurrentVersion.targets(2451,5): warning MSB3277:         C:\Users\ultra\.nuget\packages\microsoft.xaml.behaviors.wpf\1.1.122\lib\net462\Microsoft.Xaml.Behaviors.dll [C:\Users\ultra\warewolf\Dev\Warewolf.UI\Warewolf.UI.csproj]
C:\Program Files\dotnet\sdk\10.0.201\Microsoft.Common.CurrentVersion.targets(2451,5): warning MSB3277:           Project file item includes which caused reference "C:\Users\ultra\.nuget\packages\microsoft.xaml.behaviors.wpf\1.1.122\lib\net462\Microsoft.Xaml.Behaviors.dll". [C:\Users\ultra\warewolf\Dev\Warewolf.UI\Warewolf.UI.csproj]
C:\Program Files\dotnet\sdk\10.0.201\Microsoft.Common.CurrentVersion.targets(2451,5): warning MSB3277:             C:\Users\ultra\.nuget\packages\microsoft.xaml.behaviors.wpf\1.1.122\lib\net462\Microsoft.Xaml.Behaviors.dll [C:\Users\ultra\warewolf\Dev\Warewolf.UI\Warewolf.UI.csproj]
C:\Program Files\dotnet\sdk\10.0.201\Microsoft.Common.CurrentVersion.targets(2451,5): warning MSB3277:             C:\Users\ultra\.nuget\packages\caliburn.micro\4.0.212\lib\netcoreapp3.1\Caliburn.Micro.Platform.dll [C:\Users\ultra\warewolf\Dev\Warewolf.UI\Warewolf.UI.csproj]
C:\Program Files\dotnet\sdk\10.0.201\Microsoft.Common.CurrentVersion.targets(2451,5): warning MSB3277:             C:\Users\ultra\.nuget\packages\prism.wpf\9.0.537\lib\net462\Prism.Wpf.dll [C:\Users\ultra\warewolf\Dev\Warewolf.UI\Warewolf.UI.csproj]
C:\Program Files\dotnet\sdk\10.0.201\Microsoft.Common.CurrentVersion.targets(2451,5): warning MSB3277:         C:\Users\ultra\.nuget\packages\prism.wpf\9.0.537\lib\net462\Prism.Wpf.dll [C:\Users\ultra\warewolf\Dev\Warewolf.UI\Warewolf.UI.csproj]
C:\Program Files\dotnet\sdk\10.0.201\Microsoft.Common.CurrentVersion.targets(2451,5): warning MSB3277:           Project file item includes which caused reference "C:\Users\ultra\.nuget\packages\prism.wpf\9.0.537\lib\net462\Prism.Wpf.dll". [C:\Users\ultra\warewolf\Dev\Warewolf.UI\Warewolf.UI.csproj]
C:\Program Files\dotnet\sdk\10.0.201\Microsoft.Common.CurrentVersion.targets(2451,5): warning MSB3277:             C:\Users\ultra\.nuget\packages\prism.wpf\9.0.537\lib\net462\Prism.Wpf.dll [C:\Users\ultra\warewolf\Dev\Warewolf.UI\Warewolf.UI.csproj]
C:\Program Files\dotnet\sdk\10.0.201\Microsoft.Common.CurrentVersion.targets(2451,5): warning MSB3277:         C:\Users\ultra\.nuget\packages\reactiveui.wpf\18.4.1\lib\net462\ReactiveUI.Wpf.dll [C:\Users\ultra\warewolf\Dev\Warewolf.UI\Warewolf.UI.csproj]
C:\Program Files\dotnet\sdk\10.0.201\Microsoft.Common.CurrentVersion.targets(2451,5): warning MSB3277:           Project file item includes which caused reference "C:\Users\ultra\.nuget\packages\reactiveui.wpf\18.4.1\lib\net462\ReactiveUI.Wpf.dll". [C:\Users\ultra\warewolf\Dev\Warewolf.UI\Warewolf.UI.csproj]
C:\Program Files\dotnet\sdk\10.0.201\Microsoft.Common.CurrentVersion.targets(2451,5): warning MSB3277:             C:\Users\ultra\.nuget\packages\reactiveui.wpf\18.4.1\lib\net462\ReactiveUI.Wpf.dll [C:\Users\ultra\warewolf\Dev\Warewolf.UI\Warewolf.UI.csproj]
C:\Program Files\dotnet\sdk\10.0.201\Microsoft.Common.CurrentVersion.targets(2451,5): warning MSB3277: Found conflicts between different versions of "Microsoft.Win32.SystemEvents" that could not be resolved. [C:\Users\ultra\warewolf\Dev\Warewolf.Studio.CustomControls\Warewolf.Studio.CustomControls.csproj]
C:\Program Files\dotnet\sdk\10.0.201\Microsoft.Common.CurrentVersion.targets(2451,5): warning MSB3277: There was a conflict between "Microsoft.Win32.SystemEvents, Version=6.0.0.0, Culture=neutral, PublicKeyToken=cc7b13ffcd2ddd51" and "Microsoft.Win32.SystemEvents, Version=7.0.0.0, Culture=neutral, PublicKeyToken=cc7b13ffcd2ddd51". [C:\Users\ultra\warewolf\Dev\Warewolf.Studio.CustomControls\Warewolf.Studio.CustomControls.csproj]
C:\Program Files\dotnet\sdk\10.0.201\Microsoft.Common.CurrentVersion.targets(2451,5): warning MSB3277:     "Microsoft.Win32.SystemEvents, Version=6.0.0.0, Culture=neutral, PublicKeyToken=cc7b13ffcd2ddd51" was chosen because it was primary and "Microsoft.Win32.SystemEvents, Version=7.0.0.0, Culture=neutral, PublicKeyToken=cc7b13ffcd2ddd51" was not. [C:\Users\ultra\warewolf\Dev\Warewolf.Studio.CustomControls\Warewolf.Studio.CustomControls.csproj]
C:\Program Files\dotnet\sdk\10.0.201\Microsoft.Common.CurrentVersion.targets(2451,5): warning MSB3277:     References which depend on "Microsoft.Win32.SystemEvents, Version=6.0.0.0, Culture=neutral, PublicKeyToken=cc7b13ffcd2ddd51" [C:\Users\ultra\.nuget\packages\microsoft.win32.systemevents\6.0.0\lib\net6.0\Microsoft.Win32.SystemEvents.dll]. [C:\Users\ultra\warewolf\Dev\Warewolf.Studio.CustomControls\Warewolf.Studio.CustomControls.csproj]
C:\Program Files\dotnet\sdk\10.0.201\Microsoft.Common.CurrentVersion.targets(2451,5): warning MSB3277:         C:\Users\ultra\.nuget\packages\microsoft.win32.systemevents\6.0.0\lib\net6.0\Microsoft.Win32.SystemEvents.dll [C:\Users\ultra\warewolf\Dev\Warewolf.Studio.CustomControls\Warewolf.Studio.CustomControls.csproj]
C:\Program Files\dotnet\sdk\10.0.201\Microsoft.Common.CurrentVersion.targets(2451,5): warning MSB3277:           Project file item includes which caused reference "C:\Users\ultra\.nuget\packages\microsoft.win32.systemevents\6.0.0\lib\net6.0\Microsoft.Win32.SystemEvents.dll". [C:\Users\ultra\warewolf\Dev\Warewolf.Studio.CustomControls\Warewolf.Studio.CustomControls.csproj]
C:\Program Files\dotnet\sdk\10.0.201\Microsoft.Common.CurrentVersion.targets(2451,5): warning MSB3277:             C:\Users\ultra\.nuget\packages\microsoft.win32.systemevents\6.0.0\lib\net6.0\Microsoft.Win32.SystemEvents.dll [C:\Users\ultra\warewolf\Dev\Warewolf.Studio.CustomControls\Warewolf.Studio.CustomControls.csproj]
C:\Program Files\dotnet\sdk\10.0.201\Microsoft.Common.CurrentVersion.targets(2451,5): warning MSB3277:     References which depend on or have been unified to "Microsoft.Win32.SystemEvents, Version=7.0.0.0, Culture=neutral, PublicKeyToken=cc7b13ffcd2ddd51" []. [C:\Users\ultra\warewolf\Dev\Warewolf.Studio.CustomControls\Warewolf.Studio.CustomControls.csproj]
C:\Program Files\dotnet\sdk\10.0.201\Microsoft.Common.CurrentVersion.targets(2451,5): warning MSB3277:         C:\Users\ultra\warewolf\Dev\Dev2.Common\bin\Debug\net8.0\Dev2.Common.dll [C:\Users\ultra\warewolf\Dev\Warewolf.Studio.CustomControls\Warewolf.Studio.CustomControls.csproj]
C:\Program Files\dotnet\sdk\10.0.201\Microsoft.Common.CurrentVersion.targets(2451,5): warning MSB3277:           Project file item includes which caused reference "C:\Users\ultra\warewolf\Dev\Dev2.Common\bin\Debug\net8.0\Dev2.Common.dll". [C:\Users\ultra\warewolf\Dev\Warewolf.Studio.CustomControls\Warewolf.Studio.CustomControls.csproj]
C:\Program Files\dotnet\sdk\10.0.201\Microsoft.Common.CurrentVersion.targets(2451,5): warning MSB3277:             C:\Users\ultra\warewolf\Dev\Dev2.Common\bin\Debug\net8.0\Dev2.Common.dll [C:\Users\ultra\warewolf\Dev\Warewolf.Studio.CustomControls\Warewolf.Studio.CustomControls.csproj]
C:\Program Files\dotnet\sdk\10.0.201\Microsoft.Common.CurrentVersion.targets(2451,5): warning MSB3277:             C:\Users\ultra\warewolf\Dev\Dev2.Infrastructure\bin\Debug\net8.0\Dev2.Infrastructure.dll [C:\Users\ultra\warewolf\Dev\Warewolf.Studio.CustomControls\Warewolf.Studio.CustomControls.csproj]
C:\Program Files\dotnet\sdk\10.0.201\Microsoft.Common.CurrentVersion.targets(2451,5): warning MSB3277:             C:\Users\ultra\warewolf\Dev\Dev2.Intellisense\bin\Debug\net8.0\Dev2.Intellisense.dll [C:\Users\ultra\warewolf\Dev\Warewolf.Studio.CustomControls\Warewolf.Studio.CustomControls.csproj]
C:\Program Files\dotnet\sdk\10.0.201\Microsoft.Common.CurrentVersion.targets(2451,5): warning MSB3277:             C:\Users\ultra\warewolf\Dev\Dev2.Studio.Core\bin\Debug\net8.0\Dev2.Studio.Core.dll [C:\Users\ultra\warewolf\Dev\Warewolf.Studio.CustomControls\Warewolf.Studio.CustomControls.csproj]
C:\Program Files\dotnet\sdk\10.0.201\Microsoft.Common.CurrentVersion.targets(2451,5): warning MSB3277:             C:\Users\ultra\warewolf\Dev\Dev2.Studio.Interfaces\bin\Debug\net8.0\Dev2.Studio.Interfaces.dll [C:\Users\ultra\warewolf\Dev\Warewolf.Studio.CustomControls\Warewolf.Studio.CustomControls.csproj]
C:\Program Files\dotnet\sdk\10.0.201\Microsoft.Common.CurrentVersion.targets(2451,5): warning MSB3277:             C:\Users\ultra\warewolf\Dev\Dev2.Activities\bin\Debug\net8.0\Dev2.Activities.dll [C:\Users\ultra\warewolf\Dev\Warewolf.Studio.CustomControls\Warewolf.Studio.CustomControls.csproj]
C:\Program Files\dotnet\sdk\10.0.201\Microsoft.Common.CurrentVersion.targets(2451,5): warning MSB3277:             C:\Users\ultra\warewolf\Dev\Dev2.Core\bin\Debug\net8.0\Dev2.Core.dll [C:\Users\ultra\warewolf\Dev\Warewolf.Studio.CustomControls\Warewolf.Studio.CustomControls.csproj]
C:\Program Files\dotnet\sdk\10.0.201\Microsoft.Common.CurrentVersion.targets(2451,5): warning MSB3277:             C:\Users\ultra\warewolf\Dev\Dev2.Data\bin\Debug\net8.0\Dev2.Data.dll [C:\Users\ultra\warewolf\Dev\Warewolf.Studio.CustomControls\Warewolf.Studio.CustomControls.csproj]
C:\Program Files\dotnet\sdk\10.0.201\Microsoft.Common.CurrentVersion.targets(2451,5): warning MSB3277:             C:\Users\ultra\warewolf\Dev\Dev2.Development.Languages\bin\Debug\net8.0\Dev2.Development.Languages.dll [C:\Users\ultra\warewolf\Dev\Warewolf.Studio.CustomControls\Warewolf.Studio.CustomControls.csproj]
C:\Program Files\dotnet\sdk\10.0.201\Microsoft.Common.CurrentVersion.targets(2451,5): warning MSB3277:             C:\Users\ultra\warewolf\Dev\Dev2.Diagnostics\bin\Debug\net8.0\Dev2.Diagnostics.dll [C:\Users\ultra\warewolf\Dev\Warewolf.Studio.CustomControls\Warewolf.Studio.CustomControls.csproj]
C:\Program Files\dotnet\sdk\10.0.201\Microsoft.Common.CurrentVersion.targets(2451,5): warning MSB3277:             C:\Users\ultra\warewolf\Dev\Dev2.Runtime.Services\bin\Debug\net8.0\Dev2.Runtime.Services.dll [C:\Users\ultra\warewolf\Dev\Warewolf.Studio.CustomControls\Warewolf.Studio.CustomControls.csproj]
C:\Program Files\dotnet\sdk\10.0.201\Microsoft.Common.CurrentVersion.targets(2451,5): warning MSB3277:             C:\Users\ultra\warewolf\Dev\Dev2.Scheduler\bin\Debug\net8.0\Dev2.Scheduler.dll [C:\Users\ultra\warewolf\Dev\Warewolf.Studio.CustomControls\Warewolf.Studio.CustomControls.csproj]
C:\Program Files\dotnet\sdk\10.0.201\Microsoft.Common.CurrentVersion.targets(2451,5): warning MSB3277:             C:\Users\ultra\warewolf\Dev\Dev2.Services.Execution\bin\Debug\net8.0\Dev2.Services.Execution.dll [C:\Users\ultra\warewolf\Dev\Warewolf.Studio.CustomControls\Warewolf.Studio.CustomControls.csproj]
C:\Program Files\dotnet\sdk\10.0.201\Microsoft.Common.CurrentVersion.targets(2451,5): warning MSB3277:             C:\Users\ultra\warewolf\Dev\Dev2.Services.Sql\bin\Debug\net8.0\Dev2.Services.Sql.dll [C:\Users\ultra\warewolf\Dev\Warewolf.Studio.CustomControls\Warewolf.Studio.CustomControls.csproj]
C:\Program Files\dotnet\sdk\10.0.201\Microsoft.Common.CurrentVersion.targets(2451,5): warning MSB3277:             C:\Users\ultra\warewolf\Dev\Dev2.TaskScheduler.Wrappers\bin\Debug\net8.0\Dev2.TaskScheduler.Wrappers.dll [C:\Users\ultra\warewolf\Dev\Warewolf.Studio.CustomControls\Warewolf.Studio.CustomControls.csproj]
C:\Program Files\dotnet\sdk\10.0.201\Microsoft.Common.CurrentVersion.targets(2451,5): warning MSB3277:             C:\Users\ultra\warewolf\Dev\Dev2.Util\bin\Debug\net8.0\Dev2.Util.dll [C:\Users\ultra\warewolf\Dev\Warewolf.Studio.CustomControls\Warewolf.Studio.CustomControls.csproj]
C:\Program Files\dotnet\sdk\10.0.201\Microsoft.Common.CurrentVersion.targets(2451,5): warning MSB3277:             C:\Users\ultra\warewolf\Dev\Warewolf.AI.Harness\bin\Debug\net8.0\Warewolf.AI.Harness.dll [C:\Users\ultra\warewolf\Dev\Warewolf.Studio.CustomControls\Warewolf.Studio.CustomControls.csproj]
C:\Program Files\dotnet\sdk\10.0.201\Microsoft.Common.CurrentVersion.targets(2451,5): warning MSB3277:             C:\Users\ultra\warewolf\Dev\Warewolf.Auditing\bin\Debug\net8.0\Warewolf.Auditing.dll [C:\Users\ultra\warewolf\Dev\Warewolf.Studio.CustomControls\Warewolf.Studio.CustomControls.csproj]
C:\Program Files\dotnet\sdk\10.0.201\Microsoft.Common.CurrentVersion.targets(2451,5): warning MSB3277:             C:\Users\ultra\warewolf\Dev\Warewolf.Common.NetStandard20\bin\Debug\net8.0\Warewolf.Common.NetStandard20.dll [C:\Users\ultra\warewolf\Dev\Warewolf.Studio.CustomControls\Warewolf.Studio.CustomControls.csproj]
C:\Program Files\dotnet\sdk\10.0.201\Microsoft.Common.CurrentVersion.targets(2451,5): warning MSB3277:             C:\Users\ultra\warewolf\Dev\Warewolf.Core\bin\Debug\net8.0\Warewolf.Core.dll [C:\Users\ultra\warewolf\Dev\Warewolf.Studio.CustomControls\Warewolf.Studio.CustomControls.csproj]
C:\Program Files\dotnet\sdk\10.0.201\Microsoft.Common.CurrentVersion.targets(2451,5): warning MSB3277:             C:\Users\ultra\warewolf\Dev\Warewolf.Driver.Persistence\bin\Debug\net8.0\Warewolf.Driver.Persistence.dll [C:\Users\ultra\warewolf\Dev\Warewolf.Studio.CustomControls\Warewolf.Studio.CustomControls.csproj]
C:\Program Files\dotnet\sdk\10.0.201\Microsoft.Common.CurrentVersion.targets(2451,5): warning MSB3277:             C:\Users\ultra\warewolf\Dev\Warewolf.Driver.Serilog\bin\Debug\net8.0\Warewolf.Driver.Serilog.dll [C:\Users\ultra\warewolf\Dev\Warewolf.Studio.CustomControls\Warewolf.Studio.CustomControls.csproj]
C:\Program Files\dotnet\sdk\10.0.201\Microsoft.Common.CurrentVersion.targets(2451,5): warning MSB3277:             C:\Users\ultra\warewolf\Dev\Warewolf.Exchange.Email.Wrapper\bin\Debug\net8.0\Warewolf.Exchange.Email.Wrapper.dll [C:\Users\ultra\warewolf\Dev\Warewolf.Studio.CustomControls\Warewolf.Studio.CustomControls.csproj]
C:\Program Files\dotnet\sdk\10.0.201\Microsoft.Common.CurrentVersion.targets(2451,5): warning MSB3277:             C:\Users\ultra\warewolf\Dev\Warewolf.ResourceManagement\bin\Debug\net8.0\Warewolf.ResourceManagement.dll [C:\Users\ultra\warewolf\Dev\Warewolf.Studio.CustomControls\Warewolf.Studio.CustomControls.csproj]
C:\Program Files\dotnet\sdk\10.0.201\Microsoft.Common.CurrentVersion.targets(2451,5): warning MSB3277:             C:\Users\ultra\warewolf\Dev\Warewolf.Sharepoint\bin\Debug\net8.0\Warewolf.Sharepoint.dll [C:\Users\ultra\warewolf\Dev\Warewolf.Studio.CustomControls\Warewolf.Studio.CustomControls.csproj]
C:\Program Files\dotnet\sdk\10.0.201\Microsoft.Common.CurrentVersion.targets(2451,5): warning MSB3277:             C:\Users\ultra\warewolf\Dev\Warewolf.Storage\bin\Debug\net8.0\Warewolf.Storage.dll [C:\Users\ultra\warewolf\Dev\Warewolf.Studio.CustomControls\Warewolf.Studio.CustomControls.csproj]
C:\Program Files\dotnet\sdk\10.0.201\Microsoft.Common.CurrentVersion.targets(2451,5): warning MSB3277:             C:\Users\ultra\warewolf\Dev\Warewolf.Studio.Core\bin\Debug\net8.0\Warewolf.Studio.Core.dll [C:\Users\ultra\warewolf\Dev\Warewolf.Studio.CustomControls\Warewolf.Studio.CustomControls.csproj]
C:\Program Files\dotnet\sdk\10.0.201\Microsoft.Common.CurrentVersion.targets(2451,5): warning MSB3277:         C:\Users\ultra\warewolf\Dev\Binaries\Infragistcs_Net6\InfragisticsWPF4.v15.1.dll [C:\Users\ultra\warewolf\Dev\Warewolf.Studio.CustomControls\Warewolf.Studio.CustomControls.csproj]
C:\Program Files\dotnet\sdk\10.0.201\Microsoft.Common.CurrentVersion.targets(2451,5): warning MSB3277:           Project file item includes which caused reference "C:\Users\ultra\warewolf\Dev\Binaries\Infragistcs_Net6\InfragisticsWPF4.v15.1.dll". [C:\Users\ultra\warewolf\Dev\Warewolf.Studio.CustomControls\Warewolf.Studio.CustomControls.csproj]
C:\Program Files\dotnet\sdk\10.0.201\Microsoft.Common.CurrentVersion.targets(2451,5): warning MSB3277:             InfragisticsWPF4.v15.1, Version=15.1.20151.2055, Culture=neutral, processorArchitecture=MSIL [C:\Users\ultra\warewolf\Dev\Warewolf.Studio.CustomControls\Warewolf.Studio.CustomControls.csproj]
C:\Program Files\dotnet\sdk\10.0.201\Microsoft.Common.CurrentVersion.targets(2451,5): warning MSB3277:             InfragisticsWPF4.Controls.Grids.XamGrid.v15.1 [C:\Users\ultra\warewolf\Dev\Warewolf.Studio.CustomControls\Warewolf.Studio.CustomControls.csproj]
C:\Program Files\dotnet\sdk\10.0.201\Microsoft.Common.CurrentVersion.targets(2451,5): warning MSB3277:             InfragisticsWPF4.Controls.Menus.XamDataTree.v15.1, Version=15.1.20151.2055, Culture=neutral, PublicKeyToken=7dd5c3163f2cd0cb, processorArchitecture=MSIL [C:\Users\ultra\warewolf\Dev\Warewolf.Studio.CustomControls\Warewolf.Studio.CustomControls.csproj]
C:\Program Files\dotnet\sdk\10.0.201\Microsoft.Common.CurrentVersion.targets(2451,5): warning MSB3277:             InfragisticsWPF4.DataManager.v15.1, Version=15.1.20151.2055, Culture=neutral, processorArchitecture=MSIL [C:\Users\ultra\warewolf\Dev\Warewolf.Studio.CustomControls\Warewolf.Studio.CustomControls.csproj]
C:\Program Files\dotnet\sdk\10.0.201\Microsoft.Common.CurrentVersion.targets(2451,5): warning MSB3277:             InfragisticsWPF4.DataPresenter.v15.1 [C:\Users\ultra\warewolf\Dev\Warewolf.Studio.CustomControls\Warewolf.Studio.CustomControls.csproj]
C:\Program Files\dotnet\sdk\10.0.201\Microsoft.Common.CurrentVersion.targets(2451,5): warning MSB3277:         C:\Users\ultra\.nuget\packages\timespan2\2.4.2\lib\netcoreapp3.1\TimeSpan2.dll [C:\Users\ultra\warewolf\Dev\Warewolf.Studio.CustomControls\Warewolf.Studio.CustomControls.csproj]
C:\Program Files\dotnet\sdk\10.0.201\Microsoft.Common.CurrentVersion.targets(2451,5): warning MSB3277:           Project file item includes which caused reference "C:\Users\ultra\.nuget\packages\timespan2\2.4.2\lib\netcoreapp3.1\TimeSpan2.dll". [C:\Users\ultra\warewolf\Dev\Warewolf.Studio.CustomControls\Warewolf.Studio.CustomControls.csproj]
C:\Program Files\dotnet\sdk\10.0.201\Microsoft.Common.CurrentVersion.targets(2451,5): warning MSB3277:             C:\Users\ultra\.nuget\packages\timespan2\2.4.2\lib\netcoreapp3.1\TimeSpan2.dll [C:\Users\ultra\warewolf\Dev\Warewolf.Studio.CustomControls\Warewolf.Studio.CustomControls.csproj]
C:\Program Files\dotnet\sdk\10.0.201\Microsoft.Common.CurrentVersion.targets(2451,5): warning MSB3277:             C:\Users\ultra\.nuget\packages\taskschedulereditor\2.10.1\lib\net452\Microsoft.Win32.TaskSchedulerEditor.dll [C:\Users\ultra\warewolf\Dev\Warewolf.Studio.CustomControls\Warewolf.Studio.CustomControls.csproj]
C:\Program Files\dotnet\sdk\10.0.201\Microsoft.Common.CurrentVersion.targets(2451,5): warning MSB3277:         C:\Program Files\dotnet\packs\Microsoft.NETCore.App.Ref\8.0.25\ref\net8.0\System.dll [C:\Users\ultra\warewolf\Dev\Warewolf.Studio.CustomControls\Warewolf.Studio.CustomControls.csproj]
C:\Program Files\dotnet\sdk\10.0.201\Microsoft.Common.CurrentVersion.targets(2451,5): warning MSB3277:           Project file item includes which caused reference "C:\Program Files\dotnet\packs\Microsoft.NETCore.App.Ref\8.0.25\ref\net8.0\System.dll". [C:\Users\ultra\warewolf\Dev\Warewolf.Studio.CustomControls\Warewolf.Studio.CustomControls.csproj]
C:\Program Files\dotnet\sdk\10.0.201\Microsoft.Common.CurrentVersion.targets(2451,5): warning MSB3277:             C:\Program Files\dotnet\packs\Microsoft.NETCore.App.Ref\8.0.25\ref/net8.0/System.dll [C:\Users\ultra\warewolf\Dev\Warewolf.Studio.CustomControls\Warewolf.Studio.CustomControls.csproj]
C:\Program Files\dotnet\sdk\10.0.201\Microsoft.Common.CurrentVersion.targets(2451,5): warning MSB3277:             C:\Users\ultra\.nuget\packages\aerowizard\2.3.1\lib\net45\AeroWizard.dll [C:\Users\ultra\warewolf\Dev\Warewolf.Studio.CustomControls\Warewolf.Studio.CustomControls.csproj]
C:\Program Files\dotnet\sdk\10.0.201\Microsoft.Common.CurrentVersion.targets(2451,5): warning MSB3277:             C:\Users\ultra\.nuget\packages\groupcontrols\1.9.0\lib\net45\GroupControls.dll [C:\Users\ultra\warewolf\Dev\Warewolf.Studio.CustomControls\Warewolf.Studio.CustomControls.csproj]
C:\Program Files\dotnet\sdk\10.0.201\Microsoft.Common.CurrentVersion.targets(2451,5): warning MSB3277:             C:\Users\ultra\.nuget\packages\microsoft.xaml.behaviors.wpf\1.1.122\lib\net462\Microsoft.Xaml.Behaviors.dll [C:\Users\ultra\warewolf\Dev\Warewolf.Studio.CustomControls\Warewolf.Studio.CustomControls.csproj]
C:\Program Files\dotnet\sdk\10.0.201\Microsoft.Common.CurrentVersion.targets(2451,5): warning MSB3277:             C:\Users\ultra\.nuget\packages\caliburn.micro\4.0.212\lib\netcoreapp3.1\Caliburn.Micro.Platform.dll [C:\Users\ultra\warewolf\Dev\Warewolf.Studio.CustomControls\Warewolf.Studio.CustomControls.csproj]
C:\Program Files\dotnet\sdk\10.0.201\Microsoft.Common.CurrentVersion.targets(2451,5): warning MSB3277:             C:\Users\ultra\.nuget\packages\prism.wpf\9.0.537\lib\net462\Prism.Wpf.dll [C:\Users\ultra\warewolf\Dev\Warewolf.Studio.CustomControls\Warewolf.Studio.CustomControls.csproj]
C:\Program Files\dotnet\sdk\10.0.201\Microsoft.Common.CurrentVersion.targets(2451,5): warning MSB3277:             C:\Users\ultra\.nuget\packages\reactiveui.wpf\18.4.1\lib\net462\ReactiveUI.Wpf.dll [C:\Users\ultra\warewolf\Dev\Warewolf.Studio.CustomControls\Warewolf.Studio.CustomControls.csproj]
C:\Program Files\dotnet\sdk\10.0.201\Microsoft.Common.CurrentVersion.targets(2451,5): warning MSB3277:             C:\Users\ultra\.nuget\packages\taskschedulereditor\2.10.1\lib\net452\Microsoft.Win32.TaskSchedulerEditor.dll [C:\Users\ultra\warewolf\Dev\Warewolf.Studio.CustomControls\Warewolf.Studio.CustomControls.csproj]
C:\Program Files\dotnet\sdk\10.0.201\Microsoft.Common.CurrentVersion.targets(2451,5): warning MSB3277:             C:\Users\ultra\.nuget\packages\ttcue.netcore.sharepointonline.csom.16.1.8029.1200\16.1.8029.1200\lib\netcoreapp2.0\Microsoft.SharePoint.Client.Runtime.Windows.dll [C:\Users\ultra\warewolf\Dev\Warewolf.Studio.CustomControls\Warewolf.Studio.CustomControls.csproj]
C:\Program Files\dotnet\sdk\10.0.201\Microsoft.Common.CurrentVersion.targets(2451,5): warning MSB3277:         C:\Users\ultra\warewolf\Dev\Binaries\Infragistcs_Net6\InfragisticsWPF4.Editors.v15.1.dll [C:\Users\ultra\warewolf\Dev\Warewolf.Studio.CustomControls\Warewolf.Studio.CustomControls.csproj]
C:\Program Files\dotnet\sdk\10.0.201\Microsoft.Common.CurrentVersion.targets(2451,5): warning MSB3277:           Project file item includes which caused reference "C:\Users\ultra\warewolf\Dev\Binaries\Infragistcs_Net6\InfragisticsWPF4.Editors.v15.1.dll". [C:\Users\ultra\warewolf\Dev\Warewolf.Studio.CustomControls\Warewolf.Studio.CustomControls.csproj]
C:\Program Files\dotnet\sdk\10.0.201\Microsoft.Common.CurrentVersion.targets(2451,5): warning MSB3277:             InfragisticsWPF4.DataPresenter.v15.1 [C:\Users\ultra\warewolf\Dev\Warewolf.Studio.CustomControls\Warewolf.Studio.CustomControls.csproj]
C:\Program Files\dotnet\sdk\10.0.201\Microsoft.Common.CurrentVersion.targets(2451,5): warning MSB3277: Found conflicts between different versions of "System.Security.Permissions" that could not be resolved. [C:\Users\ultra\warewolf\Dev\Warewolf.Studio.CustomControls\Warewolf.Studio.CustomControls.csproj]
C:\Program Files\dotnet\sdk\10.0.201\Microsoft.Common.CurrentVersion.targets(2451,5): warning MSB3277: There was a conflict between "System.Security.Permissions, Version=6.0.0.0, Culture=neutral, PublicKeyToken=cc7b13ffcd2ddd51" and "System.Security.Permissions, Version=7.0.0.0, Culture=neutral, PublicKeyToken=cc7b13ffcd2ddd51". [C:\Users\ultra\warewolf\Dev\Warewolf.Studio.CustomControls\Warewolf.Studio.CustomControls.csproj]
C:\Program Files\dotnet\sdk\10.0.201\Microsoft.Common.CurrentVersion.targets(2451,5): warning MSB3277:     "System.Security.Permissions, Version=6.0.0.0, Culture=neutral, PublicKeyToken=cc7b13ffcd2ddd51" was chosen because it was primary and "System.Security.Permissions, Version=7.0.0.0, Culture=neutral, PublicKeyToken=cc7b13ffcd2ddd51" was not. [C:\Users\ultra\warewolf\Dev\Warewolf.Studio.CustomControls\Warewolf.Studio.CustomControls.csproj]
C:\Program Files\dotnet\sdk\10.0.201\Microsoft.Common.CurrentVersion.targets(2451,5): warning MSB3277:     References which depend on "System.Security.Permissions, Version=6.0.0.0, Culture=neutral, PublicKeyToken=cc7b13ffcd2ddd51" [C:\Users\ultra\.nuget\packages\system.security.permissions\6.0.0\lib\net6.0\System.Security.Permissions.dll]. [C:\Users\ultra\warewolf\Dev\Warewolf.Studio.CustomControls\Warewolf.Studio.CustomControls.csproj]
C:\Program Files\dotnet\sdk\10.0.201\Microsoft.Common.CurrentVersion.targets(2451,5): warning MSB3277:         C:\Users\ultra\.nuget\packages\system.security.permissions\6.0.0\lib\net6.0\System.Security.Permissions.dll [C:\Users\ultra\warewolf\Dev\Warewolf.Studio.CustomControls\Warewolf.Studio.CustomControls.csproj]
C:\Program Files\dotnet\sdk\10.0.201\Microsoft.Common.CurrentVersion.targets(2451,5): warning MSB3277:           Project file item includes which caused reference "C:\Users\ultra\.nuget\packages\system.security.permissions\6.0.0\lib\net6.0\System.Security.Permissions.dll". [C:\Users\ultra\warewolf\Dev\Warewolf.Studio.CustomControls\Warewolf.Studio.CustomControls.csproj]
C:\Program Files\dotnet\sdk\10.0.201\Microsoft.Common.CurrentVersion.targets(2451,5): warning MSB3277:             C:\Users\ultra\.nuget\packages\system.security.permissions\6.0.0\lib\net6.0\System.Security.Permissions.dll [C:\Users\ultra\warewolf\Dev\Warewolf.Studio.CustomControls\Warewolf.Studio.CustomControls.csproj]
C:\Program Files\dotnet\sdk\10.0.201\Microsoft.Common.CurrentVersion.targets(2451,5): warning MSB3277:     References which depend on or have been unified to "System.Security.Permissions, Version=7.0.0.0, Culture=neutral, PublicKeyToken=cc7b13ffcd2ddd51" []. [C:\Users\ultra\warewolf\Dev\Warewolf.Studio.CustomControls\Warewolf.Studio.CustomControls.csproj]
C:\Program Files\dotnet\sdk\10.0.201\Microsoft.Common.CurrentVersion.targets(2451,5): warning MSB3277:         C:\Users\ultra\warewolf\Dev\Dev2.Data\bin\Debug\net8.0\Dev2.Data.dll [C:\Users\ultra\warewolf\Dev\Warewolf.Studio.CustomControls\Warewolf.Studio.CustomControls.csproj]
C:\Program Files\dotnet\sdk\10.0.201\Microsoft.Common.CurrentVersion.targets(2451,5): warning MSB3277:           Project file item includes which caused reference "C:\Users\ultra\warewolf\Dev\Dev2.Data\bin\Debug\net8.0\Dev2.Data.dll". [C:\Users\ultra\warewolf\Dev\Warewolf.Studio.CustomControls\Warewolf.Studio.CustomControls.csproj]
C:\Program Files\dotnet\sdk\10.0.201\Microsoft.Common.CurrentVersion.targets(2451,5): warning MSB3277:             C:\Users\ultra\warewolf\Dev\Dev2.Data\bin\Debug\net8.0\Dev2.Data.dll [C:\Users\ultra\warewolf\Dev\Warewolf.Studio.CustomControls\Warewolf.Studio.CustomControls.csproj]
C:\Program Files\dotnet\sdk\10.0.201\Microsoft.Common.CurrentVersion.targets(2451,5): warning MSB3277:             C:\Users\ultra\warewolf\Dev\Dev2.Intellisense\bin\Debug\net8.0\Dev2.Intellisense.dll [C:\Users\ultra\warewolf\Dev\Warewolf.Studio.CustomControls\Warewolf.Studio.CustomControls.csproj]
C:\Program Files\dotnet\sdk\10.0.201\Microsoft.Common.CurrentVersion.targets(2451,5): warning MSB3277:             C:\Users\ultra\warewolf\Dev\Dev2.Studio.Core\bin\Debug\net8.0\Dev2.Studio.Core.dll [C:\Users\ultra\warewolf\Dev\Warewolf.Studio.CustomControls\Warewolf.Studio.CustomControls.csproj]
C:\Program Files\dotnet\sdk\10.0.201\Microsoft.Common.CurrentVersion.targets(2451,5): warning MSB3277:             C:\Users\ultra\warewolf\Dev\Dev2.Studio.Interfaces\bin\Debug\net8.0\Dev2.Studio.Interfaces.dll [C:\Users\ultra\warewolf\Dev\Warewolf.Studio.CustomControls\Warewolf.Studio.CustomControls.csproj]
C:\Program Files\dotnet\sdk\10.0.201\Microsoft.Common.CurrentVersion.targets(2451,5): warning MSB3277:             C:\Users\ultra\warewolf\Dev\Dev2.Activities\bin\Debug\net8.0\Dev2.Activities.dll [C:\Users\ultra\warewolf\Dev\Warewolf.Studio.CustomControls\Warewolf.Studio.CustomControls.csproj]
C:\Program Files\dotnet\sdk\10.0.201\Microsoft.Common.CurrentVersion.targets(2451,5): warning MSB3277:             C:\Users\ultra\warewolf\Dev\Dev2.Core\bin\Debug\net8.0\Dev2.Core.dll [C:\Users\ultra\warewolf\Dev\Warewolf.Studio.CustomControls\Warewolf.Studio.CustomControls.csproj]
C:\Program Files\dotnet\sdk\10.0.201\Microsoft.Common.CurrentVersion.targets(2451,5): warning MSB3277:             C:\Users\ultra\warewolf\Dev\Dev2.Runtime.Services\bin\Debug\net8.0\Dev2.Runtime.Services.dll [C:\Users\ultra\warewolf\Dev\Warewolf.Studio.CustomControls\Warewolf.Studio.CustomControls.csproj]
C:\Program Files\dotnet\sdk\10.0.201\Microsoft.Common.CurrentVersion.targets(2451,5): warning MSB3277:             C:\Users\ultra\warewolf\Dev\Dev2.Scheduler\bin\Debug\net8.0\Dev2.Scheduler.dll [C:\Users\ultra\warewolf\Dev\Warewolf.Studio.CustomControls\Warewolf.Studio.CustomControls.csproj]
C:\Program Files\dotnet\sdk\10.0.201\Microsoft.Common.CurrentVersion.targets(2451,5): warning MSB3277:             C:\Users\ultra\warewolf\Dev\Dev2.Services.Execution\bin\Debug\net8.0\Dev2.Services.Execution.dll [C:\Users\ultra\warewolf\Dev\Warewolf.Studio.CustomControls\Warewolf.Studio.CustomControls.csproj]
C:\Program Files\dotnet\sdk\10.0.201\Microsoft.Common.CurrentVersion.targets(2451,5): warning MSB3277:             C:\Users\ultra\warewolf\Dev\Warewolf.Auditing\bin\Debug\net8.0\Warewolf.Auditing.dll [C:\Users\ultra\warewolf\Dev\Warewolf.Studio.CustomControls\Warewolf.Studio.CustomControls.csproj]
C:\Program Files\dotnet\sdk\10.0.201\Microsoft.Common.CurrentVersion.targets(2451,5): warning MSB3277:             C:\Users\ultra\warewolf\Dev\Warewolf.Common.NetStandard20\bin\Debug\net8.0\Warewolf.Common.NetStandard20.dll [C:\Users\ultra\warewolf\Dev\Warewolf.Studio.CustomControls\Warewolf.Studio.CustomControls.csproj]
C:\Program Files\dotnet\sdk\10.0.201\Microsoft.Common.CurrentVersion.targets(2451,5): warning MSB3277:             C:\Users\ultra\warewolf\Dev\Warewolf.Core\bin\Debug\net8.0\Warewolf.Core.dll [C:\Users\ultra\warewolf\Dev\Warewolf.Studio.CustomControls\Warewolf.Studio.CustomControls.csproj]
C:\Program Files\dotnet\sdk\10.0.201\Microsoft.Common.CurrentVersion.targets(2451,5): warning MSB3277:             C:\Users\ultra\warewolf\Dev\Warewolf.Driver.Persistence\bin\Debug\net8.0\Warewolf.Driver.Persistence.dll [C:\Users\ultra\warewolf\Dev\Warewolf.Studio.CustomControls\Warewolf.Studio.CustomControls.csproj]
C:\Program Files\dotnet\sdk\10.0.201\Microsoft.Common.CurrentVersion.targets(2451,5): warning MSB3277:             C:\Users\ultra\warewolf\Dev\Warewolf.Exchange.Email.Wrapper\bin\Debug\net8.0\Warewolf.Exchange.Email.Wrapper.dll [C:\Users\ultra\warewolf\Dev\Warewolf.Studio.CustomControls\Warewolf.Studio.CustomControls.csproj]
C:\Program Files\dotnet\sdk\10.0.201\Microsoft.Common.CurrentVersion.targets(2451,5): warning MSB3277:             C:\Users\ultra\warewolf\Dev\Warewolf.ResourceManagement\bin\Debug\net8.0\Warewolf.ResourceManagement.dll [C:\Users\ultra\warewolf\Dev\Warewolf.Studio.CustomControls\Warewolf.Studio.CustomControls.csproj]
C:\Program Files\dotnet\sdk\10.0.201\Microsoft.Common.CurrentVersion.targets(2451,5): warning MSB3277:             C:\Users\ultra\warewolf\Dev\Warewolf.Studio.Core\bin\Debug\net8.0\Warewolf.Studio.Core.dll [C:\Users\ultra\warewolf\Dev\Warewolf.Studio.CustomControls\Warewolf.Studio.CustomControls.csproj]
C:\Program Files\dotnet\sdk\10.0.201\Microsoft.Common.CurrentVersion.targets(2451,5): warning MSB3277:         C:\Users\ultra\warewolf\Dev\Binaries\Infragistcs_Net6\InfragisticsWPF4.v15.1.dll [C:\Users\ultra\warewolf\Dev\Warewolf.Studio.CustomControls\Warewolf.Studio.CustomControls.csproj]
C:\Program Files\dotnet\sdk\10.0.201\Microsoft.Common.CurrentVersion.targets(2451,5): warning MSB3277:           Project file item includes which caused reference "C:\Users\ultra\warewolf\Dev\Binaries\Infragistcs_Net6\InfragisticsWPF4.v15.1.dll". [C:\Users\ultra\warewolf\Dev\Warewolf.Studio.CustomControls\Warewolf.Studio.CustomControls.csproj]
C:\Program Files\dotnet\sdk\10.0.201\Microsoft.Common.CurrentVersion.targets(2451,5): warning MSB3277:             InfragisticsWPF4.v15.1, Version=15.1.20151.2055, Culture=neutral, processorArchitecture=MSIL [C:\Users\ultra\warewolf\Dev\Warewolf.Studio.CustomControls\Warewolf.Studio.CustomControls.csproj]
C:\Program Files\dotnet\sdk\10.0.201\Microsoft.Common.CurrentVersion.targets(2451,5): warning MSB3277:             InfragisticsWPF4.Controls.Grids.XamGrid.v15.1 [C:\Users\ultra\warewolf\Dev\Warewolf.Studio.CustomControls\Warewolf.Studio.CustomControls.csproj]
C:\Program Files\dotnet\sdk\10.0.201\Microsoft.Common.CurrentVersion.targets(2451,5): warning MSB3277:             InfragisticsWPF4.Controls.Menus.XamDataTree.v15.1, Version=15.1.20151.2055, Culture=neutral, PublicKeyToken=7dd5c3163f2cd0cb, processorArchitecture=MSIL [C:\Users\ultra\warewolf\Dev\Warewolf.Studio.CustomControls\Warewolf.Studio.CustomControls.csproj]
C:\Program Files\dotnet\sdk\10.0.201\Microsoft.Common.CurrentVersion.targets(2451,5): warning MSB3277:             InfragisticsWPF4.DataManager.v15.1, Version=15.1.20151.2055, Culture=neutral, processorArchitecture=MSIL [C:\Users\ultra\warewolf\Dev\Warewolf.Studio.CustomControls\Warewolf.Studio.CustomControls.csproj]
C:\Program Files\dotnet\sdk\10.0.201\Microsoft.Common.CurrentVersion.targets(2451,5): warning MSB3277:             InfragisticsWPF4.DataPresenter.v15.1 [C:\Users\ultra\warewolf\Dev\Warewolf.Studio.CustomControls\Warewolf.Studio.CustomControls.csproj]
C:\Program Files\dotnet\sdk\10.0.201\Microsoft.Common.CurrentVersion.targets(2451,5): warning MSB3277:         C:\Users\ultra\.nuget\packages\dotnetzip\1.16.0\lib\netstandard2.0\DotNetZip.dll [C:\Users\ultra\warewolf\Dev\Warewolf.Studio.CustomControls\Warewolf.Studio.CustomControls.csproj]
C:\Program Files\dotnet\sdk\10.0.201\Microsoft.Common.CurrentVersion.targets(2451,5): warning MSB3277:           Project file item includes which caused reference "C:\Users\ultra\.nuget\packages\dotnetzip\1.16.0\lib\netstandard2.0\DotNetZip.dll". [C:\Users\ultra\warewolf\Dev\Warewolf.Studio.CustomControls\Warewolf.Studio.CustomControls.csproj]
C:\Program Files\dotnet\sdk\10.0.201\Microsoft.Common.CurrentVersion.targets(2451,5): warning MSB3277:             C:\Users\ultra\.nuget\packages\dotnetzip\1.16.0\lib\netstandard2.0\DotNetZip.dll [C:\Users\ultra\warewolf\Dev\Warewolf.Studio.CustomControls\Warewolf.Studio.CustomControls.csproj]
C:\Program Files\dotnet\sdk\10.0.201\Microsoft.Common.CurrentVersion.targets(2451,5): warning MSB3277:             C:\Users\ultra\warewolf\Dev\Dev2.Common\bin\Debug\net8.0\Dev2.Common.dll [C:\Users\ultra\warewolf\Dev\Warewolf.Studio.CustomControls\Warewolf.Studio.CustomControls.csproj]
C:\Program Files\dotnet\sdk\10.0.201\Microsoft.Common.CurrentVersion.targets(2451,5): warning MSB3277:             C:\Users\ultra\warewolf\Dev\Dev2.Infrastructure\bin\Debug\net8.0\Dev2.Infrastructure.dll [C:\Users\ultra\warewolf\Dev\Warewolf.Studio.CustomControls\Warewolf.Studio.CustomControls.csproj]
C:\Program Files\dotnet\sdk\10.0.201\Microsoft.Common.CurrentVersion.targets(2451,5): warning MSB3277:             C:\Users\ultra\warewolf\Dev\Dev2.Intellisense\bin\Debug\net8.0\Dev2.Intellisense.dll [C:\Users\ultra\warewolf\Dev\Warewolf.Studio.CustomControls\Warewolf.Studio.CustomControls.csproj]
C:\Program Files\dotnet\sdk\10.0.201\Microsoft.Common.CurrentVersion.targets(2451,5): warning MSB3277:             C:\Users\ultra\warewolf\Dev\Dev2.Studio.Core\bin\Debug\net8.0\Dev2.Studio.Core.dll [C:\Users\ultra\warewolf\Dev\Warewolf.Studio.CustomControls\Warewolf.Studio.CustomControls.csproj]
C:\Program Files\dotnet\sdk\10.0.201\Microsoft.Common.CurrentVersion.targets(2451,5): warning MSB3277:             C:\Users\ultra\warewolf\Dev\Dev2.Studio.Interfaces\bin\Debug\net8.0\Dev2.Studio.Interfaces.dll [C:\Users\ultra\warewolf\Dev\Warewolf.Studio.CustomControls\Warewolf.Studio.CustomControls.csproj]
C:\Program Files\dotnet\sdk\10.0.201\Microsoft.Common.CurrentVersion.targets(2451,5): warning MSB3277:             C:\Users\ultra\warewolf\Dev\Dev2.Activities\bin\Debug\net8.0\Dev2.Activities.dll [C:\Users\ultra\warewolf\Dev\Warewolf.Studio.CustomControls\Warewolf.Studio.CustomControls.csproj]
C:\Program Files\dotnet\sdk\10.0.201\Microsoft.Common.CurrentVersion.targets(2451,5): warning MSB3277:             C:\Users\ultra\warewolf\Dev\Dev2.Core\bin\Debug\net8.0\Dev2.Core.dll [C:\Users\ultra\warewolf\Dev\Warewolf.Studio.CustomControls\Warewolf.Studio.CustomControls.csproj]
C:\Program Files\dotnet\sdk\10.0.201\Microsoft.Common.CurrentVersion.targets(2451,5): warning MSB3277:             C:\Users\ultra\warewolf\Dev\Dev2.Data\bin\Debug\net8.0\Dev2.Data.dll [C:\Users\ultra\warewolf\Dev\Warewolf.Studio.CustomControls\Warewolf.Studio.CustomControls.csproj]
C:\Program Files\dotnet\sdk\10.0.201\Microsoft.Common.CurrentVersion.targets(2451,5): warning MSB3277:             C:\Users\ultra\warewolf\Dev\Dev2.Data.Interfaces\bin\Debug\net8.0\Dev2.Data.Interfaces.dll [C:\Users\ultra\warewolf\Dev\Warewolf.Studio.CustomControls\Warewolf.Studio.CustomControls.csproj]
C:\Program Files\dotnet\sdk\10.0.201\Microsoft.Common.CurrentVersion.targets(2451,5): warning MSB3277:             C:\Users\ultra\warewolf\Dev\Dev2.Development.Languages\bin\Debug\net8.0\Dev2.Development.Languages.dll [C:\Users\ultra\warewolf\Dev\Warewolf.Studio.CustomControls\Warewolf.Studio.CustomControls.csproj]
C:\Program Files\dotnet\sdk\10.0.201\Microsoft.Common.CurrentVersion.targets(2451,5): warning MSB3277:             C:\Users\ultra\warewolf\Dev\Dev2.Diagnostics\bin\Debug\net8.0\Dev2.Diagnostics.dll [C:\Users\ultra\warewolf\Dev\Warewolf.Studio.CustomControls\Warewolf.Studio.CustomControls.csproj]
C:\Program Files\dotnet\sdk\10.0.201\Microsoft.Common.CurrentVersion.targets(2451,5): warning MSB3277:             C:\Users\ultra\warewolf\Dev\Dev2.Runtime.Services\bin\Debug\net8.0\Dev2.Runtime.Services.dll [C:\Users\ultra\warewolf\Dev\Warewolf.Studio.CustomControls\Warewolf.Studio.CustomControls.csproj]
C:\Program Files\dotnet\sdk\10.0.201\Microsoft.Common.CurrentVersion.targets(2451,5): warning MSB3277:             C:\Users\ultra\warewolf\Dev\Dev2.Scheduler\bin\Debug\net8.0\Dev2.Scheduler.dll [C:\Users\ultra\warewolf\Dev\Warewolf.Studio.CustomControls\Warewolf.Studio.CustomControls.csproj]
C:\Program Files\dotnet\sdk\10.0.201\Microsoft.Common.CurrentVersion.targets(2451,5): warning MSB3277:             C:\Users\ultra\warewolf\Dev\Dev2.Services.Execution\bin\Debug\net8.0\Dev2.Services.Execution.dll [C:\Users\ultra\warewolf\Dev\Warewolf.Studio.CustomControls\Warewolf.Studio.CustomControls.csproj]
C:\Program Files\dotnet\sdk\10.0.201\Microsoft.Common.CurrentVersion.targets(2451,5): warning MSB3277:             C:\Users\ultra\warewolf\Dev\Dev2.Services.Sql\bin\Debug\net8.0\Dev2.Services.Sql.dll [C:\Users\ultra\warewolf\Dev\Warewolf.Studio.CustomControls\Warewolf.Studio.CustomControls.csproj]
C:\Program Files\dotnet\sdk\10.0.201\Microsoft.Common.CurrentVersion.targets(2451,5): warning MSB3277:             C:\Users\ultra\warewolf\Dev\Dev2.TaskScheduler.Wrappers\bin\Debug\net8.0\Dev2.TaskScheduler.Wrappers.dll [C:\Users\ultra\warewolf\Dev\Warewolf.Studio.CustomControls\Warewolf.Studio.CustomControls.csproj]
C:\Program Files\dotnet\sdk\10.0.201\Microsoft.Common.CurrentVersion.targets(2451,5): warning MSB3277:             C:\Users\ultra\warewolf\Dev\Dev2.Util\bin\Debug\net8.0\Dev2.Util.dll [C:\Users\ultra\warewolf\Dev\Warewolf.Studio.CustomControls\Warewolf.Studio.CustomControls.csproj]
C:\Program Files\dotnet\sdk\10.0.201\Microsoft.Common.CurrentVersion.targets(2451,5): warning MSB3277:             C:\Users\ultra\warewolf\Dev\Warewolf.AI.Harness\bin\Debug\net8.0\Warewolf.AI.Harness.dll [C:\Users\ultra\warewolf\Dev\Warewolf.Studio.CustomControls\Warewolf.Studio.CustomControls.csproj]
C:\Program Files\dotnet\sdk\10.0.201\Microsoft.Common.CurrentVersion.targets(2451,5): warning MSB3277:             C:\Users\ultra\warewolf\Dev\Warewolf.Auditing\bin\Debug\net8.0\Warewolf.Auditing.dll [C:\Users\ultra\warewolf\Dev\Warewolf.Studio.CustomControls\Warewolf.Studio.CustomControls.csproj]
C:\Program Files\dotnet\sdk\10.0.201\Microsoft.Common.CurrentVersion.targets(2451,5): warning MSB3277:             C:\Users\ultra\warewolf\Dev\Warewolf.Common.NetStandard20\bin\Debug\net8.0\Warewolf.Common.NetStandard20.dll [C:\Users\ultra\warewolf\Dev\Warewolf.Studio.CustomControls\Warewolf.Studio.CustomControls.csproj]
C:\Program Files\dotnet\sdk\10.0.201\Microsoft.Common.CurrentVersion.targets(2451,5): warning MSB3277:             C:\Users\ultra\warewolf\Dev\Warewolf.Core\bin\Debug\net8.0\Warewolf.Core.dll [C:\Users\ultra\warewolf\Dev\Warewolf.Studio.CustomControls\Warewolf.Studio.CustomControls.csproj]
C:\Program Files\dotnet\sdk\10.0.201\Microsoft.Common.CurrentVersion.targets(2451,5): warning MSB3277:             C:\Users\ultra\warewolf\Dev\Warewolf.Driver.Persistence\bin\Debug\net8.0\Warewolf.Driver.Persistence.dll [C:\Users\ultra\warewolf\Dev\Warewolf.Studio.CustomControls\Warewolf.Studio.CustomControls.csproj]
C:\Program Files\dotnet\sdk\10.0.201\Microsoft.Common.CurrentVersion.targets(2451,5): warning MSB3277:             C:\Users\ultra\warewolf\Dev\Warewolf.Driver.Serilog\bin\Debug\net8.0\Warewolf.Driver.Serilog.dll [C:\Users\ultra\warewolf\Dev\Warewolf.Studio.CustomControls\Warewolf.Studio.CustomControls.csproj]
C:\Program Files\dotnet\sdk\10.0.201\Microsoft.Common.CurrentVersion.targets(2451,5): warning MSB3277:             C:\Users\ultra\warewolf\Dev\Warewolf.Exchange.Email.Wrapper\bin\Debug\net8.0\Warewolf.Exchange.Email.Wrapper.dll [C:\Users\ultra\warewolf\Dev\Warewolf.Studio.CustomControls\Warewolf.Studio.CustomControls.csproj]
C:\Program Files\dotnet\sdk\10.0.201\Microsoft.Common.CurrentVersion.targets(2451,5): warning MSB3277:             C:\Users\ultra\warewolf\Dev\Warewolf.ResourceManagement\bin\Debug\net8.0\Warewolf.ResourceManagement.dll [C:\Users\ultra\warewolf\Dev\Warewolf.Studio.CustomControls\Warewolf.Studio.CustomControls.csproj]
C:\Program Files\dotnet\sdk\10.0.201\Microsoft.Common.CurrentVersion.targets(2451,5): warning MSB3277:             C:\Users\ultra\warewolf\Dev\Warewolf.Sharepoint\bin\Debug\net8.0\Warewolf.Sharepoint.dll [C:\Users\ultra\warewolf\Dev\Warewolf.Studio.CustomControls\Warewolf.Studio.CustomControls.csproj]
C:\Program Files\dotnet\sdk\10.0.201\Microsoft.Common.CurrentVersion.targets(2451,5): warning MSB3277:             C:\Users\ultra\warewolf\Dev\Warewolf.Storage\bin\Debug\net8.0\Warewolf.Storage.dll [C:\Users\ultra\warewolf\Dev\Warewolf.Studio.CustomControls\Warewolf.Studio.CustomControls.csproj]
C:\Program Files\dotnet\sdk\10.0.201\Microsoft.Common.CurrentVersion.targets(2451,5): warning MSB3277:             C:\Users\ultra\warewolf\Dev\Warewolf.Studio.Core\bin\Debug\net8.0\Warewolf.Studio.Core.dll [C:\Users\ultra\warewolf\Dev\Warewolf.Studio.CustomControls\Warewolf.Studio.CustomControls.csproj]
C:\Program Files\dotnet\sdk\10.0.201\Microsoft.Common.CurrentVersion.targets(2451,5): warning MSB3277:         C:\Users\ultra\.nuget\packages\mindbox.data.linq\5.0.0\lib\netstandard2.0\Mindbox.Data.Linq.dll [C:\Users\ultra\warewolf\Dev\Warewolf.Studio.CustomControls\Warewolf.Studio.CustomControls.csproj]
C:\Program Files\dotnet\sdk\10.0.201\Microsoft.Common.CurrentVersion.targets(2451,5): warning MSB3277:           Project file item includes which caused reference "C:\Users\ultra\.nuget\packages\mindbox.data.linq\5.0.0\lib\netstandard2.0\Mindbox.Data.Linq.dll". [C:\Users\ultra\warewolf\Dev\Warewolf.Studio.CustomControls\Warewolf.Studio.CustomControls.csproj]
C:\Program Files\dotnet\sdk\10.0.201\Microsoft.Common.CurrentVersion.targets(2451,5): warning MSB3277:             C:\Users\ultra\.nuget\packages\mindbox.data.linq\5.0.0\lib\netstandard2.0\Mindbox.Data.Linq.dll [C:\Users\ultra\warewolf\Dev\Warewolf.Studio.CustomControls\Warewolf.Studio.CustomControls.csproj]
C:\Program Files\dotnet\sdk\10.0.201\Microsoft.Common.CurrentVersion.targets(2451,5): warning MSB3277:             C:\Users\ultra\warewolf\Dev\Warewolf.Auditing\bin\Debug\net8.0\Warewolf.Auditing.dll [C:\Users\ultra\warewolf\Dev\Warewolf.Studio.CustomControls\Warewolf.Studio.CustomControls.csproj]
C:\Program Files\dotnet\sdk\10.0.201\Microsoft.Common.CurrentVersion.targets(2451,5): warning MSB3277:             C:\Users\ultra\warewolf\Dev\Dev2.Activities\bin\Debug\net8.0\Dev2.Activities.dll [C:\Users\ultra\warewolf\Dev\Warewolf.Studio.CustomControls\Warewolf.Studio.CustomControls.csproj]
C:\Program Files\dotnet\sdk\10.0.201\Microsoft.Common.CurrentVersion.targets(2451,5): warning MSB3277:             C:\Users\ultra\warewolf\Dev\Dev2.Studio.Core\bin\Debug\net8.0\Dev2.Studio.Core.dll [C:\Users\ultra\warewolf\Dev\Warewolf.Studio.CustomControls\Warewolf.Studio.CustomControls.csproj]
C:\Program Files\dotnet\sdk\10.0.201\Microsoft.Common.CurrentVersion.targets(2451,5): warning MSB3277:             C:\Users\ultra\warewolf\Dev\Dev2.Intellisense\bin\Debug\net8.0\Dev2.Intellisense.dll [C:\Users\ultra\warewolf\Dev\Warewolf.Studio.CustomControls\Warewolf.Studio.CustomControls.csproj]
C:\Program Files\dotnet\sdk\10.0.201\Microsoft.Common.CurrentVersion.targets(2451,5): warning MSB3277:             C:\Users\ultra\warewolf\Dev\Dev2.Runtime.Services\bin\Debug\net8.0\Dev2.Runtime.Services.dll [C:\Users\ultra\warewolf\Dev\Warewolf.Studio.CustomControls\Warewolf.Studio.CustomControls.csproj]
C:\Program Files\dotnet\sdk\10.0.201\Microsoft.Common.CurrentVersion.targets(2451,5): warning MSB3277:             C:\Users\ultra\warewolf\Dev\Dev2.Studio.Interfaces\bin\Debug\net8.0\Dev2.Studio.Interfaces.dll [C:\Users\ultra\warewolf\Dev\Warewolf.Studio.CustomControls\Warewolf.Studio.CustomControls.csproj]
C:\Program Files\dotnet\sdk\10.0.201\Microsoft.Common.CurrentVersion.targets(2451,5): warning MSB3277:             C:\Users\ultra\warewolf\Dev\Dev2.Services.Execution\bin\Debug\net8.0\Dev2.Services.Execution.dll [C:\Users\ultra\warewolf\Dev\Warewolf.Studio.CustomControls\Warewolf.Studio.CustomControls.csproj]
C:\Program Files\dotnet\sdk\10.0.201\Microsoft.Common.CurrentVersion.targets(2451,5): warning MSB3277:             C:\Users\ultra\warewolf\Dev\Warewolf.Common.NetStandard20\bin\Debug\net8.0\Warewolf.Common.NetStandard20.dll [C:\Users\ultra\warewolf\Dev\Warewolf.Studio.CustomControls\Warewolf.Studio.CustomControls.csproj]
C:\Program Files\dotnet\sdk\10.0.201\Microsoft.Common.CurrentVersion.targets(2451,5): warning MSB3277:             C:\Users\ultra\warewolf\Dev\Warewolf.Driver.Persistence\bin\Debug\net8.0\Warewolf.Driver.Persistence.dll [C:\Users\ultra\warewolf\Dev\Warewolf.Studio.CustomControls\Warewolf.Studio.CustomControls.csproj]
C:\Program Files\dotnet\sdk\10.0.201\Microsoft.Common.CurrentVersion.targets(2451,5): warning MSB3277:             C:\Users\ultra\warewolf\Dev\Warewolf.Studio.Core\bin\Debug\net8.0\Warewolf.Studio.Core.dll [C:\Users\ultra\warewolf\Dev\Warewolf.Studio.CustomControls\Warewolf.Studio.CustomControls.csproj]
C:\Program Files\dotnet\sdk\10.0.201\Microsoft.Common.CurrentVersion.targets(2451,5): warning MSB3277:         C:\Users\ultra\.nuget\packages\mysql.data\8.4.0\lib\net8.0\MySql.Data.dll [C:\Users\ultra\warewolf\Dev\Warewolf.Studio.CustomControls\Warewolf.Studio.CustomControls.csproj]
C:\Program Files\dotnet\sdk\10.0.201\Microsoft.Common.CurrentVersion.targets(2451,5): warning MSB3277:           Project file item includes which caused reference "C:\Users\ultra\.nuget\packages\mysql.data\8.4.0\lib\net8.0\MySql.Data.dll". [C:\Users\ultra\warewolf\Dev\Warewolf.Studio.CustomControls\Warewolf.Studio.CustomControls.csproj]
C:\Program Files\dotnet\sdk\10.0.201\Microsoft.Common.CurrentVersion.targets(2451,5): warning MSB3277:             C:\Users\ultra\.nuget\packages\mysql.data\8.4.0\lib\net8.0\MySql.Data.dll [C:\Users\ultra\warewolf\Dev\Warewolf.Studio.CustomControls\Warewolf.Studio.CustomControls.csproj]
C:\Program Files\dotnet\sdk\10.0.201\Microsoft.Common.CurrentVersion.targets(2451,5): warning MSB3277:             C:\Users\ultra\warewolf\Dev\Dev2.Activities\bin\Debug\net8.0\Dev2.Activities.dll [C:\Users\ultra\warewolf\Dev\Warewolf.Studio.CustomControls\Warewolf.Studio.CustomControls.csproj]
C:\Program Files\dotnet\sdk\10.0.201\Microsoft.Common.CurrentVersion.targets(2451,5): warning MSB3277:             C:\Users\ultra\warewolf\Dev\Dev2.Studio.Core\bin\Debug\net8.0\Dev2.Studio.Core.dll [C:\Users\ultra\warewolf\Dev\Warewolf.Studio.CustomControls\Warewolf.Studio.CustomControls.csproj]
C:\Program Files\dotnet\sdk\10.0.201\Microsoft.Common.CurrentVersion.targets(2451,5): warning MSB3277:             C:\Users\ultra\warewolf\Dev\Dev2.Intellisense\bin\Debug\net8.0\Dev2.Intellisense.dll [C:\Users\ultra\warewolf\Dev\Warewolf.Studio.CustomControls\Warewolf.Studio.CustomControls.csproj]
C:\Program Files\dotnet\sdk\10.0.201\Microsoft.Common.CurrentVersion.targets(2451,5): warning MSB3277:             C:\Users\ultra\warewolf\Dev\Dev2.Runtime.Services\bin\Debug\net8.0\Dev2.Runtime.Services.dll [C:\Users\ultra\warewolf\Dev\Warewolf.Studio.CustomControls\Warewolf.Studio.CustomControls.csproj]
C:\Program Files\dotnet\sdk\10.0.201\Microsoft.Common.CurrentVersion.targets(2451,5): warning MSB3277:             C:\Users\ultra\warewolf\Dev\Dev2.Studio.Interfaces\bin\Debug\net8.0\Dev2.Studio.Interfaces.dll [C:\Users\ultra\warewolf\Dev\Warewolf.Studio.CustomControls\Warewolf.Studio.CustomControls.csproj]
C:\Program Files\dotnet\sdk\10.0.201\Microsoft.Common.CurrentVersion.targets(2451,5): warning MSB3277:             C:\Users\ultra\warewolf\Dev\Dev2.Services.Execution\bin\Debug\net8.0\Dev2.Services.Execution.dll [C:\Users\ultra\warewolf\Dev\Warewolf.Studio.CustomControls\Warewolf.Studio.CustomControls.csproj]
C:\Program Files\dotnet\sdk\10.0.201\Microsoft.Common.CurrentVersion.targets(2451,5): warning MSB3277:             C:\Users\ultra\warewolf\Dev\Dev2.Services.Sql\bin\Debug\net8.0\Dev2.Services.Sql.dll [C:\Users\ultra\warewolf\Dev\Warewolf.Studio.CustomControls\Warewolf.Studio.CustomControls.csproj]
C:\Program Files\dotnet\sdk\10.0.201\Microsoft.Common.CurrentVersion.targets(2451,5): warning MSB3277:             C:\Users\ultra\warewolf\Dev\Warewolf.Driver.Persistence\bin\Debug\net8.0\Warewolf.Driver.Persistence.dll [C:\Users\ultra\warewolf\Dev\Warewolf.Studio.CustomControls\Warewolf.Studio.CustomControls.csproj]
C:\Program Files\dotnet\sdk\10.0.201\Microsoft.Common.CurrentVersion.targets(2451,5): warning MSB3277:             C:\Users\ultra\warewolf\Dev\Warewolf.Studio.Core\bin\Debug\net8.0\Warewolf.Studio.Core.dll [C:\Users\ultra\warewolf\Dev\Warewolf.Studio.CustomControls\Warewolf.Studio.CustomControls.csproj]
C:\Program Files\dotnet\sdk\10.0.201\Microsoft.Common.CurrentVersion.targets(2451,5): warning MSB3277:         C:\Users\ultra\.nuget\packages\oracle.manageddataaccess.core\3.21.70\lib\netstandard2.1\Oracle.ManagedDataAccess.dll [C:\Users\ultra\warewolf\Dev\Warewolf.Studio.CustomControls\Warewolf.Studio.CustomControls.csproj]
C:\Program Files\dotnet\sdk\10.0.201\Microsoft.Common.CurrentVersion.targets(2451,5): warning MSB3277:           Project file item includes which caused reference "C:\Users\ultra\.nuget\packages\oracle.manageddataaccess.core\3.21.70\lib\netstandard2.1\Oracle.ManagedDataAccess.dll". [C:\Users\ultra\warewolf\Dev\Warewolf.Studio.CustomControls\Warewolf.Studio.CustomControls.csproj]
C:\Program Files\dotnet\sdk\10.0.201\Microsoft.Common.CurrentVersion.targets(2451,5): warning MSB3277:             C:\Users\ultra\.nuget\packages\oracle.manageddataaccess.core\3.21.70\lib\netstandard2.1\Oracle.ManagedDataAccess.dll [C:\Users\ultra\warewolf\Dev\Warewolf.Studio.CustomControls\Warewolf.Studio.CustomControls.csproj]
C:\Program Files\dotnet\sdk\10.0.201\Microsoft.Common.CurrentVersion.targets(2451,5): warning MSB3277:             C:\Users\ultra\warewolf\Dev\Dev2.Runtime.Services\bin\Debug\net8.0\Dev2.Runtime.Services.dll [C:\Users\ultra\warewolf\Dev\Warewolf.Studio.CustomControls\Warewolf.Studio.CustomControls.csproj]
C:\Program Files\dotnet\sdk\10.0.201\Microsoft.Common.CurrentVersion.targets(2451,5): warning MSB3277:             C:\Users\ultra\warewolf\Dev\Dev2.Studio.Core\bin\Debug\net8.0\Dev2.Studio.Core.dll [C:\Users\ultra\warewolf\Dev\Warewolf.Studio.CustomControls\Warewolf.Studio.CustomControls.csproj]
C:\Program Files\dotnet\sdk\10.0.201\Microsoft.Common.CurrentVersion.targets(2451,5): warning MSB3277:             C:\Users\ultra\warewolf\Dev\Dev2.Intellisense\bin\Debug\net8.0\Dev2.Intellisense.dll [C:\Users\ultra\warewolf\Dev\Warewolf.Studio.CustomControls\Warewolf.Studio.CustomControls.csproj]
C:\Program Files\dotnet\sdk\10.0.201\Microsoft.Common.CurrentVersion.targets(2451,5): warning MSB3277:             C:\Users\ultra\warewolf\Dev\Dev2.Studio.Interfaces\bin\Debug\net8.0\Dev2.Studio.Interfaces.dll [C:\Users\ultra\warewolf\Dev\Warewolf.Studio.CustomControls\Warewolf.Studio.CustomControls.csproj]
C:\Program Files\dotnet\sdk\10.0.201\Microsoft.Common.CurrentVersion.targets(2451,5): warning MSB3277:             C:\Users\ultra\warewolf\Dev\Dev2.Activities\bin\Debug\net8.0\Dev2.Activities.dll [C:\Users\ultra\warewolf\Dev\Warewolf.Studio.CustomControls\Warewolf.Studio.CustomControls.csproj]
C:\Program Files\dotnet\sdk\10.0.201\Microsoft.Common.CurrentVersion.targets(2451,5): warning MSB3277:             C:\Users\ultra\warewolf\Dev\Dev2.Services.Execution\bin\Debug\net8.0\Dev2.Services.Execution.dll [C:\Users\ultra\warewolf\Dev\Warewolf.Studio.CustomControls\Warewolf.Studio.CustomControls.csproj]
C:\Program Files\dotnet\sdk\10.0.201\Microsoft.Common.CurrentVersion.targets(2451,5): warning MSB3277:             C:\Users\ultra\warewolf\Dev\Dev2.Services.Sql\bin\Debug\net8.0\Dev2.Services.Sql.dll [C:\Users\ultra\warewolf\Dev\Warewolf.Studio.CustomControls\Warewolf.Studio.CustomControls.csproj]
C:\Program Files\dotnet\sdk\10.0.201\Microsoft.Common.CurrentVersion.targets(2451,5): warning MSB3277:             C:\Users\ultra\warewolf\Dev\Warewolf.Driver.Persistence\bin\Debug\net8.0\Warewolf.Driver.Persistence.dll [C:\Users\ultra\warewolf\Dev\Warewolf.Studio.CustomControls\Warewolf.Studio.CustomControls.csproj]
C:\Program Files\dotnet\sdk\10.0.201\Microsoft.Common.CurrentVersion.targets(2451,5): warning MSB3277:             C:\Users\ultra\warewolf\Dev\Warewolf.Studio.Core\bin\Debug\net8.0\Warewolf.Studio.Core.dll [C:\Users\ultra\warewolf\Dev\Warewolf.Studio.CustomControls\Warewolf.Studio.CustomControls.csproj]
C:\Program Files\dotnet\sdk\10.0.201\Microsoft.Common.CurrentVersion.targets(2451,5): warning MSB3277:         C:\Users\ultra\.nuget\packages\system.directoryservices\6.0.0\lib\net6.0\System.DirectoryServices.dll [C:\Users\ultra\warewolf\Dev\Warewolf.Studio.CustomControls\Warewolf.Studio.CustomControls.csproj]
C:\Program Files\dotnet\sdk\10.0.201\Microsoft.Common.CurrentVersion.targets(2451,5): warning MSB3277:           Project file item includes which caused reference "C:\Users\ultra\.nuget\packages\system.directoryservices\6.0.0\lib\net6.0\System.DirectoryServices.dll". [C:\Users\ultra\warewolf\Dev\Warewolf.Studio.CustomControls\Warewolf.Studio.CustomControls.csproj]
C:\Program Files\dotnet\sdk\10.0.201\Microsoft.Common.CurrentVersion.targets(2451,5): warning MSB3277:             C:\Users\ultra\.nuget\packages\system.directoryservices\6.0.0\lib\net6.0\System.DirectoryServices.dll [C:\Users\ultra\warewolf\Dev\Warewolf.Studio.CustomControls\Warewolf.Studio.CustomControls.csproj]
C:\Program Files\dotnet\sdk\10.0.201\Microsoft.Common.CurrentVersion.targets(2451,5): warning MSB3277:             C:\Users\ultra\.nuget\packages\corewcf.primitives\1.2.1\lib\netstandard2.0\CoreWCF.Primitives.dll [C:\Users\ultra\warewolf\Dev\Warewolf.Studio.CustomControls\Warewolf.Studio.CustomControls.csproj]
C:\Program Files\dotnet\sdk\10.0.201\Microsoft.Common.CurrentVersion.targets(2451,5): warning MSB3277:             C:\Users\ultra\warewolf\Dev\Dev2.Runtime.Services\bin\Debug\net8.0\Dev2.Runtime.Services.dll [C:\Users\ultra\warewolf\Dev\Warewolf.Studio.CustomControls\Warewolf.Studio.CustomControls.csproj]
C:\Program Files\dotnet\sdk\10.0.201\Microsoft.Common.CurrentVersion.targets(2451,5): warning MSB3277:             C:\Users\ultra\warewolf\Dev\Dev2.Studio.Core\bin\Debug\net8.0\Dev2.Studio.Core.dll [C:\Users\ultra\warewolf\Dev\Warewolf.Studio.CustomControls\Warewolf.Studio.CustomControls.csproj]
C:\Program Files\dotnet\sdk\10.0.201\Microsoft.Common.CurrentVersion.targets(2451,5): warning MSB3277:             C:\Users\ultra\warewolf\Dev\Dev2.Intellisense\bin\Debug\net8.0\Dev2.Intellisense.dll [C:\Users\ultra\warewolf\Dev\Warewolf.Studio.CustomControls\Warewolf.Studio.CustomControls.csproj]
C:\Program Files\dotnet\sdk\10.0.201\Microsoft.Common.CurrentVersion.targets(2451,5): warning MSB3277:             C:\Users\ultra\warewolf\Dev\Dev2.Studio.Interfaces\bin\Debug\net8.0\Dev2.Studio.Interfaces.dll [C:\Users\ultra\warewolf\Dev\Warewolf.Studio.CustomControls\Warewolf.Studio.CustomControls.csproj]
C:\Program Files\dotnet\sdk\10.0.201\Microsoft.Common.CurrentVersion.targets(2451,5): warning MSB3277:             C:\Users\ultra\warewolf\Dev\Dev2.Activities\bin\Debug\net8.0\Dev2.Activities.dll [C:\Users\ultra\warewolf\Dev\Warewolf.Studio.CustomControls\Warewolf.Studio.CustomControls.csproj]
C:\Program Files\dotnet\sdk\10.0.201\Microsoft.Common.CurrentVersion.targets(2451,5): warning MSB3277:             C:\Users\ultra\warewolf\Dev\Dev2.Services.Execution\bin\Debug\net8.0\Dev2.Services.Execution.dll [C:\Users\ultra\warewolf\Dev\Warewolf.Studio.CustomControls\Warewolf.Studio.CustomControls.csproj]
C:\Program Files\dotnet\sdk\10.0.201\Microsoft.Common.CurrentVersion.targets(2451,5): warning MSB3277:             C:\Users\ultra\warewolf\Dev\Warewolf.Driver.Persistence\bin\Debug\net8.0\Warewolf.Driver.Persistence.dll [C:\Users\ultra\warewolf\Dev\Warewolf.Studio.CustomControls\Warewolf.Studio.CustomControls.csproj]
C:\Program Files\dotnet\sdk\10.0.201\Microsoft.Common.CurrentVersion.targets(2451,5): warning MSB3277:             C:\Users\ultra\warewolf\Dev\Warewolf.Studio.Core\bin\Debug\net8.0\Warewolf.Studio.Core.dll [C:\Users\ultra\warewolf\Dev\Warewolf.Studio.CustomControls\Warewolf.Studio.CustomControls.csproj]
C:\Program Files\dotnet\sdk\10.0.201\Microsoft.Common.CurrentVersion.targets(2451,5): warning MSB3277:             C:\Users\ultra\.nuget\packages\corewcf.http\1.2.1\lib\netstandard2.0\CoreWCF.Http.dll [C:\Users\ultra\warewolf\Dev\Warewolf.Studio.CustomControls\Warewolf.Studio.CustomControls.csproj]
C:\Program Files\dotnet\sdk\10.0.201\Microsoft.Common.CurrentVersion.targets(2451,5): warning MSB3277:             C:\Users\ultra\.nuget\packages\corewcf.nettcp\1.2.1\lib\netstandard2.0\CoreWCF.NetTcp.dll [C:\Users\ultra\warewolf\Dev\Warewolf.Studio.CustomControls\Warewolf.Studio.CustomControls.csproj]
C:\Program Files\dotnet\sdk\10.0.201\Microsoft.Common.CurrentVersion.targets(2451,5): warning MSB3277:             C:\Users\ultra\.nuget\packages\corewcf.webhttp\1.2.1\lib\netstandard2.0\CoreWCF.WebHttp.dll [C:\Users\ultra\warewolf\Dev\Warewolf.Studio.CustomControls\Warewolf.Studio.CustomControls.csproj]
C:\Program Files\dotnet\sdk\10.0.201\Microsoft.Common.CurrentVersion.targets(2451,5): warning MSB3277:         C:\Program Files\dotnet\packs\Microsoft.NETCore.App.Ref\8.0.25\ref\net8.0\System.Configuration.dll [C:\Users\ultra\warewolf\Dev\Warewolf.Studio.CustomControls\Warewolf.Studio.CustomControls.csproj]
C:\Program Files\dotnet\sdk\10.0.201\Microsoft.Common.CurrentVersion.targets(2451,5): warning MSB3277:           Project file item includes which caused reference "C:\Program Files\dotnet\packs\Microsoft.NETCore.App.Ref\8.0.25\ref\net8.0\System.Configuration.dll". [C:\Users\ultra\warewolf\Dev\Warewolf.Studio.CustomControls\Warewolf.Studio.CustomControls.csproj]
C:\Program Files\dotnet\sdk\10.0.201\Microsoft.Common.CurrentVersion.targets(2451,5): warning MSB3277:             C:\Program Files\dotnet\packs\Microsoft.NETCore.App.Ref\8.0.25\ref/net8.0/System.Configuration.dll [C:\Users\ultra\warewolf\Dev\Warewolf.Studio.CustomControls\Warewolf.Studio.CustomControls.csproj]
C:\Program Files\dotnet\sdk\10.0.201\Microsoft.Common.CurrentVersion.targets(2451,5): warning MSB3277:             C:\Users\ultra\.nuget\packages\prism.wpf\9.0.537\lib\net462\Prism.Wpf.dll [C:\Users\ultra\warewolf\Dev\Warewolf.Studio.CustomControls\Warewolf.Studio.CustomControls.csproj]
C:\Program Files\dotnet\sdk\10.0.201\Microsoft.Common.CurrentVersion.targets(2451,5): warning MSB3277:         C:\Program Files\dotnet\packs\Microsoft.NETCore.App.Ref\8.0.25\ref\net8.0\System.Data.dll [C:\Users\ultra\warewolf\Dev\Warewolf.Studio.CustomControls\Warewolf.Studio.CustomControls.csproj]
C:\Program Files\dotnet\sdk\10.0.201\Microsoft.Common.CurrentVersion.targets(2451,5): warning MSB3277:           Project file item includes which caused reference "C:\Program Files\dotnet\packs\Microsoft.NETCore.App.Ref\8.0.25\ref\net8.0\System.Data.dll". [C:\Users\ultra\warewolf\Dev\Warewolf.Studio.CustomControls\Warewolf.Studio.CustomControls.csproj]
C:\Program Files\dotnet\sdk\10.0.201\Microsoft.Common.CurrentVersion.targets(2451,5): warning MSB3277:             C:\Program Files\dotnet\packs\Microsoft.NETCore.App.Ref\8.0.25\ref/net8.0/System.Data.dll [C:\Users\ultra\warewolf\Dev\Warewolf.Studio.CustomControls\Warewolf.Studio.CustomControls.csproj]
C:\Program Files\dotnet\sdk\10.0.201\Microsoft.Common.CurrentVersion.targets(2451,5): warning MSB3277:             C:\Users\ultra\.nuget\packages\taskschedulereditor\2.10.1\lib\net452\Microsoft.Win32.TaskSchedulerEditor.dll [C:\Users\ultra\warewolf\Dev\Warewolf.Studio.CustomControls\Warewolf.Studio.CustomControls.csproj]
C:\Program Files\dotnet\sdk\10.0.201\Microsoft.Common.CurrentVersion.targets(2451,5): warning MSB3277:         C:\Program Files\dotnet\packs\Microsoft.NETCore.App.Ref\8.0.25\ref\net8.0\System.Drawing.dll [C:\Users\ultra\warewolf\Dev\Warewolf.Studio.CustomControls\Warewolf.Studio.CustomControls.csproj]
C:\Program Files\dotnet\sdk\10.0.201\Microsoft.Common.CurrentVersion.targets(2451,5): warning MSB3277:           Project file item includes which caused reference "C:\Program Files\dotnet\packs\Microsoft.NETCore.App.Ref\8.0.25\ref\net8.0\System.Drawing.dll". [C:\Users\ultra\warewolf\Dev\Warewolf.Studio.CustomControls\Warewolf.Studio.CustomControls.csproj]
C:\Program Files\dotnet\sdk\10.0.201\Microsoft.Common.CurrentVersion.targets(2451,5): warning MSB3277:             C:\Program Files\dotnet\packs\Microsoft.NETCore.App.Ref\8.0.25\ref/net8.0/System.Drawing.dll [C:\Users\ultra\warewolf\Dev\Warewolf.Studio.CustomControls\Warewolf.Studio.CustomControls.csproj]
C:\Program Files\dotnet\sdk\10.0.201\Microsoft.Common.CurrentVersion.targets(2451,5): warning MSB3277:             C:\Users\ultra\.nuget\packages\aerowizard\2.3.1\lib\net45\AeroWizard.dll [C:\Users\ultra\warewolf\Dev\Warewolf.Studio.CustomControls\Warewolf.Studio.CustomControls.csproj]
C:\Program Files\dotnet\sdk\10.0.201\Microsoft.Common.CurrentVersion.targets(2451,5): warning MSB3277:             C:\Users\ultra\.nuget\packages\groupcontrols\1.9.0\lib\net45\GroupControls.dll [C:\Users\ultra\warewolf\Dev\Warewolf.Studio.CustomControls\Warewolf.Studio.CustomControls.csproj]
C:\Program Files\dotnet\sdk\10.0.201\Microsoft.Common.CurrentVersion.targets(2451,5): warning MSB3277:             C:\Users\ultra\.nuget\packages\taskschedulereditor\2.10.1\lib\net452\Microsoft.Win32.TaskSchedulerEditor.dll [C:\Users\ultra\warewolf\Dev\Warewolf.Studio.CustomControls\Warewolf.Studio.CustomControls.csproj]
C:\Program Files\dotnet\sdk\10.0.201\Microsoft.Common.CurrentVersion.targets(2451,5): warning MSB3277:         C:\Program Files\dotnet\packs\Microsoft.NETCore.App.Ref\8.0.25\ref\net8.0\System.Net.dll [C:\Users\ultra\warewolf\Dev\Warewolf.Studio.CustomControls\Warewolf.Studio.CustomControls.csproj]
C:\Program Files\dotnet\sdk\10.0.201\Microsoft.Common.CurrentVersion.targets(2451,5): warning MSB3277:           Project file item includes which caused reference "C:\Program Files\dotnet\packs\Microsoft.NETCore.App.Ref\8.0.25\ref\net8.0\System.Net.dll". [C:\Users\ultra\warewolf\Dev\Warewolf.Studio.CustomControls\Warewolf.Studio.CustomControls.csproj]
C:\Program Files\dotnet\sdk\10.0.201\Microsoft.Common.CurrentVersion.targets(2451,5): warning MSB3277:             C:\Program Files\dotnet\packs\Microsoft.NETCore.App.Ref\8.0.25\ref/net8.0/System.Net.dll [C:\Users\ultra\warewolf\Dev\Warewolf.Studio.CustomControls\Warewolf.Studio.CustomControls.csproj]
C:\Program Files\dotnet\sdk\10.0.201\Microsoft.Common.CurrentVersion.targets(2451,5): warning MSB3277:         C:\Program Files\dotnet\packs\Microsoft.NETCore.App.Ref\8.0.25\ref\net8.0\System.Security.dll [C:\Users\ultra\warewolf\Dev\Warewolf.Studio.CustomControls\Warewolf.Studio.CustomControls.csproj]
C:\Program Files\dotnet\sdk\10.0.201\Microsoft.Common.CurrentVersion.targets(2451,5): warning MSB3277:           Project file item includes which caused reference "C:\Program Files\dotnet\packs\Microsoft.NETCore.App.Ref\8.0.25\ref\net8.0\System.Security.dll". [C:\Users\ultra\warewolf\Dev\Warewolf.Studio.CustomControls\Warewolf.Studio.CustomControls.csproj]
C:\Program Files\dotnet\sdk\10.0.201\Microsoft.Common.CurrentVersion.targets(2451,5): warning MSB3277:             C:\Program Files\dotnet\packs\Microsoft.NETCore.App.Ref\8.0.25\ref/net8.0/System.Security.dll [C:\Users\ultra\warewolf\Dev\Warewolf.Studio.CustomControls\Warewolf.Studio.CustomControls.csproj]
C:\Program Files\dotnet\sdk\10.0.201\Microsoft.Common.CurrentVersion.targets(2451,5): warning MSB3277:         C:\Program Files\dotnet\packs\Microsoft.NETCore.App.Ref\8.0.25\ref\net8.0\System.ServiceProcess.dll [C:\Users\ultra\warewolf\Dev\Warewolf.Studio.CustomControls\Warewolf.Studio.CustomControls.csproj]
C:\Program Files\dotnet\sdk\10.0.201\Microsoft.Common.CurrentVersion.targets(2451,5): warning MSB3277:           Project file item includes which caused reference "C:\Program Files\dotnet\packs\Microsoft.NETCore.App.Ref\8.0.25\ref\net8.0\System.ServiceProcess.dll". [C:\Users\ultra\warewolf\Dev\Warewolf.Studio.CustomControls\Warewolf.Studio.CustomControls.csproj]
C:\Program Files\dotnet\sdk\10.0.201\Microsoft.Common.CurrentVersion.targets(2451,5): warning MSB3277:             C:\Program Files\dotnet\packs\Microsoft.NETCore.App.Ref\8.0.25\ref/net8.0/System.ServiceProcess.dll [C:\Users\ultra\warewolf\Dev\Warewolf.Studio.CustomControls\Warewolf.Studio.CustomControls.csproj]
C:\Program Files\dotnet\sdk\10.0.201\Microsoft.Common.CurrentVersion.targets(2451,5): warning MSB3277:         C:\Program Files\dotnet\packs\Microsoft.NETCore.App.Ref\8.0.25\ref\net8.0\System.Transactions.dll [C:\Users\ultra\warewolf\Dev\Warewolf.Studio.CustomControls\Warewolf.Studio.CustomControls.csproj]
C:\Program Files\dotnet\sdk\10.0.201\Microsoft.Common.CurrentVersion.targets(2451,5): warning MSB3277:           Project file item includes which caused reference "C:\Program Files\dotnet\packs\Microsoft.NETCore.App.Ref\8.0.25\ref\net8.0\System.Transactions.dll". [C:\Users\ultra\warewolf\Dev\Warewolf.Studio.CustomControls\Warewolf.Studio.CustomControls.csproj]
C:\Program Files\dotnet\sdk\10.0.201\Microsoft.Common.CurrentVersion.targets(2451,5): warning MSB3277:             C:\Program Files\dotnet\packs\Microsoft.NETCore.App.Ref\8.0.25\ref/net8.0/System.Transactions.dll [C:\Users\ultra\warewolf\Dev\Warewolf.Studio.CustomControls\Warewolf.Studio.CustomControls.csproj]
C:\Program Files\dotnet\sdk\10.0.201\Microsoft.Common.CurrentVersion.targets(2451,5): warning MSB3277:         C:\Program Files\dotnet\packs\Microsoft.NETCore.App.Ref\8.0.25\ref\net8.0\System.dll [C:\Users\ultra\warewolf\Dev\Warewolf.Studio.CustomControls\Warewolf.Studio.CustomControls.csproj]
C:\Program Files\dotnet\sdk\10.0.201\Microsoft.Common.CurrentVersion.targets(2451,5): warning MSB3277:           Project file item includes which caused reference "C:\Program Files\dotnet\packs\Microsoft.NETCore.App.Ref\8.0.25\ref\net8.0\System.dll". [C:\Users\ultra\warewolf\Dev\Warewolf.Studio.CustomControls\Warewolf.Studio.CustomControls.csproj]
C:\Program Files\dotnet\sdk\10.0.201\Microsoft.Common.CurrentVersion.targets(2451,5): warning MSB3277:             C:\Program Files\dotnet\packs\Microsoft.NETCore.App.Ref\8.0.25\ref/net8.0/System.dll [C:\Users\ultra\warewolf\Dev\Warewolf.Studio.CustomControls\Warewolf.Studio.CustomControls.csproj]
C:\Program Files\dotnet\sdk\10.0.201\Microsoft.Common.CurrentVersion.targets(2451,5): warning MSB3277:             C:\Users\ultra\.nuget\packages\aerowizard\2.3.1\lib\net45\AeroWizard.dll [C:\Users\ultra\warewolf\Dev\Warewolf.Studio.CustomControls\Warewolf.Studio.CustomControls.csproj]
C:\Program Files\dotnet\sdk\10.0.201\Microsoft.Common.CurrentVersion.targets(2451,5): warning MSB3277:             C:\Users\ultra\.nuget\packages\groupcontrols\1.9.0\lib\net45\GroupControls.dll [C:\Users\ultra\warewolf\Dev\Warewolf.Studio.CustomControls\Warewolf.Studio.CustomControls.csproj]
C:\Program Files\dotnet\sdk\10.0.201\Microsoft.Common.CurrentVersion.targets(2451,5): warning MSB3277:             C:\Users\ultra\.nuget\packages\microsoft.xaml.behaviors.wpf\1.1.122\lib\net462\Microsoft.Xaml.Behaviors.dll [C:\Users\ultra\warewolf\Dev\Warewolf.Studio.CustomControls\Warewolf.Studio.CustomControls.csproj]
C:\Program Files\dotnet\sdk\10.0.201\Microsoft.Common.CurrentVersion.targets(2451,5): warning MSB3277:             C:\Users\ultra\.nuget\packages\caliburn.micro\4.0.212\lib\netcoreapp3.1\Caliburn.Micro.Platform.dll [C:\Users\ultra\warewolf\Dev\Warewolf.Studio.CustomControls\Warewolf.Studio.CustomControls.csproj]
C:\Program Files\dotnet\sdk\10.0.201\Microsoft.Common.CurrentVersion.targets(2451,5): warning MSB3277:             C:\Users\ultra\.nuget\packages\prism.wpf\9.0.537\lib\net462\Prism.Wpf.dll [C:\Users\ultra\warewolf\Dev\Warewolf.Studio.CustomControls\Warewolf.Studio.CustomControls.csproj]
C:\Program Files\dotnet\sdk\10.0.201\Microsoft.Common.CurrentVersion.targets(2451,5): warning MSB3277:             C:\Users\ultra\.nuget\packages\reactiveui.wpf\18.4.1\lib\net462\ReactiveUI.Wpf.dll [C:\Users\ultra\warewolf\Dev\Warewolf.Studio.CustomControls\Warewolf.Studio.CustomControls.csproj]
C:\Program Files\dotnet\sdk\10.0.201\Microsoft.Common.CurrentVersion.targets(2451,5): warning MSB3277:             C:\Users\ultra\.nuget\packages\taskschedulereditor\2.10.1\lib\net452\Microsoft.Win32.TaskSchedulerEditor.dll [C:\Users\ultra\warewolf\Dev\Warewolf.Studio.CustomControls\Warewolf.Studio.CustomControls.csproj]
C:\Program Files\dotnet\sdk\10.0.201\Microsoft.Common.CurrentVersion.targets(2451,5): warning MSB3277:             C:\Users\ultra\.nuget\packages\ttcue.netcore.sharepointonline.csom.16.1.8029.1200\16.1.8029.1200\lib\netcoreapp2.0\Microsoft.SharePoint.Client.Runtime.Windows.dll [C:\Users\ultra\warewolf\Dev\Warewolf.Studio.CustomControls\Warewolf.Studio.CustomControls.csproj]
C:\Program Files\dotnet\sdk\10.0.201\Microsoft.Common.CurrentVersion.targets(2451,5): warning MSB3277:         C:\Program Files\dotnet\packs\Microsoft.NETCore.App.Ref\8.0.25\ref\net8.0\WindowsBase.dll [C:\Users\ultra\warewolf\Dev\Warewolf.Studio.CustomControls\Warewolf.Studio.CustomControls.csproj]
C:\Program Files\dotnet\sdk\10.0.201\Microsoft.Common.CurrentVersion.targets(2451,5): warning MSB3277:           Project file item includes which caused reference "C:\Program Files\dotnet\packs\Microsoft.NETCore.App.Ref\8.0.25\ref\net8.0\WindowsBase.dll". [C:\Users\ultra\warewolf\Dev\Warewolf.Studio.CustomControls\Warewolf.Studio.CustomControls.csproj]
C:\Program Files\dotnet\sdk\10.0.201\Microsoft.Common.CurrentVersion.targets(2451,5): warning MSB3277:             C:\Program Files\dotnet\packs\Microsoft.NETCore.App.Ref\8.0.25\ref/net8.0/WindowsBase.dll [C:\Users\ultra\warewolf\Dev\Warewolf.Studio.CustomControls\Warewolf.Studio.CustomControls.csproj]
C:\Program Files\dotnet\sdk\10.0.201\Microsoft.Common.CurrentVersion.targets(2451,5): warning MSB3277:         C:\Program Files\dotnet\packs\Microsoft.NETCore.App.Ref\8.0.25\ref\net8.0\mscorlib.dll [C:\Users\ultra\warewolf\Dev\Warewolf.Studio.CustomControls\Warewolf.Studio.CustomControls.csproj]
C:\Program Files\dotnet\sdk\10.0.201\Microsoft.Common.CurrentVersion.targets(2451,5): warning MSB3277:           Project file item includes which caused reference "C:\Program Files\dotnet\packs\Microsoft.NETCore.App.Ref\8.0.25\ref\net8.0\mscorlib.dll". [C:\Users\ultra\warewolf\Dev\Warewolf.Studio.CustomControls\Warewolf.Studio.CustomControls.csproj]
C:\Program Files\dotnet\sdk\10.0.201\Microsoft.Common.CurrentVersion.targets(2451,5): warning MSB3277:             C:\Program Files\dotnet\packs\Microsoft.NETCore.App.Ref\8.0.25\ref/net8.0/mscorlib.dll [C:\Users\ultra\warewolf\Dev\Warewolf.Studio.CustomControls\Warewolf.Studio.CustomControls.csproj]
C:\Program Files\dotnet\sdk\10.0.201\Microsoft.Common.CurrentVersion.targets(2451,5): warning MSB3277:             C:\Users\ultra\.nuget\packages\aerowizard\2.3.1\lib\net45\AeroWizard.dll [C:\Users\ultra\warewolf\Dev\Warewolf.Studio.CustomControls\Warewolf.Studio.CustomControls.csproj]
C:\Program Files\dotnet\sdk\10.0.201\Microsoft.Common.CurrentVersion.targets(2451,5): warning MSB3277:             C:\Users\ultra\.nuget\packages\groupcontrols\1.9.0\lib\net45\GroupControls.dll [C:\Users\ultra\warewolf\Dev\Warewolf.Studio.CustomControls\Warewolf.Studio.CustomControls.csproj]
C:\Program Files\dotnet\sdk\10.0.201\Microsoft.Common.CurrentVersion.targets(2451,5): warning MSB3277:             C:\Users\ultra\.nuget\packages\hangfire.core\1.7.32\lib\netstandard2.0\Hangfire.Core.dll [C:\Users\ultra\warewolf\Dev\Warewolf.Studio.CustomControls\Warewolf.Studio.CustomControls.csproj]
C:\Program Files\dotnet\sdk\10.0.201\Microsoft.Common.CurrentVersion.targets(2451,5): warning MSB3277:             C:\Users\ultra\warewolf\Dev\Dev2.Activities\bin\Debug\net8.0\Dev2.Activities.dll [C:\Users\ultra\warewolf\Dev\Warewolf.Studio.CustomControls\Warewolf.Studio.CustomControls.csproj]
C:\Program Files\dotnet\sdk\10.0.201\Microsoft.Common.CurrentVersion.targets(2451,5): warning MSB3277:             C:\Users\ultra\warewolf\Dev\Dev2.Studio.Core\bin\Debug\net8.0\Dev2.Studio.Core.dll [C:\Users\ultra\warewolf\Dev\Warewolf.Studio.CustomControls\Warewolf.Studio.CustomControls.csproj]
C:\Program Files\dotnet\sdk\10.0.201\Microsoft.Common.CurrentVersion.targets(2451,5): warning MSB3277:             C:\Users\ultra\warewolf\Dev\Dev2.Intellisense\bin\Debug\net8.0\Dev2.Intellisense.dll [C:\Users\ultra\warewolf\Dev\Warewolf.Studio.CustomControls\Warewolf.Studio.CustomControls.csproj]
C:\Program Files\dotnet\sdk\10.0.201\Microsoft.Common.CurrentVersion.targets(2451,5): warning MSB3277:             C:\Users\ultra\warewolf\Dev\Warewolf.Driver.Persistence\bin\Debug\net8.0\Warewolf.Driver.Persistence.dll [C:\Users\ultra\warewolf\Dev\Warewolf.Studio.CustomControls\Warewolf.Studio.CustomControls.csproj]
C:\Program Files\dotnet\sdk\10.0.201\Microsoft.Common.CurrentVersion.targets(2451,5): warning MSB3277:             C:\Users\ultra\.nuget\packages\hangfire.sqlserver\1.7.32\lib\netstandard2.0\Hangfire.SqlServer.dll [C:\Users\ultra\warewolf\Dev\Warewolf.Studio.CustomControls\Warewolf.Studio.CustomControls.csproj]
C:\Program Files\dotnet\sdk\10.0.201\Microsoft.Common.CurrentVersion.targets(2451,5): warning MSB3277:             C:\Users\ultra\.nuget\packages\microsoft.xaml.behaviors.wpf\1.1.122\lib\net462\Microsoft.Xaml.Behaviors.dll [C:\Users\ultra\warewolf\Dev\Warewolf.Studio.CustomControls\Warewolf.Studio.CustomControls.csproj]
C:\Program Files\dotnet\sdk\10.0.201\Microsoft.Common.CurrentVersion.targets(2451,5): warning MSB3277:             C:\Users\ultra\.nuget\packages\caliburn.micro\4.0.212\lib\netcoreapp3.1\Caliburn.Micro.Platform.dll [C:\Users\ultra\warewolf\Dev\Warewolf.Studio.CustomControls\Warewolf.Studio.CustomControls.csproj]
C:\Program Files\dotnet\sdk\10.0.201\Microsoft.Common.CurrentVersion.targets(2451,5): warning MSB3277:             C:\Users\ultra\.nuget\packages\oracle.manageddataaccess.core\3.21.70\lib\netstandard2.1\Oracle.ManagedDataAccess.dll [C:\Users\ultra\warewolf\Dev\Warewolf.Studio.CustomControls\Warewolf.Studio.CustomControls.csproj]
C:\Program Files\dotnet\sdk\10.0.201\Microsoft.Common.CurrentVersion.targets(2451,5): warning MSB3277:             C:\Users\ultra\warewolf\Dev\Dev2.Runtime.Services\bin\Debug\net8.0\Dev2.Runtime.Services.dll [C:\Users\ultra\warewolf\Dev\Warewolf.Studio.CustomControls\Warewolf.Studio.CustomControls.csproj]
C:\Program Files\dotnet\sdk\10.0.201\Microsoft.Common.CurrentVersion.targets(2451,5): warning MSB3277:             C:\Users\ultra\warewolf\Dev\Dev2.Studio.Interfaces\bin\Debug\net8.0\Dev2.Studio.Interfaces.dll [C:\Users\ultra\warewolf\Dev\Warewolf.Studio.CustomControls\Warewolf.Studio.CustomControls.csproj]
C:\Program Files\dotnet\sdk\10.0.201\Microsoft.Common.CurrentVersion.targets(2451,5): warning MSB3277:             C:\Users\ultra\warewolf\Dev\Dev2.Services.Execution\bin\Debug\net8.0\Dev2.Services.Execution.dll [C:\Users\ultra\warewolf\Dev\Warewolf.Studio.CustomControls\Warewolf.Studio.CustomControls.csproj]
C:\Program Files\dotnet\sdk\10.0.201\Microsoft.Common.CurrentVersion.targets(2451,5): warning MSB3277:             C:\Users\ultra\warewolf\Dev\Dev2.Services.Sql\bin\Debug\net8.0\Dev2.Services.Sql.dll [C:\Users\ultra\warewolf\Dev\Warewolf.Studio.CustomControls\Warewolf.Studio.CustomControls.csproj]
C:\Program Files\dotnet\sdk\10.0.201\Microsoft.Common.CurrentVersion.targets(2451,5): warning MSB3277:             C:\Users\ultra\warewolf\Dev\Warewolf.Studio.Core\bin\Debug\net8.0\Warewolf.Studio.Core.dll [C:\Users\ultra\warewolf\Dev\Warewolf.Studio.CustomControls\Warewolf.Studio.CustomControls.csproj]
C:\Program Files\dotnet\sdk\10.0.201\Microsoft.Common.CurrentVersion.targets(2451,5): warning MSB3277:             C:\Users\ultra\.nuget\packages\prism.wpf\9.0.537\lib\net462\Prism.Wpf.dll [C:\Users\ultra\warewolf\Dev\Warewolf.Studio.CustomControls\Warewolf.Studio.CustomControls.csproj]
C:\Program Files\dotnet\sdk\10.0.201\Microsoft.Common.CurrentVersion.targets(2451,5): warning MSB3277:             C:\Users\ultra\.nuget\packages\reactiveui.wpf\18.4.1\lib\net462\ReactiveUI.Wpf.dll [C:\Users\ultra\warewolf\Dev\Warewolf.Studio.CustomControls\Warewolf.Studio.CustomControls.csproj]
C:\Program Files\dotnet\sdk\10.0.201\Microsoft.Common.CurrentVersion.targets(2451,5): warning MSB3277:             C:\Users\ultra\.nuget\packages\taskschedulereditor\2.10.1\lib\net452\Microsoft.Win32.TaskSchedulerEditor.dll [C:\Users\ultra\warewolf\Dev\Warewolf.Studio.CustomControls\Warewolf.Studio.CustomControls.csproj]
C:\Program Files\dotnet\sdk\10.0.201\Microsoft.Common.CurrentVersion.targets(2451,5): warning MSB3277:             C:\Users\ultra\.nuget\packages\ttcue.netcore.sharepointonline.csom.16.1.8029.1200\16.1.8029.1200\lib\netcoreapp2.0\Microsoft.SharePoint.Client.Runtime.Windows.dll [C:\Users\ultra\warewolf\Dev\Warewolf.Studio.CustomControls\Warewolf.Studio.CustomControls.csproj]
C:\Program Files\dotnet\sdk\10.0.201\Microsoft.Common.CurrentVersion.targets(2451,5): warning MSB3277:         C:\Users\ultra\warewolf\Dev\Dev2.Development.Languages\bin\Debug\net8.0\IronRuby.dll [C:\Users\ultra\warewolf\Dev\Warewolf.Studio.CustomControls\Warewolf.Studio.CustomControls.csproj]
C:\Program Files\dotnet\sdk\10.0.201\Microsoft.Common.CurrentVersion.targets(2451,5): warning MSB3277:           Project file item includes which caused reference "C:\Users\ultra\warewolf\Dev\Dev2.Development.Languages\bin\Debug\net8.0\IronRuby.dll". [C:\Users\ultra\warewolf\Dev\Warewolf.Studio.CustomControls\Warewolf.Studio.CustomControls.csproj]
C:\Program Files\dotnet\sdk\10.0.201\Microsoft.Common.CurrentVersion.targets(2451,5): warning MSB3277:             C:\Users\ultra\warewolf\Dev\Dev2.Development.Languages\bin\Debug\net8.0\Dev2.Development.Languages.dll [C:\Users\ultra\warewolf\Dev\Warewolf.Studio.CustomControls\Warewolf.Studio.CustomControls.csproj]
C:\Program Files\dotnet\sdk\10.0.201\Microsoft.Common.CurrentVersion.targets(2451,5): warning MSB3277:             C:\Users\ultra\warewolf\Dev\Dev2.Activities\bin\Debug\net8.0\Dev2.Activities.dll [C:\Users\ultra\warewolf\Dev\Warewolf.Studio.CustomControls\Warewolf.Studio.CustomControls.csproj]
C:\Program Files\dotnet\sdk\10.0.201\Microsoft.Common.CurrentVersion.targets(2451,5): warning MSB3277:             C:\Users\ultra\warewolf\Dev\Dev2.Studio.Core\bin\Debug\net8.0\Dev2.Studio.Core.dll [C:\Users\ultra\warewolf\Dev\Warewolf.Studio.CustomControls\Warewolf.Studio.CustomControls.csproj]
C:\Program Files\dotnet\sdk\10.0.201\Microsoft.Common.CurrentVersion.targets(2451,5): warning MSB3277:             C:\Users\ultra\warewolf\Dev\Dev2.Intellisense\bin\Debug\net8.0\Dev2.Intellisense.dll [C:\Users\ultra\warewolf\Dev\Warewolf.Studio.CustomControls\Warewolf.Studio.CustomControls.csproj]
C:\Program Files\dotnet\sdk\10.0.201\Microsoft.Common.CurrentVersion.targets(2451,5): warning MSB3277:         C:\Users\ultra\warewolf\Dev\Dev2.Development.Languages\bin\Debug\net8.0\IronRuby.Libraries.dll [C:\Users\ultra\warewolf\Dev\Warewolf.Studio.CustomControls\Warewolf.Studio.CustomControls.csproj]
C:\Program Files\dotnet\sdk\10.0.201\Microsoft.Common.CurrentVersion.targets(2451,5): warning MSB3277:           Project file item includes which caused reference "C:\Users\ultra\warewolf\Dev\Dev2.Development.Languages\bin\Debug\net8.0\IronRuby.Libraries.dll". [C:\Users\ultra\warewolf\Dev\Warewolf.Studio.CustomControls\Warewolf.Studio.CustomControls.csproj]
C:\Program Files\dotnet\sdk\10.0.201\Microsoft.Common.CurrentVersion.targets(2451,5): warning MSB3277:             C:\Users\ultra\warewolf\Dev\Dev2.Development.Languages\bin\Debug\net8.0\Dev2.Development.Languages.dll [C:\Users\ultra\warewolf\Dev\Warewolf.Studio.CustomControls\Warewolf.Studio.CustomControls.csproj]
C:\Program Files\dotnet\sdk\10.0.201\Microsoft.Common.CurrentVersion.targets(2451,5): warning MSB3277:             C:\Users\ultra\warewolf\Dev\Dev2.Activities\bin\Debug\net8.0\Dev2.Activities.dll [C:\Users\ultra\warewolf\Dev\Warewolf.Studio.CustomControls\Warewolf.Studio.CustomControls.csproj]
C:\Program Files\dotnet\sdk\10.0.201\Microsoft.Common.CurrentVersion.targets(2451,5): warning MSB3277:             C:\Users\ultra\warewolf\Dev\Dev2.Studio.Core\bin\Debug\net8.0\Dev2.Studio.Core.dll [C:\Users\ultra\warewolf\Dev\Warewolf.Studio.CustomControls\Warewolf.Studio.CustomControls.csproj]
C:\Program Files\dotnet\sdk\10.0.201\Microsoft.Common.CurrentVersion.targets(2451,5): warning MSB3277:             C:\Users\ultra\warewolf\Dev\Dev2.Intellisense\bin\Debug\net8.0\Dev2.Intellisense.dll [C:\Users\ultra\warewolf\Dev\Warewolf.Studio.CustomControls\Warewolf.Studio.CustomControls.csproj]
C:\Program Files\dotnet\sdk\10.0.201\Microsoft.Common.CurrentVersion.targets(2451,5): warning MSB3277: Found conflicts between different versions of "WindowsBase" that could not be resolved. [C:\Users\ultra\warewolf\Dev\Warewolf.Studio.CustomControls\Warewolf.Studio.CustomControls.csproj]
C:\Program Files\dotnet\sdk\10.0.201\Microsoft.Common.CurrentVersion.targets(2451,5): warning MSB3277: There was a conflict between "WindowsBase, Version=4.0.0.0, Culture=neutral, PublicKeyToken=31bf3856ad364e35" and "WindowsBase, Version=6.0.2.0, Culture=neutral, PublicKeyToken=31bf3856ad364e35". [C:\Users\ultra\warewolf\Dev\Warewolf.Studio.CustomControls\Warewolf.Studio.CustomControls.csproj]
C:\Program Files\dotnet\sdk\10.0.201\Microsoft.Common.CurrentVersion.targets(2451,5): warning MSB3277:     "WindowsBase, Version=4.0.0.0, Culture=neutral, PublicKeyToken=31bf3856ad364e35" was chosen because it was primary and "WindowsBase, Version=6.0.2.0, Culture=neutral, PublicKeyToken=31bf3856ad364e35" was not. [C:\Users\ultra\warewolf\Dev\Warewolf.Studio.CustomControls\Warewolf.Studio.CustomControls.csproj]
C:\Program Files\dotnet\sdk\10.0.201\Microsoft.Common.CurrentVersion.targets(2451,5): warning MSB3277:     References which depend on "WindowsBase, Version=4.0.0.0, Culture=neutral, PublicKeyToken=31bf3856ad364e35" [C:\Program Files\dotnet\packs\Microsoft.NETCore.App.Ref\8.0.25\ref\net8.0\WindowsBase.dll]. [C:\Users\ultra\warewolf\Dev\Warewolf.Studio.CustomControls\Warewolf.Studio.CustomControls.csproj]
C:\Program Files\dotnet\sdk\10.0.201\Microsoft.Common.CurrentVersion.targets(2451,5): warning MSB3277:         C:\Program Files\dotnet\packs\Microsoft.NETCore.App.Ref\8.0.25\ref\net8.0\WindowsBase.dll [C:\Users\ultra\warewolf\Dev\Warewolf.Studio.CustomControls\Warewolf.Studio.CustomControls.csproj]
C:\Program Files\dotnet\sdk\10.0.201\Microsoft.Common.CurrentVersion.targets(2451,5): warning MSB3277:           Project file item includes which caused reference "C:\Program Files\dotnet\packs\Microsoft.NETCore.App.Ref\8.0.25\ref\net8.0\WindowsBase.dll". [C:\Users\ultra\warewolf\Dev\Warewolf.Studio.CustomControls\Warewolf.Studio.CustomControls.csproj]
C:\Program Files\dotnet\sdk\10.0.201\Microsoft.Common.CurrentVersion.targets(2451,5): warning MSB3277:             C:\Program Files\dotnet\packs\Microsoft.NETCore.App.Ref\8.0.25\ref/net8.0/WindowsBase.dll [C:\Users\ultra\warewolf\Dev\Warewolf.Studio.CustomControls\Warewolf.Studio.CustomControls.csproj]
C:\Program Files\dotnet\sdk\10.0.201\Microsoft.Common.CurrentVersion.targets(2451,5): warning MSB3277:     References which depend on or have been unified to "WindowsBase, Version=6.0.2.0, Culture=neutral, PublicKeyToken=31bf3856ad364e35" []. [C:\Users\ultra\warewolf\Dev\Warewolf.Studio.CustomControls\Warewolf.Studio.CustomControls.csproj]
C:\Program Files\dotnet\sdk\10.0.201\Microsoft.Common.CurrentVersion.targets(2451,5): warning MSB3277:         C:\Users\ultra\warewolf\Dev\Binaries\Infragistcs_Net6\InfragisticsWPF4.Controls.Grids.XamGrid.v15.1.dll [C:\Users\ultra\warewolf\Dev\Warewolf.Studio.CustomControls\Warewolf.Studio.CustomControls.csproj]
C:\Program Files\dotnet\sdk\10.0.201\Microsoft.Common.CurrentVersion.targets(2451,5): warning MSB3277:           Project file item includes which caused reference "C:\Users\ultra\warewolf\Dev\Binaries\Infragistcs_Net6\InfragisticsWPF4.Controls.Grids.XamGrid.v15.1.dll". [C:\Users\ultra\warewolf\Dev\Warewolf.Studio.CustomControls\Warewolf.Studio.CustomControls.csproj]
C:\Program Files\dotnet\sdk\10.0.201\Microsoft.Common.CurrentVersion.targets(2451,5): warning MSB3277:             InfragisticsWPF4.Controls.Grids.XamGrid.v15.1 [C:\Users\ultra\warewolf\Dev\Warewolf.Studio.CustomControls\Warewolf.Studio.CustomControls.csproj]
C:\Program Files\dotnet\sdk\10.0.201\Microsoft.Common.CurrentVersion.targets(2451,5): warning MSB3277:         C:\Users\ultra\warewolf\Dev\Binaries\Infragistcs_Net6\InfragisticsWPF4.Controls.Menus.XamDataTree.v15.1.dll [C:\Users\ultra\warewolf\Dev\Warewolf.Studio.CustomControls\Warewolf.Studio.CustomControls.csproj]
C:\Program Files\dotnet\sdk\10.0.201\Microsoft.Common.CurrentVersion.targets(2451,5): warning MSB3277:           Project file item includes which caused reference "C:\Users\ultra\warewolf\Dev\Binaries\Infragistcs_Net6\InfragisticsWPF4.Controls.Menus.XamDataTree.v15.1.dll". [C:\Users\ultra\warewolf\Dev\Warewolf.Studio.CustomControls\Warewolf.Studio.CustomControls.csproj]
C:\Program Files\dotnet\sdk\10.0.201\Microsoft.Common.CurrentVersion.targets(2451,5): warning MSB3277:             InfragisticsWPF4.Controls.Menus.XamDataTree.v15.1, Version=15.1.20151.2055, Culture=neutral, PublicKeyToken=7dd5c3163f2cd0cb, processorArchitecture=MSIL [C:\Users\ultra\warewolf\Dev\Warewolf.Studio.CustomControls\Warewolf.Studio.CustomControls.csproj]
C:\Program Files\dotnet\sdk\10.0.201\Microsoft.Common.CurrentVersion.targets(2451,5): warning MSB3277:         C:\Users\ultra\warewolf\Dev\Binaries\Infragistcs_Net6\InfragisticsWPF4.DataManager.v15.1.dll [C:\Users\ultra\warewolf\Dev\Warewolf.Studio.CustomControls\Warewolf.Studio.CustomControls.csproj]
C:\Program Files\dotnet\sdk\10.0.201\Microsoft.Common.CurrentVersion.targets(2451,5): warning MSB3277:           Project file item includes which caused reference "C:\Users\ultra\warewolf\Dev\Binaries\Infragistcs_Net6\InfragisticsWPF4.DataManager.v15.1.dll". [C:\Users\ultra\warewolf\Dev\Warewolf.Studio.CustomControls\Warewolf.Studio.CustomControls.csproj]
C:\Program Files\dotnet\sdk\10.0.201\Microsoft.Common.CurrentVersion.targets(2451,5): warning MSB3277:             InfragisticsWPF4.DataManager.v15.1, Version=15.1.20151.2055, Culture=neutral, processorArchitecture=MSIL [C:\Users\ultra\warewolf\Dev\Warewolf.Studio.CustomControls\Warewolf.Studio.CustomControls.csproj]
C:\Program Files\dotnet\sdk\10.0.201\Microsoft.Common.CurrentVersion.targets(2451,5): warning MSB3277:             InfragisticsWPF4.Controls.Grids.XamGrid.v15.1 [C:\Users\ultra\warewolf\Dev\Warewolf.Studio.CustomControls\Warewolf.Studio.CustomControls.csproj]
C:\Program Files\dotnet\sdk\10.0.201\Microsoft.Common.CurrentVersion.targets(2451,5): warning MSB3277:             InfragisticsWPF4.Controls.Menus.XamDataTree.v15.1, Version=15.1.20151.2055, Culture=neutral, PublicKeyToken=7dd5c3163f2cd0cb, processorArchitecture=MSIL [C:\Users\ultra\warewolf\Dev\Warewolf.Studio.CustomControls\Warewolf.Studio.CustomControls.csproj]
C:\Program Files\dotnet\sdk\10.0.201\Microsoft.Common.CurrentVersion.targets(2451,5): warning MSB3277:         C:\Users\ultra\warewolf\Dev\Binaries\Infragistcs_Net6\InfragisticsWPF4.DataPresenter.v15.1.dll [C:\Users\ultra\warewolf\Dev\Warewolf.Studio.CustomControls\Warewolf.Studio.CustomControls.csproj]
C:\Program Files\dotnet\sdk\10.0.201\Microsoft.Common.CurrentVersion.targets(2451,5): warning MSB3277:           Project file item includes which caused reference "C:\Users\ultra\warewolf\Dev\Binaries\Infragistcs_Net6\InfragisticsWPF4.DataPresenter.v15.1.dll". [C:\Users\ultra\warewolf\Dev\Warewolf.Studio.CustomControls\Warewolf.Studio.CustomControls.csproj]
C:\Program Files\dotnet\sdk\10.0.201\Microsoft.Common.CurrentVersion.targets(2451,5): warning MSB3277:             InfragisticsWPF4.DataPresenter.v15.1 [C:\Users\ultra\warewolf\Dev\Warewolf.Studio.CustomControls\Warewolf.Studio.CustomControls.csproj]
C:\Program Files\dotnet\sdk\10.0.201\Microsoft.Common.CurrentVersion.targets(2451,5): warning MSB3277:         C:\Users\ultra\warewolf\Dev\Binaries\Infragistcs_Net6\InfragisticsWPF4.DragDrop.v15.1.dll [C:\Users\ultra\warewolf\Dev\Warewolf.Studio.CustomControls\Warewolf.Studio.CustomControls.csproj]
C:\Program Files\dotnet\sdk\10.0.201\Microsoft.Common.CurrentVersion.targets(2451,5): warning MSB3277:           Project file item includes which caused reference "C:\Users\ultra\warewolf\Dev\Binaries\Infragistcs_Net6\InfragisticsWPF4.DragDrop.v15.1.dll". [C:\Users\ultra\warewolf\Dev\Warewolf.Studio.CustomControls\Warewolf.Studio.CustomControls.csproj]
C:\Program Files\dotnet\sdk\10.0.201\Microsoft.Common.CurrentVersion.targets(2451,5): warning MSB3277:             InfragisticsWPF4.DragDrop.v15.1, Version=15.1.20151.2055, Culture=neutral, PublicKeyToken=7dd5c3163f2cd0cb, processorArchitecture=MSIL [C:\Users\ultra\warewolf\Dev\Warewolf.Studio.CustomControls\Warewolf.Studio.CustomControls.csproj]
C:\Program Files\dotnet\sdk\10.0.201\Microsoft.Common.CurrentVersion.targets(2451,5): warning MSB3277:             InfragisticsWPF4.Controls.Menus.XamDataTree.v15.1, Version=15.1.20151.2055, Culture=neutral, PublicKeyToken=7dd5c3163f2cd0cb, processorArchitecture=MSIL [C:\Users\ultra\warewolf\Dev\Warewolf.Studio.CustomControls\Warewolf.Studio.CustomControls.csproj]
C:\Program Files\dotnet\sdk\10.0.201\Microsoft.Common.CurrentVersion.targets(2451,5): warning MSB3277:         C:\Users\ultra\warewolf\Dev\Binaries\Infragistcs_Net6\InfragisticsWPF4.v15.1.dll [C:\Users\ultra\warewolf\Dev\Warewolf.Studio.CustomControls\Warewolf.Studio.CustomControls.csproj]
C:\Program Files\dotnet\sdk\10.0.201\Microsoft.Common.CurrentVersion.targets(2451,5): warning MSB3277:           Project file item includes which caused reference "C:\Users\ultra\warewolf\Dev\Binaries\Infragistcs_Net6\InfragisticsWPF4.v15.1.dll". [C:\Users\ultra\warewolf\Dev\Warewolf.Studio.CustomControls\Warewolf.Studio.CustomControls.csproj]
C:\Program Files\dotnet\sdk\10.0.201\Microsoft.Common.CurrentVersion.targets(2451,5): warning MSB3277:             InfragisticsWPF4.v15.1, Version=15.1.20151.2055, Culture=neutral, processorArchitecture=MSIL [C:\Users\ultra\warewolf\Dev\Warewolf.Studio.CustomControls\Warewolf.Studio.CustomControls.csproj]
C:\Program Files\dotnet\sdk\10.0.201\Microsoft.Common.CurrentVersion.targets(2451,5): warning MSB3277:             InfragisticsWPF4.Controls.Grids.XamGrid.v15.1 [C:\Users\ultra\warewolf\Dev\Warewolf.Studio.CustomControls\Warewolf.Studio.CustomControls.csproj]
C:\Program Files\dotnet\sdk\10.0.201\Microsoft.Common.CurrentVersion.targets(2451,5): warning MSB3277:             InfragisticsWPF4.Controls.Menus.XamDataTree.v15.1, Version=15.1.20151.2055, Culture=neutral, PublicKeyToken=7dd5c3163f2cd0cb, processorArchitecture=MSIL [C:\Users\ultra\warewolf\Dev\Warewolf.Studio.CustomControls\Warewolf.Studio.CustomControls.csproj]
C:\Program Files\dotnet\sdk\10.0.201\Microsoft.Common.CurrentVersion.targets(2451,5): warning MSB3277:             InfragisticsWPF4.DataManager.v15.1, Version=15.1.20151.2055, Culture=neutral, processorArchitecture=MSIL [C:\Users\ultra\warewolf\Dev\Warewolf.Studio.CustomControls\Warewolf.Studio.CustomControls.csproj]
C:\Program Files\dotnet\sdk\10.0.201\Microsoft.Common.CurrentVersion.targets(2451,5): warning MSB3277:             InfragisticsWPF4.DataPresenter.v15.1 [C:\Users\ultra\warewolf\Dev\Warewolf.Studio.CustomControls\Warewolf.Studio.CustomControls.csproj]
C:\Program Files\dotnet\sdk\10.0.201\Microsoft.Common.CurrentVersion.targets(2451,5): warning MSB3277:         C:\Users\ultra\.nuget\packages\caliburn.micro\4.0.212\lib\netcoreapp3.1\Caliburn.Micro.Platform.dll [C:\Users\ultra\warewolf\Dev\Warewolf.Studio.CustomControls\Warewolf.Studio.CustomControls.csproj]
C:\Program Files\dotnet\sdk\10.0.201\Microsoft.Common.CurrentVersion.targets(2451,5): warning MSB3277:           Project file item includes which caused reference "C:\Users\ultra\.nuget\packages\caliburn.micro\4.0.212\lib\netcoreapp3.1\Caliburn.Micro.Platform.dll". [C:\Users\ultra\warewolf\Dev\Warewolf.Studio.CustomControls\Warewolf.Studio.CustomControls.csproj]
C:\Program Files\dotnet\sdk\10.0.201\Microsoft.Common.CurrentVersion.targets(2451,5): warning MSB3277:             C:\Users\ultra\.nuget\packages\caliburn.micro\4.0.212\lib\netcoreapp3.1\Caliburn.Micro.Platform.dll [C:\Users\ultra\warewolf\Dev\Warewolf.Studio.CustomControls\Warewolf.Studio.CustomControls.csproj]
C:\Program Files\dotnet\sdk\10.0.201\Microsoft.Common.CurrentVersion.targets(2451,5): warning MSB3277:         C:\Users\ultra\.nuget\packages\extended.wpf.toolkit\4.4.0\lib\net5.0\Xceed.Wpf.AvalonDock.NET5.dll [C:\Users\ultra\warewolf\Dev\Warewolf.Studio.CustomControls\Warewolf.Studio.CustomControls.csproj]
C:\Program Files\dotnet\sdk\10.0.201\Microsoft.Common.CurrentVersion.targets(2451,5): warning MSB3277:           Project file item includes which caused reference "C:\Users\ultra\.nuget\packages\extended.wpf.toolkit\4.4.0\lib\net5.0\Xceed.Wpf.AvalonDock.NET5.dll". [C:\Users\ultra\warewolf\Dev\Warewolf.Studio.CustomControls\Warewolf.Studio.CustomControls.csproj]
C:\Program Files\dotnet\sdk\10.0.201\Microsoft.Common.CurrentVersion.targets(2451,5): warning MSB3277:             C:\Users\ultra\.nuget\packages\extended.wpf.toolkit\4.4.0\lib\net5.0\Xceed.Wpf.AvalonDock.NET5.dll [C:\Users\ultra\warewolf\Dev\Warewolf.Studio.CustomControls\Warewolf.Studio.CustomControls.csproj]
C:\Program Files\dotnet\sdk\10.0.201\Microsoft.Common.CurrentVersion.targets(2451,5): warning MSB3277:             C:\Users\ultra\.nuget\packages\extended.wpf.toolkit\4.4.0\lib\net5.0\Xceed.Wpf.AvalonDock.Themes.Aero.NET5.dll [C:\Users\ultra\warewolf\Dev\Warewolf.Studio.CustomControls\Warewolf.Studio.CustomControls.csproj]
C:\Program Files\dotnet\sdk\10.0.201\Microsoft.Common.CurrentVersion.targets(2451,5): warning MSB3277:             C:\Users\ultra\.nuget\packages\extended.wpf.toolkit\4.4.0\lib\net5.0\Xceed.Wpf.AvalonDock.Themes.Metro.NET5.dll [C:\Users\ultra\warewolf\Dev\Warewolf.Studio.CustomControls\Warewolf.Studio.CustomControls.csproj]
C:\Program Files\dotnet\sdk\10.0.201\Microsoft.Common.CurrentVersion.targets(2451,5): warning MSB3277:             C:\Users\ultra\.nuget\packages\extended.wpf.toolkit\4.4.0\lib\net5.0\Xceed.Wpf.AvalonDock.Themes.VS2010.NET5.dll [C:\Users\ultra\warewolf\Dev\Warewolf.Studio.CustomControls\Warewolf.Studio.CustomControls.csproj]
C:\Program Files\dotnet\sdk\10.0.201\Microsoft.Common.CurrentVersion.targets(2451,5): warning MSB3277:         C:\Users\ultra\.nuget\packages\extended.wpf.toolkit\4.4.0\lib\net5.0\Xceed.Wpf.AvalonDock.Themes.Aero.NET5.dll [C:\Users\ultra\warewolf\Dev\Warewolf.Studio.CustomControls\Warewolf.Studio.CustomControls.csproj]
C:\Program Files\dotnet\sdk\10.0.201\Microsoft.Common.CurrentVersion.targets(2451,5): warning MSB3277:           Project file item includes which caused reference "C:\Users\ultra\.nuget\packages\extended.wpf.toolkit\4.4.0\lib\net5.0\Xceed.Wpf.AvalonDock.Themes.Aero.NET5.dll". [C:\Users\ultra\warewolf\Dev\Warewolf.Studio.CustomControls\Warewolf.Studio.CustomControls.csproj]
C:\Program Files\dotnet\sdk\10.0.201\Microsoft.Common.CurrentVersion.targets(2451,5): warning MSB3277:             C:\Users\ultra\.nuget\packages\extended.wpf.toolkit\4.4.0\lib\net5.0\Xceed.Wpf.AvalonDock.Themes.Aero.NET5.dll [C:\Users\ultra\warewolf\Dev\Warewolf.Studio.CustomControls\Warewolf.Studio.CustomControls.csproj]
C:\Program Files\dotnet\sdk\10.0.201\Microsoft.Common.CurrentVersion.targets(2451,5): warning MSB3277:         C:\Users\ultra\.nuget\packages\extended.wpf.toolkit\4.4.0\lib\net5.0\Xceed.Wpf.Toolkit.NET5.dll [C:\Users\ultra\warewolf\Dev\Warewolf.Studio.CustomControls\Warewolf.Studio.CustomControls.csproj]
C:\Program Files\dotnet\sdk\10.0.201\Microsoft.Common.CurrentVersion.targets(2451,5): warning MSB3277:           Project file item includes which caused reference "C:\Users\ultra\.nuget\packages\extended.wpf.toolkit\4.4.0\lib\net5.0\Xceed.Wpf.Toolkit.NET5.dll". [C:\Users\ultra\warewolf\Dev\Warewolf.Studio.CustomControls\Warewolf.Studio.CustomControls.csproj]
C:\Program Files\dotnet\sdk\10.0.201\Microsoft.Common.CurrentVersion.targets(2451,5): warning MSB3277:             C:\Users\ultra\.nuget\packages\extended.wpf.toolkit\4.4.0\lib\net5.0\Xceed.Wpf.Toolkit.NET5.dll [C:\Users\ultra\warewolf\Dev\Warewolf.Studio.CustomControls\Warewolf.Studio.CustomControls.csproj]
C:\Program Files\dotnet\sdk\10.0.201\Microsoft.Common.CurrentVersion.targets(2451,5): warning MSB3277:         C:\Users\ultra\.nuget\packages\ironpython\3.4.0\lib\net6.0\IronPython.Wpf.dll [C:\Users\ultra\warewolf\Dev\Warewolf.Studio.CustomControls\Warewolf.Studio.CustomControls.csproj]
C:\Program Files\dotnet\sdk\10.0.201\Microsoft.Common.CurrentVersion.targets(2451,5): warning MSB3277:           Project file item includes which caused reference "C:\Users\ultra\.nuget\packages\ironpython\3.4.0\lib\net6.0\IronPython.Wpf.dll". [C:\Users\ultra\warewolf\Dev\Warewolf.Studio.CustomControls\Warewolf.Studio.CustomControls.csproj]
C:\Program Files\dotnet\sdk\10.0.201\Microsoft.Common.CurrentVersion.targets(2451,5): warning MSB3277:             C:\Users\ultra\.nuget\packages\ironpython\3.4.0\lib\net6.0\IronPython.Wpf.dll [C:\Users\ultra\warewolf\Dev\Warewolf.Studio.CustomControls\Warewolf.Studio.CustomControls.csproj]
C:\Program Files\dotnet\sdk\10.0.201\Microsoft.Common.CurrentVersion.targets(2451,5): warning MSB3277:         C:\Users\ultra\.nuget\packages\microsoft.xaml.behaviors.wpf\1.1.122\lib\net462\Microsoft.Xaml.Behaviors.dll [C:\Users\ultra\warewolf\Dev\Warewolf.Studio.CustomControls\Warewolf.Studio.CustomControls.csproj]
C:\Program Files\dotnet\sdk\10.0.201\Microsoft.Common.CurrentVersion.targets(2451,5): warning MSB3277:           Project file item includes which caused reference "C:\Users\ultra\.nuget\packages\microsoft.xaml.behaviors.wpf\1.1.122\lib\net462\Microsoft.Xaml.Behaviors.dll". [C:\Users\ultra\warewolf\Dev\Warewolf.Studio.CustomControls\Warewolf.Studio.CustomControls.csproj]
C:\Program Files\dotnet\sdk\10.0.201\Microsoft.Common.CurrentVersion.targets(2451,5): warning MSB3277:             C:\Users\ultra\.nuget\packages\microsoft.xaml.behaviors.wpf\1.1.122\lib\net462\Microsoft.Xaml.Behaviors.dll [C:\Users\ultra\warewolf\Dev\Warewolf.Studio.CustomControls\Warewolf.Studio.CustomControls.csproj]
C:\Program Files\dotnet\sdk\10.0.201\Microsoft.Common.CurrentVersion.targets(2451,5): warning MSB3277:             C:\Users\ultra\.nuget\packages\caliburn.micro\4.0.212\lib\netcoreapp3.1\Caliburn.Micro.Platform.dll [C:\Users\ultra\warewolf\Dev\Warewolf.Studio.CustomControls\Warewolf.Studio.CustomControls.csproj]
C:\Program Files\dotnet\sdk\10.0.201\Microsoft.Common.CurrentVersion.targets(2451,5): warning MSB3277:             C:\Users\ultra\.nuget\packages\prism.wpf\9.0.537\lib\net462\Prism.Wpf.dll [C:\Users\ultra\warewolf\Dev\Warewolf.Studio.CustomControls\Warewolf.Studio.CustomControls.csproj]
C:\Program Files\dotnet\sdk\10.0.201\Microsoft.Common.CurrentVersion.targets(2451,5): warning MSB3277:         C:\Users\ultra\.nuget\packages\prism.wpf\9.0.537\lib\net462\Prism.Wpf.dll [C:\Users\ultra\warewolf\Dev\Warewolf.Studio.CustomControls\Warewolf.Studio.CustomControls.csproj]
C:\Program Files\dotnet\sdk\10.0.201\Microsoft.Common.CurrentVersion.targets(2451,5): warning MSB3277:           Project file item includes which caused reference "C:\Users\ultra\.nuget\packages\prism.wpf\9.0.537\lib\net462\Prism.Wpf.dll". [C:\Users\ultra\warewolf\Dev\Warewolf.Studio.CustomControls\Warewolf.Studio.CustomControls.csproj]
C:\Program Files\dotnet\sdk\10.0.201\Microsoft.Common.CurrentVersion.targets(2451,5): warning MSB3277:             C:\Users\ultra\.nuget\packages\prism.wpf\9.0.537\lib\net462\Prism.Wpf.dll [C:\Users\ultra\warewolf\Dev\Warewolf.Studio.CustomControls\Warewolf.Studio.CustomControls.csproj]
C:\Program Files\dotnet\sdk\10.0.201\Microsoft.Common.CurrentVersion.targets(2451,5): warning MSB3277:         C:\Users\ultra\.nuget\packages\reactiveui.wpf\18.4.1\lib\net462\ReactiveUI.Wpf.dll [C:\Users\ultra\warewolf\Dev\Warewolf.Studio.CustomControls\Warewolf.Studio.CustomControls.csproj]
C:\Program Files\dotnet\sdk\10.0.201\Microsoft.Common.CurrentVersion.targets(2451,5): warning MSB3277:           Project file item includes which caused reference "C:\Users\ultra\.nuget\packages\reactiveui.wpf\18.4.1\lib\net462\ReactiveUI.Wpf.dll". [C:\Users\ultra\warewolf\Dev\Warewolf.Studio.CustomControls\Warewolf.Studio.CustomControls.csproj]
C:\Program Files\dotnet\sdk\10.0.201\Microsoft.Common.CurrentVersion.targets(2451,5): warning MSB3277:             C:\Users\ultra\.nuget\packages\reactiveui.wpf\18.4.1\lib\net462\ReactiveUI.Wpf.dll [C:\Users\ultra\warewolf\Dev\Warewolf.Studio.CustomControls\Warewolf.Studio.CustomControls.csproj]
C:\Program Files\dotnet\sdk\10.0.201\Microsoft.Common.CurrentVersion.targets(2451,5): warning MSB3277:         C:\Users\ultra\warewolf\Dev\Binaries\Infragistcs_Net6\InfragisticsWPF4.Controls.Menus.XamMenu.v15.1.dll [C:\Users\ultra\warewolf\Dev\Warewolf.Studio.CustomControls\Warewolf.Studio.CustomControls.csproj]
C:\Program Files\dotnet\sdk\10.0.201\Microsoft.Common.CurrentVersion.targets(2451,5): warning MSB3277:           Project file item includes which caused reference "C:\Users\ultra\warewolf\Dev\Binaries\Infragistcs_Net6\InfragisticsWPF4.Controls.Menus.XamMenu.v15.1.dll". [C:\Users\ultra\warewolf\Dev\Warewolf.Studio.CustomControls\Warewolf.Studio.CustomControls.csproj]
C:\Program Files\dotnet\sdk\10.0.201\Microsoft.Common.CurrentVersion.targets(2451,5): warning MSB3277:             InfragisticsWPF4.Controls.Grids.XamGrid.v15.1 [C:\Users\ultra\warewolf\Dev\Warewolf.Studio.CustomControls\Warewolf.Studio.CustomControls.csproj]
C:\Program Files\dotnet\sdk\10.0.201\Microsoft.Common.CurrentVersion.targets(2451,5): warning MSB3277:         C:\Users\ultra\warewolf\Dev\Binaries\Infragistcs_Net6\InfragisticsWPF4.Editors.v15.1.dll [C:\Users\ultra\warewolf\Dev\Warewolf.Studio.CustomControls\Warewolf.Studio.CustomControls.csproj]
C:\Program Files\dotnet\sdk\10.0.201\Microsoft.Common.CurrentVersion.targets(2451,5): warning MSB3277:           Project file item includes which caused reference "C:\Users\ultra\warewolf\Dev\Binaries\Infragistcs_Net6\InfragisticsWPF4.Editors.v15.1.dll". [C:\Users\ultra\warewolf\Dev\Warewolf.Studio.CustomControls\Warewolf.Studio.CustomControls.csproj]
C:\Program Files\dotnet\sdk\10.0.201\Microsoft.Common.CurrentVersion.targets(2451,5): warning MSB3277:             InfragisticsWPF4.DataPresenter.v15.1 [C:\Users\ultra\warewolf\Dev\Warewolf.Studio.CustomControls\Warewolf.Studio.CustomControls.csproj]
C:\Program Files\dotnet\sdk\10.0.201\Microsoft.Common.CurrentVersion.targets(2451,5): warning MSB3277: Found conflicts between different versions of "System.Windows.Extensions" that could not be resolved. [C:\Users\ultra\warewolf\Dev\Warewolf.Studio.CustomControls\Warewolf.Studio.CustomControls.csproj]
C:\Program Files\dotnet\sdk\10.0.201\Microsoft.Common.CurrentVersion.targets(2451,5): warning MSB3277: There was a conflict between "System.Windows.Extensions, Version=6.0.0.0, Culture=neutral, PublicKeyToken=cc7b13ffcd2ddd51" and "System.Windows.Extensions, Version=7.0.0.0, Culture=neutral, PublicKeyToken=cc7b13ffcd2ddd51". [C:\Users\ultra\warewolf\Dev\Warewolf.Studio.CustomControls\Warewolf.Studio.CustomControls.csproj]
C:\Program Files\dotnet\sdk\10.0.201\Microsoft.Common.CurrentVersion.targets(2451,5): warning MSB3277:     "System.Windows.Extensions, Version=6.0.0.0, Culture=neutral, PublicKeyToken=cc7b13ffcd2ddd51" was chosen because it was primary and "System.Windows.Extensions, Version=7.0.0.0, Culture=neutral, PublicKeyToken=cc7b13ffcd2ddd51" was not. [C:\Users\ultra\warewolf\Dev\Warewolf.Studio.CustomControls\Warewolf.Studio.CustomControls.csproj]
C:\Program Files\dotnet\sdk\10.0.201\Microsoft.Common.CurrentVersion.targets(2451,5): warning MSB3277:     References which depend on "System.Windows.Extensions, Version=6.0.0.0, Culture=neutral, PublicKeyToken=cc7b13ffcd2ddd51" [C:\Users\ultra\.nuget\packages\system.windows.extensions\6.0.0\lib\net6.0\System.Windows.Extensions.dll]. [C:\Users\ultra\warewolf\Dev\Warewolf.Studio.CustomControls\Warewolf.Studio.CustomControls.csproj]
C:\Program Files\dotnet\sdk\10.0.201\Microsoft.Common.CurrentVersion.targets(2451,5): warning MSB3277:         C:\Users\ultra\.nuget\packages\system.windows.extensions\6.0.0\lib\net6.0\System.Windows.Extensions.dll [C:\Users\ultra\warewolf\Dev\Warewolf.Studio.CustomControls\Warewolf.Studio.CustomControls.csproj]
C:\Program Files\dotnet\sdk\10.0.201\Microsoft.Common.CurrentVersion.targets(2451,5): warning MSB3277:           Project file item includes which caused reference "C:\Users\ultra\.nuget\packages\system.windows.extensions\6.0.0\lib\net6.0\System.Windows.Extensions.dll". [C:\Users\ultra\warewolf\Dev\Warewolf.Studio.CustomControls\Warewolf.Studio.CustomControls.csproj]
C:\Program Files\dotnet\sdk\10.0.201\Microsoft.Common.CurrentVersion.targets(2451,5): warning MSB3277:             C:\Users\ultra\.nuget\packages\system.windows.extensions\6.0.0\lib\net6.0\System.Windows.Extensions.dll [C:\Users\ultra\warewolf\Dev\Warewolf.Studio.CustomControls\Warewolf.Studio.CustomControls.csproj]
C:\Program Files\dotnet\sdk\10.0.201\Microsoft.Common.CurrentVersion.targets(2451,5): warning MSB3277:     References which depend on or have been unified to "System.Windows.Extensions, Version=7.0.0.0, Culture=neutral, PublicKeyToken=cc7b13ffcd2ddd51" []. [C:\Users\ultra\warewolf\Dev\Warewolf.Studio.CustomControls\Warewolf.Studio.CustomControls.csproj]
C:\Program Files\dotnet\sdk\10.0.201\Microsoft.Common.CurrentVersion.targets(2451,5): warning MSB3277:         C:\Users\ultra\.nuget\packages\extended.wpf.toolkit\4.4.0\lib\net5.0\Xceed.Wpf.Toolkit.NET5.dll [C:\Users\ultra\warewolf\Dev\Warewolf.Studio.CustomControls\Warewolf.Studio.CustomControls.csproj]
C:\Program Files\dotnet\sdk\10.0.201\Microsoft.Common.CurrentVersion.targets(2451,5): warning MSB3277:           Project file item includes which caused reference "C:\Users\ultra\.nuget\packages\extended.wpf.toolkit\4.4.0\lib\net5.0\Xceed.Wpf.Toolkit.NET5.dll". [C:\Users\ultra\warewolf\Dev\Warewolf.Studio.CustomControls\Warewolf.Studio.CustomControls.csproj]
C:\Program Files\dotnet\sdk\10.0.201\Microsoft.Common.CurrentVersion.targets(2451,5): warning MSB3277:             C:\Users\ultra\.nuget\packages\extended.wpf.toolkit\4.4.0\lib\net5.0\Xceed.Wpf.Toolkit.NET5.dll [C:\Users\ultra\warewolf\Dev\Warewolf.Studio.CustomControls\Warewolf.Studio.CustomControls.csproj]
C:\Program Files\dotnet\sdk\10.0.201\Microsoft.Common.CurrentVersion.targets(2451,5): warning MSB3277:         C:\Users\ultra\.nuget\packages\system.security.permissions\6.0.0\lib\net6.0\System.Security.Permissions.dll [C:\Users\ultra\warewolf\Dev\Warewolf.Studio.CustomControls\Warewolf.Studio.CustomControls.csproj]
C:\Program Files\dotnet\sdk\10.0.201\Microsoft.Common.CurrentVersion.targets(2451,5): warning MSB3277:           Project file item includes which caused reference "C:\Users\ultra\.nuget\packages\system.security.permissions\6.0.0\lib\net6.0\System.Security.Permissions.dll". [C:\Users\ultra\warewolf\Dev\Warewolf.Studio.CustomControls\Warewolf.Studio.CustomControls.csproj]
C:\Program Files\dotnet\sdk\10.0.201\Microsoft.Common.CurrentVersion.targets(2451,5): warning MSB3277:             C:\Users\ultra\.nuget\packages\system.security.permissions\6.0.0\lib\net6.0\System.Security.Permissions.dll [C:\Users\ultra\warewolf\Dev\Warewolf.Studio.CustomControls\Warewolf.Studio.CustomControls.csproj]
C:\Program Files\dotnet\sdk\10.0.201\Microsoft.Common.CurrentVersion.targets(2451,5): warning MSB3277:         C:\Program Files\dotnet\packs\Microsoft.NETCore.App.Ref\8.0.25\ref\net8.0\System.Security.dll [C:\Users\ultra\warewolf\Dev\Warewolf.Studio.CustomControls\Warewolf.Studio.CustomControls.csproj]
C:\Program Files\dotnet\sdk\10.0.201\Microsoft.Common.CurrentVersion.targets(2451,5): warning MSB3277:           Project file item includes which caused reference "C:\Program Files\dotnet\packs\Microsoft.NETCore.App.Ref\8.0.25\ref\net8.0\System.Security.dll". [C:\Users\ultra\warewolf\Dev\Warewolf.Studio.CustomControls\Warewolf.Studio.CustomControls.csproj]
C:\Program Files\dotnet\sdk\10.0.201\Microsoft.Common.CurrentVersion.targets(2451,5): warning MSB3277:             C:\Program Files\dotnet\packs\Microsoft.NETCore.App.Ref\8.0.25\ref/net8.0/System.Security.dll [C:\Users\ultra\warewolf\Dev\Warewolf.Studio.CustomControls\Warewolf.Studio.CustomControls.csproj]
C:\Program Files\dotnet\sdk\10.0.201\Microsoft.Common.CurrentVersion.targets(2451,5): warning MSB3277:         C:\Program Files\dotnet\packs\Microsoft.NETCore.App.Ref\8.0.25\ref\net8.0\System.dll [C:\Users\ultra\warewolf\Dev\Warewolf.Studio.CustomControls\Warewolf.Studio.CustomControls.csproj]
C:\Program Files\dotnet\sdk\10.0.201\Microsoft.Common.CurrentVersion.targets(2451,5): warning MSB3277:           Project file item includes which caused reference "C:\Program Files\dotnet\packs\Microsoft.NETCore.App.Ref\8.0.25\ref\net8.0\System.dll". [C:\Users\ultra\warewolf\Dev\Warewolf.Studio.CustomControls\Warewolf.Studio.CustomControls.csproj]
C:\Program Files\dotnet\sdk\10.0.201\Microsoft.Common.CurrentVersion.targets(2451,5): warning MSB3277:             C:\Program Files\dotnet\packs\Microsoft.NETCore.App.Ref\8.0.25\ref/net8.0/System.dll [C:\Users\ultra\warewolf\Dev\Warewolf.Studio.CustomControls\Warewolf.Studio.CustomControls.csproj]
C:\Program Files\dotnet\sdk\10.0.201\Microsoft.Common.CurrentVersion.targets(2451,5): warning MSB3277:             C:\Users\ultra\.nuget\packages\aerowizard\2.3.1\lib\net45\AeroWizard.dll [C:\Users\ultra\warewolf\Dev\Warewolf.Studio.CustomControls\Warewolf.Studio.CustomControls.csproj]
C:\Program Files\dotnet\sdk\10.0.201\Microsoft.Common.CurrentVersion.targets(2451,5): warning MSB3277:             C:\Users\ultra\.nuget\packages\groupcontrols\1.9.0\lib\net45\GroupControls.dll [C:\Users\ultra\warewolf\Dev\Warewolf.Studio.CustomControls\Warewolf.Studio.CustomControls.csproj]
C:\Program Files\dotnet\sdk\10.0.201\Microsoft.Common.CurrentVersion.targets(2451,5): warning MSB3277:             C:\Users\ultra\.nuget\packages\microsoft.xaml.behaviors.wpf\1.1.122\lib\net462\Microsoft.Xaml.Behaviors.dll [C:\Users\ultra\warewolf\Dev\Warewolf.Studio.CustomControls\Warewolf.Studio.CustomControls.csproj]
C:\Program Files\dotnet\sdk\10.0.201\Microsoft.Common.CurrentVersion.targets(2451,5): warning MSB3277:             C:\Users\ultra\.nuget\packages\caliburn.micro\4.0.212\lib\netcoreapp3.1\Caliburn.Micro.Platform.dll [C:\Users\ultra\warewolf\Dev\Warewolf.Studio.CustomControls\Warewolf.Studio.CustomControls.csproj]
C:\Program Files\dotnet\sdk\10.0.201\Microsoft.Common.CurrentVersion.targets(2451,5): warning MSB3277:             C:\Users\ultra\.nuget\packages\prism.wpf\9.0.537\lib\net462\Prism.Wpf.dll [C:\Users\ultra\warewolf\Dev\Warewolf.Studio.CustomControls\Warewolf.Studio.CustomControls.csproj]
C:\Program Files\dotnet\sdk\10.0.201\Microsoft.Common.CurrentVersion.targets(2451,5): warning MSB3277:             C:\Users\ultra\.nuget\packages\reactiveui.wpf\18.4.1\lib\net462\ReactiveUI.Wpf.dll [C:\Users\ultra\warewolf\Dev\Warewolf.Studio.CustomControls\Warewolf.Studio.CustomControls.csproj]
C:\Program Files\dotnet\sdk\10.0.201\Microsoft.Common.CurrentVersion.targets(2451,5): warning MSB3277:             C:\Users\ultra\.nuget\packages\taskschedulereditor\2.10.1\lib\net452\Microsoft.Win32.TaskSchedulerEditor.dll [C:\Users\ultra\warewolf\Dev\Warewolf.Studio.CustomControls\Warewolf.Studio.CustomControls.csproj]
C:\Program Files\dotnet\sdk\10.0.201\Microsoft.Common.CurrentVersion.targets(2451,5): warning MSB3277:             C:\Users\ultra\.nuget\packages\ttcue.netcore.sharepointonline.csom.16.1.8029.1200\16.1.8029.1200\lib\netcoreapp2.0\Microsoft.SharePoint.Client.Runtime.Windows.dll [C:\Users\ultra\warewolf\Dev\Warewolf.Studio.CustomControls\Warewolf.Studio.CustomControls.csproj]
C:\Program Files\dotnet\sdk\10.0.201\Microsoft.Common.CurrentVersion.targets(2451,5): warning MSB3277:         C:\Users\ultra\warewolf\Dev\Binaries\Infragistcs_Net6\InfragisticsWPF4.Editors.v15.1.dll [C:\Users\ultra\warewolf\Dev\Warewolf.Studio.CustomControls\Warewolf.Studio.CustomControls.csproj]
C:\Program Files\dotnet\sdk\10.0.201\Microsoft.Common.CurrentVersion.targets(2451,5): warning MSB3277:           Project file item includes which caused reference "C:\Users\ultra\warewolf\Dev\Binaries\Infragistcs_Net6\InfragisticsWPF4.Editors.v15.1.dll". [C:\Users\ultra\warewolf\Dev\Warewolf.Studio.CustomControls\Warewolf.Studio.CustomControls.csproj]
C:\Program Files\dotnet\sdk\10.0.201\Microsoft.Common.CurrentVersion.targets(2451,5): warning MSB3277:             InfragisticsWPF4.DataPresenter.v15.1 [C:\Users\ultra\warewolf\Dev\Warewolf.Studio.CustomControls\Warewolf.Studio.CustomControls.csproj]
C:\Program Files\dotnet\sdk\10.0.201\Microsoft.Common.CurrentVersion.targets(2451,5): warning MSB3277: Found conflicts between different versions of "WindowsBase" that could not be resolved. [C:\Users\ultra\warewolf\Dev\Warewolf.MergeParser.Tests\Warewolf.MergeParser.Tests.csproj]
C:\Program Files\dotnet\sdk\10.0.201\Microsoft.Common.CurrentVersion.targets(2451,5): warning MSB3277: There was a conflict between "WindowsBase, Version=4.0.0.0, Culture=neutral, PublicKeyToken=31bf3856ad364e35" and "WindowsBase, Version=6.0.2.0, Culture=neutral, PublicKeyToken=31bf3856ad364e35". [C:\Users\ultra\warewolf\Dev\Warewolf.MergeParser.Tests\Warewolf.MergeParser.Tests.csproj]
C:\Program Files\dotnet\sdk\10.0.201\Microsoft.Common.CurrentVersion.targets(2451,5): warning MSB3277:     "WindowsBase, Version=4.0.0.0, Culture=neutral, PublicKeyToken=31bf3856ad364e35" was chosen because it was primary and "WindowsBase, Version=6.0.2.0, Culture=neutral, PublicKeyToken=31bf3856ad364e35" was not. [C:\Users\ultra\warewolf\Dev\Warewolf.MergeParser.Tests\Warewolf.MergeParser.Tests.csproj]
C:\Program Files\dotnet\sdk\10.0.201\Microsoft.Common.CurrentVersion.targets(2451,5): warning MSB3277:     References which depend on "WindowsBase, Version=4.0.0.0, Culture=neutral, PublicKeyToken=31bf3856ad364e35" [C:\Program Files\dotnet\packs\Microsoft.NETCore.App.Ref\8.0.25\ref\net8.0\WindowsBase.dll]. [C:\Users\ultra\warewolf\Dev\Warewolf.MergeParser.Tests\Warewolf.MergeParser.Tests.csproj]
C:\Program Files\dotnet\sdk\10.0.201\Microsoft.Common.CurrentVersion.targets(2451,5): warning MSB3277:         C:\Program Files\dotnet\packs\Microsoft.NETCore.App.Ref\8.0.25\ref\net8.0\WindowsBase.dll [C:\Users\ultra\warewolf\Dev\Warewolf.MergeParser.Tests\Warewolf.MergeParser.Tests.csproj]
C:\Program Files\dotnet\sdk\10.0.201\Microsoft.Common.CurrentVersion.targets(2451,5): warning MSB3277:           Project file item includes which caused reference "C:\Program Files\dotnet\packs\Microsoft.NETCore.App.Ref\8.0.25\ref\net8.0\WindowsBase.dll". [C:\Users\ultra\warewolf\Dev\Warewolf.MergeParser.Tests\Warewolf.MergeParser.Tests.csproj]
C:\Program Files\dotnet\sdk\10.0.201\Microsoft.Common.CurrentVersion.targets(2451,5): warning MSB3277:             C:\Program Files\dotnet\packs\Microsoft.NETCore.App.Ref\8.0.25\ref/net8.0/WindowsBase.dll [C:\Users\ultra\warewolf\Dev\Warewolf.MergeParser.Tests\Warewolf.MergeParser.Tests.csproj]
C:\Program Files\dotnet\sdk\10.0.201\Microsoft.Common.CurrentVersion.targets(2451,5): warning MSB3277:     References which depend on or have been unified to "WindowsBase, Version=6.0.2.0, Culture=neutral, PublicKeyToken=31bf3856ad364e35" []. [C:\Users\ultra\warewolf\Dev\Warewolf.MergeParser.Tests\Warewolf.MergeParser.Tests.csproj]
C:\Program Files\dotnet\sdk\10.0.201\Microsoft.Common.CurrentVersion.targets(2451,5): warning MSB3277:         C:\Users\ultra\.nuget\packages\caliburn.micro\4.0.212\lib\netcoreapp3.1\Caliburn.Micro.Platform.dll [C:\Users\ultra\warewolf\Dev\Warewolf.MergeParser.Tests\Warewolf.MergeParser.Tests.csproj]
C:\Program Files\dotnet\sdk\10.0.201\Microsoft.Common.CurrentVersion.targets(2451,5): warning MSB3277:           Project file item includes which caused reference "C:\Users\ultra\.nuget\packages\caliburn.micro\4.0.212\lib\netcoreapp3.1\Caliburn.Micro.Platform.dll". [C:\Users\ultra\warewolf\Dev\Warewolf.MergeParser.Tests\Warewolf.MergeParser.Tests.csproj]
C:\Program Files\dotnet\sdk\10.0.201\Microsoft.Common.CurrentVersion.targets(2451,5): warning MSB3277:             C:\Users\ultra\.nuget\packages\caliburn.micro\4.0.212\lib\netcoreapp3.1\Caliburn.Micro.Platform.dll [C:\Users\ultra\warewolf\Dev\Warewolf.MergeParser.Tests\Warewolf.MergeParser.Tests.csproj]
C:\Program Files\dotnet\sdk\10.0.201\Microsoft.Common.CurrentVersion.targets(2451,5): warning MSB3277:         C:\Users\ultra\.nuget\packages\ironpython\3.4.0\lib\net6.0\IronPython.Wpf.dll [C:\Users\ultra\warewolf\Dev\Warewolf.MergeParser.Tests\Warewolf.MergeParser.Tests.csproj]
C:\Program Files\dotnet\sdk\10.0.201\Microsoft.Common.CurrentVersion.targets(2451,5): warning MSB3277:           Project file item includes which caused reference "C:\Users\ultra\.nuget\packages\ironpython\3.4.0\lib\net6.0\IronPython.Wpf.dll". [C:\Users\ultra\warewolf\Dev\Warewolf.MergeParser.Tests\Warewolf.MergeParser.Tests.csproj]
C:\Program Files\dotnet\sdk\10.0.201\Microsoft.Common.CurrentVersion.targets(2451,5): warning MSB3277:             C:\Users\ultra\.nuget\packages\ironpython\3.4.0\lib\net6.0\IronPython.Wpf.dll [C:\Users\ultra\warewolf\Dev\Warewolf.MergeParser.Tests\Warewolf.MergeParser.Tests.csproj]
C:\Program Files\dotnet\sdk\10.0.201\Microsoft.Common.CurrentVersion.targets(2451,5): warning MSB3277:         C:\Users\ultra\.nuget\packages\microsoft.xaml.behaviors.wpf\1.1.122\lib\net462\Microsoft.Xaml.Behaviors.dll [C:\Users\ultra\warewolf\Dev\Warewolf.MergeParser.Tests\Warewolf.MergeParser.Tests.csproj]
C:\Program Files\dotnet\sdk\10.0.201\Microsoft.Common.CurrentVersion.targets(2451,5): warning MSB3277:           Project file item includes which caused reference "C:\Users\ultra\.nuget\packages\microsoft.xaml.behaviors.wpf\1.1.122\lib\net462\Microsoft.Xaml.Behaviors.dll". [C:\Users\ultra\warewolf\Dev\Warewolf.MergeParser.Tests\Warewolf.MergeParser.Tests.csproj]
C:\Program Files\dotnet\sdk\10.0.201\Microsoft.Common.CurrentVersion.targets(2451,5): warning MSB3277:             C:\Users\ultra\.nuget\packages\microsoft.xaml.behaviors.wpf\1.1.122\lib\net462\Microsoft.Xaml.Behaviors.dll [C:\Users\ultra\warewolf\Dev\Warewolf.MergeParser.Tests\Warewolf.MergeParser.Tests.csproj]
C:\Program Files\dotnet\sdk\10.0.201\Microsoft.Common.CurrentVersion.targets(2451,5): warning MSB3277:             C:\Users\ultra\.nuget\packages\caliburn.micro\4.0.212\lib\netcoreapp3.1\Caliburn.Micro.Platform.dll [C:\Users\ultra\warewolf\Dev\Warewolf.MergeParser.Tests\Warewolf.MergeParser.Tests.csproj]
C:\Program Files\dotnet\sdk\10.0.201\Microsoft.Common.CurrentVersion.targets(2451,5): warning MSB3277:             C:\Users\ultra\.nuget\packages\prism.wpf\9.0.537\lib\net462\Prism.Wpf.dll [C:\Users\ultra\warewolf\Dev\Warewolf.MergeParser.Tests\Warewolf.MergeParser.Tests.csproj]
C:\Program Files\dotnet\sdk\10.0.201\Microsoft.Common.CurrentVersion.targets(2451,5): warning MSB3277:         C:\Users\ultra\.nuget\packages\prism.wpf\9.0.537\lib\net462\Prism.Wpf.dll [C:\Users\ultra\warewolf\Dev\Warewolf.MergeParser.Tests\Warewolf.MergeParser.Tests.csproj]
C:\Program Files\dotnet\sdk\10.0.201\Microsoft.Common.CurrentVersion.targets(2451,5): warning MSB3277:           Project file item includes which caused reference "C:\Users\ultra\.nuget\packages\prism.wpf\9.0.537\lib\net462\Prism.Wpf.dll". [C:\Users\ultra\warewolf\Dev\Warewolf.MergeParser.Tests\Warewolf.MergeParser.Tests.csproj]
C:\Program Files\dotnet\sdk\10.0.201\Microsoft.Common.CurrentVersion.targets(2451,5): warning MSB3277:             C:\Users\ultra\.nuget\packages\prism.wpf\9.0.537\lib\net462\Prism.Wpf.dll [C:\Users\ultra\warewolf\Dev\Warewolf.MergeParser.Tests\Warewolf.MergeParser.Tests.csproj]
C:\Program Files\dotnet\sdk\10.0.201\Microsoft.Common.CurrentVersion.targets(2451,5): warning MSB3277:         C:\Users\ultra\.nuget\packages\reactiveui.wpf\18.4.1\lib\net462\ReactiveUI.Wpf.dll [C:\Users\ultra\warewolf\Dev\Warewolf.MergeParser.Tests\Warewolf.MergeParser.Tests.csproj]
C:\Program Files\dotnet\sdk\10.0.201\Microsoft.Common.CurrentVersion.targets(2451,5): warning MSB3277:           Project file item includes which caused reference "C:\Users\ultra\.nuget\packages\reactiveui.wpf\18.4.1\lib\net462\ReactiveUI.Wpf.dll". [C:\Users\ultra\warewolf\Dev\Warewolf.MergeParser.Tests\Warewolf.MergeParser.Tests.csproj]
C:\Program Files\dotnet\sdk\10.0.201\Microsoft.Common.CurrentVersion.targets(2451,5): warning MSB3277:             C:\Users\ultra\.nuget\packages\reactiveui.wpf\18.4.1\lib\net462\ReactiveUI.Wpf.dll [C:\Users\ultra\warewolf\Dev\Warewolf.MergeParser.Tests\Warewolf.MergeParser.Tests.csproj]
  Warewolf.Logger -> C:\Users\ultra\warewolf\Dev\Warewolf.Logger\bin\Debug\net8.0\linux-x64\WarewolfLogger.dll
C:\Users\ultra\warewolf\Dev\Warewolf.Studio.CustomControls\ScriptManager.cs(36,6): warning SYSLIB0003: 'PermissionSetAttribute' is obsolete: 'Code Access Security is not supported or honored by the runtime.' (https://aka.ms/dotnet-warnings/SYSLIB0003) [C:\Users\ultra\warewolf\Dev\Warewolf.Studio.CustomControls\Warewolf.Studio.CustomControls.csproj]
C:\Users\ultra\warewolf\Dev\Warewolf.Studio.CustomControls\ScriptManager.cs(36,20): warning SYSLIB0003: 'SecurityAction' is obsolete: 'Code Access Security is not supported or honored by the runtime.' (https://aka.ms/dotnet-warnings/SYSLIB0003) [C:\Users\ultra\warewolf\Dev\Warewolf.Studio.CustomControls\Warewolf.Studio.CustomControls.csproj]
C:\Users\ultra\warewolf\Dev\Warewolf.Studio.CustomControls\ScriptManager.cs(53,48): warning SYSLIB0044: 'AssemblyName.CodeBase' is obsolete: 'AssemblyName.CodeBase and AssemblyName.EscapedCodeBase are obsolete. Using them for loading an assembly is not supported.' (https://aka.ms/dotnet-warnings/SYSLIB0044) [C:\Users\ultra\warewolf\Dev\Warewolf.Studio.CustomControls\Warewolf.Studio.CustomControls.csproj]
C:\Users\ultra\warewolf\Dev\Warewolf.Studio.CustomControls\ScriptManager.cs(153,33): warning CC0022: ManagementObjectSearcher should be disposed. (https://code-cracker.github.io/diagnostics/CC0022.html) [C:\Users\ultra\warewolf\Dev\Warewolf.Studio.CustomControls\Warewolf.Studio.CustomControls.csproj]
C:\Users\ultra\warewolf\Dev\Warewolf.Studio.CustomControls\ScriptManager.cs(153,33): warning CA1416: This call site is reachable on all platforms. 'ManagementObjectSearcher.Get()' is only supported on: 'windows'. (https://learn.microsoft.com/dotnet/fundamentals/code-analysis/quality-rules/ca1416) [C:\Users\ultra\warewolf\Dev\Warewolf.Studio.CustomControls\Warewolf.Studio.CustomControls.csproj]
C:\Users\ultra\warewolf\Dev\Warewolf.Studio.CustomControls\ScriptManager.cs(155,40): warning CA1416: This call site is reachable on all platforms. 'ManagementBaseObject.this[string]' is only supported on: 'windows'. (https://learn.microsoft.com/dotnet/fundamentals/code-analysis/quality-rules/ca1416) [C:\Users\ultra\warewolf\Dev\Warewolf.Studio.CustomControls\Warewolf.Studio.CustomControls.csproj]
C:\Users\ultra\warewolf\Dev\Warewolf.Studio.CustomControls\ScriptManager.cs(153,33): warning CA1416: This call site is reachable on all platforms. 'ManagementObjectSearcher' is only supported on: 'windows'. (https://learn.microsoft.com/dotnet/fundamentals/code-analysis/quality-rules/ca1416) [C:\Users\ultra\warewolf\Dev\Warewolf.Studio.CustomControls\Warewolf.Studio.CustomControls.csproj]
C:\Program Files\dotnet\sdk\10.0.201\Sdks\Microsoft.NET.Sdk\targets\Microsoft.NET.Sdk.targets(308,5): warning NETSDK1206: Found version-specific or distribution-specific runtime identifier(s): win10-x64, win10-x86, win7-x64, win7-x86, win8-x64, win8-x86, win81-x64, win81-x86. Affected libraries: Microsoft.Management.Infrastructure.Runtime.Win, SQLite. In .NET 8.0 and higher, assets for version-specific and distribution-specific runtime identifiers will not be found by default. See https://aka.ms/dotnet/rid-usage for details. [C:\Users\ultra\warewolf\Dev\Warewolf.UI\Warewolf.UI.csproj]
  Warewolf.UI -> C:\Users\ultra\warewolf\Dev\Warewolf.UI\bin\Debug\net8.0\Warewolf.UI.dll
C:\Program Files\dotnet\sdk\10.0.201\Sdks\Microsoft.NET.Sdk\targets\Microsoft.NET.Sdk.targets(308,5): warning NETSDK1206: Found version-specific or distribution-specific runtime identifier(s): win10-x64, win10-x86, win7-x64, win7-x86, win8-x64, win8-x86, win81-x64, win81-x86. Affected libraries: Microsoft.Management.Infrastructure.Runtime.Win, SQLite. In .NET 8.0 and higher, assets for version-specific and distribution-specific runtime identifiers will not be found by default. See https://aka.ms/dotnet/rid-usage for details. [C:\Users\ultra\warewolf\Dev\Warewolf.Logger\Warewolf.Logger.csproj]
  Warewolf.Logger -> C:\Users\ultra\warewolf\Dev\Warewolf.Logger\bin\Debug\net8.0\WarewolfLogger.dll
C:\Program Files\dotnet\sdk\10.0.201\Microsoft.Common.CurrentVersion.targets(2451,5): warning MSB3245: Could not resolve this reference. Could not locate the assembly "System.Web". Check to make sure the assembly exists on disk. If this reference is required by your code, you may get compilation errors. [C:\Users\ultra\warewolf\Dev\Dev2.Runtime.WebServer\Dev2.Runtime.WebServer.csproj]
C:\Program Files\dotnet\sdk\10.0.201\Sdks\Microsoft.NET.Sdk\targets\Microsoft.NET.Sdk.targets(308,5): warning NETSDK1206: Found version-specific or distribution-specific runtime identifier(s): win10-x64, win10-x86, win7-x64, win7-x86, win8-x64, win8-x86, win81-x64, win81-x86. Affected libraries: Microsoft.Management.Infrastructure.Runtime.Win, SQLite. In .NET 8.0 and higher, assets for version-specific and distribution-specific runtime identifiers will not be found by default. See https://aka.ms/dotnet/rid-usage for details. [C:\Users\ultra\warewolf\Dev\Warewolf.Studio.CustomControls\Warewolf.Studio.CustomControls.csproj]
  Warewolf.Studio.CustomControls -> C:\Users\ultra\warewolf\Dev\Warewolf.Studio.CustomControls\bin\Debug\net8.0\Warewolf.Studio.CustomControls.dll
C:\Program Files\dotnet\sdk\10.0.201\Microsoft.Common.CurrentVersion.targets(2451,5): warning MSB3243: No way to resolve conflict between "System.Web, Version=4.0.0.0, Culture=neutral, PublicKeyToken=b03f5f7f11d50a3a" and "System.Web". Choosing "System.Web, Version=4.0.0.0, Culture=neutral, PublicKeyToken=b03f5f7f11d50a3a" arbitrarily. [C:\Users\ultra\warewolf\Dev\Dev2.Runtime.WebServer\Dev2.Runtime.WebServer.csproj]
C:\Program Files\dotnet\sdk\10.0.201\Microsoft.Common.CurrentVersion.targets(2451,5): warning MSB3277: Found conflicts between different versions of "WindowsBase" that could not be resolved. [C:\Users\ultra\warewolf\Dev\Dev2.Runtime.WebServer\Dev2.Runtime.WebServer.csproj]
C:\Program Files\dotnet\sdk\10.0.201\Microsoft.Common.CurrentVersion.targets(2451,5): warning MSB3277: There was a conflict between "WindowsBase, Version=4.0.0.0, Culture=neutral, PublicKeyToken=31bf3856ad364e35" and "WindowsBase, Version=6.0.2.0, Culture=neutral, PublicKeyToken=31bf3856ad364e35". [C:\Users\ultra\warewolf\Dev\Dev2.Runtime.WebServer\Dev2.Runtime.WebServer.csproj]
C:\Program Files\dotnet\sdk\10.0.201\Microsoft.Common.CurrentVersion.targets(2451,5): warning MSB3277:     "WindowsBase, Version=4.0.0.0, Culture=neutral, PublicKeyToken=31bf3856ad364e35" was chosen because it was primary and "WindowsBase, Version=6.0.2.0, Culture=neutral, PublicKeyToken=31bf3856ad364e35" was not. [C:\Users\ultra\warewolf\Dev\Dev2.Runtime.WebServer\Dev2.Runtime.WebServer.csproj]
C:\Program Files\dotnet\sdk\10.0.201\Microsoft.Common.CurrentVersion.targets(2451,5): warning MSB3277:     References which depend on "WindowsBase, Version=4.0.0.0, Culture=neutral, PublicKeyToken=31bf3856ad364e35" [C:\Program Files\dotnet\packs\Microsoft.NETCore.App.Ref\8.0.25\ref\net8.0\WindowsBase.dll]. [C:\Users\ultra\warewolf\Dev\Dev2.Runtime.WebServer\Dev2.Runtime.WebServer.csproj]
C:\Program Files\dotnet\sdk\10.0.201\Microsoft.Common.CurrentVersion.targets(2451,5): warning MSB3277:         C:\Program Files\dotnet\packs\Microsoft.NETCore.App.Ref\8.0.25\ref\net8.0\WindowsBase.dll [C:\Users\ultra\warewolf\Dev\Dev2.Runtime.WebServer\Dev2.Runtime.WebServer.csproj]
C:\Program Files\dotnet\sdk\10.0.201\Microsoft.Common.CurrentVersion.targets(2451,5): warning MSB3277:           Project file item includes which caused reference "C:\Program Files\dotnet\packs\Microsoft.NETCore.App.Ref\8.0.25\ref\net8.0\WindowsBase.dll". [C:\Users\ultra\warewolf\Dev\Dev2.Runtime.WebServer\Dev2.Runtime.WebServer.csproj]
C:\Program Files\dotnet\sdk\10.0.201\Microsoft.Common.CurrentVersion.targets(2451,5): warning MSB3277:             C:\Program Files\dotnet\packs\Microsoft.NETCore.App.Ref\8.0.25\ref/net8.0/WindowsBase.dll [C:\Users\ultra\warewolf\Dev\Dev2.Runtime.WebServer\Dev2.Runtime.WebServer.csproj]
C:\Program Files\dotnet\sdk\10.0.201\Microsoft.Common.CurrentVersion.targets(2451,5): warning MSB3277:     References which depend on or have been unified to "WindowsBase, Version=6.0.2.0, Culture=neutral, PublicKeyToken=31bf3856ad364e35" []. [C:\Users\ultra\warewolf\Dev\Dev2.Runtime.WebServer\Dev2.Runtime.WebServer.csproj]
C:\Program Files\dotnet\sdk\10.0.201\Microsoft.Common.CurrentVersion.targets(2451,5): warning MSB3277:         C:\Users\ultra\.nuget\packages\caliburn.micro\4.0.212\lib\netcoreapp3.1\Caliburn.Micro.Platform.dll [C:\Users\ultra\warewolf\Dev\Dev2.Runtime.WebServer\Dev2.Runtime.WebServer.csproj]
C:\Program Files\dotnet\sdk\10.0.201\Microsoft.Common.CurrentVersion.targets(2451,5): warning MSB3277:           Project file item includes which caused reference "C:\Users\ultra\.nuget\packages\caliburn.micro\4.0.212\lib\netcoreapp3.1\Caliburn.Micro.Platform.dll". [C:\Users\ultra\warewolf\Dev\Dev2.Runtime.WebServer\Dev2.Runtime.WebServer.csproj]
C:\Program Files\dotnet\sdk\10.0.201\Microsoft.Common.CurrentVersion.targets(2451,5): warning MSB3277:             C:\Users\ultra\.nuget\packages\caliburn.micro\4.0.212\lib\netcoreapp3.1\Caliburn.Micro.Platform.dll [C:\Users\ultra\warewolf\Dev\Dev2.Runtime.WebServer\Dev2.Runtime.WebServer.csproj]
C:\Program Files\dotnet\sdk\10.0.201\Microsoft.Common.CurrentVersion.targets(2451,5): warning MSB3277:         C:\Users\ultra\.nuget\packages\ironpython\3.4.0\lib\net6.0\IronPython.Wpf.dll [C:\Users\ultra\warewolf\Dev\Dev2.Runtime.WebServer\Dev2.Runtime.WebServer.csproj]
C:\Program Files\dotnet\sdk\10.0.201\Microsoft.Common.CurrentVersion.targets(2451,5): warning MSB3277:           Project file item includes which caused reference "C:\Users\ultra\.nuget\packages\ironpython\3.4.0\lib\net6.0\IronPython.Wpf.dll". [C:\Users\ultra\warewolf\Dev\Dev2.Runtime.WebServer\Dev2.Runtime.WebServer.csproj]
C:\Program Files\dotnet\sdk\10.0.201\Microsoft.Common.CurrentVersion.targets(2451,5): warning MSB3277:             C:\Users\ultra\.nuget\packages\ironpython\3.4.0\lib\net6.0\IronPython.Wpf.dll [C:\Users\ultra\warewolf\Dev\Dev2.Runtime.WebServer\Dev2.Runtime.WebServer.csproj]
C:\Program Files\dotnet\sdk\10.0.201\Microsoft.Common.CurrentVersion.targets(2451,5): warning MSB3277:         C:\Users\ultra\.nuget\packages\microsoft.xaml.behaviors.wpf\1.1.122\lib\net462\Microsoft.Xaml.Behaviors.dll [C:\Users\ultra\warewolf\Dev\Dev2.Runtime.WebServer\Dev2.Runtime.WebServer.csproj]
C:\Program Files\dotnet\sdk\10.0.201\Microsoft.Common.CurrentVersion.targets(2451,5): warning MSB3277:           Project file item includes which caused reference "C:\Users\ultra\.nuget\packages\microsoft.xaml.behaviors.wpf\1.1.122\lib\net462\Microsoft.Xaml.Behaviors.dll". [C:\Users\ultra\warewolf\Dev\Dev2.Runtime.WebServer\Dev2.Runtime.WebServer.csproj]
C:\Program Files\dotnet\sdk\10.0.201\Microsoft.Common.CurrentVersion.targets(2451,5): warning MSB3277:             C:\Users\ultra\.nuget\packages\microsoft.xaml.behaviors.wpf\1.1.122\lib\net462\Microsoft.Xaml.Behaviors.dll [C:\Users\ultra\warewolf\Dev\Dev2.Runtime.WebServer\Dev2.Runtime.WebServer.csproj]
C:\Program Files\dotnet\sdk\10.0.201\Microsoft.Common.CurrentVersion.targets(2451,5): warning MSB3277:             C:\Users\ultra\.nuget\packages\caliburn.micro\4.0.212\lib\netcoreapp3.1\Caliburn.Micro.Platform.dll [C:\Users\ultra\warewolf\Dev\Dev2.Runtime.WebServer\Dev2.Runtime.WebServer.csproj]
C:\Program Files\dotnet\sdk\10.0.201\Microsoft.Common.CurrentVersion.targets(2451,5): warning MSB3277:             C:\Users\ultra\.nuget\packages\prism.wpf\9.0.537\lib\net462\Prism.Wpf.dll [C:\Users\ultra\warewolf\Dev\Dev2.Runtime.WebServer\Dev2.Runtime.WebServer.csproj]
C:\Program Files\dotnet\sdk\10.0.201\Microsoft.Common.CurrentVersion.targets(2451,5): warning MSB3277:         C:\Users\ultra\.nuget\packages\prism.wpf\9.0.537\lib\net462\Prism.Wpf.dll [C:\Users\ultra\warewolf\Dev\Dev2.Runtime.WebServer\Dev2.Runtime.WebServer.csproj]
C:\Program Files\dotnet\sdk\10.0.201\Microsoft.Common.CurrentVersion.targets(2451,5): warning MSB3277:           Project file item includes which caused reference "C:\Users\ultra\.nuget\packages\prism.wpf\9.0.537\lib\net462\Prism.Wpf.dll". [C:\Users\ultra\warewolf\Dev\Dev2.Runtime.WebServer\Dev2.Runtime.WebServer.csproj]
C:\Program Files\dotnet\sdk\10.0.201\Microsoft.Common.CurrentVersion.targets(2451,5): warning MSB3277:             C:\Users\ultra\.nuget\packages\prism.wpf\9.0.537\lib\net462\Prism.Wpf.dll [C:\Users\ultra\warewolf\Dev\Dev2.Runtime.WebServer\Dev2.Runtime.WebServer.csproj]
C:\Program Files\dotnet\sdk\10.0.201\Microsoft.Common.CurrentVersion.targets(2451,5): warning MSB3277:         C:\Users\ultra\.nuget\packages\reactiveui.wpf\18.4.1\lib\net462\ReactiveUI.Wpf.dll [C:\Users\ultra\warewolf\Dev\Dev2.Runtime.WebServer\Dev2.Runtime.WebServer.csproj]
C:\Program Files\dotnet\sdk\10.0.201\Microsoft.Common.CurrentVersion.targets(2451,5): warning MSB3277:           Project file item includes which caused reference "C:\Users\ultra\.nuget\packages\reactiveui.wpf\18.4.1\lib\net462\ReactiveUI.Wpf.dll". [C:\Users\ultra\warewolf\Dev\Dev2.Runtime.WebServer\Dev2.Runtime.WebServer.csproj]
C:\Program Files\dotnet\sdk\10.0.201\Microsoft.Common.CurrentVersion.targets(2451,5): warning MSB3277:             C:\Users\ultra\.nuget\packages\reactiveui.wpf\18.4.1\lib\net462\ReactiveUI.Wpf.dll [C:\Users\ultra\warewolf\Dev\Dev2.Runtime.WebServer\Dev2.Runtime.WebServer.csproj]
C:\Program Files\dotnet\sdk\10.0.201\Microsoft.Common.CurrentVersion.targets(2451,5): warning MSB3277: Found conflicts between different versions of "Microsoft.Win32.SystemEvents" that could not be resolved. [C:\Users\ultra\warewolf\Dev\Warewolf.Studio.Themes.Luna\Warewolf.Studio.Themes.Luna.csproj]
C:\Program Files\dotnet\sdk\10.0.201\Microsoft.Common.CurrentVersion.targets(2451,5): warning MSB3277: There was a conflict between "Microsoft.Win32.SystemEvents, Version=6.0.0.0, Culture=neutral, PublicKeyToken=cc7b13ffcd2ddd51" and "Microsoft.Win32.SystemEvents, Version=7.0.0.0, Culture=neutral, PublicKeyToken=cc7b13ffcd2ddd51". [C:\Users\ultra\warewolf\Dev\Warewolf.Studio.Themes.Luna\Warewolf.Studio.Themes.Luna.csproj]
C:\Program Files\dotnet\sdk\10.0.201\Microsoft.Common.CurrentVersion.targets(2451,5): warning MSB3277:     "Microsoft.Win32.SystemEvents, Version=6.0.0.0, Culture=neutral, PublicKeyToken=cc7b13ffcd2ddd51" was chosen because it was primary and "Microsoft.Win32.SystemEvents, Version=7.0.0.0, Culture=neutral, PublicKeyToken=cc7b13ffcd2ddd51" was not. [C:\Users\ultra\warewolf\Dev\Warewolf.Studio.Themes.Luna\Warewolf.Studio.Themes.Luna.csproj]
C:\Program Files\dotnet\sdk\10.0.201\Microsoft.Common.CurrentVersion.targets(2451,5): warning MSB3277:     References which depend on "Microsoft.Win32.SystemEvents, Version=6.0.0.0, Culture=neutral, PublicKeyToken=cc7b13ffcd2ddd51" [C:\Users\ultra\.nuget\packages\microsoft.win32.systemevents\6.0.0\lib\net6.0\Microsoft.Win32.SystemEvents.dll]. [C:\Users\ultra\warewolf\Dev\Warewolf.Studio.Themes.Luna\Warewolf.Studio.Themes.Luna.csproj]
C:\Program Files\dotnet\sdk\10.0.201\Microsoft.Common.CurrentVersion.targets(2451,5): warning MSB3277:         C:\Users\ultra\.nuget\packages\microsoft.win32.systemevents\6.0.0\lib\net6.0\Microsoft.Win32.SystemEvents.dll [C:\Users\ultra\warewolf\Dev\Warewolf.Studio.Themes.Luna\Warewolf.Studio.Themes.Luna.csproj]
C:\Program Files\dotnet\sdk\10.0.201\Microsoft.Common.CurrentVersion.targets(2451,5): warning MSB3277:           Project file item includes which caused reference "C:\Users\ultra\.nuget\packages\microsoft.win32.systemevents\6.0.0\lib\net6.0\Microsoft.Win32.SystemEvents.dll". [C:\Users\ultra\warewolf\Dev\Warewolf.Studio.Themes.Luna\Warewolf.Studio.Themes.Luna.csproj]
C:\Program Files\dotnet\sdk\10.0.201\Microsoft.Common.CurrentVersion.targets(2451,5): warning MSB3277:             C:\Users\ultra\.nuget\packages\microsoft.win32.systemevents\6.0.0\lib\net6.0\Microsoft.Win32.SystemEvents.dll [C:\Users\ultra\warewolf\Dev\Warewolf.Studio.Themes.Luna\Warewolf.Studio.Themes.Luna.csproj]
C:\Program Files\dotnet\sdk\10.0.201\Microsoft.Common.CurrentVersion.targets(2451,5): warning MSB3277:     References which depend on or have been unified to "Microsoft.Win32.SystemEvents, Version=7.0.0.0, Culture=neutral, PublicKeyToken=cc7b13ffcd2ddd51" []. [C:\Users\ultra\warewolf\Dev\Warewolf.Studio.Themes.Luna\Warewolf.Studio.Themes.Luna.csproj]
C:\Program Files\dotnet\sdk\10.0.201\Microsoft.Common.CurrentVersion.targets(2451,5): warning MSB3277:         C:\Users\ultra\warewolf\Dev\Dev2.Common\bin\Debug\net8.0\Dev2.Common.dll [C:\Users\ultra\warewolf\Dev\Warewolf.Studio.Themes.Luna\Warewolf.Studio.Themes.Luna.csproj]
C:\Program Files\dotnet\sdk\10.0.201\Microsoft.Common.CurrentVersion.targets(2451,5): warning MSB3277:           Project file item includes which caused reference "C:\Users\ultra\warewolf\Dev\Dev2.Common\bin\Debug\net8.0\Dev2.Common.dll". [C:\Users\ultra\warewolf\Dev\Warewolf.Studio.Themes.Luna\Warewolf.Studio.Themes.Luna.csproj]
C:\Program Files\dotnet\sdk\10.0.201\Microsoft.Common.CurrentVersion.targets(2451,5): warning MSB3277:             C:\Users\ultra\warewolf\Dev\Dev2.Common\bin\Debug\net8.0\Dev2.Common.dll [C:\Users\ultra\warewolf\Dev\Warewolf.Studio.Themes.Luna\Warewolf.Studio.Themes.Luna.csproj]
C:\Program Files\dotnet\sdk\10.0.201\Microsoft.Common.CurrentVersion.targets(2451,5): warning MSB3277:             C:\Users\ultra\warewolf\Dev\Dev2.Intellisense\bin\Debug\net8.0\Dev2.Intellisense.dll [C:\Users\ultra\warewolf\Dev\Warewolf.Studio.Themes.Luna\Warewolf.Studio.Themes.Luna.csproj]
C:\Program Files\dotnet\sdk\10.0.201\Microsoft.Common.CurrentVersion.targets(2451,5): warning MSB3277:             C:\Users\ultra\warewolf\Dev\Dev2.Studio.Core\bin\Debug\net8.0\Dev2.Studio.Core.dll [C:\Users\ultra\warewolf\Dev\Warewolf.Studio.Themes.Luna\Warewolf.Studio.Themes.Luna.csproj]
C:\Program Files\dotnet\sdk\10.0.201\Microsoft.Common.CurrentVersion.targets(2451,5): warning MSB3277:             C:\Users\ultra\warewolf\Dev\Dev2.Studio.Interfaces\bin\Debug\net8.0\Dev2.Studio.Interfaces.dll [C:\Users\ultra\warewolf\Dev\Warewolf.Studio.Themes.Luna\Warewolf.Studio.Themes.Luna.csproj]
C:\Program Files\dotnet\sdk\10.0.201\Microsoft.Common.CurrentVersion.targets(2451,5): warning MSB3277:             C:\Users\ultra\warewolf\Dev\Warewolf.Studio.Core\bin\Debug\net8.0\Warewolf.Studio.Core.dll [C:\Users\ultra\warewolf\Dev\Warewolf.Studio.Themes.Luna\Warewolf.Studio.Themes.Luna.csproj]
C:\Program Files\dotnet\sdk\10.0.201\Microsoft.Common.CurrentVersion.targets(2451,5): warning MSB3277:             C:\Users\ultra\warewolf\Dev\Warewolf.Studio.CustomControls\bin\Debug\net8.0\Warewolf.Studio.CustomControls.dll [C:\Users\ultra\warewolf\Dev\Warewolf.Studio.Themes.Luna\Warewolf.Studio.Themes.Luna.csproj]
C:\Program Files\dotnet\sdk\10.0.201\Microsoft.Common.CurrentVersion.targets(2451,5): warning MSB3277:             C:\Users\ultra\warewolf\Dev\Dev2.Activities\bin\Debug\net8.0\Dev2.Activities.dll [C:\Users\ultra\warewolf\Dev\Warewolf.Studio.Themes.Luna\Warewolf.Studio.Themes.Luna.csproj]
C:\Program Files\dotnet\sdk\10.0.201\Microsoft.Common.CurrentVersion.targets(2451,5): warning MSB3277:             C:\Users\ultra\warewolf\Dev\Dev2.Core\bin\Debug\net8.0\Dev2.Core.dll [C:\Users\ultra\warewolf\Dev\Warewolf.Studio.Themes.Luna\Warewolf.Studio.Themes.Luna.csproj]
C:\Program Files\dotnet\sdk\10.0.201\Microsoft.Common.CurrentVersion.targets(2451,5): warning MSB3277:             C:\Users\ultra\warewolf\Dev\Warewolf.UI\bin\Debug\net8.0\Warewolf.UI.dll [C:\Users\ultra\warewolf\Dev\Warewolf.Studio.Themes.Luna\Warewolf.Studio.Themes.Luna.csproj]
C:\Program Files\dotnet\sdk\10.0.201\Microsoft.Common.CurrentVersion.targets(2451,5): warning MSB3277:             C:\Users\ultra\warewolf\Dev\Dev2.Data\bin\Debug\net8.0\Dev2.Data.dll [C:\Users\ultra\warewolf\Dev\Warewolf.Studio.Themes.Luna\Warewolf.Studio.Themes.Luna.csproj]
C:\Program Files\dotnet\sdk\10.0.201\Microsoft.Common.CurrentVersion.targets(2451,5): warning MSB3277:             C:\Users\ultra\warewolf\Dev\Dev2.Development.Languages\bin\Debug\net8.0\Dev2.Development.Languages.dll [C:\Users\ultra\warewolf\Dev\Warewolf.Studio.Themes.Luna\Warewolf.Studio.Themes.Luna.csproj]
C:\Program Files\dotnet\sdk\10.0.201\Microsoft.Common.CurrentVersion.targets(2451,5): warning MSB3277:             C:\Users\ultra\warewolf\Dev\Dev2.Diagnostics\bin\Debug\net8.0\Dev2.Diagnostics.dll [C:\Users\ultra\warewolf\Dev\Warewolf.Studio.Themes.Luna\Warewolf.Studio.Themes.Luna.csproj]
C:\Program Files\dotnet\sdk\10.0.201\Microsoft.Common.CurrentVersion.targets(2451,5): warning MSB3277:             C:\Users\ultra\warewolf\Dev\Dev2.Infrastructure\bin\Debug\net8.0\Dev2.Infrastructure.dll [C:\Users\ultra\warewolf\Dev\Warewolf.Studio.Themes.Luna\Warewolf.Studio.Themes.Luna.csproj]
C:\Program Files\dotnet\sdk\10.0.201\Microsoft.Common.CurrentVersion.targets(2451,5): warning MSB3277:             C:\Users\ultra\warewolf\Dev\Dev2.Runtime.Services\bin\Debug\net8.0\Dev2.Runtime.Services.dll [C:\Users\ultra\warewolf\Dev\Warewolf.Studio.Themes.Luna\Warewolf.Studio.Themes.Luna.csproj]
C:\Program Files\dotnet\sdk\10.0.201\Microsoft.Common.CurrentVersion.targets(2451,5): warning MSB3277:             C:\Users\ultra\warewolf\Dev\Dev2.Scheduler\bin\Debug\net8.0\Dev2.Scheduler.dll [C:\Users\ultra\warewolf\Dev\Warewolf.Studio.Themes.Luna\Warewolf.Studio.Themes.Luna.csproj]
C:\Program Files\dotnet\sdk\10.0.201\Microsoft.Common.CurrentVersion.targets(2451,5): warning MSB3277:             C:\Users\ultra\warewolf\Dev\Dev2.Services.Execution\bin\Debug\net8.0\Dev2.Services.Execution.dll [C:\Users\ultra\warewolf\Dev\Warewolf.Studio.Themes.Luna\Warewolf.Studio.Themes.Luna.csproj]
C:\Program Files\dotnet\sdk\10.0.201\Microsoft.Common.CurrentVersion.targets(2451,5): warning MSB3277:             C:\Users\ultra\warewolf\Dev\Dev2.Services.Sql\bin\Debug\net8.0\Dev2.Services.Sql.dll [C:\Users\ultra\warewolf\Dev\Warewolf.Studio.Themes.Luna\Warewolf.Studio.Themes.Luna.csproj]
C:\Program Files\dotnet\sdk\10.0.201\Microsoft.Common.CurrentVersion.targets(2451,5): warning MSB3277:             C:\Users\ultra\warewolf\Dev\Dev2.TaskScheduler.Wrappers\bin\Debug\net8.0\Dev2.TaskScheduler.Wrappers.dll [C:\Users\ultra\warewolf\Dev\Warewolf.Studio.Themes.Luna\Warewolf.Studio.Themes.Luna.csproj]
C:\Program Files\dotnet\sdk\10.0.201\Microsoft.Common.CurrentVersion.targets(2451,5): warning MSB3277:             C:\Users\ultra\warewolf\Dev\Dev2.Util\bin\Debug\net8.0\Dev2.Util.dll [C:\Users\ultra\warewolf\Dev\Warewolf.Studio.Themes.Luna\Warewolf.Studio.Themes.Luna.csproj]
C:\Program Files\dotnet\sdk\10.0.201\Microsoft.Common.CurrentVersion.targets(2451,5): warning MSB3277:             C:\Users\ultra\warewolf\Dev\Warewolf.AI.Harness\bin\Debug\net8.0\Warewolf.AI.Harness.dll [C:\Users\ultra\warewolf\Dev\Warewolf.Studio.Themes.Luna\Warewolf.Studio.Themes.Luna.csproj]
C:\Program Files\dotnet\sdk\10.0.201\Microsoft.Common.CurrentVersion.targets(2451,5): warning MSB3277:             C:\Users\ultra\warewolf\Dev\Warewolf.Auditing\bin\Debug\net8.0\Warewolf.Auditing.dll [C:\Users\ultra\warewolf\Dev\Warewolf.Studio.Themes.Luna\Warewolf.Studio.Themes.Luna.csproj]
C:\Program Files\dotnet\sdk\10.0.201\Microsoft.Common.CurrentVersion.targets(2451,5): warning MSB3277:             C:\Users\ultra\warewolf\Dev\Warewolf.Common.NetStandard20\bin\Debug\net8.0\Warewolf.Common.NetStandard20.dll [C:\Users\ultra\warewolf\Dev\Warewolf.Studio.Themes.Luna\Warewolf.Studio.Themes.Luna.csproj]
C:\Program Files\dotnet\sdk\10.0.201\Microsoft.Common.CurrentVersion.targets(2451,5): warning MSB3277:             C:\Users\ultra\warewolf\Dev\Warewolf.Core\bin\Debug\net8.0\Warewolf.Core.dll [C:\Users\ultra\warewolf\Dev\Warewolf.Studio.Themes.Luna\Warewolf.Studio.Themes.Luna.csproj]
C:\Program Files\dotnet\sdk\10.0.201\Microsoft.Common.CurrentVersion.targets(2451,5): warning MSB3277:             C:\Users\ultra\warewolf\Dev\Warewolf.Driver.Persistence\bin\Debug\net8.0\Warewolf.Driver.Persistence.dll [C:\Users\ultra\warewolf\Dev\Warewolf.Studio.Themes.Luna\Warewolf.Studio.Themes.Luna.csproj]
C:\Program Files\dotnet\sdk\10.0.201\Microsoft.Common.CurrentVersion.targets(2451,5): warning MSB3277:             C:\Users\ultra\warewolf\Dev\Warewolf.Driver.Serilog\bin\Debug\net8.0\Warewolf.Driver.Serilog.dll [C:\Users\ultra\warewolf\Dev\Warewolf.Studio.Themes.Luna\Warewolf.Studio.Themes.Luna.csproj]
C:\Program Files\dotnet\sdk\10.0.201\Microsoft.Common.CurrentVersion.targets(2451,5): warning MSB3277:             C:\Users\ultra\warewolf\Dev\Warewolf.Exchange.Email.Wrapper\bin\Debug\net8.0\Warewolf.Exchange.Email.Wrapper.dll [C:\Users\ultra\warewolf\Dev\Warewolf.Studio.Themes.Luna\Warewolf.Studio.Themes.Luna.csproj]
C:\Program Files\dotnet\sdk\10.0.201\Microsoft.Common.CurrentVersion.targets(2451,5): warning MSB3277:             C:\Users\ultra\warewolf\Dev\Warewolf.ResourceManagement\bin\Debug\net8.0\Warewolf.ResourceManagement.dll [C:\Users\ultra\warewolf\Dev\Warewolf.Studio.Themes.Luna\Warewolf.Studio.Themes.Luna.csproj]
C:\Program Files\dotnet\sdk\10.0.201\Microsoft.Common.CurrentVersion.targets(2451,5): warning MSB3277:             C:\Users\ultra\warewolf\Dev\Warewolf.Sharepoint\bin\Debug\net8.0\Warewolf.Sharepoint.dll [C:\Users\ultra\warewolf\Dev\Warewolf.Studio.Themes.Luna\Warewolf.Studio.Themes.Luna.csproj]
C:\Program Files\dotnet\sdk\10.0.201\Microsoft.Common.CurrentVersion.targets(2451,5): warning MSB3277:             C:\Users\ultra\warewolf\Dev\Warewolf.Storage\bin\Debug\net8.0\Warewolf.Storage.dll [C:\Users\ultra\warewolf\Dev\Warewolf.Studio.Themes.Luna\Warewolf.Studio.Themes.Luna.csproj]
C:\Program Files\dotnet\sdk\10.0.201\Microsoft.Common.CurrentVersion.targets(2451,5): warning MSB3277:         C:\Users\ultra\warewolf\Dev\Binaries\Infragistcs_Net6\InfragisticsWPF4.Editors.v15.1.dll [C:\Users\ultra\warewolf\Dev\Warewolf.Studio.Themes.Luna\Warewolf.Studio.Themes.Luna.csproj]
C:\Program Files\dotnet\sdk\10.0.201\Microsoft.Common.CurrentVersion.targets(2451,5): warning MSB3277:           Project file item includes which caused reference "C:\Users\ultra\warewolf\Dev\Binaries\Infragistcs_Net6\InfragisticsWPF4.Editors.v15.1.dll". [C:\Users\ultra\warewolf\Dev\Warewolf.Studio.Themes.Luna\Warewolf.Studio.Themes.Luna.csproj]
C:\Program Files\dotnet\sdk\10.0.201\Microsoft.Common.CurrentVersion.targets(2451,5): warning MSB3277:             InfragisticsWPF4.Editors.v15.1, Version=15.1.20151.2055, Culture=neutral, PublicKeyToken=7dd5c3163f2cd0cb, processorArchitecture=MSIL [C:\Users\ultra\warewolf\Dev\Warewolf.Studio.Themes.Luna\Warewolf.Studio.Themes.Luna.csproj]
C:\Program Files\dotnet\sdk\10.0.201\Microsoft.Common.CurrentVersion.targets(2451,5): warning MSB3277:             InfragisticsWPF4.DataPresenter.v15.1, Version=15.1.20151.2055, Culture=neutral, PublicKeyToken=7dd5c3163f2cd0cb, processorArchitecture=MSIL [C:\Users\ultra\warewolf\Dev\Warewolf.Studio.Themes.Luna\Warewolf.Studio.Themes.Luna.csproj]
C:\Program Files\dotnet\sdk\10.0.201\Microsoft.Common.CurrentVersion.targets(2451,5): warning MSB3277:         C:\Users\ultra\warewolf\Dev\Binaries\Infragistcs_Net6\InfragisticsWPF4.v15.1.dll [C:\Users\ultra\warewolf\Dev\Warewolf.Studio.Themes.Luna\Warewolf.Studio.Themes.Luna.csproj]
C:\Program Files\dotnet\sdk\10.0.201\Microsoft.Common.CurrentVersion.targets(2451,5): warning MSB3277:           Project file item includes which caused reference "C:\Users\ultra\warewolf\Dev\Binaries\Infragistcs_Net6\InfragisticsWPF4.v15.1.dll". [C:\Users\ultra\warewolf\Dev\Warewolf.Studio.Themes.Luna\Warewolf.Studio.Themes.Luna.csproj]
C:\Program Files\dotnet\sdk\10.0.201\Microsoft.Common.CurrentVersion.targets(2451,5): warning MSB3277:             InfragisticsWPF4.v15.1, Version=15.1.20151.2055, Culture=neutral, PublicKeyToken=7dd5c3163f2cd0cb, processorArchitecture=MSIL [C:\Users\ultra\warewolf\Dev\Warewolf.Studio.Themes.Luna\Warewolf.Studio.Themes.Luna.csproj]
C:\Program Files\dotnet\sdk\10.0.201\Microsoft.Common.CurrentVersion.targets(2451,5): warning MSB3277:             CalculationManager.WPF [C:\Users\ultra\warewolf\Dev\Warewolf.Studio.Themes.Luna\Warewolf.Studio.Themes.Luna.csproj]
C:\Program Files\dotnet\sdk\10.0.201\Microsoft.Common.CurrentVersion.targets(2451,5): warning MSB3277:             InfragisticsWPF4.Controls.Editors.XamComboEditor.v15.1, Version=15.1.20151.2055, Culture=neutral, PublicKeyToken=7dd5c3163f2cd0cb, processorArchitecture=MSIL [C:\Users\ultra\warewolf\Dev\Warewolf.Studio.Themes.Luna\Warewolf.Studio.Themes.Luna.csproj]
C:\Program Files\dotnet\sdk\10.0.201\Microsoft.Common.CurrentVersion.targets(2451,5): warning MSB3277:             InfragisticsWPF4.Controls.Editors.XamRichTextEditor.v15.1, Version=15.1.20151.2055, Culture=neutral, PublicKeyToken=7dd5c3163f2cd0cb, processorArchitecture=MSIL [C:\Users\ultra\warewolf\Dev\Warewolf.Studio.Themes.Luna\Warewolf.Studio.Themes.Luna.csproj]
C:\Program Files\dotnet\sdk\10.0.201\Microsoft.Common.CurrentVersion.targets(2451,5): warning MSB3277:             InfragisticsWPF4.Controls.Editors.XamSyntaxEditor.v15.1, Version=15.1.20151.2055, Culture=neutral, PublicKeyToken=7dd5c3163f2cd0cb, processorArchitecture=MSIL [C:\Users\ultra\warewolf\Dev\Warewolf.Studio.Themes.Luna\Warewolf.Studio.Themes.Luna.csproj]
C:\Program Files\dotnet\sdk\10.0.201\Microsoft.Common.CurrentVersion.targets(2451,5): warning MSB3277:             InfragisticsWPF4.Controls.Grids.DateTimeColumn.v15.1, Version=15.1.20151.2055, Culture=neutral, PublicKeyToken=7dd5c3163f2cd0cb, processorArchitecture=MSIL [C:\Users\ultra\warewolf\Dev\Warewolf.Studio.Themes.Luna\Warewolf.Studio.Themes.Luna.csproj]
C:\Program Files\dotnet\sdk\10.0.201\Microsoft.Common.CurrentVersion.targets(2451,5): warning MSB3277:             InfragisticsWPF4.Controls.Grids.MultiColumnComboColumn.v15.1, Version=15.1.20151.2055, Culture=neutral, PublicKeyToken=7dd5c3163f2cd0cb, processorArchitecture=MSIL [C:\Users\ultra\warewolf\Dev\Warewolf.Studio.Themes.Luna\Warewolf.Studio.Themes.Luna.csproj]
C:\Program Files\dotnet\sdk\10.0.201\Microsoft.Common.CurrentVersion.targets(2451,5): warning MSB3277:             InfragisticsWPF4.Controls.Grids.XamGrid.v15.1, Version=15.1.20151.2055, Culture=neutral, PublicKeyToken=7dd5c3163f2cd0cb, processorArchitecture=MSIL [C:\Users\ultra\warewolf\Dev\Warewolf.Studio.Themes.Luna\Warewolf.Studio.Themes.Luna.csproj]
C:\Program Files\dotnet\sdk\10.0.201\Microsoft.Common.CurrentVersion.targets(2451,5): warning MSB3277:             InfragisticsWPF4.Controls.Interactions.XamDialogWindow.v15.1, Version=15.1.20151.2055, Culture=neutral, PublicKeyToken=7dd5c3163f2cd0cb, processorArchitecture=MSIL [C:\Users\ultra\warewolf\Dev\Warewolf.Studio.Themes.Luna\Warewolf.Studio.Themes.Luna.csproj]
C:\Program Files\dotnet\sdk\10.0.201\Microsoft.Common.CurrentVersion.targets(2451,5): warning MSB3277:             InfragisticsWPF4.Controls.Interactions.XamSpellChecker.v15.1, Version=15.1.20151.2055, Culture=neutral, PublicKeyToken=7dd5c3163f2cd0cb, processorArchitecture=MSIL [C:\Users\ultra\warewolf\Dev\Warewolf.Studio.Themes.Luna\Warewolf.Studio.Themes.Luna.csproj]
C:\Program Files\dotnet\sdk\10.0.201\Microsoft.Common.CurrentVersion.targets(2451,5): warning MSB3277:             InfragisticsWPF4.Controls.Maps.XamNetworkNode.v15.1, Version=15.1.20151.2055, Culture=neutral, PublicKeyToken=7dd5c3163f2cd0cb, processorArchitecture=MSIL [C:\Users\ultra\warewolf\Dev\Warewolf.Studio.Themes.Luna\Warewolf.Studio.Themes.Luna.csproj]
C:\Program Files\dotnet\sdk\10.0.201\Microsoft.Common.CurrentVersion.targets(2451,5): warning MSB3277:             InfragisticsWPF4.Controls.Menus.XamDataTree.v15.1 [C:\Users\ultra\warewolf\Dev\Warewolf.Studio.Themes.Luna\Warewolf.Studio.Themes.Luna.csproj]
C:\Program Files\dotnet\sdk\10.0.201\Microsoft.Common.CurrentVersion.targets(2451,5): warning MSB3277:             InfragisticsWPF4.Controls.Menus.XamMenu.v15.1, Version=15.1.20151.2055, Culture=neutral, PublicKeyToken=7dd5c3163f2cd0cb, processorArchitecture=MSIL [C:\Users\ultra\warewolf\Dev\Warewolf.Studio.Themes.Luna\Warewolf.Studio.Themes.Luna.csproj]
C:\Program Files\dotnet\sdk\10.0.201\Microsoft.Common.CurrentVersion.targets(2451,5): warning MSB3277:             InfragisticsWPF4.DataManager.v15.1, Version=15.1.20151.2055, Culture=neutral, PublicKeyToken=7dd5c3163f2cd0cb, processorArchitecture=MSIL [C:\Users\ultra\warewolf\Dev\Warewolf.Studio.Themes.Luna\Warewolf.Studio.Themes.Luna.csproj]
C:\Program Files\dotnet\sdk\10.0.201\Microsoft.Common.CurrentVersion.targets(2451,5): warning MSB3277:             InfragisticsWPF4.DataPresenter.v15.1, Version=15.1.20151.2055, Culture=neutral, PublicKeyToken=7dd5c3163f2cd0cb, processorArchitecture=MSIL [C:\Users\ultra\warewolf\Dev\Warewolf.Studio.Themes.Luna\Warewolf.Studio.Themes.Luna.csproj]
C:\Program Files\dotnet\sdk\10.0.201\Microsoft.Common.CurrentVersion.targets(2451,5): warning MSB3277:             InfragisticsWPF4.DataVisualization.v15.1, Version=15.1.20151.2055, Culture=neutral, PublicKeyToken=7dd5c3163f2cd0cb, processorArchitecture=MSIL [C:\Users\ultra\warewolf\Dev\Warewolf.Studio.Themes.Luna\Warewolf.Studio.Themes.Luna.csproj]
C:\Program Files\dotnet\sdk\10.0.201\Microsoft.Common.CurrentVersion.targets(2451,5): warning MSB3277:             InfragisticsWPF4.DockManager.v15.1, Version=15.1.20151.2055, Culture=neutral, PublicKeyToken=7dd5c3163f2cd0cb, processorArchitecture=MSIL [C:\Users\ultra\warewolf\Dev\Warewolf.Studio.Themes.Luna\Warewolf.Studio.Themes.Luna.csproj]
C:\Program Files\dotnet\sdk\10.0.201\Microsoft.Common.CurrentVersion.targets(2451,5): warning MSB3277:             InfragisticsWPF4.Documents.RichTextDocument.Html.v15.1, Version=15.1.20151.2055, Culture=neutral, PublicKeyToken=7dd5c3163f2cd0cb, processorArchitecture=MSIL [C:\Users\ultra\warewolf\Dev\Warewolf.Studio.Themes.Luna\Warewolf.Studio.Themes.Luna.csproj]
C:\Program Files\dotnet\sdk\10.0.201\Microsoft.Common.CurrentVersion.targets(2451,5): warning MSB3277:             InfragisticsWPF4.Documents.RichTextDocument.v15.1, Version=15.1.20151.2055, Culture=neutral, PublicKeyToken=7dd5c3163f2cd0cb, processorArchitecture=MSIL [C:\Users\ultra\warewolf\Dev\Warewolf.Studio.Themes.Luna\Warewolf.Studio.Themes.Luna.csproj]
C:\Program Files\dotnet\sdk\10.0.201\Microsoft.Common.CurrentVersion.targets(2451,5): warning MSB3277:             InfragisticsWPF4.Editors.v15.1, Version=15.1.20151.2055, Culture=neutral, PublicKeyToken=7dd5c3163f2cd0cb, processorArchitecture=MSIL [C:\Users\ultra\warewolf\Dev\Warewolf.Studio.Themes.Luna\Warewolf.Studio.Themes.Luna.csproj]
C:\Program Files\dotnet\sdk\10.0.201\Microsoft.Common.CurrentVersion.targets(2451,5): warning MSB3277:         C:\Users\ultra\.nuget\packages\timespan2\2.4.2\lib\netcoreapp3.1\TimeSpan2.dll [C:\Users\ultra\warewolf\Dev\Warewolf.Studio.Themes.Luna\Warewolf.Studio.Themes.Luna.csproj]
C:\Program Files\dotnet\sdk\10.0.201\Microsoft.Common.CurrentVersion.targets(2451,5): warning MSB3277:           Project file item includes which caused reference "C:\Users\ultra\.nuget\packages\timespan2\2.4.2\lib\netcoreapp3.1\TimeSpan2.dll". [C:\Users\ultra\warewolf\Dev\Warewolf.Studio.Themes.Luna\Warewolf.Studio.Themes.Luna.csproj]
C:\Program Files\dotnet\sdk\10.0.201\Microsoft.Common.CurrentVersion.targets(2451,5): warning MSB3277:             C:\Users\ultra\.nuget\packages\timespan2\2.4.2\lib\netcoreapp3.1\TimeSpan2.dll [C:\Users\ultra\warewolf\Dev\Warewolf.Studio.Themes.Luna\Warewolf.Studio.Themes.Luna.csproj]
C:\Program Files\dotnet\sdk\10.0.201\Microsoft.Common.CurrentVersion.targets(2451,5): warning MSB3277:             C:\Users\ultra\.nuget\packages\taskschedulereditor\2.10.1\lib\net452\Microsoft.Win32.TaskSchedulerEditor.dll [C:\Users\ultra\warewolf\Dev\Warewolf.Studio.Themes.Luna\Warewolf.Studio.Themes.Luna.csproj]
C:\Program Files\dotnet\sdk\10.0.201\Microsoft.Common.CurrentVersion.targets(2451,5): warning MSB3277:         C:\Program Files\dotnet\packs\Microsoft.NETCore.App.Ref\8.0.25\ref\net8.0\System.dll [C:\Users\ultra\warewolf\Dev\Warewolf.Studio.Themes.Luna\Warewolf.Studio.Themes.Luna.csproj]
C:\Program Files\dotnet\sdk\10.0.201\Microsoft.Common.CurrentVersion.targets(2451,5): warning MSB3277:           Project file item includes which caused reference "C:\Program Files\dotnet\packs\Microsoft.NETCore.App.Ref\8.0.25\ref\net8.0\System.dll". [C:\Users\ultra\warewolf\Dev\Warewolf.Studio.Themes.Luna\Warewolf.Studio.Themes.Luna.csproj]
C:\Program Files\dotnet\sdk\10.0.201\Microsoft.Common.CurrentVersion.targets(2451,5): warning MSB3277:             C:\Program Files\dotnet\packs\Microsoft.NETCore.App.Ref\8.0.25\ref/net8.0/System.dll [C:\Users\ultra\warewolf\Dev\Warewolf.Studio.Themes.Luna\Warewolf.Studio.Themes.Luna.csproj]
C:\Program Files\dotnet\sdk\10.0.201\Microsoft.Common.CurrentVersion.targets(2451,5): warning MSB3277:             C:\Users\ultra\.nuget\packages\aerowizard\2.3.1\lib\net45\AeroWizard.dll [C:\Users\ultra\warewolf\Dev\Warewolf.Studio.Themes.Luna\Warewolf.Studio.Themes.Luna.csproj]
C:\Program Files\dotnet\sdk\10.0.201\Microsoft.Common.CurrentVersion.targets(2451,5): warning MSB3277:             C:\Users\ultra\.nuget\packages\groupcontrols\1.9.0\lib\net45\GroupControls.dll [C:\Users\ultra\warewolf\Dev\Warewolf.Studio.Themes.Luna\Warewolf.Studio.Themes.Luna.csproj]
C:\Program Files\dotnet\sdk\10.0.201\Microsoft.Common.CurrentVersion.targets(2451,5): warning MSB3277:             C:\Users\ultra\.nuget\packages\microsoft.xaml.behaviors.wpf\1.1.122\lib\net462\Microsoft.Xaml.Behaviors.dll [C:\Users\ultra\warewolf\Dev\Warewolf.Studio.Themes.Luna\Warewolf.Studio.Themes.Luna.csproj]
C:\Program Files\dotnet\sdk\10.0.201\Microsoft.Common.CurrentVersion.targets(2451,5): warning MSB3277:             C:\Users\ultra\.nuget\packages\caliburn.micro\4.0.212\lib\netcoreapp3.1\Caliburn.Micro.Platform.dll [C:\Users\ultra\warewolf\Dev\Warewolf.Studio.Themes.Luna\Warewolf.Studio.Themes.Luna.csproj]
C:\Program Files\dotnet\sdk\10.0.201\Microsoft.Common.CurrentVersion.targets(2451,5): warning MSB3277:             C:\Users\ultra\.nuget\packages\prism.wpf\9.0.537\lib\net462\Prism.Wpf.dll [C:\Users\ultra\warewolf\Dev\Warewolf.Studio.Themes.Luna\Warewolf.Studio.Themes.Luna.csproj]
C:\Program Files\dotnet\sdk\10.0.201\Microsoft.Common.CurrentVersion.targets(2451,5): warning MSB3277:             C:\Users\ultra\.nuget\packages\reactiveui.wpf\18.4.1\lib\net462\ReactiveUI.Wpf.dll [C:\Users\ultra\warewolf\Dev\Warewolf.Studio.Themes.Luna\Warewolf.Studio.Themes.Luna.csproj]
C:\Program Files\dotnet\sdk\10.0.201\Microsoft.Common.CurrentVersion.targets(2451,5): warning MSB3277:             C:\Users\ultra\.nuget\packages\taskschedulereditor\2.10.1\lib\net452\Microsoft.Win32.TaskSchedulerEditor.dll [C:\Users\ultra\warewolf\Dev\Warewolf.Studio.Themes.Luna\Warewolf.Studio.Themes.Luna.csproj]
C:\Program Files\dotnet\sdk\10.0.201\Microsoft.Common.CurrentVersion.targets(2451,5): warning MSB3277:             C:\Users\ultra\.nuget\packages\ttcue.netcore.sharepointonline.csom.16.1.8029.1200\16.1.8029.1200\lib\netcoreapp2.0\Microsoft.SharePoint.Client.Runtime.Windows.dll [C:\Users\ultra\warewolf\Dev\Warewolf.Studio.Themes.Luna\Warewolf.Studio.Themes.Luna.csproj]
C:\Program Files\dotnet\sdk\10.0.201\Microsoft.Common.CurrentVersion.targets(2451,5): warning MSB3277: Found conflicts between different versions of "System.Security.Permissions" that could not be resolved. [C:\Users\ultra\warewolf\Dev\Warewolf.Studio.Themes.Luna\Warewolf.Studio.Themes.Luna.csproj]
C:\Program Files\dotnet\sdk\10.0.201\Microsoft.Common.CurrentVersion.targets(2451,5): warning MSB3277: There was a conflict between "System.Security.Permissions, Version=6.0.0.0, Culture=neutral, PublicKeyToken=cc7b13ffcd2ddd51" and "System.Security.Permissions, Version=7.0.0.0, Culture=neutral, PublicKeyToken=cc7b13ffcd2ddd51". [C:\Users\ultra\warewolf\Dev\Warewolf.Studio.Themes.Luna\Warewolf.Studio.Themes.Luna.csproj]
C:\Program Files\dotnet\sdk\10.0.201\Microsoft.Common.CurrentVersion.targets(2451,5): warning MSB3277:     "System.Security.Permissions, Version=6.0.0.0, Culture=neutral, PublicKeyToken=cc7b13ffcd2ddd51" was chosen because it was primary and "System.Security.Permissions, Version=7.0.0.0, Culture=neutral, PublicKeyToken=cc7b13ffcd2ddd51" was not. [C:\Users\ultra\warewolf\Dev\Warewolf.Studio.Themes.Luna\Warewolf.Studio.Themes.Luna.csproj]
C:\Program Files\dotnet\sdk\10.0.201\Microsoft.Common.CurrentVersion.targets(2451,5): warning MSB3277:     References which depend on "System.Security.Permissions, Version=6.0.0.0, Culture=neutral, PublicKeyToken=cc7b13ffcd2ddd51" [C:\Users\ultra\.nuget\packages\system.security.permissions\6.0.0\lib\net6.0\System.Security.Permissions.dll]. [C:\Users\ultra\warewolf\Dev\Warewolf.Studio.Themes.Luna\Warewolf.Studio.Themes.Luna.csproj]
C:\Program Files\dotnet\sdk\10.0.201\Microsoft.Common.CurrentVersion.targets(2451,5): warning MSB3277:         C:\Users\ultra\.nuget\packages\system.security.permissions\6.0.0\lib\net6.0\System.Security.Permissions.dll [C:\Users\ultra\warewolf\Dev\Warewolf.Studio.Themes.Luna\Warewolf.Studio.Themes.Luna.csproj]
C:\Program Files\dotnet\sdk\10.0.201\Microsoft.Common.CurrentVersion.targets(2451,5): warning MSB3277:           Project file item includes which caused reference "C:\Users\ultra\.nuget\packages\system.security.permissions\6.0.0\lib\net6.0\System.Security.Permissions.dll". [C:\Users\ultra\warewolf\Dev\Warewolf.Studio.Themes.Luna\Warewolf.Studio.Themes.Luna.csproj]
C:\Program Files\dotnet\sdk\10.0.201\Microsoft.Common.CurrentVersion.targets(2451,5): warning MSB3277:             C:\Users\ultra\.nuget\packages\system.security.permissions\6.0.0\lib\net6.0\System.Security.Permissions.dll [C:\Users\ultra\warewolf\Dev\Warewolf.Studio.Themes.Luna\Warewolf.Studio.Themes.Luna.csproj]
C:\Program Files\dotnet\sdk\10.0.201\Microsoft.Common.CurrentVersion.targets(2451,5): warning MSB3277:     References which depend on or have been unified to "System.Security.Permissions, Version=7.0.0.0, Culture=neutral, PublicKeyToken=cc7b13ffcd2ddd51" []. [C:\Users\ultra\warewolf\Dev\Warewolf.Studio.Themes.Luna\Warewolf.Studio.Themes.Luna.csproj]
C:\Program Files\dotnet\sdk\10.0.201\Microsoft.Common.CurrentVersion.targets(2451,5): warning MSB3277:         C:\Users\ultra\warewolf\Dev\Warewolf.Studio.CustomControls\bin\Debug\net8.0\Warewolf.Studio.CustomControls.dll [C:\Users\ultra\warewolf\Dev\Warewolf.Studio.Themes.Luna\Warewolf.Studio.Themes.Luna.csproj]
C:\Program Files\dotnet\sdk\10.0.201\Microsoft.Common.CurrentVersion.targets(2451,5): warning MSB3277:           Project file item includes which caused reference "C:\Users\ultra\warewolf\Dev\Warewolf.Studio.CustomControls\bin\Debug\net8.0\Warewolf.Studio.CustomControls.dll". [C:\Users\ultra\warewolf\Dev\Warewolf.Studio.Themes.Luna\Warewolf.Studio.Themes.Luna.csproj]
C:\Program Files\dotnet\sdk\10.0.201\Microsoft.Common.CurrentVersion.targets(2451,5): warning MSB3277:             C:\Users\ultra\warewolf\Dev\Warewolf.Studio.CustomControls\bin\Debug\net8.0\Warewolf.Studio.CustomControls.dll [C:\Users\ultra\warewolf\Dev\Warewolf.Studio.Themes.Luna\Warewolf.Studio.Themes.Luna.csproj]
C:\Program Files\dotnet\sdk\10.0.201\Microsoft.Common.CurrentVersion.targets(2451,5): warning MSB3277:         C:\Users\ultra\warewolf\Dev\Dev2.Data\bin\Debug\net8.0\Dev2.Data.dll [C:\Users\ultra\warewolf\Dev\Warewolf.Studio.Themes.Luna\Warewolf.Studio.Themes.Luna.csproj]
C:\Program Files\dotnet\sdk\10.0.201\Microsoft.Common.CurrentVersion.targets(2451,5): warning MSB3277:           Project file item includes which caused reference "C:\Users\ultra\warewolf\Dev\Dev2.Data\bin\Debug\net8.0\Dev2.Data.dll". [C:\Users\ultra\warewolf\Dev\Warewolf.Studio.Themes.Luna\Warewolf.Studio.Themes.Luna.csproj]
C:\Program Files\dotnet\sdk\10.0.201\Microsoft.Common.CurrentVersion.targets(2451,5): warning MSB3277:             C:\Users\ultra\warewolf\Dev\Dev2.Data\bin\Debug\net8.0\Dev2.Data.dll [C:\Users\ultra\warewolf\Dev\Warewolf.Studio.Themes.Luna\Warewolf.Studio.Themes.Luna.csproj]
C:\Program Files\dotnet\sdk\10.0.201\Microsoft.Common.CurrentVersion.targets(2451,5): warning MSB3277:             C:\Users\ultra\warewolf\Dev\Dev2.Intellisense\bin\Debug\net8.0\Dev2.Intellisense.dll [C:\Users\ultra\warewolf\Dev\Warewolf.Studio.Themes.Luna\Warewolf.Studio.Themes.Luna.csproj]
C:\Program Files\dotnet\sdk\10.0.201\Microsoft.Common.CurrentVersion.targets(2451,5): warning MSB3277:             C:\Users\ultra\warewolf\Dev\Dev2.Studio.Core\bin\Debug\net8.0\Dev2.Studio.Core.dll [C:\Users\ultra\warewolf\Dev\Warewolf.Studio.Themes.Luna\Warewolf.Studio.Themes.Luna.csproj]
C:\Program Files\dotnet\sdk\10.0.201\Microsoft.Common.CurrentVersion.targets(2451,5): warning MSB3277:             C:\Users\ultra\warewolf\Dev\Dev2.Studio.Interfaces\bin\Debug\net8.0\Dev2.Studio.Interfaces.dll [C:\Users\ultra\warewolf\Dev\Warewolf.Studio.Themes.Luna\Warewolf.Studio.Themes.Luna.csproj]
C:\Program Files\dotnet\sdk\10.0.201\Microsoft.Common.CurrentVersion.targets(2451,5): warning MSB3277:             C:\Users\ultra\warewolf\Dev\Warewolf.Studio.Core\bin\Debug\net8.0\Warewolf.Studio.Core.dll [C:\Users\ultra\warewolf\Dev\Warewolf.Studio.Themes.Luna\Warewolf.Studio.Themes.Luna.csproj]
C:\Program Files\dotnet\sdk\10.0.201\Microsoft.Common.CurrentVersion.targets(2451,5): warning MSB3277:             C:\Users\ultra\warewolf\Dev\Warewolf.Studio.CustomControls\bin\Debug\net8.0\Warewolf.Studio.CustomControls.dll [C:\Users\ultra\warewolf\Dev\Warewolf.Studio.Themes.Luna\Warewolf.Studio.Themes.Luna.csproj]
C:\Program Files\dotnet\sdk\10.0.201\Microsoft.Common.CurrentVersion.targets(2451,5): warning MSB3277:             C:\Users\ultra\warewolf\Dev\Dev2.Activities\bin\Debug\net8.0\Dev2.Activities.dll [C:\Users\ultra\warewolf\Dev\Warewolf.Studio.Themes.Luna\Warewolf.Studio.Themes.Luna.csproj]
C:\Program Files\dotnet\sdk\10.0.201\Microsoft.Common.CurrentVersion.targets(2451,5): warning MSB3277:             C:\Users\ultra\warewolf\Dev\Dev2.Core\bin\Debug\net8.0\Dev2.Core.dll [C:\Users\ultra\warewolf\Dev\Warewolf.Studio.Themes.Luna\Warewolf.Studio.Themes.Luna.csproj]
C:\Program Files\dotnet\sdk\10.0.201\Microsoft.Common.CurrentVersion.targets(2451,5): warning MSB3277:             C:\Users\ultra\warewolf\Dev\Warewolf.UI\bin\Debug\net8.0\Warewolf.UI.dll [C:\Users\ultra\warewolf\Dev\Warewolf.Studio.Themes.Luna\Warewolf.Studio.Themes.Luna.csproj]
C:\Program Files\dotnet\sdk\10.0.201\Microsoft.Common.CurrentVersion.targets(2451,5): warning MSB3277:             C:\Users\ultra\warewolf\Dev\Dev2.Runtime.Services\bin\Debug\net8.0\Dev2.Runtime.Services.dll [C:\Users\ultra\warewolf\Dev\Warewolf.Studio.Themes.Luna\Warewolf.Studio.Themes.Luna.csproj]
C:\Program Files\dotnet\sdk\10.0.201\Microsoft.Common.CurrentVersion.targets(2451,5): warning MSB3277:             C:\Users\ultra\warewolf\Dev\Dev2.Scheduler\bin\Debug\net8.0\Dev2.Scheduler.dll [C:\Users\ultra\warewolf\Dev\Warewolf.Studio.Themes.Luna\Warewolf.Studio.Themes.Luna.csproj]
C:\Program Files\dotnet\sdk\10.0.201\Microsoft.Common.CurrentVersion.targets(2451,5): warning MSB3277:             C:\Users\ultra\warewolf\Dev\Dev2.Services.Execution\bin\Debug\net8.0\Dev2.Services.Execution.dll [C:\Users\ultra\warewolf\Dev\Warewolf.Studio.Themes.Luna\Warewolf.Studio.Themes.Luna.csproj]
C:\Program Files\dotnet\sdk\10.0.201\Microsoft.Common.CurrentVersion.targets(2451,5): warning MSB3277:             C:\Users\ultra\warewolf\Dev\Warewolf.Auditing\bin\Debug\net8.0\Warewolf.Auditing.dll [C:\Users\ultra\warewolf\Dev\Warewolf.Studio.Themes.Luna\Warewolf.Studio.Themes.Luna.csproj]
C:\Program Files\dotnet\sdk\10.0.201\Microsoft.Common.CurrentVersion.targets(2451,5): warning MSB3277:             C:\Users\ultra\warewolf\Dev\Warewolf.Common.NetStandard20\bin\Debug\net8.0\Warewolf.Common.NetStandard20.dll [C:\Users\ultra\warewolf\Dev\Warewolf.Studio.Themes.Luna\Warewolf.Studio.Themes.Luna.csproj]
C:\Program Files\dotnet\sdk\10.0.201\Microsoft.Common.CurrentVersion.targets(2451,5): warning MSB3277:             C:\Users\ultra\warewolf\Dev\Warewolf.Core\bin\Debug\net8.0\Warewolf.Core.dll [C:\Users\ultra\warewolf\Dev\Warewolf.Studio.Themes.Luna\Warewolf.Studio.Themes.Luna.csproj]
C:\Program Files\dotnet\sdk\10.0.201\Microsoft.Common.CurrentVersion.targets(2451,5): warning MSB3277:             C:\Users\ultra\warewolf\Dev\Warewolf.Driver.Persistence\bin\Debug\net8.0\Warewolf.Driver.Persistence.dll [C:\Users\ultra\warewolf\Dev\Warewolf.Studio.Themes.Luna\Warewolf.Studio.Themes.Luna.csproj]
C:\Program Files\dotnet\sdk\10.0.201\Microsoft.Common.CurrentVersion.targets(2451,5): warning MSB3277:             C:\Users\ultra\warewolf\Dev\Warewolf.Exchange.Email.Wrapper\bin\Debug\net8.0\Warewolf.Exchange.Email.Wrapper.dll [C:\Users\ultra\warewolf\Dev\Warewolf.Studio.Themes.Luna\Warewolf.Studio.Themes.Luna.csproj]
C:\Program Files\dotnet\sdk\10.0.201\Microsoft.Common.CurrentVersion.targets(2451,5): warning MSB3277:             C:\Users\ultra\warewolf\Dev\Warewolf.ResourceManagement\bin\Debug\net8.0\Warewolf.ResourceManagement.dll [C:\Users\ultra\warewolf\Dev\Warewolf.Studio.Themes.Luna\Warewolf.Studio.Themes.Luna.csproj]
C:\Program Files\dotnet\sdk\10.0.201\Microsoft.Common.CurrentVersion.targets(2451,5): warning MSB3277:         C:\Users\ultra\warewolf\Dev\Binaries\Infragistcs_Net6\InfragisticsWPF4.DataVisualization.v15.1.dll [C:\Users\ultra\warewolf\Dev\Warewolf.Studio.Themes.Luna\Warewolf.Studio.Themes.Luna.csproj]
C:\Program Files\dotnet\sdk\10.0.201\Microsoft.Common.CurrentVersion.targets(2451,5): warning MSB3277:           Project file item includes which caused reference "C:\Users\ultra\warewolf\Dev\Binaries\Infragistcs_Net6\InfragisticsWPF4.DataVisualization.v15.1.dll". [C:\Users\ultra\warewolf\Dev\Warewolf.Studio.Themes.Luna\Warewolf.Studio.Themes.Luna.csproj]
C:\Program Files\dotnet\sdk\10.0.201\Microsoft.Common.CurrentVersion.targets(2451,5): warning MSB3277:             InfragisticsWPF4.DataVisualization.v15.1, Version=15.1.20151.2055, Culture=neutral, PublicKeyToken=7dd5c3163f2cd0cb, processorArchitecture=MSIL [C:\Users\ultra\warewolf\Dev\Warewolf.Studio.Themes.Luna\Warewolf.Studio.Themes.Luna.csproj]
C:\Program Files\dotnet\sdk\10.0.201\Microsoft.Common.CurrentVersion.targets(2451,5): warning MSB3277:             InfragisticsWPF4.Controls.Maps.XamNetworkNode.v15.1, Version=15.1.20151.2055, Culture=neutral, PublicKeyToken=7dd5c3163f2cd0cb, processorArchitecture=MSIL [C:\Users\ultra\warewolf\Dev\Warewolf.Studio.Themes.Luna\Warewolf.Studio.Themes.Luna.csproj]
C:\Program Files\dotnet\sdk\10.0.201\Microsoft.Common.CurrentVersion.targets(2451,5): warning MSB3277:         C:\Users\ultra\warewolf\Dev\Binaries\Infragistcs_Net6\InfragisticsWPF4.DockManager.v15.1.dll [C:\Users\ultra\warewolf\Dev\Warewolf.Studio.Themes.Luna\Warewolf.Studio.Themes.Luna.csproj]
C:\Program Files\dotnet\sdk\10.0.201\Microsoft.Common.CurrentVersion.targets(2451,5): warning MSB3277:           Project file item includes which caused reference "C:\Users\ultra\warewolf\Dev\Binaries\Infragistcs_Net6\InfragisticsWPF4.DockManager.v15.1.dll". [C:\Users\ultra\warewolf\Dev\Warewolf.Studio.Themes.Luna\Warewolf.Studio.Themes.Luna.csproj]
C:\Program Files\dotnet\sdk\10.0.201\Microsoft.Common.CurrentVersion.targets(2451,5): warning MSB3277:             InfragisticsWPF4.DockManager.v15.1, Version=15.1.20151.2055, Culture=neutral, PublicKeyToken=7dd5c3163f2cd0cb, processorArchitecture=MSIL [C:\Users\ultra\warewolf\Dev\Warewolf.Studio.Themes.Luna\Warewolf.Studio.Themes.Luna.csproj]
C:\Program Files\dotnet\sdk\10.0.201\Microsoft.Common.CurrentVersion.targets(2451,5): warning MSB3277:         C:\Users\ultra\warewolf\Dev\Binaries\Infragistcs_Net6\InfragisticsWPF4.v15.1.dll [C:\Users\ultra\warewolf\Dev\Warewolf.Studio.Themes.Luna\Warewolf.Studio.Themes.Luna.csproj]
C:\Program Files\dotnet\sdk\10.0.201\Microsoft.Common.CurrentVersion.targets(2451,5): warning MSB3277:           Project file item includes which caused reference "C:\Users\ultra\warewolf\Dev\Binaries\Infragistcs_Net6\InfragisticsWPF4.v15.1.dll". [C:\Users\ultra\warewolf\Dev\Warewolf.Studio.Themes.Luna\Warewolf.Studio.Themes.Luna.csproj]
C:\Program Files\dotnet\sdk\10.0.201\Microsoft.Common.CurrentVersion.targets(2451,5): warning MSB3277:             InfragisticsWPF4.v15.1, Version=15.1.20151.2055, Culture=neutral, PublicKeyToken=7dd5c3163f2cd0cb, processorArchitecture=MSIL [C:\Users\ultra\warewolf\Dev\Warewolf.Studio.Themes.Luna\Warewolf.Studio.Themes.Luna.csproj]
C:\Program Files\dotnet\sdk\10.0.201\Microsoft.Common.CurrentVersion.targets(2451,5): warning MSB3277:             CalculationManager.WPF [C:\Users\ultra\warewolf\Dev\Warewolf.Studio.Themes.Luna\Warewolf.Studio.Themes.Luna.csproj]
C:\Program Files\dotnet\sdk\10.0.201\Microsoft.Common.CurrentVersion.targets(2451,5): warning MSB3277:             InfragisticsWPF4.Controls.Editors.XamComboEditor.v15.1, Version=15.1.20151.2055, Culture=neutral, PublicKeyToken=7dd5c3163f2cd0cb, processorArchitecture=MSIL [C:\Users\ultra\warewolf\Dev\Warewolf.Studio.Themes.Luna\Warewolf.Studio.Themes.Luna.csproj]
C:\Program Files\dotnet\sdk\10.0.201\Microsoft.Common.CurrentVersion.targets(2451,5): warning MSB3277:             InfragisticsWPF4.Controls.Editors.XamRichTextEditor.v15.1, Version=15.1.20151.2055, Culture=neutral, PublicKeyToken=7dd5c3163f2cd0cb, processorArchitecture=MSIL [C:\Users\ultra\warewolf\Dev\Warewolf.Studio.Themes.Luna\Warewolf.Studio.Themes.Luna.csproj]
C:\Program Files\dotnet\sdk\10.0.201\Microsoft.Common.CurrentVersion.targets(2451,5): warning MSB3277:             InfragisticsWPF4.Controls.Editors.XamSyntaxEditor.v15.1, Version=15.1.20151.2055, Culture=neutral, PublicKeyToken=7dd5c3163f2cd0cb, processorArchitecture=MSIL [C:\Users\ultra\warewolf\Dev\Warewolf.Studio.Themes.Luna\Warewolf.Studio.Themes.Luna.csproj]
C:\Program Files\dotnet\sdk\10.0.201\Microsoft.Common.CurrentVersion.targets(2451,5): warning MSB3277:             InfragisticsWPF4.Controls.Grids.DateTimeColumn.v15.1, Version=15.1.20151.2055, Culture=neutral, PublicKeyToken=7dd5c3163f2cd0cb, processorArchitecture=MSIL [C:\Users\ultra\warewolf\Dev\Warewolf.Studio.Themes.Luna\Warewolf.Studio.Themes.Luna.csproj]
C:\Program Files\dotnet\sdk\10.0.201\Microsoft.Common.CurrentVersion.targets(2451,5): warning MSB3277:             InfragisticsWPF4.Controls.Grids.MultiColumnComboColumn.v15.1, Version=15.1.20151.2055, Culture=neutral, PublicKeyToken=7dd5c3163f2cd0cb, processorArchitecture=MSIL [C:\Users\ultra\warewolf\Dev\Warewolf.Studio.Themes.Luna\Warewolf.Studio.Themes.Luna.csproj]
C:\Program Files\dotnet\sdk\10.0.201\Microsoft.Common.CurrentVersion.targets(2451,5): warning MSB3277:             InfragisticsWPF4.Controls.Grids.XamGrid.v15.1, Version=15.1.20151.2055, Culture=neutral, PublicKeyToken=7dd5c3163f2cd0cb, processorArchitecture=MSIL [C:\Users\ultra\warewolf\Dev\Warewolf.Studio.Themes.Luna\Warewolf.Studio.Themes.Luna.csproj]
C:\Program Files\dotnet\sdk\10.0.201\Microsoft.Common.CurrentVersion.targets(2451,5): warning MSB3277:             InfragisticsWPF4.Controls.Interactions.XamDialogWindow.v15.1, Version=15.1.20151.2055, Culture=neutral, PublicKeyToken=7dd5c3163f2cd0cb, processorArchitecture=MSIL [C:\Users\ultra\warewolf\Dev\Warewolf.Studio.Themes.Luna\Warewolf.Studio.Themes.Luna.csproj]
C:\Program Files\dotnet\sdk\10.0.201\Microsoft.Common.CurrentVersion.targets(2451,5): warning MSB3277:             InfragisticsWPF4.Controls.Interactions.XamSpellChecker.v15.1, Version=15.1.20151.2055, Culture=neutral, PublicKeyToken=7dd5c3163f2cd0cb, processorArchitecture=MSIL [C:\Users\ultra\warewolf\Dev\Warewolf.Studio.Themes.Luna\Warewolf.Studio.Themes.Luna.csproj]
C:\Program Files\dotnet\sdk\10.0.201\Microsoft.Common.CurrentVersion.targets(2451,5): warning MSB3277:             InfragisticsWPF4.Controls.Maps.XamNetworkNode.v15.1, Version=15.1.20151.2055, Culture=neutral, PublicKeyToken=7dd5c3163f2cd0cb, processorArchitecture=MSIL [C:\Users\ultra\warewolf\Dev\Warewolf.Studio.Themes.Luna\Warewolf.Studio.Themes.Luna.csproj]
C:\Program Files\dotnet\sdk\10.0.201\Microsoft.Common.CurrentVersion.targets(2451,5): warning MSB3277:             InfragisticsWPF4.Controls.Menus.XamDataTree.v15.1 [C:\Users\ultra\warewolf\Dev\Warewolf.Studio.Themes.Luna\Warewolf.Studio.Themes.Luna.csproj]
C:\Program Files\dotnet\sdk\10.0.201\Microsoft.Common.CurrentVersion.targets(2451,5): warning MSB3277:             InfragisticsWPF4.Controls.Menus.XamMenu.v15.1, Version=15.1.20151.2055, Culture=neutral, PublicKeyToken=7dd5c3163f2cd0cb, processorArchitecture=MSIL [C:\Users\ultra\warewolf\Dev\Warewolf.Studio.Themes.Luna\Warewolf.Studio.Themes.Luna.csproj]
C:\Program Files\dotnet\sdk\10.0.201\Microsoft.Common.CurrentVersion.targets(2451,5): warning MSB3277:             InfragisticsWPF4.DataManager.v15.1, Version=15.1.20151.2055, Culture=neutral, PublicKeyToken=7dd5c3163f2cd0cb, processorArchitecture=MSIL [C:\Users\ultra\warewolf\Dev\Warewolf.Studio.Themes.Luna\Warewolf.Studio.Themes.Luna.csproj]
C:\Program Files\dotnet\sdk\10.0.201\Microsoft.Common.CurrentVersion.targets(2451,5): warning MSB3277:             InfragisticsWPF4.DataPresenter.v15.1, Version=15.1.20151.2055, Culture=neutral, PublicKeyToken=7dd5c3163f2cd0cb, processorArchitecture=MSIL [C:\Users\ultra\warewolf\Dev\Warewolf.Studio.Themes.Luna\Warewolf.Studio.Themes.Luna.csproj]
C:\Program Files\dotnet\sdk\10.0.201\Microsoft.Common.CurrentVersion.targets(2451,5): warning MSB3277:             InfragisticsWPF4.DataVisualization.v15.1, Version=15.1.20151.2055, Culture=neutral, PublicKeyToken=7dd5c3163f2cd0cb, processorArchitecture=MSIL [C:\Users\ultra\warewolf\Dev\Warewolf.Studio.Themes.Luna\Warewolf.Studio.Themes.Luna.csproj]
C:\Program Files\dotnet\sdk\10.0.201\Microsoft.Common.CurrentVersion.targets(2451,5): warning MSB3277:             InfragisticsWPF4.DockManager.v15.1, Version=15.1.20151.2055, Culture=neutral, PublicKeyToken=7dd5c3163f2cd0cb, processorArchitecture=MSIL [C:\Users\ultra\warewolf\Dev\Warewolf.Studio.Themes.Luna\Warewolf.Studio.Themes.Luna.csproj]
C:\Program Files\dotnet\sdk\10.0.201\Microsoft.Common.CurrentVersion.targets(2451,5): warning MSB3277:             InfragisticsWPF4.Documents.RichTextDocument.Html.v15.1, Version=15.1.20151.2055, Culture=neutral, PublicKeyToken=7dd5c3163f2cd0cb, processorArchitecture=MSIL [C:\Users\ultra\warewolf\Dev\Warewolf.Studio.Themes.Luna\Warewolf.Studio.Themes.Luna.csproj]
C:\Program Files\dotnet\sdk\10.0.201\Microsoft.Common.CurrentVersion.targets(2451,5): warning MSB3277:             InfragisticsWPF4.Documents.RichTextDocument.v15.1, Version=15.1.20151.2055, Culture=neutral, PublicKeyToken=7dd5c3163f2cd0cb, processorArchitecture=MSIL [C:\Users\ultra\warewolf\Dev\Warewolf.Studio.Themes.Luna\Warewolf.Studio.Themes.Luna.csproj]
C:\Program Files\dotnet\sdk\10.0.201\Microsoft.Common.CurrentVersion.targets(2451,5): warning MSB3277:             InfragisticsWPF4.Editors.v15.1, Version=15.1.20151.2055, Culture=neutral, PublicKeyToken=7dd5c3163f2cd0cb, processorArchitecture=MSIL [C:\Users\ultra\warewolf\Dev\Warewolf.Studio.Themes.Luna\Warewolf.Studio.Themes.Luna.csproj]
C:\Program Files\dotnet\sdk\10.0.201\Microsoft.Common.CurrentVersion.targets(2451,5): warning MSB3277:         C:\Users\ultra\.nuget\packages\dotnetzip\1.16.0\lib\netstandard2.0\DotNetZip.dll [C:\Users\ultra\warewolf\Dev\Warewolf.Studio.Themes.Luna\Warewolf.Studio.Themes.Luna.csproj]
C:\Program Files\dotnet\sdk\10.0.201\Microsoft.Common.CurrentVersion.targets(2451,5): warning MSB3277:           Project file item includes which caused reference "C:\Users\ultra\.nuget\packages\dotnetzip\1.16.0\lib\netstandard2.0\DotNetZip.dll". [C:\Users\ultra\warewolf\Dev\Warewolf.Studio.Themes.Luna\Warewolf.Studio.Themes.Luna.csproj]
C:\Program Files\dotnet\sdk\10.0.201\Microsoft.Common.CurrentVersion.targets(2451,5): warning MSB3277:             C:\Users\ultra\.nuget\packages\dotnetzip\1.16.0\lib\netstandard2.0\DotNetZip.dll [C:\Users\ultra\warewolf\Dev\Warewolf.Studio.Themes.Luna\Warewolf.Studio.Themes.Luna.csproj]
C:\Program Files\dotnet\sdk\10.0.201\Microsoft.Common.CurrentVersion.targets(2451,5): warning MSB3277:             C:\Users\ultra\warewolf\Dev\Dev2.Common\bin\Debug\net8.0\Dev2.Common.dll [C:\Users\ultra\warewolf\Dev\Warewolf.Studio.Themes.Luna\Warewolf.Studio.Themes.Luna.csproj]
C:\Program Files\dotnet\sdk\10.0.201\Microsoft.Common.CurrentVersion.targets(2451,5): warning MSB3277:             C:\Users\ultra\warewolf\Dev\Dev2.Intellisense\bin\Debug\net8.0\Dev2.Intellisense.dll [C:\Users\ultra\warewolf\Dev\Warewolf.Studio.Themes.Luna\Warewolf.Studio.Themes.Luna.csproj]
C:\Program Files\dotnet\sdk\10.0.201\Microsoft.Common.CurrentVersion.targets(2451,5): warning MSB3277:             C:\Users\ultra\warewolf\Dev\Dev2.Studio.Core\bin\Debug\net8.0\Dev2.Studio.Core.dll [C:\Users\ultra\warewolf\Dev\Warewolf.Studio.Themes.Luna\Warewolf.Studio.Themes.Luna.csproj]
C:\Program Files\dotnet\sdk\10.0.201\Microsoft.Common.CurrentVersion.targets(2451,5): warning MSB3277:             C:\Users\ultra\warewolf\Dev\Dev2.Studio.Interfaces\bin\Debug\net8.0\Dev2.Studio.Interfaces.dll [C:\Users\ultra\warewolf\Dev\Warewolf.Studio.Themes.Luna\Warewolf.Studio.Themes.Luna.csproj]
C:\Program Files\dotnet\sdk\10.0.201\Microsoft.Common.CurrentVersion.targets(2451,5): warning MSB3277:             C:\Users\ultra\warewolf\Dev\Warewolf.Studio.Core\bin\Debug\net8.0\Warewolf.Studio.Core.dll [C:\Users\ultra\warewolf\Dev\Warewolf.Studio.Themes.Luna\Warewolf.Studio.Themes.Luna.csproj]
C:\Program Files\dotnet\sdk\10.0.201\Microsoft.Common.CurrentVersion.targets(2451,5): warning MSB3277:             C:\Users\ultra\warewolf\Dev\Warewolf.Studio.CustomControls\bin\Debug\net8.0\Warewolf.Studio.CustomControls.dll [C:\Users\ultra\warewolf\Dev\Warewolf.Studio.Themes.Luna\Warewolf.Studio.Themes.Luna.csproj]
C:\Program Files\dotnet\sdk\10.0.201\Microsoft.Common.CurrentVersion.targets(2451,5): warning MSB3277:             C:\Users\ultra\warewolf\Dev\Dev2.Activities\bin\Debug\net8.0\Dev2.Activities.dll [C:\Users\ultra\warewolf\Dev\Warewolf.Studio.Themes.Luna\Warewolf.Studio.Themes.Luna.csproj]
C:\Program Files\dotnet\sdk\10.0.201\Microsoft.Common.CurrentVersion.targets(2451,5): warning MSB3277:             C:\Users\ultra\warewolf\Dev\Dev2.Core\bin\Debug\net8.0\Dev2.Core.dll [C:\Users\ultra\warewolf\Dev\Warewolf.Studio.Themes.Luna\Warewolf.Studio.Themes.Luna.csproj]
C:\Program Files\dotnet\sdk\10.0.201\Microsoft.Common.CurrentVersion.targets(2451,5): warning MSB3277:             C:\Users\ultra\warewolf\Dev\Warewolf.UI\bin\Debug\net8.0\Warewolf.UI.dll [C:\Users\ultra\warewolf\Dev\Warewolf.Studio.Themes.Luna\Warewolf.Studio.Themes.Luna.csproj]
C:\Program Files\dotnet\sdk\10.0.201\Microsoft.Common.CurrentVersion.targets(2451,5): warning MSB3277:             C:\Users\ultra\warewolf\Dev\Dev2.Data\bin\Debug\net8.0\Dev2.Data.dll [C:\Users\ultra\warewolf\Dev\Warewolf.Studio.Themes.Luna\Warewolf.Studio.Themes.Luna.csproj]
C:\Program Files\dotnet\sdk\10.0.201\Microsoft.Common.CurrentVersion.targets(2451,5): warning MSB3277:             C:\Users\ultra\warewolf\Dev\Dev2.Data.Interfaces\bin\Debug\net8.0\Dev2.Data.Interfaces.dll [C:\Users\ultra\warewolf\Dev\Warewolf.Studio.Themes.Luna\Warewolf.Studio.Themes.Luna.csproj]
C:\Program Files\dotnet\sdk\10.0.201\Microsoft.Common.CurrentVersion.targets(2451,5): warning MSB3277:             C:\Users\ultra\warewolf\Dev\Dev2.Development.Languages\bin\Debug\net8.0\Dev2.Development.Languages.dll [C:\Users\ultra\warewolf\Dev\Warewolf.Studio.Themes.Luna\Warewolf.Studio.Themes.Luna.csproj]
C:\Program Files\dotnet\sdk\10.0.201\Microsoft.Common.CurrentVersion.targets(2451,5): warning MSB3277:             C:\Users\ultra\warewolf\Dev\Dev2.Diagnostics\bin\Debug\net8.0\Dev2.Diagnostics.dll [C:\Users\ultra\warewolf\Dev\Warewolf.Studio.Themes.Luna\Warewolf.Studio.Themes.Luna.csproj]
C:\Program Files\dotnet\sdk\10.0.201\Microsoft.Common.CurrentVersion.targets(2451,5): warning MSB3277:             C:\Users\ultra\warewolf\Dev\Dev2.Infrastructure\bin\Debug\net8.0\Dev2.Infrastructure.dll [C:\Users\ultra\warewolf\Dev\Warewolf.Studio.Themes.Luna\Warewolf.Studio.Themes.Luna.csproj]
C:\Program Files\dotnet\sdk\10.0.201\Microsoft.Common.CurrentVersion.targets(2451,5): warning MSB3277:             C:\Users\ultra\warewolf\Dev\Dev2.Runtime.Services\bin\Debug\net8.0\Dev2.Runtime.Services.dll [C:\Users\ultra\warewolf\Dev\Warewolf.Studio.Themes.Luna\Warewolf.Studio.Themes.Luna.csproj]
C:\Program Files\dotnet\sdk\10.0.201\Microsoft.Common.CurrentVersion.targets(2451,5): warning MSB3277:             C:\Users\ultra\warewolf\Dev\Dev2.Scheduler\bin\Debug\net8.0\Dev2.Scheduler.dll [C:\Users\ultra\warewolf\Dev\Warewolf.Studio.Themes.Luna\Warewolf.Studio.Themes.Luna.csproj]
C:\Program Files\dotnet\sdk\10.0.201\Microsoft.Common.CurrentVersion.targets(2451,5): warning MSB3277:             C:\Users\ultra\warewolf\Dev\Dev2.Services.Execution\bin\Debug\net8.0\Dev2.Services.Execution.dll [C:\Users\ultra\warewolf\Dev\Warewolf.Studio.Themes.Luna\Warewolf.Studio.Themes.Luna.csproj]
C:\Program Files\dotnet\sdk\10.0.201\Microsoft.Common.CurrentVersion.targets(2451,5): warning MSB3277:             C:\Users\ultra\warewolf\Dev\Dev2.Services.Sql\bin\Debug\net8.0\Dev2.Services.Sql.dll [C:\Users\ultra\warewolf\Dev\Warewolf.Studio.Themes.Luna\Warewolf.Studio.Themes.Luna.csproj]
C:\Program Files\dotnet\sdk\10.0.201\Microsoft.Common.CurrentVersion.targets(2451,5): warning MSB3277:             C:\Users\ultra\warewolf\Dev\Dev2.TaskScheduler.Wrappers\bin\Debug\net8.0\Dev2.TaskScheduler.Wrappers.dll [C:\Users\ultra\warewolf\Dev\Warewolf.Studio.Themes.Luna\Warewolf.Studio.Themes.Luna.csproj]
C:\Program Files\dotnet\sdk\10.0.201\Microsoft.Common.CurrentVersion.targets(2451,5): warning MSB3277:             C:\Users\ultra\warewolf\Dev\Dev2.Util\bin\Debug\net8.0\Dev2.Util.dll [C:\Users\ultra\warewolf\Dev\Warewolf.Studio.Themes.Luna\Warewolf.Studio.Themes.Luna.csproj]
C:\Program Files\dotnet\sdk\10.0.201\Microsoft.Common.CurrentVersion.targets(2451,5): warning MSB3277:             C:\Users\ultra\warewolf\Dev\Warewolf.AI.Harness\bin\Debug\net8.0\Warewolf.AI.Harness.dll [C:\Users\ultra\warewolf\Dev\Warewolf.Studio.Themes.Luna\Warewolf.Studio.Themes.Luna.csproj]
C:\Program Files\dotnet\sdk\10.0.201\Microsoft.Common.CurrentVersion.targets(2451,5): warning MSB3277:             C:\Users\ultra\warewolf\Dev\Warewolf.Auditing\bin\Debug\net8.0\Warewolf.Auditing.dll [C:\Users\ultra\warewolf\Dev\Warewolf.Studio.Themes.Luna\Warewolf.Studio.Themes.Luna.csproj]
C:\Program Files\dotnet\sdk\10.0.201\Microsoft.Common.CurrentVersion.targets(2451,5): warning MSB3277:             C:\Users\ultra\warewolf\Dev\Warewolf.Common.NetStandard20\bin\Debug\net8.0\Warewolf.Common.NetStandard20.dll [C:\Users\ultra\warewolf\Dev\Warewolf.Studio.Themes.Luna\Warewolf.Studio.Themes.Luna.csproj]
C:\Program Files\dotnet\sdk\10.0.201\Microsoft.Common.CurrentVersion.targets(2451,5): warning MSB3277:             C:\Users\ultra\warewolf\Dev\Warewolf.Core\bin\Debug\net8.0\Warewolf.Core.dll [C:\Users\ultra\warewolf\Dev\Warewolf.Studio.Themes.Luna\Warewolf.Studio.Themes.Luna.csproj]
C:\Program Files\dotnet\sdk\10.0.201\Microsoft.Common.CurrentVersion.targets(2451,5): warning MSB3277:             C:\Users\ultra\warewolf\Dev\Warewolf.Driver.Persistence\bin\Debug\net8.0\Warewolf.Driver.Persistence.dll [C:\Users\ultra\warewolf\Dev\Warewolf.Studio.Themes.Luna\Warewolf.Studio.Themes.Luna.csproj]
C:\Program Files\dotnet\sdk\10.0.201\Microsoft.Common.CurrentVersion.targets(2451,5): warning MSB3277:             C:\Users\ultra\warewolf\Dev\Warewolf.Driver.Serilog\bin\Debug\net8.0\Warewolf.Driver.Serilog.dll [C:\Users\ultra\warewolf\Dev\Warewolf.Studio.Themes.Luna\Warewolf.Studio.Themes.Luna.csproj]
C:\Program Files\dotnet\sdk\10.0.201\Microsoft.Common.CurrentVersion.targets(2451,5): warning MSB3277:             C:\Users\ultra\warewolf\Dev\Warewolf.Exchange.Email.Wrapper\bin\Debug\net8.0\Warewolf.Exchange.Email.Wrapper.dll [C:\Users\ultra\warewolf\Dev\Warewolf.Studio.Themes.Luna\Warewolf.Studio.Themes.Luna.csproj]
C:\Program Files\dotnet\sdk\10.0.201\Microsoft.Common.CurrentVersion.targets(2451,5): warning MSB3277:             C:\Users\ultra\warewolf\Dev\Warewolf.ResourceManagement\bin\Debug\net8.0\Warewolf.ResourceManagement.dll [C:\Users\ultra\warewolf\Dev\Warewolf.Studio.Themes.Luna\Warewolf.Studio.Themes.Luna.csproj]
C:\Program Files\dotnet\sdk\10.0.201\Microsoft.Common.CurrentVersion.targets(2451,5): warning MSB3277:             C:\Users\ultra\warewolf\Dev\Warewolf.Sharepoint\bin\Debug\net8.0\Warewolf.Sharepoint.dll [C:\Users\ultra\warewolf\Dev\Warewolf.Studio.Themes.Luna\Warewolf.Studio.Themes.Luna.csproj]
C:\Program Files\dotnet\sdk\10.0.201\Microsoft.Common.CurrentVersion.targets(2451,5): warning MSB3277:             C:\Users\ultra\warewolf\Dev\Warewolf.Storage\bin\Debug\net8.0\Warewolf.Storage.dll [C:\Users\ultra\warewolf\Dev\Warewolf.Studio.Themes.Luna\Warewolf.Studio.Themes.Luna.csproj]
C:\Program Files\dotnet\sdk\10.0.201\Microsoft.Common.CurrentVersion.targets(2451,5): warning MSB3277:         C:\Users\ultra\.nuget\packages\mindbox.data.linq\5.0.0\lib\netstandard2.0\Mindbox.Data.Linq.dll [C:\Users\ultra\warewolf\Dev\Warewolf.Studio.Themes.Luna\Warewolf.Studio.Themes.Luna.csproj]
C:\Program Files\dotnet\sdk\10.0.201\Microsoft.Common.CurrentVersion.targets(2451,5): warning MSB3277:           Project file item includes which caused reference "C:\Users\ultra\.nuget\packages\mindbox.data.linq\5.0.0\lib\netstandard2.0\Mindbox.Data.Linq.dll". [C:\Users\ultra\warewolf\Dev\Warewolf.Studio.Themes.Luna\Warewolf.Studio.Themes.Luna.csproj]
C:\Program Files\dotnet\sdk\10.0.201\Microsoft.Common.CurrentVersion.targets(2451,5): warning MSB3277:             C:\Users\ultra\.nuget\packages\mindbox.data.linq\5.0.0\lib\netstandard2.0\Mindbox.Data.Linq.dll [C:\Users\ultra\warewolf\Dev\Warewolf.Studio.Themes.Luna\Warewolf.Studio.Themes.Luna.csproj]
C:\Program Files\dotnet\sdk\10.0.201\Microsoft.Common.CurrentVersion.targets(2451,5): warning MSB3277:             C:\Users\ultra\warewolf\Dev\Warewolf.Auditing\bin\Debug\net8.0\Warewolf.Auditing.dll [C:\Users\ultra\warewolf\Dev\Warewolf.Studio.Themes.Luna\Warewolf.Studio.Themes.Luna.csproj]
C:\Program Files\dotnet\sdk\10.0.201\Microsoft.Common.CurrentVersion.targets(2451,5): warning MSB3277:             C:\Users\ultra\warewolf\Dev\Dev2.Activities\bin\Debug\net8.0\Dev2.Activities.dll [C:\Users\ultra\warewolf\Dev\Warewolf.Studio.Themes.Luna\Warewolf.Studio.Themes.Luna.csproj]
C:\Program Files\dotnet\sdk\10.0.201\Microsoft.Common.CurrentVersion.targets(2451,5): warning MSB3277:             C:\Users\ultra\warewolf\Dev\Dev2.Studio.Core\bin\Debug\net8.0\Dev2.Studio.Core.dll [C:\Users\ultra\warewolf\Dev\Warewolf.Studio.Themes.Luna\Warewolf.Studio.Themes.Luna.csproj]
C:\Program Files\dotnet\sdk\10.0.201\Microsoft.Common.CurrentVersion.targets(2451,5): warning MSB3277:             C:\Users\ultra\warewolf\Dev\Dev2.Intellisense\bin\Debug\net8.0\Dev2.Intellisense.dll [C:\Users\ultra\warewolf\Dev\Warewolf.Studio.Themes.Luna\Warewolf.Studio.Themes.Luna.csproj]
C:\Program Files\dotnet\sdk\10.0.201\Microsoft.Common.CurrentVersion.targets(2451,5): warning MSB3277:             C:\Users\ultra\warewolf\Dev\Dev2.Runtime.Services\bin\Debug\net8.0\Dev2.Runtime.Services.dll [C:\Users\ultra\warewolf\Dev\Warewolf.Studio.Themes.Luna\Warewolf.Studio.Themes.Luna.csproj]
C:\Program Files\dotnet\sdk\10.0.201\Microsoft.Common.CurrentVersion.targets(2451,5): warning MSB3277:             C:\Users\ultra\warewolf\Dev\Dev2.Studio.Interfaces\bin\Debug\net8.0\Dev2.Studio.Interfaces.dll [C:\Users\ultra\warewolf\Dev\Warewolf.Studio.Themes.Luna\Warewolf.Studio.Themes.Luna.csproj]
C:\Program Files\dotnet\sdk\10.0.201\Microsoft.Common.CurrentVersion.targets(2451,5): warning MSB3277:             C:\Users\ultra\warewolf\Dev\Warewolf.Studio.Core\bin\Debug\net8.0\Warewolf.Studio.Core.dll [C:\Users\ultra\warewolf\Dev\Warewolf.Studio.Themes.Luna\Warewolf.Studio.Themes.Luna.csproj]
C:\Program Files\dotnet\sdk\10.0.201\Microsoft.Common.CurrentVersion.targets(2451,5): warning MSB3277:             C:\Users\ultra\warewolf\Dev\Warewolf.Studio.CustomControls\bin\Debug\net8.0\Warewolf.Studio.CustomControls.dll [C:\Users\ultra\warewolf\Dev\Warewolf.Studio.Themes.Luna\Warewolf.Studio.Themes.Luna.csproj]
C:\Program Files\dotnet\sdk\10.0.201\Microsoft.Common.CurrentVersion.targets(2451,5): warning MSB3277:             C:\Users\ultra\warewolf\Dev\Dev2.Services.Execution\bin\Debug\net8.0\Dev2.Services.Execution.dll [C:\Users\ultra\warewolf\Dev\Warewolf.Studio.Themes.Luna\Warewolf.Studio.Themes.Luna.csproj]
C:\Program Files\dotnet\sdk\10.0.201\Microsoft.Common.CurrentVersion.targets(2451,5): warning MSB3277:             C:\Users\ultra\warewolf\Dev\Warewolf.Common.NetStandard20\bin\Debug\net8.0\Warewolf.Common.NetStandard20.dll [C:\Users\ultra\warewolf\Dev\Warewolf.Studio.Themes.Luna\Warewolf.Studio.Themes.Luna.csproj]
C:\Program Files\dotnet\sdk\10.0.201\Microsoft.Common.CurrentVersion.targets(2451,5): warning MSB3277:             C:\Users\ultra\warewolf\Dev\Warewolf.Driver.Persistence\bin\Debug\net8.0\Warewolf.Driver.Persistence.dll [C:\Users\ultra\warewolf\Dev\Warewolf.Studio.Themes.Luna\Warewolf.Studio.Themes.Luna.csproj]
C:\Program Files\dotnet\sdk\10.0.201\Microsoft.Common.CurrentVersion.targets(2451,5): warning MSB3277:         C:\Users\ultra\.nuget\packages\mysql.data\8.4.0\lib\net8.0\MySql.Data.dll [C:\Users\ultra\warewolf\Dev\Warewolf.Studio.Themes.Luna\Warewolf.Studio.Themes.Luna.csproj]
C:\Program Files\dotnet\sdk\10.0.201\Microsoft.Common.CurrentVersion.targets(2451,5): warning MSB3277:           Project file item includes which caused reference "C:\Users\ultra\.nuget\packages\mysql.data\8.4.0\lib\net8.0\MySql.Data.dll". [C:\Users\ultra\warewolf\Dev\Warewolf.Studio.Themes.Luna\Warewolf.Studio.Themes.Luna.csproj]
C:\Program Files\dotnet\sdk\10.0.201\Microsoft.Common.CurrentVersion.targets(2451,5): warning MSB3277:             C:\Users\ultra\.nuget\packages\mysql.data\8.4.0\lib\net8.0\MySql.Data.dll [C:\Users\ultra\warewolf\Dev\Warewolf.Studio.Themes.Luna\Warewolf.Studio.Themes.Luna.csproj]
C:\Program Files\dotnet\sdk\10.0.201\Microsoft.Common.CurrentVersion.targets(2451,5): warning MSB3277:             C:\Users\ultra\warewolf\Dev\Dev2.Activities\bin\Debug\net8.0\Dev2.Activities.dll [C:\Users\ultra\warewolf\Dev\Warewolf.Studio.Themes.Luna\Warewolf.Studio.Themes.Luna.csproj]
C:\Program Files\dotnet\sdk\10.0.201\Microsoft.Common.CurrentVersion.targets(2451,5): warning MSB3277:             C:\Users\ultra\warewolf\Dev\Dev2.Studio.Core\bin\Debug\net8.0\Dev2.Studio.Core.dll [C:\Users\ultra\warewolf\Dev\Warewolf.Studio.Themes.Luna\Warewolf.Studio.Themes.Luna.csproj]
C:\Program Files\dotnet\sdk\10.0.201\Microsoft.Common.CurrentVersion.targets(2451,5): warning MSB3277:             C:\Users\ultra\warewolf\Dev\Dev2.Intellisense\bin\Debug\net8.0\Dev2.Intellisense.dll [C:\Users\ultra\warewolf\Dev\Warewolf.Studio.Themes.Luna\Warewolf.Studio.Themes.Luna.csproj]
C:\Program Files\dotnet\sdk\10.0.201\Microsoft.Common.CurrentVersion.targets(2451,5): warning MSB3277:             C:\Users\ultra\warewolf\Dev\Dev2.Runtime.Services\bin\Debug\net8.0\Dev2.Runtime.Services.dll [C:\Users\ultra\warewolf\Dev\Warewolf.Studio.Themes.Luna\Warewolf.Studio.Themes.Luna.csproj]
C:\Program Files\dotnet\sdk\10.0.201\Microsoft.Common.CurrentVersion.targets(2451,5): warning MSB3277:             C:\Users\ultra\warewolf\Dev\Dev2.Studio.Interfaces\bin\Debug\net8.0\Dev2.Studio.Interfaces.dll [C:\Users\ultra\warewolf\Dev\Warewolf.Studio.Themes.Luna\Warewolf.Studio.Themes.Luna.csproj]
C:\Program Files\dotnet\sdk\10.0.201\Microsoft.Common.CurrentVersion.targets(2451,5): warning MSB3277:             C:\Users\ultra\warewolf\Dev\Warewolf.Studio.Core\bin\Debug\net8.0\Warewolf.Studio.Core.dll [C:\Users\ultra\warewolf\Dev\Warewolf.Studio.Themes.Luna\Warewolf.Studio.Themes.Luna.csproj]
C:\Program Files\dotnet\sdk\10.0.201\Microsoft.Common.CurrentVersion.targets(2451,5): warning MSB3277:             C:\Users\ultra\warewolf\Dev\Warewolf.Studio.CustomControls\bin\Debug\net8.0\Warewolf.Studio.CustomControls.dll [C:\Users\ultra\warewolf\Dev\Warewolf.Studio.Themes.Luna\Warewolf.Studio.Themes.Luna.csproj]
C:\Program Files\dotnet\sdk\10.0.201\Microsoft.Common.CurrentVersion.targets(2451,5): warning MSB3277:             C:\Users\ultra\warewolf\Dev\Dev2.Services.Execution\bin\Debug\net8.0\Dev2.Services.Execution.dll [C:\Users\ultra\warewolf\Dev\Warewolf.Studio.Themes.Luna\Warewolf.Studio.Themes.Luna.csproj]
C:\Program Files\dotnet\sdk\10.0.201\Microsoft.Common.CurrentVersion.targets(2451,5): warning MSB3277:             C:\Users\ultra\warewolf\Dev\Dev2.Services.Sql\bin\Debug\net8.0\Dev2.Services.Sql.dll [C:\Users\ultra\warewolf\Dev\Warewolf.Studio.Themes.Luna\Warewolf.Studio.Themes.Luna.csproj]
C:\Program Files\dotnet\sdk\10.0.201\Microsoft.Common.CurrentVersion.targets(2451,5): warning MSB3277:             C:\Users\ultra\warewolf\Dev\Warewolf.Driver.Persistence\bin\Debug\net8.0\Warewolf.Driver.Persistence.dll [C:\Users\ultra\warewolf\Dev\Warewolf.Studio.Themes.Luna\Warewolf.Studio.Themes.Luna.csproj]
C:\Program Files\dotnet\sdk\10.0.201\Microsoft.Common.CurrentVersion.targets(2451,5): warning MSB3277:         C:\Users\ultra\.nuget\packages\oracle.manageddataaccess.core\3.21.70\lib\netstandard2.1\Oracle.ManagedDataAccess.dll [C:\Users\ultra\warewolf\Dev\Warewolf.Studio.Themes.Luna\Warewolf.Studio.Themes.Luna.csproj]
C:\Program Files\dotnet\sdk\10.0.201\Microsoft.Common.CurrentVersion.targets(2451,5): warning MSB3277:           Project file item includes which caused reference "C:\Users\ultra\.nuget\packages\oracle.manageddataaccess.core\3.21.70\lib\netstandard2.1\Oracle.ManagedDataAccess.dll". [C:\Users\ultra\warewolf\Dev\Warewolf.Studio.Themes.Luna\Warewolf.Studio.Themes.Luna.csproj]
C:\Program Files\dotnet\sdk\10.0.201\Microsoft.Common.CurrentVersion.targets(2451,5): warning MSB3277:             C:\Users\ultra\.nuget\packages\oracle.manageddataaccess.core\3.21.70\lib\netstandard2.1\Oracle.ManagedDataAccess.dll [C:\Users\ultra\warewolf\Dev\Warewolf.Studio.Themes.Luna\Warewolf.Studio.Themes.Luna.csproj]
C:\Program Files\dotnet\sdk\10.0.201\Microsoft.Common.CurrentVersion.targets(2451,5): warning MSB3277:             C:\Users\ultra\warewolf\Dev\Dev2.Runtime.Services\bin\Debug\net8.0\Dev2.Runtime.Services.dll [C:\Users\ultra\warewolf\Dev\Warewolf.Studio.Themes.Luna\Warewolf.Studio.Themes.Luna.csproj]
C:\Program Files\dotnet\sdk\10.0.201\Microsoft.Common.CurrentVersion.targets(2451,5): warning MSB3277:             C:\Users\ultra\warewolf\Dev\Dev2.Studio.Core\bin\Debug\net8.0\Dev2.Studio.Core.dll [C:\Users\ultra\warewolf\Dev\Warewolf.Studio.Themes.Luna\Warewolf.Studio.Themes.Luna.csproj]
C:\Program Files\dotnet\sdk\10.0.201\Microsoft.Common.CurrentVersion.targets(2451,5): warning MSB3277:             C:\Users\ultra\warewolf\Dev\Dev2.Intellisense\bin\Debug\net8.0\Dev2.Intellisense.dll [C:\Users\ultra\warewolf\Dev\Warewolf.Studio.Themes.Luna\Warewolf.Studio.Themes.Luna.csproj]
C:\Program Files\dotnet\sdk\10.0.201\Microsoft.Common.CurrentVersion.targets(2451,5): warning MSB3277:             C:\Users\ultra\warewolf\Dev\Dev2.Studio.Interfaces\bin\Debug\net8.0\Dev2.Studio.Interfaces.dll [C:\Users\ultra\warewolf\Dev\Warewolf.Studio.Themes.Luna\Warewolf.Studio.Themes.Luna.csproj]
C:\Program Files\dotnet\sdk\10.0.201\Microsoft.Common.CurrentVersion.targets(2451,5): warning MSB3277:             C:\Users\ultra\warewolf\Dev\Warewolf.Studio.Core\bin\Debug\net8.0\Warewolf.Studio.Core.dll [C:\Users\ultra\warewolf\Dev\Warewolf.Studio.Themes.Luna\Warewolf.Studio.Themes.Luna.csproj]
C:\Program Files\dotnet\sdk\10.0.201\Microsoft.Common.CurrentVersion.targets(2451,5): warning MSB3277:             C:\Users\ultra\warewolf\Dev\Warewolf.Studio.CustomControls\bin\Debug\net8.0\Warewolf.Studio.CustomControls.dll [C:\Users\ultra\warewolf\Dev\Warewolf.Studio.Themes.Luna\Warewolf.Studio.Themes.Luna.csproj]
C:\Program Files\dotnet\sdk\10.0.201\Microsoft.Common.CurrentVersion.targets(2451,5): warning MSB3277:             C:\Users\ultra\warewolf\Dev\Dev2.Activities\bin\Debug\net8.0\Dev2.Activities.dll [C:\Users\ultra\warewolf\Dev\Warewolf.Studio.Themes.Luna\Warewolf.Studio.Themes.Luna.csproj]
C:\Program Files\dotnet\sdk\10.0.201\Microsoft.Common.CurrentVersion.targets(2451,5): warning MSB3277:             C:\Users\ultra\warewolf\Dev\Dev2.Services.Execution\bin\Debug\net8.0\Dev2.Services.Execution.dll [C:\Users\ultra\warewolf\Dev\Warewolf.Studio.Themes.Luna\Warewolf.Studio.Themes.Luna.csproj]
C:\Program Files\dotnet\sdk\10.0.201\Microsoft.Common.CurrentVersion.targets(2451,5): warning MSB3277:             C:\Users\ultra\warewolf\Dev\Dev2.Services.Sql\bin\Debug\net8.0\Dev2.Services.Sql.dll [C:\Users\ultra\warewolf\Dev\Warewolf.Studio.Themes.Luna\Warewolf.Studio.Themes.Luna.csproj]
C:\Program Files\dotnet\sdk\10.0.201\Microsoft.Common.CurrentVersion.targets(2451,5): warning MSB3277:             C:\Users\ultra\warewolf\Dev\Warewolf.Driver.Persistence\bin\Debug\net8.0\Warewolf.Driver.Persistence.dll [C:\Users\ultra\warewolf\Dev\Warewolf.Studio.Themes.Luna\Warewolf.Studio.Themes.Luna.csproj]
C:\Program Files\dotnet\sdk\10.0.201\Microsoft.Common.CurrentVersion.targets(2451,5): warning MSB3277:         C:\Users\ultra\.nuget\packages\system.directoryservices\6.0.0\lib\net6.0\System.DirectoryServices.dll [C:\Users\ultra\warewolf\Dev\Warewolf.Studio.Themes.Luna\Warewolf.Studio.Themes.Luna.csproj]
C:\Program Files\dotnet\sdk\10.0.201\Microsoft.Common.CurrentVersion.targets(2451,5): warning MSB3277:           Project file item includes which caused reference "C:\Users\ultra\.nuget\packages\system.directoryservices\6.0.0\lib\net6.0\System.DirectoryServices.dll". [C:\Users\ultra\warewolf\Dev\Warewolf.Studio.Themes.Luna\Warewolf.Studio.Themes.Luna.csproj]
C:\Program Files\dotnet\sdk\10.0.201\Microsoft.Common.CurrentVersion.targets(2451,5): warning MSB3277:             C:\Users\ultra\.nuget\packages\system.directoryservices\6.0.0\lib\net6.0\System.DirectoryServices.dll [C:\Users\ultra\warewolf\Dev\Warewolf.Studio.Themes.Luna\Warewolf.Studio.Themes.Luna.csproj]
C:\Program Files\dotnet\sdk\10.0.201\Microsoft.Common.CurrentVersion.targets(2451,5): warning MSB3277:             C:\Users\ultra\.nuget\packages\corewcf.primitives\1.2.1\lib\netstandard2.0\CoreWCF.Primitives.dll [C:\Users\ultra\warewolf\Dev\Warewolf.Studio.Themes.Luna\Warewolf.Studio.Themes.Luna.csproj]
C:\Program Files\dotnet\sdk\10.0.201\Microsoft.Common.CurrentVersion.targets(2451,5): warning MSB3277:             C:\Users\ultra\warewolf\Dev\Dev2.Runtime.Services\bin\Debug\net8.0\Dev2.Runtime.Services.dll [C:\Users\ultra\warewolf\Dev\Warewolf.Studio.Themes.Luna\Warewolf.Studio.Themes.Luna.csproj]
C:\Program Files\dotnet\sdk\10.0.201\Microsoft.Common.CurrentVersion.targets(2451,5): warning MSB3277:             C:\Users\ultra\warewolf\Dev\Dev2.Studio.Core\bin\Debug\net8.0\Dev2.Studio.Core.dll [C:\Users\ultra\warewolf\Dev\Warewolf.Studio.Themes.Luna\Warewolf.Studio.Themes.Luna.csproj]
C:\Program Files\dotnet\sdk\10.0.201\Microsoft.Common.CurrentVersion.targets(2451,5): warning MSB3277:             C:\Users\ultra\warewolf\Dev\Dev2.Intellisense\bin\Debug\net8.0\Dev2.Intellisense.dll [C:\Users\ultra\warewolf\Dev\Warewolf.Studio.Themes.Luna\Warewolf.Studio.Themes.Luna.csproj]
C:\Program Files\dotnet\sdk\10.0.201\Microsoft.Common.CurrentVersion.targets(2451,5): warning MSB3277:             C:\Users\ultra\warewolf\Dev\Dev2.Studio.Interfaces\bin\Debug\net8.0\Dev2.Studio.Interfaces.dll [C:\Users\ultra\warewolf\Dev\Warewolf.Studio.Themes.Luna\Warewolf.Studio.Themes.Luna.csproj]
C:\Program Files\dotnet\sdk\10.0.201\Microsoft.Common.CurrentVersion.targets(2451,5): warning MSB3277:             C:\Users\ultra\warewolf\Dev\Warewolf.Studio.Core\bin\Debug\net8.0\Warewolf.Studio.Core.dll [C:\Users\ultra\warewolf\Dev\Warewolf.Studio.Themes.Luna\Warewolf.Studio.Themes.Luna.csproj]
C:\Program Files\dotnet\sdk\10.0.201\Microsoft.Common.CurrentVersion.targets(2451,5): warning MSB3277:             C:\Users\ultra\warewolf\Dev\Warewolf.Studio.CustomControls\bin\Debug\net8.0\Warewolf.Studio.CustomControls.dll [C:\Users\ultra\warewolf\Dev\Warewolf.Studio.Themes.Luna\Warewolf.Studio.Themes.Luna.csproj]
C:\Program Files\dotnet\sdk\10.0.201\Microsoft.Common.CurrentVersion.targets(2451,5): warning MSB3277:             C:\Users\ultra\warewolf\Dev\Dev2.Activities\bin\Debug\net8.0\Dev2.Activities.dll [C:\Users\ultra\warewolf\Dev\Warewolf.Studio.Themes.Luna\Warewolf.Studio.Themes.Luna.csproj]
C:\Program Files\dotnet\sdk\10.0.201\Microsoft.Common.CurrentVersion.targets(2451,5): warning MSB3277:             C:\Users\ultra\warewolf\Dev\Dev2.Services.Execution\bin\Debug\net8.0\Dev2.Services.Execution.dll [C:\Users\ultra\warewolf\Dev\Warewolf.Studio.Themes.Luna\Warewolf.Studio.Themes.Luna.csproj]
C:\Program Files\dotnet\sdk\10.0.201\Microsoft.Common.CurrentVersion.targets(2451,5): warning MSB3277:             C:\Users\ultra\warewolf\Dev\Warewolf.Driver.Persistence\bin\Debug\net8.0\Warewolf.Driver.Persistence.dll [C:\Users\ultra\warewolf\Dev\Warewolf.Studio.Themes.Luna\Warewolf.Studio.Themes.Luna.csproj]
C:\Program Files\dotnet\sdk\10.0.201\Microsoft.Common.CurrentVersion.targets(2451,5): warning MSB3277:             C:\Users\ultra\.nuget\packages\corewcf.http\1.2.1\lib\netstandard2.0\CoreWCF.Http.dll [C:\Users\ultra\warewolf\Dev\Warewolf.Studio.Themes.Luna\Warewolf.Studio.Themes.Luna.csproj]
C:\Program Files\dotnet\sdk\10.0.201\Microsoft.Common.CurrentVersion.targets(2451,5): warning MSB3277:             C:\Users\ultra\.nuget\packages\corewcf.nettcp\1.2.1\lib\netstandard2.0\CoreWCF.NetTcp.dll [C:\Users\ultra\warewolf\Dev\Warewolf.Studio.Themes.Luna\Warewolf.Studio.Themes.Luna.csproj]
C:\Program Files\dotnet\sdk\10.0.201\Microsoft.Common.CurrentVersion.targets(2451,5): warning MSB3277:             C:\Users\ultra\.nuget\packages\corewcf.webhttp\1.2.1\lib\netstandard2.0\CoreWCF.WebHttp.dll [C:\Users\ultra\warewolf\Dev\Warewolf.Studio.Themes.Luna\Warewolf.Studio.Themes.Luna.csproj]
C:\Program Files\dotnet\sdk\10.0.201\Microsoft.Common.CurrentVersion.targets(2451,5): warning MSB3277:         C:\Program Files\dotnet\packs\Microsoft.NETCore.App.Ref\8.0.25\ref\net8.0\System.Configuration.dll [C:\Users\ultra\warewolf\Dev\Warewolf.Studio.Themes.Luna\Warewolf.Studio.Themes.Luna.csproj]
C:\Program Files\dotnet\sdk\10.0.201\Microsoft.Common.CurrentVersion.targets(2451,5): warning MSB3277:           Project file item includes which caused reference "C:\Program Files\dotnet\packs\Microsoft.NETCore.App.Ref\8.0.25\ref\net8.0\System.Configuration.dll". [C:\Users\ultra\warewolf\Dev\Warewolf.Studio.Themes.Luna\Warewolf.Studio.Themes.Luna.csproj]
C:\Program Files\dotnet\sdk\10.0.201\Microsoft.Common.CurrentVersion.targets(2451,5): warning MSB3277:             C:\Program Files\dotnet\packs\Microsoft.NETCore.App.Ref\8.0.25\ref/net8.0/System.Configuration.dll [C:\Users\ultra\warewolf\Dev\Warewolf.Studio.Themes.Luna\Warewolf.Studio.Themes.Luna.csproj]
C:\Program Files\dotnet\sdk\10.0.201\Microsoft.Common.CurrentVersion.targets(2451,5): warning MSB3277:             C:\Users\ultra\.nuget\packages\prism.wpf\9.0.537\lib\net462\Prism.Wpf.dll [C:\Users\ultra\warewolf\Dev\Warewolf.Studio.Themes.Luna\Warewolf.Studio.Themes.Luna.csproj]
C:\Program Files\dotnet\sdk\10.0.201\Microsoft.Common.CurrentVersion.targets(2451,5): warning MSB3277:         C:\Program Files\dotnet\packs\Microsoft.NETCore.App.Ref\8.0.25\ref\net8.0\System.Data.dll [C:\Users\ultra\warewolf\Dev\Warewolf.Studio.Themes.Luna\Warewolf.Studio.Themes.Luna.csproj]
C:\Program Files\dotnet\sdk\10.0.201\Microsoft.Common.CurrentVersion.targets(2451,5): warning MSB3277:           Project file item includes which caused reference "C:\Program Files\dotnet\packs\Microsoft.NETCore.App.Ref\8.0.25\ref\net8.0\System.Data.dll". [C:\Users\ultra\warewolf\Dev\Warewolf.Studio.Themes.Luna\Warewolf.Studio.Themes.Luna.csproj]
C:\Program Files\dotnet\sdk\10.0.201\Microsoft.Common.CurrentVersion.targets(2451,5): warning MSB3277:             C:\Program Files\dotnet\packs\Microsoft.NETCore.App.Ref\8.0.25\ref/net8.0/System.Data.dll [C:\Users\ultra\warewolf\Dev\Warewolf.Studio.Themes.Luna\Warewolf.Studio.Themes.Luna.csproj]
C:\Program Files\dotnet\sdk\10.0.201\Microsoft.Common.CurrentVersion.targets(2451,5): warning MSB3277:             C:\Users\ultra\.nuget\packages\taskschedulereditor\2.10.1\lib\net452\Microsoft.Win32.TaskSchedulerEditor.dll [C:\Users\ultra\warewolf\Dev\Warewolf.Studio.Themes.Luna\Warewolf.Studio.Themes.Luna.csproj]
C:\Program Files\dotnet\sdk\10.0.201\Microsoft.Common.CurrentVersion.targets(2451,5): warning MSB3277:         C:\Program Files\dotnet\packs\Microsoft.NETCore.App.Ref\8.0.25\ref\net8.0\System.Drawing.dll [C:\Users\ultra\warewolf\Dev\Warewolf.Studio.Themes.Luna\Warewolf.Studio.Themes.Luna.csproj]
C:\Program Files\dotnet\sdk\10.0.201\Microsoft.Common.CurrentVersion.targets(2451,5): warning MSB3277:           Project file item includes which caused reference "C:\Program Files\dotnet\packs\Microsoft.NETCore.App.Ref\8.0.25\ref\net8.0\System.Drawing.dll". [C:\Users\ultra\warewolf\Dev\Warewolf.Studio.Themes.Luna\Warewolf.Studio.Themes.Luna.csproj]
C:\Program Files\dotnet\sdk\10.0.201\Microsoft.Common.CurrentVersion.targets(2451,5): warning MSB3277:             C:\Program Files\dotnet\packs\Microsoft.NETCore.App.Ref\8.0.25\ref/net8.0/System.Drawing.dll [C:\Users\ultra\warewolf\Dev\Warewolf.Studio.Themes.Luna\Warewolf.Studio.Themes.Luna.csproj]
C:\Program Files\dotnet\sdk\10.0.201\Microsoft.Common.CurrentVersion.targets(2451,5): warning MSB3277:             C:\Users\ultra\.nuget\packages\aerowizard\2.3.1\lib\net45\AeroWizard.dll [C:\Users\ultra\warewolf\Dev\Warewolf.Studio.Themes.Luna\Warewolf.Studio.Themes.Luna.csproj]
C:\Program Files\dotnet\sdk\10.0.201\Microsoft.Common.CurrentVersion.targets(2451,5): warning MSB3277:             C:\Users\ultra\.nuget\packages\groupcontrols\1.9.0\lib\net45\GroupControls.dll [C:\Users\ultra\warewolf\Dev\Warewolf.Studio.Themes.Luna\Warewolf.Studio.Themes.Luna.csproj]
C:\Program Files\dotnet\sdk\10.0.201\Microsoft.Common.CurrentVersion.targets(2451,5): warning MSB3277:             C:\Users\ultra\.nuget\packages\taskschedulereditor\2.10.1\lib\net452\Microsoft.Win32.TaskSchedulerEditor.dll [C:\Users\ultra\warewolf\Dev\Warewolf.Studio.Themes.Luna\Warewolf.Studio.Themes.Luna.csproj]
C:\Program Files\dotnet\sdk\10.0.201\Microsoft.Common.CurrentVersion.targets(2451,5): warning MSB3277:         C:\Program Files\dotnet\packs\Microsoft.NETCore.App.Ref\8.0.25\ref\net8.0\System.Net.dll [C:\Users\ultra\warewolf\Dev\Warewolf.Studio.Themes.Luna\Warewolf.Studio.Themes.Luna.csproj]
C:\Program Files\dotnet\sdk\10.0.201\Microsoft.Common.CurrentVersion.targets(2451,5): warning MSB3277:           Project file item includes which caused reference "C:\Program Files\dotnet\packs\Microsoft.NETCore.App.Ref\8.0.25\ref\net8.0\System.Net.dll". [C:\Users\ultra\warewolf\Dev\Warewolf.Studio.Themes.Luna\Warewolf.Studio.Themes.Luna.csproj]
C:\Program Files\dotnet\sdk\10.0.201\Microsoft.Common.CurrentVersion.targets(2451,5): warning MSB3277:             C:\Program Files\dotnet\packs\Microsoft.NETCore.App.Ref\8.0.25\ref/net8.0/System.Net.dll [C:\Users\ultra\warewolf\Dev\Warewolf.Studio.Themes.Luna\Warewolf.Studio.Themes.Luna.csproj]
C:\Program Files\dotnet\sdk\10.0.201\Microsoft.Common.CurrentVersion.targets(2451,5): warning MSB3277:         C:\Program Files\dotnet\packs\Microsoft.NETCore.App.Ref\8.0.25\ref\net8.0\System.Security.dll [C:\Users\ultra\warewolf\Dev\Warewolf.Studio.Themes.Luna\Warewolf.Studio.Themes.Luna.csproj]
C:\Program Files\dotnet\sdk\10.0.201\Microsoft.Common.CurrentVersion.targets(2451,5): warning MSB3277:           Project file item includes which caused reference "C:\Program Files\dotnet\packs\Microsoft.NETCore.App.Ref\8.0.25\ref\net8.0\System.Security.dll". [C:\Users\ultra\warewolf\Dev\Warewolf.Studio.Themes.Luna\Warewolf.Studio.Themes.Luna.csproj]
C:\Program Files\dotnet\sdk\10.0.201\Microsoft.Common.CurrentVersion.targets(2451,5): warning MSB3277:             C:\Program Files\dotnet\packs\Microsoft.NETCore.App.Ref\8.0.25\ref/net8.0/System.Security.dll [C:\Users\ultra\warewolf\Dev\Warewolf.Studio.Themes.Luna\Warewolf.Studio.Themes.Luna.csproj]
C:\Program Files\dotnet\sdk\10.0.201\Microsoft.Common.CurrentVersion.targets(2451,5): warning MSB3277:         C:\Program Files\dotnet\packs\Microsoft.NETCore.App.Ref\8.0.25\ref\net8.0\System.ServiceProcess.dll [C:\Users\ultra\warewolf\Dev\Warewolf.Studio.Themes.Luna\Warewolf.Studio.Themes.Luna.csproj]
C:\Program Files\dotnet\sdk\10.0.201\Microsoft.Common.CurrentVersion.targets(2451,5): warning MSB3277:           Project file item includes which caused reference "C:\Program Files\dotnet\packs\Microsoft.NETCore.App.Ref\8.0.25\ref\net8.0\System.ServiceProcess.dll". [C:\Users\ultra\warewolf\Dev\Warewolf.Studio.Themes.Luna\Warewolf.Studio.Themes.Luna.csproj]
C:\Program Files\dotnet\sdk\10.0.201\Microsoft.Common.CurrentVersion.targets(2451,5): warning MSB3277:             C:\Program Files\dotnet\packs\Microsoft.NETCore.App.Ref\8.0.25\ref/net8.0/System.ServiceProcess.dll [C:\Users\ultra\warewolf\Dev\Warewolf.Studio.Themes.Luna\Warewolf.Studio.Themes.Luna.csproj]
C:\Program Files\dotnet\sdk\10.0.201\Microsoft.Common.CurrentVersion.targets(2451,5): warning MSB3277:         C:\Program Files\dotnet\packs\Microsoft.NETCore.App.Ref\8.0.25\ref\net8.0\System.Transactions.dll [C:\Users\ultra\warewolf\Dev\Warewolf.Studio.Themes.Luna\Warewolf.Studio.Themes.Luna.csproj]
C:\Program Files\dotnet\sdk\10.0.201\Microsoft.Common.CurrentVersion.targets(2451,5): warning MSB3277:           Project file item includes which caused reference "C:\Program Files\dotnet\packs\Microsoft.NETCore.App.Ref\8.0.25\ref\net8.0\System.Transactions.dll". [C:\Users\ultra\warewolf\Dev\Warewolf.Studio.Themes.Luna\Warewolf.Studio.Themes.Luna.csproj]
C:\Program Files\dotnet\sdk\10.0.201\Microsoft.Common.CurrentVersion.targets(2451,5): warning MSB3277:             C:\Program Files\dotnet\packs\Microsoft.NETCore.App.Ref\8.0.25\ref/net8.0/System.Transactions.dll [C:\Users\ultra\warewolf\Dev\Warewolf.Studio.Themes.Luna\Warewolf.Studio.Themes.Luna.csproj]
C:\Program Files\dotnet\sdk\10.0.201\Microsoft.Common.CurrentVersion.targets(2451,5): warning MSB3277:         C:\Program Files\dotnet\packs\Microsoft.NETCore.App.Ref\8.0.25\ref\net8.0\System.dll [C:\Users\ultra\warewolf\Dev\Warewolf.Studio.Themes.Luna\Warewolf.Studio.Themes.Luna.csproj]
C:\Program Files\dotnet\sdk\10.0.201\Microsoft.Common.CurrentVersion.targets(2451,5): warning MSB3277:           Project file item includes which caused reference "C:\Program Files\dotnet\packs\Microsoft.NETCore.App.Ref\8.0.25\ref\net8.0\System.dll". [C:\Users\ultra\warewolf\Dev\Warewolf.Studio.Themes.Luna\Warewolf.Studio.Themes.Luna.csproj]
C:\Program Files\dotnet\sdk\10.0.201\Microsoft.Common.CurrentVersion.targets(2451,5): warning MSB3277:             C:\Program Files\dotnet\packs\Microsoft.NETCore.App.Ref\8.0.25\ref/net8.0/System.dll [C:\Users\ultra\warewolf\Dev\Warewolf.Studio.Themes.Luna\Warewolf.Studio.Themes.Luna.csproj]
C:\Program Files\dotnet\sdk\10.0.201\Microsoft.Common.CurrentVersion.targets(2451,5): warning MSB3277:             C:\Users\ultra\.nuget\packages\aerowizard\2.3.1\lib\net45\AeroWizard.dll [C:\Users\ultra\warewolf\Dev\Warewolf.Studio.Themes.Luna\Warewolf.Studio.Themes.Luna.csproj]
C:\Program Files\dotnet\sdk\10.0.201\Microsoft.Common.CurrentVersion.targets(2451,5): warning MSB3277:             C:\Users\ultra\.nuget\packages\groupcontrols\1.9.0\lib\net45\GroupControls.dll [C:\Users\ultra\warewolf\Dev\Warewolf.Studio.Themes.Luna\Warewolf.Studio.Themes.Luna.csproj]
C:\Program Files\dotnet\sdk\10.0.201\Microsoft.Common.CurrentVersion.targets(2451,5): warning MSB3277:             C:\Users\ultra\.nuget\packages\microsoft.xaml.behaviors.wpf\1.1.122\lib\net462\Microsoft.Xaml.Behaviors.dll [C:\Users\ultra\warewolf\Dev\Warewolf.Studio.Themes.Luna\Warewolf.Studio.Themes.Luna.csproj]
C:\Program Files\dotnet\sdk\10.0.201\Microsoft.Common.CurrentVersion.targets(2451,5): warning MSB3277:             C:\Users\ultra\.nuget\packages\caliburn.micro\4.0.212\lib\netcoreapp3.1\Caliburn.Micro.Platform.dll [C:\Users\ultra\warewolf\Dev\Warewolf.Studio.Themes.Luna\Warewolf.Studio.Themes.Luna.csproj]
C:\Program Files\dotnet\sdk\10.0.201\Microsoft.Common.CurrentVersion.targets(2451,5): warning MSB3277:             C:\Users\ultra\.nuget\packages\prism.wpf\9.0.537\lib\net462\Prism.Wpf.dll [C:\Users\ultra\warewolf\Dev\Warewolf.Studio.Themes.Luna\Warewolf.Studio.Themes.Luna.csproj]
C:\Program Files\dotnet\sdk\10.0.201\Microsoft.Common.CurrentVersion.targets(2451,5): warning MSB3277:             C:\Users\ultra\.nuget\packages\reactiveui.wpf\18.4.1\lib\net462\ReactiveUI.Wpf.dll [C:\Users\ultra\warewolf\Dev\Warewolf.Studio.Themes.Luna\Warewolf.Studio.Themes.Luna.csproj]
C:\Program Files\dotnet\sdk\10.0.201\Microsoft.Common.CurrentVersion.targets(2451,5): warning MSB3277:             C:\Users\ultra\.nuget\packages\taskschedulereditor\2.10.1\lib\net452\Microsoft.Win32.TaskSchedulerEditor.dll [C:\Users\ultra\warewolf\Dev\Warewolf.Studio.Themes.Luna\Warewolf.Studio.Themes.Luna.csproj]
C:\Program Files\dotnet\sdk\10.0.201\Microsoft.Common.CurrentVersion.targets(2451,5): warning MSB3277:             C:\Users\ultra\.nuget\packages\ttcue.netcore.sharepointonline.csom.16.1.8029.1200\16.1.8029.1200\lib\netcoreapp2.0\Microsoft.SharePoint.Client.Runtime.Windows.dll [C:\Users\ultra\warewolf\Dev\Warewolf.Studio.Themes.Luna\Warewolf.Studio.Themes.Luna.csproj]
C:\Program Files\dotnet\sdk\10.0.201\Microsoft.Common.CurrentVersion.targets(2451,5): warning MSB3277:         C:\Program Files\dotnet\packs\Microsoft.NETCore.App.Ref\8.0.25\ref\net8.0\WindowsBase.dll [C:\Users\ultra\warewolf\Dev\Warewolf.Studio.Themes.Luna\Warewolf.Studio.Themes.Luna.csproj]
C:\Program Files\dotnet\sdk\10.0.201\Microsoft.Common.CurrentVersion.targets(2451,5): warning MSB3277:           Project file item includes which caused reference "C:\Program Files\dotnet\packs\Microsoft.NETCore.App.Ref\8.0.25\ref\net8.0\WindowsBase.dll". [C:\Users\ultra\warewolf\Dev\Warewolf.Studio.Themes.Luna\Warewolf.Studio.Themes.Luna.csproj]
C:\Program Files\dotnet\sdk\10.0.201\Microsoft.Common.CurrentVersion.targets(2451,5): warning MSB3277:             C:\Program Files\dotnet\packs\Microsoft.NETCore.App.Ref\8.0.25\ref/net8.0/WindowsBase.dll [C:\Users\ultra\warewolf\Dev\Warewolf.Studio.Themes.Luna\Warewolf.Studio.Themes.Luna.csproj]
C:\Program Files\dotnet\sdk\10.0.201\Microsoft.Common.CurrentVersion.targets(2451,5): warning MSB3277:         C:\Program Files\dotnet\packs\Microsoft.NETCore.App.Ref\8.0.25\ref\net8.0\mscorlib.dll [C:\Users\ultra\warewolf\Dev\Warewolf.Studio.Themes.Luna\Warewolf.Studio.Themes.Luna.csproj]
C:\Program Files\dotnet\sdk\10.0.201\Microsoft.Common.CurrentVersion.targets(2451,5): warning MSB3277:           Project file item includes which caused reference "C:\Program Files\dotnet\packs\Microsoft.NETCore.App.Ref\8.0.25\ref\net8.0\mscorlib.dll". [C:\Users\ultra\warewolf\Dev\Warewolf.Studio.Themes.Luna\Warewolf.Studio.Themes.Luna.csproj]
C:\Program Files\dotnet\sdk\10.0.201\Microsoft.Common.CurrentVersion.targets(2451,5): warning MSB3277:             C:\Program Files\dotnet\packs\Microsoft.NETCore.App.Ref\8.0.25\ref/net8.0/mscorlib.dll [C:\Users\ultra\warewolf\Dev\Warewolf.Studio.Themes.Luna\Warewolf.Studio.Themes.Luna.csproj]
C:\Program Files\dotnet\sdk\10.0.201\Microsoft.Common.CurrentVersion.targets(2451,5): warning MSB3277:             C:\Users\ultra\.nuget\packages\aerowizard\2.3.1\lib\net45\AeroWizard.dll [C:\Users\ultra\warewolf\Dev\Warewolf.Studio.Themes.Luna\Warewolf.Studio.Themes.Luna.csproj]
C:\Program Files\dotnet\sdk\10.0.201\Microsoft.Common.CurrentVersion.targets(2451,5): warning MSB3277:             C:\Users\ultra\.nuget\packages\groupcontrols\1.9.0\lib\net45\GroupControls.dll [C:\Users\ultra\warewolf\Dev\Warewolf.Studio.Themes.Luna\Warewolf.Studio.Themes.Luna.csproj]
C:\Program Files\dotnet\sdk\10.0.201\Microsoft.Common.CurrentVersion.targets(2451,5): warning MSB3277:             C:\Users\ultra\.nuget\packages\hangfire.core\1.7.32\lib\netstandard2.0\Hangfire.Core.dll [C:\Users\ultra\warewolf\Dev\Warewolf.Studio.Themes.Luna\Warewolf.Studio.Themes.Luna.csproj]
C:\Program Files\dotnet\sdk\10.0.201\Microsoft.Common.CurrentVersion.targets(2451,5): warning MSB3277:             C:\Users\ultra\warewolf\Dev\Dev2.Activities\bin\Debug\net8.0\Dev2.Activities.dll [C:\Users\ultra\warewolf\Dev\Warewolf.Studio.Themes.Luna\Warewolf.Studio.Themes.Luna.csproj]
C:\Program Files\dotnet\sdk\10.0.201\Microsoft.Common.CurrentVersion.targets(2451,5): warning MSB3277:             C:\Users\ultra\warewolf\Dev\Dev2.Studio.Core\bin\Debug\net8.0\Dev2.Studio.Core.dll [C:\Users\ultra\warewolf\Dev\Warewolf.Studio.Themes.Luna\Warewolf.Studio.Themes.Luna.csproj]
C:\Program Files\dotnet\sdk\10.0.201\Microsoft.Common.CurrentVersion.targets(2451,5): warning MSB3277:             C:\Users\ultra\warewolf\Dev\Dev2.Intellisense\bin\Debug\net8.0\Dev2.Intellisense.dll [C:\Users\ultra\warewolf\Dev\Warewolf.Studio.Themes.Luna\Warewolf.Studio.Themes.Luna.csproj]
C:\Program Files\dotnet\sdk\10.0.201\Microsoft.Common.CurrentVersion.targets(2451,5): warning MSB3277:             C:\Users\ultra\warewolf\Dev\Warewolf.Driver.Persistence\bin\Debug\net8.0\Warewolf.Driver.Persistence.dll [C:\Users\ultra\warewolf\Dev\Warewolf.Studio.Themes.Luna\Warewolf.Studio.Themes.Luna.csproj]
C:\Program Files\dotnet\sdk\10.0.201\Microsoft.Common.CurrentVersion.targets(2451,5): warning MSB3277:             C:\Users\ultra\.nuget\packages\hangfire.sqlserver\1.7.32\lib\netstandard2.0\Hangfire.SqlServer.dll [C:\Users\ultra\warewolf\Dev\Warewolf.Studio.Themes.Luna\Warewolf.Studio.Themes.Luna.csproj]
C:\Program Files\dotnet\sdk\10.0.201\Microsoft.Common.CurrentVersion.targets(2451,5): warning MSB3277:             C:\Users\ultra\.nuget\packages\microsoft.xaml.behaviors.wpf\1.1.122\lib\net462\Microsoft.Xaml.Behaviors.dll [C:\Users\ultra\warewolf\Dev\Warewolf.Studio.Themes.Luna\Warewolf.Studio.Themes.Luna.csproj]
C:\Program Files\dotnet\sdk\10.0.201\Microsoft.Common.CurrentVersion.targets(2451,5): warning MSB3277:             C:\Users\ultra\.nuget\packages\caliburn.micro\4.0.212\lib\netcoreapp3.1\Caliburn.Micro.Platform.dll [C:\Users\ultra\warewolf\Dev\Warewolf.Studio.Themes.Luna\Warewolf.Studio.Themes.Luna.csproj]
C:\Program Files\dotnet\sdk\10.0.201\Microsoft.Common.CurrentVersion.targets(2451,5): warning MSB3277:             C:\Users\ultra\.nuget\packages\oracle.manageddataaccess.core\3.21.70\lib\netstandard2.1\Oracle.ManagedDataAccess.dll [C:\Users\ultra\warewolf\Dev\Warewolf.Studio.Themes.Luna\Warewolf.Studio.Themes.Luna.csproj]
C:\Program Files\dotnet\sdk\10.0.201\Microsoft.Common.CurrentVersion.targets(2451,5): warning MSB3277:             C:\Users\ultra\warewolf\Dev\Dev2.Runtime.Services\bin\Debug\net8.0\Dev2.Runtime.Services.dll [C:\Users\ultra\warewolf\Dev\Warewolf.Studio.Themes.Luna\Warewolf.Studio.Themes.Luna.csproj]
C:\Program Files\dotnet\sdk\10.0.201\Microsoft.Common.CurrentVersion.targets(2451,5): warning MSB3277:             C:\Users\ultra\warewolf\Dev\Dev2.Studio.Interfaces\bin\Debug\net8.0\Dev2.Studio.Interfaces.dll [C:\Users\ultra\warewolf\Dev\Warewolf.Studio.Themes.Luna\Warewolf.Studio.Themes.Luna.csproj]
C:\Program Files\dotnet\sdk\10.0.201\Microsoft.Common.CurrentVersion.targets(2451,5): warning MSB3277:             C:\Users\ultra\warewolf\Dev\Warewolf.Studio.Core\bin\Debug\net8.0\Warewolf.Studio.Core.dll [C:\Users\ultra\warewolf\Dev\Warewolf.Studio.Themes.Luna\Warewolf.Studio.Themes.Luna.csproj]
C:\Program Files\dotnet\sdk\10.0.201\Microsoft.Common.CurrentVersion.targets(2451,5): warning MSB3277:             C:\Users\ultra\warewolf\Dev\Warewolf.Studio.CustomControls\bin\Debug\net8.0\Warewolf.Studio.CustomControls.dll [C:\Users\ultra\warewolf\Dev\Warewolf.Studio.Themes.Luna\Warewolf.Studio.Themes.Luna.csproj]
C:\Program Files\dotnet\sdk\10.0.201\Microsoft.Common.CurrentVersion.targets(2451,5): warning MSB3277:             C:\Users\ultra\warewolf\Dev\Dev2.Services.Execution\bin\Debug\net8.0\Dev2.Services.Execution.dll [C:\Users\ultra\warewolf\Dev\Warewolf.Studio.Themes.Luna\Warewolf.Studio.Themes.Luna.csproj]
C:\Program Files\dotnet\sdk\10.0.201\Microsoft.Common.CurrentVersion.targets(2451,5): warning MSB3277:             C:\Users\ultra\warewolf\Dev\Dev2.Services.Sql\bin\Debug\net8.0\Dev2.Services.Sql.dll [C:\Users\ultra\warewolf\Dev\Warewolf.Studio.Themes.Luna\Warewolf.Studio.Themes.Luna.csproj]
C:\Program Files\dotnet\sdk\10.0.201\Microsoft.Common.CurrentVersion.targets(2451,5): warning MSB3277:             C:\Users\ultra\.nuget\packages\prism.wpf\9.0.537\lib\net462\Prism.Wpf.dll [C:\Users\ultra\warewolf\Dev\Warewolf.Studio.Themes.Luna\Warewolf.Studio.Themes.Luna.csproj]
C:\Program Files\dotnet\sdk\10.0.201\Microsoft.Common.CurrentVersion.targets(2451,5): warning MSB3277:             C:\Users\ultra\.nuget\packages\reactiveui.wpf\18.4.1\lib\net462\ReactiveUI.Wpf.dll [C:\Users\ultra\warewolf\Dev\Warewolf.Studio.Themes.Luna\Warewolf.Studio.Themes.Luna.csproj]
C:\Program Files\dotnet\sdk\10.0.201\Microsoft.Common.CurrentVersion.targets(2451,5): warning MSB3277:             C:\Users\ultra\.nuget\packages\taskschedulereditor\2.10.1\lib\net452\Microsoft.Win32.TaskSchedulerEditor.dll [C:\Users\ultra\warewolf\Dev\Warewolf.Studio.Themes.Luna\Warewolf.Studio.Themes.Luna.csproj]
C:\Program Files\dotnet\sdk\10.0.201\Microsoft.Common.CurrentVersion.targets(2451,5): warning MSB3277:             C:\Users\ultra\.nuget\packages\ttcue.netcore.sharepointonline.csom.16.1.8029.1200\16.1.8029.1200\lib\netcoreapp2.0\Microsoft.SharePoint.Client.Runtime.Windows.dll [C:\Users\ultra\warewolf\Dev\Warewolf.Studio.Themes.Luna\Warewolf.Studio.Themes.Luna.csproj]
C:\Program Files\dotnet\sdk\10.0.201\Microsoft.Common.CurrentVersion.targets(2451,5): warning MSB3277:         C:\Users\ultra\warewolf\Dev\Dev2.Development.Languages\bin\Debug\net8.0\IronRuby.dll [C:\Users\ultra\warewolf\Dev\Warewolf.Studio.Themes.Luna\Warewolf.Studio.Themes.Luna.csproj]
C:\Program Files\dotnet\sdk\10.0.201\Microsoft.Common.CurrentVersion.targets(2451,5): warning MSB3277:           Project file item includes which caused reference "C:\Users\ultra\warewolf\Dev\Dev2.Development.Languages\bin\Debug\net8.0\IronRuby.dll". [C:\Users\ultra\warewolf\Dev\Warewolf.Studio.Themes.Luna\Warewolf.Studio.Themes.Luna.csproj]
C:\Program Files\dotnet\sdk\10.0.201\Microsoft.Common.CurrentVersion.targets(2451,5): warning MSB3277:             C:\Users\ultra\warewolf\Dev\Dev2.Development.Languages\bin\Debug\net8.0\Dev2.Development.Languages.dll [C:\Users\ultra\warewolf\Dev\Warewolf.Studio.Themes.Luna\Warewolf.Studio.Themes.Luna.csproj]
C:\Program Files\dotnet\sdk\10.0.201\Microsoft.Common.CurrentVersion.targets(2451,5): warning MSB3277:             C:\Users\ultra\warewolf\Dev\Dev2.Activities\bin\Debug\net8.0\Dev2.Activities.dll [C:\Users\ultra\warewolf\Dev\Warewolf.Studio.Themes.Luna\Warewolf.Studio.Themes.Luna.csproj]
C:\Program Files\dotnet\sdk\10.0.201\Microsoft.Common.CurrentVersion.targets(2451,5): warning MSB3277:             C:\Users\ultra\warewolf\Dev\Dev2.Studio.Core\bin\Debug\net8.0\Dev2.Studio.Core.dll [C:\Users\ultra\warewolf\Dev\Warewolf.Studio.Themes.Luna\Warewolf.Studio.Themes.Luna.csproj]
C:\Program Files\dotnet\sdk\10.0.201\Microsoft.Common.CurrentVersion.targets(2451,5): warning MSB3277:             C:\Users\ultra\warewolf\Dev\Dev2.Intellisense\bin\Debug\net8.0\Dev2.Intellisense.dll [C:\Users\ultra\warewolf\Dev\Warewolf.Studio.Themes.Luna\Warewolf.Studio.Themes.Luna.csproj]
C:\Program Files\dotnet\sdk\10.0.201\Microsoft.Common.CurrentVersion.targets(2451,5): warning MSB3277:         C:\Users\ultra\warewolf\Dev\Dev2.Development.Languages\bin\Debug\net8.0\IronRuby.Libraries.dll [C:\Users\ultra\warewolf\Dev\Warewolf.Studio.Themes.Luna\Warewolf.Studio.Themes.Luna.csproj]
C:\Program Files\dotnet\sdk\10.0.201\Microsoft.Common.CurrentVersion.targets(2451,5): warning MSB3277:           Project file item includes which caused reference "C:\Users\ultra\warewolf\Dev\Dev2.Development.Languages\bin\Debug\net8.0\IronRuby.Libraries.dll". [C:\Users\ultra\warewolf\Dev\Warewolf.Studio.Themes.Luna\Warewolf.Studio.Themes.Luna.csproj]
C:\Program Files\dotnet\sdk\10.0.201\Microsoft.Common.CurrentVersion.targets(2451,5): warning MSB3277:             C:\Users\ultra\warewolf\Dev\Dev2.Development.Languages\bin\Debug\net8.0\Dev2.Development.Languages.dll [C:\Users\ultra\warewolf\Dev\Warewolf.Studio.Themes.Luna\Warewolf.Studio.Themes.Luna.csproj]
C:\Program Files\dotnet\sdk\10.0.201\Microsoft.Common.CurrentVersion.targets(2451,5): warning MSB3277:             C:\Users\ultra\warewolf\Dev\Dev2.Activities\bin\Debug\net8.0\Dev2.Activities.dll [C:\Users\ultra\warewolf\Dev\Warewolf.Studio.Themes.Luna\Warewolf.Studio.Themes.Luna.csproj]
C:\Program Files\dotnet\sdk\10.0.201\Microsoft.Common.CurrentVersion.targets(2451,5): warning MSB3277:             C:\Users\ultra\warewolf\Dev\Dev2.Studio.Core\bin\Debug\net8.0\Dev2.Studio.Core.dll [C:\Users\ultra\warewolf\Dev\Warewolf.Studio.Themes.Luna\Warewolf.Studio.Themes.Luna.csproj]
C:\Program Files\dotnet\sdk\10.0.201\Microsoft.Common.CurrentVersion.targets(2451,5): warning MSB3277:             C:\Users\ultra\warewolf\Dev\Dev2.Intellisense\bin\Debug\net8.0\Dev2.Intellisense.dll [C:\Users\ultra\warewolf\Dev\Warewolf.Studio.Themes.Luna\Warewolf.Studio.Themes.Luna.csproj]
C:\Program Files\dotnet\sdk\10.0.201\Microsoft.Common.CurrentVersion.targets(2451,5): warning MSB3277: Found conflicts between different versions of "WindowsBase" that could not be resolved. [C:\Users\ultra\warewolf\Dev\Warewolf.Studio.Themes.Luna\Warewolf.Studio.Themes.Luna.csproj]
C:\Program Files\dotnet\sdk\10.0.201\Microsoft.Common.CurrentVersion.targets(2451,5): warning MSB3277: There was a conflict between "WindowsBase, Version=4.0.0.0, Culture=neutral, PublicKeyToken=31bf3856ad364e35" and "WindowsBase, Version=6.0.2.0, Culture=neutral, PublicKeyToken=31bf3856ad364e35". [C:\Users\ultra\warewolf\Dev\Warewolf.Studio.Themes.Luna\Warewolf.Studio.Themes.Luna.csproj]
C:\Program Files\dotnet\sdk\10.0.201\Microsoft.Common.CurrentVersion.targets(2451,5): warning MSB3277:     "WindowsBase, Version=4.0.0.0, Culture=neutral, PublicKeyToken=31bf3856ad364e35" was chosen because it was primary and "WindowsBase, Version=6.0.2.0, Culture=neutral, PublicKeyToken=31bf3856ad364e35" was not. [C:\Users\ultra\warewolf\Dev\Warewolf.Studio.Themes.Luna\Warewolf.Studio.Themes.Luna.csproj]
C:\Program Files\dotnet\sdk\10.0.201\Microsoft.Common.CurrentVersion.targets(2451,5): warning MSB3277:     References which depend on "WindowsBase, Version=4.0.0.0, Culture=neutral, PublicKeyToken=31bf3856ad364e35" [C:\Program Files\dotnet\packs\Microsoft.NETCore.App.Ref\8.0.25\ref\net8.0\WindowsBase.dll]. [C:\Users\ultra\warewolf\Dev\Warewolf.Studio.Themes.Luna\Warewolf.Studio.Themes.Luna.csproj]
C:\Program Files\dotnet\sdk\10.0.201\Microsoft.Common.CurrentVersion.targets(2451,5): warning MSB3277:         C:\Program Files\dotnet\packs\Microsoft.NETCore.App.Ref\8.0.25\ref\net8.0\WindowsBase.dll [C:\Users\ultra\warewolf\Dev\Warewolf.Studio.Themes.Luna\Warewolf.Studio.Themes.Luna.csproj]
C:\Program Files\dotnet\sdk\10.0.201\Microsoft.Common.CurrentVersion.targets(2451,5): warning MSB3277:           Project file item includes which caused reference "C:\Program Files\dotnet\packs\Microsoft.NETCore.App.Ref\8.0.25\ref\net8.0\WindowsBase.dll". [C:\Users\ultra\warewolf\Dev\Warewolf.Studio.Themes.Luna\Warewolf.Studio.Themes.Luna.csproj]
C:\Program Files\dotnet\sdk\10.0.201\Microsoft.Common.CurrentVersion.targets(2451,5): warning MSB3277:             C:\Program Files\dotnet\packs\Microsoft.NETCore.App.Ref\8.0.25\ref/net8.0/WindowsBase.dll [C:\Users\ultra\warewolf\Dev\Warewolf.Studio.Themes.Luna\Warewolf.Studio.Themes.Luna.csproj]
C:\Program Files\dotnet\sdk\10.0.201\Microsoft.Common.CurrentVersion.targets(2451,5): warning MSB3277:     References which depend on or have been unified to "WindowsBase, Version=6.0.2.0, Culture=neutral, PublicKeyToken=31bf3856ad364e35" []. [C:\Users\ultra\warewolf\Dev\Warewolf.Studio.Themes.Luna\Warewolf.Studio.Themes.Luna.csproj]
C:\Program Files\dotnet\sdk\10.0.201\Microsoft.Common.CurrentVersion.targets(2451,5): warning MSB3277:         C:\Users\ultra\warewolf\Dev\Binaries\Infragistcs_Net6\Infragistics.Calculations.dll [C:\Users\ultra\warewolf\Dev\Warewolf.Studio.Themes.Luna\Warewolf.Studio.Themes.Luna.csproj]
C:\Program Files\dotnet\sdk\10.0.201\Microsoft.Common.CurrentVersion.targets(2451,5): warning MSB3277:           Project file item includes which caused reference "C:\Users\ultra\warewolf\Dev\Binaries\Infragistcs_Net6\Infragistics.Calculations.dll". [C:\Users\ultra\warewolf\Dev\Warewolf.Studio.Themes.Luna\Warewolf.Studio.Themes.Luna.csproj]
C:\Program Files\dotnet\sdk\10.0.201\Microsoft.Common.CurrentVersion.targets(2451,5): warning MSB3277:             CalculationManager.WPF [C:\Users\ultra\warewolf\Dev\Warewolf.Studio.Themes.Luna\Warewolf.Studio.Themes.Luna.csproj]
C:\Program Files\dotnet\sdk\10.0.201\Microsoft.Common.CurrentVersion.targets(2451,5): warning MSB3277:         C:\Users\ultra\warewolf\Dev\Binaries\Infragistcs_Net6\InfragisticsWPF4.Controls.Editors.XamComboEditor.v15.1.dll [C:\Users\ultra\warewolf\Dev\Warewolf.Studio.Themes.Luna\Warewolf.Studio.Themes.Luna.csproj]
C:\Program Files\dotnet\sdk\10.0.201\Microsoft.Common.CurrentVersion.targets(2451,5): warning MSB3277:           Project file item includes which caused reference "C:\Users\ultra\warewolf\Dev\Binaries\Infragistcs_Net6\InfragisticsWPF4.Controls.Editors.XamComboEditor.v15.1.dll". [C:\Users\ultra\warewolf\Dev\Warewolf.Studio.Themes.Luna\Warewolf.Studio.Themes.Luna.csproj]
C:\Program Files\dotnet\sdk\10.0.201\Microsoft.Common.CurrentVersion.targets(2451,5): warning MSB3277:             InfragisticsWPF4.Controls.Editors.XamComboEditor.v15.1, Version=15.1.20151.2055, Culture=neutral, PublicKeyToken=7dd5c3163f2cd0cb, processorArchitecture=MSIL [C:\Users\ultra\warewolf\Dev\Warewolf.Studio.Themes.Luna\Warewolf.Studio.Themes.Luna.csproj]
C:\Program Files\dotnet\sdk\10.0.201\Microsoft.Common.CurrentVersion.targets(2451,5): warning MSB3277:             InfragisticsWPF4.Controls.Grids.MultiColumnComboColumn.v15.1, Version=15.1.20151.2055, Culture=neutral, PublicKeyToken=7dd5c3163f2cd0cb, processorArchitecture=MSIL [C:\Users\ultra\warewolf\Dev\Warewolf.Studio.Themes.Luna\Warewolf.Studio.Themes.Luna.csproj]
C:\Program Files\dotnet\sdk\10.0.201\Microsoft.Common.CurrentVersion.targets(2451,5): warning MSB3277:         C:\Users\ultra\warewolf\Dev\Binaries\Infragistcs_Net6\InfragisticsWPF4.Controls.Editors.XamRichTextEditor.v15.1.dll [C:\Users\ultra\warewolf\Dev\Warewolf.Studio.Themes.Luna\Warewolf.Studio.Themes.Luna.csproj]
C:\Program Files\dotnet\sdk\10.0.201\Microsoft.Common.CurrentVersion.targets(2451,5): warning MSB3277:           Project file item includes which caused reference "C:\Users\ultra\warewolf\Dev\Binaries\Infragistcs_Net6\InfragisticsWPF4.Controls.Editors.XamRichTextEditor.v15.1.dll". [C:\Users\ultra\warewolf\Dev\Warewolf.Studio.Themes.Luna\Warewolf.Studio.Themes.Luna.csproj]
C:\Program Files\dotnet\sdk\10.0.201\Microsoft.Common.CurrentVersion.targets(2451,5): warning MSB3277:             InfragisticsWPF4.Controls.Editors.XamRichTextEditor.v15.1, Version=15.1.20151.2055, Culture=neutral, PublicKeyToken=7dd5c3163f2cd0cb, processorArchitecture=MSIL [C:\Users\ultra\warewolf\Dev\Warewolf.Studio.Themes.Luna\Warewolf.Studio.Themes.Luna.csproj]
C:\Program Files\dotnet\sdk\10.0.201\Microsoft.Common.CurrentVersion.targets(2451,5): warning MSB3277:         C:\Users\ultra\warewolf\Dev\Binaries\Infragistcs_Net6\InfragisticsWPF4.Controls.Editors.XamSyntaxEditor.v15.1.dll [C:\Users\ultra\warewolf\Dev\Warewolf.Studio.Themes.Luna\Warewolf.Studio.Themes.Luna.csproj]
C:\Program Files\dotnet\sdk\10.0.201\Microsoft.Common.CurrentVersion.targets(2451,5): warning MSB3277:           Project file item includes which caused reference "C:\Users\ultra\warewolf\Dev\Binaries\Infragistcs_Net6\InfragisticsWPF4.Controls.Editors.XamSyntaxEditor.v15.1.dll". [C:\Users\ultra\warewolf\Dev\Warewolf.Studio.Themes.Luna\Warewolf.Studio.Themes.Luna.csproj]
C:\Program Files\dotnet\sdk\10.0.201\Microsoft.Common.CurrentVersion.targets(2451,5): warning MSB3277:             InfragisticsWPF4.Controls.Editors.XamSyntaxEditor.v15.1, Version=15.1.20151.2055, Culture=neutral, PublicKeyToken=7dd5c3163f2cd0cb, processorArchitecture=MSIL [C:\Users\ultra\warewolf\Dev\Warewolf.Studio.Themes.Luna\Warewolf.Studio.Themes.Luna.csproj]
C:\Program Files\dotnet\sdk\10.0.201\Microsoft.Common.CurrentVersion.targets(2451,5): warning MSB3277:         C:\Users\ultra\warewolf\Dev\Binaries\Infragistcs_Net6\InfragisticsWPF4.Controls.Grids.DateTimeColumn.v15.1.dll [C:\Users\ultra\warewolf\Dev\Warewolf.Studio.Themes.Luna\Warewolf.Studio.Themes.Luna.csproj]
C:\Program Files\dotnet\sdk\10.0.201\Microsoft.Common.CurrentVersion.targets(2451,5): warning MSB3277:           Project file item includes which caused reference "C:\Users\ultra\warewolf\Dev\Binaries\Infragistcs_Net6\InfragisticsWPF4.Controls.Grids.DateTimeColumn.v15.1.dll". [C:\Users\ultra\warewolf\Dev\Warewolf.Studio.Themes.Luna\Warewolf.Studio.Themes.Luna.csproj]
C:\Program Files\dotnet\sdk\10.0.201\Microsoft.Common.CurrentVersion.targets(2451,5): warning MSB3277:             InfragisticsWPF4.Controls.Grids.DateTimeColumn.v15.1, Version=15.1.20151.2055, Culture=neutral, PublicKeyToken=7dd5c3163f2cd0cb, processorArchitecture=MSIL [C:\Users\ultra\warewolf\Dev\Warewolf.Studio.Themes.Luna\Warewolf.Studio.Themes.Luna.csproj]
C:\Program Files\dotnet\sdk\10.0.201\Microsoft.Common.CurrentVersion.targets(2451,5): warning MSB3277:         C:\Users\ultra\warewolf\Dev\Binaries\Infragistcs_Net6\InfragisticsWPF4.Controls.Grids.MultiColumnComboColumn.v15.1.dll [C:\Users\ultra\warewolf\Dev\Warewolf.Studio.Themes.Luna\Warewolf.Studio.Themes.Luna.csproj]
C:\Program Files\dotnet\sdk\10.0.201\Microsoft.Common.CurrentVersion.targets(2451,5): warning MSB3277:           Project file item includes which caused reference "C:\Users\ultra\warewolf\Dev\Binaries\Infragistcs_Net6\InfragisticsWPF4.Controls.Grids.MultiColumnComboColumn.v15.1.dll". [C:\Users\ultra\warewolf\Dev\Warewolf.Studio.Themes.Luna\Warewolf.Studio.Themes.Luna.csproj]
C:\Program Files\dotnet\sdk\10.0.201\Microsoft.Common.CurrentVersion.targets(2451,5): warning MSB3277:             InfragisticsWPF4.Controls.Grids.MultiColumnComboColumn.v15.1, Version=15.1.20151.2055, Culture=neutral, PublicKeyToken=7dd5c3163f2cd0cb, processorArchitecture=MSIL [C:\Users\ultra\warewolf\Dev\Warewolf.Studio.Themes.Luna\Warewolf.Studio.Themes.Luna.csproj]
C:\Program Files\dotnet\sdk\10.0.201\Microsoft.Common.CurrentVersion.targets(2451,5): warning MSB3277:         C:\Users\ultra\warewolf\Dev\Binaries\Infragistcs_Net6\InfragisticsWPF4.Controls.Grids.XamGrid.v15.1.dll [C:\Users\ultra\warewolf\Dev\Warewolf.Studio.Themes.Luna\Warewolf.Studio.Themes.Luna.csproj]
C:\Program Files\dotnet\sdk\10.0.201\Microsoft.Common.CurrentVersion.targets(2451,5): warning MSB3277:           Project file item includes which caused reference "C:\Users\ultra\warewolf\Dev\Binaries\Infragistcs_Net6\InfragisticsWPF4.Controls.Grids.XamGrid.v15.1.dll". [C:\Users\ultra\warewolf\Dev\Warewolf.Studio.Themes.Luna\Warewolf.Studio.Themes.Luna.csproj]
C:\Program Files\dotnet\sdk\10.0.201\Microsoft.Common.CurrentVersion.targets(2451,5): warning MSB3277:             InfragisticsWPF4.Controls.Grids.XamGrid.v15.1, Version=15.1.20151.2055, Culture=neutral, PublicKeyToken=7dd5c3163f2cd0cb, processorArchitecture=MSIL [C:\Users\ultra\warewolf\Dev\Warewolf.Studio.Themes.Luna\Warewolf.Studio.Themes.Luna.csproj]
C:\Program Files\dotnet\sdk\10.0.201\Microsoft.Common.CurrentVersion.targets(2451,5): warning MSB3277:             InfragisticsWPF4.Controls.Grids.DateTimeColumn.v15.1, Version=15.1.20151.2055, Culture=neutral, PublicKeyToken=7dd5c3163f2cd0cb, processorArchitecture=MSIL [C:\Users\ultra\warewolf\Dev\Warewolf.Studio.Themes.Luna\Warewolf.Studio.Themes.Luna.csproj]
C:\Program Files\dotnet\sdk\10.0.201\Microsoft.Common.CurrentVersion.targets(2451,5): warning MSB3277:             InfragisticsWPF4.Controls.Grids.MultiColumnComboColumn.v15.1, Version=15.1.20151.2055, Culture=neutral, PublicKeyToken=7dd5c3163f2cd0cb, processorArchitecture=MSIL [C:\Users\ultra\warewolf\Dev\Warewolf.Studio.Themes.Luna\Warewolf.Studio.Themes.Luna.csproj]
C:\Program Files\dotnet\sdk\10.0.201\Microsoft.Common.CurrentVersion.targets(2451,5): warning MSB3277:         C:\Users\ultra\warewolf\Dev\Binaries\Infragistcs_Net6\InfragisticsWPF4.Controls.Interactions.XamDialogWindow.v15.1.dll [C:\Users\ultra\warewolf\Dev\Warewolf.Studio.Themes.Luna\Warewolf.Studio.Themes.Luna.csproj]
C:\Program Files\dotnet\sdk\10.0.201\Microsoft.Common.CurrentVersion.targets(2451,5): warning MSB3277:           Project file item includes which caused reference "C:\Users\ultra\warewolf\Dev\Binaries\Infragistcs_Net6\InfragisticsWPF4.Controls.Interactions.XamDialogWindow.v15.1.dll". [C:\Users\ultra\warewolf\Dev\Warewolf.Studio.Themes.Luna\Warewolf.Studio.Themes.Luna.csproj]
C:\Program Files\dotnet\sdk\10.0.201\Microsoft.Common.CurrentVersion.targets(2451,5): warning MSB3277:             InfragisticsWPF4.Controls.Interactions.XamDialogWindow.v15.1, Version=15.1.20151.2055, Culture=neutral, PublicKeyToken=7dd5c3163f2cd0cb, processorArchitecture=MSIL [C:\Users\ultra\warewolf\Dev\Warewolf.Studio.Themes.Luna\Warewolf.Studio.Themes.Luna.csproj]
C:\Program Files\dotnet\sdk\10.0.201\Microsoft.Common.CurrentVersion.targets(2451,5): warning MSB3277:             InfragisticsWPF4.Controls.Interactions.XamSpellChecker.v15.1, Version=15.1.20151.2055, Culture=neutral, PublicKeyToken=7dd5c3163f2cd0cb, processorArchitecture=MSIL [C:\Users\ultra\warewolf\Dev\Warewolf.Studio.Themes.Luna\Warewolf.Studio.Themes.Luna.csproj]
C:\Program Files\dotnet\sdk\10.0.201\Microsoft.Common.CurrentVersion.targets(2451,5): warning MSB3277:         C:\Users\ultra\warewolf\Dev\Binaries\Infragistcs_Net6\InfragisticsWPF4.Controls.Interactions.XamSpellChecker.v15.1.dll [C:\Users\ultra\warewolf\Dev\Warewolf.Studio.Themes.Luna\Warewolf.Studio.Themes.Luna.csproj]
C:\Program Files\dotnet\sdk\10.0.201\Microsoft.Common.CurrentVersion.targets(2451,5): warning MSB3277:           Project file item includes which caused reference "C:\Users\ultra\warewolf\Dev\Binaries\Infragistcs_Net6\InfragisticsWPF4.Controls.Interactions.XamSpellChecker.v15.1.dll". [C:\Users\ultra\warewolf\Dev\Warewolf.Studio.Themes.Luna\Warewolf.Studio.Themes.Luna.csproj]
C:\Program Files\dotnet\sdk\10.0.201\Microsoft.Common.CurrentVersion.targets(2451,5): warning MSB3277:             InfragisticsWPF4.Controls.Interactions.XamSpellChecker.v15.1, Version=15.1.20151.2055, Culture=neutral, PublicKeyToken=7dd5c3163f2cd0cb, processorArchitecture=MSIL [C:\Users\ultra\warewolf\Dev\Warewolf.Studio.Themes.Luna\Warewolf.Studio.Themes.Luna.csproj]
C:\Program Files\dotnet\sdk\10.0.201\Microsoft.Common.CurrentVersion.targets(2451,5): warning MSB3277:         C:\Users\ultra\warewolf\Dev\Binaries\Infragistcs_Net6\InfragisticsWPF4.Controls.Maps.XamNetworkNode.v15.1.dll [C:\Users\ultra\warewolf\Dev\Warewolf.Studio.Themes.Luna\Warewolf.Studio.Themes.Luna.csproj]
C:\Program Files\dotnet\sdk\10.0.201\Microsoft.Common.CurrentVersion.targets(2451,5): warning MSB3277:           Project file item includes which caused reference "C:\Users\ultra\warewolf\Dev\Binaries\Infragistcs_Net6\InfragisticsWPF4.Controls.Maps.XamNetworkNode.v15.1.dll". [C:\Users\ultra\warewolf\Dev\Warewolf.Studio.Themes.Luna\Warewolf.Studio.Themes.Luna.csproj]
C:\Program Files\dotnet\sdk\10.0.201\Microsoft.Common.CurrentVersion.targets(2451,5): warning MSB3277:             InfragisticsWPF4.Controls.Maps.XamNetworkNode.v15.1, Version=15.1.20151.2055, Culture=neutral, PublicKeyToken=7dd5c3163f2cd0cb, processorArchitecture=MSIL [C:\Users\ultra\warewolf\Dev\Warewolf.Studio.Themes.Luna\Warewolf.Studio.Themes.Luna.csproj]
C:\Program Files\dotnet\sdk\10.0.201\Microsoft.Common.CurrentVersion.targets(2451,5): warning MSB3277:         C:\Users\ultra\warewolf\Dev\Binaries\Infragistcs_Net6\InfragisticsWPF4.Controls.Menus.XamDataTree.v15.1.dll [C:\Users\ultra\warewolf\Dev\Warewolf.Studio.Themes.Luna\Warewolf.Studio.Themes.Luna.csproj]
C:\Program Files\dotnet\sdk\10.0.201\Microsoft.Common.CurrentVersion.targets(2451,5): warning MSB3277:           Project file item includes which caused reference "C:\Users\ultra\warewolf\Dev\Binaries\Infragistcs_Net6\InfragisticsWPF4.Controls.Menus.XamDataTree.v15.1.dll". [C:\Users\ultra\warewolf\Dev\Warewolf.Studio.Themes.Luna\Warewolf.Studio.Themes.Luna.csproj]
C:\Program Files\dotnet\sdk\10.0.201\Microsoft.Common.CurrentVersion.targets(2451,5): warning MSB3277:             InfragisticsWPF4.Controls.Menus.XamDataTree.v15.1 [C:\Users\ultra\warewolf\Dev\Warewolf.Studio.Themes.Luna\Warewolf.Studio.Themes.Luna.csproj]
C:\Program Files\dotnet\sdk\10.0.201\Microsoft.Common.CurrentVersion.targets(2451,5): warning MSB3277:         C:\Users\ultra\warewolf\Dev\Binaries\Infragistcs_Net6\InfragisticsWPF4.Controls.Menus.XamMenu.v15.1.dll [C:\Users\ultra\warewolf\Dev\Warewolf.Studio.Themes.Luna\Warewolf.Studio.Themes.Luna.csproj]
C:\Program Files\dotnet\sdk\10.0.201\Microsoft.Common.CurrentVersion.targets(2451,5): warning MSB3277:           Project file item includes which caused reference "C:\Users\ultra\warewolf\Dev\Binaries\Infragistcs_Net6\InfragisticsWPF4.Controls.Menus.XamMenu.v15.1.dll". [C:\Users\ultra\warewolf\Dev\Warewolf.Studio.Themes.Luna\Warewolf.Studio.Themes.Luna.csproj]
C:\Program Files\dotnet\sdk\10.0.201\Microsoft.Common.CurrentVersion.targets(2451,5): warning MSB3277:             InfragisticsWPF4.Controls.Menus.XamMenu.v15.1, Version=15.1.20151.2055, Culture=neutral, PublicKeyToken=7dd5c3163f2cd0cb, processorArchitecture=MSIL [C:\Users\ultra\warewolf\Dev\Warewolf.Studio.Themes.Luna\Warewolf.Studio.Themes.Luna.csproj]
C:\Program Files\dotnet\sdk\10.0.201\Microsoft.Common.CurrentVersion.targets(2451,5): warning MSB3277:             InfragisticsWPF4.Controls.Editors.XamRichTextEditor.v15.1, Version=15.1.20151.2055, Culture=neutral, PublicKeyToken=7dd5c3163f2cd0cb, processorArchitecture=MSIL [C:\Users\ultra\warewolf\Dev\Warewolf.Studio.Themes.Luna\Warewolf.Studio.Themes.Luna.csproj]
C:\Program Files\dotnet\sdk\10.0.201\Microsoft.Common.CurrentVersion.targets(2451,5): warning MSB3277:             InfragisticsWPF4.Controls.Grids.XamGrid.v15.1, Version=15.1.20151.2055, Culture=neutral, PublicKeyToken=7dd5c3163f2cd0cb, processorArchitecture=MSIL [C:\Users\ultra\warewolf\Dev\Warewolf.Studio.Themes.Luna\Warewolf.Studio.Themes.Luna.csproj]
C:\Program Files\dotnet\sdk\10.0.201\Microsoft.Common.CurrentVersion.targets(2451,5): warning MSB3277:             InfragisticsWPF4.Controls.Grids.DateTimeColumn.v15.1, Version=15.1.20151.2055, Culture=neutral, PublicKeyToken=7dd5c3163f2cd0cb, processorArchitecture=MSIL [C:\Users\ultra\warewolf\Dev\Warewolf.Studio.Themes.Luna\Warewolf.Studio.Themes.Luna.csproj]
C:\Program Files\dotnet\sdk\10.0.201\Microsoft.Common.CurrentVersion.targets(2451,5): warning MSB3277:             InfragisticsWPF4.Controls.Grids.MultiColumnComboColumn.v15.1, Version=15.1.20151.2055, Culture=neutral, PublicKeyToken=7dd5c3163f2cd0cb, processorArchitecture=MSIL [C:\Users\ultra\warewolf\Dev\Warewolf.Studio.Themes.Luna\Warewolf.Studio.Themes.Luna.csproj]
C:\Program Files\dotnet\sdk\10.0.201\Microsoft.Common.CurrentVersion.targets(2451,5): warning MSB3277:         C:\Users\ultra\warewolf\Dev\Binaries\Infragistcs_Net6\InfragisticsWPF4.DataManager.v15.1.dll [C:\Users\ultra\warewolf\Dev\Warewolf.Studio.Themes.Luna\Warewolf.Studio.Themes.Luna.csproj]
C:\Program Files\dotnet\sdk\10.0.201\Microsoft.Common.CurrentVersion.targets(2451,5): warning MSB3277:           Project file item includes which caused reference "C:\Users\ultra\warewolf\Dev\Binaries\Infragistcs_Net6\InfragisticsWPF4.DataManager.v15.1.dll". [C:\Users\ultra\warewolf\Dev\Warewolf.Studio.Themes.Luna\Warewolf.Studio.Themes.Luna.csproj]
C:\Program Files\dotnet\sdk\10.0.201\Microsoft.Common.CurrentVersion.targets(2451,5): warning MSB3277:             InfragisticsWPF4.DataManager.v15.1, Version=15.1.20151.2055, Culture=neutral, PublicKeyToken=7dd5c3163f2cd0cb, processorArchitecture=MSIL [C:\Users\ultra\warewolf\Dev\Warewolf.Studio.Themes.Luna\Warewolf.Studio.Themes.Luna.csproj]
C:\Program Files\dotnet\sdk\10.0.201\Microsoft.Common.CurrentVersion.targets(2451,5): warning MSB3277:             InfragisticsWPF4.Controls.Editors.XamComboEditor.v15.1, Version=15.1.20151.2055, Culture=neutral, PublicKeyToken=7dd5c3163f2cd0cb, processorArchitecture=MSIL [C:\Users\ultra\warewolf\Dev\Warewolf.Studio.Themes.Luna\Warewolf.Studio.Themes.Luna.csproj]
C:\Program Files\dotnet\sdk\10.0.201\Microsoft.Common.CurrentVersion.targets(2451,5): warning MSB3277:             InfragisticsWPF4.Controls.Grids.DateTimeColumn.v15.1, Version=15.1.20151.2055, Culture=neutral, PublicKeyToken=7dd5c3163f2cd0cb, processorArchitecture=MSIL [C:\Users\ultra\warewolf\Dev\Warewolf.Studio.Themes.Luna\Warewolf.Studio.Themes.Luna.csproj]
C:\Program Files\dotnet\sdk\10.0.201\Microsoft.Common.CurrentVersion.targets(2451,5): warning MSB3277:             InfragisticsWPF4.Controls.Grids.MultiColumnComboColumn.v15.1, Version=15.1.20151.2055, Culture=neutral, PublicKeyToken=7dd5c3163f2cd0cb, processorArchitecture=MSIL [C:\Users\ultra\warewolf\Dev\Warewolf.Studio.Themes.Luna\Warewolf.Studio.Themes.Luna.csproj]
C:\Program Files\dotnet\sdk\10.0.201\Microsoft.Common.CurrentVersion.targets(2451,5): warning MSB3277:             InfragisticsWPF4.Controls.Grids.XamGrid.v15.1, Version=15.1.20151.2055, Culture=neutral, PublicKeyToken=7dd5c3163f2cd0cb, processorArchitecture=MSIL [C:\Users\ultra\warewolf\Dev\Warewolf.Studio.Themes.Luna\Warewolf.Studio.Themes.Luna.csproj]
C:\Program Files\dotnet\sdk\10.0.201\Microsoft.Common.CurrentVersion.targets(2451,5): warning MSB3277:             InfragisticsWPF4.Controls.Menus.XamDataTree.v15.1 [C:\Users\ultra\warewolf\Dev\Warewolf.Studio.Themes.Luna\Warewolf.Studio.Themes.Luna.csproj]
C:\Program Files\dotnet\sdk\10.0.201\Microsoft.Common.CurrentVersion.targets(2451,5): warning MSB3277:         C:\Users\ultra\warewolf\Dev\Binaries\Infragistcs_Net6\InfragisticsWPF4.DataPresenter.v15.1.dll [C:\Users\ultra\warewolf\Dev\Warewolf.Studio.Themes.Luna\Warewolf.Studio.Themes.Luna.csproj]
C:\Program Files\dotnet\sdk\10.0.201\Microsoft.Common.CurrentVersion.targets(2451,5): warning MSB3277:           Project file item includes which caused reference "C:\Users\ultra\warewolf\Dev\Binaries\Infragistcs_Net6\InfragisticsWPF4.DataPresenter.v15.1.dll". [C:\Users\ultra\warewolf\Dev\Warewolf.Studio.Themes.Luna\Warewolf.Studio.Themes.Luna.csproj]
C:\Program Files\dotnet\sdk\10.0.201\Microsoft.Common.CurrentVersion.targets(2451,5): warning MSB3277:             InfragisticsWPF4.DataPresenter.v15.1, Version=15.1.20151.2055, Culture=neutral, PublicKeyToken=7dd5c3163f2cd0cb, processorArchitecture=MSIL [C:\Users\ultra\warewolf\Dev\Warewolf.Studio.Themes.Luna\Warewolf.Studio.Themes.Luna.csproj]
C:\Program Files\dotnet\sdk\10.0.201\Microsoft.Common.CurrentVersion.targets(2451,5): warning MSB3277:         C:\Users\ultra\warewolf\Dev\Binaries\Infragistcs_Net6\InfragisticsWPF4.DataVisualization.v15.1.dll [C:\Users\ultra\warewolf\Dev\Warewolf.Studio.Themes.Luna\Warewolf.Studio.Themes.Luna.csproj]
C:\Program Files\dotnet\sdk\10.0.201\Microsoft.Common.CurrentVersion.targets(2451,5): warning MSB3277:           Project file item includes which caused reference "C:\Users\ultra\warewolf\Dev\Binaries\Infragistcs_Net6\InfragisticsWPF4.DataVisualization.v15.1.dll". [C:\Users\ultra\warewolf\Dev\Warewolf.Studio.Themes.Luna\Warewolf.Studio.Themes.Luna.csproj]
C:\Program Files\dotnet\sdk\10.0.201\Microsoft.Common.CurrentVersion.targets(2451,5): warning MSB3277:             InfragisticsWPF4.DataVisualization.v15.1, Version=15.1.20151.2055, Culture=neutral, PublicKeyToken=7dd5c3163f2cd0cb, processorArchitecture=MSIL [C:\Users\ultra\warewolf\Dev\Warewolf.Studio.Themes.Luna\Warewolf.Studio.Themes.Luna.csproj]
C:\Program Files\dotnet\sdk\10.0.201\Microsoft.Common.CurrentVersion.targets(2451,5): warning MSB3277:             InfragisticsWPF4.Controls.Maps.XamNetworkNode.v15.1, Version=15.1.20151.2055, Culture=neutral, PublicKeyToken=7dd5c3163f2cd0cb, processorArchitecture=MSIL [C:\Users\ultra\warewolf\Dev\Warewolf.Studio.Themes.Luna\Warewolf.Studio.Themes.Luna.csproj]
C:\Program Files\dotnet\sdk\10.0.201\Microsoft.Common.CurrentVersion.targets(2451,5): warning MSB3277:         C:\Users\ultra\warewolf\Dev\Binaries\Infragistcs_Net6\InfragisticsWPF4.DockManager.v15.1.dll [C:\Users\ultra\warewolf\Dev\Warewolf.Studio.Themes.Luna\Warewolf.Studio.Themes.Luna.csproj]
C:\Program Files\dotnet\sdk\10.0.201\Microsoft.Common.CurrentVersion.targets(2451,5): warning MSB3277:           Project file item includes which caused reference "C:\Users\ultra\warewolf\Dev\Binaries\Infragistcs_Net6\InfragisticsWPF4.DockManager.v15.1.dll". [C:\Users\ultra\warewolf\Dev\Warewolf.Studio.Themes.Luna\Warewolf.Studio.Themes.Luna.csproj]
C:\Program Files\dotnet\sdk\10.0.201\Microsoft.Common.CurrentVersion.targets(2451,5): warning MSB3277:             InfragisticsWPF4.DockManager.v15.1, Version=15.1.20151.2055, Culture=neutral, PublicKeyToken=7dd5c3163f2cd0cb, processorArchitecture=MSIL [C:\Users\ultra\warewolf\Dev\Warewolf.Studio.Themes.Luna\Warewolf.Studio.Themes.Luna.csproj]
C:\Program Files\dotnet\sdk\10.0.201\Microsoft.Common.CurrentVersion.targets(2451,5): warning MSB3277:         C:\Users\ultra\warewolf\Dev\Binaries\Infragistcs_Net6\InfragisticsWPF4.Documents.RichTextDocument.Html.v15.1.dll [C:\Users\ultra\warewolf\Dev\Warewolf.Studio.Themes.Luna\Warewolf.Studio.Themes.Luna.csproj]
C:\Program Files\dotnet\sdk\10.0.201\Microsoft.Common.CurrentVersion.targets(2451,5): warning MSB3277:           Project file item includes which caused reference "C:\Users\ultra\warewolf\Dev\Binaries\Infragistcs_Net6\InfragisticsWPF4.Documents.RichTextDocument.Html.v15.1.dll". [C:\Users\ultra\warewolf\Dev\Warewolf.Studio.Themes.Luna\Warewolf.Studio.Themes.Luna.csproj]
C:\Program Files\dotnet\sdk\10.0.201\Microsoft.Common.CurrentVersion.targets(2451,5): warning MSB3277:             InfragisticsWPF4.Documents.RichTextDocument.Html.v15.1, Version=15.1.20151.2055, Culture=neutral, PublicKeyToken=7dd5c3163f2cd0cb, processorArchitecture=MSIL [C:\Users\ultra\warewolf\Dev\Warewolf.Studio.Themes.Luna\Warewolf.Studio.Themes.Luna.csproj]
C:\Program Files\dotnet\sdk\10.0.201\Microsoft.Common.CurrentVersion.targets(2451,5): warning MSB3277:         C:\Users\ultra\warewolf\Dev\Binaries\Infragistcs_Net6\InfragisticsWPF4.Documents.RichTextDocument.v15.1.dll [C:\Users\ultra\warewolf\Dev\Warewolf.Studio.Themes.Luna\Warewolf.Studio.Themes.Luna.csproj]
C:\Program Files\dotnet\sdk\10.0.201\Microsoft.Common.CurrentVersion.targets(2451,5): warning MSB3277:           Project file item includes which caused reference "C:\Users\ultra\warewolf\Dev\Binaries\Infragistcs_Net6\InfragisticsWPF4.Documents.RichTextDocument.v15.1.dll". [C:\Users\ultra\warewolf\Dev\Warewolf.Studio.Themes.Luna\Warewolf.Studio.Themes.Luna.csproj]
C:\Program Files\dotnet\sdk\10.0.201\Microsoft.Common.CurrentVersion.targets(2451,5): warning MSB3277:             InfragisticsWPF4.Documents.RichTextDocument.v15.1, Version=15.1.20151.2055, Culture=neutral, PublicKeyToken=7dd5c3163f2cd0cb, processorArchitecture=MSIL [C:\Users\ultra\warewolf\Dev\Warewolf.Studio.Themes.Luna\Warewolf.Studio.Themes.Luna.csproj]
C:\Program Files\dotnet\sdk\10.0.201\Microsoft.Common.CurrentVersion.targets(2451,5): warning MSB3277:             InfragisticsWPF4.Controls.Editors.XamRichTextEditor.v15.1, Version=15.1.20151.2055, Culture=neutral, PublicKeyToken=7dd5c3163f2cd0cb, processorArchitecture=MSIL [C:\Users\ultra\warewolf\Dev\Warewolf.Studio.Themes.Luna\Warewolf.Studio.Themes.Luna.csproj]
C:\Program Files\dotnet\sdk\10.0.201\Microsoft.Common.CurrentVersion.targets(2451,5): warning MSB3277:             InfragisticsWPF4.Documents.RichTextDocument.Html.v15.1, Version=15.1.20151.2055, Culture=neutral, PublicKeyToken=7dd5c3163f2cd0cb, processorArchitecture=MSIL [C:\Users\ultra\warewolf\Dev\Warewolf.Studio.Themes.Luna\Warewolf.Studio.Themes.Luna.csproj]
C:\Program Files\dotnet\sdk\10.0.201\Microsoft.Common.CurrentVersion.targets(2451,5): warning MSB3277:         C:\Users\ultra\warewolf\Dev\Binaries\Infragistcs_Net6\InfragisticsWPF4.Editors.v15.1.dll [C:\Users\ultra\warewolf\Dev\Warewolf.Studio.Themes.Luna\Warewolf.Studio.Themes.Luna.csproj]
C:\Program Files\dotnet\sdk\10.0.201\Microsoft.Common.CurrentVersion.targets(2451,5): warning MSB3277:           Project file item includes which caused reference "C:\Users\ultra\warewolf\Dev\Binaries\Infragistcs_Net6\InfragisticsWPF4.Editors.v15.1.dll". [C:\Users\ultra\warewolf\Dev\Warewolf.Studio.Themes.Luna\Warewolf.Studio.Themes.Luna.csproj]
C:\Program Files\dotnet\sdk\10.0.201\Microsoft.Common.CurrentVersion.targets(2451,5): warning MSB3277:             InfragisticsWPF4.Editors.v15.1, Version=15.1.20151.2055, Culture=neutral, PublicKeyToken=7dd5c3163f2cd0cb, processorArchitecture=MSIL [C:\Users\ultra\warewolf\Dev\Warewolf.Studio.Themes.Luna\Warewolf.Studio.Themes.Luna.csproj]
C:\Program Files\dotnet\sdk\10.0.201\Microsoft.Common.CurrentVersion.targets(2451,5): warning MSB3277:             InfragisticsWPF4.DataPresenter.v15.1, Version=15.1.20151.2055, Culture=neutral, PublicKeyToken=7dd5c3163f2cd0cb, processorArchitecture=MSIL [C:\Users\ultra\warewolf\Dev\Warewolf.Studio.Themes.Luna\Warewolf.Studio.Themes.Luna.csproj]
C:\Program Files\dotnet\sdk\10.0.201\Microsoft.Common.CurrentVersion.targets(2451,5): warning MSB3277:         C:\Users\ultra\warewolf\Dev\Binaries\Infragistcs_Net6\InfragisticsWPF4.v15.1.dll [C:\Users\ultra\warewolf\Dev\Warewolf.Studio.Themes.Luna\Warewolf.Studio.Themes.Luna.csproj]
C:\Program Files\dotnet\sdk\10.0.201\Microsoft.Common.CurrentVersion.targets(2451,5): warning MSB3277:           Project file item includes which caused reference "C:\Users\ultra\warewolf\Dev\Binaries\Infragistcs_Net6\InfragisticsWPF4.v15.1.dll". [C:\Users\ultra\warewolf\Dev\Warewolf.Studio.Themes.Luna\Warewolf.Studio.Themes.Luna.csproj]
C:\Program Files\dotnet\sdk\10.0.201\Microsoft.Common.CurrentVersion.targets(2451,5): warning MSB3277:             InfragisticsWPF4.v15.1, Version=15.1.20151.2055, Culture=neutral, PublicKeyToken=7dd5c3163f2cd0cb, processorArchitecture=MSIL [C:\Users\ultra\warewolf\Dev\Warewolf.Studio.Themes.Luna\Warewolf.Studio.Themes.Luna.csproj]
C:\Program Files\dotnet\sdk\10.0.201\Microsoft.Common.CurrentVersion.targets(2451,5): warning MSB3277:             CalculationManager.WPF [C:\Users\ultra\warewolf\Dev\Warewolf.Studio.Themes.Luna\Warewolf.Studio.Themes.Luna.csproj]
C:\Program Files\dotnet\sdk\10.0.201\Microsoft.Common.CurrentVersion.targets(2451,5): warning MSB3277:             InfragisticsWPF4.Controls.Editors.XamComboEditor.v15.1, Version=15.1.20151.2055, Culture=neutral, PublicKeyToken=7dd5c3163f2cd0cb, processorArchitecture=MSIL [C:\Users\ultra\warewolf\Dev\Warewolf.Studio.Themes.Luna\Warewolf.Studio.Themes.Luna.csproj]
C:\Program Files\dotnet\sdk\10.0.201\Microsoft.Common.CurrentVersion.targets(2451,5): warning MSB3277:             InfragisticsWPF4.Controls.Editors.XamRichTextEditor.v15.1, Version=15.1.20151.2055, Culture=neutral, PublicKeyToken=7dd5c3163f2cd0cb, processorArchitecture=MSIL [C:\Users\ultra\warewolf\Dev\Warewolf.Studio.Themes.Luna\Warewolf.Studio.Themes.Luna.csproj]
C:\Program Files\dotnet\sdk\10.0.201\Microsoft.Common.CurrentVersion.targets(2451,5): warning MSB3277:             InfragisticsWPF4.Controls.Editors.XamSyntaxEditor.v15.1, Version=15.1.20151.2055, Culture=neutral, PublicKeyToken=7dd5c3163f2cd0cb, processorArchitecture=MSIL [C:\Users\ultra\warewolf\Dev\Warewolf.Studio.Themes.Luna\Warewolf.Studio.Themes.Luna.csproj]
C:\Program Files\dotnet\sdk\10.0.201\Microsoft.Common.CurrentVersion.targets(2451,5): warning MSB3277:             InfragisticsWPF4.Controls.Grids.DateTimeColumn.v15.1, Version=15.1.20151.2055, Culture=neutral, PublicKeyToken=7dd5c3163f2cd0cb, processorArchitecture=MSIL [C:\Users\ultra\warewolf\Dev\Warewolf.Studio.Themes.Luna\Warewolf.Studio.Themes.Luna.csproj]
C:\Program Files\dotnet\sdk\10.0.201\Microsoft.Common.CurrentVersion.targets(2451,5): warning MSB3277:             InfragisticsWPF4.Controls.Grids.MultiColumnComboColumn.v15.1, Version=15.1.20151.2055, Culture=neutral, PublicKeyToken=7dd5c3163f2cd0cb, processorArchitecture=MSIL [C:\Users\ultra\warewolf\Dev\Warewolf.Studio.Themes.Luna\Warewolf.Studio.Themes.Luna.csproj]
C:\Program Files\dotnet\sdk\10.0.201\Microsoft.Common.CurrentVersion.targets(2451,5): warning MSB3277:             InfragisticsWPF4.Controls.Grids.XamGrid.v15.1, Version=15.1.20151.2055, Culture=neutral, PublicKeyToken=7dd5c3163f2cd0cb, processorArchitecture=MSIL [C:\Users\ultra\warewolf\Dev\Warewolf.Studio.Themes.Luna\Warewolf.Studio.Themes.Luna.csproj]
C:\Program Files\dotnet\sdk\10.0.201\Microsoft.Common.CurrentVersion.targets(2451,5): warning MSB3277:             InfragisticsWPF4.Controls.Interactions.XamDialogWindow.v15.1, Version=15.1.20151.2055, Culture=neutral, PublicKeyToken=7dd5c3163f2cd0cb, processorArchitecture=MSIL [C:\Users\ultra\warewolf\Dev\Warewolf.Studio.Themes.Luna\Warewolf.Studio.Themes.Luna.csproj]
C:\Program Files\dotnet\sdk\10.0.201\Microsoft.Common.CurrentVersion.targets(2451,5): warning MSB3277:             InfragisticsWPF4.Controls.Interactions.XamSpellChecker.v15.1, Version=15.1.20151.2055, Culture=neutral, PublicKeyToken=7dd5c3163f2cd0cb, processorArchitecture=MSIL [C:\Users\ultra\warewolf\Dev\Warewolf.Studio.Themes.Luna\Warewolf.Studio.Themes.Luna.csproj]
C:\Program Files\dotnet\sdk\10.0.201\Microsoft.Common.CurrentVersion.targets(2451,5): warning MSB3277:             InfragisticsWPF4.Controls.Maps.XamNetworkNode.v15.1, Version=15.1.20151.2055, Culture=neutral, PublicKeyToken=7dd5c3163f2cd0cb, processorArchitecture=MSIL [C:\Users\ultra\warewolf\Dev\Warewolf.Studio.Themes.Luna\Warewolf.Studio.Themes.Luna.csproj]
C:\Program Files\dotnet\sdk\10.0.201\Microsoft.Common.CurrentVersion.targets(2451,5): warning MSB3277:             InfragisticsWPF4.Controls.Menus.XamDataTree.v15.1 [C:\Users\ultra\warewolf\Dev\Warewolf.Studio.Themes.Luna\Warewolf.Studio.Themes.Luna.csproj]
C:\Program Files\dotnet\sdk\10.0.201\Microsoft.Common.CurrentVersion.targets(2451,5): warning MSB3277:             InfragisticsWPF4.Controls.Menus.XamMenu.v15.1, Version=15.1.20151.2055, Culture=neutral, PublicKeyToken=7dd5c3163f2cd0cb, processorArchitecture=MSIL [C:\Users\ultra\warewolf\Dev\Warewolf.Studio.Themes.Luna\Warewolf.Studio.Themes.Luna.csproj]
C:\Program Files\dotnet\sdk\10.0.201\Microsoft.Common.CurrentVersion.targets(2451,5): warning MSB3277:             InfragisticsWPF4.DataManager.v15.1, Version=15.1.20151.2055, Culture=neutral, PublicKeyToken=7dd5c3163f2cd0cb, processorArchitecture=MSIL [C:\Users\ultra\warewolf\Dev\Warewolf.Studio.Themes.Luna\Warewolf.Studio.Themes.Luna.csproj]
C:\Program Files\dotnet\sdk\10.0.201\Microsoft.Common.CurrentVersion.targets(2451,5): warning MSB3277:             InfragisticsWPF4.DataPresenter.v15.1, Version=15.1.20151.2055, Culture=neutral, PublicKeyToken=7dd5c3163f2cd0cb, processorArchitecture=MSIL [C:\Users\ultra\warewolf\Dev\Warewolf.Studio.Themes.Luna\Warewolf.Studio.Themes.Luna.csproj]
C:\Program Files\dotnet\sdk\10.0.201\Microsoft.Common.CurrentVersion.targets(2451,5): warning MSB3277:             InfragisticsWPF4.DataVisualization.v15.1, Version=15.1.20151.2055, Culture=neutral, PublicKeyToken=7dd5c3163f2cd0cb, processorArchitecture=MSIL [C:\Users\ultra\warewolf\Dev\Warewolf.Studio.Themes.Luna\Warewolf.Studio.Themes.Luna.csproj]
C:\Program Files\dotnet\sdk\10.0.201\Microsoft.Common.CurrentVersion.targets(2451,5): warning MSB3277:             InfragisticsWPF4.DockManager.v15.1, Version=15.1.20151.2055, Culture=neutral, PublicKeyToken=7dd5c3163f2cd0cb, processorArchitecture=MSIL [C:\Users\ultra\warewolf\Dev\Warewolf.Studio.Themes.Luna\Warewolf.Studio.Themes.Luna.csproj]
C:\Program Files\dotnet\sdk\10.0.201\Microsoft.Common.CurrentVersion.targets(2451,5): warning MSB3277:             InfragisticsWPF4.Documents.RichTextDocument.Html.v15.1, Version=15.1.20151.2055, Culture=neutral, PublicKeyToken=7dd5c3163f2cd0cb, processorArchitecture=MSIL [C:\Users\ultra\warewolf\Dev\Warewolf.Studio.Themes.Luna\Warewolf.Studio.Themes.Luna.csproj]
C:\Program Files\dotnet\sdk\10.0.201\Microsoft.Common.CurrentVersion.targets(2451,5): warning MSB3277:             InfragisticsWPF4.Documents.RichTextDocument.v15.1, Version=15.1.20151.2055, Culture=neutral, PublicKeyToken=7dd5c3163f2cd0cb, processorArchitecture=MSIL [C:\Users\ultra\warewolf\Dev\Warewolf.Studio.Themes.Luna\Warewolf.Studio.Themes.Luna.csproj]
C:\Program Files\dotnet\sdk\10.0.201\Microsoft.Common.CurrentVersion.targets(2451,5): warning MSB3277:             InfragisticsWPF4.Editors.v15.1, Version=15.1.20151.2055, Culture=neutral, PublicKeyToken=7dd5c3163f2cd0cb, processorArchitecture=MSIL [C:\Users\ultra\warewolf\Dev\Warewolf.Studio.Themes.Luna\Warewolf.Studio.Themes.Luna.csproj]
C:\Program Files\dotnet\sdk\10.0.201\Microsoft.Common.CurrentVersion.targets(2451,5): warning MSB3277:         C:\Users\ultra\.nuget\packages\caliburn.micro\4.0.212\lib\netcoreapp3.1\Caliburn.Micro.Platform.dll [C:\Users\ultra\warewolf\Dev\Warewolf.Studio.Themes.Luna\Warewolf.Studio.Themes.Luna.csproj]
C:\Program Files\dotnet\sdk\10.0.201\Microsoft.Common.CurrentVersion.targets(2451,5): warning MSB3277:           Project file item includes which caused reference "C:\Users\ultra\.nuget\packages\caliburn.micro\4.0.212\lib\netcoreapp3.1\Caliburn.Micro.Platform.dll". [C:\Users\ultra\warewolf\Dev\Warewolf.Studio.Themes.Luna\Warewolf.Studio.Themes.Luna.csproj]
C:\Program Files\dotnet\sdk\10.0.201\Microsoft.Common.CurrentVersion.targets(2451,5): warning MSB3277:             C:\Users\ultra\.nuget\packages\caliburn.micro\4.0.212\lib\netcoreapp3.1\Caliburn.Micro.Platform.dll [C:\Users\ultra\warewolf\Dev\Warewolf.Studio.Themes.Luna\Warewolf.Studio.Themes.Luna.csproj]
C:\Program Files\dotnet\sdk\10.0.201\Microsoft.Common.CurrentVersion.targets(2451,5): warning MSB3277:         C:\Users\ultra\.nuget\packages\extended.wpf.toolkit\4.4.0\lib\net5.0\Xceed.Wpf.AvalonDock.NET5.dll [C:\Users\ultra\warewolf\Dev\Warewolf.Studio.Themes.Luna\Warewolf.Studio.Themes.Luna.csproj]
C:\Program Files\dotnet\sdk\10.0.201\Microsoft.Common.CurrentVersion.targets(2451,5): warning MSB3277:           Project file item includes which caused reference "C:\Users\ultra\.nuget\packages\extended.wpf.toolkit\4.4.0\lib\net5.0\Xceed.Wpf.AvalonDock.NET5.dll". [C:\Users\ultra\warewolf\Dev\Warewolf.Studio.Themes.Luna\Warewolf.Studio.Themes.Luna.csproj]
C:\Program Files\dotnet\sdk\10.0.201\Microsoft.Common.CurrentVersion.targets(2451,5): warning MSB3277:             C:\Users\ultra\.nuget\packages\extended.wpf.toolkit\4.4.0\lib\net5.0\Xceed.Wpf.AvalonDock.NET5.dll [C:\Users\ultra\warewolf\Dev\Warewolf.Studio.Themes.Luna\Warewolf.Studio.Themes.Luna.csproj]
C:\Program Files\dotnet\sdk\10.0.201\Microsoft.Common.CurrentVersion.targets(2451,5): warning MSB3277:             C:\Users\ultra\.nuget\packages\extended.wpf.toolkit\4.4.0\lib\net5.0\Xceed.Wpf.AvalonDock.Themes.Aero.NET5.dll [C:\Users\ultra\warewolf\Dev\Warewolf.Studio.Themes.Luna\Warewolf.Studio.Themes.Luna.csproj]
C:\Program Files\dotnet\sdk\10.0.201\Microsoft.Common.CurrentVersion.targets(2451,5): warning MSB3277:             C:\Users\ultra\.nuget\packages\extended.wpf.toolkit\4.4.0\lib\net5.0\Xceed.Wpf.AvalonDock.Themes.Metro.NET5.dll [C:\Users\ultra\warewolf\Dev\Warewolf.Studio.Themes.Luna\Warewolf.Studio.Themes.Luna.csproj]
C:\Program Files\dotnet\sdk\10.0.201\Microsoft.Common.CurrentVersion.targets(2451,5): warning MSB3277:             C:\Users\ultra\.nuget\packages\extended.wpf.toolkit\4.4.0\lib\net5.0\Xceed.Wpf.AvalonDock.Themes.VS2010.NET5.dll [C:\Users\ultra\warewolf\Dev\Warewolf.Studio.Themes.Luna\Warewolf.Studio.Themes.Luna.csproj]
C:\Program Files\dotnet\sdk\10.0.201\Microsoft.Common.CurrentVersion.targets(2451,5): warning MSB3277:         C:\Users\ultra\.nuget\packages\extended.wpf.toolkit\4.4.0\lib\net5.0\Xceed.Wpf.AvalonDock.Themes.Aero.NET5.dll [C:\Users\ultra\warewolf\Dev\Warewolf.Studio.Themes.Luna\Warewolf.Studio.Themes.Luna.csproj]
C:\Program Files\dotnet\sdk\10.0.201\Microsoft.Common.CurrentVersion.targets(2451,5): warning MSB3277:           Project file item includes which caused reference "C:\Users\ultra\.nuget\packages\extended.wpf.toolkit\4.4.0\lib\net5.0\Xceed.Wpf.AvalonDock.Themes.Aero.NET5.dll". [C:\Users\ultra\warewolf\Dev\Warewolf.Studio.Themes.Luna\Warewolf.Studio.Themes.Luna.csproj]
C:\Program Files\dotnet\sdk\10.0.201\Microsoft.Common.CurrentVersion.targets(2451,5): warning MSB3277:             C:\Users\ultra\.nuget\packages\extended.wpf.toolkit\4.4.0\lib\net5.0\Xceed.Wpf.AvalonDock.Themes.Aero.NET5.dll [C:\Users\ultra\warewolf\Dev\Warewolf.Studio.Themes.Luna\Warewolf.Studio.Themes.Luna.csproj]
C:\Program Files\dotnet\sdk\10.0.201\Microsoft.Common.CurrentVersion.targets(2451,5): warning MSB3277:         C:\Users\ultra\.nuget\packages\extended.wpf.toolkit\4.4.0\lib\net5.0\Xceed.Wpf.Toolkit.NET5.dll [C:\Users\ultra\warewolf\Dev\Warewolf.Studio.Themes.Luna\Warewolf.Studio.Themes.Luna.csproj]
C:\Program Files\dotnet\sdk\10.0.201\Microsoft.Common.CurrentVersion.targets(2451,5): warning MSB3277:           Project file item includes which caused reference "C:\Users\ultra\.nuget\packages\extended.wpf.toolkit\4.4.0\lib\net5.0\Xceed.Wpf.Toolkit.NET5.dll". [C:\Users\ultra\warewolf\Dev\Warewolf.Studio.Themes.Luna\Warewolf.Studio.Themes.Luna.csproj]
C:\Program Files\dotnet\sdk\10.0.201\Microsoft.Common.CurrentVersion.targets(2451,5): warning MSB3277:             C:\Users\ultra\.nuget\packages\extended.wpf.toolkit\4.4.0\lib\net5.0\Xceed.Wpf.Toolkit.NET5.dll [C:\Users\ultra\warewolf\Dev\Warewolf.Studio.Themes.Luna\Warewolf.Studio.Themes.Luna.csproj]
C:\Program Files\dotnet\sdk\10.0.201\Microsoft.Common.CurrentVersion.targets(2451,5): warning MSB3277:         C:\Users\ultra\.nuget\packages\ironpython\3.4.0\lib\net6.0\IronPython.Wpf.dll [C:\Users\ultra\warewolf\Dev\Warewolf.Studio.Themes.Luna\Warewolf.Studio.Themes.Luna.csproj]
C:\Program Files\dotnet\sdk\10.0.201\Microsoft.Common.CurrentVersion.targets(2451,5): warning MSB3277:           Project file item includes which caused reference "C:\Users\ultra\.nuget\packages\ironpython\3.4.0\lib\net6.0\IronPython.Wpf.dll". [C:\Users\ultra\warewolf\Dev\Warewolf.Studio.Themes.Luna\Warewolf.Studio.Themes.Luna.csproj]
C:\Program Files\dotnet\sdk\10.0.201\Microsoft.Common.CurrentVersion.targets(2451,5): warning MSB3277:             C:\Users\ultra\.nuget\packages\ironpython\3.4.0\lib\net6.0\IronPython.Wpf.dll [C:\Users\ultra\warewolf\Dev\Warewolf.Studio.Themes.Luna\Warewolf.Studio.Themes.Luna.csproj]
C:\Program Files\dotnet\sdk\10.0.201\Microsoft.Common.CurrentVersion.targets(2451,5): warning MSB3277:         C:\Users\ultra\.nuget\packages\microsoft.xaml.behaviors.wpf\1.1.122\lib\net462\Microsoft.Xaml.Behaviors.dll [C:\Users\ultra\warewolf\Dev\Warewolf.Studio.Themes.Luna\Warewolf.Studio.Themes.Luna.csproj]
C:\Program Files\dotnet\sdk\10.0.201\Microsoft.Common.CurrentVersion.targets(2451,5): warning MSB3277:           Project file item includes which caused reference "C:\Users\ultra\.nuget\packages\microsoft.xaml.behaviors.wpf\1.1.122\lib\net462\Microsoft.Xaml.Behaviors.dll". [C:\Users\ultra\warewolf\Dev\Warewolf.Studio.Themes.Luna\Warewolf.Studio.Themes.Luna.csproj]
C:\Program Files\dotnet\sdk\10.0.201\Microsoft.Common.CurrentVersion.targets(2451,5): warning MSB3277:             C:\Users\ultra\.nuget\packages\microsoft.xaml.behaviors.wpf\1.1.122\lib\net462\Microsoft.Xaml.Behaviors.dll [C:\Users\ultra\warewolf\Dev\Warewolf.Studio.Themes.Luna\Warewolf.Studio.Themes.Luna.csproj]
C:\Program Files\dotnet\sdk\10.0.201\Microsoft.Common.CurrentVersion.targets(2451,5): warning MSB3277:             C:\Users\ultra\.nuget\packages\caliburn.micro\4.0.212\lib\netcoreapp3.1\Caliburn.Micro.Platform.dll [C:\Users\ultra\warewolf\Dev\Warewolf.Studio.Themes.Luna\Warewolf.Studio.Themes.Luna.csproj]
C:\Program Files\dotnet\sdk\10.0.201\Microsoft.Common.CurrentVersion.targets(2451,5): warning MSB3277:             C:\Users\ultra\.nuget\packages\prism.wpf\9.0.537\lib\net462\Prism.Wpf.dll [C:\Users\ultra\warewolf\Dev\Warewolf.Studio.Themes.Luna\Warewolf.Studio.Themes.Luna.csproj]
C:\Program Files\dotnet\sdk\10.0.201\Microsoft.Common.CurrentVersion.targets(2451,5): warning MSB3277:         C:\Users\ultra\.nuget\packages\prism.wpf\9.0.537\lib\net462\Prism.Wpf.dll [C:\Users\ultra\warewolf\Dev\Warewolf.Studio.Themes.Luna\Warewolf.Studio.Themes.Luna.csproj]
C:\Program Files\dotnet\sdk\10.0.201\Microsoft.Common.CurrentVersion.targets(2451,5): warning MSB3277:           Project file item includes which caused reference "C:\Users\ultra\.nuget\packages\prism.wpf\9.0.537\lib\net462\Prism.Wpf.dll". [C:\Users\ultra\warewolf\Dev\Warewolf.Studio.Themes.Luna\Warewolf.Studio.Themes.Luna.csproj]
C:\Program Files\dotnet\sdk\10.0.201\Microsoft.Common.CurrentVersion.targets(2451,5): warning MSB3277:             C:\Users\ultra\.nuget\packages\prism.wpf\9.0.537\lib\net462\Prism.Wpf.dll [C:\Users\ultra\warewolf\Dev\Warewolf.Studio.Themes.Luna\Warewolf.Studio.Themes.Luna.csproj]
C:\Program Files\dotnet\sdk\10.0.201\Microsoft.Common.CurrentVersion.targets(2451,5): warning MSB3277:         C:\Users\ultra\.nuget\packages\reactiveui.wpf\18.4.1\lib\net462\ReactiveUI.Wpf.dll [C:\Users\ultra\warewolf\Dev\Warewolf.Studio.Themes.Luna\Warewolf.Studio.Themes.Luna.csproj]
C:\Program Files\dotnet\sdk\10.0.201\Microsoft.Common.CurrentVersion.targets(2451,5): warning MSB3277:           Project file item includes which caused reference "C:\Users\ultra\.nuget\packages\reactiveui.wpf\18.4.1\lib\net462\ReactiveUI.Wpf.dll". [C:\Users\ultra\warewolf\Dev\Warewolf.Studio.Themes.Luna\Warewolf.Studio.Themes.Luna.csproj]
C:\Program Files\dotnet\sdk\10.0.201\Microsoft.Common.CurrentVersion.targets(2451,5): warning MSB3277:             C:\Users\ultra\.nuget\packages\reactiveui.wpf\18.4.1\lib\net462\ReactiveUI.Wpf.dll [C:\Users\ultra\warewolf\Dev\Warewolf.Studio.Themes.Luna\Warewolf.Studio.Themes.Luna.csproj]
C:\Program Files\dotnet\sdk\10.0.201\Microsoft.Common.CurrentVersion.targets(2451,5): warning MSB3277:         C:\Users\ultra\warewolf\Dev\Binaries\Infragistcs_Net6\InfragisticsWPF4.Undo.v15.1.dll [C:\Users\ultra\warewolf\Dev\Warewolf.Studio.Themes.Luna\Warewolf.Studio.Themes.Luna.csproj]
C:\Program Files\dotnet\sdk\10.0.201\Microsoft.Common.CurrentVersion.targets(2451,5): warning MSB3277:           Project file item includes which caused reference "C:\Users\ultra\warewolf\Dev\Binaries\Infragistcs_Net6\InfragisticsWPF4.Undo.v15.1.dll". [C:\Users\ultra\warewolf\Dev\Warewolf.Studio.Themes.Luna\Warewolf.Studio.Themes.Luna.csproj]
C:\Program Files\dotnet\sdk\10.0.201\Microsoft.Common.CurrentVersion.targets(2451,5): warning MSB3277:             InfragisticsWPF4.Controls.Editors.XamRichTextEditor.v15.1, Version=15.1.20151.2055, Culture=neutral, PublicKeyToken=7dd5c3163f2cd0cb, processorArchitecture=MSIL [C:\Users\ultra\warewolf\Dev\Warewolf.Studio.Themes.Luna\Warewolf.Studio.Themes.Luna.csproj]
C:\Program Files\dotnet\sdk\10.0.201\Microsoft.Common.CurrentVersion.targets(2451,5): warning MSB3277:             InfragisticsWPF4.Controls.Editors.XamSyntaxEditor.v15.1, Version=15.1.20151.2055, Culture=neutral, PublicKeyToken=7dd5c3163f2cd0cb, processorArchitecture=MSIL [C:\Users\ultra\warewolf\Dev\Warewolf.Studio.Themes.Luna\Warewolf.Studio.Themes.Luna.csproj]
C:\Program Files\dotnet\sdk\10.0.201\Microsoft.Common.CurrentVersion.targets(2451,5): warning MSB3277:             InfragisticsWPF4.Documents.RichTextDocument.v15.1, Version=15.1.20151.2055, Culture=neutral, PublicKeyToken=7dd5c3163f2cd0cb, processorArchitecture=MSIL [C:\Users\ultra\warewolf\Dev\Warewolf.Studio.Themes.Luna\Warewolf.Studio.Themes.Luna.csproj]
C:\Program Files\dotnet\sdk\10.0.201\Microsoft.Common.CurrentVersion.targets(2451,5): warning MSB3277:             InfragisticsWPF4.Documents.RichTextDocument.Html.v15.1, Version=15.1.20151.2055, Culture=neutral, PublicKeyToken=7dd5c3163f2cd0cb, processorArchitecture=MSIL [C:\Users\ultra\warewolf\Dev\Warewolf.Studio.Themes.Luna\Warewolf.Studio.Themes.Luna.csproj]
C:\Program Files\dotnet\sdk\10.0.201\Microsoft.Common.CurrentVersion.targets(2451,5): warning MSB3277:         C:\Users\ultra\warewolf\Dev\Binaries\Infragistcs_Net6\InfragisticsWPF4.Controls.Editors.XamDateTimeInput.v15.1.dll [C:\Users\ultra\warewolf\Dev\Warewolf.Studio.Themes.Luna\Warewolf.Studio.Themes.Luna.csproj]
C:\Program Files\dotnet\sdk\10.0.201\Microsoft.Common.CurrentVersion.targets(2451,5): warning MSB3277:           Project file item includes which caused reference "C:\Users\ultra\warewolf\Dev\Binaries\Infragistcs_Net6\InfragisticsWPF4.Controls.Editors.XamDateTimeInput.v15.1.dll". [C:\Users\ultra\warewolf\Dev\Warewolf.Studio.Themes.Luna\Warewolf.Studio.Themes.Luna.csproj]
C:\Program Files\dotnet\sdk\10.0.201\Microsoft.Common.CurrentVersion.targets(2451,5): warning MSB3277:             InfragisticsWPF4.Controls.Grids.DateTimeColumn.v15.1, Version=15.1.20151.2055, Culture=neutral, PublicKeyToken=7dd5c3163f2cd0cb, processorArchitecture=MSIL [C:\Users\ultra\warewolf\Dev\Warewolf.Studio.Themes.Luna\Warewolf.Studio.Themes.Luna.csproj]
C:\Program Files\dotnet\sdk\10.0.201\Microsoft.Common.CurrentVersion.targets(2451,5): warning MSB3277:         C:\Users\ultra\warewolf\Dev\Binaries\Infragistcs_Net6\InfragisticsWPF4.Controls.Editors.XamMaskedInput.v15.1.dll [C:\Users\ultra\warewolf\Dev\Warewolf.Studio.Themes.Luna\Warewolf.Studio.Themes.Luna.csproj]
C:\Program Files\dotnet\sdk\10.0.201\Microsoft.Common.CurrentVersion.targets(2451,5): warning MSB3277:           Project file item includes which caused reference "C:\Users\ultra\warewolf\Dev\Binaries\Infragistcs_Net6\InfragisticsWPF4.Controls.Editors.XamMaskedInput.v15.1.dll". [C:\Users\ultra\warewolf\Dev\Warewolf.Studio.Themes.Luna\Warewolf.Studio.Themes.Luna.csproj]
C:\Program Files\dotnet\sdk\10.0.201\Microsoft.Common.CurrentVersion.targets(2451,5): warning MSB3277:             InfragisticsWPF4.Controls.Grids.DateTimeColumn.v15.1, Version=15.1.20151.2055, Culture=neutral, PublicKeyToken=7dd5c3163f2cd0cb, processorArchitecture=MSIL [C:\Users\ultra\warewolf\Dev\Warewolf.Studio.Themes.Luna\Warewolf.Studio.Themes.Luna.csproj]
C:\Program Files\dotnet\sdk\10.0.201\Microsoft.Common.CurrentVersion.targets(2451,5): warning MSB3277:         C:\Users\ultra\warewolf\Dev\Binaries\Infragistcs_Net6\InfragisticsWPF4.DragDrop.v15.1.dll [C:\Users\ultra\warewolf\Dev\Warewolf.Studio.Themes.Luna\Warewolf.Studio.Themes.Luna.csproj]
C:\Program Files\dotnet\sdk\10.0.201\Microsoft.Common.CurrentVersion.targets(2451,5): warning MSB3277:           Project file item includes which caused reference "C:\Users\ultra\warewolf\Dev\Binaries\Infragistcs_Net6\InfragisticsWPF4.DragDrop.v15.1.dll". [C:\Users\ultra\warewolf\Dev\Warewolf.Studio.Themes.Luna\Warewolf.Studio.Themes.Luna.csproj]
C:\Program Files\dotnet\sdk\10.0.201\Microsoft.Common.CurrentVersion.targets(2451,5): warning MSB3277:             InfragisticsWPF4.Controls.Menus.XamDataTree.v15.1 [C:\Users\ultra\warewolf\Dev\Warewolf.Studio.Themes.Luna\Warewolf.Studio.Themes.Luna.csproj]
C:\Program Files\dotnet\sdk\10.0.201\Microsoft.Common.CurrentVersion.targets(2451,5): warning MSB3277:         C:\Users\ultra\warewolf\Dev\Binaries\Infragistcs_Net6\InfragisticsWPF4.Controls.Editors.XamCalendar.v15.1.dll [C:\Users\ultra\warewolf\Dev\Warewolf.Studio.Themes.Luna\Warewolf.Studio.Themes.Luna.csproj]
C:\Program Files\dotnet\sdk\10.0.201\Microsoft.Common.CurrentVersion.targets(2451,5): warning MSB3277:           Project file item includes which caused reference "C:\Users\ultra\warewolf\Dev\Binaries\Infragistcs_Net6\InfragisticsWPF4.Controls.Editors.XamCalendar.v15.1.dll". [C:\Users\ultra\warewolf\Dev\Warewolf.Studio.Themes.Luna\Warewolf.Studio.Themes.Luna.csproj]
C:\Program Files\dotnet\sdk\10.0.201\Microsoft.Common.CurrentVersion.targets(2451,5): warning MSB3277:             InfragisticsWPF4.Controls.Grids.DateTimeColumn.v15.1, Version=15.1.20151.2055, Culture=neutral, PublicKeyToken=7dd5c3163f2cd0cb, processorArchitecture=MSIL [C:\Users\ultra\warewolf\Dev\Warewolf.Studio.Themes.Luna\Warewolf.Studio.Themes.Luna.csproj]
C:\Program Files\dotnet\sdk\10.0.201\Microsoft.Common.CurrentVersion.targets(2451,5): warning MSB3277: Found conflicts between different versions of "System.IO.Packaging" that could not be resolved. [C:\Users\ultra\warewolf\Dev\Warewolf.Studio.Themes.Luna\Warewolf.Studio.Themes.Luna.csproj]
C:\Program Files\dotnet\sdk\10.0.201\Microsoft.Common.CurrentVersion.targets(2451,5): warning MSB3277: There was a conflict between "System.IO.Packaging, Version=6.0.0.0, Culture=neutral, PublicKeyToken=b03f5f7f11d50a3a" and "System.IO.Packaging, Version=7.0.0.0, Culture=neutral, PublicKeyToken=b03f5f7f11d50a3a". [C:\Users\ultra\warewolf\Dev\Warewolf.Studio.Themes.Luna\Warewolf.Studio.Themes.Luna.csproj]
C:\Program Files\dotnet\sdk\10.0.201\Microsoft.Common.CurrentVersion.targets(2451,5): warning MSB3277:     "System.IO.Packaging, Version=6.0.0.0, Culture=neutral, PublicKeyToken=b03f5f7f11d50a3a" was chosen because it was primary and "System.IO.Packaging, Version=7.0.0.0, Culture=neutral, PublicKeyToken=b03f5f7f11d50a3a" was not. [C:\Users\ultra\warewolf\Dev\Warewolf.Studio.Themes.Luna\Warewolf.Studio.Themes.Luna.csproj]
C:\Program Files\dotnet\sdk\10.0.201\Microsoft.Common.CurrentVersion.targets(2451,5): warning MSB3277:     References which depend on "System.IO.Packaging, Version=6.0.0.0, Culture=neutral, PublicKeyToken=b03f5f7f11d50a3a" [C:\Users\ultra\.nuget\packages\system.io.packaging\6.0.0\lib\net6.0\System.IO.Packaging.dll]. [C:\Users\ultra\warewolf\Dev\Warewolf.Studio.Themes.Luna\Warewolf.Studio.Themes.Luna.csproj]
C:\Program Files\dotnet\sdk\10.0.201\Microsoft.Common.CurrentVersion.targets(2451,5): warning MSB3277:         C:\Users\ultra\.nuget\packages\system.io.packaging\6.0.0\lib\net6.0\System.IO.Packaging.dll [C:\Users\ultra\warewolf\Dev\Warewolf.Studio.Themes.Luna\Warewolf.Studio.Themes.Luna.csproj]
C:\Program Files\dotnet\sdk\10.0.201\Microsoft.Common.CurrentVersion.targets(2451,5): warning MSB3277:           Project file item includes which caused reference "C:\Users\ultra\.nuget\packages\system.io.packaging\6.0.0\lib\net6.0\System.IO.Packaging.dll". [C:\Users\ultra\warewolf\Dev\Warewolf.Studio.Themes.Luna\Warewolf.Studio.Themes.Luna.csproj]
C:\Program Files\dotnet\sdk\10.0.201\Microsoft.Common.CurrentVersion.targets(2451,5): warning MSB3277:             C:\Users\ultra\.nuget\packages\system.io.packaging\6.0.0\lib\net6.0\System.IO.Packaging.dll [C:\Users\ultra\warewolf\Dev\Warewolf.Studio.Themes.Luna\Warewolf.Studio.Themes.Luna.csproj]
C:\Program Files\dotnet\sdk\10.0.201\Microsoft.Common.CurrentVersion.targets(2451,5): warning MSB3277:     References which depend on or have been unified to "System.IO.Packaging, Version=7.0.0.0, Culture=neutral, PublicKeyToken=b03f5f7f11d50a3a" []. [C:\Users\ultra\warewolf\Dev\Warewolf.Studio.Themes.Luna\Warewolf.Studio.Themes.Luna.csproj]
C:\Program Files\dotnet\sdk\10.0.201\Microsoft.Common.CurrentVersion.targets(2451,5): warning MSB3277:         C:\Users\ultra\warewolf\Dev\Binaries\Infragistcs_Net6\InfragisticsWPF4.Documents.RichTextDocument.v15.1.dll [C:\Users\ultra\warewolf\Dev\Warewolf.Studio.Themes.Luna\Warewolf.Studio.Themes.Luna.csproj]
C:\Program Files\dotnet\sdk\10.0.201\Microsoft.Common.CurrentVersion.targets(2451,5): warning MSB3277:           Project file item includes which caused reference "C:\Users\ultra\warewolf\Dev\Binaries\Infragistcs_Net6\InfragisticsWPF4.Documents.RichTextDocument.v15.1.dll". [C:\Users\ultra\warewolf\Dev\Warewolf.Studio.Themes.Luna\Warewolf.Studio.Themes.Luna.csproj]
C:\Program Files\dotnet\sdk\10.0.201\Microsoft.Common.CurrentVersion.targets(2451,5): warning MSB3277:             InfragisticsWPF4.Documents.RichTextDocument.v15.1, Version=15.1.20151.2055, Culture=neutral, PublicKeyToken=7dd5c3163f2cd0cb, processorArchitecture=MSIL [C:\Users\ultra\warewolf\Dev\Warewolf.Studio.Themes.Luna\Warewolf.Studio.Themes.Luna.csproj]
C:\Program Files\dotnet\sdk\10.0.201\Microsoft.Common.CurrentVersion.targets(2451,5): warning MSB3277:             InfragisticsWPF4.Controls.Editors.XamRichTextEditor.v15.1, Version=15.1.20151.2055, Culture=neutral, PublicKeyToken=7dd5c3163f2cd0cb, processorArchitecture=MSIL [C:\Users\ultra\warewolf\Dev\Warewolf.Studio.Themes.Luna\Warewolf.Studio.Themes.Luna.csproj]
C:\Program Files\dotnet\sdk\10.0.201\Microsoft.Common.CurrentVersion.targets(2451,5): warning MSB3277:             InfragisticsWPF4.Documents.RichTextDocument.Html.v15.1, Version=15.1.20151.2055, Culture=neutral, PublicKeyToken=7dd5c3163f2cd0cb, processorArchitecture=MSIL [C:\Users\ultra\warewolf\Dev\Warewolf.Studio.Themes.Luna\Warewolf.Studio.Themes.Luna.csproj]
C:\Program Files\dotnet\sdk\10.0.201\Microsoft.Common.CurrentVersion.targets(2451,5): warning MSB3277:         C:\Program Files\dotnet\packs\Microsoft.NETCore.App.Ref\8.0.25\ref\net8.0\WindowsBase.dll [C:\Users\ultra\warewolf\Dev\Warewolf.Studio.Themes.Luna\Warewolf.Studio.Themes.Luna.csproj]
C:\Program Files\dotnet\sdk\10.0.201\Microsoft.Common.CurrentVersion.targets(2451,5): warning MSB3277:           Project file item includes which caused reference "C:\Program Files\dotnet\packs\Microsoft.NETCore.App.Ref\8.0.25\ref\net8.0\WindowsBase.dll". [C:\Users\ultra\warewolf\Dev\Warewolf.Studio.Themes.Luna\Warewolf.Studio.Themes.Luna.csproj]
C:\Program Files\dotnet\sdk\10.0.201\Microsoft.Common.CurrentVersion.targets(2451,5): warning MSB3277:             C:\Program Files\dotnet\packs\Microsoft.NETCore.App.Ref\8.0.25\ref/net8.0/WindowsBase.dll [C:\Users\ultra\warewolf\Dev\Warewolf.Studio.Themes.Luna\Warewolf.Studio.Themes.Luna.csproj]
C:\Program Files\dotnet\sdk\10.0.201\Microsoft.Common.CurrentVersion.targets(2451,5): warning MSB3277:         C:\Users\ultra\warewolf\Dev\Binaries\Infragistcs_Net6\InfragisticsWPF4.Documents.Core.v15.1.dll [C:\Users\ultra\warewolf\Dev\Warewolf.Studio.Themes.Luna\Warewolf.Studio.Themes.Luna.csproj]
C:\Program Files\dotnet\sdk\10.0.201\Microsoft.Common.CurrentVersion.targets(2451,5): warning MSB3277:           Project file item includes which caused reference "C:\Users\ultra\warewolf\Dev\Binaries\Infragistcs_Net6\InfragisticsWPF4.Documents.Core.v15.1.dll". [C:\Users\ultra\warewolf\Dev\Warewolf.Studio.Themes.Luna\Warewolf.Studio.Themes.Luna.csproj]
C:\Program Files\dotnet\sdk\10.0.201\Microsoft.Common.CurrentVersion.targets(2451,5): warning MSB3277:             InfragisticsWPF4.Documents.RichTextDocument.Html.v15.1, Version=15.1.20151.2055, Culture=neutral, PublicKeyToken=7dd5c3163f2cd0cb, processorArchitecture=MSIL [C:\Users\ultra\warewolf\Dev\Warewolf.Studio.Themes.Luna\Warewolf.Studio.Themes.Luna.csproj]
C:\Program Files\dotnet\sdk\10.0.201\Microsoft.Common.CurrentVersion.targets(2451,5): warning MSB3277: Found conflicts between different versions of "System.Windows.Extensions" that could not be resolved. [C:\Users\ultra\warewolf\Dev\Warewolf.Studio.Themes.Luna\Warewolf.Studio.Themes.Luna.csproj]
C:\Program Files\dotnet\sdk\10.0.201\Microsoft.Common.CurrentVersion.targets(2451,5): warning MSB3277: There was a conflict between "System.Windows.Extensions, Version=6.0.0.0, Culture=neutral, PublicKeyToken=cc7b13ffcd2ddd51" and "System.Windows.Extensions, Version=7.0.0.0, Culture=neutral, PublicKeyToken=cc7b13ffcd2ddd51". [C:\Users\ultra\warewolf\Dev\Warewolf.Studio.Themes.Luna\Warewolf.Studio.Themes.Luna.csproj]
C:\Program Files\dotnet\sdk\10.0.201\Microsoft.Common.CurrentVersion.targets(2451,5): warning MSB3277:     "System.Windows.Extensions, Version=6.0.0.0, Culture=neutral, PublicKeyToken=cc7b13ffcd2ddd51" was chosen because it was primary and "System.Windows.Extensions, Version=7.0.0.0, Culture=neutral, PublicKeyToken=cc7b13ffcd2ddd51" was not. [C:\Users\ultra\warewolf\Dev\Warewolf.Studio.Themes.Luna\Warewolf.Studio.Themes.Luna.csproj]
C:\Program Files\dotnet\sdk\10.0.201\Microsoft.Common.CurrentVersion.targets(2451,5): warning MSB3277:     References which depend on "System.Windows.Extensions, Version=6.0.0.0, Culture=neutral, PublicKeyToken=cc7b13ffcd2ddd51" [C:\Users\ultra\.nuget\packages\system.windows.extensions\6.0.0\lib\net6.0\System.Windows.Extensions.dll]. [C:\Users\ultra\warewolf\Dev\Warewolf.Studio.Themes.Luna\Warewolf.Studio.Themes.Luna.csproj]
C:\Program Files\dotnet\sdk\10.0.201\Microsoft.Common.CurrentVersion.targets(2451,5): warning MSB3277:         C:\Users\ultra\.nuget\packages\system.windows.extensions\6.0.0\lib\net6.0\System.Windows.Extensions.dll [C:\Users\ultra\warewolf\Dev\Warewolf.Studio.Themes.Luna\Warewolf.Studio.Themes.Luna.csproj]
C:\Program Files\dotnet\sdk\10.0.201\Microsoft.Common.CurrentVersion.targets(2451,5): warning MSB3277:           Project file item includes which caused reference "C:\Users\ultra\.nuget\packages\system.windows.extensions\6.0.0\lib\net6.0\System.Windows.Extensions.dll". [C:\Users\ultra\warewolf\Dev\Warewolf.Studio.Themes.Luna\Warewolf.Studio.Themes.Luna.csproj]
C:\Program Files\dotnet\sdk\10.0.201\Microsoft.Common.CurrentVersion.targets(2451,5): warning MSB3277:             C:\Users\ultra\.nuget\packages\system.windows.extensions\6.0.0\lib\net6.0\System.Windows.Extensions.dll [C:\Users\ultra\warewolf\Dev\Warewolf.Studio.Themes.Luna\Warewolf.Studio.Themes.Luna.csproj]
C:\Program Files\dotnet\sdk\10.0.201\Microsoft.Common.CurrentVersion.targets(2451,5): warning MSB3277:     References which depend on or have been unified to "System.Windows.Extensions, Version=7.0.0.0, Culture=neutral, PublicKeyToken=cc7b13ffcd2ddd51" []. [C:\Users\ultra\warewolf\Dev\Warewolf.Studio.Themes.Luna\Warewolf.Studio.Themes.Luna.csproj]
C:\Program Files\dotnet\sdk\10.0.201\Microsoft.Common.CurrentVersion.targets(2451,5): warning MSB3277:         C:\Users\ultra\warewolf\Dev\Binaries\Infragistcs_Net6\InfragisticsWPF4.Editors.v15.1.dll [C:\Users\ultra\warewolf\Dev\Warewolf.Studio.Themes.Luna\Warewolf.Studio.Themes.Luna.csproj]
C:\Program Files\dotnet\sdk\10.0.201\Microsoft.Common.CurrentVersion.targets(2451,5): warning MSB3277:           Project file item includes which caused reference "C:\Users\ultra\warewolf\Dev\Binaries\Infragistcs_Net6\InfragisticsWPF4.Editors.v15.1.dll". [C:\Users\ultra\warewolf\Dev\Warewolf.Studio.Themes.Luna\Warewolf.Studio.Themes.Luna.csproj]
C:\Program Files\dotnet\sdk\10.0.201\Microsoft.Common.CurrentVersion.targets(2451,5): warning MSB3277:             InfragisticsWPF4.Editors.v15.1, Version=15.1.20151.2055, Culture=neutral, PublicKeyToken=7dd5c3163f2cd0cb, processorArchitecture=MSIL [C:\Users\ultra\warewolf\Dev\Warewolf.Studio.Themes.Luna\Warewolf.Studio.Themes.Luna.csproj]
C:\Program Files\dotnet\sdk\10.0.201\Microsoft.Common.CurrentVersion.targets(2451,5): warning MSB3277:             InfragisticsWPF4.DataPresenter.v15.1, Version=15.1.20151.2055, Culture=neutral, PublicKeyToken=7dd5c3163f2cd0cb, processorArchitecture=MSIL [C:\Users\ultra\warewolf\Dev\Warewolf.Studio.Themes.Luna\Warewolf.Studio.Themes.Luna.csproj]
C:\Program Files\dotnet\sdk\10.0.201\Microsoft.Common.CurrentVersion.targets(2451,5): warning MSB3277:         C:\Users\ultra\.nuget\packages\extended.wpf.toolkit\4.4.0\lib\net5.0\Xceed.Wpf.Toolkit.NET5.dll [C:\Users\ultra\warewolf\Dev\Warewolf.Studio.Themes.Luna\Warewolf.Studio.Themes.Luna.csproj]
C:\Program Files\dotnet\sdk\10.0.201\Microsoft.Common.CurrentVersion.targets(2451,5): warning MSB3277:           Project file item includes which caused reference "C:\Users\ultra\.nuget\packages\extended.wpf.toolkit\4.4.0\lib\net5.0\Xceed.Wpf.Toolkit.NET5.dll". [C:\Users\ultra\warewolf\Dev\Warewolf.Studio.Themes.Luna\Warewolf.Studio.Themes.Luna.csproj]
C:\Program Files\dotnet\sdk\10.0.201\Microsoft.Common.CurrentVersion.targets(2451,5): warning MSB3277:             C:\Users\ultra\.nuget\packages\extended.wpf.toolkit\4.4.0\lib\net5.0\Xceed.Wpf.Toolkit.NET5.dll [C:\Users\ultra\warewolf\Dev\Warewolf.Studio.Themes.Luna\Warewolf.Studio.Themes.Luna.csproj]
C:\Program Files\dotnet\sdk\10.0.201\Microsoft.Common.CurrentVersion.targets(2451,5): warning MSB3277:         C:\Users\ultra\.nuget\packages\system.security.permissions\6.0.0\lib\net6.0\System.Security.Permissions.dll [C:\Users\ultra\warewolf\Dev\Warewolf.Studio.Themes.Luna\Warewolf.Studio.Themes.Luna.csproj]
C:\Program Files\dotnet\sdk\10.0.201\Microsoft.Common.CurrentVersion.targets(2451,5): warning MSB3277:           Project file item includes which caused reference "C:\Users\ultra\.nuget\packages\system.security.permissions\6.0.0\lib\net6.0\System.Security.Permissions.dll". [C:\Users\ultra\warewolf\Dev\Warewolf.Studio.Themes.Luna\Warewolf.Studio.Themes.Luna.csproj]
C:\Program Files\dotnet\sdk\10.0.201\Microsoft.Common.CurrentVersion.targets(2451,5): warning MSB3277:             C:\Users\ultra\.nuget\packages\system.security.permissions\6.0.0\lib\net6.0\System.Security.Permissions.dll [C:\Users\ultra\warewolf\Dev\Warewolf.Studio.Themes.Luna\Warewolf.Studio.Themes.Luna.csproj]
C:\Program Files\dotnet\sdk\10.0.201\Microsoft.Common.CurrentVersion.targets(2451,5): warning MSB3277:         C:\Program Files\dotnet\packs\Microsoft.NETCore.App.Ref\8.0.25\ref\net8.0\System.Security.dll [C:\Users\ultra\warewolf\Dev\Warewolf.Studio.Themes.Luna\Warewolf.Studio.Themes.Luna.csproj]
C:\Program Files\dotnet\sdk\10.0.201\Microsoft.Common.CurrentVersion.targets(2451,5): warning MSB3277:           Project file item includes which caused reference "C:\Program Files\dotnet\packs\Microsoft.NETCore.App.Ref\8.0.25\ref\net8.0\System.Security.dll". [C:\Users\ultra\warewolf\Dev\Warewolf.Studio.Themes.Luna\Warewolf.Studio.Themes.Luna.csproj]
C:\Program Files\dotnet\sdk\10.0.201\Microsoft.Common.CurrentVersion.targets(2451,5): warning MSB3277:             C:\Program Files\dotnet\packs\Microsoft.NETCore.App.Ref\8.0.25\ref/net8.0/System.Security.dll [C:\Users\ultra\warewolf\Dev\Warewolf.Studio.Themes.Luna\Warewolf.Studio.Themes.Luna.csproj]
C:\Program Files\dotnet\sdk\10.0.201\Microsoft.Common.CurrentVersion.targets(2451,5): warning MSB3277:         C:\Program Files\dotnet\packs\Microsoft.NETCore.App.Ref\8.0.25\ref\net8.0\System.dll [C:\Users\ultra\warewolf\Dev\Warewolf.Studio.Themes.Luna\Warewolf.Studio.Themes.Luna.csproj]
C:\Program Files\dotnet\sdk\10.0.201\Microsoft.Common.CurrentVersion.targets(2451,5): warning MSB3277:           Project file item includes which caused reference "C:\Program Files\dotnet\packs\Microsoft.NETCore.App.Ref\8.0.25\ref\net8.0\System.dll". [C:\Users\ultra\warewolf\Dev\Warewolf.Studio.Themes.Luna\Warewolf.Studio.Themes.Luna.csproj]
C:\Program Files\dotnet\sdk\10.0.201\Microsoft.Common.CurrentVersion.targets(2451,5): warning MSB3277:             C:\Program Files\dotnet\packs\Microsoft.NETCore.App.Ref\8.0.25\ref/net8.0/System.dll [C:\Users\ultra\warewolf\Dev\Warewolf.Studio.Themes.Luna\Warewolf.Studio.Themes.Luna.csproj]
C:\Program Files\dotnet\sdk\10.0.201\Microsoft.Common.CurrentVersion.targets(2451,5): warning MSB3277:             C:\Users\ultra\.nuget\packages\aerowizard\2.3.1\lib\net45\AeroWizard.dll [C:\Users\ultra\warewolf\Dev\Warewolf.Studio.Themes.Luna\Warewolf.Studio.Themes.Luna.csproj]
C:\Program Files\dotnet\sdk\10.0.201\Microsoft.Common.CurrentVersion.targets(2451,5): warning MSB3277:             C:\Users\ultra\.nuget\packages\groupcontrols\1.9.0\lib\net45\GroupControls.dll [C:\Users\ultra\warewolf\Dev\Warewolf.Studio.Themes.Luna\Warewolf.Studio.Themes.Luna.csproj]
C:\Program Files\dotnet\sdk\10.0.201\Microsoft.Common.CurrentVersion.targets(2451,5): warning MSB3277:             C:\Users\ultra\.nuget\packages\microsoft.xaml.behaviors.wpf\1.1.122\lib\net462\Microsoft.Xaml.Behaviors.dll [C:\Users\ultra\warewolf\Dev\Warewolf.Studio.Themes.Luna\Warewolf.Studio.Themes.Luna.csproj]
C:\Program Files\dotnet\sdk\10.0.201\Microsoft.Common.CurrentVersion.targets(2451,5): warning MSB3277:             C:\Users\ultra\.nuget\packages\caliburn.micro\4.0.212\lib\netcoreapp3.1\Caliburn.Micro.Platform.dll [C:\Users\ultra\warewolf\Dev\Warewolf.Studio.Themes.Luna\Warewolf.Studio.Themes.Luna.csproj]
C:\Program Files\dotnet\sdk\10.0.201\Microsoft.Common.CurrentVersion.targets(2451,5): warning MSB3277:             C:\Users\ultra\.nuget\packages\prism.wpf\9.0.537\lib\net462\Prism.Wpf.dll [C:\Users\ultra\warewolf\Dev\Warewolf.Studio.Themes.Luna\Warewolf.Studio.Themes.Luna.csproj]
C:\Program Files\dotnet\sdk\10.0.201\Microsoft.Common.CurrentVersion.targets(2451,5): warning MSB3277:             C:\Users\ultra\.nuget\packages\reactiveui.wpf\18.4.1\lib\net462\ReactiveUI.Wpf.dll [C:\Users\ultra\warewolf\Dev\Warewolf.Studio.Themes.Luna\Warewolf.Studio.Themes.Luna.csproj]
C:\Program Files\dotnet\sdk\10.0.201\Microsoft.Common.CurrentVersion.targets(2451,5): warning MSB3277:             C:\Users\ultra\.nuget\packages\taskschedulereditor\2.10.1\lib\net452\Microsoft.Win32.TaskSchedulerEditor.dll [C:\Users\ultra\warewolf\Dev\Warewolf.Studio.Themes.Luna\Warewolf.Studio.Themes.Luna.csproj]
C:\Program Files\dotnet\sdk\10.0.201\Microsoft.Common.CurrentVersion.targets(2451,5): warning MSB3277:             C:\Users\ultra\.nuget\packages\ttcue.netcore.sharepointonline.csom.16.1.8029.1200\16.1.8029.1200\lib\netcoreapp2.0\Microsoft.SharePoint.Client.Runtime.Windows.dll [C:\Users\ultra\warewolf\Dev\Warewolf.Studio.Themes.Luna\Warewolf.Studio.Themes.Luna.csproj]
C:\Program Files\dotnet\sdk\10.0.201\Microsoft.Common.CurrentVersion.targets(2451,5): warning MSB3277:         C:\Users\ultra\warewolf\Dev\Binaries\Infragistcs_Net6\InfragisticsWPF4.Controls.Editors.XamMaskedInput.v15.1.dll [C:\Users\ultra\warewolf\Dev\Warewolf.Studio.Themes.Luna\Warewolf.Studio.Themes.Luna.csproj]
C:\Program Files\dotnet\sdk\10.0.201\Microsoft.Common.CurrentVersion.targets(2451,5): warning MSB3277:           Project file item includes which caused reference "C:\Users\ultra\warewolf\Dev\Binaries\Infragistcs_Net6\InfragisticsWPF4.Controls.Editors.XamMaskedInput.v15.1.dll". [C:\Users\ultra\warewolf\Dev\Warewolf.Studio.Themes.Luna\Warewolf.Studio.Themes.Luna.csproj]
C:\Program Files\dotnet\sdk\10.0.201\Microsoft.Common.CurrentVersion.targets(2451,5): warning MSB3277:             InfragisticsWPF4.Controls.Grids.DateTimeColumn.v15.1, Version=15.1.20151.2055, Culture=neutral, PublicKeyToken=7dd5c3163f2cd0cb, processorArchitecture=MSIL [C:\Users\ultra\warewolf\Dev\Warewolf.Studio.Themes.Luna\Warewolf.Studio.Themes.Luna.csproj]
  Consider app.config remapping of assembly "System.Data.SQLite, Culture=neutral, PublicKeyToken=db937bc2d44ff139" from Version "1.0.117.0" [] to Version "1.0.118.0" [C:\Users\ultra\.nuget\packages\stub.system.data.sqlite.core.netstandard\1.0.118\lib\netstandard2.1\System.Data.SQLite.dll] to solve conflict and get rid of warning.
C:\Program Files\dotnet\sdk\10.0.201\Sdks\Microsoft.NET.Sdk\targets\Microsoft.NET.Sdk.targets(308,5): warning NETSDK1206: Found version-specific or distribution-specific runtime identifier(s): win10-x64, win10-x86, win7-x64, win7-x86, win8-x64, win8-x86, win81-x64, win81-x86. Affected libraries: Microsoft.Management.Infrastructure.Runtime.Win, SQLite. In .NET 8.0 and higher, assets for version-specific and distribution-specific runtime identifiers will not be found by default. See https://aka.ms/dotnet/rid-usage for details. [C:\Users\ultra\warewolf\Dev\Warewolf.Trigger.Queue\Warewolf.Trigger.Queue.csproj]
  Warewolf.Trigger.Queue -> C:\Users\ultra\warewolf\Dev\Warewolf.Trigger.Queue\bin\Debug\net8.0\Warewolf.Trigger.Queue.dll
C:\Program Files\dotnet\sdk\10.0.201\Sdks\Microsoft.NET.Sdk\targets\Microsoft.NET.Sdk.targets(308,5): warning NETSDK1206: Found version-specific or distribution-specific runtime identifier(s): win10-x64, win10-x86, win7-x64, win7-x86, win8-x64, win8-x86, win81-x64, win81-x86. Affected libraries: Microsoft.Management.Infrastructure.Runtime.Win, SQLite. In .NET 8.0 and higher, assets for version-specific and distribution-specific runtime identifiers will not be found by default. See https://aka.ms/dotnet/rid-usage for details. [C:\Users\ultra\warewolf\Dev\Warewolf.MergeParser.Tests\Warewolf.MergeParser.Tests.csproj]
  Warewolf.MergeParser.Tests -> C:\Users\ultra\warewolf\Dev\Warewolf.MergeParser.Tests\bin\Debug\net8.0\Warewolf.MergeParser.Tests.dll
C:\Users\ultra\warewolf\Dev\Dev2.Runtime.WebServer\AnonymousAuthenticationHandler.cs(15,9): warning CS0618: 'ISystemClock' is obsolete: 'Use TimeProvider instead.' [C:\Users\ultra\warewolf\Dev\Dev2.Runtime.WebServer\Dev2.Runtime.WebServer.csproj]
C:\Users\ultra\warewolf\Dev\Dev2.Runtime.WebServer\BasicAuthenticationHandler.cs(20,13): warning CS0618: 'ISystemClock' is obsolete: 'Use TimeProvider instead.' [C:\Users\ultra\warewolf\Dev\Dev2.Runtime.WebServer\Dev2.Runtime.WebServer.csproj]
C:\Users\ultra\warewolf\Dev\Dev2.Runtime.WebServer\AnonymousAuthenticationHandler.cs(16,9): warning CS0618: 'AuthenticationHandler<AuthenticationSchemeOptions>.AuthenticationHandler(IOptionsMonitor<AuthenticationSchemeOptions>, ILoggerFactory, UrlEncoder, ISystemClock)' is obsolete: 'ISystemClock is obsolete, use TimeProvider on AuthenticationSchemeOptions instead.' [C:\Users\ultra\warewolf\Dev\Dev2.Runtime.WebServer\Dev2.Runtime.WebServer.csproj]
C:\Users\ultra\warewolf\Dev\Dev2.Runtime.WebServer\BasicAuthenticationHandler.cs(21,13): warning CS0618: 'AuthenticationHandler<AuthenticationSchemeOptions>.AuthenticationHandler(IOptionsMonitor<AuthenticationSchemeOptions>, ILoggerFactory, UrlEncoder, ISystemClock)' is obsolete: 'ISystemClock is obsolete, use TimeProvider on AuthenticationSchemeOptions instead.' [C:\Users\ultra\warewolf\Dev\Dev2.Runtime.WebServer\Dev2.Runtime.WebServer.csproj]
C:\Users\ultra\warewolf\Dev\Dev2.Runtime.WebServer\Executor\ExecutionDtoExtensions.cs(119,13): warning CC0105: Use 'var' instead of specifying the type name. (https://code-cracker.github.io/diagnostics/CC0105.html) [C:\Users\ultra\warewolf\Dev\Dev2.Runtime.WebServer\Dev2.Runtime.WebServer.csproj]
C:\Users\ultra\warewolf\Dev\Dev2.Runtime.WebServer\BasicAuthenticationHandler.cs(70,13): warning CC0003: Consider adding an Exception to the catch. (https://code-cracker.github.io/diagnostics/CC0003.html) [C:\Users\ultra\warewolf\Dev\Dev2.Runtime.WebServer\Dev2.Runtime.WebServer.csproj]
C:\Users\ultra\warewolf\Dev\Dev2.Runtime.WebServer\Handlers\GetLogFileServiceHandler.cs(129,21): warning CC0105: Use 'var' instead of specifying the type name. (https://code-cracker.github.io/diagnostics/CC0105.html) [C:\Users\ultra\warewolf\Dev\Dev2.Runtime.WebServer\Dev2.Runtime.WebServer.csproj]
C:\Users\ultra\warewolf\Dev\Dev2.Runtime.WebServer\ServiceTesting\ServiceTestCoverageModelHTMLResultBuilder.cs(138,13): warning CC0105: Use 'var' instead of specifying the type name. (https://code-cracker.github.io/diagnostics/CC0105.html) [C:\Users\ultra\warewolf\Dev\Dev2.Runtime.WebServer\Dev2.Runtime.WebServer.csproj]
C:\Users\ultra\warewolf\Dev\Dev2.Runtime.WebServer\ServiceTesting\ServiceTestCoverageModelHTMLResultBuilder.cs(139,13): warning CC0105: Use 'var' instead of specifying the type name. (https://code-cracker.github.io/diagnostics/CC0105.html) [C:\Users\ultra\warewolf\Dev\Dev2.Runtime.WebServer\Dev2.Runtime.WebServer.csproj]
C:\Users\ultra\warewolf\Dev\Dev2.Runtime.WebServer\ServiceTesting\ServiceTestModelJObjectResultBuilder.cs(101,13): warning CC0105: Use 'var' instead of specifying the type name. (https://code-cracker.github.io/diagnostics/CC0105.html) [C:\Users\ultra\warewolf\Dev\Dev2.Runtime.WebServer\Dev2.Runtime.WebServer.csproj]
C:\Program Files\dotnet\sdk\10.0.201\Sdks\Microsoft.NET.Sdk\targets\Microsoft.NET.Sdk.targets(308,5): warning NETSDK1206: Found version-specific or distribution-specific runtime identifier(s): win10-x64, win10-x86, win7-x64, win7-x86, win8-x64, win8-x86, win81-x64, win81-x86. Affected libraries: Microsoft.Management.Infrastructure.Runtime.Win, SQLite. In .NET 8.0 and higher, assets for version-specific and distribution-specific runtime identifiers will not be found by default. See https://aka.ms/dotnet/rid-usage for details. [C:\Users\ultra\warewolf\Dev\Warewolf.Studio.Themes.Luna\Warewolf.Studio.Themes.Luna.csproj]
  Warewolf.Studio.Themes.Luna -> C:\Users\ultra\warewolf\Dev\Warewolf.Studio.Themes.Luna\bin\Debug\net8.0\Warewolf.Studio.Themes.Luna.dll
  Warewolf.MergeParser.Tests -> C:\Users\ultra\warewolf\Dev\Warewolf.MergeParser.Tests\bin\Debug\net8.0\linux-x64\Warewolf.MergeParser.Tests.dll
  Dev2.Runtime.WebServer -> C:\Users\ultra\warewolf\Dev\Dev2.Runtime.WebServer\bin\Debug\net8.0\Dev2.Runtime.WebServer.dll
C:\Program Files\dotnet\sdk\10.0.201\Microsoft.Common.CurrentVersion.targets(2451,5): warning MSB3277: Found conflicts between different versions of "WindowsBase" that could not be resolved. [C:\Users\ultra\warewolf\Dev\Dev2.Infrastructure.Tests\Dev2.Infrastructure.Tests.csproj]
C:\Program Files\dotnet\sdk\10.0.201\Microsoft.Common.CurrentVersion.targets(2451,5): warning MSB3277: There was a conflict between "WindowsBase, Version=4.0.0.0, Culture=neutral, PublicKeyToken=31bf3856ad364e35" and "WindowsBase, Version=6.0.2.0, Culture=neutral, PublicKeyToken=31bf3856ad364e35". [C:\Users\ultra\warewolf\Dev\Dev2.Infrastructure.Tests\Dev2.Infrastructure.Tests.csproj]
C:\Program Files\dotnet\sdk\10.0.201\Microsoft.Common.CurrentVersion.targets(2451,5): warning MSB3277:     "WindowsBase, Version=4.0.0.0, Culture=neutral, PublicKeyToken=31bf3856ad364e35" was chosen because it was primary and "WindowsBase, Version=6.0.2.0, Culture=neutral, PublicKeyToken=31bf3856ad364e35" was not. [C:\Users\ultra\warewolf\Dev\Dev2.Infrastructure.Tests\Dev2.Infrastructure.Tests.csproj]
C:\Program Files\dotnet\sdk\10.0.201\Microsoft.Common.CurrentVersion.targets(2451,5): warning MSB3277:     References which depend on "WindowsBase, Version=4.0.0.0, Culture=neutral, PublicKeyToken=31bf3856ad364e35" [C:\Program Files\dotnet\packs\Microsoft.NETCore.App.Ref\8.0.25\ref\net8.0\WindowsBase.dll]. [C:\Users\ultra\warewolf\Dev\Dev2.Infrastructure.Tests\Dev2.Infrastructure.Tests.csproj]
C:\Program Files\dotnet\sdk\10.0.201\Microsoft.Common.CurrentVersion.targets(2451,5): warning MSB3277:         C:\Program Files\dotnet\packs\Microsoft.NETCore.App.Ref\8.0.25\ref\net8.0\WindowsBase.dll [C:\Users\ultra\warewolf\Dev\Dev2.Infrastructure.Tests\Dev2.Infrastructure.Tests.csproj]
C:\Program Files\dotnet\sdk\10.0.201\Microsoft.Common.CurrentVersion.targets(2451,5): warning MSB3277:           Project file item includes which caused reference "C:\Program Files\dotnet\packs\Microsoft.NETCore.App.Ref\8.0.25\ref\net8.0\WindowsBase.dll". [C:\Users\ultra\warewolf\Dev\Dev2.Infrastructure.Tests\Dev2.Infrastructure.Tests.csproj]
C:\Program Files\dotnet\sdk\10.0.201\Microsoft.Common.CurrentVersion.targets(2451,5): warning MSB3277:             C:\Program Files\dotnet\packs\Microsoft.NETCore.App.Ref\8.0.25\ref/net8.0/WindowsBase.dll [C:\Users\ultra\warewolf\Dev\Dev2.Infrastructure.Tests\Dev2.Infrastructure.Tests.csproj]
C:\Program Files\dotnet\sdk\10.0.201\Microsoft.Common.CurrentVersion.targets(2451,5): warning MSB3277:     References which depend on or have been unified to "WindowsBase, Version=6.0.2.0, Culture=neutral, PublicKeyToken=31bf3856ad364e35" []. [C:\Users\ultra\warewolf\Dev\Dev2.Infrastructure.Tests\Dev2.Infrastructure.Tests.csproj]
C:\Program Files\dotnet\sdk\10.0.201\Microsoft.Common.CurrentVersion.targets(2451,5): warning MSB3277:         C:\Users\ultra\.nuget\packages\caliburn.micro\4.0.212\lib\netcoreapp3.1\Caliburn.Micro.Platform.dll [C:\Users\ultra\warewolf\Dev\Dev2.Infrastructure.Tests\Dev2.Infrastructure.Tests.csproj]
C:\Program Files\dotnet\sdk\10.0.201\Microsoft.Common.CurrentVersion.targets(2451,5): warning MSB3277:           Project file item includes which caused reference "C:\Users\ultra\.nuget\packages\caliburn.micro\4.0.212\lib\netcoreapp3.1\Caliburn.Micro.Platform.dll". [C:\Users\ultra\warewolf\Dev\Dev2.Infrastructure.Tests\Dev2.Infrastructure.Tests.csproj]
C:\Program Files\dotnet\sdk\10.0.201\Microsoft.Common.CurrentVersion.targets(2451,5): warning MSB3277:             C:\Users\ultra\.nuget\packages\caliburn.micro\4.0.212\lib\netcoreapp3.1\Caliburn.Micro.Platform.dll [C:\Users\ultra\warewolf\Dev\Dev2.Infrastructure.Tests\Dev2.Infrastructure.Tests.csproj]
C:\Program Files\dotnet\sdk\10.0.201\Microsoft.Common.CurrentVersion.targets(2451,5): warning MSB3277:         C:\Users\ultra\.nuget\packages\ironpython\3.4.0\lib\net6.0\IronPython.Wpf.dll [C:\Users\ultra\warewolf\Dev\Dev2.Infrastructure.Tests\Dev2.Infrastructure.Tests.csproj]
C:\Program Files\dotnet\sdk\10.0.201\Microsoft.Common.CurrentVersion.targets(2451,5): warning MSB3277:           Project file item includes which caused reference "C:\Users\ultra\.nuget\packages\ironpython\3.4.0\lib\net6.0\IronPython.Wpf.dll". [C:\Users\ultra\warewolf\Dev\Dev2.Infrastructure.Tests\Dev2.Infrastructure.Tests.csproj]
C:\Program Files\dotnet\sdk\10.0.201\Microsoft.Common.CurrentVersion.targets(2451,5): warning MSB3277:             C:\Users\ultra\.nuget\packages\ironpython\3.4.0\lib\net6.0\IronPython.Wpf.dll [C:\Users\ultra\warewolf\Dev\Dev2.Infrastructure.Tests\Dev2.Infrastructure.Tests.csproj]
C:\Program Files\dotnet\sdk\10.0.201\Microsoft.Common.CurrentVersion.targets(2451,5): warning MSB3277:         C:\Users\ultra\.nuget\packages\microsoft.xaml.behaviors.wpf\1.1.122\lib\net462\Microsoft.Xaml.Behaviors.dll [C:\Users\ultra\warewolf\Dev\Dev2.Infrastructure.Tests\Dev2.Infrastructure.Tests.csproj]
C:\Program Files\dotnet\sdk\10.0.201\Microsoft.Common.CurrentVersion.targets(2451,5): warning MSB3277:           Project file item includes which caused reference "C:\Users\ultra\.nuget\packages\microsoft.xaml.behaviors.wpf\1.1.122\lib\net462\Microsoft.Xaml.Behaviors.dll". [C:\Users\ultra\warewolf\Dev\Dev2.Infrastructure.Tests\Dev2.Infrastructure.Tests.csproj]
C:\Program Files\dotnet\sdk\10.0.201\Microsoft.Common.CurrentVersion.targets(2451,5): warning MSB3277:             C:\Users\ultra\.nuget\packages\microsoft.xaml.behaviors.wpf\1.1.122\lib\net462\Microsoft.Xaml.Behaviors.dll [C:\Users\ultra\warewolf\Dev\Dev2.Infrastructure.Tests\Dev2.Infrastructure.Tests.csproj]
C:\Program Files\dotnet\sdk\10.0.201\Microsoft.Common.CurrentVersion.targets(2451,5): warning MSB3277:             C:\Users\ultra\.nuget\packages\caliburn.micro\4.0.212\lib\netcoreapp3.1\Caliburn.Micro.Platform.dll [C:\Users\ultra\warewolf\Dev\Dev2.Infrastructure.Tests\Dev2.Infrastructure.Tests.csproj]
C:\Program Files\dotnet\sdk\10.0.201\Microsoft.Common.CurrentVersion.targets(2451,5): warning MSB3277:             C:\Users\ultra\.nuget\packages\prism.wpf\9.0.537\lib\net462\Prism.Wpf.dll [C:\Users\ultra\warewolf\Dev\Dev2.Infrastructure.Tests\Dev2.Infrastructure.Tests.csproj]
C:\Program Files\dotnet\sdk\10.0.201\Microsoft.Common.CurrentVersion.targets(2451,5): warning MSB3277:         C:\Users\ultra\.nuget\packages\prism.wpf\9.0.537\lib\net462\Prism.Wpf.dll [C:\Users\ultra\warewolf\Dev\Dev2.Infrastructure.Tests\Dev2.Infrastructure.Tests.csproj]
C:\Program Files\dotnet\sdk\10.0.201\Microsoft.Common.CurrentVersion.targets(2451,5): warning MSB3277:           Project file item includes which caused reference "C:\Users\ultra\.nuget\packages\prism.wpf\9.0.537\lib\net462\Prism.Wpf.dll". [C:\Users\ultra\warewolf\Dev\Dev2.Infrastructure.Tests\Dev2.Infrastructure.Tests.csproj]
C:\Program Files\dotnet\sdk\10.0.201\Microsoft.Common.CurrentVersion.targets(2451,5): warning MSB3277:             C:\Users\ultra\.nuget\packages\prism.wpf\9.0.537\lib\net462\Prism.Wpf.dll [C:\Users\ultra\warewolf\Dev\Dev2.Infrastructure.Tests\Dev2.Infrastructure.Tests.csproj]
C:\Program Files\dotnet\sdk\10.0.201\Microsoft.Common.CurrentVersion.targets(2451,5): warning MSB3277:         C:\Users\ultra\.nuget\packages\reactiveui.wpf\18.4.1\lib\net462\ReactiveUI.Wpf.dll [C:\Users\ultra\warewolf\Dev\Dev2.Infrastructure.Tests\Dev2.Infrastructure.Tests.csproj]
C:\Program Files\dotnet\sdk\10.0.201\Microsoft.Common.CurrentVersion.targets(2451,5): warning MSB3277:           Project file item includes which caused reference "C:\Users\ultra\.nuget\packages\reactiveui.wpf\18.4.1\lib\net462\ReactiveUI.Wpf.dll". [C:\Users\ultra\warewolf\Dev\Dev2.Infrastructure.Tests\Dev2.Infrastructure.Tests.csproj]
C:\Program Files\dotnet\sdk\10.0.201\Microsoft.Common.CurrentVersion.targets(2451,5): warning MSB3277:             C:\Users\ultra\.nuget\packages\reactiveui.wpf\18.4.1\lib\net462\ReactiveUI.Wpf.dll [C:\Users\ultra\warewolf\Dev\Dev2.Infrastructure.Tests\Dev2.Infrastructure.Tests.csproj]
C:\Program Files\dotnet\sdk\10.0.201\Microsoft.Common.CurrentVersion.targets(2451,5): warning MSB3277: Found conflicts between different versions of "WindowsBase" that could not be resolved. [C:\Users\ultra\warewolf\Dev\Dev2.Infrastructure.Tests\Dev2.Infrastructure.Tests.csproj]
C:\Program Files\dotnet\sdk\10.0.201\Microsoft.Common.CurrentVersion.targets(2451,5): warning MSB3277: There was a conflict between "WindowsBase, Version=4.0.0.0, Culture=neutral, PublicKeyToken=31bf3856ad364e35" and "WindowsBase, Version=6.0.2.0, Culture=neutral, PublicKeyToken=31bf3856ad364e35". [C:\Users\ultra\warewolf\Dev\Dev2.Infrastructure.Tests\Dev2.Infrastructure.Tests.csproj]
C:\Program Files\dotnet\sdk\10.0.201\Microsoft.Common.CurrentVersion.targets(2451,5): warning MSB3277:     "WindowsBase, Version=4.0.0.0, Culture=neutral, PublicKeyToken=31bf3856ad364e35" was chosen because it was primary and "WindowsBase, Version=6.0.2.0, Culture=neutral, PublicKeyToken=31bf3856ad364e35" was not. [C:\Users\ultra\warewolf\Dev\Dev2.Infrastructure.Tests\Dev2.Infrastructure.Tests.csproj]
C:\Program Files\dotnet\sdk\10.0.201\Microsoft.Common.CurrentVersion.targets(2451,5): warning MSB3277:     References which depend on "WindowsBase, Version=4.0.0.0, Culture=neutral, PublicKeyToken=31bf3856ad364e35" [C:\Program Files\dotnet\packs\Microsoft.NETCore.App.Ref\8.0.25\ref\net8.0\WindowsBase.dll]. [C:\Users\ultra\warewolf\Dev\Dev2.Infrastructure.Tests\Dev2.Infrastructure.Tests.csproj]
C:\Program Files\dotnet\sdk\10.0.201\Microsoft.Common.CurrentVersion.targets(2451,5): warning MSB3277:         C:\Program Files\dotnet\packs\Microsoft.NETCore.App.Ref\8.0.25\ref\net8.0\WindowsBase.dll [C:\Users\ultra\warewolf\Dev\Dev2.Infrastructure.Tests\Dev2.Infrastructure.Tests.csproj]
C:\Program Files\dotnet\sdk\10.0.201\Microsoft.Common.CurrentVersion.targets(2451,5): warning MSB3277:           Project file item includes which caused reference "C:\Program Files\dotnet\packs\Microsoft.NETCore.App.Ref\8.0.25\ref\net8.0\WindowsBase.dll". [C:\Users\ultra\warewolf\Dev\Dev2.Infrastructure.Tests\Dev2.Infrastructure.Tests.csproj]
C:\Program Files\dotnet\sdk\10.0.201\Microsoft.Common.CurrentVersion.targets(2451,5): warning MSB3277:             C:\Program Files\dotnet\packs\Microsoft.NETCore.App.Ref\8.0.25\ref/net8.0/WindowsBase.dll [C:\Users\ultra\warewolf\Dev\Dev2.Infrastructure.Tests\Dev2.Infrastructure.Tests.csproj]
C:\Program Files\dotnet\sdk\10.0.201\Microsoft.Common.CurrentVersion.targets(2451,5): warning MSB3277:     References which depend on or have been unified to "WindowsBase, Version=6.0.2.0, Culture=neutral, PublicKeyToken=31bf3856ad364e35" []. [C:\Users\ultra\warewolf\Dev\Dev2.Infrastructure.Tests\Dev2.Infrastructure.Tests.csproj]
C:\Program Files\dotnet\sdk\10.0.201\Microsoft.Common.CurrentVersion.targets(2451,5): warning MSB3277:         C:\Users\ultra\.nuget\packages\caliburn.micro\4.0.212\lib\netcoreapp3.1\Caliburn.Micro.Platform.dll [C:\Users\ultra\warewolf\Dev\Dev2.Infrastructure.Tests\Dev2.Infrastructure.Tests.csproj]
C:\Program Files\dotnet\sdk\10.0.201\Microsoft.Common.CurrentVersion.targets(2451,5): warning MSB3277:           Project file item includes which caused reference "C:\Users\ultra\.nuget\packages\caliburn.micro\4.0.212\lib\netcoreapp3.1\Caliburn.Micro.Platform.dll". [C:\Users\ultra\warewolf\Dev\Dev2.Infrastructure.Tests\Dev2.Infrastructure.Tests.csproj]
C:\Program Files\dotnet\sdk\10.0.201\Microsoft.Common.CurrentVersion.targets(2451,5): warning MSB3277:             C:\Users\ultra\.nuget\packages\caliburn.micro\4.0.212\lib\netcoreapp3.1\Caliburn.Micro.Platform.dll [C:\Users\ultra\warewolf\Dev\Dev2.Infrastructure.Tests\Dev2.Infrastructure.Tests.csproj]
C:\Program Files\dotnet\sdk\10.0.201\Microsoft.Common.CurrentVersion.targets(2451,5): warning MSB3277:         C:\Users\ultra\.nuget\packages\ironpython\3.4.0\lib\net6.0\IronPython.Wpf.dll [C:\Users\ultra\warewolf\Dev\Dev2.Infrastructure.Tests\Dev2.Infrastructure.Tests.csproj]
C:\Program Files\dotnet\sdk\10.0.201\Microsoft.Common.CurrentVersion.targets(2451,5): warning MSB3277:           Project file item includes which caused reference "C:\Users\ultra\.nuget\packages\ironpython\3.4.0\lib\net6.0\IronPython.Wpf.dll". [C:\Users\ultra\warewolf\Dev\Dev2.Infrastructure.Tests\Dev2.Infrastructure.Tests.csproj]
C:\Program Files\dotnet\sdk\10.0.201\Microsoft.Common.CurrentVersion.targets(2451,5): warning MSB3277:             C:\Users\ultra\.nuget\packages\ironpython\3.4.0\lib\net6.0\IronPython.Wpf.dll [C:\Users\ultra\warewolf\Dev\Dev2.Infrastructure.Tests\Dev2.Infrastructure.Tests.csproj]
C:\Program Files\dotnet\sdk\10.0.201\Microsoft.Common.CurrentVersion.targets(2451,5): warning MSB3277:         C:\Users\ultra\.nuget\packages\microsoft.xaml.behaviors.wpf\1.1.122\lib\net462\Microsoft.Xaml.Behaviors.dll [C:\Users\ultra\warewolf\Dev\Dev2.Infrastructure.Tests\Dev2.Infrastructure.Tests.csproj]
C:\Program Files\dotnet\sdk\10.0.201\Microsoft.Common.CurrentVersion.targets(2451,5): warning MSB3277:           Project file item includes which caused reference "C:\Users\ultra\.nuget\packages\microsoft.xaml.behaviors.wpf\1.1.122\lib\net462\Microsoft.Xaml.Behaviors.dll". [C:\Users\ultra\warewolf\Dev\Dev2.Infrastructure.Tests\Dev2.Infrastructure.Tests.csproj]
C:\Program Files\dotnet\sdk\10.0.201\Microsoft.Common.CurrentVersion.targets(2451,5): warning MSB3277:             C:\Users\ultra\.nuget\packages\microsoft.xaml.behaviors.wpf\1.1.122\lib\net462\Microsoft.Xaml.Behaviors.dll [C:\Users\ultra\warewolf\Dev\Dev2.Infrastructure.Tests\Dev2.Infrastructure.Tests.csproj]
C:\Program Files\dotnet\sdk\10.0.201\Microsoft.Common.CurrentVersion.targets(2451,5): warning MSB3277:             C:\Users\ultra\.nuget\packages\caliburn.micro\4.0.212\lib\netcoreapp3.1\Caliburn.Micro.Platform.dll [C:\Users\ultra\warewolf\Dev\Dev2.Infrastructure.Tests\Dev2.Infrastructure.Tests.csproj]
C:\Program Files\dotnet\sdk\10.0.201\Microsoft.Common.CurrentVersion.targets(2451,5): warning MSB3277:             C:\Users\ultra\.nuget\packages\prism.wpf\9.0.537\lib\net462\Prism.Wpf.dll [C:\Users\ultra\warewolf\Dev\Dev2.Infrastructure.Tests\Dev2.Infrastructure.Tests.csproj]
C:\Program Files\dotnet\sdk\10.0.201\Microsoft.Common.CurrentVersion.targets(2451,5): warning MSB3277:         C:\Users\ultra\.nuget\packages\prism.wpf\9.0.537\lib\net462\Prism.Wpf.dll [C:\Users\ultra\warewolf\Dev\Dev2.Infrastructure.Tests\Dev2.Infrastructure.Tests.csproj]
C:\Program Files\dotnet\sdk\10.0.201\Microsoft.Common.CurrentVersion.targets(2451,5): warning MSB3277:           Project file item includes which caused reference "C:\Users\ultra\.nuget\packages\prism.wpf\9.0.537\lib\net462\Prism.Wpf.dll". [C:\Users\ultra\warewolf\Dev\Dev2.Infrastructure.Tests\Dev2.Infrastructure.Tests.csproj]
C:\Program Files\dotnet\sdk\10.0.201\Microsoft.Common.CurrentVersion.targets(2451,5): warning MSB3277:             C:\Users\ultra\.nuget\packages\prism.wpf\9.0.537\lib\net462\Prism.Wpf.dll [C:\Users\ultra\warewolf\Dev\Dev2.Infrastructure.Tests\Dev2.Infrastructure.Tests.csproj]
C:\Program Files\dotnet\sdk\10.0.201\Microsoft.Common.CurrentVersion.targets(2451,5): warning MSB3277:         C:\Users\ultra\.nuget\packages\reactiveui.wpf\18.4.1\lib\net462\ReactiveUI.Wpf.dll [C:\Users\ultra\warewolf\Dev\Dev2.Infrastructure.Tests\Dev2.Infrastructure.Tests.csproj]
C:\Program Files\dotnet\sdk\10.0.201\Microsoft.Common.CurrentVersion.targets(2451,5): warning MSB3277:           Project file item includes which caused reference "C:\Users\ultra\.nuget\packages\reactiveui.wpf\18.4.1\lib\net462\ReactiveUI.Wpf.dll". [C:\Users\ultra\warewolf\Dev\Dev2.Infrastructure.Tests\Dev2.Infrastructure.Tests.csproj]
C:\Program Files\dotnet\sdk\10.0.201\Microsoft.Common.CurrentVersion.targets(2451,5): warning MSB3277:             C:\Users\ultra\.nuget\packages\reactiveui.wpf\18.4.1\lib\net462\ReactiveUI.Wpf.dll [C:\Users\ultra\warewolf\Dev\Dev2.Infrastructure.Tests\Dev2.Infrastructure.Tests.csproj]
  Warewolf.QueueWorker -> C:\Users\ultra\warewolf\Dev\Warewolf.QueueWorker\bin\Debug\net8.0\linux-x64\QueueWorker.dll
C:\Program Files\dotnet\sdk\10.0.201\Sdks\Microsoft.NET.Sdk\targets\Microsoft.NET.Sdk.targets(308,5): warning NETSDK1206: Found version-specific or distribution-specific runtime identifier(s): win10-x64, win10-x86, win7-x64, win7-x86, win8-x64, win8-x86, win81-x64, win81-x86. Affected libraries: Microsoft.Management.Infrastructure.Runtime.Win, SQLite. In .NET 8.0 and higher, assets for version-specific and distribution-specific runtime identifiers will not be found by default. See https://aka.ms/dotnet/rid-usage for details. [C:\Users\ultra\warewolf\Dev\Warewolf.QueueWorker\Warewolf.QueueWorker.csproj]
  Warewolf.QueueWorker -> C:\Users\ultra\warewolf\Dev\Warewolf.QueueWorker\bin\Debug\net8.0\QueueWorker.dll
C:\Program Files\dotnet\sdk\10.0.201\Microsoft.Common.CurrentVersion.targets(2451,5): warning MSB3277: Found conflicts between different versions of "WindowsBase" that could not be resolved. [C:\Users\ultra\warewolf\Dev\Dev2.Server\Dev2.Server.csproj]
C:\Program Files\dotnet\sdk\10.0.201\Microsoft.Common.CurrentVersion.targets(2451,5): warning MSB3277: There was a conflict between "WindowsBase, Version=4.0.0.0, Culture=neutral, PublicKeyToken=31bf3856ad364e35" and "WindowsBase, Version=6.0.2.0, Culture=neutral, PublicKeyToken=31bf3856ad364e35". [C:\Users\ultra\warewolf\Dev\Dev2.Server\Dev2.Server.csproj]
C:\Program Files\dotnet\sdk\10.0.201\Microsoft.Common.CurrentVersion.targets(2451,5): warning MSB3277:     "WindowsBase, Version=4.0.0.0, Culture=neutral, PublicKeyToken=31bf3856ad364e35" was chosen because it was primary and "WindowsBase, Version=6.0.2.0, Culture=neutral, PublicKeyToken=31bf3856ad364e35" was not. [C:\Users\ultra\warewolf\Dev\Dev2.Server\Dev2.Server.csproj]
C:\Program Files\dotnet\sdk\10.0.201\Microsoft.Common.CurrentVersion.targets(2451,5): warning MSB3277:     References which depend on "WindowsBase, Version=4.0.0.0, Culture=neutral, PublicKeyToken=31bf3856ad364e35" [C:\Program Files\dotnet\packs\Microsoft.NETCore.App.Ref\8.0.25\ref\net8.0\WindowsBase.dll]. [C:\Users\ultra\warewolf\Dev\Dev2.Server\Dev2.Server.csproj]
C:\Program Files\dotnet\sdk\10.0.201\Microsoft.Common.CurrentVersion.targets(2451,5): warning MSB3277:         C:\Program Files\dotnet\packs\Microsoft.NETCore.App.Ref\8.0.25\ref\net8.0\WindowsBase.dll [C:\Users\ultra\warewolf\Dev\Dev2.Server\Dev2.Server.csproj]
C:\Program Files\dotnet\sdk\10.0.201\Microsoft.Common.CurrentVersion.targets(2451,5): warning MSB3277:           Project file item includes which caused reference "C:\Program Files\dotnet\packs\Microsoft.NETCore.App.Ref\8.0.25\ref\net8.0\WindowsBase.dll". [C:\Users\ultra\warewolf\Dev\Dev2.Server\Dev2.Server.csproj]
C:\Program Files\dotnet\sdk\10.0.201\Microsoft.Common.CurrentVersion.targets(2451,5): warning MSB3277:             C:\Program Files\dotnet\packs\Microsoft.NETCore.App.Ref\8.0.25\ref/net8.0/WindowsBase.dll [C:\Users\ultra\warewolf\Dev\Dev2.Server\Dev2.Server.csproj]
C:\Program Files\dotnet\sdk\10.0.201\Microsoft.Common.CurrentVersion.targets(2451,5): warning MSB3277:     References which depend on or have been unified to "WindowsBase, Version=6.0.2.0, Culture=neutral, PublicKeyToken=31bf3856ad364e35" []. [C:\Users\ultra\warewolf\Dev\Dev2.Server\Dev2.Server.csproj]
C:\Program Files\dotnet\sdk\10.0.201\Microsoft.Common.CurrentVersion.targets(2451,5): warning MSB3277:         C:\Users\ultra\.nuget\packages\caliburn.micro\4.0.212\lib\netcoreapp3.1\Caliburn.Micro.Platform.dll [C:\Users\ultra\warewolf\Dev\Dev2.Server\Dev2.Server.csproj]
C:\Program Files\dotnet\sdk\10.0.201\Microsoft.Common.CurrentVersion.targets(2451,5): warning MSB3277:           Project file item includes which caused reference "C:\Users\ultra\.nuget\packages\caliburn.micro\4.0.212\lib\netcoreapp3.1\Caliburn.Micro.Platform.dll". [C:\Users\ultra\warewolf\Dev\Dev2.Server\Dev2.Server.csproj]
C:\Program Files\dotnet\sdk\10.0.201\Microsoft.Common.CurrentVersion.targets(2451,5): warning MSB3277:             C:\Users\ultra\.nuget\packages\caliburn.micro\4.0.212\lib\netcoreapp3.1\Caliburn.Micro.Platform.dll [C:\Users\ultra\warewolf\Dev\Dev2.Server\Dev2.Server.csproj]
C:\Program Files\dotnet\sdk\10.0.201\Microsoft.Common.CurrentVersion.targets(2451,5): warning MSB3277:         C:\Users\ultra\.nuget\packages\ironpython\3.4.0\lib\net6.0\IronPython.Wpf.dll [C:\Users\ultra\warewolf\Dev\Dev2.Server\Dev2.Server.csproj]
C:\Program Files\dotnet\sdk\10.0.201\Microsoft.Common.CurrentVersion.targets(2451,5): warning MSB3277:           Project file item includes which caused reference "C:\Users\ultra\.nuget\packages\ironpython\3.4.0\lib\net6.0\IronPython.Wpf.dll". [C:\Users\ultra\warewolf\Dev\Dev2.Server\Dev2.Server.csproj]
C:\Program Files\dotnet\sdk\10.0.201\Microsoft.Common.CurrentVersion.targets(2451,5): warning MSB3277:             C:\Users\ultra\.nuget\packages\ironpython\3.4.0\lib\net6.0\IronPython.Wpf.dll [C:\Users\ultra\warewolf\Dev\Dev2.Server\Dev2.Server.csproj]
C:\Program Files\dotnet\sdk\10.0.201\Microsoft.Common.CurrentVersion.targets(2451,5): warning MSB3277:         C:\Users\ultra\.nuget\packages\microsoft.xaml.behaviors.wpf\1.1.122\lib\net462\Microsoft.Xaml.Behaviors.dll [C:\Users\ultra\warewolf\Dev\Dev2.Server\Dev2.Server.csproj]
C:\Program Files\dotnet\sdk\10.0.201\Microsoft.Common.CurrentVersion.targets(2451,5): warning MSB3277:           Project file item includes which caused reference "C:\Users\ultra\.nuget\packages\microsoft.xaml.behaviors.wpf\1.1.122\lib\net462\Microsoft.Xaml.Behaviors.dll". [C:\Users\ultra\warewolf\Dev\Dev2.Server\Dev2.Server.csproj]
C:\Program Files\dotnet\sdk\10.0.201\Microsoft.Common.CurrentVersion.targets(2451,5): warning MSB3277:             C:\Users\ultra\.nuget\packages\microsoft.xaml.behaviors.wpf\1.1.122\lib\net462\Microsoft.Xaml.Behaviors.dll [C:\Users\ultra\warewolf\Dev\Dev2.Server\Dev2.Server.csproj]
C:\Program Files\dotnet\sdk\10.0.201\Microsoft.Common.CurrentVersion.targets(2451,5): warning MSB3277:             C:\Users\ultra\.nuget\packages\caliburn.micro\4.0.212\lib\netcoreapp3.1\Caliburn.Micro.Platform.dll [C:\Users\ultra\warewolf\Dev\Dev2.Server\Dev2.Server.csproj]
C:\Program Files\dotnet\sdk\10.0.201\Microsoft.Common.CurrentVersion.targets(2451,5): warning MSB3277:             C:\Users\ultra\.nuget\packages\prism.wpf\9.0.537\lib\net462\Prism.Wpf.dll [C:\Users\ultra\warewolf\Dev\Dev2.Server\Dev2.Server.csproj]
C:\Program Files\dotnet\sdk\10.0.201\Microsoft.Common.CurrentVersion.targets(2451,5): warning MSB3277:         C:\Users\ultra\.nuget\packages\prism.wpf\9.0.537\lib\net462\Prism.Wpf.dll [C:\Users\ultra\warewolf\Dev\Dev2.Server\Dev2.Server.csproj]
C:\Program Files\dotnet\sdk\10.0.201\Microsoft.Common.CurrentVersion.targets(2451,5): warning MSB3277:           Project file item includes which caused reference "C:\Users\ultra\.nuget\packages\prism.wpf\9.0.537\lib\net462\Prism.Wpf.dll". [C:\Users\ultra\warewolf\Dev\Dev2.Server\Dev2.Server.csproj]
C:\Program Files\dotnet\sdk\10.0.201\Microsoft.Common.CurrentVersion.targets(2451,5): warning MSB3277:             C:\Users\ultra\.nuget\packages\prism.wpf\9.0.537\lib\net462\Prism.Wpf.dll [C:\Users\ultra\warewolf\Dev\Dev2.Server\Dev2.Server.csproj]
C:\Program Files\dotnet\sdk\10.0.201\Microsoft.Common.CurrentVersion.targets(2451,5): warning MSB3277:         C:\Users\ultra\.nuget\packages\reactiveui.wpf\18.4.1\lib\net462\ReactiveUI.Wpf.dll [C:\Users\ultra\warewolf\Dev\Dev2.Server\Dev2.Server.csproj]
C:\Program Files\dotnet\sdk\10.0.201\Microsoft.Common.CurrentVersion.targets(2451,5): warning MSB3277:           Project file item includes which caused reference "C:\Users\ultra\.nuget\packages\reactiveui.wpf\18.4.1\lib\net462\ReactiveUI.Wpf.dll". [C:\Users\ultra\warewolf\Dev\Dev2.Server\Dev2.Server.csproj]
C:\Program Files\dotnet\sdk\10.0.201\Microsoft.Common.CurrentVersion.targets(2451,5): warning MSB3277:             C:\Users\ultra\.nuget\packages\reactiveui.wpf\18.4.1\lib\net462\ReactiveUI.Wpf.dll [C:\Users\ultra\warewolf\Dev\Dev2.Server\Dev2.Server.csproj]
C:\Program Files\dotnet\sdk\10.0.201\Microsoft.Common.CurrentVersion.targets(2451,5): warning MSB3277: Found conflicts between different versions of "System.Drawing.Common" that could not be resolved. [C:\Users\ultra\warewolf\Dev\Dev2.Server\Dev2.Server.csproj]
C:\Program Files\dotnet\sdk\10.0.201\Microsoft.Common.CurrentVersion.targets(2451,5): warning MSB3277: There was a conflict between "System.Drawing.Common, Version=6.0.0.0, Culture=neutral, PublicKeyToken=cc7b13ffcd2ddd51" and "System.Drawing.Common, Version=8.0.0.0, Culture=neutral, PublicKeyToken=cc7b13ffcd2ddd51". [C:\Users\ultra\warewolf\Dev\Dev2.Server\Dev2.Server.csproj]
C:\Program Files\dotnet\sdk\10.0.201\Microsoft.Common.CurrentVersion.targets(2451,5): warning MSB3277:     "System.Drawing.Common, Version=6.0.0.0, Culture=neutral, PublicKeyToken=cc7b13ffcd2ddd51" was chosen because it was primary and "System.Drawing.Common, Version=8.0.0.0, Culture=neutral, PublicKeyToken=cc7b13ffcd2ddd51" was not. [C:\Users\ultra\warewolf\Dev\Dev2.Server\Dev2.Server.csproj]
C:\Program Files\dotnet\sdk\10.0.201\Microsoft.Common.CurrentVersion.targets(2451,5): warning MSB3277:     References which depend on "System.Drawing.Common, Version=6.0.0.0, Culture=neutral, PublicKeyToken=cc7b13ffcd2ddd51" [C:\Users\ultra\.nuget\packages\system.drawing.common\6.0.0\lib\net6.0\System.Drawing.Common.dll]. [C:\Users\ultra\warewolf\Dev\Dev2.Server\Dev2.Server.csproj]
C:\Program Files\dotnet\sdk\10.0.201\Microsoft.Common.CurrentVersion.targets(2451,5): warning MSB3277:         C:\Users\ultra\.nuget\packages\system.drawing.common\6.0.0\lib\net6.0\System.Drawing.Common.dll [C:\Users\ultra\warewolf\Dev\Dev2.Server\Dev2.Server.csproj]
C:\Program Files\dotnet\sdk\10.0.201\Microsoft.Common.CurrentVersion.targets(2451,5): warning MSB3277:           Project file item includes which caused reference "C:\Users\ultra\.nuget\packages\system.drawing.common\6.0.0\lib\net6.0\System.Drawing.Common.dll". [C:\Users\ultra\warewolf\Dev\Dev2.Server\Dev2.Server.csproj]
C:\Program Files\dotnet\sdk\10.0.201\Microsoft.Common.CurrentVersion.targets(2451,5): warning MSB3277:             C:\Users\ultra\.nuget\packages\system.drawing.common\6.0.0\lib\net6.0\System.Drawing.Common.dll [C:\Users\ultra\warewolf\Dev\Dev2.Server\Dev2.Server.csproj]
C:\Program Files\dotnet\sdk\10.0.201\Microsoft.Common.CurrentVersion.targets(2451,5): warning MSB3277:     References which depend on or have been unified to "System.Drawing.Common, Version=8.0.0.0, Culture=neutral, PublicKeyToken=cc7b13ffcd2ddd51" []. [C:\Users\ultra\warewolf\Dev\Dev2.Server\Dev2.Server.csproj]
C:\Program Files\dotnet\sdk\10.0.201\Microsoft.Common.CurrentVersion.targets(2451,5): warning MSB3277:         C:\Users\ultra\.nuget\packages\servicestack\6.3.0\lib\net6.0\ServiceStack.dll [C:\Users\ultra\warewolf\Dev\Dev2.Server\Dev2.Server.csproj]
C:\Program Files\dotnet\sdk\10.0.201\Microsoft.Common.CurrentVersion.targets(2451,5): warning MSB3277:           Project file item includes which caused reference "C:\Users\ultra\.nuget\packages\servicestack\6.3.0\lib\net6.0\ServiceStack.dll". [C:\Users\ultra\warewolf\Dev\Dev2.Server\Dev2.Server.csproj]
C:\Program Files\dotnet\sdk\10.0.201\Microsoft.Common.CurrentVersion.targets(2451,5): warning MSB3277:             C:\Users\ultra\.nuget\packages\servicestack\6.3.0\lib\net6.0\ServiceStack.dll [C:\Users\ultra\warewolf\Dev\Dev2.Server\Dev2.Server.csproj]
C:\Program Files\dotnet\sdk\10.0.201\Microsoft.Common.CurrentVersion.targets(2451,5): warning MSB3277:         C:\Users\ultra\.nuget\packages\system.windows.extensions\8.0.0\lib\net8.0\System.Windows.Extensions.dll [C:\Users\ultra\warewolf\Dev\Dev2.Server\Dev2.Server.csproj]
C:\Program Files\dotnet\sdk\10.0.201\Microsoft.Common.CurrentVersion.targets(2451,5): warning MSB3277:           Project file item includes which caused reference "C:\Users\ultra\.nuget\packages\system.windows.extensions\8.0.0\lib\net8.0\System.Windows.Extensions.dll". [C:\Users\ultra\warewolf\Dev\Dev2.Server\Dev2.Server.csproj]
C:\Program Files\dotnet\sdk\10.0.201\Microsoft.Common.CurrentVersion.targets(2451,5): warning MSB3277:             C:\Users\ultra\.nuget\packages\system.windows.extensions\8.0.0\lib\net8.0\System.Windows.Extensions.dll [C:\Users\ultra\warewolf\Dev\Dev2.Server\Dev2.Server.csproj]
C:\Program Files\dotnet\sdk\10.0.201\Microsoft.Common.CurrentVersion.targets(2451,5): warning MSB3277:             C:\Users\ultra\.nuget\packages\system.security.permissions\8.0.0\lib\net8.0\System.Security.Permissions.dll [C:\Users\ultra\warewolf\Dev\Dev2.Server\Dev2.Server.csproj]
C:\Program Files\dotnet\sdk\10.0.201\Microsoft.Common.CurrentVersion.targets(2451,5): warning MSB3277:             C:\Users\ultra\warewolf\Dev\Dev2.Data\bin\Debug\net8.0\Dev2.Data.dll [C:\Users\ultra\warewolf\Dev\Dev2.Server\Dev2.Server.csproj]
C:\Program Files\dotnet\sdk\10.0.201\Microsoft.Common.CurrentVersion.targets(2451,5): warning MSB3277:             C:\Users\ultra\warewolf\Dev\Dev2.Activities\bin\Debug\net8.0\Dev2.Activities.dll [C:\Users\ultra\warewolf\Dev\Dev2.Server\Dev2.Server.csproj]
C:\Program Files\dotnet\sdk\10.0.201\Microsoft.Common.CurrentVersion.targets(2451,5): warning MSB3277:             C:\Users\ultra\warewolf\Dev\Dev2.Core\bin\Debug\net8.0\Dev2.Core.dll [C:\Users\ultra\warewolf\Dev\Dev2.Server\Dev2.Server.csproj]
C:\Program Files\dotnet\sdk\10.0.201\Microsoft.Common.CurrentVersion.targets(2451,5): warning MSB3277:             C:\Users\ultra\warewolf\Dev\Dev2.Runtime.Services\bin\Debug\net8.0\Dev2.Runtime.Services.dll [C:\Users\ultra\warewolf\Dev\Dev2.Server\Dev2.Server.csproj]
C:\Program Files\dotnet\sdk\10.0.201\Microsoft.Common.CurrentVersion.targets(2451,5): warning MSB3277:             C:\Users\ultra\warewolf\Dev\Dev2.Runtime.WebServer\bin\Debug\net8.0\Dev2.Runtime.WebServer.dll [C:\Users\ultra\warewolf\Dev\Dev2.Server\Dev2.Server.csproj]
C:\Program Files\dotnet\sdk\10.0.201\Microsoft.Common.CurrentVersion.targets(2451,5): warning MSB3277:             C:\Users\ultra\warewolf\Dev\Dev2.Runtime\bin\Debug\net8.0\Dev2.Runtime.dll [C:\Users\ultra\warewolf\Dev\Dev2.Server\Dev2.Server.csproj]
C:\Program Files\dotnet\sdk\10.0.201\Microsoft.Common.CurrentVersion.targets(2451,5): warning MSB3277:             C:\Users\ultra\warewolf\Dev\Dev2.Scheduler\bin\Debug\net8.0\Dev2.Scheduler.dll [C:\Users\ultra\warewolf\Dev\Dev2.Server\Dev2.Server.csproj]
C:\Program Files\dotnet\sdk\10.0.201\Microsoft.Common.CurrentVersion.targets(2451,5): warning MSB3277:             C:\Users\ultra\warewolf\Dev\Dev2.Services.Execution\bin\Debug\net8.0\Dev2.Services.Execution.dll [C:\Users\ultra\warewolf\Dev\Dev2.Server\Dev2.Server.csproj]
C:\Program Files\dotnet\sdk\10.0.201\Microsoft.Common.CurrentVersion.targets(2451,5): warning MSB3277:             C:\Users\ultra\warewolf\Dev\Warewolf.Auditing\bin\Debug\net8.0\Warewolf.Auditing.dll [C:\Users\ultra\warewolf\Dev\Dev2.Server\Dev2.Server.csproj]
C:\Program Files\dotnet\sdk\10.0.201\Microsoft.Common.CurrentVersion.targets(2451,5): warning MSB3277:             C:\Users\ultra\warewolf\Dev\Warewolf.HangfireServer\bin\Debug\net8.0\linux-x64\HangfireServer.dll [C:\Users\ultra\warewolf\Dev\Dev2.Server\Dev2.Server.csproj]
C:\Program Files\dotnet\sdk\10.0.201\Microsoft.Common.CurrentVersion.targets(2451,5): warning MSB3277:             C:\Users\ultra\warewolf\Dev\Warewolf.Logger\bin\Debug\net8.0\linux-x64\WarewolfLogger.dll [C:\Users\ultra\warewolf\Dev\Dev2.Server\Dev2.Server.csproj]
C:\Program Files\dotnet\sdk\10.0.201\Microsoft.Common.CurrentVersion.targets(2451,5): warning MSB3277:             C:\Users\ultra\warewolf\Dev\Warewolf.QueueWorker\bin\Debug\net8.0\linux-x64\QueueWorker.dll [C:\Users\ultra\warewolf\Dev\Dev2.Server\Dev2.Server.csproj]
C:\Program Files\dotnet\sdk\10.0.201\Microsoft.Common.CurrentVersion.targets(2451,5): warning MSB3277:             C:\Users\ultra\warewolf\Dev\Warewolf.Core\bin\Debug\net8.0\Warewolf.Core.dll [C:\Users\ultra\warewolf\Dev\Dev2.Server\Dev2.Server.csproj]
C:\Program Files\dotnet\sdk\10.0.201\Microsoft.Common.CurrentVersion.targets(2451,5): warning MSB3277:             C:\Users\ultra\warewolf\Dev\Warewolf.ResourceManagement\bin\Debug\net8.0\Warewolf.ResourceManagement.dll [C:\Users\ultra\warewolf\Dev\Dev2.Server\Dev2.Server.csproj]
C:\Program Files\dotnet\sdk\10.0.201\Microsoft.Common.CurrentVersion.targets(2451,5): warning MSB3277:             C:\Users\ultra\warewolf\Dev\Warewolf.Trigger.Queue\bin\Debug\net8.0\Warewolf.Trigger.Queue.dll [C:\Users\ultra\warewolf\Dev\Dev2.Server\Dev2.Server.csproj]
C:\Program Files\dotnet\sdk\10.0.201\Microsoft.Common.CurrentVersion.targets(2451,5): warning MSB3277:             C:\Users\ultra\warewolf\Dev\Dev2.Intellisense\bin\Debug\net8.0\Dev2.Intellisense.dll [C:\Users\ultra\warewolf\Dev\Dev2.Server\Dev2.Server.csproj]
C:\Program Files\dotnet\sdk\10.0.201\Microsoft.Common.CurrentVersion.targets(2451,5): warning MSB3277:             C:\Users\ultra\warewolf\Dev\Dev2.Studio.Core\bin\Debug\net8.0\Dev2.Studio.Core.dll [C:\Users\ultra\warewolf\Dev\Dev2.Server\Dev2.Server.csproj]
C:\Program Files\dotnet\sdk\10.0.201\Microsoft.Common.CurrentVersion.targets(2451,5): warning MSB3277:             C:\Users\ultra\warewolf\Dev\Dev2.Studio.Interfaces\bin\Debug\net8.0\Dev2.Studio.Interfaces.dll [C:\Users\ultra\warewolf\Dev\Dev2.Server\Dev2.Server.csproj]
C:\Program Files\dotnet\sdk\10.0.201\Microsoft.Common.CurrentVersion.targets(2451,5): warning MSB3277:             C:\Users\ultra\warewolf\Dev\Warewolf.Common.Framework48\bin\Debug\net8.0\Warewolf.Common.Framework48.dll [C:\Users\ultra\warewolf\Dev\Dev2.Server\Dev2.Server.csproj]
C:\Program Files\dotnet\sdk\10.0.201\Microsoft.Common.CurrentVersion.targets(2451,5): warning MSB3277:             C:\Users\ultra\warewolf\Dev\Warewolf.Common.NetStandard20\bin\Debug\net8.0\Warewolf.Common.NetStandard20.dll [C:\Users\ultra\warewolf\Dev\Dev2.Server\Dev2.Server.csproj]
C:\Program Files\dotnet\sdk\10.0.201\Microsoft.Common.CurrentVersion.targets(2451,5): warning MSB3277:             C:\Users\ultra\warewolf\Dev\Warewolf.Driver.Persistence\bin\Debug\net8.0\Warewolf.Driver.Persistence.dll [C:\Users\ultra\warewolf\Dev\Dev2.Server\Dev2.Server.csproj]
C:\Program Files\dotnet\sdk\10.0.201\Microsoft.Common.CurrentVersion.targets(2451,5): warning MSB3277:             C:\Users\ultra\warewolf\Dev\Warewolf.Exchange.Email.Wrapper\bin\Debug\net8.0\Warewolf.Exchange.Email.Wrapper.dll [C:\Users\ultra\warewolf\Dev\Dev2.Server\Dev2.Server.csproj]
C:\Program Files\dotnet\sdk\10.0.201\Microsoft.Common.CurrentVersion.targets(2451,5): warning MSB3277:             C:\Users\ultra\warewolf\Dev\Warewolf.Studio.Core\bin\Debug\net8.0\Warewolf.Studio.Core.dll [C:\Users\ultra\warewolf\Dev\Dev2.Server\Dev2.Server.csproj]
C:\Program Files\dotnet\sdk\10.0.201\Microsoft.Common.CurrentVersion.targets(2451,5): warning MSB3277:             C:\Users\ultra\warewolf\Dev\Warewolf.UI\bin\Debug\net8.0\Warewolf.UI.dll [C:\Users\ultra\warewolf\Dev\Dev2.Server\Dev2.Server.csproj]
C:\Program Files\dotnet\sdk\10.0.201\Microsoft.Common.CurrentVersion.targets(2451,5): warning MSB3277:             C:\Users\ultra\.nuget\packages\dotnetzip\1.16.0\lib\netstandard2.0\DotNetZip.dll [C:\Users\ultra\warewolf\Dev\Dev2.Server\Dev2.Server.csproj]
C:\Program Files\dotnet\sdk\10.0.201\Microsoft.Common.CurrentVersion.targets(2451,5): warning MSB3277:             C:\Users\ultra\warewolf\Dev\Dev2.Common\bin\Debug\net8.0\Dev2.Common.dll [C:\Users\ultra\warewolf\Dev\Dev2.Server\Dev2.Server.csproj]
C:\Program Files\dotnet\sdk\10.0.201\Microsoft.Common.CurrentVersion.targets(2451,5): warning MSB3277:             C:\Users\ultra\warewolf\Dev\Dev2.Development.Languages\bin\Debug\net8.0\Dev2.Development.Languages.dll [C:\Users\ultra\warewolf\Dev\Dev2.Server\Dev2.Server.csproj]
C:\Program Files\dotnet\sdk\10.0.201\Microsoft.Common.CurrentVersion.targets(2451,5): warning MSB3277:             C:\Users\ultra\warewolf\Dev\Dev2.Diagnostics\bin\Debug\net8.0\Dev2.Diagnostics.dll [C:\Users\ultra\warewolf\Dev\Dev2.Server\Dev2.Server.csproj]
C:\Program Files\dotnet\sdk\10.0.201\Microsoft.Common.CurrentVersion.targets(2451,5): warning MSB3277:             C:\Users\ultra\warewolf\Dev\Dev2.Infrastructure\bin\Debug\net8.0\Dev2.Infrastructure.dll [C:\Users\ultra\warewolf\Dev\Dev2.Server\Dev2.Server.csproj]
C:\Program Files\dotnet\sdk\10.0.201\Microsoft.Common.CurrentVersion.targets(2451,5): warning MSB3277:             C:\Users\ultra\warewolf\Dev\Dev2.Util\bin\Debug\net8.0\Dev2.Util.dll [C:\Users\ultra\warewolf\Dev\Dev2.Server\Dev2.Server.csproj]
C:\Program Files\dotnet\sdk\10.0.201\Microsoft.Common.CurrentVersion.targets(2451,5): warning MSB3277:             C:\Users\ultra\warewolf\Dev\Warewolf.PerfMon\bin\Debug\net8.0\linux-x64\Warewolf.PerfMon.dll [C:\Users\ultra\warewolf\Dev\Dev2.Server\Dev2.Server.csproj]
C:\Program Files\dotnet\sdk\10.0.201\Microsoft.Common.CurrentVersion.targets(2451,5): warning MSB3277:             C:\Users\ultra\warewolf\Dev\Warewolf.Sharepoint\bin\Debug\net8.0\Warewolf.Sharepoint.dll [C:\Users\ultra\warewolf\Dev\Dev2.Server\Dev2.Server.csproj]
C:\Program Files\dotnet\sdk\10.0.201\Microsoft.Common.CurrentVersion.targets(2451,5): warning MSB3277:             C:\Users\ultra\warewolf\Dev\Warewolf.Storage\bin\Debug\net8.0\Warewolf.Storage.dll [C:\Users\ultra\warewolf\Dev\Dev2.Server\Dev2.Server.csproj]
C:\Program Files\dotnet\sdk\10.0.201\Microsoft.Common.CurrentVersion.targets(2451,5): warning MSB3277:             C:\Users\ultra\warewolf\Dev\Dev2.Data.Interfaces\bin\Debug\net8.0\Dev2.Data.Interfaces.dll [C:\Users\ultra\warewolf\Dev\Dev2.Server\Dev2.Server.csproj]
C:\Program Files\dotnet\sdk\10.0.201\Microsoft.Common.CurrentVersion.targets(2451,5): warning MSB3277:             C:\Users\ultra\warewolf\Dev\Dev2.Services.Sql\bin\Debug\net8.0\Dev2.Services.Sql.dll [C:\Users\ultra\warewolf\Dev\Dev2.Server\Dev2.Server.csproj]
C:\Program Files\dotnet\sdk\10.0.201\Microsoft.Common.CurrentVersion.targets(2451,5): warning MSB3277:             C:\Users\ultra\warewolf\Dev\Dev2.TaskScheduler.Wrappers\bin\Debug\net8.0\Dev2.TaskScheduler.Wrappers.dll [C:\Users\ultra\warewolf\Dev\Dev2.Server\Dev2.Server.csproj]
C:\Program Files\dotnet\sdk\10.0.201\Microsoft.Common.CurrentVersion.targets(2451,5): warning MSB3277:             C:\Users\ultra\warewolf\Dev\Warewolf.AI.Harness\bin\Debug\net8.0\Warewolf.AI.Harness.dll [C:\Users\ultra\warewolf\Dev\Dev2.Server\Dev2.Server.csproj]
C:\Program Files\dotnet\sdk\10.0.201\Microsoft.Common.CurrentVersion.targets(2451,5): warning MSB3277:             C:\Users\ultra\warewolf\Dev\Warewolf.Driver.Serilog\bin\Debug\net8.0\Warewolf.Driver.Serilog.dll [C:\Users\ultra\warewolf\Dev\Dev2.Server\Dev2.Server.csproj]
C:\Program Files\dotnet\sdk\10.0.201\Microsoft.Common.CurrentVersion.targets(2451,5): warning MSB3277:             C:\Users\ultra\.nuget\packages\mindbox.data.linq\5.0.0\lib\netstandard2.0\Mindbox.Data.Linq.dll [C:\Users\ultra\warewolf\Dev\Dev2.Server\Dev2.Server.csproj]
C:\Program Files\dotnet\sdk\10.0.201\Microsoft.Common.CurrentVersion.targets(2451,5): warning MSB3277:             C:\Users\ultra\.nuget\packages\mysql.data\8.4.0\lib\net8.0\MySql.Data.dll [C:\Users\ultra\warewolf\Dev\Dev2.Server\Dev2.Server.csproj]
C:\Program Files\dotnet\sdk\10.0.201\Microsoft.Common.CurrentVersion.targets(2451,5): warning MSB3277:             C:\Users\ultra\.nuget\packages\oracle.manageddataaccess.core\3.21.70\lib\netstandard2.1\Oracle.ManagedDataAccess.dll [C:\Users\ultra\warewolf\Dev\Dev2.Server\Dev2.Server.csproj]
C:\Program Files\dotnet\sdk\10.0.201\Microsoft.Common.CurrentVersion.targets(2451,5): warning MSB3277:             C:\Users\ultra\.nuget\packages\system.directoryservices\6.0.0\lib\net6.0\System.DirectoryServices.dll [C:\Users\ultra\warewolf\Dev\Dev2.Server\Dev2.Server.csproj]
C:\Program Files\dotnet\sdk\10.0.201\Microsoft.Common.CurrentVersion.targets(2451,5): warning MSB3277:             C:\Users\ultra\.nuget\packages\corewcf.primitives\1.2.1\lib\netstandard2.0\CoreWCF.Primitives.dll [C:\Users\ultra\warewolf\Dev\Dev2.Server\Dev2.Server.csproj]
C:\Program Files\dotnet\sdk\10.0.201\Microsoft.Common.CurrentVersion.targets(2451,5): warning MSB3277:             C:\Users\ultra\.nuget\packages\corewcf.http\1.2.1\lib\netstandard2.0\CoreWCF.Http.dll [C:\Users\ultra\warewolf\Dev\Dev2.Server\Dev2.Server.csproj]
C:\Program Files\dotnet\sdk\10.0.201\Microsoft.Common.CurrentVersion.targets(2451,5): warning MSB3277:             C:\Users\ultra\.nuget\packages\corewcf.nettcp\1.2.1\lib\netstandard2.0\CoreWCF.NetTcp.dll [C:\Users\ultra\warewolf\Dev\Dev2.Server\Dev2.Server.csproj]
C:\Program Files\dotnet\sdk\10.0.201\Microsoft.Common.CurrentVersion.targets(2451,5): warning MSB3277:             C:\Users\ultra\.nuget\packages\corewcf.webhttp\1.2.1\lib\netstandard2.0\CoreWCF.WebHttp.dll [C:\Users\ultra\warewolf\Dev\Dev2.Server\Dev2.Server.csproj]
C:\Program Files\dotnet\sdk\10.0.201\Microsoft.Common.CurrentVersion.targets(2451,5): warning MSB3277:             C:\Program Files\dotnet\packs\Microsoft.NETCore.App.Ref\8.0.25\ref/net8.0/System.Configuration.dll [C:\Users\ultra\warewolf\Dev\Dev2.Server\Dev2.Server.csproj]
C:\Program Files\dotnet\sdk\10.0.201\Microsoft.Common.CurrentVersion.targets(2451,5): warning MSB3277:             C:\Users\ultra\.nuget\packages\prism.wpf\9.0.537\lib\net462\Prism.Wpf.dll [C:\Users\ultra\warewolf\Dev\Dev2.Server\Dev2.Server.csproj]
C:\Program Files\dotnet\sdk\10.0.201\Microsoft.Common.CurrentVersion.targets(2451,5): warning MSB3277:             C:\Program Files\dotnet\packs\Microsoft.NETCore.App.Ref\8.0.25\ref/net8.0/System.Data.dll [C:\Users\ultra\warewolf\Dev\Dev2.Server\Dev2.Server.csproj]
C:\Program Files\dotnet\sdk\10.0.201\Microsoft.Common.CurrentVersion.targets(2451,5): warning MSB3277:             C:\Users\ultra\.nuget\packages\taskschedulereditor\2.10.1\lib\net452\Microsoft.Win32.TaskSchedulerEditor.dll [C:\Users\ultra\warewolf\Dev\Dev2.Server\Dev2.Server.csproj]
C:\Program Files\dotnet\sdk\10.0.201\Microsoft.Common.CurrentVersion.targets(2451,5): warning MSB3277:             C:\Program Files\dotnet\packs\Microsoft.NETCore.App.Ref\8.0.25\ref/net8.0/System.Drawing.dll [C:\Users\ultra\warewolf\Dev\Dev2.Server\Dev2.Server.csproj]
C:\Program Files\dotnet\sdk\10.0.201\Microsoft.Common.CurrentVersion.targets(2451,5): warning MSB3277:             C:\Users\ultra\.nuget\packages\aerowizard\2.3.1\lib\net45\AeroWizard.dll [C:\Users\ultra\warewolf\Dev\Dev2.Server\Dev2.Server.csproj]
C:\Program Files\dotnet\sdk\10.0.201\Microsoft.Common.CurrentVersion.targets(2451,5): warning MSB3277:             C:\Users\ultra\.nuget\packages\groupcontrols\1.9.0\lib\net45\GroupControls.dll [C:\Users\ultra\warewolf\Dev\Dev2.Server\Dev2.Server.csproj]
C:\Program Files\dotnet\sdk\10.0.201\Microsoft.Common.CurrentVersion.targets(2451,5): warning MSB3277:             C:\Program Files\dotnet\packs\Microsoft.NETCore.App.Ref\8.0.25\ref/net8.0/System.Net.dll [C:\Users\ultra\warewolf\Dev\Dev2.Server\Dev2.Server.csproj]
C:\Program Files\dotnet\sdk\10.0.201\Microsoft.Common.CurrentVersion.targets(2451,5): warning MSB3277:             C:\Program Files\dotnet\packs\Microsoft.NETCore.App.Ref\8.0.25\ref/net8.0/System.Security.dll [C:\Users\ultra\warewolf\Dev\Dev2.Server\Dev2.Server.csproj]
C:\Program Files\dotnet\sdk\10.0.201\Microsoft.Common.CurrentVersion.targets(2451,5): warning MSB3277:             C:\Program Files\dotnet\packs\Microsoft.NETCore.App.Ref\8.0.25\ref/net8.0/System.ServiceProcess.dll [C:\Users\ultra\warewolf\Dev\Dev2.Server\Dev2.Server.csproj]
C:\Program Files\dotnet\sdk\10.0.201\Microsoft.Common.CurrentVersion.targets(2451,5): warning MSB3277:             C:\Program Files\dotnet\packs\Microsoft.NETCore.App.Ref\8.0.25\ref/net8.0/System.Transactions.dll [C:\Users\ultra\warewolf\Dev\Dev2.Server\Dev2.Server.csproj]
C:\Program Files\dotnet\sdk\10.0.201\Microsoft.Common.CurrentVersion.targets(2451,5): warning MSB3277:             C:\Program Files\dotnet\packs\Microsoft.NETCore.App.Ref\8.0.25\ref/net8.0/System.dll [C:\Users\ultra\warewolf\Dev\Dev2.Server\Dev2.Server.csproj]
C:\Program Files\dotnet\sdk\10.0.201\Microsoft.Common.CurrentVersion.targets(2451,5): warning MSB3277:             C:\Users\ultra\.nuget\packages\microsoft.xaml.behaviors.wpf\1.1.122\lib\net462\Microsoft.Xaml.Behaviors.dll [C:\Users\ultra\warewolf\Dev\Dev2.Server\Dev2.Server.csproj]
C:\Program Files\dotnet\sdk\10.0.201\Microsoft.Common.CurrentVersion.targets(2451,5): warning MSB3277:             C:\Users\ultra\.nuget\packages\caliburn.micro\4.0.212\lib\netcoreapp3.1\Caliburn.Micro.Platform.dll [C:\Users\ultra\warewolf\Dev\Dev2.Server\Dev2.Server.csproj]
C:\Program Files\dotnet\sdk\10.0.201\Microsoft.Common.CurrentVersion.targets(2451,5): warning MSB3277:             C:\Users\ultra\.nuget\packages\reactiveui.wpf\18.4.1\lib\net462\ReactiveUI.Wpf.dll [C:\Users\ultra\warewolf\Dev\Dev2.Server\Dev2.Server.csproj]
C:\Program Files\dotnet\sdk\10.0.201\Microsoft.Common.CurrentVersion.targets(2451,5): warning MSB3277:             C:\Users\ultra\.nuget\packages\ttcue.netcore.sharepointonline.csom.16.1.8029.1200\16.1.8029.1200\lib\netcoreapp2.0\Microsoft.SharePoint.Client.Runtime.Windows.dll [C:\Users\ultra\warewolf\Dev\Dev2.Server\Dev2.Server.csproj]
C:\Program Files\dotnet\sdk\10.0.201\Microsoft.Common.CurrentVersion.targets(2451,5): warning MSB3277:             C:\Program Files\dotnet\packs\Microsoft.NETCore.App.Ref\8.0.25\ref/net8.0/WindowsBase.dll [C:\Users\ultra\warewolf\Dev\Dev2.Server\Dev2.Server.csproj]
C:\Program Files\dotnet\sdk\10.0.201\Microsoft.Common.CurrentVersion.targets(2451,5): warning MSB3277:             C:\Program Files\dotnet\packs\Microsoft.NETCore.App.Ref\8.0.25\ref/net8.0/mscorlib.dll [C:\Users\ultra\warewolf\Dev\Dev2.Server\Dev2.Server.csproj]
C:\Program Files\dotnet\sdk\10.0.201\Microsoft.Common.CurrentVersion.targets(2451,5): warning MSB3277:             Warewolf.Usage, Version=1.0.0.0, Culture=neutral, PublicKeyToken=null [C:\Users\ultra\warewolf\Dev\Dev2.Server\Dev2.Server.csproj]
C:\Program Files\dotnet\sdk\10.0.201\Microsoft.Common.CurrentVersion.targets(2451,5): warning MSB3277:             C:\Users\ultra\.nuget\packages\hangfire.core\1.7.32\lib\netstandard2.0\Hangfire.Core.dll [C:\Users\ultra\warewolf\Dev\Dev2.Server\Dev2.Server.csproj]
C:\Program Files\dotnet\sdk\10.0.201\Microsoft.Common.CurrentVersion.targets(2451,5): warning MSB3277:             C:\Users\ultra\.nuget\packages\hangfire.aspnetcore\1.7.32\lib\netcoreapp3.0\Hangfire.AspNetCore.dll [C:\Users\ultra\warewolf\Dev\Dev2.Server\Dev2.Server.csproj]
C:\Program Files\dotnet\sdk\10.0.201\Microsoft.Common.CurrentVersion.targets(2451,5): warning MSB3277:             C:\Users\ultra\.nuget\packages\hangfire.sqlserver\1.7.32\lib\netstandard2.0\Hangfire.SqlServer.dll [C:\Users\ultra\warewolf\Dev\Dev2.Server\Dev2.Server.csproj]
C:\Program Files\dotnet\sdk\10.0.201\Microsoft.Common.CurrentVersion.targets(2451,5): warning MSB3277:         C:\Program Files\dotnet\packs\Microsoft.NETCore.App.Ref\8.0.25\ref\net8.0\System.Drawing.dll [C:\Users\ultra\warewolf\Dev\Dev2.Server\Dev2.Server.csproj]
C:\Program Files\dotnet\sdk\10.0.201\Microsoft.Common.CurrentVersion.targets(2451,5): warning MSB3277:           Project file item includes which caused reference "C:\Program Files\dotnet\packs\Microsoft.NETCore.App.Ref\8.0.25\ref\net8.0\System.Drawing.dll". [C:\Users\ultra\warewolf\Dev\Dev2.Server\Dev2.Server.csproj]
C:\Program Files\dotnet\sdk\10.0.201\Microsoft.Common.CurrentVersion.targets(2451,5): warning MSB3277:             C:\Program Files\dotnet\packs\Microsoft.NETCore.App.Ref\8.0.25\ref/net8.0/System.Drawing.dll [C:\Users\ultra\warewolf\Dev\Dev2.Server\Dev2.Server.csproj]
C:\Program Files\dotnet\sdk\10.0.201\Microsoft.Common.CurrentVersion.targets(2451,5): warning MSB3277:             C:\Users\ultra\.nuget\packages\aerowizard\2.3.1\lib\net45\AeroWizard.dll [C:\Users\ultra\warewolf\Dev\Dev2.Server\Dev2.Server.csproj]
C:\Program Files\dotnet\sdk\10.0.201\Microsoft.Common.CurrentVersion.targets(2451,5): warning MSB3277:             C:\Users\ultra\.nuget\packages\groupcontrols\1.9.0\lib\net45\GroupControls.dll [C:\Users\ultra\warewolf\Dev\Dev2.Server\Dev2.Server.csproj]
C:\Program Files\dotnet\sdk\10.0.201\Microsoft.Common.CurrentVersion.targets(2451,5): warning MSB3277:             C:\Users\ultra\.nuget\packages\taskschedulereditor\2.10.1\lib\net452\Microsoft.Win32.TaskSchedulerEditor.dll [C:\Users\ultra\warewolf\Dev\Dev2.Server\Dev2.Server.csproj]
C:\Users\ultra\warewolf\Dev\Warewolf.UnitTestAttributes\Depends.cs(587,5): warning SYSLIB0014: 'WebClient.WebClient()' is obsolete: 'WebRequest, HttpWebRequest, ServicePoint, and WebClient are obsolete. Use HttpClient instead.' (https://aka.ms/dotnet-warnings/SYSLIB0014) [C:\Users\ultra\warewolf\Dev\Dev2.Infrastructure.Tests\Dev2.Infrastructure.Tests.csproj]
C:\Users\ultra\warewolf\Dev\Warewolf.UnitTestAttributes\Depends.cs(309,33): warning SYSLIB0014: 'WebClient.WebClient()' is obsolete: 'WebRequest, HttpWebRequest, ServicePoint, and WebClient are obsolete. Use HttpClient instead.' (https://aka.ms/dotnet-warnings/SYSLIB0014) [C:\Users\ultra\warewolf\Dev\Dev2.Infrastructure.Tests\Dev2.Infrastructure.Tests.csproj]
C:\Users\ultra\warewolf\Dev\Warewolf.UnitTestAttributes\Depends.cs(523,30): warning SYSLIB0014: 'WebClient.WebClient()' is obsolete: 'WebRequest, HttpWebRequest, ServicePoint, and WebClient are obsolete. Use HttpClient instead.' (https://aka.ms/dotnet-warnings/SYSLIB0014) [C:\Users\ultra\warewolf\Dev\Dev2.Infrastructure.Tests\Dev2.Infrastructure.Tests.csproj]
C:\Users\ultra\warewolf\Dev\Dev2.Infrastructure.Tests\MoqInstallerActions\IntallerActionsForDevelopmentTest.cs(57,31): warning CA1416: This call site is reachable on all platforms. 'WindowsIdentity.GetCurrent(bool)' is only supported on: 'windows'. (https://learn.microsoft.com/dotnet/fundamentals/code-analysis/quality-rules/ca1416) [C:\Users\ultra\warewolf\Dev\Dev2.Infrastructure.Tests\Dev2.Infrastructure.Tests.csproj]
C:\Users\ultra\warewolf\Dev\Dev2.Infrastructure.Tests\MoqInstallerActions\IntallerActionsForDevelopmentTest.cs(40,57): warning CA1416: This call site is reachable on all platforms. 'WindowsIdentity.Name' is only supported on: 'windows'. (https://learn.microsoft.com/dotnet/fundamentals/code-analysis/quality-rules/ca1416) [C:\Users\ultra\warewolf\Dev\Dev2.Infrastructure.Tests\Dev2.Infrastructure.Tests.csproj]
C:\Users\ultra\warewolf\Dev\Dev2.Infrastructure.Tests\MoqInstallerActions\IntallerActionsForDevelopmentTest.cs(67,57): warning CA1416: This call site is reachable on all platforms. 'WindowsIdentity.Name' is only supported on: 'windows'. (https://learn.microsoft.com/dotnet/fundamentals/code-analysis/quality-rules/ca1416) [C:\Users\ultra\warewolf\Dev\Dev2.Infrastructure.Tests\Dev2.Infrastructure.Tests.csproj]
C:\Users\ultra\warewolf\Dev\Dev2.Infrastructure.Tests\MoqInstallerActions\IntallerActionsForDevelopmentTest.cs(30,31): warning CA1416: This call site is reachable on all platforms. 'WindowsIdentity.GetCurrent(bool)' is only supported on: 'windows'. (https://learn.microsoft.com/dotnet/fundamentals/code-analysis/quality-rules/ca1416) [C:\Users\ultra\warewolf\Dev\Dev2.Infrastructure.Tests\Dev2.Infrastructure.Tests.csproj]
C:\Users\ultra\warewolf\Dev\Warewolf.UnitTestAttributes\Depends.cs(587,5): warning SYSLIB0014: 'WebClient.WebClient()' is obsolete: 'WebRequest, HttpWebRequest, ServicePoint, and WebClient are obsolete. Use HttpClient instead.' (https://aka.ms/dotnet-warnings/SYSLIB0014) [C:\Users\ultra\warewolf\Dev\Dev2.Infrastructure.Tests\Dev2.Infrastructure.Tests.csproj]
C:\Users\ultra\warewolf\Dev\Warewolf.UnitTestAttributes\Depends.cs(309,33): warning SYSLIB0014: 'WebClient.WebClient()' is obsolete: 'WebRequest, HttpWebRequest, ServicePoint, and WebClient are obsolete. Use HttpClient instead.' (https://aka.ms/dotnet-warnings/SYSLIB0014) [C:\Users\ultra\warewolf\Dev\Dev2.Infrastructure.Tests\Dev2.Infrastructure.Tests.csproj]
C:\Users\ultra\warewolf\Dev\Warewolf.UnitTestAttributes\Depends.cs(523,30): warning SYSLIB0014: 'WebClient.WebClient()' is obsolete: 'WebRequest, HttpWebRequest, ServicePoint, and WebClient are obsolete. Use HttpClient instead.' (https://aka.ms/dotnet-warnings/SYSLIB0014) [C:\Users\ultra\warewolf\Dev\Dev2.Infrastructure.Tests\Dev2.Infrastructure.Tests.csproj]
C:\Users\ultra\warewolf\Dev\Dev2.Infrastructure.Tests\MoqInstallerActions\IntallerActionsForDevelopmentTest.cs(67,57): warning CA1416: This call site is reachable on all platforms. 'WindowsIdentity.Name' is only supported on: 'windows'. (https://learn.microsoft.com/dotnet/fundamentals/code-analysis/quality-rules/ca1416) [C:\Users\ultra\warewolf\Dev\Dev2.Infrastructure.Tests\Dev2.Infrastructure.Tests.csproj]
C:\Users\ultra\warewolf\Dev\Dev2.Infrastructure.Tests\MoqInstallerActions\IntallerActionsForDevelopmentTest.cs(40,57): warning CA1416: This call site is reachable on all platforms. 'WindowsIdentity.Name' is only supported on: 'windows'. (https://learn.microsoft.com/dotnet/fundamentals/code-analysis/quality-rules/ca1416) [C:\Users\ultra\warewolf\Dev\Dev2.Infrastructure.Tests\Dev2.Infrastructure.Tests.csproj]
C:\Users\ultra\warewolf\Dev\Dev2.Infrastructure.Tests\MoqInstallerActions\IntallerActionsForDevelopmentTest.cs(30,31): warning CA1416: This call site is reachable on all platforms. 'WindowsIdentity.GetCurrent(bool)' is only supported on: 'windows'. (https://learn.microsoft.com/dotnet/fundamentals/code-analysis/quality-rules/ca1416) [C:\Users\ultra\warewolf\Dev\Dev2.Infrastructure.Tests\Dev2.Infrastructure.Tests.csproj]
C:\Users\ultra\warewolf\Dev\Dev2.Infrastructure.Tests\MoqInstallerActions\IntallerActionsForDevelopmentTest.cs(57,31): warning CA1416: This call site is reachable on all platforms. 'WindowsIdentity.GetCurrent(bool)' is only supported on: 'windows'. (https://learn.microsoft.com/dotnet/fundamentals/code-analysis/quality-rules/ca1416) [C:\Users\ultra\warewolf\Dev\Dev2.Infrastructure.Tests\Dev2.Infrastructure.Tests.csproj]
  Dev2.Infrastructure.Tests -> C:\Users\ultra\warewolf\Dev\Dev2.Infrastructure.Tests\bin\Debug\net8.0\linux-x64\Dev2.Infrastructure.Tests.dll
  Dev2.Infrastructure.Tests -> C:\Users\ultra\warewolf\Dev\Dev2.Infrastructure.Tests\bin\Debug\net8.0\Dev2.Infrastructure.Tests.dll
C:\Program Files\dotnet\sdk\10.0.201\Microsoft.Common.CurrentVersion.targets(2451,5): warning MSB3277: Found conflicts between different versions of "WindowsBase" that could not be resolved. [C:\Users\ultra\warewolf\Dev\Dev2.Common.Tests\Dev2.Common.Tests.csproj]
C:\Program Files\dotnet\sdk\10.0.201\Microsoft.Common.CurrentVersion.targets(2451,5): warning MSB3277: There was a conflict between "WindowsBase, Version=4.0.0.0, Culture=neutral, PublicKeyToken=31bf3856ad364e35" and "WindowsBase, Version=6.0.2.0, Culture=neutral, PublicKeyToken=31bf3856ad364e35". [C:\Users\ultra\warewolf\Dev\Dev2.Common.Tests\Dev2.Common.Tests.csproj]
C:\Program Files\dotnet\sdk\10.0.201\Microsoft.Common.CurrentVersion.targets(2451,5): warning MSB3277:     "WindowsBase, Version=4.0.0.0, Culture=neutral, PublicKeyToken=31bf3856ad364e35" was chosen because it was primary and "WindowsBase, Version=6.0.2.0, Culture=neutral, PublicKeyToken=31bf3856ad364e35" was not. [C:\Users\ultra\warewolf\Dev\Dev2.Common.Tests\Dev2.Common.Tests.csproj]
C:\Program Files\dotnet\sdk\10.0.201\Microsoft.Common.CurrentVersion.targets(2451,5): warning MSB3277:     References which depend on "WindowsBase, Version=4.0.0.0, Culture=neutral, PublicKeyToken=31bf3856ad364e35" [C:\Program Files\dotnet\packs\Microsoft.NETCore.App.Ref\8.0.25\ref\net8.0\WindowsBase.dll]. [C:\Users\ultra\warewolf\Dev\Dev2.Common.Tests\Dev2.Common.Tests.csproj]
C:\Program Files\dotnet\sdk\10.0.201\Microsoft.Common.CurrentVersion.targets(2451,5): warning MSB3277:         C:\Program Files\dotnet\packs\Microsoft.NETCore.App.Ref\8.0.25\ref\net8.0\WindowsBase.dll [C:\Users\ultra\warewolf\Dev\Dev2.Common.Tests\Dev2.Common.Tests.csproj]
C:\Program Files\dotnet\sdk\10.0.201\Microsoft.Common.CurrentVersion.targets(2451,5): warning MSB3277:           Project file item includes which caused reference "C:\Program Files\dotnet\packs\Microsoft.NETCore.App.Ref\8.0.25\ref\net8.0\WindowsBase.dll". [C:\Users\ultra\warewolf\Dev\Dev2.Common.Tests\Dev2.Common.Tests.csproj]
C:\Program Files\dotnet\sdk\10.0.201\Microsoft.Common.CurrentVersion.targets(2451,5): warning MSB3277:             C:\Program Files\dotnet\packs\Microsoft.NETCore.App.Ref\8.0.25\ref/net8.0/WindowsBase.dll [C:\Users\ultra\warewolf\Dev\Dev2.Common.Tests\Dev2.Common.Tests.csproj]
C:\Program Files\dotnet\sdk\10.0.201\Microsoft.Common.CurrentVersion.targets(2451,5): warning MSB3277:     References which depend on or have been unified to "WindowsBase, Version=6.0.2.0, Culture=neutral, PublicKeyToken=31bf3856ad364e35" []. [C:\Users\ultra\warewolf\Dev\Dev2.Common.Tests\Dev2.Common.Tests.csproj]
C:\Program Files\dotnet\sdk\10.0.201\Microsoft.Common.CurrentVersion.targets(2451,5): warning MSB3277:         C:\Users\ultra\.nuget\packages\caliburn.micro\4.0.212\lib\netcoreapp3.1\Caliburn.Micro.Platform.dll [C:\Users\ultra\warewolf\Dev\Dev2.Common.Tests\Dev2.Common.Tests.csproj]
C:\Program Files\dotnet\sdk\10.0.201\Microsoft.Common.CurrentVersion.targets(2451,5): warning MSB3277:           Project file item includes which caused reference "C:\Users\ultra\.nuget\packages\caliburn.micro\4.0.212\lib\netcoreapp3.1\Caliburn.Micro.Platform.dll". [C:\Users\ultra\warewolf\Dev\Dev2.Common.Tests\Dev2.Common.Tests.csproj]
C:\Program Files\dotnet\sdk\10.0.201\Microsoft.Common.CurrentVersion.targets(2451,5): warning MSB3277:             C:\Users\ultra\.nuget\packages\caliburn.micro\4.0.212\lib\netcoreapp3.1\Caliburn.Micro.Platform.dll [C:\Users\ultra\warewolf\Dev\Dev2.Common.Tests\Dev2.Common.Tests.csproj]
C:\Program Files\dotnet\sdk\10.0.201\Microsoft.Common.CurrentVersion.targets(2451,5): warning MSB3277:         C:\Users\ultra\.nuget\packages\ironpython\3.4.0\lib\net6.0\IronPython.Wpf.dll [C:\Users\ultra\warewolf\Dev\Dev2.Common.Tests\Dev2.Common.Tests.csproj]
C:\Program Files\dotnet\sdk\10.0.201\Microsoft.Common.CurrentVersion.targets(2451,5): warning MSB3277:           Project file item includes which caused reference "C:\Users\ultra\.nuget\packages\ironpython\3.4.0\lib\net6.0\IronPython.Wpf.dll". [C:\Users\ultra\warewolf\Dev\Dev2.Common.Tests\Dev2.Common.Tests.csproj]
C:\Program Files\dotnet\sdk\10.0.201\Microsoft.Common.CurrentVersion.targets(2451,5): warning MSB3277:             C:\Users\ultra\.nuget\packages\ironpython\3.4.0\lib\net6.0\IronPython.Wpf.dll [C:\Users\ultra\warewolf\Dev\Dev2.Common.Tests\Dev2.Common.Tests.csproj]
C:\Program Files\dotnet\sdk\10.0.201\Microsoft.Common.CurrentVersion.targets(2451,5): warning MSB3277:         C:\Users\ultra\.nuget\packages\microsoft.xaml.behaviors.wpf\1.1.122\lib\net462\Microsoft.Xaml.Behaviors.dll [C:\Users\ultra\warewolf\Dev\Dev2.Common.Tests\Dev2.Common.Tests.csproj]
C:\Program Files\dotnet\sdk\10.0.201\Microsoft.Common.CurrentVersion.targets(2451,5): warning MSB3277:           Project file item includes which caused reference "C:\Users\ultra\.nuget\packages\microsoft.xaml.behaviors.wpf\1.1.122\lib\net462\Microsoft.Xaml.Behaviors.dll". [C:\Users\ultra\warewolf\Dev\Dev2.Common.Tests\Dev2.Common.Tests.csproj]
C:\Program Files\dotnet\sdk\10.0.201\Microsoft.Common.CurrentVersion.targets(2451,5): warning MSB3277:             C:\Users\ultra\.nuget\packages\microsoft.xaml.behaviors.wpf\1.1.122\lib\net462\Microsoft.Xaml.Behaviors.dll [C:\Users\ultra\warewolf\Dev\Dev2.Common.Tests\Dev2.Common.Tests.csproj]
C:\Program Files\dotnet\sdk\10.0.201\Microsoft.Common.CurrentVersion.targets(2451,5): warning MSB3277:             C:\Users\ultra\.nuget\packages\caliburn.micro\4.0.212\lib\netcoreapp3.1\Caliburn.Micro.Platform.dll [C:\Users\ultra\warewolf\Dev\Dev2.Common.Tests\Dev2.Common.Tests.csproj]
C:\Program Files\dotnet\sdk\10.0.201\Microsoft.Common.CurrentVersion.targets(2451,5): warning MSB3277:             C:\Users\ultra\.nuget\packages\prism.wpf\9.0.537\lib\net462\Prism.Wpf.dll [C:\Users\ultra\warewolf\Dev\Dev2.Common.Tests\Dev2.Common.Tests.csproj]
C:\Program Files\dotnet\sdk\10.0.201\Microsoft.Common.CurrentVersion.targets(2451,5): warning MSB3277:         C:\Users\ultra\.nuget\packages\prism.wpf\9.0.537\lib\net462\Prism.Wpf.dll [C:\Users\ultra\warewolf\Dev\Dev2.Common.Tests\Dev2.Common.Tests.csproj]
C:\Program Files\dotnet\sdk\10.0.201\Microsoft.Common.CurrentVersion.targets(2451,5): warning MSB3277:           Project file item includes which caused reference "C:\Users\ultra\.nuget\packages\prism.wpf\9.0.537\lib\net462\Prism.Wpf.dll". [C:\Users\ultra\warewolf\Dev\Dev2.Common.Tests\Dev2.Common.Tests.csproj]
C:\Program Files\dotnet\sdk\10.0.201\Microsoft.Common.CurrentVersion.targets(2451,5): warning MSB3277:             C:\Users\ultra\.nuget\packages\prism.wpf\9.0.537\lib\net462\Prism.Wpf.dll [C:\Users\ultra\warewolf\Dev\Dev2.Common.Tests\Dev2.Common.Tests.csproj]
C:\Program Files\dotnet\sdk\10.0.201\Microsoft.Common.CurrentVersion.targets(2451,5): warning MSB3277:         C:\Users\ultra\.nuget\packages\reactiveui.wpf\18.4.1\lib\net462\ReactiveUI.Wpf.dll [C:\Users\ultra\warewolf\Dev\Dev2.Common.Tests\Dev2.Common.Tests.csproj]
C:\Program Files\dotnet\sdk\10.0.201\Microsoft.Common.CurrentVersion.targets(2451,5): warning MSB3277:           Project file item includes which caused reference "C:\Users\ultra\.nuget\packages\reactiveui.wpf\18.4.1\lib\net462\ReactiveUI.Wpf.dll". [C:\Users\ultra\warewolf\Dev\Dev2.Common.Tests\Dev2.Common.Tests.csproj]
C:\Program Files\dotnet\sdk\10.0.201\Microsoft.Common.CurrentVersion.targets(2451,5): warning MSB3277:             C:\Users\ultra\.nuget\packages\reactiveui.wpf\18.4.1\lib\net462\ReactiveUI.Wpf.dll [C:\Users\ultra\warewolf\Dev\Dev2.Common.Tests\Dev2.Common.Tests.csproj]
C:\Program Files\dotnet\sdk\10.0.201\Microsoft.Common.CurrentVersion.targets(2451,5): warning MSB3277: Found conflicts between different versions of "System.Drawing.Common" that could not be resolved. [C:\Users\ultra\warewolf\Dev\Dev2.Common.Tests\Dev2.Common.Tests.csproj]
C:\Program Files\dotnet\sdk\10.0.201\Microsoft.Common.CurrentVersion.targets(2451,5): warning MSB3277: There was a conflict between "System.Drawing.Common, Version=6.0.0.0, Culture=neutral, PublicKeyToken=cc7b13ffcd2ddd51" and "System.Drawing.Common, Version=8.0.0.0, Culture=neutral, PublicKeyToken=cc7b13ffcd2ddd51". [C:\Users\ultra\warewolf\Dev\Dev2.Common.Tests\Dev2.Common.Tests.csproj]
C:\Program Files\dotnet\sdk\10.0.201\Microsoft.Common.CurrentVersion.targets(2451,5): warning MSB3277:     "System.Drawing.Common, Version=6.0.0.0, Culture=neutral, PublicKeyToken=cc7b13ffcd2ddd51" was chosen because it was primary and "System.Drawing.Common, Version=8.0.0.0, Culture=neutral, PublicKeyToken=cc7b13ffcd2ddd51" was not. [C:\Users\ultra\warewolf\Dev\Dev2.Common.Tests\Dev2.Common.Tests.csproj]
C:\Program Files\dotnet\sdk\10.0.201\Microsoft.Common.CurrentVersion.targets(2451,5): warning MSB3277:     References which depend on "System.Drawing.Common, Version=6.0.0.0, Culture=neutral, PublicKeyToken=cc7b13ffcd2ddd51" [C:\Users\ultra\.nuget\packages\system.drawing.common\6.0.0\lib\net6.0\System.Drawing.Common.dll]. [C:\Users\ultra\warewolf\Dev\Dev2.Common.Tests\Dev2.Common.Tests.csproj]
C:\Program Files\dotnet\sdk\10.0.201\Microsoft.Common.CurrentVersion.targets(2451,5): warning MSB3277:         C:\Users\ultra\.nuget\packages\system.drawing.common\6.0.0\lib\net6.0\System.Drawing.Common.dll [C:\Users\ultra\warewolf\Dev\Dev2.Common.Tests\Dev2.Common.Tests.csproj]
C:\Program Files\dotnet\sdk\10.0.201\Microsoft.Common.CurrentVersion.targets(2451,5): warning MSB3277:           Project file item includes which caused reference "C:\Users\ultra\.nuget\packages\system.drawing.common\6.0.0\lib\net6.0\System.Drawing.Common.dll". [C:\Users\ultra\warewolf\Dev\Dev2.Common.Tests\Dev2.Common.Tests.csproj]
C:\Program Files\dotnet\sdk\10.0.201\Microsoft.Common.CurrentVersion.targets(2451,5): warning MSB3277:             C:\Users\ultra\.nuget\packages\system.drawing.common\6.0.0\lib\net6.0\System.Drawing.Common.dll [C:\Users\ultra\warewolf\Dev\Dev2.Common.Tests\Dev2.Common.Tests.csproj]
C:\Program Files\dotnet\sdk\10.0.201\Microsoft.Common.CurrentVersion.targets(2451,5): warning MSB3277:     References which depend on or have been unified to "System.Drawing.Common, Version=8.0.0.0, Culture=neutral, PublicKeyToken=cc7b13ffcd2ddd51" []. [C:\Users\ultra\warewolf\Dev\Dev2.Common.Tests\Dev2.Common.Tests.csproj]
C:\Program Files\dotnet\sdk\10.0.201\Microsoft.Common.CurrentVersion.targets(2451,5): warning MSB3277:         C:\Users\ultra\.nuget\packages\servicestack\6.3.0\lib\net6.0\ServiceStack.dll [C:\Users\ultra\warewolf\Dev\Dev2.Common.Tests\Dev2.Common.Tests.csproj]
C:\Program Files\dotnet\sdk\10.0.201\Microsoft.Common.CurrentVersion.targets(2451,5): warning MSB3277:           Project file item includes which caused reference "C:\Users\ultra\.nuget\packages\servicestack\6.3.0\lib\net6.0\ServiceStack.dll". [C:\Users\ultra\warewolf\Dev\Dev2.Common.Tests\Dev2.Common.Tests.csproj]
C:\Program Files\dotnet\sdk\10.0.201\Microsoft.Common.CurrentVersion.targets(2451,5): warning MSB3277:             C:\Users\ultra\.nuget\packages\servicestack\6.3.0\lib\net6.0\ServiceStack.dll [C:\Users\ultra\warewolf\Dev\Dev2.Common.Tests\Dev2.Common.Tests.csproj]
C:\Program Files\dotnet\sdk\10.0.201\Microsoft.Common.CurrentVersion.targets(2451,5): warning MSB3277:         C:\Users\ultra\.nuget\packages\system.windows.extensions\8.0.0\lib\net8.0\System.Windows.Extensions.dll [C:\Users\ultra\warewolf\Dev\Dev2.Common.Tests\Dev2.Common.Tests.csproj]
C:\Program Files\dotnet\sdk\10.0.201\Microsoft.Common.CurrentVersion.targets(2451,5): warning MSB3277:           Project file item includes which caused reference "C:\Users\ultra\.nuget\packages\system.windows.extensions\8.0.0\lib\net8.0\System.Windows.Extensions.dll". [C:\Users\ultra\warewolf\Dev\Dev2.Common.Tests\Dev2.Common.Tests.csproj]
C:\Program Files\dotnet\sdk\10.0.201\Microsoft.Common.CurrentVersion.targets(2451,5): warning MSB3277:             C:\Users\ultra\.nuget\packages\system.windows.extensions\8.0.0\lib\net8.0\System.Windows.Extensions.dll [C:\Users\ultra\warewolf\Dev\Dev2.Common.Tests\Dev2.Common.Tests.csproj]
C:\Program Files\dotnet\sdk\10.0.201\Microsoft.Common.CurrentVersion.targets(2451,5): warning MSB3277:             C:\Users\ultra\.nuget\packages\system.security.permissions\8.0.0\lib\net8.0\System.Security.Permissions.dll [C:\Users\ultra\warewolf\Dev\Dev2.Common.Tests\Dev2.Common.Tests.csproj]
C:\Program Files\dotnet\sdk\10.0.201\Microsoft.Common.CurrentVersion.targets(2451,5): warning MSB3277:             C:\Users\ultra\warewolf\Dev\Dev2.Data\bin\Debug\net8.0\Dev2.Data.dll [C:\Users\ultra\warewolf\Dev\Dev2.Common.Tests\Dev2.Common.Tests.csproj]
C:\Program Files\dotnet\sdk\10.0.201\Microsoft.Common.CurrentVersion.targets(2451,5): warning MSB3277:             C:\Users\ultra\warewolf\Dev\Dev2.Activities\bin\Debug\net8.0\Dev2.Activities.dll [C:\Users\ultra\warewolf\Dev\Dev2.Common.Tests\Dev2.Common.Tests.csproj]
C:\Program Files\dotnet\sdk\10.0.201\Microsoft.Common.CurrentVersion.targets(2451,5): warning MSB3277:             C:\Users\ultra\warewolf\Dev\Dev2.Infrastructure.Tests\bin\Debug\net8.0\Dev2.Infrastructure.Tests.dll [C:\Users\ultra\warewolf\Dev\Dev2.Common.Tests\Dev2.Common.Tests.csproj]
C:\Program Files\dotnet\sdk\10.0.201\Microsoft.Common.CurrentVersion.targets(2451,5): warning MSB3277:             C:\Users\ultra\warewolf\Dev\Dev2.Runtime.Services\bin\Debug\net8.0\Dev2.Runtime.Services.dll [C:\Users\ultra\warewolf\Dev\Dev2.Common.Tests\Dev2.Common.Tests.csproj]
C:\Program Files\dotnet\sdk\10.0.201\Microsoft.Common.CurrentVersion.targets(2451,5): warning MSB3277:             C:\Users\ultra\warewolf\Dev\Dev2.Studio.Core\bin\Debug\net8.0\Dev2.Studio.Core.dll [C:\Users\ultra\warewolf\Dev\Dev2.Common.Tests\Dev2.Common.Tests.csproj]
C:\Program Files\dotnet\sdk\10.0.201\Microsoft.Common.CurrentVersion.targets(2451,5): warning MSB3277:             C:\Users\ultra\warewolf\Dev\Dev2.Core\bin\Debug\net8.0\Dev2.Core.dll [C:\Users\ultra\warewolf\Dev\Dev2.Common.Tests\Dev2.Common.Tests.csproj]
C:\Program Files\dotnet\sdk\10.0.201\Microsoft.Common.CurrentVersion.targets(2451,5): warning MSB3277:             C:\Users\ultra\warewolf\Dev\Dev2.Runtime\bin\Debug\net8.0\Dev2.Runtime.dll [C:\Users\ultra\warewolf\Dev\Dev2.Common.Tests\Dev2.Common.Tests.csproj]
C:\Program Files\dotnet\sdk\10.0.201\Microsoft.Common.CurrentVersion.targets(2451,5): warning MSB3277:             C:\Users\ultra\warewolf\Dev\Dev2.Runtime.WebServer\bin\Debug\net8.0\Dev2.Runtime.WebServer.dll [C:\Users\ultra\warewolf\Dev\Dev2.Common.Tests\Dev2.Common.Tests.csproj]
C:\Program Files\dotnet\sdk\10.0.201\Microsoft.Common.CurrentVersion.targets(2451,5): warning MSB3277:             C:\Users\ultra\warewolf\Dev\Dev2.Scheduler\bin\Debug\net8.0\Dev2.Scheduler.dll [C:\Users\ultra\warewolf\Dev\Dev2.Common.Tests\Dev2.Common.Tests.csproj]
C:\Program Files\dotnet\sdk\10.0.201\Microsoft.Common.CurrentVersion.targets(2451,5): warning MSB3277:             C:\Users\ultra\warewolf\Dev\Dev2.Services.Execution\bin\Debug\net8.0\Dev2.Services.Execution.dll [C:\Users\ultra\warewolf\Dev\Dev2.Common.Tests\Dev2.Common.Tests.csproj]
C:\Program Files\dotnet\sdk\10.0.201\Microsoft.Common.CurrentVersion.targets(2451,5): warning MSB3277:             C:\Users\ultra\warewolf\Dev\Dev2.Studio.Interfaces\bin\Debug\net8.0\Dev2.Studio.Interfaces.dll [C:\Users\ultra\warewolf\Dev\Dev2.Common.Tests\Dev2.Common.Tests.csproj]
C:\Program Files\dotnet\sdk\10.0.201\Microsoft.Common.CurrentVersion.targets(2451,5): warning MSB3277:             C:\Users\ultra\warewolf\Dev\Warewolf.Auditing\bin\Debug\net8.0\Warewolf.Auditing.dll [C:\Users\ultra\warewolf\Dev\Dev2.Common.Tests\Dev2.Common.Tests.csproj]
C:\Program Files\dotnet\sdk\10.0.201\Microsoft.Common.CurrentVersion.targets(2451,5): warning MSB3277:             C:\Users\ultra\warewolf\Dev\Warewolf.Common.Framework48\bin\Debug\net8.0\Warewolf.Common.Framework48.dll [C:\Users\ultra\warewolf\Dev\Dev2.Common.Tests\Dev2.Common.Tests.csproj]
C:\Program Files\dotnet\sdk\10.0.201\Microsoft.Common.CurrentVersion.targets(2451,5): warning MSB3277:             C:\Users\ultra\warewolf\Dev\Warewolf.Common.NetStandard20\bin\Debug\net8.0\Warewolf.Common.NetStandard20.dll [C:\Users\ultra\warewolf\Dev\Dev2.Common.Tests\Dev2.Common.Tests.csproj]
C:\Program Files\dotnet\sdk\10.0.201\Microsoft.Common.CurrentVersion.targets(2451,5): warning MSB3277:             C:\Users\ultra\warewolf\Dev\Warewolf.Core\bin\Debug\net8.0\Warewolf.Core.dll [C:\Users\ultra\warewolf\Dev\Dev2.Common.Tests\Dev2.Common.Tests.csproj]
C:\Program Files\dotnet\sdk\10.0.201\Microsoft.Common.CurrentVersion.targets(2451,5): warning MSB3277:             C:\Users\ultra\warewolf\Dev\Warewolf.Driver.Persistence\bin\Debug\net8.0\Warewolf.Driver.Persistence.dll [C:\Users\ultra\warewolf\Dev\Dev2.Common.Tests\Dev2.Common.Tests.csproj]
C:\Program Files\dotnet\sdk\10.0.201\Microsoft.Common.CurrentVersion.targets(2451,5): warning MSB3277:             C:\Users\ultra\warewolf\Dev\Warewolf.Exchange.Email.Wrapper\bin\Debug\net8.0\Warewolf.Exchange.Email.Wrapper.dll [C:\Users\ultra\warewolf\Dev\Dev2.Common.Tests\Dev2.Common.Tests.csproj]
C:\Program Files\dotnet\sdk\10.0.201\Microsoft.Common.CurrentVersion.targets(2451,5): warning MSB3277:             C:\Users\ultra\warewolf\Dev\Warewolf.ResourceManagement\bin\Debug\net8.0\Warewolf.ResourceManagement.dll [C:\Users\ultra\warewolf\Dev\Dev2.Common.Tests\Dev2.Common.Tests.csproj]
C:\Program Files\dotnet\sdk\10.0.201\Microsoft.Common.CurrentVersion.targets(2451,5): warning MSB3277:             C:\Users\ultra\warewolf\Dev\Warewolf.Studio.Core\bin\Debug\net8.0\Warewolf.Studio.Core.dll [C:\Users\ultra\warewolf\Dev\Dev2.Common.Tests\Dev2.Common.Tests.csproj]
C:\Program Files\dotnet\sdk\10.0.201\Microsoft.Common.CurrentVersion.targets(2451,5): warning MSB3277:             C:\Users\ultra\warewolf\Dev\Warewolf.Testing\bin\Debug\net8.0\Warewolf.Testing.dll [C:\Users\ultra\warewolf\Dev\Dev2.Common.Tests\Dev2.Common.Tests.csproj]
C:\Program Files\dotnet\sdk\10.0.201\Microsoft.Common.CurrentVersion.targets(2451,5): warning MSB3277:             C:\Users\ultra\.nuget\packages\dotnetzip\1.16.0\lib\netstandard2.0\DotNetZip.dll [C:\Users\ultra\warewolf\Dev\Dev2.Common.Tests\Dev2.Common.Tests.csproj]
C:\Program Files\dotnet\sdk\10.0.201\Microsoft.Common.CurrentVersion.targets(2451,5): warning MSB3277:             C:\Users\ultra\warewolf\Dev\Dev2.Common\bin\Debug\net8.0\Dev2.Common.dll [C:\Users\ultra\warewolf\Dev\Dev2.Common.Tests\Dev2.Common.Tests.csproj]
C:\Program Files\dotnet\sdk\10.0.201\Microsoft.Common.CurrentVersion.targets(2451,5): warning MSB3277:             C:\Users\ultra\warewolf\Dev\Dev2.Data.Interfaces\bin\Debug\net8.0\Dev2.Data.Interfaces.dll [C:\Users\ultra\warewolf\Dev\Dev2.Common.Tests\Dev2.Common.Tests.csproj]
C:\Program Files\dotnet\sdk\10.0.201\Microsoft.Common.CurrentVersion.targets(2451,5): warning MSB3277:             C:\Users\ultra\warewolf\Dev\Dev2.Diagnostics\bin\Debug\net8.0\Dev2.Diagnostics.dll [C:\Users\ultra\warewolf\Dev\Dev2.Common.Tests\Dev2.Common.Tests.csproj]
C:\Program Files\dotnet\sdk\10.0.201\Microsoft.Common.CurrentVersion.targets(2451,5): warning MSB3277:             C:\Users\ultra\warewolf\Dev\Dev2.Infrastructure\bin\Debug\net8.0\Dev2.Infrastructure.dll [C:\Users\ultra\warewolf\Dev\Dev2.Common.Tests\Dev2.Common.Tests.csproj]
C:\Program Files\dotnet\sdk\10.0.201\Microsoft.Common.CurrentVersion.targets(2451,5): warning MSB3277:             C:\Users\ultra\warewolf\Dev\Dev2.Development.Languages\bin\Debug\net8.0\Dev2.Development.Languages.dll [C:\Users\ultra\warewolf\Dev\Dev2.Common.Tests\Dev2.Common.Tests.csproj]
C:\Program Files\dotnet\sdk\10.0.201\Microsoft.Common.CurrentVersion.targets(2451,5): warning MSB3277:             C:\Users\ultra\warewolf\Dev\Dev2.Services.Sql\bin\Debug\net8.0\Dev2.Services.Sql.dll [C:\Users\ultra\warewolf\Dev\Dev2.Common.Tests\Dev2.Common.Tests.csproj]
C:\Program Files\dotnet\sdk\10.0.201\Microsoft.Common.CurrentVersion.targets(2451,5): warning MSB3277:             C:\Users\ultra\warewolf\Dev\Dev2.TaskScheduler.Wrappers\bin\Debug\net8.0\Dev2.TaskScheduler.Wrappers.dll [C:\Users\ultra\warewolf\Dev\Dev2.Common.Tests\Dev2.Common.Tests.csproj]
C:\Program Files\dotnet\sdk\10.0.201\Microsoft.Common.CurrentVersion.targets(2451,5): warning MSB3277:             C:\Users\ultra\warewolf\Dev\Dev2.Util\bin\Debug\net8.0\Dev2.Util.dll [C:\Users\ultra\warewolf\Dev\Dev2.Common.Tests\Dev2.Common.Tests.csproj]
C:\Program Files\dotnet\sdk\10.0.201\Microsoft.Common.CurrentVersion.targets(2451,5): warning MSB3277:             C:\Users\ultra\warewolf\Dev\Warewolf.AI.Harness\bin\Debug\net8.0\Warewolf.AI.Harness.dll [C:\Users\ultra\warewolf\Dev\Dev2.Common.Tests\Dev2.Common.Tests.csproj]
C:\Program Files\dotnet\sdk\10.0.201\Microsoft.Common.CurrentVersion.targets(2451,5): warning MSB3277:             C:\Users\ultra\warewolf\Dev\Warewolf.Driver.Serilog\bin\Debug\net8.0\Warewolf.Driver.Serilog.dll [C:\Users\ultra\warewolf\Dev\Dev2.Common.Tests\Dev2.Common.Tests.csproj]
C:\Program Files\dotnet\sdk\10.0.201\Microsoft.Common.CurrentVersion.targets(2451,5): warning MSB3277:             C:\Users\ultra\warewolf\Dev\Warewolf.Sharepoint\bin\Debug\net8.0\Warewolf.Sharepoint.dll [C:\Users\ultra\warewolf\Dev\Dev2.Common.Tests\Dev2.Common.Tests.csproj]
C:\Program Files\dotnet\sdk\10.0.201\Microsoft.Common.CurrentVersion.targets(2451,5): warning MSB3277:             C:\Users\ultra\warewolf\Dev\Warewolf.Storage\bin\Debug\net8.0\Warewolf.Storage.dll [C:\Users\ultra\warewolf\Dev\Dev2.Common.Tests\Dev2.Common.Tests.csproj]
C:\Program Files\dotnet\sdk\10.0.201\Microsoft.Common.CurrentVersion.targets(2451,5): warning MSB3277:             C:\Users\ultra\.nuget\packages\mindbox.data.linq\5.0.0\lib\netstandard2.0\Mindbox.Data.Linq.dll [C:\Users\ultra\warewolf\Dev\Dev2.Common.Tests\Dev2.Common.Tests.csproj]
C:\Program Files\dotnet\sdk\10.0.201\Microsoft.Common.CurrentVersion.targets(2451,5): warning MSB3277:             C:\Users\ultra\.nuget\packages\mysql.data\8.4.0\lib\net8.0\MySql.Data.dll [C:\Users\ultra\warewolf\Dev\Dev2.Common.Tests\Dev2.Common.Tests.csproj]
C:\Program Files\dotnet\sdk\10.0.201\Microsoft.Common.CurrentVersion.targets(2451,5): warning MSB3277:             C:\Users\ultra\.nuget\packages\oracle.manageddataaccess.core\3.21.70\lib\netstandard2.1\Oracle.ManagedDataAccess.dll [C:\Users\ultra\warewolf\Dev\Dev2.Common.Tests\Dev2.Common.Tests.csproj]
C:\Program Files\dotnet\sdk\10.0.201\Microsoft.Common.CurrentVersion.targets(2451,5): warning MSB3277:             C:\Users\ultra\.nuget\packages\system.directoryservices\6.0.0\lib\net6.0\System.DirectoryServices.dll [C:\Users\ultra\warewolf\Dev\Dev2.Common.Tests\Dev2.Common.Tests.csproj]
C:\Program Files\dotnet\sdk\10.0.201\Microsoft.Common.CurrentVersion.targets(2451,5): warning MSB3277:             C:\Users\ultra\.nuget\packages\corewcf.primitives\1.2.1\lib\netstandard2.0\CoreWCF.Primitives.dll [C:\Users\ultra\warewolf\Dev\Dev2.Common.Tests\Dev2.Common.Tests.csproj]
C:\Program Files\dotnet\sdk\10.0.201\Microsoft.Common.CurrentVersion.targets(2451,5): warning MSB3277:             C:\Users\ultra\.nuget\packages\corewcf.http\1.2.1\lib\netstandard2.0\CoreWCF.Http.dll [C:\Users\ultra\warewolf\Dev\Dev2.Common.Tests\Dev2.Common.Tests.csproj]
C:\Program Files\dotnet\sdk\10.0.201\Microsoft.Common.CurrentVersion.targets(2451,5): warning MSB3277:             C:\Users\ultra\.nuget\packages\corewcf.nettcp\1.2.1\lib\netstandard2.0\CoreWCF.NetTcp.dll [C:\Users\ultra\warewolf\Dev\Dev2.Common.Tests\Dev2.Common.Tests.csproj]
C:\Program Files\dotnet\sdk\10.0.201\Microsoft.Common.CurrentVersion.targets(2451,5): warning MSB3277:             C:\Users\ultra\.nuget\packages\corewcf.webhttp\1.2.1\lib\netstandard2.0\CoreWCF.WebHttp.dll [C:\Users\ultra\warewolf\Dev\Dev2.Common.Tests\Dev2.Common.Tests.csproj]
C:\Program Files\dotnet\sdk\10.0.201\Microsoft.Common.CurrentVersion.targets(2451,5): warning MSB3277:             C:\Program Files\dotnet\packs\Microsoft.NETCore.App.Ref\8.0.25\ref/net8.0/System.Configuration.dll [C:\Users\ultra\warewolf\Dev\Dev2.Common.Tests\Dev2.Common.Tests.csproj]
C:\Program Files\dotnet\sdk\10.0.201\Microsoft.Common.CurrentVersion.targets(2451,5): warning MSB3277:             C:\Users\ultra\.nuget\packages\prism.wpf\9.0.537\lib\net462\Prism.Wpf.dll [C:\Users\ultra\warewolf\Dev\Dev2.Common.Tests\Dev2.Common.Tests.csproj]
C:\Program Files\dotnet\sdk\10.0.201\Microsoft.Common.CurrentVersion.targets(2451,5): warning MSB3277:             C:\Program Files\dotnet\packs\Microsoft.NETCore.App.Ref\8.0.25\ref/net8.0/System.Data.dll [C:\Users\ultra\warewolf\Dev\Dev2.Common.Tests\Dev2.Common.Tests.csproj]
C:\Program Files\dotnet\sdk\10.0.201\Microsoft.Common.CurrentVersion.targets(2451,5): warning MSB3277:             C:\Users\ultra\.nuget\packages\taskschedulereditor\2.10.1\lib\net452\Microsoft.Win32.TaskSchedulerEditor.dll [C:\Users\ultra\warewolf\Dev\Dev2.Common.Tests\Dev2.Common.Tests.csproj]
C:\Program Files\dotnet\sdk\10.0.201\Microsoft.Common.CurrentVersion.targets(2451,5): warning MSB3277:             C:\Program Files\dotnet\packs\Microsoft.NETCore.App.Ref\8.0.25\ref/net8.0/System.Drawing.dll [C:\Users\ultra\warewolf\Dev\Dev2.Common.Tests\Dev2.Common.Tests.csproj]
C:\Program Files\dotnet\sdk\10.0.201\Microsoft.Common.CurrentVersion.targets(2451,5): warning MSB3277:             C:\Users\ultra\.nuget\packages\aerowizard\2.3.1\lib\net45\AeroWizard.dll [C:\Users\ultra\warewolf\Dev\Dev2.Common.Tests\Dev2.Common.Tests.csproj]
C:\Program Files\dotnet\sdk\10.0.201\Microsoft.Common.CurrentVersion.targets(2451,5): warning MSB3277:             C:\Users\ultra\.nuget\packages\groupcontrols\1.9.0\lib\net45\GroupControls.dll [C:\Users\ultra\warewolf\Dev\Dev2.Common.Tests\Dev2.Common.Tests.csproj]
C:\Program Files\dotnet\sdk\10.0.201\Microsoft.Common.CurrentVersion.targets(2451,5): warning MSB3277:             C:\Program Files\dotnet\packs\Microsoft.NETCore.App.Ref\8.0.25\ref/net8.0/System.Net.dll [C:\Users\ultra\warewolf\Dev\Dev2.Common.Tests\Dev2.Common.Tests.csproj]
C:\Program Files\dotnet\sdk\10.0.201\Microsoft.Common.CurrentVersion.targets(2451,5): warning MSB3277:             C:\Program Files\dotnet\packs\Microsoft.NETCore.App.Ref\8.0.25\ref/net8.0/System.Security.dll [C:\Users\ultra\warewolf\Dev\Dev2.Common.Tests\Dev2.Common.Tests.csproj]
C:\Program Files\dotnet\sdk\10.0.201\Microsoft.Common.CurrentVersion.targets(2451,5): warning MSB3277:             C:\Program Files\dotnet\packs\Microsoft.NETCore.App.Ref\8.0.25\ref/net8.0/System.ServiceProcess.dll [C:\Users\ultra\warewolf\Dev\Dev2.Common.Tests\Dev2.Common.Tests.csproj]
C:\Program Files\dotnet\sdk\10.0.201\Microsoft.Common.CurrentVersion.targets(2451,5): warning MSB3277:             C:\Program Files\dotnet\packs\Microsoft.NETCore.App.Ref\8.0.25\ref/net8.0/System.Transactions.dll [C:\Users\ultra\warewolf\Dev\Dev2.Common.Tests\Dev2.Common.Tests.csproj]
C:\Program Files\dotnet\sdk\10.0.201\Microsoft.Common.CurrentVersion.targets(2451,5): warning MSB3277:             C:\Program Files\dotnet\packs\Microsoft.NETCore.App.Ref\8.0.25\ref/net8.0/System.dll [C:\Users\ultra\warewolf\Dev\Dev2.Common.Tests\Dev2.Common.Tests.csproj]
C:\Program Files\dotnet\sdk\10.0.201\Microsoft.Common.CurrentVersion.targets(2451,5): warning MSB3277:             C:\Users\ultra\.nuget\packages\microsoft.xaml.behaviors.wpf\1.1.122\lib\net462\Microsoft.Xaml.Behaviors.dll [C:\Users\ultra\warewolf\Dev\Dev2.Common.Tests\Dev2.Common.Tests.csproj]
C:\Program Files\dotnet\sdk\10.0.201\Microsoft.Common.CurrentVersion.targets(2451,5): warning MSB3277:             C:\Users\ultra\.nuget\packages\caliburn.micro\4.0.212\lib\netcoreapp3.1\Caliburn.Micro.Platform.dll [C:\Users\ultra\warewolf\Dev\Dev2.Common.Tests\Dev2.Common.Tests.csproj]
C:\Program Files\dotnet\sdk\10.0.201\Microsoft.Common.CurrentVersion.targets(2451,5): warning MSB3277:             C:\Users\ultra\.nuget\packages\reactiveui.wpf\18.4.1\lib\net462\ReactiveUI.Wpf.dll [C:\Users\ultra\warewolf\Dev\Dev2.Common.Tests\Dev2.Common.Tests.csproj]
C:\Program Files\dotnet\sdk\10.0.201\Microsoft.Common.CurrentVersion.targets(2451,5): warning MSB3277:             C:\Users\ultra\.nuget\packages\ttcue.netcore.sharepointonline.csom.16.1.8029.1200\16.1.8029.1200\lib\netcoreapp2.0\Microsoft.SharePoint.Client.Runtime.Windows.dll [C:\Users\ultra\warewolf\Dev\Dev2.Common.Tests\Dev2.Common.Tests.csproj]
C:\Program Files\dotnet\sdk\10.0.201\Microsoft.Common.CurrentVersion.targets(2451,5): warning MSB3277:             C:\Program Files\dotnet\packs\Microsoft.NETCore.App.Ref\8.0.25\ref/net8.0/WindowsBase.dll [C:\Users\ultra\warewolf\Dev\Dev2.Common.Tests\Dev2.Common.Tests.csproj]
C:\Program Files\dotnet\sdk\10.0.201\Microsoft.Common.CurrentVersion.targets(2451,5): warning MSB3277:             C:\Program Files\dotnet\packs\Microsoft.NETCore.App.Ref\8.0.25\ref/net8.0/mscorlib.dll [C:\Users\ultra\warewolf\Dev\Dev2.Common.Tests\Dev2.Common.Tests.csproj]
C:\Program Files\dotnet\sdk\10.0.201\Microsoft.Common.CurrentVersion.targets(2451,5): warning MSB3277:             C:\Users\ultra\.nuget\packages\hangfire.core\1.7.32\lib\netstandard2.0\Hangfire.Core.dll [C:\Users\ultra\warewolf\Dev\Dev2.Common.Tests\Dev2.Common.Tests.csproj]
C:\Program Files\dotnet\sdk\10.0.201\Microsoft.Common.CurrentVersion.targets(2451,5): warning MSB3277:             C:\Users\ultra\.nuget\packages\hangfire.sqlserver\1.7.32\lib\netstandard2.0\Hangfire.SqlServer.dll [C:\Users\ultra\warewolf\Dev\Dev2.Common.Tests\Dev2.Common.Tests.csproj]
C:\Program Files\dotnet\sdk\10.0.201\Microsoft.Common.CurrentVersion.targets(2451,5): warning MSB3277:             C:\Users\ultra\.nuget\packages\microsoft.codecoverage\17.13.0\lib\netcoreapp3.1\Microsoft.VisualStudio.CodeCoverage.Shim.dll [C:\Users\ultra\warewolf\Dev\Dev2.Common.Tests\Dev2.Common.Tests.csproj]
C:\Program Files\dotnet\sdk\10.0.201\Microsoft.Common.CurrentVersion.targets(2451,5): warning MSB3277:         C:\Program Files\dotnet\packs\Microsoft.NETCore.App.Ref\8.0.25\ref\net8.0\System.Drawing.dll [C:\Users\ultra\warewolf\Dev\Dev2.Common.Tests\Dev2.Common.Tests.csproj]
C:\Program Files\dotnet\sdk\10.0.201\Microsoft.Common.CurrentVersion.targets(2451,5): warning MSB3277:           Project file item includes which caused reference "C:\Program Files\dotnet\packs\Microsoft.NETCore.App.Ref\8.0.25\ref\net8.0\System.Drawing.dll". [C:\Users\ultra\warewolf\Dev\Dev2.Common.Tests\Dev2.Common.Tests.csproj]
C:\Program Files\dotnet\sdk\10.0.201\Microsoft.Common.CurrentVersion.targets(2451,5): warning MSB3277:             C:\Program Files\dotnet\packs\Microsoft.NETCore.App.Ref\8.0.25\ref/net8.0/System.Drawing.dll [C:\Users\ultra\warewolf\Dev\Dev2.Common.Tests\Dev2.Common.Tests.csproj]
C:\Program Files\dotnet\sdk\10.0.201\Microsoft.Common.CurrentVersion.targets(2451,5): warning MSB3277:             C:\Users\ultra\.nuget\packages\aerowizard\2.3.1\lib\net45\AeroWizard.dll [C:\Users\ultra\warewolf\Dev\Dev2.Common.Tests\Dev2.Common.Tests.csproj]
C:\Program Files\dotnet\sdk\10.0.201\Microsoft.Common.CurrentVersion.targets(2451,5): warning MSB3277:             C:\Users\ultra\.nuget\packages\groupcontrols\1.9.0\lib\net45\GroupControls.dll [C:\Users\ultra\warewolf\Dev\Dev2.Common.Tests\Dev2.Common.Tests.csproj]
C:\Program Files\dotnet\sdk\10.0.201\Microsoft.Common.CurrentVersion.targets(2451,5): warning MSB3277:             C:\Users\ultra\.nuget\packages\taskschedulereditor\2.10.1\lib\net452\Microsoft.Win32.TaskSchedulerEditor.dll [C:\Users\ultra\warewolf\Dev\Dev2.Common.Tests\Dev2.Common.Tests.csproj]
C:\Users\ultra\warewolf\Dev\Dev2.Server\Startup.cs(59,95): warning CC0004: Empty Catch Block. (https://code-cracker.github.io/diagnostics/CC0004.html) [C:\Users\ultra\warewolf\Dev\Dev2.Server\Dev2.Server.csproj]
  Dev2.Server -> C:\Users\ultra\warewolf\Dev\Dev2.Server\bin\Debug\net8.0\linux-x64\Warewolf Server.dll
  
  INFO: No tasks running with the specified criteria.
  
  INFO: No tasks running with the specified criteria.
C:\Users\ultra\warewolf\Dev\Dev2.Common.Tests\UtilitiesTests.cs(216,58): warning CA1416: This call site is reachable on all platforms. 'WindowsIdentity.GetAnonymous()' is only supported on: 'windows'. (https://learn.microsoft.com/dotnet/fundamentals/code-analysis/quality-rules/ca1416) [C:\Users\ultra\warewolf\Dev\Dev2.Common.Tests\Dev2.Common.Tests.csproj]
C:\Users\ultra\warewolf\Dev\Dev2.Common.Tests\UtilitiesTests.cs(281,58): warning CA1416: This call site is reachable on all platforms. 'WindowsIdentity.GetCurrent()' is only supported on: 'windows'. (https://learn.microsoft.com/dotnet/fundamentals/code-analysis/quality-rules/ca1416) [C:\Users\ultra\warewolf\Dev\Dev2.Common.Tests\Dev2.Common.Tests.csproj]
C:\Users\ultra\warewolf\Dev\Dev2.Common.Tests\UtilitiesTests.cs(249,68): warning CA1416: This call site is reachable on all platforms. 'WindowsIdentity.GetCurrent()' is only supported on: 'windows'. (https://learn.microsoft.com/dotnet/fundamentals/code-analysis/quality-rules/ca1416) [C:\Users\ultra\warewolf\Dev\Dev2.Common.Tests\Dev2.Common.Tests.csproj]
C:\Users\ultra\warewolf\Dev\Dev2.Common.Tests\UtilitiesTests.cs(218,68): warning CA1416: This call site is reachable on all platforms. 'WindowsIdentity.GetAnonymous()' is only supported on: 'windows'. (https://learn.microsoft.com/dotnet/fundamentals/code-analysis/quality-rules/ca1416) [C:\Users\ultra\warewolf\Dev\Dev2.Common.Tests\Dev2.Common.Tests.csproj]
C:\Users\ultra\warewolf\Dev\Dev2.Common.Tests\UtilitiesTests.cs(283,68): warning CA1416: This call site is reachable on all platforms. 'WindowsIdentity.GetCurrent()' is only supported on: 'windows'. (https://learn.microsoft.com/dotnet/fundamentals/code-analysis/quality-rules/ca1416) [C:\Users\ultra\warewolf\Dev\Dev2.Common.Tests\Dev2.Common.Tests.csproj]
C:\Users\ultra\warewolf\Dev\Dev2.Common.Tests\UtilitiesTests.cs(247,58): warning CA1416: This call site is reachable on all platforms. 'WindowsIdentity.GetCurrent()' is only supported on: 'windows'. (https://learn.microsoft.com/dotnet/fundamentals/code-analysis/quality-rules/ca1416) [C:\Users\ultra\warewolf\Dev\Dev2.Common.Tests\Dev2.Common.Tests.csproj]
  Dev2.Common.Tests -> C:\Users\ultra\warewolf\Dev\Dev2.Common.Tests\bin\Debug\net8.0\Dev2.Common.Tests.dll
C:\Program Files\dotnet\sdk\10.0.201\Microsoft.Common.CurrentVersion.targets(2451,5): warning MSB3277: Found conflicts between different versions of "WindowsBase" that could not be resolved. [C:\Users\ultra\warewolf\Dev\Dev2.Server\Dev2.Server.csproj]
C:\Program Files\dotnet\sdk\10.0.201\Microsoft.Common.CurrentVersion.targets(2451,5): warning MSB3277: There was a conflict between "WindowsBase, Version=4.0.0.0, Culture=neutral, PublicKeyToken=31bf3856ad364e35" and "WindowsBase, Version=6.0.2.0, Culture=neutral, PublicKeyToken=31bf3856ad364e35". [C:\Users\ultra\warewolf\Dev\Dev2.Server\Dev2.Server.csproj]
C:\Program Files\dotnet\sdk\10.0.201\Microsoft.Common.CurrentVersion.targets(2451,5): warning MSB3277:     "WindowsBase, Version=4.0.0.0, Culture=neutral, PublicKeyToken=31bf3856ad364e35" was chosen because it was primary and "WindowsBase, Version=6.0.2.0, Culture=neutral, PublicKeyToken=31bf3856ad364e35" was not. [C:\Users\ultra\warewolf\Dev\Dev2.Server\Dev2.Server.csproj]
C:\Program Files\dotnet\sdk\10.0.201\Microsoft.Common.CurrentVersion.targets(2451,5): warning MSB3277:     References which depend on "WindowsBase, Version=4.0.0.0, Culture=neutral, PublicKeyToken=31bf3856ad364e35" [C:\Program Files\dotnet\packs\Microsoft.NETCore.App.Ref\8.0.25\ref\net8.0\WindowsBase.dll]. [C:\Users\ultra\warewolf\Dev\Dev2.Server\Dev2.Server.csproj]
C:\Program Files\dotnet\sdk\10.0.201\Microsoft.Common.CurrentVersion.targets(2451,5): warning MSB3277:         C:\Program Files\dotnet\packs\Microsoft.NETCore.App.Ref\8.0.25\ref\net8.0\WindowsBase.dll [C:\Users\ultra\warewolf\Dev\Dev2.Server\Dev2.Server.csproj]
C:\Program Files\dotnet\sdk\10.0.201\Microsoft.Common.CurrentVersion.targets(2451,5): warning MSB3277:           Project file item includes which caused reference "C:\Program Files\dotnet\packs\Microsoft.NETCore.App.Ref\8.0.25\ref\net8.0\WindowsBase.dll". [C:\Users\ultra\warewolf\Dev\Dev2.Server\Dev2.Server.csproj]
C:\Program Files\dotnet\sdk\10.0.201\Microsoft.Common.CurrentVersion.targets(2451,5): warning MSB3277:             C:\Program Files\dotnet\packs\Microsoft.NETCore.App.Ref\8.0.25\ref/net8.0/WindowsBase.dll [C:\Users\ultra\warewolf\Dev\Dev2.Server\Dev2.Server.csproj]
C:\Program Files\dotnet\sdk\10.0.201\Microsoft.Common.CurrentVersion.targets(2451,5): warning MSB3277:     References which depend on or have been unified to "WindowsBase, Version=6.0.2.0, Culture=neutral, PublicKeyToken=31bf3856ad364e35" []. [C:\Users\ultra\warewolf\Dev\Dev2.Server\Dev2.Server.csproj]
C:\Program Files\dotnet\sdk\10.0.201\Microsoft.Common.CurrentVersion.targets(2451,5): warning MSB3277:         C:\Users\ultra\.nuget\packages\caliburn.micro\4.0.212\lib\netcoreapp3.1\Caliburn.Micro.Platform.dll [C:\Users\ultra\warewolf\Dev\Dev2.Server\Dev2.Server.csproj]
C:\Program Files\dotnet\sdk\10.0.201\Microsoft.Common.CurrentVersion.targets(2451,5): warning MSB3277:           Project file item includes which caused reference "C:\Users\ultra\.nuget\packages\caliburn.micro\4.0.212\lib\netcoreapp3.1\Caliburn.Micro.Platform.dll". [C:\Users\ultra\warewolf\Dev\Dev2.Server\Dev2.Server.csproj]
C:\Program Files\dotnet\sdk\10.0.201\Microsoft.Common.CurrentVersion.targets(2451,5): warning MSB3277:             C:\Users\ultra\.nuget\packages\caliburn.micro\4.0.212\lib\netcoreapp3.1\Caliburn.Micro.Platform.dll [C:\Users\ultra\warewolf\Dev\Dev2.Server\Dev2.Server.csproj]
C:\Program Files\dotnet\sdk\10.0.201\Microsoft.Common.CurrentVersion.targets(2451,5): warning MSB3277:         C:\Users\ultra\.nuget\packages\ironpython\3.4.0\lib\net6.0\IronPython.Wpf.dll [C:\Users\ultra\warewolf\Dev\Dev2.Server\Dev2.Server.csproj]
C:\Program Files\dotnet\sdk\10.0.201\Microsoft.Common.CurrentVersion.targets(2451,5): warning MSB3277:           Project file item includes which caused reference "C:\Users\ultra\.nuget\packages\ironpython\3.4.0\lib\net6.0\IronPython.Wpf.dll". [C:\Users\ultra\warewolf\Dev\Dev2.Server\Dev2.Server.csproj]
C:\Program Files\dotnet\sdk\10.0.201\Microsoft.Common.CurrentVersion.targets(2451,5): warning MSB3277:             C:\Users\ultra\.nuget\packages\ironpython\3.4.0\lib\net6.0\IronPython.Wpf.dll [C:\Users\ultra\warewolf\Dev\Dev2.Server\Dev2.Server.csproj]
C:\Program Files\dotnet\sdk\10.0.201\Microsoft.Common.CurrentVersion.targets(2451,5): warning MSB3277:         C:\Users\ultra\.nuget\packages\microsoft.xaml.behaviors.wpf\1.1.122\lib\net462\Microsoft.Xaml.Behaviors.dll [C:\Users\ultra\warewolf\Dev\Dev2.Server\Dev2.Server.csproj]
C:\Program Files\dotnet\sdk\10.0.201\Microsoft.Common.CurrentVersion.targets(2451,5): warning MSB3277:           Project file item includes which caused reference "C:\Users\ultra\.nuget\packages\microsoft.xaml.behaviors.wpf\1.1.122\lib\net462\Microsoft.Xaml.Behaviors.dll". [C:\Users\ultra\warewolf\Dev\Dev2.Server\Dev2.Server.csproj]
C:\Program Files\dotnet\sdk\10.0.201\Microsoft.Common.CurrentVersion.targets(2451,5): warning MSB3277:             C:\Users\ultra\.nuget\packages\microsoft.xaml.behaviors.wpf\1.1.122\lib\net462\Microsoft.Xaml.Behaviors.dll [C:\Users\ultra\warewolf\Dev\Dev2.Server\Dev2.Server.csproj]
C:\Program Files\dotnet\sdk\10.0.201\Microsoft.Common.CurrentVersion.targets(2451,5): warning MSB3277:             C:\Users\ultra\.nuget\packages\caliburn.micro\4.0.212\lib\netcoreapp3.1\Caliburn.Micro.Platform.dll [C:\Users\ultra\warewolf\Dev\Dev2.Server\Dev2.Server.csproj]
C:\Program Files\dotnet\sdk\10.0.201\Microsoft.Common.CurrentVersion.targets(2451,5): warning MSB3277:             C:\Users\ultra\.nuget\packages\prism.wpf\9.0.537\lib\net462\Prism.Wpf.dll [C:\Users\ultra\warewolf\Dev\Dev2.Server\Dev2.Server.csproj]
C:\Program Files\dotnet\sdk\10.0.201\Microsoft.Common.CurrentVersion.targets(2451,5): warning MSB3277:         C:\Users\ultra\.nuget\packages\prism.wpf\9.0.537\lib\net462\Prism.Wpf.dll [C:\Users\ultra\warewolf\Dev\Dev2.Server\Dev2.Server.csproj]
C:\Program Files\dotnet\sdk\10.0.201\Microsoft.Common.CurrentVersion.targets(2451,5): warning MSB3277:           Project file item includes which caused reference "C:\Users\ultra\.nuget\packages\prism.wpf\9.0.537\lib\net462\Prism.Wpf.dll". [C:\Users\ultra\warewolf\Dev\Dev2.Server\Dev2.Server.csproj]
C:\Program Files\dotnet\sdk\10.0.201\Microsoft.Common.CurrentVersion.targets(2451,5): warning MSB3277:             C:\Users\ultra\.nuget\packages\prism.wpf\9.0.537\lib\net462\Prism.Wpf.dll [C:\Users\ultra\warewolf\Dev\Dev2.Server\Dev2.Server.csproj]
C:\Program Files\dotnet\sdk\10.0.201\Microsoft.Common.CurrentVersion.targets(2451,5): warning MSB3277:         C:\Users\ultra\.nuget\packages\reactiveui.wpf\18.4.1\lib\net462\ReactiveUI.Wpf.dll [C:\Users\ultra\warewolf\Dev\Dev2.Server\Dev2.Server.csproj]
C:\Program Files\dotnet\sdk\10.0.201\Microsoft.Common.CurrentVersion.targets(2451,5): warning MSB3277:           Project file item includes which caused reference "C:\Users\ultra\.nuget\packages\reactiveui.wpf\18.4.1\lib\net462\ReactiveUI.Wpf.dll". [C:\Users\ultra\warewolf\Dev\Dev2.Server\Dev2.Server.csproj]
C:\Program Files\dotnet\sdk\10.0.201\Microsoft.Common.CurrentVersion.targets(2451,5): warning MSB3277:             C:\Users\ultra\.nuget\packages\reactiveui.wpf\18.4.1\lib\net462\ReactiveUI.Wpf.dll [C:\Users\ultra\warewolf\Dev\Dev2.Server\Dev2.Server.csproj]
C:\Program Files\dotnet\sdk\10.0.201\Microsoft.Common.CurrentVersion.targets(2451,5): warning MSB3277: Found conflicts between different versions of "System.Drawing.Common" that could not be resolved. [C:\Users\ultra\warewolf\Dev\Dev2.Server\Dev2.Server.csproj]
C:\Program Files\dotnet\sdk\10.0.201\Microsoft.Common.CurrentVersion.targets(2451,5): warning MSB3277: There was a conflict between "System.Drawing.Common, Version=6.0.0.0, Culture=neutral, PublicKeyToken=cc7b13ffcd2ddd51" and "System.Drawing.Common, Version=8.0.0.0, Culture=neutral, PublicKeyToken=cc7b13ffcd2ddd51". [C:\Users\ultra\warewolf\Dev\Dev2.Server\Dev2.Server.csproj]
C:\Program Files\dotnet\sdk\10.0.201\Microsoft.Common.CurrentVersion.targets(2451,5): warning MSB3277:     "System.Drawing.Common, Version=6.0.0.0, Culture=neutral, PublicKeyToken=cc7b13ffcd2ddd51" was chosen because it was primary and "System.Drawing.Common, Version=8.0.0.0, Culture=neutral, PublicKeyToken=cc7b13ffcd2ddd51" was not. [C:\Users\ultra\warewolf\Dev\Dev2.Server\Dev2.Server.csproj]
C:\Program Files\dotnet\sdk\10.0.201\Microsoft.Common.CurrentVersion.targets(2451,5): warning MSB3277:     References which depend on "System.Drawing.Common, Version=6.0.0.0, Culture=neutral, PublicKeyToken=cc7b13ffcd2ddd51" [C:\Users\ultra\.nuget\packages\system.drawing.common\6.0.0\lib\net6.0\System.Drawing.Common.dll]. [C:\Users\ultra\warewolf\Dev\Dev2.Server\Dev2.Server.csproj]
C:\Program Files\dotnet\sdk\10.0.201\Microsoft.Common.CurrentVersion.targets(2451,5): warning MSB3277:         C:\Users\ultra\.nuget\packages\system.drawing.common\6.0.0\lib\net6.0\System.Drawing.Common.dll [C:\Users\ultra\warewolf\Dev\Dev2.Server\Dev2.Server.csproj]
C:\Program Files\dotnet\sdk\10.0.201\Microsoft.Common.CurrentVersion.targets(2451,5): warning MSB3277:           Project file item includes which caused reference "C:\Users\ultra\.nuget\packages\system.drawing.common\6.0.0\lib\net6.0\System.Drawing.Common.dll". [C:\Users\ultra\warewolf\Dev\Dev2.Server\Dev2.Server.csproj]
C:\Program Files\dotnet\sdk\10.0.201\Microsoft.Common.CurrentVersion.targets(2451,5): warning MSB3277:             C:\Users\ultra\.nuget\packages\system.drawing.common\6.0.0\lib\net6.0\System.Drawing.Common.dll [C:\Users\ultra\warewolf\Dev\Dev2.Server\Dev2.Server.csproj]
C:\Program Files\dotnet\sdk\10.0.201\Microsoft.Common.CurrentVersion.targets(2451,5): warning MSB3277:     References which depend on or have been unified to "System.Drawing.Common, Version=8.0.0.0, Culture=neutral, PublicKeyToken=cc7b13ffcd2ddd51" []. [C:\Users\ultra\warewolf\Dev\Dev2.Server\Dev2.Server.csproj]
C:\Program Files\dotnet\sdk\10.0.201\Microsoft.Common.CurrentVersion.targets(2451,5): warning MSB3277:         C:\Users\ultra\.nuget\packages\servicestack\6.3.0\lib\net6.0\ServiceStack.dll [C:\Users\ultra\warewolf\Dev\Dev2.Server\Dev2.Server.csproj]
C:\Program Files\dotnet\sdk\10.0.201\Microsoft.Common.CurrentVersion.targets(2451,5): warning MSB3277:           Project file item includes which caused reference "C:\Users\ultra\.nuget\packages\servicestack\6.3.0\lib\net6.0\ServiceStack.dll". [C:\Users\ultra\warewolf\Dev\Dev2.Server\Dev2.Server.csproj]
C:\Program Files\dotnet\sdk\10.0.201\Microsoft.Common.CurrentVersion.targets(2451,5): warning MSB3277:             C:\Users\ultra\.nuget\packages\servicestack\6.3.0\lib\net6.0\ServiceStack.dll [C:\Users\ultra\warewolf\Dev\Dev2.Server\Dev2.Server.csproj]
C:\Program Files\dotnet\sdk\10.0.201\Microsoft.Common.CurrentVersion.targets(2451,5): warning MSB3277:         C:\Users\ultra\.nuget\packages\system.windows.extensions\8.0.0\lib\net8.0\System.Windows.Extensions.dll [C:\Users\ultra\warewolf\Dev\Dev2.Server\Dev2.Server.csproj]
C:\Program Files\dotnet\sdk\10.0.201\Microsoft.Common.CurrentVersion.targets(2451,5): warning MSB3277:           Project file item includes which caused reference "C:\Users\ultra\.nuget\packages\system.windows.extensions\8.0.0\lib\net8.0\System.Windows.Extensions.dll". [C:\Users\ultra\warewolf\Dev\Dev2.Server\Dev2.Server.csproj]
C:\Program Files\dotnet\sdk\10.0.201\Microsoft.Common.CurrentVersion.targets(2451,5): warning MSB3277:             C:\Users\ultra\.nuget\packages\system.windows.extensions\8.0.0\lib\net8.0\System.Windows.Extensions.dll [C:\Users\ultra\warewolf\Dev\Dev2.Server\Dev2.Server.csproj]
C:\Program Files\dotnet\sdk\10.0.201\Microsoft.Common.CurrentVersion.targets(2451,5): warning MSB3277:             C:\Users\ultra\.nuget\packages\system.security.permissions\8.0.0\lib\net8.0\System.Security.Permissions.dll [C:\Users\ultra\warewolf\Dev\Dev2.Server\Dev2.Server.csproj]
C:\Program Files\dotnet\sdk\10.0.201\Microsoft.Common.CurrentVersion.targets(2451,5): warning MSB3277:             C:\Users\ultra\warewolf\Dev\Dev2.Data\bin\Debug\net8.0\Dev2.Data.dll [C:\Users\ultra\warewolf\Dev\Dev2.Server\Dev2.Server.csproj]
C:\Program Files\dotnet\sdk\10.0.201\Microsoft.Common.CurrentVersion.targets(2451,5): warning MSB3277:             C:\Users\ultra\warewolf\Dev\Dev2.Activities\bin\Debug\net8.0\Dev2.Activities.dll [C:\Users\ultra\warewolf\Dev\Dev2.Server\Dev2.Server.csproj]
C:\Program Files\dotnet\sdk\10.0.201\Microsoft.Common.CurrentVersion.targets(2451,5): warning MSB3277:             C:\Users\ultra\warewolf\Dev\Dev2.Core\bin\Debug\net8.0\Dev2.Core.dll [C:\Users\ultra\warewolf\Dev\Dev2.Server\Dev2.Server.csproj]
C:\Program Files\dotnet\sdk\10.0.201\Microsoft.Common.CurrentVersion.targets(2451,5): warning MSB3277:             C:\Users\ultra\warewolf\Dev\Dev2.Runtime.Services\bin\Debug\net8.0\Dev2.Runtime.Services.dll [C:\Users\ultra\warewolf\Dev\Dev2.Server\Dev2.Server.csproj]
C:\Program Files\dotnet\sdk\10.0.201\Microsoft.Common.CurrentVersion.targets(2451,5): warning MSB3277:             C:\Users\ultra\warewolf\Dev\Dev2.Runtime.WebServer\bin\Debug\net8.0\Dev2.Runtime.WebServer.dll [C:\Users\ultra\warewolf\Dev\Dev2.Server\Dev2.Server.csproj]
C:\Program Files\dotnet\sdk\10.0.201\Microsoft.Common.CurrentVersion.targets(2451,5): warning MSB3277:             C:\Users\ultra\warewolf\Dev\Dev2.Runtime\bin\Debug\net8.0\Dev2.Runtime.dll [C:\Users\ultra\warewolf\Dev\Dev2.Server\Dev2.Server.csproj]
C:\Program Files\dotnet\sdk\10.0.201\Microsoft.Common.CurrentVersion.targets(2451,5): warning MSB3277:             C:\Users\ultra\warewolf\Dev\Dev2.Scheduler\bin\Debug\net8.0\Dev2.Scheduler.dll [C:\Users\ultra\warewolf\Dev\Dev2.Server\Dev2.Server.csproj]
C:\Program Files\dotnet\sdk\10.0.201\Microsoft.Common.CurrentVersion.targets(2451,5): warning MSB3277:             C:\Users\ultra\warewolf\Dev\Dev2.Services.Execution\bin\Debug\net8.0\Dev2.Services.Execution.dll [C:\Users\ultra\warewolf\Dev\Dev2.Server\Dev2.Server.csproj]
C:\Program Files\dotnet\sdk\10.0.201\Microsoft.Common.CurrentVersion.targets(2451,5): warning MSB3277:             C:\Users\ultra\warewolf\Dev\Warewolf.Auditing\bin\Debug\net8.0\Warewolf.Auditing.dll [C:\Users\ultra\warewolf\Dev\Dev2.Server\Dev2.Server.csproj]
C:\Program Files\dotnet\sdk\10.0.201\Microsoft.Common.CurrentVersion.targets(2451,5): warning MSB3277:             C:\Users\ultra\warewolf\Dev\Warewolf.HangfireServer\bin\Debug\net8.0\HangfireServer.dll [C:\Users\ultra\warewolf\Dev\Dev2.Server\Dev2.Server.csproj]
C:\Program Files\dotnet\sdk\10.0.201\Microsoft.Common.CurrentVersion.targets(2451,5): warning MSB3277:             C:\Users\ultra\warewolf\Dev\Warewolf.Logger\bin\Debug\net8.0\WarewolfLogger.dll [C:\Users\ultra\warewolf\Dev\Dev2.Server\Dev2.Server.csproj]
C:\Program Files\dotnet\sdk\10.0.201\Microsoft.Common.CurrentVersion.targets(2451,5): warning MSB3277:             C:\Users\ultra\warewolf\Dev\Warewolf.QueueWorker\bin\Debug\net8.0\QueueWorker.dll [C:\Users\ultra\warewolf\Dev\Dev2.Server\Dev2.Server.csproj]
C:\Program Files\dotnet\sdk\10.0.201\Microsoft.Common.CurrentVersion.targets(2451,5): warning MSB3277:             C:\Users\ultra\warewolf\Dev\Warewolf.Core\bin\Debug\net8.0\Warewolf.Core.dll [C:\Users\ultra\warewolf\Dev\Dev2.Server\Dev2.Server.csproj]
C:\Program Files\dotnet\sdk\10.0.201\Microsoft.Common.CurrentVersion.targets(2451,5): warning MSB3277:             C:\Users\ultra\warewolf\Dev\Warewolf.ResourceManagement\bin\Debug\net8.0\Warewolf.ResourceManagement.dll [C:\Users\ultra\warewolf\Dev\Dev2.Server\Dev2.Server.csproj]
C:\Program Files\dotnet\sdk\10.0.201\Microsoft.Common.CurrentVersion.targets(2451,5): warning MSB3277:             C:\Users\ultra\warewolf\Dev\Warewolf.Trigger.Queue\bin\Debug\net8.0\Warewolf.Trigger.Queue.dll [C:\Users\ultra\warewolf\Dev\Dev2.Server\Dev2.Server.csproj]
C:\Program Files\dotnet\sdk\10.0.201\Microsoft.Common.CurrentVersion.targets(2451,5): warning MSB3277:             C:\Users\ultra\warewolf\Dev\Dev2.Intellisense\bin\Debug\net8.0\Dev2.Intellisense.dll [C:\Users\ultra\warewolf\Dev\Dev2.Server\Dev2.Server.csproj]
C:\Program Files\dotnet\sdk\10.0.201\Microsoft.Common.CurrentVersion.targets(2451,5): warning MSB3277:             C:\Users\ultra\warewolf\Dev\Dev2.Studio.Core\bin\Debug\net8.0\Dev2.Studio.Core.dll [C:\Users\ultra\warewolf\Dev\Dev2.Server\Dev2.Server.csproj]
C:\Program Files\dotnet\sdk\10.0.201\Microsoft.Common.CurrentVersion.targets(2451,5): warning MSB3277:             C:\Users\ultra\warewolf\Dev\Dev2.Studio.Interfaces\bin\Debug\net8.0\Dev2.Studio.Interfaces.dll [C:\Users\ultra\warewolf\Dev\Dev2.Server\Dev2.Server.csproj]
C:\Program Files\dotnet\sdk\10.0.201\Microsoft.Common.CurrentVersion.targets(2451,5): warning MSB3277:             C:\Users\ultra\warewolf\Dev\Warewolf.Common.Framework48\bin\Debug\net8.0\Warewolf.Common.Framework48.dll [C:\Users\ultra\warewolf\Dev\Dev2.Server\Dev2.Server.csproj]
C:\Program Files\dotnet\sdk\10.0.201\Microsoft.Common.CurrentVersion.targets(2451,5): warning MSB3277:             C:\Users\ultra\warewolf\Dev\Warewolf.Common.NetStandard20\bin\Debug\net8.0\Warewolf.Common.NetStandard20.dll [C:\Users\ultra\warewolf\Dev\Dev2.Server\Dev2.Server.csproj]
C:\Program Files\dotnet\sdk\10.0.201\Microsoft.Common.CurrentVersion.targets(2451,5): warning MSB3277:             C:\Users\ultra\warewolf\Dev\Warewolf.Driver.Persistence\bin\Debug\net8.0\Warewolf.Driver.Persistence.dll [C:\Users\ultra\warewolf\Dev\Dev2.Server\Dev2.Server.csproj]
C:\Program Files\dotnet\sdk\10.0.201\Microsoft.Common.CurrentVersion.targets(2451,5): warning MSB3277:             C:\Users\ultra\warewolf\Dev\Warewolf.Exchange.Email.Wrapper\bin\Debug\net8.0\Warewolf.Exchange.Email.Wrapper.dll [C:\Users\ultra\warewolf\Dev\Dev2.Server\Dev2.Server.csproj]
C:\Program Files\dotnet\sdk\10.0.201\Microsoft.Common.CurrentVersion.targets(2451,5): warning MSB3277:             C:\Users\ultra\warewolf\Dev\Warewolf.Studio.Core\bin\Debug\net8.0\Warewolf.Studio.Core.dll [C:\Users\ultra\warewolf\Dev\Dev2.Server\Dev2.Server.csproj]
C:\Program Files\dotnet\sdk\10.0.201\Microsoft.Common.CurrentVersion.targets(2451,5): warning MSB3277:             C:\Users\ultra\warewolf\Dev\Warewolf.UI\bin\Debug\net8.0\Warewolf.UI.dll [C:\Users\ultra\warewolf\Dev\Dev2.Server\Dev2.Server.csproj]
C:\Program Files\dotnet\sdk\10.0.201\Microsoft.Common.CurrentVersion.targets(2451,5): warning MSB3277:             C:\Users\ultra\.nuget\packages\dotnetzip\1.16.0\lib\netstandard2.0\DotNetZip.dll [C:\Users\ultra\warewolf\Dev\Dev2.Server\Dev2.Server.csproj]
C:\Program Files\dotnet\sdk\10.0.201\Microsoft.Common.CurrentVersion.targets(2451,5): warning MSB3277:             C:\Users\ultra\warewolf\Dev\Dev2.Common\bin\Debug\net8.0\Dev2.Common.dll [C:\Users\ultra\warewolf\Dev\Dev2.Server\Dev2.Server.csproj]
C:\Program Files\dotnet\sdk\10.0.201\Microsoft.Common.CurrentVersion.targets(2451,5): warning MSB3277:             C:\Users\ultra\warewolf\Dev\Dev2.Development.Languages\bin\Debug\net8.0\Dev2.Development.Languages.dll [C:\Users\ultra\warewolf\Dev\Dev2.Server\Dev2.Server.csproj]
C:\Program Files\dotnet\sdk\10.0.201\Microsoft.Common.CurrentVersion.targets(2451,5): warning MSB3277:             C:\Users\ultra\warewolf\Dev\Dev2.Diagnostics\bin\Debug\net8.0\Dev2.Diagnostics.dll [C:\Users\ultra\warewolf\Dev\Dev2.Server\Dev2.Server.csproj]
C:\Program Files\dotnet\sdk\10.0.201\Microsoft.Common.CurrentVersion.targets(2451,5): warning MSB3277:             C:\Users\ultra\warewolf\Dev\Dev2.Infrastructure\bin\Debug\net8.0\Dev2.Infrastructure.dll [C:\Users\ultra\warewolf\Dev\Dev2.Server\Dev2.Server.csproj]
C:\Program Files\dotnet\sdk\10.0.201\Microsoft.Common.CurrentVersion.targets(2451,5): warning MSB3277:             C:\Users\ultra\warewolf\Dev\Dev2.Util\bin\Debug\net8.0\Dev2.Util.dll [C:\Users\ultra\warewolf\Dev\Dev2.Server\Dev2.Server.csproj]
C:\Program Files\dotnet\sdk\10.0.201\Microsoft.Common.CurrentVersion.targets(2451,5): warning MSB3277:             C:\Users\ultra\warewolf\Dev\Warewolf.PerfMon\bin\Debug\net8.0\Warewolf.PerfMon.dll [C:\Users\ultra\warewolf\Dev\Dev2.Server\Dev2.Server.csproj]
C:\Program Files\dotnet\sdk\10.0.201\Microsoft.Common.CurrentVersion.targets(2451,5): warning MSB3277:             C:\Users\ultra\warewolf\Dev\Warewolf.Sharepoint\bin\Debug\net8.0\Warewolf.Sharepoint.dll [C:\Users\ultra\warewolf\Dev\Dev2.Server\Dev2.Server.csproj]
C:\Program Files\dotnet\sdk\10.0.201\Microsoft.Common.CurrentVersion.targets(2451,5): warning MSB3277:             C:\Users\ultra\warewolf\Dev\Warewolf.Storage\bin\Debug\net8.0\Warewolf.Storage.dll [C:\Users\ultra\warewolf\Dev\Dev2.Server\Dev2.Server.csproj]
C:\Program Files\dotnet\sdk\10.0.201\Microsoft.Common.CurrentVersion.targets(2451,5): warning MSB3277:             C:\Users\ultra\warewolf\Dev\Dev2.Data.Interfaces\bin\Debug\net8.0\Dev2.Data.Interfaces.dll [C:\Users\ultra\warewolf\Dev\Dev2.Server\Dev2.Server.csproj]
C:\Program Files\dotnet\sdk\10.0.201\Microsoft.Common.CurrentVersion.targets(2451,5): warning MSB3277:             C:\Users\ultra\warewolf\Dev\Dev2.Services.Sql\bin\Debug\net8.0\Dev2.Services.Sql.dll [C:\Users\ultra\warewolf\Dev\Dev2.Server\Dev2.Server.csproj]
C:\Program Files\dotnet\sdk\10.0.201\Microsoft.Common.CurrentVersion.targets(2451,5): warning MSB3277:             C:\Users\ultra\warewolf\Dev\Dev2.TaskScheduler.Wrappers\bin\Debug\net8.0\Dev2.TaskScheduler.Wrappers.dll [C:\Users\ultra\warewolf\Dev\Dev2.Server\Dev2.Server.csproj]
C:\Program Files\dotnet\sdk\10.0.201\Microsoft.Common.CurrentVersion.targets(2451,5): warning MSB3277:             C:\Users\ultra\warewolf\Dev\Warewolf.AI.Harness\bin\Debug\net8.0\Warewolf.AI.Harness.dll [C:\Users\ultra\warewolf\Dev\Dev2.Server\Dev2.Server.csproj]
C:\Program Files\dotnet\sdk\10.0.201\Microsoft.Common.CurrentVersion.targets(2451,5): warning MSB3277:             C:\Users\ultra\warewolf\Dev\Warewolf.Driver.Serilog\bin\Debug\net8.0\Warewolf.Driver.Serilog.dll [C:\Users\ultra\warewolf\Dev\Dev2.Server\Dev2.Server.csproj]
C:\Program Files\dotnet\sdk\10.0.201\Microsoft.Common.CurrentVersion.targets(2451,5): warning MSB3277:             C:\Users\ultra\.nuget\packages\mindbox.data.linq\5.0.0\lib\netstandard2.0\Mindbox.Data.Linq.dll [C:\Users\ultra\warewolf\Dev\Dev2.Server\Dev2.Server.csproj]
C:\Program Files\dotnet\sdk\10.0.201\Microsoft.Common.CurrentVersion.targets(2451,5): warning MSB3277:             C:\Users\ultra\.nuget\packages\mysql.data\8.4.0\lib\net8.0\MySql.Data.dll [C:\Users\ultra\warewolf\Dev\Dev2.Server\Dev2.Server.csproj]
C:\Program Files\dotnet\sdk\10.0.201\Microsoft.Common.CurrentVersion.targets(2451,5): warning MSB3277:             C:\Users\ultra\.nuget\packages\oracle.manageddataaccess.core\3.21.70\lib\netstandard2.1\Oracle.ManagedDataAccess.dll [C:\Users\ultra\warewolf\Dev\Dev2.Server\Dev2.Server.csproj]
C:\Program Files\dotnet\sdk\10.0.201\Microsoft.Common.CurrentVersion.targets(2451,5): warning MSB3277:             C:\Users\ultra\.nuget\packages\system.directoryservices\6.0.0\lib\net6.0\System.DirectoryServices.dll [C:\Users\ultra\warewolf\Dev\Dev2.Server\Dev2.Server.csproj]
C:\Program Files\dotnet\sdk\10.0.201\Microsoft.Common.CurrentVersion.targets(2451,5): warning MSB3277:             C:\Users\ultra\.nuget\packages\corewcf.primitives\1.2.1\lib\netstandard2.0\CoreWCF.Primitives.dll [C:\Users\ultra\warewolf\Dev\Dev2.Server\Dev2.Server.csproj]
C:\Program Files\dotnet\sdk\10.0.201\Microsoft.Common.CurrentVersion.targets(2451,5): warning MSB3277:             C:\Users\ultra\.nuget\packages\corewcf.http\1.2.1\lib\netstandard2.0\CoreWCF.Http.dll [C:\Users\ultra\warewolf\Dev\Dev2.Server\Dev2.Server.csproj]
C:\Program Files\dotnet\sdk\10.0.201\Microsoft.Common.CurrentVersion.targets(2451,5): warning MSB3277:             C:\Users\ultra\.nuget\packages\corewcf.nettcp\1.2.1\lib\netstandard2.0\CoreWCF.NetTcp.dll [C:\Users\ultra\warewolf\Dev\Dev2.Server\Dev2.Server.csproj]
C:\Program Files\dotnet\sdk\10.0.201\Microsoft.Common.CurrentVersion.targets(2451,5): warning MSB3277:             C:\Users\ultra\.nuget\packages\corewcf.webhttp\1.2.1\lib\netstandard2.0\CoreWCF.WebHttp.dll [C:\Users\ultra\warewolf\Dev\Dev2.Server\Dev2.Server.csproj]
C:\Program Files\dotnet\sdk\10.0.201\Microsoft.Common.CurrentVersion.targets(2451,5): warning MSB3277:             C:\Program Files\dotnet\packs\Microsoft.NETCore.App.Ref\8.0.25\ref/net8.0/System.Configuration.dll [C:\Users\ultra\warewolf\Dev\Dev2.Server\Dev2.Server.csproj]
C:\Program Files\dotnet\sdk\10.0.201\Microsoft.Common.CurrentVersion.targets(2451,5): warning MSB3277:             C:\Users\ultra\.nuget\packages\prism.wpf\9.0.537\lib\net462\Prism.Wpf.dll [C:\Users\ultra\warewolf\Dev\Dev2.Server\Dev2.Server.csproj]
C:\Program Files\dotnet\sdk\10.0.201\Microsoft.Common.CurrentVersion.targets(2451,5): warning MSB3277:             C:\Program Files\dotnet\packs\Microsoft.NETCore.App.Ref\8.0.25\ref/net8.0/System.Data.dll [C:\Users\ultra\warewolf\Dev\Dev2.Server\Dev2.Server.csproj]
C:\Program Files\dotnet\sdk\10.0.201\Microsoft.Common.CurrentVersion.targets(2451,5): warning MSB3277:             C:\Users\ultra\.nuget\packages\taskschedulereditor\2.10.1\lib\net452\Microsoft.Win32.TaskSchedulerEditor.dll [C:\Users\ultra\warewolf\Dev\Dev2.Server\Dev2.Server.csproj]
C:\Program Files\dotnet\sdk\10.0.201\Microsoft.Common.CurrentVersion.targets(2451,5): warning MSB3277:             C:\Program Files\dotnet\packs\Microsoft.NETCore.App.Ref\8.0.25\ref/net8.0/System.Drawing.dll [C:\Users\ultra\warewolf\Dev\Dev2.Server\Dev2.Server.csproj]
C:\Program Files\dotnet\sdk\10.0.201\Microsoft.Common.CurrentVersion.targets(2451,5): warning MSB3277:             C:\Users\ultra\.nuget\packages\aerowizard\2.3.1\lib\net45\AeroWizard.dll [C:\Users\ultra\warewolf\Dev\Dev2.Server\Dev2.Server.csproj]
C:\Program Files\dotnet\sdk\10.0.201\Microsoft.Common.CurrentVersion.targets(2451,5): warning MSB3277:             C:\Users\ultra\.nuget\packages\groupcontrols\1.9.0\lib\net45\GroupControls.dll [C:\Users\ultra\warewolf\Dev\Dev2.Server\Dev2.Server.csproj]
C:\Program Files\dotnet\sdk\10.0.201\Microsoft.Common.CurrentVersion.targets(2451,5): warning MSB3277:             C:\Program Files\dotnet\packs\Microsoft.NETCore.App.Ref\8.0.25\ref/net8.0/System.Net.dll [C:\Users\ultra\warewolf\Dev\Dev2.Server\Dev2.Server.csproj]
C:\Program Files\dotnet\sdk\10.0.201\Microsoft.Common.CurrentVersion.targets(2451,5): warning MSB3277:             C:\Program Files\dotnet\packs\Microsoft.NETCore.App.Ref\8.0.25\ref/net8.0/System.Security.dll [C:\Users\ultra\warewolf\Dev\Dev2.Server\Dev2.Server.csproj]
C:\Program Files\dotnet\sdk\10.0.201\Microsoft.Common.CurrentVersion.targets(2451,5): warning MSB3277:             C:\Program Files\dotnet\packs\Microsoft.NETCore.App.Ref\8.0.25\ref/net8.0/System.ServiceProcess.dll [C:\Users\ultra\warewolf\Dev\Dev2.Server\Dev2.Server.csproj]
C:\Program Files\dotnet\sdk\10.0.201\Microsoft.Common.CurrentVersion.targets(2451,5): warning MSB3277:             C:\Program Files\dotnet\packs\Microsoft.NETCore.App.Ref\8.0.25\ref/net8.0/System.Transactions.dll [C:\Users\ultra\warewolf\Dev\Dev2.Server\Dev2.Server.csproj]
C:\Program Files\dotnet\sdk\10.0.201\Microsoft.Common.CurrentVersion.targets(2451,5): warning MSB3277:             C:\Program Files\dotnet\packs\Microsoft.NETCore.App.Ref\8.0.25\ref/net8.0/System.dll [C:\Users\ultra\warewolf\Dev\Dev2.Server\Dev2.Server.csproj]
C:\Program Files\dotnet\sdk\10.0.201\Microsoft.Common.CurrentVersion.targets(2451,5): warning MSB3277:             C:\Users\ultra\.nuget\packages\microsoft.xaml.behaviors.wpf\1.1.122\lib\net462\Microsoft.Xaml.Behaviors.dll [C:\Users\ultra\warewolf\Dev\Dev2.Server\Dev2.Server.csproj]
C:\Program Files\dotnet\sdk\10.0.201\Microsoft.Common.CurrentVersion.targets(2451,5): warning MSB3277:             C:\Users\ultra\.nuget\packages\caliburn.micro\4.0.212\lib\netcoreapp3.1\Caliburn.Micro.Platform.dll [C:\Users\ultra\warewolf\Dev\Dev2.Server\Dev2.Server.csproj]
C:\Program Files\dotnet\sdk\10.0.201\Microsoft.Common.CurrentVersion.targets(2451,5): warning MSB3277:             C:\Users\ultra\.nuget\packages\reactiveui.wpf\18.4.1\lib\net462\ReactiveUI.Wpf.dll [C:\Users\ultra\warewolf\Dev\Dev2.Server\Dev2.Server.csproj]
C:\Program Files\dotnet\sdk\10.0.201\Microsoft.Common.CurrentVersion.targets(2451,5): warning MSB3277:             C:\Users\ultra\.nuget\packages\ttcue.netcore.sharepointonline.csom.16.1.8029.1200\16.1.8029.1200\lib\netcoreapp2.0\Microsoft.SharePoint.Client.Runtime.Windows.dll [C:\Users\ultra\warewolf\Dev\Dev2.Server\Dev2.Server.csproj]
C:\Program Files\dotnet\sdk\10.0.201\Microsoft.Common.CurrentVersion.targets(2451,5): warning MSB3277:             C:\Program Files\dotnet\packs\Microsoft.NETCore.App.Ref\8.0.25\ref/net8.0/WindowsBase.dll [C:\Users\ultra\warewolf\Dev\Dev2.Server\Dev2.Server.csproj]
C:\Program Files\dotnet\sdk\10.0.201\Microsoft.Common.CurrentVersion.targets(2451,5): warning MSB3277:             C:\Program Files\dotnet\packs\Microsoft.NETCore.App.Ref\8.0.25\ref/net8.0/mscorlib.dll [C:\Users\ultra\warewolf\Dev\Dev2.Server\Dev2.Server.csproj]
C:\Program Files\dotnet\sdk\10.0.201\Microsoft.Common.CurrentVersion.targets(2451,5): warning MSB3277:             Warewolf.Usage, Version=1.0.0.0, Culture=neutral, PublicKeyToken=null [C:\Users\ultra\warewolf\Dev\Dev2.Server\Dev2.Server.csproj]
C:\Program Files\dotnet\sdk\10.0.201\Microsoft.Common.CurrentVersion.targets(2451,5): warning MSB3277:             C:\Users\ultra\.nuget\packages\hangfire.core\1.7.32\lib\netstandard2.0\Hangfire.Core.dll [C:\Users\ultra\warewolf\Dev\Dev2.Server\Dev2.Server.csproj]
C:\Program Files\dotnet\sdk\10.0.201\Microsoft.Common.CurrentVersion.targets(2451,5): warning MSB3277:             C:\Users\ultra\.nuget\packages\hangfire.aspnetcore\1.7.32\lib\netcoreapp3.0\Hangfire.AspNetCore.dll [C:\Users\ultra\warewolf\Dev\Dev2.Server\Dev2.Server.csproj]
C:\Program Files\dotnet\sdk\10.0.201\Microsoft.Common.CurrentVersion.targets(2451,5): warning MSB3277:             C:\Users\ultra\.nuget\packages\hangfire.sqlserver\1.7.32\lib\netstandard2.0\Hangfire.SqlServer.dll [C:\Users\ultra\warewolf\Dev\Dev2.Server\Dev2.Server.csproj]
C:\Program Files\dotnet\sdk\10.0.201\Microsoft.Common.CurrentVersion.targets(2451,5): warning MSB3277:         C:\Program Files\dotnet\packs\Microsoft.NETCore.App.Ref\8.0.25\ref\net8.0\System.Drawing.dll [C:\Users\ultra\warewolf\Dev\Dev2.Server\Dev2.Server.csproj]
C:\Program Files\dotnet\sdk\10.0.201\Microsoft.Common.CurrentVersion.targets(2451,5): warning MSB3277:           Project file item includes which caused reference "C:\Program Files\dotnet\packs\Microsoft.NETCore.App.Ref\8.0.25\ref\net8.0\System.Drawing.dll". [C:\Users\ultra\warewolf\Dev\Dev2.Server\Dev2.Server.csproj]
C:\Program Files\dotnet\sdk\10.0.201\Microsoft.Common.CurrentVersion.targets(2451,5): warning MSB3277:             C:\Program Files\dotnet\packs\Microsoft.NETCore.App.Ref\8.0.25\ref/net8.0/System.Drawing.dll [C:\Users\ultra\warewolf\Dev\Dev2.Server\Dev2.Server.csproj]
C:\Program Files\dotnet\sdk\10.0.201\Microsoft.Common.CurrentVersion.targets(2451,5): warning MSB3277:             C:\Users\ultra\.nuget\packages\aerowizard\2.3.1\lib\net45\AeroWizard.dll [C:\Users\ultra\warewolf\Dev\Dev2.Server\Dev2.Server.csproj]
C:\Program Files\dotnet\sdk\10.0.201\Microsoft.Common.CurrentVersion.targets(2451,5): warning MSB3277:             C:\Users\ultra\.nuget\packages\groupcontrols\1.9.0\lib\net45\GroupControls.dll [C:\Users\ultra\warewolf\Dev\Dev2.Server\Dev2.Server.csproj]
C:\Program Files\dotnet\sdk\10.0.201\Microsoft.Common.CurrentVersion.targets(2451,5): warning MSB3277:             C:\Users\ultra\.nuget\packages\taskschedulereditor\2.10.1\lib\net452\Microsoft.Win32.TaskSchedulerEditor.dll [C:\Users\ultra\warewolf\Dev\Dev2.Server\Dev2.Server.csproj]
C:\Program Files\dotnet\sdk\10.0.201\Microsoft.Common.CurrentVersion.targets(2451,5): warning MSB3277: Found conflicts between different versions of "Microsoft.Win32.SystemEvents" that could not be resolved. [C:\Users\ultra\warewolf\Dev\Dev2.Activities.Designers\Dev2.Activities.Designers.csproj]
C:\Program Files\dotnet\sdk\10.0.201\Microsoft.Common.CurrentVersion.targets(2451,5): warning MSB3277: There was a conflict between "Microsoft.Win32.SystemEvents, Version=6.0.0.0, Culture=neutral, PublicKeyToken=cc7b13ffcd2ddd51" and "Microsoft.Win32.SystemEvents, Version=7.0.0.0, Culture=neutral, PublicKeyToken=cc7b13ffcd2ddd51". [C:\Users\ultra\warewolf\Dev\Dev2.Activities.Designers\Dev2.Activities.Designers.csproj]
C:\Program Files\dotnet\sdk\10.0.201\Microsoft.Common.CurrentVersion.targets(2451,5): warning MSB3277:     "Microsoft.Win32.SystemEvents, Version=6.0.0.0, Culture=neutral, PublicKeyToken=cc7b13ffcd2ddd51" was chosen because it was primary and "Microsoft.Win32.SystemEvents, Version=7.0.0.0, Culture=neutral, PublicKeyToken=cc7b13ffcd2ddd51" was not. [C:\Users\ultra\warewolf\Dev\Dev2.Activities.Designers\Dev2.Activities.Designers.csproj]
C:\Program Files\dotnet\sdk\10.0.201\Microsoft.Common.CurrentVersion.targets(2451,5): warning MSB3277:     References which depend on "Microsoft.Win32.SystemEvents, Version=6.0.0.0, Culture=neutral, PublicKeyToken=cc7b13ffcd2ddd51" [C:\Users\ultra\.nuget\packages\microsoft.win32.systemevents\6.0.0\lib\net6.0\Microsoft.Win32.SystemEvents.dll]. [C:\Users\ultra\warewolf\Dev\Dev2.Activities.Designers\Dev2.Activities.Designers.csproj]
C:\Program Files\dotnet\sdk\10.0.201\Microsoft.Common.CurrentVersion.targets(2451,5): warning MSB3277:         C:\Users\ultra\.nuget\packages\microsoft.win32.systemevents\6.0.0\lib\net6.0\Microsoft.Win32.SystemEvents.dll [C:\Users\ultra\warewolf\Dev\Dev2.Activities.Designers\Dev2.Activities.Designers.csproj]
C:\Program Files\dotnet\sdk\10.0.201\Microsoft.Common.CurrentVersion.targets(2451,5): warning MSB3277:           Project file item includes which caused reference "C:\Users\ultra\.nuget\packages\microsoft.win32.systemevents\6.0.0\lib\net6.0\Microsoft.Win32.SystemEvents.dll". [C:\Users\ultra\warewolf\Dev\Dev2.Activities.Designers\Dev2.Activities.Designers.csproj]
C:\Program Files\dotnet\sdk\10.0.201\Microsoft.Common.CurrentVersion.targets(2451,5): warning MSB3277:             C:\Users\ultra\.nuget\packages\microsoft.win32.systemevents\6.0.0\lib\net6.0\Microsoft.Win32.SystemEvents.dll [C:\Users\ultra\warewolf\Dev\Dev2.Activities.Designers\Dev2.Activities.Designers.csproj]
C:\Program Files\dotnet\sdk\10.0.201\Microsoft.Common.CurrentVersion.targets(2451,5): warning MSB3277:     References which depend on or have been unified to "Microsoft.Win32.SystemEvents, Version=7.0.0.0, Culture=neutral, PublicKeyToken=cc7b13ffcd2ddd51" []. [C:\Users\ultra\warewolf\Dev\Dev2.Activities.Designers\Dev2.Activities.Designers.csproj]
C:\Program Files\dotnet\sdk\10.0.201\Microsoft.Common.CurrentVersion.targets(2451,5): warning MSB3277:         C:\Users\ultra\warewolf\Dev\Dev2.Common\bin\Debug\net8.0\Dev2.Common.dll [C:\Users\ultra\warewolf\Dev\Dev2.Activities.Designers\Dev2.Activities.Designers.csproj]
C:\Program Files\dotnet\sdk\10.0.201\Microsoft.Common.CurrentVersion.targets(2451,5): warning MSB3277:           Project file item includes which caused reference "C:\Users\ultra\warewolf\Dev\Dev2.Common\bin\Debug\net8.0\Dev2.Common.dll". [C:\Users\ultra\warewolf\Dev\Dev2.Activities.Designers\Dev2.Activities.Designers.csproj]
C:\Program Files\dotnet\sdk\10.0.201\Microsoft.Common.CurrentVersion.targets(2451,5): warning MSB3277:             C:\Users\ultra\warewolf\Dev\Dev2.Common\bin\Debug\net8.0\Dev2.Common.dll [C:\Users\ultra\warewolf\Dev\Dev2.Activities.Designers\Dev2.Activities.Designers.csproj]
C:\Program Files\dotnet\sdk\10.0.201\Microsoft.Common.CurrentVersion.targets(2451,5): warning MSB3277:             C:\Users\ultra\warewolf\Dev\Dev2.Activities\bin\Debug\net8.0\Dev2.Activities.dll [C:\Users\ultra\warewolf\Dev\Dev2.Activities.Designers\Dev2.Activities.Designers.csproj]
C:\Program Files\dotnet\sdk\10.0.201\Microsoft.Common.CurrentVersion.targets(2451,5): warning MSB3277:             C:\Users\ultra\warewolf\Dev\Dev2.Core\bin\Debug\net8.0\Dev2.Core.dll [C:\Users\ultra\warewolf\Dev\Dev2.Activities.Designers\Dev2.Activities.Designers.csproj]
C:\Program Files\dotnet\sdk\10.0.201\Microsoft.Common.CurrentVersion.targets(2451,5): warning MSB3277:             C:\Users\ultra\warewolf\Dev\Dev2.Data\bin\Debug\net8.0\Dev2.Data.dll [C:\Users\ultra\warewolf\Dev\Dev2.Activities.Designers\Dev2.Activities.Designers.csproj]
C:\Program Files\dotnet\sdk\10.0.201\Microsoft.Common.CurrentVersion.targets(2451,5): warning MSB3277:             C:\Users\ultra\warewolf\Dev\Dev2.Diagnostics\bin\Debug\net8.0\Dev2.Diagnostics.dll [C:\Users\ultra\warewolf\Dev\Dev2.Activities.Designers\Dev2.Activities.Designers.csproj]
C:\Program Files\dotnet\sdk\10.0.201\Microsoft.Common.CurrentVersion.targets(2451,5): warning MSB3277:             C:\Users\ultra\warewolf\Dev\Dev2.Infrastructure\bin\Debug\net8.0\Dev2.Infrastructure.dll [C:\Users\ultra\warewolf\Dev\Dev2.Activities.Designers\Dev2.Activities.Designers.csproj]
C:\Program Files\dotnet\sdk\10.0.201\Microsoft.Common.CurrentVersion.targets(2451,5): warning MSB3277:             C:\Users\ultra\warewolf\Dev\Dev2.Intellisense\bin\Debug\net8.0\Dev2.Intellisense.dll [C:\Users\ultra\warewolf\Dev\Dev2.Activities.Designers\Dev2.Activities.Designers.csproj]
C:\Program Files\dotnet\sdk\10.0.201\Microsoft.Common.CurrentVersion.targets(2451,5): warning MSB3277:             C:\Users\ultra\warewolf\Dev\Dev2.Runtime.Services\bin\Debug\net8.0\Dev2.Runtime.Services.dll [C:\Users\ultra\warewolf\Dev\Dev2.Activities.Designers\Dev2.Activities.Designers.csproj]
C:\Program Files\dotnet\sdk\10.0.201\Microsoft.Common.CurrentVersion.targets(2451,5): warning MSB3277:             C:\Users\ultra\warewolf\Dev\Dev2.Studio.Core\bin\Debug\net8.0\Dev2.Studio.Core.dll [C:\Users\ultra\warewolf\Dev\Dev2.Activities.Designers\Dev2.Activities.Designers.csproj]
C:\Program Files\dotnet\sdk\10.0.201\Microsoft.Common.CurrentVersion.targets(2451,5): warning MSB3277:             C:\Users\ultra\warewolf\Dev\Dev2.Studio.Interfaces\bin\Debug\net8.0\Dev2.Studio.Interfaces.dll [C:\Users\ultra\warewolf\Dev\Dev2.Activities.Designers\Dev2.Activities.Designers.csproj]
C:\Program Files\dotnet\sdk\10.0.201\Microsoft.Common.CurrentVersion.targets(2451,5): warning MSB3277:             C:\Users\ultra\warewolf\Dev\Dev2.Util\bin\Debug\net8.0\Dev2.Util.dll [C:\Users\ultra\warewolf\Dev\Dev2.Activities.Designers\Dev2.Activities.Designers.csproj]
C:\Program Files\dotnet\sdk\10.0.201\Microsoft.Common.CurrentVersion.targets(2451,5): warning MSB3277:             C:\Users\ultra\warewolf\Dev\Warewolf.Storage\bin\Debug\net8.0\Warewolf.Storage.dll [C:\Users\ultra\warewolf\Dev\Dev2.Activities.Designers\Dev2.Activities.Designers.csproj]
C:\Program Files\dotnet\sdk\10.0.201\Microsoft.Common.CurrentVersion.targets(2451,5): warning MSB3277:             C:\Users\ultra\warewolf\Dev\Warewolf.Core\bin\Debug\net8.0\Warewolf.Core.dll [C:\Users\ultra\warewolf\Dev\Dev2.Activities.Designers\Dev2.Activities.Designers.csproj]
C:\Program Files\dotnet\sdk\10.0.201\Microsoft.Common.CurrentVersion.targets(2451,5): warning MSB3277:             C:\Users\ultra\warewolf\Dev\Warewolf.Studio.Core\bin\Debug\net8.0\Warewolf.Studio.Core.dll [C:\Users\ultra\warewolf\Dev\Dev2.Activities.Designers\Dev2.Activities.Designers.csproj]
C:\Program Files\dotnet\sdk\10.0.201\Microsoft.Common.CurrentVersion.targets(2451,5): warning MSB3277:             C:\Users\ultra\warewolf\Dev\Warewolf.Studio.CustomControls\bin\Debug\net8.0\Warewolf.Studio.CustomControls.dll [C:\Users\ultra\warewolf\Dev\Dev2.Activities.Designers\Dev2.Activities.Designers.csproj]
C:\Program Files\dotnet\sdk\10.0.201\Microsoft.Common.CurrentVersion.targets(2451,5): warning MSB3277:             C:\Users\ultra\warewolf\Dev\Warewolf.Studio.Models\bin\Debug\net8.0\Warewolf.Studio.Models.dll [C:\Users\ultra\warewolf\Dev\Dev2.Activities.Designers\Dev2.Activities.Designers.csproj]
C:\Program Files\dotnet\sdk\10.0.201\Microsoft.Common.CurrentVersion.targets(2451,5): warning MSB3277:             C:\Users\ultra\warewolf\Dev\Warewolf.UI\bin\Debug\net8.0\Warewolf.UI.dll [C:\Users\ultra\warewolf\Dev\Dev2.Activities.Designers\Dev2.Activities.Designers.csproj]
C:\Program Files\dotnet\sdk\10.0.201\Microsoft.Common.CurrentVersion.targets(2451,5): warning MSB3277:             C:\Users\ultra\warewolf\Dev\Dev2.Development.Languages\bin\Debug\net8.0\Dev2.Development.Languages.dll [C:\Users\ultra\warewolf\Dev\Dev2.Activities.Designers\Dev2.Activities.Designers.csproj]
C:\Program Files\dotnet\sdk\10.0.201\Microsoft.Common.CurrentVersion.targets(2451,5): warning MSB3277:             C:\Users\ultra\warewolf\Dev\Dev2.Scheduler\bin\Debug\net8.0\Dev2.Scheduler.dll [C:\Users\ultra\warewolf\Dev\Dev2.Activities.Designers\Dev2.Activities.Designers.csproj]
C:\Program Files\dotnet\sdk\10.0.201\Microsoft.Common.CurrentVersion.targets(2451,5): warning MSB3277:             C:\Users\ultra\warewolf\Dev\Dev2.Services.Execution\bin\Debug\net8.0\Dev2.Services.Execution.dll [C:\Users\ultra\warewolf\Dev\Dev2.Activities.Designers\Dev2.Activities.Designers.csproj]
C:\Program Files\dotnet\sdk\10.0.201\Microsoft.Common.CurrentVersion.targets(2451,5): warning MSB3277:             C:\Users\ultra\warewolf\Dev\Dev2.Services.Sql\bin\Debug\net8.0\Dev2.Services.Sql.dll [C:\Users\ultra\warewolf\Dev\Dev2.Activities.Designers\Dev2.Activities.Designers.csproj]
C:\Program Files\dotnet\sdk\10.0.201\Microsoft.Common.CurrentVersion.targets(2451,5): warning MSB3277:             C:\Users\ultra\warewolf\Dev\Dev2.TaskScheduler.Wrappers\bin\Debug\net8.0\Dev2.TaskScheduler.Wrappers.dll [C:\Users\ultra\warewolf\Dev\Dev2.Activities.Designers\Dev2.Activities.Designers.csproj]
C:\Program Files\dotnet\sdk\10.0.201\Microsoft.Common.CurrentVersion.targets(2451,5): warning MSB3277:             C:\Users\ultra\warewolf\Dev\Warewolf.AI.Harness\bin\Debug\net8.0\Warewolf.AI.Harness.dll [C:\Users\ultra\warewolf\Dev\Dev2.Activities.Designers\Dev2.Activities.Designers.csproj]
C:\Program Files\dotnet\sdk\10.0.201\Microsoft.Common.CurrentVersion.targets(2451,5): warning MSB3277:             C:\Users\ultra\warewolf\Dev\Warewolf.Auditing\bin\Debug\net8.0\Warewolf.Auditing.dll [C:\Users\ultra\warewolf\Dev\Dev2.Activities.Designers\Dev2.Activities.Designers.csproj]
C:\Program Files\dotnet\sdk\10.0.201\Microsoft.Common.CurrentVersion.targets(2451,5): warning MSB3277:             C:\Users\ultra\warewolf\Dev\Warewolf.Common.NetStandard20\bin\Debug\net8.0\Warewolf.Common.NetStandard20.dll [C:\Users\ultra\warewolf\Dev\Dev2.Activities.Designers\Dev2.Activities.Designers.csproj]
C:\Program Files\dotnet\sdk\10.0.201\Microsoft.Common.CurrentVersion.targets(2451,5): warning MSB3277:             C:\Users\ultra\warewolf\Dev\Warewolf.Driver.Persistence\bin\Debug\net8.0\Warewolf.Driver.Persistence.dll [C:\Users\ultra\warewolf\Dev\Dev2.Activities.Designers\Dev2.Activities.Designers.csproj]
C:\Program Files\dotnet\sdk\10.0.201\Microsoft.Common.CurrentVersion.targets(2451,5): warning MSB3277:             C:\Users\ultra\warewolf\Dev\Warewolf.Driver.Serilog\bin\Debug\net8.0\Warewolf.Driver.Serilog.dll [C:\Users\ultra\warewolf\Dev\Dev2.Activities.Designers\Dev2.Activities.Designers.csproj]
C:\Program Files\dotnet\sdk\10.0.201\Microsoft.Common.CurrentVersion.targets(2451,5): warning MSB3277:             C:\Users\ultra\warewolf\Dev\Warewolf.Exchange.Email.Wrapper\bin\Debug\net8.0\Warewolf.Exchange.Email.Wrapper.dll [C:\Users\ultra\warewolf\Dev\Dev2.Activities.Designers\Dev2.Activities.Designers.csproj]
C:\Program Files\dotnet\sdk\10.0.201\Microsoft.Common.CurrentVersion.targets(2451,5): warning MSB3277:             C:\Users\ultra\warewolf\Dev\Warewolf.ResourceManagement\bin\Debug\net8.0\Warewolf.ResourceManagement.dll [C:\Users\ultra\warewolf\Dev\Dev2.Activities.Designers\Dev2.Activities.Designers.csproj]
C:\Program Files\dotnet\sdk\10.0.201\Microsoft.Common.CurrentVersion.targets(2451,5): warning MSB3277:             C:\Users\ultra\warewolf\Dev\Warewolf.Sharepoint\bin\Debug\net8.0\Warewolf.Sharepoint.dll [C:\Users\ultra\warewolf\Dev\Dev2.Activities.Designers\Dev2.Activities.Designers.csproj]
C:\Program Files\dotnet\sdk\10.0.201\Microsoft.Common.CurrentVersion.targets(2451,5): warning MSB3277:         C:\Users\ultra\warewolf\Dev\Binaries\Infragistcs_Net6\InfragisticsWPF4.Editors.v15.1.dll [C:\Users\ultra\warewolf\Dev\Dev2.Activities.Designers\Dev2.Activities.Designers.csproj]
C:\Program Files\dotnet\sdk\10.0.201\Microsoft.Common.CurrentVersion.targets(2451,5): warning MSB3277:           Project file item includes which caused reference "C:\Users\ultra\warewolf\Dev\Binaries\Infragistcs_Net6\InfragisticsWPF4.Editors.v15.1.dll". [C:\Users\ultra\warewolf\Dev\Dev2.Activities.Designers\Dev2.Activities.Designers.csproj]
C:\Program Files\dotnet\sdk\10.0.201\Microsoft.Common.CurrentVersion.targets(2451,5): warning MSB3277:             InfragisticsWPF4.Editors.v15.1, Version=15.1.20151.2055, Culture=neutral, processorArchitecture=MSIL [C:\Users\ultra\warewolf\Dev\Dev2.Activities.Designers\Dev2.Activities.Designers.csproj]
C:\Program Files\dotnet\sdk\10.0.201\Microsoft.Common.CurrentVersion.targets(2451,5): warning MSB3277:         C:\Users\ultra\warewolf\Dev\Binaries\Infragistcs_Net6\InfragisticsWPF4.v15.1.dll [C:\Users\ultra\warewolf\Dev\Dev2.Activities.Designers\Dev2.Activities.Designers.csproj]
C:\Program Files\dotnet\sdk\10.0.201\Microsoft.Common.CurrentVersion.targets(2451,5): warning MSB3277:           Project file item includes which caused reference "C:\Users\ultra\warewolf\Dev\Binaries\Infragistcs_Net6\InfragisticsWPF4.v15.1.dll". [C:\Users\ultra\warewolf\Dev\Dev2.Activities.Designers\Dev2.Activities.Designers.csproj]
C:\Program Files\dotnet\sdk\10.0.201\Microsoft.Common.CurrentVersion.targets(2451,5): warning MSB3277:             InfragisticsWPF4.v15.1, Version=15.1.20151.2055, Culture=neutral, PublicKeyToken=7dd5c3163f2cd0cb, processorArchitecture=MSIL [C:\Users\ultra\warewolf\Dev\Dev2.Activities.Designers\Dev2.Activities.Designers.csproj]
C:\Program Files\dotnet\sdk\10.0.201\Microsoft.Common.CurrentVersion.targets(2451,5): warning MSB3277:             InfragisticsWPF4.Controls.Editors.XamComboEditor.v15.1, Version=15.1.20151.2055, Culture=neutral, processorArchitecture=MSIL [C:\Users\ultra\warewolf\Dev\Dev2.Activities.Designers\Dev2.Activities.Designers.csproj]
C:\Program Files\dotnet\sdk\10.0.201\Microsoft.Common.CurrentVersion.targets(2451,5): warning MSB3277:             InfragisticsWPF4.Controls.Grids.XamGrid.v15.1 [C:\Users\ultra\warewolf\Dev\Dev2.Activities.Designers\Dev2.Activities.Designers.csproj]
C:\Program Files\dotnet\sdk\10.0.201\Microsoft.Common.CurrentVersion.targets(2451,5): warning MSB3277:             InfragisticsWPF4.Controls.Interactions.XamDialogWindow.v15.1, Version=15.1.20151.2055, Culture=neutral, PublicKeyToken=7dd5c3163f2cd0cb, processorArchitecture=MSIL [C:\Users\ultra\warewolf\Dev\Dev2.Activities.Designers\Dev2.Activities.Designers.csproj]
C:\Program Files\dotnet\sdk\10.0.201\Microsoft.Common.CurrentVersion.targets(2451,5): warning MSB3277:             InfragisticsWPF4.Controls.Menus.XamDataTree.v15.1 [C:\Users\ultra\warewolf\Dev\Dev2.Activities.Designers\Dev2.Activities.Designers.csproj]
C:\Program Files\dotnet\sdk\10.0.201\Microsoft.Common.CurrentVersion.targets(2451,5): warning MSB3277:             InfragisticsWPF4.Controls.Menus.XamMenu.v15.1, Version=15.1.20151.2055, Culture=neutral, processorArchitecture=MSIL [C:\Users\ultra\warewolf\Dev\Dev2.Activities.Designers\Dev2.Activities.Designers.csproj]
C:\Program Files\dotnet\sdk\10.0.201\Microsoft.Common.CurrentVersion.targets(2451,5): warning MSB3277:             InfragisticsWPF4.DataManager.v15.1, Version=15.1.20151.2188, Culture=neutral, PublicKeyToken=7dd5c3163f2cd0cb, processorArchitecture=MSIL [C:\Users\ultra\warewolf\Dev\Dev2.Activities.Designers\Dev2.Activities.Designers.csproj]
C:\Program Files\dotnet\sdk\10.0.201\Microsoft.Common.CurrentVersion.targets(2451,5): warning MSB3277:             InfragisticsWPF4.Editors.v15.1, Version=15.1.20151.2055, Culture=neutral, processorArchitecture=MSIL [C:\Users\ultra\warewolf\Dev\Dev2.Activities.Designers\Dev2.Activities.Designers.csproj]
C:\Program Files\dotnet\sdk\10.0.201\Microsoft.Common.CurrentVersion.targets(2451,5): warning MSB3277:         C:\Users\ultra\.nuget\packages\timespan2\2.4.2\lib\netcoreapp3.1\TimeSpan2.dll [C:\Users\ultra\warewolf\Dev\Dev2.Activities.Designers\Dev2.Activities.Designers.csproj]
C:\Program Files\dotnet\sdk\10.0.201\Microsoft.Common.CurrentVersion.targets(2451,5): warning MSB3277:           Project file item includes which caused reference "C:\Users\ultra\.nuget\packages\timespan2\2.4.2\lib\netcoreapp3.1\TimeSpan2.dll". [C:\Users\ultra\warewolf\Dev\Dev2.Activities.Designers\Dev2.Activities.Designers.csproj]
C:\Program Files\dotnet\sdk\10.0.201\Microsoft.Common.CurrentVersion.targets(2451,5): warning MSB3277:             C:\Users\ultra\.nuget\packages\timespan2\2.4.2\lib\netcoreapp3.1\TimeSpan2.dll [C:\Users\ultra\warewolf\Dev\Dev2.Activities.Designers\Dev2.Activities.Designers.csproj]
C:\Program Files\dotnet\sdk\10.0.201\Microsoft.Common.CurrentVersion.targets(2451,5): warning MSB3277:             C:\Users\ultra\.nuget\packages\taskschedulereditor\2.10.1\lib\net452\Microsoft.Win32.TaskSchedulerEditor.dll [C:\Users\ultra\warewolf\Dev\Dev2.Activities.Designers\Dev2.Activities.Designers.csproj]
C:\Program Files\dotnet\sdk\10.0.201\Microsoft.Common.CurrentVersion.targets(2451,5): warning MSB3277:         C:\Program Files\dotnet\packs\Microsoft.NETCore.App.Ref\8.0.25\ref\net8.0\System.dll [C:\Users\ultra\warewolf\Dev\Dev2.Activities.Designers\Dev2.Activities.Designers.csproj]
C:\Program Files\dotnet\sdk\10.0.201\Microsoft.Common.CurrentVersion.targets(2451,5): warning MSB3277:           Project file item includes which caused reference "C:\Program Files\dotnet\packs\Microsoft.NETCore.App.Ref\8.0.25\ref\net8.0\System.dll". [C:\Users\ultra\warewolf\Dev\Dev2.Activities.Designers\Dev2.Activities.Designers.csproj]
C:\Program Files\dotnet\sdk\10.0.201\Microsoft.Common.CurrentVersion.targets(2451,5): warning MSB3277:             C:\Program Files\dotnet\packs\Microsoft.NETCore.App.Ref\8.0.25\ref/net8.0/System.dll [C:\Users\ultra\warewolf\Dev\Dev2.Activities.Designers\Dev2.Activities.Designers.csproj]
C:\Program Files\dotnet\sdk\10.0.201\Microsoft.Common.CurrentVersion.targets(2451,5): warning MSB3277:             C:\Users\ultra\.nuget\packages\aerowizard\2.3.1\lib\net45\AeroWizard.dll [C:\Users\ultra\warewolf\Dev\Dev2.Activities.Designers\Dev2.Activities.Designers.csproj]
C:\Program Files\dotnet\sdk\10.0.201\Microsoft.Common.CurrentVersion.targets(2451,5): warning MSB3277:             C:\Users\ultra\.nuget\packages\groupcontrols\1.9.0\lib\net45\GroupControls.dll [C:\Users\ultra\warewolf\Dev\Dev2.Activities.Designers\Dev2.Activities.Designers.csproj]
C:\Program Files\dotnet\sdk\10.0.201\Microsoft.Common.CurrentVersion.targets(2451,5): warning MSB3277:             C:\Users\ultra\.nuget\packages\microsoft.xaml.behaviors.wpf\1.1.122\lib\net462\Microsoft.Xaml.Behaviors.dll [C:\Users\ultra\warewolf\Dev\Dev2.Activities.Designers\Dev2.Activities.Designers.csproj]
C:\Program Files\dotnet\sdk\10.0.201\Microsoft.Common.CurrentVersion.targets(2451,5): warning MSB3277:             C:\Users\ultra\.nuget\packages\caliburn.micro\4.0.212\lib\netcoreapp3.1\Caliburn.Micro.Platform.dll [C:\Users\ultra\warewolf\Dev\Dev2.Activities.Designers\Dev2.Activities.Designers.csproj]
C:\Program Files\dotnet\sdk\10.0.201\Microsoft.Common.CurrentVersion.targets(2451,5): warning MSB3277:             C:\Users\ultra\.nuget\packages\prism.wpf\9.0.537\lib\net462\Prism.Wpf.dll [C:\Users\ultra\warewolf\Dev\Dev2.Activities.Designers\Dev2.Activities.Designers.csproj]
C:\Program Files\dotnet\sdk\10.0.201\Microsoft.Common.CurrentVersion.targets(2451,5): warning MSB3277:             C:\Users\ultra\.nuget\packages\reactiveui.wpf\18.4.1\lib\net462\ReactiveUI.Wpf.dll [C:\Users\ultra\warewolf\Dev\Dev2.Activities.Designers\Dev2.Activities.Designers.csproj]
C:\Program Files\dotnet\sdk\10.0.201\Microsoft.Common.CurrentVersion.targets(2451,5): warning MSB3277:             C:\Users\ultra\.nuget\packages\taskschedulereditor\2.10.1\lib\net452\Microsoft.Win32.TaskSchedulerEditor.dll [C:\Users\ultra\warewolf\Dev\Dev2.Activities.Designers\Dev2.Activities.Designers.csproj]
C:\Program Files\dotnet\sdk\10.0.201\Microsoft.Common.CurrentVersion.targets(2451,5): warning MSB3277:             C:\Users\ultra\.nuget\packages\ttcue.netcore.sharepointonline.csom.16.1.8029.1200\16.1.8029.1200\lib\netcoreapp2.0\Microsoft.SharePoint.Client.Runtime.Windows.dll [C:\Users\ultra\warewolf\Dev\Dev2.Activities.Designers\Dev2.Activities.Designers.csproj]
C:\Program Files\dotnet\sdk\10.0.201\Microsoft.Common.CurrentVersion.targets(2451,5): warning MSB3277: Found conflicts between different versions of "System.Security.Permissions" that could not be resolved. [C:\Users\ultra\warewolf\Dev\Dev2.Activities.Designers\Dev2.Activities.Designers.csproj]
C:\Program Files\dotnet\sdk\10.0.201\Microsoft.Common.CurrentVersion.targets(2451,5): warning MSB3277: There was a conflict between "System.Security.Permissions, Version=6.0.0.0, Culture=neutral, PublicKeyToken=cc7b13ffcd2ddd51" and "System.Security.Permissions, Version=7.0.0.0, Culture=neutral, PublicKeyToken=cc7b13ffcd2ddd51". [C:\Users\ultra\warewolf\Dev\Dev2.Activities.Designers\Dev2.Activities.Designers.csproj]
C:\Program Files\dotnet\sdk\10.0.201\Microsoft.Common.CurrentVersion.targets(2451,5): warning MSB3277:     "System.Security.Permissions, Version=6.0.0.0, Culture=neutral, PublicKeyToken=cc7b13ffcd2ddd51" was chosen because it was primary and "System.Security.Permissions, Version=7.0.0.0, Culture=neutral, PublicKeyToken=cc7b13ffcd2ddd51" was not. [C:\Users\ultra\warewolf\Dev\Dev2.Activities.Designers\Dev2.Activities.Designers.csproj]
C:\Program Files\dotnet\sdk\10.0.201\Microsoft.Common.CurrentVersion.targets(2451,5): warning MSB3277:     References which depend on "System.Security.Permissions, Version=6.0.0.0, Culture=neutral, PublicKeyToken=cc7b13ffcd2ddd51" [C:\Users\ultra\.nuget\packages\system.security.permissions\6.0.0\lib\net6.0\System.Security.Permissions.dll]. [C:\Users\ultra\warewolf\Dev\Dev2.Activities.Designers\Dev2.Activities.Designers.csproj]
C:\Program Files\dotnet\sdk\10.0.201\Microsoft.Common.CurrentVersion.targets(2451,5): warning MSB3277:         C:\Users\ultra\.nuget\packages\system.security.permissions\6.0.0\lib\net6.0\System.Security.Permissions.dll [C:\Users\ultra\warewolf\Dev\Dev2.Activities.Designers\Dev2.Activities.Designers.csproj]
C:\Program Files\dotnet\sdk\10.0.201\Microsoft.Common.CurrentVersion.targets(2451,5): warning MSB3277:           Project file item includes which caused reference "C:\Users\ultra\.nuget\packages\system.security.permissions\6.0.0\lib\net6.0\System.Security.Permissions.dll". [C:\Users\ultra\warewolf\Dev\Dev2.Activities.Designers\Dev2.Activities.Designers.csproj]
C:\Program Files\dotnet\sdk\10.0.201\Microsoft.Common.CurrentVersion.targets(2451,5): warning MSB3277:             C:\Users\ultra\.nuget\packages\system.security.permissions\6.0.0\lib\net6.0\System.Security.Permissions.dll [C:\Users\ultra\warewolf\Dev\Dev2.Activities.Designers\Dev2.Activities.Designers.csproj]
C:\Program Files\dotnet\sdk\10.0.201\Microsoft.Common.CurrentVersion.targets(2451,5): warning MSB3277:     References which depend on or have been unified to "System.Security.Permissions, Version=7.0.0.0, Culture=neutral, PublicKeyToken=cc7b13ffcd2ddd51" []. [C:\Users\ultra\warewolf\Dev\Dev2.Activities.Designers\Dev2.Activities.Designers.csproj]
C:\Program Files\dotnet\sdk\10.0.201\Microsoft.Common.CurrentVersion.targets(2451,5): warning MSB3277:         C:\Users\ultra\warewolf\Dev\Dev2.Data\bin\Debug\net8.0\Dev2.Data.dll [C:\Users\ultra\warewolf\Dev\Dev2.Activities.Designers\Dev2.Activities.Designers.csproj]
C:\Program Files\dotnet\sdk\10.0.201\Microsoft.Common.CurrentVersion.targets(2451,5): warning MSB3277:           Project file item includes which caused reference "C:\Users\ultra\warewolf\Dev\Dev2.Data\bin\Debug\net8.0\Dev2.Data.dll". [C:\Users\ultra\warewolf\Dev\Dev2.Activities.Designers\Dev2.Activities.Designers.csproj]
C:\Program Files\dotnet\sdk\10.0.201\Microsoft.Common.CurrentVersion.targets(2451,5): warning MSB3277:             C:\Users\ultra\warewolf\Dev\Dev2.Data\bin\Debug\net8.0\Dev2.Data.dll [C:\Users\ultra\warewolf\Dev\Dev2.Activities.Designers\Dev2.Activities.Designers.csproj]
C:\Program Files\dotnet\sdk\10.0.201\Microsoft.Common.CurrentVersion.targets(2451,5): warning MSB3277:             C:\Users\ultra\warewolf\Dev\Dev2.Activities\bin\Debug\net8.0\Dev2.Activities.dll [C:\Users\ultra\warewolf\Dev\Dev2.Activities.Designers\Dev2.Activities.Designers.csproj]
C:\Program Files\dotnet\sdk\10.0.201\Microsoft.Common.CurrentVersion.targets(2451,5): warning MSB3277:             C:\Users\ultra\warewolf\Dev\Dev2.Core\bin\Debug\net8.0\Dev2.Core.dll [C:\Users\ultra\warewolf\Dev\Dev2.Activities.Designers\Dev2.Activities.Designers.csproj]
C:\Program Files\dotnet\sdk\10.0.201\Microsoft.Common.CurrentVersion.targets(2451,5): warning MSB3277:             C:\Users\ultra\warewolf\Dev\Dev2.Intellisense\bin\Debug\net8.0\Dev2.Intellisense.dll [C:\Users\ultra\warewolf\Dev\Dev2.Activities.Designers\Dev2.Activities.Designers.csproj]
C:\Program Files\dotnet\sdk\10.0.201\Microsoft.Common.CurrentVersion.targets(2451,5): warning MSB3277:             C:\Users\ultra\warewolf\Dev\Dev2.Runtime.Services\bin\Debug\net8.0\Dev2.Runtime.Services.dll [C:\Users\ultra\warewolf\Dev\Dev2.Activities.Designers\Dev2.Activities.Designers.csproj]
C:\Program Files\dotnet\sdk\10.0.201\Microsoft.Common.CurrentVersion.targets(2451,5): warning MSB3277:             C:\Users\ultra\warewolf\Dev\Dev2.Studio.Core\bin\Debug\net8.0\Dev2.Studio.Core.dll [C:\Users\ultra\warewolf\Dev\Dev2.Activities.Designers\Dev2.Activities.Designers.csproj]
C:\Program Files\dotnet\sdk\10.0.201\Microsoft.Common.CurrentVersion.targets(2451,5): warning MSB3277:             C:\Users\ultra\warewolf\Dev\Dev2.Studio.Interfaces\bin\Debug\net8.0\Dev2.Studio.Interfaces.dll [C:\Users\ultra\warewolf\Dev\Dev2.Activities.Designers\Dev2.Activities.Designers.csproj]
C:\Program Files\dotnet\sdk\10.0.201\Microsoft.Common.CurrentVersion.targets(2451,5): warning MSB3277:             C:\Users\ultra\warewolf\Dev\Warewolf.Core\bin\Debug\net8.0\Warewolf.Core.dll [C:\Users\ultra\warewolf\Dev\Dev2.Activities.Designers\Dev2.Activities.Designers.csproj]
C:\Program Files\dotnet\sdk\10.0.201\Microsoft.Common.CurrentVersion.targets(2451,5): warning MSB3277:             C:\Users\ultra\warewolf\Dev\Warewolf.Studio.Core\bin\Debug\net8.0\Warewolf.Studio.Core.dll [C:\Users\ultra\warewolf\Dev\Dev2.Activities.Designers\Dev2.Activities.Designers.csproj]
C:\Program Files\dotnet\sdk\10.0.201\Microsoft.Common.CurrentVersion.targets(2451,5): warning MSB3277:             C:\Users\ultra\warewolf\Dev\Warewolf.Studio.CustomControls\bin\Debug\net8.0\Warewolf.Studio.CustomControls.dll [C:\Users\ultra\warewolf\Dev\Dev2.Activities.Designers\Dev2.Activities.Designers.csproj]
C:\Program Files\dotnet\sdk\10.0.201\Microsoft.Common.CurrentVersion.targets(2451,5): warning MSB3277:             C:\Users\ultra\warewolf\Dev\Warewolf.Studio.Models\bin\Debug\net8.0\Warewolf.Studio.Models.dll [C:\Users\ultra\warewolf\Dev\Dev2.Activities.Designers\Dev2.Activities.Designers.csproj]
C:\Program Files\dotnet\sdk\10.0.201\Microsoft.Common.CurrentVersion.targets(2451,5): warning MSB3277:             C:\Users\ultra\warewolf\Dev\Warewolf.UI\bin\Debug\net8.0\Warewolf.UI.dll [C:\Users\ultra\warewolf\Dev\Dev2.Activities.Designers\Dev2.Activities.Designers.csproj]
C:\Program Files\dotnet\sdk\10.0.201\Microsoft.Common.CurrentVersion.targets(2451,5): warning MSB3277:             C:\Users\ultra\warewolf\Dev\Dev2.Scheduler\bin\Debug\net8.0\Dev2.Scheduler.dll [C:\Users\ultra\warewolf\Dev\Dev2.Activities.Designers\Dev2.Activities.Designers.csproj]
C:\Program Files\dotnet\sdk\10.0.201\Microsoft.Common.CurrentVersion.targets(2451,5): warning MSB3277:             C:\Users\ultra\warewolf\Dev\Dev2.Services.Execution\bin\Debug\net8.0\Dev2.Services.Execution.dll [C:\Users\ultra\warewolf\Dev\Dev2.Activities.Designers\Dev2.Activities.Designers.csproj]
C:\Program Files\dotnet\sdk\10.0.201\Microsoft.Common.CurrentVersion.targets(2451,5): warning MSB3277:             C:\Users\ultra\warewolf\Dev\Warewolf.Auditing\bin\Debug\net8.0\Warewolf.Auditing.dll [C:\Users\ultra\warewolf\Dev\Dev2.Activities.Designers\Dev2.Activities.Designers.csproj]
C:\Program Files\dotnet\sdk\10.0.201\Microsoft.Common.CurrentVersion.targets(2451,5): warning MSB3277:             C:\Users\ultra\warewolf\Dev\Warewolf.Common.NetStandard20\bin\Debug\net8.0\Warewolf.Common.NetStandard20.dll [C:\Users\ultra\warewolf\Dev\Dev2.Activities.Designers\Dev2.Activities.Designers.csproj]
C:\Program Files\dotnet\sdk\10.0.201\Microsoft.Common.CurrentVersion.targets(2451,5): warning MSB3277:             C:\Users\ultra\warewolf\Dev\Warewolf.Driver.Persistence\bin\Debug\net8.0\Warewolf.Driver.Persistence.dll [C:\Users\ultra\warewolf\Dev\Dev2.Activities.Designers\Dev2.Activities.Designers.csproj]
C:\Program Files\dotnet\sdk\10.0.201\Microsoft.Common.CurrentVersion.targets(2451,5): warning MSB3277:             C:\Users\ultra\warewolf\Dev\Warewolf.Exchange.Email.Wrapper\bin\Debug\net8.0\Warewolf.Exchange.Email.Wrapper.dll [C:\Users\ultra\warewolf\Dev\Dev2.Activities.Designers\Dev2.Activities.Designers.csproj]
C:\Program Files\dotnet\sdk\10.0.201\Microsoft.Common.CurrentVersion.targets(2451,5): warning MSB3277:             C:\Users\ultra\warewolf\Dev\Warewolf.ResourceManagement\bin\Debug\net8.0\Warewolf.ResourceManagement.dll [C:\Users\ultra\warewolf\Dev\Dev2.Activities.Designers\Dev2.Activities.Designers.csproj]
C:\Program Files\dotnet\sdk\10.0.201\Microsoft.Common.CurrentVersion.targets(2451,5): warning MSB3277:         C:\Users\ultra\warewolf\Dev\Warewolf.Studio.CustomControls\bin\Debug\net8.0\Warewolf.Studio.CustomControls.dll [C:\Users\ultra\warewolf\Dev\Dev2.Activities.Designers\Dev2.Activities.Designers.csproj]
C:\Program Files\dotnet\sdk\10.0.201\Microsoft.Common.CurrentVersion.targets(2451,5): warning MSB3277:           Project file item includes which caused reference "C:\Users\ultra\warewolf\Dev\Warewolf.Studio.CustomControls\bin\Debug\net8.0\Warewolf.Studio.CustomControls.dll". [C:\Users\ultra\warewolf\Dev\Dev2.Activities.Designers\Dev2.Activities.Designers.csproj]
C:\Program Files\dotnet\sdk\10.0.201\Microsoft.Common.CurrentVersion.targets(2451,5): warning MSB3277:             C:\Users\ultra\warewolf\Dev\Warewolf.Studio.CustomControls\bin\Debug\net8.0\Warewolf.Studio.CustomControls.dll [C:\Users\ultra\warewolf\Dev\Dev2.Activities.Designers\Dev2.Activities.Designers.csproj]
C:\Program Files\dotnet\sdk\10.0.201\Microsoft.Common.CurrentVersion.targets(2451,5): warning MSB3277:         C:\Users\ultra\warewolf\Dev\Binaries\Infragistcs_Net6\InfragisticsWPF4.v15.1.dll [C:\Users\ultra\warewolf\Dev\Dev2.Activities.Designers\Dev2.Activities.Designers.csproj]
C:\Program Files\dotnet\sdk\10.0.201\Microsoft.Common.CurrentVersion.targets(2451,5): warning MSB3277:           Project file item includes which caused reference "C:\Users\ultra\warewolf\Dev\Binaries\Infragistcs_Net6\InfragisticsWPF4.v15.1.dll". [C:\Users\ultra\warewolf\Dev\Dev2.Activities.Designers\Dev2.Activities.Designers.csproj]
C:\Program Files\dotnet\sdk\10.0.201\Microsoft.Common.CurrentVersion.targets(2451,5): warning MSB3277:             InfragisticsWPF4.v15.1, Version=15.1.20151.2055, Culture=neutral, PublicKeyToken=7dd5c3163f2cd0cb, processorArchitecture=MSIL [C:\Users\ultra\warewolf\Dev\Dev2.Activities.Designers\Dev2.Activities.Designers.csproj]
C:\Program Files\dotnet\sdk\10.0.201\Microsoft.Common.CurrentVersion.targets(2451,5): warning MSB3277:             InfragisticsWPF4.Controls.Editors.XamComboEditor.v15.1, Version=15.1.20151.2055, Culture=neutral, processorArchitecture=MSIL [C:\Users\ultra\warewolf\Dev\Dev2.Activities.Designers\Dev2.Activities.Designers.csproj]
C:\Program Files\dotnet\sdk\10.0.201\Microsoft.Common.CurrentVersion.targets(2451,5): warning MSB3277:             InfragisticsWPF4.Controls.Grids.XamGrid.v15.1 [C:\Users\ultra\warewolf\Dev\Dev2.Activities.Designers\Dev2.Activities.Designers.csproj]
C:\Program Files\dotnet\sdk\10.0.201\Microsoft.Common.CurrentVersion.targets(2451,5): warning MSB3277:             InfragisticsWPF4.Controls.Interactions.XamDialogWindow.v15.1, Version=15.1.20151.2055, Culture=neutral, PublicKeyToken=7dd5c3163f2cd0cb, processorArchitecture=MSIL [C:\Users\ultra\warewolf\Dev\Dev2.Activities.Designers\Dev2.Activities.Designers.csproj]
C:\Program Files\dotnet\sdk\10.0.201\Microsoft.Common.CurrentVersion.targets(2451,5): warning MSB3277:             InfragisticsWPF4.Controls.Menus.XamDataTree.v15.1 [C:\Users\ultra\warewolf\Dev\Dev2.Activities.Designers\Dev2.Activities.Designers.csproj]
C:\Program Files\dotnet\sdk\10.0.201\Microsoft.Common.CurrentVersion.targets(2451,5): warning MSB3277:             InfragisticsWPF4.Controls.Menus.XamMenu.v15.1, Version=15.1.20151.2055, Culture=neutral, processorArchitecture=MSIL [C:\Users\ultra\warewolf\Dev\Dev2.Activities.Designers\Dev2.Activities.Designers.csproj]
C:\Program Files\dotnet\sdk\10.0.201\Microsoft.Common.CurrentVersion.targets(2451,5): warning MSB3277:             InfragisticsWPF4.DataManager.v15.1, Version=15.1.20151.2188, Culture=neutral, PublicKeyToken=7dd5c3163f2cd0cb, processorArchitecture=MSIL [C:\Users\ultra\warewolf\Dev\Dev2.Activities.Designers\Dev2.Activities.Designers.csproj]
C:\Program Files\dotnet\sdk\10.0.201\Microsoft.Common.CurrentVersion.targets(2451,5): warning MSB3277:             InfragisticsWPF4.Editors.v15.1, Version=15.1.20151.2055, Culture=neutral, processorArchitecture=MSIL [C:\Users\ultra\warewolf\Dev\Dev2.Activities.Designers\Dev2.Activities.Designers.csproj]
C:\Program Files\dotnet\sdk\10.0.201\Microsoft.Common.CurrentVersion.targets(2451,5): warning MSB3277:         C:\Users\ultra\.nuget\packages\dotnetzip\1.16.0\lib\netstandard2.0\DotNetZip.dll [C:\Users\ultra\warewolf\Dev\Dev2.Activities.Designers\Dev2.Activities.Designers.csproj]
C:\Program Files\dotnet\sdk\10.0.201\Microsoft.Common.CurrentVersion.targets(2451,5): warning MSB3277:           Project file item includes which caused reference "C:\Users\ultra\.nuget\packages\dotnetzip\1.16.0\lib\netstandard2.0\DotNetZip.dll". [C:\Users\ultra\warewolf\Dev\Dev2.Activities.Designers\Dev2.Activities.Designers.csproj]
C:\Program Files\dotnet\sdk\10.0.201\Microsoft.Common.CurrentVersion.targets(2451,5): warning MSB3277:             C:\Users\ultra\.nuget\packages\dotnetzip\1.16.0\lib\netstandard2.0\DotNetZip.dll [C:\Users\ultra\warewolf\Dev\Dev2.Activities.Designers\Dev2.Activities.Designers.csproj]
C:\Program Files\dotnet\sdk\10.0.201\Microsoft.Common.CurrentVersion.targets(2451,5): warning MSB3277:             C:\Users\ultra\warewolf\Dev\Dev2.Common\bin\Debug\net8.0\Dev2.Common.dll [C:\Users\ultra\warewolf\Dev\Dev2.Activities.Designers\Dev2.Activities.Designers.csproj]
C:\Program Files\dotnet\sdk\10.0.201\Microsoft.Common.CurrentVersion.targets(2451,5): warning MSB3277:             C:\Users\ultra\warewolf\Dev\Dev2.Activities\bin\Debug\net8.0\Dev2.Activities.dll [C:\Users\ultra\warewolf\Dev\Dev2.Activities.Designers\Dev2.Activities.Designers.csproj]
C:\Program Files\dotnet\sdk\10.0.201\Microsoft.Common.CurrentVersion.targets(2451,5): warning MSB3277:             C:\Users\ultra\warewolf\Dev\Dev2.Core\bin\Debug\net8.0\Dev2.Core.dll [C:\Users\ultra\warewolf\Dev\Dev2.Activities.Designers\Dev2.Activities.Designers.csproj]
C:\Program Files\dotnet\sdk\10.0.201\Microsoft.Common.CurrentVersion.targets(2451,5): warning MSB3277:             C:\Users\ultra\warewolf\Dev\Dev2.Data.Interfaces\bin\Debug\net8.0\Dev2.Data.Interfaces.dll [C:\Users\ultra\warewolf\Dev\Dev2.Activities.Designers\Dev2.Activities.Designers.csproj]
C:\Program Files\dotnet\sdk\10.0.201\Microsoft.Common.CurrentVersion.targets(2451,5): warning MSB3277:             C:\Users\ultra\warewolf\Dev\Dev2.Data\bin\Debug\net8.0\Dev2.Data.dll [C:\Users\ultra\warewolf\Dev\Dev2.Activities.Designers\Dev2.Activities.Designers.csproj]
C:\Program Files\dotnet\sdk\10.0.201\Microsoft.Common.CurrentVersion.targets(2451,5): warning MSB3277:             C:\Users\ultra\warewolf\Dev\Dev2.Diagnostics\bin\Debug\net8.0\Dev2.Diagnostics.dll [C:\Users\ultra\warewolf\Dev\Dev2.Activities.Designers\Dev2.Activities.Designers.csproj]
C:\Program Files\dotnet\sdk\10.0.201\Microsoft.Common.CurrentVersion.targets(2451,5): warning MSB3277:             C:\Users\ultra\warewolf\Dev\Dev2.Infrastructure\bin\Debug\net8.0\Dev2.Infrastructure.dll [C:\Users\ultra\warewolf\Dev\Dev2.Activities.Designers\Dev2.Activities.Designers.csproj]
C:\Program Files\dotnet\sdk\10.0.201\Microsoft.Common.CurrentVersion.targets(2451,5): warning MSB3277:             C:\Users\ultra\warewolf\Dev\Dev2.Intellisense\bin\Debug\net8.0\Dev2.Intellisense.dll [C:\Users\ultra\warewolf\Dev\Dev2.Activities.Designers\Dev2.Activities.Designers.csproj]
C:\Program Files\dotnet\sdk\10.0.201\Microsoft.Common.CurrentVersion.targets(2451,5): warning MSB3277:             C:\Users\ultra\warewolf\Dev\Dev2.Runtime.Services\bin\Debug\net8.0\Dev2.Runtime.Services.dll [C:\Users\ultra\warewolf\Dev\Dev2.Activities.Designers\Dev2.Activities.Designers.csproj]
C:\Program Files\dotnet\sdk\10.0.201\Microsoft.Common.CurrentVersion.targets(2451,5): warning MSB3277:             C:\Users\ultra\warewolf\Dev\Dev2.Studio.Core\bin\Debug\net8.0\Dev2.Studio.Core.dll [C:\Users\ultra\warewolf\Dev\Dev2.Activities.Designers\Dev2.Activities.Designers.csproj]
C:\Program Files\dotnet\sdk\10.0.201\Microsoft.Common.CurrentVersion.targets(2451,5): warning MSB3277:             C:\Users\ultra\warewolf\Dev\Dev2.Studio.Interfaces\bin\Debug\net8.0\Dev2.Studio.Interfaces.dll [C:\Users\ultra\warewolf\Dev\Dev2.Activities.Designers\Dev2.Activities.Designers.csproj]
C:\Program Files\dotnet\sdk\10.0.201\Microsoft.Common.CurrentVersion.targets(2451,5): warning MSB3277:             C:\Users\ultra\warewolf\Dev\Dev2.Util\bin\Debug\net8.0\Dev2.Util.dll [C:\Users\ultra\warewolf\Dev\Dev2.Activities.Designers\Dev2.Activities.Designers.csproj]
C:\Program Files\dotnet\sdk\10.0.201\Microsoft.Common.CurrentVersion.targets(2451,5): warning MSB3277:             C:\Users\ultra\warewolf\Dev\Warewolf.Storage\bin\Debug\net8.0\Warewolf.Storage.dll [C:\Users\ultra\warewolf\Dev\Dev2.Activities.Designers\Dev2.Activities.Designers.csproj]
C:\Program Files\dotnet\sdk\10.0.201\Microsoft.Common.CurrentVersion.targets(2451,5): warning MSB3277:             C:\Users\ultra\warewolf\Dev\Warewolf.Core\bin\Debug\net8.0\Warewolf.Core.dll [C:\Users\ultra\warewolf\Dev\Dev2.Activities.Designers\Dev2.Activities.Designers.csproj]
C:\Program Files\dotnet\sdk\10.0.201\Microsoft.Common.CurrentVersion.targets(2451,5): warning MSB3277:             C:\Users\ultra\warewolf\Dev\Warewolf.Studio.Core\bin\Debug\net8.0\Warewolf.Studio.Core.dll [C:\Users\ultra\warewolf\Dev\Dev2.Activities.Designers\Dev2.Activities.Designers.csproj]
C:\Program Files\dotnet\sdk\10.0.201\Microsoft.Common.CurrentVersion.targets(2451,5): warning MSB3277:             C:\Users\ultra\warewolf\Dev\Warewolf.Studio.CustomControls\bin\Debug\net8.0\Warewolf.Studio.CustomControls.dll [C:\Users\ultra\warewolf\Dev\Dev2.Activities.Designers\Dev2.Activities.Designers.csproj]
C:\Program Files\dotnet\sdk\10.0.201\Microsoft.Common.CurrentVersion.targets(2451,5): warning MSB3277:             C:\Users\ultra\warewolf\Dev\Warewolf.Studio.Models\bin\Debug\net8.0\Warewolf.Studio.Models.dll [C:\Users\ultra\warewolf\Dev\Dev2.Activities.Designers\Dev2.Activities.Designers.csproj]
C:\Program Files\dotnet\sdk\10.0.201\Microsoft.Common.CurrentVersion.targets(2451,5): warning MSB3277:             C:\Users\ultra\warewolf\Dev\Warewolf.UI\bin\Debug\net8.0\Warewolf.UI.dll [C:\Users\ultra\warewolf\Dev\Dev2.Activities.Designers\Dev2.Activities.Designers.csproj]
C:\Program Files\dotnet\sdk\10.0.201\Microsoft.Common.CurrentVersion.targets(2451,5): warning MSB3277:             C:\Users\ultra\warewolf\Dev\Dev2.Development.Languages\bin\Debug\net8.0\Dev2.Development.Languages.dll [C:\Users\ultra\warewolf\Dev\Dev2.Activities.Designers\Dev2.Activities.Designers.csproj]
C:\Program Files\dotnet\sdk\10.0.201\Microsoft.Common.CurrentVersion.targets(2451,5): warning MSB3277:             C:\Users\ultra\warewolf\Dev\Dev2.Scheduler\bin\Debug\net8.0\Dev2.Scheduler.dll [C:\Users\ultra\warewolf\Dev\Dev2.Activities.Designers\Dev2.Activities.Designers.csproj]
C:\Program Files\dotnet\sdk\10.0.201\Microsoft.Common.CurrentVersion.targets(2451,5): warning MSB3277:             C:\Users\ultra\warewolf\Dev\Dev2.Services.Execution\bin\Debug\net8.0\Dev2.Services.Execution.dll [C:\Users\ultra\warewolf\Dev\Dev2.Activities.Designers\Dev2.Activities.Designers.csproj]
C:\Program Files\dotnet\sdk\10.0.201\Microsoft.Common.CurrentVersion.targets(2451,5): warning MSB3277:             C:\Users\ultra\warewolf\Dev\Dev2.Services.Sql\bin\Debug\net8.0\Dev2.Services.Sql.dll [C:\Users\ultra\warewolf\Dev\Dev2.Activities.Designers\Dev2.Activities.Designers.csproj]
C:\Program Files\dotnet\sdk\10.0.201\Microsoft.Common.CurrentVersion.targets(2451,5): warning MSB3277:             C:\Users\ultra\warewolf\Dev\Dev2.TaskScheduler.Wrappers\bin\Debug\net8.0\Dev2.TaskScheduler.Wrappers.dll [C:\Users\ultra\warewolf\Dev\Dev2.Activities.Designers\Dev2.Activities.Designers.csproj]
C:\Program Files\dotnet\sdk\10.0.201\Microsoft.Common.CurrentVersion.targets(2451,5): warning MSB3277:             C:\Users\ultra\warewolf\Dev\Warewolf.AI.Harness\bin\Debug\net8.0\Warewolf.AI.Harness.dll [C:\Users\ultra\warewolf\Dev\Dev2.Activities.Designers\Dev2.Activities.Designers.csproj]
C:\Program Files\dotnet\sdk\10.0.201\Microsoft.Common.CurrentVersion.targets(2451,5): warning MSB3277:             C:\Users\ultra\warewolf\Dev\Warewolf.Auditing\bin\Debug\net8.0\Warewolf.Auditing.dll [C:\Users\ultra\warewolf\Dev\Dev2.Activities.Designers\Dev2.Activities.Designers.csproj]
C:\Program Files\dotnet\sdk\10.0.201\Microsoft.Common.CurrentVersion.targets(2451,5): warning MSB3277:             C:\Users\ultra\warewolf\Dev\Warewolf.Common.NetStandard20\bin\Debug\net8.0\Warewolf.Common.NetStandard20.dll [C:\Users\ultra\warewolf\Dev\Dev2.Activities.Designers\Dev2.Activities.Designers.csproj]
C:\Program Files\dotnet\sdk\10.0.201\Microsoft.Common.CurrentVersion.targets(2451,5): warning MSB3277:             C:\Users\ultra\warewolf\Dev\Warewolf.Driver.Persistence\bin\Debug\net8.0\Warewolf.Driver.Persistence.dll [C:\Users\ultra\warewolf\Dev\Dev2.Activities.Designers\Dev2.Activities.Designers.csproj]
C:\Program Files\dotnet\sdk\10.0.201\Microsoft.Common.CurrentVersion.targets(2451,5): warning MSB3277:             C:\Users\ultra\warewolf\Dev\Warewolf.Driver.Serilog\bin\Debug\net8.0\Warewolf.Driver.Serilog.dll [C:\Users\ultra\warewolf\Dev\Dev2.Activities.Designers\Dev2.Activities.Designers.csproj]
C:\Program Files\dotnet\sdk\10.0.201\Microsoft.Common.CurrentVersion.targets(2451,5): warning MSB3277:             C:\Users\ultra\warewolf\Dev\Warewolf.Exchange.Email.Wrapper\bin\Debug\net8.0\Warewolf.Exchange.Email.Wrapper.dll [C:\Users\ultra\warewolf\Dev\Dev2.Activities.Designers\Dev2.Activities.Designers.csproj]
C:\Program Files\dotnet\sdk\10.0.201\Microsoft.Common.CurrentVersion.targets(2451,5): warning MSB3277:             C:\Users\ultra\warewolf\Dev\Warewolf.ResourceManagement\bin\Debug\net8.0\Warewolf.ResourceManagement.dll [C:\Users\ultra\warewolf\Dev\Dev2.Activities.Designers\Dev2.Activities.Designers.csproj]
C:\Program Files\dotnet\sdk\10.0.201\Microsoft.Common.CurrentVersion.targets(2451,5): warning MSB3277:             C:\Users\ultra\warewolf\Dev\Warewolf.Sharepoint\bin\Debug\net8.0\Warewolf.Sharepoint.dll [C:\Users\ultra\warewolf\Dev\Dev2.Activities.Designers\Dev2.Activities.Designers.csproj]
C:\Program Files\dotnet\sdk\10.0.201\Microsoft.Common.CurrentVersion.targets(2451,5): warning MSB3277:         C:\Users\ultra\.nuget\packages\mindbox.data.linq\5.0.0\lib\netstandard2.0\Mindbox.Data.Linq.dll [C:\Users\ultra\warewolf\Dev\Dev2.Activities.Designers\Dev2.Activities.Designers.csproj]
C:\Program Files\dotnet\sdk\10.0.201\Microsoft.Common.CurrentVersion.targets(2451,5): warning MSB3277:           Project file item includes which caused reference "C:\Users\ultra\.nuget\packages\mindbox.data.linq\5.0.0\lib\netstandard2.0\Mindbox.Data.Linq.dll". [C:\Users\ultra\warewolf\Dev\Dev2.Activities.Designers\Dev2.Activities.Designers.csproj]
C:\Program Files\dotnet\sdk\10.0.201\Microsoft.Common.CurrentVersion.targets(2451,5): warning MSB3277:             C:\Users\ultra\.nuget\packages\mindbox.data.linq\5.0.0\lib\netstandard2.0\Mindbox.Data.Linq.dll [C:\Users\ultra\warewolf\Dev\Dev2.Activities.Designers\Dev2.Activities.Designers.csproj]
C:\Program Files\dotnet\sdk\10.0.201\Microsoft.Common.CurrentVersion.targets(2451,5): warning MSB3277:             C:\Users\ultra\warewolf\Dev\Warewolf.Auditing\bin\Debug\net8.0\Warewolf.Auditing.dll [C:\Users\ultra\warewolf\Dev\Dev2.Activities.Designers\Dev2.Activities.Designers.csproj]
C:\Program Files\dotnet\sdk\10.0.201\Microsoft.Common.CurrentVersion.targets(2451,5): warning MSB3277:             C:\Users\ultra\warewolf\Dev\Dev2.Activities\bin\Debug\net8.0\Dev2.Activities.dll [C:\Users\ultra\warewolf\Dev\Dev2.Activities.Designers\Dev2.Activities.Designers.csproj]
C:\Program Files\dotnet\sdk\10.0.201\Microsoft.Common.CurrentVersion.targets(2451,5): warning MSB3277:             C:\Users\ultra\warewolf\Dev\Dev2.Runtime.Services\bin\Debug\net8.0\Dev2.Runtime.Services.dll [C:\Users\ultra\warewolf\Dev\Dev2.Activities.Designers\Dev2.Activities.Designers.csproj]
C:\Program Files\dotnet\sdk\10.0.201\Microsoft.Common.CurrentVersion.targets(2451,5): warning MSB3277:             C:\Users\ultra\warewolf\Dev\Dev2.Studio.Core\bin\Debug\net8.0\Dev2.Studio.Core.dll [C:\Users\ultra\warewolf\Dev\Dev2.Activities.Designers\Dev2.Activities.Designers.csproj]
C:\Program Files\dotnet\sdk\10.0.201\Microsoft.Common.CurrentVersion.targets(2451,5): warning MSB3277:             C:\Users\ultra\warewolf\Dev\Dev2.Intellisense\bin\Debug\net8.0\Dev2.Intellisense.dll [C:\Users\ultra\warewolf\Dev\Dev2.Activities.Designers\Dev2.Activities.Designers.csproj]
C:\Program Files\dotnet\sdk\10.0.201\Microsoft.Common.CurrentVersion.targets(2451,5): warning MSB3277:             C:\Users\ultra\warewolf\Dev\Dev2.Studio.Interfaces\bin\Debug\net8.0\Dev2.Studio.Interfaces.dll [C:\Users\ultra\warewolf\Dev\Dev2.Activities.Designers\Dev2.Activities.Designers.csproj]
C:\Program Files\dotnet\sdk\10.0.201\Microsoft.Common.CurrentVersion.targets(2451,5): warning MSB3277:             C:\Users\ultra\warewolf\Dev\Warewolf.Studio.Core\bin\Debug\net8.0\Warewolf.Studio.Core.dll [C:\Users\ultra\warewolf\Dev\Dev2.Activities.Designers\Dev2.Activities.Designers.csproj]
C:\Program Files\dotnet\sdk\10.0.201\Microsoft.Common.CurrentVersion.targets(2451,5): warning MSB3277:             C:\Users\ultra\warewolf\Dev\Warewolf.Studio.CustomControls\bin\Debug\net8.0\Warewolf.Studio.CustomControls.dll [C:\Users\ultra\warewolf\Dev\Dev2.Activities.Designers\Dev2.Activities.Designers.csproj]
C:\Program Files\dotnet\sdk\10.0.201\Microsoft.Common.CurrentVersion.targets(2451,5): warning MSB3277:             C:\Users\ultra\warewolf\Dev\Warewolf.Studio.Models\bin\Debug\net8.0\Warewolf.Studio.Models.dll [C:\Users\ultra\warewolf\Dev\Dev2.Activities.Designers\Dev2.Activities.Designers.csproj]
C:\Program Files\dotnet\sdk\10.0.201\Microsoft.Common.CurrentVersion.targets(2451,5): warning MSB3277:             C:\Users\ultra\warewolf\Dev\Dev2.Services.Execution\bin\Debug\net8.0\Dev2.Services.Execution.dll [C:\Users\ultra\warewolf\Dev\Dev2.Activities.Designers\Dev2.Activities.Designers.csproj]
C:\Program Files\dotnet\sdk\10.0.201\Microsoft.Common.CurrentVersion.targets(2451,5): warning MSB3277:             C:\Users\ultra\warewolf\Dev\Warewolf.Common.NetStandard20\bin\Debug\net8.0\Warewolf.Common.NetStandard20.dll [C:\Users\ultra\warewolf\Dev\Dev2.Activities.Designers\Dev2.Activities.Designers.csproj]
C:\Program Files\dotnet\sdk\10.0.201\Microsoft.Common.CurrentVersion.targets(2451,5): warning MSB3277:             C:\Users\ultra\warewolf\Dev\Warewolf.Driver.Persistence\bin\Debug\net8.0\Warewolf.Driver.Persistence.dll [C:\Users\ultra\warewolf\Dev\Dev2.Activities.Designers\Dev2.Activities.Designers.csproj]
C:\Program Files\dotnet\sdk\10.0.201\Microsoft.Common.CurrentVersion.targets(2451,5): warning MSB3277:         C:\Users\ultra\.nuget\packages\mysql.data\8.4.0\lib\net8.0\MySql.Data.dll [C:\Users\ultra\warewolf\Dev\Dev2.Activities.Designers\Dev2.Activities.Designers.csproj]
C:\Program Files\dotnet\sdk\10.0.201\Microsoft.Common.CurrentVersion.targets(2451,5): warning MSB3277:           Project file item includes which caused reference "C:\Users\ultra\.nuget\packages\mysql.data\8.4.0\lib\net8.0\MySql.Data.dll". [C:\Users\ultra\warewolf\Dev\Dev2.Activities.Designers\Dev2.Activities.Designers.csproj]
C:\Program Files\dotnet\sdk\10.0.201\Microsoft.Common.CurrentVersion.targets(2451,5): warning MSB3277:             C:\Users\ultra\.nuget\packages\mysql.data\8.4.0\lib\net8.0\MySql.Data.dll [C:\Users\ultra\warewolf\Dev\Dev2.Activities.Designers\Dev2.Activities.Designers.csproj]
C:\Program Files\dotnet\sdk\10.0.201\Microsoft.Common.CurrentVersion.targets(2451,5): warning MSB3277:             C:\Users\ultra\warewolf\Dev\Dev2.Activities\bin\Debug\net8.0\Dev2.Activities.dll [C:\Users\ultra\warewolf\Dev\Dev2.Activities.Designers\Dev2.Activities.Designers.csproj]
C:\Program Files\dotnet\sdk\10.0.201\Microsoft.Common.CurrentVersion.targets(2451,5): warning MSB3277:             C:\Users\ultra\warewolf\Dev\Dev2.Runtime.Services\bin\Debug\net8.0\Dev2.Runtime.Services.dll [C:\Users\ultra\warewolf\Dev\Dev2.Activities.Designers\Dev2.Activities.Designers.csproj]
C:\Program Files\dotnet\sdk\10.0.201\Microsoft.Common.CurrentVersion.targets(2451,5): warning MSB3277:             C:\Users\ultra\warewolf\Dev\Dev2.Studio.Core\bin\Debug\net8.0\Dev2.Studio.Core.dll [C:\Users\ultra\warewolf\Dev\Dev2.Activities.Designers\Dev2.Activities.Designers.csproj]
C:\Program Files\dotnet\sdk\10.0.201\Microsoft.Common.CurrentVersion.targets(2451,5): warning MSB3277:             C:\Users\ultra\warewolf\Dev\Dev2.Intellisense\bin\Debug\net8.0\Dev2.Intellisense.dll [C:\Users\ultra\warewolf\Dev\Dev2.Activities.Designers\Dev2.Activities.Designers.csproj]
C:\Program Files\dotnet\sdk\10.0.201\Microsoft.Common.CurrentVersion.targets(2451,5): warning MSB3277:             C:\Users\ultra\warewolf\Dev\Dev2.Studio.Interfaces\bin\Debug\net8.0\Dev2.Studio.Interfaces.dll [C:\Users\ultra\warewolf\Dev\Dev2.Activities.Designers\Dev2.Activities.Designers.csproj]
C:\Program Files\dotnet\sdk\10.0.201\Microsoft.Common.CurrentVersion.targets(2451,5): warning MSB3277:             C:\Users\ultra\warewolf\Dev\Warewolf.Studio.Core\bin\Debug\net8.0\Warewolf.Studio.Core.dll [C:\Users\ultra\warewolf\Dev\Dev2.Activities.Designers\Dev2.Activities.Designers.csproj]
C:\Program Files\dotnet\sdk\10.0.201\Microsoft.Common.CurrentVersion.targets(2451,5): warning MSB3277:             C:\Users\ultra\warewolf\Dev\Warewolf.Studio.CustomControls\bin\Debug\net8.0\Warewolf.Studio.CustomControls.dll [C:\Users\ultra\warewolf\Dev\Dev2.Activities.Designers\Dev2.Activities.Designers.csproj]
C:\Program Files\dotnet\sdk\10.0.201\Microsoft.Common.CurrentVersion.targets(2451,5): warning MSB3277:             C:\Users\ultra\warewolf\Dev\Warewolf.Studio.Models\bin\Debug\net8.0\Warewolf.Studio.Models.dll [C:\Users\ultra\warewolf\Dev\Dev2.Activities.Designers\Dev2.Activities.Designers.csproj]
C:\Program Files\dotnet\sdk\10.0.201\Microsoft.Common.CurrentVersion.targets(2451,5): warning MSB3277:             C:\Users\ultra\warewolf\Dev\Dev2.Services.Execution\bin\Debug\net8.0\Dev2.Services.Execution.dll [C:\Users\ultra\warewolf\Dev\Dev2.Activities.Designers\Dev2.Activities.Designers.csproj]
C:\Program Files\dotnet\sdk\10.0.201\Microsoft.Common.CurrentVersion.targets(2451,5): warning MSB3277:             C:\Users\ultra\warewolf\Dev\Dev2.Services.Sql\bin\Debug\net8.0\Dev2.Services.Sql.dll [C:\Users\ultra\warewolf\Dev\Dev2.Activities.Designers\Dev2.Activities.Designers.csproj]
C:\Program Files\dotnet\sdk\10.0.201\Microsoft.Common.CurrentVersion.targets(2451,5): warning MSB3277:             C:\Users\ultra\warewolf\Dev\Warewolf.Driver.Persistence\bin\Debug\net8.0\Warewolf.Driver.Persistence.dll [C:\Users\ultra\warewolf\Dev\Dev2.Activities.Designers\Dev2.Activities.Designers.csproj]
C:\Program Files\dotnet\sdk\10.0.201\Microsoft.Common.CurrentVersion.targets(2451,5): warning MSB3277:         C:\Users\ultra\.nuget\packages\oracle.manageddataaccess.core\3.21.70\lib\netstandard2.1\Oracle.ManagedDataAccess.dll [C:\Users\ultra\warewolf\Dev\Dev2.Activities.Designers\Dev2.Activities.Designers.csproj]
C:\Program Files\dotnet\sdk\10.0.201\Microsoft.Common.CurrentVersion.targets(2451,5): warning MSB3277:           Project file item includes which caused reference "C:\Users\ultra\.nuget\packages\oracle.manageddataaccess.core\3.21.70\lib\netstandard2.1\Oracle.ManagedDataAccess.dll". [C:\Users\ultra\warewolf\Dev\Dev2.Activities.Designers\Dev2.Activities.Designers.csproj]
C:\Program Files\dotnet\sdk\10.0.201\Microsoft.Common.CurrentVersion.targets(2451,5): warning MSB3277:             C:\Users\ultra\.nuget\packages\oracle.manageddataaccess.core\3.21.70\lib\netstandard2.1\Oracle.ManagedDataAccess.dll [C:\Users\ultra\warewolf\Dev\Dev2.Activities.Designers\Dev2.Activities.Designers.csproj]
C:\Program Files\dotnet\sdk\10.0.201\Microsoft.Common.CurrentVersion.targets(2451,5): warning MSB3277:             C:\Users\ultra\warewolf\Dev\Dev2.Runtime.Services\bin\Debug\net8.0\Dev2.Runtime.Services.dll [C:\Users\ultra\warewolf\Dev\Dev2.Activities.Designers\Dev2.Activities.Designers.csproj]
C:\Program Files\dotnet\sdk\10.0.201\Microsoft.Common.CurrentVersion.targets(2451,5): warning MSB3277:             C:\Users\ultra\warewolf\Dev\Dev2.Activities\bin\Debug\net8.0\Dev2.Activities.dll [C:\Users\ultra\warewolf\Dev\Dev2.Activities.Designers\Dev2.Activities.Designers.csproj]
C:\Program Files\dotnet\sdk\10.0.201\Microsoft.Common.CurrentVersion.targets(2451,5): warning MSB3277:             C:\Users\ultra\warewolf\Dev\Dev2.Studio.Core\bin\Debug\net8.0\Dev2.Studio.Core.dll [C:\Users\ultra\warewolf\Dev\Dev2.Activities.Designers\Dev2.Activities.Designers.csproj]
C:\Program Files\dotnet\sdk\10.0.201\Microsoft.Common.CurrentVersion.targets(2451,5): warning MSB3277:             C:\Users\ultra\warewolf\Dev\Dev2.Intellisense\bin\Debug\net8.0\Dev2.Intellisense.dll [C:\Users\ultra\warewolf\Dev\Dev2.Activities.Designers\Dev2.Activities.Designers.csproj]
C:\Program Files\dotnet\sdk\10.0.201\Microsoft.Common.CurrentVersion.targets(2451,5): warning MSB3277:             C:\Users\ultra\warewolf\Dev\Dev2.Studio.Interfaces\bin\Debug\net8.0\Dev2.Studio.Interfaces.dll [C:\Users\ultra\warewolf\Dev\Dev2.Activities.Designers\Dev2.Activities.Designers.csproj]
C:\Program Files\dotnet\sdk\10.0.201\Microsoft.Common.CurrentVersion.targets(2451,5): warning MSB3277:             C:\Users\ultra\warewolf\Dev\Warewolf.Studio.Core\bin\Debug\net8.0\Warewolf.Studio.Core.dll [C:\Users\ultra\warewolf\Dev\Dev2.Activities.Designers\Dev2.Activities.Designers.csproj]
C:\Program Files\dotnet\sdk\10.0.201\Microsoft.Common.CurrentVersion.targets(2451,5): warning MSB3277:             C:\Users\ultra\warewolf\Dev\Warewolf.Studio.CustomControls\bin\Debug\net8.0\Warewolf.Studio.CustomControls.dll [C:\Users\ultra\warewolf\Dev\Dev2.Activities.Designers\Dev2.Activities.Designers.csproj]
C:\Program Files\dotnet\sdk\10.0.201\Microsoft.Common.CurrentVersion.targets(2451,5): warning MSB3277:             C:\Users\ultra\warewolf\Dev\Warewolf.Studio.Models\bin\Debug\net8.0\Warewolf.Studio.Models.dll [C:\Users\ultra\warewolf\Dev\Dev2.Activities.Designers\Dev2.Activities.Designers.csproj]
C:\Program Files\dotnet\sdk\10.0.201\Microsoft.Common.CurrentVersion.targets(2451,5): warning MSB3277:             C:\Users\ultra\warewolf\Dev\Dev2.Services.Execution\bin\Debug\net8.0\Dev2.Services.Execution.dll [C:\Users\ultra\warewolf\Dev\Dev2.Activities.Designers\Dev2.Activities.Designers.csproj]
C:\Program Files\dotnet\sdk\10.0.201\Microsoft.Common.CurrentVersion.targets(2451,5): warning MSB3277:             C:\Users\ultra\warewolf\Dev\Dev2.Services.Sql\bin\Debug\net8.0\Dev2.Services.Sql.dll [C:\Users\ultra\warewolf\Dev\Dev2.Activities.Designers\Dev2.Activities.Designers.csproj]
C:\Program Files\dotnet\sdk\10.0.201\Microsoft.Common.CurrentVersion.targets(2451,5): warning MSB3277:             C:\Users\ultra\warewolf\Dev\Warewolf.Driver.Persistence\bin\Debug\net8.0\Warewolf.Driver.Persistence.dll [C:\Users\ultra\warewolf\Dev\Dev2.Activities.Designers\Dev2.Activities.Designers.csproj]
C:\Program Files\dotnet\sdk\10.0.201\Microsoft.Common.CurrentVersion.targets(2451,5): warning MSB3277:         C:\Users\ultra\.nuget\packages\system.directoryservices\6.0.0\lib\net6.0\System.DirectoryServices.dll [C:\Users\ultra\warewolf\Dev\Dev2.Activities.Designers\Dev2.Activities.Designers.csproj]
C:\Program Files\dotnet\sdk\10.0.201\Microsoft.Common.CurrentVersion.targets(2451,5): warning MSB3277:           Project file item includes which caused reference "C:\Users\ultra\.nuget\packages\system.directoryservices\6.0.0\lib\net6.0\System.DirectoryServices.dll". [C:\Users\ultra\warewolf\Dev\Dev2.Activities.Designers\Dev2.Activities.Designers.csproj]
C:\Program Files\dotnet\sdk\10.0.201\Microsoft.Common.CurrentVersion.targets(2451,5): warning MSB3277:             C:\Users\ultra\.nuget\packages\system.directoryservices\6.0.0\lib\net6.0\System.DirectoryServices.dll [C:\Users\ultra\warewolf\Dev\Dev2.Activities.Designers\Dev2.Activities.Designers.csproj]
C:\Program Files\dotnet\sdk\10.0.201\Microsoft.Common.CurrentVersion.targets(2451,5): warning MSB3277:             C:\Users\ultra\.nuget\packages\corewcf.primitives\1.2.1\lib\netstandard2.0\CoreWCF.Primitives.dll [C:\Users\ultra\warewolf\Dev\Dev2.Activities.Designers\Dev2.Activities.Designers.csproj]
C:\Program Files\dotnet\sdk\10.0.201\Microsoft.Common.CurrentVersion.targets(2451,5): warning MSB3277:             C:\Users\ultra\warewolf\Dev\Dev2.Runtime.Services\bin\Debug\net8.0\Dev2.Runtime.Services.dll [C:\Users\ultra\warewolf\Dev\Dev2.Activities.Designers\Dev2.Activities.Designers.csproj]
C:\Program Files\dotnet\sdk\10.0.201\Microsoft.Common.CurrentVersion.targets(2451,5): warning MSB3277:             C:\Users\ultra\warewolf\Dev\Dev2.Activities\bin\Debug\net8.0\Dev2.Activities.dll [C:\Users\ultra\warewolf\Dev\Dev2.Activities.Designers\Dev2.Activities.Designers.csproj]
C:\Program Files\dotnet\sdk\10.0.201\Microsoft.Common.CurrentVersion.targets(2451,5): warning MSB3277:             C:\Users\ultra\warewolf\Dev\Dev2.Studio.Core\bin\Debug\net8.0\Dev2.Studio.Core.dll [C:\Users\ultra\warewolf\Dev\Dev2.Activities.Designers\Dev2.Activities.Designers.csproj]
C:\Program Files\dotnet\sdk\10.0.201\Microsoft.Common.CurrentVersion.targets(2451,5): warning MSB3277:             C:\Users\ultra\warewolf\Dev\Dev2.Intellisense\bin\Debug\net8.0\Dev2.Intellisense.dll [C:\Users\ultra\warewolf\Dev\Dev2.Activities.Designers\Dev2.Activities.Designers.csproj]
C:\Program Files\dotnet\sdk\10.0.201\Microsoft.Common.CurrentVersion.targets(2451,5): warning MSB3277:             C:\Users\ultra\warewolf\Dev\Dev2.Studio.Interfaces\bin\Debug\net8.0\Dev2.Studio.Interfaces.dll [C:\Users\ultra\warewolf\Dev\Dev2.Activities.Designers\Dev2.Activities.Designers.csproj]
C:\Program Files\dotnet\sdk\10.0.201\Microsoft.Common.CurrentVersion.targets(2451,5): warning MSB3277:             C:\Users\ultra\warewolf\Dev\Warewolf.Studio.Core\bin\Debug\net8.0\Warewolf.Studio.Core.dll [C:\Users\ultra\warewolf\Dev\Dev2.Activities.Designers\Dev2.Activities.Designers.csproj]
C:\Program Files\dotnet\sdk\10.0.201\Microsoft.Common.CurrentVersion.targets(2451,5): warning MSB3277:             C:\Users\ultra\warewolf\Dev\Warewolf.Studio.CustomControls\bin\Debug\net8.0\Warewolf.Studio.CustomControls.dll [C:\Users\ultra\warewolf\Dev\Dev2.Activities.Designers\Dev2.Activities.Designers.csproj]
C:\Program Files\dotnet\sdk\10.0.201\Microsoft.Common.CurrentVersion.targets(2451,5): warning MSB3277:             C:\Users\ultra\warewolf\Dev\Warewolf.Studio.Models\bin\Debug\net8.0\Warewolf.Studio.Models.dll [C:\Users\ultra\warewolf\Dev\Dev2.Activities.Designers\Dev2.Activities.Designers.csproj]
C:\Program Files\dotnet\sdk\10.0.201\Microsoft.Common.CurrentVersion.targets(2451,5): warning MSB3277:             C:\Users\ultra\warewolf\Dev\Dev2.Services.Execution\bin\Debug\net8.0\Dev2.Services.Execution.dll [C:\Users\ultra\warewolf\Dev\Dev2.Activities.Designers\Dev2.Activities.Designers.csproj]
C:\Program Files\dotnet\sdk\10.0.201\Microsoft.Common.CurrentVersion.targets(2451,5): warning MSB3277:             C:\Users\ultra\warewolf\Dev\Warewolf.Driver.Persistence\bin\Debug\net8.0\Warewolf.Driver.Persistence.dll [C:\Users\ultra\warewolf\Dev\Dev2.Activities.Designers\Dev2.Activities.Designers.csproj]
C:\Program Files\dotnet\sdk\10.0.201\Microsoft.Common.CurrentVersion.targets(2451,5): warning MSB3277:             C:\Users\ultra\.nuget\packages\corewcf.http\1.2.1\lib\netstandard2.0\CoreWCF.Http.dll [C:\Users\ultra\warewolf\Dev\Dev2.Activities.Designers\Dev2.Activities.Designers.csproj]
C:\Program Files\dotnet\sdk\10.0.201\Microsoft.Common.CurrentVersion.targets(2451,5): warning MSB3277:             C:\Users\ultra\.nuget\packages\corewcf.nettcp\1.2.1\lib\netstandard2.0\CoreWCF.NetTcp.dll [C:\Users\ultra\warewolf\Dev\Dev2.Activities.Designers\Dev2.Activities.Designers.csproj]
C:\Program Files\dotnet\sdk\10.0.201\Microsoft.Common.CurrentVersion.targets(2451,5): warning MSB3277:             C:\Users\ultra\.nuget\packages\corewcf.webhttp\1.2.1\lib\netstandard2.0\CoreWCF.WebHttp.dll [C:\Users\ultra\warewolf\Dev\Dev2.Activities.Designers\Dev2.Activities.Designers.csproj]
C:\Program Files\dotnet\sdk\10.0.201\Microsoft.Common.CurrentVersion.targets(2451,5): warning MSB3277:         C:\Program Files\dotnet\packs\Microsoft.NETCore.App.Ref\8.0.25\ref\net8.0\System.Configuration.dll [C:\Users\ultra\warewolf\Dev\Dev2.Activities.Designers\Dev2.Activities.Designers.csproj]
C:\Program Files\dotnet\sdk\10.0.201\Microsoft.Common.CurrentVersion.targets(2451,5): warning MSB3277:           Project file item includes which caused reference "C:\Program Files\dotnet\packs\Microsoft.NETCore.App.Ref\8.0.25\ref\net8.0\System.Configuration.dll". [C:\Users\ultra\warewolf\Dev\Dev2.Activities.Designers\Dev2.Activities.Designers.csproj]
C:\Program Files\dotnet\sdk\10.0.201\Microsoft.Common.CurrentVersion.targets(2451,5): warning MSB3277:             C:\Program Files\dotnet\packs\Microsoft.NETCore.App.Ref\8.0.25\ref/net8.0/System.Configuration.dll [C:\Users\ultra\warewolf\Dev\Dev2.Activities.Designers\Dev2.Activities.Designers.csproj]
C:\Program Files\dotnet\sdk\10.0.201\Microsoft.Common.CurrentVersion.targets(2451,5): warning MSB3277:             C:\Users\ultra\.nuget\packages\prism.wpf\9.0.537\lib\net462\Prism.Wpf.dll [C:\Users\ultra\warewolf\Dev\Dev2.Activities.Designers\Dev2.Activities.Designers.csproj]
C:\Program Files\dotnet\sdk\10.0.201\Microsoft.Common.CurrentVersion.targets(2451,5): warning MSB3277:         C:\Program Files\dotnet\packs\Microsoft.NETCore.App.Ref\8.0.25\ref\net8.0\System.Data.dll [C:\Users\ultra\warewolf\Dev\Dev2.Activities.Designers\Dev2.Activities.Designers.csproj]
C:\Program Files\dotnet\sdk\10.0.201\Microsoft.Common.CurrentVersion.targets(2451,5): warning MSB3277:           Project file item includes which caused reference "C:\Program Files\dotnet\packs\Microsoft.NETCore.App.Ref\8.0.25\ref\net8.0\System.Data.dll". [C:\Users\ultra\warewolf\Dev\Dev2.Activities.Designers\Dev2.Activities.Designers.csproj]
C:\Program Files\dotnet\sdk\10.0.201\Microsoft.Common.CurrentVersion.targets(2451,5): warning MSB3277:             C:\Program Files\dotnet\packs\Microsoft.NETCore.App.Ref\8.0.25\ref/net8.0/System.Data.dll [C:\Users\ultra\warewolf\Dev\Dev2.Activities.Designers\Dev2.Activities.Designers.csproj]
C:\Program Files\dotnet\sdk\10.0.201\Microsoft.Common.CurrentVersion.targets(2451,5): warning MSB3277:             C:\Users\ultra\.nuget\packages\taskschedulereditor\2.10.1\lib\net452\Microsoft.Win32.TaskSchedulerEditor.dll [C:\Users\ultra\warewolf\Dev\Dev2.Activities.Designers\Dev2.Activities.Designers.csproj]
C:\Program Files\dotnet\sdk\10.0.201\Microsoft.Common.CurrentVersion.targets(2451,5): warning MSB3277:         C:\Program Files\dotnet\packs\Microsoft.NETCore.App.Ref\8.0.25\ref\net8.0\System.Drawing.dll [C:\Users\ultra\warewolf\Dev\Dev2.Activities.Designers\Dev2.Activities.Designers.csproj]
C:\Program Files\dotnet\sdk\10.0.201\Microsoft.Common.CurrentVersion.targets(2451,5): warning MSB3277:           Project file item includes which caused reference "C:\Program Files\dotnet\packs\Microsoft.NETCore.App.Ref\8.0.25\ref\net8.0\System.Drawing.dll". [C:\Users\ultra\warewolf\Dev\Dev2.Activities.Designers\Dev2.Activities.Designers.csproj]
C:\Program Files\dotnet\sdk\10.0.201\Microsoft.Common.CurrentVersion.targets(2451,5): warning MSB3277:             C:\Program Files\dotnet\packs\Microsoft.NETCore.App.Ref\8.0.25\ref/net8.0/System.Drawing.dll [C:\Users\ultra\warewolf\Dev\Dev2.Activities.Designers\Dev2.Activities.Designers.csproj]
C:\Program Files\dotnet\sdk\10.0.201\Microsoft.Common.CurrentVersion.targets(2451,5): warning MSB3277:             C:\Users\ultra\.nuget\packages\aerowizard\2.3.1\lib\net45\AeroWizard.dll [C:\Users\ultra\warewolf\Dev\Dev2.Activities.Designers\Dev2.Activities.Designers.csproj]
C:\Program Files\dotnet\sdk\10.0.201\Microsoft.Common.CurrentVersion.targets(2451,5): warning MSB3277:             C:\Users\ultra\.nuget\packages\groupcontrols\1.9.0\lib\net45\GroupControls.dll [C:\Users\ultra\warewolf\Dev\Dev2.Activities.Designers\Dev2.Activities.Designers.csproj]
C:\Program Files\dotnet\sdk\10.0.201\Microsoft.Common.CurrentVersion.targets(2451,5): warning MSB3277:             C:\Users\ultra\.nuget\packages\taskschedulereditor\2.10.1\lib\net452\Microsoft.Win32.TaskSchedulerEditor.dll [C:\Users\ultra\warewolf\Dev\Dev2.Activities.Designers\Dev2.Activities.Designers.csproj]
C:\Program Files\dotnet\sdk\10.0.201\Microsoft.Common.CurrentVersion.targets(2451,5): warning MSB3277:         C:\Program Files\dotnet\packs\Microsoft.NETCore.App.Ref\8.0.25\ref\net8.0\System.Net.dll [C:\Users\ultra\warewolf\Dev\Dev2.Activities.Designers\Dev2.Activities.Designers.csproj]
C:\Program Files\dotnet\sdk\10.0.201\Microsoft.Common.CurrentVersion.targets(2451,5): warning MSB3277:           Project file item includes which caused reference "C:\Program Files\dotnet\packs\Microsoft.NETCore.App.Ref\8.0.25\ref\net8.0\System.Net.dll". [C:\Users\ultra\warewolf\Dev\Dev2.Activities.Designers\Dev2.Activities.Designers.csproj]
C:\Program Files\dotnet\sdk\10.0.201\Microsoft.Common.CurrentVersion.targets(2451,5): warning MSB3277:             C:\Program Files\dotnet\packs\Microsoft.NETCore.App.Ref\8.0.25\ref/net8.0/System.Net.dll [C:\Users\ultra\warewolf\Dev\Dev2.Activities.Designers\Dev2.Activities.Designers.csproj]
C:\Program Files\dotnet\sdk\10.0.201\Microsoft.Common.CurrentVersion.targets(2451,5): warning MSB3277:         C:\Program Files\dotnet\packs\Microsoft.NETCore.App.Ref\8.0.25\ref\net8.0\System.Security.dll [C:\Users\ultra\warewolf\Dev\Dev2.Activities.Designers\Dev2.Activities.Designers.csproj]
C:\Program Files\dotnet\sdk\10.0.201\Microsoft.Common.CurrentVersion.targets(2451,5): warning MSB3277:           Project file item includes which caused reference "C:\Program Files\dotnet\packs\Microsoft.NETCore.App.Ref\8.0.25\ref\net8.0\System.Security.dll". [C:\Users\ultra\warewolf\Dev\Dev2.Activities.Designers\Dev2.Activities.Designers.csproj]
C:\Program Files\dotnet\sdk\10.0.201\Microsoft.Common.CurrentVersion.targets(2451,5): warning MSB3277:             C:\Program Files\dotnet\packs\Microsoft.NETCore.App.Ref\8.0.25\ref/net8.0/System.Security.dll [C:\Users\ultra\warewolf\Dev\Dev2.Activities.Designers\Dev2.Activities.Designers.csproj]
C:\Program Files\dotnet\sdk\10.0.201\Microsoft.Common.CurrentVersion.targets(2451,5): warning MSB3277:         C:\Program Files\dotnet\packs\Microsoft.NETCore.App.Ref\8.0.25\ref\net8.0\System.ServiceProcess.dll [C:\Users\ultra\warewolf\Dev\Dev2.Activities.Designers\Dev2.Activities.Designers.csproj]
C:\Program Files\dotnet\sdk\10.0.201\Microsoft.Common.CurrentVersion.targets(2451,5): warning MSB3277:           Project file item includes which caused reference "C:\Program Files\dotnet\packs\Microsoft.NETCore.App.Ref\8.0.25\ref\net8.0\System.ServiceProcess.dll". [C:\Users\ultra\warewolf\Dev\Dev2.Activities.Designers\Dev2.Activities.Designers.csproj]
C:\Program Files\dotnet\sdk\10.0.201\Microsoft.Common.CurrentVersion.targets(2451,5): warning MSB3277:             C:\Program Files\dotnet\packs\Microsoft.NETCore.App.Ref\8.0.25\ref/net8.0/System.ServiceProcess.dll [C:\Users\ultra\warewolf\Dev\Dev2.Activities.Designers\Dev2.Activities.Designers.csproj]
C:\Program Files\dotnet\sdk\10.0.201\Microsoft.Common.CurrentVersion.targets(2451,5): warning MSB3277:         C:\Program Files\dotnet\packs\Microsoft.NETCore.App.Ref\8.0.25\ref\net8.0\System.Transactions.dll [C:\Users\ultra\warewolf\Dev\Dev2.Activities.Designers\Dev2.Activities.Designers.csproj]
C:\Program Files\dotnet\sdk\10.0.201\Microsoft.Common.CurrentVersion.targets(2451,5): warning MSB3277:           Project file item includes which caused reference "C:\Program Files\dotnet\packs\Microsoft.NETCore.App.Ref\8.0.25\ref\net8.0\System.Transactions.dll". [C:\Users\ultra\warewolf\Dev\Dev2.Activities.Designers\Dev2.Activities.Designers.csproj]
C:\Program Files\dotnet\sdk\10.0.201\Microsoft.Common.CurrentVersion.targets(2451,5): warning MSB3277:             C:\Program Files\dotnet\packs\Microsoft.NETCore.App.Ref\8.0.25\ref/net8.0/System.Transactions.dll [C:\Users\ultra\warewolf\Dev\Dev2.Activities.Designers\Dev2.Activities.Designers.csproj]
C:\Program Files\dotnet\sdk\10.0.201\Microsoft.Common.CurrentVersion.targets(2451,5): warning MSB3277:         C:\Program Files\dotnet\packs\Microsoft.NETCore.App.Ref\8.0.25\ref\net8.0\System.dll [C:\Users\ultra\warewolf\Dev\Dev2.Activities.Designers\Dev2.Activities.Designers.csproj]
C:\Program Files\dotnet\sdk\10.0.201\Microsoft.Common.CurrentVersion.targets(2451,5): warning MSB3277:           Project file item includes which caused reference "C:\Program Files\dotnet\packs\Microsoft.NETCore.App.Ref\8.0.25\ref\net8.0\System.dll". [C:\Users\ultra\warewolf\Dev\Dev2.Activities.Designers\Dev2.Activities.Designers.csproj]
C:\Program Files\dotnet\sdk\10.0.201\Microsoft.Common.CurrentVersion.targets(2451,5): warning MSB3277:             C:\Program Files\dotnet\packs\Microsoft.NETCore.App.Ref\8.0.25\ref/net8.0/System.dll [C:\Users\ultra\warewolf\Dev\Dev2.Activities.Designers\Dev2.Activities.Designers.csproj]
C:\Program Files\dotnet\sdk\10.0.201\Microsoft.Common.CurrentVersion.targets(2451,5): warning MSB3277:             C:\Users\ultra\.nuget\packages\aerowizard\2.3.1\lib\net45\AeroWizard.dll [C:\Users\ultra\warewolf\Dev\Dev2.Activities.Designers\Dev2.Activities.Designers.csproj]
C:\Program Files\dotnet\sdk\10.0.201\Microsoft.Common.CurrentVersion.targets(2451,5): warning MSB3277:             C:\Users\ultra\.nuget\packages\groupcontrols\1.9.0\lib\net45\GroupControls.dll [C:\Users\ultra\warewolf\Dev\Dev2.Activities.Designers\Dev2.Activities.Designers.csproj]
C:\Program Files\dotnet\sdk\10.0.201\Microsoft.Common.CurrentVersion.targets(2451,5): warning MSB3277:             C:\Users\ultra\.nuget\packages\microsoft.xaml.behaviors.wpf\1.1.122\lib\net462\Microsoft.Xaml.Behaviors.dll [C:\Users\ultra\warewolf\Dev\Dev2.Activities.Designers\Dev2.Activities.Designers.csproj]
C:\Program Files\dotnet\sdk\10.0.201\Microsoft.Common.CurrentVersion.targets(2451,5): warning MSB3277:             C:\Users\ultra\.nuget\packages\caliburn.micro\4.0.212\lib\netcoreapp3.1\Caliburn.Micro.Platform.dll [C:\Users\ultra\warewolf\Dev\Dev2.Activities.Designers\Dev2.Activities.Designers.csproj]
C:\Program Files\dotnet\sdk\10.0.201\Microsoft.Common.CurrentVersion.targets(2451,5): warning MSB3277:             C:\Users\ultra\.nuget\packages\prism.wpf\9.0.537\lib\net462\Prism.Wpf.dll [C:\Users\ultra\warewolf\Dev\Dev2.Activities.Designers\Dev2.Activities.Designers.csproj]
C:\Program Files\dotnet\sdk\10.0.201\Microsoft.Common.CurrentVersion.targets(2451,5): warning MSB3277:             C:\Users\ultra\.nuget\packages\reactiveui.wpf\18.4.1\lib\net462\ReactiveUI.Wpf.dll [C:\Users\ultra\warewolf\Dev\Dev2.Activities.Designers\Dev2.Activities.Designers.csproj]
C:\Program Files\dotnet\sdk\10.0.201\Microsoft.Common.CurrentVersion.targets(2451,5): warning MSB3277:             C:\Users\ultra\.nuget\packages\taskschedulereditor\2.10.1\lib\net452\Microsoft.Win32.TaskSchedulerEditor.dll [C:\Users\ultra\warewolf\Dev\Dev2.Activities.Designers\Dev2.Activities.Designers.csproj]
C:\Program Files\dotnet\sdk\10.0.201\Microsoft.Common.CurrentVersion.targets(2451,5): warning MSB3277:             C:\Users\ultra\.nuget\packages\ttcue.netcore.sharepointonline.csom.16.1.8029.1200\16.1.8029.1200\lib\netcoreapp2.0\Microsoft.SharePoint.Client.Runtime.Windows.dll [C:\Users\ultra\warewolf\Dev\Dev2.Activities.Designers\Dev2.Activities.Designers.csproj]
C:\Program Files\dotnet\sdk\10.0.201\Microsoft.Common.CurrentVersion.targets(2451,5): warning MSB3277:         C:\Program Files\dotnet\packs\Microsoft.NETCore.App.Ref\8.0.25\ref\net8.0\WindowsBase.dll [C:\Users\ultra\warewolf\Dev\Dev2.Activities.Designers\Dev2.Activities.Designers.csproj]
C:\Program Files\dotnet\sdk\10.0.201\Microsoft.Common.CurrentVersion.targets(2451,5): warning MSB3277:           Project file item includes which caused reference "C:\Program Files\dotnet\packs\Microsoft.NETCore.App.Ref\8.0.25\ref\net8.0\WindowsBase.dll". [C:\Users\ultra\warewolf\Dev\Dev2.Activities.Designers\Dev2.Activities.Designers.csproj]
C:\Program Files\dotnet\sdk\10.0.201\Microsoft.Common.CurrentVersion.targets(2451,5): warning MSB3277:             C:\Program Files\dotnet\packs\Microsoft.NETCore.App.Ref\8.0.25\ref/net8.0/WindowsBase.dll [C:\Users\ultra\warewolf\Dev\Dev2.Activities.Designers\Dev2.Activities.Designers.csproj]
C:\Program Files\dotnet\sdk\10.0.201\Microsoft.Common.CurrentVersion.targets(2451,5): warning MSB3277:         C:\Program Files\dotnet\packs\Microsoft.NETCore.App.Ref\8.0.25\ref\net8.0\mscorlib.dll [C:\Users\ultra\warewolf\Dev\Dev2.Activities.Designers\Dev2.Activities.Designers.csproj]
C:\Program Files\dotnet\sdk\10.0.201\Microsoft.Common.CurrentVersion.targets(2451,5): warning MSB3277:           Project file item includes which caused reference "C:\Program Files\dotnet\packs\Microsoft.NETCore.App.Ref\8.0.25\ref\net8.0\mscorlib.dll". [C:\Users\ultra\warewolf\Dev\Dev2.Activities.Designers\Dev2.Activities.Designers.csproj]
C:\Program Files\dotnet\sdk\10.0.201\Microsoft.Common.CurrentVersion.targets(2451,5): warning MSB3277:             C:\Program Files\dotnet\packs\Microsoft.NETCore.App.Ref\8.0.25\ref/net8.0/mscorlib.dll [C:\Users\ultra\warewolf\Dev\Dev2.Activities.Designers\Dev2.Activities.Designers.csproj]
C:\Program Files\dotnet\sdk\10.0.201\Microsoft.Common.CurrentVersion.targets(2451,5): warning MSB3277:             C:\Users\ultra\.nuget\packages\aerowizard\2.3.1\lib\net45\AeroWizard.dll [C:\Users\ultra\warewolf\Dev\Dev2.Activities.Designers\Dev2.Activities.Designers.csproj]
C:\Program Files\dotnet\sdk\10.0.201\Microsoft.Common.CurrentVersion.targets(2451,5): warning MSB3277:             C:\Users\ultra\.nuget\packages\groupcontrols\1.9.0\lib\net45\GroupControls.dll [C:\Users\ultra\warewolf\Dev\Dev2.Activities.Designers\Dev2.Activities.Designers.csproj]
C:\Program Files\dotnet\sdk\10.0.201\Microsoft.Common.CurrentVersion.targets(2451,5): warning MSB3277:             C:\Users\ultra\.nuget\packages\hangfire.core\1.7.32\lib\netstandard2.0\Hangfire.Core.dll [C:\Users\ultra\warewolf\Dev\Dev2.Activities.Designers\Dev2.Activities.Designers.csproj]
C:\Program Files\dotnet\sdk\10.0.201\Microsoft.Common.CurrentVersion.targets(2451,5): warning MSB3277:             C:\Users\ultra\warewolf\Dev\Dev2.Activities\bin\Debug\net8.0\Dev2.Activities.dll [C:\Users\ultra\warewolf\Dev\Dev2.Activities.Designers\Dev2.Activities.Designers.csproj]
C:\Program Files\dotnet\sdk\10.0.201\Microsoft.Common.CurrentVersion.targets(2451,5): warning MSB3277:             C:\Users\ultra\warewolf\Dev\Dev2.Studio.Core\bin\Debug\net8.0\Dev2.Studio.Core.dll [C:\Users\ultra\warewolf\Dev\Dev2.Activities.Designers\Dev2.Activities.Designers.csproj]
C:\Program Files\dotnet\sdk\10.0.201\Microsoft.Common.CurrentVersion.targets(2451,5): warning MSB3277:             C:\Users\ultra\warewolf\Dev\Dev2.Intellisense\bin\Debug\net8.0\Dev2.Intellisense.dll [C:\Users\ultra\warewolf\Dev\Dev2.Activities.Designers\Dev2.Activities.Designers.csproj]
C:\Program Files\dotnet\sdk\10.0.201\Microsoft.Common.CurrentVersion.targets(2451,5): warning MSB3277:             C:\Users\ultra\warewolf\Dev\Warewolf.Driver.Persistence\bin\Debug\net8.0\Warewolf.Driver.Persistence.dll [C:\Users\ultra\warewolf\Dev\Dev2.Activities.Designers\Dev2.Activities.Designers.csproj]
C:\Program Files\dotnet\sdk\10.0.201\Microsoft.Common.CurrentVersion.targets(2451,5): warning MSB3277:             C:\Users\ultra\.nuget\packages\hangfire.sqlserver\1.7.32\lib\netstandard2.0\Hangfire.SqlServer.dll [C:\Users\ultra\warewolf\Dev\Dev2.Activities.Designers\Dev2.Activities.Designers.csproj]
C:\Program Files\dotnet\sdk\10.0.201\Microsoft.Common.CurrentVersion.targets(2451,5): warning MSB3277:             C:\Users\ultra\.nuget\packages\microsoft.xaml.behaviors.wpf\1.1.122\lib\net462\Microsoft.Xaml.Behaviors.dll [C:\Users\ultra\warewolf\Dev\Dev2.Activities.Designers\Dev2.Activities.Designers.csproj]
C:\Program Files\dotnet\sdk\10.0.201\Microsoft.Common.CurrentVersion.targets(2451,5): warning MSB3277:             C:\Users\ultra\.nuget\packages\caliburn.micro\4.0.212\lib\netcoreapp3.1\Caliburn.Micro.Platform.dll [C:\Users\ultra\warewolf\Dev\Dev2.Activities.Designers\Dev2.Activities.Designers.csproj]
C:\Program Files\dotnet\sdk\10.0.201\Microsoft.Common.CurrentVersion.targets(2451,5): warning MSB3277:             C:\Users\ultra\.nuget\packages\oracle.manageddataaccess.core\3.21.70\lib\netstandard2.1\Oracle.ManagedDataAccess.dll [C:\Users\ultra\warewolf\Dev\Dev2.Activities.Designers\Dev2.Activities.Designers.csproj]
C:\Program Files\dotnet\sdk\10.0.201\Microsoft.Common.CurrentVersion.targets(2451,5): warning MSB3277:             C:\Users\ultra\warewolf\Dev\Dev2.Runtime.Services\bin\Debug\net8.0\Dev2.Runtime.Services.dll [C:\Users\ultra\warewolf\Dev\Dev2.Activities.Designers\Dev2.Activities.Designers.csproj]
C:\Program Files\dotnet\sdk\10.0.201\Microsoft.Common.CurrentVersion.targets(2451,5): warning MSB3277:             C:\Users\ultra\warewolf\Dev\Dev2.Studio.Interfaces\bin\Debug\net8.0\Dev2.Studio.Interfaces.dll [C:\Users\ultra\warewolf\Dev\Dev2.Activities.Designers\Dev2.Activities.Designers.csproj]
C:\Program Files\dotnet\sdk\10.0.201\Microsoft.Common.CurrentVersion.targets(2451,5): warning MSB3277:             C:\Users\ultra\warewolf\Dev\Warewolf.Studio.Core\bin\Debug\net8.0\Warewolf.Studio.Core.dll [C:\Users\ultra\warewolf\Dev\Dev2.Activities.Designers\Dev2.Activities.Designers.csproj]
C:\Program Files\dotnet\sdk\10.0.201\Microsoft.Common.CurrentVersion.targets(2451,5): warning MSB3277:             C:\Users\ultra\warewolf\Dev\Warewolf.Studio.CustomControls\bin\Debug\net8.0\Warewolf.Studio.CustomControls.dll [C:\Users\ultra\warewolf\Dev\Dev2.Activities.Designers\Dev2.Activities.Designers.csproj]
C:\Program Files\dotnet\sdk\10.0.201\Microsoft.Common.CurrentVersion.targets(2451,5): warning MSB3277:             C:\Users\ultra\warewolf\Dev\Warewolf.Studio.Models\bin\Debug\net8.0\Warewolf.Studio.Models.dll [C:\Users\ultra\warewolf\Dev\Dev2.Activities.Designers\Dev2.Activities.Designers.csproj]
C:\Program Files\dotnet\sdk\10.0.201\Microsoft.Common.CurrentVersion.targets(2451,5): warning MSB3277:             C:\Users\ultra\warewolf\Dev\Dev2.Services.Execution\bin\Debug\net8.0\Dev2.Services.Execution.dll [C:\Users\ultra\warewolf\Dev\Dev2.Activities.Designers\Dev2.Activities.Designers.csproj]
C:\Program Files\dotnet\sdk\10.0.201\Microsoft.Common.CurrentVersion.targets(2451,5): warning MSB3277:             C:\Users\ultra\warewolf\Dev\Dev2.Services.Sql\bin\Debug\net8.0\Dev2.Services.Sql.dll [C:\Users\ultra\warewolf\Dev\Dev2.Activities.Designers\Dev2.Activities.Designers.csproj]
C:\Program Files\dotnet\sdk\10.0.201\Microsoft.Common.CurrentVersion.targets(2451,5): warning MSB3277:             C:\Users\ultra\.nuget\packages\prism.wpf\9.0.537\lib\net462\Prism.Wpf.dll [C:\Users\ultra\warewolf\Dev\Dev2.Activities.Designers\Dev2.Activities.Designers.csproj]
C:\Program Files\dotnet\sdk\10.0.201\Microsoft.Common.CurrentVersion.targets(2451,5): warning MSB3277:             C:\Users\ultra\.nuget\packages\reactiveui.wpf\18.4.1\lib\net462\ReactiveUI.Wpf.dll [C:\Users\ultra\warewolf\Dev\Dev2.Activities.Designers\Dev2.Activities.Designers.csproj]
C:\Program Files\dotnet\sdk\10.0.201\Microsoft.Common.CurrentVersion.targets(2451,5): warning MSB3277:             C:\Users\ultra\.nuget\packages\taskschedulereditor\2.10.1\lib\net452\Microsoft.Win32.TaskSchedulerEditor.dll [C:\Users\ultra\warewolf\Dev\Dev2.Activities.Designers\Dev2.Activities.Designers.csproj]
C:\Program Files\dotnet\sdk\10.0.201\Microsoft.Common.CurrentVersion.targets(2451,5): warning MSB3277:             C:\Users\ultra\.nuget\packages\ttcue.netcore.sharepointonline.csom.16.1.8029.1200\16.1.8029.1200\lib\netcoreapp2.0\Microsoft.SharePoint.Client.Runtime.Windows.dll [C:\Users\ultra\warewolf\Dev\Dev2.Activities.Designers\Dev2.Activities.Designers.csproj]
C:\Program Files\dotnet\sdk\10.0.201\Microsoft.Common.CurrentVersion.targets(2451,5): warning MSB3277:         C:\Users\ultra\warewolf\Dev\Dev2.Development.Languages\bin\Debug\net8.0\IronRuby.dll [C:\Users\ultra\warewolf\Dev\Dev2.Activities.Designers\Dev2.Activities.Designers.csproj]
C:\Program Files\dotnet\sdk\10.0.201\Microsoft.Common.CurrentVersion.targets(2451,5): warning MSB3277:           Project file item includes which caused reference "C:\Users\ultra\warewolf\Dev\Dev2.Development.Languages\bin\Debug\net8.0\IronRuby.dll". [C:\Users\ultra\warewolf\Dev\Dev2.Activities.Designers\Dev2.Activities.Designers.csproj]
C:\Program Files\dotnet\sdk\10.0.201\Microsoft.Common.CurrentVersion.targets(2451,5): warning MSB3277:             C:\Users\ultra\warewolf\Dev\Dev2.Development.Languages\bin\Debug\net8.0\Dev2.Development.Languages.dll [C:\Users\ultra\warewolf\Dev\Dev2.Activities.Designers\Dev2.Activities.Designers.csproj]
C:\Program Files\dotnet\sdk\10.0.201\Microsoft.Common.CurrentVersion.targets(2451,5): warning MSB3277:             C:\Users\ultra\warewolf\Dev\Dev2.Activities\bin\Debug\net8.0\Dev2.Activities.dll [C:\Users\ultra\warewolf\Dev\Dev2.Activities.Designers\Dev2.Activities.Designers.csproj]
C:\Program Files\dotnet\sdk\10.0.201\Microsoft.Common.CurrentVersion.targets(2451,5): warning MSB3277:             C:\Users\ultra\warewolf\Dev\Dev2.Studio.Core\bin\Debug\net8.0\Dev2.Studio.Core.dll [C:\Users\ultra\warewolf\Dev\Dev2.Activities.Designers\Dev2.Activities.Designers.csproj]
C:\Program Files\dotnet\sdk\10.0.201\Microsoft.Common.CurrentVersion.targets(2451,5): warning MSB3277:             C:\Users\ultra\warewolf\Dev\Dev2.Intellisense\bin\Debug\net8.0\Dev2.Intellisense.dll [C:\Users\ultra\warewolf\Dev\Dev2.Activities.Designers\Dev2.Activities.Designers.csproj]
C:\Program Files\dotnet\sdk\10.0.201\Microsoft.Common.CurrentVersion.targets(2451,5): warning MSB3277:         C:\Users\ultra\warewolf\Dev\Dev2.Development.Languages\bin\Debug\net8.0\IronRuby.Libraries.dll [C:\Users\ultra\warewolf\Dev\Dev2.Activities.Designers\Dev2.Activities.Designers.csproj]
C:\Program Files\dotnet\sdk\10.0.201\Microsoft.Common.CurrentVersion.targets(2451,5): warning MSB3277:           Project file item includes which caused reference "C:\Users\ultra\warewolf\Dev\Dev2.Development.Languages\bin\Debug\net8.0\IronRuby.Libraries.dll". [C:\Users\ultra\warewolf\Dev\Dev2.Activities.Designers\Dev2.Activities.Designers.csproj]
C:\Program Files\dotnet\sdk\10.0.201\Microsoft.Common.CurrentVersion.targets(2451,5): warning MSB3277:             C:\Users\ultra\warewolf\Dev\Dev2.Development.Languages\bin\Debug\net8.0\Dev2.Development.Languages.dll [C:\Users\ultra\warewolf\Dev\Dev2.Activities.Designers\Dev2.Activities.Designers.csproj]
C:\Program Files\dotnet\sdk\10.0.201\Microsoft.Common.CurrentVersion.targets(2451,5): warning MSB3277:             C:\Users\ultra\warewolf\Dev\Dev2.Activities\bin\Debug\net8.0\Dev2.Activities.dll [C:\Users\ultra\warewolf\Dev\Dev2.Activities.Designers\Dev2.Activities.Designers.csproj]
C:\Program Files\dotnet\sdk\10.0.201\Microsoft.Common.CurrentVersion.targets(2451,5): warning MSB3277:             C:\Users\ultra\warewolf\Dev\Dev2.Studio.Core\bin\Debug\net8.0\Dev2.Studio.Core.dll [C:\Users\ultra\warewolf\Dev\Dev2.Activities.Designers\Dev2.Activities.Designers.csproj]
C:\Program Files\dotnet\sdk\10.0.201\Microsoft.Common.CurrentVersion.targets(2451,5): warning MSB3277:             C:\Users\ultra\warewolf\Dev\Dev2.Intellisense\bin\Debug\net8.0\Dev2.Intellisense.dll [C:\Users\ultra\warewolf\Dev\Dev2.Activities.Designers\Dev2.Activities.Designers.csproj]
C:\Program Files\dotnet\sdk\10.0.201\Microsoft.Common.CurrentVersion.targets(2451,5): warning MSB3277: Found conflicts between different versions of "WindowsBase" that could not be resolved. [C:\Users\ultra\warewolf\Dev\Dev2.Activities.Designers\Dev2.Activities.Designers.csproj]
C:\Program Files\dotnet\sdk\10.0.201\Microsoft.Common.CurrentVersion.targets(2451,5): warning MSB3277: There was a conflict between "WindowsBase, Version=4.0.0.0, Culture=neutral, PublicKeyToken=31bf3856ad364e35" and "WindowsBase, Version=6.0.2.0, Culture=neutral, PublicKeyToken=31bf3856ad364e35". [C:\Users\ultra\warewolf\Dev\Dev2.Activities.Designers\Dev2.Activities.Designers.csproj]
C:\Program Files\dotnet\sdk\10.0.201\Microsoft.Common.CurrentVersion.targets(2451,5): warning MSB3277:     "WindowsBase, Version=4.0.0.0, Culture=neutral, PublicKeyToken=31bf3856ad364e35" was chosen because it was primary and "WindowsBase, Version=6.0.2.0, Culture=neutral, PublicKeyToken=31bf3856ad364e35" was not. [C:\Users\ultra\warewolf\Dev\Dev2.Activities.Designers\Dev2.Activities.Designers.csproj]
C:\Program Files\dotnet\sdk\10.0.201\Microsoft.Common.CurrentVersion.targets(2451,5): warning MSB3277:     References which depend on "WindowsBase, Version=4.0.0.0, Culture=neutral, PublicKeyToken=31bf3856ad364e35" [C:\Program Files\dotnet\packs\Microsoft.NETCore.App.Ref\8.0.25\ref\net8.0\WindowsBase.dll]. [C:\Users\ultra\warewolf\Dev\Dev2.Activities.Designers\Dev2.Activities.Designers.csproj]
C:\Program Files\dotnet\sdk\10.0.201\Microsoft.Common.CurrentVersion.targets(2451,5): warning MSB3277:         C:\Program Files\dotnet\packs\Microsoft.NETCore.App.Ref\8.0.25\ref\net8.0\WindowsBase.dll [C:\Users\ultra\warewolf\Dev\Dev2.Activities.Designers\Dev2.Activities.Designers.csproj]
C:\Program Files\dotnet\sdk\10.0.201\Microsoft.Common.CurrentVersion.targets(2451,5): warning MSB3277:           Project file item includes which caused reference "C:\Program Files\dotnet\packs\Microsoft.NETCore.App.Ref\8.0.25\ref\net8.0\WindowsBase.dll". [C:\Users\ultra\warewolf\Dev\Dev2.Activities.Designers\Dev2.Activities.Designers.csproj]
C:\Program Files\dotnet\sdk\10.0.201\Microsoft.Common.CurrentVersion.targets(2451,5): warning MSB3277:             C:\Program Files\dotnet\packs\Microsoft.NETCore.App.Ref\8.0.25\ref/net8.0/WindowsBase.dll [C:\Users\ultra\warewolf\Dev\Dev2.Activities.Designers\Dev2.Activities.Designers.csproj]
C:\Program Files\dotnet\sdk\10.0.201\Microsoft.Common.CurrentVersion.targets(2451,5): warning MSB3277:     References which depend on or have been unified to "WindowsBase, Version=6.0.2.0, Culture=neutral, PublicKeyToken=31bf3856ad364e35" []. [C:\Users\ultra\warewolf\Dev\Dev2.Activities.Designers\Dev2.Activities.Designers.csproj]
C:\Program Files\dotnet\sdk\10.0.201\Microsoft.Common.CurrentVersion.targets(2451,5): warning MSB3277:         C:\Users\ultra\warewolf\Dev\Binaries\Infragistcs_Net6\InfragisticsWPF4.Controls.Editors.XamComboEditor.v15.1.dll [C:\Users\ultra\warewolf\Dev\Dev2.Activities.Designers\Dev2.Activities.Designers.csproj]
C:\Program Files\dotnet\sdk\10.0.201\Microsoft.Common.CurrentVersion.targets(2451,5): warning MSB3277:           Project file item includes which caused reference "C:\Users\ultra\warewolf\Dev\Binaries\Infragistcs_Net6\InfragisticsWPF4.Controls.Editors.XamComboEditor.v15.1.dll". [C:\Users\ultra\warewolf\Dev\Dev2.Activities.Designers\Dev2.Activities.Designers.csproj]
C:\Program Files\dotnet\sdk\10.0.201\Microsoft.Common.CurrentVersion.targets(2451,5): warning MSB3277:             InfragisticsWPF4.Controls.Editors.XamComboEditor.v15.1, Version=15.1.20151.2055, Culture=neutral, processorArchitecture=MSIL [C:\Users\ultra\warewolf\Dev\Dev2.Activities.Designers\Dev2.Activities.Designers.csproj]
C:\Program Files\dotnet\sdk\10.0.201\Microsoft.Common.CurrentVersion.targets(2451,5): warning MSB3277:         C:\Users\ultra\warewolf\Dev\Binaries\Infragistcs_Net6\InfragisticsWPF4.Controls.Grids.XamGrid.v15.1.dll [C:\Users\ultra\warewolf\Dev\Dev2.Activities.Designers\Dev2.Activities.Designers.csproj]
C:\Program Files\dotnet\sdk\10.0.201\Microsoft.Common.CurrentVersion.targets(2451,5): warning MSB3277:           Project file item includes which caused reference "C:\Users\ultra\warewolf\Dev\Binaries\Infragistcs_Net6\InfragisticsWPF4.Controls.Grids.XamGrid.v15.1.dll". [C:\Users\ultra\warewolf\Dev\Dev2.Activities.Designers\Dev2.Activities.Designers.csproj]
C:\Program Files\dotnet\sdk\10.0.201\Microsoft.Common.CurrentVersion.targets(2451,5): warning MSB3277:             InfragisticsWPF4.Controls.Grids.XamGrid.v15.1 [C:\Users\ultra\warewolf\Dev\Dev2.Activities.Designers\Dev2.Activities.Designers.csproj]
C:\Program Files\dotnet\sdk\10.0.201\Microsoft.Common.CurrentVersion.targets(2451,5): warning MSB3277:         C:\Users\ultra\warewolf\Dev\Binaries\Infragistcs_Net6\InfragisticsWPF4.Controls.Interactions.XamDialogWindow.v15.1.dll [C:\Users\ultra\warewolf\Dev\Dev2.Activities.Designers\Dev2.Activities.Designers.csproj]
C:\Program Files\dotnet\sdk\10.0.201\Microsoft.Common.CurrentVersion.targets(2451,5): warning MSB3277:           Project file item includes which caused reference "C:\Users\ultra\warewolf\Dev\Binaries\Infragistcs_Net6\InfragisticsWPF4.Controls.Interactions.XamDialogWindow.v15.1.dll". [C:\Users\ultra\warewolf\Dev\Dev2.Activities.Designers\Dev2.Activities.Designers.csproj]
C:\Program Files\dotnet\sdk\10.0.201\Microsoft.Common.CurrentVersion.targets(2451,5): warning MSB3277:             InfragisticsWPF4.Controls.Interactions.XamDialogWindow.v15.1, Version=15.1.20151.2055, Culture=neutral, PublicKeyToken=7dd5c3163f2cd0cb, processorArchitecture=MSIL [C:\Users\ultra\warewolf\Dev\Dev2.Activities.Designers\Dev2.Activities.Designers.csproj]
C:\Program Files\dotnet\sdk\10.0.201\Microsoft.Common.CurrentVersion.targets(2451,5): warning MSB3277:         C:\Users\ultra\warewolf\Dev\Binaries\Infragistcs_Net6\InfragisticsWPF4.Controls.Menus.XamDataTree.v15.1.dll [C:\Users\ultra\warewolf\Dev\Dev2.Activities.Designers\Dev2.Activities.Designers.csproj]
C:\Program Files\dotnet\sdk\10.0.201\Microsoft.Common.CurrentVersion.targets(2451,5): warning MSB3277:           Project file item includes which caused reference "C:\Users\ultra\warewolf\Dev\Binaries\Infragistcs_Net6\InfragisticsWPF4.Controls.Menus.XamDataTree.v15.1.dll". [C:\Users\ultra\warewolf\Dev\Dev2.Activities.Designers\Dev2.Activities.Designers.csproj]
C:\Program Files\dotnet\sdk\10.0.201\Microsoft.Common.CurrentVersion.targets(2451,5): warning MSB3277:             InfragisticsWPF4.Controls.Menus.XamDataTree.v15.1 [C:\Users\ultra\warewolf\Dev\Dev2.Activities.Designers\Dev2.Activities.Designers.csproj]
C:\Program Files\dotnet\sdk\10.0.201\Microsoft.Common.CurrentVersion.targets(2451,5): warning MSB3277:         C:\Users\ultra\warewolf\Dev\Binaries\Infragistcs_Net6\InfragisticsWPF4.Controls.Menus.XamMenu.v15.1.dll [C:\Users\ultra\warewolf\Dev\Dev2.Activities.Designers\Dev2.Activities.Designers.csproj]
C:\Program Files\dotnet\sdk\10.0.201\Microsoft.Common.CurrentVersion.targets(2451,5): warning MSB3277:           Project file item includes which caused reference "C:\Users\ultra\warewolf\Dev\Binaries\Infragistcs_Net6\InfragisticsWPF4.Controls.Menus.XamMenu.v15.1.dll". [C:\Users\ultra\warewolf\Dev\Dev2.Activities.Designers\Dev2.Activities.Designers.csproj]
C:\Program Files\dotnet\sdk\10.0.201\Microsoft.Common.CurrentVersion.targets(2451,5): warning MSB3277:             InfragisticsWPF4.Controls.Menus.XamMenu.v15.1, Version=15.1.20151.2055, Culture=neutral, processorArchitecture=MSIL [C:\Users\ultra\warewolf\Dev\Dev2.Activities.Designers\Dev2.Activities.Designers.csproj]
C:\Program Files\dotnet\sdk\10.0.201\Microsoft.Common.CurrentVersion.targets(2451,5): warning MSB3277:             InfragisticsWPF4.Controls.Grids.XamGrid.v15.1 [C:\Users\ultra\warewolf\Dev\Dev2.Activities.Designers\Dev2.Activities.Designers.csproj]
C:\Program Files\dotnet\sdk\10.0.201\Microsoft.Common.CurrentVersion.targets(2451,5): warning MSB3277:         C:\Users\ultra\warewolf\Dev\Binaries\Infragistcs_Net6\InfragisticsWPF4.DataManager.v15.1.dll [C:\Users\ultra\warewolf\Dev\Dev2.Activities.Designers\Dev2.Activities.Designers.csproj]
C:\Program Files\dotnet\sdk\10.0.201\Microsoft.Common.CurrentVersion.targets(2451,5): warning MSB3277:           Project file item includes which caused reference "C:\Users\ultra\warewolf\Dev\Binaries\Infragistcs_Net6\InfragisticsWPF4.DataManager.v15.1.dll". [C:\Users\ultra\warewolf\Dev\Dev2.Activities.Designers\Dev2.Activities.Designers.csproj]
C:\Program Files\dotnet\sdk\10.0.201\Microsoft.Common.CurrentVersion.targets(2451,5): warning MSB3277:             InfragisticsWPF4.DataManager.v15.1, Version=15.1.20151.2188, Culture=neutral, PublicKeyToken=7dd5c3163f2cd0cb, processorArchitecture=MSIL [C:\Users\ultra\warewolf\Dev\Dev2.Activities.Designers\Dev2.Activities.Designers.csproj]
C:\Program Files\dotnet\sdk\10.0.201\Microsoft.Common.CurrentVersion.targets(2451,5): warning MSB3277:             InfragisticsWPF4.Controls.Editors.XamComboEditor.v15.1, Version=15.1.20151.2055, Culture=neutral, processorArchitecture=MSIL [C:\Users\ultra\warewolf\Dev\Dev2.Activities.Designers\Dev2.Activities.Designers.csproj]
C:\Program Files\dotnet\sdk\10.0.201\Microsoft.Common.CurrentVersion.targets(2451,5): warning MSB3277:             InfragisticsWPF4.Controls.Grids.XamGrid.v15.1 [C:\Users\ultra\warewolf\Dev\Dev2.Activities.Designers\Dev2.Activities.Designers.csproj]
C:\Program Files\dotnet\sdk\10.0.201\Microsoft.Common.CurrentVersion.targets(2451,5): warning MSB3277:             InfragisticsWPF4.Controls.Menus.XamDataTree.v15.1 [C:\Users\ultra\warewolf\Dev\Dev2.Activities.Designers\Dev2.Activities.Designers.csproj]
C:\Program Files\dotnet\sdk\10.0.201\Microsoft.Common.CurrentVersion.targets(2451,5): warning MSB3277:         C:\Users\ultra\warewolf\Dev\Binaries\Infragistcs_Net6\InfragisticsWPF4.Editors.v15.1.dll [C:\Users\ultra\warewolf\Dev\Dev2.Activities.Designers\Dev2.Activities.Designers.csproj]
C:\Program Files\dotnet\sdk\10.0.201\Microsoft.Common.CurrentVersion.targets(2451,5): warning MSB3277:           Project file item includes which caused reference "C:\Users\ultra\warewolf\Dev\Binaries\Infragistcs_Net6\InfragisticsWPF4.Editors.v15.1.dll". [C:\Users\ultra\warewolf\Dev\Dev2.Activities.Designers\Dev2.Activities.Designers.csproj]
C:\Program Files\dotnet\sdk\10.0.201\Microsoft.Common.CurrentVersion.targets(2451,5): warning MSB3277:             InfragisticsWPF4.Editors.v15.1, Version=15.1.20151.2055, Culture=neutral, processorArchitecture=MSIL [C:\Users\ultra\warewolf\Dev\Dev2.Activities.Designers\Dev2.Activities.Designers.csproj]
C:\Program Files\dotnet\sdk\10.0.201\Microsoft.Common.CurrentVersion.targets(2451,5): warning MSB3277:         C:\Users\ultra\warewolf\Dev\Binaries\Infragistcs_Net6\InfragisticsWPF4.v15.1.dll [C:\Users\ultra\warewolf\Dev\Dev2.Activities.Designers\Dev2.Activities.Designers.csproj]
C:\Program Files\dotnet\sdk\10.0.201\Microsoft.Common.CurrentVersion.targets(2451,5): warning MSB3277:           Project file item includes which caused reference "C:\Users\ultra\warewolf\Dev\Binaries\Infragistcs_Net6\InfragisticsWPF4.v15.1.dll". [C:\Users\ultra\warewolf\Dev\Dev2.Activities.Designers\Dev2.Activities.Designers.csproj]
C:\Program Files\dotnet\sdk\10.0.201\Microsoft.Common.CurrentVersion.targets(2451,5): warning MSB3277:             InfragisticsWPF4.v15.1, Version=15.1.20151.2055, Culture=neutral, PublicKeyToken=7dd5c3163f2cd0cb, processorArchitecture=MSIL [C:\Users\ultra\warewolf\Dev\Dev2.Activities.Designers\Dev2.Activities.Designers.csproj]
C:\Program Files\dotnet\sdk\10.0.201\Microsoft.Common.CurrentVersion.targets(2451,5): warning MSB3277:             InfragisticsWPF4.Controls.Editors.XamComboEditor.v15.1, Version=15.1.20151.2055, Culture=neutral, processorArchitecture=MSIL [C:\Users\ultra\warewolf\Dev\Dev2.Activities.Designers\Dev2.Activities.Designers.csproj]
C:\Program Files\dotnet\sdk\10.0.201\Microsoft.Common.CurrentVersion.targets(2451,5): warning MSB3277:             InfragisticsWPF4.Controls.Grids.XamGrid.v15.1 [C:\Users\ultra\warewolf\Dev\Dev2.Activities.Designers\Dev2.Activities.Designers.csproj]
C:\Program Files\dotnet\sdk\10.0.201\Microsoft.Common.CurrentVersion.targets(2451,5): warning MSB3277:             InfragisticsWPF4.Controls.Interactions.XamDialogWindow.v15.1, Version=15.1.20151.2055, Culture=neutral, PublicKeyToken=7dd5c3163f2cd0cb, processorArchitecture=MSIL [C:\Users\ultra\warewolf\Dev\Dev2.Activities.Designers\Dev2.Activities.Designers.csproj]
C:\Program Files\dotnet\sdk\10.0.201\Microsoft.Common.CurrentVersion.targets(2451,5): warning MSB3277:             InfragisticsWPF4.Controls.Menus.XamDataTree.v15.1 [C:\Users\ultra\warewolf\Dev\Dev2.Activities.Designers\Dev2.Activities.Designers.csproj]
C:\Program Files\dotnet\sdk\10.0.201\Microsoft.Common.CurrentVersion.targets(2451,5): warning MSB3277:             InfragisticsWPF4.Controls.Menus.XamMenu.v15.1, Version=15.1.20151.2055, Culture=neutral, processorArchitecture=MSIL [C:\Users\ultra\warewolf\Dev\Dev2.Activities.Designers\Dev2.Activities.Designers.csproj]
C:\Program Files\dotnet\sdk\10.0.201\Microsoft.Common.CurrentVersion.targets(2451,5): warning MSB3277:             InfragisticsWPF4.DataManager.v15.1, Version=15.1.20151.2188, Culture=neutral, PublicKeyToken=7dd5c3163f2cd0cb, processorArchitecture=MSIL [C:\Users\ultra\warewolf\Dev\Dev2.Activities.Designers\Dev2.Activities.Designers.csproj]
C:\Program Files\dotnet\sdk\10.0.201\Microsoft.Common.CurrentVersion.targets(2451,5): warning MSB3277:             InfragisticsWPF4.Editors.v15.1, Version=15.1.20151.2055, Culture=neutral, processorArchitecture=MSIL [C:\Users\ultra\warewolf\Dev\Dev2.Activities.Designers\Dev2.Activities.Designers.csproj]
C:\Program Files\dotnet\sdk\10.0.201\Microsoft.Common.CurrentVersion.targets(2451,5): warning MSB3277:         C:\Users\ultra\.nuget\packages\caliburn.micro\4.0.212\lib\netcoreapp3.1\Caliburn.Micro.Platform.dll [C:\Users\ultra\warewolf\Dev\Dev2.Activities.Designers\Dev2.Activities.Designers.csproj]
C:\Program Files\dotnet\sdk\10.0.201\Microsoft.Common.CurrentVersion.targets(2451,5): warning MSB3277:           Project file item includes which caused reference "C:\Users\ultra\.nuget\packages\caliburn.micro\4.0.212\lib\netcoreapp3.1\Caliburn.Micro.Platform.dll". [C:\Users\ultra\warewolf\Dev\Dev2.Activities.Designers\Dev2.Activities.Designers.csproj]
C:\Program Files\dotnet\sdk\10.0.201\Microsoft.Common.CurrentVersion.targets(2451,5): warning MSB3277:             C:\Users\ultra\.nuget\packages\caliburn.micro\4.0.212\lib\netcoreapp3.1\Caliburn.Micro.Platform.dll [C:\Users\ultra\warewolf\Dev\Dev2.Activities.Designers\Dev2.Activities.Designers.csproj]
C:\Program Files\dotnet\sdk\10.0.201\Microsoft.Common.CurrentVersion.targets(2451,5): warning MSB3277:         C:\Users\ultra\.nuget\packages\extended.wpf.toolkit\4.4.0\lib\net5.0\Xceed.Wpf.AvalonDock.NET5.dll [C:\Users\ultra\warewolf\Dev\Dev2.Activities.Designers\Dev2.Activities.Designers.csproj]
C:\Program Files\dotnet\sdk\10.0.201\Microsoft.Common.CurrentVersion.targets(2451,5): warning MSB3277:           Project file item includes which caused reference "C:\Users\ultra\.nuget\packages\extended.wpf.toolkit\4.4.0\lib\net5.0\Xceed.Wpf.AvalonDock.NET5.dll". [C:\Users\ultra\warewolf\Dev\Dev2.Activities.Designers\Dev2.Activities.Designers.csproj]
C:\Program Files\dotnet\sdk\10.0.201\Microsoft.Common.CurrentVersion.targets(2451,5): warning MSB3277:             C:\Users\ultra\.nuget\packages\extended.wpf.toolkit\4.4.0\lib\net5.0\Xceed.Wpf.AvalonDock.NET5.dll [C:\Users\ultra\warewolf\Dev\Dev2.Activities.Designers\Dev2.Activities.Designers.csproj]
C:\Program Files\dotnet\sdk\10.0.201\Microsoft.Common.CurrentVersion.targets(2451,5): warning MSB3277:             C:\Users\ultra\.nuget\packages\extended.wpf.toolkit\4.4.0\lib\net5.0\Xceed.Wpf.AvalonDock.Themes.Aero.NET5.dll [C:\Users\ultra\warewolf\Dev\Dev2.Activities.Designers\Dev2.Activities.Designers.csproj]
C:\Program Files\dotnet\sdk\10.0.201\Microsoft.Common.CurrentVersion.targets(2451,5): warning MSB3277:             C:\Users\ultra\.nuget\packages\extended.wpf.toolkit\4.4.0\lib\net5.0\Xceed.Wpf.AvalonDock.Themes.Metro.NET5.dll [C:\Users\ultra\warewolf\Dev\Dev2.Activities.Designers\Dev2.Activities.Designers.csproj]
C:\Program Files\dotnet\sdk\10.0.201\Microsoft.Common.CurrentVersion.targets(2451,5): warning MSB3277:             C:\Users\ultra\.nuget\packages\extended.wpf.toolkit\4.4.0\lib\net5.0\Xceed.Wpf.AvalonDock.Themes.VS2010.NET5.dll [C:\Users\ultra\warewolf\Dev\Dev2.Activities.Designers\Dev2.Activities.Designers.csproj]
C:\Program Files\dotnet\sdk\10.0.201\Microsoft.Common.CurrentVersion.targets(2451,5): warning MSB3277:         C:\Users\ultra\.nuget\packages\extended.wpf.toolkit\4.4.0\lib\net5.0\Xceed.Wpf.AvalonDock.Themes.Aero.NET5.dll [C:\Users\ultra\warewolf\Dev\Dev2.Activities.Designers\Dev2.Activities.Designers.csproj]
C:\Program Files\dotnet\sdk\10.0.201\Microsoft.Common.CurrentVersion.targets(2451,5): warning MSB3277:           Project file item includes which caused reference "C:\Users\ultra\.nuget\packages\extended.wpf.toolkit\4.4.0\lib\net5.0\Xceed.Wpf.AvalonDock.Themes.Aero.NET5.dll". [C:\Users\ultra\warewolf\Dev\Dev2.Activities.Designers\Dev2.Activities.Designers.csproj]
C:\Program Files\dotnet\sdk\10.0.201\Microsoft.Common.CurrentVersion.targets(2451,5): warning MSB3277:             C:\Users\ultra\.nuget\packages\extended.wpf.toolkit\4.4.0\lib\net5.0\Xceed.Wpf.AvalonDock.Themes.Aero.NET5.dll [C:\Users\ultra\warewolf\Dev\Dev2.Activities.Designers\Dev2.Activities.Designers.csproj]
C:\Program Files\dotnet\sdk\10.0.201\Microsoft.Common.CurrentVersion.targets(2451,5): warning MSB3277:         C:\Users\ultra\.nuget\packages\extended.wpf.toolkit\4.4.0\lib\net5.0\Xceed.Wpf.Toolkit.NET5.dll [C:\Users\ultra\warewolf\Dev\Dev2.Activities.Designers\Dev2.Activities.Designers.csproj]
C:\Program Files\dotnet\sdk\10.0.201\Microsoft.Common.CurrentVersion.targets(2451,5): warning MSB3277:           Project file item includes which caused reference "C:\Users\ultra\.nuget\packages\extended.wpf.toolkit\4.4.0\lib\net5.0\Xceed.Wpf.Toolkit.NET5.dll". [C:\Users\ultra\warewolf\Dev\Dev2.Activities.Designers\Dev2.Activities.Designers.csproj]
C:\Program Files\dotnet\sdk\10.0.201\Microsoft.Common.CurrentVersion.targets(2451,5): warning MSB3277:             C:\Users\ultra\.nuget\packages\extended.wpf.toolkit\4.4.0\lib\net5.0\Xceed.Wpf.Toolkit.NET5.dll [C:\Users\ultra\warewolf\Dev\Dev2.Activities.Designers\Dev2.Activities.Designers.csproj]
C:\Program Files\dotnet\sdk\10.0.201\Microsoft.Common.CurrentVersion.targets(2451,5): warning MSB3277:         C:\Users\ultra\.nuget\packages\ironpython\3.4.0\lib\net6.0\IronPython.Wpf.dll [C:\Users\ultra\warewolf\Dev\Dev2.Activities.Designers\Dev2.Activities.Designers.csproj]
C:\Program Files\dotnet\sdk\10.0.201\Microsoft.Common.CurrentVersion.targets(2451,5): warning MSB3277:           Project file item includes which caused reference "C:\Users\ultra\.nuget\packages\ironpython\3.4.0\lib\net6.0\IronPython.Wpf.dll". [C:\Users\ultra\warewolf\Dev\Dev2.Activities.Designers\Dev2.Activities.Designers.csproj]
C:\Program Files\dotnet\sdk\10.0.201\Microsoft.Common.CurrentVersion.targets(2451,5): warning MSB3277:             C:\Users\ultra\.nuget\packages\ironpython\3.4.0\lib\net6.0\IronPython.Wpf.dll [C:\Users\ultra\warewolf\Dev\Dev2.Activities.Designers\Dev2.Activities.Designers.csproj]
C:\Program Files\dotnet\sdk\10.0.201\Microsoft.Common.CurrentVersion.targets(2451,5): warning MSB3277:         C:\Users\ultra\.nuget\packages\microsoft.xaml.behaviors.wpf\1.1.122\lib\net462\Microsoft.Xaml.Behaviors.dll [C:\Users\ultra\warewolf\Dev\Dev2.Activities.Designers\Dev2.Activities.Designers.csproj]
C:\Program Files\dotnet\sdk\10.0.201\Microsoft.Common.CurrentVersion.targets(2451,5): warning MSB3277:           Project file item includes which caused reference "C:\Users\ultra\.nuget\packages\microsoft.xaml.behaviors.wpf\1.1.122\lib\net462\Microsoft.Xaml.Behaviors.dll". [C:\Users\ultra\warewolf\Dev\Dev2.Activities.Designers\Dev2.Activities.Designers.csproj]
C:\Program Files\dotnet\sdk\10.0.201\Microsoft.Common.CurrentVersion.targets(2451,5): warning MSB3277:             C:\Users\ultra\.nuget\packages\microsoft.xaml.behaviors.wpf\1.1.122\lib\net462\Microsoft.Xaml.Behaviors.dll [C:\Users\ultra\warewolf\Dev\Dev2.Activities.Designers\Dev2.Activities.Designers.csproj]
C:\Program Files\dotnet\sdk\10.0.201\Microsoft.Common.CurrentVersion.targets(2451,5): warning MSB3277:             C:\Users\ultra\.nuget\packages\caliburn.micro\4.0.212\lib\netcoreapp3.1\Caliburn.Micro.Platform.dll [C:\Users\ultra\warewolf\Dev\Dev2.Activities.Designers\Dev2.Activities.Designers.csproj]
C:\Program Files\dotnet\sdk\10.0.201\Microsoft.Common.CurrentVersion.targets(2451,5): warning MSB3277:             C:\Users\ultra\.nuget\packages\prism.wpf\9.0.537\lib\net462\Prism.Wpf.dll [C:\Users\ultra\warewolf\Dev\Dev2.Activities.Designers\Dev2.Activities.Designers.csproj]
C:\Program Files\dotnet\sdk\10.0.201\Microsoft.Common.CurrentVersion.targets(2451,5): warning MSB3277:         C:\Users\ultra\.nuget\packages\prism.wpf\9.0.537\lib\net462\Prism.Wpf.dll [C:\Users\ultra\warewolf\Dev\Dev2.Activities.Designers\Dev2.Activities.Designers.csproj]
C:\Program Files\dotnet\sdk\10.0.201\Microsoft.Common.CurrentVersion.targets(2451,5): warning MSB3277:           Project file item includes which caused reference "C:\Users\ultra\.nuget\packages\prism.wpf\9.0.537\lib\net462\Prism.Wpf.dll". [C:\Users\ultra\warewolf\Dev\Dev2.Activities.Designers\Dev2.Activities.Designers.csproj]
C:\Program Files\dotnet\sdk\10.0.201\Microsoft.Common.CurrentVersion.targets(2451,5): warning MSB3277:             C:\Users\ultra\.nuget\packages\prism.wpf\9.0.537\lib\net462\Prism.Wpf.dll [C:\Users\ultra\warewolf\Dev\Dev2.Activities.Designers\Dev2.Activities.Designers.csproj]
C:\Program Files\dotnet\sdk\10.0.201\Microsoft.Common.CurrentVersion.targets(2451,5): warning MSB3277:         C:\Users\ultra\.nuget\packages\reactiveui.wpf\18.4.1\lib\net462\ReactiveUI.Wpf.dll [C:\Users\ultra\warewolf\Dev\Dev2.Activities.Designers\Dev2.Activities.Designers.csproj]
C:\Program Files\dotnet\sdk\10.0.201\Microsoft.Common.CurrentVersion.targets(2451,5): warning MSB3277:           Project file item includes which caused reference "C:\Users\ultra\.nuget\packages\reactiveui.wpf\18.4.1\lib\net462\ReactiveUI.Wpf.dll". [C:\Users\ultra\warewolf\Dev\Dev2.Activities.Designers\Dev2.Activities.Designers.csproj]
C:\Program Files\dotnet\sdk\10.0.201\Microsoft.Common.CurrentVersion.targets(2451,5): warning MSB3277:             C:\Users\ultra\.nuget\packages\reactiveui.wpf\18.4.1\lib\net462\ReactiveUI.Wpf.dll [C:\Users\ultra\warewolf\Dev\Dev2.Activities.Designers\Dev2.Activities.Designers.csproj]
C:\Program Files\dotnet\sdk\10.0.201\Microsoft.Common.CurrentVersion.targets(2451,5): warning MSB3277:         C:\Users\ultra\warewolf\Dev\Binaries\Infragistcs_Net6\InfragisticsWPF4.DragDrop.v15.1.dll [C:\Users\ultra\warewolf\Dev\Dev2.Activities.Designers\Dev2.Activities.Designers.csproj]
C:\Program Files\dotnet\sdk\10.0.201\Microsoft.Common.CurrentVersion.targets(2451,5): warning MSB3277:           Project file item includes which caused reference "C:\Users\ultra\warewolf\Dev\Binaries\Infragistcs_Net6\InfragisticsWPF4.DragDrop.v15.1.dll". [C:\Users\ultra\warewolf\Dev\Dev2.Activities.Designers\Dev2.Activities.Designers.csproj]
C:\Program Files\dotnet\sdk\10.0.201\Microsoft.Common.CurrentVersion.targets(2451,5): warning MSB3277:             InfragisticsWPF4.Controls.Menus.XamDataTree.v15.1 [C:\Users\ultra\warewolf\Dev\Dev2.Activities.Designers\Dev2.Activities.Designers.csproj]
C:\Program Files\dotnet\sdk\10.0.201\Microsoft.Common.CurrentVersion.targets(2451,5): warning MSB3277: Found conflicts between different versions of "System.Windows.Extensions" that could not be resolved. [C:\Users\ultra\warewolf\Dev\Dev2.Activities.Designers\Dev2.Activities.Designers.csproj]
C:\Program Files\dotnet\sdk\10.0.201\Microsoft.Common.CurrentVersion.targets(2451,5): warning MSB3277: There was a conflict between "System.Windows.Extensions, Version=6.0.0.0, Culture=neutral, PublicKeyToken=cc7b13ffcd2ddd51" and "System.Windows.Extensions, Version=7.0.0.0, Culture=neutral, PublicKeyToken=cc7b13ffcd2ddd51". [C:\Users\ultra\warewolf\Dev\Dev2.Activities.Designers\Dev2.Activities.Designers.csproj]
C:\Program Files\dotnet\sdk\10.0.201\Microsoft.Common.CurrentVersion.targets(2451,5): warning MSB3277:     "System.Windows.Extensions, Version=6.0.0.0, Culture=neutral, PublicKeyToken=cc7b13ffcd2ddd51" was chosen because it was primary and "System.Windows.Extensions, Version=7.0.0.0, Culture=neutral, PublicKeyToken=cc7b13ffcd2ddd51" was not. [C:\Users\ultra\warewolf\Dev\Dev2.Activities.Designers\Dev2.Activities.Designers.csproj]
C:\Program Files\dotnet\sdk\10.0.201\Microsoft.Common.CurrentVersion.targets(2451,5): warning MSB3277:     References which depend on "System.Windows.Extensions, Version=6.0.0.0, Culture=neutral, PublicKeyToken=cc7b13ffcd2ddd51" [C:\Users\ultra\.nuget\packages\system.windows.extensions\6.0.0\lib\net6.0\System.Windows.Extensions.dll]. [C:\Users\ultra\warewolf\Dev\Dev2.Activities.Designers\Dev2.Activities.Designers.csproj]
C:\Program Files\dotnet\sdk\10.0.201\Microsoft.Common.CurrentVersion.targets(2451,5): warning MSB3277:         C:\Users\ultra\.nuget\packages\system.windows.extensions\6.0.0\lib\net6.0\System.Windows.Extensions.dll [C:\Users\ultra\warewolf\Dev\Dev2.Activities.Designers\Dev2.Activities.Designers.csproj]
C:\Program Files\dotnet\sdk\10.0.201\Microsoft.Common.CurrentVersion.targets(2451,5): warning MSB3277:           Project file item includes which caused reference "C:\Users\ultra\.nuget\packages\system.windows.extensions\6.0.0\lib\net6.0\System.Windows.Extensions.dll". [C:\Users\ultra\warewolf\Dev\Dev2.Activities.Designers\Dev2.Activities.Designers.csproj]
C:\Program Files\dotnet\sdk\10.0.201\Microsoft.Common.CurrentVersion.targets(2451,5): warning MSB3277:             C:\Users\ultra\.nuget\packages\system.windows.extensions\6.0.0\lib\net6.0\System.Windows.Extensions.dll [C:\Users\ultra\warewolf\Dev\Dev2.Activities.Designers\Dev2.Activities.Designers.csproj]
C:\Program Files\dotnet\sdk\10.0.201\Microsoft.Common.CurrentVersion.targets(2451,5): warning MSB3277:     References which depend on or have been unified to "System.Windows.Extensions, Version=7.0.0.0, Culture=neutral, PublicKeyToken=cc7b13ffcd2ddd51" []. [C:\Users\ultra\warewolf\Dev\Dev2.Activities.Designers\Dev2.Activities.Designers.csproj]
C:\Program Files\dotnet\sdk\10.0.201\Microsoft.Common.CurrentVersion.targets(2451,5): warning MSB3277:         C:\Users\ultra\warewolf\Dev\Binaries\Infragistcs_Net6\InfragisticsWPF4.Editors.v15.1.dll [C:\Users\ultra\warewolf\Dev\Dev2.Activities.Designers\Dev2.Activities.Designers.csproj]
C:\Program Files\dotnet\sdk\10.0.201\Microsoft.Common.CurrentVersion.targets(2451,5): warning MSB3277:           Project file item includes which caused reference "C:\Users\ultra\warewolf\Dev\Binaries\Infragistcs_Net6\InfragisticsWPF4.Editors.v15.1.dll". [C:\Users\ultra\warewolf\Dev\Dev2.Activities.Designers\Dev2.Activities.Designers.csproj]
C:\Program Files\dotnet\sdk\10.0.201\Microsoft.Common.CurrentVersion.targets(2451,5): warning MSB3277:             InfragisticsWPF4.Editors.v15.1, Version=15.1.20151.2055, Culture=neutral, processorArchitecture=MSIL [C:\Users\ultra\warewolf\Dev\Dev2.Activities.Designers\Dev2.Activities.Designers.csproj]
C:\Program Files\dotnet\sdk\10.0.201\Microsoft.Common.CurrentVersion.targets(2451,5): warning MSB3277:         C:\Users\ultra\.nuget\packages\extended.wpf.toolkit\4.4.0\lib\net5.0\Xceed.Wpf.Toolkit.NET5.dll [C:\Users\ultra\warewolf\Dev\Dev2.Activities.Designers\Dev2.Activities.Designers.csproj]
C:\Program Files\dotnet\sdk\10.0.201\Microsoft.Common.CurrentVersion.targets(2451,5): warning MSB3277:           Project file item includes which caused reference "C:\Users\ultra\.nuget\packages\extended.wpf.toolkit\4.4.0\lib\net5.0\Xceed.Wpf.Toolkit.NET5.dll". [C:\Users\ultra\warewolf\Dev\Dev2.Activities.Designers\Dev2.Activities.Designers.csproj]
C:\Program Files\dotnet\sdk\10.0.201\Microsoft.Common.CurrentVersion.targets(2451,5): warning MSB3277:             C:\Users\ultra\.nuget\packages\extended.wpf.toolkit\4.4.0\lib\net5.0\Xceed.Wpf.Toolkit.NET5.dll [C:\Users\ultra\warewolf\Dev\Dev2.Activities.Designers\Dev2.Activities.Designers.csproj]
C:\Program Files\dotnet\sdk\10.0.201\Microsoft.Common.CurrentVersion.targets(2451,5): warning MSB3277:         C:\Users\ultra\.nuget\packages\system.security.permissions\6.0.0\lib\net6.0\System.Security.Permissions.dll [C:\Users\ultra\warewolf\Dev\Dev2.Activities.Designers\Dev2.Activities.Designers.csproj]
C:\Program Files\dotnet\sdk\10.0.201\Microsoft.Common.CurrentVersion.targets(2451,5): warning MSB3277:           Project file item includes which caused reference "C:\Users\ultra\.nuget\packages\system.security.permissions\6.0.0\lib\net6.0\System.Security.Permissions.dll". [C:\Users\ultra\warewolf\Dev\Dev2.Activities.Designers\Dev2.Activities.Designers.csproj]
C:\Program Files\dotnet\sdk\10.0.201\Microsoft.Common.CurrentVersion.targets(2451,5): warning MSB3277:             C:\Users\ultra\.nuget\packages\system.security.permissions\6.0.0\lib\net6.0\System.Security.Permissions.dll [C:\Users\ultra\warewolf\Dev\Dev2.Activities.Designers\Dev2.Activities.Designers.csproj]
C:\Program Files\dotnet\sdk\10.0.201\Microsoft.Common.CurrentVersion.targets(2451,5): warning MSB3277:         C:\Program Files\dotnet\packs\Microsoft.NETCore.App.Ref\8.0.25\ref\net8.0\System.Security.dll [C:\Users\ultra\warewolf\Dev\Dev2.Activities.Designers\Dev2.Activities.Designers.csproj]
C:\Program Files\dotnet\sdk\10.0.201\Microsoft.Common.CurrentVersion.targets(2451,5): warning MSB3277:           Project file item includes which caused reference "C:\Program Files\dotnet\packs\Microsoft.NETCore.App.Ref\8.0.25\ref\net8.0\System.Security.dll". [C:\Users\ultra\warewolf\Dev\Dev2.Activities.Designers\Dev2.Activities.Designers.csproj]
C:\Program Files\dotnet\sdk\10.0.201\Microsoft.Common.CurrentVersion.targets(2451,5): warning MSB3277:             C:\Program Files\dotnet\packs\Microsoft.NETCore.App.Ref\8.0.25\ref/net8.0/System.Security.dll [C:\Users\ultra\warewolf\Dev\Dev2.Activities.Designers\Dev2.Activities.Designers.csproj]
C:\Program Files\dotnet\sdk\10.0.201\Microsoft.Common.CurrentVersion.targets(2451,5): warning MSB3277:         C:\Program Files\dotnet\packs\Microsoft.NETCore.App.Ref\8.0.25\ref\net8.0\System.dll [C:\Users\ultra\warewolf\Dev\Dev2.Activities.Designers\Dev2.Activities.Designers.csproj]
C:\Program Files\dotnet\sdk\10.0.201\Microsoft.Common.CurrentVersion.targets(2451,5): warning MSB3277:           Project file item includes which caused reference "C:\Program Files\dotnet\packs\Microsoft.NETCore.App.Ref\8.0.25\ref\net8.0\System.dll". [C:\Users\ultra\warewolf\Dev\Dev2.Activities.Designers\Dev2.Activities.Designers.csproj]
C:\Program Files\dotnet\sdk\10.0.201\Microsoft.Common.CurrentVersion.targets(2451,5): warning MSB3277:             C:\Program Files\dotnet\packs\Microsoft.NETCore.App.Ref\8.0.25\ref/net8.0/System.dll [C:\Users\ultra\warewolf\Dev\Dev2.Activities.Designers\Dev2.Activities.Designers.csproj]
C:\Program Files\dotnet\sdk\10.0.201\Microsoft.Common.CurrentVersion.targets(2451,5): warning MSB3277:             C:\Users\ultra\.nuget\packages\aerowizard\2.3.1\lib\net45\AeroWizard.dll [C:\Users\ultra\warewolf\Dev\Dev2.Activities.Designers\Dev2.Activities.Designers.csproj]
C:\Program Files\dotnet\sdk\10.0.201\Microsoft.Common.CurrentVersion.targets(2451,5): warning MSB3277:             C:\Users\ultra\.nuget\packages\groupcontrols\1.9.0\lib\net45\GroupControls.dll [C:\Users\ultra\warewolf\Dev\Dev2.Activities.Designers\Dev2.Activities.Designers.csproj]
C:\Program Files\dotnet\sdk\10.0.201\Microsoft.Common.CurrentVersion.targets(2451,5): warning MSB3277:             C:\Users\ultra\.nuget\packages\microsoft.xaml.behaviors.wpf\1.1.122\lib\net462\Microsoft.Xaml.Behaviors.dll [C:\Users\ultra\warewolf\Dev\Dev2.Activities.Designers\Dev2.Activities.Designers.csproj]
C:\Program Files\dotnet\sdk\10.0.201\Microsoft.Common.CurrentVersion.targets(2451,5): warning MSB3277:             C:\Users\ultra\.nuget\packages\caliburn.micro\4.0.212\lib\netcoreapp3.1\Caliburn.Micro.Platform.dll [C:\Users\ultra\warewolf\Dev\Dev2.Activities.Designers\Dev2.Activities.Designers.csproj]
C:\Program Files\dotnet\sdk\10.0.201\Microsoft.Common.CurrentVersion.targets(2451,5): warning MSB3277:             C:\Users\ultra\.nuget\packages\prism.wpf\9.0.537\lib\net462\Prism.Wpf.dll [C:\Users\ultra\warewolf\Dev\Dev2.Activities.Designers\Dev2.Activities.Designers.csproj]
C:\Program Files\dotnet\sdk\10.0.201\Microsoft.Common.CurrentVersion.targets(2451,5): warning MSB3277:             C:\Users\ultra\.nuget\packages\reactiveui.wpf\18.4.1\lib\net462\ReactiveUI.Wpf.dll [C:\Users\ultra\warewolf\Dev\Dev2.Activities.Designers\Dev2.Activities.Designers.csproj]
C:\Program Files\dotnet\sdk\10.0.201\Microsoft.Common.CurrentVersion.targets(2451,5): warning MSB3277:             C:\Users\ultra\.nuget\packages\taskschedulereditor\2.10.1\lib\net452\Microsoft.Win32.TaskSchedulerEditor.dll [C:\Users\ultra\warewolf\Dev\Dev2.Activities.Designers\Dev2.Activities.Designers.csproj]
C:\Program Files\dotnet\sdk\10.0.201\Microsoft.Common.CurrentVersion.targets(2451,5): warning MSB3277:             C:\Users\ultra\.nuget\packages\ttcue.netcore.sharepointonline.csom.16.1.8029.1200\16.1.8029.1200\lib\netcoreapp2.0\Microsoft.SharePoint.Client.Runtime.Windows.dll [C:\Users\ultra\warewolf\Dev\Dev2.Activities.Designers\Dev2.Activities.Designers.csproj]
  Consider app.config remapping of assembly "System.Data.SQLite, Culture=neutral, PublicKeyToken=db937bc2d44ff139" from Version "1.0.117.0" [] to Version "1.0.118.0" [C:\Users\ultra\.nuget\packages\stub.system.data.sqlite.core.netstandard\1.0.118\lib\netstandard2.1\System.Data.SQLite.dll] to solve conflict and get rid of warning.
C:\Program Files\dotnet\sdk\10.0.201\Microsoft.Common.CurrentVersion.targets(2451,5): warning MSB3277: Found conflicts between different versions of "WindowsBase" that could not be resolved. [C:\Users\ultra\warewolf\Dev\Dev2.Diagnostics.Tests\Dev2.Diagnostics.Tests.csproj]
C:\Program Files\dotnet\sdk\10.0.201\Microsoft.Common.CurrentVersion.targets(2451,5): warning MSB3277: There was a conflict between "WindowsBase, Version=4.0.0.0, Culture=neutral, PublicKeyToken=31bf3856ad364e35" and "WindowsBase, Version=6.0.2.0, Culture=neutral, PublicKeyToken=31bf3856ad364e35". [C:\Users\ultra\warewolf\Dev\Dev2.Diagnostics.Tests\Dev2.Diagnostics.Tests.csproj]
C:\Program Files\dotnet\sdk\10.0.201\Microsoft.Common.CurrentVersion.targets(2451,5): warning MSB3277:     "WindowsBase, Version=4.0.0.0, Culture=neutral, PublicKeyToken=31bf3856ad364e35" was chosen because it was primary and "WindowsBase, Version=6.0.2.0, Culture=neutral, PublicKeyToken=31bf3856ad364e35" was not. [C:\Users\ultra\warewolf\Dev\Dev2.Diagnostics.Tests\Dev2.Diagnostics.Tests.csproj]
C:\Program Files\dotnet\sdk\10.0.201\Microsoft.Common.CurrentVersion.targets(2451,5): warning MSB3277:     References which depend on "WindowsBase, Version=4.0.0.0, Culture=neutral, PublicKeyToken=31bf3856ad364e35" [C:\Program Files\dotnet\packs\Microsoft.NETCore.App.Ref\8.0.25\ref\net8.0\WindowsBase.dll]. [C:\Users\ultra\warewolf\Dev\Dev2.Diagnostics.Tests\Dev2.Diagnostics.Tests.csproj]
C:\Program Files\dotnet\sdk\10.0.201\Microsoft.Common.CurrentVersion.targets(2451,5): warning MSB3277:         C:\Program Files\dotnet\packs\Microsoft.NETCore.App.Ref\8.0.25\ref\net8.0\WindowsBase.dll [C:\Users\ultra\warewolf\Dev\Dev2.Diagnostics.Tests\Dev2.Diagnostics.Tests.csproj]
C:\Program Files\dotnet\sdk\10.0.201\Microsoft.Common.CurrentVersion.targets(2451,5): warning MSB3277:           Project file item includes which caused reference "C:\Program Files\dotnet\packs\Microsoft.NETCore.App.Ref\8.0.25\ref\net8.0\WindowsBase.dll". [C:\Users\ultra\warewolf\Dev\Dev2.Diagnostics.Tests\Dev2.Diagnostics.Tests.csproj]
C:\Program Files\dotnet\sdk\10.0.201\Microsoft.Common.CurrentVersion.targets(2451,5): warning MSB3277:             C:\Program Files\dotnet\packs\Microsoft.NETCore.App.Ref\8.0.25\ref/net8.0/WindowsBase.dll [C:\Users\ultra\warewolf\Dev\Dev2.Diagnostics.Tests\Dev2.Diagnostics.Tests.csproj]
C:\Program Files\dotnet\sdk\10.0.201\Microsoft.Common.CurrentVersion.targets(2451,5): warning MSB3277:     References which depend on or have been unified to "WindowsBase, Version=6.0.2.0, Culture=neutral, PublicKeyToken=31bf3856ad364e35" []. [C:\Users\ultra\warewolf\Dev\Dev2.Diagnostics.Tests\Dev2.Diagnostics.Tests.csproj]
C:\Program Files\dotnet\sdk\10.0.201\Microsoft.Common.CurrentVersion.targets(2451,5): warning MSB3277:         C:\Users\ultra\.nuget\packages\caliburn.micro\4.0.212\lib\netcoreapp3.1\Caliburn.Micro.Platform.dll [C:\Users\ultra\warewolf\Dev\Dev2.Diagnostics.Tests\Dev2.Diagnostics.Tests.csproj]
C:\Program Files\dotnet\sdk\10.0.201\Microsoft.Common.CurrentVersion.targets(2451,5): warning MSB3277:           Project file item includes which caused reference "C:\Users\ultra\.nuget\packages\caliburn.micro\4.0.212\lib\netcoreapp3.1\Caliburn.Micro.Platform.dll". [C:\Users\ultra\warewolf\Dev\Dev2.Diagnostics.Tests\Dev2.Diagnostics.Tests.csproj]
C:\Program Files\dotnet\sdk\10.0.201\Microsoft.Common.CurrentVersion.targets(2451,5): warning MSB3277:             C:\Users\ultra\.nuget\packages\caliburn.micro\4.0.212\lib\netcoreapp3.1\Caliburn.Micro.Platform.dll [C:\Users\ultra\warewolf\Dev\Dev2.Diagnostics.Tests\Dev2.Diagnostics.Tests.csproj]
C:\Program Files\dotnet\sdk\10.0.201\Microsoft.Common.CurrentVersion.targets(2451,5): warning MSB3277:         C:\Users\ultra\.nuget\packages\ironpython\3.4.0\lib\net6.0\IronPython.Wpf.dll [C:\Users\ultra\warewolf\Dev\Dev2.Diagnostics.Tests\Dev2.Diagnostics.Tests.csproj]
C:\Program Files\dotnet\sdk\10.0.201\Microsoft.Common.CurrentVersion.targets(2451,5): warning MSB3277:           Project file item includes which caused reference "C:\Users\ultra\.nuget\packages\ironpython\3.4.0\lib\net6.0\IronPython.Wpf.dll". [C:\Users\ultra\warewolf\Dev\Dev2.Diagnostics.Tests\Dev2.Diagnostics.Tests.csproj]
C:\Program Files\dotnet\sdk\10.0.201\Microsoft.Common.CurrentVersion.targets(2451,5): warning MSB3277:             C:\Users\ultra\.nuget\packages\ironpython\3.4.0\lib\net6.0\IronPython.Wpf.dll [C:\Users\ultra\warewolf\Dev\Dev2.Diagnostics.Tests\Dev2.Diagnostics.Tests.csproj]
C:\Program Files\dotnet\sdk\10.0.201\Microsoft.Common.CurrentVersion.targets(2451,5): warning MSB3277:         C:\Users\ultra\.nuget\packages\microsoft.xaml.behaviors.wpf\1.1.122\lib\net462\Microsoft.Xaml.Behaviors.dll [C:\Users\ultra\warewolf\Dev\Dev2.Diagnostics.Tests\Dev2.Diagnostics.Tests.csproj]
C:\Program Files\dotnet\sdk\10.0.201\Microsoft.Common.CurrentVersion.targets(2451,5): warning MSB3277:           Project file item includes which caused reference "C:\Users\ultra\.nuget\packages\microsoft.xaml.behaviors.wpf\1.1.122\lib\net462\Microsoft.Xaml.Behaviors.dll". [C:\Users\ultra\warewolf\Dev\Dev2.Diagnostics.Tests\Dev2.Diagnostics.Tests.csproj]
C:\Program Files\dotnet\sdk\10.0.201\Microsoft.Common.CurrentVersion.targets(2451,5): warning MSB3277:             C:\Users\ultra\.nuget\packages\microsoft.xaml.behaviors.wpf\1.1.122\lib\net462\Microsoft.Xaml.Behaviors.dll [C:\Users\ultra\warewolf\Dev\Dev2.Diagnostics.Tests\Dev2.Diagnostics.Tests.csproj]
C:\Program Files\dotnet\sdk\10.0.201\Microsoft.Common.CurrentVersion.targets(2451,5): warning MSB3277:             C:\Users\ultra\.nuget\packages\caliburn.micro\4.0.212\lib\netcoreapp3.1\Caliburn.Micro.Platform.dll [C:\Users\ultra\warewolf\Dev\Dev2.Diagnostics.Tests\Dev2.Diagnostics.Tests.csproj]
C:\Program Files\dotnet\sdk\10.0.201\Microsoft.Common.CurrentVersion.targets(2451,5): warning MSB3277:             C:\Users\ultra\.nuget\packages\prism.wpf\9.0.537\lib\net462\Prism.Wpf.dll [C:\Users\ultra\warewolf\Dev\Dev2.Diagnostics.Tests\Dev2.Diagnostics.Tests.csproj]
C:\Program Files\dotnet\sdk\10.0.201\Microsoft.Common.CurrentVersion.targets(2451,5): warning MSB3277:         C:\Users\ultra\.nuget\packages\prism.wpf\9.0.537\lib\net462\Prism.Wpf.dll [C:\Users\ultra\warewolf\Dev\Dev2.Diagnostics.Tests\Dev2.Diagnostics.Tests.csproj]
C:\Program Files\dotnet\sdk\10.0.201\Microsoft.Common.CurrentVersion.targets(2451,5): warning MSB3277:           Project file item includes which caused reference "C:\Users\ultra\.nuget\packages\prism.wpf\9.0.537\lib\net462\Prism.Wpf.dll". [C:\Users\ultra\warewolf\Dev\Dev2.Diagnostics.Tests\Dev2.Diagnostics.Tests.csproj]
C:\Program Files\dotnet\sdk\10.0.201\Microsoft.Common.CurrentVersion.targets(2451,5): warning MSB3277:             C:\Users\ultra\.nuget\packages\prism.wpf\9.0.537\lib\net462\Prism.Wpf.dll [C:\Users\ultra\warewolf\Dev\Dev2.Diagnostics.Tests\Dev2.Diagnostics.Tests.csproj]
C:\Program Files\dotnet\sdk\10.0.201\Microsoft.Common.CurrentVersion.targets(2451,5): warning MSB3277:         C:\Users\ultra\.nuget\packages\reactiveui.wpf\18.4.1\lib\net462\ReactiveUI.Wpf.dll [C:\Users\ultra\warewolf\Dev\Dev2.Diagnostics.Tests\Dev2.Diagnostics.Tests.csproj]
C:\Program Files\dotnet\sdk\10.0.201\Microsoft.Common.CurrentVersion.targets(2451,5): warning MSB3277:           Project file item includes which caused reference "C:\Users\ultra\.nuget\packages\reactiveui.wpf\18.4.1\lib\net462\ReactiveUI.Wpf.dll". [C:\Users\ultra\warewolf\Dev\Dev2.Diagnostics.Tests\Dev2.Diagnostics.Tests.csproj]
C:\Program Files\dotnet\sdk\10.0.201\Microsoft.Common.CurrentVersion.targets(2451,5): warning MSB3277:             C:\Users\ultra\.nuget\packages\reactiveui.wpf\18.4.1\lib\net462\ReactiveUI.Wpf.dll [C:\Users\ultra\warewolf\Dev\Dev2.Diagnostics.Tests\Dev2.Diagnostics.Tests.csproj]
C:\Program Files\dotnet\sdk\10.0.201\Microsoft.Common.CurrentVersion.targets(2451,5): warning MSB3277: Found conflicts between different versions of "System.Drawing.Common" that could not be resolved. [C:\Users\ultra\warewolf\Dev\Dev2.Diagnostics.Tests\Dev2.Diagnostics.Tests.csproj]
C:\Program Files\dotnet\sdk\10.0.201\Microsoft.Common.CurrentVersion.targets(2451,5): warning MSB3277: There was a conflict between "System.Drawing.Common, Version=6.0.0.0, Culture=neutral, PublicKeyToken=cc7b13ffcd2ddd51" and "System.Drawing.Common, Version=8.0.0.0, Culture=neutral, PublicKeyToken=cc7b13ffcd2ddd51". [C:\Users\ultra\warewolf\Dev\Dev2.Diagnostics.Tests\Dev2.Diagnostics.Tests.csproj]
C:\Program Files\dotnet\sdk\10.0.201\Microsoft.Common.CurrentVersion.targets(2451,5): warning MSB3277:     "System.Drawing.Common, Version=6.0.0.0, Culture=neutral, PublicKeyToken=cc7b13ffcd2ddd51" was chosen because it was primary and "System.Drawing.Common, Version=8.0.0.0, Culture=neutral, PublicKeyToken=cc7b13ffcd2ddd51" was not. [C:\Users\ultra\warewolf\Dev\Dev2.Diagnostics.Tests\Dev2.Diagnostics.Tests.csproj]
C:\Program Files\dotnet\sdk\10.0.201\Microsoft.Common.CurrentVersion.targets(2451,5): warning MSB3277:     References which depend on "System.Drawing.Common, Version=6.0.0.0, Culture=neutral, PublicKeyToken=cc7b13ffcd2ddd51" [C:\Users\ultra\.nuget\packages\system.drawing.common\6.0.0\lib\net6.0\System.Drawing.Common.dll]. [C:\Users\ultra\warewolf\Dev\Dev2.Diagnostics.Tests\Dev2.Diagnostics.Tests.csproj]
C:\Program Files\dotnet\sdk\10.0.201\Microsoft.Common.CurrentVersion.targets(2451,5): warning MSB3277:         C:\Users\ultra\.nuget\packages\system.drawing.common\6.0.0\lib\net6.0\System.Drawing.Common.dll [C:\Users\ultra\warewolf\Dev\Dev2.Diagnostics.Tests\Dev2.Diagnostics.Tests.csproj]
C:\Program Files\dotnet\sdk\10.0.201\Microsoft.Common.CurrentVersion.targets(2451,5): warning MSB3277:           Project file item includes which caused reference "C:\Users\ultra\.nuget\packages\system.drawing.common\6.0.0\lib\net6.0\System.Drawing.Common.dll". [C:\Users\ultra\warewolf\Dev\Dev2.Diagnostics.Tests\Dev2.Diagnostics.Tests.csproj]
C:\Program Files\dotnet\sdk\10.0.201\Microsoft.Common.CurrentVersion.targets(2451,5): warning MSB3277:             C:\Users\ultra\.nuget\packages\system.drawing.common\6.0.0\lib\net6.0\System.Drawing.Common.dll [C:\Users\ultra\warewolf\Dev\Dev2.Diagnostics.Tests\Dev2.Diagnostics.Tests.csproj]
C:\Program Files\dotnet\sdk\10.0.201\Microsoft.Common.CurrentVersion.targets(2451,5): warning MSB3277:     References which depend on or have been unified to "System.Drawing.Common, Version=8.0.0.0, Culture=neutral, PublicKeyToken=cc7b13ffcd2ddd51" []. [C:\Users\ultra\warewolf\Dev\Dev2.Diagnostics.Tests\Dev2.Diagnostics.Tests.csproj]
C:\Program Files\dotnet\sdk\10.0.201\Microsoft.Common.CurrentVersion.targets(2451,5): warning MSB3277:         C:\Users\ultra\.nuget\packages\servicestack\6.3.0\lib\net6.0\ServiceStack.dll [C:\Users\ultra\warewolf\Dev\Dev2.Diagnostics.Tests\Dev2.Diagnostics.Tests.csproj]
C:\Program Files\dotnet\sdk\10.0.201\Microsoft.Common.CurrentVersion.targets(2451,5): warning MSB3277:           Project file item includes which caused reference "C:\Users\ultra\.nuget\packages\servicestack\6.3.0\lib\net6.0\ServiceStack.dll". [C:\Users\ultra\warewolf\Dev\Dev2.Diagnostics.Tests\Dev2.Diagnostics.Tests.csproj]
C:\Program Files\dotnet\sdk\10.0.201\Microsoft.Common.CurrentVersion.targets(2451,5): warning MSB3277:             C:\Users\ultra\.nuget\packages\servicestack\6.3.0\lib\net6.0\ServiceStack.dll [C:\Users\ultra\warewolf\Dev\Dev2.Diagnostics.Tests\Dev2.Diagnostics.Tests.csproj]
C:\Program Files\dotnet\sdk\10.0.201\Microsoft.Common.CurrentVersion.targets(2451,5): warning MSB3277:         C:\Users\ultra\.nuget\packages\system.windows.extensions\8.0.0\lib\net8.0\System.Windows.Extensions.dll [C:\Users\ultra\warewolf\Dev\Dev2.Diagnostics.Tests\Dev2.Diagnostics.Tests.csproj]
C:\Program Files\dotnet\sdk\10.0.201\Microsoft.Common.CurrentVersion.targets(2451,5): warning MSB3277:           Project file item includes which caused reference "C:\Users\ultra\.nuget\packages\system.windows.extensions\8.0.0\lib\net8.0\System.Windows.Extensions.dll". [C:\Users\ultra\warewolf\Dev\Dev2.Diagnostics.Tests\Dev2.Diagnostics.Tests.csproj]
C:\Program Files\dotnet\sdk\10.0.201\Microsoft.Common.CurrentVersion.targets(2451,5): warning MSB3277:             C:\Users\ultra\.nuget\packages\system.windows.extensions\8.0.0\lib\net8.0\System.Windows.Extensions.dll [C:\Users\ultra\warewolf\Dev\Dev2.Diagnostics.Tests\Dev2.Diagnostics.Tests.csproj]
C:\Program Files\dotnet\sdk\10.0.201\Microsoft.Common.CurrentVersion.targets(2451,5): warning MSB3277:             C:\Users\ultra\.nuget\packages\system.security.permissions\8.0.0\lib\net8.0\System.Security.Permissions.dll [C:\Users\ultra\warewolf\Dev\Dev2.Diagnostics.Tests\Dev2.Diagnostics.Tests.csproj]
C:\Program Files\dotnet\sdk\10.0.201\Microsoft.Common.CurrentVersion.targets(2451,5): warning MSB3277:             C:\Users\ultra\warewolf\Dev\Dev2.Data\bin\Debug\net8.0\Dev2.Data.dll [C:\Users\ultra\warewolf\Dev\Dev2.Diagnostics.Tests\Dev2.Diagnostics.Tests.csproj]
C:\Program Files\dotnet\sdk\10.0.201\Microsoft.Common.CurrentVersion.targets(2451,5): warning MSB3277:             C:\Users\ultra\warewolf\Dev\Dev2.Core\bin\Debug\net8.0\Dev2.Core.dll [C:\Users\ultra\warewolf\Dev\Dev2.Diagnostics.Tests\Dev2.Diagnostics.Tests.csproj]
C:\Program Files\dotnet\sdk\10.0.201\Microsoft.Common.CurrentVersion.targets(2451,5): warning MSB3277:             C:\Users\ultra\warewolf\Dev\Dev2.Runtime.Services\bin\Debug\net8.0\Dev2.Runtime.Services.dll [C:\Users\ultra\warewolf\Dev\Dev2.Diagnostics.Tests\Dev2.Diagnostics.Tests.csproj]
C:\Program Files\dotnet\sdk\10.0.201\Microsoft.Common.CurrentVersion.targets(2451,5): warning MSB3277:             C:\Users\ultra\warewolf\Dev\Dev2.Runtime\bin\Debug\net8.0\Dev2.Runtime.dll [C:\Users\ultra\warewolf\Dev\Dev2.Diagnostics.Tests\Dev2.Diagnostics.Tests.csproj]
C:\Program Files\dotnet\sdk\10.0.201\Microsoft.Common.CurrentVersion.targets(2451,5): warning MSB3277:             C:\Users\ultra\warewolf\Dev\Dev2.Server\bin\Debug\net8.0\linux-x64\Warewolf Server.dll [C:\Users\ultra\warewolf\Dev\Dev2.Diagnostics.Tests\Dev2.Diagnostics.Tests.csproj]
C:\Program Files\dotnet\sdk\10.0.201\Microsoft.Common.CurrentVersion.targets(2451,5): warning MSB3277:             C:\Users\ultra\warewolf\Dev\Warewolf.Testing\bin\Debug\net8.0\Warewolf.Testing.dll [C:\Users\ultra\warewolf\Dev\Dev2.Diagnostics.Tests\Dev2.Diagnostics.Tests.csproj]
C:\Program Files\dotnet\sdk\10.0.201\Microsoft.Common.CurrentVersion.targets(2451,5): warning MSB3277:             C:\Users\ultra\warewolf\Dev\Dev2.Activities\bin\Debug\net8.0\Dev2.Activities.dll [C:\Users\ultra\warewolf\Dev\Dev2.Diagnostics.Tests\Dev2.Diagnostics.Tests.csproj]
C:\Program Files\dotnet\sdk\10.0.201\Microsoft.Common.CurrentVersion.targets(2451,5): warning MSB3277:             C:\Users\ultra\warewolf\Dev\Dev2.Intellisense\bin\Debug\net8.0\Dev2.Intellisense.dll [C:\Users\ultra\warewolf\Dev\Dev2.Diagnostics.Tests\Dev2.Diagnostics.Tests.csproj]
C:\Program Files\dotnet\sdk\10.0.201\Microsoft.Common.CurrentVersion.targets(2451,5): warning MSB3277:             C:\Users\ultra\warewolf\Dev\Dev2.Runtime.WebServer\bin\Debug\net8.0\Dev2.Runtime.WebServer.dll [C:\Users\ultra\warewolf\Dev\Dev2.Diagnostics.Tests\Dev2.Diagnostics.Tests.csproj]
C:\Program Files\dotnet\sdk\10.0.201\Microsoft.Common.CurrentVersion.targets(2451,5): warning MSB3277:             C:\Users\ultra\warewolf\Dev\Dev2.Scheduler\bin\Debug\net8.0\Dev2.Scheduler.dll [C:\Users\ultra\warewolf\Dev\Dev2.Diagnostics.Tests\Dev2.Diagnostics.Tests.csproj]
C:\Program Files\dotnet\sdk\10.0.201\Microsoft.Common.CurrentVersion.targets(2451,5): warning MSB3277:             C:\Users\ultra\warewolf\Dev\Dev2.Services.Execution\bin\Debug\net8.0\Dev2.Services.Execution.dll [C:\Users\ultra\warewolf\Dev\Dev2.Diagnostics.Tests\Dev2.Diagnostics.Tests.csproj]
C:\Program Files\dotnet\sdk\10.0.201\Microsoft.Common.CurrentVersion.targets(2451,5): warning MSB3277:             C:\Users\ultra\warewolf\Dev\Dev2.Studio.Core\bin\Debug\net8.0\Dev2.Studio.Core.dll [C:\Users\ultra\warewolf\Dev\Dev2.Diagnostics.Tests\Dev2.Diagnostics.Tests.csproj]
C:\Program Files\dotnet\sdk\10.0.201\Microsoft.Common.CurrentVersion.targets(2451,5): warning MSB3277:             C:\Users\ultra\warewolf\Dev\Dev2.Studio.Interfaces\bin\Debug\net8.0\Dev2.Studio.Interfaces.dll [C:\Users\ultra\warewolf\Dev\Dev2.Diagnostics.Tests\Dev2.Diagnostics.Tests.csproj]
C:\Program Files\dotnet\sdk\10.0.201\Microsoft.Common.CurrentVersion.targets(2451,5): warning MSB3277:             C:\Users\ultra\warewolf\Dev\Warewolf.HangfireServer\bin\Debug\net8.0\linux-x64\HangfireServer.dll [C:\Users\ultra\warewolf\Dev\Dev2.Diagnostics.Tests\Dev2.Diagnostics.Tests.csproj]
C:\Program Files\dotnet\sdk\10.0.201\Microsoft.Common.CurrentVersion.targets(2451,5): warning MSB3277:             C:\Users\ultra\warewolf\Dev\Warewolf.QueueWorker\bin\Debug\net8.0\linux-x64\QueueWorker.dll [C:\Users\ultra\warewolf\Dev\Dev2.Diagnostics.Tests\Dev2.Diagnostics.Tests.csproj]
C:\Program Files\dotnet\sdk\10.0.201\Microsoft.Common.CurrentVersion.targets(2451,5): warning MSB3277:             C:\Users\ultra\warewolf\Dev\Warewolf.Auditing\bin\Debug\net8.0\Warewolf.Auditing.dll [C:\Users\ultra\warewolf\Dev\Dev2.Diagnostics.Tests\Dev2.Diagnostics.Tests.csproj]
C:\Program Files\dotnet\sdk\10.0.201\Microsoft.Common.CurrentVersion.targets(2451,5): warning MSB3277:             C:\Users\ultra\warewolf\Dev\Warewolf.Common.Framework48\bin\Debug\net8.0\Warewolf.Common.Framework48.dll [C:\Users\ultra\warewolf\Dev\Dev2.Diagnostics.Tests\Dev2.Diagnostics.Tests.csproj]
C:\Program Files\dotnet\sdk\10.0.201\Microsoft.Common.CurrentVersion.targets(2451,5): warning MSB3277:             C:\Users\ultra\warewolf\Dev\Warewolf.Common.NetStandard20\bin\Debug\net8.0\Warewolf.Common.NetStandard20.dll [C:\Users\ultra\warewolf\Dev\Dev2.Diagnostics.Tests\Dev2.Diagnostics.Tests.csproj]
C:\Program Files\dotnet\sdk\10.0.201\Microsoft.Common.CurrentVersion.targets(2451,5): warning MSB3277:             C:\Users\ultra\warewolf\Dev\Warewolf.Core\bin\Debug\net8.0\Warewolf.Core.dll [C:\Users\ultra\warewolf\Dev\Dev2.Diagnostics.Tests\Dev2.Diagnostics.Tests.csproj]
C:\Program Files\dotnet\sdk\10.0.201\Microsoft.Common.CurrentVersion.targets(2451,5): warning MSB3277:             C:\Users\ultra\warewolf\Dev\Warewolf.Driver.Persistence\bin\Debug\net8.0\Warewolf.Driver.Persistence.dll [C:\Users\ultra\warewolf\Dev\Dev2.Diagnostics.Tests\Dev2.Diagnostics.Tests.csproj]
C:\Program Files\dotnet\sdk\10.0.201\Microsoft.Common.CurrentVersion.targets(2451,5): warning MSB3277:             C:\Users\ultra\warewolf\Dev\Warewolf.Exchange.Email.Wrapper\bin\Debug\net8.0\Warewolf.Exchange.Email.Wrapper.dll [C:\Users\ultra\warewolf\Dev\Dev2.Diagnostics.Tests\Dev2.Diagnostics.Tests.csproj]
C:\Program Files\dotnet\sdk\10.0.201\Microsoft.Common.CurrentVersion.targets(2451,5): warning MSB3277:             C:\Users\ultra\warewolf\Dev\Warewolf.ResourceManagement\bin\Debug\net8.0\Warewolf.ResourceManagement.dll [C:\Users\ultra\warewolf\Dev\Dev2.Diagnostics.Tests\Dev2.Diagnostics.Tests.csproj]
C:\Program Files\dotnet\sdk\10.0.201\Microsoft.Common.CurrentVersion.targets(2451,5): warning MSB3277:             C:\Users\ultra\warewolf\Dev\Warewolf.Studio.Core\bin\Debug\net8.0\Warewolf.Studio.Core.dll [C:\Users\ultra\warewolf\Dev\Dev2.Diagnostics.Tests\Dev2.Diagnostics.Tests.csproj]
C:\Program Files\dotnet\sdk\10.0.201\Microsoft.Common.CurrentVersion.targets(2451,5): warning MSB3277:             C:\Users\ultra\warewolf\Dev\Warewolf.Trigger.Queue\bin\Debug\net8.0\Warewolf.Trigger.Queue.dll [C:\Users\ultra\warewolf\Dev\Dev2.Diagnostics.Tests\Dev2.Diagnostics.Tests.csproj]
C:\Program Files\dotnet\sdk\10.0.201\Microsoft.Common.CurrentVersion.targets(2451,5): warning MSB3277:             C:\Users\ultra\warewolf\Dev\Warewolf.UI\bin\Debug\net8.0\Warewolf.UI.dll [C:\Users\ultra\warewolf\Dev\Dev2.Diagnostics.Tests\Dev2.Diagnostics.Tests.csproj]
C:\Program Files\dotnet\sdk\10.0.201\Microsoft.Common.CurrentVersion.targets(2451,5): warning MSB3277:             C:\Users\ultra\warewolf\Dev\Warewolf.Logger\bin\Debug\net8.0\linux-x64\WarewolfLogger.dll [C:\Users\ultra\warewolf\Dev\Dev2.Diagnostics.Tests\Dev2.Diagnostics.Tests.csproj]
C:\Program Files\dotnet\sdk\10.0.201\Microsoft.Common.CurrentVersion.targets(2451,5): warning MSB3277:             C:\Users\ultra\.nuget\packages\dotnetzip\1.16.0\lib\netstandard2.0\DotNetZip.dll [C:\Users\ultra\warewolf\Dev\Dev2.Diagnostics.Tests\Dev2.Diagnostics.Tests.csproj]
C:\Program Files\dotnet\sdk\10.0.201\Microsoft.Common.CurrentVersion.targets(2451,5): warning MSB3277:             C:\Users\ultra\warewolf\Dev\Dev2.Common\bin\Debug\net8.0\Dev2.Common.dll [C:\Users\ultra\warewolf\Dev\Dev2.Diagnostics.Tests\Dev2.Diagnostics.Tests.csproj]
C:\Program Files\dotnet\sdk\10.0.201\Microsoft.Common.CurrentVersion.targets(2451,5): warning MSB3277:             C:\Users\ultra\warewolf\Dev\Dev2.Diagnostics\bin\Debug\net8.0\Dev2.Diagnostics.dll [C:\Users\ultra\warewolf\Dev\Dev2.Diagnostics.Tests\Dev2.Diagnostics.Tests.csproj]
C:\Program Files\dotnet\sdk\10.0.201\Microsoft.Common.CurrentVersion.targets(2451,5): warning MSB3277:             C:\Users\ultra\warewolf\Dev\Dev2.Infrastructure\bin\Debug\net8.0\Dev2.Infrastructure.dll [C:\Users\ultra\warewolf\Dev\Dev2.Diagnostics.Tests\Dev2.Diagnostics.Tests.csproj]
C:\Program Files\dotnet\sdk\10.0.201\Microsoft.Common.CurrentVersion.targets(2451,5): warning MSB3277:             C:\Users\ultra\warewolf\Dev\Dev2.Data.Interfaces\bin\Debug\net8.0\Dev2.Data.Interfaces.dll [C:\Users\ultra\warewolf\Dev\Dev2.Diagnostics.Tests\Dev2.Diagnostics.Tests.csproj]
C:\Program Files\dotnet\sdk\10.0.201\Microsoft.Common.CurrentVersion.targets(2451,5): warning MSB3277:             C:\Users\ultra\warewolf\Dev\Dev2.Development.Languages\bin\Debug\net8.0\Dev2.Development.Languages.dll [C:\Users\ultra\warewolf\Dev\Dev2.Diagnostics.Tests\Dev2.Diagnostics.Tests.csproj]
C:\Program Files\dotnet\sdk\10.0.201\Microsoft.Common.CurrentVersion.targets(2451,5): warning MSB3277:             C:\Users\ultra\warewolf\Dev\Dev2.Services.Sql\bin\Debug\net8.0\Dev2.Services.Sql.dll [C:\Users\ultra\warewolf\Dev\Dev2.Diagnostics.Tests\Dev2.Diagnostics.Tests.csproj]
C:\Program Files\dotnet\sdk\10.0.201\Microsoft.Common.CurrentVersion.targets(2451,5): warning MSB3277:             C:\Users\ultra\warewolf\Dev\Dev2.TaskScheduler.Wrappers\bin\Debug\net8.0\Dev2.TaskScheduler.Wrappers.dll [C:\Users\ultra\warewolf\Dev\Dev2.Diagnostics.Tests\Dev2.Diagnostics.Tests.csproj]
C:\Program Files\dotnet\sdk\10.0.201\Microsoft.Common.CurrentVersion.targets(2451,5): warning MSB3277:             C:\Users\ultra\warewolf\Dev\Dev2.Util\bin\Debug\net8.0\Dev2.Util.dll [C:\Users\ultra\warewolf\Dev\Dev2.Diagnostics.Tests\Dev2.Diagnostics.Tests.csproj]
C:\Program Files\dotnet\sdk\10.0.201\Microsoft.Common.CurrentVersion.targets(2451,5): warning MSB3277:             C:\Users\ultra\warewolf\Dev\Warewolf.AI.Harness\bin\Debug\net8.0\Warewolf.AI.Harness.dll [C:\Users\ultra\warewolf\Dev\Dev2.Diagnostics.Tests\Dev2.Diagnostics.Tests.csproj]
C:\Program Files\dotnet\sdk\10.0.201\Microsoft.Common.CurrentVersion.targets(2451,5): warning MSB3277:             C:\Users\ultra\warewolf\Dev\Warewolf.Driver.Serilog\bin\Debug\net8.0\Warewolf.Driver.Serilog.dll [C:\Users\ultra\warewolf\Dev\Dev2.Diagnostics.Tests\Dev2.Diagnostics.Tests.csproj]
C:\Program Files\dotnet\sdk\10.0.201\Microsoft.Common.CurrentVersion.targets(2451,5): warning MSB3277:             C:\Users\ultra\warewolf\Dev\Warewolf.PerfMon\bin\Debug\net8.0\linux-x64\Warewolf.PerfMon.dll [C:\Users\ultra\warewolf\Dev\Dev2.Diagnostics.Tests\Dev2.Diagnostics.Tests.csproj]
C:\Program Files\dotnet\sdk\10.0.201\Microsoft.Common.CurrentVersion.targets(2451,5): warning MSB3277:             C:\Users\ultra\warewolf\Dev\Warewolf.Sharepoint\bin\Debug\net8.0\Warewolf.Sharepoint.dll [C:\Users\ultra\warewolf\Dev\Dev2.Diagnostics.Tests\Dev2.Diagnostics.Tests.csproj]
C:\Program Files\dotnet\sdk\10.0.201\Microsoft.Common.CurrentVersion.targets(2451,5): warning MSB3277:             C:\Users\ultra\warewolf\Dev\Warewolf.Storage\bin\Debug\net8.0\Warewolf.Storage.dll [C:\Users\ultra\warewolf\Dev\Dev2.Diagnostics.Tests\Dev2.Diagnostics.Tests.csproj]
C:\Program Files\dotnet\sdk\10.0.201\Microsoft.Common.CurrentVersion.targets(2451,5): warning MSB3277:             C:\Users\ultra\.nuget\packages\mindbox.data.linq\5.0.0\lib\netstandard2.0\Mindbox.Data.Linq.dll [C:\Users\ultra\warewolf\Dev\Dev2.Diagnostics.Tests\Dev2.Diagnostics.Tests.csproj]
C:\Program Files\dotnet\sdk\10.0.201\Microsoft.Common.CurrentVersion.targets(2451,5): warning MSB3277:             C:\Users\ultra\.nuget\packages\mysql.data\8.4.0\lib\net8.0\MySql.Data.dll [C:\Users\ultra\warewolf\Dev\Dev2.Diagnostics.Tests\Dev2.Diagnostics.Tests.csproj]
C:\Program Files\dotnet\sdk\10.0.201\Microsoft.Common.CurrentVersion.targets(2451,5): warning MSB3277:             C:\Users\ultra\.nuget\packages\oracle.manageddataaccess.core\3.21.70\lib\netstandard2.1\Oracle.ManagedDataAccess.dll [C:\Users\ultra\warewolf\Dev\Dev2.Diagnostics.Tests\Dev2.Diagnostics.Tests.csproj]
C:\Program Files\dotnet\sdk\10.0.201\Microsoft.Common.CurrentVersion.targets(2451,5): warning MSB3277:             C:\Users\ultra\.nuget\packages\system.directoryservices\6.0.0\lib\net6.0\System.DirectoryServices.dll [C:\Users\ultra\warewolf\Dev\Dev2.Diagnostics.Tests\Dev2.Diagnostics.Tests.csproj]
C:\Program Files\dotnet\sdk\10.0.201\Microsoft.Common.CurrentVersion.targets(2451,5): warning MSB3277:             C:\Users\ultra\.nuget\packages\corewcf.primitives\1.2.1\lib\netstandard2.0\CoreWCF.Primitives.dll [C:\Users\ultra\warewolf\Dev\Dev2.Diagnostics.Tests\Dev2.Diagnostics.Tests.csproj]
C:\Program Files\dotnet\sdk\10.0.201\Microsoft.Common.CurrentVersion.targets(2451,5): warning MSB3277:             C:\Users\ultra\.nuget\packages\corewcf.http\1.2.1\lib\netstandard2.0\CoreWCF.Http.dll [C:\Users\ultra\warewolf\Dev\Dev2.Diagnostics.Tests\Dev2.Diagnostics.Tests.csproj]
C:\Program Files\dotnet\sdk\10.0.201\Microsoft.Common.CurrentVersion.targets(2451,5): warning MSB3277:             C:\Users\ultra\.nuget\packages\corewcf.nettcp\1.2.1\lib\netstandard2.0\CoreWCF.NetTcp.dll [C:\Users\ultra\warewolf\Dev\Dev2.Diagnostics.Tests\Dev2.Diagnostics.Tests.csproj]
C:\Program Files\dotnet\sdk\10.0.201\Microsoft.Common.CurrentVersion.targets(2451,5): warning MSB3277:             C:\Users\ultra\.nuget\packages\corewcf.webhttp\1.2.1\lib\netstandard2.0\CoreWCF.WebHttp.dll [C:\Users\ultra\warewolf\Dev\Dev2.Diagnostics.Tests\Dev2.Diagnostics.Tests.csproj]
C:\Program Files\dotnet\sdk\10.0.201\Microsoft.Common.CurrentVersion.targets(2451,5): warning MSB3277:             C:\Program Files\dotnet\packs\Microsoft.NETCore.App.Ref\8.0.25\ref/net8.0/System.Configuration.dll [C:\Users\ultra\warewolf\Dev\Dev2.Diagnostics.Tests\Dev2.Diagnostics.Tests.csproj]
C:\Program Files\dotnet\sdk\10.0.201\Microsoft.Common.CurrentVersion.targets(2451,5): warning MSB3277:             C:\Users\ultra\.nuget\packages\prism.wpf\9.0.537\lib\net462\Prism.Wpf.dll [C:\Users\ultra\warewolf\Dev\Dev2.Diagnostics.Tests\Dev2.Diagnostics.Tests.csproj]
C:\Program Files\dotnet\sdk\10.0.201\Microsoft.Common.CurrentVersion.targets(2451,5): warning MSB3277:             C:\Program Files\dotnet\packs\Microsoft.NETCore.App.Ref\8.0.25\ref/net8.0/System.Data.dll [C:\Users\ultra\warewolf\Dev\Dev2.Diagnostics.Tests\Dev2.Diagnostics.Tests.csproj]
C:\Program Files\dotnet\sdk\10.0.201\Microsoft.Common.CurrentVersion.targets(2451,5): warning MSB3277:             C:\Users\ultra\.nuget\packages\taskschedulereditor\2.10.1\lib\net452\Microsoft.Win32.TaskSchedulerEditor.dll [C:\Users\ultra\warewolf\Dev\Dev2.Diagnostics.Tests\Dev2.Diagnostics.Tests.csproj]
C:\Program Files\dotnet\sdk\10.0.201\Microsoft.Common.CurrentVersion.targets(2451,5): warning MSB3277:             C:\Program Files\dotnet\packs\Microsoft.NETCore.App.Ref\8.0.25\ref/net8.0/System.Drawing.dll [C:\Users\ultra\warewolf\Dev\Dev2.Diagnostics.Tests\Dev2.Diagnostics.Tests.csproj]
C:\Program Files\dotnet\sdk\10.0.201\Microsoft.Common.CurrentVersion.targets(2451,5): warning MSB3277:             C:\Users\ultra\.nuget\packages\aerowizard\2.3.1\lib\net45\AeroWizard.dll [C:\Users\ultra\warewolf\Dev\Dev2.Diagnostics.Tests\Dev2.Diagnostics.Tests.csproj]
C:\Program Files\dotnet\sdk\10.0.201\Microsoft.Common.CurrentVersion.targets(2451,5): warning MSB3277:             C:\Users\ultra\.nuget\packages\groupcontrols\1.9.0\lib\net45\GroupControls.dll [C:\Users\ultra\warewolf\Dev\Dev2.Diagnostics.Tests\Dev2.Diagnostics.Tests.csproj]
C:\Program Files\dotnet\sdk\10.0.201\Microsoft.Common.CurrentVersion.targets(2451,5): warning MSB3277:             C:\Program Files\dotnet\packs\Microsoft.NETCore.App.Ref\8.0.25\ref/net8.0/System.Net.dll [C:\Users\ultra\warewolf\Dev\Dev2.Diagnostics.Tests\Dev2.Diagnostics.Tests.csproj]
C:\Program Files\dotnet\sdk\10.0.201\Microsoft.Common.CurrentVersion.targets(2451,5): warning MSB3277:             C:\Program Files\dotnet\packs\Microsoft.NETCore.App.Ref\8.0.25\ref/net8.0/System.Security.dll [C:\Users\ultra\warewolf\Dev\Dev2.Diagnostics.Tests\Dev2.Diagnostics.Tests.csproj]
C:\Program Files\dotnet\sdk\10.0.201\Microsoft.Common.CurrentVersion.targets(2451,5): warning MSB3277:             C:\Program Files\dotnet\packs\Microsoft.NETCore.App.Ref\8.0.25\ref/net8.0/System.ServiceProcess.dll [C:\Users\ultra\warewolf\Dev\Dev2.Diagnostics.Tests\Dev2.Diagnostics.Tests.csproj]
C:\Program Files\dotnet\sdk\10.0.201\Microsoft.Common.CurrentVersion.targets(2451,5): warning MSB3277:             C:\Program Files\dotnet\packs\Microsoft.NETCore.App.Ref\8.0.25\ref/net8.0/System.Transactions.dll [C:\Users\ultra\warewolf\Dev\Dev2.Diagnostics.Tests\Dev2.Diagnostics.Tests.csproj]
C:\Program Files\dotnet\sdk\10.0.201\Microsoft.Common.CurrentVersion.targets(2451,5): warning MSB3277:             C:\Program Files\dotnet\packs\Microsoft.NETCore.App.Ref\8.0.25\ref/net8.0/System.dll [C:\Users\ultra\warewolf\Dev\Dev2.Diagnostics.Tests\Dev2.Diagnostics.Tests.csproj]
C:\Program Files\dotnet\sdk\10.0.201\Microsoft.Common.CurrentVersion.targets(2451,5): warning MSB3277:             C:\Users\ultra\.nuget\packages\microsoft.xaml.behaviors.wpf\1.1.122\lib\net462\Microsoft.Xaml.Behaviors.dll [C:\Users\ultra\warewolf\Dev\Dev2.Diagnostics.Tests\Dev2.Diagnostics.Tests.csproj]
C:\Program Files\dotnet\sdk\10.0.201\Microsoft.Common.CurrentVersion.targets(2451,5): warning MSB3277:             C:\Users\ultra\.nuget\packages\caliburn.micro\4.0.212\lib\netcoreapp3.1\Caliburn.Micro.Platform.dll [C:\Users\ultra\warewolf\Dev\Dev2.Diagnostics.Tests\Dev2.Diagnostics.Tests.csproj]
C:\Program Files\dotnet\sdk\10.0.201\Microsoft.Common.CurrentVersion.targets(2451,5): warning MSB3277:             C:\Users\ultra\.nuget\packages\reactiveui.wpf\18.4.1\lib\net462\ReactiveUI.Wpf.dll [C:\Users\ultra\warewolf\Dev\Dev2.Diagnostics.Tests\Dev2.Diagnostics.Tests.csproj]
C:\Program Files\dotnet\sdk\10.0.201\Microsoft.Common.CurrentVersion.targets(2451,5): warning MSB3277:             C:\Users\ultra\.nuget\packages\ttcue.netcore.sharepointonline.csom.16.1.8029.1200\16.1.8029.1200\lib\netcoreapp2.0\Microsoft.SharePoint.Client.Runtime.Windows.dll [C:\Users\ultra\warewolf\Dev\Dev2.Diagnostics.Tests\Dev2.Diagnostics.Tests.csproj]
C:\Program Files\dotnet\sdk\10.0.201\Microsoft.Common.CurrentVersion.targets(2451,5): warning MSB3277:             C:\Program Files\dotnet\packs\Microsoft.NETCore.App.Ref\8.0.25\ref/net8.0/WindowsBase.dll [C:\Users\ultra\warewolf\Dev\Dev2.Diagnostics.Tests\Dev2.Diagnostics.Tests.csproj]
C:\Program Files\dotnet\sdk\10.0.201\Microsoft.Common.CurrentVersion.targets(2451,5): warning MSB3277:             C:\Program Files\dotnet\packs\Microsoft.NETCore.App.Ref\8.0.25\ref/net8.0/mscorlib.dll [C:\Users\ultra\warewolf\Dev\Dev2.Diagnostics.Tests\Dev2.Diagnostics.Tests.csproj]
C:\Program Files\dotnet\sdk\10.0.201\Microsoft.Common.CurrentVersion.targets(2451,5): warning MSB3277:             C:\Users\ultra\.nuget\packages\hangfire.core\1.7.32\lib\netstandard2.0\Hangfire.Core.dll [C:\Users\ultra\warewolf\Dev\Dev2.Diagnostics.Tests\Dev2.Diagnostics.Tests.csproj]
C:\Program Files\dotnet\sdk\10.0.201\Microsoft.Common.CurrentVersion.targets(2451,5): warning MSB3277:             C:\Users\ultra\.nuget\packages\hangfire.aspnetcore\1.7.32\lib\netcoreapp3.0\Hangfire.AspNetCore.dll [C:\Users\ultra\warewolf\Dev\Dev2.Diagnostics.Tests\Dev2.Diagnostics.Tests.csproj]
C:\Program Files\dotnet\sdk\10.0.201\Microsoft.Common.CurrentVersion.targets(2451,5): warning MSB3277:             C:\Users\ultra\.nuget\packages\hangfire.sqlserver\1.7.32\lib\netstandard2.0\Hangfire.SqlServer.dll [C:\Users\ultra\warewolf\Dev\Dev2.Diagnostics.Tests\Dev2.Diagnostics.Tests.csproj]
C:\Program Files\dotnet\sdk\10.0.201\Microsoft.Common.CurrentVersion.targets(2451,5): warning MSB3277:             C:\Users\ultra\.nuget\packages\microsoft.codecoverage\17.13.0\lib\netcoreapp3.1\Microsoft.VisualStudio.CodeCoverage.Shim.dll [C:\Users\ultra\warewolf\Dev\Dev2.Diagnostics.Tests\Dev2.Diagnostics.Tests.csproj]
C:\Program Files\dotnet\sdk\10.0.201\Microsoft.Common.CurrentVersion.targets(2451,5): warning MSB3277:         C:\Program Files\dotnet\packs\Microsoft.NETCore.App.Ref\8.0.25\ref\net8.0\System.Drawing.dll [C:\Users\ultra\warewolf\Dev\Dev2.Diagnostics.Tests\Dev2.Diagnostics.Tests.csproj]
C:\Program Files\dotnet\sdk\10.0.201\Microsoft.Common.CurrentVersion.targets(2451,5): warning MSB3277:           Project file item includes which caused reference "C:\Program Files\dotnet\packs\Microsoft.NETCore.App.Ref\8.0.25\ref\net8.0\System.Drawing.dll". [C:\Users\ultra\warewolf\Dev\Dev2.Diagnostics.Tests\Dev2.Diagnostics.Tests.csproj]
C:\Program Files\dotnet\sdk\10.0.201\Microsoft.Common.CurrentVersion.targets(2451,5): warning MSB3277:             C:\Program Files\dotnet\packs\Microsoft.NETCore.App.Ref\8.0.25\ref/net8.0/System.Drawing.dll [C:\Users\ultra\warewolf\Dev\Dev2.Diagnostics.Tests\Dev2.Diagnostics.Tests.csproj]
C:\Program Files\dotnet\sdk\10.0.201\Microsoft.Common.CurrentVersion.targets(2451,5): warning MSB3277:             C:\Users\ultra\.nuget\packages\aerowizard\2.3.1\lib\net45\AeroWizard.dll [C:\Users\ultra\warewolf\Dev\Dev2.Diagnostics.Tests\Dev2.Diagnostics.Tests.csproj]
C:\Program Files\dotnet\sdk\10.0.201\Microsoft.Common.CurrentVersion.targets(2451,5): warning MSB3277:             C:\Users\ultra\.nuget\packages\groupcontrols\1.9.0\lib\net45\GroupControls.dll [C:\Users\ultra\warewolf\Dev\Dev2.Diagnostics.Tests\Dev2.Diagnostics.Tests.csproj]
C:\Program Files\dotnet\sdk\10.0.201\Microsoft.Common.CurrentVersion.targets(2451,5): warning MSB3277:             C:\Users\ultra\.nuget\packages\taskschedulereditor\2.10.1\lib\net452\Microsoft.Win32.TaskSchedulerEditor.dll [C:\Users\ultra\warewolf\Dev\Dev2.Diagnostics.Tests\Dev2.Diagnostics.Tests.csproj]
C:\Program Files\dotnet\sdk\10.0.201\Sdks\Microsoft.NET.Sdk\targets\Microsoft.NET.Sdk.targets(308,5): warning NETSDK1206: Found version-specific or distribution-specific runtime identifier(s): win10-x64, win10-x86, win7-x64, win7-x86, win8-x64, win8-x86, win81-x64, win81-x86. Affected libraries: Microsoft.Management.Infrastructure.Runtime.Win, SQLite. In .NET 8.0 and higher, assets for version-specific and distribution-specific runtime identifiers will not be found by default. See https://aka.ms/dotnet/rid-usage for details. [C:\Users\ultra\warewolf\Dev\Dev2.Activities.Designers\Dev2.Activities.Designers.csproj]
  Dev2.Activities.Designers -> C:\Users\ultra\warewolf\Dev\Dev2.Activities.Designers\bin\Debug\net8.0\Dev2.Activities.Designers.dll
C:\Users\ultra\warewolf\Dev\Dev2.Server\Startup.cs(59,95): warning CC0004: Empty Catch Block. (https://code-cracker.github.io/diagnostics/CC0004.html) [C:\Users\ultra\warewolf\Dev\Dev2.Server\Dev2.Server.csproj]
C:\Program Files\dotnet\sdk\10.0.201\Microsoft.Common.CurrentVersion.targets(2451,5): warning MSB3245: Could not resolve this reference. Could not locate the assembly "System.Activities.Core.Presentation". Check to make sure the assembly exists on disk. If this reference is required by your code, you may get compilation errors. [C:\Users\ultra\warewolf\Dev\Warewolf.Studio.AntiCorruptionLayer\Warewolf.Studio.AntiCorruptionLayer.csproj]
C:\Users\ultra\warewolf\Dev\Dev2.Diagnostics.Tests\TestPerfCounterManager.cs(24,21): warning CA1416: This call site is reachable on all platforms. 'PerformanceCounterCategory.Delete(string)' is only supported on: 'windows'. (https://learn.microsoft.com/dotnet/fundamentals/code-analysis/quality-rules/ca1416) [C:\Users\ultra\warewolf\Dev\Dev2.Diagnostics.Tests\Dev2.Diagnostics.Tests.csproj]
C:\Users\ultra\warewolf\Dev\Dev2.Diagnostics.Tests\TestExecutionContainer.cs(31,17): warning CA1416: This call site is reachable on all platforms. 'PerformanceCounterCategory.Delete(string)' is only supported on: 'windows'. (https://learn.microsoft.com/dotnet/fundamentals/code-analysis/quality-rules/ca1416) [C:\Users\ultra\warewolf\Dev\Dev2.Diagnostics.Tests\Dev2.Diagnostics.Tests.csproj]
C:\Users\ultra\warewolf\Dev\Dev2.Diagnostics.Tests\PerfCountersOpsTests.cs(27,21): warning CA1416: This call site is reachable on all platforms. 'PerformanceCounterCategory.Delete(string)' is only supported on: 'windows'. (https://learn.microsoft.com/dotnet/fundamentals/code-analysis/quality-rules/ca1416) [C:\Users\ultra\warewolf\Dev\Dev2.Diagnostics.Tests\Dev2.Diagnostics.Tests.csproj]
C:\Users\ultra\warewolf\Dev\Dev2.Diagnostics.Tests\PerfCountersOpsTests.cs(26,21): warning CA1416: This call site is reachable on all platforms. 'PerformanceCounterCategory.Delete(string)' is only supported on: 'windows'. (https://learn.microsoft.com/dotnet/fundamentals/code-analysis/quality-rules/ca1416) [C:\Users\ultra\warewolf\Dev\Dev2.Diagnostics.Tests\Dev2.Diagnostics.Tests.csproj]
C:\Users\ultra\warewolf\Dev\Dev2.Diagnostics.Tests\PerfCounterBuilderTest.cs(25,17): warning CA1416: This call site is reachable on all platforms. 'PerformanceCounterCategory.Delete(string)' is only supported on: 'windows'. (https://learn.microsoft.com/dotnet/fundamentals/code-analysis/quality-rules/ca1416) [C:\Users\ultra\warewolf\Dev\Dev2.Diagnostics.Tests\Dev2.Diagnostics.Tests.csproj]
C:\Users\ultra\warewolf\Dev\Dev2.Diagnostics.Tests\PerfCounterBuilderTest.cs(88,17): warning CA1416: This call site is reachable on all platforms. 'PerformanceCounterCategory.Delete(string)' is only supported on: 'windows'. (https://learn.microsoft.com/dotnet/fundamentals/code-analysis/quality-rules/ca1416) [C:\Users\ultra\warewolf\Dev\Dev2.Diagnostics.Tests\Dev2.Diagnostics.Tests.csproj]
C:\Program Files\dotnet\sdk\10.0.201\Microsoft.Common.CurrentVersion.targets(2451,5): warning MSB3277: Found conflicts between different versions of "WindowsBase" that could not be resolved. [C:\Users\ultra\warewolf\Dev\Warewolf.Studio.AntiCorruptionLayer\Warewolf.Studio.AntiCorruptionLayer.csproj]
C:\Program Files\dotnet\sdk\10.0.201\Microsoft.Common.CurrentVersion.targets(2451,5): warning MSB3277: There was a conflict between "WindowsBase, Version=4.0.0.0, Culture=neutral, PublicKeyToken=31bf3856ad364e35" and "WindowsBase, Version=6.0.2.0, Culture=neutral, PublicKeyToken=31bf3856ad364e35". [C:\Users\ultra\warewolf\Dev\Warewolf.Studio.AntiCorruptionLayer\Warewolf.Studio.AntiCorruptionLayer.csproj]
C:\Program Files\dotnet\sdk\10.0.201\Microsoft.Common.CurrentVersion.targets(2451,5): warning MSB3277:     "WindowsBase, Version=4.0.0.0, Culture=neutral, PublicKeyToken=31bf3856ad364e35" was chosen because it was primary and "WindowsBase, Version=6.0.2.0, Culture=neutral, PublicKeyToken=31bf3856ad364e35" was not. [C:\Users\ultra\warewolf\Dev\Warewolf.Studio.AntiCorruptionLayer\Warewolf.Studio.AntiCorruptionLayer.csproj]
C:\Program Files\dotnet\sdk\10.0.201\Microsoft.Common.CurrentVersion.targets(2451,5): warning MSB3277:     References which depend on "WindowsBase, Version=4.0.0.0, Culture=neutral, PublicKeyToken=31bf3856ad364e35" [C:\Program Files\dotnet\packs\Microsoft.NETCore.App.Ref\8.0.25\ref\net8.0\WindowsBase.dll]. [C:\Users\ultra\warewolf\Dev\Warewolf.Studio.AntiCorruptionLayer\Warewolf.Studio.AntiCorruptionLayer.csproj]
C:\Program Files\dotnet\sdk\10.0.201\Microsoft.Common.CurrentVersion.targets(2451,5): warning MSB3277:         C:\Program Files\dotnet\packs\Microsoft.NETCore.App.Ref\8.0.25\ref\net8.0\WindowsBase.dll [C:\Users\ultra\warewolf\Dev\Warewolf.Studio.AntiCorruptionLayer\Warewolf.Studio.AntiCorruptionLayer.csproj]
C:\Program Files\dotnet\sdk\10.0.201\Microsoft.Common.CurrentVersion.targets(2451,5): warning MSB3277:           Project file item includes which caused reference "C:\Program Files\dotnet\packs\Microsoft.NETCore.App.Ref\8.0.25\ref\net8.0\WindowsBase.dll". [C:\Users\ultra\warewolf\Dev\Warewolf.Studio.AntiCorruptionLayer\Warewolf.Studio.AntiCorruptionLayer.csproj]
C:\Program Files\dotnet\sdk\10.0.201\Microsoft.Common.CurrentVersion.targets(2451,5): warning MSB3277:             C:\Program Files\dotnet\packs\Microsoft.NETCore.App.Ref\8.0.25\ref/net8.0/WindowsBase.dll [C:\Users\ultra\warewolf\Dev\Warewolf.Studio.AntiCorruptionLayer\Warewolf.Studio.AntiCorruptionLayer.csproj]
C:\Program Files\dotnet\sdk\10.0.201\Microsoft.Common.CurrentVersion.targets(2451,5): warning MSB3277:     References which depend on or have been unified to "WindowsBase, Version=6.0.2.0, Culture=neutral, PublicKeyToken=31bf3856ad364e35" []. [C:\Users\ultra\warewolf\Dev\Warewolf.Studio.AntiCorruptionLayer\Warewolf.Studio.AntiCorruptionLayer.csproj]
C:\Program Files\dotnet\sdk\10.0.201\Microsoft.Common.CurrentVersion.targets(2451,5): warning MSB3277:         C:\Users\ultra\.nuget\packages\caliburn.micro\4.0.212\lib\netcoreapp3.1\Caliburn.Micro.Platform.dll [C:\Users\ultra\warewolf\Dev\Warewolf.Studio.AntiCorruptionLayer\Warewolf.Studio.AntiCorruptionLayer.csproj]
C:\Program Files\dotnet\sdk\10.0.201\Microsoft.Common.CurrentVersion.targets(2451,5): warning MSB3277:           Project file item includes which caused reference "C:\Users\ultra\.nuget\packages\caliburn.micro\4.0.212\lib\netcoreapp3.1\Caliburn.Micro.Platform.dll". [C:\Users\ultra\warewolf\Dev\Warewolf.Studio.AntiCorruptionLayer\Warewolf.Studio.AntiCorruptionLayer.csproj]
C:\Program Files\dotnet\sdk\10.0.201\Microsoft.Common.CurrentVersion.targets(2451,5): warning MSB3277:             C:\Users\ultra\.nuget\packages\caliburn.micro\4.0.212\lib\netcoreapp3.1\Caliburn.Micro.Platform.dll [C:\Users\ultra\warewolf\Dev\Warewolf.Studio.AntiCorruptionLayer\Warewolf.Studio.AntiCorruptionLayer.csproj]
C:\Program Files\dotnet\sdk\10.0.201\Microsoft.Common.CurrentVersion.targets(2451,5): warning MSB3277:         C:\Users\ultra\.nuget\packages\extended.wpf.toolkit\4.4.0\lib\net5.0\Xceed.Wpf.AvalonDock.NET5.dll [C:\Users\ultra\warewolf\Dev\Warewolf.Studio.AntiCorruptionLayer\Warewolf.Studio.AntiCorruptionLayer.csproj]
C:\Program Files\dotnet\sdk\10.0.201\Microsoft.Common.CurrentVersion.targets(2451,5): warning MSB3277:           Project file item includes which caused reference "C:\Users\ultra\.nuget\packages\extended.wpf.toolkit\4.4.0\lib\net5.0\Xceed.Wpf.AvalonDock.NET5.dll". [C:\Users\ultra\warewolf\Dev\Warewolf.Studio.AntiCorruptionLayer\Warewolf.Studio.AntiCorruptionLayer.csproj]
C:\Program Files\dotnet\sdk\10.0.201\Microsoft.Common.CurrentVersion.targets(2451,5): warning MSB3277:             C:\Users\ultra\.nuget\packages\extended.wpf.toolkit\4.4.0\lib\net5.0\Xceed.Wpf.AvalonDock.NET5.dll [C:\Users\ultra\warewolf\Dev\Warewolf.Studio.AntiCorruptionLayer\Warewolf.Studio.AntiCorruptionLayer.csproj]
C:\Program Files\dotnet\sdk\10.0.201\Microsoft.Common.CurrentVersion.targets(2451,5): warning MSB3277:             C:\Users\ultra\.nuget\packages\extended.wpf.toolkit\4.4.0\lib\net5.0\Xceed.Wpf.AvalonDock.Themes.Aero.NET5.dll [C:\Users\ultra\warewolf\Dev\Warewolf.Studio.AntiCorruptionLayer\Warewolf.Studio.AntiCorruptionLayer.csproj]
C:\Program Files\dotnet\sdk\10.0.201\Microsoft.Common.CurrentVersion.targets(2451,5): warning MSB3277:             C:\Users\ultra\.nuget\packages\extended.wpf.toolkit\4.4.0\lib\net5.0\Xceed.Wpf.AvalonDock.Themes.Metro.NET5.dll [C:\Users\ultra\warewolf\Dev\Warewolf.Studio.AntiCorruptionLayer\Warewolf.Studio.AntiCorruptionLayer.csproj]
C:\Program Files\dotnet\sdk\10.0.201\Microsoft.Common.CurrentVersion.targets(2451,5): warning MSB3277:             C:\Users\ultra\.nuget\packages\extended.wpf.toolkit\4.4.0\lib\net5.0\Xceed.Wpf.AvalonDock.Themes.VS2010.NET5.dll [C:\Users\ultra\warewolf\Dev\Warewolf.Studio.AntiCorruptionLayer\Warewolf.Studio.AntiCorruptionLayer.csproj]
C:\Program Files\dotnet\sdk\10.0.201\Microsoft.Common.CurrentVersion.targets(2451,5): warning MSB3277:         C:\Users\ultra\.nuget\packages\extended.wpf.toolkit\4.4.0\lib\net5.0\Xceed.Wpf.AvalonDock.Themes.Aero.NET5.dll [C:\Users\ultra\warewolf\Dev\Warewolf.Studio.AntiCorruptionLayer\Warewolf.Studio.AntiCorruptionLayer.csproj]
C:\Program Files\dotnet\sdk\10.0.201\Microsoft.Common.CurrentVersion.targets(2451,5): warning MSB3277:           Project file item includes which caused reference "C:\Users\ultra\.nuget\packages\extended.wpf.toolkit\4.4.0\lib\net5.0\Xceed.Wpf.AvalonDock.Themes.Aero.NET5.dll". [C:\Users\ultra\warewolf\Dev\Warewolf.Studio.AntiCorruptionLayer\Warewolf.Studio.AntiCorruptionLayer.csproj]
C:\Program Files\dotnet\sdk\10.0.201\Microsoft.Common.CurrentVersion.targets(2451,5): warning MSB3277:             C:\Users\ultra\.nuget\packages\extended.wpf.toolkit\4.4.0\lib\net5.0\Xceed.Wpf.AvalonDock.Themes.Aero.NET5.dll [C:\Users\ultra\warewolf\Dev\Warewolf.Studio.AntiCorruptionLayer\Warewolf.Studio.AntiCorruptionLayer.csproj]
C:\Program Files\dotnet\sdk\10.0.201\Microsoft.Common.CurrentVersion.targets(2451,5): warning MSB3277:         C:\Users\ultra\.nuget\packages\extended.wpf.toolkit\4.4.0\lib\net5.0\Xceed.Wpf.Toolkit.NET5.dll [C:\Users\ultra\warewolf\Dev\Warewolf.Studio.AntiCorruptionLayer\Warewolf.Studio.AntiCorruptionLayer.csproj]
C:\Program Files\dotnet\sdk\10.0.201\Microsoft.Common.CurrentVersion.targets(2451,5): warning MSB3277:           Project file item includes which caused reference "C:\Users\ultra\.nuget\packages\extended.wpf.toolkit\4.4.0\lib\net5.0\Xceed.Wpf.Toolkit.NET5.dll". [C:\Users\ultra\warewolf\Dev\Warewolf.Studio.AntiCorruptionLayer\Warewolf.Studio.AntiCorruptionLayer.csproj]
C:\Program Files\dotnet\sdk\10.0.201\Microsoft.Common.CurrentVersion.targets(2451,5): warning MSB3277:             C:\Users\ultra\.nuget\packages\extended.wpf.toolkit\4.4.0\lib\net5.0\Xceed.Wpf.Toolkit.NET5.dll [C:\Users\ultra\warewolf\Dev\Warewolf.Studio.AntiCorruptionLayer\Warewolf.Studio.AntiCorruptionLayer.csproj]
C:\Program Files\dotnet\sdk\10.0.201\Microsoft.Common.CurrentVersion.targets(2451,5): warning MSB3277:         C:\Users\ultra\.nuget\packages\ironpython\3.4.0\lib\net6.0\IronPython.Wpf.dll [C:\Users\ultra\warewolf\Dev\Warewolf.Studio.AntiCorruptionLayer\Warewolf.Studio.AntiCorruptionLayer.csproj]
C:\Program Files\dotnet\sdk\10.0.201\Microsoft.Common.CurrentVersion.targets(2451,5): warning MSB3277:           Project file item includes which caused reference "C:\Users\ultra\.nuget\packages\ironpython\3.4.0\lib\net6.0\IronPython.Wpf.dll". [C:\Users\ultra\warewolf\Dev\Warewolf.Studio.AntiCorruptionLayer\Warewolf.Studio.AntiCorruptionLayer.csproj]
C:\Program Files\dotnet\sdk\10.0.201\Microsoft.Common.CurrentVersion.targets(2451,5): warning MSB3277:             C:\Users\ultra\.nuget\packages\ironpython\3.4.0\lib\net6.0\IronPython.Wpf.dll [C:\Users\ultra\warewolf\Dev\Warewolf.Studio.AntiCorruptionLayer\Warewolf.Studio.AntiCorruptionLayer.csproj]
C:\Program Files\dotnet\sdk\10.0.201\Microsoft.Common.CurrentVersion.targets(2451,5): warning MSB3277:         C:\Users\ultra\.nuget\packages\microsoft.xaml.behaviors.wpf\1.1.122\lib\net462\Microsoft.Xaml.Behaviors.dll [C:\Users\ultra\warewolf\Dev\Warewolf.Studio.AntiCorruptionLayer\Warewolf.Studio.AntiCorruptionLayer.csproj]
C:\Program Files\dotnet\sdk\10.0.201\Microsoft.Common.CurrentVersion.targets(2451,5): warning MSB3277:           Project file item includes which caused reference "C:\Users\ultra\.nuget\packages\microsoft.xaml.behaviors.wpf\1.1.122\lib\net462\Microsoft.Xaml.Behaviors.dll". [C:\Users\ultra\warewolf\Dev\Warewolf.Studio.AntiCorruptionLayer\Warewolf.Studio.AntiCorruptionLayer.csproj]
C:\Program Files\dotnet\sdk\10.0.201\Microsoft.Common.CurrentVersion.targets(2451,5): warning MSB3277:             C:\Users\ultra\.nuget\packages\microsoft.xaml.behaviors.wpf\1.1.122\lib\net462\Microsoft.Xaml.Behaviors.dll [C:\Users\ultra\warewolf\Dev\Warewolf.Studio.AntiCorruptionLayer\Warewolf.Studio.AntiCorruptionLayer.csproj]
C:\Program Files\dotnet\sdk\10.0.201\Microsoft.Common.CurrentVersion.targets(2451,5): warning MSB3277:             C:\Users\ultra\.nuget\packages\caliburn.micro\4.0.212\lib\netcoreapp3.1\Caliburn.Micro.Platform.dll [C:\Users\ultra\warewolf\Dev\Warewolf.Studio.AntiCorruptionLayer\Warewolf.Studio.AntiCorruptionLayer.csproj]
C:\Program Files\dotnet\sdk\10.0.201\Microsoft.Common.CurrentVersion.targets(2451,5): warning MSB3277:             C:\Users\ultra\.nuget\packages\prism.wpf\9.0.537\lib\net462\Prism.Wpf.dll [C:\Users\ultra\warewolf\Dev\Warewolf.Studio.AntiCorruptionLayer\Warewolf.Studio.AntiCorruptionLayer.csproj]
C:\Program Files\dotnet\sdk\10.0.201\Microsoft.Common.CurrentVersion.targets(2451,5): warning MSB3277:         C:\Users\ultra\.nuget\packages\prism.wpf\9.0.537\lib\net462\Prism.Wpf.dll [C:\Users\ultra\warewolf\Dev\Warewolf.Studio.AntiCorruptionLayer\Warewolf.Studio.AntiCorruptionLayer.csproj]
C:\Program Files\dotnet\sdk\10.0.201\Microsoft.Common.CurrentVersion.targets(2451,5): warning MSB3277:           Project file item includes which caused reference "C:\Users\ultra\.nuget\packages\prism.wpf\9.0.537\lib\net462\Prism.Wpf.dll". [C:\Users\ultra\warewolf\Dev\Warewolf.Studio.AntiCorruptionLayer\Warewolf.Studio.AntiCorruptionLayer.csproj]
C:\Program Files\dotnet\sdk\10.0.201\Microsoft.Common.CurrentVersion.targets(2451,5): warning MSB3277:             C:\Users\ultra\.nuget\packages\prism.wpf\9.0.537\lib\net462\Prism.Wpf.dll [C:\Users\ultra\warewolf\Dev\Warewolf.Studio.AntiCorruptionLayer\Warewolf.Studio.AntiCorruptionLayer.csproj]
C:\Program Files\dotnet\sdk\10.0.201\Microsoft.Common.CurrentVersion.targets(2451,5): warning MSB3277:         C:\Users\ultra\.nuget\packages\reactiveui.wpf\18.4.1\lib\net462\ReactiveUI.Wpf.dll [C:\Users\ultra\warewolf\Dev\Warewolf.Studio.AntiCorruptionLayer\Warewolf.Studio.AntiCorruptionLayer.csproj]
C:\Program Files\dotnet\sdk\10.0.201\Microsoft.Common.CurrentVersion.targets(2451,5): warning MSB3277:           Project file item includes which caused reference "C:\Users\ultra\.nuget\packages\reactiveui.wpf\18.4.1\lib\net462\ReactiveUI.Wpf.dll". [C:\Users\ultra\warewolf\Dev\Warewolf.Studio.AntiCorruptionLayer\Warewolf.Studio.AntiCorruptionLayer.csproj]
C:\Program Files\dotnet\sdk\10.0.201\Microsoft.Common.CurrentVersion.targets(2451,5): warning MSB3277:             C:\Users\ultra\.nuget\packages\reactiveui.wpf\18.4.1\lib\net462\ReactiveUI.Wpf.dll [C:\Users\ultra\warewolf\Dev\Warewolf.Studio.AntiCorruptionLayer\Warewolf.Studio.AntiCorruptionLayer.csproj]
  Consider app.config remapping of assembly "System.Data.SQLite, Culture=neutral, PublicKeyToken=db937bc2d44ff139" from Version "1.0.117.0" [] to Version "1.0.118.0" [C:\Users\ultra\.nuget\packages\stub.system.data.sqlite.core.netstandard\1.0.118\lib\netstandard2.1\System.Data.SQLite.dll] to solve conflict and get rid of warning.
C:\Program Files\dotnet\sdk\10.0.201\Sdks\Microsoft.NET.Sdk\targets\Microsoft.NET.Sdk.targets(308,5): warning NETSDK1206: Found version-specific or distribution-specific runtime identifier(s): win10-x64, win10-x86, win7-x64, win7-x86, win8-x64, win8-x86, win81-x64, win81-x86. Affected libraries: Microsoft.Management.Infrastructure.Runtime.Win, SQLite. In .NET 8.0 and higher, assets for version-specific and distribution-specific runtime identifiers will not be found by default. See https://aka.ms/dotnet/rid-usage for details. [C:\Users\ultra\warewolf\Dev\Dev2.Server\Dev2.Server.csproj]
  Dev2.Server -> C:\Users\ultra\warewolf\Dev\Dev2.Server\bin\Debug\net8.0\Warewolf Server.dll
  Dev2.Diagnostics.Tests -> C:\Users\ultra\warewolf\Dev\Dev2.Diagnostics.Tests\bin\Debug\net8.0\linux-x64\Dev2.Diagnostics.Tests.dll
  
  INFO: No tasks running with the specified criteria.
  
  INFO: No tasks running with the specified criteria.
C:\Program Files\dotnet\sdk\10.0.201\Microsoft.Common.CurrentVersion.targets(2451,5): warning MSB3277: Found conflicts between different versions of "WindowsBase" that could not be resolved. [C:\Users\ultra\warewolf\Dev\Dev2.Activities.Tests\Dev2.Activities.Tests.csproj]
C:\Program Files\dotnet\sdk\10.0.201\Microsoft.Common.CurrentVersion.targets(2451,5): warning MSB3277: There was a conflict between "WindowsBase, Version=4.0.0.0, Culture=neutral, PublicKeyToken=31bf3856ad364e35" and "WindowsBase, Version=6.0.2.0, Culture=neutral, PublicKeyToken=31bf3856ad364e35". [C:\Users\ultra\warewolf\Dev\Dev2.Activities.Tests\Dev2.Activities.Tests.csproj]
C:\Program Files\dotnet\sdk\10.0.201\Microsoft.Common.CurrentVersion.targets(2451,5): warning MSB3277:     "WindowsBase, Version=4.0.0.0, Culture=neutral, PublicKeyToken=31bf3856ad364e35" was chosen because it was primary and "WindowsBase, Version=6.0.2.0, Culture=neutral, PublicKeyToken=31bf3856ad364e35" was not. [C:\Users\ultra\warewolf\Dev\Dev2.Activities.Tests\Dev2.Activities.Tests.csproj]
C:\Program Files\dotnet\sdk\10.0.201\Microsoft.Common.CurrentVersion.targets(2451,5): warning MSB3277:     References which depend on "WindowsBase, Version=4.0.0.0, Culture=neutral, PublicKeyToken=31bf3856ad364e35" [C:\Program Files\dotnet\packs\Microsoft.NETCore.App.Ref\8.0.25\ref\net8.0\WindowsBase.dll]. [C:\Users\ultra\warewolf\Dev\Dev2.Activities.Tests\Dev2.Activities.Tests.csproj]
C:\Program Files\dotnet\sdk\10.0.201\Microsoft.Common.CurrentVersion.targets(2451,5): warning MSB3277:         C:\Program Files\dotnet\packs\Microsoft.NETCore.App.Ref\8.0.25\ref\net8.0\WindowsBase.dll [C:\Users\ultra\warewolf\Dev\Dev2.Activities.Tests\Dev2.Activities.Tests.csproj]
C:\Program Files\dotnet\sdk\10.0.201\Microsoft.Common.CurrentVersion.targets(2451,5): warning MSB3277:           Project file item includes which caused reference "C:\Program Files\dotnet\packs\Microsoft.NETCore.App.Ref\8.0.25\ref\net8.0\WindowsBase.dll". [C:\Users\ultra\warewolf\Dev\Dev2.Activities.Tests\Dev2.Activities.Tests.csproj]
C:\Program Files\dotnet\sdk\10.0.201\Microsoft.Common.CurrentVersion.targets(2451,5): warning MSB3277:             C:\Program Files\dotnet\packs\Microsoft.NETCore.App.Ref\8.0.25\ref/net8.0/WindowsBase.dll [C:\Users\ultra\warewolf\Dev\Dev2.Activities.Tests\Dev2.Activities.Tests.csproj]
C:\Program Files\dotnet\sdk\10.0.201\Microsoft.Common.CurrentVersion.targets(2451,5): warning MSB3277:     References which depend on or have been unified to "WindowsBase, Version=6.0.2.0, Culture=neutral, PublicKeyToken=31bf3856ad364e35" []. [C:\Users\ultra\warewolf\Dev\Dev2.Activities.Tests\Dev2.Activities.Tests.csproj]
C:\Program Files\dotnet\sdk\10.0.201\Microsoft.Common.CurrentVersion.targets(2451,5): warning MSB3277:         C:\Users\ultra\.nuget\packages\caliburn.micro\4.0.212\lib\netcoreapp3.1\Caliburn.Micro.Platform.dll [C:\Users\ultra\warewolf\Dev\Dev2.Activities.Tests\Dev2.Activities.Tests.csproj]
C:\Program Files\dotnet\sdk\10.0.201\Microsoft.Common.CurrentVersion.targets(2451,5): warning MSB3277:           Project file item includes which caused reference "C:\Users\ultra\.nuget\packages\caliburn.micro\4.0.212\lib\netcoreapp3.1\Caliburn.Micro.Platform.dll". [C:\Users\ultra\warewolf\Dev\Dev2.Activities.Tests\Dev2.Activities.Tests.csproj]
C:\Program Files\dotnet\sdk\10.0.201\Microsoft.Common.CurrentVersion.targets(2451,5): warning MSB3277:             C:\Users\ultra\.nuget\packages\caliburn.micro\4.0.212\lib\netcoreapp3.1\Caliburn.Micro.Platform.dll [C:\Users\ultra\warewolf\Dev\Dev2.Activities.Tests\Dev2.Activities.Tests.csproj]
C:\Program Files\dotnet\sdk\10.0.201\Microsoft.Common.CurrentVersion.targets(2451,5): warning MSB3277:         C:\Users\ultra\.nuget\packages\ironpython\3.4.0\lib\net6.0\IronPython.Wpf.dll [C:\Users\ultra\warewolf\Dev\Dev2.Activities.Tests\Dev2.Activities.Tests.csproj]
C:\Program Files\dotnet\sdk\10.0.201\Microsoft.Common.CurrentVersion.targets(2451,5): warning MSB3277:           Project file item includes which caused reference "C:\Users\ultra\.nuget\packages\ironpython\3.4.0\lib\net6.0\IronPython.Wpf.dll". [C:\Users\ultra\warewolf\Dev\Dev2.Activities.Tests\Dev2.Activities.Tests.csproj]
C:\Program Files\dotnet\sdk\10.0.201\Microsoft.Common.CurrentVersion.targets(2451,5): warning MSB3277:             C:\Users\ultra\.nuget\packages\ironpython\3.4.0\lib\net6.0\IronPython.Wpf.dll [C:\Users\ultra\warewolf\Dev\Dev2.Activities.Tests\Dev2.Activities.Tests.csproj]
C:\Program Files\dotnet\sdk\10.0.201\Microsoft.Common.CurrentVersion.targets(2451,5): warning MSB3277:         C:\Users\ultra\.nuget\packages\microsoft.xaml.behaviors.wpf\1.1.122\lib\net462\Microsoft.Xaml.Behaviors.dll [C:\Users\ultra\warewolf\Dev\Dev2.Activities.Tests\Dev2.Activities.Tests.csproj]
C:\Program Files\dotnet\sdk\10.0.201\Microsoft.Common.CurrentVersion.targets(2451,5): warning MSB3277:           Project file item includes which caused reference "C:\Users\ultra\.nuget\packages\microsoft.xaml.behaviors.wpf\1.1.122\lib\net462\Microsoft.Xaml.Behaviors.dll". [C:\Users\ultra\warewolf\Dev\Dev2.Activities.Tests\Dev2.Activities.Tests.csproj]
C:\Program Files\dotnet\sdk\10.0.201\Microsoft.Common.CurrentVersion.targets(2451,5): warning MSB3277:             C:\Users\ultra\.nuget\packages\microsoft.xaml.behaviors.wpf\1.1.122\lib\net462\Microsoft.Xaml.Behaviors.dll [C:\Users\ultra\warewolf\Dev\Dev2.Activities.Tests\Dev2.Activities.Tests.csproj]
C:\Program Files\dotnet\sdk\10.0.201\Microsoft.Common.CurrentVersion.targets(2451,5): warning MSB3277:             C:\Users\ultra\.nuget\packages\caliburn.micro\4.0.212\lib\netcoreapp3.1\Caliburn.Micro.Platform.dll [C:\Users\ultra\warewolf\Dev\Dev2.Activities.Tests\Dev2.Activities.Tests.csproj]
C:\Program Files\dotnet\sdk\10.0.201\Microsoft.Common.CurrentVersion.targets(2451,5): warning MSB3277:             C:\Users\ultra\.nuget\packages\prism.wpf\9.0.537\lib\net462\Prism.Wpf.dll [C:\Users\ultra\warewolf\Dev\Dev2.Activities.Tests\Dev2.Activities.Tests.csproj]
C:\Program Files\dotnet\sdk\10.0.201\Microsoft.Common.CurrentVersion.targets(2451,5): warning MSB3277:         C:\Users\ultra\.nuget\packages\prism.wpf\9.0.537\lib\net462\Prism.Wpf.dll [C:\Users\ultra\warewolf\Dev\Dev2.Activities.Tests\Dev2.Activities.Tests.csproj]
C:\Program Files\dotnet\sdk\10.0.201\Microsoft.Common.CurrentVersion.targets(2451,5): warning MSB3277:           Project file item includes which caused reference "C:\Users\ultra\.nuget\packages\prism.wpf\9.0.537\lib\net462\Prism.Wpf.dll". [C:\Users\ultra\warewolf\Dev\Dev2.Activities.Tests\Dev2.Activities.Tests.csproj]
C:\Program Files\dotnet\sdk\10.0.201\Microsoft.Common.CurrentVersion.targets(2451,5): warning MSB3277:             C:\Users\ultra\.nuget\packages\prism.wpf\9.0.537\lib\net462\Prism.Wpf.dll [C:\Users\ultra\warewolf\Dev\Dev2.Activities.Tests\Dev2.Activities.Tests.csproj]
C:\Program Files\dotnet\sdk\10.0.201\Microsoft.Common.CurrentVersion.targets(2451,5): warning MSB3277:         C:\Users\ultra\.nuget\packages\reactiveui.wpf\18.4.1\lib\net462\ReactiveUI.Wpf.dll [C:\Users\ultra\warewolf\Dev\Dev2.Activities.Tests\Dev2.Activities.Tests.csproj]
C:\Program Files\dotnet\sdk\10.0.201\Microsoft.Common.CurrentVersion.targets(2451,5): warning MSB3277:           Project file item includes which caused reference "C:\Users\ultra\.nuget\packages\reactiveui.wpf\18.4.1\lib\net462\ReactiveUI.Wpf.dll". [C:\Users\ultra\warewolf\Dev\Dev2.Activities.Tests\Dev2.Activities.Tests.csproj]
C:\Program Files\dotnet\sdk\10.0.201\Microsoft.Common.CurrentVersion.targets(2451,5): warning MSB3277:             C:\Users\ultra\.nuget\packages\reactiveui.wpf\18.4.1\lib\net462\ReactiveUI.Wpf.dll [C:\Users\ultra\warewolf\Dev\Dev2.Activities.Tests\Dev2.Activities.Tests.csproj]
C:\Program Files\dotnet\sdk\10.0.201\Microsoft.Common.CurrentVersion.targets(2451,5): warning MSB3277: Found conflicts between different versions of "System.Drawing.Common" that could not be resolved. [C:\Users\ultra\warewolf\Dev\Dev2.Activities.Tests\Dev2.Activities.Tests.csproj]
C:\Program Files\dotnet\sdk\10.0.201\Microsoft.Common.CurrentVersion.targets(2451,5): warning MSB3277: There was a conflict between "System.Drawing.Common, Version=6.0.0.0, Culture=neutral, PublicKeyToken=cc7b13ffcd2ddd51" and "System.Drawing.Common, Version=8.0.0.0, Culture=neutral, PublicKeyToken=cc7b13ffcd2ddd51". [C:\Users\ultra\warewolf\Dev\Dev2.Activities.Tests\Dev2.Activities.Tests.csproj]
C:\Program Files\dotnet\sdk\10.0.201\Microsoft.Common.CurrentVersion.targets(2451,5): warning MSB3277:     "System.Drawing.Common, Version=6.0.0.0, Culture=neutral, PublicKeyToken=cc7b13ffcd2ddd51" was chosen because it was primary and "System.Drawing.Common, Version=8.0.0.0, Culture=neutral, PublicKeyToken=cc7b13ffcd2ddd51" was not. [C:\Users\ultra\warewolf\Dev\Dev2.Activities.Tests\Dev2.Activities.Tests.csproj]
C:\Program Files\dotnet\sdk\10.0.201\Microsoft.Common.CurrentVersion.targets(2451,5): warning MSB3277:     References which depend on "System.Drawing.Common, Version=6.0.0.0, Culture=neutral, PublicKeyToken=cc7b13ffcd2ddd51" [C:\Users\ultra\.nuget\packages\system.drawing.common\6.0.0\lib\net6.0\System.Drawing.Common.dll]. [C:\Users\ultra\warewolf\Dev\Dev2.Activities.Tests\Dev2.Activities.Tests.csproj]
C:\Program Files\dotnet\sdk\10.0.201\Microsoft.Common.CurrentVersion.targets(2451,5): warning MSB3277:         C:\Users\ultra\.nuget\packages\system.drawing.common\6.0.0\lib\net6.0\System.Drawing.Common.dll [C:\Users\ultra\warewolf\Dev\Dev2.Activities.Tests\Dev2.Activities.Tests.csproj]
C:\Program Files\dotnet\sdk\10.0.201\Microsoft.Common.CurrentVersion.targets(2451,5): warning MSB3277:           Project file item includes which caused reference "C:\Users\ultra\.nuget\packages\system.drawing.common\6.0.0\lib\net6.0\System.Drawing.Common.dll". [C:\Users\ultra\warewolf\Dev\Dev2.Activities.Tests\Dev2.Activities.Tests.csproj]
C:\Program Files\dotnet\sdk\10.0.201\Microsoft.Common.CurrentVersion.targets(2451,5): warning MSB3277:             C:\Users\ultra\.nuget\packages\system.drawing.common\6.0.0\lib\net6.0\System.Drawing.Common.dll [C:\Users\ultra\warewolf\Dev\Dev2.Activities.Tests\Dev2.Activities.Tests.csproj]
C:\Program Files\dotnet\sdk\10.0.201\Microsoft.Common.CurrentVersion.targets(2451,5): warning MSB3277:     References which depend on or have been unified to "System.Drawing.Common, Version=8.0.0.0, Culture=neutral, PublicKeyToken=cc7b13ffcd2ddd51" []. [C:\Users\ultra\warewolf\Dev\Dev2.Activities.Tests\Dev2.Activities.Tests.csproj]
C:\Program Files\dotnet\sdk\10.0.201\Microsoft.Common.CurrentVersion.targets(2451,5): warning MSB3277:         C:\Users\ultra\.nuget\packages\servicestack\6.3.0\lib\net6.0\ServiceStack.dll [C:\Users\ultra\warewolf\Dev\Dev2.Activities.Tests\Dev2.Activities.Tests.csproj]
C:\Program Files\dotnet\sdk\10.0.201\Microsoft.Common.CurrentVersion.targets(2451,5): warning MSB3277:           Project file item includes which caused reference "C:\Users\ultra\.nuget\packages\servicestack\6.3.0\lib\net6.0\ServiceStack.dll". [C:\Users\ultra\warewolf\Dev\Dev2.Activities.Tests\Dev2.Activities.Tests.csproj]
C:\Program Files\dotnet\sdk\10.0.201\Microsoft.Common.CurrentVersion.targets(2451,5): warning MSB3277:             C:\Users\ultra\.nuget\packages\servicestack\6.3.0\lib\net6.0\ServiceStack.dll [C:\Users\ultra\warewolf\Dev\Dev2.Activities.Tests\Dev2.Activities.Tests.csproj]
C:\Program Files\dotnet\sdk\10.0.201\Microsoft.Common.CurrentVersion.targets(2451,5): warning MSB3277:         C:\Users\ultra\.nuget\packages\system.windows.extensions\8.0.0\lib\net8.0\System.Windows.Extensions.dll [C:\Users\ultra\warewolf\Dev\Dev2.Activities.Tests\Dev2.Activities.Tests.csproj]
C:\Program Files\dotnet\sdk\10.0.201\Microsoft.Common.CurrentVersion.targets(2451,5): warning MSB3277:           Project file item includes which caused reference "C:\Users\ultra\.nuget\packages\system.windows.extensions\8.0.0\lib\net8.0\System.Windows.Extensions.dll". [C:\Users\ultra\warewolf\Dev\Dev2.Activities.Tests\Dev2.Activities.Tests.csproj]
C:\Program Files\dotnet\sdk\10.0.201\Microsoft.Common.CurrentVersion.targets(2451,5): warning MSB3277:             C:\Users\ultra\.nuget\packages\system.windows.extensions\8.0.0\lib\net8.0\System.Windows.Extensions.dll [C:\Users\ultra\warewolf\Dev\Dev2.Activities.Tests\Dev2.Activities.Tests.csproj]
C:\Program Files\dotnet\sdk\10.0.201\Microsoft.Common.CurrentVersion.targets(2451,5): warning MSB3277:             C:\Users\ultra\.nuget\packages\system.security.permissions\8.0.0\lib\net8.0\System.Security.Permissions.dll [C:\Users\ultra\warewolf\Dev\Dev2.Activities.Tests\Dev2.Activities.Tests.csproj]
C:\Program Files\dotnet\sdk\10.0.201\Microsoft.Common.CurrentVersion.targets(2451,5): warning MSB3277:             C:\Users\ultra\warewolf\Dev\Dev2.Data\bin\Debug\net8.0\Dev2.Data.dll [C:\Users\ultra\warewolf\Dev\Dev2.Activities.Tests\Dev2.Activities.Tests.csproj]
C:\Program Files\dotnet\sdk\10.0.201\Microsoft.Common.CurrentVersion.targets(2451,5): warning MSB3277:             C:\Users\ultra\warewolf\Dev\Dev2.Activities\bin\Debug\net8.0\Dev2.Activities.dll [C:\Users\ultra\warewolf\Dev\Dev2.Activities.Tests\Dev2.Activities.Tests.csproj]
C:\Program Files\dotnet\sdk\10.0.201\Microsoft.Common.CurrentVersion.targets(2451,5): warning MSB3277:             C:\Users\ultra\warewolf\Dev\Dev2.Common.Tests\bin\Debug\net8.0\Dev2.Common.Tests.dll [C:\Users\ultra\warewolf\Dev\Dev2.Activities.Tests\Dev2.Activities.Tests.csproj]
C:\Program Files\dotnet\sdk\10.0.201\Microsoft.Common.CurrentVersion.targets(2451,5): warning MSB3277:             C:\Users\ultra\warewolf\Dev\Dev2.Core\bin\Debug\net8.0\Dev2.Core.dll [C:\Users\ultra\warewolf\Dev\Dev2.Activities.Tests\Dev2.Activities.Tests.csproj]
C:\Program Files\dotnet\sdk\10.0.201\Microsoft.Common.CurrentVersion.targets(2451,5): warning MSB3277:             C:\Users\ultra\warewolf\Dev\Dev2.Infrastructure.Tests\bin\Debug\net8.0\linux-x64\Dev2.Infrastructure.Tests.dll [C:\Users\ultra\warewolf\Dev\Dev2.Activities.Tests\Dev2.Activities.Tests.csproj]
C:\Program Files\dotnet\sdk\10.0.201\Microsoft.Common.CurrentVersion.targets(2451,5): warning MSB3277:             C:\Users\ultra\warewolf\Dev\Dev2.Runtime.Services\bin\Debug\net8.0\Dev2.Runtime.Services.dll [C:\Users\ultra\warewolf\Dev\Dev2.Activities.Tests\Dev2.Activities.Tests.csproj]
C:\Program Files\dotnet\sdk\10.0.201\Microsoft.Common.CurrentVersion.targets(2451,5): warning MSB3277:             C:\Users\ultra\warewolf\Dev\Dev2.Runtime\bin\Debug\net8.0\Dev2.Runtime.dll [C:\Users\ultra\warewolf\Dev\Dev2.Activities.Tests\Dev2.Activities.Tests.csproj]
C:\Program Files\dotnet\sdk\10.0.201\Microsoft.Common.CurrentVersion.targets(2451,5): warning MSB3277:             C:\Users\ultra\warewolf\Dev\Dev2.Services.Execution\bin\Debug\net8.0\Dev2.Services.Execution.dll [C:\Users\ultra\warewolf\Dev\Dev2.Activities.Tests\Dev2.Activities.Tests.csproj]
C:\Program Files\dotnet\sdk\10.0.201\Microsoft.Common.CurrentVersion.targets(2451,5): warning MSB3277:             C:\Users\ultra\warewolf\Dev\Dev2.Studio.Interfaces\bin\Debug\net8.0\Dev2.Studio.Interfaces.dll [C:\Users\ultra\warewolf\Dev\Dev2.Activities.Tests\Dev2.Activities.Tests.csproj]
C:\Program Files\dotnet\sdk\10.0.201\Microsoft.Common.CurrentVersion.targets(2451,5): warning MSB3277:             C:\Users\ultra\warewolf\Dev\Warewolf.Core.Tests\bin\Debug\net8.0\linux-x64\Warewolf.Core.Tests.dll [C:\Users\ultra\warewolf\Dev\Dev2.Activities.Tests\Dev2.Activities.Tests.csproj]
C:\Program Files\dotnet\sdk\10.0.201\Microsoft.Common.CurrentVersion.targets(2451,5): warning MSB3277:             C:\Users\ultra\warewolf\Dev\Warewolf.Core\bin\Debug\net8.0\Warewolf.Core.dll [C:\Users\ultra\warewolf\Dev\Dev2.Activities.Tests\Dev2.Activities.Tests.csproj]
C:\Program Files\dotnet\sdk\10.0.201\Microsoft.Common.CurrentVersion.targets(2451,5): warning MSB3277:             C:\Users\ultra\warewolf\Dev\Dev2.Runtime.WebServer\bin\Debug\net8.0\Dev2.Runtime.WebServer.dll [C:\Users\ultra\warewolf\Dev\Dev2.Activities.Tests\Dev2.Activities.Tests.csproj]
C:\Program Files\dotnet\sdk\10.0.201\Microsoft.Common.CurrentVersion.targets(2451,5): warning MSB3277:             C:\Users\ultra\warewolf\Dev\Dev2.Scheduler\bin\Debug\net8.0\Dev2.Scheduler.dll [C:\Users\ultra\warewolf\Dev\Dev2.Activities.Tests\Dev2.Activities.Tests.csproj]
C:\Program Files\dotnet\sdk\10.0.201\Microsoft.Common.CurrentVersion.targets(2451,5): warning MSB3277:             C:\Users\ultra\warewolf\Dev\Dev2.Studio.Core\bin\Debug\net8.0\Dev2.Studio.Core.dll [C:\Users\ultra\warewolf\Dev\Dev2.Activities.Tests\Dev2.Activities.Tests.csproj]
C:\Program Files\dotnet\sdk\10.0.201\Microsoft.Common.CurrentVersion.targets(2451,5): warning MSB3277:             C:\Users\ultra\warewolf\Dev\Warewolf.Auditing\bin\Debug\net8.0\Warewolf.Auditing.dll [C:\Users\ultra\warewolf\Dev\Dev2.Activities.Tests\Dev2.Activities.Tests.csproj]
C:\Program Files\dotnet\sdk\10.0.201\Microsoft.Common.CurrentVersion.targets(2451,5): warning MSB3277:             C:\Users\ultra\warewolf\Dev\Warewolf.Common.Framework48\bin\Debug\net8.0\Warewolf.Common.Framework48.dll [C:\Users\ultra\warewolf\Dev\Dev2.Activities.Tests\Dev2.Activities.Tests.csproj]
C:\Program Files\dotnet\sdk\10.0.201\Microsoft.Common.CurrentVersion.targets(2451,5): warning MSB3277:             C:\Users\ultra\warewolf\Dev\Warewolf.Common.NetStandard20\bin\Debug\net8.0\Warewolf.Common.NetStandard20.dll [C:\Users\ultra\warewolf\Dev\Dev2.Activities.Tests\Dev2.Activities.Tests.csproj]
C:\Program Files\dotnet\sdk\10.0.201\Microsoft.Common.CurrentVersion.targets(2451,5): warning MSB3277:             C:\Users\ultra\warewolf\Dev\Warewolf.Driver.Persistence\bin\Debug\net8.0\Warewolf.Driver.Persistence.dll [C:\Users\ultra\warewolf\Dev\Dev2.Activities.Tests\Dev2.Activities.Tests.csproj]
C:\Program Files\dotnet\sdk\10.0.201\Microsoft.Common.CurrentVersion.targets(2451,5): warning MSB3277:             C:\Users\ultra\warewolf\Dev\Warewolf.Exchange.Email.Wrapper\bin\Debug\net8.0\Warewolf.Exchange.Email.Wrapper.dll [C:\Users\ultra\warewolf\Dev\Dev2.Activities.Tests\Dev2.Activities.Tests.csproj]
C:\Program Files\dotnet\sdk\10.0.201\Microsoft.Common.CurrentVersion.targets(2451,5): warning MSB3277:             C:\Users\ultra\warewolf\Dev\Warewolf.ResourceManagement\bin\Debug\net8.0\Warewolf.ResourceManagement.dll [C:\Users\ultra\warewolf\Dev\Dev2.Activities.Tests\Dev2.Activities.Tests.csproj]
C:\Program Files\dotnet\sdk\10.0.201\Microsoft.Common.CurrentVersion.targets(2451,5): warning MSB3277:             C:\Users\ultra\warewolf\Dev\Warewolf.Studio.Core\bin\Debug\net8.0\Warewolf.Studio.Core.dll [C:\Users\ultra\warewolf\Dev\Dev2.Activities.Tests\Dev2.Activities.Tests.csproj]
C:\Program Files\dotnet\sdk\10.0.201\Microsoft.Common.CurrentVersion.targets(2451,5): warning MSB3277:             C:\Users\ultra\warewolf\Dev\Warewolf.Testing\bin\Debug\net8.0\Warewolf.Testing.dll [C:\Users\ultra\warewolf\Dev\Dev2.Activities.Tests\Dev2.Activities.Tests.csproj]
C:\Program Files\dotnet\sdk\10.0.201\Microsoft.Common.CurrentVersion.targets(2451,5): warning MSB3277:             C:\Users\ultra\.nuget\packages\dotnetzip\1.16.0\lib\netstandard2.0\DotNetZip.dll [C:\Users\ultra\warewolf\Dev\Dev2.Activities.Tests\Dev2.Activities.Tests.csproj]
C:\Program Files\dotnet\sdk\10.0.201\Microsoft.Common.CurrentVersion.targets(2451,5): warning MSB3277:             C:\Users\ultra\warewolf\Dev\Dev2.Common\bin\Debug\net8.0\Dev2.Common.dll [C:\Users\ultra\warewolf\Dev\Dev2.Activities.Tests\Dev2.Activities.Tests.csproj]
C:\Program Files\dotnet\sdk\10.0.201\Microsoft.Common.CurrentVersion.targets(2451,5): warning MSB3277:             C:\Users\ultra\warewolf\Dev\Dev2.Data.Interfaces\bin\Debug\net8.0\Dev2.Data.Interfaces.dll [C:\Users\ultra\warewolf\Dev\Dev2.Activities.Tests\Dev2.Activities.Tests.csproj]
C:\Program Files\dotnet\sdk\10.0.201\Microsoft.Common.CurrentVersion.targets(2451,5): warning MSB3277:             C:\Users\ultra\warewolf\Dev\Dev2.Development.Languages\bin\Debug\net8.0\Dev2.Development.Languages.dll [C:\Users\ultra\warewolf\Dev\Dev2.Activities.Tests\Dev2.Activities.Tests.csproj]
C:\Program Files\dotnet\sdk\10.0.201\Microsoft.Common.CurrentVersion.targets(2451,5): warning MSB3277:             C:\Users\ultra\warewolf\Dev\Dev2.Diagnostics\bin\Debug\net8.0\Dev2.Diagnostics.dll [C:\Users\ultra\warewolf\Dev\Dev2.Activities.Tests\Dev2.Activities.Tests.csproj]
C:\Program Files\dotnet\sdk\10.0.201\Microsoft.Common.CurrentVersion.targets(2451,5): warning MSB3277:             C:\Users\ultra\warewolf\Dev\Dev2.Infrastructure\bin\Debug\net8.0\Dev2.Infrastructure.dll [C:\Users\ultra\warewolf\Dev\Dev2.Activities.Tests\Dev2.Activities.Tests.csproj]
C:\Program Files\dotnet\sdk\10.0.201\Microsoft.Common.CurrentVersion.targets(2451,5): warning MSB3277:             C:\Users\ultra\warewolf\Dev\Dev2.Services.Sql\bin\Debug\net8.0\Dev2.Services.Sql.dll [C:\Users\ultra\warewolf\Dev\Dev2.Activities.Tests\Dev2.Activities.Tests.csproj]
C:\Program Files\dotnet\sdk\10.0.201\Microsoft.Common.CurrentVersion.targets(2451,5): warning MSB3277:             C:\Users\ultra\warewolf\Dev\Dev2.Util\bin\Debug\net8.0\Dev2.Util.dll [C:\Users\ultra\warewolf\Dev\Dev2.Activities.Tests\Dev2.Activities.Tests.csproj]
C:\Program Files\dotnet\sdk\10.0.201\Microsoft.Common.CurrentVersion.targets(2451,5): warning MSB3277:             C:\Users\ultra\warewolf\Dev\Warewolf.Sharepoint\bin\Debug\net8.0\Warewolf.Sharepoint.dll [C:\Users\ultra\warewolf\Dev\Dev2.Activities.Tests\Dev2.Activities.Tests.csproj]
C:\Program Files\dotnet\sdk\10.0.201\Microsoft.Common.CurrentVersion.targets(2451,5): warning MSB3277:             C:\Users\ultra\warewolf\Dev\Warewolf.Storage\bin\Debug\net8.0\Warewolf.Storage.dll [C:\Users\ultra\warewolf\Dev\Dev2.Activities.Tests\Dev2.Activities.Tests.csproj]
C:\Program Files\dotnet\sdk\10.0.201\Microsoft.Common.CurrentVersion.targets(2451,5): warning MSB3277:             C:\Users\ultra\warewolf\Dev\Dev2.TaskScheduler.Wrappers\bin\Debug\net8.0\Dev2.TaskScheduler.Wrappers.dll [C:\Users\ultra\warewolf\Dev\Dev2.Activities.Tests\Dev2.Activities.Tests.csproj]
C:\Program Files\dotnet\sdk\10.0.201\Microsoft.Common.CurrentVersion.targets(2451,5): warning MSB3277:             C:\Users\ultra\warewolf\Dev\Warewolf.AI.Harness\bin\Debug\net8.0\Warewolf.AI.Harness.dll [C:\Users\ultra\warewolf\Dev\Dev2.Activities.Tests\Dev2.Activities.Tests.csproj]
C:\Program Files\dotnet\sdk\10.0.201\Microsoft.Common.CurrentVersion.targets(2451,5): warning MSB3277:             C:\Users\ultra\warewolf\Dev\Warewolf.Driver.Serilog\bin\Debug\net8.0\Warewolf.Driver.Serilog.dll [C:\Users\ultra\warewolf\Dev\Dev2.Activities.Tests\Dev2.Activities.Tests.csproj]
C:\Program Files\dotnet\sdk\10.0.201\Microsoft.Common.CurrentVersion.targets(2451,5): warning MSB3277:             C:\Users\ultra\.nuget\packages\mindbox.data.linq\5.0.0\lib\netstandard2.0\Mindbox.Data.Linq.dll [C:\Users\ultra\warewolf\Dev\Dev2.Activities.Tests\Dev2.Activities.Tests.csproj]
C:\Program Files\dotnet\sdk\10.0.201\Microsoft.Common.CurrentVersion.targets(2451,5): warning MSB3277:             C:\Users\ultra\.nuget\packages\mysql.data\8.4.0\lib\net8.0\MySql.Data.dll [C:\Users\ultra\warewolf\Dev\Dev2.Activities.Tests\Dev2.Activities.Tests.csproj]
C:\Program Files\dotnet\sdk\10.0.201\Microsoft.Common.CurrentVersion.targets(2451,5): warning MSB3277:             C:\Users\ultra\.nuget\packages\oracle.manageddataaccess.core\3.21.70\lib\netstandard2.1\Oracle.ManagedDataAccess.dll [C:\Users\ultra\warewolf\Dev\Dev2.Activities.Tests\Dev2.Activities.Tests.csproj]
C:\Program Files\dotnet\sdk\10.0.201\Microsoft.Common.CurrentVersion.targets(2451,5): warning MSB3277:             C:\Users\ultra\.nuget\packages\system.directoryservices\6.0.0\lib\net6.0\System.DirectoryServices.dll [C:\Users\ultra\warewolf\Dev\Dev2.Activities.Tests\Dev2.Activities.Tests.csproj]
C:\Program Files\dotnet\sdk\10.0.201\Microsoft.Common.CurrentVersion.targets(2451,5): warning MSB3277:             C:\Users\ultra\.nuget\packages\corewcf.primitives\1.2.1\lib\netstandard2.0\CoreWCF.Primitives.dll [C:\Users\ultra\warewolf\Dev\Dev2.Activities.Tests\Dev2.Activities.Tests.csproj]
C:\Program Files\dotnet\sdk\10.0.201\Microsoft.Common.CurrentVersion.targets(2451,5): warning MSB3277:             C:\Users\ultra\.nuget\packages\corewcf.http\1.2.1\lib\netstandard2.0\CoreWCF.Http.dll [C:\Users\ultra\warewolf\Dev\Dev2.Activities.Tests\Dev2.Activities.Tests.csproj]
C:\Program Files\dotnet\sdk\10.0.201\Microsoft.Common.CurrentVersion.targets(2451,5): warning MSB3277:             C:\Users\ultra\.nuget\packages\corewcf.nettcp\1.2.1\lib\netstandard2.0\CoreWCF.NetTcp.dll [C:\Users\ultra\warewolf\Dev\Dev2.Activities.Tests\Dev2.Activities.Tests.csproj]
C:\Program Files\dotnet\sdk\10.0.201\Microsoft.Common.CurrentVersion.targets(2451,5): warning MSB3277:             C:\Users\ultra\.nuget\packages\corewcf.webhttp\1.2.1\lib\netstandard2.0\CoreWCF.WebHttp.dll [C:\Users\ultra\warewolf\Dev\Dev2.Activities.Tests\Dev2.Activities.Tests.csproj]
C:\Program Files\dotnet\sdk\10.0.201\Microsoft.Common.CurrentVersion.targets(2451,5): warning MSB3277:             C:\Program Files\dotnet\packs\Microsoft.NETCore.App.Ref\8.0.25\ref/net8.0/System.Configuration.dll [C:\Users\ultra\warewolf\Dev\Dev2.Activities.Tests\Dev2.Activities.Tests.csproj]
C:\Program Files\dotnet\sdk\10.0.201\Microsoft.Common.CurrentVersion.targets(2451,5): warning MSB3277:             C:\Users\ultra\.nuget\packages\prism.wpf\9.0.537\lib\net462\Prism.Wpf.dll [C:\Users\ultra\warewolf\Dev\Dev2.Activities.Tests\Dev2.Activities.Tests.csproj]
C:\Program Files\dotnet\sdk\10.0.201\Microsoft.Common.CurrentVersion.targets(2451,5): warning MSB3277:             C:\Program Files\dotnet\packs\Microsoft.NETCore.App.Ref\8.0.25\ref/net8.0/System.Data.dll [C:\Users\ultra\warewolf\Dev\Dev2.Activities.Tests\Dev2.Activities.Tests.csproj]
C:\Program Files\dotnet\sdk\10.0.201\Microsoft.Common.CurrentVersion.targets(2451,5): warning MSB3277:             C:\Users\ultra\.nuget\packages\taskschedulereditor\2.10.1\lib\net452\Microsoft.Win32.TaskSchedulerEditor.dll [C:\Users\ultra\warewolf\Dev\Dev2.Activities.Tests\Dev2.Activities.Tests.csproj]
C:\Program Files\dotnet\sdk\10.0.201\Microsoft.Common.CurrentVersion.targets(2451,5): warning MSB3277:             C:\Program Files\dotnet\packs\Microsoft.NETCore.App.Ref\8.0.25\ref/net8.0/System.Drawing.dll [C:\Users\ultra\warewolf\Dev\Dev2.Activities.Tests\Dev2.Activities.Tests.csproj]
C:\Program Files\dotnet\sdk\10.0.201\Microsoft.Common.CurrentVersion.targets(2451,5): warning MSB3277:             C:\Users\ultra\.nuget\packages\aerowizard\2.3.1\lib\net45\AeroWizard.dll [C:\Users\ultra\warewolf\Dev\Dev2.Activities.Tests\Dev2.Activities.Tests.csproj]
C:\Program Files\dotnet\sdk\10.0.201\Microsoft.Common.CurrentVersion.targets(2451,5): warning MSB3277:             C:\Users\ultra\.nuget\packages\groupcontrols\1.9.0\lib\net45\GroupControls.dll [C:\Users\ultra\warewolf\Dev\Dev2.Activities.Tests\Dev2.Activities.Tests.csproj]
C:\Program Files\dotnet\sdk\10.0.201\Microsoft.Common.CurrentVersion.targets(2451,5): warning MSB3277:             C:\Program Files\dotnet\packs\Microsoft.NETCore.App.Ref\8.0.25\ref/net8.0/System.Net.dll [C:\Users\ultra\warewolf\Dev\Dev2.Activities.Tests\Dev2.Activities.Tests.csproj]
C:\Program Files\dotnet\sdk\10.0.201\Microsoft.Common.CurrentVersion.targets(2451,5): warning MSB3277:             C:\Program Files\dotnet\packs\Microsoft.NETCore.App.Ref\8.0.25\ref/net8.0/System.Security.dll [C:\Users\ultra\warewolf\Dev\Dev2.Activities.Tests\Dev2.Activities.Tests.csproj]
C:\Program Files\dotnet\sdk\10.0.201\Microsoft.Common.CurrentVersion.targets(2451,5): warning MSB3277:             C:\Program Files\dotnet\packs\Microsoft.NETCore.App.Ref\8.0.25\ref/net8.0/System.ServiceProcess.dll [C:\Users\ultra\warewolf\Dev\Dev2.Activities.Tests\Dev2.Activities.Tests.csproj]
C:\Program Files\dotnet\sdk\10.0.201\Microsoft.Common.CurrentVersion.targets(2451,5): warning MSB3277:             C:\Program Files\dotnet\packs\Microsoft.NETCore.App.Ref\8.0.25\ref/net8.0/System.Transactions.dll [C:\Users\ultra\warewolf\Dev\Dev2.Activities.Tests\Dev2.Activities.Tests.csproj]
C:\Program Files\dotnet\sdk\10.0.201\Microsoft.Common.CurrentVersion.targets(2451,5): warning MSB3277:             C:\Program Files\dotnet\packs\Microsoft.NETCore.App.Ref\8.0.25\ref/net8.0/System.dll [C:\Users\ultra\warewolf\Dev\Dev2.Activities.Tests\Dev2.Activities.Tests.csproj]
C:\Program Files\dotnet\sdk\10.0.201\Microsoft.Common.CurrentVersion.targets(2451,5): warning MSB3277:             C:\Users\ultra\.nuget\packages\microsoft.xaml.behaviors.wpf\1.1.122\lib\net462\Microsoft.Xaml.Behaviors.dll [C:\Users\ultra\warewolf\Dev\Dev2.Activities.Tests\Dev2.Activities.Tests.csproj]
C:\Program Files\dotnet\sdk\10.0.201\Microsoft.Common.CurrentVersion.targets(2451,5): warning MSB3277:             C:\Users\ultra\.nuget\packages\caliburn.micro\4.0.212\lib\netcoreapp3.1\Caliburn.Micro.Platform.dll [C:\Users\ultra\warewolf\Dev\Dev2.Activities.Tests\Dev2.Activities.Tests.csproj]
C:\Program Files\dotnet\sdk\10.0.201\Microsoft.Common.CurrentVersion.targets(2451,5): warning MSB3277:             C:\Users\ultra\.nuget\packages\reactiveui.wpf\18.4.1\lib\net462\ReactiveUI.Wpf.dll [C:\Users\ultra\warewolf\Dev\Dev2.Activities.Tests\Dev2.Activities.Tests.csproj]
C:\Program Files\dotnet\sdk\10.0.201\Microsoft.Common.CurrentVersion.targets(2451,5): warning MSB3277:             C:\Users\ultra\.nuget\packages\ttcue.netcore.sharepointonline.csom.16.1.8029.1200\16.1.8029.1200\lib\netcoreapp2.0\Microsoft.SharePoint.Client.Runtime.Windows.dll [C:\Users\ultra\warewolf\Dev\Dev2.Activities.Tests\Dev2.Activities.Tests.csproj]
C:\Program Files\dotnet\sdk\10.0.201\Microsoft.Common.CurrentVersion.targets(2451,5): warning MSB3277:             C:\Program Files\dotnet\packs\Microsoft.NETCore.App.Ref\8.0.25\ref/net8.0/WindowsBase.dll [C:\Users\ultra\warewolf\Dev\Dev2.Activities.Tests\Dev2.Activities.Tests.csproj]
C:\Program Files\dotnet\sdk\10.0.201\Microsoft.Common.CurrentVersion.targets(2451,5): warning MSB3277:             C:\Program Files\dotnet\packs\Microsoft.NETCore.App.Ref\8.0.25\ref/net8.0/mscorlib.dll [C:\Users\ultra\warewolf\Dev\Dev2.Activities.Tests\Dev2.Activities.Tests.csproj]
C:\Program Files\dotnet\sdk\10.0.201\Microsoft.Common.CurrentVersion.targets(2451,5): warning MSB3277:             C:\Users\ultra\.nuget\packages\hangfire.core\1.7.32\lib\netstandard2.0\Hangfire.Core.dll [C:\Users\ultra\warewolf\Dev\Dev2.Activities.Tests\Dev2.Activities.Tests.csproj]
C:\Program Files\dotnet\sdk\10.0.201\Microsoft.Common.CurrentVersion.targets(2451,5): warning MSB3277:             C:\Users\ultra\.nuget\packages\hangfire.sqlserver\1.7.32\lib\netstandard2.0\Hangfire.SqlServer.dll [C:\Users\ultra\warewolf\Dev\Dev2.Activities.Tests\Dev2.Activities.Tests.csproj]
C:\Program Files\dotnet\sdk\10.0.201\Microsoft.Common.CurrentVersion.targets(2451,5): warning MSB3277:             C:\Users\ultra\.nuget\packages\microsoft.codecoverage\17.13.0\lib\netcoreapp3.1\Microsoft.VisualStudio.CodeCoverage.Shim.dll [C:\Users\ultra\warewolf\Dev\Dev2.Activities.Tests\Dev2.Activities.Tests.csproj]
C:\Program Files\dotnet\sdk\10.0.201\Microsoft.Common.CurrentVersion.targets(2451,5): warning MSB3277:         C:\Program Files\dotnet\packs\Microsoft.NETCore.App.Ref\8.0.25\ref\net8.0\System.Drawing.dll [C:\Users\ultra\warewolf\Dev\Dev2.Activities.Tests\Dev2.Activities.Tests.csproj]
C:\Program Files\dotnet\sdk\10.0.201\Microsoft.Common.CurrentVersion.targets(2451,5): warning MSB3277:           Project file item includes which caused reference "C:\Program Files\dotnet\packs\Microsoft.NETCore.App.Ref\8.0.25\ref\net8.0\System.Drawing.dll". [C:\Users\ultra\warewolf\Dev\Dev2.Activities.Tests\Dev2.Activities.Tests.csproj]
C:\Program Files\dotnet\sdk\10.0.201\Microsoft.Common.CurrentVersion.targets(2451,5): warning MSB3277:             C:\Program Files\dotnet\packs\Microsoft.NETCore.App.Ref\8.0.25\ref/net8.0/System.Drawing.dll [C:\Users\ultra\warewolf\Dev\Dev2.Activities.Tests\Dev2.Activities.Tests.csproj]
C:\Program Files\dotnet\sdk\10.0.201\Microsoft.Common.CurrentVersion.targets(2451,5): warning MSB3277:             C:\Users\ultra\.nuget\packages\aerowizard\2.3.1\lib\net45\AeroWizard.dll [C:\Users\ultra\warewolf\Dev\Dev2.Activities.Tests\Dev2.Activities.Tests.csproj]
C:\Program Files\dotnet\sdk\10.0.201\Microsoft.Common.CurrentVersion.targets(2451,5): warning MSB3277:             C:\Users\ultra\.nuget\packages\groupcontrols\1.9.0\lib\net45\GroupControls.dll [C:\Users\ultra\warewolf\Dev\Dev2.Activities.Tests\Dev2.Activities.Tests.csproj]
C:\Program Files\dotnet\sdk\10.0.201\Microsoft.Common.CurrentVersion.targets(2451,5): warning MSB3277:             C:\Users\ultra\.nuget\packages\taskschedulereditor\2.10.1\lib\net452\Microsoft.Win32.TaskSchedulerEditor.dll [C:\Users\ultra\warewolf\Dev\Dev2.Activities.Tests\Dev2.Activities.Tests.csproj]
C:\Program Files\dotnet\sdk\10.0.201\Sdks\Microsoft.NET.Sdk\targets\Microsoft.NET.Sdk.targets(308,5): warning NETSDK1206: Found version-specific or distribution-specific runtime identifier(s): win10-x64, win10-x86, win7-x64, win7-x86, win8-x64, win8-x86, win81-x64, win81-x86. Affected libraries: Microsoft.Management.Infrastructure.Runtime.Win, SQLite. In .NET 8.0 and higher, assets for version-specific and distribution-specific runtime identifiers will not be found by default. See https://aka.ms/dotnet/rid-usage for details. [C:\Users\ultra\warewolf\Dev\Warewolf.Studio.AntiCorruptionLayer\Warewolf.Studio.AntiCorruptionLayer.csproj]
  Warewolf.Studio.AntiCorruptionLayer -> C:\Users\ultra\warewolf\Dev\Warewolf.Studio.AntiCorruptionLayer\bin\Debug\net8.0\Warewolf.Studio.AntiCorruptionLayer.dll
C:\Program Files\dotnet\sdk\10.0.201\Microsoft.Common.CurrentVersion.targets(2451,5): warning MSB3277: Found conflicts between different versions of "WindowsBase" that could not be resolved. [C:\Users\ultra\warewolf\Dev\Dev2.Diagnostics.Tests\Dev2.Diagnostics.Tests.csproj]
C:\Program Files\dotnet\sdk\10.0.201\Microsoft.Common.CurrentVersion.targets(2451,5): warning MSB3277: There was a conflict between "WindowsBase, Version=4.0.0.0, Culture=neutral, PublicKeyToken=31bf3856ad364e35" and "WindowsBase, Version=6.0.2.0, Culture=neutral, PublicKeyToken=31bf3856ad364e35". [C:\Users\ultra\warewolf\Dev\Dev2.Diagnostics.Tests\Dev2.Diagnostics.Tests.csproj]
C:\Program Files\dotnet\sdk\10.0.201\Microsoft.Common.CurrentVersion.targets(2451,5): warning MSB3277:     "WindowsBase, Version=4.0.0.0, Culture=neutral, PublicKeyToken=31bf3856ad364e35" was chosen because it was primary and "WindowsBase, Version=6.0.2.0, Culture=neutral, PublicKeyToken=31bf3856ad364e35" was not. [C:\Users\ultra\warewolf\Dev\Dev2.Diagnostics.Tests\Dev2.Diagnostics.Tests.csproj]
C:\Program Files\dotnet\sdk\10.0.201\Microsoft.Common.CurrentVersion.targets(2451,5): warning MSB3277:     References which depend on "WindowsBase, Version=4.0.0.0, Culture=neutral, PublicKeyToken=31bf3856ad364e35" [C:\Program Files\dotnet\packs\Microsoft.NETCore.App.Ref\8.0.25\ref\net8.0\WindowsBase.dll]. [C:\Users\ultra\warewolf\Dev\Dev2.Diagnostics.Tests\Dev2.Diagnostics.Tests.csproj]
C:\Program Files\dotnet\sdk\10.0.201\Microsoft.Common.CurrentVersion.targets(2451,5): warning MSB3277:         C:\Program Files\dotnet\packs\Microsoft.NETCore.App.Ref\8.0.25\ref\net8.0\WindowsBase.dll [C:\Users\ultra\warewolf\Dev\Dev2.Diagnostics.Tests\Dev2.Diagnostics.Tests.csproj]
C:\Program Files\dotnet\sdk\10.0.201\Microsoft.Common.CurrentVersion.targets(2451,5): warning MSB3277:           Project file item includes which caused reference "C:\Program Files\dotnet\packs\Microsoft.NETCore.App.Ref\8.0.25\ref\net8.0\WindowsBase.dll". [C:\Users\ultra\warewolf\Dev\Dev2.Diagnostics.Tests\Dev2.Diagnostics.Tests.csproj]
C:\Program Files\dotnet\sdk\10.0.201\Microsoft.Common.CurrentVersion.targets(2451,5): warning MSB3277:             C:\Program Files\dotnet\packs\Microsoft.NETCore.App.Ref\8.0.25\ref/net8.0/WindowsBase.dll [C:\Users\ultra\warewolf\Dev\Dev2.Diagnostics.Tests\Dev2.Diagnostics.Tests.csproj]
C:\Program Files\dotnet\sdk\10.0.201\Microsoft.Common.CurrentVersion.targets(2451,5): warning MSB3277:     References which depend on or have been unified to "WindowsBase, Version=6.0.2.0, Culture=neutral, PublicKeyToken=31bf3856ad364e35" []. [C:\Users\ultra\warewolf\Dev\Dev2.Diagnostics.Tests\Dev2.Diagnostics.Tests.csproj]
C:\Program Files\dotnet\sdk\10.0.201\Microsoft.Common.CurrentVersion.targets(2451,5): warning MSB3277:         C:\Users\ultra\.nuget\packages\caliburn.micro\4.0.212\lib\netcoreapp3.1\Caliburn.Micro.Platform.dll [C:\Users\ultra\warewolf\Dev\Dev2.Diagnostics.Tests\Dev2.Diagnostics.Tests.csproj]
C:\Program Files\dotnet\sdk\10.0.201\Microsoft.Common.CurrentVersion.targets(2451,5): warning MSB3277:           Project file item includes which caused reference "C:\Users\ultra\.nuget\packages\caliburn.micro\4.0.212\lib\netcoreapp3.1\Caliburn.Micro.Platform.dll". [C:\Users\ultra\warewolf\Dev\Dev2.Diagnostics.Tests\Dev2.Diagnostics.Tests.csproj]
C:\Program Files\dotnet\sdk\10.0.201\Microsoft.Common.CurrentVersion.targets(2451,5): warning MSB3277:             C:\Users\ultra\.nuget\packages\caliburn.micro\4.0.212\lib\netcoreapp3.1\Caliburn.Micro.Platform.dll [C:\Users\ultra\warewolf\Dev\Dev2.Diagnostics.Tests\Dev2.Diagnostics.Tests.csproj]
C:\Program Files\dotnet\sdk\10.0.201\Microsoft.Common.CurrentVersion.targets(2451,5): warning MSB3277:         C:\Users\ultra\.nuget\packages\ironpython\3.4.0\lib\net6.0\IronPython.Wpf.dll [C:\Users\ultra\warewolf\Dev\Dev2.Diagnostics.Tests\Dev2.Diagnostics.Tests.csproj]
C:\Program Files\dotnet\sdk\10.0.201\Microsoft.Common.CurrentVersion.targets(2451,5): warning MSB3277:           Project file item includes which caused reference "C:\Users\ultra\.nuget\packages\ironpython\3.4.0\lib\net6.0\IronPython.Wpf.dll". [C:\Users\ultra\warewolf\Dev\Dev2.Diagnostics.Tests\Dev2.Diagnostics.Tests.csproj]
C:\Program Files\dotnet\sdk\10.0.201\Microsoft.Common.CurrentVersion.targets(2451,5): warning MSB3277:             C:\Users\ultra\.nuget\packages\ironpython\3.4.0\lib\net6.0\IronPython.Wpf.dll [C:\Users\ultra\warewolf\Dev\Dev2.Diagnostics.Tests\Dev2.Diagnostics.Tests.csproj]
C:\Program Files\dotnet\sdk\10.0.201\Microsoft.Common.CurrentVersion.targets(2451,5): warning MSB3277:         C:\Users\ultra\.nuget\packages\microsoft.xaml.behaviors.wpf\1.1.122\lib\net462\Microsoft.Xaml.Behaviors.dll [C:\Users\ultra\warewolf\Dev\Dev2.Diagnostics.Tests\Dev2.Diagnostics.Tests.csproj]
C:\Program Files\dotnet\sdk\10.0.201\Microsoft.Common.CurrentVersion.targets(2451,5): warning MSB3277:           Project file item includes which caused reference "C:\Users\ultra\.nuget\packages\microsoft.xaml.behaviors.wpf\1.1.122\lib\net462\Microsoft.Xaml.Behaviors.dll". [C:\Users\ultra\warewolf\Dev\Dev2.Diagnostics.Tests\Dev2.Diagnostics.Tests.csproj]
C:\Program Files\dotnet\sdk\10.0.201\Microsoft.Common.CurrentVersion.targets(2451,5): warning MSB3277:             C:\Users\ultra\.nuget\packages\microsoft.xaml.behaviors.wpf\1.1.122\lib\net462\Microsoft.Xaml.Behaviors.dll [C:\Users\ultra\warewolf\Dev\Dev2.Diagnostics.Tests\Dev2.Diagnostics.Tests.csproj]
C:\Program Files\dotnet\sdk\10.0.201\Microsoft.Common.CurrentVersion.targets(2451,5): warning MSB3277:             C:\Users\ultra\.nuget\packages\caliburn.micro\4.0.212\lib\netcoreapp3.1\Caliburn.Micro.Platform.dll [C:\Users\ultra\warewolf\Dev\Dev2.Diagnostics.Tests\Dev2.Diagnostics.Tests.csproj]
C:\Program Files\dotnet\sdk\10.0.201\Microsoft.Common.CurrentVersion.targets(2451,5): warning MSB3277:             C:\Users\ultra\.nuget\packages\prism.wpf\9.0.537\lib\net462\Prism.Wpf.dll [C:\Users\ultra\warewolf\Dev\Dev2.Diagnostics.Tests\Dev2.Diagnostics.Tests.csproj]
C:\Program Files\dotnet\sdk\10.0.201\Microsoft.Common.CurrentVersion.targets(2451,5): warning MSB3277:         C:\Users\ultra\.nuget\packages\prism.wpf\9.0.537\lib\net462\Prism.Wpf.dll [C:\Users\ultra\warewolf\Dev\Dev2.Diagnostics.Tests\Dev2.Diagnostics.Tests.csproj]
C:\Program Files\dotnet\sdk\10.0.201\Microsoft.Common.CurrentVersion.targets(2451,5): warning MSB3277:           Project file item includes which caused reference "C:\Users\ultra\.nuget\packages\prism.wpf\9.0.537\lib\net462\Prism.Wpf.dll". [C:\Users\ultra\warewolf\Dev\Dev2.Diagnostics.Tests\Dev2.Diagnostics.Tests.csproj]
C:\Program Files\dotnet\sdk\10.0.201\Microsoft.Common.CurrentVersion.targets(2451,5): warning MSB3277:             C:\Users\ultra\.nuget\packages\prism.wpf\9.0.537\lib\net462\Prism.Wpf.dll [C:\Users\ultra\warewolf\Dev\Dev2.Diagnostics.Tests\Dev2.Diagnostics.Tests.csproj]
C:\Program Files\dotnet\sdk\10.0.201\Microsoft.Common.CurrentVersion.targets(2451,5): warning MSB3277:         C:\Users\ultra\.nuget\packages\reactiveui.wpf\18.4.1\lib\net462\ReactiveUI.Wpf.dll [C:\Users\ultra\warewolf\Dev\Dev2.Diagnostics.Tests\Dev2.Diagnostics.Tests.csproj]
C:\Program Files\dotnet\sdk\10.0.201\Microsoft.Common.CurrentVersion.targets(2451,5): warning MSB3277:           Project file item includes which caused reference "C:\Users\ultra\.nuget\packages\reactiveui.wpf\18.4.1\lib\net462\ReactiveUI.Wpf.dll". [C:\Users\ultra\warewolf\Dev\Dev2.Diagnostics.Tests\Dev2.Diagnostics.Tests.csproj]
C:\Program Files\dotnet\sdk\10.0.201\Microsoft.Common.CurrentVersion.targets(2451,5): warning MSB3277:             C:\Users\ultra\.nuget\packages\reactiveui.wpf\18.4.1\lib\net462\ReactiveUI.Wpf.dll [C:\Users\ultra\warewolf\Dev\Dev2.Diagnostics.Tests\Dev2.Diagnostics.Tests.csproj]
C:\Program Files\dotnet\sdk\10.0.201\Microsoft.Common.CurrentVersion.targets(2451,5): warning MSB3277: Found conflicts between different versions of "System.Drawing.Common" that could not be resolved. [C:\Users\ultra\warewolf\Dev\Dev2.Diagnostics.Tests\Dev2.Diagnostics.Tests.csproj]
C:\Program Files\dotnet\sdk\10.0.201\Microsoft.Common.CurrentVersion.targets(2451,5): warning MSB3277: There was a conflict between "System.Drawing.Common, Version=6.0.0.0, Culture=neutral, PublicKeyToken=cc7b13ffcd2ddd51" and "System.Drawing.Common, Version=8.0.0.0, Culture=neutral, PublicKeyToken=cc7b13ffcd2ddd51". [C:\Users\ultra\warewolf\Dev\Dev2.Diagnostics.Tests\Dev2.Diagnostics.Tests.csproj]
C:\Program Files\dotnet\sdk\10.0.201\Microsoft.Common.CurrentVersion.targets(2451,5): warning MSB3277:     "System.Drawing.Common, Version=6.0.0.0, Culture=neutral, PublicKeyToken=cc7b13ffcd2ddd51" was chosen because it was primary and "System.Drawing.Common, Version=8.0.0.0, Culture=neutral, PublicKeyToken=cc7b13ffcd2ddd51" was not. [C:\Users\ultra\warewolf\Dev\Dev2.Diagnostics.Tests\Dev2.Diagnostics.Tests.csproj]
C:\Program Files\dotnet\sdk\10.0.201\Microsoft.Common.CurrentVersion.targets(2451,5): warning MSB3277:     References which depend on "System.Drawing.Common, Version=6.0.0.0, Culture=neutral, PublicKeyToken=cc7b13ffcd2ddd51" [C:\Users\ultra\.nuget\packages\system.drawing.common\6.0.0\lib\net6.0\System.Drawing.Common.dll]. [C:\Users\ultra\warewolf\Dev\Dev2.Diagnostics.Tests\Dev2.Diagnostics.Tests.csproj]
C:\Program Files\dotnet\sdk\10.0.201\Microsoft.Common.CurrentVersion.targets(2451,5): warning MSB3277:         C:\Users\ultra\.nuget\packages\system.drawing.common\6.0.0\lib\net6.0\System.Drawing.Common.dll [C:\Users\ultra\warewolf\Dev\Dev2.Diagnostics.Tests\Dev2.Diagnostics.Tests.csproj]
C:\Program Files\dotnet\sdk\10.0.201\Microsoft.Common.CurrentVersion.targets(2451,5): warning MSB3277:           Project file item includes which caused reference "C:\Users\ultra\.nuget\packages\system.drawing.common\6.0.0\lib\net6.0\System.Drawing.Common.dll". [C:\Users\ultra\warewolf\Dev\Dev2.Diagnostics.Tests\Dev2.Diagnostics.Tests.csproj]
C:\Program Files\dotnet\sdk\10.0.201\Microsoft.Common.CurrentVersion.targets(2451,5): warning MSB3277:             C:\Users\ultra\.nuget\packages\system.drawing.common\6.0.0\lib\net6.0\System.Drawing.Common.dll [C:\Users\ultra\warewolf\Dev\Dev2.Diagnostics.Tests\Dev2.Diagnostics.Tests.csproj]
C:\Program Files\dotnet\sdk\10.0.201\Microsoft.Common.CurrentVersion.targets(2451,5): warning MSB3277:     References which depend on or have been unified to "System.Drawing.Common, Version=8.0.0.0, Culture=neutral, PublicKeyToken=cc7b13ffcd2ddd51" []. [C:\Users\ultra\warewolf\Dev\Dev2.Diagnostics.Tests\Dev2.Diagnostics.Tests.csproj]
C:\Program Files\dotnet\sdk\10.0.201\Microsoft.Common.CurrentVersion.targets(2451,5): warning MSB3277:         C:\Users\ultra\.nuget\packages\servicestack\6.3.0\lib\net6.0\ServiceStack.dll [C:\Users\ultra\warewolf\Dev\Dev2.Diagnostics.Tests\Dev2.Diagnostics.Tests.csproj]
C:\Program Files\dotnet\sdk\10.0.201\Microsoft.Common.CurrentVersion.targets(2451,5): warning MSB3277:           Project file item includes which caused reference "C:\Users\ultra\.nuget\packages\servicestack\6.3.0\lib\net6.0\ServiceStack.dll". [C:\Users\ultra\warewolf\Dev\Dev2.Diagnostics.Tests\Dev2.Diagnostics.Tests.csproj]
C:\Program Files\dotnet\sdk\10.0.201\Microsoft.Common.CurrentVersion.targets(2451,5): warning MSB3277:             C:\Users\ultra\.nuget\packages\servicestack\6.3.0\lib\net6.0\ServiceStack.dll [C:\Users\ultra\warewolf\Dev\Dev2.Diagnostics.Tests\Dev2.Diagnostics.Tests.csproj]
C:\Program Files\dotnet\sdk\10.0.201\Microsoft.Common.CurrentVersion.targets(2451,5): warning MSB3277:         C:\Users\ultra\.nuget\packages\system.windows.extensions\8.0.0\lib\net8.0\System.Windows.Extensions.dll [C:\Users\ultra\warewolf\Dev\Dev2.Diagnostics.Tests\Dev2.Diagnostics.Tests.csproj]
C:\Program Files\dotnet\sdk\10.0.201\Microsoft.Common.CurrentVersion.targets(2451,5): warning MSB3277:           Project file item includes which caused reference "C:\Users\ultra\.nuget\packages\system.windows.extensions\8.0.0\lib\net8.0\System.Windows.Extensions.dll". [C:\Users\ultra\warewolf\Dev\Dev2.Diagnostics.Tests\Dev2.Diagnostics.Tests.csproj]
C:\Program Files\dotnet\sdk\10.0.201\Microsoft.Common.CurrentVersion.targets(2451,5): warning MSB3277:             C:\Users\ultra\.nuget\packages\system.windows.extensions\8.0.0\lib\net8.0\System.Windows.Extensions.dll [C:\Users\ultra\warewolf\Dev\Dev2.Diagnostics.Tests\Dev2.Diagnostics.Tests.csproj]
C:\Program Files\dotnet\sdk\10.0.201\Microsoft.Common.CurrentVersion.targets(2451,5): warning MSB3277:             C:\Users\ultra\.nuget\packages\system.security.permissions\8.0.0\lib\net8.0\System.Security.Permissions.dll [C:\Users\ultra\warewolf\Dev\Dev2.Diagnostics.Tests\Dev2.Diagnostics.Tests.csproj]
C:\Program Files\dotnet\sdk\10.0.201\Microsoft.Common.CurrentVersion.targets(2451,5): warning MSB3277:             C:\Users\ultra\warewolf\Dev\Dev2.Data\bin\Debug\net8.0\Dev2.Data.dll [C:\Users\ultra\warewolf\Dev\Dev2.Diagnostics.Tests\Dev2.Diagnostics.Tests.csproj]
C:\Program Files\dotnet\sdk\10.0.201\Microsoft.Common.CurrentVersion.targets(2451,5): warning MSB3277:             C:\Users\ultra\warewolf\Dev\Dev2.Core\bin\Debug\net8.0\Dev2.Core.dll [C:\Users\ultra\warewolf\Dev\Dev2.Diagnostics.Tests\Dev2.Diagnostics.Tests.csproj]
C:\Program Files\dotnet\sdk\10.0.201\Microsoft.Common.CurrentVersion.targets(2451,5): warning MSB3277:             C:\Users\ultra\warewolf\Dev\Dev2.Runtime.Services\bin\Debug\net8.0\Dev2.Runtime.Services.dll [C:\Users\ultra\warewolf\Dev\Dev2.Diagnostics.Tests\Dev2.Diagnostics.Tests.csproj]
C:\Program Files\dotnet\sdk\10.0.201\Microsoft.Common.CurrentVersion.targets(2451,5): warning MSB3277:             C:\Users\ultra\warewolf\Dev\Dev2.Runtime\bin\Debug\net8.0\Dev2.Runtime.dll [C:\Users\ultra\warewolf\Dev\Dev2.Diagnostics.Tests\Dev2.Diagnostics.Tests.csproj]
C:\Program Files\dotnet\sdk\10.0.201\Microsoft.Common.CurrentVersion.targets(2451,5): warning MSB3277:             C:\Users\ultra\warewolf\Dev\Dev2.Server\bin\Debug\net8.0\Warewolf Server.dll [C:\Users\ultra\warewolf\Dev\Dev2.Diagnostics.Tests\Dev2.Diagnostics.Tests.csproj]
C:\Program Files\dotnet\sdk\10.0.201\Microsoft.Common.CurrentVersion.targets(2451,5): warning MSB3277:             C:\Users\ultra\warewolf\Dev\Warewolf.Testing\bin\Debug\net8.0\Warewolf.Testing.dll [C:\Users\ultra\warewolf\Dev\Dev2.Diagnostics.Tests\Dev2.Diagnostics.Tests.csproj]
C:\Program Files\dotnet\sdk\10.0.201\Microsoft.Common.CurrentVersion.targets(2451,5): warning MSB3277:             C:\Users\ultra\warewolf\Dev\Dev2.Activities\bin\Debug\net8.0\Dev2.Activities.dll [C:\Users\ultra\warewolf\Dev\Dev2.Diagnostics.Tests\Dev2.Diagnostics.Tests.csproj]
C:\Program Files\dotnet\sdk\10.0.201\Microsoft.Common.CurrentVersion.targets(2451,5): warning MSB3277:             C:\Users\ultra\warewolf\Dev\Dev2.Intellisense\bin\Debug\net8.0\Dev2.Intellisense.dll [C:\Users\ultra\warewolf\Dev\Dev2.Diagnostics.Tests\Dev2.Diagnostics.Tests.csproj]
C:\Program Files\dotnet\sdk\10.0.201\Microsoft.Common.CurrentVersion.targets(2451,5): warning MSB3277:             C:\Users\ultra\warewolf\Dev\Dev2.Runtime.WebServer\bin\Debug\net8.0\Dev2.Runtime.WebServer.dll [C:\Users\ultra\warewolf\Dev\Dev2.Diagnostics.Tests\Dev2.Diagnostics.Tests.csproj]
C:\Program Files\dotnet\sdk\10.0.201\Microsoft.Common.CurrentVersion.targets(2451,5): warning MSB3277:             C:\Users\ultra\warewolf\Dev\Dev2.Scheduler\bin\Debug\net8.0\Dev2.Scheduler.dll [C:\Users\ultra\warewolf\Dev\Dev2.Diagnostics.Tests\Dev2.Diagnostics.Tests.csproj]
C:\Program Files\dotnet\sdk\10.0.201\Microsoft.Common.CurrentVersion.targets(2451,5): warning MSB3277:             C:\Users\ultra\warewolf\Dev\Dev2.Services.Execution\bin\Debug\net8.0\Dev2.Services.Execution.dll [C:\Users\ultra\warewolf\Dev\Dev2.Diagnostics.Tests\Dev2.Diagnostics.Tests.csproj]
C:\Program Files\dotnet\sdk\10.0.201\Microsoft.Common.CurrentVersion.targets(2451,5): warning MSB3277:             C:\Users\ultra\warewolf\Dev\Dev2.Studio.Core\bin\Debug\net8.0\Dev2.Studio.Core.dll [C:\Users\ultra\warewolf\Dev\Dev2.Diagnostics.Tests\Dev2.Diagnostics.Tests.csproj]
C:\Program Files\dotnet\sdk\10.0.201\Microsoft.Common.CurrentVersion.targets(2451,5): warning MSB3277:             C:\Users\ultra\warewolf\Dev\Dev2.Studio.Interfaces\bin\Debug\net8.0\Dev2.Studio.Interfaces.dll [C:\Users\ultra\warewolf\Dev\Dev2.Diagnostics.Tests\Dev2.Diagnostics.Tests.csproj]
C:\Program Files\dotnet\sdk\10.0.201\Microsoft.Common.CurrentVersion.targets(2451,5): warning MSB3277:             C:\Users\ultra\warewolf\Dev\Warewolf.HangfireServer\bin\Debug\net8.0\HangfireServer.dll [C:\Users\ultra\warewolf\Dev\Dev2.Diagnostics.Tests\Dev2.Diagnostics.Tests.csproj]
C:\Program Files\dotnet\sdk\10.0.201\Microsoft.Common.CurrentVersion.targets(2451,5): warning MSB3277:             C:\Users\ultra\warewolf\Dev\Warewolf.QueueWorker\bin\Debug\net8.0\QueueWorker.dll [C:\Users\ultra\warewolf\Dev\Dev2.Diagnostics.Tests\Dev2.Diagnostics.Tests.csproj]
C:\Program Files\dotnet\sdk\10.0.201\Microsoft.Common.CurrentVersion.targets(2451,5): warning MSB3277:             C:\Users\ultra\warewolf\Dev\Warewolf.Auditing\bin\Debug\net8.0\Warewolf.Auditing.dll [C:\Users\ultra\warewolf\Dev\Dev2.Diagnostics.Tests\Dev2.Diagnostics.Tests.csproj]
C:\Program Files\dotnet\sdk\10.0.201\Microsoft.Common.CurrentVersion.targets(2451,5): warning MSB3277:             C:\Users\ultra\warewolf\Dev\Warewolf.Common.Framework48\bin\Debug\net8.0\Warewolf.Common.Framework48.dll [C:\Users\ultra\warewolf\Dev\Dev2.Diagnostics.Tests\Dev2.Diagnostics.Tests.csproj]
C:\Program Files\dotnet\sdk\10.0.201\Microsoft.Common.CurrentVersion.targets(2451,5): warning MSB3277:             C:\Users\ultra\warewolf\Dev\Warewolf.Common.NetStandard20\bin\Debug\net8.0\Warewolf.Common.NetStandard20.dll [C:\Users\ultra\warewolf\Dev\Dev2.Diagnostics.Tests\Dev2.Diagnostics.Tests.csproj]
C:\Program Files\dotnet\sdk\10.0.201\Microsoft.Common.CurrentVersion.targets(2451,5): warning MSB3277:             C:\Users\ultra\warewolf\Dev\Warewolf.Core\bin\Debug\net8.0\Warewolf.Core.dll [C:\Users\ultra\warewolf\Dev\Dev2.Diagnostics.Tests\Dev2.Diagnostics.Tests.csproj]
C:\Program Files\dotnet\sdk\10.0.201\Microsoft.Common.CurrentVersion.targets(2451,5): warning MSB3277:             C:\Users\ultra\warewolf\Dev\Warewolf.Driver.Persistence\bin\Debug\net8.0\Warewolf.Driver.Persistence.dll [C:\Users\ultra\warewolf\Dev\Dev2.Diagnostics.Tests\Dev2.Diagnostics.Tests.csproj]
C:\Program Files\dotnet\sdk\10.0.201\Microsoft.Common.CurrentVersion.targets(2451,5): warning MSB3277:             C:\Users\ultra\warewolf\Dev\Warewolf.Exchange.Email.Wrapper\bin\Debug\net8.0\Warewolf.Exchange.Email.Wrapper.dll [C:\Users\ultra\warewolf\Dev\Dev2.Diagnostics.Tests\Dev2.Diagnostics.Tests.csproj]
C:\Program Files\dotnet\sdk\10.0.201\Microsoft.Common.CurrentVersion.targets(2451,5): warning MSB3277:             C:\Users\ultra\warewolf\Dev\Warewolf.ResourceManagement\bin\Debug\net8.0\Warewolf.ResourceManagement.dll [C:\Users\ultra\warewolf\Dev\Dev2.Diagnostics.Tests\Dev2.Diagnostics.Tests.csproj]
C:\Program Files\dotnet\sdk\10.0.201\Microsoft.Common.CurrentVersion.targets(2451,5): warning MSB3277:             C:\Users\ultra\warewolf\Dev\Warewolf.Studio.Core\bin\Debug\net8.0\Warewolf.Studio.Core.dll [C:\Users\ultra\warewolf\Dev\Dev2.Diagnostics.Tests\Dev2.Diagnostics.Tests.csproj]
C:\Program Files\dotnet\sdk\10.0.201\Microsoft.Common.CurrentVersion.targets(2451,5): warning MSB3277:             C:\Users\ultra\warewolf\Dev\Warewolf.Trigger.Queue\bin\Debug\net8.0\Warewolf.Trigger.Queue.dll [C:\Users\ultra\warewolf\Dev\Dev2.Diagnostics.Tests\Dev2.Diagnostics.Tests.csproj]
C:\Program Files\dotnet\sdk\10.0.201\Microsoft.Common.CurrentVersion.targets(2451,5): warning MSB3277:             C:\Users\ultra\warewolf\Dev\Warewolf.UI\bin\Debug\net8.0\Warewolf.UI.dll [C:\Users\ultra\warewolf\Dev\Dev2.Diagnostics.Tests\Dev2.Diagnostics.Tests.csproj]
C:\Program Files\dotnet\sdk\10.0.201\Microsoft.Common.CurrentVersion.targets(2451,5): warning MSB3277:             C:\Users\ultra\warewolf\Dev\Warewolf.Logger\bin\Debug\net8.0\WarewolfLogger.dll [C:\Users\ultra\warewolf\Dev\Dev2.Diagnostics.Tests\Dev2.Diagnostics.Tests.csproj]
C:\Program Files\dotnet\sdk\10.0.201\Microsoft.Common.CurrentVersion.targets(2451,5): warning MSB3277:             C:\Users\ultra\.nuget\packages\dotnetzip\1.16.0\lib\netstandard2.0\DotNetZip.dll [C:\Users\ultra\warewolf\Dev\Dev2.Diagnostics.Tests\Dev2.Diagnostics.Tests.csproj]
C:\Program Files\dotnet\sdk\10.0.201\Microsoft.Common.CurrentVersion.targets(2451,5): warning MSB3277:             C:\Users\ultra\warewolf\Dev\Dev2.Common\bin\Debug\net8.0\Dev2.Common.dll [C:\Users\ultra\warewolf\Dev\Dev2.Diagnostics.Tests\Dev2.Diagnostics.Tests.csproj]
C:\Program Files\dotnet\sdk\10.0.201\Microsoft.Common.CurrentVersion.targets(2451,5): warning MSB3277:             C:\Users\ultra\warewolf\Dev\Dev2.Diagnostics\bin\Debug\net8.0\Dev2.Diagnostics.dll [C:\Users\ultra\warewolf\Dev\Dev2.Diagnostics.Tests\Dev2.Diagnostics.Tests.csproj]
C:\Program Files\dotnet\sdk\10.0.201\Microsoft.Common.CurrentVersion.targets(2451,5): warning MSB3277:             C:\Users\ultra\warewolf\Dev\Dev2.Infrastructure\bin\Debug\net8.0\Dev2.Infrastructure.dll [C:\Users\ultra\warewolf\Dev\Dev2.Diagnostics.Tests\Dev2.Diagnostics.Tests.csproj]
C:\Program Files\dotnet\sdk\10.0.201\Microsoft.Common.CurrentVersion.targets(2451,5): warning MSB3277:             C:\Users\ultra\warewolf\Dev\Dev2.Data.Interfaces\bin\Debug\net8.0\Dev2.Data.Interfaces.dll [C:\Users\ultra\warewolf\Dev\Dev2.Diagnostics.Tests\Dev2.Diagnostics.Tests.csproj]
C:\Program Files\dotnet\sdk\10.0.201\Microsoft.Common.CurrentVersion.targets(2451,5): warning MSB3277:             C:\Users\ultra\warewolf\Dev\Dev2.Development.Languages\bin\Debug\net8.0\Dev2.Development.Languages.dll [C:\Users\ultra\warewolf\Dev\Dev2.Diagnostics.Tests\Dev2.Diagnostics.Tests.csproj]
C:\Program Files\dotnet\sdk\10.0.201\Microsoft.Common.CurrentVersion.targets(2451,5): warning MSB3277:             C:\Users\ultra\warewolf\Dev\Dev2.Services.Sql\bin\Debug\net8.0\Dev2.Services.Sql.dll [C:\Users\ultra\warewolf\Dev\Dev2.Diagnostics.Tests\Dev2.Diagnostics.Tests.csproj]
C:\Program Files\dotnet\sdk\10.0.201\Microsoft.Common.CurrentVersion.targets(2451,5): warning MSB3277:             C:\Users\ultra\warewolf\Dev\Dev2.TaskScheduler.Wrappers\bin\Debug\net8.0\Dev2.TaskScheduler.Wrappers.dll [C:\Users\ultra\warewolf\Dev\Dev2.Diagnostics.Tests\Dev2.Diagnostics.Tests.csproj]
C:\Program Files\dotnet\sdk\10.0.201\Microsoft.Common.CurrentVersion.targets(2451,5): warning MSB3277:             C:\Users\ultra\warewolf\Dev\Dev2.Util\bin\Debug\net8.0\Dev2.Util.dll [C:\Users\ultra\warewolf\Dev\Dev2.Diagnostics.Tests\Dev2.Diagnostics.Tests.csproj]
C:\Program Files\dotnet\sdk\10.0.201\Microsoft.Common.CurrentVersion.targets(2451,5): warning MSB3277:             C:\Users\ultra\warewolf\Dev\Warewolf.AI.Harness\bin\Debug\net8.0\Warewolf.AI.Harness.dll [C:\Users\ultra\warewolf\Dev\Dev2.Diagnostics.Tests\Dev2.Diagnostics.Tests.csproj]
C:\Program Files\dotnet\sdk\10.0.201\Microsoft.Common.CurrentVersion.targets(2451,5): warning MSB3277:             C:\Users\ultra\warewolf\Dev\Warewolf.Driver.Serilog\bin\Debug\net8.0\Warewolf.Driver.Serilog.dll [C:\Users\ultra\warewolf\Dev\Dev2.Diagnostics.Tests\Dev2.Diagnostics.Tests.csproj]
C:\Program Files\dotnet\sdk\10.0.201\Microsoft.Common.CurrentVersion.targets(2451,5): warning MSB3277:             C:\Users\ultra\warewolf\Dev\Warewolf.PerfMon\bin\Debug\net8.0\Warewolf.PerfMon.dll [C:\Users\ultra\warewolf\Dev\Dev2.Diagnostics.Tests\Dev2.Diagnostics.Tests.csproj]
C:\Program Files\dotnet\sdk\10.0.201\Microsoft.Common.CurrentVersion.targets(2451,5): warning MSB3277:             C:\Users\ultra\warewolf\Dev\Warewolf.Sharepoint\bin\Debug\net8.0\Warewolf.Sharepoint.dll [C:\Users\ultra\warewolf\Dev\Dev2.Diagnostics.Tests\Dev2.Diagnostics.Tests.csproj]
C:\Program Files\dotnet\sdk\10.0.201\Microsoft.Common.CurrentVersion.targets(2451,5): warning MSB3277:             C:\Users\ultra\warewolf\Dev\Warewolf.Storage\bin\Debug\net8.0\Warewolf.Storage.dll [C:\Users\ultra\warewolf\Dev\Dev2.Diagnostics.Tests\Dev2.Diagnostics.Tests.csproj]
C:\Program Files\dotnet\sdk\10.0.201\Microsoft.Common.CurrentVersion.targets(2451,5): warning MSB3277:             C:\Users\ultra\.nuget\packages\mindbox.data.linq\5.0.0\lib\netstandard2.0\Mindbox.Data.Linq.dll [C:\Users\ultra\warewolf\Dev\Dev2.Diagnostics.Tests\Dev2.Diagnostics.Tests.csproj]
C:\Program Files\dotnet\sdk\10.0.201\Microsoft.Common.CurrentVersion.targets(2451,5): warning MSB3277:             C:\Users\ultra\.nuget\packages\mysql.data\8.4.0\lib\net8.0\MySql.Data.dll [C:\Users\ultra\warewolf\Dev\Dev2.Diagnostics.Tests\Dev2.Diagnostics.Tests.csproj]
C:\Program Files\dotnet\sdk\10.0.201\Microsoft.Common.CurrentVersion.targets(2451,5): warning MSB3277:             C:\Users\ultra\.nuget\packages\oracle.manageddataaccess.core\3.21.70\lib\netstandard2.1\Oracle.ManagedDataAccess.dll [C:\Users\ultra\warewolf\Dev\Dev2.Diagnostics.Tests\Dev2.Diagnostics.Tests.csproj]
C:\Program Files\dotnet\sdk\10.0.201\Microsoft.Common.CurrentVersion.targets(2451,5): warning MSB3277:             C:\Users\ultra\.nuget\packages\system.directoryservices\6.0.0\lib\net6.0\System.DirectoryServices.dll [C:\Users\ultra\warewolf\Dev\Dev2.Diagnostics.Tests\Dev2.Diagnostics.Tests.csproj]
C:\Program Files\dotnet\sdk\10.0.201\Microsoft.Common.CurrentVersion.targets(2451,5): warning MSB3277:             C:\Users\ultra\.nuget\packages\corewcf.primitives\1.2.1\lib\netstandard2.0\CoreWCF.Primitives.dll [C:\Users\ultra\warewolf\Dev\Dev2.Diagnostics.Tests\Dev2.Diagnostics.Tests.csproj]
C:\Program Files\dotnet\sdk\10.0.201\Microsoft.Common.CurrentVersion.targets(2451,5): warning MSB3277:             C:\Users\ultra\.nuget\packages\corewcf.http\1.2.1\lib\netstandard2.0\CoreWCF.Http.dll [C:\Users\ultra\warewolf\Dev\Dev2.Diagnostics.Tests\Dev2.Diagnostics.Tests.csproj]
C:\Program Files\dotnet\sdk\10.0.201\Microsoft.Common.CurrentVersion.targets(2451,5): warning MSB3277:             C:\Users\ultra\.nuget\packages\corewcf.nettcp\1.2.1\lib\netstandard2.0\CoreWCF.NetTcp.dll [C:\Users\ultra\warewolf\Dev\Dev2.Diagnostics.Tests\Dev2.Diagnostics.Tests.csproj]
C:\Program Files\dotnet\sdk\10.0.201\Microsoft.Common.CurrentVersion.targets(2451,5): warning MSB3277:             C:\Users\ultra\.nuget\packages\corewcf.webhttp\1.2.1\lib\netstandard2.0\CoreWCF.WebHttp.dll [C:\Users\ultra\warewolf\Dev\Dev2.Diagnostics.Tests\Dev2.Diagnostics.Tests.csproj]
C:\Program Files\dotnet\sdk\10.0.201\Microsoft.Common.CurrentVersion.targets(2451,5): warning MSB3277:             C:\Program Files\dotnet\packs\Microsoft.NETCore.App.Ref\8.0.25\ref/net8.0/System.Configuration.dll [C:\Users\ultra\warewolf\Dev\Dev2.Diagnostics.Tests\Dev2.Diagnostics.Tests.csproj]
C:\Program Files\dotnet\sdk\10.0.201\Microsoft.Common.CurrentVersion.targets(2451,5): warning MSB3277:             C:\Users\ultra\.nuget\packages\prism.wpf\9.0.537\lib\net462\Prism.Wpf.dll [C:\Users\ultra\warewolf\Dev\Dev2.Diagnostics.Tests\Dev2.Diagnostics.Tests.csproj]
C:\Program Files\dotnet\sdk\10.0.201\Microsoft.Common.CurrentVersion.targets(2451,5): warning MSB3277:             C:\Program Files\dotnet\packs\Microsoft.NETCore.App.Ref\8.0.25\ref/net8.0/System.Data.dll [C:\Users\ultra\warewolf\Dev\Dev2.Diagnostics.Tests\Dev2.Diagnostics.Tests.csproj]
C:\Program Files\dotnet\sdk\10.0.201\Microsoft.Common.CurrentVersion.targets(2451,5): warning MSB3277:             C:\Users\ultra\.nuget\packages\taskschedulereditor\2.10.1\lib\net452\Microsoft.Win32.TaskSchedulerEditor.dll [C:\Users\ultra\warewolf\Dev\Dev2.Diagnostics.Tests\Dev2.Diagnostics.Tests.csproj]
C:\Program Files\dotnet\sdk\10.0.201\Microsoft.Common.CurrentVersion.targets(2451,5): warning MSB3277:             C:\Program Files\dotnet\packs\Microsoft.NETCore.App.Ref\8.0.25\ref/net8.0/System.Drawing.dll [C:\Users\ultra\warewolf\Dev\Dev2.Diagnostics.Tests\Dev2.Diagnostics.Tests.csproj]
C:\Program Files\dotnet\sdk\10.0.201\Microsoft.Common.CurrentVersion.targets(2451,5): warning MSB3277:             C:\Users\ultra\.nuget\packages\aerowizard\2.3.1\lib\net45\AeroWizard.dll [C:\Users\ultra\warewolf\Dev\Dev2.Diagnostics.Tests\Dev2.Diagnostics.Tests.csproj]
C:\Program Files\dotnet\sdk\10.0.201\Microsoft.Common.CurrentVersion.targets(2451,5): warning MSB3277:             C:\Users\ultra\.nuget\packages\groupcontrols\1.9.0\lib\net45\GroupControls.dll [C:\Users\ultra\warewolf\Dev\Dev2.Diagnostics.Tests\Dev2.Diagnostics.Tests.csproj]
C:\Program Files\dotnet\sdk\10.0.201\Microsoft.Common.CurrentVersion.targets(2451,5): warning MSB3277:             C:\Program Files\dotnet\packs\Microsoft.NETCore.App.Ref\8.0.25\ref/net8.0/System.Net.dll [C:\Users\ultra\warewolf\Dev\Dev2.Diagnostics.Tests\Dev2.Diagnostics.Tests.csproj]
C:\Program Files\dotnet\sdk\10.0.201\Microsoft.Common.CurrentVersion.targets(2451,5): warning MSB3277:             C:\Program Files\dotnet\packs\Microsoft.NETCore.App.Ref\8.0.25\ref/net8.0/System.Security.dll [C:\Users\ultra\warewolf\Dev\Dev2.Diagnostics.Tests\Dev2.Diagnostics.Tests.csproj]
C:\Program Files\dotnet\sdk\10.0.201\Microsoft.Common.CurrentVersion.targets(2451,5): warning MSB3277:             C:\Program Files\dotnet\packs\Microsoft.NETCore.App.Ref\8.0.25\ref/net8.0/System.ServiceProcess.dll [C:\Users\ultra\warewolf\Dev\Dev2.Diagnostics.Tests\Dev2.Diagnostics.Tests.csproj]
C:\Program Files\dotnet\sdk\10.0.201\Microsoft.Common.CurrentVersion.targets(2451,5): warning MSB3277:             C:\Program Files\dotnet\packs\Microsoft.NETCore.App.Ref\8.0.25\ref/net8.0/System.Transactions.dll [C:\Users\ultra\warewolf\Dev\Dev2.Diagnostics.Tests\Dev2.Diagnostics.Tests.csproj]
C:\Program Files\dotnet\sdk\10.0.201\Microsoft.Common.CurrentVersion.targets(2451,5): warning MSB3277:             C:\Program Files\dotnet\packs\Microsoft.NETCore.App.Ref\8.0.25\ref/net8.0/System.dll [C:\Users\ultra\warewolf\Dev\Dev2.Diagnostics.Tests\Dev2.Diagnostics.Tests.csproj]
C:\Program Files\dotnet\sdk\10.0.201\Microsoft.Common.CurrentVersion.targets(2451,5): warning MSB3277:             C:\Users\ultra\.nuget\packages\microsoft.xaml.behaviors.wpf\1.1.122\lib\net462\Microsoft.Xaml.Behaviors.dll [C:\Users\ultra\warewolf\Dev\Dev2.Diagnostics.Tests\Dev2.Diagnostics.Tests.csproj]
C:\Program Files\dotnet\sdk\10.0.201\Microsoft.Common.CurrentVersion.targets(2451,5): warning MSB3277:             C:\Users\ultra\.nuget\packages\caliburn.micro\4.0.212\lib\netcoreapp3.1\Caliburn.Micro.Platform.dll [C:\Users\ultra\warewolf\Dev\Dev2.Diagnostics.Tests\Dev2.Diagnostics.Tests.csproj]
C:\Program Files\dotnet\sdk\10.0.201\Microsoft.Common.CurrentVersion.targets(2451,5): warning MSB3277:             C:\Users\ultra\.nuget\packages\reactiveui.wpf\18.4.1\lib\net462\ReactiveUI.Wpf.dll [C:\Users\ultra\warewolf\Dev\Dev2.Diagnostics.Tests\Dev2.Diagnostics.Tests.csproj]
C:\Program Files\dotnet\sdk\10.0.201\Microsoft.Common.CurrentVersion.targets(2451,5): warning MSB3277:             C:\Users\ultra\.nuget\packages\ttcue.netcore.sharepointonline.csom.16.1.8029.1200\16.1.8029.1200\lib\netcoreapp2.0\Microsoft.SharePoint.Client.Runtime.Windows.dll [C:\Users\ultra\warewolf\Dev\Dev2.Diagnostics.Tests\Dev2.Diagnostics.Tests.csproj]
C:\Program Files\dotnet\sdk\10.0.201\Microsoft.Common.CurrentVersion.targets(2451,5): warning MSB3277:             C:\Program Files\dotnet\packs\Microsoft.NETCore.App.Ref\8.0.25\ref/net8.0/WindowsBase.dll [C:\Users\ultra\warewolf\Dev\Dev2.Diagnostics.Tests\Dev2.Diagnostics.Tests.csproj]
C:\Program Files\dotnet\sdk\10.0.201\Microsoft.Common.CurrentVersion.targets(2451,5): warning MSB3277:             C:\Program Files\dotnet\packs\Microsoft.NETCore.App.Ref\8.0.25\ref/net8.0/mscorlib.dll [C:\Users\ultra\warewolf\Dev\Dev2.Diagnostics.Tests\Dev2.Diagnostics.Tests.csproj]
C:\Program Files\dotnet\sdk\10.0.201\Microsoft.Common.CurrentVersion.targets(2451,5): warning MSB3277:             C:\Users\ultra\.nuget\packages\hangfire.core\1.7.32\lib\netstandard2.0\Hangfire.Core.dll [C:\Users\ultra\warewolf\Dev\Dev2.Diagnostics.Tests\Dev2.Diagnostics.Tests.csproj]
C:\Program Files\dotnet\sdk\10.0.201\Microsoft.Common.CurrentVersion.targets(2451,5): warning MSB3277:             C:\Users\ultra\.nuget\packages\hangfire.aspnetcore\1.7.32\lib\netcoreapp3.0\Hangfire.AspNetCore.dll [C:\Users\ultra\warewolf\Dev\Dev2.Diagnostics.Tests\Dev2.Diagnostics.Tests.csproj]
C:\Program Files\dotnet\sdk\10.0.201\Microsoft.Common.CurrentVersion.targets(2451,5): warning MSB3277:             C:\Users\ultra\.nuget\packages\hangfire.sqlserver\1.7.32\lib\netstandard2.0\Hangfire.SqlServer.dll [C:\Users\ultra\warewolf\Dev\Dev2.Diagnostics.Tests\Dev2.Diagnostics.Tests.csproj]
C:\Program Files\dotnet\sdk\10.0.201\Microsoft.Common.CurrentVersion.targets(2451,5): warning MSB3277:             C:\Users\ultra\.nuget\packages\microsoft.codecoverage\17.13.0\lib\netcoreapp3.1\Microsoft.VisualStudio.CodeCoverage.Shim.dll [C:\Users\ultra\warewolf\Dev\Dev2.Diagnostics.Tests\Dev2.Diagnostics.Tests.csproj]
C:\Program Files\dotnet\sdk\10.0.201\Microsoft.Common.CurrentVersion.targets(2451,5): warning MSB3277:         C:\Program Files\dotnet\packs\Microsoft.NETCore.App.Ref\8.0.25\ref\net8.0\System.Drawing.dll [C:\Users\ultra\warewolf\Dev\Dev2.Diagnostics.Tests\Dev2.Diagnostics.Tests.csproj]
C:\Program Files\dotnet\sdk\10.0.201\Microsoft.Common.CurrentVersion.targets(2451,5): warning MSB3277:           Project file item includes which caused reference "C:\Program Files\dotnet\packs\Microsoft.NETCore.App.Ref\8.0.25\ref\net8.0\System.Drawing.dll". [C:\Users\ultra\warewolf\Dev\Dev2.Diagnostics.Tests\Dev2.Diagnostics.Tests.csproj]
C:\Program Files\dotnet\sdk\10.0.201\Microsoft.Common.CurrentVersion.targets(2451,5): warning MSB3277:             C:\Program Files\dotnet\packs\Microsoft.NETCore.App.Ref\8.0.25\ref/net8.0/System.Drawing.dll [C:\Users\ultra\warewolf\Dev\Dev2.Diagnostics.Tests\Dev2.Diagnostics.Tests.csproj]
C:\Program Files\dotnet\sdk\10.0.201\Microsoft.Common.CurrentVersion.targets(2451,5): warning MSB3277:             C:\Users\ultra\.nuget\packages\aerowizard\2.3.1\lib\net45\AeroWizard.dll [C:\Users\ultra\warewolf\Dev\Dev2.Diagnostics.Tests\Dev2.Diagnostics.Tests.csproj]
C:\Program Files\dotnet\sdk\10.0.201\Microsoft.Common.CurrentVersion.targets(2451,5): warning MSB3277:             C:\Users\ultra\.nuget\packages\groupcontrols\1.9.0\lib\net45\GroupControls.dll [C:\Users\ultra\warewolf\Dev\Dev2.Diagnostics.Tests\Dev2.Diagnostics.Tests.csproj]
C:\Program Files\dotnet\sdk\10.0.201\Microsoft.Common.CurrentVersion.targets(2451,5): warning MSB3277:             C:\Users\ultra\.nuget\packages\taskschedulereditor\2.10.1\lib\net452\Microsoft.Win32.TaskSchedulerEditor.dll [C:\Users\ultra\warewolf\Dev\Dev2.Diagnostics.Tests\Dev2.Diagnostics.Tests.csproj]
C:\Users\ultra\warewolf\Dev\Dev2.Activities.Tests\Activities\DsfComDllActivityTests.cs(299,35): warning CS0618: 'DsfComDllActivity' is obsolete: 'DsfWebPostActivity is deprecated.' [C:\Users\ultra\warewolf\Dev\Dev2.Activities.Tests\Dev2.Activities.Tests.csproj]
C:\Users\ultra\warewolf\Dev\Dev2.Activities.Tests\Activities\DsfComDllActivityTests.cs(38,30): warning CS0618: 'DsfComDllActivity' is obsolete: 'DsfWebPostActivity is deprecated.' [C:\Users\ultra\warewolf\Dev\Dev2.Activities.Tests\Dev2.Activities.Tests.csproj]
C:\Users\ultra\warewolf\Dev\Dev2.Activities.Tests\Activities\DsfComDllActivityTests.cs(57,30): warning CS0618: 'DsfComDllActivity' is obsolete: 'DsfWebPostActivity is deprecated.' [C:\Users\ultra\warewolf\Dev\Dev2.Activities.Tests\Dev2.Activities.Tests.csproj]
C:\Users\ultra\warewolf\Dev\Dev2.Activities.Tests\Activities\DsfComDllActivityTests.cs(89,30): warning CS0618: 'DsfComDllActivity' is obsolete: 'DsfWebPostActivity is deprecated.' [C:\Users\ultra\warewolf\Dev\Dev2.Activities.Tests\Dev2.Activities.Tests.csproj]
C:\Users\ultra\warewolf\Dev\Dev2.Activities.Tests\Activities\DsfComDllActivityTests.cs(144,30): warning CS0618: 'DsfComDllActivity' is obsolete: 'DsfWebPostActivity is deprecated.' [C:\Users\ultra\warewolf\Dev\Dev2.Activities.Tests\Dev2.Activities.Tests.csproj]
C:\Users\ultra\warewolf\Dev\Dev2.Activities.Tests\Activities\DsfComDllActivityTests.cs(207,30): warning CS0618: 'DsfComDllActivity' is obsolete: 'DsfWebPostActivity is deprecated.' [C:\Users\ultra\warewolf\Dev\Dev2.Activities.Tests\Dev2.Activities.Tests.csproj]
C:\Users\ultra\warewolf\Dev\Dev2.Activities.Tests\Activities\DsfComDllActivityTests.cs(222,30): warning CS0618: 'DsfComDllActivity' is obsolete: 'DsfWebPostActivity is deprecated.' [C:\Users\ultra\warewolf\Dev\Dev2.Activities.Tests\Dev2.Activities.Tests.csproj]
C:\Users\ultra\warewolf\Dev\Dev2.Activities.Tests\Activities\DsfComDllActivityTests.cs(237,30): warning CS0618: 'DsfComDllActivity' is obsolete: 'DsfWebPostActivity is deprecated.' [C:\Users\ultra\warewolf\Dev\Dev2.Activities.Tests\Dev2.Activities.Tests.csproj]
C:\Users\ultra\warewolf\Dev\Dev2.Activities.Tests\Activities\DsfComDllActivityTests.cs(252,30): warning CS0618: 'DsfComDllActivity' is obsolete: 'DsfWebPostActivity is deprecated.' [C:\Users\ultra\warewolf\Dev\Dev2.Activities.Tests\Dev2.Activities.Tests.csproj]
C:\Users\ultra\warewolf\Dev\Dev2.Activities.Tests\Activities\DsfComDllActivityTests.cs(267,30): warning CS0618: 'DsfComDllActivity' is obsolete: 'DsfWebPostActivity is deprecated.' [C:\Users\ultra\warewolf\Dev\Dev2.Activities.Tests\Dev2.Activities.Tests.csproj]
C:\Users\ultra\warewolf\Dev\Dev2.Activities.Tests\Activities\DsfComDllActivityTests.cs(284,30): warning CS0618: 'DsfComDllActivity' is obsolete: 'DsfWebPostActivity is deprecated.' [C:\Users\ultra\warewolf\Dev\Dev2.Activities.Tests\Dev2.Activities.Tests.csproj]
C:\Users\ultra\warewolf\Dev\Dev2.Activities.Tests\ActivityComparerTests\ComDll\DsfComDllActivityEqualityTests.cs(34,30): warning CS0618: 'DsfComDllActivity' is obsolete: 'DsfWebPostActivity is deprecated.' [C:\Users\ultra\warewolf\Dev\Dev2.Activities.Tests\Dev2.Activities.Tests.csproj]
C:\Users\ultra\warewolf\Dev\Dev2.Activities.Tests\ActivityComparerTests\ComDll\DsfComDllActivityEqualityTests.cs(52,30): warning CS0618: 'DsfComDllActivity' is obsolete: 'DsfWebPostActivity is deprecated.' [C:\Users\ultra\warewolf\Dev\Dev2.Activities.Tests\Dev2.Activities.Tests.csproj]
C:\Users\ultra\warewolf\Dev\Dev2.Activities.Tests\ActivityComparerTests\ComDll\DsfComDllActivityEqualityTests.cs(70,30): warning CS0618: 'DsfComDllActivity' is obsolete: 'DsfWebPostActivity is deprecated.' [C:\Users\ultra\warewolf\Dev\Dev2.Activities.Tests\Dev2.Activities.Tests.csproj]
C:\Users\ultra\warewolf\Dev\Dev2.Activities.Tests\ActivityComparerTests\ComDll\DsfComDllActivityEqualityTests.cs(88,30): warning CS0618: 'DsfComDllActivity' is obsolete: 'DsfWebPostActivity is deprecated.' [C:\Users\ultra\warewolf\Dev\Dev2.Activities.Tests\Dev2.Activities.Tests.csproj]
C:\Users\ultra\warewolf\Dev\Dev2.Activities.Tests\ActivityComparerTests\ComDll\DsfComDllActivityEqualityTests.cs(106,30): warning CS0618: 'DsfComDllActivity' is obsolete: 'DsfWebPostActivity is deprecated.' [C:\Users\ultra\warewolf\Dev\Dev2.Activities.Tests\Dev2.Activities.Tests.csproj]
C:\Users\ultra\warewolf\Dev\Dev2.Activities.Tests\ActivityComparerTests\ComDll\DsfComDllActivityEqualityTests.cs(124,30): warning CS0618: 'DsfComDllActivity' is obsolete: 'DsfWebPostActivity is deprecated.' [C:\Users\ultra\warewolf\Dev\Dev2.Activities.Tests\Dev2.Activities.Tests.csproj]
C:\Users\ultra\warewolf\Dev\Dev2.Activities.Tests\ActivityComparerTests\ComDll\DsfComDllActivityEqualityTests.cs(162,30): warning CS0618: 'DsfComDllActivity' is obsolete: 'DsfWebPostActivity is deprecated.' [C:\Users\ultra\warewolf\Dev\Dev2.Activities.Tests\Dev2.Activities.Tests.csproj]
C:\Users\ultra\warewolf\Dev\Dev2.Activities.Tests\ActivityComparerTests\ComDll\DsfComDllActivityEqualityTests.cs(199,30): warning CS0618: 'DsfComDllActivity' is obsolete: 'DsfWebPostActivity is deprecated.' [C:\Users\ultra\warewolf\Dev\Dev2.Activities.Tests\Dev2.Activities.Tests.csproj]
C:\Users\ultra\warewolf\Dev\Dev2.Activities.Tests\ActivityComparerTests\ComDll\DsfComDllActivityEqualityTests.cs(239,30): warning CS0618: 'DsfComDllActivity' is obsolete: 'DsfWebPostActivity is deprecated.' [C:\Users\ultra\warewolf\Dev\Dev2.Activities.Tests\Dev2.Activities.Tests.csproj]
C:\Users\ultra\warewolf\Dev\Dev2.Activities.Tests\ActivityComparerTests\ComDll\DsfComDllActivityEqualityTests.cs(279,30): warning CS0618: 'DsfComDllActivity' is obsolete: 'DsfWebPostActivity is deprecated.' [C:\Users\ultra\warewolf\Dev\Dev2.Activities.Tests\Dev2.Activities.Tests.csproj]
C:\Users\ultra\warewolf\Dev\Dev2.Activities.Tests\ActivityComparerTests\ComDll\DsfComDllActivityEqualityTests.cs(324,30): warning CS0618: 'DsfComDllActivity' is obsolete: 'DsfWebPostActivity is deprecated.' [C:\Users\ultra\warewolf\Dev\Dev2.Activities.Tests\Dev2.Activities.Tests.csproj]
C:\Users\ultra\warewolf\Dev\Dev2.Activities.Tests\ActivityComparerTests\ComDll\DsfComDllActivityEqualityTests.cs(366,30): warning CS0618: 'DsfComDllActivity' is obsolete: 'DsfWebPostActivity is deprecated.' [C:\Users\ultra\warewolf\Dev\Dev2.Activities.Tests\Dev2.Activities.Tests.csproj]
C:\Users\ultra\warewolf\Dev\Dev2.Activities.Tests\ActivityComparerTests\ComDll\DsfComDllActivityEqualityTests.cs(416,30): warning CS0618: 'DsfComDllActivity' is obsolete: 'DsfWebPostActivity is deprecated.' [C:\Users\ultra\warewolf\Dev\Dev2.Activities.Tests\Dev2.Activities.Tests.csproj]
C:\Users\ultra\warewolf\Dev\Dev2.Activities.Tests\ActivityComparerTests\ComDll\DsfComDllActivityEqualityTests.cs(468,30): warning CS0618: 'DsfComDllActivity' is obsolete: 'DsfWebPostActivity is deprecated.' [C:\Users\ultra\warewolf\Dev\Dev2.Activities.Tests\Dev2.Activities.Tests.csproj]
C:\Users\ultra\warewolf\Dev\Dev2.Activities.Tests\ActivityComparerTests\ComDll\DsfComDllActivityEqualityTests.cs(532,30): warning CS0618: 'DsfComDllActivity' is obsolete: 'DsfWebPostActivity is deprecated.' [C:\Users\ultra\warewolf\Dev\Dev2.Activities.Tests\Dev2.Activities.Tests.csproj]
C:\Users\ultra\warewolf\Dev\Dev2.Activities.Tests\ActivityComparerTests\ComDll\DsfComDllActivityEqualityTests.cs(596,30): warning CS0618: 'DsfComDllActivity' is obsolete: 'DsfWebPostActivity is deprecated.' [C:\Users\ultra\warewolf\Dev\Dev2.Activities.Tests\Dev2.Activities.Tests.csproj]
C:\Users\ultra\warewolf\Dev\Dev2.Activities.Tests\ActivityComparerTests\ComDll\DsfComDllActivityEqualityTests.cs(680,30): warning CS0618: 'DsfComDllActivity' is obsolete: 'DsfWebPostActivity is deprecated.' [C:\Users\ultra\warewolf\Dev\Dev2.Activities.Tests\Dev2.Activities.Tests.csproj]
C:\Users\ultra\warewolf\Dev\Dev2.Activities.Tests\ActivityComparerTests\ComDll\DsfComDllActivityEqualityTests.cs(764,30): warning CS0618: 'DsfComDllActivity' is obsolete: 'DsfWebPostActivity is deprecated.' [C:\Users\ultra\warewolf\Dev\Dev2.Activities.Tests\Dev2.Activities.Tests.csproj]
C:\Users\ultra\warewolf\Dev\Dev2.Activities.Tests\ActivityComparerTests\ComDll\DsfComDllActivityEqualityTests.cs(846,30): warning CS0618: 'DsfComDllActivity' is obsolete: 'DsfWebPostActivity is deprecated.' [C:\Users\ultra\warewolf\Dev\Dev2.Activities.Tests\Dev2.Activities.Tests.csproj]
C:\Users\ultra\warewolf\Dev\Dev2.Activities.Tests\ActivityComparerTests\ComDll\DsfComDllActivityEqualityTests.cs(930,30): warning CS0618: 'DsfComDllActivity' is obsolete: 'DsfWebPostActivity is deprecated.' [C:\Users\ultra\warewolf\Dev\Dev2.Activities.Tests\Dev2.Activities.Tests.csproj]
C:\Users\ultra\warewolf\Dev\Dev2.Activities.Tests\ActivityComparerTests\ComDll\DsfComDllActivityEqualityTests.cs(1031,30): warning CS0618: 'DsfComDllActivity' is obsolete: 'DsfWebPostActivity is deprecated.' [C:\Users\ultra\warewolf\Dev\Dev2.Activities.Tests\Dev2.Activities.Tests.csproj]
C:\Users\ultra\warewolf\Dev\Dev2.Activities.Tests\ActivityComparerTests\ComDll\DsfComDllActivityEqualityTests.cs(1112,30): warning CS0618: 'DsfComDllActivity' is obsolete: 'DsfWebPostActivity is deprecated.' [C:\Users\ultra\warewolf\Dev\Dev2.Activities.Tests\Dev2.Activities.Tests.csproj]
C:\Users\ultra\warewolf\Dev\Dev2.Activities.Tests\ActivityComparerTests\ComDll\DsfComDllActivityEqualityTests.cs(1199,30): warning CS0618: 'DsfComDllActivity' is obsolete: 'DsfWebPostActivity is deprecated.' [C:\Users\ultra\warewolf\Dev\Dev2.Activities.Tests\Dev2.Activities.Tests.csproj]
C:\Users\ultra\warewolf\Dev\Dev2.Activities.Tests\ActivityComparerTests\ComDll\DsfComDllActivityEqualityTests.cs(1263,30): warning CS0618: 'DsfComDllActivity' is obsolete: 'DsfWebPostActivity is deprecated.' [C:\Users\ultra\warewolf\Dev\Dev2.Activities.Tests\Dev2.Activities.Tests.csproj]
C:\Users\ultra\warewolf\Dev\Dev2.Activities.Tests\ActivityComparerTests\ComDll\DsfComDllActivityEqualityTests.cs(1328,30): warning CS0618: 'DsfComDllActivity' is obsolete: 'DsfWebPostActivity is deprecated.' [C:\Users\ultra\warewolf\Dev\Dev2.Activities.Tests\Dev2.Activities.Tests.csproj]
C:\Users\ultra\warewolf\Dev\Dev2.Activities.Tests\ActivityComparerTests\ComDll\DsfComDllActivityEqualityTests.cs(1396,30): warning CS0618: 'DsfComDllActivity' is obsolete: 'DsfWebPostActivity is deprecated.' [C:\Users\ultra\warewolf\Dev\Dev2.Activities.Tests\Dev2.Activities.Tests.csproj]
C:\Users\ultra\warewolf\Dev\Dev2.Activities.Tests\ActivityComparerTests\ComDll\DsfComDllActivityEqualityTests.cs(1469,30): warning CS0618: 'DsfComDllActivity' is obsolete: 'DsfWebPostActivity is deprecated.' [C:\Users\ultra\warewolf\Dev\Dev2.Activities.Tests\Dev2.Activities.Tests.csproj]
C:\Users\ultra\warewolf\Dev\Dev2.Activities.Tests\ActivityComparerTests\ComDll\DsfComDllActivityEqualityTests.cs(1541,30): warning CS0618: 'DsfComDllActivity' is obsolete: 'DsfWebPostActivity is deprecated.' [C:\Users\ultra\warewolf\Dev\Dev2.Activities.Tests\Dev2.Activities.Tests.csproj]
C:\Users\ultra\warewolf\Dev\Dev2.Activities.Tests\ActivityComparerTests\ComDll\DsfComDllActivityEqualityTests.cs(1607,30): warning CS0618: 'DsfComDllActivity' is obsolete: 'DsfWebPostActivity is deprecated.' [C:\Users\ultra\warewolf\Dev\Dev2.Activities.Tests\Dev2.Activities.Tests.csproj]
C:\Users\ultra\warewolf\Dev\Dev2.Activities.Tests\ActivityComparerTests\ComDll\DsfComDllActivityEqualityTests.cs(1675,30): warning CS0618: 'DsfComDllActivity' is obsolete: 'DsfWebPostActivity is deprecated.' [C:\Users\ultra\warewolf\Dev\Dev2.Activities.Tests\Dev2.Activities.Tests.csproj]
C:\Users\ultra\warewolf\Dev\Dev2.Activities.Tests\ActivityComparerTests\ComDll\DsfComDllActivityEqualityTests.cs(1745,30): warning CS0618: 'DsfComDllActivity' is obsolete: 'DsfWebPostActivity is deprecated.' [C:\Users\ultra\warewolf\Dev\Dev2.Activities.Tests\Dev2.Activities.Tests.csproj]
C:\Users\ultra\warewolf\Dev\Dev2.Activities.Tests\Activities\DsfComDllActivityTests.cs(274,23): warning CS0618: 'DsfComDllActivity' is obsolete: 'DsfWebPostActivity is deprecated.' [C:\Users\ultra\warewolf\Dev\Dev2.Activities.Tests\Dev2.Activities.Tests.csproj]
C:\Users\ultra\warewolf\Dev\Dev2.Activities.Tests\ActivityComparerTests\ComDll\DsfComDllActivityEqualityTests.cs(39,32): warning CS0618: 'DsfComDllActivity' is obsolete: 'DsfWebPostActivity is deprecated.' [C:\Users\ultra\warewolf\Dev\Dev2.Activities.Tests\Dev2.Activities.Tests.csproj]
C:\Users\ultra\warewolf\Dev\Dev2.Activities.Tests\ActivityComparerTests\ComDll\DsfComDllActivityEqualityTests.cs(40,33): warning CS0618: 'DsfComDllActivity' is obsolete: 'DsfWebPostActivity is deprecated.' [C:\Users\ultra\warewolf\Dev\Dev2.Activities.Tests\Dev2.Activities.Tests.csproj]
C:\Users\ultra\warewolf\Dev\Dev2.Activities.Tests\ActivityComparerTests\ComDll\DsfComDllActivityEqualityTests.cs(57,32): warning CS0618: 'DsfComDllActivity' is obsolete: 'DsfWebPostActivity is deprecated.' [C:\Users\ultra\warewolf\Dev\Dev2.Activities.Tests\Dev2.Activities.Tests.csproj]
C:\Users\ultra\warewolf\Dev\Dev2.Activities.Tests\ActivityComparerTests\ComDll\DsfComDllActivityEqualityTests.cs(58,33): warning CS0618: 'DsfComDllActivity' is obsolete: 'DsfWebPostActivity is deprecated.' [C:\Users\ultra\warewolf\Dev\Dev2.Activities.Tests\Dev2.Activities.Tests.csproj]
C:\Users\ultra\warewolf\Dev\Dev2.Activities.Tests\ActivityComparerTests\ComDll\DsfComDllActivityEqualityTests.cs(75,32): warning CS0618: 'DsfComDllActivity' is obsolete: 'DsfWebPostActivity is deprecated.' [C:\Users\ultra\warewolf\Dev\Dev2.Activities.Tests\Dev2.Activities.Tests.csproj]
C:\Users\ultra\warewolf\Dev\Dev2.Activities.Tests\ActivityComparerTests\ComDll\DsfComDllActivityEqualityTests.cs(76,33): warning CS0618: 'DsfComDllActivity' is obsolete: 'DsfWebPostActivity is deprecated.' [C:\Users\ultra\warewolf\Dev\Dev2.Activities.Tests\Dev2.Activities.Tests.csproj]
C:\Users\ultra\warewolf\Dev\Dev2.Activities.Tests\ActivityComparerTests\ComDll\DsfComDllActivityEqualityTests.cs(93,32): warning CS0618: 'DsfComDllActivity' is obsolete: 'DsfWebPostActivity is deprecated.' [C:\Users\ultra\warewolf\Dev\Dev2.Activities.Tests\Dev2.Activities.Tests.csproj]
C:\Users\ultra\warewolf\Dev\Dev2.Activities.Tests\ActivityComparerTests\ComDll\DsfComDllActivityEqualityTests.cs(94,33): warning CS0618: 'DsfComDllActivity' is obsolete: 'DsfWebPostActivity is deprecated.' [C:\Users\ultra\warewolf\Dev\Dev2.Activities.Tests\Dev2.Activities.Tests.csproj]
C:\Users\ultra\warewolf\Dev\Dev2.Activities.Tests\ActivityComparerTests\ComDll\DsfComDllActivityEqualityTests.cs(111,32): warning CS0618: 'DsfComDllActivity' is obsolete: 'DsfWebPostActivity is deprecated.' [C:\Users\ultra\warewolf\Dev\Dev2.Activities.Tests\Dev2.Activities.Tests.csproj]
C:\Users\ultra\warewolf\Dev\Dev2.Activities.Tests\ActivityComparerTests\ComDll\DsfComDllActivityEqualityTests.cs(112,33): warning CS0618: 'DsfComDllActivity' is obsolete: 'DsfWebPostActivity is deprecated.' [C:\Users\ultra\warewolf\Dev\Dev2.Activities.Tests\Dev2.Activities.Tests.csproj]
C:\Users\ultra\warewolf\Dev\Dev2.Activities.Tests\ActivityComparerTests\ComDll\DsfComDllActivityEqualityTests.cs(139,32): warning CS0618: 'DsfComDllActivity' is obsolete: 'DsfWebPostActivity is deprecated.' [C:\Users\ultra\warewolf\Dev\Dev2.Activities.Tests\Dev2.Activities.Tests.csproj]
C:\Users\ultra\warewolf\Dev\Dev2.Activities.Tests\ActivityComparerTests\ComDll\DsfComDllActivityEqualityTests.cs(145,33): warning CS0618: 'DsfComDllActivity' is obsolete: 'DsfWebPostActivity is deprecated.' [C:\Users\ultra\warewolf\Dev\Dev2.Activities.Tests\Dev2.Activities.Tests.csproj]
C:\Users\ultra\warewolf\Dev\Dev2.Activities.Tests\ActivityComparerTests\ComDll\DsfComDllActivityEqualityTests.cs(176,32): warning CS0618: 'DsfComDllActivity' is obsolete: 'DsfWebPostActivity is deprecated.' [C:\Users\ultra\warewolf\Dev\Dev2.Activities.Tests\Dev2.Activities.Tests.csproj]
C:\Users\ultra\warewolf\Dev\Dev2.Activities.Tests\ActivityComparerTests\ComDll\DsfComDllActivityEqualityTests.cs(182,33): warning CS0618: 'DsfComDllActivity' is obsolete: 'DsfWebPostActivity is deprecated.' [C:\Users\ultra\warewolf\Dev\Dev2.Activities.Tests\Dev2.Activities.Tests.csproj]
C:\Users\ultra\warewolf\Dev\Dev2.Activities.Tests\ActivityComparerTests\ComDll\DsfComDllActivityEqualityTests.cs(216,32): warning CS0618: 'DsfComDllActivity' is obsolete: 'DsfWebPostActivity is deprecated.' [C:\Users\ultra\warewolf\Dev\Dev2.Activities.Tests\Dev2.Activities.Tests.csproj]
C:\Users\ultra\warewolf\Dev\Dev2.Activities.Tests\ActivityComparerTests\ComDll\DsfComDllActivityEqualityTests.cs(222,33): warning CS0618: 'DsfComDllActivity' is obsolete: 'DsfWebPostActivity is deprecated.' [C:\Users\ultra\warewolf\Dev\Dev2.Activities.Tests\Dev2.Activities.Tests.csproj]
C:\Users\ultra\warewolf\Dev\Dev2.Activities.Tests\ActivityComparerTests\ComDll\DsfComDllActivityEqualityTests.cs(256,32): warning CS0618: 'DsfComDllActivity' is obsolete: 'DsfWebPostActivity is deprecated.' [C:\Users\ultra\warewolf\Dev\Dev2.Activities.Tests\Dev2.Activities.Tests.csproj]
C:\Users\ultra\warewolf\Dev\Dev2.Activities.Tests\ActivityComparerTests\ComDll\DsfComDllActivityEqualityTests.cs(262,33): warning CS0618: 'DsfComDllActivity' is obsolete: 'DsfWebPostActivity is deprecated.' [C:\Users\ultra\warewolf\Dev\Dev2.Activities.Tests\Dev2.Activities.Tests.csproj]
C:\Users\ultra\warewolf\Dev\Dev2.Activities.Tests\ActivityComparerTests\ComDll\DsfComDllActivityEqualityTests.cs(298,32): warning CS0618: 'DsfComDllActivity' is obsolete: 'DsfWebPostActivity is deprecated.' [C:\Users\ultra\warewolf\Dev\Dev2.Activities.Tests\Dev2.Activities.Tests.csproj]
C:\Users\ultra\warewolf\Dev\Dev2.Activities.Tests\ActivityComparerTests\ComDll\DsfComDllActivityEqualityTests.cs(306,33): warning CS0618: 'DsfComDllActivity' is obsolete: 'DsfWebPostActivity is deprecated.' [C:\Users\ultra\warewolf\Dev\Dev2.Activities.Tests\Dev2.Activities.Tests.csproj]
C:\Users\ultra\warewolf\Dev\Dev2.Activities.Tests\ActivityComparerTests\ComDll\DsfComDllActivityEqualityTests.cs(343,32): warning CS0618: 'DsfComDllActivity' is obsolete: 'DsfWebPostActivity is deprecated.' [C:\Users\ultra\warewolf\Dev\Dev2.Activities.Tests\Dev2.Activities.Tests.csproj]
C:\Users\ultra\warewolf\Dev\Dev2.Activities.Tests\ActivityComparerTests\ComDll\DsfComDllActivityEqualityTests.cs(349,33): warning CS0618: 'DsfComDllActivity' is obsolete: 'DsfWebPostActivity is deprecated.' [C:\Users\ultra\warewolf\Dev\Dev2.Activities.Tests\Dev2.Activities.Tests.csproj]
C:\Users\ultra\warewolf\Dev\Dev2.Activities.Tests\ActivityComparerTests\ComDll\DsfComDllActivityEqualityTests.cs(393,32): warning CS0618: 'DsfComDllActivity' is obsolete: 'DsfWebPostActivity is deprecated.' [C:\Users\ultra\warewolf\Dev\Dev2.Activities.Tests\Dev2.Activities.Tests.csproj]
C:\Users\ultra\warewolf\Dev\Dev2.Activities.Tests\ActivityComparerTests\ComDll\DsfComDllActivityEqualityTests.cs(399,33): warning CS0618: 'DsfComDllActivity' is obsolete: 'DsfWebPostActivity is deprecated.' [C:\Users\ultra\warewolf\Dev\Dev2.Activities.Tests\Dev2.Activities.Tests.csproj]
C:\Users\ultra\warewolf\Dev\Dev2.Activities.Tests\ActivityComparerTests\ComDll\DsfComDllActivityEqualityTests.cs(445,32): warning CS0618: 'DsfComDllActivity' is obsolete: 'DsfWebPostActivity is deprecated.' [C:\Users\ultra\warewolf\Dev\Dev2.Activities.Tests\Dev2.Activities.Tests.csproj]
C:\Users\ultra\warewolf\Dev\Dev2.Activities.Tests\ActivityComparerTests\ComDll\DsfComDllActivityEqualityTests.cs(451,33): warning CS0618: 'DsfComDllActivity' is obsolete: 'DsfWebPostActivity is deprecated.' [C:\Users\ultra\warewolf\Dev\Dev2.Activities.Tests\Dev2.Activities.Tests.csproj]
C:\Users\ultra\warewolf\Dev\Dev2.Activities.Tests\ActivityComparerTests\ComDll\DsfComDllActivityEqualityTests.cs(507,32): warning CS0618: 'DsfComDllActivity' is obsolete: 'DsfWebPostActivity is deprecated.' [C:\Users\ultra\warewolf\Dev\Dev2.Activities.Tests\Dev2.Activities.Tests.csproj]
C:\Users\ultra\warewolf\Dev\Dev2.Activities.Tests\ActivityComparerTests\ComDll\DsfComDllActivityEqualityTests.cs(514,33): warning CS0618: 'DsfComDllActivity' is obsolete: 'DsfWebPostActivity is deprecated.' [C:\Users\ultra\warewolf\Dev\Dev2.Activities.Tests\Dev2.Activities.Tests.csproj]
C:\Users\ultra\warewolf\Dev\Dev2.Activities.Tests\ActivityComparerTests\ComDll\DsfComDllActivityEqualityTests.cs(571,32): warning CS0618: 'DsfComDllActivity' is obsolete: 'DsfWebPostActivity is deprecated.' [C:\Users\ultra\warewolf\Dev\Dev2.Activities.Tests\Dev2.Activities.Tests.csproj]
C:\Users\ultra\warewolf\Dev\Dev2.Activities.Tests\ActivityComparerTests\ComDll\DsfComDllActivityEqualityTests.cs(578,33): warning CS0618: 'DsfComDllActivity' is obsolete: 'DsfWebPostActivity is deprecated.' [C:\Users\ultra\warewolf\Dev\Dev2.Activities.Tests\Dev2.Activities.Tests.csproj]
C:\Users\ultra\warewolf\Dev\Dev2.Activities.Tests\ActivityComparerTests\ComDll\DsfComDllActivityEqualityTests.cs(655,32): warning CS0618: 'DsfComDllActivity' is obsolete: 'DsfWebPostActivity is deprecated.' [C:\Users\ultra\warewolf\Dev\Dev2.Activities.Tests\Dev2.Activities.Tests.csproj]
C:\Users\ultra\warewolf\Dev\Dev2.Activities.Tests\ActivityComparerTests\ComDll\DsfComDllActivityEqualityTests.cs(662,33): warning CS0618: 'DsfComDllActivity' is obsolete: 'DsfWebPostActivity is deprecated.' [C:\Users\ultra\warewolf\Dev\Dev2.Activities.Tests\Dev2.Activities.Tests.csproj]
C:\Users\ultra\warewolf\Dev\Dev2.Activities.Tests\ActivityComparerTests\ComDll\DsfComDllActivityEqualityTests.cs(739,32): warning CS0618: 'DsfComDllActivity' is obsolete: 'DsfWebPostActivity is deprecated.' [C:\Users\ultra\warewolf\Dev\Dev2.Activities.Tests\Dev2.Activities.Tests.csproj]
C:\Users\ultra\warewolf\Dev\Dev2.Activities.Tests\ActivityComparerTests\ComDll\DsfComDllActivityEqualityTests.cs(746,33): warning CS0618: 'DsfComDllActivity' is obsolete: 'DsfWebPostActivity is deprecated.' [C:\Users\ultra\warewolf\Dev\Dev2.Activities.Tests\Dev2.Activities.Tests.csproj]
C:\Users\ultra\warewolf\Dev\Dev2.Activities.Tests\ActivityComparerTests\ComDll\DsfComDllActivityEqualityTests.cs(821,32): warning CS0618: 'DsfComDllActivity' is obsolete: 'DsfWebPostActivity is deprecated.' [C:\Users\ultra\warewolf\Dev\Dev2.Activities.Tests\Dev2.Activities.Tests.csproj]
C:\Users\ultra\warewolf\Dev\Dev2.Activities.Tests\ActivityComparerTests\ComDll\DsfComDllActivityEqualityTests.cs(828,33): warning CS0618: 'DsfComDllActivity' is obsolete: 'DsfWebPostActivity is deprecated.' [C:\Users\ultra\warewolf\Dev\Dev2.Activities.Tests\Dev2.Activities.Tests.csproj]
C:\Users\ultra\warewolf\Dev\Dev2.Activities.Tests\ActivityComparerTests\ComDll\DsfComDllActivityEqualityTests.cs(905,32): warning CS0618: 'DsfComDllActivity' is obsolete: 'DsfWebPostActivity is deprecated.' [C:\Users\ultra\warewolf\Dev\Dev2.Activities.Tests\Dev2.Activities.Tests.csproj]
C:\Users\ultra\warewolf\Dev\Dev2.Activities.Tests\ActivityComparerTests\ComDll\DsfComDllActivityEqualityTests.cs(912,33): warning CS0618: 'DsfComDllActivity' is obsolete: 'DsfWebPostActivity is deprecated.' [C:\Users\ultra\warewolf\Dev\Dev2.Activities.Tests\Dev2.Activities.Tests.csproj]
C:\Users\ultra\warewolf\Dev\Dev2.Activities.Tests\ActivityComparerTests\ComDll\DsfComDllActivityEqualityTests.cs(1003,32): warning CS0618: 'DsfComDllActivity' is obsolete: 'DsfWebPostActivity is deprecated.' [C:\Users\ultra\warewolf\Dev\Dev2.Activities.Tests\Dev2.Activities.Tests.csproj]
C:\Users\ultra\warewolf\Dev\Dev2.Activities.Tests\ActivityComparerTests\ComDll\DsfComDllActivityEqualityTests.cs(1012,33): warning CS0618: 'DsfComDllActivity' is obsolete: 'DsfWebPostActivity is deprecated.' [C:\Users\ultra\warewolf\Dev\Dev2.Activities.Tests\Dev2.Activities.Tests.csproj]
C:\Users\ultra\warewolf\Dev\Dev2.Activities.Tests\ActivityComparerTests\ComDll\DsfComDllActivityEqualityTests.cs(1088,32): warning CS0618: 'DsfComDllActivity' is obsolete: 'DsfWebPostActivity is deprecated.' [C:\Users\ultra\warewolf\Dev\Dev2.Activities.Tests\Dev2.Activities.Tests.csproj]
C:\Users\ultra\warewolf\Dev\Dev2.Activities.Tests\ActivityComparerTests\ComDll\DsfComDllActivityEqualityTests.cs(1095,33): warning CS0618: 'DsfComDllActivity' is obsolete: 'DsfWebPostActivity is deprecated.' [C:\Users\ultra\warewolf\Dev\Dev2.Activities.Tests\Dev2.Activities.Tests.csproj]
C:\Users\ultra\warewolf\Dev\Dev2.Activities.Tests\ActivityComparerTests\ComDll\DsfComDllActivityEqualityTests.cs(1171,32): warning CS0618: 'DsfComDllActivity' is obsolete: 'DsfWebPostActivity is deprecated.' [C:\Users\ultra\warewolf\Dev\Dev2.Activities.Tests\Dev2.Activities.Tests.csproj]
C:\Users\ultra\warewolf\Dev\Dev2.Activities.Tests\ActivityComparerTests\ComDll\DsfComDllActivityEqualityTests.cs(1180,33): warning CS0618: 'DsfComDllActivity' is obsolete: 'DsfWebPostActivity is deprecated.' [C:\Users\ultra\warewolf\Dev\Dev2.Activities.Tests\Dev2.Activities.Tests.csproj]
C:\Users\ultra\warewolf\Dev\Dev2.Activities.Tests\ActivityComparerTests\ComDll\DsfComDllActivityEqualityTests.cs(1238,32): warning CS0618: 'DsfComDllActivity' is obsolete: 'DsfWebPostActivity is deprecated.' [C:\Users\ultra\warewolf\Dev\Dev2.Activities.Tests\Dev2.Activities.Tests.csproj]
C:\Users\ultra\warewolf\Dev\Dev2.Activities.Tests\ActivityComparerTests\ComDll\DsfComDllActivityEqualityTests.cs(1245,33): warning CS0618: 'DsfComDllActivity' is obsolete: 'DsfWebPostActivity is deprecated.' [C:\Users\ultra\warewolf\Dev\Dev2.Activities.Tests\Dev2.Activities.Tests.csproj]
C:\Users\ultra\warewolf\Dev\Dev2.Activities.Tests\ActivityComparerTests\ComDll\DsfComDllActivityEqualityTests.cs(1304,32): warning CS0618: 'DsfComDllActivity' is obsolete: 'DsfWebPostActivity is deprecated.' [C:\Users\ultra\warewolf\Dev\Dev2.Activities.Tests\Dev2.Activities.Tests.csproj]
C:\Users\ultra\warewolf\Dev\Dev2.Activities.Tests\ActivityComparerTests\ComDll\DsfComDllActivityEqualityTests.cs(1311,33): warning CS0618: 'DsfComDllActivity' is obsolete: 'DsfWebPostActivity is deprecated.' [C:\Users\ultra\warewolf\Dev\Dev2.Activities.Tests\Dev2.Activities.Tests.csproj]
C:\Users\ultra\warewolf\Dev\Dev2.Activities.Tests\ActivityComparerTests\ComDll\DsfComDllActivityEqualityTests.cs(1371,32): warning CS0618: 'DsfComDllActivity' is obsolete: 'DsfWebPostActivity is deprecated.' [C:\Users\ultra\warewolf\Dev\Dev2.Activities.Tests\Dev2.Activities.Tests.csproj]
C:\Users\ultra\warewolf\Dev\Dev2.Activities.Tests\ActivityComparerTests\ComDll\DsfComDllActivityEqualityTests.cs(1378,33): warning CS0618: 'DsfComDllActivity' is obsolete: 'DsfWebPostActivity is deprecated.' [C:\Users\ultra\warewolf\Dev\Dev2.Activities.Tests\Dev2.Activities.Tests.csproj]
C:\Users\ultra\warewolf\Dev\Dev2.Activities.Tests\ActivityComparerTests\ComDll\DsfComDllActivityEqualityTests.cs(1441,32): warning CS0618: 'DsfComDllActivity' is obsolete: 'DsfWebPostActivity is deprecated.' [C:\Users\ultra\warewolf\Dev\Dev2.Activities.Tests\Dev2.Activities.Tests.csproj]
C:\Users\ultra\warewolf\Dev\Dev2.Activities.Tests\ActivityComparerTests\ComDll\DsfComDllActivityEqualityTests.cs(1450,33): warning CS0618: 'DsfComDllActivity' is obsolete: 'DsfWebPostActivity is deprecated.' [C:\Users\ultra\warewolf\Dev\Dev2.Activities.Tests\Dev2.Activities.Tests.csproj]
C:\Users\ultra\warewolf\Dev\Dev2.Activities.Tests\ActivityComparerTests\ComDll\DsfComDllActivityEqualityTests.cs(1516,32): warning CS0618: 'DsfComDllActivity' is obsolete: 'DsfWebPostActivity is deprecated.' [C:\Users\ultra\warewolf\Dev\Dev2.Activities.Tests\Dev2.Activities.Tests.csproj]
C:\Users\ultra\warewolf\Dev\Dev2.Activities.Tests\ActivityComparerTests\ComDll\DsfComDllActivityEqualityTests.cs(1523,33): warning CS0618: 'DsfComDllActivity' is obsolete: 'DsfWebPostActivity is deprecated.' [C:\Users\ultra\warewolf\Dev\Dev2.Activities.Tests\Dev2.Activities.Tests.csproj]
C:\Users\ultra\warewolf\Dev\Dev2.Activities.Tests\ActivityComparerTests\ComDll\DsfComDllActivityEqualityTests.cs(1582,32): warning CS0618: 'DsfComDllActivity' is obsolete: 'DsfWebPostActivity is deprecated.' [C:\Users\ultra\warewolf\Dev\Dev2.Activities.Tests\Dev2.Activities.Tests.csproj]
C:\Users\ultra\warewolf\Dev\Dev2.Activities.Tests\ActivityComparerTests\ComDll\DsfComDllActivityEqualityTests.cs(1589,33): warning CS0618: 'DsfComDllActivity' is obsolete: 'DsfWebPostActivity is deprecated.' [C:\Users\ultra\warewolf\Dev\Dev2.Activities.Tests\Dev2.Activities.Tests.csproj]
C:\Users\ultra\warewolf\Dev\Dev2.Activities.Tests\ActivityComparerTests\ComDll\DsfComDllActivityEqualityTests.cs(1650,32): warning CS0618: 'DsfComDllActivity' is obsolete: 'DsfWebPostActivity is deprecated.' [C:\Users\ultra\warewolf\Dev\Dev2.Activities.Tests\Dev2.Activities.Tests.csproj]
C:\Users\ultra\warewolf\Dev\Dev2.Activities.Tests\ActivityComparerTests\ComDll\DsfComDllActivityEqualityTests.cs(1657,33): warning CS0618: 'DsfComDllActivity' is obsolete: 'DsfWebPostActivity is deprecated.' [C:\Users\ultra\warewolf\Dev\Dev2.Activities.Tests\Dev2.Activities.Tests.csproj]
C:\Users\ultra\warewolf\Dev\Dev2.Activities.Tests\ActivityComparerTests\ComDll\DsfComDllActivityEqualityTests.cs(1720,32): warning CS0618: 'DsfComDllActivity' is obsolete: 'DsfWebPostActivity is deprecated.' [C:\Users\ultra\warewolf\Dev\Dev2.Activities.Tests\Dev2.Activities.Tests.csproj]
C:\Users\ultra\warewolf\Dev\Dev2.Activities.Tests\ActivityComparerTests\ComDll\DsfComDllActivityEqualityTests.cs(1727,33): warning CS0618: 'DsfComDllActivity' is obsolete: 'DsfWebPostActivity is deprecated.' [C:\Users\ultra\warewolf\Dev\Dev2.Activities.Tests\Dev2.Activities.Tests.csproj]
C:\Users\ultra\warewolf\Dev\Dev2.Activities.Tests\ActivityComparerTests\ComDll\DsfComDllActivityEqualityTests.cs(1792,32): warning CS0618: 'DsfComDllActivity' is obsolete: 'DsfWebPostActivity is deprecated.' [C:\Users\ultra\warewolf\Dev\Dev2.Activities.Tests\Dev2.Activities.Tests.csproj]
C:\Users\ultra\warewolf\Dev\Dev2.Activities.Tests\ActivityComparerTests\ComDll\DsfComDllActivityEqualityTests.cs(1799,33): warning CS0618: 'DsfComDllActivity' is obsolete: 'DsfWebPostActivity is deprecated.' [C:\Users\ultra\warewolf\Dev\Dev2.Activities.Tests\Dev2.Activities.Tests.csproj]
C:\Users\ultra\warewolf\Dev\Dev2.Activities.Tests\ActivityTests\ExecuteCommandLineTest.cs(41,43): warning CS0618: 'TestContext.TestDir' is obsolete: 'This property is deprecated, use TestRunDirectory instead. It will be removed in next version.' [C:\Users\ultra\warewolf\Dev\Dev2.Activities.Tests\Dev2.Activities.Tests.csproj]
C:\Users\ultra\warewolf\Dev\Dev2.Activities.Tests\ActivityTests\ExecuteCommandLineTest.cs(105,47): warning CS0618: 'TestContext.TestDeploymentDir' is obsolete: 'This property is deprecated, use DeploymentDirectory instead. It will be removed in next version.' [C:\Users\ultra\warewolf\Dev\Dev2.Activities.Tests\Dev2.Activities.Tests.csproj]
C:\Users\ultra\warewolf\Dev\Dev2.Activities.Tests\ActivityTests\ZipTests.cs(33,28): warning MSTEST0005: Property 'TestContext' should be valid (https://learn.microsoft.com/dotnet/core/testing/mstest-analyzers/mstest0005) [C:\Users\ultra\warewolf\Dev\Dev2.Activities.Tests\Dev2.Activities.Tests.csproj]
C:\Users\ultra\warewolf\Dev\Dev2.Activities.Tests\FindMissingStrategyTest\StaticActivityFindMissingStrategyTests.cs(26,21): warning MSTEST0005: Property 'TestContext' should be valid (https://learn.microsoft.com/dotnet/core/testing/mstest-analyzers/mstest0005) [C:\Users\ultra\warewolf\Dev\Dev2.Activities.Tests\Dev2.Activities.Tests.csproj]
C:\Users\ultra\warewolf\Dev\Dev2.Activities.Tests\ActivityTests\SuspendExecutionActivityTests.cs(1027,58): warning CA1416: This call site is reachable on all platforms. 'WindowsIdentity.GetCurrent()' is only supported on: 'windows'. (https://learn.microsoft.com/dotnet/fundamentals/code-analysis/quality-rules/ca1416) [C:\Users\ultra\warewolf\Dev\Dev2.Activities.Tests\Dev2.Activities.Tests.csproj]
C:\Users\ultra\warewolf\Dev\Dev2.Activities.Tests\ActivityTests\SuspendExecutionActivityTests.cs(651,60): warning CA1416: This call site is reachable on all platforms. 'WindowsIdentity.GetCurrent()' is only supported on: 'windows'. (https://learn.microsoft.com/dotnet/fundamentals/code-analysis/quality-rules/ca1416) [C:\Users\ultra\warewolf\Dev\Dev2.Activities.Tests\Dev2.Activities.Tests.csproj]
C:\Users\ultra\warewolf\Dev\Dev2.Activities.Tests\ActivityTests\SuspendExecutionActivityTests.cs(738,60): warning CA1416: This call site is reachable on all platforms. 'WindowsIdentity.GetCurrent()' is only supported on: 'windows'. (https://learn.microsoft.com/dotnet/fundamentals/code-analysis/quality-rules/ca1416) [C:\Users\ultra\warewolf\Dev\Dev2.Activities.Tests\Dev2.Activities.Tests.csproj]
C:\Users\ultra\warewolf\Dev\Dev2.Activities.Tests\ActivityTests\SuspendExecutionActivityTests.cs(613,58): warning CA1416: This call site is reachable on all platforms. 'WindowsIdentity.GetCurrent()' is only supported on: 'windows'. (https://learn.microsoft.com/dotnet/fundamentals/code-analysis/quality-rules/ca1416) [C:\Users\ultra\warewolf\Dev\Dev2.Activities.Tests\Dev2.Activities.Tests.csproj]
C:\Users\ultra\warewolf\Dev\Dev2.Activities.Tests\ActivityTests\SuspendExecutionActivityTests.cs(699,58): warning CA1416: This call site is reachable on all platforms. 'WindowsIdentity.GetCurrent()' is only supported on: 'windows'. (https://learn.microsoft.com/dotnet/fundamentals/code-analysis/quality-rules/ca1416) [C:\Users\ultra\warewolf\Dev\Dev2.Activities.Tests\Dev2.Activities.Tests.csproj]
C:\Users\ultra\warewolf\Dev\Dev2.Activities.Tests\ActivityTests\SuspendExecutionActivityTests.cs(923,58): warning CA1416: This call site is reachable on all platforms. 'WindowsIdentity.GetCurrent()' is only supported on: 'windows'. (https://learn.microsoft.com/dotnet/fundamentals/code-analysis/quality-rules/ca1416) [C:\Users\ultra\warewolf\Dev\Dev2.Activities.Tests\Dev2.Activities.Tests.csproj]
C:\Users\ultra\warewolf\Dev\Dev2.Activities.Tests\ActivityTests\SuspendExecutionActivityTests.cs(738,60): warning CA1416: This call site is reachable on all platforms. 'WindowsIdentity.Name' is only supported on: 'windows'. (https://learn.microsoft.com/dotnet/fundamentals/code-analysis/quality-rules/ca1416) [C:\Users\ultra\warewolf\Dev\Dev2.Activities.Tests\Dev2.Activities.Tests.csproj]
C:\Users\ultra\warewolf\Dev\Dev2.Activities.Tests\ActivityTests\SuspendExecutionActivityTests.cs(651,60): warning CA1416: This call site is reachable on all platforms. 'WindowsIdentity.Name' is only supported on: 'windows'. (https://learn.microsoft.com/dotnet/fundamentals/code-analysis/quality-rules/ca1416) [C:\Users\ultra\warewolf\Dev\Dev2.Activities.Tests\Dev2.Activities.Tests.csproj]
  Dev2.Activities.Tests -> C:\Users\ultra\warewolf\Dev\Dev2.Activities.Tests\bin\Debug\net8.0\linux-x64\Dev2.Activities.Tests.dll
C:\Program Files\dotnet\sdk\10.0.201\Microsoft.Common.CurrentVersion.targets(2451,5): warning MSB3277: Found conflicts between different versions of "Microsoft.Win32.SystemEvents" that could not be resolved. [C:\Users\ultra\warewolf\Dev\Warewolf.Studio.ViewModels\Warewolf.Studio.ViewModels.csproj]
C:\Program Files\dotnet\sdk\10.0.201\Microsoft.Common.CurrentVersion.targets(2451,5): warning MSB3277: There was a conflict between "Microsoft.Win32.SystemEvents, Version=6.0.0.0, Culture=neutral, PublicKeyToken=cc7b13ffcd2ddd51" and "Microsoft.Win32.SystemEvents, Version=7.0.0.0, Culture=neutral, PublicKeyToken=cc7b13ffcd2ddd51". [C:\Users\ultra\warewolf\Dev\Warewolf.Studio.ViewModels\Warewolf.Studio.ViewModels.csproj]
C:\Program Files\dotnet\sdk\10.0.201\Microsoft.Common.CurrentVersion.targets(2451,5): warning MSB3277:     "Microsoft.Win32.SystemEvents, Version=6.0.0.0, Culture=neutral, PublicKeyToken=cc7b13ffcd2ddd51" was chosen because it was primary and "Microsoft.Win32.SystemEvents, Version=7.0.0.0, Culture=neutral, PublicKeyToken=cc7b13ffcd2ddd51" was not. [C:\Users\ultra\warewolf\Dev\Warewolf.Studio.ViewModels\Warewolf.Studio.ViewModels.csproj]
C:\Program Files\dotnet\sdk\10.0.201\Microsoft.Common.CurrentVersion.targets(2451,5): warning MSB3277:     References which depend on "Microsoft.Win32.SystemEvents, Version=6.0.0.0, Culture=neutral, PublicKeyToken=cc7b13ffcd2ddd51" [C:\Users\ultra\.nuget\packages\microsoft.win32.systemevents\6.0.0\lib\net6.0\Microsoft.Win32.SystemEvents.dll]. [C:\Users\ultra\warewolf\Dev\Warewolf.Studio.ViewModels\Warewolf.Studio.ViewModels.csproj]
C:\Program Files\dotnet\sdk\10.0.201\Microsoft.Common.CurrentVersion.targets(2451,5): warning MSB3277:         C:\Users\ultra\.nuget\packages\microsoft.win32.systemevents\6.0.0\lib\net6.0\Microsoft.Win32.SystemEvents.dll [C:\Users\ultra\warewolf\Dev\Warewolf.Studio.ViewModels\Warewolf.Studio.ViewModels.csproj]
C:\Program Files\dotnet\sdk\10.0.201\Microsoft.Common.CurrentVersion.targets(2451,5): warning MSB3277:           Project file item includes which caused reference "C:\Users\ultra\.nuget\packages\microsoft.win32.systemevents\6.0.0\lib\net6.0\Microsoft.Win32.SystemEvents.dll". [C:\Users\ultra\warewolf\Dev\Warewolf.Studio.ViewModels\Warewolf.Studio.ViewModels.csproj]
C:\Program Files\dotnet\sdk\10.0.201\Microsoft.Common.CurrentVersion.targets(2451,5): warning MSB3277:             C:\Users\ultra\.nuget\packages\microsoft.win32.systemevents\6.0.0\lib\net6.0\Microsoft.Win32.SystemEvents.dll [C:\Users\ultra\warewolf\Dev\Warewolf.Studio.ViewModels\Warewolf.Studio.ViewModels.csproj]
C:\Program Files\dotnet\sdk\10.0.201\Microsoft.Common.CurrentVersion.targets(2451,5): warning MSB3277:     References which depend on or have been unified to "Microsoft.Win32.SystemEvents, Version=7.0.0.0, Culture=neutral, PublicKeyToken=cc7b13ffcd2ddd51" []. [C:\Users\ultra\warewolf\Dev\Warewolf.Studio.ViewModels\Warewolf.Studio.ViewModels.csproj]
C:\Program Files\dotnet\sdk\10.0.201\Microsoft.Common.CurrentVersion.targets(2451,5): warning MSB3277:         C:\Users\ultra\warewolf\Dev\Dev2.Common\bin\Debug\net8.0\Dev2.Common.dll [C:\Users\ultra\warewolf\Dev\Warewolf.Studio.ViewModels\Warewolf.Studio.ViewModels.csproj]
C:\Program Files\dotnet\sdk\10.0.201\Microsoft.Common.CurrentVersion.targets(2451,5): warning MSB3277:           Project file item includes which caused reference "C:\Users\ultra\warewolf\Dev\Dev2.Common\bin\Debug\net8.0\Dev2.Common.dll". [C:\Users\ultra\warewolf\Dev\Warewolf.Studio.ViewModels\Warewolf.Studio.ViewModels.csproj]
C:\Program Files\dotnet\sdk\10.0.201\Microsoft.Common.CurrentVersion.targets(2451,5): warning MSB3277:             C:\Users\ultra\warewolf\Dev\Dev2.Common\bin\Debug\net8.0\Dev2.Common.dll [C:\Users\ultra\warewolf\Dev\Warewolf.Studio.ViewModels\Warewolf.Studio.ViewModels.csproj]
C:\Program Files\dotnet\sdk\10.0.201\Microsoft.Common.CurrentVersion.targets(2451,5): warning MSB3277:             C:\Users\ultra\warewolf\Dev\Dev2.Activities\bin\Debug\net8.0\Dev2.Activities.dll [C:\Users\ultra\warewolf\Dev\Warewolf.Studio.ViewModels\Warewolf.Studio.ViewModels.csproj]
C:\Program Files\dotnet\sdk\10.0.201\Microsoft.Common.CurrentVersion.targets(2451,5): warning MSB3277:             C:\Users\ultra\warewolf\Dev\Dev2.Core\bin\Debug\net8.0\Dev2.Core.dll [C:\Users\ultra\warewolf\Dev\Warewolf.Studio.ViewModels\Warewolf.Studio.ViewModels.csproj]
C:\Program Files\dotnet\sdk\10.0.201\Microsoft.Common.CurrentVersion.targets(2451,5): warning MSB3277:             C:\Users\ultra\warewolf\Dev\Dev2.Data\bin\Debug\net8.0\Dev2.Data.dll [C:\Users\ultra\warewolf\Dev\Warewolf.Studio.ViewModels\Warewolf.Studio.ViewModels.csproj]
C:\Program Files\dotnet\sdk\10.0.201\Microsoft.Common.CurrentVersion.targets(2451,5): warning MSB3277:             C:\Users\ultra\warewolf\Dev\Dev2.Diagnostics\bin\Debug\net8.0\Dev2.Diagnostics.dll [C:\Users\ultra\warewolf\Dev\Warewolf.Studio.ViewModels\Warewolf.Studio.ViewModels.csproj]
C:\Program Files\dotnet\sdk\10.0.201\Microsoft.Common.CurrentVersion.targets(2451,5): warning MSB3277:             C:\Users\ultra\warewolf\Dev\Dev2.Infrastructure\bin\Debug\net8.0\Dev2.Infrastructure.dll [C:\Users\ultra\warewolf\Dev\Warewolf.Studio.ViewModels\Warewolf.Studio.ViewModels.csproj]
C:\Program Files\dotnet\sdk\10.0.201\Microsoft.Common.CurrentVersion.targets(2451,5): warning MSB3277:             C:\Users\ultra\warewolf\Dev\Dev2.Studio.Core\bin\Debug\net8.0\Dev2.Studio.Core.dll [C:\Users\ultra\warewolf\Dev\Warewolf.Studio.ViewModels\Warewolf.Studio.ViewModels.csproj]
C:\Program Files\dotnet\sdk\10.0.201\Microsoft.Common.CurrentVersion.targets(2451,5): warning MSB3277:             C:\Users\ultra\warewolf\Dev\Dev2.Studio.Interfaces\bin\Debug\net8.0\Dev2.Studio.Interfaces.dll [C:\Users\ultra\warewolf\Dev\Warewolf.Studio.ViewModels\Warewolf.Studio.ViewModels.csproj]
C:\Program Files\dotnet\sdk\10.0.201\Microsoft.Common.CurrentVersion.targets(2451,5): warning MSB3277:             C:\Users\ultra\warewolf\Dev\Warewolf.Core\bin\Debug\net8.0\Warewolf.Core.dll [C:\Users\ultra\warewolf\Dev\Warewolf.Studio.ViewModels\Warewolf.Studio.ViewModels.csproj]
C:\Program Files\dotnet\sdk\10.0.201\Microsoft.Common.CurrentVersion.targets(2451,5): warning MSB3277:             C:\Users\ultra\warewolf\Dev\Warewolf.ResourceManagement\bin\Debug\net8.0\Warewolf.ResourceManagement.dll [C:\Users\ultra\warewolf\Dev\Warewolf.Studio.ViewModels\Warewolf.Studio.ViewModels.csproj]
C:\Program Files\dotnet\sdk\10.0.201\Microsoft.Common.CurrentVersion.targets(2451,5): warning MSB3277:             C:\Users\ultra\warewolf\Dev\Warewolf.Studio.Core\bin\Debug\net8.0\Warewolf.Studio.Core.dll [C:\Users\ultra\warewolf\Dev\Warewolf.Studio.ViewModels\Warewolf.Studio.ViewModels.csproj]
C:\Program Files\dotnet\sdk\10.0.201\Microsoft.Common.CurrentVersion.targets(2451,5): warning MSB3277:             C:\Users\ultra\warewolf\Dev\Warewolf.Studio.CustomControls\bin\Debug\net8.0\Warewolf.Studio.CustomControls.dll [C:\Users\ultra\warewolf\Dev\Warewolf.Studio.ViewModels\Warewolf.Studio.ViewModels.csproj]
C:\Program Files\dotnet\sdk\10.0.201\Microsoft.Common.CurrentVersion.targets(2451,5): warning MSB3277:             C:\Users\ultra\warewolf\Dev\Warewolf.Studio.Models\bin\Debug\net8.0\Warewolf.Studio.Models.dll [C:\Users\ultra\warewolf\Dev\Warewolf.Studio.ViewModels\Warewolf.Studio.ViewModels.csproj]
C:\Program Files\dotnet\sdk\10.0.201\Microsoft.Common.CurrentVersion.targets(2451,5): warning MSB3277:             C:\Users\ultra\warewolf\Dev\Dev2.Development.Languages\bin\Debug\net8.0\Dev2.Development.Languages.dll [C:\Users\ultra\warewolf\Dev\Warewolf.Studio.ViewModels\Warewolf.Studio.ViewModels.csproj]
C:\Program Files\dotnet\sdk\10.0.201\Microsoft.Common.CurrentVersion.targets(2451,5): warning MSB3277:             C:\Users\ultra\warewolf\Dev\Dev2.Intellisense\bin\Debug\net8.0\Dev2.Intellisense.dll [C:\Users\ultra\warewolf\Dev\Warewolf.Studio.ViewModels\Warewolf.Studio.ViewModels.csproj]
C:\Program Files\dotnet\sdk\10.0.201\Microsoft.Common.CurrentVersion.targets(2451,5): warning MSB3277:             C:\Users\ultra\warewolf\Dev\Dev2.Runtime.Services\bin\Debug\net8.0\Dev2.Runtime.Services.dll [C:\Users\ultra\warewolf\Dev\Warewolf.Studio.ViewModels\Warewolf.Studio.ViewModels.csproj]
C:\Program Files\dotnet\sdk\10.0.201\Microsoft.Common.CurrentVersion.targets(2451,5): warning MSB3277:             C:\Users\ultra\warewolf\Dev\Dev2.Scheduler\bin\Debug\net8.0\Dev2.Scheduler.dll [C:\Users\ultra\warewolf\Dev\Warewolf.Studio.ViewModels\Warewolf.Studio.ViewModels.csproj]
C:\Program Files\dotnet\sdk\10.0.201\Microsoft.Common.CurrentVersion.targets(2451,5): warning MSB3277:             C:\Users\ultra\warewolf\Dev\Dev2.Services.Execution\bin\Debug\net8.0\Dev2.Services.Execution.dll [C:\Users\ultra\warewolf\Dev\Warewolf.Studio.ViewModels\Warewolf.Studio.ViewModels.csproj]
C:\Program Files\dotnet\sdk\10.0.201\Microsoft.Common.CurrentVersion.targets(2451,5): warning MSB3277:             C:\Users\ultra\warewolf\Dev\Dev2.Services.Sql\bin\Debug\net8.0\Dev2.Services.Sql.dll [C:\Users\ultra\warewolf\Dev\Warewolf.Studio.ViewModels\Warewolf.Studio.ViewModels.csproj]
C:\Program Files\dotnet\sdk\10.0.201\Microsoft.Common.CurrentVersion.targets(2451,5): warning MSB3277:             C:\Users\ultra\warewolf\Dev\Dev2.TaskScheduler.Wrappers\bin\Debug\net8.0\Dev2.TaskScheduler.Wrappers.dll [C:\Users\ultra\warewolf\Dev\Warewolf.Studio.ViewModels\Warewolf.Studio.ViewModels.csproj]
C:\Program Files\dotnet\sdk\10.0.201\Microsoft.Common.CurrentVersion.targets(2451,5): warning MSB3277:             C:\Users\ultra\warewolf\Dev\Dev2.Util\bin\Debug\net8.0\Dev2.Util.dll [C:\Users\ultra\warewolf\Dev\Warewolf.Studio.ViewModels\Warewolf.Studio.ViewModels.csproj]
C:\Program Files\dotnet\sdk\10.0.201\Microsoft.Common.CurrentVersion.targets(2451,5): warning MSB3277:             C:\Users\ultra\warewolf\Dev\Warewolf.AI.Harness\bin\Debug\net8.0\Warewolf.AI.Harness.dll [C:\Users\ultra\warewolf\Dev\Warewolf.Studio.ViewModels\Warewolf.Studio.ViewModels.csproj]
C:\Program Files\dotnet\sdk\10.0.201\Microsoft.Common.CurrentVersion.targets(2451,5): warning MSB3277:             C:\Users\ultra\warewolf\Dev\Warewolf.Auditing\bin\Debug\net8.0\Warewolf.Auditing.dll [C:\Users\ultra\warewolf\Dev\Warewolf.Studio.ViewModels\Warewolf.Studio.ViewModels.csproj]
C:\Program Files\dotnet\sdk\10.0.201\Microsoft.Common.CurrentVersion.targets(2451,5): warning MSB3277:             C:\Users\ultra\warewolf\Dev\Warewolf.Common.NetStandard20\bin\Debug\net8.0\Warewolf.Common.NetStandard20.dll [C:\Users\ultra\warewolf\Dev\Warewolf.Studio.ViewModels\Warewolf.Studio.ViewModels.csproj]
C:\Program Files\dotnet\sdk\10.0.201\Microsoft.Common.CurrentVersion.targets(2451,5): warning MSB3277:             C:\Users\ultra\warewolf\Dev\Warewolf.Driver.Persistence\bin\Debug\net8.0\Warewolf.Driver.Persistence.dll [C:\Users\ultra\warewolf\Dev\Warewolf.Studio.ViewModels\Warewolf.Studio.ViewModels.csproj]
C:\Program Files\dotnet\sdk\10.0.201\Microsoft.Common.CurrentVersion.targets(2451,5): warning MSB3277:             C:\Users\ultra\warewolf\Dev\Warewolf.Driver.Serilog\bin\Debug\net8.0\Warewolf.Driver.Serilog.dll [C:\Users\ultra\warewolf\Dev\Warewolf.Studio.ViewModels\Warewolf.Studio.ViewModels.csproj]
C:\Program Files\dotnet\sdk\10.0.201\Microsoft.Common.CurrentVersion.targets(2451,5): warning MSB3277:             C:\Users\ultra\warewolf\Dev\Warewolf.Exchange.Email.Wrapper\bin\Debug\net8.0\Warewolf.Exchange.Email.Wrapper.dll [C:\Users\ultra\warewolf\Dev\Warewolf.Studio.ViewModels\Warewolf.Studio.ViewModels.csproj]
C:\Program Files\dotnet\sdk\10.0.201\Microsoft.Common.CurrentVersion.targets(2451,5): warning MSB3277:             C:\Users\ultra\warewolf\Dev\Warewolf.Sharepoint\bin\Debug\net8.0\Warewolf.Sharepoint.dll [C:\Users\ultra\warewolf\Dev\Warewolf.Studio.ViewModels\Warewolf.Studio.ViewModels.csproj]
C:\Program Files\dotnet\sdk\10.0.201\Microsoft.Common.CurrentVersion.targets(2451,5): warning MSB3277:             C:\Users\ultra\warewolf\Dev\Warewolf.Storage\bin\Debug\net8.0\Warewolf.Storage.dll [C:\Users\ultra\warewolf\Dev\Warewolf.Studio.ViewModels\Warewolf.Studio.ViewModels.csproj]
C:\Program Files\dotnet\sdk\10.0.201\Microsoft.Common.CurrentVersion.targets(2451,5): warning MSB3277:             C:\Users\ultra\warewolf\Dev\Warewolf.UI\bin\Debug\net8.0\Warewolf.UI.dll [C:\Users\ultra\warewolf\Dev\Warewolf.Studio.ViewModels\Warewolf.Studio.ViewModels.csproj]
C:\Program Files\dotnet\sdk\10.0.201\Microsoft.Common.CurrentVersion.targets(2451,5): warning MSB3277:         C:\Users\ultra\warewolf\Dev\Binaries\Infragistcs_Net6\InfragisticsWPF4.v15.1.dll [C:\Users\ultra\warewolf\Dev\Warewolf.Studio.ViewModels\Warewolf.Studio.ViewModels.csproj]
C:\Program Files\dotnet\sdk\10.0.201\Microsoft.Common.CurrentVersion.targets(2451,5): warning MSB3277:           Project file item includes which caused reference "C:\Users\ultra\warewolf\Dev\Binaries\Infragistcs_Net6\InfragisticsWPF4.v15.1.dll". [C:\Users\ultra\warewolf\Dev\Warewolf.Studio.ViewModels\Warewolf.Studio.ViewModels.csproj]
C:\Program Files\dotnet\sdk\10.0.201\Microsoft.Common.CurrentVersion.targets(2451,5): warning MSB3277:             InfragisticsWPF4.v15.1, Version=15.1.20151.2055, Culture=neutral, processorArchitecture=MSIL [C:\Users\ultra\warewolf\Dev\Warewolf.Studio.ViewModels\Warewolf.Studio.ViewModels.csproj]
C:\Program Files\dotnet\sdk\10.0.201\Microsoft.Common.CurrentVersion.targets(2451,5): warning MSB3277:             InfragisticsWPF4.Controls.Editors.XamComboEditor.v15.1, Version=15.1.20151.2055, Culture=neutral, processorArchitecture=MSIL [C:\Users\ultra\warewolf\Dev\Warewolf.Studio.ViewModels\Warewolf.Studio.ViewModels.csproj]
C:\Program Files\dotnet\sdk\10.0.201\Microsoft.Common.CurrentVersion.targets(2451,5): warning MSB3277:             InfragisticsWPF4.DataManager.v15.1, Version=15.1.20151.2055, Culture=neutral, processorArchitecture=MSIL [C:\Users\ultra\warewolf\Dev\Warewolf.Studio.ViewModels\Warewolf.Studio.ViewModels.csproj]
C:\Program Files\dotnet\sdk\10.0.201\Microsoft.Common.CurrentVersion.targets(2451,5): warning MSB3277:         C:\Users\ultra\.nuget\packages\timespan2\2.4.2\lib\netcoreapp3.1\TimeSpan2.dll [C:\Users\ultra\warewolf\Dev\Warewolf.Studio.ViewModels\Warewolf.Studio.ViewModels.csproj]
C:\Program Files\dotnet\sdk\10.0.201\Microsoft.Common.CurrentVersion.targets(2451,5): warning MSB3277:           Project file item includes which caused reference "C:\Users\ultra\.nuget\packages\timespan2\2.4.2\lib\netcoreapp3.1\TimeSpan2.dll". [C:\Users\ultra\warewolf\Dev\Warewolf.Studio.ViewModels\Warewolf.Studio.ViewModels.csproj]
C:\Program Files\dotnet\sdk\10.0.201\Microsoft.Common.CurrentVersion.targets(2451,5): warning MSB3277:             C:\Users\ultra\.nuget\packages\timespan2\2.4.2\lib\netcoreapp3.1\TimeSpan2.dll [C:\Users\ultra\warewolf\Dev\Warewolf.Studio.ViewModels\Warewolf.Studio.ViewModels.csproj]
C:\Program Files\dotnet\sdk\10.0.201\Microsoft.Common.CurrentVersion.targets(2451,5): warning MSB3277:             C:\Users\ultra\.nuget\packages\taskschedulereditor\2.10.1\lib\net452\Microsoft.Win32.TaskSchedulerEditor.dll [C:\Users\ultra\warewolf\Dev\Warewolf.Studio.ViewModels\Warewolf.Studio.ViewModels.csproj]
C:\Program Files\dotnet\sdk\10.0.201\Microsoft.Common.CurrentVersion.targets(2451,5): warning MSB3277:         C:\Program Files\dotnet\packs\Microsoft.NETCore.App.Ref\8.0.25\ref\net8.0\System.dll [C:\Users\ultra\warewolf\Dev\Warewolf.Studio.ViewModels\Warewolf.Studio.ViewModels.csproj]
C:\Program Files\dotnet\sdk\10.0.201\Microsoft.Common.CurrentVersion.targets(2451,5): warning MSB3277:           Project file item includes which caused reference "C:\Program Files\dotnet\packs\Microsoft.NETCore.App.Ref\8.0.25\ref\net8.0\System.dll". [C:\Users\ultra\warewolf\Dev\Warewolf.Studio.ViewModels\Warewolf.Studio.ViewModels.csproj]
C:\Program Files\dotnet\sdk\10.0.201\Microsoft.Common.CurrentVersion.targets(2451,5): warning MSB3277:             C:\Program Files\dotnet\packs\Microsoft.NETCore.App.Ref\8.0.25\ref/net8.0/System.dll [C:\Users\ultra\warewolf\Dev\Warewolf.Studio.ViewModels\Warewolf.Studio.ViewModels.csproj]
C:\Program Files\dotnet\sdk\10.0.201\Microsoft.Common.CurrentVersion.targets(2451,5): warning MSB3277:             C:\Users\ultra\.nuget\packages\aerowizard\2.3.1\lib\net45\AeroWizard.dll [C:\Users\ultra\warewolf\Dev\Warewolf.Studio.ViewModels\Warewolf.Studio.ViewModels.csproj]
C:\Program Files\dotnet\sdk\10.0.201\Microsoft.Common.CurrentVersion.targets(2451,5): warning MSB3277:             C:\Users\ultra\.nuget\packages\groupcontrols\1.9.0\lib\net45\GroupControls.dll [C:\Users\ultra\warewolf\Dev\Warewolf.Studio.ViewModels\Warewolf.Studio.ViewModels.csproj]
C:\Program Files\dotnet\sdk\10.0.201\Microsoft.Common.CurrentVersion.targets(2451,5): warning MSB3277:             C:\Users\ultra\.nuget\packages\microsoft.xaml.behaviors.wpf\1.1.122\lib\net462\Microsoft.Xaml.Behaviors.dll [C:\Users\ultra\warewolf\Dev\Warewolf.Studio.ViewModels\Warewolf.Studio.ViewModels.csproj]
C:\Program Files\dotnet\sdk\10.0.201\Microsoft.Common.CurrentVersion.targets(2451,5): warning MSB3277:             C:\Users\ultra\.nuget\packages\caliburn.micro\4.0.212\lib\netcoreapp3.1\Caliburn.Micro.Platform.dll [C:\Users\ultra\warewolf\Dev\Warewolf.Studio.ViewModels\Warewolf.Studio.ViewModels.csproj]
C:\Program Files\dotnet\sdk\10.0.201\Microsoft.Common.CurrentVersion.targets(2451,5): warning MSB3277:             C:\Users\ultra\.nuget\packages\prism.wpf\9.0.537\lib\net462\Prism.Wpf.dll [C:\Users\ultra\warewolf\Dev\Warewolf.Studio.ViewModels\Warewolf.Studio.ViewModels.csproj]
C:\Program Files\dotnet\sdk\10.0.201\Microsoft.Common.CurrentVersion.targets(2451,5): warning MSB3277:             C:\Users\ultra\.nuget\packages\reactiveui.wpf\18.4.1\lib\net462\ReactiveUI.Wpf.dll [C:\Users\ultra\warewolf\Dev\Warewolf.Studio.ViewModels\Warewolf.Studio.ViewModels.csproj]
C:\Program Files\dotnet\sdk\10.0.201\Microsoft.Common.CurrentVersion.targets(2451,5): warning MSB3277:             C:\Users\ultra\.nuget\packages\taskschedulereditor\2.10.1\lib\net452\Microsoft.Win32.TaskSchedulerEditor.dll [C:\Users\ultra\warewolf\Dev\Warewolf.Studio.ViewModels\Warewolf.Studio.ViewModels.csproj]
C:\Program Files\dotnet\sdk\10.0.201\Microsoft.Common.CurrentVersion.targets(2451,5): warning MSB3277:             C:\Users\ultra\.nuget\packages\ttcue.netcore.sharepointonline.csom.16.1.8029.1200\16.1.8029.1200\lib\netcoreapp2.0\Microsoft.SharePoint.Client.Runtime.Windows.dll [C:\Users\ultra\warewolf\Dev\Warewolf.Studio.ViewModels\Warewolf.Studio.ViewModels.csproj]
C:\Program Files\dotnet\sdk\10.0.201\Microsoft.Common.CurrentVersion.targets(2451,5): warning MSB3277: Found conflicts between different versions of "System.Security.Permissions" that could not be resolved. [C:\Users\ultra\warewolf\Dev\Warewolf.Studio.ViewModels\Warewolf.Studio.ViewModels.csproj]
C:\Program Files\dotnet\sdk\10.0.201\Microsoft.Common.CurrentVersion.targets(2451,5): warning MSB3277: There was a conflict between "System.Security.Permissions, Version=6.0.0.0, Culture=neutral, PublicKeyToken=cc7b13ffcd2ddd51" and "System.Security.Permissions, Version=7.0.0.0, Culture=neutral, PublicKeyToken=cc7b13ffcd2ddd51". [C:\Users\ultra\warewolf\Dev\Warewolf.Studio.ViewModels\Warewolf.Studio.ViewModels.csproj]
C:\Program Files\dotnet\sdk\10.0.201\Microsoft.Common.CurrentVersion.targets(2451,5): warning MSB3277:     "System.Security.Permissions, Version=6.0.0.0, Culture=neutral, PublicKeyToken=cc7b13ffcd2ddd51" was chosen because it was primary and "System.Security.Permissions, Version=7.0.0.0, Culture=neutral, PublicKeyToken=cc7b13ffcd2ddd51" was not. [C:\Users\ultra\warewolf\Dev\Warewolf.Studio.ViewModels\Warewolf.Studio.ViewModels.csproj]
C:\Program Files\dotnet\sdk\10.0.201\Microsoft.Common.CurrentVersion.targets(2451,5): warning MSB3277:     References which depend on "System.Security.Permissions, Version=6.0.0.0, Culture=neutral, PublicKeyToken=cc7b13ffcd2ddd51" [C:\Users\ultra\.nuget\packages\system.security.permissions\6.0.0\lib\net6.0\System.Security.Permissions.dll]. [C:\Users\ultra\warewolf\Dev\Warewolf.Studio.ViewModels\Warewolf.Studio.ViewModels.csproj]
C:\Program Files\dotnet\sdk\10.0.201\Microsoft.Common.CurrentVersion.targets(2451,5): warning MSB3277:         C:\Users\ultra\.nuget\packages\system.security.permissions\6.0.0\lib\net6.0\System.Security.Permissions.dll [C:\Users\ultra\warewolf\Dev\Warewolf.Studio.ViewModels\Warewolf.Studio.ViewModels.csproj]
C:\Program Files\dotnet\sdk\10.0.201\Microsoft.Common.CurrentVersion.targets(2451,5): warning MSB3277:           Project file item includes which caused reference "C:\Users\ultra\.nuget\packages\system.security.permissions\6.0.0\lib\net6.0\System.Security.Permissions.dll". [C:\Users\ultra\warewolf\Dev\Warewolf.Studio.ViewModels\Warewolf.Studio.ViewModels.csproj]
C:\Program Files\dotnet\sdk\10.0.201\Microsoft.Common.CurrentVersion.targets(2451,5): warning MSB3277:             C:\Users\ultra\.nuget\packages\system.security.permissions\6.0.0\lib\net6.0\System.Security.Permissions.dll [C:\Users\ultra\warewolf\Dev\Warewolf.Studio.ViewModels\Warewolf.Studio.ViewModels.csproj]
C:\Program Files\dotnet\sdk\10.0.201\Microsoft.Common.CurrentVersion.targets(2451,5): warning MSB3277:     References which depend on or have been unified to "System.Security.Permissions, Version=7.0.0.0, Culture=neutral, PublicKeyToken=cc7b13ffcd2ddd51" []. [C:\Users\ultra\warewolf\Dev\Warewolf.Studio.ViewModels\Warewolf.Studio.ViewModels.csproj]
C:\Program Files\dotnet\sdk\10.0.201\Microsoft.Common.CurrentVersion.targets(2451,5): warning MSB3277:         C:\Users\ultra\warewolf\Dev\Dev2.Data\bin\Debug\net8.0\Dev2.Data.dll [C:\Users\ultra\warewolf\Dev\Warewolf.Studio.ViewModels\Warewolf.Studio.ViewModels.csproj]
C:\Program Files\dotnet\sdk\10.0.201\Microsoft.Common.CurrentVersion.targets(2451,5): warning MSB3277:           Project file item includes which caused reference "C:\Users\ultra\warewolf\Dev\Dev2.Data\bin\Debug\net8.0\Dev2.Data.dll". [C:\Users\ultra\warewolf\Dev\Warewolf.Studio.ViewModels\Warewolf.Studio.ViewModels.csproj]
C:\Program Files\dotnet\sdk\10.0.201\Microsoft.Common.CurrentVersion.targets(2451,5): warning MSB3277:             C:\Users\ultra\warewolf\Dev\Dev2.Data\bin\Debug\net8.0\Dev2.Data.dll [C:\Users\ultra\warewolf\Dev\Warewolf.Studio.ViewModels\Warewolf.Studio.ViewModels.csproj]
C:\Program Files\dotnet\sdk\10.0.201\Microsoft.Common.CurrentVersion.targets(2451,5): warning MSB3277:             C:\Users\ultra\warewolf\Dev\Dev2.Activities\bin\Debug\net8.0\Dev2.Activities.dll [C:\Users\ultra\warewolf\Dev\Warewolf.Studio.ViewModels\Warewolf.Studio.ViewModels.csproj]
C:\Program Files\dotnet\sdk\10.0.201\Microsoft.Common.CurrentVersion.targets(2451,5): warning MSB3277:             C:\Users\ultra\warewolf\Dev\Dev2.Core\bin\Debug\net8.0\Dev2.Core.dll [C:\Users\ultra\warewolf\Dev\Warewolf.Studio.ViewModels\Warewolf.Studio.ViewModels.csproj]
C:\Program Files\dotnet\sdk\10.0.201\Microsoft.Common.CurrentVersion.targets(2451,5): warning MSB3277:             C:\Users\ultra\warewolf\Dev\Dev2.Studio.Core\bin\Debug\net8.0\Dev2.Studio.Core.dll [C:\Users\ultra\warewolf\Dev\Warewolf.Studio.ViewModels\Warewolf.Studio.ViewModels.csproj]
C:\Program Files\dotnet\sdk\10.0.201\Microsoft.Common.CurrentVersion.targets(2451,5): warning MSB3277:             C:\Users\ultra\warewolf\Dev\Dev2.Studio.Interfaces\bin\Debug\net8.0\Dev2.Studio.Interfaces.dll [C:\Users\ultra\warewolf\Dev\Warewolf.Studio.ViewModels\Warewolf.Studio.ViewModels.csproj]
C:\Program Files\dotnet\sdk\10.0.201\Microsoft.Common.CurrentVersion.targets(2451,5): warning MSB3277:             C:\Users\ultra\warewolf\Dev\Warewolf.Core\bin\Debug\net8.0\Warewolf.Core.dll [C:\Users\ultra\warewolf\Dev\Warewolf.Studio.ViewModels\Warewolf.Studio.ViewModels.csproj]
C:\Program Files\dotnet\sdk\10.0.201\Microsoft.Common.CurrentVersion.targets(2451,5): warning MSB3277:             C:\Users\ultra\warewolf\Dev\Warewolf.ResourceManagement\bin\Debug\net8.0\Warewolf.ResourceManagement.dll [C:\Users\ultra\warewolf\Dev\Warewolf.Studio.ViewModels\Warewolf.Studio.ViewModels.csproj]
C:\Program Files\dotnet\sdk\10.0.201\Microsoft.Common.CurrentVersion.targets(2451,5): warning MSB3277:             C:\Users\ultra\warewolf\Dev\Warewolf.Studio.Core\bin\Debug\net8.0\Warewolf.Studio.Core.dll [C:\Users\ultra\warewolf\Dev\Warewolf.Studio.ViewModels\Warewolf.Studio.ViewModels.csproj]
C:\Program Files\dotnet\sdk\10.0.201\Microsoft.Common.CurrentVersion.targets(2451,5): warning MSB3277:             C:\Users\ultra\warewolf\Dev\Warewolf.Studio.CustomControls\bin\Debug\net8.0\Warewolf.Studio.CustomControls.dll [C:\Users\ultra\warewolf\Dev\Warewolf.Studio.ViewModels\Warewolf.Studio.ViewModels.csproj]
C:\Program Files\dotnet\sdk\10.0.201\Microsoft.Common.CurrentVersion.targets(2451,5): warning MSB3277:             C:\Users\ultra\warewolf\Dev\Warewolf.Studio.Models\bin\Debug\net8.0\Warewolf.Studio.Models.dll [C:\Users\ultra\warewolf\Dev\Warewolf.Studio.ViewModels\Warewolf.Studio.ViewModels.csproj]
C:\Program Files\dotnet\sdk\10.0.201\Microsoft.Common.CurrentVersion.targets(2451,5): warning MSB3277:             C:\Users\ultra\warewolf\Dev\Dev2.Intellisense\bin\Debug\net8.0\Dev2.Intellisense.dll [C:\Users\ultra\warewolf\Dev\Warewolf.Studio.ViewModels\Warewolf.Studio.ViewModels.csproj]
C:\Program Files\dotnet\sdk\10.0.201\Microsoft.Common.CurrentVersion.targets(2451,5): warning MSB3277:             C:\Users\ultra\warewolf\Dev\Dev2.Runtime.Services\bin\Debug\net8.0\Dev2.Runtime.Services.dll [C:\Users\ultra\warewolf\Dev\Warewolf.Studio.ViewModels\Warewolf.Studio.ViewModels.csproj]
C:\Program Files\dotnet\sdk\10.0.201\Microsoft.Common.CurrentVersion.targets(2451,5): warning MSB3277:             C:\Users\ultra\warewolf\Dev\Dev2.Scheduler\bin\Debug\net8.0\Dev2.Scheduler.dll [C:\Users\ultra\warewolf\Dev\Warewolf.Studio.ViewModels\Warewolf.Studio.ViewModels.csproj]
C:\Program Files\dotnet\sdk\10.0.201\Microsoft.Common.CurrentVersion.targets(2451,5): warning MSB3277:             C:\Users\ultra\warewolf\Dev\Dev2.Services.Execution\bin\Debug\net8.0\Dev2.Services.Execution.dll [C:\Users\ultra\warewolf\Dev\Warewolf.Studio.ViewModels\Warewolf.Studio.ViewModels.csproj]
C:\Program Files\dotnet\sdk\10.0.201\Microsoft.Common.CurrentVersion.targets(2451,5): warning MSB3277:             C:\Users\ultra\warewolf\Dev\Warewolf.Auditing\bin\Debug\net8.0\Warewolf.Auditing.dll [C:\Users\ultra\warewolf\Dev\Warewolf.Studio.ViewModels\Warewolf.Studio.ViewModels.csproj]
C:\Program Files\dotnet\sdk\10.0.201\Microsoft.Common.CurrentVersion.targets(2451,5): warning MSB3277:             C:\Users\ultra\warewolf\Dev\Warewolf.Common.NetStandard20\bin\Debug\net8.0\Warewolf.Common.NetStandard20.dll [C:\Users\ultra\warewolf\Dev\Warewolf.Studio.ViewModels\Warewolf.Studio.ViewModels.csproj]
C:\Program Files\dotnet\sdk\10.0.201\Microsoft.Common.CurrentVersion.targets(2451,5): warning MSB3277:             C:\Users\ultra\warewolf\Dev\Warewolf.Driver.Persistence\bin\Debug\net8.0\Warewolf.Driver.Persistence.dll [C:\Users\ultra\warewolf\Dev\Warewolf.Studio.ViewModels\Warewolf.Studio.ViewModels.csproj]
C:\Program Files\dotnet\sdk\10.0.201\Microsoft.Common.CurrentVersion.targets(2451,5): warning MSB3277:             C:\Users\ultra\warewolf\Dev\Warewolf.Exchange.Email.Wrapper\bin\Debug\net8.0\Warewolf.Exchange.Email.Wrapper.dll [C:\Users\ultra\warewolf\Dev\Warewolf.Studio.ViewModels\Warewolf.Studio.ViewModels.csproj]
C:\Program Files\dotnet\sdk\10.0.201\Microsoft.Common.CurrentVersion.targets(2451,5): warning MSB3277:             C:\Users\ultra\warewolf\Dev\Warewolf.UI\bin\Debug\net8.0\Warewolf.UI.dll [C:\Users\ultra\warewolf\Dev\Warewolf.Studio.ViewModels\Warewolf.Studio.ViewModels.csproj]
C:\Program Files\dotnet\sdk\10.0.201\Microsoft.Common.CurrentVersion.targets(2451,5): warning MSB3277:         C:\Users\ultra\warewolf\Dev\Warewolf.Studio.CustomControls\bin\Debug\net8.0\Warewolf.Studio.CustomControls.dll [C:\Users\ultra\warewolf\Dev\Warewolf.Studio.ViewModels\Warewolf.Studio.ViewModels.csproj]
C:\Program Files\dotnet\sdk\10.0.201\Microsoft.Common.CurrentVersion.targets(2451,5): warning MSB3277:           Project file item includes which caused reference "C:\Users\ultra\warewolf\Dev\Warewolf.Studio.CustomControls\bin\Debug\net8.0\Warewolf.Studio.CustomControls.dll". [C:\Users\ultra\warewolf\Dev\Warewolf.Studio.ViewModels\Warewolf.Studio.ViewModels.csproj]
C:\Program Files\dotnet\sdk\10.0.201\Microsoft.Common.CurrentVersion.targets(2451,5): warning MSB3277:             C:\Users\ultra\warewolf\Dev\Warewolf.Studio.CustomControls\bin\Debug\net8.0\Warewolf.Studio.CustomControls.dll [C:\Users\ultra\warewolf\Dev\Warewolf.Studio.ViewModels\Warewolf.Studio.ViewModels.csproj]
C:\Program Files\dotnet\sdk\10.0.201\Microsoft.Common.CurrentVersion.targets(2451,5): warning MSB3277:         C:\Users\ultra\warewolf\Dev\Binaries\Infragistcs_Net6\InfragisticsWPF4.v15.1.dll [C:\Users\ultra\warewolf\Dev\Warewolf.Studio.ViewModels\Warewolf.Studio.ViewModels.csproj]
C:\Program Files\dotnet\sdk\10.0.201\Microsoft.Common.CurrentVersion.targets(2451,5): warning MSB3277:           Project file item includes which caused reference "C:\Users\ultra\warewolf\Dev\Binaries\Infragistcs_Net6\InfragisticsWPF4.v15.1.dll". [C:\Users\ultra\warewolf\Dev\Warewolf.Studio.ViewModels\Warewolf.Studio.ViewModels.csproj]
C:\Program Files\dotnet\sdk\10.0.201\Microsoft.Common.CurrentVersion.targets(2451,5): warning MSB3277:             InfragisticsWPF4.v15.1, Version=15.1.20151.2055, Culture=neutral, processorArchitecture=MSIL [C:\Users\ultra\warewolf\Dev\Warewolf.Studio.ViewModels\Warewolf.Studio.ViewModels.csproj]
C:\Program Files\dotnet\sdk\10.0.201\Microsoft.Common.CurrentVersion.targets(2451,5): warning MSB3277:             InfragisticsWPF4.Controls.Editors.XamComboEditor.v15.1, Version=15.1.20151.2055, Culture=neutral, processorArchitecture=MSIL [C:\Users\ultra\warewolf\Dev\Warewolf.Studio.ViewModels\Warewolf.Studio.ViewModels.csproj]
C:\Program Files\dotnet\sdk\10.0.201\Microsoft.Common.CurrentVersion.targets(2451,5): warning MSB3277:             InfragisticsWPF4.DataManager.v15.1, Version=15.1.20151.2055, Culture=neutral, processorArchitecture=MSIL [C:\Users\ultra\warewolf\Dev\Warewolf.Studio.ViewModels\Warewolf.Studio.ViewModels.csproj]
C:\Program Files\dotnet\sdk\10.0.201\Microsoft.Common.CurrentVersion.targets(2451,5): warning MSB3277:         C:\Users\ultra\.nuget\packages\dotnetzip\1.16.0\lib\netstandard2.0\DotNetZip.dll [C:\Users\ultra\warewolf\Dev\Warewolf.Studio.ViewModels\Warewolf.Studio.ViewModels.csproj]
C:\Program Files\dotnet\sdk\10.0.201\Microsoft.Common.CurrentVersion.targets(2451,5): warning MSB3277:           Project file item includes which caused reference "C:\Users\ultra\.nuget\packages\dotnetzip\1.16.0\lib\netstandard2.0\DotNetZip.dll". [C:\Users\ultra\warewolf\Dev\Warewolf.Studio.ViewModels\Warewolf.Studio.ViewModels.csproj]
C:\Program Files\dotnet\sdk\10.0.201\Microsoft.Common.CurrentVersion.targets(2451,5): warning MSB3277:             C:\Users\ultra\.nuget\packages\dotnetzip\1.16.0\lib\netstandard2.0\DotNetZip.dll [C:\Users\ultra\warewolf\Dev\Warewolf.Studio.ViewModels\Warewolf.Studio.ViewModels.csproj]
C:\Program Files\dotnet\sdk\10.0.201\Microsoft.Common.CurrentVersion.targets(2451,5): warning MSB3277:             C:\Users\ultra\warewolf\Dev\Dev2.Common\bin\Debug\net8.0\Dev2.Common.dll [C:\Users\ultra\warewolf\Dev\Warewolf.Studio.ViewModels\Warewolf.Studio.ViewModels.csproj]
C:\Program Files\dotnet\sdk\10.0.201\Microsoft.Common.CurrentVersion.targets(2451,5): warning MSB3277:             C:\Users\ultra\warewolf\Dev\Dev2.Activities\bin\Debug\net8.0\Dev2.Activities.dll [C:\Users\ultra\warewolf\Dev\Warewolf.Studio.ViewModels\Warewolf.Studio.ViewModels.csproj]
C:\Program Files\dotnet\sdk\10.0.201\Microsoft.Common.CurrentVersion.targets(2451,5): warning MSB3277:             C:\Users\ultra\warewolf\Dev\Dev2.Core\bin\Debug\net8.0\Dev2.Core.dll [C:\Users\ultra\warewolf\Dev\Warewolf.Studio.ViewModels\Warewolf.Studio.ViewModels.csproj]
C:\Program Files\dotnet\sdk\10.0.201\Microsoft.Common.CurrentVersion.targets(2451,5): warning MSB3277:             C:\Users\ultra\warewolf\Dev\Dev2.Data.Interfaces\bin\Debug\net8.0\Dev2.Data.Interfaces.dll [C:\Users\ultra\warewolf\Dev\Warewolf.Studio.ViewModels\Warewolf.Studio.ViewModels.csproj]
C:\Program Files\dotnet\sdk\10.0.201\Microsoft.Common.CurrentVersion.targets(2451,5): warning MSB3277:             C:\Users\ultra\warewolf\Dev\Dev2.Data\bin\Debug\net8.0\Dev2.Data.dll [C:\Users\ultra\warewolf\Dev\Warewolf.Studio.ViewModels\Warewolf.Studio.ViewModels.csproj]
C:\Program Files\dotnet\sdk\10.0.201\Microsoft.Common.CurrentVersion.targets(2451,5): warning MSB3277:             C:\Users\ultra\warewolf\Dev\Dev2.Diagnostics\bin\Debug\net8.0\Dev2.Diagnostics.dll [C:\Users\ultra\warewolf\Dev\Warewolf.Studio.ViewModels\Warewolf.Studio.ViewModels.csproj]
C:\Program Files\dotnet\sdk\10.0.201\Microsoft.Common.CurrentVersion.targets(2451,5): warning MSB3277:             C:\Users\ultra\warewolf\Dev\Dev2.Infrastructure\bin\Debug\net8.0\Dev2.Infrastructure.dll [C:\Users\ultra\warewolf\Dev\Warewolf.Studio.ViewModels\Warewolf.Studio.ViewModels.csproj]
C:\Program Files\dotnet\sdk\10.0.201\Microsoft.Common.CurrentVersion.targets(2451,5): warning MSB3277:             C:\Users\ultra\warewolf\Dev\Dev2.Studio.Core\bin\Debug\net8.0\Dev2.Studio.Core.dll [C:\Users\ultra\warewolf\Dev\Warewolf.Studio.ViewModels\Warewolf.Studio.ViewModels.csproj]
C:\Program Files\dotnet\sdk\10.0.201\Microsoft.Common.CurrentVersion.targets(2451,5): warning MSB3277:             C:\Users\ultra\warewolf\Dev\Dev2.Studio.Interfaces\bin\Debug\net8.0\Dev2.Studio.Interfaces.dll [C:\Users\ultra\warewolf\Dev\Warewolf.Studio.ViewModels\Warewolf.Studio.ViewModels.csproj]
C:\Program Files\dotnet\sdk\10.0.201\Microsoft.Common.CurrentVersion.targets(2451,5): warning MSB3277:             C:\Users\ultra\warewolf\Dev\Warewolf.Core\bin\Debug\net8.0\Warewolf.Core.dll [C:\Users\ultra\warewolf\Dev\Warewolf.Studio.ViewModels\Warewolf.Studio.ViewModels.csproj]
C:\Program Files\dotnet\sdk\10.0.201\Microsoft.Common.CurrentVersion.targets(2451,5): warning MSB3277:             C:\Users\ultra\warewolf\Dev\Warewolf.ResourceManagement\bin\Debug\net8.0\Warewolf.ResourceManagement.dll [C:\Users\ultra\warewolf\Dev\Warewolf.Studio.ViewModels\Warewolf.Studio.ViewModels.csproj]
C:\Program Files\dotnet\sdk\10.0.201\Microsoft.Common.CurrentVersion.targets(2451,5): warning MSB3277:             C:\Users\ultra\warewolf\Dev\Warewolf.Studio.Core\bin\Debug\net8.0\Warewolf.Studio.Core.dll [C:\Users\ultra\warewolf\Dev\Warewolf.Studio.ViewModels\Warewolf.Studio.ViewModels.csproj]
C:\Program Files\dotnet\sdk\10.0.201\Microsoft.Common.CurrentVersion.targets(2451,5): warning MSB3277:             C:\Users\ultra\warewolf\Dev\Warewolf.Studio.CustomControls\bin\Debug\net8.0\Warewolf.Studio.CustomControls.dll [C:\Users\ultra\warewolf\Dev\Warewolf.Studio.ViewModels\Warewolf.Studio.ViewModels.csproj]
C:\Program Files\dotnet\sdk\10.0.201\Microsoft.Common.CurrentVersion.targets(2451,5): warning MSB3277:             C:\Users\ultra\warewolf\Dev\Warewolf.Studio.Models\bin\Debug\net8.0\Warewolf.Studio.Models.dll [C:\Users\ultra\warewolf\Dev\Warewolf.Studio.ViewModels\Warewolf.Studio.ViewModels.csproj]
C:\Program Files\dotnet\sdk\10.0.201\Microsoft.Common.CurrentVersion.targets(2451,5): warning MSB3277:             C:\Users\ultra\warewolf\Dev\Dev2.Development.Languages\bin\Debug\net8.0\Dev2.Development.Languages.dll [C:\Users\ultra\warewolf\Dev\Warewolf.Studio.ViewModels\Warewolf.Studio.ViewModels.csproj]
C:\Program Files\dotnet\sdk\10.0.201\Microsoft.Common.CurrentVersion.targets(2451,5): warning MSB3277:             C:\Users\ultra\warewolf\Dev\Dev2.Intellisense\bin\Debug\net8.0\Dev2.Intellisense.dll [C:\Users\ultra\warewolf\Dev\Warewolf.Studio.ViewModels\Warewolf.Studio.ViewModels.csproj]
C:\Program Files\dotnet\sdk\10.0.201\Microsoft.Common.CurrentVersion.targets(2451,5): warning MSB3277:             C:\Users\ultra\warewolf\Dev\Dev2.Runtime.Services\bin\Debug\net8.0\Dev2.Runtime.Services.dll [C:\Users\ultra\warewolf\Dev\Warewolf.Studio.ViewModels\Warewolf.Studio.ViewModels.csproj]
C:\Program Files\dotnet\sdk\10.0.201\Microsoft.Common.CurrentVersion.targets(2451,5): warning MSB3277:             C:\Users\ultra\warewolf\Dev\Dev2.Scheduler\bin\Debug\net8.0\Dev2.Scheduler.dll [C:\Users\ultra\warewolf\Dev\Warewolf.Studio.ViewModels\Warewolf.Studio.ViewModels.csproj]
C:\Program Files\dotnet\sdk\10.0.201\Microsoft.Common.CurrentVersion.targets(2451,5): warning MSB3277:             C:\Users\ultra\warewolf\Dev\Dev2.Services.Execution\bin\Debug\net8.0\Dev2.Services.Execution.dll [C:\Users\ultra\warewolf\Dev\Warewolf.Studio.ViewModels\Warewolf.Studio.ViewModels.csproj]
C:\Program Files\dotnet\sdk\10.0.201\Microsoft.Common.CurrentVersion.targets(2451,5): warning MSB3277:             C:\Users\ultra\warewolf\Dev\Dev2.Services.Sql\bin\Debug\net8.0\Dev2.Services.Sql.dll [C:\Users\ultra\warewolf\Dev\Warewolf.Studio.ViewModels\Warewolf.Studio.ViewModels.csproj]
C:\Program Files\dotnet\sdk\10.0.201\Microsoft.Common.CurrentVersion.targets(2451,5): warning MSB3277:             C:\Users\ultra\warewolf\Dev\Dev2.TaskScheduler.Wrappers\bin\Debug\net8.0\Dev2.TaskScheduler.Wrappers.dll [C:\Users\ultra\warewolf\Dev\Warewolf.Studio.ViewModels\Warewolf.Studio.ViewModels.csproj]
C:\Program Files\dotnet\sdk\10.0.201\Microsoft.Common.CurrentVersion.targets(2451,5): warning MSB3277:             C:\Users\ultra\warewolf\Dev\Dev2.Util\bin\Debug\net8.0\Dev2.Util.dll [C:\Users\ultra\warewolf\Dev\Warewolf.Studio.ViewModels\Warewolf.Studio.ViewModels.csproj]
C:\Program Files\dotnet\sdk\10.0.201\Microsoft.Common.CurrentVersion.targets(2451,5): warning MSB3277:             C:\Users\ultra\warewolf\Dev\Warewolf.AI.Harness\bin\Debug\net8.0\Warewolf.AI.Harness.dll [C:\Users\ultra\warewolf\Dev\Warewolf.Studio.ViewModels\Warewolf.Studio.ViewModels.csproj]
C:\Program Files\dotnet\sdk\10.0.201\Microsoft.Common.CurrentVersion.targets(2451,5): warning MSB3277:             C:\Users\ultra\warewolf\Dev\Warewolf.Auditing\bin\Debug\net8.0\Warewolf.Auditing.dll [C:\Users\ultra\warewolf\Dev\Warewolf.Studio.ViewModels\Warewolf.Studio.ViewModels.csproj]
C:\Program Files\dotnet\sdk\10.0.201\Microsoft.Common.CurrentVersion.targets(2451,5): warning MSB3277:             C:\Users\ultra\warewolf\Dev\Warewolf.Common.NetStandard20\bin\Debug\net8.0\Warewolf.Common.NetStandard20.dll [C:\Users\ultra\warewolf\Dev\Warewolf.Studio.ViewModels\Warewolf.Studio.ViewModels.csproj]
C:\Program Files\dotnet\sdk\10.0.201\Microsoft.Common.CurrentVersion.targets(2451,5): warning MSB3277:             C:\Users\ultra\warewolf\Dev\Warewolf.Driver.Persistence\bin\Debug\net8.0\Warewolf.Driver.Persistence.dll [C:\Users\ultra\warewolf\Dev\Warewolf.Studio.ViewModels\Warewolf.Studio.ViewModels.csproj]
C:\Program Files\dotnet\sdk\10.0.201\Microsoft.Common.CurrentVersion.targets(2451,5): warning MSB3277:             C:\Users\ultra\warewolf\Dev\Warewolf.Driver.Serilog\bin\Debug\net8.0\Warewolf.Driver.Serilog.dll [C:\Users\ultra\warewolf\Dev\Warewolf.Studio.ViewModels\Warewolf.Studio.ViewModels.csproj]
C:\Program Files\dotnet\sdk\10.0.201\Microsoft.Common.CurrentVersion.targets(2451,5): warning MSB3277:             C:\Users\ultra\warewolf\Dev\Warewolf.Exchange.Email.Wrapper\bin\Debug\net8.0\Warewolf.Exchange.Email.Wrapper.dll [C:\Users\ultra\warewolf\Dev\Warewolf.Studio.ViewModels\Warewolf.Studio.ViewModels.csproj]
C:\Program Files\dotnet\sdk\10.0.201\Microsoft.Common.CurrentVersion.targets(2451,5): warning MSB3277:             C:\Users\ultra\warewolf\Dev\Warewolf.Sharepoint\bin\Debug\net8.0\Warewolf.Sharepoint.dll [C:\Users\ultra\warewolf\Dev\Warewolf.Studio.ViewModels\Warewolf.Studio.ViewModels.csproj]
C:\Program Files\dotnet\sdk\10.0.201\Microsoft.Common.CurrentVersion.targets(2451,5): warning MSB3277:             C:\Users\ultra\warewolf\Dev\Warewolf.Storage\bin\Debug\net8.0\Warewolf.Storage.dll [C:\Users\ultra\warewolf\Dev\Warewolf.Studio.ViewModels\Warewolf.Studio.ViewModels.csproj]
C:\Program Files\dotnet\sdk\10.0.201\Microsoft.Common.CurrentVersion.targets(2451,5): warning MSB3277:             C:\Users\ultra\warewolf\Dev\Warewolf.UI\bin\Debug\net8.0\Warewolf.UI.dll [C:\Users\ultra\warewolf\Dev\Warewolf.Studio.ViewModels\Warewolf.Studio.ViewModels.csproj]
C:\Program Files\dotnet\sdk\10.0.201\Microsoft.Common.CurrentVersion.targets(2451,5): warning MSB3277:         C:\Users\ultra\.nuget\packages\mindbox.data.linq\5.0.0\lib\netstandard2.0\Mindbox.Data.Linq.dll [C:\Users\ultra\warewolf\Dev\Warewolf.Studio.ViewModels\Warewolf.Studio.ViewModels.csproj]
C:\Program Files\dotnet\sdk\10.0.201\Microsoft.Common.CurrentVersion.targets(2451,5): warning MSB3277:           Project file item includes which caused reference "C:\Users\ultra\.nuget\packages\mindbox.data.linq\5.0.0\lib\netstandard2.0\Mindbox.Data.Linq.dll". [C:\Users\ultra\warewolf\Dev\Warewolf.Studio.ViewModels\Warewolf.Studio.ViewModels.csproj]
C:\Program Files\dotnet\sdk\10.0.201\Microsoft.Common.CurrentVersion.targets(2451,5): warning MSB3277:             C:\Users\ultra\.nuget\packages\mindbox.data.linq\5.0.0\lib\netstandard2.0\Mindbox.Data.Linq.dll [C:\Users\ultra\warewolf\Dev\Warewolf.Studio.ViewModels\Warewolf.Studio.ViewModels.csproj]
C:\Program Files\dotnet\sdk\10.0.201\Microsoft.Common.CurrentVersion.targets(2451,5): warning MSB3277:             C:\Users\ultra\warewolf\Dev\Warewolf.Auditing\bin\Debug\net8.0\Warewolf.Auditing.dll [C:\Users\ultra\warewolf\Dev\Warewolf.Studio.ViewModels\Warewolf.Studio.ViewModels.csproj]
C:\Program Files\dotnet\sdk\10.0.201\Microsoft.Common.CurrentVersion.targets(2451,5): warning MSB3277:             C:\Users\ultra\warewolf\Dev\Dev2.Activities\bin\Debug\net8.0\Dev2.Activities.dll [C:\Users\ultra\warewolf\Dev\Warewolf.Studio.ViewModels\Warewolf.Studio.ViewModels.csproj]
C:\Program Files\dotnet\sdk\10.0.201\Microsoft.Common.CurrentVersion.targets(2451,5): warning MSB3277:             C:\Users\ultra\warewolf\Dev\Dev2.Studio.Core\bin\Debug\net8.0\Dev2.Studio.Core.dll [C:\Users\ultra\warewolf\Dev\Warewolf.Studio.ViewModels\Warewolf.Studio.ViewModels.csproj]
C:\Program Files\dotnet\sdk\10.0.201\Microsoft.Common.CurrentVersion.targets(2451,5): warning MSB3277:             C:\Users\ultra\warewolf\Dev\Dev2.Intellisense\bin\Debug\net8.0\Dev2.Intellisense.dll [C:\Users\ultra\warewolf\Dev\Warewolf.Studio.ViewModels\Warewolf.Studio.ViewModels.csproj]
C:\Program Files\dotnet\sdk\10.0.201\Microsoft.Common.CurrentVersion.targets(2451,5): warning MSB3277:             C:\Users\ultra\warewolf\Dev\Dev2.Runtime.Services\bin\Debug\net8.0\Dev2.Runtime.Services.dll [C:\Users\ultra\warewolf\Dev\Warewolf.Studio.ViewModels\Warewolf.Studio.ViewModels.csproj]
C:\Program Files\dotnet\sdk\10.0.201\Microsoft.Common.CurrentVersion.targets(2451,5): warning MSB3277:             C:\Users\ultra\warewolf\Dev\Dev2.Studio.Interfaces\bin\Debug\net8.0\Dev2.Studio.Interfaces.dll [C:\Users\ultra\warewolf\Dev\Warewolf.Studio.ViewModels\Warewolf.Studio.ViewModels.csproj]
C:\Program Files\dotnet\sdk\10.0.201\Microsoft.Common.CurrentVersion.targets(2451,5): warning MSB3277:             C:\Users\ultra\warewolf\Dev\Warewolf.Studio.Core\bin\Debug\net8.0\Warewolf.Studio.Core.dll [C:\Users\ultra\warewolf\Dev\Warewolf.Studio.ViewModels\Warewolf.Studio.ViewModels.csproj]
C:\Program Files\dotnet\sdk\10.0.201\Microsoft.Common.CurrentVersion.targets(2451,5): warning MSB3277:             C:\Users\ultra\warewolf\Dev\Warewolf.Studio.CustomControls\bin\Debug\net8.0\Warewolf.Studio.CustomControls.dll [C:\Users\ultra\warewolf\Dev\Warewolf.Studio.ViewModels\Warewolf.Studio.ViewModels.csproj]
C:\Program Files\dotnet\sdk\10.0.201\Microsoft.Common.CurrentVersion.targets(2451,5): warning MSB3277:             C:\Users\ultra\warewolf\Dev\Warewolf.Studio.Models\bin\Debug\net8.0\Warewolf.Studio.Models.dll [C:\Users\ultra\warewolf\Dev\Warewolf.Studio.ViewModels\Warewolf.Studio.ViewModels.csproj]
C:\Program Files\dotnet\sdk\10.0.201\Microsoft.Common.CurrentVersion.targets(2451,5): warning MSB3277:             C:\Users\ultra\warewolf\Dev\Dev2.Services.Execution\bin\Debug\net8.0\Dev2.Services.Execution.dll [C:\Users\ultra\warewolf\Dev\Warewolf.Studio.ViewModels\Warewolf.Studio.ViewModels.csproj]
C:\Program Files\dotnet\sdk\10.0.201\Microsoft.Common.CurrentVersion.targets(2451,5): warning MSB3277:             C:\Users\ultra\warewolf\Dev\Warewolf.Common.NetStandard20\bin\Debug\net8.0\Warewolf.Common.NetStandard20.dll [C:\Users\ultra\warewolf\Dev\Warewolf.Studio.ViewModels\Warewolf.Studio.ViewModels.csproj]
C:\Program Files\dotnet\sdk\10.0.201\Microsoft.Common.CurrentVersion.targets(2451,5): warning MSB3277:             C:\Users\ultra\warewolf\Dev\Warewolf.Driver.Persistence\bin\Debug\net8.0\Warewolf.Driver.Persistence.dll [C:\Users\ultra\warewolf\Dev\Warewolf.Studio.ViewModels\Warewolf.Studio.ViewModels.csproj]
C:\Program Files\dotnet\sdk\10.0.201\Microsoft.Common.CurrentVersion.targets(2451,5): warning MSB3277:         C:\Users\ultra\.nuget\packages\mysql.data\8.4.0\lib\net8.0\MySql.Data.dll [C:\Users\ultra\warewolf\Dev\Warewolf.Studio.ViewModels\Warewolf.Studio.ViewModels.csproj]
C:\Program Files\dotnet\sdk\10.0.201\Microsoft.Common.CurrentVersion.targets(2451,5): warning MSB3277:           Project file item includes which caused reference "C:\Users\ultra\.nuget\packages\mysql.data\8.4.0\lib\net8.0\MySql.Data.dll". [C:\Users\ultra\warewolf\Dev\Warewolf.Studio.ViewModels\Warewolf.Studio.ViewModels.csproj]
C:\Program Files\dotnet\sdk\10.0.201\Microsoft.Common.CurrentVersion.targets(2451,5): warning MSB3277:             C:\Users\ultra\.nuget\packages\mysql.data\8.4.0\lib\net8.0\MySql.Data.dll [C:\Users\ultra\warewolf\Dev\Warewolf.Studio.ViewModels\Warewolf.Studio.ViewModels.csproj]
C:\Program Files\dotnet\sdk\10.0.201\Microsoft.Common.CurrentVersion.targets(2451,5): warning MSB3277:             C:\Users\ultra\warewolf\Dev\Dev2.Activities\bin\Debug\net8.0\Dev2.Activities.dll [C:\Users\ultra\warewolf\Dev\Warewolf.Studio.ViewModels\Warewolf.Studio.ViewModels.csproj]
C:\Program Files\dotnet\sdk\10.0.201\Microsoft.Common.CurrentVersion.targets(2451,5): warning MSB3277:             C:\Users\ultra\warewolf\Dev\Dev2.Studio.Core\bin\Debug\net8.0\Dev2.Studio.Core.dll [C:\Users\ultra\warewolf\Dev\Warewolf.Studio.ViewModels\Warewolf.Studio.ViewModels.csproj]
C:\Program Files\dotnet\sdk\10.0.201\Microsoft.Common.CurrentVersion.targets(2451,5): warning MSB3277:             C:\Users\ultra\warewolf\Dev\Dev2.Intellisense\bin\Debug\net8.0\Dev2.Intellisense.dll [C:\Users\ultra\warewolf\Dev\Warewolf.Studio.ViewModels\Warewolf.Studio.ViewModels.csproj]
C:\Program Files\dotnet\sdk\10.0.201\Microsoft.Common.CurrentVersion.targets(2451,5): warning MSB3277:             C:\Users\ultra\warewolf\Dev\Dev2.Runtime.Services\bin\Debug\net8.0\Dev2.Runtime.Services.dll [C:\Users\ultra\warewolf\Dev\Warewolf.Studio.ViewModels\Warewolf.Studio.ViewModels.csproj]
C:\Program Files\dotnet\sdk\10.0.201\Microsoft.Common.CurrentVersion.targets(2451,5): warning MSB3277:             C:\Users\ultra\warewolf\Dev\Dev2.Studio.Interfaces\bin\Debug\net8.0\Dev2.Studio.Interfaces.dll [C:\Users\ultra\warewolf\Dev\Warewolf.Studio.ViewModels\Warewolf.Studio.ViewModels.csproj]
C:\Program Files\dotnet\sdk\10.0.201\Microsoft.Common.CurrentVersion.targets(2451,5): warning MSB3277:             C:\Users\ultra\warewolf\Dev\Warewolf.Studio.Core\bin\Debug\net8.0\Warewolf.Studio.Core.dll [C:\Users\ultra\warewolf\Dev\Warewolf.Studio.ViewModels\Warewolf.Studio.ViewModels.csproj]
C:\Program Files\dotnet\sdk\10.0.201\Microsoft.Common.CurrentVersion.targets(2451,5): warning MSB3277:             C:\Users\ultra\warewolf\Dev\Warewolf.Studio.CustomControls\bin\Debug\net8.0\Warewolf.Studio.CustomControls.dll [C:\Users\ultra\warewolf\Dev\Warewolf.Studio.ViewModels\Warewolf.Studio.ViewModels.csproj]
C:\Program Files\dotnet\sdk\10.0.201\Microsoft.Common.CurrentVersion.targets(2451,5): warning MSB3277:             C:\Users\ultra\warewolf\Dev\Warewolf.Studio.Models\bin\Debug\net8.0\Warewolf.Studio.Models.dll [C:\Users\ultra\warewolf\Dev\Warewolf.Studio.ViewModels\Warewolf.Studio.ViewModels.csproj]
C:\Program Files\dotnet\sdk\10.0.201\Microsoft.Common.CurrentVersion.targets(2451,5): warning MSB3277:             C:\Users\ultra\warewolf\Dev\Dev2.Services.Execution\bin\Debug\net8.0\Dev2.Services.Execution.dll [C:\Users\ultra\warewolf\Dev\Warewolf.Studio.ViewModels\Warewolf.Studio.ViewModels.csproj]
C:\Program Files\dotnet\sdk\10.0.201\Microsoft.Common.CurrentVersion.targets(2451,5): warning MSB3277:             C:\Users\ultra\warewolf\Dev\Dev2.Services.Sql\bin\Debug\net8.0\Dev2.Services.Sql.dll [C:\Users\ultra\warewolf\Dev\Warewolf.Studio.ViewModels\Warewolf.Studio.ViewModels.csproj]
C:\Program Files\dotnet\sdk\10.0.201\Microsoft.Common.CurrentVersion.targets(2451,5): warning MSB3277:             C:\Users\ultra\warewolf\Dev\Warewolf.Driver.Persistence\bin\Debug\net8.0\Warewolf.Driver.Persistence.dll [C:\Users\ultra\warewolf\Dev\Warewolf.Studio.ViewModels\Warewolf.Studio.ViewModels.csproj]
C:\Program Files\dotnet\sdk\10.0.201\Microsoft.Common.CurrentVersion.targets(2451,5): warning MSB3277:         C:\Users\ultra\.nuget\packages\oracle.manageddataaccess.core\3.21.70\lib\netstandard2.1\Oracle.ManagedDataAccess.dll [C:\Users\ultra\warewolf\Dev\Warewolf.Studio.ViewModels\Warewolf.Studio.ViewModels.csproj]
C:\Program Files\dotnet\sdk\10.0.201\Microsoft.Common.CurrentVersion.targets(2451,5): warning MSB3277:           Project file item includes which caused reference "C:\Users\ultra\.nuget\packages\oracle.manageddataaccess.core\3.21.70\lib\netstandard2.1\Oracle.ManagedDataAccess.dll". [C:\Users\ultra\warewolf\Dev\Warewolf.Studio.ViewModels\Warewolf.Studio.ViewModels.csproj]
C:\Program Files\dotnet\sdk\10.0.201\Microsoft.Common.CurrentVersion.targets(2451,5): warning MSB3277:             C:\Users\ultra\.nuget\packages\oracle.manageddataaccess.core\3.21.70\lib\netstandard2.1\Oracle.ManagedDataAccess.dll [C:\Users\ultra\warewolf\Dev\Warewolf.Studio.ViewModels\Warewolf.Studio.ViewModels.csproj]
C:\Program Files\dotnet\sdk\10.0.201\Microsoft.Common.CurrentVersion.targets(2451,5): warning MSB3277:             C:\Users\ultra\warewolf\Dev\Dev2.Runtime.Services\bin\Debug\net8.0\Dev2.Runtime.Services.dll [C:\Users\ultra\warewolf\Dev\Warewolf.Studio.ViewModels\Warewolf.Studio.ViewModels.csproj]
C:\Program Files\dotnet\sdk\10.0.201\Microsoft.Common.CurrentVersion.targets(2451,5): warning MSB3277:             C:\Users\ultra\warewolf\Dev\Dev2.Activities\bin\Debug\net8.0\Dev2.Activities.dll [C:\Users\ultra\warewolf\Dev\Warewolf.Studio.ViewModels\Warewolf.Studio.ViewModels.csproj]
C:\Program Files\dotnet\sdk\10.0.201\Microsoft.Common.CurrentVersion.targets(2451,5): warning MSB3277:             C:\Users\ultra\warewolf\Dev\Dev2.Studio.Core\bin\Debug\net8.0\Dev2.Studio.Core.dll [C:\Users\ultra\warewolf\Dev\Warewolf.Studio.ViewModels\Warewolf.Studio.ViewModels.csproj]
C:\Program Files\dotnet\sdk\10.0.201\Microsoft.Common.CurrentVersion.targets(2451,5): warning MSB3277:             C:\Users\ultra\warewolf\Dev\Dev2.Studio.Interfaces\bin\Debug\net8.0\Dev2.Studio.Interfaces.dll [C:\Users\ultra\warewolf\Dev\Warewolf.Studio.ViewModels\Warewolf.Studio.ViewModels.csproj]
C:\Program Files\dotnet\sdk\10.0.201\Microsoft.Common.CurrentVersion.targets(2451,5): warning MSB3277:             C:\Users\ultra\warewolf\Dev\Warewolf.Studio.Core\bin\Debug\net8.0\Warewolf.Studio.Core.dll [C:\Users\ultra\warewolf\Dev\Warewolf.Studio.ViewModels\Warewolf.Studio.ViewModels.csproj]
C:\Program Files\dotnet\sdk\10.0.201\Microsoft.Common.CurrentVersion.targets(2451,5): warning MSB3277:             C:\Users\ultra\warewolf\Dev\Warewolf.Studio.CustomControls\bin\Debug\net8.0\Warewolf.Studio.CustomControls.dll [C:\Users\ultra\warewolf\Dev\Warewolf.Studio.ViewModels\Warewolf.Studio.ViewModels.csproj]
C:\Program Files\dotnet\sdk\10.0.201\Microsoft.Common.CurrentVersion.targets(2451,5): warning MSB3277:             C:\Users\ultra\warewolf\Dev\Warewolf.Studio.Models\bin\Debug\net8.0\Warewolf.Studio.Models.dll [C:\Users\ultra\warewolf\Dev\Warewolf.Studio.ViewModels\Warewolf.Studio.ViewModels.csproj]
C:\Program Files\dotnet\sdk\10.0.201\Microsoft.Common.CurrentVersion.targets(2451,5): warning MSB3277:             C:\Users\ultra\warewolf\Dev\Dev2.Intellisense\bin\Debug\net8.0\Dev2.Intellisense.dll [C:\Users\ultra\warewolf\Dev\Warewolf.Studio.ViewModels\Warewolf.Studio.ViewModels.csproj]
C:\Program Files\dotnet\sdk\10.0.201\Microsoft.Common.CurrentVersion.targets(2451,5): warning MSB3277:             C:\Users\ultra\warewolf\Dev\Dev2.Services.Execution\bin\Debug\net8.0\Dev2.Services.Execution.dll [C:\Users\ultra\warewolf\Dev\Warewolf.Studio.ViewModels\Warewolf.Studio.ViewModels.csproj]
C:\Program Files\dotnet\sdk\10.0.201\Microsoft.Common.CurrentVersion.targets(2451,5): warning MSB3277:             C:\Users\ultra\warewolf\Dev\Dev2.Services.Sql\bin\Debug\net8.0\Dev2.Services.Sql.dll [C:\Users\ultra\warewolf\Dev\Warewolf.Studio.ViewModels\Warewolf.Studio.ViewModels.csproj]
C:\Program Files\dotnet\sdk\10.0.201\Microsoft.Common.CurrentVersion.targets(2451,5): warning MSB3277:             C:\Users\ultra\warewolf\Dev\Warewolf.Driver.Persistence\bin\Debug\net8.0\Warewolf.Driver.Persistence.dll [C:\Users\ultra\warewolf\Dev\Warewolf.Studio.ViewModels\Warewolf.Studio.ViewModels.csproj]
C:\Program Files\dotnet\sdk\10.0.201\Microsoft.Common.CurrentVersion.targets(2451,5): warning MSB3277:         C:\Users\ultra\.nuget\packages\system.directoryservices\6.0.0\lib\net6.0\System.DirectoryServices.dll [C:\Users\ultra\warewolf\Dev\Warewolf.Studio.ViewModels\Warewolf.Studio.ViewModels.csproj]
C:\Program Files\dotnet\sdk\10.0.201\Microsoft.Common.CurrentVersion.targets(2451,5): warning MSB3277:           Project file item includes which caused reference "C:\Users\ultra\.nuget\packages\system.directoryservices\6.0.0\lib\net6.0\System.DirectoryServices.dll". [C:\Users\ultra\warewolf\Dev\Warewolf.Studio.ViewModels\Warewolf.Studio.ViewModels.csproj]
C:\Program Files\dotnet\sdk\10.0.201\Microsoft.Common.CurrentVersion.targets(2451,5): warning MSB3277:             C:\Users\ultra\.nuget\packages\system.directoryservices\6.0.0\lib\net6.0\System.DirectoryServices.dll [C:\Users\ultra\warewolf\Dev\Warewolf.Studio.ViewModels\Warewolf.Studio.ViewModels.csproj]
C:\Program Files\dotnet\sdk\10.0.201\Microsoft.Common.CurrentVersion.targets(2451,5): warning MSB3277:             C:\Users\ultra\.nuget\packages\corewcf.primitives\1.2.1\lib\netstandard2.0\CoreWCF.Primitives.dll [C:\Users\ultra\warewolf\Dev\Warewolf.Studio.ViewModels\Warewolf.Studio.ViewModels.csproj]
C:\Program Files\dotnet\sdk\10.0.201\Microsoft.Common.CurrentVersion.targets(2451,5): warning MSB3277:             C:\Users\ultra\warewolf\Dev\Dev2.Runtime.Services\bin\Debug\net8.0\Dev2.Runtime.Services.dll [C:\Users\ultra\warewolf\Dev\Warewolf.Studio.ViewModels\Warewolf.Studio.ViewModels.csproj]
C:\Program Files\dotnet\sdk\10.0.201\Microsoft.Common.CurrentVersion.targets(2451,5): warning MSB3277:             C:\Users\ultra\warewolf\Dev\Dev2.Activities\bin\Debug\net8.0\Dev2.Activities.dll [C:\Users\ultra\warewolf\Dev\Warewolf.Studio.ViewModels\Warewolf.Studio.ViewModels.csproj]
C:\Program Files\dotnet\sdk\10.0.201\Microsoft.Common.CurrentVersion.targets(2451,5): warning MSB3277:             C:\Users\ultra\warewolf\Dev\Dev2.Studio.Core\bin\Debug\net8.0\Dev2.Studio.Core.dll [C:\Users\ultra\warewolf\Dev\Warewolf.Studio.ViewModels\Warewolf.Studio.ViewModels.csproj]
C:\Program Files\dotnet\sdk\10.0.201\Microsoft.Common.CurrentVersion.targets(2451,5): warning MSB3277:             C:\Users\ultra\warewolf\Dev\Dev2.Studio.Interfaces\bin\Debug\net8.0\Dev2.Studio.Interfaces.dll [C:\Users\ultra\warewolf\Dev\Warewolf.Studio.ViewModels\Warewolf.Studio.ViewModels.csproj]
C:\Program Files\dotnet\sdk\10.0.201\Microsoft.Common.CurrentVersion.targets(2451,5): warning MSB3277:             C:\Users\ultra\warewolf\Dev\Warewolf.Studio.Core\bin\Debug\net8.0\Warewolf.Studio.Core.dll [C:\Users\ultra\warewolf\Dev\Warewolf.Studio.ViewModels\Warewolf.Studio.ViewModels.csproj]
C:\Program Files\dotnet\sdk\10.0.201\Microsoft.Common.CurrentVersion.targets(2451,5): warning MSB3277:             C:\Users\ultra\warewolf\Dev\Warewolf.Studio.CustomControls\bin\Debug\net8.0\Warewolf.Studio.CustomControls.dll [C:\Users\ultra\warewolf\Dev\Warewolf.Studio.ViewModels\Warewolf.Studio.ViewModels.csproj]
C:\Program Files\dotnet\sdk\10.0.201\Microsoft.Common.CurrentVersion.targets(2451,5): warning MSB3277:             C:\Users\ultra\warewolf\Dev\Warewolf.Studio.Models\bin\Debug\net8.0\Warewolf.Studio.Models.dll [C:\Users\ultra\warewolf\Dev\Warewolf.Studio.ViewModels\Warewolf.Studio.ViewModels.csproj]
C:\Program Files\dotnet\sdk\10.0.201\Microsoft.Common.CurrentVersion.targets(2451,5): warning MSB3277:             C:\Users\ultra\warewolf\Dev\Dev2.Intellisense\bin\Debug\net8.0\Dev2.Intellisense.dll [C:\Users\ultra\warewolf\Dev\Warewolf.Studio.ViewModels\Warewolf.Studio.ViewModels.csproj]
C:\Program Files\dotnet\sdk\10.0.201\Microsoft.Common.CurrentVersion.targets(2451,5): warning MSB3277:             C:\Users\ultra\warewolf\Dev\Dev2.Services.Execution\bin\Debug\net8.0\Dev2.Services.Execution.dll [C:\Users\ultra\warewolf\Dev\Warewolf.Studio.ViewModels\Warewolf.Studio.ViewModels.csproj]
C:\Program Files\dotnet\sdk\10.0.201\Microsoft.Common.CurrentVersion.targets(2451,5): warning MSB3277:             C:\Users\ultra\warewolf\Dev\Warewolf.Driver.Persistence\bin\Debug\net8.0\Warewolf.Driver.Persistence.dll [C:\Users\ultra\warewolf\Dev\Warewolf.Studio.ViewModels\Warewolf.Studio.ViewModels.csproj]
C:\Program Files\dotnet\sdk\10.0.201\Microsoft.Common.CurrentVersion.targets(2451,5): warning MSB3277:             C:\Users\ultra\.nuget\packages\corewcf.http\1.2.1\lib\netstandard2.0\CoreWCF.Http.dll [C:\Users\ultra\warewolf\Dev\Warewolf.Studio.ViewModels\Warewolf.Studio.ViewModels.csproj]
C:\Program Files\dotnet\sdk\10.0.201\Microsoft.Common.CurrentVersion.targets(2451,5): warning MSB3277:             C:\Users\ultra\.nuget\packages\corewcf.nettcp\1.2.1\lib\netstandard2.0\CoreWCF.NetTcp.dll [C:\Users\ultra\warewolf\Dev\Warewolf.Studio.ViewModels\Warewolf.Studio.ViewModels.csproj]
C:\Program Files\dotnet\sdk\10.0.201\Microsoft.Common.CurrentVersion.targets(2451,5): warning MSB3277:             C:\Users\ultra\.nuget\packages\corewcf.webhttp\1.2.1\lib\netstandard2.0\CoreWCF.WebHttp.dll [C:\Users\ultra\warewolf\Dev\Warewolf.Studio.ViewModels\Warewolf.Studio.ViewModels.csproj]
C:\Program Files\dotnet\sdk\10.0.201\Microsoft.Common.CurrentVersion.targets(2451,5): warning MSB3277:         C:\Program Files\dotnet\packs\Microsoft.NETCore.App.Ref\8.0.25\ref\net8.0\System.Configuration.dll [C:\Users\ultra\warewolf\Dev\Warewolf.Studio.ViewModels\Warewolf.Studio.ViewModels.csproj]
C:\Program Files\dotnet\sdk\10.0.201\Microsoft.Common.CurrentVersion.targets(2451,5): warning MSB3277:           Project file item includes which caused reference "C:\Program Files\dotnet\packs\Microsoft.NETCore.App.Ref\8.0.25\ref\net8.0\System.Configuration.dll". [C:\Users\ultra\warewolf\Dev\Warewolf.Studio.ViewModels\Warewolf.Studio.ViewModels.csproj]
C:\Program Files\dotnet\sdk\10.0.201\Microsoft.Common.CurrentVersion.targets(2451,5): warning MSB3277:             C:\Program Files\dotnet\packs\Microsoft.NETCore.App.Ref\8.0.25\ref/net8.0/System.Configuration.dll [C:\Users\ultra\warewolf\Dev\Warewolf.Studio.ViewModels\Warewolf.Studio.ViewModels.csproj]
C:\Program Files\dotnet\sdk\10.0.201\Microsoft.Common.CurrentVersion.targets(2451,5): warning MSB3277:             C:\Users\ultra\.nuget\packages\prism.wpf\9.0.537\lib\net462\Prism.Wpf.dll [C:\Users\ultra\warewolf\Dev\Warewolf.Studio.ViewModels\Warewolf.Studio.ViewModels.csproj]
C:\Program Files\dotnet\sdk\10.0.201\Microsoft.Common.CurrentVersion.targets(2451,5): warning MSB3277:         C:\Program Files\dotnet\packs\Microsoft.NETCore.App.Ref\8.0.25\ref\net8.0\System.Data.dll [C:\Users\ultra\warewolf\Dev\Warewolf.Studio.ViewModels\Warewolf.Studio.ViewModels.csproj]
C:\Program Files\dotnet\sdk\10.0.201\Microsoft.Common.CurrentVersion.targets(2451,5): warning MSB3277:           Project file item includes which caused reference "C:\Program Files\dotnet\packs\Microsoft.NETCore.App.Ref\8.0.25\ref\net8.0\System.Data.dll". [C:\Users\ultra\warewolf\Dev\Warewolf.Studio.ViewModels\Warewolf.Studio.ViewModels.csproj]
C:\Program Files\dotnet\sdk\10.0.201\Microsoft.Common.CurrentVersion.targets(2451,5): warning MSB3277:             C:\Program Files\dotnet\packs\Microsoft.NETCore.App.Ref\8.0.25\ref/net8.0/System.Data.dll [C:\Users\ultra\warewolf\Dev\Warewolf.Studio.ViewModels\Warewolf.Studio.ViewModels.csproj]
C:\Program Files\dotnet\sdk\10.0.201\Microsoft.Common.CurrentVersion.targets(2451,5): warning MSB3277:             C:\Users\ultra\.nuget\packages\taskschedulereditor\2.10.1\lib\net452\Microsoft.Win32.TaskSchedulerEditor.dll [C:\Users\ultra\warewolf\Dev\Warewolf.Studio.ViewModels\Warewolf.Studio.ViewModels.csproj]
C:\Program Files\dotnet\sdk\10.0.201\Microsoft.Common.CurrentVersion.targets(2451,5): warning MSB3277:         C:\Program Files\dotnet\packs\Microsoft.NETCore.App.Ref\8.0.25\ref\net8.0\System.Drawing.dll [C:\Users\ultra\warewolf\Dev\Warewolf.Studio.ViewModels\Warewolf.Studio.ViewModels.csproj]
C:\Program Files\dotnet\sdk\10.0.201\Microsoft.Common.CurrentVersion.targets(2451,5): warning MSB3277:           Project file item includes which caused reference "C:\Program Files\dotnet\packs\Microsoft.NETCore.App.Ref\8.0.25\ref\net8.0\System.Drawing.dll". [C:\Users\ultra\warewolf\Dev\Warewolf.Studio.ViewModels\Warewolf.Studio.ViewModels.csproj]
C:\Program Files\dotnet\sdk\10.0.201\Microsoft.Common.CurrentVersion.targets(2451,5): warning MSB3277:             C:\Program Files\dotnet\packs\Microsoft.NETCore.App.Ref\8.0.25\ref/net8.0/System.Drawing.dll [C:\Users\ultra\warewolf\Dev\Warewolf.Studio.ViewModels\Warewolf.Studio.ViewModels.csproj]
C:\Program Files\dotnet\sdk\10.0.201\Microsoft.Common.CurrentVersion.targets(2451,5): warning MSB3277:             C:\Users\ultra\.nuget\packages\aerowizard\2.3.1\lib\net45\AeroWizard.dll [C:\Users\ultra\warewolf\Dev\Warewolf.Studio.ViewModels\Warewolf.Studio.ViewModels.csproj]
C:\Program Files\dotnet\sdk\10.0.201\Microsoft.Common.CurrentVersion.targets(2451,5): warning MSB3277:             C:\Users\ultra\.nuget\packages\groupcontrols\1.9.0\lib\net45\GroupControls.dll [C:\Users\ultra\warewolf\Dev\Warewolf.Studio.ViewModels\Warewolf.Studio.ViewModels.csproj]
C:\Program Files\dotnet\sdk\10.0.201\Microsoft.Common.CurrentVersion.targets(2451,5): warning MSB3277:             C:\Users\ultra\.nuget\packages\taskschedulereditor\2.10.1\lib\net452\Microsoft.Win32.TaskSchedulerEditor.dll [C:\Users\ultra\warewolf\Dev\Warewolf.Studio.ViewModels\Warewolf.Studio.ViewModels.csproj]
C:\Program Files\dotnet\sdk\10.0.201\Microsoft.Common.CurrentVersion.targets(2451,5): warning MSB3277:         C:\Program Files\dotnet\packs\Microsoft.NETCore.App.Ref\8.0.25\ref\net8.0\System.Net.dll [C:\Users\ultra\warewolf\Dev\Warewolf.Studio.ViewModels\Warewolf.Studio.ViewModels.csproj]
C:\Program Files\dotnet\sdk\10.0.201\Microsoft.Common.CurrentVersion.targets(2451,5): warning MSB3277:           Project file item includes which caused reference "C:\Program Files\dotnet\packs\Microsoft.NETCore.App.Ref\8.0.25\ref\net8.0\System.Net.dll". [C:\Users\ultra\warewolf\Dev\Warewolf.Studio.ViewModels\Warewolf.Studio.ViewModels.csproj]
C:\Program Files\dotnet\sdk\10.0.201\Microsoft.Common.CurrentVersion.targets(2451,5): warning MSB3277:             C:\Program Files\dotnet\packs\Microsoft.NETCore.App.Ref\8.0.25\ref/net8.0/System.Net.dll [C:\Users\ultra\warewolf\Dev\Warewolf.Studio.ViewModels\Warewolf.Studio.ViewModels.csproj]
C:\Program Files\dotnet\sdk\10.0.201\Microsoft.Common.CurrentVersion.targets(2451,5): warning MSB3277:         C:\Program Files\dotnet\packs\Microsoft.NETCore.App.Ref\8.0.25\ref\net8.0\System.Security.dll [C:\Users\ultra\warewolf\Dev\Warewolf.Studio.ViewModels\Warewolf.Studio.ViewModels.csproj]
C:\Program Files\dotnet\sdk\10.0.201\Microsoft.Common.CurrentVersion.targets(2451,5): warning MSB3277:           Project file item includes which caused reference "C:\Program Files\dotnet\packs\Microsoft.NETCore.App.Ref\8.0.25\ref\net8.0\System.Security.dll". [C:\Users\ultra\warewolf\Dev\Warewolf.Studio.ViewModels\Warewolf.Studio.ViewModels.csproj]
C:\Program Files\dotnet\sdk\10.0.201\Microsoft.Common.CurrentVersion.targets(2451,5): warning MSB3277:             C:\Program Files\dotnet\packs\Microsoft.NETCore.App.Ref\8.0.25\ref/net8.0/System.Security.dll [C:\Users\ultra\warewolf\Dev\Warewolf.Studio.ViewModels\Warewolf.Studio.ViewModels.csproj]
C:\Program Files\dotnet\sdk\10.0.201\Microsoft.Common.CurrentVersion.targets(2451,5): warning MSB3277:         C:\Program Files\dotnet\packs\Microsoft.NETCore.App.Ref\8.0.25\ref\net8.0\System.ServiceProcess.dll [C:\Users\ultra\warewolf\Dev\Warewolf.Studio.ViewModels\Warewolf.Studio.ViewModels.csproj]
C:\Program Files\dotnet\sdk\10.0.201\Microsoft.Common.CurrentVersion.targets(2451,5): warning MSB3277:           Project file item includes which caused reference "C:\Program Files\dotnet\packs\Microsoft.NETCore.App.Ref\8.0.25\ref\net8.0\System.ServiceProcess.dll". [C:\Users\ultra\warewolf\Dev\Warewolf.Studio.ViewModels\Warewolf.Studio.ViewModels.csproj]
C:\Program Files\dotnet\sdk\10.0.201\Microsoft.Common.CurrentVersion.targets(2451,5): warning MSB3277:             C:\Program Files\dotnet\packs\Microsoft.NETCore.App.Ref\8.0.25\ref/net8.0/System.ServiceProcess.dll [C:\Users\ultra\warewolf\Dev\Warewolf.Studio.ViewModels\Warewolf.Studio.ViewModels.csproj]
C:\Program Files\dotnet\sdk\10.0.201\Microsoft.Common.CurrentVersion.targets(2451,5): warning MSB3277:         C:\Program Files\dotnet\packs\Microsoft.NETCore.App.Ref\8.0.25\ref\net8.0\System.Transactions.dll [C:\Users\ultra\warewolf\Dev\Warewolf.Studio.ViewModels\Warewolf.Studio.ViewModels.csproj]
C:\Program Files\dotnet\sdk\10.0.201\Microsoft.Common.CurrentVersion.targets(2451,5): warning MSB3277:           Project file item includes which caused reference "C:\Program Files\dotnet\packs\Microsoft.NETCore.App.Ref\8.0.25\ref\net8.0\System.Transactions.dll". [C:\Users\ultra\warewolf\Dev\Warewolf.Studio.ViewModels\Warewolf.Studio.ViewModels.csproj]
C:\Program Files\dotnet\sdk\10.0.201\Microsoft.Common.CurrentVersion.targets(2451,5): warning MSB3277:             C:\Program Files\dotnet\packs\Microsoft.NETCore.App.Ref\8.0.25\ref/net8.0/System.Transactions.dll [C:\Users\ultra\warewolf\Dev\Warewolf.Studio.ViewModels\Warewolf.Studio.ViewModels.csproj]
C:\Program Files\dotnet\sdk\10.0.201\Microsoft.Common.CurrentVersion.targets(2451,5): warning MSB3277:         C:\Program Files\dotnet\packs\Microsoft.NETCore.App.Ref\8.0.25\ref\net8.0\System.dll [C:\Users\ultra\warewolf\Dev\Warewolf.Studio.ViewModels\Warewolf.Studio.ViewModels.csproj]
C:\Program Files\dotnet\sdk\10.0.201\Microsoft.Common.CurrentVersion.targets(2451,5): warning MSB3277:           Project file item includes which caused reference "C:\Program Files\dotnet\packs\Microsoft.NETCore.App.Ref\8.0.25\ref\net8.0\System.dll". [C:\Users\ultra\warewolf\Dev\Warewolf.Studio.ViewModels\Warewolf.Studio.ViewModels.csproj]
C:\Program Files\dotnet\sdk\10.0.201\Microsoft.Common.CurrentVersion.targets(2451,5): warning MSB3277:             C:\Program Files\dotnet\packs\Microsoft.NETCore.App.Ref\8.0.25\ref/net8.0/System.dll [C:\Users\ultra\warewolf\Dev\Warewolf.Studio.ViewModels\Warewolf.Studio.ViewModels.csproj]
C:\Program Files\dotnet\sdk\10.0.201\Microsoft.Common.CurrentVersion.targets(2451,5): warning MSB3277:             C:\Users\ultra\.nuget\packages\aerowizard\2.3.1\lib\net45\AeroWizard.dll [C:\Users\ultra\warewolf\Dev\Warewolf.Studio.ViewModels\Warewolf.Studio.ViewModels.csproj]
C:\Program Files\dotnet\sdk\10.0.201\Microsoft.Common.CurrentVersion.targets(2451,5): warning MSB3277:             C:\Users\ultra\.nuget\packages\groupcontrols\1.9.0\lib\net45\GroupControls.dll [C:\Users\ultra\warewolf\Dev\Warewolf.Studio.ViewModels\Warewolf.Studio.ViewModels.csproj]
C:\Program Files\dotnet\sdk\10.0.201\Microsoft.Common.CurrentVersion.targets(2451,5): warning MSB3277:             C:\Users\ultra\.nuget\packages\microsoft.xaml.behaviors.wpf\1.1.122\lib\net462\Microsoft.Xaml.Behaviors.dll [C:\Users\ultra\warewolf\Dev\Warewolf.Studio.ViewModels\Warewolf.Studio.ViewModels.csproj]
C:\Program Files\dotnet\sdk\10.0.201\Microsoft.Common.CurrentVersion.targets(2451,5): warning MSB3277:             C:\Users\ultra\.nuget\packages\caliburn.micro\4.0.212\lib\netcoreapp3.1\Caliburn.Micro.Platform.dll [C:\Users\ultra\warewolf\Dev\Warewolf.Studio.ViewModels\Warewolf.Studio.ViewModels.csproj]
C:\Program Files\dotnet\sdk\10.0.201\Microsoft.Common.CurrentVersion.targets(2451,5): warning MSB3277:             C:\Users\ultra\.nuget\packages\prism.wpf\9.0.537\lib\net462\Prism.Wpf.dll [C:\Users\ultra\warewolf\Dev\Warewolf.Studio.ViewModels\Warewolf.Studio.ViewModels.csproj]
C:\Program Files\dotnet\sdk\10.0.201\Microsoft.Common.CurrentVersion.targets(2451,5): warning MSB3277:             C:\Users\ultra\.nuget\packages\reactiveui.wpf\18.4.1\lib\net462\ReactiveUI.Wpf.dll [C:\Users\ultra\warewolf\Dev\Warewolf.Studio.ViewModels\Warewolf.Studio.ViewModels.csproj]
C:\Program Files\dotnet\sdk\10.0.201\Microsoft.Common.CurrentVersion.targets(2451,5): warning MSB3277:             C:\Users\ultra\.nuget\packages\taskschedulereditor\2.10.1\lib\net452\Microsoft.Win32.TaskSchedulerEditor.dll [C:\Users\ultra\warewolf\Dev\Warewolf.Studio.ViewModels\Warewolf.Studio.ViewModels.csproj]
C:\Program Files\dotnet\sdk\10.0.201\Microsoft.Common.CurrentVersion.targets(2451,5): warning MSB3277:             C:\Users\ultra\.nuget\packages\ttcue.netcore.sharepointonline.csom.16.1.8029.1200\16.1.8029.1200\lib\netcoreapp2.0\Microsoft.SharePoint.Client.Runtime.Windows.dll [C:\Users\ultra\warewolf\Dev\Warewolf.Studio.ViewModels\Warewolf.Studio.ViewModels.csproj]
C:\Program Files\dotnet\sdk\10.0.201\Microsoft.Common.CurrentVersion.targets(2451,5): warning MSB3277:         C:\Program Files\dotnet\packs\Microsoft.NETCore.App.Ref\8.0.25\ref\net8.0\WindowsBase.dll [C:\Users\ultra\warewolf\Dev\Warewolf.Studio.ViewModels\Warewolf.Studio.ViewModels.csproj]
C:\Program Files\dotnet\sdk\10.0.201\Microsoft.Common.CurrentVersion.targets(2451,5): warning MSB3277:           Project file item includes which caused reference "C:\Program Files\dotnet\packs\Microsoft.NETCore.App.Ref\8.0.25\ref\net8.0\WindowsBase.dll". [C:\Users\ultra\warewolf\Dev\Warewolf.Studio.ViewModels\Warewolf.Studio.ViewModels.csproj]
C:\Program Files\dotnet\sdk\10.0.201\Microsoft.Common.CurrentVersion.targets(2451,5): warning MSB3277:             C:\Program Files\dotnet\packs\Microsoft.NETCore.App.Ref\8.0.25\ref/net8.0/WindowsBase.dll [C:\Users\ultra\warewolf\Dev\Warewolf.Studio.ViewModels\Warewolf.Studio.ViewModels.csproj]
C:\Program Files\dotnet\sdk\10.0.201\Microsoft.Common.CurrentVersion.targets(2451,5): warning MSB3277:         C:\Program Files\dotnet\packs\Microsoft.NETCore.App.Ref\8.0.25\ref\net8.0\mscorlib.dll [C:\Users\ultra\warewolf\Dev\Warewolf.Studio.ViewModels\Warewolf.Studio.ViewModels.csproj]
C:\Program Files\dotnet\sdk\10.0.201\Microsoft.Common.CurrentVersion.targets(2451,5): warning MSB3277:           Project file item includes which caused reference "C:\Program Files\dotnet\packs\Microsoft.NETCore.App.Ref\8.0.25\ref\net8.0\mscorlib.dll". [C:\Users\ultra\warewolf\Dev\Warewolf.Studio.ViewModels\Warewolf.Studio.ViewModels.csproj]
C:\Program Files\dotnet\sdk\10.0.201\Microsoft.Common.CurrentVersion.targets(2451,5): warning MSB3277:             C:\Program Files\dotnet\packs\Microsoft.NETCore.App.Ref\8.0.25\ref/net8.0/mscorlib.dll [C:\Users\ultra\warewolf\Dev\Warewolf.Studio.ViewModels\Warewolf.Studio.ViewModels.csproj]
C:\Program Files\dotnet\sdk\10.0.201\Microsoft.Common.CurrentVersion.targets(2451,5): warning MSB3277:             C:\Users\ultra\.nuget\packages\aerowizard\2.3.1\lib\net45\AeroWizard.dll [C:\Users\ultra\warewolf\Dev\Warewolf.Studio.ViewModels\Warewolf.Studio.ViewModels.csproj]
C:\Program Files\dotnet\sdk\10.0.201\Microsoft.Common.CurrentVersion.targets(2451,5): warning MSB3277:             C:\Users\ultra\.nuget\packages\groupcontrols\1.9.0\lib\net45\GroupControls.dll [C:\Users\ultra\warewolf\Dev\Warewolf.Studio.ViewModels\Warewolf.Studio.ViewModels.csproj]
C:\Program Files\dotnet\sdk\10.0.201\Microsoft.Common.CurrentVersion.targets(2451,5): warning MSB3277:             C:\Users\ultra\.nuget\packages\hangfire.core\1.7.32\lib\netstandard2.0\Hangfire.Core.dll [C:\Users\ultra\warewolf\Dev\Warewolf.Studio.ViewModels\Warewolf.Studio.ViewModels.csproj]
C:\Program Files\dotnet\sdk\10.0.201\Microsoft.Common.CurrentVersion.targets(2451,5): warning MSB3277:             C:\Users\ultra\warewolf\Dev\Dev2.Activities\bin\Debug\net8.0\Dev2.Activities.dll [C:\Users\ultra\warewolf\Dev\Warewolf.Studio.ViewModels\Warewolf.Studio.ViewModels.csproj]
C:\Program Files\dotnet\sdk\10.0.201\Microsoft.Common.CurrentVersion.targets(2451,5): warning MSB3277:             C:\Users\ultra\warewolf\Dev\Dev2.Studio.Core\bin\Debug\net8.0\Dev2.Studio.Core.dll [C:\Users\ultra\warewolf\Dev\Warewolf.Studio.ViewModels\Warewolf.Studio.ViewModels.csproj]
C:\Program Files\dotnet\sdk\10.0.201\Microsoft.Common.CurrentVersion.targets(2451,5): warning MSB3277:             C:\Users\ultra\warewolf\Dev\Dev2.Intellisense\bin\Debug\net8.0\Dev2.Intellisense.dll [C:\Users\ultra\warewolf\Dev\Warewolf.Studio.ViewModels\Warewolf.Studio.ViewModels.csproj]
C:\Program Files\dotnet\sdk\10.0.201\Microsoft.Common.CurrentVersion.targets(2451,5): warning MSB3277:             C:\Users\ultra\warewolf\Dev\Warewolf.Driver.Persistence\bin\Debug\net8.0\Warewolf.Driver.Persistence.dll [C:\Users\ultra\warewolf\Dev\Warewolf.Studio.ViewModels\Warewolf.Studio.ViewModels.csproj]
C:\Program Files\dotnet\sdk\10.0.201\Microsoft.Common.CurrentVersion.targets(2451,5): warning MSB3277:             C:\Users\ultra\.nuget\packages\hangfire.sqlserver\1.7.32\lib\netstandard2.0\Hangfire.SqlServer.dll [C:\Users\ultra\warewolf\Dev\Warewolf.Studio.ViewModels\Warewolf.Studio.ViewModels.csproj]
C:\Program Files\dotnet\sdk\10.0.201\Microsoft.Common.CurrentVersion.targets(2451,5): warning MSB3277:             C:\Users\ultra\.nuget\packages\microsoft.xaml.behaviors.wpf\1.1.122\lib\net462\Microsoft.Xaml.Behaviors.dll [C:\Users\ultra\warewolf\Dev\Warewolf.Studio.ViewModels\Warewolf.Studio.ViewModels.csproj]
C:\Program Files\dotnet\sdk\10.0.201\Microsoft.Common.CurrentVersion.targets(2451,5): warning MSB3277:             C:\Users\ultra\.nuget\packages\caliburn.micro\4.0.212\lib\netcoreapp3.1\Caliburn.Micro.Platform.dll [C:\Users\ultra\warewolf\Dev\Warewolf.Studio.ViewModels\Warewolf.Studio.ViewModels.csproj]
C:\Program Files\dotnet\sdk\10.0.201\Microsoft.Common.CurrentVersion.targets(2451,5): warning MSB3277:             C:\Users\ultra\.nuget\packages\oracle.manageddataaccess.core\3.21.70\lib\netstandard2.1\Oracle.ManagedDataAccess.dll [C:\Users\ultra\warewolf\Dev\Warewolf.Studio.ViewModels\Warewolf.Studio.ViewModels.csproj]
C:\Program Files\dotnet\sdk\10.0.201\Microsoft.Common.CurrentVersion.targets(2451,5): warning MSB3277:             C:\Users\ultra\warewolf\Dev\Dev2.Runtime.Services\bin\Debug\net8.0\Dev2.Runtime.Services.dll [C:\Users\ultra\warewolf\Dev\Warewolf.Studio.ViewModels\Warewolf.Studio.ViewModels.csproj]
C:\Program Files\dotnet\sdk\10.0.201\Microsoft.Common.CurrentVersion.targets(2451,5): warning MSB3277:             C:\Users\ultra\warewolf\Dev\Dev2.Studio.Interfaces\bin\Debug\net8.0\Dev2.Studio.Interfaces.dll [C:\Users\ultra\warewolf\Dev\Warewolf.Studio.ViewModels\Warewolf.Studio.ViewModels.csproj]
C:\Program Files\dotnet\sdk\10.0.201\Microsoft.Common.CurrentVersion.targets(2451,5): warning MSB3277:             C:\Users\ultra\warewolf\Dev\Warewolf.Studio.Core\bin\Debug\net8.0\Warewolf.Studio.Core.dll [C:\Users\ultra\warewolf\Dev\Warewolf.Studio.ViewModels\Warewolf.Studio.ViewModels.csproj]
C:\Program Files\dotnet\sdk\10.0.201\Microsoft.Common.CurrentVersion.targets(2451,5): warning MSB3277:             C:\Users\ultra\warewolf\Dev\Warewolf.Studio.CustomControls\bin\Debug\net8.0\Warewolf.Studio.CustomControls.dll [C:\Users\ultra\warewolf\Dev\Warewolf.Studio.ViewModels\Warewolf.Studio.ViewModels.csproj]
C:\Program Files\dotnet\sdk\10.0.201\Microsoft.Common.CurrentVersion.targets(2451,5): warning MSB3277:             C:\Users\ultra\warewolf\Dev\Warewolf.Studio.Models\bin\Debug\net8.0\Warewolf.Studio.Models.dll [C:\Users\ultra\warewolf\Dev\Warewolf.Studio.ViewModels\Warewolf.Studio.ViewModels.csproj]
C:\Program Files\dotnet\sdk\10.0.201\Microsoft.Common.CurrentVersion.targets(2451,5): warning MSB3277:             C:\Users\ultra\warewolf\Dev\Dev2.Services.Execution\bin\Debug\net8.0\Dev2.Services.Execution.dll [C:\Users\ultra\warewolf\Dev\Warewolf.Studio.ViewModels\Warewolf.Studio.ViewModels.csproj]
C:\Program Files\dotnet\sdk\10.0.201\Microsoft.Common.CurrentVersion.targets(2451,5): warning MSB3277:             C:\Users\ultra\warewolf\Dev\Dev2.Services.Sql\bin\Debug\net8.0\Dev2.Services.Sql.dll [C:\Users\ultra\warewolf\Dev\Warewolf.Studio.ViewModels\Warewolf.Studio.ViewModels.csproj]
C:\Program Files\dotnet\sdk\10.0.201\Microsoft.Common.CurrentVersion.targets(2451,5): warning MSB3277:             C:\Users\ultra\.nuget\packages\prism.wpf\9.0.537\lib\net462\Prism.Wpf.dll [C:\Users\ultra\warewolf\Dev\Warewolf.Studio.ViewModels\Warewolf.Studio.ViewModels.csproj]
C:\Program Files\dotnet\sdk\10.0.201\Microsoft.Common.CurrentVersion.targets(2451,5): warning MSB3277:             C:\Users\ultra\.nuget\packages\reactiveui.wpf\18.4.1\lib\net462\ReactiveUI.Wpf.dll [C:\Users\ultra\warewolf\Dev\Warewolf.Studio.ViewModels\Warewolf.Studio.ViewModels.csproj]
C:\Program Files\dotnet\sdk\10.0.201\Microsoft.Common.CurrentVersion.targets(2451,5): warning MSB3277:             C:\Users\ultra\.nuget\packages\taskschedulereditor\2.10.1\lib\net452\Microsoft.Win32.TaskSchedulerEditor.dll [C:\Users\ultra\warewolf\Dev\Warewolf.Studio.ViewModels\Warewolf.Studio.ViewModels.csproj]
C:\Program Files\dotnet\sdk\10.0.201\Microsoft.Common.CurrentVersion.targets(2451,5): warning MSB3277:             C:\Users\ultra\.nuget\packages\ttcue.netcore.sharepointonline.csom.16.1.8029.1200\16.1.8029.1200\lib\netcoreapp2.0\Microsoft.SharePoint.Client.Runtime.Windows.dll [C:\Users\ultra\warewolf\Dev\Warewolf.Studio.ViewModels\Warewolf.Studio.ViewModels.csproj]
C:\Program Files\dotnet\sdk\10.0.201\Microsoft.Common.CurrentVersion.targets(2451,5): warning MSB3277:         C:\Users\ultra\warewolf\Dev\Dev2.Development.Languages\bin\Debug\net8.0\IronRuby.dll [C:\Users\ultra\warewolf\Dev\Warewolf.Studio.ViewModels\Warewolf.Studio.ViewModels.csproj]
C:\Program Files\dotnet\sdk\10.0.201\Microsoft.Common.CurrentVersion.targets(2451,5): warning MSB3277:           Project file item includes which caused reference "C:\Users\ultra\warewolf\Dev\Dev2.Development.Languages\bin\Debug\net8.0\IronRuby.dll". [C:\Users\ultra\warewolf\Dev\Warewolf.Studio.ViewModels\Warewolf.Studio.ViewModels.csproj]
C:\Program Files\dotnet\sdk\10.0.201\Microsoft.Common.CurrentVersion.targets(2451,5): warning MSB3277:             C:\Users\ultra\warewolf\Dev\Dev2.Development.Languages\bin\Debug\net8.0\Dev2.Development.Languages.dll [C:\Users\ultra\warewolf\Dev\Warewolf.Studio.ViewModels\Warewolf.Studio.ViewModels.csproj]
C:\Program Files\dotnet\sdk\10.0.201\Microsoft.Common.CurrentVersion.targets(2451,5): warning MSB3277:             C:\Users\ultra\warewolf\Dev\Dev2.Activities\bin\Debug\net8.0\Dev2.Activities.dll [C:\Users\ultra\warewolf\Dev\Warewolf.Studio.ViewModels\Warewolf.Studio.ViewModels.csproj]
C:\Program Files\dotnet\sdk\10.0.201\Microsoft.Common.CurrentVersion.targets(2451,5): warning MSB3277:             C:\Users\ultra\warewolf\Dev\Dev2.Studio.Core\bin\Debug\net8.0\Dev2.Studio.Core.dll [C:\Users\ultra\warewolf\Dev\Warewolf.Studio.ViewModels\Warewolf.Studio.ViewModels.csproj]
C:\Program Files\dotnet\sdk\10.0.201\Microsoft.Common.CurrentVersion.targets(2451,5): warning MSB3277:             C:\Users\ultra\warewolf\Dev\Dev2.Intellisense\bin\Debug\net8.0\Dev2.Intellisense.dll [C:\Users\ultra\warewolf\Dev\Warewolf.Studio.ViewModels\Warewolf.Studio.ViewModels.csproj]
C:\Program Files\dotnet\sdk\10.0.201\Microsoft.Common.CurrentVersion.targets(2451,5): warning MSB3277:         C:\Users\ultra\warewolf\Dev\Dev2.Development.Languages\bin\Debug\net8.0\IronRuby.Libraries.dll [C:\Users\ultra\warewolf\Dev\Warewolf.Studio.ViewModels\Warewolf.Studio.ViewModels.csproj]
C:\Program Files\dotnet\sdk\10.0.201\Microsoft.Common.CurrentVersion.targets(2451,5): warning MSB3277:           Project file item includes which caused reference "C:\Users\ultra\warewolf\Dev\Dev2.Development.Languages\bin\Debug\net8.0\IronRuby.Libraries.dll". [C:\Users\ultra\warewolf\Dev\Warewolf.Studio.ViewModels\Warewolf.Studio.ViewModels.csproj]
C:\Program Files\dotnet\sdk\10.0.201\Microsoft.Common.CurrentVersion.targets(2451,5): warning MSB3277:             C:\Users\ultra\warewolf\Dev\Dev2.Development.Languages\bin\Debug\net8.0\Dev2.Development.Languages.dll [C:\Users\ultra\warewolf\Dev\Warewolf.Studio.ViewModels\Warewolf.Studio.ViewModels.csproj]
C:\Program Files\dotnet\sdk\10.0.201\Microsoft.Common.CurrentVersion.targets(2451,5): warning MSB3277:             C:\Users\ultra\warewolf\Dev\Dev2.Activities\bin\Debug\net8.0\Dev2.Activities.dll [C:\Users\ultra\warewolf\Dev\Warewolf.Studio.ViewModels\Warewolf.Studio.ViewModels.csproj]
C:\Program Files\dotnet\sdk\10.0.201\Microsoft.Common.CurrentVersion.targets(2451,5): warning MSB3277:             C:\Users\ultra\warewolf\Dev\Dev2.Studio.Core\bin\Debug\net8.0\Dev2.Studio.Core.dll [C:\Users\ultra\warewolf\Dev\Warewolf.Studio.ViewModels\Warewolf.Studio.ViewModels.csproj]
C:\Program Files\dotnet\sdk\10.0.201\Microsoft.Common.CurrentVersion.targets(2451,5): warning MSB3277:             C:\Users\ultra\warewolf\Dev\Dev2.Intellisense\bin\Debug\net8.0\Dev2.Intellisense.dll [C:\Users\ultra\warewolf\Dev\Warewolf.Studio.ViewModels\Warewolf.Studio.ViewModels.csproj]
C:\Program Files\dotnet\sdk\10.0.201\Microsoft.Common.CurrentVersion.targets(2451,5): warning MSB3277: Found conflicts between different versions of "WindowsBase" that could not be resolved. [C:\Users\ultra\warewolf\Dev\Warewolf.Studio.ViewModels\Warewolf.Studio.ViewModels.csproj]
C:\Program Files\dotnet\sdk\10.0.201\Microsoft.Common.CurrentVersion.targets(2451,5): warning MSB3277: There was a conflict between "WindowsBase, Version=4.0.0.0, Culture=neutral, PublicKeyToken=31bf3856ad364e35" and "WindowsBase, Version=6.0.2.0, Culture=neutral, PublicKeyToken=31bf3856ad364e35". [C:\Users\ultra\warewolf\Dev\Warewolf.Studio.ViewModels\Warewolf.Studio.ViewModels.csproj]
C:\Program Files\dotnet\sdk\10.0.201\Microsoft.Common.CurrentVersion.targets(2451,5): warning MSB3277:     "WindowsBase, Version=4.0.0.0, Culture=neutral, PublicKeyToken=31bf3856ad364e35" was chosen because it was primary and "WindowsBase, Version=6.0.2.0, Culture=neutral, PublicKeyToken=31bf3856ad364e35" was not. [C:\Users\ultra\warewolf\Dev\Warewolf.Studio.ViewModels\Warewolf.Studio.ViewModels.csproj]
C:\Program Files\dotnet\sdk\10.0.201\Microsoft.Common.CurrentVersion.targets(2451,5): warning MSB3277:     References which depend on "WindowsBase, Version=4.0.0.0, Culture=neutral, PublicKeyToken=31bf3856ad364e35" [C:\Program Files\dotnet\packs\Microsoft.NETCore.App.Ref\8.0.25\ref\net8.0\WindowsBase.dll]. [C:\Users\ultra\warewolf\Dev\Warewolf.Studio.ViewModels\Warewolf.Studio.ViewModels.csproj]
C:\Program Files\dotnet\sdk\10.0.201\Microsoft.Common.CurrentVersion.targets(2451,5): warning MSB3277:         C:\Program Files\dotnet\packs\Microsoft.NETCore.App.Ref\8.0.25\ref\net8.0\WindowsBase.dll [C:\Users\ultra\warewolf\Dev\Warewolf.Studio.ViewModels\Warewolf.Studio.ViewModels.csproj]
C:\Program Files\dotnet\sdk\10.0.201\Microsoft.Common.CurrentVersion.targets(2451,5): warning MSB3277:           Project file item includes which caused reference "C:\Program Files\dotnet\packs\Microsoft.NETCore.App.Ref\8.0.25\ref\net8.0\WindowsBase.dll". [C:\Users\ultra\warewolf\Dev\Warewolf.Studio.ViewModels\Warewolf.Studio.ViewModels.csproj]
C:\Program Files\dotnet\sdk\10.0.201\Microsoft.Common.CurrentVersion.targets(2451,5): warning MSB3277:             C:\Program Files\dotnet\packs\Microsoft.NETCore.App.Ref\8.0.25\ref/net8.0/WindowsBase.dll [C:\Users\ultra\warewolf\Dev\Warewolf.Studio.ViewModels\Warewolf.Studio.ViewModels.csproj]
C:\Program Files\dotnet\sdk\10.0.201\Microsoft.Common.CurrentVersion.targets(2451,5): warning MSB3277:     References which depend on or have been unified to "WindowsBase, Version=6.0.2.0, Culture=neutral, PublicKeyToken=31bf3856ad364e35" []. [C:\Users\ultra\warewolf\Dev\Warewolf.Studio.ViewModels\Warewolf.Studio.ViewModels.csproj]
C:\Program Files\dotnet\sdk\10.0.201\Microsoft.Common.CurrentVersion.targets(2451,5): warning MSB3277:         C:\Users\ultra\warewolf\Dev\Binaries\Infragistcs_Net6\InfragisticsWPF4.Controls.Editors.XamComboEditor.v15.1.dll [C:\Users\ultra\warewolf\Dev\Warewolf.Studio.ViewModels\Warewolf.Studio.ViewModels.csproj]
C:\Program Files\dotnet\sdk\10.0.201\Microsoft.Common.CurrentVersion.targets(2451,5): warning MSB3277:           Project file item includes which caused reference "C:\Users\ultra\warewolf\Dev\Binaries\Infragistcs_Net6\InfragisticsWPF4.Controls.Editors.XamComboEditor.v15.1.dll". [C:\Users\ultra\warewolf\Dev\Warewolf.Studio.ViewModels\Warewolf.Studio.ViewModels.csproj]
C:\Program Files\dotnet\sdk\10.0.201\Microsoft.Common.CurrentVersion.targets(2451,5): warning MSB3277:             InfragisticsWPF4.Controls.Editors.XamComboEditor.v15.1, Version=15.1.20151.2055, Culture=neutral, processorArchitecture=MSIL [C:\Users\ultra\warewolf\Dev\Warewolf.Studio.ViewModels\Warewolf.Studio.ViewModels.csproj]
C:\Program Files\dotnet\sdk\10.0.201\Microsoft.Common.CurrentVersion.targets(2451,5): warning MSB3277:         C:\Users\ultra\warewolf\Dev\Binaries\Infragistcs_Net6\InfragisticsWPF4.DataManager.v15.1.dll [C:\Users\ultra\warewolf\Dev\Warewolf.Studio.ViewModels\Warewolf.Studio.ViewModels.csproj]
C:\Program Files\dotnet\sdk\10.0.201\Microsoft.Common.CurrentVersion.targets(2451,5): warning MSB3277:           Project file item includes which caused reference "C:\Users\ultra\warewolf\Dev\Binaries\Infragistcs_Net6\InfragisticsWPF4.DataManager.v15.1.dll". [C:\Users\ultra\warewolf\Dev\Warewolf.Studio.ViewModels\Warewolf.Studio.ViewModels.csproj]
C:\Program Files\dotnet\sdk\10.0.201\Microsoft.Common.CurrentVersion.targets(2451,5): warning MSB3277:             InfragisticsWPF4.DataManager.v15.1, Version=15.1.20151.2055, Culture=neutral, processorArchitecture=MSIL [C:\Users\ultra\warewolf\Dev\Warewolf.Studio.ViewModels\Warewolf.Studio.ViewModels.csproj]
C:\Program Files\dotnet\sdk\10.0.201\Microsoft.Common.CurrentVersion.targets(2451,5): warning MSB3277:             InfragisticsWPF4.Controls.Editors.XamComboEditor.v15.1, Version=15.1.20151.2055, Culture=neutral, processorArchitecture=MSIL [C:\Users\ultra\warewolf\Dev\Warewolf.Studio.ViewModels\Warewolf.Studio.ViewModels.csproj]
C:\Program Files\dotnet\sdk\10.0.201\Microsoft.Common.CurrentVersion.targets(2451,5): warning MSB3277:         C:\Users\ultra\warewolf\Dev\Binaries\Infragistcs_Net6\InfragisticsWPF4.v15.1.dll [C:\Users\ultra\warewolf\Dev\Warewolf.Studio.ViewModels\Warewolf.Studio.ViewModels.csproj]
C:\Program Files\dotnet\sdk\10.0.201\Microsoft.Common.CurrentVersion.targets(2451,5): warning MSB3277:           Project file item includes which caused reference "C:\Users\ultra\warewolf\Dev\Binaries\Infragistcs_Net6\InfragisticsWPF4.v15.1.dll". [C:\Users\ultra\warewolf\Dev\Warewolf.Studio.ViewModels\Warewolf.Studio.ViewModels.csproj]
C:\Program Files\dotnet\sdk\10.0.201\Microsoft.Common.CurrentVersion.targets(2451,5): warning MSB3277:             InfragisticsWPF4.v15.1, Version=15.1.20151.2055, Culture=neutral, processorArchitecture=MSIL [C:\Users\ultra\warewolf\Dev\Warewolf.Studio.ViewModels\Warewolf.Studio.ViewModels.csproj]
C:\Program Files\dotnet\sdk\10.0.201\Microsoft.Common.CurrentVersion.targets(2451,5): warning MSB3277:             InfragisticsWPF4.Controls.Editors.XamComboEditor.v15.1, Version=15.1.20151.2055, Culture=neutral, processorArchitecture=MSIL [C:\Users\ultra\warewolf\Dev\Warewolf.Studio.ViewModels\Warewolf.Studio.ViewModels.csproj]
C:\Program Files\dotnet\sdk\10.0.201\Microsoft.Common.CurrentVersion.targets(2451,5): warning MSB3277:             InfragisticsWPF4.DataManager.v15.1, Version=15.1.20151.2055, Culture=neutral, processorArchitecture=MSIL [C:\Users\ultra\warewolf\Dev\Warewolf.Studio.ViewModels\Warewolf.Studio.ViewModels.csproj]
C:\Program Files\dotnet\sdk\10.0.201\Microsoft.Common.CurrentVersion.targets(2451,5): warning MSB3277:         C:\Users\ultra\.nuget\packages\caliburn.micro\4.0.212\lib\netcoreapp3.1\Caliburn.Micro.Platform.dll [C:\Users\ultra\warewolf\Dev\Warewolf.Studio.ViewModels\Warewolf.Studio.ViewModels.csproj]
C:\Program Files\dotnet\sdk\10.0.201\Microsoft.Common.CurrentVersion.targets(2451,5): warning MSB3277:           Project file item includes which caused reference "C:\Users\ultra\.nuget\packages\caliburn.micro\4.0.212\lib\netcoreapp3.1\Caliburn.Micro.Platform.dll". [C:\Users\ultra\warewolf\Dev\Warewolf.Studio.ViewModels\Warewolf.Studio.ViewModels.csproj]
C:\Program Files\dotnet\sdk\10.0.201\Microsoft.Common.CurrentVersion.targets(2451,5): warning MSB3277:             C:\Users\ultra\.nuget\packages\caliburn.micro\4.0.212\lib\netcoreapp3.1\Caliburn.Micro.Platform.dll [C:\Users\ultra\warewolf\Dev\Warewolf.Studio.ViewModels\Warewolf.Studio.ViewModels.csproj]
C:\Program Files\dotnet\sdk\10.0.201\Microsoft.Common.CurrentVersion.targets(2451,5): warning MSB3277:         C:\Users\ultra\.nuget\packages\extended.wpf.toolkit\4.4.0\lib\net5.0\Xceed.Wpf.AvalonDock.NET5.dll [C:\Users\ultra\warewolf\Dev\Warewolf.Studio.ViewModels\Warewolf.Studio.ViewModels.csproj]
C:\Program Files\dotnet\sdk\10.0.201\Microsoft.Common.CurrentVersion.targets(2451,5): warning MSB3277:           Project file item includes which caused reference "C:\Users\ultra\.nuget\packages\extended.wpf.toolkit\4.4.0\lib\net5.0\Xceed.Wpf.AvalonDock.NET5.dll". [C:\Users\ultra\warewolf\Dev\Warewolf.Studio.ViewModels\Warewolf.Studio.ViewModels.csproj]
C:\Program Files\dotnet\sdk\10.0.201\Microsoft.Common.CurrentVersion.targets(2451,5): warning MSB3277:             C:\Users\ultra\.nuget\packages\extended.wpf.toolkit\4.4.0\lib\net5.0\Xceed.Wpf.AvalonDock.NET5.dll [C:\Users\ultra\warewolf\Dev\Warewolf.Studio.ViewModels\Warewolf.Studio.ViewModels.csproj]
C:\Program Files\dotnet\sdk\10.0.201\Microsoft.Common.CurrentVersion.targets(2451,5): warning MSB3277:             C:\Users\ultra\.nuget\packages\extended.wpf.toolkit\4.4.0\lib\net5.0\Xceed.Wpf.AvalonDock.Themes.Aero.NET5.dll [C:\Users\ultra\warewolf\Dev\Warewolf.Studio.ViewModels\Warewolf.Studio.ViewModels.csproj]
C:\Program Files\dotnet\sdk\10.0.201\Microsoft.Common.CurrentVersion.targets(2451,5): warning MSB3277:             C:\Users\ultra\.nuget\packages\extended.wpf.toolkit\4.4.0\lib\net5.0\Xceed.Wpf.AvalonDock.Themes.Metro.NET5.dll [C:\Users\ultra\warewolf\Dev\Warewolf.Studio.ViewModels\Warewolf.Studio.ViewModels.csproj]
C:\Program Files\dotnet\sdk\10.0.201\Microsoft.Common.CurrentVersion.targets(2451,5): warning MSB3277:             C:\Users\ultra\.nuget\packages\extended.wpf.toolkit\4.4.0\lib\net5.0\Xceed.Wpf.AvalonDock.Themes.VS2010.NET5.dll [C:\Users\ultra\warewolf\Dev\Warewolf.Studio.ViewModels\Warewolf.Studio.ViewModels.csproj]
C:\Program Files\dotnet\sdk\10.0.201\Microsoft.Common.CurrentVersion.targets(2451,5): warning MSB3277:         C:\Users\ultra\.nuget\packages\extended.wpf.toolkit\4.4.0\lib\net5.0\Xceed.Wpf.AvalonDock.Themes.Aero.NET5.dll [C:\Users\ultra\warewolf\Dev\Warewolf.Studio.ViewModels\Warewolf.Studio.ViewModels.csproj]
C:\Program Files\dotnet\sdk\10.0.201\Microsoft.Common.CurrentVersion.targets(2451,5): warning MSB3277:           Project file item includes which caused reference "C:\Users\ultra\.nuget\packages\extended.wpf.toolkit\4.4.0\lib\net5.0\Xceed.Wpf.AvalonDock.Themes.Aero.NET5.dll". [C:\Users\ultra\warewolf\Dev\Warewolf.Studio.ViewModels\Warewolf.Studio.ViewModels.csproj]
C:\Program Files\dotnet\sdk\10.0.201\Microsoft.Common.CurrentVersion.targets(2451,5): warning MSB3277:             C:\Users\ultra\.nuget\packages\extended.wpf.toolkit\4.4.0\lib\net5.0\Xceed.Wpf.AvalonDock.Themes.Aero.NET5.dll [C:\Users\ultra\warewolf\Dev\Warewolf.Studio.ViewModels\Warewolf.Studio.ViewModels.csproj]
C:\Program Files\dotnet\sdk\10.0.201\Microsoft.Common.CurrentVersion.targets(2451,5): warning MSB3277:         C:\Users\ultra\.nuget\packages\extended.wpf.toolkit\4.4.0\lib\net5.0\Xceed.Wpf.Toolkit.NET5.dll [C:\Users\ultra\warewolf\Dev\Warewolf.Studio.ViewModels\Warewolf.Studio.ViewModels.csproj]
C:\Program Files\dotnet\sdk\10.0.201\Microsoft.Common.CurrentVersion.targets(2451,5): warning MSB3277:           Project file item includes which caused reference "C:\Users\ultra\.nuget\packages\extended.wpf.toolkit\4.4.0\lib\net5.0\Xceed.Wpf.Toolkit.NET5.dll". [C:\Users\ultra\warewolf\Dev\Warewolf.Studio.ViewModels\Warewolf.Studio.ViewModels.csproj]
C:\Program Files\dotnet\sdk\10.0.201\Microsoft.Common.CurrentVersion.targets(2451,5): warning MSB3277:             C:\Users\ultra\.nuget\packages\extended.wpf.toolkit\4.4.0\lib\net5.0\Xceed.Wpf.Toolkit.NET5.dll [C:\Users\ultra\warewolf\Dev\Warewolf.Studio.ViewModels\Warewolf.Studio.ViewModels.csproj]
C:\Program Files\dotnet\sdk\10.0.201\Microsoft.Common.CurrentVersion.targets(2451,5): warning MSB3277:         C:\Users\ultra\.nuget\packages\ironpython\3.4.0\lib\net6.0\IronPython.Wpf.dll [C:\Users\ultra\warewolf\Dev\Warewolf.Studio.ViewModels\Warewolf.Studio.ViewModels.csproj]
C:\Program Files\dotnet\sdk\10.0.201\Microsoft.Common.CurrentVersion.targets(2451,5): warning MSB3277:           Project file item includes which caused reference "C:\Users\ultra\.nuget\packages\ironpython\3.4.0\lib\net6.0\IronPython.Wpf.dll". [C:\Users\ultra\warewolf\Dev\Warewolf.Studio.ViewModels\Warewolf.Studio.ViewModels.csproj]
C:\Program Files\dotnet\sdk\10.0.201\Microsoft.Common.CurrentVersion.targets(2451,5): warning MSB3277:             C:\Users\ultra\.nuget\packages\ironpython\3.4.0\lib\net6.0\IronPython.Wpf.dll [C:\Users\ultra\warewolf\Dev\Warewolf.Studio.ViewModels\Warewolf.Studio.ViewModels.csproj]
C:\Program Files\dotnet\sdk\10.0.201\Microsoft.Common.CurrentVersion.targets(2451,5): warning MSB3277:         C:\Users\ultra\.nuget\packages\microsoft.xaml.behaviors.wpf\1.1.122\lib\net462\Microsoft.Xaml.Behaviors.dll [C:\Users\ultra\warewolf\Dev\Warewolf.Studio.ViewModels\Warewolf.Studio.ViewModels.csproj]
C:\Program Files\dotnet\sdk\10.0.201\Microsoft.Common.CurrentVersion.targets(2451,5): warning MSB3277:           Project file item includes which caused reference "C:\Users\ultra\.nuget\packages\microsoft.xaml.behaviors.wpf\1.1.122\lib\net462\Microsoft.Xaml.Behaviors.dll". [C:\Users\ultra\warewolf\Dev\Warewolf.Studio.ViewModels\Warewolf.Studio.ViewModels.csproj]
C:\Program Files\dotnet\sdk\10.0.201\Microsoft.Common.CurrentVersion.targets(2451,5): warning MSB3277:             C:\Users\ultra\.nuget\packages\microsoft.xaml.behaviors.wpf\1.1.122\lib\net462\Microsoft.Xaml.Behaviors.dll [C:\Users\ultra\warewolf\Dev\Warewolf.Studio.ViewModels\Warewolf.Studio.ViewModels.csproj]
C:\Program Files\dotnet\sdk\10.0.201\Microsoft.Common.CurrentVersion.targets(2451,5): warning MSB3277:             C:\Users\ultra\.nuget\packages\caliburn.micro\4.0.212\lib\netcoreapp3.1\Caliburn.Micro.Platform.dll [C:\Users\ultra\warewolf\Dev\Warewolf.Studio.ViewModels\Warewolf.Studio.ViewModels.csproj]
C:\Program Files\dotnet\sdk\10.0.201\Microsoft.Common.CurrentVersion.targets(2451,5): warning MSB3277:             C:\Users\ultra\.nuget\packages\prism.wpf\9.0.537\lib\net462\Prism.Wpf.dll [C:\Users\ultra\warewolf\Dev\Warewolf.Studio.ViewModels\Warewolf.Studio.ViewModels.csproj]
C:\Program Files\dotnet\sdk\10.0.201\Microsoft.Common.CurrentVersion.targets(2451,5): warning MSB3277:         C:\Users\ultra\.nuget\packages\prism.wpf\9.0.537\lib\net462\Prism.Wpf.dll [C:\Users\ultra\warewolf\Dev\Warewolf.Studio.ViewModels\Warewolf.Studio.ViewModels.csproj]
C:\Program Files\dotnet\sdk\10.0.201\Microsoft.Common.CurrentVersion.targets(2451,5): warning MSB3277:           Project file item includes which caused reference "C:\Users\ultra\.nuget\packages\prism.wpf\9.0.537\lib\net462\Prism.Wpf.dll". [C:\Users\ultra\warewolf\Dev\Warewolf.Studio.ViewModels\Warewolf.Studio.ViewModels.csproj]
C:\Program Files\dotnet\sdk\10.0.201\Microsoft.Common.CurrentVersion.targets(2451,5): warning MSB3277:             C:\Users\ultra\.nuget\packages\prism.wpf\9.0.537\lib\net462\Prism.Wpf.dll [C:\Users\ultra\warewolf\Dev\Warewolf.Studio.ViewModels\Warewolf.Studio.ViewModels.csproj]
C:\Program Files\dotnet\sdk\10.0.201\Microsoft.Common.CurrentVersion.targets(2451,5): warning MSB3277:         C:\Users\ultra\.nuget\packages\reactiveui.wpf\18.4.1\lib\net462\ReactiveUI.Wpf.dll [C:\Users\ultra\warewolf\Dev\Warewolf.Studio.ViewModels\Warewolf.Studio.ViewModels.csproj]
C:\Program Files\dotnet\sdk\10.0.201\Microsoft.Common.CurrentVersion.targets(2451,5): warning MSB3277:           Project file item includes which caused reference "C:\Users\ultra\.nuget\packages\reactiveui.wpf\18.4.1\lib\net462\ReactiveUI.Wpf.dll". [C:\Users\ultra\warewolf\Dev\Warewolf.Studio.ViewModels\Warewolf.Studio.ViewModels.csproj]
C:\Program Files\dotnet\sdk\10.0.201\Microsoft.Common.CurrentVersion.targets(2451,5): warning MSB3277:             C:\Users\ultra\.nuget\packages\reactiveui.wpf\18.4.1\lib\net462\ReactiveUI.Wpf.dll [C:\Users\ultra\warewolf\Dev\Warewolf.Studio.ViewModels\Warewolf.Studio.ViewModels.csproj]
  Consider app.config remapping of assembly "System.Data.SQLite, Culture=neutral, PublicKeyToken=db937bc2d44ff139" from Version "1.0.117.0" [] to Version "1.0.118.0" [C:\Users\ultra\.nuget\packages\stub.system.data.sqlite.core.netstandard\1.0.118\lib\netstandard2.1\System.Data.SQLite.dll] to solve conflict and get rid of warning.
  Consider app.config remapping of assembly "System.Runtime.CompilerServices.Unsafe, Culture=neutral, PublicKeyToken=b03f5f7f11d50a3a" from Version "6.0.0.0" [] to Version "8.0.0.0" [C:\Program Files\dotnet\packs\Microsoft.NETCore.App.Ref\8.0.25\ref\net8.0\System.Runtime.CompilerServices.Unsafe.dll] to solve conflict and get rid of warning.
C:\Program Files\dotnet\sdk\10.0.201\Microsoft.CSharp.CurrentVersion.targets(130,9): warning MSB3884: Could not find rule set file "..\.sonarlint\warewolf_dotnet_frameworkcsharp.ruleset". [C:\Users\ultra\warewolf\Dev\Warewolf.Studio.ViewModels\Warewolf.Studio.ViewModels.csproj]
C:\Users\ultra\warewolf\Dev\Dev2.Diagnostics.Tests\TestPerfCounterManager.cs(24,21): warning CA1416: This call site is reachable on all platforms. 'PerformanceCounterCategory.Delete(string)' is only supported on: 'windows'. (https://learn.microsoft.com/dotnet/fundamentals/code-analysis/quality-rules/ca1416) [C:\Users\ultra\warewolf\Dev\Dev2.Diagnostics.Tests\Dev2.Diagnostics.Tests.csproj]
C:\Users\ultra\warewolf\Dev\Dev2.Diagnostics.Tests\TestExecutionContainer.cs(31,17): warning CA1416: This call site is reachable on all platforms. 'PerformanceCounterCategory.Delete(string)' is only supported on: 'windows'. (https://learn.microsoft.com/dotnet/fundamentals/code-analysis/quality-rules/ca1416) [C:\Users\ultra\warewolf\Dev\Dev2.Diagnostics.Tests\Dev2.Diagnostics.Tests.csproj]
C:\Users\ultra\warewolf\Dev\Dev2.Diagnostics.Tests\PerfCountersOpsTests.cs(27,21): warning CA1416: This call site is reachable on all platforms. 'PerformanceCounterCategory.Delete(string)' is only supported on: 'windows'. (https://learn.microsoft.com/dotnet/fundamentals/code-analysis/quality-rules/ca1416) [C:\Users\ultra\warewolf\Dev\Dev2.Diagnostics.Tests\Dev2.Diagnostics.Tests.csproj]
C:\Users\ultra\warewolf\Dev\Dev2.Diagnostics.Tests\PerfCountersOpsTests.cs(26,21): warning CA1416: This call site is reachable on all platforms. 'PerformanceCounterCategory.Delete(string)' is only supported on: 'windows'. (https://learn.microsoft.com/dotnet/fundamentals/code-analysis/quality-rules/ca1416) [C:\Users\ultra\warewolf\Dev\Dev2.Diagnostics.Tests\Dev2.Diagnostics.Tests.csproj]
C:\Users\ultra\warewolf\Dev\Dev2.Diagnostics.Tests\PerfCounterBuilderTest.cs(25,17): warning CA1416: This call site is reachable on all platforms. 'PerformanceCounterCategory.Delete(string)' is only supported on: 'windows'. (https://learn.microsoft.com/dotnet/fundamentals/code-analysis/quality-rules/ca1416) [C:\Users\ultra\warewolf\Dev\Dev2.Diagnostics.Tests\Dev2.Diagnostics.Tests.csproj]
C:\Users\ultra\warewolf\Dev\Dev2.Diagnostics.Tests\PerfCounterBuilderTest.cs(88,17): warning CA1416: This call site is reachable on all platforms. 'PerformanceCounterCategory.Delete(string)' is only supported on: 'windows'. (https://learn.microsoft.com/dotnet/fundamentals/code-analysis/quality-rules/ca1416) [C:\Users\ultra\warewolf\Dev\Dev2.Diagnostics.Tests\Dev2.Diagnostics.Tests.csproj]
C:\Program Files\dotnet\sdk\10.0.201\Sdks\Microsoft.NET.Sdk\targets\Microsoft.NET.Sdk.targets(308,5): warning NETSDK1206: Found version-specific or distribution-specific runtime identifier(s): win10-x64, win10-x86, win7-x64, win7-x86, win8-x64, win8-x86, win81-x64, win81-x86. Affected libraries: Microsoft.Management.Infrastructure.Runtime.Win, SQLite. In .NET 8.0 and higher, assets for version-specific and distribution-specific runtime identifiers will not be found by default. See https://aka.ms/dotnet/rid-usage for details. [C:\Users\ultra\warewolf\Dev\Warewolf.Studio.ViewModels\Warewolf.Studio.ViewModels.csproj]
C:\Program Files\dotnet\sdk\10.0.201\Sdks\Microsoft.NET.Sdk\targets\Microsoft.NET.Sdk.targets(308,5): warning NETSDK1206: Found version-specific or distribution-specific runtime identifier(s): win10-x64, win10-x86, win7-x64, win7-x86, win8-x64, win8-x86, win81-x64, win81-x86. Affected libraries: Microsoft.Management.Infrastructure.Runtime.Win, SQLite. In .NET 8.0 and higher, assets for version-specific and distribution-specific runtime identifiers will not be found by default. See https://aka.ms/dotnet/rid-usage for details. [C:\Users\ultra\warewolf\Dev\Dev2.Diagnostics.Tests\Dev2.Diagnostics.Tests.csproj]
  Warewolf.Studio.ViewModels -> C:\Users\ultra\warewolf\Dev\Warewolf.Studio.ViewModels\bin\Debug\net8.0\Warewolf.Studio.ViewModels.dll
  Dev2.Diagnostics.Tests -> C:\Users\ultra\warewolf\Dev\Dev2.Diagnostics.Tests\bin\Debug\net8.0\Dev2.Diagnostics.Tests.dll
C:\Program Files\dotnet\sdk\10.0.201\Microsoft.Common.CurrentVersion.targets(2451,5): warning MSB3245: Could not resolve this reference. Could not locate the assembly "System.ServiceModel.Activities". Check to make sure the assembly exists on disk. If this reference is required by your code, you may get compilation errors. [C:\Users\ultra\warewolf\Dev\Warewolf.Studio.Views\Warewolf.Studio.Views.csproj]
C:\Program Files\dotnet\sdk\10.0.201\Microsoft.Common.CurrentVersion.targets(2451,5): warning MSB3277: Found conflicts between different versions of "Microsoft.Win32.SystemEvents" that could not be resolved. [C:\Users\ultra\warewolf\Dev\Warewolf.Studio.Views\Warewolf.Studio.Views.csproj]
C:\Program Files\dotnet\sdk\10.0.201\Microsoft.Common.CurrentVersion.targets(2451,5): warning MSB3277: There was a conflict between "Microsoft.Win32.SystemEvents, Version=6.0.0.0, Culture=neutral, PublicKeyToken=cc7b13ffcd2ddd51" and "Microsoft.Win32.SystemEvents, Version=7.0.0.0, Culture=neutral, PublicKeyToken=cc7b13ffcd2ddd51". [C:\Users\ultra\warewolf\Dev\Warewolf.Studio.Views\Warewolf.Studio.Views.csproj]
C:\Program Files\dotnet\sdk\10.0.201\Microsoft.Common.CurrentVersion.targets(2451,5): warning MSB3277:     "Microsoft.Win32.SystemEvents, Version=6.0.0.0, Culture=neutral, PublicKeyToken=cc7b13ffcd2ddd51" was chosen because it was primary and "Microsoft.Win32.SystemEvents, Version=7.0.0.0, Culture=neutral, PublicKeyToken=cc7b13ffcd2ddd51" was not. [C:\Users\ultra\warewolf\Dev\Warewolf.Studio.Views\Warewolf.Studio.Views.csproj]
C:\Program Files\dotnet\sdk\10.0.201\Microsoft.Common.CurrentVersion.targets(2451,5): warning MSB3277:     References which depend on "Microsoft.Win32.SystemEvents, Version=6.0.0.0, Culture=neutral, PublicKeyToken=cc7b13ffcd2ddd51" [C:\Users\ultra\.nuget\packages\microsoft.win32.systemevents\6.0.0\lib\net6.0\Microsoft.Win32.SystemEvents.dll]. [C:\Users\ultra\warewolf\Dev\Warewolf.Studio.Views\Warewolf.Studio.Views.csproj]
C:\Program Files\dotnet\sdk\10.0.201\Microsoft.Common.CurrentVersion.targets(2451,5): warning MSB3277:         C:\Users\ultra\.nuget\packages\microsoft.win32.systemevents\6.0.0\lib\net6.0\Microsoft.Win32.SystemEvents.dll [C:\Users\ultra\warewolf\Dev\Warewolf.Studio.Views\Warewolf.Studio.Views.csproj]
C:\Program Files\dotnet\sdk\10.0.201\Microsoft.Common.CurrentVersion.targets(2451,5): warning MSB3277:           Project file item includes which caused reference "C:\Users\ultra\.nuget\packages\microsoft.win32.systemevents\6.0.0\lib\net6.0\Microsoft.Win32.SystemEvents.dll". [C:\Users\ultra\warewolf\Dev\Warewolf.Studio.Views\Warewolf.Studio.Views.csproj]
C:\Program Files\dotnet\sdk\10.0.201\Microsoft.Common.CurrentVersion.targets(2451,5): warning MSB3277:             C:\Users\ultra\.nuget\packages\microsoft.win32.systemevents\6.0.0\lib\net6.0\Microsoft.Win32.SystemEvents.dll [C:\Users\ultra\warewolf\Dev\Warewolf.Studio.Views\Warewolf.Studio.Views.csproj]
C:\Program Files\dotnet\sdk\10.0.201\Microsoft.Common.CurrentVersion.targets(2451,5): warning MSB3277:     References which depend on or have been unified to "Microsoft.Win32.SystemEvents, Version=7.0.0.0, Culture=neutral, PublicKeyToken=cc7b13ffcd2ddd51" []. [C:\Users\ultra\warewolf\Dev\Warewolf.Studio.Views\Warewolf.Studio.Views.csproj]
C:\Program Files\dotnet\sdk\10.0.201\Microsoft.Common.CurrentVersion.targets(2451,5): warning MSB3277:         C:\Users\ultra\warewolf\Dev\Dev2.Common\bin\Debug\net8.0\Dev2.Common.dll [C:\Users\ultra\warewolf\Dev\Warewolf.Studio.Views\Warewolf.Studio.Views.csproj]
C:\Program Files\dotnet\sdk\10.0.201\Microsoft.Common.CurrentVersion.targets(2451,5): warning MSB3277:           Project file item includes which caused reference "C:\Users\ultra\warewolf\Dev\Dev2.Common\bin\Debug\net8.0\Dev2.Common.dll". [C:\Users\ultra\warewolf\Dev\Warewolf.Studio.Views\Warewolf.Studio.Views.csproj]
C:\Program Files\dotnet\sdk\10.0.201\Microsoft.Common.CurrentVersion.targets(2451,5): warning MSB3277:             C:\Users\ultra\warewolf\Dev\Dev2.Common\bin\Debug\net8.0\Dev2.Common.dll [C:\Users\ultra\warewolf\Dev\Warewolf.Studio.Views\Warewolf.Studio.Views.csproj]
C:\Program Files\dotnet\sdk\10.0.201\Microsoft.Common.CurrentVersion.targets(2451,5): warning MSB3277:             C:\Users\ultra\warewolf\Dev\Dev2.Activities\bin\Debug\net8.0\Dev2.Activities.dll [C:\Users\ultra\warewolf\Dev\Warewolf.Studio.Views\Warewolf.Studio.Views.csproj]
C:\Program Files\dotnet\sdk\10.0.201\Microsoft.Common.CurrentVersion.targets(2451,5): warning MSB3277:             C:\Users\ultra\warewolf\Dev\Dev2.Core\bin\Debug\net8.0\Dev2.Core.dll [C:\Users\ultra\warewolf\Dev\Warewolf.Studio.Views\Warewolf.Studio.Views.csproj]
C:\Program Files\dotnet\sdk\10.0.201\Microsoft.Common.CurrentVersion.targets(2451,5): warning MSB3277:             C:\Users\ultra\warewolf\Dev\Dev2.Diagnostics\bin\Debug\net8.0\Dev2.Diagnostics.dll [C:\Users\ultra\warewolf\Dev\Warewolf.Studio.Views\Warewolf.Studio.Views.csproj]
C:\Program Files\dotnet\sdk\10.0.201\Microsoft.Common.CurrentVersion.targets(2451,5): warning MSB3277:             C:\Users\ultra\warewolf\Dev\Dev2.Infrastructure\bin\Debug\net8.0\Dev2.Infrastructure.dll [C:\Users\ultra\warewolf\Dev\Warewolf.Studio.Views\Warewolf.Studio.Views.csproj]
C:\Program Files\dotnet\sdk\10.0.201\Microsoft.Common.CurrentVersion.targets(2451,5): warning MSB3277:             C:\Users\ultra\warewolf\Dev\Dev2.Intellisense\bin\Debug\net8.0\Dev2.Intellisense.dll [C:\Users\ultra\warewolf\Dev\Warewolf.Studio.Views\Warewolf.Studio.Views.csproj]
C:\Program Files\dotnet\sdk\10.0.201\Microsoft.Common.CurrentVersion.targets(2451,5): warning MSB3277:             C:\Users\ultra\warewolf\Dev\Dev2.Studio.Core\bin\Debug\net8.0\Dev2.Studio.Core.dll [C:\Users\ultra\warewolf\Dev\Warewolf.Studio.Views\Warewolf.Studio.Views.csproj]
C:\Program Files\dotnet\sdk\10.0.201\Microsoft.Common.CurrentVersion.targets(2451,5): warning MSB3277:             C:\Users\ultra\warewolf\Dev\Dev2.Studio.Interfaces\bin\Debug\net8.0\Dev2.Studio.Interfaces.dll [C:\Users\ultra\warewolf\Dev\Warewolf.Studio.Views\Warewolf.Studio.Views.csproj]
C:\Program Files\dotnet\sdk\10.0.201\Microsoft.Common.CurrentVersion.targets(2451,5): warning MSB3277:             C:\Users\ultra\warewolf\Dev\Warewolf.Studio.Core\bin\Debug\net8.0\Warewolf.Studio.Core.dll [C:\Users\ultra\warewolf\Dev\Warewolf.Studio.Views\Warewolf.Studio.Views.csproj]
C:\Program Files\dotnet\sdk\10.0.201\Microsoft.Common.CurrentVersion.targets(2451,5): warning MSB3277:             C:\Users\ultra\warewolf\Dev\Warewolf.Studio.CustomControls\bin\Debug\net8.0\Warewolf.Studio.CustomControls.dll [C:\Users\ultra\warewolf\Dev\Warewolf.Studio.Views\Warewolf.Studio.Views.csproj]
C:\Program Files\dotnet\sdk\10.0.201\Microsoft.Common.CurrentVersion.targets(2451,5): warning MSB3277:             C:\Users\ultra\warewolf\Dev\Warewolf.Studio.ViewModels\bin\Debug\net8.0\Warewolf.Studio.ViewModels.dll [C:\Users\ultra\warewolf\Dev\Warewolf.Studio.Views\Warewolf.Studio.Views.csproj]
C:\Program Files\dotnet\sdk\10.0.201\Microsoft.Common.CurrentVersion.targets(2451,5): warning MSB3277:             C:\Users\ultra\warewolf\Dev\Dev2.Data\bin\Debug\net8.0\Dev2.Data.dll [C:\Users\ultra\warewolf\Dev\Warewolf.Studio.Views\Warewolf.Studio.Views.csproj]
C:\Program Files\dotnet\sdk\10.0.201\Microsoft.Common.CurrentVersion.targets(2451,5): warning MSB3277:             C:\Users\ultra\warewolf\Dev\Dev2.Development.Languages\bin\Debug\net8.0\Dev2.Development.Languages.dll [C:\Users\ultra\warewolf\Dev\Warewolf.Studio.Views\Warewolf.Studio.Views.csproj]
C:\Program Files\dotnet\sdk\10.0.201\Microsoft.Common.CurrentVersion.targets(2451,5): warning MSB3277:             C:\Users\ultra\warewolf\Dev\Dev2.Runtime.Services\bin\Debug\net8.0\Dev2.Runtime.Services.dll [C:\Users\ultra\warewolf\Dev\Warewolf.Studio.Views\Warewolf.Studio.Views.csproj]
C:\Program Files\dotnet\sdk\10.0.201\Microsoft.Common.CurrentVersion.targets(2451,5): warning MSB3277:             C:\Users\ultra\warewolf\Dev\Dev2.Scheduler\bin\Debug\net8.0\Dev2.Scheduler.dll [C:\Users\ultra\warewolf\Dev\Warewolf.Studio.Views\Warewolf.Studio.Views.csproj]
C:\Program Files\dotnet\sdk\10.0.201\Microsoft.Common.CurrentVersion.targets(2451,5): warning MSB3277:             C:\Users\ultra\warewolf\Dev\Dev2.Services.Execution\bin\Debug\net8.0\Dev2.Services.Execution.dll [C:\Users\ultra\warewolf\Dev\Warewolf.Studio.Views\Warewolf.Studio.Views.csproj]
C:\Program Files\dotnet\sdk\10.0.201\Microsoft.Common.CurrentVersion.targets(2451,5): warning MSB3277:             C:\Users\ultra\warewolf\Dev\Dev2.Services.Sql\bin\Debug\net8.0\Dev2.Services.Sql.dll [C:\Users\ultra\warewolf\Dev\Warewolf.Studio.Views\Warewolf.Studio.Views.csproj]
C:\Program Files\dotnet\sdk\10.0.201\Microsoft.Common.CurrentVersion.targets(2451,5): warning MSB3277:             C:\Users\ultra\warewolf\Dev\Dev2.TaskScheduler.Wrappers\bin\Debug\net8.0\Dev2.TaskScheduler.Wrappers.dll [C:\Users\ultra\warewolf\Dev\Warewolf.Studio.Views\Warewolf.Studio.Views.csproj]
C:\Program Files\dotnet\sdk\10.0.201\Microsoft.Common.CurrentVersion.targets(2451,5): warning MSB3277:             C:\Users\ultra\warewolf\Dev\Dev2.Util\bin\Debug\net8.0\Dev2.Util.dll [C:\Users\ultra\warewolf\Dev\Warewolf.Studio.Views\Warewolf.Studio.Views.csproj]
C:\Program Files\dotnet\sdk\10.0.201\Microsoft.Common.CurrentVersion.targets(2451,5): warning MSB3277:             C:\Users\ultra\warewolf\Dev\Warewolf.AI.Harness\bin\Debug\net8.0\Warewolf.AI.Harness.dll [C:\Users\ultra\warewolf\Dev\Warewolf.Studio.Views\Warewolf.Studio.Views.csproj]
C:\Program Files\dotnet\sdk\10.0.201\Microsoft.Common.CurrentVersion.targets(2451,5): warning MSB3277:             C:\Users\ultra\warewolf\Dev\Warewolf.Auditing\bin\Debug\net8.0\Warewolf.Auditing.dll [C:\Users\ultra\warewolf\Dev\Warewolf.Studio.Views\Warewolf.Studio.Views.csproj]
C:\Program Files\dotnet\sdk\10.0.201\Microsoft.Common.CurrentVersion.targets(2451,5): warning MSB3277:             C:\Users\ultra\warewolf\Dev\Warewolf.Common.NetStandard20\bin\Debug\net8.0\Warewolf.Common.NetStandard20.dll [C:\Users\ultra\warewolf\Dev\Warewolf.Studio.Views\Warewolf.Studio.Views.csproj]
C:\Program Files\dotnet\sdk\10.0.201\Microsoft.Common.CurrentVersion.targets(2451,5): warning MSB3277:             C:\Users\ultra\warewolf\Dev\Warewolf.Core\bin\Debug\net8.0\Warewolf.Core.dll [C:\Users\ultra\warewolf\Dev\Warewolf.Studio.Views\Warewolf.Studio.Views.csproj]
C:\Program Files\dotnet\sdk\10.0.201\Microsoft.Common.CurrentVersion.targets(2451,5): warning MSB3277:             C:\Users\ultra\warewolf\Dev\Warewolf.Driver.Persistence\bin\Debug\net8.0\Warewolf.Driver.Persistence.dll [C:\Users\ultra\warewolf\Dev\Warewolf.Studio.Views\Warewolf.Studio.Views.csproj]
C:\Program Files\dotnet\sdk\10.0.201\Microsoft.Common.CurrentVersion.targets(2451,5): warning MSB3277:             C:\Users\ultra\warewolf\Dev\Warewolf.Driver.Serilog\bin\Debug\net8.0\Warewolf.Driver.Serilog.dll [C:\Users\ultra\warewolf\Dev\Warewolf.Studio.Views\Warewolf.Studio.Views.csproj]
C:\Program Files\dotnet\sdk\10.0.201\Microsoft.Common.CurrentVersion.targets(2451,5): warning MSB3277:             C:\Users\ultra\warewolf\Dev\Warewolf.Exchange.Email.Wrapper\bin\Debug\net8.0\Warewolf.Exchange.Email.Wrapper.dll [C:\Users\ultra\warewolf\Dev\Warewolf.Studio.Views\Warewolf.Studio.Views.csproj]
C:\Program Files\dotnet\sdk\10.0.201\Microsoft.Common.CurrentVersion.targets(2451,5): warning MSB3277:             C:\Users\ultra\warewolf\Dev\Warewolf.ResourceManagement\bin\Debug\net8.0\Warewolf.ResourceManagement.dll [C:\Users\ultra\warewolf\Dev\Warewolf.Studio.Views\Warewolf.Studio.Views.csproj]
C:\Program Files\dotnet\sdk\10.0.201\Microsoft.Common.CurrentVersion.targets(2451,5): warning MSB3277:             C:\Users\ultra\warewolf\Dev\Warewolf.Sharepoint\bin\Debug\net8.0\Warewolf.Sharepoint.dll [C:\Users\ultra\warewolf\Dev\Warewolf.Studio.Views\Warewolf.Studio.Views.csproj]
C:\Program Files\dotnet\sdk\10.0.201\Microsoft.Common.CurrentVersion.targets(2451,5): warning MSB3277:             C:\Users\ultra\warewolf\Dev\Warewolf.Storage\bin\Debug\net8.0\Warewolf.Storage.dll [C:\Users\ultra\warewolf\Dev\Warewolf.Studio.Views\Warewolf.Studio.Views.csproj]
C:\Program Files\dotnet\sdk\10.0.201\Microsoft.Common.CurrentVersion.targets(2451,5): warning MSB3277:             C:\Users\ultra\warewolf\Dev\Warewolf.Studio.Models\bin\Debug\net8.0\Warewolf.Studio.Models.dll [C:\Users\ultra\warewolf\Dev\Warewolf.Studio.Views\Warewolf.Studio.Views.csproj]
C:\Program Files\dotnet\sdk\10.0.201\Microsoft.Common.CurrentVersion.targets(2451,5): warning MSB3277:             C:\Users\ultra\warewolf\Dev\Warewolf.UI\bin\Debug\net8.0\Warewolf.UI.dll [C:\Users\ultra\warewolf\Dev\Warewolf.Studio.Views\Warewolf.Studio.Views.csproj]
C:\Program Files\dotnet\sdk\10.0.201\Microsoft.Common.CurrentVersion.targets(2451,5): warning MSB3277:         C:\Users\ultra\warewolf\Dev\Binaries\Infragistcs_Net6\InfragisticsWPF4.Editors.v15.1.dll [C:\Users\ultra\warewolf\Dev\Warewolf.Studio.Views\Warewolf.Studio.Views.csproj]
C:\Program Files\dotnet\sdk\10.0.201\Microsoft.Common.CurrentVersion.targets(2451,5): warning MSB3277:           Project file item includes which caused reference "C:\Users\ultra\warewolf\Dev\Binaries\Infragistcs_Net6\InfragisticsWPF4.Editors.v15.1.dll". [C:\Users\ultra\warewolf\Dev\Warewolf.Studio.Views\Warewolf.Studio.Views.csproj]
C:\Program Files\dotnet\sdk\10.0.201\Microsoft.Common.CurrentVersion.targets(2451,5): warning MSB3277:             InfragisticsWPF4.Editors.v15.1 [C:\Users\ultra\warewolf\Dev\Warewolf.Studio.Views\Warewolf.Studio.Views.csproj]
C:\Program Files\dotnet\sdk\10.0.201\Microsoft.Common.CurrentVersion.targets(2451,5): warning MSB3277:         C:\Users\ultra\warewolf\Dev\Binaries\Infragistcs_Net6\InfragisticsWPF4.v15.1.dll [C:\Users\ultra\warewolf\Dev\Warewolf.Studio.Views\Warewolf.Studio.Views.csproj]
C:\Program Files\dotnet\sdk\10.0.201\Microsoft.Common.CurrentVersion.targets(2451,5): warning MSB3277:           Project file item includes which caused reference "C:\Users\ultra\warewolf\Dev\Binaries\Infragistcs_Net6\InfragisticsWPF4.v15.1.dll". [C:\Users\ultra\warewolf\Dev\Warewolf.Studio.Views\Warewolf.Studio.Views.csproj]
C:\Program Files\dotnet\sdk\10.0.201\Microsoft.Common.CurrentVersion.targets(2451,5): warning MSB3277:             InfragisticsWPF4.v15.1 [C:\Users\ultra\warewolf\Dev\Warewolf.Studio.Views\Warewolf.Studio.Views.csproj]
C:\Program Files\dotnet\sdk\10.0.201\Microsoft.Common.CurrentVersion.targets(2451,5): warning MSB3277:             InfragisticsWPF4.Controls.Editors.XamComboEditor.v15.1 [C:\Users\ultra\warewolf\Dev\Warewolf.Studio.Views\Warewolf.Studio.Views.csproj]
C:\Program Files\dotnet\sdk\10.0.201\Microsoft.Common.CurrentVersion.targets(2451,5): warning MSB3277:             InfragisticsWPF4.Controls.Editors.XamRichTextEditor.v15.1 [C:\Users\ultra\warewolf\Dev\Warewolf.Studio.Views\Warewolf.Studio.Views.csproj]
C:\Program Files\dotnet\sdk\10.0.201\Microsoft.Common.CurrentVersion.targets(2451,5): warning MSB3277:             InfragisticsWPF4.Controls.Grids.XamGrid.v15.1 [C:\Users\ultra\warewolf\Dev\Warewolf.Studio.Views\Warewolf.Studio.Views.csproj]
C:\Program Files\dotnet\sdk\10.0.201\Microsoft.Common.CurrentVersion.targets(2451,5): warning MSB3277:             InfragisticsWPF4.Controls.Interactions.XamDialogWindow.v15.1 [C:\Users\ultra\warewolf\Dev\Warewolf.Studio.Views\Warewolf.Studio.Views.csproj]
C:\Program Files\dotnet\sdk\10.0.201\Microsoft.Common.CurrentVersion.targets(2451,5): warning MSB3277:             InfragisticsWPF4.Controls.Menus.XamDataTree.v15.1 [C:\Users\ultra\warewolf\Dev\Warewolf.Studio.Views\Warewolf.Studio.Views.csproj]
C:\Program Files\dotnet\sdk\10.0.201\Microsoft.Common.CurrentVersion.targets(2451,5): warning MSB3277:             InfragisticsWPF4.Controls.Menus.XamMenu.v15.1 [C:\Users\ultra\warewolf\Dev\Warewolf.Studio.Views\Warewolf.Studio.Views.csproj]
C:\Program Files\dotnet\sdk\10.0.201\Microsoft.Common.CurrentVersion.targets(2451,5): warning MSB3277:             InfragisticsWPF4.DataManager.v15.1 [C:\Users\ultra\warewolf\Dev\Warewolf.Studio.Views\Warewolf.Studio.Views.csproj]
C:\Program Files\dotnet\sdk\10.0.201\Microsoft.Common.CurrentVersion.targets(2451,5): warning MSB3277:             InfragisticsWPF4.DockManager.v15.1 [C:\Users\ultra\warewolf\Dev\Warewolf.Studio.Views\Warewolf.Studio.Views.csproj]
C:\Program Files\dotnet\sdk\10.0.201\Microsoft.Common.CurrentVersion.targets(2451,5): warning MSB3277:             InfragisticsWPF4.Documents.RichTextDocument.Html.v15.1 [C:\Users\ultra\warewolf\Dev\Warewolf.Studio.Views\Warewolf.Studio.Views.csproj]
C:\Program Files\dotnet\sdk\10.0.201\Microsoft.Common.CurrentVersion.targets(2451,5): warning MSB3277:             InfragisticsWPF4.Documents.RichTextDocument.v15.1 [C:\Users\ultra\warewolf\Dev\Warewolf.Studio.Views\Warewolf.Studio.Views.csproj]
C:\Program Files\dotnet\sdk\10.0.201\Microsoft.Common.CurrentVersion.targets(2451,5): warning MSB3277:             InfragisticsWPF4.Editors.v15.1 [C:\Users\ultra\warewolf\Dev\Warewolf.Studio.Views\Warewolf.Studio.Views.csproj]
C:\Program Files\dotnet\sdk\10.0.201\Microsoft.Common.CurrentVersion.targets(2451,5): warning MSB3277:         C:\Users\ultra\.nuget\packages\timespan2\2.4.2\lib\netcoreapp3.1\TimeSpan2.dll [C:\Users\ultra\warewolf\Dev\Warewolf.Studio.Views\Warewolf.Studio.Views.csproj]
C:\Program Files\dotnet\sdk\10.0.201\Microsoft.Common.CurrentVersion.targets(2451,5): warning MSB3277:           Project file item includes which caused reference "C:\Users\ultra\.nuget\packages\timespan2\2.4.2\lib\netcoreapp3.1\TimeSpan2.dll". [C:\Users\ultra\warewolf\Dev\Warewolf.Studio.Views\Warewolf.Studio.Views.csproj]
C:\Program Files\dotnet\sdk\10.0.201\Microsoft.Common.CurrentVersion.targets(2451,5): warning MSB3277:             C:\Users\ultra\.nuget\packages\timespan2\2.4.2\lib\netcoreapp3.1\TimeSpan2.dll [C:\Users\ultra\warewolf\Dev\Warewolf.Studio.Views\Warewolf.Studio.Views.csproj]
C:\Program Files\dotnet\sdk\10.0.201\Microsoft.Common.CurrentVersion.targets(2451,5): warning MSB3277:             C:\Users\ultra\.nuget\packages\taskschedulereditor\2.10.1\lib\net452\Microsoft.Win32.TaskSchedulerEditor.dll [C:\Users\ultra\warewolf\Dev\Warewolf.Studio.Views\Warewolf.Studio.Views.csproj]
C:\Program Files\dotnet\sdk\10.0.201\Microsoft.Common.CurrentVersion.targets(2451,5): warning MSB3277:         C:\Program Files\dotnet\packs\Microsoft.NETCore.App.Ref\8.0.25\ref\net8.0\System.dll [C:\Users\ultra\warewolf\Dev\Warewolf.Studio.Views\Warewolf.Studio.Views.csproj]
C:\Program Files\dotnet\sdk\10.0.201\Microsoft.Common.CurrentVersion.targets(2451,5): warning MSB3277:           Project file item includes which caused reference "C:\Program Files\dotnet\packs\Microsoft.NETCore.App.Ref\8.0.25\ref\net8.0\System.dll". [C:\Users\ultra\warewolf\Dev\Warewolf.Studio.Views\Warewolf.Studio.Views.csproj]
C:\Program Files\dotnet\sdk\10.0.201\Microsoft.Common.CurrentVersion.targets(2451,5): warning MSB3277:             C:\Program Files\dotnet\packs\Microsoft.NETCore.App.Ref\8.0.25\ref/net8.0/System.dll [C:\Users\ultra\warewolf\Dev\Warewolf.Studio.Views\Warewolf.Studio.Views.csproj]
C:\Program Files\dotnet\sdk\10.0.201\Microsoft.Common.CurrentVersion.targets(2451,5): warning MSB3277:             C:\Users\ultra\.nuget\packages\aerowizard\2.3.1\lib\net45\AeroWizard.dll [C:\Users\ultra\warewolf\Dev\Warewolf.Studio.Views\Warewolf.Studio.Views.csproj]
C:\Program Files\dotnet\sdk\10.0.201\Microsoft.Common.CurrentVersion.targets(2451,5): warning MSB3277:             C:\Users\ultra\.nuget\packages\groupcontrols\1.9.0\lib\net45\GroupControls.dll [C:\Users\ultra\warewolf\Dev\Warewolf.Studio.Views\Warewolf.Studio.Views.csproj]
C:\Program Files\dotnet\sdk\10.0.201\Microsoft.Common.CurrentVersion.targets(2451,5): warning MSB3277:             C:\Users\ultra\.nuget\packages\microsoft.xaml.behaviors.wpf\1.1.122\lib\net462\Microsoft.Xaml.Behaviors.dll [C:\Users\ultra\warewolf\Dev\Warewolf.Studio.Views\Warewolf.Studio.Views.csproj]
C:\Program Files\dotnet\sdk\10.0.201\Microsoft.Common.CurrentVersion.targets(2451,5): warning MSB3277:             C:\Users\ultra\.nuget\packages\caliburn.micro\4.0.212\lib\netcoreapp3.1\Caliburn.Micro.Platform.dll [C:\Users\ultra\warewolf\Dev\Warewolf.Studio.Views\Warewolf.Studio.Views.csproj]
C:\Program Files\dotnet\sdk\10.0.201\Microsoft.Common.CurrentVersion.targets(2451,5): warning MSB3277:             C:\Users\ultra\.nuget\packages\prism.wpf\9.0.537\lib\net462\Prism.Wpf.dll [C:\Users\ultra\warewolf\Dev\Warewolf.Studio.Views\Warewolf.Studio.Views.csproj]
C:\Program Files\dotnet\sdk\10.0.201\Microsoft.Common.CurrentVersion.targets(2451,5): warning MSB3277:             C:\Users\ultra\.nuget\packages\reactiveui.wpf\18.4.1\lib\net462\ReactiveUI.Wpf.dll [C:\Users\ultra\warewolf\Dev\Warewolf.Studio.Views\Warewolf.Studio.Views.csproj]
C:\Program Files\dotnet\sdk\10.0.201\Microsoft.Common.CurrentVersion.targets(2451,5): warning MSB3277:             C:\Users\ultra\.nuget\packages\taskschedulereditor\2.10.1\lib\net452\Microsoft.Win32.TaskSchedulerEditor.dll [C:\Users\ultra\warewolf\Dev\Warewolf.Studio.Views\Warewolf.Studio.Views.csproj]
C:\Program Files\dotnet\sdk\10.0.201\Microsoft.Common.CurrentVersion.targets(2451,5): warning MSB3277:             C:\Users\ultra\.nuget\packages\ttcue.netcore.sharepointonline.csom.16.1.8029.1200\16.1.8029.1200\lib\netcoreapp2.0\Microsoft.SharePoint.Client.Runtime.Windows.dll [C:\Users\ultra\warewolf\Dev\Warewolf.Studio.Views\Warewolf.Studio.Views.csproj]
C:\Program Files\dotnet\sdk\10.0.201\Microsoft.Common.CurrentVersion.targets(2451,5): warning MSB3277: Found conflicts between different versions of "System.Security.Permissions" that could not be resolved. [C:\Users\ultra\warewolf\Dev\Warewolf.Studio.Views\Warewolf.Studio.Views.csproj]
C:\Program Files\dotnet\sdk\10.0.201\Microsoft.Common.CurrentVersion.targets(2451,5): warning MSB3277: There was a conflict between "System.Security.Permissions, Version=6.0.0.0, Culture=neutral, PublicKeyToken=cc7b13ffcd2ddd51" and "System.Security.Permissions, Version=7.0.0.0, Culture=neutral, PublicKeyToken=cc7b13ffcd2ddd51". [C:\Users\ultra\warewolf\Dev\Warewolf.Studio.Views\Warewolf.Studio.Views.csproj]
C:\Program Files\dotnet\sdk\10.0.201\Microsoft.Common.CurrentVersion.targets(2451,5): warning MSB3277:     "System.Security.Permissions, Version=6.0.0.0, Culture=neutral, PublicKeyToken=cc7b13ffcd2ddd51" was chosen because it was primary and "System.Security.Permissions, Version=7.0.0.0, Culture=neutral, PublicKeyToken=cc7b13ffcd2ddd51" was not. [C:\Users\ultra\warewolf\Dev\Warewolf.Studio.Views\Warewolf.Studio.Views.csproj]
C:\Program Files\dotnet\sdk\10.0.201\Microsoft.Common.CurrentVersion.targets(2451,5): warning MSB3277:     References which depend on "System.Security.Permissions, Version=6.0.0.0, Culture=neutral, PublicKeyToken=cc7b13ffcd2ddd51" [C:\Users\ultra\.nuget\packages\system.security.permissions\6.0.0\lib\net6.0\System.Security.Permissions.dll]. [C:\Users\ultra\warewolf\Dev\Warewolf.Studio.Views\Warewolf.Studio.Views.csproj]
C:\Program Files\dotnet\sdk\10.0.201\Microsoft.Common.CurrentVersion.targets(2451,5): warning MSB3277:         C:\Users\ultra\.nuget\packages\system.security.permissions\6.0.0\lib\net6.0\System.Security.Permissions.dll [C:\Users\ultra\warewolf\Dev\Warewolf.Studio.Views\Warewolf.Studio.Views.csproj]
C:\Program Files\dotnet\sdk\10.0.201\Microsoft.Common.CurrentVersion.targets(2451,5): warning MSB3277:           Project file item includes which caused reference "C:\Users\ultra\.nuget\packages\system.security.permissions\6.0.0\lib\net6.0\System.Security.Permissions.dll". [C:\Users\ultra\warewolf\Dev\Warewolf.Studio.Views\Warewolf.Studio.Views.csproj]
C:\Program Files\dotnet\sdk\10.0.201\Microsoft.Common.CurrentVersion.targets(2451,5): warning MSB3277:             C:\Users\ultra\.nuget\packages\system.security.permissions\6.0.0\lib\net6.0\System.Security.Permissions.dll [C:\Users\ultra\warewolf\Dev\Warewolf.Studio.Views\Warewolf.Studio.Views.csproj]
C:\Program Files\dotnet\sdk\10.0.201\Microsoft.Common.CurrentVersion.targets(2451,5): warning MSB3277:     References which depend on or have been unified to "System.Security.Permissions, Version=7.0.0.0, Culture=neutral, PublicKeyToken=cc7b13ffcd2ddd51" []. [C:\Users\ultra\warewolf\Dev\Warewolf.Studio.Views\Warewolf.Studio.Views.csproj]
C:\Program Files\dotnet\sdk\10.0.201\Microsoft.Common.CurrentVersion.targets(2451,5): warning MSB3277:         C:\Users\ultra\warewolf\Dev\Warewolf.Studio.CustomControls\bin\Debug\net8.0\Warewolf.Studio.CustomControls.dll [C:\Users\ultra\warewolf\Dev\Warewolf.Studio.Views\Warewolf.Studio.Views.csproj]
C:\Program Files\dotnet\sdk\10.0.201\Microsoft.Common.CurrentVersion.targets(2451,5): warning MSB3277:           Project file item includes which caused reference "C:\Users\ultra\warewolf\Dev\Warewolf.Studio.CustomControls\bin\Debug\net8.0\Warewolf.Studio.CustomControls.dll". [C:\Users\ultra\warewolf\Dev\Warewolf.Studio.Views\Warewolf.Studio.Views.csproj]
C:\Program Files\dotnet\sdk\10.0.201\Microsoft.Common.CurrentVersion.targets(2451,5): warning MSB3277:             C:\Users\ultra\warewolf\Dev\Warewolf.Studio.CustomControls\bin\Debug\net8.0\Warewolf.Studio.CustomControls.dll [C:\Users\ultra\warewolf\Dev\Warewolf.Studio.Views\Warewolf.Studio.Views.csproj]
C:\Program Files\dotnet\sdk\10.0.201\Microsoft.Common.CurrentVersion.targets(2451,5): warning MSB3277:         C:\Users\ultra\warewolf\Dev\Dev2.Data\bin\Debug\net8.0\Dev2.Data.dll [C:\Users\ultra\warewolf\Dev\Warewolf.Studio.Views\Warewolf.Studio.Views.csproj]
C:\Program Files\dotnet\sdk\10.0.201\Microsoft.Common.CurrentVersion.targets(2451,5): warning MSB3277:           Project file item includes which caused reference "C:\Users\ultra\warewolf\Dev\Dev2.Data\bin\Debug\net8.0\Dev2.Data.dll". [C:\Users\ultra\warewolf\Dev\Warewolf.Studio.Views\Warewolf.Studio.Views.csproj]
C:\Program Files\dotnet\sdk\10.0.201\Microsoft.Common.CurrentVersion.targets(2451,5): warning MSB3277:             C:\Users\ultra\warewolf\Dev\Dev2.Data\bin\Debug\net8.0\Dev2.Data.dll [C:\Users\ultra\warewolf\Dev\Warewolf.Studio.Views\Warewolf.Studio.Views.csproj]
C:\Program Files\dotnet\sdk\10.0.201\Microsoft.Common.CurrentVersion.targets(2451,5): warning MSB3277:             C:\Users\ultra\warewolf\Dev\Dev2.Activities\bin\Debug\net8.0\Dev2.Activities.dll [C:\Users\ultra\warewolf\Dev\Warewolf.Studio.Views\Warewolf.Studio.Views.csproj]
C:\Program Files\dotnet\sdk\10.0.201\Microsoft.Common.CurrentVersion.targets(2451,5): warning MSB3277:             C:\Users\ultra\warewolf\Dev\Dev2.Core\bin\Debug\net8.0\Dev2.Core.dll [C:\Users\ultra\warewolf\Dev\Warewolf.Studio.Views\Warewolf.Studio.Views.csproj]
C:\Program Files\dotnet\sdk\10.0.201\Microsoft.Common.CurrentVersion.targets(2451,5): warning MSB3277:             C:\Users\ultra\warewolf\Dev\Dev2.Intellisense\bin\Debug\net8.0\Dev2.Intellisense.dll [C:\Users\ultra\warewolf\Dev\Warewolf.Studio.Views\Warewolf.Studio.Views.csproj]
C:\Program Files\dotnet\sdk\10.0.201\Microsoft.Common.CurrentVersion.targets(2451,5): warning MSB3277:             C:\Users\ultra\warewolf\Dev\Dev2.Studio.Core\bin\Debug\net8.0\Dev2.Studio.Core.dll [C:\Users\ultra\warewolf\Dev\Warewolf.Studio.Views\Warewolf.Studio.Views.csproj]
C:\Program Files\dotnet\sdk\10.0.201\Microsoft.Common.CurrentVersion.targets(2451,5): warning MSB3277:             C:\Users\ultra\warewolf\Dev\Dev2.Studio.Interfaces\bin\Debug\net8.0\Dev2.Studio.Interfaces.dll [C:\Users\ultra\warewolf\Dev\Warewolf.Studio.Views\Warewolf.Studio.Views.csproj]
C:\Program Files\dotnet\sdk\10.0.201\Microsoft.Common.CurrentVersion.targets(2451,5): warning MSB3277:             C:\Users\ultra\warewolf\Dev\Warewolf.Studio.Core\bin\Debug\net8.0\Warewolf.Studio.Core.dll [C:\Users\ultra\warewolf\Dev\Warewolf.Studio.Views\Warewolf.Studio.Views.csproj]
C:\Program Files\dotnet\sdk\10.0.201\Microsoft.Common.CurrentVersion.targets(2451,5): warning MSB3277:             C:\Users\ultra\warewolf\Dev\Warewolf.Studio.CustomControls\bin\Debug\net8.0\Warewolf.Studio.CustomControls.dll [C:\Users\ultra\warewolf\Dev\Warewolf.Studio.Views\Warewolf.Studio.Views.csproj]
C:\Program Files\dotnet\sdk\10.0.201\Microsoft.Common.CurrentVersion.targets(2451,5): warning MSB3277:             C:\Users\ultra\warewolf\Dev\Warewolf.Studio.ViewModels\bin\Debug\net8.0\Warewolf.Studio.ViewModels.dll [C:\Users\ultra\warewolf\Dev\Warewolf.Studio.Views\Warewolf.Studio.Views.csproj]
C:\Program Files\dotnet\sdk\10.0.201\Microsoft.Common.CurrentVersion.targets(2451,5): warning MSB3277:             C:\Users\ultra\warewolf\Dev\Dev2.Runtime.Services\bin\Debug\net8.0\Dev2.Runtime.Services.dll [C:\Users\ultra\warewolf\Dev\Warewolf.Studio.Views\Warewolf.Studio.Views.csproj]
C:\Program Files\dotnet\sdk\10.0.201\Microsoft.Common.CurrentVersion.targets(2451,5): warning MSB3277:             C:\Users\ultra\warewolf\Dev\Dev2.Scheduler\bin\Debug\net8.0\Dev2.Scheduler.dll [C:\Users\ultra\warewolf\Dev\Warewolf.Studio.Views\Warewolf.Studio.Views.csproj]
C:\Program Files\dotnet\sdk\10.0.201\Microsoft.Common.CurrentVersion.targets(2451,5): warning MSB3277:             C:\Users\ultra\warewolf\Dev\Dev2.Services.Execution\bin\Debug\net8.0\Dev2.Services.Execution.dll [C:\Users\ultra\warewolf\Dev\Warewolf.Studio.Views\Warewolf.Studio.Views.csproj]
C:\Program Files\dotnet\sdk\10.0.201\Microsoft.Common.CurrentVersion.targets(2451,5): warning MSB3277:             C:\Users\ultra\warewolf\Dev\Warewolf.Auditing\bin\Debug\net8.0\Warewolf.Auditing.dll [C:\Users\ultra\warewolf\Dev\Warewolf.Studio.Views\Warewolf.Studio.Views.csproj]
C:\Program Files\dotnet\sdk\10.0.201\Microsoft.Common.CurrentVersion.targets(2451,5): warning MSB3277:             C:\Users\ultra\warewolf\Dev\Warewolf.Common.NetStandard20\bin\Debug\net8.0\Warewolf.Common.NetStandard20.dll [C:\Users\ultra\warewolf\Dev\Warewolf.Studio.Views\Warewolf.Studio.Views.csproj]
C:\Program Files\dotnet\sdk\10.0.201\Microsoft.Common.CurrentVersion.targets(2451,5): warning MSB3277:             C:\Users\ultra\warewolf\Dev\Warewolf.Core\bin\Debug\net8.0\Warewolf.Core.dll [C:\Users\ultra\warewolf\Dev\Warewolf.Studio.Views\Warewolf.Studio.Views.csproj]
C:\Program Files\dotnet\sdk\10.0.201\Microsoft.Common.CurrentVersion.targets(2451,5): warning MSB3277:             C:\Users\ultra\warewolf\Dev\Warewolf.Driver.Persistence\bin\Debug\net8.0\Warewolf.Driver.Persistence.dll [C:\Users\ultra\warewolf\Dev\Warewolf.Studio.Views\Warewolf.Studio.Views.csproj]
C:\Program Files\dotnet\sdk\10.0.201\Microsoft.Common.CurrentVersion.targets(2451,5): warning MSB3277:             C:\Users\ultra\warewolf\Dev\Warewolf.Exchange.Email.Wrapper\bin\Debug\net8.0\Warewolf.Exchange.Email.Wrapper.dll [C:\Users\ultra\warewolf\Dev\Warewolf.Studio.Views\Warewolf.Studio.Views.csproj]
C:\Program Files\dotnet\sdk\10.0.201\Microsoft.Common.CurrentVersion.targets(2451,5): warning MSB3277:             C:\Users\ultra\warewolf\Dev\Warewolf.ResourceManagement\bin\Debug\net8.0\Warewolf.ResourceManagement.dll [C:\Users\ultra\warewolf\Dev\Warewolf.Studio.Views\Warewolf.Studio.Views.csproj]
C:\Program Files\dotnet\sdk\10.0.201\Microsoft.Common.CurrentVersion.targets(2451,5): warning MSB3277:             C:\Users\ultra\warewolf\Dev\Warewolf.Studio.Models\bin\Debug\net8.0\Warewolf.Studio.Models.dll [C:\Users\ultra\warewolf\Dev\Warewolf.Studio.Views\Warewolf.Studio.Views.csproj]
C:\Program Files\dotnet\sdk\10.0.201\Microsoft.Common.CurrentVersion.targets(2451,5): warning MSB3277:             C:\Users\ultra\warewolf\Dev\Warewolf.UI\bin\Debug\net8.0\Warewolf.UI.dll [C:\Users\ultra\warewolf\Dev\Warewolf.Studio.Views\Warewolf.Studio.Views.csproj]
C:\Program Files\dotnet\sdk\10.0.201\Microsoft.Common.CurrentVersion.targets(2451,5): warning MSB3277:         C:\Users\ultra\warewolf\Dev\Binaries\Infragistcs_Net6\InfragisticsWPF4.DockManager.v15.1.dll [C:\Users\ultra\warewolf\Dev\Warewolf.Studio.Views\Warewolf.Studio.Views.csproj]
C:\Program Files\dotnet\sdk\10.0.201\Microsoft.Common.CurrentVersion.targets(2451,5): warning MSB3277:           Project file item includes which caused reference "C:\Users\ultra\warewolf\Dev\Binaries\Infragistcs_Net6\InfragisticsWPF4.DockManager.v15.1.dll". [C:\Users\ultra\warewolf\Dev\Warewolf.Studio.Views\Warewolf.Studio.Views.csproj]
C:\Program Files\dotnet\sdk\10.0.201\Microsoft.Common.CurrentVersion.targets(2451,5): warning MSB3277:             InfragisticsWPF4.DockManager.v15.1 [C:\Users\ultra\warewolf\Dev\Warewolf.Studio.Views\Warewolf.Studio.Views.csproj]
C:\Program Files\dotnet\sdk\10.0.201\Microsoft.Common.CurrentVersion.targets(2451,5): warning MSB3277:         C:\Users\ultra\warewolf\Dev\Binaries\Infragistcs_Net6\InfragisticsWPF4.v15.1.dll [C:\Users\ultra\warewolf\Dev\Warewolf.Studio.Views\Warewolf.Studio.Views.csproj]
C:\Program Files\dotnet\sdk\10.0.201\Microsoft.Common.CurrentVersion.targets(2451,5): warning MSB3277:           Project file item includes which caused reference "C:\Users\ultra\warewolf\Dev\Binaries\Infragistcs_Net6\InfragisticsWPF4.v15.1.dll". [C:\Users\ultra\warewolf\Dev\Warewolf.Studio.Views\Warewolf.Studio.Views.csproj]
C:\Program Files\dotnet\sdk\10.0.201\Microsoft.Common.CurrentVersion.targets(2451,5): warning MSB3277:             InfragisticsWPF4.v15.1 [C:\Users\ultra\warewolf\Dev\Warewolf.Studio.Views\Warewolf.Studio.Views.csproj]
C:\Program Files\dotnet\sdk\10.0.201\Microsoft.Common.CurrentVersion.targets(2451,5): warning MSB3277:             InfragisticsWPF4.Controls.Editors.XamComboEditor.v15.1 [C:\Users\ultra\warewolf\Dev\Warewolf.Studio.Views\Warewolf.Studio.Views.csproj]
C:\Program Files\dotnet\sdk\10.0.201\Microsoft.Common.CurrentVersion.targets(2451,5): warning MSB3277:             InfragisticsWPF4.Controls.Editors.XamRichTextEditor.v15.1 [C:\Users\ultra\warewolf\Dev\Warewolf.Studio.Views\Warewolf.Studio.Views.csproj]
C:\Program Files\dotnet\sdk\10.0.201\Microsoft.Common.CurrentVersion.targets(2451,5): warning MSB3277:             InfragisticsWPF4.Controls.Grids.XamGrid.v15.1 [C:\Users\ultra\warewolf\Dev\Warewolf.Studio.Views\Warewolf.Studio.Views.csproj]
C:\Program Files\dotnet\sdk\10.0.201\Microsoft.Common.CurrentVersion.targets(2451,5): warning MSB3277:             InfragisticsWPF4.Controls.Interactions.XamDialogWindow.v15.1 [C:\Users\ultra\warewolf\Dev\Warewolf.Studio.Views\Warewolf.Studio.Views.csproj]
C:\Program Files\dotnet\sdk\10.0.201\Microsoft.Common.CurrentVersion.targets(2451,5): warning MSB3277:             InfragisticsWPF4.Controls.Menus.XamDataTree.v15.1 [C:\Users\ultra\warewolf\Dev\Warewolf.Studio.Views\Warewolf.Studio.Views.csproj]
C:\Program Files\dotnet\sdk\10.0.201\Microsoft.Common.CurrentVersion.targets(2451,5): warning MSB3277:             InfragisticsWPF4.Controls.Menus.XamMenu.v15.1 [C:\Users\ultra\warewolf\Dev\Warewolf.Studio.Views\Warewolf.Studio.Views.csproj]
C:\Program Files\dotnet\sdk\10.0.201\Microsoft.Common.CurrentVersion.targets(2451,5): warning MSB3277:             InfragisticsWPF4.DataManager.v15.1 [C:\Users\ultra\warewolf\Dev\Warewolf.Studio.Views\Warewolf.Studio.Views.csproj]
C:\Program Files\dotnet\sdk\10.0.201\Microsoft.Common.CurrentVersion.targets(2451,5): warning MSB3277:             InfragisticsWPF4.DockManager.v15.1 [C:\Users\ultra\warewolf\Dev\Warewolf.Studio.Views\Warewolf.Studio.Views.csproj]
C:\Program Files\dotnet\sdk\10.0.201\Microsoft.Common.CurrentVersion.targets(2451,5): warning MSB3277:             InfragisticsWPF4.Documents.RichTextDocument.Html.v15.1 [C:\Users\ultra\warewolf\Dev\Warewolf.Studio.Views\Warewolf.Studio.Views.csproj]
C:\Program Files\dotnet\sdk\10.0.201\Microsoft.Common.CurrentVersion.targets(2451,5): warning MSB3277:             InfragisticsWPF4.Documents.RichTextDocument.v15.1 [C:\Users\ultra\warewolf\Dev\Warewolf.Studio.Views\Warewolf.Studio.Views.csproj]
C:\Program Files\dotnet\sdk\10.0.201\Microsoft.Common.CurrentVersion.targets(2451,5): warning MSB3277:             InfragisticsWPF4.Editors.v15.1 [C:\Users\ultra\warewolf\Dev\Warewolf.Studio.Views\Warewolf.Studio.Views.csproj]
C:\Program Files\dotnet\sdk\10.0.201\Microsoft.Common.CurrentVersion.targets(2451,5): warning MSB3277:         C:\Users\ultra\.nuget\packages\dotnetzip\1.16.0\lib\netstandard2.0\DotNetZip.dll [C:\Users\ultra\warewolf\Dev\Warewolf.Studio.Views\Warewolf.Studio.Views.csproj]
C:\Program Files\dotnet\sdk\10.0.201\Microsoft.Common.CurrentVersion.targets(2451,5): warning MSB3277:           Project file item includes which caused reference "C:\Users\ultra\.nuget\packages\dotnetzip\1.16.0\lib\netstandard2.0\DotNetZip.dll". [C:\Users\ultra\warewolf\Dev\Warewolf.Studio.Views\Warewolf.Studio.Views.csproj]
C:\Program Files\dotnet\sdk\10.0.201\Microsoft.Common.CurrentVersion.targets(2451,5): warning MSB3277:             C:\Users\ultra\.nuget\packages\dotnetzip\1.16.0\lib\netstandard2.0\DotNetZip.dll [C:\Users\ultra\warewolf\Dev\Warewolf.Studio.Views\Warewolf.Studio.Views.csproj]
C:\Program Files\dotnet\sdk\10.0.201\Microsoft.Common.CurrentVersion.targets(2451,5): warning MSB3277:             C:\Users\ultra\warewolf\Dev\Dev2.Common\bin\Debug\net8.0\Dev2.Common.dll [C:\Users\ultra\warewolf\Dev\Warewolf.Studio.Views\Warewolf.Studio.Views.csproj]
C:\Program Files\dotnet\sdk\10.0.201\Microsoft.Common.CurrentVersion.targets(2451,5): warning MSB3277:             C:\Users\ultra\warewolf\Dev\Dev2.Activities\bin\Debug\net8.0\Dev2.Activities.dll [C:\Users\ultra\warewolf\Dev\Warewolf.Studio.Views\Warewolf.Studio.Views.csproj]
C:\Program Files\dotnet\sdk\10.0.201\Microsoft.Common.CurrentVersion.targets(2451,5): warning MSB3277:             C:\Users\ultra\warewolf\Dev\Dev2.Core\bin\Debug\net8.0\Dev2.Core.dll [C:\Users\ultra\warewolf\Dev\Warewolf.Studio.Views\Warewolf.Studio.Views.csproj]
C:\Program Files\dotnet\sdk\10.0.201\Microsoft.Common.CurrentVersion.targets(2451,5): warning MSB3277:             C:\Users\ultra\warewolf\Dev\Dev2.Diagnostics\bin\Debug\net8.0\Dev2.Diagnostics.dll [C:\Users\ultra\warewolf\Dev\Warewolf.Studio.Views\Warewolf.Studio.Views.csproj]
C:\Program Files\dotnet\sdk\10.0.201\Microsoft.Common.CurrentVersion.targets(2451,5): warning MSB3277:             C:\Users\ultra\warewolf\Dev\Dev2.Infrastructure\bin\Debug\net8.0\Dev2.Infrastructure.dll [C:\Users\ultra\warewolf\Dev\Warewolf.Studio.Views\Warewolf.Studio.Views.csproj]
C:\Program Files\dotnet\sdk\10.0.201\Microsoft.Common.CurrentVersion.targets(2451,5): warning MSB3277:             C:\Users\ultra\warewolf\Dev\Dev2.Intellisense\bin\Debug\net8.0\Dev2.Intellisense.dll [C:\Users\ultra\warewolf\Dev\Warewolf.Studio.Views\Warewolf.Studio.Views.csproj]
C:\Program Files\dotnet\sdk\10.0.201\Microsoft.Common.CurrentVersion.targets(2451,5): warning MSB3277:             C:\Users\ultra\warewolf\Dev\Dev2.Studio.Core\bin\Debug\net8.0\Dev2.Studio.Core.dll [C:\Users\ultra\warewolf\Dev\Warewolf.Studio.Views\Warewolf.Studio.Views.csproj]
C:\Program Files\dotnet\sdk\10.0.201\Microsoft.Common.CurrentVersion.targets(2451,5): warning MSB3277:             C:\Users\ultra\warewolf\Dev\Dev2.Studio.Interfaces\bin\Debug\net8.0\Dev2.Studio.Interfaces.dll [C:\Users\ultra\warewolf\Dev\Warewolf.Studio.Views\Warewolf.Studio.Views.csproj]
C:\Program Files\dotnet\sdk\10.0.201\Microsoft.Common.CurrentVersion.targets(2451,5): warning MSB3277:             C:\Users\ultra\warewolf\Dev\Warewolf.Studio.Core\bin\Debug\net8.0\Warewolf.Studio.Core.dll [C:\Users\ultra\warewolf\Dev\Warewolf.Studio.Views\Warewolf.Studio.Views.csproj]
C:\Program Files\dotnet\sdk\10.0.201\Microsoft.Common.CurrentVersion.targets(2451,5): warning MSB3277:             C:\Users\ultra\warewolf\Dev\Warewolf.Studio.CustomControls\bin\Debug\net8.0\Warewolf.Studio.CustomControls.dll [C:\Users\ultra\warewolf\Dev\Warewolf.Studio.Views\Warewolf.Studio.Views.csproj]
C:\Program Files\dotnet\sdk\10.0.201\Microsoft.Common.CurrentVersion.targets(2451,5): warning MSB3277:             C:\Users\ultra\warewolf\Dev\Warewolf.Studio.ViewModels\bin\Debug\net8.0\Warewolf.Studio.ViewModels.dll [C:\Users\ultra\warewolf\Dev\Warewolf.Studio.Views\Warewolf.Studio.Views.csproj]
C:\Program Files\dotnet\sdk\10.0.201\Microsoft.Common.CurrentVersion.targets(2451,5): warning MSB3277:             C:\Users\ultra\warewolf\Dev\Dev2.Data\bin\Debug\net8.0\Dev2.Data.dll [C:\Users\ultra\warewolf\Dev\Warewolf.Studio.Views\Warewolf.Studio.Views.csproj]
C:\Program Files\dotnet\sdk\10.0.201\Microsoft.Common.CurrentVersion.targets(2451,5): warning MSB3277:             C:\Users\ultra\warewolf\Dev\Dev2.Data.Interfaces\bin\Debug\net8.0\Dev2.Data.Interfaces.dll [C:\Users\ultra\warewolf\Dev\Warewolf.Studio.Views\Warewolf.Studio.Views.csproj]
C:\Program Files\dotnet\sdk\10.0.201\Microsoft.Common.CurrentVersion.targets(2451,5): warning MSB3277:             C:\Users\ultra\warewolf\Dev\Dev2.Development.Languages\bin\Debug\net8.0\Dev2.Development.Languages.dll [C:\Users\ultra\warewolf\Dev\Warewolf.Studio.Views\Warewolf.Studio.Views.csproj]
C:\Program Files\dotnet\sdk\10.0.201\Microsoft.Common.CurrentVersion.targets(2451,5): warning MSB3277:             C:\Users\ultra\warewolf\Dev\Dev2.Runtime.Services\bin\Debug\net8.0\Dev2.Runtime.Services.dll [C:\Users\ultra\warewolf\Dev\Warewolf.Studio.Views\Warewolf.Studio.Views.csproj]
C:\Program Files\dotnet\sdk\10.0.201\Microsoft.Common.CurrentVersion.targets(2451,5): warning MSB3277:             C:\Users\ultra\warewolf\Dev\Dev2.Scheduler\bin\Debug\net8.0\Dev2.Scheduler.dll [C:\Users\ultra\warewolf\Dev\Warewolf.Studio.Views\Warewolf.Studio.Views.csproj]
C:\Program Files\dotnet\sdk\10.0.201\Microsoft.Common.CurrentVersion.targets(2451,5): warning MSB3277:             C:\Users\ultra\warewolf\Dev\Dev2.Services.Execution\bin\Debug\net8.0\Dev2.Services.Execution.dll [C:\Users\ultra\warewolf\Dev\Warewolf.Studio.Views\Warewolf.Studio.Views.csproj]
C:\Program Files\dotnet\sdk\10.0.201\Microsoft.Common.CurrentVersion.targets(2451,5): warning MSB3277:             C:\Users\ultra\warewolf\Dev\Dev2.Services.Sql\bin\Debug\net8.0\Dev2.Services.Sql.dll [C:\Users\ultra\warewolf\Dev\Warewolf.Studio.Views\Warewolf.Studio.Views.csproj]
C:\Program Files\dotnet\sdk\10.0.201\Microsoft.Common.CurrentVersion.targets(2451,5): warning MSB3277:             C:\Users\ultra\warewolf\Dev\Dev2.TaskScheduler.Wrappers\bin\Debug\net8.0\Dev2.TaskScheduler.Wrappers.dll [C:\Users\ultra\warewolf\Dev\Warewolf.Studio.Views\Warewolf.Studio.Views.csproj]
C:\Program Files\dotnet\sdk\10.0.201\Microsoft.Common.CurrentVersion.targets(2451,5): warning MSB3277:             C:\Users\ultra\warewolf\Dev\Dev2.Util\bin\Debug\net8.0\Dev2.Util.dll [C:\Users\ultra\warewolf\Dev\Warewolf.Studio.Views\Warewolf.Studio.Views.csproj]
C:\Program Files\dotnet\sdk\10.0.201\Microsoft.Common.CurrentVersion.targets(2451,5): warning MSB3277:             C:\Users\ultra\warewolf\Dev\Warewolf.AI.Harness\bin\Debug\net8.0\Warewolf.AI.Harness.dll [C:\Users\ultra\warewolf\Dev\Warewolf.Studio.Views\Warewolf.Studio.Views.csproj]
C:\Program Files\dotnet\sdk\10.0.201\Microsoft.Common.CurrentVersion.targets(2451,5): warning MSB3277:             C:\Users\ultra\warewolf\Dev\Warewolf.Auditing\bin\Debug\net8.0\Warewolf.Auditing.dll [C:\Users\ultra\warewolf\Dev\Warewolf.Studio.Views\Warewolf.Studio.Views.csproj]
C:\Program Files\dotnet\sdk\10.0.201\Microsoft.Common.CurrentVersion.targets(2451,5): warning MSB3277:             C:\Users\ultra\warewolf\Dev\Warewolf.Common.NetStandard20\bin\Debug\net8.0\Warewolf.Common.NetStandard20.dll [C:\Users\ultra\warewolf\Dev\Warewolf.Studio.Views\Warewolf.Studio.Views.csproj]
C:\Program Files\dotnet\sdk\10.0.201\Microsoft.Common.CurrentVersion.targets(2451,5): warning MSB3277:             C:\Users\ultra\warewolf\Dev\Warewolf.Core\bin\Debug\net8.0\Warewolf.Core.dll [C:\Users\ultra\warewolf\Dev\Warewolf.Studio.Views\Warewolf.Studio.Views.csproj]
C:\Program Files\dotnet\sdk\10.0.201\Microsoft.Common.CurrentVersion.targets(2451,5): warning MSB3277:             C:\Users\ultra\warewolf\Dev\Warewolf.Driver.Persistence\bin\Debug\net8.0\Warewolf.Driver.Persistence.dll [C:\Users\ultra\warewolf\Dev\Warewolf.Studio.Views\Warewolf.Studio.Views.csproj]
C:\Program Files\dotnet\sdk\10.0.201\Microsoft.Common.CurrentVersion.targets(2451,5): warning MSB3277:             C:\Users\ultra\warewolf\Dev\Warewolf.Driver.Serilog\bin\Debug\net8.0\Warewolf.Driver.Serilog.dll [C:\Users\ultra\warewolf\Dev\Warewolf.Studio.Views\Warewolf.Studio.Views.csproj]
C:\Program Files\dotnet\sdk\10.0.201\Microsoft.Common.CurrentVersion.targets(2451,5): warning MSB3277:             C:\Users\ultra\warewolf\Dev\Warewolf.Exchange.Email.Wrapper\bin\Debug\net8.0\Warewolf.Exchange.Email.Wrapper.dll [C:\Users\ultra\warewolf\Dev\Warewolf.Studio.Views\Warewolf.Studio.Views.csproj]
C:\Program Files\dotnet\sdk\10.0.201\Microsoft.Common.CurrentVersion.targets(2451,5): warning MSB3277:             C:\Users\ultra\warewolf\Dev\Warewolf.ResourceManagement\bin\Debug\net8.0\Warewolf.ResourceManagement.dll [C:\Users\ultra\warewolf\Dev\Warewolf.Studio.Views\Warewolf.Studio.Views.csproj]
C:\Program Files\dotnet\sdk\10.0.201\Microsoft.Common.CurrentVersion.targets(2451,5): warning MSB3277:             C:\Users\ultra\warewolf\Dev\Warewolf.Sharepoint\bin\Debug\net8.0\Warewolf.Sharepoint.dll [C:\Users\ultra\warewolf\Dev\Warewolf.Studio.Views\Warewolf.Studio.Views.csproj]
C:\Program Files\dotnet\sdk\10.0.201\Microsoft.Common.CurrentVersion.targets(2451,5): warning MSB3277:             C:\Users\ultra\warewolf\Dev\Warewolf.Storage\bin\Debug\net8.0\Warewolf.Storage.dll [C:\Users\ultra\warewolf\Dev\Warewolf.Studio.Views\Warewolf.Studio.Views.csproj]
C:\Program Files\dotnet\sdk\10.0.201\Microsoft.Common.CurrentVersion.targets(2451,5): warning MSB3277:             C:\Users\ultra\warewolf\Dev\Warewolf.Studio.Models\bin\Debug\net8.0\Warewolf.Studio.Models.dll [C:\Users\ultra\warewolf\Dev\Warewolf.Studio.Views\Warewolf.Studio.Views.csproj]
C:\Program Files\dotnet\sdk\10.0.201\Microsoft.Common.CurrentVersion.targets(2451,5): warning MSB3277:             C:\Users\ultra\warewolf\Dev\Warewolf.UI\bin\Debug\net8.0\Warewolf.UI.dll [C:\Users\ultra\warewolf\Dev\Warewolf.Studio.Views\Warewolf.Studio.Views.csproj]
C:\Program Files\dotnet\sdk\10.0.201\Microsoft.Common.CurrentVersion.targets(2451,5): warning MSB3277:         C:\Users\ultra\.nuget\packages\mindbox.data.linq\5.0.0\lib\netstandard2.0\Mindbox.Data.Linq.dll [C:\Users\ultra\warewolf\Dev\Warewolf.Studio.Views\Warewolf.Studio.Views.csproj]
C:\Program Files\dotnet\sdk\10.0.201\Microsoft.Common.CurrentVersion.targets(2451,5): warning MSB3277:           Project file item includes which caused reference "C:\Users\ultra\.nuget\packages\mindbox.data.linq\5.0.0\lib\netstandard2.0\Mindbox.Data.Linq.dll". [C:\Users\ultra\warewolf\Dev\Warewolf.Studio.Views\Warewolf.Studio.Views.csproj]
C:\Program Files\dotnet\sdk\10.0.201\Microsoft.Common.CurrentVersion.targets(2451,5): warning MSB3277:             C:\Users\ultra\.nuget\packages\mindbox.data.linq\5.0.0\lib\netstandard2.0\Mindbox.Data.Linq.dll [C:\Users\ultra\warewolf\Dev\Warewolf.Studio.Views\Warewolf.Studio.Views.csproj]
C:\Program Files\dotnet\sdk\10.0.201\Microsoft.Common.CurrentVersion.targets(2451,5): warning MSB3277:             C:\Users\ultra\warewolf\Dev\Warewolf.Auditing\bin\Debug\net8.0\Warewolf.Auditing.dll [C:\Users\ultra\warewolf\Dev\Warewolf.Studio.Views\Warewolf.Studio.Views.csproj]
C:\Program Files\dotnet\sdk\10.0.201\Microsoft.Common.CurrentVersion.targets(2451,5): warning MSB3277:             C:\Users\ultra\warewolf\Dev\Dev2.Activities\bin\Debug\net8.0\Dev2.Activities.dll [C:\Users\ultra\warewolf\Dev\Warewolf.Studio.Views\Warewolf.Studio.Views.csproj]
C:\Program Files\dotnet\sdk\10.0.201\Microsoft.Common.CurrentVersion.targets(2451,5): warning MSB3277:             C:\Users\ultra\warewolf\Dev\Dev2.Studio.Core\bin\Debug\net8.0\Dev2.Studio.Core.dll [C:\Users\ultra\warewolf\Dev\Warewolf.Studio.Views\Warewolf.Studio.Views.csproj]
C:\Program Files\dotnet\sdk\10.0.201\Microsoft.Common.CurrentVersion.targets(2451,5): warning MSB3277:             C:\Users\ultra\warewolf\Dev\Dev2.Intellisense\bin\Debug\net8.0\Dev2.Intellisense.dll [C:\Users\ultra\warewolf\Dev\Warewolf.Studio.Views\Warewolf.Studio.Views.csproj]
C:\Program Files\dotnet\sdk\10.0.201\Microsoft.Common.CurrentVersion.targets(2451,5): warning MSB3277:             C:\Users\ultra\warewolf\Dev\Warewolf.Studio.ViewModels\bin\Debug\net8.0\Warewolf.Studio.ViewModels.dll [C:\Users\ultra\warewolf\Dev\Warewolf.Studio.Views\Warewolf.Studio.Views.csproj]
C:\Program Files\dotnet\sdk\10.0.201\Microsoft.Common.CurrentVersion.targets(2451,5): warning MSB3277:             C:\Users\ultra\warewolf\Dev\Dev2.Runtime.Services\bin\Debug\net8.0\Dev2.Runtime.Services.dll [C:\Users\ultra\warewolf\Dev\Warewolf.Studio.Views\Warewolf.Studio.Views.csproj]
C:\Program Files\dotnet\sdk\10.0.201\Microsoft.Common.CurrentVersion.targets(2451,5): warning MSB3277:             C:\Users\ultra\warewolf\Dev\Dev2.Studio.Interfaces\bin\Debug\net8.0\Dev2.Studio.Interfaces.dll [C:\Users\ultra\warewolf\Dev\Warewolf.Studio.Views\Warewolf.Studio.Views.csproj]
C:\Program Files\dotnet\sdk\10.0.201\Microsoft.Common.CurrentVersion.targets(2451,5): warning MSB3277:             C:\Users\ultra\warewolf\Dev\Warewolf.Studio.Core\bin\Debug\net8.0\Warewolf.Studio.Core.dll [C:\Users\ultra\warewolf\Dev\Warewolf.Studio.Views\Warewolf.Studio.Views.csproj]
C:\Program Files\dotnet\sdk\10.0.201\Microsoft.Common.CurrentVersion.targets(2451,5): warning MSB3277:             C:\Users\ultra\warewolf\Dev\Warewolf.Studio.CustomControls\bin\Debug\net8.0\Warewolf.Studio.CustomControls.dll [C:\Users\ultra\warewolf\Dev\Warewolf.Studio.Views\Warewolf.Studio.Views.csproj]
C:\Program Files\dotnet\sdk\10.0.201\Microsoft.Common.CurrentVersion.targets(2451,5): warning MSB3277:             C:\Users\ultra\warewolf\Dev\Dev2.Services.Execution\bin\Debug\net8.0\Dev2.Services.Execution.dll [C:\Users\ultra\warewolf\Dev\Warewolf.Studio.Views\Warewolf.Studio.Views.csproj]
C:\Program Files\dotnet\sdk\10.0.201\Microsoft.Common.CurrentVersion.targets(2451,5): warning MSB3277:             C:\Users\ultra\warewolf\Dev\Warewolf.Common.NetStandard20\bin\Debug\net8.0\Warewolf.Common.NetStandard20.dll [C:\Users\ultra\warewolf\Dev\Warewolf.Studio.Views\Warewolf.Studio.Views.csproj]
C:\Program Files\dotnet\sdk\10.0.201\Microsoft.Common.CurrentVersion.targets(2451,5): warning MSB3277:             C:\Users\ultra\warewolf\Dev\Warewolf.Driver.Persistence\bin\Debug\net8.0\Warewolf.Driver.Persistence.dll [C:\Users\ultra\warewolf\Dev\Warewolf.Studio.Views\Warewolf.Studio.Views.csproj]
C:\Program Files\dotnet\sdk\10.0.201\Microsoft.Common.CurrentVersion.targets(2451,5): warning MSB3277:             C:\Users\ultra\warewolf\Dev\Warewolf.Studio.Models\bin\Debug\net8.0\Warewolf.Studio.Models.dll [C:\Users\ultra\warewolf\Dev\Warewolf.Studio.Views\Warewolf.Studio.Views.csproj]
C:\Program Files\dotnet\sdk\10.0.201\Microsoft.Common.CurrentVersion.targets(2451,5): warning MSB3277:         C:\Users\ultra\.nuget\packages\mysql.data\8.4.0\lib\net8.0\MySql.Data.dll [C:\Users\ultra\warewolf\Dev\Warewolf.Studio.Views\Warewolf.Studio.Views.csproj]
C:\Program Files\dotnet\sdk\10.0.201\Microsoft.Common.CurrentVersion.targets(2451,5): warning MSB3277:           Project file item includes which caused reference "C:\Users\ultra\.nuget\packages\mysql.data\8.4.0\lib\net8.0\MySql.Data.dll". [C:\Users\ultra\warewolf\Dev\Warewolf.Studio.Views\Warewolf.Studio.Views.csproj]
C:\Program Files\dotnet\sdk\10.0.201\Microsoft.Common.CurrentVersion.targets(2451,5): warning MSB3277:             C:\Users\ultra\.nuget\packages\mysql.data\8.4.0\lib\net8.0\MySql.Data.dll [C:\Users\ultra\warewolf\Dev\Warewolf.Studio.Views\Warewolf.Studio.Views.csproj]
C:\Program Files\dotnet\sdk\10.0.201\Microsoft.Common.CurrentVersion.targets(2451,5): warning MSB3277:             C:\Users\ultra\warewolf\Dev\Dev2.Activities\bin\Debug\net8.0\Dev2.Activities.dll [C:\Users\ultra\warewolf\Dev\Warewolf.Studio.Views\Warewolf.Studio.Views.csproj]
C:\Program Files\dotnet\sdk\10.0.201\Microsoft.Common.CurrentVersion.targets(2451,5): warning MSB3277:             C:\Users\ultra\warewolf\Dev\Dev2.Studio.Core\bin\Debug\net8.0\Dev2.Studio.Core.dll [C:\Users\ultra\warewolf\Dev\Warewolf.Studio.Views\Warewolf.Studio.Views.csproj]
C:\Program Files\dotnet\sdk\10.0.201\Microsoft.Common.CurrentVersion.targets(2451,5): warning MSB3277:             C:\Users\ultra\warewolf\Dev\Dev2.Intellisense\bin\Debug\net8.0\Dev2.Intellisense.dll [C:\Users\ultra\warewolf\Dev\Warewolf.Studio.Views\Warewolf.Studio.Views.csproj]
C:\Program Files\dotnet\sdk\10.0.201\Microsoft.Common.CurrentVersion.targets(2451,5): warning MSB3277:             C:\Users\ultra\warewolf\Dev\Warewolf.Studio.ViewModels\bin\Debug\net8.0\Warewolf.Studio.ViewModels.dll [C:\Users\ultra\warewolf\Dev\Warewolf.Studio.Views\Warewolf.Studio.Views.csproj]
C:\Program Files\dotnet\sdk\10.0.201\Microsoft.Common.CurrentVersion.targets(2451,5): warning MSB3277:             C:\Users\ultra\warewolf\Dev\Dev2.Runtime.Services\bin\Debug\net8.0\Dev2.Runtime.Services.dll [C:\Users\ultra\warewolf\Dev\Warewolf.Studio.Views\Warewolf.Studio.Views.csproj]
C:\Program Files\dotnet\sdk\10.0.201\Microsoft.Common.CurrentVersion.targets(2451,5): warning MSB3277:             C:\Users\ultra\warewolf\Dev\Dev2.Studio.Interfaces\bin\Debug\net8.0\Dev2.Studio.Interfaces.dll [C:\Users\ultra\warewolf\Dev\Warewolf.Studio.Views\Warewolf.Studio.Views.csproj]
C:\Program Files\dotnet\sdk\10.0.201\Microsoft.Common.CurrentVersion.targets(2451,5): warning MSB3277:             C:\Users\ultra\warewolf\Dev\Warewolf.Studio.Core\bin\Debug\net8.0\Warewolf.Studio.Core.dll [C:\Users\ultra\warewolf\Dev\Warewolf.Studio.Views\Warewolf.Studio.Views.csproj]
C:\Program Files\dotnet\sdk\10.0.201\Microsoft.Common.CurrentVersion.targets(2451,5): warning MSB3277:             C:\Users\ultra\warewolf\Dev\Warewolf.Studio.CustomControls\bin\Debug\net8.0\Warewolf.Studio.CustomControls.dll [C:\Users\ultra\warewolf\Dev\Warewolf.Studio.Views\Warewolf.Studio.Views.csproj]
C:\Program Files\dotnet\sdk\10.0.201\Microsoft.Common.CurrentVersion.targets(2451,5): warning MSB3277:             C:\Users\ultra\warewolf\Dev\Dev2.Services.Execution\bin\Debug\net8.0\Dev2.Services.Execution.dll [C:\Users\ultra\warewolf\Dev\Warewolf.Studio.Views\Warewolf.Studio.Views.csproj]
C:\Program Files\dotnet\sdk\10.0.201\Microsoft.Common.CurrentVersion.targets(2451,5): warning MSB3277:             C:\Users\ultra\warewolf\Dev\Dev2.Services.Sql\bin\Debug\net8.0\Dev2.Services.Sql.dll [C:\Users\ultra\warewolf\Dev\Warewolf.Studio.Views\Warewolf.Studio.Views.csproj]
C:\Program Files\dotnet\sdk\10.0.201\Microsoft.Common.CurrentVersion.targets(2451,5): warning MSB3277:             C:\Users\ultra\warewolf\Dev\Warewolf.Driver.Persistence\bin\Debug\net8.0\Warewolf.Driver.Persistence.dll [C:\Users\ultra\warewolf\Dev\Warewolf.Studio.Views\Warewolf.Studio.Views.csproj]
C:\Program Files\dotnet\sdk\10.0.201\Microsoft.Common.CurrentVersion.targets(2451,5): warning MSB3277:             C:\Users\ultra\warewolf\Dev\Warewolf.Studio.Models\bin\Debug\net8.0\Warewolf.Studio.Models.dll [C:\Users\ultra\warewolf\Dev\Warewolf.Studio.Views\Warewolf.Studio.Views.csproj]
C:\Program Files\dotnet\sdk\10.0.201\Microsoft.Common.CurrentVersion.targets(2451,5): warning MSB3277:         C:\Users\ultra\.nuget\packages\oracle.manageddataaccess.core\3.21.70\lib\netstandard2.1\Oracle.ManagedDataAccess.dll [C:\Users\ultra\warewolf\Dev\Warewolf.Studio.Views\Warewolf.Studio.Views.csproj]
C:\Program Files\dotnet\sdk\10.0.201\Microsoft.Common.CurrentVersion.targets(2451,5): warning MSB3277:           Project file item includes which caused reference "C:\Users\ultra\.nuget\packages\oracle.manageddataaccess.core\3.21.70\lib\netstandard2.1\Oracle.ManagedDataAccess.dll". [C:\Users\ultra\warewolf\Dev\Warewolf.Studio.Views\Warewolf.Studio.Views.csproj]
C:\Program Files\dotnet\sdk\10.0.201\Microsoft.Common.CurrentVersion.targets(2451,5): warning MSB3277:             C:\Users\ultra\.nuget\packages\oracle.manageddataaccess.core\3.21.70\lib\netstandard2.1\Oracle.ManagedDataAccess.dll [C:\Users\ultra\warewolf\Dev\Warewolf.Studio.Views\Warewolf.Studio.Views.csproj]
C:\Program Files\dotnet\sdk\10.0.201\Microsoft.Common.CurrentVersion.targets(2451,5): warning MSB3277:             C:\Users\ultra\warewolf\Dev\Dev2.Runtime.Services\bin\Debug\net8.0\Dev2.Runtime.Services.dll [C:\Users\ultra\warewolf\Dev\Warewolf.Studio.Views\Warewolf.Studio.Views.csproj]
C:\Program Files\dotnet\sdk\10.0.201\Microsoft.Common.CurrentVersion.targets(2451,5): warning MSB3277:             C:\Users\ultra\warewolf\Dev\Dev2.Activities\bin\Debug\net8.0\Dev2.Activities.dll [C:\Users\ultra\warewolf\Dev\Warewolf.Studio.Views\Warewolf.Studio.Views.csproj]
C:\Program Files\dotnet\sdk\10.0.201\Microsoft.Common.CurrentVersion.targets(2451,5): warning MSB3277:             C:\Users\ultra\warewolf\Dev\Dev2.Studio.Core\bin\Debug\net8.0\Dev2.Studio.Core.dll [C:\Users\ultra\warewolf\Dev\Warewolf.Studio.Views\Warewolf.Studio.Views.csproj]
C:\Program Files\dotnet\sdk\10.0.201\Microsoft.Common.CurrentVersion.targets(2451,5): warning MSB3277:             C:\Users\ultra\warewolf\Dev\Dev2.Intellisense\bin\Debug\net8.0\Dev2.Intellisense.dll [C:\Users\ultra\warewolf\Dev\Warewolf.Studio.Views\Warewolf.Studio.Views.csproj]
C:\Program Files\dotnet\sdk\10.0.201\Microsoft.Common.CurrentVersion.targets(2451,5): warning MSB3277:             C:\Users\ultra\warewolf\Dev\Dev2.Studio.Interfaces\bin\Debug\net8.0\Dev2.Studio.Interfaces.dll [C:\Users\ultra\warewolf\Dev\Warewolf.Studio.Views\Warewolf.Studio.Views.csproj]
C:\Program Files\dotnet\sdk\10.0.201\Microsoft.Common.CurrentVersion.targets(2451,5): warning MSB3277:             C:\Users\ultra\warewolf\Dev\Warewolf.Studio.Core\bin\Debug\net8.0\Warewolf.Studio.Core.dll [C:\Users\ultra\warewolf\Dev\Warewolf.Studio.Views\Warewolf.Studio.Views.csproj]
C:\Program Files\dotnet\sdk\10.0.201\Microsoft.Common.CurrentVersion.targets(2451,5): warning MSB3277:             C:\Users\ultra\warewolf\Dev\Warewolf.Studio.CustomControls\bin\Debug\net8.0\Warewolf.Studio.CustomControls.dll [C:\Users\ultra\warewolf\Dev\Warewolf.Studio.Views\Warewolf.Studio.Views.csproj]
C:\Program Files\dotnet\sdk\10.0.201\Microsoft.Common.CurrentVersion.targets(2451,5): warning MSB3277:             C:\Users\ultra\warewolf\Dev\Warewolf.Studio.ViewModels\bin\Debug\net8.0\Warewolf.Studio.ViewModels.dll [C:\Users\ultra\warewolf\Dev\Warewolf.Studio.Views\Warewolf.Studio.Views.csproj]
C:\Program Files\dotnet\sdk\10.0.201\Microsoft.Common.CurrentVersion.targets(2451,5): warning MSB3277:             C:\Users\ultra\warewolf\Dev\Dev2.Services.Execution\bin\Debug\net8.0\Dev2.Services.Execution.dll [C:\Users\ultra\warewolf\Dev\Warewolf.Studio.Views\Warewolf.Studio.Views.csproj]
C:\Program Files\dotnet\sdk\10.0.201\Microsoft.Common.CurrentVersion.targets(2451,5): warning MSB3277:             C:\Users\ultra\warewolf\Dev\Dev2.Services.Sql\bin\Debug\net8.0\Dev2.Services.Sql.dll [C:\Users\ultra\warewolf\Dev\Warewolf.Studio.Views\Warewolf.Studio.Views.csproj]
C:\Program Files\dotnet\sdk\10.0.201\Microsoft.Common.CurrentVersion.targets(2451,5): warning MSB3277:             C:\Users\ultra\warewolf\Dev\Warewolf.Driver.Persistence\bin\Debug\net8.0\Warewolf.Driver.Persistence.dll [C:\Users\ultra\warewolf\Dev\Warewolf.Studio.Views\Warewolf.Studio.Views.csproj]
C:\Program Files\dotnet\sdk\10.0.201\Microsoft.Common.CurrentVersion.targets(2451,5): warning MSB3277:             C:\Users\ultra\warewolf\Dev\Warewolf.Studio.Models\bin\Debug\net8.0\Warewolf.Studio.Models.dll [C:\Users\ultra\warewolf\Dev\Warewolf.Studio.Views\Warewolf.Studio.Views.csproj]
C:\Program Files\dotnet\sdk\10.0.201\Microsoft.Common.CurrentVersion.targets(2451,5): warning MSB3277:         C:\Users\ultra\.nuget\packages\system.directoryservices\6.0.0\lib\net6.0\System.DirectoryServices.dll [C:\Users\ultra\warewolf\Dev\Warewolf.Studio.Views\Warewolf.Studio.Views.csproj]
C:\Program Files\dotnet\sdk\10.0.201\Microsoft.Common.CurrentVersion.targets(2451,5): warning MSB3277:           Project file item includes which caused reference "C:\Users\ultra\.nuget\packages\system.directoryservices\6.0.0\lib\net6.0\System.DirectoryServices.dll". [C:\Users\ultra\warewolf\Dev\Warewolf.Studio.Views\Warewolf.Studio.Views.csproj]
C:\Program Files\dotnet\sdk\10.0.201\Microsoft.Common.CurrentVersion.targets(2451,5): warning MSB3277:             C:\Users\ultra\.nuget\packages\system.directoryservices\6.0.0\lib\net6.0\System.DirectoryServices.dll [C:\Users\ultra\warewolf\Dev\Warewolf.Studio.Views\Warewolf.Studio.Views.csproj]
C:\Program Files\dotnet\sdk\10.0.201\Microsoft.Common.CurrentVersion.targets(2451,5): warning MSB3277:             C:\Users\ultra\.nuget\packages\corewcf.primitives\1.2.1\lib\netstandard2.0\CoreWCF.Primitives.dll [C:\Users\ultra\warewolf\Dev\Warewolf.Studio.Views\Warewolf.Studio.Views.csproj]
C:\Program Files\dotnet\sdk\10.0.201\Microsoft.Common.CurrentVersion.targets(2451,5): warning MSB3277:             C:\Users\ultra\warewolf\Dev\Dev2.Runtime.Services\bin\Debug\net8.0\Dev2.Runtime.Services.dll [C:\Users\ultra\warewolf\Dev\Warewolf.Studio.Views\Warewolf.Studio.Views.csproj]
C:\Program Files\dotnet\sdk\10.0.201\Microsoft.Common.CurrentVersion.targets(2451,5): warning MSB3277:             C:\Users\ultra\warewolf\Dev\Dev2.Activities\bin\Debug\net8.0\Dev2.Activities.dll [C:\Users\ultra\warewolf\Dev\Warewolf.Studio.Views\Warewolf.Studio.Views.csproj]
C:\Program Files\dotnet\sdk\10.0.201\Microsoft.Common.CurrentVersion.targets(2451,5): warning MSB3277:             C:\Users\ultra\warewolf\Dev\Dev2.Studio.Core\bin\Debug\net8.0\Dev2.Studio.Core.dll [C:\Users\ultra\warewolf\Dev\Warewolf.Studio.Views\Warewolf.Studio.Views.csproj]
C:\Program Files\dotnet\sdk\10.0.201\Microsoft.Common.CurrentVersion.targets(2451,5): warning MSB3277:             C:\Users\ultra\warewolf\Dev\Dev2.Intellisense\bin\Debug\net8.0\Dev2.Intellisense.dll [C:\Users\ultra\warewolf\Dev\Warewolf.Studio.Views\Warewolf.Studio.Views.csproj]
C:\Program Files\dotnet\sdk\10.0.201\Microsoft.Common.CurrentVersion.targets(2451,5): warning MSB3277:             C:\Users\ultra\warewolf\Dev\Dev2.Studio.Interfaces\bin\Debug\net8.0\Dev2.Studio.Interfaces.dll [C:\Users\ultra\warewolf\Dev\Warewolf.Studio.Views\Warewolf.Studio.Views.csproj]
C:\Program Files\dotnet\sdk\10.0.201\Microsoft.Common.CurrentVersion.targets(2451,5): warning MSB3277:             C:\Users\ultra\warewolf\Dev\Warewolf.Studio.Core\bin\Debug\net8.0\Warewolf.Studio.Core.dll [C:\Users\ultra\warewolf\Dev\Warewolf.Studio.Views\Warewolf.Studio.Views.csproj]
C:\Program Files\dotnet\sdk\10.0.201\Microsoft.Common.CurrentVersion.targets(2451,5): warning MSB3277:             C:\Users\ultra\warewolf\Dev\Warewolf.Studio.CustomControls\bin\Debug\net8.0\Warewolf.Studio.CustomControls.dll [C:\Users\ultra\warewolf\Dev\Warewolf.Studio.Views\Warewolf.Studio.Views.csproj]
C:\Program Files\dotnet\sdk\10.0.201\Microsoft.Common.CurrentVersion.targets(2451,5): warning MSB3277:             C:\Users\ultra\warewolf\Dev\Warewolf.Studio.ViewModels\bin\Debug\net8.0\Warewolf.Studio.ViewModels.dll [C:\Users\ultra\warewolf\Dev\Warewolf.Studio.Views\Warewolf.Studio.Views.csproj]
C:\Program Files\dotnet\sdk\10.0.201\Microsoft.Common.CurrentVersion.targets(2451,5): warning MSB3277:             C:\Users\ultra\warewolf\Dev\Dev2.Services.Execution\bin\Debug\net8.0\Dev2.Services.Execution.dll [C:\Users\ultra\warewolf\Dev\Warewolf.Studio.Views\Warewolf.Studio.Views.csproj]
C:\Program Files\dotnet\sdk\10.0.201\Microsoft.Common.CurrentVersion.targets(2451,5): warning MSB3277:             C:\Users\ultra\warewolf\Dev\Warewolf.Driver.Persistence\bin\Debug\net8.0\Warewolf.Driver.Persistence.dll [C:\Users\ultra\warewolf\Dev\Warewolf.Studio.Views\Warewolf.Studio.Views.csproj]
C:\Program Files\dotnet\sdk\10.0.201\Microsoft.Common.CurrentVersion.targets(2451,5): warning MSB3277:             C:\Users\ultra\warewolf\Dev\Warewolf.Studio.Models\bin\Debug\net8.0\Warewolf.Studio.Models.dll [C:\Users\ultra\warewolf\Dev\Warewolf.Studio.Views\Warewolf.Studio.Views.csproj]
C:\Program Files\dotnet\sdk\10.0.201\Microsoft.Common.CurrentVersion.targets(2451,5): warning MSB3277:             C:\Users\ultra\.nuget\packages\corewcf.http\1.2.1\lib\netstandard2.0\CoreWCF.Http.dll [C:\Users\ultra\warewolf\Dev\Warewolf.Studio.Views\Warewolf.Studio.Views.csproj]
C:\Program Files\dotnet\sdk\10.0.201\Microsoft.Common.CurrentVersion.targets(2451,5): warning MSB3277:             C:\Users\ultra\.nuget\packages\corewcf.nettcp\1.2.1\lib\netstandard2.0\CoreWCF.NetTcp.dll [C:\Users\ultra\warewolf\Dev\Warewolf.Studio.Views\Warewolf.Studio.Views.csproj]
C:\Program Files\dotnet\sdk\10.0.201\Microsoft.Common.CurrentVersion.targets(2451,5): warning MSB3277:             C:\Users\ultra\.nuget\packages\corewcf.webhttp\1.2.1\lib\netstandard2.0\CoreWCF.WebHttp.dll [C:\Users\ultra\warewolf\Dev\Warewolf.Studio.Views\Warewolf.Studio.Views.csproj]
C:\Program Files\dotnet\sdk\10.0.201\Microsoft.Common.CurrentVersion.targets(2451,5): warning MSB3277:         C:\Program Files\dotnet\packs\Microsoft.NETCore.App.Ref\8.0.25\ref\net8.0\System.Configuration.dll [C:\Users\ultra\warewolf\Dev\Warewolf.Studio.Views\Warewolf.Studio.Views.csproj]
C:\Program Files\dotnet\sdk\10.0.201\Microsoft.Common.CurrentVersion.targets(2451,5): warning MSB3277:           Project file item includes which caused reference "C:\Program Files\dotnet\packs\Microsoft.NETCore.App.Ref\8.0.25\ref\net8.0\System.Configuration.dll". [C:\Users\ultra\warewolf\Dev\Warewolf.Studio.Views\Warewolf.Studio.Views.csproj]
C:\Program Files\dotnet\sdk\10.0.201\Microsoft.Common.CurrentVersion.targets(2451,5): warning MSB3277:             C:\Program Files\dotnet\packs\Microsoft.NETCore.App.Ref\8.0.25\ref/net8.0/System.Configuration.dll [C:\Users\ultra\warewolf\Dev\Warewolf.Studio.Views\Warewolf.Studio.Views.csproj]
C:\Program Files\dotnet\sdk\10.0.201\Microsoft.Common.CurrentVersion.targets(2451,5): warning MSB3277:             C:\Users\ultra\.nuget\packages\prism.wpf\9.0.537\lib\net462\Prism.Wpf.dll [C:\Users\ultra\warewolf\Dev\Warewolf.Studio.Views\Warewolf.Studio.Views.csproj]
C:\Program Files\dotnet\sdk\10.0.201\Microsoft.Common.CurrentVersion.targets(2451,5): warning MSB3277:         C:\Program Files\dotnet\packs\Microsoft.NETCore.App.Ref\8.0.25\ref\net8.0\System.Data.dll [C:\Users\ultra\warewolf\Dev\Warewolf.Studio.Views\Warewolf.Studio.Views.csproj]
C:\Program Files\dotnet\sdk\10.0.201\Microsoft.Common.CurrentVersion.targets(2451,5): warning MSB3277:           Project file item includes which caused reference "C:\Program Files\dotnet\packs\Microsoft.NETCore.App.Ref\8.0.25\ref\net8.0\System.Data.dll". [C:\Users\ultra\warewolf\Dev\Warewolf.Studio.Views\Warewolf.Studio.Views.csproj]
C:\Program Files\dotnet\sdk\10.0.201\Microsoft.Common.CurrentVersion.targets(2451,5): warning MSB3277:             C:\Program Files\dotnet\packs\Microsoft.NETCore.App.Ref\8.0.25\ref/net8.0/System.Data.dll [C:\Users\ultra\warewolf\Dev\Warewolf.Studio.Views\Warewolf.Studio.Views.csproj]
C:\Program Files\dotnet\sdk\10.0.201\Microsoft.Common.CurrentVersion.targets(2451,5): warning MSB3277:             C:\Users\ultra\.nuget\packages\taskschedulereditor\2.10.1\lib\net452\Microsoft.Win32.TaskSchedulerEditor.dll [C:\Users\ultra\warewolf\Dev\Warewolf.Studio.Views\Warewolf.Studio.Views.csproj]
C:\Program Files\dotnet\sdk\10.0.201\Microsoft.Common.CurrentVersion.targets(2451,5): warning MSB3277:         C:\Program Files\dotnet\packs\Microsoft.NETCore.App.Ref\8.0.25\ref\net8.0\System.Drawing.dll [C:\Users\ultra\warewolf\Dev\Warewolf.Studio.Views\Warewolf.Studio.Views.csproj]
C:\Program Files\dotnet\sdk\10.0.201\Microsoft.Common.CurrentVersion.targets(2451,5): warning MSB3277:           Project file item includes which caused reference "C:\Program Files\dotnet\packs\Microsoft.NETCore.App.Ref\8.0.25\ref\net8.0\System.Drawing.dll". [C:\Users\ultra\warewolf\Dev\Warewolf.Studio.Views\Warewolf.Studio.Views.csproj]
C:\Program Files\dotnet\sdk\10.0.201\Microsoft.Common.CurrentVersion.targets(2451,5): warning MSB3277:             C:\Program Files\dotnet\packs\Microsoft.NETCore.App.Ref\8.0.25\ref/net8.0/System.Drawing.dll [C:\Users\ultra\warewolf\Dev\Warewolf.Studio.Views\Warewolf.Studio.Views.csproj]
C:\Program Files\dotnet\sdk\10.0.201\Microsoft.Common.CurrentVersion.targets(2451,5): warning MSB3277:             C:\Users\ultra\.nuget\packages\aerowizard\2.3.1\lib\net45\AeroWizard.dll [C:\Users\ultra\warewolf\Dev\Warewolf.Studio.Views\Warewolf.Studio.Views.csproj]
C:\Program Files\dotnet\sdk\10.0.201\Microsoft.Common.CurrentVersion.targets(2451,5): warning MSB3277:             C:\Users\ultra\.nuget\packages\groupcontrols\1.9.0\lib\net45\GroupControls.dll [C:\Users\ultra\warewolf\Dev\Warewolf.Studio.Views\Warewolf.Studio.Views.csproj]
C:\Program Files\dotnet\sdk\10.0.201\Microsoft.Common.CurrentVersion.targets(2451,5): warning MSB3277:             C:\Users\ultra\.nuget\packages\taskschedulereditor\2.10.1\lib\net452\Microsoft.Win32.TaskSchedulerEditor.dll [C:\Users\ultra\warewolf\Dev\Warewolf.Studio.Views\Warewolf.Studio.Views.csproj]
C:\Program Files\dotnet\sdk\10.0.201\Microsoft.Common.CurrentVersion.targets(2451,5): warning MSB3277:         C:\Program Files\dotnet\packs\Microsoft.NETCore.App.Ref\8.0.25\ref\net8.0\System.Net.dll [C:\Users\ultra\warewolf\Dev\Warewolf.Studio.Views\Warewolf.Studio.Views.csproj]
C:\Program Files\dotnet\sdk\10.0.201\Microsoft.Common.CurrentVersion.targets(2451,5): warning MSB3277:           Project file item includes which caused reference "C:\Program Files\dotnet\packs\Microsoft.NETCore.App.Ref\8.0.25\ref\net8.0\System.Net.dll". [C:\Users\ultra\warewolf\Dev\Warewolf.Studio.Views\Warewolf.Studio.Views.csproj]
C:\Program Files\dotnet\sdk\10.0.201\Microsoft.Common.CurrentVersion.targets(2451,5): warning MSB3277:             C:\Program Files\dotnet\packs\Microsoft.NETCore.App.Ref\8.0.25\ref/net8.0/System.Net.dll [C:\Users\ultra\warewolf\Dev\Warewolf.Studio.Views\Warewolf.Studio.Views.csproj]
C:\Program Files\dotnet\sdk\10.0.201\Microsoft.Common.CurrentVersion.targets(2451,5): warning MSB3277:         C:\Program Files\dotnet\packs\Microsoft.NETCore.App.Ref\8.0.25\ref\net8.0\System.Security.dll [C:\Users\ultra\warewolf\Dev\Warewolf.Studio.Views\Warewolf.Studio.Views.csproj]
C:\Program Files\dotnet\sdk\10.0.201\Microsoft.Common.CurrentVersion.targets(2451,5): warning MSB3277:           Project file item includes which caused reference "C:\Program Files\dotnet\packs\Microsoft.NETCore.App.Ref\8.0.25\ref\net8.0\System.Security.dll". [C:\Users\ultra\warewolf\Dev\Warewolf.Studio.Views\Warewolf.Studio.Views.csproj]
C:\Program Files\dotnet\sdk\10.0.201\Microsoft.Common.CurrentVersion.targets(2451,5): warning MSB3277:             C:\Program Files\dotnet\packs\Microsoft.NETCore.App.Ref\8.0.25\ref/net8.0/System.Security.dll [C:\Users\ultra\warewolf\Dev\Warewolf.Studio.Views\Warewolf.Studio.Views.csproj]
C:\Program Files\dotnet\sdk\10.0.201\Microsoft.Common.CurrentVersion.targets(2451,5): warning MSB3277:         C:\Program Files\dotnet\packs\Microsoft.NETCore.App.Ref\8.0.25\ref\net8.0\System.ServiceProcess.dll [C:\Users\ultra\warewolf\Dev\Warewolf.Studio.Views\Warewolf.Studio.Views.csproj]
C:\Program Files\dotnet\sdk\10.0.201\Microsoft.Common.CurrentVersion.targets(2451,5): warning MSB3277:           Project file item includes which caused reference "C:\Program Files\dotnet\packs\Microsoft.NETCore.App.Ref\8.0.25\ref\net8.0\System.ServiceProcess.dll". [C:\Users\ultra\warewolf\Dev\Warewolf.Studio.Views\Warewolf.Studio.Views.csproj]
C:\Program Files\dotnet\sdk\10.0.201\Microsoft.Common.CurrentVersion.targets(2451,5): warning MSB3277:             C:\Program Files\dotnet\packs\Microsoft.NETCore.App.Ref\8.0.25\ref/net8.0/System.ServiceProcess.dll [C:\Users\ultra\warewolf\Dev\Warewolf.Studio.Views\Warewolf.Studio.Views.csproj]
C:\Program Files\dotnet\sdk\10.0.201\Microsoft.Common.CurrentVersion.targets(2451,5): warning MSB3277:         C:\Program Files\dotnet\packs\Microsoft.NETCore.App.Ref\8.0.25\ref\net8.0\System.Transactions.dll [C:\Users\ultra\warewolf\Dev\Warewolf.Studio.Views\Warewolf.Studio.Views.csproj]
C:\Program Files\dotnet\sdk\10.0.201\Microsoft.Common.CurrentVersion.targets(2451,5): warning MSB3277:           Project file item includes which caused reference "C:\Program Files\dotnet\packs\Microsoft.NETCore.App.Ref\8.0.25\ref\net8.0\System.Transactions.dll". [C:\Users\ultra\warewolf\Dev\Warewolf.Studio.Views\Warewolf.Studio.Views.csproj]
C:\Program Files\dotnet\sdk\10.0.201\Microsoft.Common.CurrentVersion.targets(2451,5): warning MSB3277:             C:\Program Files\dotnet\packs\Microsoft.NETCore.App.Ref\8.0.25\ref/net8.0/System.Transactions.dll [C:\Users\ultra\warewolf\Dev\Warewolf.Studio.Views\Warewolf.Studio.Views.csproj]
C:\Program Files\dotnet\sdk\10.0.201\Microsoft.Common.CurrentVersion.targets(2451,5): warning MSB3277:         C:\Program Files\dotnet\packs\Microsoft.NETCore.App.Ref\8.0.25\ref\net8.0\System.dll [C:\Users\ultra\warewolf\Dev\Warewolf.Studio.Views\Warewolf.Studio.Views.csproj]
C:\Program Files\dotnet\sdk\10.0.201\Microsoft.Common.CurrentVersion.targets(2451,5): warning MSB3277:           Project file item includes which caused reference "C:\Program Files\dotnet\packs\Microsoft.NETCore.App.Ref\8.0.25\ref\net8.0\System.dll". [C:\Users\ultra\warewolf\Dev\Warewolf.Studio.Views\Warewolf.Studio.Views.csproj]
C:\Program Files\dotnet\sdk\10.0.201\Microsoft.Common.CurrentVersion.targets(2451,5): warning MSB3277:             C:\Program Files\dotnet\packs\Microsoft.NETCore.App.Ref\8.0.25\ref/net8.0/System.dll [C:\Users\ultra\warewolf\Dev\Warewolf.Studio.Views\Warewolf.Studio.Views.csproj]
C:\Program Files\dotnet\sdk\10.0.201\Microsoft.Common.CurrentVersion.targets(2451,5): warning MSB3277:             C:\Users\ultra\.nuget\packages\aerowizard\2.3.1\lib\net45\AeroWizard.dll [C:\Users\ultra\warewolf\Dev\Warewolf.Studio.Views\Warewolf.Studio.Views.csproj]
C:\Program Files\dotnet\sdk\10.0.201\Microsoft.Common.CurrentVersion.targets(2451,5): warning MSB3277:             C:\Users\ultra\.nuget\packages\groupcontrols\1.9.0\lib\net45\GroupControls.dll [C:\Users\ultra\warewolf\Dev\Warewolf.Studio.Views\Warewolf.Studio.Views.csproj]
C:\Program Files\dotnet\sdk\10.0.201\Microsoft.Common.CurrentVersion.targets(2451,5): warning MSB3277:             C:\Users\ultra\.nuget\packages\microsoft.xaml.behaviors.wpf\1.1.122\lib\net462\Microsoft.Xaml.Behaviors.dll [C:\Users\ultra\warewolf\Dev\Warewolf.Studio.Views\Warewolf.Studio.Views.csproj]
C:\Program Files\dotnet\sdk\10.0.201\Microsoft.Common.CurrentVersion.targets(2451,5): warning MSB3277:             C:\Users\ultra\.nuget\packages\caliburn.micro\4.0.212\lib\netcoreapp3.1\Caliburn.Micro.Platform.dll [C:\Users\ultra\warewolf\Dev\Warewolf.Studio.Views\Warewolf.Studio.Views.csproj]
C:\Program Files\dotnet\sdk\10.0.201\Microsoft.Common.CurrentVersion.targets(2451,5): warning MSB3277:             C:\Users\ultra\.nuget\packages\prism.wpf\9.0.537\lib\net462\Prism.Wpf.dll [C:\Users\ultra\warewolf\Dev\Warewolf.Studio.Views\Warewolf.Studio.Views.csproj]
C:\Program Files\dotnet\sdk\10.0.201\Microsoft.Common.CurrentVersion.targets(2451,5): warning MSB3277:             C:\Users\ultra\.nuget\packages\reactiveui.wpf\18.4.1\lib\net462\ReactiveUI.Wpf.dll [C:\Users\ultra\warewolf\Dev\Warewolf.Studio.Views\Warewolf.Studio.Views.csproj]
C:\Program Files\dotnet\sdk\10.0.201\Microsoft.Common.CurrentVersion.targets(2451,5): warning MSB3277:             C:\Users\ultra\.nuget\packages\taskschedulereditor\2.10.1\lib\net452\Microsoft.Win32.TaskSchedulerEditor.dll [C:\Users\ultra\warewolf\Dev\Warewolf.Studio.Views\Warewolf.Studio.Views.csproj]
C:\Program Files\dotnet\sdk\10.0.201\Microsoft.Common.CurrentVersion.targets(2451,5): warning MSB3277:             C:\Users\ultra\.nuget\packages\ttcue.netcore.sharepointonline.csom.16.1.8029.1200\16.1.8029.1200\lib\netcoreapp2.0\Microsoft.SharePoint.Client.Runtime.Windows.dll [C:\Users\ultra\warewolf\Dev\Warewolf.Studio.Views\Warewolf.Studio.Views.csproj]
C:\Program Files\dotnet\sdk\10.0.201\Microsoft.Common.CurrentVersion.targets(2451,5): warning MSB3277:         C:\Program Files\dotnet\packs\Microsoft.NETCore.App.Ref\8.0.25\ref\net8.0\WindowsBase.dll [C:\Users\ultra\warewolf\Dev\Warewolf.Studio.Views\Warewolf.Studio.Views.csproj]
C:\Program Files\dotnet\sdk\10.0.201\Microsoft.Common.CurrentVersion.targets(2451,5): warning MSB3277:           Project file item includes which caused reference "C:\Program Files\dotnet\packs\Microsoft.NETCore.App.Ref\8.0.25\ref\net8.0\WindowsBase.dll". [C:\Users\ultra\warewolf\Dev\Warewolf.Studio.Views\Warewolf.Studio.Views.csproj]
C:\Program Files\dotnet\sdk\10.0.201\Microsoft.Common.CurrentVersion.targets(2451,5): warning MSB3277:             C:\Program Files\dotnet\packs\Microsoft.NETCore.App.Ref\8.0.25\ref/net8.0/WindowsBase.dll [C:\Users\ultra\warewolf\Dev\Warewolf.Studio.Views\Warewolf.Studio.Views.csproj]
C:\Program Files\dotnet\sdk\10.0.201\Microsoft.Common.CurrentVersion.targets(2451,5): warning MSB3277:         C:\Program Files\dotnet\packs\Microsoft.NETCore.App.Ref\8.0.25\ref\net8.0\mscorlib.dll [C:\Users\ultra\warewolf\Dev\Warewolf.Studio.Views\Warewolf.Studio.Views.csproj]
C:\Program Files\dotnet\sdk\10.0.201\Microsoft.Common.CurrentVersion.targets(2451,5): warning MSB3277:           Project file item includes which caused reference "C:\Program Files\dotnet\packs\Microsoft.NETCore.App.Ref\8.0.25\ref\net8.0\mscorlib.dll". [C:\Users\ultra\warewolf\Dev\Warewolf.Studio.Views\Warewolf.Studio.Views.csproj]
C:\Program Files\dotnet\sdk\10.0.201\Microsoft.Common.CurrentVersion.targets(2451,5): warning MSB3277:             C:\Program Files\dotnet\packs\Microsoft.NETCore.App.Ref\8.0.25\ref/net8.0/mscorlib.dll [C:\Users\ultra\warewolf\Dev\Warewolf.Studio.Views\Warewolf.Studio.Views.csproj]
C:\Program Files\dotnet\sdk\10.0.201\Microsoft.Common.CurrentVersion.targets(2451,5): warning MSB3277:             C:\Users\ultra\.nuget\packages\aerowizard\2.3.1\lib\net45\AeroWizard.dll [C:\Users\ultra\warewolf\Dev\Warewolf.Studio.Views\Warewolf.Studio.Views.csproj]
C:\Program Files\dotnet\sdk\10.0.201\Microsoft.Common.CurrentVersion.targets(2451,5): warning MSB3277:             C:\Users\ultra\.nuget\packages\groupcontrols\1.9.0\lib\net45\GroupControls.dll [C:\Users\ultra\warewolf\Dev\Warewolf.Studio.Views\Warewolf.Studio.Views.csproj]
C:\Program Files\dotnet\sdk\10.0.201\Microsoft.Common.CurrentVersion.targets(2451,5): warning MSB3277:             C:\Users\ultra\.nuget\packages\hangfire.core\1.7.32\lib\netstandard2.0\Hangfire.Core.dll [C:\Users\ultra\warewolf\Dev\Warewolf.Studio.Views\Warewolf.Studio.Views.csproj]
C:\Program Files\dotnet\sdk\10.0.201\Microsoft.Common.CurrentVersion.targets(2451,5): warning MSB3277:             C:\Users\ultra\warewolf\Dev\Dev2.Activities\bin\Debug\net8.0\Dev2.Activities.dll [C:\Users\ultra\warewolf\Dev\Warewolf.Studio.Views\Warewolf.Studio.Views.csproj]
C:\Program Files\dotnet\sdk\10.0.201\Microsoft.Common.CurrentVersion.targets(2451,5): warning MSB3277:             C:\Users\ultra\warewolf\Dev\Dev2.Studio.Core\bin\Debug\net8.0\Dev2.Studio.Core.dll [C:\Users\ultra\warewolf\Dev\Warewolf.Studio.Views\Warewolf.Studio.Views.csproj]
C:\Program Files\dotnet\sdk\10.0.201\Microsoft.Common.CurrentVersion.targets(2451,5): warning MSB3277:             C:\Users\ultra\warewolf\Dev\Dev2.Intellisense\bin\Debug\net8.0\Dev2.Intellisense.dll [C:\Users\ultra\warewolf\Dev\Warewolf.Studio.Views\Warewolf.Studio.Views.csproj]
C:\Program Files\dotnet\sdk\10.0.201\Microsoft.Common.CurrentVersion.targets(2451,5): warning MSB3277:             C:\Users\ultra\warewolf\Dev\Warewolf.Studio.ViewModels\bin\Debug\net8.0\Warewolf.Studio.ViewModels.dll [C:\Users\ultra\warewolf\Dev\Warewolf.Studio.Views\Warewolf.Studio.Views.csproj]
C:\Program Files\dotnet\sdk\10.0.201\Microsoft.Common.CurrentVersion.targets(2451,5): warning MSB3277:             C:\Users\ultra\warewolf\Dev\Warewolf.Driver.Persistence\bin\Debug\net8.0\Warewolf.Driver.Persistence.dll [C:\Users\ultra\warewolf\Dev\Warewolf.Studio.Views\Warewolf.Studio.Views.csproj]
C:\Program Files\dotnet\sdk\10.0.201\Microsoft.Common.CurrentVersion.targets(2451,5): warning MSB3277:             C:\Users\ultra\.nuget\packages\hangfire.sqlserver\1.7.32\lib\netstandard2.0\Hangfire.SqlServer.dll [C:\Users\ultra\warewolf\Dev\Warewolf.Studio.Views\Warewolf.Studio.Views.csproj]
C:\Program Files\dotnet\sdk\10.0.201\Microsoft.Common.CurrentVersion.targets(2451,5): warning MSB3277:             C:\Users\ultra\.nuget\packages\microsoft.xaml.behaviors.wpf\1.1.122\lib\net462\Microsoft.Xaml.Behaviors.dll [C:\Users\ultra\warewolf\Dev\Warewolf.Studio.Views\Warewolf.Studio.Views.csproj]
C:\Program Files\dotnet\sdk\10.0.201\Microsoft.Common.CurrentVersion.targets(2451,5): warning MSB3277:             C:\Users\ultra\.nuget\packages\caliburn.micro\4.0.212\lib\netcoreapp3.1\Caliburn.Micro.Platform.dll [C:\Users\ultra\warewolf\Dev\Warewolf.Studio.Views\Warewolf.Studio.Views.csproj]
C:\Program Files\dotnet\sdk\10.0.201\Microsoft.Common.CurrentVersion.targets(2451,5): warning MSB3277:             C:\Users\ultra\.nuget\packages\oracle.manageddataaccess.core\3.21.70\lib\netstandard2.1\Oracle.ManagedDataAccess.dll [C:\Users\ultra\warewolf\Dev\Warewolf.Studio.Views\Warewolf.Studio.Views.csproj]
C:\Program Files\dotnet\sdk\10.0.201\Microsoft.Common.CurrentVersion.targets(2451,5): warning MSB3277:             C:\Users\ultra\warewolf\Dev\Dev2.Runtime.Services\bin\Debug\net8.0\Dev2.Runtime.Services.dll [C:\Users\ultra\warewolf\Dev\Warewolf.Studio.Views\Warewolf.Studio.Views.csproj]
C:\Program Files\dotnet\sdk\10.0.201\Microsoft.Common.CurrentVersion.targets(2451,5): warning MSB3277:             C:\Users\ultra\warewolf\Dev\Dev2.Studio.Interfaces\bin\Debug\net8.0\Dev2.Studio.Interfaces.dll [C:\Users\ultra\warewolf\Dev\Warewolf.Studio.Views\Warewolf.Studio.Views.csproj]
C:\Program Files\dotnet\sdk\10.0.201\Microsoft.Common.CurrentVersion.targets(2451,5): warning MSB3277:             C:\Users\ultra\warewolf\Dev\Warewolf.Studio.Core\bin\Debug\net8.0\Warewolf.Studio.Core.dll [C:\Users\ultra\warewolf\Dev\Warewolf.Studio.Views\Warewolf.Studio.Views.csproj]
C:\Program Files\dotnet\sdk\10.0.201\Microsoft.Common.CurrentVersion.targets(2451,5): warning MSB3277:             C:\Users\ultra\warewolf\Dev\Warewolf.Studio.CustomControls\bin\Debug\net8.0\Warewolf.Studio.CustomControls.dll [C:\Users\ultra\warewolf\Dev\Warewolf.Studio.Views\Warewolf.Studio.Views.csproj]
C:\Program Files\dotnet\sdk\10.0.201\Microsoft.Common.CurrentVersion.targets(2451,5): warning MSB3277:             C:\Users\ultra\warewolf\Dev\Dev2.Services.Execution\bin\Debug\net8.0\Dev2.Services.Execution.dll [C:\Users\ultra\warewolf\Dev\Warewolf.Studio.Views\Warewolf.Studio.Views.csproj]
C:\Program Files\dotnet\sdk\10.0.201\Microsoft.Common.CurrentVersion.targets(2451,5): warning MSB3277:             C:\Users\ultra\warewolf\Dev\Dev2.Services.Sql\bin\Debug\net8.0\Dev2.Services.Sql.dll [C:\Users\ultra\warewolf\Dev\Warewolf.Studio.Views\Warewolf.Studio.Views.csproj]
C:\Program Files\dotnet\sdk\10.0.201\Microsoft.Common.CurrentVersion.targets(2451,5): warning MSB3277:             C:\Users\ultra\warewolf\Dev\Warewolf.Studio.Models\bin\Debug\net8.0\Warewolf.Studio.Models.dll [C:\Users\ultra\warewolf\Dev\Warewolf.Studio.Views\Warewolf.Studio.Views.csproj]
C:\Program Files\dotnet\sdk\10.0.201\Microsoft.Common.CurrentVersion.targets(2451,5): warning MSB3277:             C:\Users\ultra\.nuget\packages\prism.wpf\9.0.537\lib\net462\Prism.Wpf.dll [C:\Users\ultra\warewolf\Dev\Warewolf.Studio.Views\Warewolf.Studio.Views.csproj]
C:\Program Files\dotnet\sdk\10.0.201\Microsoft.Common.CurrentVersion.targets(2451,5): warning MSB3277:             C:\Users\ultra\.nuget\packages\reactiveui.wpf\18.4.1\lib\net462\ReactiveUI.Wpf.dll [C:\Users\ultra\warewolf\Dev\Warewolf.Studio.Views\Warewolf.Studio.Views.csproj]
C:\Program Files\dotnet\sdk\10.0.201\Microsoft.Common.CurrentVersion.targets(2451,5): warning MSB3277:             C:\Users\ultra\.nuget\packages\taskschedulereditor\2.10.1\lib\net452\Microsoft.Win32.TaskSchedulerEditor.dll [C:\Users\ultra\warewolf\Dev\Warewolf.Studio.Views\Warewolf.Studio.Views.csproj]
C:\Program Files\dotnet\sdk\10.0.201\Microsoft.Common.CurrentVersion.targets(2451,5): warning MSB3277:             C:\Users\ultra\.nuget\packages\ttcue.netcore.sharepointonline.csom.16.1.8029.1200\16.1.8029.1200\lib\netcoreapp2.0\Microsoft.SharePoint.Client.Runtime.Windows.dll [C:\Users\ultra\warewolf\Dev\Warewolf.Studio.Views\Warewolf.Studio.Views.csproj]
C:\Program Files\dotnet\sdk\10.0.201\Microsoft.Common.CurrentVersion.targets(2451,5): warning MSB3277:             C:\Users\ultra\.nuget\packages\unofficial.microsoft.mshtml\7.0.3300\lib\net40\Microsoft.mshtml.dll [C:\Users\ultra\warewolf\Dev\Warewolf.Studio.Views\Warewolf.Studio.Views.csproj]
C:\Program Files\dotnet\sdk\10.0.201\Microsoft.Common.CurrentVersion.targets(2451,5): warning MSB3277:         C:\Users\ultra\warewolf\Dev\Dev2.Development.Languages\bin\Debug\net8.0\IronRuby.dll [C:\Users\ultra\warewolf\Dev\Warewolf.Studio.Views\Warewolf.Studio.Views.csproj]
C:\Program Files\dotnet\sdk\10.0.201\Microsoft.Common.CurrentVersion.targets(2451,5): warning MSB3277:           Project file item includes which caused reference "C:\Users\ultra\warewolf\Dev\Dev2.Development.Languages\bin\Debug\net8.0\IronRuby.dll". [C:\Users\ultra\warewolf\Dev\Warewolf.Studio.Views\Warewolf.Studio.Views.csproj]
C:\Program Files\dotnet\sdk\10.0.201\Microsoft.Common.CurrentVersion.targets(2451,5): warning MSB3277:             C:\Users\ultra\warewolf\Dev\Dev2.Development.Languages\bin\Debug\net8.0\Dev2.Development.Languages.dll [C:\Users\ultra\warewolf\Dev\Warewolf.Studio.Views\Warewolf.Studio.Views.csproj]
C:\Program Files\dotnet\sdk\10.0.201\Microsoft.Common.CurrentVersion.targets(2451,5): warning MSB3277:             C:\Users\ultra\warewolf\Dev\Dev2.Activities\bin\Debug\net8.0\Dev2.Activities.dll [C:\Users\ultra\warewolf\Dev\Warewolf.Studio.Views\Warewolf.Studio.Views.csproj]
C:\Program Files\dotnet\sdk\10.0.201\Microsoft.Common.CurrentVersion.targets(2451,5): warning MSB3277:             C:\Users\ultra\warewolf\Dev\Dev2.Studio.Core\bin\Debug\net8.0\Dev2.Studio.Core.dll [C:\Users\ultra\warewolf\Dev\Warewolf.Studio.Views\Warewolf.Studio.Views.csproj]
C:\Program Files\dotnet\sdk\10.0.201\Microsoft.Common.CurrentVersion.targets(2451,5): warning MSB3277:             C:\Users\ultra\warewolf\Dev\Dev2.Intellisense\bin\Debug\net8.0\Dev2.Intellisense.dll [C:\Users\ultra\warewolf\Dev\Warewolf.Studio.Views\Warewolf.Studio.Views.csproj]
C:\Program Files\dotnet\sdk\10.0.201\Microsoft.Common.CurrentVersion.targets(2451,5): warning MSB3277:             C:\Users\ultra\warewolf\Dev\Warewolf.Studio.ViewModels\bin\Debug\net8.0\Warewolf.Studio.ViewModels.dll [C:\Users\ultra\warewolf\Dev\Warewolf.Studio.Views\Warewolf.Studio.Views.csproj]
C:\Program Files\dotnet\sdk\10.0.201\Microsoft.Common.CurrentVersion.targets(2451,5): warning MSB3277:         C:\Users\ultra\warewolf\Dev\Dev2.Development.Languages\bin\Debug\net8.0\IronRuby.Libraries.dll [C:\Users\ultra\warewolf\Dev\Warewolf.Studio.Views\Warewolf.Studio.Views.csproj]
C:\Program Files\dotnet\sdk\10.0.201\Microsoft.Common.CurrentVersion.targets(2451,5): warning MSB3277:           Project file item includes which caused reference "C:\Users\ultra\warewolf\Dev\Dev2.Development.Languages\bin\Debug\net8.0\IronRuby.Libraries.dll". [C:\Users\ultra\warewolf\Dev\Warewolf.Studio.Views\Warewolf.Studio.Views.csproj]
C:\Program Files\dotnet\sdk\10.0.201\Microsoft.Common.CurrentVersion.targets(2451,5): warning MSB3277:             C:\Users\ultra\warewolf\Dev\Dev2.Development.Languages\bin\Debug\net8.0\Dev2.Development.Languages.dll [C:\Users\ultra\warewolf\Dev\Warewolf.Studio.Views\Warewolf.Studio.Views.csproj]
C:\Program Files\dotnet\sdk\10.0.201\Microsoft.Common.CurrentVersion.targets(2451,5): warning MSB3277:             C:\Users\ultra\warewolf\Dev\Dev2.Activities\bin\Debug\net8.0\Dev2.Activities.dll [C:\Users\ultra\warewolf\Dev\Warewolf.Studio.Views\Warewolf.Studio.Views.csproj]
C:\Program Files\dotnet\sdk\10.0.201\Microsoft.Common.CurrentVersion.targets(2451,5): warning MSB3277:             C:\Users\ultra\warewolf\Dev\Dev2.Studio.Core\bin\Debug\net8.0\Dev2.Studio.Core.dll [C:\Users\ultra\warewolf\Dev\Warewolf.Studio.Views\Warewolf.Studio.Views.csproj]
C:\Program Files\dotnet\sdk\10.0.201\Microsoft.Common.CurrentVersion.targets(2451,5): warning MSB3277:             C:\Users\ultra\warewolf\Dev\Dev2.Intellisense\bin\Debug\net8.0\Dev2.Intellisense.dll [C:\Users\ultra\warewolf\Dev\Warewolf.Studio.Views\Warewolf.Studio.Views.csproj]
C:\Program Files\dotnet\sdk\10.0.201\Microsoft.Common.CurrentVersion.targets(2451,5): warning MSB3277:             C:\Users\ultra\warewolf\Dev\Warewolf.Studio.ViewModels\bin\Debug\net8.0\Warewolf.Studio.ViewModels.dll [C:\Users\ultra\warewolf\Dev\Warewolf.Studio.Views\Warewolf.Studio.Views.csproj]
C:\Program Files\dotnet\sdk\10.0.201\Microsoft.Common.CurrentVersion.targets(2451,5): warning MSB3277: Found conflicts between different versions of "WindowsBase" that could not be resolved. [C:\Users\ultra\warewolf\Dev\Warewolf.Studio.Views\Warewolf.Studio.Views.csproj]
C:\Program Files\dotnet\sdk\10.0.201\Microsoft.Common.CurrentVersion.targets(2451,5): warning MSB3277: There was a conflict between "WindowsBase, Version=4.0.0.0, Culture=neutral, PublicKeyToken=31bf3856ad364e35" and "WindowsBase, Version=6.0.2.0, Culture=neutral, PublicKeyToken=31bf3856ad364e35". [C:\Users\ultra\warewolf\Dev\Warewolf.Studio.Views\Warewolf.Studio.Views.csproj]
C:\Program Files\dotnet\sdk\10.0.201\Microsoft.Common.CurrentVersion.targets(2451,5): warning MSB3277:     "WindowsBase, Version=4.0.0.0, Culture=neutral, PublicKeyToken=31bf3856ad364e35" was chosen because it was primary and "WindowsBase, Version=6.0.2.0, Culture=neutral, PublicKeyToken=31bf3856ad364e35" was not. [C:\Users\ultra\warewolf\Dev\Warewolf.Studio.Views\Warewolf.Studio.Views.csproj]
C:\Program Files\dotnet\sdk\10.0.201\Microsoft.Common.CurrentVersion.targets(2451,5): warning MSB3277:     References which depend on "WindowsBase, Version=4.0.0.0, Culture=neutral, PublicKeyToken=31bf3856ad364e35" [C:\Program Files\dotnet\packs\Microsoft.NETCore.App.Ref\8.0.25\ref\net8.0\WindowsBase.dll]. [C:\Users\ultra\warewolf\Dev\Warewolf.Studio.Views\Warewolf.Studio.Views.csproj]
C:\Program Files\dotnet\sdk\10.0.201\Microsoft.Common.CurrentVersion.targets(2451,5): warning MSB3277:         C:\Program Files\dotnet\packs\Microsoft.NETCore.App.Ref\8.0.25\ref\net8.0\WindowsBase.dll [C:\Users\ultra\warewolf\Dev\Warewolf.Studio.Views\Warewolf.Studio.Views.csproj]
C:\Program Files\dotnet\sdk\10.0.201\Microsoft.Common.CurrentVersion.targets(2451,5): warning MSB3277:           Project file item includes which caused reference "C:\Program Files\dotnet\packs\Microsoft.NETCore.App.Ref\8.0.25\ref\net8.0\WindowsBase.dll". [C:\Users\ultra\warewolf\Dev\Warewolf.Studio.Views\Warewolf.Studio.Views.csproj]
C:\Program Files\dotnet\sdk\10.0.201\Microsoft.Common.CurrentVersion.targets(2451,5): warning MSB3277:             C:\Program Files\dotnet\packs\Microsoft.NETCore.App.Ref\8.0.25\ref/net8.0/WindowsBase.dll [C:\Users\ultra\warewolf\Dev\Warewolf.Studio.Views\Warewolf.Studio.Views.csproj]
C:\Program Files\dotnet\sdk\10.0.201\Microsoft.Common.CurrentVersion.targets(2451,5): warning MSB3277:     References which depend on or have been unified to "WindowsBase, Version=6.0.2.0, Culture=neutral, PublicKeyToken=31bf3856ad364e35" []. [C:\Users\ultra\warewolf\Dev\Warewolf.Studio.Views\Warewolf.Studio.Views.csproj]
C:\Program Files\dotnet\sdk\10.0.201\Microsoft.Common.CurrentVersion.targets(2451,5): warning MSB3277:         C:\Users\ultra\warewolf\Dev\Binaries\Infragistcs_Net6\InfragisticsWPF4.Controls.Editors.XamComboEditor.v15.1.dll [C:\Users\ultra\warewolf\Dev\Warewolf.Studio.Views\Warewolf.Studio.Views.csproj]
C:\Program Files\dotnet\sdk\10.0.201\Microsoft.Common.CurrentVersion.targets(2451,5): warning MSB3277:           Project file item includes which caused reference "C:\Users\ultra\warewolf\Dev\Binaries\Infragistcs_Net6\InfragisticsWPF4.Controls.Editors.XamComboEditor.v15.1.dll". [C:\Users\ultra\warewolf\Dev\Warewolf.Studio.Views\Warewolf.Studio.Views.csproj]
C:\Program Files\dotnet\sdk\10.0.201\Microsoft.Common.CurrentVersion.targets(2451,5): warning MSB3277:             InfragisticsWPF4.Controls.Editors.XamComboEditor.v15.1 [C:\Users\ultra\warewolf\Dev\Warewolf.Studio.Views\Warewolf.Studio.Views.csproj]
C:\Program Files\dotnet\sdk\10.0.201\Microsoft.Common.CurrentVersion.targets(2451,5): warning MSB3277:         C:\Users\ultra\warewolf\Dev\Binaries\Infragistcs_Net6\InfragisticsWPF4.Controls.Editors.XamRichTextEditor.v15.1.dll [C:\Users\ultra\warewolf\Dev\Warewolf.Studio.Views\Warewolf.Studio.Views.csproj]
C:\Program Files\dotnet\sdk\10.0.201\Microsoft.Common.CurrentVersion.targets(2451,5): warning MSB3277:           Project file item includes which caused reference "C:\Users\ultra\warewolf\Dev\Binaries\Infragistcs_Net6\InfragisticsWPF4.Controls.Editors.XamRichTextEditor.v15.1.dll". [C:\Users\ultra\warewolf\Dev\Warewolf.Studio.Views\Warewolf.Studio.Views.csproj]
C:\Program Files\dotnet\sdk\10.0.201\Microsoft.Common.CurrentVersion.targets(2451,5): warning MSB3277:             InfragisticsWPF4.Controls.Editors.XamRichTextEditor.v15.1 [C:\Users\ultra\warewolf\Dev\Warewolf.Studio.Views\Warewolf.Studio.Views.csproj]
C:\Program Files\dotnet\sdk\10.0.201\Microsoft.Common.CurrentVersion.targets(2451,5): warning MSB3277:         C:\Users\ultra\warewolf\Dev\Binaries\Infragistcs_Net6\InfragisticsWPF4.Controls.Grids.XamGrid.v15.1.dll [C:\Users\ultra\warewolf\Dev\Warewolf.Studio.Views\Warewolf.Studio.Views.csproj]
C:\Program Files\dotnet\sdk\10.0.201\Microsoft.Common.CurrentVersion.targets(2451,5): warning MSB3277:           Project file item includes which caused reference "C:\Users\ultra\warewolf\Dev\Binaries\Infragistcs_Net6\InfragisticsWPF4.Controls.Grids.XamGrid.v15.1.dll". [C:\Users\ultra\warewolf\Dev\Warewolf.Studio.Views\Warewolf.Studio.Views.csproj]
C:\Program Files\dotnet\sdk\10.0.201\Microsoft.Common.CurrentVersion.targets(2451,5): warning MSB3277:             InfragisticsWPF4.Controls.Grids.XamGrid.v15.1 [C:\Users\ultra\warewolf\Dev\Warewolf.Studio.Views\Warewolf.Studio.Views.csproj]
C:\Program Files\dotnet\sdk\10.0.201\Microsoft.Common.CurrentVersion.targets(2451,5): warning MSB3277:         C:\Users\ultra\warewolf\Dev\Binaries\Infragistcs_Net6\InfragisticsWPF4.Controls.Interactions.XamDialogWindow.v15.1.dll [C:\Users\ultra\warewolf\Dev\Warewolf.Studio.Views\Warewolf.Studio.Views.csproj]
C:\Program Files\dotnet\sdk\10.0.201\Microsoft.Common.CurrentVersion.targets(2451,5): warning MSB3277:           Project file item includes which caused reference "C:\Users\ultra\warewolf\Dev\Binaries\Infragistcs_Net6\InfragisticsWPF4.Controls.Interactions.XamDialogWindow.v15.1.dll". [C:\Users\ultra\warewolf\Dev\Warewolf.Studio.Views\Warewolf.Studio.Views.csproj]
C:\Program Files\dotnet\sdk\10.0.201\Microsoft.Common.CurrentVersion.targets(2451,5): warning MSB3277:             InfragisticsWPF4.Controls.Interactions.XamDialogWindow.v15.1 [C:\Users\ultra\warewolf\Dev\Warewolf.Studio.Views\Warewolf.Studio.Views.csproj]
C:\Program Files\dotnet\sdk\10.0.201\Microsoft.Common.CurrentVersion.targets(2451,5): warning MSB3277:         C:\Users\ultra\warewolf\Dev\Binaries\Infragistcs_Net6\InfragisticsWPF4.Controls.Menus.XamDataTree.v15.1.dll [C:\Users\ultra\warewolf\Dev\Warewolf.Studio.Views\Warewolf.Studio.Views.csproj]
C:\Program Files\dotnet\sdk\10.0.201\Microsoft.Common.CurrentVersion.targets(2451,5): warning MSB3277:           Project file item includes which caused reference "C:\Users\ultra\warewolf\Dev\Binaries\Infragistcs_Net6\InfragisticsWPF4.Controls.Menus.XamDataTree.v15.1.dll". [C:\Users\ultra\warewolf\Dev\Warewolf.Studio.Views\Warewolf.Studio.Views.csproj]
C:\Program Files\dotnet\sdk\10.0.201\Microsoft.Common.CurrentVersion.targets(2451,5): warning MSB3277:             InfragisticsWPF4.Controls.Menus.XamDataTree.v15.1 [C:\Users\ultra\warewolf\Dev\Warewolf.Studio.Views\Warewolf.Studio.Views.csproj]
C:\Program Files\dotnet\sdk\10.0.201\Microsoft.Common.CurrentVersion.targets(2451,5): warning MSB3277:         C:\Users\ultra\warewolf\Dev\Binaries\Infragistcs_Net6\InfragisticsWPF4.Controls.Menus.XamMenu.v15.1.dll [C:\Users\ultra\warewolf\Dev\Warewolf.Studio.Views\Warewolf.Studio.Views.csproj]
C:\Program Files\dotnet\sdk\10.0.201\Microsoft.Common.CurrentVersion.targets(2451,5): warning MSB3277:           Project file item includes which caused reference "C:\Users\ultra\warewolf\Dev\Binaries\Infragistcs_Net6\InfragisticsWPF4.Controls.Menus.XamMenu.v15.1.dll". [C:\Users\ultra\warewolf\Dev\Warewolf.Studio.Views\Warewolf.Studio.Views.csproj]
C:\Program Files\dotnet\sdk\10.0.201\Microsoft.Common.CurrentVersion.targets(2451,5): warning MSB3277:             InfragisticsWPF4.Controls.Menus.XamMenu.v15.1 [C:\Users\ultra\warewolf\Dev\Warewolf.Studio.Views\Warewolf.Studio.Views.csproj]
C:\Program Files\dotnet\sdk\10.0.201\Microsoft.Common.CurrentVersion.targets(2451,5): warning MSB3277:             InfragisticsWPF4.Controls.Editors.XamRichTextEditor.v15.1 [C:\Users\ultra\warewolf\Dev\Warewolf.Studio.Views\Warewolf.Studio.Views.csproj]
C:\Program Files\dotnet\sdk\10.0.201\Microsoft.Common.CurrentVersion.targets(2451,5): warning MSB3277:             InfragisticsWPF4.Controls.Grids.XamGrid.v15.1 [C:\Users\ultra\warewolf\Dev\Warewolf.Studio.Views\Warewolf.Studio.Views.csproj]
C:\Program Files\dotnet\sdk\10.0.201\Microsoft.Common.CurrentVersion.targets(2451,5): warning MSB3277:         C:\Users\ultra\warewolf\Dev\Binaries\Infragistcs_Net6\InfragisticsWPF4.DataManager.v15.1.dll [C:\Users\ultra\warewolf\Dev\Warewolf.Studio.Views\Warewolf.Studio.Views.csproj]
C:\Program Files\dotnet\sdk\10.0.201\Microsoft.Common.CurrentVersion.targets(2451,5): warning MSB3277:           Project file item includes which caused reference "C:\Users\ultra\warewolf\Dev\Binaries\Infragistcs_Net6\InfragisticsWPF4.DataManager.v15.1.dll". [C:\Users\ultra\warewolf\Dev\Warewolf.Studio.Views\Warewolf.Studio.Views.csproj]
C:\Program Files\dotnet\sdk\10.0.201\Microsoft.Common.CurrentVersion.targets(2451,5): warning MSB3277:             InfragisticsWPF4.DataManager.v15.1 [C:\Users\ultra\warewolf\Dev\Warewolf.Studio.Views\Warewolf.Studio.Views.csproj]
C:\Program Files\dotnet\sdk\10.0.201\Microsoft.Common.CurrentVersion.targets(2451,5): warning MSB3277:             InfragisticsWPF4.Controls.Editors.XamComboEditor.v15.1 [C:\Users\ultra\warewolf\Dev\Warewolf.Studio.Views\Warewolf.Studio.Views.csproj]
C:\Program Files\dotnet\sdk\10.0.201\Microsoft.Common.CurrentVersion.targets(2451,5): warning MSB3277:             InfragisticsWPF4.Controls.Grids.XamGrid.v15.1 [C:\Users\ultra\warewolf\Dev\Warewolf.Studio.Views\Warewolf.Studio.Views.csproj]
C:\Program Files\dotnet\sdk\10.0.201\Microsoft.Common.CurrentVersion.targets(2451,5): warning MSB3277:             InfragisticsWPF4.Controls.Menus.XamDataTree.v15.1 [C:\Users\ultra\warewolf\Dev\Warewolf.Studio.Views\Warewolf.Studio.Views.csproj]
C:\Program Files\dotnet\sdk\10.0.201\Microsoft.Common.CurrentVersion.targets(2451,5): warning MSB3277:         C:\Users\ultra\warewolf\Dev\Binaries\Infragistcs_Net6\InfragisticsWPF4.DockManager.v15.1.dll [C:\Users\ultra\warewolf\Dev\Warewolf.Studio.Views\Warewolf.Studio.Views.csproj]
C:\Program Files\dotnet\sdk\10.0.201\Microsoft.Common.CurrentVersion.targets(2451,5): warning MSB3277:           Project file item includes which caused reference "C:\Users\ultra\warewolf\Dev\Binaries\Infragistcs_Net6\InfragisticsWPF4.DockManager.v15.1.dll". [C:\Users\ultra\warewolf\Dev\Warewolf.Studio.Views\Warewolf.Studio.Views.csproj]
C:\Program Files\dotnet\sdk\10.0.201\Microsoft.Common.CurrentVersion.targets(2451,5): warning MSB3277:             InfragisticsWPF4.DockManager.v15.1 [C:\Users\ultra\warewolf\Dev\Warewolf.Studio.Views\Warewolf.Studio.Views.csproj]
C:\Program Files\dotnet\sdk\10.0.201\Microsoft.Common.CurrentVersion.targets(2451,5): warning MSB3277:         C:\Users\ultra\warewolf\Dev\Binaries\Infragistcs_Net6\InfragisticsWPF4.Documents.RichTextDocument.Html.v15.1.dll [C:\Users\ultra\warewolf\Dev\Warewolf.Studio.Views\Warewolf.Studio.Views.csproj]
C:\Program Files\dotnet\sdk\10.0.201\Microsoft.Common.CurrentVersion.targets(2451,5): warning MSB3277:           Project file item includes which caused reference "C:\Users\ultra\warewolf\Dev\Binaries\Infragistcs_Net6\InfragisticsWPF4.Documents.RichTextDocument.Html.v15.1.dll". [C:\Users\ultra\warewolf\Dev\Warewolf.Studio.Views\Warewolf.Studio.Views.csproj]
C:\Program Files\dotnet\sdk\10.0.201\Microsoft.Common.CurrentVersion.targets(2451,5): warning MSB3277:             InfragisticsWPF4.Documents.RichTextDocument.Html.v15.1 [C:\Users\ultra\warewolf\Dev\Warewolf.Studio.Views\Warewolf.Studio.Views.csproj]
C:\Program Files\dotnet\sdk\10.0.201\Microsoft.Common.CurrentVersion.targets(2451,5): warning MSB3277:         C:\Users\ultra\warewolf\Dev\Binaries\Infragistcs_Net6\InfragisticsWPF4.Documents.RichTextDocument.v15.1.dll [C:\Users\ultra\warewolf\Dev\Warewolf.Studio.Views\Warewolf.Studio.Views.csproj]
C:\Program Files\dotnet\sdk\10.0.201\Microsoft.Common.CurrentVersion.targets(2451,5): warning MSB3277:           Project file item includes which caused reference "C:\Users\ultra\warewolf\Dev\Binaries\Infragistcs_Net6\InfragisticsWPF4.Documents.RichTextDocument.v15.1.dll". [C:\Users\ultra\warewolf\Dev\Warewolf.Studio.Views\Warewolf.Studio.Views.csproj]
C:\Program Files\dotnet\sdk\10.0.201\Microsoft.Common.CurrentVersion.targets(2451,5): warning MSB3277:             InfragisticsWPF4.Documents.RichTextDocument.v15.1 [C:\Users\ultra\warewolf\Dev\Warewolf.Studio.Views\Warewolf.Studio.Views.csproj]
C:\Program Files\dotnet\sdk\10.0.201\Microsoft.Common.CurrentVersion.targets(2451,5): warning MSB3277:             InfragisticsWPF4.Controls.Editors.XamRichTextEditor.v15.1 [C:\Users\ultra\warewolf\Dev\Warewolf.Studio.Views\Warewolf.Studio.Views.csproj]
C:\Program Files\dotnet\sdk\10.0.201\Microsoft.Common.CurrentVersion.targets(2451,5): warning MSB3277:             InfragisticsWPF4.Documents.RichTextDocument.Html.v15.1 [C:\Users\ultra\warewolf\Dev\Warewolf.Studio.Views\Warewolf.Studio.Views.csproj]
C:\Program Files\dotnet\sdk\10.0.201\Microsoft.Common.CurrentVersion.targets(2451,5): warning MSB3277:         C:\Users\ultra\warewolf\Dev\Binaries\Infragistcs_Net6\InfragisticsWPF4.DragDrop.v15.1.dll [C:\Users\ultra\warewolf\Dev\Warewolf.Studio.Views\Warewolf.Studio.Views.csproj]
C:\Program Files\dotnet\sdk\10.0.201\Microsoft.Common.CurrentVersion.targets(2451,5): warning MSB3277:           Project file item includes which caused reference "C:\Users\ultra\warewolf\Dev\Binaries\Infragistcs_Net6\InfragisticsWPF4.DragDrop.v15.1.dll". [C:\Users\ultra\warewolf\Dev\Warewolf.Studio.Views\Warewolf.Studio.Views.csproj]
C:\Program Files\dotnet\sdk\10.0.201\Microsoft.Common.CurrentVersion.targets(2451,5): warning MSB3277:             InfragisticsWPF4.DragDrop.v15.1 [C:\Users\ultra\warewolf\Dev\Warewolf.Studio.Views\Warewolf.Studio.Views.csproj]
C:\Program Files\dotnet\sdk\10.0.201\Microsoft.Common.CurrentVersion.targets(2451,5): warning MSB3277:             InfragisticsWPF4.Controls.Menus.XamDataTree.v15.1 [C:\Users\ultra\warewolf\Dev\Warewolf.Studio.Views\Warewolf.Studio.Views.csproj]
C:\Program Files\dotnet\sdk\10.0.201\Microsoft.Common.CurrentVersion.targets(2451,5): warning MSB3277:         C:\Users\ultra\warewolf\Dev\Binaries\Infragistcs_Net6\InfragisticsWPF4.Editors.v15.1.dll [C:\Users\ultra\warewolf\Dev\Warewolf.Studio.Views\Warewolf.Studio.Views.csproj]
C:\Program Files\dotnet\sdk\10.0.201\Microsoft.Common.CurrentVersion.targets(2451,5): warning MSB3277:           Project file item includes which caused reference "C:\Users\ultra\warewolf\Dev\Binaries\Infragistcs_Net6\InfragisticsWPF4.Editors.v15.1.dll". [C:\Users\ultra\warewolf\Dev\Warewolf.Studio.Views\Warewolf.Studio.Views.csproj]
C:\Program Files\dotnet\sdk\10.0.201\Microsoft.Common.CurrentVersion.targets(2451,5): warning MSB3277:             InfragisticsWPF4.Editors.v15.1 [C:\Users\ultra\warewolf\Dev\Warewolf.Studio.Views\Warewolf.Studio.Views.csproj]
C:\Program Files\dotnet\sdk\10.0.201\Microsoft.Common.CurrentVersion.targets(2451,5): warning MSB3277:         C:\Users\ultra\warewolf\Dev\Binaries\Infragistcs_Net6\InfragisticsWPF4.v15.1.dll [C:\Users\ultra\warewolf\Dev\Warewolf.Studio.Views\Warewolf.Studio.Views.csproj]
C:\Program Files\dotnet\sdk\10.0.201\Microsoft.Common.CurrentVersion.targets(2451,5): warning MSB3277:           Project file item includes which caused reference "C:\Users\ultra\warewolf\Dev\Binaries\Infragistcs_Net6\InfragisticsWPF4.v15.1.dll". [C:\Users\ultra\warewolf\Dev\Warewolf.Studio.Views\Warewolf.Studio.Views.csproj]
C:\Program Files\dotnet\sdk\10.0.201\Microsoft.Common.CurrentVersion.targets(2451,5): warning MSB3277:             InfragisticsWPF4.v15.1 [C:\Users\ultra\warewolf\Dev\Warewolf.Studio.Views\Warewolf.Studio.Views.csproj]
C:\Program Files\dotnet\sdk\10.0.201\Microsoft.Common.CurrentVersion.targets(2451,5): warning MSB3277:             InfragisticsWPF4.Controls.Editors.XamComboEditor.v15.1 [C:\Users\ultra\warewolf\Dev\Warewolf.Studio.Views\Warewolf.Studio.Views.csproj]
C:\Program Files\dotnet\sdk\10.0.201\Microsoft.Common.CurrentVersion.targets(2451,5): warning MSB3277:             InfragisticsWPF4.Controls.Editors.XamRichTextEditor.v15.1 [C:\Users\ultra\warewolf\Dev\Warewolf.Studio.Views\Warewolf.Studio.Views.csproj]
C:\Program Files\dotnet\sdk\10.0.201\Microsoft.Common.CurrentVersion.targets(2451,5): warning MSB3277:             InfragisticsWPF4.Controls.Grids.XamGrid.v15.1 [C:\Users\ultra\warewolf\Dev\Warewolf.Studio.Views\Warewolf.Studio.Views.csproj]
C:\Program Files\dotnet\sdk\10.0.201\Microsoft.Common.CurrentVersion.targets(2451,5): warning MSB3277:             InfragisticsWPF4.Controls.Interactions.XamDialogWindow.v15.1 [C:\Users\ultra\warewolf\Dev\Warewolf.Studio.Views\Warewolf.Studio.Views.csproj]
C:\Program Files\dotnet\sdk\10.0.201\Microsoft.Common.CurrentVersion.targets(2451,5): warning MSB3277:             InfragisticsWPF4.Controls.Menus.XamDataTree.v15.1 [C:\Users\ultra\warewolf\Dev\Warewolf.Studio.Views\Warewolf.Studio.Views.csproj]
C:\Program Files\dotnet\sdk\10.0.201\Microsoft.Common.CurrentVersion.targets(2451,5): warning MSB3277:             InfragisticsWPF4.Controls.Menus.XamMenu.v15.1 [C:\Users\ultra\warewolf\Dev\Warewolf.Studio.Views\Warewolf.Studio.Views.csproj]
C:\Program Files\dotnet\sdk\10.0.201\Microsoft.Common.CurrentVersion.targets(2451,5): warning MSB3277:             InfragisticsWPF4.DataManager.v15.1 [C:\Users\ultra\warewolf\Dev\Warewolf.Studio.Views\Warewolf.Studio.Views.csproj]
C:\Program Files\dotnet\sdk\10.0.201\Microsoft.Common.CurrentVersion.targets(2451,5): warning MSB3277:             InfragisticsWPF4.DockManager.v15.1 [C:\Users\ultra\warewolf\Dev\Warewolf.Studio.Views\Warewolf.Studio.Views.csproj]
C:\Program Files\dotnet\sdk\10.0.201\Microsoft.Common.CurrentVersion.targets(2451,5): warning MSB3277:             InfragisticsWPF4.Documents.RichTextDocument.Html.v15.1 [C:\Users\ultra\warewolf\Dev\Warewolf.Studio.Views\Warewolf.Studio.Views.csproj]
C:\Program Files\dotnet\sdk\10.0.201\Microsoft.Common.CurrentVersion.targets(2451,5): warning MSB3277:             InfragisticsWPF4.Documents.RichTextDocument.v15.1 [C:\Users\ultra\warewolf\Dev\Warewolf.Studio.Views\Warewolf.Studio.Views.csproj]
C:\Program Files\dotnet\sdk\10.0.201\Microsoft.Common.CurrentVersion.targets(2451,5): warning MSB3277:             InfragisticsWPF4.Editors.v15.1 [C:\Users\ultra\warewolf\Dev\Warewolf.Studio.Views\Warewolf.Studio.Views.csproj]
C:\Program Files\dotnet\sdk\10.0.201\Microsoft.Common.CurrentVersion.targets(2451,5): warning MSB3277:         C:\Users\ultra\.nuget\packages\caliburn.micro\4.0.212\lib\netcoreapp3.1\Caliburn.Micro.Platform.dll [C:\Users\ultra\warewolf\Dev\Warewolf.Studio.Views\Warewolf.Studio.Views.csproj]
C:\Program Files\dotnet\sdk\10.0.201\Microsoft.Common.CurrentVersion.targets(2451,5): warning MSB3277:           Project file item includes which caused reference "C:\Users\ultra\.nuget\packages\caliburn.micro\4.0.212\lib\netcoreapp3.1\Caliburn.Micro.Platform.dll". [C:\Users\ultra\warewolf\Dev\Warewolf.Studio.Views\Warewolf.Studio.Views.csproj]
C:\Program Files\dotnet\sdk\10.0.201\Microsoft.Common.CurrentVersion.targets(2451,5): warning MSB3277:             C:\Users\ultra\.nuget\packages\caliburn.micro\4.0.212\lib\netcoreapp3.1\Caliburn.Micro.Platform.dll [C:\Users\ultra\warewolf\Dev\Warewolf.Studio.Views\Warewolf.Studio.Views.csproj]
C:\Program Files\dotnet\sdk\10.0.201\Microsoft.Common.CurrentVersion.targets(2451,5): warning MSB3277:         C:\Users\ultra\.nuget\packages\extended.wpf.toolkit\4.4.0\lib\net5.0\Xceed.Wpf.AvalonDock.NET5.dll [C:\Users\ultra\warewolf\Dev\Warewolf.Studio.Views\Warewolf.Studio.Views.csproj]
C:\Program Files\dotnet\sdk\10.0.201\Microsoft.Common.CurrentVersion.targets(2451,5): warning MSB3277:           Project file item includes which caused reference "C:\Users\ultra\.nuget\packages\extended.wpf.toolkit\4.4.0\lib\net5.0\Xceed.Wpf.AvalonDock.NET5.dll". [C:\Users\ultra\warewolf\Dev\Warewolf.Studio.Views\Warewolf.Studio.Views.csproj]
C:\Program Files\dotnet\sdk\10.0.201\Microsoft.Common.CurrentVersion.targets(2451,5): warning MSB3277:             C:\Users\ultra\.nuget\packages\extended.wpf.toolkit\4.4.0\lib\net5.0\Xceed.Wpf.AvalonDock.NET5.dll [C:\Users\ultra\warewolf\Dev\Warewolf.Studio.Views\Warewolf.Studio.Views.csproj]
C:\Program Files\dotnet\sdk\10.0.201\Microsoft.Common.CurrentVersion.targets(2451,5): warning MSB3277:             C:\Users\ultra\.nuget\packages\extended.wpf.toolkit\4.4.0\lib\net5.0\Xceed.Wpf.AvalonDock.Themes.Aero.NET5.dll [C:\Users\ultra\warewolf\Dev\Warewolf.Studio.Views\Warewolf.Studio.Views.csproj]
C:\Program Files\dotnet\sdk\10.0.201\Microsoft.Common.CurrentVersion.targets(2451,5): warning MSB3277:             C:\Users\ultra\.nuget\packages\extended.wpf.toolkit\4.4.0\lib\net5.0\Xceed.Wpf.AvalonDock.Themes.Metro.NET5.dll [C:\Users\ultra\warewolf\Dev\Warewolf.Studio.Views\Warewolf.Studio.Views.csproj]
C:\Program Files\dotnet\sdk\10.0.201\Microsoft.Common.CurrentVersion.targets(2451,5): warning MSB3277:             C:\Users\ultra\.nuget\packages\extended.wpf.toolkit\4.4.0\lib\net5.0\Xceed.Wpf.AvalonDock.Themes.VS2010.NET5.dll [C:\Users\ultra\warewolf\Dev\Warewolf.Studio.Views\Warewolf.Studio.Views.csproj]
C:\Program Files\dotnet\sdk\10.0.201\Microsoft.Common.CurrentVersion.targets(2451,5): warning MSB3277:         C:\Users\ultra\.nuget\packages\extended.wpf.toolkit\4.4.0\lib\net5.0\Xceed.Wpf.AvalonDock.Themes.Aero.NET5.dll [C:\Users\ultra\warewolf\Dev\Warewolf.Studio.Views\Warewolf.Studio.Views.csproj]
C:\Program Files\dotnet\sdk\10.0.201\Microsoft.Common.CurrentVersion.targets(2451,5): warning MSB3277:           Project file item includes which caused reference "C:\Users\ultra\.nuget\packages\extended.wpf.toolkit\4.4.0\lib\net5.0\Xceed.Wpf.AvalonDock.Themes.Aero.NET5.dll". [C:\Users\ultra\warewolf\Dev\Warewolf.Studio.Views\Warewolf.Studio.Views.csproj]
C:\Program Files\dotnet\sdk\10.0.201\Microsoft.Common.CurrentVersion.targets(2451,5): warning MSB3277:             C:\Users\ultra\.nuget\packages\extended.wpf.toolkit\4.4.0\lib\net5.0\Xceed.Wpf.AvalonDock.Themes.Aero.NET5.dll [C:\Users\ultra\warewolf\Dev\Warewolf.Studio.Views\Warewolf.Studio.Views.csproj]
C:\Program Files\dotnet\sdk\10.0.201\Microsoft.Common.CurrentVersion.targets(2451,5): warning MSB3277:         C:\Users\ultra\.nuget\packages\extended.wpf.toolkit\4.4.0\lib\net5.0\Xceed.Wpf.Toolkit.NET5.dll [C:\Users\ultra\warewolf\Dev\Warewolf.Studio.Views\Warewolf.Studio.Views.csproj]
C:\Program Files\dotnet\sdk\10.0.201\Microsoft.Common.CurrentVersion.targets(2451,5): warning MSB3277:           Project file item includes which caused reference "C:\Users\ultra\.nuget\packages\extended.wpf.toolkit\4.4.0\lib\net5.0\Xceed.Wpf.Toolkit.NET5.dll". [C:\Users\ultra\warewolf\Dev\Warewolf.Studio.Views\Warewolf.Studio.Views.csproj]
C:\Program Files\dotnet\sdk\10.0.201\Microsoft.Common.CurrentVersion.targets(2451,5): warning MSB3277:             C:\Users\ultra\.nuget\packages\extended.wpf.toolkit\4.4.0\lib\net5.0\Xceed.Wpf.Toolkit.NET5.dll [C:\Users\ultra\warewolf\Dev\Warewolf.Studio.Views\Warewolf.Studio.Views.csproj]
C:\Program Files\dotnet\sdk\10.0.201\Microsoft.Common.CurrentVersion.targets(2451,5): warning MSB3277:         C:\Users\ultra\.nuget\packages\ironpython\3.4.0\lib\net6.0\IronPython.Wpf.dll [C:\Users\ultra\warewolf\Dev\Warewolf.Studio.Views\Warewolf.Studio.Views.csproj]
C:\Program Files\dotnet\sdk\10.0.201\Microsoft.Common.CurrentVersion.targets(2451,5): warning MSB3277:           Project file item includes which caused reference "C:\Users\ultra\.nuget\packages\ironpython\3.4.0\lib\net6.0\IronPython.Wpf.dll". [C:\Users\ultra\warewolf\Dev\Warewolf.Studio.Views\Warewolf.Studio.Views.csproj]
C:\Program Files\dotnet\sdk\10.0.201\Microsoft.Common.CurrentVersion.targets(2451,5): warning MSB3277:             C:\Users\ultra\.nuget\packages\ironpython\3.4.0\lib\net6.0\IronPython.Wpf.dll [C:\Users\ultra\warewolf\Dev\Warewolf.Studio.Views\Warewolf.Studio.Views.csproj]
C:\Program Files\dotnet\sdk\10.0.201\Microsoft.Common.CurrentVersion.targets(2451,5): warning MSB3277:         C:\Users\ultra\.nuget\packages\microsoft.xaml.behaviors.wpf\1.1.122\lib\net462\Microsoft.Xaml.Behaviors.dll [C:\Users\ultra\warewolf\Dev\Warewolf.Studio.Views\Warewolf.Studio.Views.csproj]
C:\Program Files\dotnet\sdk\10.0.201\Microsoft.Common.CurrentVersion.targets(2451,5): warning MSB3277:           Project file item includes which caused reference "C:\Users\ultra\.nuget\packages\microsoft.xaml.behaviors.wpf\1.1.122\lib\net462\Microsoft.Xaml.Behaviors.dll". [C:\Users\ultra\warewolf\Dev\Warewolf.Studio.Views\Warewolf.Studio.Views.csproj]
C:\Program Files\dotnet\sdk\10.0.201\Microsoft.Common.CurrentVersion.targets(2451,5): warning MSB3277:             C:\Users\ultra\.nuget\packages\microsoft.xaml.behaviors.wpf\1.1.122\lib\net462\Microsoft.Xaml.Behaviors.dll [C:\Users\ultra\warewolf\Dev\Warewolf.Studio.Views\Warewolf.Studio.Views.csproj]
C:\Program Files\dotnet\sdk\10.0.201\Microsoft.Common.CurrentVersion.targets(2451,5): warning MSB3277:             C:\Users\ultra\.nuget\packages\caliburn.micro\4.0.212\lib\netcoreapp3.1\Caliburn.Micro.Platform.dll [C:\Users\ultra\warewolf\Dev\Warewolf.Studio.Views\Warewolf.Studio.Views.csproj]
C:\Program Files\dotnet\sdk\10.0.201\Microsoft.Common.CurrentVersion.targets(2451,5): warning MSB3277:             C:\Users\ultra\.nuget\packages\prism.wpf\9.0.537\lib\net462\Prism.Wpf.dll [C:\Users\ultra\warewolf\Dev\Warewolf.Studio.Views\Warewolf.Studio.Views.csproj]
C:\Program Files\dotnet\sdk\10.0.201\Microsoft.Common.CurrentVersion.targets(2451,5): warning MSB3277:         C:\Users\ultra\.nuget\packages\prism.wpf\9.0.537\lib\net462\Prism.Wpf.dll [C:\Users\ultra\warewolf\Dev\Warewolf.Studio.Views\Warewolf.Studio.Views.csproj]
C:\Program Files\dotnet\sdk\10.0.201\Microsoft.Common.CurrentVersion.targets(2451,5): warning MSB3277:           Project file item includes which caused reference "C:\Users\ultra\.nuget\packages\prism.wpf\9.0.537\lib\net462\Prism.Wpf.dll". [C:\Users\ultra\warewolf\Dev\Warewolf.Studio.Views\Warewolf.Studio.Views.csproj]
C:\Program Files\dotnet\sdk\10.0.201\Microsoft.Common.CurrentVersion.targets(2451,5): warning MSB3277:             C:\Users\ultra\.nuget\packages\prism.wpf\9.0.537\lib\net462\Prism.Wpf.dll [C:\Users\ultra\warewolf\Dev\Warewolf.Studio.Views\Warewolf.Studio.Views.csproj]
C:\Program Files\dotnet\sdk\10.0.201\Microsoft.Common.CurrentVersion.targets(2451,5): warning MSB3277:         C:\Users\ultra\.nuget\packages\reactiveui.wpf\18.4.1\lib\net462\ReactiveUI.Wpf.dll [C:\Users\ultra\warewolf\Dev\Warewolf.Studio.Views\Warewolf.Studio.Views.csproj]
C:\Program Files\dotnet\sdk\10.0.201\Microsoft.Common.CurrentVersion.targets(2451,5): warning MSB3277:           Project file item includes which caused reference "C:\Users\ultra\.nuget\packages\reactiveui.wpf\18.4.1\lib\net462\ReactiveUI.Wpf.dll". [C:\Users\ultra\warewolf\Dev\Warewolf.Studio.Views\Warewolf.Studio.Views.csproj]
C:\Program Files\dotnet\sdk\10.0.201\Microsoft.Common.CurrentVersion.targets(2451,5): warning MSB3277:             C:\Users\ultra\.nuget\packages\reactiveui.wpf\18.4.1\lib\net462\ReactiveUI.Wpf.dll [C:\Users\ultra\warewolf\Dev\Warewolf.Studio.Views\Warewolf.Studio.Views.csproj]
C:\Program Files\dotnet\sdk\10.0.201\Microsoft.Common.CurrentVersion.targets(2451,5): warning MSB3277:         C:\Users\ultra\warewolf\Dev\Binaries\Infragistcs_Net6\InfragisticsWPF4.Undo.v15.1.dll [C:\Users\ultra\warewolf\Dev\Warewolf.Studio.Views\Warewolf.Studio.Views.csproj]
C:\Program Files\dotnet\sdk\10.0.201\Microsoft.Common.CurrentVersion.targets(2451,5): warning MSB3277:           Project file item includes which caused reference "C:\Users\ultra\warewolf\Dev\Binaries\Infragistcs_Net6\InfragisticsWPF4.Undo.v15.1.dll". [C:\Users\ultra\warewolf\Dev\Warewolf.Studio.Views\Warewolf.Studio.Views.csproj]
C:\Program Files\dotnet\sdk\10.0.201\Microsoft.Common.CurrentVersion.targets(2451,5): warning MSB3277:             InfragisticsWPF4.Controls.Editors.XamRichTextEditor.v15.1 [C:\Users\ultra\warewolf\Dev\Warewolf.Studio.Views\Warewolf.Studio.Views.csproj]
C:\Program Files\dotnet\sdk\10.0.201\Microsoft.Common.CurrentVersion.targets(2451,5): warning MSB3277:             InfragisticsWPF4.Documents.RichTextDocument.v15.1 [C:\Users\ultra\warewolf\Dev\Warewolf.Studio.Views\Warewolf.Studio.Views.csproj]
C:\Program Files\dotnet\sdk\10.0.201\Microsoft.Common.CurrentVersion.targets(2451,5): warning MSB3277:             InfragisticsWPF4.Documents.RichTextDocument.Html.v15.1 [C:\Users\ultra\warewolf\Dev\Warewolf.Studio.Views\Warewolf.Studio.Views.csproj]
C:\Program Files\dotnet\sdk\10.0.201\Microsoft.Common.CurrentVersion.targets(2451,5): warning MSB3277: Found conflicts between different versions of "System.IO.Packaging" that could not be resolved. [C:\Users\ultra\warewolf\Dev\Warewolf.Studio.Views\Warewolf.Studio.Views.csproj]
C:\Program Files\dotnet\sdk\10.0.201\Microsoft.Common.CurrentVersion.targets(2451,5): warning MSB3277: There was a conflict between "System.IO.Packaging, Version=6.0.0.0, Culture=neutral, PublicKeyToken=b03f5f7f11d50a3a" and "System.IO.Packaging, Version=7.0.0.0, Culture=neutral, PublicKeyToken=b03f5f7f11d50a3a". [C:\Users\ultra\warewolf\Dev\Warewolf.Studio.Views\Warewolf.Studio.Views.csproj]
C:\Program Files\dotnet\sdk\10.0.201\Microsoft.Common.CurrentVersion.targets(2451,5): warning MSB3277:     "System.IO.Packaging, Version=6.0.0.0, Culture=neutral, PublicKeyToken=b03f5f7f11d50a3a" was chosen because it was primary and "System.IO.Packaging, Version=7.0.0.0, Culture=neutral, PublicKeyToken=b03f5f7f11d50a3a" was not. [C:\Users\ultra\warewolf\Dev\Warewolf.Studio.Views\Warewolf.Studio.Views.csproj]
C:\Program Files\dotnet\sdk\10.0.201\Microsoft.Common.CurrentVersion.targets(2451,5): warning MSB3277:     References which depend on "System.IO.Packaging, Version=6.0.0.0, Culture=neutral, PublicKeyToken=b03f5f7f11d50a3a" [C:\Users\ultra\.nuget\packages\system.io.packaging\6.0.0\lib\net6.0\System.IO.Packaging.dll]. [C:\Users\ultra\warewolf\Dev\Warewolf.Studio.Views\Warewolf.Studio.Views.csproj]
C:\Program Files\dotnet\sdk\10.0.201\Microsoft.Common.CurrentVersion.targets(2451,5): warning MSB3277:         C:\Users\ultra\.nuget\packages\system.io.packaging\6.0.0\lib\net6.0\System.IO.Packaging.dll [C:\Users\ultra\warewolf\Dev\Warewolf.Studio.Views\Warewolf.Studio.Views.csproj]
C:\Program Files\dotnet\sdk\10.0.201\Microsoft.Common.CurrentVersion.targets(2451,5): warning MSB3277:           Project file item includes which caused reference "C:\Users\ultra\.nuget\packages\system.io.packaging\6.0.0\lib\net6.0\System.IO.Packaging.dll". [C:\Users\ultra\warewolf\Dev\Warewolf.Studio.Views\Warewolf.Studio.Views.csproj]
C:\Program Files\dotnet\sdk\10.0.201\Microsoft.Common.CurrentVersion.targets(2451,5): warning MSB3277:             C:\Users\ultra\.nuget\packages\system.io.packaging\6.0.0\lib\net6.0\System.IO.Packaging.dll [C:\Users\ultra\warewolf\Dev\Warewolf.Studio.Views\Warewolf.Studio.Views.csproj]
C:\Program Files\dotnet\sdk\10.0.201\Microsoft.Common.CurrentVersion.targets(2451,5): warning MSB3277:     References which depend on or have been unified to "System.IO.Packaging, Version=7.0.0.0, Culture=neutral, PublicKeyToken=b03f5f7f11d50a3a" []. [C:\Users\ultra\warewolf\Dev\Warewolf.Studio.Views\Warewolf.Studio.Views.csproj]
C:\Program Files\dotnet\sdk\10.0.201\Microsoft.Common.CurrentVersion.targets(2451,5): warning MSB3277:         C:\Users\ultra\warewolf\Dev\Binaries\Infragistcs_Net6\InfragisticsWPF4.Documents.RichTextDocument.v15.1.dll [C:\Users\ultra\warewolf\Dev\Warewolf.Studio.Views\Warewolf.Studio.Views.csproj]
C:\Program Files\dotnet\sdk\10.0.201\Microsoft.Common.CurrentVersion.targets(2451,5): warning MSB3277:           Project file item includes which caused reference "C:\Users\ultra\warewolf\Dev\Binaries\Infragistcs_Net6\InfragisticsWPF4.Documents.RichTextDocument.v15.1.dll". [C:\Users\ultra\warewolf\Dev\Warewolf.Studio.Views\Warewolf.Studio.Views.csproj]
C:\Program Files\dotnet\sdk\10.0.201\Microsoft.Common.CurrentVersion.targets(2451,5): warning MSB3277:             InfragisticsWPF4.Documents.RichTextDocument.v15.1 [C:\Users\ultra\warewolf\Dev\Warewolf.Studio.Views\Warewolf.Studio.Views.csproj]
C:\Program Files\dotnet\sdk\10.0.201\Microsoft.Common.CurrentVersion.targets(2451,5): warning MSB3277:             InfragisticsWPF4.Controls.Editors.XamRichTextEditor.v15.1 [C:\Users\ultra\warewolf\Dev\Warewolf.Studio.Views\Warewolf.Studio.Views.csproj]
C:\Program Files\dotnet\sdk\10.0.201\Microsoft.Common.CurrentVersion.targets(2451,5): warning MSB3277:             InfragisticsWPF4.Documents.RichTextDocument.Html.v15.1 [C:\Users\ultra\warewolf\Dev\Warewolf.Studio.Views\Warewolf.Studio.Views.csproj]
C:\Program Files\dotnet\sdk\10.0.201\Microsoft.Common.CurrentVersion.targets(2451,5): warning MSB3277:         C:\Program Files\dotnet\packs\Microsoft.NETCore.App.Ref\8.0.25\ref\net8.0\WindowsBase.dll [C:\Users\ultra\warewolf\Dev\Warewolf.Studio.Views\Warewolf.Studio.Views.csproj]
C:\Program Files\dotnet\sdk\10.0.201\Microsoft.Common.CurrentVersion.targets(2451,5): warning MSB3277:           Project file item includes which caused reference "C:\Program Files\dotnet\packs\Microsoft.NETCore.App.Ref\8.0.25\ref\net8.0\WindowsBase.dll". [C:\Users\ultra\warewolf\Dev\Warewolf.Studio.Views\Warewolf.Studio.Views.csproj]
C:\Program Files\dotnet\sdk\10.0.201\Microsoft.Common.CurrentVersion.targets(2451,5): warning MSB3277:             C:\Program Files\dotnet\packs\Microsoft.NETCore.App.Ref\8.0.25\ref/net8.0/WindowsBase.dll [C:\Users\ultra\warewolf\Dev\Warewolf.Studio.Views\Warewolf.Studio.Views.csproj]
C:\Program Files\dotnet\sdk\10.0.201\Microsoft.Common.CurrentVersion.targets(2451,5): warning MSB3277:         C:\Users\ultra\warewolf\Dev\Binaries\Infragistcs_Net6\InfragisticsWPF4.Documents.Core.v15.1.dll [C:\Users\ultra\warewolf\Dev\Warewolf.Studio.Views\Warewolf.Studio.Views.csproj]
C:\Program Files\dotnet\sdk\10.0.201\Microsoft.Common.CurrentVersion.targets(2451,5): warning MSB3277:           Project file item includes which caused reference "C:\Users\ultra\warewolf\Dev\Binaries\Infragistcs_Net6\InfragisticsWPF4.Documents.Core.v15.1.dll". [C:\Users\ultra\warewolf\Dev\Warewolf.Studio.Views\Warewolf.Studio.Views.csproj]
C:\Program Files\dotnet\sdk\10.0.201\Microsoft.Common.CurrentVersion.targets(2451,5): warning MSB3277:             InfragisticsWPF4.Documents.RichTextDocument.Html.v15.1 [C:\Users\ultra\warewolf\Dev\Warewolf.Studio.Views\Warewolf.Studio.Views.csproj]
C:\Program Files\dotnet\sdk\10.0.201\Microsoft.Common.CurrentVersion.targets(2451,5): warning MSB3277: Found conflicts between different versions of "System.Windows.Extensions" that could not be resolved. [C:\Users\ultra\warewolf\Dev\Warewolf.Studio.Views\Warewolf.Studio.Views.csproj]
C:\Program Files\dotnet\sdk\10.0.201\Microsoft.Common.CurrentVersion.targets(2451,5): warning MSB3277: There was a conflict between "System.Windows.Extensions, Version=6.0.0.0, Culture=neutral, PublicKeyToken=cc7b13ffcd2ddd51" and "System.Windows.Extensions, Version=7.0.0.0, Culture=neutral, PublicKeyToken=cc7b13ffcd2ddd51". [C:\Users\ultra\warewolf\Dev\Warewolf.Studio.Views\Warewolf.Studio.Views.csproj]
C:\Program Files\dotnet\sdk\10.0.201\Microsoft.Common.CurrentVersion.targets(2451,5): warning MSB3277:     "System.Windows.Extensions, Version=6.0.0.0, Culture=neutral, PublicKeyToken=cc7b13ffcd2ddd51" was chosen because it was primary and "System.Windows.Extensions, Version=7.0.0.0, Culture=neutral, PublicKeyToken=cc7b13ffcd2ddd51" was not. [C:\Users\ultra\warewolf\Dev\Warewolf.Studio.Views\Warewolf.Studio.Views.csproj]
C:\Program Files\dotnet\sdk\10.0.201\Microsoft.Common.CurrentVersion.targets(2451,5): warning MSB3277:     References which depend on "System.Windows.Extensions, Version=6.0.0.0, Culture=neutral, PublicKeyToken=cc7b13ffcd2ddd51" [C:\Users\ultra\.nuget\packages\system.windows.extensions\6.0.0\lib\net6.0\System.Windows.Extensions.dll]. [C:\Users\ultra\warewolf\Dev\Warewolf.Studio.Views\Warewolf.Studio.Views.csproj]
C:\Program Files\dotnet\sdk\10.0.201\Microsoft.Common.CurrentVersion.targets(2451,5): warning MSB3277:         C:\Users\ultra\.nuget\packages\system.windows.extensions\6.0.0\lib\net6.0\System.Windows.Extensions.dll [C:\Users\ultra\warewolf\Dev\Warewolf.Studio.Views\Warewolf.Studio.Views.csproj]
C:\Program Files\dotnet\sdk\10.0.201\Microsoft.Common.CurrentVersion.targets(2451,5): warning MSB3277:           Project file item includes which caused reference "C:\Users\ultra\.nuget\packages\system.windows.extensions\6.0.0\lib\net6.0\System.Windows.Extensions.dll". [C:\Users\ultra\warewolf\Dev\Warewolf.Studio.Views\Warewolf.Studio.Views.csproj]
C:\Program Files\dotnet\sdk\10.0.201\Microsoft.Common.CurrentVersion.targets(2451,5): warning MSB3277:             C:\Users\ultra\.nuget\packages\system.windows.extensions\6.0.0\lib\net6.0\System.Windows.Extensions.dll [C:\Users\ultra\warewolf\Dev\Warewolf.Studio.Views\Warewolf.Studio.Views.csproj]
C:\Program Files\dotnet\sdk\10.0.201\Microsoft.Common.CurrentVersion.targets(2451,5): warning MSB3277:     References which depend on or have been unified to "System.Windows.Extensions, Version=7.0.0.0, Culture=neutral, PublicKeyToken=cc7b13ffcd2ddd51" []. [C:\Users\ultra\warewolf\Dev\Warewolf.Studio.Views\Warewolf.Studio.Views.csproj]
C:\Program Files\dotnet\sdk\10.0.201\Microsoft.Common.CurrentVersion.targets(2451,5): warning MSB3277:         C:\Users\ultra\warewolf\Dev\Binaries\Infragistcs_Net6\InfragisticsWPF4.Editors.v15.1.dll [C:\Users\ultra\warewolf\Dev\Warewolf.Studio.Views\Warewolf.Studio.Views.csproj]
C:\Program Files\dotnet\sdk\10.0.201\Microsoft.Common.CurrentVersion.targets(2451,5): warning MSB3277:           Project file item includes which caused reference "C:\Users\ultra\warewolf\Dev\Binaries\Infragistcs_Net6\InfragisticsWPF4.Editors.v15.1.dll". [C:\Users\ultra\warewolf\Dev\Warewolf.Studio.Views\Warewolf.Studio.Views.csproj]
C:\Program Files\dotnet\sdk\10.0.201\Microsoft.Common.CurrentVersion.targets(2451,5): warning MSB3277:             InfragisticsWPF4.Editors.v15.1 [C:\Users\ultra\warewolf\Dev\Warewolf.Studio.Views\Warewolf.Studio.Views.csproj]
C:\Program Files\dotnet\sdk\10.0.201\Microsoft.Common.CurrentVersion.targets(2451,5): warning MSB3277:         C:\Users\ultra\.nuget\packages\extended.wpf.toolkit\4.4.0\lib\net5.0\Xceed.Wpf.Toolkit.NET5.dll [C:\Users\ultra\warewolf\Dev\Warewolf.Studio.Views\Warewolf.Studio.Views.csproj]
C:\Program Files\dotnet\sdk\10.0.201\Microsoft.Common.CurrentVersion.targets(2451,5): warning MSB3277:           Project file item includes which caused reference "C:\Users\ultra\.nuget\packages\extended.wpf.toolkit\4.4.0\lib\net5.0\Xceed.Wpf.Toolkit.NET5.dll". [C:\Users\ultra\warewolf\Dev\Warewolf.Studio.Views\Warewolf.Studio.Views.csproj]
C:\Program Files\dotnet\sdk\10.0.201\Microsoft.Common.CurrentVersion.targets(2451,5): warning MSB3277:             C:\Users\ultra\.nuget\packages\extended.wpf.toolkit\4.4.0\lib\net5.0\Xceed.Wpf.Toolkit.NET5.dll [C:\Users\ultra\warewolf\Dev\Warewolf.Studio.Views\Warewolf.Studio.Views.csproj]
C:\Program Files\dotnet\sdk\10.0.201\Microsoft.Common.CurrentVersion.targets(2451,5): warning MSB3277:         C:\Users\ultra\.nuget\packages\system.security.permissions\6.0.0\lib\net6.0\System.Security.Permissions.dll [C:\Users\ultra\warewolf\Dev\Warewolf.Studio.Views\Warewolf.Studio.Views.csproj]
C:\Program Files\dotnet\sdk\10.0.201\Microsoft.Common.CurrentVersion.targets(2451,5): warning MSB3277:           Project file item includes which caused reference "C:\Users\ultra\.nuget\packages\system.security.permissions\6.0.0\lib\net6.0\System.Security.Permissions.dll". [C:\Users\ultra\warewolf\Dev\Warewolf.Studio.Views\Warewolf.Studio.Views.csproj]
C:\Program Files\dotnet\sdk\10.0.201\Microsoft.Common.CurrentVersion.targets(2451,5): warning MSB3277:             C:\Users\ultra\.nuget\packages\system.security.permissions\6.0.0\lib\net6.0\System.Security.Permissions.dll [C:\Users\ultra\warewolf\Dev\Warewolf.Studio.Views\Warewolf.Studio.Views.csproj]
C:\Program Files\dotnet\sdk\10.0.201\Microsoft.Common.CurrentVersion.targets(2451,5): warning MSB3277:         C:\Program Files\dotnet\packs\Microsoft.NETCore.App.Ref\8.0.25\ref\net8.0\System.Security.dll [C:\Users\ultra\warewolf\Dev\Warewolf.Studio.Views\Warewolf.Studio.Views.csproj]
C:\Program Files\dotnet\sdk\10.0.201\Microsoft.Common.CurrentVersion.targets(2451,5): warning MSB3277:           Project file item includes which caused reference "C:\Program Files\dotnet\packs\Microsoft.NETCore.App.Ref\8.0.25\ref\net8.0\System.Security.dll". [C:\Users\ultra\warewolf\Dev\Warewolf.Studio.Views\Warewolf.Studio.Views.csproj]
C:\Program Files\dotnet\sdk\10.0.201\Microsoft.Common.CurrentVersion.targets(2451,5): warning MSB3277:             C:\Program Files\dotnet\packs\Microsoft.NETCore.App.Ref\8.0.25\ref/net8.0/System.Security.dll [C:\Users\ultra\warewolf\Dev\Warewolf.Studio.Views\Warewolf.Studio.Views.csproj]
C:\Program Files\dotnet\sdk\10.0.201\Microsoft.Common.CurrentVersion.targets(2451,5): warning MSB3277:         C:\Program Files\dotnet\packs\Microsoft.NETCore.App.Ref\8.0.25\ref\net8.0\System.dll [C:\Users\ultra\warewolf\Dev\Warewolf.Studio.Views\Warewolf.Studio.Views.csproj]
C:\Program Files\dotnet\sdk\10.0.201\Microsoft.Common.CurrentVersion.targets(2451,5): warning MSB3277:           Project file item includes which caused reference "C:\Program Files\dotnet\packs\Microsoft.NETCore.App.Ref\8.0.25\ref\net8.0\System.dll". [C:\Users\ultra\warewolf\Dev\Warewolf.Studio.Views\Warewolf.Studio.Views.csproj]
C:\Program Files\dotnet\sdk\10.0.201\Microsoft.Common.CurrentVersion.targets(2451,5): warning MSB3277:             C:\Program Files\dotnet\packs\Microsoft.NETCore.App.Ref\8.0.25\ref/net8.0/System.dll [C:\Users\ultra\warewolf\Dev\Warewolf.Studio.Views\Warewolf.Studio.Views.csproj]
C:\Program Files\dotnet\sdk\10.0.201\Microsoft.Common.CurrentVersion.targets(2451,5): warning MSB3277:             C:\Users\ultra\.nuget\packages\aerowizard\2.3.1\lib\net45\AeroWizard.dll [C:\Users\ultra\warewolf\Dev\Warewolf.Studio.Views\Warewolf.Studio.Views.csproj]
C:\Program Files\dotnet\sdk\10.0.201\Microsoft.Common.CurrentVersion.targets(2451,5): warning MSB3277:             C:\Users\ultra\.nuget\packages\groupcontrols\1.9.0\lib\net45\GroupControls.dll [C:\Users\ultra\warewolf\Dev\Warewolf.Studio.Views\Warewolf.Studio.Views.csproj]
C:\Program Files\dotnet\sdk\10.0.201\Microsoft.Common.CurrentVersion.targets(2451,5): warning MSB3277:             C:\Users\ultra\.nuget\packages\microsoft.xaml.behaviors.wpf\1.1.122\lib\net462\Microsoft.Xaml.Behaviors.dll [C:\Users\ultra\warewolf\Dev\Warewolf.Studio.Views\Warewolf.Studio.Views.csproj]
C:\Program Files\dotnet\sdk\10.0.201\Microsoft.Common.CurrentVersion.targets(2451,5): warning MSB3277:             C:\Users\ultra\.nuget\packages\caliburn.micro\4.0.212\lib\netcoreapp3.1\Caliburn.Micro.Platform.dll [C:\Users\ultra\warewolf\Dev\Warewolf.Studio.Views\Warewolf.Studio.Views.csproj]
C:\Program Files\dotnet\sdk\10.0.201\Microsoft.Common.CurrentVersion.targets(2451,5): warning MSB3277:             C:\Users\ultra\.nuget\packages\prism.wpf\9.0.537\lib\net462\Prism.Wpf.dll [C:\Users\ultra\warewolf\Dev\Warewolf.Studio.Views\Warewolf.Studio.Views.csproj]
C:\Program Files\dotnet\sdk\10.0.201\Microsoft.Common.CurrentVersion.targets(2451,5): warning MSB3277:             C:\Users\ultra\.nuget\packages\reactiveui.wpf\18.4.1\lib\net462\ReactiveUI.Wpf.dll [C:\Users\ultra\warewolf\Dev\Warewolf.Studio.Views\Warewolf.Studio.Views.csproj]
C:\Program Files\dotnet\sdk\10.0.201\Microsoft.Common.CurrentVersion.targets(2451,5): warning MSB3277:             C:\Users\ultra\.nuget\packages\taskschedulereditor\2.10.1\lib\net452\Microsoft.Win32.TaskSchedulerEditor.dll [C:\Users\ultra\warewolf\Dev\Warewolf.Studio.Views\Warewolf.Studio.Views.csproj]
C:\Program Files\dotnet\sdk\10.0.201\Microsoft.Common.CurrentVersion.targets(2451,5): warning MSB3277:             C:\Users\ultra\.nuget\packages\ttcue.netcore.sharepointonline.csom.16.1.8029.1200\16.1.8029.1200\lib\netcoreapp2.0\Microsoft.SharePoint.Client.Runtime.Windows.dll [C:\Users\ultra\warewolf\Dev\Warewolf.Studio.Views\Warewolf.Studio.Views.csproj]
  Consider app.config remapping of assembly "System.Data.SQLite, Culture=neutral, PublicKeyToken=db937bc2d44ff139" from Version "1.0.117.0" [] to Version "1.0.118.0" [C:\Users\ultra\.nuget\packages\stub.system.data.sqlite.core.netstandard\1.0.118\lib\netstandard2.1\System.Data.SQLite.dll] to solve conflict and get rid of warning.
C:\Program Files\dotnet\sdk\10.0.201\Microsoft.CSharp.CurrentVersion.targets(130,9): warning MSB3884: Could not find rule set file "..\.sonarlint\warewolf_dotnet_frameworkcsharp.ruleset". [C:\Users\ultra\warewolf\Dev\Warewolf.Studio.Views\Warewolf.Studio.Views.csproj]
C:\Program Files\dotnet\sdk\10.0.201\Sdks\Microsoft.NET.Sdk\targets\Microsoft.NET.Sdk.targets(308,5): warning NETSDK1206: Found version-specific or distribution-specific runtime identifier(s): win10-x64, win10-x86, win7-x64, win7-x86, win8-x64, win8-x86, win81-x64, win81-x86. Affected libraries: Microsoft.Management.Infrastructure.Runtime.Win, SQLite. In .NET 8.0 and higher, assets for version-specific and distribution-specific runtime identifiers will not be found by default. See https://aka.ms/dotnet/rid-usage for details. [C:\Users\ultra\warewolf\Dev\Warewolf.Studio.Views\Warewolf.Studio.Views.csproj]
  Warewolf.Studio.Views -> C:\Users\ultra\warewolf\Dev\Warewolf.Studio.Views\bin\Debug\net8.0\Warewolf.Studio.Views.dll
C:\Program Files\dotnet\sdk\10.0.201\Microsoft.Common.CurrentVersion.targets(2451,5): warning MSB3277: Found conflicts between different versions of "Microsoft.Win32.SystemEvents" that could not be resolved. [C:\Users\ultra\warewolf\Dev\Dev2.Studio\Dev2.Studio.csproj]
C:\Program Files\dotnet\sdk\10.0.201\Microsoft.Common.CurrentVersion.targets(2451,5): warning MSB3277: There was a conflict between "Microsoft.Win32.SystemEvents, Version=6.0.0.0, Culture=neutral, PublicKeyToken=cc7b13ffcd2ddd51" and "Microsoft.Win32.SystemEvents, Version=7.0.0.0, Culture=neutral, PublicKeyToken=cc7b13ffcd2ddd51". [C:\Users\ultra\warewolf\Dev\Dev2.Studio\Dev2.Studio.csproj]
C:\Program Files\dotnet\sdk\10.0.201\Microsoft.Common.CurrentVersion.targets(2451,5): warning MSB3277:     "Microsoft.Win32.SystemEvents, Version=6.0.0.0, Culture=neutral, PublicKeyToken=cc7b13ffcd2ddd51" was chosen because it was primary and "Microsoft.Win32.SystemEvents, Version=7.0.0.0, Culture=neutral, PublicKeyToken=cc7b13ffcd2ddd51" was not. [C:\Users\ultra\warewolf\Dev\Dev2.Studio\Dev2.Studio.csproj]
C:\Program Files\dotnet\sdk\10.0.201\Microsoft.Common.CurrentVersion.targets(2451,5): warning MSB3277:     References which depend on "Microsoft.Win32.SystemEvents, Version=6.0.0.0, Culture=neutral, PublicKeyToken=cc7b13ffcd2ddd51" [C:\Users\ultra\.nuget\packages\microsoft.win32.systemevents\6.0.0\lib\net6.0\Microsoft.Win32.SystemEvents.dll]. [C:\Users\ultra\warewolf\Dev\Dev2.Studio\Dev2.Studio.csproj]
C:\Program Files\dotnet\sdk\10.0.201\Microsoft.Common.CurrentVersion.targets(2451,5): warning MSB3277:         C:\Users\ultra\.nuget\packages\microsoft.win32.systemevents\6.0.0\lib\net6.0\Microsoft.Win32.SystemEvents.dll [C:\Users\ultra\warewolf\Dev\Dev2.Studio\Dev2.Studio.csproj]
C:\Program Files\dotnet\sdk\10.0.201\Microsoft.Common.CurrentVersion.targets(2451,5): warning MSB3277:           Project file item includes which caused reference "C:\Users\ultra\.nuget\packages\microsoft.win32.systemevents\6.0.0\lib\net6.0\Microsoft.Win32.SystemEvents.dll". [C:\Users\ultra\warewolf\Dev\Dev2.Studio\Dev2.Studio.csproj]
C:\Program Files\dotnet\sdk\10.0.201\Microsoft.Common.CurrentVersion.targets(2451,5): warning MSB3277:             C:\Users\ultra\.nuget\packages\microsoft.win32.systemevents\6.0.0\lib\net6.0\Microsoft.Win32.SystemEvents.dll [C:\Users\ultra\warewolf\Dev\Dev2.Studio\Dev2.Studio.csproj]
C:\Program Files\dotnet\sdk\10.0.201\Microsoft.Common.CurrentVersion.targets(2451,5): warning MSB3277:     References which depend on or have been unified to "Microsoft.Win32.SystemEvents, Version=7.0.0.0, Culture=neutral, PublicKeyToken=cc7b13ffcd2ddd51" []. [C:\Users\ultra\warewolf\Dev\Dev2.Studio\Dev2.Studio.csproj]
C:\Program Files\dotnet\sdk\10.0.201\Microsoft.Common.CurrentVersion.targets(2451,5): warning MSB3277:         C:\Users\ultra\warewolf\Dev\Dev2.Common\bin\Debug\net8.0\Dev2.Common.dll [C:\Users\ultra\warewolf\Dev\Dev2.Studio\Dev2.Studio.csproj]
C:\Program Files\dotnet\sdk\10.0.201\Microsoft.Common.CurrentVersion.targets(2451,5): warning MSB3277:           Project file item includes which caused reference "C:\Users\ultra\warewolf\Dev\Dev2.Common\bin\Debug\net8.0\Dev2.Common.dll". [C:\Users\ultra\warewolf\Dev\Dev2.Studio\Dev2.Studio.csproj]
C:\Program Files\dotnet\sdk\10.0.201\Microsoft.Common.CurrentVersion.targets(2451,5): warning MSB3277:             C:\Users\ultra\warewolf\Dev\Dev2.Common\bin\Debug\net8.0\Dev2.Common.dll [C:\Users\ultra\warewolf\Dev\Dev2.Studio\Dev2.Studio.csproj]
C:\Program Files\dotnet\sdk\10.0.201\Microsoft.Common.CurrentVersion.targets(2451,5): warning MSB3277:             C:\Users\ultra\warewolf\Dev\Dev2.Activities\bin\Debug\net8.0\Dev2.Activities.dll [C:\Users\ultra\warewolf\Dev\Dev2.Studio\Dev2.Studio.csproj]
C:\Program Files\dotnet\sdk\10.0.201\Microsoft.Common.CurrentVersion.targets(2451,5): warning MSB3277:             C:\Users\ultra\warewolf\Dev\Dev2.Core\bin\Debug\net8.0\Dev2.Core.dll [C:\Users\ultra\warewolf\Dev\Dev2.Studio\Dev2.Studio.csproj]
C:\Program Files\dotnet\sdk\10.0.201\Microsoft.Common.CurrentVersion.targets(2451,5): warning MSB3277:             C:\Users\ultra\warewolf\Dev\Dev2.Data\bin\Debug\net8.0\Dev2.Data.dll [C:\Users\ultra\warewolf\Dev\Dev2.Studio\Dev2.Studio.csproj]
C:\Program Files\dotnet\sdk\10.0.201\Microsoft.Common.CurrentVersion.targets(2451,5): warning MSB3277:             C:\Users\ultra\warewolf\Dev\Dev2.Diagnostics\bin\Debug\net8.0\Dev2.Diagnostics.dll [C:\Users\ultra\warewolf\Dev\Dev2.Studio\Dev2.Studio.csproj]
C:\Program Files\dotnet\sdk\10.0.201\Microsoft.Common.CurrentVersion.targets(2451,5): warning MSB3277:             C:\Users\ultra\warewolf\Dev\Dev2.Infrastructure\bin\Debug\net8.0\Dev2.Infrastructure.dll [C:\Users\ultra\warewolf\Dev\Dev2.Studio\Dev2.Studio.csproj]
C:\Program Files\dotnet\sdk\10.0.201\Microsoft.Common.CurrentVersion.targets(2451,5): warning MSB3277:             C:\Users\ultra\warewolf\Dev\Dev2.Intellisense\bin\Debug\net8.0\Dev2.Intellisense.dll [C:\Users\ultra\warewolf\Dev\Dev2.Studio\Dev2.Studio.csproj]
C:\Program Files\dotnet\sdk\10.0.201\Microsoft.Common.CurrentVersion.targets(2451,5): warning MSB3277:             C:\Users\ultra\warewolf\Dev\Dev2.Scheduler\bin\Debug\net8.0\Dev2.Scheduler.dll [C:\Users\ultra\warewolf\Dev\Dev2.Studio\Dev2.Studio.csproj]
C:\Program Files\dotnet\sdk\10.0.201\Microsoft.Common.CurrentVersion.targets(2451,5): warning MSB3277:             C:\Users\ultra\warewolf\Dev\Dev2.Services.Execution\bin\Debug\net8.0\Dev2.Services.Execution.dll [C:\Users\ultra\warewolf\Dev\Dev2.Studio\Dev2.Studio.csproj]
C:\Program Files\dotnet\sdk\10.0.201\Microsoft.Common.CurrentVersion.targets(2451,5): warning MSB3277:             C:\Users\ultra\warewolf\Dev\Dev2.Studio.Core\bin\Debug\net8.0\Dev2.Studio.Core.dll [C:\Users\ultra\warewolf\Dev\Dev2.Studio\Dev2.Studio.csproj]
C:\Program Files\dotnet\sdk\10.0.201\Microsoft.Common.CurrentVersion.targets(2451,5): warning MSB3277:             C:\Users\ultra\warewolf\Dev\Dev2.Studio.Interfaces\bin\Debug\net8.0\Dev2.Studio.Interfaces.dll [C:\Users\ultra\warewolf\Dev\Dev2.Studio\Dev2.Studio.csproj]
C:\Program Files\dotnet\sdk\10.0.201\Microsoft.Common.CurrentVersion.targets(2451,5): warning MSB3277:             C:\Users\ultra\warewolf\Dev\Dev2.TaskScheduler.Wrappers\bin\Debug\net8.0\Dev2.TaskScheduler.Wrappers.dll [C:\Users\ultra\warewolf\Dev\Dev2.Studio\Dev2.Studio.csproj]
C:\Program Files\dotnet\sdk\10.0.201\Microsoft.Common.CurrentVersion.targets(2451,5): warning MSB3277:             C:\Users\ultra\warewolf\Dev\Dev2.Util\bin\Debug\net8.0\Dev2.Util.dll [C:\Users\ultra\warewolf\Dev\Dev2.Studio\Dev2.Studio.csproj]
C:\Program Files\dotnet\sdk\10.0.201\Microsoft.Common.CurrentVersion.targets(2451,5): warning MSB3277:             C:\Users\ultra\warewolf\Dev\Warewolf.Core\bin\Debug\net8.0\Warewolf.Core.dll [C:\Users\ultra\warewolf\Dev\Dev2.Studio\Dev2.Studio.csproj]
C:\Program Files\dotnet\sdk\10.0.201\Microsoft.Common.CurrentVersion.targets(2451,5): warning MSB3277:             C:\Users\ultra\warewolf\Dev\Warewolf.ResourceManagement\bin\Debug\net8.0\Warewolf.ResourceManagement.dll [C:\Users\ultra\warewolf\Dev\Dev2.Studio\Dev2.Studio.csproj]
C:\Program Files\dotnet\sdk\10.0.201\Microsoft.Common.CurrentVersion.targets(2451,5): warning MSB3277:             C:\Users\ultra\warewolf\Dev\Warewolf.Sharepoint\bin\Debug\net8.0\Warewolf.Sharepoint.dll [C:\Users\ultra\warewolf\Dev\Dev2.Studio\Dev2.Studio.csproj]
C:\Program Files\dotnet\sdk\10.0.201\Microsoft.Common.CurrentVersion.targets(2451,5): warning MSB3277:             C:\Users\ultra\warewolf\Dev\Warewolf.Storage\bin\Debug\net8.0\Warewolf.Storage.dll [C:\Users\ultra\warewolf\Dev\Dev2.Studio\Dev2.Studio.csproj]
C:\Program Files\dotnet\sdk\10.0.201\Microsoft.Common.CurrentVersion.targets(2451,5): warning MSB3277:             C:\Users\ultra\warewolf\Dev\Warewolf.Studio.Core\bin\Debug\net8.0\Warewolf.Studio.Core.dll [C:\Users\ultra\warewolf\Dev\Dev2.Studio\Dev2.Studio.csproj]
C:\Program Files\dotnet\sdk\10.0.201\Microsoft.Common.CurrentVersion.targets(2451,5): warning MSB3277:             C:\Users\ultra\warewolf\Dev\Warewolf.Studio.Models\bin\Debug\net8.0\Warewolf.Studio.Models.dll [C:\Users\ultra\warewolf\Dev\Dev2.Studio\Dev2.Studio.csproj]
C:\Program Files\dotnet\sdk\10.0.201\Microsoft.Common.CurrentVersion.targets(2451,5): warning MSB3277:             C:\Users\ultra\warewolf\Dev\Warewolf.Studio.CustomControls\bin\Debug\net8.0\Warewolf.Studio.CustomControls.dll [C:\Users\ultra\warewolf\Dev\Dev2.Studio\Dev2.Studio.csproj]
C:\Program Files\dotnet\sdk\10.0.201\Microsoft.Common.CurrentVersion.targets(2451,5): warning MSB3277:             C:\Users\ultra\warewolf\Dev\Warewolf.Studio.ViewModels\bin\Debug\net8.0\Warewolf.Studio.ViewModels.dll [C:\Users\ultra\warewolf\Dev\Dev2.Studio\Dev2.Studio.csproj]
C:\Program Files\dotnet\sdk\10.0.201\Microsoft.Common.CurrentVersion.targets(2451,5): warning MSB3277:             C:\Users\ultra\warewolf\Dev\Warewolf.Trigger.Queue\bin\Debug\net8.0\Warewolf.Trigger.Queue.dll [C:\Users\ultra\warewolf\Dev\Dev2.Studio\Dev2.Studio.csproj]
C:\Program Files\dotnet\sdk\10.0.201\Microsoft.Common.CurrentVersion.targets(2451,5): warning MSB3277:             C:\Users\ultra\warewolf\Dev\Warewolf.UI\bin\Debug\net8.0\Warewolf.UI.dll [C:\Users\ultra\warewolf\Dev\Dev2.Studio\Dev2.Studio.csproj]
C:\Program Files\dotnet\sdk\10.0.201\Microsoft.Common.CurrentVersion.targets(2451,5): warning MSB3277:             C:\Users\ultra\warewolf\Dev\Dev2.Development.Languages\bin\Debug\net8.0\Dev2.Development.Languages.dll [C:\Users\ultra\warewolf\Dev\Dev2.Studio\Dev2.Studio.csproj]
C:\Program Files\dotnet\sdk\10.0.201\Microsoft.Common.CurrentVersion.targets(2451,5): warning MSB3277:             C:\Users\ultra\warewolf\Dev\Dev2.Runtime.Services\bin\Debug\net8.0\Dev2.Runtime.Services.dll [C:\Users\ultra\warewolf\Dev\Dev2.Studio\Dev2.Studio.csproj]
C:\Program Files\dotnet\sdk\10.0.201\Microsoft.Common.CurrentVersion.targets(2451,5): warning MSB3277:             C:\Users\ultra\warewolf\Dev\Dev2.Services.Sql\bin\Debug\net8.0\Dev2.Services.Sql.dll [C:\Users\ultra\warewolf\Dev\Dev2.Studio\Dev2.Studio.csproj]
C:\Program Files\dotnet\sdk\10.0.201\Microsoft.Common.CurrentVersion.targets(2451,5): warning MSB3277:             C:\Users\ultra\warewolf\Dev\Warewolf.AI.Harness\bin\Debug\net8.0\Warewolf.AI.Harness.dll [C:\Users\ultra\warewolf\Dev\Dev2.Studio\Dev2.Studio.csproj]
C:\Program Files\dotnet\sdk\10.0.201\Microsoft.Common.CurrentVersion.targets(2451,5): warning MSB3277:             C:\Users\ultra\warewolf\Dev\Warewolf.Auditing\bin\Debug\net8.0\Warewolf.Auditing.dll [C:\Users\ultra\warewolf\Dev\Dev2.Studio\Dev2.Studio.csproj]
C:\Program Files\dotnet\sdk\10.0.201\Microsoft.Common.CurrentVersion.targets(2451,5): warning MSB3277:             C:\Users\ultra\warewolf\Dev\Warewolf.Common.NetStandard20\bin\Debug\net8.0\Warewolf.Common.NetStandard20.dll [C:\Users\ultra\warewolf\Dev\Dev2.Studio\Dev2.Studio.csproj]
C:\Program Files\dotnet\sdk\10.0.201\Microsoft.Common.CurrentVersion.targets(2451,5): warning MSB3277:             C:\Users\ultra\warewolf\Dev\Warewolf.Driver.Persistence\bin\Debug\net8.0\Warewolf.Driver.Persistence.dll [C:\Users\ultra\warewolf\Dev\Dev2.Studio\Dev2.Studio.csproj]
C:\Program Files\dotnet\sdk\10.0.201\Microsoft.Common.CurrentVersion.targets(2451,5): warning MSB3277:             C:\Users\ultra\warewolf\Dev\Warewolf.Driver.Serilog\bin\Debug\net8.0\Warewolf.Driver.Serilog.dll [C:\Users\ultra\warewolf\Dev\Dev2.Studio\Dev2.Studio.csproj]
C:\Program Files\dotnet\sdk\10.0.201\Microsoft.Common.CurrentVersion.targets(2451,5): warning MSB3277:             C:\Users\ultra\warewolf\Dev\Warewolf.Exchange.Email.Wrapper\bin\Debug\net8.0\Warewolf.Exchange.Email.Wrapper.dll [C:\Users\ultra\warewolf\Dev\Dev2.Studio\Dev2.Studio.csproj]
C:\Program Files\dotnet\sdk\10.0.201\Microsoft.Common.CurrentVersion.targets(2451,5): warning MSB3277:         C:\Users\ultra\warewolf\Dev\Binaries\Infragistcs_Net6\InfragisticsWPF4.Editors.v15.1.dll [C:\Users\ultra\warewolf\Dev\Dev2.Studio\Dev2.Studio.csproj]
C:\Program Files\dotnet\sdk\10.0.201\Microsoft.Common.CurrentVersion.targets(2451,5): warning MSB3277:           Project file item includes which caused reference "C:\Users\ultra\warewolf\Dev\Binaries\Infragistcs_Net6\InfragisticsWPF4.Editors.v15.1.dll". [C:\Users\ultra\warewolf\Dev\Dev2.Studio\Dev2.Studio.csproj]
C:\Program Files\dotnet\sdk\10.0.201\Microsoft.Common.CurrentVersion.targets(2451,5): warning MSB3277:             InfragisticsWPF4.Editors.v15.1, Version=15.1.20151.2055, Culture=neutral, processorArchitecture=MSIL [C:\Users\ultra\warewolf\Dev\Dev2.Studio\Dev2.Studio.csproj]
C:\Program Files\dotnet\sdk\10.0.201\Microsoft.Common.CurrentVersion.targets(2451,5): warning MSB3277:             InfragisticsWPF4.DataPresenter.v15.1 [C:\Users\ultra\warewolf\Dev\Dev2.Studio\Dev2.Studio.csproj]
C:\Program Files\dotnet\sdk\10.0.201\Microsoft.Common.CurrentVersion.targets(2451,5): warning MSB3277:         C:\Users\ultra\warewolf\Dev\Binaries\Infragistcs_Net6\InfragisticsWPF4.v15.1.dll [C:\Users\ultra\warewolf\Dev\Dev2.Studio\Dev2.Studio.csproj]
C:\Program Files\dotnet\sdk\10.0.201\Microsoft.Common.CurrentVersion.targets(2451,5): warning MSB3277:           Project file item includes which caused reference "C:\Users\ultra\warewolf\Dev\Binaries\Infragistcs_Net6\InfragisticsWPF4.v15.1.dll". [C:\Users\ultra\warewolf\Dev\Dev2.Studio\Dev2.Studio.csproj]
C:\Program Files\dotnet\sdk\10.0.201\Microsoft.Common.CurrentVersion.targets(2451,5): warning MSB3277:             InfragisticsWPF4.v15.1, Version=15.1.20151.2055, Culture=neutral, PublicKeyToken=7dd5c3163f2cd0cb, processorArchitecture=MSIL [C:\Users\ultra\warewolf\Dev\Dev2.Studio\Dev2.Studio.csproj]
C:\Program Files\dotnet\sdk\10.0.201\Microsoft.Common.CurrentVersion.targets(2451,5): warning MSB3277:             InfragisticsWPF4.Controls.Editors.XamComboEditor.v15.1, Version=15.1.20151.2055, Culture=neutral, processorArchitecture=MSIL [C:\Users\ultra\warewolf\Dev\Dev2.Studio\Dev2.Studio.csproj]
C:\Program Files\dotnet\sdk\10.0.201\Microsoft.Common.CurrentVersion.targets(2451,5): warning MSB3277:             InfragisticsWPF4.Controls.Grids.XamGrid.v15.1, Version=15.1.20151.2055, Culture=neutral, PublicKeyToken=7dd5c3163f2cd0cb, processorArchitecture=MSIL [C:\Users\ultra\warewolf\Dev\Dev2.Studio\Dev2.Studio.csproj]
C:\Program Files\dotnet\sdk\10.0.201\Microsoft.Common.CurrentVersion.targets(2451,5): warning MSB3277:             CalculationManager.WPF [C:\Users\ultra\warewolf\Dev\Dev2.Studio\Dev2.Studio.csproj]
C:\Program Files\dotnet\sdk\10.0.201\Microsoft.Common.CurrentVersion.targets(2451,5): warning MSB3277:             InfragisticsWPF4.Controls.Interactions.XamDialogWindow.v15.1, Version=15.1.20151.2055, Culture=neutral, PublicKeyToken=7dd5c3163f2cd0cb, processorArchitecture=MSIL [C:\Users\ultra\warewolf\Dev\Dev2.Studio\Dev2.Studio.csproj]
C:\Program Files\dotnet\sdk\10.0.201\Microsoft.Common.CurrentVersion.targets(2451,5): warning MSB3277:             InfragisticsWPF4.Controls.Maps.XamNetworkNode.v15.1, Version=15.1.20151.2055, Culture=neutral, PublicKeyToken=7dd5c3163f2cd0cb, processorArchitecture=MSIL [C:\Users\ultra\warewolf\Dev\Dev2.Studio\Dev2.Studio.csproj]
C:\Program Files\dotnet\sdk\10.0.201\Microsoft.Common.CurrentVersion.targets(2451,5): warning MSB3277:             InfragisticsWPF4.Controls.Menus.XamDataTree.v15.1, Version=15.1.20151.2055, Culture=neutral, processorArchitecture=MSIL [C:\Users\ultra\warewolf\Dev\Dev2.Studio\Dev2.Studio.csproj]
C:\Program Files\dotnet\sdk\10.0.201\Microsoft.Common.CurrentVersion.targets(2451,5): warning MSB3277:             InfragisticsWPF4.Controls.Menus.XamMenu.v15.1, Version=15.1.20151.2055, Culture=neutral, processorArchitecture=MSIL [C:\Users\ultra\warewolf\Dev\Dev2.Studio\Dev2.Studio.csproj]
C:\Program Files\dotnet\sdk\10.0.201\Microsoft.Common.CurrentVersion.targets(2451,5): warning MSB3277:             InfragisticsWPF4.DataManager.v15.1, Version=15.1.20151.2055, Culture=neutral, processorArchitecture=MSIL [C:\Users\ultra\warewolf\Dev\Dev2.Studio\Dev2.Studio.csproj]
C:\Program Files\dotnet\sdk\10.0.201\Microsoft.Common.CurrentVersion.targets(2451,5): warning MSB3277:             InfragisticsWPF4.DataPresenter.v15.1 [C:\Users\ultra\warewolf\Dev\Dev2.Studio\Dev2.Studio.csproj]
C:\Program Files\dotnet\sdk\10.0.201\Microsoft.Common.CurrentVersion.targets(2451,5): warning MSB3277:             InfragisticsWPF4.DataVisualization.v15.1, Version=15.1.20151.2055, Culture=neutral, PublicKeyToken=7dd5c3163f2cd0cb, processorArchitecture=MSIL [C:\Users\ultra\warewolf\Dev\Dev2.Studio\Dev2.Studio.csproj]
C:\Program Files\dotnet\sdk\10.0.201\Microsoft.Common.CurrentVersion.targets(2451,5): warning MSB3277:             InfragisticsWPF4.DockManager.v15.1, Version=15.1.20151.2055, Culture=neutral, PublicKeyToken=7dd5c3163f2cd0cb, processorArchitecture=MSIL [C:\Users\ultra\warewolf\Dev\Dev2.Studio\Dev2.Studio.csproj]
C:\Program Files\dotnet\sdk\10.0.201\Microsoft.Common.CurrentVersion.targets(2451,5): warning MSB3277:             InfragisticsWPF4.Editors.v15.1, Version=15.1.20151.2055, Culture=neutral, processorArchitecture=MSIL [C:\Users\ultra\warewolf\Dev\Dev2.Studio\Dev2.Studio.csproj]
C:\Program Files\dotnet\sdk\10.0.201\Microsoft.Common.CurrentVersion.targets(2451,5): warning MSB3277:             InfragisticsWPF4.Math.Calculators.v15.1, Version=15.1.20151.2055, Culture=neutral, PublicKeyToken=7dd5c3163f2cd0cb, processorArchitecture=MSIL [C:\Users\ultra\warewolf\Dev\Dev2.Studio\Dev2.Studio.csproj]
C:\Program Files\dotnet\sdk\10.0.201\Microsoft.Common.CurrentVersion.targets(2451,5): warning MSB3277:             InfragisticsWPF4.Math.v15.1, Version=15.1.20151.2055, Culture=neutral, PublicKeyToken=7dd5c3163f2cd0cb, processorArchitecture=MSIL [C:\Users\ultra\warewolf\Dev\Dev2.Studio\Dev2.Studio.csproj]
C:\Program Files\dotnet\sdk\10.0.201\Microsoft.Common.CurrentVersion.targets(2451,5): warning MSB3277:         C:\Users\ultra\.nuget\packages\timespan2\2.4.2\lib\netcoreapp3.1\TimeSpan2.dll [C:\Users\ultra\warewolf\Dev\Dev2.Studio\Dev2.Studio.csproj]
C:\Program Files\dotnet\sdk\10.0.201\Microsoft.Common.CurrentVersion.targets(2451,5): warning MSB3277:           Project file item includes which caused reference "C:\Users\ultra\.nuget\packages\timespan2\2.4.2\lib\netcoreapp3.1\TimeSpan2.dll". [C:\Users\ultra\warewolf\Dev\Dev2.Studio\Dev2.Studio.csproj]
C:\Program Files\dotnet\sdk\10.0.201\Microsoft.Common.CurrentVersion.targets(2451,5): warning MSB3277:             C:\Users\ultra\.nuget\packages\timespan2\2.4.2\lib\netcoreapp3.1\TimeSpan2.dll [C:\Users\ultra\warewolf\Dev\Dev2.Studio\Dev2.Studio.csproj]
C:\Program Files\dotnet\sdk\10.0.201\Microsoft.Common.CurrentVersion.targets(2451,5): warning MSB3277:             C:\Users\ultra\.nuget\packages\taskschedulereditor\2.10.1\lib\net452\Microsoft.Win32.TaskSchedulerEditor.dll [C:\Users\ultra\warewolf\Dev\Dev2.Studio\Dev2.Studio.csproj]
C:\Program Files\dotnet\sdk\10.0.201\Microsoft.Common.CurrentVersion.targets(2451,5): warning MSB3277:         C:\Program Files\dotnet\packs\Microsoft.NETCore.App.Ref\8.0.25\ref\net8.0\System.dll [C:\Users\ultra\warewolf\Dev\Dev2.Studio\Dev2.Studio.csproj]
C:\Program Files\dotnet\sdk\10.0.201\Microsoft.Common.CurrentVersion.targets(2451,5): warning MSB3277:           Project file item includes which caused reference "C:\Program Files\dotnet\packs\Microsoft.NETCore.App.Ref\8.0.25\ref\net8.0\System.dll". [C:\Users\ultra\warewolf\Dev\Dev2.Studio\Dev2.Studio.csproj]
C:\Program Files\dotnet\sdk\10.0.201\Microsoft.Common.CurrentVersion.targets(2451,5): warning MSB3277:             C:\Program Files\dotnet\packs\Microsoft.NETCore.App.Ref\8.0.25\ref/net8.0/System.dll [C:\Users\ultra\warewolf\Dev\Dev2.Studio\Dev2.Studio.csproj]
C:\Program Files\dotnet\sdk\10.0.201\Microsoft.Common.CurrentVersion.targets(2451,5): warning MSB3277:             C:\Users\ultra\.nuget\packages\aerowizard\2.3.1\lib\net45\AeroWizard.dll [C:\Users\ultra\warewolf\Dev\Dev2.Studio\Dev2.Studio.csproj]
C:\Program Files\dotnet\sdk\10.0.201\Microsoft.Common.CurrentVersion.targets(2451,5): warning MSB3277:             C:\Users\ultra\.nuget\packages\avalonedit\6.3.0.90\lib\net462\ICSharpCode.AvalonEdit.dll [C:\Users\ultra\warewolf\Dev\Dev2.Studio\Dev2.Studio.csproj]
C:\Program Files\dotnet\sdk\10.0.201\Microsoft.Common.CurrentVersion.targets(2451,5): warning MSB3277:             C:\Users\ultra\.nuget\packages\fontawesome.wpf\4.7.0.9\lib\net40\FontAwesome.WPF.dll [C:\Users\ultra\warewolf\Dev\Dev2.Studio\Dev2.Studio.csproj]
C:\Program Files\dotnet\sdk\10.0.201\Microsoft.Common.CurrentVersion.targets(2451,5): warning MSB3277:             C:\Users\ultra\.nuget\packages\groupcontrols\1.9.0\lib\net45\GroupControls.dll [C:\Users\ultra\warewolf\Dev\Dev2.Studio\Dev2.Studio.csproj]
C:\Program Files\dotnet\sdk\10.0.201\Microsoft.Common.CurrentVersion.targets(2451,5): warning MSB3277:             C:\Users\ultra\.nuget\packages\log4net.async\2.0.4\lib\net40\Log4Net.Async.dll [C:\Users\ultra\warewolf\Dev\Dev2.Studio\Dev2.Studio.csproj]
C:\Program Files\dotnet\sdk\10.0.201\Microsoft.Common.CurrentVersion.targets(2451,5): warning MSB3277:             C:\Users\ultra\.nuget\packages\microsoft.xaml.behaviors.wpf\1.1.122\lib\net462\Microsoft.Xaml.Behaviors.dll [C:\Users\ultra\warewolf\Dev\Dev2.Studio\Dev2.Studio.csproj]
C:\Program Files\dotnet\sdk\10.0.201\Microsoft.Common.CurrentVersion.targets(2451,5): warning MSB3277:             C:\Users\ultra\.nuget\packages\caliburn.micro\4.0.212\lib\netcoreapp3.1\Caliburn.Micro.Platform.dll [C:\Users\ultra\warewolf\Dev\Dev2.Studio\Dev2.Studio.csproj]
C:\Program Files\dotnet\sdk\10.0.201\Microsoft.Common.CurrentVersion.targets(2451,5): warning MSB3277:             C:\Users\ultra\.nuget\packages\prism.composition\5.0.0\lib\NET45\Microsoft.Practices.Prism.Composition.dll [C:\Users\ultra\warewolf\Dev\Dev2.Studio\Dev2.Studio.csproj]
C:\Program Files\dotnet\sdk\10.0.201\Microsoft.Common.CurrentVersion.targets(2451,5): warning MSB3277:             C:\Users\ultra\.nuget\packages\prism.interactivity\5.0.0\lib\NET45\Microsoft.Practices.Prism.Interactivity.dll [C:\Users\ultra\warewolf\Dev\Dev2.Studio\Dev2.Studio.csproj]
C:\Program Files\dotnet\sdk\10.0.201\Microsoft.Common.CurrentVersion.targets(2451,5): warning MSB3277:             C:\Users\ultra\.nuget\packages\prism.mvvm\1.0.0\lib\net45\Microsoft.Practices.Prism.Mvvm.Desktop.dll [C:\Users\ultra\warewolf\Dev\Dev2.Studio\Dev2.Studio.csproj]
C:\Program Files\dotnet\sdk\10.0.201\Microsoft.Common.CurrentVersion.targets(2451,5): warning MSB3277:             C:\Users\ultra\.nuget\packages\prism.unityextensions\5.0.1\lib\NET45\Microsoft.Practices.Prism.UnityExtensions.dll [C:\Users\ultra\warewolf\Dev\Dev2.Studio\Dev2.Studio.csproj]
C:\Program Files\dotnet\sdk\10.0.201\Microsoft.Common.CurrentVersion.targets(2451,5): warning MSB3277:             C:\Users\ultra\.nuget\packages\prism.wpf\9.0.537\lib\net462\Prism.Wpf.dll [C:\Users\ultra\warewolf\Dev\Dev2.Studio\Dev2.Studio.csproj]
C:\Program Files\dotnet\sdk\10.0.201\Microsoft.Common.CurrentVersion.targets(2451,5): warning MSB3277:             C:\Users\ultra\.nuget\packages\reactiveui.wpf\18.4.1\lib\net462\ReactiveUI.Wpf.dll [C:\Users\ultra\warewolf\Dev\Dev2.Studio\Dev2.Studio.csproj]
C:\Program Files\dotnet\sdk\10.0.201\Microsoft.Common.CurrentVersion.targets(2451,5): warning MSB3277:             C:\Users\ultra\.nuget\packages\taskschedulereditor\2.10.1\lib\net452\Microsoft.Win32.TaskSchedulerEditor.dll [C:\Users\ultra\warewolf\Dev\Dev2.Studio\Dev2.Studio.csproj]
C:\Program Files\dotnet\sdk\10.0.201\Microsoft.Common.CurrentVersion.targets(2451,5): warning MSB3277:             C:\Users\ultra\.nuget\packages\ttcue.netcore.sharepointonline.csom.16.1.8029.1200\16.1.8029.1200\lib\netcoreapp2.0\Microsoft.SharePoint.Client.Runtime.Windows.dll [C:\Users\ultra\warewolf\Dev\Dev2.Studio\Dev2.Studio.csproj]
C:\Program Files\dotnet\sdk\10.0.201\Microsoft.Common.CurrentVersion.targets(2451,5): warning MSB3277: Found conflicts between different versions of "WindowsBase" that could not be resolved. [C:\Users\ultra\warewolf\Dev\Dev2.Studio\Dev2.Studio.csproj]
C:\Program Files\dotnet\sdk\10.0.201\Microsoft.Common.CurrentVersion.targets(2451,5): warning MSB3277: There was a conflict between "WindowsBase, Version=4.0.0.0, Culture=neutral, PublicKeyToken=31bf3856ad364e35" and "WindowsBase, Version=6.0.2.0, Culture=neutral, PublicKeyToken=31bf3856ad364e35". [C:\Users\ultra\warewolf\Dev\Dev2.Studio\Dev2.Studio.csproj]
C:\Program Files\dotnet\sdk\10.0.201\Microsoft.Common.CurrentVersion.targets(2451,5): warning MSB3277:     "WindowsBase, Version=4.0.0.0, Culture=neutral, PublicKeyToken=31bf3856ad364e35" was chosen because it was primary and "WindowsBase, Version=6.0.2.0, Culture=neutral, PublicKeyToken=31bf3856ad364e35" was not. [C:\Users\ultra\warewolf\Dev\Dev2.Studio\Dev2.Studio.csproj]
C:\Program Files\dotnet\sdk\10.0.201\Microsoft.Common.CurrentVersion.targets(2451,5): warning MSB3277:     References which depend on "WindowsBase, Version=4.0.0.0, Culture=neutral, PublicKeyToken=31bf3856ad364e35" [C:\Program Files\dotnet\packs\Microsoft.NETCore.App.Ref\8.0.25\ref\net8.0\WindowsBase.dll]. [C:\Users\ultra\warewolf\Dev\Dev2.Studio\Dev2.Studio.csproj]
C:\Program Files\dotnet\sdk\10.0.201\Microsoft.Common.CurrentVersion.targets(2451,5): warning MSB3277:         C:\Program Files\dotnet\packs\Microsoft.NETCore.App.Ref\8.0.25\ref\net8.0\WindowsBase.dll [C:\Users\ultra\warewolf\Dev\Dev2.Studio\Dev2.Studio.csproj]
C:\Program Files\dotnet\sdk\10.0.201\Microsoft.Common.CurrentVersion.targets(2451,5): warning MSB3277:           Project file item includes which caused reference "C:\Program Files\dotnet\packs\Microsoft.NETCore.App.Ref\8.0.25\ref\net8.0\WindowsBase.dll". [C:\Users\ultra\warewolf\Dev\Dev2.Studio\Dev2.Studio.csproj]
C:\Program Files\dotnet\sdk\10.0.201\Microsoft.Common.CurrentVersion.targets(2451,5): warning MSB3277:             C:\Program Files\dotnet\packs\Microsoft.NETCore.App.Ref\8.0.25\ref/net8.0/WindowsBase.dll [C:\Users\ultra\warewolf\Dev\Dev2.Studio\Dev2.Studio.csproj]
C:\Program Files\dotnet\sdk\10.0.201\Microsoft.Common.CurrentVersion.targets(2451,5): warning MSB3277:     References which depend on or have been unified to "WindowsBase, Version=6.0.2.0, Culture=neutral, PublicKeyToken=31bf3856ad364e35" []. [C:\Users\ultra\warewolf\Dev\Dev2.Studio\Dev2.Studio.csproj]
C:\Program Files\dotnet\sdk\10.0.201\Microsoft.Common.CurrentVersion.targets(2451,5): warning MSB3277:         C:\Users\ultra\warewolf\Dev\Binaries\Infragistcs_Net6\InfragisticsWPF4.Controls.Editors.XamComboEditor.v15.1.dll [C:\Users\ultra\warewolf\Dev\Dev2.Studio\Dev2.Studio.csproj]
C:\Program Files\dotnet\sdk\10.0.201\Microsoft.Common.CurrentVersion.targets(2451,5): warning MSB3277:           Project file item includes which caused reference "C:\Users\ultra\warewolf\Dev\Binaries\Infragistcs_Net6\InfragisticsWPF4.Controls.Editors.XamComboEditor.v15.1.dll". [C:\Users\ultra\warewolf\Dev\Dev2.Studio\Dev2.Studio.csproj]
C:\Program Files\dotnet\sdk\10.0.201\Microsoft.Common.CurrentVersion.targets(2451,5): warning MSB3277:             InfragisticsWPF4.Controls.Editors.XamComboEditor.v15.1, Version=15.1.20151.2055, Culture=neutral, processorArchitecture=MSIL [C:\Users\ultra\warewolf\Dev\Dev2.Studio\Dev2.Studio.csproj]
C:\Program Files\dotnet\sdk\10.0.201\Microsoft.Common.CurrentVersion.targets(2451,5): warning MSB3277:         C:\Users\ultra\warewolf\Dev\Binaries\Infragistcs_Net6\InfragisticsWPF4.Controls.Grids.XamGrid.v15.1.dll [C:\Users\ultra\warewolf\Dev\Dev2.Studio\Dev2.Studio.csproj]
C:\Program Files\dotnet\sdk\10.0.201\Microsoft.Common.CurrentVersion.targets(2451,5): warning MSB3277:           Project file item includes which caused reference "C:\Users\ultra\warewolf\Dev\Binaries\Infragistcs_Net6\InfragisticsWPF4.Controls.Grids.XamGrid.v15.1.dll". [C:\Users\ultra\warewolf\Dev\Dev2.Studio\Dev2.Studio.csproj]
C:\Program Files\dotnet\sdk\10.0.201\Microsoft.Common.CurrentVersion.targets(2451,5): warning MSB3277:             InfragisticsWPF4.Controls.Grids.XamGrid.v15.1, Version=15.1.20151.2055, Culture=neutral, PublicKeyToken=7dd5c3163f2cd0cb, processorArchitecture=MSIL [C:\Users\ultra\warewolf\Dev\Dev2.Studio\Dev2.Studio.csproj]
C:\Program Files\dotnet\sdk\10.0.201\Microsoft.Common.CurrentVersion.targets(2451,5): warning MSB3277:         C:\Users\ultra\warewolf\Dev\Binaries\Infragistcs_Net6\Infragistics.Calculations.dll [C:\Users\ultra\warewolf\Dev\Dev2.Studio\Dev2.Studio.csproj]
C:\Program Files\dotnet\sdk\10.0.201\Microsoft.Common.CurrentVersion.targets(2451,5): warning MSB3277:           Project file item includes which caused reference "C:\Users\ultra\warewolf\Dev\Binaries\Infragistcs_Net6\Infragistics.Calculations.dll". [C:\Users\ultra\warewolf\Dev\Dev2.Studio\Dev2.Studio.csproj]
C:\Program Files\dotnet\sdk\10.0.201\Microsoft.Common.CurrentVersion.targets(2451,5): warning MSB3277:             CalculationManager.WPF [C:\Users\ultra\warewolf\Dev\Dev2.Studio\Dev2.Studio.csproj]
C:\Program Files\dotnet\sdk\10.0.201\Microsoft.Common.CurrentVersion.targets(2451,5): warning MSB3277:         C:\Users\ultra\warewolf\Dev\Binaries\Infragistcs_Net6\InfragisticsWPF4.Controls.Interactions.XamDialogWindow.v15.1.dll [C:\Users\ultra\warewolf\Dev\Dev2.Studio\Dev2.Studio.csproj]
C:\Program Files\dotnet\sdk\10.0.201\Microsoft.Common.CurrentVersion.targets(2451,5): warning MSB3277:           Project file item includes which caused reference "C:\Users\ultra\warewolf\Dev\Binaries\Infragistcs_Net6\InfragisticsWPF4.Controls.Interactions.XamDialogWindow.v15.1.dll". [C:\Users\ultra\warewolf\Dev\Dev2.Studio\Dev2.Studio.csproj]
C:\Program Files\dotnet\sdk\10.0.201\Microsoft.Common.CurrentVersion.targets(2451,5): warning MSB3277:             InfragisticsWPF4.Controls.Interactions.XamDialogWindow.v15.1, Version=15.1.20151.2055, Culture=neutral, PublicKeyToken=7dd5c3163f2cd0cb, processorArchitecture=MSIL [C:\Users\ultra\warewolf\Dev\Dev2.Studio\Dev2.Studio.csproj]
C:\Program Files\dotnet\sdk\10.0.201\Microsoft.Common.CurrentVersion.targets(2451,5): warning MSB3277:         C:\Users\ultra\warewolf\Dev\Binaries\Infragistcs_Net6\InfragisticsWPF4.Controls.Maps.XamNetworkNode.v15.1.dll [C:\Users\ultra\warewolf\Dev\Dev2.Studio\Dev2.Studio.csproj]
C:\Program Files\dotnet\sdk\10.0.201\Microsoft.Common.CurrentVersion.targets(2451,5): warning MSB3277:           Project file item includes which caused reference "C:\Users\ultra\warewolf\Dev\Binaries\Infragistcs_Net6\InfragisticsWPF4.Controls.Maps.XamNetworkNode.v15.1.dll". [C:\Users\ultra\warewolf\Dev\Dev2.Studio\Dev2.Studio.csproj]
C:\Program Files\dotnet\sdk\10.0.201\Microsoft.Common.CurrentVersion.targets(2451,5): warning MSB3277:             InfragisticsWPF4.Controls.Maps.XamNetworkNode.v15.1, Version=15.1.20151.2055, Culture=neutral, PublicKeyToken=7dd5c3163f2cd0cb, processorArchitecture=MSIL [C:\Users\ultra\warewolf\Dev\Dev2.Studio\Dev2.Studio.csproj]
C:\Program Files\dotnet\sdk\10.0.201\Microsoft.Common.CurrentVersion.targets(2451,5): warning MSB3277:         C:\Users\ultra\warewolf\Dev\Binaries\Infragistcs_Net6\InfragisticsWPF4.Controls.Menus.XamDataTree.v15.1.dll [C:\Users\ultra\warewolf\Dev\Dev2.Studio\Dev2.Studio.csproj]
C:\Program Files\dotnet\sdk\10.0.201\Microsoft.Common.CurrentVersion.targets(2451,5): warning MSB3277:           Project file item includes which caused reference "C:\Users\ultra\warewolf\Dev\Binaries\Infragistcs_Net6\InfragisticsWPF4.Controls.Menus.XamDataTree.v15.1.dll". [C:\Users\ultra\warewolf\Dev\Dev2.Studio\Dev2.Studio.csproj]
C:\Program Files\dotnet\sdk\10.0.201\Microsoft.Common.CurrentVersion.targets(2451,5): warning MSB3277:             InfragisticsWPF4.Controls.Menus.XamDataTree.v15.1, Version=15.1.20151.2055, Culture=neutral, processorArchitecture=MSIL [C:\Users\ultra\warewolf\Dev\Dev2.Studio\Dev2.Studio.csproj]
C:\Program Files\dotnet\sdk\10.0.201\Microsoft.Common.CurrentVersion.targets(2451,5): warning MSB3277:         C:\Users\ultra\warewolf\Dev\Binaries\Infragistcs_Net6\InfragisticsWPF4.Controls.Menus.XamMenu.v15.1.dll [C:\Users\ultra\warewolf\Dev\Dev2.Studio\Dev2.Studio.csproj]
C:\Program Files\dotnet\sdk\10.0.201\Microsoft.Common.CurrentVersion.targets(2451,5): warning MSB3277:           Project file item includes which caused reference "C:\Users\ultra\warewolf\Dev\Binaries\Infragistcs_Net6\InfragisticsWPF4.Controls.Menus.XamMenu.v15.1.dll". [C:\Users\ultra\warewolf\Dev\Dev2.Studio\Dev2.Studio.csproj]
C:\Program Files\dotnet\sdk\10.0.201\Microsoft.Common.CurrentVersion.targets(2451,5): warning MSB3277:             InfragisticsWPF4.Controls.Menus.XamMenu.v15.1, Version=15.1.20151.2055, Culture=neutral, processorArchitecture=MSIL [C:\Users\ultra\warewolf\Dev\Dev2.Studio\Dev2.Studio.csproj]
C:\Program Files\dotnet\sdk\10.0.201\Microsoft.Common.CurrentVersion.targets(2451,5): warning MSB3277:             InfragisticsWPF4.Controls.Grids.XamGrid.v15.1, Version=15.1.20151.2055, Culture=neutral, PublicKeyToken=7dd5c3163f2cd0cb, processorArchitecture=MSIL [C:\Users\ultra\warewolf\Dev\Dev2.Studio\Dev2.Studio.csproj]
C:\Program Files\dotnet\sdk\10.0.201\Microsoft.Common.CurrentVersion.targets(2451,5): warning MSB3277:         C:\Users\ultra\warewolf\Dev\Binaries\Infragistcs_Net6\InfragisticsWPF4.DataManager.v15.1.dll [C:\Users\ultra\warewolf\Dev\Dev2.Studio\Dev2.Studio.csproj]
C:\Program Files\dotnet\sdk\10.0.201\Microsoft.Common.CurrentVersion.targets(2451,5): warning MSB3277:           Project file item includes which caused reference "C:\Users\ultra\warewolf\Dev\Binaries\Infragistcs_Net6\InfragisticsWPF4.DataManager.v15.1.dll". [C:\Users\ultra\warewolf\Dev\Dev2.Studio\Dev2.Studio.csproj]
C:\Program Files\dotnet\sdk\10.0.201\Microsoft.Common.CurrentVersion.targets(2451,5): warning MSB3277:             InfragisticsWPF4.DataManager.v15.1, Version=15.1.20151.2055, Culture=neutral, processorArchitecture=MSIL [C:\Users\ultra\warewolf\Dev\Dev2.Studio\Dev2.Studio.csproj]
C:\Program Files\dotnet\sdk\10.0.201\Microsoft.Common.CurrentVersion.targets(2451,5): warning MSB3277:             InfragisticsWPF4.Controls.Editors.XamComboEditor.v15.1, Version=15.1.20151.2055, Culture=neutral, processorArchitecture=MSIL [C:\Users\ultra\warewolf\Dev\Dev2.Studio\Dev2.Studio.csproj]
C:\Program Files\dotnet\sdk\10.0.201\Microsoft.Common.CurrentVersion.targets(2451,5): warning MSB3277:             InfragisticsWPF4.Controls.Grids.XamGrid.v15.1, Version=15.1.20151.2055, Culture=neutral, PublicKeyToken=7dd5c3163f2cd0cb, processorArchitecture=MSIL [C:\Users\ultra\warewolf\Dev\Dev2.Studio\Dev2.Studio.csproj]
C:\Program Files\dotnet\sdk\10.0.201\Microsoft.Common.CurrentVersion.targets(2451,5): warning MSB3277:             InfragisticsWPF4.Controls.Menus.XamDataTree.v15.1, Version=15.1.20151.2055, Culture=neutral, processorArchitecture=MSIL [C:\Users\ultra\warewolf\Dev\Dev2.Studio\Dev2.Studio.csproj]
C:\Program Files\dotnet\sdk\10.0.201\Microsoft.Common.CurrentVersion.targets(2451,5): warning MSB3277:         C:\Users\ultra\warewolf\Dev\Binaries\Infragistcs_Net6\InfragisticsWPF4.DataPresenter.v15.1.dll [C:\Users\ultra\warewolf\Dev\Dev2.Studio\Dev2.Studio.csproj]
C:\Program Files\dotnet\sdk\10.0.201\Microsoft.Common.CurrentVersion.targets(2451,5): warning MSB3277:           Project file item includes which caused reference "C:\Users\ultra\warewolf\Dev\Binaries\Infragistcs_Net6\InfragisticsWPF4.DataPresenter.v15.1.dll". [C:\Users\ultra\warewolf\Dev\Dev2.Studio\Dev2.Studio.csproj]
C:\Program Files\dotnet\sdk\10.0.201\Microsoft.Common.CurrentVersion.targets(2451,5): warning MSB3277:             InfragisticsWPF4.DataPresenter.v15.1 [C:\Users\ultra\warewolf\Dev\Dev2.Studio\Dev2.Studio.csproj]
C:\Program Files\dotnet\sdk\10.0.201\Microsoft.Common.CurrentVersion.targets(2451,5): warning MSB3277:         C:\Users\ultra\warewolf\Dev\Binaries\Infragistcs_Net6\InfragisticsWPF4.DataVisualization.v15.1.dll [C:\Users\ultra\warewolf\Dev\Dev2.Studio\Dev2.Studio.csproj]
C:\Program Files\dotnet\sdk\10.0.201\Microsoft.Common.CurrentVersion.targets(2451,5): warning MSB3277:           Project file item includes which caused reference "C:\Users\ultra\warewolf\Dev\Binaries\Infragistcs_Net6\InfragisticsWPF4.DataVisualization.v15.1.dll". [C:\Users\ultra\warewolf\Dev\Dev2.Studio\Dev2.Studio.csproj]
C:\Program Files\dotnet\sdk\10.0.201\Microsoft.Common.CurrentVersion.targets(2451,5): warning MSB3277:             InfragisticsWPF4.DataVisualization.v15.1, Version=15.1.20151.2055, Culture=neutral, PublicKeyToken=7dd5c3163f2cd0cb, processorArchitecture=MSIL [C:\Users\ultra\warewolf\Dev\Dev2.Studio\Dev2.Studio.csproj]
C:\Program Files\dotnet\sdk\10.0.201\Microsoft.Common.CurrentVersion.targets(2451,5): warning MSB3277:             InfragisticsWPF4.Controls.Maps.XamNetworkNode.v15.1, Version=15.1.20151.2055, Culture=neutral, PublicKeyToken=7dd5c3163f2cd0cb, processorArchitecture=MSIL [C:\Users\ultra\warewolf\Dev\Dev2.Studio\Dev2.Studio.csproj]
C:\Program Files\dotnet\sdk\10.0.201\Microsoft.Common.CurrentVersion.targets(2451,5): warning MSB3277:             InfragisticsWPF4.Math.Calculators.v15.1, Version=15.1.20151.2055, Culture=neutral, PublicKeyToken=7dd5c3163f2cd0cb, processorArchitecture=MSIL [C:\Users\ultra\warewolf\Dev\Dev2.Studio\Dev2.Studio.csproj]
C:\Program Files\dotnet\sdk\10.0.201\Microsoft.Common.CurrentVersion.targets(2451,5): warning MSB3277:         C:\Users\ultra\warewolf\Dev\Binaries\Infragistcs_Net6\InfragisticsWPF4.DockManager.v15.1.dll [C:\Users\ultra\warewolf\Dev\Dev2.Studio\Dev2.Studio.csproj]
C:\Program Files\dotnet\sdk\10.0.201\Microsoft.Common.CurrentVersion.targets(2451,5): warning MSB3277:           Project file item includes which caused reference "C:\Users\ultra\warewolf\Dev\Binaries\Infragistcs_Net6\InfragisticsWPF4.DockManager.v15.1.dll". [C:\Users\ultra\warewolf\Dev\Dev2.Studio\Dev2.Studio.csproj]
C:\Program Files\dotnet\sdk\10.0.201\Microsoft.Common.CurrentVersion.targets(2451,5): warning MSB3277:             InfragisticsWPF4.DockManager.v15.1, Version=15.1.20151.2055, Culture=neutral, PublicKeyToken=7dd5c3163f2cd0cb, processorArchitecture=MSIL [C:\Users\ultra\warewolf\Dev\Dev2.Studio\Dev2.Studio.csproj]
C:\Program Files\dotnet\sdk\10.0.201\Microsoft.Common.CurrentVersion.targets(2451,5): warning MSB3277:         C:\Users\ultra\warewolf\Dev\Binaries\Infragistcs_Net6\InfragisticsWPF4.DragDrop.v15.1.dll [C:\Users\ultra\warewolf\Dev\Dev2.Studio\Dev2.Studio.csproj]
C:\Program Files\dotnet\sdk\10.0.201\Microsoft.Common.CurrentVersion.targets(2451,5): warning MSB3277:           Project file item includes which caused reference "C:\Users\ultra\warewolf\Dev\Binaries\Infragistcs_Net6\InfragisticsWPF4.DragDrop.v15.1.dll". [C:\Users\ultra\warewolf\Dev\Dev2.Studio\Dev2.Studio.csproj]
C:\Program Files\dotnet\sdk\10.0.201\Microsoft.Common.CurrentVersion.targets(2451,5): warning MSB3277:             InfragisticsWPF4.DragDrop.v15.1, Version=15.1.20151.2055, Culture=neutral, PublicKeyToken=7dd5c3163f2cd0cb, processorArchitecture=MSIL [C:\Users\ultra\warewolf\Dev\Dev2.Studio\Dev2.Studio.csproj]
C:\Program Files\dotnet\sdk\10.0.201\Microsoft.Common.CurrentVersion.targets(2451,5): warning MSB3277:             InfragisticsWPF4.Controls.Menus.XamDataTree.v15.1, Version=15.1.20151.2055, Culture=neutral, processorArchitecture=MSIL [C:\Users\ultra\warewolf\Dev\Dev2.Studio\Dev2.Studio.csproj]
C:\Program Files\dotnet\sdk\10.0.201\Microsoft.Common.CurrentVersion.targets(2451,5): warning MSB3277:         C:\Users\ultra\warewolf\Dev\Binaries\Infragistcs_Net6\InfragisticsWPF4.Editors.v15.1.dll [C:\Users\ultra\warewolf\Dev\Dev2.Studio\Dev2.Studio.csproj]
C:\Program Files\dotnet\sdk\10.0.201\Microsoft.Common.CurrentVersion.targets(2451,5): warning MSB3277:           Project file item includes which caused reference "C:\Users\ultra\warewolf\Dev\Binaries\Infragistcs_Net6\InfragisticsWPF4.Editors.v15.1.dll". [C:\Users\ultra\warewolf\Dev\Dev2.Studio\Dev2.Studio.csproj]
C:\Program Files\dotnet\sdk\10.0.201\Microsoft.Common.CurrentVersion.targets(2451,5): warning MSB3277:             InfragisticsWPF4.Editors.v15.1, Version=15.1.20151.2055, Culture=neutral, processorArchitecture=MSIL [C:\Users\ultra\warewolf\Dev\Dev2.Studio\Dev2.Studio.csproj]
C:\Program Files\dotnet\sdk\10.0.201\Microsoft.Common.CurrentVersion.targets(2451,5): warning MSB3277:             InfragisticsWPF4.DataPresenter.v15.1 [C:\Users\ultra\warewolf\Dev\Dev2.Studio\Dev2.Studio.csproj]
C:\Program Files\dotnet\sdk\10.0.201\Microsoft.Common.CurrentVersion.targets(2451,5): warning MSB3277:         C:\Users\ultra\warewolf\Dev\Binaries\Infragistcs_Net6\InfragisticsWPF4.Math.Calculators.v15.1.dll [C:\Users\ultra\warewolf\Dev\Dev2.Studio\Dev2.Studio.csproj]
C:\Program Files\dotnet\sdk\10.0.201\Microsoft.Common.CurrentVersion.targets(2451,5): warning MSB3277:           Project file item includes which caused reference "C:\Users\ultra\warewolf\Dev\Binaries\Infragistcs_Net6\InfragisticsWPF4.Math.Calculators.v15.1.dll". [C:\Users\ultra\warewolf\Dev\Dev2.Studio\Dev2.Studio.csproj]
C:\Program Files\dotnet\sdk\10.0.201\Microsoft.Common.CurrentVersion.targets(2451,5): warning MSB3277:             InfragisticsWPF4.Math.Calculators.v15.1, Version=15.1.20151.2055, Culture=neutral, PublicKeyToken=7dd5c3163f2cd0cb, processorArchitecture=MSIL [C:\Users\ultra\warewolf\Dev\Dev2.Studio\Dev2.Studio.csproj]
C:\Program Files\dotnet\sdk\10.0.201\Microsoft.Common.CurrentVersion.targets(2451,5): warning MSB3277:         C:\Users\ultra\warewolf\Dev\Binaries\Infragistcs_Net6\InfragisticsWPF4.v15.1.dll [C:\Users\ultra\warewolf\Dev\Dev2.Studio\Dev2.Studio.csproj]
C:\Program Files\dotnet\sdk\10.0.201\Microsoft.Common.CurrentVersion.targets(2451,5): warning MSB3277:           Project file item includes which caused reference "C:\Users\ultra\warewolf\Dev\Binaries\Infragistcs_Net6\InfragisticsWPF4.v15.1.dll". [C:\Users\ultra\warewolf\Dev\Dev2.Studio\Dev2.Studio.csproj]
C:\Program Files\dotnet\sdk\10.0.201\Microsoft.Common.CurrentVersion.targets(2451,5): warning MSB3277:             InfragisticsWPF4.v15.1, Version=15.1.20151.2055, Culture=neutral, PublicKeyToken=7dd5c3163f2cd0cb, processorArchitecture=MSIL [C:\Users\ultra\warewolf\Dev\Dev2.Studio\Dev2.Studio.csproj]
C:\Program Files\dotnet\sdk\10.0.201\Microsoft.Common.CurrentVersion.targets(2451,5): warning MSB3277:             InfragisticsWPF4.Controls.Editors.XamComboEditor.v15.1, Version=15.1.20151.2055, Culture=neutral, processorArchitecture=MSIL [C:\Users\ultra\warewolf\Dev\Dev2.Studio\Dev2.Studio.csproj]
C:\Program Files\dotnet\sdk\10.0.201\Microsoft.Common.CurrentVersion.targets(2451,5): warning MSB3277:             InfragisticsWPF4.Controls.Grids.XamGrid.v15.1, Version=15.1.20151.2055, Culture=neutral, PublicKeyToken=7dd5c3163f2cd0cb, processorArchitecture=MSIL [C:\Users\ultra\warewolf\Dev\Dev2.Studio\Dev2.Studio.csproj]
C:\Program Files\dotnet\sdk\10.0.201\Microsoft.Common.CurrentVersion.targets(2451,5): warning MSB3277:             CalculationManager.WPF [C:\Users\ultra\warewolf\Dev\Dev2.Studio\Dev2.Studio.csproj]
C:\Program Files\dotnet\sdk\10.0.201\Microsoft.Common.CurrentVersion.targets(2451,5): warning MSB3277:             InfragisticsWPF4.Controls.Interactions.XamDialogWindow.v15.1, Version=15.1.20151.2055, Culture=neutral, PublicKeyToken=7dd5c3163f2cd0cb, processorArchitecture=MSIL [C:\Users\ultra\warewolf\Dev\Dev2.Studio\Dev2.Studio.csproj]
C:\Program Files\dotnet\sdk\10.0.201\Microsoft.Common.CurrentVersion.targets(2451,5): warning MSB3277:             InfragisticsWPF4.Controls.Maps.XamNetworkNode.v15.1, Version=15.1.20151.2055, Culture=neutral, PublicKeyToken=7dd5c3163f2cd0cb, processorArchitecture=MSIL [C:\Users\ultra\warewolf\Dev\Dev2.Studio\Dev2.Studio.csproj]
C:\Program Files\dotnet\sdk\10.0.201\Microsoft.Common.CurrentVersion.targets(2451,5): warning MSB3277:             InfragisticsWPF4.Controls.Menus.XamDataTree.v15.1, Version=15.1.20151.2055, Culture=neutral, processorArchitecture=MSIL [C:\Users\ultra\warewolf\Dev\Dev2.Studio\Dev2.Studio.csproj]
C:\Program Files\dotnet\sdk\10.0.201\Microsoft.Common.CurrentVersion.targets(2451,5): warning MSB3277:             InfragisticsWPF4.Controls.Menus.XamMenu.v15.1, Version=15.1.20151.2055, Culture=neutral, processorArchitecture=MSIL [C:\Users\ultra\warewolf\Dev\Dev2.Studio\Dev2.Studio.csproj]
C:\Program Files\dotnet\sdk\10.0.201\Microsoft.Common.CurrentVersion.targets(2451,5): warning MSB3277:             InfragisticsWPF4.DataManager.v15.1, Version=15.1.20151.2055, Culture=neutral, processorArchitecture=MSIL [C:\Users\ultra\warewolf\Dev\Dev2.Studio\Dev2.Studio.csproj]
C:\Program Files\dotnet\sdk\10.0.201\Microsoft.Common.CurrentVersion.targets(2451,5): warning MSB3277:             InfragisticsWPF4.DataPresenter.v15.1 [C:\Users\ultra\warewolf\Dev\Dev2.Studio\Dev2.Studio.csproj]
C:\Program Files\dotnet\sdk\10.0.201\Microsoft.Common.CurrentVersion.targets(2451,5): warning MSB3277:             InfragisticsWPF4.DataVisualization.v15.1, Version=15.1.20151.2055, Culture=neutral, PublicKeyToken=7dd5c3163f2cd0cb, processorArchitecture=MSIL [C:\Users\ultra\warewolf\Dev\Dev2.Studio\Dev2.Studio.csproj]
C:\Program Files\dotnet\sdk\10.0.201\Microsoft.Common.CurrentVersion.targets(2451,5): warning MSB3277:             InfragisticsWPF4.DockManager.v15.1, Version=15.1.20151.2055, Culture=neutral, PublicKeyToken=7dd5c3163f2cd0cb, processorArchitecture=MSIL [C:\Users\ultra\warewolf\Dev\Dev2.Studio\Dev2.Studio.csproj]
C:\Program Files\dotnet\sdk\10.0.201\Microsoft.Common.CurrentVersion.targets(2451,5): warning MSB3277:             InfragisticsWPF4.Editors.v15.1, Version=15.1.20151.2055, Culture=neutral, processorArchitecture=MSIL [C:\Users\ultra\warewolf\Dev\Dev2.Studio\Dev2.Studio.csproj]
C:\Program Files\dotnet\sdk\10.0.201\Microsoft.Common.CurrentVersion.targets(2451,5): warning MSB3277:             InfragisticsWPF4.Math.Calculators.v15.1, Version=15.1.20151.2055, Culture=neutral, PublicKeyToken=7dd5c3163f2cd0cb, processorArchitecture=MSIL [C:\Users\ultra\warewolf\Dev\Dev2.Studio\Dev2.Studio.csproj]
C:\Program Files\dotnet\sdk\10.0.201\Microsoft.Common.CurrentVersion.targets(2451,5): warning MSB3277:             InfragisticsWPF4.Math.v15.1, Version=15.1.20151.2055, Culture=neutral, PublicKeyToken=7dd5c3163f2cd0cb, processorArchitecture=MSIL [C:\Users\ultra\warewolf\Dev\Dev2.Studio\Dev2.Studio.csproj]
C:\Program Files\dotnet\sdk\10.0.201\Microsoft.Common.CurrentVersion.targets(2451,5): warning MSB3277:         C:\Users\ultra\.nuget\packages\avalonedit\6.3.0.90\lib\net462\ICSharpCode.AvalonEdit.dll [C:\Users\ultra\warewolf\Dev\Dev2.Studio\Dev2.Studio.csproj]
C:\Program Files\dotnet\sdk\10.0.201\Microsoft.Common.CurrentVersion.targets(2451,5): warning MSB3277:           Project file item includes which caused reference "C:\Users\ultra\.nuget\packages\avalonedit\6.3.0.90\lib\net462\ICSharpCode.AvalonEdit.dll". [C:\Users\ultra\warewolf\Dev\Dev2.Studio\Dev2.Studio.csproj]
C:\Program Files\dotnet\sdk\10.0.201\Microsoft.Common.CurrentVersion.targets(2451,5): warning MSB3277:             C:\Users\ultra\.nuget\packages\avalonedit\6.3.0.90\lib\net462\ICSharpCode.AvalonEdit.dll [C:\Users\ultra\warewolf\Dev\Dev2.Studio\Dev2.Studio.csproj]
C:\Program Files\dotnet\sdk\10.0.201\Microsoft.Common.CurrentVersion.targets(2451,5): warning MSB3277:         C:\Users\ultra\.nuget\packages\caliburn.micro\4.0.212\lib\netcoreapp3.1\Caliburn.Micro.Platform.dll [C:\Users\ultra\warewolf\Dev\Dev2.Studio\Dev2.Studio.csproj]
C:\Program Files\dotnet\sdk\10.0.201\Microsoft.Common.CurrentVersion.targets(2451,5): warning MSB3277:           Project file item includes which caused reference "C:\Users\ultra\.nuget\packages\caliburn.micro\4.0.212\lib\netcoreapp3.1\Caliburn.Micro.Platform.dll". [C:\Users\ultra\warewolf\Dev\Dev2.Studio\Dev2.Studio.csproj]
C:\Program Files\dotnet\sdk\10.0.201\Microsoft.Common.CurrentVersion.targets(2451,5): warning MSB3277:             C:\Users\ultra\.nuget\packages\caliburn.micro\4.0.212\lib\netcoreapp3.1\Caliburn.Micro.Platform.dll [C:\Users\ultra\warewolf\Dev\Dev2.Studio\Dev2.Studio.csproj]
C:\Program Files\dotnet\sdk\10.0.201\Microsoft.Common.CurrentVersion.targets(2451,5): warning MSB3277:         C:\Users\ultra\.nuget\packages\extended.wpf.toolkit\4.4.0\lib\net5.0\Xceed.Wpf.AvalonDock.NET5.dll [C:\Users\ultra\warewolf\Dev\Dev2.Studio\Dev2.Studio.csproj]
C:\Program Files\dotnet\sdk\10.0.201\Microsoft.Common.CurrentVersion.targets(2451,5): warning MSB3277:           Project file item includes which caused reference "C:\Users\ultra\.nuget\packages\extended.wpf.toolkit\4.4.0\lib\net5.0\Xceed.Wpf.AvalonDock.NET5.dll". [C:\Users\ultra\warewolf\Dev\Dev2.Studio\Dev2.Studio.csproj]
C:\Program Files\dotnet\sdk\10.0.201\Microsoft.Common.CurrentVersion.targets(2451,5): warning MSB3277:             C:\Users\ultra\.nuget\packages\extended.wpf.toolkit\4.4.0\lib\net5.0\Xceed.Wpf.AvalonDock.NET5.dll [C:\Users\ultra\warewolf\Dev\Dev2.Studio\Dev2.Studio.csproj]
C:\Program Files\dotnet\sdk\10.0.201\Microsoft.Common.CurrentVersion.targets(2451,5): warning MSB3277:             C:\Users\ultra\.nuget\packages\extended.wpf.toolkit\4.4.0\lib\net5.0\Xceed.Wpf.AvalonDock.Themes.Aero.NET5.dll [C:\Users\ultra\warewolf\Dev\Dev2.Studio\Dev2.Studio.csproj]
C:\Program Files\dotnet\sdk\10.0.201\Microsoft.Common.CurrentVersion.targets(2451,5): warning MSB3277:             C:\Users\ultra\.nuget\packages\extended.wpf.toolkit\4.4.0\lib\net5.0\Xceed.Wpf.AvalonDock.Themes.Metro.NET5.dll [C:\Users\ultra\warewolf\Dev\Dev2.Studio\Dev2.Studio.csproj]
C:\Program Files\dotnet\sdk\10.0.201\Microsoft.Common.CurrentVersion.targets(2451,5): warning MSB3277:             C:\Users\ultra\.nuget\packages\extended.wpf.toolkit\4.4.0\lib\net5.0\Xceed.Wpf.AvalonDock.Themes.VS2010.NET5.dll [C:\Users\ultra\warewolf\Dev\Dev2.Studio\Dev2.Studio.csproj]
C:\Program Files\dotnet\sdk\10.0.201\Microsoft.Common.CurrentVersion.targets(2451,5): warning MSB3277:         C:\Users\ultra\.nuget\packages\extended.wpf.toolkit\4.4.0\lib\net5.0\Xceed.Wpf.AvalonDock.Themes.Aero.NET5.dll [C:\Users\ultra\warewolf\Dev\Dev2.Studio\Dev2.Studio.csproj]
C:\Program Files\dotnet\sdk\10.0.201\Microsoft.Common.CurrentVersion.targets(2451,5): warning MSB3277:           Project file item includes which caused reference "C:\Users\ultra\.nuget\packages\extended.wpf.toolkit\4.4.0\lib\net5.0\Xceed.Wpf.AvalonDock.Themes.Aero.NET5.dll". [C:\Users\ultra\warewolf\Dev\Dev2.Studio\Dev2.Studio.csproj]
C:\Program Files\dotnet\sdk\10.0.201\Microsoft.Common.CurrentVersion.targets(2451,5): warning MSB3277:             C:\Users\ultra\.nuget\packages\extended.wpf.toolkit\4.4.0\lib\net5.0\Xceed.Wpf.AvalonDock.Themes.Aero.NET5.dll [C:\Users\ultra\warewolf\Dev\Dev2.Studio\Dev2.Studio.csproj]
C:\Program Files\dotnet\sdk\10.0.201\Microsoft.Common.CurrentVersion.targets(2451,5): warning MSB3277:         C:\Users\ultra\.nuget\packages\extended.wpf.toolkit\4.4.0\lib\net5.0\Xceed.Wpf.Toolkit.NET5.dll [C:\Users\ultra\warewolf\Dev\Dev2.Studio\Dev2.Studio.csproj]
C:\Program Files\dotnet\sdk\10.0.201\Microsoft.Common.CurrentVersion.targets(2451,5): warning MSB3277:           Project file item includes which caused reference "C:\Users\ultra\.nuget\packages\extended.wpf.toolkit\4.4.0\lib\net5.0\Xceed.Wpf.Toolkit.NET5.dll". [C:\Users\ultra\warewolf\Dev\Dev2.Studio\Dev2.Studio.csproj]
C:\Program Files\dotnet\sdk\10.0.201\Microsoft.Common.CurrentVersion.targets(2451,5): warning MSB3277:             C:\Users\ultra\.nuget\packages\extended.wpf.toolkit\4.4.0\lib\net5.0\Xceed.Wpf.Toolkit.NET5.dll [C:\Users\ultra\warewolf\Dev\Dev2.Studio\Dev2.Studio.csproj]
C:\Program Files\dotnet\sdk\10.0.201\Microsoft.Common.CurrentVersion.targets(2451,5): warning MSB3277:         C:\Users\ultra\.nuget\packages\fontawesome.wpf\4.7.0.9\lib\net40\FontAwesome.WPF.dll [C:\Users\ultra\warewolf\Dev\Dev2.Studio\Dev2.Studio.csproj]
C:\Program Files\dotnet\sdk\10.0.201\Microsoft.Common.CurrentVersion.targets(2451,5): warning MSB3277:           Project file item includes which caused reference "C:\Users\ultra\.nuget\packages\fontawesome.wpf\4.7.0.9\lib\net40\FontAwesome.WPF.dll". [C:\Users\ultra\warewolf\Dev\Dev2.Studio\Dev2.Studio.csproj]
C:\Program Files\dotnet\sdk\10.0.201\Microsoft.Common.CurrentVersion.targets(2451,5): warning MSB3277:             C:\Users\ultra\.nuget\packages\fontawesome.wpf\4.7.0.9\lib\net40\FontAwesome.WPF.dll [C:\Users\ultra\warewolf\Dev\Dev2.Studio\Dev2.Studio.csproj]
C:\Program Files\dotnet\sdk\10.0.201\Microsoft.Common.CurrentVersion.targets(2451,5): warning MSB3277:         C:\Users\ultra\.nuget\packages\ironpython\3.4.0\lib\net6.0\IronPython.Wpf.dll [C:\Users\ultra\warewolf\Dev\Dev2.Studio\Dev2.Studio.csproj]
C:\Program Files\dotnet\sdk\10.0.201\Microsoft.Common.CurrentVersion.targets(2451,5): warning MSB3277:           Project file item includes which caused reference "C:\Users\ultra\.nuget\packages\ironpython\3.4.0\lib\net6.0\IronPython.Wpf.dll". [C:\Users\ultra\warewolf\Dev\Dev2.Studio\Dev2.Studio.csproj]
C:\Program Files\dotnet\sdk\10.0.201\Microsoft.Common.CurrentVersion.targets(2451,5): warning MSB3277:             C:\Users\ultra\.nuget\packages\ironpython\3.4.0\lib\net6.0\IronPython.Wpf.dll [C:\Users\ultra\warewolf\Dev\Dev2.Studio\Dev2.Studio.csproj]
C:\Program Files\dotnet\sdk\10.0.201\Microsoft.Common.CurrentVersion.targets(2451,5): warning MSB3277:         C:\Users\ultra\.nuget\packages\microsoft.xaml.behaviors.wpf\1.1.122\lib\net462\Microsoft.Xaml.Behaviors.dll [C:\Users\ultra\warewolf\Dev\Dev2.Studio\Dev2.Studio.csproj]
C:\Program Files\dotnet\sdk\10.0.201\Microsoft.Common.CurrentVersion.targets(2451,5): warning MSB3277:           Project file item includes which caused reference "C:\Users\ultra\.nuget\packages\microsoft.xaml.behaviors.wpf\1.1.122\lib\net462\Microsoft.Xaml.Behaviors.dll". [C:\Users\ultra\warewolf\Dev\Dev2.Studio\Dev2.Studio.csproj]
C:\Program Files\dotnet\sdk\10.0.201\Microsoft.Common.CurrentVersion.targets(2451,5): warning MSB3277:             C:\Users\ultra\.nuget\packages\microsoft.xaml.behaviors.wpf\1.1.122\lib\net462\Microsoft.Xaml.Behaviors.dll [C:\Users\ultra\warewolf\Dev\Dev2.Studio\Dev2.Studio.csproj]
C:\Program Files\dotnet\sdk\10.0.201\Microsoft.Common.CurrentVersion.targets(2451,5): warning MSB3277:             C:\Users\ultra\.nuget\packages\caliburn.micro\4.0.212\lib\netcoreapp3.1\Caliburn.Micro.Platform.dll [C:\Users\ultra\warewolf\Dev\Dev2.Studio\Dev2.Studio.csproj]
C:\Program Files\dotnet\sdk\10.0.201\Microsoft.Common.CurrentVersion.targets(2451,5): warning MSB3277:             C:\Users\ultra\.nuget\packages\prism.wpf\9.0.537\lib\net462\Prism.Wpf.dll [C:\Users\ultra\warewolf\Dev\Dev2.Studio\Dev2.Studio.csproj]
C:\Program Files\dotnet\sdk\10.0.201\Microsoft.Common.CurrentVersion.targets(2451,5): warning MSB3277:         C:\Users\ultra\.nuget\packages\prism.composition\5.0.0\lib\NET45\Microsoft.Practices.Prism.Composition.dll [C:\Users\ultra\warewolf\Dev\Dev2.Studio\Dev2.Studio.csproj]
C:\Program Files\dotnet\sdk\10.0.201\Microsoft.Common.CurrentVersion.targets(2451,5): warning MSB3277:           Project file item includes which caused reference "C:\Users\ultra\.nuget\packages\prism.composition\5.0.0\lib\NET45\Microsoft.Practices.Prism.Composition.dll". [C:\Users\ultra\warewolf\Dev\Dev2.Studio\Dev2.Studio.csproj]
C:\Program Files\dotnet\sdk\10.0.201\Microsoft.Common.CurrentVersion.targets(2451,5): warning MSB3277:             C:\Users\ultra\.nuget\packages\prism.composition\5.0.0\lib\NET45\Microsoft.Practices.Prism.Composition.dll [C:\Users\ultra\warewolf\Dev\Dev2.Studio\Dev2.Studio.csproj]
C:\Program Files\dotnet\sdk\10.0.201\Microsoft.Common.CurrentVersion.targets(2451,5): warning MSB3277:             C:\Users\ultra\.nuget\packages\prism.unityextensions\5.0.1\lib\NET45\Microsoft.Practices.Prism.UnityExtensions.dll [C:\Users\ultra\warewolf\Dev\Dev2.Studio\Dev2.Studio.csproj]
C:\Program Files\dotnet\sdk\10.0.201\Microsoft.Common.CurrentVersion.targets(2451,5): warning MSB3277:         C:\Users\ultra\.nuget\packages\prism.interactivity\5.0.0\lib\NET45\Microsoft.Practices.Prism.Interactivity.dll [C:\Users\ultra\warewolf\Dev\Dev2.Studio\Dev2.Studio.csproj]
C:\Program Files\dotnet\sdk\10.0.201\Microsoft.Common.CurrentVersion.targets(2451,5): warning MSB3277:           Project file item includes which caused reference "C:\Users\ultra\.nuget\packages\prism.interactivity\5.0.0\lib\NET45\Microsoft.Practices.Prism.Interactivity.dll". [C:\Users\ultra\warewolf\Dev\Dev2.Studio\Dev2.Studio.csproj]
C:\Program Files\dotnet\sdk\10.0.201\Microsoft.Common.CurrentVersion.targets(2451,5): warning MSB3277:             C:\Users\ultra\.nuget\packages\prism.interactivity\5.0.0\lib\NET45\Microsoft.Practices.Prism.Interactivity.dll [C:\Users\ultra\warewolf\Dev\Dev2.Studio\Dev2.Studio.csproj]
C:\Program Files\dotnet\sdk\10.0.201\Microsoft.Common.CurrentVersion.targets(2451,5): warning MSB3277:         C:\Users\ultra\.nuget\packages\prism.mvvm\1.0.0\lib\net45\Microsoft.Practices.Prism.Mvvm.Desktop.dll [C:\Users\ultra\warewolf\Dev\Dev2.Studio\Dev2.Studio.csproj]
C:\Program Files\dotnet\sdk\10.0.201\Microsoft.Common.CurrentVersion.targets(2451,5): warning MSB3277:           Project file item includes which caused reference "C:\Users\ultra\.nuget\packages\prism.mvvm\1.0.0\lib\net45\Microsoft.Practices.Prism.Mvvm.Desktop.dll". [C:\Users\ultra\warewolf\Dev\Dev2.Studio\Dev2.Studio.csproj]
C:\Program Files\dotnet\sdk\10.0.201\Microsoft.Common.CurrentVersion.targets(2451,5): warning MSB3277:             C:\Users\ultra\.nuget\packages\prism.mvvm\1.0.0\lib\net45\Microsoft.Practices.Prism.Mvvm.Desktop.dll [C:\Users\ultra\warewolf\Dev\Dev2.Studio\Dev2.Studio.csproj]
C:\Program Files\dotnet\sdk\10.0.201\Microsoft.Common.CurrentVersion.targets(2451,5): warning MSB3277:         C:\Users\ultra\.nuget\packages\prism.unityextensions\5.0.1\lib\NET45\Microsoft.Practices.Prism.UnityExtensions.dll [C:\Users\ultra\warewolf\Dev\Dev2.Studio\Dev2.Studio.csproj]
C:\Program Files\dotnet\sdk\10.0.201\Microsoft.Common.CurrentVersion.targets(2451,5): warning MSB3277:           Project file item includes which caused reference "C:\Users\ultra\.nuget\packages\prism.unityextensions\5.0.1\lib\NET45\Microsoft.Practices.Prism.UnityExtensions.dll". [C:\Users\ultra\warewolf\Dev\Dev2.Studio\Dev2.Studio.csproj]
C:\Program Files\dotnet\sdk\10.0.201\Microsoft.Common.CurrentVersion.targets(2451,5): warning MSB3277:             C:\Users\ultra\.nuget\packages\prism.unityextensions\5.0.1\lib\NET45\Microsoft.Practices.Prism.UnityExtensions.dll [C:\Users\ultra\warewolf\Dev\Dev2.Studio\Dev2.Studio.csproj]
C:\Program Files\dotnet\sdk\10.0.201\Microsoft.Common.CurrentVersion.targets(2451,5): warning MSB3277:         C:\Users\ultra\.nuget\packages\prism.wpf\9.0.537\lib\net462\Prism.Wpf.dll [C:\Users\ultra\warewolf\Dev\Dev2.Studio\Dev2.Studio.csproj]
C:\Program Files\dotnet\sdk\10.0.201\Microsoft.Common.CurrentVersion.targets(2451,5): warning MSB3277:           Project file item includes which caused reference "C:\Users\ultra\.nuget\packages\prism.wpf\9.0.537\lib\net462\Prism.Wpf.dll". [C:\Users\ultra\warewolf\Dev\Dev2.Studio\Dev2.Studio.csproj]
C:\Program Files\dotnet\sdk\10.0.201\Microsoft.Common.CurrentVersion.targets(2451,5): warning MSB3277:             C:\Users\ultra\.nuget\packages\prism.wpf\9.0.537\lib\net462\Prism.Wpf.dll [C:\Users\ultra\warewolf\Dev\Dev2.Studio\Dev2.Studio.csproj]
C:\Program Files\dotnet\sdk\10.0.201\Microsoft.Common.CurrentVersion.targets(2451,5): warning MSB3277:         C:\Users\ultra\.nuget\packages\reactiveui.wpf\18.4.1\lib\net462\ReactiveUI.Wpf.dll [C:\Users\ultra\warewolf\Dev\Dev2.Studio\Dev2.Studio.csproj]
C:\Program Files\dotnet\sdk\10.0.201\Microsoft.Common.CurrentVersion.targets(2451,5): warning MSB3277:           Project file item includes which caused reference "C:\Users\ultra\.nuget\packages\reactiveui.wpf\18.4.1\lib\net462\ReactiveUI.Wpf.dll". [C:\Users\ultra\warewolf\Dev\Dev2.Studio\Dev2.Studio.csproj]
C:\Program Files\dotnet\sdk\10.0.201\Microsoft.Common.CurrentVersion.targets(2451,5): warning MSB3277:             C:\Users\ultra\.nuget\packages\reactiveui.wpf\18.4.1\lib\net462\ReactiveUI.Wpf.dll [C:\Users\ultra\warewolf\Dev\Dev2.Studio\Dev2.Studio.csproj]
C:\Program Files\dotnet\sdk\10.0.201\Microsoft.Common.CurrentVersion.targets(2451,5): warning MSB3277: Found conflicts between different versions of "System.Drawing.Common" that could not be resolved. [C:\Users\ultra\warewolf\Dev\Dev2.Studio\Dev2.Studio.csproj]
C:\Program Files\dotnet\sdk\10.0.201\Microsoft.Common.CurrentVersion.targets(2451,5): warning MSB3277: There was a conflict between "System.Drawing.Common, Version=6.0.0.0, Culture=neutral, PublicKeyToken=cc7b13ffcd2ddd51" and "System.Drawing.Common, Version=8.0.0.0, Culture=neutral, PublicKeyToken=cc7b13ffcd2ddd51". [C:\Users\ultra\warewolf\Dev\Dev2.Studio\Dev2.Studio.csproj]
C:\Program Files\dotnet\sdk\10.0.201\Microsoft.Common.CurrentVersion.targets(2451,5): warning MSB3277:     "System.Drawing.Common, Version=6.0.0.0, Culture=neutral, PublicKeyToken=cc7b13ffcd2ddd51" was chosen because it was primary and "System.Drawing.Common, Version=8.0.0.0, Culture=neutral, PublicKeyToken=cc7b13ffcd2ddd51" was not. [C:\Users\ultra\warewolf\Dev\Dev2.Studio\Dev2.Studio.csproj]
C:\Program Files\dotnet\sdk\10.0.201\Microsoft.Common.CurrentVersion.targets(2451,5): warning MSB3277:     References which depend on "System.Drawing.Common, Version=6.0.0.0, Culture=neutral, PublicKeyToken=cc7b13ffcd2ddd51" [C:\Users\ultra\.nuget\packages\system.drawing.common\6.0.0\lib\net6.0\System.Drawing.Common.dll]. [C:\Users\ultra\warewolf\Dev\Dev2.Studio\Dev2.Studio.csproj]
C:\Program Files\dotnet\sdk\10.0.201\Microsoft.Common.CurrentVersion.targets(2451,5): warning MSB3277:         C:\Users\ultra\.nuget\packages\system.drawing.common\6.0.0\lib\net6.0\System.Drawing.Common.dll [C:\Users\ultra\warewolf\Dev\Dev2.Studio\Dev2.Studio.csproj]
C:\Program Files\dotnet\sdk\10.0.201\Microsoft.Common.CurrentVersion.targets(2451,5): warning MSB3277:           Project file item includes which caused reference "C:\Users\ultra\.nuget\packages\system.drawing.common\6.0.0\lib\net6.0\System.Drawing.Common.dll". [C:\Users\ultra\warewolf\Dev\Dev2.Studio\Dev2.Studio.csproj]
C:\Program Files\dotnet\sdk\10.0.201\Microsoft.Common.CurrentVersion.targets(2451,5): warning MSB3277:             C:\Users\ultra\.nuget\packages\system.drawing.common\6.0.0\lib\net6.0\System.Drawing.Common.dll [C:\Users\ultra\warewolf\Dev\Dev2.Studio\Dev2.Studio.csproj]
C:\Program Files\dotnet\sdk\10.0.201\Microsoft.Common.CurrentVersion.targets(2451,5): warning MSB3277:     References which depend on or have been unified to "System.Drawing.Common, Version=8.0.0.0, Culture=neutral, PublicKeyToken=cc7b13ffcd2ddd51" []. [C:\Users\ultra\warewolf\Dev\Dev2.Studio\Dev2.Studio.csproj]
C:\Program Files\dotnet\sdk\10.0.201\Microsoft.Common.CurrentVersion.targets(2451,5): warning MSB3277:         C:\Users\ultra\.nuget\packages\servicestack\6.3.0\lib\net6.0\ServiceStack.dll [C:\Users\ultra\warewolf\Dev\Dev2.Studio\Dev2.Studio.csproj]
C:\Program Files\dotnet\sdk\10.0.201\Microsoft.Common.CurrentVersion.targets(2451,5): warning MSB3277:           Project file item includes which caused reference "C:\Users\ultra\.nuget\packages\servicestack\6.3.0\lib\net6.0\ServiceStack.dll". [C:\Users\ultra\warewolf\Dev\Dev2.Studio\Dev2.Studio.csproj]
C:\Program Files\dotnet\sdk\10.0.201\Microsoft.Common.CurrentVersion.targets(2451,5): warning MSB3277:             C:\Users\ultra\.nuget\packages\servicestack\6.3.0\lib\net6.0\ServiceStack.dll [C:\Users\ultra\warewolf\Dev\Dev2.Studio\Dev2.Studio.csproj]
C:\Program Files\dotnet\sdk\10.0.201\Microsoft.Common.CurrentVersion.targets(2451,5): warning MSB3277:         C:\Users\ultra\.nuget\packages\system.windows.extensions\8.0.0\lib\net8.0\System.Windows.Extensions.dll [C:\Users\ultra\warewolf\Dev\Dev2.Studio\Dev2.Studio.csproj]
C:\Program Files\dotnet\sdk\10.0.201\Microsoft.Common.CurrentVersion.targets(2451,5): warning MSB3277:           Project file item includes which caused reference "C:\Users\ultra\.nuget\packages\system.windows.extensions\8.0.0\lib\net8.0\System.Windows.Extensions.dll". [C:\Users\ultra\warewolf\Dev\Dev2.Studio\Dev2.Studio.csproj]
C:\Program Files\dotnet\sdk\10.0.201\Microsoft.Common.CurrentVersion.targets(2451,5): warning MSB3277:             C:\Users\ultra\.nuget\packages\system.windows.extensions\8.0.0\lib\net8.0\System.Windows.Extensions.dll [C:\Users\ultra\warewolf\Dev\Dev2.Studio\Dev2.Studio.csproj]
C:\Program Files\dotnet\sdk\10.0.201\Microsoft.Common.CurrentVersion.targets(2451,5): warning MSB3277:             InfragisticsWPF4.Editors.v15.1, Version=15.1.20151.2055, Culture=neutral, processorArchitecture=MSIL [C:\Users\ultra\warewolf\Dev\Dev2.Studio\Dev2.Studio.csproj]
C:\Program Files\dotnet\sdk\10.0.201\Microsoft.Common.CurrentVersion.targets(2451,5): warning MSB3277:             InfragisticsWPF4.DataPresenter.v15.1 [C:\Users\ultra\warewolf\Dev\Dev2.Studio\Dev2.Studio.csproj]
C:\Program Files\dotnet\sdk\10.0.201\Microsoft.Common.CurrentVersion.targets(2451,5): warning MSB3277:             C:\Users\ultra\.nuget\packages\extended.wpf.toolkit\4.4.0\lib\net5.0\Xceed.Wpf.Toolkit.NET5.dll [C:\Users\ultra\warewolf\Dev\Dev2.Studio\Dev2.Studio.csproj]
C:\Program Files\dotnet\sdk\10.0.201\Microsoft.Common.CurrentVersion.targets(2451,5): warning MSB3277:             C:\Users\ultra\.nuget\packages\system.security.permissions\8.0.0\lib\net8.0\System.Security.Permissions.dll [C:\Users\ultra\warewolf\Dev\Dev2.Studio\Dev2.Studio.csproj]
C:\Program Files\dotnet\sdk\10.0.201\Microsoft.Common.CurrentVersion.targets(2451,5): warning MSB3277:             C:\Users\ultra\warewolf\Dev\Dev2.Data\bin\Debug\net8.0\Dev2.Data.dll [C:\Users\ultra\warewolf\Dev\Dev2.Studio\Dev2.Studio.csproj]
C:\Program Files\dotnet\sdk\10.0.201\Microsoft.Common.CurrentVersion.targets(2451,5): warning MSB3277:             C:\Users\ultra\warewolf\Dev\Dev2.Activities\bin\Debug\net8.0\Dev2.Activities.dll [C:\Users\ultra\warewolf\Dev\Dev2.Studio\Dev2.Studio.csproj]
C:\Program Files\dotnet\sdk\10.0.201\Microsoft.Common.CurrentVersion.targets(2451,5): warning MSB3277:             C:\Users\ultra\warewolf\Dev\Dev2.Core\bin\Debug\net8.0\Dev2.Core.dll [C:\Users\ultra\warewolf\Dev\Dev2.Studio\Dev2.Studio.csproj]
C:\Program Files\dotnet\sdk\10.0.201\Microsoft.Common.CurrentVersion.targets(2451,5): warning MSB3277:             C:\Users\ultra\warewolf\Dev\Dev2.Intellisense\bin\Debug\net8.0\Dev2.Intellisense.dll [C:\Users\ultra\warewolf\Dev\Dev2.Studio\Dev2.Studio.csproj]
C:\Program Files\dotnet\sdk\10.0.201\Microsoft.Common.CurrentVersion.targets(2451,5): warning MSB3277:             C:\Users\ultra\warewolf\Dev\Dev2.Scheduler\bin\Debug\net8.0\Dev2.Scheduler.dll [C:\Users\ultra\warewolf\Dev\Dev2.Studio\Dev2.Studio.csproj]
C:\Program Files\dotnet\sdk\10.0.201\Microsoft.Common.CurrentVersion.targets(2451,5): warning MSB3277:             C:\Users\ultra\warewolf\Dev\Dev2.Services.Execution\bin\Debug\net8.0\Dev2.Services.Execution.dll [C:\Users\ultra\warewolf\Dev\Dev2.Studio\Dev2.Studio.csproj]
C:\Program Files\dotnet\sdk\10.0.201\Microsoft.Common.CurrentVersion.targets(2451,5): warning MSB3277:             C:\Users\ultra\warewolf\Dev\Dev2.Studio.Core\bin\Debug\net8.0\Dev2.Studio.Core.dll [C:\Users\ultra\warewolf\Dev\Dev2.Studio\Dev2.Studio.csproj]
C:\Program Files\dotnet\sdk\10.0.201\Microsoft.Common.CurrentVersion.targets(2451,5): warning MSB3277:             C:\Users\ultra\warewolf\Dev\Dev2.Studio.Interfaces\bin\Debug\net8.0\Dev2.Studio.Interfaces.dll [C:\Users\ultra\warewolf\Dev\Dev2.Studio\Dev2.Studio.csproj]
C:\Program Files\dotnet\sdk\10.0.201\Microsoft.Common.CurrentVersion.targets(2451,5): warning MSB3277:             C:\Users\ultra\warewolf\Dev\Warewolf.Core\bin\Debug\net8.0\Warewolf.Core.dll [C:\Users\ultra\warewolf\Dev\Dev2.Studio\Dev2.Studio.csproj]
C:\Program Files\dotnet\sdk\10.0.201\Microsoft.Common.CurrentVersion.targets(2451,5): warning MSB3277:             C:\Users\ultra\warewolf\Dev\Warewolf.ResourceManagement\bin\Debug\net8.0\Warewolf.ResourceManagement.dll [C:\Users\ultra\warewolf\Dev\Dev2.Studio\Dev2.Studio.csproj]
C:\Program Files\dotnet\sdk\10.0.201\Microsoft.Common.CurrentVersion.targets(2451,5): warning MSB3277:             C:\Users\ultra\warewolf\Dev\Warewolf.Studio.Core\bin\Debug\net8.0\Warewolf.Studio.Core.dll [C:\Users\ultra\warewolf\Dev\Dev2.Studio\Dev2.Studio.csproj]
C:\Program Files\dotnet\sdk\10.0.201\Microsoft.Common.CurrentVersion.targets(2451,5): warning MSB3277:             C:\Users\ultra\warewolf\Dev\Warewolf.Studio.Models\bin\Debug\net8.0\Warewolf.Studio.Models.dll [C:\Users\ultra\warewolf\Dev\Dev2.Studio\Dev2.Studio.csproj]
C:\Program Files\dotnet\sdk\10.0.201\Microsoft.Common.CurrentVersion.targets(2451,5): warning MSB3277:             C:\Users\ultra\warewolf\Dev\Warewolf.Studio.CustomControls\bin\Debug\net8.0\Warewolf.Studio.CustomControls.dll [C:\Users\ultra\warewolf\Dev\Dev2.Studio\Dev2.Studio.csproj]
C:\Program Files\dotnet\sdk\10.0.201\Microsoft.Common.CurrentVersion.targets(2451,5): warning MSB3277:             C:\Users\ultra\warewolf\Dev\Warewolf.Studio.ViewModels\bin\Debug\net8.0\Warewolf.Studio.ViewModels.dll [C:\Users\ultra\warewolf\Dev\Dev2.Studio\Dev2.Studio.csproj]
C:\Program Files\dotnet\sdk\10.0.201\Microsoft.Common.CurrentVersion.targets(2451,5): warning MSB3277:             C:\Users\ultra\warewolf\Dev\Warewolf.Trigger.Queue\bin\Debug\net8.0\Warewolf.Trigger.Queue.dll [C:\Users\ultra\warewolf\Dev\Dev2.Studio\Dev2.Studio.csproj]
C:\Program Files\dotnet\sdk\10.0.201\Microsoft.Common.CurrentVersion.targets(2451,5): warning MSB3277:             C:\Users\ultra\warewolf\Dev\Warewolf.UI\bin\Debug\net8.0\Warewolf.UI.dll [C:\Users\ultra\warewolf\Dev\Dev2.Studio\Dev2.Studio.csproj]
C:\Program Files\dotnet\sdk\10.0.201\Microsoft.Common.CurrentVersion.targets(2451,5): warning MSB3277:             C:\Users\ultra\warewolf\Dev\Dev2.Runtime.Services\bin\Debug\net8.0\Dev2.Runtime.Services.dll [C:\Users\ultra\warewolf\Dev\Dev2.Studio\Dev2.Studio.csproj]
C:\Program Files\dotnet\sdk\10.0.201\Microsoft.Common.CurrentVersion.targets(2451,5): warning MSB3277:             C:\Users\ultra\warewolf\Dev\Warewolf.Auditing\bin\Debug\net8.0\Warewolf.Auditing.dll [C:\Users\ultra\warewolf\Dev\Dev2.Studio\Dev2.Studio.csproj]
C:\Program Files\dotnet\sdk\10.0.201\Microsoft.Common.CurrentVersion.targets(2451,5): warning MSB3277:             C:\Users\ultra\warewolf\Dev\Warewolf.Common.NetStandard20\bin\Debug\net8.0\Warewolf.Common.NetStandard20.dll [C:\Users\ultra\warewolf\Dev\Dev2.Studio\Dev2.Studio.csproj]
C:\Program Files\dotnet\sdk\10.0.201\Microsoft.Common.CurrentVersion.targets(2451,5): warning MSB3277:             C:\Users\ultra\warewolf\Dev\Warewolf.Driver.Persistence\bin\Debug\net8.0\Warewolf.Driver.Persistence.dll [C:\Users\ultra\warewolf\Dev\Dev2.Studio\Dev2.Studio.csproj]
C:\Program Files\dotnet\sdk\10.0.201\Microsoft.Common.CurrentVersion.targets(2451,5): warning MSB3277:             C:\Users\ultra\warewolf\Dev\Warewolf.Exchange.Email.Wrapper\bin\Debug\net8.0\Warewolf.Exchange.Email.Wrapper.dll [C:\Users\ultra\warewolf\Dev\Dev2.Studio\Dev2.Studio.csproj]
C:\Program Files\dotnet\sdk\10.0.201\Microsoft.Common.CurrentVersion.targets(2451,5): warning MSB3277:             InfragisticsWPF4.DataVisualization.v15.1, Version=15.1.20151.2055, Culture=neutral, PublicKeyToken=7dd5c3163f2cd0cb, processorArchitecture=MSIL [C:\Users\ultra\warewolf\Dev\Dev2.Studio\Dev2.Studio.csproj]
C:\Program Files\dotnet\sdk\10.0.201\Microsoft.Common.CurrentVersion.targets(2451,5): warning MSB3277:             InfragisticsWPF4.Controls.Maps.XamNetworkNode.v15.1, Version=15.1.20151.2055, Culture=neutral, PublicKeyToken=7dd5c3163f2cd0cb, processorArchitecture=MSIL [C:\Users\ultra\warewolf\Dev\Dev2.Studio\Dev2.Studio.csproj]
C:\Program Files\dotnet\sdk\10.0.201\Microsoft.Common.CurrentVersion.targets(2451,5): warning MSB3277:             InfragisticsWPF4.DockManager.v15.1, Version=15.1.20151.2055, Culture=neutral, PublicKeyToken=7dd5c3163f2cd0cb, processorArchitecture=MSIL [C:\Users\ultra\warewolf\Dev\Dev2.Studio\Dev2.Studio.csproj]
C:\Program Files\dotnet\sdk\10.0.201\Microsoft.Common.CurrentVersion.targets(2451,5): warning MSB3277:             InfragisticsWPF4.Math.Calculators.v15.1, Version=15.1.20151.2055, Culture=neutral, PublicKeyToken=7dd5c3163f2cd0cb, processorArchitecture=MSIL [C:\Users\ultra\warewolf\Dev\Dev2.Studio\Dev2.Studio.csproj]
C:\Program Files\dotnet\sdk\10.0.201\Microsoft.Common.CurrentVersion.targets(2451,5): warning MSB3277:             InfragisticsWPF4.v15.1, Version=15.1.20151.2055, Culture=neutral, PublicKeyToken=7dd5c3163f2cd0cb, processorArchitecture=MSIL [C:\Users\ultra\warewolf\Dev\Dev2.Studio\Dev2.Studio.csproj]
C:\Program Files\dotnet\sdk\10.0.201\Microsoft.Common.CurrentVersion.targets(2451,5): warning MSB3277:             InfragisticsWPF4.Controls.Editors.XamComboEditor.v15.1, Version=15.1.20151.2055, Culture=neutral, processorArchitecture=MSIL [C:\Users\ultra\warewolf\Dev\Dev2.Studio\Dev2.Studio.csproj]
C:\Program Files\dotnet\sdk\10.0.201\Microsoft.Common.CurrentVersion.targets(2451,5): warning MSB3277:             InfragisticsWPF4.Controls.Grids.XamGrid.v15.1, Version=15.1.20151.2055, Culture=neutral, PublicKeyToken=7dd5c3163f2cd0cb, processorArchitecture=MSIL [C:\Users\ultra\warewolf\Dev\Dev2.Studio\Dev2.Studio.csproj]
C:\Program Files\dotnet\sdk\10.0.201\Microsoft.Common.CurrentVersion.targets(2451,5): warning MSB3277:             CalculationManager.WPF [C:\Users\ultra\warewolf\Dev\Dev2.Studio\Dev2.Studio.csproj]
C:\Program Files\dotnet\sdk\10.0.201\Microsoft.Common.CurrentVersion.targets(2451,5): warning MSB3277:             InfragisticsWPF4.Controls.Interactions.XamDialogWindow.v15.1, Version=15.1.20151.2055, Culture=neutral, PublicKeyToken=7dd5c3163f2cd0cb, processorArchitecture=MSIL [C:\Users\ultra\warewolf\Dev\Dev2.Studio\Dev2.Studio.csproj]
C:\Program Files\dotnet\sdk\10.0.201\Microsoft.Common.CurrentVersion.targets(2451,5): warning MSB3277:             InfragisticsWPF4.Controls.Menus.XamDataTree.v15.1, Version=15.1.20151.2055, Culture=neutral, processorArchitecture=MSIL [C:\Users\ultra\warewolf\Dev\Dev2.Studio\Dev2.Studio.csproj]
C:\Program Files\dotnet\sdk\10.0.201\Microsoft.Common.CurrentVersion.targets(2451,5): warning MSB3277:             InfragisticsWPF4.Controls.Menus.XamMenu.v15.1, Version=15.1.20151.2055, Culture=neutral, processorArchitecture=MSIL [C:\Users\ultra\warewolf\Dev\Dev2.Studio\Dev2.Studio.csproj]
C:\Program Files\dotnet\sdk\10.0.201\Microsoft.Common.CurrentVersion.targets(2451,5): warning MSB3277:             InfragisticsWPF4.DataManager.v15.1, Version=15.1.20151.2055, Culture=neutral, processorArchitecture=MSIL [C:\Users\ultra\warewolf\Dev\Dev2.Studio\Dev2.Studio.csproj]
C:\Program Files\dotnet\sdk\10.0.201\Microsoft.Common.CurrentVersion.targets(2451,5): warning MSB3277:             InfragisticsWPF4.Math.v15.1, Version=15.1.20151.2055, Culture=neutral, PublicKeyToken=7dd5c3163f2cd0cb, processorArchitecture=MSIL [C:\Users\ultra\warewolf\Dev\Dev2.Studio\Dev2.Studio.csproj]
C:\Program Files\dotnet\sdk\10.0.201\Microsoft.Common.CurrentVersion.targets(2451,5): warning MSB3277:             C:\Users\ultra\.nuget\packages\dotnetzip\1.16.0\lib\netstandard2.0\DotNetZip.dll [C:\Users\ultra\warewolf\Dev\Dev2.Studio\Dev2.Studio.csproj]
C:\Program Files\dotnet\sdk\10.0.201\Microsoft.Common.CurrentVersion.targets(2451,5): warning MSB3277:             C:\Users\ultra\warewolf\Dev\Dev2.Data.Interfaces\bin\Debug\net8.0\Dev2.Data.Interfaces.dll [C:\Users\ultra\warewolf\Dev\Dev2.Studio\Dev2.Studio.csproj]
C:\Program Files\dotnet\sdk\10.0.201\Microsoft.Common.CurrentVersion.targets(2451,5): warning MSB3277:             C:\Users\ultra\warewolf\Dev\Dev2.Diagnostics\bin\Debug\net8.0\Dev2.Diagnostics.dll [C:\Users\ultra\warewolf\Dev\Dev2.Studio\Dev2.Studio.csproj]
C:\Program Files\dotnet\sdk\10.0.201\Microsoft.Common.CurrentVersion.targets(2451,5): warning MSB3277:             C:\Users\ultra\warewolf\Dev\Dev2.Infrastructure\bin\Debug\net8.0\Dev2.Infrastructure.dll [C:\Users\ultra\warewolf\Dev\Dev2.Studio\Dev2.Studio.csproj]
C:\Program Files\dotnet\sdk\10.0.201\Microsoft.Common.CurrentVersion.targets(2451,5): warning MSB3277:             C:\Users\ultra\warewolf\Dev\Dev2.Common\bin\Debug\net8.0\Dev2.Common.dll [C:\Users\ultra\warewolf\Dev\Dev2.Studio\Dev2.Studio.csproj]
C:\Program Files\dotnet\sdk\10.0.201\Microsoft.Common.CurrentVersion.targets(2451,5): warning MSB3277:             C:\Users\ultra\warewolf\Dev\Dev2.TaskScheduler.Wrappers\bin\Debug\net8.0\Dev2.TaskScheduler.Wrappers.dll [C:\Users\ultra\warewolf\Dev\Dev2.Studio\Dev2.Studio.csproj]
C:\Program Files\dotnet\sdk\10.0.201\Microsoft.Common.CurrentVersion.targets(2451,5): warning MSB3277:             C:\Users\ultra\warewolf\Dev\Dev2.Util\bin\Debug\net8.0\Dev2.Util.dll [C:\Users\ultra\warewolf\Dev\Dev2.Studio\Dev2.Studio.csproj]
C:\Program Files\dotnet\sdk\10.0.201\Microsoft.Common.CurrentVersion.targets(2451,5): warning MSB3277:             C:\Users\ultra\warewolf\Dev\Warewolf.Sharepoint\bin\Debug\net8.0\Warewolf.Sharepoint.dll [C:\Users\ultra\warewolf\Dev\Dev2.Studio\Dev2.Studio.csproj]
C:\Program Files\dotnet\sdk\10.0.201\Microsoft.Common.CurrentVersion.targets(2451,5): warning MSB3277:             C:\Users\ultra\warewolf\Dev\Warewolf.Storage\bin\Debug\net8.0\Warewolf.Storage.dll [C:\Users\ultra\warewolf\Dev\Dev2.Studio\Dev2.Studio.csproj]
C:\Program Files\dotnet\sdk\10.0.201\Microsoft.Common.CurrentVersion.targets(2451,5): warning MSB3277:             C:\Users\ultra\warewolf\Dev\Dev2.Development.Languages\bin\Debug\net8.0\Dev2.Development.Languages.dll [C:\Users\ultra\warewolf\Dev\Dev2.Studio\Dev2.Studio.csproj]
C:\Program Files\dotnet\sdk\10.0.201\Microsoft.Common.CurrentVersion.targets(2451,5): warning MSB3277:             C:\Users\ultra\warewolf\Dev\Dev2.Services.Sql\bin\Debug\net8.0\Dev2.Services.Sql.dll [C:\Users\ultra\warewolf\Dev\Dev2.Studio\Dev2.Studio.csproj]
C:\Program Files\dotnet\sdk\10.0.201\Microsoft.Common.CurrentVersion.targets(2451,5): warning MSB3277:             C:\Users\ultra\warewolf\Dev\Warewolf.AI.Harness\bin\Debug\net8.0\Warewolf.AI.Harness.dll [C:\Users\ultra\warewolf\Dev\Dev2.Studio\Dev2.Studio.csproj]
C:\Program Files\dotnet\sdk\10.0.201\Microsoft.Common.CurrentVersion.targets(2451,5): warning MSB3277:             C:\Users\ultra\warewolf\Dev\Warewolf.Driver.Serilog\bin\Debug\net8.0\Warewolf.Driver.Serilog.dll [C:\Users\ultra\warewolf\Dev\Dev2.Studio\Dev2.Studio.csproj]
C:\Program Files\dotnet\sdk\10.0.201\Microsoft.Common.CurrentVersion.targets(2451,5): warning MSB3277:             C:\Users\ultra\.nuget\packages\mindbox.data.linq\5.0.0\lib\netstandard2.0\Mindbox.Data.Linq.dll [C:\Users\ultra\warewolf\Dev\Dev2.Studio\Dev2.Studio.csproj]
C:\Program Files\dotnet\sdk\10.0.201\Microsoft.Common.CurrentVersion.targets(2451,5): warning MSB3277:             C:\Users\ultra\.nuget\packages\mysql.data\8.4.0\lib\net8.0\MySql.Data.dll [C:\Users\ultra\warewolf\Dev\Dev2.Studio\Dev2.Studio.csproj]
C:\Program Files\dotnet\sdk\10.0.201\Microsoft.Common.CurrentVersion.targets(2451,5): warning MSB3277:             C:\Users\ultra\.nuget\packages\oracle.manageddataaccess.core\3.21.70\lib\netstandard2.1\Oracle.ManagedDataAccess.dll [C:\Users\ultra\warewolf\Dev\Dev2.Studio\Dev2.Studio.csproj]
C:\Program Files\dotnet\sdk\10.0.201\Microsoft.Common.CurrentVersion.targets(2451,5): warning MSB3277:             C:\Users\ultra\.nuget\packages\system.directoryservices\6.0.0\lib\net6.0\System.DirectoryServices.dll [C:\Users\ultra\warewolf\Dev\Dev2.Studio\Dev2.Studio.csproj]
C:\Program Files\dotnet\sdk\10.0.201\Microsoft.Common.CurrentVersion.targets(2451,5): warning MSB3277:             C:\Users\ultra\.nuget\packages\corewcf.primitives\1.2.1\lib\netstandard2.0\CoreWCF.Primitives.dll [C:\Users\ultra\warewolf\Dev\Dev2.Studio\Dev2.Studio.csproj]
C:\Program Files\dotnet\sdk\10.0.201\Microsoft.Common.CurrentVersion.targets(2451,5): warning MSB3277:             C:\Users\ultra\.nuget\packages\corewcf.http\1.2.1\lib\netstandard2.0\CoreWCF.Http.dll [C:\Users\ultra\warewolf\Dev\Dev2.Studio\Dev2.Studio.csproj]
C:\Program Files\dotnet\sdk\10.0.201\Microsoft.Common.CurrentVersion.targets(2451,5): warning MSB3277:             C:\Users\ultra\.nuget\packages\corewcf.nettcp\1.2.1\lib\netstandard2.0\CoreWCF.NetTcp.dll [C:\Users\ultra\warewolf\Dev\Dev2.Studio\Dev2.Studio.csproj]
C:\Program Files\dotnet\sdk\10.0.201\Microsoft.Common.CurrentVersion.targets(2451,5): warning MSB3277:             C:\Users\ultra\.nuget\packages\corewcf.webhttp\1.2.1\lib\netstandard2.0\CoreWCF.WebHttp.dll [C:\Users\ultra\warewolf\Dev\Dev2.Studio\Dev2.Studio.csproj]
C:\Program Files\dotnet\sdk\10.0.201\Microsoft.Common.CurrentVersion.targets(2451,5): warning MSB3277:             C:\Program Files\dotnet\packs\Microsoft.NETCore.App.Ref\8.0.25\ref/net8.0/System.Configuration.dll [C:\Users\ultra\warewolf\Dev\Dev2.Studio\Dev2.Studio.csproj]
C:\Program Files\dotnet\sdk\10.0.201\Microsoft.Common.CurrentVersion.targets(2451,5): warning MSB3277:             C:\Users\ultra\.nuget\packages\prism.composition\5.0.0\lib\NET45\Microsoft.Practices.Prism.Composition.dll [C:\Users\ultra\warewolf\Dev\Dev2.Studio\Dev2.Studio.csproj]
C:\Program Files\dotnet\sdk\10.0.201\Microsoft.Common.CurrentVersion.targets(2451,5): warning MSB3277:             C:\Users\ultra\.nuget\packages\prism.unityextensions\5.0.1\lib\NET45\Microsoft.Practices.Prism.UnityExtensions.dll [C:\Users\ultra\warewolf\Dev\Dev2.Studio\Dev2.Studio.csproj]
C:\Program Files\dotnet\sdk\10.0.201\Microsoft.Common.CurrentVersion.targets(2451,5): warning MSB3277:             C:\Users\ultra\.nuget\packages\prism.wpf\9.0.537\lib\net462\Prism.Wpf.dll [C:\Users\ultra\warewolf\Dev\Dev2.Studio\Dev2.Studio.csproj]
C:\Program Files\dotnet\sdk\10.0.201\Microsoft.Common.CurrentVersion.targets(2451,5): warning MSB3277:             C:\Program Files\dotnet\packs\Microsoft.NETCore.App.Ref\8.0.25\ref/net8.0/System.Data.dll [C:\Users\ultra\warewolf\Dev\Dev2.Studio\Dev2.Studio.csproj]
C:\Program Files\dotnet\sdk\10.0.201\Microsoft.Common.CurrentVersion.targets(2451,5): warning MSB3277:             C:\Users\ultra\.nuget\packages\taskschedulereditor\2.10.1\lib\net452\Microsoft.Win32.TaskSchedulerEditor.dll [C:\Users\ultra\warewolf\Dev\Dev2.Studio\Dev2.Studio.csproj]
C:\Program Files\dotnet\sdk\10.0.201\Microsoft.Common.CurrentVersion.targets(2451,5): warning MSB3277:             C:\Program Files\dotnet\packs\Microsoft.NETCore.App.Ref\8.0.25\ref/net8.0/System.Drawing.dll [C:\Users\ultra\warewolf\Dev\Dev2.Studio\Dev2.Studio.csproj]
C:\Program Files\dotnet\sdk\10.0.201\Microsoft.Common.CurrentVersion.targets(2451,5): warning MSB3277:             C:\Users\ultra\.nuget\packages\aerowizard\2.3.1\lib\net45\AeroWizard.dll [C:\Users\ultra\warewolf\Dev\Dev2.Studio\Dev2.Studio.csproj]
C:\Program Files\dotnet\sdk\10.0.201\Microsoft.Common.CurrentVersion.targets(2451,5): warning MSB3277:             C:\Users\ultra\.nuget\packages\avalonedit\6.3.0.90\lib\net462\ICSharpCode.AvalonEdit.dll [C:\Users\ultra\warewolf\Dev\Dev2.Studio\Dev2.Studio.csproj]
C:\Program Files\dotnet\sdk\10.0.201\Microsoft.Common.CurrentVersion.targets(2451,5): warning MSB3277:             C:\Users\ultra\.nuget\packages\groupcontrols\1.9.0\lib\net45\GroupControls.dll [C:\Users\ultra\warewolf\Dev\Dev2.Studio\Dev2.Studio.csproj]
C:\Program Files\dotnet\sdk\10.0.201\Microsoft.Common.CurrentVersion.targets(2451,5): warning MSB3277:             C:\Program Files\dotnet\packs\Microsoft.NETCore.App.Ref\8.0.25\ref/net8.0/System.Net.dll [C:\Users\ultra\warewolf\Dev\Dev2.Studio\Dev2.Studio.csproj]
C:\Program Files\dotnet\sdk\10.0.201\Microsoft.Common.CurrentVersion.targets(2451,5): warning MSB3277:             C:\Program Files\dotnet\packs\Microsoft.NETCore.App.Ref\8.0.25\ref/net8.0/System.Security.dll [C:\Users\ultra\warewolf\Dev\Dev2.Studio\Dev2.Studio.csproj]
C:\Program Files\dotnet\sdk\10.0.201\Microsoft.Common.CurrentVersion.targets(2451,5): warning MSB3277:             C:\Program Files\dotnet\packs\Microsoft.NETCore.App.Ref\8.0.25\ref/net8.0/System.ServiceProcess.dll [C:\Users\ultra\warewolf\Dev\Dev2.Studio\Dev2.Studio.csproj]
C:\Program Files\dotnet\sdk\10.0.201\Microsoft.Common.CurrentVersion.targets(2451,5): warning MSB3277:             C:\Program Files\dotnet\packs\Microsoft.NETCore.App.Ref\8.0.25\ref/net8.0/System.Transactions.dll [C:\Users\ultra\warewolf\Dev\Dev2.Studio\Dev2.Studio.csproj]
C:\Program Files\dotnet\sdk\10.0.201\Microsoft.Common.CurrentVersion.targets(2451,5): warning MSB3277:             C:\Program Files\dotnet\packs\Microsoft.NETCore.App.Ref\8.0.25\ref/net8.0/System.dll [C:\Users\ultra\warewolf\Dev\Dev2.Studio\Dev2.Studio.csproj]
C:\Program Files\dotnet\sdk\10.0.201\Microsoft.Common.CurrentVersion.targets(2451,5): warning MSB3277:             C:\Users\ultra\.nuget\packages\fontawesome.wpf\4.7.0.9\lib\net40\FontAwesome.WPF.dll [C:\Users\ultra\warewolf\Dev\Dev2.Studio\Dev2.Studio.csproj]
C:\Program Files\dotnet\sdk\10.0.201\Microsoft.Common.CurrentVersion.targets(2451,5): warning MSB3277:             C:\Users\ultra\.nuget\packages\log4net.async\2.0.4\lib\net40\Log4Net.Async.dll [C:\Users\ultra\warewolf\Dev\Dev2.Studio\Dev2.Studio.csproj]
C:\Program Files\dotnet\sdk\10.0.201\Microsoft.Common.CurrentVersion.targets(2451,5): warning MSB3277:             C:\Users\ultra\.nuget\packages\microsoft.xaml.behaviors.wpf\1.1.122\lib\net462\Microsoft.Xaml.Behaviors.dll [C:\Users\ultra\warewolf\Dev\Dev2.Studio\Dev2.Studio.csproj]
C:\Program Files\dotnet\sdk\10.0.201\Microsoft.Common.CurrentVersion.targets(2451,5): warning MSB3277:             C:\Users\ultra\.nuget\packages\caliburn.micro\4.0.212\lib\netcoreapp3.1\Caliburn.Micro.Platform.dll [C:\Users\ultra\warewolf\Dev\Dev2.Studio\Dev2.Studio.csproj]
C:\Program Files\dotnet\sdk\10.0.201\Microsoft.Common.CurrentVersion.targets(2451,5): warning MSB3277:             C:\Users\ultra\.nuget\packages\prism.interactivity\5.0.0\lib\NET45\Microsoft.Practices.Prism.Interactivity.dll [C:\Users\ultra\warewolf\Dev\Dev2.Studio\Dev2.Studio.csproj]
C:\Program Files\dotnet\sdk\10.0.201\Microsoft.Common.CurrentVersion.targets(2451,5): warning MSB3277:             C:\Users\ultra\.nuget\packages\prism.mvvm\1.0.0\lib\net45\Microsoft.Practices.Prism.Mvvm.Desktop.dll [C:\Users\ultra\warewolf\Dev\Dev2.Studio\Dev2.Studio.csproj]
C:\Program Files\dotnet\sdk\10.0.201\Microsoft.Common.CurrentVersion.targets(2451,5): warning MSB3277:             C:\Users\ultra\.nuget\packages\reactiveui.wpf\18.4.1\lib\net462\ReactiveUI.Wpf.dll [C:\Users\ultra\warewolf\Dev\Dev2.Studio\Dev2.Studio.csproj]
C:\Program Files\dotnet\sdk\10.0.201\Microsoft.Common.CurrentVersion.targets(2451,5): warning MSB3277:             C:\Users\ultra\.nuget\packages\ttcue.netcore.sharepointonline.csom.16.1.8029.1200\16.1.8029.1200\lib\netcoreapp2.0\Microsoft.SharePoint.Client.Runtime.Windows.dll [C:\Users\ultra\warewolf\Dev\Dev2.Studio\Dev2.Studio.csproj]
C:\Program Files\dotnet\sdk\10.0.201\Microsoft.Common.CurrentVersion.targets(2451,5): warning MSB3277:             C:\Program Files\dotnet\packs\Microsoft.NETCore.App.Ref\8.0.25\ref/net8.0/WindowsBase.dll [C:\Users\ultra\warewolf\Dev\Dev2.Studio\Dev2.Studio.csproj]
C:\Program Files\dotnet\sdk\10.0.201\Microsoft.Common.CurrentVersion.targets(2451,5): warning MSB3277:             C:\Program Files\dotnet\packs\Microsoft.NETCore.App.Ref\8.0.25\ref/net8.0/mscorlib.dll [C:\Users\ultra\warewolf\Dev\Dev2.Studio\Dev2.Studio.csproj]
C:\Program Files\dotnet\sdk\10.0.201\Microsoft.Common.CurrentVersion.targets(2451,5): warning MSB3277:             C:\Users\ultra\.nuget\packages\hangfire.core\1.7.32\lib\netstandard2.0\Hangfire.Core.dll [C:\Users\ultra\warewolf\Dev\Dev2.Studio\Dev2.Studio.csproj]
C:\Program Files\dotnet\sdk\10.0.201\Microsoft.Common.CurrentVersion.targets(2451,5): warning MSB3277:             C:\Users\ultra\.nuget\packages\hangfire.sqlserver\1.7.32\lib\netstandard2.0\Hangfire.SqlServer.dll [C:\Users\ultra\warewolf\Dev\Dev2.Studio\Dev2.Studio.csproj]
C:\Program Files\dotnet\sdk\10.0.201\Microsoft.Common.CurrentVersion.targets(2451,5): warning MSB3277:             C:\Users\ultra\.nuget\packages\unofficial.microsoft.mshtml\7.0.3300\lib\net40\Microsoft.mshtml.dll [C:\Users\ultra\warewolf\Dev\Dev2.Studio\Dev2.Studio.csproj]
C:\Program Files\dotnet\sdk\10.0.201\Microsoft.Common.CurrentVersion.targets(2451,5): warning MSB3277:         C:\Program Files\dotnet\packs\Microsoft.NETCore.App.Ref\8.0.25\ref\net8.0\System.Drawing.dll [C:\Users\ultra\warewolf\Dev\Dev2.Studio\Dev2.Studio.csproj]
C:\Program Files\dotnet\sdk\10.0.201\Microsoft.Common.CurrentVersion.targets(2451,5): warning MSB3277:           Project file item includes which caused reference "C:\Program Files\dotnet\packs\Microsoft.NETCore.App.Ref\8.0.25\ref\net8.0\System.Drawing.dll". [C:\Users\ultra\warewolf\Dev\Dev2.Studio\Dev2.Studio.csproj]
C:\Program Files\dotnet\sdk\10.0.201\Microsoft.Common.CurrentVersion.targets(2451,5): warning MSB3277:             C:\Program Files\dotnet\packs\Microsoft.NETCore.App.Ref\8.0.25\ref/net8.0/System.Drawing.dll [C:\Users\ultra\warewolf\Dev\Dev2.Studio\Dev2.Studio.csproj]
C:\Program Files\dotnet\sdk\10.0.201\Microsoft.Common.CurrentVersion.targets(2451,5): warning MSB3277:             C:\Users\ultra\.nuget\packages\aerowizard\2.3.1\lib\net45\AeroWizard.dll [C:\Users\ultra\warewolf\Dev\Dev2.Studio\Dev2.Studio.csproj]
C:\Program Files\dotnet\sdk\10.0.201\Microsoft.Common.CurrentVersion.targets(2451,5): warning MSB3277:             C:\Users\ultra\.nuget\packages\avalonedit\6.3.0.90\lib\net462\ICSharpCode.AvalonEdit.dll [C:\Users\ultra\warewolf\Dev\Dev2.Studio\Dev2.Studio.csproj]
C:\Program Files\dotnet\sdk\10.0.201\Microsoft.Common.CurrentVersion.targets(2451,5): warning MSB3277:             C:\Users\ultra\.nuget\packages\groupcontrols\1.9.0\lib\net45\GroupControls.dll [C:\Users\ultra\warewolf\Dev\Dev2.Studio\Dev2.Studio.csproj]
C:\Program Files\dotnet\sdk\10.0.201\Microsoft.Common.CurrentVersion.targets(2451,5): warning MSB3277:             C:\Users\ultra\.nuget\packages\taskschedulereditor\2.10.1\lib\net452\Microsoft.Win32.TaskSchedulerEditor.dll [C:\Users\ultra\warewolf\Dev\Dev2.Studio\Dev2.Studio.csproj]
C:\Program Files\dotnet\sdk\10.0.201\Microsoft.Common.CurrentVersion.targets(2451,5): warning MSB3277: Found conflicts between different versions of "Microsoft.Win32.SystemEvents" that could not be resolved. [C:\Users\ultra\warewolf\Dev\Dev2.Studio\Dev2.Studio.csproj]
C:\Program Files\dotnet\sdk\10.0.201\Microsoft.Common.CurrentVersion.targets(2451,5): warning MSB3277: There was a conflict between "Microsoft.Win32.SystemEvents, Version=6.0.0.0, Culture=neutral, PublicKeyToken=cc7b13ffcd2ddd51" and "Microsoft.Win32.SystemEvents, Version=7.0.0.0, Culture=neutral, PublicKeyToken=cc7b13ffcd2ddd51". [C:\Users\ultra\warewolf\Dev\Dev2.Studio\Dev2.Studio.csproj]
C:\Program Files\dotnet\sdk\10.0.201\Microsoft.Common.CurrentVersion.targets(2451,5): warning MSB3277:     "Microsoft.Win32.SystemEvents, Version=6.0.0.0, Culture=neutral, PublicKeyToken=cc7b13ffcd2ddd51" was chosen because it was primary and "Microsoft.Win32.SystemEvents, Version=7.0.0.0, Culture=neutral, PublicKeyToken=cc7b13ffcd2ddd51" was not. [C:\Users\ultra\warewolf\Dev\Dev2.Studio\Dev2.Studio.csproj]
C:\Program Files\dotnet\sdk\10.0.201\Microsoft.Common.CurrentVersion.targets(2451,5): warning MSB3277:     References which depend on "Microsoft.Win32.SystemEvents, Version=6.0.0.0, Culture=neutral, PublicKeyToken=cc7b13ffcd2ddd51" [C:\Users\ultra\.nuget\packages\microsoft.win32.systemevents\6.0.0\lib\net6.0\Microsoft.Win32.SystemEvents.dll]. [C:\Users\ultra\warewolf\Dev\Dev2.Studio\Dev2.Studio.csproj]
C:\Program Files\dotnet\sdk\10.0.201\Microsoft.Common.CurrentVersion.targets(2451,5): warning MSB3277:         C:\Users\ultra\.nuget\packages\microsoft.win32.systemevents\6.0.0\lib\net6.0\Microsoft.Win32.SystemEvents.dll [C:\Users\ultra\warewolf\Dev\Dev2.Studio\Dev2.Studio.csproj]
C:\Program Files\dotnet\sdk\10.0.201\Microsoft.Common.CurrentVersion.targets(2451,5): warning MSB3277:           Project file item includes which caused reference "C:\Users\ultra\.nuget\packages\microsoft.win32.systemevents\6.0.0\lib\net6.0\Microsoft.Win32.SystemEvents.dll". [C:\Users\ultra\warewolf\Dev\Dev2.Studio\Dev2.Studio.csproj]
C:\Program Files\dotnet\sdk\10.0.201\Microsoft.Common.CurrentVersion.targets(2451,5): warning MSB3277:             C:\Users\ultra\.nuget\packages\microsoft.win32.systemevents\6.0.0\lib\net6.0\Microsoft.Win32.SystemEvents.dll [C:\Users\ultra\warewolf\Dev\Dev2.Studio\Dev2.Studio.csproj]
C:\Program Files\dotnet\sdk\10.0.201\Microsoft.Common.CurrentVersion.targets(2451,5): warning MSB3277:     References which depend on or have been unified to "Microsoft.Win32.SystemEvents, Version=7.0.0.0, Culture=neutral, PublicKeyToken=cc7b13ffcd2ddd51" []. [C:\Users\ultra\warewolf\Dev\Dev2.Studio\Dev2.Studio.csproj]
C:\Program Files\dotnet\sdk\10.0.201\Microsoft.Common.CurrentVersion.targets(2451,5): warning MSB3277:         C:\Users\ultra\warewolf\Dev\Dev2.Common\bin\Debug\net8.0\Dev2.Common.dll [C:\Users\ultra\warewolf\Dev\Dev2.Studio\Dev2.Studio.csproj]
C:\Program Files\dotnet\sdk\10.0.201\Microsoft.Common.CurrentVersion.targets(2451,5): warning MSB3277:           Project file item includes which caused reference "C:\Users\ultra\warewolf\Dev\Dev2.Common\bin\Debug\net8.0\Dev2.Common.dll". [C:\Users\ultra\warewolf\Dev\Dev2.Studio\Dev2.Studio.csproj]
C:\Program Files\dotnet\sdk\10.0.201\Microsoft.Common.CurrentVersion.targets(2451,5): warning MSB3277:             C:\Users\ultra\warewolf\Dev\Dev2.Common\bin\Debug\net8.0\Dev2.Common.dll [C:\Users\ultra\warewolf\Dev\Dev2.Studio\Dev2.Studio.csproj]
C:\Program Files\dotnet\sdk\10.0.201\Microsoft.Common.CurrentVersion.targets(2451,5): warning MSB3277:             C:\Users\ultra\warewolf\Dev\Dev2.Activities\bin\Debug\net8.0\Dev2.Activities.dll [C:\Users\ultra\warewolf\Dev\Dev2.Studio\Dev2.Studio.csproj]
C:\Program Files\dotnet\sdk\10.0.201\Microsoft.Common.CurrentVersion.targets(2451,5): warning MSB3277:             C:\Users\ultra\warewolf\Dev\Dev2.Core\bin\Debug\net8.0\Dev2.Core.dll [C:\Users\ultra\warewolf\Dev\Dev2.Studio\Dev2.Studio.csproj]
C:\Program Files\dotnet\sdk\10.0.201\Microsoft.Common.CurrentVersion.targets(2451,5): warning MSB3277:             C:\Users\ultra\warewolf\Dev\Dev2.Data\bin\Debug\net8.0\Dev2.Data.dll [C:\Users\ultra\warewolf\Dev\Dev2.Studio\Dev2.Studio.csproj]
C:\Program Files\dotnet\sdk\10.0.201\Microsoft.Common.CurrentVersion.targets(2451,5): warning MSB3277:             C:\Users\ultra\warewolf\Dev\Dev2.Diagnostics\bin\Debug\net8.0\Dev2.Diagnostics.dll [C:\Users\ultra\warewolf\Dev\Dev2.Studio\Dev2.Studio.csproj]
C:\Program Files\dotnet\sdk\10.0.201\Microsoft.Common.CurrentVersion.targets(2451,5): warning MSB3277:             C:\Users\ultra\warewolf\Dev\Dev2.Infrastructure\bin\Debug\net8.0\Dev2.Infrastructure.dll [C:\Users\ultra\warewolf\Dev\Dev2.Studio\Dev2.Studio.csproj]
C:\Program Files\dotnet\sdk\10.0.201\Microsoft.Common.CurrentVersion.targets(2451,5): warning MSB3277:             C:\Users\ultra\warewolf\Dev\Dev2.Intellisense\bin\Debug\net8.0\Dev2.Intellisense.dll [C:\Users\ultra\warewolf\Dev\Dev2.Studio\Dev2.Studio.csproj]
C:\Program Files\dotnet\sdk\10.0.201\Microsoft.Common.CurrentVersion.targets(2451,5): warning MSB3277:             C:\Users\ultra\warewolf\Dev\Dev2.Scheduler\bin\Debug\net8.0\Dev2.Scheduler.dll [C:\Users\ultra\warewolf\Dev\Dev2.Studio\Dev2.Studio.csproj]
C:\Program Files\dotnet\sdk\10.0.201\Microsoft.Common.CurrentVersion.targets(2451,5): warning MSB3277:             C:\Users\ultra\warewolf\Dev\Dev2.Services.Execution\bin\Debug\net8.0\Dev2.Services.Execution.dll [C:\Users\ultra\warewolf\Dev\Dev2.Studio\Dev2.Studio.csproj]
C:\Program Files\dotnet\sdk\10.0.201\Microsoft.Common.CurrentVersion.targets(2451,5): warning MSB3277:             C:\Users\ultra\warewolf\Dev\Dev2.Studio.Core\bin\Debug\net8.0\Dev2.Studio.Core.dll [C:\Users\ultra\warewolf\Dev\Dev2.Studio\Dev2.Studio.csproj]
C:\Program Files\dotnet\sdk\10.0.201\Microsoft.Common.CurrentVersion.targets(2451,5): warning MSB3277:             C:\Users\ultra\warewolf\Dev\Dev2.Studio.Interfaces\bin\Debug\net8.0\Dev2.Studio.Interfaces.dll [C:\Users\ultra\warewolf\Dev\Dev2.Studio\Dev2.Studio.csproj]
C:\Program Files\dotnet\sdk\10.0.201\Microsoft.Common.CurrentVersion.targets(2451,5): warning MSB3277:             C:\Users\ultra\warewolf\Dev\Dev2.TaskScheduler.Wrappers\bin\Debug\net8.0\Dev2.TaskScheduler.Wrappers.dll [C:\Users\ultra\warewolf\Dev\Dev2.Studio\Dev2.Studio.csproj]
C:\Program Files\dotnet\sdk\10.0.201\Microsoft.Common.CurrentVersion.targets(2451,5): warning MSB3277:             C:\Users\ultra\warewolf\Dev\Dev2.Util\bin\Debug\net8.0\Dev2.Util.dll [C:\Users\ultra\warewolf\Dev\Dev2.Studio\Dev2.Studio.csproj]
C:\Program Files\dotnet\sdk\10.0.201\Microsoft.Common.CurrentVersion.targets(2451,5): warning MSB3277:             C:\Users\ultra\warewolf\Dev\Warewolf.Core\bin\Debug\net8.0\Warewolf.Core.dll [C:\Users\ultra\warewolf\Dev\Dev2.Studio\Dev2.Studio.csproj]
C:\Program Files\dotnet\sdk\10.0.201\Microsoft.Common.CurrentVersion.targets(2451,5): warning MSB3277:             C:\Users\ultra\warewolf\Dev\Warewolf.ResourceManagement\bin\Debug\net8.0\Warewolf.ResourceManagement.dll [C:\Users\ultra\warewolf\Dev\Dev2.Studio\Dev2.Studio.csproj]
C:\Program Files\dotnet\sdk\10.0.201\Microsoft.Common.CurrentVersion.targets(2451,5): warning MSB3277:             C:\Users\ultra\warewolf\Dev\Warewolf.Sharepoint\bin\Debug\net8.0\Warewolf.Sharepoint.dll [C:\Users\ultra\warewolf\Dev\Dev2.Studio\Dev2.Studio.csproj]
C:\Program Files\dotnet\sdk\10.0.201\Microsoft.Common.CurrentVersion.targets(2451,5): warning MSB3277:             C:\Users\ultra\warewolf\Dev\Warewolf.Storage\bin\Debug\net8.0\Warewolf.Storage.dll [C:\Users\ultra\warewolf\Dev\Dev2.Studio\Dev2.Studio.csproj]
C:\Program Files\dotnet\sdk\10.0.201\Microsoft.Common.CurrentVersion.targets(2451,5): warning MSB3277:             C:\Users\ultra\warewolf\Dev\Warewolf.Studio.Core\bin\Debug\net8.0\Warewolf.Studio.Core.dll [C:\Users\ultra\warewolf\Dev\Dev2.Studio\Dev2.Studio.csproj]
C:\Program Files\dotnet\sdk\10.0.201\Microsoft.Common.CurrentVersion.targets(2451,5): warning MSB3277:             C:\Users\ultra\warewolf\Dev\Warewolf.Studio.Models\bin\Debug\net8.0\Warewolf.Studio.Models.dll [C:\Users\ultra\warewolf\Dev\Dev2.Studio\Dev2.Studio.csproj]
C:\Program Files\dotnet\sdk\10.0.201\Microsoft.Common.CurrentVersion.targets(2451,5): warning MSB3277:             C:\Users\ultra\warewolf\Dev\Warewolf.Studio.CustomControls\bin\Debug\net8.0\Warewolf.Studio.CustomControls.dll [C:\Users\ultra\warewolf\Dev\Dev2.Studio\Dev2.Studio.csproj]
C:\Program Files\dotnet\sdk\10.0.201\Microsoft.Common.CurrentVersion.targets(2451,5): warning MSB3277:             C:\Users\ultra\warewolf\Dev\Warewolf.Studio.ViewModels\bin\Debug\net8.0\Warewolf.Studio.ViewModels.dll [C:\Users\ultra\warewolf\Dev\Dev2.Studio\Dev2.Studio.csproj]
C:\Program Files\dotnet\sdk\10.0.201\Microsoft.Common.CurrentVersion.targets(2451,5): warning MSB3277:             C:\Users\ultra\warewolf\Dev\Warewolf.Trigger.Queue\bin\Debug\net8.0\Warewolf.Trigger.Queue.dll [C:\Users\ultra\warewolf\Dev\Dev2.Studio\Dev2.Studio.csproj]
C:\Program Files\dotnet\sdk\10.0.201\Microsoft.Common.CurrentVersion.targets(2451,5): warning MSB3277:             C:\Users\ultra\warewolf\Dev\Warewolf.UI\bin\Debug\net8.0\Warewolf.UI.dll [C:\Users\ultra\warewolf\Dev\Dev2.Studio\Dev2.Studio.csproj]
C:\Program Files\dotnet\sdk\10.0.201\Microsoft.Common.CurrentVersion.targets(2451,5): warning MSB3277:             C:\Users\ultra\warewolf\Dev\Dev2.Development.Languages\bin\Debug\net8.0\Dev2.Development.Languages.dll [C:\Users\ultra\warewolf\Dev\Dev2.Studio\Dev2.Studio.csproj]
C:\Program Files\dotnet\sdk\10.0.201\Microsoft.Common.CurrentVersion.targets(2451,5): warning MSB3277:             C:\Users\ultra\warewolf\Dev\Dev2.Runtime.Services\bin\Debug\net8.0\Dev2.Runtime.Services.dll [C:\Users\ultra\warewolf\Dev\Dev2.Studio\Dev2.Studio.csproj]
C:\Program Files\dotnet\sdk\10.0.201\Microsoft.Common.CurrentVersion.targets(2451,5): warning MSB3277:             C:\Users\ultra\warewolf\Dev\Dev2.Services.Sql\bin\Debug\net8.0\Dev2.Services.Sql.dll [C:\Users\ultra\warewolf\Dev\Dev2.Studio\Dev2.Studio.csproj]
C:\Program Files\dotnet\sdk\10.0.201\Microsoft.Common.CurrentVersion.targets(2451,5): warning MSB3277:             C:\Users\ultra\warewolf\Dev\Warewolf.AI.Harness\bin\Debug\net8.0\Warewolf.AI.Harness.dll [C:\Users\ultra\warewolf\Dev\Dev2.Studio\Dev2.Studio.csproj]
C:\Program Files\dotnet\sdk\10.0.201\Microsoft.Common.CurrentVersion.targets(2451,5): warning MSB3277:             C:\Users\ultra\warewolf\Dev\Warewolf.Auditing\bin\Debug\net8.0\Warewolf.Auditing.dll [C:\Users\ultra\warewolf\Dev\Dev2.Studio\Dev2.Studio.csproj]
C:\Program Files\dotnet\sdk\10.0.201\Microsoft.Common.CurrentVersion.targets(2451,5): warning MSB3277:             C:\Users\ultra\warewolf\Dev\Warewolf.Common.NetStandard20\bin\Debug\net8.0\Warewolf.Common.NetStandard20.dll [C:\Users\ultra\warewolf\Dev\Dev2.Studio\Dev2.Studio.csproj]
C:\Program Files\dotnet\sdk\10.0.201\Microsoft.Common.CurrentVersion.targets(2451,5): warning MSB3277:             C:\Users\ultra\warewolf\Dev\Warewolf.Driver.Persistence\bin\Debug\net8.0\Warewolf.Driver.Persistence.dll [C:\Users\ultra\warewolf\Dev\Dev2.Studio\Dev2.Studio.csproj]
C:\Program Files\dotnet\sdk\10.0.201\Microsoft.Common.CurrentVersion.targets(2451,5): warning MSB3277:             C:\Users\ultra\warewolf\Dev\Warewolf.Driver.Serilog\bin\Debug\net8.0\Warewolf.Driver.Serilog.dll [C:\Users\ultra\warewolf\Dev\Dev2.Studio\Dev2.Studio.csproj]
C:\Program Files\dotnet\sdk\10.0.201\Microsoft.Common.CurrentVersion.targets(2451,5): warning MSB3277:             C:\Users\ultra\warewolf\Dev\Warewolf.Exchange.Email.Wrapper\bin\Debug\net8.0\Warewolf.Exchange.Email.Wrapper.dll [C:\Users\ultra\warewolf\Dev\Dev2.Studio\Dev2.Studio.csproj]
C:\Program Files\dotnet\sdk\10.0.201\Microsoft.Common.CurrentVersion.targets(2451,5): warning MSB3277:         C:\Users\ultra\warewolf\Dev\Binaries\Infragistcs_Net6\InfragisticsWPF4.Editors.v15.1.dll [C:\Users\ultra\warewolf\Dev\Dev2.Studio\Dev2.Studio.csproj]
C:\Program Files\dotnet\sdk\10.0.201\Microsoft.Common.CurrentVersion.targets(2451,5): warning MSB3277:           Project file item includes which caused reference "C:\Users\ultra\warewolf\Dev\Binaries\Infragistcs_Net6\InfragisticsWPF4.Editors.v15.1.dll". [C:\Users\ultra\warewolf\Dev\Dev2.Studio\Dev2.Studio.csproj]
C:\Program Files\dotnet\sdk\10.0.201\Microsoft.Common.CurrentVersion.targets(2451,5): warning MSB3277:             InfragisticsWPF4.Editors.v15.1, Version=15.1.20151.2055, Culture=neutral, processorArchitecture=MSIL [C:\Users\ultra\warewolf\Dev\Dev2.Studio\Dev2.Studio.csproj]
C:\Program Files\dotnet\sdk\10.0.201\Microsoft.Common.CurrentVersion.targets(2451,5): warning MSB3277:             InfragisticsWPF4.DataPresenter.v15.1 [C:\Users\ultra\warewolf\Dev\Dev2.Studio\Dev2.Studio.csproj]
C:\Program Files\dotnet\sdk\10.0.201\Microsoft.Common.CurrentVersion.targets(2451,5): warning MSB3277:         C:\Users\ultra\warewolf\Dev\Binaries\Infragistcs_Net6\InfragisticsWPF4.v15.1.dll [C:\Users\ultra\warewolf\Dev\Dev2.Studio\Dev2.Studio.csproj]
C:\Program Files\dotnet\sdk\10.0.201\Microsoft.Common.CurrentVersion.targets(2451,5): warning MSB3277:           Project file item includes which caused reference "C:\Users\ultra\warewolf\Dev\Binaries\Infragistcs_Net6\InfragisticsWPF4.v15.1.dll". [C:\Users\ultra\warewolf\Dev\Dev2.Studio\Dev2.Studio.csproj]
C:\Program Files\dotnet\sdk\10.0.201\Microsoft.Common.CurrentVersion.targets(2451,5): warning MSB3277:             InfragisticsWPF4.v15.1, Version=15.1.20151.2055, Culture=neutral, PublicKeyToken=7dd5c3163f2cd0cb, processorArchitecture=MSIL [C:\Users\ultra\warewolf\Dev\Dev2.Studio\Dev2.Studio.csproj]
C:\Program Files\dotnet\sdk\10.0.201\Microsoft.Common.CurrentVersion.targets(2451,5): warning MSB3277:             InfragisticsWPF4.Controls.Editors.XamComboEditor.v15.1, Version=15.1.20151.2055, Culture=neutral, processorArchitecture=MSIL [C:\Users\ultra\warewolf\Dev\Dev2.Studio\Dev2.Studio.csproj]
C:\Program Files\dotnet\sdk\10.0.201\Microsoft.Common.CurrentVersion.targets(2451,5): warning MSB3277:             InfragisticsWPF4.Controls.Grids.XamGrid.v15.1, Version=15.1.20151.2055, Culture=neutral, PublicKeyToken=7dd5c3163f2cd0cb, processorArchitecture=MSIL [C:\Users\ultra\warewolf\Dev\Dev2.Studio\Dev2.Studio.csproj]
C:\Program Files\dotnet\sdk\10.0.201\Microsoft.Common.CurrentVersion.targets(2451,5): warning MSB3277:             CalculationManager.WPF [C:\Users\ultra\warewolf\Dev\Dev2.Studio\Dev2.Studio.csproj]
C:\Program Files\dotnet\sdk\10.0.201\Microsoft.Common.CurrentVersion.targets(2451,5): warning MSB3277:             InfragisticsWPF4.Controls.Interactions.XamDialogWindow.v15.1, Version=15.1.20151.2055, Culture=neutral, PublicKeyToken=7dd5c3163f2cd0cb, processorArchitecture=MSIL [C:\Users\ultra\warewolf\Dev\Dev2.Studio\Dev2.Studio.csproj]
C:\Program Files\dotnet\sdk\10.0.201\Microsoft.Common.CurrentVersion.targets(2451,5): warning MSB3277:             InfragisticsWPF4.Controls.Maps.XamNetworkNode.v15.1, Version=15.1.20151.2055, Culture=neutral, PublicKeyToken=7dd5c3163f2cd0cb, processorArchitecture=MSIL [C:\Users\ultra\warewolf\Dev\Dev2.Studio\Dev2.Studio.csproj]
C:\Program Files\dotnet\sdk\10.0.201\Microsoft.Common.CurrentVersion.targets(2451,5): warning MSB3277:             InfragisticsWPF4.Controls.Menus.XamDataTree.v15.1, Version=15.1.20151.2055, Culture=neutral, processorArchitecture=MSIL [C:\Users\ultra\warewolf\Dev\Dev2.Studio\Dev2.Studio.csproj]
C:\Program Files\dotnet\sdk\10.0.201\Microsoft.Common.CurrentVersion.targets(2451,5): warning MSB3277:             InfragisticsWPF4.Controls.Menus.XamMenu.v15.1, Version=15.1.20151.2055, Culture=neutral, processorArchitecture=MSIL [C:\Users\ultra\warewolf\Dev\Dev2.Studio\Dev2.Studio.csproj]
C:\Program Files\dotnet\sdk\10.0.201\Microsoft.Common.CurrentVersion.targets(2451,5): warning MSB3277:             InfragisticsWPF4.DataManager.v15.1, Version=15.1.20151.2055, Culture=neutral, processorArchitecture=MSIL [C:\Users\ultra\warewolf\Dev\Dev2.Studio\Dev2.Studio.csproj]
C:\Program Files\dotnet\sdk\10.0.201\Microsoft.Common.CurrentVersion.targets(2451,5): warning MSB3277:             InfragisticsWPF4.DataPresenter.v15.1 [C:\Users\ultra\warewolf\Dev\Dev2.Studio\Dev2.Studio.csproj]
C:\Program Files\dotnet\sdk\10.0.201\Microsoft.Common.CurrentVersion.targets(2451,5): warning MSB3277:             InfragisticsWPF4.DataVisualization.v15.1, Version=15.1.20151.2055, Culture=neutral, PublicKeyToken=7dd5c3163f2cd0cb, processorArchitecture=MSIL [C:\Users\ultra\warewolf\Dev\Dev2.Studio\Dev2.Studio.csproj]
C:\Program Files\dotnet\sdk\10.0.201\Microsoft.Common.CurrentVersion.targets(2451,5): warning MSB3277:             InfragisticsWPF4.DockManager.v15.1, Version=15.1.20151.2055, Culture=neutral, PublicKeyToken=7dd5c3163f2cd0cb, processorArchitecture=MSIL [C:\Users\ultra\warewolf\Dev\Dev2.Studio\Dev2.Studio.csproj]
C:\Program Files\dotnet\sdk\10.0.201\Microsoft.Common.CurrentVersion.targets(2451,5): warning MSB3277:             InfragisticsWPF4.Editors.v15.1, Version=15.1.20151.2055, Culture=neutral, processorArchitecture=MSIL [C:\Users\ultra\warewolf\Dev\Dev2.Studio\Dev2.Studio.csproj]
C:\Program Files\dotnet\sdk\10.0.201\Microsoft.Common.CurrentVersion.targets(2451,5): warning MSB3277:             InfragisticsWPF4.Math.Calculators.v15.1, Version=15.1.20151.2055, Culture=neutral, PublicKeyToken=7dd5c3163f2cd0cb, processorArchitecture=MSIL [C:\Users\ultra\warewolf\Dev\Dev2.Studio\Dev2.Studio.csproj]
C:\Program Files\dotnet\sdk\10.0.201\Microsoft.Common.CurrentVersion.targets(2451,5): warning MSB3277:             InfragisticsWPF4.Math.v15.1, Version=15.1.20151.2055, Culture=neutral, PublicKeyToken=7dd5c3163f2cd0cb, processorArchitecture=MSIL [C:\Users\ultra\warewolf\Dev\Dev2.Studio\Dev2.Studio.csproj]
C:\Program Files\dotnet\sdk\10.0.201\Microsoft.Common.CurrentVersion.targets(2451,5): warning MSB3277:         C:\Users\ultra\.nuget\packages\timespan2\2.4.2\lib\netcoreapp3.1\TimeSpan2.dll [C:\Users\ultra\warewolf\Dev\Dev2.Studio\Dev2.Studio.csproj]
C:\Program Files\dotnet\sdk\10.0.201\Microsoft.Common.CurrentVersion.targets(2451,5): warning MSB3277:           Project file item includes which caused reference "C:\Users\ultra\.nuget\packages\timespan2\2.4.2\lib\netcoreapp3.1\TimeSpan2.dll". [C:\Users\ultra\warewolf\Dev\Dev2.Studio\Dev2.Studio.csproj]
C:\Program Files\dotnet\sdk\10.0.201\Microsoft.Common.CurrentVersion.targets(2451,5): warning MSB3277:             C:\Users\ultra\.nuget\packages\timespan2\2.4.2\lib\netcoreapp3.1\TimeSpan2.dll [C:\Users\ultra\warewolf\Dev\Dev2.Studio\Dev2.Studio.csproj]
C:\Program Files\dotnet\sdk\10.0.201\Microsoft.Common.CurrentVersion.targets(2451,5): warning MSB3277:             C:\Users\ultra\.nuget\packages\taskschedulereditor\2.10.1\lib\net452\Microsoft.Win32.TaskSchedulerEditor.dll [C:\Users\ultra\warewolf\Dev\Dev2.Studio\Dev2.Studio.csproj]
C:\Program Files\dotnet\sdk\10.0.201\Microsoft.Common.CurrentVersion.targets(2451,5): warning MSB3277:         C:\Program Files\dotnet\packs\Microsoft.NETCore.App.Ref\8.0.25\ref\net8.0\System.dll [C:\Users\ultra\warewolf\Dev\Dev2.Studio\Dev2.Studio.csproj]
C:\Program Files\dotnet\sdk\10.0.201\Microsoft.Common.CurrentVersion.targets(2451,5): warning MSB3277:           Project file item includes which caused reference "C:\Program Files\dotnet\packs\Microsoft.NETCore.App.Ref\8.0.25\ref\net8.0\System.dll". [C:\Users\ultra\warewolf\Dev\Dev2.Studio\Dev2.Studio.csproj]
C:\Program Files\dotnet\sdk\10.0.201\Microsoft.Common.CurrentVersion.targets(2451,5): warning MSB3277:             C:\Program Files\dotnet\packs\Microsoft.NETCore.App.Ref\8.0.25\ref/net8.0/System.dll [C:\Users\ultra\warewolf\Dev\Dev2.Studio\Dev2.Studio.csproj]
C:\Program Files\dotnet\sdk\10.0.201\Microsoft.Common.CurrentVersion.targets(2451,5): warning MSB3277:             C:\Users\ultra\.nuget\packages\aerowizard\2.3.1\lib\net45\AeroWizard.dll [C:\Users\ultra\warewolf\Dev\Dev2.Studio\Dev2.Studio.csproj]
C:\Program Files\dotnet\sdk\10.0.201\Microsoft.Common.CurrentVersion.targets(2451,5): warning MSB3277:             C:\Users\ultra\.nuget\packages\avalonedit\6.3.0.90\lib\net462\ICSharpCode.AvalonEdit.dll [C:\Users\ultra\warewolf\Dev\Dev2.Studio\Dev2.Studio.csproj]
C:\Program Files\dotnet\sdk\10.0.201\Microsoft.Common.CurrentVersion.targets(2451,5): warning MSB3277:             C:\Users\ultra\.nuget\packages\fontawesome.wpf\4.7.0.9\lib\net40\FontAwesome.WPF.dll [C:\Users\ultra\warewolf\Dev\Dev2.Studio\Dev2.Studio.csproj]
C:\Program Files\dotnet\sdk\10.0.201\Microsoft.Common.CurrentVersion.targets(2451,5): warning MSB3277:             C:\Users\ultra\.nuget\packages\groupcontrols\1.9.0\lib\net45\GroupControls.dll [C:\Users\ultra\warewolf\Dev\Dev2.Studio\Dev2.Studio.csproj]
C:\Program Files\dotnet\sdk\10.0.201\Microsoft.Common.CurrentVersion.targets(2451,5): warning MSB3277:             C:\Users\ultra\.nuget\packages\log4net.async\2.0.4\lib\net40\Log4Net.Async.dll [C:\Users\ultra\warewolf\Dev\Dev2.Studio\Dev2.Studio.csproj]
C:\Program Files\dotnet\sdk\10.0.201\Microsoft.Common.CurrentVersion.targets(2451,5): warning MSB3277:             C:\Users\ultra\.nuget\packages\microsoft.xaml.behaviors.wpf\1.1.122\lib\net462\Microsoft.Xaml.Behaviors.dll [C:\Users\ultra\warewolf\Dev\Dev2.Studio\Dev2.Studio.csproj]
C:\Program Files\dotnet\sdk\10.0.201\Microsoft.Common.CurrentVersion.targets(2451,5): warning MSB3277:             C:\Users\ultra\.nuget\packages\caliburn.micro\4.0.212\lib\netcoreapp3.1\Caliburn.Micro.Platform.dll [C:\Users\ultra\warewolf\Dev\Dev2.Studio\Dev2.Studio.csproj]
C:\Program Files\dotnet\sdk\10.0.201\Microsoft.Common.CurrentVersion.targets(2451,5): warning MSB3277:             C:\Users\ultra\.nuget\packages\prism.composition\5.0.0\lib\NET45\Microsoft.Practices.Prism.Composition.dll [C:\Users\ultra\warewolf\Dev\Dev2.Studio\Dev2.Studio.csproj]
C:\Program Files\dotnet\sdk\10.0.201\Microsoft.Common.CurrentVersion.targets(2451,5): warning MSB3277:             C:\Users\ultra\.nuget\packages\prism.interactivity\5.0.0\lib\NET45\Microsoft.Practices.Prism.Interactivity.dll [C:\Users\ultra\warewolf\Dev\Dev2.Studio\Dev2.Studio.csproj]
C:\Program Files\dotnet\sdk\10.0.201\Microsoft.Common.CurrentVersion.targets(2451,5): warning MSB3277:             C:\Users\ultra\.nuget\packages\prism.mvvm\1.0.0\lib\net45\Microsoft.Practices.Prism.Mvvm.Desktop.dll [C:\Users\ultra\warewolf\Dev\Dev2.Studio\Dev2.Studio.csproj]
C:\Program Files\dotnet\sdk\10.0.201\Microsoft.Common.CurrentVersion.targets(2451,5): warning MSB3277:             C:\Users\ultra\.nuget\packages\prism.unityextensions\5.0.1\lib\NET45\Microsoft.Practices.Prism.UnityExtensions.dll [C:\Users\ultra\warewolf\Dev\Dev2.Studio\Dev2.Studio.csproj]
C:\Program Files\dotnet\sdk\10.0.201\Microsoft.Common.CurrentVersion.targets(2451,5): warning MSB3277:             C:\Users\ultra\.nuget\packages\prism.wpf\9.0.537\lib\net462\Prism.Wpf.dll [C:\Users\ultra\warewolf\Dev\Dev2.Studio\Dev2.Studio.csproj]
C:\Program Files\dotnet\sdk\10.0.201\Microsoft.Common.CurrentVersion.targets(2451,5): warning MSB3277:             C:\Users\ultra\.nuget\packages\reactiveui.wpf\18.4.1\lib\net462\ReactiveUI.Wpf.dll [C:\Users\ultra\warewolf\Dev\Dev2.Studio\Dev2.Studio.csproj]
C:\Program Files\dotnet\sdk\10.0.201\Microsoft.Common.CurrentVersion.targets(2451,5): warning MSB3277:             C:\Users\ultra\.nuget\packages\taskschedulereditor\2.10.1\lib\net452\Microsoft.Win32.TaskSchedulerEditor.dll [C:\Users\ultra\warewolf\Dev\Dev2.Studio\Dev2.Studio.csproj]
C:\Program Files\dotnet\sdk\10.0.201\Microsoft.Common.CurrentVersion.targets(2451,5): warning MSB3277:             C:\Users\ultra\.nuget\packages\ttcue.netcore.sharepointonline.csom.16.1.8029.1200\16.1.8029.1200\lib\netcoreapp2.0\Microsoft.SharePoint.Client.Runtime.Windows.dll [C:\Users\ultra\warewolf\Dev\Dev2.Studio\Dev2.Studio.csproj]
C:\Program Files\dotnet\sdk\10.0.201\Microsoft.Common.CurrentVersion.targets(2451,5): warning MSB3277: Found conflicts between different versions of "WindowsBase" that could not be resolved. [C:\Users\ultra\warewolf\Dev\Dev2.Studio\Dev2.Studio.csproj]
C:\Program Files\dotnet\sdk\10.0.201\Microsoft.Common.CurrentVersion.targets(2451,5): warning MSB3277: There was a conflict between "WindowsBase, Version=4.0.0.0, Culture=neutral, PublicKeyToken=31bf3856ad364e35" and "WindowsBase, Version=6.0.2.0, Culture=neutral, PublicKeyToken=31bf3856ad364e35". [C:\Users\ultra\warewolf\Dev\Dev2.Studio\Dev2.Studio.csproj]
C:\Program Files\dotnet\sdk\10.0.201\Microsoft.Common.CurrentVersion.targets(2451,5): warning MSB3277:     "WindowsBase, Version=4.0.0.0, Culture=neutral, PublicKeyToken=31bf3856ad364e35" was chosen because it was primary and "WindowsBase, Version=6.0.2.0, Culture=neutral, PublicKeyToken=31bf3856ad364e35" was not. [C:\Users\ultra\warewolf\Dev\Dev2.Studio\Dev2.Studio.csproj]
C:\Program Files\dotnet\sdk\10.0.201\Microsoft.Common.CurrentVersion.targets(2451,5): warning MSB3277:     References which depend on "WindowsBase, Version=4.0.0.0, Culture=neutral, PublicKeyToken=31bf3856ad364e35" [C:\Program Files\dotnet\packs\Microsoft.NETCore.App.Ref\8.0.25\ref\net8.0\WindowsBase.dll]. [C:\Users\ultra\warewolf\Dev\Dev2.Studio\Dev2.Studio.csproj]
C:\Program Files\dotnet\sdk\10.0.201\Microsoft.Common.CurrentVersion.targets(2451,5): warning MSB3277:         C:\Program Files\dotnet\packs\Microsoft.NETCore.App.Ref\8.0.25\ref\net8.0\WindowsBase.dll [C:\Users\ultra\warewolf\Dev\Dev2.Studio\Dev2.Studio.csproj]
C:\Program Files\dotnet\sdk\10.0.201\Microsoft.Common.CurrentVersion.targets(2451,5): warning MSB3277:           Project file item includes which caused reference "C:\Program Files\dotnet\packs\Microsoft.NETCore.App.Ref\8.0.25\ref\net8.0\WindowsBase.dll". [C:\Users\ultra\warewolf\Dev\Dev2.Studio\Dev2.Studio.csproj]
C:\Program Files\dotnet\sdk\10.0.201\Microsoft.Common.CurrentVersion.targets(2451,5): warning MSB3277:             C:\Program Files\dotnet\packs\Microsoft.NETCore.App.Ref\8.0.25\ref/net8.0/WindowsBase.dll [C:\Users\ultra\warewolf\Dev\Dev2.Studio\Dev2.Studio.csproj]
C:\Program Files\dotnet\sdk\10.0.201\Microsoft.Common.CurrentVersion.targets(2451,5): warning MSB3277:     References which depend on or have been unified to "WindowsBase, Version=6.0.2.0, Culture=neutral, PublicKeyToken=31bf3856ad364e35" []. [C:\Users\ultra\warewolf\Dev\Dev2.Studio\Dev2.Studio.csproj]
C:\Program Files\dotnet\sdk\10.0.201\Microsoft.Common.CurrentVersion.targets(2451,5): warning MSB3277:         C:\Users\ultra\warewolf\Dev\Binaries\Infragistcs_Net6\InfragisticsWPF4.Controls.Editors.XamComboEditor.v15.1.dll [C:\Users\ultra\warewolf\Dev\Dev2.Studio\Dev2.Studio.csproj]
C:\Program Files\dotnet\sdk\10.0.201\Microsoft.Common.CurrentVersion.targets(2451,5): warning MSB3277:           Project file item includes which caused reference "C:\Users\ultra\warewolf\Dev\Binaries\Infragistcs_Net6\InfragisticsWPF4.Controls.Editors.XamComboEditor.v15.1.dll". [C:\Users\ultra\warewolf\Dev\Dev2.Studio\Dev2.Studio.csproj]
C:\Program Files\dotnet\sdk\10.0.201\Microsoft.Common.CurrentVersion.targets(2451,5): warning MSB3277:             InfragisticsWPF4.Controls.Editors.XamComboEditor.v15.1, Version=15.1.20151.2055, Culture=neutral, processorArchitecture=MSIL [C:\Users\ultra\warewolf\Dev\Dev2.Studio\Dev2.Studio.csproj]
C:\Program Files\dotnet\sdk\10.0.201\Microsoft.Common.CurrentVersion.targets(2451,5): warning MSB3277:         C:\Users\ultra\warewolf\Dev\Binaries\Infragistcs_Net6\InfragisticsWPF4.Controls.Grids.XamGrid.v15.1.dll [C:\Users\ultra\warewolf\Dev\Dev2.Studio\Dev2.Studio.csproj]
C:\Program Files\dotnet\sdk\10.0.201\Microsoft.Common.CurrentVersion.targets(2451,5): warning MSB3277:           Project file item includes which caused reference "C:\Users\ultra\warewolf\Dev\Binaries\Infragistcs_Net6\InfragisticsWPF4.Controls.Grids.XamGrid.v15.1.dll". [C:\Users\ultra\warewolf\Dev\Dev2.Studio\Dev2.Studio.csproj]
C:\Program Files\dotnet\sdk\10.0.201\Microsoft.Common.CurrentVersion.targets(2451,5): warning MSB3277:             InfragisticsWPF4.Controls.Grids.XamGrid.v15.1, Version=15.1.20151.2055, Culture=neutral, PublicKeyToken=7dd5c3163f2cd0cb, processorArchitecture=MSIL [C:\Users\ultra\warewolf\Dev\Dev2.Studio\Dev2.Studio.csproj]
C:\Program Files\dotnet\sdk\10.0.201\Microsoft.Common.CurrentVersion.targets(2451,5): warning MSB3277:         C:\Users\ultra\warewolf\Dev\Binaries\Infragistcs_Net6\Infragistics.Calculations.dll [C:\Users\ultra\warewolf\Dev\Dev2.Studio\Dev2.Studio.csproj]
C:\Program Files\dotnet\sdk\10.0.201\Microsoft.Common.CurrentVersion.targets(2451,5): warning MSB3277:           Project file item includes which caused reference "C:\Users\ultra\warewolf\Dev\Binaries\Infragistcs_Net6\Infragistics.Calculations.dll". [C:\Users\ultra\warewolf\Dev\Dev2.Studio\Dev2.Studio.csproj]
C:\Program Files\dotnet\sdk\10.0.201\Microsoft.Common.CurrentVersion.targets(2451,5): warning MSB3277:             CalculationManager.WPF [C:\Users\ultra\warewolf\Dev\Dev2.Studio\Dev2.Studio.csproj]
C:\Program Files\dotnet\sdk\10.0.201\Microsoft.Common.CurrentVersion.targets(2451,5): warning MSB3277:         C:\Users\ultra\warewolf\Dev\Binaries\Infragistcs_Net6\InfragisticsWPF4.Controls.Interactions.XamDialogWindow.v15.1.dll [C:\Users\ultra\warewolf\Dev\Dev2.Studio\Dev2.Studio.csproj]
C:\Program Files\dotnet\sdk\10.0.201\Microsoft.Common.CurrentVersion.targets(2451,5): warning MSB3277:           Project file item includes which caused reference "C:\Users\ultra\warewolf\Dev\Binaries\Infragistcs_Net6\InfragisticsWPF4.Controls.Interactions.XamDialogWindow.v15.1.dll". [C:\Users\ultra\warewolf\Dev\Dev2.Studio\Dev2.Studio.csproj]
C:\Program Files\dotnet\sdk\10.0.201\Microsoft.Common.CurrentVersion.targets(2451,5): warning MSB3277:             InfragisticsWPF4.Controls.Interactions.XamDialogWindow.v15.1, Version=15.1.20151.2055, Culture=neutral, PublicKeyToken=7dd5c3163f2cd0cb, processorArchitecture=MSIL [C:\Users\ultra\warewolf\Dev\Dev2.Studio\Dev2.Studio.csproj]
C:\Program Files\dotnet\sdk\10.0.201\Microsoft.Common.CurrentVersion.targets(2451,5): warning MSB3277:         C:\Users\ultra\warewolf\Dev\Binaries\Infragistcs_Net6\InfragisticsWPF4.Controls.Maps.XamNetworkNode.v15.1.dll [C:\Users\ultra\warewolf\Dev\Dev2.Studio\Dev2.Studio.csproj]
C:\Program Files\dotnet\sdk\10.0.201\Microsoft.Common.CurrentVersion.targets(2451,5): warning MSB3277:           Project file item includes which caused reference "C:\Users\ultra\warewolf\Dev\Binaries\Infragistcs_Net6\InfragisticsWPF4.Controls.Maps.XamNetworkNode.v15.1.dll". [C:\Users\ultra\warewolf\Dev\Dev2.Studio\Dev2.Studio.csproj]
C:\Program Files\dotnet\sdk\10.0.201\Microsoft.Common.CurrentVersion.targets(2451,5): warning MSB3277:             InfragisticsWPF4.Controls.Maps.XamNetworkNode.v15.1, Version=15.1.20151.2055, Culture=neutral, PublicKeyToken=7dd5c3163f2cd0cb, processorArchitecture=MSIL [C:\Users\ultra\warewolf\Dev\Dev2.Studio\Dev2.Studio.csproj]
C:\Program Files\dotnet\sdk\10.0.201\Microsoft.Common.CurrentVersion.targets(2451,5): warning MSB3277:         C:\Users\ultra\warewolf\Dev\Binaries\Infragistcs_Net6\InfragisticsWPF4.Controls.Menus.XamDataTree.v15.1.dll [C:\Users\ultra\warewolf\Dev\Dev2.Studio\Dev2.Studio.csproj]
C:\Program Files\dotnet\sdk\10.0.201\Microsoft.Common.CurrentVersion.targets(2451,5): warning MSB3277:           Project file item includes which caused reference "C:\Users\ultra\warewolf\Dev\Binaries\Infragistcs_Net6\InfragisticsWPF4.Controls.Menus.XamDataTree.v15.1.dll". [C:\Users\ultra\warewolf\Dev\Dev2.Studio\Dev2.Studio.csproj]
C:\Program Files\dotnet\sdk\10.0.201\Microsoft.Common.CurrentVersion.targets(2451,5): warning MSB3277:             InfragisticsWPF4.Controls.Menus.XamDataTree.v15.1, Version=15.1.20151.2055, Culture=neutral, processorArchitecture=MSIL [C:\Users\ultra\warewolf\Dev\Dev2.Studio\Dev2.Studio.csproj]
C:\Program Files\dotnet\sdk\10.0.201\Microsoft.Common.CurrentVersion.targets(2451,5): warning MSB3277:         C:\Users\ultra\warewolf\Dev\Binaries\Infragistcs_Net6\InfragisticsWPF4.Controls.Menus.XamMenu.v15.1.dll [C:\Users\ultra\warewolf\Dev\Dev2.Studio\Dev2.Studio.csproj]
C:\Program Files\dotnet\sdk\10.0.201\Microsoft.Common.CurrentVersion.targets(2451,5): warning MSB3277:           Project file item includes which caused reference "C:\Users\ultra\warewolf\Dev\Binaries\Infragistcs_Net6\InfragisticsWPF4.Controls.Menus.XamMenu.v15.1.dll". [C:\Users\ultra\warewolf\Dev\Dev2.Studio\Dev2.Studio.csproj]
C:\Program Files\dotnet\sdk\10.0.201\Microsoft.Common.CurrentVersion.targets(2451,5): warning MSB3277:             InfragisticsWPF4.Controls.Menus.XamMenu.v15.1, Version=15.1.20151.2055, Culture=neutral, processorArchitecture=MSIL [C:\Users\ultra\warewolf\Dev\Dev2.Studio\Dev2.Studio.csproj]
C:\Program Files\dotnet\sdk\10.0.201\Microsoft.Common.CurrentVersion.targets(2451,5): warning MSB3277:             InfragisticsWPF4.Controls.Grids.XamGrid.v15.1, Version=15.1.20151.2055, Culture=neutral, PublicKeyToken=7dd5c3163f2cd0cb, processorArchitecture=MSIL [C:\Users\ultra\warewolf\Dev\Dev2.Studio\Dev2.Studio.csproj]
C:\Program Files\dotnet\sdk\10.0.201\Microsoft.Common.CurrentVersion.targets(2451,5): warning MSB3277:         C:\Users\ultra\warewolf\Dev\Binaries\Infragistcs_Net6\InfragisticsWPF4.DataManager.v15.1.dll [C:\Users\ultra\warewolf\Dev\Dev2.Studio\Dev2.Studio.csproj]
C:\Program Files\dotnet\sdk\10.0.201\Microsoft.Common.CurrentVersion.targets(2451,5): warning MSB3277:           Project file item includes which caused reference "C:\Users\ultra\warewolf\Dev\Binaries\Infragistcs_Net6\InfragisticsWPF4.DataManager.v15.1.dll". [C:\Users\ultra\warewolf\Dev\Dev2.Studio\Dev2.Studio.csproj]
C:\Program Files\dotnet\sdk\10.0.201\Microsoft.Common.CurrentVersion.targets(2451,5): warning MSB3277:             InfragisticsWPF4.DataManager.v15.1, Version=15.1.20151.2055, Culture=neutral, processorArchitecture=MSIL [C:\Users\ultra\warewolf\Dev\Dev2.Studio\Dev2.Studio.csproj]
C:\Program Files\dotnet\sdk\10.0.201\Microsoft.Common.CurrentVersion.targets(2451,5): warning MSB3277:             InfragisticsWPF4.Controls.Editors.XamComboEditor.v15.1, Version=15.1.20151.2055, Culture=neutral, processorArchitecture=MSIL [C:\Users\ultra\warewolf\Dev\Dev2.Studio\Dev2.Studio.csproj]
C:\Program Files\dotnet\sdk\10.0.201\Microsoft.Common.CurrentVersion.targets(2451,5): warning MSB3277:             InfragisticsWPF4.Controls.Grids.XamGrid.v15.1, Version=15.1.20151.2055, Culture=neutral, PublicKeyToken=7dd5c3163f2cd0cb, processorArchitecture=MSIL [C:\Users\ultra\warewolf\Dev\Dev2.Studio\Dev2.Studio.csproj]
C:\Program Files\dotnet\sdk\10.0.201\Microsoft.Common.CurrentVersion.targets(2451,5): warning MSB3277:             InfragisticsWPF4.Controls.Menus.XamDataTree.v15.1, Version=15.1.20151.2055, Culture=neutral, processorArchitecture=MSIL [C:\Users\ultra\warewolf\Dev\Dev2.Studio\Dev2.Studio.csproj]
C:\Program Files\dotnet\sdk\10.0.201\Microsoft.Common.CurrentVersion.targets(2451,5): warning MSB3277:         C:\Users\ultra\warewolf\Dev\Binaries\Infragistcs_Net6\InfragisticsWPF4.DataPresenter.v15.1.dll [C:\Users\ultra\warewolf\Dev\Dev2.Studio\Dev2.Studio.csproj]
C:\Program Files\dotnet\sdk\10.0.201\Microsoft.Common.CurrentVersion.targets(2451,5): warning MSB3277:           Project file item includes which caused reference "C:\Users\ultra\warewolf\Dev\Binaries\Infragistcs_Net6\InfragisticsWPF4.DataPresenter.v15.1.dll". [C:\Users\ultra\warewolf\Dev\Dev2.Studio\Dev2.Studio.csproj]
C:\Program Files\dotnet\sdk\10.0.201\Microsoft.Common.CurrentVersion.targets(2451,5): warning MSB3277:             InfragisticsWPF4.DataPresenter.v15.1 [C:\Users\ultra\warewolf\Dev\Dev2.Studio\Dev2.Studio.csproj]
C:\Program Files\dotnet\sdk\10.0.201\Microsoft.Common.CurrentVersion.targets(2451,5): warning MSB3277:         C:\Users\ultra\warewolf\Dev\Binaries\Infragistcs_Net6\InfragisticsWPF4.DataVisualization.v15.1.dll [C:\Users\ultra\warewolf\Dev\Dev2.Studio\Dev2.Studio.csproj]
C:\Program Files\dotnet\sdk\10.0.201\Microsoft.Common.CurrentVersion.targets(2451,5): warning MSB3277:           Project file item includes which caused reference "C:\Users\ultra\warewolf\Dev\Binaries\Infragistcs_Net6\InfragisticsWPF4.DataVisualization.v15.1.dll". [C:\Users\ultra\warewolf\Dev\Dev2.Studio\Dev2.Studio.csproj]
C:\Program Files\dotnet\sdk\10.0.201\Microsoft.Common.CurrentVersion.targets(2451,5): warning MSB3277:             InfragisticsWPF4.DataVisualization.v15.1, Version=15.1.20151.2055, Culture=neutral, PublicKeyToken=7dd5c3163f2cd0cb, processorArchitecture=MSIL [C:\Users\ultra\warewolf\Dev\Dev2.Studio\Dev2.Studio.csproj]
C:\Program Files\dotnet\sdk\10.0.201\Microsoft.Common.CurrentVersion.targets(2451,5): warning MSB3277:             InfragisticsWPF4.Controls.Maps.XamNetworkNode.v15.1, Version=15.1.20151.2055, Culture=neutral, PublicKeyToken=7dd5c3163f2cd0cb, processorArchitecture=MSIL [C:\Users\ultra\warewolf\Dev\Dev2.Studio\Dev2.Studio.csproj]
C:\Program Files\dotnet\sdk\10.0.201\Microsoft.Common.CurrentVersion.targets(2451,5): warning MSB3277:             InfragisticsWPF4.Math.Calculators.v15.1, Version=15.1.20151.2055, Culture=neutral, PublicKeyToken=7dd5c3163f2cd0cb, processorArchitecture=MSIL [C:\Users\ultra\warewolf\Dev\Dev2.Studio\Dev2.Studio.csproj]
C:\Program Files\dotnet\sdk\10.0.201\Microsoft.Common.CurrentVersion.targets(2451,5): warning MSB3277:         C:\Users\ultra\warewolf\Dev\Binaries\Infragistcs_Net6\InfragisticsWPF4.DockManager.v15.1.dll [C:\Users\ultra\warewolf\Dev\Dev2.Studio\Dev2.Studio.csproj]
C:\Program Files\dotnet\sdk\10.0.201\Microsoft.Common.CurrentVersion.targets(2451,5): warning MSB3277:           Project file item includes which caused reference "C:\Users\ultra\warewolf\Dev\Binaries\Infragistcs_Net6\InfragisticsWPF4.DockManager.v15.1.dll". [C:\Users\ultra\warewolf\Dev\Dev2.Studio\Dev2.Studio.csproj]
C:\Program Files\dotnet\sdk\10.0.201\Microsoft.Common.CurrentVersion.targets(2451,5): warning MSB3277:             InfragisticsWPF4.DockManager.v15.1, Version=15.1.20151.2055, Culture=neutral, PublicKeyToken=7dd5c3163f2cd0cb, processorArchitecture=MSIL [C:\Users\ultra\warewolf\Dev\Dev2.Studio\Dev2.Studio.csproj]
C:\Program Files\dotnet\sdk\10.0.201\Microsoft.Common.CurrentVersion.targets(2451,5): warning MSB3277:         C:\Users\ultra\warewolf\Dev\Binaries\Infragistcs_Net6\InfragisticsWPF4.DragDrop.v15.1.dll [C:\Users\ultra\warewolf\Dev\Dev2.Studio\Dev2.Studio.csproj]
C:\Program Files\dotnet\sdk\10.0.201\Microsoft.Common.CurrentVersion.targets(2451,5): warning MSB3277:           Project file item includes which caused reference "C:\Users\ultra\warewolf\Dev\Binaries\Infragistcs_Net6\InfragisticsWPF4.DragDrop.v15.1.dll". [C:\Users\ultra\warewolf\Dev\Dev2.Studio\Dev2.Studio.csproj]
C:\Program Files\dotnet\sdk\10.0.201\Microsoft.Common.CurrentVersion.targets(2451,5): warning MSB3277:             InfragisticsWPF4.DragDrop.v15.1, Version=15.1.20151.2055, Culture=neutral, PublicKeyToken=7dd5c3163f2cd0cb, processorArchitecture=MSIL [C:\Users\ultra\warewolf\Dev\Dev2.Studio\Dev2.Studio.csproj]
C:\Program Files\dotnet\sdk\10.0.201\Microsoft.Common.CurrentVersion.targets(2451,5): warning MSB3277:             InfragisticsWPF4.Controls.Menus.XamDataTree.v15.1, Version=15.1.20151.2055, Culture=neutral, processorArchitecture=MSIL [C:\Users\ultra\warewolf\Dev\Dev2.Studio\Dev2.Studio.csproj]
C:\Program Files\dotnet\sdk\10.0.201\Microsoft.Common.CurrentVersion.targets(2451,5): warning MSB3277:         C:\Users\ultra\warewolf\Dev\Binaries\Infragistcs_Net6\InfragisticsWPF4.Editors.v15.1.dll [C:\Users\ultra\warewolf\Dev\Dev2.Studio\Dev2.Studio.csproj]
C:\Program Files\dotnet\sdk\10.0.201\Microsoft.Common.CurrentVersion.targets(2451,5): warning MSB3277:           Project file item includes which caused reference "C:\Users\ultra\warewolf\Dev\Binaries\Infragistcs_Net6\InfragisticsWPF4.Editors.v15.1.dll". [C:\Users\ultra\warewolf\Dev\Dev2.Studio\Dev2.Studio.csproj]
C:\Program Files\dotnet\sdk\10.0.201\Microsoft.Common.CurrentVersion.targets(2451,5): warning MSB3277:             InfragisticsWPF4.Editors.v15.1, Version=15.1.20151.2055, Culture=neutral, processorArchitecture=MSIL [C:\Users\ultra\warewolf\Dev\Dev2.Studio\Dev2.Studio.csproj]
C:\Program Files\dotnet\sdk\10.0.201\Microsoft.Common.CurrentVersion.targets(2451,5): warning MSB3277:             InfragisticsWPF4.DataPresenter.v15.1 [C:\Users\ultra\warewolf\Dev\Dev2.Studio\Dev2.Studio.csproj]
C:\Program Files\dotnet\sdk\10.0.201\Microsoft.Common.CurrentVersion.targets(2451,5): warning MSB3277:         C:\Users\ultra\warewolf\Dev\Binaries\Infragistcs_Net6\InfragisticsWPF4.Math.Calculators.v15.1.dll [C:\Users\ultra\warewolf\Dev\Dev2.Studio\Dev2.Studio.csproj]
C:\Program Files\dotnet\sdk\10.0.201\Microsoft.Common.CurrentVersion.targets(2451,5): warning MSB3277:           Project file item includes which caused reference "C:\Users\ultra\warewolf\Dev\Binaries\Infragistcs_Net6\InfragisticsWPF4.Math.Calculators.v15.1.dll". [C:\Users\ultra\warewolf\Dev\Dev2.Studio\Dev2.Studio.csproj]
C:\Program Files\dotnet\sdk\10.0.201\Microsoft.Common.CurrentVersion.targets(2451,5): warning MSB3277:             InfragisticsWPF4.Math.Calculators.v15.1, Version=15.1.20151.2055, Culture=neutral, PublicKeyToken=7dd5c3163f2cd0cb, processorArchitecture=MSIL [C:\Users\ultra\warewolf\Dev\Dev2.Studio\Dev2.Studio.csproj]
C:\Program Files\dotnet\sdk\10.0.201\Microsoft.Common.CurrentVersion.targets(2451,5): warning MSB3277:         C:\Users\ultra\warewolf\Dev\Binaries\Infragistcs_Net6\InfragisticsWPF4.v15.1.dll [C:\Users\ultra\warewolf\Dev\Dev2.Studio\Dev2.Studio.csproj]
C:\Program Files\dotnet\sdk\10.0.201\Microsoft.Common.CurrentVersion.targets(2451,5): warning MSB3277:           Project file item includes which caused reference "C:\Users\ultra\warewolf\Dev\Binaries\Infragistcs_Net6\InfragisticsWPF4.v15.1.dll". [C:\Users\ultra\warewolf\Dev\Dev2.Studio\Dev2.Studio.csproj]
C:\Program Files\dotnet\sdk\10.0.201\Microsoft.Common.CurrentVersion.targets(2451,5): warning MSB3277:             InfragisticsWPF4.v15.1, Version=15.1.20151.2055, Culture=neutral, PublicKeyToken=7dd5c3163f2cd0cb, processorArchitecture=MSIL [C:\Users\ultra\warewolf\Dev\Dev2.Studio\Dev2.Studio.csproj]
C:\Program Files\dotnet\sdk\10.0.201\Microsoft.Common.CurrentVersion.targets(2451,5): warning MSB3277:             InfragisticsWPF4.Controls.Editors.XamComboEditor.v15.1, Version=15.1.20151.2055, Culture=neutral, processorArchitecture=MSIL [C:\Users\ultra\warewolf\Dev\Dev2.Studio\Dev2.Studio.csproj]
C:\Program Files\dotnet\sdk\10.0.201\Microsoft.Common.CurrentVersion.targets(2451,5): warning MSB3277:             InfragisticsWPF4.Controls.Grids.XamGrid.v15.1, Version=15.1.20151.2055, Culture=neutral, PublicKeyToken=7dd5c3163f2cd0cb, processorArchitecture=MSIL [C:\Users\ultra\warewolf\Dev\Dev2.Studio\Dev2.Studio.csproj]
C:\Program Files\dotnet\sdk\10.0.201\Microsoft.Common.CurrentVersion.targets(2451,5): warning MSB3277:             CalculationManager.WPF [C:\Users\ultra\warewolf\Dev\Dev2.Studio\Dev2.Studio.csproj]
C:\Program Files\dotnet\sdk\10.0.201\Microsoft.Common.CurrentVersion.targets(2451,5): warning MSB3277:             InfragisticsWPF4.Controls.Interactions.XamDialogWindow.v15.1, Version=15.1.20151.2055, Culture=neutral, PublicKeyToken=7dd5c3163f2cd0cb, processorArchitecture=MSIL [C:\Users\ultra\warewolf\Dev\Dev2.Studio\Dev2.Studio.csproj]
C:\Program Files\dotnet\sdk\10.0.201\Microsoft.Common.CurrentVersion.targets(2451,5): warning MSB3277:             InfragisticsWPF4.Controls.Maps.XamNetworkNode.v15.1, Version=15.1.20151.2055, Culture=neutral, PublicKeyToken=7dd5c3163f2cd0cb, processorArchitecture=MSIL [C:\Users\ultra\warewolf\Dev\Dev2.Studio\Dev2.Studio.csproj]
C:\Program Files\dotnet\sdk\10.0.201\Microsoft.Common.CurrentVersion.targets(2451,5): warning MSB3277:             InfragisticsWPF4.Controls.Menus.XamDataTree.v15.1, Version=15.1.20151.2055, Culture=neutral, processorArchitecture=MSIL [C:\Users\ultra\warewolf\Dev\Dev2.Studio\Dev2.Studio.csproj]
C:\Program Files\dotnet\sdk\10.0.201\Microsoft.Common.CurrentVersion.targets(2451,5): warning MSB3277:             InfragisticsWPF4.Controls.Menus.XamMenu.v15.1, Version=15.1.20151.2055, Culture=neutral, processorArchitecture=MSIL [C:\Users\ultra\warewolf\Dev\Dev2.Studio\Dev2.Studio.csproj]
C:\Program Files\dotnet\sdk\10.0.201\Microsoft.Common.CurrentVersion.targets(2451,5): warning MSB3277:             InfragisticsWPF4.DataManager.v15.1, Version=15.1.20151.2055, Culture=neutral, processorArchitecture=MSIL [C:\Users\ultra\warewolf\Dev\Dev2.Studio\Dev2.Studio.csproj]
C:\Program Files\dotnet\sdk\10.0.201\Microsoft.Common.CurrentVersion.targets(2451,5): warning MSB3277:             InfragisticsWPF4.DataPresenter.v15.1 [C:\Users\ultra\warewolf\Dev\Dev2.Studio\Dev2.Studio.csproj]
C:\Program Files\dotnet\sdk\10.0.201\Microsoft.Common.CurrentVersion.targets(2451,5): warning MSB3277:             InfragisticsWPF4.DataVisualization.v15.1, Version=15.1.20151.2055, Culture=neutral, PublicKeyToken=7dd5c3163f2cd0cb, processorArchitecture=MSIL [C:\Users\ultra\warewolf\Dev\Dev2.Studio\Dev2.Studio.csproj]
C:\Program Files\dotnet\sdk\10.0.201\Microsoft.Common.CurrentVersion.targets(2451,5): warning MSB3277:             InfragisticsWPF4.DockManager.v15.1, Version=15.1.20151.2055, Culture=neutral, PublicKeyToken=7dd5c3163f2cd0cb, processorArchitecture=MSIL [C:\Users\ultra\warewolf\Dev\Dev2.Studio\Dev2.Studio.csproj]
C:\Program Files\dotnet\sdk\10.0.201\Microsoft.Common.CurrentVersion.targets(2451,5): warning MSB3277:             InfragisticsWPF4.Editors.v15.1, Version=15.1.20151.2055, Culture=neutral, processorArchitecture=MSIL [C:\Users\ultra\warewolf\Dev\Dev2.Studio\Dev2.Studio.csproj]
C:\Program Files\dotnet\sdk\10.0.201\Microsoft.Common.CurrentVersion.targets(2451,5): warning MSB3277:             InfragisticsWPF4.Math.Calculators.v15.1, Version=15.1.20151.2055, Culture=neutral, PublicKeyToken=7dd5c3163f2cd0cb, processorArchitecture=MSIL [C:\Users\ultra\warewolf\Dev\Dev2.Studio\Dev2.Studio.csproj]
C:\Program Files\dotnet\sdk\10.0.201\Microsoft.Common.CurrentVersion.targets(2451,5): warning MSB3277:             InfragisticsWPF4.Math.v15.1, Version=15.1.20151.2055, Culture=neutral, PublicKeyToken=7dd5c3163f2cd0cb, processorArchitecture=MSIL [C:\Users\ultra\warewolf\Dev\Dev2.Studio\Dev2.Studio.csproj]
C:\Program Files\dotnet\sdk\10.0.201\Microsoft.Common.CurrentVersion.targets(2451,5): warning MSB3277:         C:\Users\ultra\.nuget\packages\avalonedit\6.3.0.90\lib\net462\ICSharpCode.AvalonEdit.dll [C:\Users\ultra\warewolf\Dev\Dev2.Studio\Dev2.Studio.csproj]
C:\Program Files\dotnet\sdk\10.0.201\Microsoft.Common.CurrentVersion.targets(2451,5): warning MSB3277:           Project file item includes which caused reference "C:\Users\ultra\.nuget\packages\avalonedit\6.3.0.90\lib\net462\ICSharpCode.AvalonEdit.dll". [C:\Users\ultra\warewolf\Dev\Dev2.Studio\Dev2.Studio.csproj]
C:\Program Files\dotnet\sdk\10.0.201\Microsoft.Common.CurrentVersion.targets(2451,5): warning MSB3277:             C:\Users\ultra\.nuget\packages\avalonedit\6.3.0.90\lib\net462\ICSharpCode.AvalonEdit.dll [C:\Users\ultra\warewolf\Dev\Dev2.Studio\Dev2.Studio.csproj]
C:\Program Files\dotnet\sdk\10.0.201\Microsoft.Common.CurrentVersion.targets(2451,5): warning MSB3277:         C:\Users\ultra\.nuget\packages\caliburn.micro\4.0.212\lib\netcoreapp3.1\Caliburn.Micro.Platform.dll [C:\Users\ultra\warewolf\Dev\Dev2.Studio\Dev2.Studio.csproj]
C:\Program Files\dotnet\sdk\10.0.201\Microsoft.Common.CurrentVersion.targets(2451,5): warning MSB3277:           Project file item includes which caused reference "C:\Users\ultra\.nuget\packages\caliburn.micro\4.0.212\lib\netcoreapp3.1\Caliburn.Micro.Platform.dll". [C:\Users\ultra\warewolf\Dev\Dev2.Studio\Dev2.Studio.csproj]
C:\Program Files\dotnet\sdk\10.0.201\Microsoft.Common.CurrentVersion.targets(2451,5): warning MSB3277:             C:\Users\ultra\.nuget\packages\caliburn.micro\4.0.212\lib\netcoreapp3.1\Caliburn.Micro.Platform.dll [C:\Users\ultra\warewolf\Dev\Dev2.Studio\Dev2.Studio.csproj]
C:\Program Files\dotnet\sdk\10.0.201\Microsoft.Common.CurrentVersion.targets(2451,5): warning MSB3277:         C:\Users\ultra\.nuget\packages\extended.wpf.toolkit\4.4.0\lib\net5.0\Xceed.Wpf.AvalonDock.NET5.dll [C:\Users\ultra\warewolf\Dev\Dev2.Studio\Dev2.Studio.csproj]
C:\Program Files\dotnet\sdk\10.0.201\Microsoft.Common.CurrentVersion.targets(2451,5): warning MSB3277:           Project file item includes which caused reference "C:\Users\ultra\.nuget\packages\extended.wpf.toolkit\4.4.0\lib\net5.0\Xceed.Wpf.AvalonDock.NET5.dll". [C:\Users\ultra\warewolf\Dev\Dev2.Studio\Dev2.Studio.csproj]
C:\Program Files\dotnet\sdk\10.0.201\Microsoft.Common.CurrentVersion.targets(2451,5): warning MSB3277:             C:\Users\ultra\.nuget\packages\extended.wpf.toolkit\4.4.0\lib\net5.0\Xceed.Wpf.AvalonDock.NET5.dll [C:\Users\ultra\warewolf\Dev\Dev2.Studio\Dev2.Studio.csproj]
C:\Program Files\dotnet\sdk\10.0.201\Microsoft.Common.CurrentVersion.targets(2451,5): warning MSB3277:             C:\Users\ultra\.nuget\packages\extended.wpf.toolkit\4.4.0\lib\net5.0\Xceed.Wpf.AvalonDock.Themes.Aero.NET5.dll [C:\Users\ultra\warewolf\Dev\Dev2.Studio\Dev2.Studio.csproj]
C:\Program Files\dotnet\sdk\10.0.201\Microsoft.Common.CurrentVersion.targets(2451,5): warning MSB3277:             C:\Users\ultra\.nuget\packages\extended.wpf.toolkit\4.4.0\lib\net5.0\Xceed.Wpf.AvalonDock.Themes.Metro.NET5.dll [C:\Users\ultra\warewolf\Dev\Dev2.Studio\Dev2.Studio.csproj]
C:\Program Files\dotnet\sdk\10.0.201\Microsoft.Common.CurrentVersion.targets(2451,5): warning MSB3277:             C:\Users\ultra\.nuget\packages\extended.wpf.toolkit\4.4.0\lib\net5.0\Xceed.Wpf.AvalonDock.Themes.VS2010.NET5.dll [C:\Users\ultra\warewolf\Dev\Dev2.Studio\Dev2.Studio.csproj]
C:\Program Files\dotnet\sdk\10.0.201\Microsoft.Common.CurrentVersion.targets(2451,5): warning MSB3277:         C:\Users\ultra\.nuget\packages\extended.wpf.toolkit\4.4.0\lib\net5.0\Xceed.Wpf.AvalonDock.Themes.Aero.NET5.dll [C:\Users\ultra\warewolf\Dev\Dev2.Studio\Dev2.Studio.csproj]
C:\Program Files\dotnet\sdk\10.0.201\Microsoft.Common.CurrentVersion.targets(2451,5): warning MSB3277:           Project file item includes which caused reference "C:\Users\ultra\.nuget\packages\extended.wpf.toolkit\4.4.0\lib\net5.0\Xceed.Wpf.AvalonDock.Themes.Aero.NET5.dll". [C:\Users\ultra\warewolf\Dev\Dev2.Studio\Dev2.Studio.csproj]
C:\Program Files\dotnet\sdk\10.0.201\Microsoft.Common.CurrentVersion.targets(2451,5): warning MSB3277:             C:\Users\ultra\.nuget\packages\extended.wpf.toolkit\4.4.0\lib\net5.0\Xceed.Wpf.AvalonDock.Themes.Aero.NET5.dll [C:\Users\ultra\warewolf\Dev\Dev2.Studio\Dev2.Studio.csproj]
C:\Program Files\dotnet\sdk\10.0.201\Microsoft.Common.CurrentVersion.targets(2451,5): warning MSB3277:         C:\Users\ultra\.nuget\packages\extended.wpf.toolkit\4.4.0\lib\net5.0\Xceed.Wpf.Toolkit.NET5.dll [C:\Users\ultra\warewolf\Dev\Dev2.Studio\Dev2.Studio.csproj]
C:\Program Files\dotnet\sdk\10.0.201\Microsoft.Common.CurrentVersion.targets(2451,5): warning MSB3277:           Project file item includes which caused reference "C:\Users\ultra\.nuget\packages\extended.wpf.toolkit\4.4.0\lib\net5.0\Xceed.Wpf.Toolkit.NET5.dll". [C:\Users\ultra\warewolf\Dev\Dev2.Studio\Dev2.Studio.csproj]
C:\Program Files\dotnet\sdk\10.0.201\Microsoft.Common.CurrentVersion.targets(2451,5): warning MSB3277:             C:\Users\ultra\.nuget\packages\extended.wpf.toolkit\4.4.0\lib\net5.0\Xceed.Wpf.Toolkit.NET5.dll [C:\Users\ultra\warewolf\Dev\Dev2.Studio\Dev2.Studio.csproj]
C:\Program Files\dotnet\sdk\10.0.201\Microsoft.Common.CurrentVersion.targets(2451,5): warning MSB3277:         C:\Users\ultra\.nuget\packages\fontawesome.wpf\4.7.0.9\lib\net40\FontAwesome.WPF.dll [C:\Users\ultra\warewolf\Dev\Dev2.Studio\Dev2.Studio.csproj]
C:\Program Files\dotnet\sdk\10.0.201\Microsoft.Common.CurrentVersion.targets(2451,5): warning MSB3277:           Project file item includes which caused reference "C:\Users\ultra\.nuget\packages\fontawesome.wpf\4.7.0.9\lib\net40\FontAwesome.WPF.dll". [C:\Users\ultra\warewolf\Dev\Dev2.Studio\Dev2.Studio.csproj]
C:\Program Files\dotnet\sdk\10.0.201\Microsoft.Common.CurrentVersion.targets(2451,5): warning MSB3277:             C:\Users\ultra\.nuget\packages\fontawesome.wpf\4.7.0.9\lib\net40\FontAwesome.WPF.dll [C:\Users\ultra\warewolf\Dev\Dev2.Studio\Dev2.Studio.csproj]
C:\Program Files\dotnet\sdk\10.0.201\Microsoft.Common.CurrentVersion.targets(2451,5): warning MSB3277:         C:\Users\ultra\.nuget\packages\ironpython\3.4.0\lib\net6.0\IronPython.Wpf.dll [C:\Users\ultra\warewolf\Dev\Dev2.Studio\Dev2.Studio.csproj]
C:\Program Files\dotnet\sdk\10.0.201\Microsoft.Common.CurrentVersion.targets(2451,5): warning MSB3277:           Project file item includes which caused reference "C:\Users\ultra\.nuget\packages\ironpython\3.4.0\lib\net6.0\IronPython.Wpf.dll". [C:\Users\ultra\warewolf\Dev\Dev2.Studio\Dev2.Studio.csproj]
C:\Program Files\dotnet\sdk\10.0.201\Microsoft.Common.CurrentVersion.targets(2451,5): warning MSB3277:             C:\Users\ultra\.nuget\packages\ironpython\3.4.0\lib\net6.0\IronPython.Wpf.dll [C:\Users\ultra\warewolf\Dev\Dev2.Studio\Dev2.Studio.csproj]
C:\Program Files\dotnet\sdk\10.0.201\Microsoft.Common.CurrentVersion.targets(2451,5): warning MSB3277:         C:\Users\ultra\.nuget\packages\microsoft.xaml.behaviors.wpf\1.1.122\lib\net462\Microsoft.Xaml.Behaviors.dll [C:\Users\ultra\warewolf\Dev\Dev2.Studio\Dev2.Studio.csproj]
C:\Program Files\dotnet\sdk\10.0.201\Microsoft.Common.CurrentVersion.targets(2451,5): warning MSB3277:           Project file item includes which caused reference "C:\Users\ultra\.nuget\packages\microsoft.xaml.behaviors.wpf\1.1.122\lib\net462\Microsoft.Xaml.Behaviors.dll". [C:\Users\ultra\warewolf\Dev\Dev2.Studio\Dev2.Studio.csproj]
C:\Program Files\dotnet\sdk\10.0.201\Microsoft.Common.CurrentVersion.targets(2451,5): warning MSB3277:             C:\Users\ultra\.nuget\packages\microsoft.xaml.behaviors.wpf\1.1.122\lib\net462\Microsoft.Xaml.Behaviors.dll [C:\Users\ultra\warewolf\Dev\Dev2.Studio\Dev2.Studio.csproj]
C:\Program Files\dotnet\sdk\10.0.201\Microsoft.Common.CurrentVersion.targets(2451,5): warning MSB3277:             C:\Users\ultra\.nuget\packages\caliburn.micro\4.0.212\lib\netcoreapp3.1\Caliburn.Micro.Platform.dll [C:\Users\ultra\warewolf\Dev\Dev2.Studio\Dev2.Studio.csproj]
C:\Program Files\dotnet\sdk\10.0.201\Microsoft.Common.CurrentVersion.targets(2451,5): warning MSB3277:             C:\Users\ultra\.nuget\packages\prism.wpf\9.0.537\lib\net462\Prism.Wpf.dll [C:\Users\ultra\warewolf\Dev\Dev2.Studio\Dev2.Studio.csproj]
C:\Program Files\dotnet\sdk\10.0.201\Microsoft.Common.CurrentVersion.targets(2451,5): warning MSB3277:         C:\Users\ultra\.nuget\packages\prism.composition\5.0.0\lib\NET45\Microsoft.Practices.Prism.Composition.dll [C:\Users\ultra\warewolf\Dev\Dev2.Studio\Dev2.Studio.csproj]
C:\Program Files\dotnet\sdk\10.0.201\Microsoft.Common.CurrentVersion.targets(2451,5): warning MSB3277:           Project file item includes which caused reference "C:\Users\ultra\.nuget\packages\prism.composition\5.0.0\lib\NET45\Microsoft.Practices.Prism.Composition.dll". [C:\Users\ultra\warewolf\Dev\Dev2.Studio\Dev2.Studio.csproj]
C:\Program Files\dotnet\sdk\10.0.201\Microsoft.Common.CurrentVersion.targets(2451,5): warning MSB3277:             C:\Users\ultra\.nuget\packages\prism.composition\5.0.0\lib\NET45\Microsoft.Practices.Prism.Composition.dll [C:\Users\ultra\warewolf\Dev\Dev2.Studio\Dev2.Studio.csproj]
C:\Program Files\dotnet\sdk\10.0.201\Microsoft.Common.CurrentVersion.targets(2451,5): warning MSB3277:             C:\Users\ultra\.nuget\packages\prism.unityextensions\5.0.1\lib\NET45\Microsoft.Practices.Prism.UnityExtensions.dll [C:\Users\ultra\warewolf\Dev\Dev2.Studio\Dev2.Studio.csproj]
C:\Program Files\dotnet\sdk\10.0.201\Microsoft.Common.CurrentVersion.targets(2451,5): warning MSB3277:         C:\Users\ultra\.nuget\packages\prism.interactivity\5.0.0\lib\NET45\Microsoft.Practices.Prism.Interactivity.dll [C:\Users\ultra\warewolf\Dev\Dev2.Studio\Dev2.Studio.csproj]
C:\Program Files\dotnet\sdk\10.0.201\Microsoft.Common.CurrentVersion.targets(2451,5): warning MSB3277:           Project file item includes which caused reference "C:\Users\ultra\.nuget\packages\prism.interactivity\5.0.0\lib\NET45\Microsoft.Practices.Prism.Interactivity.dll". [C:\Users\ultra\warewolf\Dev\Dev2.Studio\Dev2.Studio.csproj]
C:\Program Files\dotnet\sdk\10.0.201\Microsoft.Common.CurrentVersion.targets(2451,5): warning MSB3277:             C:\Users\ultra\.nuget\packages\prism.interactivity\5.0.0\lib\NET45\Microsoft.Practices.Prism.Interactivity.dll [C:\Users\ultra\warewolf\Dev\Dev2.Studio\Dev2.Studio.csproj]
C:\Program Files\dotnet\sdk\10.0.201\Microsoft.Common.CurrentVersion.targets(2451,5): warning MSB3277:         C:\Users\ultra\.nuget\packages\prism.mvvm\1.0.0\lib\net45\Microsoft.Practices.Prism.Mvvm.Desktop.dll [C:\Users\ultra\warewolf\Dev\Dev2.Studio\Dev2.Studio.csproj]
C:\Program Files\dotnet\sdk\10.0.201\Microsoft.Common.CurrentVersion.targets(2451,5): warning MSB3277:           Project file item includes which caused reference "C:\Users\ultra\.nuget\packages\prism.mvvm\1.0.0\lib\net45\Microsoft.Practices.Prism.Mvvm.Desktop.dll". [C:\Users\ultra\warewolf\Dev\Dev2.Studio\Dev2.Studio.csproj]
C:\Program Files\dotnet\sdk\10.0.201\Microsoft.Common.CurrentVersion.targets(2451,5): warning MSB3277:             C:\Users\ultra\.nuget\packages\prism.mvvm\1.0.0\lib\net45\Microsoft.Practices.Prism.Mvvm.Desktop.dll [C:\Users\ultra\warewolf\Dev\Dev2.Studio\Dev2.Studio.csproj]
C:\Program Files\dotnet\sdk\10.0.201\Microsoft.Common.CurrentVersion.targets(2451,5): warning MSB3277:         C:\Users\ultra\.nuget\packages\prism.unityextensions\5.0.1\lib\NET45\Microsoft.Practices.Prism.UnityExtensions.dll [C:\Users\ultra\warewolf\Dev\Dev2.Studio\Dev2.Studio.csproj]
C:\Program Files\dotnet\sdk\10.0.201\Microsoft.Common.CurrentVersion.targets(2451,5): warning MSB3277:           Project file item includes which caused reference "C:\Users\ultra\.nuget\packages\prism.unityextensions\5.0.1\lib\NET45\Microsoft.Practices.Prism.UnityExtensions.dll". [C:\Users\ultra\warewolf\Dev\Dev2.Studio\Dev2.Studio.csproj]
C:\Program Files\dotnet\sdk\10.0.201\Microsoft.Common.CurrentVersion.targets(2451,5): warning MSB3277:             C:\Users\ultra\.nuget\packages\prism.unityextensions\5.0.1\lib\NET45\Microsoft.Practices.Prism.UnityExtensions.dll [C:\Users\ultra\warewolf\Dev\Dev2.Studio\Dev2.Studio.csproj]
C:\Program Files\dotnet\sdk\10.0.201\Microsoft.Common.CurrentVersion.targets(2451,5): warning MSB3277:         C:\Users\ultra\.nuget\packages\prism.wpf\9.0.537\lib\net462\Prism.Wpf.dll [C:\Users\ultra\warewolf\Dev\Dev2.Studio\Dev2.Studio.csproj]
C:\Program Files\dotnet\sdk\10.0.201\Microsoft.Common.CurrentVersion.targets(2451,5): warning MSB3277:           Project file item includes which caused reference "C:\Users\ultra\.nuget\packages\prism.wpf\9.0.537\lib\net462\Prism.Wpf.dll". [C:\Users\ultra\warewolf\Dev\Dev2.Studio\Dev2.Studio.csproj]
C:\Program Files\dotnet\sdk\10.0.201\Microsoft.Common.CurrentVersion.targets(2451,5): warning MSB3277:             C:\Users\ultra\.nuget\packages\prism.wpf\9.0.537\lib\net462\Prism.Wpf.dll [C:\Users\ultra\warewolf\Dev\Dev2.Studio\Dev2.Studio.csproj]
C:\Program Files\dotnet\sdk\10.0.201\Microsoft.Common.CurrentVersion.targets(2451,5): warning MSB3277:         C:\Users\ultra\.nuget\packages\reactiveui.wpf\18.4.1\lib\net462\ReactiveUI.Wpf.dll [C:\Users\ultra\warewolf\Dev\Dev2.Studio\Dev2.Studio.csproj]
C:\Program Files\dotnet\sdk\10.0.201\Microsoft.Common.CurrentVersion.targets(2451,5): warning MSB3277:           Project file item includes which caused reference "C:\Users\ultra\.nuget\packages\reactiveui.wpf\18.4.1\lib\net462\ReactiveUI.Wpf.dll". [C:\Users\ultra\warewolf\Dev\Dev2.Studio\Dev2.Studio.csproj]
C:\Program Files\dotnet\sdk\10.0.201\Microsoft.Common.CurrentVersion.targets(2451,5): warning MSB3277:             C:\Users\ultra\.nuget\packages\reactiveui.wpf\18.4.1\lib\net462\ReactiveUI.Wpf.dll [C:\Users\ultra\warewolf\Dev\Dev2.Studio\Dev2.Studio.csproj]
C:\Program Files\dotnet\sdk\10.0.201\Microsoft.CSharp.CurrentVersion.targets(130,9): warning MSB3884: Could not find rule set file "..\.sonarlint\warewolf_dotnet_frameworkcsharp.ruleset". [C:\Users\ultra\warewolf\Dev\Dev2.Studio\Dev2.Studio.csproj]
C:\Program Files\dotnet\sdk\10.0.201\Microsoft.Common.CurrentVersion.targets(2451,5): warning MSB3277: Found conflicts between different versions of "System.Drawing.Common" that could not be resolved. [C:\Users\ultra\warewolf\Dev\Dev2.Studio\Dev2.Studio.csproj]
C:\Program Files\dotnet\sdk\10.0.201\Microsoft.Common.CurrentVersion.targets(2451,5): warning MSB3277: There was a conflict between "System.Drawing.Common, Version=6.0.0.0, Culture=neutral, PublicKeyToken=cc7b13ffcd2ddd51" and "System.Drawing.Common, Version=8.0.0.0, Culture=neutral, PublicKeyToken=cc7b13ffcd2ddd51". [C:\Users\ultra\warewolf\Dev\Dev2.Studio\Dev2.Studio.csproj]
C:\Program Files\dotnet\sdk\10.0.201\Microsoft.Common.CurrentVersion.targets(2451,5): warning MSB3277:     "System.Drawing.Common, Version=6.0.0.0, Culture=neutral, PublicKeyToken=cc7b13ffcd2ddd51" was chosen because it was primary and "System.Drawing.Common, Version=8.0.0.0, Culture=neutral, PublicKeyToken=cc7b13ffcd2ddd51" was not. [C:\Users\ultra\warewolf\Dev\Dev2.Studio\Dev2.Studio.csproj]
C:\Program Files\dotnet\sdk\10.0.201\Microsoft.Common.CurrentVersion.targets(2451,5): warning MSB3277:     References which depend on "System.Drawing.Common, Version=6.0.0.0, Culture=neutral, PublicKeyToken=cc7b13ffcd2ddd51" [C:\Users\ultra\.nuget\packages\system.drawing.common\6.0.0\lib\net6.0\System.Drawing.Common.dll]. [C:\Users\ultra\warewolf\Dev\Dev2.Studio\Dev2.Studio.csproj]
C:\Program Files\dotnet\sdk\10.0.201\Microsoft.Common.CurrentVersion.targets(2451,5): warning MSB3277:         C:\Users\ultra\.nuget\packages\system.drawing.common\6.0.0\lib\net6.0\System.Drawing.Common.dll [C:\Users\ultra\warewolf\Dev\Dev2.Studio\Dev2.Studio.csproj]
C:\Program Files\dotnet\sdk\10.0.201\Microsoft.Common.CurrentVersion.targets(2451,5): warning MSB3277:           Project file item includes which caused reference "C:\Users\ultra\.nuget\packages\system.drawing.common\6.0.0\lib\net6.0\System.Drawing.Common.dll". [C:\Users\ultra\warewolf\Dev\Dev2.Studio\Dev2.Studio.csproj]
C:\Program Files\dotnet\sdk\10.0.201\Microsoft.Common.CurrentVersion.targets(2451,5): warning MSB3277:             C:\Users\ultra\.nuget\packages\system.drawing.common\6.0.0\lib\net6.0\System.Drawing.Common.dll [C:\Users\ultra\warewolf\Dev\Dev2.Studio\Dev2.Studio.csproj]
C:\Program Files\dotnet\sdk\10.0.201\Microsoft.Common.CurrentVersion.targets(2451,5): warning MSB3277:     References which depend on or have been unified to "System.Drawing.Common, Version=8.0.0.0, Culture=neutral, PublicKeyToken=cc7b13ffcd2ddd51" []. [C:\Users\ultra\warewolf\Dev\Dev2.Studio\Dev2.Studio.csproj]
C:\Program Files\dotnet\sdk\10.0.201\Microsoft.Common.CurrentVersion.targets(2451,5): warning MSB3277:         C:\Users\ultra\.nuget\packages\servicestack\6.3.0\lib\net6.0\ServiceStack.dll [C:\Users\ultra\warewolf\Dev\Dev2.Studio\Dev2.Studio.csproj]
C:\Program Files\dotnet\sdk\10.0.201\Microsoft.Common.CurrentVersion.targets(2451,5): warning MSB3277:           Project file item includes which caused reference "C:\Users\ultra\.nuget\packages\servicestack\6.3.0\lib\net6.0\ServiceStack.dll". [C:\Users\ultra\warewolf\Dev\Dev2.Studio\Dev2.Studio.csproj]
C:\Program Files\dotnet\sdk\10.0.201\Microsoft.Common.CurrentVersion.targets(2451,5): warning MSB3277:             C:\Users\ultra\.nuget\packages\servicestack\6.3.0\lib\net6.0\ServiceStack.dll [C:\Users\ultra\warewolf\Dev\Dev2.Studio\Dev2.Studio.csproj]
C:\Program Files\dotnet\sdk\10.0.201\Microsoft.Common.CurrentVersion.targets(2451,5): warning MSB3277:         C:\Users\ultra\.nuget\packages\system.windows.extensions\8.0.0\lib\net8.0\System.Windows.Extensions.dll [C:\Users\ultra\warewolf\Dev\Dev2.Studio\Dev2.Studio.csproj]
C:\Program Files\dotnet\sdk\10.0.201\Microsoft.Common.CurrentVersion.targets(2451,5): warning MSB3277:           Project file item includes which caused reference "C:\Users\ultra\.nuget\packages\system.windows.extensions\8.0.0\lib\net8.0\System.Windows.Extensions.dll". [C:\Users\ultra\warewolf\Dev\Dev2.Studio\Dev2.Studio.csproj]
C:\Program Files\dotnet\sdk\10.0.201\Microsoft.Common.CurrentVersion.targets(2451,5): warning MSB3277:             C:\Users\ultra\.nuget\packages\system.windows.extensions\8.0.0\lib\net8.0\System.Windows.Extensions.dll [C:\Users\ultra\warewolf\Dev\Dev2.Studio\Dev2.Studio.csproj]
C:\Program Files\dotnet\sdk\10.0.201\Microsoft.Common.CurrentVersion.targets(2451,5): warning MSB3277:             InfragisticsWPF4.Editors.v15.1, Version=15.1.20151.2055, Culture=neutral, processorArchitecture=MSIL [C:\Users\ultra\warewolf\Dev\Dev2.Studio\Dev2.Studio.csproj]
C:\Program Files\dotnet\sdk\10.0.201\Microsoft.Common.CurrentVersion.targets(2451,5): warning MSB3277:             InfragisticsWPF4.DataPresenter.v15.1 [C:\Users\ultra\warewolf\Dev\Dev2.Studio\Dev2.Studio.csproj]
C:\Program Files\dotnet\sdk\10.0.201\Microsoft.Common.CurrentVersion.targets(2451,5): warning MSB3277:             C:\Users\ultra\.nuget\packages\extended.wpf.toolkit\4.4.0\lib\net5.0\Xceed.Wpf.Toolkit.NET5.dll [C:\Users\ultra\warewolf\Dev\Dev2.Studio\Dev2.Studio.csproj]
C:\Program Files\dotnet\sdk\10.0.201\Microsoft.Common.CurrentVersion.targets(2451,5): warning MSB3277:             C:\Users\ultra\.nuget\packages\system.security.permissions\8.0.0\lib\net8.0\System.Security.Permissions.dll [C:\Users\ultra\warewolf\Dev\Dev2.Studio\Dev2.Studio.csproj]
C:\Program Files\dotnet\sdk\10.0.201\Microsoft.Common.CurrentVersion.targets(2451,5): warning MSB3277:             C:\Users\ultra\warewolf\Dev\Dev2.Data\bin\Debug\net8.0\Dev2.Data.dll [C:\Users\ultra\warewolf\Dev\Dev2.Studio\Dev2.Studio.csproj]
C:\Program Files\dotnet\sdk\10.0.201\Microsoft.Common.CurrentVersion.targets(2451,5): warning MSB3277:             C:\Users\ultra\warewolf\Dev\Dev2.Activities\bin\Debug\net8.0\Dev2.Activities.dll [C:\Users\ultra\warewolf\Dev\Dev2.Studio\Dev2.Studio.csproj]
C:\Program Files\dotnet\sdk\10.0.201\Microsoft.Common.CurrentVersion.targets(2451,5): warning MSB3277:             C:\Users\ultra\warewolf\Dev\Dev2.Core\bin\Debug\net8.0\Dev2.Core.dll [C:\Users\ultra\warewolf\Dev\Dev2.Studio\Dev2.Studio.csproj]
C:\Program Files\dotnet\sdk\10.0.201\Microsoft.Common.CurrentVersion.targets(2451,5): warning MSB3277:             C:\Users\ultra\warewolf\Dev\Dev2.Intellisense\bin\Debug\net8.0\Dev2.Intellisense.dll [C:\Users\ultra\warewolf\Dev\Dev2.Studio\Dev2.Studio.csproj]
C:\Program Files\dotnet\sdk\10.0.201\Microsoft.Common.CurrentVersion.targets(2451,5): warning MSB3277:             C:\Users\ultra\warewolf\Dev\Dev2.Scheduler\bin\Debug\net8.0\Dev2.Scheduler.dll [C:\Users\ultra\warewolf\Dev\Dev2.Studio\Dev2.Studio.csproj]
C:\Program Files\dotnet\sdk\10.0.201\Microsoft.Common.CurrentVersion.targets(2451,5): warning MSB3277:             C:\Users\ultra\warewolf\Dev\Dev2.Services.Execution\bin\Debug\net8.0\Dev2.Services.Execution.dll [C:\Users\ultra\warewolf\Dev\Dev2.Studio\Dev2.Studio.csproj]
C:\Program Files\dotnet\sdk\10.0.201\Microsoft.Common.CurrentVersion.targets(2451,5): warning MSB3277:             C:\Users\ultra\warewolf\Dev\Dev2.Studio.Core\bin\Debug\net8.0\Dev2.Studio.Core.dll [C:\Users\ultra\warewolf\Dev\Dev2.Studio\Dev2.Studio.csproj]
C:\Program Files\dotnet\sdk\10.0.201\Microsoft.Common.CurrentVersion.targets(2451,5): warning MSB3277:             C:\Users\ultra\warewolf\Dev\Dev2.Studio.Interfaces\bin\Debug\net8.0\Dev2.Studio.Interfaces.dll [C:\Users\ultra\warewolf\Dev\Dev2.Studio\Dev2.Studio.csproj]
C:\Program Files\dotnet\sdk\10.0.201\Microsoft.Common.CurrentVersion.targets(2451,5): warning MSB3277:             C:\Users\ultra\warewolf\Dev\Warewolf.Core\bin\Debug\net8.0\Warewolf.Core.dll [C:\Users\ultra\warewolf\Dev\Dev2.Studio\Dev2.Studio.csproj]
C:\Program Files\dotnet\sdk\10.0.201\Microsoft.Common.CurrentVersion.targets(2451,5): warning MSB3277:             C:\Users\ultra\warewolf\Dev\Warewolf.ResourceManagement\bin\Debug\net8.0\Warewolf.ResourceManagement.dll [C:\Users\ultra\warewolf\Dev\Dev2.Studio\Dev2.Studio.csproj]
C:\Program Files\dotnet\sdk\10.0.201\Microsoft.Common.CurrentVersion.targets(2451,5): warning MSB3277:             C:\Users\ultra\warewolf\Dev\Warewolf.Studio.Core\bin\Debug\net8.0\Warewolf.Studio.Core.dll [C:\Users\ultra\warewolf\Dev\Dev2.Studio\Dev2.Studio.csproj]
C:\Program Files\dotnet\sdk\10.0.201\Microsoft.Common.CurrentVersion.targets(2451,5): warning MSB3277:             C:\Users\ultra\warewolf\Dev\Warewolf.Studio.Models\bin\Debug\net8.0\Warewolf.Studio.Models.dll [C:\Users\ultra\warewolf\Dev\Dev2.Studio\Dev2.Studio.csproj]
C:\Program Files\dotnet\sdk\10.0.201\Microsoft.Common.CurrentVersion.targets(2451,5): warning MSB3277:             C:\Users\ultra\warewolf\Dev\Warewolf.Studio.CustomControls\bin\Debug\net8.0\Warewolf.Studio.CustomControls.dll [C:\Users\ultra\warewolf\Dev\Dev2.Studio\Dev2.Studio.csproj]
C:\Program Files\dotnet\sdk\10.0.201\Microsoft.Common.CurrentVersion.targets(2451,5): warning MSB3277:             C:\Users\ultra\warewolf\Dev\Warewolf.Studio.ViewModels\bin\Debug\net8.0\Warewolf.Studio.ViewModels.dll [C:\Users\ultra\warewolf\Dev\Dev2.Studio\Dev2.Studio.csproj]
C:\Program Files\dotnet\sdk\10.0.201\Microsoft.Common.CurrentVersion.targets(2451,5): warning MSB3277:             C:\Users\ultra\warewolf\Dev\Warewolf.Trigger.Queue\bin\Debug\net8.0\Warewolf.Trigger.Queue.dll [C:\Users\ultra\warewolf\Dev\Dev2.Studio\Dev2.Studio.csproj]
C:\Program Files\dotnet\sdk\10.0.201\Microsoft.Common.CurrentVersion.targets(2451,5): warning MSB3277:             C:\Users\ultra\warewolf\Dev\Warewolf.UI\bin\Debug\net8.0\Warewolf.UI.dll [C:\Users\ultra\warewolf\Dev\Dev2.Studio\Dev2.Studio.csproj]
C:\Program Files\dotnet\sdk\10.0.201\Microsoft.Common.CurrentVersion.targets(2451,5): warning MSB3277:             C:\Users\ultra\warewolf\Dev\Dev2.Runtime.Services\bin\Debug\net8.0\Dev2.Runtime.Services.dll [C:\Users\ultra\warewolf\Dev\Dev2.Studio\Dev2.Studio.csproj]
C:\Program Files\dotnet\sdk\10.0.201\Microsoft.Common.CurrentVersion.targets(2451,5): warning MSB3277:             C:\Users\ultra\warewolf\Dev\Warewolf.Auditing\bin\Debug\net8.0\Warewolf.Auditing.dll [C:\Users\ultra\warewolf\Dev\Dev2.Studio\Dev2.Studio.csproj]
C:\Program Files\dotnet\sdk\10.0.201\Microsoft.Common.CurrentVersion.targets(2451,5): warning MSB3277:             C:\Users\ultra\warewolf\Dev\Warewolf.Common.NetStandard20\bin\Debug\net8.0\Warewolf.Common.NetStandard20.dll [C:\Users\ultra\warewolf\Dev\Dev2.Studio\Dev2.Studio.csproj]
C:\Program Files\dotnet\sdk\10.0.201\Microsoft.Common.CurrentVersion.targets(2451,5): warning MSB3277:             C:\Users\ultra\warewolf\Dev\Warewolf.Driver.Persistence\bin\Debug\net8.0\Warewolf.Driver.Persistence.dll [C:\Users\ultra\warewolf\Dev\Dev2.Studio\Dev2.Studio.csproj]
C:\Program Files\dotnet\sdk\10.0.201\Microsoft.Common.CurrentVersion.targets(2451,5): warning MSB3277:             C:\Users\ultra\warewolf\Dev\Warewolf.Exchange.Email.Wrapper\bin\Debug\net8.0\Warewolf.Exchange.Email.Wrapper.dll [C:\Users\ultra\warewolf\Dev\Dev2.Studio\Dev2.Studio.csproj]
C:\Program Files\dotnet\sdk\10.0.201\Microsoft.Common.CurrentVersion.targets(2451,5): warning MSB3277:             InfragisticsWPF4.DataVisualization.v15.1, Version=15.1.20151.2055, Culture=neutral, PublicKeyToken=7dd5c3163f2cd0cb, processorArchitecture=MSIL [C:\Users\ultra\warewolf\Dev\Dev2.Studio\Dev2.Studio.csproj]
C:\Program Files\dotnet\sdk\10.0.201\Microsoft.Common.CurrentVersion.targets(2451,5): warning MSB3277:             InfragisticsWPF4.Controls.Maps.XamNetworkNode.v15.1, Version=15.1.20151.2055, Culture=neutral, PublicKeyToken=7dd5c3163f2cd0cb, processorArchitecture=MSIL [C:\Users\ultra\warewolf\Dev\Dev2.Studio\Dev2.Studio.csproj]
C:\Program Files\dotnet\sdk\10.0.201\Microsoft.Common.CurrentVersion.targets(2451,5): warning MSB3277:             InfragisticsWPF4.DockManager.v15.1, Version=15.1.20151.2055, Culture=neutral, PublicKeyToken=7dd5c3163f2cd0cb, processorArchitecture=MSIL [C:\Users\ultra\warewolf\Dev\Dev2.Studio\Dev2.Studio.csproj]
C:\Program Files\dotnet\sdk\10.0.201\Microsoft.Common.CurrentVersion.targets(2451,5): warning MSB3277:             InfragisticsWPF4.Math.Calculators.v15.1, Version=15.1.20151.2055, Culture=neutral, PublicKeyToken=7dd5c3163f2cd0cb, processorArchitecture=MSIL [C:\Users\ultra\warewolf\Dev\Dev2.Studio\Dev2.Studio.csproj]
C:\Program Files\dotnet\sdk\10.0.201\Microsoft.Common.CurrentVersion.targets(2451,5): warning MSB3277:             InfragisticsWPF4.v15.1, Version=15.1.20151.2055, Culture=neutral, PublicKeyToken=7dd5c3163f2cd0cb, processorArchitecture=MSIL [C:\Users\ultra\warewolf\Dev\Dev2.Studio\Dev2.Studio.csproj]
C:\Program Files\dotnet\sdk\10.0.201\Microsoft.Common.CurrentVersion.targets(2451,5): warning MSB3277:             InfragisticsWPF4.Controls.Editors.XamComboEditor.v15.1, Version=15.1.20151.2055, Culture=neutral, processorArchitecture=MSIL [C:\Users\ultra\warewolf\Dev\Dev2.Studio\Dev2.Studio.csproj]
C:\Program Files\dotnet\sdk\10.0.201\Microsoft.Common.CurrentVersion.targets(2451,5): warning MSB3277:             InfragisticsWPF4.Controls.Grids.XamGrid.v15.1, Version=15.1.20151.2055, Culture=neutral, PublicKeyToken=7dd5c3163f2cd0cb, processorArchitecture=MSIL [C:\Users\ultra\warewolf\Dev\Dev2.Studio\Dev2.Studio.csproj]
C:\Program Files\dotnet\sdk\10.0.201\Microsoft.Common.CurrentVersion.targets(2451,5): warning MSB3277:             CalculationManager.WPF [C:\Users\ultra\warewolf\Dev\Dev2.Studio\Dev2.Studio.csproj]
C:\Program Files\dotnet\sdk\10.0.201\Microsoft.Common.CurrentVersion.targets(2451,5): warning MSB3277:             InfragisticsWPF4.Controls.Interactions.XamDialogWindow.v15.1, Version=15.1.20151.2055, Culture=neutral, PublicKeyToken=7dd5c3163f2cd0cb, processorArchitecture=MSIL [C:\Users\ultra\warewolf\Dev\Dev2.Studio\Dev2.Studio.csproj]
C:\Program Files\dotnet\sdk\10.0.201\Microsoft.Common.CurrentVersion.targets(2451,5): warning MSB3277:             InfragisticsWPF4.Controls.Menus.XamDataTree.v15.1, Version=15.1.20151.2055, Culture=neutral, processorArchitecture=MSIL [C:\Users\ultra\warewolf\Dev\Dev2.Studio\Dev2.Studio.csproj]
C:\Program Files\dotnet\sdk\10.0.201\Microsoft.Common.CurrentVersion.targets(2451,5): warning MSB3277:             InfragisticsWPF4.Controls.Menus.XamMenu.v15.1, Version=15.1.20151.2055, Culture=neutral, processorArchitecture=MSIL [C:\Users\ultra\warewolf\Dev\Dev2.Studio\Dev2.Studio.csproj]
C:\Program Files\dotnet\sdk\10.0.201\Microsoft.Common.CurrentVersion.targets(2451,5): warning MSB3277:             InfragisticsWPF4.DataManager.v15.1, Version=15.1.20151.2055, Culture=neutral, processorArchitecture=MSIL [C:\Users\ultra\warewolf\Dev\Dev2.Studio\Dev2.Studio.csproj]
C:\Program Files\dotnet\sdk\10.0.201\Microsoft.Common.CurrentVersion.targets(2451,5): warning MSB3277:             InfragisticsWPF4.Math.v15.1, Version=15.1.20151.2055, Culture=neutral, PublicKeyToken=7dd5c3163f2cd0cb, processorArchitecture=MSIL [C:\Users\ultra\warewolf\Dev\Dev2.Studio\Dev2.Studio.csproj]
C:\Program Files\dotnet\sdk\10.0.201\Microsoft.Common.CurrentVersion.targets(2451,5): warning MSB3277:             C:\Users\ultra\.nuget\packages\dotnetzip\1.16.0\lib\netstandard2.0\DotNetZip.dll [C:\Users\ultra\warewolf\Dev\Dev2.Studio\Dev2.Studio.csproj]
C:\Program Files\dotnet\sdk\10.0.201\Microsoft.Common.CurrentVersion.targets(2451,5): warning MSB3277:             C:\Users\ultra\warewolf\Dev\Dev2.Data.Interfaces\bin\Debug\net8.0\Dev2.Data.Interfaces.dll [C:\Users\ultra\warewolf\Dev\Dev2.Studio\Dev2.Studio.csproj]
C:\Program Files\dotnet\sdk\10.0.201\Microsoft.Common.CurrentVersion.targets(2451,5): warning MSB3277:             C:\Users\ultra\warewolf\Dev\Dev2.Diagnostics\bin\Debug\net8.0\Dev2.Diagnostics.dll [C:\Users\ultra\warewolf\Dev\Dev2.Studio\Dev2.Studio.csproj]
C:\Program Files\dotnet\sdk\10.0.201\Microsoft.Common.CurrentVersion.targets(2451,5): warning MSB3277:             C:\Users\ultra\warewolf\Dev\Dev2.Infrastructure\bin\Debug\net8.0\Dev2.Infrastructure.dll [C:\Users\ultra\warewolf\Dev\Dev2.Studio\Dev2.Studio.csproj]
C:\Program Files\dotnet\sdk\10.0.201\Microsoft.Common.CurrentVersion.targets(2451,5): warning MSB3277:             C:\Users\ultra\warewolf\Dev\Dev2.Common\bin\Debug\net8.0\Dev2.Common.dll [C:\Users\ultra\warewolf\Dev\Dev2.Studio\Dev2.Studio.csproj]
C:\Program Files\dotnet\sdk\10.0.201\Microsoft.Common.CurrentVersion.targets(2451,5): warning MSB3277:             C:\Users\ultra\warewolf\Dev\Dev2.TaskScheduler.Wrappers\bin\Debug\net8.0\Dev2.TaskScheduler.Wrappers.dll [C:\Users\ultra\warewolf\Dev\Dev2.Studio\Dev2.Studio.csproj]
C:\Program Files\dotnet\sdk\10.0.201\Microsoft.Common.CurrentVersion.targets(2451,5): warning MSB3277:             C:\Users\ultra\warewolf\Dev\Dev2.Util\bin\Debug\net8.0\Dev2.Util.dll [C:\Users\ultra\warewolf\Dev\Dev2.Studio\Dev2.Studio.csproj]
C:\Program Files\dotnet\sdk\10.0.201\Microsoft.Common.CurrentVersion.targets(2451,5): warning MSB3277:             C:\Users\ultra\warewolf\Dev\Warewolf.Sharepoint\bin\Debug\net8.0\Warewolf.Sharepoint.dll [C:\Users\ultra\warewolf\Dev\Dev2.Studio\Dev2.Studio.csproj]
C:\Program Files\dotnet\sdk\10.0.201\Microsoft.Common.CurrentVersion.targets(2451,5): warning MSB3277:             C:\Users\ultra\warewolf\Dev\Warewolf.Storage\bin\Debug\net8.0\Warewolf.Storage.dll [C:\Users\ultra\warewolf\Dev\Dev2.Studio\Dev2.Studio.csproj]
C:\Program Files\dotnet\sdk\10.0.201\Microsoft.Common.CurrentVersion.targets(2451,5): warning MSB3277:             C:\Users\ultra\warewolf\Dev\Dev2.Development.Languages\bin\Debug\net8.0\Dev2.Development.Languages.dll [C:\Users\ultra\warewolf\Dev\Dev2.Studio\Dev2.Studio.csproj]
C:\Program Files\dotnet\sdk\10.0.201\Microsoft.Common.CurrentVersion.targets(2451,5): warning MSB3277:             C:\Users\ultra\warewolf\Dev\Dev2.Services.Sql\bin\Debug\net8.0\Dev2.Services.Sql.dll [C:\Users\ultra\warewolf\Dev\Dev2.Studio\Dev2.Studio.csproj]
C:\Program Files\dotnet\sdk\10.0.201\Microsoft.Common.CurrentVersion.targets(2451,5): warning MSB3277:             C:\Users\ultra\warewolf\Dev\Warewolf.AI.Harness\bin\Debug\net8.0\Warewolf.AI.Harness.dll [C:\Users\ultra\warewolf\Dev\Dev2.Studio\Dev2.Studio.csproj]
C:\Program Files\dotnet\sdk\10.0.201\Microsoft.Common.CurrentVersion.targets(2451,5): warning MSB3277:             C:\Users\ultra\warewolf\Dev\Warewolf.Driver.Serilog\bin\Debug\net8.0\Warewolf.Driver.Serilog.dll [C:\Users\ultra\warewolf\Dev\Dev2.Studio\Dev2.Studio.csproj]
C:\Program Files\dotnet\sdk\10.0.201\Microsoft.Common.CurrentVersion.targets(2451,5): warning MSB3277:             C:\Users\ultra\.nuget\packages\mindbox.data.linq\5.0.0\lib\netstandard2.0\Mindbox.Data.Linq.dll [C:\Users\ultra\warewolf\Dev\Dev2.Studio\Dev2.Studio.csproj]
C:\Program Files\dotnet\sdk\10.0.201\Microsoft.Common.CurrentVersion.targets(2451,5): warning MSB3277:             C:\Users\ultra\.nuget\packages\mysql.data\8.4.0\lib\net8.0\MySql.Data.dll [C:\Users\ultra\warewolf\Dev\Dev2.Studio\Dev2.Studio.csproj]
C:\Program Files\dotnet\sdk\10.0.201\Microsoft.Common.CurrentVersion.targets(2451,5): warning MSB3277:             C:\Users\ultra\.nuget\packages\oracle.manageddataaccess.core\3.21.70\lib\netstandard2.1\Oracle.ManagedDataAccess.dll [C:\Users\ultra\warewolf\Dev\Dev2.Studio\Dev2.Studio.csproj]
C:\Program Files\dotnet\sdk\10.0.201\Microsoft.Common.CurrentVersion.targets(2451,5): warning MSB3277:             C:\Users\ultra\.nuget\packages\system.directoryservices\6.0.0\lib\net6.0\System.DirectoryServices.dll [C:\Users\ultra\warewolf\Dev\Dev2.Studio\Dev2.Studio.csproj]
C:\Program Files\dotnet\sdk\10.0.201\Microsoft.Common.CurrentVersion.targets(2451,5): warning MSB3277:             C:\Users\ultra\.nuget\packages\corewcf.primitives\1.2.1\lib\netstandard2.0\CoreWCF.Primitives.dll [C:\Users\ultra\warewolf\Dev\Dev2.Studio\Dev2.Studio.csproj]
C:\Program Files\dotnet\sdk\10.0.201\Microsoft.Common.CurrentVersion.targets(2451,5): warning MSB3277:             C:\Users\ultra\.nuget\packages\corewcf.http\1.2.1\lib\netstandard2.0\CoreWCF.Http.dll [C:\Users\ultra\warewolf\Dev\Dev2.Studio\Dev2.Studio.csproj]
C:\Program Files\dotnet\sdk\10.0.201\Microsoft.Common.CurrentVersion.targets(2451,5): warning MSB3277:             C:\Users\ultra\.nuget\packages\corewcf.nettcp\1.2.1\lib\netstandard2.0\CoreWCF.NetTcp.dll [C:\Users\ultra\warewolf\Dev\Dev2.Studio\Dev2.Studio.csproj]
C:\Program Files\dotnet\sdk\10.0.201\Microsoft.Common.CurrentVersion.targets(2451,5): warning MSB3277:             C:\Users\ultra\.nuget\packages\corewcf.webhttp\1.2.1\lib\netstandard2.0\CoreWCF.WebHttp.dll [C:\Users\ultra\warewolf\Dev\Dev2.Studio\Dev2.Studio.csproj]
C:\Program Files\dotnet\sdk\10.0.201\Microsoft.Common.CurrentVersion.targets(2451,5): warning MSB3277:             C:\Program Files\dotnet\packs\Microsoft.NETCore.App.Ref\8.0.25\ref/net8.0/System.Configuration.dll [C:\Users\ultra\warewolf\Dev\Dev2.Studio\Dev2.Studio.csproj]
C:\Program Files\dotnet\sdk\10.0.201\Microsoft.Common.CurrentVersion.targets(2451,5): warning MSB3277:             C:\Users\ultra\.nuget\packages\prism.composition\5.0.0\lib\NET45\Microsoft.Practices.Prism.Composition.dll [C:\Users\ultra\warewolf\Dev\Dev2.Studio\Dev2.Studio.csproj]
C:\Program Files\dotnet\sdk\10.0.201\Microsoft.Common.CurrentVersion.targets(2451,5): warning MSB3277:             C:\Users\ultra\.nuget\packages\prism.unityextensions\5.0.1\lib\NET45\Microsoft.Practices.Prism.UnityExtensions.dll [C:\Users\ultra\warewolf\Dev\Dev2.Studio\Dev2.Studio.csproj]
C:\Program Files\dotnet\sdk\10.0.201\Microsoft.Common.CurrentVersion.targets(2451,5): warning MSB3277:             C:\Users\ultra\.nuget\packages\prism.wpf\9.0.537\lib\net462\Prism.Wpf.dll [C:\Users\ultra\warewolf\Dev\Dev2.Studio\Dev2.Studio.csproj]
C:\Program Files\dotnet\sdk\10.0.201\Microsoft.Common.CurrentVersion.targets(2451,5): warning MSB3277:             C:\Program Files\dotnet\packs\Microsoft.NETCore.App.Ref\8.0.25\ref/net8.0/System.Data.dll [C:\Users\ultra\warewolf\Dev\Dev2.Studio\Dev2.Studio.csproj]
C:\Program Files\dotnet\sdk\10.0.201\Microsoft.Common.CurrentVersion.targets(2451,5): warning MSB3277:             C:\Users\ultra\.nuget\packages\taskschedulereditor\2.10.1\lib\net452\Microsoft.Win32.TaskSchedulerEditor.dll [C:\Users\ultra\warewolf\Dev\Dev2.Studio\Dev2.Studio.csproj]
C:\Program Files\dotnet\sdk\10.0.201\Microsoft.Common.CurrentVersion.targets(2451,5): warning MSB3277:             C:\Program Files\dotnet\packs\Microsoft.NETCore.App.Ref\8.0.25\ref/net8.0/System.Drawing.dll [C:\Users\ultra\warewolf\Dev\Dev2.Studio\Dev2.Studio.csproj]
C:\Program Files\dotnet\sdk\10.0.201\Microsoft.Common.CurrentVersion.targets(2451,5): warning MSB3277:             C:\Users\ultra\.nuget\packages\aerowizard\2.3.1\lib\net45\AeroWizard.dll [C:\Users\ultra\warewolf\Dev\Dev2.Studio\Dev2.Studio.csproj]
C:\Program Files\dotnet\sdk\10.0.201\Microsoft.Common.CurrentVersion.targets(2451,5): warning MSB3277:             C:\Users\ultra\.nuget\packages\avalonedit\6.3.0.90\lib\net462\ICSharpCode.AvalonEdit.dll [C:\Users\ultra\warewolf\Dev\Dev2.Studio\Dev2.Studio.csproj]
C:\Program Files\dotnet\sdk\10.0.201\Microsoft.Common.CurrentVersion.targets(2451,5): warning MSB3277:             C:\Users\ultra\.nuget\packages\groupcontrols\1.9.0\lib\net45\GroupControls.dll [C:\Users\ultra\warewolf\Dev\Dev2.Studio\Dev2.Studio.csproj]
C:\Program Files\dotnet\sdk\10.0.201\Microsoft.Common.CurrentVersion.targets(2451,5): warning MSB3277:             C:\Program Files\dotnet\packs\Microsoft.NETCore.App.Ref\8.0.25\ref/net8.0/System.Net.dll [C:\Users\ultra\warewolf\Dev\Dev2.Studio\Dev2.Studio.csproj]
C:\Program Files\dotnet\sdk\10.0.201\Microsoft.Common.CurrentVersion.targets(2451,5): warning MSB3277:             C:\Program Files\dotnet\packs\Microsoft.NETCore.App.Ref\8.0.25\ref/net8.0/System.Security.dll [C:\Users\ultra\warewolf\Dev\Dev2.Studio\Dev2.Studio.csproj]
C:\Program Files\dotnet\sdk\10.0.201\Microsoft.Common.CurrentVersion.targets(2451,5): warning MSB3277:             C:\Program Files\dotnet\packs\Microsoft.NETCore.App.Ref\8.0.25\ref/net8.0/System.ServiceProcess.dll [C:\Users\ultra\warewolf\Dev\Dev2.Studio\Dev2.Studio.csproj]
C:\Program Files\dotnet\sdk\10.0.201\Microsoft.Common.CurrentVersion.targets(2451,5): warning MSB3277:             C:\Program Files\dotnet\packs\Microsoft.NETCore.App.Ref\8.0.25\ref/net8.0/System.Transactions.dll [C:\Users\ultra\warewolf\Dev\Dev2.Studio\Dev2.Studio.csproj]
C:\Program Files\dotnet\sdk\10.0.201\Microsoft.Common.CurrentVersion.targets(2451,5): warning MSB3277:             C:\Program Files\dotnet\packs\Microsoft.NETCore.App.Ref\8.0.25\ref/net8.0/System.dll [C:\Users\ultra\warewolf\Dev\Dev2.Studio\Dev2.Studio.csproj]
C:\Program Files\dotnet\sdk\10.0.201\Microsoft.Common.CurrentVersion.targets(2451,5): warning MSB3277:             C:\Users\ultra\.nuget\packages\fontawesome.wpf\4.7.0.9\lib\net40\FontAwesome.WPF.dll [C:\Users\ultra\warewolf\Dev\Dev2.Studio\Dev2.Studio.csproj]
C:\Program Files\dotnet\sdk\10.0.201\Microsoft.Common.CurrentVersion.targets(2451,5): warning MSB3277:             C:\Users\ultra\.nuget\packages\log4net.async\2.0.4\lib\net40\Log4Net.Async.dll [C:\Users\ultra\warewolf\Dev\Dev2.Studio\Dev2.Studio.csproj]
C:\Program Files\dotnet\sdk\10.0.201\Microsoft.Common.CurrentVersion.targets(2451,5): warning MSB3277:             C:\Users\ultra\.nuget\packages\microsoft.xaml.behaviors.wpf\1.1.122\lib\net462\Microsoft.Xaml.Behaviors.dll [C:\Users\ultra\warewolf\Dev\Dev2.Studio\Dev2.Studio.csproj]
C:\Program Files\dotnet\sdk\10.0.201\Microsoft.Common.CurrentVersion.targets(2451,5): warning MSB3277:             C:\Users\ultra\.nuget\packages\caliburn.micro\4.0.212\lib\netcoreapp3.1\Caliburn.Micro.Platform.dll [C:\Users\ultra\warewolf\Dev\Dev2.Studio\Dev2.Studio.csproj]
C:\Program Files\dotnet\sdk\10.0.201\Microsoft.Common.CurrentVersion.targets(2451,5): warning MSB3277:             C:\Users\ultra\.nuget\packages\prism.interactivity\5.0.0\lib\NET45\Microsoft.Practices.Prism.Interactivity.dll [C:\Users\ultra\warewolf\Dev\Dev2.Studio\Dev2.Studio.csproj]
C:\Program Files\dotnet\sdk\10.0.201\Microsoft.Common.CurrentVersion.targets(2451,5): warning MSB3277:             C:\Users\ultra\.nuget\packages\prism.mvvm\1.0.0\lib\net45\Microsoft.Practices.Prism.Mvvm.Desktop.dll [C:\Users\ultra\warewolf\Dev\Dev2.Studio\Dev2.Studio.csproj]
C:\Program Files\dotnet\sdk\10.0.201\Microsoft.Common.CurrentVersion.targets(2451,5): warning MSB3277:             C:\Users\ultra\.nuget\packages\reactiveui.wpf\18.4.1\lib\net462\ReactiveUI.Wpf.dll [C:\Users\ultra\warewolf\Dev\Dev2.Studio\Dev2.Studio.csproj]
C:\Program Files\dotnet\sdk\10.0.201\Microsoft.Common.CurrentVersion.targets(2451,5): warning MSB3277:             C:\Users\ultra\.nuget\packages\ttcue.netcore.sharepointonline.csom.16.1.8029.1200\16.1.8029.1200\lib\netcoreapp2.0\Microsoft.SharePoint.Client.Runtime.Windows.dll [C:\Users\ultra\warewolf\Dev\Dev2.Studio\Dev2.Studio.csproj]
C:\Program Files\dotnet\sdk\10.0.201\Microsoft.Common.CurrentVersion.targets(2451,5): warning MSB3277:             C:\Program Files\dotnet\packs\Microsoft.NETCore.App.Ref\8.0.25\ref/net8.0/WindowsBase.dll [C:\Users\ultra\warewolf\Dev\Dev2.Studio\Dev2.Studio.csproj]
C:\Program Files\dotnet\sdk\10.0.201\Microsoft.Common.CurrentVersion.targets(2451,5): warning MSB3277:             C:\Program Files\dotnet\packs\Microsoft.NETCore.App.Ref\8.0.25\ref/net8.0/mscorlib.dll [C:\Users\ultra\warewolf\Dev\Dev2.Studio\Dev2.Studio.csproj]
C:\Program Files\dotnet\sdk\10.0.201\Microsoft.Common.CurrentVersion.targets(2451,5): warning MSB3277:             C:\Users\ultra\.nuget\packages\hangfire.core\1.7.32\lib\netstandard2.0\Hangfire.Core.dll [C:\Users\ultra\warewolf\Dev\Dev2.Studio\Dev2.Studio.csproj]
C:\Program Files\dotnet\sdk\10.0.201\Microsoft.Common.CurrentVersion.targets(2451,5): warning MSB3277:             C:\Users\ultra\.nuget\packages\hangfire.sqlserver\1.7.32\lib\netstandard2.0\Hangfire.SqlServer.dll [C:\Users\ultra\warewolf\Dev\Dev2.Studio\Dev2.Studio.csproj]
C:\Program Files\dotnet\sdk\10.0.201\Microsoft.Common.CurrentVersion.targets(2451,5): warning MSB3277:             C:\Users\ultra\.nuget\packages\unofficial.microsoft.mshtml\7.0.3300\lib\net40\Microsoft.mshtml.dll [C:\Users\ultra\warewolf\Dev\Dev2.Studio\Dev2.Studio.csproj]
C:\Program Files\dotnet\sdk\10.0.201\Microsoft.Common.CurrentVersion.targets(2451,5): warning MSB3277:         C:\Program Files\dotnet\packs\Microsoft.NETCore.App.Ref\8.0.25\ref\net8.0\System.Drawing.dll [C:\Users\ultra\warewolf\Dev\Dev2.Studio\Dev2.Studio.csproj]
C:\Program Files\dotnet\sdk\10.0.201\Microsoft.Common.CurrentVersion.targets(2451,5): warning MSB3277:           Project file item includes which caused reference "C:\Program Files\dotnet\packs\Microsoft.NETCore.App.Ref\8.0.25\ref\net8.0\System.Drawing.dll". [C:\Users\ultra\warewolf\Dev\Dev2.Studio\Dev2.Studio.csproj]
C:\Program Files\dotnet\sdk\10.0.201\Microsoft.Common.CurrentVersion.targets(2451,5): warning MSB3277:             C:\Program Files\dotnet\packs\Microsoft.NETCore.App.Ref\8.0.25\ref/net8.0/System.Drawing.dll [C:\Users\ultra\warewolf\Dev\Dev2.Studio\Dev2.Studio.csproj]
C:\Program Files\dotnet\sdk\10.0.201\Microsoft.Common.CurrentVersion.targets(2451,5): warning MSB3277:             C:\Users\ultra\.nuget\packages\aerowizard\2.3.1\lib\net45\AeroWizard.dll [C:\Users\ultra\warewolf\Dev\Dev2.Studio\Dev2.Studio.csproj]
C:\Program Files\dotnet\sdk\10.0.201\Microsoft.Common.CurrentVersion.targets(2451,5): warning MSB3277:             C:\Users\ultra\.nuget\packages\avalonedit\6.3.0.90\lib\net462\ICSharpCode.AvalonEdit.dll [C:\Users\ultra\warewolf\Dev\Dev2.Studio\Dev2.Studio.csproj]
C:\Program Files\dotnet\sdk\10.0.201\Microsoft.Common.CurrentVersion.targets(2451,5): warning MSB3277:             C:\Users\ultra\.nuget\packages\groupcontrols\1.9.0\lib\net45\GroupControls.dll [C:\Users\ultra\warewolf\Dev\Dev2.Studio\Dev2.Studio.csproj]
C:\Program Files\dotnet\sdk\10.0.201\Microsoft.Common.CurrentVersion.targets(2451,5): warning MSB3277:             C:\Users\ultra\.nuget\packages\taskschedulereditor\2.10.1\lib\net452\Microsoft.Win32.TaskSchedulerEditor.dll [C:\Users\ultra\warewolf\Dev\Dev2.Studio\Dev2.Studio.csproj]
C:\Program Files\dotnet\sdk\10.0.201\Microsoft.CSharp.CurrentVersion.targets(130,9): warning MSB3884: Could not find rule set file "..\.sonarlint\warewolf_dotnet_frameworkcsharp.ruleset". [C:\Users\ultra\warewolf\Dev\Dev2.Studio\Dev2.Studio.csproj]
C:\Program Files\dotnet\sdk\10.0.201\Sdks\Microsoft.NET.Sdk\targets\Microsoft.NET.Sdk.targets(308,5): warning NETSDK1206: Found version-specific or distribution-specific runtime identifier(s): win10-x64, win10-x86, win7-x64, win7-x86, win8-x64, win8-x86, win81-x64, win81-x86. Affected libraries: Microsoft.Management.Infrastructure.Runtime.Win, SQLite. In .NET 8.0 and higher, assets for version-specific and distribution-specific runtime identifiers will not be found by default. See https://aka.ms/dotnet/rid-usage for details. [C:\Users\ultra\warewolf\Dev\Dev2.Studio\Dev2.Studio.csproj]
  Dev2.Studio -> C:\Users\ultra\warewolf\Dev\Dev2.Studio\bin\Debug\net8.0\Warewolf Studio.dll
  Dev2.Studio -> C:\Users\ultra\warewolf\Dev\Dev2.Studio\bin\Debug\net8.0\linux-x64\Warewolf Studio.dll
C:\Program Files\dotnet\sdk\10.0.201\Microsoft.Common.CurrentVersion.targets(2451,5): warning MSB3245: Could not resolve this reference. Could not locate the assembly "System.Activities.Core.Presentation". Check to make sure the assembly exists on disk. If this reference is required by your code, you may get compilation errors. [C:\Users\ultra\warewolf\Dev\Dev2.Studio.Core.Tests\Dev2.Studio.Core.Tests.csproj]
C:\Program Files\dotnet\sdk\10.0.201\Microsoft.Common.CurrentVersion.targets(2451,5): warning MSB3277: Found conflicts between different versions of "Microsoft.Win32.SystemEvents" that could not be resolved. [C:\Users\ultra\warewolf\Dev\Dev2.Studio.Core.Tests\Dev2.Studio.Core.Tests.csproj]
C:\Program Files\dotnet\sdk\10.0.201\Microsoft.Common.CurrentVersion.targets(2451,5): warning MSB3277: There was a conflict between "Microsoft.Win32.SystemEvents, Version=6.0.0.0, Culture=neutral, PublicKeyToken=cc7b13ffcd2ddd51" and "Microsoft.Win32.SystemEvents, Version=7.0.0.0, Culture=neutral, PublicKeyToken=cc7b13ffcd2ddd51". [C:\Users\ultra\warewolf\Dev\Dev2.Studio.Core.Tests\Dev2.Studio.Core.Tests.csproj]
C:\Program Files\dotnet\sdk\10.0.201\Microsoft.Common.CurrentVersion.targets(2451,5): warning MSB3277:     "Microsoft.Win32.SystemEvents, Version=6.0.0.0, Culture=neutral, PublicKeyToken=cc7b13ffcd2ddd51" was chosen because it was primary and "Microsoft.Win32.SystemEvents, Version=7.0.0.0, Culture=neutral, PublicKeyToken=cc7b13ffcd2ddd51" was not. [C:\Users\ultra\warewolf\Dev\Dev2.Studio.Core.Tests\Dev2.Studio.Core.Tests.csproj]
C:\Program Files\dotnet\sdk\10.0.201\Microsoft.Common.CurrentVersion.targets(2451,5): warning MSB3277:     References which depend on "Microsoft.Win32.SystemEvents, Version=6.0.0.0, Culture=neutral, PublicKeyToken=cc7b13ffcd2ddd51" [C:\Users\ultra\.nuget\packages\microsoft.win32.systemevents\6.0.0\lib\net6.0\Microsoft.Win32.SystemEvents.dll]. [C:\Users\ultra\warewolf\Dev\Dev2.Studio.Core.Tests\Dev2.Studio.Core.Tests.csproj]
C:\Program Files\dotnet\sdk\10.0.201\Microsoft.Common.CurrentVersion.targets(2451,5): warning MSB3277:         C:\Users\ultra\.nuget\packages\microsoft.win32.systemevents\6.0.0\lib\net6.0\Microsoft.Win32.SystemEvents.dll [C:\Users\ultra\warewolf\Dev\Dev2.Studio.Core.Tests\Dev2.Studio.Core.Tests.csproj]
C:\Program Files\dotnet\sdk\10.0.201\Microsoft.Common.CurrentVersion.targets(2451,5): warning MSB3277:           Project file item includes which caused reference "C:\Users\ultra\.nuget\packages\microsoft.win32.systemevents\6.0.0\lib\net6.0\Microsoft.Win32.SystemEvents.dll". [C:\Users\ultra\warewolf\Dev\Dev2.Studio.Core.Tests\Dev2.Studio.Core.Tests.csproj]
C:\Program Files\dotnet\sdk\10.0.201\Microsoft.Common.CurrentVersion.targets(2451,5): warning MSB3277:             C:\Users\ultra\.nuget\packages\microsoft.win32.systemevents\6.0.0\lib\net6.0\Microsoft.Win32.SystemEvents.dll [C:\Users\ultra\warewolf\Dev\Dev2.Studio.Core.Tests\Dev2.Studio.Core.Tests.csproj]
C:\Program Files\dotnet\sdk\10.0.201\Microsoft.Common.CurrentVersion.targets(2451,5): warning MSB3277:     References which depend on or have been unified to "Microsoft.Win32.SystemEvents, Version=7.0.0.0, Culture=neutral, PublicKeyToken=cc7b13ffcd2ddd51" []. [C:\Users\ultra\warewolf\Dev\Dev2.Studio.Core.Tests\Dev2.Studio.Core.Tests.csproj]
C:\Program Files\dotnet\sdk\10.0.201\Microsoft.Common.CurrentVersion.targets(2451,5): warning MSB3277:         C:\Users\ultra\warewolf\Dev\Dev2.Common\bin\Debug\net8.0\Dev2.Common.dll [C:\Users\ultra\warewolf\Dev\Dev2.Studio.Core.Tests\Dev2.Studio.Core.Tests.csproj]
C:\Program Files\dotnet\sdk\10.0.201\Microsoft.Common.CurrentVersion.targets(2451,5): warning MSB3277:           Project file item includes which caused reference "C:\Users\ultra\warewolf\Dev\Dev2.Common\bin\Debug\net8.0\Dev2.Common.dll". [C:\Users\ultra\warewolf\Dev\Dev2.Studio.Core.Tests\Dev2.Studio.Core.Tests.csproj]
C:\Program Files\dotnet\sdk\10.0.201\Microsoft.Common.CurrentVersion.targets(2451,5): warning MSB3277:             C:\Users\ultra\warewolf\Dev\Dev2.Common\bin\Debug\net8.0\Dev2.Common.dll [C:\Users\ultra\warewolf\Dev\Dev2.Studio.Core.Tests\Dev2.Studio.Core.Tests.csproj]
C:\Program Files\dotnet\sdk\10.0.201\Microsoft.Common.CurrentVersion.targets(2451,5): warning MSB3277:             C:\Users\ultra\warewolf\Dev\Dev2.Data\bin\Debug\net8.0\Dev2.Data.dll [C:\Users\ultra\warewolf\Dev\Dev2.Studio.Core.Tests\Dev2.Studio.Core.Tests.csproj]
C:\Program Files\dotnet\sdk\10.0.201\Microsoft.Common.CurrentVersion.targets(2451,5): warning MSB3277:             C:\Users\ultra\warewolf\Dev\Dev2.Diagnostics.Tests\bin\Debug\net8.0\Dev2.Diagnostics.Tests.dll [C:\Users\ultra\warewolf\Dev\Dev2.Studio.Core.Tests\Dev2.Studio.Core.Tests.csproj]
C:\Program Files\dotnet\sdk\10.0.201\Microsoft.Common.CurrentVersion.targets(2451,5): warning MSB3277:             C:\Users\ultra\warewolf\Dev\Dev2.Diagnostics\bin\Debug\net8.0\Dev2.Diagnostics.dll [C:\Users\ultra\warewolf\Dev\Dev2.Studio.Core.Tests\Dev2.Studio.Core.Tests.csproj]
C:\Program Files\dotnet\sdk\10.0.201\Microsoft.Common.CurrentVersion.targets(2451,5): warning MSB3277:             C:\Users\ultra\warewolf\Dev\Dev2.Infrastructure.Tests\bin\Debug\net8.0\Dev2.Infrastructure.Tests.dll [C:\Users\ultra\warewolf\Dev\Dev2.Studio.Core.Tests\Dev2.Studio.Core.Tests.csproj]
C:\Program Files\dotnet\sdk\10.0.201\Microsoft.Common.CurrentVersion.targets(2451,5): warning MSB3277:             C:\Users\ultra\warewolf\Dev\Dev2.Infrastructure\bin\Debug\net8.0\Dev2.Infrastructure.dll [C:\Users\ultra\warewolf\Dev\Dev2.Studio.Core.Tests\Dev2.Studio.Core.Tests.csproj]
C:\Program Files\dotnet\sdk\10.0.201\Microsoft.Common.CurrentVersion.targets(2451,5): warning MSB3277:             C:\Users\ultra\warewolf\Dev\Dev2.Intellisense\bin\Debug\net8.0\Dev2.Intellisense.dll [C:\Users\ultra\warewolf\Dev\Dev2.Studio.Core.Tests\Dev2.Studio.Core.Tests.csproj]
C:\Program Files\dotnet\sdk\10.0.201\Microsoft.Common.CurrentVersion.targets(2451,5): warning MSB3277:             C:\Users\ultra\warewolf\Dev\Dev2.Runtime.Services\bin\Debug\net8.0\Dev2.Runtime.Services.dll [C:\Users\ultra\warewolf\Dev\Dev2.Studio.Core.Tests\Dev2.Studio.Core.Tests.csproj]
C:\Program Files\dotnet\sdk\10.0.201\Microsoft.Common.CurrentVersion.targets(2451,5): warning MSB3277:             C:\Users\ultra\warewolf\Dev\Dev2.Runtime\bin\Debug\net8.0\Dev2.Runtime.dll [C:\Users\ultra\warewolf\Dev\Dev2.Studio.Core.Tests\Dev2.Studio.Core.Tests.csproj]
C:\Program Files\dotnet\sdk\10.0.201\Microsoft.Common.CurrentVersion.targets(2451,5): warning MSB3277:             C:\Users\ultra\warewolf\Dev\Dev2.Scheduler\bin\Debug\net8.0\Dev2.Scheduler.dll [C:\Users\ultra\warewolf\Dev\Dev2.Studio.Core.Tests\Dev2.Studio.Core.Tests.csproj]
C:\Program Files\dotnet\sdk\10.0.201\Microsoft.Common.CurrentVersion.targets(2451,5): warning MSB3277:             C:\Users\ultra\warewolf\Dev\Dev2.Studio.Core\bin\Debug\net8.0\Dev2.Studio.Core.dll [C:\Users\ultra\warewolf\Dev\Dev2.Studio.Core.Tests\Dev2.Studio.Core.Tests.csproj]
C:\Program Files\dotnet\sdk\10.0.201\Microsoft.Common.CurrentVersion.targets(2451,5): warning MSB3277:             C:\Users\ultra\warewolf\Dev\Dev2.Studio.Interfaces\bin\Debug\net8.0\Dev2.Studio.Interfaces.dll [C:\Users\ultra\warewolf\Dev\Dev2.Studio.Core.Tests\Dev2.Studio.Core.Tests.csproj]
C:\Program Files\dotnet\sdk\10.0.201\Microsoft.Common.CurrentVersion.targets(2451,5): warning MSB3277:             C:\Users\ultra\warewolf\Dev\Dev2.Studio\bin\Debug\net8.0\Warewolf Studio.dll [C:\Users\ultra\warewolf\Dev\Dev2.Studio.Core.Tests\Dev2.Studio.Core.Tests.csproj]
C:\Program Files\dotnet\sdk\10.0.201\Microsoft.Common.CurrentVersion.targets(2451,5): warning MSB3277:             C:\Users\ultra\warewolf\Dev\Dev2.Activities\bin\Debug\net8.0\Dev2.Activities.dll [C:\Users\ultra\warewolf\Dev\Dev2.Studio.Core.Tests\Dev2.Studio.Core.Tests.csproj]
C:\Program Files\dotnet\sdk\10.0.201\Microsoft.Common.CurrentVersion.targets(2451,5): warning MSB3277:             C:\Users\ultra\warewolf\Dev\Dev2.Core\bin\Debug\net8.0\Dev2.Core.dll [C:\Users\ultra\warewolf\Dev\Dev2.Studio.Core.Tests\Dev2.Studio.Core.Tests.csproj]
C:\Program Files\dotnet\sdk\10.0.201\Microsoft.Common.CurrentVersion.targets(2451,5): warning MSB3277:             C:\Users\ultra\warewolf\Dev\Dev2.TaskScheduler.Wrappers\bin\Debug\net8.0\Dev2.TaskScheduler.Wrappers.dll [C:\Users\ultra\warewolf\Dev\Dev2.Studio.Core.Tests\Dev2.Studio.Core.Tests.csproj]
C:\Program Files\dotnet\sdk\10.0.201\Microsoft.Common.CurrentVersion.targets(2451,5): warning MSB3277:             C:\Users\ultra\warewolf\Dev\Dev2.Util\bin\Debug\net8.0\Dev2.Util.dll [C:\Users\ultra\warewolf\Dev\Dev2.Studio.Core.Tests\Dev2.Studio.Core.Tests.csproj]
C:\Program Files\dotnet\sdk\10.0.201\Microsoft.Common.CurrentVersion.targets(2451,5): warning MSB3277:             C:\Users\ultra\warewolf\Dev\Warewolf.Core\bin\Debug\net8.0\Warewolf.Core.dll [C:\Users\ultra\warewolf\Dev\Dev2.Studio.Core.Tests\Dev2.Studio.Core.Tests.csproj]
C:\Program Files\dotnet\sdk\10.0.201\Microsoft.Common.CurrentVersion.targets(2451,5): warning MSB3277:             C:\Users\ultra\warewolf\Dev\Warewolf.MergeParser.Tests\bin\Debug\net8.0\Warewolf.MergeParser.Tests.dll [C:\Users\ultra\warewolf\Dev\Dev2.Studio.Core.Tests\Dev2.Studio.Core.Tests.csproj]
C:\Program Files\dotnet\sdk\10.0.201\Microsoft.Common.CurrentVersion.targets(2451,5): warning MSB3277:             C:\Users\ultra\warewolf\Dev\Warewolf.Studio.Core\bin\Debug\net8.0\Warewolf.Studio.Core.dll [C:\Users\ultra\warewolf\Dev\Dev2.Studio.Core.Tests\Dev2.Studio.Core.Tests.csproj]
C:\Program Files\dotnet\sdk\10.0.201\Microsoft.Common.CurrentVersion.targets(2451,5): warning MSB3277:             C:\Users\ultra\warewolf\Dev\Warewolf.Studio.ViewModels\bin\Debug\net8.0\Warewolf.Studio.ViewModels.dll [C:\Users\ultra\warewolf\Dev\Dev2.Studio.Core.Tests\Dev2.Studio.Core.Tests.csproj]
C:\Program Files\dotnet\sdk\10.0.201\Microsoft.Common.CurrentVersion.targets(2451,5): warning MSB3277:             C:\Users\ultra\warewolf\Dev\Warewolf.Testing\bin\Debug\net8.0\Warewolf.Testing.dll [C:\Users\ultra\warewolf\Dev\Dev2.Studio.Core.Tests\Dev2.Studio.Core.Tests.csproj]
C:\Program Files\dotnet\sdk\10.0.201\Microsoft.Common.CurrentVersion.targets(2451,5): warning MSB3277:             C:\Users\ultra\warewolf\Dev\Warewolf.Trigger.Queue\bin\Debug\net8.0\Warewolf.Trigger.Queue.dll [C:\Users\ultra\warewolf\Dev\Dev2.Studio.Core.Tests\Dev2.Studio.Core.Tests.csproj]
C:\Program Files\dotnet\sdk\10.0.201\Microsoft.Common.CurrentVersion.targets(2451,5): warning MSB3277:             C:\Users\ultra\warewolf\Dev\Warewolf.UI\bin\Debug\net8.0\Warewolf.UI.dll [C:\Users\ultra\warewolf\Dev\Dev2.Studio.Core.Tests\Dev2.Studio.Core.Tests.csproj]
C:\Program Files\dotnet\sdk\10.0.201\Microsoft.Common.CurrentVersion.targets(2451,5): warning MSB3277:             C:\Users\ultra\warewolf\Dev\Dev2.Development.Languages\bin\Debug\net8.0\Dev2.Development.Languages.dll [C:\Users\ultra\warewolf\Dev\Dev2.Studio.Core.Tests\Dev2.Studio.Core.Tests.csproj]
C:\Program Files\dotnet\sdk\10.0.201\Microsoft.Common.CurrentVersion.targets(2451,5): warning MSB3277:             C:\Users\ultra\warewolf\Dev\Dev2.Runtime.WebServer\bin\Debug\net8.0\Dev2.Runtime.WebServer.dll [C:\Users\ultra\warewolf\Dev\Dev2.Studio.Core.Tests\Dev2.Studio.Core.Tests.csproj]
C:\Program Files\dotnet\sdk\10.0.201\Microsoft.Common.CurrentVersion.targets(2451,5): warning MSB3277:             C:\Users\ultra\warewolf\Dev\Dev2.Services.Execution\bin\Debug\net8.0\Dev2.Services.Execution.dll [C:\Users\ultra\warewolf\Dev\Dev2.Studio.Core.Tests\Dev2.Studio.Core.Tests.csproj]
C:\Program Files\dotnet\sdk\10.0.201\Microsoft.Common.CurrentVersion.targets(2451,5): warning MSB3277:             C:\Users\ultra\warewolf\Dev\Dev2.Services.Sql\bin\Debug\net8.0\Dev2.Services.Sql.dll [C:\Users\ultra\warewolf\Dev\Dev2.Studio.Core.Tests\Dev2.Studio.Core.Tests.csproj]
C:\Program Files\dotnet\sdk\10.0.201\Microsoft.Common.CurrentVersion.targets(2451,5): warning MSB3277:             C:\Users\ultra\warewolf\Dev\Warewolf.HangfireServer\bin\Debug\net8.0\HangfireServer.dll [C:\Users\ultra\warewolf\Dev\Dev2.Studio.Core.Tests\Dev2.Studio.Core.Tests.csproj]
C:\Program Files\dotnet\sdk\10.0.201\Microsoft.Common.CurrentVersion.targets(2451,5): warning MSB3277:             C:\Users\ultra\warewolf\Dev\Warewolf.QueueWorker\bin\Debug\net8.0\QueueWorker.dll [C:\Users\ultra\warewolf\Dev\Dev2.Studio.Core.Tests\Dev2.Studio.Core.Tests.csproj]
C:\Program Files\dotnet\sdk\10.0.201\Microsoft.Common.CurrentVersion.targets(2451,5): warning MSB3277:             C:\Users\ultra\warewolf\Dev\Dev2.Server\bin\Debug\net8.0\Warewolf Server.dll [C:\Users\ultra\warewolf\Dev\Dev2.Studio.Core.Tests\Dev2.Studio.Core.Tests.csproj]
C:\Program Files\dotnet\sdk\10.0.201\Microsoft.Common.CurrentVersion.targets(2451,5): warning MSB3277:             C:\Users\ultra\warewolf\Dev\Warewolf.AI.Harness\bin\Debug\net8.0\Warewolf.AI.Harness.dll [C:\Users\ultra\warewolf\Dev\Dev2.Studio.Core.Tests\Dev2.Studio.Core.Tests.csproj]
C:\Program Files\dotnet\sdk\10.0.201\Microsoft.Common.CurrentVersion.targets(2451,5): warning MSB3277:             C:\Users\ultra\warewolf\Dev\Warewolf.Auditing\bin\Debug\net8.0\Warewolf.Auditing.dll [C:\Users\ultra\warewolf\Dev\Dev2.Studio.Core.Tests\Dev2.Studio.Core.Tests.csproj]
C:\Program Files\dotnet\sdk\10.0.201\Microsoft.Common.CurrentVersion.targets(2451,5): warning MSB3277:             C:\Users\ultra\warewolf\Dev\Warewolf.Common.Framework48\bin\Debug\net8.0\Warewolf.Common.Framework48.dll [C:\Users\ultra\warewolf\Dev\Dev2.Studio.Core.Tests\Dev2.Studio.Core.Tests.csproj]
C:\Program Files\dotnet\sdk\10.0.201\Microsoft.Common.CurrentVersion.targets(2451,5): warning MSB3277:             C:\Users\ultra\warewolf\Dev\Warewolf.Common.NetStandard20\bin\Debug\net8.0\Warewolf.Common.NetStandard20.dll [C:\Users\ultra\warewolf\Dev\Dev2.Studio.Core.Tests\Dev2.Studio.Core.Tests.csproj]
C:\Program Files\dotnet\sdk\10.0.201\Microsoft.Common.CurrentVersion.targets(2451,5): warning MSB3277:             C:\Users\ultra\warewolf\Dev\Warewolf.Driver.Persistence\bin\Debug\net8.0\Warewolf.Driver.Persistence.dll [C:\Users\ultra\warewolf\Dev\Dev2.Studio.Core.Tests\Dev2.Studio.Core.Tests.csproj]
C:\Program Files\dotnet\sdk\10.0.201\Microsoft.Common.CurrentVersion.targets(2451,5): warning MSB3277:             C:\Users\ultra\warewolf\Dev\Warewolf.Driver.Serilog\bin\Debug\net8.0\Warewolf.Driver.Serilog.dll [C:\Users\ultra\warewolf\Dev\Dev2.Studio.Core.Tests\Dev2.Studio.Core.Tests.csproj]
C:\Program Files\dotnet\sdk\10.0.201\Microsoft.Common.CurrentVersion.targets(2451,5): warning MSB3277:             C:\Users\ultra\warewolf\Dev\Warewolf.Exchange.Email.Wrapper\bin\Debug\net8.0\Warewolf.Exchange.Email.Wrapper.dll [C:\Users\ultra\warewolf\Dev\Dev2.Studio.Core.Tests\Dev2.Studio.Core.Tests.csproj]
C:\Program Files\dotnet\sdk\10.0.201\Microsoft.Common.CurrentVersion.targets(2451,5): warning MSB3277:             C:\Users\ultra\warewolf\Dev\Warewolf.PerfMon\bin\Debug\net8.0\Warewolf.PerfMon.dll [C:\Users\ultra\warewolf\Dev\Dev2.Studio.Core.Tests\Dev2.Studio.Core.Tests.csproj]
C:\Program Files\dotnet\sdk\10.0.201\Microsoft.Common.CurrentVersion.targets(2451,5): warning MSB3277:             C:\Users\ultra\warewolf\Dev\Warewolf.ResourceManagement\bin\Debug\net8.0\Warewolf.ResourceManagement.dll [C:\Users\ultra\warewolf\Dev\Dev2.Studio.Core.Tests\Dev2.Studio.Core.Tests.csproj]
C:\Program Files\dotnet\sdk\10.0.201\Microsoft.Common.CurrentVersion.targets(2451,5): warning MSB3277:             C:\Users\ultra\warewolf\Dev\Warewolf.Sharepoint\bin\Debug\net8.0\Warewolf.Sharepoint.dll [C:\Users\ultra\warewolf\Dev\Dev2.Studio.Core.Tests\Dev2.Studio.Core.Tests.csproj]
C:\Program Files\dotnet\sdk\10.0.201\Microsoft.Common.CurrentVersion.targets(2451,5): warning MSB3277:             C:\Users\ultra\warewolf\Dev\Warewolf.Storage\bin\Debug\net8.0\Warewolf.Storage.dll [C:\Users\ultra\warewolf\Dev\Dev2.Studio.Core.Tests\Dev2.Studio.Core.Tests.csproj]
C:\Program Files\dotnet\sdk\10.0.201\Microsoft.Common.CurrentVersion.targets(2451,5): warning MSB3277:             C:\Users\ultra\warewolf\Dev\Warewolf.Studio.CustomControls\bin\Debug\net8.0\Warewolf.Studio.CustomControls.dll [C:\Users\ultra\warewolf\Dev\Dev2.Studio.Core.Tests\Dev2.Studio.Core.Tests.csproj]
C:\Program Files\dotnet\sdk\10.0.201\Microsoft.Common.CurrentVersion.targets(2451,5): warning MSB3277:             C:\Users\ultra\warewolf\Dev\Warewolf.Studio.Models\bin\Debug\net8.0\Warewolf.Studio.Models.dll [C:\Users\ultra\warewolf\Dev\Dev2.Studio.Core.Tests\Dev2.Studio.Core.Tests.csproj]
C:\Program Files\dotnet\sdk\10.0.201\Microsoft.Common.CurrentVersion.targets(2451,5): warning MSB3277:             C:\Users\ultra\warewolf\Dev\Warewolf.Logger\bin\Debug\net8.0\WarewolfLogger.dll [C:\Users\ultra\warewolf\Dev\Dev2.Studio.Core.Tests\Dev2.Studio.Core.Tests.csproj]
C:\Program Files\dotnet\sdk\10.0.201\Microsoft.Common.CurrentVersion.targets(2451,5): warning MSB3277:         C:\Users\ultra\warewolf\Dev\Binaries\Infragistcs_Net6\InfragisticsWPF4.v15.1.dll [C:\Users\ultra\warewolf\Dev\Dev2.Studio.Core.Tests\Dev2.Studio.Core.Tests.csproj]
C:\Program Files\dotnet\sdk\10.0.201\Microsoft.Common.CurrentVersion.targets(2451,5): warning MSB3277:           Project file item includes which caused reference "C:\Users\ultra\warewolf\Dev\Binaries\Infragistcs_Net6\InfragisticsWPF4.v15.1.dll". [C:\Users\ultra\warewolf\Dev\Dev2.Studio.Core.Tests\Dev2.Studio.Core.Tests.csproj]
C:\Program Files\dotnet\sdk\10.0.201\Microsoft.Common.CurrentVersion.targets(2451,5): warning MSB3277:             InfragisticsWPF4.v15.1, Version=15.1.20151.2055, Culture=neutral, PublicKeyToken=7dd5c3163f2cd0cb, processorArchitecture=MSIL [C:\Users\ultra\warewolf\Dev\Dev2.Studio.Core.Tests\Dev2.Studio.Core.Tests.csproj]
C:\Program Files\dotnet\sdk\10.0.201\Microsoft.Common.CurrentVersion.targets(2451,5): warning MSB3277:             InfragisticsWPF4.Controls.Interactions.XamDialogWindow.v15.1 [C:\Users\ultra\warewolf\Dev\Dev2.Studio.Core.Tests\Dev2.Studio.Core.Tests.csproj]
C:\Program Files\dotnet\sdk\10.0.201\Microsoft.Common.CurrentVersion.targets(2451,5): warning MSB3277:             InfragisticsWPF4.DockManager.v15.1, Version=15.1.20151.2055, Culture=neutral, PublicKeyToken=7dd5c3163f2cd0cb, processorArchitecture=MSIL [C:\Users\ultra\warewolf\Dev\Dev2.Studio.Core.Tests\Dev2.Studio.Core.Tests.csproj]
C:\Program Files\dotnet\sdk\10.0.201\Microsoft.Common.CurrentVersion.targets(2451,5): warning MSB3277:             InfragisticsWPF4.DataPresenter.v15.1 [C:\Users\ultra\warewolf\Dev\Dev2.Studio.Core.Tests\Dev2.Studio.Core.Tests.csproj]
C:\Program Files\dotnet\sdk\10.0.201\Microsoft.Common.CurrentVersion.targets(2451,5): warning MSB3277:         C:\Users\ultra\.nuget\packages\timespan2\2.4.2\lib\netcoreapp3.1\TimeSpan2.dll [C:\Users\ultra\warewolf\Dev\Dev2.Studio.Core.Tests\Dev2.Studio.Core.Tests.csproj]
C:\Program Files\dotnet\sdk\10.0.201\Microsoft.Common.CurrentVersion.targets(2451,5): warning MSB3277:           Project file item includes which caused reference "C:\Users\ultra\.nuget\packages\timespan2\2.4.2\lib\netcoreapp3.1\TimeSpan2.dll". [C:\Users\ultra\warewolf\Dev\Dev2.Studio.Core.Tests\Dev2.Studio.Core.Tests.csproj]
C:\Program Files\dotnet\sdk\10.0.201\Microsoft.Common.CurrentVersion.targets(2451,5): warning MSB3277:             C:\Users\ultra\.nuget\packages\timespan2\2.4.2\lib\netcoreapp3.1\TimeSpan2.dll [C:\Users\ultra\warewolf\Dev\Dev2.Studio.Core.Tests\Dev2.Studio.Core.Tests.csproj]
C:\Program Files\dotnet\sdk\10.0.201\Microsoft.Common.CurrentVersion.targets(2451,5): warning MSB3277:             C:\Users\ultra\.nuget\packages\taskschedulereditor\2.10.1\lib\net452\Microsoft.Win32.TaskSchedulerEditor.dll [C:\Users\ultra\warewolf\Dev\Dev2.Studio.Core.Tests\Dev2.Studio.Core.Tests.csproj]
C:\Program Files\dotnet\sdk\10.0.201\Microsoft.Common.CurrentVersion.targets(2451,5): warning MSB3277:         C:\Program Files\dotnet\packs\Microsoft.NETCore.App.Ref\8.0.25\ref\net8.0\System.dll [C:\Users\ultra\warewolf\Dev\Dev2.Studio.Core.Tests\Dev2.Studio.Core.Tests.csproj]
C:\Program Files\dotnet\sdk\10.0.201\Microsoft.Common.CurrentVersion.targets(2451,5): warning MSB3277:           Project file item includes which caused reference "C:\Program Files\dotnet\packs\Microsoft.NETCore.App.Ref\8.0.25\ref\net8.0\System.dll". [C:\Users\ultra\warewolf\Dev\Dev2.Studio.Core.Tests\Dev2.Studio.Core.Tests.csproj]
C:\Program Files\dotnet\sdk\10.0.201\Microsoft.Common.CurrentVersion.targets(2451,5): warning MSB3277:             C:\Program Files\dotnet\packs\Microsoft.NETCore.App.Ref\8.0.25\ref/net8.0/System.dll [C:\Users\ultra\warewolf\Dev\Dev2.Studio.Core.Tests\Dev2.Studio.Core.Tests.csproj]
C:\Program Files\dotnet\sdk\10.0.201\Microsoft.Common.CurrentVersion.targets(2451,5): warning MSB3277:             C:\Users\ultra\.nuget\packages\aerowizard\2.3.1\lib\net45\AeroWizard.dll [C:\Users\ultra\warewolf\Dev\Dev2.Studio.Core.Tests\Dev2.Studio.Core.Tests.csproj]
C:\Program Files\dotnet\sdk\10.0.201\Microsoft.Common.CurrentVersion.targets(2451,5): warning MSB3277:             C:\Users\ultra\.nuget\packages\avalonedit\6.3.0.90\lib\net462\ICSharpCode.AvalonEdit.dll [C:\Users\ultra\warewolf\Dev\Dev2.Studio.Core.Tests\Dev2.Studio.Core.Tests.csproj]
C:\Program Files\dotnet\sdk\10.0.201\Microsoft.Common.CurrentVersion.targets(2451,5): warning MSB3277:             C:\Users\ultra\.nuget\packages\fontawesome.wpf\4.7.0.9\lib\net40\FontAwesome.WPF.dll [C:\Users\ultra\warewolf\Dev\Dev2.Studio.Core.Tests\Dev2.Studio.Core.Tests.csproj]
C:\Program Files\dotnet\sdk\10.0.201\Microsoft.Common.CurrentVersion.targets(2451,5): warning MSB3277:             C:\Users\ultra\.nuget\packages\groupcontrols\1.9.0\lib\net45\GroupControls.dll [C:\Users\ultra\warewolf\Dev\Dev2.Studio.Core.Tests\Dev2.Studio.Core.Tests.csproj]
C:\Program Files\dotnet\sdk\10.0.201\Microsoft.Common.CurrentVersion.targets(2451,5): warning MSB3277:             C:\Users\ultra\.nuget\packages\log4net.async\2.0.4\lib\net40\Log4Net.Async.dll [C:\Users\ultra\warewolf\Dev\Dev2.Studio.Core.Tests\Dev2.Studio.Core.Tests.csproj]
C:\Program Files\dotnet\sdk\10.0.201\Microsoft.Common.CurrentVersion.targets(2451,5): warning MSB3277:             C:\Users\ultra\.nuget\packages\microsoft.xaml.behaviors.wpf\1.1.122\lib\net462\Microsoft.Xaml.Behaviors.dll [C:\Users\ultra\warewolf\Dev\Dev2.Studio.Core.Tests\Dev2.Studio.Core.Tests.csproj]
C:\Program Files\dotnet\sdk\10.0.201\Microsoft.Common.CurrentVersion.targets(2451,5): warning MSB3277:             C:\Users\ultra\.nuget\packages\caliburn.micro\4.0.212\lib\netcoreapp3.1\Caliburn.Micro.Platform.dll [C:\Users\ultra\warewolf\Dev\Dev2.Studio.Core.Tests\Dev2.Studio.Core.Tests.csproj]
C:\Program Files\dotnet\sdk\10.0.201\Microsoft.Common.CurrentVersion.targets(2451,5): warning MSB3277:             C:\Users\ultra\.nuget\packages\prism.composition\5.0.0\lib\NET45\Microsoft.Practices.Prism.Composition.dll [C:\Users\ultra\warewolf\Dev\Dev2.Studio.Core.Tests\Dev2.Studio.Core.Tests.csproj]
C:\Program Files\dotnet\sdk\10.0.201\Microsoft.Common.CurrentVersion.targets(2451,5): warning MSB3277:             C:\Users\ultra\.nuget\packages\prism.interactivity\5.0.0\lib\NET45\Microsoft.Practices.Prism.Interactivity.dll [C:\Users\ultra\warewolf\Dev\Dev2.Studio.Core.Tests\Dev2.Studio.Core.Tests.csproj]
C:\Program Files\dotnet\sdk\10.0.201\Microsoft.Common.CurrentVersion.targets(2451,5): warning MSB3277:             C:\Users\ultra\.nuget\packages\prism.mvvm\1.0.0\lib\net45\Microsoft.Practices.Prism.Mvvm.Desktop.dll [C:\Users\ultra\warewolf\Dev\Dev2.Studio.Core.Tests\Dev2.Studio.Core.Tests.csproj]
C:\Program Files\dotnet\sdk\10.0.201\Microsoft.Common.CurrentVersion.targets(2451,5): warning MSB3277:             C:\Users\ultra\.nuget\packages\prism.unityextensions\5.0.1\lib\NET45\Microsoft.Practices.Prism.UnityExtensions.dll [C:\Users\ultra\warewolf\Dev\Dev2.Studio.Core.Tests\Dev2.Studio.Core.Tests.csproj]
C:\Program Files\dotnet\sdk\10.0.201\Microsoft.Common.CurrentVersion.targets(2451,5): warning MSB3277:             C:\Users\ultra\.nuget\packages\prism.wpf\9.0.537\lib\net462\Prism.Wpf.dll [C:\Users\ultra\warewolf\Dev\Dev2.Studio.Core.Tests\Dev2.Studio.Core.Tests.csproj]
C:\Program Files\dotnet\sdk\10.0.201\Microsoft.Common.CurrentVersion.targets(2451,5): warning MSB3277:             C:\Users\ultra\.nuget\packages\reactiveui.wpf\18.4.1\lib\net462\ReactiveUI.Wpf.dll [C:\Users\ultra\warewolf\Dev\Dev2.Studio.Core.Tests\Dev2.Studio.Core.Tests.csproj]
C:\Program Files\dotnet\sdk\10.0.201\Microsoft.Common.CurrentVersion.targets(2451,5): warning MSB3277:             C:\Users\ultra\.nuget\packages\taskschedulereditor\2.10.1\lib\net452\Microsoft.Win32.TaskSchedulerEditor.dll [C:\Users\ultra\warewolf\Dev\Dev2.Studio.Core.Tests\Dev2.Studio.Core.Tests.csproj]
C:\Program Files\dotnet\sdk\10.0.201\Microsoft.Common.CurrentVersion.targets(2451,5): warning MSB3277:             C:\Users\ultra\.nuget\packages\ttcue.netcore.sharepointonline.csom.16.1.8029.1200\16.1.8029.1200\lib\netcoreapp2.0\Microsoft.SharePoint.Client.Runtime.Windows.dll [C:\Users\ultra\warewolf\Dev\Dev2.Studio.Core.Tests\Dev2.Studio.Core.Tests.csproj]
C:\Program Files\dotnet\sdk\10.0.201\Microsoft.Common.CurrentVersion.targets(2451,5): warning MSB3277:         C:\Users\ultra\warewolf\Dev\Binaries\Infragistcs_Net6\InfragisticsWPF4.Editors.v15.1.dll [C:\Users\ultra\warewolf\Dev\Dev2.Studio.Core.Tests\Dev2.Studio.Core.Tests.csproj]
C:\Program Files\dotnet\sdk\10.0.201\Microsoft.Common.CurrentVersion.targets(2451,5): warning MSB3277:           Project file item includes which caused reference "C:\Users\ultra\warewolf\Dev\Binaries\Infragistcs_Net6\InfragisticsWPF4.Editors.v15.1.dll". [C:\Users\ultra\warewolf\Dev\Dev2.Studio.Core.Tests\Dev2.Studio.Core.Tests.csproj]
C:\Program Files\dotnet\sdk\10.0.201\Microsoft.Common.CurrentVersion.targets(2451,5): warning MSB3277:             InfragisticsWPF4.DataPresenter.v15.1 [C:\Users\ultra\warewolf\Dev\Dev2.Studio.Core.Tests\Dev2.Studio.Core.Tests.csproj]
C:\Program Files\dotnet\sdk\10.0.201\Microsoft.Common.CurrentVersion.targets(2451,5): warning MSB3277: Found conflicts between different versions of "WindowsBase" that could not be resolved. [C:\Users\ultra\warewolf\Dev\Dev2.Studio.Core.Tests\Dev2.Studio.Core.Tests.csproj]
C:\Program Files\dotnet\sdk\10.0.201\Microsoft.Common.CurrentVersion.targets(2451,5): warning MSB3277: There was a conflict between "WindowsBase, Version=4.0.0.0, Culture=neutral, PublicKeyToken=31bf3856ad364e35" and "WindowsBase, Version=6.0.2.0, Culture=neutral, PublicKeyToken=31bf3856ad364e35". [C:\Users\ultra\warewolf\Dev\Dev2.Studio.Core.Tests\Dev2.Studio.Core.Tests.csproj]
C:\Program Files\dotnet\sdk\10.0.201\Microsoft.Common.CurrentVersion.targets(2451,5): warning MSB3277:     "WindowsBase, Version=4.0.0.0, Culture=neutral, PublicKeyToken=31bf3856ad364e35" was chosen because it was primary and "WindowsBase, Version=6.0.2.0, Culture=neutral, PublicKeyToken=31bf3856ad364e35" was not. [C:\Users\ultra\warewolf\Dev\Dev2.Studio.Core.Tests\Dev2.Studio.Core.Tests.csproj]
C:\Program Files\dotnet\sdk\10.0.201\Microsoft.Common.CurrentVersion.targets(2451,5): warning MSB3277:     References which depend on "WindowsBase, Version=4.0.0.0, Culture=neutral, PublicKeyToken=31bf3856ad364e35" [C:\Program Files\dotnet\packs\Microsoft.NETCore.App.Ref\8.0.25\ref\net8.0\WindowsBase.dll]. [C:\Users\ultra\warewolf\Dev\Dev2.Studio.Core.Tests\Dev2.Studio.Core.Tests.csproj]
C:\Program Files\dotnet\sdk\10.0.201\Microsoft.Common.CurrentVersion.targets(2451,5): warning MSB3277:         C:\Program Files\dotnet\packs\Microsoft.NETCore.App.Ref\8.0.25\ref\net8.0\WindowsBase.dll [C:\Users\ultra\warewolf\Dev\Dev2.Studio.Core.Tests\Dev2.Studio.Core.Tests.csproj]
C:\Program Files\dotnet\sdk\10.0.201\Microsoft.Common.CurrentVersion.targets(2451,5): warning MSB3277:           Project file item includes which caused reference "C:\Program Files\dotnet\packs\Microsoft.NETCore.App.Ref\8.0.25\ref\net8.0\WindowsBase.dll". [C:\Users\ultra\warewolf\Dev\Dev2.Studio.Core.Tests\Dev2.Studio.Core.Tests.csproj]
C:\Program Files\dotnet\sdk\10.0.201\Microsoft.Common.CurrentVersion.targets(2451,5): warning MSB3277:             C:\Program Files\dotnet\packs\Microsoft.NETCore.App.Ref\8.0.25\ref/net8.0/WindowsBase.dll [C:\Users\ultra\warewolf\Dev\Dev2.Studio.Core.Tests\Dev2.Studio.Core.Tests.csproj]
C:\Program Files\dotnet\sdk\10.0.201\Microsoft.Common.CurrentVersion.targets(2451,5): warning MSB3277:     References which depend on or have been unified to "WindowsBase, Version=6.0.2.0, Culture=neutral, PublicKeyToken=31bf3856ad364e35" []. [C:\Users\ultra\warewolf\Dev\Dev2.Studio.Core.Tests\Dev2.Studio.Core.Tests.csproj]
C:\Program Files\dotnet\sdk\10.0.201\Microsoft.Common.CurrentVersion.targets(2451,5): warning MSB3277:         C:\Users\ultra\warewolf\Dev\Binaries\Infragistcs_Net6\InfragisticsWPF4.Controls.Interactions.XamDialogWindow.v15.1.dll [C:\Users\ultra\warewolf\Dev\Dev2.Studio.Core.Tests\Dev2.Studio.Core.Tests.csproj]
C:\Program Files\dotnet\sdk\10.0.201\Microsoft.Common.CurrentVersion.targets(2451,5): warning MSB3277:           Project file item includes which caused reference "C:\Users\ultra\warewolf\Dev\Binaries\Infragistcs_Net6\InfragisticsWPF4.Controls.Interactions.XamDialogWindow.v15.1.dll". [C:\Users\ultra\warewolf\Dev\Dev2.Studio.Core.Tests\Dev2.Studio.Core.Tests.csproj]
C:\Program Files\dotnet\sdk\10.0.201\Microsoft.Common.CurrentVersion.targets(2451,5): warning MSB3277:             InfragisticsWPF4.Controls.Interactions.XamDialogWindow.v15.1 [C:\Users\ultra\warewolf\Dev\Dev2.Studio.Core.Tests\Dev2.Studio.Core.Tests.csproj]
C:\Program Files\dotnet\sdk\10.0.201\Microsoft.Common.CurrentVersion.targets(2451,5): warning MSB3277:         C:\Users\ultra\warewolf\Dev\Binaries\Infragistcs_Net6\InfragisticsWPF4.DockManager.v15.1.dll [C:\Users\ultra\warewolf\Dev\Dev2.Studio.Core.Tests\Dev2.Studio.Core.Tests.csproj]
C:\Program Files\dotnet\sdk\10.0.201\Microsoft.Common.CurrentVersion.targets(2451,5): warning MSB3277:           Project file item includes which caused reference "C:\Users\ultra\warewolf\Dev\Binaries\Infragistcs_Net6\InfragisticsWPF4.DockManager.v15.1.dll". [C:\Users\ultra\warewolf\Dev\Dev2.Studio.Core.Tests\Dev2.Studio.Core.Tests.csproj]
C:\Program Files\dotnet\sdk\10.0.201\Microsoft.Common.CurrentVersion.targets(2451,5): warning MSB3277:             InfragisticsWPF4.DockManager.v15.1, Version=15.1.20151.2055, Culture=neutral, PublicKeyToken=7dd5c3163f2cd0cb, processorArchitecture=MSIL [C:\Users\ultra\warewolf\Dev\Dev2.Studio.Core.Tests\Dev2.Studio.Core.Tests.csproj]
C:\Program Files\dotnet\sdk\10.0.201\Microsoft.Common.CurrentVersion.targets(2451,5): warning MSB3277:         C:\Users\ultra\warewolf\Dev\Binaries\Infragistcs_Net6\InfragisticsWPF4.v15.1.dll [C:\Users\ultra\warewolf\Dev\Dev2.Studio.Core.Tests\Dev2.Studio.Core.Tests.csproj]
C:\Program Files\dotnet\sdk\10.0.201\Microsoft.Common.CurrentVersion.targets(2451,5): warning MSB3277:           Project file item includes which caused reference "C:\Users\ultra\warewolf\Dev\Binaries\Infragistcs_Net6\InfragisticsWPF4.v15.1.dll". [C:\Users\ultra\warewolf\Dev\Dev2.Studio.Core.Tests\Dev2.Studio.Core.Tests.csproj]
C:\Program Files\dotnet\sdk\10.0.201\Microsoft.Common.CurrentVersion.targets(2451,5): warning MSB3277:             InfragisticsWPF4.v15.1, Version=15.1.20151.2055, Culture=neutral, PublicKeyToken=7dd5c3163f2cd0cb, processorArchitecture=MSIL [C:\Users\ultra\warewolf\Dev\Dev2.Studio.Core.Tests\Dev2.Studio.Core.Tests.csproj]
C:\Program Files\dotnet\sdk\10.0.201\Microsoft.Common.CurrentVersion.targets(2451,5): warning MSB3277:             InfragisticsWPF4.Controls.Interactions.XamDialogWindow.v15.1 [C:\Users\ultra\warewolf\Dev\Dev2.Studio.Core.Tests\Dev2.Studio.Core.Tests.csproj]
C:\Program Files\dotnet\sdk\10.0.201\Microsoft.Common.CurrentVersion.targets(2451,5): warning MSB3277:             InfragisticsWPF4.DockManager.v15.1, Version=15.1.20151.2055, Culture=neutral, PublicKeyToken=7dd5c3163f2cd0cb, processorArchitecture=MSIL [C:\Users\ultra\warewolf\Dev\Dev2.Studio.Core.Tests\Dev2.Studio.Core.Tests.csproj]
C:\Program Files\dotnet\sdk\10.0.201\Microsoft.Common.CurrentVersion.targets(2451,5): warning MSB3277:             InfragisticsWPF4.DataPresenter.v15.1 [C:\Users\ultra\warewolf\Dev\Dev2.Studio.Core.Tests\Dev2.Studio.Core.Tests.csproj]
C:\Program Files\dotnet\sdk\10.0.201\Microsoft.Common.CurrentVersion.targets(2451,5): warning MSB3277:         C:\Users\ultra\warewolf\Dev\Binaries\Infragistcs_Net6\InfragisticsWPF4.DataPresenter.v15.1.dll [C:\Users\ultra\warewolf\Dev\Dev2.Studio.Core.Tests\Dev2.Studio.Core.Tests.csproj]
C:\Program Files\dotnet\sdk\10.0.201\Microsoft.Common.CurrentVersion.targets(2451,5): warning MSB3277:           Project file item includes which caused reference "C:\Users\ultra\warewolf\Dev\Binaries\Infragistcs_Net6\InfragisticsWPF4.DataPresenter.v15.1.dll". [C:\Users\ultra\warewolf\Dev\Dev2.Studio.Core.Tests\Dev2.Studio.Core.Tests.csproj]
C:\Program Files\dotnet\sdk\10.0.201\Microsoft.Common.CurrentVersion.targets(2451,5): warning MSB3277:             InfragisticsWPF4.DataPresenter.v15.1 [C:\Users\ultra\warewolf\Dev\Dev2.Studio.Core.Tests\Dev2.Studio.Core.Tests.csproj]
C:\Program Files\dotnet\sdk\10.0.201\Microsoft.Common.CurrentVersion.targets(2451,5): warning MSB3277:         C:\Users\ultra\.nuget\packages\avalonedit\6.3.0.90\lib\net462\ICSharpCode.AvalonEdit.dll [C:\Users\ultra\warewolf\Dev\Dev2.Studio.Core.Tests\Dev2.Studio.Core.Tests.csproj]
C:\Program Files\dotnet\sdk\10.0.201\Microsoft.Common.CurrentVersion.targets(2451,5): warning MSB3277:           Project file item includes which caused reference "C:\Users\ultra\.nuget\packages\avalonedit\6.3.0.90\lib\net462\ICSharpCode.AvalonEdit.dll". [C:\Users\ultra\warewolf\Dev\Dev2.Studio.Core.Tests\Dev2.Studio.Core.Tests.csproj]
C:\Program Files\dotnet\sdk\10.0.201\Microsoft.Common.CurrentVersion.targets(2451,5): warning MSB3277:             C:\Users\ultra\.nuget\packages\avalonedit\6.3.0.90\lib\net462\ICSharpCode.AvalonEdit.dll [C:\Users\ultra\warewolf\Dev\Dev2.Studio.Core.Tests\Dev2.Studio.Core.Tests.csproj]
C:\Program Files\dotnet\sdk\10.0.201\Microsoft.Common.CurrentVersion.targets(2451,5): warning MSB3277:         C:\Users\ultra\.nuget\packages\caliburn.micro\4.0.212\lib\netcoreapp3.1\Caliburn.Micro.Platform.dll [C:\Users\ultra\warewolf\Dev\Dev2.Studio.Core.Tests\Dev2.Studio.Core.Tests.csproj]
C:\Program Files\dotnet\sdk\10.0.201\Microsoft.Common.CurrentVersion.targets(2451,5): warning MSB3277:           Project file item includes which caused reference "C:\Users\ultra\.nuget\packages\caliburn.micro\4.0.212\lib\netcoreapp3.1\Caliburn.Micro.Platform.dll". [C:\Users\ultra\warewolf\Dev\Dev2.Studio.Core.Tests\Dev2.Studio.Core.Tests.csproj]
C:\Program Files\dotnet\sdk\10.0.201\Microsoft.Common.CurrentVersion.targets(2451,5): warning MSB3277:             C:\Users\ultra\.nuget\packages\caliburn.micro\4.0.212\lib\netcoreapp3.1\Caliburn.Micro.Platform.dll [C:\Users\ultra\warewolf\Dev\Dev2.Studio.Core.Tests\Dev2.Studio.Core.Tests.csproj]
C:\Program Files\dotnet\sdk\10.0.201\Microsoft.Common.CurrentVersion.targets(2451,5): warning MSB3277:         C:\Users\ultra\.nuget\packages\extended.wpf.toolkit\4.4.0\lib\net5.0\Xceed.Wpf.AvalonDock.NET5.dll [C:\Users\ultra\warewolf\Dev\Dev2.Studio.Core.Tests\Dev2.Studio.Core.Tests.csproj]
C:\Program Files\dotnet\sdk\10.0.201\Microsoft.Common.CurrentVersion.targets(2451,5): warning MSB3277:           Project file item includes which caused reference "C:\Users\ultra\.nuget\packages\extended.wpf.toolkit\4.4.0\lib\net5.0\Xceed.Wpf.AvalonDock.NET5.dll". [C:\Users\ultra\warewolf\Dev\Dev2.Studio.Core.Tests\Dev2.Studio.Core.Tests.csproj]
C:\Program Files\dotnet\sdk\10.0.201\Microsoft.Common.CurrentVersion.targets(2451,5): warning MSB3277:             C:\Users\ultra\.nuget\packages\extended.wpf.toolkit\4.4.0\lib\net5.0\Xceed.Wpf.AvalonDock.NET5.dll [C:\Users\ultra\warewolf\Dev\Dev2.Studio.Core.Tests\Dev2.Studio.Core.Tests.csproj]
C:\Program Files\dotnet\sdk\10.0.201\Microsoft.Common.CurrentVersion.targets(2451,5): warning MSB3277:             C:\Users\ultra\.nuget\packages\extended.wpf.toolkit\4.4.0\lib\net5.0\Xceed.Wpf.AvalonDock.Themes.Aero.NET5.dll [C:\Users\ultra\warewolf\Dev\Dev2.Studio.Core.Tests\Dev2.Studio.Core.Tests.csproj]
C:\Program Files\dotnet\sdk\10.0.201\Microsoft.Common.CurrentVersion.targets(2451,5): warning MSB3277:             C:\Users\ultra\.nuget\packages\extended.wpf.toolkit\4.4.0\lib\net5.0\Xceed.Wpf.AvalonDock.Themes.Metro.NET5.dll [C:\Users\ultra\warewolf\Dev\Dev2.Studio.Core.Tests\Dev2.Studio.Core.Tests.csproj]
C:\Program Files\dotnet\sdk\10.0.201\Microsoft.Common.CurrentVersion.targets(2451,5): warning MSB3277:             C:\Users\ultra\.nuget\packages\extended.wpf.toolkit\4.4.0\lib\net5.0\Xceed.Wpf.AvalonDock.Themes.VS2010.NET5.dll [C:\Users\ultra\warewolf\Dev\Dev2.Studio.Core.Tests\Dev2.Studio.Core.Tests.csproj]
C:\Program Files\dotnet\sdk\10.0.201\Microsoft.Common.CurrentVersion.targets(2451,5): warning MSB3277:         C:\Users\ultra\.nuget\packages\extended.wpf.toolkit\4.4.0\lib\net5.0\Xceed.Wpf.AvalonDock.Themes.Aero.NET5.dll [C:\Users\ultra\warewolf\Dev\Dev2.Studio.Core.Tests\Dev2.Studio.Core.Tests.csproj]
C:\Program Files\dotnet\sdk\10.0.201\Microsoft.Common.CurrentVersion.targets(2451,5): warning MSB3277:           Project file item includes which caused reference "C:\Users\ultra\.nuget\packages\extended.wpf.toolkit\4.4.0\lib\net5.0\Xceed.Wpf.AvalonDock.Themes.Aero.NET5.dll". [C:\Users\ultra\warewolf\Dev\Dev2.Studio.Core.Tests\Dev2.Studio.Core.Tests.csproj]
C:\Program Files\dotnet\sdk\10.0.201\Microsoft.Common.CurrentVersion.targets(2451,5): warning MSB3277:             C:\Users\ultra\.nuget\packages\extended.wpf.toolkit\4.4.0\lib\net5.0\Xceed.Wpf.AvalonDock.Themes.Aero.NET5.dll [C:\Users\ultra\warewolf\Dev\Dev2.Studio.Core.Tests\Dev2.Studio.Core.Tests.csproj]
C:\Program Files\dotnet\sdk\10.0.201\Microsoft.Common.CurrentVersion.targets(2451,5): warning MSB3277:         C:\Users\ultra\.nuget\packages\extended.wpf.toolkit\4.4.0\lib\net5.0\Xceed.Wpf.Toolkit.NET5.dll [C:\Users\ultra\warewolf\Dev\Dev2.Studio.Core.Tests\Dev2.Studio.Core.Tests.csproj]
C:\Program Files\dotnet\sdk\10.0.201\Microsoft.Common.CurrentVersion.targets(2451,5): warning MSB3277:           Project file item includes which caused reference "C:\Users\ultra\.nuget\packages\extended.wpf.toolkit\4.4.0\lib\net5.0\Xceed.Wpf.Toolkit.NET5.dll". [C:\Users\ultra\warewolf\Dev\Dev2.Studio.Core.Tests\Dev2.Studio.Core.Tests.csproj]
C:\Program Files\dotnet\sdk\10.0.201\Microsoft.Common.CurrentVersion.targets(2451,5): warning MSB3277:             C:\Users\ultra\.nuget\packages\extended.wpf.toolkit\4.4.0\lib\net5.0\Xceed.Wpf.Toolkit.NET5.dll [C:\Users\ultra\warewolf\Dev\Dev2.Studio.Core.Tests\Dev2.Studio.Core.Tests.csproj]
C:\Program Files\dotnet\sdk\10.0.201\Microsoft.Common.CurrentVersion.targets(2451,5): warning MSB3277:         C:\Users\ultra\.nuget\packages\fontawesome.wpf\4.7.0.9\lib\net40\FontAwesome.WPF.dll [C:\Users\ultra\warewolf\Dev\Dev2.Studio.Core.Tests\Dev2.Studio.Core.Tests.csproj]
C:\Program Files\dotnet\sdk\10.0.201\Microsoft.Common.CurrentVersion.targets(2451,5): warning MSB3277:           Project file item includes which caused reference "C:\Users\ultra\.nuget\packages\fontawesome.wpf\4.7.0.9\lib\net40\FontAwesome.WPF.dll". [C:\Users\ultra\warewolf\Dev\Dev2.Studio.Core.Tests\Dev2.Studio.Core.Tests.csproj]
C:\Program Files\dotnet\sdk\10.0.201\Microsoft.Common.CurrentVersion.targets(2451,5): warning MSB3277:             C:\Users\ultra\.nuget\packages\fontawesome.wpf\4.7.0.9\lib\net40\FontAwesome.WPF.dll [C:\Users\ultra\warewolf\Dev\Dev2.Studio.Core.Tests\Dev2.Studio.Core.Tests.csproj]
C:\Program Files\dotnet\sdk\10.0.201\Microsoft.Common.CurrentVersion.targets(2451,5): warning MSB3277:         C:\Users\ultra\.nuget\packages\ironpython\3.4.0\lib\net6.0\IronPython.Wpf.dll [C:\Users\ultra\warewolf\Dev\Dev2.Studio.Core.Tests\Dev2.Studio.Core.Tests.csproj]
C:\Program Files\dotnet\sdk\10.0.201\Microsoft.Common.CurrentVersion.targets(2451,5): warning MSB3277:           Project file item includes which caused reference "C:\Users\ultra\.nuget\packages\ironpython\3.4.0\lib\net6.0\IronPython.Wpf.dll". [C:\Users\ultra\warewolf\Dev\Dev2.Studio.Core.Tests\Dev2.Studio.Core.Tests.csproj]
C:\Program Files\dotnet\sdk\10.0.201\Microsoft.Common.CurrentVersion.targets(2451,5): warning MSB3277:             C:\Users\ultra\.nuget\packages\ironpython\3.4.0\lib\net6.0\IronPython.Wpf.dll [C:\Users\ultra\warewolf\Dev\Dev2.Studio.Core.Tests\Dev2.Studio.Core.Tests.csproj]
C:\Program Files\dotnet\sdk\10.0.201\Microsoft.Common.CurrentVersion.targets(2451,5): warning MSB3277:         C:\Users\ultra\.nuget\packages\microsoft.xaml.behaviors.wpf\1.1.122\lib\net462\Microsoft.Xaml.Behaviors.dll [C:\Users\ultra\warewolf\Dev\Dev2.Studio.Core.Tests\Dev2.Studio.Core.Tests.csproj]
C:\Program Files\dotnet\sdk\10.0.201\Microsoft.Common.CurrentVersion.targets(2451,5): warning MSB3277:           Project file item includes which caused reference "C:\Users\ultra\.nuget\packages\microsoft.xaml.behaviors.wpf\1.1.122\lib\net462\Microsoft.Xaml.Behaviors.dll". [C:\Users\ultra\warewolf\Dev\Dev2.Studio.Core.Tests\Dev2.Studio.Core.Tests.csproj]
C:\Program Files\dotnet\sdk\10.0.201\Microsoft.Common.CurrentVersion.targets(2451,5): warning MSB3277:             C:\Users\ultra\.nuget\packages\microsoft.xaml.behaviors.wpf\1.1.122\lib\net462\Microsoft.Xaml.Behaviors.dll [C:\Users\ultra\warewolf\Dev\Dev2.Studio.Core.Tests\Dev2.Studio.Core.Tests.csproj]
C:\Program Files\dotnet\sdk\10.0.201\Microsoft.Common.CurrentVersion.targets(2451,5): warning MSB3277:             C:\Users\ultra\.nuget\packages\caliburn.micro\4.0.212\lib\netcoreapp3.1\Caliburn.Micro.Platform.dll [C:\Users\ultra\warewolf\Dev\Dev2.Studio.Core.Tests\Dev2.Studio.Core.Tests.csproj]
C:\Program Files\dotnet\sdk\10.0.201\Microsoft.Common.CurrentVersion.targets(2451,5): warning MSB3277:             C:\Users\ultra\.nuget\packages\prism.wpf\9.0.537\lib\net462\Prism.Wpf.dll [C:\Users\ultra\warewolf\Dev\Dev2.Studio.Core.Tests\Dev2.Studio.Core.Tests.csproj]
C:\Program Files\dotnet\sdk\10.0.201\Microsoft.Common.CurrentVersion.targets(2451,5): warning MSB3277:         C:\Users\ultra\.nuget\packages\prism.composition\5.0.0\lib\NET45\Microsoft.Practices.Prism.Composition.dll [C:\Users\ultra\warewolf\Dev\Dev2.Studio.Core.Tests\Dev2.Studio.Core.Tests.csproj]
C:\Program Files\dotnet\sdk\10.0.201\Microsoft.Common.CurrentVersion.targets(2451,5): warning MSB3277:           Project file item includes which caused reference "C:\Users\ultra\.nuget\packages\prism.composition\5.0.0\lib\NET45\Microsoft.Practices.Prism.Composition.dll". [C:\Users\ultra\warewolf\Dev\Dev2.Studio.Core.Tests\Dev2.Studio.Core.Tests.csproj]
C:\Program Files\dotnet\sdk\10.0.201\Microsoft.Common.CurrentVersion.targets(2451,5): warning MSB3277:             C:\Users\ultra\.nuget\packages\prism.composition\5.0.0\lib\NET45\Microsoft.Practices.Prism.Composition.dll [C:\Users\ultra\warewolf\Dev\Dev2.Studio.Core.Tests\Dev2.Studio.Core.Tests.csproj]
C:\Program Files\dotnet\sdk\10.0.201\Microsoft.Common.CurrentVersion.targets(2451,5): warning MSB3277:             C:\Users\ultra\.nuget\packages\prism.unityextensions\5.0.1\lib\NET45\Microsoft.Practices.Prism.UnityExtensions.dll [C:\Users\ultra\warewolf\Dev\Dev2.Studio.Core.Tests\Dev2.Studio.Core.Tests.csproj]
C:\Program Files\dotnet\sdk\10.0.201\Microsoft.Common.CurrentVersion.targets(2451,5): warning MSB3277:         C:\Users\ultra\.nuget\packages\prism.interactivity\5.0.0\lib\NET45\Microsoft.Practices.Prism.Interactivity.dll [C:\Users\ultra\warewolf\Dev\Dev2.Studio.Core.Tests\Dev2.Studio.Core.Tests.csproj]
C:\Program Files\dotnet\sdk\10.0.201\Microsoft.Common.CurrentVersion.targets(2451,5): warning MSB3277:           Project file item includes which caused reference "C:\Users\ultra\.nuget\packages\prism.interactivity\5.0.0\lib\NET45\Microsoft.Practices.Prism.Interactivity.dll". [C:\Users\ultra\warewolf\Dev\Dev2.Studio.Core.Tests\Dev2.Studio.Core.Tests.csproj]
C:\Program Files\dotnet\sdk\10.0.201\Microsoft.Common.CurrentVersion.targets(2451,5): warning MSB3277:             C:\Users\ultra\.nuget\packages\prism.interactivity\5.0.0\lib\NET45\Microsoft.Practices.Prism.Interactivity.dll [C:\Users\ultra\warewolf\Dev\Dev2.Studio.Core.Tests\Dev2.Studio.Core.Tests.csproj]
C:\Program Files\dotnet\sdk\10.0.201\Microsoft.Common.CurrentVersion.targets(2451,5): warning MSB3277:         C:\Users\ultra\.nuget\packages\prism.mvvm\1.0.0\lib\net45\Microsoft.Practices.Prism.Mvvm.Desktop.dll [C:\Users\ultra\warewolf\Dev\Dev2.Studio.Core.Tests\Dev2.Studio.Core.Tests.csproj]
C:\Program Files\dotnet\sdk\10.0.201\Microsoft.Common.CurrentVersion.targets(2451,5): warning MSB3277:           Project file item includes which caused reference "C:\Users\ultra\.nuget\packages\prism.mvvm\1.0.0\lib\net45\Microsoft.Practices.Prism.Mvvm.Desktop.dll". [C:\Users\ultra\warewolf\Dev\Dev2.Studio.Core.Tests\Dev2.Studio.Core.Tests.csproj]
C:\Program Files\dotnet\sdk\10.0.201\Microsoft.Common.CurrentVersion.targets(2451,5): warning MSB3277:             C:\Users\ultra\.nuget\packages\prism.mvvm\1.0.0\lib\net45\Microsoft.Practices.Prism.Mvvm.Desktop.dll [C:\Users\ultra\warewolf\Dev\Dev2.Studio.Core.Tests\Dev2.Studio.Core.Tests.csproj]
C:\Program Files\dotnet\sdk\10.0.201\Microsoft.Common.CurrentVersion.targets(2451,5): warning MSB3277:         C:\Users\ultra\.nuget\packages\prism.unityextensions\5.0.1\lib\NET45\Microsoft.Practices.Prism.UnityExtensions.dll [C:\Users\ultra\warewolf\Dev\Dev2.Studio.Core.Tests\Dev2.Studio.Core.Tests.csproj]
C:\Program Files\dotnet\sdk\10.0.201\Microsoft.Common.CurrentVersion.targets(2451,5): warning MSB3277:           Project file item includes which caused reference "C:\Users\ultra\.nuget\packages\prism.unityextensions\5.0.1\lib\NET45\Microsoft.Practices.Prism.UnityExtensions.dll". [C:\Users\ultra\warewolf\Dev\Dev2.Studio.Core.Tests\Dev2.Studio.Core.Tests.csproj]
C:\Program Files\dotnet\sdk\10.0.201\Microsoft.Common.CurrentVersion.targets(2451,5): warning MSB3277:             C:\Users\ultra\.nuget\packages\prism.unityextensions\5.0.1\lib\NET45\Microsoft.Practices.Prism.UnityExtensions.dll [C:\Users\ultra\warewolf\Dev\Dev2.Studio.Core.Tests\Dev2.Studio.Core.Tests.csproj]
C:\Program Files\dotnet\sdk\10.0.201\Microsoft.Common.CurrentVersion.targets(2451,5): warning MSB3277:         C:\Users\ultra\.nuget\packages\prism.wpf\9.0.537\lib\net462\Prism.Wpf.dll [C:\Users\ultra\warewolf\Dev\Dev2.Studio.Core.Tests\Dev2.Studio.Core.Tests.csproj]
C:\Program Files\dotnet\sdk\10.0.201\Microsoft.Common.CurrentVersion.targets(2451,5): warning MSB3277:           Project file item includes which caused reference "C:\Users\ultra\.nuget\packages\prism.wpf\9.0.537\lib\net462\Prism.Wpf.dll". [C:\Users\ultra\warewolf\Dev\Dev2.Studio.Core.Tests\Dev2.Studio.Core.Tests.csproj]
C:\Program Files\dotnet\sdk\10.0.201\Microsoft.Common.CurrentVersion.targets(2451,5): warning MSB3277:             C:\Users\ultra\.nuget\packages\prism.wpf\9.0.537\lib\net462\Prism.Wpf.dll [C:\Users\ultra\warewolf\Dev\Dev2.Studio.Core.Tests\Dev2.Studio.Core.Tests.csproj]
C:\Program Files\dotnet\sdk\10.0.201\Microsoft.Common.CurrentVersion.targets(2451,5): warning MSB3277:         C:\Users\ultra\.nuget\packages\reactiveui.wpf\18.4.1\lib\net462\ReactiveUI.Wpf.dll [C:\Users\ultra\warewolf\Dev\Dev2.Studio.Core.Tests\Dev2.Studio.Core.Tests.csproj]
C:\Program Files\dotnet\sdk\10.0.201\Microsoft.Common.CurrentVersion.targets(2451,5): warning MSB3277:           Project file item includes which caused reference "C:\Users\ultra\.nuget\packages\reactiveui.wpf\18.4.1\lib\net462\ReactiveUI.Wpf.dll". [C:\Users\ultra\warewolf\Dev\Dev2.Studio.Core.Tests\Dev2.Studio.Core.Tests.csproj]
C:\Program Files\dotnet\sdk\10.0.201\Microsoft.Common.CurrentVersion.targets(2451,5): warning MSB3277:             C:\Users\ultra\.nuget\packages\reactiveui.wpf\18.4.1\lib\net462\ReactiveUI.Wpf.dll [C:\Users\ultra\warewolf\Dev\Dev2.Studio.Core.Tests\Dev2.Studio.Core.Tests.csproj]
C:\Program Files\dotnet\sdk\10.0.201\Microsoft.Common.CurrentVersion.targets(2451,5): warning MSB3277:         C:\Users\ultra\warewolf\Dev\Binaries\Infragistcs_Net6\InfragisticsWPF4.Editors.v15.1.dll [C:\Users\ultra\warewolf\Dev\Dev2.Studio.Core.Tests\Dev2.Studio.Core.Tests.csproj]
C:\Program Files\dotnet\sdk\10.0.201\Microsoft.Common.CurrentVersion.targets(2451,5): warning MSB3277:           Project file item includes which caused reference "C:\Users\ultra\warewolf\Dev\Binaries\Infragistcs_Net6\InfragisticsWPF4.Editors.v15.1.dll". [C:\Users\ultra\warewolf\Dev\Dev2.Studio.Core.Tests\Dev2.Studio.Core.Tests.csproj]
C:\Program Files\dotnet\sdk\10.0.201\Microsoft.Common.CurrentVersion.targets(2451,5): warning MSB3277:             InfragisticsWPF4.DataPresenter.v15.1 [C:\Users\ultra\warewolf\Dev\Dev2.Studio.Core.Tests\Dev2.Studio.Core.Tests.csproj]
C:\Program Files\dotnet\sdk\10.0.201\Microsoft.Common.CurrentVersion.targets(2451,5): warning MSB3277: Found conflicts between different versions of "System.Drawing.Common" that could not be resolved. [C:\Users\ultra\warewolf\Dev\Dev2.Studio.Core.Tests\Dev2.Studio.Core.Tests.csproj]
C:\Program Files\dotnet\sdk\10.0.201\Microsoft.Common.CurrentVersion.targets(2451,5): warning MSB3277: There was a conflict between "System.Drawing.Common, Version=6.0.0.0, Culture=neutral, PublicKeyToken=cc7b13ffcd2ddd51" and "System.Drawing.Common, Version=8.0.0.0, Culture=neutral, PublicKeyToken=cc7b13ffcd2ddd51". [C:\Users\ultra\warewolf\Dev\Dev2.Studio.Core.Tests\Dev2.Studio.Core.Tests.csproj]
C:\Program Files\dotnet\sdk\10.0.201\Microsoft.Common.CurrentVersion.targets(2451,5): warning MSB3277:     "System.Drawing.Common, Version=6.0.0.0, Culture=neutral, PublicKeyToken=cc7b13ffcd2ddd51" was chosen because it was primary and "System.Drawing.Common, Version=8.0.0.0, Culture=neutral, PublicKeyToken=cc7b13ffcd2ddd51" was not. [C:\Users\ultra\warewolf\Dev\Dev2.Studio.Core.Tests\Dev2.Studio.Core.Tests.csproj]
C:\Program Files\dotnet\sdk\10.0.201\Microsoft.Common.CurrentVersion.targets(2451,5): warning MSB3277:     References which depend on "System.Drawing.Common, Version=6.0.0.0, Culture=neutral, PublicKeyToken=cc7b13ffcd2ddd51" [C:\Users\ultra\.nuget\packages\system.drawing.common\6.0.0\lib\net6.0\System.Drawing.Common.dll]. [C:\Users\ultra\warewolf\Dev\Dev2.Studio.Core.Tests\Dev2.Studio.Core.Tests.csproj]
C:\Program Files\dotnet\sdk\10.0.201\Microsoft.Common.CurrentVersion.targets(2451,5): warning MSB3277:         C:\Users\ultra\.nuget\packages\system.drawing.common\6.0.0\lib\net6.0\System.Drawing.Common.dll [C:\Users\ultra\warewolf\Dev\Dev2.Studio.Core.Tests\Dev2.Studio.Core.Tests.csproj]
C:\Program Files\dotnet\sdk\10.0.201\Microsoft.Common.CurrentVersion.targets(2451,5): warning MSB3277:           Project file item includes which caused reference "C:\Users\ultra\.nuget\packages\system.drawing.common\6.0.0\lib\net6.0\System.Drawing.Common.dll". [C:\Users\ultra\warewolf\Dev\Dev2.Studio.Core.Tests\Dev2.Studio.Core.Tests.csproj]
C:\Program Files\dotnet\sdk\10.0.201\Microsoft.Common.CurrentVersion.targets(2451,5): warning MSB3277:             C:\Users\ultra\.nuget\packages\system.drawing.common\6.0.0\lib\net6.0\System.Drawing.Common.dll [C:\Users\ultra\warewolf\Dev\Dev2.Studio.Core.Tests\Dev2.Studio.Core.Tests.csproj]
C:\Program Files\dotnet\sdk\10.0.201\Microsoft.Common.CurrentVersion.targets(2451,5): warning MSB3277:     References which depend on or have been unified to "System.Drawing.Common, Version=8.0.0.0, Culture=neutral, PublicKeyToken=cc7b13ffcd2ddd51" []. [C:\Users\ultra\warewolf\Dev\Dev2.Studio.Core.Tests\Dev2.Studio.Core.Tests.csproj]
C:\Program Files\dotnet\sdk\10.0.201\Microsoft.Common.CurrentVersion.targets(2451,5): warning MSB3277:         C:\Users\ultra\.nuget\packages\servicestack\6.3.0\lib\net6.0\ServiceStack.dll [C:\Users\ultra\warewolf\Dev\Dev2.Studio.Core.Tests\Dev2.Studio.Core.Tests.csproj]
C:\Program Files\dotnet\sdk\10.0.201\Microsoft.Common.CurrentVersion.targets(2451,5): warning MSB3277:           Project file item includes which caused reference "C:\Users\ultra\.nuget\packages\servicestack\6.3.0\lib\net6.0\ServiceStack.dll". [C:\Users\ultra\warewolf\Dev\Dev2.Studio.Core.Tests\Dev2.Studio.Core.Tests.csproj]
C:\Program Files\dotnet\sdk\10.0.201\Microsoft.Common.CurrentVersion.targets(2451,5): warning MSB3277:             C:\Users\ultra\.nuget\packages\servicestack\6.3.0\lib\net6.0\ServiceStack.dll [C:\Users\ultra\warewolf\Dev\Dev2.Studio.Core.Tests\Dev2.Studio.Core.Tests.csproj]
C:\Program Files\dotnet\sdk\10.0.201\Microsoft.Common.CurrentVersion.targets(2451,5): warning MSB3277:         C:\Users\ultra\.nuget\packages\system.windows.extensions\8.0.0\lib\net8.0\System.Windows.Extensions.dll [C:\Users\ultra\warewolf\Dev\Dev2.Studio.Core.Tests\Dev2.Studio.Core.Tests.csproj]
C:\Program Files\dotnet\sdk\10.0.201\Microsoft.Common.CurrentVersion.targets(2451,5): warning MSB3277:           Project file item includes which caused reference "C:\Users\ultra\.nuget\packages\system.windows.extensions\8.0.0\lib\net8.0\System.Windows.Extensions.dll". [C:\Users\ultra\warewolf\Dev\Dev2.Studio.Core.Tests\Dev2.Studio.Core.Tests.csproj]
C:\Program Files\dotnet\sdk\10.0.201\Microsoft.Common.CurrentVersion.targets(2451,5): warning MSB3277:             C:\Users\ultra\.nuget\packages\system.windows.extensions\8.0.0\lib\net8.0\System.Windows.Extensions.dll [C:\Users\ultra\warewolf\Dev\Dev2.Studio.Core.Tests\Dev2.Studio.Core.Tests.csproj]
C:\Program Files\dotnet\sdk\10.0.201\Microsoft.Common.CurrentVersion.targets(2451,5): warning MSB3277:             C:\Users\ultra\.nuget\packages\extended.wpf.toolkit\4.4.0\lib\net5.0\Xceed.Wpf.Toolkit.NET5.dll [C:\Users\ultra\warewolf\Dev\Dev2.Studio.Core.Tests\Dev2.Studio.Core.Tests.csproj]
C:\Program Files\dotnet\sdk\10.0.201\Microsoft.Common.CurrentVersion.targets(2451,5): warning MSB3277:             C:\Users\ultra\.nuget\packages\system.security.permissions\8.0.0\lib\net8.0\System.Security.Permissions.dll [C:\Users\ultra\warewolf\Dev\Dev2.Studio.Core.Tests\Dev2.Studio.Core.Tests.csproj]
C:\Program Files\dotnet\sdk\10.0.201\Microsoft.Common.CurrentVersion.targets(2451,5): warning MSB3277:             C:\Users\ultra\warewolf\Dev\Dev2.Data\bin\Debug\net8.0\Dev2.Data.dll [C:\Users\ultra\warewolf\Dev\Dev2.Studio.Core.Tests\Dev2.Studio.Core.Tests.csproj]
C:\Program Files\dotnet\sdk\10.0.201\Microsoft.Common.CurrentVersion.targets(2451,5): warning MSB3277:             C:\Users\ultra\warewolf\Dev\Dev2.Diagnostics.Tests\bin\Debug\net8.0\Dev2.Diagnostics.Tests.dll [C:\Users\ultra\warewolf\Dev\Dev2.Studio.Core.Tests\Dev2.Studio.Core.Tests.csproj]
C:\Program Files\dotnet\sdk\10.0.201\Microsoft.Common.CurrentVersion.targets(2451,5): warning MSB3277:             C:\Users\ultra\warewolf\Dev\Dev2.Infrastructure.Tests\bin\Debug\net8.0\Dev2.Infrastructure.Tests.dll [C:\Users\ultra\warewolf\Dev\Dev2.Studio.Core.Tests\Dev2.Studio.Core.Tests.csproj]
C:\Program Files\dotnet\sdk\10.0.201\Microsoft.Common.CurrentVersion.targets(2451,5): warning MSB3277:             C:\Users\ultra\warewolf\Dev\Dev2.Intellisense\bin\Debug\net8.0\Dev2.Intellisense.dll [C:\Users\ultra\warewolf\Dev\Dev2.Studio.Core.Tests\Dev2.Studio.Core.Tests.csproj]
C:\Program Files\dotnet\sdk\10.0.201\Microsoft.Common.CurrentVersion.targets(2451,5): warning MSB3277:             C:\Users\ultra\warewolf\Dev\Dev2.Runtime.Services\bin\Debug\net8.0\Dev2.Runtime.Services.dll [C:\Users\ultra\warewolf\Dev\Dev2.Studio.Core.Tests\Dev2.Studio.Core.Tests.csproj]
C:\Program Files\dotnet\sdk\10.0.201\Microsoft.Common.CurrentVersion.targets(2451,5): warning MSB3277:             C:\Users\ultra\warewolf\Dev\Dev2.Runtime\bin\Debug\net8.0\Dev2.Runtime.dll [C:\Users\ultra\warewolf\Dev\Dev2.Studio.Core.Tests\Dev2.Studio.Core.Tests.csproj]
C:\Program Files\dotnet\sdk\10.0.201\Microsoft.Common.CurrentVersion.targets(2451,5): warning MSB3277:             C:\Users\ultra\warewolf\Dev\Dev2.Scheduler\bin\Debug\net8.0\Dev2.Scheduler.dll [C:\Users\ultra\warewolf\Dev\Dev2.Studio.Core.Tests\Dev2.Studio.Core.Tests.csproj]
C:\Program Files\dotnet\sdk\10.0.201\Microsoft.Common.CurrentVersion.targets(2451,5): warning MSB3277:             C:\Users\ultra\warewolf\Dev\Dev2.Studio.Core\bin\Debug\net8.0\Dev2.Studio.Core.dll [C:\Users\ultra\warewolf\Dev\Dev2.Studio.Core.Tests\Dev2.Studio.Core.Tests.csproj]
C:\Program Files\dotnet\sdk\10.0.201\Microsoft.Common.CurrentVersion.targets(2451,5): warning MSB3277:             C:\Users\ultra\warewolf\Dev\Dev2.Studio.Interfaces\bin\Debug\net8.0\Dev2.Studio.Interfaces.dll [C:\Users\ultra\warewolf\Dev\Dev2.Studio.Core.Tests\Dev2.Studio.Core.Tests.csproj]
C:\Program Files\dotnet\sdk\10.0.201\Microsoft.Common.CurrentVersion.targets(2451,5): warning MSB3277:             C:\Users\ultra\warewolf\Dev\Dev2.Studio\bin\Debug\net8.0\Warewolf Studio.dll [C:\Users\ultra\warewolf\Dev\Dev2.Studio.Core.Tests\Dev2.Studio.Core.Tests.csproj]
C:\Program Files\dotnet\sdk\10.0.201\Microsoft.Common.CurrentVersion.targets(2451,5): warning MSB3277:             C:\Users\ultra\warewolf\Dev\Dev2.Activities\bin\Debug\net8.0\Dev2.Activities.dll [C:\Users\ultra\warewolf\Dev\Dev2.Studio.Core.Tests\Dev2.Studio.Core.Tests.csproj]
C:\Program Files\dotnet\sdk\10.0.201\Microsoft.Common.CurrentVersion.targets(2451,5): warning MSB3277:             C:\Users\ultra\warewolf\Dev\Dev2.Core\bin\Debug\net8.0\Dev2.Core.dll [C:\Users\ultra\warewolf\Dev\Dev2.Studio.Core.Tests\Dev2.Studio.Core.Tests.csproj]
C:\Program Files\dotnet\sdk\10.0.201\Microsoft.Common.CurrentVersion.targets(2451,5): warning MSB3277:             C:\Users\ultra\warewolf\Dev\Warewolf.Core\bin\Debug\net8.0\Warewolf.Core.dll [C:\Users\ultra\warewolf\Dev\Dev2.Studio.Core.Tests\Dev2.Studio.Core.Tests.csproj]
C:\Program Files\dotnet\sdk\10.0.201\Microsoft.Common.CurrentVersion.targets(2451,5): warning MSB3277:             C:\Users\ultra\warewolf\Dev\Warewolf.MergeParser.Tests\bin\Debug\net8.0\Warewolf.MergeParser.Tests.dll [C:\Users\ultra\warewolf\Dev\Dev2.Studio.Core.Tests\Dev2.Studio.Core.Tests.csproj]
C:\Program Files\dotnet\sdk\10.0.201\Microsoft.Common.CurrentVersion.targets(2451,5): warning MSB3277:             C:\Users\ultra\warewolf\Dev\Warewolf.Studio.Core\bin\Debug\net8.0\Warewolf.Studio.Core.dll [C:\Users\ultra\warewolf\Dev\Dev2.Studio.Core.Tests\Dev2.Studio.Core.Tests.csproj]
C:\Program Files\dotnet\sdk\10.0.201\Microsoft.Common.CurrentVersion.targets(2451,5): warning MSB3277:             C:\Users\ultra\warewolf\Dev\Warewolf.Studio.ViewModels\bin\Debug\net8.0\Warewolf.Studio.ViewModels.dll [C:\Users\ultra\warewolf\Dev\Dev2.Studio.Core.Tests\Dev2.Studio.Core.Tests.csproj]
C:\Program Files\dotnet\sdk\10.0.201\Microsoft.Common.CurrentVersion.targets(2451,5): warning MSB3277:             C:\Users\ultra\warewolf\Dev\Warewolf.Testing\bin\Debug\net8.0\Warewolf.Testing.dll [C:\Users\ultra\warewolf\Dev\Dev2.Studio.Core.Tests\Dev2.Studio.Core.Tests.csproj]
C:\Program Files\dotnet\sdk\10.0.201\Microsoft.Common.CurrentVersion.targets(2451,5): warning MSB3277:             C:\Users\ultra\warewolf\Dev\Warewolf.Trigger.Queue\bin\Debug\net8.0\Warewolf.Trigger.Queue.dll [C:\Users\ultra\warewolf\Dev\Dev2.Studio.Core.Tests\Dev2.Studio.Core.Tests.csproj]
C:\Program Files\dotnet\sdk\10.0.201\Microsoft.Common.CurrentVersion.targets(2451,5): warning MSB3277:             C:\Users\ultra\warewolf\Dev\Warewolf.UI\bin\Debug\net8.0\Warewolf.UI.dll [C:\Users\ultra\warewolf\Dev\Dev2.Studio.Core.Tests\Dev2.Studio.Core.Tests.csproj]
C:\Program Files\dotnet\sdk\10.0.201\Microsoft.Common.CurrentVersion.targets(2451,5): warning MSB3277:             C:\Users\ultra\warewolf\Dev\Dev2.Runtime.WebServer\bin\Debug\net8.0\Dev2.Runtime.WebServer.dll [C:\Users\ultra\warewolf\Dev\Dev2.Studio.Core.Tests\Dev2.Studio.Core.Tests.csproj]
C:\Program Files\dotnet\sdk\10.0.201\Microsoft.Common.CurrentVersion.targets(2451,5): warning MSB3277:             C:\Users\ultra\warewolf\Dev\Dev2.Services.Execution\bin\Debug\net8.0\Dev2.Services.Execution.dll [C:\Users\ultra\warewolf\Dev\Dev2.Studio.Core.Tests\Dev2.Studio.Core.Tests.csproj]
C:\Program Files\dotnet\sdk\10.0.201\Microsoft.Common.CurrentVersion.targets(2451,5): warning MSB3277:             C:\Users\ultra\warewolf\Dev\Warewolf.HangfireServer\bin\Debug\net8.0\HangfireServer.dll [C:\Users\ultra\warewolf\Dev\Dev2.Studio.Core.Tests\Dev2.Studio.Core.Tests.csproj]
C:\Program Files\dotnet\sdk\10.0.201\Microsoft.Common.CurrentVersion.targets(2451,5): warning MSB3277:             C:\Users\ultra\warewolf\Dev\Warewolf.QueueWorker\bin\Debug\net8.0\QueueWorker.dll [C:\Users\ultra\warewolf\Dev\Dev2.Studio.Core.Tests\Dev2.Studio.Core.Tests.csproj]
C:\Program Files\dotnet\sdk\10.0.201\Microsoft.Common.CurrentVersion.targets(2451,5): warning MSB3277:             C:\Users\ultra\warewolf\Dev\Dev2.Server\bin\Debug\net8.0\Warewolf Server.dll [C:\Users\ultra\warewolf\Dev\Dev2.Studio.Core.Tests\Dev2.Studio.Core.Tests.csproj]
C:\Program Files\dotnet\sdk\10.0.201\Microsoft.Common.CurrentVersion.targets(2451,5): warning MSB3277:             C:\Users\ultra\warewolf\Dev\Warewolf.Auditing\bin\Debug\net8.0\Warewolf.Auditing.dll [C:\Users\ultra\warewolf\Dev\Dev2.Studio.Core.Tests\Dev2.Studio.Core.Tests.csproj]
C:\Program Files\dotnet\sdk\10.0.201\Microsoft.Common.CurrentVersion.targets(2451,5): warning MSB3277:             C:\Users\ultra\warewolf\Dev\Warewolf.Common.Framework48\bin\Debug\net8.0\Warewolf.Common.Framework48.dll [C:\Users\ultra\warewolf\Dev\Dev2.Studio.Core.Tests\Dev2.Studio.Core.Tests.csproj]
C:\Program Files\dotnet\sdk\10.0.201\Microsoft.Common.CurrentVersion.targets(2451,5): warning MSB3277:             C:\Users\ultra\warewolf\Dev\Warewolf.Common.NetStandard20\bin\Debug\net8.0\Warewolf.Common.NetStandard20.dll [C:\Users\ultra\warewolf\Dev\Dev2.Studio.Core.Tests\Dev2.Studio.Core.Tests.csproj]
C:\Program Files\dotnet\sdk\10.0.201\Microsoft.Common.CurrentVersion.targets(2451,5): warning MSB3277:             C:\Users\ultra\warewolf\Dev\Warewolf.Driver.Persistence\bin\Debug\net8.0\Warewolf.Driver.Persistence.dll [C:\Users\ultra\warewolf\Dev\Dev2.Studio.Core.Tests\Dev2.Studio.Core.Tests.csproj]
C:\Program Files\dotnet\sdk\10.0.201\Microsoft.Common.CurrentVersion.targets(2451,5): warning MSB3277:             C:\Users\ultra\warewolf\Dev\Warewolf.Exchange.Email.Wrapper\bin\Debug\net8.0\Warewolf.Exchange.Email.Wrapper.dll [C:\Users\ultra\warewolf\Dev\Dev2.Studio.Core.Tests\Dev2.Studio.Core.Tests.csproj]
C:\Program Files\dotnet\sdk\10.0.201\Microsoft.Common.CurrentVersion.targets(2451,5): warning MSB3277:             C:\Users\ultra\warewolf\Dev\Warewolf.ResourceManagement\bin\Debug\net8.0\Warewolf.ResourceManagement.dll [C:\Users\ultra\warewolf\Dev\Dev2.Studio.Core.Tests\Dev2.Studio.Core.Tests.csproj]
C:\Program Files\dotnet\sdk\10.0.201\Microsoft.Common.CurrentVersion.targets(2451,5): warning MSB3277:             C:\Users\ultra\warewolf\Dev\Warewolf.Studio.CustomControls\bin\Debug\net8.0\Warewolf.Studio.CustomControls.dll [C:\Users\ultra\warewolf\Dev\Dev2.Studio.Core.Tests\Dev2.Studio.Core.Tests.csproj]
C:\Program Files\dotnet\sdk\10.0.201\Microsoft.Common.CurrentVersion.targets(2451,5): warning MSB3277:             C:\Users\ultra\warewolf\Dev\Warewolf.Studio.Models\bin\Debug\net8.0\Warewolf.Studio.Models.dll [C:\Users\ultra\warewolf\Dev\Dev2.Studio.Core.Tests\Dev2.Studio.Core.Tests.csproj]
C:\Program Files\dotnet\sdk\10.0.201\Microsoft.Common.CurrentVersion.targets(2451,5): warning MSB3277:             C:\Users\ultra\warewolf\Dev\Warewolf.Logger\bin\Debug\net8.0\WarewolfLogger.dll [C:\Users\ultra\warewolf\Dev\Dev2.Studio.Core.Tests\Dev2.Studio.Core.Tests.csproj]
C:\Program Files\dotnet\sdk\10.0.201\Microsoft.Common.CurrentVersion.targets(2451,5): warning MSB3277:             InfragisticsWPF4.DockManager.v15.1, Version=15.1.20151.2055, Culture=neutral, PublicKeyToken=7dd5c3163f2cd0cb, processorArchitecture=MSIL [C:\Users\ultra\warewolf\Dev\Dev2.Studio.Core.Tests\Dev2.Studio.Core.Tests.csproj]
C:\Program Files\dotnet\sdk\10.0.201\Microsoft.Common.CurrentVersion.targets(2451,5): warning MSB3277:             InfragisticsWPF4.v15.1, Version=15.1.20151.2055, Culture=neutral, PublicKeyToken=7dd5c3163f2cd0cb, processorArchitecture=MSIL [C:\Users\ultra\warewolf\Dev\Dev2.Studio.Core.Tests\Dev2.Studio.Core.Tests.csproj]
C:\Program Files\dotnet\sdk\10.0.201\Microsoft.Common.CurrentVersion.targets(2451,5): warning MSB3277:             InfragisticsWPF4.Controls.Interactions.XamDialogWindow.v15.1 [C:\Users\ultra\warewolf\Dev\Dev2.Studio.Core.Tests\Dev2.Studio.Core.Tests.csproj]
C:\Program Files\dotnet\sdk\10.0.201\Microsoft.Common.CurrentVersion.targets(2451,5): warning MSB3277:             InfragisticsWPF4.DataPresenter.v15.1 [C:\Users\ultra\warewolf\Dev\Dev2.Studio.Core.Tests\Dev2.Studio.Core.Tests.csproj]
C:\Program Files\dotnet\sdk\10.0.201\Microsoft.Common.CurrentVersion.targets(2451,5): warning MSB3277:             C:\Users\ultra\.nuget\packages\dotnetzip\1.16.0\lib\netstandard2.0\DotNetZip.dll [C:\Users\ultra\warewolf\Dev\Dev2.Studio.Core.Tests\Dev2.Studio.Core.Tests.csproj]
C:\Program Files\dotnet\sdk\10.0.201\Microsoft.Common.CurrentVersion.targets(2451,5): warning MSB3277:             C:\Users\ultra\warewolf\Dev\Dev2.Common\bin\Debug\net8.0\Dev2.Common.dll [C:\Users\ultra\warewolf\Dev\Dev2.Studio.Core.Tests\Dev2.Studio.Core.Tests.csproj]
C:\Program Files\dotnet\sdk\10.0.201\Microsoft.Common.CurrentVersion.targets(2451,5): warning MSB3277:             C:\Users\ultra\warewolf\Dev\Dev2.Data.Interfaces\bin\Debug\net8.0\Dev2.Data.Interfaces.dll [C:\Users\ultra\warewolf\Dev\Dev2.Studio.Core.Tests\Dev2.Studio.Core.Tests.csproj]
C:\Program Files\dotnet\sdk\10.0.201\Microsoft.Common.CurrentVersion.targets(2451,5): warning MSB3277:             C:\Users\ultra\warewolf\Dev\Dev2.Diagnostics\bin\Debug\net8.0\Dev2.Diagnostics.dll [C:\Users\ultra\warewolf\Dev\Dev2.Studio.Core.Tests\Dev2.Studio.Core.Tests.csproj]
C:\Program Files\dotnet\sdk\10.0.201\Microsoft.Common.CurrentVersion.targets(2451,5): warning MSB3277:             C:\Users\ultra\warewolf\Dev\Dev2.Infrastructure\bin\Debug\net8.0\Dev2.Infrastructure.dll [C:\Users\ultra\warewolf\Dev\Dev2.Studio.Core.Tests\Dev2.Studio.Core.Tests.csproj]
C:\Program Files\dotnet\sdk\10.0.201\Microsoft.Common.CurrentVersion.targets(2451,5): warning MSB3277:             C:\Users\ultra\warewolf\Dev\Dev2.TaskScheduler.Wrappers\bin\Debug\net8.0\Dev2.TaskScheduler.Wrappers.dll [C:\Users\ultra\warewolf\Dev\Dev2.Studio.Core.Tests\Dev2.Studio.Core.Tests.csproj]
C:\Program Files\dotnet\sdk\10.0.201\Microsoft.Common.CurrentVersion.targets(2451,5): warning MSB3277:             C:\Users\ultra\warewolf\Dev\Dev2.Util\bin\Debug\net8.0\Dev2.Util.dll [C:\Users\ultra\warewolf\Dev\Dev2.Studio.Core.Tests\Dev2.Studio.Core.Tests.csproj]
C:\Program Files\dotnet\sdk\10.0.201\Microsoft.Common.CurrentVersion.targets(2451,5): warning MSB3277:             C:\Users\ultra\warewolf\Dev\Dev2.Development.Languages\bin\Debug\net8.0\Dev2.Development.Languages.dll [C:\Users\ultra\warewolf\Dev\Dev2.Studio.Core.Tests\Dev2.Studio.Core.Tests.csproj]
C:\Program Files\dotnet\sdk\10.0.201\Microsoft.Common.CurrentVersion.targets(2451,5): warning MSB3277:             C:\Users\ultra\warewolf\Dev\Dev2.Services.Sql\bin\Debug\net8.0\Dev2.Services.Sql.dll [C:\Users\ultra\warewolf\Dev\Dev2.Studio.Core.Tests\Dev2.Studio.Core.Tests.csproj]
C:\Program Files\dotnet\sdk\10.0.201\Microsoft.Common.CurrentVersion.targets(2451,5): warning MSB3277:             C:\Users\ultra\warewolf\Dev\Warewolf.AI.Harness\bin\Debug\net8.0\Warewolf.AI.Harness.dll [C:\Users\ultra\warewolf\Dev\Dev2.Studio.Core.Tests\Dev2.Studio.Core.Tests.csproj]
C:\Program Files\dotnet\sdk\10.0.201\Microsoft.Common.CurrentVersion.targets(2451,5): warning MSB3277:             C:\Users\ultra\warewolf\Dev\Warewolf.Driver.Serilog\bin\Debug\net8.0\Warewolf.Driver.Serilog.dll [C:\Users\ultra\warewolf\Dev\Dev2.Studio.Core.Tests\Dev2.Studio.Core.Tests.csproj]
C:\Program Files\dotnet\sdk\10.0.201\Microsoft.Common.CurrentVersion.targets(2451,5): warning MSB3277:             C:\Users\ultra\warewolf\Dev\Warewolf.PerfMon\bin\Debug\net8.0\Warewolf.PerfMon.dll [C:\Users\ultra\warewolf\Dev\Dev2.Studio.Core.Tests\Dev2.Studio.Core.Tests.csproj]
C:\Program Files\dotnet\sdk\10.0.201\Microsoft.Common.CurrentVersion.targets(2451,5): warning MSB3277:             C:\Users\ultra\warewolf\Dev\Warewolf.Sharepoint\bin\Debug\net8.0\Warewolf.Sharepoint.dll [C:\Users\ultra\warewolf\Dev\Dev2.Studio.Core.Tests\Dev2.Studio.Core.Tests.csproj]
C:\Program Files\dotnet\sdk\10.0.201\Microsoft.Common.CurrentVersion.targets(2451,5): warning MSB3277:             C:\Users\ultra\warewolf\Dev\Warewolf.Storage\bin\Debug\net8.0\Warewolf.Storage.dll [C:\Users\ultra\warewolf\Dev\Dev2.Studio.Core.Tests\Dev2.Studio.Core.Tests.csproj]
C:\Program Files\dotnet\sdk\10.0.201\Microsoft.Common.CurrentVersion.targets(2451,5): warning MSB3277:             C:\Users\ultra\.nuget\packages\mindbox.data.linq\5.0.0\lib\netstandard2.0\Mindbox.Data.Linq.dll [C:\Users\ultra\warewolf\Dev\Dev2.Studio.Core.Tests\Dev2.Studio.Core.Tests.csproj]
C:\Program Files\dotnet\sdk\10.0.201\Microsoft.Common.CurrentVersion.targets(2451,5): warning MSB3277:             C:\Users\ultra\.nuget\packages\mysql.data\8.4.0\lib\net8.0\MySql.Data.dll [C:\Users\ultra\warewolf\Dev\Dev2.Studio.Core.Tests\Dev2.Studio.Core.Tests.csproj]
C:\Program Files\dotnet\sdk\10.0.201\Microsoft.Common.CurrentVersion.targets(2451,5): warning MSB3277:             C:\Users\ultra\.nuget\packages\oracle.manageddataaccess.core\3.21.70\lib\netstandard2.1\Oracle.ManagedDataAccess.dll [C:\Users\ultra\warewolf\Dev\Dev2.Studio.Core.Tests\Dev2.Studio.Core.Tests.csproj]
C:\Program Files\dotnet\sdk\10.0.201\Microsoft.Common.CurrentVersion.targets(2451,5): warning MSB3277:             C:\Users\ultra\.nuget\packages\system.directoryservices\6.0.0\lib\net6.0\System.DirectoryServices.dll [C:\Users\ultra\warewolf\Dev\Dev2.Studio.Core.Tests\Dev2.Studio.Core.Tests.csproj]
C:\Program Files\dotnet\sdk\10.0.201\Microsoft.Common.CurrentVersion.targets(2451,5): warning MSB3277:             C:\Users\ultra\.nuget\packages\corewcf.primitives\1.2.1\lib\netstandard2.0\CoreWCF.Primitives.dll [C:\Users\ultra\warewolf\Dev\Dev2.Studio.Core.Tests\Dev2.Studio.Core.Tests.csproj]
C:\Program Files\dotnet\sdk\10.0.201\Microsoft.Common.CurrentVersion.targets(2451,5): warning MSB3277:             C:\Users\ultra\.nuget\packages\corewcf.http\1.2.1\lib\netstandard2.0\CoreWCF.Http.dll [C:\Users\ultra\warewolf\Dev\Dev2.Studio.Core.Tests\Dev2.Studio.Core.Tests.csproj]
C:\Program Files\dotnet\sdk\10.0.201\Microsoft.Common.CurrentVersion.targets(2451,5): warning MSB3277:             C:\Users\ultra\.nuget\packages\corewcf.nettcp\1.2.1\lib\netstandard2.0\CoreWCF.NetTcp.dll [C:\Users\ultra\warewolf\Dev\Dev2.Studio.Core.Tests\Dev2.Studio.Core.Tests.csproj]
C:\Program Files\dotnet\sdk\10.0.201\Microsoft.Common.CurrentVersion.targets(2451,5): warning MSB3277:             C:\Users\ultra\.nuget\packages\corewcf.webhttp\1.2.1\lib\netstandard2.0\CoreWCF.WebHttp.dll [C:\Users\ultra\warewolf\Dev\Dev2.Studio.Core.Tests\Dev2.Studio.Core.Tests.csproj]
C:\Program Files\dotnet\sdk\10.0.201\Microsoft.Common.CurrentVersion.targets(2451,5): warning MSB3277:             C:\Program Files\dotnet\packs\Microsoft.NETCore.App.Ref\8.0.25\ref/net8.0/System.Configuration.dll [C:\Users\ultra\warewolf\Dev\Dev2.Studio.Core.Tests\Dev2.Studio.Core.Tests.csproj]
C:\Program Files\dotnet\sdk\10.0.201\Microsoft.Common.CurrentVersion.targets(2451,5): warning MSB3277:             C:\Users\ultra\.nuget\packages\prism.composition\5.0.0\lib\NET45\Microsoft.Practices.Prism.Composition.dll [C:\Users\ultra\warewolf\Dev\Dev2.Studio.Core.Tests\Dev2.Studio.Core.Tests.csproj]
C:\Program Files\dotnet\sdk\10.0.201\Microsoft.Common.CurrentVersion.targets(2451,5): warning MSB3277:             C:\Users\ultra\.nuget\packages\prism.unityextensions\5.0.1\lib\NET45\Microsoft.Practices.Prism.UnityExtensions.dll [C:\Users\ultra\warewolf\Dev\Dev2.Studio.Core.Tests\Dev2.Studio.Core.Tests.csproj]
C:\Program Files\dotnet\sdk\10.0.201\Microsoft.Common.CurrentVersion.targets(2451,5): warning MSB3277:             C:\Users\ultra\.nuget\packages\prism.wpf\9.0.537\lib\net462\Prism.Wpf.dll [C:\Users\ultra\warewolf\Dev\Dev2.Studio.Core.Tests\Dev2.Studio.Core.Tests.csproj]
C:\Program Files\dotnet\sdk\10.0.201\Microsoft.Common.CurrentVersion.targets(2451,5): warning MSB3277:             C:\Program Files\dotnet\packs\Microsoft.NETCore.App.Ref\8.0.25\ref/net8.0/System.Data.dll [C:\Users\ultra\warewolf\Dev\Dev2.Studio.Core.Tests\Dev2.Studio.Core.Tests.csproj]
C:\Program Files\dotnet\sdk\10.0.201\Microsoft.Common.CurrentVersion.targets(2451,5): warning MSB3277:             C:\Users\ultra\.nuget\packages\taskschedulereditor\2.10.1\lib\net452\Microsoft.Win32.TaskSchedulerEditor.dll [C:\Users\ultra\warewolf\Dev\Dev2.Studio.Core.Tests\Dev2.Studio.Core.Tests.csproj]
C:\Program Files\dotnet\sdk\10.0.201\Microsoft.Common.CurrentVersion.targets(2451,5): warning MSB3277:             C:\Program Files\dotnet\packs\Microsoft.NETCore.App.Ref\8.0.25\ref/net8.0/System.Drawing.dll [C:\Users\ultra\warewolf\Dev\Dev2.Studio.Core.Tests\Dev2.Studio.Core.Tests.csproj]
C:\Program Files\dotnet\sdk\10.0.201\Microsoft.Common.CurrentVersion.targets(2451,5): warning MSB3277:             C:\Users\ultra\.nuget\packages\aerowizard\2.3.1\lib\net45\AeroWizard.dll [C:\Users\ultra\warewolf\Dev\Dev2.Studio.Core.Tests\Dev2.Studio.Core.Tests.csproj]
C:\Program Files\dotnet\sdk\10.0.201\Microsoft.Common.CurrentVersion.targets(2451,5): warning MSB3277:             C:\Users\ultra\.nuget\packages\avalonedit\6.3.0.90\lib\net462\ICSharpCode.AvalonEdit.dll [C:\Users\ultra\warewolf\Dev\Dev2.Studio.Core.Tests\Dev2.Studio.Core.Tests.csproj]
C:\Program Files\dotnet\sdk\10.0.201\Microsoft.Common.CurrentVersion.targets(2451,5): warning MSB3277:             C:\Users\ultra\.nuget\packages\groupcontrols\1.9.0\lib\net45\GroupControls.dll [C:\Users\ultra\warewolf\Dev\Dev2.Studio.Core.Tests\Dev2.Studio.Core.Tests.csproj]
C:\Program Files\dotnet\sdk\10.0.201\Microsoft.Common.CurrentVersion.targets(2451,5): warning MSB3277:             C:\Program Files\dotnet\packs\Microsoft.NETCore.App.Ref\8.0.25\ref/net8.0/System.Net.dll [C:\Users\ultra\warewolf\Dev\Dev2.Studio.Core.Tests\Dev2.Studio.Core.Tests.csproj]
C:\Program Files\dotnet\sdk\10.0.201\Microsoft.Common.CurrentVersion.targets(2451,5): warning MSB3277:             C:\Program Files\dotnet\packs\Microsoft.NETCore.App.Ref\8.0.25\ref/net8.0/System.Security.dll [C:\Users\ultra\warewolf\Dev\Dev2.Studio.Core.Tests\Dev2.Studio.Core.Tests.csproj]
C:\Program Files\dotnet\sdk\10.0.201\Microsoft.Common.CurrentVersion.targets(2451,5): warning MSB3277:             C:\Program Files\dotnet\packs\Microsoft.NETCore.App.Ref\8.0.25\ref/net8.0/System.ServiceProcess.dll [C:\Users\ultra\warewolf\Dev\Dev2.Studio.Core.Tests\Dev2.Studio.Core.Tests.csproj]
C:\Program Files\dotnet\sdk\10.0.201\Microsoft.Common.CurrentVersion.targets(2451,5): warning MSB3277:             C:\Program Files\dotnet\packs\Microsoft.NETCore.App.Ref\8.0.25\ref/net8.0/System.Transactions.dll [C:\Users\ultra\warewolf\Dev\Dev2.Studio.Core.Tests\Dev2.Studio.Core.Tests.csproj]
C:\Program Files\dotnet\sdk\10.0.201\Microsoft.Common.CurrentVersion.targets(2451,5): warning MSB3277:             C:\Program Files\dotnet\packs\Microsoft.NETCore.App.Ref\8.0.25\ref/net8.0/System.dll [C:\Users\ultra\warewolf\Dev\Dev2.Studio.Core.Tests\Dev2.Studio.Core.Tests.csproj]
C:\Program Files\dotnet\sdk\10.0.201\Microsoft.Common.CurrentVersion.targets(2451,5): warning MSB3277:             C:\Users\ultra\.nuget\packages\fontawesome.wpf\4.7.0.9\lib\net40\FontAwesome.WPF.dll [C:\Users\ultra\warewolf\Dev\Dev2.Studio.Core.Tests\Dev2.Studio.Core.Tests.csproj]
C:\Program Files\dotnet\sdk\10.0.201\Microsoft.Common.CurrentVersion.targets(2451,5): warning MSB3277:             C:\Users\ultra\.nuget\packages\log4net.async\2.0.4\lib\net40\Log4Net.Async.dll [C:\Users\ultra\warewolf\Dev\Dev2.Studio.Core.Tests\Dev2.Studio.Core.Tests.csproj]
C:\Program Files\dotnet\sdk\10.0.201\Microsoft.Common.CurrentVersion.targets(2451,5): warning MSB3277:             C:\Users\ultra\.nuget\packages\microsoft.xaml.behaviors.wpf\1.1.122\lib\net462\Microsoft.Xaml.Behaviors.dll [C:\Users\ultra\warewolf\Dev\Dev2.Studio.Core.Tests\Dev2.Studio.Core.Tests.csproj]
C:\Program Files\dotnet\sdk\10.0.201\Microsoft.Common.CurrentVersion.targets(2451,5): warning MSB3277:             C:\Users\ultra\.nuget\packages\caliburn.micro\4.0.212\lib\netcoreapp3.1\Caliburn.Micro.Platform.dll [C:\Users\ultra\warewolf\Dev\Dev2.Studio.Core.Tests\Dev2.Studio.Core.Tests.csproj]
C:\Program Files\dotnet\sdk\10.0.201\Microsoft.Common.CurrentVersion.targets(2451,5): warning MSB3277:             C:\Users\ultra\.nuget\packages\prism.interactivity\5.0.0\lib\NET45\Microsoft.Practices.Prism.Interactivity.dll [C:\Users\ultra\warewolf\Dev\Dev2.Studio.Core.Tests\Dev2.Studio.Core.Tests.csproj]
C:\Program Files\dotnet\sdk\10.0.201\Microsoft.Common.CurrentVersion.targets(2451,5): warning MSB3277:             C:\Users\ultra\.nuget\packages\prism.mvvm\1.0.0\lib\net45\Microsoft.Practices.Prism.Mvvm.Desktop.dll [C:\Users\ultra\warewolf\Dev\Dev2.Studio.Core.Tests\Dev2.Studio.Core.Tests.csproj]
C:\Program Files\dotnet\sdk\10.0.201\Microsoft.Common.CurrentVersion.targets(2451,5): warning MSB3277:             C:\Users\ultra\.nuget\packages\reactiveui.wpf\18.4.1\lib\net462\ReactiveUI.Wpf.dll [C:\Users\ultra\warewolf\Dev\Dev2.Studio.Core.Tests\Dev2.Studio.Core.Tests.csproj]
C:\Program Files\dotnet\sdk\10.0.201\Microsoft.Common.CurrentVersion.targets(2451,5): warning MSB3277:             C:\Users\ultra\.nuget\packages\ttcue.netcore.sharepointonline.csom.16.1.8029.1200\16.1.8029.1200\lib\netcoreapp2.0\Microsoft.SharePoint.Client.Runtime.Windows.dll [C:\Users\ultra\warewolf\Dev\Dev2.Studio.Core.Tests\Dev2.Studio.Core.Tests.csproj]
C:\Program Files\dotnet\sdk\10.0.201\Microsoft.Common.CurrentVersion.targets(2451,5): warning MSB3277:             C:\Program Files\dotnet\packs\Microsoft.NETCore.App.Ref\8.0.25\ref/net8.0/WindowsBase.dll [C:\Users\ultra\warewolf\Dev\Dev2.Studio.Core.Tests\Dev2.Studio.Core.Tests.csproj]
C:\Program Files\dotnet\sdk\10.0.201\Microsoft.Common.CurrentVersion.targets(2451,5): warning MSB3277:             C:\Program Files\dotnet\packs\Microsoft.NETCore.App.Ref\8.0.25\ref/net8.0/mscorlib.dll [C:\Users\ultra\warewolf\Dev\Dev2.Studio.Core.Tests\Dev2.Studio.Core.Tests.csproj]
C:\Program Files\dotnet\sdk\10.0.201\Microsoft.Common.CurrentVersion.targets(2451,5): warning MSB3277:             C:\Users\ultra\.nuget\packages\hangfire.core\1.7.32\lib\netstandard2.0\Hangfire.Core.dll [C:\Users\ultra\warewolf\Dev\Dev2.Studio.Core.Tests\Dev2.Studio.Core.Tests.csproj]
C:\Program Files\dotnet\sdk\10.0.201\Microsoft.Common.CurrentVersion.targets(2451,5): warning MSB3277:             C:\Users\ultra\.nuget\packages\hangfire.aspnetcore\1.7.32\lib\netcoreapp3.0\Hangfire.AspNetCore.dll [C:\Users\ultra\warewolf\Dev\Dev2.Studio.Core.Tests\Dev2.Studio.Core.Tests.csproj]
C:\Program Files\dotnet\sdk\10.0.201\Microsoft.Common.CurrentVersion.targets(2451,5): warning MSB3277:             C:\Users\ultra\.nuget\packages\hangfire.sqlserver\1.7.32\lib\netstandard2.0\Hangfire.SqlServer.dll [C:\Users\ultra\warewolf\Dev\Dev2.Studio.Core.Tests\Dev2.Studio.Core.Tests.csproj]
C:\Program Files\dotnet\sdk\10.0.201\Microsoft.Common.CurrentVersion.targets(2451,5): warning MSB3277:             C:\Users\ultra\.nuget\packages\microsoft.codecoverage\17.13.0\lib\netcoreapp3.1\Microsoft.VisualStudio.CodeCoverage.Shim.dll [C:\Users\ultra\warewolf\Dev\Dev2.Studio.Core.Tests\Dev2.Studio.Core.Tests.csproj]
C:\Program Files\dotnet\sdk\10.0.201\Microsoft.Common.CurrentVersion.targets(2451,5): warning MSB3277:             C:\Users\ultra\.nuget\packages\unofficial.microsoft.mshtml\7.0.3300\lib\net40\Microsoft.mshtml.dll [C:\Users\ultra\warewolf\Dev\Dev2.Studio.Core.Tests\Dev2.Studio.Core.Tests.csproj]
C:\Program Files\dotnet\sdk\10.0.201\Microsoft.Common.CurrentVersion.targets(2451,5): warning MSB3277:         C:\Program Files\dotnet\packs\Microsoft.NETCore.App.Ref\8.0.25\ref\net8.0\System.Drawing.dll [C:\Users\ultra\warewolf\Dev\Dev2.Studio.Core.Tests\Dev2.Studio.Core.Tests.csproj]
C:\Program Files\dotnet\sdk\10.0.201\Microsoft.Common.CurrentVersion.targets(2451,5): warning MSB3277:           Project file item includes which caused reference "C:\Program Files\dotnet\packs\Microsoft.NETCore.App.Ref\8.0.25\ref\net8.0\System.Drawing.dll". [C:\Users\ultra\warewolf\Dev\Dev2.Studio.Core.Tests\Dev2.Studio.Core.Tests.csproj]
C:\Program Files\dotnet\sdk\10.0.201\Microsoft.Common.CurrentVersion.targets(2451,5): warning MSB3277:             C:\Program Files\dotnet\packs\Microsoft.NETCore.App.Ref\8.0.25\ref/net8.0/System.Drawing.dll [C:\Users\ultra\warewolf\Dev\Dev2.Studio.Core.Tests\Dev2.Studio.Core.Tests.csproj]
C:\Program Files\dotnet\sdk\10.0.201\Microsoft.Common.CurrentVersion.targets(2451,5): warning MSB3277:             C:\Users\ultra\.nuget\packages\aerowizard\2.3.1\lib\net45\AeroWizard.dll [C:\Users\ultra\warewolf\Dev\Dev2.Studio.Core.Tests\Dev2.Studio.Core.Tests.csproj]
C:\Program Files\dotnet\sdk\10.0.201\Microsoft.Common.CurrentVersion.targets(2451,5): warning MSB3277:             C:\Users\ultra\.nuget\packages\avalonedit\6.3.0.90\lib\net462\ICSharpCode.AvalonEdit.dll [C:\Users\ultra\warewolf\Dev\Dev2.Studio.Core.Tests\Dev2.Studio.Core.Tests.csproj]
C:\Program Files\dotnet\sdk\10.0.201\Microsoft.Common.CurrentVersion.targets(2451,5): warning MSB3277:             C:\Users\ultra\.nuget\packages\groupcontrols\1.9.0\lib\net45\GroupControls.dll [C:\Users\ultra\warewolf\Dev\Dev2.Studio.Core.Tests\Dev2.Studio.Core.Tests.csproj]
C:\Program Files\dotnet\sdk\10.0.201\Microsoft.Common.CurrentVersion.targets(2451,5): warning MSB3277:             C:\Users\ultra\.nuget\packages\taskschedulereditor\2.10.1\lib\net452\Microsoft.Win32.TaskSchedulerEditor.dll [C:\Users\ultra\warewolf\Dev\Dev2.Studio.Core.Tests\Dev2.Studio.Core.Tests.csproj]
C:\Program Files\dotnet\sdk\10.0.201\Sdks\Microsoft.NET.Sdk\targets\Microsoft.NET.Sdk.targets(308,5): warning NETSDK1206: Found version-specific or distribution-specific runtime identifier(s): win10-x64, win10-x86, win7-x64, win7-x86, win8-x64, win8-x86, win81-x64, win81-x86. Affected libraries: Microsoft.Management.Infrastructure.Runtime.Win, SQLite. In .NET 8.0 and higher, assets for version-specific and distribution-specific runtime identifiers will not be found by default. See https://aka.ms/dotnet/rid-usage for details. [C:\Users\ultra\warewolf\Dev\Dev2.Studio.Core.Tests\Dev2.Studio.Core.Tests.csproj]
  Dev2.Studio.Core.Tests -> C:\Users\ultra\warewolf\Dev\Dev2.Studio.Core.Tests\bin\Debug\net8.0\Dev2.Studio.Core.Tests.dll
C:\Program Files\dotnet\sdk\10.0.201\Microsoft.Common.CurrentVersion.targets(2451,5): warning MSB3277: Found conflicts between different versions of "WindowsBase" that could not be resolved. [C:\Users\ultra\warewolf\Dev\TestBase\TestBase.csproj]
C:\Program Files\dotnet\sdk\10.0.201\Microsoft.Common.CurrentVersion.targets(2451,5): warning MSB3277: There was a conflict between "WindowsBase, Version=4.0.0.0, Culture=neutral, PublicKeyToken=31bf3856ad364e35" and "WindowsBase, Version=6.0.2.0, Culture=neutral, PublicKeyToken=31bf3856ad364e35". [C:\Users\ultra\warewolf\Dev\TestBase\TestBase.csproj]
C:\Program Files\dotnet\sdk\10.0.201\Microsoft.Common.CurrentVersion.targets(2451,5): warning MSB3277:     "WindowsBase, Version=4.0.0.0, Culture=neutral, PublicKeyToken=31bf3856ad364e35" was chosen because it was primary and "WindowsBase, Version=6.0.2.0, Culture=neutral, PublicKeyToken=31bf3856ad364e35" was not. [C:\Users\ultra\warewolf\Dev\TestBase\TestBase.csproj]
C:\Program Files\dotnet\sdk\10.0.201\Microsoft.Common.CurrentVersion.targets(2451,5): warning MSB3277:     References which depend on "WindowsBase, Version=4.0.0.0, Culture=neutral, PublicKeyToken=31bf3856ad364e35" [C:\Program Files\dotnet\packs\Microsoft.NETCore.App.Ref\8.0.25\ref\net8.0\WindowsBase.dll]. [C:\Users\ultra\warewolf\Dev\TestBase\TestBase.csproj]
C:\Program Files\dotnet\sdk\10.0.201\Microsoft.Common.CurrentVersion.targets(2451,5): warning MSB3277:         C:\Program Files\dotnet\packs\Microsoft.NETCore.App.Ref\8.0.25\ref\net8.0\WindowsBase.dll [C:\Users\ultra\warewolf\Dev\TestBase\TestBase.csproj]
C:\Program Files\dotnet\sdk\10.0.201\Microsoft.Common.CurrentVersion.targets(2451,5): warning MSB3277:           Project file item includes which caused reference "C:\Program Files\dotnet\packs\Microsoft.NETCore.App.Ref\8.0.25\ref\net8.0\WindowsBase.dll". [C:\Users\ultra\warewolf\Dev\TestBase\TestBase.csproj]
C:\Program Files\dotnet\sdk\10.0.201\Microsoft.Common.CurrentVersion.targets(2451,5): warning MSB3277:             C:\Program Files\dotnet\packs\Microsoft.NETCore.App.Ref\8.0.25\ref/net8.0/WindowsBase.dll [C:\Users\ultra\warewolf\Dev\TestBase\TestBase.csproj]
C:\Program Files\dotnet\sdk\10.0.201\Microsoft.Common.CurrentVersion.targets(2451,5): warning MSB3277:     References which depend on or have been unified to "WindowsBase, Version=6.0.2.0, Culture=neutral, PublicKeyToken=31bf3856ad364e35" []. [C:\Users\ultra\warewolf\Dev\TestBase\TestBase.csproj]
C:\Program Files\dotnet\sdk\10.0.201\Microsoft.Common.CurrentVersion.targets(2451,5): warning MSB3277:         C:\Users\ultra\.nuget\packages\avalonedit\6.3.0.90\lib\net462\ICSharpCode.AvalonEdit.dll [C:\Users\ultra\warewolf\Dev\TestBase\TestBase.csproj]
C:\Program Files\dotnet\sdk\10.0.201\Microsoft.Common.CurrentVersion.targets(2451,5): warning MSB3277:           Project file item includes which caused reference "C:\Users\ultra\.nuget\packages\avalonedit\6.3.0.90\lib\net462\ICSharpCode.AvalonEdit.dll". [C:\Users\ultra\warewolf\Dev\TestBase\TestBase.csproj]
C:\Program Files\dotnet\sdk\10.0.201\Microsoft.Common.CurrentVersion.targets(2451,5): warning MSB3277:             C:\Users\ultra\.nuget\packages\avalonedit\6.3.0.90\lib\net462\ICSharpCode.AvalonEdit.dll [C:\Users\ultra\warewolf\Dev\TestBase\TestBase.csproj]
C:\Program Files\dotnet\sdk\10.0.201\Microsoft.Common.CurrentVersion.targets(2451,5): warning MSB3277:         C:\Users\ultra\.nuget\packages\caliburn.micro\4.0.212\lib\netcoreapp3.1\Caliburn.Micro.Platform.dll [C:\Users\ultra\warewolf\Dev\TestBase\TestBase.csproj]
C:\Program Files\dotnet\sdk\10.0.201\Microsoft.Common.CurrentVersion.targets(2451,5): warning MSB3277:           Project file item includes which caused reference "C:\Users\ultra\.nuget\packages\caliburn.micro\4.0.212\lib\netcoreapp3.1\Caliburn.Micro.Platform.dll". [C:\Users\ultra\warewolf\Dev\TestBase\TestBase.csproj]
C:\Program Files\dotnet\sdk\10.0.201\Microsoft.Common.CurrentVersion.targets(2451,5): warning MSB3277:             C:\Users\ultra\.nuget\packages\caliburn.micro\4.0.212\lib\netcoreapp3.1\Caliburn.Micro.Platform.dll [C:\Users\ultra\warewolf\Dev\TestBase\TestBase.csproj]
C:\Program Files\dotnet\sdk\10.0.201\Microsoft.Common.CurrentVersion.targets(2451,5): warning MSB3277:         C:\Users\ultra\.nuget\packages\extended.wpf.toolkit\4.4.0\lib\net5.0\Xceed.Wpf.AvalonDock.NET5.dll [C:\Users\ultra\warewolf\Dev\TestBase\TestBase.csproj]
C:\Program Files\dotnet\sdk\10.0.201\Microsoft.Common.CurrentVersion.targets(2451,5): warning MSB3277:           Project file item includes which caused reference "C:\Users\ultra\.nuget\packages\extended.wpf.toolkit\4.4.0\lib\net5.0\Xceed.Wpf.AvalonDock.NET5.dll". [C:\Users\ultra\warewolf\Dev\TestBase\TestBase.csproj]
C:\Program Files\dotnet\sdk\10.0.201\Microsoft.Common.CurrentVersion.targets(2451,5): warning MSB3277:             C:\Users\ultra\.nuget\packages\extended.wpf.toolkit\4.4.0\lib\net5.0\Xceed.Wpf.AvalonDock.NET5.dll [C:\Users\ultra\warewolf\Dev\TestBase\TestBase.csproj]
C:\Program Files\dotnet\sdk\10.0.201\Microsoft.Common.CurrentVersion.targets(2451,5): warning MSB3277:             C:\Users\ultra\.nuget\packages\extended.wpf.toolkit\4.4.0\lib\net5.0\Xceed.Wpf.AvalonDock.Themes.Aero.NET5.dll [C:\Users\ultra\warewolf\Dev\TestBase\TestBase.csproj]
C:\Program Files\dotnet\sdk\10.0.201\Microsoft.Common.CurrentVersion.targets(2451,5): warning MSB3277:             C:\Users\ultra\.nuget\packages\extended.wpf.toolkit\4.4.0\lib\net5.0\Xceed.Wpf.AvalonDock.Themes.Metro.NET5.dll [C:\Users\ultra\warewolf\Dev\TestBase\TestBase.csproj]
C:\Program Files\dotnet\sdk\10.0.201\Microsoft.Common.CurrentVersion.targets(2451,5): warning MSB3277:             C:\Users\ultra\.nuget\packages\extended.wpf.toolkit\4.4.0\lib\net5.0\Xceed.Wpf.AvalonDock.Themes.VS2010.NET5.dll [C:\Users\ultra\warewolf\Dev\TestBase\TestBase.csproj]
C:\Program Files\dotnet\sdk\10.0.201\Microsoft.Common.CurrentVersion.targets(2451,5): warning MSB3277:         C:\Users\ultra\.nuget\packages\extended.wpf.toolkit\4.4.0\lib\net5.0\Xceed.Wpf.AvalonDock.Themes.Aero.NET5.dll [C:\Users\ultra\warewolf\Dev\TestBase\TestBase.csproj]
C:\Program Files\dotnet\sdk\10.0.201\Microsoft.Common.CurrentVersion.targets(2451,5): warning MSB3277:           Project file item includes which caused reference "C:\Users\ultra\.nuget\packages\extended.wpf.toolkit\4.4.0\lib\net5.0\Xceed.Wpf.AvalonDock.Themes.Aero.NET5.dll". [C:\Users\ultra\warewolf\Dev\TestBase\TestBase.csproj]
C:\Program Files\dotnet\sdk\10.0.201\Microsoft.Common.CurrentVersion.targets(2451,5): warning MSB3277:             C:\Users\ultra\.nuget\packages\extended.wpf.toolkit\4.4.0\lib\net5.0\Xceed.Wpf.AvalonDock.Themes.Aero.NET5.dll [C:\Users\ultra\warewolf\Dev\TestBase\TestBase.csproj]
C:\Program Files\dotnet\sdk\10.0.201\Microsoft.Common.CurrentVersion.targets(2451,5): warning MSB3277:         C:\Users\ultra\.nuget\packages\extended.wpf.toolkit\4.4.0\lib\net5.0\Xceed.Wpf.Toolkit.NET5.dll [C:\Users\ultra\warewolf\Dev\TestBase\TestBase.csproj]
C:\Program Files\dotnet\sdk\10.0.201\Microsoft.Common.CurrentVersion.targets(2451,5): warning MSB3277:           Project file item includes which caused reference "C:\Users\ultra\.nuget\packages\extended.wpf.toolkit\4.4.0\lib\net5.0\Xceed.Wpf.Toolkit.NET5.dll". [C:\Users\ultra\warewolf\Dev\TestBase\TestBase.csproj]
C:\Program Files\dotnet\sdk\10.0.201\Microsoft.Common.CurrentVersion.targets(2451,5): warning MSB3277:             C:\Users\ultra\.nuget\packages\extended.wpf.toolkit\4.4.0\lib\net5.0\Xceed.Wpf.Toolkit.NET5.dll [C:\Users\ultra\warewolf\Dev\TestBase\TestBase.csproj]
C:\Program Files\dotnet\sdk\10.0.201\Microsoft.Common.CurrentVersion.targets(2451,5): warning MSB3277:         C:\Users\ultra\.nuget\packages\fontawesome.wpf\4.7.0.9\lib\net40\FontAwesome.WPF.dll [C:\Users\ultra\warewolf\Dev\TestBase\TestBase.csproj]
C:\Program Files\dotnet\sdk\10.0.201\Microsoft.Common.CurrentVersion.targets(2451,5): warning MSB3277:           Project file item includes which caused reference "C:\Users\ultra\.nuget\packages\fontawesome.wpf\4.7.0.9\lib\net40\FontAwesome.WPF.dll". [C:\Users\ultra\warewolf\Dev\TestBase\TestBase.csproj]
C:\Program Files\dotnet\sdk\10.0.201\Microsoft.Common.CurrentVersion.targets(2451,5): warning MSB3277:             C:\Users\ultra\.nuget\packages\fontawesome.wpf\4.7.0.9\lib\net40\FontAwesome.WPF.dll [C:\Users\ultra\warewolf\Dev\TestBase\TestBase.csproj]
C:\Program Files\dotnet\sdk\10.0.201\Microsoft.Common.CurrentVersion.targets(2451,5): warning MSB3277:         C:\Users\ultra\.nuget\packages\ironpython\3.4.0\lib\net6.0\IronPython.Wpf.dll [C:\Users\ultra\warewolf\Dev\TestBase\TestBase.csproj]
C:\Program Files\dotnet\sdk\10.0.201\Microsoft.Common.CurrentVersion.targets(2451,5): warning MSB3277:           Project file item includes which caused reference "C:\Users\ultra\.nuget\packages\ironpython\3.4.0\lib\net6.0\IronPython.Wpf.dll". [C:\Users\ultra\warewolf\Dev\TestBase\TestBase.csproj]
C:\Program Files\dotnet\sdk\10.0.201\Microsoft.Common.CurrentVersion.targets(2451,5): warning MSB3277:             C:\Users\ultra\.nuget\packages\ironpython\3.4.0\lib\net6.0\IronPython.Wpf.dll [C:\Users\ultra\warewolf\Dev\TestBase\TestBase.csproj]
C:\Program Files\dotnet\sdk\10.0.201\Microsoft.Common.CurrentVersion.targets(2451,5): warning MSB3277:         C:\Users\ultra\.nuget\packages\microsoft.xaml.behaviors.wpf\1.1.122\lib\net462\Microsoft.Xaml.Behaviors.dll [C:\Users\ultra\warewolf\Dev\TestBase\TestBase.csproj]
C:\Program Files\dotnet\sdk\10.0.201\Microsoft.Common.CurrentVersion.targets(2451,5): warning MSB3277:           Project file item includes which caused reference "C:\Users\ultra\.nuget\packages\microsoft.xaml.behaviors.wpf\1.1.122\lib\net462\Microsoft.Xaml.Behaviors.dll". [C:\Users\ultra\warewolf\Dev\TestBase\TestBase.csproj]
C:\Program Files\dotnet\sdk\10.0.201\Microsoft.Common.CurrentVersion.targets(2451,5): warning MSB3277:             C:\Users\ultra\.nuget\packages\microsoft.xaml.behaviors.wpf\1.1.122\lib\net462\Microsoft.Xaml.Behaviors.dll [C:\Users\ultra\warewolf\Dev\TestBase\TestBase.csproj]
C:\Program Files\dotnet\sdk\10.0.201\Microsoft.Common.CurrentVersion.targets(2451,5): warning MSB3277:             C:\Users\ultra\.nuget\packages\caliburn.micro\4.0.212\lib\netcoreapp3.1\Caliburn.Micro.Platform.dll [C:\Users\ultra\warewolf\Dev\TestBase\TestBase.csproj]
C:\Program Files\dotnet\sdk\10.0.201\Microsoft.Common.CurrentVersion.targets(2451,5): warning MSB3277:             C:\Users\ultra\.nuget\packages\prism.wpf\9.0.537\lib\net462\Prism.Wpf.dll [C:\Users\ultra\warewolf\Dev\TestBase\TestBase.csproj]
C:\Program Files\dotnet\sdk\10.0.201\Microsoft.Common.CurrentVersion.targets(2451,5): warning MSB3277:         C:\Users\ultra\.nuget\packages\prism.composition\5.0.0\lib\NET45\Microsoft.Practices.Prism.Composition.dll [C:\Users\ultra\warewolf\Dev\TestBase\TestBase.csproj]
C:\Program Files\dotnet\sdk\10.0.201\Microsoft.Common.CurrentVersion.targets(2451,5): warning MSB3277:           Project file item includes which caused reference "C:\Users\ultra\.nuget\packages\prism.composition\5.0.0\lib\NET45\Microsoft.Practices.Prism.Composition.dll". [C:\Users\ultra\warewolf\Dev\TestBase\TestBase.csproj]
C:\Program Files\dotnet\sdk\10.0.201\Microsoft.Common.CurrentVersion.targets(2451,5): warning MSB3277:             C:\Users\ultra\.nuget\packages\prism.composition\5.0.0\lib\NET45\Microsoft.Practices.Prism.Composition.dll [C:\Users\ultra\warewolf\Dev\TestBase\TestBase.csproj]
C:\Program Files\dotnet\sdk\10.0.201\Microsoft.Common.CurrentVersion.targets(2451,5): warning MSB3277:             C:\Users\ultra\.nuget\packages\prism.unityextensions\5.0.1\lib\NET45\Microsoft.Practices.Prism.UnityExtensions.dll [C:\Users\ultra\warewolf\Dev\TestBase\TestBase.csproj]
C:\Program Files\dotnet\sdk\10.0.201\Microsoft.Common.CurrentVersion.targets(2451,5): warning MSB3277:         C:\Users\ultra\.nuget\packages\prism.interactivity\5.0.0\lib\NET45\Microsoft.Practices.Prism.Interactivity.dll [C:\Users\ultra\warewolf\Dev\TestBase\TestBase.csproj]
C:\Program Files\dotnet\sdk\10.0.201\Microsoft.Common.CurrentVersion.targets(2451,5): warning MSB3277:           Project file item includes which caused reference "C:\Users\ultra\.nuget\packages\prism.interactivity\5.0.0\lib\NET45\Microsoft.Practices.Prism.Interactivity.dll". [C:\Users\ultra\warewolf\Dev\TestBase\TestBase.csproj]
C:\Program Files\dotnet\sdk\10.0.201\Microsoft.Common.CurrentVersion.targets(2451,5): warning MSB3277:             C:\Users\ultra\.nuget\packages\prism.interactivity\5.0.0\lib\NET45\Microsoft.Practices.Prism.Interactivity.dll [C:\Users\ultra\warewolf\Dev\TestBase\TestBase.csproj]
C:\Program Files\dotnet\sdk\10.0.201\Microsoft.Common.CurrentVersion.targets(2451,5): warning MSB3277:         C:\Users\ultra\.nuget\packages\prism.mvvm\1.0.0\lib\net45\Microsoft.Practices.Prism.Mvvm.Desktop.dll [C:\Users\ultra\warewolf\Dev\TestBase\TestBase.csproj]
C:\Program Files\dotnet\sdk\10.0.201\Microsoft.Common.CurrentVersion.targets(2451,5): warning MSB3277:           Project file item includes which caused reference "C:\Users\ultra\.nuget\packages\prism.mvvm\1.0.0\lib\net45\Microsoft.Practices.Prism.Mvvm.Desktop.dll". [C:\Users\ultra\warewolf\Dev\TestBase\TestBase.csproj]
C:\Program Files\dotnet\sdk\10.0.201\Microsoft.Common.CurrentVersion.targets(2451,5): warning MSB3277:             C:\Users\ultra\.nuget\packages\prism.mvvm\1.0.0\lib\net45\Microsoft.Practices.Prism.Mvvm.Desktop.dll [C:\Users\ultra\warewolf\Dev\TestBase\TestBase.csproj]
C:\Program Files\dotnet\sdk\10.0.201\Microsoft.Common.CurrentVersion.targets(2451,5): warning MSB3277:         C:\Users\ultra\.nuget\packages\prism.unityextensions\5.0.1\lib\NET45\Microsoft.Practices.Prism.UnityExtensions.dll [C:\Users\ultra\warewolf\Dev\TestBase\TestBase.csproj]
C:\Program Files\dotnet\sdk\10.0.201\Microsoft.Common.CurrentVersion.targets(2451,5): warning MSB3277:           Project file item includes which caused reference "C:\Users\ultra\.nuget\packages\prism.unityextensions\5.0.1\lib\NET45\Microsoft.Practices.Prism.UnityExtensions.dll". [C:\Users\ultra\warewolf\Dev\TestBase\TestBase.csproj]
C:\Program Files\dotnet\sdk\10.0.201\Microsoft.Common.CurrentVersion.targets(2451,5): warning MSB3277:             C:\Users\ultra\.nuget\packages\prism.unityextensions\5.0.1\lib\NET45\Microsoft.Practices.Prism.UnityExtensions.dll [C:\Users\ultra\warewolf\Dev\TestBase\TestBase.csproj]
C:\Program Files\dotnet\sdk\10.0.201\Microsoft.Common.CurrentVersion.targets(2451,5): warning MSB3277:         C:\Users\ultra\.nuget\packages\prism.wpf\9.0.537\lib\net462\Prism.Wpf.dll [C:\Users\ultra\warewolf\Dev\TestBase\TestBase.csproj]
C:\Program Files\dotnet\sdk\10.0.201\Microsoft.Common.CurrentVersion.targets(2451,5): warning MSB3277:           Project file item includes which caused reference "C:\Users\ultra\.nuget\packages\prism.wpf\9.0.537\lib\net462\Prism.Wpf.dll". [C:\Users\ultra\warewolf\Dev\TestBase\TestBase.csproj]
C:\Program Files\dotnet\sdk\10.0.201\Microsoft.Common.CurrentVersion.targets(2451,5): warning MSB3277:             C:\Users\ultra\.nuget\packages\prism.wpf\9.0.537\lib\net462\Prism.Wpf.dll [C:\Users\ultra\warewolf\Dev\TestBase\TestBase.csproj]
C:\Program Files\dotnet\sdk\10.0.201\Microsoft.Common.CurrentVersion.targets(2451,5): warning MSB3277:         C:\Users\ultra\.nuget\packages\reactiveui.wpf\18.4.1\lib\net462\ReactiveUI.Wpf.dll [C:\Users\ultra\warewolf\Dev\TestBase\TestBase.csproj]
C:\Program Files\dotnet\sdk\10.0.201\Microsoft.Common.CurrentVersion.targets(2451,5): warning MSB3277:           Project file item includes which caused reference "C:\Users\ultra\.nuget\packages\reactiveui.wpf\18.4.1\lib\net462\ReactiveUI.Wpf.dll". [C:\Users\ultra\warewolf\Dev\TestBase\TestBase.csproj]
C:\Program Files\dotnet\sdk\10.0.201\Microsoft.Common.CurrentVersion.targets(2451,5): warning MSB3277:             C:\Users\ultra\.nuget\packages\reactiveui.wpf\18.4.1\lib\net462\ReactiveUI.Wpf.dll [C:\Users\ultra\warewolf\Dev\TestBase\TestBase.csproj]
C:\Program Files\dotnet\sdk\10.0.201\Microsoft.Common.CurrentVersion.targets(2451,5): warning MSB3277: Found conflicts between different versions of "System.Drawing.Common" that could not be resolved. [C:\Users\ultra\warewolf\Dev\TestBase\TestBase.csproj]
C:\Program Files\dotnet\sdk\10.0.201\Microsoft.Common.CurrentVersion.targets(2451,5): warning MSB3277: There was a conflict between "System.Drawing.Common, Version=6.0.0.0, Culture=neutral, PublicKeyToken=cc7b13ffcd2ddd51" and "System.Drawing.Common, Version=8.0.0.0, Culture=neutral, PublicKeyToken=cc7b13ffcd2ddd51". [C:\Users\ultra\warewolf\Dev\TestBase\TestBase.csproj]
C:\Program Files\dotnet\sdk\10.0.201\Microsoft.Common.CurrentVersion.targets(2451,5): warning MSB3277:     "System.Drawing.Common, Version=6.0.0.0, Culture=neutral, PublicKeyToken=cc7b13ffcd2ddd51" was chosen because it was primary and "System.Drawing.Common, Version=8.0.0.0, Culture=neutral, PublicKeyToken=cc7b13ffcd2ddd51" was not. [C:\Users\ultra\warewolf\Dev\TestBase\TestBase.csproj]
C:\Program Files\dotnet\sdk\10.0.201\Microsoft.Common.CurrentVersion.targets(2451,5): warning MSB3277:     References which depend on "System.Drawing.Common, Version=6.0.0.0, Culture=neutral, PublicKeyToken=cc7b13ffcd2ddd51" [C:\Users\ultra\.nuget\packages\system.drawing.common\6.0.0\lib\net6.0\System.Drawing.Common.dll]. [C:\Users\ultra\warewolf\Dev\TestBase\TestBase.csproj]
C:\Program Files\dotnet\sdk\10.0.201\Microsoft.Common.CurrentVersion.targets(2451,5): warning MSB3277:         C:\Users\ultra\.nuget\packages\system.drawing.common\6.0.0\lib\net6.0\System.Drawing.Common.dll [C:\Users\ultra\warewolf\Dev\TestBase\TestBase.csproj]
C:\Program Files\dotnet\sdk\10.0.201\Microsoft.Common.CurrentVersion.targets(2451,5): warning MSB3277:           Project file item includes which caused reference "C:\Users\ultra\.nuget\packages\system.drawing.common\6.0.0\lib\net6.0\System.Drawing.Common.dll". [C:\Users\ultra\warewolf\Dev\TestBase\TestBase.csproj]
C:\Program Files\dotnet\sdk\10.0.201\Microsoft.Common.CurrentVersion.targets(2451,5): warning MSB3277:             C:\Users\ultra\.nuget\packages\system.drawing.common\6.0.0\lib\net6.0\System.Drawing.Common.dll [C:\Users\ultra\warewolf\Dev\TestBase\TestBase.csproj]
C:\Program Files\dotnet\sdk\10.0.201\Microsoft.Common.CurrentVersion.targets(2451,5): warning MSB3277:     References which depend on or have been unified to "System.Drawing.Common, Version=8.0.0.0, Culture=neutral, PublicKeyToken=cc7b13ffcd2ddd51" []. [C:\Users\ultra\warewolf\Dev\TestBase\TestBase.csproj]
C:\Program Files\dotnet\sdk\10.0.201\Microsoft.Common.CurrentVersion.targets(2451,5): warning MSB3277:         C:\Users\ultra\.nuget\packages\servicestack\6.3.0\lib\net6.0\ServiceStack.dll [C:\Users\ultra\warewolf\Dev\TestBase\TestBase.csproj]
C:\Program Files\dotnet\sdk\10.0.201\Microsoft.Common.CurrentVersion.targets(2451,5): warning MSB3277:           Project file item includes which caused reference "C:\Users\ultra\.nuget\packages\servicestack\6.3.0\lib\net6.0\ServiceStack.dll". [C:\Users\ultra\warewolf\Dev\TestBase\TestBase.csproj]
C:\Program Files\dotnet\sdk\10.0.201\Microsoft.Common.CurrentVersion.targets(2451,5): warning MSB3277:             C:\Users\ultra\.nuget\packages\servicestack\6.3.0\lib\net6.0\ServiceStack.dll [C:\Users\ultra\warewolf\Dev\TestBase\TestBase.csproj]
C:\Program Files\dotnet\sdk\10.0.201\Microsoft.Common.CurrentVersion.targets(2451,5): warning MSB3277:         C:\Users\ultra\.nuget\packages\system.windows.extensions\8.0.0\lib\net8.0\System.Windows.Extensions.dll [C:\Users\ultra\warewolf\Dev\TestBase\TestBase.csproj]
C:\Program Files\dotnet\sdk\10.0.201\Microsoft.Common.CurrentVersion.targets(2451,5): warning MSB3277:           Project file item includes which caused reference "C:\Users\ultra\.nuget\packages\system.windows.extensions\8.0.0\lib\net8.0\System.Windows.Extensions.dll". [C:\Users\ultra\warewolf\Dev\TestBase\TestBase.csproj]
C:\Program Files\dotnet\sdk\10.0.201\Microsoft.Common.CurrentVersion.targets(2451,5): warning MSB3277:             C:\Users\ultra\.nuget\packages\system.windows.extensions\8.0.0\lib\net8.0\System.Windows.Extensions.dll [C:\Users\ultra\warewolf\Dev\TestBase\TestBase.csproj]
C:\Program Files\dotnet\sdk\10.0.201\Microsoft.Common.CurrentVersion.targets(2451,5): warning MSB3277:             C:\Users\ultra\.nuget\packages\extended.wpf.toolkit\4.4.0\lib\net5.0\Xceed.Wpf.Toolkit.NET5.dll [C:\Users\ultra\warewolf\Dev\TestBase\TestBase.csproj]
C:\Program Files\dotnet\sdk\10.0.201\Microsoft.Common.CurrentVersion.targets(2451,5): warning MSB3277:             C:\Users\ultra\.nuget\packages\system.security.permissions\8.0.0\lib\net8.0\System.Security.Permissions.dll [C:\Users\ultra\warewolf\Dev\TestBase\TestBase.csproj]
C:\Program Files\dotnet\sdk\10.0.201\Microsoft.Common.CurrentVersion.targets(2451,5): warning MSB3277:             C:\Users\ultra\warewolf\Dev\Dev2.Data\bin\Debug\net8.0\Dev2.Data.dll [C:\Users\ultra\warewolf\Dev\TestBase\TestBase.csproj]
C:\Program Files\dotnet\sdk\10.0.201\Microsoft.Common.CurrentVersion.targets(2451,5): warning MSB3277:             C:\Users\ultra\warewolf\Dev\Dev2.Studio.Core\bin\Debug\net8.0\Dev2.Studio.Core.dll [C:\Users\ultra\warewolf\Dev\TestBase\TestBase.csproj]
C:\Program Files\dotnet\sdk\10.0.201\Microsoft.Common.CurrentVersion.targets(2451,5): warning MSB3277:             C:\Users\ultra\warewolf\Dev\Dev2.Studio.Interfaces\bin\Debug\net8.0\Dev2.Studio.Interfaces.dll [C:\Users\ultra\warewolf\Dev\TestBase\TestBase.csproj]
C:\Program Files\dotnet\sdk\10.0.201\Microsoft.Common.CurrentVersion.targets(2451,5): warning MSB3277:             C:\Users\ultra\warewolf\Dev\Dev2.Activities\bin\Debug\net8.0\Dev2.Activities.dll [C:\Users\ultra\warewolf\Dev\TestBase\TestBase.csproj]
C:\Program Files\dotnet\sdk\10.0.201\Microsoft.Common.CurrentVersion.targets(2451,5): warning MSB3277:             C:\Users\ultra\warewolf\Dev\Dev2.Core\bin\Debug\net8.0\Dev2.Core.dll [C:\Users\ultra\warewolf\Dev\TestBase\TestBase.csproj]
C:\Program Files\dotnet\sdk\10.0.201\Microsoft.Common.CurrentVersion.targets(2451,5): warning MSB3277:             C:\Users\ultra\warewolf\Dev\Dev2.Diagnostics.Tests\bin\Debug\net8.0\Dev2.Diagnostics.Tests.dll [C:\Users\ultra\warewolf\Dev\TestBase\TestBase.csproj]
C:\Program Files\dotnet\sdk\10.0.201\Microsoft.Common.CurrentVersion.targets(2451,5): warning MSB3277:             C:\Users\ultra\warewolf\Dev\Dev2.Infrastructure.Tests\bin\Debug\net8.0\Dev2.Infrastructure.Tests.dll [C:\Users\ultra\warewolf\Dev\TestBase\TestBase.csproj]
C:\Program Files\dotnet\sdk\10.0.201\Microsoft.Common.CurrentVersion.targets(2451,5): warning MSB3277:             C:\Users\ultra\warewolf\Dev\Dev2.Intellisense\bin\Debug\net8.0\Dev2.Intellisense.dll [C:\Users\ultra\warewolf\Dev\TestBase\TestBase.csproj]
C:\Program Files\dotnet\sdk\10.0.201\Microsoft.Common.CurrentVersion.targets(2451,5): warning MSB3277:             C:\Users\ultra\warewolf\Dev\Dev2.Runtime\bin\Debug\net8.0\Dev2.Runtime.dll [C:\Users\ultra\warewolf\Dev\TestBase\TestBase.csproj]
C:\Program Files\dotnet\sdk\10.0.201\Microsoft.Common.CurrentVersion.targets(2451,5): warning MSB3277:             C:\Users\ultra\warewolf\Dev\Dev2.Runtime.Services\bin\Debug\net8.0\Dev2.Runtime.Services.dll [C:\Users\ultra\warewolf\Dev\TestBase\TestBase.csproj]
C:\Program Files\dotnet\sdk\10.0.201\Microsoft.Common.CurrentVersion.targets(2451,5): warning MSB3277:             C:\Users\ultra\warewolf\Dev\Dev2.Runtime.WebServer\bin\Debug\net8.0\Dev2.Runtime.WebServer.dll [C:\Users\ultra\warewolf\Dev\TestBase\TestBase.csproj]
C:\Program Files\dotnet\sdk\10.0.201\Microsoft.Common.CurrentVersion.targets(2451,5): warning MSB3277:             C:\Users\ultra\warewolf\Dev\Dev2.Scheduler\bin\Debug\net8.0\Dev2.Scheduler.dll [C:\Users\ultra\warewolf\Dev\TestBase\TestBase.csproj]
C:\Program Files\dotnet\sdk\10.0.201\Microsoft.Common.CurrentVersion.targets(2451,5): warning MSB3277:             C:\Users\ultra\warewolf\Dev\Dev2.Services.Execution\bin\Debug\net8.0\Dev2.Services.Execution.dll [C:\Users\ultra\warewolf\Dev\TestBase\TestBase.csproj]
C:\Program Files\dotnet\sdk\10.0.201\Microsoft.Common.CurrentVersion.targets(2451,5): warning MSB3277:             C:\Users\ultra\warewolf\Dev\Warewolf.HangfireServer\bin\Debug\net8.0\HangfireServer.dll [C:\Users\ultra\warewolf\Dev\TestBase\TestBase.csproj]
C:\Program Files\dotnet\sdk\10.0.201\Microsoft.Common.CurrentVersion.targets(2451,5): warning MSB3277:             C:\Users\ultra\warewolf\Dev\Warewolf.QueueWorker\bin\Debug\net8.0\QueueWorker.dll [C:\Users\ultra\warewolf\Dev\TestBase\TestBase.csproj]
C:\Program Files\dotnet\sdk\10.0.201\Microsoft.Common.CurrentVersion.targets(2451,5): warning MSB3277:             C:\Users\ultra\warewolf\Dev\Dev2.Server\bin\Debug\net8.0\Warewolf Server.dll [C:\Users\ultra\warewolf\Dev\TestBase\TestBase.csproj]
C:\Program Files\dotnet\sdk\10.0.201\Microsoft.Common.CurrentVersion.targets(2451,5): warning MSB3277:             C:\Users\ultra\warewolf\Dev\Dev2.Studio\bin\Debug\net8.0\Warewolf Studio.dll [C:\Users\ultra\warewolf\Dev\TestBase\TestBase.csproj]
C:\Program Files\dotnet\sdk\10.0.201\Microsoft.Common.CurrentVersion.targets(2451,5): warning MSB3277:             C:\Users\ultra\warewolf\Dev\Warewolf.Auditing\bin\Debug\net8.0\Warewolf.Auditing.dll [C:\Users\ultra\warewolf\Dev\TestBase\TestBase.csproj]
C:\Program Files\dotnet\sdk\10.0.201\Microsoft.Common.CurrentVersion.targets(2451,5): warning MSB3277:             C:\Users\ultra\warewolf\Dev\Warewolf.Common.Framework48\bin\Debug\net8.0\Warewolf.Common.Framework48.dll [C:\Users\ultra\warewolf\Dev\TestBase\TestBase.csproj]
C:\Program Files\dotnet\sdk\10.0.201\Microsoft.Common.CurrentVersion.targets(2451,5): warning MSB3277:             C:\Users\ultra\warewolf\Dev\Warewolf.Common.NetStandard20\bin\Debug\net8.0\Warewolf.Common.NetStandard20.dll [C:\Users\ultra\warewolf\Dev\TestBase\TestBase.csproj]
C:\Program Files\dotnet\sdk\10.0.201\Microsoft.Common.CurrentVersion.targets(2451,5): warning MSB3277:             C:\Users\ultra\warewolf\Dev\Warewolf.Core\bin\Debug\net8.0\Warewolf.Core.dll [C:\Users\ultra\warewolf\Dev\TestBase\TestBase.csproj]
C:\Program Files\dotnet\sdk\10.0.201\Microsoft.Common.CurrentVersion.targets(2451,5): warning MSB3277:             C:\Users\ultra\warewolf\Dev\Warewolf.Driver.Persistence\bin\Debug\net8.0\Warewolf.Driver.Persistence.dll [C:\Users\ultra\warewolf\Dev\TestBase\TestBase.csproj]
C:\Program Files\dotnet\sdk\10.0.201\Microsoft.Common.CurrentVersion.targets(2451,5): warning MSB3277:             C:\Users\ultra\warewolf\Dev\Warewolf.Exchange.Email.Wrapper\bin\Debug\net8.0\Warewolf.Exchange.Email.Wrapper.dll [C:\Users\ultra\warewolf\Dev\TestBase\TestBase.csproj]
C:\Program Files\dotnet\sdk\10.0.201\Microsoft.Common.CurrentVersion.targets(2451,5): warning MSB3277:             C:\Users\ultra\warewolf\Dev\Warewolf.MergeParser.Tests\bin\Debug\net8.0\Warewolf.MergeParser.Tests.dll [C:\Users\ultra\warewolf\Dev\TestBase\TestBase.csproj]
C:\Program Files\dotnet\sdk\10.0.201\Microsoft.Common.CurrentVersion.targets(2451,5): warning MSB3277:             C:\Users\ultra\warewolf\Dev\Warewolf.ResourceManagement\bin\Debug\net8.0\Warewolf.ResourceManagement.dll [C:\Users\ultra\warewolf\Dev\TestBase\TestBase.csproj]
C:\Program Files\dotnet\sdk\10.0.201\Microsoft.Common.CurrentVersion.targets(2451,5): warning MSB3277:             C:\Users\ultra\warewolf\Dev\Warewolf.Studio.Core\bin\Debug\net8.0\Warewolf.Studio.Core.dll [C:\Users\ultra\warewolf\Dev\TestBase\TestBase.csproj]
C:\Program Files\dotnet\sdk\10.0.201\Microsoft.Common.CurrentVersion.targets(2451,5): warning MSB3277:             C:\Users\ultra\warewolf\Dev\Warewolf.Studio.CustomControls\bin\Debug\net8.0\Warewolf.Studio.CustomControls.dll [C:\Users\ultra\warewolf\Dev\TestBase\TestBase.csproj]
C:\Program Files\dotnet\sdk\10.0.201\Microsoft.Common.CurrentVersion.targets(2451,5): warning MSB3277:             C:\Users\ultra\warewolf\Dev\Warewolf.Studio.Models\bin\Debug\net8.0\Warewolf.Studio.Models.dll [C:\Users\ultra\warewolf\Dev\TestBase\TestBase.csproj]
C:\Program Files\dotnet\sdk\10.0.201\Microsoft.Common.CurrentVersion.targets(2451,5): warning MSB3277:             C:\Users\ultra\warewolf\Dev\Warewolf.Studio.ViewModels\bin\Debug\net8.0\Warewolf.Studio.ViewModels.dll [C:\Users\ultra\warewolf\Dev\TestBase\TestBase.csproj]
C:\Program Files\dotnet\sdk\10.0.201\Microsoft.Common.CurrentVersion.targets(2451,5): warning MSB3277:             C:\Users\ultra\warewolf\Dev\Warewolf.Testing\bin\Debug\net8.0\Warewolf.Testing.dll [C:\Users\ultra\warewolf\Dev\TestBase\TestBase.csproj]
C:\Program Files\dotnet\sdk\10.0.201\Microsoft.Common.CurrentVersion.targets(2451,5): warning MSB3277:             C:\Users\ultra\warewolf\Dev\Warewolf.Trigger.Queue\bin\Debug\net8.0\Warewolf.Trigger.Queue.dll [C:\Users\ultra\warewolf\Dev\TestBase\TestBase.csproj]
C:\Program Files\dotnet\sdk\10.0.201\Microsoft.Common.CurrentVersion.targets(2451,5): warning MSB3277:             C:\Users\ultra\warewolf\Dev\Warewolf.UI\bin\Debug\net8.0\Warewolf.UI.dll [C:\Users\ultra\warewolf\Dev\TestBase\TestBase.csproj]
C:\Program Files\dotnet\sdk\10.0.201\Microsoft.Common.CurrentVersion.targets(2451,5): warning MSB3277:             C:\Users\ultra\warewolf\Dev\Warewolf.Logger\bin\Debug\net8.0\WarewolfLogger.dll [C:\Users\ultra\warewolf\Dev\TestBase\TestBase.csproj]
C:\Program Files\dotnet\sdk\10.0.201\Microsoft.Common.CurrentVersion.targets(2451,5): warning MSB3277:             C:\Users\ultra\.nuget\packages\dotnetzip\1.16.0\lib\netstandard2.0\DotNetZip.dll [C:\Users\ultra\warewolf\Dev\TestBase\TestBase.csproj]
C:\Program Files\dotnet\sdk\10.0.201\Microsoft.Common.CurrentVersion.targets(2451,5): warning MSB3277:             C:\Users\ultra\warewolf\Dev\Dev2.Common\bin\Debug\net8.0\Dev2.Common.dll [C:\Users\ultra\warewolf\Dev\TestBase\TestBase.csproj]
C:\Program Files\dotnet\sdk\10.0.201\Microsoft.Common.CurrentVersion.targets(2451,5): warning MSB3277:             C:\Users\ultra\warewolf\Dev\Dev2.Infrastructure\bin\Debug\net8.0\Dev2.Infrastructure.dll [C:\Users\ultra\warewolf\Dev\TestBase\TestBase.csproj]
C:\Program Files\dotnet\sdk\10.0.201\Microsoft.Common.CurrentVersion.targets(2451,5): warning MSB3277:             C:\Users\ultra\warewolf\Dev\Dev2.Data.Interfaces\bin\Debug\net8.0\Dev2.Data.Interfaces.dll [C:\Users\ultra\warewolf\Dev\TestBase\TestBase.csproj]
C:\Program Files\dotnet\sdk\10.0.201\Microsoft.Common.CurrentVersion.targets(2451,5): warning MSB3277:             C:\Users\ultra\warewolf\Dev\Dev2.Development.Languages\bin\Debug\net8.0\Dev2.Development.Languages.dll [C:\Users\ultra\warewolf\Dev\TestBase\TestBase.csproj]
C:\Program Files\dotnet\sdk\10.0.201\Microsoft.Common.CurrentVersion.targets(2451,5): warning MSB3277:             C:\Users\ultra\warewolf\Dev\Dev2.Diagnostics\bin\Debug\net8.0\Dev2.Diagnostics.dll [C:\Users\ultra\warewolf\Dev\TestBase\TestBase.csproj]
C:\Program Files\dotnet\sdk\10.0.201\Microsoft.Common.CurrentVersion.targets(2451,5): warning MSB3277:             C:\Users\ultra\warewolf\Dev\Dev2.Services.Sql\bin\Debug\net8.0\Dev2.Services.Sql.dll [C:\Users\ultra\warewolf\Dev\TestBase\TestBase.csproj]
C:\Program Files\dotnet\sdk\10.0.201\Microsoft.Common.CurrentVersion.targets(2451,5): warning MSB3277:             C:\Users\ultra\warewolf\Dev\Dev2.TaskScheduler.Wrappers\bin\Debug\net8.0\Dev2.TaskScheduler.Wrappers.dll [C:\Users\ultra\warewolf\Dev\TestBase\TestBase.csproj]
C:\Program Files\dotnet\sdk\10.0.201\Microsoft.Common.CurrentVersion.targets(2451,5): warning MSB3277:             C:\Users\ultra\warewolf\Dev\Dev2.Util\bin\Debug\net8.0\Dev2.Util.dll [C:\Users\ultra\warewolf\Dev\TestBase\TestBase.csproj]
C:\Program Files\dotnet\sdk\10.0.201\Microsoft.Common.CurrentVersion.targets(2451,5): warning MSB3277:             C:\Users\ultra\warewolf\Dev\Warewolf.AI.Harness\bin\Debug\net8.0\Warewolf.AI.Harness.dll [C:\Users\ultra\warewolf\Dev\TestBase\TestBase.csproj]
C:\Program Files\dotnet\sdk\10.0.201\Microsoft.Common.CurrentVersion.targets(2451,5): warning MSB3277:             C:\Users\ultra\warewolf\Dev\Warewolf.Driver.Serilog\bin\Debug\net8.0\Warewolf.Driver.Serilog.dll [C:\Users\ultra\warewolf\Dev\TestBase\TestBase.csproj]
C:\Program Files\dotnet\sdk\10.0.201\Microsoft.Common.CurrentVersion.targets(2451,5): warning MSB3277:             C:\Users\ultra\warewolf\Dev\Warewolf.PerfMon\bin\Debug\net8.0\Warewolf.PerfMon.dll [C:\Users\ultra\warewolf\Dev\TestBase\TestBase.csproj]
C:\Program Files\dotnet\sdk\10.0.201\Microsoft.Common.CurrentVersion.targets(2451,5): warning MSB3277:             C:\Users\ultra\warewolf\Dev\Warewolf.Sharepoint\bin\Debug\net8.0\Warewolf.Sharepoint.dll [C:\Users\ultra\warewolf\Dev\TestBase\TestBase.csproj]
C:\Program Files\dotnet\sdk\10.0.201\Microsoft.Common.CurrentVersion.targets(2451,5): warning MSB3277:             C:\Users\ultra\warewolf\Dev\Warewolf.Storage\bin\Debug\net8.0\Warewolf.Storage.dll [C:\Users\ultra\warewolf\Dev\TestBase\TestBase.csproj]
C:\Program Files\dotnet\sdk\10.0.201\Microsoft.Common.CurrentVersion.targets(2451,5): warning MSB3277:             C:\Users\ultra\.nuget\packages\mindbox.data.linq\5.0.0\lib\netstandard2.0\Mindbox.Data.Linq.dll [C:\Users\ultra\warewolf\Dev\TestBase\TestBase.csproj]
C:\Program Files\dotnet\sdk\10.0.201\Microsoft.Common.CurrentVersion.targets(2451,5): warning MSB3277:             C:\Users\ultra\.nuget\packages\mysql.data\8.4.0\lib\net8.0\MySql.Data.dll [C:\Users\ultra\warewolf\Dev\TestBase\TestBase.csproj]
C:\Program Files\dotnet\sdk\10.0.201\Microsoft.Common.CurrentVersion.targets(2451,5): warning MSB3277:             C:\Users\ultra\.nuget\packages\oracle.manageddataaccess.core\3.21.70\lib\netstandard2.1\Oracle.ManagedDataAccess.dll [C:\Users\ultra\warewolf\Dev\TestBase\TestBase.csproj]
C:\Program Files\dotnet\sdk\10.0.201\Microsoft.Common.CurrentVersion.targets(2451,5): warning MSB3277:             C:\Users\ultra\.nuget\packages\system.directoryservices\6.0.0\lib\net6.0\System.DirectoryServices.dll [C:\Users\ultra\warewolf\Dev\TestBase\TestBase.csproj]
C:\Program Files\dotnet\sdk\10.0.201\Microsoft.Common.CurrentVersion.targets(2451,5): warning MSB3277:             C:\Users\ultra\.nuget\packages\corewcf.primitives\1.2.1\lib\netstandard2.0\CoreWCF.Primitives.dll [C:\Users\ultra\warewolf\Dev\TestBase\TestBase.csproj]
C:\Program Files\dotnet\sdk\10.0.201\Microsoft.Common.CurrentVersion.targets(2451,5): warning MSB3277:             C:\Users\ultra\.nuget\packages\corewcf.http\1.2.1\lib\netstandard2.0\CoreWCF.Http.dll [C:\Users\ultra\warewolf\Dev\TestBase\TestBase.csproj]
C:\Program Files\dotnet\sdk\10.0.201\Microsoft.Common.CurrentVersion.targets(2451,5): warning MSB3277:             C:\Users\ultra\.nuget\packages\corewcf.nettcp\1.2.1\lib\netstandard2.0\CoreWCF.NetTcp.dll [C:\Users\ultra\warewolf\Dev\TestBase\TestBase.csproj]
C:\Program Files\dotnet\sdk\10.0.201\Microsoft.Common.CurrentVersion.targets(2451,5): warning MSB3277:             C:\Users\ultra\.nuget\packages\corewcf.webhttp\1.2.1\lib\netstandard2.0\CoreWCF.WebHttp.dll [C:\Users\ultra\warewolf\Dev\TestBase\TestBase.csproj]
C:\Program Files\dotnet\sdk\10.0.201\Microsoft.Common.CurrentVersion.targets(2451,5): warning MSB3277:             C:\Program Files\dotnet\packs\Microsoft.NETCore.App.Ref\8.0.25\ref/net8.0/System.Configuration.dll [C:\Users\ultra\warewolf\Dev\TestBase\TestBase.csproj]
C:\Program Files\dotnet\sdk\10.0.201\Microsoft.Common.CurrentVersion.targets(2451,5): warning MSB3277:             C:\Users\ultra\.nuget\packages\prism.composition\5.0.0\lib\NET45\Microsoft.Practices.Prism.Composition.dll [C:\Users\ultra\warewolf\Dev\TestBase\TestBase.csproj]
C:\Program Files\dotnet\sdk\10.0.201\Microsoft.Common.CurrentVersion.targets(2451,5): warning MSB3277:             C:\Users\ultra\.nuget\packages\prism.unityextensions\5.0.1\lib\NET45\Microsoft.Practices.Prism.UnityExtensions.dll [C:\Users\ultra\warewolf\Dev\TestBase\TestBase.csproj]
C:\Program Files\dotnet\sdk\10.0.201\Microsoft.Common.CurrentVersion.targets(2451,5): warning MSB3277:             C:\Users\ultra\.nuget\packages\prism.wpf\9.0.537\lib\net462\Prism.Wpf.dll [C:\Users\ultra\warewolf\Dev\TestBase\TestBase.csproj]
C:\Program Files\dotnet\sdk\10.0.201\Microsoft.Common.CurrentVersion.targets(2451,5): warning MSB3277:             C:\Program Files\dotnet\packs\Microsoft.NETCore.App.Ref\8.0.25\ref/net8.0/System.Data.dll [C:\Users\ultra\warewolf\Dev\TestBase\TestBase.csproj]
C:\Program Files\dotnet\sdk\10.0.201\Microsoft.Common.CurrentVersion.targets(2451,5): warning MSB3277:             C:\Users\ultra\.nuget\packages\taskschedulereditor\2.10.1\lib\net452\Microsoft.Win32.TaskSchedulerEditor.dll [C:\Users\ultra\warewolf\Dev\TestBase\TestBase.csproj]
C:\Program Files\dotnet\sdk\10.0.201\Microsoft.Common.CurrentVersion.targets(2451,5): warning MSB3277:             C:\Program Files\dotnet\packs\Microsoft.NETCore.App.Ref\8.0.25\ref/net8.0/System.Drawing.dll [C:\Users\ultra\warewolf\Dev\TestBase\TestBase.csproj]
C:\Program Files\dotnet\sdk\10.0.201\Microsoft.Common.CurrentVersion.targets(2451,5): warning MSB3277:             C:\Users\ultra\.nuget\packages\aerowizard\2.3.1\lib\net45\AeroWizard.dll [C:\Users\ultra\warewolf\Dev\TestBase\TestBase.csproj]
C:\Program Files\dotnet\sdk\10.0.201\Microsoft.Common.CurrentVersion.targets(2451,5): warning MSB3277:             C:\Users\ultra\.nuget\packages\avalonedit\6.3.0.90\lib\net462\ICSharpCode.AvalonEdit.dll [C:\Users\ultra\warewolf\Dev\TestBase\TestBase.csproj]
C:\Program Files\dotnet\sdk\10.0.201\Microsoft.Common.CurrentVersion.targets(2451,5): warning MSB3277:             C:\Users\ultra\.nuget\packages\groupcontrols\1.9.0\lib\net45\GroupControls.dll [C:\Users\ultra\warewolf\Dev\TestBase\TestBase.csproj]
C:\Program Files\dotnet\sdk\10.0.201\Microsoft.Common.CurrentVersion.targets(2451,5): warning MSB3277:             C:\Program Files\dotnet\packs\Microsoft.NETCore.App.Ref\8.0.25\ref/net8.0/System.Net.dll [C:\Users\ultra\warewolf\Dev\TestBase\TestBase.csproj]
C:\Program Files\dotnet\sdk\10.0.201\Microsoft.Common.CurrentVersion.targets(2451,5): warning MSB3277:             C:\Program Files\dotnet\packs\Microsoft.NETCore.App.Ref\8.0.25\ref/net8.0/System.Security.dll [C:\Users\ultra\warewolf\Dev\TestBase\TestBase.csproj]
C:\Program Files\dotnet\sdk\10.0.201\Microsoft.Common.CurrentVersion.targets(2451,5): warning MSB3277:             C:\Program Files\dotnet\packs\Microsoft.NETCore.App.Ref\8.0.25\ref/net8.0/System.ServiceProcess.dll [C:\Users\ultra\warewolf\Dev\TestBase\TestBase.csproj]
C:\Program Files\dotnet\sdk\10.0.201\Microsoft.Common.CurrentVersion.targets(2451,5): warning MSB3277:             C:\Program Files\dotnet\packs\Microsoft.NETCore.App.Ref\8.0.25\ref/net8.0/System.Transactions.dll [C:\Users\ultra\warewolf\Dev\TestBase\TestBase.csproj]
C:\Program Files\dotnet\sdk\10.0.201\Microsoft.Common.CurrentVersion.targets(2451,5): warning MSB3277:             C:\Program Files\dotnet\packs\Microsoft.NETCore.App.Ref\8.0.25\ref/net8.0/System.dll [C:\Users\ultra\warewolf\Dev\TestBase\TestBase.csproj]
C:\Program Files\dotnet\sdk\10.0.201\Microsoft.Common.CurrentVersion.targets(2451,5): warning MSB3277:             C:\Users\ultra\.nuget\packages\fontawesome.wpf\4.7.0.9\lib\net40\FontAwesome.WPF.dll [C:\Users\ultra\warewolf\Dev\TestBase\TestBase.csproj]
C:\Program Files\dotnet\sdk\10.0.201\Microsoft.Common.CurrentVersion.targets(2451,5): warning MSB3277:             C:\Users\ultra\.nuget\packages\log4net.async\2.0.4\lib\net40\Log4Net.Async.dll [C:\Users\ultra\warewolf\Dev\TestBase\TestBase.csproj]
C:\Program Files\dotnet\sdk\10.0.201\Microsoft.Common.CurrentVersion.targets(2451,5): warning MSB3277:             C:\Users\ultra\.nuget\packages\microsoft.xaml.behaviors.wpf\1.1.122\lib\net462\Microsoft.Xaml.Behaviors.dll [C:\Users\ultra\warewolf\Dev\TestBase\TestBase.csproj]
C:\Program Files\dotnet\sdk\10.0.201\Microsoft.Common.CurrentVersion.targets(2451,5): warning MSB3277:             C:\Users\ultra\.nuget\packages\caliburn.micro\4.0.212\lib\netcoreapp3.1\Caliburn.Micro.Platform.dll [C:\Users\ultra\warewolf\Dev\TestBase\TestBase.csproj]
C:\Program Files\dotnet\sdk\10.0.201\Microsoft.Common.CurrentVersion.targets(2451,5): warning MSB3277:             C:\Users\ultra\.nuget\packages\prism.interactivity\5.0.0\lib\NET45\Microsoft.Practices.Prism.Interactivity.dll [C:\Users\ultra\warewolf\Dev\TestBase\TestBase.csproj]
C:\Program Files\dotnet\sdk\10.0.201\Microsoft.Common.CurrentVersion.targets(2451,5): warning MSB3277:             C:\Users\ultra\.nuget\packages\prism.mvvm\1.0.0\lib\net45\Microsoft.Practices.Prism.Mvvm.Desktop.dll [C:\Users\ultra\warewolf\Dev\TestBase\TestBase.csproj]
C:\Program Files\dotnet\sdk\10.0.201\Microsoft.Common.CurrentVersion.targets(2451,5): warning MSB3277:             C:\Users\ultra\.nuget\packages\reactiveui.wpf\18.4.1\lib\net462\ReactiveUI.Wpf.dll [C:\Users\ultra\warewolf\Dev\TestBase\TestBase.csproj]
C:\Program Files\dotnet\sdk\10.0.201\Microsoft.Common.CurrentVersion.targets(2451,5): warning MSB3277:             C:\Users\ultra\.nuget\packages\ttcue.netcore.sharepointonline.csom.16.1.8029.1200\16.1.8029.1200\lib\netcoreapp2.0\Microsoft.SharePoint.Client.Runtime.Windows.dll [C:\Users\ultra\warewolf\Dev\TestBase\TestBase.csproj]
C:\Program Files\dotnet\sdk\10.0.201\Microsoft.Common.CurrentVersion.targets(2451,5): warning MSB3277:             C:\Program Files\dotnet\packs\Microsoft.NETCore.App.Ref\8.0.25\ref/net8.0/WindowsBase.dll [C:\Users\ultra\warewolf\Dev\TestBase\TestBase.csproj]
C:\Program Files\dotnet\sdk\10.0.201\Microsoft.Common.CurrentVersion.targets(2451,5): warning MSB3277:             C:\Program Files\dotnet\packs\Microsoft.NETCore.App.Ref\8.0.25\ref/net8.0/mscorlib.dll [C:\Users\ultra\warewolf\Dev\TestBase\TestBase.csproj]
C:\Program Files\dotnet\sdk\10.0.201\Microsoft.Common.CurrentVersion.targets(2451,5): warning MSB3277:             C:\Users\ultra\.nuget\packages\hangfire.core\1.7.32\lib\netstandard2.0\Hangfire.Core.dll [C:\Users\ultra\warewolf\Dev\TestBase\TestBase.csproj]
C:\Program Files\dotnet\sdk\10.0.201\Microsoft.Common.CurrentVersion.targets(2451,5): warning MSB3277:             C:\Users\ultra\.nuget\packages\hangfire.aspnetcore\1.7.32\lib\netcoreapp3.0\Hangfire.AspNetCore.dll [C:\Users\ultra\warewolf\Dev\TestBase\TestBase.csproj]
C:\Program Files\dotnet\sdk\10.0.201\Microsoft.Common.CurrentVersion.targets(2451,5): warning MSB3277:             C:\Users\ultra\.nuget\packages\hangfire.sqlserver\1.7.32\lib\netstandard2.0\Hangfire.SqlServer.dll [C:\Users\ultra\warewolf\Dev\TestBase\TestBase.csproj]
C:\Program Files\dotnet\sdk\10.0.201\Microsoft.Common.CurrentVersion.targets(2451,5): warning MSB3277:             C:\Users\ultra\.nuget\packages\microsoft.codecoverage\17.13.0\lib\netcoreapp3.1\Microsoft.VisualStudio.CodeCoverage.Shim.dll [C:\Users\ultra\warewolf\Dev\TestBase\TestBase.csproj]
C:\Program Files\dotnet\sdk\10.0.201\Microsoft.Common.CurrentVersion.targets(2451,5): warning MSB3277:             C:\Users\ultra\.nuget\packages\unofficial.microsoft.mshtml\7.0.3300\lib\net40\Microsoft.mshtml.dll [C:\Users\ultra\warewolf\Dev\TestBase\TestBase.csproj]
C:\Program Files\dotnet\sdk\10.0.201\Microsoft.Common.CurrentVersion.targets(2451,5): warning MSB3277:         C:\Program Files\dotnet\packs\Microsoft.NETCore.App.Ref\8.0.25\ref\net8.0\System.Drawing.dll [C:\Users\ultra\warewolf\Dev\TestBase\TestBase.csproj]
C:\Program Files\dotnet\sdk\10.0.201\Microsoft.Common.CurrentVersion.targets(2451,5): warning MSB3277:           Project file item includes which caused reference "C:\Program Files\dotnet\packs\Microsoft.NETCore.App.Ref\8.0.25\ref\net8.0\System.Drawing.dll". [C:\Users\ultra\warewolf\Dev\TestBase\TestBase.csproj]
C:\Program Files\dotnet\sdk\10.0.201\Microsoft.Common.CurrentVersion.targets(2451,5): warning MSB3277:             C:\Program Files\dotnet\packs\Microsoft.NETCore.App.Ref\8.0.25\ref/net8.0/System.Drawing.dll [C:\Users\ultra\warewolf\Dev\TestBase\TestBase.csproj]
C:\Program Files\dotnet\sdk\10.0.201\Microsoft.Common.CurrentVersion.targets(2451,5): warning MSB3277:             C:\Users\ultra\.nuget\packages\aerowizard\2.3.1\lib\net45\AeroWizard.dll [C:\Users\ultra\warewolf\Dev\TestBase\TestBase.csproj]
C:\Program Files\dotnet\sdk\10.0.201\Microsoft.Common.CurrentVersion.targets(2451,5): warning MSB3277:             C:\Users\ultra\.nuget\packages\avalonedit\6.3.0.90\lib\net462\ICSharpCode.AvalonEdit.dll [C:\Users\ultra\warewolf\Dev\TestBase\TestBase.csproj]
C:\Program Files\dotnet\sdk\10.0.201\Microsoft.Common.CurrentVersion.targets(2451,5): warning MSB3277:             C:\Users\ultra\.nuget\packages\groupcontrols\1.9.0\lib\net45\GroupControls.dll [C:\Users\ultra\warewolf\Dev\TestBase\TestBase.csproj]
C:\Program Files\dotnet\sdk\10.0.201\Microsoft.Common.CurrentVersion.targets(2451,5): warning MSB3277:             C:\Users\ultra\.nuget\packages\taskschedulereditor\2.10.1\lib\net452\Microsoft.Win32.TaskSchedulerEditor.dll [C:\Users\ultra\warewolf\Dev\TestBase\TestBase.csproj]
C:\Users\ultra\warewolf\Dev\TestBase\AsynchronousRequest.cs(50,26): warning SYSLIB0014: 'WebRequest.Create(string)' is obsolete: 'WebRequest, HttpWebRequest, ServicePoint, and WebClient are obsolete. Use HttpClient instead.' (https://aka.ms/dotnet-warnings/SYSLIB0014) [C:\Users\ultra\warewolf\Dev\TestBase\TestBase.csproj]
C:\Users\ultra\warewolf\Dev\TestBase\TestHelper.cs(134,23): warning SYSLIB0014: 'WebRequest.Create(string)' is obsolete: 'WebRequest, HttpWebRequest, ServicePoint, and WebClient are obsolete. Use HttpClient instead.' (https://aka.ms/dotnet-warnings/SYSLIB0014) [C:\Users\ultra\warewolf\Dev\TestBase\TestBase.csproj]
C:\Users\ultra\warewolf\Dev\TestBase\TestHelper.cs(165,27): warning SYSLIB0014: 'WebRequest.Create(string)' is obsolete: 'WebRequest, HttpWebRequest, ServicePoint, and WebClient are obsolete. Use HttpClient instead.' (https://aka.ms/dotnet-warnings/SYSLIB0014) [C:\Users\ultra\warewolf\Dev\TestBase\TestBase.csproj]
C:\Program Files\dotnet\sdk\10.0.201\Sdks\Microsoft.NET.Sdk\targets\Microsoft.NET.Sdk.targets(308,5): warning NETSDK1206: Found version-specific or distribution-specific runtime identifier(s): win10-x64, win10-x86, win7-x64, win7-x86, win8-x64, win8-x86, win81-x64, win81-x86. Affected libraries: Microsoft.Management.Infrastructure.Runtime.Win, SQLite. In .NET 8.0 and higher, assets for version-specific and distribution-specific runtime identifiers will not be found by default. See https://aka.ms/dotnet/rid-usage for details. [C:\Users\ultra\warewolf\Dev\TestBase\TestBase.csproj]
  TestBase -> C:\Users\ultra\warewolf\Dev\TestBase\bin\Debug\net8.0\TestBase.dll
C:\Program Files\dotnet\sdk\10.0.201\Microsoft.Common.CurrentVersion.targets(2451,5): warning MSB3277: Found conflicts between different versions of "WindowsBase" that could not be resolved. [C:\Users\ultra\warewolf\Dev\Dev2.Runtime.Tests\Dev2.Runtime.Tests.csproj]
C:\Program Files\dotnet\sdk\10.0.201\Microsoft.Common.CurrentVersion.targets(2451,5): warning MSB3277: There was a conflict between "WindowsBase, Version=4.0.0.0, Culture=neutral, PublicKeyToken=31bf3856ad364e35" and "WindowsBase, Version=6.0.2.0, Culture=neutral, PublicKeyToken=31bf3856ad364e35". [C:\Users\ultra\warewolf\Dev\Dev2.Runtime.Tests\Dev2.Runtime.Tests.csproj]
C:\Program Files\dotnet\sdk\10.0.201\Microsoft.Common.CurrentVersion.targets(2451,5): warning MSB3277:     "WindowsBase, Version=4.0.0.0, Culture=neutral, PublicKeyToken=31bf3856ad364e35" was chosen because it was primary and "WindowsBase, Version=6.0.2.0, Culture=neutral, PublicKeyToken=31bf3856ad364e35" was not. [C:\Users\ultra\warewolf\Dev\Dev2.Runtime.Tests\Dev2.Runtime.Tests.csproj]
C:\Program Files\dotnet\sdk\10.0.201\Microsoft.Common.CurrentVersion.targets(2451,5): warning MSB3277:     References which depend on "WindowsBase, Version=4.0.0.0, Culture=neutral, PublicKeyToken=31bf3856ad364e35" [C:\Program Files\dotnet\packs\Microsoft.NETCore.App.Ref\8.0.25\ref\net8.0\WindowsBase.dll]. [C:\Users\ultra\warewolf\Dev\Dev2.Runtime.Tests\Dev2.Runtime.Tests.csproj]
C:\Program Files\dotnet\sdk\10.0.201\Microsoft.Common.CurrentVersion.targets(2451,5): warning MSB3277:         C:\Program Files\dotnet\packs\Microsoft.NETCore.App.Ref\8.0.25\ref\net8.0\WindowsBase.dll [C:\Users\ultra\warewolf\Dev\Dev2.Runtime.Tests\Dev2.Runtime.Tests.csproj]
C:\Program Files\dotnet\sdk\10.0.201\Microsoft.Common.CurrentVersion.targets(2451,5): warning MSB3277:           Project file item includes which caused reference "C:\Program Files\dotnet\packs\Microsoft.NETCore.App.Ref\8.0.25\ref\net8.0\WindowsBase.dll". [C:\Users\ultra\warewolf\Dev\Dev2.Runtime.Tests\Dev2.Runtime.Tests.csproj]
C:\Program Files\dotnet\sdk\10.0.201\Microsoft.Common.CurrentVersion.targets(2451,5): warning MSB3277:             C:\Program Files\dotnet\packs\Microsoft.NETCore.App.Ref\8.0.25\ref/net8.0/WindowsBase.dll [C:\Users\ultra\warewolf\Dev\Dev2.Runtime.Tests\Dev2.Runtime.Tests.csproj]
C:\Program Files\dotnet\sdk\10.0.201\Microsoft.Common.CurrentVersion.targets(2451,5): warning MSB3277:     References which depend on or have been unified to "WindowsBase, Version=6.0.2.0, Culture=neutral, PublicKeyToken=31bf3856ad364e35" []. [C:\Users\ultra\warewolf\Dev\Dev2.Runtime.Tests\Dev2.Runtime.Tests.csproj]
C:\Program Files\dotnet\sdk\10.0.201\Microsoft.Common.CurrentVersion.targets(2451,5): warning MSB3277:         C:\Users\ultra\.nuget\packages\avalonedit\6.3.0.90\lib\net462\ICSharpCode.AvalonEdit.dll [C:\Users\ultra\warewolf\Dev\Dev2.Runtime.Tests\Dev2.Runtime.Tests.csproj]
C:\Program Files\dotnet\sdk\10.0.201\Microsoft.Common.CurrentVersion.targets(2451,5): warning MSB3277:           Project file item includes which caused reference "C:\Users\ultra\.nuget\packages\avalonedit\6.3.0.90\lib\net462\ICSharpCode.AvalonEdit.dll". [C:\Users\ultra\warewolf\Dev\Dev2.Runtime.Tests\Dev2.Runtime.Tests.csproj]
C:\Program Files\dotnet\sdk\10.0.201\Microsoft.Common.CurrentVersion.targets(2451,5): warning MSB3277:             C:\Users\ultra\.nuget\packages\avalonedit\6.3.0.90\lib\net462\ICSharpCode.AvalonEdit.dll [C:\Users\ultra\warewolf\Dev\Dev2.Runtime.Tests\Dev2.Runtime.Tests.csproj]
C:\Program Files\dotnet\sdk\10.0.201\Microsoft.Common.CurrentVersion.targets(2451,5): warning MSB3277:         C:\Users\ultra\.nuget\packages\caliburn.micro\4.0.212\lib\netcoreapp3.1\Caliburn.Micro.Platform.dll [C:\Users\ultra\warewolf\Dev\Dev2.Runtime.Tests\Dev2.Runtime.Tests.csproj]
C:\Program Files\dotnet\sdk\10.0.201\Microsoft.Common.CurrentVersion.targets(2451,5): warning MSB3277:           Project file item includes which caused reference "C:\Users\ultra\.nuget\packages\caliburn.micro\4.0.212\lib\netcoreapp3.1\Caliburn.Micro.Platform.dll". [C:\Users\ultra\warewolf\Dev\Dev2.Runtime.Tests\Dev2.Runtime.Tests.csproj]
C:\Program Files\dotnet\sdk\10.0.201\Microsoft.Common.CurrentVersion.targets(2451,5): warning MSB3277:             C:\Users\ultra\.nuget\packages\caliburn.micro\4.0.212\lib\netcoreapp3.1\Caliburn.Micro.Platform.dll [C:\Users\ultra\warewolf\Dev\Dev2.Runtime.Tests\Dev2.Runtime.Tests.csproj]
C:\Program Files\dotnet\sdk\10.0.201\Microsoft.Common.CurrentVersion.targets(2451,5): warning MSB3277:         C:\Users\ultra\.nuget\packages\extended.wpf.toolkit\4.4.0\lib\net5.0\Xceed.Wpf.AvalonDock.NET5.dll [C:\Users\ultra\warewolf\Dev\Dev2.Runtime.Tests\Dev2.Runtime.Tests.csproj]
C:\Program Files\dotnet\sdk\10.0.201\Microsoft.Common.CurrentVersion.targets(2451,5): warning MSB3277:           Project file item includes which caused reference "C:\Users\ultra\.nuget\packages\extended.wpf.toolkit\4.4.0\lib\net5.0\Xceed.Wpf.AvalonDock.NET5.dll". [C:\Users\ultra\warewolf\Dev\Dev2.Runtime.Tests\Dev2.Runtime.Tests.csproj]
C:\Program Files\dotnet\sdk\10.0.201\Microsoft.Common.CurrentVersion.targets(2451,5): warning MSB3277:             C:\Users\ultra\.nuget\packages\extended.wpf.toolkit\4.4.0\lib\net5.0\Xceed.Wpf.AvalonDock.NET5.dll [C:\Users\ultra\warewolf\Dev\Dev2.Runtime.Tests\Dev2.Runtime.Tests.csproj]
C:\Program Files\dotnet\sdk\10.0.201\Microsoft.Common.CurrentVersion.targets(2451,5): warning MSB3277:             C:\Users\ultra\.nuget\packages\extended.wpf.toolkit\4.4.0\lib\net5.0\Xceed.Wpf.AvalonDock.Themes.Aero.NET5.dll [C:\Users\ultra\warewolf\Dev\Dev2.Runtime.Tests\Dev2.Runtime.Tests.csproj]
C:\Program Files\dotnet\sdk\10.0.201\Microsoft.Common.CurrentVersion.targets(2451,5): warning MSB3277:             C:\Users\ultra\.nuget\packages\extended.wpf.toolkit\4.4.0\lib\net5.0\Xceed.Wpf.AvalonDock.Themes.Metro.NET5.dll [C:\Users\ultra\warewolf\Dev\Dev2.Runtime.Tests\Dev2.Runtime.Tests.csproj]
C:\Program Files\dotnet\sdk\10.0.201\Microsoft.Common.CurrentVersion.targets(2451,5): warning MSB3277:             C:\Users\ultra\.nuget\packages\extended.wpf.toolkit\4.4.0\lib\net5.0\Xceed.Wpf.AvalonDock.Themes.VS2010.NET5.dll [C:\Users\ultra\warewolf\Dev\Dev2.Runtime.Tests\Dev2.Runtime.Tests.csproj]
C:\Program Files\dotnet\sdk\10.0.201\Microsoft.Common.CurrentVersion.targets(2451,5): warning MSB3277:         C:\Users\ultra\.nuget\packages\extended.wpf.toolkit\4.4.0\lib\net5.0\Xceed.Wpf.AvalonDock.Themes.Aero.NET5.dll [C:\Users\ultra\warewolf\Dev\Dev2.Runtime.Tests\Dev2.Runtime.Tests.csproj]
C:\Program Files\dotnet\sdk\10.0.201\Microsoft.Common.CurrentVersion.targets(2451,5): warning MSB3277:           Project file item includes which caused reference "C:\Users\ultra\.nuget\packages\extended.wpf.toolkit\4.4.0\lib\net5.0\Xceed.Wpf.AvalonDock.Themes.Aero.NET5.dll". [C:\Users\ultra\warewolf\Dev\Dev2.Runtime.Tests\Dev2.Runtime.Tests.csproj]
C:\Program Files\dotnet\sdk\10.0.201\Microsoft.Common.CurrentVersion.targets(2451,5): warning MSB3277:             C:\Users\ultra\.nuget\packages\extended.wpf.toolkit\4.4.0\lib\net5.0\Xceed.Wpf.AvalonDock.Themes.Aero.NET5.dll [C:\Users\ultra\warewolf\Dev\Dev2.Runtime.Tests\Dev2.Runtime.Tests.csproj]
C:\Program Files\dotnet\sdk\10.0.201\Microsoft.Common.CurrentVersion.targets(2451,5): warning MSB3277:         C:\Users\ultra\.nuget\packages\extended.wpf.toolkit\4.4.0\lib\net5.0\Xceed.Wpf.Toolkit.NET5.dll [C:\Users\ultra\warewolf\Dev\Dev2.Runtime.Tests\Dev2.Runtime.Tests.csproj]
C:\Program Files\dotnet\sdk\10.0.201\Microsoft.Common.CurrentVersion.targets(2451,5): warning MSB3277:           Project file item includes which caused reference "C:\Users\ultra\.nuget\packages\extended.wpf.toolkit\4.4.0\lib\net5.0\Xceed.Wpf.Toolkit.NET5.dll". [C:\Users\ultra\warewolf\Dev\Dev2.Runtime.Tests\Dev2.Runtime.Tests.csproj]
C:\Program Files\dotnet\sdk\10.0.201\Microsoft.Common.CurrentVersion.targets(2451,5): warning MSB3277:             C:\Users\ultra\.nuget\packages\extended.wpf.toolkit\4.4.0\lib\net5.0\Xceed.Wpf.Toolkit.NET5.dll [C:\Users\ultra\warewolf\Dev\Dev2.Runtime.Tests\Dev2.Runtime.Tests.csproj]
C:\Program Files\dotnet\sdk\10.0.201\Microsoft.Common.CurrentVersion.targets(2451,5): warning MSB3277:         C:\Users\ultra\.nuget\packages\fontawesome.wpf\4.7.0.9\lib\net40\FontAwesome.WPF.dll [C:\Users\ultra\warewolf\Dev\Dev2.Runtime.Tests\Dev2.Runtime.Tests.csproj]
C:\Program Files\dotnet\sdk\10.0.201\Microsoft.Common.CurrentVersion.targets(2451,5): warning MSB3277:           Project file item includes which caused reference "C:\Users\ultra\.nuget\packages\fontawesome.wpf\4.7.0.9\lib\net40\FontAwesome.WPF.dll". [C:\Users\ultra\warewolf\Dev\Dev2.Runtime.Tests\Dev2.Runtime.Tests.csproj]
C:\Program Files\dotnet\sdk\10.0.201\Microsoft.Common.CurrentVersion.targets(2451,5): warning MSB3277:             C:\Users\ultra\.nuget\packages\fontawesome.wpf\4.7.0.9\lib\net40\FontAwesome.WPF.dll [C:\Users\ultra\warewolf\Dev\Dev2.Runtime.Tests\Dev2.Runtime.Tests.csproj]
C:\Program Files\dotnet\sdk\10.0.201\Microsoft.Common.CurrentVersion.targets(2451,5): warning MSB3277:         C:\Users\ultra\.nuget\packages\ironpython\3.4.0\lib\net6.0\IronPython.Wpf.dll [C:\Users\ultra\warewolf\Dev\Dev2.Runtime.Tests\Dev2.Runtime.Tests.csproj]
C:\Program Files\dotnet\sdk\10.0.201\Microsoft.Common.CurrentVersion.targets(2451,5): warning MSB3277:           Project file item includes which caused reference "C:\Users\ultra\.nuget\packages\ironpython\3.4.0\lib\net6.0\IronPython.Wpf.dll". [C:\Users\ultra\warewolf\Dev\Dev2.Runtime.Tests\Dev2.Runtime.Tests.csproj]
C:\Program Files\dotnet\sdk\10.0.201\Microsoft.Common.CurrentVersion.targets(2451,5): warning MSB3277:             C:\Users\ultra\.nuget\packages\ironpython\3.4.0\lib\net6.0\IronPython.Wpf.dll [C:\Users\ultra\warewolf\Dev\Dev2.Runtime.Tests\Dev2.Runtime.Tests.csproj]
C:\Program Files\dotnet\sdk\10.0.201\Microsoft.Common.CurrentVersion.targets(2451,5): warning MSB3277:         C:\Users\ultra\.nuget\packages\microsoft.xaml.behaviors.wpf\1.1.122\lib\net462\Microsoft.Xaml.Behaviors.dll [C:\Users\ultra\warewolf\Dev\Dev2.Runtime.Tests\Dev2.Runtime.Tests.csproj]
C:\Program Files\dotnet\sdk\10.0.201\Microsoft.Common.CurrentVersion.targets(2451,5): warning MSB3277:           Project file item includes which caused reference "C:\Users\ultra\.nuget\packages\microsoft.xaml.behaviors.wpf\1.1.122\lib\net462\Microsoft.Xaml.Behaviors.dll". [C:\Users\ultra\warewolf\Dev\Dev2.Runtime.Tests\Dev2.Runtime.Tests.csproj]
C:\Program Files\dotnet\sdk\10.0.201\Microsoft.Common.CurrentVersion.targets(2451,5): warning MSB3277:             C:\Users\ultra\.nuget\packages\microsoft.xaml.behaviors.wpf\1.1.122\lib\net462\Microsoft.Xaml.Behaviors.dll [C:\Users\ultra\warewolf\Dev\Dev2.Runtime.Tests\Dev2.Runtime.Tests.csproj]
C:\Program Files\dotnet\sdk\10.0.201\Microsoft.Common.CurrentVersion.targets(2451,5): warning MSB3277:             C:\Users\ultra\.nuget\packages\caliburn.micro\4.0.212\lib\netcoreapp3.1\Caliburn.Micro.Platform.dll [C:\Users\ultra\warewolf\Dev\Dev2.Runtime.Tests\Dev2.Runtime.Tests.csproj]
C:\Program Files\dotnet\sdk\10.0.201\Microsoft.Common.CurrentVersion.targets(2451,5): warning MSB3277:             C:\Users\ultra\.nuget\packages\prism.wpf\9.0.537\lib\net462\Prism.Wpf.dll [C:\Users\ultra\warewolf\Dev\Dev2.Runtime.Tests\Dev2.Runtime.Tests.csproj]
C:\Program Files\dotnet\sdk\10.0.201\Microsoft.Common.CurrentVersion.targets(2451,5): warning MSB3277:         C:\Users\ultra\.nuget\packages\prism.composition\5.0.0\lib\NET45\Microsoft.Practices.Prism.Composition.dll [C:\Users\ultra\warewolf\Dev\Dev2.Runtime.Tests\Dev2.Runtime.Tests.csproj]
C:\Program Files\dotnet\sdk\10.0.201\Microsoft.Common.CurrentVersion.targets(2451,5): warning MSB3277:           Project file item includes which caused reference "C:\Users\ultra\.nuget\packages\prism.composition\5.0.0\lib\NET45\Microsoft.Practices.Prism.Composition.dll". [C:\Users\ultra\warewolf\Dev\Dev2.Runtime.Tests\Dev2.Runtime.Tests.csproj]
C:\Program Files\dotnet\sdk\10.0.201\Microsoft.Common.CurrentVersion.targets(2451,5): warning MSB3277:             C:\Users\ultra\.nuget\packages\prism.composition\5.0.0\lib\NET45\Microsoft.Practices.Prism.Composition.dll [C:\Users\ultra\warewolf\Dev\Dev2.Runtime.Tests\Dev2.Runtime.Tests.csproj]
C:\Program Files\dotnet\sdk\10.0.201\Microsoft.Common.CurrentVersion.targets(2451,5): warning MSB3277:             C:\Users\ultra\.nuget\packages\prism.unityextensions\5.0.1\lib\NET45\Microsoft.Practices.Prism.UnityExtensions.dll [C:\Users\ultra\warewolf\Dev\Dev2.Runtime.Tests\Dev2.Runtime.Tests.csproj]
C:\Program Files\dotnet\sdk\10.0.201\Microsoft.Common.CurrentVersion.targets(2451,5): warning MSB3277:         C:\Users\ultra\.nuget\packages\prism.interactivity\5.0.0\lib\NET45\Microsoft.Practices.Prism.Interactivity.dll [C:\Users\ultra\warewolf\Dev\Dev2.Runtime.Tests\Dev2.Runtime.Tests.csproj]
C:\Program Files\dotnet\sdk\10.0.201\Microsoft.Common.CurrentVersion.targets(2451,5): warning MSB3277:           Project file item includes which caused reference "C:\Users\ultra\.nuget\packages\prism.interactivity\5.0.0\lib\NET45\Microsoft.Practices.Prism.Interactivity.dll". [C:\Users\ultra\warewolf\Dev\Dev2.Runtime.Tests\Dev2.Runtime.Tests.csproj]
C:\Program Files\dotnet\sdk\10.0.201\Microsoft.Common.CurrentVersion.targets(2451,5): warning MSB3277:             C:\Users\ultra\.nuget\packages\prism.interactivity\5.0.0\lib\NET45\Microsoft.Practices.Prism.Interactivity.dll [C:\Users\ultra\warewolf\Dev\Dev2.Runtime.Tests\Dev2.Runtime.Tests.csproj]
C:\Program Files\dotnet\sdk\10.0.201\Microsoft.Common.CurrentVersion.targets(2451,5): warning MSB3277:         C:\Users\ultra\.nuget\packages\prism.mvvm\1.0.0\lib\net45\Microsoft.Practices.Prism.Mvvm.Desktop.dll [C:\Users\ultra\warewolf\Dev\Dev2.Runtime.Tests\Dev2.Runtime.Tests.csproj]
C:\Program Files\dotnet\sdk\10.0.201\Microsoft.Common.CurrentVersion.targets(2451,5): warning MSB3277:           Project file item includes which caused reference "C:\Users\ultra\.nuget\packages\prism.mvvm\1.0.0\lib\net45\Microsoft.Practices.Prism.Mvvm.Desktop.dll". [C:\Users\ultra\warewolf\Dev\Dev2.Runtime.Tests\Dev2.Runtime.Tests.csproj]
C:\Program Files\dotnet\sdk\10.0.201\Microsoft.Common.CurrentVersion.targets(2451,5): warning MSB3277:             C:\Users\ultra\.nuget\packages\prism.mvvm\1.0.0\lib\net45\Microsoft.Practices.Prism.Mvvm.Desktop.dll [C:\Users\ultra\warewolf\Dev\Dev2.Runtime.Tests\Dev2.Runtime.Tests.csproj]
C:\Program Files\dotnet\sdk\10.0.201\Microsoft.Common.CurrentVersion.targets(2451,5): warning MSB3277:         C:\Users\ultra\.nuget\packages\prism.unityextensions\5.0.1\lib\NET45\Microsoft.Practices.Prism.UnityExtensions.dll [C:\Users\ultra\warewolf\Dev\Dev2.Runtime.Tests\Dev2.Runtime.Tests.csproj]
C:\Program Files\dotnet\sdk\10.0.201\Microsoft.Common.CurrentVersion.targets(2451,5): warning MSB3277:           Project file item includes which caused reference "C:\Users\ultra\.nuget\packages\prism.unityextensions\5.0.1\lib\NET45\Microsoft.Practices.Prism.UnityExtensions.dll". [C:\Users\ultra\warewolf\Dev\Dev2.Runtime.Tests\Dev2.Runtime.Tests.csproj]
C:\Program Files\dotnet\sdk\10.0.201\Microsoft.Common.CurrentVersion.targets(2451,5): warning MSB3277:             C:\Users\ultra\.nuget\packages\prism.unityextensions\5.0.1\lib\NET45\Microsoft.Practices.Prism.UnityExtensions.dll [C:\Users\ultra\warewolf\Dev\Dev2.Runtime.Tests\Dev2.Runtime.Tests.csproj]
C:\Program Files\dotnet\sdk\10.0.201\Microsoft.Common.CurrentVersion.targets(2451,5): warning MSB3277:         C:\Users\ultra\.nuget\packages\prism.wpf\9.0.537\lib\net462\Prism.Wpf.dll [C:\Users\ultra\warewolf\Dev\Dev2.Runtime.Tests\Dev2.Runtime.Tests.csproj]
C:\Program Files\dotnet\sdk\10.0.201\Microsoft.Common.CurrentVersion.targets(2451,5): warning MSB3277:           Project file item includes which caused reference "C:\Users\ultra\.nuget\packages\prism.wpf\9.0.537\lib\net462\Prism.Wpf.dll". [C:\Users\ultra\warewolf\Dev\Dev2.Runtime.Tests\Dev2.Runtime.Tests.csproj]
C:\Program Files\dotnet\sdk\10.0.201\Microsoft.Common.CurrentVersion.targets(2451,5): warning MSB3277:             C:\Users\ultra\.nuget\packages\prism.wpf\9.0.537\lib\net462\Prism.Wpf.dll [C:\Users\ultra\warewolf\Dev\Dev2.Runtime.Tests\Dev2.Runtime.Tests.csproj]
C:\Program Files\dotnet\sdk\10.0.201\Microsoft.Common.CurrentVersion.targets(2451,5): warning MSB3277:         C:\Users\ultra\.nuget\packages\reactiveui.wpf\18.4.1\lib\net462\ReactiveUI.Wpf.dll [C:\Users\ultra\warewolf\Dev\Dev2.Runtime.Tests\Dev2.Runtime.Tests.csproj]
C:\Program Files\dotnet\sdk\10.0.201\Microsoft.Common.CurrentVersion.targets(2451,5): warning MSB3277:           Project file item includes which caused reference "C:\Users\ultra\.nuget\packages\reactiveui.wpf\18.4.1\lib\net462\ReactiveUI.Wpf.dll". [C:\Users\ultra\warewolf\Dev\Dev2.Runtime.Tests\Dev2.Runtime.Tests.csproj]
C:\Program Files\dotnet\sdk\10.0.201\Microsoft.Common.CurrentVersion.targets(2451,5): warning MSB3277:             C:\Users\ultra\.nuget\packages\reactiveui.wpf\18.4.1\lib\net462\ReactiveUI.Wpf.dll [C:\Users\ultra\warewolf\Dev\Dev2.Runtime.Tests\Dev2.Runtime.Tests.csproj]
C:\Program Files\dotnet\sdk\10.0.201\Microsoft.Common.CurrentVersion.targets(2451,5): warning MSB3277: Found conflicts between different versions of "System.Drawing.Common" that could not be resolved. [C:\Users\ultra\warewolf\Dev\Dev2.Runtime.Tests\Dev2.Runtime.Tests.csproj]
C:\Program Files\dotnet\sdk\10.0.201\Microsoft.Common.CurrentVersion.targets(2451,5): warning MSB3277: There was a conflict between "System.Drawing.Common, Version=6.0.0.0, Culture=neutral, PublicKeyToken=cc7b13ffcd2ddd51" and "System.Drawing.Common, Version=8.0.0.0, Culture=neutral, PublicKeyToken=cc7b13ffcd2ddd51". [C:\Users\ultra\warewolf\Dev\Dev2.Runtime.Tests\Dev2.Runtime.Tests.csproj]
C:\Program Files\dotnet\sdk\10.0.201\Microsoft.Common.CurrentVersion.targets(2451,5): warning MSB3277:     "System.Drawing.Common, Version=6.0.0.0, Culture=neutral, PublicKeyToken=cc7b13ffcd2ddd51" was chosen because it was primary and "System.Drawing.Common, Version=8.0.0.0, Culture=neutral, PublicKeyToken=cc7b13ffcd2ddd51" was not. [C:\Users\ultra\warewolf\Dev\Dev2.Runtime.Tests\Dev2.Runtime.Tests.csproj]
C:\Program Files\dotnet\sdk\10.0.201\Microsoft.Common.CurrentVersion.targets(2451,5): warning MSB3277:     References which depend on "System.Drawing.Common, Version=6.0.0.0, Culture=neutral, PublicKeyToken=cc7b13ffcd2ddd51" [C:\Users\ultra\.nuget\packages\system.drawing.common\6.0.0\lib\net6.0\System.Drawing.Common.dll]. [C:\Users\ultra\warewolf\Dev\Dev2.Runtime.Tests\Dev2.Runtime.Tests.csproj]
C:\Program Files\dotnet\sdk\10.0.201\Microsoft.Common.CurrentVersion.targets(2451,5): warning MSB3277:         C:\Users\ultra\.nuget\packages\system.drawing.common\6.0.0\lib\net6.0\System.Drawing.Common.dll [C:\Users\ultra\warewolf\Dev\Dev2.Runtime.Tests\Dev2.Runtime.Tests.csproj]
C:\Program Files\dotnet\sdk\10.0.201\Microsoft.Common.CurrentVersion.targets(2451,5): warning MSB3277:           Project file item includes which caused reference "C:\Users\ultra\.nuget\packages\system.drawing.common\6.0.0\lib\net6.0\System.Drawing.Common.dll". [C:\Users\ultra\warewolf\Dev\Dev2.Runtime.Tests\Dev2.Runtime.Tests.csproj]
C:\Program Files\dotnet\sdk\10.0.201\Microsoft.Common.CurrentVersion.targets(2451,5): warning MSB3277:             C:\Users\ultra\.nuget\packages\system.drawing.common\6.0.0\lib\net6.0\System.Drawing.Common.dll [C:\Users\ultra\warewolf\Dev\Dev2.Runtime.Tests\Dev2.Runtime.Tests.csproj]
C:\Program Files\dotnet\sdk\10.0.201\Microsoft.Common.CurrentVersion.targets(2451,5): warning MSB3277:     References which depend on or have been unified to "System.Drawing.Common, Version=8.0.0.0, Culture=neutral, PublicKeyToken=cc7b13ffcd2ddd51" []. [C:\Users\ultra\warewolf\Dev\Dev2.Runtime.Tests\Dev2.Runtime.Tests.csproj]
C:\Program Files\dotnet\sdk\10.0.201\Microsoft.Common.CurrentVersion.targets(2451,5): warning MSB3277:         C:\Users\ultra\.nuget\packages\servicestack\6.3.0\lib\net6.0\ServiceStack.dll [C:\Users\ultra\warewolf\Dev\Dev2.Runtime.Tests\Dev2.Runtime.Tests.csproj]
C:\Program Files\dotnet\sdk\10.0.201\Microsoft.Common.CurrentVersion.targets(2451,5): warning MSB3277:           Project file item includes which caused reference "C:\Users\ultra\.nuget\packages\servicestack\6.3.0\lib\net6.0\ServiceStack.dll". [C:\Users\ultra\warewolf\Dev\Dev2.Runtime.Tests\Dev2.Runtime.Tests.csproj]
C:\Program Files\dotnet\sdk\10.0.201\Microsoft.Common.CurrentVersion.targets(2451,5): warning MSB3277:             C:\Users\ultra\.nuget\packages\servicestack\6.3.0\lib\net6.0\ServiceStack.dll [C:\Users\ultra\warewolf\Dev\Dev2.Runtime.Tests\Dev2.Runtime.Tests.csproj]
C:\Program Files\dotnet\sdk\10.0.201\Microsoft.Common.CurrentVersion.targets(2451,5): warning MSB3277:         C:\Users\ultra\.nuget\packages\system.windows.extensions\8.0.0\lib\net8.0\System.Windows.Extensions.dll [C:\Users\ultra\warewolf\Dev\Dev2.Runtime.Tests\Dev2.Runtime.Tests.csproj]
C:\Program Files\dotnet\sdk\10.0.201\Microsoft.Common.CurrentVersion.targets(2451,5): warning MSB3277:           Project file item includes which caused reference "C:\Users\ultra\.nuget\packages\system.windows.extensions\8.0.0\lib\net8.0\System.Windows.Extensions.dll". [C:\Users\ultra\warewolf\Dev\Dev2.Runtime.Tests\Dev2.Runtime.Tests.csproj]
C:\Program Files\dotnet\sdk\10.0.201\Microsoft.Common.CurrentVersion.targets(2451,5): warning MSB3277:             C:\Users\ultra\.nuget\packages\system.windows.extensions\8.0.0\lib\net8.0\System.Windows.Extensions.dll [C:\Users\ultra\warewolf\Dev\Dev2.Runtime.Tests\Dev2.Runtime.Tests.csproj]
C:\Program Files\dotnet\sdk\10.0.201\Microsoft.Common.CurrentVersion.targets(2451,5): warning MSB3277:             C:\Users\ultra\.nuget\packages\extended.wpf.toolkit\4.4.0\lib\net5.0\Xceed.Wpf.Toolkit.NET5.dll [C:\Users\ultra\warewolf\Dev\Dev2.Runtime.Tests\Dev2.Runtime.Tests.csproj]
C:\Program Files\dotnet\sdk\10.0.201\Microsoft.Common.CurrentVersion.targets(2451,5): warning MSB3277:             C:\Users\ultra\.nuget\packages\system.security.permissions\8.0.0\lib\net8.0\System.Security.Permissions.dll [C:\Users\ultra\warewolf\Dev\Dev2.Runtime.Tests\Dev2.Runtime.Tests.csproj]
C:\Program Files\dotnet\sdk\10.0.201\Microsoft.Common.CurrentVersion.targets(2451,5): warning MSB3277:             C:\Users\ultra\warewolf\Dev\Dev2.Data\bin\Debug\net8.0\Dev2.Data.dll [C:\Users\ultra\warewolf\Dev\Dev2.Runtime.Tests\Dev2.Runtime.Tests.csproj]
C:\Program Files\dotnet\sdk\10.0.201\Microsoft.Common.CurrentVersion.targets(2451,5): warning MSB3277:             C:\Users\ultra\warewolf\Dev\Dev2.Activities.Tests\bin\Debug\net8.0\linux-x64\Dev2.Activities.Tests.dll [C:\Users\ultra\warewolf\Dev\Dev2.Runtime.Tests\Dev2.Runtime.Tests.csproj]
C:\Program Files\dotnet\sdk\10.0.201\Microsoft.Common.CurrentVersion.targets(2451,5): warning MSB3277:             C:\Users\ultra\warewolf\Dev\Dev2.Activities\bin\Debug\net8.0\Dev2.Activities.dll [C:\Users\ultra\warewolf\Dev\Dev2.Runtime.Tests\Dev2.Runtime.Tests.csproj]
C:\Program Files\dotnet\sdk\10.0.201\Microsoft.Common.CurrentVersion.targets(2451,5): warning MSB3277:             C:\Users\ultra\warewolf\Dev\Dev2.Infrastructure.Tests\bin\Debug\net8.0\linux-x64\Dev2.Infrastructure.Tests.dll [C:\Users\ultra\warewolf\Dev\Dev2.Runtime.Tests\Dev2.Runtime.Tests.csproj]
C:\Program Files\dotnet\sdk\10.0.201\Microsoft.Common.CurrentVersion.targets(2451,5): warning MSB3277:             C:\Users\ultra\warewolf\Dev\Dev2.Core\bin\Debug\net8.0\Dev2.Core.dll [C:\Users\ultra\warewolf\Dev\Dev2.Runtime.Tests\Dev2.Runtime.Tests.csproj]
C:\Program Files\dotnet\sdk\10.0.201\Microsoft.Common.CurrentVersion.targets(2451,5): warning MSB3277:             C:\Users\ultra\warewolf\Dev\Dev2.Runtime.Services\bin\Debug\net8.0\Dev2.Runtime.Services.dll [C:\Users\ultra\warewolf\Dev\Dev2.Runtime.Tests\Dev2.Runtime.Tests.csproj]
C:\Program Files\dotnet\sdk\10.0.201\Microsoft.Common.CurrentVersion.targets(2451,5): warning MSB3277:             C:\Users\ultra\warewolf\Dev\Dev2.Runtime.WebServer\bin\Debug\net8.0\Dev2.Runtime.WebServer.dll [C:\Users\ultra\warewolf\Dev\Dev2.Runtime.Tests\Dev2.Runtime.Tests.csproj]
C:\Program Files\dotnet\sdk\10.0.201\Microsoft.Common.CurrentVersion.targets(2451,5): warning MSB3277:             C:\Users\ultra\warewolf\Dev\Dev2.Runtime\bin\Debug\net8.0\Dev2.Runtime.dll [C:\Users\ultra\warewolf\Dev\Dev2.Runtime.Tests\Dev2.Runtime.Tests.csproj]
C:\Program Files\dotnet\sdk\10.0.201\Microsoft.Common.CurrentVersion.targets(2451,5): warning MSB3277:             C:\Users\ultra\warewolf\Dev\Dev2.Scheduler\bin\Debug\net8.0\Dev2.Scheduler.dll [C:\Users\ultra\warewolf\Dev\Dev2.Runtime.Tests\Dev2.Runtime.Tests.csproj]
C:\Program Files\dotnet\sdk\10.0.201\Microsoft.Common.CurrentVersion.targets(2451,5): warning MSB3277:             C:\Users\ultra\warewolf\Dev\Dev2.Services.Execution\bin\Debug\net8.0\Dev2.Services.Execution.dll [C:\Users\ultra\warewolf\Dev\Dev2.Runtime.Tests\Dev2.Runtime.Tests.csproj]
C:\Program Files\dotnet\sdk\10.0.201\Microsoft.Common.CurrentVersion.targets(2451,5): warning MSB3277:             C:\Users\ultra\warewolf\Dev\Dev2.Studio.Interfaces\bin\Debug\net8.0\Dev2.Studio.Interfaces.dll [C:\Users\ultra\warewolf\Dev\Dev2.Runtime.Tests\Dev2.Runtime.Tests.csproj]
C:\Program Files\dotnet\sdk\10.0.201\Microsoft.Common.CurrentVersion.targets(2451,5): warning MSB3277:             C:\Users\ultra\warewolf\Dev\TestBase\bin\Debug\net8.0\TestBase.dll [C:\Users\ultra\warewolf\Dev\Dev2.Runtime.Tests\Dev2.Runtime.Tests.csproj]
C:\Program Files\dotnet\sdk\10.0.201\Microsoft.Common.CurrentVersion.targets(2451,5): warning MSB3277:             C:\Users\ultra\warewolf\Dev\Warewolf.Auditing\bin\Debug\net8.0\Warewolf.Auditing.dll [C:\Users\ultra\warewolf\Dev\Dev2.Runtime.Tests\Dev2.Runtime.Tests.csproj]
C:\Program Files\dotnet\sdk\10.0.201\Microsoft.Common.CurrentVersion.targets(2451,5): warning MSB3277:             C:\Users\ultra\warewolf\Dev\Warewolf.Common.Framework48\bin\Debug\net8.0\Warewolf.Common.Framework48.dll [C:\Users\ultra\warewolf\Dev\Dev2.Runtime.Tests\Dev2.Runtime.Tests.csproj]
C:\Program Files\dotnet\sdk\10.0.201\Microsoft.Common.CurrentVersion.targets(2451,5): warning MSB3277:             C:\Users\ultra\warewolf\Dev\Warewolf.Core\bin\Debug\net8.0\Warewolf.Core.dll [C:\Users\ultra\warewolf\Dev\Dev2.Runtime.Tests\Dev2.Runtime.Tests.csproj]
C:\Program Files\dotnet\sdk\10.0.201\Microsoft.Common.CurrentVersion.targets(2451,5): warning MSB3277:             C:\Users\ultra\warewolf\Dev\Warewolf.ResourceManagement\bin\Debug\net8.0\Warewolf.ResourceManagement.dll [C:\Users\ultra\warewolf\Dev\Dev2.Runtime.Tests\Dev2.Runtime.Tests.csproj]
C:\Program Files\dotnet\sdk\10.0.201\Microsoft.Common.CurrentVersion.targets(2451,5): warning MSB3277:             C:\Users\ultra\warewolf\Dev\Warewolf.Trigger.Queue\bin\Debug\net8.0\Warewolf.Trigger.Queue.dll [C:\Users\ultra\warewolf\Dev\Dev2.Runtime.Tests\Dev2.Runtime.Tests.csproj]
C:\Program Files\dotnet\sdk\10.0.201\Microsoft.Common.CurrentVersion.targets(2451,5): warning MSB3277:             C:\Users\ultra\warewolf\Dev\Dev2.Common.Tests\bin\Debug\net8.0\Dev2.Common.Tests.dll [C:\Users\ultra\warewolf\Dev\Dev2.Runtime.Tests\Dev2.Runtime.Tests.csproj]
C:\Program Files\dotnet\sdk\10.0.201\Microsoft.Common.CurrentVersion.targets(2451,5): warning MSB3277:             C:\Users\ultra\warewolf\Dev\Dev2.Diagnostics.Tests\bin\Debug\net8.0\linux-x64\Dev2.Diagnostics.Tests.dll [C:\Users\ultra\warewolf\Dev\Dev2.Runtime.Tests\Dev2.Runtime.Tests.csproj]
C:\Program Files\dotnet\sdk\10.0.201\Microsoft.Common.CurrentVersion.targets(2451,5): warning MSB3277:             C:\Users\ultra\warewolf\Dev\Dev2.Intellisense\bin\Debug\net8.0\Dev2.Intellisense.dll [C:\Users\ultra\warewolf\Dev\Dev2.Runtime.Tests\Dev2.Runtime.Tests.csproj]
C:\Program Files\dotnet\sdk\10.0.201\Microsoft.Common.CurrentVersion.targets(2451,5): warning MSB3277:             C:\Users\ultra\warewolf\Dev\Dev2.Studio.Core\bin\Debug\net8.0\Dev2.Studio.Core.dll [C:\Users\ultra\warewolf\Dev\Dev2.Runtime.Tests\Dev2.Runtime.Tests.csproj]
C:\Program Files\dotnet\sdk\10.0.201\Microsoft.Common.CurrentVersion.targets(2451,5): warning MSB3277:             C:\Users\ultra\warewolf\Dev\Warewolf.HangfireServer\bin\Debug\net8.0\linux-x64\HangfireServer.dll [C:\Users\ultra\warewolf\Dev\Dev2.Runtime.Tests\Dev2.Runtime.Tests.csproj]
C:\Program Files\dotnet\sdk\10.0.201\Microsoft.Common.CurrentVersion.targets(2451,5): warning MSB3277:             C:\Users\ultra\warewolf\Dev\Warewolf.QueueWorker\bin\Debug\net8.0\linux-x64\QueueWorker.dll [C:\Users\ultra\warewolf\Dev\Dev2.Runtime.Tests\Dev2.Runtime.Tests.csproj]
C:\Program Files\dotnet\sdk\10.0.201\Microsoft.Common.CurrentVersion.targets(2451,5): warning MSB3277:             C:\Users\ultra\warewolf\Dev\Dev2.Server\bin\Debug\net8.0\linux-x64\Warewolf Server.dll [C:\Users\ultra\warewolf\Dev\Dev2.Runtime.Tests\Dev2.Runtime.Tests.csproj]
C:\Program Files\dotnet\sdk\10.0.201\Microsoft.Common.CurrentVersion.targets(2451,5): warning MSB3277:             C:\Users\ultra\warewolf\Dev\Dev2.Studio\bin\Debug\net8.0\linux-x64\Warewolf Studio.dll [C:\Users\ultra\warewolf\Dev\Dev2.Runtime.Tests\Dev2.Runtime.Tests.csproj]
C:\Program Files\dotnet\sdk\10.0.201\Microsoft.Common.CurrentVersion.targets(2451,5): warning MSB3277:             C:\Users\ultra\warewolf\Dev\Warewolf.Common.NetStandard20\bin\Debug\net8.0\Warewolf.Common.NetStandard20.dll [C:\Users\ultra\warewolf\Dev\Dev2.Runtime.Tests\Dev2.Runtime.Tests.csproj]
C:\Program Files\dotnet\sdk\10.0.201\Microsoft.Common.CurrentVersion.targets(2451,5): warning MSB3277:             C:\Users\ultra\warewolf\Dev\Warewolf.Core.Tests\bin\Debug\net8.0\linux-x64\Warewolf.Core.Tests.dll [C:\Users\ultra\warewolf\Dev\Dev2.Runtime.Tests\Dev2.Runtime.Tests.csproj]
C:\Program Files\dotnet\sdk\10.0.201\Microsoft.Common.CurrentVersion.targets(2451,5): warning MSB3277:             C:\Users\ultra\warewolf\Dev\Warewolf.Driver.Persistence\bin\Debug\net8.0\Warewolf.Driver.Persistence.dll [C:\Users\ultra\warewolf\Dev\Dev2.Runtime.Tests\Dev2.Runtime.Tests.csproj]
C:\Program Files\dotnet\sdk\10.0.201\Microsoft.Common.CurrentVersion.targets(2451,5): warning MSB3277:             C:\Users\ultra\warewolf\Dev\Warewolf.Exchange.Email.Wrapper\bin\Debug\net8.0\Warewolf.Exchange.Email.Wrapper.dll [C:\Users\ultra\warewolf\Dev\Dev2.Runtime.Tests\Dev2.Runtime.Tests.csproj]
C:\Program Files\dotnet\sdk\10.0.201\Microsoft.Common.CurrentVersion.targets(2451,5): warning MSB3277:             C:\Users\ultra\warewolf\Dev\Warewolf.MergeParser.Tests\bin\Debug\net8.0\linux-x64\Warewolf.MergeParser.Tests.dll [C:\Users\ultra\warewolf\Dev\Dev2.Runtime.Tests\Dev2.Runtime.Tests.csproj]
C:\Program Files\dotnet\sdk\10.0.201\Microsoft.Common.CurrentVersion.targets(2451,5): warning MSB3277:             C:\Users\ultra\warewolf\Dev\Warewolf.Studio.Core\bin\Debug\net8.0\Warewolf.Studio.Core.dll [C:\Users\ultra\warewolf\Dev\Dev2.Runtime.Tests\Dev2.Runtime.Tests.csproj]
C:\Program Files\dotnet\sdk\10.0.201\Microsoft.Common.CurrentVersion.targets(2451,5): warning MSB3277:             C:\Users\ultra\warewolf\Dev\Warewolf.Studio.CustomControls\bin\Debug\net8.0\Warewolf.Studio.CustomControls.dll [C:\Users\ultra\warewolf\Dev\Dev2.Runtime.Tests\Dev2.Runtime.Tests.csproj]
C:\Program Files\dotnet\sdk\10.0.201\Microsoft.Common.CurrentVersion.targets(2451,5): warning MSB3277:             C:\Users\ultra\warewolf\Dev\Warewolf.Studio.Models\bin\Debug\net8.0\Warewolf.Studio.Models.dll [C:\Users\ultra\warewolf\Dev\Dev2.Runtime.Tests\Dev2.Runtime.Tests.csproj]
C:\Program Files\dotnet\sdk\10.0.201\Microsoft.Common.CurrentVersion.targets(2451,5): warning MSB3277:             C:\Users\ultra\warewolf\Dev\Warewolf.Studio.ViewModels\bin\Debug\net8.0\Warewolf.Studio.ViewModels.dll [C:\Users\ultra\warewolf\Dev\Dev2.Runtime.Tests\Dev2.Runtime.Tests.csproj]
C:\Program Files\dotnet\sdk\10.0.201\Microsoft.Common.CurrentVersion.targets(2451,5): warning MSB3277:             C:\Users\ultra\warewolf\Dev\Warewolf.Testing\bin\Debug\net8.0\Warewolf.Testing.dll [C:\Users\ultra\warewolf\Dev\Dev2.Runtime.Tests\Dev2.Runtime.Tests.csproj]
C:\Program Files\dotnet\sdk\10.0.201\Microsoft.Common.CurrentVersion.targets(2451,5): warning MSB3277:             C:\Users\ultra\warewolf\Dev\Warewolf.UI\bin\Debug\net8.0\Warewolf.UI.dll [C:\Users\ultra\warewolf\Dev\Dev2.Runtime.Tests\Dev2.Runtime.Tests.csproj]
C:\Program Files\dotnet\sdk\10.0.201\Microsoft.Common.CurrentVersion.targets(2451,5): warning MSB3277:             C:\Users\ultra\warewolf\Dev\Warewolf.Logger\bin\Debug\net8.0\linux-x64\WarewolfLogger.dll [C:\Users\ultra\warewolf\Dev\Dev2.Runtime.Tests\Dev2.Runtime.Tests.csproj]
C:\Program Files\dotnet\sdk\10.0.201\Microsoft.Common.CurrentVersion.targets(2451,5): warning MSB3277:             C:\Users\ultra\.nuget\packages\dotnetzip\1.16.0\lib\netstandard2.0\DotNetZip.dll [C:\Users\ultra\warewolf\Dev\Dev2.Runtime.Tests\Dev2.Runtime.Tests.csproj]
C:\Program Files\dotnet\sdk\10.0.201\Microsoft.Common.CurrentVersion.targets(2451,5): warning MSB3277:             C:\Users\ultra\warewolf\Dev\Dev2.Data.Interfaces\bin\Debug\net8.0\Dev2.Data.Interfaces.dll [C:\Users\ultra\warewolf\Dev\Dev2.Runtime.Tests\Dev2.Runtime.Tests.csproj]
C:\Program Files\dotnet\sdk\10.0.201\Microsoft.Common.CurrentVersion.targets(2451,5): warning MSB3277:             C:\Users\ultra\warewolf\Dev\Dev2.Diagnostics\bin\Debug\net8.0\Dev2.Diagnostics.dll [C:\Users\ultra\warewolf\Dev\Dev2.Runtime.Tests\Dev2.Runtime.Tests.csproj]
C:\Program Files\dotnet\sdk\10.0.201\Microsoft.Common.CurrentVersion.targets(2451,5): warning MSB3277:             C:\Users\ultra\warewolf\Dev\Dev2.Infrastructure\bin\Debug\net8.0\Dev2.Infrastructure.dll [C:\Users\ultra\warewolf\Dev\Dev2.Runtime.Tests\Dev2.Runtime.Tests.csproj]
C:\Program Files\dotnet\sdk\10.0.201\Microsoft.Common.CurrentVersion.targets(2451,5): warning MSB3277:             C:\Users\ultra\warewolf\Dev\Dev2.Common\bin\Debug\net8.0\Dev2.Common.dll [C:\Users\ultra\warewolf\Dev\Dev2.Runtime.Tests\Dev2.Runtime.Tests.csproj]
C:\Program Files\dotnet\sdk\10.0.201\Microsoft.Common.CurrentVersion.targets(2451,5): warning MSB3277:             C:\Users\ultra\warewolf\Dev\Dev2.Services.Sql\bin\Debug\net8.0\Dev2.Services.Sql.dll [C:\Users\ultra\warewolf\Dev\Dev2.Runtime.Tests\Dev2.Runtime.Tests.csproj]
C:\Program Files\dotnet\sdk\10.0.201\Microsoft.Common.CurrentVersion.targets(2451,5): warning MSB3277:             C:\Users\ultra\warewolf\Dev\Dev2.TaskScheduler.Wrappers\bin\Debug\net8.0\Dev2.TaskScheduler.Wrappers.dll [C:\Users\ultra\warewolf\Dev\Dev2.Runtime.Tests\Dev2.Runtime.Tests.csproj]
C:\Program Files\dotnet\sdk\10.0.201\Microsoft.Common.CurrentVersion.targets(2451,5): warning MSB3277:             C:\Users\ultra\warewolf\Dev\Dev2.Util\bin\Debug\net8.0\Dev2.Util.dll [C:\Users\ultra\warewolf\Dev\Dev2.Runtime.Tests\Dev2.Runtime.Tests.csproj]
C:\Program Files\dotnet\sdk\10.0.201\Microsoft.Common.CurrentVersion.targets(2451,5): warning MSB3277:             C:\Users\ultra\warewolf\Dev\Warewolf.Storage\bin\Debug\net8.0\Warewolf.Storage.dll [C:\Users\ultra\warewolf\Dev\Dev2.Runtime.Tests\Dev2.Runtime.Tests.csproj]
C:\Program Files\dotnet\sdk\10.0.201\Microsoft.Common.CurrentVersion.targets(2451,5): warning MSB3277:             C:\Users\ultra\warewolf\Dev\Dev2.Development.Languages\bin\Debug\net8.0\Dev2.Development.Languages.dll [C:\Users\ultra\warewolf\Dev\Dev2.Runtime.Tests\Dev2.Runtime.Tests.csproj]
C:\Program Files\dotnet\sdk\10.0.201\Microsoft.Common.CurrentVersion.targets(2451,5): warning MSB3277:             C:\Users\ultra\warewolf\Dev\Warewolf.AI.Harness\bin\Debug\net8.0\Warewolf.AI.Harness.dll [C:\Users\ultra\warewolf\Dev\Dev2.Runtime.Tests\Dev2.Runtime.Tests.csproj]
C:\Program Files\dotnet\sdk\10.0.201\Microsoft.Common.CurrentVersion.targets(2451,5): warning MSB3277:             C:\Users\ultra\warewolf\Dev\Warewolf.Driver.Serilog\bin\Debug\net8.0\Warewolf.Driver.Serilog.dll [C:\Users\ultra\warewolf\Dev\Dev2.Runtime.Tests\Dev2.Runtime.Tests.csproj]
C:\Program Files\dotnet\sdk\10.0.201\Microsoft.Common.CurrentVersion.targets(2451,5): warning MSB3277:             C:\Users\ultra\warewolf\Dev\Warewolf.PerfMon\bin\Debug\net8.0\linux-x64\Warewolf.PerfMon.dll [C:\Users\ultra\warewolf\Dev\Dev2.Runtime.Tests\Dev2.Runtime.Tests.csproj]
C:\Program Files\dotnet\sdk\10.0.201\Microsoft.Common.CurrentVersion.targets(2451,5): warning MSB3277:             C:\Users\ultra\warewolf\Dev\Warewolf.Sharepoint\bin\Debug\net8.0\Warewolf.Sharepoint.dll [C:\Users\ultra\warewolf\Dev\Dev2.Runtime.Tests\Dev2.Runtime.Tests.csproj]
C:\Program Files\dotnet\sdk\10.0.201\Microsoft.Common.CurrentVersion.targets(2451,5): warning MSB3277:             C:\Users\ultra\.nuget\packages\mindbox.data.linq\5.0.0\lib\netstandard2.0\Mindbox.Data.Linq.dll [C:\Users\ultra\warewolf\Dev\Dev2.Runtime.Tests\Dev2.Runtime.Tests.csproj]
C:\Program Files\dotnet\sdk\10.0.201\Microsoft.Common.CurrentVersion.targets(2451,5): warning MSB3277:             C:\Users\ultra\.nuget\packages\mysql.data\8.4.0\lib\net8.0\MySql.Data.dll [C:\Users\ultra\warewolf\Dev\Dev2.Runtime.Tests\Dev2.Runtime.Tests.csproj]
C:\Program Files\dotnet\sdk\10.0.201\Microsoft.Common.CurrentVersion.targets(2451,5): warning MSB3277:             C:\Users\ultra\.nuget\packages\oracle.manageddataaccess.core\3.21.70\lib\netstandard2.1\Oracle.ManagedDataAccess.dll [C:\Users\ultra\warewolf\Dev\Dev2.Runtime.Tests\Dev2.Runtime.Tests.csproj]
C:\Program Files\dotnet\sdk\10.0.201\Microsoft.Common.CurrentVersion.targets(2451,5): warning MSB3277:             C:\Users\ultra\.nuget\packages\system.directoryservices\6.0.0\lib\net6.0\System.DirectoryServices.dll [C:\Users\ultra\warewolf\Dev\Dev2.Runtime.Tests\Dev2.Runtime.Tests.csproj]
C:\Program Files\dotnet\sdk\10.0.201\Microsoft.Common.CurrentVersion.targets(2451,5): warning MSB3277:             C:\Users\ultra\.nuget\packages\corewcf.primitives\1.2.1\lib\netstandard2.0\CoreWCF.Primitives.dll [C:\Users\ultra\warewolf\Dev\Dev2.Runtime.Tests\Dev2.Runtime.Tests.csproj]
C:\Program Files\dotnet\sdk\10.0.201\Microsoft.Common.CurrentVersion.targets(2451,5): warning MSB3277:             C:\Users\ultra\.nuget\packages\corewcf.http\1.2.1\lib\netstandard2.0\CoreWCF.Http.dll [C:\Users\ultra\warewolf\Dev\Dev2.Runtime.Tests\Dev2.Runtime.Tests.csproj]
C:\Program Files\dotnet\sdk\10.0.201\Microsoft.Common.CurrentVersion.targets(2451,5): warning MSB3277:             C:\Users\ultra\.nuget\packages\corewcf.nettcp\1.2.1\lib\netstandard2.0\CoreWCF.NetTcp.dll [C:\Users\ultra\warewolf\Dev\Dev2.Runtime.Tests\Dev2.Runtime.Tests.csproj]
C:\Program Files\dotnet\sdk\10.0.201\Microsoft.Common.CurrentVersion.targets(2451,5): warning MSB3277:             C:\Users\ultra\.nuget\packages\corewcf.webhttp\1.2.1\lib\netstandard2.0\CoreWCF.WebHttp.dll [C:\Users\ultra\warewolf\Dev\Dev2.Runtime.Tests\Dev2.Runtime.Tests.csproj]
C:\Program Files\dotnet\sdk\10.0.201\Microsoft.Common.CurrentVersion.targets(2451,5): warning MSB3277:             C:\Program Files\dotnet\packs\Microsoft.NETCore.App.Ref\8.0.25\ref/net8.0/System.Configuration.dll [C:\Users\ultra\warewolf\Dev\Dev2.Runtime.Tests\Dev2.Runtime.Tests.csproj]
C:\Program Files\dotnet\sdk\10.0.201\Microsoft.Common.CurrentVersion.targets(2451,5): warning MSB3277:             C:\Users\ultra\.nuget\packages\prism.composition\5.0.0\lib\NET45\Microsoft.Practices.Prism.Composition.dll [C:\Users\ultra\warewolf\Dev\Dev2.Runtime.Tests\Dev2.Runtime.Tests.csproj]
C:\Program Files\dotnet\sdk\10.0.201\Microsoft.Common.CurrentVersion.targets(2451,5): warning MSB3277:             C:\Users\ultra\.nuget\packages\prism.unityextensions\5.0.1\lib\NET45\Microsoft.Practices.Prism.UnityExtensions.dll [C:\Users\ultra\warewolf\Dev\Dev2.Runtime.Tests\Dev2.Runtime.Tests.csproj]
C:\Program Files\dotnet\sdk\10.0.201\Microsoft.Common.CurrentVersion.targets(2451,5): warning MSB3277:             C:\Users\ultra\.nuget\packages\prism.wpf\9.0.537\lib\net462\Prism.Wpf.dll [C:\Users\ultra\warewolf\Dev\Dev2.Runtime.Tests\Dev2.Runtime.Tests.csproj]
C:\Program Files\dotnet\sdk\10.0.201\Microsoft.Common.CurrentVersion.targets(2451,5): warning MSB3277:             C:\Program Files\dotnet\packs\Microsoft.NETCore.App.Ref\8.0.25\ref/net8.0/System.Data.dll [C:\Users\ultra\warewolf\Dev\Dev2.Runtime.Tests\Dev2.Runtime.Tests.csproj]
C:\Program Files\dotnet\sdk\10.0.201\Microsoft.Common.CurrentVersion.targets(2451,5): warning MSB3277:             C:\Users\ultra\.nuget\packages\taskschedulereditor\2.10.1\lib\net452\Microsoft.Win32.TaskSchedulerEditor.dll [C:\Users\ultra\warewolf\Dev\Dev2.Runtime.Tests\Dev2.Runtime.Tests.csproj]
C:\Program Files\dotnet\sdk\10.0.201\Microsoft.Common.CurrentVersion.targets(2451,5): warning MSB3277:             C:\Program Files\dotnet\packs\Microsoft.NETCore.App.Ref\8.0.25\ref/net8.0/System.Drawing.dll [C:\Users\ultra\warewolf\Dev\Dev2.Runtime.Tests\Dev2.Runtime.Tests.csproj]
C:\Program Files\dotnet\sdk\10.0.201\Microsoft.Common.CurrentVersion.targets(2451,5): warning MSB3277:             C:\Users\ultra\.nuget\packages\aerowizard\2.3.1\lib\net45\AeroWizard.dll [C:\Users\ultra\warewolf\Dev\Dev2.Runtime.Tests\Dev2.Runtime.Tests.csproj]
C:\Program Files\dotnet\sdk\10.0.201\Microsoft.Common.CurrentVersion.targets(2451,5): warning MSB3277:             C:\Users\ultra\.nuget\packages\avalonedit\6.3.0.90\lib\net462\ICSharpCode.AvalonEdit.dll [C:\Users\ultra\warewolf\Dev\Dev2.Runtime.Tests\Dev2.Runtime.Tests.csproj]
C:\Program Files\dotnet\sdk\10.0.201\Microsoft.Common.CurrentVersion.targets(2451,5): warning MSB3277:             C:\Users\ultra\.nuget\packages\groupcontrols\1.9.0\lib\net45\GroupControls.dll [C:\Users\ultra\warewolf\Dev\Dev2.Runtime.Tests\Dev2.Runtime.Tests.csproj]
C:\Program Files\dotnet\sdk\10.0.201\Microsoft.Common.CurrentVersion.targets(2451,5): warning MSB3277:             C:\Program Files\dotnet\packs\Microsoft.NETCore.App.Ref\8.0.25\ref/net8.0/System.Net.dll [C:\Users\ultra\warewolf\Dev\Dev2.Runtime.Tests\Dev2.Runtime.Tests.csproj]
C:\Program Files\dotnet\sdk\10.0.201\Microsoft.Common.CurrentVersion.targets(2451,5): warning MSB3277:             C:\Program Files\dotnet\packs\Microsoft.NETCore.App.Ref\8.0.25\ref/net8.0/System.Security.dll [C:\Users\ultra\warewolf\Dev\Dev2.Runtime.Tests\Dev2.Runtime.Tests.csproj]
C:\Program Files\dotnet\sdk\10.0.201\Microsoft.Common.CurrentVersion.targets(2451,5): warning MSB3277:             C:\Program Files\dotnet\packs\Microsoft.NETCore.App.Ref\8.0.25\ref/net8.0/System.ServiceProcess.dll [C:\Users\ultra\warewolf\Dev\Dev2.Runtime.Tests\Dev2.Runtime.Tests.csproj]
C:\Program Files\dotnet\sdk\10.0.201\Microsoft.Common.CurrentVersion.targets(2451,5): warning MSB3277:             C:\Program Files\dotnet\packs\Microsoft.NETCore.App.Ref\8.0.25\ref/net8.0/System.Transactions.dll [C:\Users\ultra\warewolf\Dev\Dev2.Runtime.Tests\Dev2.Runtime.Tests.csproj]
C:\Program Files\dotnet\sdk\10.0.201\Microsoft.Common.CurrentVersion.targets(2451,5): warning MSB3277:             C:\Program Files\dotnet\packs\Microsoft.NETCore.App.Ref\8.0.25\ref/net8.0/System.dll [C:\Users\ultra\warewolf\Dev\Dev2.Runtime.Tests\Dev2.Runtime.Tests.csproj]
C:\Program Files\dotnet\sdk\10.0.201\Microsoft.Common.CurrentVersion.targets(2451,5): warning MSB3277:             C:\Users\ultra\.nuget\packages\fontawesome.wpf\4.7.0.9\lib\net40\FontAwesome.WPF.dll [C:\Users\ultra\warewolf\Dev\Dev2.Runtime.Tests\Dev2.Runtime.Tests.csproj]
C:\Program Files\dotnet\sdk\10.0.201\Microsoft.Common.CurrentVersion.targets(2451,5): warning MSB3277:             C:\Users\ultra\.nuget\packages\log4net.async\2.0.4\lib\net40\Log4Net.Async.dll [C:\Users\ultra\warewolf\Dev\Dev2.Runtime.Tests\Dev2.Runtime.Tests.csproj]
C:\Program Files\dotnet\sdk\10.0.201\Microsoft.Common.CurrentVersion.targets(2451,5): warning MSB3277:             C:\Users\ultra\.nuget\packages\microsoft.xaml.behaviors.wpf\1.1.122\lib\net462\Microsoft.Xaml.Behaviors.dll [C:\Users\ultra\warewolf\Dev\Dev2.Runtime.Tests\Dev2.Runtime.Tests.csproj]
C:\Program Files\dotnet\sdk\10.0.201\Microsoft.Common.CurrentVersion.targets(2451,5): warning MSB3277:             C:\Users\ultra\.nuget\packages\caliburn.micro\4.0.212\lib\netcoreapp3.1\Caliburn.Micro.Platform.dll [C:\Users\ultra\warewolf\Dev\Dev2.Runtime.Tests\Dev2.Runtime.Tests.csproj]
C:\Program Files\dotnet\sdk\10.0.201\Microsoft.Common.CurrentVersion.targets(2451,5): warning MSB3277:             C:\Users\ultra\.nuget\packages\prism.interactivity\5.0.0\lib\NET45\Microsoft.Practices.Prism.Interactivity.dll [C:\Users\ultra\warewolf\Dev\Dev2.Runtime.Tests\Dev2.Runtime.Tests.csproj]
C:\Program Files\dotnet\sdk\10.0.201\Microsoft.Common.CurrentVersion.targets(2451,5): warning MSB3277:             C:\Users\ultra\.nuget\packages\prism.mvvm\1.0.0\lib\net45\Microsoft.Practices.Prism.Mvvm.Desktop.dll [C:\Users\ultra\warewolf\Dev\Dev2.Runtime.Tests\Dev2.Runtime.Tests.csproj]
C:\Program Files\dotnet\sdk\10.0.201\Microsoft.Common.CurrentVersion.targets(2451,5): warning MSB3277:             C:\Users\ultra\.nuget\packages\reactiveui.wpf\18.4.1\lib\net462\ReactiveUI.Wpf.dll [C:\Users\ultra\warewolf\Dev\Dev2.Runtime.Tests\Dev2.Runtime.Tests.csproj]
C:\Program Files\dotnet\sdk\10.0.201\Microsoft.Common.CurrentVersion.targets(2451,5): warning MSB3277:             C:\Users\ultra\.nuget\packages\ttcue.netcore.sharepointonline.csom.16.1.8029.1200\16.1.8029.1200\lib\netcoreapp2.0\Microsoft.SharePoint.Client.Runtime.Windows.dll [C:\Users\ultra\warewolf\Dev\Dev2.Runtime.Tests\Dev2.Runtime.Tests.csproj]
C:\Program Files\dotnet\sdk\10.0.201\Microsoft.Common.CurrentVersion.targets(2451,5): warning MSB3277:             C:\Program Files\dotnet\packs\Microsoft.NETCore.App.Ref\8.0.25\ref/net8.0/WindowsBase.dll [C:\Users\ultra\warewolf\Dev\Dev2.Runtime.Tests\Dev2.Runtime.Tests.csproj]
C:\Program Files\dotnet\sdk\10.0.201\Microsoft.Common.CurrentVersion.targets(2451,5): warning MSB3277:             C:\Program Files\dotnet\packs\Microsoft.NETCore.App.Ref\8.0.25\ref/net8.0/mscorlib.dll [C:\Users\ultra\warewolf\Dev\Dev2.Runtime.Tests\Dev2.Runtime.Tests.csproj]
C:\Program Files\dotnet\sdk\10.0.201\Microsoft.Common.CurrentVersion.targets(2451,5): warning MSB3277:             Warewolf.Usage, Version=1.0.0.0, Culture=neutral, PublicKeyToken=null [C:\Users\ultra\warewolf\Dev\Dev2.Runtime.Tests\Dev2.Runtime.Tests.csproj]
C:\Program Files\dotnet\sdk\10.0.201\Microsoft.Common.CurrentVersion.targets(2451,5): warning MSB3277:             C:\Users\ultra\.nuget\packages\hangfire.core\1.7.32\lib\netstandard2.0\Hangfire.Core.dll [C:\Users\ultra\warewolf\Dev\Dev2.Runtime.Tests\Dev2.Runtime.Tests.csproj]
C:\Program Files\dotnet\sdk\10.0.201\Microsoft.Common.CurrentVersion.targets(2451,5): warning MSB3277:             C:\Users\ultra\.nuget\packages\hangfire.aspnetcore\1.7.32\lib\netcoreapp3.0\Hangfire.AspNetCore.dll [C:\Users\ultra\warewolf\Dev\Dev2.Runtime.Tests\Dev2.Runtime.Tests.csproj]
C:\Program Files\dotnet\sdk\10.0.201\Microsoft.Common.CurrentVersion.targets(2451,5): warning MSB3277:             C:\Users\ultra\.nuget\packages\hangfire.sqlserver\1.7.32\lib\netstandard2.0\Hangfire.SqlServer.dll [C:\Users\ultra\warewolf\Dev\Dev2.Runtime.Tests\Dev2.Runtime.Tests.csproj]
C:\Program Files\dotnet\sdk\10.0.201\Microsoft.Common.CurrentVersion.targets(2451,5): warning MSB3277:             C:\Users\ultra\.nuget\packages\microsoft.codecoverage\17.13.0\lib\netcoreapp3.1\Microsoft.VisualStudio.CodeCoverage.Shim.dll [C:\Users\ultra\warewolf\Dev\Dev2.Runtime.Tests\Dev2.Runtime.Tests.csproj]
C:\Program Files\dotnet\sdk\10.0.201\Microsoft.Common.CurrentVersion.targets(2451,5): warning MSB3277:             C:\Users\ultra\.nuget\packages\unofficial.microsoft.mshtml\7.0.3300\lib\net40\Microsoft.mshtml.dll [C:\Users\ultra\warewolf\Dev\Dev2.Runtime.Tests\Dev2.Runtime.Tests.csproj]
C:\Program Files\dotnet\sdk\10.0.201\Microsoft.Common.CurrentVersion.targets(2451,5): warning MSB3277:         C:\Program Files\dotnet\packs\Microsoft.NETCore.App.Ref\8.0.25\ref\net8.0\System.Drawing.dll [C:\Users\ultra\warewolf\Dev\Dev2.Runtime.Tests\Dev2.Runtime.Tests.csproj]
C:\Program Files\dotnet\sdk\10.0.201\Microsoft.Common.CurrentVersion.targets(2451,5): warning MSB3277:           Project file item includes which caused reference "C:\Program Files\dotnet\packs\Microsoft.NETCore.App.Ref\8.0.25\ref\net8.0\System.Drawing.dll". [C:\Users\ultra\warewolf\Dev\Dev2.Runtime.Tests\Dev2.Runtime.Tests.csproj]
C:\Program Files\dotnet\sdk\10.0.201\Microsoft.Common.CurrentVersion.targets(2451,5): warning MSB3277:             C:\Program Files\dotnet\packs\Microsoft.NETCore.App.Ref\8.0.25\ref/net8.0/System.Drawing.dll [C:\Users\ultra\warewolf\Dev\Dev2.Runtime.Tests\Dev2.Runtime.Tests.csproj]
C:\Program Files\dotnet\sdk\10.0.201\Microsoft.Common.CurrentVersion.targets(2451,5): warning MSB3277:             C:\Users\ultra\.nuget\packages\aerowizard\2.3.1\lib\net45\AeroWizard.dll [C:\Users\ultra\warewolf\Dev\Dev2.Runtime.Tests\Dev2.Runtime.Tests.csproj]
C:\Program Files\dotnet\sdk\10.0.201\Microsoft.Common.CurrentVersion.targets(2451,5): warning MSB3277:             C:\Users\ultra\.nuget\packages\avalonedit\6.3.0.90\lib\net462\ICSharpCode.AvalonEdit.dll [C:\Users\ultra\warewolf\Dev\Dev2.Runtime.Tests\Dev2.Runtime.Tests.csproj]
C:\Program Files\dotnet\sdk\10.0.201\Microsoft.Common.CurrentVersion.targets(2451,5): warning MSB3277:             C:\Users\ultra\.nuget\packages\groupcontrols\1.9.0\lib\net45\GroupControls.dll [C:\Users\ultra\warewolf\Dev\Dev2.Runtime.Tests\Dev2.Runtime.Tests.csproj]
C:\Program Files\dotnet\sdk\10.0.201\Microsoft.Common.CurrentVersion.targets(2451,5): warning MSB3277:             C:\Users\ultra\.nuget\packages\taskschedulereditor\2.10.1\lib\net452\Microsoft.Win32.TaskSchedulerEditor.dll [C:\Users\ultra\warewolf\Dev\Dev2.Runtime.Tests\Dev2.Runtime.Tests.csproj]
C:\Users\ultra\warewolf\Dev\Dev2.Runtime.Tests\WebServer\Controllers\TestUserWebServerController.cs(23,29): warning CS0169: The field 'TestUserWebServerController._user' is never used [C:\Users\ultra\warewolf\Dev\Dev2.Runtime.Tests\Dev2.Runtime.Tests.csproj]
C:\Users\ultra\warewolf\Dev\Dev2.Runtime.Tests\ESB\Control\EsbServicesEndpointTests.cs(65,58): warning CA1416: This call site is reachable on all platforms. 'WindowsIdentity.GetCurrent()' is only supported on: 'windows'. (https://learn.microsoft.com/dotnet/fundamentals/code-analysis/quality-rules/ca1416) [C:\Users\ultra\warewolf\Dev\Dev2.Runtime.Tests\Dev2.Runtime.Tests.csproj]
C:\Users\ultra\warewolf\Dev\Dev2.Runtime.Tests\ESB\Control\EsbServicesEndpointTests.cs(96,58): warning CA1416: This call site is reachable on all platforms. 'WindowsIdentity.GetCurrent()' is only supported on: 'windows'. (https://learn.microsoft.com/dotnet/fundamentals/code-analysis/quality-rules/ca1416) [C:\Users\ultra\warewolf\Dev\Dev2.Runtime.Tests\Dev2.Runtime.Tests.csproj]
C:\Users\ultra\warewolf\Dev\Dev2.Runtime.Tests\Services\WorkflowResumeTests.cs(346,46): warning CA1416: This call site is reachable on all platforms. 'WindowsIdentity.GetCurrent()' is only supported on: 'windows'. (https://learn.microsoft.com/dotnet/fundamentals/code-analysis/quality-rules/ca1416) [C:\Users\ultra\warewolf\Dev\Dev2.Runtime.Tests\Dev2.Runtime.Tests.csproj]
C:\Users\ultra\warewolf\Dev\Dev2.Runtime.Tests\Services\WorkflowResumeTests.cs(387,46): warning CA1416: This call site is reachable on all platforms. 'WindowsIdentity.Name' is only supported on: 'windows'. (https://learn.microsoft.com/dotnet/fundamentals/code-analysis/quality-rules/ca1416) [C:\Users\ultra\warewolf\Dev\Dev2.Runtime.Tests\Dev2.Runtime.Tests.csproj]
C:\Users\ultra\warewolf\Dev\Dev2.Runtime.Tests\Services\WorkflowResumeTests.cs(387,46): warning CA1416: This call site is reachable on all platforms. 'WindowsIdentity.GetCurrent()' is only supported on: 'windows'. (https://learn.microsoft.com/dotnet/fundamentals/code-analysis/quality-rules/ca1416) [C:\Users\ultra\warewolf\Dev\Dev2.Runtime.Tests\Dev2.Runtime.Tests.csproj]
C:\Users\ultra\warewolf\Dev\Dev2.Runtime.Tests\Services\WorkflowResumeTests.cs(346,46): warning CA1416: This call site is reachable on all platforms. 'WindowsIdentity.Name' is only supported on: 'windows'. (https://learn.microsoft.com/dotnet/fundamentals/code-analysis/quality-rules/ca1416) [C:\Users\ultra\warewolf\Dev\Dev2.Runtime.Tests\Dev2.Runtime.Tests.csproj]
C:\Users\ultra\warewolf\Dev\Dev2.Runtime.Tests\WebServer\DataObjectExtensionsTests.cs(1893,13): warning MSTEST0038: Use 'AreNotEqual' instead of 'AreNotSame' when comparing value types (https://learn.microsoft.com/dotnet/core/testing/mstest-analyzers/mstest0038) [C:\Users\ultra\warewolf\Dev\Dev2.Runtime.Tests\Dev2.Runtime.Tests.csproj]
  Dev2.Runtime.Tests -> C:\Users\ultra\warewolf\Dev\Dev2.Runtime.Tests\bin\Debug\net8.0\linux-x64\Dev2.Runtime.Tests.dll
  
  INFO: No tasks running with the specified criteria.
  
  INFO: No tasks running with the specified criteria.
C:\Program Files\dotnet\sdk\10.0.201\Microsoft.Common.CurrentVersion.targets(2451,5): warning MSB3277: Found conflicts between different versions of "Microsoft.Win32.SystemEvents" that could not be resolved. [C:\Users\ultra\warewolf\Dev\Dev2.Data.Tests\Dev2.Data.Tests.csproj]
C:\Program Files\dotnet\sdk\10.0.201\Microsoft.Common.CurrentVersion.targets(2451,5): warning MSB3277: There was a conflict between "Microsoft.Win32.SystemEvents, Version=6.0.0.0, Culture=neutral, PublicKeyToken=cc7b13ffcd2ddd51" and "Microsoft.Win32.SystemEvents, Version=7.0.0.0, Culture=neutral, PublicKeyToken=cc7b13ffcd2ddd51". [C:\Users\ultra\warewolf\Dev\Dev2.Data.Tests\Dev2.Data.Tests.csproj]
C:\Program Files\dotnet\sdk\10.0.201\Microsoft.Common.CurrentVersion.targets(2451,5): warning MSB3277:     "Microsoft.Win32.SystemEvents, Version=6.0.0.0, Culture=neutral, PublicKeyToken=cc7b13ffcd2ddd51" was chosen because it was primary and "Microsoft.Win32.SystemEvents, Version=7.0.0.0, Culture=neutral, PublicKeyToken=cc7b13ffcd2ddd51" was not. [C:\Users\ultra\warewolf\Dev\Dev2.Data.Tests\Dev2.Data.Tests.csproj]
C:\Program Files\dotnet\sdk\10.0.201\Microsoft.Common.CurrentVersion.targets(2451,5): warning MSB3277:     References which depend on "Microsoft.Win32.SystemEvents, Version=6.0.0.0, Culture=neutral, PublicKeyToken=cc7b13ffcd2ddd51" [C:\Users\ultra\.nuget\packages\microsoft.win32.systemevents\6.0.0\lib\net6.0\Microsoft.Win32.SystemEvents.dll]. [C:\Users\ultra\warewolf\Dev\Dev2.Data.Tests\Dev2.Data.Tests.csproj]
C:\Program Files\dotnet\sdk\10.0.201\Microsoft.Common.CurrentVersion.targets(2451,5): warning MSB3277:         C:\Users\ultra\.nuget\packages\microsoft.win32.systemevents\6.0.0\lib\net6.0\Microsoft.Win32.SystemEvents.dll [C:\Users\ultra\warewolf\Dev\Dev2.Data.Tests\Dev2.Data.Tests.csproj]
C:\Program Files\dotnet\sdk\10.0.201\Microsoft.Common.CurrentVersion.targets(2451,5): warning MSB3277:           Project file item includes which caused reference "C:\Users\ultra\.nuget\packages\microsoft.win32.systemevents\6.0.0\lib\net6.0\Microsoft.Win32.SystemEvents.dll". [C:\Users\ultra\warewolf\Dev\Dev2.Data.Tests\Dev2.Data.Tests.csproj]
C:\Program Files\dotnet\sdk\10.0.201\Microsoft.Common.CurrentVersion.targets(2451,5): warning MSB3277:             C:\Users\ultra\.nuget\packages\microsoft.win32.systemevents\6.0.0\lib\net6.0\Microsoft.Win32.SystemEvents.dll [C:\Users\ultra\warewolf\Dev\Dev2.Data.Tests\Dev2.Data.Tests.csproj]
C:\Program Files\dotnet\sdk\10.0.201\Microsoft.Common.CurrentVersion.targets(2451,5): warning MSB3277:     References which depend on or have been unified to "Microsoft.Win32.SystemEvents, Version=7.0.0.0, Culture=neutral, PublicKeyToken=cc7b13ffcd2ddd51" []. [C:\Users\ultra\warewolf\Dev\Dev2.Data.Tests\Dev2.Data.Tests.csproj]
C:\Program Files\dotnet\sdk\10.0.201\Microsoft.Common.CurrentVersion.targets(2451,5): warning MSB3277:         C:\Users\ultra\warewolf\Dev\Dev2.Common\bin\Debug\net8.0\Dev2.Common.dll [C:\Users\ultra\warewolf\Dev\Dev2.Data.Tests\Dev2.Data.Tests.csproj]
C:\Program Files\dotnet\sdk\10.0.201\Microsoft.Common.CurrentVersion.targets(2451,5): warning MSB3277:           Project file item includes which caused reference "C:\Users\ultra\warewolf\Dev\Dev2.Common\bin\Debug\net8.0\Dev2.Common.dll". [C:\Users\ultra\warewolf\Dev\Dev2.Data.Tests\Dev2.Data.Tests.csproj]
C:\Program Files\dotnet\sdk\10.0.201\Microsoft.Common.CurrentVersion.targets(2451,5): warning MSB3277:             C:\Users\ultra\warewolf\Dev\Dev2.Common\bin\Debug\net8.0\Dev2.Common.dll [C:\Users\ultra\warewolf\Dev\Dev2.Data.Tests\Dev2.Data.Tests.csproj]
C:\Program Files\dotnet\sdk\10.0.201\Microsoft.Common.CurrentVersion.targets(2451,5): warning MSB3277:             C:\Users\ultra\warewolf\Dev\Dev2.Activities\bin\Debug\net8.0\Dev2.Activities.dll [C:\Users\ultra\warewolf\Dev\Dev2.Data.Tests\Dev2.Data.Tests.csproj]
C:\Program Files\dotnet\sdk\10.0.201\Microsoft.Common.CurrentVersion.targets(2451,5): warning MSB3277:             C:\Users\ultra\warewolf\Dev\Dev2.Data\bin\Debug\net8.0\Dev2.Data.dll [C:\Users\ultra\warewolf\Dev\Dev2.Data.Tests\Dev2.Data.Tests.csproj]
C:\Program Files\dotnet\sdk\10.0.201\Microsoft.Common.CurrentVersion.targets(2451,5): warning MSB3277:             C:\Users\ultra\warewolf\Dev\Dev2.Diagnostics\bin\Debug\net8.0\Dev2.Diagnostics.dll [C:\Users\ultra\warewolf\Dev\Dev2.Data.Tests\Dev2.Data.Tests.csproj]
C:\Program Files\dotnet\sdk\10.0.201\Microsoft.Common.CurrentVersion.targets(2451,5): warning MSB3277:             C:\Users\ultra\warewolf\Dev\Dev2.Infrastructure.Tests\bin\Debug\net8.0\linux-x64\Dev2.Infrastructure.Tests.dll [C:\Users\ultra\warewolf\Dev\Dev2.Data.Tests\Dev2.Data.Tests.csproj]
C:\Program Files\dotnet\sdk\10.0.201\Microsoft.Common.CurrentVersion.targets(2451,5): warning MSB3277:             C:\Users\ultra\warewolf\Dev\Dev2.Infrastructure\bin\Debug\net8.0\Dev2.Infrastructure.dll [C:\Users\ultra\warewolf\Dev\Dev2.Data.Tests\Dev2.Data.Tests.csproj]
C:\Program Files\dotnet\sdk\10.0.201\Microsoft.Common.CurrentVersion.targets(2451,5): warning MSB3277:             C:\Users\ultra\warewolf\Dev\Dev2.Runtime.Services\bin\Debug\net8.0\Dev2.Runtime.Services.dll [C:\Users\ultra\warewolf\Dev\Dev2.Data.Tests\Dev2.Data.Tests.csproj]
C:\Program Files\dotnet\sdk\10.0.201\Microsoft.Common.CurrentVersion.targets(2451,5): warning MSB3277:             C:\Users\ultra\warewolf\Dev\Dev2.Runtime.Tests\bin\Debug\net8.0\linux-x64\Dev2.Runtime.Tests.dll [C:\Users\ultra\warewolf\Dev\Dev2.Data.Tests\Dev2.Data.Tests.csproj]
C:\Program Files\dotnet\sdk\10.0.201\Microsoft.Common.CurrentVersion.targets(2451,5): warning MSB3277:             C:\Users\ultra\warewolf\Dev\Warewolf.Sharepoint\bin\Debug\net8.0\Warewolf.Sharepoint.dll [C:\Users\ultra\warewolf\Dev\Dev2.Data.Tests\Dev2.Data.Tests.csproj]
C:\Program Files\dotnet\sdk\10.0.201\Microsoft.Common.CurrentVersion.targets(2451,5): warning MSB3277:             C:\Users\ultra\warewolf\Dev\Warewolf.Storage\bin\Debug\net8.0\Warewolf.Storage.dll [C:\Users\ultra\warewolf\Dev\Dev2.Data.Tests\Dev2.Data.Tests.csproj]
C:\Program Files\dotnet\sdk\10.0.201\Microsoft.Common.CurrentVersion.targets(2451,5): warning MSB3277:             C:\Users\ultra\warewolf\Dev\Dev2.Activities.Tests\bin\Debug\net8.0\linux-x64\Dev2.Activities.Tests.dll [C:\Users\ultra\warewolf\Dev\Dev2.Data.Tests\Dev2.Data.Tests.csproj]
C:\Program Files\dotnet\sdk\10.0.201\Microsoft.Common.CurrentVersion.targets(2451,5): warning MSB3277:             C:\Users\ultra\warewolf\Dev\Dev2.Common.Tests\bin\Debug\net8.0\Dev2.Common.Tests.dll [C:\Users\ultra\warewolf\Dev\Dev2.Data.Tests\Dev2.Data.Tests.csproj]
C:\Program Files\dotnet\sdk\10.0.201\Microsoft.Common.CurrentVersion.targets(2451,5): warning MSB3277:             C:\Users\ultra\warewolf\Dev\Dev2.Core\bin\Debug\net8.0\Dev2.Core.dll [C:\Users\ultra\warewolf\Dev\Dev2.Data.Tests\Dev2.Data.Tests.csproj]
C:\Program Files\dotnet\sdk\10.0.201\Microsoft.Common.CurrentVersion.targets(2451,5): warning MSB3277:             C:\Users\ultra\warewolf\Dev\Dev2.Development.Languages\bin\Debug\net8.0\Dev2.Development.Languages.dll [C:\Users\ultra\warewolf\Dev\Dev2.Data.Tests\Dev2.Data.Tests.csproj]
C:\Program Files\dotnet\sdk\10.0.201\Microsoft.Common.CurrentVersion.targets(2451,5): warning MSB3277:             C:\Users\ultra\warewolf\Dev\Dev2.Diagnostics.Tests\bin\Debug\net8.0\linux-x64\Dev2.Diagnostics.Tests.dll [C:\Users\ultra\warewolf\Dev\Dev2.Data.Tests\Dev2.Data.Tests.csproj]
C:\Program Files\dotnet\sdk\10.0.201\Microsoft.Common.CurrentVersion.targets(2451,5): warning MSB3277:             C:\Users\ultra\warewolf\Dev\Dev2.Intellisense\bin\Debug\net8.0\Dev2.Intellisense.dll [C:\Users\ultra\warewolf\Dev\Dev2.Data.Tests\Dev2.Data.Tests.csproj]
C:\Program Files\dotnet\sdk\10.0.201\Microsoft.Common.CurrentVersion.targets(2451,5): warning MSB3277:             C:\Users\ultra\warewolf\Dev\Dev2.Runtime\bin\Debug\net8.0\Dev2.Runtime.dll [C:\Users\ultra\warewolf\Dev\Dev2.Data.Tests\Dev2.Data.Tests.csproj]
C:\Program Files\dotnet\sdk\10.0.201\Microsoft.Common.CurrentVersion.targets(2451,5): warning MSB3277:             C:\Users\ultra\warewolf\Dev\Dev2.Runtime.WebServer\bin\Debug\net8.0\Dev2.Runtime.WebServer.dll [C:\Users\ultra\warewolf\Dev\Dev2.Data.Tests\Dev2.Data.Tests.csproj]
C:\Program Files\dotnet\sdk\10.0.201\Microsoft.Common.CurrentVersion.targets(2451,5): warning MSB3277:             C:\Users\ultra\warewolf\Dev\Dev2.Scheduler\bin\Debug\net8.0\Dev2.Scheduler.dll [C:\Users\ultra\warewolf\Dev\Dev2.Data.Tests\Dev2.Data.Tests.csproj]
C:\Program Files\dotnet\sdk\10.0.201\Microsoft.Common.CurrentVersion.targets(2451,5): warning MSB3277:             C:\Users\ultra\warewolf\Dev\Dev2.Services.Execution\bin\Debug\net8.0\Dev2.Services.Execution.dll [C:\Users\ultra\warewolf\Dev\Dev2.Data.Tests\Dev2.Data.Tests.csproj]
C:\Program Files\dotnet\sdk\10.0.201\Microsoft.Common.CurrentVersion.targets(2451,5): warning MSB3277:             C:\Users\ultra\warewolf\Dev\Dev2.Services.Sql\bin\Debug\net8.0\Dev2.Services.Sql.dll [C:\Users\ultra\warewolf\Dev\Dev2.Data.Tests\Dev2.Data.Tests.csproj]
C:\Program Files\dotnet\sdk\10.0.201\Microsoft.Common.CurrentVersion.targets(2451,5): warning MSB3277:             C:\Users\ultra\warewolf\Dev\Dev2.Studio.Core\bin\Debug\net8.0\Dev2.Studio.Core.dll [C:\Users\ultra\warewolf\Dev\Dev2.Data.Tests\Dev2.Data.Tests.csproj]
C:\Program Files\dotnet\sdk\10.0.201\Microsoft.Common.CurrentVersion.targets(2451,5): warning MSB3277:             C:\Users\ultra\warewolf\Dev\Dev2.Studio.Interfaces\bin\Debug\net8.0\Dev2.Studio.Interfaces.dll [C:\Users\ultra\warewolf\Dev\Dev2.Data.Tests\Dev2.Data.Tests.csproj]
C:\Program Files\dotnet\sdk\10.0.201\Microsoft.Common.CurrentVersion.targets(2451,5): warning MSB3277:             C:\Users\ultra\warewolf\Dev\Dev2.TaskScheduler.Wrappers\bin\Debug\net8.0\Dev2.TaskScheduler.Wrappers.dll [C:\Users\ultra\warewolf\Dev\Dev2.Data.Tests\Dev2.Data.Tests.csproj]
C:\Program Files\dotnet\sdk\10.0.201\Microsoft.Common.CurrentVersion.targets(2451,5): warning MSB3277:             C:\Users\ultra\warewolf\Dev\Dev2.Util\bin\Debug\net8.0\Dev2.Util.dll [C:\Users\ultra\warewolf\Dev\Dev2.Data.Tests\Dev2.Data.Tests.csproj]
C:\Program Files\dotnet\sdk\10.0.201\Microsoft.Common.CurrentVersion.targets(2451,5): warning MSB3277:             C:\Users\ultra\warewolf\Dev\Warewolf.HangfireServer\bin\Debug\net8.0\linux-x64\HangfireServer.dll [C:\Users\ultra\warewolf\Dev\Dev2.Data.Tests\Dev2.Data.Tests.csproj]
C:\Program Files\dotnet\sdk\10.0.201\Microsoft.Common.CurrentVersion.targets(2451,5): warning MSB3277:             C:\Users\ultra\warewolf\Dev\Warewolf.QueueWorker\bin\Debug\net8.0\linux-x64\QueueWorker.dll [C:\Users\ultra\warewolf\Dev\Dev2.Data.Tests\Dev2.Data.Tests.csproj]
C:\Program Files\dotnet\sdk\10.0.201\Microsoft.Common.CurrentVersion.targets(2451,5): warning MSB3277:             C:\Users\ultra\warewolf\Dev\TestBase\bin\Debug\net8.0\TestBase.dll [C:\Users\ultra\warewolf\Dev\Dev2.Data.Tests\Dev2.Data.Tests.csproj]
C:\Program Files\dotnet\sdk\10.0.201\Microsoft.Common.CurrentVersion.targets(2451,5): warning MSB3277:             C:\Users\ultra\warewolf\Dev\Dev2.Server\bin\Debug\net8.0\linux-x64\Warewolf Server.dll [C:\Users\ultra\warewolf\Dev\Dev2.Data.Tests\Dev2.Data.Tests.csproj]
C:\Program Files\dotnet\sdk\10.0.201\Microsoft.Common.CurrentVersion.targets(2451,5): warning MSB3277:             C:\Users\ultra\warewolf\Dev\Dev2.Studio\bin\Debug\net8.0\linux-x64\Warewolf Studio.dll [C:\Users\ultra\warewolf\Dev\Dev2.Data.Tests\Dev2.Data.Tests.csproj]
C:\Program Files\dotnet\sdk\10.0.201\Microsoft.Common.CurrentVersion.targets(2451,5): warning MSB3277:             C:\Users\ultra\warewolf\Dev\Warewolf.AI.Harness\bin\Debug\net8.0\Warewolf.AI.Harness.dll [C:\Users\ultra\warewolf\Dev\Dev2.Data.Tests\Dev2.Data.Tests.csproj]
C:\Program Files\dotnet\sdk\10.0.201\Microsoft.Common.CurrentVersion.targets(2451,5): warning MSB3277:             C:\Users\ultra\warewolf\Dev\Warewolf.Auditing\bin\Debug\net8.0\Warewolf.Auditing.dll [C:\Users\ultra\warewolf\Dev\Dev2.Data.Tests\Dev2.Data.Tests.csproj]
C:\Program Files\dotnet\sdk\10.0.201\Microsoft.Common.CurrentVersion.targets(2451,5): warning MSB3277:             C:\Users\ultra\warewolf\Dev\Warewolf.Common.Framework48\bin\Debug\net8.0\Warewolf.Common.Framework48.dll [C:\Users\ultra\warewolf\Dev\Dev2.Data.Tests\Dev2.Data.Tests.csproj]
C:\Program Files\dotnet\sdk\10.0.201\Microsoft.Common.CurrentVersion.targets(2451,5): warning MSB3277:             C:\Users\ultra\warewolf\Dev\Warewolf.Common.NetStandard20\bin\Debug\net8.0\Warewolf.Common.NetStandard20.dll [C:\Users\ultra\warewolf\Dev\Dev2.Data.Tests\Dev2.Data.Tests.csproj]
C:\Program Files\dotnet\sdk\10.0.201\Microsoft.Common.CurrentVersion.targets(2451,5): warning MSB3277:             C:\Users\ultra\warewolf\Dev\Warewolf.Core\bin\Debug\net8.0\Warewolf.Core.dll [C:\Users\ultra\warewolf\Dev\Dev2.Data.Tests\Dev2.Data.Tests.csproj]
C:\Program Files\dotnet\sdk\10.0.201\Microsoft.Common.CurrentVersion.targets(2451,5): warning MSB3277:             C:\Users\ultra\warewolf\Dev\Warewolf.Core.Tests\bin\Debug\net8.0\linux-x64\Warewolf.Core.Tests.dll [C:\Users\ultra\warewolf\Dev\Dev2.Data.Tests\Dev2.Data.Tests.csproj]
C:\Program Files\dotnet\sdk\10.0.201\Microsoft.Common.CurrentVersion.targets(2451,5): warning MSB3277:             C:\Users\ultra\warewolf\Dev\Warewolf.Driver.Persistence\bin\Debug\net8.0\Warewolf.Driver.Persistence.dll [C:\Users\ultra\warewolf\Dev\Dev2.Data.Tests\Dev2.Data.Tests.csproj]
C:\Program Files\dotnet\sdk\10.0.201\Microsoft.Common.CurrentVersion.targets(2451,5): warning MSB3277:             C:\Users\ultra\warewolf\Dev\Warewolf.Driver.Serilog\bin\Debug\net8.0\Warewolf.Driver.Serilog.dll [C:\Users\ultra\warewolf\Dev\Dev2.Data.Tests\Dev2.Data.Tests.csproj]
C:\Program Files\dotnet\sdk\10.0.201\Microsoft.Common.CurrentVersion.targets(2451,5): warning MSB3277:             C:\Users\ultra\warewolf\Dev\Warewolf.Exchange.Email.Wrapper\bin\Debug\net8.0\Warewolf.Exchange.Email.Wrapper.dll [C:\Users\ultra\warewolf\Dev\Dev2.Data.Tests\Dev2.Data.Tests.csproj]
C:\Program Files\dotnet\sdk\10.0.201\Microsoft.Common.CurrentVersion.targets(2451,5): warning MSB3277:             C:\Users\ultra\warewolf\Dev\Warewolf.MergeParser.Tests\bin\Debug\net8.0\linux-x64\Warewolf.MergeParser.Tests.dll [C:\Users\ultra\warewolf\Dev\Dev2.Data.Tests\Dev2.Data.Tests.csproj]
C:\Program Files\dotnet\sdk\10.0.201\Microsoft.Common.CurrentVersion.targets(2451,5): warning MSB3277:             C:\Users\ultra\warewolf\Dev\Warewolf.PerfMon\bin\Debug\net8.0\linux-x64\Warewolf.PerfMon.dll [C:\Users\ultra\warewolf\Dev\Dev2.Data.Tests\Dev2.Data.Tests.csproj]
C:\Program Files\dotnet\sdk\10.0.201\Microsoft.Common.CurrentVersion.targets(2451,5): warning MSB3277:             C:\Users\ultra\warewolf\Dev\Warewolf.ResourceManagement\bin\Debug\net8.0\Warewolf.ResourceManagement.dll [C:\Users\ultra\warewolf\Dev\Dev2.Data.Tests\Dev2.Data.Tests.csproj]
C:\Program Files\dotnet\sdk\10.0.201\Microsoft.Common.CurrentVersion.targets(2451,5): warning MSB3277:             C:\Users\ultra\warewolf\Dev\Warewolf.Studio.Core\bin\Debug\net8.0\Warewolf.Studio.Core.dll [C:\Users\ultra\warewolf\Dev\Dev2.Data.Tests\Dev2.Data.Tests.csproj]
C:\Program Files\dotnet\sdk\10.0.201\Microsoft.Common.CurrentVersion.targets(2451,5): warning MSB3277:             C:\Users\ultra\warewolf\Dev\Warewolf.Studio.CustomControls\bin\Debug\net8.0\Warewolf.Studio.CustomControls.dll [C:\Users\ultra\warewolf\Dev\Dev2.Data.Tests\Dev2.Data.Tests.csproj]
C:\Program Files\dotnet\sdk\10.0.201\Microsoft.Common.CurrentVersion.targets(2451,5): warning MSB3277:             C:\Users\ultra\warewolf\Dev\Warewolf.Studio.Models\bin\Debug\net8.0\Warewolf.Studio.Models.dll [C:\Users\ultra\warewolf\Dev\Dev2.Data.Tests\Dev2.Data.Tests.csproj]
C:\Program Files\dotnet\sdk\10.0.201\Microsoft.Common.CurrentVersion.targets(2451,5): warning MSB3277:             C:\Users\ultra\warewolf\Dev\Warewolf.Studio.ViewModels\bin\Debug\net8.0\Warewolf.Studio.ViewModels.dll [C:\Users\ultra\warewolf\Dev\Dev2.Data.Tests\Dev2.Data.Tests.csproj]
C:\Program Files\dotnet\sdk\10.0.201\Microsoft.Common.CurrentVersion.targets(2451,5): warning MSB3277:             C:\Users\ultra\warewolf\Dev\Warewolf.Testing\bin\Debug\net8.0\Warewolf.Testing.dll [C:\Users\ultra\warewolf\Dev\Dev2.Data.Tests\Dev2.Data.Tests.csproj]
C:\Program Files\dotnet\sdk\10.0.201\Microsoft.Common.CurrentVersion.targets(2451,5): warning MSB3277:             C:\Users\ultra\warewolf\Dev\Warewolf.Trigger.Queue\bin\Debug\net8.0\Warewolf.Trigger.Queue.dll [C:\Users\ultra\warewolf\Dev\Dev2.Data.Tests\Dev2.Data.Tests.csproj]
C:\Program Files\dotnet\sdk\10.0.201\Microsoft.Common.CurrentVersion.targets(2451,5): warning MSB3277:             C:\Users\ultra\warewolf\Dev\Warewolf.UI\bin\Debug\net8.0\Warewolf.UI.dll [C:\Users\ultra\warewolf\Dev\Dev2.Data.Tests\Dev2.Data.Tests.csproj]
C:\Program Files\dotnet\sdk\10.0.201\Microsoft.Common.CurrentVersion.targets(2451,5): warning MSB3277:             C:\Users\ultra\warewolf\Dev\Warewolf.Logger\bin\Debug\net8.0\linux-x64\WarewolfLogger.dll [C:\Users\ultra\warewolf\Dev\Dev2.Data.Tests\Dev2.Data.Tests.csproj]
C:\Program Files\dotnet\sdk\10.0.201\Microsoft.Common.CurrentVersion.targets(2451,5): warning MSB3277:         C:\Users\ultra\.nuget\packages\timespan2\2.4.2\lib\netcoreapp3.1\TimeSpan2.dll [C:\Users\ultra\warewolf\Dev\Dev2.Data.Tests\Dev2.Data.Tests.csproj]
C:\Program Files\dotnet\sdk\10.0.201\Microsoft.Common.CurrentVersion.targets(2451,5): warning MSB3277:           Project file item includes which caused reference "C:\Users\ultra\.nuget\packages\timespan2\2.4.2\lib\netcoreapp3.1\TimeSpan2.dll". [C:\Users\ultra\warewolf\Dev\Dev2.Data.Tests\Dev2.Data.Tests.csproj]
C:\Program Files\dotnet\sdk\10.0.201\Microsoft.Common.CurrentVersion.targets(2451,5): warning MSB3277:             C:\Users\ultra\.nuget\packages\timespan2\2.4.2\lib\netcoreapp3.1\TimeSpan2.dll [C:\Users\ultra\warewolf\Dev\Dev2.Data.Tests\Dev2.Data.Tests.csproj]
C:\Program Files\dotnet\sdk\10.0.201\Microsoft.Common.CurrentVersion.targets(2451,5): warning MSB3277:             C:\Users\ultra\.nuget\packages\taskschedulereditor\2.10.1\lib\net452\Microsoft.Win32.TaskSchedulerEditor.dll [C:\Users\ultra\warewolf\Dev\Dev2.Data.Tests\Dev2.Data.Tests.csproj]
C:\Program Files\dotnet\sdk\10.0.201\Microsoft.Common.CurrentVersion.targets(2451,5): warning MSB3277:         C:\Program Files\dotnet\packs\Microsoft.NETCore.App.Ref\8.0.25\ref\net8.0\System.dll [C:\Users\ultra\warewolf\Dev\Dev2.Data.Tests\Dev2.Data.Tests.csproj]
C:\Program Files\dotnet\sdk\10.0.201\Microsoft.Common.CurrentVersion.targets(2451,5): warning MSB3277:           Project file item includes which caused reference "C:\Program Files\dotnet\packs\Microsoft.NETCore.App.Ref\8.0.25\ref\net8.0\System.dll". [C:\Users\ultra\warewolf\Dev\Dev2.Data.Tests\Dev2.Data.Tests.csproj]
C:\Program Files\dotnet\sdk\10.0.201\Microsoft.Common.CurrentVersion.targets(2451,5): warning MSB3277:             C:\Program Files\dotnet\packs\Microsoft.NETCore.App.Ref\8.0.25\ref/net8.0/System.dll [C:\Users\ultra\warewolf\Dev\Dev2.Data.Tests\Dev2.Data.Tests.csproj]
C:\Program Files\dotnet\sdk\10.0.201\Microsoft.Common.CurrentVersion.targets(2451,5): warning MSB3277:             C:\Users\ultra\.nuget\packages\aerowizard\2.3.1\lib\net45\AeroWizard.dll [C:\Users\ultra\warewolf\Dev\Dev2.Data.Tests\Dev2.Data.Tests.csproj]
C:\Program Files\dotnet\sdk\10.0.201\Microsoft.Common.CurrentVersion.targets(2451,5): warning MSB3277:             C:\Users\ultra\.nuget\packages\avalonedit\6.3.0.90\lib\net462\ICSharpCode.AvalonEdit.dll [C:\Users\ultra\warewolf\Dev\Dev2.Data.Tests\Dev2.Data.Tests.csproj]
C:\Program Files\dotnet\sdk\10.0.201\Microsoft.Common.CurrentVersion.targets(2451,5): warning MSB3277:             C:\Users\ultra\.nuget\packages\fontawesome.wpf\4.7.0.9\lib\net40\FontAwesome.WPF.dll [C:\Users\ultra\warewolf\Dev\Dev2.Data.Tests\Dev2.Data.Tests.csproj]
C:\Program Files\dotnet\sdk\10.0.201\Microsoft.Common.CurrentVersion.targets(2451,5): warning MSB3277:             C:\Users\ultra\.nuget\packages\groupcontrols\1.9.0\lib\net45\GroupControls.dll [C:\Users\ultra\warewolf\Dev\Dev2.Data.Tests\Dev2.Data.Tests.csproj]
C:\Program Files\dotnet\sdk\10.0.201\Microsoft.Common.CurrentVersion.targets(2451,5): warning MSB3277:             C:\Users\ultra\.nuget\packages\log4net.async\2.0.4\lib\net40\Log4Net.Async.dll [C:\Users\ultra\warewolf\Dev\Dev2.Data.Tests\Dev2.Data.Tests.csproj]
C:\Program Files\dotnet\sdk\10.0.201\Microsoft.Common.CurrentVersion.targets(2451,5): warning MSB3277:             C:\Users\ultra\.nuget\packages\microsoft.xaml.behaviors.wpf\1.1.122\lib\net462\Microsoft.Xaml.Behaviors.dll [C:\Users\ultra\warewolf\Dev\Dev2.Data.Tests\Dev2.Data.Tests.csproj]
C:\Program Files\dotnet\sdk\10.0.201\Microsoft.Common.CurrentVersion.targets(2451,5): warning MSB3277:             C:\Users\ultra\.nuget\packages\caliburn.micro\4.0.212\lib\netcoreapp3.1\Caliburn.Micro.Platform.dll [C:\Users\ultra\warewolf\Dev\Dev2.Data.Tests\Dev2.Data.Tests.csproj]
C:\Program Files\dotnet\sdk\10.0.201\Microsoft.Common.CurrentVersion.targets(2451,5): warning MSB3277:             C:\Users\ultra\.nuget\packages\prism.composition\5.0.0\lib\NET45\Microsoft.Practices.Prism.Composition.dll [C:\Users\ultra\warewolf\Dev\Dev2.Data.Tests\Dev2.Data.Tests.csproj]
C:\Program Files\dotnet\sdk\10.0.201\Microsoft.Common.CurrentVersion.targets(2451,5): warning MSB3277:             C:\Users\ultra\.nuget\packages\prism.interactivity\5.0.0\lib\NET45\Microsoft.Practices.Prism.Interactivity.dll [C:\Users\ultra\warewolf\Dev\Dev2.Data.Tests\Dev2.Data.Tests.csproj]
C:\Program Files\dotnet\sdk\10.0.201\Microsoft.Common.CurrentVersion.targets(2451,5): warning MSB3277:             C:\Users\ultra\.nuget\packages\prism.mvvm\1.0.0\lib\net45\Microsoft.Practices.Prism.Mvvm.Desktop.dll [C:\Users\ultra\warewolf\Dev\Dev2.Data.Tests\Dev2.Data.Tests.csproj]
C:\Program Files\dotnet\sdk\10.0.201\Microsoft.Common.CurrentVersion.targets(2451,5): warning MSB3277:             C:\Users\ultra\.nuget\packages\prism.unityextensions\5.0.1\lib\NET45\Microsoft.Practices.Prism.UnityExtensions.dll [C:\Users\ultra\warewolf\Dev\Dev2.Data.Tests\Dev2.Data.Tests.csproj]
C:\Program Files\dotnet\sdk\10.0.201\Microsoft.Common.CurrentVersion.targets(2451,5): warning MSB3277:             C:\Users\ultra\.nuget\packages\prism.wpf\9.0.537\lib\net462\Prism.Wpf.dll [C:\Users\ultra\warewolf\Dev\Dev2.Data.Tests\Dev2.Data.Tests.csproj]
C:\Program Files\dotnet\sdk\10.0.201\Microsoft.Common.CurrentVersion.targets(2451,5): warning MSB3277:             C:\Users\ultra\.nuget\packages\reactiveui.wpf\18.4.1\lib\net462\ReactiveUI.Wpf.dll [C:\Users\ultra\warewolf\Dev\Dev2.Data.Tests\Dev2.Data.Tests.csproj]
C:\Program Files\dotnet\sdk\10.0.201\Microsoft.Common.CurrentVersion.targets(2451,5): warning MSB3277:             C:\Users\ultra\.nuget\packages\taskschedulereditor\2.10.1\lib\net452\Microsoft.Win32.TaskSchedulerEditor.dll [C:\Users\ultra\warewolf\Dev\Dev2.Data.Tests\Dev2.Data.Tests.csproj]
C:\Program Files\dotnet\sdk\10.0.201\Microsoft.Common.CurrentVersion.targets(2451,5): warning MSB3277:             C:\Users\ultra\.nuget\packages\ttcue.netcore.sharepointonline.csom.16.1.8029.1200\16.1.8029.1200\lib\netcoreapp2.0\Microsoft.SharePoint.Client.Runtime.Windows.dll [C:\Users\ultra\warewolf\Dev\Dev2.Data.Tests\Dev2.Data.Tests.csproj]
C:\Program Files\dotnet\sdk\10.0.201\Microsoft.Common.CurrentVersion.targets(2451,5): warning MSB3277:         C:\Users\ultra\warewolf\Dev\Binaries\Infragistcs_Net6\InfragisticsWPF4.v15.1.dll [C:\Users\ultra\warewolf\Dev\Dev2.Data.Tests\Dev2.Data.Tests.csproj]
C:\Program Files\dotnet\sdk\10.0.201\Microsoft.Common.CurrentVersion.targets(2451,5): warning MSB3277:           Project file item includes which caused reference "C:\Users\ultra\warewolf\Dev\Binaries\Infragistcs_Net6\InfragisticsWPF4.v15.1.dll". [C:\Users\ultra\warewolf\Dev\Dev2.Data.Tests\Dev2.Data.Tests.csproj]
C:\Program Files\dotnet\sdk\10.0.201\Microsoft.Common.CurrentVersion.targets(2451,5): warning MSB3277:             CalculationManager.WPF [C:\Users\ultra\warewolf\Dev\Dev2.Data.Tests\Dev2.Data.Tests.csproj]
C:\Program Files\dotnet\sdk\10.0.201\Microsoft.Common.CurrentVersion.targets(2451,5): warning MSB3277: Found conflicts between different versions of "WindowsBase" that could not be resolved. [C:\Users\ultra\warewolf\Dev\Dev2.Data.Tests\Dev2.Data.Tests.csproj]
C:\Program Files\dotnet\sdk\10.0.201\Microsoft.Common.CurrentVersion.targets(2451,5): warning MSB3277: There was a conflict between "WindowsBase, Version=4.0.0.0, Culture=neutral, PublicKeyToken=31bf3856ad364e35" and "WindowsBase, Version=6.0.2.0, Culture=neutral, PublicKeyToken=31bf3856ad364e35". [C:\Users\ultra\warewolf\Dev\Dev2.Data.Tests\Dev2.Data.Tests.csproj]
C:\Program Files\dotnet\sdk\10.0.201\Microsoft.Common.CurrentVersion.targets(2451,5): warning MSB3277:     "WindowsBase, Version=4.0.0.0, Culture=neutral, PublicKeyToken=31bf3856ad364e35" was chosen because it was primary and "WindowsBase, Version=6.0.2.0, Culture=neutral, PublicKeyToken=31bf3856ad364e35" was not. [C:\Users\ultra\warewolf\Dev\Dev2.Data.Tests\Dev2.Data.Tests.csproj]
C:\Program Files\dotnet\sdk\10.0.201\Microsoft.Common.CurrentVersion.targets(2451,5): warning MSB3277:     References which depend on "WindowsBase, Version=4.0.0.0, Culture=neutral, PublicKeyToken=31bf3856ad364e35" [C:\Program Files\dotnet\packs\Microsoft.NETCore.App.Ref\8.0.25\ref\net8.0\WindowsBase.dll]. [C:\Users\ultra\warewolf\Dev\Dev2.Data.Tests\Dev2.Data.Tests.csproj]
C:\Program Files\dotnet\sdk\10.0.201\Microsoft.Common.CurrentVersion.targets(2451,5): warning MSB3277:         C:\Program Files\dotnet\packs\Microsoft.NETCore.App.Ref\8.0.25\ref\net8.0\WindowsBase.dll [C:\Users\ultra\warewolf\Dev\Dev2.Data.Tests\Dev2.Data.Tests.csproj]
C:\Program Files\dotnet\sdk\10.0.201\Microsoft.Common.CurrentVersion.targets(2451,5): warning MSB3277:           Project file item includes which caused reference "C:\Program Files\dotnet\packs\Microsoft.NETCore.App.Ref\8.0.25\ref\net8.0\WindowsBase.dll". [C:\Users\ultra\warewolf\Dev\Dev2.Data.Tests\Dev2.Data.Tests.csproj]
C:\Program Files\dotnet\sdk\10.0.201\Microsoft.Common.CurrentVersion.targets(2451,5): warning MSB3277:             C:\Program Files\dotnet\packs\Microsoft.NETCore.App.Ref\8.0.25\ref/net8.0/WindowsBase.dll [C:\Users\ultra\warewolf\Dev\Dev2.Data.Tests\Dev2.Data.Tests.csproj]
C:\Program Files\dotnet\sdk\10.0.201\Microsoft.Common.CurrentVersion.targets(2451,5): warning MSB3277:     References which depend on or have been unified to "WindowsBase, Version=6.0.2.0, Culture=neutral, PublicKeyToken=31bf3856ad364e35" []. [C:\Users\ultra\warewolf\Dev\Dev2.Data.Tests\Dev2.Data.Tests.csproj]
C:\Program Files\dotnet\sdk\10.0.201\Microsoft.Common.CurrentVersion.targets(2451,5): warning MSB3277:         C:\Users\ultra\warewolf\Dev\Binaries\Infragistcs_Net6\Infragistics.Calculations.dll [C:\Users\ultra\warewolf\Dev\Dev2.Data.Tests\Dev2.Data.Tests.csproj]
C:\Program Files\dotnet\sdk\10.0.201\Microsoft.Common.CurrentVersion.targets(2451,5): warning MSB3277:           Project file item includes which caused reference "C:\Users\ultra\warewolf\Dev\Binaries\Infragistcs_Net6\Infragistics.Calculations.dll". [C:\Users\ultra\warewolf\Dev\Dev2.Data.Tests\Dev2.Data.Tests.csproj]
C:\Program Files\dotnet\sdk\10.0.201\Microsoft.Common.CurrentVersion.targets(2451,5): warning MSB3277:             CalculationManager.WPF [C:\Users\ultra\warewolf\Dev\Dev2.Data.Tests\Dev2.Data.Tests.csproj]
C:\Program Files\dotnet\sdk\10.0.201\Microsoft.Common.CurrentVersion.targets(2451,5): warning MSB3277:         C:\Users\ultra\.nuget\packages\avalonedit\6.3.0.90\lib\net462\ICSharpCode.AvalonEdit.dll [C:\Users\ultra\warewolf\Dev\Dev2.Data.Tests\Dev2.Data.Tests.csproj]
C:\Program Files\dotnet\sdk\10.0.201\Microsoft.Common.CurrentVersion.targets(2451,5): warning MSB3277:           Project file item includes which caused reference "C:\Users\ultra\.nuget\packages\avalonedit\6.3.0.90\lib\net462\ICSharpCode.AvalonEdit.dll". [C:\Users\ultra\warewolf\Dev\Dev2.Data.Tests\Dev2.Data.Tests.csproj]
C:\Program Files\dotnet\sdk\10.0.201\Microsoft.Common.CurrentVersion.targets(2451,5): warning MSB3277:             C:\Users\ultra\.nuget\packages\avalonedit\6.3.0.90\lib\net462\ICSharpCode.AvalonEdit.dll [C:\Users\ultra\warewolf\Dev\Dev2.Data.Tests\Dev2.Data.Tests.csproj]
C:\Program Files\dotnet\sdk\10.0.201\Microsoft.Common.CurrentVersion.targets(2451,5): warning MSB3277:         C:\Users\ultra\.nuget\packages\caliburn.micro\4.0.212\lib\netcoreapp3.1\Caliburn.Micro.Platform.dll [C:\Users\ultra\warewolf\Dev\Dev2.Data.Tests\Dev2.Data.Tests.csproj]
C:\Program Files\dotnet\sdk\10.0.201\Microsoft.Common.CurrentVersion.targets(2451,5): warning MSB3277:           Project file item includes which caused reference "C:\Users\ultra\.nuget\packages\caliburn.micro\4.0.212\lib\netcoreapp3.1\Caliburn.Micro.Platform.dll". [C:\Users\ultra\warewolf\Dev\Dev2.Data.Tests\Dev2.Data.Tests.csproj]
C:\Program Files\dotnet\sdk\10.0.201\Microsoft.Common.CurrentVersion.targets(2451,5): warning MSB3277:             C:\Users\ultra\.nuget\packages\caliburn.micro\4.0.212\lib\netcoreapp3.1\Caliburn.Micro.Platform.dll [C:\Users\ultra\warewolf\Dev\Dev2.Data.Tests\Dev2.Data.Tests.csproj]
C:\Program Files\dotnet\sdk\10.0.201\Microsoft.Common.CurrentVersion.targets(2451,5): warning MSB3277:         C:\Users\ultra\.nuget\packages\extended.wpf.toolkit\4.4.0\lib\net5.0\Xceed.Wpf.AvalonDock.NET5.dll [C:\Users\ultra\warewolf\Dev\Dev2.Data.Tests\Dev2.Data.Tests.csproj]
C:\Program Files\dotnet\sdk\10.0.201\Microsoft.Common.CurrentVersion.targets(2451,5): warning MSB3277:           Project file item includes which caused reference "C:\Users\ultra\.nuget\packages\extended.wpf.toolkit\4.4.0\lib\net5.0\Xceed.Wpf.AvalonDock.NET5.dll". [C:\Users\ultra\warewolf\Dev\Dev2.Data.Tests\Dev2.Data.Tests.csproj]
C:\Program Files\dotnet\sdk\10.0.201\Microsoft.Common.CurrentVersion.targets(2451,5): warning MSB3277:             C:\Users\ultra\.nuget\packages\extended.wpf.toolkit\4.4.0\lib\net5.0\Xceed.Wpf.AvalonDock.NET5.dll [C:\Users\ultra\warewolf\Dev\Dev2.Data.Tests\Dev2.Data.Tests.csproj]
C:\Program Files\dotnet\sdk\10.0.201\Microsoft.Common.CurrentVersion.targets(2451,5): warning MSB3277:             C:\Users\ultra\.nuget\packages\extended.wpf.toolkit\4.4.0\lib\net5.0\Xceed.Wpf.AvalonDock.Themes.Aero.NET5.dll [C:\Users\ultra\warewolf\Dev\Dev2.Data.Tests\Dev2.Data.Tests.csproj]
C:\Program Files\dotnet\sdk\10.0.201\Microsoft.Common.CurrentVersion.targets(2451,5): warning MSB3277:             C:\Users\ultra\.nuget\packages\extended.wpf.toolkit\4.4.0\lib\net5.0\Xceed.Wpf.AvalonDock.Themes.Metro.NET5.dll [C:\Users\ultra\warewolf\Dev\Dev2.Data.Tests\Dev2.Data.Tests.csproj]
C:\Program Files\dotnet\sdk\10.0.201\Microsoft.Common.CurrentVersion.targets(2451,5): warning MSB3277:             C:\Users\ultra\.nuget\packages\extended.wpf.toolkit\4.4.0\lib\net5.0\Xceed.Wpf.AvalonDock.Themes.VS2010.NET5.dll [C:\Users\ultra\warewolf\Dev\Dev2.Data.Tests\Dev2.Data.Tests.csproj]
C:\Program Files\dotnet\sdk\10.0.201\Microsoft.Common.CurrentVersion.targets(2451,5): warning MSB3277:         C:\Users\ultra\.nuget\packages\extended.wpf.toolkit\4.4.0\lib\net5.0\Xceed.Wpf.AvalonDock.Themes.Aero.NET5.dll [C:\Users\ultra\warewolf\Dev\Dev2.Data.Tests\Dev2.Data.Tests.csproj]
C:\Program Files\dotnet\sdk\10.0.201\Microsoft.Common.CurrentVersion.targets(2451,5): warning MSB3277:           Project file item includes which caused reference "C:\Users\ultra\.nuget\packages\extended.wpf.toolkit\4.4.0\lib\net5.0\Xceed.Wpf.AvalonDock.Themes.Aero.NET5.dll". [C:\Users\ultra\warewolf\Dev\Dev2.Data.Tests\Dev2.Data.Tests.csproj]
C:\Program Files\dotnet\sdk\10.0.201\Microsoft.Common.CurrentVersion.targets(2451,5): warning MSB3277:             C:\Users\ultra\.nuget\packages\extended.wpf.toolkit\4.4.0\lib\net5.0\Xceed.Wpf.AvalonDock.Themes.Aero.NET5.dll [C:\Users\ultra\warewolf\Dev\Dev2.Data.Tests\Dev2.Data.Tests.csproj]
C:\Program Files\dotnet\sdk\10.0.201\Microsoft.Common.CurrentVersion.targets(2451,5): warning MSB3277:         C:\Users\ultra\.nuget\packages\extended.wpf.toolkit\4.4.0\lib\net5.0\Xceed.Wpf.Toolkit.NET5.dll [C:\Users\ultra\warewolf\Dev\Dev2.Data.Tests\Dev2.Data.Tests.csproj]
C:\Program Files\dotnet\sdk\10.0.201\Microsoft.Common.CurrentVersion.targets(2451,5): warning MSB3277:           Project file item includes which caused reference "C:\Users\ultra\.nuget\packages\extended.wpf.toolkit\4.4.0\lib\net5.0\Xceed.Wpf.Toolkit.NET5.dll". [C:\Users\ultra\warewolf\Dev\Dev2.Data.Tests\Dev2.Data.Tests.csproj]
C:\Program Files\dotnet\sdk\10.0.201\Microsoft.Common.CurrentVersion.targets(2451,5): warning MSB3277:             C:\Users\ultra\.nuget\packages\extended.wpf.toolkit\4.4.0\lib\net5.0\Xceed.Wpf.Toolkit.NET5.dll [C:\Users\ultra\warewolf\Dev\Dev2.Data.Tests\Dev2.Data.Tests.csproj]
C:\Program Files\dotnet\sdk\10.0.201\Microsoft.Common.CurrentVersion.targets(2451,5): warning MSB3277:         C:\Users\ultra\.nuget\packages\fontawesome.wpf\4.7.0.9\lib\net40\FontAwesome.WPF.dll [C:\Users\ultra\warewolf\Dev\Dev2.Data.Tests\Dev2.Data.Tests.csproj]
C:\Program Files\dotnet\sdk\10.0.201\Microsoft.Common.CurrentVersion.targets(2451,5): warning MSB3277:           Project file item includes which caused reference "C:\Users\ultra\.nuget\packages\fontawesome.wpf\4.7.0.9\lib\net40\FontAwesome.WPF.dll". [C:\Users\ultra\warewolf\Dev\Dev2.Data.Tests\Dev2.Data.Tests.csproj]
C:\Program Files\dotnet\sdk\10.0.201\Microsoft.Common.CurrentVersion.targets(2451,5): warning MSB3277:             C:\Users\ultra\.nuget\packages\fontawesome.wpf\4.7.0.9\lib\net40\FontAwesome.WPF.dll [C:\Users\ultra\warewolf\Dev\Dev2.Data.Tests\Dev2.Data.Tests.csproj]
C:\Program Files\dotnet\sdk\10.0.201\Microsoft.Common.CurrentVersion.targets(2451,5): warning MSB3277:         C:\Users\ultra\.nuget\packages\ironpython\3.4.0\lib\net6.0\IronPython.Wpf.dll [C:\Users\ultra\warewolf\Dev\Dev2.Data.Tests\Dev2.Data.Tests.csproj]
C:\Program Files\dotnet\sdk\10.0.201\Microsoft.Common.CurrentVersion.targets(2451,5): warning MSB3277:           Project file item includes which caused reference "C:\Users\ultra\.nuget\packages\ironpython\3.4.0\lib\net6.0\IronPython.Wpf.dll". [C:\Users\ultra\warewolf\Dev\Dev2.Data.Tests\Dev2.Data.Tests.csproj]
C:\Program Files\dotnet\sdk\10.0.201\Microsoft.Common.CurrentVersion.targets(2451,5): warning MSB3277:             C:\Users\ultra\.nuget\packages\ironpython\3.4.0\lib\net6.0\IronPython.Wpf.dll [C:\Users\ultra\warewolf\Dev\Dev2.Data.Tests\Dev2.Data.Tests.csproj]
C:\Program Files\dotnet\sdk\10.0.201\Microsoft.Common.CurrentVersion.targets(2451,5): warning MSB3277:         C:\Users\ultra\.nuget\packages\microsoft.xaml.behaviors.wpf\1.1.122\lib\net462\Microsoft.Xaml.Behaviors.dll [C:\Users\ultra\warewolf\Dev\Dev2.Data.Tests\Dev2.Data.Tests.csproj]
C:\Program Files\dotnet\sdk\10.0.201\Microsoft.Common.CurrentVersion.targets(2451,5): warning MSB3277:           Project file item includes which caused reference "C:\Users\ultra\.nuget\packages\microsoft.xaml.behaviors.wpf\1.1.122\lib\net462\Microsoft.Xaml.Behaviors.dll". [C:\Users\ultra\warewolf\Dev\Dev2.Data.Tests\Dev2.Data.Tests.csproj]
C:\Program Files\dotnet\sdk\10.0.201\Microsoft.Common.CurrentVersion.targets(2451,5): warning MSB3277:             C:\Users\ultra\.nuget\packages\microsoft.xaml.behaviors.wpf\1.1.122\lib\net462\Microsoft.Xaml.Behaviors.dll [C:\Users\ultra\warewolf\Dev\Dev2.Data.Tests\Dev2.Data.Tests.csproj]
C:\Program Files\dotnet\sdk\10.0.201\Microsoft.Common.CurrentVersion.targets(2451,5): warning MSB3277:             C:\Users\ultra\.nuget\packages\caliburn.micro\4.0.212\lib\netcoreapp3.1\Caliburn.Micro.Platform.dll [C:\Users\ultra\warewolf\Dev\Dev2.Data.Tests\Dev2.Data.Tests.csproj]
C:\Program Files\dotnet\sdk\10.0.201\Microsoft.Common.CurrentVersion.targets(2451,5): warning MSB3277:             C:\Users\ultra\.nuget\packages\prism.wpf\9.0.537\lib\net462\Prism.Wpf.dll [C:\Users\ultra\warewolf\Dev\Dev2.Data.Tests\Dev2.Data.Tests.csproj]
C:\Program Files\dotnet\sdk\10.0.201\Microsoft.Common.CurrentVersion.targets(2451,5): warning MSB3277:         C:\Users\ultra\.nuget\packages\prism.composition\5.0.0\lib\NET45\Microsoft.Practices.Prism.Composition.dll [C:\Users\ultra\warewolf\Dev\Dev2.Data.Tests\Dev2.Data.Tests.csproj]
C:\Program Files\dotnet\sdk\10.0.201\Microsoft.Common.CurrentVersion.targets(2451,5): warning MSB3277:           Project file item includes which caused reference "C:\Users\ultra\.nuget\packages\prism.composition\5.0.0\lib\NET45\Microsoft.Practices.Prism.Composition.dll". [C:\Users\ultra\warewolf\Dev\Dev2.Data.Tests\Dev2.Data.Tests.csproj]
C:\Program Files\dotnet\sdk\10.0.201\Microsoft.Common.CurrentVersion.targets(2451,5): warning MSB3277:             C:\Users\ultra\.nuget\packages\prism.composition\5.0.0\lib\NET45\Microsoft.Practices.Prism.Composition.dll [C:\Users\ultra\warewolf\Dev\Dev2.Data.Tests\Dev2.Data.Tests.csproj]
C:\Program Files\dotnet\sdk\10.0.201\Microsoft.Common.CurrentVersion.targets(2451,5): warning MSB3277:             C:\Users\ultra\.nuget\packages\prism.unityextensions\5.0.1\lib\NET45\Microsoft.Practices.Prism.UnityExtensions.dll [C:\Users\ultra\warewolf\Dev\Dev2.Data.Tests\Dev2.Data.Tests.csproj]
C:\Program Files\dotnet\sdk\10.0.201\Microsoft.Common.CurrentVersion.targets(2451,5): warning MSB3277:         C:\Users\ultra\.nuget\packages\prism.interactivity\5.0.0\lib\NET45\Microsoft.Practices.Prism.Interactivity.dll [C:\Users\ultra\warewolf\Dev\Dev2.Data.Tests\Dev2.Data.Tests.csproj]
C:\Program Files\dotnet\sdk\10.0.201\Microsoft.Common.CurrentVersion.targets(2451,5): warning MSB3277:           Project file item includes which caused reference "C:\Users\ultra\.nuget\packages\prism.interactivity\5.0.0\lib\NET45\Microsoft.Practices.Prism.Interactivity.dll". [C:\Users\ultra\warewolf\Dev\Dev2.Data.Tests\Dev2.Data.Tests.csproj]
C:\Program Files\dotnet\sdk\10.0.201\Microsoft.Common.CurrentVersion.targets(2451,5): warning MSB3277:             C:\Users\ultra\.nuget\packages\prism.interactivity\5.0.0\lib\NET45\Microsoft.Practices.Prism.Interactivity.dll [C:\Users\ultra\warewolf\Dev\Dev2.Data.Tests\Dev2.Data.Tests.csproj]
C:\Program Files\dotnet\sdk\10.0.201\Microsoft.Common.CurrentVersion.targets(2451,5): warning MSB3277:         C:\Users\ultra\.nuget\packages\prism.mvvm\1.0.0\lib\net45\Microsoft.Practices.Prism.Mvvm.Desktop.dll [C:\Users\ultra\warewolf\Dev\Dev2.Data.Tests\Dev2.Data.Tests.csproj]
C:\Program Files\dotnet\sdk\10.0.201\Microsoft.Common.CurrentVersion.targets(2451,5): warning MSB3277:           Project file item includes which caused reference "C:\Users\ultra\.nuget\packages\prism.mvvm\1.0.0\lib\net45\Microsoft.Practices.Prism.Mvvm.Desktop.dll". [C:\Users\ultra\warewolf\Dev\Dev2.Data.Tests\Dev2.Data.Tests.csproj]
C:\Program Files\dotnet\sdk\10.0.201\Microsoft.Common.CurrentVersion.targets(2451,5): warning MSB3277:             C:\Users\ultra\.nuget\packages\prism.mvvm\1.0.0\lib\net45\Microsoft.Practices.Prism.Mvvm.Desktop.dll [C:\Users\ultra\warewolf\Dev\Dev2.Data.Tests\Dev2.Data.Tests.csproj]
C:\Program Files\dotnet\sdk\10.0.201\Microsoft.Common.CurrentVersion.targets(2451,5): warning MSB3277:         C:\Users\ultra\.nuget\packages\prism.unityextensions\5.0.1\lib\NET45\Microsoft.Practices.Prism.UnityExtensions.dll [C:\Users\ultra\warewolf\Dev\Dev2.Data.Tests\Dev2.Data.Tests.csproj]
C:\Program Files\dotnet\sdk\10.0.201\Microsoft.Common.CurrentVersion.targets(2451,5): warning MSB3277:           Project file item includes which caused reference "C:\Users\ultra\.nuget\packages\prism.unityextensions\5.0.1\lib\NET45\Microsoft.Practices.Prism.UnityExtensions.dll". [C:\Users\ultra\warewolf\Dev\Dev2.Data.Tests\Dev2.Data.Tests.csproj]
C:\Program Files\dotnet\sdk\10.0.201\Microsoft.Common.CurrentVersion.targets(2451,5): warning MSB3277:             C:\Users\ultra\.nuget\packages\prism.unityextensions\5.0.1\lib\NET45\Microsoft.Practices.Prism.UnityExtensions.dll [C:\Users\ultra\warewolf\Dev\Dev2.Data.Tests\Dev2.Data.Tests.csproj]
C:\Program Files\dotnet\sdk\10.0.201\Microsoft.Common.CurrentVersion.targets(2451,5): warning MSB3277:         C:\Users\ultra\.nuget\packages\prism.wpf\9.0.537\lib\net462\Prism.Wpf.dll [C:\Users\ultra\warewolf\Dev\Dev2.Data.Tests\Dev2.Data.Tests.csproj]
C:\Program Files\dotnet\sdk\10.0.201\Microsoft.Common.CurrentVersion.targets(2451,5): warning MSB3277:           Project file item includes which caused reference "C:\Users\ultra\.nuget\packages\prism.wpf\9.0.537\lib\net462\Prism.Wpf.dll". [C:\Users\ultra\warewolf\Dev\Dev2.Data.Tests\Dev2.Data.Tests.csproj]
C:\Program Files\dotnet\sdk\10.0.201\Microsoft.Common.CurrentVersion.targets(2451,5): warning MSB3277:             C:\Users\ultra\.nuget\packages\prism.wpf\9.0.537\lib\net462\Prism.Wpf.dll [C:\Users\ultra\warewolf\Dev\Dev2.Data.Tests\Dev2.Data.Tests.csproj]
C:\Program Files\dotnet\sdk\10.0.201\Microsoft.Common.CurrentVersion.targets(2451,5): warning MSB3277:         C:\Users\ultra\.nuget\packages\reactiveui.wpf\18.4.1\lib\net462\ReactiveUI.Wpf.dll [C:\Users\ultra\warewolf\Dev\Dev2.Data.Tests\Dev2.Data.Tests.csproj]
C:\Program Files\dotnet\sdk\10.0.201\Microsoft.Common.CurrentVersion.targets(2451,5): warning MSB3277:           Project file item includes which caused reference "C:\Users\ultra\.nuget\packages\reactiveui.wpf\18.4.1\lib\net462\ReactiveUI.Wpf.dll". [C:\Users\ultra\warewolf\Dev\Dev2.Data.Tests\Dev2.Data.Tests.csproj]
C:\Program Files\dotnet\sdk\10.0.201\Microsoft.Common.CurrentVersion.targets(2451,5): warning MSB3277:             C:\Users\ultra\.nuget\packages\reactiveui.wpf\18.4.1\lib\net462\ReactiveUI.Wpf.dll [C:\Users\ultra\warewolf\Dev\Dev2.Data.Tests\Dev2.Data.Tests.csproj]
C:\Program Files\dotnet\sdk\10.0.201\Microsoft.Common.CurrentVersion.targets(2451,5): warning MSB3277:         C:\Users\ultra\warewolf\Dev\Binaries\Infragistcs_Net6\InfragisticsWPF4.v15.1.dll [C:\Users\ultra\warewolf\Dev\Dev2.Data.Tests\Dev2.Data.Tests.csproj]
C:\Program Files\dotnet\sdk\10.0.201\Microsoft.Common.CurrentVersion.targets(2451,5): warning MSB3277:           Project file item includes which caused reference "C:\Users\ultra\warewolf\Dev\Binaries\Infragistcs_Net6\InfragisticsWPF4.v15.1.dll". [C:\Users\ultra\warewolf\Dev\Dev2.Data.Tests\Dev2.Data.Tests.csproj]
C:\Program Files\dotnet\sdk\10.0.201\Microsoft.Common.CurrentVersion.targets(2451,5): warning MSB3277:             CalculationManager.WPF [C:\Users\ultra\warewolf\Dev\Dev2.Data.Tests\Dev2.Data.Tests.csproj]
C:\Program Files\dotnet\sdk\10.0.201\Microsoft.Common.CurrentVersion.targets(2451,5): warning MSB3277: Found conflicts between different versions of "System.Drawing.Common" that could not be resolved. [C:\Users\ultra\warewolf\Dev\Dev2.Data.Tests\Dev2.Data.Tests.csproj]
C:\Program Files\dotnet\sdk\10.0.201\Microsoft.Common.CurrentVersion.targets(2451,5): warning MSB3277: There was a conflict between "System.Drawing.Common, Version=6.0.0.0, Culture=neutral, PublicKeyToken=cc7b13ffcd2ddd51" and "System.Drawing.Common, Version=8.0.0.0, Culture=neutral, PublicKeyToken=cc7b13ffcd2ddd51". [C:\Users\ultra\warewolf\Dev\Dev2.Data.Tests\Dev2.Data.Tests.csproj]
C:\Program Files\dotnet\sdk\10.0.201\Microsoft.Common.CurrentVersion.targets(2451,5): warning MSB3277:     "System.Drawing.Common, Version=6.0.0.0, Culture=neutral, PublicKeyToken=cc7b13ffcd2ddd51" was chosen because it was primary and "System.Drawing.Common, Version=8.0.0.0, Culture=neutral, PublicKeyToken=cc7b13ffcd2ddd51" was not. [C:\Users\ultra\warewolf\Dev\Dev2.Data.Tests\Dev2.Data.Tests.csproj]
C:\Program Files\dotnet\sdk\10.0.201\Microsoft.Common.CurrentVersion.targets(2451,5): warning MSB3277:     References which depend on "System.Drawing.Common, Version=6.0.0.0, Culture=neutral, PublicKeyToken=cc7b13ffcd2ddd51" [C:\Users\ultra\.nuget\packages\system.drawing.common\6.0.0\lib\net6.0\System.Drawing.Common.dll]. [C:\Users\ultra\warewolf\Dev\Dev2.Data.Tests\Dev2.Data.Tests.csproj]
C:\Program Files\dotnet\sdk\10.0.201\Microsoft.Common.CurrentVersion.targets(2451,5): warning MSB3277:         C:\Users\ultra\.nuget\packages\system.drawing.common\6.0.0\lib\net6.0\System.Drawing.Common.dll [C:\Users\ultra\warewolf\Dev\Dev2.Data.Tests\Dev2.Data.Tests.csproj]
C:\Program Files\dotnet\sdk\10.0.201\Microsoft.Common.CurrentVersion.targets(2451,5): warning MSB3277:           Project file item includes which caused reference "C:\Users\ultra\.nuget\packages\system.drawing.common\6.0.0\lib\net6.0\System.Drawing.Common.dll". [C:\Users\ultra\warewolf\Dev\Dev2.Data.Tests\Dev2.Data.Tests.csproj]
C:\Program Files\dotnet\sdk\10.0.201\Microsoft.Common.CurrentVersion.targets(2451,5): warning MSB3277:             C:\Users\ultra\.nuget\packages\system.drawing.common\6.0.0\lib\net6.0\System.Drawing.Common.dll [C:\Users\ultra\warewolf\Dev\Dev2.Data.Tests\Dev2.Data.Tests.csproj]
C:\Program Files\dotnet\sdk\10.0.201\Microsoft.Common.CurrentVersion.targets(2451,5): warning MSB3277:     References which depend on or have been unified to "System.Drawing.Common, Version=8.0.0.0, Culture=neutral, PublicKeyToken=cc7b13ffcd2ddd51" []. [C:\Users\ultra\warewolf\Dev\Dev2.Data.Tests\Dev2.Data.Tests.csproj]
C:\Program Files\dotnet\sdk\10.0.201\Microsoft.Common.CurrentVersion.targets(2451,5): warning MSB3277:         C:\Users\ultra\.nuget\packages\servicestack\6.3.0\lib\net6.0\ServiceStack.dll [C:\Users\ultra\warewolf\Dev\Dev2.Data.Tests\Dev2.Data.Tests.csproj]
C:\Program Files\dotnet\sdk\10.0.201\Microsoft.Common.CurrentVersion.targets(2451,5): warning MSB3277:           Project file item includes which caused reference "C:\Users\ultra\.nuget\packages\servicestack\6.3.0\lib\net6.0\ServiceStack.dll". [C:\Users\ultra\warewolf\Dev\Dev2.Data.Tests\Dev2.Data.Tests.csproj]
C:\Program Files\dotnet\sdk\10.0.201\Microsoft.Common.CurrentVersion.targets(2451,5): warning MSB3277:             C:\Users\ultra\.nuget\packages\servicestack\6.3.0\lib\net6.0\ServiceStack.dll [C:\Users\ultra\warewolf\Dev\Dev2.Data.Tests\Dev2.Data.Tests.csproj]
C:\Program Files\dotnet\sdk\10.0.201\Microsoft.Common.CurrentVersion.targets(2451,5): warning MSB3277:         C:\Users\ultra\.nuget\packages\system.windows.extensions\8.0.0\lib\net8.0\System.Windows.Extensions.dll [C:\Users\ultra\warewolf\Dev\Dev2.Data.Tests\Dev2.Data.Tests.csproj]
C:\Program Files\dotnet\sdk\10.0.201\Microsoft.Common.CurrentVersion.targets(2451,5): warning MSB3277:           Project file item includes which caused reference "C:\Users\ultra\.nuget\packages\system.windows.extensions\8.0.0\lib\net8.0\System.Windows.Extensions.dll". [C:\Users\ultra\warewolf\Dev\Dev2.Data.Tests\Dev2.Data.Tests.csproj]
C:\Program Files\dotnet\sdk\10.0.201\Microsoft.Common.CurrentVersion.targets(2451,5): warning MSB3277:             C:\Users\ultra\.nuget\packages\system.windows.extensions\8.0.0\lib\net8.0\System.Windows.Extensions.dll [C:\Users\ultra\warewolf\Dev\Dev2.Data.Tests\Dev2.Data.Tests.csproj]
C:\Program Files\dotnet\sdk\10.0.201\Microsoft.Common.CurrentVersion.targets(2451,5): warning MSB3277:             C:\Users\ultra\.nuget\packages\extended.wpf.toolkit\4.4.0\lib\net5.0\Xceed.Wpf.Toolkit.NET5.dll [C:\Users\ultra\warewolf\Dev\Dev2.Data.Tests\Dev2.Data.Tests.csproj]
C:\Program Files\dotnet\sdk\10.0.201\Microsoft.Common.CurrentVersion.targets(2451,5): warning MSB3277:             C:\Users\ultra\.nuget\packages\system.security.permissions\8.0.0\lib\net8.0\System.Security.Permissions.dll [C:\Users\ultra\warewolf\Dev\Dev2.Data.Tests\Dev2.Data.Tests.csproj]
C:\Program Files\dotnet\sdk\10.0.201\Microsoft.Common.CurrentVersion.targets(2451,5): warning MSB3277:             C:\Users\ultra\warewolf\Dev\Dev2.Data\bin\Debug\net8.0\Dev2.Data.dll [C:\Users\ultra\warewolf\Dev\Dev2.Data.Tests\Dev2.Data.Tests.csproj]
C:\Program Files\dotnet\sdk\10.0.201\Microsoft.Common.CurrentVersion.targets(2451,5): warning MSB3277:             C:\Users\ultra\warewolf\Dev\Dev2.Activities\bin\Debug\net8.0\Dev2.Activities.dll [C:\Users\ultra\warewolf\Dev\Dev2.Data.Tests\Dev2.Data.Tests.csproj]
C:\Program Files\dotnet\sdk\10.0.201\Microsoft.Common.CurrentVersion.targets(2451,5): warning MSB3277:             C:\Users\ultra\warewolf\Dev\Dev2.Infrastructure.Tests\bin\Debug\net8.0\linux-x64\Dev2.Infrastructure.Tests.dll [C:\Users\ultra\warewolf\Dev\Dev2.Data.Tests\Dev2.Data.Tests.csproj]
C:\Program Files\dotnet\sdk\10.0.201\Microsoft.Common.CurrentVersion.targets(2451,5): warning MSB3277:             C:\Users\ultra\warewolf\Dev\Dev2.Runtime.Services\bin\Debug\net8.0\Dev2.Runtime.Services.dll [C:\Users\ultra\warewolf\Dev\Dev2.Data.Tests\Dev2.Data.Tests.csproj]
C:\Program Files\dotnet\sdk\10.0.201\Microsoft.Common.CurrentVersion.targets(2451,5): warning MSB3277:             C:\Users\ultra\warewolf\Dev\Dev2.Runtime.Tests\bin\Debug\net8.0\linux-x64\Dev2.Runtime.Tests.dll [C:\Users\ultra\warewolf\Dev\Dev2.Data.Tests\Dev2.Data.Tests.csproj]
C:\Program Files\dotnet\sdk\10.0.201\Microsoft.Common.CurrentVersion.targets(2451,5): warning MSB3277:             C:\Users\ultra\warewolf\Dev\Dev2.Activities.Tests\bin\Debug\net8.0\linux-x64\Dev2.Activities.Tests.dll [C:\Users\ultra\warewolf\Dev\Dev2.Data.Tests\Dev2.Data.Tests.csproj]
C:\Program Files\dotnet\sdk\10.0.201\Microsoft.Common.CurrentVersion.targets(2451,5): warning MSB3277:             C:\Users\ultra\warewolf\Dev\Dev2.Common.Tests\bin\Debug\net8.0\Dev2.Common.Tests.dll [C:\Users\ultra\warewolf\Dev\Dev2.Data.Tests\Dev2.Data.Tests.csproj]
C:\Program Files\dotnet\sdk\10.0.201\Microsoft.Common.CurrentVersion.targets(2451,5): warning MSB3277:             C:\Users\ultra\warewolf\Dev\Dev2.Core\bin\Debug\net8.0\Dev2.Core.dll [C:\Users\ultra\warewolf\Dev\Dev2.Data.Tests\Dev2.Data.Tests.csproj]
C:\Program Files\dotnet\sdk\10.0.201\Microsoft.Common.CurrentVersion.targets(2451,5): warning MSB3277:             C:\Users\ultra\warewolf\Dev\Dev2.Diagnostics.Tests\bin\Debug\net8.0\linux-x64\Dev2.Diagnostics.Tests.dll [C:\Users\ultra\warewolf\Dev\Dev2.Data.Tests\Dev2.Data.Tests.csproj]
C:\Program Files\dotnet\sdk\10.0.201\Microsoft.Common.CurrentVersion.targets(2451,5): warning MSB3277:             C:\Users\ultra\warewolf\Dev\Dev2.Intellisense\bin\Debug\net8.0\Dev2.Intellisense.dll [C:\Users\ultra\warewolf\Dev\Dev2.Data.Tests\Dev2.Data.Tests.csproj]
C:\Program Files\dotnet\sdk\10.0.201\Microsoft.Common.CurrentVersion.targets(2451,5): warning MSB3277:             C:\Users\ultra\warewolf\Dev\Dev2.Runtime\bin\Debug\net8.0\Dev2.Runtime.dll [C:\Users\ultra\warewolf\Dev\Dev2.Data.Tests\Dev2.Data.Tests.csproj]
C:\Program Files\dotnet\sdk\10.0.201\Microsoft.Common.CurrentVersion.targets(2451,5): warning MSB3277:             C:\Users\ultra\warewolf\Dev\Dev2.Runtime.WebServer\bin\Debug\net8.0\Dev2.Runtime.WebServer.dll [C:\Users\ultra\warewolf\Dev\Dev2.Data.Tests\Dev2.Data.Tests.csproj]
C:\Program Files\dotnet\sdk\10.0.201\Microsoft.Common.CurrentVersion.targets(2451,5): warning MSB3277:             C:\Users\ultra\warewolf\Dev\Dev2.Scheduler\bin\Debug\net8.0\Dev2.Scheduler.dll [C:\Users\ultra\warewolf\Dev\Dev2.Data.Tests\Dev2.Data.Tests.csproj]
C:\Program Files\dotnet\sdk\10.0.201\Microsoft.Common.CurrentVersion.targets(2451,5): warning MSB3277:             C:\Users\ultra\warewolf\Dev\Dev2.Services.Execution\bin\Debug\net8.0\Dev2.Services.Execution.dll [C:\Users\ultra\warewolf\Dev\Dev2.Data.Tests\Dev2.Data.Tests.csproj]
C:\Program Files\dotnet\sdk\10.0.201\Microsoft.Common.CurrentVersion.targets(2451,5): warning MSB3277:             C:\Users\ultra\warewolf\Dev\Dev2.Studio.Core\bin\Debug\net8.0\Dev2.Studio.Core.dll [C:\Users\ultra\warewolf\Dev\Dev2.Data.Tests\Dev2.Data.Tests.csproj]
C:\Program Files\dotnet\sdk\10.0.201\Microsoft.Common.CurrentVersion.targets(2451,5): warning MSB3277:             C:\Users\ultra\warewolf\Dev\Dev2.Studio.Interfaces\bin\Debug\net8.0\Dev2.Studio.Interfaces.dll [C:\Users\ultra\warewolf\Dev\Dev2.Data.Tests\Dev2.Data.Tests.csproj]
C:\Program Files\dotnet\sdk\10.0.201\Microsoft.Common.CurrentVersion.targets(2451,5): warning MSB3277:             C:\Users\ultra\warewolf\Dev\Warewolf.HangfireServer\bin\Debug\net8.0\linux-x64\HangfireServer.dll [C:\Users\ultra\warewolf\Dev\Dev2.Data.Tests\Dev2.Data.Tests.csproj]
C:\Program Files\dotnet\sdk\10.0.201\Microsoft.Common.CurrentVersion.targets(2451,5): warning MSB3277:             C:\Users\ultra\warewolf\Dev\Warewolf.QueueWorker\bin\Debug\net8.0\linux-x64\QueueWorker.dll [C:\Users\ultra\warewolf\Dev\Dev2.Data.Tests\Dev2.Data.Tests.csproj]
C:\Program Files\dotnet\sdk\10.0.201\Microsoft.Common.CurrentVersion.targets(2451,5): warning MSB3277:             C:\Users\ultra\warewolf\Dev\TestBase\bin\Debug\net8.0\TestBase.dll [C:\Users\ultra\warewolf\Dev\Dev2.Data.Tests\Dev2.Data.Tests.csproj]
C:\Program Files\dotnet\sdk\10.0.201\Microsoft.Common.CurrentVersion.targets(2451,5): warning MSB3277:             C:\Users\ultra\warewolf\Dev\Dev2.Server\bin\Debug\net8.0\linux-x64\Warewolf Server.dll [C:\Users\ultra\warewolf\Dev\Dev2.Data.Tests\Dev2.Data.Tests.csproj]
C:\Program Files\dotnet\sdk\10.0.201\Microsoft.Common.CurrentVersion.targets(2451,5): warning MSB3277:             C:\Users\ultra\warewolf\Dev\Dev2.Studio\bin\Debug\net8.0\linux-x64\Warewolf Studio.dll [C:\Users\ultra\warewolf\Dev\Dev2.Data.Tests\Dev2.Data.Tests.csproj]
C:\Program Files\dotnet\sdk\10.0.201\Microsoft.Common.CurrentVersion.targets(2451,5): warning MSB3277:             C:\Users\ultra\warewolf\Dev\Warewolf.Auditing\bin\Debug\net8.0\Warewolf.Auditing.dll [C:\Users\ultra\warewolf\Dev\Dev2.Data.Tests\Dev2.Data.Tests.csproj]
C:\Program Files\dotnet\sdk\10.0.201\Microsoft.Common.CurrentVersion.targets(2451,5): warning MSB3277:             C:\Users\ultra\warewolf\Dev\Warewolf.Common.Framework48\bin\Debug\net8.0\Warewolf.Common.Framework48.dll [C:\Users\ultra\warewolf\Dev\Dev2.Data.Tests\Dev2.Data.Tests.csproj]
C:\Program Files\dotnet\sdk\10.0.201\Microsoft.Common.CurrentVersion.targets(2451,5): warning MSB3277:             C:\Users\ultra\warewolf\Dev\Warewolf.Common.NetStandard20\bin\Debug\net8.0\Warewolf.Common.NetStandard20.dll [C:\Users\ultra\warewolf\Dev\Dev2.Data.Tests\Dev2.Data.Tests.csproj]
C:\Program Files\dotnet\sdk\10.0.201\Microsoft.Common.CurrentVersion.targets(2451,5): warning MSB3277:             C:\Users\ultra\warewolf\Dev\Warewolf.Core\bin\Debug\net8.0\Warewolf.Core.dll [C:\Users\ultra\warewolf\Dev\Dev2.Data.Tests\Dev2.Data.Tests.csproj]
C:\Program Files\dotnet\sdk\10.0.201\Microsoft.Common.CurrentVersion.targets(2451,5): warning MSB3277:             C:\Users\ultra\warewolf\Dev\Warewolf.Core.Tests\bin\Debug\net8.0\linux-x64\Warewolf.Core.Tests.dll [C:\Users\ultra\warewolf\Dev\Dev2.Data.Tests\Dev2.Data.Tests.csproj]
C:\Program Files\dotnet\sdk\10.0.201\Microsoft.Common.CurrentVersion.targets(2451,5): warning MSB3277:             C:\Users\ultra\warewolf\Dev\Warewolf.Driver.Persistence\bin\Debug\net8.0\Warewolf.Driver.Persistence.dll [C:\Users\ultra\warewolf\Dev\Dev2.Data.Tests\Dev2.Data.Tests.csproj]
C:\Program Files\dotnet\sdk\10.0.201\Microsoft.Common.CurrentVersion.targets(2451,5): warning MSB3277:             C:\Users\ultra\warewolf\Dev\Warewolf.Exchange.Email.Wrapper\bin\Debug\net8.0\Warewolf.Exchange.Email.Wrapper.dll [C:\Users\ultra\warewolf\Dev\Dev2.Data.Tests\Dev2.Data.Tests.csproj]
C:\Program Files\dotnet\sdk\10.0.201\Microsoft.Common.CurrentVersion.targets(2451,5): warning MSB3277:             C:\Users\ultra\warewolf\Dev\Warewolf.MergeParser.Tests\bin\Debug\net8.0\linux-x64\Warewolf.MergeParser.Tests.dll [C:\Users\ultra\warewolf\Dev\Dev2.Data.Tests\Dev2.Data.Tests.csproj]
C:\Program Files\dotnet\sdk\10.0.201\Microsoft.Common.CurrentVersion.targets(2451,5): warning MSB3277:             C:\Users\ultra\warewolf\Dev\Warewolf.ResourceManagement\bin\Debug\net8.0\Warewolf.ResourceManagement.dll [C:\Users\ultra\warewolf\Dev\Dev2.Data.Tests\Dev2.Data.Tests.csproj]
C:\Program Files\dotnet\sdk\10.0.201\Microsoft.Common.CurrentVersion.targets(2451,5): warning MSB3277:             C:\Users\ultra\warewolf\Dev\Warewolf.Studio.Core\bin\Debug\net8.0\Warewolf.Studio.Core.dll [C:\Users\ultra\warewolf\Dev\Dev2.Data.Tests\Dev2.Data.Tests.csproj]
C:\Program Files\dotnet\sdk\10.0.201\Microsoft.Common.CurrentVersion.targets(2451,5): warning MSB3277:             C:\Users\ultra\warewolf\Dev\Warewolf.Studio.CustomControls\bin\Debug\net8.0\Warewolf.Studio.CustomControls.dll [C:\Users\ultra\warewolf\Dev\Dev2.Data.Tests\Dev2.Data.Tests.csproj]
C:\Program Files\dotnet\sdk\10.0.201\Microsoft.Common.CurrentVersion.targets(2451,5): warning MSB3277:             C:\Users\ultra\warewolf\Dev\Warewolf.Studio.Models\bin\Debug\net8.0\Warewolf.Studio.Models.dll [C:\Users\ultra\warewolf\Dev\Dev2.Data.Tests\Dev2.Data.Tests.csproj]
C:\Program Files\dotnet\sdk\10.0.201\Microsoft.Common.CurrentVersion.targets(2451,5): warning MSB3277:             C:\Users\ultra\warewolf\Dev\Warewolf.Studio.ViewModels\bin\Debug\net8.0\Warewolf.Studio.ViewModels.dll [C:\Users\ultra\warewolf\Dev\Dev2.Data.Tests\Dev2.Data.Tests.csproj]
C:\Program Files\dotnet\sdk\10.0.201\Microsoft.Common.CurrentVersion.targets(2451,5): warning MSB3277:             C:\Users\ultra\warewolf\Dev\Warewolf.Testing\bin\Debug\net8.0\Warewolf.Testing.dll [C:\Users\ultra\warewolf\Dev\Dev2.Data.Tests\Dev2.Data.Tests.csproj]
C:\Program Files\dotnet\sdk\10.0.201\Microsoft.Common.CurrentVersion.targets(2451,5): warning MSB3277:             C:\Users\ultra\warewolf\Dev\Warewolf.Trigger.Queue\bin\Debug\net8.0\Warewolf.Trigger.Queue.dll [C:\Users\ultra\warewolf\Dev\Dev2.Data.Tests\Dev2.Data.Tests.csproj]
C:\Program Files\dotnet\sdk\10.0.201\Microsoft.Common.CurrentVersion.targets(2451,5): warning MSB3277:             C:\Users\ultra\warewolf\Dev\Warewolf.UI\bin\Debug\net8.0\Warewolf.UI.dll [C:\Users\ultra\warewolf\Dev\Dev2.Data.Tests\Dev2.Data.Tests.csproj]
C:\Program Files\dotnet\sdk\10.0.201\Microsoft.Common.CurrentVersion.targets(2451,5): warning MSB3277:             C:\Users\ultra\warewolf\Dev\Warewolf.Logger\bin\Debug\net8.0\linux-x64\WarewolfLogger.dll [C:\Users\ultra\warewolf\Dev\Dev2.Data.Tests\Dev2.Data.Tests.csproj]
C:\Program Files\dotnet\sdk\10.0.201\Microsoft.Common.CurrentVersion.targets(2451,5): warning MSB3277:             C:\Users\ultra\.nuget\packages\dotnetzip\1.16.0\lib\netstandard2.0\DotNetZip.dll [C:\Users\ultra\warewolf\Dev\Dev2.Data.Tests\Dev2.Data.Tests.csproj]
C:\Program Files\dotnet\sdk\10.0.201\Microsoft.Common.CurrentVersion.targets(2451,5): warning MSB3277:             C:\Users\ultra\warewolf\Dev\Dev2.Common\bin\Debug\net8.0\Dev2.Common.dll [C:\Users\ultra\warewolf\Dev\Dev2.Data.Tests\Dev2.Data.Tests.csproj]
C:\Program Files\dotnet\sdk\10.0.201\Microsoft.Common.CurrentVersion.targets(2451,5): warning MSB3277:             C:\Users\ultra\warewolf\Dev\Dev2.Data.Interfaces\bin\Debug\net8.0\Dev2.Data.Interfaces.dll [C:\Users\ultra\warewolf\Dev\Dev2.Data.Tests\Dev2.Data.Tests.csproj]
C:\Program Files\dotnet\sdk\10.0.201\Microsoft.Common.CurrentVersion.targets(2451,5): warning MSB3277:             C:\Users\ultra\warewolf\Dev\Dev2.Diagnostics\bin\Debug\net8.0\Dev2.Diagnostics.dll [C:\Users\ultra\warewolf\Dev\Dev2.Data.Tests\Dev2.Data.Tests.csproj]
C:\Program Files\dotnet\sdk\10.0.201\Microsoft.Common.CurrentVersion.targets(2451,5): warning MSB3277:             C:\Users\ultra\warewolf\Dev\Dev2.Infrastructure\bin\Debug\net8.0\Dev2.Infrastructure.dll [C:\Users\ultra\warewolf\Dev\Dev2.Data.Tests\Dev2.Data.Tests.csproj]
C:\Program Files\dotnet\sdk\10.0.201\Microsoft.Common.CurrentVersion.targets(2451,5): warning MSB3277:             C:\Users\ultra\warewolf\Dev\Warewolf.Sharepoint\bin\Debug\net8.0\Warewolf.Sharepoint.dll [C:\Users\ultra\warewolf\Dev\Dev2.Data.Tests\Dev2.Data.Tests.csproj]
C:\Program Files\dotnet\sdk\10.0.201\Microsoft.Common.CurrentVersion.targets(2451,5): warning MSB3277:             C:\Users\ultra\warewolf\Dev\Warewolf.Storage\bin\Debug\net8.0\Warewolf.Storage.dll [C:\Users\ultra\warewolf\Dev\Dev2.Data.Tests\Dev2.Data.Tests.csproj]
C:\Program Files\dotnet\sdk\10.0.201\Microsoft.Common.CurrentVersion.targets(2451,5): warning MSB3277:             C:\Users\ultra\warewolf\Dev\Dev2.Development.Languages\bin\Debug\net8.0\Dev2.Development.Languages.dll [C:\Users\ultra\warewolf\Dev\Dev2.Data.Tests\Dev2.Data.Tests.csproj]
C:\Program Files\dotnet\sdk\10.0.201\Microsoft.Common.CurrentVersion.targets(2451,5): warning MSB3277:             C:\Users\ultra\warewolf\Dev\Dev2.Services.Sql\bin\Debug\net8.0\Dev2.Services.Sql.dll [C:\Users\ultra\warewolf\Dev\Dev2.Data.Tests\Dev2.Data.Tests.csproj]
C:\Program Files\dotnet\sdk\10.0.201\Microsoft.Common.CurrentVersion.targets(2451,5): warning MSB3277:             C:\Users\ultra\warewolf\Dev\Dev2.TaskScheduler.Wrappers\bin\Debug\net8.0\Dev2.TaskScheduler.Wrappers.dll [C:\Users\ultra\warewolf\Dev\Dev2.Data.Tests\Dev2.Data.Tests.csproj]
C:\Program Files\dotnet\sdk\10.0.201\Microsoft.Common.CurrentVersion.targets(2451,5): warning MSB3277:             C:\Users\ultra\warewolf\Dev\Dev2.Util\bin\Debug\net8.0\Dev2.Util.dll [C:\Users\ultra\warewolf\Dev\Dev2.Data.Tests\Dev2.Data.Tests.csproj]
C:\Program Files\dotnet\sdk\10.0.201\Microsoft.Common.CurrentVersion.targets(2451,5): warning MSB3277:             C:\Users\ultra\warewolf\Dev\Warewolf.AI.Harness\bin\Debug\net8.0\Warewolf.AI.Harness.dll [C:\Users\ultra\warewolf\Dev\Dev2.Data.Tests\Dev2.Data.Tests.csproj]
C:\Program Files\dotnet\sdk\10.0.201\Microsoft.Common.CurrentVersion.targets(2451,5): warning MSB3277:             C:\Users\ultra\warewolf\Dev\Warewolf.Driver.Serilog\bin\Debug\net8.0\Warewolf.Driver.Serilog.dll [C:\Users\ultra\warewolf\Dev\Dev2.Data.Tests\Dev2.Data.Tests.csproj]
C:\Program Files\dotnet\sdk\10.0.201\Microsoft.Common.CurrentVersion.targets(2451,5): warning MSB3277:             C:\Users\ultra\warewolf\Dev\Warewolf.PerfMon\bin\Debug\net8.0\linux-x64\Warewolf.PerfMon.dll [C:\Users\ultra\warewolf\Dev\Dev2.Data.Tests\Dev2.Data.Tests.csproj]
C:\Program Files\dotnet\sdk\10.0.201\Microsoft.Common.CurrentVersion.targets(2451,5): warning MSB3277:             C:\Users\ultra\.nuget\packages\mindbox.data.linq\5.0.0\lib\netstandard2.0\Mindbox.Data.Linq.dll [C:\Users\ultra\warewolf\Dev\Dev2.Data.Tests\Dev2.Data.Tests.csproj]
C:\Program Files\dotnet\sdk\10.0.201\Microsoft.Common.CurrentVersion.targets(2451,5): warning MSB3277:             C:\Users\ultra\.nuget\packages\mysql.data\8.4.0\lib\net8.0\MySql.Data.dll [C:\Users\ultra\warewolf\Dev\Dev2.Data.Tests\Dev2.Data.Tests.csproj]
C:\Program Files\dotnet\sdk\10.0.201\Microsoft.Common.CurrentVersion.targets(2451,5): warning MSB3277:             C:\Users\ultra\.nuget\packages\oracle.manageddataaccess.core\3.21.70\lib\netstandard2.1\Oracle.ManagedDataAccess.dll [C:\Users\ultra\warewolf\Dev\Dev2.Data.Tests\Dev2.Data.Tests.csproj]
C:\Program Files\dotnet\sdk\10.0.201\Microsoft.Common.CurrentVersion.targets(2451,5): warning MSB3277:             C:\Users\ultra\.nuget\packages\system.directoryservices\6.0.0\lib\net6.0\System.DirectoryServices.dll [C:\Users\ultra\warewolf\Dev\Dev2.Data.Tests\Dev2.Data.Tests.csproj]
C:\Program Files\dotnet\sdk\10.0.201\Microsoft.Common.CurrentVersion.targets(2451,5): warning MSB3277:             C:\Users\ultra\.nuget\packages\corewcf.primitives\1.2.1\lib\netstandard2.0\CoreWCF.Primitives.dll [C:\Users\ultra\warewolf\Dev\Dev2.Data.Tests\Dev2.Data.Tests.csproj]
C:\Program Files\dotnet\sdk\10.0.201\Microsoft.Common.CurrentVersion.targets(2451,5): warning MSB3277:             C:\Users\ultra\.nuget\packages\corewcf.http\1.2.1\lib\netstandard2.0\CoreWCF.Http.dll [C:\Users\ultra\warewolf\Dev\Dev2.Data.Tests\Dev2.Data.Tests.csproj]
C:\Program Files\dotnet\sdk\10.0.201\Microsoft.Common.CurrentVersion.targets(2451,5): warning MSB3277:             C:\Users\ultra\.nuget\packages\corewcf.nettcp\1.2.1\lib\netstandard2.0\CoreWCF.NetTcp.dll [C:\Users\ultra\warewolf\Dev\Dev2.Data.Tests\Dev2.Data.Tests.csproj]
C:\Program Files\dotnet\sdk\10.0.201\Microsoft.Common.CurrentVersion.targets(2451,5): warning MSB3277:             C:\Users\ultra\.nuget\packages\corewcf.webhttp\1.2.1\lib\netstandard2.0\CoreWCF.WebHttp.dll [C:\Users\ultra\warewolf\Dev\Dev2.Data.Tests\Dev2.Data.Tests.csproj]
C:\Program Files\dotnet\sdk\10.0.201\Microsoft.Common.CurrentVersion.targets(2451,5): warning MSB3277:             C:\Program Files\dotnet\packs\Microsoft.NETCore.App.Ref\8.0.25\ref/net8.0/System.Configuration.dll [C:\Users\ultra\warewolf\Dev\Dev2.Data.Tests\Dev2.Data.Tests.csproj]
C:\Program Files\dotnet\sdk\10.0.201\Microsoft.Common.CurrentVersion.targets(2451,5): warning MSB3277:             C:\Users\ultra\.nuget\packages\prism.composition\5.0.0\lib\NET45\Microsoft.Practices.Prism.Composition.dll [C:\Users\ultra\warewolf\Dev\Dev2.Data.Tests\Dev2.Data.Tests.csproj]
C:\Program Files\dotnet\sdk\10.0.201\Microsoft.Common.CurrentVersion.targets(2451,5): warning MSB3277:             C:\Users\ultra\.nuget\packages\prism.unityextensions\5.0.1\lib\NET45\Microsoft.Practices.Prism.UnityExtensions.dll [C:\Users\ultra\warewolf\Dev\Dev2.Data.Tests\Dev2.Data.Tests.csproj]
C:\Program Files\dotnet\sdk\10.0.201\Microsoft.Common.CurrentVersion.targets(2451,5): warning MSB3277:             C:\Users\ultra\.nuget\packages\prism.wpf\9.0.537\lib\net462\Prism.Wpf.dll [C:\Users\ultra\warewolf\Dev\Dev2.Data.Tests\Dev2.Data.Tests.csproj]
C:\Program Files\dotnet\sdk\10.0.201\Microsoft.Common.CurrentVersion.targets(2451,5): warning MSB3277:             C:\Program Files\dotnet\packs\Microsoft.NETCore.App.Ref\8.0.25\ref/net8.0/System.Data.dll [C:\Users\ultra\warewolf\Dev\Dev2.Data.Tests\Dev2.Data.Tests.csproj]
C:\Program Files\dotnet\sdk\10.0.201\Microsoft.Common.CurrentVersion.targets(2451,5): warning MSB3277:             C:\Users\ultra\.nuget\packages\taskschedulereditor\2.10.1\lib\net452\Microsoft.Win32.TaskSchedulerEditor.dll [C:\Users\ultra\warewolf\Dev\Dev2.Data.Tests\Dev2.Data.Tests.csproj]
C:\Program Files\dotnet\sdk\10.0.201\Microsoft.Common.CurrentVersion.targets(2451,5): warning MSB3277:             C:\Program Files\dotnet\packs\Microsoft.NETCore.App.Ref\8.0.25\ref/net8.0/System.Drawing.dll [C:\Users\ultra\warewolf\Dev\Dev2.Data.Tests\Dev2.Data.Tests.csproj]
C:\Program Files\dotnet\sdk\10.0.201\Microsoft.Common.CurrentVersion.targets(2451,5): warning MSB3277:             C:\Users\ultra\.nuget\packages\aerowizard\2.3.1\lib\net45\AeroWizard.dll [C:\Users\ultra\warewolf\Dev\Dev2.Data.Tests\Dev2.Data.Tests.csproj]
C:\Program Files\dotnet\sdk\10.0.201\Microsoft.Common.CurrentVersion.targets(2451,5): warning MSB3277:             C:\Users\ultra\.nuget\packages\avalonedit\6.3.0.90\lib\net462\ICSharpCode.AvalonEdit.dll [C:\Users\ultra\warewolf\Dev\Dev2.Data.Tests\Dev2.Data.Tests.csproj]
C:\Program Files\dotnet\sdk\10.0.201\Microsoft.Common.CurrentVersion.targets(2451,5): warning MSB3277:             C:\Users\ultra\.nuget\packages\groupcontrols\1.9.0\lib\net45\GroupControls.dll [C:\Users\ultra\warewolf\Dev\Dev2.Data.Tests\Dev2.Data.Tests.csproj]
C:\Program Files\dotnet\sdk\10.0.201\Microsoft.Common.CurrentVersion.targets(2451,5): warning MSB3277:             C:\Program Files\dotnet\packs\Microsoft.NETCore.App.Ref\8.0.25\ref/net8.0/System.Net.dll [C:\Users\ultra\warewolf\Dev\Dev2.Data.Tests\Dev2.Data.Tests.csproj]
C:\Program Files\dotnet\sdk\10.0.201\Microsoft.Common.CurrentVersion.targets(2451,5): warning MSB3277:             C:\Program Files\dotnet\packs\Microsoft.NETCore.App.Ref\8.0.25\ref/net8.0/System.Security.dll [C:\Users\ultra\warewolf\Dev\Dev2.Data.Tests\Dev2.Data.Tests.csproj]
C:\Program Files\dotnet\sdk\10.0.201\Microsoft.Common.CurrentVersion.targets(2451,5): warning MSB3277:             C:\Program Files\dotnet\packs\Microsoft.NETCore.App.Ref\8.0.25\ref/net8.0/System.ServiceProcess.dll [C:\Users\ultra\warewolf\Dev\Dev2.Data.Tests\Dev2.Data.Tests.csproj]
C:\Program Files\dotnet\sdk\10.0.201\Microsoft.Common.CurrentVersion.targets(2451,5): warning MSB3277:             C:\Program Files\dotnet\packs\Microsoft.NETCore.App.Ref\8.0.25\ref/net8.0/System.Transactions.dll [C:\Users\ultra\warewolf\Dev\Dev2.Data.Tests\Dev2.Data.Tests.csproj]
C:\Program Files\dotnet\sdk\10.0.201\Microsoft.Common.CurrentVersion.targets(2451,5): warning MSB3277:             C:\Program Files\dotnet\packs\Microsoft.NETCore.App.Ref\8.0.25\ref/net8.0/System.dll [C:\Users\ultra\warewolf\Dev\Dev2.Data.Tests\Dev2.Data.Tests.csproj]
C:\Program Files\dotnet\sdk\10.0.201\Microsoft.Common.CurrentVersion.targets(2451,5): warning MSB3277:             C:\Users\ultra\.nuget\packages\fontawesome.wpf\4.7.0.9\lib\net40\FontAwesome.WPF.dll [C:\Users\ultra\warewolf\Dev\Dev2.Data.Tests\Dev2.Data.Tests.csproj]
C:\Program Files\dotnet\sdk\10.0.201\Microsoft.Common.CurrentVersion.targets(2451,5): warning MSB3277:             C:\Users\ultra\.nuget\packages\log4net.async\2.0.4\lib\net40\Log4Net.Async.dll [C:\Users\ultra\warewolf\Dev\Dev2.Data.Tests\Dev2.Data.Tests.csproj]
C:\Program Files\dotnet\sdk\10.0.201\Microsoft.Common.CurrentVersion.targets(2451,5): warning MSB3277:             C:\Users\ultra\.nuget\packages\microsoft.xaml.behaviors.wpf\1.1.122\lib\net462\Microsoft.Xaml.Behaviors.dll [C:\Users\ultra\warewolf\Dev\Dev2.Data.Tests\Dev2.Data.Tests.csproj]
C:\Program Files\dotnet\sdk\10.0.201\Microsoft.Common.CurrentVersion.targets(2451,5): warning MSB3277:             C:\Users\ultra\.nuget\packages\caliburn.micro\4.0.212\lib\netcoreapp3.1\Caliburn.Micro.Platform.dll [C:\Users\ultra\warewolf\Dev\Dev2.Data.Tests\Dev2.Data.Tests.csproj]
C:\Program Files\dotnet\sdk\10.0.201\Microsoft.Common.CurrentVersion.targets(2451,5): warning MSB3277:             C:\Users\ultra\.nuget\packages\prism.interactivity\5.0.0\lib\NET45\Microsoft.Practices.Prism.Interactivity.dll [C:\Users\ultra\warewolf\Dev\Dev2.Data.Tests\Dev2.Data.Tests.csproj]
C:\Program Files\dotnet\sdk\10.0.201\Microsoft.Common.CurrentVersion.targets(2451,5): warning MSB3277:             C:\Users\ultra\.nuget\packages\prism.mvvm\1.0.0\lib\net45\Microsoft.Practices.Prism.Mvvm.Desktop.dll [C:\Users\ultra\warewolf\Dev\Dev2.Data.Tests\Dev2.Data.Tests.csproj]
C:\Program Files\dotnet\sdk\10.0.201\Microsoft.Common.CurrentVersion.targets(2451,5): warning MSB3277:             C:\Users\ultra\.nuget\packages\reactiveui.wpf\18.4.1\lib\net462\ReactiveUI.Wpf.dll [C:\Users\ultra\warewolf\Dev\Dev2.Data.Tests\Dev2.Data.Tests.csproj]
C:\Program Files\dotnet\sdk\10.0.201\Microsoft.Common.CurrentVersion.targets(2451,5): warning MSB3277:             C:\Users\ultra\.nuget\packages\ttcue.netcore.sharepointonline.csom.16.1.8029.1200\16.1.8029.1200\lib\netcoreapp2.0\Microsoft.SharePoint.Client.Runtime.Windows.dll [C:\Users\ultra\warewolf\Dev\Dev2.Data.Tests\Dev2.Data.Tests.csproj]
C:\Program Files\dotnet\sdk\10.0.201\Microsoft.Common.CurrentVersion.targets(2451,5): warning MSB3277:             C:\Program Files\dotnet\packs\Microsoft.NETCore.App.Ref\8.0.25\ref/net8.0/WindowsBase.dll [C:\Users\ultra\warewolf\Dev\Dev2.Data.Tests\Dev2.Data.Tests.csproj]
C:\Program Files\dotnet\sdk\10.0.201\Microsoft.Common.CurrentVersion.targets(2451,5): warning MSB3277:             C:\Program Files\dotnet\packs\Microsoft.NETCore.App.Ref\8.0.25\ref/net8.0/mscorlib.dll [C:\Users\ultra\warewolf\Dev\Dev2.Data.Tests\Dev2.Data.Tests.csproj]
C:\Program Files\dotnet\sdk\10.0.201\Microsoft.Common.CurrentVersion.targets(2451,5): warning MSB3277:             C:\Users\ultra\.nuget\packages\hangfire.core\1.7.32\lib\netstandard2.0\Hangfire.Core.dll [C:\Users\ultra\warewolf\Dev\Dev2.Data.Tests\Dev2.Data.Tests.csproj]
C:\Program Files\dotnet\sdk\10.0.201\Microsoft.Common.CurrentVersion.targets(2451,5): warning MSB3277:             C:\Users\ultra\.nuget\packages\hangfire.aspnetcore\1.7.32\lib\netcoreapp3.0\Hangfire.AspNetCore.dll [C:\Users\ultra\warewolf\Dev\Dev2.Data.Tests\Dev2.Data.Tests.csproj]
C:\Program Files\dotnet\sdk\10.0.201\Microsoft.Common.CurrentVersion.targets(2451,5): warning MSB3277:             C:\Users\ultra\.nuget\packages\hangfire.sqlserver\1.7.32\lib\netstandard2.0\Hangfire.SqlServer.dll [C:\Users\ultra\warewolf\Dev\Dev2.Data.Tests\Dev2.Data.Tests.csproj]
C:\Program Files\dotnet\sdk\10.0.201\Microsoft.Common.CurrentVersion.targets(2451,5): warning MSB3277:             C:\Users\ultra\.nuget\packages\microsoft.codecoverage\17.13.0\lib\netcoreapp3.1\Microsoft.VisualStudio.CodeCoverage.Shim.dll [C:\Users\ultra\warewolf\Dev\Dev2.Data.Tests\Dev2.Data.Tests.csproj]
C:\Program Files\dotnet\sdk\10.0.201\Microsoft.Common.CurrentVersion.targets(2451,5): warning MSB3277:             C:\Users\ultra\.nuget\packages\unofficial.microsoft.mshtml\7.0.3300\lib\net40\Microsoft.mshtml.dll [C:\Users\ultra\warewolf\Dev\Dev2.Data.Tests\Dev2.Data.Tests.csproj]
C:\Program Files\dotnet\sdk\10.0.201\Microsoft.Common.CurrentVersion.targets(2451,5): warning MSB3277:             CalculationManager.WPF [C:\Users\ultra\warewolf\Dev\Dev2.Data.Tests\Dev2.Data.Tests.csproj]
C:\Program Files\dotnet\sdk\10.0.201\Microsoft.Common.CurrentVersion.targets(2451,5): warning MSB3277:         C:\Program Files\dotnet\packs\Microsoft.NETCore.App.Ref\8.0.25\ref\net8.0\System.Drawing.dll [C:\Users\ultra\warewolf\Dev\Dev2.Data.Tests\Dev2.Data.Tests.csproj]
C:\Program Files\dotnet\sdk\10.0.201\Microsoft.Common.CurrentVersion.targets(2451,5): warning MSB3277:           Project file item includes which caused reference "C:\Program Files\dotnet\packs\Microsoft.NETCore.App.Ref\8.0.25\ref\net8.0\System.Drawing.dll". [C:\Users\ultra\warewolf\Dev\Dev2.Data.Tests\Dev2.Data.Tests.csproj]
C:\Program Files\dotnet\sdk\10.0.201\Microsoft.Common.CurrentVersion.targets(2451,5): warning MSB3277:             C:\Program Files\dotnet\packs\Microsoft.NETCore.App.Ref\8.0.25\ref/net8.0/System.Drawing.dll [C:\Users\ultra\warewolf\Dev\Dev2.Data.Tests\Dev2.Data.Tests.csproj]
C:\Program Files\dotnet\sdk\10.0.201\Microsoft.Common.CurrentVersion.targets(2451,5): warning MSB3277:             C:\Users\ultra\.nuget\packages\aerowizard\2.3.1\lib\net45\AeroWizard.dll [C:\Users\ultra\warewolf\Dev\Dev2.Data.Tests\Dev2.Data.Tests.csproj]
C:\Program Files\dotnet\sdk\10.0.201\Microsoft.Common.CurrentVersion.targets(2451,5): warning MSB3277:             C:\Users\ultra\.nuget\packages\avalonedit\6.3.0.90\lib\net462\ICSharpCode.AvalonEdit.dll [C:\Users\ultra\warewolf\Dev\Dev2.Data.Tests\Dev2.Data.Tests.csproj]
C:\Program Files\dotnet\sdk\10.0.201\Microsoft.Common.CurrentVersion.targets(2451,5): warning MSB3277:             C:\Users\ultra\.nuget\packages\groupcontrols\1.9.0\lib\net45\GroupControls.dll [C:\Users\ultra\warewolf\Dev\Dev2.Data.Tests\Dev2.Data.Tests.csproj]
C:\Program Files\dotnet\sdk\10.0.201\Microsoft.Common.CurrentVersion.targets(2451,5): warning MSB3277:             C:\Users\ultra\.nuget\packages\taskschedulereditor\2.10.1\lib\net452\Microsoft.Win32.TaskSchedulerEditor.dll [C:\Users\ultra\warewolf\Dev\Dev2.Data.Tests\Dev2.Data.Tests.csproj]
C:\Users\ultra\warewolf\Dev\Dev2.Data.Tests\EnumTests\enTypeOfSystemInformationTests.cs(23,21): warning MSTEST0005: Property 'TestContext' should be valid (https://learn.microsoft.com/dotnet/core/testing/mstest-analyzers/mstest0005) [C:\Users\ultra\warewolf\Dev\Dev2.Data.Tests\Dev2.Data.Tests.csproj]
C:\Users\ultra\warewolf\Dev\Dev2.Data.Tests\Operations\Dev2IndexFinderTests.cs(24,21): warning MSTEST0005: Property 'TestContext' should be valid (https://learn.microsoft.com/dotnet/core/testing/mstest-analyzers/mstest0005) [C:\Users\ultra\warewolf\Dev\Dev2.Data.Tests\Dev2.Data.Tests.csproj]
C:\Users\ultra\warewolf\Dev\Dev2.Data.Tests\PathOperations\DoGetActionTests.cs(50,13): warning CA1416: This call site is reachable on all platforms. 'WindowsIdentity' is only supported on: 'windows'. (https://learn.microsoft.com/dotnet/fundamentals/code-analysis/quality-rules/ca1416) [C:\Users\ultra\warewolf\Dev\Dev2.Data.Tests\Dev2.Data.Tests.csproj]
C:\Users\ultra\warewolf\Dev\Dev2.Data.Tests\PathOperations\DoDeleteOperationTests.cs(78,67): warning CA1416: This call site is reachable on all platforms. 'WindowsIdentity.GetCurrent()' is only supported on: 'windows'. (https://learn.microsoft.com/dotnet/fundamentals/code-analysis/quality-rules/ca1416) [C:\Users\ultra\warewolf\Dev\Dev2.Data.Tests\Dev2.Data.Tests.csproj]
C:\Users\ultra\warewolf\Dev\Dev2.Data.Tests\PathOperations\DoDeleteOperationTests.cs(78,4): warning CA1416: This call site is reachable on all platforms. 'WindowsIdentity' is only supported on: 'windows'. (https://learn.microsoft.com/dotnet/fundamentals/code-analysis/quality-rules/ca1416) [C:\Users\ultra\warewolf\Dev\Dev2.Data.Tests\Dev2.Data.Tests.csproj]
C:\Users\ultra\warewolf\Dev\Dev2.Data.Tests\PathOperations\DoGetActionTests.cs(50,76): warning CA1416: This call site is reachable on all platforms. 'WindowsIdentity.GetCurrent()' is only supported on: 'windows'. (https://learn.microsoft.com/dotnet/fundamentals/code-analysis/quality-rules/ca1416) [C:\Users\ultra\warewolf\Dev\Dev2.Data.Tests\Dev2.Data.Tests.csproj]
C:\Users\ultra\warewolf\Dev\Dev2.Data.Tests\PathOperations\DoDeleteOperationTests.cs(107,67): warning CA1416: This call site is reachable on all platforms. 'WindowsIdentity.GetCurrent()' is only supported on: 'windows'. (https://learn.microsoft.com/dotnet/fundamentals/code-analysis/quality-rules/ca1416) [C:\Users\ultra\warewolf\Dev\Dev2.Data.Tests\Dev2.Data.Tests.csproj]
C:\Users\ultra\warewolf\Dev\Dev2.Data.Tests\PathOperations\DoGetActionTests.cs(50,13): warning CA1416: This call site is reachable on all platforms. 'WindowsIdentity' is only supported on: 'windows'. (https://learn.microsoft.com/dotnet/fundamentals/code-analysis/quality-rules/ca1416) [C:\Users\ultra\warewolf\Dev\Dev2.Data.Tests\Dev2.Data.Tests.csproj]
C:\Users\ultra\warewolf\Dev\Dev2.Data.Tests\PathOperations\DoDeleteOperationTests.cs(78,4): warning CA1416: This call site is reachable on all platforms. 'WindowsIdentity' is only supported on: 'windows'. (https://learn.microsoft.com/dotnet/fundamentals/code-analysis/quality-rules/ca1416) [C:\Users\ultra\warewolf\Dev\Dev2.Data.Tests\Dev2.Data.Tests.csproj]
C:\Users\ultra\warewolf\Dev\Dev2.Data.Tests\PathOperations\DoDeleteOperationTests.cs(107,4): warning CA1416: This call site is reachable on all platforms. 'WindowsIdentity' is only supported on: 'windows'. (https://learn.microsoft.com/dotnet/fundamentals/code-analysis/quality-rules/ca1416) [C:\Users\ultra\warewolf\Dev\Dev2.Data.Tests\Dev2.Data.Tests.csproj]
C:\Users\ultra\warewolf\Dev\Dev2.Data.Tests\PathOperations\DoGetFilesAsPerTypeOperationTests.cs(142,4): warning CA1416: This call site is reachable on all platforms. 'WindowsIdentity' is only supported on: 'windows'. (https://learn.microsoft.com/dotnet/fundamentals/code-analysis/quality-rules/ca1416) [C:\Users\ultra\warewolf\Dev\Dev2.Data.Tests\Dev2.Data.Tests.csproj]
C:\Users\ultra\warewolf\Dev\Dev2.Data.Tests\PathOperations\DoDeleteOperationTests.cs(107,4): warning CA1416: This call site is reachable on all platforms. 'WindowsIdentity' is only supported on: 'windows'. (https://learn.microsoft.com/dotnet/fundamentals/code-analysis/quality-rules/ca1416) [C:\Users\ultra\warewolf\Dev\Dev2.Data.Tests\Dev2.Data.Tests.csproj]
C:\Users\ultra\warewolf\Dev\Dev2.Data.Tests\PathOperations\DoGetFilesAsPerTypeOperationTests.cs(113,4): warning CA1416: This call site is reachable on all platforms. 'WindowsIdentity' is only supported on: 'windows'. (https://learn.microsoft.com/dotnet/fundamentals/code-analysis/quality-rules/ca1416) [C:\Users\ultra\warewolf\Dev\Dev2.Data.Tests\Dev2.Data.Tests.csproj]
C:\Users\ultra\warewolf\Dev\Dev2.Data.Tests\PathOperations\DoGetFilesAsPerTypeOperationTests.cs(142,4): warning CA1416: This call site is reachable on all platforms. 'WindowsIdentity' is only supported on: 'windows'. (https://learn.microsoft.com/dotnet/fundamentals/code-analysis/quality-rules/ca1416) [C:\Users\ultra\warewolf\Dev\Dev2.Data.Tests\Dev2.Data.Tests.csproj]
C:\Users\ultra\warewolf\Dev\Dev2.Data.Tests\PathOperations\DoGetFilesAsPerTypeOperationTests.cs(113,67): warning CA1416: This call site is reachable on all platforms. 'WindowsIdentity.GetCurrent()' is only supported on: 'windows'. (https://learn.microsoft.com/dotnet/fundamentals/code-analysis/quality-rules/ca1416) [C:\Users\ultra\warewolf\Dev\Dev2.Data.Tests\Dev2.Data.Tests.csproj]
C:\Users\ultra\warewolf\Dev\Dev2.Data.Tests\PathOperations\DoPathExistOperationTests.cs(169,4): warning CA1416: This call site is reachable on all platforms. 'WindowsIdentity' is only supported on: 'windows'. (https://learn.microsoft.com/dotnet/fundamentals/code-analysis/quality-rules/ca1416) [C:\Users\ultra\warewolf\Dev\Dev2.Data.Tests\Dev2.Data.Tests.csproj]
C:\Users\ultra\warewolf\Dev\Dev2.Data.Tests\PathOperations\DoGetFilesAsPerTypeOperationTests.cs(142,67): warning CA1416: This call site is reachable on all platforms. 'WindowsIdentity.GetCurrent()' is only supported on: 'windows'. (https://learn.microsoft.com/dotnet/fundamentals/code-analysis/quality-rules/ca1416) [C:\Users\ultra\warewolf\Dev\Dev2.Data.Tests\Dev2.Data.Tests.csproj]
C:\Users\ultra\warewolf\Dev\Dev2.Data.Tests\PathOperations\DoPathExistOperationTests.cs(196,4): warning CA1416: This call site is reachable on all platforms. 'WindowsIdentity' is only supported on: 'windows'. (https://learn.microsoft.com/dotnet/fundamentals/code-analysis/quality-rules/ca1416) [C:\Users\ultra\warewolf\Dev\Dev2.Data.Tests\Dev2.Data.Tests.csproj]
C:\Users\ultra\warewolf\Dev\Dev2.Data.Tests\PathOperations\DoPathExistOperationTests.cs(142,67): warning CA1416: This call site is reachable on all platforms. 'WindowsIdentity.GetCurrent()' is only supported on: 'windows'. (https://learn.microsoft.com/dotnet/fundamentals/code-analysis/quality-rules/ca1416) [C:\Users\ultra\warewolf\Dev\Dev2.Data.Tests\Dev2.Data.Tests.csproj]
C:\Users\ultra\warewolf\Dev\Dev2.Data.Tests\PathOperations\DoGetFilesAsPerTypeOperationTests.cs(113,4): warning CA1416: This call site is reachable on all platforms. 'WindowsIdentity' is only supported on: 'windows'. (https://learn.microsoft.com/dotnet/fundamentals/code-analysis/quality-rules/ca1416) [C:\Users\ultra\warewolf\Dev\Dev2.Data.Tests\Dev2.Data.Tests.csproj]
C:\Users\ultra\warewolf\Dev\Dev2.Data.Tests\PathOperations\DoPathExistOperationTests.cs(169,67): warning CA1416: This call site is reachable on all platforms. 'WindowsIdentity.GetCurrent()' is only supported on: 'windows'. (https://learn.microsoft.com/dotnet/fundamentals/code-analysis/quality-rules/ca1416) [C:\Users\ultra\warewolf\Dev\Dev2.Data.Tests\Dev2.Data.Tests.csproj]
C:\Users\ultra\warewolf\Dev\Dev2.Data.Tests\PathOperations\DoPathExistOperationTests.cs(142,4): warning CA1416: This call site is reachable on all platforms. 'WindowsIdentity' is only supported on: 'windows'. (https://learn.microsoft.com/dotnet/fundamentals/code-analysis/quality-rules/ca1416) [C:\Users\ultra\warewolf\Dev\Dev2.Data.Tests\Dev2.Data.Tests.csproj]
C:\Users\ultra\warewolf\Dev\Dev2.Data.Tests\PathOperations\DoPathExistOperationTests.cs(196,67): warning CA1416: This call site is reachable on all platforms. 'WindowsIdentity.GetCurrent()' is only supported on: 'windows'. (https://learn.microsoft.com/dotnet/fundamentals/code-analysis/quality-rules/ca1416) [C:\Users\ultra\warewolf\Dev\Dev2.Data.Tests\Dev2.Data.Tests.csproj]
C:\Users\ultra\warewolf\Dev\Dev2.Data.Tests\PathOperations\DoPathExistOperationTests.cs(169,4): warning CA1416: This call site is reachable on all platforms. 'WindowsIdentity' is only supported on: 'windows'. (https://learn.microsoft.com/dotnet/fundamentals/code-analysis/quality-rules/ca1416) [C:\Users\ultra\warewolf\Dev\Dev2.Data.Tests\Dev2.Data.Tests.csproj]
C:\Users\ultra\warewolf\Dev\Dev2.Data.Tests\PathOperations\DoPathExistOperationTests.cs(142,4): warning CA1416: This call site is reachable on all platforms. 'WindowsIdentity' is only supported on: 'windows'. (https://learn.microsoft.com/dotnet/fundamentals/code-analysis/quality-rules/ca1416) [C:\Users\ultra\warewolf\Dev\Dev2.Data.Tests\Dev2.Data.Tests.csproj]
C:\Users\ultra\warewolf\Dev\Dev2.Data.Tests\PathOperations\DoPathExistOperationTests.cs(196,4): warning CA1416: This call site is reachable on all platforms. 'WindowsIdentity' is only supported on: 'windows'. (https://learn.microsoft.com/dotnet/fundamentals/code-analysis/quality-rules/ca1416) [C:\Users\ultra\warewolf\Dev\Dev2.Data.Tests\Dev2.Data.Tests.csproj]
  Dev2.Data.Tests -> C:\Users\ultra\warewolf\Dev\Dev2.Data.Tests\bin\Debug\net8.0\linux-x64\Dev2.Data.Tests.dll
  Dev2.Data.Tests -> C:\Users\ultra\warewolf\Bin\ServerTests-Linux\Dev2.Data.Tests\
Publishing Dev2.Diagnostics.Tests for linux-x64...
  Determining projects to restore...
C:\Users\ultra\warewolf\Dev\Warewolf.Language.Parser\Warewolf.Language.Parser.fsproj : warning NU1504: Duplicate 'PackageReference' items found. Remove the duplicate items or use the Update functionality to ensure a consistent restore behavior. The duplicate 'PackageReference' items are: FSharp.Core 10.1.201, FSharp.Core 4.6.2.
C:\Users\ultra\warewolf\Dev\Warewolf.AI.Harness\Warewolf.AI.Harness.csproj : warning NU1701: Package 'AeroWizard 2.3.1' was restored using '.NETFramework,Version=v4.6.1, .NETFramework,Version=v4.6.2, .NETFramework,Version=v4.7, .NETFramework,Version=v4.7.1, .NETFramework,Version=v4.7.2, .NETFramework,Version=v4.8, .NETFramework,Version=v4.8.1' instead of the project target framework 'net8.0'. This package may not be fully compatible with your project. [C:\Users\ultra\warewolf\Dev\Dev2.Diagnostics.Tests\Dev2.Diagnostics.Tests.csproj]
C:\Users\ultra\warewolf\Dev\Warewolf.Auditing\Warewolf.Auditing.csproj : warning NU1701: Package 'AeroWizard 2.3.1' was restored using '.NETFramework,Version=v4.6.1, .NETFramework,Version=v4.6.2, .NETFramework,Version=v4.7, .NETFramework,Version=v4.7.1, .NETFramework,Version=v4.7.2, .NETFramework,Version=v4.8, .NETFramework,Version=v4.8.1' instead of the project target framework 'net8.0'. This package may not be fully compatible with your project. [C:\Users\ultra\warewolf\Dev\Dev2.Diagnostics.Tests\Dev2.Diagnostics.Tests.csproj]
C:\Users\ultra\warewolf\Dev\Warewolf.Driver.Serilog\Warewolf.Driver.Serilog.csproj : warning NU1701: Package 'AeroWizard 2.3.1' was restored using '.NETFramework,Version=v4.6.1, .NETFramework,Version=v4.6.2, .NETFramework,Version=v4.7, .NETFramework,Version=v4.7.1, .NETFramework,Version=v4.7.2, .NETFramework,Version=v4.8, .NETFramework,Version=v4.8.1' instead of the project target framework 'net8.0'. This package may not be fully compatible with your project. [C:\Users\ultra\warewolf\Dev\Dev2.Diagnostics.Tests\Dev2.Diagnostics.Tests.csproj]
C:\Users\ultra\warewolf\Dev\Warewolf.Exchange.Email.Wrapper\Warewolf.Exchange.Email.Wrapper.csproj : warning NU1701: Package 'AeroWizard 2.3.1' was restored using '.NETFramework,Version=v4.6.1, .NETFramework,Version=v4.6.2, .NETFramework,Version=v4.7, .NETFramework,Version=v4.7.1, .NETFramework,Version=v4.7.2, .NETFramework,Version=v4.8, .NETFramework,Version=v4.8.1' instead of the project target framework 'net8.0'. This package may not be fully compatible with your project. [C:\Users\ultra\warewolf\Dev\Dev2.Diagnostics.Tests\Dev2.Diagnostics.Tests.csproj]
C:\Users\ultra\warewolf\Dev\Dev2.TaskScheduler.Wrappers\Dev2.TaskScheduler.Wrappers.csproj : warning NU1701: Package 'AeroWizard 2.3.1' was restored using '.NETFramework,Version=v4.6.1, .NETFramework,Version=v4.6.2, .NETFramework,Version=v4.7, .NETFramework,Version=v4.7.1, .NETFramework,Version=v4.7.2, .NETFramework,Version=v4.8, .NETFramework,Version=v4.8.1' instead of the project target framework 'net8.0'. This package may not be fully compatible with your project. [C:\Users\ultra\warewolf\Dev\Dev2.Diagnostics.Tests\Dev2.Diagnostics.Tests.csproj]
C:\Users\ultra\warewolf\Dev\Warewolf.PerfMon\Warewolf.PerfMon.csproj : warning NU1701: Package 'AeroWizard 2.3.1' was restored using '.NETFramework,Version=v4.6.1, .NETFramework,Version=v4.6.2, .NETFramework,Version=v4.7, .NETFramework,Version=v4.7.1, .NETFramework,Version=v4.7.2, .NETFramework,Version=v4.8, .NETFramework,Version=v4.8.1' instead of the project target framework 'net8.0'. This package may not be fully compatible with your project. [C:\Users\ultra\warewolf\Dev\Dev2.Diagnostics.Tests\Dev2.Diagnostics.Tests.csproj]
C:\Users\ultra\warewolf\Dev\Warewolf.HangfireServer\Warewolf.HangfireServer.csproj : warning NU1903: Package 'Microsoft.Windows.Compatibility' 6.0.0 has a known high severity vulnerability, https://github.com/advisories/GHSA-555c-2p6r-68mm [C:\Users\ultra\warewolf\Dev\Dev2.Diagnostics.Tests\Dev2.Diagnostics.Tests.csproj]
C:\Users\ultra\warewolf\Dev\Dev2.Studio.Interfaces\Dev2.Studio.Interfaces.csproj : warning NU1701: Package 'AeroWizard 2.3.1' was restored using '.NETFramework,Version=v4.6.1, .NETFramework,Version=v4.6.2, .NETFramework,Version=v4.7, .NETFramework,Version=v4.7.1, .NETFramework,Version=v4.7.2, .NETFramework,Version=v4.8, .NETFramework,Version=v4.8.1' instead of the project target framework 'net8.0'. This package may not be fully compatible with your project. [C:\Users\ultra\warewolf\Dev\Dev2.Diagnostics.Tests\Dev2.Diagnostics.Tests.csproj]
C:\Users\ultra\warewolf\Dev\Warewolf.Driver.Serilog\Warewolf.Driver.Serilog.csproj : warning NU1701: Package 'GroupControls 1.9.0' was restored using '.NETFramework,Version=v4.6.1, .NETFramework,Version=v4.6.2, .NETFramework,Version=v4.7, .NETFramework,Version=v4.7.1, .NETFramework,Version=v4.7.2, .NETFramework,Version=v4.8, .NETFramework,Version=v4.8.1' instead of the project target framework 'net8.0'. This package may not be fully compatible with your project. [C:\Users\ultra\warewolf\Dev\Dev2.Diagnostics.Tests\Dev2.Diagnostics.Tests.csproj]
C:\Users\ultra\warewolf\Dev\Warewolf.Exchange.Email.Wrapper\Warewolf.Exchange.Email.Wrapper.csproj : warning NU1701: Package 'GroupControls 1.9.0' was restored using '.NETFramework,Version=v4.6.1, .NETFramework,Version=v4.6.2, .NETFramework,Version=v4.7, .NETFramework,Version=v4.7.1, .NETFramework,Version=v4.7.2, .NETFramework,Version=v4.8, .NETFramework,Version=v4.8.1' instead of the project target framework 'net8.0'. This package may not be fully compatible with your project. [C:\Users\ultra\warewolf\Dev\Dev2.Diagnostics.Tests\Dev2.Diagnostics.Tests.csproj]
C:\Users\ultra\warewolf\Dev\Warewolf.Auditing\Warewolf.Auditing.csproj : warning NU1701: Package 'GroupControls 1.9.0' was restored using '.NETFramework,Version=v4.6.1, .NETFramework,Version=v4.6.2, .NETFramework,Version=v4.7, .NETFramework,Version=v4.7.1, .NETFramework,Version=v4.7.2, .NETFramework,Version=v4.8, .NETFramework,Version=v4.8.1' instead of the project target framework 'net8.0'. This package may not be fully compatible with your project. [C:\Users\ultra\warewolf\Dev\Dev2.Diagnostics.Tests\Dev2.Diagnostics.Tests.csproj]
C:\Users\ultra\warewolf\Dev\Warewolf.AI.Harness\Warewolf.AI.Harness.csproj : warning NU1701: Package 'GroupControls 1.9.0' was restored using '.NETFramework,Version=v4.6.1, .NETFramework,Version=v4.6.2, .NETFramework,Version=v4.7, .NETFramework,Version=v4.7.1, .NETFramework,Version=v4.7.2, .NETFramework,Version=v4.8, .NETFramework,Version=v4.8.1' instead of the project target framework 'net8.0'. This package may not be fully compatible with your project. [C:\Users\ultra\warewolf\Dev\Dev2.Diagnostics.Tests\Dev2.Diagnostics.Tests.csproj]
C:\Users\ultra\warewolf\Dev\Dev2.TaskScheduler.Wrappers\Dev2.TaskScheduler.Wrappers.csproj : warning NU1701: Package 'GroupControls 1.9.0' was restored using '.NETFramework,Version=v4.6.1, .NETFramework,Version=v4.6.2, .NETFramework,Version=v4.7, .NETFramework,Version=v4.7.1, .NETFramework,Version=v4.7.2, .NETFramework,Version=v4.8, .NETFramework,Version=v4.8.1' instead of the project target framework 'net8.0'. This package may not be fully compatible with your project. [C:\Users\ultra\warewolf\Dev\Dev2.Diagnostics.Tests\Dev2.Diagnostics.Tests.csproj]
C:\Users\ultra\warewolf\Dev\Warewolf.PerfMon\Warewolf.PerfMon.csproj : warning NU1701: Package 'GroupControls 1.9.0' was restored using '.NETFramework,Version=v4.6.1, .NETFramework,Version=v4.6.2, .NETFramework,Version=v4.7, .NETFramework,Version=v4.7.1, .NETFramework,Version=v4.7.2, .NETFramework,Version=v4.8, .NETFramework,Version=v4.8.1' instead of the project target framework 'net8.0'. This package may not be fully compatible with your project. [C:\Users\ultra\warewolf\Dev\Dev2.Diagnostics.Tests\Dev2.Diagnostics.Tests.csproj]
C:\Users\ultra\warewolf\Dev\Warewolf.Driver.Serilog\Warewolf.Driver.Serilog.csproj : warning NU1701: Package 'ReactiveUI.WPF 18.4.1' was restored using '.NETFramework,Version=v4.6.1, .NETFramework,Version=v4.6.2, .NETFramework,Version=v4.7, .NETFramework,Version=v4.7.1, .NETFramework,Version=v4.7.2, .NETFramework,Version=v4.8, .NETFramework,Version=v4.8.1' instead of the project target framework 'net8.0'. This package may not be fully compatible with your project. [C:\Users\ultra\warewolf\Dev\Dev2.Diagnostics.Tests\Dev2.Diagnostics.Tests.csproj]
C:\Users\ultra\warewolf\Dev\Warewolf.Auditing\Warewolf.Auditing.csproj : warning NU1701: Package 'ReactiveUI.WPF 18.4.1' was restored using '.NETFramework,Version=v4.6.1, .NETFramework,Version=v4.6.2, .NETFramework,Version=v4.7, .NETFramework,Version=v4.7.1, .NETFramework,Version=v4.7.2, .NETFramework,Version=v4.8, .NETFramework,Version=v4.8.1' instead of the project target framework 'net8.0'. This package may not be fully compatible with your project. [C:\Users\ultra\warewolf\Dev\Dev2.Diagnostics.Tests\Dev2.Diagnostics.Tests.csproj]
C:\Users\ultra\warewolf\Dev\Warewolf.Exchange.Email.Wrapper\Warewolf.Exchange.Email.Wrapper.csproj : warning NU1701: Package 'ReactiveUI.WPF 18.4.1' was restored using '.NETFramework,Version=v4.6.1, .NETFramework,Version=v4.6.2, .NETFramework,Version=v4.7, .NETFramework,Version=v4.7.1, .NETFramework,Version=v4.7.2, .NETFramework,Version=v4.8, .NETFramework,Version=v4.8.1' instead of the project target framework 'net8.0'. This package may not be fully compatible with your project. [C:\Users\ultra\warewolf\Dev\Dev2.Diagnostics.Tests\Dev2.Diagnostics.Tests.csproj]
C:\Users\ultra\warewolf\Dev\Dev2.Studio.Interfaces\Dev2.Studio.Interfaces.csproj : warning NU1701: Package 'GroupControls 1.9.0' was restored using '.NETFramework,Version=v4.6.1, .NETFramework,Version=v4.6.2, .NETFramework,Version=v4.7, .NETFramework,Version=v4.7.1, .NETFramework,Version=v4.7.2, .NETFramework,Version=v4.8, .NETFramework,Version=v4.8.1' instead of the project target framework 'net8.0'. This package may not be fully compatible with your project. [C:\Users\ultra\warewolf\Dev\Dev2.Diagnostics.Tests\Dev2.Diagnostics.Tests.csproj]
C:\Users\ultra\warewolf\Dev\Warewolf.AI.Harness\Warewolf.AI.Harness.csproj : warning NU1701: Package 'TaskSchedulerEditor 2.10.1' was restored using '.NETFramework,Version=v4.6.1, .NETFramework,Version=v4.6.2, .NETFramework,Version=v4.7, .NETFramework,Version=v4.7.1, .NETFramework,Version=v4.7.2, .NETFramework,Version=v4.8, .NETFramework,Version=v4.8.1' instead of the project target framework 'net8.0'. This package may not be fully compatible with your project. [C:\Users\ultra\warewolf\Dev\Dev2.Diagnostics.Tests\Dev2.Diagnostics.Tests.csproj]
C:\Users\ultra\warewolf\Dev\Warewolf.Driver.Serilog\Warewolf.Driver.Serilog.csproj : warning NU1701: Package 'TaskSchedulerEditor 2.10.1' was restored using '.NETFramework,Version=v4.6.1, .NETFramework,Version=v4.6.2, .NETFramework,Version=v4.7, .NETFramework,Version=v4.7.1, .NETFramework,Version=v4.7.2, .NETFramework,Version=v4.8, .NETFramework,Version=v4.8.1' instead of the project target framework 'net8.0'. This package may not be fully compatible with your project. [C:\Users\ultra\warewolf\Dev\Dev2.Diagnostics.Tests\Dev2.Diagnostics.Tests.csproj]
C:\Users\ultra\warewolf\Dev\Warewolf.PerfMon\Warewolf.PerfMon.csproj : warning NU1701: Package 'ReactiveUI.WPF 18.4.1' was restored using '.NETFramework,Version=v4.6.1, .NETFramework,Version=v4.6.2, .NETFramework,Version=v4.7, .NETFramework,Version=v4.7.1, .NETFramework,Version=v4.7.2, .NETFramework,Version=v4.8, .NETFramework,Version=v4.8.1' instead of the project target framework 'net8.0'. This package may not be fully compatible with your project. [C:\Users\ultra\warewolf\Dev\Dev2.Diagnostics.Tests\Dev2.Diagnostics.Tests.csproj]
C:\Users\ultra\warewolf\Dev\Warewolf.Exchange.Email.Wrapper\Warewolf.Exchange.Email.Wrapper.csproj : warning NU1701: Package 'TaskSchedulerEditor 2.10.1' was restored using '.NETFramework,Version=v4.6.1, .NETFramework,Version=v4.6.2, .NETFramework,Version=v4.7, .NETFramework,Version=v4.7.1, .NETFramework,Version=v4.7.2, .NETFramework,Version=v4.8, .NETFramework,Version=v4.8.1' instead of the project target framework 'net8.0'. This package may not be fully compatible with your project. [C:\Users\ultra\warewolf\Dev\Dev2.Diagnostics.Tests\Dev2.Diagnostics.Tests.csproj]
C:\Users\ultra\warewolf\Dev\Warewolf.Logger\Warewolf.Logger.csproj : warning NU1701: Package 'AeroWizard 2.3.1' was restored using '.NETFramework,Version=v4.6.1, .NETFramework,Version=v4.6.2, .NETFramework,Version=v4.7, .NETFramework,Version=v4.7.1, .NETFramework,Version=v4.7.2, .NETFramework,Version=v4.8, .NETFramework,Version=v4.8.1' instead of the project target framework 'net8.0'. This package may not be fully compatible with your project. [C:\Users\ultra\warewolf\Dev\Dev2.Diagnostics.Tests\Dev2.Diagnostics.Tests.csproj]
C:\Users\ultra\warewolf\Dev\Dev2.TaskScheduler.Wrappers\Dev2.TaskScheduler.Wrappers.csproj : warning NU1701: Package 'TaskSchedulerEditor 2.10.1' was restored using '.NETFramework,Version=v4.6.1, .NETFramework,Version=v4.6.2, .NETFramework,Version=v4.7, .NETFramework,Version=v4.7.1, .NETFramework,Version=v4.7.2, .NETFramework,Version=v4.8, .NETFramework,Version=v4.8.1' instead of the project target framework 'net8.0'. This package may not be fully compatible with your project. [C:\Users\ultra\warewolf\Dev\Dev2.Diagnostics.Tests\Dev2.Diagnostics.Tests.csproj]
C:\Users\ultra\warewolf\Dev\Warewolf.Auditing\Warewolf.Auditing.csproj : warning NU1701: Package 'TaskSchedulerEditor 2.10.1' was restored using '.NETFramework,Version=v4.6.1, .NETFramework,Version=v4.6.2, .NETFramework,Version=v4.7, .NETFramework,Version=v4.7.1, .NETFramework,Version=v4.7.2, .NETFramework,Version=v4.8, .NETFramework,Version=v4.8.1' instead of the project target framework 'net8.0'. This package may not be fully compatible with your project. [C:\Users\ultra\warewolf\Dev\Dev2.Diagnostics.Tests\Dev2.Diagnostics.Tests.csproj]
C:\Users\ultra\warewolf\Dev\Warewolf.PerfMon\Warewolf.PerfMon.csproj : warning NU1701: Package 'TaskSchedulerEditor 2.10.1' was restored using '.NETFramework,Version=v4.6.1, .NETFramework,Version=v4.6.2, .NETFramework,Version=v4.7, .NETFramework,Version=v4.7.1, .NETFramework,Version=v4.7.2, .NETFramework,Version=v4.8, .NETFramework,Version=v4.8.1' instead of the project target framework 'net8.0'. This package may not be fully compatible with your project. [C:\Users\ultra\warewolf\Dev\Dev2.Diagnostics.Tests\Dev2.Diagnostics.Tests.csproj]
C:\Users\ultra\warewolf\Dev\Dev2.Studio.Interfaces\Dev2.Studio.Interfaces.csproj : warning NU1701: Package 'Microsoft.Xaml.Behaviors.Wpf 1.1.122' was restored using '.NETFramework,Version=v4.6.1, .NETFramework,Version=v4.6.2, .NETFramework,Version=v4.7, .NETFramework,Version=v4.7.1, .NETFramework,Version=v4.7.2, .NETFramework,Version=v4.8, .NETFramework,Version=v4.8.1' instead of the project target framework 'net8.0'. This package may not be fully compatible with your project. [C:\Users\ultra\warewolf\Dev\Dev2.Diagnostics.Tests\Dev2.Diagnostics.Tests.csproj]
C:\Users\ultra\warewolf\Dev\Warewolf.Common.NetStandard20\Warewolf.Common.NetStandard20.csproj : warning NU1701: Package 'AeroWizard 2.3.1' was restored using '.NETFramework,Version=v4.6.1, .NETFramework,Version=v4.6.2, .NETFramework,Version=v4.7, .NETFramework,Version=v4.7.1, .NETFramework,Version=v4.7.2, .NETFramework,Version=v4.8, .NETFramework,Version=v4.8.1' instead of the project target framework 'net8.0'. This package may not be fully compatible with your project. [C:\Users\ultra\warewolf\Dev\Dev2.Diagnostics.Tests\Dev2.Diagnostics.Tests.csproj]
C:\Users\ultra\warewolf\Dev\Dev2.Studio.Interfaces\Dev2.Studio.Interfaces.csproj : warning NU1701: Package 'Prism.Wpf 9.0.537' was restored using '.NETFramework,Version=v4.6.1, .NETFramework,Version=v4.6.2, .NETFramework,Version=v4.7, .NETFramework,Version=v4.7.1, .NETFramework,Version=v4.7.2, .NETFramework,Version=v4.8, .NETFramework,Version=v4.8.1' instead of the project target framework 'net8.0'. This package may not be fully compatible with your project. [C:\Users\ultra\warewolf\Dev\Dev2.Diagnostics.Tests\Dev2.Diagnostics.Tests.csproj]
C:\Users\ultra\warewolf\Dev\Warewolf.Logger\Warewolf.Logger.csproj : warning NU1701: Package 'GroupControls 1.9.0' was restored using '.NETFramework,Version=v4.6.1, .NETFramework,Version=v4.6.2, .NETFramework,Version=v4.7, .NETFramework,Version=v4.7.1, .NETFramework,Version=v4.7.2, .NETFramework,Version=v4.8, .NETFramework,Version=v4.8.1' instead of the project target framework 'net8.0'. This package may not be fully compatible with your project. [C:\Users\ultra\warewolf\Dev\Dev2.Diagnostics.Tests\Dev2.Diagnostics.Tests.csproj]
C:\Users\ultra\warewolf\Dev\Warewolf.Logger\Warewolf.Logger.csproj : warning NU1701: Package 'Microsoft.Xaml.Behaviors.Wpf 1.1.122' was restored using '.NETFramework,Version=v4.6.1, .NETFramework,Version=v4.6.2, .NETFramework,Version=v4.7, .NETFramework,Version=v4.7.1, .NETFramework,Version=v4.7.2, .NETFramework,Version=v4.8, .NETFramework,Version=v4.8.1' instead of the project target framework 'net8.0'. This package may not be fully compatible with your project. [C:\Users\ultra\warewolf\Dev\Dev2.Diagnostics.Tests\Dev2.Diagnostics.Tests.csproj]
C:\Users\ultra\warewolf\Dev\Dev2.Studio.Interfaces\Dev2.Studio.Interfaces.csproj : warning NU1701: Package 'ReactiveUI.WPF 18.4.1' was restored using '.NETFramework,Version=v4.6.1, .NETFramework,Version=v4.6.2, .NETFramework,Version=v4.7, .NETFramework,Version=v4.7.1, .NETFramework,Version=v4.7.2, .NETFramework,Version=v4.8, .NETFramework,Version=v4.8.1' instead of the project target framework 'net8.0'. This package may not be fully compatible with your project. [C:\Users\ultra\warewolf\Dev\Dev2.Diagnostics.Tests\Dev2.Diagnostics.Tests.csproj]
C:\Users\ultra\warewolf\Dev\Dev2.Util\Dev2.Util.csproj : warning NU1903: Package 'Microsoft.Windows.Compatibility' 6.0.0 has a known high severity vulnerability, https://github.com/advisories/GHSA-555c-2p6r-68mm [C:\Users\ultra\warewolf\Dev\Dev2.Diagnostics.Tests\Dev2.Diagnostics.Tests.csproj]
C:\Users\ultra\warewolf\Dev\Warewolf.Logger\Warewolf.Logger.csproj : warning NU1701: Package 'Prism.Wpf 9.0.537' was restored using '.NETFramework,Version=v4.6.1, .NETFramework,Version=v4.6.2, .NETFramework,Version=v4.7, .NETFramework,Version=v4.7.1, .NETFramework,Version=v4.7.2, .NETFramework,Version=v4.8, .NETFramework,Version=v4.8.1' instead of the project target framework 'net8.0'. This package may not be fully compatible with your project. [C:\Users\ultra\warewolf\Dev\Dev2.Diagnostics.Tests\Dev2.Diagnostics.Tests.csproj]
C:\Users\ultra\warewolf\Dev\Warewolf.Common.Framework48\Warewolf.Common.Framework48.csproj : warning NU1902: Package 'System.IdentityModel.Tokens.Jwt' 5.1.0 has a known moderate severity vulnerability, https://github.com/advisories/GHSA-59j7-ghrg-fj52 [C:\Users\ultra\warewolf\Dev\Dev2.Diagnostics.Tests\Dev2.Diagnostics.Tests.csproj]
C:\Users\ultra\warewolf\Dev\Warewolf.Common.NetStandard20\Warewolf.Common.NetStandard20.csproj : warning NU1701: Package 'GroupControls 1.9.0' was restored using '.NETFramework,Version=v4.6.1, .NETFramework,Version=v4.6.2, .NETFramework,Version=v4.7, .NETFramework,Version=v4.7.1, .NETFramework,Version=v4.7.2, .NETFramework,Version=v4.8, .NETFramework,Version=v4.8.1' instead of the project target framework 'net8.0'. This package may not be fully compatible with your project. [C:\Users\ultra\warewolf\Dev\Dev2.Diagnostics.Tests\Dev2.Diagnostics.Tests.csproj]
C:\Users\ultra\warewolf\Dev\Dev2.Studio.Interfaces\Dev2.Studio.Interfaces.csproj : warning NU1701: Package 'TaskSchedulerEditor 2.10.1' was restored using '.NETFramework,Version=v4.6.1, .NETFramework,Version=v4.6.2, .NETFramework,Version=v4.7, .NETFramework,Version=v4.7.1, .NETFramework,Version=v4.7.2, .NETFramework,Version=v4.8, .NETFramework,Version=v4.8.1' instead of the project target framework 'net8.0'. This package may not be fully compatible with your project. [C:\Users\ultra\warewolf\Dev\Dev2.Diagnostics.Tests\Dev2.Diagnostics.Tests.csproj]
C:\Users\ultra\warewolf\Dev\Dev2.Util\Dev2.Util.csproj : warning NU1701: Package 'AeroWizard 2.3.1' was restored using '.NETFramework,Version=v4.6.1, .NETFramework,Version=v4.6.2, .NETFramework,Version=v4.7, .NETFramework,Version=v4.7.1, .NETFramework,Version=v4.7.2, .NETFramework,Version=v4.8, .NETFramework,Version=v4.8.1' instead of the project target framework 'net8.0'. This package may not be fully compatible with your project. [C:\Users\ultra\warewolf\Dev\Dev2.Diagnostics.Tests\Dev2.Diagnostics.Tests.csproj]
C:\Users\ultra\warewolf\Dev\Warewolf.Logger\Warewolf.Logger.csproj : warning NU1701: Package 'ReactiveUI.WPF 18.4.1' was restored using '.NETFramework,Version=v4.6.1, .NETFramework,Version=v4.6.2, .NETFramework,Version=v4.7, .NETFramework,Version=v4.7.1, .NETFramework,Version=v4.7.2, .NETFramework,Version=v4.8, .NETFramework,Version=v4.8.1' instead of the project target framework 'net8.0'. This package may not be fully compatible with your project. [C:\Users\ultra\warewolf\Dev\Dev2.Diagnostics.Tests\Dev2.Diagnostics.Tests.csproj]
C:\Users\ultra\warewolf\Dev\Warewolf.Common.NetStandard20\Warewolf.Common.NetStandard20.csproj : warning NU1701: Package 'ReactiveUI.WPF 18.4.1' was restored using '.NETFramework,Version=v4.6.1, .NETFramework,Version=v4.6.2, .NETFramework,Version=v4.7, .NETFramework,Version=v4.7.1, .NETFramework,Version=v4.7.2, .NETFramework,Version=v4.8, .NETFramework,Version=v4.8.1' instead of the project target framework 'net8.0'. This package may not be fully compatible with your project. [C:\Users\ultra\warewolf\Dev\Dev2.Diagnostics.Tests\Dev2.Diagnostics.Tests.csproj]
C:\Users\ultra\warewolf\Dev\Dev2.Util\Dev2.Util.csproj : warning NU1701: Package 'GroupControls 1.9.0' was restored using '.NETFramework,Version=v4.6.1, .NETFramework,Version=v4.6.2, .NETFramework,Version=v4.7, .NETFramework,Version=v4.7.1, .NETFramework,Version=v4.7.2, .NETFramework,Version=v4.8, .NETFramework,Version=v4.8.1' instead of the project target framework 'net8.0'. This package may not be fully compatible with your project. [C:\Users\ultra\warewolf\Dev\Dev2.Diagnostics.Tests\Dev2.Diagnostics.Tests.csproj]
C:\Users\ultra\warewolf\Dev\Warewolf.Common.NetStandard20\Warewolf.Common.NetStandard20.csproj : warning NU1701: Package 'TaskSchedulerEditor 2.10.1' was restored using '.NETFramework,Version=v4.6.1, .NETFramework,Version=v4.6.2, .NETFramework,Version=v4.7, .NETFramework,Version=v4.7.1, .NETFramework,Version=v4.7.2, .NETFramework,Version=v4.8, .NETFramework,Version=v4.8.1' instead of the project target framework 'net8.0'. This package may not be fully compatible with your project. [C:\Users\ultra\warewolf\Dev\Dev2.Diagnostics.Tests\Dev2.Diagnostics.Tests.csproj]
C:\Users\ultra\warewolf\Dev\Warewolf.Common.Framework48\Warewolf.Common.Framework48.csproj : warning NU1701: Package 'AeroWizard 2.3.1' was restored using '.NETFramework,Version=v4.6.1, .NETFramework,Version=v4.6.2, .NETFramework,Version=v4.7, .NETFramework,Version=v4.7.1, .NETFramework,Version=v4.7.2, .NETFramework,Version=v4.8, .NETFramework,Version=v4.8.1' instead of the project target framework 'net8.0'. This package may not be fully compatible with your project. [C:\Users\ultra\warewolf\Dev\Dev2.Diagnostics.Tests\Dev2.Diagnostics.Tests.csproj]
C:\Users\ultra\warewolf\Dev\Warewolf.Logger\Warewolf.Logger.csproj : warning NU1701: Package 'TaskSchedulerEditor 2.10.1' was restored using '.NETFramework,Version=v4.6.1, .NETFramework,Version=v4.6.2, .NETFramework,Version=v4.7, .NETFramework,Version=v4.7.1, .NETFramework,Version=v4.7.2, .NETFramework,Version=v4.8, .NETFramework,Version=v4.8.1' instead of the project target framework 'net8.0'. This package may not be fully compatible with your project. [C:\Users\ultra\warewolf\Dev\Dev2.Diagnostics.Tests\Dev2.Diagnostics.Tests.csproj]
C:\Users\ultra\warewolf\Dev\Warewolf.Common.Framework48\Warewolf.Common.Framework48.csproj : warning NU1701: Package 'GroupControls 1.9.0' was restored using '.NETFramework,Version=v4.6.1, .NETFramework,Version=v4.6.2, .NETFramework,Version=v4.7, .NETFramework,Version=v4.7.1, .NETFramework,Version=v4.7.2, .NETFramework,Version=v4.8, .NETFramework,Version=v4.8.1' instead of the project target framework 'net8.0'. This package may not be fully compatible with your project. [C:\Users\ultra\warewolf\Dev\Dev2.Diagnostics.Tests\Dev2.Diagnostics.Tests.csproj]
C:\Users\ultra\warewolf\Dev\Warewolf.Common.Framework48\Warewolf.Common.Framework48.csproj : warning NU1701: Package 'Microsoft.Xaml.Behaviors.Wpf 1.1.122' was restored using '.NETFramework,Version=v4.6.1, .NETFramework,Version=v4.6.2, .NETFramework,Version=v4.7, .NETFramework,Version=v4.7.1, .NETFramework,Version=v4.7.2, .NETFramework,Version=v4.8, .NETFramework,Version=v4.8.1' instead of the project target framework 'net8.0'. This package may not be fully compatible with your project. [C:\Users\ultra\warewolf\Dev\Dev2.Diagnostics.Tests\Dev2.Diagnostics.Tests.csproj]
C:\Users\ultra\warewolf\Dev\Warewolf.HangfireServer\Warewolf.HangfireServer.csproj : warning NU1701: Package 'AeroWizard 2.3.1' was restored using '.NETFramework,Version=v4.6.1, .NETFramework,Version=v4.6.2, .NETFramework,Version=v4.7, .NETFramework,Version=v4.7.1, .NETFramework,Version=v4.7.2, .NETFramework,Version=v4.8, .NETFramework,Version=v4.8.1' instead of the project target framework 'net8.0'. This package may not be fully compatible with your project. [C:\Users\ultra\warewolf\Dev\Dev2.Diagnostics.Tests\Dev2.Diagnostics.Tests.csproj]
C:\Users\ultra\warewolf\Dev\Warewolf.Common.Framework48\Warewolf.Common.Framework48.csproj : warning NU1701: Package 'Prism.Wpf 9.0.537' was restored using '.NETFramework,Version=v4.6.1, .NETFramework,Version=v4.6.2, .NETFramework,Version=v4.7, .NETFramework,Version=v4.7.1, .NETFramework,Version=v4.7.2, .NETFramework,Version=v4.8, .NETFramework,Version=v4.8.1' instead of the project target framework 'net8.0'. This package may not be fully compatible with your project. [C:\Users\ultra\warewolf\Dev\Dev2.Diagnostics.Tests\Dev2.Diagnostics.Tests.csproj]
C:\Users\ultra\warewolf\Dev\Warewolf.HangfireServer\Warewolf.HangfireServer.csproj : warning NU1701: Package 'GroupControls 1.9.0' was restored using '.NETFramework,Version=v4.6.1, .NETFramework,Version=v4.6.2, .NETFramework,Version=v4.7, .NETFramework,Version=v4.7.1, .NETFramework,Version=v4.7.2, .NETFramework,Version=v4.8, .NETFramework,Version=v4.8.1' instead of the project target framework 'net8.0'. This package may not be fully compatible with your project. [C:\Users\ultra\warewolf\Dev\Dev2.Diagnostics.Tests\Dev2.Diagnostics.Tests.csproj]
C:\Users\ultra\warewolf\Dev\Warewolf.HangfireServer\Warewolf.HangfireServer.csproj : warning NU1701: Package 'ReactiveUI.WPF 18.4.1' was restored using '.NETFramework,Version=v4.6.1, .NETFramework,Version=v4.6.2, .NETFramework,Version=v4.7, .NETFramework,Version=v4.7.1, .NETFramework,Version=v4.7.2, .NETFramework,Version=v4.8, .NETFramework,Version=v4.8.1' instead of the project target framework 'net8.0'. This package may not be fully compatible with your project. [C:\Users\ultra\warewolf\Dev\Dev2.Diagnostics.Tests\Dev2.Diagnostics.Tests.csproj]
C:\Users\ultra\warewolf\Dev\Warewolf.Common.Framework48\Warewolf.Common.Framework48.csproj : warning NU1701: Package 'ReactiveUI.WPF 18.4.1' was restored using '.NETFramework,Version=v4.6.1, .NETFramework,Version=v4.6.2, .NETFramework,Version=v4.7, .NETFramework,Version=v4.7.1, .NETFramework,Version=v4.7.2, .NETFramework,Version=v4.8, .NETFramework,Version=v4.8.1' instead of the project target framework 'net8.0'. This package may not be fully compatible with your project. [C:\Users\ultra\warewolf\Dev\Dev2.Diagnostics.Tests\Dev2.Diagnostics.Tests.csproj]
C:\Users\ultra\warewolf\Dev\Warewolf.HangfireServer\Warewolf.HangfireServer.csproj : warning NU1701: Package 'TaskSchedulerEditor 2.10.1' was restored using '.NETFramework,Version=v4.6.1, .NETFramework,Version=v4.6.2, .NETFramework,Version=v4.7, .NETFramework,Version=v4.7.1, .NETFramework,Version=v4.7.2, .NETFramework,Version=v4.8, .NETFramework,Version=v4.8.1' instead of the project target framework 'net8.0'. This package may not be fully compatible with your project. [C:\Users\ultra\warewolf\Dev\Dev2.Diagnostics.Tests\Dev2.Diagnostics.Tests.csproj]
C:\Users\ultra\warewolf\Dev\Warewolf.Common.Framework48\Warewolf.Common.Framework48.csproj : warning NU1701: Package 'TaskSchedulerEditor 2.10.1' was restored using '.NETFramework,Version=v4.6.1, .NETFramework,Version=v4.6.2, .NETFramework,Version=v4.7, .NETFramework,Version=v4.7.1, .NETFramework,Version=v4.7.2, .NETFramework,Version=v4.8, .NETFramework,Version=v4.8.1' instead of the project target framework 'net8.0'. This package may not be fully compatible with your project. [C:\Users\ultra\warewolf\Dev\Dev2.Diagnostics.Tests\Dev2.Diagnostics.Tests.csproj]
C:\Users\ultra\warewolf\Dev\Dev2.Util\Dev2.Util.csproj : warning NU1701: Package 'TaskSchedulerEditor 2.10.1' was restored using '.NETFramework,Version=v4.6.1, .NETFramework,Version=v4.6.2, .NETFramework,Version=v4.7, .NETFramework,Version=v4.7.1, .NETFramework,Version=v4.7.2, .NETFramework,Version=v4.8, .NETFramework,Version=v4.8.1' instead of the project target framework 'net8.0'. This package may not be fully compatible with your project. [C:\Users\ultra\warewolf\Dev\Dev2.Diagnostics.Tests\Dev2.Diagnostics.Tests.csproj]
C:\Users\ultra\warewolf\Dev\Warewolf.Storage.Interfaces\Warewolf.Storage.Interfaces.csproj : warning NU1701: Package 'AeroWizard 2.3.1' was restored using '.NETFramework,Version=v4.6.1, .NETFramework,Version=v4.6.2, .NETFramework,Version=v4.7, .NETFramework,Version=v4.7.1, .NETFramework,Version=v4.7.2, .NETFramework,Version=v4.8, .NETFramework,Version=v4.8.1' instead of the project target framework 'net8.0'. This package may not be fully compatible with your project. [C:\Users\ultra\warewolf\Dev\Dev2.Diagnostics.Tests\Dev2.Diagnostics.Tests.csproj]
C:\Users\ultra\warewolf\Dev\Warewolf.Storage.Interfaces\Warewolf.Storage.Interfaces.csproj : warning NU1701: Package 'GroupControls 1.9.0' was restored using '.NETFramework,Version=v4.6.1, .NETFramework,Version=v4.6.2, .NETFramework,Version=v4.7, .NETFramework,Version=v4.7.1, .NETFramework,Version=v4.7.2, .NETFramework,Version=v4.8, .NETFramework,Version=v4.8.1' instead of the project target framework 'net8.0'. This package may not be fully compatible with your project. [C:\Users\ultra\warewolf\Dev\Dev2.Diagnostics.Tests\Dev2.Diagnostics.Tests.csproj]
C:\Users\ultra\warewolf\Dev\Warewolf.Storage.Interfaces\Warewolf.Storage.Interfaces.csproj : warning NU1701: Package 'TaskSchedulerEditor 2.10.1' was restored using '.NETFramework,Version=v4.6.1, .NETFramework,Version=v4.6.2, .NETFramework,Version=v4.7, .NETFramework,Version=v4.7.1, .NETFramework,Version=v4.7.2, .NETFramework,Version=v4.8, .NETFramework,Version=v4.8.1' instead of the project target framework 'net8.0'. This package may not be fully compatible with your project. [C:\Users\ultra\warewolf\Dev\Dev2.Diagnostics.Tests\Dev2.Diagnostics.Tests.csproj]
C:\Users\ultra\warewolf\Dev\Dev2.Runtime.Configuration\Dev2.Runtime.Configuration.csproj : warning NU1903: Package 'Microsoft.Windows.Compatibility' 6.0.0 has a known high severity vulnerability, https://github.com/advisories/GHSA-555c-2p6r-68mm [C:\Users\ultra\warewolf\Dev\Dev2.Diagnostics.Tests\Dev2.Diagnostics.Tests.csproj]
C:\Users\ultra\warewolf\Dev\Dev2.Runtime.Configuration\Dev2.Runtime.Configuration.csproj : warning NU1701: Package 'AeroWizard 2.3.1' was restored using '.NETFramework,Version=v4.6.1, .NETFramework,Version=v4.6.2, .NETFramework,Version=v4.7, .NETFramework,Version=v4.7.1, .NETFramework,Version=v4.7.2, .NETFramework,Version=v4.8, .NETFramework,Version=v4.8.1' instead of the project target framework 'net8.0'. This package may not be fully compatible with your project. [C:\Users\ultra\warewolf\Dev\Dev2.Diagnostics.Tests\Dev2.Diagnostics.Tests.csproj]
C:\Users\ultra\warewolf\Dev\Dev2.Runtime.Configuration\Dev2.Runtime.Configuration.csproj : warning NU1701: Package 'GroupControls 1.9.0' was restored using '.NETFramework,Version=v4.6.1, .NETFramework,Version=v4.6.2, .NETFramework,Version=v4.7, .NETFramework,Version=v4.7.1, .NETFramework,Version=v4.7.2, .NETFramework,Version=v4.8, .NETFramework,Version=v4.8.1' instead of the project target framework 'net8.0'. This package may not be fully compatible with your project. [C:\Users\ultra\warewolf\Dev\Dev2.Diagnostics.Tests\Dev2.Diagnostics.Tests.csproj]
C:\Users\ultra\warewolf\Dev\Dev2.Runtime.Configuration\Dev2.Runtime.Configuration.csproj : warning NU1701: Package 'TaskSchedulerEditor 2.10.1' was restored using '.NETFramework,Version=v4.6.1, .NETFramework,Version=v4.6.2, .NETFramework,Version=v4.7, .NETFramework,Version=v4.7.1, .NETFramework,Version=v4.7.2, .NETFramework,Version=v4.8, .NETFramework,Version=v4.8.1' instead of the project target framework 'net8.0'. This package may not be fully compatible with your project. [C:\Users\ultra\warewolf\Dev\Dev2.Diagnostics.Tests\Dev2.Diagnostics.Tests.csproj]
C:\Users\ultra\warewolf\Dev\Warewolf.Licensing\Warewolf.Licensing.csproj : warning NU1701: Package 'AeroWizard 2.3.1' was restored using '.NETFramework,Version=v4.6.1, .NETFramework,Version=v4.6.2, .NETFramework,Version=v4.7, .NETFramework,Version=v4.7.1, .NETFramework,Version=v4.7.2, .NETFramework,Version=v4.8, .NETFramework,Version=v4.8.1' instead of the project target framework 'net8.0'. This package may not be fully compatible with your project. [C:\Users\ultra\warewolf\Dev\Dev2.Diagnostics.Tests\Dev2.Diagnostics.Tests.csproj]
C:\Users\ultra\warewolf\Dev\Warewolf.Licensing\Warewolf.Licensing.csproj : warning NU1701: Package 'GroupControls 1.9.0' was restored using '.NETFramework,Version=v4.6.1, .NETFramework,Version=v4.6.2, .NETFramework,Version=v4.7, .NETFramework,Version=v4.7.1, .NETFramework,Version=v4.7.2, .NETFramework,Version=v4.8, .NETFramework,Version=v4.8.1' instead of the project target framework 'net8.0'. This package may not be fully compatible with your project. [C:\Users\ultra\warewolf\Dev\Dev2.Diagnostics.Tests\Dev2.Diagnostics.Tests.csproj]
C:\Users\ultra\warewolf\Dev\Warewolf.Licensing\Warewolf.Licensing.csproj : warning NU1701: Package 'TaskSchedulerEditor 2.10.1' was restored using '.NETFramework,Version=v4.6.1, .NETFramework,Version=v4.6.2, .NETFramework,Version=v4.7, .NETFramework,Version=v4.7.1, .NETFramework,Version=v4.7.2, .NETFramework,Version=v4.8, .NETFramework,Version=v4.8.1' instead of the project target framework 'net8.0'. This package may not be fully compatible with your project. [C:\Users\ultra\warewolf\Dev\Dev2.Diagnostics.Tests\Dev2.Diagnostics.Tests.csproj]
C:\Users\ultra\warewolf\Dev\Warewolf.Storage\Warewolf.Storage.csproj : warning NU1701: Package 'AeroWizard 2.3.1' was restored using '.NETFramework,Version=v4.6.1, .NETFramework,Version=v4.6.2, .NETFramework,Version=v4.7, .NETFramework,Version=v4.7.1, .NETFramework,Version=v4.7.2, .NETFramework,Version=v4.8, .NETFramework,Version=v4.8.1' instead of the project target framework 'net8.0'. This package may not be fully compatible with your project. [C:\Users\ultra\warewolf\Dev\Dev2.Diagnostics.Tests\Dev2.Diagnostics.Tests.csproj]
C:\Users\ultra\warewolf\Dev\Warewolf.Sharepoint\Warewolf.Sharepoint.csproj : warning NU1701: Package 'AeroWizard 2.3.1' was restored using '.NETFramework,Version=v4.6.1, .NETFramework,Version=v4.6.2, .NETFramework,Version=v4.7, .NETFramework,Version=v4.7.1, .NETFramework,Version=v4.7.2, .NETFramework,Version=v4.8, .NETFramework,Version=v4.8.1' instead of the project target framework 'net8.0'. This package may not be fully compatible with your project. [C:\Users\ultra\warewolf\Dev\Dev2.Diagnostics.Tests\Dev2.Diagnostics.Tests.csproj]
C:\Users\ultra\warewolf\Dev\Warewolf.Storage\Warewolf.Storage.csproj : warning NU1701: Package 'GroupControls 1.9.0' was restored using '.NETFramework,Version=v4.6.1, .NETFramework,Version=v4.6.2, .NETFramework,Version=v4.7, .NETFramework,Version=v4.7.1, .NETFramework,Version=v4.7.2, .NETFramework,Version=v4.8, .NETFramework,Version=v4.8.1' instead of the project target framework 'net8.0'. This package may not be fully compatible with your project. [C:\Users\ultra\warewolf\Dev\Dev2.Diagnostics.Tests\Dev2.Diagnostics.Tests.csproj]
C:\Users\ultra\warewolf\Dev\Warewolf.Sharepoint\Warewolf.Sharepoint.csproj : warning NU1701: Package 'GroupControls 1.9.0' was restored using '.NETFramework,Version=v4.6.1, .NETFramework,Version=v4.6.2, .NETFramework,Version=v4.7, .NETFramework,Version=v4.7.1, .NETFramework,Version=v4.7.2, .NETFramework,Version=v4.8, .NETFramework,Version=v4.8.1' instead of the project target framework 'net8.0'. This package may not be fully compatible with your project. [C:\Users\ultra\warewolf\Dev\Dev2.Diagnostics.Tests\Dev2.Diagnostics.Tests.csproj]
C:\Users\ultra\warewolf\Dev\Warewolf.Storage\Warewolf.Storage.csproj : warning NU1701: Package 'ReactiveUI.WPF 18.4.1' was restored using '.NETFramework,Version=v4.6.1, .NETFramework,Version=v4.6.2, .NETFramework,Version=v4.7, .NETFramework,Version=v4.7.1, .NETFramework,Version=v4.7.2, .NETFramework,Version=v4.8, .NETFramework,Version=v4.8.1' instead of the project target framework 'net8.0'. This package may not be fully compatible with your project. [C:\Users\ultra\warewolf\Dev\Dev2.Diagnostics.Tests\Dev2.Diagnostics.Tests.csproj]
C:\Users\ultra\warewolf\Dev\Warewolf.Sharepoint\Warewolf.Sharepoint.csproj : warning NU1701: Package 'ReactiveUI.WPF 18.4.1' was restored using '.NETFramework,Version=v4.6.1, .NETFramework,Version=v4.6.2, .NETFramework,Version=v4.7, .NETFramework,Version=v4.7.1, .NETFramework,Version=v4.7.2, .NETFramework,Version=v4.8, .NETFramework,Version=v4.8.1' instead of the project target framework 'net8.0'. This package may not be fully compatible with your project. [C:\Users\ultra\warewolf\Dev\Dev2.Diagnostics.Tests\Dev2.Diagnostics.Tests.csproj]
C:\Users\ultra\warewolf\Dev\Warewolf.Storage\Warewolf.Storage.csproj : warning NU1701: Package 'TaskSchedulerEditor 2.10.1' was restored using '.NETFramework,Version=v4.6.1, .NETFramework,Version=v4.6.2, .NETFramework,Version=v4.7, .NETFramework,Version=v4.7.1, .NETFramework,Version=v4.7.2, .NETFramework,Version=v4.8, .NETFramework,Version=v4.8.1' instead of the project target framework 'net8.0'. This package may not be fully compatible with your project. [C:\Users\ultra\warewolf\Dev\Dev2.Diagnostics.Tests\Dev2.Diagnostics.Tests.csproj]
C:\Users\ultra\warewolf\Dev\Warewolf.Sharepoint\Warewolf.Sharepoint.csproj : warning NU1701: Package 'TaskSchedulerEditor 2.10.1' was restored using '.NETFramework,Version=v4.6.1, .NETFramework,Version=v4.6.2, .NETFramework,Version=v4.7, .NETFramework,Version=v4.7.1, .NETFramework,Version=v4.7.2, .NETFramework,Version=v4.8, .NETFramework,Version=v4.8.1' instead of the project target framework 'net8.0'. This package may not be fully compatible with your project. [C:\Users\ultra\warewolf\Dev\Dev2.Diagnostics.Tests\Dev2.Diagnostics.Tests.csproj]
C:\Users\ultra\warewolf\Dev\Dev2.Common\Dev2.Common.csproj : warning NU1903: Package 'Microsoft.Windows.Compatibility' 6.0.0 has a known high severity vulnerability, https://github.com/advisories/GHSA-555c-2p6r-68mm [C:\Users\ultra\warewolf\Dev\Dev2.Diagnostics.Tests\Dev2.Diagnostics.Tests.csproj]
C:\Users\ultra\warewolf\Dev\Dev2.Common\Dev2.Common.csproj : warning NU1701: Package 'AeroWizard 2.3.1' was restored using '.NETFramework,Version=v4.6.1, .NETFramework,Version=v4.6.2, .NETFramework,Version=v4.7, .NETFramework,Version=v4.7.1, .NETFramework,Version=v4.7.2, .NETFramework,Version=v4.8, .NETFramework,Version=v4.8.1' instead of the project target framework 'net8.0'. This package may not be fully compatible with your project. [C:\Users\ultra\warewolf\Dev\Dev2.Diagnostics.Tests\Dev2.Diagnostics.Tests.csproj]
C:\Users\ultra\warewolf\Dev\Dev2.Common\Dev2.Common.csproj : warning NU1701: Package 'GroupControls 1.9.0' was restored using '.NETFramework,Version=v4.6.1, .NETFramework,Version=v4.6.2, .NETFramework,Version=v4.7, .NETFramework,Version=v4.7.1, .NETFramework,Version=v4.7.2, .NETFramework,Version=v4.8, .NETFramework,Version=v4.8.1' instead of the project target framework 'net8.0'. This package may not be fully compatible with your project. [C:\Users\ultra\warewolf\Dev\Dev2.Diagnostics.Tests\Dev2.Diagnostics.Tests.csproj]
C:\Users\ultra\warewolf\Dev\Dev2.Common\Dev2.Common.csproj : warning NU1701: Package 'TaskSchedulerEditor 2.10.1' was restored using '.NETFramework,Version=v4.6.1, .NETFramework,Version=v4.6.2, .NETFramework,Version=v4.7, .NETFramework,Version=v4.7.1, .NETFramework,Version=v4.7.2, .NETFramework,Version=v4.8, .NETFramework,Version=v4.8.1' instead of the project target framework 'net8.0'. This package may not be fully compatible with your project. [C:\Users\ultra\warewolf\Dev\Dev2.Diagnostics.Tests\Dev2.Diagnostics.Tests.csproj]
C:\Users\ultra\warewolf\Dev\Dev2.Scheduler\Dev2.Scheduler.csproj : warning NU1701: Package 'AeroWizard 2.3.1' was restored using '.NETFramework,Version=v4.6.1, .NETFramework,Version=v4.6.2, .NETFramework,Version=v4.7, .NETFramework,Version=v4.7.1, .NETFramework,Version=v4.7.2, .NETFramework,Version=v4.8, .NETFramework,Version=v4.8.1' instead of the project target framework 'net8.0'. This package may not be fully compatible with your project. [C:\Users\ultra\warewolf\Dev\Dev2.Diagnostics.Tests\Dev2.Diagnostics.Tests.csproj]
C:\Users\ultra\warewolf\Dev\Dev2.Scheduler\Dev2.Scheduler.csproj : warning NU1701: Package 'GroupControls 1.9.0' was restored using '.NETFramework,Version=v4.6.1, .NETFramework,Version=v4.6.2, .NETFramework,Version=v4.7, .NETFramework,Version=v4.7.1, .NETFramework,Version=v4.7.2, .NETFramework,Version=v4.8, .NETFramework,Version=v4.8.1' instead of the project target framework 'net8.0'. This package may not be fully compatible with your project. [C:\Users\ultra\warewolf\Dev\Dev2.Diagnostics.Tests\Dev2.Diagnostics.Tests.csproj]
C:\Users\ultra\warewolf\Dev\Dev2.Scheduler\Dev2.Scheduler.csproj : warning NU1701: Package 'ReactiveUI.WPF 18.4.1' was restored using '.NETFramework,Version=v4.6.1, .NETFramework,Version=v4.6.2, .NETFramework,Version=v4.7, .NETFramework,Version=v4.7.1, .NETFramework,Version=v4.7.2, .NETFramework,Version=v4.8, .NETFramework,Version=v4.8.1' instead of the project target framework 'net8.0'. This package may not be fully compatible with your project. [C:\Users\ultra\warewolf\Dev\Dev2.Diagnostics.Tests\Dev2.Diagnostics.Tests.csproj]
C:\Users\ultra\warewolf\Dev\Dev2.Scheduler\Dev2.Scheduler.csproj : warning NU1701: Package 'TaskSchedulerEditor 2.10.1' was restored using '.NETFramework,Version=v4.6.1, .NETFramework,Version=v4.6.2, .NETFramework,Version=v4.7, .NETFramework,Version=v4.7.1, .NETFramework,Version=v4.7.2, .NETFramework,Version=v4.8, .NETFramework,Version=v4.8.1' instead of the project target framework 'net8.0'. This package may not be fully compatible with your project. [C:\Users\ultra\warewolf\Dev\Dev2.Diagnostics.Tests\Dev2.Diagnostics.Tests.csproj]
C:\Users\ultra\warewolf\Dev\Dev2.Runtime.Configuration.Tests\Dev2.Runtime.Configuration.Tests.csproj : warning NU1701: Package 'AeroWizard 2.3.1' was restored using '.NETFramework,Version=v4.6.1, .NETFramework,Version=v4.6.2, .NETFramework,Version=v4.7, .NETFramework,Version=v4.7.1, .NETFramework,Version=v4.7.2, .NETFramework,Version=v4.8, .NETFramework,Version=v4.8.1' instead of the project target framework 'net8.0'. This package may not be fully compatible with your project. [C:\Users\ultra\warewolf\Dev\Dev2.Diagnostics.Tests\Dev2.Diagnostics.Tests.csproj]
C:\Users\ultra\warewolf\Dev\Dev2.Runtime.Configuration.Tests\Dev2.Runtime.Configuration.Tests.csproj : warning NU1701: Package 'GroupControls 1.9.0' was restored using '.NETFramework,Version=v4.6.1, .NETFramework,Version=v4.6.2, .NETFramework,Version=v4.7, .NETFramework,Version=v4.7.1, .NETFramework,Version=v4.7.2, .NETFramework,Version=v4.8, .NETFramework,Version=v4.8.1' instead of the project target framework 'net8.0'. This package may not be fully compatible with your project. [C:\Users\ultra\warewolf\Dev\Dev2.Diagnostics.Tests\Dev2.Diagnostics.Tests.csproj]
C:\Users\ultra\warewolf\Dev\Dev2.Runtime.Configuration.Tests\Dev2.Runtime.Configuration.Tests.csproj : warning NU1701: Package 'TaskSchedulerEditor 2.10.1' was restored using '.NETFramework,Version=v4.6.1, .NETFramework,Version=v4.6.2, .NETFramework,Version=v4.7, .NETFramework,Version=v4.7.1, .NETFramework,Version=v4.7.2, .NETFramework,Version=v4.8, .NETFramework,Version=v4.8.1' instead of the project target framework 'net8.0'. This package may not be fully compatible with your project. [C:\Users\ultra\warewolf\Dev\Dev2.Diagnostics.Tests\Dev2.Diagnostics.Tests.csproj]
C:\Users\ultra\warewolf\Dev\Dev2.Common.Interfaces\Dev2.Common.Interfaces.csproj : warning NU1903: Package 'Microsoft.Windows.Compatibility' 6.0.0 has a known high severity vulnerability, https://github.com/advisories/GHSA-555c-2p6r-68mm [C:\Users\ultra\warewolf\Dev\Dev2.Diagnostics.Tests\Dev2.Diagnostics.Tests.csproj]
C:\Users\ultra\warewolf\Dev\Dev2.Common.Interfaces\Dev2.Common.Interfaces.csproj : warning NU1701: Package 'AeroWizard 2.3.1' was restored using '.NETFramework,Version=v4.6.1, .NETFramework,Version=v4.6.2, .NETFramework,Version=v4.7, .NETFramework,Version=v4.7.1, .NETFramework,Version=v4.7.2, .NETFramework,Version=v4.8, .NETFramework,Version=v4.8.1' instead of the project target framework 'net8.0'. This package may not be fully compatible with your project. [C:\Users\ultra\warewolf\Dev\Dev2.Diagnostics.Tests\Dev2.Diagnostics.Tests.csproj]
C:\Users\ultra\warewolf\Dev\Dev2.Common.Interfaces\Dev2.Common.Interfaces.csproj : warning NU1701: Package 'GroupControls 1.9.0' was restored using '.NETFramework,Version=v4.6.1, .NETFramework,Version=v4.6.2, .NETFramework,Version=v4.7, .NETFramework,Version=v4.7.1, .NETFramework,Version=v4.7.2, .NETFramework,Version=v4.8, .NETFramework,Version=v4.8.1' instead of the project target framework 'net8.0'. This package may not be fully compatible with your project. [C:\Users\ultra\warewolf\Dev\Dev2.Diagnostics.Tests\Dev2.Diagnostics.Tests.csproj]
C:\Users\ultra\warewolf\Dev\Dev2.Common.Interfaces\Dev2.Common.Interfaces.csproj : warning NU1701: Package 'TaskSchedulerEditor 2.10.1' was restored using '.NETFramework,Version=v4.6.1, .NETFramework,Version=v4.6.2, .NETFramework,Version=v4.7, .NETFramework,Version=v4.7.1, .NETFramework,Version=v4.7.2, .NETFramework,Version=v4.8, .NETFramework,Version=v4.8.1' instead of the project target framework 'net8.0'. This package may not be fully compatible with your project. [C:\Users\ultra\warewolf\Dev\Dev2.Diagnostics.Tests\Dev2.Diagnostics.Tests.csproj]
C:\Users\ultra\warewolf\Dev\Dev2.CustomControls\Dev2.CustomControls.csproj : warning NU1903: Package 'Microsoft.Windows.Compatibility' 6.0.0 has a known high severity vulnerability, https://github.com/advisories/GHSA-555c-2p6r-68mm [C:\Users\ultra\warewolf\Dev\Dev2.Diagnostics.Tests\Dev2.Diagnostics.Tests.csproj]
C:\Users\ultra\warewolf\Dev\Dev2.CustomControls\Dev2.CustomControls.csproj : warning NU1701: Package 'AeroWizard 2.3.1' was restored using '.NETFramework,Version=v4.6.1, .NETFramework,Version=v4.6.2, .NETFramework,Version=v4.7, .NETFramework,Version=v4.7.1, .NETFramework,Version=v4.7.2, .NETFramework,Version=v4.8, .NETFramework,Version=v4.8.1' instead of the project target framework 'net8.0'. This package may not be fully compatible with your project. [C:\Users\ultra\warewolf\Dev\Dev2.Diagnostics.Tests\Dev2.Diagnostics.Tests.csproj]
C:\Users\ultra\warewolf\Dev\Dev2.CustomControls\Dev2.CustomControls.csproj : warning NU1701: Package 'GroupControls 1.9.0' was restored using '.NETFramework,Version=v4.6.1, .NETFramework,Version=v4.6.2, .NETFramework,Version=v4.7, .NETFramework,Version=v4.7.1, .NETFramework,Version=v4.7.2, .NETFramework,Version=v4.8, .NETFramework,Version=v4.8.1' instead of the project target framework 'net8.0'. This package may not be fully compatible with your project. [C:\Users\ultra\warewolf\Dev\Dev2.Diagnostics.Tests\Dev2.Diagnostics.Tests.csproj]
C:\Users\ultra\warewolf\Dev\Dev2.CustomControls\Dev2.CustomControls.csproj : warning NU1701: Package 'TaskSchedulerEditor 2.10.1' was restored using '.NETFramework,Version=v4.6.1, .NETFramework,Version=v4.6.2, .NETFramework,Version=v4.7, .NETFramework,Version=v4.7.1, .NETFramework,Version=v4.7.2, .NETFramework,Version=v4.8, .NETFramework,Version=v4.8.1' instead of the project target framework 'net8.0'. This package may not be fully compatible with your project. [C:\Users\ultra\warewolf\Dev\Dev2.Diagnostics.Tests\Dev2.Diagnostics.Tests.csproj]
C:\Users\ultra\warewolf\Dev\Dev2.Core\Dev2.Core.csproj : warning NU1903: Package 'Microsoft.Windows.Compatibility' 6.0.0 has a known high severity vulnerability, https://github.com/advisories/GHSA-555c-2p6r-68mm [C:\Users\ultra\warewolf\Dev\Dev2.Diagnostics.Tests\Dev2.Diagnostics.Tests.csproj]
C:\Users\ultra\warewolf\Dev\Dev2.Core\Dev2.Core.csproj : warning NU1701: Package 'AeroWizard 2.3.1' was restored using '.NETFramework,Version=v4.6.1, .NETFramework,Version=v4.6.2, .NETFramework,Version=v4.7, .NETFramework,Version=v4.7.1, .NETFramework,Version=v4.7.2, .NETFramework,Version=v4.8, .NETFramework,Version=v4.8.1' instead of the project target framework 'net8.0'. This package may not be fully compatible with your project. [C:\Users\ultra\warewolf\Dev\Dev2.Diagnostics.Tests\Dev2.Diagnostics.Tests.csproj]
C:\Users\ultra\warewolf\Dev\Dev2.Core\Dev2.Core.csproj : warning NU1701: Package 'GroupControls 1.9.0' was restored using '.NETFramework,Version=v4.6.1, .NETFramework,Version=v4.6.2, .NETFramework,Version=v4.7, .NETFramework,Version=v4.7.1, .NETFramework,Version=v4.7.2, .NETFramework,Version=v4.8, .NETFramework,Version=v4.8.1' instead of the project target framework 'net8.0'. This package may not be fully compatible with your project. [C:\Users\ultra\warewolf\Dev\Dev2.Diagnostics.Tests\Dev2.Diagnostics.Tests.csproj]
C:\Users\ultra\warewolf\Dev\Dev2.Core\Dev2.Core.csproj : warning NU1701: Package 'ReactiveUI.WPF 18.4.1' was restored using '.NETFramework,Version=v4.6.1, .NETFramework,Version=v4.6.2, .NETFramework,Version=v4.7, .NETFramework,Version=v4.7.1, .NETFramework,Version=v4.7.2, .NETFramework,Version=v4.8, .NETFramework,Version=v4.8.1' instead of the project target framework 'net8.0'. This package may not be fully compatible with your project. [C:\Users\ultra\warewolf\Dev\Dev2.Diagnostics.Tests\Dev2.Diagnostics.Tests.csproj]
C:\Users\ultra\warewolf\Dev\Dev2.Core\Dev2.Core.csproj : warning NU1701: Package 'TaskSchedulerEditor 2.10.1' was restored using '.NETFramework,Version=v4.6.1, .NETFramework,Version=v4.6.2, .NETFramework,Version=v4.7, .NETFramework,Version=v4.7.1, .NETFramework,Version=v4.7.2, .NETFramework,Version=v4.8, .NETFramework,Version=v4.8.1' instead of the project target framework 'net8.0'. This package may not be fully compatible with your project. [C:\Users\ultra\warewolf\Dev\Dev2.Diagnostics.Tests\Dev2.Diagnostics.Tests.csproj]
C:\Users\ultra\warewolf\Dev\Dev2.Diagnostics\Dev2.Diagnostics.csproj : warning NU1701: Package 'AeroWizard 2.3.1' was restored using '.NETFramework,Version=v4.6.1, .NETFramework,Version=v4.6.2, .NETFramework,Version=v4.7, .NETFramework,Version=v4.7.1, .NETFramework,Version=v4.7.2, .NETFramework,Version=v4.8, .NETFramework,Version=v4.8.1' instead of the project target framework 'net8.0'. This package may not be fully compatible with your project. [C:\Users\ultra\warewolf\Dev\Dev2.Diagnostics.Tests\Dev2.Diagnostics.Tests.csproj]
C:\Users\ultra\warewolf\Dev\Dev2.Diagnostics\Dev2.Diagnostics.csproj : warning NU1701: Package 'GroupControls 1.9.0' was restored using '.NETFramework,Version=v4.6.1, .NETFramework,Version=v4.6.2, .NETFramework,Version=v4.7, .NETFramework,Version=v4.7.1, .NETFramework,Version=v4.7.2, .NETFramework,Version=v4.8, .NETFramework,Version=v4.8.1' instead of the project target framework 'net8.0'. This package may not be fully compatible with your project. [C:\Users\ultra\warewolf\Dev\Dev2.Diagnostics.Tests\Dev2.Diagnostics.Tests.csproj]
C:\Users\ultra\warewolf\Dev\Dev2.Diagnostics\Dev2.Diagnostics.csproj : warning NU1701: Package 'TaskSchedulerEditor 2.10.1' was restored using '.NETFramework,Version=v4.6.1, .NETFramework,Version=v4.6.2, .NETFramework,Version=v4.7, .NETFramework,Version=v4.7.1, .NETFramework,Version=v4.7.2, .NETFramework,Version=v4.8, .NETFramework,Version=v4.8.1' instead of the project target framework 'net8.0'. This package may not be fully compatible with your project. [C:\Users\ultra\warewolf\Dev\Dev2.Diagnostics.Tests\Dev2.Diagnostics.Tests.csproj]
C:\Users\ultra\warewolf\Dev\Warewolf.Studio.Core\Warewolf.Studio.Core.csproj : warning NU1701: Package 'AeroWizard 2.3.1' was restored using '.NETFramework,Version=v4.6.1, .NETFramework,Version=v4.6.2, .NETFramework,Version=v4.7, .NETFramework,Version=v4.7.1, .NETFramework,Version=v4.7.2, .NETFramework,Version=v4.8, .NETFramework,Version=v4.8.1' instead of the project target framework 'net8.0'. This package may not be fully compatible with your project. [C:\Users\ultra\warewolf\Dev\Dev2.Diagnostics.Tests\Dev2.Diagnostics.Tests.csproj]
C:\Users\ultra\warewolf\Dev\Warewolf.Studio.Core\Warewolf.Studio.Core.csproj : warning NU1701: Package 'GroupControls 1.9.0' was restored using '.NETFramework,Version=v4.6.1, .NETFramework,Version=v4.6.2, .NETFramework,Version=v4.7, .NETFramework,Version=v4.7.1, .NETFramework,Version=v4.7.2, .NETFramework,Version=v4.8, .NETFramework,Version=v4.8.1' instead of the project target framework 'net8.0'. This package may not be fully compatible with your project. [C:\Users\ultra\warewolf\Dev\Dev2.Diagnostics.Tests\Dev2.Diagnostics.Tests.csproj]
C:\Users\ultra\warewolf\Dev\Warewolf.Studio.Core\Warewolf.Studio.Core.csproj : warning NU1701: Package 'Microsoft.Xaml.Behaviors.Wpf 1.1.122' was restored using '.NETFramework,Version=v4.6.1, .NETFramework,Version=v4.6.2, .NETFramework,Version=v4.7, .NETFramework,Version=v4.7.1, .NETFramework,Version=v4.7.2, .NETFramework,Version=v4.8, .NETFramework,Version=v4.8.1' instead of the project target framework 'net8.0'. This package may not be fully compatible with your project. [C:\Users\ultra\warewolf\Dev\Dev2.Diagnostics.Tests\Dev2.Diagnostics.Tests.csproj]
C:\Users\ultra\warewolf\Dev\Warewolf.Studio.Core\Warewolf.Studio.Core.csproj : warning NU1701: Package 'Prism.Wpf 9.0.537' was restored using '.NETFramework,Version=v4.6.1, .NETFramework,Version=v4.6.2, .NETFramework,Version=v4.7, .NETFramework,Version=v4.7.1, .NETFramework,Version=v4.7.2, .NETFramework,Version=v4.8, .NETFramework,Version=v4.8.1' instead of the project target framework 'net8.0'. This package may not be fully compatible with your project. [C:\Users\ultra\warewolf\Dev\Dev2.Diagnostics.Tests\Dev2.Diagnostics.Tests.csproj]
C:\Users\ultra\warewolf\Dev\Warewolf.Studio.Core\Warewolf.Studio.Core.csproj : warning NU1701: Package 'ReactiveUI.WPF 18.4.1' was restored using '.NETFramework,Version=v4.6.1, .NETFramework,Version=v4.6.2, .NETFramework,Version=v4.7, .NETFramework,Version=v4.7.1, .NETFramework,Version=v4.7.2, .NETFramework,Version=v4.8, .NETFramework,Version=v4.8.1' instead of the project target framework 'net8.0'. This package may not be fully compatible with your project. [C:\Users\ultra\warewolf\Dev\Dev2.Diagnostics.Tests\Dev2.Diagnostics.Tests.csproj]
C:\Users\ultra\warewolf\Dev\Warewolf.Studio.Core\Warewolf.Studio.Core.csproj : warning NU1701: Package 'TaskSchedulerEditor 2.10.1' was restored using '.NETFramework,Version=v4.6.1, .NETFramework,Version=v4.6.2, .NETFramework,Version=v4.7, .NETFramework,Version=v4.7.1, .NETFramework,Version=v4.7.2, .NETFramework,Version=v4.8, .NETFramework,Version=v4.8.1' instead of the project target framework 'net8.0'. This package may not be fully compatible with your project. [C:\Users\ultra\warewolf\Dev\Dev2.Diagnostics.Tests\Dev2.Diagnostics.Tests.csproj]
C:\Users\ultra\warewolf\Dev\Dev2.Data.Interfaces\Dev2.Data.Interfaces.csproj : warning NU1903: Package 'DotNetZip' 1.16.0 has a known high severity vulnerability, https://github.com/advisories/GHSA-xhg6-9j5j-w4vf [C:\Users\ultra\warewolf\Dev\Dev2.Diagnostics.Tests\Dev2.Diagnostics.Tests.csproj]
C:\Users\ultra\warewolf\Dev\Dev2.Data.Interfaces\Dev2.Data.Interfaces.csproj : warning NU1701: Package 'AeroWizard 2.3.1' was restored using '.NETFramework,Version=v4.6.1, .NETFramework,Version=v4.6.2, .NETFramework,Version=v4.7, .NETFramework,Version=v4.7.1, .NETFramework,Version=v4.7.2, .NETFramework,Version=v4.8, .NETFramework,Version=v4.8.1' instead of the project target framework 'net8.0'. This package may not be fully compatible with your project. [C:\Users\ultra\warewolf\Dev\Dev2.Diagnostics.Tests\Dev2.Diagnostics.Tests.csproj]
C:\Users\ultra\warewolf\Dev\Dev2.Data.Interfaces\Dev2.Data.Interfaces.csproj : warning NU1701: Package 'GroupControls 1.9.0' was restored using '.NETFramework,Version=v4.6.1, .NETFramework,Version=v4.6.2, .NETFramework,Version=v4.7, .NETFramework,Version=v4.7.1, .NETFramework,Version=v4.7.2, .NETFramework,Version=v4.8, .NETFramework,Version=v4.8.1' instead of the project target framework 'net8.0'. This package may not be fully compatible with your project. [C:\Users\ultra\warewolf\Dev\Dev2.Diagnostics.Tests\Dev2.Diagnostics.Tests.csproj]
C:\Users\ultra\warewolf\Dev\Dev2.Data.Interfaces\Dev2.Data.Interfaces.csproj : warning NU1701: Package 'TaskSchedulerEditor 2.10.1' was restored using '.NETFramework,Version=v4.6.1, .NETFramework,Version=v4.6.2, .NETFramework,Version=v4.7, .NETFramework,Version=v4.7.1, .NETFramework,Version=v4.7.2, .NETFramework,Version=v4.8, .NETFramework,Version=v4.8.1' instead of the project target framework 'net8.0'. This package may not be fully compatible with your project. [C:\Users\ultra\warewolf\Dev\Dev2.Diagnostics.Tests\Dev2.Diagnostics.Tests.csproj]
C:\Users\ultra\warewolf\Dev\Dev2.Data\Dev2.Data.csproj : warning NU1701: Package 'AeroWizard 2.3.1' was restored using '.NETFramework,Version=v4.6.1, .NETFramework,Version=v4.6.2, .NETFramework,Version=v4.7, .NETFramework,Version=v4.7.1, .NETFramework,Version=v4.7.2, .NETFramework,Version=v4.8, .NETFramework,Version=v4.8.1' instead of the project target framework 'net8.0'. This package may not be fully compatible with your project. [C:\Users\ultra\warewolf\Dev\Dev2.Diagnostics.Tests\Dev2.Diagnostics.Tests.csproj]
C:\Users\ultra\warewolf\Dev\Dev2.Data\Dev2.Data.csproj : warning NU1701: Package 'GroupControls 1.9.0' was restored using '.NETFramework,Version=v4.6.1, .NETFramework,Version=v4.6.2, .NETFramework,Version=v4.7, .NETFramework,Version=v4.7.1, .NETFramework,Version=v4.7.2, .NETFramework,Version=v4.8, .NETFramework,Version=v4.8.1' instead of the project target framework 'net8.0'. This package may not be fully compatible with your project. [C:\Users\ultra\warewolf\Dev\Dev2.Diagnostics.Tests\Dev2.Diagnostics.Tests.csproj]
C:\Users\ultra\warewolf\Dev\Dev2.Data\Dev2.Data.csproj : warning NU1701: Package 'ReactiveUI.WPF 18.4.1' was restored using '.NETFramework,Version=v4.6.1, .NETFramework,Version=v4.6.2, .NETFramework,Version=v4.7, .NETFramework,Version=v4.7.1, .NETFramework,Version=v4.7.2, .NETFramework,Version=v4.8, .NETFramework,Version=v4.8.1' instead of the project target framework 'net8.0'. This package may not be fully compatible with your project. [C:\Users\ultra\warewolf\Dev\Dev2.Diagnostics.Tests\Dev2.Diagnostics.Tests.csproj]
C:\Users\ultra\warewolf\Dev\Dev2.Data\Dev2.Data.csproj : warning NU1701: Package 'TaskSchedulerEditor 2.10.1' was restored using '.NETFramework,Version=v4.6.1, .NETFramework,Version=v4.6.2, .NETFramework,Version=v4.7, .NETFramework,Version=v4.7.1, .NETFramework,Version=v4.7.2, .NETFramework,Version=v4.8, .NETFramework,Version=v4.8.1' instead of the project target framework 'net8.0'. This package may not be fully compatible with your project. [C:\Users\ultra\warewolf\Dev\Dev2.Diagnostics.Tests\Dev2.Diagnostics.Tests.csproj]
C:\Users\ultra\warewolf\Dev\Dev2.Development.Languages\Dev2.Development.Languages.csproj : warning NU1701: Package 'AeroWizard 2.3.1' was restored using '.NETFramework,Version=v4.6.1, .NETFramework,Version=v4.6.2, .NETFramework,Version=v4.7, .NETFramework,Version=v4.7.1, .NETFramework,Version=v4.7.2, .NETFramework,Version=v4.8, .NETFramework,Version=v4.8.1' instead of the project target framework 'net8.0'. This package may not be fully compatible with your project. [C:\Users\ultra\warewolf\Dev\Dev2.Diagnostics.Tests\Dev2.Diagnostics.Tests.csproj]
C:\Users\ultra\warewolf\Dev\Dev2.Development.Languages\Dev2.Development.Languages.csproj : warning NU1701: Package 'GroupControls 1.9.0' was restored using '.NETFramework,Version=v4.6.1, .NETFramework,Version=v4.6.2, .NETFramework,Version=v4.7, .NETFramework,Version=v4.7.1, .NETFramework,Version=v4.7.2, .NETFramework,Version=v4.8, .NETFramework,Version=v4.8.1' instead of the project target framework 'net8.0'. This package may not be fully compatible with your project. [C:\Users\ultra\warewolf\Dev\Dev2.Diagnostics.Tests\Dev2.Diagnostics.Tests.csproj]
C:\Users\ultra\warewolf\Dev\Dev2.Development.Languages\Dev2.Development.Languages.csproj : warning NU1701: Package 'TaskSchedulerEditor 2.10.1' was restored using '.NETFramework,Version=v4.6.1, .NETFramework,Version=v4.6.2, .NETFramework,Version=v4.7, .NETFramework,Version=v4.7.1, .NETFramework,Version=v4.7.2, .NETFramework,Version=v4.8, .NETFramework,Version=v4.8.1' instead of the project target framework 'net8.0'. This package may not be fully compatible with your project. [C:\Users\ultra\warewolf\Dev\Dev2.Diagnostics.Tests\Dev2.Diagnostics.Tests.csproj]
C:\Users\ultra\warewolf\Dev\Dev2.Activities\Dev2.Activities.csproj : warning NU1903: Package 'Microsoft.Windows.Compatibility' 6.0.0 has a known high severity vulnerability, https://github.com/advisories/GHSA-555c-2p6r-68mm [C:\Users\ultra\warewolf\Dev\Dev2.Diagnostics.Tests\Dev2.Diagnostics.Tests.csproj]
C:\Users\ultra\warewolf\Dev\Dev2.Activities\Dev2.Activities.csproj : warning NU1701: Package 'AeroWizard 2.3.1' was restored using '.NETFramework,Version=v4.6.1, .NETFramework,Version=v4.6.2, .NETFramework,Version=v4.7, .NETFramework,Version=v4.7.1, .NETFramework,Version=v4.7.2, .NETFramework,Version=v4.8, .NETFramework,Version=v4.8.1' instead of the project target framework 'net8.0'. This package may not be fully compatible with your project. [C:\Users\ultra\warewolf\Dev\Dev2.Diagnostics.Tests\Dev2.Diagnostics.Tests.csproj]
C:\Users\ultra\warewolf\Dev\Dev2.Activities\Dev2.Activities.csproj : warning NU1701: Package 'GroupControls 1.9.0' was restored using '.NETFramework,Version=v4.6.1, .NETFramework,Version=v4.6.2, .NETFramework,Version=v4.7, .NETFramework,Version=v4.7.1, .NETFramework,Version=v4.7.2, .NETFramework,Version=v4.8, .NETFramework,Version=v4.8.1' instead of the project target framework 'net8.0'. This package may not be fully compatible with your project. [C:\Users\ultra\warewolf\Dev\Dev2.Diagnostics.Tests\Dev2.Diagnostics.Tests.csproj]
C:\Users\ultra\warewolf\Dev\Dev2.Activities\Dev2.Activities.csproj : warning NU1701: Package 'ReactiveUI.WPF 18.4.1' was restored using '.NETFramework,Version=v4.6.1, .NETFramework,Version=v4.6.2, .NETFramework,Version=v4.7, .NETFramework,Version=v4.7.1, .NETFramework,Version=v4.7.2, .NETFramework,Version=v4.8, .NETFramework,Version=v4.8.1' instead of the project target framework 'net8.0'. This package may not be fully compatible with your project. [C:\Users\ultra\warewolf\Dev\Dev2.Diagnostics.Tests\Dev2.Diagnostics.Tests.csproj]
C:\Users\ultra\warewolf\Dev\Dev2.Activities\Dev2.Activities.csproj : warning NU1701: Package 'TaskSchedulerEditor 2.10.1' was restored using '.NETFramework,Version=v4.6.1, .NETFramework,Version=v4.6.2, .NETFramework,Version=v4.7, .NETFramework,Version=v4.7.1, .NETFramework,Version=v4.7.2, .NETFramework,Version=v4.8, .NETFramework,Version=v4.8.1' instead of the project target framework 'net8.0'. This package may not be fully compatible with your project. [C:\Users\ultra\warewolf\Dev\Dev2.Diagnostics.Tests\Dev2.Diagnostics.Tests.csproj]
C:\Users\ultra\warewolf\Dev\Dev2.Infrastructure\Dev2.Infrastructure.csproj : warning NU1903: Package 'Microsoft.Windows.Compatibility' 6.0.0 has a known high severity vulnerability, https://github.com/advisories/GHSA-555c-2p6r-68mm [C:\Users\ultra\warewolf\Dev\Dev2.Diagnostics.Tests\Dev2.Diagnostics.Tests.csproj]
C:\Users\ultra\warewolf\Dev\Dev2.Infrastructure\Dev2.Infrastructure.csproj : warning NU1701: Package 'AeroWizard 2.3.1' was restored using '.NETFramework,Version=v4.6.1, .NETFramework,Version=v4.6.2, .NETFramework,Version=v4.7, .NETFramework,Version=v4.7.1, .NETFramework,Version=v4.7.2, .NETFramework,Version=v4.8, .NETFramework,Version=v4.8.1' instead of the project target framework 'net8.0'. This package may not be fully compatible with your project. [C:\Users\ultra\warewolf\Dev\Dev2.Diagnostics.Tests\Dev2.Diagnostics.Tests.csproj]
C:\Users\ultra\warewolf\Dev\Dev2.Infrastructure\Dev2.Infrastructure.csproj : warning NU1701: Package 'GroupControls 1.9.0' was restored using '.NETFramework,Version=v4.6.1, .NETFramework,Version=v4.6.2, .NETFramework,Version=v4.7, .NETFramework,Version=v4.7.1, .NETFramework,Version=v4.7.2, .NETFramework,Version=v4.8, .NETFramework,Version=v4.8.1' instead of the project target framework 'net8.0'. This package may not be fully compatible with your project. [C:\Users\ultra\warewolf\Dev\Dev2.Diagnostics.Tests\Dev2.Diagnostics.Tests.csproj]
C:\Users\ultra\warewolf\Dev\Dev2.Infrastructure\Dev2.Infrastructure.csproj : warning NU1701: Package 'ReactiveUI.WPF 18.4.1' was restored using '.NETFramework,Version=v4.6.1, .NETFramework,Version=v4.6.2, .NETFramework,Version=v4.7, .NETFramework,Version=v4.7.1, .NETFramework,Version=v4.7.2, .NETFramework,Version=v4.8, .NETFramework,Version=v4.8.1' instead of the project target framework 'net8.0'. This package may not be fully compatible with your project. [C:\Users\ultra\warewolf\Dev\Dev2.Diagnostics.Tests\Dev2.Diagnostics.Tests.csproj]
C:\Users\ultra\warewolf\Dev\Dev2.Infrastructure\Dev2.Infrastructure.csproj : warning NU1701: Package 'TaskSchedulerEditor 2.10.1' was restored using '.NETFramework,Version=v4.6.1, .NETFramework,Version=v4.6.2, .NETFramework,Version=v4.7, .NETFramework,Version=v4.7.1, .NETFramework,Version=v4.7.2, .NETFramework,Version=v4.8, .NETFramework,Version=v4.8.1' instead of the project target framework 'net8.0'. This package may not be fully compatible with your project. [C:\Users\ultra\warewolf\Dev\Dev2.Diagnostics.Tests\Dev2.Diagnostics.Tests.csproj]
C:\Users\ultra\warewolf\Dev\Dev2.Runtime.Services\Dev2.Runtime.Services.csproj : warning NU1902: Package 'MessagePack' 2.4.59 has a known moderate severity vulnerability, https://github.com/advisories/GHSA-4qm4-8hg2-g2xm [C:\Users\ultra\warewolf\Dev\Dev2.Diagnostics.Tests\Dev2.Diagnostics.Tests.csproj]
C:\Users\ultra\warewolf\Dev\Dev2.Runtime.Services\Dev2.Runtime.Services.csproj : warning NU1903: Package 'Microsoft.Windows.Compatibility' 6.0.0 has a known high severity vulnerability, https://github.com/advisories/GHSA-555c-2p6r-68mm [C:\Users\ultra\warewolf\Dev\Dev2.Diagnostics.Tests\Dev2.Diagnostics.Tests.csproj]
C:\Users\ultra\warewolf\Dev\Dev2.Runtime.Services\Dev2.Runtime.Services.csproj : warning NU1701: Package 'AeroWizard 2.3.1' was restored using '.NETFramework,Version=v4.6.1, .NETFramework,Version=v4.6.2, .NETFramework,Version=v4.7, .NETFramework,Version=v4.7.1, .NETFramework,Version=v4.7.2, .NETFramework,Version=v4.8, .NETFramework,Version=v4.8.1' instead of the project target framework 'net8.0'. This package may not be fully compatible with your project. [C:\Users\ultra\warewolf\Dev\Dev2.Diagnostics.Tests\Dev2.Diagnostics.Tests.csproj]
C:\Users\ultra\warewolf\Dev\Dev2.Runtime.Services\Dev2.Runtime.Services.csproj : warning NU1701: Package 'GroupControls 1.9.0' was restored using '.NETFramework,Version=v4.6.1, .NETFramework,Version=v4.6.2, .NETFramework,Version=v4.7, .NETFramework,Version=v4.7.1, .NETFramework,Version=v4.7.2, .NETFramework,Version=v4.8, .NETFramework,Version=v4.8.1' instead of the project target framework 'net8.0'. This package may not be fully compatible with your project. [C:\Users\ultra\warewolf\Dev\Dev2.Diagnostics.Tests\Dev2.Diagnostics.Tests.csproj]
C:\Users\ultra\warewolf\Dev\Dev2.Runtime.Services\Dev2.Runtime.Services.csproj : warning NU1701: Package 'ReactiveUI.WPF 18.4.1' was restored using '.NETFramework,Version=v4.6.1, .NETFramework,Version=v4.6.2, .NETFramework,Version=v4.7, .NETFramework,Version=v4.7.1, .NETFramework,Version=v4.7.2, .NETFramework,Version=v4.8, .NETFramework,Version=v4.8.1' instead of the project target framework 'net8.0'. This package may not be fully compatible with your project. [C:\Users\ultra\warewolf\Dev\Dev2.Diagnostics.Tests\Dev2.Diagnostics.Tests.csproj]
C:\Users\ultra\warewolf\Dev\Dev2.Runtime.Services\Dev2.Runtime.Services.csproj : warning NU1701: Package 'TaskSchedulerEditor 2.10.1' was restored using '.NETFramework,Version=v4.6.1, .NETFramework,Version=v4.6.2, .NETFramework,Version=v4.7, .NETFramework,Version=v4.7.1, .NETFramework,Version=v4.7.2, .NETFramework,Version=v4.8, .NETFramework,Version=v4.8.1' instead of the project target framework 'net8.0'. This package may not be fully compatible with your project. [C:\Users\ultra\warewolf\Dev\Dev2.Diagnostics.Tests\Dev2.Diagnostics.Tests.csproj]
C:\Users\ultra\warewolf\Dev\Warewolf.Security\Warewolf.Security.csproj : warning NU1904: Package 'System.Drawing.Common' 4.5.1 has a known critical severity vulnerability, https://github.com/advisories/GHSA-rxg9-xrhp-64gj [C:\Users\ultra\warewolf\Dev\Dev2.Diagnostics.Tests\Dev2.Diagnostics.Tests.csproj]
C:\Users\ultra\warewolf\Dev\Dev2.Runtime\Dev2.Runtime.csproj : warning NU1903: Package 'Microsoft.Windows.Compatibility' 6.0.0 has a known high severity vulnerability, https://github.com/advisories/GHSA-555c-2p6r-68mm [C:\Users\ultra\warewolf\Dev\Dev2.Diagnostics.Tests\Dev2.Diagnostics.Tests.csproj]
C:\Users\ultra\warewolf\Dev\Dev2.Runtime\Dev2.Runtime.csproj : warning NU1701: Package 'AeroWizard 2.3.1' was restored using '.NETFramework,Version=v4.6.1, .NETFramework,Version=v4.6.2, .NETFramework,Version=v4.7, .NETFramework,Version=v4.7.1, .NETFramework,Version=v4.7.2, .NETFramework,Version=v4.8, .NETFramework,Version=v4.8.1' instead of the project target framework 'net8.0'. This package may not be fully compatible with your project. [C:\Users\ultra\warewolf\Dev\Dev2.Diagnostics.Tests\Dev2.Diagnostics.Tests.csproj]
C:\Users\ultra\warewolf\Dev\Dev2.Runtime\Dev2.Runtime.csproj : warning NU1701: Package 'GroupControls 1.9.0' was restored using '.NETFramework,Version=v4.6.1, .NETFramework,Version=v4.6.2, .NETFramework,Version=v4.7, .NETFramework,Version=v4.7.1, .NETFramework,Version=v4.7.2, .NETFramework,Version=v4.8, .NETFramework,Version=v4.8.1' instead of the project target framework 'net8.0'. This package may not be fully compatible with your project. [C:\Users\ultra\warewolf\Dev\Dev2.Diagnostics.Tests\Dev2.Diagnostics.Tests.csproj]
C:\Users\ultra\warewolf\Dev\Dev2.Runtime\Dev2.Runtime.csproj : warning NU1701: Package 'ReactiveUI.WPF 18.4.1' was restored using '.NETFramework,Version=v4.6.1, .NETFramework,Version=v4.6.2, .NETFramework,Version=v4.7, .NETFramework,Version=v4.7.1, .NETFramework,Version=v4.7.2, .NETFramework,Version=v4.8, .NETFramework,Version=v4.8.1' instead of the project target framework 'net8.0'. This package may not be fully compatible with your project. [C:\Users\ultra\warewolf\Dev\Dev2.Diagnostics.Tests\Dev2.Diagnostics.Tests.csproj]
C:\Users\ultra\warewolf\Dev\Dev2.Runtime\Dev2.Runtime.csproj : warning NU1701: Package 'TaskSchedulerEditor 2.10.1' was restored using '.NETFramework,Version=v4.6.1, .NETFramework,Version=v4.6.2, .NETFramework,Version=v4.7, .NETFramework,Version=v4.7.1, .NETFramework,Version=v4.7.2, .NETFramework,Version=v4.8, .NETFramework,Version=v4.8.1' instead of the project target framework 'net8.0'. This package may not be fully compatible with your project. [C:\Users\ultra\warewolf\Dev\Dev2.Diagnostics.Tests\Dev2.Diagnostics.Tests.csproj]
C:\Users\ultra\warewolf\Dev\Dev2.Runtime.WebServer\Dev2.Runtime.WebServer.csproj : warning NU1902: Package 'System.IdentityModel.Tokens.Jwt' 5.1.0 has a known moderate severity vulnerability, https://github.com/advisories/GHSA-59j7-ghrg-fj52 [C:\Users\ultra\warewolf\Dev\Dev2.Diagnostics.Tests\Dev2.Diagnostics.Tests.csproj]
C:\Users\ultra\warewolf\Dev\Dev2.Runtime.WebServer\Dev2.Runtime.WebServer.csproj : warning NU1701: Package 'AeroWizard 2.3.1' was restored using '.NETFramework,Version=v4.6.1, .NETFramework,Version=v4.6.2, .NETFramework,Version=v4.7, .NETFramework,Version=v4.7.1, .NETFramework,Version=v4.7.2, .NETFramework,Version=v4.8, .NETFramework,Version=v4.8.1' instead of the project target framework 'net8.0'. This package may not be fully compatible with your project. [C:\Users\ultra\warewolf\Dev\Dev2.Diagnostics.Tests\Dev2.Diagnostics.Tests.csproj]
C:\Users\ultra\warewolf\Dev\Dev2.Runtime.WebServer\Dev2.Runtime.WebServer.csproj : warning NU1701: Package 'GroupControls 1.9.0' was restored using '.NETFramework,Version=v4.6.1, .NETFramework,Version=v4.6.2, .NETFramework,Version=v4.7, .NETFramework,Version=v4.7.1, .NETFramework,Version=v4.7.2, .NETFramework,Version=v4.8, .NETFramework,Version=v4.8.1' instead of the project target framework 'net8.0'. This package may not be fully compatible with your project. [C:\Users\ultra\warewolf\Dev\Dev2.Diagnostics.Tests\Dev2.Diagnostics.Tests.csproj]
C:\Users\ultra\warewolf\Dev\Dev2.Runtime.WebServer\Dev2.Runtime.WebServer.csproj : warning NU1701: Package 'Microsoft.Xaml.Behaviors.Wpf 1.1.122' was restored using '.NETFramework,Version=v4.6.1, .NETFramework,Version=v4.6.2, .NETFramework,Version=v4.7, .NETFramework,Version=v4.7.1, .NETFramework,Version=v4.7.2, .NETFramework,Version=v4.8, .NETFramework,Version=v4.8.1' instead of the project target framework 'net8.0'. This package may not be fully compatible with your project. [C:\Users\ultra\warewolf\Dev\Dev2.Diagnostics.Tests\Dev2.Diagnostics.Tests.csproj]
C:\Users\ultra\warewolf\Dev\Dev2.Runtime.WebServer\Dev2.Runtime.WebServer.csproj : warning NU1701: Package 'Prism.Wpf 9.0.537' was restored using '.NETFramework,Version=v4.6.1, .NETFramework,Version=v4.6.2, .NETFramework,Version=v4.7, .NETFramework,Version=v4.7.1, .NETFramework,Version=v4.7.2, .NETFramework,Version=v4.8, .NETFramework,Version=v4.8.1' instead of the project target framework 'net8.0'. This package may not be fully compatible with your project. [C:\Users\ultra\warewolf\Dev\Dev2.Diagnostics.Tests\Dev2.Diagnostics.Tests.csproj]
C:\Users\ultra\warewolf\Dev\Dev2.Runtime.WebServer\Dev2.Runtime.WebServer.csproj : warning NU1701: Package 'ReactiveUI.WPF 18.4.1' was restored using '.NETFramework,Version=v4.6.1, .NETFramework,Version=v4.6.2, .NETFramework,Version=v4.7, .NETFramework,Version=v4.7.1, .NETFramework,Version=v4.7.2, .NETFramework,Version=v4.8, .NETFramework,Version=v4.8.1' instead of the project target framework 'net8.0'. This package may not be fully compatible with your project. [C:\Users\ultra\warewolf\Dev\Dev2.Diagnostics.Tests\Dev2.Diagnostics.Tests.csproj]
C:\Users\ultra\warewolf\Dev\Dev2.Runtime.WebServer\Dev2.Runtime.WebServer.csproj : warning NU1701: Package 'TaskSchedulerEditor 2.10.1' was restored using '.NETFramework,Version=v4.6.1, .NETFramework,Version=v4.6.2, .NETFramework,Version=v4.7, .NETFramework,Version=v4.7.1, .NETFramework,Version=v4.7.2, .NETFramework,Version=v4.8, .NETFramework,Version=v4.8.1' instead of the project target framework 'net8.0'. This package may not be fully compatible with your project. [C:\Users\ultra\warewolf\Dev\Dev2.Diagnostics.Tests\Dev2.Diagnostics.Tests.csproj]
C:\Users\ultra\warewolf\Dev\Dev2.Intellisense\Dev2.Intellisense.csproj : warning NU1701: Package 'AeroWizard 2.3.1' was restored using '.NETFramework,Version=v4.6.1, .NETFramework,Version=v4.6.2, .NETFramework,Version=v4.7, .NETFramework,Version=v4.7.1, .NETFramework,Version=v4.7.2, .NETFramework,Version=v4.8, .NETFramework,Version=v4.8.1' instead of the project target framework 'net8.0'. This package may not be fully compatible with your project. [C:\Users\ultra\warewolf\Dev\Dev2.Diagnostics.Tests\Dev2.Diagnostics.Tests.csproj]
C:\Users\ultra\warewolf\Dev\Dev2.Intellisense\Dev2.Intellisense.csproj : warning NU1701: Package 'GroupControls 1.9.0' was restored using '.NETFramework,Version=v4.6.1, .NETFramework,Version=v4.6.2, .NETFramework,Version=v4.7, .NETFramework,Version=v4.7.1, .NETFramework,Version=v4.7.2, .NETFramework,Version=v4.8, .NETFramework,Version=v4.8.1' instead of the project target framework 'net8.0'. This package may not be fully compatible with your project. [C:\Users\ultra\warewolf\Dev\Dev2.Diagnostics.Tests\Dev2.Diagnostics.Tests.csproj]
C:\Users\ultra\warewolf\Dev\Dev2.Intellisense\Dev2.Intellisense.csproj : warning NU1701: Package 'Microsoft.Xaml.Behaviors.Wpf 1.1.122' was restored using '.NETFramework,Version=v4.6.1, .NETFramework,Version=v4.6.2, .NETFramework,Version=v4.7, .NETFramework,Version=v4.7.1, .NETFramework,Version=v4.7.2, .NETFramework,Version=v4.8, .NETFramework,Version=v4.8.1' instead of the project target framework 'net8.0'. This package may not be fully compatible with your project. [C:\Users\ultra\warewolf\Dev\Dev2.Diagnostics.Tests\Dev2.Diagnostics.Tests.csproj]
C:\Users\ultra\warewolf\Dev\Dev2.Intellisense\Dev2.Intellisense.csproj : warning NU1701: Package 'Prism.Wpf 9.0.537' was restored using '.NETFramework,Version=v4.6.1, .NETFramework,Version=v4.6.2, .NETFramework,Version=v4.7, .NETFramework,Version=v4.7.1, .NETFramework,Version=v4.7.2, .NETFramework,Version=v4.8, .NETFramework,Version=v4.8.1' instead of the project target framework 'net8.0'. This package may not be fully compatible with your project. [C:\Users\ultra\warewolf\Dev\Dev2.Diagnostics.Tests\Dev2.Diagnostics.Tests.csproj]
C:\Users\ultra\warewolf\Dev\Dev2.Intellisense\Dev2.Intellisense.csproj : warning NU1701: Package 'ReactiveUI.WPF 18.4.1' was restored using '.NETFramework,Version=v4.6.1, .NETFramework,Version=v4.6.2, .NETFramework,Version=v4.7, .NETFramework,Version=v4.7.1, .NETFramework,Version=v4.7.2, .NETFramework,Version=v4.8, .NETFramework,Version=v4.8.1' instead of the project target framework 'net8.0'. This package may not be fully compatible with your project. [C:\Users\ultra\warewolf\Dev\Dev2.Diagnostics.Tests\Dev2.Diagnostics.Tests.csproj]
C:\Users\ultra\warewolf\Dev\Dev2.Intellisense\Dev2.Intellisense.csproj : warning NU1701: Package 'TaskSchedulerEditor 2.10.1' was restored using '.NETFramework,Version=v4.6.1, .NETFramework,Version=v4.6.2, .NETFramework,Version=v4.7, .NETFramework,Version=v4.7.1, .NETFramework,Version=v4.7.2, .NETFramework,Version=v4.8, .NETFramework,Version=v4.8.1' instead of the project target framework 'net8.0'. This package may not be fully compatible with your project. [C:\Users\ultra\warewolf\Dev\Dev2.Diagnostics.Tests\Dev2.Diagnostics.Tests.csproj]
C:\Users\ultra\warewolf\Dev\Dev2.Diagnostics.Tests\Dev2.Diagnostics.Tests.csproj : warning NU1701: Package 'AeroWizard 2.3.1' was restored using '.NETFramework,Version=v4.6.1, .NETFramework,Version=v4.6.2, .NETFramework,Version=v4.7, .NETFramework,Version=v4.7.1, .NETFramework,Version=v4.7.2, .NETFramework,Version=v4.8, .NETFramework,Version=v4.8.1' instead of the project target framework 'net8.0'. This package may not be fully compatible with your project.
C:\Users\ultra\warewolf\Dev\Dev2.Diagnostics.Tests\Dev2.Diagnostics.Tests.csproj : warning NU1701: Package 'GroupControls 1.9.0' was restored using '.NETFramework,Version=v4.6.1, .NETFramework,Version=v4.6.2, .NETFramework,Version=v4.7, .NETFramework,Version=v4.7.1, .NETFramework,Version=v4.7.2, .NETFramework,Version=v4.8, .NETFramework,Version=v4.8.1' instead of the project target framework 'net8.0'. This package may not be fully compatible with your project.
C:\Users\ultra\warewolf\Dev\Dev2.Diagnostics.Tests\Dev2.Diagnostics.Tests.csproj : warning NU1701: Package 'Microsoft.Xaml.Behaviors.Wpf 1.1.122' was restored using '.NETFramework,Version=v4.6.1, .NETFramework,Version=v4.6.2, .NETFramework,Version=v4.7, .NETFramework,Version=v4.7.1, .NETFramework,Version=v4.7.2, .NETFramework,Version=v4.8, .NETFramework,Version=v4.8.1' instead of the project target framework 'net8.0'. This package may not be fully compatible with your project.
C:\Users\ultra\warewolf\Dev\Dev2.Diagnostics.Tests\Dev2.Diagnostics.Tests.csproj : warning NU1701: Package 'Prism.Wpf 9.0.537' was restored using '.NETFramework,Version=v4.6.1, .NETFramework,Version=v4.6.2, .NETFramework,Version=v4.7, .NETFramework,Version=v4.7.1, .NETFramework,Version=v4.7.2, .NETFramework,Version=v4.8, .NETFramework,Version=v4.8.1' instead of the project target framework 'net8.0'. This package may not be fully compatible with your project.
C:\Users\ultra\warewolf\Dev\Dev2.Diagnostics.Tests\Dev2.Diagnostics.Tests.csproj : warning NU1701: Package 'ReactiveUI.WPF 18.4.1' was restored using '.NETFramework,Version=v4.6.1, .NETFramework,Version=v4.6.2, .NETFramework,Version=v4.7, .NETFramework,Version=v4.7.1, .NETFramework,Version=v4.7.2, .NETFramework,Version=v4.8, .NETFramework,Version=v4.8.1' instead of the project target framework 'net8.0'. This package may not be fully compatible with your project.
C:\Users\ultra\warewolf\Dev\Dev2.Diagnostics.Tests\Dev2.Diagnostics.Tests.csproj : warning NU1701: Package 'TaskSchedulerEditor 2.10.1' was restored using '.NETFramework,Version=v4.6.1, .NETFramework,Version=v4.6.2, .NETFramework,Version=v4.7, .NETFramework,Version=v4.7.1, .NETFramework,Version=v4.7.2, .NETFramework,Version=v4.8, .NETFramework,Version=v4.8.1' instead of the project target framework 'net8.0'. This package may not be fully compatible with your project.
C:\Users\ultra\warewolf\Dev\Dev2.Server\Dev2.Server.csproj : warning NU1903: Package 'Oracle.ManagedDataAccess.Core' 3.21.70 has a known high severity vulnerability, https://github.com/advisories/GHSA-5pm2-9mr2-3frq [C:\Users\ultra\warewolf\Dev\Dev2.Diagnostics.Tests\Dev2.Diagnostics.Tests.csproj]
C:\Users\ultra\warewolf\Dev\Dev2.Server\Dev2.Server.csproj : warning NU1701: Package 'AeroWizard 2.3.1' was restored using '.NETFramework,Version=v4.6.1, .NETFramework,Version=v4.6.2, .NETFramework,Version=v4.7, .NETFramework,Version=v4.7.1, .NETFramework,Version=v4.7.2, .NETFramework,Version=v4.8, .NETFramework,Version=v4.8.1' instead of the project target framework 'net8.0'. This package may not be fully compatible with your project. [C:\Users\ultra\warewolf\Dev\Dev2.Diagnostics.Tests\Dev2.Diagnostics.Tests.csproj]
C:\Users\ultra\warewolf\Dev\Dev2.Server\Dev2.Server.csproj : warning NU1701: Package 'GroupControls 1.9.0' was restored using '.NETFramework,Version=v4.6.1, .NETFramework,Version=v4.6.2, .NETFramework,Version=v4.7, .NETFramework,Version=v4.7.1, .NETFramework,Version=v4.7.2, .NETFramework,Version=v4.8, .NETFramework,Version=v4.8.1' instead of the project target framework 'net8.0'. This package may not be fully compatible with your project. [C:\Users\ultra\warewolf\Dev\Dev2.Diagnostics.Tests\Dev2.Diagnostics.Tests.csproj]
C:\Users\ultra\warewolf\Dev\Dev2.Server\Dev2.Server.csproj : warning NU1701: Package 'Microsoft.Xaml.Behaviors.Wpf 1.1.122' was restored using '.NETFramework,Version=v4.6.1, .NETFramework,Version=v4.6.2, .NETFramework,Version=v4.7, .NETFramework,Version=v4.7.1, .NETFramework,Version=v4.7.2, .NETFramework,Version=v4.8, .NETFramework,Version=v4.8.1' instead of the project target framework 'net8.0'. This package may not be fully compatible with your project. [C:\Users\ultra\warewolf\Dev\Dev2.Diagnostics.Tests\Dev2.Diagnostics.Tests.csproj]
C:\Users\ultra\warewolf\Dev\Dev2.Server\Dev2.Server.csproj : warning NU1701: Package 'Prism.Wpf 9.0.537' was restored using '.NETFramework,Version=v4.6.1, .NETFramework,Version=v4.6.2, .NETFramework,Version=v4.7, .NETFramework,Version=v4.7.1, .NETFramework,Version=v4.7.2, .NETFramework,Version=v4.8, .NETFramework,Version=v4.8.1' instead of the project target framework 'net8.0'. This package may not be fully compatible with your project. [C:\Users\ultra\warewolf\Dev\Dev2.Diagnostics.Tests\Dev2.Diagnostics.Tests.csproj]
C:\Users\ultra\warewolf\Dev\Dev2.Server\Dev2.Server.csproj : warning NU1701: Package 'ReactiveUI.WPF 18.4.1' was restored using '.NETFramework,Version=v4.6.1, .NETFramework,Version=v4.6.2, .NETFramework,Version=v4.7, .NETFramework,Version=v4.7.1, .NETFramework,Version=v4.7.2, .NETFramework,Version=v4.8, .NETFramework,Version=v4.8.1' instead of the project target framework 'net8.0'. This package may not be fully compatible with your project. [C:\Users\ultra\warewolf\Dev\Dev2.Diagnostics.Tests\Dev2.Diagnostics.Tests.csproj]
C:\Users\ultra\warewolf\Dev\Dev2.Server\Dev2.Server.csproj : warning NU1701: Package 'TaskSchedulerEditor 2.10.1' was restored using '.NETFramework,Version=v4.6.1, .NETFramework,Version=v4.6.2, .NETFramework,Version=v4.7, .NETFramework,Version=v4.7.1, .NETFramework,Version=v4.7.2, .NETFramework,Version=v4.8, .NETFramework,Version=v4.8.1' instead of the project target framework 'net8.0'. This package may not be fully compatible with your project. [C:\Users\ultra\warewolf\Dev\Dev2.Diagnostics.Tests\Dev2.Diagnostics.Tests.csproj]
C:\Users\ultra\warewolf\Dev\Warewolf.Data\Warewolf.Data.csproj : warning NU1701: Package 'AeroWizard 2.3.1' was restored using '.NETFramework,Version=v4.6.1, .NETFramework,Version=v4.6.2, .NETFramework,Version=v4.7, .NETFramework,Version=v4.7.1, .NETFramework,Version=v4.7.2, .NETFramework,Version=v4.8, .NETFramework,Version=v4.8.1' instead of the project target framework 'net8.0'. This package may not be fully compatible with your project. [C:\Users\ultra\warewolf\Dev\Dev2.Diagnostics.Tests\Dev2.Diagnostics.Tests.csproj]
C:\Users\ultra\warewolf\Dev\Warewolf.Data\Warewolf.Data.csproj : warning NU1701: Package 'GroupControls 1.9.0' was restored using '.NETFramework,Version=v4.6.1, .NETFramework,Version=v4.6.2, .NETFramework,Version=v4.7, .NETFramework,Version=v4.7.1, .NETFramework,Version=v4.7.2, .NETFramework,Version=v4.8, .NETFramework,Version=v4.8.1' instead of the project target framework 'net8.0'. This package may not be fully compatible with your project. [C:\Users\ultra\warewolf\Dev\Dev2.Diagnostics.Tests\Dev2.Diagnostics.Tests.csproj]
C:\Users\ultra\warewolf\Dev\Warewolf.Data\Warewolf.Data.csproj : warning NU1701: Package 'TaskSchedulerEditor 2.10.1' was restored using '.NETFramework,Version=v4.6.1, .NETFramework,Version=v4.6.2, .NETFramework,Version=v4.7, .NETFramework,Version=v4.7.1, .NETFramework,Version=v4.7.2, .NETFramework,Version=v4.8, .NETFramework,Version=v4.8.1' instead of the project target framework 'net8.0'. This package may not be fully compatible with your project. [C:\Users\ultra\warewolf\Dev\Dev2.Diagnostics.Tests\Dev2.Diagnostics.Tests.csproj]
C:\Users\ultra\warewolf\Dev\Warewolf.Common\Warewolf.Common.csproj : warning NU1701: Package 'AeroWizard 2.3.1' was restored using '.NETFramework,Version=v4.6.1, .NETFramework,Version=v4.6.2, .NETFramework,Version=v4.7, .NETFramework,Version=v4.7.1, .NETFramework,Version=v4.7.2, .NETFramework,Version=v4.8, .NETFramework,Version=v4.8.1' instead of the project target framework 'net8.0'. This package may not be fully compatible with your project. [C:\Users\ultra\warewolf\Dev\Dev2.Diagnostics.Tests\Dev2.Diagnostics.Tests.csproj]
C:\Users\ultra\warewolf\Dev\Warewolf.Common\Warewolf.Common.csproj : warning NU1701: Package 'GroupControls 1.9.0' was restored using '.NETFramework,Version=v4.6.1, .NETFramework,Version=v4.6.2, .NETFramework,Version=v4.7, .NETFramework,Version=v4.7.1, .NETFramework,Version=v4.7.2, .NETFramework,Version=v4.8, .NETFramework,Version=v4.8.1' instead of the project target framework 'net8.0'. This package may not be fully compatible with your project. [C:\Users\ultra\warewolf\Dev\Dev2.Diagnostics.Tests\Dev2.Diagnostics.Tests.csproj]
C:\Users\ultra\warewolf\Dev\Warewolf.Common\Warewolf.Common.csproj : warning NU1701: Package 'TaskSchedulerEditor 2.10.1' was restored using '.NETFramework,Version=v4.6.1, .NETFramework,Version=v4.6.2, .NETFramework,Version=v4.7, .NETFramework,Version=v4.7.1, .NETFramework,Version=v4.7.2, .NETFramework,Version=v4.8, .NETFramework,Version=v4.8.1' instead of the project target framework 'net8.0'. This package may not be fully compatible with your project. [C:\Users\ultra\warewolf\Dev\Dev2.Diagnostics.Tests\Dev2.Diagnostics.Tests.csproj]
C:\Users\ultra\warewolf\Dev\Warewolf.UI\Warewolf.UI.csproj : warning NU1701: Package 'AeroWizard 2.3.1' was restored using '.NETFramework,Version=v4.6.1, .NETFramework,Version=v4.6.2, .NETFramework,Version=v4.7, .NETFramework,Version=v4.7.1, .NETFramework,Version=v4.7.2, .NETFramework,Version=v4.8, .NETFramework,Version=v4.8.1' instead of the project target framework 'net8.0'. This package may not be fully compatible with your project. [C:\Users\ultra\warewolf\Dev\Dev2.Diagnostics.Tests\Dev2.Diagnostics.Tests.csproj]
C:\Users\ultra\warewolf\Dev\Warewolf.UI\Warewolf.UI.csproj : warning NU1701: Package 'GroupControls 1.9.0' was restored using '.NETFramework,Version=v4.6.1, .NETFramework,Version=v4.6.2, .NETFramework,Version=v4.7, .NETFramework,Version=v4.7.1, .NETFramework,Version=v4.7.2, .NETFramework,Version=v4.8, .NETFramework,Version=v4.8.1' instead of the project target framework 'net8.0'. This package may not be fully compatible with your project. [C:\Users\ultra\warewolf\Dev\Dev2.Diagnostics.Tests\Dev2.Diagnostics.Tests.csproj]
C:\Users\ultra\warewolf\Dev\Warewolf.UI\Warewolf.UI.csproj : warning NU1701: Package 'Microsoft.Xaml.Behaviors.Wpf 1.1.122' was restored using '.NETFramework,Version=v4.6.1, .NETFramework,Version=v4.6.2, .NETFramework,Version=v4.7, .NETFramework,Version=v4.7.1, .NETFramework,Version=v4.7.2, .NETFramework,Version=v4.8, .NETFramework,Version=v4.8.1' instead of the project target framework 'net8.0'. This package may not be fully compatible with your project. [C:\Users\ultra\warewolf\Dev\Dev2.Diagnostics.Tests\Dev2.Diagnostics.Tests.csproj]
C:\Users\ultra\warewolf\Dev\Warewolf.UI\Warewolf.UI.csproj : warning NU1701: Package 'Prism.Wpf 9.0.537' was restored using '.NETFramework,Version=v4.6.1, .NETFramework,Version=v4.6.2, .NETFramework,Version=v4.7, .NETFramework,Version=v4.7.1, .NETFramework,Version=v4.7.2, .NETFramework,Version=v4.8, .NETFramework,Version=v4.8.1' instead of the project target framework 'net8.0'. This package may not be fully compatible with your project. [C:\Users\ultra\warewolf\Dev\Dev2.Diagnostics.Tests\Dev2.Diagnostics.Tests.csproj]
C:\Users\ultra\warewolf\Dev\Warewolf.UI\Warewolf.UI.csproj : warning NU1701: Package 'ReactiveUI.WPF 18.4.1' was restored using '.NETFramework,Version=v4.6.1, .NETFramework,Version=v4.6.2, .NETFramework,Version=v4.7, .NETFramework,Version=v4.7.1, .NETFramework,Version=v4.7.2, .NETFramework,Version=v4.8, .NETFramework,Version=v4.8.1' instead of the project target framework 'net8.0'. This package may not be fully compatible with your project. [C:\Users\ultra\warewolf\Dev\Dev2.Diagnostics.Tests\Dev2.Diagnostics.Tests.csproj]
C:\Users\ultra\warewolf\Dev\Warewolf.UI\Warewolf.UI.csproj : warning NU1701: Package 'TaskSchedulerEditor 2.10.1' was restored using '.NETFramework,Version=v4.6.1, .NETFramework,Version=v4.6.2, .NETFramework,Version=v4.7, .NETFramework,Version=v4.7.1, .NETFramework,Version=v4.7.2, .NETFramework,Version=v4.8, .NETFramework,Version=v4.8.1' instead of the project target framework 'net8.0'. This package may not be fully compatible with your project. [C:\Users\ultra\warewolf\Dev\Dev2.Diagnostics.Tests\Dev2.Diagnostics.Tests.csproj]
C:\Users\ultra\warewolf\Dev\Warewolf.ResourceManagement\Warewolf.ResourceManagement.csproj : warning NU1701: Package 'AeroWizard 2.3.1' was restored using '.NETFramework,Version=v4.6.1, .NETFramework,Version=v4.6.2, .NETFramework,Version=v4.7, .NETFramework,Version=v4.7.1, .NETFramework,Version=v4.7.2, .NETFramework,Version=v4.8, .NETFramework,Version=v4.8.1' instead of the project target framework 'net8.0'. This package may not be fully compatible with your project. [C:\Users\ultra\warewolf\Dev\Dev2.Diagnostics.Tests\Dev2.Diagnostics.Tests.csproj]
C:\Users\ultra\warewolf\Dev\Warewolf.ResourceManagement\Warewolf.ResourceManagement.csproj : warning NU1701: Package 'GroupControls 1.9.0' was restored using '.NETFramework,Version=v4.6.1, .NETFramework,Version=v4.6.2, .NETFramework,Version=v4.7, .NETFramework,Version=v4.7.1, .NETFramework,Version=v4.7.2, .NETFramework,Version=v4.8, .NETFramework,Version=v4.8.1' instead of the project target framework 'net8.0'. This package may not be fully compatible with your project. [C:\Users\ultra\warewolf\Dev\Dev2.Diagnostics.Tests\Dev2.Diagnostics.Tests.csproj]
C:\Users\ultra\warewolf\Dev\Warewolf.ResourceManagement\Warewolf.ResourceManagement.csproj : warning NU1701: Package 'ReactiveUI.WPF 18.4.1' was restored using '.NETFramework,Version=v4.6.1, .NETFramework,Version=v4.6.2, .NETFramework,Version=v4.7, .NETFramework,Version=v4.7.1, .NETFramework,Version=v4.7.2, .NETFramework,Version=v4.8, .NETFramework,Version=v4.8.1' instead of the project target framework 'net8.0'. This package may not be fully compatible with your project. [C:\Users\ultra\warewolf\Dev\Dev2.Diagnostics.Tests\Dev2.Diagnostics.Tests.csproj]
C:\Users\ultra\warewolf\Dev\Warewolf.ResourceManagement\Warewolf.ResourceManagement.csproj : warning NU1701: Package 'TaskSchedulerEditor 2.10.1' was restored using '.NETFramework,Version=v4.6.1, .NETFramework,Version=v4.6.2, .NETFramework,Version=v4.7, .NETFramework,Version=v4.7.1, .NETFramework,Version=v4.7.2, .NETFramework,Version=v4.8, .NETFramework,Version=v4.8.1' instead of the project target framework 'net8.0'. This package may not be fully compatible with your project. [C:\Users\ultra\warewolf\Dev\Dev2.Diagnostics.Tests\Dev2.Diagnostics.Tests.csproj]
C:\Users\ultra\warewolf\Dev\Warewolf.Testing\Warewolf.Testing.csproj : warning NU1701: Package 'AeroWizard 2.3.1' was restored using '.NETFramework,Version=v4.6.1, .NETFramework,Version=v4.6.2, .NETFramework,Version=v4.7, .NETFramework,Version=v4.7.1, .NETFramework,Version=v4.7.2, .NETFramework,Version=v4.8, .NETFramework,Version=v4.8.1' instead of the project target framework 'net8.0'. This package may not be fully compatible with your project. [C:\Users\ultra\warewolf\Dev\Dev2.Diagnostics.Tests\Dev2.Diagnostics.Tests.csproj]
C:\Users\ultra\warewolf\Dev\Warewolf.Testing\Warewolf.Testing.csproj : warning NU1701: Package 'GroupControls 1.9.0' was restored using '.NETFramework,Version=v4.6.1, .NETFramework,Version=v4.6.2, .NETFramework,Version=v4.7, .NETFramework,Version=v4.7.1, .NETFramework,Version=v4.7.2, .NETFramework,Version=v4.8, .NETFramework,Version=v4.8.1' instead of the project target framework 'net8.0'. This package may not be fully compatible with your project. [C:\Users\ultra\warewolf\Dev\Dev2.Diagnostics.Tests\Dev2.Diagnostics.Tests.csproj]
C:\Users\ultra\warewolf\Dev\Warewolf.Testing\Warewolf.Testing.csproj : warning NU1701: Package 'Microsoft.Xaml.Behaviors.Wpf 1.1.122' was restored using '.NETFramework,Version=v4.6.1, .NETFramework,Version=v4.6.2, .NETFramework,Version=v4.7, .NETFramework,Version=v4.7.1, .NETFramework,Version=v4.7.2, .NETFramework,Version=v4.8, .NETFramework,Version=v4.8.1' instead of the project target framework 'net8.0'. This package may not be fully compatible with your project. [C:\Users\ultra\warewolf\Dev\Dev2.Diagnostics.Tests\Dev2.Diagnostics.Tests.csproj]
C:\Users\ultra\warewolf\Dev\Warewolf.Testing\Warewolf.Testing.csproj : warning NU1701: Package 'Prism.Wpf 9.0.537' was restored using '.NETFramework,Version=v4.6.1, .NETFramework,Version=v4.6.2, .NETFramework,Version=v4.7, .NETFramework,Version=v4.7.1, .NETFramework,Version=v4.7.2, .NETFramework,Version=v4.8, .NETFramework,Version=v4.8.1' instead of the project target framework 'net8.0'. This package may not be fully compatible with your project. [C:\Users\ultra\warewolf\Dev\Dev2.Diagnostics.Tests\Dev2.Diagnostics.Tests.csproj]
C:\Users\ultra\warewolf\Dev\Warewolf.Testing\Warewolf.Testing.csproj : warning NU1701: Package 'ReactiveUI.WPF 18.4.1' was restored using '.NETFramework,Version=v4.6.1, .NETFramework,Version=v4.6.2, .NETFramework,Version=v4.7, .NETFramework,Version=v4.7.1, .NETFramework,Version=v4.7.2, .NETFramework,Version=v4.8, .NETFramework,Version=v4.8.1' instead of the project target framework 'net8.0'. This package may not be fully compatible with your project. [C:\Users\ultra\warewolf\Dev\Dev2.Diagnostics.Tests\Dev2.Diagnostics.Tests.csproj]
C:\Users\ultra\warewolf\Dev\Warewolf.Testing\Warewolf.Testing.csproj : warning NU1701: Package 'TaskSchedulerEditor 2.10.1' was restored using '.NETFramework,Version=v4.6.1, .NETFramework,Version=v4.6.2, .NETFramework,Version=v4.7, .NETFramework,Version=v4.7.1, .NETFramework,Version=v4.7.2, .NETFramework,Version=v4.8, .NETFramework,Version=v4.8.1' instead of the project target framework 'net8.0'. This package may not be fully compatible with your project. [C:\Users\ultra\warewolf\Dev\Dev2.Diagnostics.Tests\Dev2.Diagnostics.Tests.csproj]
C:\Users\ultra\warewolf\Dev\Warewolf.Trigger.Queue\Warewolf.Trigger.Queue.csproj : warning NU1701: Package 'AeroWizard 2.3.1' was restored using '.NETFramework,Version=v4.6.1, .NETFramework,Version=v4.6.2, .NETFramework,Version=v4.7, .NETFramework,Version=v4.7.1, .NETFramework,Version=v4.7.2, .NETFramework,Version=v4.8, .NETFramework,Version=v4.8.1' instead of the project target framework 'net8.0'. This package may not be fully compatible with your project. [C:\Users\ultra\warewolf\Dev\Dev2.Diagnostics.Tests\Dev2.Diagnostics.Tests.csproj]
C:\Users\ultra\warewolf\Dev\Warewolf.Trigger.Queue\Warewolf.Trigger.Queue.csproj : warning NU1701: Package 'GroupControls 1.9.0' was restored using '.NETFramework,Version=v4.6.1, .NETFramework,Version=v4.6.2, .NETFramework,Version=v4.7, .NETFramework,Version=v4.7.1, .NETFramework,Version=v4.7.2, .NETFramework,Version=v4.8, .NETFramework,Version=v4.8.1' instead of the project target framework 'net8.0'. This package may not be fully compatible with your project. [C:\Users\ultra\warewolf\Dev\Dev2.Diagnostics.Tests\Dev2.Diagnostics.Tests.csproj]
C:\Users\ultra\warewolf\Dev\Warewolf.Trigger.Queue\Warewolf.Trigger.Queue.csproj : warning NU1701: Package 'Microsoft.Xaml.Behaviors.Wpf 1.1.122' was restored using '.NETFramework,Version=v4.6.1, .NETFramework,Version=v4.6.2, .NETFramework,Version=v4.7, .NETFramework,Version=v4.7.1, .NETFramework,Version=v4.7.2, .NETFramework,Version=v4.8, .NETFramework,Version=v4.8.1' instead of the project target framework 'net8.0'. This package may not be fully compatible with your project. [C:\Users\ultra\warewolf\Dev\Dev2.Diagnostics.Tests\Dev2.Diagnostics.Tests.csproj]
C:\Users\ultra\warewolf\Dev\Warewolf.Trigger.Queue\Warewolf.Trigger.Queue.csproj : warning NU1701: Package 'Prism.Wpf 9.0.537' was restored using '.NETFramework,Version=v4.6.1, .NETFramework,Version=v4.6.2, .NETFramework,Version=v4.7, .NETFramework,Version=v4.7.1, .NETFramework,Version=v4.7.2, .NETFramework,Version=v4.8, .NETFramework,Version=v4.8.1' instead of the project target framework 'net8.0'. This package may not be fully compatible with your project. [C:\Users\ultra\warewolf\Dev\Dev2.Diagnostics.Tests\Dev2.Diagnostics.Tests.csproj]
C:\Users\ultra\warewolf\Dev\Warewolf.Trigger.Queue\Warewolf.Trigger.Queue.csproj : warning NU1701: Package 'ReactiveUI.WPF 18.4.1' was restored using '.NETFramework,Version=v4.6.1, .NETFramework,Version=v4.6.2, .NETFramework,Version=v4.7, .NETFramework,Version=v4.7.1, .NETFramework,Version=v4.7.2, .NETFramework,Version=v4.8, .NETFramework,Version=v4.8.1' instead of the project target framework 'net8.0'. This package may not be fully compatible with your project. [C:\Users\ultra\warewolf\Dev\Dev2.Diagnostics.Tests\Dev2.Diagnostics.Tests.csproj]
C:\Users\ultra\warewolf\Dev\Warewolf.Trigger.Queue\Warewolf.Trigger.Queue.csproj : warning NU1701: Package 'TaskSchedulerEditor 2.10.1' was restored using '.NETFramework,Version=v4.6.1, .NETFramework,Version=v4.6.2, .NETFramework,Version=v4.7, .NETFramework,Version=v4.7.1, .NETFramework,Version=v4.7.2, .NETFramework,Version=v4.8, .NETFramework,Version=v4.8.1' instead of the project target framework 'net8.0'. This package may not be fully compatible with your project. [C:\Users\ultra\warewolf\Dev\Dev2.Diagnostics.Tests\Dev2.Diagnostics.Tests.csproj]
C:\Users\ultra\warewolf\Dev\Warewolf.Core\Warewolf.Core.csproj : warning NU1903: Package 'Microsoft.Windows.Compatibility' 6.0.0 has a known high severity vulnerability, https://github.com/advisories/GHSA-555c-2p6r-68mm [C:\Users\ultra\warewolf\Dev\Dev2.Diagnostics.Tests\Dev2.Diagnostics.Tests.csproj]
C:\Users\ultra\warewolf\Dev\Warewolf.Core\Warewolf.Core.csproj : warning NU1701: Package 'AeroWizard 2.3.1' was restored using '.NETFramework,Version=v4.6.1, .NETFramework,Version=v4.6.2, .NETFramework,Version=v4.7, .NETFramework,Version=v4.7.1, .NETFramework,Version=v4.7.2, .NETFramework,Version=v4.8, .NETFramework,Version=v4.8.1' instead of the project target framework 'net8.0'. This package may not be fully compatible with your project. [C:\Users\ultra\warewolf\Dev\Dev2.Diagnostics.Tests\Dev2.Diagnostics.Tests.csproj]
C:\Users\ultra\warewolf\Dev\Warewolf.Core\Warewolf.Core.csproj : warning NU1701: Package 'GroupControls 1.9.0' was restored using '.NETFramework,Version=v4.6.1, .NETFramework,Version=v4.6.2, .NETFramework,Version=v4.7, .NETFramework,Version=v4.7.1, .NETFramework,Version=v4.7.2, .NETFramework,Version=v4.8, .NETFramework,Version=v4.8.1' instead of the project target framework 'net8.0'. This package may not be fully compatible with your project. [C:\Users\ultra\warewolf\Dev\Dev2.Diagnostics.Tests\Dev2.Diagnostics.Tests.csproj]
C:\Users\ultra\warewolf\Dev\Warewolf.Core\Warewolf.Core.csproj : warning NU1701: Package 'ReactiveUI.WPF 18.4.1' was restored using '.NETFramework,Version=v4.6.1, .NETFramework,Version=v4.6.2, .NETFramework,Version=v4.7, .NETFramework,Version=v4.7.1, .NETFramework,Version=v4.7.2, .NETFramework,Version=v4.8, .NETFramework,Version=v4.8.1' instead of the project target framework 'net8.0'. This package may not be fully compatible with your project. [C:\Users\ultra\warewolf\Dev\Dev2.Diagnostics.Tests\Dev2.Diagnostics.Tests.csproj]
C:\Users\ultra\warewolf\Dev\Warewolf.Core\Warewolf.Core.csproj : warning NU1701: Package 'TaskSchedulerEditor 2.10.1' was restored using '.NETFramework,Version=v4.6.1, .NETFramework,Version=v4.6.2, .NETFramework,Version=v4.7, .NETFramework,Version=v4.7.1, .NETFramework,Version=v4.7.2, .NETFramework,Version=v4.8, .NETFramework,Version=v4.8.1' instead of the project target framework 'net8.0'. This package may not be fully compatible with your project. [C:\Users\ultra\warewolf\Dev\Dev2.Diagnostics.Tests\Dev2.Diagnostics.Tests.csproj]
C:\Users\ultra\warewolf\Dev\Dev2.SignalR.Wrappers.New\Dev2.SignalR.Wrappers.New.csproj : warning NU1701: Package 'AeroWizard 2.3.1' was restored using '.NETFramework,Version=v4.6.1, .NETFramework,Version=v4.6.2, .NETFramework,Version=v4.7, .NETFramework,Version=v4.7.1, .NETFramework,Version=v4.7.2, .NETFramework,Version=v4.8, .NETFramework,Version=v4.8.1' instead of the project target framework 'net8.0'. This package may not be fully compatible with your project. [C:\Users\ultra\warewolf\Dev\Dev2.Diagnostics.Tests\Dev2.Diagnostics.Tests.csproj]
C:\Users\ultra\warewolf\Dev\Dev2.SignalR.Wrappers.New\Dev2.SignalR.Wrappers.New.csproj : warning NU1701: Package 'GroupControls 1.9.0' was restored using '.NETFramework,Version=v4.6.1, .NETFramework,Version=v4.6.2, .NETFramework,Version=v4.7, .NETFramework,Version=v4.7.1, .NETFramework,Version=v4.7.2, .NETFramework,Version=v4.8, .NETFramework,Version=v4.8.1' instead of the project target framework 'net8.0'. This package may not be fully compatible with your project. [C:\Users\ultra\warewolf\Dev\Dev2.Diagnostics.Tests\Dev2.Diagnostics.Tests.csproj]
C:\Users\ultra\warewolf\Dev\Dev2.SignalR.Wrappers.New\Dev2.SignalR.Wrappers.New.csproj : warning NU1701: Package 'ReactiveUI.WPF 18.4.1' was restored using '.NETFramework,Version=v4.6.1, .NETFramework,Version=v4.6.2, .NETFramework,Version=v4.7, .NETFramework,Version=v4.7.1, .NETFramework,Version=v4.7.2, .NETFramework,Version=v4.8, .NETFramework,Version=v4.8.1' instead of the project target framework 'net8.0'. This package may not be fully compatible with your project. [C:\Users\ultra\warewolf\Dev\Dev2.Diagnostics.Tests\Dev2.Diagnostics.Tests.csproj]
C:\Users\ultra\warewolf\Dev\Dev2.SignalR.Wrappers.New\Dev2.SignalR.Wrappers.New.csproj : warning NU1701: Package 'TaskSchedulerEditor 2.10.1' was restored using '.NETFramework,Version=v4.6.1, .NETFramework,Version=v4.6.2, .NETFramework,Version=v4.7, .NETFramework,Version=v4.7.1, .NETFramework,Version=v4.7.2, .NETFramework,Version=v4.8, .NETFramework,Version=v4.8.1' instead of the project target framework 'net8.0'. This package may not be fully compatible with your project. [C:\Users\ultra\warewolf\Dev\Dev2.Diagnostics.Tests\Dev2.Diagnostics.Tests.csproj]
C:\Users\ultra\warewolf\Dev\Warewolf.Driver.Persistence\Warewolf.Driver.Persistence.csproj : warning NU1701: Package 'AeroWizard 2.3.1' was restored using '.NETFramework,Version=v4.6.1, .NETFramework,Version=v4.6.2, .NETFramework,Version=v4.7, .NETFramework,Version=v4.7.1, .NETFramework,Version=v4.7.2, .NETFramework,Version=v4.8, .NETFramework,Version=v4.8.1' instead of the project target framework 'net8.0'. This package may not be fully compatible with your project. [C:\Users\ultra\warewolf\Dev\Dev2.Diagnostics.Tests\Dev2.Diagnostics.Tests.csproj]
C:\Users\ultra\warewolf\Dev\Warewolf.Driver.Persistence\Warewolf.Driver.Persistence.csproj : warning NU1701: Package 'GroupControls 1.9.0' was restored using '.NETFramework,Version=v4.6.1, .NETFramework,Version=v4.6.2, .NETFramework,Version=v4.7, .NETFramework,Version=v4.7.1, .NETFramework,Version=v4.7.2, .NETFramework,Version=v4.8, .NETFramework,Version=v4.8.1' instead of the project target framework 'net8.0'. This package may not be fully compatible with your project. [C:\Users\ultra\warewolf\Dev\Dev2.Diagnostics.Tests\Dev2.Diagnostics.Tests.csproj]
C:\Users\ultra\warewolf\Dev\Warewolf.Driver.Persistence\Warewolf.Driver.Persistence.csproj : warning NU1701: Package 'ReactiveUI.WPF 18.4.1' was restored using '.NETFramework,Version=v4.6.1, .NETFramework,Version=v4.6.2, .NETFramework,Version=v4.7, .NETFramework,Version=v4.7.1, .NETFramework,Version=v4.7.2, .NETFramework,Version=v4.8, .NETFramework,Version=v4.8.1' instead of the project target framework 'net8.0'. This package may not be fully compatible with your project. [C:\Users\ultra\warewolf\Dev\Dev2.Diagnostics.Tests\Dev2.Diagnostics.Tests.csproj]
C:\Users\ultra\warewolf\Dev\Warewolf.Driver.Persistence\Warewolf.Driver.Persistence.csproj : warning NU1701: Package 'TaskSchedulerEditor 2.10.1' was restored using '.NETFramework,Version=v4.6.1, .NETFramework,Version=v4.6.2, .NETFramework,Version=v4.7, .NETFramework,Version=v4.7.1, .NETFramework,Version=v4.7.2, .NETFramework,Version=v4.8, .NETFramework,Version=v4.8.1' instead of the project target framework 'net8.0'. This package may not be fully compatible with your project. [C:\Users\ultra\warewolf\Dev\Dev2.Diagnostics.Tests\Dev2.Diagnostics.Tests.csproj]
C:\Users\ultra\warewolf\Dev\Warewolf.QueueWorker\Warewolf.QueueWorker.csproj : warning NU1701: Package 'AeroWizard 2.3.1' was restored using '.NETFramework,Version=v4.6.1, .NETFramework,Version=v4.6.2, .NETFramework,Version=v4.7, .NETFramework,Version=v4.7.1, .NETFramework,Version=v4.7.2, .NETFramework,Version=v4.8, .NETFramework,Version=v4.8.1' instead of the project target framework 'net8.0'. This package may not be fully compatible with your project. [C:\Users\ultra\warewolf\Dev\Dev2.Diagnostics.Tests\Dev2.Diagnostics.Tests.csproj]
C:\Users\ultra\warewolf\Dev\Warewolf.QueueWorker\Warewolf.QueueWorker.csproj : warning NU1701: Package 'GroupControls 1.9.0' was restored using '.NETFramework,Version=v4.6.1, .NETFramework,Version=v4.6.2, .NETFramework,Version=v4.7, .NETFramework,Version=v4.7.1, .NETFramework,Version=v4.7.2, .NETFramework,Version=v4.8, .NETFramework,Version=v4.8.1' instead of the project target framework 'net8.0'. This package may not be fully compatible with your project. [C:\Users\ultra\warewolf\Dev\Dev2.Diagnostics.Tests\Dev2.Diagnostics.Tests.csproj]
C:\Users\ultra\warewolf\Dev\Warewolf.QueueWorker\Warewolf.QueueWorker.csproj : warning NU1701: Package 'Microsoft.Xaml.Behaviors.Wpf 1.1.122' was restored using '.NETFramework,Version=v4.6.1, .NETFramework,Version=v4.6.2, .NETFramework,Version=v4.7, .NETFramework,Version=v4.7.1, .NETFramework,Version=v4.7.2, .NETFramework,Version=v4.8, .NETFramework,Version=v4.8.1' instead of the project target framework 'net8.0'. This package may not be fully compatible with your project. [C:\Users\ultra\warewolf\Dev\Dev2.Diagnostics.Tests\Dev2.Diagnostics.Tests.csproj]
C:\Users\ultra\warewolf\Dev\Warewolf.QueueWorker\Warewolf.QueueWorker.csproj : warning NU1701: Package 'Prism.Wpf 9.0.537' was restored using '.NETFramework,Version=v4.6.1, .NETFramework,Version=v4.6.2, .NETFramework,Version=v4.7, .NETFramework,Version=v4.7.1, .NETFramework,Version=v4.7.2, .NETFramework,Version=v4.8, .NETFramework,Version=v4.8.1' instead of the project target framework 'net8.0'. This package may not be fully compatible with your project. [C:\Users\ultra\warewolf\Dev\Dev2.Diagnostics.Tests\Dev2.Diagnostics.Tests.csproj]
C:\Users\ultra\warewolf\Dev\Warewolf.QueueWorker\Warewolf.QueueWorker.csproj : warning NU1701: Package 'ReactiveUI.WPF 18.4.1' was restored using '.NETFramework,Version=v4.6.1, .NETFramework,Version=v4.6.2, .NETFramework,Version=v4.7, .NETFramework,Version=v4.7.1, .NETFramework,Version=v4.7.2, .NETFramework,Version=v4.8, .NETFramework,Version=v4.8.1' instead of the project target framework 'net8.0'. This package may not be fully compatible with your project. [C:\Users\ultra\warewolf\Dev\Dev2.Diagnostics.Tests\Dev2.Diagnostics.Tests.csproj]
C:\Users\ultra\warewolf\Dev\Warewolf.QueueWorker\Warewolf.QueueWorker.csproj : warning NU1701: Package 'TaskSchedulerEditor 2.10.1' was restored using '.NETFramework,Version=v4.6.1, .NETFramework,Version=v4.6.2, .NETFramework,Version=v4.7, .NETFramework,Version=v4.7.1, .NETFramework,Version=v4.7.2, .NETFramework,Version=v4.8, .NETFramework,Version=v4.8.1' instead of the project target framework 'net8.0'. This package may not be fully compatible with your project. [C:\Users\ultra\warewolf\Dev\Dev2.Diagnostics.Tests\Dev2.Diagnostics.Tests.csproj]
C:\Users\ultra\warewolf\Dev\Dev2.Services.Sql\Dev2.Services.Sql.csproj : warning NU1903: Package 'Oracle.ManagedDataAccess.Core' 3.21.70 has a known high severity vulnerability, https://github.com/advisories/GHSA-5pm2-9mr2-3frq [C:\Users\ultra\warewolf\Dev\Dev2.Diagnostics.Tests\Dev2.Diagnostics.Tests.csproj]
C:\Users\ultra\warewolf\Dev\Dev2.Services.Sql\Dev2.Services.Sql.csproj : warning NU1701: Package 'AeroWizard 2.3.1' was restored using '.NETFramework,Version=v4.6.1, .NETFramework,Version=v4.6.2, .NETFramework,Version=v4.7, .NETFramework,Version=v4.7.1, .NETFramework,Version=v4.7.2, .NETFramework,Version=v4.8, .NETFramework,Version=v4.8.1' instead of the project target framework 'net8.0'. This package may not be fully compatible with your project. [C:\Users\ultra\warewolf\Dev\Dev2.Diagnostics.Tests\Dev2.Diagnostics.Tests.csproj]
C:\Users\ultra\warewolf\Dev\Dev2.Services.Sql\Dev2.Services.Sql.csproj : warning NU1701: Package 'GroupControls 1.9.0' was restored using '.NETFramework,Version=v4.6.1, .NETFramework,Version=v4.6.2, .NETFramework,Version=v4.7, .NETFramework,Version=v4.7.1, .NETFramework,Version=v4.7.2, .NETFramework,Version=v4.8, .NETFramework,Version=v4.8.1' instead of the project target framework 'net8.0'. This package may not be fully compatible with your project. [C:\Users\ultra\warewolf\Dev\Dev2.Diagnostics.Tests\Dev2.Diagnostics.Tests.csproj]
C:\Users\ultra\warewolf\Dev\Dev2.Services.Sql\Dev2.Services.Sql.csproj : warning NU1701: Package 'ReactiveUI.WPF 18.4.1' was restored using '.NETFramework,Version=v4.6.1, .NETFramework,Version=v4.6.2, .NETFramework,Version=v4.7, .NETFramework,Version=v4.7.1, .NETFramework,Version=v4.7.2, .NETFramework,Version=v4.8, .NETFramework,Version=v4.8.1' instead of the project target framework 'net8.0'. This package may not be fully compatible with your project. [C:\Users\ultra\warewolf\Dev\Dev2.Diagnostics.Tests\Dev2.Diagnostics.Tests.csproj]
C:\Users\ultra\warewolf\Dev\Dev2.Services.Sql\Dev2.Services.Sql.csproj : warning NU1701: Package 'TaskSchedulerEditor 2.10.1' was restored using '.NETFramework,Version=v4.6.1, .NETFramework,Version=v4.6.2, .NETFramework,Version=v4.7, .NETFramework,Version=v4.7.1, .NETFramework,Version=v4.7.2, .NETFramework,Version=v4.8, .NETFramework,Version=v4.8.1' instead of the project target framework 'net8.0'. This package may not be fully compatible with your project. [C:\Users\ultra\warewolf\Dev\Dev2.Diagnostics.Tests\Dev2.Diagnostics.Tests.csproj]
C:\Users\ultra\warewolf\Dev\Dev2.Services.Execution\Dev2.Services.Execution.csproj : warning NU1701: Package 'AeroWizard 2.3.1' was restored using '.NETFramework,Version=v4.6.1, .NETFramework,Version=v4.6.2, .NETFramework,Version=v4.7, .NETFramework,Version=v4.7.1, .NETFramework,Version=v4.7.2, .NETFramework,Version=v4.8, .NETFramework,Version=v4.8.1' instead of the project target framework 'net8.0'. This package may not be fully compatible with your project. [C:\Users\ultra\warewolf\Dev\Dev2.Diagnostics.Tests\Dev2.Diagnostics.Tests.csproj]
C:\Users\ultra\warewolf\Dev\Dev2.Services.Execution\Dev2.Services.Execution.csproj : warning NU1701: Package 'GroupControls 1.9.0' was restored using '.NETFramework,Version=v4.6.1, .NETFramework,Version=v4.6.2, .NETFramework,Version=v4.7, .NETFramework,Version=v4.7.1, .NETFramework,Version=v4.7.2, .NETFramework,Version=v4.8, .NETFramework,Version=v4.8.1' instead of the project target framework 'net8.0'. This package may not be fully compatible with your project. [C:\Users\ultra\warewolf\Dev\Dev2.Diagnostics.Tests\Dev2.Diagnostics.Tests.csproj]
C:\Users\ultra\warewolf\Dev\Dev2.Services.Execution\Dev2.Services.Execution.csproj : warning NU1701: Package 'ReactiveUI.WPF 18.4.1' was restored using '.NETFramework,Version=v4.6.1, .NETFramework,Version=v4.6.2, .NETFramework,Version=v4.7, .NETFramework,Version=v4.7.1, .NETFramework,Version=v4.7.2, .NETFramework,Version=v4.8, .NETFramework,Version=v4.8.1' instead of the project target framework 'net8.0'. This package may not be fully compatible with your project. [C:\Users\ultra\warewolf\Dev\Dev2.Diagnostics.Tests\Dev2.Diagnostics.Tests.csproj]
C:\Users\ultra\warewolf\Dev\Dev2.Services.Execution\Dev2.Services.Execution.csproj : warning NU1701: Package 'TaskSchedulerEditor 2.10.1' was restored using '.NETFramework,Version=v4.6.1, .NETFramework,Version=v4.6.2, .NETFramework,Version=v4.7, .NETFramework,Version=v4.7.1, .NETFramework,Version=v4.7.2, .NETFramework,Version=v4.8, .NETFramework,Version=v4.8.1' instead of the project target framework 'net8.0'. This package may not be fully compatible with your project. [C:\Users\ultra\warewolf\Dev\Dev2.Diagnostics.Tests\Dev2.Diagnostics.Tests.csproj]
C:\Users\ultra\warewolf\Dev\Dev2.Studio.Core\Dev2.Studio.Core.csproj : warning NU1701: Package 'AeroWizard 2.3.1' was restored using '.NETFramework,Version=v4.6.1, .NETFramework,Version=v4.6.2, .NETFramework,Version=v4.7, .NETFramework,Version=v4.7.1, .NETFramework,Version=v4.7.2, .NETFramework,Version=v4.8, .NETFramework,Version=v4.8.1' instead of the project target framework 'net8.0'. This package may not be fully compatible with your project. [C:\Users\ultra\warewolf\Dev\Dev2.Diagnostics.Tests\Dev2.Diagnostics.Tests.csproj]
C:\Users\ultra\warewolf\Dev\Dev2.Studio.Core\Dev2.Studio.Core.csproj : warning NU1701: Package 'GroupControls 1.9.0' was restored using '.NETFramework,Version=v4.6.1, .NETFramework,Version=v4.6.2, .NETFramework,Version=v4.7, .NETFramework,Version=v4.7.1, .NETFramework,Version=v4.7.2, .NETFramework,Version=v4.8, .NETFramework,Version=v4.8.1' instead of the project target framework 'net8.0'. This package may not be fully compatible with your project. [C:\Users\ultra\warewolf\Dev\Dev2.Diagnostics.Tests\Dev2.Diagnostics.Tests.csproj]
C:\Users\ultra\warewolf\Dev\Dev2.Studio.Core\Dev2.Studio.Core.csproj : warning NU1701: Package 'Microsoft.Xaml.Behaviors.Wpf 1.1.122' was restored using '.NETFramework,Version=v4.6.1, .NETFramework,Version=v4.6.2, .NETFramework,Version=v4.7, .NETFramework,Version=v4.7.1, .NETFramework,Version=v4.7.2, .NETFramework,Version=v4.8, .NETFramework,Version=v4.8.1' instead of the project target framework 'net8.0'. This package may not be fully compatible with your project. [C:\Users\ultra\warewolf\Dev\Dev2.Diagnostics.Tests\Dev2.Diagnostics.Tests.csproj]
C:\Users\ultra\warewolf\Dev\Dev2.Studio.Core\Dev2.Studio.Core.csproj : warning NU1701: Package 'Prism.Wpf 9.0.537' was restored using '.NETFramework,Version=v4.6.1, .NETFramework,Version=v4.6.2, .NETFramework,Version=v4.7, .NETFramework,Version=v4.7.1, .NETFramework,Version=v4.7.2, .NETFramework,Version=v4.8, .NETFramework,Version=v4.8.1' instead of the project target framework 'net8.0'. This package may not be fully compatible with your project. [C:\Users\ultra\warewolf\Dev\Dev2.Diagnostics.Tests\Dev2.Diagnostics.Tests.csproj]
C:\Users\ultra\warewolf\Dev\Dev2.Studio.Core\Dev2.Studio.Core.csproj : warning NU1701: Package 'ReactiveUI.WPF 18.4.1' was restored using '.NETFramework,Version=v4.6.1, .NETFramework,Version=v4.6.2, .NETFramework,Version=v4.7, .NETFramework,Version=v4.7.1, .NETFramework,Version=v4.7.2, .NETFramework,Version=v4.8, .NETFramework,Version=v4.8.1' instead of the project target framework 'net8.0'. This package may not be fully compatible with your project. [C:\Users\ultra\warewolf\Dev\Dev2.Diagnostics.Tests\Dev2.Diagnostics.Tests.csproj]
C:\Users\ultra\warewolf\Dev\Dev2.Studio.Core\Dev2.Studio.Core.csproj : warning NU1701: Package 'TaskSchedulerEditor 2.10.1' was restored using '.NETFramework,Version=v4.6.1, .NETFramework,Version=v4.6.2, .NETFramework,Version=v4.7, .NETFramework,Version=v4.7.1, .NETFramework,Version=v4.7.2, .NETFramework,Version=v4.8, .NETFramework,Version=v4.8.1' instead of the project target framework 'net8.0'. This package may not be fully compatible with your project. [C:\Users\ultra\warewolf\Dev\Dev2.Diagnostics.Tests\Dev2.Diagnostics.Tests.csproj]
  All projects are up-to-date for restore.
C:\Users\ultra\warewolf\Dev\Dev2.Diagnostics.Tests\Dev2.Diagnostics.Tests.csproj : warning NU1701: Package 'AeroWizard 2.3.1' was restored using '.NETFramework,Version=v4.6.1, .NETFramework,Version=v4.6.2, .NETFramework,Version=v4.7, .NETFramework,Version=v4.7.1, .NETFramework,Version=v4.7.2, .NETFramework,Version=v4.8, .NETFramework,Version=v4.8.1' instead of the project target framework 'net8.0'. This package may not be fully compatible with your project.
C:\Users\ultra\warewolf\Dev\Dev2.Diagnostics.Tests\Dev2.Diagnostics.Tests.csproj : warning NU1701: Package 'GroupControls 1.9.0' was restored using '.NETFramework,Version=v4.6.1, .NETFramework,Version=v4.6.2, .NETFramework,Version=v4.7, .NETFramework,Version=v4.7.1, .NETFramework,Version=v4.7.2, .NETFramework,Version=v4.8, .NETFramework,Version=v4.8.1' instead of the project target framework 'net8.0'. This package may not be fully compatible with your project.
C:\Users\ultra\warewolf\Dev\Dev2.Diagnostics.Tests\Dev2.Diagnostics.Tests.csproj : warning NU1701: Package 'Microsoft.Xaml.Behaviors.Wpf 1.1.122' was restored using '.NETFramework,Version=v4.6.1, .NETFramework,Version=v4.6.2, .NETFramework,Version=v4.7, .NETFramework,Version=v4.7.1, .NETFramework,Version=v4.7.2, .NETFramework,Version=v4.8, .NETFramework,Version=v4.8.1' instead of the project target framework 'net8.0'. This package may not be fully compatible with your project.
C:\Users\ultra\warewolf\Dev\Dev2.Diagnostics.Tests\Dev2.Diagnostics.Tests.csproj : warning NU1701: Package 'Prism.Wpf 9.0.537' was restored using '.NETFramework,Version=v4.6.1, .NETFramework,Version=v4.6.2, .NETFramework,Version=v4.7, .NETFramework,Version=v4.7.1, .NETFramework,Version=v4.7.2, .NETFramework,Version=v4.8, .NETFramework,Version=v4.8.1' instead of the project target framework 'net8.0'. This package may not be fully compatible with your project.
C:\Users\ultra\warewolf\Dev\Dev2.Diagnostics.Tests\Dev2.Diagnostics.Tests.csproj : warning NU1701: Package 'ReactiveUI.WPF 18.4.1' was restored using '.NETFramework,Version=v4.6.1, .NETFramework,Version=v4.6.2, .NETFramework,Version=v4.7, .NETFramework,Version=v4.7.1, .NETFramework,Version=v4.7.2, .NETFramework,Version=v4.8, .NETFramework,Version=v4.8.1' instead of the project target framework 'net8.0'. This package may not be fully compatible with your project.
C:\Users\ultra\warewolf\Dev\Dev2.Diagnostics.Tests\Dev2.Diagnostics.Tests.csproj : warning NU1701: Package 'TaskSchedulerEditor 2.10.1' was restored using '.NETFramework,Version=v4.6.1, .NETFramework,Version=v4.6.2, .NETFramework,Version=v4.7, .NETFramework,Version=v4.7.1, .NETFramework,Version=v4.7.2, .NETFramework,Version=v4.8, .NETFramework,Version=v4.8.1' instead of the project target framework 'net8.0'. This package may not be fully compatible with your project.
C:\Users\ultra\warewolf\Dev\Dev2.Diagnostics\Dev2.Diagnostics.csproj : warning NU1701: Package 'AeroWizard 2.3.1' was restored using '.NETFramework,Version=v4.6.1, .NETFramework,Version=v4.6.2, .NETFramework,Version=v4.7, .NETFramework,Version=v4.7.1, .NETFramework,Version=v4.7.2, .NETFramework,Version=v4.8, .NETFramework,Version=v4.8.1' instead of the project target framework 'net8.0'. This package may not be fully compatible with your project.
C:\Users\ultra\warewolf\Dev\Dev2.Diagnostics\Dev2.Diagnostics.csproj : warning NU1701: Package 'GroupControls 1.9.0' was restored using '.NETFramework,Version=v4.6.1, .NETFramework,Version=v4.6.2, .NETFramework,Version=v4.7, .NETFramework,Version=v4.7.1, .NETFramework,Version=v4.7.2, .NETFramework,Version=v4.8, .NETFramework,Version=v4.8.1' instead of the project target framework 'net8.0'. This package may not be fully compatible with your project.
C:\Users\ultra\warewolf\Dev\Dev2.Diagnostics\Dev2.Diagnostics.csproj : warning NU1701: Package 'TaskSchedulerEditor 2.10.1' was restored using '.NETFramework,Version=v4.6.1, .NETFramework,Version=v4.6.2, .NETFramework,Version=v4.7, .NETFramework,Version=v4.7.1, .NETFramework,Version=v4.7.2, .NETFramework,Version=v4.8, .NETFramework,Version=v4.8.1' instead of the project target framework 'net8.0'. This package may not be fully compatible with your project.
C:\Users\ultra\warewolf\Dev\Dev2.Infrastructure\Dev2.Infrastructure.csproj : warning NU1903: Package 'Microsoft.Windows.Compatibility' 6.0.0 has a known high severity vulnerability, https://github.com/advisories/GHSA-555c-2p6r-68mm
C:\Users\ultra\warewolf\Dev\Dev2.Infrastructure\Dev2.Infrastructure.csproj : warning NU1701: Package 'AeroWizard 2.3.1' was restored using '.NETFramework,Version=v4.6.1, .NETFramework,Version=v4.6.2, .NETFramework,Version=v4.7, .NETFramework,Version=v4.7.1, .NETFramework,Version=v4.7.2, .NETFramework,Version=v4.8, .NETFramework,Version=v4.8.1' instead of the project target framework 'net8.0'. This package may not be fully compatible with your project.
C:\Users\ultra\warewolf\Dev\Dev2.Infrastructure\Dev2.Infrastructure.csproj : warning NU1701: Package 'GroupControls 1.9.0' was restored using '.NETFramework,Version=v4.6.1, .NETFramework,Version=v4.6.2, .NETFramework,Version=v4.7, .NETFramework,Version=v4.7.1, .NETFramework,Version=v4.7.2, .NETFramework,Version=v4.8, .NETFramework,Version=v4.8.1' instead of the project target framework 'net8.0'. This package may not be fully compatible with your project.
C:\Users\ultra\warewolf\Dev\Dev2.Infrastructure\Dev2.Infrastructure.csproj : warning NU1701: Package 'ReactiveUI.WPF 18.4.1' was restored using '.NETFramework,Version=v4.6.1, .NETFramework,Version=v4.6.2, .NETFramework,Version=v4.7, .NETFramework,Version=v4.7.1, .NETFramework,Version=v4.7.2, .NETFramework,Version=v4.8, .NETFramework,Version=v4.8.1' instead of the project target framework 'net8.0'. This package may not be fully compatible with your project.
C:\Users\ultra\warewolf\Dev\Dev2.Infrastructure\Dev2.Infrastructure.csproj : warning NU1701: Package 'TaskSchedulerEditor 2.10.1' was restored using '.NETFramework,Version=v4.6.1, .NETFramework,Version=v4.6.2, .NETFramework,Version=v4.7, .NETFramework,Version=v4.7.1, .NETFramework,Version=v4.7.2, .NETFramework,Version=v4.8, .NETFramework,Version=v4.8.1' instead of the project target framework 'net8.0'. This package may not be fully compatible with your project.
C:\Users\ultra\warewolf\Dev\Dev2.Runtime.Configuration\Dev2.Runtime.Configuration.csproj : warning NU1903: Package 'Microsoft.Windows.Compatibility' 6.0.0 has a known high severity vulnerability, https://github.com/advisories/GHSA-555c-2p6r-68mm
C:\Users\ultra\warewolf\Dev\Dev2.Runtime.Configuration\Dev2.Runtime.Configuration.csproj : warning NU1701: Package 'AeroWizard 2.3.1' was restored using '.NETFramework,Version=v4.6.1, .NETFramework,Version=v4.6.2, .NETFramework,Version=v4.7, .NETFramework,Version=v4.7.1, .NETFramework,Version=v4.7.2, .NETFramework,Version=v4.8, .NETFramework,Version=v4.8.1' instead of the project target framework 'net8.0'. This package may not be fully compatible with your project.
C:\Users\ultra\warewolf\Dev\Dev2.Runtime.Configuration\Dev2.Runtime.Configuration.csproj : warning NU1701: Package 'GroupControls 1.9.0' was restored using '.NETFramework,Version=v4.6.1, .NETFramework,Version=v4.6.2, .NETFramework,Version=v4.7, .NETFramework,Version=v4.7.1, .NETFramework,Version=v4.7.2, .NETFramework,Version=v4.8, .NETFramework,Version=v4.8.1' instead of the project target framework 'net8.0'. This package may not be fully compatible with your project.
C:\Users\ultra\warewolf\Dev\Dev2.Runtime.Configuration\Dev2.Runtime.Configuration.csproj : warning NU1701: Package 'TaskSchedulerEditor 2.10.1' was restored using '.NETFramework,Version=v4.6.1, .NETFramework,Version=v4.6.2, .NETFramework,Version=v4.7, .NETFramework,Version=v4.7.1, .NETFramework,Version=v4.7.2, .NETFramework,Version=v4.8, .NETFramework,Version=v4.8.1' instead of the project target framework 'net8.0'. This package may not be fully compatible with your project.
C:\Users\ultra\warewolf\Dev\Dev2.Common.Interfaces\Dev2.Common.Interfaces.csproj : warning NU1903: Package 'Microsoft.Windows.Compatibility' 6.0.0 has a known high severity vulnerability, https://github.com/advisories/GHSA-555c-2p6r-68mm
C:\Users\ultra\warewolf\Dev\Dev2.Common.Interfaces\Dev2.Common.Interfaces.csproj : warning NU1701: Package 'AeroWizard 2.3.1' was restored using '.NETFramework,Version=v4.6.1, .NETFramework,Version=v4.6.2, .NETFramework,Version=v4.7, .NETFramework,Version=v4.7.1, .NETFramework,Version=v4.7.2, .NETFramework,Version=v4.8, .NETFramework,Version=v4.8.1' instead of the project target framework 'net8.0'. This package may not be fully compatible with your project.
C:\Users\ultra\warewolf\Dev\Dev2.Common.Interfaces\Dev2.Common.Interfaces.csproj : warning NU1701: Package 'GroupControls 1.9.0' was restored using '.NETFramework,Version=v4.6.1, .NETFramework,Version=v4.6.2, .NETFramework,Version=v4.7, .NETFramework,Version=v4.7.1, .NETFramework,Version=v4.7.2, .NETFramework,Version=v4.8, .NETFramework,Version=v4.8.1' instead of the project target framework 'net8.0'. This package may not be fully compatible with your project.
C:\Users\ultra\warewolf\Dev\Dev2.Core\Dev2.Core.csproj : warning NU1903: Package 'Microsoft.Windows.Compatibility' 6.0.0 has a known high severity vulnerability, https://github.com/advisories/GHSA-555c-2p6r-68mm
C:\Users\ultra\warewolf\Dev\Dev2.Data\Dev2.Data.csproj : warning NU1701: Package 'AeroWizard 2.3.1' was restored using '.NETFramework,Version=v4.6.1, .NETFramework,Version=v4.6.2, .NETFramework,Version=v4.7, .NETFramework,Version=v4.7.1, .NETFramework,Version=v4.7.2, .NETFramework,Version=v4.8, .NETFramework,Version=v4.8.1' instead of the project target framework 'net8.0'. This package may not be fully compatible with your project.
C:\Users\ultra\warewolf\Dev\Dev2.Common.Interfaces\Dev2.Common.Interfaces.csproj : warning NU1701: Package 'TaskSchedulerEditor 2.10.1' was restored using '.NETFramework,Version=v4.6.1, .NETFramework,Version=v4.6.2, .NETFramework,Version=v4.7, .NETFramework,Version=v4.7.1, .NETFramework,Version=v4.7.2, .NETFramework,Version=v4.8, .NETFramework,Version=v4.8.1' instead of the project target framework 'net8.0'. This package may not be fully compatible with your project.
C:\Users\ultra\warewolf\Dev\Dev2.Core\Dev2.Core.csproj : warning NU1701: Package 'AeroWizard 2.3.1' was restored using '.NETFramework,Version=v4.6.1, .NETFramework,Version=v4.6.2, .NETFramework,Version=v4.7, .NETFramework,Version=v4.7.1, .NETFramework,Version=v4.7.2, .NETFramework,Version=v4.8, .NETFramework,Version=v4.8.1' instead of the project target framework 'net8.0'. This package may not be fully compatible with your project.
C:\Users\ultra\warewolf\Dev\Dev2.Data\Dev2.Data.csproj : warning NU1701: Package 'GroupControls 1.9.0' was restored using '.NETFramework,Version=v4.6.1, .NETFramework,Version=v4.6.2, .NETFramework,Version=v4.7, .NETFramework,Version=v4.7.1, .NETFramework,Version=v4.7.2, .NETFramework,Version=v4.8, .NETFramework,Version=v4.8.1' instead of the project target framework 'net8.0'. This package may not be fully compatible with your project.
C:\Users\ultra\warewolf\Dev\Dev2.Core\Dev2.Core.csproj : warning NU1701: Package 'GroupControls 1.9.0' was restored using '.NETFramework,Version=v4.6.1, .NETFramework,Version=v4.6.2, .NETFramework,Version=v4.7, .NETFramework,Version=v4.7.1, .NETFramework,Version=v4.7.2, .NETFramework,Version=v4.8, .NETFramework,Version=v4.8.1' instead of the project target framework 'net8.0'. This package may not be fully compatible with your project.
C:\Users\ultra\warewolf\Dev\Dev2.Data\Dev2.Data.csproj : warning NU1701: Package 'ReactiveUI.WPF 18.4.1' was restored using '.NETFramework,Version=v4.6.1, .NETFramework,Version=v4.6.2, .NETFramework,Version=v4.7, .NETFramework,Version=v4.7.1, .NETFramework,Version=v4.7.2, .NETFramework,Version=v4.8, .NETFramework,Version=v4.8.1' instead of the project target framework 'net8.0'. This package may not be fully compatible with your project.
C:\Users\ultra\warewolf\Dev\Dev2.Core\Dev2.Core.csproj : warning NU1701: Package 'ReactiveUI.WPF 18.4.1' was restored using '.NETFramework,Version=v4.6.1, .NETFramework,Version=v4.6.2, .NETFramework,Version=v4.7, .NETFramework,Version=v4.7.1, .NETFramework,Version=v4.7.2, .NETFramework,Version=v4.8, .NETFramework,Version=v4.8.1' instead of the project target framework 'net8.0'. This package may not be fully compatible with your project.
C:\Users\ultra\warewolf\Dev\Dev2.Data\Dev2.Data.csproj : warning NU1701: Package 'TaskSchedulerEditor 2.10.1' was restored using '.NETFramework,Version=v4.6.1, .NETFramework,Version=v4.6.2, .NETFramework,Version=v4.7, .NETFramework,Version=v4.7.1, .NETFramework,Version=v4.7.2, .NETFramework,Version=v4.8, .NETFramework,Version=v4.8.1' instead of the project target framework 'net8.0'. This package may not be fully compatible with your project.
C:\Users\ultra\warewolf\Dev\Dev2.Core\Dev2.Core.csproj : warning NU1701: Package 'TaskSchedulerEditor 2.10.1' was restored using '.NETFramework,Version=v4.6.1, .NETFramework,Version=v4.6.2, .NETFramework,Version=v4.7, .NETFramework,Version=v4.7.1, .NETFramework,Version=v4.7.2, .NETFramework,Version=v4.8, .NETFramework,Version=v4.8.1' instead of the project target framework 'net8.0'. This package may not be fully compatible with your project.
C:\Users\ultra\warewolf\Dev\Dev2.Common\Dev2.Common.csproj : warning NU1903: Package 'Microsoft.Windows.Compatibility' 6.0.0 has a known high severity vulnerability, https://github.com/advisories/GHSA-555c-2p6r-68mm
C:\Users\ultra\warewolf\Dev\Dev2.Common\Dev2.Common.csproj : warning NU1701: Package 'AeroWizard 2.3.1' was restored using '.NETFramework,Version=v4.6.1, .NETFramework,Version=v4.6.2, .NETFramework,Version=v4.7, .NETFramework,Version=v4.7.1, .NETFramework,Version=v4.7.2, .NETFramework,Version=v4.8, .NETFramework,Version=v4.8.1' instead of the project target framework 'net8.0'. This package may not be fully compatible with your project.
C:\Users\ultra\warewolf\Dev\Dev2.Common\Dev2.Common.csproj : warning NU1701: Package 'GroupControls 1.9.0' was restored using '.NETFramework,Version=v4.6.1, .NETFramework,Version=v4.6.2, .NETFramework,Version=v4.7, .NETFramework,Version=v4.7.1, .NETFramework,Version=v4.7.2, .NETFramework,Version=v4.8, .NETFramework,Version=v4.8.1' instead of the project target framework 'net8.0'. This package may not be fully compatible with your project.
C:\Users\ultra\warewolf\Dev\Dev2.Common\Dev2.Common.csproj : warning NU1701: Package 'TaskSchedulerEditor 2.10.1' was restored using '.NETFramework,Version=v4.6.1, .NETFramework,Version=v4.6.2, .NETFramework,Version=v4.7, .NETFramework,Version=v4.7.1, .NETFramework,Version=v4.7.2, .NETFramework,Version=v4.8, .NETFramework,Version=v4.8.1' instead of the project target framework 'net8.0'. This package may not be fully compatible with your project.
C:\Users\ultra\warewolf\Dev\Dev2.Intellisense\Dev2.Intellisense.csproj : warning NU1701: Package 'AeroWizard 2.3.1' was restored using '.NETFramework,Version=v4.6.1, .NETFramework,Version=v4.6.2, .NETFramework,Version=v4.7, .NETFramework,Version=v4.7.1, .NETFramework,Version=v4.7.2, .NETFramework,Version=v4.8, .NETFramework,Version=v4.8.1' instead of the project target framework 'net8.0'. This package may not be fully compatible with your project.
C:\Users\ultra\warewolf\Dev\Dev2.Intellisense\Dev2.Intellisense.csproj : warning NU1701: Package 'GroupControls 1.9.0' was restored using '.NETFramework,Version=v4.6.1, .NETFramework,Version=v4.6.2, .NETFramework,Version=v4.7, .NETFramework,Version=v4.7.1, .NETFramework,Version=v4.7.2, .NETFramework,Version=v4.8, .NETFramework,Version=v4.8.1' instead of the project target framework 'net8.0'. This package may not be fully compatible with your project.
C:\Users\ultra\warewolf\Dev\Dev2.Intellisense\Dev2.Intellisense.csproj : warning NU1701: Package 'Microsoft.Xaml.Behaviors.Wpf 1.1.122' was restored using '.NETFramework,Version=v4.6.1, .NETFramework,Version=v4.6.2, .NETFramework,Version=v4.7, .NETFramework,Version=v4.7.1, .NETFramework,Version=v4.7.2, .NETFramework,Version=v4.8, .NETFramework,Version=v4.8.1' instead of the project target framework 'net8.0'. This package may not be fully compatible with your project.
C:\Users\ultra\warewolf\Dev\Dev2.Intellisense\Dev2.Intellisense.csproj : warning NU1701: Package 'Prism.Wpf 9.0.537' was restored using '.NETFramework,Version=v4.6.1, .NETFramework,Version=v4.6.2, .NETFramework,Version=v4.7, .NETFramework,Version=v4.7.1, .NETFramework,Version=v4.7.2, .NETFramework,Version=v4.8, .NETFramework,Version=v4.8.1' instead of the project target framework 'net8.0'. This package may not be fully compatible with your project.
C:\Users\ultra\warewolf\Dev\Dev2.Intellisense\Dev2.Intellisense.csproj : warning NU1701: Package 'ReactiveUI.WPF 18.4.1' was restored using '.NETFramework,Version=v4.6.1, .NETFramework,Version=v4.6.2, .NETFramework,Version=v4.7, .NETFramework,Version=v4.7.1, .NETFramework,Version=v4.7.2, .NETFramework,Version=v4.8, .NETFramework,Version=v4.8.1' instead of the project target framework 'net8.0'. This package may not be fully compatible with your project.
C:\Users\ultra\warewolf\Dev\Dev2.Intellisense\Dev2.Intellisense.csproj : warning NU1701: Package 'TaskSchedulerEditor 2.10.1' was restored using '.NETFramework,Version=v4.6.1, .NETFramework,Version=v4.6.2, .NETFramework,Version=v4.7, .NETFramework,Version=v4.7.1, .NETFramework,Version=v4.7.2, .NETFramework,Version=v4.8, .NETFramework,Version=v4.8.1' instead of the project target framework 'net8.0'. This package may not be fully compatible with your project.
C:\Users\ultra\warewolf\Dev\Dev2.Runtime\Dev2.Runtime.csproj : warning NU1903: Package 'Microsoft.Windows.Compatibility' 6.0.0 has a known high severity vulnerability, https://github.com/advisories/GHSA-555c-2p6r-68mm
C:\Users\ultra\warewolf\Dev\Dev2.Runtime\Dev2.Runtime.csproj : warning NU1701: Package 'AeroWizard 2.3.1' was restored using '.NETFramework,Version=v4.6.1, .NETFramework,Version=v4.6.2, .NETFramework,Version=v4.7, .NETFramework,Version=v4.7.1, .NETFramework,Version=v4.7.2, .NETFramework,Version=v4.8, .NETFramework,Version=v4.8.1' instead of the project target framework 'net8.0'. This package may not be fully compatible with your project.
C:\Users\ultra\warewolf\Dev\Dev2.Runtime\Dev2.Runtime.csproj : warning NU1701: Package 'GroupControls 1.9.0' was restored using '.NETFramework,Version=v4.6.1, .NETFramework,Version=v4.6.2, .NETFramework,Version=v4.7, .NETFramework,Version=v4.7.1, .NETFramework,Version=v4.7.2, .NETFramework,Version=v4.8, .NETFramework,Version=v4.8.1' instead of the project target framework 'net8.0'. This package may not be fully compatible with your project.
C:\Users\ultra\warewolf\Dev\Dev2.Runtime\Dev2.Runtime.csproj : warning NU1701: Package 'ReactiveUI.WPF 18.4.1' was restored using '.NETFramework,Version=v4.6.1, .NETFramework,Version=v4.6.2, .NETFramework,Version=v4.7, .NETFramework,Version=v4.7.1, .NETFramework,Version=v4.7.2, .NETFramework,Version=v4.8, .NETFramework,Version=v4.8.1' instead of the project target framework 'net8.0'. This package may not be fully compatible with your project.
C:\Users\ultra\warewolf\Dev\Dev2.Runtime\Dev2.Runtime.csproj : warning NU1701: Package 'TaskSchedulerEditor 2.10.1' was restored using '.NETFramework,Version=v4.6.1, .NETFramework,Version=v4.6.2, .NETFramework,Version=v4.7, .NETFramework,Version=v4.7.1, .NETFramework,Version=v4.7.2, .NETFramework,Version=v4.8, .NETFramework,Version=v4.8.1' instead of the project target framework 'net8.0'. This package may not be fully compatible with your project.
C:\Users\ultra\warewolf\Dev\Dev2.Runtime.Services\Dev2.Runtime.Services.csproj : warning NU1902: Package 'MessagePack' 2.4.59 has a known moderate severity vulnerability, https://github.com/advisories/GHSA-4qm4-8hg2-g2xm
C:\Users\ultra\warewolf\Dev\Dev2.Runtime.Services\Dev2.Runtime.Services.csproj : warning NU1903: Package 'Microsoft.Windows.Compatibility' 6.0.0 has a known high severity vulnerability, https://github.com/advisories/GHSA-555c-2p6r-68mm
C:\Users\ultra\warewolf\Dev\Dev2.Runtime.Services\Dev2.Runtime.Services.csproj : warning NU1701: Package 'AeroWizard 2.3.1' was restored using '.NETFramework,Version=v4.6.1, .NETFramework,Version=v4.6.2, .NETFramework,Version=v4.7, .NETFramework,Version=v4.7.1, .NETFramework,Version=v4.7.2, .NETFramework,Version=v4.8, .NETFramework,Version=v4.8.1' instead of the project target framework 'net8.0'. This package may not be fully compatible with your project.
C:\Users\ultra\warewolf\Dev\Dev2.Runtime.Services\Dev2.Runtime.Services.csproj : warning NU1701: Package 'GroupControls 1.9.0' was restored using '.NETFramework,Version=v4.6.1, .NETFramework,Version=v4.6.2, .NETFramework,Version=v4.7, .NETFramework,Version=v4.7.1, .NETFramework,Version=v4.7.2, .NETFramework,Version=v4.8, .NETFramework,Version=v4.8.1' instead of the project target framework 'net8.0'. This package may not be fully compatible with your project.
C:\Users\ultra\warewolf\Dev\Dev2.Runtime.Services\Dev2.Runtime.Services.csproj : warning NU1701: Package 'ReactiveUI.WPF 18.4.1' was restored using '.NETFramework,Version=v4.6.1, .NETFramework,Version=v4.6.2, .NETFramework,Version=v4.7, .NETFramework,Version=v4.7.1, .NETFramework,Version=v4.7.2, .NETFramework,Version=v4.8, .NETFramework,Version=v4.8.1' instead of the project target framework 'net8.0'. This package may not be fully compatible with your project.
C:\Users\ultra\warewolf\Dev\Dev2.Runtime.Services\Dev2.Runtime.Services.csproj : warning NU1701: Package 'TaskSchedulerEditor 2.10.1' was restored using '.NETFramework,Version=v4.6.1, .NETFramework,Version=v4.6.2, .NETFramework,Version=v4.7, .NETFramework,Version=v4.7.1, .NETFramework,Version=v4.7.2, .NETFramework,Version=v4.8, .NETFramework,Version=v4.8.1' instead of the project target framework 'net8.0'. This package may not be fully compatible with your project.
C:\Users\ultra\warewolf\Dev\Dev2.Runtime.Configuration.Tests\Dev2.Runtime.Configuration.Tests.csproj : warning NU1701: Package 'AeroWizard 2.3.1' was restored using '.NETFramework,Version=v4.6.1, .NETFramework,Version=v4.6.2, .NETFramework,Version=v4.7, .NETFramework,Version=v4.7.1, .NETFramework,Version=v4.7.2, .NETFramework,Version=v4.8, .NETFramework,Version=v4.8.1' instead of the project target framework 'net8.0'. This package may not be fully compatible with your project.
C:\Users\ultra\warewolf\Dev\Dev2.Runtime.Configuration.Tests\Dev2.Runtime.Configuration.Tests.csproj : warning NU1701: Package 'GroupControls 1.9.0' was restored using '.NETFramework,Version=v4.6.1, .NETFramework,Version=v4.6.2, .NETFramework,Version=v4.7, .NETFramework,Version=v4.7.1, .NETFramework,Version=v4.7.2, .NETFramework,Version=v4.8, .NETFramework,Version=v4.8.1' instead of the project target framework 'net8.0'. This package may not be fully compatible with your project.
C:\Users\ultra\warewolf\Dev\Dev2.Runtime.Configuration.Tests\Dev2.Runtime.Configuration.Tests.csproj : warning NU1701: Package 'TaskSchedulerEditor 2.10.1' was restored using '.NETFramework,Version=v4.6.1, .NETFramework,Version=v4.6.2, .NETFramework,Version=v4.7, .NETFramework,Version=v4.7.1, .NETFramework,Version=v4.7.2, .NETFramework,Version=v4.8, .NETFramework,Version=v4.8.1' instead of the project target framework 'net8.0'. This package may not be fully compatible with your project.
C:\Users\ultra\warewolf\Dev\Dev2.Server\Dev2.Server.csproj : warning NU1903: Package 'Oracle.ManagedDataAccess.Core' 3.21.70 has a known high severity vulnerability, https://github.com/advisories/GHSA-5pm2-9mr2-3frq
C:\Users\ultra\warewolf\Dev\Dev2.Server\Dev2.Server.csproj : warning NU1701: Package 'AeroWizard 2.3.1' was restored using '.NETFramework,Version=v4.6.1, .NETFramework,Version=v4.6.2, .NETFramework,Version=v4.7, .NETFramework,Version=v4.7.1, .NETFramework,Version=v4.7.2, .NETFramework,Version=v4.8, .NETFramework,Version=v4.8.1' instead of the project target framework 'net8.0'. This package may not be fully compatible with your project.
C:\Users\ultra\warewolf\Dev\Dev2.Server\Dev2.Server.csproj : warning NU1701: Package 'GroupControls 1.9.0' was restored using '.NETFramework,Version=v4.6.1, .NETFramework,Version=v4.6.2, .NETFramework,Version=v4.7, .NETFramework,Version=v4.7.1, .NETFramework,Version=v4.7.2, .NETFramework,Version=v4.8, .NETFramework,Version=v4.8.1' instead of the project target framework 'net8.0'. This package may not be fully compatible with your project.
C:\Users\ultra\warewolf\Dev\Dev2.Server\Dev2.Server.csproj : warning NU1701: Package 'Microsoft.Xaml.Behaviors.Wpf 1.1.122' was restored using '.NETFramework,Version=v4.6.1, .NETFramework,Version=v4.6.2, .NETFramework,Version=v4.7, .NETFramework,Version=v4.7.1, .NETFramework,Version=v4.7.2, .NETFramework,Version=v4.8, .NETFramework,Version=v4.8.1' instead of the project target framework 'net8.0'. This package may not be fully compatible with your project.
C:\Users\ultra\warewolf\Dev\Dev2.Server\Dev2.Server.csproj : warning NU1701: Package 'Prism.Wpf 9.0.537' was restored using '.NETFramework,Version=v4.6.1, .NETFramework,Version=v4.6.2, .NETFramework,Version=v4.7, .NETFramework,Version=v4.7.1, .NETFramework,Version=v4.7.2, .NETFramework,Version=v4.8, .NETFramework,Version=v4.8.1' instead of the project target framework 'net8.0'. This package may not be fully compatible with your project.
C:\Users\ultra\warewolf\Dev\Dev2.Server\Dev2.Server.csproj : warning NU1701: Package 'ReactiveUI.WPF 18.4.1' was restored using '.NETFramework,Version=v4.6.1, .NETFramework,Version=v4.6.2, .NETFramework,Version=v4.7, .NETFramework,Version=v4.7.1, .NETFramework,Version=v4.7.2, .NETFramework,Version=v4.8, .NETFramework,Version=v4.8.1' instead of the project target framework 'net8.0'. This package may not be fully compatible with your project.
C:\Users\ultra\warewolf\Dev\Dev2.Server\Dev2.Server.csproj : warning NU1701: Package 'TaskSchedulerEditor 2.10.1' was restored using '.NETFramework,Version=v4.6.1, .NETFramework,Version=v4.6.2, .NETFramework,Version=v4.7, .NETFramework,Version=v4.7.1, .NETFramework,Version=v4.7.2, .NETFramework,Version=v4.8, .NETFramework,Version=v4.8.1' instead of the project target framework 'net8.0'. This package may not be fully compatible with your project.
C:\Users\ultra\warewolf\Dev\Warewolf.Data\Warewolf.Data.csproj : warning NU1701: Package 'AeroWizard 2.3.1' was restored using '.NETFramework,Version=v4.6.1, .NETFramework,Version=v4.6.2, .NETFramework,Version=v4.7, .NETFramework,Version=v4.7.1, .NETFramework,Version=v4.7.2, .NETFramework,Version=v4.8, .NETFramework,Version=v4.8.1' instead of the project target framework 'net8.0'. This package may not be fully compatible with your project.
C:\Users\ultra\warewolf\Dev\Warewolf.Data\Warewolf.Data.csproj : warning NU1701: Package 'GroupControls 1.9.0' was restored using '.NETFramework,Version=v4.6.1, .NETFramework,Version=v4.6.2, .NETFramework,Version=v4.7, .NETFramework,Version=v4.7.1, .NETFramework,Version=v4.7.2, .NETFramework,Version=v4.8, .NETFramework,Version=v4.8.1' instead of the project target framework 'net8.0'. This package may not be fully compatible with your project.
C:\Users\ultra\warewolf\Dev\Warewolf.Data\Warewolf.Data.csproj : warning NU1701: Package 'TaskSchedulerEditor 2.10.1' was restored using '.NETFramework,Version=v4.6.1, .NETFramework,Version=v4.6.2, .NETFramework,Version=v4.7, .NETFramework,Version=v4.7.1, .NETFramework,Version=v4.7.2, .NETFramework,Version=v4.8, .NETFramework,Version=v4.8.1' instead of the project target framework 'net8.0'. This package may not be fully compatible with your project.
C:\Users\ultra\warewolf\Dev\Warewolf.Language.Parser\Warewolf.Language.Parser.fsproj : warning NU1504: Duplicate 'PackageReference' items found. Remove the duplicate items or use the Update functionality to ensure a consistent restore behavior. The duplicate 'PackageReference' items are: FSharp.Core 10.1.201, FSharp.Core 4.6.2.
C:\Users\ultra\warewolf\Dev\Dev2.Services.Sql\Dev2.Services.Sql.csproj : warning NU1903: Package 'Oracle.ManagedDataAccess.Core' 3.21.70 has a known high severity vulnerability, https://github.com/advisories/GHSA-5pm2-9mr2-3frq
C:\Users\ultra\warewolf\Dev\Dev2.Services.Sql\Dev2.Services.Sql.csproj : warning NU1701: Package 'AeroWizard 2.3.1' was restored using '.NETFramework,Version=v4.6.1, .NETFramework,Version=v4.6.2, .NETFramework,Version=v4.7, .NETFramework,Version=v4.7.1, .NETFramework,Version=v4.7.2, .NETFramework,Version=v4.8, .NETFramework,Version=v4.8.1' instead of the project target framework 'net8.0'. This package may not be fully compatible with your project.
C:\Users\ultra\warewolf\Dev\Dev2.Services.Sql\Dev2.Services.Sql.csproj : warning NU1701: Package 'GroupControls 1.9.0' was restored using '.NETFramework,Version=v4.6.1, .NETFramework,Version=v4.6.2, .NETFramework,Version=v4.7, .NETFramework,Version=v4.7.1, .NETFramework,Version=v4.7.2, .NETFramework,Version=v4.8, .NETFramework,Version=v4.8.1' instead of the project target framework 'net8.0'. This package may not be fully compatible with your project.
C:\Users\ultra\warewolf\Dev\Dev2.Services.Sql\Dev2.Services.Sql.csproj : warning NU1701: Package 'ReactiveUI.WPF 18.4.1' was restored using '.NETFramework,Version=v4.6.1, .NETFramework,Version=v4.6.2, .NETFramework,Version=v4.7, .NETFramework,Version=v4.7.1, .NETFramework,Version=v4.7.2, .NETFramework,Version=v4.8, .NETFramework,Version=v4.8.1' instead of the project target framework 'net8.0'. This package may not be fully compatible with your project.
C:\Users\ultra\warewolf\Dev\Dev2.Services.Sql\Dev2.Services.Sql.csproj : warning NU1701: Package 'TaskSchedulerEditor 2.10.1' was restored using '.NETFramework,Version=v4.6.1, .NETFramework,Version=v4.6.2, .NETFramework,Version=v4.7, .NETFramework,Version=v4.7.1, .NETFramework,Version=v4.7.2, .NETFramework,Version=v4.8, .NETFramework,Version=v4.8.1' instead of the project target framework 'net8.0'. This package may not be fully compatible with your project.
C:\Users\ultra\warewolf\Dev\Dev2.Scheduler\Dev2.Scheduler.csproj : warning NU1701: Package 'AeroWizard 2.3.1' was restored using '.NETFramework,Version=v4.6.1, .NETFramework,Version=v4.6.2, .NETFramework,Version=v4.7, .NETFramework,Version=v4.7.1, .NETFramework,Version=v4.7.2, .NETFramework,Version=v4.8, .NETFramework,Version=v4.8.1' instead of the project target framework 'net8.0'. This package may not be fully compatible with your project.
C:\Users\ultra\warewolf\Dev\Dev2.Scheduler\Dev2.Scheduler.csproj : warning NU1701: Package 'GroupControls 1.9.0' was restored using '.NETFramework,Version=v4.6.1, .NETFramework,Version=v4.6.2, .NETFramework,Version=v4.7, .NETFramework,Version=v4.7.1, .NETFramework,Version=v4.7.2, .NETFramework,Version=v4.8, .NETFramework,Version=v4.8.1' instead of the project target framework 'net8.0'. This package may not be fully compatible with your project.
C:\Users\ultra\warewolf\Dev\Dev2.Scheduler\Dev2.Scheduler.csproj : warning NU1701: Package 'ReactiveUI.WPF 18.4.1' was restored using '.NETFramework,Version=v4.6.1, .NETFramework,Version=v4.6.2, .NETFramework,Version=v4.7, .NETFramework,Version=v4.7.1, .NETFramework,Version=v4.7.2, .NETFramework,Version=v4.8, .NETFramework,Version=v4.8.1' instead of the project target framework 'net8.0'. This package may not be fully compatible with your project.
C:\Users\ultra\warewolf\Dev\Dev2.Scheduler\Dev2.Scheduler.csproj : warning NU1701: Package 'TaskSchedulerEditor 2.10.1' was restored using '.NETFramework,Version=v4.6.1, .NETFramework,Version=v4.6.2, .NETFramework,Version=v4.7, .NETFramework,Version=v4.7.1, .NETFramework,Version=v4.7.2, .NETFramework,Version=v4.8, .NETFramework,Version=v4.8.1' instead of the project target framework 'net8.0'. This package may not be fully compatible with your project.
C:\Users\ultra\warewolf\Dev\Dev2.Util\Dev2.Util.csproj : warning NU1903: Package 'Microsoft.Windows.Compatibility' 6.0.0 has a known high severity vulnerability, https://github.com/advisories/GHSA-555c-2p6r-68mm
C:\Users\ultra\warewolf\Dev\Dev2.Util\Dev2.Util.csproj : warning NU1701: Package 'AeroWizard 2.3.1' was restored using '.NETFramework,Version=v4.6.1, .NETFramework,Version=v4.6.2, .NETFramework,Version=v4.7, .NETFramework,Version=v4.7.1, .NETFramework,Version=v4.7.2, .NETFramework,Version=v4.8, .NETFramework,Version=v4.8.1' instead of the project target framework 'net8.0'. This package may not be fully compatible with your project.
C:\Users\ultra\warewolf\Dev\Dev2.Util\Dev2.Util.csproj : warning NU1701: Package 'GroupControls 1.9.0' was restored using '.NETFramework,Version=v4.6.1, .NETFramework,Version=v4.6.2, .NETFramework,Version=v4.7, .NETFramework,Version=v4.7.1, .NETFramework,Version=v4.7.2, .NETFramework,Version=v4.8, .NETFramework,Version=v4.8.1' instead of the project target framework 'net8.0'. This package may not be fully compatible with your project.
C:\Users\ultra\warewolf\Dev\Dev2.Util\Dev2.Util.csproj : warning NU1701: Package 'TaskSchedulerEditor 2.10.1' was restored using '.NETFramework,Version=v4.6.1, .NETFramework,Version=v4.6.2, .NETFramework,Version=v4.7, .NETFramework,Version=v4.7.1, .NETFramework,Version=v4.7.2, .NETFramework,Version=v4.8, .NETFramework,Version=v4.8.1' instead of the project target framework 'net8.0'. This package may not be fully compatible with your project.
C:\Users\ultra\warewolf\Dev\Warewolf.HangfireServer\Warewolf.HangfireServer.csproj : warning NU1903: Package 'Microsoft.Windows.Compatibility' 6.0.0 has a known high severity vulnerability, https://github.com/advisories/GHSA-555c-2p6r-68mm
C:\Users\ultra\warewolf\Dev\Warewolf.HangfireServer\Warewolf.HangfireServer.csproj : warning NU1701: Package 'AeroWizard 2.3.1' was restored using '.NETFramework,Version=v4.6.1, .NETFramework,Version=v4.6.2, .NETFramework,Version=v4.7, .NETFramework,Version=v4.7.1, .NETFramework,Version=v4.7.2, .NETFramework,Version=v4.8, .NETFramework,Version=v4.8.1' instead of the project target framework 'net8.0'. This package may not be fully compatible with your project.
C:\Users\ultra\warewolf\Dev\Warewolf.HangfireServer\Warewolf.HangfireServer.csproj : warning NU1701: Package 'GroupControls 1.9.0' was restored using '.NETFramework,Version=v4.6.1, .NETFramework,Version=v4.6.2, .NETFramework,Version=v4.7, .NETFramework,Version=v4.7.1, .NETFramework,Version=v4.7.2, .NETFramework,Version=v4.8, .NETFramework,Version=v4.8.1' instead of the project target framework 'net8.0'. This package may not be fully compatible with your project.
C:\Users\ultra\warewolf\Dev\Warewolf.HangfireServer\Warewolf.HangfireServer.csproj : warning NU1701: Package 'ReactiveUI.WPF 18.4.1' was restored using '.NETFramework,Version=v4.6.1, .NETFramework,Version=v4.6.2, .NETFramework,Version=v4.7, .NETFramework,Version=v4.7.1, .NETFramework,Version=v4.7.2, .NETFramework,Version=v4.8, .NETFramework,Version=v4.8.1' instead of the project target framework 'net8.0'. This package may not be fully compatible with your project.
C:\Users\ultra\warewolf\Dev\Warewolf.HangfireServer\Warewolf.HangfireServer.csproj : warning NU1701: Package 'TaskSchedulerEditor 2.10.1' was restored using '.NETFramework,Version=v4.6.1, .NETFramework,Version=v4.6.2, .NETFramework,Version=v4.7, .NETFramework,Version=v4.7.1, .NETFramework,Version=v4.7.2, .NETFramework,Version=v4.8, .NETFramework,Version=v4.8.1' instead of the project target framework 'net8.0'. This package may not be fully compatible with your project.
C:\Users\ultra\warewolf\Dev\Dev2.Activities\Dev2.Activities.csproj : warning NU1903: Package 'Microsoft.Windows.Compatibility' 6.0.0 has a known high severity vulnerability, https://github.com/advisories/GHSA-555c-2p6r-68mm
C:\Users\ultra\warewolf\Dev\Dev2.Activities\Dev2.Activities.csproj : warning NU1701: Package 'AeroWizard 2.3.1' was restored using '.NETFramework,Version=v4.6.1, .NETFramework,Version=v4.6.2, .NETFramework,Version=v4.7, .NETFramework,Version=v4.7.1, .NETFramework,Version=v4.7.2, .NETFramework,Version=v4.8, .NETFramework,Version=v4.8.1' instead of the project target framework 'net8.0'. This package may not be fully compatible with your project.
C:\Users\ultra\warewolf\Dev\Dev2.Activities\Dev2.Activities.csproj : warning NU1701: Package 'GroupControls 1.9.0' was restored using '.NETFramework,Version=v4.6.1, .NETFramework,Version=v4.6.2, .NETFramework,Version=v4.7, .NETFramework,Version=v4.7.1, .NETFramework,Version=v4.7.2, .NETFramework,Version=v4.8, .NETFramework,Version=v4.8.1' instead of the project target framework 'net8.0'. This package may not be fully compatible with your project.
C:\Users\ultra\warewolf\Dev\Dev2.Activities\Dev2.Activities.csproj : warning NU1701: Package 'ReactiveUI.WPF 18.4.1' was restored using '.NETFramework,Version=v4.6.1, .NETFramework,Version=v4.6.2, .NETFramework,Version=v4.7, .NETFramework,Version=v4.7.1, .NETFramework,Version=v4.7.2, .NETFramework,Version=v4.8, .NETFramework,Version=v4.8.1' instead of the project target framework 'net8.0'. This package may not be fully compatible with your project.
C:\Users\ultra\warewolf\Dev\Dev2.Activities\Dev2.Activities.csproj : warning NU1701: Package 'TaskSchedulerEditor 2.10.1' was restored using '.NETFramework,Version=v4.6.1, .NETFramework,Version=v4.6.2, .NETFramework,Version=v4.7, .NETFramework,Version=v4.7.1, .NETFramework,Version=v4.7.2, .NETFramework,Version=v4.8, .NETFramework,Version=v4.8.1' instead of the project target framework 'net8.0'. This package may not be fully compatible with your project.
C:\Users\ultra\warewolf\Dev\Warewolf.Storage\Warewolf.Storage.csproj : warning NU1701: Package 'AeroWizard 2.3.1' was restored using '.NETFramework,Version=v4.6.1, .NETFramework,Version=v4.6.2, .NETFramework,Version=v4.7, .NETFramework,Version=v4.7.1, .NETFramework,Version=v4.7.2, .NETFramework,Version=v4.8, .NETFramework,Version=v4.8.1' instead of the project target framework 'net8.0'. This package may not be fully compatible with your project.
C:\Users\ultra\warewolf\Dev\Warewolf.Storage\Warewolf.Storage.csproj : warning NU1701: Package 'GroupControls 1.9.0' was restored using '.NETFramework,Version=v4.6.1, .NETFramework,Version=v4.6.2, .NETFramework,Version=v4.7, .NETFramework,Version=v4.7.1, .NETFramework,Version=v4.7.2, .NETFramework,Version=v4.8, .NETFramework,Version=v4.8.1' instead of the project target framework 'net8.0'. This package may not be fully compatible with your project.
C:\Users\ultra\warewolf\Dev\Warewolf.Storage\Warewolf.Storage.csproj : warning NU1701: Package 'ReactiveUI.WPF 18.4.1' was restored using '.NETFramework,Version=v4.6.1, .NETFramework,Version=v4.6.2, .NETFramework,Version=v4.7, .NETFramework,Version=v4.7.1, .NETFramework,Version=v4.7.2, .NETFramework,Version=v4.8, .NETFramework,Version=v4.8.1' instead of the project target framework 'net8.0'. This package may not be fully compatible with your project.
C:\Users\ultra\warewolf\Dev\Warewolf.Storage\Warewolf.Storage.csproj : warning NU1701: Package 'TaskSchedulerEditor 2.10.1' was restored using '.NETFramework,Version=v4.6.1, .NETFramework,Version=v4.6.2, .NETFramework,Version=v4.7, .NETFramework,Version=v4.7.1, .NETFramework,Version=v4.7.2, .NETFramework,Version=v4.8, .NETFramework,Version=v4.8.1' instead of the project target framework 'net8.0'. This package may not be fully compatible with your project.
C:\Users\ultra\warewolf\Dev\Warewolf.Driver.Serilog\Warewolf.Driver.Serilog.csproj : warning NU1701: Package 'AeroWizard 2.3.1' was restored using '.NETFramework,Version=v4.6.1, .NETFramework,Version=v4.6.2, .NETFramework,Version=v4.7, .NETFramework,Version=v4.7.1, .NETFramework,Version=v4.7.2, .NETFramework,Version=v4.8, .NETFramework,Version=v4.8.1' instead of the project target framework 'net8.0'. This package may not be fully compatible with your project.
C:\Users\ultra\warewolf\Dev\Warewolf.Driver.Serilog\Warewolf.Driver.Serilog.csproj : warning NU1701: Package 'GroupControls 1.9.0' was restored using '.NETFramework,Version=v4.6.1, .NETFramework,Version=v4.6.2, .NETFramework,Version=v4.7, .NETFramework,Version=v4.7.1, .NETFramework,Version=v4.7.2, .NETFramework,Version=v4.8, .NETFramework,Version=v4.8.1' instead of the project target framework 'net8.0'. This package may not be fully compatible with your project.
C:\Users\ultra\warewolf\Dev\Warewolf.Driver.Serilog\Warewolf.Driver.Serilog.csproj : warning NU1701: Package 'ReactiveUI.WPF 18.4.1' was restored using '.NETFramework,Version=v4.6.1, .NETFramework,Version=v4.6.2, .NETFramework,Version=v4.7, .NETFramework,Version=v4.7.1, .NETFramework,Version=v4.7.2, .NETFramework,Version=v4.8, .NETFramework,Version=v4.8.1' instead of the project target framework 'net8.0'. This package may not be fully compatible with your project.
C:\Users\ultra\warewolf\Dev\Warewolf.Driver.Serilog\Warewolf.Driver.Serilog.csproj : warning NU1701: Package 'TaskSchedulerEditor 2.10.1' was restored using '.NETFramework,Version=v4.6.1, .NETFramework,Version=v4.6.2, .NETFramework,Version=v4.7, .NETFramework,Version=v4.7.1, .NETFramework,Version=v4.7.2, .NETFramework,Version=v4.8, .NETFramework,Version=v4.8.1' instead of the project target framework 'net8.0'. This package may not be fully compatible with your project.
C:\Users\ultra\warewolf\Dev\Dev2.Data.Interfaces\Dev2.Data.Interfaces.csproj : warning NU1903: Package 'DotNetZip' 1.16.0 has a known high severity vulnerability, https://github.com/advisories/GHSA-xhg6-9j5j-w4vf
C:\Users\ultra\warewolf\Dev\Dev2.Data.Interfaces\Dev2.Data.Interfaces.csproj : warning NU1701: Package 'AeroWizard 2.3.1' was restored using '.NETFramework,Version=v4.6.1, .NETFramework,Version=v4.6.2, .NETFramework,Version=v4.7, .NETFramework,Version=v4.7.1, .NETFramework,Version=v4.7.2, .NETFramework,Version=v4.8, .NETFramework,Version=v4.8.1' instead of the project target framework 'net8.0'. This package may not be fully compatible with your project.
C:\Users\ultra\warewolf\Dev\Dev2.Data.Interfaces\Dev2.Data.Interfaces.csproj : warning NU1701: Package 'GroupControls 1.9.0' was restored using '.NETFramework,Version=v4.6.1, .NETFramework,Version=v4.6.2, .NETFramework,Version=v4.7, .NETFramework,Version=v4.7.1, .NETFramework,Version=v4.7.2, .NETFramework,Version=v4.8, .NETFramework,Version=v4.8.1' instead of the project target framework 'net8.0'. This package may not be fully compatible with your project.
C:\Users\ultra\warewolf\Dev\Dev2.Data.Interfaces\Dev2.Data.Interfaces.csproj : warning NU1701: Package 'TaskSchedulerEditor 2.10.1' was restored using '.NETFramework,Version=v4.6.1, .NETFramework,Version=v4.6.2, .NETFramework,Version=v4.7, .NETFramework,Version=v4.7.1, .NETFramework,Version=v4.7.2, .NETFramework,Version=v4.8, .NETFramework,Version=v4.8.1' instead of the project target framework 'net8.0'. This package may not be fully compatible with your project.
C:\Users\ultra\warewolf\Dev\Warewolf.Licensing\Warewolf.Licensing.csproj : warning NU1701: Package 'AeroWizard 2.3.1' was restored using '.NETFramework,Version=v4.6.1, .NETFramework,Version=v4.6.2, .NETFramework,Version=v4.7, .NETFramework,Version=v4.7.1, .NETFramework,Version=v4.7.2, .NETFramework,Version=v4.8, .NETFramework,Version=v4.8.1' instead of the project target framework 'net8.0'. This package may not be fully compatible with your project.
C:\Users\ultra\warewolf\Dev\Warewolf.Licensing\Warewolf.Licensing.csproj : warning NU1701: Package 'GroupControls 1.9.0' was restored using '.NETFramework,Version=v4.6.1, .NETFramework,Version=v4.6.2, .NETFramework,Version=v4.7, .NETFramework,Version=v4.7.1, .NETFramework,Version=v4.7.2, .NETFramework,Version=v4.8, .NETFramework,Version=v4.8.1' instead of the project target framework 'net8.0'. This package may not be fully compatible with your project.
C:\Users\ultra\warewolf\Dev\Warewolf.Licensing\Warewolf.Licensing.csproj : warning NU1701: Package 'TaskSchedulerEditor 2.10.1' was restored using '.NETFramework,Version=v4.6.1, .NETFramework,Version=v4.6.2, .NETFramework,Version=v4.7, .NETFramework,Version=v4.7.1, .NETFramework,Version=v4.7.2, .NETFramework,Version=v4.8, .NETFramework,Version=v4.8.1' instead of the project target framework 'net8.0'. This package may not be fully compatible with your project.
  Dev2.Net6.Compatibility -> C:\Users\ultra\warewolf\Dev\Dev2.Net6.Compatibility\bin\Debug\net8.0\Dev2.Net6.Compatibility.dll
  Log4Net.Async -> C:\Users\ultra\warewolf\Dev\Log4Net.Async\bin\Debug\net8.0\Log4Net.Async.dll
C:\Users\ultra\warewolf\Dev\Warewolf.Logger\Warewolf.Logger.csproj : warning NU1701: Package 'AeroWizard 2.3.1' was restored using '.NETFramework,Version=v4.6.1, .NETFramework,Version=v4.6.2, .NETFramework,Version=v4.7, .NETFramework,Version=v4.7.1, .NETFramework,Version=v4.7.2, .NETFramework,Version=v4.8, .NETFramework,Version=v4.8.1' instead of the project target framework 'net8.0'. This package may not be fully compatible with your project.
C:\Users\ultra\warewolf\Dev\Warewolf.Logger\Warewolf.Logger.csproj : warning NU1701: Package 'GroupControls 1.9.0' was restored using '.NETFramework,Version=v4.6.1, .NETFramework,Version=v4.6.2, .NETFramework,Version=v4.7, .NETFramework,Version=v4.7.1, .NETFramework,Version=v4.7.2, .NETFramework,Version=v4.8, .NETFramework,Version=v4.8.1' instead of the project target framework 'net8.0'. This package may not be fully compatible with your project.
C:\Users\ultra\warewolf\Dev\Warewolf.Logger\Warewolf.Logger.csproj : warning NU1701: Package 'Microsoft.Xaml.Behaviors.Wpf 1.1.122' was restored using '.NETFramework,Version=v4.6.1, .NETFramework,Version=v4.6.2, .NETFramework,Version=v4.7, .NETFramework,Version=v4.7.1, .NETFramework,Version=v4.7.2, .NETFramework,Version=v4.8, .NETFramework,Version=v4.8.1' instead of the project target framework 'net8.0'. This package may not be fully compatible with your project.
C:\Users\ultra\warewolf\Dev\Warewolf.Logger\Warewolf.Logger.csproj : warning NU1701: Package 'Prism.Wpf 9.0.537' was restored using '.NETFramework,Version=v4.6.1, .NETFramework,Version=v4.6.2, .NETFramework,Version=v4.7, .NETFramework,Version=v4.7.1, .NETFramework,Version=v4.7.2, .NETFramework,Version=v4.8, .NETFramework,Version=v4.8.1' instead of the project target framework 'net8.0'. This package may not be fully compatible with your project.
C:\Users\ultra\warewolf\Dev\Warewolf.Logger\Warewolf.Logger.csproj : warning NU1701: Package 'ReactiveUI.WPF 18.4.1' was restored using '.NETFramework,Version=v4.6.1, .NETFramework,Version=v4.6.2, .NETFramework,Version=v4.7, .NETFramework,Version=v4.7.1, .NETFramework,Version=v4.7.2, .NETFramework,Version=v4.8, .NETFramework,Version=v4.8.1' instead of the project target framework 'net8.0'. This package may not be fully compatible with your project.
C:\Users\ultra\warewolf\Dev\Warewolf.Logger\Warewolf.Logger.csproj : warning NU1701: Package 'TaskSchedulerEditor 2.10.1' was restored using '.NETFramework,Version=v4.6.1, .NETFramework,Version=v4.6.2, .NETFramework,Version=v4.7, .NETFramework,Version=v4.7.1, .NETFramework,Version=v4.7.2, .NETFramework,Version=v4.8, .NETFramework,Version=v4.8.1' instead of the project target framework 'net8.0'. This package may not be fully compatible with your project.
C:\Users\ultra\warewolf\Dev\Warewolf.Common.NetStandard20\Warewolf.Common.NetStandard20.csproj : warning NU1701: Package 'AeroWizard 2.3.1' was restored using '.NETFramework,Version=v4.6.1, .NETFramework,Version=v4.6.2, .NETFramework,Version=v4.7, .NETFramework,Version=v4.7.1, .NETFramework,Version=v4.7.2, .NETFramework,Version=v4.8, .NETFramework,Version=v4.8.1' instead of the project target framework 'net8.0'. This package may not be fully compatible with your project.
C:\Users\ultra\warewolf\Dev\Warewolf.Common.NetStandard20\Warewolf.Common.NetStandard20.csproj : warning NU1701: Package 'GroupControls 1.9.0' was restored using '.NETFramework,Version=v4.6.1, .NETFramework,Version=v4.6.2, .NETFramework,Version=v4.7, .NETFramework,Version=v4.7.1, .NETFramework,Version=v4.7.2, .NETFramework,Version=v4.8, .NETFramework,Version=v4.8.1' instead of the project target framework 'net8.0'. This package may not be fully compatible with your project.
C:\Users\ultra\warewolf\Dev\Warewolf.Common.NetStandard20\Warewolf.Common.NetStandard20.csproj : warning NU1701: Package 'ReactiveUI.WPF 18.4.1' was restored using '.NETFramework,Version=v4.6.1, .NETFramework,Version=v4.6.2, .NETFramework,Version=v4.7, .NETFramework,Version=v4.7.1, .NETFramework,Version=v4.7.2, .NETFramework,Version=v4.8, .NETFramework,Version=v4.8.1' instead of the project target framework 'net8.0'. This package may not be fully compatible with your project.
C:\Users\ultra\warewolf\Dev\Warewolf.Common.NetStandard20\Warewolf.Common.NetStandard20.csproj : warning NU1701: Package 'TaskSchedulerEditor 2.10.1' was restored using '.NETFramework,Version=v4.6.1, .NETFramework,Version=v4.6.2, .NETFramework,Version=v4.7, .NETFramework,Version=v4.7.1, .NETFramework,Version=v4.7.2, .NETFramework,Version=v4.8, .NETFramework,Version=v4.8.1' instead of the project target framework 'net8.0'. This package may not be fully compatible with your project.
C:\Users\ultra\warewolf\Dev\Dev2.Development.Languages\Dev2.Development.Languages.csproj : warning NU1701: Package 'AeroWizard 2.3.1' was restored using '.NETFramework,Version=v4.6.1, .NETFramework,Version=v4.6.2, .NETFramework,Version=v4.7, .NETFramework,Version=v4.7.1, .NETFramework,Version=v4.7.2, .NETFramework,Version=v4.8, .NETFramework,Version=v4.8.1' instead of the project target framework 'net8.0'. This package may not be fully compatible with your project.
C:\Users\ultra\warewolf\Dev\Dev2.Development.Languages\Dev2.Development.Languages.csproj : warning NU1701: Package 'GroupControls 1.9.0' was restored using '.NETFramework,Version=v4.6.1, .NETFramework,Version=v4.6.2, .NETFramework,Version=v4.7, .NETFramework,Version=v4.7.1, .NETFramework,Version=v4.7.2, .NETFramework,Version=v4.8, .NETFramework,Version=v4.8.1' instead of the project target framework 'net8.0'. This package may not be fully compatible with your project.
C:\Users\ultra\warewolf\Dev\Dev2.Development.Languages\Dev2.Development.Languages.csproj : warning NU1701: Package 'TaskSchedulerEditor 2.10.1' was restored using '.NETFramework,Version=v4.6.1, .NETFramework,Version=v4.6.2, .NETFramework,Version=v4.7, .NETFramework,Version=v4.7.1, .NETFramework,Version=v4.7.2, .NETFramework,Version=v4.8, .NETFramework,Version=v4.8.1' instead of the project target framework 'net8.0'. This package may not be fully compatible with your project.
C:\Users\ultra\warewolf\Dev\Warewolf.Driver.Persistence\Warewolf.Driver.Persistence.csproj : warning NU1701: Package 'AeroWizard 2.3.1' was restored using '.NETFramework,Version=v4.6.1, .NETFramework,Version=v4.6.2, .NETFramework,Version=v4.7, .NETFramework,Version=v4.7.1, .NETFramework,Version=v4.7.2, .NETFramework,Version=v4.8, .NETFramework,Version=v4.8.1' instead of the project target framework 'net8.0'. This package may not be fully compatible with your project.
C:\Users\ultra\warewolf\Dev\Warewolf.Driver.Persistence\Warewolf.Driver.Persistence.csproj : warning NU1701: Package 'GroupControls 1.9.0' was restored using '.NETFramework,Version=v4.6.1, .NETFramework,Version=v4.6.2, .NETFramework,Version=v4.7, .NETFramework,Version=v4.7.1, .NETFramework,Version=v4.7.2, .NETFramework,Version=v4.8, .NETFramework,Version=v4.8.1' instead of the project target framework 'net8.0'. This package may not be fully compatible with your project.
C:\Users\ultra\warewolf\Dev\Warewolf.Driver.Persistence\Warewolf.Driver.Persistence.csproj : warning NU1701: Package 'ReactiveUI.WPF 18.4.1' was restored using '.NETFramework,Version=v4.6.1, .NETFramework,Version=v4.6.2, .NETFramework,Version=v4.7, .NETFramework,Version=v4.7.1, .NETFramework,Version=v4.7.2, .NETFramework,Version=v4.8, .NETFramework,Version=v4.8.1' instead of the project target framework 'net8.0'. This package may not be fully compatible with your project.
C:\Users\ultra\warewolf\Dev\Warewolf.Driver.Persistence\Warewolf.Driver.Persistence.csproj : warning NU1701: Package 'TaskSchedulerEditor 2.10.1' was restored using '.NETFramework,Version=v4.6.1, .NETFramework,Version=v4.6.2, .NETFramework,Version=v4.7, .NETFramework,Version=v4.7.1, .NETFramework,Version=v4.7.2, .NETFramework,Version=v4.8, .NETFramework,Version=v4.8.1' instead of the project target framework 'net8.0'. This package may not be fully compatible with your project.
C:\Users\ultra\warewolf\Dev\Warewolf.PerfMon\Warewolf.PerfMon.csproj : warning NU1701: Package 'AeroWizard 2.3.1' was restored using '.NETFramework,Version=v4.6.1, .NETFramework,Version=v4.6.2, .NETFramework,Version=v4.7, .NETFramework,Version=v4.7.1, .NETFramework,Version=v4.7.2, .NETFramework,Version=v4.8, .NETFramework,Version=v4.8.1' instead of the project target framework 'net8.0'. This package may not be fully compatible with your project.
C:\Users\ultra\warewolf\Dev\Warewolf.PerfMon\Warewolf.PerfMon.csproj : warning NU1701: Package 'GroupControls 1.9.0' was restored using '.NETFramework,Version=v4.6.1, .NETFramework,Version=v4.6.2, .NETFramework,Version=v4.7, .NETFramework,Version=v4.7.1, .NETFramework,Version=v4.7.2, .NETFramework,Version=v4.8, .NETFramework,Version=v4.8.1' instead of the project target framework 'net8.0'. This package may not be fully compatible with your project.
C:\Users\ultra\warewolf\Dev\Warewolf.PerfMon\Warewolf.PerfMon.csproj : warning NU1701: Package 'ReactiveUI.WPF 18.4.1' was restored using '.NETFramework,Version=v4.6.1, .NETFramework,Version=v4.6.2, .NETFramework,Version=v4.7, .NETFramework,Version=v4.7.1, .NETFramework,Version=v4.7.2, .NETFramework,Version=v4.8, .NETFramework,Version=v4.8.1' instead of the project target framework 'net8.0'. This package may not be fully compatible with your project.
C:\Users\ultra\warewolf\Dev\Warewolf.PerfMon\Warewolf.PerfMon.csproj : warning NU1701: Package 'TaskSchedulerEditor 2.10.1' was restored using '.NETFramework,Version=v4.6.1, .NETFramework,Version=v4.6.2, .NETFramework,Version=v4.7, .NETFramework,Version=v4.7.1, .NETFramework,Version=v4.7.2, .NETFramework,Version=v4.8, .NETFramework,Version=v4.8.1' instead of the project target framework 'net8.0'. This package may not be fully compatible with your project.
C:\Users\ultra\warewolf\Dev\Warewolf.Exchange.Email.Wrapper\Warewolf.Exchange.Email.Wrapper.csproj : warning NU1701: Package 'AeroWizard 2.3.1' was restored using '.NETFramework,Version=v4.6.1, .NETFramework,Version=v4.6.2, .NETFramework,Version=v4.7, .NETFramework,Version=v4.7.1, .NETFramework,Version=v4.7.2, .NETFramework,Version=v4.8, .NETFramework,Version=v4.8.1' instead of the project target framework 'net8.0'. This package may not be fully compatible with your project.
C:\Users\ultra\warewolf\Dev\Warewolf.Exchange.Email.Wrapper\Warewolf.Exchange.Email.Wrapper.csproj : warning NU1701: Package 'GroupControls 1.9.0' was restored using '.NETFramework,Version=v4.6.1, .NETFramework,Version=v4.6.2, .NETFramework,Version=v4.7, .NETFramework,Version=v4.7.1, .NETFramework,Version=v4.7.2, .NETFramework,Version=v4.8, .NETFramework,Version=v4.8.1' instead of the project target framework 'net8.0'. This package may not be fully compatible with your project.
C:\Users\ultra\warewolf\Dev\Warewolf.Exchange.Email.Wrapper\Warewolf.Exchange.Email.Wrapper.csproj : warning NU1701: Package 'ReactiveUI.WPF 18.4.1' was restored using '.NETFramework,Version=v4.6.1, .NETFramework,Version=v4.6.2, .NETFramework,Version=v4.7, .NETFramework,Version=v4.7.1, .NETFramework,Version=v4.7.2, .NETFramework,Version=v4.8, .NETFramework,Version=v4.8.1' instead of the project target framework 'net8.0'. This package may not be fully compatible with your project.
C:\Users\ultra\warewolf\Dev\Warewolf.Exchange.Email.Wrapper\Warewolf.Exchange.Email.Wrapper.csproj : warning NU1701: Package 'TaskSchedulerEditor 2.10.1' was restored using '.NETFramework,Version=v4.6.1, .NETFramework,Version=v4.6.2, .NETFramework,Version=v4.7, .NETFramework,Version=v4.7.1, .NETFramework,Version=v4.7.2, .NETFramework,Version=v4.8, .NETFramework,Version=v4.8.1' instead of the project target framework 'net8.0'. This package may not be fully compatible with your project.
C:\Users\ultra\warewolf\Dev\Dev2.Studio.Interfaces\Dev2.Studio.Interfaces.csproj : warning NU1701: Package 'AeroWizard 2.3.1' was restored using '.NETFramework,Version=v4.6.1, .NETFramework,Version=v4.6.2, .NETFramework,Version=v4.7, .NETFramework,Version=v4.7.1, .NETFramework,Version=v4.7.2, .NETFramework,Version=v4.8, .NETFramework,Version=v4.8.1' instead of the project target framework 'net8.0'. This package may not be fully compatible with your project.
C:\Users\ultra\warewolf\Dev\Dev2.Studio.Interfaces\Dev2.Studio.Interfaces.csproj : warning NU1701: Package 'GroupControls 1.9.0' was restored using '.NETFramework,Version=v4.6.1, .NETFramework,Version=v4.6.2, .NETFramework,Version=v4.7, .NETFramework,Version=v4.7.1, .NETFramework,Version=v4.7.2, .NETFramework,Version=v4.8, .NETFramework,Version=v4.8.1' instead of the project target framework 'net8.0'. This package may not be fully compatible with your project.
C:\Users\ultra\warewolf\Dev\Dev2.Studio.Interfaces\Dev2.Studio.Interfaces.csproj : warning NU1701: Package 'Microsoft.Xaml.Behaviors.Wpf 1.1.122' was restored using '.NETFramework,Version=v4.6.1, .NETFramework,Version=v4.6.2, .NETFramework,Version=v4.7, .NETFramework,Version=v4.7.1, .NETFramework,Version=v4.7.2, .NETFramework,Version=v4.8, .NETFramework,Version=v4.8.1' instead of the project target framework 'net8.0'. This package may not be fully compatible with your project.
C:\Users\ultra\warewolf\Dev\Dev2.Studio.Interfaces\Dev2.Studio.Interfaces.csproj : warning NU1701: Package 'Prism.Wpf 9.0.537' was restored using '.NETFramework,Version=v4.6.1, .NETFramework,Version=v4.6.2, .NETFramework,Version=v4.7, .NETFramework,Version=v4.7.1, .NETFramework,Version=v4.7.2, .NETFramework,Version=v4.8, .NETFramework,Version=v4.8.1' instead of the project target framework 'net8.0'. This package may not be fully compatible with your project.
C:\Users\ultra\warewolf\Dev\Dev2.Studio.Interfaces\Dev2.Studio.Interfaces.csproj : warning NU1701: Package 'ReactiveUI.WPF 18.4.1' was restored using '.NETFramework,Version=v4.6.1, .NETFramework,Version=v4.6.2, .NETFramework,Version=v4.7, .NETFramework,Version=v4.7.1, .NETFramework,Version=v4.7.2, .NETFramework,Version=v4.8, .NETFramework,Version=v4.8.1' instead of the project target framework 'net8.0'. This package may not be fully compatible with your project.
C:\Users\ultra\warewolf\Dev\Dev2.Studio.Interfaces\Dev2.Studio.Interfaces.csproj : warning NU1701: Package 'TaskSchedulerEditor 2.10.1' was restored using '.NETFramework,Version=v4.6.1, .NETFramework,Version=v4.6.2, .NETFramework,Version=v4.7, .NETFramework,Version=v4.7.1, .NETFramework,Version=v4.7.2, .NETFramework,Version=v4.8, .NETFramework,Version=v4.8.1' instead of the project target framework 'net8.0'. This package may not be fully compatible with your project.
C:\Users\ultra\warewolf\Dev\Warewolf.Storage.Interfaces\Warewolf.Storage.Interfaces.csproj : warning NU1701: Package 'AeroWizard 2.3.1' was restored using '.NETFramework,Version=v4.6.1, .NETFramework,Version=v4.6.2, .NETFramework,Version=v4.7, .NETFramework,Version=v4.7.1, .NETFramework,Version=v4.7.2, .NETFramework,Version=v4.8, .NETFramework,Version=v4.8.1' instead of the project target framework 'net8.0'. This package may not be fully compatible with your project.
C:\Users\ultra\warewolf\Dev\Warewolf.Storage.Interfaces\Warewolf.Storage.Interfaces.csproj : warning NU1701: Package 'GroupControls 1.9.0' was restored using '.NETFramework,Version=v4.6.1, .NETFramework,Version=v4.6.2, .NETFramework,Version=v4.7, .NETFramework,Version=v4.7.1, .NETFramework,Version=v4.7.2, .NETFramework,Version=v4.8, .NETFramework,Version=v4.8.1' instead of the project target framework 'net8.0'. This package may not be fully compatible with your project.
C:\Users\ultra\warewolf\Dev\Warewolf.Storage.Interfaces\Warewolf.Storage.Interfaces.csproj : warning NU1701: Package 'TaskSchedulerEditor 2.10.1' was restored using '.NETFramework,Version=v4.6.1, .NETFramework,Version=v4.6.2, .NETFramework,Version=v4.7, .NETFramework,Version=v4.7.1, .NETFramework,Version=v4.7.2, .NETFramework,Version=v4.8, .NETFramework,Version=v4.8.1' instead of the project target framework 'net8.0'. This package may not be fully compatible with your project.
C:\Users\ultra\warewolf\Dev\Warewolf.Security\Warewolf.Security.csproj : warning NU1904: Package 'System.Drawing.Common' 4.5.1 has a known critical severity vulnerability, https://github.com/advisories/GHSA-rxg9-xrhp-64gj
C:\Program Files\dotnet\sdk\10.0.201\Sdks\Microsoft.NET.Sdk\targets\Microsoft.NET.Sdk.DefaultItems.targets(162,5): warning NETSDK1137: It is no longer necessary to use the Microsoft.NET.Sdk.WindowsDesktop SDK. Consider changing the Sdk attribute of the root Project element to 'Microsoft.NET.Sdk'. [C:\Users\ultra\warewolf\Dev\Dev2.CustomControls\Dev2.CustomControls.csproj]
C:\Program Files\dotnet\sdk\10.0.201\Sdks\Microsoft.NET.Sdk.WindowsDesktop\targets\Microsoft.NET.Sdk.WindowsDesktop.targets(138,5): warning NETSDK1106: Microsoft.NET.Sdk.WindowsDesktop requires 'UseWpf' or 'UseWindowsForms' to be set to 'true' [C:\Users\ultra\warewolf\Dev\Dev2.CustomControls\Dev2.CustomControls.csproj]
C:\Users\ultra\warewolf\Dev\Warewolf.Auditing\Warewolf.Auditing.csproj : warning NU1701: Package 'AeroWizard 2.3.1' was restored using '.NETFramework,Version=v4.6.1, .NETFramework,Version=v4.6.2, .NETFramework,Version=v4.7, .NETFramework,Version=v4.7.1, .NETFramework,Version=v4.7.2, .NETFramework,Version=v4.8, .NETFramework,Version=v4.8.1' instead of the project target framework 'net8.0'. This package may not be fully compatible with your project.
C:\Users\ultra\warewolf\Dev\Warewolf.Auditing\Warewolf.Auditing.csproj : warning NU1701: Package 'GroupControls 1.9.0' was restored using '.NETFramework,Version=v4.6.1, .NETFramework,Version=v4.6.2, .NETFramework,Version=v4.7, .NETFramework,Version=v4.7.1, .NETFramework,Version=v4.7.2, .NETFramework,Version=v4.8, .NETFramework,Version=v4.8.1' instead of the project target framework 'net8.0'. This package may not be fully compatible with your project.
C:\Users\ultra\warewolf\Dev\Warewolf.Auditing\Warewolf.Auditing.csproj : warning NU1701: Package 'ReactiveUI.WPF 18.4.1' was restored using '.NETFramework,Version=v4.6.1, .NETFramework,Version=v4.6.2, .NETFramework,Version=v4.7, .NETFramework,Version=v4.7.1, .NETFramework,Version=v4.7.2, .NETFramework,Version=v4.8, .NETFramework,Version=v4.8.1' instead of the project target framework 'net8.0'. This package may not be fully compatible with your project.
C:\Users\ultra\warewolf\Dev\Warewolf.Auditing\Warewolf.Auditing.csproj : warning NU1701: Package 'TaskSchedulerEditor 2.10.1' was restored using '.NETFramework,Version=v4.6.1, .NETFramework,Version=v4.6.2, .NETFramework,Version=v4.7, .NETFramework,Version=v4.7.1, .NETFramework,Version=v4.7.2, .NETFramework,Version=v4.8, .NETFramework,Version=v4.8.1' instead of the project target framework 'net8.0'. This package may not be fully compatible with your project.
C:\Users\ultra\warewolf\Dev\Dev2.CustomControls\Dev2.CustomControls.csproj : warning NU1903: Package 'Microsoft.Windows.Compatibility' 6.0.0 has a known high severity vulnerability, https://github.com/advisories/GHSA-555c-2p6r-68mm
C:\Users\ultra\warewolf\Dev\Dev2.CustomControls\Dev2.CustomControls.csproj : warning NU1701: Package 'AeroWizard 2.3.1' was restored using '.NETFramework,Version=v4.6.1, .NETFramework,Version=v4.6.2, .NETFramework,Version=v4.7, .NETFramework,Version=v4.7.1, .NETFramework,Version=v4.7.2, .NETFramework,Version=v4.8, .NETFramework,Version=v4.8.1' instead of the project target framework 'net8.0'. This package may not be fully compatible with your project.
C:\Users\ultra\warewolf\Dev\Dev2.CustomControls\Dev2.CustomControls.csproj : warning NU1701: Package 'GroupControls 1.9.0' was restored using '.NETFramework,Version=v4.6.1, .NETFramework,Version=v4.6.2, .NETFramework,Version=v4.7, .NETFramework,Version=v4.7.1, .NETFramework,Version=v4.7.2, .NETFramework,Version=v4.8, .NETFramework,Version=v4.8.1' instead of the project target framework 'net8.0'. This package may not be fully compatible with your project.
C:\Users\ultra\warewolf\Dev\Dev2.CustomControls\Dev2.CustomControls.csproj : warning NU1701: Package 'TaskSchedulerEditor 2.10.1' was restored using '.NETFramework,Version=v4.6.1, .NETFramework,Version=v4.6.2, .NETFramework,Version=v4.7, .NETFramework,Version=v4.7.1, .NETFramework,Version=v4.7.2, .NETFramework,Version=v4.8, .NETFramework,Version=v4.8.1' instead of the project target framework 'net8.0'. This package may not be fully compatible with your project.
  Warewolf.Weave -> C:\Users\ultra\warewolf\Dev\Warewolf.Weave\bin\Debug\net8.0\Warewolf.Weave.dll
C:\Users\ultra\warewolf\Dev\Warewolf.Common.Framework48\Warewolf.Common.Framework48.csproj : warning NU1902: Package 'System.IdentityModel.Tokens.Jwt' 5.1.0 has a known moderate severity vulnerability, https://github.com/advisories/GHSA-59j7-ghrg-fj52
C:\Users\ultra\warewolf\Dev\Warewolf.Common.Framework48\Warewolf.Common.Framework48.csproj : warning NU1701: Package 'AeroWizard 2.3.1' was restored using '.NETFramework,Version=v4.6.1, .NETFramework,Version=v4.6.2, .NETFramework,Version=v4.7, .NETFramework,Version=v4.7.1, .NETFramework,Version=v4.7.2, .NETFramework,Version=v4.8, .NETFramework,Version=v4.8.1' instead of the project target framework 'net8.0'. This package may not be fully compatible with your project.
C:\Users\ultra\warewolf\Dev\Warewolf.Common.Framework48\Warewolf.Common.Framework48.csproj : warning NU1701: Package 'GroupControls 1.9.0' was restored using '.NETFramework,Version=v4.6.1, .NETFramework,Version=v4.6.2, .NETFramework,Version=v4.7, .NETFramework,Version=v4.7.1, .NETFramework,Version=v4.7.2, .NETFramework,Version=v4.8, .NETFramework,Version=v4.8.1' instead of the project target framework 'net8.0'. This package may not be fully compatible with your project.
C:\Users\ultra\warewolf\Dev\Warewolf.Common.Framework48\Warewolf.Common.Framework48.csproj : warning NU1701: Package 'Microsoft.Xaml.Behaviors.Wpf 1.1.122' was restored using '.NETFramework,Version=v4.6.1, .NETFramework,Version=v4.6.2, .NETFramework,Version=v4.7, .NETFramework,Version=v4.7.1, .NETFramework,Version=v4.7.2, .NETFramework,Version=v4.8, .NETFramework,Version=v4.8.1' instead of the project target framework 'net8.0'. This package may not be fully compatible with your project.
C:\Users\ultra\warewolf\Dev\Warewolf.Common.Framework48\Warewolf.Common.Framework48.csproj : warning NU1701: Package 'Prism.Wpf 9.0.537' was restored using '.NETFramework,Version=v4.6.1, .NETFramework,Version=v4.6.2, .NETFramework,Version=v4.7, .NETFramework,Version=v4.7.1, .NETFramework,Version=v4.7.2, .NETFramework,Version=v4.8, .NETFramework,Version=v4.8.1' instead of the project target framework 'net8.0'. This package may not be fully compatible with your project.
C:\Users\ultra\warewolf\Dev\Warewolf.Common.Framework48\Warewolf.Common.Framework48.csproj : warning NU1701: Package 'ReactiveUI.WPF 18.4.1' was restored using '.NETFramework,Version=v4.6.1, .NETFramework,Version=v4.6.2, .NETFramework,Version=v4.7, .NETFramework,Version=v4.7.1, .NETFramework,Version=v4.7.2, .NETFramework,Version=v4.8, .NETFramework,Version=v4.8.1' instead of the project target framework 'net8.0'. This package may not be fully compatible with your project.
C:\Users\ultra\warewolf\Dev\Warewolf.Common.Framework48\Warewolf.Common.Framework48.csproj : warning NU1701: Package 'TaskSchedulerEditor 2.10.1' was restored using '.NETFramework,Version=v4.6.1, .NETFramework,Version=v4.6.2, .NETFramework,Version=v4.7, .NETFramework,Version=v4.7.1, .NETFramework,Version=v4.7.2, .NETFramework,Version=v4.8, .NETFramework,Version=v4.8.1' instead of the project target framework 'net8.0'. This package may not be fully compatible with your project.
  GACManagerApi -> C:\Users\ultra\warewolf\Dev\GACManagerApi\bin\Debug\net8.0\GACManagerApi.dll
C:\Users\ultra\warewolf\Dev\Warewolf.Sharepoint\Warewolf.Sharepoint.csproj : warning NU1701: Package 'AeroWizard 2.3.1' was restored using '.NETFramework,Version=v4.6.1, .NETFramework,Version=v4.6.2, .NETFramework,Version=v4.7, .NETFramework,Version=v4.7.1, .NETFramework,Version=v4.7.2, .NETFramework,Version=v4.8, .NETFramework,Version=v4.8.1' instead of the project target framework 'net8.0'. This package may not be fully compatible with your project.
C:\Users\ultra\warewolf\Dev\Warewolf.Sharepoint\Warewolf.Sharepoint.csproj : warning NU1701: Package 'GroupControls 1.9.0' was restored using '.NETFramework,Version=v4.6.1, .NETFramework,Version=v4.6.2, .NETFramework,Version=v4.7, .NETFramework,Version=v4.7.1, .NETFramework,Version=v4.7.2, .NETFramework,Version=v4.8, .NETFramework,Version=v4.8.1' instead of the project target framework 'net8.0'. This package may not be fully compatible with your project.
C:\Users\ultra\warewolf\Dev\Warewolf.Sharepoint\Warewolf.Sharepoint.csproj : warning NU1701: Package 'ReactiveUI.WPF 18.4.1' was restored using '.NETFramework,Version=v4.6.1, .NETFramework,Version=v4.6.2, .NETFramework,Version=v4.7, .NETFramework,Version=v4.7.1, .NETFramework,Version=v4.7.2, .NETFramework,Version=v4.8, .NETFramework,Version=v4.8.1' instead of the project target framework 'net8.0'. This package may not be fully compatible with your project.
C:\Users\ultra\warewolf\Dev\Warewolf.Sharepoint\Warewolf.Sharepoint.csproj : warning NU1701: Package 'TaskSchedulerEditor 2.10.1' was restored using '.NETFramework,Version=v4.6.1, .NETFramework,Version=v4.6.2, .NETFramework,Version=v4.7, .NETFramework,Version=v4.7.1, .NETFramework,Version=v4.7.2, .NETFramework,Version=v4.8, .NETFramework,Version=v4.8.1' instead of the project target framework 'net8.0'. This package may not be fully compatible with your project.
C:\Users\ultra\warewolf\Dev\Warewolf.Common\Warewolf.Common.csproj : warning NU1701: Package 'AeroWizard 2.3.1' was restored using '.NETFramework,Version=v4.6.1, .NETFramework,Version=v4.6.2, .NETFramework,Version=v4.7, .NETFramework,Version=v4.7.1, .NETFramework,Version=v4.7.2, .NETFramework,Version=v4.8, .NETFramework,Version=v4.8.1' instead of the project target framework 'net8.0'. This package may not be fully compatible with your project.
C:\Users\ultra\warewolf\Dev\Warewolf.Common\Warewolf.Common.csproj : warning NU1701: Package 'GroupControls 1.9.0' was restored using '.NETFramework,Version=v4.6.1, .NETFramework,Version=v4.6.2, .NETFramework,Version=v4.7, .NETFramework,Version=v4.7.1, .NETFramework,Version=v4.7.2, .NETFramework,Version=v4.8, .NETFramework,Version=v4.8.1' instead of the project target framework 'net8.0'. This package may not be fully compatible with your project.
C:\Users\ultra\warewolf\Dev\Warewolf.Common\Warewolf.Common.csproj : warning NU1701: Package 'TaskSchedulerEditor 2.10.1' was restored using '.NETFramework,Version=v4.6.1, .NETFramework,Version=v4.6.2, .NETFramework,Version=v4.7, .NETFramework,Version=v4.7.1, .NETFramework,Version=v4.7.2, .NETFramework,Version=v4.8, .NETFramework,Version=v4.8.1' instead of the project target framework 'net8.0'. This package may not be fully compatible with your project.
C:\Users\ultra\warewolf\Dev\Dev2.TaskScheduler.Wrappers\Dev2.TaskScheduler.Wrappers.csproj : warning NU1701: Package 'AeroWizard 2.3.1' was restored using '.NETFramework,Version=v4.6.1, .NETFramework,Version=v4.6.2, .NETFramework,Version=v4.7, .NETFramework,Version=v4.7.1, .NETFramework,Version=v4.7.2, .NETFramework,Version=v4.8, .NETFramework,Version=v4.8.1' instead of the project target framework 'net8.0'. This package may not be fully compatible with your project.
C:\Users\ultra\warewolf\Dev\Dev2.TaskScheduler.Wrappers\Dev2.TaskScheduler.Wrappers.csproj : warning NU1701: Package 'GroupControls 1.9.0' was restored using '.NETFramework,Version=v4.6.1, .NETFramework,Version=v4.6.2, .NETFramework,Version=v4.7, .NETFramework,Version=v4.7.1, .NETFramework,Version=v4.7.2, .NETFramework,Version=v4.8, .NETFramework,Version=v4.8.1' instead of the project target framework 'net8.0'. This package may not be fully compatible with your project.
C:\Users\ultra\warewolf\Dev\Dev2.TaskScheduler.Wrappers\Dev2.TaskScheduler.Wrappers.csproj : warning NU1701: Package 'TaskSchedulerEditor 2.10.1' was restored using '.NETFramework,Version=v4.6.1, .NETFramework,Version=v4.6.2, .NETFramework,Version=v4.7, .NETFramework,Version=v4.7.1, .NETFramework,Version=v4.7.2, .NETFramework,Version=v4.8, .NETFramework,Version=v4.8.1' instead of the project target framework 'net8.0'. This package may not be fully compatible with your project.
C:\Users\ultra\warewolf\Dev\Warewolf.QueueWorker\Warewolf.QueueWorker.csproj : warning NU1701: Package 'AeroWizard 2.3.1' was restored using '.NETFramework,Version=v4.6.1, .NETFramework,Version=v4.6.2, .NETFramework,Version=v4.7, .NETFramework,Version=v4.7.1, .NETFramework,Version=v4.7.2, .NETFramework,Version=v4.8, .NETFramework,Version=v4.8.1' instead of the project target framework 'net8.0'. This package may not be fully compatible with your project.
C:\Users\ultra\warewolf\Dev\Warewolf.QueueWorker\Warewolf.QueueWorker.csproj : warning NU1701: Package 'GroupControls 1.9.0' was restored using '.NETFramework,Version=v4.6.1, .NETFramework,Version=v4.6.2, .NETFramework,Version=v4.7, .NETFramework,Version=v4.7.1, .NETFramework,Version=v4.7.2, .NETFramework,Version=v4.8, .NETFramework,Version=v4.8.1' instead of the project target framework 'net8.0'. This package may not be fully compatible with your project.
C:\Users\ultra\warewolf\Dev\Warewolf.QueueWorker\Warewolf.QueueWorker.csproj : warning NU1701: Package 'Microsoft.Xaml.Behaviors.Wpf 1.1.122' was restored using '.NETFramework,Version=v4.6.1, .NETFramework,Version=v4.6.2, .NETFramework,Version=v4.7, .NETFramework,Version=v4.7.1, .NETFramework,Version=v4.7.2, .NETFramework,Version=v4.8, .NETFramework,Version=v4.8.1' instead of the project target framework 'net8.0'. This package may not be fully compatible with your project.
C:\Users\ultra\warewolf\Dev\Warewolf.QueueWorker\Warewolf.QueueWorker.csproj : warning NU1701: Package 'Prism.Wpf 9.0.537' was restored using '.NETFramework,Version=v4.6.1, .NETFramework,Version=v4.6.2, .NETFramework,Version=v4.7, .NETFramework,Version=v4.7.1, .NETFramework,Version=v4.7.2, .NETFramework,Version=v4.8, .NETFramework,Version=v4.8.1' instead of the project target framework 'net8.0'. This package may not be fully compatible with your project.
C:\Users\ultra\warewolf\Dev\Warewolf.QueueWorker\Warewolf.QueueWorker.csproj : warning NU1701: Package 'ReactiveUI.WPF 18.4.1' was restored using '.NETFramework,Version=v4.6.1, .NETFramework,Version=v4.6.2, .NETFramework,Version=v4.7, .NETFramework,Version=v4.7.1, .NETFramework,Version=v4.7.2, .NETFramework,Version=v4.8, .NETFramework,Version=v4.8.1' instead of the project target framework 'net8.0'. This package may not be fully compatible with your project.
C:\Users\ultra\warewolf\Dev\Warewolf.QueueWorker\Warewolf.QueueWorker.csproj : warning NU1701: Package 'TaskSchedulerEditor 2.10.1' was restored using '.NETFramework,Version=v4.6.1, .NETFramework,Version=v4.6.2, .NETFramework,Version=v4.7, .NETFramework,Version=v4.7.1, .NETFramework,Version=v4.7.2, .NETFramework,Version=v4.8, .NETFramework,Version=v4.8.1' instead of the project target framework 'net8.0'. This package may not be fully compatible with your project.
C:\Users\ultra\warewolf\Dev\Warewolf.ResourceManagement\Warewolf.ResourceManagement.csproj : warning NU1701: Package 'AeroWizard 2.3.1' was restored using '.NETFramework,Version=v4.6.1, .NETFramework,Version=v4.6.2, .NETFramework,Version=v4.7, .NETFramework,Version=v4.7.1, .NETFramework,Version=v4.7.2, .NETFramework,Version=v4.8, .NETFramework,Version=v4.8.1' instead of the project target framework 'net8.0'. This package may not be fully compatible with your project.
C:\Users\ultra\warewolf\Dev\Warewolf.ResourceManagement\Warewolf.ResourceManagement.csproj : warning NU1701: Package 'GroupControls 1.9.0' was restored using '.NETFramework,Version=v4.6.1, .NETFramework,Version=v4.6.2, .NETFramework,Version=v4.7, .NETFramework,Version=v4.7.1, .NETFramework,Version=v4.7.2, .NETFramework,Version=v4.8, .NETFramework,Version=v4.8.1' instead of the project target framework 'net8.0'. This package may not be fully compatible with your project.
C:\Users\ultra\warewolf\Dev\Warewolf.ResourceManagement\Warewolf.ResourceManagement.csproj : warning NU1701: Package 'ReactiveUI.WPF 18.4.1' was restored using '.NETFramework,Version=v4.6.1, .NETFramework,Version=v4.6.2, .NETFramework,Version=v4.7, .NETFramework,Version=v4.7.1, .NETFramework,Version=v4.7.2, .NETFramework,Version=v4.8, .NETFramework,Version=v4.8.1' instead of the project target framework 'net8.0'. This package may not be fully compatible with your project.
C:\Users\ultra\warewolf\Dev\Warewolf.ResourceManagement\Warewolf.ResourceManagement.csproj : warning NU1701: Package 'TaskSchedulerEditor 2.10.1' was restored using '.NETFramework,Version=v4.6.1, .NETFramework,Version=v4.6.2, .NETFramework,Version=v4.7, .NETFramework,Version=v4.7.1, .NETFramework,Version=v4.7.2, .NETFramework,Version=v4.8, .NETFramework,Version=v4.8.1' instead of the project target framework 'net8.0'. This package may not be fully compatible with your project.
C:\Users\ultra\warewolf\Dev\Dev2.Services.Execution\Dev2.Services.Execution.csproj : warning NU1701: Package 'AeroWizard 2.3.1' was restored using '.NETFramework,Version=v4.6.1, .NETFramework,Version=v4.6.2, .NETFramework,Version=v4.7, .NETFramework,Version=v4.7.1, .NETFramework,Version=v4.7.2, .NETFramework,Version=v4.8, .NETFramework,Version=v4.8.1' instead of the project target framework 'net8.0'. This package may not be fully compatible with your project.
C:\Users\ultra\warewolf\Dev\Dev2.Services.Execution\Dev2.Services.Execution.csproj : warning NU1701: Package 'GroupControls 1.9.0' was restored using '.NETFramework,Version=v4.6.1, .NETFramework,Version=v4.6.2, .NETFramework,Version=v4.7, .NETFramework,Version=v4.7.1, .NETFramework,Version=v4.7.2, .NETFramework,Version=v4.8, .NETFramework,Version=v4.8.1' instead of the project target framework 'net8.0'. This package may not be fully compatible with your project.
C:\Users\ultra\warewolf\Dev\Dev2.Services.Execution\Dev2.Services.Execution.csproj : warning NU1701: Package 'ReactiveUI.WPF 18.4.1' was restored using '.NETFramework,Version=v4.6.1, .NETFramework,Version=v4.6.2, .NETFramework,Version=v4.7, .NETFramework,Version=v4.7.1, .NETFramework,Version=v4.7.2, .NETFramework,Version=v4.8, .NETFramework,Version=v4.8.1' instead of the project target framework 'net8.0'. This package may not be fully compatible with your project.
C:\Users\ultra\warewolf\Dev\Dev2.Services.Execution\Dev2.Services.Execution.csproj : warning NU1701: Package 'TaskSchedulerEditor 2.10.1' was restored using '.NETFramework,Version=v4.6.1, .NETFramework,Version=v4.6.2, .NETFramework,Version=v4.7, .NETFramework,Version=v4.7.1, .NETFramework,Version=v4.7.2, .NETFramework,Version=v4.8, .NETFramework,Version=v4.8.1' instead of the project target framework 'net8.0'. This package may not be fully compatible with your project.
C:\Program Files\dotnet\sdk\10.0.201\Sdks\Microsoft.NET.Sdk\targets\Microsoft.NET.Sdk.DefaultItems.targets(162,5): warning NETSDK1137: It is no longer necessary to use the Microsoft.NET.Sdk.WindowsDesktop SDK. Consider changing the Sdk attribute of the root Project element to 'Microsoft.NET.Sdk'. [C:\Users\ultra\warewolf\Dev\Warewolf.UI\Warewolf.UI.csproj]
C:\Program Files\dotnet\sdk\10.0.201\Sdks\Microsoft.NET.Sdk.WindowsDesktop\targets\Microsoft.NET.Sdk.WindowsDesktop.targets(138,5): warning NETSDK1106: Microsoft.NET.Sdk.WindowsDesktop requires 'UseWpf' or 'UseWindowsForms' to be set to 'true' [C:\Users\ultra\warewolf\Dev\Warewolf.UI\Warewolf.UI.csproj]
C:\Users\ultra\warewolf\Dev\Warewolf.UI\Warewolf.UI.csproj : warning NU1701: Package 'AeroWizard 2.3.1' was restored using '.NETFramework,Version=v4.6.1, .NETFramework,Version=v4.6.2, .NETFramework,Version=v4.7, .NETFramework,Version=v4.7.1, .NETFramework,Version=v4.7.2, .NETFramework,Version=v4.8, .NETFramework,Version=v4.8.1' instead of the project target framework 'net8.0'. This package may not be fully compatible with your project.
C:\Users\ultra\warewolf\Dev\Warewolf.UI\Warewolf.UI.csproj : warning NU1701: Package 'GroupControls 1.9.0' was restored using '.NETFramework,Version=v4.6.1, .NETFramework,Version=v4.6.2, .NETFramework,Version=v4.7, .NETFramework,Version=v4.7.1, .NETFramework,Version=v4.7.2, .NETFramework,Version=v4.8, .NETFramework,Version=v4.8.1' instead of the project target framework 'net8.0'. This package may not be fully compatible with your project.
C:\Users\ultra\warewolf\Dev\Warewolf.UI\Warewolf.UI.csproj : warning NU1701: Package 'Microsoft.Xaml.Behaviors.Wpf 1.1.122' was restored using '.NETFramework,Version=v4.6.1, .NETFramework,Version=v4.6.2, .NETFramework,Version=v4.7, .NETFramework,Version=v4.7.1, .NETFramework,Version=v4.7.2, .NETFramework,Version=v4.8, .NETFramework,Version=v4.8.1' instead of the project target framework 'net8.0'. This package may not be fully compatible with your project.
C:\Users\ultra\warewolf\Dev\Warewolf.UI\Warewolf.UI.csproj : warning NU1701: Package 'Prism.Wpf 9.0.537' was restored using '.NETFramework,Version=v4.6.1, .NETFramework,Version=v4.6.2, .NETFramework,Version=v4.7, .NETFramework,Version=v4.7.1, .NETFramework,Version=v4.7.2, .NETFramework,Version=v4.8, .NETFramework,Version=v4.8.1' instead of the project target framework 'net8.0'. This package may not be fully compatible with your project.
C:\Users\ultra\warewolf\Dev\Warewolf.UI\Warewolf.UI.csproj : warning NU1701: Package 'ReactiveUI.WPF 18.4.1' was restored using '.NETFramework,Version=v4.6.1, .NETFramework,Version=v4.6.2, .NETFramework,Version=v4.7, .NETFramework,Version=v4.7.1, .NETFramework,Version=v4.7.2, .NETFramework,Version=v4.8, .NETFramework,Version=v4.8.1' instead of the project target framework 'net8.0'. This package may not be fully compatible with your project.
C:\Users\ultra\warewolf\Dev\Warewolf.UI\Warewolf.UI.csproj : warning NU1701: Package 'TaskSchedulerEditor 2.10.1' was restored using '.NETFramework,Version=v4.6.1, .NETFramework,Version=v4.6.2, .NETFramework,Version=v4.7, .NETFramework,Version=v4.7.1, .NETFramework,Version=v4.7.2, .NETFramework,Version=v4.8, .NETFramework,Version=v4.8.1' instead of the project target framework 'net8.0'. This package may not be fully compatible with your project.
  Warewolf.Common.Interfaces.NetStandard20 -> C:\Users\ultra\warewolf\Dev\Warewolf.Common.Interfaces.NetStandard20\bin\Debug\net8.0\Warewolf.Common.Interfaces.NetStandard20.dll
  Warewolf.Resource -> C:\Users\ultra\warewolf\Dev\Warewolf.Resource\bin\Debug\net8.0\Warewolf.Resource.dll
C:\Users\ultra\warewolf\Dev\Dev2.Studio.Core\Dev2.Studio.Core.csproj : warning NU1701: Package 'AeroWizard 2.3.1' was restored using '.NETFramework,Version=v4.6.1, .NETFramework,Version=v4.6.2, .NETFramework,Version=v4.7, .NETFramework,Version=v4.7.1, .NETFramework,Version=v4.7.2, .NETFramework,Version=v4.8, .NETFramework,Version=v4.8.1' instead of the project target framework 'net8.0'. This package may not be fully compatible with your project.
C:\Users\ultra\warewolf\Dev\Dev2.Studio.Core\Dev2.Studio.Core.csproj : warning NU1701: Package 'GroupControls 1.9.0' was restored using '.NETFramework,Version=v4.6.1, .NETFramework,Version=v4.6.2, .NETFramework,Version=v4.7, .NETFramework,Version=v4.7.1, .NETFramework,Version=v4.7.2, .NETFramework,Version=v4.8, .NETFramework,Version=v4.8.1' instead of the project target framework 'net8.0'. This package may not be fully compatible with your project.
C:\Users\ultra\warewolf\Dev\Dev2.Studio.Core\Dev2.Studio.Core.csproj : warning NU1701: Package 'Microsoft.Xaml.Behaviors.Wpf 1.1.122' was restored using '.NETFramework,Version=v4.6.1, .NETFramework,Version=v4.6.2, .NETFramework,Version=v4.7, .NETFramework,Version=v4.7.1, .NETFramework,Version=v4.7.2, .NETFramework,Version=v4.8, .NETFramework,Version=v4.8.1' instead of the project target framework 'net8.0'. This package may not be fully compatible with your project.
C:\Users\ultra\warewolf\Dev\Dev2.Studio.Core\Dev2.Studio.Core.csproj : warning NU1701: Package 'Prism.Wpf 9.0.537' was restored using '.NETFramework,Version=v4.6.1, .NETFramework,Version=v4.6.2, .NETFramework,Version=v4.7, .NETFramework,Version=v4.7.1, .NETFramework,Version=v4.7.2, .NETFramework,Version=v4.8, .NETFramework,Version=v4.8.1' instead of the project target framework 'net8.0'. This package may not be fully compatible with your project.
C:\Users\ultra\warewolf\Dev\Dev2.Studio.Core\Dev2.Studio.Core.csproj : warning NU1701: Package 'ReactiveUI.WPF 18.4.1' was restored using '.NETFramework,Version=v4.6.1, .NETFramework,Version=v4.6.2, .NETFramework,Version=v4.7, .NETFramework,Version=v4.7.1, .NETFramework,Version=v4.7.2, .NETFramework,Version=v4.8, .NETFramework,Version=v4.8.1' instead of the project target framework 'net8.0'. This package may not be fully compatible with your project.
C:\Users\ultra\warewolf\Dev\Dev2.Studio.Core\Dev2.Studio.Core.csproj : warning NU1701: Package 'TaskSchedulerEditor 2.10.1' was restored using '.NETFramework,Version=v4.6.1, .NETFramework,Version=v4.6.2, .NETFramework,Version=v4.7, .NETFramework,Version=v4.7.1, .NETFramework,Version=v4.7.2, .NETFramework,Version=v4.8, .NETFramework,Version=v4.8.1' instead of the project target framework 'net8.0'. This package may not be fully compatible with your project.
C:\Users\ultra\warewolf\Dev\Warewolf.AI.Harness\Warewolf.AI.Harness.csproj : warning NU1701: Package 'AeroWizard 2.3.1' was restored using '.NETFramework,Version=v4.6.1, .NETFramework,Version=v4.6.2, .NETFramework,Version=v4.7, .NETFramework,Version=v4.7.1, .NETFramework,Version=v4.7.2, .NETFramework,Version=v4.8, .NETFramework,Version=v4.8.1' instead of the project target framework 'net8.0'. This package may not be fully compatible with your project.
C:\Users\ultra\warewolf\Dev\Warewolf.AI.Harness\Warewolf.AI.Harness.csproj : warning NU1701: Package 'GroupControls 1.9.0' was restored using '.NETFramework,Version=v4.6.1, .NETFramework,Version=v4.6.2, .NETFramework,Version=v4.7, .NETFramework,Version=v4.7.1, .NETFramework,Version=v4.7.2, .NETFramework,Version=v4.8, .NETFramework,Version=v4.8.1' instead of the project target framework 'net8.0'. This package may not be fully compatible with your project.
C:\Users\ultra\warewolf\Dev\Warewolf.AI.Harness\Warewolf.AI.Harness.csproj : warning NU1701: Package 'TaskSchedulerEditor 2.10.1' was restored using '.NETFramework,Version=v4.6.1, .NETFramework,Version=v4.6.2, .NETFramework,Version=v4.7, .NETFramework,Version=v4.7.1, .NETFramework,Version=v4.7.2, .NETFramework,Version=v4.8, .NETFramework,Version=v4.8.1' instead of the project target framework 'net8.0'. This package may not be fully compatible with your project.
C:\Users\ultra\warewolf\Dev\Warewolf.Trigger.Queue\Warewolf.Trigger.Queue.csproj : warning NU1701: Package 'AeroWizard 2.3.1' was restored using '.NETFramework,Version=v4.6.1, .NETFramework,Version=v4.6.2, .NETFramework,Version=v4.7, .NETFramework,Version=v4.7.1, .NETFramework,Version=v4.7.2, .NETFramework,Version=v4.8, .NETFramework,Version=v4.8.1' instead of the project target framework 'net8.0'. This package may not be fully compatible with your project.
C:\Users\ultra\warewolf\Dev\Warewolf.Trigger.Queue\Warewolf.Trigger.Queue.csproj : warning NU1701: Package 'GroupControls 1.9.0' was restored using '.NETFramework,Version=v4.6.1, .NETFramework,Version=v4.6.2, .NETFramework,Version=v4.7, .NETFramework,Version=v4.7.1, .NETFramework,Version=v4.7.2, .NETFramework,Version=v4.8, .NETFramework,Version=v4.8.1' instead of the project target framework 'net8.0'. This package may not be fully compatible with your project.
C:\Users\ultra\warewolf\Dev\Warewolf.Trigger.Queue\Warewolf.Trigger.Queue.csproj : warning NU1701: Package 'Microsoft.Xaml.Behaviors.Wpf 1.1.122' was restored using '.NETFramework,Version=v4.6.1, .NETFramework,Version=v4.6.2, .NETFramework,Version=v4.7, .NETFramework,Version=v4.7.1, .NETFramework,Version=v4.7.2, .NETFramework,Version=v4.8, .NETFramework,Version=v4.8.1' instead of the project target framework 'net8.0'. This package may not be fully compatible with your project.
C:\Users\ultra\warewolf\Dev\Warewolf.Trigger.Queue\Warewolf.Trigger.Queue.csproj : warning NU1701: Package 'Prism.Wpf 9.0.537' was restored using '.NETFramework,Version=v4.6.1, .NETFramework,Version=v4.6.2, .NETFramework,Version=v4.7, .NETFramework,Version=v4.7.1, .NETFramework,Version=v4.7.2, .NETFramework,Version=v4.8, .NETFramework,Version=v4.8.1' instead of the project target framework 'net8.0'. This package may not be fully compatible with your project.
C:\Users\ultra\warewolf\Dev\Warewolf.Trigger.Queue\Warewolf.Trigger.Queue.csproj : warning NU1701: Package 'ReactiveUI.WPF 18.4.1' was restored using '.NETFramework,Version=v4.6.1, .NETFramework,Version=v4.6.2, .NETFramework,Version=v4.7, .NETFramework,Version=v4.7.1, .NETFramework,Version=v4.7.2, .NETFramework,Version=v4.8, .NETFramework,Version=v4.8.1' instead of the project target framework 'net8.0'. This package may not be fully compatible with your project.
C:\Users\ultra\warewolf\Dev\Warewolf.Trigger.Queue\Warewolf.Trigger.Queue.csproj : warning NU1701: Package 'TaskSchedulerEditor 2.10.1' was restored using '.NETFramework,Version=v4.6.1, .NETFramework,Version=v4.6.2, .NETFramework,Version=v4.7, .NETFramework,Version=v4.7.1, .NETFramework,Version=v4.7.2, .NETFramework,Version=v4.8, .NETFramework,Version=v4.8.1' instead of the project target framework 'net8.0'. This package may not be fully compatible with your project.
C:\Users\ultra\warewolf\Dev\Dev2.Runtime.WebServer\Dev2.Runtime.WebServer.csproj : warning NU1902: Package 'System.IdentityModel.Tokens.Jwt' 5.1.0 has a known moderate severity vulnerability, https://github.com/advisories/GHSA-59j7-ghrg-fj52
C:\Users\ultra\warewolf\Dev\Dev2.Runtime.WebServer\Dev2.Runtime.WebServer.csproj : warning NU1701: Package 'AeroWizard 2.3.1' was restored using '.NETFramework,Version=v4.6.1, .NETFramework,Version=v4.6.2, .NETFramework,Version=v4.7, .NETFramework,Version=v4.7.1, .NETFramework,Version=v4.7.2, .NETFramework,Version=v4.8, .NETFramework,Version=v4.8.1' instead of the project target framework 'net8.0'. This package may not be fully compatible with your project.
C:\Users\ultra\warewolf\Dev\Dev2.Runtime.WebServer\Dev2.Runtime.WebServer.csproj : warning NU1701: Package 'GroupControls 1.9.0' was restored using '.NETFramework,Version=v4.6.1, .NETFramework,Version=v4.6.2, .NETFramework,Version=v4.7, .NETFramework,Version=v4.7.1, .NETFramework,Version=v4.7.2, .NETFramework,Version=v4.8, .NETFramework,Version=v4.8.1' instead of the project target framework 'net8.0'. This package may not be fully compatible with your project.
C:\Users\ultra\warewolf\Dev\Dev2.Runtime.WebServer\Dev2.Runtime.WebServer.csproj : warning NU1701: Package 'Microsoft.Xaml.Behaviors.Wpf 1.1.122' was restored using '.NETFramework,Version=v4.6.1, .NETFramework,Version=v4.6.2, .NETFramework,Version=v4.7, .NETFramework,Version=v4.7.1, .NETFramework,Version=v4.7.2, .NETFramework,Version=v4.8, .NETFramework,Version=v4.8.1' instead of the project target framework 'net8.0'. This package may not be fully compatible with your project.
C:\Users\ultra\warewolf\Dev\Dev2.Runtime.WebServer\Dev2.Runtime.WebServer.csproj : warning NU1701: Package 'Prism.Wpf 9.0.537' was restored using '.NETFramework,Version=v4.6.1, .NETFramework,Version=v4.6.2, .NETFramework,Version=v4.7, .NETFramework,Version=v4.7.1, .NETFramework,Version=v4.7.2, .NETFramework,Version=v4.8, .NETFramework,Version=v4.8.1' instead of the project target framework 'net8.0'. This package may not be fully compatible with your project.
C:\Users\ultra\warewolf\Dev\Dev2.Runtime.WebServer\Dev2.Runtime.WebServer.csproj : warning NU1701: Package 'ReactiveUI.WPF 18.4.1' was restored using '.NETFramework,Version=v4.6.1, .NETFramework,Version=v4.6.2, .NETFramework,Version=v4.7, .NETFramework,Version=v4.7.1, .NETFramework,Version=v4.7.2, .NETFramework,Version=v4.8, .NETFramework,Version=v4.8.1' instead of the project target framework 'net8.0'. This package may not be fully compatible with your project.
C:\Users\ultra\warewolf\Dev\Dev2.Runtime.WebServer\Dev2.Runtime.WebServer.csproj : warning NU1701: Package 'TaskSchedulerEditor 2.10.1' was restored using '.NETFramework,Version=v4.6.1, .NETFramework,Version=v4.6.2, .NETFramework,Version=v4.7, .NETFramework,Version=v4.7.1, .NETFramework,Version=v4.7.2, .NETFramework,Version=v4.8, .NETFramework,Version=v4.8.1' instead of the project target framework 'net8.0'. This package may not be fully compatible with your project.
C:\Users\ultra\warewolf\Dev\Warewolf.Security\Encryption\AESThenHMAC.cs(168,34): warning SYSLIB0021: 'AesManaged' is obsolete: 'Derived cryptographic types are obsolete. Use the Create method on the base type instead.' (https://aka.ms/dotnet-warnings/SYSLIB0021) [C:\Users\ultra\warewolf\Dev\Warewolf.Security\Warewolf.Security.csproj]
C:\Users\ultra\warewolf\Dev\Warewolf.Security\Encryption\AESThenHMAC.cs(264,38): warning SYSLIB0021: 'AesManaged' is obsolete: 'Derived cryptographic types are obsolete. Use the Create method on the base type instead.' (https://aka.ms/dotnet-warnings/SYSLIB0021) [C:\Users\ultra\warewolf\Dev\Warewolf.Security\Warewolf.Security.csproj]
C:\Users\ultra\warewolf\Dev\Warewolf.Security\Encryption\AESThenHMAC.cs(331,36): warning SYSLIB0041: 'Rfc2898DeriveBytes.Rfc2898DeriveBytes(string, int, int)' is obsolete: 'The default hash algorithm and iteration counts in Rfc2898DeriveBytes constructors are outdated and insecure. Use a constructor that accepts the hash algorithm and the number of iterations.' (https://aka.ms/dotnet-warnings/SYSLIB0041) [C:\Users\ultra\warewolf\Dev\Warewolf.Security\Warewolf.Security.csproj]
C:\Users\ultra\warewolf\Dev\Warewolf.Security\Encryption\AESThenHMAC.cs(345,36): warning SYSLIB0041: 'Rfc2898DeriveBytes.Rfc2898DeriveBytes(string, int, int)' is obsolete: 'The default hash algorithm and iteration counts in Rfc2898DeriveBytes constructors are outdated and insecure. Use a constructor that accepts the hash algorithm and the number of iterations.' (https://aka.ms/dotnet-warnings/SYSLIB0041) [C:\Users\ultra\warewolf\Dev\Warewolf.Security\Warewolf.Security.csproj]
C:\Users\ultra\warewolf\Dev\Warewolf.Security\Encryption\AESThenHMAC.cs(393,36): warning SYSLIB0041: 'Rfc2898DeriveBytes.Rfc2898DeriveBytes(string, byte[], int)' is obsolete: 'The default hash algorithm and iteration counts in Rfc2898DeriveBytes constructors are outdated and insecure. Use a constructor that accepts the hash algorithm and the number of iterations.' (https://aka.ms/dotnet-warnings/SYSLIB0041) [C:\Users\ultra\warewolf\Dev\Warewolf.Security\Warewolf.Security.csproj]
C:\Users\ultra\warewolf\Dev\Warewolf.Security\Encryption\AESThenHMAC.cs(398,36): warning SYSLIB0041: 'Rfc2898DeriveBytes.Rfc2898DeriveBytes(string, byte[], int)' is obsolete: 'The default hash algorithm and iteration counts in Rfc2898DeriveBytes constructors are outdated and insecure. Use a constructor that accepts the hash algorithm and the number of iterations.' (https://aka.ms/dotnet-warnings/SYSLIB0041) [C:\Users\ultra\warewolf\Dev\Warewolf.Security\Warewolf.Security.csproj]
  Warewolf.Security -> C:\Users\ultra\warewolf\Dev\Warewolf.Security\bin\Debug\net8.0\Warewolf.Security.dll
C:\Users\ultra\warewolf\Dev\Dev2.SignalR.Wrappers.New\Dev2.SignalR.Wrappers.New.csproj : warning NU1701: Package 'AeroWizard 2.3.1' was restored using '.NETFramework,Version=v4.6.1, .NETFramework,Version=v4.6.2, .NETFramework,Version=v4.7, .NETFramework,Version=v4.7.1, .NETFramework,Version=v4.7.2, .NETFramework,Version=v4.8, .NETFramework,Version=v4.8.1' instead of the project target framework 'net8.0'. This package may not be fully compatible with your project.
C:\Users\ultra\warewolf\Dev\Dev2.SignalR.Wrappers.New\Dev2.SignalR.Wrappers.New.csproj : warning NU1701: Package 'GroupControls 1.9.0' was restored using '.NETFramework,Version=v4.6.1, .NETFramework,Version=v4.6.2, .NETFramework,Version=v4.7, .NETFramework,Version=v4.7.1, .NETFramework,Version=v4.7.2, .NETFramework,Version=v4.8, .NETFramework,Version=v4.8.1' instead of the project target framework 'net8.0'. This package may not be fully compatible with your project.
C:\Users\ultra\warewolf\Dev\Dev2.SignalR.Wrappers.New\Dev2.SignalR.Wrappers.New.csproj : warning NU1701: Package 'ReactiveUI.WPF 18.4.1' was restored using '.NETFramework,Version=v4.6.1, .NETFramework,Version=v4.6.2, .NETFramework,Version=v4.7, .NETFramework,Version=v4.7.1, .NETFramework,Version=v4.7.2, .NETFramework,Version=v4.8, .NETFramework,Version=v4.8.1' instead of the project target framework 'net8.0'. This package may not be fully compatible with your project.
C:\Users\ultra\warewolf\Dev\Dev2.SignalR.Wrappers.New\Dev2.SignalR.Wrappers.New.csproj : warning NU1701: Package 'TaskSchedulerEditor 2.10.1' was restored using '.NETFramework,Version=v4.6.1, .NETFramework,Version=v4.6.2, .NETFramework,Version=v4.7, .NETFramework,Version=v4.7.1, .NETFramework,Version=v4.7.2, .NETFramework,Version=v4.8, .NETFramework,Version=v4.8.1' instead of the project target framework 'net8.0'. This package may not be fully compatible with your project.
  Warewolf.ServiceDefinitions -> C:\Users\ultra\warewolf\Dev\Warewolf.ServiceDefinitions\bin\Debug\net8.0\Warewolf.ServiceDefinitions.dll
C:\Users\ultra\warewolf\Dev\Warewolf.Core\Warewolf.Core.csproj : warning NU1903: Package 'Microsoft.Windows.Compatibility' 6.0.0 has a known high severity vulnerability, https://github.com/advisories/GHSA-555c-2p6r-68mm
C:\Users\ultra\warewolf\Dev\Warewolf.Core\Warewolf.Core.csproj : warning NU1701: Package 'AeroWizard 2.3.1' was restored using '.NETFramework,Version=v4.6.1, .NETFramework,Version=v4.6.2, .NETFramework,Version=v4.7, .NETFramework,Version=v4.7.1, .NETFramework,Version=v4.7.2, .NETFramework,Version=v4.8, .NETFramework,Version=v4.8.1' instead of the project target framework 'net8.0'. This package may not be fully compatible with your project.
C:\Users\ultra\warewolf\Dev\Warewolf.Core\Warewolf.Core.csproj : warning NU1701: Package 'GroupControls 1.9.0' was restored using '.NETFramework,Version=v4.6.1, .NETFramework,Version=v4.6.2, .NETFramework,Version=v4.7, .NETFramework,Version=v4.7.1, .NETFramework,Version=v4.7.2, .NETFramework,Version=v4.8, .NETFramework,Version=v4.8.1' instead of the project target framework 'net8.0'. This package may not be fully compatible with your project.
C:\Users\ultra\warewolf\Dev\Warewolf.Core\Warewolf.Core.csproj : warning NU1701: Package 'ReactiveUI.WPF 18.4.1' was restored using '.NETFramework,Version=v4.6.1, .NETFramework,Version=v4.6.2, .NETFramework,Version=v4.7, .NETFramework,Version=v4.7.1, .NETFramework,Version=v4.7.2, .NETFramework,Version=v4.8, .NETFramework,Version=v4.8.1' instead of the project target framework 'net8.0'. This package may not be fully compatible with your project.
C:\Users\ultra\warewolf\Dev\Warewolf.Core\Warewolf.Core.csproj : warning NU1701: Package 'TaskSchedulerEditor 2.10.1' was restored using '.NETFramework,Version=v4.6.1, .NETFramework,Version=v4.6.2, .NETFramework,Version=v4.7, .NETFramework,Version=v4.7.1, .NETFramework,Version=v4.7.2, .NETFramework,Version=v4.8, .NETFramework,Version=v4.8.1' instead of the project target framework 'net8.0'. This package may not be fully compatible with your project.
C:\Users\ultra\warewolf\Dev\Warewolf.Interfaces\Data\ChatbotSettingsData.cs(20,23): warning CS0169: The field 'ChatbotSettingsData._encryptDataSource' is never used [C:\Users\ultra\warewolf\Dev\Warewolf.Interfaces\Warewolf.Interfaces.csproj]
C:\Users\ultra\warewolf\Dev\Warewolf.Interfaces\Auditing\SerializableException.cs(15,7): warning CS0414: The field 'SerializableException.HResult' is assigned but its value is never used [C:\Users\ultra\warewolf\Dev\Warewolf.Interfaces\Warewolf.Interfaces.csproj]
  Warewolf.Interfaces -> C:\Users\ultra\warewolf\Dev\Warewolf.Interfaces\bin\Debug\net8.0\Warewolf.Interfaces.dll
  Consider app.config remapping of assembly "System.Runtime.CompilerServices.Unsafe, Culture=neutral, PublicKeyToken=b03f5f7f11d50a3a" from Version "6.0.0.0" [] to Version "8.0.0.0" [C:\Program Files\dotnet\packs\Microsoft.NETCore.App.Ref\8.0.25\ref\net8.0\System.Runtime.CompilerServices.Unsafe.dll] to solve conflict and get rid of warning.
  Dev2.SignalR.Wrappers.Interfaces -> C:\Users\ultra\warewolf\Dev\Dev2.SignalR.Wrappers\bin\Debug\net8.0\Dev2.SignalR.Wrappers.dll
C:\Program Files\dotnet\sdk\10.0.201\Sdks\Microsoft.NET.Sdk\targets\Microsoft.NET.Sdk.DefaultItems.targets(162,5): warning NETSDK1137: It is no longer necessary to use the Microsoft.NET.Sdk.WindowsDesktop SDK. Consider changing the Sdk attribute of the root Project element to 'Microsoft.NET.Sdk'. [C:\Users\ultra\warewolf\Dev\Warewolf.Studio.Core\Warewolf.Studio.Core.csproj]
C:\Program Files\dotnet\sdk\10.0.201\Sdks\Microsoft.NET.Sdk.WindowsDesktop\targets\Microsoft.NET.Sdk.WindowsDesktop.targets(138,5): warning NETSDK1106: Microsoft.NET.Sdk.WindowsDesktop requires 'UseWpf' or 'UseWindowsForms' to be set to 'true' [C:\Users\ultra\warewolf\Dev\Warewolf.Studio.Core\Warewolf.Studio.Core.csproj]
C:\Users\ultra\warewolf\Dev\Warewolf.Studio.Core\Warewolf.Studio.Core.csproj : warning NU1701: Package 'AeroWizard 2.3.1' was restored using '.NETFramework,Version=v4.6.1, .NETFramework,Version=v4.6.2, .NETFramework,Version=v4.7, .NETFramework,Version=v4.7.1, .NETFramework,Version=v4.7.2, .NETFramework,Version=v4.8, .NETFramework,Version=v4.8.1' instead of the project target framework 'net8.0'. This package may not be fully compatible with your project.
C:\Users\ultra\warewolf\Dev\Warewolf.Studio.Core\Warewolf.Studio.Core.csproj : warning NU1701: Package 'GroupControls 1.9.0' was restored using '.NETFramework,Version=v4.6.1, .NETFramework,Version=v4.6.2, .NETFramework,Version=v4.7, .NETFramework,Version=v4.7.1, .NETFramework,Version=v4.7.2, .NETFramework,Version=v4.8, .NETFramework,Version=v4.8.1' instead of the project target framework 'net8.0'. This package may not be fully compatible with your project.
C:\Users\ultra\warewolf\Dev\Warewolf.Studio.Core\Warewolf.Studio.Core.csproj : warning NU1701: Package 'Microsoft.Xaml.Behaviors.Wpf 1.1.122' was restored using '.NETFramework,Version=v4.6.1, .NETFramework,Version=v4.6.2, .NETFramework,Version=v4.7, .NETFramework,Version=v4.7.1, .NETFramework,Version=v4.7.2, .NETFramework,Version=v4.8, .NETFramework,Version=v4.8.1' instead of the project target framework 'net8.0'. This package may not be fully compatible with your project.
C:\Users\ultra\warewolf\Dev\Warewolf.Studio.Core\Warewolf.Studio.Core.csproj : warning NU1701: Package 'Prism.Wpf 9.0.537' was restored using '.NETFramework,Version=v4.6.1, .NETFramework,Version=v4.6.2, .NETFramework,Version=v4.7, .NETFramework,Version=v4.7.1, .NETFramework,Version=v4.7.2, .NETFramework,Version=v4.8, .NETFramework,Version=v4.8.1' instead of the project target framework 'net8.0'. This package may not be fully compatible with your project.
C:\Users\ultra\warewolf\Dev\Warewolf.Studio.Core\Warewolf.Studio.Core.csproj : warning NU1701: Package 'ReactiveUI.WPF 18.4.1' was restored using '.NETFramework,Version=v4.6.1, .NETFramework,Version=v4.6.2, .NETFramework,Version=v4.7, .NETFramework,Version=v4.7.1, .NETFramework,Version=v4.7.2, .NETFramework,Version=v4.8, .NETFramework,Version=v4.8.1' instead of the project target framework 'net8.0'. This package may not be fully compatible with your project.
C:\Users\ultra\warewolf\Dev\Warewolf.Studio.Core\Warewolf.Studio.Core.csproj : warning NU1701: Package 'TaskSchedulerEditor 2.10.1' was restored using '.NETFramework,Version=v4.6.1, .NETFramework,Version=v4.6.2, .NETFramework,Version=v4.7, .NETFramework,Version=v4.7.1, .NETFramework,Version=v4.7.2, .NETFramework,Version=v4.8, .NETFramework,Version=v4.8.1' instead of the project target framework 'net8.0'. This package may not be fully compatible with your project.
C:\Users\ultra\warewolf\Dev\Warewolf.Testing\Warewolf.Testing.csproj : warning NU1701: Package 'AeroWizard 2.3.1' was restored using '.NETFramework,Version=v4.6.1, .NETFramework,Version=v4.6.2, .NETFramework,Version=v4.7, .NETFramework,Version=v4.7.1, .NETFramework,Version=v4.7.2, .NETFramework,Version=v4.8, .NETFramework,Version=v4.8.1' instead of the project target framework 'net8.0'. This package may not be fully compatible with your project.
C:\Users\ultra\warewolf\Dev\Warewolf.Testing\Warewolf.Testing.csproj : warning NU1701: Package 'GroupControls 1.9.0' was restored using '.NETFramework,Version=v4.6.1, .NETFramework,Version=v4.6.2, .NETFramework,Version=v4.7, .NETFramework,Version=v4.7.1, .NETFramework,Version=v4.7.2, .NETFramework,Version=v4.8, .NETFramework,Version=v4.8.1' instead of the project target framework 'net8.0'. This package may not be fully compatible with your project.
C:\Users\ultra\warewolf\Dev\Warewolf.Testing\Warewolf.Testing.csproj : warning NU1701: Package 'Microsoft.Xaml.Behaviors.Wpf 1.1.122' was restored using '.NETFramework,Version=v4.6.1, .NETFramework,Version=v4.6.2, .NETFramework,Version=v4.7, .NETFramework,Version=v4.7.1, .NETFramework,Version=v4.7.2, .NETFramework,Version=v4.8, .NETFramework,Version=v4.8.1' instead of the project target framework 'net8.0'. This package may not be fully compatible with your project.
C:\Users\ultra\warewolf\Dev\Warewolf.Testing\Warewolf.Testing.csproj : warning NU1701: Package 'Prism.Wpf 9.0.537' was restored using '.NETFramework,Version=v4.6.1, .NETFramework,Version=v4.6.2, .NETFramework,Version=v4.7, .NETFramework,Version=v4.7.1, .NETFramework,Version=v4.7.2, .NETFramework,Version=v4.8, .NETFramework,Version=v4.8.1' instead of the project target framework 'net8.0'. This package may not be fully compatible with your project.
C:\Users\ultra\warewolf\Dev\Warewolf.Testing\Warewolf.Testing.csproj : warning NU1701: Package 'ReactiveUI.WPF 18.4.1' was restored using '.NETFramework,Version=v4.6.1, .NETFramework,Version=v4.6.2, .NETFramework,Version=v4.7, .NETFramework,Version=v4.7.1, .NETFramework,Version=v4.7.2, .NETFramework,Version=v4.8, .NETFramework,Version=v4.8.1' instead of the project target framework 'net8.0'. This package may not be fully compatible with your project.
C:\Users\ultra\warewolf\Dev\Warewolf.Testing\Warewolf.Testing.csproj : warning NU1701: Package 'TaskSchedulerEditor 2.10.1' was restored using '.NETFramework,Version=v4.6.1, .NETFramework,Version=v4.6.2, .NETFramework,Version=v4.7, .NETFramework,Version=v4.7.1, .NETFramework,Version=v4.7.2, .NETFramework,Version=v4.8, .NETFramework,Version=v4.8.1' instead of the project target framework 'net8.0'. This package may not be fully compatible with your project.
  Warewolf.Driver.Redis -> C:\Users\ultra\warewolf\Dev\Warewolf.Driver.Redis\bin\Debug\net8.0\Warewolf.Driver.Redis.dll
  Warewolf.Parser.Interop -> C:\Users\ultra\warewolf\Dev\Warewolf.Parser.Interop\bin\Debug\net8.0\WarewolfParserInterop.dll
  Warewolf.Studio.Resources -> C:\Users\ultra\warewolf\Dev\Warewolf.Studio.Resources\bin\Debug\net8.0\Warewolf.Studio.Resources.dll
C:\Users\ultra\warewolf\Dev\Warewolf.Language.Parser\EvaluationFunctions.fs(277,15): warning FS3548: Pattern discard is not allowed for union case that takes no data. [C:\Users\ultra\warewolf\Dev\Warewolf.Language.Parser\Warewolf.Language.Parser.fsproj]
C:\Users\ultra\warewolf\Dev\Warewolf.Language.Parser\EvaluationFunctions.fs(305,15): warning FS3548: Pattern discard is not allowed for union case that takes no data. [C:\Users\ultra\warewolf\Dev\Warewolf.Language.Parser\Warewolf.Language.Parser.fsproj]
C:\Users\ultra\warewolf\Dev\Warewolf.Language.Parser\EvaluationFunctions.fs(748,21): warning FS3873: This construct is deprecated. Sequence expressions should be of the form 'seq { ... }' [C:\Users\ultra\warewolf\Dev\Warewolf.Language.Parser\Warewolf.Language.Parser.fsproj]
C:\Users\ultra\warewolf\Dev\Warewolf.Language.Parser\EvaluationFunctions.fs(751,28): warning FS3873: This construct is deprecated. Sequence expressions should be of the form 'seq { ... }' [C:\Users\ultra\warewolf\Dev\Warewolf.Language.Parser\Warewolf.Language.Parser.fsproj]
C:\Users\ultra\warewolf\Dev\Warewolf.Language.Parser\WarewolfDataEvaluationCommon.fs(593,21): warning FS3873: This construct is deprecated. Sequence expressions should be of the form 'seq { ... }' [C:\Users\ultra\warewolf\Dev\Warewolf.Language.Parser\Warewolf.Language.Parser.fsproj]
C:\Users\ultra\warewolf\Dev\Warewolf.Language.Parser\WarewolfDataEvaluationCommon.fs(596,28): warning FS3873: This construct is deprecated. Sequence expressions should be of the form 'seq { ... }' [C:\Users\ultra\warewolf\Dev\Warewolf.Language.Parser\Warewolf.Language.Parser.fsproj]
  Warewolf.Driver.RabbitMQ -> C:\Users\ultra\warewolf\Dev\Warewolf.Driver.RabbitMQ\bin\Debug\net8.0\Warewolf.Driver.RabbitMQ.dll
  Warewolf.Language.Parser -> C:\Users\ultra\warewolf\Dev\Warewolf.Language.Parser\bin\Debug\net8.0\Warewolf.Language.Parser.dll
C:\Users\ultra\warewolf\Dev\Dev2.Common.Interfaces\Attribute\ReasonAttribute.cs(13,18): warning CC0023: Mark 'ReasonAttribute' as sealed. (https://code-cracker.github.io/diagnostics/CC0023.html) [C:\Users\ultra\warewolf\Dev\Dev2.Common.Interfaces\Dev2.Common.Interfaces.csproj]
C:\Users\ultra\warewolf\Dev\Dev2.Common.Interfaces\Wrappers\IDirectoryEntry.cs(190,35): warning CC0057: Parameter 'path' is not used. (https://code-cracker.github.io/diagnostics/CC0057.html) [C:\Users\ultra\warewolf\Dev\Dev2.Common.Interfaces\Dev2.Common.Interfaces.csproj]
C:\Users\ultra\warewolf\Dev\Dev2.Common.Interfaces\DllListing.cs(97,17): warning CC0105: Use 'var' instead of specifying the type name. (https://code-cracker.github.io/diagnostics/CC0105.html) [C:\Users\ultra\warewolf\Dev\Dev2.Common.Interfaces\Dev2.Common.Interfaces.csproj]
C:\Users\ultra\warewolf\Dev\Dev2.Common.Interfaces\DllListing.cs(98,17): warning CC0105: Use 'var' instead of specifying the type name. (https://code-cracker.github.io/diagnostics/CC0105.html) [C:\Users\ultra\warewolf\Dev\Dev2.Common.Interfaces\Dev2.Common.Interfaces.csproj]
C:\Users\ultra\warewolf\Dev\Dev2.Common.Interfaces\Runtime\Services\IStreamContentFactory.cs(48,21): warning CC0029: 'StreamContentWrapper' should call GC.SuppressFinalize inside the Dispose method. (https://code-cracker.github.io/diagnostics/CC0029.html) [C:\Users\ultra\warewolf\Dev\Dev2.Common.Interfaces\Dev2.Common.Interfaces.csproj]
  Dev2.Common.Interfaces -> C:\Users\ultra\warewolf\Dev\Dev2.Common.Interfaces\bin\Debug\net8.0\Dev2.Common.Interfaces.dll
C:\Users\ultra\warewolf\Dev\Warewolf.Data\NamedInt.cs(160,21): warning CA2200: Re-throwing caught exception changes stack information (https://learn.microsoft.com/dotnet/fundamentals/code-analysis/quality-rules/ca2200) [C:\Users\ultra\warewolf\Dev\Warewolf.Data\Warewolf.Data.csproj]
  Warewolf.Data -> C:\Users\ultra\warewolf\Dev\Warewolf.Data\bin\Debug\net8.0\Warewolf.Data.dll
  Warewolf.Storage.Interfaces -> C:\Users\ultra\warewolf\Dev\Warewolf.Storage.Interfaces\bin\Debug\net8.0\Warewolf.Storage.Interfaces.dll
  Warewolf.Common -> C:\Users\ultra\warewolf\Dev\Warewolf.Common\bin\Debug\net8.0\Warewolf.Common.dll
  Dev2.Data.Interfaces -> C:\Users\ultra\warewolf\Dev\Dev2.Data.Interfaces\bin\Debug\net8.0\Dev2.Data.Interfaces.dll
C:\Users\ultra\warewolf\Dev\Dev2.Common\ExtMethods\StringExtension.cs(302,13): warning CC0004: Empty Catch Block. (https://code-cracker.github.io/diagnostics/CC0004.html) [C:\Users\ultra\warewolf\Dev\Dev2.Common\Dev2.Common.csproj]
  Dev2.Common -> C:\Users\ultra\warewolf\Dev\Dev2.Common\bin\Debug\net8.0\Dev2.Common.dll
C:\Program Files\dotnet\sdk\10.0.201\Microsoft.Common.CurrentVersion.targets(2451,5): warning MSB3277: Found conflicts between different versions of "WindowsBase" that could not be resolved. [C:\Users\ultra\warewolf\Dev\Dev2.Development.Languages\Dev2.Development.Languages.csproj]
C:\Program Files\dotnet\sdk\10.0.201\Microsoft.Common.CurrentVersion.targets(2451,5): warning MSB3277: There was a conflict between "WindowsBase, Version=4.0.0.0, Culture=neutral, PublicKeyToken=31bf3856ad364e35" and "WindowsBase, Version=6.0.2.0, Culture=neutral, PublicKeyToken=31bf3856ad364e35". [C:\Users\ultra\warewolf\Dev\Dev2.Development.Languages\Dev2.Development.Languages.csproj]
C:\Program Files\dotnet\sdk\10.0.201\Microsoft.Common.CurrentVersion.targets(2451,5): warning MSB3277:     "WindowsBase, Version=4.0.0.0, Culture=neutral, PublicKeyToken=31bf3856ad364e35" was chosen because it was primary and "WindowsBase, Version=6.0.2.0, Culture=neutral, PublicKeyToken=31bf3856ad364e35" was not. [C:\Users\ultra\warewolf\Dev\Dev2.Development.Languages\Dev2.Development.Languages.csproj]
C:\Program Files\dotnet\sdk\10.0.201\Microsoft.Common.CurrentVersion.targets(2451,5): warning MSB3277:     References which depend on "WindowsBase, Version=4.0.0.0, Culture=neutral, PublicKeyToken=31bf3856ad364e35" [C:\Program Files\dotnet\packs\Microsoft.NETCore.App.Ref\8.0.25\ref\net8.0\WindowsBase.dll]. [C:\Users\ultra\warewolf\Dev\Dev2.Development.Languages\Dev2.Development.Languages.csproj]
C:\Program Files\dotnet\sdk\10.0.201\Microsoft.Common.CurrentVersion.targets(2451,5): warning MSB3277:         C:\Program Files\dotnet\packs\Microsoft.NETCore.App.Ref\8.0.25\ref\net8.0\WindowsBase.dll [C:\Users\ultra\warewolf\Dev\Dev2.Development.Languages\Dev2.Development.Languages.csproj]
C:\Program Files\dotnet\sdk\10.0.201\Microsoft.Common.CurrentVersion.targets(2451,5): warning MSB3277:           Project file item includes which caused reference "C:\Program Files\dotnet\packs\Microsoft.NETCore.App.Ref\8.0.25\ref\net8.0\WindowsBase.dll". [C:\Users\ultra\warewolf\Dev\Dev2.Development.Languages\Dev2.Development.Languages.csproj]
C:\Program Files\dotnet\sdk\10.0.201\Microsoft.Common.CurrentVersion.targets(2451,5): warning MSB3277:             C:\Program Files\dotnet\packs\Microsoft.NETCore.App.Ref\8.0.25\ref/net8.0/WindowsBase.dll [C:\Users\ultra\warewolf\Dev\Dev2.Development.Languages\Dev2.Development.Languages.csproj]
C:\Program Files\dotnet\sdk\10.0.201\Microsoft.Common.CurrentVersion.targets(2451,5): warning MSB3277:     References which depend on or have been unified to "WindowsBase, Version=6.0.2.0, Culture=neutral, PublicKeyToken=31bf3856ad364e35" []. [C:\Users\ultra\warewolf\Dev\Dev2.Development.Languages\Dev2.Development.Languages.csproj]
C:\Program Files\dotnet\sdk\10.0.201\Microsoft.Common.CurrentVersion.targets(2451,5): warning MSB3277:         C:\Users\ultra\.nuget\packages\caliburn.micro\4.0.212\lib\netcoreapp3.1\Caliburn.Micro.Platform.dll [C:\Users\ultra\warewolf\Dev\Dev2.Development.Languages\Dev2.Development.Languages.csproj]
C:\Program Files\dotnet\sdk\10.0.201\Microsoft.Common.CurrentVersion.targets(2451,5): warning MSB3277:           Project file item includes which caused reference "C:\Users\ultra\.nuget\packages\caliburn.micro\4.0.212\lib\netcoreapp3.1\Caliburn.Micro.Platform.dll". [C:\Users\ultra\warewolf\Dev\Dev2.Development.Languages\Dev2.Development.Languages.csproj]
C:\Program Files\dotnet\sdk\10.0.201\Microsoft.Common.CurrentVersion.targets(2451,5): warning MSB3277:             C:\Users\ultra\.nuget\packages\caliburn.micro\4.0.212\lib\netcoreapp3.1\Caliburn.Micro.Platform.dll [C:\Users\ultra\warewolf\Dev\Dev2.Development.Languages\Dev2.Development.Languages.csproj]
C:\Program Files\dotnet\sdk\10.0.201\Microsoft.Common.CurrentVersion.targets(2451,5): warning MSB3277:         C:\Users\ultra\.nuget\packages\ironpython\3.4.0\lib\net6.0\IronPython.Wpf.dll [C:\Users\ultra\warewolf\Dev\Dev2.Development.Languages\Dev2.Development.Languages.csproj]
C:\Program Files\dotnet\sdk\10.0.201\Microsoft.Common.CurrentVersion.targets(2451,5): warning MSB3277:           Project file item includes which caused reference "C:\Users\ultra\.nuget\packages\ironpython\3.4.0\lib\net6.0\IronPython.Wpf.dll". [C:\Users\ultra\warewolf\Dev\Dev2.Development.Languages\Dev2.Development.Languages.csproj]
C:\Program Files\dotnet\sdk\10.0.201\Microsoft.Common.CurrentVersion.targets(2451,5): warning MSB3277:             C:\Users\ultra\.nuget\packages\ironpython\3.4.0\lib\net6.0\IronPython.Wpf.dll [C:\Users\ultra\warewolf\Dev\Dev2.Development.Languages\Dev2.Development.Languages.csproj]
C:\Program Files\dotnet\sdk\10.0.201\Microsoft.Common.CurrentVersion.targets(2451,5): warning MSB3277:         C:\Users\ultra\.nuget\packages\microsoft.xaml.behaviors.wpf\1.1.19\lib\netcoreapp3.0\Microsoft.Xaml.Behaviors.dll [C:\Users\ultra\warewolf\Dev\Dev2.Development.Languages\Dev2.Development.Languages.csproj]
C:\Program Files\dotnet\sdk\10.0.201\Microsoft.Common.CurrentVersion.targets(2451,5): warning MSB3277:           Project file item includes which caused reference "C:\Users\ultra\.nuget\packages\microsoft.xaml.behaviors.wpf\1.1.19\lib\netcoreapp3.0\Microsoft.Xaml.Behaviors.dll". [C:\Users\ultra\warewolf\Dev\Dev2.Development.Languages\Dev2.Development.Languages.csproj]
C:\Program Files\dotnet\sdk\10.0.201\Microsoft.Common.CurrentVersion.targets(2451,5): warning MSB3277:             C:\Users\ultra\.nuget\packages\microsoft.xaml.behaviors.wpf\1.1.19\lib\netcoreapp3.0\Microsoft.Xaml.Behaviors.dll [C:\Users\ultra\warewolf\Dev\Dev2.Development.Languages\Dev2.Development.Languages.csproj]
C:\Program Files\dotnet\sdk\10.0.201\Microsoft.Common.CurrentVersion.targets(2451,5): warning MSB3277:             C:\Users\ultra\.nuget\packages\caliburn.micro\4.0.212\lib\netcoreapp3.1\Caliburn.Micro.Platform.dll [C:\Users\ultra\warewolf\Dev\Dev2.Development.Languages\Dev2.Development.Languages.csproj]
  Dev2.Util -> C:\Users\ultra\warewolf\Dev\Dev2.Util\bin\Debug\net8.0\Dev2.Util.dll
  Dev2.Development.Languages -> C:\Users\ultra\warewolf\Dev\Dev2.Development.Languages\bin\Debug\net8.0\Dev2.Development.Languages.dll
C:\Users\ultra\warewolf\Dev\Dev2.TaskScheduler.Wrappers\Dev2TaskEvent.cs(47,33): warning CA1416: This call site is reachable on all platforms. 'SecurityIdentifier.Value' is only supported on: 'windows'. (https://learn.microsoft.com/dotnet/fundamentals/code-analysis/quality-rules/ca1416) [C:\Users\ultra\warewolf\Dev\Dev2.TaskScheduler.Wrappers\Dev2.TaskScheduler.Wrappers.csproj]
  Dev2.TaskScheduler.Wrappers -> C:\Users\ultra\warewolf\Dev\Dev2.TaskScheduler.Wrappers\bin\Debug\net8.0\Dev2.TaskScheduler.Wrappers.dll
  Dev2.CustomControls -> C:\Users\ultra\warewolf\Dev\Dev2.CustomControls\bin\Debug\net8.0\Dev2.CustomControls.dll
  Warewolf.Licensing -> C:\Users\ultra\warewolf\Dev\Warewolf.Licensing\bin\Debug\net8.0\Warewolf.Licensing.dll
  Consider app.config remapping of assembly "Newtonsoft.Json, Culture=neutral, PublicKeyToken=30ad4fe6b2a6aeed" from Version "12.0.0.0" [] to Version "13.0.0.0" [C:\Users\ultra\.nuget\packages\newtonsoft.json\13.0.2\lib\net6.0\Newtonsoft.Json.dll] to solve conflict and get rid of warning.
  Dev2.Runtime.Configuration -> C:\Users\ultra\warewolf\Dev\Dev2.Runtime.Configuration\bin\Debug\net8.0\Dev2.Runtime.Configuration.dll
C:\Program Files\dotnet\sdk\10.0.201\Microsoft.Common.CurrentVersion.targets(2451,5): warning MSB3277: Found conflicts between different versions of "System.Drawing.Common" that could not be resolved. [C:\Users\ultra\warewolf\Dev\Dev2.Runtime.Configuration.Tests\Dev2.Runtime.Configuration.Tests.csproj]
C:\Program Files\dotnet\sdk\10.0.201\Microsoft.Common.CurrentVersion.targets(2451,5): warning MSB3277: There was a conflict between "System.Drawing.Common, Version=6.0.0.0, Culture=neutral, PublicKeyToken=cc7b13ffcd2ddd51" and "System.Drawing.Common, Version=8.0.0.0, Culture=neutral, PublicKeyToken=cc7b13ffcd2ddd51". [C:\Users\ultra\warewolf\Dev\Dev2.Runtime.Configuration.Tests\Dev2.Runtime.Configuration.Tests.csproj]
C:\Program Files\dotnet\sdk\10.0.201\Microsoft.Common.CurrentVersion.targets(2451,5): warning MSB3277:     "System.Drawing.Common, Version=6.0.0.0, Culture=neutral, PublicKeyToken=cc7b13ffcd2ddd51" was chosen because it was primary and "System.Drawing.Common, Version=8.0.0.0, Culture=neutral, PublicKeyToken=cc7b13ffcd2ddd51" was not. [C:\Users\ultra\warewolf\Dev\Dev2.Runtime.Configuration.Tests\Dev2.Runtime.Configuration.Tests.csproj]
C:\Program Files\dotnet\sdk\10.0.201\Microsoft.Common.CurrentVersion.targets(2451,5): warning MSB3277:     References which depend on "System.Drawing.Common, Version=6.0.0.0, Culture=neutral, PublicKeyToken=cc7b13ffcd2ddd51" [C:\Users\ultra\.nuget\packages\system.drawing.common\6.0.0\lib\net6.0\System.Drawing.Common.dll]. [C:\Users\ultra\warewolf\Dev\Dev2.Runtime.Configuration.Tests\Dev2.Runtime.Configuration.Tests.csproj]
C:\Program Files\dotnet\sdk\10.0.201\Microsoft.Common.CurrentVersion.targets(2451,5): warning MSB3277:         C:\Users\ultra\.nuget\packages\system.drawing.common\6.0.0\lib\net6.0\System.Drawing.Common.dll [C:\Users\ultra\warewolf\Dev\Dev2.Runtime.Configuration.Tests\Dev2.Runtime.Configuration.Tests.csproj]
C:\Program Files\dotnet\sdk\10.0.201\Microsoft.Common.CurrentVersion.targets(2451,5): warning MSB3277:           Project file item includes which caused reference "C:\Users\ultra\.nuget\packages\system.drawing.common\6.0.0\lib\net6.0\System.Drawing.Common.dll". [C:\Users\ultra\warewolf\Dev\Dev2.Runtime.Configuration.Tests\Dev2.Runtime.Configuration.Tests.csproj]
C:\Program Files\dotnet\sdk\10.0.201\Microsoft.Common.CurrentVersion.targets(2451,5): warning MSB3277:             C:\Users\ultra\.nuget\packages\system.drawing.common\6.0.0\lib\net6.0\System.Drawing.Common.dll [C:\Users\ultra\warewolf\Dev\Dev2.Runtime.Configuration.Tests\Dev2.Runtime.Configuration.Tests.csproj]
C:\Program Files\dotnet\sdk\10.0.201\Microsoft.Common.CurrentVersion.targets(2451,5): warning MSB3277:     References which depend on or have been unified to "System.Drawing.Common, Version=8.0.0.0, Culture=neutral, PublicKeyToken=cc7b13ffcd2ddd51" []. [C:\Users\ultra\warewolf\Dev\Dev2.Runtime.Configuration.Tests\Dev2.Runtime.Configuration.Tests.csproj]
C:\Program Files\dotnet\sdk\10.0.201\Microsoft.Common.CurrentVersion.targets(2451,5): warning MSB3277:         C:\Users\ultra\.nuget\packages\system.windows.extensions\8.0.0\lib\net8.0\System.Windows.Extensions.dll [C:\Users\ultra\warewolf\Dev\Dev2.Runtime.Configuration.Tests\Dev2.Runtime.Configuration.Tests.csproj]
C:\Program Files\dotnet\sdk\10.0.201\Microsoft.Common.CurrentVersion.targets(2451,5): warning MSB3277:           Project file item includes which caused reference "C:\Users\ultra\.nuget\packages\system.windows.extensions\8.0.0\lib\net8.0\System.Windows.Extensions.dll". [C:\Users\ultra\warewolf\Dev\Dev2.Runtime.Configuration.Tests\Dev2.Runtime.Configuration.Tests.csproj]
C:\Program Files\dotnet\sdk\10.0.201\Microsoft.Common.CurrentVersion.targets(2451,5): warning MSB3277:             C:\Users\ultra\.nuget\packages\system.windows.extensions\8.0.0\lib\net8.0\System.Windows.Extensions.dll [C:\Users\ultra\warewolf\Dev\Dev2.Runtime.Configuration.Tests\Dev2.Runtime.Configuration.Tests.csproj]
C:\Program Files\dotnet\sdk\10.0.201\Microsoft.Common.CurrentVersion.targets(2451,5): warning MSB3277:             C:\Users\ultra\.nuget\packages\system.security.permissions\8.0.0\lib\net8.0\System.Security.Permissions.dll [C:\Users\ultra\warewolf\Dev\Dev2.Runtime.Configuration.Tests\Dev2.Runtime.Configuration.Tests.csproj]
C:\Program Files\dotnet\sdk\10.0.201\Microsoft.Common.CurrentVersion.targets(2451,5): warning MSB3277:             C:\Users\ultra\.nuget\packages\dotnetzip\1.16.0\lib\netstandard2.0\DotNetZip.dll [C:\Users\ultra\warewolf\Dev\Dev2.Runtime.Configuration.Tests\Dev2.Runtime.Configuration.Tests.csproj]
C:\Program Files\dotnet\sdk\10.0.201\Microsoft.Common.CurrentVersion.targets(2451,5): warning MSB3277:             C:\Users\ultra\warewolf\Dev\Dev2.Common\bin\Debug\net8.0\Dev2.Common.dll [C:\Users\ultra\warewolf\Dev\Dev2.Runtime.Configuration.Tests\Dev2.Runtime.Configuration.Tests.csproj]
C:\Program Files\dotnet\sdk\10.0.201\Microsoft.Common.CurrentVersion.targets(2451,5): warning MSB3277:             C:\Users\ultra\warewolf\Dev\Dev2.Data.Interfaces\bin\Debug\net8.0\Dev2.Data.Interfaces.dll [C:\Users\ultra\warewolf\Dev\Dev2.Runtime.Configuration.Tests\Dev2.Runtime.Configuration.Tests.csproj]
C:\Program Files\dotnet\sdk\10.0.201\Microsoft.Common.CurrentVersion.targets(2451,5): warning MSB3277:             C:\Users\ultra\warewolf\Dev\Dev2.Util\bin\Debug\net8.0\Dev2.Util.dll [C:\Users\ultra\warewolf\Dev\Dev2.Runtime.Configuration.Tests\Dev2.Runtime.Configuration.Tests.csproj]
C:\Program Files\dotnet\sdk\10.0.201\Microsoft.Common.CurrentVersion.targets(2451,5): warning MSB3277:             C:\Users\ultra\.nuget\packages\system.directoryservices\6.0.0\lib\net6.0\System.DirectoryServices.dll [C:\Users\ultra\warewolf\Dev\Dev2.Runtime.Configuration.Tests\Dev2.Runtime.Configuration.Tests.csproj]
C:\Program Files\dotnet\sdk\10.0.201\Microsoft.Common.CurrentVersion.targets(2451,5): warning MSB3277:             C:\Program Files\dotnet\packs\Microsoft.NETCore.App.Ref\8.0.25\ref/net8.0/System.Configuration.dll [C:\Users\ultra\warewolf\Dev\Dev2.Runtime.Configuration.Tests\Dev2.Runtime.Configuration.Tests.csproj]
C:\Program Files\dotnet\sdk\10.0.201\Microsoft.Common.CurrentVersion.targets(2451,5): warning MSB3277:             C:\Program Files\dotnet\packs\Microsoft.NETCore.App.Ref\8.0.25\ref/net8.0/System.Data.dll [C:\Users\ultra\warewolf\Dev\Dev2.Runtime.Configuration.Tests\Dev2.Runtime.Configuration.Tests.csproj]
C:\Program Files\dotnet\sdk\10.0.201\Microsoft.Common.CurrentVersion.targets(2451,5): warning MSB3277:             C:\Users\ultra\.nuget\packages\taskschedulereditor\2.10.1\lib\net452\Microsoft.Win32.TaskSchedulerEditor.dll [C:\Users\ultra\warewolf\Dev\Dev2.Runtime.Configuration.Tests\Dev2.Runtime.Configuration.Tests.csproj]
C:\Program Files\dotnet\sdk\10.0.201\Microsoft.Common.CurrentVersion.targets(2451,5): warning MSB3277:             C:\Program Files\dotnet\packs\Microsoft.NETCore.App.Ref\8.0.25\ref/net8.0/System.Drawing.dll [C:\Users\ultra\warewolf\Dev\Dev2.Runtime.Configuration.Tests\Dev2.Runtime.Configuration.Tests.csproj]
C:\Program Files\dotnet\sdk\10.0.201\Microsoft.Common.CurrentVersion.targets(2451,5): warning MSB3277:             C:\Users\ultra\.nuget\packages\aerowizard\2.3.1\lib\net45\AeroWizard.dll [C:\Users\ultra\warewolf\Dev\Dev2.Runtime.Configuration.Tests\Dev2.Runtime.Configuration.Tests.csproj]
C:\Program Files\dotnet\sdk\10.0.201\Microsoft.Common.CurrentVersion.targets(2451,5): warning MSB3277:             C:\Users\ultra\.nuget\packages\groupcontrols\1.9.0\lib\net45\GroupControls.dll [C:\Users\ultra\warewolf\Dev\Dev2.Runtime.Configuration.Tests\Dev2.Runtime.Configuration.Tests.csproj]
C:\Program Files\dotnet\sdk\10.0.201\Microsoft.Common.CurrentVersion.targets(2451,5): warning MSB3277:             C:\Program Files\dotnet\packs\Microsoft.NETCore.App.Ref\8.0.25\ref/net8.0/System.Net.dll [C:\Users\ultra\warewolf\Dev\Dev2.Runtime.Configuration.Tests\Dev2.Runtime.Configuration.Tests.csproj]
C:\Program Files\dotnet\sdk\10.0.201\Microsoft.Common.CurrentVersion.targets(2451,5): warning MSB3277:             C:\Program Files\dotnet\packs\Microsoft.NETCore.App.Ref\8.0.25\ref/net8.0/System.Security.dll [C:\Users\ultra\warewolf\Dev\Dev2.Runtime.Configuration.Tests\Dev2.Runtime.Configuration.Tests.csproj]
C:\Program Files\dotnet\sdk\10.0.201\Microsoft.Common.CurrentVersion.targets(2451,5): warning MSB3277:             C:\Program Files\dotnet\packs\Microsoft.NETCore.App.Ref\8.0.25\ref/net8.0/System.ServiceProcess.dll [C:\Users\ultra\warewolf\Dev\Dev2.Runtime.Configuration.Tests\Dev2.Runtime.Configuration.Tests.csproj]
C:\Program Files\dotnet\sdk\10.0.201\Microsoft.Common.CurrentVersion.targets(2451,5): warning MSB3277:             C:\Program Files\dotnet\packs\Microsoft.NETCore.App.Ref\8.0.25\ref/net8.0/System.Transactions.dll [C:\Users\ultra\warewolf\Dev\Dev2.Runtime.Configuration.Tests\Dev2.Runtime.Configuration.Tests.csproj]
C:\Program Files\dotnet\sdk\10.0.201\Microsoft.Common.CurrentVersion.targets(2451,5): warning MSB3277:             C:\Program Files\dotnet\packs\Microsoft.NETCore.App.Ref\8.0.25\ref/net8.0/System.dll [C:\Users\ultra\warewolf\Dev\Dev2.Runtime.Configuration.Tests\Dev2.Runtime.Configuration.Tests.csproj]
C:\Program Files\dotnet\sdk\10.0.201\Microsoft.Common.CurrentVersion.targets(2451,5): warning MSB3277:             C:\Users\ultra\.nuget\packages\ttcue.netcore.sharepointonline.csom.16.1.8029.1200\16.1.8029.1200\lib\netcoreapp2.0\Microsoft.SharePoint.Client.Runtime.Windows.dll [C:\Users\ultra\warewolf\Dev\Dev2.Runtime.Configuration.Tests\Dev2.Runtime.Configuration.Tests.csproj]
C:\Program Files\dotnet\sdk\10.0.201\Microsoft.Common.CurrentVersion.targets(2451,5): warning MSB3277:             C:\Program Files\dotnet\packs\Microsoft.NETCore.App.Ref\8.0.25\ref/net8.0/WindowsBase.dll [C:\Users\ultra\warewolf\Dev\Dev2.Runtime.Configuration.Tests\Dev2.Runtime.Configuration.Tests.csproj]
C:\Program Files\dotnet\sdk\10.0.201\Microsoft.Common.CurrentVersion.targets(2451,5): warning MSB3277:             C:\Users\ultra\.nuget\packages\caliburn.micro\4.0.212\lib\netcoreapp3.1\Caliburn.Micro.Platform.dll [C:\Users\ultra\warewolf\Dev\Dev2.Runtime.Configuration.Tests\Dev2.Runtime.Configuration.Tests.csproj]
C:\Program Files\dotnet\sdk\10.0.201\Microsoft.Common.CurrentVersion.targets(2451,5): warning MSB3277:             C:\Users\ultra\.nuget\packages\microsoft.xaml.behaviors.wpf\1.1.19\lib\netcoreapp3.0\Microsoft.Xaml.Behaviors.dll [C:\Users\ultra\warewolf\Dev\Dev2.Runtime.Configuration.Tests\Dev2.Runtime.Configuration.Tests.csproj]
C:\Program Files\dotnet\sdk\10.0.201\Microsoft.Common.CurrentVersion.targets(2451,5): warning MSB3277:             C:\Program Files\dotnet\packs\Microsoft.NETCore.App.Ref\8.0.25\ref/net8.0/mscorlib.dll [C:\Users\ultra\warewolf\Dev\Dev2.Runtime.Configuration.Tests\Dev2.Runtime.Configuration.Tests.csproj]
C:\Program Files\dotnet\sdk\10.0.201\Microsoft.Common.CurrentVersion.targets(2451,5): warning MSB3277:             C:\Users\ultra\.nuget\packages\microsoft.codecoverage\17.13.0\lib\netcoreapp3.1\Microsoft.VisualStudio.CodeCoverage.Shim.dll [C:\Users\ultra\warewolf\Dev\Dev2.Runtime.Configuration.Tests\Dev2.Runtime.Configuration.Tests.csproj]
C:\Program Files\dotnet\sdk\10.0.201\Microsoft.Common.CurrentVersion.targets(2451,5): warning MSB3277:         C:\Program Files\dotnet\packs\Microsoft.NETCore.App.Ref\8.0.25\ref\net8.0\System.Drawing.dll [C:\Users\ultra\warewolf\Dev\Dev2.Runtime.Configuration.Tests\Dev2.Runtime.Configuration.Tests.csproj]
C:\Program Files\dotnet\sdk\10.0.201\Microsoft.Common.CurrentVersion.targets(2451,5): warning MSB3277:           Project file item includes which caused reference "C:\Program Files\dotnet\packs\Microsoft.NETCore.App.Ref\8.0.25\ref\net8.0\System.Drawing.dll". [C:\Users\ultra\warewolf\Dev\Dev2.Runtime.Configuration.Tests\Dev2.Runtime.Configuration.Tests.csproj]
C:\Program Files\dotnet\sdk\10.0.201\Microsoft.Common.CurrentVersion.targets(2451,5): warning MSB3277:             C:\Program Files\dotnet\packs\Microsoft.NETCore.App.Ref\8.0.25\ref/net8.0/System.Drawing.dll [C:\Users\ultra\warewolf\Dev\Dev2.Runtime.Configuration.Tests\Dev2.Runtime.Configuration.Tests.csproj]
C:\Program Files\dotnet\sdk\10.0.201\Microsoft.Common.CurrentVersion.targets(2451,5): warning MSB3277:             C:\Users\ultra\.nuget\packages\aerowizard\2.3.1\lib\net45\AeroWizard.dll [C:\Users\ultra\warewolf\Dev\Dev2.Runtime.Configuration.Tests\Dev2.Runtime.Configuration.Tests.csproj]
C:\Program Files\dotnet\sdk\10.0.201\Microsoft.Common.CurrentVersion.targets(2451,5): warning MSB3277:             C:\Users\ultra\.nuget\packages\groupcontrols\1.9.0\lib\net45\GroupControls.dll [C:\Users\ultra\warewolf\Dev\Dev2.Runtime.Configuration.Tests\Dev2.Runtime.Configuration.Tests.csproj]
C:\Program Files\dotnet\sdk\10.0.201\Microsoft.Common.CurrentVersion.targets(2451,5): warning MSB3277:             C:\Users\ultra\.nuget\packages\taskschedulereditor\2.10.1\lib\net452\Microsoft.Win32.TaskSchedulerEditor.dll [C:\Users\ultra\warewolf\Dev\Dev2.Runtime.Configuration.Tests\Dev2.Runtime.Configuration.Tests.csproj]
C:\Users\ultra\warewolf\Dev\Dev2.Diagnostics\Debug\DebugDispatcher.cs(209,35): warning CC0057: Parameter 'previous' is not used. (https://code-cracker.github.io/diagnostics/CC0057.html) [C:\Users\ultra\warewolf\Dev\Dev2.Diagnostics\Dev2.Diagnostics.csproj]
  Dev2.Diagnostics -> C:\Users\ultra\warewolf\Dev\Dev2.Diagnostics\bin\Debug\net8.0\Dev2.Diagnostics.dll
C:\Users\ultra\warewolf\Dev\Dev2.Infrastructure\PerformanceCounters\PerformanceCounterCategoryWrapper.cs(33,48): warning CA1416: This call site is reachable on all platforms. 'PerformanceCounterCategory.Exists(string)' is only supported on: 'windows'. (https://learn.microsoft.com/dotnet/fundamentals/code-analysis/quality-rules/ca1416) [C:\Users\ultra\warewolf\Dev\Dev2.Infrastructure\Dev2.Infrastructure.csproj]
C:\Users\ultra\warewolf\Dev\Dev2.Infrastructure\PerformanceCounters\PerformanceCounterCategoryWrapper.cs(12,51): warning CA1416: This call site is reachable on all platforms. 'PerformanceCounterCategory.CounterExists(string)' is only supported on: 'windows'. (https://learn.microsoft.com/dotnet/fundamentals/code-analysis/quality-rules/ca1416) [C:\Users\ultra\warewolf\Dev\Dev2.Infrastructure\Dev2.Infrastructure.csproj]
C:\Users\ultra\warewolf\Dev\Dev2.Infrastructure\PerformanceCounters\PerformanceCounterCategoryWrapper.cs(32,48): warning CA1416: This call site is reachable on all platforms. 'PerformanceCounterCategory.Delete(string)' is only supported on: 'windows'. (https://learn.microsoft.com/dotnet/fundamentals/code-analysis/quality-rules/ca1416) [C:\Users\ultra\warewolf\Dev\Dev2.Infrastructure\Dev2.Infrastructure.csproj]
C:\Users\ultra\warewolf\Dev\Dev2.Infrastructure\PerformanceCounters\PerformanceCounterCategoryWrapper.cs(38,29): warning CA1416: This call site is reachable on all platforms. 'PerformanceCounterCategory' is only supported on: 'windows'. (https://learn.microsoft.com/dotnet/fundamentals/code-analysis/quality-rules/ca1416) [C:\Users\ultra\warewolf\Dev\Dev2.Infrastructure\Dev2.Infrastructure.csproj]
C:\Users\ultra\warewolf\Dev\Dev2.Infrastructure\PerformanceCounters\Management\WarewolfPerformanceCounterManager.cs(22,140): warning CC0057: Parameter 'register' is not used. (https://code-cracker.github.io/diagnostics/CC0057.html) [C:\Users\ultra\warewolf\Dev\Dev2.Infrastructure\Dev2.Infrastructure.csproj]
C:\Users\ultra\warewolf\Dev\Dev2.Infrastructure\PerformanceCounters\PerformanceCounterCategoryWrapper.cs(54,28): warning CA1416: This call site is reachable on all platforms. 'PerformanceCounterType.RateOfCountsPerSecond32' is only supported on: 'windows'. (https://learn.microsoft.com/dotnet/fundamentals/code-analysis/quality-rules/ca1416) [C:\Users\ultra\warewolf\Dev\Dev2.Infrastructure\Dev2.Infrastructure.csproj]
C:\Users\ultra\warewolf\Dev\Dev2.Infrastructure\PerformanceCounters\PerformanceCounterCategoryWrapper.cs(50,28): warning CA1416: This call site is reachable on all platforms. 'PerformanceCounterType.AverageTimer32' is only supported on: 'windows'. (https://learn.microsoft.com/dotnet/fundamentals/code-analysis/quality-rules/ca1416) [C:\Users\ultra\warewolf\Dev\Dev2.Infrastructure\Dev2.Infrastructure.csproj]
C:\Users\ultra\warewolf\Dev\Dev2.Infrastructure\PerformanceCounters\PerformanceCounterCategoryWrapper.cs(48,28): warning CA1416: This call site is reachable on all platforms. 'PerformanceCounterType.AverageBase' is only supported on: 'windows'. (https://learn.microsoft.com/dotnet/fundamentals/code-analysis/quality-rules/ca1416) [C:\Users\ultra\warewolf\Dev\Dev2.Infrastructure\Dev2.Infrastructure.csproj]
C:\Users\ultra\warewolf\Dev\Dev2.Infrastructure\PerformanceCounters\PerformanceCounterCategoryWrapper.cs(52,28): warning CA1416: This call site is reachable on all platforms. 'PerformanceCounterType.NumberOfItems32' is only supported on: 'windows'. (https://learn.microsoft.com/dotnet/fundamentals/code-analysis/quality-rules/ca1416) [C:\Users\ultra\warewolf\Dev\Dev2.Infrastructure\Dev2.Infrastructure.csproj]
C:\Users\ultra\warewolf\Dev\Dev2.Infrastructure\PerformanceCounters\PerformanceCounterCategoryWrapper.cs(19,45): warning CA1416: This call site is reachable on all platforms. 'CounterCreationData' is only supported on: 'windows'. (https://learn.microsoft.com/dotnet/fundamentals/code-analysis/quality-rules/ca1416) [C:\Users\ultra\warewolf\Dev\Dev2.Infrastructure\Dev2.Infrastructure.csproj]
C:\Users\ultra\warewolf\Dev\Dev2.Infrastructure\PerformanceCounters\PerformanceCounterCategoryWrapper.cs(29,71): warning CA1416: This call site is reachable on all platforms. 'PerformanceCounterCategoryType.MultiInstance' is only supported on: 'windows'. (https://learn.microsoft.com/dotnet/fundamentals/code-analysis/quality-rules/ca1416) [C:\Users\ultra\warewolf\Dev\Dev2.Infrastructure\Dev2.Infrastructure.csproj]
C:\Users\ultra\warewolf\Dev\Dev2.Infrastructure\PerformanceCounters\PerformanceCounterCategoryWrapper.cs(29,13): warning CA1416: This call site is reachable on all platforms. 'PerformanceCounterCategory.Create(string, string, PerformanceCounterCategoryType, CounterCreationDataCollection)' is only supported on: 'windows'. (https://learn.microsoft.com/dotnet/fundamentals/code-analysis/quality-rules/ca1416) [C:\Users\ultra\warewolf\Dev\Dev2.Infrastructure\Dev2.Infrastructure.csproj]
C:\Users\ultra\warewolf\Dev\Dev2.Infrastructure\PerformanceCounters\PerformanceCounterCategoryWrapper.cs(25,21): warning CA1416: This call site is reachable on all platforms. 'CounterCreationDataCollection.Add(CounterCreationData)' is only supported on: 'windows'. (https://learn.microsoft.com/dotnet/fundamentals/code-analysis/quality-rules/ca1416) [C:\Users\ultra\warewolf\Dev\Dev2.Infrastructure\Dev2.Infrastructure.csproj]
C:\Users\ultra\warewolf\Dev\Dev2.Infrastructure\PerformanceCounters\PerformanceCounterCategoryWrapper.cs(14,49): warning CA1416: This call site is reachable on all platforms. 'CounterCreationDataCollection' is only supported on: 'windows'. (https://learn.microsoft.com/dotnet/fundamentals/code-analysis/quality-rules/ca1416) [C:\Users\ultra\warewolf\Dev\Dev2.Infrastructure\Dev2.Infrastructure.csproj]
C:\Users\ultra\warewolf\Dev\Dev2.Infrastructure\PerformanceCounters\Management\PerformanceCounterPersistence.cs(48,81): warning CC0057: Parameter 'resourcePerformanceCounters' is not used. (https://code-cracker.github.io/diagnostics/CC0057.html) [C:\Users\ultra\warewolf\Dev\Dev2.Infrastructure\Dev2.Infrastructure.csproj]
C:\Users\ultra\warewolf\Dev\Dev2.Infrastructure\PerformanceCounters\Management\WarewolfPerformanceCounterManager.cs(67,83): warning CC0057: Parameter 'name' is not used. (https://code-cracker.github.io/diagnostics/CC0057.html) [C:\Users\ultra\warewolf\Dev\Dev2.Infrastructure\Dev2.Infrastructure.csproj]
C:\Users\ultra\warewolf\Dev\Dev2.Infrastructure\Services\Security\MoqInstallerActions\InstallerActionsForDevelopment.cs(57,31): warning CA1416: This call site is reachable on all platforms. 'WindowsIdentity.GetCurrent(bool)' is only supported on: 'windows'. (https://learn.microsoft.com/dotnet/fundamentals/code-analysis/quality-rules/ca1416) [C:\Users\ultra\warewolf\Dev\Dev2.Infrastructure\Dev2.Infrastructure.csproj]
C:\Users\ultra\warewolf\Dev\Dev2.Infrastructure\Services\Security\MoqInstallerActions\InstallerActionsForDevelopment.cs(59,57): warning CA1416: This call site is reachable on all platforms. 'WindowsIdentity.Name' is only supported on: 'windows'. (https://learn.microsoft.com/dotnet/fundamentals/code-analysis/quality-rules/ca1416) [C:\Users\ultra\warewolf\Dev\Dev2.Infrastructure\Dev2.Infrastructure.csproj]
C:\Users\ultra\warewolf\Dev\Dev2.Infrastructure\Services\Security\SecuritySettings.cs(92,28): warning CC0022: HMACSHA256 should be disposed. (https://code-cracker.github.io/diagnostics/CC0022.html) [C:\Users\ultra\warewolf\Dev\Dev2.Infrastructure\Dev2.Infrastructure.csproj]
CSC : warning AD0001: Analyzer 'CodeCracker.CSharp.Design.UseInvokeMethodToFireEventAnalyzer' threw an exception of type 'System.ArgumentException' with message 'Syntax node is not within syntax tree'. [C:\Users\ultra\warewolf\Dev\Dev2.Infrastructure\Dev2.Infrastructure.csproj]
CSC : warning AD0001: Analyzer 'CodeCracker.CSharp.Design.UseInvokeMethodToFireEventAnalyzer' threw an exception of type 'System.ArgumentException' with message 'Syntax node is not within syntax tree'. [C:\Users\ultra\warewolf\Dev\Dev2.Infrastructure\Dev2.Infrastructure.csproj]
CSC : warning AD0001: Analyzer 'CodeCracker.CSharp.Design.UseInvokeMethodToFireEventAnalyzer' threw an exception of type 'System.ArgumentException' with message 'Syntax node is not within syntax tree'. [C:\Users\ultra\warewolf\Dev\Dev2.Infrastructure\Dev2.Infrastructure.csproj]
CSC : warning AD0001: Analyzer 'CodeCracker.CSharp.Design.UseInvokeMethodToFireEventAnalyzer' threw an exception of type 'System.ArgumentException' with message 'Syntax node is not within syntax tree'. [C:\Users\ultra\warewolf\Dev\Dev2.Infrastructure\Dev2.Infrastructure.csproj]
CSC : warning AD0001: Analyzer 'CodeCracker.CSharp.Design.UseInvokeMethodToFireEventAnalyzer' threw an exception of type 'System.ArgumentException' with message 'Syntax node is not within syntax tree'. [C:\Users\ultra\warewolf\Dev\Dev2.Infrastructure\Dev2.Infrastructure.csproj]
CSC : warning AD0001: Analyzer 'CodeCracker.CSharp.Design.UseInvokeMethodToFireEventAnalyzer' threw an exception of type 'System.ArgumentException' with message 'Syntax node is not within syntax tree'. [C:\Users\ultra\warewolf\Dev\Dev2.Infrastructure\Dev2.Infrastructure.csproj]
CSC : warning AD0001: Analyzer 'CodeCracker.CSharp.Design.UseInvokeMethodToFireEventAnalyzer' threw an exception of type 'System.ArgumentException' with message 'Syntax node is not within syntax tree'. [C:\Users\ultra\warewolf\Dev\Dev2.Infrastructure\Dev2.Infrastructure.csproj]
CSC : warning AD0001: Analyzer 'CodeCracker.CSharp.Design.UseInvokeMethodToFireEventAnalyzer' threw an exception of type 'System.ArgumentException' with message 'Syntax node is not within syntax tree'. [C:\Users\ultra\warewolf\Dev\Dev2.Infrastructure\Dev2.Infrastructure.csproj]
CSC : warning AD0001: Analyzer 'CodeCracker.CSharp.Design.UseInvokeMethodToFireEventAnalyzer' threw an exception of type 'System.ArgumentException' with message 'Syntax node is not within syntax tree'. [C:\Users\ultra\warewolf\Dev\Dev2.Infrastructure\Dev2.Infrastructure.csproj]
CSC : warning AD0001: Analyzer 'CodeCracker.CSharp.Design.UseInvokeMethodToFireEventAnalyzer' threw an exception of type 'System.ArgumentException' with message 'Syntax node is not within syntax tree'. [C:\Users\ultra\warewolf\Dev\Dev2.Infrastructure\Dev2.Infrastructure.csproj]
CSC : warning AD0001: Analyzer 'CodeCracker.CSharp.Design.UseInvokeMethodToFireEventAnalyzer' threw an exception of type 'System.ArgumentException' with message 'Syntax node is not within syntax tree'. [C:\Users\ultra\warewolf\Dev\Dev2.Infrastructure\Dev2.Infrastructure.csproj]
CSC : warning AD0001: Analyzer 'CodeCracker.CSharp.Design.UseInvokeMethodToFireEventAnalyzer' threw an exception of type 'System.ArgumentException' with message 'Syntax node is not within syntax tree'. [C:\Users\ultra\warewolf\Dev\Dev2.Infrastructure\Dev2.Infrastructure.csproj]
CSC : warning AD0001: Analyzer 'CodeCracker.CSharp.Design.UseInvokeMethodToFireEventAnalyzer' threw an exception of type 'System.ArgumentException' with message 'Syntax node is not within syntax tree'. [C:\Users\ultra\warewolf\Dev\Dev2.Infrastructure\Dev2.Infrastructure.csproj]
CSC : warning AD0001: Analyzer 'CodeCracker.CSharp.Design.UseInvokeMethodToFireEventAnalyzer' threw an exception of type 'System.ArgumentException' with message 'Syntax node is not within syntax tree'. [C:\Users\ultra\warewolf\Dev\Dev2.Infrastructure\Dev2.Infrastructure.csproj]
C:\Users\ultra\warewolf\Dev\Warewolf.AI.Harness\ChatbotApiService.cs(11,7): warning CS0105: The using directive for 'System.Text' appeared previously in this namespace [C:\Users\ultra\warewolf\Dev\Warewolf.AI.Harness\Warewolf.AI.Harness.csproj]
C:\Users\ultra\warewolf\Dev\Warewolf.AI.Harness\ChatbotApiService.cs(12,7): warning CS0105: The using directive for 'Newtonsoft.Json' appeared previously in this namespace [C:\Users\ultra\warewolf\Dev\Warewolf.AI.Harness\Warewolf.AI.Harness.csproj]
C:\Users\ultra\warewolf\Dev\Warewolf.AI.Harness\ChatbotApiService.cs(641,23): warning CS8618: Non-nullable property 'Model' must contain a non-null value when exiting constructor. Consider adding the 'required' modifier or declaring the property as nullable. [C:\Users\ultra\warewolf\Dev\Warewolf.AI.Harness\Warewolf.AI.Harness.csproj]
C:\Users\ultra\warewolf\Dev\Warewolf.AI.Harness\ChatbotApiService.cs(659,23): warning CS8618: Non-nullable property 'FinishReason' must contain a non-null value when exiting constructor. Consider adding the 'required' modifier or declaring the property as nullable. [C:\Users\ultra\warewolf\Dev\Warewolf.AI.Harness\Warewolf.AI.Harness.csproj]
C:\Users\ultra\warewolf\Dev\Warewolf.AI.Harness\ChatbotApiService.cs(201,34): warning CS8600: Converting null literal or possible null value to non-nullable type. [C:\Users\ultra\warewolf\Dev\Warewolf.AI.Harness\Warewolf.AI.Harness.csproj]
C:\Users\ultra\warewolf\Dev\Warewolf.AI.Harness\ChatbotApiService.cs(215,51): warning CS8602: Dereference of a possibly null reference. [C:\Users\ultra\warewolf\Dev\Warewolf.AI.Harness\Warewolf.AI.Harness.csproj]
C:\Users\ultra\warewolf\Dev\Warewolf.AI.Harness\ChatbotApiService.cs(218,25): warning CS8602: Dereference of a possibly null reference. [C:\Users\ultra\warewolf\Dev\Warewolf.AI.Harness\Warewolf.AI.Harness.csproj]
C:\Users\ultra\warewolf\Dev\Warewolf.AI.Harness\ChatbotApiService.cs(303,34): warning CS8600: Converting null literal or possible null value to non-nullable type. [C:\Users\ultra\warewolf\Dev\Warewolf.AI.Harness\Warewolf.AI.Harness.csproj]
C:\Users\ultra\warewolf\Dev\Warewolf.AI.Harness\ChatbotApiService.cs(312,51): warning CS8602: Dereference of a possibly null reference. [C:\Users\ultra\warewolf\Dev\Warewolf.AI.Harness\Warewolf.AI.Harness.csproj]
C:\Users\ultra\warewolf\Dev\Warewolf.AI.Harness\ChatbotApiService.cs(314,30): warning CS8602: Dereference of a possibly null reference. [C:\Users\ultra\warewolf\Dev\Warewolf.AI.Harness\Warewolf.AI.Harness.csproj]
C:\Users\ultra\warewolf\Dev\Warewolf.AI.Harness\ChatbotApiService.cs(477,32): warning CS8600: Converting null literal or possible null value to non-nullable type. [C:\Users\ultra\warewolf\Dev\Warewolf.AI.Harness\Warewolf.AI.Harness.csproj]
C:\Users\ultra\warewolf\Dev\Warewolf.AI.Harness\ChatbotApiService.cs(478,32): warning CS8600: Converting null literal or possible null value to non-nullable type. [C:\Users\ultra\warewolf\Dev\Warewolf.AI.Harness\Warewolf.AI.Harness.csproj]
C:\Users\ultra\warewolf\Dev\Warewolf.AI.Harness\ChatbotApiService.cs(481,73): warning CS8625: Cannot convert null literal to non-nullable reference type. [C:\Users\ultra\warewolf\Dev\Warewolf.AI.Harness\Warewolf.AI.Harness.csproj]
C:\Users\ultra\warewolf\Dev\Warewolf.AI.Harness\ChatbotApiService.cs(482,60): warning CS8604: Possible null reference argument for parameter 'authHeaderName' in 'HttpResponseMessage ChatbotApiService.PostWithAuth(string endpoint, object payload, string authHeaderName, string authHeaderValue, string additionalHeaders)'. [C:\Users\ultra\warewolf\Dev\Warewolf.AI.Harness\Warewolf.AI.Harness.csproj]
C:\Users\ultra\warewolf\Dev\Warewolf.AI.Harness\ChatbotApiService.cs(482,70): warning CS8604: Possible null reference argument for parameter 'authHeaderValue' in 'HttpResponseMessage ChatbotApiService.PostWithAuth(string endpoint, object payload, string authHeaderName, string authHeaderValue, string additionalHeaders)'. [C:\Users\ultra\warewolf\Dev\Warewolf.AI.Harness\Warewolf.AI.Harness.csproj]
C:\Users\ultra\warewolf\Dev\Warewolf.AI.Harness\ChatbotApiService.cs(482,81): warning CS8625: Cannot convert null literal to non-nullable reference type. [C:\Users\ultra\warewolf\Dev\Warewolf.AI.Harness\Warewolf.AI.Harness.csproj]
C:\Users\ultra\warewolf\Dev\Warewolf.AI.Harness\ChatbotApiService.cs(496,73): warning CS8625: Cannot convert null literal to non-nullable reference type. [C:\Users\ultra\warewolf\Dev\Warewolf.AI.Harness\Warewolf.AI.Harness.csproj]
C:\Users\ultra\warewolf\Dev\Warewolf.AI.Harness\ChatbotApiService.cs(497,81): warning CS8625: Cannot convert null literal to non-nullable reference type. [C:\Users\ultra\warewolf\Dev\Warewolf.AI.Harness\Warewolf.AI.Harness.csproj]
C:\Users\ultra\warewolf\Dev\Warewolf.AI.Harness\ChatbotApiService.cs(514,73): warning CS8625: Cannot convert null literal to non-nullable reference type. [C:\Users\ultra\warewolf\Dev\Warewolf.AI.Harness\Warewolf.AI.Harness.csproj]
C:\Users\ultra\warewolf\Dev\Warewolf.AI.Harness\ChatbotApiService.cs(515,114): warning CS8625: Cannot convert null literal to non-nullable reference type. [C:\Users\ultra\warewolf\Dev\Warewolf.AI.Harness\Warewolf.AI.Harness.csproj]
C:\Users\ultra\warewolf\Dev\Warewolf.AI.Harness\ChatbotApiService.cs(521,36): warning CS8600: Converting null literal or possible null value to non-nullable type. [C:\Users\ultra\warewolf\Dev\Warewolf.AI.Harness\Warewolf.AI.Harness.csproj]
C:\Users\ultra\warewolf\Dev\Warewolf.AI.Harness\ChatbotApiService.cs(538,82): warning CS8604: Possible null reference argument for parameter 'systemMessage' in 'Dictionary<string, object> ChatbotApiService.CreatePayload(string model, object messages, string systemMessage, bool useMaxCompletionTokens, bool includeTemperature)'. [C:\Users\ultra\warewolf\Dev\Warewolf.AI.Harness\Warewolf.AI.Harness.csproj]
C:\Users\ultra\warewolf\Dev\Warewolf.AI.Harness\ChatbotApiService.cs(545,35): warning CS8600: Converting null literal or possible null value to non-nullable type. [C:\Users\ultra\warewolf\Dev\Warewolf.AI.Harness\Warewolf.AI.Harness.csproj]
C:\Users\ultra\warewolf\Dev\Warewolf.AI.Harness\ChatbotApiService.cs(589,68): warning CS8625: Cannot convert null literal to non-nullable reference type. [C:\Users\ultra\warewolf\Dev\Warewolf.AI.Harness\Warewolf.AI.Harness.csproj]
C:\Users\ultra\warewolf\Dev\Warewolf.AI.Harness\ChatbotApiService.cs(589,74): warning CS8625: Cannot convert null literal to non-nullable reference type. [C:\Users\ultra\warewolf\Dev\Warewolf.AI.Harness\Warewolf.AI.Harness.csproj]
C:\Users\ultra\warewolf\Dev\Warewolf.AI.Harness\ChatbotApiService.cs(589,80): warning CS8625: Cannot convert null literal to non-nullable reference type. [C:\Users\ultra\warewolf\Dev\Warewolf.AI.Harness\Warewolf.AI.Harness.csproj]
  Warewolf.AI.Harness -> C:\Users\ultra\warewolf\Dev\Warewolf.AI.Harness\bin\Debug\net8.0\Warewolf.AI.Harness.dll
  Dev2.Infrastructure -> C:\Users\ultra\warewolf\Dev\Dev2.Infrastructure\bin\Debug\net8.0\Dev2.Infrastructure.dll
C:\Program Files\dotnet\sdk\10.0.201\Microsoft.CSharp.CurrentVersion.targets(130,9): warning MSB3884: Could not find rule set file "..\.sonarlint\warewolf_dotnet_frameworkcsharp.ruleset". [C:\Users\ultra\warewolf\Dev\Warewolf.Sharepoint\Warewolf.Sharepoint.csproj]
C:\Users\ultra\warewolf\Dev\Dev2.SignalR.Wrappers.New\HubConnectionWrapper.cs(431,21): warning SYSLIB0006: 'Thread.Abort()' is obsolete: 'Thread.Abort is not supported and throws PlatformNotSupportedException.' (https://aka.ms/dotnet-warnings/SYSLIB0006) [C:\Users\ultra\warewolf\Dev\Dev2.SignalR.Wrappers.New\Dev2.SignalR.Wrappers.New.csproj]
C:\Users\ultra\warewolf\Dev\Dev2.SignalR.Wrappers.New\HubConnectionWrapper.cs(205,21): warning CC0029: 'HubConnectionWrapper' should call GC.SuppressFinalize inside the Dispose method. (https://code-cracker.github.io/diagnostics/CC0029.html) [C:\Users\ultra\warewolf\Dev\Dev2.SignalR.Wrappers.New\Dev2.SignalR.Wrappers.New.csproj]
C:\Users\ultra\warewolf\Dev\Dev2.SignalR.Wrappers.New\HubConnectionWrapper.cs(383,17): warning CC0105: Use 'var' instead of specifying the type name. (https://code-cracker.github.io/diagnostics/CC0105.html) [C:\Users\ultra\warewolf\Dev\Dev2.SignalR.Wrappers.New\Dev2.SignalR.Wrappers.New.csproj]
  Dev2.Runtime.Configuration.Tests -> C:\Users\ultra\warewolf\Dev\Dev2.Runtime.Configuration.Tests\bin\Debug\net8.0\linux-x64\Dev2.Runtime.Configuration.Tests.dll
  Dev2.SignalR.Wrappers.New -> C:\Users\ultra\warewolf\Dev\Dev2.SignalR.Wrappers.New\bin\Debug\net8.0\Dev2.SignalR.Wrappers.New.dll
  Warewolf.Sharepoint -> C:\Users\ultra\warewolf\Dev\Warewolf.Sharepoint\bin\Debug\net8.0\Warewolf.Sharepoint.dll
  Warewolf.Storage -> C:\Users\ultra\warewolf\Dev\Warewolf.Storage\bin\Debug\net8.0\Warewolf.Storage.dll
C:\Users\ultra\warewolf\Dev\Dev2.Services.Sql\ConnectionBuilder.cs(44,21): warning CC0029: 'ConnectionBuilder' should call GC.SuppressFinalize inside the Dispose method. (https://code-cracker.github.io/diagnostics/CC0029.html) [C:\Users\ultra\warewolf\Dev\Dev2.Services.Sql\Dev2.Services.Sql.csproj]
  Dev2.Services.Sql -> C:\Users\ultra\warewolf\Dev\Dev2.Services.Sql\bin\Debug\net8.0\Dev2.Services.Sql.dll
C:\Users\ultra\warewolf\Dev\Warewolf.PerfMon\Program.cs(26,2): warning CA1416: This call site is reachable on all platforms. 'ServiceBase.Run(ServiceBase)' is only supported on: 'windows'. (https://learn.microsoft.com/dotnet/fundamentals/code-analysis/quality-rules/ca1416) [C:\Users\ultra\warewolf\Dev\Warewolf.PerfMon\Warewolf.PerfMon.csproj]
  Warewolf.PerfMon -> C:\Users\ultra\warewolf\Dev\Warewolf.PerfMon\bin\Debug\net8.0\linux-x64\Warewolf.PerfMon.dll
C:\Program Files\dotnet\sdk\10.0.201\Microsoft.Common.CurrentVersion.targets(2451,5): warning MSB3245: Could not resolve this reference. Could not locate the assembly "System.Web". Check to make sure the assembly exists on disk. If this reference is required by your code, you may get compilation errors. [C:\Users\ultra\warewolf\Dev\Dev2.Data\Dev2.Data.csproj]
C:\Program Files\dotnet\sdk\10.0.201\Microsoft.Common.CurrentVersion.targets(2451,5): warning MSB3245: Could not resolve this reference. Could not locate the assembly "System.Web.Extensions". Check to make sure the assembly exists on disk. If this reference is required by your code, you may get compilation errors. [C:\Users\ultra\warewolf\Dev\Dev2.Data\Dev2.Data.csproj]
C:\Program Files\dotnet\sdk\10.0.201\Microsoft.Common.CurrentVersion.targets(2451,5): warning MSB3245: Could not resolve this reference. Could not locate the assembly "System.Xml.Linq". Check to make sure the assembly exists on disk. If this reference is required by your code, you may get compilation errors. [C:\Users\ultra\warewolf\Dev\Dev2.Data\Dev2.Data.csproj]
C:\Program Files\dotnet\sdk\10.0.201\Microsoft.Common.CurrentVersion.targets(2451,5): warning MSB3245: Could not resolve this reference. Could not locate the assembly "System.Data.DataSetExtensions". Check to make sure the assembly exists on disk. If this reference is required by your code, you may get compilation errors. [C:\Users\ultra\warewolf\Dev\Dev2.Data\Dev2.Data.csproj]
C:\Program Files\dotnet\sdk\10.0.201\Microsoft.Common.CurrentVersion.targets(2451,5): warning MSB3245: Could not resolve this reference. Could not locate the assembly "Microsoft.CSharp". Check to make sure the assembly exists on disk. If this reference is required by your code, you may get compilation errors. [C:\Users\ultra\warewolf\Dev\Dev2.Data\Dev2.Data.csproj]
C:\Program Files\dotnet\sdk\10.0.201\Microsoft.Common.CurrentVersion.targets(2451,5): warning MSB3245: Could not resolve this reference. Could not locate the assembly "System.Data". Check to make sure the assembly exists on disk. If this reference is required by your code, you may get compilation errors. [C:\Users\ultra\warewolf\Dev\Dev2.Data\Dev2.Data.csproj]
C:\Program Files\dotnet\sdk\10.0.201\Microsoft.Common.CurrentVersion.targets(2451,5): warning MSB3245: Could not resolve this reference. Could not locate the assembly "System.Xml". Check to make sure the assembly exists on disk. If this reference is required by your code, you may get compilation errors. [C:\Users\ultra\warewolf\Dev\Dev2.Data\Dev2.Data.csproj]
C:\Program Files\dotnet\sdk\10.0.201\Microsoft.Common.CurrentVersion.targets(2451,5): warning MSB3243: No way to resolve conflict between "System.Web, Version=4.0.0.0, Culture=neutral, PublicKeyToken=b03f5f7f11d50a3a" and "System.Web". Choosing "System.Web, Version=4.0.0.0, Culture=neutral, PublicKeyToken=b03f5f7f11d50a3a" arbitrarily. [C:\Users\ultra\warewolf\Dev\Dev2.Data\Dev2.Data.csproj]
C:\Program Files\dotnet\sdk\10.0.201\Microsoft.Common.CurrentVersion.targets(2451,5): warning MSB3243: No way to resolve conflict between "System.Xml.Linq, Version=4.0.0.0, Culture=neutral, PublicKeyToken=b77a5c561934e089" and "System.Xml.Linq". Choosing "System.Xml.Linq, Version=4.0.0.0, Culture=neutral, PublicKeyToken=b77a5c561934e089" arbitrarily. [C:\Users\ultra\warewolf\Dev\Dev2.Data\Dev2.Data.csproj]
C:\Program Files\dotnet\sdk\10.0.201\Microsoft.Common.CurrentVersion.targets(2451,5): warning MSB3243: No way to resolve conflict between "System.Data.DataSetExtensions, Version=8.0.0.0, Culture=neutral, PublicKeyToken=b77a5c561934e089" and "System.Data.DataSetExtensions". Choosing "System.Data.DataSetExtensions, Version=8.0.0.0, Culture=neutral, PublicKeyToken=b77a5c561934e089" arbitrarily. [C:\Users\ultra\warewolf\Dev\Dev2.Data\Dev2.Data.csproj]
C:\Program Files\dotnet\sdk\10.0.201\Microsoft.Common.CurrentVersion.targets(2451,5): warning MSB3243: No way to resolve conflict between "Microsoft.CSharp, Version=8.0.0.0, Culture=neutral, PublicKeyToken=b03f5f7f11d50a3a" and "Microsoft.CSharp". Choosing "Microsoft.CSharp, Version=8.0.0.0, Culture=neutral, PublicKeyToken=b03f5f7f11d50a3a" arbitrarily. [C:\Users\ultra\warewolf\Dev\Dev2.Data\Dev2.Data.csproj]
C:\Program Files\dotnet\sdk\10.0.201\Microsoft.Common.CurrentVersion.targets(2451,5): warning MSB3243: No way to resolve conflict between "System.Data, Version=4.0.0.0, Culture=neutral, PublicKeyToken=b77a5c561934e089" and "System.Data". Choosing "System.Data, Version=4.0.0.0, Culture=neutral, PublicKeyToken=b77a5c561934e089" arbitrarily. [C:\Users\ultra\warewolf\Dev\Dev2.Data\Dev2.Data.csproj]
C:\Program Files\dotnet\sdk\10.0.201\Microsoft.Common.CurrentVersion.targets(2451,5): warning MSB3243: No way to resolve conflict between "System.Xml, Version=4.0.0.0, Culture=neutral, PublicKeyToken=b77a5c561934e089" and "System.Xml". Choosing "System.Xml, Version=4.0.0.0, Culture=neutral, PublicKeyToken=b77a5c561934e089" arbitrarily. [C:\Users\ultra\warewolf\Dev\Dev2.Data\Dev2.Data.csproj]
CSC : warning CS2002: Source file 'C:\Users\ultra\warewolf\Dev\Dev2.Data\MathOperations\NCalc\NCalcExpressionBuilder.cs' specified multiple times [C:\Users\ultra\warewolf\Dev\Dev2.Data\Dev2.Data.csproj]
CSC : warning CS2002: Source file 'C:\Users\ultra\warewolf\Dev\Dev2.Data\MathOperations\NCalc\NCalcFunctionArgHelper.cs' specified multiple times [C:\Users\ultra\warewolf\Dev\Dev2.Data\Dev2.Data.csproj]
CSC : warning CS2002: Source file 'C:\Users\ultra\warewolf\Dev\Dev2.Data\MathOperations\NCalc\Functions\BaseConversionFunctions.cs' specified multiple times [C:\Users\ultra\warewolf\Dev\Dev2.Data\Dev2.Data.csproj]
CSC : warning CS2002: Source file 'C:\Users\ultra\warewolf\Dev\Dev2.Data\MathOperations\NCalc\Functions\ComplexFunctions.cs' specified multiple times [C:\Users\ultra\warewolf\Dev\Dev2.Data\Dev2.Data.csproj]
CSC : warning CS2002: Source file 'C:\Users\ultra\warewolf\Dev\Dev2.Data\MathOperations\NCalc\Functions\DateTimeFunctions.cs' specified multiple times [C:\Users\ultra\warewolf\Dev\Dev2.Data\Dev2.Data.csproj]
CSC : warning CS2002: Source file 'C:\Users\ultra\warewolf\Dev\Dev2.Data\MathOperations\NCalc\Functions\FinancialFunctions.cs' specified multiple times [C:\Users\ultra\warewolf\Dev\Dev2.Data\Dev2.Data.csproj]
CSC : warning CS2002: Source file 'C:\Users\ultra\warewolf\Dev\Dev2.Data\MathOperations\NCalc\Functions\InformationFunctions.cs' specified multiple times [C:\Users\ultra\warewolf\Dev\Dev2.Data\Dev2.Data.csproj]
CSC : warning CS2002: Source file 'C:\Users\ultra\warewolf\Dev\Dev2.Data\MathOperations\NCalc\Functions\MathFunctions.cs' specified multiple times [C:\Users\ultra\warewolf\Dev\Dev2.Data\Dev2.Data.csproj]
CSC : warning CS2002: Source file 'C:\Users\ultra\warewolf\Dev\Dev2.Data\MathOperations\NCalc\Functions\StringFunctions.cs' specified multiple times [C:\Users\ultra\warewolf\Dev\Dev2.Data\Dev2.Data.csproj]
C:\Users\ultra\warewolf\Dev\Dev2.Data\MathOperations\NCalc\Functions\MathFunctions.cs(22,30): warning CS8632: The annotation for nullable reference types should only be used in code within a '#nullable' annotations context. [C:\Users\ultra\warewolf\Dev\Dev2.Data\Dev2.Data.csproj]
C:\Users\ultra\warewolf\Dev\Dev2.Data\MathOperations\NCalc\NCalcFunctionArgHelper.cs(51,47): warning CS8632: The annotation for nullable reference types should only be used in code within a '#nullable' annotations context. [C:\Users\ultra\warewolf\Dev\Dev2.Data\Dev2.Data.csproj]
C:\Users\ultra\warewolf\Dev\Dev2.Data\MathOperations\NCalc\Functions\StringFunctions.cs(94,59): warning CS8632: The annotation for nullable reference types should only be used in code within a '#nullable' annotations context. [C:\Users\ultra\warewolf\Dev\Dev2.Data\Dev2.Data.csproj]
C:\Users\ultra\warewolf\Dev\Dev2.Data\NativeMethods.cs(66,59): warning CS0472: The result of the expression is always 'false' since a value of type 'nint' is never equal to 'null' of type 'nint?' [C:\Users\ultra\warewolf\Dev\Dev2.Data\Dev2.Data.csproj]
C:\Users\ultra\warewolf\Dev\Dev2.Data\NativeMethods.cs(88,8): warning CS0472: The result of the expression is always 'false' since a value of type 'nint' is never equal to 'null' of type 'nint?' [C:\Users\ultra\warewolf\Dev\Dev2.Data\Dev2.Data.csproj]
C:\Users\ultra\warewolf\Dev\Dev2.Data\Security\WindowsIdentityExtensions.cs(41,59): warning CA1416: This call site is reachable on all platforms. 'WindowsIdentity.AccessToken' is only supported on: 'windows'. (https://learn.microsoft.com/dotnet/fundamentals/code-analysis/quality-rules/ca1416) [C:\Users\ultra\warewolf\Dev\Dev2.Data\Dev2.Data.csproj]
C:\Users\ultra\warewolf\Dev\Dev2.Data\Security\WindowsIdentityExtensions.cs(28,49): warning CA1416: This call site is reachable on all platforms. 'WindowsIdentity.AccessToken' is only supported on: 'windows'. (https://learn.microsoft.com/dotnet/fundamentals/code-analysis/quality-rules/ca1416) [C:\Users\ultra\warewolf\Dev\Dev2.Data\Dev2.Data.csproj]
C:\Users\ultra\warewolf\Dev\Dev2.Data\Security\WindowsIdentityExtensions.cs(28,17): warning CA1416: This call site is reachable on all platforms. 'WindowsIdentity.RunImpersonated(SafeAccessTokenHandle, Action)' is only supported on: 'windows'. (https://learn.microsoft.com/dotnet/fundamentals/code-analysis/quality-rules/ca1416) [C:\Users\ultra\warewolf\Dev\Dev2.Data\Dev2.Data.csproj]
C:\Users\ultra\warewolf\Dev\Dev2.Data\Security\WindowsIdentityExtensions.cs(41,24): warning CA1416: This call site is reachable on all platforms. 'WindowsIdentity.RunImpersonated<T>(SafeAccessTokenHandle, Func<T>)' is only supported on: 'windows'. (https://learn.microsoft.com/dotnet/fundamentals/code-analysis/quality-rules/ca1416) [C:\Users\ultra\warewolf\Dev\Dev2.Data\Dev2.Data.csproj]
C:\Users\ultra\warewolf\Dev\Dev2.Data\PathOperations\ValidateAuthorization.cs(73,33): warning CA1416: This call site is reachable on all platforms. 'WindowsIdentity' is only supported on: 'windows'. (https://learn.microsoft.com/dotnet/fundamentals/code-analysis/quality-rules/ca1416) [C:\Users\ultra\warewolf\Dev\Dev2.Data\Dev2.Data.csproj]
  Dev2.Data -> C:\Users\ultra\warewolf\Dev\Dev2.Data\bin\Debug\net8.0\Dev2.Data.dll
  Warewolf.Driver.Serilog -> C:\Users\ultra\warewolf\Dev\Warewolf.Driver.Serilog\bin\Debug\net8.0\Warewolf.Driver.Serilog.dll
  Dev2.Scheduler -> C:\Users\ultra\warewolf\Dev\Dev2.Scheduler\bin\Debug\net8.0\Dev2.Scheduler.dll
  Dev2.Core -> C:\Users\ultra\warewolf\Dev\Dev2.Core\bin\Debug\net8.0\Dev2.Core.dll
  Warewolf.Exchange.Email.Wrapper -> C:\Users\ultra\warewolf\Dev\Warewolf.Exchange.Email.Wrapper\bin\Debug\net8.0\Warewolf.Exchange.Email.Wrapper.dll
  Warewolf.ResourceManagement -> C:\Users\ultra\warewolf\Dev\Warewolf.ResourceManagement\bin\Debug\net8.0\Warewolf.ResourceManagement.dll
C:\Users\ultra\warewolf\Dev\Warewolf.Core\InputsFromJson.cs(99,21): warning CC0105: Use 'var' instead of specifying the type name. (https://code-cracker.github.io/diagnostics/CC0105.html) [C:\Users\ultra\warewolf\Dev\Warewolf.Core\Warewolf.Core.csproj]
  Warewolf.Core -> C:\Users\ultra\warewolf\Dev\Warewolf.Core\bin\Debug\net8.0\Warewolf.Core.dll
C:\Users\ultra\warewolf\Dev\Warewolf.Auditing\Audit.cs(189,26): warning CS8073: The result of the expression is always 'false' since a value of type 'DateTime' is never equal to 'null' of type 'DateTime?' [C:\Users\ultra\warewolf\Dev\Warewolf.Auditing\Warewolf.Auditing.csproj]
C:\Users\ultra\warewolf\Dev\Warewolf.Auditing\Drivers\AuditQueryableElastic.cs(360,33): warning CS0618: 'ElasticsearchClient.Search<TDocument>(SearchRequestDescriptor<TDocument>)' is obsolete: 'Synchronous methods are deprecated and could be removed in the future.' [C:\Users\ultra\warewolf\Dev\Warewolf.Auditing\Warewolf.Auditing.csproj]
C:\Users\ultra\warewolf\Dev\Warewolf.Auditing\Drivers\AuditQueryableElastic.cs(384,26): warning CS0618: 'ElasticsearchClient.Ping()' is obsolete: 'Synchronous methods are deprecated and could be removed in the future.' [C:\Users\ultra\warewolf\Dev\Warewolf.Auditing\Warewolf.Auditing.csproj]
  Warewolf.Auditing -> C:\Users\ultra\warewolf\Dev\Warewolf.Auditing\bin\Debug\net8.0\Warewolf.Auditing.dll
C:\Users\ultra\warewolf\Dev\Warewolf.Common.NetStandard20\Wrappers\WebRequestWrapper.cs(26,24): warning SYSLIB0014: 'WebRequest.Create(string)' is obsolete: 'WebRequest, HttpWebRequest, ServicePoint, and WebClient are obsolete. Use HttpClient instead.' (https://aka.ms/dotnet-warnings/SYSLIB0014) [C:\Users\ultra\warewolf\Dev\Warewolf.Common.NetStandard20\Warewolf.Common.NetStandard20.csproj]
C:\Users\ultra\warewolf\Dev\Warewolf.Common.NetStandard20\Wrappers\WebClientWrapper.cs(26,26): warning SYSLIB0014: 'WebClient.WebClient()' is obsolete: 'WebRequest, HttpWebRequest, ServicePoint, and WebClient are obsolete. Use HttpClient instead.' (https://aka.ms/dotnet-warnings/SYSLIB0014) [C:\Users\ultra\warewolf\Dev\Warewolf.Common.NetStandard20\Warewolf.Common.NetStandard20.csproj]
C:\Users\ultra\warewolf\Dev\Warewolf.Common.NetStandard20\Wrappers\WebClientWrapper.cs(31,26): warning SYSLIB0014: 'WebClient.WebClient()' is obsolete: 'WebRequest, HttpWebRequest, ServicePoint, and WebClient are obsolete. Use HttpClient instead.' (https://aka.ms/dotnet-warnings/SYSLIB0014) [C:\Users\ultra\warewolf\Dev\Warewolf.Common.NetStandard20\Warewolf.Common.NetStandard20.csproj]
  Warewolf.Common.NetStandard20 -> C:\Users\ultra\warewolf\Dev\Warewolf.Common.NetStandard20\bin\Debug\net8.0\Warewolf.Common.NetStandard20.dll
C:\Users\ultra\warewolf\Dev\Dev2.Runtime.Services\ServiceModel\ElasticsearchSources.cs(110,34): warning CS0618: 'ElasticsearchClient.Ping()' is obsolete: 'Synchronous methods are deprecated and could be removed in the future.' [C:\Users\ultra\warewolf\Dev\Dev2.Runtime.Services\Dev2.Runtime.Services.csproj]
C:\Users\ultra\warewolf\Dev\Dev2.Runtime.Services\ESB\Management\Services\FetchTestsAndTriggers.cs(45,17): warning CC0105: Use 'var' instead of specifying the type name. (https://code-cracker.github.io/diagnostics/CC0105.html) [C:\Users\ultra\warewolf\Dev\Dev2.Runtime.Services\Dev2.Runtime.Services.csproj]
C:\Users\ultra\warewolf\Dev\Dev2.Runtime.Services\UsageLogger.cs(66,33): warning CC0022: ManagementObjectSearcher should be disposed. (https://code-cracker.github.io/diagnostics/CC0022.html) [C:\Users\ultra\warewolf\Dev\Dev2.Runtime.Services\Dev2.Runtime.Services.csproj]
C:\Users\ultra\warewolf\Dev\Dev2.Runtime.Services\ESB\Management\Services\ChatbotToolNormalizer.cs(80,17): warning CC0003: Consider adding an Exception to the catch. (https://code-cracker.github.io/diagnostics/CC0003.html) [C:\Users\ultra\warewolf\Dev\Dev2.Runtime.Services\Dev2.Runtime.Services.csproj]
C:\Users\ultra\warewolf\Dev\Dev2.Runtime.Services\ESB\Management\Services\ChatbotToolNormalizer.cs(101,21): warning CC0004: Empty Catch Block. (https://code-cracker.github.io/diagnostics/CC0004.html) [C:\Users\ultra\warewolf\Dev\Dev2.Runtime.Services\Dev2.Runtime.Services.csproj]
C:\Users\ultra\warewolf\Dev\Dev2.Runtime.Services\ESB\Management\Services\TestChatbotSource.cs(44,17): warning CC0105: Use 'var' instead of specifying the type name. (https://code-cracker.github.io/diagnostics/CC0105.html) [C:\Users\ultra\warewolf\Dev\Dev2.Runtime.Services\Dev2.Runtime.Services.csproj]
C:\Users\ultra\warewolf\Dev\Dev2.Runtime.Services\ESB\Management\Services\TestChatbotSource.cs(45,17): warning CC0105: Use 'var' instead of specifying the type name. (https://code-cracker.github.io/diagnostics/CC0105.html) [C:\Users\ultra\warewolf\Dev\Dev2.Runtime.Services\Dev2.Runtime.Services.csproj]
C:\Users\ultra\warewolf\Dev\Dev2.Runtime.Services\ESB\Management\Services\ChatbotToolNormalizer.cs(226,21): warning CC0105: Use 'var' instead of specifying the type name. (https://code-cracker.github.io/diagnostics/CC0105.html) [C:\Users\ultra\warewolf\Dev\Dev2.Runtime.Services\Dev2.Runtime.Services.csproj]
C:\Users\ultra\warewolf\Dev\Dev2.Runtime.Services\ESB\Management\Services\ChatbotToolNormalizer.cs(279,21): warning CC0105: Use 'var' instead of specifying the type name. (https://code-cracker.github.io/diagnostics/CC0105.html) [C:\Users\ultra\warewolf\Dev\Dev2.Runtime.Services\Dev2.Runtime.Services.csproj]
C:\Users\ultra\warewolf\Dev\Dev2.Runtime.Services\ServiceModel\WebSources.cs(532,7): warning CC0004: Empty Catch Block. (https://code-cracker.github.io/diagnostics/CC0004.html) [C:\Users\ultra\warewolf\Dev\Dev2.Runtime.Services\Dev2.Runtime.Services.csproj]
C:\Users\ultra\warewolf\Dev\Dev2.Runtime.Services\ServiceModel\WebSources.cs(751,38): warning CC0022: StringContent should be disposed. (https://code-cracker.github.io/diagnostics/CC0022.html) [C:\Users\ultra\warewolf\Dev\Dev2.Runtime.Services\Dev2.Runtime.Services.csproj]
  Dev2.Runtime.Services -> C:\Users\ultra\warewolf\Dev\Dev2.Runtime.Services\bin\Debug\net8.0\Dev2.Runtime.Services.dll
C:\Users\ultra\warewolf\Dev\Warewolf.Driver.Persistence\Drivers\HangfireScheduler.cs(320,17): warning CA2200: Re-throwing caught exception changes stack information (https://learn.microsoft.com/dotnet/fundamentals/code-analysis/quality-rules/ca2200) [C:\Users\ultra\warewolf\Dev\Warewolf.Driver.Persistence\Warewolf.Driver.Persistence.csproj]
C:\Users\ultra\warewolf\Dev\Warewolf.Driver.Persistence\Drivers\HangfireScheduler.cs(397,17): warning CA2200: Re-throwing caught exception changes stack information (https://learn.microsoft.com/dotnet/fundamentals/code-analysis/quality-rules/ca2200) [C:\Users\ultra\warewolf\Dev\Warewolf.Driver.Persistence\Warewolf.Driver.Persistence.csproj]
C:\Users\ultra\warewolf\Dev\Warewolf.Driver.Persistence\Drivers\HangfireScheduler.cs(376,17): warning CA2200: Re-throwing caught exception changes stack information (https://learn.microsoft.com/dotnet/fundamentals/code-analysis/quality-rules/ca2200) [C:\Users\ultra\warewolf\Dev\Warewolf.Driver.Persistence\Warewolf.Driver.Persistence.csproj]
  Dev2.Studio.Interfaces -> C:\Users\ultra\warewolf\Dev\Dev2.Studio.Interfaces\bin\Debug\net8.0\Dev2.Studio.Interfaces.dll
  Warewolf.Driver.Persistence -> C:\Users\ultra\warewolf\Dev\Warewolf.Driver.Persistence\bin\Debug\net8.0\Warewolf.Driver.Persistence.dll
  Dev2.Services.Execution -> C:\Users\ultra\warewolf\Dev\Dev2.Services.Execution\bin\Debug\net8.0\Dev2.Services.Execution.dll
C:\Program Files\dotnet\sdk\10.0.201\Microsoft.Common.CurrentVersion.targets(2451,5): warning MSB3277: Found conflicts between different versions of "Microsoft.Win32.SystemEvents" that could not be resolved. [C:\Users\ultra\warewolf\Dev\Warewolf.Studio.Core\Warewolf.Studio.Core.csproj]
C:\Program Files\dotnet\sdk\10.0.201\Microsoft.Common.CurrentVersion.targets(2451,5): warning MSB3277: There was a conflict between "Microsoft.Win32.SystemEvents, Version=6.0.0.0, Culture=neutral, PublicKeyToken=cc7b13ffcd2ddd51" and "Microsoft.Win32.SystemEvents, Version=7.0.0.0, Culture=neutral, PublicKeyToken=cc7b13ffcd2ddd51". [C:\Users\ultra\warewolf\Dev\Warewolf.Studio.Core\Warewolf.Studio.Core.csproj]
C:\Program Files\dotnet\sdk\10.0.201\Microsoft.Common.CurrentVersion.targets(2451,5): warning MSB3277:     "Microsoft.Win32.SystemEvents, Version=6.0.0.0, Culture=neutral, PublicKeyToken=cc7b13ffcd2ddd51" was chosen because it was primary and "Microsoft.Win32.SystemEvents, Version=7.0.0.0, Culture=neutral, PublicKeyToken=cc7b13ffcd2ddd51" was not. [C:\Users\ultra\warewolf\Dev\Warewolf.Studio.Core\Warewolf.Studio.Core.csproj]
C:\Program Files\dotnet\sdk\10.0.201\Microsoft.Common.CurrentVersion.targets(2451,5): warning MSB3277:     References which depend on "Microsoft.Win32.SystemEvents, Version=6.0.0.0, Culture=neutral, PublicKeyToken=cc7b13ffcd2ddd51" [C:\Users\ultra\.nuget\packages\microsoft.win32.systemevents\6.0.0\lib\net6.0\Microsoft.Win32.SystemEvents.dll]. [C:\Users\ultra\warewolf\Dev\Warewolf.Studio.Core\Warewolf.Studio.Core.csproj]
C:\Program Files\dotnet\sdk\10.0.201\Microsoft.Common.CurrentVersion.targets(2451,5): warning MSB3277:         C:\Users\ultra\.nuget\packages\microsoft.win32.systemevents\6.0.0\lib\net6.0\Microsoft.Win32.SystemEvents.dll [C:\Users\ultra\warewolf\Dev\Warewolf.Studio.Core\Warewolf.Studio.Core.csproj]
C:\Program Files\dotnet\sdk\10.0.201\Microsoft.Common.CurrentVersion.targets(2451,5): warning MSB3277:           Project file item includes which caused reference "C:\Users\ultra\.nuget\packages\microsoft.win32.systemevents\6.0.0\lib\net6.0\Microsoft.Win32.SystemEvents.dll". [C:\Users\ultra\warewolf\Dev\Warewolf.Studio.Core\Warewolf.Studio.Core.csproj]
C:\Program Files\dotnet\sdk\10.0.201\Microsoft.Common.CurrentVersion.targets(2451,5): warning MSB3277:             C:\Users\ultra\.nuget\packages\microsoft.win32.systemevents\6.0.0\lib\net6.0\Microsoft.Win32.SystemEvents.dll [C:\Users\ultra\warewolf\Dev\Warewolf.Studio.Core\Warewolf.Studio.Core.csproj]
C:\Program Files\dotnet\sdk\10.0.201\Microsoft.Common.CurrentVersion.targets(2451,5): warning MSB3277:     References which depend on or have been unified to "Microsoft.Win32.SystemEvents, Version=7.0.0.0, Culture=neutral, PublicKeyToken=cc7b13ffcd2ddd51" []. [C:\Users\ultra\warewolf\Dev\Warewolf.Studio.Core\Warewolf.Studio.Core.csproj]
C:\Program Files\dotnet\sdk\10.0.201\Microsoft.Common.CurrentVersion.targets(2451,5): warning MSB3277:         C:\Users\ultra\warewolf\Dev\Dev2.Common\bin\Debug\net8.0\Dev2.Common.dll [C:\Users\ultra\warewolf\Dev\Warewolf.Studio.Core\Warewolf.Studio.Core.csproj]
C:\Program Files\dotnet\sdk\10.0.201\Microsoft.Common.CurrentVersion.targets(2451,5): warning MSB3277:           Project file item includes which caused reference "C:\Users\ultra\warewolf\Dev\Dev2.Common\bin\Debug\net8.0\Dev2.Common.dll". [C:\Users\ultra\warewolf\Dev\Warewolf.Studio.Core\Warewolf.Studio.Core.csproj]
C:\Program Files\dotnet\sdk\10.0.201\Microsoft.Common.CurrentVersion.targets(2451,5): warning MSB3277:             C:\Users\ultra\warewolf\Dev\Dev2.Common\bin\Debug\net8.0\Dev2.Common.dll [C:\Users\ultra\warewolf\Dev\Warewolf.Studio.Core\Warewolf.Studio.Core.csproj]
C:\Program Files\dotnet\sdk\10.0.201\Microsoft.Common.CurrentVersion.targets(2451,5): warning MSB3277:             C:\Users\ultra\warewolf\Dev\Dev2.Core\bin\Debug\net8.0\Dev2.Core.dll [C:\Users\ultra\warewolf\Dev\Warewolf.Studio.Core\Warewolf.Studio.Core.csproj]
C:\Program Files\dotnet\sdk\10.0.201\Microsoft.Common.CurrentVersion.targets(2451,5): warning MSB3277:             C:\Users\ultra\warewolf\Dev\Dev2.Infrastructure\bin\Debug\net8.0\Dev2.Infrastructure.dll [C:\Users\ultra\warewolf\Dev\Warewolf.Studio.Core\Warewolf.Studio.Core.csproj]
C:\Program Files\dotnet\sdk\10.0.201\Microsoft.Common.CurrentVersion.targets(2451,5): warning MSB3277:             C:\Users\ultra\warewolf\Dev\Dev2.Studio.Interfaces\bin\Debug\net8.0\Dev2.Studio.Interfaces.dll [C:\Users\ultra\warewolf\Dev\Warewolf.Studio.Core\Warewolf.Studio.Core.csproj]
C:\Program Files\dotnet\sdk\10.0.201\Microsoft.Common.CurrentVersion.targets(2451,5): warning MSB3277:             C:\Users\ultra\warewolf\Dev\Dev2.Data\bin\Debug\net8.0\Dev2.Data.dll [C:\Users\ultra\warewolf\Dev\Warewolf.Studio.Core\Warewolf.Studio.Core.csproj]
C:\Program Files\dotnet\sdk\10.0.201\Microsoft.Common.CurrentVersion.targets(2451,5): warning MSB3277:             C:\Users\ultra\warewolf\Dev\Dev2.Diagnostics\bin\Debug\net8.0\Dev2.Diagnostics.dll [C:\Users\ultra\warewolf\Dev\Warewolf.Studio.Core\Warewolf.Studio.Core.csproj]
C:\Program Files\dotnet\sdk\10.0.201\Microsoft.Common.CurrentVersion.targets(2451,5): warning MSB3277:             C:\Users\ultra\warewolf\Dev\Dev2.Runtime.Services\bin\Debug\net8.0\Dev2.Runtime.Services.dll [C:\Users\ultra\warewolf\Dev\Warewolf.Studio.Core\Warewolf.Studio.Core.csproj]
C:\Program Files\dotnet\sdk\10.0.201\Microsoft.Common.CurrentVersion.targets(2451,5): warning MSB3277:             C:\Users\ultra\warewolf\Dev\Dev2.Scheduler\bin\Debug\net8.0\Dev2.Scheduler.dll [C:\Users\ultra\warewolf\Dev\Warewolf.Studio.Core\Warewolf.Studio.Core.csproj]
C:\Program Files\dotnet\sdk\10.0.201\Microsoft.Common.CurrentVersion.targets(2451,5): warning MSB3277:             C:\Users\ultra\warewolf\Dev\Dev2.Services.Sql\bin\Debug\net8.0\Dev2.Services.Sql.dll [C:\Users\ultra\warewolf\Dev\Warewolf.Studio.Core\Warewolf.Studio.Core.csproj]
C:\Program Files\dotnet\sdk\10.0.201\Microsoft.Common.CurrentVersion.targets(2451,5): warning MSB3277:             C:\Users\ultra\warewolf\Dev\Dev2.TaskScheduler.Wrappers\bin\Debug\net8.0\Dev2.TaskScheduler.Wrappers.dll [C:\Users\ultra\warewolf\Dev\Warewolf.Studio.Core\Warewolf.Studio.Core.csproj]
C:\Program Files\dotnet\sdk\10.0.201\Microsoft.Common.CurrentVersion.targets(2451,5): warning MSB3277:             C:\Users\ultra\warewolf\Dev\Dev2.Util\bin\Debug\net8.0\Dev2.Util.dll [C:\Users\ultra\warewolf\Dev\Warewolf.Studio.Core\Warewolf.Studio.Core.csproj]
C:\Program Files\dotnet\sdk\10.0.201\Microsoft.Common.CurrentVersion.targets(2451,5): warning MSB3277:             C:\Users\ultra\warewolf\Dev\Warewolf.AI.Harness\bin\Debug\net8.0\Warewolf.AI.Harness.dll [C:\Users\ultra\warewolf\Dev\Warewolf.Studio.Core\Warewolf.Studio.Core.csproj]
C:\Program Files\dotnet\sdk\10.0.201\Microsoft.Common.CurrentVersion.targets(2451,5): warning MSB3277:             C:\Users\ultra\warewolf\Dev\Warewolf.Auditing\bin\Debug\net8.0\Warewolf.Auditing.dll [C:\Users\ultra\warewolf\Dev\Warewolf.Studio.Core\Warewolf.Studio.Core.csproj]
C:\Program Files\dotnet\sdk\10.0.201\Microsoft.Common.CurrentVersion.targets(2451,5): warning MSB3277:             C:\Users\ultra\warewolf\Dev\Warewolf.Common.NetStandard20\bin\Debug\net8.0\Warewolf.Common.NetStandard20.dll [C:\Users\ultra\warewolf\Dev\Warewolf.Studio.Core\Warewolf.Studio.Core.csproj]
C:\Program Files\dotnet\sdk\10.0.201\Microsoft.Common.CurrentVersion.targets(2451,5): warning MSB3277:             C:\Users\ultra\warewolf\Dev\Warewolf.Core\bin\Debug\net8.0\Warewolf.Core.dll [C:\Users\ultra\warewolf\Dev\Warewolf.Studio.Core\Warewolf.Studio.Core.csproj]
C:\Program Files\dotnet\sdk\10.0.201\Microsoft.Common.CurrentVersion.targets(2451,5): warning MSB3277:             C:\Users\ultra\warewolf\Dev\Warewolf.Driver.Serilog\bin\Debug\net8.0\Warewolf.Driver.Serilog.dll [C:\Users\ultra\warewolf\Dev\Warewolf.Studio.Core\Warewolf.Studio.Core.csproj]
C:\Program Files\dotnet\sdk\10.0.201\Microsoft.Common.CurrentVersion.targets(2451,5): warning MSB3277:             C:\Users\ultra\warewolf\Dev\Warewolf.ResourceManagement\bin\Debug\net8.0\Warewolf.ResourceManagement.dll [C:\Users\ultra\warewolf\Dev\Warewolf.Studio.Core\Warewolf.Studio.Core.csproj]
C:\Program Files\dotnet\sdk\10.0.201\Microsoft.Common.CurrentVersion.targets(2451,5): warning MSB3277:             C:\Users\ultra\warewolf\Dev\Warewolf.Sharepoint\bin\Debug\net8.0\Warewolf.Sharepoint.dll [C:\Users\ultra\warewolf\Dev\Warewolf.Studio.Core\Warewolf.Studio.Core.csproj]
C:\Program Files\dotnet\sdk\10.0.201\Microsoft.Common.CurrentVersion.targets(2451,5): warning MSB3277:             C:\Users\ultra\warewolf\Dev\Warewolf.Storage\bin\Debug\net8.0\Warewolf.Storage.dll [C:\Users\ultra\warewolf\Dev\Warewolf.Studio.Core\Warewolf.Studio.Core.csproj]
C:\Program Files\dotnet\sdk\10.0.201\Microsoft.Common.CurrentVersion.targets(2451,5): warning MSB3277:         C:\Users\ultra\warewolf\Dev\Binaries\Infragistcs_Net6\InfragisticsWPF4.v15.1.dll [C:\Users\ultra\warewolf\Dev\Warewolf.Studio.Core\Warewolf.Studio.Core.csproj]
C:\Program Files\dotnet\sdk\10.0.201\Microsoft.Common.CurrentVersion.targets(2451,5): warning MSB3277:           Project file item includes which caused reference "C:\Users\ultra\warewolf\Dev\Binaries\Infragistcs_Net6\InfragisticsWPF4.v15.1.dll". [C:\Users\ultra\warewolf\Dev\Warewolf.Studio.Core\Warewolf.Studio.Core.csproj]
C:\Program Files\dotnet\sdk\10.0.201\Microsoft.Common.CurrentVersion.targets(2451,5): warning MSB3277:             InfragisticsWPF4.v15.1, Version=15.1.20151.2055, Culture=neutral, PublicKeyToken=7dd5c3163f2cd0cb, processorArchitecture=MSIL [C:\Users\ultra\warewolf\Dev\Warewolf.Studio.Core\Warewolf.Studio.Core.csproj]
C:\Program Files\dotnet\sdk\10.0.201\Microsoft.Common.CurrentVersion.targets(2451,5): warning MSB3277:             InfragisticsWPF4.Controls.Menus.XamDataTree.v15.1, Version=15.1.20151.2055, Culture=neutral, PublicKeyToken=7dd5c3163f2cd0cb, processorArchitecture=MSIL [C:\Users\ultra\warewolf\Dev\Warewolf.Studio.Core\Warewolf.Studio.Core.csproj]
C:\Program Files\dotnet\sdk\10.0.201\Microsoft.Common.CurrentVersion.targets(2451,5): warning MSB3277:             InfragisticsWPF4.DataManager.v15.1, Version=15.1.20151.2055, Culture=neutral, PublicKeyToken=7dd5c3163f2cd0cb, processorArchitecture=MSIL [C:\Users\ultra\warewolf\Dev\Warewolf.Studio.Core\Warewolf.Studio.Core.csproj]
C:\Program Files\dotnet\sdk\10.0.201\Microsoft.Common.CurrentVersion.targets(2451,5): warning MSB3277:             InfragisticsWPF4.DockManager.v15.1, Version=15.1.20151.2055, Culture=neutral, PublicKeyToken=7dd5c3163f2cd0cb, processorArchitecture=MSIL [C:\Users\ultra\warewolf\Dev\Warewolf.Studio.Core\Warewolf.Studio.Core.csproj]
C:\Program Files\dotnet\sdk\10.0.201\Microsoft.Common.CurrentVersion.targets(2451,5): warning MSB3277:         C:\Users\ultra\.nuget\packages\timespan2\2.4.2\lib\netcoreapp3.1\TimeSpan2.dll [C:\Users\ultra\warewolf\Dev\Warewolf.Studio.Core\Warewolf.Studio.Core.csproj]
C:\Program Files\dotnet\sdk\10.0.201\Microsoft.Common.CurrentVersion.targets(2451,5): warning MSB3277:           Project file item includes which caused reference "C:\Users\ultra\.nuget\packages\timespan2\2.4.2\lib\netcoreapp3.1\TimeSpan2.dll". [C:\Users\ultra\warewolf\Dev\Warewolf.Studio.Core\Warewolf.Studio.Core.csproj]
C:\Program Files\dotnet\sdk\10.0.201\Microsoft.Common.CurrentVersion.targets(2451,5): warning MSB3277:             C:\Users\ultra\.nuget\packages\timespan2\2.4.2\lib\netcoreapp3.1\TimeSpan2.dll [C:\Users\ultra\warewolf\Dev\Warewolf.Studio.Core\Warewolf.Studio.Core.csproj]
C:\Program Files\dotnet\sdk\10.0.201\Microsoft.Common.CurrentVersion.targets(2451,5): warning MSB3277:             C:\Users\ultra\.nuget\packages\taskschedulereditor\2.10.1\lib\net452\Microsoft.Win32.TaskSchedulerEditor.dll [C:\Users\ultra\warewolf\Dev\Warewolf.Studio.Core\Warewolf.Studio.Core.csproj]
C:\Program Files\dotnet\sdk\10.0.201\Microsoft.Common.CurrentVersion.targets(2451,5): warning MSB3277:         C:\Program Files\dotnet\packs\Microsoft.NETCore.App.Ref\8.0.25\ref\net8.0\System.dll [C:\Users\ultra\warewolf\Dev\Warewolf.Studio.Core\Warewolf.Studio.Core.csproj]
C:\Program Files\dotnet\sdk\10.0.201\Microsoft.Common.CurrentVersion.targets(2451,5): warning MSB3277:           Project file item includes which caused reference "C:\Program Files\dotnet\packs\Microsoft.NETCore.App.Ref\8.0.25\ref\net8.0\System.dll". [C:\Users\ultra\warewolf\Dev\Warewolf.Studio.Core\Warewolf.Studio.Core.csproj]
C:\Program Files\dotnet\sdk\10.0.201\Microsoft.Common.CurrentVersion.targets(2451,5): warning MSB3277:             C:\Program Files\dotnet\packs\Microsoft.NETCore.App.Ref\8.0.25\ref/net8.0/System.dll [C:\Users\ultra\warewolf\Dev\Warewolf.Studio.Core\Warewolf.Studio.Core.csproj]
C:\Program Files\dotnet\sdk\10.0.201\Microsoft.Common.CurrentVersion.targets(2451,5): warning MSB3277:             C:\Users\ultra\.nuget\packages\aerowizard\2.3.1\lib\net45\AeroWizard.dll [C:\Users\ultra\warewolf\Dev\Warewolf.Studio.Core\Warewolf.Studio.Core.csproj]
C:\Program Files\dotnet\sdk\10.0.201\Microsoft.Common.CurrentVersion.targets(2451,5): warning MSB3277:             C:\Users\ultra\.nuget\packages\groupcontrols\1.9.0\lib\net45\GroupControls.dll [C:\Users\ultra\warewolf\Dev\Warewolf.Studio.Core\Warewolf.Studio.Core.csproj]
C:\Program Files\dotnet\sdk\10.0.201\Microsoft.Common.CurrentVersion.targets(2451,5): warning MSB3277:             C:\Users\ultra\.nuget\packages\microsoft.xaml.behaviors.wpf\1.1.122\lib\net462\Microsoft.Xaml.Behaviors.dll [C:\Users\ultra\warewolf\Dev\Warewolf.Studio.Core\Warewolf.Studio.Core.csproj]
C:\Program Files\dotnet\sdk\10.0.201\Microsoft.Common.CurrentVersion.targets(2451,5): warning MSB3277:             C:\Users\ultra\.nuget\packages\caliburn.micro\4.0.212\lib\netcoreapp3.1\Caliburn.Micro.Platform.dll [C:\Users\ultra\warewolf\Dev\Warewolf.Studio.Core\Warewolf.Studio.Core.csproj]
C:\Program Files\dotnet\sdk\10.0.201\Microsoft.Common.CurrentVersion.targets(2451,5): warning MSB3277:             C:\Users\ultra\.nuget\packages\prism.wpf\9.0.537\lib\net462\Prism.Wpf.dll [C:\Users\ultra\warewolf\Dev\Warewolf.Studio.Core\Warewolf.Studio.Core.csproj]
C:\Program Files\dotnet\sdk\10.0.201\Microsoft.Common.CurrentVersion.targets(2451,5): warning MSB3277:             C:\Users\ultra\.nuget\packages\reactiveui.wpf\18.4.1\lib\net462\ReactiveUI.Wpf.dll [C:\Users\ultra\warewolf\Dev\Warewolf.Studio.Core\Warewolf.Studio.Core.csproj]
C:\Program Files\dotnet\sdk\10.0.201\Microsoft.Common.CurrentVersion.targets(2451,5): warning MSB3277:             C:\Users\ultra\.nuget\packages\taskschedulereditor\2.10.1\lib\net452\Microsoft.Win32.TaskSchedulerEditor.dll [C:\Users\ultra\warewolf\Dev\Warewolf.Studio.Core\Warewolf.Studio.Core.csproj]
C:\Program Files\dotnet\sdk\10.0.201\Microsoft.Common.CurrentVersion.targets(2451,5): warning MSB3277:             C:\Users\ultra\.nuget\packages\ttcue.netcore.sharepointonline.csom.16.1.8029.1200\16.1.8029.1200\lib\netcoreapp2.0\Microsoft.SharePoint.Client.Runtime.Windows.dll [C:\Users\ultra\warewolf\Dev\Warewolf.Studio.Core\Warewolf.Studio.Core.csproj]
C:\Program Files\dotnet\sdk\10.0.201\Microsoft.Common.CurrentVersion.targets(2451,5): warning MSB3277: Found conflicts between different versions of "System.Security.Permissions" that could not be resolved. [C:\Users\ultra\warewolf\Dev\Warewolf.Studio.Core\Warewolf.Studio.Core.csproj]
C:\Program Files\dotnet\sdk\10.0.201\Microsoft.Common.CurrentVersion.targets(2451,5): warning MSB3277: There was a conflict between "System.Security.Permissions, Version=6.0.0.0, Culture=neutral, PublicKeyToken=cc7b13ffcd2ddd51" and "System.Security.Permissions, Version=7.0.0.0, Culture=neutral, PublicKeyToken=cc7b13ffcd2ddd51". [C:\Users\ultra\warewolf\Dev\Warewolf.Studio.Core\Warewolf.Studio.Core.csproj]
C:\Program Files\dotnet\sdk\10.0.201\Microsoft.Common.CurrentVersion.targets(2451,5): warning MSB3277:     "System.Security.Permissions, Version=6.0.0.0, Culture=neutral, PublicKeyToken=cc7b13ffcd2ddd51" was chosen because it was primary and "System.Security.Permissions, Version=7.0.0.0, Culture=neutral, PublicKeyToken=cc7b13ffcd2ddd51" was not. [C:\Users\ultra\warewolf\Dev\Warewolf.Studio.Core\Warewolf.Studio.Core.csproj]
C:\Program Files\dotnet\sdk\10.0.201\Microsoft.Common.CurrentVersion.targets(2451,5): warning MSB3277:     References which depend on "System.Security.Permissions, Version=6.0.0.0, Culture=neutral, PublicKeyToken=cc7b13ffcd2ddd51" [C:\Users\ultra\.nuget\packages\system.security.permissions\6.0.0\lib\net6.0\System.Security.Permissions.dll]. [C:\Users\ultra\warewolf\Dev\Warewolf.Studio.Core\Warewolf.Studio.Core.csproj]
C:\Program Files\dotnet\sdk\10.0.201\Microsoft.Common.CurrentVersion.targets(2451,5): warning MSB3277:         C:\Users\ultra\.nuget\packages\system.security.permissions\6.0.0\lib\net6.0\System.Security.Permissions.dll [C:\Users\ultra\warewolf\Dev\Warewolf.Studio.Core\Warewolf.Studio.Core.csproj]
C:\Program Files\dotnet\sdk\10.0.201\Microsoft.Common.CurrentVersion.targets(2451,5): warning MSB3277:           Project file item includes which caused reference "C:\Users\ultra\.nuget\packages\system.security.permissions\6.0.0\lib\net6.0\System.Security.Permissions.dll". [C:\Users\ultra\warewolf\Dev\Warewolf.Studio.Core\Warewolf.Studio.Core.csproj]
C:\Program Files\dotnet\sdk\10.0.201\Microsoft.Common.CurrentVersion.targets(2451,5): warning MSB3277:             C:\Users\ultra\.nuget\packages\system.security.permissions\6.0.0\lib\net6.0\System.Security.Permissions.dll [C:\Users\ultra\warewolf\Dev\Warewolf.Studio.Core\Warewolf.Studio.Core.csproj]
C:\Program Files\dotnet\sdk\10.0.201\Microsoft.Common.CurrentVersion.targets(2451,5): warning MSB3277:     References which depend on or have been unified to "System.Security.Permissions, Version=7.0.0.0, Culture=neutral, PublicKeyToken=cc7b13ffcd2ddd51" []. [C:\Users\ultra\warewolf\Dev\Warewolf.Studio.Core\Warewolf.Studio.Core.csproj]
C:\Program Files\dotnet\sdk\10.0.201\Microsoft.Common.CurrentVersion.targets(2451,5): warning MSB3277:         C:\Users\ultra\warewolf\Dev\Dev2.Data\bin\Debug\net8.0\Dev2.Data.dll [C:\Users\ultra\warewolf\Dev\Warewolf.Studio.Core\Warewolf.Studio.Core.csproj]
C:\Program Files\dotnet\sdk\10.0.201\Microsoft.Common.CurrentVersion.targets(2451,5): warning MSB3277:           Project file item includes which caused reference "C:\Users\ultra\warewolf\Dev\Dev2.Data\bin\Debug\net8.0\Dev2.Data.dll". [C:\Users\ultra\warewolf\Dev\Warewolf.Studio.Core\Warewolf.Studio.Core.csproj]
C:\Program Files\dotnet\sdk\10.0.201\Microsoft.Common.CurrentVersion.targets(2451,5): warning MSB3277:             C:\Users\ultra\warewolf\Dev\Dev2.Data\bin\Debug\net8.0\Dev2.Data.dll [C:\Users\ultra\warewolf\Dev\Warewolf.Studio.Core\Warewolf.Studio.Core.csproj]
C:\Program Files\dotnet\sdk\10.0.201\Microsoft.Common.CurrentVersion.targets(2451,5): warning MSB3277:             C:\Users\ultra\warewolf\Dev\Dev2.Core\bin\Debug\net8.0\Dev2.Core.dll [C:\Users\ultra\warewolf\Dev\Warewolf.Studio.Core\Warewolf.Studio.Core.csproj]
C:\Program Files\dotnet\sdk\10.0.201\Microsoft.Common.CurrentVersion.targets(2451,5): warning MSB3277:             C:\Users\ultra\warewolf\Dev\Dev2.Studio.Interfaces\bin\Debug\net8.0\Dev2.Studio.Interfaces.dll [C:\Users\ultra\warewolf\Dev\Warewolf.Studio.Core\Warewolf.Studio.Core.csproj]
C:\Program Files\dotnet\sdk\10.0.201\Microsoft.Common.CurrentVersion.targets(2451,5): warning MSB3277:             C:\Users\ultra\warewolf\Dev\Dev2.Runtime.Services\bin\Debug\net8.0\Dev2.Runtime.Services.dll [C:\Users\ultra\warewolf\Dev\Warewolf.Studio.Core\Warewolf.Studio.Core.csproj]
C:\Program Files\dotnet\sdk\10.0.201\Microsoft.Common.CurrentVersion.targets(2451,5): warning MSB3277:             C:\Users\ultra\warewolf\Dev\Dev2.Scheduler\bin\Debug\net8.0\Dev2.Scheduler.dll [C:\Users\ultra\warewolf\Dev\Warewolf.Studio.Core\Warewolf.Studio.Core.csproj]
C:\Program Files\dotnet\sdk\10.0.201\Microsoft.Common.CurrentVersion.targets(2451,5): warning MSB3277:             C:\Users\ultra\warewolf\Dev\Warewolf.Auditing\bin\Debug\net8.0\Warewolf.Auditing.dll [C:\Users\ultra\warewolf\Dev\Warewolf.Studio.Core\Warewolf.Studio.Core.csproj]
C:\Program Files\dotnet\sdk\10.0.201\Microsoft.Common.CurrentVersion.targets(2451,5): warning MSB3277:             C:\Users\ultra\warewolf\Dev\Warewolf.Common.NetStandard20\bin\Debug\net8.0\Warewolf.Common.NetStandard20.dll [C:\Users\ultra\warewolf\Dev\Warewolf.Studio.Core\Warewolf.Studio.Core.csproj]
C:\Program Files\dotnet\sdk\10.0.201\Microsoft.Common.CurrentVersion.targets(2451,5): warning MSB3277:             C:\Users\ultra\warewolf\Dev\Warewolf.Core\bin\Debug\net8.0\Warewolf.Core.dll [C:\Users\ultra\warewolf\Dev\Warewolf.Studio.Core\Warewolf.Studio.Core.csproj]
C:\Program Files\dotnet\sdk\10.0.201\Microsoft.Common.CurrentVersion.targets(2451,5): warning MSB3277:             C:\Users\ultra\warewolf\Dev\Warewolf.ResourceManagement\bin\Debug\net8.0\Warewolf.ResourceManagement.dll [C:\Users\ultra\warewolf\Dev\Warewolf.Studio.Core\Warewolf.Studio.Core.csproj]
C:\Program Files\dotnet\sdk\10.0.201\Microsoft.Common.CurrentVersion.targets(2451,5): warning MSB3277:         C:\Users\ultra\warewolf\Dev\Binaries\Infragistcs_Net6\InfragisticsWPF4.DockManager.v15.1.dll [C:\Users\ultra\warewolf\Dev\Warewolf.Studio.Core\Warewolf.Studio.Core.csproj]
C:\Program Files\dotnet\sdk\10.0.201\Microsoft.Common.CurrentVersion.targets(2451,5): warning MSB3277:           Project file item includes which caused reference "C:\Users\ultra\warewolf\Dev\Binaries\Infragistcs_Net6\InfragisticsWPF4.DockManager.v15.1.dll". [C:\Users\ultra\warewolf\Dev\Warewolf.Studio.Core\Warewolf.Studio.Core.csproj]
C:\Program Files\dotnet\sdk\10.0.201\Microsoft.Common.CurrentVersion.targets(2451,5): warning MSB3277:             InfragisticsWPF4.DockManager.v15.1, Version=15.1.20151.2055, Culture=neutral, PublicKeyToken=7dd5c3163f2cd0cb, processorArchitecture=MSIL [C:\Users\ultra\warewolf\Dev\Warewolf.Studio.Core\Warewolf.Studio.Core.csproj]
C:\Program Files\dotnet\sdk\10.0.201\Microsoft.Common.CurrentVersion.targets(2451,5): warning MSB3277:         C:\Users\ultra\warewolf\Dev\Binaries\Infragistcs_Net6\InfragisticsWPF4.v15.1.dll [C:\Users\ultra\warewolf\Dev\Warewolf.Studio.Core\Warewolf.Studio.Core.csproj]
C:\Program Files\dotnet\sdk\10.0.201\Microsoft.Common.CurrentVersion.targets(2451,5): warning MSB3277:           Project file item includes which caused reference "C:\Users\ultra\warewolf\Dev\Binaries\Infragistcs_Net6\InfragisticsWPF4.v15.1.dll". [C:\Users\ultra\warewolf\Dev\Warewolf.Studio.Core\Warewolf.Studio.Core.csproj]
C:\Program Files\dotnet\sdk\10.0.201\Microsoft.Common.CurrentVersion.targets(2451,5): warning MSB3277:             InfragisticsWPF4.v15.1, Version=15.1.20151.2055, Culture=neutral, PublicKeyToken=7dd5c3163f2cd0cb, processorArchitecture=MSIL [C:\Users\ultra\warewolf\Dev\Warewolf.Studio.Core\Warewolf.Studio.Core.csproj]
C:\Program Files\dotnet\sdk\10.0.201\Microsoft.Common.CurrentVersion.targets(2451,5): warning MSB3277:             InfragisticsWPF4.Controls.Menus.XamDataTree.v15.1, Version=15.1.20151.2055, Culture=neutral, PublicKeyToken=7dd5c3163f2cd0cb, processorArchitecture=MSIL [C:\Users\ultra\warewolf\Dev\Warewolf.Studio.Core\Warewolf.Studio.Core.csproj]
C:\Program Files\dotnet\sdk\10.0.201\Microsoft.Common.CurrentVersion.targets(2451,5): warning MSB3277:             InfragisticsWPF4.DataManager.v15.1, Version=15.1.20151.2055, Culture=neutral, PublicKeyToken=7dd5c3163f2cd0cb, processorArchitecture=MSIL [C:\Users\ultra\warewolf\Dev\Warewolf.Studio.Core\Warewolf.Studio.Core.csproj]
C:\Program Files\dotnet\sdk\10.0.201\Microsoft.Common.CurrentVersion.targets(2451,5): warning MSB3277:             InfragisticsWPF4.DockManager.v15.1, Version=15.1.20151.2055, Culture=neutral, PublicKeyToken=7dd5c3163f2cd0cb, processorArchitecture=MSIL [C:\Users\ultra\warewolf\Dev\Warewolf.Studio.Core\Warewolf.Studio.Core.csproj]
C:\Program Files\dotnet\sdk\10.0.201\Microsoft.Common.CurrentVersion.targets(2451,5): warning MSB3277:         C:\Users\ultra\.nuget\packages\dotnetzip\1.16.0\lib\netstandard2.0\DotNetZip.dll [C:\Users\ultra\warewolf\Dev\Warewolf.Studio.Core\Warewolf.Studio.Core.csproj]
C:\Program Files\dotnet\sdk\10.0.201\Microsoft.Common.CurrentVersion.targets(2451,5): warning MSB3277:           Project file item includes which caused reference "C:\Users\ultra\.nuget\packages\dotnetzip\1.16.0\lib\netstandard2.0\DotNetZip.dll". [C:\Users\ultra\warewolf\Dev\Warewolf.Studio.Core\Warewolf.Studio.Core.csproj]
C:\Program Files\dotnet\sdk\10.0.201\Microsoft.Common.CurrentVersion.targets(2451,5): warning MSB3277:             C:\Users\ultra\.nuget\packages\dotnetzip\1.16.0\lib\netstandard2.0\DotNetZip.dll [C:\Users\ultra\warewolf\Dev\Warewolf.Studio.Core\Warewolf.Studio.Core.csproj]
C:\Program Files\dotnet\sdk\10.0.201\Microsoft.Common.CurrentVersion.targets(2451,5): warning MSB3277:             C:\Users\ultra\warewolf\Dev\Dev2.Common\bin\Debug\net8.0\Dev2.Common.dll [C:\Users\ultra\warewolf\Dev\Warewolf.Studio.Core\Warewolf.Studio.Core.csproj]
C:\Program Files\dotnet\sdk\10.0.201\Microsoft.Common.CurrentVersion.targets(2451,5): warning MSB3277:             C:\Users\ultra\warewolf\Dev\Dev2.Core\bin\Debug\net8.0\Dev2.Core.dll [C:\Users\ultra\warewolf\Dev\Warewolf.Studio.Core\Warewolf.Studio.Core.csproj]
C:\Program Files\dotnet\sdk\10.0.201\Microsoft.Common.CurrentVersion.targets(2451,5): warning MSB3277:             C:\Users\ultra\warewolf\Dev\Dev2.Infrastructure\bin\Debug\net8.0\Dev2.Infrastructure.dll [C:\Users\ultra\warewolf\Dev\Warewolf.Studio.Core\Warewolf.Studio.Core.csproj]
C:\Program Files\dotnet\sdk\10.0.201\Microsoft.Common.CurrentVersion.targets(2451,5): warning MSB3277:             C:\Users\ultra\warewolf\Dev\Dev2.Studio.Interfaces\bin\Debug\net8.0\Dev2.Studio.Interfaces.dll [C:\Users\ultra\warewolf\Dev\Warewolf.Studio.Core\Warewolf.Studio.Core.csproj]
C:\Program Files\dotnet\sdk\10.0.201\Microsoft.Common.CurrentVersion.targets(2451,5): warning MSB3277:             C:\Users\ultra\warewolf\Dev\Dev2.Data\bin\Debug\net8.0\Dev2.Data.dll [C:\Users\ultra\warewolf\Dev\Warewolf.Studio.Core\Warewolf.Studio.Core.csproj]
C:\Program Files\dotnet\sdk\10.0.201\Microsoft.Common.CurrentVersion.targets(2451,5): warning MSB3277:             C:\Users\ultra\warewolf\Dev\Dev2.Data.Interfaces\bin\Debug\net8.0\Dev2.Data.Interfaces.dll [C:\Users\ultra\warewolf\Dev\Warewolf.Studio.Core\Warewolf.Studio.Core.csproj]
C:\Program Files\dotnet\sdk\10.0.201\Microsoft.Common.CurrentVersion.targets(2451,5): warning MSB3277:             C:\Users\ultra\warewolf\Dev\Dev2.Diagnostics\bin\Debug\net8.0\Dev2.Diagnostics.dll [C:\Users\ultra\warewolf\Dev\Warewolf.Studio.Core\Warewolf.Studio.Core.csproj]
C:\Program Files\dotnet\sdk\10.0.201\Microsoft.Common.CurrentVersion.targets(2451,5): warning MSB3277:             C:\Users\ultra\warewolf\Dev\Dev2.Runtime.Services\bin\Debug\net8.0\Dev2.Runtime.Services.dll [C:\Users\ultra\warewolf\Dev\Warewolf.Studio.Core\Warewolf.Studio.Core.csproj]
C:\Program Files\dotnet\sdk\10.0.201\Microsoft.Common.CurrentVersion.targets(2451,5): warning MSB3277:             C:\Users\ultra\warewolf\Dev\Dev2.Scheduler\bin\Debug\net8.0\Dev2.Scheduler.dll [C:\Users\ultra\warewolf\Dev\Warewolf.Studio.Core\Warewolf.Studio.Core.csproj]
C:\Program Files\dotnet\sdk\10.0.201\Microsoft.Common.CurrentVersion.targets(2451,5): warning MSB3277:             C:\Users\ultra\warewolf\Dev\Dev2.Services.Sql\bin\Debug\net8.0\Dev2.Services.Sql.dll [C:\Users\ultra\warewolf\Dev\Warewolf.Studio.Core\Warewolf.Studio.Core.csproj]
C:\Program Files\dotnet\sdk\10.0.201\Microsoft.Common.CurrentVersion.targets(2451,5): warning MSB3277:             C:\Users\ultra\warewolf\Dev\Dev2.TaskScheduler.Wrappers\bin\Debug\net8.0\Dev2.TaskScheduler.Wrappers.dll [C:\Users\ultra\warewolf\Dev\Warewolf.Studio.Core\Warewolf.Studio.Core.csproj]
C:\Program Files\dotnet\sdk\10.0.201\Microsoft.Common.CurrentVersion.targets(2451,5): warning MSB3277:             C:\Users\ultra\warewolf\Dev\Dev2.Util\bin\Debug\net8.0\Dev2.Util.dll [C:\Users\ultra\warewolf\Dev\Warewolf.Studio.Core\Warewolf.Studio.Core.csproj]
C:\Program Files\dotnet\sdk\10.0.201\Microsoft.Common.CurrentVersion.targets(2451,5): warning MSB3277:             C:\Users\ultra\warewolf\Dev\Warewolf.AI.Harness\bin\Debug\net8.0\Warewolf.AI.Harness.dll [C:\Users\ultra\warewolf\Dev\Warewolf.Studio.Core\Warewolf.Studio.Core.csproj]
C:\Program Files\dotnet\sdk\10.0.201\Microsoft.Common.CurrentVersion.targets(2451,5): warning MSB3277:             C:\Users\ultra\warewolf\Dev\Warewolf.Auditing\bin\Debug\net8.0\Warewolf.Auditing.dll [C:\Users\ultra\warewolf\Dev\Warewolf.Studio.Core\Warewolf.Studio.Core.csproj]
C:\Program Files\dotnet\sdk\10.0.201\Microsoft.Common.CurrentVersion.targets(2451,5): warning MSB3277:             C:\Users\ultra\warewolf\Dev\Warewolf.Common.NetStandard20\bin\Debug\net8.0\Warewolf.Common.NetStandard20.dll [C:\Users\ultra\warewolf\Dev\Warewolf.Studio.Core\Warewolf.Studio.Core.csproj]
C:\Program Files\dotnet\sdk\10.0.201\Microsoft.Common.CurrentVersion.targets(2451,5): warning MSB3277:             C:\Users\ultra\warewolf\Dev\Warewolf.Core\bin\Debug\net8.0\Warewolf.Core.dll [C:\Users\ultra\warewolf\Dev\Warewolf.Studio.Core\Warewolf.Studio.Core.csproj]
C:\Program Files\dotnet\sdk\10.0.201\Microsoft.Common.CurrentVersion.targets(2451,5): warning MSB3277:             C:\Users\ultra\warewolf\Dev\Warewolf.Driver.Serilog\bin\Debug\net8.0\Warewolf.Driver.Serilog.dll [C:\Users\ultra\warewolf\Dev\Warewolf.Studio.Core\Warewolf.Studio.Core.csproj]
C:\Program Files\dotnet\sdk\10.0.201\Microsoft.Common.CurrentVersion.targets(2451,5): warning MSB3277:             C:\Users\ultra\warewolf\Dev\Warewolf.ResourceManagement\bin\Debug\net8.0\Warewolf.ResourceManagement.dll [C:\Users\ultra\warewolf\Dev\Warewolf.Studio.Core\Warewolf.Studio.Core.csproj]
C:\Program Files\dotnet\sdk\10.0.201\Microsoft.Common.CurrentVersion.targets(2451,5): warning MSB3277:             C:\Users\ultra\warewolf\Dev\Warewolf.Sharepoint\bin\Debug\net8.0\Warewolf.Sharepoint.dll [C:\Users\ultra\warewolf\Dev\Warewolf.Studio.Core\Warewolf.Studio.Core.csproj]
C:\Program Files\dotnet\sdk\10.0.201\Microsoft.Common.CurrentVersion.targets(2451,5): warning MSB3277:             C:\Users\ultra\warewolf\Dev\Warewolf.Storage\bin\Debug\net8.0\Warewolf.Storage.dll [C:\Users\ultra\warewolf\Dev\Warewolf.Studio.Core\Warewolf.Studio.Core.csproj]
C:\Program Files\dotnet\sdk\10.0.201\Microsoft.Common.CurrentVersion.targets(2451,5): warning MSB3277:         C:\Users\ultra\.nuget\packages\mindbox.data.linq\5.0.0\lib\netstandard2.0\Mindbox.Data.Linq.dll [C:\Users\ultra\warewolf\Dev\Warewolf.Studio.Core\Warewolf.Studio.Core.csproj]
C:\Program Files\dotnet\sdk\10.0.201\Microsoft.Common.CurrentVersion.targets(2451,5): warning MSB3277:           Project file item includes which caused reference "C:\Users\ultra\.nuget\packages\mindbox.data.linq\5.0.0\lib\netstandard2.0\Mindbox.Data.Linq.dll". [C:\Users\ultra\warewolf\Dev\Warewolf.Studio.Core\Warewolf.Studio.Core.csproj]
C:\Program Files\dotnet\sdk\10.0.201\Microsoft.Common.CurrentVersion.targets(2451,5): warning MSB3277:             C:\Users\ultra\.nuget\packages\mindbox.data.linq\5.0.0\lib\netstandard2.0\Mindbox.Data.Linq.dll [C:\Users\ultra\warewolf\Dev\Warewolf.Studio.Core\Warewolf.Studio.Core.csproj]
C:\Program Files\dotnet\sdk\10.0.201\Microsoft.Common.CurrentVersion.targets(2451,5): warning MSB3277:             C:\Users\ultra\warewolf\Dev\Warewolf.Auditing\bin\Debug\net8.0\Warewolf.Auditing.dll [C:\Users\ultra\warewolf\Dev\Warewolf.Studio.Core\Warewolf.Studio.Core.csproj]
C:\Program Files\dotnet\sdk\10.0.201\Microsoft.Common.CurrentVersion.targets(2451,5): warning MSB3277:             C:\Users\ultra\warewolf\Dev\Dev2.Runtime.Services\bin\Debug\net8.0\Dev2.Runtime.Services.dll [C:\Users\ultra\warewolf\Dev\Warewolf.Studio.Core\Warewolf.Studio.Core.csproj]
C:\Program Files\dotnet\sdk\10.0.201\Microsoft.Common.CurrentVersion.targets(2451,5): warning MSB3277:             C:\Users\ultra\warewolf\Dev\Dev2.Studio.Interfaces\bin\Debug\net8.0\Dev2.Studio.Interfaces.dll [C:\Users\ultra\warewolf\Dev\Warewolf.Studio.Core\Warewolf.Studio.Core.csproj]
C:\Program Files\dotnet\sdk\10.0.201\Microsoft.Common.CurrentVersion.targets(2451,5): warning MSB3277:             C:\Users\ultra\warewolf\Dev\Warewolf.Common.NetStandard20\bin\Debug\net8.0\Warewolf.Common.NetStandard20.dll [C:\Users\ultra\warewolf\Dev\Warewolf.Studio.Core\Warewolf.Studio.Core.csproj]
C:\Program Files\dotnet\sdk\10.0.201\Microsoft.Common.CurrentVersion.targets(2451,5): warning MSB3277:         C:\Users\ultra\.nuget\packages\mysql.data\8.4.0\lib\net8.0\MySql.Data.dll [C:\Users\ultra\warewolf\Dev\Warewolf.Studio.Core\Warewolf.Studio.Core.csproj]
C:\Program Files\dotnet\sdk\10.0.201\Microsoft.Common.CurrentVersion.targets(2451,5): warning MSB3277:           Project file item includes which caused reference "C:\Users\ultra\.nuget\packages\mysql.data\8.4.0\lib\net8.0\MySql.Data.dll". [C:\Users\ultra\warewolf\Dev\Warewolf.Studio.Core\Warewolf.Studio.Core.csproj]
C:\Program Files\dotnet\sdk\10.0.201\Microsoft.Common.CurrentVersion.targets(2451,5): warning MSB3277:             C:\Users\ultra\.nuget\packages\mysql.data\8.4.0\lib\net8.0\MySql.Data.dll [C:\Users\ultra\warewolf\Dev\Warewolf.Studio.Core\Warewolf.Studio.Core.csproj]
C:\Program Files\dotnet\sdk\10.0.201\Microsoft.Common.CurrentVersion.targets(2451,5): warning MSB3277:             C:\Users\ultra\warewolf\Dev\Dev2.Runtime.Services\bin\Debug\net8.0\Dev2.Runtime.Services.dll [C:\Users\ultra\warewolf\Dev\Warewolf.Studio.Core\Warewolf.Studio.Core.csproj]
C:\Program Files\dotnet\sdk\10.0.201\Microsoft.Common.CurrentVersion.targets(2451,5): warning MSB3277:             C:\Users\ultra\warewolf\Dev\Dev2.Studio.Interfaces\bin\Debug\net8.0\Dev2.Studio.Interfaces.dll [C:\Users\ultra\warewolf\Dev\Warewolf.Studio.Core\Warewolf.Studio.Core.csproj]
C:\Program Files\dotnet\sdk\10.0.201\Microsoft.Common.CurrentVersion.targets(2451,5): warning MSB3277:             C:\Users\ultra\warewolf\Dev\Dev2.Services.Sql\bin\Debug\net8.0\Dev2.Services.Sql.dll [C:\Users\ultra\warewolf\Dev\Warewolf.Studio.Core\Warewolf.Studio.Core.csproj]
C:\Program Files\dotnet\sdk\10.0.201\Microsoft.Common.CurrentVersion.targets(2451,5): warning MSB3277:         C:\Users\ultra\.nuget\packages\oracle.manageddataaccess.core\3.21.70\lib\netstandard2.1\Oracle.ManagedDataAccess.dll [C:\Users\ultra\warewolf\Dev\Warewolf.Studio.Core\Warewolf.Studio.Core.csproj]
C:\Program Files\dotnet\sdk\10.0.201\Microsoft.Common.CurrentVersion.targets(2451,5): warning MSB3277:           Project file item includes which caused reference "C:\Users\ultra\.nuget\packages\oracle.manageddataaccess.core\3.21.70\lib\netstandard2.1\Oracle.ManagedDataAccess.dll". [C:\Users\ultra\warewolf\Dev\Warewolf.Studio.Core\Warewolf.Studio.Core.csproj]
C:\Program Files\dotnet\sdk\10.0.201\Microsoft.Common.CurrentVersion.targets(2451,5): warning MSB3277:             C:\Users\ultra\.nuget\packages\oracle.manageddataaccess.core\3.21.70\lib\netstandard2.1\Oracle.ManagedDataAccess.dll [C:\Users\ultra\warewolf\Dev\Warewolf.Studio.Core\Warewolf.Studio.Core.csproj]
C:\Program Files\dotnet\sdk\10.0.201\Microsoft.Common.CurrentVersion.targets(2451,5): warning MSB3277:             C:\Users\ultra\warewolf\Dev\Dev2.Runtime.Services\bin\Debug\net8.0\Dev2.Runtime.Services.dll [C:\Users\ultra\warewolf\Dev\Warewolf.Studio.Core\Warewolf.Studio.Core.csproj]
C:\Program Files\dotnet\sdk\10.0.201\Microsoft.Common.CurrentVersion.targets(2451,5): warning MSB3277:             C:\Users\ultra\warewolf\Dev\Dev2.Studio.Interfaces\bin\Debug\net8.0\Dev2.Studio.Interfaces.dll [C:\Users\ultra\warewolf\Dev\Warewolf.Studio.Core\Warewolf.Studio.Core.csproj]
C:\Program Files\dotnet\sdk\10.0.201\Microsoft.Common.CurrentVersion.targets(2451,5): warning MSB3277:             C:\Users\ultra\warewolf\Dev\Dev2.Services.Sql\bin\Debug\net8.0\Dev2.Services.Sql.dll [C:\Users\ultra\warewolf\Dev\Warewolf.Studio.Core\Warewolf.Studio.Core.csproj]
C:\Program Files\dotnet\sdk\10.0.201\Microsoft.Common.CurrentVersion.targets(2451,5): warning MSB3277:         C:\Users\ultra\.nuget\packages\system.directoryservices\6.0.0\lib\net6.0\System.DirectoryServices.dll [C:\Users\ultra\warewolf\Dev\Warewolf.Studio.Core\Warewolf.Studio.Core.csproj]
C:\Program Files\dotnet\sdk\10.0.201\Microsoft.Common.CurrentVersion.targets(2451,5): warning MSB3277:           Project file item includes which caused reference "C:\Users\ultra\.nuget\packages\system.directoryservices\6.0.0\lib\net6.0\System.DirectoryServices.dll". [C:\Users\ultra\warewolf\Dev\Warewolf.Studio.Core\Warewolf.Studio.Core.csproj]
C:\Program Files\dotnet\sdk\10.0.201\Microsoft.Common.CurrentVersion.targets(2451,5): warning MSB3277:             C:\Users\ultra\.nuget\packages\system.directoryservices\6.0.0\lib\net6.0\System.DirectoryServices.dll [C:\Users\ultra\warewolf\Dev\Warewolf.Studio.Core\Warewolf.Studio.Core.csproj]
C:\Program Files\dotnet\sdk\10.0.201\Microsoft.Common.CurrentVersion.targets(2451,5): warning MSB3277:             C:\Users\ultra\.nuget\packages\corewcf.primitives\1.2.1\lib\netstandard2.0\CoreWCF.Primitives.dll [C:\Users\ultra\warewolf\Dev\Warewolf.Studio.Core\Warewolf.Studio.Core.csproj]
C:\Program Files\dotnet\sdk\10.0.201\Microsoft.Common.CurrentVersion.targets(2451,5): warning MSB3277:             C:\Users\ultra\warewolf\Dev\Dev2.Runtime.Services\bin\Debug\net8.0\Dev2.Runtime.Services.dll [C:\Users\ultra\warewolf\Dev\Warewolf.Studio.Core\Warewolf.Studio.Core.csproj]
C:\Program Files\dotnet\sdk\10.0.201\Microsoft.Common.CurrentVersion.targets(2451,5): warning MSB3277:             C:\Users\ultra\warewolf\Dev\Dev2.Studio.Interfaces\bin\Debug\net8.0\Dev2.Studio.Interfaces.dll [C:\Users\ultra\warewolf\Dev\Warewolf.Studio.Core\Warewolf.Studio.Core.csproj]
C:\Program Files\dotnet\sdk\10.0.201\Microsoft.Common.CurrentVersion.targets(2451,5): warning MSB3277:             C:\Users\ultra\.nuget\packages\corewcf.http\1.2.1\lib\netstandard2.0\CoreWCF.Http.dll [C:\Users\ultra\warewolf\Dev\Warewolf.Studio.Core\Warewolf.Studio.Core.csproj]
C:\Program Files\dotnet\sdk\10.0.201\Microsoft.Common.CurrentVersion.targets(2451,5): warning MSB3277:             C:\Users\ultra\.nuget\packages\corewcf.nettcp\1.2.1\lib\netstandard2.0\CoreWCF.NetTcp.dll [C:\Users\ultra\warewolf\Dev\Warewolf.Studio.Core\Warewolf.Studio.Core.csproj]
C:\Program Files\dotnet\sdk\10.0.201\Microsoft.Common.CurrentVersion.targets(2451,5): warning MSB3277:             C:\Users\ultra\.nuget\packages\corewcf.webhttp\1.2.1\lib\netstandard2.0\CoreWCF.WebHttp.dll [C:\Users\ultra\warewolf\Dev\Warewolf.Studio.Core\Warewolf.Studio.Core.csproj]
C:\Program Files\dotnet\sdk\10.0.201\Microsoft.Common.CurrentVersion.targets(2451,5): warning MSB3277:         C:\Program Files\dotnet\packs\Microsoft.NETCore.App.Ref\8.0.25\ref\net8.0\System.Configuration.dll [C:\Users\ultra\warewolf\Dev\Warewolf.Studio.Core\Warewolf.Studio.Core.csproj]
C:\Program Files\dotnet\sdk\10.0.201\Microsoft.Common.CurrentVersion.targets(2451,5): warning MSB3277:           Project file item includes which caused reference "C:\Program Files\dotnet\packs\Microsoft.NETCore.App.Ref\8.0.25\ref\net8.0\System.Configuration.dll". [C:\Users\ultra\warewolf\Dev\Warewolf.Studio.Core\Warewolf.Studio.Core.csproj]
C:\Program Files\dotnet\sdk\10.0.201\Microsoft.Common.CurrentVersion.targets(2451,5): warning MSB3277:             C:\Program Files\dotnet\packs\Microsoft.NETCore.App.Ref\8.0.25\ref/net8.0/System.Configuration.dll [C:\Users\ultra\warewolf\Dev\Warewolf.Studio.Core\Warewolf.Studio.Core.csproj]
C:\Program Files\dotnet\sdk\10.0.201\Microsoft.Common.CurrentVersion.targets(2451,5): warning MSB3277:             C:\Users\ultra\.nuget\packages\prism.wpf\9.0.537\lib\net462\Prism.Wpf.dll [C:\Users\ultra\warewolf\Dev\Warewolf.Studio.Core\Warewolf.Studio.Core.csproj]
C:\Program Files\dotnet\sdk\10.0.201\Microsoft.Common.CurrentVersion.targets(2451,5): warning MSB3277:         C:\Program Files\dotnet\packs\Microsoft.NETCore.App.Ref\8.0.25\ref\net8.0\System.Data.dll [C:\Users\ultra\warewolf\Dev\Warewolf.Studio.Core\Warewolf.Studio.Core.csproj]
C:\Program Files\dotnet\sdk\10.0.201\Microsoft.Common.CurrentVersion.targets(2451,5): warning MSB3277:           Project file item includes which caused reference "C:\Program Files\dotnet\packs\Microsoft.NETCore.App.Ref\8.0.25\ref\net8.0\System.Data.dll". [C:\Users\ultra\warewolf\Dev\Warewolf.Studio.Core\Warewolf.Studio.Core.csproj]
C:\Program Files\dotnet\sdk\10.0.201\Microsoft.Common.CurrentVersion.targets(2451,5): warning MSB3277:             C:\Program Files\dotnet\packs\Microsoft.NETCore.App.Ref\8.0.25\ref/net8.0/System.Data.dll [C:\Users\ultra\warewolf\Dev\Warewolf.Studio.Core\Warewolf.Studio.Core.csproj]
C:\Program Files\dotnet\sdk\10.0.201\Microsoft.Common.CurrentVersion.targets(2451,5): warning MSB3277:             C:\Users\ultra\.nuget\packages\taskschedulereditor\2.10.1\lib\net452\Microsoft.Win32.TaskSchedulerEditor.dll [C:\Users\ultra\warewolf\Dev\Warewolf.Studio.Core\Warewolf.Studio.Core.csproj]
C:\Program Files\dotnet\sdk\10.0.201\Microsoft.Common.CurrentVersion.targets(2451,5): warning MSB3277:         C:\Program Files\dotnet\packs\Microsoft.NETCore.App.Ref\8.0.25\ref\net8.0\System.Drawing.dll [C:\Users\ultra\warewolf\Dev\Warewolf.Studio.Core\Warewolf.Studio.Core.csproj]
C:\Program Files\dotnet\sdk\10.0.201\Microsoft.Common.CurrentVersion.targets(2451,5): warning MSB3277:           Project file item includes which caused reference "C:\Program Files\dotnet\packs\Microsoft.NETCore.App.Ref\8.0.25\ref\net8.0\System.Drawing.dll". [C:\Users\ultra\warewolf\Dev\Warewolf.Studio.Core\Warewolf.Studio.Core.csproj]
C:\Program Files\dotnet\sdk\10.0.201\Microsoft.Common.CurrentVersion.targets(2451,5): warning MSB3277:             C:\Program Files\dotnet\packs\Microsoft.NETCore.App.Ref\8.0.25\ref/net8.0/System.Drawing.dll [C:\Users\ultra\warewolf\Dev\Warewolf.Studio.Core\Warewolf.Studio.Core.csproj]
C:\Program Files\dotnet\sdk\10.0.201\Microsoft.Common.CurrentVersion.targets(2451,5): warning MSB3277:             C:\Users\ultra\.nuget\packages\aerowizard\2.3.1\lib\net45\AeroWizard.dll [C:\Users\ultra\warewolf\Dev\Warewolf.Studio.Core\Warewolf.Studio.Core.csproj]
C:\Program Files\dotnet\sdk\10.0.201\Microsoft.Common.CurrentVersion.targets(2451,5): warning MSB3277:             C:\Users\ultra\.nuget\packages\groupcontrols\1.9.0\lib\net45\GroupControls.dll [C:\Users\ultra\warewolf\Dev\Warewolf.Studio.Core\Warewolf.Studio.Core.csproj]
C:\Program Files\dotnet\sdk\10.0.201\Microsoft.Common.CurrentVersion.targets(2451,5): warning MSB3277:             C:\Users\ultra\.nuget\packages\taskschedulereditor\2.10.1\lib\net452\Microsoft.Win32.TaskSchedulerEditor.dll [C:\Users\ultra\warewolf\Dev\Warewolf.Studio.Core\Warewolf.Studio.Core.csproj]
C:\Program Files\dotnet\sdk\10.0.201\Microsoft.Common.CurrentVersion.targets(2451,5): warning MSB3277:         C:\Program Files\dotnet\packs\Microsoft.NETCore.App.Ref\8.0.25\ref\net8.0\System.Net.dll [C:\Users\ultra\warewolf\Dev\Warewolf.Studio.Core\Warewolf.Studio.Core.csproj]
C:\Program Files\dotnet\sdk\10.0.201\Microsoft.Common.CurrentVersion.targets(2451,5): warning MSB3277:           Project file item includes which caused reference "C:\Program Files\dotnet\packs\Microsoft.NETCore.App.Ref\8.0.25\ref\net8.0\System.Net.dll". [C:\Users\ultra\warewolf\Dev\Warewolf.Studio.Core\Warewolf.Studio.Core.csproj]
C:\Program Files\dotnet\sdk\10.0.201\Microsoft.Common.CurrentVersion.targets(2451,5): warning MSB3277:             C:\Program Files\dotnet\packs\Microsoft.NETCore.App.Ref\8.0.25\ref/net8.0/System.Net.dll [C:\Users\ultra\warewolf\Dev\Warewolf.Studio.Core\Warewolf.Studio.Core.csproj]
C:\Program Files\dotnet\sdk\10.0.201\Microsoft.Common.CurrentVersion.targets(2451,5): warning MSB3277:         C:\Program Files\dotnet\packs\Microsoft.NETCore.App.Ref\8.0.25\ref\net8.0\System.Security.dll [C:\Users\ultra\warewolf\Dev\Warewolf.Studio.Core\Warewolf.Studio.Core.csproj]
C:\Program Files\dotnet\sdk\10.0.201\Microsoft.Common.CurrentVersion.targets(2451,5): warning MSB3277:           Project file item includes which caused reference "C:\Program Files\dotnet\packs\Microsoft.NETCore.App.Ref\8.0.25\ref\net8.0\System.Security.dll". [C:\Users\ultra\warewolf\Dev\Warewolf.Studio.Core\Warewolf.Studio.Core.csproj]
C:\Program Files\dotnet\sdk\10.0.201\Microsoft.Common.CurrentVersion.targets(2451,5): warning MSB3277:             C:\Program Files\dotnet\packs\Microsoft.NETCore.App.Ref\8.0.25\ref/net8.0/System.Security.dll [C:\Users\ultra\warewolf\Dev\Warewolf.Studio.Core\Warewolf.Studio.Core.csproj]
C:\Program Files\dotnet\sdk\10.0.201\Microsoft.Common.CurrentVersion.targets(2451,5): warning MSB3277:         C:\Program Files\dotnet\packs\Microsoft.NETCore.App.Ref\8.0.25\ref\net8.0\System.ServiceProcess.dll [C:\Users\ultra\warewolf\Dev\Warewolf.Studio.Core\Warewolf.Studio.Core.csproj]
C:\Program Files\dotnet\sdk\10.0.201\Microsoft.Common.CurrentVersion.targets(2451,5): warning MSB3277:           Project file item includes which caused reference "C:\Program Files\dotnet\packs\Microsoft.NETCore.App.Ref\8.0.25\ref\net8.0\System.ServiceProcess.dll". [C:\Users\ultra\warewolf\Dev\Warewolf.Studio.Core\Warewolf.Studio.Core.csproj]
C:\Program Files\dotnet\sdk\10.0.201\Microsoft.Common.CurrentVersion.targets(2451,5): warning MSB3277:             C:\Program Files\dotnet\packs\Microsoft.NETCore.App.Ref\8.0.25\ref/net8.0/System.ServiceProcess.dll [C:\Users\ultra\warewolf\Dev\Warewolf.Studio.Core\Warewolf.Studio.Core.csproj]
C:\Program Files\dotnet\sdk\10.0.201\Microsoft.Common.CurrentVersion.targets(2451,5): warning MSB3277:         C:\Program Files\dotnet\packs\Microsoft.NETCore.App.Ref\8.0.25\ref\net8.0\System.Transactions.dll [C:\Users\ultra\warewolf\Dev\Warewolf.Studio.Core\Warewolf.Studio.Core.csproj]
C:\Program Files\dotnet\sdk\10.0.201\Microsoft.Common.CurrentVersion.targets(2451,5): warning MSB3277:           Project file item includes which caused reference "C:\Program Files\dotnet\packs\Microsoft.NETCore.App.Ref\8.0.25\ref\net8.0\System.Transactions.dll". [C:\Users\ultra\warewolf\Dev\Warewolf.Studio.Core\Warewolf.Studio.Core.csproj]
C:\Program Files\dotnet\sdk\10.0.201\Microsoft.Common.CurrentVersion.targets(2451,5): warning MSB3277:             C:\Program Files\dotnet\packs\Microsoft.NETCore.App.Ref\8.0.25\ref/net8.0/System.Transactions.dll [C:\Users\ultra\warewolf\Dev\Warewolf.Studio.Core\Warewolf.Studio.Core.csproj]
C:\Program Files\dotnet\sdk\10.0.201\Microsoft.Common.CurrentVersion.targets(2451,5): warning MSB3277:         C:\Program Files\dotnet\packs\Microsoft.NETCore.App.Ref\8.0.25\ref\net8.0\System.dll [C:\Users\ultra\warewolf\Dev\Warewolf.Studio.Core\Warewolf.Studio.Core.csproj]
C:\Program Files\dotnet\sdk\10.0.201\Microsoft.Common.CurrentVersion.targets(2451,5): warning MSB3277:           Project file item includes which caused reference "C:\Program Files\dotnet\packs\Microsoft.NETCore.App.Ref\8.0.25\ref\net8.0\System.dll". [C:\Users\ultra\warewolf\Dev\Warewolf.Studio.Core\Warewolf.Studio.Core.csproj]
C:\Program Files\dotnet\sdk\10.0.201\Microsoft.Common.CurrentVersion.targets(2451,5): warning MSB3277:             C:\Program Files\dotnet\packs\Microsoft.NETCore.App.Ref\8.0.25\ref/net8.0/System.dll [C:\Users\ultra\warewolf\Dev\Warewolf.Studio.Core\Warewolf.Studio.Core.csproj]
C:\Program Files\dotnet\sdk\10.0.201\Microsoft.Common.CurrentVersion.targets(2451,5): warning MSB3277:             C:\Users\ultra\.nuget\packages\aerowizard\2.3.1\lib\net45\AeroWizard.dll [C:\Users\ultra\warewolf\Dev\Warewolf.Studio.Core\Warewolf.Studio.Core.csproj]
C:\Program Files\dotnet\sdk\10.0.201\Microsoft.Common.CurrentVersion.targets(2451,5): warning MSB3277:             C:\Users\ultra\.nuget\packages\groupcontrols\1.9.0\lib\net45\GroupControls.dll [C:\Users\ultra\warewolf\Dev\Warewolf.Studio.Core\Warewolf.Studio.Core.csproj]
C:\Program Files\dotnet\sdk\10.0.201\Microsoft.Common.CurrentVersion.targets(2451,5): warning MSB3277:             C:\Users\ultra\.nuget\packages\microsoft.xaml.behaviors.wpf\1.1.122\lib\net462\Microsoft.Xaml.Behaviors.dll [C:\Users\ultra\warewolf\Dev\Warewolf.Studio.Core\Warewolf.Studio.Core.csproj]
C:\Program Files\dotnet\sdk\10.0.201\Microsoft.Common.CurrentVersion.targets(2451,5): warning MSB3277:             C:\Users\ultra\.nuget\packages\caliburn.micro\4.0.212\lib\netcoreapp3.1\Caliburn.Micro.Platform.dll [C:\Users\ultra\warewolf\Dev\Warewolf.Studio.Core\Warewolf.Studio.Core.csproj]
C:\Program Files\dotnet\sdk\10.0.201\Microsoft.Common.CurrentVersion.targets(2451,5): warning MSB3277:             C:\Users\ultra\.nuget\packages\prism.wpf\9.0.537\lib\net462\Prism.Wpf.dll [C:\Users\ultra\warewolf\Dev\Warewolf.Studio.Core\Warewolf.Studio.Core.csproj]
C:\Program Files\dotnet\sdk\10.0.201\Microsoft.Common.CurrentVersion.targets(2451,5): warning MSB3277:             C:\Users\ultra\.nuget\packages\reactiveui.wpf\18.4.1\lib\net462\ReactiveUI.Wpf.dll [C:\Users\ultra\warewolf\Dev\Warewolf.Studio.Core\Warewolf.Studio.Core.csproj]
C:\Program Files\dotnet\sdk\10.0.201\Microsoft.Common.CurrentVersion.targets(2451,5): warning MSB3277:             C:\Users\ultra\.nuget\packages\taskschedulereditor\2.10.1\lib\net452\Microsoft.Win32.TaskSchedulerEditor.dll [C:\Users\ultra\warewolf\Dev\Warewolf.Studio.Core\Warewolf.Studio.Core.csproj]
C:\Program Files\dotnet\sdk\10.0.201\Microsoft.Common.CurrentVersion.targets(2451,5): warning MSB3277:             C:\Users\ultra\.nuget\packages\ttcue.netcore.sharepointonline.csom.16.1.8029.1200\16.1.8029.1200\lib\netcoreapp2.0\Microsoft.SharePoint.Client.Runtime.Windows.dll [C:\Users\ultra\warewolf\Dev\Warewolf.Studio.Core\Warewolf.Studio.Core.csproj]
C:\Program Files\dotnet\sdk\10.0.201\Microsoft.Common.CurrentVersion.targets(2451,5): warning MSB3277:         C:\Program Files\dotnet\packs\Microsoft.NETCore.App.Ref\8.0.25\ref\net8.0\WindowsBase.dll [C:\Users\ultra\warewolf\Dev\Warewolf.Studio.Core\Warewolf.Studio.Core.csproj]
C:\Program Files\dotnet\sdk\10.0.201\Microsoft.Common.CurrentVersion.targets(2451,5): warning MSB3277:           Project file item includes which caused reference "C:\Program Files\dotnet\packs\Microsoft.NETCore.App.Ref\8.0.25\ref\net8.0\WindowsBase.dll". [C:\Users\ultra\warewolf\Dev\Warewolf.Studio.Core\Warewolf.Studio.Core.csproj]
C:\Program Files\dotnet\sdk\10.0.201\Microsoft.Common.CurrentVersion.targets(2451,5): warning MSB3277:             C:\Program Files\dotnet\packs\Microsoft.NETCore.App.Ref\8.0.25\ref/net8.0/WindowsBase.dll [C:\Users\ultra\warewolf\Dev\Warewolf.Studio.Core\Warewolf.Studio.Core.csproj]
C:\Program Files\dotnet\sdk\10.0.201\Microsoft.Common.CurrentVersion.targets(2451,5): warning MSB3277:         C:\Program Files\dotnet\packs\Microsoft.NETCore.App.Ref\8.0.25\ref\net8.0\mscorlib.dll [C:\Users\ultra\warewolf\Dev\Warewolf.Studio.Core\Warewolf.Studio.Core.csproj]
C:\Program Files\dotnet\sdk\10.0.201\Microsoft.Common.CurrentVersion.targets(2451,5): warning MSB3277:           Project file item includes which caused reference "C:\Program Files\dotnet\packs\Microsoft.NETCore.App.Ref\8.0.25\ref\net8.0\mscorlib.dll". [C:\Users\ultra\warewolf\Dev\Warewolf.Studio.Core\Warewolf.Studio.Core.csproj]
C:\Program Files\dotnet\sdk\10.0.201\Microsoft.Common.CurrentVersion.targets(2451,5): warning MSB3277:             C:\Program Files\dotnet\packs\Microsoft.NETCore.App.Ref\8.0.25\ref/net8.0/mscorlib.dll [C:\Users\ultra\warewolf\Dev\Warewolf.Studio.Core\Warewolf.Studio.Core.csproj]
C:\Program Files\dotnet\sdk\10.0.201\Microsoft.Common.CurrentVersion.targets(2451,5): warning MSB3277:             C:\Users\ultra\.nuget\packages\aerowizard\2.3.1\lib\net45\AeroWizard.dll [C:\Users\ultra\warewolf\Dev\Warewolf.Studio.Core\Warewolf.Studio.Core.csproj]
C:\Program Files\dotnet\sdk\10.0.201\Microsoft.Common.CurrentVersion.targets(2451,5): warning MSB3277:             C:\Users\ultra\.nuget\packages\groupcontrols\1.9.0\lib\net45\GroupControls.dll [C:\Users\ultra\warewolf\Dev\Warewolf.Studio.Core\Warewolf.Studio.Core.csproj]
C:\Program Files\dotnet\sdk\10.0.201\Microsoft.Common.CurrentVersion.targets(2451,5): warning MSB3277:             C:\Users\ultra\.nuget\packages\microsoft.xaml.behaviors.wpf\1.1.122\lib\net462\Microsoft.Xaml.Behaviors.dll [C:\Users\ultra\warewolf\Dev\Warewolf.Studio.Core\Warewolf.Studio.Core.csproj]
C:\Program Files\dotnet\sdk\10.0.201\Microsoft.Common.CurrentVersion.targets(2451,5): warning MSB3277:             C:\Users\ultra\.nuget\packages\caliburn.micro\4.0.212\lib\netcoreapp3.1\Caliburn.Micro.Platform.dll [C:\Users\ultra\warewolf\Dev\Warewolf.Studio.Core\Warewolf.Studio.Core.csproj]
C:\Program Files\dotnet\sdk\10.0.201\Microsoft.Common.CurrentVersion.targets(2451,5): warning MSB3277:             C:\Users\ultra\.nuget\packages\oracle.manageddataaccess.core\3.21.70\lib\netstandard2.1\Oracle.ManagedDataAccess.dll [C:\Users\ultra\warewolf\Dev\Warewolf.Studio.Core\Warewolf.Studio.Core.csproj]
C:\Program Files\dotnet\sdk\10.0.201\Microsoft.Common.CurrentVersion.targets(2451,5): warning MSB3277:             C:\Users\ultra\warewolf\Dev\Dev2.Runtime.Services\bin\Debug\net8.0\Dev2.Runtime.Services.dll [C:\Users\ultra\warewolf\Dev\Warewolf.Studio.Core\Warewolf.Studio.Core.csproj]
C:\Program Files\dotnet\sdk\10.0.201\Microsoft.Common.CurrentVersion.targets(2451,5): warning MSB3277:             C:\Users\ultra\warewolf\Dev\Dev2.Studio.Interfaces\bin\Debug\net8.0\Dev2.Studio.Interfaces.dll [C:\Users\ultra\warewolf\Dev\Warewolf.Studio.Core\Warewolf.Studio.Core.csproj]
C:\Program Files\dotnet\sdk\10.0.201\Microsoft.Common.CurrentVersion.targets(2451,5): warning MSB3277:             C:\Users\ultra\warewolf\Dev\Dev2.Services.Sql\bin\Debug\net8.0\Dev2.Services.Sql.dll [C:\Users\ultra\warewolf\Dev\Warewolf.Studio.Core\Warewolf.Studio.Core.csproj]
C:\Program Files\dotnet\sdk\10.0.201\Microsoft.Common.CurrentVersion.targets(2451,5): warning MSB3277:             C:\Users\ultra\.nuget\packages\prism.wpf\9.0.537\lib\net462\Prism.Wpf.dll [C:\Users\ultra\warewolf\Dev\Warewolf.Studio.Core\Warewolf.Studio.Core.csproj]
C:\Program Files\dotnet\sdk\10.0.201\Microsoft.Common.CurrentVersion.targets(2451,5): warning MSB3277:             C:\Users\ultra\.nuget\packages\reactiveui.wpf\18.4.1\lib\net462\ReactiveUI.Wpf.dll [C:\Users\ultra\warewolf\Dev\Warewolf.Studio.Core\Warewolf.Studio.Core.csproj]
C:\Program Files\dotnet\sdk\10.0.201\Microsoft.Common.CurrentVersion.targets(2451,5): warning MSB3277:             C:\Users\ultra\.nuget\packages\taskschedulereditor\2.10.1\lib\net452\Microsoft.Win32.TaskSchedulerEditor.dll [C:\Users\ultra\warewolf\Dev\Warewolf.Studio.Core\Warewolf.Studio.Core.csproj]
C:\Program Files\dotnet\sdk\10.0.201\Microsoft.Common.CurrentVersion.targets(2451,5): warning MSB3277:             C:\Users\ultra\.nuget\packages\ttcue.netcore.sharepointonline.csom.16.1.8029.1200\16.1.8029.1200\lib\netcoreapp2.0\Microsoft.SharePoint.Client.Runtime.Windows.dll [C:\Users\ultra\warewolf\Dev\Warewolf.Studio.Core\Warewolf.Studio.Core.csproj]
C:\Program Files\dotnet\sdk\10.0.201\Microsoft.Common.CurrentVersion.targets(2451,5): warning MSB3277: Found conflicts between different versions of "WindowsBase" that could not be resolved. [C:\Users\ultra\warewolf\Dev\Warewolf.Studio.Core\Warewolf.Studio.Core.csproj]
C:\Program Files\dotnet\sdk\10.0.201\Microsoft.Common.CurrentVersion.targets(2451,5): warning MSB3277: There was a conflict between "WindowsBase, Version=4.0.0.0, Culture=neutral, PublicKeyToken=31bf3856ad364e35" and "WindowsBase, Version=6.0.2.0, Culture=neutral, PublicKeyToken=31bf3856ad364e35". [C:\Users\ultra\warewolf\Dev\Warewolf.Studio.Core\Warewolf.Studio.Core.csproj]
C:\Program Files\dotnet\sdk\10.0.201\Microsoft.Common.CurrentVersion.targets(2451,5): warning MSB3277:     "WindowsBase, Version=4.0.0.0, Culture=neutral, PublicKeyToken=31bf3856ad364e35" was chosen because it was primary and "WindowsBase, Version=6.0.2.0, Culture=neutral, PublicKeyToken=31bf3856ad364e35" was not. [C:\Users\ultra\warewolf\Dev\Warewolf.Studio.Core\Warewolf.Studio.Core.csproj]
C:\Program Files\dotnet\sdk\10.0.201\Microsoft.Common.CurrentVersion.targets(2451,5): warning MSB3277:     References which depend on "WindowsBase, Version=4.0.0.0, Culture=neutral, PublicKeyToken=31bf3856ad364e35" [C:\Program Files\dotnet\packs\Microsoft.NETCore.App.Ref\8.0.25\ref\net8.0\WindowsBase.dll]. [C:\Users\ultra\warewolf\Dev\Warewolf.Studio.Core\Warewolf.Studio.Core.csproj]
C:\Program Files\dotnet\sdk\10.0.201\Microsoft.Common.CurrentVersion.targets(2451,5): warning MSB3277:         C:\Program Files\dotnet\packs\Microsoft.NETCore.App.Ref\8.0.25\ref\net8.0\WindowsBase.dll [C:\Users\ultra\warewolf\Dev\Warewolf.Studio.Core\Warewolf.Studio.Core.csproj]
C:\Program Files\dotnet\sdk\10.0.201\Microsoft.Common.CurrentVersion.targets(2451,5): warning MSB3277:           Project file item includes which caused reference "C:\Program Files\dotnet\packs\Microsoft.NETCore.App.Ref\8.0.25\ref\net8.0\WindowsBase.dll". [C:\Users\ultra\warewolf\Dev\Warewolf.Studio.Core\Warewolf.Studio.Core.csproj]
C:\Program Files\dotnet\sdk\10.0.201\Microsoft.Common.CurrentVersion.targets(2451,5): warning MSB3277:             C:\Program Files\dotnet\packs\Microsoft.NETCore.App.Ref\8.0.25\ref/net8.0/WindowsBase.dll [C:\Users\ultra\warewolf\Dev\Warewolf.Studio.Core\Warewolf.Studio.Core.csproj]
C:\Program Files\dotnet\sdk\10.0.201\Microsoft.Common.CurrentVersion.targets(2451,5): warning MSB3277:     References which depend on or have been unified to "WindowsBase, Version=6.0.2.0, Culture=neutral, PublicKeyToken=31bf3856ad364e35" []. [C:\Users\ultra\warewolf\Dev\Warewolf.Studio.Core\Warewolf.Studio.Core.csproj]
C:\Program Files\dotnet\sdk\10.0.201\Microsoft.Common.CurrentVersion.targets(2451,5): warning MSB3277:         C:\Users\ultra\warewolf\Dev\Binaries\Infragistcs_Net6\InfragisticsWPF4.Controls.Menus.XamDataTree.v15.1.dll [C:\Users\ultra\warewolf\Dev\Warewolf.Studio.Core\Warewolf.Studio.Core.csproj]
C:\Program Files\dotnet\sdk\10.0.201\Microsoft.Common.CurrentVersion.targets(2451,5): warning MSB3277:           Project file item includes which caused reference "C:\Users\ultra\warewolf\Dev\Binaries\Infragistcs_Net6\InfragisticsWPF4.Controls.Menus.XamDataTree.v15.1.dll". [C:\Users\ultra\warewolf\Dev\Warewolf.Studio.Core\Warewolf.Studio.Core.csproj]
C:\Program Files\dotnet\sdk\10.0.201\Microsoft.Common.CurrentVersion.targets(2451,5): warning MSB3277:             InfragisticsWPF4.Controls.Menus.XamDataTree.v15.1, Version=15.1.20151.2055, Culture=neutral, PublicKeyToken=7dd5c3163f2cd0cb, processorArchitecture=MSIL [C:\Users\ultra\warewolf\Dev\Warewolf.Studio.Core\Warewolf.Studio.Core.csproj]
C:\Program Files\dotnet\sdk\10.0.201\Microsoft.Common.CurrentVersion.targets(2451,5): warning MSB3277:         C:\Users\ultra\warewolf\Dev\Binaries\Infragistcs_Net6\InfragisticsWPF4.DataManager.v15.1.dll [C:\Users\ultra\warewolf\Dev\Warewolf.Studio.Core\Warewolf.Studio.Core.csproj]
C:\Program Files\dotnet\sdk\10.0.201\Microsoft.Common.CurrentVersion.targets(2451,5): warning MSB3277:           Project file item includes which caused reference "C:\Users\ultra\warewolf\Dev\Binaries\Infragistcs_Net6\InfragisticsWPF4.DataManager.v15.1.dll". [C:\Users\ultra\warewolf\Dev\Warewolf.Studio.Core\Warewolf.Studio.Core.csproj]
C:\Program Files\dotnet\sdk\10.0.201\Microsoft.Common.CurrentVersion.targets(2451,5): warning MSB3277:             InfragisticsWPF4.DataManager.v15.1, Version=15.1.20151.2055, Culture=neutral, PublicKeyToken=7dd5c3163f2cd0cb, processorArchitecture=MSIL [C:\Users\ultra\warewolf\Dev\Warewolf.Studio.Core\Warewolf.Studio.Core.csproj]
C:\Program Files\dotnet\sdk\10.0.201\Microsoft.Common.CurrentVersion.targets(2451,5): warning MSB3277:             InfragisticsWPF4.Controls.Menus.XamDataTree.v15.1, Version=15.1.20151.2055, Culture=neutral, PublicKeyToken=7dd5c3163f2cd0cb, processorArchitecture=MSIL [C:\Users\ultra\warewolf\Dev\Warewolf.Studio.Core\Warewolf.Studio.Core.csproj]
C:\Program Files\dotnet\sdk\10.0.201\Microsoft.Common.CurrentVersion.targets(2451,5): warning MSB3277:         C:\Users\ultra\warewolf\Dev\Binaries\Infragistcs_Net6\InfragisticsWPF4.DockManager.v15.1.dll [C:\Users\ultra\warewolf\Dev\Warewolf.Studio.Core\Warewolf.Studio.Core.csproj]
C:\Program Files\dotnet\sdk\10.0.201\Microsoft.Common.CurrentVersion.targets(2451,5): warning MSB3277:           Project file item includes which caused reference "C:\Users\ultra\warewolf\Dev\Binaries\Infragistcs_Net6\InfragisticsWPF4.DockManager.v15.1.dll". [C:\Users\ultra\warewolf\Dev\Warewolf.Studio.Core\Warewolf.Studio.Core.csproj]
C:\Program Files\dotnet\sdk\10.0.201\Microsoft.Common.CurrentVersion.targets(2451,5): warning MSB3277:             InfragisticsWPF4.DockManager.v15.1, Version=15.1.20151.2055, Culture=neutral, PublicKeyToken=7dd5c3163f2cd0cb, processorArchitecture=MSIL [C:\Users\ultra\warewolf\Dev\Warewolf.Studio.Core\Warewolf.Studio.Core.csproj]
C:\Program Files\dotnet\sdk\10.0.201\Microsoft.Common.CurrentVersion.targets(2451,5): warning MSB3277:         C:\Users\ultra\warewolf\Dev\Binaries\Infragistcs_Net6\InfragisticsWPF4.v15.1.dll [C:\Users\ultra\warewolf\Dev\Warewolf.Studio.Core\Warewolf.Studio.Core.csproj]
C:\Program Files\dotnet\sdk\10.0.201\Microsoft.Common.CurrentVersion.targets(2451,5): warning MSB3277:           Project file item includes which caused reference "C:\Users\ultra\warewolf\Dev\Binaries\Infragistcs_Net6\InfragisticsWPF4.v15.1.dll". [C:\Users\ultra\warewolf\Dev\Warewolf.Studio.Core\Warewolf.Studio.Core.csproj]
C:\Program Files\dotnet\sdk\10.0.201\Microsoft.Common.CurrentVersion.targets(2451,5): warning MSB3277:             InfragisticsWPF4.v15.1, Version=15.1.20151.2055, Culture=neutral, PublicKeyToken=7dd5c3163f2cd0cb, processorArchitecture=MSIL [C:\Users\ultra\warewolf\Dev\Warewolf.Studio.Core\Warewolf.Studio.Core.csproj]
C:\Program Files\dotnet\sdk\10.0.201\Microsoft.Common.CurrentVersion.targets(2451,5): warning MSB3277:             InfragisticsWPF4.Controls.Menus.XamDataTree.v15.1, Version=15.1.20151.2055, Culture=neutral, PublicKeyToken=7dd5c3163f2cd0cb, processorArchitecture=MSIL [C:\Users\ultra\warewolf\Dev\Warewolf.Studio.Core\Warewolf.Studio.Core.csproj]
C:\Program Files\dotnet\sdk\10.0.201\Microsoft.Common.CurrentVersion.targets(2451,5): warning MSB3277:             InfragisticsWPF4.DataManager.v15.1, Version=15.1.20151.2055, Culture=neutral, PublicKeyToken=7dd5c3163f2cd0cb, processorArchitecture=MSIL [C:\Users\ultra\warewolf\Dev\Warewolf.Studio.Core\Warewolf.Studio.Core.csproj]
C:\Program Files\dotnet\sdk\10.0.201\Microsoft.Common.CurrentVersion.targets(2451,5): warning MSB3277:             InfragisticsWPF4.DockManager.v15.1, Version=15.1.20151.2055, Culture=neutral, PublicKeyToken=7dd5c3163f2cd0cb, processorArchitecture=MSIL [C:\Users\ultra\warewolf\Dev\Warewolf.Studio.Core\Warewolf.Studio.Core.csproj]
C:\Program Files\dotnet\sdk\10.0.201\Microsoft.Common.CurrentVersion.targets(2451,5): warning MSB3277:         C:\Users\ultra\.nuget\packages\caliburn.micro\4.0.212\lib\netcoreapp3.1\Caliburn.Micro.Platform.dll [C:\Users\ultra\warewolf\Dev\Warewolf.Studio.Core\Warewolf.Studio.Core.csproj]
C:\Program Files\dotnet\sdk\10.0.201\Microsoft.Common.CurrentVersion.targets(2451,5): warning MSB3277:           Project file item includes which caused reference "C:\Users\ultra\.nuget\packages\caliburn.micro\4.0.212\lib\netcoreapp3.1\Caliburn.Micro.Platform.dll". [C:\Users\ultra\warewolf\Dev\Warewolf.Studio.Core\Warewolf.Studio.Core.csproj]
C:\Program Files\dotnet\sdk\10.0.201\Microsoft.Common.CurrentVersion.targets(2451,5): warning MSB3277:             C:\Users\ultra\.nuget\packages\caliburn.micro\4.0.212\lib\netcoreapp3.1\Caliburn.Micro.Platform.dll [C:\Users\ultra\warewolf\Dev\Warewolf.Studio.Core\Warewolf.Studio.Core.csproj]
C:\Program Files\dotnet\sdk\10.0.201\Microsoft.Common.CurrentVersion.targets(2451,5): warning MSB3277:         C:\Users\ultra\.nuget\packages\microsoft.xaml.behaviors.wpf\1.1.122\lib\net462\Microsoft.Xaml.Behaviors.dll [C:\Users\ultra\warewolf\Dev\Warewolf.Studio.Core\Warewolf.Studio.Core.csproj]
C:\Program Files\dotnet\sdk\10.0.201\Microsoft.Common.CurrentVersion.targets(2451,5): warning MSB3277:           Project file item includes which caused reference "C:\Users\ultra\.nuget\packages\microsoft.xaml.behaviors.wpf\1.1.122\lib\net462\Microsoft.Xaml.Behaviors.dll". [C:\Users\ultra\warewolf\Dev\Warewolf.Studio.Core\Warewolf.Studio.Core.csproj]
C:\Program Files\dotnet\sdk\10.0.201\Microsoft.Common.CurrentVersion.targets(2451,5): warning MSB3277:             C:\Users\ultra\.nuget\packages\microsoft.xaml.behaviors.wpf\1.1.122\lib\net462\Microsoft.Xaml.Behaviors.dll [C:\Users\ultra\warewolf\Dev\Warewolf.Studio.Core\Warewolf.Studio.Core.csproj]
C:\Program Files\dotnet\sdk\10.0.201\Microsoft.Common.CurrentVersion.targets(2451,5): warning MSB3277:             C:\Users\ultra\.nuget\packages\caliburn.micro\4.0.212\lib\netcoreapp3.1\Caliburn.Micro.Platform.dll [C:\Users\ultra\warewolf\Dev\Warewolf.Studio.Core\Warewolf.Studio.Core.csproj]
C:\Program Files\dotnet\sdk\10.0.201\Microsoft.Common.CurrentVersion.targets(2451,5): warning MSB3277:             C:\Users\ultra\.nuget\packages\prism.wpf\9.0.537\lib\net462\Prism.Wpf.dll [C:\Users\ultra\warewolf\Dev\Warewolf.Studio.Core\Warewolf.Studio.Core.csproj]
C:\Program Files\dotnet\sdk\10.0.201\Microsoft.Common.CurrentVersion.targets(2451,5): warning MSB3277:         C:\Users\ultra\.nuget\packages\prism.wpf\9.0.537\lib\net462\Prism.Wpf.dll [C:\Users\ultra\warewolf\Dev\Warewolf.Studio.Core\Warewolf.Studio.Core.csproj]
C:\Program Files\dotnet\sdk\10.0.201\Microsoft.Common.CurrentVersion.targets(2451,5): warning MSB3277:           Project file item includes which caused reference "C:\Users\ultra\.nuget\packages\prism.wpf\9.0.537\lib\net462\Prism.Wpf.dll". [C:\Users\ultra\warewolf\Dev\Warewolf.Studio.Core\Warewolf.Studio.Core.csproj]
C:\Program Files\dotnet\sdk\10.0.201\Microsoft.Common.CurrentVersion.targets(2451,5): warning MSB3277:             C:\Users\ultra\.nuget\packages\prism.wpf\9.0.537\lib\net462\Prism.Wpf.dll [C:\Users\ultra\warewolf\Dev\Warewolf.Studio.Core\Warewolf.Studio.Core.csproj]
C:\Program Files\dotnet\sdk\10.0.201\Microsoft.Common.CurrentVersion.targets(2451,5): warning MSB3277:         C:\Users\ultra\.nuget\packages\reactiveui.wpf\18.4.1\lib\net462\ReactiveUI.Wpf.dll [C:\Users\ultra\warewolf\Dev\Warewolf.Studio.Core\Warewolf.Studio.Core.csproj]
C:\Program Files\dotnet\sdk\10.0.201\Microsoft.Common.CurrentVersion.targets(2451,5): warning MSB3277:           Project file item includes which caused reference "C:\Users\ultra\.nuget\packages\reactiveui.wpf\18.4.1\lib\net462\ReactiveUI.Wpf.dll". [C:\Users\ultra\warewolf\Dev\Warewolf.Studio.Core\Warewolf.Studio.Core.csproj]
C:\Program Files\dotnet\sdk\10.0.201\Microsoft.Common.CurrentVersion.targets(2451,5): warning MSB3277:             C:\Users\ultra\.nuget\packages\reactiveui.wpf\18.4.1\lib\net462\ReactiveUI.Wpf.dll [C:\Users\ultra\warewolf\Dev\Warewolf.Studio.Core\Warewolf.Studio.Core.csproj]
C:\Program Files\dotnet\sdk\10.0.201\Microsoft.Common.CurrentVersion.targets(2451,5): warning MSB3277:         C:\Users\ultra\warewolf\Dev\Binaries\Infragistcs_Net6\InfragisticsWPF4.DragDrop.v15.1.dll [C:\Users\ultra\warewolf\Dev\Warewolf.Studio.Core\Warewolf.Studio.Core.csproj]
C:\Program Files\dotnet\sdk\10.0.201\Microsoft.Common.CurrentVersion.targets(2451,5): warning MSB3277:           Project file item includes which caused reference "C:\Users\ultra\warewolf\Dev\Binaries\Infragistcs_Net6\InfragisticsWPF4.DragDrop.v15.1.dll". [C:\Users\ultra\warewolf\Dev\Warewolf.Studio.Core\Warewolf.Studio.Core.csproj]
C:\Program Files\dotnet\sdk\10.0.201\Microsoft.Common.CurrentVersion.targets(2451,5): warning MSB3277:             InfragisticsWPF4.Controls.Menus.XamDataTree.v15.1, Version=15.1.20151.2055, Culture=neutral, PublicKeyToken=7dd5c3163f2cd0cb, processorArchitecture=MSIL [C:\Users\ultra\warewolf\Dev\Warewolf.Studio.Core\Warewolf.Studio.Core.csproj]
C:\Program Files\dotnet\sdk\10.0.201\Microsoft.Common.CurrentVersion.targets(2451,5): warning MSB3245: Could not resolve this reference. Could not locate the assembly "System.ServiceModel.Activities". Check to make sure the assembly exists on disk. If this reference is required by your code, you may get compilation errors. [C:\Users\ultra\warewolf\Dev\Dev2.Activities\Dev2.Activities.csproj]
C:\Program Files\dotnet\sdk\10.0.201\Microsoft.Common.CurrentVersion.targets(2451,5): warning MSB3277: Found conflicts between different versions of "WindowsBase" that could not be resolved. [C:\Users\ultra\warewolf\Dev\Dev2.Activities\Dev2.Activities.csproj]
C:\Program Files\dotnet\sdk\10.0.201\Microsoft.Common.CurrentVersion.targets(2451,5): warning MSB3277: There was a conflict between "WindowsBase, Version=4.0.0.0, Culture=neutral, PublicKeyToken=31bf3856ad364e35" and "WindowsBase, Version=6.0.2.0, Culture=neutral, PublicKeyToken=31bf3856ad364e35". [C:\Users\ultra\warewolf\Dev\Dev2.Activities\Dev2.Activities.csproj]
C:\Program Files\dotnet\sdk\10.0.201\Microsoft.Common.CurrentVersion.targets(2451,5): warning MSB3277:     "WindowsBase, Version=4.0.0.0, Culture=neutral, PublicKeyToken=31bf3856ad364e35" was chosen because it was primary and "WindowsBase, Version=6.0.2.0, Culture=neutral, PublicKeyToken=31bf3856ad364e35" was not. [C:\Users\ultra\warewolf\Dev\Dev2.Activities\Dev2.Activities.csproj]
C:\Program Files\dotnet\sdk\10.0.201\Microsoft.Common.CurrentVersion.targets(2451,5): warning MSB3277:     References which depend on "WindowsBase, Version=4.0.0.0, Culture=neutral, PublicKeyToken=31bf3856ad364e35" [C:\Program Files\dotnet\packs\Microsoft.NETCore.App.Ref\8.0.25\ref\net8.0\WindowsBase.dll]. [C:\Users\ultra\warewolf\Dev\Dev2.Activities\Dev2.Activities.csproj]
C:\Program Files\dotnet\sdk\10.0.201\Microsoft.Common.CurrentVersion.targets(2451,5): warning MSB3277:         C:\Program Files\dotnet\packs\Microsoft.NETCore.App.Ref\8.0.25\ref\net8.0\WindowsBase.dll [C:\Users\ultra\warewolf\Dev\Dev2.Activities\Dev2.Activities.csproj]
C:\Program Files\dotnet\sdk\10.0.201\Microsoft.Common.CurrentVersion.targets(2451,5): warning MSB3277:           Project file item includes which caused reference "C:\Program Files\dotnet\packs\Microsoft.NETCore.App.Ref\8.0.25\ref\net8.0\WindowsBase.dll". [C:\Users\ultra\warewolf\Dev\Dev2.Activities\Dev2.Activities.csproj]
C:\Program Files\dotnet\sdk\10.0.201\Microsoft.Common.CurrentVersion.targets(2451,5): warning MSB3277:             C:\Program Files\dotnet\packs\Microsoft.NETCore.App.Ref\8.0.25\ref/net8.0/WindowsBase.dll [C:\Users\ultra\warewolf\Dev\Dev2.Activities\Dev2.Activities.csproj]
C:\Program Files\dotnet\sdk\10.0.201\Microsoft.Common.CurrentVersion.targets(2451,5): warning MSB3277:     References which depend on or have been unified to "WindowsBase, Version=6.0.2.0, Culture=neutral, PublicKeyToken=31bf3856ad364e35" []. [C:\Users\ultra\warewolf\Dev\Dev2.Activities\Dev2.Activities.csproj]
C:\Program Files\dotnet\sdk\10.0.201\Microsoft.Common.CurrentVersion.targets(2451,5): warning MSB3277:         C:\Users\ultra\.nuget\packages\caliburn.micro\4.0.212\lib\netcoreapp3.1\Caliburn.Micro.Platform.dll [C:\Users\ultra\warewolf\Dev\Dev2.Activities\Dev2.Activities.csproj]
C:\Program Files\dotnet\sdk\10.0.201\Microsoft.Common.CurrentVersion.targets(2451,5): warning MSB3277:           Project file item includes which caused reference "C:\Users\ultra\.nuget\packages\caliburn.micro\4.0.212\lib\netcoreapp3.1\Caliburn.Micro.Platform.dll". [C:\Users\ultra\warewolf\Dev\Dev2.Activities\Dev2.Activities.csproj]
C:\Program Files\dotnet\sdk\10.0.201\Microsoft.Common.CurrentVersion.targets(2451,5): warning MSB3277:             C:\Users\ultra\.nuget\packages\caliburn.micro\4.0.212\lib\netcoreapp3.1\Caliburn.Micro.Platform.dll [C:\Users\ultra\warewolf\Dev\Dev2.Activities\Dev2.Activities.csproj]
C:\Program Files\dotnet\sdk\10.0.201\Microsoft.Common.CurrentVersion.targets(2451,5): warning MSB3277:         C:\Users\ultra\.nuget\packages\ironpython\3.4.0\lib\net6.0\IronPython.Wpf.dll [C:\Users\ultra\warewolf\Dev\Dev2.Activities\Dev2.Activities.csproj]
C:\Program Files\dotnet\sdk\10.0.201\Microsoft.Common.CurrentVersion.targets(2451,5): warning MSB3277:           Project file item includes which caused reference "C:\Users\ultra\.nuget\packages\ironpython\3.4.0\lib\net6.0\IronPython.Wpf.dll". [C:\Users\ultra\warewolf\Dev\Dev2.Activities\Dev2.Activities.csproj]
C:\Program Files\dotnet\sdk\10.0.201\Microsoft.Common.CurrentVersion.targets(2451,5): warning MSB3277:             C:\Users\ultra\.nuget\packages\ironpython\3.4.0\lib\net6.0\IronPython.Wpf.dll [C:\Users\ultra\warewolf\Dev\Dev2.Activities\Dev2.Activities.csproj]
C:\Program Files\dotnet\sdk\10.0.201\Microsoft.Common.CurrentVersion.targets(2451,5): warning MSB3277:         C:\Users\ultra\.nuget\packages\microsoft.xaml.behaviors.wpf\1.1.19\lib\netcoreapp3.0\Microsoft.Xaml.Behaviors.dll [C:\Users\ultra\warewolf\Dev\Dev2.Activities\Dev2.Activities.csproj]
C:\Program Files\dotnet\sdk\10.0.201\Microsoft.Common.CurrentVersion.targets(2451,5): warning MSB3277:           Project file item includes which caused reference "C:\Users\ultra\.nuget\packages\microsoft.xaml.behaviors.wpf\1.1.19\lib\netcoreapp3.0\Microsoft.Xaml.Behaviors.dll". [C:\Users\ultra\warewolf\Dev\Dev2.Activities\Dev2.Activities.csproj]
C:\Program Files\dotnet\sdk\10.0.201\Microsoft.Common.CurrentVersion.targets(2451,5): warning MSB3277:             C:\Users\ultra\.nuget\packages\microsoft.xaml.behaviors.wpf\1.1.19\lib\netcoreapp3.0\Microsoft.Xaml.Behaviors.dll [C:\Users\ultra\warewolf\Dev\Dev2.Activities\Dev2.Activities.csproj]
C:\Program Files\dotnet\sdk\10.0.201\Microsoft.Common.CurrentVersion.targets(2451,5): warning MSB3277:             C:\Users\ultra\.nuget\packages\caliburn.micro\4.0.212\lib\netcoreapp3.1\Caliburn.Micro.Platform.dll [C:\Users\ultra\warewolf\Dev\Dev2.Activities\Dev2.Activities.csproj]
C:\Program Files\dotnet\sdk\10.0.201\Microsoft.Common.CurrentVersion.targets(2451,5): warning MSB3277:         C:\Users\ultra\.nuget\packages\reactiveui.wpf\18.4.1\lib\net462\ReactiveUI.Wpf.dll [C:\Users\ultra\warewolf\Dev\Dev2.Activities\Dev2.Activities.csproj]
C:\Program Files\dotnet\sdk\10.0.201\Microsoft.Common.CurrentVersion.targets(2451,5): warning MSB3277:           Project file item includes which caused reference "C:\Users\ultra\.nuget\packages\reactiveui.wpf\18.4.1\lib\net462\ReactiveUI.Wpf.dll". [C:\Users\ultra\warewolf\Dev\Dev2.Activities\Dev2.Activities.csproj]
C:\Program Files\dotnet\sdk\10.0.201\Microsoft.Common.CurrentVersion.targets(2451,5): warning MSB3277:             C:\Users\ultra\.nuget\packages\reactiveui.wpf\18.4.1\lib\net462\ReactiveUI.Wpf.dll [C:\Users\ultra\warewolf\Dev\Dev2.Activities\Dev2.Activities.csproj]
  Consider app.config remapping of assembly "System.Runtime.CompilerServices.Unsafe, Culture=neutral, PublicKeyToken=b03f5f7f11d50a3a" from Version "6.0.0.0" [] to Version "8.0.0.0" [C:\Program Files\dotnet\packs\Microsoft.NETCore.App.Ref\8.0.25\ref\net8.0\System.Runtime.CompilerServices.Unsafe.dll] to solve conflict and get rid of warning.
C:\Users\ultra\warewolf\Dev\Dev2.Activities\WorkflowConverters\ActivityPropertiesReaderHelper.cs(54,45): warning CS8632: The annotation for nullable reference types should only be used in code within a '#nullable' annotations context. [C:\Users\ultra\warewolf\Dev\Dev2.Activities\Dev2.Activities.csproj]
C:\Users\ultra\warewolf\Dev\Dev2.Activities\WorkflowConverters\SwitchActivityDataHelper.cs(106,58): warning CS8632: The annotation for nullable reference types should only be used in code within a '#nullable' annotations context. [C:\Users\ultra\warewolf\Dev\Dev2.Activities\Dev2.Activities.csproj]
C:\Users\ultra\warewolf\Dev\Dev2.Activities\WorkflowConverters\SwitchActivityDataHelper.cs(225,65): warning CS8632: The annotation for nullable reference types should only be used in code within a '#nullable' annotations context. [C:\Users\ultra\warewolf\Dev\Dev2.Activities\Dev2.Activities.csproj]
C:\Users\ultra\warewolf\Dev\Dev2.Activities\WorkflowConverters\SwitchActivityDataHelper.cs(225,25): warning CS8632: The annotation for nullable reference types should only be used in code within a '#nullable' annotations context. [C:\Users\ultra\warewolf\Dev\Dev2.Activities\Dev2.Activities.csproj]
C:\Users\ultra\warewolf\Dev\Dev2.Activities\WorkflowConverters\SwitchActivityDataHelper.cs(342,61): warning CS8632: The annotation for nullable reference types should only be used in code within a '#nullable' annotations context. [C:\Users\ultra\warewolf\Dev\Dev2.Activities\Dev2.Activities.csproj]
C:\Users\ultra\warewolf\Dev\Dev2.Activities\WorkflowConverters\SwitchActivityDataHelper.cs(342,30): warning CS8632: The annotation for nullable reference types should only be used in code within a '#nullable' annotations context. [C:\Users\ultra\warewolf\Dev\Dev2.Activities\Dev2.Activities.csproj]
C:\Users\ultra\warewolf\Dev\Dev2.Activities\WorkflowConverters\SwitchActivityDataHelper.cs(32,25): warning CS8632: The annotation for nullable reference types should only be used in code within a '#nullable' annotations context. [C:\Users\ultra\warewolf\Dev\Dev2.Activities\Dev2.Activities.csproj]
C:\Users\ultra\warewolf\Dev\Dev2.Activities\WorkflowConverters\SwitchActivityDataHelper.cs(33,25): warning CS8632: The annotation for nullable reference types should only be used in code within a '#nullable' annotations context. [C:\Users\ultra\warewolf\Dev\Dev2.Activities\Dev2.Activities.csproj]
C:\Users\ultra\warewolf\Dev\Dev2.Activities\WorkflowConverters\SwitchActivityDataHelper.cs(34,25): warning CS8632: The annotation for nullable reference types should only be used in code within a '#nullable' annotations context. [C:\Users\ultra\warewolf\Dev\Dev2.Activities\Dev2.Activities.csproj]
C:\Users\ultra\warewolf\Dev\Dev2.Activities\WorkflowConverters\SwitchActivityDataHelper.cs(35,25): warning CS8632: The annotation for nullable reference types should only be used in code within a '#nullable' annotations context. [C:\Users\ultra\warewolf\Dev\Dev2.Activities\Dev2.Activities.csproj]
C:\Users\ultra\warewolf\Dev\Dev2.Activities\WorkflowConverters\SwitchActivityDataHelper.cs(36,25): warning CS8632: The annotation for nullable reference types should only be used in code within a '#nullable' annotations context. [C:\Users\ultra\warewolf\Dev\Dev2.Activities\Dev2.Activities.csproj]
C:\Users\ultra\warewolf\Dev\Dev2.Activities\WorkflowConverters\SwitchActivityDataHelper.cs(37,25): warning CS8632: The annotation for nullable reference types should only be used in code within a '#nullable' annotations context. [C:\Users\ultra\warewolf\Dev\Dev2.Activities\Dev2.Activities.csproj]
C:\Users\ultra\warewolf\Dev\Dev2.Activities\WorkflowConverters\SwitchActivityDataHelper.cs(108,19): warning CS8632: The annotation for nullable reference types should only be used in code within a '#nullable' annotations context. [C:\Users\ultra\warewolf\Dev\Dev2.Activities\Dev2.Activities.csproj]
C:\Users\ultra\warewolf\Dev\Dev2.Activities\WorkflowConverters\ActivityPropertiesReaderHelper.cs(60,59): warning CS8632: The annotation for nullable reference types should only be used in code within a '#nullable' annotations context. [C:\Users\ultra\warewolf\Dev\Dev2.Activities\Dev2.Activities.csproj]
C:\Users\ultra\warewolf\Dev\Dev2.Activities\WorkflowConverters\X6ToWorkflowConverter.cs(375,13): warning CC0003: Consider adding an Exception to the catch. (https://code-cracker.github.io/diagnostics/CC0003.html) [C:\Users\ultra\warewolf\Dev\Dev2.Activities\Dev2.Activities.csproj]
C:\Users\ultra\warewolf\Dev\Dev2.Activities\Activities\GateActivity.cs(733,24): warning CC0022: WarewolfListIterator should be disposed. (https://code-cracker.github.io/diagnostics/CC0022.html) [C:\Users\ultra\warewolf\Dev\Dev2.Activities\Dev2.Activities.csproj]
C:\Users\ultra\warewolf\Dev\Dev2.Activities\Activities\GateActivity.cs(639,21): warning CC0003: Consider adding an Exception to the catch. (https://code-cracker.github.io/diagnostics/CC0003.html) [C:\Users\ultra\warewolf\Dev\Dev2.Activities\Dev2.Activities.csproj]
C:\Users\ultra\warewolf\Dev\Dev2.Activities\Activities\GateActivity.cs(656,21): warning CC0003: Consider adding an Exception to the catch. (https://code-cracker.github.io/diagnostics/CC0003.html) [C:\Users\ultra\warewolf\Dev\Dev2.Activities\Dev2.Activities.csproj]
C:\Users\ultra\warewolf\Dev\Dev2.Activities\WorkflowConverters\X6ToWorkflowConverter.cs(833,17): warning CC0120: Consider put an default clause in Switch. (https://code-cracker.github.io/diagnostics/CC0120.html) [C:\Users\ultra\warewolf\Dev\Dev2.Activities\Dev2.Activities.csproj]
C:\Users\ultra\warewolf\Dev\Dev2.Activities\WorkflowConverters\X6ToWorkflowConverter.cs(958,13): warning CC0004: Empty Catch Block. (https://code-cracker.github.io/diagnostics/CC0004.html) [C:\Users\ultra\warewolf\Dev\Dev2.Activities\Dev2.Activities.csproj]
C:\Users\ultra\warewolf\Dev\Dev2.Activities\Activities\PathOperations\FileWriteActivity.cs(54,26): warning CC0022: WarewolfListIterator should be disposed. (https://code-cracker.github.io/diagnostics/CC0022.html) [C:\Users\ultra\warewolf\Dev\Dev2.Activities\Dev2.Activities.csproj]
C:\Users\ultra\warewolf\Dev\Dev2.Activities\WorkflowConverters\WorkflowToX6Converter.cs(567,13): warning CC0105: Use 'var' instead of specifying the type name. (https://code-cracker.github.io/diagnostics/CC0105.html) [C:\Users\ultra\warewolf\Dev\Dev2.Activities\Dev2.Activities.csproj]
C:\Users\ultra\warewolf\Dev\Dev2.Activities\WorkflowConverters\WorkflowToX6Converter.cs(998,13): warning CC0004: Empty Catch Block. (https://code-cracker.github.io/diagnostics/CC0004.html) [C:\Users\ultra\warewolf\Dev\Dev2.Activities\Dev2.Activities.csproj]
C:\Users\ultra\warewolf\Dev\Dev2.Activities\WorkflowConverters\WorkflowToX6Converter.cs(1376,17): warning CC0004: Empty Catch Block. (https://code-cracker.github.io/diagnostics/CC0004.html) [C:\Users\ultra\warewolf\Dev\Dev2.Activities\Dev2.Activities.csproj]
C:\Users\ultra\warewolf\Dev\Dev2.Activities\WorkflowConverters\WorkflowToX6Converter.cs(1365,13): warning CC0006: You can use foreach instead of for. (https://code-cracker.github.io/diagnostics/CC0006.html) [C:\Users\ultra\warewolf\Dev\Dev2.Activities\Dev2.Activities.csproj]
C:\Users\ultra\warewolf\Dev\Dev2.Activities\Activities\WebPostActivity.cs(238,28): warning CC0022: WarewolfListIterator should be disposed. (https://code-cracker.github.io/diagnostics/CC0022.html) [C:\Users\ultra\warewolf\Dev\Dev2.Activities\Dev2.Activities.csproj]
C:\Users\ultra\warewolf\Dev\Dev2.Activities\Activities\WebPostActivityNew.cs(281,28): warning CC0022: WarewolfListIterator should be disposed. (https://code-cracker.github.io/diagnostics/CC0022.html) [C:\Users\ultra\warewolf\Dev\Dev2.Activities\Dev2.Activities.csproj]
C:\Users\ultra\warewolf\Dev\Dev2.Activities\Activities\DsfWebActivityBase.cs(136,96): warning CC0022: StringContent should be disposed. (https://code-cracker.github.io/diagnostics/CC0022.html) [C:\Users\ultra\warewolf\Dev\Dev2.Activities\Dev2.Activities.csproj]
C:\Users\ultra\warewolf\Dev\Dev2.Activities\Activities\DsfWebActivityBase.cs(158,42): warning CC0022: StreamReader should be disposed. (https://code-cracker.github.io/diagnostics/CC0022.html) [C:\Users\ultra\warewolf\Dev\Dev2.Activities\Dev2.Activities.csproj]
C:\Users\ultra\warewolf\Dev\Dev2.Activities\Activities\DsfWebActivityBase.cs(175,35): warning CC0022: ByteArrayContent should be disposed. (https://code-cracker.github.io/diagnostics/CC0022.html) [C:\Users\ultra\warewolf\Dev\Dev2.Activities\Dev2.Activities.csproj]
C:\Users\ultra\warewolf\Dev\Dev2.Activities\Activities\DsfWebActivityBase.cs(184,31): warning CC0022: StringContent should be disposed. (https://code-cracker.github.io/diagnostics/CC0022.html) [C:\Users\ultra\warewolf\Dev\Dev2.Activities\Dev2.Activities.csproj]
C:\Users\ultra\warewolf\Dev\Dev2.Activities\Activities\GetSystemInformationHelper.cs(95,36): warning CA1416: This call site is reachable on all platforms. 'ManagementBaseObject.GetPropertyValue(string)' is only supported on: 'windows'. (https://learn.microsoft.com/dotnet/fundamentals/code-analysis/quality-rules/ca1416) [C:\Users\ultra\warewolf\Dev\Dev2.Activities\Dev2.Activities.csproj]
C:\Users\ultra\warewolf\Dev\Dev2.Activities\Activities\GetSystemInformationHelper.cs(327,28): warning CA1416: This call site is reachable on all platforms. 'ManagementObjectSearcher' is only supported on: 'windows'. (https://learn.microsoft.com/dotnet/fundamentals/code-analysis/quality-rules/ca1416) [C:\Users\ultra\warewolf\Dev\Dev2.Activities\Dev2.Activities.csproj]
C:\Users\ultra\warewolf\Dev\Dev2.Activities\Activities\GetSystemInformationHelper.cs(326,28): warning CA1416: This call site is reachable on all platforms. 'ObjectQuery' is only supported on: 'windows'. (https://learn.microsoft.com/dotnet/fundamentals/code-analysis/quality-rules/ca1416) [C:\Users\ultra\warewolf\Dev\Dev2.Activities\Dev2.Activities.csproj]
C:\Users\ultra\warewolf\Dev\Dev2.Activities\Activities\GetSystemInformationHelper.cs(329,31): warning CA1416: This call site is reachable on all platforms. 'ManagementObjectSearcher.Get()' is only supported on: 'windows'. (https://learn.microsoft.com/dotnet/fundamentals/code-analysis/quality-rules/ca1416) [C:\Users\ultra\warewolf\Dev\Dev2.Activities\Dev2.Activities.csproj]
C:\Users\ultra\warewolf\Dev\Dev2.Activities\Activities\GetSystemInformationHelper.cs(332,60): warning CA1416: This call site is reachable on all platforms. 'ManagementBaseObject.this[string]' is only supported on: 'windows'. (https://learn.microsoft.com/dotnet/fundamentals/code-analysis/quality-rules/ca1416) [C:\Users\ultra\warewolf\Dev\Dev2.Activities\Dev2.Activities.csproj]
C:\Users\ultra\warewolf\Dev\Dev2.Activities\Activities\GetSystemInformationHelper.cs(340,28): warning CA1416: This call site is reachable on all platforms. 'ObjectQuery' is only supported on: 'windows'. (https://learn.microsoft.com/dotnet/fundamentals/code-analysis/quality-rules/ca1416) [C:\Users\ultra\warewolf\Dev\Dev2.Activities\Dev2.Activities.csproj]
C:\Users\ultra\warewolf\Dev\Dev2.Activities\Activities\GetSystemInformationHelper.cs(345,53): warning CA1416: This call site is reachable on all platforms. 'ManagementBaseObject.this[string]' is only supported on: 'windows'. (https://learn.microsoft.com/dotnet/fundamentals/code-analysis/quality-rules/ca1416) [C:\Users\ultra\warewolf\Dev\Dev2.Activities\Dev2.Activities.csproj]
C:\Users\ultra\warewolf\Dev\Dev2.Activities\Activities\GetSystemInformationHelper.cs(342,31): warning CA1416: This call site is reachable on all platforms. 'ManagementObjectSearcher.Get()' is only supported on: 'windows'. (https://learn.microsoft.com/dotnet/fundamentals/code-analysis/quality-rules/ca1416) [C:\Users\ultra\warewolf\Dev\Dev2.Activities\Dev2.Activities.csproj]
C:\Users\ultra\warewolf\Dev\Dev2.Activities\Activities\GetSystemInformationHelper.cs(346,58): warning CA1416: This call site is reachable on all platforms. 'ManagementBaseObject.this[string]' is only supported on: 'windows'. (https://learn.microsoft.com/dotnet/fundamentals/code-analysis/quality-rules/ca1416) [C:\Users\ultra\warewolf\Dev\Dev2.Activities\Dev2.Activities.csproj]
C:\Users\ultra\warewolf\Dev\Dev2.Activities\Activities\GetSystemInformationHelper.cs(341,28): warning CA1416: This call site is reachable on all platforms. 'ManagementObjectSearcher' is only supported on: 'windows'. (https://learn.microsoft.com/dotnet/fundamentals/code-analysis/quality-rules/ca1416) [C:\Users\ultra\warewolf\Dev\Dev2.Activities\Dev2.Activities.csproj]
C:\Users\ultra\warewolf\Dev\Dev2.Activities\Activities\GetSystemInformationHelper.cs(372,17): warning CA1416: This call site is reachable on all platforms. 'WindowsIdentity.Groups' is only supported on: 'windows'. (https://learn.microsoft.com/dotnet/fundamentals/code-analysis/quality-rules/ca1416) [C:\Users\ultra\warewolf\Dev\Dev2.Activities\Dev2.Activities.csproj]
C:\Users\ultra\warewolf\Dev\Dev2.Activities\Activities\GetSystemInformationHelper.cs(374,37): warning CA1416: This call site is reachable on all platforms. 'WindowsIdentity.Groups' is only supported on: 'windows'. (https://learn.microsoft.com/dotnet/fundamentals/code-analysis/quality-rules/ca1416) [C:\Users\ultra\warewolf\Dev\Dev2.Activities\Dev2.Activities.csproj]
C:\Users\ultra\warewolf\Dev\Dev2.Activities\Activities\GetSystemInformationHelper.cs(370,92): warning CA1416: This call site is reachable on all platforms. 'WindowsIdentity.GetCurrent()' is only supported on: 'windows'. (https://learn.microsoft.com/dotnet/fundamentals/code-analysis/quality-rules/ca1416) [C:\Users\ultra\warewolf\Dev\Dev2.Activities\Dev2.Activities.csproj]
C:\Users\ultra\warewolf\Dev\Dev2.Activities\Activities\GetSystemInformationHelper.cs(392,32): warning CA1416: This call site is reachable on all platforms. 'ObjectQuery' is only supported on: 'windows'. (https://learn.microsoft.com/dotnet/fundamentals/code-analysis/quality-rules/ca1416) [C:\Users\ultra\warewolf\Dev\Dev2.Activities\Dev2.Activities.csproj]
C:\Users\ultra\warewolf\Dev\Dev2.Activities\Activities\GetSystemInformationHelper.cs(394,35): warning CA1416: This call site is reachable on all platforms. 'ManagementObjectSearcher.Get()' is only supported on: 'windows'. (https://learn.microsoft.com/dotnet/fundamentals/code-analysis/quality-rules/ca1416) [C:\Users\ultra\warewolf\Dev\Dev2.Activities\Dev2.Activities.csproj]
C:\Users\ultra\warewolf\Dev\Dev2.Activities\Activities\GetSystemInformationHelper.cs(392,90): warning CA1416: This call site is reachable on all platforms. 'IdentityReference.Value' is only supported on: 'windows'. (https://learn.microsoft.com/dotnet/fundamentals/code-analysis/quality-rules/ca1416) [C:\Users\ultra\warewolf\Dev\Dev2.Activities\Dev2.Activities.csproj]
C:\Users\ultra\warewolf\Dev\Dev2.Activities\Activities\GetSystemInformationHelper.cs(387,28): warning CA1416: This call site is reachable on all platforms. 'IdentityReference.Value' is only supported on: 'windows'. (https://learn.microsoft.com/dotnet/fundamentals/code-analysis/quality-rules/ca1416) [C:\Users\ultra\warewolf\Dev\Dev2.Activities\Dev2.Activities.csproj]
C:\Users\ultra\warewolf\Dev\Dev2.Activities\Activities\GetSystemInformationHelper.cs(386,39): warning CA1416: This call site is reachable on all platforms. 'IdentityReference.Translate(Type)' is only supported on: 'windows'. (https://learn.microsoft.com/dotnet/fundamentals/code-analysis/quality-rules/ca1416) [C:\Users\ultra\warewolf\Dev\Dev2.Activities\Dev2.Activities.csproj]
C:\Users\ultra\warewolf\Dev\Dev2.Activities\Activities\GetSystemInformationHelper.cs(397,49): warning CA1416: This call site is reachable on all platforms. 'ManagementBaseObject.this[string]' is only supported on: 'windows'. (https://learn.microsoft.com/dotnet/fundamentals/code-analysis/quality-rules/ca1416) [C:\Users\ultra\warewolf\Dev\Dev2.Activities\Dev2.Activities.csproj]
C:\Users\ultra\warewolf\Dev\Dev2.Activities\Activities\GetSystemInformationHelper.cs(393,32): warning CA1416: This call site is reachable on all platforms. 'ManagementObjectSearcher' is only supported on: 'windows'. (https://learn.microsoft.com/dotnet/fundamentals/code-analysis/quality-rules/ca1416) [C:\Users\ultra\warewolf\Dev\Dev2.Activities\Dev2.Activities.csproj]
C:\Users\ultra\warewolf\Dev\Dev2.Activities\Activities\GetSystemInformationHelper.cs(428,35): warning CA1416: This call site is reachable on all platforms. 'ManagementObjectSearcher.Get()' is only supported on: 'windows'. (https://learn.microsoft.com/dotnet/fundamentals/code-analysis/quality-rules/ca1416) [C:\Users\ultra\warewolf\Dev\Dev2.Activities\Dev2.Activities.csproj]
C:\Users\ultra\warewolf\Dev\Dev2.Activities\Activities\GetSystemInformationHelper.cs(427,32): warning CA1416: This call site is reachable on all platforms. 'ManagementObjectSearcher' is only supported on: 'windows'. (https://learn.microsoft.com/dotnet/fundamentals/code-analysis/quality-rules/ca1416) [C:\Users\ultra\warewolf\Dev\Dev2.Activities\Dev2.Activities.csproj]
C:\Users\ultra\warewolf\Dev\Dev2.Activities\Activities\GetSystemInformationHelper.cs(426,32): warning CA1416: This call site is reachable on all platforms. 'ObjectQuery' is only supported on: 'windows'. (https://learn.microsoft.com/dotnet/fundamentals/code-analysis/quality-rules/ca1416) [C:\Users\ultra\warewolf\Dev\Dev2.Activities\Dev2.Activities.csproj]
C:\Users\ultra\warewolf\Dev\Dev2.Activities\Activities\GetSystemInformationHelper.cs(431,57): warning CA1416: This call site is reachable on all platforms. 'ManagementBaseObject.this[string]' is only supported on: 'windows'. (https://learn.microsoft.com/dotnet/fundamentals/code-analysis/quality-rules/ca1416) [C:\Users\ultra\warewolf\Dev\Dev2.Activities\Dev2.Activities.csproj]
  Warewolf.HangfireServer -> C:\Users\ultra\warewolf\Dev\Warewolf.HangfireServer\bin\Debug\net8.0\linux-x64\HangfireServer.dll
  Dev2.Activities -> C:\Users\ultra\warewolf\Dev\Dev2.Activities\bin\Debug\net8.0\Dev2.Activities.dll
C:\Program Files\dotnet\sdk\10.0.201\Microsoft.Common.CurrentVersion.targets(2451,5): warning MSB3277: Found conflicts between different versions of "WindowsBase" that could not be resolved. [C:\Users\ultra\warewolf\Dev\Dev2.Runtime\Dev2.Runtime.csproj]
C:\Program Files\dotnet\sdk\10.0.201\Microsoft.Common.CurrentVersion.targets(2451,5): warning MSB3277: There was a conflict between "WindowsBase, Version=4.0.0.0, Culture=neutral, PublicKeyToken=31bf3856ad364e35" and "WindowsBase, Version=6.0.2.0, Culture=neutral, PublicKeyToken=31bf3856ad364e35". [C:\Users\ultra\warewolf\Dev\Dev2.Runtime\Dev2.Runtime.csproj]
C:\Program Files\dotnet\sdk\10.0.201\Microsoft.Common.CurrentVersion.targets(2451,5): warning MSB3277:     "WindowsBase, Version=4.0.0.0, Culture=neutral, PublicKeyToken=31bf3856ad364e35" was chosen because it was primary and "WindowsBase, Version=6.0.2.0, Culture=neutral, PublicKeyToken=31bf3856ad364e35" was not. [C:\Users\ultra\warewolf\Dev\Dev2.Runtime\Dev2.Runtime.csproj]
C:\Program Files\dotnet\sdk\10.0.201\Microsoft.Common.CurrentVersion.targets(2451,5): warning MSB3277:     References which depend on "WindowsBase, Version=4.0.0.0, Culture=neutral, PublicKeyToken=31bf3856ad364e35" [C:\Program Files\dotnet\packs\Microsoft.NETCore.App.Ref\8.0.25\ref\net8.0\WindowsBase.dll]. [C:\Users\ultra\warewolf\Dev\Dev2.Runtime\Dev2.Runtime.csproj]
C:\Program Files\dotnet\sdk\10.0.201\Microsoft.Common.CurrentVersion.targets(2451,5): warning MSB3277:         C:\Program Files\dotnet\packs\Microsoft.NETCore.App.Ref\8.0.25\ref\net8.0\WindowsBase.dll [C:\Users\ultra\warewolf\Dev\Dev2.Runtime\Dev2.Runtime.csproj]
C:\Program Files\dotnet\sdk\10.0.201\Microsoft.Common.CurrentVersion.targets(2451,5): warning MSB3277:           Project file item includes which caused reference "C:\Program Files\dotnet\packs\Microsoft.NETCore.App.Ref\8.0.25\ref\net8.0\WindowsBase.dll". [C:\Users\ultra\warewolf\Dev\Dev2.Runtime\Dev2.Runtime.csproj]
C:\Program Files\dotnet\sdk\10.0.201\Microsoft.Common.CurrentVersion.targets(2451,5): warning MSB3277:             C:\Program Files\dotnet\packs\Microsoft.NETCore.App.Ref\8.0.25\ref/net8.0/WindowsBase.dll [C:\Users\ultra\warewolf\Dev\Dev2.Runtime\Dev2.Runtime.csproj]
C:\Program Files\dotnet\sdk\10.0.201\Microsoft.Common.CurrentVersion.targets(2451,5): warning MSB3277:     References which depend on or have been unified to "WindowsBase, Version=6.0.2.0, Culture=neutral, PublicKeyToken=31bf3856ad364e35" []. [C:\Users\ultra\warewolf\Dev\Dev2.Runtime\Dev2.Runtime.csproj]
C:\Program Files\dotnet\sdk\10.0.201\Microsoft.Common.CurrentVersion.targets(2451,5): warning MSB3277:         C:\Users\ultra\.nuget\packages\caliburn.micro\4.0.212\lib\netcoreapp3.1\Caliburn.Micro.Platform.dll [C:\Users\ultra\warewolf\Dev\Dev2.Runtime\Dev2.Runtime.csproj]
C:\Program Files\dotnet\sdk\10.0.201\Microsoft.Common.CurrentVersion.targets(2451,5): warning MSB3277:           Project file item includes which caused reference "C:\Users\ultra\.nuget\packages\caliburn.micro\4.0.212\lib\netcoreapp3.1\Caliburn.Micro.Platform.dll". [C:\Users\ultra\warewolf\Dev\Dev2.Runtime\Dev2.Runtime.csproj]
C:\Program Files\dotnet\sdk\10.0.201\Microsoft.Common.CurrentVersion.targets(2451,5): warning MSB3277:             C:\Users\ultra\.nuget\packages\caliburn.micro\4.0.212\lib\netcoreapp3.1\Caliburn.Micro.Platform.dll [C:\Users\ultra\warewolf\Dev\Dev2.Runtime\Dev2.Runtime.csproj]
C:\Program Files\dotnet\sdk\10.0.201\Microsoft.Common.CurrentVersion.targets(2451,5): warning MSB3277:         C:\Users\ultra\.nuget\packages\ironpython\3.4.0\lib\net6.0\IronPython.Wpf.dll [C:\Users\ultra\warewolf\Dev\Dev2.Runtime\Dev2.Runtime.csproj]
C:\Program Files\dotnet\sdk\10.0.201\Microsoft.Common.CurrentVersion.targets(2451,5): warning MSB3277:           Project file item includes which caused reference "C:\Users\ultra\.nuget\packages\ironpython\3.4.0\lib\net6.0\IronPython.Wpf.dll". [C:\Users\ultra\warewolf\Dev\Dev2.Runtime\Dev2.Runtime.csproj]
C:\Program Files\dotnet\sdk\10.0.201\Microsoft.Common.CurrentVersion.targets(2451,5): warning MSB3277:             C:\Users\ultra\.nuget\packages\ironpython\3.4.0\lib\net6.0\IronPython.Wpf.dll [C:\Users\ultra\warewolf\Dev\Dev2.Runtime\Dev2.Runtime.csproj]
C:\Program Files\dotnet\sdk\10.0.201\Microsoft.Common.CurrentVersion.targets(2451,5): warning MSB3277:         C:\Users\ultra\.nuget\packages\microsoft.xaml.behaviors.wpf\1.1.19\lib\netcoreapp3.0\Microsoft.Xaml.Behaviors.dll [C:\Users\ultra\warewolf\Dev\Dev2.Runtime\Dev2.Runtime.csproj]
C:\Program Files\dotnet\sdk\10.0.201\Microsoft.Common.CurrentVersion.targets(2451,5): warning MSB3277:           Project file item includes which caused reference "C:\Users\ultra\.nuget\packages\microsoft.xaml.behaviors.wpf\1.1.19\lib\netcoreapp3.0\Microsoft.Xaml.Behaviors.dll". [C:\Users\ultra\warewolf\Dev\Dev2.Runtime\Dev2.Runtime.csproj]
C:\Program Files\dotnet\sdk\10.0.201\Microsoft.Common.CurrentVersion.targets(2451,5): warning MSB3277:             C:\Users\ultra\.nuget\packages\microsoft.xaml.behaviors.wpf\1.1.19\lib\netcoreapp3.0\Microsoft.Xaml.Behaviors.dll [C:\Users\ultra\warewolf\Dev\Dev2.Runtime\Dev2.Runtime.csproj]
C:\Program Files\dotnet\sdk\10.0.201\Microsoft.Common.CurrentVersion.targets(2451,5): warning MSB3277:             C:\Users\ultra\.nuget\packages\caliburn.micro\4.0.212\lib\netcoreapp3.1\Caliburn.Micro.Platform.dll [C:\Users\ultra\warewolf\Dev\Dev2.Runtime\Dev2.Runtime.csproj]
C:\Program Files\dotnet\sdk\10.0.201\Microsoft.Common.CurrentVersion.targets(2451,5): warning MSB3277:         C:\Users\ultra\.nuget\packages\reactiveui.wpf\18.4.1\lib\net462\ReactiveUI.Wpf.dll [C:\Users\ultra\warewolf\Dev\Dev2.Runtime\Dev2.Runtime.csproj]
C:\Program Files\dotnet\sdk\10.0.201\Microsoft.Common.CurrentVersion.targets(2451,5): warning MSB3277:           Project file item includes which caused reference "C:\Users\ultra\.nuget\packages\reactiveui.wpf\18.4.1\lib\net462\ReactiveUI.Wpf.dll". [C:\Users\ultra\warewolf\Dev\Dev2.Runtime\Dev2.Runtime.csproj]
C:\Program Files\dotnet\sdk\10.0.201\Microsoft.Common.CurrentVersion.targets(2451,5): warning MSB3277:             C:\Users\ultra\.nuget\packages\reactiveui.wpf\18.4.1\lib\net462\ReactiveUI.Wpf.dll [C:\Users\ultra\warewolf\Dev\Dev2.Runtime\Dev2.Runtime.csproj]
  Warewolf.Testing -> C:\Users\ultra\warewolf\Dev\Warewolf.Testing\bin\Debug\net8.0\Warewolf.Testing.dll
  Warewolf.Studio.Core -> C:\Users\ultra\warewolf\Dev\Warewolf.Studio.Core\bin\Debug\net8.0\Warewolf.Studio.Core.dll
C:\Users\ultra\warewolf\Dev\Dev2.Runtime\ESB\Execution\RemoteWorkflowExecutionContainer.cs(235,35): warning SYSLIB0013: 'Uri.EscapeUriString(string)' is obsolete: 'Uri.EscapeUriString can corrupt the Uri string in some cases. Consider using Uri.EscapeDataString for query string components instead.' (https://aka.ms/dotnet-warnings/SYSLIB0013) [C:\Users\ultra\warewolf\Dev\Dev2.Runtime\Dev2.Runtime.csproj]
C:\Users\ultra\warewolf\Dev\Dev2.Runtime\ESB\Execution\RemoteWorkflowExecutionContainer.cs(301,39): warning SYSLIB0013: 'Uri.EscapeUriString(string)' is obsolete: 'Uri.EscapeUriString can corrupt the Uri string in some cases. Consider using Uri.EscapeDataString for query string components instead.' (https://aka.ms/dotnet-warnings/SYSLIB0013) [C:\Users\ultra\warewolf\Dev\Dev2.Runtime\Dev2.Runtime.csproj]
C:\Users\ultra\warewolf\Dev\Dev2.Runtime\ESB\WF\XamlActivityHelper.cs(66,13): warning CC0004: Empty Catch Block. (https://code-cracker.github.io/diagnostics/CC0004.html) [C:\Users\ultra\warewolf\Dev\Dev2.Runtime\Dev2.Runtime.csproj]
C:\Users\ultra\warewolf\Dev\Dev2.Runtime\ESB\Execution\WfExecutionContainer.cs(63,35): warning CC0067: Do not call overridable methods in constructors (https://code-cracker.github.io/diagnostics/CC0067.html) [C:\Users\ultra\warewolf\Dev\Dev2.Runtime\Dev2.Runtime.csproj]
C:\Users\ultra\warewolf\Dev\Dev2.Runtime\ESB\WF\XamlActivityHelper.cs(133,13): warning CC0004: Empty Catch Block. (https://code-cracker.github.io/diagnostics/CC0004.html) [C:\Users\ultra\warewolf\Dev\Dev2.Runtime\Dev2.Runtime.csproj]
C:\Users\ultra\warewolf\Dev\Dev2.Runtime\ESB\WF\XamlActivityHelper.cs(179,17): warning CC0004: Empty Catch Block. (https://code-cracker.github.io/diagnostics/CC0004.html) [C:\Users\ultra\warewolf\Dev\Dev2.Runtime\Dev2.Runtime.csproj]
C:\Users\ultra\warewolf\Dev\Dev2.Runtime\ESB\WF\XamlActivityHelper.cs(230,17): warning CC0004: Empty Catch Block. (https://code-cracker.github.io/diagnostics/CC0004.html) [C:\Users\ultra\warewolf\Dev\Dev2.Runtime\Dev2.Runtime.csproj]
C:\Users\ultra\warewolf\Dev\Dev2.Runtime\ESB\WF\XamlActivityHelper.cs(240,43): warning CC0057: Parameter 'instance' is not used. (https://code-cracker.github.io/diagnostics/CC0057.html) [C:\Users\ultra\warewolf\Dev\Dev2.Runtime\Dev2.Runtime.csproj]
C:\Users\ultra\warewolf\Dev\Dev2.Runtime\ESB\Execution\WfExecutionContainer.cs(774,37): warning CC0022: StateAuditLogger should be disposed. (https://code-cracker.github.io/diagnostics/CC0022.html) [C:\Users\ultra\warewolf\Dev\Dev2.Runtime\Dev2.Runtime.csproj]
C:\Users\ultra\warewolf\Dev\Dev2.Runtime\ESB\Execution\WfExecutionContainer.cs(578,33): warning CC0003: Consider adding an Exception to the catch. (https://code-cracker.github.io/diagnostics/CC0003.html) [C:\Users\ultra\warewolf\Dev\Dev2.Runtime\Dev2.Runtime.csproj]
C:\Users\ultra\warewolf\Dev\Dev2.Runtime\ESB\Execution\WfExecutionContainer.cs(819,17): warning CC0004: Empty Catch Block. (https://code-cracker.github.io/diagnostics/CC0004.html) [C:\Users\ultra\warewolf\Dev\Dev2.Runtime\Dev2.Runtime.csproj]
C:\Users\ultra\warewolf\Dev\Dev2.Runtime\ESB\Execution\WfExecutionContainer.cs(864,21): warning CC0004: Empty Catch Block. (https://code-cracker.github.io/diagnostics/CC0004.html) [C:\Users\ultra\warewolf\Dev\Dev2.Runtime\Dev2.Runtime.csproj]
  Dev2.Runtime -> C:\Users\ultra\warewolf\Dev\Dev2.Runtime\bin\Debug\net8.0\Dev2.Runtime.dll
C:\Users\ultra\warewolf\Dev\Dev2.Studio.Core\Activities\Services\DesignerManagementService.cs(75,13): warning CS0618: 'EventAggregatorExtensions.Subscribe(IEventAggregator, object)' is obsolete: 'Use SubscribeOnPublishedThread' [C:\Users\ultra\warewolf\Dev\Dev2.Studio.Core\Dev2.Studio.Core.csproj]
C:\Users\ultra\warewolf\Dev\Dev2.Studio.Core\AppResources\Converters\NullableBoolToBoolConverter.cs(31,45): warning CC0057: Parameter 'targetType' is not used. (https://code-cracker.github.io/diagnostics/CC0057.html) [C:\Users\ultra\warewolf\Dev\Dev2.Studio.Core\Dev2.Studio.Core.csproj]
C:\Users\ultra\warewolf\Dev\Dev2.Studio.Core\AppResources\Converters\NullableBoolToBoolConverter.cs(31,62): warning CC0057: Parameter 'parameter' is not used. (https://code-cracker.github.io/diagnostics/CC0057.html) [C:\Users\ultra\warewolf\Dev\Dev2.Studio.Core\Dev2.Studio.Core.csproj]
C:\Users\ultra\warewolf\Dev\Dev2.Studio.Core\AppResources\Converters\NullableBoolToBoolConverter.cs(31,80): warning CC0057: Parameter 'culture' is not used. (https://code-cracker.github.io/diagnostics/CC0057.html) [C:\Users\ultra\warewolf\Dev\Dev2.Studio.Core\Dev2.Studio.Core.csproj]
C:\Users\ultra\warewolf\Dev\Dev2.Studio.Core\AppResources\Converters\NullableBoolToBoolConverter.cs(41,23): warning CC0057: Parameter 'value' is not used. (https://code-cracker.github.io/diagnostics/CC0057.html) [C:\Users\ultra\warewolf\Dev\Dev2.Studio.Core\Dev2.Studio.Core.csproj]
C:\Users\ultra\warewolf\Dev\Dev2.Studio.Core\AppResources\Converters\NullableBoolToBoolConverter.cs(41,37): warning CC0057: Parameter 'targetType' is not used. (https://code-cracker.github.io/diagnostics/CC0057.html) [C:\Users\ultra\warewolf\Dev\Dev2.Studio.Core\Dev2.Studio.Core.csproj]
C:\Users\ultra\warewolf\Dev\Dev2.Studio.Core\AppResources\Converters\NullableBoolToBoolConverter.cs(41,54): warning CC0057: Parameter 'parameter' is not used. (https://code-cracker.github.io/diagnostics/CC0057.html) [C:\Users\ultra\warewolf\Dev\Dev2.Studio.Core\Dev2.Studio.Core.csproj]
C:\Users\ultra\warewolf\Dev\Dev2.Studio.Core\AppResources\Converters\NullableBoolToBoolConverter.cs(41,72): warning CC0057: Parameter 'culture' is not used. (https://code-cracker.github.io/diagnostics/CC0057.html) [C:\Users\ultra\warewolf\Dev\Dev2.Studio.Core\Dev2.Studio.Core.csproj]
C:\Users\ultra\warewolf\Dev\Dev2.Studio.Core\AppResources\Converters\ModelItemToActivityConverter.cs(31,42): warning CC0057: Parameter 'targetType' is not used. (https://code-cracker.github.io/diagnostics/CC0057.html) [C:\Users\ultra\warewolf\Dev\Dev2.Studio.Core\Dev2.Studio.Core.csproj]
C:\Users\ultra\warewolf\Dev\Dev2.Studio.Core\AppResources\Converters\ModelItemToActivityConverter.cs(31,59): warning CC0057: Parameter 'parameter' is not used. (https://code-cracker.github.io/diagnostics/CC0057.html) [C:\Users\ultra\warewolf\Dev\Dev2.Studio.Core\Dev2.Studio.Core.csproj]
C:\Users\ultra\warewolf\Dev\Dev2.Studio.Core\AppResources\Converters\ModelItemToActivityConverter.cs(31,77): warning CC0057: Parameter 'culture' is not used. (https://code-cracker.github.io/diagnostics/CC0057.html) [C:\Users\ultra\warewolf\Dev\Dev2.Studio.Core\Dev2.Studio.Core.csproj]
C:\Users\ultra\warewolf\Dev\Dev2.Studio.Core\AppResources\Converters\ModelItemToActivityConverter.cs(45,46): warning CC0057: Parameter 'targetType' is not used. (https://code-cracker.github.io/diagnostics/CC0057.html) [C:\Users\ultra\warewolf\Dev\Dev2.Studio.Core\Dev2.Studio.Core.csproj]
C:\Users\ultra\warewolf\Dev\Dev2.Studio.Core\AppResources\Converters\ModelItemToActivityConverter.cs(45,81): warning CC0057: Parameter 'culture' is not used. (https://code-cracker.github.io/diagnostics/CC0057.html) [C:\Users\ultra\warewolf\Dev\Dev2.Studio.Core\Dev2.Studio.Core.csproj]
C:\Users\ultra\warewolf\Dev\Dev2.Studio.Core\Diagnostics\DebugStateTreeViewItemViewModel.cs(119,13): warning CC0105: Use 'var' instead of specifying the type name. (https://code-cracker.github.io/diagnostics/CC0105.html) [C:\Users\ultra\warewolf\Dev\Dev2.Studio.Core\Dev2.Studio.Core.csproj]
C:\Users\ultra\warewolf\Dev\Dev2.Studio.Core\DataList\Dev2TrieSuggestionProvider.cs(180,13): warning CC0004: Empty Catch Block. (https://code-cracker.github.io/diagnostics/CC0004.html) [C:\Users\ultra\warewolf\Dev\Dev2.Studio.Core\Dev2.Studio.Core.csproj]
  Dev2.Studio.Core -> C:\Users\ultra\warewolf\Dev\Dev2.Studio.Core\bin\Debug\net8.0\Dev2.Studio.Core.dll
C:\Program Files\dotnet\sdk\10.0.201\Microsoft.Common.CurrentVersion.targets(2451,5): warning MSB3277: Found conflicts between different versions of "Microsoft.Win32.SystemEvents" that could not be resolved. [C:\Users\ultra\warewolf\Dev\Dev2.Intellisense\Dev2.Intellisense.csproj]
C:\Program Files\dotnet\sdk\10.0.201\Microsoft.Common.CurrentVersion.targets(2451,5): warning MSB3277: There was a conflict between "Microsoft.Win32.SystemEvents, Version=6.0.0.0, Culture=neutral, PublicKeyToken=cc7b13ffcd2ddd51" and "Microsoft.Win32.SystemEvents, Version=7.0.0.0, Culture=neutral, PublicKeyToken=cc7b13ffcd2ddd51". [C:\Users\ultra\warewolf\Dev\Dev2.Intellisense\Dev2.Intellisense.csproj]
C:\Program Files\dotnet\sdk\10.0.201\Microsoft.Common.CurrentVersion.targets(2451,5): warning MSB3277:     "Microsoft.Win32.SystemEvents, Version=6.0.0.0, Culture=neutral, PublicKeyToken=cc7b13ffcd2ddd51" was chosen because it was primary and "Microsoft.Win32.SystemEvents, Version=7.0.0.0, Culture=neutral, PublicKeyToken=cc7b13ffcd2ddd51" was not. [C:\Users\ultra\warewolf\Dev\Dev2.Intellisense\Dev2.Intellisense.csproj]
C:\Program Files\dotnet\sdk\10.0.201\Microsoft.Common.CurrentVersion.targets(2451,5): warning MSB3277:     References which depend on "Microsoft.Win32.SystemEvents, Version=6.0.0.0, Culture=neutral, PublicKeyToken=cc7b13ffcd2ddd51" [C:\Users\ultra\.nuget\packages\microsoft.win32.systemevents\6.0.0\lib\net6.0\Microsoft.Win32.SystemEvents.dll]. [C:\Users\ultra\warewolf\Dev\Dev2.Intellisense\Dev2.Intellisense.csproj]
C:\Program Files\dotnet\sdk\10.0.201\Microsoft.Common.CurrentVersion.targets(2451,5): warning MSB3277:         C:\Users\ultra\.nuget\packages\microsoft.win32.systemevents\6.0.0\lib\net6.0\Microsoft.Win32.SystemEvents.dll [C:\Users\ultra\warewolf\Dev\Dev2.Intellisense\Dev2.Intellisense.csproj]
C:\Program Files\dotnet\sdk\10.0.201\Microsoft.Common.CurrentVersion.targets(2451,5): warning MSB3277:           Project file item includes which caused reference "C:\Users\ultra\.nuget\packages\microsoft.win32.systemevents\6.0.0\lib\net6.0\Microsoft.Win32.SystemEvents.dll". [C:\Users\ultra\warewolf\Dev\Dev2.Intellisense\Dev2.Intellisense.csproj]
C:\Program Files\dotnet\sdk\10.0.201\Microsoft.Common.CurrentVersion.targets(2451,5): warning MSB3277:             C:\Users\ultra\.nuget\packages\microsoft.win32.systemevents\6.0.0\lib\net6.0\Microsoft.Win32.SystemEvents.dll [C:\Users\ultra\warewolf\Dev\Dev2.Intellisense\Dev2.Intellisense.csproj]
C:\Program Files\dotnet\sdk\10.0.201\Microsoft.Common.CurrentVersion.targets(2451,5): warning MSB3277:     References which depend on or have been unified to "Microsoft.Win32.SystemEvents, Version=7.0.0.0, Culture=neutral, PublicKeyToken=cc7b13ffcd2ddd51" []. [C:\Users\ultra\warewolf\Dev\Dev2.Intellisense\Dev2.Intellisense.csproj]
C:\Program Files\dotnet\sdk\10.0.201\Microsoft.Common.CurrentVersion.targets(2451,5): warning MSB3277:         C:\Users\ultra\warewolf\Dev\Dev2.Common\bin\Debug\net8.0\Dev2.Common.dll [C:\Users\ultra\warewolf\Dev\Dev2.Intellisense\Dev2.Intellisense.csproj]
C:\Program Files\dotnet\sdk\10.0.201\Microsoft.Common.CurrentVersion.targets(2451,5): warning MSB3277:           Project file item includes which caused reference "C:\Users\ultra\warewolf\Dev\Dev2.Common\bin\Debug\net8.0\Dev2.Common.dll". [C:\Users\ultra\warewolf\Dev\Dev2.Intellisense\Dev2.Intellisense.csproj]
C:\Program Files\dotnet\sdk\10.0.201\Microsoft.Common.CurrentVersion.targets(2451,5): warning MSB3277:             C:\Users\ultra\warewolf\Dev\Dev2.Common\bin\Debug\net8.0\Dev2.Common.dll [C:\Users\ultra\warewolf\Dev\Dev2.Intellisense\Dev2.Intellisense.csproj]
C:\Program Files\dotnet\sdk\10.0.201\Microsoft.Common.CurrentVersion.targets(2451,5): warning MSB3277:             C:\Users\ultra\warewolf\Dev\Dev2.Activities\bin\Debug\net8.0\Dev2.Activities.dll [C:\Users\ultra\warewolf\Dev\Dev2.Intellisense\Dev2.Intellisense.csproj]
C:\Program Files\dotnet\sdk\10.0.201\Microsoft.Common.CurrentVersion.targets(2451,5): warning MSB3277:             C:\Users\ultra\warewolf\Dev\Dev2.Core\bin\Debug\net8.0\Dev2.Core.dll [C:\Users\ultra\warewolf\Dev\Dev2.Intellisense\Dev2.Intellisense.csproj]
C:\Program Files\dotnet\sdk\10.0.201\Microsoft.Common.CurrentVersion.targets(2451,5): warning MSB3277:             C:\Users\ultra\warewolf\Dev\Dev2.Data\bin\Debug\net8.0\Dev2.Data.dll [C:\Users\ultra\warewolf\Dev\Dev2.Intellisense\Dev2.Intellisense.csproj]
C:\Program Files\dotnet\sdk\10.0.201\Microsoft.Common.CurrentVersion.targets(2451,5): warning MSB3277:             C:\Users\ultra\warewolf\Dev\Dev2.Infrastructure\bin\Debug\net8.0\Dev2.Infrastructure.dll [C:\Users\ultra\warewolf\Dev\Dev2.Intellisense\Dev2.Intellisense.csproj]
C:\Program Files\dotnet\sdk\10.0.201\Microsoft.Common.CurrentVersion.targets(2451,5): warning MSB3277:             C:\Users\ultra\warewolf\Dev\Dev2.Studio.Core\bin\Debug\net8.0\Dev2.Studio.Core.dll [C:\Users\ultra\warewolf\Dev\Dev2.Intellisense\Dev2.Intellisense.csproj]
C:\Program Files\dotnet\sdk\10.0.201\Microsoft.Common.CurrentVersion.targets(2451,5): warning MSB3277:             C:\Users\ultra\warewolf\Dev\Dev2.Studio.Interfaces\bin\Debug\net8.0\Dev2.Studio.Interfaces.dll [C:\Users\ultra\warewolf\Dev\Dev2.Intellisense\Dev2.Intellisense.csproj]
C:\Program Files\dotnet\sdk\10.0.201\Microsoft.Common.CurrentVersion.targets(2451,5): warning MSB3277:             C:\Users\ultra\warewolf\Dev\Warewolf.Studio.Core\bin\Debug\net8.0\Warewolf.Studio.Core.dll [C:\Users\ultra\warewolf\Dev\Dev2.Intellisense\Dev2.Intellisense.csproj]
C:\Program Files\dotnet\sdk\10.0.201\Microsoft.Common.CurrentVersion.targets(2451,5): warning MSB3277:             C:\Users\ultra\warewolf\Dev\Dev2.Development.Languages\bin\Debug\net8.0\Dev2.Development.Languages.dll [C:\Users\ultra\warewolf\Dev\Dev2.Intellisense\Dev2.Intellisense.csproj]
C:\Program Files\dotnet\sdk\10.0.201\Microsoft.Common.CurrentVersion.targets(2451,5): warning MSB3277:             C:\Users\ultra\warewolf\Dev\Dev2.Diagnostics\bin\Debug\net8.0\Dev2.Diagnostics.dll [C:\Users\ultra\warewolf\Dev\Dev2.Intellisense\Dev2.Intellisense.csproj]
C:\Program Files\dotnet\sdk\10.0.201\Microsoft.Common.CurrentVersion.targets(2451,5): warning MSB3277:             C:\Users\ultra\warewolf\Dev\Dev2.Runtime.Services\bin\Debug\net8.0\Dev2.Runtime.Services.dll [C:\Users\ultra\warewolf\Dev\Dev2.Intellisense\Dev2.Intellisense.csproj]
C:\Program Files\dotnet\sdk\10.0.201\Microsoft.Common.CurrentVersion.targets(2451,5): warning MSB3277:             C:\Users\ultra\warewolf\Dev\Dev2.Scheduler\bin\Debug\net8.0\Dev2.Scheduler.dll [C:\Users\ultra\warewolf\Dev\Dev2.Intellisense\Dev2.Intellisense.csproj]
C:\Program Files\dotnet\sdk\10.0.201\Microsoft.Common.CurrentVersion.targets(2451,5): warning MSB3277:             C:\Users\ultra\warewolf\Dev\Dev2.Services.Execution\bin\Debug\net8.0\Dev2.Services.Execution.dll [C:\Users\ultra\warewolf\Dev\Dev2.Intellisense\Dev2.Intellisense.csproj]
C:\Program Files\dotnet\sdk\10.0.201\Microsoft.Common.CurrentVersion.targets(2451,5): warning MSB3277:             C:\Users\ultra\warewolf\Dev\Dev2.Services.Sql\bin\Debug\net8.0\Dev2.Services.Sql.dll [C:\Users\ultra\warewolf\Dev\Dev2.Intellisense\Dev2.Intellisense.csproj]
C:\Program Files\dotnet\sdk\10.0.201\Microsoft.Common.CurrentVersion.targets(2451,5): warning MSB3277:             C:\Users\ultra\warewolf\Dev\Dev2.TaskScheduler.Wrappers\bin\Debug\net8.0\Dev2.TaskScheduler.Wrappers.dll [C:\Users\ultra\warewolf\Dev\Dev2.Intellisense\Dev2.Intellisense.csproj]
C:\Program Files\dotnet\sdk\10.0.201\Microsoft.Common.CurrentVersion.targets(2451,5): warning MSB3277:             C:\Users\ultra\warewolf\Dev\Dev2.Util\bin\Debug\net8.0\Dev2.Util.dll [C:\Users\ultra\warewolf\Dev\Dev2.Intellisense\Dev2.Intellisense.csproj]
C:\Program Files\dotnet\sdk\10.0.201\Microsoft.Common.CurrentVersion.targets(2451,5): warning MSB3277:             C:\Users\ultra\warewolf\Dev\Warewolf.AI.Harness\bin\Debug\net8.0\Warewolf.AI.Harness.dll [C:\Users\ultra\warewolf\Dev\Dev2.Intellisense\Dev2.Intellisense.csproj]
C:\Program Files\dotnet\sdk\10.0.201\Microsoft.Common.CurrentVersion.targets(2451,5): warning MSB3277:             C:\Users\ultra\warewolf\Dev\Warewolf.Auditing\bin\Debug\net8.0\Warewolf.Auditing.dll [C:\Users\ultra\warewolf\Dev\Dev2.Intellisense\Dev2.Intellisense.csproj]
C:\Program Files\dotnet\sdk\10.0.201\Microsoft.Common.CurrentVersion.targets(2451,5): warning MSB3277:             C:\Users\ultra\warewolf\Dev\Warewolf.Common.NetStandard20\bin\Debug\net8.0\Warewolf.Common.NetStandard20.dll [C:\Users\ultra\warewolf\Dev\Dev2.Intellisense\Dev2.Intellisense.csproj]
C:\Program Files\dotnet\sdk\10.0.201\Microsoft.Common.CurrentVersion.targets(2451,5): warning MSB3277:             C:\Users\ultra\warewolf\Dev\Warewolf.Core\bin\Debug\net8.0\Warewolf.Core.dll [C:\Users\ultra\warewolf\Dev\Dev2.Intellisense\Dev2.Intellisense.csproj]
C:\Program Files\dotnet\sdk\10.0.201\Microsoft.Common.CurrentVersion.targets(2451,5): warning MSB3277:             C:\Users\ultra\warewolf\Dev\Warewolf.Driver.Persistence\bin\Debug\net8.0\Warewolf.Driver.Persistence.dll [C:\Users\ultra\warewolf\Dev\Dev2.Intellisense\Dev2.Intellisense.csproj]
C:\Program Files\dotnet\sdk\10.0.201\Microsoft.Common.CurrentVersion.targets(2451,5): warning MSB3277:             C:\Users\ultra\warewolf\Dev\Warewolf.Driver.Serilog\bin\Debug\net8.0\Warewolf.Driver.Serilog.dll [C:\Users\ultra\warewolf\Dev\Dev2.Intellisense\Dev2.Intellisense.csproj]
C:\Program Files\dotnet\sdk\10.0.201\Microsoft.Common.CurrentVersion.targets(2451,5): warning MSB3277:             C:\Users\ultra\warewolf\Dev\Warewolf.Exchange.Email.Wrapper\bin\Debug\net8.0\Warewolf.Exchange.Email.Wrapper.dll [C:\Users\ultra\warewolf\Dev\Dev2.Intellisense\Dev2.Intellisense.csproj]
C:\Program Files\dotnet\sdk\10.0.201\Microsoft.Common.CurrentVersion.targets(2451,5): warning MSB3277:             C:\Users\ultra\warewolf\Dev\Warewolf.ResourceManagement\bin\Debug\net8.0\Warewolf.ResourceManagement.dll [C:\Users\ultra\warewolf\Dev\Dev2.Intellisense\Dev2.Intellisense.csproj]
C:\Program Files\dotnet\sdk\10.0.201\Microsoft.Common.CurrentVersion.targets(2451,5): warning MSB3277:             C:\Users\ultra\warewolf\Dev\Warewolf.Sharepoint\bin\Debug\net8.0\Warewolf.Sharepoint.dll [C:\Users\ultra\warewolf\Dev\Dev2.Intellisense\Dev2.Intellisense.csproj]
C:\Program Files\dotnet\sdk\10.0.201\Microsoft.Common.CurrentVersion.targets(2451,5): warning MSB3277:             C:\Users\ultra\warewolf\Dev\Warewolf.Storage\bin\Debug\net8.0\Warewolf.Storage.dll [C:\Users\ultra\warewolf\Dev\Dev2.Intellisense\Dev2.Intellisense.csproj]
C:\Program Files\dotnet\sdk\10.0.201\Microsoft.Common.CurrentVersion.targets(2451,5): warning MSB3277:         C:\Users\ultra\warewolf\Dev\Binaries\Infragistcs_Net6\InfragisticsWPF4.v15.1.dll [C:\Users\ultra\warewolf\Dev\Dev2.Intellisense\Dev2.Intellisense.csproj]
C:\Program Files\dotnet\sdk\10.0.201\Microsoft.Common.CurrentVersion.targets(2451,5): warning MSB3277:           Project file item includes which caused reference "C:\Users\ultra\warewolf\Dev\Binaries\Infragistcs_Net6\InfragisticsWPF4.v15.1.dll". [C:\Users\ultra\warewolf\Dev\Dev2.Intellisense\Dev2.Intellisense.csproj]
C:\Program Files\dotnet\sdk\10.0.201\Microsoft.Common.CurrentVersion.targets(2451,5): warning MSB3277:             InfragisticsWPF4.v15.1, Version=15.1.20151.2055, Culture=neutral, PublicKeyToken=7dd5c3163f2cd0cb, processorArchitecture=MSIL [C:\Users\ultra\warewolf\Dev\Dev2.Intellisense\Dev2.Intellisense.csproj]
C:\Program Files\dotnet\sdk\10.0.201\Microsoft.Common.CurrentVersion.targets(2451,5): warning MSB3277:             CalculationManager.WPF [C:\Users\ultra\warewolf\Dev\Dev2.Intellisense\Dev2.Intellisense.csproj]
C:\Program Files\dotnet\sdk\10.0.201\Microsoft.Common.CurrentVersion.targets(2451,5): warning MSB3277:             InfragisticsWPF4.Math.Calculators.v15.1, Version=15.1.20151.2055, Culture=neutral, PublicKeyToken=7dd5c3163f2cd0cb, processorArchitecture=MSIL [C:\Users\ultra\warewolf\Dev\Dev2.Intellisense\Dev2.Intellisense.csproj]
C:\Program Files\dotnet\sdk\10.0.201\Microsoft.Common.CurrentVersion.targets(2451,5): warning MSB3277:         C:\Users\ultra\.nuget\packages\timespan2\2.4.2\lib\netcoreapp3.1\TimeSpan2.dll [C:\Users\ultra\warewolf\Dev\Dev2.Intellisense\Dev2.Intellisense.csproj]
C:\Program Files\dotnet\sdk\10.0.201\Microsoft.Common.CurrentVersion.targets(2451,5): warning MSB3277:           Project file item includes which caused reference "C:\Users\ultra\.nuget\packages\timespan2\2.4.2\lib\netcoreapp3.1\TimeSpan2.dll". [C:\Users\ultra\warewolf\Dev\Dev2.Intellisense\Dev2.Intellisense.csproj]
C:\Program Files\dotnet\sdk\10.0.201\Microsoft.Common.CurrentVersion.targets(2451,5): warning MSB3277:             C:\Users\ultra\.nuget\packages\timespan2\2.4.2\lib\netcoreapp3.1\TimeSpan2.dll [C:\Users\ultra\warewolf\Dev\Dev2.Intellisense\Dev2.Intellisense.csproj]
C:\Program Files\dotnet\sdk\10.0.201\Microsoft.Common.CurrentVersion.targets(2451,5): warning MSB3277:             C:\Users\ultra\.nuget\packages\taskschedulereditor\2.10.1\lib\net452\Microsoft.Win32.TaskSchedulerEditor.dll [C:\Users\ultra\warewolf\Dev\Dev2.Intellisense\Dev2.Intellisense.csproj]
C:\Program Files\dotnet\sdk\10.0.201\Microsoft.Common.CurrentVersion.targets(2451,5): warning MSB3277:         C:\Program Files\dotnet\packs\Microsoft.NETCore.App.Ref\8.0.25\ref\net8.0\System.dll [C:\Users\ultra\warewolf\Dev\Dev2.Intellisense\Dev2.Intellisense.csproj]
C:\Program Files\dotnet\sdk\10.0.201\Microsoft.Common.CurrentVersion.targets(2451,5): warning MSB3277:           Project file item includes which caused reference "C:\Program Files\dotnet\packs\Microsoft.NETCore.App.Ref\8.0.25\ref\net8.0\System.dll". [C:\Users\ultra\warewolf\Dev\Dev2.Intellisense\Dev2.Intellisense.csproj]
C:\Program Files\dotnet\sdk\10.0.201\Microsoft.Common.CurrentVersion.targets(2451,5): warning MSB3277:             C:\Program Files\dotnet\packs\Microsoft.NETCore.App.Ref\8.0.25\ref/net8.0/System.dll [C:\Users\ultra\warewolf\Dev\Dev2.Intellisense\Dev2.Intellisense.csproj]
C:\Program Files\dotnet\sdk\10.0.201\Microsoft.Common.CurrentVersion.targets(2451,5): warning MSB3277:             C:\Users\ultra\.nuget\packages\aerowizard\2.3.1\lib\net45\AeroWizard.dll [C:\Users\ultra\warewolf\Dev\Dev2.Intellisense\Dev2.Intellisense.csproj]
C:\Program Files\dotnet\sdk\10.0.201\Microsoft.Common.CurrentVersion.targets(2451,5): warning MSB3277:             C:\Users\ultra\.nuget\packages\groupcontrols\1.9.0\lib\net45\GroupControls.dll [C:\Users\ultra\warewolf\Dev\Dev2.Intellisense\Dev2.Intellisense.csproj]
C:\Program Files\dotnet\sdk\10.0.201\Microsoft.Common.CurrentVersion.targets(2451,5): warning MSB3277:             C:\Users\ultra\.nuget\packages\microsoft.xaml.behaviors.wpf\1.1.122\lib\net462\Microsoft.Xaml.Behaviors.dll [C:\Users\ultra\warewolf\Dev\Dev2.Intellisense\Dev2.Intellisense.csproj]
C:\Program Files\dotnet\sdk\10.0.201\Microsoft.Common.CurrentVersion.targets(2451,5): warning MSB3277:             C:\Users\ultra\.nuget\packages\caliburn.micro\4.0.212\lib\netcoreapp3.1\Caliburn.Micro.Platform.dll [C:\Users\ultra\warewolf\Dev\Dev2.Intellisense\Dev2.Intellisense.csproj]
C:\Program Files\dotnet\sdk\10.0.201\Microsoft.Common.CurrentVersion.targets(2451,5): warning MSB3277:             C:\Users\ultra\.nuget\packages\prism.wpf\9.0.537\lib\net462\Prism.Wpf.dll [C:\Users\ultra\warewolf\Dev\Dev2.Intellisense\Dev2.Intellisense.csproj]
C:\Program Files\dotnet\sdk\10.0.201\Microsoft.Common.CurrentVersion.targets(2451,5): warning MSB3277:             C:\Users\ultra\.nuget\packages\reactiveui.wpf\18.4.1\lib\net462\ReactiveUI.Wpf.dll [C:\Users\ultra\warewolf\Dev\Dev2.Intellisense\Dev2.Intellisense.csproj]
C:\Program Files\dotnet\sdk\10.0.201\Microsoft.Common.CurrentVersion.targets(2451,5): warning MSB3277:             C:\Users\ultra\.nuget\packages\taskschedulereditor\2.10.1\lib\net452\Microsoft.Win32.TaskSchedulerEditor.dll [C:\Users\ultra\warewolf\Dev\Dev2.Intellisense\Dev2.Intellisense.csproj]
C:\Program Files\dotnet\sdk\10.0.201\Microsoft.Common.CurrentVersion.targets(2451,5): warning MSB3277:             C:\Users\ultra\.nuget\packages\ttcue.netcore.sharepointonline.csom.16.1.8029.1200\16.1.8029.1200\lib\netcoreapp2.0\Microsoft.SharePoint.Client.Runtime.Windows.dll [C:\Users\ultra\warewolf\Dev\Dev2.Intellisense\Dev2.Intellisense.csproj]
C:\Program Files\dotnet\sdk\10.0.201\Microsoft.Common.CurrentVersion.targets(2451,5): warning MSB3277: Found conflicts between different versions of "System.Security.Permissions" that could not be resolved. [C:\Users\ultra\warewolf\Dev\Dev2.Intellisense\Dev2.Intellisense.csproj]
C:\Program Files\dotnet\sdk\10.0.201\Microsoft.Common.CurrentVersion.targets(2451,5): warning MSB3277: There was a conflict between "System.Security.Permissions, Version=6.0.0.0, Culture=neutral, PublicKeyToken=cc7b13ffcd2ddd51" and "System.Security.Permissions, Version=7.0.0.0, Culture=neutral, PublicKeyToken=cc7b13ffcd2ddd51". [C:\Users\ultra\warewolf\Dev\Dev2.Intellisense\Dev2.Intellisense.csproj]
C:\Program Files\dotnet\sdk\10.0.201\Microsoft.Common.CurrentVersion.targets(2451,5): warning MSB3277:     "System.Security.Permissions, Version=6.0.0.0, Culture=neutral, PublicKeyToken=cc7b13ffcd2ddd51" was chosen because it was primary and "System.Security.Permissions, Version=7.0.0.0, Culture=neutral, PublicKeyToken=cc7b13ffcd2ddd51" was not. [C:\Users\ultra\warewolf\Dev\Dev2.Intellisense\Dev2.Intellisense.csproj]
C:\Program Files\dotnet\sdk\10.0.201\Microsoft.Common.CurrentVersion.targets(2451,5): warning MSB3277:     References which depend on "System.Security.Permissions, Version=6.0.0.0, Culture=neutral, PublicKeyToken=cc7b13ffcd2ddd51" [C:\Users\ultra\.nuget\packages\system.security.permissions\6.0.0\lib\net6.0\System.Security.Permissions.dll]. [C:\Users\ultra\warewolf\Dev\Dev2.Intellisense\Dev2.Intellisense.csproj]
C:\Program Files\dotnet\sdk\10.0.201\Microsoft.Common.CurrentVersion.targets(2451,5): warning MSB3277:         C:\Users\ultra\.nuget\packages\system.security.permissions\6.0.0\lib\net6.0\System.Security.Permissions.dll [C:\Users\ultra\warewolf\Dev\Dev2.Intellisense\Dev2.Intellisense.csproj]
C:\Program Files\dotnet\sdk\10.0.201\Microsoft.Common.CurrentVersion.targets(2451,5): warning MSB3277:           Project file item includes which caused reference "C:\Users\ultra\.nuget\packages\system.security.permissions\6.0.0\lib\net6.0\System.Security.Permissions.dll". [C:\Users\ultra\warewolf\Dev\Dev2.Intellisense\Dev2.Intellisense.csproj]
C:\Program Files\dotnet\sdk\10.0.201\Microsoft.Common.CurrentVersion.targets(2451,5): warning MSB3277:             C:\Users\ultra\.nuget\packages\system.security.permissions\6.0.0\lib\net6.0\System.Security.Permissions.dll [C:\Users\ultra\warewolf\Dev\Dev2.Intellisense\Dev2.Intellisense.csproj]
C:\Program Files\dotnet\sdk\10.0.201\Microsoft.Common.CurrentVersion.targets(2451,5): warning MSB3277:     References which depend on or have been unified to "System.Security.Permissions, Version=7.0.0.0, Culture=neutral, PublicKeyToken=cc7b13ffcd2ddd51" []. [C:\Users\ultra\warewolf\Dev\Dev2.Intellisense\Dev2.Intellisense.csproj]
C:\Program Files\dotnet\sdk\10.0.201\Microsoft.Common.CurrentVersion.targets(2451,5): warning MSB3277:         C:\Users\ultra\warewolf\Dev\Dev2.Data\bin\Debug\net8.0\Dev2.Data.dll [C:\Users\ultra\warewolf\Dev\Dev2.Intellisense\Dev2.Intellisense.csproj]
C:\Program Files\dotnet\sdk\10.0.201\Microsoft.Common.CurrentVersion.targets(2451,5): warning MSB3277:           Project file item includes which caused reference "C:\Users\ultra\warewolf\Dev\Dev2.Data\bin\Debug\net8.0\Dev2.Data.dll". [C:\Users\ultra\warewolf\Dev\Dev2.Intellisense\Dev2.Intellisense.csproj]
C:\Program Files\dotnet\sdk\10.0.201\Microsoft.Common.CurrentVersion.targets(2451,5): warning MSB3277:             C:\Users\ultra\warewolf\Dev\Dev2.Data\bin\Debug\net8.0\Dev2.Data.dll [C:\Users\ultra\warewolf\Dev\Dev2.Intellisense\Dev2.Intellisense.csproj]
C:\Program Files\dotnet\sdk\10.0.201\Microsoft.Common.CurrentVersion.targets(2451,5): warning MSB3277:             C:\Users\ultra\warewolf\Dev\Dev2.Activities\bin\Debug\net8.0\Dev2.Activities.dll [C:\Users\ultra\warewolf\Dev\Dev2.Intellisense\Dev2.Intellisense.csproj]
C:\Program Files\dotnet\sdk\10.0.201\Microsoft.Common.CurrentVersion.targets(2451,5): warning MSB3277:             C:\Users\ultra\warewolf\Dev\Dev2.Core\bin\Debug\net8.0\Dev2.Core.dll [C:\Users\ultra\warewolf\Dev\Dev2.Intellisense\Dev2.Intellisense.csproj]
C:\Program Files\dotnet\sdk\10.0.201\Microsoft.Common.CurrentVersion.targets(2451,5): warning MSB3277:             C:\Users\ultra\warewolf\Dev\Dev2.Studio.Core\bin\Debug\net8.0\Dev2.Studio.Core.dll [C:\Users\ultra\warewolf\Dev\Dev2.Intellisense\Dev2.Intellisense.csproj]
C:\Program Files\dotnet\sdk\10.0.201\Microsoft.Common.CurrentVersion.targets(2451,5): warning MSB3277:             C:\Users\ultra\warewolf\Dev\Dev2.Studio.Interfaces\bin\Debug\net8.0\Dev2.Studio.Interfaces.dll [C:\Users\ultra\warewolf\Dev\Dev2.Intellisense\Dev2.Intellisense.csproj]
C:\Program Files\dotnet\sdk\10.0.201\Microsoft.Common.CurrentVersion.targets(2451,5): warning MSB3277:             C:\Users\ultra\warewolf\Dev\Warewolf.Studio.Core\bin\Debug\net8.0\Warewolf.Studio.Core.dll [C:\Users\ultra\warewolf\Dev\Dev2.Intellisense\Dev2.Intellisense.csproj]
C:\Program Files\dotnet\sdk\10.0.201\Microsoft.Common.CurrentVersion.targets(2451,5): warning MSB3277:             C:\Users\ultra\warewolf\Dev\Dev2.Runtime.Services\bin\Debug\net8.0\Dev2.Runtime.Services.dll [C:\Users\ultra\warewolf\Dev\Dev2.Intellisense\Dev2.Intellisense.csproj]
C:\Program Files\dotnet\sdk\10.0.201\Microsoft.Common.CurrentVersion.targets(2451,5): warning MSB3277:             C:\Users\ultra\warewolf\Dev\Dev2.Scheduler\bin\Debug\net8.0\Dev2.Scheduler.dll [C:\Users\ultra\warewolf\Dev\Dev2.Intellisense\Dev2.Intellisense.csproj]
C:\Program Files\dotnet\sdk\10.0.201\Microsoft.Common.CurrentVersion.targets(2451,5): warning MSB3277:             C:\Users\ultra\warewolf\Dev\Dev2.Services.Execution\bin\Debug\net8.0\Dev2.Services.Execution.dll [C:\Users\ultra\warewolf\Dev\Dev2.Intellisense\Dev2.Intellisense.csproj]
C:\Program Files\dotnet\sdk\10.0.201\Microsoft.Common.CurrentVersion.targets(2451,5): warning MSB3277:             C:\Users\ultra\warewolf\Dev\Warewolf.Auditing\bin\Debug\net8.0\Warewolf.Auditing.dll [C:\Users\ultra\warewolf\Dev\Dev2.Intellisense\Dev2.Intellisense.csproj]
C:\Program Files\dotnet\sdk\10.0.201\Microsoft.Common.CurrentVersion.targets(2451,5): warning MSB3277:             C:\Users\ultra\warewolf\Dev\Warewolf.Common.NetStandard20\bin\Debug\net8.0\Warewolf.Common.NetStandard20.dll [C:\Users\ultra\warewolf\Dev\Dev2.Intellisense\Dev2.Intellisense.csproj]
C:\Program Files\dotnet\sdk\10.0.201\Microsoft.Common.CurrentVersion.targets(2451,5): warning MSB3277:             C:\Users\ultra\warewolf\Dev\Warewolf.Core\bin\Debug\net8.0\Warewolf.Core.dll [C:\Users\ultra\warewolf\Dev\Dev2.Intellisense\Dev2.Intellisense.csproj]
C:\Program Files\dotnet\sdk\10.0.201\Microsoft.Common.CurrentVersion.targets(2451,5): warning MSB3277:             C:\Users\ultra\warewolf\Dev\Warewolf.Driver.Persistence\bin\Debug\net8.0\Warewolf.Driver.Persistence.dll [C:\Users\ultra\warewolf\Dev\Dev2.Intellisense\Dev2.Intellisense.csproj]
C:\Program Files\dotnet\sdk\10.0.201\Microsoft.Common.CurrentVersion.targets(2451,5): warning MSB3277:             C:\Users\ultra\warewolf\Dev\Warewolf.Exchange.Email.Wrapper\bin\Debug\net8.0\Warewolf.Exchange.Email.Wrapper.dll [C:\Users\ultra\warewolf\Dev\Dev2.Intellisense\Dev2.Intellisense.csproj]
C:\Program Files\dotnet\sdk\10.0.201\Microsoft.Common.CurrentVersion.targets(2451,5): warning MSB3277:             C:\Users\ultra\warewolf\Dev\Warewolf.ResourceManagement\bin\Debug\net8.0\Warewolf.ResourceManagement.dll [C:\Users\ultra\warewolf\Dev\Dev2.Intellisense\Dev2.Intellisense.csproj]
C:\Program Files\dotnet\sdk\10.0.201\Microsoft.Common.CurrentVersion.targets(2451,5): warning MSB3277:         C:\Users\ultra\warewolf\Dev\Binaries\Infragistcs_Net6\InfragisticsWPF4.v15.1.dll [C:\Users\ultra\warewolf\Dev\Dev2.Intellisense\Dev2.Intellisense.csproj]
C:\Program Files\dotnet\sdk\10.0.201\Microsoft.Common.CurrentVersion.targets(2451,5): warning MSB3277:           Project file item includes which caused reference "C:\Users\ultra\warewolf\Dev\Binaries\Infragistcs_Net6\InfragisticsWPF4.v15.1.dll". [C:\Users\ultra\warewolf\Dev\Dev2.Intellisense\Dev2.Intellisense.csproj]
C:\Program Files\dotnet\sdk\10.0.201\Microsoft.Common.CurrentVersion.targets(2451,5): warning MSB3277:             InfragisticsWPF4.v15.1, Version=15.1.20151.2055, Culture=neutral, PublicKeyToken=7dd5c3163f2cd0cb, processorArchitecture=MSIL [C:\Users\ultra\warewolf\Dev\Dev2.Intellisense\Dev2.Intellisense.csproj]
C:\Program Files\dotnet\sdk\10.0.201\Microsoft.Common.CurrentVersion.targets(2451,5): warning MSB3277:             CalculationManager.WPF [C:\Users\ultra\warewolf\Dev\Dev2.Intellisense\Dev2.Intellisense.csproj]
C:\Program Files\dotnet\sdk\10.0.201\Microsoft.Common.CurrentVersion.targets(2451,5): warning MSB3277:             InfragisticsWPF4.Math.Calculators.v15.1, Version=15.1.20151.2055, Culture=neutral, PublicKeyToken=7dd5c3163f2cd0cb, processorArchitecture=MSIL [C:\Users\ultra\warewolf\Dev\Dev2.Intellisense\Dev2.Intellisense.csproj]
C:\Program Files\dotnet\sdk\10.0.201\Microsoft.Common.CurrentVersion.targets(2451,5): warning MSB3277:         C:\Users\ultra\.nuget\packages\dotnetzip\1.16.0\lib\netstandard2.0\DotNetZip.dll [C:\Users\ultra\warewolf\Dev\Dev2.Intellisense\Dev2.Intellisense.csproj]
C:\Program Files\dotnet\sdk\10.0.201\Microsoft.Common.CurrentVersion.targets(2451,5): warning MSB3277:           Project file item includes which caused reference "C:\Users\ultra\.nuget\packages\dotnetzip\1.16.0\lib\netstandard2.0\DotNetZip.dll". [C:\Users\ultra\warewolf\Dev\Dev2.Intellisense\Dev2.Intellisense.csproj]
C:\Program Files\dotnet\sdk\10.0.201\Microsoft.Common.CurrentVersion.targets(2451,5): warning MSB3277:             C:\Users\ultra\.nuget\packages\dotnetzip\1.16.0\lib\netstandard2.0\DotNetZip.dll [C:\Users\ultra\warewolf\Dev\Dev2.Intellisense\Dev2.Intellisense.csproj]
C:\Program Files\dotnet\sdk\10.0.201\Microsoft.Common.CurrentVersion.targets(2451,5): warning MSB3277:             C:\Users\ultra\warewolf\Dev\Dev2.Common\bin\Debug\net8.0\Dev2.Common.dll [C:\Users\ultra\warewolf\Dev\Dev2.Intellisense\Dev2.Intellisense.csproj]
C:\Program Files\dotnet\sdk\10.0.201\Microsoft.Common.CurrentVersion.targets(2451,5): warning MSB3277:             C:\Users\ultra\warewolf\Dev\Dev2.Activities\bin\Debug\net8.0\Dev2.Activities.dll [C:\Users\ultra\warewolf\Dev\Dev2.Intellisense\Dev2.Intellisense.csproj]
C:\Program Files\dotnet\sdk\10.0.201\Microsoft.Common.CurrentVersion.targets(2451,5): warning MSB3277:             C:\Users\ultra\warewolf\Dev\Dev2.Core\bin\Debug\net8.0\Dev2.Core.dll [C:\Users\ultra\warewolf\Dev\Dev2.Intellisense\Dev2.Intellisense.csproj]
C:\Program Files\dotnet\sdk\10.0.201\Microsoft.Common.CurrentVersion.targets(2451,5): warning MSB3277:             C:\Users\ultra\warewolf\Dev\Dev2.Data.Interfaces\bin\Debug\net8.0\Dev2.Data.Interfaces.dll [C:\Users\ultra\warewolf\Dev\Dev2.Intellisense\Dev2.Intellisense.csproj]
C:\Program Files\dotnet\sdk\10.0.201\Microsoft.Common.CurrentVersion.targets(2451,5): warning MSB3277:             C:\Users\ultra\warewolf\Dev\Dev2.Data\bin\Debug\net8.0\Dev2.Data.dll [C:\Users\ultra\warewolf\Dev\Dev2.Intellisense\Dev2.Intellisense.csproj]
C:\Program Files\dotnet\sdk\10.0.201\Microsoft.Common.CurrentVersion.targets(2451,5): warning MSB3277:             C:\Users\ultra\warewolf\Dev\Dev2.Infrastructure\bin\Debug\net8.0\Dev2.Infrastructure.dll [C:\Users\ultra\warewolf\Dev\Dev2.Intellisense\Dev2.Intellisense.csproj]
C:\Program Files\dotnet\sdk\10.0.201\Microsoft.Common.CurrentVersion.targets(2451,5): warning MSB3277:             C:\Users\ultra\warewolf\Dev\Dev2.Studio.Core\bin\Debug\net8.0\Dev2.Studio.Core.dll [C:\Users\ultra\warewolf\Dev\Dev2.Intellisense\Dev2.Intellisense.csproj]
C:\Program Files\dotnet\sdk\10.0.201\Microsoft.Common.CurrentVersion.targets(2451,5): warning MSB3277:             C:\Users\ultra\warewolf\Dev\Dev2.Studio.Interfaces\bin\Debug\net8.0\Dev2.Studio.Interfaces.dll [C:\Users\ultra\warewolf\Dev\Dev2.Intellisense\Dev2.Intellisense.csproj]
C:\Program Files\dotnet\sdk\10.0.201\Microsoft.Common.CurrentVersion.targets(2451,5): warning MSB3277:             C:\Users\ultra\warewolf\Dev\Warewolf.Studio.Core\bin\Debug\net8.0\Warewolf.Studio.Core.dll [C:\Users\ultra\warewolf\Dev\Dev2.Intellisense\Dev2.Intellisense.csproj]
C:\Program Files\dotnet\sdk\10.0.201\Microsoft.Common.CurrentVersion.targets(2451,5): warning MSB3277:             C:\Users\ultra\warewolf\Dev\Dev2.Development.Languages\bin\Debug\net8.0\Dev2.Development.Languages.dll [C:\Users\ultra\warewolf\Dev\Dev2.Intellisense\Dev2.Intellisense.csproj]
C:\Program Files\dotnet\sdk\10.0.201\Microsoft.Common.CurrentVersion.targets(2451,5): warning MSB3277:             C:\Users\ultra\warewolf\Dev\Dev2.Diagnostics\bin\Debug\net8.0\Dev2.Diagnostics.dll [C:\Users\ultra\warewolf\Dev\Dev2.Intellisense\Dev2.Intellisense.csproj]
C:\Program Files\dotnet\sdk\10.0.201\Microsoft.Common.CurrentVersion.targets(2451,5): warning MSB3277:             C:\Users\ultra\warewolf\Dev\Dev2.Runtime.Services\bin\Debug\net8.0\Dev2.Runtime.Services.dll [C:\Users\ultra\warewolf\Dev\Dev2.Intellisense\Dev2.Intellisense.csproj]
C:\Program Files\dotnet\sdk\10.0.201\Microsoft.Common.CurrentVersion.targets(2451,5): warning MSB3277:             C:\Users\ultra\warewolf\Dev\Dev2.Scheduler\bin\Debug\net8.0\Dev2.Scheduler.dll [C:\Users\ultra\warewolf\Dev\Dev2.Intellisense\Dev2.Intellisense.csproj]
C:\Program Files\dotnet\sdk\10.0.201\Microsoft.Common.CurrentVersion.targets(2451,5): warning MSB3277:             C:\Users\ultra\warewolf\Dev\Dev2.Services.Execution\bin\Debug\net8.0\Dev2.Services.Execution.dll [C:\Users\ultra\warewolf\Dev\Dev2.Intellisense\Dev2.Intellisense.csproj]
C:\Program Files\dotnet\sdk\10.0.201\Microsoft.Common.CurrentVersion.targets(2451,5): warning MSB3277:             C:\Users\ultra\warewolf\Dev\Dev2.Services.Sql\bin\Debug\net8.0\Dev2.Services.Sql.dll [C:\Users\ultra\warewolf\Dev\Dev2.Intellisense\Dev2.Intellisense.csproj]
C:\Program Files\dotnet\sdk\10.0.201\Microsoft.Common.CurrentVersion.targets(2451,5): warning MSB3277:             C:\Users\ultra\warewolf\Dev\Dev2.TaskScheduler.Wrappers\bin\Debug\net8.0\Dev2.TaskScheduler.Wrappers.dll [C:\Users\ultra\warewolf\Dev\Dev2.Intellisense\Dev2.Intellisense.csproj]
C:\Program Files\dotnet\sdk\10.0.201\Microsoft.Common.CurrentVersion.targets(2451,5): warning MSB3277:             C:\Users\ultra\warewolf\Dev\Dev2.Util\bin\Debug\net8.0\Dev2.Util.dll [C:\Users\ultra\warewolf\Dev\Dev2.Intellisense\Dev2.Intellisense.csproj]
C:\Program Files\dotnet\sdk\10.0.201\Microsoft.Common.CurrentVersion.targets(2451,5): warning MSB3277:             C:\Users\ultra\warewolf\Dev\Warewolf.AI.Harness\bin\Debug\net8.0\Warewolf.AI.Harness.dll [C:\Users\ultra\warewolf\Dev\Dev2.Intellisense\Dev2.Intellisense.csproj]
C:\Program Files\dotnet\sdk\10.0.201\Microsoft.Common.CurrentVersion.targets(2451,5): warning MSB3277:             C:\Users\ultra\warewolf\Dev\Warewolf.Auditing\bin\Debug\net8.0\Warewolf.Auditing.dll [C:\Users\ultra\warewolf\Dev\Dev2.Intellisense\Dev2.Intellisense.csproj]
C:\Program Files\dotnet\sdk\10.0.201\Microsoft.Common.CurrentVersion.targets(2451,5): warning MSB3277:             C:\Users\ultra\warewolf\Dev\Warewolf.Common.NetStandard20\bin\Debug\net8.0\Warewolf.Common.NetStandard20.dll [C:\Users\ultra\warewolf\Dev\Dev2.Intellisense\Dev2.Intellisense.csproj]
C:\Program Files\dotnet\sdk\10.0.201\Microsoft.Common.CurrentVersion.targets(2451,5): warning MSB3277:             C:\Users\ultra\warewolf\Dev\Warewolf.Core\bin\Debug\net8.0\Warewolf.Core.dll [C:\Users\ultra\warewolf\Dev\Dev2.Intellisense\Dev2.Intellisense.csproj]
C:\Program Files\dotnet\sdk\10.0.201\Microsoft.Common.CurrentVersion.targets(2451,5): warning MSB3277:             C:\Users\ultra\warewolf\Dev\Warewolf.Driver.Persistence\bin\Debug\net8.0\Warewolf.Driver.Persistence.dll [C:\Users\ultra\warewolf\Dev\Dev2.Intellisense\Dev2.Intellisense.csproj]
C:\Program Files\dotnet\sdk\10.0.201\Microsoft.Common.CurrentVersion.targets(2451,5): warning MSB3277:             C:\Users\ultra\warewolf\Dev\Warewolf.Driver.Serilog\bin\Debug\net8.0\Warewolf.Driver.Serilog.dll [C:\Users\ultra\warewolf\Dev\Dev2.Intellisense\Dev2.Intellisense.csproj]
C:\Program Files\dotnet\sdk\10.0.201\Microsoft.Common.CurrentVersion.targets(2451,5): warning MSB3277:             C:\Users\ultra\warewolf\Dev\Warewolf.Exchange.Email.Wrapper\bin\Debug\net8.0\Warewolf.Exchange.Email.Wrapper.dll [C:\Users\ultra\warewolf\Dev\Dev2.Intellisense\Dev2.Intellisense.csproj]
C:\Program Files\dotnet\sdk\10.0.201\Microsoft.Common.CurrentVersion.targets(2451,5): warning MSB3277:             C:\Users\ultra\warewolf\Dev\Warewolf.ResourceManagement\bin\Debug\net8.0\Warewolf.ResourceManagement.dll [C:\Users\ultra\warewolf\Dev\Dev2.Intellisense\Dev2.Intellisense.csproj]
C:\Program Files\dotnet\sdk\10.0.201\Microsoft.Common.CurrentVersion.targets(2451,5): warning MSB3277:             C:\Users\ultra\warewolf\Dev\Warewolf.Sharepoint\bin\Debug\net8.0\Warewolf.Sharepoint.dll [C:\Users\ultra\warewolf\Dev\Dev2.Intellisense\Dev2.Intellisense.csproj]
C:\Program Files\dotnet\sdk\10.0.201\Microsoft.Common.CurrentVersion.targets(2451,5): warning MSB3277:             C:\Users\ultra\warewolf\Dev\Warewolf.Storage\bin\Debug\net8.0\Warewolf.Storage.dll [C:\Users\ultra\warewolf\Dev\Dev2.Intellisense\Dev2.Intellisense.csproj]
C:\Program Files\dotnet\sdk\10.0.201\Microsoft.Common.CurrentVersion.targets(2451,5): warning MSB3277:         C:\Users\ultra\.nuget\packages\mindbox.data.linq\5.0.0\lib\netstandard2.0\Mindbox.Data.Linq.dll [C:\Users\ultra\warewolf\Dev\Dev2.Intellisense\Dev2.Intellisense.csproj]
C:\Program Files\dotnet\sdk\10.0.201\Microsoft.Common.CurrentVersion.targets(2451,5): warning MSB3277:           Project file item includes which caused reference "C:\Users\ultra\.nuget\packages\mindbox.data.linq\5.0.0\lib\netstandard2.0\Mindbox.Data.Linq.dll". [C:\Users\ultra\warewolf\Dev\Dev2.Intellisense\Dev2.Intellisense.csproj]
C:\Program Files\dotnet\sdk\10.0.201\Microsoft.Common.CurrentVersion.targets(2451,5): warning MSB3277:             C:\Users\ultra\.nuget\packages\mindbox.data.linq\5.0.0\lib\netstandard2.0\Mindbox.Data.Linq.dll [C:\Users\ultra\warewolf\Dev\Dev2.Intellisense\Dev2.Intellisense.csproj]
C:\Program Files\dotnet\sdk\10.0.201\Microsoft.Common.CurrentVersion.targets(2451,5): warning MSB3277:             C:\Users\ultra\warewolf\Dev\Warewolf.Auditing\bin\Debug\net8.0\Warewolf.Auditing.dll [C:\Users\ultra\warewolf\Dev\Dev2.Intellisense\Dev2.Intellisense.csproj]
C:\Program Files\dotnet\sdk\10.0.201\Microsoft.Common.CurrentVersion.targets(2451,5): warning MSB3277:             C:\Users\ultra\warewolf\Dev\Dev2.Activities\bin\Debug\net8.0\Dev2.Activities.dll [C:\Users\ultra\warewolf\Dev\Dev2.Intellisense\Dev2.Intellisense.csproj]
C:\Program Files\dotnet\sdk\10.0.201\Microsoft.Common.CurrentVersion.targets(2451,5): warning MSB3277:             C:\Users\ultra\warewolf\Dev\Dev2.Studio.Core\bin\Debug\net8.0\Dev2.Studio.Core.dll [C:\Users\ultra\warewolf\Dev\Dev2.Intellisense\Dev2.Intellisense.csproj]
C:\Program Files\dotnet\sdk\10.0.201\Microsoft.Common.CurrentVersion.targets(2451,5): warning MSB3277:             C:\Users\ultra\warewolf\Dev\Dev2.Runtime.Services\bin\Debug\net8.0\Dev2.Runtime.Services.dll [C:\Users\ultra\warewolf\Dev\Dev2.Intellisense\Dev2.Intellisense.csproj]
C:\Program Files\dotnet\sdk\10.0.201\Microsoft.Common.CurrentVersion.targets(2451,5): warning MSB3277:             C:\Users\ultra\warewolf\Dev\Dev2.Studio.Interfaces\bin\Debug\net8.0\Dev2.Studio.Interfaces.dll [C:\Users\ultra\warewolf\Dev\Dev2.Intellisense\Dev2.Intellisense.csproj]
C:\Program Files\dotnet\sdk\10.0.201\Microsoft.Common.CurrentVersion.targets(2451,5): warning MSB3277:             C:\Users\ultra\warewolf\Dev\Warewolf.Studio.Core\bin\Debug\net8.0\Warewolf.Studio.Core.dll [C:\Users\ultra\warewolf\Dev\Dev2.Intellisense\Dev2.Intellisense.csproj]
C:\Program Files\dotnet\sdk\10.0.201\Microsoft.Common.CurrentVersion.targets(2451,5): warning MSB3277:             C:\Users\ultra\warewolf\Dev\Dev2.Services.Execution\bin\Debug\net8.0\Dev2.Services.Execution.dll [C:\Users\ultra\warewolf\Dev\Dev2.Intellisense\Dev2.Intellisense.csproj]
C:\Program Files\dotnet\sdk\10.0.201\Microsoft.Common.CurrentVersion.targets(2451,5): warning MSB3277:             C:\Users\ultra\warewolf\Dev\Warewolf.Common.NetStandard20\bin\Debug\net8.0\Warewolf.Common.NetStandard20.dll [C:\Users\ultra\warewolf\Dev\Dev2.Intellisense\Dev2.Intellisense.csproj]
C:\Program Files\dotnet\sdk\10.0.201\Microsoft.Common.CurrentVersion.targets(2451,5): warning MSB3277:             C:\Users\ultra\warewolf\Dev\Warewolf.Driver.Persistence\bin\Debug\net8.0\Warewolf.Driver.Persistence.dll [C:\Users\ultra\warewolf\Dev\Dev2.Intellisense\Dev2.Intellisense.csproj]
C:\Program Files\dotnet\sdk\10.0.201\Microsoft.Common.CurrentVersion.targets(2451,5): warning MSB3277:         C:\Users\ultra\.nuget\packages\mysql.data\8.4.0\lib\net8.0\MySql.Data.dll [C:\Users\ultra\warewolf\Dev\Dev2.Intellisense\Dev2.Intellisense.csproj]
C:\Program Files\dotnet\sdk\10.0.201\Microsoft.Common.CurrentVersion.targets(2451,5): warning MSB3277:           Project file item includes which caused reference "C:\Users\ultra\.nuget\packages\mysql.data\8.4.0\lib\net8.0\MySql.Data.dll". [C:\Users\ultra\warewolf\Dev\Dev2.Intellisense\Dev2.Intellisense.csproj]
C:\Program Files\dotnet\sdk\10.0.201\Microsoft.Common.CurrentVersion.targets(2451,5): warning MSB3277:             C:\Users\ultra\.nuget\packages\mysql.data\8.4.0\lib\net8.0\MySql.Data.dll [C:\Users\ultra\warewolf\Dev\Dev2.Intellisense\Dev2.Intellisense.csproj]
C:\Program Files\dotnet\sdk\10.0.201\Microsoft.Common.CurrentVersion.targets(2451,5): warning MSB3277:             C:\Users\ultra\warewolf\Dev\Dev2.Activities\bin\Debug\net8.0\Dev2.Activities.dll [C:\Users\ultra\warewolf\Dev\Dev2.Intellisense\Dev2.Intellisense.csproj]
C:\Program Files\dotnet\sdk\10.0.201\Microsoft.Common.CurrentVersion.targets(2451,5): warning MSB3277:             C:\Users\ultra\warewolf\Dev\Dev2.Studio.Core\bin\Debug\net8.0\Dev2.Studio.Core.dll [C:\Users\ultra\warewolf\Dev\Dev2.Intellisense\Dev2.Intellisense.csproj]
C:\Program Files\dotnet\sdk\10.0.201\Microsoft.Common.CurrentVersion.targets(2451,5): warning MSB3277:             C:\Users\ultra\warewolf\Dev\Dev2.Runtime.Services\bin\Debug\net8.0\Dev2.Runtime.Services.dll [C:\Users\ultra\warewolf\Dev\Dev2.Intellisense\Dev2.Intellisense.csproj]
C:\Program Files\dotnet\sdk\10.0.201\Microsoft.Common.CurrentVersion.targets(2451,5): warning MSB3277:             C:\Users\ultra\warewolf\Dev\Dev2.Studio.Interfaces\bin\Debug\net8.0\Dev2.Studio.Interfaces.dll [C:\Users\ultra\warewolf\Dev\Dev2.Intellisense\Dev2.Intellisense.csproj]
C:\Program Files\dotnet\sdk\10.0.201\Microsoft.Common.CurrentVersion.targets(2451,5): warning MSB3277:             C:\Users\ultra\warewolf\Dev\Warewolf.Studio.Core\bin\Debug\net8.0\Warewolf.Studio.Core.dll [C:\Users\ultra\warewolf\Dev\Dev2.Intellisense\Dev2.Intellisense.csproj]
C:\Program Files\dotnet\sdk\10.0.201\Microsoft.Common.CurrentVersion.targets(2451,5): warning MSB3277:             C:\Users\ultra\warewolf\Dev\Dev2.Services.Execution\bin\Debug\net8.0\Dev2.Services.Execution.dll [C:\Users\ultra\warewolf\Dev\Dev2.Intellisense\Dev2.Intellisense.csproj]
C:\Program Files\dotnet\sdk\10.0.201\Microsoft.Common.CurrentVersion.targets(2451,5): warning MSB3277:             C:\Users\ultra\warewolf\Dev\Dev2.Services.Sql\bin\Debug\net8.0\Dev2.Services.Sql.dll [C:\Users\ultra\warewolf\Dev\Dev2.Intellisense\Dev2.Intellisense.csproj]
C:\Program Files\dotnet\sdk\10.0.201\Microsoft.Common.CurrentVersion.targets(2451,5): warning MSB3277:             C:\Users\ultra\warewolf\Dev\Warewolf.Driver.Persistence\bin\Debug\net8.0\Warewolf.Driver.Persistence.dll [C:\Users\ultra\warewolf\Dev\Dev2.Intellisense\Dev2.Intellisense.csproj]
C:\Program Files\dotnet\sdk\10.0.201\Microsoft.Common.CurrentVersion.targets(2451,5): warning MSB3277:         C:\Users\ultra\.nuget\packages\oracle.manageddataaccess.core\3.21.70\lib\netstandard2.1\Oracle.ManagedDataAccess.dll [C:\Users\ultra\warewolf\Dev\Dev2.Intellisense\Dev2.Intellisense.csproj]
C:\Program Files\dotnet\sdk\10.0.201\Microsoft.Common.CurrentVersion.targets(2451,5): warning MSB3277:           Project file item includes which caused reference "C:\Users\ultra\.nuget\packages\oracle.manageddataaccess.core\3.21.70\lib\netstandard2.1\Oracle.ManagedDataAccess.dll". [C:\Users\ultra\warewolf\Dev\Dev2.Intellisense\Dev2.Intellisense.csproj]
C:\Program Files\dotnet\sdk\10.0.201\Microsoft.Common.CurrentVersion.targets(2451,5): warning MSB3277:             C:\Users\ultra\.nuget\packages\oracle.manageddataaccess.core\3.21.70\lib\netstandard2.1\Oracle.ManagedDataAccess.dll [C:\Users\ultra\warewolf\Dev\Dev2.Intellisense\Dev2.Intellisense.csproj]
C:\Program Files\dotnet\sdk\10.0.201\Microsoft.Common.CurrentVersion.targets(2451,5): warning MSB3277:             C:\Users\ultra\warewolf\Dev\Dev2.Runtime.Services\bin\Debug\net8.0\Dev2.Runtime.Services.dll [C:\Users\ultra\warewolf\Dev\Dev2.Intellisense\Dev2.Intellisense.csproj]
C:\Program Files\dotnet\sdk\10.0.201\Microsoft.Common.CurrentVersion.targets(2451,5): warning MSB3277:             C:\Users\ultra\warewolf\Dev\Dev2.Activities\bin\Debug\net8.0\Dev2.Activities.dll [C:\Users\ultra\warewolf\Dev\Dev2.Intellisense\Dev2.Intellisense.csproj]
C:\Program Files\dotnet\sdk\10.0.201\Microsoft.Common.CurrentVersion.targets(2451,5): warning MSB3277:             C:\Users\ultra\warewolf\Dev\Dev2.Studio.Core\bin\Debug\net8.0\Dev2.Studio.Core.dll [C:\Users\ultra\warewolf\Dev\Dev2.Intellisense\Dev2.Intellisense.csproj]
C:\Program Files\dotnet\sdk\10.0.201\Microsoft.Common.CurrentVersion.targets(2451,5): warning MSB3277:             C:\Users\ultra\warewolf\Dev\Dev2.Studio.Interfaces\bin\Debug\net8.0\Dev2.Studio.Interfaces.dll [C:\Users\ultra\warewolf\Dev\Dev2.Intellisense\Dev2.Intellisense.csproj]
C:\Program Files\dotnet\sdk\10.0.201\Microsoft.Common.CurrentVersion.targets(2451,5): warning MSB3277:             C:\Users\ultra\warewolf\Dev\Warewolf.Studio.Core\bin\Debug\net8.0\Warewolf.Studio.Core.dll [C:\Users\ultra\warewolf\Dev\Dev2.Intellisense\Dev2.Intellisense.csproj]
C:\Program Files\dotnet\sdk\10.0.201\Microsoft.Common.CurrentVersion.targets(2451,5): warning MSB3277:             C:\Users\ultra\warewolf\Dev\Dev2.Services.Execution\bin\Debug\net8.0\Dev2.Services.Execution.dll [C:\Users\ultra\warewolf\Dev\Dev2.Intellisense\Dev2.Intellisense.csproj]
C:\Program Files\dotnet\sdk\10.0.201\Microsoft.Common.CurrentVersion.targets(2451,5): warning MSB3277:             C:\Users\ultra\warewolf\Dev\Dev2.Services.Sql\bin\Debug\net8.0\Dev2.Services.Sql.dll [C:\Users\ultra\warewolf\Dev\Dev2.Intellisense\Dev2.Intellisense.csproj]
C:\Program Files\dotnet\sdk\10.0.201\Microsoft.Common.CurrentVersion.targets(2451,5): warning MSB3277:             C:\Users\ultra\warewolf\Dev\Warewolf.Driver.Persistence\bin\Debug\net8.0\Warewolf.Driver.Persistence.dll [C:\Users\ultra\warewolf\Dev\Dev2.Intellisense\Dev2.Intellisense.csproj]
C:\Program Files\dotnet\sdk\10.0.201\Microsoft.Common.CurrentVersion.targets(2451,5): warning MSB3277:         C:\Users\ultra\.nuget\packages\system.directoryservices\6.0.0\lib\net6.0\System.DirectoryServices.dll [C:\Users\ultra\warewolf\Dev\Dev2.Intellisense\Dev2.Intellisense.csproj]
C:\Program Files\dotnet\sdk\10.0.201\Microsoft.Common.CurrentVersion.targets(2451,5): warning MSB3277:           Project file item includes which caused reference "C:\Users\ultra\.nuget\packages\system.directoryservices\6.0.0\lib\net6.0\System.DirectoryServices.dll". [C:\Users\ultra\warewolf\Dev\Dev2.Intellisense\Dev2.Intellisense.csproj]
C:\Program Files\dotnet\sdk\10.0.201\Microsoft.Common.CurrentVersion.targets(2451,5): warning MSB3277:             C:\Users\ultra\.nuget\packages\system.directoryservices\6.0.0\lib\net6.0\System.DirectoryServices.dll [C:\Users\ultra\warewolf\Dev\Dev2.Intellisense\Dev2.Intellisense.csproj]
C:\Program Files\dotnet\sdk\10.0.201\Microsoft.Common.CurrentVersion.targets(2451,5): warning MSB3277:             C:\Users\ultra\.nuget\packages\corewcf.primitives\1.2.1\lib\netstandard2.0\CoreWCF.Primitives.dll [C:\Users\ultra\warewolf\Dev\Dev2.Intellisense\Dev2.Intellisense.csproj]
C:\Program Files\dotnet\sdk\10.0.201\Microsoft.Common.CurrentVersion.targets(2451,5): warning MSB3277:             C:\Users\ultra\warewolf\Dev\Dev2.Runtime.Services\bin\Debug\net8.0\Dev2.Runtime.Services.dll [C:\Users\ultra\warewolf\Dev\Dev2.Intellisense\Dev2.Intellisense.csproj]
C:\Program Files\dotnet\sdk\10.0.201\Microsoft.Common.CurrentVersion.targets(2451,5): warning MSB3277:             C:\Users\ultra\warewolf\Dev\Dev2.Activities\bin\Debug\net8.0\Dev2.Activities.dll [C:\Users\ultra\warewolf\Dev\Dev2.Intellisense\Dev2.Intellisense.csproj]
C:\Program Files\dotnet\sdk\10.0.201\Microsoft.Common.CurrentVersion.targets(2451,5): warning MSB3277:             C:\Users\ultra\warewolf\Dev\Dev2.Studio.Core\bin\Debug\net8.0\Dev2.Studio.Core.dll [C:\Users\ultra\warewolf\Dev\Dev2.Intellisense\Dev2.Intellisense.csproj]
C:\Program Files\dotnet\sdk\10.0.201\Microsoft.Common.CurrentVersion.targets(2451,5): warning MSB3277:             C:\Users\ultra\warewolf\Dev\Dev2.Studio.Interfaces\bin\Debug\net8.0\Dev2.Studio.Interfaces.dll [C:\Users\ultra\warewolf\Dev\Dev2.Intellisense\Dev2.Intellisense.csproj]
C:\Program Files\dotnet\sdk\10.0.201\Microsoft.Common.CurrentVersion.targets(2451,5): warning MSB3277:             C:\Users\ultra\warewolf\Dev\Warewolf.Studio.Core\bin\Debug\net8.0\Warewolf.Studio.Core.dll [C:\Users\ultra\warewolf\Dev\Dev2.Intellisense\Dev2.Intellisense.csproj]
C:\Program Files\dotnet\sdk\10.0.201\Microsoft.Common.CurrentVersion.targets(2451,5): warning MSB3277:             C:\Users\ultra\warewolf\Dev\Dev2.Services.Execution\bin\Debug\net8.0\Dev2.Services.Execution.dll [C:\Users\ultra\warewolf\Dev\Dev2.Intellisense\Dev2.Intellisense.csproj]
C:\Program Files\dotnet\sdk\10.0.201\Microsoft.Common.CurrentVersion.targets(2451,5): warning MSB3277:             C:\Users\ultra\warewolf\Dev\Warewolf.Driver.Persistence\bin\Debug\net8.0\Warewolf.Driver.Persistence.dll [C:\Users\ultra\warewolf\Dev\Dev2.Intellisense\Dev2.Intellisense.csproj]
C:\Program Files\dotnet\sdk\10.0.201\Microsoft.Common.CurrentVersion.targets(2451,5): warning MSB3277:             C:\Users\ultra\.nuget\packages\corewcf.http\1.2.1\lib\netstandard2.0\CoreWCF.Http.dll [C:\Users\ultra\warewolf\Dev\Dev2.Intellisense\Dev2.Intellisense.csproj]
C:\Program Files\dotnet\sdk\10.0.201\Microsoft.Common.CurrentVersion.targets(2451,5): warning MSB3277:             C:\Users\ultra\.nuget\packages\corewcf.nettcp\1.2.1\lib\netstandard2.0\CoreWCF.NetTcp.dll [C:\Users\ultra\warewolf\Dev\Dev2.Intellisense\Dev2.Intellisense.csproj]
C:\Program Files\dotnet\sdk\10.0.201\Microsoft.Common.CurrentVersion.targets(2451,5): warning MSB3277:             C:\Users\ultra\.nuget\packages\corewcf.webhttp\1.2.1\lib\netstandard2.0\CoreWCF.WebHttp.dll [C:\Users\ultra\warewolf\Dev\Dev2.Intellisense\Dev2.Intellisense.csproj]
C:\Program Files\dotnet\sdk\10.0.201\Microsoft.Common.CurrentVersion.targets(2451,5): warning MSB3277:         C:\Program Files\dotnet\packs\Microsoft.NETCore.App.Ref\8.0.25\ref\net8.0\System.Configuration.dll [C:\Users\ultra\warewolf\Dev\Dev2.Intellisense\Dev2.Intellisense.csproj]
C:\Program Files\dotnet\sdk\10.0.201\Microsoft.Common.CurrentVersion.targets(2451,5): warning MSB3277:           Project file item includes which caused reference "C:\Program Files\dotnet\packs\Microsoft.NETCore.App.Ref\8.0.25\ref\net8.0\System.Configuration.dll". [C:\Users\ultra\warewolf\Dev\Dev2.Intellisense\Dev2.Intellisense.csproj]
C:\Program Files\dotnet\sdk\10.0.201\Microsoft.Common.CurrentVersion.targets(2451,5): warning MSB3277:             C:\Program Files\dotnet\packs\Microsoft.NETCore.App.Ref\8.0.25\ref/net8.0/System.Configuration.dll [C:\Users\ultra\warewolf\Dev\Dev2.Intellisense\Dev2.Intellisense.csproj]
C:\Program Files\dotnet\sdk\10.0.201\Microsoft.Common.CurrentVersion.targets(2451,5): warning MSB3277:             C:\Users\ultra\.nuget\packages\prism.wpf\9.0.537\lib\net462\Prism.Wpf.dll [C:\Users\ultra\warewolf\Dev\Dev2.Intellisense\Dev2.Intellisense.csproj]
C:\Program Files\dotnet\sdk\10.0.201\Microsoft.Common.CurrentVersion.targets(2451,5): warning MSB3277:         C:\Program Files\dotnet\packs\Microsoft.NETCore.App.Ref\8.0.25\ref\net8.0\System.Data.dll [C:\Users\ultra\warewolf\Dev\Dev2.Intellisense\Dev2.Intellisense.csproj]
C:\Program Files\dotnet\sdk\10.0.201\Microsoft.Common.CurrentVersion.targets(2451,5): warning MSB3277:           Project file item includes which caused reference "C:\Program Files\dotnet\packs\Microsoft.NETCore.App.Ref\8.0.25\ref\net8.0\System.Data.dll". [C:\Users\ultra\warewolf\Dev\Dev2.Intellisense\Dev2.Intellisense.csproj]
C:\Program Files\dotnet\sdk\10.0.201\Microsoft.Common.CurrentVersion.targets(2451,5): warning MSB3277:             C:\Program Files\dotnet\packs\Microsoft.NETCore.App.Ref\8.0.25\ref/net8.0/System.Data.dll [C:\Users\ultra\warewolf\Dev\Dev2.Intellisense\Dev2.Intellisense.csproj]
C:\Program Files\dotnet\sdk\10.0.201\Microsoft.Common.CurrentVersion.targets(2451,5): warning MSB3277:             C:\Users\ultra\.nuget\packages\taskschedulereditor\2.10.1\lib\net452\Microsoft.Win32.TaskSchedulerEditor.dll [C:\Users\ultra\warewolf\Dev\Dev2.Intellisense\Dev2.Intellisense.csproj]
C:\Program Files\dotnet\sdk\10.0.201\Microsoft.Common.CurrentVersion.targets(2451,5): warning MSB3277:         C:\Program Files\dotnet\packs\Microsoft.NETCore.App.Ref\8.0.25\ref\net8.0\System.Drawing.dll [C:\Users\ultra\warewolf\Dev\Dev2.Intellisense\Dev2.Intellisense.csproj]
C:\Program Files\dotnet\sdk\10.0.201\Microsoft.Common.CurrentVersion.targets(2451,5): warning MSB3277:           Project file item includes which caused reference "C:\Program Files\dotnet\packs\Microsoft.NETCore.App.Ref\8.0.25\ref\net8.0\System.Drawing.dll". [C:\Users\ultra\warewolf\Dev\Dev2.Intellisense\Dev2.Intellisense.csproj]
C:\Program Files\dotnet\sdk\10.0.201\Microsoft.Common.CurrentVersion.targets(2451,5): warning MSB3277:             C:\Program Files\dotnet\packs\Microsoft.NETCore.App.Ref\8.0.25\ref/net8.0/System.Drawing.dll [C:\Users\ultra\warewolf\Dev\Dev2.Intellisense\Dev2.Intellisense.csproj]
C:\Program Files\dotnet\sdk\10.0.201\Microsoft.Common.CurrentVersion.targets(2451,5): warning MSB3277:             C:\Users\ultra\.nuget\packages\aerowizard\2.3.1\lib\net45\AeroWizard.dll [C:\Users\ultra\warewolf\Dev\Dev2.Intellisense\Dev2.Intellisense.csproj]
C:\Program Files\dotnet\sdk\10.0.201\Microsoft.Common.CurrentVersion.targets(2451,5): warning MSB3277:             C:\Users\ultra\.nuget\packages\groupcontrols\1.9.0\lib\net45\GroupControls.dll [C:\Users\ultra\warewolf\Dev\Dev2.Intellisense\Dev2.Intellisense.csproj]
C:\Program Files\dotnet\sdk\10.0.201\Microsoft.Common.CurrentVersion.targets(2451,5): warning MSB3277:             C:\Users\ultra\.nuget\packages\taskschedulereditor\2.10.1\lib\net452\Microsoft.Win32.TaskSchedulerEditor.dll [C:\Users\ultra\warewolf\Dev\Dev2.Intellisense\Dev2.Intellisense.csproj]
C:\Program Files\dotnet\sdk\10.0.201\Microsoft.Common.CurrentVersion.targets(2451,5): warning MSB3277:         C:\Program Files\dotnet\packs\Microsoft.NETCore.App.Ref\8.0.25\ref\net8.0\System.Net.dll [C:\Users\ultra\warewolf\Dev\Dev2.Intellisense\Dev2.Intellisense.csproj]
C:\Program Files\dotnet\sdk\10.0.201\Microsoft.Common.CurrentVersion.targets(2451,5): warning MSB3277:           Project file item includes which caused reference "C:\Program Files\dotnet\packs\Microsoft.NETCore.App.Ref\8.0.25\ref\net8.0\System.Net.dll". [C:\Users\ultra\warewolf\Dev\Dev2.Intellisense\Dev2.Intellisense.csproj]
C:\Program Files\dotnet\sdk\10.0.201\Microsoft.Common.CurrentVersion.targets(2451,5): warning MSB3277:             C:\Program Files\dotnet\packs\Microsoft.NETCore.App.Ref\8.0.25\ref/net8.0/System.Net.dll [C:\Users\ultra\warewolf\Dev\Dev2.Intellisense\Dev2.Intellisense.csproj]
C:\Program Files\dotnet\sdk\10.0.201\Microsoft.Common.CurrentVersion.targets(2451,5): warning MSB3277:         C:\Program Files\dotnet\packs\Microsoft.NETCore.App.Ref\8.0.25\ref\net8.0\System.Security.dll [C:\Users\ultra\warewolf\Dev\Dev2.Intellisense\Dev2.Intellisense.csproj]
C:\Program Files\dotnet\sdk\10.0.201\Microsoft.Common.CurrentVersion.targets(2451,5): warning MSB3277:           Project file item includes which caused reference "C:\Program Files\dotnet\packs\Microsoft.NETCore.App.Ref\8.0.25\ref\net8.0\System.Security.dll". [C:\Users\ultra\warewolf\Dev\Dev2.Intellisense\Dev2.Intellisense.csproj]
C:\Program Files\dotnet\sdk\10.0.201\Microsoft.Common.CurrentVersion.targets(2451,5): warning MSB3277:             C:\Program Files\dotnet\packs\Microsoft.NETCore.App.Ref\8.0.25\ref/net8.0/System.Security.dll [C:\Users\ultra\warewolf\Dev\Dev2.Intellisense\Dev2.Intellisense.csproj]
C:\Program Files\dotnet\sdk\10.0.201\Microsoft.Common.CurrentVersion.targets(2451,5): warning MSB3277:         C:\Program Files\dotnet\packs\Microsoft.NETCore.App.Ref\8.0.25\ref\net8.0\System.ServiceProcess.dll [C:\Users\ultra\warewolf\Dev\Dev2.Intellisense\Dev2.Intellisense.csproj]
C:\Program Files\dotnet\sdk\10.0.201\Microsoft.Common.CurrentVersion.targets(2451,5): warning MSB3277:           Project file item includes which caused reference "C:\Program Files\dotnet\packs\Microsoft.NETCore.App.Ref\8.0.25\ref\net8.0\System.ServiceProcess.dll". [C:\Users\ultra\warewolf\Dev\Dev2.Intellisense\Dev2.Intellisense.csproj]
C:\Program Files\dotnet\sdk\10.0.201\Microsoft.Common.CurrentVersion.targets(2451,5): warning MSB3277:             C:\Program Files\dotnet\packs\Microsoft.NETCore.App.Ref\8.0.25\ref/net8.0/System.ServiceProcess.dll [C:\Users\ultra\warewolf\Dev\Dev2.Intellisense\Dev2.Intellisense.csproj]
C:\Program Files\dotnet\sdk\10.0.201\Microsoft.Common.CurrentVersion.targets(2451,5): warning MSB3277:         C:\Program Files\dotnet\packs\Microsoft.NETCore.App.Ref\8.0.25\ref\net8.0\System.Transactions.dll [C:\Users\ultra\warewolf\Dev\Dev2.Intellisense\Dev2.Intellisense.csproj]
C:\Program Files\dotnet\sdk\10.0.201\Microsoft.Common.CurrentVersion.targets(2451,5): warning MSB3277:           Project file item includes which caused reference "C:\Program Files\dotnet\packs\Microsoft.NETCore.App.Ref\8.0.25\ref\net8.0\System.Transactions.dll". [C:\Users\ultra\warewolf\Dev\Dev2.Intellisense\Dev2.Intellisense.csproj]
C:\Program Files\dotnet\sdk\10.0.201\Microsoft.Common.CurrentVersion.targets(2451,5): warning MSB3277:             C:\Program Files\dotnet\packs\Microsoft.NETCore.App.Ref\8.0.25\ref/net8.0/System.Transactions.dll [C:\Users\ultra\warewolf\Dev\Dev2.Intellisense\Dev2.Intellisense.csproj]
C:\Program Files\dotnet\sdk\10.0.201\Microsoft.Common.CurrentVersion.targets(2451,5): warning MSB3277:         C:\Program Files\dotnet\packs\Microsoft.NETCore.App.Ref\8.0.25\ref\net8.0\System.dll [C:\Users\ultra\warewolf\Dev\Dev2.Intellisense\Dev2.Intellisense.csproj]
C:\Program Files\dotnet\sdk\10.0.201\Microsoft.Common.CurrentVersion.targets(2451,5): warning MSB3277:           Project file item includes which caused reference "C:\Program Files\dotnet\packs\Microsoft.NETCore.App.Ref\8.0.25\ref\net8.0\System.dll". [C:\Users\ultra\warewolf\Dev\Dev2.Intellisense\Dev2.Intellisense.csproj]
C:\Program Files\dotnet\sdk\10.0.201\Microsoft.Common.CurrentVersion.targets(2451,5): warning MSB3277:             C:\Program Files\dotnet\packs\Microsoft.NETCore.App.Ref\8.0.25\ref/net8.0/System.dll [C:\Users\ultra\warewolf\Dev\Dev2.Intellisense\Dev2.Intellisense.csproj]
C:\Program Files\dotnet\sdk\10.0.201\Microsoft.Common.CurrentVersion.targets(2451,5): warning MSB3277:             C:\Users\ultra\.nuget\packages\aerowizard\2.3.1\lib\net45\AeroWizard.dll [C:\Users\ultra\warewolf\Dev\Dev2.Intellisense\Dev2.Intellisense.csproj]
C:\Program Files\dotnet\sdk\10.0.201\Microsoft.Common.CurrentVersion.targets(2451,5): warning MSB3277:             C:\Users\ultra\.nuget\packages\groupcontrols\1.9.0\lib\net45\GroupControls.dll [C:\Users\ultra\warewolf\Dev\Dev2.Intellisense\Dev2.Intellisense.csproj]
C:\Program Files\dotnet\sdk\10.0.201\Microsoft.Common.CurrentVersion.targets(2451,5): warning MSB3277:             C:\Users\ultra\.nuget\packages\microsoft.xaml.behaviors.wpf\1.1.122\lib\net462\Microsoft.Xaml.Behaviors.dll [C:\Users\ultra\warewolf\Dev\Dev2.Intellisense\Dev2.Intellisense.csproj]
C:\Program Files\dotnet\sdk\10.0.201\Microsoft.Common.CurrentVersion.targets(2451,5): warning MSB3277:             C:\Users\ultra\.nuget\packages\caliburn.micro\4.0.212\lib\netcoreapp3.1\Caliburn.Micro.Platform.dll [C:\Users\ultra\warewolf\Dev\Dev2.Intellisense\Dev2.Intellisense.csproj]
C:\Program Files\dotnet\sdk\10.0.201\Microsoft.Common.CurrentVersion.targets(2451,5): warning MSB3277:             C:\Users\ultra\.nuget\packages\prism.wpf\9.0.537\lib\net462\Prism.Wpf.dll [C:\Users\ultra\warewolf\Dev\Dev2.Intellisense\Dev2.Intellisense.csproj]
C:\Program Files\dotnet\sdk\10.0.201\Microsoft.Common.CurrentVersion.targets(2451,5): warning MSB3277:             C:\Users\ultra\.nuget\packages\reactiveui.wpf\18.4.1\lib\net462\ReactiveUI.Wpf.dll [C:\Users\ultra\warewolf\Dev\Dev2.Intellisense\Dev2.Intellisense.csproj]
C:\Program Files\dotnet\sdk\10.0.201\Microsoft.Common.CurrentVersion.targets(2451,5): warning MSB3277:             C:\Users\ultra\.nuget\packages\taskschedulereditor\2.10.1\lib\net452\Microsoft.Win32.TaskSchedulerEditor.dll [C:\Users\ultra\warewolf\Dev\Dev2.Intellisense\Dev2.Intellisense.csproj]
C:\Program Files\dotnet\sdk\10.0.201\Microsoft.Common.CurrentVersion.targets(2451,5): warning MSB3277:             C:\Users\ultra\.nuget\packages\ttcue.netcore.sharepointonline.csom.16.1.8029.1200\16.1.8029.1200\lib\netcoreapp2.0\Microsoft.SharePoint.Client.Runtime.Windows.dll [C:\Users\ultra\warewolf\Dev\Dev2.Intellisense\Dev2.Intellisense.csproj]
C:\Program Files\dotnet\sdk\10.0.201\Microsoft.Common.CurrentVersion.targets(2451,5): warning MSB3277:         C:\Program Files\dotnet\packs\Microsoft.NETCore.App.Ref\8.0.25\ref\net8.0\WindowsBase.dll [C:\Users\ultra\warewolf\Dev\Dev2.Intellisense\Dev2.Intellisense.csproj]
C:\Program Files\dotnet\sdk\10.0.201\Microsoft.Common.CurrentVersion.targets(2451,5): warning MSB3277:           Project file item includes which caused reference "C:\Program Files\dotnet\packs\Microsoft.NETCore.App.Ref\8.0.25\ref\net8.0\WindowsBase.dll". [C:\Users\ultra\warewolf\Dev\Dev2.Intellisense\Dev2.Intellisense.csproj]
C:\Program Files\dotnet\sdk\10.0.201\Microsoft.Common.CurrentVersion.targets(2451,5): warning MSB3277:             C:\Program Files\dotnet\packs\Microsoft.NETCore.App.Ref\8.0.25\ref/net8.0/WindowsBase.dll [C:\Users\ultra\warewolf\Dev\Dev2.Intellisense\Dev2.Intellisense.csproj]
C:\Program Files\dotnet\sdk\10.0.201\Microsoft.Common.CurrentVersion.targets(2451,5): warning MSB3277:         C:\Program Files\dotnet\packs\Microsoft.NETCore.App.Ref\8.0.25\ref\net8.0\mscorlib.dll [C:\Users\ultra\warewolf\Dev\Dev2.Intellisense\Dev2.Intellisense.csproj]
C:\Program Files\dotnet\sdk\10.0.201\Microsoft.Common.CurrentVersion.targets(2451,5): warning MSB3277:           Project file item includes which caused reference "C:\Program Files\dotnet\packs\Microsoft.NETCore.App.Ref\8.0.25\ref\net8.0\mscorlib.dll". [C:\Users\ultra\warewolf\Dev\Dev2.Intellisense\Dev2.Intellisense.csproj]
C:\Program Files\dotnet\sdk\10.0.201\Microsoft.Common.CurrentVersion.targets(2451,5): warning MSB3277:             C:\Program Files\dotnet\packs\Microsoft.NETCore.App.Ref\8.0.25\ref/net8.0/mscorlib.dll [C:\Users\ultra\warewolf\Dev\Dev2.Intellisense\Dev2.Intellisense.csproj]
C:\Program Files\dotnet\sdk\10.0.201\Microsoft.Common.CurrentVersion.targets(2451,5): warning MSB3277:             C:\Users\ultra\.nuget\packages\aerowizard\2.3.1\lib\net45\AeroWizard.dll [C:\Users\ultra\warewolf\Dev\Dev2.Intellisense\Dev2.Intellisense.csproj]
C:\Program Files\dotnet\sdk\10.0.201\Microsoft.Common.CurrentVersion.targets(2451,5): warning MSB3277:             C:\Users\ultra\.nuget\packages\groupcontrols\1.9.0\lib\net45\GroupControls.dll [C:\Users\ultra\warewolf\Dev\Dev2.Intellisense\Dev2.Intellisense.csproj]
C:\Program Files\dotnet\sdk\10.0.201\Microsoft.Common.CurrentVersion.targets(2451,5): warning MSB3277:             C:\Users\ultra\.nuget\packages\hangfire.core\1.7.32\lib\netstandard2.0\Hangfire.Core.dll [C:\Users\ultra\warewolf\Dev\Dev2.Intellisense\Dev2.Intellisense.csproj]
C:\Program Files\dotnet\sdk\10.0.201\Microsoft.Common.CurrentVersion.targets(2451,5): warning MSB3277:             C:\Users\ultra\warewolf\Dev\Dev2.Activities\bin\Debug\net8.0\Dev2.Activities.dll [C:\Users\ultra\warewolf\Dev\Dev2.Intellisense\Dev2.Intellisense.csproj]
C:\Program Files\dotnet\sdk\10.0.201\Microsoft.Common.CurrentVersion.targets(2451,5): warning MSB3277:             C:\Users\ultra\warewolf\Dev\Dev2.Studio.Core\bin\Debug\net8.0\Dev2.Studio.Core.dll [C:\Users\ultra\warewolf\Dev\Dev2.Intellisense\Dev2.Intellisense.csproj]
C:\Program Files\dotnet\sdk\10.0.201\Microsoft.Common.CurrentVersion.targets(2451,5): warning MSB3277:             C:\Users\ultra\warewolf\Dev\Warewolf.Driver.Persistence\bin\Debug\net8.0\Warewolf.Driver.Persistence.dll [C:\Users\ultra\warewolf\Dev\Dev2.Intellisense\Dev2.Intellisense.csproj]
C:\Program Files\dotnet\sdk\10.0.201\Microsoft.Common.CurrentVersion.targets(2451,5): warning MSB3277:             C:\Users\ultra\.nuget\packages\hangfire.sqlserver\1.7.32\lib\netstandard2.0\Hangfire.SqlServer.dll [C:\Users\ultra\warewolf\Dev\Dev2.Intellisense\Dev2.Intellisense.csproj]
C:\Program Files\dotnet\sdk\10.0.201\Microsoft.Common.CurrentVersion.targets(2451,5): warning MSB3277:             C:\Users\ultra\.nuget\packages\microsoft.xaml.behaviors.wpf\1.1.122\lib\net462\Microsoft.Xaml.Behaviors.dll [C:\Users\ultra\warewolf\Dev\Dev2.Intellisense\Dev2.Intellisense.csproj]
C:\Program Files\dotnet\sdk\10.0.201\Microsoft.Common.CurrentVersion.targets(2451,5): warning MSB3277:             C:\Users\ultra\.nuget\packages\caliburn.micro\4.0.212\lib\netcoreapp3.1\Caliburn.Micro.Platform.dll [C:\Users\ultra\warewolf\Dev\Dev2.Intellisense\Dev2.Intellisense.csproj]
C:\Program Files\dotnet\sdk\10.0.201\Microsoft.Common.CurrentVersion.targets(2451,5): warning MSB3277:             C:\Users\ultra\.nuget\packages\oracle.manageddataaccess.core\3.21.70\lib\netstandard2.1\Oracle.ManagedDataAccess.dll [C:\Users\ultra\warewolf\Dev\Dev2.Intellisense\Dev2.Intellisense.csproj]
C:\Program Files\dotnet\sdk\10.0.201\Microsoft.Common.CurrentVersion.targets(2451,5): warning MSB3277:             C:\Users\ultra\warewolf\Dev\Dev2.Runtime.Services\bin\Debug\net8.0\Dev2.Runtime.Services.dll [C:\Users\ultra\warewolf\Dev\Dev2.Intellisense\Dev2.Intellisense.csproj]
C:\Program Files\dotnet\sdk\10.0.201\Microsoft.Common.CurrentVersion.targets(2451,5): warning MSB3277:             C:\Users\ultra\warewolf\Dev\Dev2.Studio.Interfaces\bin\Debug\net8.0\Dev2.Studio.Interfaces.dll [C:\Users\ultra\warewolf\Dev\Dev2.Intellisense\Dev2.Intellisense.csproj]
C:\Program Files\dotnet\sdk\10.0.201\Microsoft.Common.CurrentVersion.targets(2451,5): warning MSB3277:             C:\Users\ultra\warewolf\Dev\Warewolf.Studio.Core\bin\Debug\net8.0\Warewolf.Studio.Core.dll [C:\Users\ultra\warewolf\Dev\Dev2.Intellisense\Dev2.Intellisense.csproj]
C:\Program Files\dotnet\sdk\10.0.201\Microsoft.Common.CurrentVersion.targets(2451,5): warning MSB3277:             C:\Users\ultra\warewolf\Dev\Dev2.Services.Execution\bin\Debug\net8.0\Dev2.Services.Execution.dll [C:\Users\ultra\warewolf\Dev\Dev2.Intellisense\Dev2.Intellisense.csproj]
C:\Program Files\dotnet\sdk\10.0.201\Microsoft.Common.CurrentVersion.targets(2451,5): warning MSB3277:             C:\Users\ultra\warewolf\Dev\Dev2.Services.Sql\bin\Debug\net8.0\Dev2.Services.Sql.dll [C:\Users\ultra\warewolf\Dev\Dev2.Intellisense\Dev2.Intellisense.csproj]
C:\Program Files\dotnet\sdk\10.0.201\Microsoft.Common.CurrentVersion.targets(2451,5): warning MSB3277:             C:\Users\ultra\.nuget\packages\prism.wpf\9.0.537\lib\net462\Prism.Wpf.dll [C:\Users\ultra\warewolf\Dev\Dev2.Intellisense\Dev2.Intellisense.csproj]
C:\Program Files\dotnet\sdk\10.0.201\Microsoft.Common.CurrentVersion.targets(2451,5): warning MSB3277:             C:\Users\ultra\.nuget\packages\reactiveui.wpf\18.4.1\lib\net462\ReactiveUI.Wpf.dll [C:\Users\ultra\warewolf\Dev\Dev2.Intellisense\Dev2.Intellisense.csproj]
C:\Program Files\dotnet\sdk\10.0.201\Microsoft.Common.CurrentVersion.targets(2451,5): warning MSB3277:             C:\Users\ultra\.nuget\packages\taskschedulereditor\2.10.1\lib\net452\Microsoft.Win32.TaskSchedulerEditor.dll [C:\Users\ultra\warewolf\Dev\Dev2.Intellisense\Dev2.Intellisense.csproj]
C:\Program Files\dotnet\sdk\10.0.201\Microsoft.Common.CurrentVersion.targets(2451,5): warning MSB3277:             C:\Users\ultra\.nuget\packages\ttcue.netcore.sharepointonline.csom.16.1.8029.1200\16.1.8029.1200\lib\netcoreapp2.0\Microsoft.SharePoint.Client.Runtime.Windows.dll [C:\Users\ultra\warewolf\Dev\Dev2.Intellisense\Dev2.Intellisense.csproj]
C:\Program Files\dotnet\sdk\10.0.201\Microsoft.Common.CurrentVersion.targets(2451,5): warning MSB3277:         C:\Users\ultra\warewolf\Dev\Dev2.Development.Languages\bin\Debug\net8.0\IronRuby.dll [C:\Users\ultra\warewolf\Dev\Dev2.Intellisense\Dev2.Intellisense.csproj]
C:\Program Files\dotnet\sdk\10.0.201\Microsoft.Common.CurrentVersion.targets(2451,5): warning MSB3277:           Project file item includes which caused reference "C:\Users\ultra\warewolf\Dev\Dev2.Development.Languages\bin\Debug\net8.0\IronRuby.dll". [C:\Users\ultra\warewolf\Dev\Dev2.Intellisense\Dev2.Intellisense.csproj]
C:\Program Files\dotnet\sdk\10.0.201\Microsoft.Common.CurrentVersion.targets(2451,5): warning MSB3277:             C:\Users\ultra\warewolf\Dev\Dev2.Development.Languages\bin\Debug\net8.0\Dev2.Development.Languages.dll [C:\Users\ultra\warewolf\Dev\Dev2.Intellisense\Dev2.Intellisense.csproj]
C:\Program Files\dotnet\sdk\10.0.201\Microsoft.Common.CurrentVersion.targets(2451,5): warning MSB3277:             C:\Users\ultra\warewolf\Dev\Dev2.Activities\bin\Debug\net8.0\Dev2.Activities.dll [C:\Users\ultra\warewolf\Dev\Dev2.Intellisense\Dev2.Intellisense.csproj]
C:\Program Files\dotnet\sdk\10.0.201\Microsoft.Common.CurrentVersion.targets(2451,5): warning MSB3277:             C:\Users\ultra\warewolf\Dev\Dev2.Studio.Core\bin\Debug\net8.0\Dev2.Studio.Core.dll [C:\Users\ultra\warewolf\Dev\Dev2.Intellisense\Dev2.Intellisense.csproj]
C:\Program Files\dotnet\sdk\10.0.201\Microsoft.Common.CurrentVersion.targets(2451,5): warning MSB3277:         C:\Users\ultra\warewolf\Dev\Dev2.Development.Languages\bin\Debug\net8.0\IronRuby.Libraries.dll [C:\Users\ultra\warewolf\Dev\Dev2.Intellisense\Dev2.Intellisense.csproj]
C:\Program Files\dotnet\sdk\10.0.201\Microsoft.Common.CurrentVersion.targets(2451,5): warning MSB3277:           Project file item includes which caused reference "C:\Users\ultra\warewolf\Dev\Dev2.Development.Languages\bin\Debug\net8.0\IronRuby.Libraries.dll". [C:\Users\ultra\warewolf\Dev\Dev2.Intellisense\Dev2.Intellisense.csproj]
C:\Program Files\dotnet\sdk\10.0.201\Microsoft.Common.CurrentVersion.targets(2451,5): warning MSB3277:             C:\Users\ultra\warewolf\Dev\Dev2.Development.Languages\bin\Debug\net8.0\Dev2.Development.Languages.dll [C:\Users\ultra\warewolf\Dev\Dev2.Intellisense\Dev2.Intellisense.csproj]
C:\Program Files\dotnet\sdk\10.0.201\Microsoft.Common.CurrentVersion.targets(2451,5): warning MSB3277:             C:\Users\ultra\warewolf\Dev\Dev2.Activities\bin\Debug\net8.0\Dev2.Activities.dll [C:\Users\ultra\warewolf\Dev\Dev2.Intellisense\Dev2.Intellisense.csproj]
C:\Program Files\dotnet\sdk\10.0.201\Microsoft.Common.CurrentVersion.targets(2451,5): warning MSB3277:             C:\Users\ultra\warewolf\Dev\Dev2.Studio.Core\bin\Debug\net8.0\Dev2.Studio.Core.dll [C:\Users\ultra\warewolf\Dev\Dev2.Intellisense\Dev2.Intellisense.csproj]
C:\Program Files\dotnet\sdk\10.0.201\Microsoft.Common.CurrentVersion.targets(2451,5): warning MSB3277:         C:\Users\ultra\warewolf\Dev\Binaries\Infragistcs_Net6\InfragisticsWPF4.DataVisualization.v15.1.dll [C:\Users\ultra\warewolf\Dev\Dev2.Intellisense\Dev2.Intellisense.csproj]
C:\Program Files\dotnet\sdk\10.0.201\Microsoft.Common.CurrentVersion.targets(2451,5): warning MSB3277:           Project file item includes which caused reference "C:\Users\ultra\warewolf\Dev\Binaries\Infragistcs_Net6\InfragisticsWPF4.DataVisualization.v15.1.dll". [C:\Users\ultra\warewolf\Dev\Dev2.Intellisense\Dev2.Intellisense.csproj]
C:\Program Files\dotnet\sdk\10.0.201\Microsoft.Common.CurrentVersion.targets(2451,5): warning MSB3277:             InfragisticsWPF4.Math.Calculators.v15.1, Version=15.1.20151.2055, Culture=neutral, PublicKeyToken=7dd5c3163f2cd0cb, processorArchitecture=MSIL [C:\Users\ultra\warewolf\Dev\Dev2.Intellisense\Dev2.Intellisense.csproj]
C:\Program Files\dotnet\sdk\10.0.201\Microsoft.Common.CurrentVersion.targets(2451,5): warning MSB3277: Found conflicts between different versions of "WindowsBase" that could not be resolved. [C:\Users\ultra\warewolf\Dev\Dev2.Intellisense\Dev2.Intellisense.csproj]
C:\Program Files\dotnet\sdk\10.0.201\Microsoft.Common.CurrentVersion.targets(2451,5): warning MSB3277: There was a conflict between "WindowsBase, Version=4.0.0.0, Culture=neutral, PublicKeyToken=31bf3856ad364e35" and "WindowsBase, Version=6.0.2.0, Culture=neutral, PublicKeyToken=31bf3856ad364e35". [C:\Users\ultra\warewolf\Dev\Dev2.Intellisense\Dev2.Intellisense.csproj]
C:\Program Files\dotnet\sdk\10.0.201\Microsoft.Common.CurrentVersion.targets(2451,5): warning MSB3277:     "WindowsBase, Version=4.0.0.0, Culture=neutral, PublicKeyToken=31bf3856ad364e35" was chosen because it was primary and "WindowsBase, Version=6.0.2.0, Culture=neutral, PublicKeyToken=31bf3856ad364e35" was not. [C:\Users\ultra\warewolf\Dev\Dev2.Intellisense\Dev2.Intellisense.csproj]
C:\Program Files\dotnet\sdk\10.0.201\Microsoft.Common.CurrentVersion.targets(2451,5): warning MSB3277:     References which depend on "WindowsBase, Version=4.0.0.0, Culture=neutral, PublicKeyToken=31bf3856ad364e35" [C:\Program Files\dotnet\packs\Microsoft.NETCore.App.Ref\8.0.25\ref\net8.0\WindowsBase.dll]. [C:\Users\ultra\warewolf\Dev\Dev2.Intellisense\Dev2.Intellisense.csproj]
C:\Program Files\dotnet\sdk\10.0.201\Microsoft.Common.CurrentVersion.targets(2451,5): warning MSB3277:         C:\Program Files\dotnet\packs\Microsoft.NETCore.App.Ref\8.0.25\ref\net8.0\WindowsBase.dll [C:\Users\ultra\warewolf\Dev\Dev2.Intellisense\Dev2.Intellisense.csproj]
C:\Program Files\dotnet\sdk\10.0.201\Microsoft.Common.CurrentVersion.targets(2451,5): warning MSB3277:           Project file item includes which caused reference "C:\Program Files\dotnet\packs\Microsoft.NETCore.App.Ref\8.0.25\ref\net8.0\WindowsBase.dll". [C:\Users\ultra\warewolf\Dev\Dev2.Intellisense\Dev2.Intellisense.csproj]
C:\Program Files\dotnet\sdk\10.0.201\Microsoft.Common.CurrentVersion.targets(2451,5): warning MSB3277:             C:\Program Files\dotnet\packs\Microsoft.NETCore.App.Ref\8.0.25\ref/net8.0/WindowsBase.dll [C:\Users\ultra\warewolf\Dev\Dev2.Intellisense\Dev2.Intellisense.csproj]
C:\Program Files\dotnet\sdk\10.0.201\Microsoft.Common.CurrentVersion.targets(2451,5): warning MSB3277:     References which depend on or have been unified to "WindowsBase, Version=6.0.2.0, Culture=neutral, PublicKeyToken=31bf3856ad364e35" []. [C:\Users\ultra\warewolf\Dev\Dev2.Intellisense\Dev2.Intellisense.csproj]
C:\Program Files\dotnet\sdk\10.0.201\Microsoft.Common.CurrentVersion.targets(2451,5): warning MSB3277:         C:\Users\ultra\warewolf\Dev\Binaries\Infragistcs_Net6\Infragistics.Calculations.dll [C:\Users\ultra\warewolf\Dev\Dev2.Intellisense\Dev2.Intellisense.csproj]
C:\Program Files\dotnet\sdk\10.0.201\Microsoft.Common.CurrentVersion.targets(2451,5): warning MSB3277:           Project file item includes which caused reference "C:\Users\ultra\warewolf\Dev\Binaries\Infragistcs_Net6\Infragistics.Calculations.dll". [C:\Users\ultra\warewolf\Dev\Dev2.Intellisense\Dev2.Intellisense.csproj]
C:\Program Files\dotnet\sdk\10.0.201\Microsoft.Common.CurrentVersion.targets(2451,5): warning MSB3277:             CalculationManager.WPF [C:\Users\ultra\warewolf\Dev\Dev2.Intellisense\Dev2.Intellisense.csproj]
C:\Program Files\dotnet\sdk\10.0.201\Microsoft.Common.CurrentVersion.targets(2451,5): warning MSB3277:         C:\Users\ultra\warewolf\Dev\Binaries\Infragistcs_Net6\InfragisticsWPF4.Math.Calculators.v15.1.dll [C:\Users\ultra\warewolf\Dev\Dev2.Intellisense\Dev2.Intellisense.csproj]
C:\Program Files\dotnet\sdk\10.0.201\Microsoft.Common.CurrentVersion.targets(2451,5): warning MSB3277:           Project file item includes which caused reference "C:\Users\ultra\warewolf\Dev\Binaries\Infragistcs_Net6\InfragisticsWPF4.Math.Calculators.v15.1.dll". [C:\Users\ultra\warewolf\Dev\Dev2.Intellisense\Dev2.Intellisense.csproj]
C:\Program Files\dotnet\sdk\10.0.201\Microsoft.Common.CurrentVersion.targets(2451,5): warning MSB3277:             InfragisticsWPF4.Math.Calculators.v15.1, Version=15.1.20151.2055, Culture=neutral, PublicKeyToken=7dd5c3163f2cd0cb, processorArchitecture=MSIL [C:\Users\ultra\warewolf\Dev\Dev2.Intellisense\Dev2.Intellisense.csproj]
C:\Program Files\dotnet\sdk\10.0.201\Microsoft.Common.CurrentVersion.targets(2451,5): warning MSB3277:         C:\Users\ultra\warewolf\Dev\Binaries\Infragistcs_Net6\InfragisticsWPF4.v15.1.dll [C:\Users\ultra\warewolf\Dev\Dev2.Intellisense\Dev2.Intellisense.csproj]
C:\Program Files\dotnet\sdk\10.0.201\Microsoft.Common.CurrentVersion.targets(2451,5): warning MSB3277:           Project file item includes which caused reference "C:\Users\ultra\warewolf\Dev\Binaries\Infragistcs_Net6\InfragisticsWPF4.v15.1.dll". [C:\Users\ultra\warewolf\Dev\Dev2.Intellisense\Dev2.Intellisense.csproj]
C:\Program Files\dotnet\sdk\10.0.201\Microsoft.Common.CurrentVersion.targets(2451,5): warning MSB3277:             InfragisticsWPF4.v15.1, Version=15.1.20151.2055, Culture=neutral, PublicKeyToken=7dd5c3163f2cd0cb, processorArchitecture=MSIL [C:\Users\ultra\warewolf\Dev\Dev2.Intellisense\Dev2.Intellisense.csproj]
C:\Program Files\dotnet\sdk\10.0.201\Microsoft.Common.CurrentVersion.targets(2451,5): warning MSB3277:             CalculationManager.WPF [C:\Users\ultra\warewolf\Dev\Dev2.Intellisense\Dev2.Intellisense.csproj]
C:\Program Files\dotnet\sdk\10.0.201\Microsoft.Common.CurrentVersion.targets(2451,5): warning MSB3277:             InfragisticsWPF4.Math.Calculators.v15.1, Version=15.1.20151.2055, Culture=neutral, PublicKeyToken=7dd5c3163f2cd0cb, processorArchitecture=MSIL [C:\Users\ultra\warewolf\Dev\Dev2.Intellisense\Dev2.Intellisense.csproj]
C:\Program Files\dotnet\sdk\10.0.201\Microsoft.Common.CurrentVersion.targets(2451,5): warning MSB3277:         C:\Users\ultra\.nuget\packages\caliburn.micro\4.0.212\lib\netcoreapp3.1\Caliburn.Micro.Platform.dll [C:\Users\ultra\warewolf\Dev\Dev2.Intellisense\Dev2.Intellisense.csproj]
C:\Program Files\dotnet\sdk\10.0.201\Microsoft.Common.CurrentVersion.targets(2451,5): warning MSB3277:           Project file item includes which caused reference "C:\Users\ultra\.nuget\packages\caliburn.micro\4.0.212\lib\netcoreapp3.1\Caliburn.Micro.Platform.dll". [C:\Users\ultra\warewolf\Dev\Dev2.Intellisense\Dev2.Intellisense.csproj]
C:\Program Files\dotnet\sdk\10.0.201\Microsoft.Common.CurrentVersion.targets(2451,5): warning MSB3277:             C:\Users\ultra\.nuget\packages\caliburn.micro\4.0.212\lib\netcoreapp3.1\Caliburn.Micro.Platform.dll [C:\Users\ultra\warewolf\Dev\Dev2.Intellisense\Dev2.Intellisense.csproj]
C:\Program Files\dotnet\sdk\10.0.201\Microsoft.Common.CurrentVersion.targets(2451,5): warning MSB3277:         C:\Users\ultra\.nuget\packages\ironpython\3.4.0\lib\net6.0\IronPython.Wpf.dll [C:\Users\ultra\warewolf\Dev\Dev2.Intellisense\Dev2.Intellisense.csproj]
C:\Program Files\dotnet\sdk\10.0.201\Microsoft.Common.CurrentVersion.targets(2451,5): warning MSB3277:           Project file item includes which caused reference "C:\Users\ultra\.nuget\packages\ironpython\3.4.0\lib\net6.0\IronPython.Wpf.dll". [C:\Users\ultra\warewolf\Dev\Dev2.Intellisense\Dev2.Intellisense.csproj]
C:\Program Files\dotnet\sdk\10.0.201\Microsoft.Common.CurrentVersion.targets(2451,5): warning MSB3277:             C:\Users\ultra\.nuget\packages\ironpython\3.4.0\lib\net6.0\IronPython.Wpf.dll [C:\Users\ultra\warewolf\Dev\Dev2.Intellisense\Dev2.Intellisense.csproj]
C:\Program Files\dotnet\sdk\10.0.201\Microsoft.Common.CurrentVersion.targets(2451,5): warning MSB3277:         C:\Users\ultra\.nuget\packages\microsoft.xaml.behaviors.wpf\1.1.122\lib\net462\Microsoft.Xaml.Behaviors.dll [C:\Users\ultra\warewolf\Dev\Dev2.Intellisense\Dev2.Intellisense.csproj]
C:\Program Files\dotnet\sdk\10.0.201\Microsoft.Common.CurrentVersion.targets(2451,5): warning MSB3277:           Project file item includes which caused reference "C:\Users\ultra\.nuget\packages\microsoft.xaml.behaviors.wpf\1.1.122\lib\net462\Microsoft.Xaml.Behaviors.dll". [C:\Users\ultra\warewolf\Dev\Dev2.Intellisense\Dev2.Intellisense.csproj]
C:\Program Files\dotnet\sdk\10.0.201\Microsoft.Common.CurrentVersion.targets(2451,5): warning MSB3277:             C:\Users\ultra\.nuget\packages\microsoft.xaml.behaviors.wpf\1.1.122\lib\net462\Microsoft.Xaml.Behaviors.dll [C:\Users\ultra\warewolf\Dev\Dev2.Intellisense\Dev2.Intellisense.csproj]
C:\Program Files\dotnet\sdk\10.0.201\Microsoft.Common.CurrentVersion.targets(2451,5): warning MSB3277:             C:\Users\ultra\.nuget\packages\caliburn.micro\4.0.212\lib\netcoreapp3.1\Caliburn.Micro.Platform.dll [C:\Users\ultra\warewolf\Dev\Dev2.Intellisense\Dev2.Intellisense.csproj]
C:\Program Files\dotnet\sdk\10.0.201\Microsoft.Common.CurrentVersion.targets(2451,5): warning MSB3277:             C:\Users\ultra\.nuget\packages\prism.wpf\9.0.537\lib\net462\Prism.Wpf.dll [C:\Users\ultra\warewolf\Dev\Dev2.Intellisense\Dev2.Intellisense.csproj]
C:\Program Files\dotnet\sdk\10.0.201\Microsoft.Common.CurrentVersion.targets(2451,5): warning MSB3277:         C:\Users\ultra\.nuget\packages\prism.wpf\9.0.537\lib\net462\Prism.Wpf.dll [C:\Users\ultra\warewolf\Dev\Dev2.Intellisense\Dev2.Intellisense.csproj]
C:\Program Files\dotnet\sdk\10.0.201\Microsoft.Common.CurrentVersion.targets(2451,5): warning MSB3277:           Project file item includes which caused reference "C:\Users\ultra\.nuget\packages\prism.wpf\9.0.537\lib\net462\Prism.Wpf.dll". [C:\Users\ultra\warewolf\Dev\Dev2.Intellisense\Dev2.Intellisense.csproj]
C:\Program Files\dotnet\sdk\10.0.201\Microsoft.Common.CurrentVersion.targets(2451,5): warning MSB3277:             C:\Users\ultra\.nuget\packages\prism.wpf\9.0.537\lib\net462\Prism.Wpf.dll [C:\Users\ultra\warewolf\Dev\Dev2.Intellisense\Dev2.Intellisense.csproj]
C:\Program Files\dotnet\sdk\10.0.201\Microsoft.Common.CurrentVersion.targets(2451,5): warning MSB3277:         C:\Users\ultra\.nuget\packages\reactiveui.wpf\18.4.1\lib\net462\ReactiveUI.Wpf.dll [C:\Users\ultra\warewolf\Dev\Dev2.Intellisense\Dev2.Intellisense.csproj]
C:\Program Files\dotnet\sdk\10.0.201\Microsoft.Common.CurrentVersion.targets(2451,5): warning MSB3277:           Project file item includes which caused reference "C:\Users\ultra\.nuget\packages\reactiveui.wpf\18.4.1\lib\net462\ReactiveUI.Wpf.dll". [C:\Users\ultra\warewolf\Dev\Dev2.Intellisense\Dev2.Intellisense.csproj]
C:\Program Files\dotnet\sdk\10.0.201\Microsoft.Common.CurrentVersion.targets(2451,5): warning MSB3277:             C:\Users\ultra\.nuget\packages\reactiveui.wpf\18.4.1\lib\net462\ReactiveUI.Wpf.dll [C:\Users\ultra\warewolf\Dev\Dev2.Intellisense\Dev2.Intellisense.csproj]
C:\Program Files\dotnet\sdk\10.0.201\Microsoft.Common.CurrentVersion.targets(2451,5): warning MSB3277:         C:\Users\ultra\warewolf\Dev\Binaries\Infragistcs_Net6\InfragisticsWPF4.DataVisualization.v15.1.dll [C:\Users\ultra\warewolf\Dev\Dev2.Intellisense\Dev2.Intellisense.csproj]
C:\Program Files\dotnet\sdk\10.0.201\Microsoft.Common.CurrentVersion.targets(2451,5): warning MSB3277:           Project file item includes which caused reference "C:\Users\ultra\warewolf\Dev\Binaries\Infragistcs_Net6\InfragisticsWPF4.DataVisualization.v15.1.dll". [C:\Users\ultra\warewolf\Dev\Dev2.Intellisense\Dev2.Intellisense.csproj]
C:\Program Files\dotnet\sdk\10.0.201\Microsoft.Common.CurrentVersion.targets(2451,5): warning MSB3277:             InfragisticsWPF4.Math.Calculators.v15.1, Version=15.1.20151.2055, Culture=neutral, PublicKeyToken=7dd5c3163f2cd0cb, processorArchitecture=MSIL [C:\Users\ultra\warewolf\Dev\Dev2.Intellisense\Dev2.Intellisense.csproj]
  Dev2.Intellisense -> C:\Users\ultra\warewolf\Dev\Dev2.Intellisense\bin\Debug\net8.0\Dev2.Intellisense.dll
  Warewolf.Common.Framework48 -> C:\Users\ultra\warewolf\Dev\Warewolf.Common.Framework48\bin\Debug\net8.0\Warewolf.Common.Framework48.dll
C:\Program Files\dotnet\sdk\10.0.201\Microsoft.Common.CurrentVersion.targets(2451,5): warning MSB3245: Could not resolve this reference. Could not locate the assembly "System.Web". Check to make sure the assembly exists on disk. If this reference is required by your code, you may get compilation errors. [C:\Users\ultra\warewolf\Dev\Dev2.Runtime.WebServer\Dev2.Runtime.WebServer.csproj]
C:\Program Files\dotnet\sdk\10.0.201\Microsoft.Common.CurrentVersion.targets(2451,5): warning MSB3277: Found conflicts between different versions of "WindowsBase" that could not be resolved. [C:\Users\ultra\warewolf\Dev\Warewolf.UI\Warewolf.UI.csproj]
C:\Program Files\dotnet\sdk\10.0.201\Microsoft.Common.CurrentVersion.targets(2451,5): warning MSB3277: There was a conflict between "WindowsBase, Version=4.0.0.0, Culture=neutral, PublicKeyToken=31bf3856ad364e35" and "WindowsBase, Version=6.0.2.0, Culture=neutral, PublicKeyToken=31bf3856ad364e35". [C:\Users\ultra\warewolf\Dev\Warewolf.UI\Warewolf.UI.csproj]
C:\Program Files\dotnet\sdk\10.0.201\Microsoft.Common.CurrentVersion.targets(2451,5): warning MSB3277:     "WindowsBase, Version=4.0.0.0, Culture=neutral, PublicKeyToken=31bf3856ad364e35" was chosen because it was primary and "WindowsBase, Version=6.0.2.0, Culture=neutral, PublicKeyToken=31bf3856ad364e35" was not. [C:\Users\ultra\warewolf\Dev\Warewolf.UI\Warewolf.UI.csproj]
C:\Program Files\dotnet\sdk\10.0.201\Microsoft.Common.CurrentVersion.targets(2451,5): warning MSB3277:     References which depend on "WindowsBase, Version=4.0.0.0, Culture=neutral, PublicKeyToken=31bf3856ad364e35" [C:\Program Files\dotnet\packs\Microsoft.NETCore.App.Ref\8.0.25\ref\net8.0\WindowsBase.dll]. [C:\Users\ultra\warewolf\Dev\Warewolf.UI\Warewolf.UI.csproj]
C:\Program Files\dotnet\sdk\10.0.201\Microsoft.Common.CurrentVersion.targets(2451,5): warning MSB3277:         C:\Program Files\dotnet\packs\Microsoft.NETCore.App.Ref\8.0.25\ref\net8.0\WindowsBase.dll [C:\Users\ultra\warewolf\Dev\Warewolf.UI\Warewolf.UI.csproj]
C:\Program Files\dotnet\sdk\10.0.201\Microsoft.Common.CurrentVersion.targets(2451,5): warning MSB3277:           Project file item includes which caused reference "C:\Program Files\dotnet\packs\Microsoft.NETCore.App.Ref\8.0.25\ref\net8.0\WindowsBase.dll". [C:\Users\ultra\warewolf\Dev\Warewolf.UI\Warewolf.UI.csproj]
C:\Program Files\dotnet\sdk\10.0.201\Microsoft.Common.CurrentVersion.targets(2451,5): warning MSB3277:             C:\Program Files\dotnet\packs\Microsoft.NETCore.App.Ref\8.0.25\ref/net8.0/WindowsBase.dll [C:\Users\ultra\warewolf\Dev\Warewolf.UI\Warewolf.UI.csproj]
C:\Program Files\dotnet\sdk\10.0.201\Microsoft.Common.CurrentVersion.targets(2451,5): warning MSB3277:     References which depend on or have been unified to "WindowsBase, Version=6.0.2.0, Culture=neutral, PublicKeyToken=31bf3856ad364e35" []. [C:\Users\ultra\warewolf\Dev\Warewolf.UI\Warewolf.UI.csproj]
C:\Program Files\dotnet\sdk\10.0.201\Microsoft.Common.CurrentVersion.targets(2451,5): warning MSB3277:         C:\Users\ultra\.nuget\packages\caliburn.micro\4.0.212\lib\netcoreapp3.1\Caliburn.Micro.Platform.dll [C:\Users\ultra\warewolf\Dev\Warewolf.UI\Warewolf.UI.csproj]
C:\Program Files\dotnet\sdk\10.0.201\Microsoft.Common.CurrentVersion.targets(2451,5): warning MSB3277:           Project file item includes which caused reference "C:\Users\ultra\.nuget\packages\caliburn.micro\4.0.212\lib\netcoreapp3.1\Caliburn.Micro.Platform.dll". [C:\Users\ultra\warewolf\Dev\Warewolf.UI\Warewolf.UI.csproj]
C:\Program Files\dotnet\sdk\10.0.201\Microsoft.Common.CurrentVersion.targets(2451,5): warning MSB3277:             C:\Users\ultra\.nuget\packages\caliburn.micro\4.0.212\lib\netcoreapp3.1\Caliburn.Micro.Platform.dll [C:\Users\ultra\warewolf\Dev\Warewolf.UI\Warewolf.UI.csproj]
C:\Program Files\dotnet\sdk\10.0.201\Microsoft.Common.CurrentVersion.targets(2451,5): warning MSB3277:         C:\Users\ultra\.nuget\packages\ironpython\3.4.0\lib\net6.0\IronPython.Wpf.dll [C:\Users\ultra\warewolf\Dev\Warewolf.UI\Warewolf.UI.csproj]
C:\Program Files\dotnet\sdk\10.0.201\Microsoft.Common.CurrentVersion.targets(2451,5): warning MSB3277:           Project file item includes which caused reference "C:\Users\ultra\.nuget\packages\ironpython\3.4.0\lib\net6.0\IronPython.Wpf.dll". [C:\Users\ultra\warewolf\Dev\Warewolf.UI\Warewolf.UI.csproj]
C:\Program Files\dotnet\sdk\10.0.201\Microsoft.Common.CurrentVersion.targets(2451,5): warning MSB3277:             C:\Users\ultra\.nuget\packages\ironpython\3.4.0\lib\net6.0\IronPython.Wpf.dll [C:\Users\ultra\warewolf\Dev\Warewolf.UI\Warewolf.UI.csproj]
C:\Program Files\dotnet\sdk\10.0.201\Microsoft.Common.CurrentVersion.targets(2451,5): warning MSB3277:         C:\Users\ultra\.nuget\packages\microsoft.xaml.behaviors.wpf\1.1.122\lib\net462\Microsoft.Xaml.Behaviors.dll [C:\Users\ultra\warewolf\Dev\Warewolf.UI\Warewolf.UI.csproj]
C:\Program Files\dotnet\sdk\10.0.201\Microsoft.Common.CurrentVersion.targets(2451,5): warning MSB3277:           Project file item includes which caused reference "C:\Users\ultra\.nuget\packages\microsoft.xaml.behaviors.wpf\1.1.122\lib\net462\Microsoft.Xaml.Behaviors.dll". [C:\Users\ultra\warewolf\Dev\Warewolf.UI\Warewolf.UI.csproj]
C:\Program Files\dotnet\sdk\10.0.201\Microsoft.Common.CurrentVersion.targets(2451,5): warning MSB3277:             C:\Users\ultra\.nuget\packages\microsoft.xaml.behaviors.wpf\1.1.122\lib\net462\Microsoft.Xaml.Behaviors.dll [C:\Users\ultra\warewolf\Dev\Warewolf.UI\Warewolf.UI.csproj]
C:\Program Files\dotnet\sdk\10.0.201\Microsoft.Common.CurrentVersion.targets(2451,5): warning MSB3277:             C:\Users\ultra\.nuget\packages\caliburn.micro\4.0.212\lib\netcoreapp3.1\Caliburn.Micro.Platform.dll [C:\Users\ultra\warewolf\Dev\Warewolf.UI\Warewolf.UI.csproj]
C:\Program Files\dotnet\sdk\10.0.201\Microsoft.Common.CurrentVersion.targets(2451,5): warning MSB3277:             C:\Users\ultra\.nuget\packages\prism.wpf\9.0.537\lib\net462\Prism.Wpf.dll [C:\Users\ultra\warewolf\Dev\Warewolf.UI\Warewolf.UI.csproj]
C:\Program Files\dotnet\sdk\10.0.201\Microsoft.Common.CurrentVersion.targets(2451,5): warning MSB3277:         C:\Users\ultra\.nuget\packages\prism.wpf\9.0.537\lib\net462\Prism.Wpf.dll [C:\Users\ultra\warewolf\Dev\Warewolf.UI\Warewolf.UI.csproj]
C:\Program Files\dotnet\sdk\10.0.201\Microsoft.Common.CurrentVersion.targets(2451,5): warning MSB3277:           Project file item includes which caused reference "C:\Users\ultra\.nuget\packages\prism.wpf\9.0.537\lib\net462\Prism.Wpf.dll". [C:\Users\ultra\warewolf\Dev\Warewolf.UI\Warewolf.UI.csproj]
C:\Program Files\dotnet\sdk\10.0.201\Microsoft.Common.CurrentVersion.targets(2451,5): warning MSB3277:             C:\Users\ultra\.nuget\packages\prism.wpf\9.0.537\lib\net462\Prism.Wpf.dll [C:\Users\ultra\warewolf\Dev\Warewolf.UI\Warewolf.UI.csproj]
C:\Program Files\dotnet\sdk\10.0.201\Microsoft.Common.CurrentVersion.targets(2451,5): warning MSB3277:         C:\Users\ultra\.nuget\packages\reactiveui.wpf\18.4.1\lib\net462\ReactiveUI.Wpf.dll [C:\Users\ultra\warewolf\Dev\Warewolf.UI\Warewolf.UI.csproj]
C:\Program Files\dotnet\sdk\10.0.201\Microsoft.Common.CurrentVersion.targets(2451,5): warning MSB3277:           Project file item includes which caused reference "C:\Users\ultra\.nuget\packages\reactiveui.wpf\18.4.1\lib\net462\ReactiveUI.Wpf.dll". [C:\Users\ultra\warewolf\Dev\Warewolf.UI\Warewolf.UI.csproj]
C:\Program Files\dotnet\sdk\10.0.201\Microsoft.Common.CurrentVersion.targets(2451,5): warning MSB3277:             C:\Users\ultra\.nuget\packages\reactiveui.wpf\18.4.1\lib\net462\ReactiveUI.Wpf.dll [C:\Users\ultra\warewolf\Dev\Warewolf.UI\Warewolf.UI.csproj]
C:\Program Files\dotnet\sdk\10.0.201\Microsoft.Common.CurrentVersion.targets(2451,5): warning MSB3243: No way to resolve conflict between "System.Web, Version=4.0.0.0, Culture=neutral, PublicKeyToken=b03f5f7f11d50a3a" and "System.Web". Choosing "System.Web, Version=4.0.0.0, Culture=neutral, PublicKeyToken=b03f5f7f11d50a3a" arbitrarily. [C:\Users\ultra\warewolf\Dev\Dev2.Runtime.WebServer\Dev2.Runtime.WebServer.csproj]
C:\Program Files\dotnet\sdk\10.0.201\Microsoft.Common.CurrentVersion.targets(2451,5): warning MSB3277: Found conflicts between different versions of "WindowsBase" that could not be resolved. [C:\Users\ultra\warewolf\Dev\Dev2.Runtime.WebServer\Dev2.Runtime.WebServer.csproj]
C:\Program Files\dotnet\sdk\10.0.201\Microsoft.Common.CurrentVersion.targets(2451,5): warning MSB3277: There was a conflict between "WindowsBase, Version=4.0.0.0, Culture=neutral, PublicKeyToken=31bf3856ad364e35" and "WindowsBase, Version=6.0.2.0, Culture=neutral, PublicKeyToken=31bf3856ad364e35". [C:\Users\ultra\warewolf\Dev\Dev2.Runtime.WebServer\Dev2.Runtime.WebServer.csproj]
C:\Program Files\dotnet\sdk\10.0.201\Microsoft.Common.CurrentVersion.targets(2451,5): warning MSB3277:     "WindowsBase, Version=4.0.0.0, Culture=neutral, PublicKeyToken=31bf3856ad364e35" was chosen because it was primary and "WindowsBase, Version=6.0.2.0, Culture=neutral, PublicKeyToken=31bf3856ad364e35" was not. [C:\Users\ultra\warewolf\Dev\Dev2.Runtime.WebServer\Dev2.Runtime.WebServer.csproj]
C:\Program Files\dotnet\sdk\10.0.201\Microsoft.Common.CurrentVersion.targets(2451,5): warning MSB3277:     References which depend on "WindowsBase, Version=4.0.0.0, Culture=neutral, PublicKeyToken=31bf3856ad364e35" [C:\Program Files\dotnet\packs\Microsoft.NETCore.App.Ref\8.0.25\ref\net8.0\WindowsBase.dll]. [C:\Users\ultra\warewolf\Dev\Dev2.Runtime.WebServer\Dev2.Runtime.WebServer.csproj]
C:\Program Files\dotnet\sdk\10.0.201\Microsoft.Common.CurrentVersion.targets(2451,5): warning MSB3277:         C:\Program Files\dotnet\packs\Microsoft.NETCore.App.Ref\8.0.25\ref\net8.0\WindowsBase.dll [C:\Users\ultra\warewolf\Dev\Dev2.Runtime.WebServer\Dev2.Runtime.WebServer.csproj]
C:\Program Files\dotnet\sdk\10.0.201\Microsoft.Common.CurrentVersion.targets(2451,5): warning MSB3277:           Project file item includes which caused reference "C:\Program Files\dotnet\packs\Microsoft.NETCore.App.Ref\8.0.25\ref\net8.0\WindowsBase.dll". [C:\Users\ultra\warewolf\Dev\Dev2.Runtime.WebServer\Dev2.Runtime.WebServer.csproj]
C:\Program Files\dotnet\sdk\10.0.201\Microsoft.Common.CurrentVersion.targets(2451,5): warning MSB3277:             C:\Program Files\dotnet\packs\Microsoft.NETCore.App.Ref\8.0.25\ref/net8.0/WindowsBase.dll [C:\Users\ultra\warewolf\Dev\Dev2.Runtime.WebServer\Dev2.Runtime.WebServer.csproj]
C:\Program Files\dotnet\sdk\10.0.201\Microsoft.Common.CurrentVersion.targets(2451,5): warning MSB3277:     References which depend on or have been unified to "WindowsBase, Version=6.0.2.0, Culture=neutral, PublicKeyToken=31bf3856ad364e35" []. [C:\Users\ultra\warewolf\Dev\Dev2.Runtime.WebServer\Dev2.Runtime.WebServer.csproj]
C:\Program Files\dotnet\sdk\10.0.201\Microsoft.Common.CurrentVersion.targets(2451,5): warning MSB3277:         C:\Users\ultra\.nuget\packages\caliburn.micro\4.0.212\lib\netcoreapp3.1\Caliburn.Micro.Platform.dll [C:\Users\ultra\warewolf\Dev\Dev2.Runtime.WebServer\Dev2.Runtime.WebServer.csproj]
C:\Program Files\dotnet\sdk\10.0.201\Microsoft.Common.CurrentVersion.targets(2451,5): warning MSB3277:           Project file item includes which caused reference "C:\Users\ultra\.nuget\packages\caliburn.micro\4.0.212\lib\netcoreapp3.1\Caliburn.Micro.Platform.dll". [C:\Users\ultra\warewolf\Dev\Dev2.Runtime.WebServer\Dev2.Runtime.WebServer.csproj]
C:\Program Files\dotnet\sdk\10.0.201\Microsoft.Common.CurrentVersion.targets(2451,5): warning MSB3277:             C:\Users\ultra\.nuget\packages\caliburn.micro\4.0.212\lib\netcoreapp3.1\Caliburn.Micro.Platform.dll [C:\Users\ultra\warewolf\Dev\Dev2.Runtime.WebServer\Dev2.Runtime.WebServer.csproj]
C:\Program Files\dotnet\sdk\10.0.201\Microsoft.Common.CurrentVersion.targets(2451,5): warning MSB3277:         C:\Users\ultra\.nuget\packages\ironpython\3.4.0\lib\net6.0\IronPython.Wpf.dll [C:\Users\ultra\warewolf\Dev\Dev2.Runtime.WebServer\Dev2.Runtime.WebServer.csproj]
C:\Program Files\dotnet\sdk\10.0.201\Microsoft.Common.CurrentVersion.targets(2451,5): warning MSB3277:           Project file item includes which caused reference "C:\Users\ultra\.nuget\packages\ironpython\3.4.0\lib\net6.0\IronPython.Wpf.dll". [C:\Users\ultra\warewolf\Dev\Dev2.Runtime.WebServer\Dev2.Runtime.WebServer.csproj]
C:\Program Files\dotnet\sdk\10.0.201\Microsoft.Common.CurrentVersion.targets(2451,5): warning MSB3277:             C:\Users\ultra\.nuget\packages\ironpython\3.4.0\lib\net6.0\IronPython.Wpf.dll [C:\Users\ultra\warewolf\Dev\Dev2.Runtime.WebServer\Dev2.Runtime.WebServer.csproj]
C:\Program Files\dotnet\sdk\10.0.201\Microsoft.Common.CurrentVersion.targets(2451,5): warning MSB3277:         C:\Users\ultra\.nuget\packages\microsoft.xaml.behaviors.wpf\1.1.122\lib\net462\Microsoft.Xaml.Behaviors.dll [C:\Users\ultra\warewolf\Dev\Dev2.Runtime.WebServer\Dev2.Runtime.WebServer.csproj]
C:\Program Files\dotnet\sdk\10.0.201\Microsoft.Common.CurrentVersion.targets(2451,5): warning MSB3277:           Project file item includes which caused reference "C:\Users\ultra\.nuget\packages\microsoft.xaml.behaviors.wpf\1.1.122\lib\net462\Microsoft.Xaml.Behaviors.dll". [C:\Users\ultra\warewolf\Dev\Dev2.Runtime.WebServer\Dev2.Runtime.WebServer.csproj]
C:\Program Files\dotnet\sdk\10.0.201\Microsoft.Common.CurrentVersion.targets(2451,5): warning MSB3277:             C:\Users\ultra\.nuget\packages\microsoft.xaml.behaviors.wpf\1.1.122\lib\net462\Microsoft.Xaml.Behaviors.dll [C:\Users\ultra\warewolf\Dev\Dev2.Runtime.WebServer\Dev2.Runtime.WebServer.csproj]
C:\Program Files\dotnet\sdk\10.0.201\Microsoft.Common.CurrentVersion.targets(2451,5): warning MSB3277:             C:\Users\ultra\.nuget\packages\caliburn.micro\4.0.212\lib\netcoreapp3.1\Caliburn.Micro.Platform.dll [C:\Users\ultra\warewolf\Dev\Dev2.Runtime.WebServer\Dev2.Runtime.WebServer.csproj]
C:\Program Files\dotnet\sdk\10.0.201\Microsoft.Common.CurrentVersion.targets(2451,5): warning MSB3277:             C:\Users\ultra\.nuget\packages\prism.wpf\9.0.537\lib\net462\Prism.Wpf.dll [C:\Users\ultra\warewolf\Dev\Dev2.Runtime.WebServer\Dev2.Runtime.WebServer.csproj]
C:\Program Files\dotnet\sdk\10.0.201\Microsoft.Common.CurrentVersion.targets(2451,5): warning MSB3277:         C:\Users\ultra\.nuget\packages\prism.wpf\9.0.537\lib\net462\Prism.Wpf.dll [C:\Users\ultra\warewolf\Dev\Dev2.Runtime.WebServer\Dev2.Runtime.WebServer.csproj]
C:\Program Files\dotnet\sdk\10.0.201\Microsoft.Common.CurrentVersion.targets(2451,5): warning MSB3277:           Project file item includes which caused reference "C:\Users\ultra\.nuget\packages\prism.wpf\9.0.537\lib\net462\Prism.Wpf.dll". [C:\Users\ultra\warewolf\Dev\Dev2.Runtime.WebServer\Dev2.Runtime.WebServer.csproj]
C:\Program Files\dotnet\sdk\10.0.201\Microsoft.Common.CurrentVersion.targets(2451,5): warning MSB3277:             C:\Users\ultra\.nuget\packages\prism.wpf\9.0.537\lib\net462\Prism.Wpf.dll [C:\Users\ultra\warewolf\Dev\Dev2.Runtime.WebServer\Dev2.Runtime.WebServer.csproj]
C:\Program Files\dotnet\sdk\10.0.201\Microsoft.Common.CurrentVersion.targets(2451,5): warning MSB3277:         C:\Users\ultra\.nuget\packages\reactiveui.wpf\18.4.1\lib\net462\ReactiveUI.Wpf.dll [C:\Users\ultra\warewolf\Dev\Dev2.Runtime.WebServer\Dev2.Runtime.WebServer.csproj]
C:\Program Files\dotnet\sdk\10.0.201\Microsoft.Common.CurrentVersion.targets(2451,5): warning MSB3277:           Project file item includes which caused reference "C:\Users\ultra\.nuget\packages\reactiveui.wpf\18.4.1\lib\net462\ReactiveUI.Wpf.dll". [C:\Users\ultra\warewolf\Dev\Dev2.Runtime.WebServer\Dev2.Runtime.WebServer.csproj]
C:\Program Files\dotnet\sdk\10.0.201\Microsoft.Common.CurrentVersion.targets(2451,5): warning MSB3277:             C:\Users\ultra\.nuget\packages\reactiveui.wpf\18.4.1\lib\net462\ReactiveUI.Wpf.dll [C:\Users\ultra\warewolf\Dev\Dev2.Runtime.WebServer\Dev2.Runtime.WebServer.csproj]
C:\Users\ultra\warewolf\Dev\Dev2.Runtime.WebServer\AnonymousAuthenticationHandler.cs(15,9): warning CS0618: 'ISystemClock' is obsolete: 'Use TimeProvider instead.' [C:\Users\ultra\warewolf\Dev\Dev2.Runtime.WebServer\Dev2.Runtime.WebServer.csproj]
C:\Users\ultra\warewolf\Dev\Dev2.Runtime.WebServer\BasicAuthenticationHandler.cs(20,13): warning CS0618: 'ISystemClock' is obsolete: 'Use TimeProvider instead.' [C:\Users\ultra\warewolf\Dev\Dev2.Runtime.WebServer\Dev2.Runtime.WebServer.csproj]
C:\Users\ultra\warewolf\Dev\Dev2.Runtime.WebServer\BasicAuthenticationHandler.cs(21,13): warning CS0618: 'AuthenticationHandler<AuthenticationSchemeOptions>.AuthenticationHandler(IOptionsMonitor<AuthenticationSchemeOptions>, ILoggerFactory, UrlEncoder, ISystemClock)' is obsolete: 'ISystemClock is obsolete, use TimeProvider on AuthenticationSchemeOptions instead.' [C:\Users\ultra\warewolf\Dev\Dev2.Runtime.WebServer\Dev2.Runtime.WebServer.csproj]
C:\Users\ultra\warewolf\Dev\Dev2.Runtime.WebServer\AnonymousAuthenticationHandler.cs(16,9): warning CS0618: 'AuthenticationHandler<AuthenticationSchemeOptions>.AuthenticationHandler(IOptionsMonitor<AuthenticationSchemeOptions>, ILoggerFactory, UrlEncoder, ISystemClock)' is obsolete: 'ISystemClock is obsolete, use TimeProvider on AuthenticationSchemeOptions instead.' [C:\Users\ultra\warewolf\Dev\Dev2.Runtime.WebServer\Dev2.Runtime.WebServer.csproj]
C:\Users\ultra\warewolf\Dev\Dev2.Runtime.WebServer\Executor\ExecutionDtoExtensions.cs(119,13): warning CC0105: Use 'var' instead of specifying the type name. (https://code-cracker.github.io/diagnostics/CC0105.html) [C:\Users\ultra\warewolf\Dev\Dev2.Runtime.WebServer\Dev2.Runtime.WebServer.csproj]
C:\Users\ultra\warewolf\Dev\Dev2.Runtime.WebServer\BasicAuthenticationHandler.cs(70,13): warning CC0003: Consider adding an Exception to the catch. (https://code-cracker.github.io/diagnostics/CC0003.html) [C:\Users\ultra\warewolf\Dev\Dev2.Runtime.WebServer\Dev2.Runtime.WebServer.csproj]
C:\Users\ultra\warewolf\Dev\Dev2.Runtime.WebServer\Handlers\GetLogFileServiceHandler.cs(129,21): warning CC0105: Use 'var' instead of specifying the type name. (https://code-cracker.github.io/diagnostics/CC0105.html) [C:\Users\ultra\warewolf\Dev\Dev2.Runtime.WebServer\Dev2.Runtime.WebServer.csproj]
C:\Users\ultra\warewolf\Dev\Dev2.Runtime.WebServer\ServiceTesting\ServiceTestCoverageModelHTMLResultBuilder.cs(138,13): warning CC0105: Use 'var' instead of specifying the type name. (https://code-cracker.github.io/diagnostics/CC0105.html) [C:\Users\ultra\warewolf\Dev\Dev2.Runtime.WebServer\Dev2.Runtime.WebServer.csproj]
C:\Users\ultra\warewolf\Dev\Dev2.Runtime.WebServer\ServiceTesting\ServiceTestCoverageModelHTMLResultBuilder.cs(139,13): warning CC0105: Use 'var' instead of specifying the type name. (https://code-cracker.github.io/diagnostics/CC0105.html) [C:\Users\ultra\warewolf\Dev\Dev2.Runtime.WebServer\Dev2.Runtime.WebServer.csproj]
C:\Users\ultra\warewolf\Dev\Dev2.Runtime.WebServer\ServiceTesting\ServiceTestModelJObjectResultBuilder.cs(101,13): warning CC0105: Use 'var' instead of specifying the type name. (https://code-cracker.github.io/diagnostics/CC0105.html) [C:\Users\ultra\warewolf\Dev\Dev2.Runtime.WebServer\Dev2.Runtime.WebServer.csproj]
  Dev2.Runtime.WebServer -> C:\Users\ultra\warewolf\Dev\Dev2.Runtime.WebServer\bin\Debug\net8.0\Dev2.Runtime.WebServer.dll
  Warewolf.Logger -> C:\Users\ultra\warewolf\Dev\Warewolf.Logger\bin\Debug\net8.0\linux-x64\WarewolfLogger.dll
  Warewolf.UI -> C:\Users\ultra\warewolf\Dev\Warewolf.UI\bin\Debug\net8.0\Warewolf.UI.dll
  Warewolf.Trigger.Queue -> C:\Users\ultra\warewolf\Dev\Warewolf.Trigger.Queue\bin\Debug\net8.0\Warewolf.Trigger.Queue.dll
  Warewolf.QueueWorker -> C:\Users\ultra\warewolf\Dev\Warewolf.QueueWorker\bin\Debug\net8.0\linux-x64\QueueWorker.dll
C:\Program Files\dotnet\sdk\10.0.201\Microsoft.Common.CurrentVersion.targets(2451,5): warning MSB3277: Found conflicts between different versions of "WindowsBase" that could not be resolved. [C:\Users\ultra\warewolf\Dev\Dev2.Server\Dev2.Server.csproj]
C:\Program Files\dotnet\sdk\10.0.201\Microsoft.Common.CurrentVersion.targets(2451,5): warning MSB3277: There was a conflict between "WindowsBase, Version=4.0.0.0, Culture=neutral, PublicKeyToken=31bf3856ad364e35" and "WindowsBase, Version=6.0.2.0, Culture=neutral, PublicKeyToken=31bf3856ad364e35". [C:\Users\ultra\warewolf\Dev\Dev2.Server\Dev2.Server.csproj]
C:\Program Files\dotnet\sdk\10.0.201\Microsoft.Common.CurrentVersion.targets(2451,5): warning MSB3277:     "WindowsBase, Version=4.0.0.0, Culture=neutral, PublicKeyToken=31bf3856ad364e35" was chosen because it was primary and "WindowsBase, Version=6.0.2.0, Culture=neutral, PublicKeyToken=31bf3856ad364e35" was not. [C:\Users\ultra\warewolf\Dev\Dev2.Server\Dev2.Server.csproj]
C:\Program Files\dotnet\sdk\10.0.201\Microsoft.Common.CurrentVersion.targets(2451,5): warning MSB3277:     References which depend on "WindowsBase, Version=4.0.0.0, Culture=neutral, PublicKeyToken=31bf3856ad364e35" [C:\Program Files\dotnet\packs\Microsoft.NETCore.App.Ref\8.0.25\ref\net8.0\WindowsBase.dll]. [C:\Users\ultra\warewolf\Dev\Dev2.Server\Dev2.Server.csproj]
C:\Program Files\dotnet\sdk\10.0.201\Microsoft.Common.CurrentVersion.targets(2451,5): warning MSB3277:         C:\Program Files\dotnet\packs\Microsoft.NETCore.App.Ref\8.0.25\ref\net8.0\WindowsBase.dll [C:\Users\ultra\warewolf\Dev\Dev2.Server\Dev2.Server.csproj]
C:\Program Files\dotnet\sdk\10.0.201\Microsoft.Common.CurrentVersion.targets(2451,5): warning MSB3277:           Project file item includes which caused reference "C:\Program Files\dotnet\packs\Microsoft.NETCore.App.Ref\8.0.25\ref\net8.0\WindowsBase.dll". [C:\Users\ultra\warewolf\Dev\Dev2.Server\Dev2.Server.csproj]
C:\Program Files\dotnet\sdk\10.0.201\Microsoft.Common.CurrentVersion.targets(2451,5): warning MSB3277:             C:\Program Files\dotnet\packs\Microsoft.NETCore.App.Ref\8.0.25\ref/net8.0/WindowsBase.dll [C:\Users\ultra\warewolf\Dev\Dev2.Server\Dev2.Server.csproj]
C:\Program Files\dotnet\sdk\10.0.201\Microsoft.Common.CurrentVersion.targets(2451,5): warning MSB3277:     References which depend on or have been unified to "WindowsBase, Version=6.0.2.0, Culture=neutral, PublicKeyToken=31bf3856ad364e35" []. [C:\Users\ultra\warewolf\Dev\Dev2.Server\Dev2.Server.csproj]
C:\Program Files\dotnet\sdk\10.0.201\Microsoft.Common.CurrentVersion.targets(2451,5): warning MSB3277:         C:\Users\ultra\.nuget\packages\caliburn.micro\4.0.212\lib\netcoreapp3.1\Caliburn.Micro.Platform.dll [C:\Users\ultra\warewolf\Dev\Dev2.Server\Dev2.Server.csproj]
C:\Program Files\dotnet\sdk\10.0.201\Microsoft.Common.CurrentVersion.targets(2451,5): warning MSB3277:           Project file item includes which caused reference "C:\Users\ultra\.nuget\packages\caliburn.micro\4.0.212\lib\netcoreapp3.1\Caliburn.Micro.Platform.dll". [C:\Users\ultra\warewolf\Dev\Dev2.Server\Dev2.Server.csproj]
C:\Program Files\dotnet\sdk\10.0.201\Microsoft.Common.CurrentVersion.targets(2451,5): warning MSB3277:             C:\Users\ultra\.nuget\packages\caliburn.micro\4.0.212\lib\netcoreapp3.1\Caliburn.Micro.Platform.dll [C:\Users\ultra\warewolf\Dev\Dev2.Server\Dev2.Server.csproj]
C:\Program Files\dotnet\sdk\10.0.201\Microsoft.Common.CurrentVersion.targets(2451,5): warning MSB3277:         C:\Users\ultra\.nuget\packages\ironpython\3.4.0\lib\net6.0\IronPython.Wpf.dll [C:\Users\ultra\warewolf\Dev\Dev2.Server\Dev2.Server.csproj]
C:\Program Files\dotnet\sdk\10.0.201\Microsoft.Common.CurrentVersion.targets(2451,5): warning MSB3277:           Project file item includes which caused reference "C:\Users\ultra\.nuget\packages\ironpython\3.4.0\lib\net6.0\IronPython.Wpf.dll". [C:\Users\ultra\warewolf\Dev\Dev2.Server\Dev2.Server.csproj]
C:\Program Files\dotnet\sdk\10.0.201\Microsoft.Common.CurrentVersion.targets(2451,5): warning MSB3277:             C:\Users\ultra\.nuget\packages\ironpython\3.4.0\lib\net6.0\IronPython.Wpf.dll [C:\Users\ultra\warewolf\Dev\Dev2.Server\Dev2.Server.csproj]
C:\Program Files\dotnet\sdk\10.0.201\Microsoft.Common.CurrentVersion.targets(2451,5): warning MSB3277:         C:\Users\ultra\.nuget\packages\microsoft.xaml.behaviors.wpf\1.1.122\lib\net462\Microsoft.Xaml.Behaviors.dll [C:\Users\ultra\warewolf\Dev\Dev2.Server\Dev2.Server.csproj]
C:\Program Files\dotnet\sdk\10.0.201\Microsoft.Common.CurrentVersion.targets(2451,5): warning MSB3277:           Project file item includes which caused reference "C:\Users\ultra\.nuget\packages\microsoft.xaml.behaviors.wpf\1.1.122\lib\net462\Microsoft.Xaml.Behaviors.dll". [C:\Users\ultra\warewolf\Dev\Dev2.Server\Dev2.Server.csproj]
C:\Program Files\dotnet\sdk\10.0.201\Microsoft.Common.CurrentVersion.targets(2451,5): warning MSB3277:             C:\Users\ultra\.nuget\packages\microsoft.xaml.behaviors.wpf\1.1.122\lib\net462\Microsoft.Xaml.Behaviors.dll [C:\Users\ultra\warewolf\Dev\Dev2.Server\Dev2.Server.csproj]
C:\Program Files\dotnet\sdk\10.0.201\Microsoft.Common.CurrentVersion.targets(2451,5): warning MSB3277:             C:\Users\ultra\.nuget\packages\caliburn.micro\4.0.212\lib\netcoreapp3.1\Caliburn.Micro.Platform.dll [C:\Users\ultra\warewolf\Dev\Dev2.Server\Dev2.Server.csproj]
C:\Program Files\dotnet\sdk\10.0.201\Microsoft.Common.CurrentVersion.targets(2451,5): warning MSB3277:             C:\Users\ultra\.nuget\packages\prism.wpf\9.0.537\lib\net462\Prism.Wpf.dll [C:\Users\ultra\warewolf\Dev\Dev2.Server\Dev2.Server.csproj]
C:\Program Files\dotnet\sdk\10.0.201\Microsoft.Common.CurrentVersion.targets(2451,5): warning MSB3277:         C:\Users\ultra\.nuget\packages\prism.wpf\9.0.537\lib\net462\Prism.Wpf.dll [C:\Users\ultra\warewolf\Dev\Dev2.Server\Dev2.Server.csproj]
C:\Program Files\dotnet\sdk\10.0.201\Microsoft.Common.CurrentVersion.targets(2451,5): warning MSB3277:           Project file item includes which caused reference "C:\Users\ultra\.nuget\packages\prism.wpf\9.0.537\lib\net462\Prism.Wpf.dll". [C:\Users\ultra\warewolf\Dev\Dev2.Server\Dev2.Server.csproj]
C:\Program Files\dotnet\sdk\10.0.201\Microsoft.Common.CurrentVersion.targets(2451,5): warning MSB3277:             C:\Users\ultra\.nuget\packages\prism.wpf\9.0.537\lib\net462\Prism.Wpf.dll [C:\Users\ultra\warewolf\Dev\Dev2.Server\Dev2.Server.csproj]
C:\Program Files\dotnet\sdk\10.0.201\Microsoft.Common.CurrentVersion.targets(2451,5): warning MSB3277:         C:\Users\ultra\.nuget\packages\reactiveui.wpf\18.4.1\lib\net462\ReactiveUI.Wpf.dll [C:\Users\ultra\warewolf\Dev\Dev2.Server\Dev2.Server.csproj]
C:\Program Files\dotnet\sdk\10.0.201\Microsoft.Common.CurrentVersion.targets(2451,5): warning MSB3277:           Project file item includes which caused reference "C:\Users\ultra\.nuget\packages\reactiveui.wpf\18.4.1\lib\net462\ReactiveUI.Wpf.dll". [C:\Users\ultra\warewolf\Dev\Dev2.Server\Dev2.Server.csproj]
C:\Program Files\dotnet\sdk\10.0.201\Microsoft.Common.CurrentVersion.targets(2451,5): warning MSB3277:             C:\Users\ultra\.nuget\packages\reactiveui.wpf\18.4.1\lib\net462\ReactiveUI.Wpf.dll [C:\Users\ultra\warewolf\Dev\Dev2.Server\Dev2.Server.csproj]
C:\Program Files\dotnet\sdk\10.0.201\Microsoft.Common.CurrentVersion.targets(2451,5): warning MSB3277: Found conflicts between different versions of "System.Drawing.Common" that could not be resolved. [C:\Users\ultra\warewolf\Dev\Dev2.Server\Dev2.Server.csproj]
C:\Program Files\dotnet\sdk\10.0.201\Microsoft.Common.CurrentVersion.targets(2451,5): warning MSB3277: There was a conflict between "System.Drawing.Common, Version=6.0.0.0, Culture=neutral, PublicKeyToken=cc7b13ffcd2ddd51" and "System.Drawing.Common, Version=8.0.0.0, Culture=neutral, PublicKeyToken=cc7b13ffcd2ddd51". [C:\Users\ultra\warewolf\Dev\Dev2.Server\Dev2.Server.csproj]
C:\Program Files\dotnet\sdk\10.0.201\Microsoft.Common.CurrentVersion.targets(2451,5): warning MSB3277:     "System.Drawing.Common, Version=6.0.0.0, Culture=neutral, PublicKeyToken=cc7b13ffcd2ddd51" was chosen because it was primary and "System.Drawing.Common, Version=8.0.0.0, Culture=neutral, PublicKeyToken=cc7b13ffcd2ddd51" was not. [C:\Users\ultra\warewolf\Dev\Dev2.Server\Dev2.Server.csproj]
C:\Program Files\dotnet\sdk\10.0.201\Microsoft.Common.CurrentVersion.targets(2451,5): warning MSB3277:     References which depend on "System.Drawing.Common, Version=6.0.0.0, Culture=neutral, PublicKeyToken=cc7b13ffcd2ddd51" [C:\Users\ultra\.nuget\packages\system.drawing.common\6.0.0\lib\net6.0\System.Drawing.Common.dll]. [C:\Users\ultra\warewolf\Dev\Dev2.Server\Dev2.Server.csproj]
C:\Program Files\dotnet\sdk\10.0.201\Microsoft.Common.CurrentVersion.targets(2451,5): warning MSB3277:         C:\Users\ultra\.nuget\packages\system.drawing.common\6.0.0\lib\net6.0\System.Drawing.Common.dll [C:\Users\ultra\warewolf\Dev\Dev2.Server\Dev2.Server.csproj]
C:\Program Files\dotnet\sdk\10.0.201\Microsoft.Common.CurrentVersion.targets(2451,5): warning MSB3277:           Project file item includes which caused reference "C:\Users\ultra\.nuget\packages\system.drawing.common\6.0.0\lib\net6.0\System.Drawing.Common.dll". [C:\Users\ultra\warewolf\Dev\Dev2.Server\Dev2.Server.csproj]
C:\Program Files\dotnet\sdk\10.0.201\Microsoft.Common.CurrentVersion.targets(2451,5): warning MSB3277:             C:\Users\ultra\.nuget\packages\system.drawing.common\6.0.0\lib\net6.0\System.Drawing.Common.dll [C:\Users\ultra\warewolf\Dev\Dev2.Server\Dev2.Server.csproj]
C:\Program Files\dotnet\sdk\10.0.201\Microsoft.Common.CurrentVersion.targets(2451,5): warning MSB3277:     References which depend on or have been unified to "System.Drawing.Common, Version=8.0.0.0, Culture=neutral, PublicKeyToken=cc7b13ffcd2ddd51" []. [C:\Users\ultra\warewolf\Dev\Dev2.Server\Dev2.Server.csproj]
C:\Program Files\dotnet\sdk\10.0.201\Microsoft.Common.CurrentVersion.targets(2451,5): warning MSB3277:         C:\Users\ultra\.nuget\packages\servicestack\6.3.0\lib\net6.0\ServiceStack.dll [C:\Users\ultra\warewolf\Dev\Dev2.Server\Dev2.Server.csproj]
C:\Program Files\dotnet\sdk\10.0.201\Microsoft.Common.CurrentVersion.targets(2451,5): warning MSB3277:           Project file item includes which caused reference "C:\Users\ultra\.nuget\packages\servicestack\6.3.0\lib\net6.0\ServiceStack.dll". [C:\Users\ultra\warewolf\Dev\Dev2.Server\Dev2.Server.csproj]
C:\Program Files\dotnet\sdk\10.0.201\Microsoft.Common.CurrentVersion.targets(2451,5): warning MSB3277:             C:\Users\ultra\.nuget\packages\servicestack\6.3.0\lib\net6.0\ServiceStack.dll [C:\Users\ultra\warewolf\Dev\Dev2.Server\Dev2.Server.csproj]
C:\Program Files\dotnet\sdk\10.0.201\Microsoft.Common.CurrentVersion.targets(2451,5): warning MSB3277:         C:\Users\ultra\.nuget\packages\system.windows.extensions\8.0.0\lib\net8.0\System.Windows.Extensions.dll [C:\Users\ultra\warewolf\Dev\Dev2.Server\Dev2.Server.csproj]
C:\Program Files\dotnet\sdk\10.0.201\Microsoft.Common.CurrentVersion.targets(2451,5): warning MSB3277:           Project file item includes which caused reference "C:\Users\ultra\.nuget\packages\system.windows.extensions\8.0.0\lib\net8.0\System.Windows.Extensions.dll". [C:\Users\ultra\warewolf\Dev\Dev2.Server\Dev2.Server.csproj]
C:\Program Files\dotnet\sdk\10.0.201\Microsoft.Common.CurrentVersion.targets(2451,5): warning MSB3277:             C:\Users\ultra\.nuget\packages\system.windows.extensions\8.0.0\lib\net8.0\System.Windows.Extensions.dll [C:\Users\ultra\warewolf\Dev\Dev2.Server\Dev2.Server.csproj]
C:\Program Files\dotnet\sdk\10.0.201\Microsoft.Common.CurrentVersion.targets(2451,5): warning MSB3277:             C:\Users\ultra\.nuget\packages\system.security.permissions\8.0.0\lib\net8.0\System.Security.Permissions.dll [C:\Users\ultra\warewolf\Dev\Dev2.Server\Dev2.Server.csproj]
C:\Program Files\dotnet\sdk\10.0.201\Microsoft.Common.CurrentVersion.targets(2451,5): warning MSB3277:             C:\Users\ultra\warewolf\Dev\Dev2.Data\bin\Debug\net8.0\Dev2.Data.dll [C:\Users\ultra\warewolf\Dev\Dev2.Server\Dev2.Server.csproj]
C:\Program Files\dotnet\sdk\10.0.201\Microsoft.Common.CurrentVersion.targets(2451,5): warning MSB3277:             C:\Users\ultra\warewolf\Dev\Dev2.Activities\bin\Debug\net8.0\Dev2.Activities.dll [C:\Users\ultra\warewolf\Dev\Dev2.Server\Dev2.Server.csproj]
C:\Program Files\dotnet\sdk\10.0.201\Microsoft.Common.CurrentVersion.targets(2451,5): warning MSB3277:             C:\Users\ultra\warewolf\Dev\Dev2.Core\bin\Debug\net8.0\Dev2.Core.dll [C:\Users\ultra\warewolf\Dev\Dev2.Server\Dev2.Server.csproj]
C:\Program Files\dotnet\sdk\10.0.201\Microsoft.Common.CurrentVersion.targets(2451,5): warning MSB3277:             C:\Users\ultra\warewolf\Dev\Dev2.Runtime.Services\bin\Debug\net8.0\Dev2.Runtime.Services.dll [C:\Users\ultra\warewolf\Dev\Dev2.Server\Dev2.Server.csproj]
C:\Program Files\dotnet\sdk\10.0.201\Microsoft.Common.CurrentVersion.targets(2451,5): warning MSB3277:             C:\Users\ultra\warewolf\Dev\Dev2.Runtime.WebServer\bin\Debug\net8.0\Dev2.Runtime.WebServer.dll [C:\Users\ultra\warewolf\Dev\Dev2.Server\Dev2.Server.csproj]
C:\Program Files\dotnet\sdk\10.0.201\Microsoft.Common.CurrentVersion.targets(2451,5): warning MSB3277:             C:\Users\ultra\warewolf\Dev\Dev2.Runtime\bin\Debug\net8.0\Dev2.Runtime.dll [C:\Users\ultra\warewolf\Dev\Dev2.Server\Dev2.Server.csproj]
C:\Program Files\dotnet\sdk\10.0.201\Microsoft.Common.CurrentVersion.targets(2451,5): warning MSB3277:             C:\Users\ultra\warewolf\Dev\Dev2.Scheduler\bin\Debug\net8.0\Dev2.Scheduler.dll [C:\Users\ultra\warewolf\Dev\Dev2.Server\Dev2.Server.csproj]
C:\Program Files\dotnet\sdk\10.0.201\Microsoft.Common.CurrentVersion.targets(2451,5): warning MSB3277:             C:\Users\ultra\warewolf\Dev\Dev2.Services.Execution\bin\Debug\net8.0\Dev2.Services.Execution.dll [C:\Users\ultra\warewolf\Dev\Dev2.Server\Dev2.Server.csproj]
C:\Program Files\dotnet\sdk\10.0.201\Microsoft.Common.CurrentVersion.targets(2451,5): warning MSB3277:             C:\Users\ultra\warewolf\Dev\Warewolf.Auditing\bin\Debug\net8.0\Warewolf.Auditing.dll [C:\Users\ultra\warewolf\Dev\Dev2.Server\Dev2.Server.csproj]
C:\Program Files\dotnet\sdk\10.0.201\Microsoft.Common.CurrentVersion.targets(2451,5): warning MSB3277:             C:\Users\ultra\warewolf\Dev\Warewolf.HangfireServer\bin\Debug\net8.0\linux-x64\HangfireServer.dll [C:\Users\ultra\warewolf\Dev\Dev2.Server\Dev2.Server.csproj]
C:\Program Files\dotnet\sdk\10.0.201\Microsoft.Common.CurrentVersion.targets(2451,5): warning MSB3277:             C:\Users\ultra\warewolf\Dev\Warewolf.Logger\bin\Debug\net8.0\linux-x64\WarewolfLogger.dll [C:\Users\ultra\warewolf\Dev\Dev2.Server\Dev2.Server.csproj]
C:\Program Files\dotnet\sdk\10.0.201\Microsoft.Common.CurrentVersion.targets(2451,5): warning MSB3277:             C:\Users\ultra\warewolf\Dev\Warewolf.QueueWorker\bin\Debug\net8.0\linux-x64\QueueWorker.dll [C:\Users\ultra\warewolf\Dev\Dev2.Server\Dev2.Server.csproj]
C:\Program Files\dotnet\sdk\10.0.201\Microsoft.Common.CurrentVersion.targets(2451,5): warning MSB3277:             C:\Users\ultra\warewolf\Dev\Warewolf.Core\bin\Debug\net8.0\Warewolf.Core.dll [C:\Users\ultra\warewolf\Dev\Dev2.Server\Dev2.Server.csproj]
C:\Program Files\dotnet\sdk\10.0.201\Microsoft.Common.CurrentVersion.targets(2451,5): warning MSB3277:             C:\Users\ultra\warewolf\Dev\Warewolf.ResourceManagement\bin\Debug\net8.0\Warewolf.ResourceManagement.dll [C:\Users\ultra\warewolf\Dev\Dev2.Server\Dev2.Server.csproj]
C:\Program Files\dotnet\sdk\10.0.201\Microsoft.Common.CurrentVersion.targets(2451,5): warning MSB3277:             C:\Users\ultra\warewolf\Dev\Warewolf.Trigger.Queue\bin\Debug\net8.0\Warewolf.Trigger.Queue.dll [C:\Users\ultra\warewolf\Dev\Dev2.Server\Dev2.Server.csproj]
C:\Program Files\dotnet\sdk\10.0.201\Microsoft.Common.CurrentVersion.targets(2451,5): warning MSB3277:             C:\Users\ultra\warewolf\Dev\Dev2.Intellisense\bin\Debug\net8.0\Dev2.Intellisense.dll [C:\Users\ultra\warewolf\Dev\Dev2.Server\Dev2.Server.csproj]
C:\Program Files\dotnet\sdk\10.0.201\Microsoft.Common.CurrentVersion.targets(2451,5): warning MSB3277:             C:\Users\ultra\warewolf\Dev\Dev2.Studio.Core\bin\Debug\net8.0\Dev2.Studio.Core.dll [C:\Users\ultra\warewolf\Dev\Dev2.Server\Dev2.Server.csproj]
C:\Program Files\dotnet\sdk\10.0.201\Microsoft.Common.CurrentVersion.targets(2451,5): warning MSB3277:             C:\Users\ultra\warewolf\Dev\Dev2.Studio.Interfaces\bin\Debug\net8.0\Dev2.Studio.Interfaces.dll [C:\Users\ultra\warewolf\Dev\Dev2.Server\Dev2.Server.csproj]
C:\Program Files\dotnet\sdk\10.0.201\Microsoft.Common.CurrentVersion.targets(2451,5): warning MSB3277:             C:\Users\ultra\warewolf\Dev\Warewolf.Common.Framework48\bin\Debug\net8.0\Warewolf.Common.Framework48.dll [C:\Users\ultra\warewolf\Dev\Dev2.Server\Dev2.Server.csproj]
C:\Program Files\dotnet\sdk\10.0.201\Microsoft.Common.CurrentVersion.targets(2451,5): warning MSB3277:             C:\Users\ultra\warewolf\Dev\Warewolf.Common.NetStandard20\bin\Debug\net8.0\Warewolf.Common.NetStandard20.dll [C:\Users\ultra\warewolf\Dev\Dev2.Server\Dev2.Server.csproj]
C:\Program Files\dotnet\sdk\10.0.201\Microsoft.Common.CurrentVersion.targets(2451,5): warning MSB3277:             C:\Users\ultra\warewolf\Dev\Warewolf.Driver.Persistence\bin\Debug\net8.0\Warewolf.Driver.Persistence.dll [C:\Users\ultra\warewolf\Dev\Dev2.Server\Dev2.Server.csproj]
C:\Program Files\dotnet\sdk\10.0.201\Microsoft.Common.CurrentVersion.targets(2451,5): warning MSB3277:             C:\Users\ultra\warewolf\Dev\Warewolf.Exchange.Email.Wrapper\bin\Debug\net8.0\Warewolf.Exchange.Email.Wrapper.dll [C:\Users\ultra\warewolf\Dev\Dev2.Server\Dev2.Server.csproj]
C:\Program Files\dotnet\sdk\10.0.201\Microsoft.Common.CurrentVersion.targets(2451,5): warning MSB3277:             C:\Users\ultra\warewolf\Dev\Warewolf.Studio.Core\bin\Debug\net8.0\Warewolf.Studio.Core.dll [C:\Users\ultra\warewolf\Dev\Dev2.Server\Dev2.Server.csproj]
C:\Program Files\dotnet\sdk\10.0.201\Microsoft.Common.CurrentVersion.targets(2451,5): warning MSB3277:             C:\Users\ultra\warewolf\Dev\Warewolf.UI\bin\Debug\net8.0\Warewolf.UI.dll [C:\Users\ultra\warewolf\Dev\Dev2.Server\Dev2.Server.csproj]
C:\Program Files\dotnet\sdk\10.0.201\Microsoft.Common.CurrentVersion.targets(2451,5): warning MSB3277:             C:\Users\ultra\.nuget\packages\dotnetzip\1.16.0\lib\netstandard2.0\DotNetZip.dll [C:\Users\ultra\warewolf\Dev\Dev2.Server\Dev2.Server.csproj]
C:\Program Files\dotnet\sdk\10.0.201\Microsoft.Common.CurrentVersion.targets(2451,5): warning MSB3277:             C:\Users\ultra\warewolf\Dev\Dev2.Common\bin\Debug\net8.0\Dev2.Common.dll [C:\Users\ultra\warewolf\Dev\Dev2.Server\Dev2.Server.csproj]
C:\Program Files\dotnet\sdk\10.0.201\Microsoft.Common.CurrentVersion.targets(2451,5): warning MSB3277:             C:\Users\ultra\warewolf\Dev\Dev2.Development.Languages\bin\Debug\net8.0\Dev2.Development.Languages.dll [C:\Users\ultra\warewolf\Dev\Dev2.Server\Dev2.Server.csproj]
C:\Program Files\dotnet\sdk\10.0.201\Microsoft.Common.CurrentVersion.targets(2451,5): warning MSB3277:             C:\Users\ultra\warewolf\Dev\Dev2.Diagnostics\bin\Debug\net8.0\Dev2.Diagnostics.dll [C:\Users\ultra\warewolf\Dev\Dev2.Server\Dev2.Server.csproj]
C:\Program Files\dotnet\sdk\10.0.201\Microsoft.Common.CurrentVersion.targets(2451,5): warning MSB3277:             C:\Users\ultra\warewolf\Dev\Dev2.Infrastructure\bin\Debug\net8.0\Dev2.Infrastructure.dll [C:\Users\ultra\warewolf\Dev\Dev2.Server\Dev2.Server.csproj]
C:\Program Files\dotnet\sdk\10.0.201\Microsoft.Common.CurrentVersion.targets(2451,5): warning MSB3277:             C:\Users\ultra\warewolf\Dev\Dev2.Util\bin\Debug\net8.0\Dev2.Util.dll [C:\Users\ultra\warewolf\Dev\Dev2.Server\Dev2.Server.csproj]
C:\Program Files\dotnet\sdk\10.0.201\Microsoft.Common.CurrentVersion.targets(2451,5): warning MSB3277:             C:\Users\ultra\warewolf\Dev\Warewolf.PerfMon\bin\Debug\net8.0\linux-x64\Warewolf.PerfMon.dll [C:\Users\ultra\warewolf\Dev\Dev2.Server\Dev2.Server.csproj]
C:\Program Files\dotnet\sdk\10.0.201\Microsoft.Common.CurrentVersion.targets(2451,5): warning MSB3277:             C:\Users\ultra\warewolf\Dev\Warewolf.Sharepoint\bin\Debug\net8.0\Warewolf.Sharepoint.dll [C:\Users\ultra\warewolf\Dev\Dev2.Server\Dev2.Server.csproj]
C:\Program Files\dotnet\sdk\10.0.201\Microsoft.Common.CurrentVersion.targets(2451,5): warning MSB3277:             C:\Users\ultra\warewolf\Dev\Warewolf.Storage\bin\Debug\net8.0\Warewolf.Storage.dll [C:\Users\ultra\warewolf\Dev\Dev2.Server\Dev2.Server.csproj]
C:\Program Files\dotnet\sdk\10.0.201\Microsoft.Common.CurrentVersion.targets(2451,5): warning MSB3277:             C:\Users\ultra\warewolf\Dev\Dev2.Data.Interfaces\bin\Debug\net8.0\Dev2.Data.Interfaces.dll [C:\Users\ultra\warewolf\Dev\Dev2.Server\Dev2.Server.csproj]
C:\Program Files\dotnet\sdk\10.0.201\Microsoft.Common.CurrentVersion.targets(2451,5): warning MSB3277:             C:\Users\ultra\warewolf\Dev\Dev2.Services.Sql\bin\Debug\net8.0\Dev2.Services.Sql.dll [C:\Users\ultra\warewolf\Dev\Dev2.Server\Dev2.Server.csproj]
C:\Program Files\dotnet\sdk\10.0.201\Microsoft.Common.CurrentVersion.targets(2451,5): warning MSB3277:             C:\Users\ultra\warewolf\Dev\Dev2.TaskScheduler.Wrappers\bin\Debug\net8.0\Dev2.TaskScheduler.Wrappers.dll [C:\Users\ultra\warewolf\Dev\Dev2.Server\Dev2.Server.csproj]
C:\Program Files\dotnet\sdk\10.0.201\Microsoft.Common.CurrentVersion.targets(2451,5): warning MSB3277:             C:\Users\ultra\warewolf\Dev\Warewolf.AI.Harness\bin\Debug\net8.0\Warewolf.AI.Harness.dll [C:\Users\ultra\warewolf\Dev\Dev2.Server\Dev2.Server.csproj]
C:\Program Files\dotnet\sdk\10.0.201\Microsoft.Common.CurrentVersion.targets(2451,5): warning MSB3277:             C:\Users\ultra\warewolf\Dev\Warewolf.Driver.Serilog\bin\Debug\net8.0\Warewolf.Driver.Serilog.dll [C:\Users\ultra\warewolf\Dev\Dev2.Server\Dev2.Server.csproj]
C:\Program Files\dotnet\sdk\10.0.201\Microsoft.Common.CurrentVersion.targets(2451,5): warning MSB3277:             C:\Users\ultra\.nuget\packages\mindbox.data.linq\5.0.0\lib\netstandard2.0\Mindbox.Data.Linq.dll [C:\Users\ultra\warewolf\Dev\Dev2.Server\Dev2.Server.csproj]
C:\Program Files\dotnet\sdk\10.0.201\Microsoft.Common.CurrentVersion.targets(2451,5): warning MSB3277:             C:\Users\ultra\.nuget\packages\mysql.data\8.4.0\lib\net8.0\MySql.Data.dll [C:\Users\ultra\warewolf\Dev\Dev2.Server\Dev2.Server.csproj]
C:\Program Files\dotnet\sdk\10.0.201\Microsoft.Common.CurrentVersion.targets(2451,5): warning MSB3277:             C:\Users\ultra\.nuget\packages\oracle.manageddataaccess.core\3.21.70\lib\netstandard2.1\Oracle.ManagedDataAccess.dll [C:\Users\ultra\warewolf\Dev\Dev2.Server\Dev2.Server.csproj]
C:\Program Files\dotnet\sdk\10.0.201\Microsoft.Common.CurrentVersion.targets(2451,5): warning MSB3277:             C:\Users\ultra\.nuget\packages\system.directoryservices\6.0.0\lib\net6.0\System.DirectoryServices.dll [C:\Users\ultra\warewolf\Dev\Dev2.Server\Dev2.Server.csproj]
C:\Program Files\dotnet\sdk\10.0.201\Microsoft.Common.CurrentVersion.targets(2451,5): warning MSB3277:             C:\Users\ultra\.nuget\packages\corewcf.primitives\1.2.1\lib\netstandard2.0\CoreWCF.Primitives.dll [C:\Users\ultra\warewolf\Dev\Dev2.Server\Dev2.Server.csproj]
C:\Program Files\dotnet\sdk\10.0.201\Microsoft.Common.CurrentVersion.targets(2451,5): warning MSB3277:             C:\Users\ultra\.nuget\packages\corewcf.http\1.2.1\lib\netstandard2.0\CoreWCF.Http.dll [C:\Users\ultra\warewolf\Dev\Dev2.Server\Dev2.Server.csproj]
C:\Program Files\dotnet\sdk\10.0.201\Microsoft.Common.CurrentVersion.targets(2451,5): warning MSB3277:             C:\Users\ultra\.nuget\packages\corewcf.nettcp\1.2.1\lib\netstandard2.0\CoreWCF.NetTcp.dll [C:\Users\ultra\warewolf\Dev\Dev2.Server\Dev2.Server.csproj]
C:\Program Files\dotnet\sdk\10.0.201\Microsoft.Common.CurrentVersion.targets(2451,5): warning MSB3277:             C:\Users\ultra\.nuget\packages\corewcf.webhttp\1.2.1\lib\netstandard2.0\CoreWCF.WebHttp.dll [C:\Users\ultra\warewolf\Dev\Dev2.Server\Dev2.Server.csproj]
C:\Program Files\dotnet\sdk\10.0.201\Microsoft.Common.CurrentVersion.targets(2451,5): warning MSB3277:             C:\Program Files\dotnet\packs\Microsoft.NETCore.App.Ref\8.0.25\ref/net8.0/System.Configuration.dll [C:\Users\ultra\warewolf\Dev\Dev2.Server\Dev2.Server.csproj]
C:\Program Files\dotnet\sdk\10.0.201\Microsoft.Common.CurrentVersion.targets(2451,5): warning MSB3277:             C:\Users\ultra\.nuget\packages\prism.wpf\9.0.537\lib\net462\Prism.Wpf.dll [C:\Users\ultra\warewolf\Dev\Dev2.Server\Dev2.Server.csproj]
C:\Program Files\dotnet\sdk\10.0.201\Microsoft.Common.CurrentVersion.targets(2451,5): warning MSB3277:             C:\Program Files\dotnet\packs\Microsoft.NETCore.App.Ref\8.0.25\ref/net8.0/System.Data.dll [C:\Users\ultra\warewolf\Dev\Dev2.Server\Dev2.Server.csproj]
C:\Program Files\dotnet\sdk\10.0.201\Microsoft.Common.CurrentVersion.targets(2451,5): warning MSB3277:             C:\Users\ultra\.nuget\packages\taskschedulereditor\2.10.1\lib\net452\Microsoft.Win32.TaskSchedulerEditor.dll [C:\Users\ultra\warewolf\Dev\Dev2.Server\Dev2.Server.csproj]
C:\Program Files\dotnet\sdk\10.0.201\Microsoft.Common.CurrentVersion.targets(2451,5): warning MSB3277:             C:\Program Files\dotnet\packs\Microsoft.NETCore.App.Ref\8.0.25\ref/net8.0/System.Drawing.dll [C:\Users\ultra\warewolf\Dev\Dev2.Server\Dev2.Server.csproj]
C:\Program Files\dotnet\sdk\10.0.201\Microsoft.Common.CurrentVersion.targets(2451,5): warning MSB3277:             C:\Users\ultra\.nuget\packages\aerowizard\2.3.1\lib\net45\AeroWizard.dll [C:\Users\ultra\warewolf\Dev\Dev2.Server\Dev2.Server.csproj]
C:\Program Files\dotnet\sdk\10.0.201\Microsoft.Common.CurrentVersion.targets(2451,5): warning MSB3277:             C:\Users\ultra\.nuget\packages\groupcontrols\1.9.0\lib\net45\GroupControls.dll [C:\Users\ultra\warewolf\Dev\Dev2.Server\Dev2.Server.csproj]
C:\Program Files\dotnet\sdk\10.0.201\Microsoft.Common.CurrentVersion.targets(2451,5): warning MSB3277:             C:\Program Files\dotnet\packs\Microsoft.NETCore.App.Ref\8.0.25\ref/net8.0/System.Net.dll [C:\Users\ultra\warewolf\Dev\Dev2.Server\Dev2.Server.csproj]
C:\Program Files\dotnet\sdk\10.0.201\Microsoft.Common.CurrentVersion.targets(2451,5): warning MSB3277:             C:\Program Files\dotnet\packs\Microsoft.NETCore.App.Ref\8.0.25\ref/net8.0/System.Security.dll [C:\Users\ultra\warewolf\Dev\Dev2.Server\Dev2.Server.csproj]
C:\Program Files\dotnet\sdk\10.0.201\Microsoft.Common.CurrentVersion.targets(2451,5): warning MSB3277:             C:\Program Files\dotnet\packs\Microsoft.NETCore.App.Ref\8.0.25\ref/net8.0/System.ServiceProcess.dll [C:\Users\ultra\warewolf\Dev\Dev2.Server\Dev2.Server.csproj]
C:\Program Files\dotnet\sdk\10.0.201\Microsoft.Common.CurrentVersion.targets(2451,5): warning MSB3277:             C:\Program Files\dotnet\packs\Microsoft.NETCore.App.Ref\8.0.25\ref/net8.0/System.Transactions.dll [C:\Users\ultra\warewolf\Dev\Dev2.Server\Dev2.Server.csproj]
C:\Program Files\dotnet\sdk\10.0.201\Microsoft.Common.CurrentVersion.targets(2451,5): warning MSB3277:             C:\Program Files\dotnet\packs\Microsoft.NETCore.App.Ref\8.0.25\ref/net8.0/System.dll [C:\Users\ultra\warewolf\Dev\Dev2.Server\Dev2.Server.csproj]
C:\Program Files\dotnet\sdk\10.0.201\Microsoft.Common.CurrentVersion.targets(2451,5): warning MSB3277:             C:\Users\ultra\.nuget\packages\microsoft.xaml.behaviors.wpf\1.1.122\lib\net462\Microsoft.Xaml.Behaviors.dll [C:\Users\ultra\warewolf\Dev\Dev2.Server\Dev2.Server.csproj]
C:\Program Files\dotnet\sdk\10.0.201\Microsoft.Common.CurrentVersion.targets(2451,5): warning MSB3277:             C:\Users\ultra\.nuget\packages\caliburn.micro\4.0.212\lib\netcoreapp3.1\Caliburn.Micro.Platform.dll [C:\Users\ultra\warewolf\Dev\Dev2.Server\Dev2.Server.csproj]
C:\Program Files\dotnet\sdk\10.0.201\Microsoft.Common.CurrentVersion.targets(2451,5): warning MSB3277:             C:\Users\ultra\.nuget\packages\reactiveui.wpf\18.4.1\lib\net462\ReactiveUI.Wpf.dll [C:\Users\ultra\warewolf\Dev\Dev2.Server\Dev2.Server.csproj]
C:\Program Files\dotnet\sdk\10.0.201\Microsoft.Common.CurrentVersion.targets(2451,5): warning MSB3277:             C:\Users\ultra\.nuget\packages\ttcue.netcore.sharepointonline.csom.16.1.8029.1200\16.1.8029.1200\lib\netcoreapp2.0\Microsoft.SharePoint.Client.Runtime.Windows.dll [C:\Users\ultra\warewolf\Dev\Dev2.Server\Dev2.Server.csproj]
C:\Program Files\dotnet\sdk\10.0.201\Microsoft.Common.CurrentVersion.targets(2451,5): warning MSB3277:             C:\Program Files\dotnet\packs\Microsoft.NETCore.App.Ref\8.0.25\ref/net8.0/WindowsBase.dll [C:\Users\ultra\warewolf\Dev\Dev2.Server\Dev2.Server.csproj]
C:\Program Files\dotnet\sdk\10.0.201\Microsoft.Common.CurrentVersion.targets(2451,5): warning MSB3277:             C:\Program Files\dotnet\packs\Microsoft.NETCore.App.Ref\8.0.25\ref/net8.0/mscorlib.dll [C:\Users\ultra\warewolf\Dev\Dev2.Server\Dev2.Server.csproj]
C:\Program Files\dotnet\sdk\10.0.201\Microsoft.Common.CurrentVersion.targets(2451,5): warning MSB3277:             Warewolf.Usage, Version=1.0.0.0, Culture=neutral, PublicKeyToken=null [C:\Users\ultra\warewolf\Dev\Dev2.Server\Dev2.Server.csproj]
C:\Program Files\dotnet\sdk\10.0.201\Microsoft.Common.CurrentVersion.targets(2451,5): warning MSB3277:             C:\Users\ultra\.nuget\packages\hangfire.core\1.7.32\lib\netstandard2.0\Hangfire.Core.dll [C:\Users\ultra\warewolf\Dev\Dev2.Server\Dev2.Server.csproj]
C:\Program Files\dotnet\sdk\10.0.201\Microsoft.Common.CurrentVersion.targets(2451,5): warning MSB3277:             C:\Users\ultra\.nuget\packages\hangfire.aspnetcore\1.7.32\lib\netcoreapp3.0\Hangfire.AspNetCore.dll [C:\Users\ultra\warewolf\Dev\Dev2.Server\Dev2.Server.csproj]
C:\Program Files\dotnet\sdk\10.0.201\Microsoft.Common.CurrentVersion.targets(2451,5): warning MSB3277:             C:\Users\ultra\.nuget\packages\hangfire.sqlserver\1.7.32\lib\netstandard2.0\Hangfire.SqlServer.dll [C:\Users\ultra\warewolf\Dev\Dev2.Server\Dev2.Server.csproj]
C:\Program Files\dotnet\sdk\10.0.201\Microsoft.Common.CurrentVersion.targets(2451,5): warning MSB3277:         C:\Program Files\dotnet\packs\Microsoft.NETCore.App.Ref\8.0.25\ref\net8.0\System.Drawing.dll [C:\Users\ultra\warewolf\Dev\Dev2.Server\Dev2.Server.csproj]
C:\Program Files\dotnet\sdk\10.0.201\Microsoft.Common.CurrentVersion.targets(2451,5): warning MSB3277:           Project file item includes which caused reference "C:\Program Files\dotnet\packs\Microsoft.NETCore.App.Ref\8.0.25\ref\net8.0\System.Drawing.dll". [C:\Users\ultra\warewolf\Dev\Dev2.Server\Dev2.Server.csproj]
C:\Program Files\dotnet\sdk\10.0.201\Microsoft.Common.CurrentVersion.targets(2451,5): warning MSB3277:             C:\Program Files\dotnet\packs\Microsoft.NETCore.App.Ref\8.0.25\ref/net8.0/System.Drawing.dll [C:\Users\ultra\warewolf\Dev\Dev2.Server\Dev2.Server.csproj]
C:\Program Files\dotnet\sdk\10.0.201\Microsoft.Common.CurrentVersion.targets(2451,5): warning MSB3277:             C:\Users\ultra\.nuget\packages\aerowizard\2.3.1\lib\net45\AeroWizard.dll [C:\Users\ultra\warewolf\Dev\Dev2.Server\Dev2.Server.csproj]
C:\Program Files\dotnet\sdk\10.0.201\Microsoft.Common.CurrentVersion.targets(2451,5): warning MSB3277:             C:\Users\ultra\.nuget\packages\groupcontrols\1.9.0\lib\net45\GroupControls.dll [C:\Users\ultra\warewolf\Dev\Dev2.Server\Dev2.Server.csproj]
C:\Program Files\dotnet\sdk\10.0.201\Microsoft.Common.CurrentVersion.targets(2451,5): warning MSB3277:             C:\Users\ultra\.nuget\packages\taskschedulereditor\2.10.1\lib\net452\Microsoft.Win32.TaskSchedulerEditor.dll [C:\Users\ultra\warewolf\Dev\Dev2.Server\Dev2.Server.csproj]
C:\Users\ultra\warewolf\Dev\Dev2.Server\Startup.cs(59,95): warning CC0004: Empty Catch Block. (https://code-cracker.github.io/diagnostics/CC0004.html) [C:\Users\ultra\warewolf\Dev\Dev2.Server\Dev2.Server.csproj]
  Dev2.Server -> C:\Users\ultra\warewolf\Dev\Dev2.Server\bin\Debug\net8.0\linux-x64\Warewolf Server.dll
  
  INFO: No tasks running with the specified criteria.
  
  INFO: No tasks running with the specified criteria.
C:\Program Files\dotnet\sdk\10.0.201\Microsoft.Common.CurrentVersion.targets(2451,5): warning MSB3277: Found conflicts between different versions of "WindowsBase" that could not be resolved. [C:\Users\ultra\warewolf\Dev\Dev2.Diagnostics.Tests\Dev2.Diagnostics.Tests.csproj]
C:\Program Files\dotnet\sdk\10.0.201\Microsoft.Common.CurrentVersion.targets(2451,5): warning MSB3277: There was a conflict between "WindowsBase, Version=4.0.0.0, Culture=neutral, PublicKeyToken=31bf3856ad364e35" and "WindowsBase, Version=6.0.2.0, Culture=neutral, PublicKeyToken=31bf3856ad364e35". [C:\Users\ultra\warewolf\Dev\Dev2.Diagnostics.Tests\Dev2.Diagnostics.Tests.csproj]
C:\Program Files\dotnet\sdk\10.0.201\Microsoft.Common.CurrentVersion.targets(2451,5): warning MSB3277:     "WindowsBase, Version=4.0.0.0, Culture=neutral, PublicKeyToken=31bf3856ad364e35" was chosen because it was primary and "WindowsBase, Version=6.0.2.0, Culture=neutral, PublicKeyToken=31bf3856ad364e35" was not. [C:\Users\ultra\warewolf\Dev\Dev2.Diagnostics.Tests\Dev2.Diagnostics.Tests.csproj]
C:\Program Files\dotnet\sdk\10.0.201\Microsoft.Common.CurrentVersion.targets(2451,5): warning MSB3277:     References which depend on "WindowsBase, Version=4.0.0.0, Culture=neutral, PublicKeyToken=31bf3856ad364e35" [C:\Program Files\dotnet\packs\Microsoft.NETCore.App.Ref\8.0.25\ref\net8.0\WindowsBase.dll]. [C:\Users\ultra\warewolf\Dev\Dev2.Diagnostics.Tests\Dev2.Diagnostics.Tests.csproj]
C:\Program Files\dotnet\sdk\10.0.201\Microsoft.Common.CurrentVersion.targets(2451,5): warning MSB3277:         C:\Program Files\dotnet\packs\Microsoft.NETCore.App.Ref\8.0.25\ref\net8.0\WindowsBase.dll [C:\Users\ultra\warewolf\Dev\Dev2.Diagnostics.Tests\Dev2.Diagnostics.Tests.csproj]
C:\Program Files\dotnet\sdk\10.0.201\Microsoft.Common.CurrentVersion.targets(2451,5): warning MSB3277:           Project file item includes which caused reference "C:\Program Files\dotnet\packs\Microsoft.NETCore.App.Ref\8.0.25\ref\net8.0\WindowsBase.dll". [C:\Users\ultra\warewolf\Dev\Dev2.Diagnostics.Tests\Dev2.Diagnostics.Tests.csproj]
C:\Program Files\dotnet\sdk\10.0.201\Microsoft.Common.CurrentVersion.targets(2451,5): warning MSB3277:             C:\Program Files\dotnet\packs\Microsoft.NETCore.App.Ref\8.0.25\ref/net8.0/WindowsBase.dll [C:\Users\ultra\warewolf\Dev\Dev2.Diagnostics.Tests\Dev2.Diagnostics.Tests.csproj]
C:\Program Files\dotnet\sdk\10.0.201\Microsoft.Common.CurrentVersion.targets(2451,5): warning MSB3277:     References which depend on or have been unified to "WindowsBase, Version=6.0.2.0, Culture=neutral, PublicKeyToken=31bf3856ad364e35" []. [C:\Users\ultra\warewolf\Dev\Dev2.Diagnostics.Tests\Dev2.Diagnostics.Tests.csproj]
C:\Program Files\dotnet\sdk\10.0.201\Microsoft.Common.CurrentVersion.targets(2451,5): warning MSB3277:         C:\Users\ultra\.nuget\packages\caliburn.micro\4.0.212\lib\netcoreapp3.1\Caliburn.Micro.Platform.dll [C:\Users\ultra\warewolf\Dev\Dev2.Diagnostics.Tests\Dev2.Diagnostics.Tests.csproj]
C:\Program Files\dotnet\sdk\10.0.201\Microsoft.Common.CurrentVersion.targets(2451,5): warning MSB3277:           Project file item includes which caused reference "C:\Users\ultra\.nuget\packages\caliburn.micro\4.0.212\lib\netcoreapp3.1\Caliburn.Micro.Platform.dll". [C:\Users\ultra\warewolf\Dev\Dev2.Diagnostics.Tests\Dev2.Diagnostics.Tests.csproj]
C:\Program Files\dotnet\sdk\10.0.201\Microsoft.Common.CurrentVersion.targets(2451,5): warning MSB3277:             C:\Users\ultra\.nuget\packages\caliburn.micro\4.0.212\lib\netcoreapp3.1\Caliburn.Micro.Platform.dll [C:\Users\ultra\warewolf\Dev\Dev2.Diagnostics.Tests\Dev2.Diagnostics.Tests.csproj]
C:\Program Files\dotnet\sdk\10.0.201\Microsoft.Common.CurrentVersion.targets(2451,5): warning MSB3277:         C:\Users\ultra\.nuget\packages\ironpython\3.4.0\lib\net6.0\IronPython.Wpf.dll [C:\Users\ultra\warewolf\Dev\Dev2.Diagnostics.Tests\Dev2.Diagnostics.Tests.csproj]
C:\Program Files\dotnet\sdk\10.0.201\Microsoft.Common.CurrentVersion.targets(2451,5): warning MSB3277:           Project file item includes which caused reference "C:\Users\ultra\.nuget\packages\ironpython\3.4.0\lib\net6.0\IronPython.Wpf.dll". [C:\Users\ultra\warewolf\Dev\Dev2.Diagnostics.Tests\Dev2.Diagnostics.Tests.csproj]
C:\Program Files\dotnet\sdk\10.0.201\Microsoft.Common.CurrentVersion.targets(2451,5): warning MSB3277:             C:\Users\ultra\.nuget\packages\ironpython\3.4.0\lib\net6.0\IronPython.Wpf.dll [C:\Users\ultra\warewolf\Dev\Dev2.Diagnostics.Tests\Dev2.Diagnostics.Tests.csproj]
C:\Program Files\dotnet\sdk\10.0.201\Microsoft.Common.CurrentVersion.targets(2451,5): warning MSB3277:         C:\Users\ultra\.nuget\packages\microsoft.xaml.behaviors.wpf\1.1.122\lib\net462\Microsoft.Xaml.Behaviors.dll [C:\Users\ultra\warewolf\Dev\Dev2.Diagnostics.Tests\Dev2.Diagnostics.Tests.csproj]
C:\Program Files\dotnet\sdk\10.0.201\Microsoft.Common.CurrentVersion.targets(2451,5): warning MSB3277:           Project file item includes which caused reference "C:\Users\ultra\.nuget\packages\microsoft.xaml.behaviors.wpf\1.1.122\lib\net462\Microsoft.Xaml.Behaviors.dll". [C:\Users\ultra\warewolf\Dev\Dev2.Diagnostics.Tests\Dev2.Diagnostics.Tests.csproj]
C:\Program Files\dotnet\sdk\10.0.201\Microsoft.Common.CurrentVersion.targets(2451,5): warning MSB3277:             C:\Users\ultra\.nuget\packages\microsoft.xaml.behaviors.wpf\1.1.122\lib\net462\Microsoft.Xaml.Behaviors.dll [C:\Users\ultra\warewolf\Dev\Dev2.Diagnostics.Tests\Dev2.Diagnostics.Tests.csproj]
C:\Program Files\dotnet\sdk\10.0.201\Microsoft.Common.CurrentVersion.targets(2451,5): warning MSB3277:             C:\Users\ultra\.nuget\packages\caliburn.micro\4.0.212\lib\netcoreapp3.1\Caliburn.Micro.Platform.dll [C:\Users\ultra\warewolf\Dev\Dev2.Diagnostics.Tests\Dev2.Diagnostics.Tests.csproj]
C:\Program Files\dotnet\sdk\10.0.201\Microsoft.Common.CurrentVersion.targets(2451,5): warning MSB3277:             C:\Users\ultra\.nuget\packages\prism.wpf\9.0.537\lib\net462\Prism.Wpf.dll [C:\Users\ultra\warewolf\Dev\Dev2.Diagnostics.Tests\Dev2.Diagnostics.Tests.csproj]
C:\Program Files\dotnet\sdk\10.0.201\Microsoft.Common.CurrentVersion.targets(2451,5): warning MSB3277:         C:\Users\ultra\.nuget\packages\prism.wpf\9.0.537\lib\net462\Prism.Wpf.dll [C:\Users\ultra\warewolf\Dev\Dev2.Diagnostics.Tests\Dev2.Diagnostics.Tests.csproj]
C:\Program Files\dotnet\sdk\10.0.201\Microsoft.Common.CurrentVersion.targets(2451,5): warning MSB3277:           Project file item includes which caused reference "C:\Users\ultra\.nuget\packages\prism.wpf\9.0.537\lib\net462\Prism.Wpf.dll". [C:\Users\ultra\warewolf\Dev\Dev2.Diagnostics.Tests\Dev2.Diagnostics.Tests.csproj]
C:\Program Files\dotnet\sdk\10.0.201\Microsoft.Common.CurrentVersion.targets(2451,5): warning MSB3277:             C:\Users\ultra\.nuget\packages\prism.wpf\9.0.537\lib\net462\Prism.Wpf.dll [C:\Users\ultra\warewolf\Dev\Dev2.Diagnostics.Tests\Dev2.Diagnostics.Tests.csproj]
C:\Program Files\dotnet\sdk\10.0.201\Microsoft.Common.CurrentVersion.targets(2451,5): warning MSB3277:         C:\Users\ultra\.nuget\packages\reactiveui.wpf\18.4.1\lib\net462\ReactiveUI.Wpf.dll [C:\Users\ultra\warewolf\Dev\Dev2.Diagnostics.Tests\Dev2.Diagnostics.Tests.csproj]
C:\Program Files\dotnet\sdk\10.0.201\Microsoft.Common.CurrentVersion.targets(2451,5): warning MSB3277:           Project file item includes which caused reference "C:\Users\ultra\.nuget\packages\reactiveui.wpf\18.4.1\lib\net462\ReactiveUI.Wpf.dll". [C:\Users\ultra\warewolf\Dev\Dev2.Diagnostics.Tests\Dev2.Diagnostics.Tests.csproj]
C:\Program Files\dotnet\sdk\10.0.201\Microsoft.Common.CurrentVersion.targets(2451,5): warning MSB3277:             C:\Users\ultra\.nuget\packages\reactiveui.wpf\18.4.1\lib\net462\ReactiveUI.Wpf.dll [C:\Users\ultra\warewolf\Dev\Dev2.Diagnostics.Tests\Dev2.Diagnostics.Tests.csproj]
C:\Program Files\dotnet\sdk\10.0.201\Microsoft.Common.CurrentVersion.targets(2451,5): warning MSB3277: Found conflicts between different versions of "System.Drawing.Common" that could not be resolved. [C:\Users\ultra\warewolf\Dev\Dev2.Diagnostics.Tests\Dev2.Diagnostics.Tests.csproj]
C:\Program Files\dotnet\sdk\10.0.201\Microsoft.Common.CurrentVersion.targets(2451,5): warning MSB3277: There was a conflict between "System.Drawing.Common, Version=6.0.0.0, Culture=neutral, PublicKeyToken=cc7b13ffcd2ddd51" and "System.Drawing.Common, Version=8.0.0.0, Culture=neutral, PublicKeyToken=cc7b13ffcd2ddd51". [C:\Users\ultra\warewolf\Dev\Dev2.Diagnostics.Tests\Dev2.Diagnostics.Tests.csproj]
C:\Program Files\dotnet\sdk\10.0.201\Microsoft.Common.CurrentVersion.targets(2451,5): warning MSB3277:     "System.Drawing.Common, Version=6.0.0.0, Culture=neutral, PublicKeyToken=cc7b13ffcd2ddd51" was chosen because it was primary and "System.Drawing.Common, Version=8.0.0.0, Culture=neutral, PublicKeyToken=cc7b13ffcd2ddd51" was not. [C:\Users\ultra\warewolf\Dev\Dev2.Diagnostics.Tests\Dev2.Diagnostics.Tests.csproj]
C:\Program Files\dotnet\sdk\10.0.201\Microsoft.Common.CurrentVersion.targets(2451,5): warning MSB3277:     References which depend on "System.Drawing.Common, Version=6.0.0.0, Culture=neutral, PublicKeyToken=cc7b13ffcd2ddd51" [C:\Users\ultra\.nuget\packages\system.drawing.common\6.0.0\lib\net6.0\System.Drawing.Common.dll]. [C:\Users\ultra\warewolf\Dev\Dev2.Diagnostics.Tests\Dev2.Diagnostics.Tests.csproj]
C:\Program Files\dotnet\sdk\10.0.201\Microsoft.Common.CurrentVersion.targets(2451,5): warning MSB3277:         C:\Users\ultra\.nuget\packages\system.drawing.common\6.0.0\lib\net6.0\System.Drawing.Common.dll [C:\Users\ultra\warewolf\Dev\Dev2.Diagnostics.Tests\Dev2.Diagnostics.Tests.csproj]
C:\Program Files\dotnet\sdk\10.0.201\Microsoft.Common.CurrentVersion.targets(2451,5): warning MSB3277:           Project file item includes which caused reference "C:\Users\ultra\.nuget\packages\system.drawing.common\6.0.0\lib\net6.0\System.Drawing.Common.dll". [C:\Users\ultra\warewolf\Dev\Dev2.Diagnostics.Tests\Dev2.Diagnostics.Tests.csproj]
C:\Program Files\dotnet\sdk\10.0.201\Microsoft.Common.CurrentVersion.targets(2451,5): warning MSB3277:             C:\Users\ultra\.nuget\packages\system.drawing.common\6.0.0\lib\net6.0\System.Drawing.Common.dll [C:\Users\ultra\warewolf\Dev\Dev2.Diagnostics.Tests\Dev2.Diagnostics.Tests.csproj]
C:\Program Files\dotnet\sdk\10.0.201\Microsoft.Common.CurrentVersion.targets(2451,5): warning MSB3277:     References which depend on or have been unified to "System.Drawing.Common, Version=8.0.0.0, Culture=neutral, PublicKeyToken=cc7b13ffcd2ddd51" []. [C:\Users\ultra\warewolf\Dev\Dev2.Diagnostics.Tests\Dev2.Diagnostics.Tests.csproj]
C:\Program Files\dotnet\sdk\10.0.201\Microsoft.Common.CurrentVersion.targets(2451,5): warning MSB3277:         C:\Users\ultra\.nuget\packages\servicestack\6.3.0\lib\net6.0\ServiceStack.dll [C:\Users\ultra\warewolf\Dev\Dev2.Diagnostics.Tests\Dev2.Diagnostics.Tests.csproj]
C:\Program Files\dotnet\sdk\10.0.201\Microsoft.Common.CurrentVersion.targets(2451,5): warning MSB3277:           Project file item includes which caused reference "C:\Users\ultra\.nuget\packages\servicestack\6.3.0\lib\net6.0\ServiceStack.dll". [C:\Users\ultra\warewolf\Dev\Dev2.Diagnostics.Tests\Dev2.Diagnostics.Tests.csproj]
C:\Program Files\dotnet\sdk\10.0.201\Microsoft.Common.CurrentVersion.targets(2451,5): warning MSB3277:             C:\Users\ultra\.nuget\packages\servicestack\6.3.0\lib\net6.0\ServiceStack.dll [C:\Users\ultra\warewolf\Dev\Dev2.Diagnostics.Tests\Dev2.Diagnostics.Tests.csproj]
C:\Program Files\dotnet\sdk\10.0.201\Microsoft.Common.CurrentVersion.targets(2451,5): warning MSB3277:         C:\Users\ultra\.nuget\packages\system.windows.extensions\8.0.0\lib\net8.0\System.Windows.Extensions.dll [C:\Users\ultra\warewolf\Dev\Dev2.Diagnostics.Tests\Dev2.Diagnostics.Tests.csproj]
C:\Program Files\dotnet\sdk\10.0.201\Microsoft.Common.CurrentVersion.targets(2451,5): warning MSB3277:           Project file item includes which caused reference "C:\Users\ultra\.nuget\packages\system.windows.extensions\8.0.0\lib\net8.0\System.Windows.Extensions.dll". [C:\Users\ultra\warewolf\Dev\Dev2.Diagnostics.Tests\Dev2.Diagnostics.Tests.csproj]
C:\Program Files\dotnet\sdk\10.0.201\Microsoft.Common.CurrentVersion.targets(2451,5): warning MSB3277:             C:\Users\ultra\.nuget\packages\system.windows.extensions\8.0.0\lib\net8.0\System.Windows.Extensions.dll [C:\Users\ultra\warewolf\Dev\Dev2.Diagnostics.Tests\Dev2.Diagnostics.Tests.csproj]
C:\Program Files\dotnet\sdk\10.0.201\Microsoft.Common.CurrentVersion.targets(2451,5): warning MSB3277:             C:\Users\ultra\.nuget\packages\system.security.permissions\8.0.0\lib\net8.0\System.Security.Permissions.dll [C:\Users\ultra\warewolf\Dev\Dev2.Diagnostics.Tests\Dev2.Diagnostics.Tests.csproj]
C:\Program Files\dotnet\sdk\10.0.201\Microsoft.Common.CurrentVersion.targets(2451,5): warning MSB3277:             C:\Users\ultra\warewolf\Dev\Dev2.Data\bin\Debug\net8.0\Dev2.Data.dll [C:\Users\ultra\warewolf\Dev\Dev2.Diagnostics.Tests\Dev2.Diagnostics.Tests.csproj]
C:\Program Files\dotnet\sdk\10.0.201\Microsoft.Common.CurrentVersion.targets(2451,5): warning MSB3277:             C:\Users\ultra\warewolf\Dev\Dev2.Core\bin\Debug\net8.0\Dev2.Core.dll [C:\Users\ultra\warewolf\Dev\Dev2.Diagnostics.Tests\Dev2.Diagnostics.Tests.csproj]
C:\Program Files\dotnet\sdk\10.0.201\Microsoft.Common.CurrentVersion.targets(2451,5): warning MSB3277:             C:\Users\ultra\warewolf\Dev\Dev2.Runtime.Services\bin\Debug\net8.0\Dev2.Runtime.Services.dll [C:\Users\ultra\warewolf\Dev\Dev2.Diagnostics.Tests\Dev2.Diagnostics.Tests.csproj]
C:\Program Files\dotnet\sdk\10.0.201\Microsoft.Common.CurrentVersion.targets(2451,5): warning MSB3277:             C:\Users\ultra\warewolf\Dev\Dev2.Runtime\bin\Debug\net8.0\Dev2.Runtime.dll [C:\Users\ultra\warewolf\Dev\Dev2.Diagnostics.Tests\Dev2.Diagnostics.Tests.csproj]
C:\Program Files\dotnet\sdk\10.0.201\Microsoft.Common.CurrentVersion.targets(2451,5): warning MSB3277:             C:\Users\ultra\warewolf\Dev\Dev2.Server\bin\Debug\net8.0\linux-x64\Warewolf Server.dll [C:\Users\ultra\warewolf\Dev\Dev2.Diagnostics.Tests\Dev2.Diagnostics.Tests.csproj]
C:\Program Files\dotnet\sdk\10.0.201\Microsoft.Common.CurrentVersion.targets(2451,5): warning MSB3277:             C:\Users\ultra\warewolf\Dev\Warewolf.Testing\bin\Debug\net8.0\Warewolf.Testing.dll [C:\Users\ultra\warewolf\Dev\Dev2.Diagnostics.Tests\Dev2.Diagnostics.Tests.csproj]
C:\Program Files\dotnet\sdk\10.0.201\Microsoft.Common.CurrentVersion.targets(2451,5): warning MSB3277:             C:\Users\ultra\warewolf\Dev\Dev2.Activities\bin\Debug\net8.0\Dev2.Activities.dll [C:\Users\ultra\warewolf\Dev\Dev2.Diagnostics.Tests\Dev2.Diagnostics.Tests.csproj]
C:\Program Files\dotnet\sdk\10.0.201\Microsoft.Common.CurrentVersion.targets(2451,5): warning MSB3277:             C:\Users\ultra\warewolf\Dev\Dev2.Intellisense\bin\Debug\net8.0\Dev2.Intellisense.dll [C:\Users\ultra\warewolf\Dev\Dev2.Diagnostics.Tests\Dev2.Diagnostics.Tests.csproj]
C:\Program Files\dotnet\sdk\10.0.201\Microsoft.Common.CurrentVersion.targets(2451,5): warning MSB3277:             C:\Users\ultra\warewolf\Dev\Dev2.Runtime.WebServer\bin\Debug\net8.0\Dev2.Runtime.WebServer.dll [C:\Users\ultra\warewolf\Dev\Dev2.Diagnostics.Tests\Dev2.Diagnostics.Tests.csproj]
C:\Program Files\dotnet\sdk\10.0.201\Microsoft.Common.CurrentVersion.targets(2451,5): warning MSB3277:             C:\Users\ultra\warewolf\Dev\Dev2.Scheduler\bin\Debug\net8.0\Dev2.Scheduler.dll [C:\Users\ultra\warewolf\Dev\Dev2.Diagnostics.Tests\Dev2.Diagnostics.Tests.csproj]
C:\Program Files\dotnet\sdk\10.0.201\Microsoft.Common.CurrentVersion.targets(2451,5): warning MSB3277:             C:\Users\ultra\warewolf\Dev\Dev2.Services.Execution\bin\Debug\net8.0\Dev2.Services.Execution.dll [C:\Users\ultra\warewolf\Dev\Dev2.Diagnostics.Tests\Dev2.Diagnostics.Tests.csproj]
C:\Program Files\dotnet\sdk\10.0.201\Microsoft.Common.CurrentVersion.targets(2451,5): warning MSB3277:             C:\Users\ultra\warewolf\Dev\Dev2.Studio.Core\bin\Debug\net8.0\Dev2.Studio.Core.dll [C:\Users\ultra\warewolf\Dev\Dev2.Diagnostics.Tests\Dev2.Diagnostics.Tests.csproj]
C:\Program Files\dotnet\sdk\10.0.201\Microsoft.Common.CurrentVersion.targets(2451,5): warning MSB3277:             C:\Users\ultra\warewolf\Dev\Dev2.Studio.Interfaces\bin\Debug\net8.0\Dev2.Studio.Interfaces.dll [C:\Users\ultra\warewolf\Dev\Dev2.Diagnostics.Tests\Dev2.Diagnostics.Tests.csproj]
C:\Program Files\dotnet\sdk\10.0.201\Microsoft.Common.CurrentVersion.targets(2451,5): warning MSB3277:             C:\Users\ultra\warewolf\Dev\Warewolf.HangfireServer\bin\Debug\net8.0\linux-x64\HangfireServer.dll [C:\Users\ultra\warewolf\Dev\Dev2.Diagnostics.Tests\Dev2.Diagnostics.Tests.csproj]
C:\Program Files\dotnet\sdk\10.0.201\Microsoft.Common.CurrentVersion.targets(2451,5): warning MSB3277:             C:\Users\ultra\warewolf\Dev\Warewolf.QueueWorker\bin\Debug\net8.0\linux-x64\QueueWorker.dll [C:\Users\ultra\warewolf\Dev\Dev2.Diagnostics.Tests\Dev2.Diagnostics.Tests.csproj]
C:\Program Files\dotnet\sdk\10.0.201\Microsoft.Common.CurrentVersion.targets(2451,5): warning MSB3277:             C:\Users\ultra\warewolf\Dev\Warewolf.Auditing\bin\Debug\net8.0\Warewolf.Auditing.dll [C:\Users\ultra\warewolf\Dev\Dev2.Diagnostics.Tests\Dev2.Diagnostics.Tests.csproj]
C:\Program Files\dotnet\sdk\10.0.201\Microsoft.Common.CurrentVersion.targets(2451,5): warning MSB3277:             C:\Users\ultra\warewolf\Dev\Warewolf.Common.Framework48\bin\Debug\net8.0\Warewolf.Common.Framework48.dll [C:\Users\ultra\warewolf\Dev\Dev2.Diagnostics.Tests\Dev2.Diagnostics.Tests.csproj]
C:\Program Files\dotnet\sdk\10.0.201\Microsoft.Common.CurrentVersion.targets(2451,5): warning MSB3277:             C:\Users\ultra\warewolf\Dev\Warewolf.Common.NetStandard20\bin\Debug\net8.0\Warewolf.Common.NetStandard20.dll [C:\Users\ultra\warewolf\Dev\Dev2.Diagnostics.Tests\Dev2.Diagnostics.Tests.csproj]
C:\Program Files\dotnet\sdk\10.0.201\Microsoft.Common.CurrentVersion.targets(2451,5): warning MSB3277:             C:\Users\ultra\warewolf\Dev\Warewolf.Core\bin\Debug\net8.0\Warewolf.Core.dll [C:\Users\ultra\warewolf\Dev\Dev2.Diagnostics.Tests\Dev2.Diagnostics.Tests.csproj]
C:\Program Files\dotnet\sdk\10.0.201\Microsoft.Common.CurrentVersion.targets(2451,5): warning MSB3277:             C:\Users\ultra\warewolf\Dev\Warewolf.Driver.Persistence\bin\Debug\net8.0\Warewolf.Driver.Persistence.dll [C:\Users\ultra\warewolf\Dev\Dev2.Diagnostics.Tests\Dev2.Diagnostics.Tests.csproj]
C:\Program Files\dotnet\sdk\10.0.201\Microsoft.Common.CurrentVersion.targets(2451,5): warning MSB3277:             C:\Users\ultra\warewolf\Dev\Warewolf.Exchange.Email.Wrapper\bin\Debug\net8.0\Warewolf.Exchange.Email.Wrapper.dll [C:\Users\ultra\warewolf\Dev\Dev2.Diagnostics.Tests\Dev2.Diagnostics.Tests.csproj]
C:\Program Files\dotnet\sdk\10.0.201\Microsoft.Common.CurrentVersion.targets(2451,5): warning MSB3277:             C:\Users\ultra\warewolf\Dev\Warewolf.ResourceManagement\bin\Debug\net8.0\Warewolf.ResourceManagement.dll [C:\Users\ultra\warewolf\Dev\Dev2.Diagnostics.Tests\Dev2.Diagnostics.Tests.csproj]
C:\Program Files\dotnet\sdk\10.0.201\Microsoft.Common.CurrentVersion.targets(2451,5): warning MSB3277:             C:\Users\ultra\warewolf\Dev\Warewolf.Studio.Core\bin\Debug\net8.0\Warewolf.Studio.Core.dll [C:\Users\ultra\warewolf\Dev\Dev2.Diagnostics.Tests\Dev2.Diagnostics.Tests.csproj]
C:\Program Files\dotnet\sdk\10.0.201\Microsoft.Common.CurrentVersion.targets(2451,5): warning MSB3277:             C:\Users\ultra\warewolf\Dev\Warewolf.Trigger.Queue\bin\Debug\net8.0\Warewolf.Trigger.Queue.dll [C:\Users\ultra\warewolf\Dev\Dev2.Diagnostics.Tests\Dev2.Diagnostics.Tests.csproj]
C:\Program Files\dotnet\sdk\10.0.201\Microsoft.Common.CurrentVersion.targets(2451,5): warning MSB3277:             C:\Users\ultra\warewolf\Dev\Warewolf.UI\bin\Debug\net8.0\Warewolf.UI.dll [C:\Users\ultra\warewolf\Dev\Dev2.Diagnostics.Tests\Dev2.Diagnostics.Tests.csproj]
C:\Program Files\dotnet\sdk\10.0.201\Microsoft.Common.CurrentVersion.targets(2451,5): warning MSB3277:             C:\Users\ultra\warewolf\Dev\Warewolf.Logger\bin\Debug\net8.0\linux-x64\WarewolfLogger.dll [C:\Users\ultra\warewolf\Dev\Dev2.Diagnostics.Tests\Dev2.Diagnostics.Tests.csproj]
C:\Program Files\dotnet\sdk\10.0.201\Microsoft.Common.CurrentVersion.targets(2451,5): warning MSB3277:             C:\Users\ultra\.nuget\packages\dotnetzip\1.16.0\lib\netstandard2.0\DotNetZip.dll [C:\Users\ultra\warewolf\Dev\Dev2.Diagnostics.Tests\Dev2.Diagnostics.Tests.csproj]
C:\Program Files\dotnet\sdk\10.0.201\Microsoft.Common.CurrentVersion.targets(2451,5): warning MSB3277:             C:\Users\ultra\warewolf\Dev\Dev2.Common\bin\Debug\net8.0\Dev2.Common.dll [C:\Users\ultra\warewolf\Dev\Dev2.Diagnostics.Tests\Dev2.Diagnostics.Tests.csproj]
C:\Program Files\dotnet\sdk\10.0.201\Microsoft.Common.CurrentVersion.targets(2451,5): warning MSB3277:             C:\Users\ultra\warewolf\Dev\Dev2.Diagnostics\bin\Debug\net8.0\Dev2.Diagnostics.dll [C:\Users\ultra\warewolf\Dev\Dev2.Diagnostics.Tests\Dev2.Diagnostics.Tests.csproj]
C:\Program Files\dotnet\sdk\10.0.201\Microsoft.Common.CurrentVersion.targets(2451,5): warning MSB3277:             C:\Users\ultra\warewolf\Dev\Dev2.Infrastructure\bin\Debug\net8.0\Dev2.Infrastructure.dll [C:\Users\ultra\warewolf\Dev\Dev2.Diagnostics.Tests\Dev2.Diagnostics.Tests.csproj]
C:\Program Files\dotnet\sdk\10.0.201\Microsoft.Common.CurrentVersion.targets(2451,5): warning MSB3277:             C:\Users\ultra\warewolf\Dev\Dev2.Data.Interfaces\bin\Debug\net8.0\Dev2.Data.Interfaces.dll [C:\Users\ultra\warewolf\Dev\Dev2.Diagnostics.Tests\Dev2.Diagnostics.Tests.csproj]
C:\Program Files\dotnet\sdk\10.0.201\Microsoft.Common.CurrentVersion.targets(2451,5): warning MSB3277:             C:\Users\ultra\warewolf\Dev\Dev2.Development.Languages\bin\Debug\net8.0\Dev2.Development.Languages.dll [C:\Users\ultra\warewolf\Dev\Dev2.Diagnostics.Tests\Dev2.Diagnostics.Tests.csproj]
C:\Program Files\dotnet\sdk\10.0.201\Microsoft.Common.CurrentVersion.targets(2451,5): warning MSB3277:             C:\Users\ultra\warewolf\Dev\Dev2.Services.Sql\bin\Debug\net8.0\Dev2.Services.Sql.dll [C:\Users\ultra\warewolf\Dev\Dev2.Diagnostics.Tests\Dev2.Diagnostics.Tests.csproj]
C:\Program Files\dotnet\sdk\10.0.201\Microsoft.Common.CurrentVersion.targets(2451,5): warning MSB3277:             C:\Users\ultra\warewolf\Dev\Dev2.TaskScheduler.Wrappers\bin\Debug\net8.0\Dev2.TaskScheduler.Wrappers.dll [C:\Users\ultra\warewolf\Dev\Dev2.Diagnostics.Tests\Dev2.Diagnostics.Tests.csproj]
C:\Program Files\dotnet\sdk\10.0.201\Microsoft.Common.CurrentVersion.targets(2451,5): warning MSB3277:             C:\Users\ultra\warewolf\Dev\Dev2.Util\bin\Debug\net8.0\Dev2.Util.dll [C:\Users\ultra\warewolf\Dev\Dev2.Diagnostics.Tests\Dev2.Diagnostics.Tests.csproj]
C:\Program Files\dotnet\sdk\10.0.201\Microsoft.Common.CurrentVersion.targets(2451,5): warning MSB3277:             C:\Users\ultra\warewolf\Dev\Warewolf.AI.Harness\bin\Debug\net8.0\Warewolf.AI.Harness.dll [C:\Users\ultra\warewolf\Dev\Dev2.Diagnostics.Tests\Dev2.Diagnostics.Tests.csproj]
C:\Program Files\dotnet\sdk\10.0.201\Microsoft.Common.CurrentVersion.targets(2451,5): warning MSB3277:             C:\Users\ultra\warewolf\Dev\Warewolf.Driver.Serilog\bin\Debug\net8.0\Warewolf.Driver.Serilog.dll [C:\Users\ultra\warewolf\Dev\Dev2.Diagnostics.Tests\Dev2.Diagnostics.Tests.csproj]
C:\Program Files\dotnet\sdk\10.0.201\Microsoft.Common.CurrentVersion.targets(2451,5): warning MSB3277:             C:\Users\ultra\warewolf\Dev\Warewolf.PerfMon\bin\Debug\net8.0\linux-x64\Warewolf.PerfMon.dll [C:\Users\ultra\warewolf\Dev\Dev2.Diagnostics.Tests\Dev2.Diagnostics.Tests.csproj]
C:\Program Files\dotnet\sdk\10.0.201\Microsoft.Common.CurrentVersion.targets(2451,5): warning MSB3277:             C:\Users\ultra\warewolf\Dev\Warewolf.Sharepoint\bin\Debug\net8.0\Warewolf.Sharepoint.dll [C:\Users\ultra\warewolf\Dev\Dev2.Diagnostics.Tests\Dev2.Diagnostics.Tests.csproj]
C:\Program Files\dotnet\sdk\10.0.201\Microsoft.Common.CurrentVersion.targets(2451,5): warning MSB3277:             C:\Users\ultra\warewolf\Dev\Warewolf.Storage\bin\Debug\net8.0\Warewolf.Storage.dll [C:\Users\ultra\warewolf\Dev\Dev2.Diagnostics.Tests\Dev2.Diagnostics.Tests.csproj]
C:\Program Files\dotnet\sdk\10.0.201\Microsoft.Common.CurrentVersion.targets(2451,5): warning MSB3277:             C:\Users\ultra\.nuget\packages\mindbox.data.linq\5.0.0\lib\netstandard2.0\Mindbox.Data.Linq.dll [C:\Users\ultra\warewolf\Dev\Dev2.Diagnostics.Tests\Dev2.Diagnostics.Tests.csproj]
C:\Program Files\dotnet\sdk\10.0.201\Microsoft.Common.CurrentVersion.targets(2451,5): warning MSB3277:             C:\Users\ultra\.nuget\packages\mysql.data\8.4.0\lib\net8.0\MySql.Data.dll [C:\Users\ultra\warewolf\Dev\Dev2.Diagnostics.Tests\Dev2.Diagnostics.Tests.csproj]
C:\Program Files\dotnet\sdk\10.0.201\Microsoft.Common.CurrentVersion.targets(2451,5): warning MSB3277:             C:\Users\ultra\.nuget\packages\oracle.manageddataaccess.core\3.21.70\lib\netstandard2.1\Oracle.ManagedDataAccess.dll [C:\Users\ultra\warewolf\Dev\Dev2.Diagnostics.Tests\Dev2.Diagnostics.Tests.csproj]
C:\Program Files\dotnet\sdk\10.0.201\Microsoft.Common.CurrentVersion.targets(2451,5): warning MSB3277:             C:\Users\ultra\.nuget\packages\system.directoryservices\6.0.0\lib\net6.0\System.DirectoryServices.dll [C:\Users\ultra\warewolf\Dev\Dev2.Diagnostics.Tests\Dev2.Diagnostics.Tests.csproj]
C:\Program Files\dotnet\sdk\10.0.201\Microsoft.Common.CurrentVersion.targets(2451,5): warning MSB3277:             C:\Users\ultra\.nuget\packages\corewcf.primitives\1.2.1\lib\netstandard2.0\CoreWCF.Primitives.dll [C:\Users\ultra\warewolf\Dev\Dev2.Diagnostics.Tests\Dev2.Diagnostics.Tests.csproj]
C:\Program Files\dotnet\sdk\10.0.201\Microsoft.Common.CurrentVersion.targets(2451,5): warning MSB3277:             C:\Users\ultra\.nuget\packages\corewcf.http\1.2.1\lib\netstandard2.0\CoreWCF.Http.dll [C:\Users\ultra\warewolf\Dev\Dev2.Diagnostics.Tests\Dev2.Diagnostics.Tests.csproj]
C:\Program Files\dotnet\sdk\10.0.201\Microsoft.Common.CurrentVersion.targets(2451,5): warning MSB3277:             C:\Users\ultra\.nuget\packages\corewcf.nettcp\1.2.1\lib\netstandard2.0\CoreWCF.NetTcp.dll [C:\Users\ultra\warewolf\Dev\Dev2.Diagnostics.Tests\Dev2.Diagnostics.Tests.csproj]
C:\Program Files\dotnet\sdk\10.0.201\Microsoft.Common.CurrentVersion.targets(2451,5): warning MSB3277:             C:\Users\ultra\.nuget\packages\corewcf.webhttp\1.2.1\lib\netstandard2.0\CoreWCF.WebHttp.dll [C:\Users\ultra\warewolf\Dev\Dev2.Diagnostics.Tests\Dev2.Diagnostics.Tests.csproj]
C:\Program Files\dotnet\sdk\10.0.201\Microsoft.Common.CurrentVersion.targets(2451,5): warning MSB3277:             C:\Program Files\dotnet\packs\Microsoft.NETCore.App.Ref\8.0.25\ref/net8.0/System.Configuration.dll [C:\Users\ultra\warewolf\Dev\Dev2.Diagnostics.Tests\Dev2.Diagnostics.Tests.csproj]
C:\Program Files\dotnet\sdk\10.0.201\Microsoft.Common.CurrentVersion.targets(2451,5): warning MSB3277:             C:\Users\ultra\.nuget\packages\prism.wpf\9.0.537\lib\net462\Prism.Wpf.dll [C:\Users\ultra\warewolf\Dev\Dev2.Diagnostics.Tests\Dev2.Diagnostics.Tests.csproj]
C:\Program Files\dotnet\sdk\10.0.201\Microsoft.Common.CurrentVersion.targets(2451,5): warning MSB3277:             C:\Program Files\dotnet\packs\Microsoft.NETCore.App.Ref\8.0.25\ref/net8.0/System.Data.dll [C:\Users\ultra\warewolf\Dev\Dev2.Diagnostics.Tests\Dev2.Diagnostics.Tests.csproj]
C:\Program Files\dotnet\sdk\10.0.201\Microsoft.Common.CurrentVersion.targets(2451,5): warning MSB3277:             C:\Users\ultra\.nuget\packages\taskschedulereditor\2.10.1\lib\net452\Microsoft.Win32.TaskSchedulerEditor.dll [C:\Users\ultra\warewolf\Dev\Dev2.Diagnostics.Tests\Dev2.Diagnostics.Tests.csproj]
C:\Program Files\dotnet\sdk\10.0.201\Microsoft.Common.CurrentVersion.targets(2451,5): warning MSB3277:             C:\Program Files\dotnet\packs\Microsoft.NETCore.App.Ref\8.0.25\ref/net8.0/System.Drawing.dll [C:\Users\ultra\warewolf\Dev\Dev2.Diagnostics.Tests\Dev2.Diagnostics.Tests.csproj]
C:\Program Files\dotnet\sdk\10.0.201\Microsoft.Common.CurrentVersion.targets(2451,5): warning MSB3277:             C:\Users\ultra\.nuget\packages\aerowizard\2.3.1\lib\net45\AeroWizard.dll [C:\Users\ultra\warewolf\Dev\Dev2.Diagnostics.Tests\Dev2.Diagnostics.Tests.csproj]
C:\Program Files\dotnet\sdk\10.0.201\Microsoft.Common.CurrentVersion.targets(2451,5): warning MSB3277:             C:\Users\ultra\.nuget\packages\groupcontrols\1.9.0\lib\net45\GroupControls.dll [C:\Users\ultra\warewolf\Dev\Dev2.Diagnostics.Tests\Dev2.Diagnostics.Tests.csproj]
C:\Program Files\dotnet\sdk\10.0.201\Microsoft.Common.CurrentVersion.targets(2451,5): warning MSB3277:             C:\Program Files\dotnet\packs\Microsoft.NETCore.App.Ref\8.0.25\ref/net8.0/System.Net.dll [C:\Users\ultra\warewolf\Dev\Dev2.Diagnostics.Tests\Dev2.Diagnostics.Tests.csproj]
C:\Program Files\dotnet\sdk\10.0.201\Microsoft.Common.CurrentVersion.targets(2451,5): warning MSB3277:             C:\Program Files\dotnet\packs\Microsoft.NETCore.App.Ref\8.0.25\ref/net8.0/System.Security.dll [C:\Users\ultra\warewolf\Dev\Dev2.Diagnostics.Tests\Dev2.Diagnostics.Tests.csproj]
C:\Program Files\dotnet\sdk\10.0.201\Microsoft.Common.CurrentVersion.targets(2451,5): warning MSB3277:             C:\Program Files\dotnet\packs\Microsoft.NETCore.App.Ref\8.0.25\ref/net8.0/System.ServiceProcess.dll [C:\Users\ultra\warewolf\Dev\Dev2.Diagnostics.Tests\Dev2.Diagnostics.Tests.csproj]
C:\Program Files\dotnet\sdk\10.0.201\Microsoft.Common.CurrentVersion.targets(2451,5): warning MSB3277:             C:\Program Files\dotnet\packs\Microsoft.NETCore.App.Ref\8.0.25\ref/net8.0/System.Transactions.dll [C:\Users\ultra\warewolf\Dev\Dev2.Diagnostics.Tests\Dev2.Diagnostics.Tests.csproj]
C:\Program Files\dotnet\sdk\10.0.201\Microsoft.Common.CurrentVersion.targets(2451,5): warning MSB3277:             C:\Program Files\dotnet\packs\Microsoft.NETCore.App.Ref\8.0.25\ref/net8.0/System.dll [C:\Users\ultra\warewolf\Dev\Dev2.Diagnostics.Tests\Dev2.Diagnostics.Tests.csproj]
C:\Program Files\dotnet\sdk\10.0.201\Microsoft.Common.CurrentVersion.targets(2451,5): warning MSB3277:             C:\Users\ultra\.nuget\packages\microsoft.xaml.behaviors.wpf\1.1.122\lib\net462\Microsoft.Xaml.Behaviors.dll [C:\Users\ultra\warewolf\Dev\Dev2.Diagnostics.Tests\Dev2.Diagnostics.Tests.csproj]
C:\Program Files\dotnet\sdk\10.0.201\Microsoft.Common.CurrentVersion.targets(2451,5): warning MSB3277:             C:\Users\ultra\.nuget\packages\caliburn.micro\4.0.212\lib\netcoreapp3.1\Caliburn.Micro.Platform.dll [C:\Users\ultra\warewolf\Dev\Dev2.Diagnostics.Tests\Dev2.Diagnostics.Tests.csproj]
C:\Program Files\dotnet\sdk\10.0.201\Microsoft.Common.CurrentVersion.targets(2451,5): warning MSB3277:             C:\Users\ultra\.nuget\packages\reactiveui.wpf\18.4.1\lib\net462\ReactiveUI.Wpf.dll [C:\Users\ultra\warewolf\Dev\Dev2.Diagnostics.Tests\Dev2.Diagnostics.Tests.csproj]
C:\Program Files\dotnet\sdk\10.0.201\Microsoft.Common.CurrentVersion.targets(2451,5): warning MSB3277:             C:\Users\ultra\.nuget\packages\ttcue.netcore.sharepointonline.csom.16.1.8029.1200\16.1.8029.1200\lib\netcoreapp2.0\Microsoft.SharePoint.Client.Runtime.Windows.dll [C:\Users\ultra\warewolf\Dev\Dev2.Diagnostics.Tests\Dev2.Diagnostics.Tests.csproj]
C:\Program Files\dotnet\sdk\10.0.201\Microsoft.Common.CurrentVersion.targets(2451,5): warning MSB3277:             C:\Program Files\dotnet\packs\Microsoft.NETCore.App.Ref\8.0.25\ref/net8.0/WindowsBase.dll [C:\Users\ultra\warewolf\Dev\Dev2.Diagnostics.Tests\Dev2.Diagnostics.Tests.csproj]
C:\Program Files\dotnet\sdk\10.0.201\Microsoft.Common.CurrentVersion.targets(2451,5): warning MSB3277:             C:\Program Files\dotnet\packs\Microsoft.NETCore.App.Ref\8.0.25\ref/net8.0/mscorlib.dll [C:\Users\ultra\warewolf\Dev\Dev2.Diagnostics.Tests\Dev2.Diagnostics.Tests.csproj]
C:\Program Files\dotnet\sdk\10.0.201\Microsoft.Common.CurrentVersion.targets(2451,5): warning MSB3277:             C:\Users\ultra\.nuget\packages\hangfire.core\1.7.32\lib\netstandard2.0\Hangfire.Core.dll [C:\Users\ultra\warewolf\Dev\Dev2.Diagnostics.Tests\Dev2.Diagnostics.Tests.csproj]
C:\Program Files\dotnet\sdk\10.0.201\Microsoft.Common.CurrentVersion.targets(2451,5): warning MSB3277:             C:\Users\ultra\.nuget\packages\hangfire.aspnetcore\1.7.32\lib\netcoreapp3.0\Hangfire.AspNetCore.dll [C:\Users\ultra\warewolf\Dev\Dev2.Diagnostics.Tests\Dev2.Diagnostics.Tests.csproj]
C:\Program Files\dotnet\sdk\10.0.201\Microsoft.Common.CurrentVersion.targets(2451,5): warning MSB3277:             C:\Users\ultra\.nuget\packages\hangfire.sqlserver\1.7.32\lib\netstandard2.0\Hangfire.SqlServer.dll [C:\Users\ultra\warewolf\Dev\Dev2.Diagnostics.Tests\Dev2.Diagnostics.Tests.csproj]
C:\Program Files\dotnet\sdk\10.0.201\Microsoft.Common.CurrentVersion.targets(2451,5): warning MSB3277:             C:\Users\ultra\.nuget\packages\microsoft.codecoverage\17.13.0\lib\netcoreapp3.1\Microsoft.VisualStudio.CodeCoverage.Shim.dll [C:\Users\ultra\warewolf\Dev\Dev2.Diagnostics.Tests\Dev2.Diagnostics.Tests.csproj]
C:\Program Files\dotnet\sdk\10.0.201\Microsoft.Common.CurrentVersion.targets(2451,5): warning MSB3277:         C:\Program Files\dotnet\packs\Microsoft.NETCore.App.Ref\8.0.25\ref\net8.0\System.Drawing.dll [C:\Users\ultra\warewolf\Dev\Dev2.Diagnostics.Tests\Dev2.Diagnostics.Tests.csproj]
C:\Program Files\dotnet\sdk\10.0.201\Microsoft.Common.CurrentVersion.targets(2451,5): warning MSB3277:           Project file item includes which caused reference "C:\Program Files\dotnet\packs\Microsoft.NETCore.App.Ref\8.0.25\ref\net8.0\System.Drawing.dll". [C:\Users\ultra\warewolf\Dev\Dev2.Diagnostics.Tests\Dev2.Diagnostics.Tests.csproj]
C:\Program Files\dotnet\sdk\10.0.201\Microsoft.Common.CurrentVersion.targets(2451,5): warning MSB3277:             C:\Program Files\dotnet\packs\Microsoft.NETCore.App.Ref\8.0.25\ref/net8.0/System.Drawing.dll [C:\Users\ultra\warewolf\Dev\Dev2.Diagnostics.Tests\Dev2.Diagnostics.Tests.csproj]
C:\Program Files\dotnet\sdk\10.0.201\Microsoft.Common.CurrentVersion.targets(2451,5): warning MSB3277:             C:\Users\ultra\.nuget\packages\aerowizard\2.3.1\lib\net45\AeroWizard.dll [C:\Users\ultra\warewolf\Dev\Dev2.Diagnostics.Tests\Dev2.Diagnostics.Tests.csproj]
C:\Program Files\dotnet\sdk\10.0.201\Microsoft.Common.CurrentVersion.targets(2451,5): warning MSB3277:             C:\Users\ultra\.nuget\packages\groupcontrols\1.9.0\lib\net45\GroupControls.dll [C:\Users\ultra\warewolf\Dev\Dev2.Diagnostics.Tests\Dev2.Diagnostics.Tests.csproj]
C:\Program Files\dotnet\sdk\10.0.201\Microsoft.Common.CurrentVersion.targets(2451,5): warning MSB3277:             C:\Users\ultra\.nuget\packages\taskschedulereditor\2.10.1\lib\net452\Microsoft.Win32.TaskSchedulerEditor.dll [C:\Users\ultra\warewolf\Dev\Dev2.Diagnostics.Tests\Dev2.Diagnostics.Tests.csproj]
C:\Users\ultra\warewolf\Dev\Dev2.Diagnostics.Tests\PerfCountersOpsTests.cs(27,21): warning CA1416: This call site is reachable on all platforms. 'PerformanceCounterCategory.Delete(string)' is only supported on: 'windows'. (https://learn.microsoft.com/dotnet/fundamentals/code-analysis/quality-rules/ca1416) [C:\Users\ultra\warewolf\Dev\Dev2.Diagnostics.Tests\Dev2.Diagnostics.Tests.csproj]
C:\Users\ultra\warewolf\Dev\Dev2.Diagnostics.Tests\TestExecutionContainer.cs(31,17): warning CA1416: This call site is reachable on all platforms. 'PerformanceCounterCategory.Delete(string)' is only supported on: 'windows'. (https://learn.microsoft.com/dotnet/fundamentals/code-analysis/quality-rules/ca1416) [C:\Users\ultra\warewolf\Dev\Dev2.Diagnostics.Tests\Dev2.Diagnostics.Tests.csproj]
C:\Users\ultra\warewolf\Dev\Dev2.Diagnostics.Tests\TestPerfCounterManager.cs(24,21): warning CA1416: This call site is reachable on all platforms. 'PerformanceCounterCategory.Delete(string)' is only supported on: 'windows'. (https://learn.microsoft.com/dotnet/fundamentals/code-analysis/quality-rules/ca1416) [C:\Users\ultra\warewolf\Dev\Dev2.Diagnostics.Tests\Dev2.Diagnostics.Tests.csproj]
C:\Users\ultra\warewolf\Dev\Dev2.Diagnostics.Tests\PerfCountersOpsTests.cs(26,21): warning CA1416: This call site is reachable on all platforms. 'PerformanceCounterCategory.Delete(string)' is only supported on: 'windows'. (https://learn.microsoft.com/dotnet/fundamentals/code-analysis/quality-rules/ca1416) [C:\Users\ultra\warewolf\Dev\Dev2.Diagnostics.Tests\Dev2.Diagnostics.Tests.csproj]
C:\Users\ultra\warewolf\Dev\Dev2.Diagnostics.Tests\PerfCounterBuilderTest.cs(25,17): warning CA1416: This call site is reachable on all platforms. 'PerformanceCounterCategory.Delete(string)' is only supported on: 'windows'. (https://learn.microsoft.com/dotnet/fundamentals/code-analysis/quality-rules/ca1416) [C:\Users\ultra\warewolf\Dev\Dev2.Diagnostics.Tests\Dev2.Diagnostics.Tests.csproj]
C:\Users\ultra\warewolf\Dev\Dev2.Diagnostics.Tests\PerfCounterBuilderTest.cs(88,17): warning CA1416: This call site is reachable on all platforms. 'PerformanceCounterCategory.Delete(string)' is only supported on: 'windows'. (https://learn.microsoft.com/dotnet/fundamentals/code-analysis/quality-rules/ca1416) [C:\Users\ultra\warewolf\Dev\Dev2.Diagnostics.Tests\Dev2.Diagnostics.Tests.csproj]
  Dev2.Diagnostics.Tests -> C:\Users\ultra\warewolf\Dev\Dev2.Diagnostics.Tests\bin\Debug\net8.0\linux-x64\Dev2.Diagnostics.Tests.dll
  Dev2.Diagnostics.Tests -> C:\Users\ultra\warewolf\Bin\ServerTests-Linux\Dev2.Diagnostics.Tests\
Publishing Dev2.Infrastructure.Tests for linux-x64...
  Determining projects to restore...
C:\Users\ultra\warewolf\Dev\Warewolf.Language.Parser\Warewolf.Language.Parser.fsproj : warning NU1504: Duplicate 'PackageReference' items found. Remove the duplicate items or use the Update functionality to ensure a consistent restore behavior. The duplicate 'PackageReference' items are: FSharp.Core 10.1.201, FSharp.Core 4.6.2.
C:\Users\ultra\warewolf\Dev\Dev2.Development.Languages\Dev2.Development.Languages.csproj : warning NU1701: Package 'AeroWizard 2.3.1' was restored using '.NETFramework,Version=v4.6.1, .NETFramework,Version=v4.6.2, .NETFramework,Version=v4.7, .NETFramework,Version=v4.7.1, .NETFramework,Version=v4.7.2, .NETFramework,Version=v4.8, .NETFramework,Version=v4.8.1' instead of the project target framework 'net8.0'. This package may not be fully compatible with your project. [C:\Users\ultra\warewolf\Dev\Dev2.Infrastructure.Tests\Dev2.Infrastructure.Tests.csproj]
C:\Users\ultra\warewolf\Dev\Dev2.Infrastructure.Tests\Dev2.Infrastructure.Tests.csproj : warning NU1701: Package 'AeroWizard 2.3.1' was restored using '.NETFramework,Version=v4.6.1, .NETFramework,Version=v4.6.2, .NETFramework,Version=v4.7, .NETFramework,Version=v4.7.1, .NETFramework,Version=v4.7.2, .NETFramework,Version=v4.8, .NETFramework,Version=v4.8.1' instead of the project target framework 'net8.0'. This package may not be fully compatible with your project.
C:\Users\ultra\warewolf\Dev\Dev2.Data.Interfaces\Dev2.Data.Interfaces.csproj : warning NU1903: Package 'DotNetZip' 1.16.0 has a known high severity vulnerability, https://github.com/advisories/GHSA-xhg6-9j5j-w4vf [C:\Users\ultra\warewolf\Dev\Dev2.Infrastructure.Tests\Dev2.Infrastructure.Tests.csproj]
C:\Users\ultra\warewolf\Dev\Dev2.Services.Execution\Dev2.Services.Execution.csproj : warning NU1701: Package 'AeroWizard 2.3.1' was restored using '.NETFramework,Version=v4.6.1, .NETFramework,Version=v4.6.2, .NETFramework,Version=v4.7, .NETFramework,Version=v4.7.1, .NETFramework,Version=v4.7.2, .NETFramework,Version=v4.8, .NETFramework,Version=v4.8.1' instead of the project target framework 'net8.0'. This package may not be fully compatible with your project. [C:\Users\ultra\warewolf\Dev\Dev2.Infrastructure.Tests\Dev2.Infrastructure.Tests.csproj]
C:\Users\ultra\warewolf\Dev\Warewolf.Studio.Core\Warewolf.Studio.Core.csproj : warning NU1701: Package 'AeroWizard 2.3.1' was restored using '.NETFramework,Version=v4.6.1, .NETFramework,Version=v4.6.2, .NETFramework,Version=v4.7, .NETFramework,Version=v4.7.1, .NETFramework,Version=v4.7.2, .NETFramework,Version=v4.8, .NETFramework,Version=v4.8.1' instead of the project target framework 'net8.0'. This package may not be fully compatible with your project. [C:\Users\ultra\warewolf\Dev\Dev2.Infrastructure.Tests\Dev2.Infrastructure.Tests.csproj]
C:\Users\ultra\warewolf\Dev\Dev2.Scheduler\Dev2.Scheduler.csproj : warning NU1701: Package 'AeroWizard 2.3.1' was restored using '.NETFramework,Version=v4.6.1, .NETFramework,Version=v4.6.2, .NETFramework,Version=v4.7, .NETFramework,Version=v4.7.1, .NETFramework,Version=v4.7.2, .NETFramework,Version=v4.8, .NETFramework,Version=v4.8.1' instead of the project target framework 'net8.0'. This package may not be fully compatible with your project. [C:\Users\ultra\warewolf\Dev\Dev2.Infrastructure.Tests\Dev2.Infrastructure.Tests.csproj]
C:\Users\ultra\warewolf\Dev\Dev2.Infrastructure.Tests\Dev2.Infrastructure.Tests.csproj : warning NU1701: Package 'GroupControls 1.9.0' was restored using '.NETFramework,Version=v4.6.1, .NETFramework,Version=v4.6.2, .NETFramework,Version=v4.7, .NETFramework,Version=v4.7.1, .NETFramework,Version=v4.7.2, .NETFramework,Version=v4.8, .NETFramework,Version=v4.8.1' instead of the project target framework 'net8.0'. This package may not be fully compatible with your project.
C:\Users\ultra\warewolf\Dev\Dev2.Diagnostics\Dev2.Diagnostics.csproj : warning NU1701: Package 'AeroWizard 2.3.1' was restored using '.NETFramework,Version=v4.6.1, .NETFramework,Version=v4.6.2, .NETFramework,Version=v4.7, .NETFramework,Version=v4.7.1, .NETFramework,Version=v4.7.2, .NETFramework,Version=v4.8, .NETFramework,Version=v4.8.1' instead of the project target framework 'net8.0'. This package may not be fully compatible with your project. [C:\Users\ultra\warewolf\Dev\Dev2.Infrastructure.Tests\Dev2.Infrastructure.Tests.csproj]
C:\Users\ultra\warewolf\Dev\Dev2.Development.Languages\Dev2.Development.Languages.csproj : warning NU1701: Package 'GroupControls 1.9.0' was restored using '.NETFramework,Version=v4.6.1, .NETFramework,Version=v4.6.2, .NETFramework,Version=v4.7, .NETFramework,Version=v4.7.1, .NETFramework,Version=v4.7.2, .NETFramework,Version=v4.8, .NETFramework,Version=v4.8.1' instead of the project target framework 'net8.0'. This package may not be fully compatible with your project. [C:\Users\ultra\warewolf\Dev\Dev2.Infrastructure.Tests\Dev2.Infrastructure.Tests.csproj]
C:\Users\ultra\warewolf\Dev\Dev2.Services.Execution\Dev2.Services.Execution.csproj : warning NU1701: Package 'GroupControls 1.9.0' was restored using '.NETFramework,Version=v4.6.1, .NETFramework,Version=v4.6.2, .NETFramework,Version=v4.7, .NETFramework,Version=v4.7.1, .NETFramework,Version=v4.7.2, .NETFramework,Version=v4.8, .NETFramework,Version=v4.8.1' instead of the project target framework 'net8.0'. This package may not be fully compatible with your project. [C:\Users\ultra\warewolf\Dev\Dev2.Infrastructure.Tests\Dev2.Infrastructure.Tests.csproj]
C:\Users\ultra\warewolf\Dev\Warewolf.Studio.Core\Warewolf.Studio.Core.csproj : warning NU1701: Package 'GroupControls 1.9.0' was restored using '.NETFramework,Version=v4.6.1, .NETFramework,Version=v4.6.2, .NETFramework,Version=v4.7, .NETFramework,Version=v4.7.1, .NETFramework,Version=v4.7.2, .NETFramework,Version=v4.8, .NETFramework,Version=v4.8.1' instead of the project target framework 'net8.0'. This package may not be fully compatible with your project. [C:\Users\ultra\warewolf\Dev\Dev2.Infrastructure.Tests\Dev2.Infrastructure.Tests.csproj]
C:\Users\ultra\warewolf\Dev\Dev2.Infrastructure.Tests\Dev2.Infrastructure.Tests.csproj : warning NU1701: Package 'Microsoft.Xaml.Behaviors.Wpf 1.1.122' was restored using '.NETFramework,Version=v4.6.1, .NETFramework,Version=v4.6.2, .NETFramework,Version=v4.7, .NETFramework,Version=v4.7.1, .NETFramework,Version=v4.7.2, .NETFramework,Version=v4.8, .NETFramework,Version=v4.8.1' instead of the project target framework 'net8.0'. This package may not be fully compatible with your project.
C:\Users\ultra\warewolf\Dev\Dev2.Data.Interfaces\Dev2.Data.Interfaces.csproj : warning NU1701: Package 'AeroWizard 2.3.1' was restored using '.NETFramework,Version=v4.6.1, .NETFramework,Version=v4.6.2, .NETFramework,Version=v4.7, .NETFramework,Version=v4.7.1, .NETFramework,Version=v4.7.2, .NETFramework,Version=v4.8, .NETFramework,Version=v4.8.1' instead of the project target framework 'net8.0'. This package may not be fully compatible with your project. [C:\Users\ultra\warewolf\Dev\Dev2.Infrastructure.Tests\Dev2.Infrastructure.Tests.csproj]
C:\Users\ultra\warewolf\Dev\Dev2.Scheduler\Dev2.Scheduler.csproj : warning NU1701: Package 'GroupControls 1.9.0' was restored using '.NETFramework,Version=v4.6.1, .NETFramework,Version=v4.6.2, .NETFramework,Version=v4.7, .NETFramework,Version=v4.7.1, .NETFramework,Version=v4.7.2, .NETFramework,Version=v4.8, .NETFramework,Version=v4.8.1' instead of the project target framework 'net8.0'. This package may not be fully compatible with your project. [C:\Users\ultra\warewolf\Dev\Dev2.Infrastructure.Tests\Dev2.Infrastructure.Tests.csproj]
C:\Users\ultra\warewolf\Dev\Dev2.Services.Execution\Dev2.Services.Execution.csproj : warning NU1701: Package 'ReactiveUI.WPF 18.4.1' was restored using '.NETFramework,Version=v4.6.1, .NETFramework,Version=v4.6.2, .NETFramework,Version=v4.7, .NETFramework,Version=v4.7.1, .NETFramework,Version=v4.7.2, .NETFramework,Version=v4.8, .NETFramework,Version=v4.8.1' instead of the project target framework 'net8.0'. This package may not be fully compatible with your project. [C:\Users\ultra\warewolf\Dev\Dev2.Infrastructure.Tests\Dev2.Infrastructure.Tests.csproj]
C:\Users\ultra\warewolf\Dev\Warewolf.Studio.Core\Warewolf.Studio.Core.csproj : warning NU1701: Package 'Microsoft.Xaml.Behaviors.Wpf 1.1.122' was restored using '.NETFramework,Version=v4.6.1, .NETFramework,Version=v4.6.2, .NETFramework,Version=v4.7, .NETFramework,Version=v4.7.1, .NETFramework,Version=v4.7.2, .NETFramework,Version=v4.8, .NETFramework,Version=v4.8.1' instead of the project target framework 'net8.0'. This package may not be fully compatible with your project. [C:\Users\ultra\warewolf\Dev\Dev2.Infrastructure.Tests\Dev2.Infrastructure.Tests.csproj]
C:\Users\ultra\warewolf\Dev\Dev2.Infrastructure.Tests\Dev2.Infrastructure.Tests.csproj : warning NU1701: Package 'Prism.Wpf 9.0.537' was restored using '.NETFramework,Version=v4.6.1, .NETFramework,Version=v4.6.2, .NETFramework,Version=v4.7, .NETFramework,Version=v4.7.1, .NETFramework,Version=v4.7.2, .NETFramework,Version=v4.8, .NETFramework,Version=v4.8.1' instead of the project target framework 'net8.0'. This package may not be fully compatible with your project.
C:\Users\ultra\warewolf\Dev\Dev2.Development.Languages\Dev2.Development.Languages.csproj : warning NU1701: Package 'TaskSchedulerEditor 2.10.1' was restored using '.NETFramework,Version=v4.6.1, .NETFramework,Version=v4.6.2, .NETFramework,Version=v4.7, .NETFramework,Version=v4.7.1, .NETFramework,Version=v4.7.2, .NETFramework,Version=v4.8, .NETFramework,Version=v4.8.1' instead of the project target framework 'net8.0'. This package may not be fully compatible with your project. [C:\Users\ultra\warewolf\Dev\Dev2.Infrastructure.Tests\Dev2.Infrastructure.Tests.csproj]
C:\Users\ultra\warewolf\Dev\Dev2.Services.Execution\Dev2.Services.Execution.csproj : warning NU1701: Package 'TaskSchedulerEditor 2.10.1' was restored using '.NETFramework,Version=v4.6.1, .NETFramework,Version=v4.6.2, .NETFramework,Version=v4.7, .NETFramework,Version=v4.7.1, .NETFramework,Version=v4.7.2, .NETFramework,Version=v4.8, .NETFramework,Version=v4.8.1' instead of the project target framework 'net8.0'. This package may not be fully compatible with your project. [C:\Users\ultra\warewolf\Dev\Dev2.Infrastructure.Tests\Dev2.Infrastructure.Tests.csproj]
C:\Users\ultra\warewolf\Dev\Dev2.Diagnostics\Dev2.Diagnostics.csproj : warning NU1701: Package 'GroupControls 1.9.0' was restored using '.NETFramework,Version=v4.6.1, .NETFramework,Version=v4.6.2, .NETFramework,Version=v4.7, .NETFramework,Version=v4.7.1, .NETFramework,Version=v4.7.2, .NETFramework,Version=v4.8, .NETFramework,Version=v4.8.1' instead of the project target framework 'net8.0'. This package may not be fully compatible with your project. [C:\Users\ultra\warewolf\Dev\Dev2.Infrastructure.Tests\Dev2.Infrastructure.Tests.csproj]
C:\Users\ultra\warewolf\Dev\Dev2.Data.Interfaces\Dev2.Data.Interfaces.csproj : warning NU1701: Package 'GroupControls 1.9.0' was restored using '.NETFramework,Version=v4.6.1, .NETFramework,Version=v4.6.2, .NETFramework,Version=v4.7, .NETFramework,Version=v4.7.1, .NETFramework,Version=v4.7.2, .NETFramework,Version=v4.8, .NETFramework,Version=v4.8.1' instead of the project target framework 'net8.0'. This package may not be fully compatible with your project. [C:\Users\ultra\warewolf\Dev\Dev2.Infrastructure.Tests\Dev2.Infrastructure.Tests.csproj]
C:\Users\ultra\warewolf\Dev\Dev2.Infrastructure.Tests\Dev2.Infrastructure.Tests.csproj : warning NU1701: Package 'ReactiveUI.WPF 18.4.1' was restored using '.NETFramework,Version=v4.6.1, .NETFramework,Version=v4.6.2, .NETFramework,Version=v4.7, .NETFramework,Version=v4.7.1, .NETFramework,Version=v4.7.2, .NETFramework,Version=v4.8, .NETFramework,Version=v4.8.1' instead of the project target framework 'net8.0'. This package may not be fully compatible with your project.
C:\Users\ultra\warewolf\Dev\Warewolf.Studio.Core\Warewolf.Studio.Core.csproj : warning NU1701: Package 'Prism.Wpf 9.0.537' was restored using '.NETFramework,Version=v4.6.1, .NETFramework,Version=v4.6.2, .NETFramework,Version=v4.7, .NETFramework,Version=v4.7.1, .NETFramework,Version=v4.7.2, .NETFramework,Version=v4.8, .NETFramework,Version=v4.8.1' instead of the project target framework 'net8.0'. This package may not be fully compatible with your project. [C:\Users\ultra\warewolf\Dev\Dev2.Infrastructure.Tests\Dev2.Infrastructure.Tests.csproj]
C:\Users\ultra\warewolf\Dev\Dev2.Diagnostics\Dev2.Diagnostics.csproj : warning NU1701: Package 'TaskSchedulerEditor 2.10.1' was restored using '.NETFramework,Version=v4.6.1, .NETFramework,Version=v4.6.2, .NETFramework,Version=v4.7, .NETFramework,Version=v4.7.1, .NETFramework,Version=v4.7.2, .NETFramework,Version=v4.8, .NETFramework,Version=v4.8.1' instead of the project target framework 'net8.0'. This package may not be fully compatible with your project. [C:\Users\ultra\warewolf\Dev\Dev2.Infrastructure.Tests\Dev2.Infrastructure.Tests.csproj]
C:\Users\ultra\warewolf\Dev\Dev2.Data.Interfaces\Dev2.Data.Interfaces.csproj : warning NU1701: Package 'TaskSchedulerEditor 2.10.1' was restored using '.NETFramework,Version=v4.6.1, .NETFramework,Version=v4.6.2, .NETFramework,Version=v4.7, .NETFramework,Version=v4.7.1, .NETFramework,Version=v4.7.2, .NETFramework,Version=v4.8, .NETFramework,Version=v4.8.1' instead of the project target framework 'net8.0'. This package may not be fully compatible with your project. [C:\Users\ultra\warewolf\Dev\Dev2.Infrastructure.Tests\Dev2.Infrastructure.Tests.csproj]
C:\Users\ultra\warewolf\Dev\Dev2.Scheduler\Dev2.Scheduler.csproj : warning NU1701: Package 'ReactiveUI.WPF 18.4.1' was restored using '.NETFramework,Version=v4.6.1, .NETFramework,Version=v4.6.2, .NETFramework,Version=v4.7, .NETFramework,Version=v4.7.1, .NETFramework,Version=v4.7.2, .NETFramework,Version=v4.8, .NETFramework,Version=v4.8.1' instead of the project target framework 'net8.0'. This package may not be fully compatible with your project. [C:\Users\ultra\warewolf\Dev\Dev2.Infrastructure.Tests\Dev2.Infrastructure.Tests.csproj]
C:\Users\ultra\warewolf\Dev\Dev2.Infrastructure.Tests\Dev2.Infrastructure.Tests.csproj : warning NU1701: Package 'TaskSchedulerEditor 2.10.1' was restored using '.NETFramework,Version=v4.6.1, .NETFramework,Version=v4.6.2, .NETFramework,Version=v4.7, .NETFramework,Version=v4.7.1, .NETFramework,Version=v4.7.2, .NETFramework,Version=v4.8, .NETFramework,Version=v4.8.1' instead of the project target framework 'net8.0'. This package may not be fully compatible with your project.
C:\Users\ultra\warewolf\Dev\Warewolf.Studio.Core\Warewolf.Studio.Core.csproj : warning NU1701: Package 'ReactiveUI.WPF 18.4.1' was restored using '.NETFramework,Version=v4.6.1, .NETFramework,Version=v4.6.2, .NETFramework,Version=v4.7, .NETFramework,Version=v4.7.1, .NETFramework,Version=v4.7.2, .NETFramework,Version=v4.8, .NETFramework,Version=v4.8.1' instead of the project target framework 'net8.0'. This package may not be fully compatible with your project. [C:\Users\ultra\warewolf\Dev\Dev2.Infrastructure.Tests\Dev2.Infrastructure.Tests.csproj]
C:\Users\ultra\warewolf\Dev\Dev2.Scheduler\Dev2.Scheduler.csproj : warning NU1701: Package 'TaskSchedulerEditor 2.10.1' was restored using '.NETFramework,Version=v4.6.1, .NETFramework,Version=v4.6.2, .NETFramework,Version=v4.7, .NETFramework,Version=v4.7.1, .NETFramework,Version=v4.7.2, .NETFramework,Version=v4.8, .NETFramework,Version=v4.8.1' instead of the project target framework 'net8.0'. This package may not be fully compatible with your project. [C:\Users\ultra\warewolf\Dev\Dev2.Infrastructure.Tests\Dev2.Infrastructure.Tests.csproj]
C:\Users\ultra\warewolf\Dev\Warewolf.Studio.Core\Warewolf.Studio.Core.csproj : warning NU1701: Package 'TaskSchedulerEditor 2.10.1' was restored using '.NETFramework,Version=v4.6.1, .NETFramework,Version=v4.6.2, .NETFramework,Version=v4.7, .NETFramework,Version=v4.7.1, .NETFramework,Version=v4.7.2, .NETFramework,Version=v4.8, .NETFramework,Version=v4.8.1' instead of the project target framework 'net8.0'. This package may not be fully compatible with your project. [C:\Users\ultra\warewolf\Dev\Dev2.Infrastructure.Tests\Dev2.Infrastructure.Tests.csproj]
C:\Users\ultra\warewolf\Dev\Dev2.CustomControls\Dev2.CustomControls.csproj : warning NU1903: Package 'Microsoft.Windows.Compatibility' 6.0.0 has a known high severity vulnerability, https://github.com/advisories/GHSA-555c-2p6r-68mm [C:\Users\ultra\warewolf\Dev\Dev2.Infrastructure.Tests\Dev2.Infrastructure.Tests.csproj]
C:\Users\ultra\warewolf\Dev\Dev2.Infrastructure\Dev2.Infrastructure.csproj : warning NU1903: Package 'Microsoft.Windows.Compatibility' 6.0.0 has a known high severity vulnerability, https://github.com/advisories/GHSA-555c-2p6r-68mm [C:\Users\ultra\warewolf\Dev\Dev2.Infrastructure.Tests\Dev2.Infrastructure.Tests.csproj]
C:\Users\ultra\warewolf\Dev\Dev2.CustomControls\Dev2.CustomControls.csproj : warning NU1701: Package 'AeroWizard 2.3.1' was restored using '.NETFramework,Version=v4.6.1, .NETFramework,Version=v4.6.2, .NETFramework,Version=v4.7, .NETFramework,Version=v4.7.1, .NETFramework,Version=v4.7.2, .NETFramework,Version=v4.8, .NETFramework,Version=v4.8.1' instead of the project target framework 'net8.0'. This package may not be fully compatible with your project. [C:\Users\ultra\warewolf\Dev\Dev2.Infrastructure.Tests\Dev2.Infrastructure.Tests.csproj]
C:\Users\ultra\warewolf\Dev\Dev2.SignalR.Wrappers.New\Dev2.SignalR.Wrappers.New.csproj : warning NU1701: Package 'AeroWizard 2.3.1' was restored using '.NETFramework,Version=v4.6.1, .NETFramework,Version=v4.6.2, .NETFramework,Version=v4.7, .NETFramework,Version=v4.7.1, .NETFramework,Version=v4.7.2, .NETFramework,Version=v4.8, .NETFramework,Version=v4.8.1' instead of the project target framework 'net8.0'. This package may not be fully compatible with your project. [C:\Users\ultra\warewolf\Dev\Dev2.Infrastructure.Tests\Dev2.Infrastructure.Tests.csproj]
C:\Users\ultra\warewolf\Dev\Dev2.Data\Dev2.Data.csproj : warning NU1701: Package 'AeroWizard 2.3.1' was restored using '.NETFramework,Version=v4.6.1, .NETFramework,Version=v4.6.2, .NETFramework,Version=v4.7, .NETFramework,Version=v4.7.1, .NETFramework,Version=v4.7.2, .NETFramework,Version=v4.8, .NETFramework,Version=v4.8.1' instead of the project target framework 'net8.0'. This package may not be fully compatible with your project. [C:\Users\ultra\warewolf\Dev\Dev2.Infrastructure.Tests\Dev2.Infrastructure.Tests.csproj]
C:\Users\ultra\warewolf\Dev\Dev2.Services.Sql\Dev2.Services.Sql.csproj : warning NU1903: Package 'Oracle.ManagedDataAccess.Core' 3.21.70 has a known high severity vulnerability, https://github.com/advisories/GHSA-5pm2-9mr2-3frq [C:\Users\ultra\warewolf\Dev\Dev2.Infrastructure.Tests\Dev2.Infrastructure.Tests.csproj]
C:\Users\ultra\warewolf\Dev\Dev2.SignalR.Wrappers.New\Dev2.SignalR.Wrappers.New.csproj : warning NU1701: Package 'GroupControls 1.9.0' was restored using '.NETFramework,Version=v4.6.1, .NETFramework,Version=v4.6.2, .NETFramework,Version=v4.7, .NETFramework,Version=v4.7.1, .NETFramework,Version=v4.7.2, .NETFramework,Version=v4.8, .NETFramework,Version=v4.8.1' instead of the project target framework 'net8.0'. This package may not be fully compatible with your project. [C:\Users\ultra\warewolf\Dev\Dev2.Infrastructure.Tests\Dev2.Infrastructure.Tests.csproj]
C:\Users\ultra\warewolf\Dev\Dev2.Data\Dev2.Data.csproj : warning NU1701: Package 'GroupControls 1.9.0' was restored using '.NETFramework,Version=v4.6.1, .NETFramework,Version=v4.6.2, .NETFramework,Version=v4.7, .NETFramework,Version=v4.7.1, .NETFramework,Version=v4.7.2, .NETFramework,Version=v4.8, .NETFramework,Version=v4.8.1' instead of the project target framework 'net8.0'. This package may not be fully compatible with your project. [C:\Users\ultra\warewolf\Dev\Dev2.Infrastructure.Tests\Dev2.Infrastructure.Tests.csproj]
C:\Users\ultra\warewolf\Dev\Dev2.SignalR.Wrappers.New\Dev2.SignalR.Wrappers.New.csproj : warning NU1701: Package 'ReactiveUI.WPF 18.4.1' was restored using '.NETFramework,Version=v4.6.1, .NETFramework,Version=v4.6.2, .NETFramework,Version=v4.7, .NETFramework,Version=v4.7.1, .NETFramework,Version=v4.7.2, .NETFramework,Version=v4.8, .NETFramework,Version=v4.8.1' instead of the project target framework 'net8.0'. This package may not be fully compatible with your project. [C:\Users\ultra\warewolf\Dev\Dev2.Infrastructure.Tests\Dev2.Infrastructure.Tests.csproj]
C:\Users\ultra\warewolf\Dev\Dev2.Services.Sql\Dev2.Services.Sql.csproj : warning NU1701: Package 'AeroWizard 2.3.1' was restored using '.NETFramework,Version=v4.6.1, .NETFramework,Version=v4.6.2, .NETFramework,Version=v4.7, .NETFramework,Version=v4.7.1, .NETFramework,Version=v4.7.2, .NETFramework,Version=v4.8, .NETFramework,Version=v4.8.1' instead of the project target framework 'net8.0'. This package may not be fully compatible with your project. [C:\Users\ultra\warewolf\Dev\Dev2.Infrastructure.Tests\Dev2.Infrastructure.Tests.csproj]
C:\Users\ultra\warewolf\Dev\Dev2.SignalR.Wrappers.New\Dev2.SignalR.Wrappers.New.csproj : warning NU1701: Package 'TaskSchedulerEditor 2.10.1' was restored using '.NETFramework,Version=v4.6.1, .NETFramework,Version=v4.6.2, .NETFramework,Version=v4.7, .NETFramework,Version=v4.7.1, .NETFramework,Version=v4.7.2, .NETFramework,Version=v4.8, .NETFramework,Version=v4.8.1' instead of the project target framework 'net8.0'. This package may not be fully compatible with your project. [C:\Users\ultra\warewolf\Dev\Dev2.Infrastructure.Tests\Dev2.Infrastructure.Tests.csproj]
C:\Users\ultra\warewolf\Dev\Dev2.Services.Sql\Dev2.Services.Sql.csproj : warning NU1701: Package 'GroupControls 1.9.0' was restored using '.NETFramework,Version=v4.6.1, .NETFramework,Version=v4.6.2, .NETFramework,Version=v4.7, .NETFramework,Version=v4.7.1, .NETFramework,Version=v4.7.2, .NETFramework,Version=v4.8, .NETFramework,Version=v4.8.1' instead of the project target framework 'net8.0'. This package may not be fully compatible with your project. [C:\Users\ultra\warewolf\Dev\Dev2.Infrastructure.Tests\Dev2.Infrastructure.Tests.csproj]
C:\Users\ultra\warewolf\Dev\Dev2.Services.Sql\Dev2.Services.Sql.csproj : warning NU1701: Package 'ReactiveUI.WPF 18.4.1' was restored using '.NETFramework,Version=v4.6.1, .NETFramework,Version=v4.6.2, .NETFramework,Version=v4.7, .NETFramework,Version=v4.7.1, .NETFramework,Version=v4.7.2, .NETFramework,Version=v4.8, .NETFramework,Version=v4.8.1' instead of the project target framework 'net8.0'. This package may not be fully compatible with your project. [C:\Users\ultra\warewolf\Dev\Dev2.Infrastructure.Tests\Dev2.Infrastructure.Tests.csproj]
C:\Users\ultra\warewolf\Dev\Dev2.Data\Dev2.Data.csproj : warning NU1701: Package 'ReactiveUI.WPF 18.4.1' was restored using '.NETFramework,Version=v4.6.1, .NETFramework,Version=v4.6.2, .NETFramework,Version=v4.7, .NETFramework,Version=v4.7.1, .NETFramework,Version=v4.7.2, .NETFramework,Version=v4.8, .NETFramework,Version=v4.8.1' instead of the project target framework 'net8.0'. This package may not be fully compatible with your project. [C:\Users\ultra\warewolf\Dev\Dev2.Infrastructure.Tests\Dev2.Infrastructure.Tests.csproj]
C:\Users\ultra\warewolf\Dev\Dev2.Services.Sql\Dev2.Services.Sql.csproj : warning NU1701: Package 'TaskSchedulerEditor 2.10.1' was restored using '.NETFramework,Version=v4.6.1, .NETFramework,Version=v4.6.2, .NETFramework,Version=v4.7, .NETFramework,Version=v4.7.1, .NETFramework,Version=v4.7.2, .NETFramework,Version=v4.8, .NETFramework,Version=v4.8.1' instead of the project target framework 'net8.0'. This package may not be fully compatible with your project. [C:\Users\ultra\warewolf\Dev\Dev2.Infrastructure.Tests\Dev2.Infrastructure.Tests.csproj]
C:\Users\ultra\warewolf\Dev\Dev2.Data\Dev2.Data.csproj : warning NU1701: Package 'TaskSchedulerEditor 2.10.1' was restored using '.NETFramework,Version=v4.6.1, .NETFramework,Version=v4.6.2, .NETFramework,Version=v4.7, .NETFramework,Version=v4.7.1, .NETFramework,Version=v4.7.2, .NETFramework,Version=v4.8, .NETFramework,Version=v4.8.1' instead of the project target framework 'net8.0'. This package may not be fully compatible with your project. [C:\Users\ultra\warewolf\Dev\Dev2.Infrastructure.Tests\Dev2.Infrastructure.Tests.csproj]
C:\Users\ultra\warewolf\Dev\Dev2.Infrastructure\Dev2.Infrastructure.csproj : warning NU1701: Package 'AeroWizard 2.3.1' was restored using '.NETFramework,Version=v4.6.1, .NETFramework,Version=v4.6.2, .NETFramework,Version=v4.7, .NETFramework,Version=v4.7.1, .NETFramework,Version=v4.7.2, .NETFramework,Version=v4.8, .NETFramework,Version=v4.8.1' instead of the project target framework 'net8.0'. This package may not be fully compatible with your project. [C:\Users\ultra\warewolf\Dev\Dev2.Infrastructure.Tests\Dev2.Infrastructure.Tests.csproj]
C:\Users\ultra\warewolf\Dev\Dev2.CustomControls\Dev2.CustomControls.csproj : warning NU1701: Package 'GroupControls 1.9.0' was restored using '.NETFramework,Version=v4.6.1, .NETFramework,Version=v4.6.2, .NETFramework,Version=v4.7, .NETFramework,Version=v4.7.1, .NETFramework,Version=v4.7.2, .NETFramework,Version=v4.8, .NETFramework,Version=v4.8.1' instead of the project target framework 'net8.0'. This package may not be fully compatible with your project. [C:\Users\ultra\warewolf\Dev\Dev2.Infrastructure.Tests\Dev2.Infrastructure.Tests.csproj]
C:\Users\ultra\warewolf\Dev\Dev2.CustomControls\Dev2.CustomControls.csproj : warning NU1701: Package 'TaskSchedulerEditor 2.10.1' was restored using '.NETFramework,Version=v4.6.1, .NETFramework,Version=v4.6.2, .NETFramework,Version=v4.7, .NETFramework,Version=v4.7.1, .NETFramework,Version=v4.7.2, .NETFramework,Version=v4.8, .NETFramework,Version=v4.8.1' instead of the project target framework 'net8.0'. This package may not be fully compatible with your project. [C:\Users\ultra\warewolf\Dev\Dev2.Infrastructure.Tests\Dev2.Infrastructure.Tests.csproj]
C:\Users\ultra\warewolf\Dev\Dev2.Infrastructure\Dev2.Infrastructure.csproj : warning NU1701: Package 'GroupControls 1.9.0' was restored using '.NETFramework,Version=v4.6.1, .NETFramework,Version=v4.6.2, .NETFramework,Version=v4.7, .NETFramework,Version=v4.7.1, .NETFramework,Version=v4.7.2, .NETFramework,Version=v4.8, .NETFramework,Version=v4.8.1' instead of the project target framework 'net8.0'. This package may not be fully compatible with your project. [C:\Users\ultra\warewolf\Dev\Dev2.Infrastructure.Tests\Dev2.Infrastructure.Tests.csproj]
C:\Users\ultra\warewolf\Dev\Dev2.Infrastructure\Dev2.Infrastructure.csproj : warning NU1701: Package 'ReactiveUI.WPF 18.4.1' was restored using '.NETFramework,Version=v4.6.1, .NETFramework,Version=v4.6.2, .NETFramework,Version=v4.7, .NETFramework,Version=v4.7.1, .NETFramework,Version=v4.7.2, .NETFramework,Version=v4.8, .NETFramework,Version=v4.8.1' instead of the project target framework 'net8.0'. This package may not be fully compatible with your project. [C:\Users\ultra\warewolf\Dev\Dev2.Infrastructure.Tests\Dev2.Infrastructure.Tests.csproj]
C:\Users\ultra\warewolf\Dev\Dev2.Infrastructure\Dev2.Infrastructure.csproj : warning NU1701: Package 'TaskSchedulerEditor 2.10.1' was restored using '.NETFramework,Version=v4.6.1, .NETFramework,Version=v4.6.2, .NETFramework,Version=v4.7, .NETFramework,Version=v4.7.1, .NETFramework,Version=v4.7.2, .NETFramework,Version=v4.8, .NETFramework,Version=v4.8.1' instead of the project target framework 'net8.0'. This package may not be fully compatible with your project. [C:\Users\ultra\warewolf\Dev\Dev2.Infrastructure.Tests\Dev2.Infrastructure.Tests.csproj]
C:\Users\ultra\warewolf\Dev\Warewolf.Security\Warewolf.Security.csproj : warning NU1904: Package 'System.Drawing.Common' 4.5.1 has a known critical severity vulnerability, https://github.com/advisories/GHSA-rxg9-xrhp-64gj [C:\Users\ultra\warewolf\Dev\Dev2.Infrastructure.Tests\Dev2.Infrastructure.Tests.csproj]
C:\Users\ultra\warewolf\Dev\Warewolf.Storage.Interfaces\Warewolf.Storage.Interfaces.csproj : warning NU1701: Package 'AeroWizard 2.3.1' was restored using '.NETFramework,Version=v4.6.1, .NETFramework,Version=v4.6.2, .NETFramework,Version=v4.7, .NETFramework,Version=v4.7.1, .NETFramework,Version=v4.7.2, .NETFramework,Version=v4.8, .NETFramework,Version=v4.8.1' instead of the project target framework 'net8.0'. This package may not be fully compatible with your project. [C:\Users\ultra\warewolf\Dev\Dev2.Infrastructure.Tests\Dev2.Infrastructure.Tests.csproj]
C:\Users\ultra\warewolf\Dev\Warewolf.Storage.Interfaces\Warewolf.Storage.Interfaces.csproj : warning NU1701: Package 'GroupControls 1.9.0' was restored using '.NETFramework,Version=v4.6.1, .NETFramework,Version=v4.6.2, .NETFramework,Version=v4.7, .NETFramework,Version=v4.7.1, .NETFramework,Version=v4.7.2, .NETFramework,Version=v4.8, .NETFramework,Version=v4.8.1' instead of the project target framework 'net8.0'. This package may not be fully compatible with your project. [C:\Users\ultra\warewolf\Dev\Dev2.Infrastructure.Tests\Dev2.Infrastructure.Tests.csproj]
C:\Users\ultra\warewolf\Dev\Warewolf.Storage.Interfaces\Warewolf.Storage.Interfaces.csproj : warning NU1701: Package 'TaskSchedulerEditor 2.10.1' was restored using '.NETFramework,Version=v4.6.1, .NETFramework,Version=v4.6.2, .NETFramework,Version=v4.7, .NETFramework,Version=v4.7.1, .NETFramework,Version=v4.7.2, .NETFramework,Version=v4.8, .NETFramework,Version=v4.8.1' instead of the project target framework 'net8.0'. This package may not be fully compatible with your project. [C:\Users\ultra\warewolf\Dev\Dev2.Infrastructure.Tests\Dev2.Infrastructure.Tests.csproj]
C:\Users\ultra\warewolf\Dev\Warewolf.Sharepoint\Warewolf.Sharepoint.csproj : warning NU1701: Package 'AeroWizard 2.3.1' was restored using '.NETFramework,Version=v4.6.1, .NETFramework,Version=v4.6.2, .NETFramework,Version=v4.7, .NETFramework,Version=v4.7.1, .NETFramework,Version=v4.7.2, .NETFramework,Version=v4.8, .NETFramework,Version=v4.8.1' instead of the project target framework 'net8.0'. This package may not be fully compatible with your project. [C:\Users\ultra\warewolf\Dev\Dev2.Infrastructure.Tests\Dev2.Infrastructure.Tests.csproj]
C:\Users\ultra\warewolf\Dev\Warewolf.Sharepoint\Warewolf.Sharepoint.csproj : warning NU1701: Package 'GroupControls 1.9.0' was restored using '.NETFramework,Version=v4.6.1, .NETFramework,Version=v4.6.2, .NETFramework,Version=v4.7, .NETFramework,Version=v4.7.1, .NETFramework,Version=v4.7.2, .NETFramework,Version=v4.8, .NETFramework,Version=v4.8.1' instead of the project target framework 'net8.0'. This package may not be fully compatible with your project. [C:\Users\ultra\warewolf\Dev\Dev2.Infrastructure.Tests\Dev2.Infrastructure.Tests.csproj]
C:\Users\ultra\warewolf\Dev\Warewolf.Sharepoint\Warewolf.Sharepoint.csproj : warning NU1701: Package 'ReactiveUI.WPF 18.4.1' was restored using '.NETFramework,Version=v4.6.1, .NETFramework,Version=v4.6.2, .NETFramework,Version=v4.7, .NETFramework,Version=v4.7.1, .NETFramework,Version=v4.7.2, .NETFramework,Version=v4.8, .NETFramework,Version=v4.8.1' instead of the project target framework 'net8.0'. This package may not be fully compatible with your project. [C:\Users\ultra\warewolf\Dev\Dev2.Infrastructure.Tests\Dev2.Infrastructure.Tests.csproj]
C:\Users\ultra\warewolf\Dev\Warewolf.Sharepoint\Warewolf.Sharepoint.csproj : warning NU1701: Package 'TaskSchedulerEditor 2.10.1' was restored using '.NETFramework,Version=v4.6.1, .NETFramework,Version=v4.6.2, .NETFramework,Version=v4.7, .NETFramework,Version=v4.7.1, .NETFramework,Version=v4.7.2, .NETFramework,Version=v4.8, .NETFramework,Version=v4.8.1' instead of the project target framework 'net8.0'. This package may not be fully compatible with your project. [C:\Users\ultra\warewolf\Dev\Dev2.Infrastructure.Tests\Dev2.Infrastructure.Tests.csproj]
C:\Users\ultra\warewolf\Dev\Warewolf.AI.Harness\Warewolf.AI.Harness.csproj : warning NU1701: Package 'AeroWizard 2.3.1' was restored using '.NETFramework,Version=v4.6.1, .NETFramework,Version=v4.6.2, .NETFramework,Version=v4.7, .NETFramework,Version=v4.7.1, .NETFramework,Version=v4.7.2, .NETFramework,Version=v4.8, .NETFramework,Version=v4.8.1' instead of the project target framework 'net8.0'. This package may not be fully compatible with your project. [C:\Users\ultra\warewolf\Dev\Dev2.Infrastructure.Tests\Dev2.Infrastructure.Tests.csproj]
C:\Users\ultra\warewolf\Dev\Warewolf.AI.Harness\Warewolf.AI.Harness.csproj : warning NU1701: Package 'GroupControls 1.9.0' was restored using '.NETFramework,Version=v4.6.1, .NETFramework,Version=v4.6.2, .NETFramework,Version=v4.7, .NETFramework,Version=v4.7.1, .NETFramework,Version=v4.7.2, .NETFramework,Version=v4.8, .NETFramework,Version=v4.8.1' instead of the project target framework 'net8.0'. This package may not be fully compatible with your project. [C:\Users\ultra\warewolf\Dev\Dev2.Infrastructure.Tests\Dev2.Infrastructure.Tests.csproj]
C:\Users\ultra\warewolf\Dev\Warewolf.AI.Harness\Warewolf.AI.Harness.csproj : warning NU1701: Package 'TaskSchedulerEditor 2.10.1' was restored using '.NETFramework,Version=v4.6.1, .NETFramework,Version=v4.6.2, .NETFramework,Version=v4.7, .NETFramework,Version=v4.7.1, .NETFramework,Version=v4.7.2, .NETFramework,Version=v4.8, .NETFramework,Version=v4.8.1' instead of the project target framework 'net8.0'. This package may not be fully compatible with your project. [C:\Users\ultra\warewolf\Dev\Dev2.Infrastructure.Tests\Dev2.Infrastructure.Tests.csproj]
C:\Users\ultra\warewolf\Dev\Dev2.Common\Dev2.Common.csproj : warning NU1903: Package 'Microsoft.Windows.Compatibility' 6.0.0 has a known high severity vulnerability, https://github.com/advisories/GHSA-555c-2p6r-68mm [C:\Users\ultra\warewolf\Dev\Dev2.Infrastructure.Tests\Dev2.Infrastructure.Tests.csproj]
C:\Users\ultra\warewolf\Dev\Dev2.Common\Dev2.Common.csproj : warning NU1701: Package 'AeroWizard 2.3.1' was restored using '.NETFramework,Version=v4.6.1, .NETFramework,Version=v4.6.2, .NETFramework,Version=v4.7, .NETFramework,Version=v4.7.1, .NETFramework,Version=v4.7.2, .NETFramework,Version=v4.8, .NETFramework,Version=v4.8.1' instead of the project target framework 'net8.0'. This package may not be fully compatible with your project. [C:\Users\ultra\warewolf\Dev\Dev2.Infrastructure.Tests\Dev2.Infrastructure.Tests.csproj]
C:\Users\ultra\warewolf\Dev\Dev2.Common\Dev2.Common.csproj : warning NU1701: Package 'GroupControls 1.9.0' was restored using '.NETFramework,Version=v4.6.1, .NETFramework,Version=v4.6.2, .NETFramework,Version=v4.7, .NETFramework,Version=v4.7.1, .NETFramework,Version=v4.7.2, .NETFramework,Version=v4.8, .NETFramework,Version=v4.8.1' instead of the project target framework 'net8.0'. This package may not be fully compatible with your project. [C:\Users\ultra\warewolf\Dev\Dev2.Infrastructure.Tests\Dev2.Infrastructure.Tests.csproj]
C:\Users\ultra\warewolf\Dev\Dev2.Common\Dev2.Common.csproj : warning NU1701: Package 'TaskSchedulerEditor 2.10.1' was restored using '.NETFramework,Version=v4.6.1, .NETFramework,Version=v4.6.2, .NETFramework,Version=v4.7, .NETFramework,Version=v4.7.1, .NETFramework,Version=v4.7.2, .NETFramework,Version=v4.8, .NETFramework,Version=v4.8.1' instead of the project target framework 'net8.0'. This package may not be fully compatible with your project. [C:\Users\ultra\warewolf\Dev\Dev2.Infrastructure.Tests\Dev2.Infrastructure.Tests.csproj]
C:\Users\ultra\warewolf\Dev\Dev2.Common.Interfaces\Dev2.Common.Interfaces.csproj : warning NU1903: Package 'Microsoft.Windows.Compatibility' 6.0.0 has a known high severity vulnerability, https://github.com/advisories/GHSA-555c-2p6r-68mm [C:\Users\ultra\warewolf\Dev\Dev2.Infrastructure.Tests\Dev2.Infrastructure.Tests.csproj]
C:\Users\ultra\warewolf\Dev\Dev2.Common.Interfaces\Dev2.Common.Interfaces.csproj : warning NU1701: Package 'AeroWizard 2.3.1' was restored using '.NETFramework,Version=v4.6.1, .NETFramework,Version=v4.6.2, .NETFramework,Version=v4.7, .NETFramework,Version=v4.7.1, .NETFramework,Version=v4.7.2, .NETFramework,Version=v4.8, .NETFramework,Version=v4.8.1' instead of the project target framework 'net8.0'. This package may not be fully compatible with your project. [C:\Users\ultra\warewolf\Dev\Dev2.Infrastructure.Tests\Dev2.Infrastructure.Tests.csproj]
C:\Users\ultra\warewolf\Dev\Dev2.Common.Interfaces\Dev2.Common.Interfaces.csproj : warning NU1701: Package 'GroupControls 1.9.0' was restored using '.NETFramework,Version=v4.6.1, .NETFramework,Version=v4.6.2, .NETFramework,Version=v4.7, .NETFramework,Version=v4.7.1, .NETFramework,Version=v4.7.2, .NETFramework,Version=v4.8, .NETFramework,Version=v4.8.1' instead of the project target framework 'net8.0'. This package may not be fully compatible with your project. [C:\Users\ultra\warewolf\Dev\Dev2.Infrastructure.Tests\Dev2.Infrastructure.Tests.csproj]
C:\Users\ultra\warewolf\Dev\Dev2.Common.Interfaces\Dev2.Common.Interfaces.csproj : warning NU1701: Package 'TaskSchedulerEditor 2.10.1' was restored using '.NETFramework,Version=v4.6.1, .NETFramework,Version=v4.6.2, .NETFramework,Version=v4.7, .NETFramework,Version=v4.7.1, .NETFramework,Version=v4.7.2, .NETFramework,Version=v4.8, .NETFramework,Version=v4.8.1' instead of the project target framework 'net8.0'. This package may not be fully compatible with your project. [C:\Users\ultra\warewolf\Dev\Dev2.Infrastructure.Tests\Dev2.Infrastructure.Tests.csproj]
C:\Users\ultra\warewolf\Dev\Warewolf.ResourceManagement\Warewolf.ResourceManagement.csproj : warning NU1701: Package 'AeroWizard 2.3.1' was restored using '.NETFramework,Version=v4.6.1, .NETFramework,Version=v4.6.2, .NETFramework,Version=v4.7, .NETFramework,Version=v4.7.1, .NETFramework,Version=v4.7.2, .NETFramework,Version=v4.8, .NETFramework,Version=v4.8.1' instead of the project target framework 'net8.0'. This package may not be fully compatible with your project. [C:\Users\ultra\warewolf\Dev\Dev2.Infrastructure.Tests\Dev2.Infrastructure.Tests.csproj]
C:\Users\ultra\warewolf\Dev\Warewolf.ResourceManagement\Warewolf.ResourceManagement.csproj : warning NU1701: Package 'GroupControls 1.9.0' was restored using '.NETFramework,Version=v4.6.1, .NETFramework,Version=v4.6.2, .NETFramework,Version=v4.7, .NETFramework,Version=v4.7.1, .NETFramework,Version=v4.7.2, .NETFramework,Version=v4.8, .NETFramework,Version=v4.8.1' instead of the project target framework 'net8.0'. This package may not be fully compatible with your project. [C:\Users\ultra\warewolf\Dev\Dev2.Infrastructure.Tests\Dev2.Infrastructure.Tests.csproj]
C:\Users\ultra\warewolf\Dev\Warewolf.ResourceManagement\Warewolf.ResourceManagement.csproj : warning NU1701: Package 'ReactiveUI.WPF 18.4.1' was restored using '.NETFramework,Version=v4.6.1, .NETFramework,Version=v4.6.2, .NETFramework,Version=v4.7, .NETFramework,Version=v4.7.1, .NETFramework,Version=v4.7.2, .NETFramework,Version=v4.8, .NETFramework,Version=v4.8.1' instead of the project target framework 'net8.0'. This package may not be fully compatible with your project. [C:\Users\ultra\warewolf\Dev\Dev2.Infrastructure.Tests\Dev2.Infrastructure.Tests.csproj]
C:\Users\ultra\warewolf\Dev\Warewolf.ResourceManagement\Warewolf.ResourceManagement.csproj : warning NU1701: Package 'TaskSchedulerEditor 2.10.1' was restored using '.NETFramework,Version=v4.6.1, .NETFramework,Version=v4.6.2, .NETFramework,Version=v4.7, .NETFramework,Version=v4.7.1, .NETFramework,Version=v4.7.2, .NETFramework,Version=v4.8, .NETFramework,Version=v4.8.1' instead of the project target framework 'net8.0'. This package may not be fully compatible with your project. [C:\Users\ultra\warewolf\Dev\Dev2.Infrastructure.Tests\Dev2.Infrastructure.Tests.csproj]
C:\Users\ultra\warewolf\Dev\Dev2.Util\Dev2.Util.csproj : warning NU1903: Package 'Microsoft.Windows.Compatibility' 6.0.0 has a known high severity vulnerability, https://github.com/advisories/GHSA-555c-2p6r-68mm [C:\Users\ultra\warewolf\Dev\Dev2.Infrastructure.Tests\Dev2.Infrastructure.Tests.csproj]
C:\Users\ultra\warewolf\Dev\Dev2.Util\Dev2.Util.csproj : warning NU1701: Package 'AeroWizard 2.3.1' was restored using '.NETFramework,Version=v4.6.1, .NETFramework,Version=v4.6.2, .NETFramework,Version=v4.7, .NETFramework,Version=v4.7.1, .NETFramework,Version=v4.7.2, .NETFramework,Version=v4.8, .NETFramework,Version=v4.8.1' instead of the project target framework 'net8.0'. This package may not be fully compatible with your project. [C:\Users\ultra\warewolf\Dev\Dev2.Infrastructure.Tests\Dev2.Infrastructure.Tests.csproj]
C:\Users\ultra\warewolf\Dev\Dev2.Util\Dev2.Util.csproj : warning NU1701: Package 'GroupControls 1.9.0' was restored using '.NETFramework,Version=v4.6.1, .NETFramework,Version=v4.6.2, .NETFramework,Version=v4.7, .NETFramework,Version=v4.7.1, .NETFramework,Version=v4.7.2, .NETFramework,Version=v4.8, .NETFramework,Version=v4.8.1' instead of the project target framework 'net8.0'. This package may not be fully compatible with your project. [C:\Users\ultra\warewolf\Dev\Dev2.Infrastructure.Tests\Dev2.Infrastructure.Tests.csproj]
C:\Users\ultra\warewolf\Dev\Dev2.Util\Dev2.Util.csproj : warning NU1701: Package 'TaskSchedulerEditor 2.10.1' was restored using '.NETFramework,Version=v4.6.1, .NETFramework,Version=v4.6.2, .NETFramework,Version=v4.7, .NETFramework,Version=v4.7.1, .NETFramework,Version=v4.7.2, .NETFramework,Version=v4.8, .NETFramework,Version=v4.8.1' instead of the project target framework 'net8.0'. This package may not be fully compatible with your project. [C:\Users\ultra\warewolf\Dev\Dev2.Infrastructure.Tests\Dev2.Infrastructure.Tests.csproj]
C:\Users\ultra\warewolf\Dev\Warewolf.Common.NetStandard20\Warewolf.Common.NetStandard20.csproj : warning NU1701: Package 'AeroWizard 2.3.1' was restored using '.NETFramework,Version=v4.6.1, .NETFramework,Version=v4.6.2, .NETFramework,Version=v4.7, .NETFramework,Version=v4.7.1, .NETFramework,Version=v4.7.2, .NETFramework,Version=v4.8, .NETFramework,Version=v4.8.1' instead of the project target framework 'net8.0'. This package may not be fully compatible with your project. [C:\Users\ultra\warewolf\Dev\Dev2.Infrastructure.Tests\Dev2.Infrastructure.Tests.csproj]
C:\Users\ultra\warewolf\Dev\Warewolf.Common.NetStandard20\Warewolf.Common.NetStandard20.csproj : warning NU1701: Package 'GroupControls 1.9.0' was restored using '.NETFramework,Version=v4.6.1, .NETFramework,Version=v4.6.2, .NETFramework,Version=v4.7, .NETFramework,Version=v4.7.1, .NETFramework,Version=v4.7.2, .NETFramework,Version=v4.8, .NETFramework,Version=v4.8.1' instead of the project target framework 'net8.0'. This package may not be fully compatible with your project. [C:\Users\ultra\warewolf\Dev\Dev2.Infrastructure.Tests\Dev2.Infrastructure.Tests.csproj]
C:\Users\ultra\warewolf\Dev\Warewolf.Common.NetStandard20\Warewolf.Common.NetStandard20.csproj : warning NU1701: Package 'ReactiveUI.WPF 18.4.1' was restored using '.NETFramework,Version=v4.6.1, .NETFramework,Version=v4.6.2, .NETFramework,Version=v4.7, .NETFramework,Version=v4.7.1, .NETFramework,Version=v4.7.2, .NETFramework,Version=v4.8, .NETFramework,Version=v4.8.1' instead of the project target framework 'net8.0'. This package may not be fully compatible with your project. [C:\Users\ultra\warewolf\Dev\Dev2.Infrastructure.Tests\Dev2.Infrastructure.Tests.csproj]
C:\Users\ultra\warewolf\Dev\Warewolf.Common.NetStandard20\Warewolf.Common.NetStandard20.csproj : warning NU1701: Package 'TaskSchedulerEditor 2.10.1' was restored using '.NETFramework,Version=v4.6.1, .NETFramework,Version=v4.6.2, .NETFramework,Version=v4.7, .NETFramework,Version=v4.7.1, .NETFramework,Version=v4.7.2, .NETFramework,Version=v4.8, .NETFramework,Version=v4.8.1' instead of the project target framework 'net8.0'. This package may not be fully compatible with your project. [C:\Users\ultra\warewolf\Dev\Dev2.Infrastructure.Tests\Dev2.Infrastructure.Tests.csproj]
C:\Users\ultra\warewolf\Dev\Warewolf.Storage\Warewolf.Storage.csproj : warning NU1701: Package 'AeroWizard 2.3.1' was restored using '.NETFramework,Version=v4.6.1, .NETFramework,Version=v4.6.2, .NETFramework,Version=v4.7, .NETFramework,Version=v4.7.1, .NETFramework,Version=v4.7.2, .NETFramework,Version=v4.8, .NETFramework,Version=v4.8.1' instead of the project target framework 'net8.0'. This package may not be fully compatible with your project. [C:\Users\ultra\warewolf\Dev\Dev2.Infrastructure.Tests\Dev2.Infrastructure.Tests.csproj]
C:\Users\ultra\warewolf\Dev\Warewolf.Storage\Warewolf.Storage.csproj : warning NU1701: Package 'GroupControls 1.9.0' was restored using '.NETFramework,Version=v4.6.1, .NETFramework,Version=v4.6.2, .NETFramework,Version=v4.7, .NETFramework,Version=v4.7.1, .NETFramework,Version=v4.7.2, .NETFramework,Version=v4.8, .NETFramework,Version=v4.8.1' instead of the project target framework 'net8.0'. This package may not be fully compatible with your project. [C:\Users\ultra\warewolf\Dev\Dev2.Infrastructure.Tests\Dev2.Infrastructure.Tests.csproj]
C:\Users\ultra\warewolf\Dev\Warewolf.Storage\Warewolf.Storage.csproj : warning NU1701: Package 'ReactiveUI.WPF 18.4.1' was restored using '.NETFramework,Version=v4.6.1, .NETFramework,Version=v4.6.2, .NETFramework,Version=v4.7, .NETFramework,Version=v4.7.1, .NETFramework,Version=v4.7.2, .NETFramework,Version=v4.8, .NETFramework,Version=v4.8.1' instead of the project target framework 'net8.0'. This package may not be fully compatible with your project. [C:\Users\ultra\warewolf\Dev\Dev2.Infrastructure.Tests\Dev2.Infrastructure.Tests.csproj]
C:\Users\ultra\warewolf\Dev\Warewolf.Storage\Warewolf.Storage.csproj : warning NU1701: Package 'TaskSchedulerEditor 2.10.1' was restored using '.NETFramework,Version=v4.6.1, .NETFramework,Version=v4.6.2, .NETFramework,Version=v4.7, .NETFramework,Version=v4.7.1, .NETFramework,Version=v4.7.2, .NETFramework,Version=v4.8, .NETFramework,Version=v4.8.1' instead of the project target framework 'net8.0'. This package may not be fully compatible with your project. [C:\Users\ultra\warewolf\Dev\Dev2.Infrastructure.Tests\Dev2.Infrastructure.Tests.csproj]
C:\Users\ultra\warewolf\Dev\Dev2.Core\Dev2.Core.csproj : warning NU1903: Package 'Microsoft.Windows.Compatibility' 6.0.0 has a known high severity vulnerability, https://github.com/advisories/GHSA-555c-2p6r-68mm [C:\Users\ultra\warewolf\Dev\Dev2.Infrastructure.Tests\Dev2.Infrastructure.Tests.csproj]
C:\Users\ultra\warewolf\Dev\Dev2.Core\Dev2.Core.csproj : warning NU1701: Package 'AeroWizard 2.3.1' was restored using '.NETFramework,Version=v4.6.1, .NETFramework,Version=v4.6.2, .NETFramework,Version=v4.7, .NETFramework,Version=v4.7.1, .NETFramework,Version=v4.7.2, .NETFramework,Version=v4.8, .NETFramework,Version=v4.8.1' instead of the project target framework 'net8.0'. This package may not be fully compatible with your project. [C:\Users\ultra\warewolf\Dev\Dev2.Infrastructure.Tests\Dev2.Infrastructure.Tests.csproj]
C:\Users\ultra\warewolf\Dev\Dev2.Core\Dev2.Core.csproj : warning NU1701: Package 'GroupControls 1.9.0' was restored using '.NETFramework,Version=v4.6.1, .NETFramework,Version=v4.6.2, .NETFramework,Version=v4.7, .NETFramework,Version=v4.7.1, .NETFramework,Version=v4.7.2, .NETFramework,Version=v4.8, .NETFramework,Version=v4.8.1' instead of the project target framework 'net8.0'. This package may not be fully compatible with your project. [C:\Users\ultra\warewolf\Dev\Dev2.Infrastructure.Tests\Dev2.Infrastructure.Tests.csproj]
C:\Users\ultra\warewolf\Dev\Dev2.Core\Dev2.Core.csproj : warning NU1701: Package 'ReactiveUI.WPF 18.4.1' was restored using '.NETFramework,Version=v4.6.1, .NETFramework,Version=v4.6.2, .NETFramework,Version=v4.7, .NETFramework,Version=v4.7.1, .NETFramework,Version=v4.7.2, .NETFramework,Version=v4.8, .NETFramework,Version=v4.8.1' instead of the project target framework 'net8.0'. This package may not be fully compatible with your project. [C:\Users\ultra\warewolf\Dev\Dev2.Infrastructure.Tests\Dev2.Infrastructure.Tests.csproj]
C:\Users\ultra\warewolf\Dev\Dev2.Core\Dev2.Core.csproj : warning NU1701: Package 'TaskSchedulerEditor 2.10.1' was restored using '.NETFramework,Version=v4.6.1, .NETFramework,Version=v4.6.2, .NETFramework,Version=v4.7, .NETFramework,Version=v4.7.1, .NETFramework,Version=v4.7.2, .NETFramework,Version=v4.8, .NETFramework,Version=v4.8.1' instead of the project target framework 'net8.0'. This package may not be fully compatible with your project. [C:\Users\ultra\warewolf\Dev\Dev2.Infrastructure.Tests\Dev2.Infrastructure.Tests.csproj]
C:\Users\ultra\warewolf\Dev\Warewolf.Testing\Warewolf.Testing.csproj : warning NU1701: Package 'AeroWizard 2.3.1' was restored using '.NETFramework,Version=v4.6.1, .NETFramework,Version=v4.6.2, .NETFramework,Version=v4.7, .NETFramework,Version=v4.7.1, .NETFramework,Version=v4.7.2, .NETFramework,Version=v4.8, .NETFramework,Version=v4.8.1' instead of the project target framework 'net8.0'. This package may not be fully compatible with your project. [C:\Users\ultra\warewolf\Dev\Dev2.Infrastructure.Tests\Dev2.Infrastructure.Tests.csproj]
C:\Users\ultra\warewolf\Dev\Warewolf.Testing\Warewolf.Testing.csproj : warning NU1701: Package 'GroupControls 1.9.0' was restored using '.NETFramework,Version=v4.6.1, .NETFramework,Version=v4.6.2, .NETFramework,Version=v4.7, .NETFramework,Version=v4.7.1, .NETFramework,Version=v4.7.2, .NETFramework,Version=v4.8, .NETFramework,Version=v4.8.1' instead of the project target framework 'net8.0'. This package may not be fully compatible with your project. [C:\Users\ultra\warewolf\Dev\Dev2.Infrastructure.Tests\Dev2.Infrastructure.Tests.csproj]
C:\Users\ultra\warewolf\Dev\Warewolf.Testing\Warewolf.Testing.csproj : warning NU1701: Package 'Microsoft.Xaml.Behaviors.Wpf 1.1.122' was restored using '.NETFramework,Version=v4.6.1, .NETFramework,Version=v4.6.2, .NETFramework,Version=v4.7, .NETFramework,Version=v4.7.1, .NETFramework,Version=v4.7.2, .NETFramework,Version=v4.8, .NETFramework,Version=v4.8.1' instead of the project target framework 'net8.0'. This package may not be fully compatible with your project. [C:\Users\ultra\warewolf\Dev\Dev2.Infrastructure.Tests\Dev2.Infrastructure.Tests.csproj]
C:\Users\ultra\warewolf\Dev\Warewolf.Testing\Warewolf.Testing.csproj : warning NU1701: Package 'Prism.Wpf 9.0.537' was restored using '.NETFramework,Version=v4.6.1, .NETFramework,Version=v4.6.2, .NETFramework,Version=v4.7, .NETFramework,Version=v4.7.1, .NETFramework,Version=v4.7.2, .NETFramework,Version=v4.8, .NETFramework,Version=v4.8.1' instead of the project target framework 'net8.0'. This package may not be fully compatible with your project. [C:\Users\ultra\warewolf\Dev\Dev2.Infrastructure.Tests\Dev2.Infrastructure.Tests.csproj]
C:\Users\ultra\warewolf\Dev\Warewolf.Testing\Warewolf.Testing.csproj : warning NU1701: Package 'ReactiveUI.WPF 18.4.1' was restored using '.NETFramework,Version=v4.6.1, .NETFramework,Version=v4.6.2, .NETFramework,Version=v4.7, .NETFramework,Version=v4.7.1, .NETFramework,Version=v4.7.2, .NETFramework,Version=v4.8, .NETFramework,Version=v4.8.1' instead of the project target framework 'net8.0'. This package may not be fully compatible with your project. [C:\Users\ultra\warewolf\Dev\Dev2.Infrastructure.Tests\Dev2.Infrastructure.Tests.csproj]
C:\Users\ultra\warewolf\Dev\Warewolf.Testing\Warewolf.Testing.csproj : warning NU1701: Package 'TaskSchedulerEditor 2.10.1' was restored using '.NETFramework,Version=v4.6.1, .NETFramework,Version=v4.6.2, .NETFramework,Version=v4.7, .NETFramework,Version=v4.7.1, .NETFramework,Version=v4.7.2, .NETFramework,Version=v4.8, .NETFramework,Version=v4.8.1' instead of the project target framework 'net8.0'. This package may not be fully compatible with your project. [C:\Users\ultra\warewolf\Dev\Dev2.Infrastructure.Tests\Dev2.Infrastructure.Tests.csproj]
C:\Users\ultra\warewolf\Dev\Dev2.Runtime\Dev2.Runtime.csproj : warning NU1903: Package 'Microsoft.Windows.Compatibility' 6.0.0 has a known high severity vulnerability, https://github.com/advisories/GHSA-555c-2p6r-68mm [C:\Users\ultra\warewolf\Dev\Dev2.Infrastructure.Tests\Dev2.Infrastructure.Tests.csproj]
C:\Users\ultra\warewolf\Dev\Dev2.Runtime\Dev2.Runtime.csproj : warning NU1701: Package 'AeroWizard 2.3.1' was restored using '.NETFramework,Version=v4.6.1, .NETFramework,Version=v4.6.2, .NETFramework,Version=v4.7, .NETFramework,Version=v4.7.1, .NETFramework,Version=v4.7.2, .NETFramework,Version=v4.8, .NETFramework,Version=v4.8.1' instead of the project target framework 'net8.0'. This package may not be fully compatible with your project. [C:\Users\ultra\warewolf\Dev\Dev2.Infrastructure.Tests\Dev2.Infrastructure.Tests.csproj]
C:\Users\ultra\warewolf\Dev\Dev2.Runtime\Dev2.Runtime.csproj : warning NU1701: Package 'GroupControls 1.9.0' was restored using '.NETFramework,Version=v4.6.1, .NETFramework,Version=v4.6.2, .NETFramework,Version=v4.7, .NETFramework,Version=v4.7.1, .NETFramework,Version=v4.7.2, .NETFramework,Version=v4.8, .NETFramework,Version=v4.8.1' instead of the project target framework 'net8.0'. This package may not be fully compatible with your project. [C:\Users\ultra\warewolf\Dev\Dev2.Infrastructure.Tests\Dev2.Infrastructure.Tests.csproj]
C:\Users\ultra\warewolf\Dev\Dev2.Runtime\Dev2.Runtime.csproj : warning NU1701: Package 'ReactiveUI.WPF 18.4.1' was restored using '.NETFramework,Version=v4.6.1, .NETFramework,Version=v4.6.2, .NETFramework,Version=v4.7, .NETFramework,Version=v4.7.1, .NETFramework,Version=v4.7.2, .NETFramework,Version=v4.8, .NETFramework,Version=v4.8.1' instead of the project target framework 'net8.0'. This package may not be fully compatible with your project. [C:\Users\ultra\warewolf\Dev\Dev2.Infrastructure.Tests\Dev2.Infrastructure.Tests.csproj]
C:\Users\ultra\warewolf\Dev\Dev2.Runtime\Dev2.Runtime.csproj : warning NU1701: Package 'TaskSchedulerEditor 2.10.1' was restored using '.NETFramework,Version=v4.6.1, .NETFramework,Version=v4.6.2, .NETFramework,Version=v4.7, .NETFramework,Version=v4.7.1, .NETFramework,Version=v4.7.2, .NETFramework,Version=v4.8, .NETFramework,Version=v4.8.1' instead of the project target framework 'net8.0'. This package may not be fully compatible with your project. [C:\Users\ultra\warewolf\Dev\Dev2.Infrastructure.Tests\Dev2.Infrastructure.Tests.csproj]
C:\Users\ultra\warewolf\Dev\Warewolf.Exchange.Email.Wrapper\Warewolf.Exchange.Email.Wrapper.csproj : warning NU1701: Package 'AeroWizard 2.3.1' was restored using '.NETFramework,Version=v4.6.1, .NETFramework,Version=v4.6.2, .NETFramework,Version=v4.7, .NETFramework,Version=v4.7.1, .NETFramework,Version=v4.7.2, .NETFramework,Version=v4.8, .NETFramework,Version=v4.8.1' instead of the project target framework 'net8.0'. This package may not be fully compatible with your project. [C:\Users\ultra\warewolf\Dev\Dev2.Infrastructure.Tests\Dev2.Infrastructure.Tests.csproj]
C:\Users\ultra\warewolf\Dev\Warewolf.Exchange.Email.Wrapper\Warewolf.Exchange.Email.Wrapper.csproj : warning NU1701: Package 'GroupControls 1.9.0' was restored using '.NETFramework,Version=v4.6.1, .NETFramework,Version=v4.6.2, .NETFramework,Version=v4.7, .NETFramework,Version=v4.7.1, .NETFramework,Version=v4.7.2, .NETFramework,Version=v4.8, .NETFramework,Version=v4.8.1' instead of the project target framework 'net8.0'. This package may not be fully compatible with your project. [C:\Users\ultra\warewolf\Dev\Dev2.Infrastructure.Tests\Dev2.Infrastructure.Tests.csproj]
C:\Users\ultra\warewolf\Dev\Warewolf.Exchange.Email.Wrapper\Warewolf.Exchange.Email.Wrapper.csproj : warning NU1701: Package 'ReactiveUI.WPF 18.4.1' was restored using '.NETFramework,Version=v4.6.1, .NETFramework,Version=v4.6.2, .NETFramework,Version=v4.7, .NETFramework,Version=v4.7.1, .NETFramework,Version=v4.7.2, .NETFramework,Version=v4.8, .NETFramework,Version=v4.8.1' instead of the project target framework 'net8.0'. This package may not be fully compatible with your project. [C:\Users\ultra\warewolf\Dev\Dev2.Infrastructure.Tests\Dev2.Infrastructure.Tests.csproj]
C:\Users\ultra\warewolf\Dev\Warewolf.Exchange.Email.Wrapper\Warewolf.Exchange.Email.Wrapper.csproj : warning NU1701: Package 'TaskSchedulerEditor 2.10.1' was restored using '.NETFramework,Version=v4.6.1, .NETFramework,Version=v4.6.2, .NETFramework,Version=v4.7, .NETFramework,Version=v4.7.1, .NETFramework,Version=v4.7.2, .NETFramework,Version=v4.8, .NETFramework,Version=v4.8.1' instead of the project target framework 'net8.0'. This package may not be fully compatible with your project. [C:\Users\ultra\warewolf\Dev\Dev2.Infrastructure.Tests\Dev2.Infrastructure.Tests.csproj]
C:\Users\ultra\warewolf\Dev\Dev2.TaskScheduler.Wrappers\Dev2.TaskScheduler.Wrappers.csproj : warning NU1701: Package 'AeroWizard 2.3.1' was restored using '.NETFramework,Version=v4.6.1, .NETFramework,Version=v4.6.2, .NETFramework,Version=v4.7, .NETFramework,Version=v4.7.1, .NETFramework,Version=v4.7.2, .NETFramework,Version=v4.8, .NETFramework,Version=v4.8.1' instead of the project target framework 'net8.0'. This package may not be fully compatible with your project. [C:\Users\ultra\warewolf\Dev\Dev2.Infrastructure.Tests\Dev2.Infrastructure.Tests.csproj]
C:\Users\ultra\warewolf\Dev\Dev2.TaskScheduler.Wrappers\Dev2.TaskScheduler.Wrappers.csproj : warning NU1701: Package 'GroupControls 1.9.0' was restored using '.NETFramework,Version=v4.6.1, .NETFramework,Version=v4.6.2, .NETFramework,Version=v4.7, .NETFramework,Version=v4.7.1, .NETFramework,Version=v4.7.2, .NETFramework,Version=v4.8, .NETFramework,Version=v4.8.1' instead of the project target framework 'net8.0'. This package may not be fully compatible with your project. [C:\Users\ultra\warewolf\Dev\Dev2.Infrastructure.Tests\Dev2.Infrastructure.Tests.csproj]
C:\Users\ultra\warewolf\Dev\Dev2.TaskScheduler.Wrappers\Dev2.TaskScheduler.Wrappers.csproj : warning NU1701: Package 'TaskSchedulerEditor 2.10.1' was restored using '.NETFramework,Version=v4.6.1, .NETFramework,Version=v4.6.2, .NETFramework,Version=v4.7, .NETFramework,Version=v4.7.1, .NETFramework,Version=v4.7.2, .NETFramework,Version=v4.8, .NETFramework,Version=v4.8.1' instead of the project target framework 'net8.0'. This package may not be fully compatible with your project. [C:\Users\ultra\warewolf\Dev\Dev2.Infrastructure.Tests\Dev2.Infrastructure.Tests.csproj]
C:\Users\ultra\warewolf\Dev\Dev2.Runtime.Configuration\Dev2.Runtime.Configuration.csproj : warning NU1903: Package 'Microsoft.Windows.Compatibility' 6.0.0 has a known high severity vulnerability, https://github.com/advisories/GHSA-555c-2p6r-68mm [C:\Users\ultra\warewolf\Dev\Dev2.Infrastructure.Tests\Dev2.Infrastructure.Tests.csproj]
C:\Users\ultra\warewolf\Dev\Dev2.Runtime.Configuration\Dev2.Runtime.Configuration.csproj : warning NU1701: Package 'AeroWizard 2.3.1' was restored using '.NETFramework,Version=v4.6.1, .NETFramework,Version=v4.6.2, .NETFramework,Version=v4.7, .NETFramework,Version=v4.7.1, .NETFramework,Version=v4.7.2, .NETFramework,Version=v4.8, .NETFramework,Version=v4.8.1' instead of the project target framework 'net8.0'. This package may not be fully compatible with your project. [C:\Users\ultra\warewolf\Dev\Dev2.Infrastructure.Tests\Dev2.Infrastructure.Tests.csproj]
C:\Users\ultra\warewolf\Dev\Dev2.Runtime.Configuration\Dev2.Runtime.Configuration.csproj : warning NU1701: Package 'GroupControls 1.9.0' was restored using '.NETFramework,Version=v4.6.1, .NETFramework,Version=v4.6.2, .NETFramework,Version=v4.7, .NETFramework,Version=v4.7.1, .NETFramework,Version=v4.7.2, .NETFramework,Version=v4.8, .NETFramework,Version=v4.8.1' instead of the project target framework 'net8.0'. This package may not be fully compatible with your project. [C:\Users\ultra\warewolf\Dev\Dev2.Infrastructure.Tests\Dev2.Infrastructure.Tests.csproj]
C:\Users\ultra\warewolf\Dev\Dev2.Runtime.Configuration\Dev2.Runtime.Configuration.csproj : warning NU1701: Package 'TaskSchedulerEditor 2.10.1' was restored using '.NETFramework,Version=v4.6.1, .NETFramework,Version=v4.6.2, .NETFramework,Version=v4.7, .NETFramework,Version=v4.7.1, .NETFramework,Version=v4.7.2, .NETFramework,Version=v4.8, .NETFramework,Version=v4.8.1' instead of the project target framework 'net8.0'. This package may not be fully compatible with your project. [C:\Users\ultra\warewolf\Dev\Dev2.Infrastructure.Tests\Dev2.Infrastructure.Tests.csproj]
C:\Users\ultra\warewolf\Dev\Dev2.Activities\Dev2.Activities.csproj : warning NU1903: Package 'Microsoft.Windows.Compatibility' 6.0.0 has a known high severity vulnerability, https://github.com/advisories/GHSA-555c-2p6r-68mm [C:\Users\ultra\warewolf\Dev\Dev2.Infrastructure.Tests\Dev2.Infrastructure.Tests.csproj]
C:\Users\ultra\warewolf\Dev\Dev2.Activities\Dev2.Activities.csproj : warning NU1701: Package 'AeroWizard 2.3.1' was restored using '.NETFramework,Version=v4.6.1, .NETFramework,Version=v4.6.2, .NETFramework,Version=v4.7, .NETFramework,Version=v4.7.1, .NETFramework,Version=v4.7.2, .NETFramework,Version=v4.8, .NETFramework,Version=v4.8.1' instead of the project target framework 'net8.0'. This package may not be fully compatible with your project. [C:\Users\ultra\warewolf\Dev\Dev2.Infrastructure.Tests\Dev2.Infrastructure.Tests.csproj]
C:\Users\ultra\warewolf\Dev\Dev2.Activities\Dev2.Activities.csproj : warning NU1701: Package 'GroupControls 1.9.0' was restored using '.NETFramework,Version=v4.6.1, .NETFramework,Version=v4.6.2, .NETFramework,Version=v4.7, .NETFramework,Version=v4.7.1, .NETFramework,Version=v4.7.2, .NETFramework,Version=v4.8, .NETFramework,Version=v4.8.1' instead of the project target framework 'net8.0'. This package may not be fully compatible with your project. [C:\Users\ultra\warewolf\Dev\Dev2.Infrastructure.Tests\Dev2.Infrastructure.Tests.csproj]
C:\Users\ultra\warewolf\Dev\Dev2.Activities\Dev2.Activities.csproj : warning NU1701: Package 'ReactiveUI.WPF 18.4.1' was restored using '.NETFramework,Version=v4.6.1, .NETFramework,Version=v4.6.2, .NETFramework,Version=v4.7, .NETFramework,Version=v4.7.1, .NETFramework,Version=v4.7.2, .NETFramework,Version=v4.8, .NETFramework,Version=v4.8.1' instead of the project target framework 'net8.0'. This package may not be fully compatible with your project. [C:\Users\ultra\warewolf\Dev\Dev2.Infrastructure.Tests\Dev2.Infrastructure.Tests.csproj]
C:\Users\ultra\warewolf\Dev\Dev2.Activities\Dev2.Activities.csproj : warning NU1701: Package 'TaskSchedulerEditor 2.10.1' was restored using '.NETFramework,Version=v4.6.1, .NETFramework,Version=v4.6.2, .NETFramework,Version=v4.7, .NETFramework,Version=v4.7.1, .NETFramework,Version=v4.7.2, .NETFramework,Version=v4.8, .NETFramework,Version=v4.8.1' instead of the project target framework 'net8.0'. This package may not be fully compatible with your project. [C:\Users\ultra\warewolf\Dev\Dev2.Infrastructure.Tests\Dev2.Infrastructure.Tests.csproj]
C:\Users\ultra\warewolf\Dev\Warewolf.Licensing\Warewolf.Licensing.csproj : warning NU1701: Package 'AeroWizard 2.3.1' was restored using '.NETFramework,Version=v4.6.1, .NETFramework,Version=v4.6.2, .NETFramework,Version=v4.7, .NETFramework,Version=v4.7.1, .NETFramework,Version=v4.7.2, .NETFramework,Version=v4.8, .NETFramework,Version=v4.8.1' instead of the project target framework 'net8.0'. This package may not be fully compatible with your project. [C:\Users\ultra\warewolf\Dev\Dev2.Infrastructure.Tests\Dev2.Infrastructure.Tests.csproj]
C:\Users\ultra\warewolf\Dev\Warewolf.Licensing\Warewolf.Licensing.csproj : warning NU1701: Package 'GroupControls 1.9.0' was restored using '.NETFramework,Version=v4.6.1, .NETFramework,Version=v4.6.2, .NETFramework,Version=v4.7, .NETFramework,Version=v4.7.1, .NETFramework,Version=v4.7.2, .NETFramework,Version=v4.8, .NETFramework,Version=v4.8.1' instead of the project target framework 'net8.0'. This package may not be fully compatible with your project. [C:\Users\ultra\warewolf\Dev\Dev2.Infrastructure.Tests\Dev2.Infrastructure.Tests.csproj]
C:\Users\ultra\warewolf\Dev\Warewolf.Licensing\Warewolf.Licensing.csproj : warning NU1701: Package 'TaskSchedulerEditor 2.10.1' was restored using '.NETFramework,Version=v4.6.1, .NETFramework,Version=v4.6.2, .NETFramework,Version=v4.7, .NETFramework,Version=v4.7.1, .NETFramework,Version=v4.7.2, .NETFramework,Version=v4.8, .NETFramework,Version=v4.8.1' instead of the project target framework 'net8.0'. This package may not be fully compatible with your project. [C:\Users\ultra\warewolf\Dev\Dev2.Infrastructure.Tests\Dev2.Infrastructure.Tests.csproj]
C:\Users\ultra\warewolf\Dev\Warewolf.Common\Warewolf.Common.csproj : warning NU1701: Package 'AeroWizard 2.3.1' was restored using '.NETFramework,Version=v4.6.1, .NETFramework,Version=v4.6.2, .NETFramework,Version=v4.7, .NETFramework,Version=v4.7.1, .NETFramework,Version=v4.7.2, .NETFramework,Version=v4.8, .NETFramework,Version=v4.8.1' instead of the project target framework 'net8.0'. This package may not be fully compatible with your project. [C:\Users\ultra\warewolf\Dev\Dev2.Infrastructure.Tests\Dev2.Infrastructure.Tests.csproj]
C:\Users\ultra\warewolf\Dev\Warewolf.Common\Warewolf.Common.csproj : warning NU1701: Package 'GroupControls 1.9.0' was restored using '.NETFramework,Version=v4.6.1, .NETFramework,Version=v4.6.2, .NETFramework,Version=v4.7, .NETFramework,Version=v4.7.1, .NETFramework,Version=v4.7.2, .NETFramework,Version=v4.8, .NETFramework,Version=v4.8.1' instead of the project target framework 'net8.0'. This package may not be fully compatible with your project. [C:\Users\ultra\warewolf\Dev\Dev2.Infrastructure.Tests\Dev2.Infrastructure.Tests.csproj]
C:\Users\ultra\warewolf\Dev\Warewolf.Common\Warewolf.Common.csproj : warning NU1701: Package 'TaskSchedulerEditor 2.10.1' was restored using '.NETFramework,Version=v4.6.1, .NETFramework,Version=v4.6.2, .NETFramework,Version=v4.7, .NETFramework,Version=v4.7.1, .NETFramework,Version=v4.7.2, .NETFramework,Version=v4.8, .NETFramework,Version=v4.8.1' instead of the project target framework 'net8.0'. This package may not be fully compatible with your project. [C:\Users\ultra\warewolf\Dev\Dev2.Infrastructure.Tests\Dev2.Infrastructure.Tests.csproj]
C:\Users\ultra\warewolf\Dev\Warewolf.Auditing\Warewolf.Auditing.csproj : warning NU1701: Package 'AeroWizard 2.3.1' was restored using '.NETFramework,Version=v4.6.1, .NETFramework,Version=v4.6.2, .NETFramework,Version=v4.7, .NETFramework,Version=v4.7.1, .NETFramework,Version=v4.7.2, .NETFramework,Version=v4.8, .NETFramework,Version=v4.8.1' instead of the project target framework 'net8.0'. This package may not be fully compatible with your project. [C:\Users\ultra\warewolf\Dev\Dev2.Infrastructure.Tests\Dev2.Infrastructure.Tests.csproj]
C:\Users\ultra\warewolf\Dev\Warewolf.Auditing\Warewolf.Auditing.csproj : warning NU1701: Package 'GroupControls 1.9.0' was restored using '.NETFramework,Version=v4.6.1, .NETFramework,Version=v4.6.2, .NETFramework,Version=v4.7, .NETFramework,Version=v4.7.1, .NETFramework,Version=v4.7.2, .NETFramework,Version=v4.8, .NETFramework,Version=v4.8.1' instead of the project target framework 'net8.0'. This package may not be fully compatible with your project. [C:\Users\ultra\warewolf\Dev\Dev2.Infrastructure.Tests\Dev2.Infrastructure.Tests.csproj]
C:\Users\ultra\warewolf\Dev\Warewolf.Auditing\Warewolf.Auditing.csproj : warning NU1701: Package 'ReactiveUI.WPF 18.4.1' was restored using '.NETFramework,Version=v4.6.1, .NETFramework,Version=v4.6.2, .NETFramework,Version=v4.7, .NETFramework,Version=v4.7.1, .NETFramework,Version=v4.7.2, .NETFramework,Version=v4.8, .NETFramework,Version=v4.8.1' instead of the project target framework 'net8.0'. This package may not be fully compatible with your project. [C:\Users\ultra\warewolf\Dev\Dev2.Infrastructure.Tests\Dev2.Infrastructure.Tests.csproj]
C:\Users\ultra\warewolf\Dev\Warewolf.Auditing\Warewolf.Auditing.csproj : warning NU1701: Package 'TaskSchedulerEditor 2.10.1' was restored using '.NETFramework,Version=v4.6.1, .NETFramework,Version=v4.6.2, .NETFramework,Version=v4.7, .NETFramework,Version=v4.7.1, .NETFramework,Version=v4.7.2, .NETFramework,Version=v4.8, .NETFramework,Version=v4.8.1' instead of the project target framework 'net8.0'. This package may not be fully compatible with your project. [C:\Users\ultra\warewolf\Dev\Dev2.Infrastructure.Tests\Dev2.Infrastructure.Tests.csproj]
C:\Users\ultra\warewolf\Dev\Warewolf.Core\Warewolf.Core.csproj : warning NU1903: Package 'Microsoft.Windows.Compatibility' 6.0.0 has a known high severity vulnerability, https://github.com/advisories/GHSA-555c-2p6r-68mm [C:\Users\ultra\warewolf\Dev\Dev2.Infrastructure.Tests\Dev2.Infrastructure.Tests.csproj]
C:\Users\ultra\warewolf\Dev\Warewolf.Core\Warewolf.Core.csproj : warning NU1701: Package 'AeroWizard 2.3.1' was restored using '.NETFramework,Version=v4.6.1, .NETFramework,Version=v4.6.2, .NETFramework,Version=v4.7, .NETFramework,Version=v4.7.1, .NETFramework,Version=v4.7.2, .NETFramework,Version=v4.8, .NETFramework,Version=v4.8.1' instead of the project target framework 'net8.0'. This package may not be fully compatible with your project. [C:\Users\ultra\warewolf\Dev\Dev2.Infrastructure.Tests\Dev2.Infrastructure.Tests.csproj]
C:\Users\ultra\warewolf\Dev\Warewolf.Core\Warewolf.Core.csproj : warning NU1701: Package 'GroupControls 1.9.0' was restored using '.NETFramework,Version=v4.6.1, .NETFramework,Version=v4.6.2, .NETFramework,Version=v4.7, .NETFramework,Version=v4.7.1, .NETFramework,Version=v4.7.2, .NETFramework,Version=v4.8, .NETFramework,Version=v4.8.1' instead of the project target framework 'net8.0'. This package may not be fully compatible with your project. [C:\Users\ultra\warewolf\Dev\Dev2.Infrastructure.Tests\Dev2.Infrastructure.Tests.csproj]
C:\Users\ultra\warewolf\Dev\Warewolf.Core\Warewolf.Core.csproj : warning NU1701: Package 'ReactiveUI.WPF 18.4.1' was restored using '.NETFramework,Version=v4.6.1, .NETFramework,Version=v4.6.2, .NETFramework,Version=v4.7, .NETFramework,Version=v4.7.1, .NETFramework,Version=v4.7.2, .NETFramework,Version=v4.8, .NETFramework,Version=v4.8.1' instead of the project target framework 'net8.0'. This package may not be fully compatible with your project. [C:\Users\ultra\warewolf\Dev\Dev2.Infrastructure.Tests\Dev2.Infrastructure.Tests.csproj]
C:\Users\ultra\warewolf\Dev\Warewolf.Core\Warewolf.Core.csproj : warning NU1701: Package 'TaskSchedulerEditor 2.10.1' was restored using '.NETFramework,Version=v4.6.1, .NETFramework,Version=v4.6.2, .NETFramework,Version=v4.7, .NETFramework,Version=v4.7.1, .NETFramework,Version=v4.7.2, .NETFramework,Version=v4.8, .NETFramework,Version=v4.8.1' instead of the project target framework 'net8.0'. This package may not be fully compatible with your project. [C:\Users\ultra\warewolf\Dev\Dev2.Infrastructure.Tests\Dev2.Infrastructure.Tests.csproj]
C:\Users\ultra\warewolf\Dev\Warewolf.Common.Framework48\Warewolf.Common.Framework48.csproj : warning NU1902: Package 'System.IdentityModel.Tokens.Jwt' 5.1.0 has a known moderate severity vulnerability, https://github.com/advisories/GHSA-59j7-ghrg-fj52 [C:\Users\ultra\warewolf\Dev\Dev2.Infrastructure.Tests\Dev2.Infrastructure.Tests.csproj]
C:\Users\ultra\warewolf\Dev\Warewolf.Common.Framework48\Warewolf.Common.Framework48.csproj : warning NU1701: Package 'AeroWizard 2.3.1' was restored using '.NETFramework,Version=v4.6.1, .NETFramework,Version=v4.6.2, .NETFramework,Version=v4.7, .NETFramework,Version=v4.7.1, .NETFramework,Version=v4.7.2, .NETFramework,Version=v4.8, .NETFramework,Version=v4.8.1' instead of the project target framework 'net8.0'. This package may not be fully compatible with your project. [C:\Users\ultra\warewolf\Dev\Dev2.Infrastructure.Tests\Dev2.Infrastructure.Tests.csproj]
C:\Users\ultra\warewolf\Dev\Warewolf.Common.Framework48\Warewolf.Common.Framework48.csproj : warning NU1701: Package 'GroupControls 1.9.0' was restored using '.NETFramework,Version=v4.6.1, .NETFramework,Version=v4.6.2, .NETFramework,Version=v4.7, .NETFramework,Version=v4.7.1, .NETFramework,Version=v4.7.2, .NETFramework,Version=v4.8, .NETFramework,Version=v4.8.1' instead of the project target framework 'net8.0'. This package may not be fully compatible with your project. [C:\Users\ultra\warewolf\Dev\Dev2.Infrastructure.Tests\Dev2.Infrastructure.Tests.csproj]
C:\Users\ultra\warewolf\Dev\Warewolf.Common.Framework48\Warewolf.Common.Framework48.csproj : warning NU1701: Package 'Microsoft.Xaml.Behaviors.Wpf 1.1.122' was restored using '.NETFramework,Version=v4.6.1, .NETFramework,Version=v4.6.2, .NETFramework,Version=v4.7, .NETFramework,Version=v4.7.1, .NETFramework,Version=v4.7.2, .NETFramework,Version=v4.8, .NETFramework,Version=v4.8.1' instead of the project target framework 'net8.0'. This package may not be fully compatible with your project. [C:\Users\ultra\warewolf\Dev\Dev2.Infrastructure.Tests\Dev2.Infrastructure.Tests.csproj]
C:\Users\ultra\warewolf\Dev\Warewolf.Common.Framework48\Warewolf.Common.Framework48.csproj : warning NU1701: Package 'Prism.Wpf 9.0.537' was restored using '.NETFramework,Version=v4.6.1, .NETFramework,Version=v4.6.2, .NETFramework,Version=v4.7, .NETFramework,Version=v4.7.1, .NETFramework,Version=v4.7.2, .NETFramework,Version=v4.8, .NETFramework,Version=v4.8.1' instead of the project target framework 'net8.0'. This package may not be fully compatible with your project. [C:\Users\ultra\warewolf\Dev\Dev2.Infrastructure.Tests\Dev2.Infrastructure.Tests.csproj]
C:\Users\ultra\warewolf\Dev\Warewolf.Common.Framework48\Warewolf.Common.Framework48.csproj : warning NU1701: Package 'ReactiveUI.WPF 18.4.1' was restored using '.NETFramework,Version=v4.6.1, .NETFramework,Version=v4.6.2, .NETFramework,Version=v4.7, .NETFramework,Version=v4.7.1, .NETFramework,Version=v4.7.2, .NETFramework,Version=v4.8, .NETFramework,Version=v4.8.1' instead of the project target framework 'net8.0'. This package may not be fully compatible with your project. [C:\Users\ultra\warewolf\Dev\Dev2.Infrastructure.Tests\Dev2.Infrastructure.Tests.csproj]
C:\Users\ultra\warewolf\Dev\Warewolf.Common.Framework48\Warewolf.Common.Framework48.csproj : warning NU1701: Package 'TaskSchedulerEditor 2.10.1' was restored using '.NETFramework,Version=v4.6.1, .NETFramework,Version=v4.6.2, .NETFramework,Version=v4.7, .NETFramework,Version=v4.7.1, .NETFramework,Version=v4.7.2, .NETFramework,Version=v4.8, .NETFramework,Version=v4.8.1' instead of the project target framework 'net8.0'. This package may not be fully compatible with your project. [C:\Users\ultra\warewolf\Dev\Dev2.Infrastructure.Tests\Dev2.Infrastructure.Tests.csproj]
C:\Users\ultra\warewolf\Dev\Warewolf.Driver.Persistence\Warewolf.Driver.Persistence.csproj : warning NU1701: Package 'AeroWizard 2.3.1' was restored using '.NETFramework,Version=v4.6.1, .NETFramework,Version=v4.6.2, .NETFramework,Version=v4.7, .NETFramework,Version=v4.7.1, .NETFramework,Version=v4.7.2, .NETFramework,Version=v4.8, .NETFramework,Version=v4.8.1' instead of the project target framework 'net8.0'. This package may not be fully compatible with your project. [C:\Users\ultra\warewolf\Dev\Dev2.Infrastructure.Tests\Dev2.Infrastructure.Tests.csproj]
C:\Users\ultra\warewolf\Dev\Warewolf.Driver.Persistence\Warewolf.Driver.Persistence.csproj : warning NU1701: Package 'GroupControls 1.9.0' was restored using '.NETFramework,Version=v4.6.1, .NETFramework,Version=v4.6.2, .NETFramework,Version=v4.7, .NETFramework,Version=v4.7.1, .NETFramework,Version=v4.7.2, .NETFramework,Version=v4.8, .NETFramework,Version=v4.8.1' instead of the project target framework 'net8.0'. This package may not be fully compatible with your project. [C:\Users\ultra\warewolf\Dev\Dev2.Infrastructure.Tests\Dev2.Infrastructure.Tests.csproj]
C:\Users\ultra\warewolf\Dev\Warewolf.Driver.Persistence\Warewolf.Driver.Persistence.csproj : warning NU1701: Package 'ReactiveUI.WPF 18.4.1' was restored using '.NETFramework,Version=v4.6.1, .NETFramework,Version=v4.6.2, .NETFramework,Version=v4.7, .NETFramework,Version=v4.7.1, .NETFramework,Version=v4.7.2, .NETFramework,Version=v4.8, .NETFramework,Version=v4.8.1' instead of the project target framework 'net8.0'. This package may not be fully compatible with your project. [C:\Users\ultra\warewolf\Dev\Dev2.Infrastructure.Tests\Dev2.Infrastructure.Tests.csproj]
C:\Users\ultra\warewolf\Dev\Warewolf.Driver.Persistence\Warewolf.Driver.Persistence.csproj : warning NU1701: Package 'TaskSchedulerEditor 2.10.1' was restored using '.NETFramework,Version=v4.6.1, .NETFramework,Version=v4.6.2, .NETFramework,Version=v4.7, .NETFramework,Version=v4.7.1, .NETFramework,Version=v4.7.2, .NETFramework,Version=v4.8, .NETFramework,Version=v4.8.1' instead of the project target framework 'net8.0'. This package may not be fully compatible with your project. [C:\Users\ultra\warewolf\Dev\Dev2.Infrastructure.Tests\Dev2.Infrastructure.Tests.csproj]
C:\Users\ultra\warewolf\Dev\Dev2.Studio.Interfaces\Dev2.Studio.Interfaces.csproj : warning NU1701: Package 'AeroWizard 2.3.1' was restored using '.NETFramework,Version=v4.6.1, .NETFramework,Version=v4.6.2, .NETFramework,Version=v4.7, .NETFramework,Version=v4.7.1, .NETFramework,Version=v4.7.2, .NETFramework,Version=v4.8, .NETFramework,Version=v4.8.1' instead of the project target framework 'net8.0'. This package may not be fully compatible with your project. [C:\Users\ultra\warewolf\Dev\Dev2.Infrastructure.Tests\Dev2.Infrastructure.Tests.csproj]
C:\Users\ultra\warewolf\Dev\Dev2.Studio.Interfaces\Dev2.Studio.Interfaces.csproj : warning NU1701: Package 'GroupControls 1.9.0' was restored using '.NETFramework,Version=v4.6.1, .NETFramework,Version=v4.6.2, .NETFramework,Version=v4.7, .NETFramework,Version=v4.7.1, .NETFramework,Version=v4.7.2, .NETFramework,Version=v4.8, .NETFramework,Version=v4.8.1' instead of the project target framework 'net8.0'. This package may not be fully compatible with your project. [C:\Users\ultra\warewolf\Dev\Dev2.Infrastructure.Tests\Dev2.Infrastructure.Tests.csproj]
C:\Users\ultra\warewolf\Dev\Dev2.Studio.Interfaces\Dev2.Studio.Interfaces.csproj : warning NU1701: Package 'Microsoft.Xaml.Behaviors.Wpf 1.1.122' was restored using '.NETFramework,Version=v4.6.1, .NETFramework,Version=v4.6.2, .NETFramework,Version=v4.7, .NETFramework,Version=v4.7.1, .NETFramework,Version=v4.7.2, .NETFramework,Version=v4.8, .NETFramework,Version=v4.8.1' instead of the project target framework 'net8.0'. This package may not be fully compatible with your project. [C:\Users\ultra\warewolf\Dev\Dev2.Infrastructure.Tests\Dev2.Infrastructure.Tests.csproj]
C:\Users\ultra\warewolf\Dev\Dev2.Studio.Interfaces\Dev2.Studio.Interfaces.csproj : warning NU1701: Package 'Prism.Wpf 9.0.537' was restored using '.NETFramework,Version=v4.6.1, .NETFramework,Version=v4.6.2, .NETFramework,Version=v4.7, .NETFramework,Version=v4.7.1, .NETFramework,Version=v4.7.2, .NETFramework,Version=v4.8, .NETFramework,Version=v4.8.1' instead of the project target framework 'net8.0'. This package may not be fully compatible with your project. [C:\Users\ultra\warewolf\Dev\Dev2.Infrastructure.Tests\Dev2.Infrastructure.Tests.csproj]
C:\Users\ultra\warewolf\Dev\Dev2.Studio.Interfaces\Dev2.Studio.Interfaces.csproj : warning NU1701: Package 'ReactiveUI.WPF 18.4.1' was restored using '.NETFramework,Version=v4.6.1, .NETFramework,Version=v4.6.2, .NETFramework,Version=v4.7, .NETFramework,Version=v4.7.1, .NETFramework,Version=v4.7.2, .NETFramework,Version=v4.8, .NETFramework,Version=v4.8.1' instead of the project target framework 'net8.0'. This package may not be fully compatible with your project. [C:\Users\ultra\warewolf\Dev\Dev2.Infrastructure.Tests\Dev2.Infrastructure.Tests.csproj]
C:\Users\ultra\warewolf\Dev\Dev2.Studio.Interfaces\Dev2.Studio.Interfaces.csproj : warning NU1701: Package 'TaskSchedulerEditor 2.10.1' was restored using '.NETFramework,Version=v4.6.1, .NETFramework,Version=v4.6.2, .NETFramework,Version=v4.7, .NETFramework,Version=v4.7.1, .NETFramework,Version=v4.7.2, .NETFramework,Version=v4.8, .NETFramework,Version=v4.8.1' instead of the project target framework 'net8.0'. This package may not be fully compatible with your project. [C:\Users\ultra\warewolf\Dev\Dev2.Infrastructure.Tests\Dev2.Infrastructure.Tests.csproj]
C:\Users\ultra\warewolf\Dev\Warewolf.Data\Warewolf.Data.csproj : warning NU1701: Package 'AeroWizard 2.3.1' was restored using '.NETFramework,Version=v4.6.1, .NETFramework,Version=v4.6.2, .NETFramework,Version=v4.7, .NETFramework,Version=v4.7.1, .NETFramework,Version=v4.7.2, .NETFramework,Version=v4.8, .NETFramework,Version=v4.8.1' instead of the project target framework 'net8.0'. This package may not be fully compatible with your project. [C:\Users\ultra\warewolf\Dev\Dev2.Infrastructure.Tests\Dev2.Infrastructure.Tests.csproj]
C:\Users\ultra\warewolf\Dev\Warewolf.Data\Warewolf.Data.csproj : warning NU1701: Package 'GroupControls 1.9.0' was restored using '.NETFramework,Version=v4.6.1, .NETFramework,Version=v4.6.2, .NETFramework,Version=v4.7, .NETFramework,Version=v4.7.1, .NETFramework,Version=v4.7.2, .NETFramework,Version=v4.8, .NETFramework,Version=v4.8.1' instead of the project target framework 'net8.0'. This package may not be fully compatible with your project. [C:\Users\ultra\warewolf\Dev\Dev2.Infrastructure.Tests\Dev2.Infrastructure.Tests.csproj]
C:\Users\ultra\warewolf\Dev\Warewolf.Data\Warewolf.Data.csproj : warning NU1701: Package 'TaskSchedulerEditor 2.10.1' was restored using '.NETFramework,Version=v4.6.1, .NETFramework,Version=v4.6.2, .NETFramework,Version=v4.7, .NETFramework,Version=v4.7.1, .NETFramework,Version=v4.7.2, .NETFramework,Version=v4.8, .NETFramework,Version=v4.8.1' instead of the project target framework 'net8.0'. This package may not be fully compatible with your project. [C:\Users\ultra\warewolf\Dev\Dev2.Infrastructure.Tests\Dev2.Infrastructure.Tests.csproj]
C:\Users\ultra\warewolf\Dev\Warewolf.Driver.Serilog\Warewolf.Driver.Serilog.csproj : warning NU1701: Package 'AeroWizard 2.3.1' was restored using '.NETFramework,Version=v4.6.1, .NETFramework,Version=v4.6.2, .NETFramework,Version=v4.7, .NETFramework,Version=v4.7.1, .NETFramework,Version=v4.7.2, .NETFramework,Version=v4.8, .NETFramework,Version=v4.8.1' instead of the project target framework 'net8.0'. This package may not be fully compatible with your project. [C:\Users\ultra\warewolf\Dev\Dev2.Infrastructure.Tests\Dev2.Infrastructure.Tests.csproj]
C:\Users\ultra\warewolf\Dev\Warewolf.Driver.Serilog\Warewolf.Driver.Serilog.csproj : warning NU1701: Package 'GroupControls 1.9.0' was restored using '.NETFramework,Version=v4.6.1, .NETFramework,Version=v4.6.2, .NETFramework,Version=v4.7, .NETFramework,Version=v4.7.1, .NETFramework,Version=v4.7.2, .NETFramework,Version=v4.8, .NETFramework,Version=v4.8.1' instead of the project target framework 'net8.0'. This package may not be fully compatible with your project. [C:\Users\ultra\warewolf\Dev\Dev2.Infrastructure.Tests\Dev2.Infrastructure.Tests.csproj]
C:\Users\ultra\warewolf\Dev\Warewolf.Driver.Serilog\Warewolf.Driver.Serilog.csproj : warning NU1701: Package 'ReactiveUI.WPF 18.4.1' was restored using '.NETFramework,Version=v4.6.1, .NETFramework,Version=v4.6.2, .NETFramework,Version=v4.7, .NETFramework,Version=v4.7.1, .NETFramework,Version=v4.7.2, .NETFramework,Version=v4.8, .NETFramework,Version=v4.8.1' instead of the project target framework 'net8.0'. This package may not be fully compatible with your project. [C:\Users\ultra\warewolf\Dev\Dev2.Infrastructure.Tests\Dev2.Infrastructure.Tests.csproj]
C:\Users\ultra\warewolf\Dev\Warewolf.Driver.Serilog\Warewolf.Driver.Serilog.csproj : warning NU1701: Package 'TaskSchedulerEditor 2.10.1' was restored using '.NETFramework,Version=v4.6.1, .NETFramework,Version=v4.6.2, .NETFramework,Version=v4.7, .NETFramework,Version=v4.7.1, .NETFramework,Version=v4.7.2, .NETFramework,Version=v4.8, .NETFramework,Version=v4.8.1' instead of the project target framework 'net8.0'. This package may not be fully compatible with your project. [C:\Users\ultra\warewolf\Dev\Dev2.Infrastructure.Tests\Dev2.Infrastructure.Tests.csproj]
C:\Users\ultra\warewolf\Dev\Dev2.Runtime.Services\Dev2.Runtime.Services.csproj : warning NU1902: Package 'MessagePack' 2.4.59 has a known moderate severity vulnerability, https://github.com/advisories/GHSA-4qm4-8hg2-g2xm [C:\Users\ultra\warewolf\Dev\Dev2.Infrastructure.Tests\Dev2.Infrastructure.Tests.csproj]
C:\Users\ultra\warewolf\Dev\Dev2.Runtime.Services\Dev2.Runtime.Services.csproj : warning NU1903: Package 'Microsoft.Windows.Compatibility' 6.0.0 has a known high severity vulnerability, https://github.com/advisories/GHSA-555c-2p6r-68mm [C:\Users\ultra\warewolf\Dev\Dev2.Infrastructure.Tests\Dev2.Infrastructure.Tests.csproj]
C:\Users\ultra\warewolf\Dev\Dev2.Runtime.Services\Dev2.Runtime.Services.csproj : warning NU1701: Package 'AeroWizard 2.3.1' was restored using '.NETFramework,Version=v4.6.1, .NETFramework,Version=v4.6.2, .NETFramework,Version=v4.7, .NETFramework,Version=v4.7.1, .NETFramework,Version=v4.7.2, .NETFramework,Version=v4.8, .NETFramework,Version=v4.8.1' instead of the project target framework 'net8.0'. This package may not be fully compatible with your project. [C:\Users\ultra\warewolf\Dev\Dev2.Infrastructure.Tests\Dev2.Infrastructure.Tests.csproj]
C:\Users\ultra\warewolf\Dev\Dev2.Runtime.Services\Dev2.Runtime.Services.csproj : warning NU1701: Package 'GroupControls 1.9.0' was restored using '.NETFramework,Version=v4.6.1, .NETFramework,Version=v4.6.2, .NETFramework,Version=v4.7, .NETFramework,Version=v4.7.1, .NETFramework,Version=v4.7.2, .NETFramework,Version=v4.8, .NETFramework,Version=v4.8.1' instead of the project target framework 'net8.0'. This package may not be fully compatible with your project. [C:\Users\ultra\warewolf\Dev\Dev2.Infrastructure.Tests\Dev2.Infrastructure.Tests.csproj]
C:\Users\ultra\warewolf\Dev\Dev2.Runtime.Services\Dev2.Runtime.Services.csproj : warning NU1701: Package 'ReactiveUI.WPF 18.4.1' was restored using '.NETFramework,Version=v4.6.1, .NETFramework,Version=v4.6.2, .NETFramework,Version=v4.7, .NETFramework,Version=v4.7.1, .NETFramework,Version=v4.7.2, .NETFramework,Version=v4.8, .NETFramework,Version=v4.8.1' instead of the project target framework 'net8.0'. This package may not be fully compatible with your project. [C:\Users\ultra\warewolf\Dev\Dev2.Infrastructure.Tests\Dev2.Infrastructure.Tests.csproj]
C:\Users\ultra\warewolf\Dev\Dev2.Runtime.Services\Dev2.Runtime.Services.csproj : warning NU1701: Package 'TaskSchedulerEditor 2.10.1' was restored using '.NETFramework,Version=v4.6.1, .NETFramework,Version=v4.6.2, .NETFramework,Version=v4.7, .NETFramework,Version=v4.7.1, .NETFramework,Version=v4.7.2, .NETFramework,Version=v4.8, .NETFramework,Version=v4.8.1' instead of the project target framework 'net8.0'. This package may not be fully compatible with your project. [C:\Users\ultra\warewolf\Dev\Dev2.Infrastructure.Tests\Dev2.Infrastructure.Tests.csproj]
C:\Users\ultra\warewolf\Dev\Dev2.Studio.Core\Dev2.Studio.Core.csproj : warning NU1701: Package 'AeroWizard 2.3.1' was restored using '.NETFramework,Version=v4.6.1, .NETFramework,Version=v4.6.2, .NETFramework,Version=v4.7, .NETFramework,Version=v4.7.1, .NETFramework,Version=v4.7.2, .NETFramework,Version=v4.8, .NETFramework,Version=v4.8.1' instead of the project target framework 'net8.0'. This package may not be fully compatible with your project. [C:\Users\ultra\warewolf\Dev\Dev2.Infrastructure.Tests\Dev2.Infrastructure.Tests.csproj]
C:\Users\ultra\warewolf\Dev\Dev2.Studio.Core\Dev2.Studio.Core.csproj : warning NU1701: Package 'GroupControls 1.9.0' was restored using '.NETFramework,Version=v4.6.1, .NETFramework,Version=v4.6.2, .NETFramework,Version=v4.7, .NETFramework,Version=v4.7.1, .NETFramework,Version=v4.7.2, .NETFramework,Version=v4.8, .NETFramework,Version=v4.8.1' instead of the project target framework 'net8.0'. This package may not be fully compatible with your project. [C:\Users\ultra\warewolf\Dev\Dev2.Infrastructure.Tests\Dev2.Infrastructure.Tests.csproj]
C:\Users\ultra\warewolf\Dev\Dev2.Studio.Core\Dev2.Studio.Core.csproj : warning NU1701: Package 'Microsoft.Xaml.Behaviors.Wpf 1.1.122' was restored using '.NETFramework,Version=v4.6.1, .NETFramework,Version=v4.6.2, .NETFramework,Version=v4.7, .NETFramework,Version=v4.7.1, .NETFramework,Version=v4.7.2, .NETFramework,Version=v4.8, .NETFramework,Version=v4.8.1' instead of the project target framework 'net8.0'. This package may not be fully compatible with your project. [C:\Users\ultra\warewolf\Dev\Dev2.Infrastructure.Tests\Dev2.Infrastructure.Tests.csproj]
C:\Users\ultra\warewolf\Dev\Dev2.Studio.Core\Dev2.Studio.Core.csproj : warning NU1701: Package 'Prism.Wpf 9.0.537' was restored using '.NETFramework,Version=v4.6.1, .NETFramework,Version=v4.6.2, .NETFramework,Version=v4.7, .NETFramework,Version=v4.7.1, .NETFramework,Version=v4.7.2, .NETFramework,Version=v4.8, .NETFramework,Version=v4.8.1' instead of the project target framework 'net8.0'. This package may not be fully compatible with your project. [C:\Users\ultra\warewolf\Dev\Dev2.Infrastructure.Tests\Dev2.Infrastructure.Tests.csproj]
C:\Users\ultra\warewolf\Dev\Dev2.Studio.Core\Dev2.Studio.Core.csproj : warning NU1701: Package 'ReactiveUI.WPF 18.4.1' was restored using '.NETFramework,Version=v4.6.1, .NETFramework,Version=v4.6.2, .NETFramework,Version=v4.7, .NETFramework,Version=v4.7.1, .NETFramework,Version=v4.7.2, .NETFramework,Version=v4.8, .NETFramework,Version=v4.8.1' instead of the project target framework 'net8.0'. This package may not be fully compatible with your project. [C:\Users\ultra\warewolf\Dev\Dev2.Infrastructure.Tests\Dev2.Infrastructure.Tests.csproj]
C:\Users\ultra\warewolf\Dev\Dev2.Studio.Core\Dev2.Studio.Core.csproj : warning NU1701: Package 'TaskSchedulerEditor 2.10.1' was restored using '.NETFramework,Version=v4.6.1, .NETFramework,Version=v4.6.2, .NETFramework,Version=v4.7, .NETFramework,Version=v4.7.1, .NETFramework,Version=v4.7.2, .NETFramework,Version=v4.8, .NETFramework,Version=v4.8.1' instead of the project target framework 'net8.0'. This package may not be fully compatible with your project. [C:\Users\ultra\warewolf\Dev\Dev2.Infrastructure.Tests\Dev2.Infrastructure.Tests.csproj]
C:\Users\ultra\warewolf\Dev\Dev2.Runtime.WebServer\Dev2.Runtime.WebServer.csproj : warning NU1902: Package 'System.IdentityModel.Tokens.Jwt' 5.1.0 has a known moderate severity vulnerability, https://github.com/advisories/GHSA-59j7-ghrg-fj52 [C:\Users\ultra\warewolf\Dev\Dev2.Infrastructure.Tests\Dev2.Infrastructure.Tests.csproj]
C:\Users\ultra\warewolf\Dev\Dev2.Runtime.WebServer\Dev2.Runtime.WebServer.csproj : warning NU1701: Package 'AeroWizard 2.3.1' was restored using '.NETFramework,Version=v4.6.1, .NETFramework,Version=v4.6.2, .NETFramework,Version=v4.7, .NETFramework,Version=v4.7.1, .NETFramework,Version=v4.7.2, .NETFramework,Version=v4.8, .NETFramework,Version=v4.8.1' instead of the project target framework 'net8.0'. This package may not be fully compatible with your project. [C:\Users\ultra\warewolf\Dev\Dev2.Infrastructure.Tests\Dev2.Infrastructure.Tests.csproj]
C:\Users\ultra\warewolf\Dev\Dev2.Runtime.WebServer\Dev2.Runtime.WebServer.csproj : warning NU1701: Package 'GroupControls 1.9.0' was restored using '.NETFramework,Version=v4.6.1, .NETFramework,Version=v4.6.2, .NETFramework,Version=v4.7, .NETFramework,Version=v4.7.1, .NETFramework,Version=v4.7.2, .NETFramework,Version=v4.8, .NETFramework,Version=v4.8.1' instead of the project target framework 'net8.0'. This package may not be fully compatible with your project. [C:\Users\ultra\warewolf\Dev\Dev2.Infrastructure.Tests\Dev2.Infrastructure.Tests.csproj]
C:\Users\ultra\warewolf\Dev\Dev2.Runtime.WebServer\Dev2.Runtime.WebServer.csproj : warning NU1701: Package 'Microsoft.Xaml.Behaviors.Wpf 1.1.122' was restored using '.NETFramework,Version=v4.6.1, .NETFramework,Version=v4.6.2, .NETFramework,Version=v4.7, .NETFramework,Version=v4.7.1, .NETFramework,Version=v4.7.2, .NETFramework,Version=v4.8, .NETFramework,Version=v4.8.1' instead of the project target framework 'net8.0'. This package may not be fully compatible with your project. [C:\Users\ultra\warewolf\Dev\Dev2.Infrastructure.Tests\Dev2.Infrastructure.Tests.csproj]
C:\Users\ultra\warewolf\Dev\Dev2.Runtime.WebServer\Dev2.Runtime.WebServer.csproj : warning NU1701: Package 'Prism.Wpf 9.0.537' was restored using '.NETFramework,Version=v4.6.1, .NETFramework,Version=v4.6.2, .NETFramework,Version=v4.7, .NETFramework,Version=v4.7.1, .NETFramework,Version=v4.7.2, .NETFramework,Version=v4.8, .NETFramework,Version=v4.8.1' instead of the project target framework 'net8.0'. This package may not be fully compatible with your project. [C:\Users\ultra\warewolf\Dev\Dev2.Infrastructure.Tests\Dev2.Infrastructure.Tests.csproj]
C:\Users\ultra\warewolf\Dev\Dev2.Runtime.WebServer\Dev2.Runtime.WebServer.csproj : warning NU1701: Package 'ReactiveUI.WPF 18.4.1' was restored using '.NETFramework,Version=v4.6.1, .NETFramework,Version=v4.6.2, .NETFramework,Version=v4.7, .NETFramework,Version=v4.7.1, .NETFramework,Version=v4.7.2, .NETFramework,Version=v4.8, .NETFramework,Version=v4.8.1' instead of the project target framework 'net8.0'. This package may not be fully compatible with your project. [C:\Users\ultra\warewolf\Dev\Dev2.Infrastructure.Tests\Dev2.Infrastructure.Tests.csproj]
C:\Users\ultra\warewolf\Dev\Dev2.Runtime.WebServer\Dev2.Runtime.WebServer.csproj : warning NU1701: Package 'TaskSchedulerEditor 2.10.1' was restored using '.NETFramework,Version=v4.6.1, .NETFramework,Version=v4.6.2, .NETFramework,Version=v4.7, .NETFramework,Version=v4.7.1, .NETFramework,Version=v4.7.2, .NETFramework,Version=v4.8, .NETFramework,Version=v4.8.1' instead of the project target framework 'net8.0'. This package may not be fully compatible with your project. [C:\Users\ultra\warewolf\Dev\Dev2.Infrastructure.Tests\Dev2.Infrastructure.Tests.csproj]
  All projects are up-to-date for restore.
C:\Users\ultra\warewolf\Dev\Dev2.Infrastructure.Tests\Dev2.Infrastructure.Tests.csproj : warning NU1701: Package 'AeroWizard 2.3.1' was restored using '.NETFramework,Version=v4.6.1, .NETFramework,Version=v4.6.2, .NETFramework,Version=v4.7, .NETFramework,Version=v4.7.1, .NETFramework,Version=v4.7.2, .NETFramework,Version=v4.8, .NETFramework,Version=v4.8.1' instead of the project target framework 'net8.0'. This package may not be fully compatible with your project.
C:\Users\ultra\warewolf\Dev\Dev2.Infrastructure.Tests\Dev2.Infrastructure.Tests.csproj : warning NU1701: Package 'GroupControls 1.9.0' was restored using '.NETFramework,Version=v4.6.1, .NETFramework,Version=v4.6.2, .NETFramework,Version=v4.7, .NETFramework,Version=v4.7.1, .NETFramework,Version=v4.7.2, .NETFramework,Version=v4.8, .NETFramework,Version=v4.8.1' instead of the project target framework 'net8.0'. This package may not be fully compatible with your project.
C:\Users\ultra\warewolf\Dev\Dev2.Infrastructure.Tests\Dev2.Infrastructure.Tests.csproj : warning NU1701: Package 'Microsoft.Xaml.Behaviors.Wpf 1.1.122' was restored using '.NETFramework,Version=v4.6.1, .NETFramework,Version=v4.6.2, .NETFramework,Version=v4.7, .NETFramework,Version=v4.7.1, .NETFramework,Version=v4.7.2, .NETFramework,Version=v4.8, .NETFramework,Version=v4.8.1' instead of the project target framework 'net8.0'. This package may not be fully compatible with your project.
C:\Users\ultra\warewolf\Dev\Dev2.Infrastructure.Tests\Dev2.Infrastructure.Tests.csproj : warning NU1701: Package 'Prism.Wpf 9.0.537' was restored using '.NETFramework,Version=v4.6.1, .NETFramework,Version=v4.6.2, .NETFramework,Version=v4.7, .NETFramework,Version=v4.7.1, .NETFramework,Version=v4.7.2, .NETFramework,Version=v4.8, .NETFramework,Version=v4.8.1' instead of the project target framework 'net8.0'. This package may not be fully compatible with your project.
C:\Users\ultra\warewolf\Dev\Dev2.Infrastructure.Tests\Dev2.Infrastructure.Tests.csproj : warning NU1701: Package 'ReactiveUI.WPF 18.4.1' was restored using '.NETFramework,Version=v4.6.1, .NETFramework,Version=v4.6.2, .NETFramework,Version=v4.7, .NETFramework,Version=v4.7.1, .NETFramework,Version=v4.7.2, .NETFramework,Version=v4.8, .NETFramework,Version=v4.8.1' instead of the project target framework 'net8.0'. This package may not be fully compatible with your project.
C:\Users\ultra\warewolf\Dev\Dev2.Infrastructure.Tests\Dev2.Infrastructure.Tests.csproj : warning NU1701: Package 'TaskSchedulerEditor 2.10.1' was restored using '.NETFramework,Version=v4.6.1, .NETFramework,Version=v4.6.2, .NETFramework,Version=v4.7, .NETFramework,Version=v4.7.1, .NETFramework,Version=v4.7.2, .NETFramework,Version=v4.8, .NETFramework,Version=v4.8.1' instead of the project target framework 'net8.0'. This package may not be fully compatible with your project.
C:\Users\ultra\warewolf\Dev\Dev2.Core\Dev2.Core.csproj : warning NU1903: Package 'Microsoft.Windows.Compatibility' 6.0.0 has a known high severity vulnerability, https://github.com/advisories/GHSA-555c-2p6r-68mm
C:\Users\ultra\warewolf\Dev\Dev2.Core\Dev2.Core.csproj : warning NU1701: Package 'AeroWizard 2.3.1' was restored using '.NETFramework,Version=v4.6.1, .NETFramework,Version=v4.6.2, .NETFramework,Version=v4.7, .NETFramework,Version=v4.7.1, .NETFramework,Version=v4.7.2, .NETFramework,Version=v4.8, .NETFramework,Version=v4.8.1' instead of the project target framework 'net8.0'. This package may not be fully compatible with your project.
C:\Users\ultra\warewolf\Dev\Dev2.Core\Dev2.Core.csproj : warning NU1701: Package 'GroupControls 1.9.0' was restored using '.NETFramework,Version=v4.6.1, .NETFramework,Version=v4.6.2, .NETFramework,Version=v4.7, .NETFramework,Version=v4.7.1, .NETFramework,Version=v4.7.2, .NETFramework,Version=v4.8, .NETFramework,Version=v4.8.1' instead of the project target framework 'net8.0'. This package may not be fully compatible with your project.
C:\Users\ultra\warewolf\Dev\Dev2.Core\Dev2.Core.csproj : warning NU1701: Package 'ReactiveUI.WPF 18.4.1' was restored using '.NETFramework,Version=v4.6.1, .NETFramework,Version=v4.6.2, .NETFramework,Version=v4.7, .NETFramework,Version=v4.7.1, .NETFramework,Version=v4.7.2, .NETFramework,Version=v4.8, .NETFramework,Version=v4.8.1' instead of the project target framework 'net8.0'. This package may not be fully compatible with your project.
C:\Users\ultra\warewolf\Dev\Dev2.Core\Dev2.Core.csproj : warning NU1701: Package 'TaskSchedulerEditor 2.10.1' was restored using '.NETFramework,Version=v4.6.1, .NETFramework,Version=v4.6.2, .NETFramework,Version=v4.7, .NETFramework,Version=v4.7.1, .NETFramework,Version=v4.7.2, .NETFramework,Version=v4.8, .NETFramework,Version=v4.8.1' instead of the project target framework 'net8.0'. This package may not be fully compatible with your project.
C:\Users\ultra\warewolf\Dev\Warewolf.Testing\Warewolf.Testing.csproj : warning NU1701: Package 'AeroWizard 2.3.1' was restored using '.NETFramework,Version=v4.6.1, .NETFramework,Version=v4.6.2, .NETFramework,Version=v4.7, .NETFramework,Version=v4.7.1, .NETFramework,Version=v4.7.2, .NETFramework,Version=v4.8, .NETFramework,Version=v4.8.1' instead of the project target framework 'net8.0'. This package may not be fully compatible with your project.
C:\Users\ultra\warewolf\Dev\Warewolf.Testing\Warewolf.Testing.csproj : warning NU1701: Package 'GroupControls 1.9.0' was restored using '.NETFramework,Version=v4.6.1, .NETFramework,Version=v4.6.2, .NETFramework,Version=v4.7, .NETFramework,Version=v4.7.1, .NETFramework,Version=v4.7.2, .NETFramework,Version=v4.8, .NETFramework,Version=v4.8.1' instead of the project target framework 'net8.0'. This package may not be fully compatible with your project.
C:\Users\ultra\warewolf\Dev\Warewolf.Testing\Warewolf.Testing.csproj : warning NU1701: Package 'Microsoft.Xaml.Behaviors.Wpf 1.1.122' was restored using '.NETFramework,Version=v4.6.1, .NETFramework,Version=v4.6.2, .NETFramework,Version=v4.7, .NETFramework,Version=v4.7.1, .NETFramework,Version=v4.7.2, .NETFramework,Version=v4.8, .NETFramework,Version=v4.8.1' instead of the project target framework 'net8.0'. This package may not be fully compatible with your project.
C:\Users\ultra\warewolf\Dev\Warewolf.Testing\Warewolf.Testing.csproj : warning NU1701: Package 'Prism.Wpf 9.0.537' was restored using '.NETFramework,Version=v4.6.1, .NETFramework,Version=v4.6.2, .NETFramework,Version=v4.7, .NETFramework,Version=v4.7.1, .NETFramework,Version=v4.7.2, .NETFramework,Version=v4.8, .NETFramework,Version=v4.8.1' instead of the project target framework 'net8.0'. This package may not be fully compatible with your project.
C:\Users\ultra\warewolf\Dev\Warewolf.Testing\Warewolf.Testing.csproj : warning NU1701: Package 'ReactiveUI.WPF 18.4.1' was restored using '.NETFramework,Version=v4.6.1, .NETFramework,Version=v4.6.2, .NETFramework,Version=v4.7, .NETFramework,Version=v4.7.1, .NETFramework,Version=v4.7.2, .NETFramework,Version=v4.8, .NETFramework,Version=v4.8.1' instead of the project target framework 'net8.0'. This package may not be fully compatible with your project.
C:\Users\ultra\warewolf\Dev\Warewolf.Testing\Warewolf.Testing.csproj : warning NU1701: Package 'TaskSchedulerEditor 2.10.1' was restored using '.NETFramework,Version=v4.6.1, .NETFramework,Version=v4.6.2, .NETFramework,Version=v4.7, .NETFramework,Version=v4.7.1, .NETFramework,Version=v4.7.2, .NETFramework,Version=v4.8, .NETFramework,Version=v4.8.1' instead of the project target framework 'net8.0'. This package may not be fully compatible with your project.
C:\Users\ultra\warewolf\Dev\Dev2.Runtime.Configuration\Dev2.Runtime.Configuration.csproj : warning NU1903: Package 'Microsoft.Windows.Compatibility' 6.0.0 has a known high severity vulnerability, https://github.com/advisories/GHSA-555c-2p6r-68mm
C:\Users\ultra\warewolf\Dev\Dev2.Runtime.WebServer\Dev2.Runtime.WebServer.csproj : warning NU1902: Package 'System.IdentityModel.Tokens.Jwt' 5.1.0 has a known moderate severity vulnerability, https://github.com/advisories/GHSA-59j7-ghrg-fj52
C:\Users\ultra\warewolf\Dev\Dev2.Common\Dev2.Common.csproj : warning NU1903: Package 'Microsoft.Windows.Compatibility' 6.0.0 has a known high severity vulnerability, https://github.com/advisories/GHSA-555c-2p6r-68mm
C:\Users\ultra\warewolf\Dev\Dev2.Runtime.Configuration\Dev2.Runtime.Configuration.csproj : warning NU1701: Package 'AeroWizard 2.3.1' was restored using '.NETFramework,Version=v4.6.1, .NETFramework,Version=v4.6.2, .NETFramework,Version=v4.7, .NETFramework,Version=v4.7.1, .NETFramework,Version=v4.7.2, .NETFramework,Version=v4.8, .NETFramework,Version=v4.8.1' instead of the project target framework 'net8.0'. This package may not be fully compatible with your project.
C:\Users\ultra\warewolf\Dev\Dev2.Runtime.WebServer\Dev2.Runtime.WebServer.csproj : warning NU1701: Package 'AeroWizard 2.3.1' was restored using '.NETFramework,Version=v4.6.1, .NETFramework,Version=v4.6.2, .NETFramework,Version=v4.7, .NETFramework,Version=v4.7.1, .NETFramework,Version=v4.7.2, .NETFramework,Version=v4.8, .NETFramework,Version=v4.8.1' instead of the project target framework 'net8.0'. This package may not be fully compatible with your project.
C:\Users\ultra\warewolf\Dev\Dev2.Common\Dev2.Common.csproj : warning NU1701: Package 'AeroWizard 2.3.1' was restored using '.NETFramework,Version=v4.6.1, .NETFramework,Version=v4.6.2, .NETFramework,Version=v4.7, .NETFramework,Version=v4.7.1, .NETFramework,Version=v4.7.2, .NETFramework,Version=v4.8, .NETFramework,Version=v4.8.1' instead of the project target framework 'net8.0'. This package may not be fully compatible with your project.
C:\Users\ultra\warewolf\Dev\Dev2.Runtime.Configuration\Dev2.Runtime.Configuration.csproj : warning NU1701: Package 'GroupControls 1.9.0' was restored using '.NETFramework,Version=v4.6.1, .NETFramework,Version=v4.6.2, .NETFramework,Version=v4.7, .NETFramework,Version=v4.7.1, .NETFramework,Version=v4.7.2, .NETFramework,Version=v4.8, .NETFramework,Version=v4.8.1' instead of the project target framework 'net8.0'. This package may not be fully compatible with your project.
C:\Users\ultra\warewolf\Dev\Dev2.Runtime.WebServer\Dev2.Runtime.WebServer.csproj : warning NU1701: Package 'GroupControls 1.9.0' was restored using '.NETFramework,Version=v4.6.1, .NETFramework,Version=v4.6.2, .NETFramework,Version=v4.7, .NETFramework,Version=v4.7.1, .NETFramework,Version=v4.7.2, .NETFramework,Version=v4.8, .NETFramework,Version=v4.8.1' instead of the project target framework 'net8.0'. This package may not be fully compatible with your project.
C:\Users\ultra\warewolf\Dev\Dev2.Common\Dev2.Common.csproj : warning NU1701: Package 'GroupControls 1.9.0' was restored using '.NETFramework,Version=v4.6.1, .NETFramework,Version=v4.6.2, .NETFramework,Version=v4.7, .NETFramework,Version=v4.7.1, .NETFramework,Version=v4.7.2, .NETFramework,Version=v4.8, .NETFramework,Version=v4.8.1' instead of the project target framework 'net8.0'. This package may not be fully compatible with your project.
C:\Users\ultra\warewolf\Dev\Dev2.Runtime.WebServer\Dev2.Runtime.WebServer.csproj : warning NU1701: Package 'Microsoft.Xaml.Behaviors.Wpf 1.1.122' was restored using '.NETFramework,Version=v4.6.1, .NETFramework,Version=v4.6.2, .NETFramework,Version=v4.7, .NETFramework,Version=v4.7.1, .NETFramework,Version=v4.7.2, .NETFramework,Version=v4.8, .NETFramework,Version=v4.8.1' instead of the project target framework 'net8.0'. This package may not be fully compatible with your project.
C:\Users\ultra\warewolf\Dev\Dev2.Common\Dev2.Common.csproj : warning NU1701: Package 'TaskSchedulerEditor 2.10.1' was restored using '.NETFramework,Version=v4.6.1, .NETFramework,Version=v4.6.2, .NETFramework,Version=v4.7, .NETFramework,Version=v4.7.1, .NETFramework,Version=v4.7.2, .NETFramework,Version=v4.8, .NETFramework,Version=v4.8.1' instead of the project target framework 'net8.0'. This package may not be fully compatible with your project.
C:\Users\ultra\warewolf\Dev\Dev2.Runtime.Configuration\Dev2.Runtime.Configuration.csproj : warning NU1701: Package 'TaskSchedulerEditor 2.10.1' was restored using '.NETFramework,Version=v4.6.1, .NETFramework,Version=v4.6.2, .NETFramework,Version=v4.7, .NETFramework,Version=v4.7.1, .NETFramework,Version=v4.7.2, .NETFramework,Version=v4.8, .NETFramework,Version=v4.8.1' instead of the project target framework 'net8.0'. This package may not be fully compatible with your project.
C:\Users\ultra\warewolf\Dev\Dev2.Runtime.WebServer\Dev2.Runtime.WebServer.csproj : warning NU1701: Package 'Prism.Wpf 9.0.537' was restored using '.NETFramework,Version=v4.6.1, .NETFramework,Version=v4.6.2, .NETFramework,Version=v4.7, .NETFramework,Version=v4.7.1, .NETFramework,Version=v4.7.2, .NETFramework,Version=v4.8, .NETFramework,Version=v4.8.1' instead of the project target framework 'net8.0'. This package may not be fully compatible with your project.
C:\Users\ultra\warewolf\Dev\Dev2.Data\Dev2.Data.csproj : warning NU1701: Package 'AeroWizard 2.3.1' was restored using '.NETFramework,Version=v4.6.1, .NETFramework,Version=v4.6.2, .NETFramework,Version=v4.7, .NETFramework,Version=v4.7.1, .NETFramework,Version=v4.7.2, .NETFramework,Version=v4.8, .NETFramework,Version=v4.8.1' instead of the project target framework 'net8.0'. This package may not be fully compatible with your project.
C:\Users\ultra\warewolf\Dev\Dev2.Runtime.WebServer\Dev2.Runtime.WebServer.csproj : warning NU1701: Package 'ReactiveUI.WPF 18.4.1' was restored using '.NETFramework,Version=v4.6.1, .NETFramework,Version=v4.6.2, .NETFramework,Version=v4.7, .NETFramework,Version=v4.7.1, .NETFramework,Version=v4.7.2, .NETFramework,Version=v4.8, .NETFramework,Version=v4.8.1' instead of the project target framework 'net8.0'. This package may not be fully compatible with your project.
C:\Users\ultra\warewolf\Dev\Dev2.Data\Dev2.Data.csproj : warning NU1701: Package 'GroupControls 1.9.0' was restored using '.NETFramework,Version=v4.6.1, .NETFramework,Version=v4.6.2, .NETFramework,Version=v4.7, .NETFramework,Version=v4.7.1, .NETFramework,Version=v4.7.2, .NETFramework,Version=v4.8, .NETFramework,Version=v4.8.1' instead of the project target framework 'net8.0'. This package may not be fully compatible with your project.
C:\Users\ultra\warewolf\Dev\Dev2.Runtime.WebServer\Dev2.Runtime.WebServer.csproj : warning NU1701: Package 'TaskSchedulerEditor 2.10.1' was restored using '.NETFramework,Version=v4.6.1, .NETFramework,Version=v4.6.2, .NETFramework,Version=v4.7, .NETFramework,Version=v4.7.1, .NETFramework,Version=v4.7.2, .NETFramework,Version=v4.8, .NETFramework,Version=v4.8.1' instead of the project target framework 'net8.0'. This package may not be fully compatible with your project.
C:\Users\ultra\warewolf\Dev\Warewolf.Common.Framework48\Warewolf.Common.Framework48.csproj : warning NU1902: Package 'System.IdentityModel.Tokens.Jwt' 5.1.0 has a known moderate severity vulnerability, https://github.com/advisories/GHSA-59j7-ghrg-fj52
C:\Users\ultra\warewolf\Dev\Dev2.Data\Dev2.Data.csproj : warning NU1701: Package 'ReactiveUI.WPF 18.4.1' was restored using '.NETFramework,Version=v4.6.1, .NETFramework,Version=v4.6.2, .NETFramework,Version=v4.7, .NETFramework,Version=v4.7.1, .NETFramework,Version=v4.7.2, .NETFramework,Version=v4.8, .NETFramework,Version=v4.8.1' instead of the project target framework 'net8.0'. This package may not be fully compatible with your project.
C:\Users\ultra\warewolf\Dev\Warewolf.Common.Framework48\Warewolf.Common.Framework48.csproj : warning NU1701: Package 'AeroWizard 2.3.1' was restored using '.NETFramework,Version=v4.6.1, .NETFramework,Version=v4.6.2, .NETFramework,Version=v4.7, .NETFramework,Version=v4.7.1, .NETFramework,Version=v4.7.2, .NETFramework,Version=v4.8, .NETFramework,Version=v4.8.1' instead of the project target framework 'net8.0'. This package may not be fully compatible with your project.
C:\Users\ultra\warewolf\Dev\Dev2.Data\Dev2.Data.csproj : warning NU1701: Package 'TaskSchedulerEditor 2.10.1' was restored using '.NETFramework,Version=v4.6.1, .NETFramework,Version=v4.6.2, .NETFramework,Version=v4.7, .NETFramework,Version=v4.7.1, .NETFramework,Version=v4.7.2, .NETFramework,Version=v4.8, .NETFramework,Version=v4.8.1' instead of the project target framework 'net8.0'. This package may not be fully compatible with your project.
C:\Users\ultra\warewolf\Dev\Warewolf.Common.Framework48\Warewolf.Common.Framework48.csproj : warning NU1701: Package 'GroupControls 1.9.0' was restored using '.NETFramework,Version=v4.6.1, .NETFramework,Version=v4.6.2, .NETFramework,Version=v4.7, .NETFramework,Version=v4.7.1, .NETFramework,Version=v4.7.2, .NETFramework,Version=v4.8, .NETFramework,Version=v4.8.1' instead of the project target framework 'net8.0'. This package may not be fully compatible with your project.
C:\Users\ultra\warewolf\Dev\Warewolf.Common.Framework48\Warewolf.Common.Framework48.csproj : warning NU1701: Package 'Microsoft.Xaml.Behaviors.Wpf 1.1.122' was restored using '.NETFramework,Version=v4.6.1, .NETFramework,Version=v4.6.2, .NETFramework,Version=v4.7, .NETFramework,Version=v4.7.1, .NETFramework,Version=v4.7.2, .NETFramework,Version=v4.8, .NETFramework,Version=v4.8.1' instead of the project target framework 'net8.0'. This package may not be fully compatible with your project.
C:\Users\ultra\warewolf\Dev\Warewolf.Common.Framework48\Warewolf.Common.Framework48.csproj : warning NU1701: Package 'Prism.Wpf 9.0.537' was restored using '.NETFramework,Version=v4.6.1, .NETFramework,Version=v4.6.2, .NETFramework,Version=v4.7, .NETFramework,Version=v4.7.1, .NETFramework,Version=v4.7.2, .NETFramework,Version=v4.8, .NETFramework,Version=v4.8.1' instead of the project target framework 'net8.0'. This package may not be fully compatible with your project.
C:\Users\ultra\warewolf\Dev\Dev2.Infrastructure\Dev2.Infrastructure.csproj : warning NU1903: Package 'Microsoft.Windows.Compatibility' 6.0.0 has a known high severity vulnerability, https://github.com/advisories/GHSA-555c-2p6r-68mm
C:\Users\ultra\warewolf\Dev\Dev2.Infrastructure\Dev2.Infrastructure.csproj : warning NU1701: Package 'AeroWizard 2.3.1' was restored using '.NETFramework,Version=v4.6.1, .NETFramework,Version=v4.6.2, .NETFramework,Version=v4.7, .NETFramework,Version=v4.7.1, .NETFramework,Version=v4.7.2, .NETFramework,Version=v4.8, .NETFramework,Version=v4.8.1' instead of the project target framework 'net8.0'. This package may not be fully compatible with your project.
C:\Users\ultra\warewolf\Dev\Warewolf.Common.Framework48\Warewolf.Common.Framework48.csproj : warning NU1701: Package 'ReactiveUI.WPF 18.4.1' was restored using '.NETFramework,Version=v4.6.1, .NETFramework,Version=v4.6.2, .NETFramework,Version=v4.7, .NETFramework,Version=v4.7.1, .NETFramework,Version=v4.7.2, .NETFramework,Version=v4.8, .NETFramework,Version=v4.8.1' instead of the project target framework 'net8.0'. This package may not be fully compatible with your project.
C:\Users\ultra\warewolf\Dev\Warewolf.Common.Framework48\Warewolf.Common.Framework48.csproj : warning NU1701: Package 'TaskSchedulerEditor 2.10.1' was restored using '.NETFramework,Version=v4.6.1, .NETFramework,Version=v4.6.2, .NETFramework,Version=v4.7, .NETFramework,Version=v4.7.1, .NETFramework,Version=v4.7.2, .NETFramework,Version=v4.8, .NETFramework,Version=v4.8.1' instead of the project target framework 'net8.0'. This package may not be fully compatible with your project.
C:\Users\ultra\warewolf\Dev\Dev2.Infrastructure\Dev2.Infrastructure.csproj : warning NU1701: Package 'GroupControls 1.9.0' was restored using '.NETFramework,Version=v4.6.1, .NETFramework,Version=v4.6.2, .NETFramework,Version=v4.7, .NETFramework,Version=v4.7.1, .NETFramework,Version=v4.7.2, .NETFramework,Version=v4.8, .NETFramework,Version=v4.8.1' instead of the project target framework 'net8.0'. This package may not be fully compatible with your project.
C:\Users\ultra\warewolf\Dev\Dev2.Infrastructure\Dev2.Infrastructure.csproj : warning NU1701: Package 'ReactiveUI.WPF 18.4.1' was restored using '.NETFramework,Version=v4.6.1, .NETFramework,Version=v4.6.2, .NETFramework,Version=v4.7, .NETFramework,Version=v4.7.1, .NETFramework,Version=v4.7.2, .NETFramework,Version=v4.8, .NETFramework,Version=v4.8.1' instead of the project target framework 'net8.0'. This package may not be fully compatible with your project.
C:\Users\ultra\warewolf\Dev\Dev2.Infrastructure\Dev2.Infrastructure.csproj : warning NU1701: Package 'TaskSchedulerEditor 2.10.1' was restored using '.NETFramework,Version=v4.6.1, .NETFramework,Version=v4.6.2, .NETFramework,Version=v4.7, .NETFramework,Version=v4.7.1, .NETFramework,Version=v4.7.2, .NETFramework,Version=v4.8, .NETFramework,Version=v4.8.1' instead of the project target framework 'net8.0'. This package may not be fully compatible with your project.
C:\Users\ultra\warewolf\Dev\Dev2.Common.Interfaces\Dev2.Common.Interfaces.csproj : warning NU1903: Package 'Microsoft.Windows.Compatibility' 6.0.0 has a known high severity vulnerability, https://github.com/advisories/GHSA-555c-2p6r-68mm
C:\Users\ultra\warewolf\Dev\Dev2.Common.Interfaces\Dev2.Common.Interfaces.csproj : warning NU1701: Package 'AeroWizard 2.3.1' was restored using '.NETFramework,Version=v4.6.1, .NETFramework,Version=v4.6.2, .NETFramework,Version=v4.7, .NETFramework,Version=v4.7.1, .NETFramework,Version=v4.7.2, .NETFramework,Version=v4.8, .NETFramework,Version=v4.8.1' instead of the project target framework 'net8.0'. This package may not be fully compatible with your project.
C:\Users\ultra\warewolf\Dev\Dev2.Common.Interfaces\Dev2.Common.Interfaces.csproj : warning NU1701: Package 'GroupControls 1.9.0' was restored using '.NETFramework,Version=v4.6.1, .NETFramework,Version=v4.6.2, .NETFramework,Version=v4.7, .NETFramework,Version=v4.7.1, .NETFramework,Version=v4.7.2, .NETFramework,Version=v4.8, .NETFramework,Version=v4.8.1' instead of the project target framework 'net8.0'. This package may not be fully compatible with your project.
C:\Users\ultra\warewolf\Dev\Dev2.Common.Interfaces\Dev2.Common.Interfaces.csproj : warning NU1701: Package 'TaskSchedulerEditor 2.10.1' was restored using '.NETFramework,Version=v4.6.1, .NETFramework,Version=v4.6.2, .NETFramework,Version=v4.7, .NETFramework,Version=v4.7.1, .NETFramework,Version=v4.7.2, .NETFramework,Version=v4.8, .NETFramework,Version=v4.8.1' instead of the project target framework 'net8.0'. This package may not be fully compatible with your project.
C:\Users\ultra\warewolf\Dev\Dev2.Diagnostics\Dev2.Diagnostics.csproj : warning NU1701: Package 'AeroWizard 2.3.1' was restored using '.NETFramework,Version=v4.6.1, .NETFramework,Version=v4.6.2, .NETFramework,Version=v4.7, .NETFramework,Version=v4.7.1, .NETFramework,Version=v4.7.2, .NETFramework,Version=v4.8, .NETFramework,Version=v4.8.1' instead of the project target framework 'net8.0'. This package may not be fully compatible with your project.
C:\Users\ultra\warewolf\Dev\Dev2.Diagnostics\Dev2.Diagnostics.csproj : warning NU1701: Package 'GroupControls 1.9.0' was restored using '.NETFramework,Version=v4.6.1, .NETFramework,Version=v4.6.2, .NETFramework,Version=v4.7, .NETFramework,Version=v4.7.1, .NETFramework,Version=v4.7.2, .NETFramework,Version=v4.8, .NETFramework,Version=v4.8.1' instead of the project target framework 'net8.0'. This package may not be fully compatible with your project.
C:\Users\ultra\warewolf\Dev\Dev2.Diagnostics\Dev2.Diagnostics.csproj : warning NU1701: Package 'TaskSchedulerEditor 2.10.1' was restored using '.NETFramework,Version=v4.6.1, .NETFramework,Version=v4.6.2, .NETFramework,Version=v4.7, .NETFramework,Version=v4.7.1, .NETFramework,Version=v4.7.2, .NETFramework,Version=v4.8, .NETFramework,Version=v4.8.1' instead of the project target framework 'net8.0'. This package may not be fully compatible with your project.
C:\Users\ultra\warewolf\Dev\Dev2.Activities\Dev2.Activities.csproj : warning NU1903: Package 'Microsoft.Windows.Compatibility' 6.0.0 has a known high severity vulnerability, https://github.com/advisories/GHSA-555c-2p6r-68mm
C:\Users\ultra\warewolf\Dev\Dev2.Activities\Dev2.Activities.csproj : warning NU1701: Package 'AeroWizard 2.3.1' was restored using '.NETFramework,Version=v4.6.1, .NETFramework,Version=v4.6.2, .NETFramework,Version=v4.7, .NETFramework,Version=v4.7.1, .NETFramework,Version=v4.7.2, .NETFramework,Version=v4.8, .NETFramework,Version=v4.8.1' instead of the project target framework 'net8.0'. This package may not be fully compatible with your project.
C:\Users\ultra\warewolf\Dev\Dev2.Activities\Dev2.Activities.csproj : warning NU1701: Package 'GroupControls 1.9.0' was restored using '.NETFramework,Version=v4.6.1, .NETFramework,Version=v4.6.2, .NETFramework,Version=v4.7, .NETFramework,Version=v4.7.1, .NETFramework,Version=v4.7.2, .NETFramework,Version=v4.8, .NETFramework,Version=v4.8.1' instead of the project target framework 'net8.0'. This package may not be fully compatible with your project.
C:\Users\ultra\warewolf\Dev\Dev2.Activities\Dev2.Activities.csproj : warning NU1701: Package 'ReactiveUI.WPF 18.4.1' was restored using '.NETFramework,Version=v4.6.1, .NETFramework,Version=v4.6.2, .NETFramework,Version=v4.7, .NETFramework,Version=v4.7.1, .NETFramework,Version=v4.7.2, .NETFramework,Version=v4.8, .NETFramework,Version=v4.8.1' instead of the project target framework 'net8.0'. This package may not be fully compatible with your project.
C:\Users\ultra\warewolf\Dev\Dev2.Activities\Dev2.Activities.csproj : warning NU1701: Package 'TaskSchedulerEditor 2.10.1' was restored using '.NETFramework,Version=v4.6.1, .NETFramework,Version=v4.6.2, .NETFramework,Version=v4.7, .NETFramework,Version=v4.7.1, .NETFramework,Version=v4.7.2, .NETFramework,Version=v4.8, .NETFramework,Version=v4.8.1' instead of the project target framework 'net8.0'. This package may not be fully compatible with your project.
C:\Users\ultra\warewolf\Dev\Warewolf.Sharepoint\Warewolf.Sharepoint.csproj : warning NU1701: Package 'AeroWizard 2.3.1' was restored using '.NETFramework,Version=v4.6.1, .NETFramework,Version=v4.6.2, .NETFramework,Version=v4.7, .NETFramework,Version=v4.7.1, .NETFramework,Version=v4.7.2, .NETFramework,Version=v4.8, .NETFramework,Version=v4.8.1' instead of the project target framework 'net8.0'. This package may not be fully compatible with your project.
C:\Users\ultra\warewolf\Dev\Warewolf.Sharepoint\Warewolf.Sharepoint.csproj : warning NU1701: Package 'GroupControls 1.9.0' was restored using '.NETFramework,Version=v4.6.1, .NETFramework,Version=v4.6.2, .NETFramework,Version=v4.7, .NETFramework,Version=v4.7.1, .NETFramework,Version=v4.7.2, .NETFramework,Version=v4.8, .NETFramework,Version=v4.8.1' instead of the project target framework 'net8.0'. This package may not be fully compatible with your project.
C:\Users\ultra\warewolf\Dev\Warewolf.Sharepoint\Warewolf.Sharepoint.csproj : warning NU1701: Package 'ReactiveUI.WPF 18.4.1' was restored using '.NETFramework,Version=v4.6.1, .NETFramework,Version=v4.6.2, .NETFramework,Version=v4.7, .NETFramework,Version=v4.7.1, .NETFramework,Version=v4.7.2, .NETFramework,Version=v4.8, .NETFramework,Version=v4.8.1' instead of the project target framework 'net8.0'. This package may not be fully compatible with your project.
C:\Users\ultra\warewolf\Dev\Warewolf.Sharepoint\Warewolf.Sharepoint.csproj : warning NU1701: Package 'TaskSchedulerEditor 2.10.1' was restored using '.NETFramework,Version=v4.6.1, .NETFramework,Version=v4.6.2, .NETFramework,Version=v4.7, .NETFramework,Version=v4.7.1, .NETFramework,Version=v4.7.2, .NETFramework,Version=v4.8, .NETFramework,Version=v4.8.1' instead of the project target framework 'net8.0'. This package may not be fully compatible with your project.
C:\Program Files\dotnet\sdk\10.0.201\Sdks\Microsoft.NET.Sdk\targets\Microsoft.NET.Sdk.DefaultItems.targets(162,5): warning NETSDK1137: It is no longer necessary to use the Microsoft.NET.Sdk.WindowsDesktop SDK. Consider changing the Sdk attribute of the root Project element to 'Microsoft.NET.Sdk'. [C:\Users\ultra\warewolf\Dev\Dev2.CustomControls\Dev2.CustomControls.csproj]
C:\Program Files\dotnet\sdk\10.0.201\Sdks\Microsoft.NET.Sdk.WindowsDesktop\targets\Microsoft.NET.Sdk.WindowsDesktop.targets(138,5): warning NETSDK1106: Microsoft.NET.Sdk.WindowsDesktop requires 'UseWpf' or 'UseWindowsForms' to be set to 'true' [C:\Users\ultra\warewolf\Dev\Dev2.CustomControls\Dev2.CustomControls.csproj]
C:\Users\ultra\warewolf\Dev\Dev2.CustomControls\Dev2.CustomControls.csproj : warning NU1903: Package 'Microsoft.Windows.Compatibility' 6.0.0 has a known high severity vulnerability, https://github.com/advisories/GHSA-555c-2p6r-68mm
C:\Users\ultra\warewolf\Dev\Dev2.CustomControls\Dev2.CustomControls.csproj : warning NU1701: Package 'AeroWizard 2.3.1' was restored using '.NETFramework,Version=v4.6.1, .NETFramework,Version=v4.6.2, .NETFramework,Version=v4.7, .NETFramework,Version=v4.7.1, .NETFramework,Version=v4.7.2, .NETFramework,Version=v4.8, .NETFramework,Version=v4.8.1' instead of the project target framework 'net8.0'. This package may not be fully compatible with your project.
C:\Users\ultra\warewolf\Dev\Dev2.CustomControls\Dev2.CustomControls.csproj : warning NU1701: Package 'GroupControls 1.9.0' was restored using '.NETFramework,Version=v4.6.1, .NETFramework,Version=v4.6.2, .NETFramework,Version=v4.7, .NETFramework,Version=v4.7.1, .NETFramework,Version=v4.7.2, .NETFramework,Version=v4.8, .NETFramework,Version=v4.8.1' instead of the project target framework 'net8.0'. This package may not be fully compatible with your project.
C:\Users\ultra\warewolf\Dev\Dev2.CustomControls\Dev2.CustomControls.csproj : warning NU1701: Package 'TaskSchedulerEditor 2.10.1' was restored using '.NETFramework,Version=v4.6.1, .NETFramework,Version=v4.6.2, .NETFramework,Version=v4.7, .NETFramework,Version=v4.7.1, .NETFramework,Version=v4.7.2, .NETFramework,Version=v4.8, .NETFramework,Version=v4.8.1' instead of the project target framework 'net8.0'. This package may not be fully compatible with your project.
C:\Users\ultra\warewolf\Dev\Warewolf.Common\Warewolf.Common.csproj : warning NU1701: Package 'AeroWizard 2.3.1' was restored using '.NETFramework,Version=v4.6.1, .NETFramework,Version=v4.6.2, .NETFramework,Version=v4.7, .NETFramework,Version=v4.7.1, .NETFramework,Version=v4.7.2, .NETFramework,Version=v4.8, .NETFramework,Version=v4.8.1' instead of the project target framework 'net8.0'. This package may not be fully compatible with your project.
C:\Users\ultra\warewolf\Dev\Warewolf.Common\Warewolf.Common.csproj : warning NU1701: Package 'GroupControls 1.9.0' was restored using '.NETFramework,Version=v4.6.1, .NETFramework,Version=v4.6.2, .NETFramework,Version=v4.7, .NETFramework,Version=v4.7.1, .NETFramework,Version=v4.7.2, .NETFramework,Version=v4.8, .NETFramework,Version=v4.8.1' instead of the project target framework 'net8.0'. This package may not be fully compatible with your project.
C:\Users\ultra\warewolf\Dev\Warewolf.Common\Warewolf.Common.csproj : warning NU1701: Package 'TaskSchedulerEditor 2.10.1' was restored using '.NETFramework,Version=v4.6.1, .NETFramework,Version=v4.6.2, .NETFramework,Version=v4.7, .NETFramework,Version=v4.7.1, .NETFramework,Version=v4.7.2, .NETFramework,Version=v4.8, .NETFramework,Version=v4.8.1' instead of the project target framework 'net8.0'. This package may not be fully compatible with your project.
C:\Users\ultra\warewolf\Dev\Dev2.Studio.Interfaces\Dev2.Studio.Interfaces.csproj : warning NU1701: Package 'AeroWizard 2.3.1' was restored using '.NETFramework,Version=v4.6.1, .NETFramework,Version=v4.6.2, .NETFramework,Version=v4.7, .NETFramework,Version=v4.7.1, .NETFramework,Version=v4.7.2, .NETFramework,Version=v4.8, .NETFramework,Version=v4.8.1' instead of the project target framework 'net8.0'. This package may not be fully compatible with your project.
C:\Users\ultra\warewolf\Dev\Dev2.Studio.Interfaces\Dev2.Studio.Interfaces.csproj : warning NU1701: Package 'GroupControls 1.9.0' was restored using '.NETFramework,Version=v4.6.1, .NETFramework,Version=v4.6.2, .NETFramework,Version=v4.7, .NETFramework,Version=v4.7.1, .NETFramework,Version=v4.7.2, .NETFramework,Version=v4.8, .NETFramework,Version=v4.8.1' instead of the project target framework 'net8.0'. This package may not be fully compatible with your project.
C:\Users\ultra\warewolf\Dev\Dev2.Studio.Interfaces\Dev2.Studio.Interfaces.csproj : warning NU1701: Package 'Microsoft.Xaml.Behaviors.Wpf 1.1.122' was restored using '.NETFramework,Version=v4.6.1, .NETFramework,Version=v4.6.2, .NETFramework,Version=v4.7, .NETFramework,Version=v4.7.1, .NETFramework,Version=v4.7.2, .NETFramework,Version=v4.8, .NETFramework,Version=v4.8.1' instead of the project target framework 'net8.0'. This package may not be fully compatible with your project.
C:\Users\ultra\warewolf\Dev\Dev2.Studio.Interfaces\Dev2.Studio.Interfaces.csproj : warning NU1701: Package 'Prism.Wpf 9.0.537' was restored using '.NETFramework,Version=v4.6.1, .NETFramework,Version=v4.6.2, .NETFramework,Version=v4.7, .NETFramework,Version=v4.7.1, .NETFramework,Version=v4.7.2, .NETFramework,Version=v4.8, .NETFramework,Version=v4.8.1' instead of the project target framework 'net8.0'. This package may not be fully compatible with your project.
C:\Users\ultra\warewolf\Dev\Dev2.Studio.Interfaces\Dev2.Studio.Interfaces.csproj : warning NU1701: Package 'ReactiveUI.WPF 18.4.1' was restored using '.NETFramework,Version=v4.6.1, .NETFramework,Version=v4.6.2, .NETFramework,Version=v4.7, .NETFramework,Version=v4.7.1, .NETFramework,Version=v4.7.2, .NETFramework,Version=v4.8, .NETFramework,Version=v4.8.1' instead of the project target framework 'net8.0'. This package may not be fully compatible with your project.
C:\Users\ultra\warewolf\Dev\Dev2.Studio.Interfaces\Dev2.Studio.Interfaces.csproj : warning NU1701: Package 'TaskSchedulerEditor 2.10.1' was restored using '.NETFramework,Version=v4.6.1, .NETFramework,Version=v4.6.2, .NETFramework,Version=v4.7, .NETFramework,Version=v4.7.1, .NETFramework,Version=v4.7.2, .NETFramework,Version=v4.8, .NETFramework,Version=v4.8.1' instead of the project target framework 'net8.0'. This package may not be fully compatible with your project.
C:\Users\ultra\warewolf\Dev\Dev2.Services.Sql\Dev2.Services.Sql.csproj : warning NU1903: Package 'Oracle.ManagedDataAccess.Core' 3.21.70 has a known high severity vulnerability, https://github.com/advisories/GHSA-5pm2-9mr2-3frq
C:\Users\ultra\warewolf\Dev\Dev2.Services.Sql\Dev2.Services.Sql.csproj : warning NU1701: Package 'AeroWizard 2.3.1' was restored using '.NETFramework,Version=v4.6.1, .NETFramework,Version=v4.6.2, .NETFramework,Version=v4.7, .NETFramework,Version=v4.7.1, .NETFramework,Version=v4.7.2, .NETFramework,Version=v4.8, .NETFramework,Version=v4.8.1' instead of the project target framework 'net8.0'. This package may not be fully compatible with your project.
C:\Users\ultra\warewolf\Dev\Dev2.Services.Sql\Dev2.Services.Sql.csproj : warning NU1701: Package 'GroupControls 1.9.0' was restored using '.NETFramework,Version=v4.6.1, .NETFramework,Version=v4.6.2, .NETFramework,Version=v4.7, .NETFramework,Version=v4.7.1, .NETFramework,Version=v4.7.2, .NETFramework,Version=v4.8, .NETFramework,Version=v4.8.1' instead of the project target framework 'net8.0'. This package may not be fully compatible with your project.
C:\Users\ultra\warewolf\Dev\Dev2.Services.Sql\Dev2.Services.Sql.csproj : warning NU1701: Package 'ReactiveUI.WPF 18.4.1' was restored using '.NETFramework,Version=v4.6.1, .NETFramework,Version=v4.6.2, .NETFramework,Version=v4.7, .NETFramework,Version=v4.7.1, .NETFramework,Version=v4.7.2, .NETFramework,Version=v4.8, .NETFramework,Version=v4.8.1' instead of the project target framework 'net8.0'. This package may not be fully compatible with your project.
C:\Users\ultra\warewolf\Dev\Dev2.Services.Sql\Dev2.Services.Sql.csproj : warning NU1701: Package 'TaskSchedulerEditor 2.10.1' was restored using '.NETFramework,Version=v4.6.1, .NETFramework,Version=v4.6.2, .NETFramework,Version=v4.7, .NETFramework,Version=v4.7.1, .NETFramework,Version=v4.7.2, .NETFramework,Version=v4.8, .NETFramework,Version=v4.8.1' instead of the project target framework 'net8.0'. This package may not be fully compatible with your project.
C:\Users\ultra\warewolf\Dev\Warewolf.Security\Warewolf.Security.csproj : warning NU1904: Package 'System.Drawing.Common' 4.5.1 has a known critical severity vulnerability, https://github.com/advisories/GHSA-rxg9-xrhp-64gj
C:\Users\ultra\warewolf\Dev\Dev2.Data.Interfaces\Dev2.Data.Interfaces.csproj : warning NU1903: Package 'DotNetZip' 1.16.0 has a known high severity vulnerability, https://github.com/advisories/GHSA-xhg6-9j5j-w4vf
C:\Users\ultra\warewolf\Dev\Dev2.Data.Interfaces\Dev2.Data.Interfaces.csproj : warning NU1701: Package 'AeroWizard 2.3.1' was restored using '.NETFramework,Version=v4.6.1, .NETFramework,Version=v4.6.2, .NETFramework,Version=v4.7, .NETFramework,Version=v4.7.1, .NETFramework,Version=v4.7.2, .NETFramework,Version=v4.8, .NETFramework,Version=v4.8.1' instead of the project target framework 'net8.0'. This package may not be fully compatible with your project.
C:\Users\ultra\warewolf\Dev\Dev2.Data.Interfaces\Dev2.Data.Interfaces.csproj : warning NU1701: Package 'GroupControls 1.9.0' was restored using '.NETFramework,Version=v4.6.1, .NETFramework,Version=v4.6.2, .NETFramework,Version=v4.7, .NETFramework,Version=v4.7.1, .NETFramework,Version=v4.7.2, .NETFramework,Version=v4.8, .NETFramework,Version=v4.8.1' instead of the project target framework 'net8.0'. This package may not be fully compatible with your project.
C:\Users\ultra\warewolf\Dev\Dev2.Data.Interfaces\Dev2.Data.Interfaces.csproj : warning NU1701: Package 'TaskSchedulerEditor 2.10.1' was restored using '.NETFramework,Version=v4.6.1, .NETFramework,Version=v4.6.2, .NETFramework,Version=v4.7, .NETFramework,Version=v4.7.1, .NETFramework,Version=v4.7.2, .NETFramework,Version=v4.8, .NETFramework,Version=v4.8.1' instead of the project target framework 'net8.0'. This package may not be fully compatible with your project.
C:\Users\ultra\warewolf\Dev\Dev2.Runtime.Services\Dev2.Runtime.Services.csproj : warning NU1902: Package 'MessagePack' 2.4.59 has a known moderate severity vulnerability, https://github.com/advisories/GHSA-4qm4-8hg2-g2xm
C:\Users\ultra\warewolf\Dev\Dev2.TaskScheduler.Wrappers\Dev2.TaskScheduler.Wrappers.csproj : warning NU1701: Package 'AeroWizard 2.3.1' was restored using '.NETFramework,Version=v4.6.1, .NETFramework,Version=v4.6.2, .NETFramework,Version=v4.7, .NETFramework,Version=v4.7.1, .NETFramework,Version=v4.7.2, .NETFramework,Version=v4.8, .NETFramework,Version=v4.8.1' instead of the project target framework 'net8.0'. This package may not be fully compatible with your project.
C:\Users\ultra\warewolf\Dev\Dev2.Runtime.Services\Dev2.Runtime.Services.csproj : warning NU1903: Package 'Microsoft.Windows.Compatibility' 6.0.0 has a known high severity vulnerability, https://github.com/advisories/GHSA-555c-2p6r-68mm
C:\Users\ultra\warewolf\Dev\Dev2.TaskScheduler.Wrappers\Dev2.TaskScheduler.Wrappers.csproj : warning NU1701: Package 'GroupControls 1.9.0' was restored using '.NETFramework,Version=v4.6.1, .NETFramework,Version=v4.6.2, .NETFramework,Version=v4.7, .NETFramework,Version=v4.7.1, .NETFramework,Version=v4.7.2, .NETFramework,Version=v4.8, .NETFramework,Version=v4.8.1' instead of the project target framework 'net8.0'. This package may not be fully compatible with your project.
C:\Users\ultra\warewolf\Dev\Dev2.Runtime.Services\Dev2.Runtime.Services.csproj : warning NU1701: Package 'AeroWizard 2.3.1' was restored using '.NETFramework,Version=v4.6.1, .NETFramework,Version=v4.6.2, .NETFramework,Version=v4.7, .NETFramework,Version=v4.7.1, .NETFramework,Version=v4.7.2, .NETFramework,Version=v4.8, .NETFramework,Version=v4.8.1' instead of the project target framework 'net8.0'. This package may not be fully compatible with your project.
C:\Users\ultra\warewolf\Dev\Dev2.Runtime.Services\Dev2.Runtime.Services.csproj : warning NU1701: Package 'GroupControls 1.9.0' was restored using '.NETFramework,Version=v4.6.1, .NETFramework,Version=v4.6.2, .NETFramework,Version=v4.7, .NETFramework,Version=v4.7.1, .NETFramework,Version=v4.7.2, .NETFramework,Version=v4.8, .NETFramework,Version=v4.8.1' instead of the project target framework 'net8.0'. This package may not be fully compatible with your project.
C:\Users\ultra\warewolf\Dev\Dev2.TaskScheduler.Wrappers\Dev2.TaskScheduler.Wrappers.csproj : warning NU1701: Package 'TaskSchedulerEditor 2.10.1' was restored using '.NETFramework,Version=v4.6.1, .NETFramework,Version=v4.6.2, .NETFramework,Version=v4.7, .NETFramework,Version=v4.7.1, .NETFramework,Version=v4.7.2, .NETFramework,Version=v4.8, .NETFramework,Version=v4.8.1' instead of the project target framework 'net8.0'. This package may not be fully compatible with your project.
C:\Users\ultra\warewolf\Dev\Dev2.Runtime.Services\Dev2.Runtime.Services.csproj : warning NU1701: Package 'ReactiveUI.WPF 18.4.1' was restored using '.NETFramework,Version=v4.6.1, .NETFramework,Version=v4.6.2, .NETFramework,Version=v4.7, .NETFramework,Version=v4.7.1, .NETFramework,Version=v4.7.2, .NETFramework,Version=v4.8, .NETFramework,Version=v4.8.1' instead of the project target framework 'net8.0'. This package may not be fully compatible with your project.
C:\Users\ultra\warewolf\Dev\Dev2.Runtime.Services\Dev2.Runtime.Services.csproj : warning NU1701: Package 'TaskSchedulerEditor 2.10.1' was restored using '.NETFramework,Version=v4.6.1, .NETFramework,Version=v4.6.2, .NETFramework,Version=v4.7, .NETFramework,Version=v4.7.1, .NETFramework,Version=v4.7.2, .NETFramework,Version=v4.8, .NETFramework,Version=v4.8.1' instead of the project target framework 'net8.0'. This package may not be fully compatible with your project.
C:\Users\ultra\warewolf\Dev\Dev2.Scheduler\Dev2.Scheduler.csproj : warning NU1701: Package 'AeroWizard 2.3.1' was restored using '.NETFramework,Version=v4.6.1, .NETFramework,Version=v4.6.2, .NETFramework,Version=v4.7, .NETFramework,Version=v4.7.1, .NETFramework,Version=v4.7.2, .NETFramework,Version=v4.8, .NETFramework,Version=v4.8.1' instead of the project target framework 'net8.0'. This package may not be fully compatible with your project.
C:\Users\ultra\warewolf\Dev\Dev2.Scheduler\Dev2.Scheduler.csproj : warning NU1701: Package 'GroupControls 1.9.0' was restored using '.NETFramework,Version=v4.6.1, .NETFramework,Version=v4.6.2, .NETFramework,Version=v4.7, .NETFramework,Version=v4.7.1, .NETFramework,Version=v4.7.2, .NETFramework,Version=v4.8, .NETFramework,Version=v4.8.1' instead of the project target framework 'net8.0'. This package may not be fully compatible with your project.
C:\Users\ultra\warewolf\Dev\Dev2.Scheduler\Dev2.Scheduler.csproj : warning NU1701: Package 'ReactiveUI.WPF 18.4.1' was restored using '.NETFramework,Version=v4.6.1, .NETFramework,Version=v4.6.2, .NETFramework,Version=v4.7, .NETFramework,Version=v4.7.1, .NETFramework,Version=v4.7.2, .NETFramework,Version=v4.8, .NETFramework,Version=v4.8.1' instead of the project target framework 'net8.0'. This package may not be fully compatible with your project.
C:\Users\ultra\warewolf\Dev\Dev2.Scheduler\Dev2.Scheduler.csproj : warning NU1701: Package 'TaskSchedulerEditor 2.10.1' was restored using '.NETFramework,Version=v4.6.1, .NETFramework,Version=v4.6.2, .NETFramework,Version=v4.7, .NETFramework,Version=v4.7.1, .NETFramework,Version=v4.7.2, .NETFramework,Version=v4.8, .NETFramework,Version=v4.8.1' instead of the project target framework 'net8.0'. This package may not be fully compatible with your project.
C:\Users\ultra\warewolf\Dev\Warewolf.Core\Warewolf.Core.csproj : warning NU1903: Package 'Microsoft.Windows.Compatibility' 6.0.0 has a known high severity vulnerability, https://github.com/advisories/GHSA-555c-2p6r-68mm
C:\Users\ultra\warewolf\Dev\Warewolf.Core\Warewolf.Core.csproj : warning NU1701: Package 'AeroWizard 2.3.1' was restored using '.NETFramework,Version=v4.6.1, .NETFramework,Version=v4.6.2, .NETFramework,Version=v4.7, .NETFramework,Version=v4.7.1, .NETFramework,Version=v4.7.2, .NETFramework,Version=v4.8, .NETFramework,Version=v4.8.1' instead of the project target framework 'net8.0'. This package may not be fully compatible with your project.
C:\Users\ultra\warewolf\Dev\Warewolf.Core\Warewolf.Core.csproj : warning NU1701: Package 'GroupControls 1.9.0' was restored using '.NETFramework,Version=v4.6.1, .NETFramework,Version=v4.6.2, .NETFramework,Version=v4.7, .NETFramework,Version=v4.7.1, .NETFramework,Version=v4.7.2, .NETFramework,Version=v4.8, .NETFramework,Version=v4.8.1' instead of the project target framework 'net8.0'. This package may not be fully compatible with your project.
C:\Users\ultra\warewolf\Dev\Warewolf.Core\Warewolf.Core.csproj : warning NU1701: Package 'ReactiveUI.WPF 18.4.1' was restored using '.NETFramework,Version=v4.6.1, .NETFramework,Version=v4.6.2, .NETFramework,Version=v4.7, .NETFramework,Version=v4.7.1, .NETFramework,Version=v4.7.2, .NETFramework,Version=v4.8, .NETFramework,Version=v4.8.1' instead of the project target framework 'net8.0'. This package may not be fully compatible with your project.
C:\Users\ultra\warewolf\Dev\Warewolf.Core\Warewolf.Core.csproj : warning NU1701: Package 'TaskSchedulerEditor 2.10.1' was restored using '.NETFramework,Version=v4.6.1, .NETFramework,Version=v4.6.2, .NETFramework,Version=v4.7, .NETFramework,Version=v4.7.1, .NETFramework,Version=v4.7.2, .NETFramework,Version=v4.8, .NETFramework,Version=v4.8.1' instead of the project target framework 'net8.0'. This package may not be fully compatible with your project.
C:\Users\ultra\warewolf\Dev\Warewolf.Common.NetStandard20\Warewolf.Common.NetStandard20.csproj : warning NU1701: Package 'AeroWizard 2.3.1' was restored using '.NETFramework,Version=v4.6.1, .NETFramework,Version=v4.6.2, .NETFramework,Version=v4.7, .NETFramework,Version=v4.7.1, .NETFramework,Version=v4.7.2, .NETFramework,Version=v4.8, .NETFramework,Version=v4.8.1' instead of the project target framework 'net8.0'. This package may not be fully compatible with your project.
C:\Users\ultra\warewolf\Dev\Warewolf.Common.NetStandard20\Warewolf.Common.NetStandard20.csproj : warning NU1701: Package 'GroupControls 1.9.0' was restored using '.NETFramework,Version=v4.6.1, .NETFramework,Version=v4.6.2, .NETFramework,Version=v4.7, .NETFramework,Version=v4.7.1, .NETFramework,Version=v4.7.2, .NETFramework,Version=v4.8, .NETFramework,Version=v4.8.1' instead of the project target framework 'net8.0'. This package may not be fully compatible with your project.
C:\Users\ultra\warewolf\Dev\Warewolf.Common.NetStandard20\Warewolf.Common.NetStandard20.csproj : warning NU1701: Package 'ReactiveUI.WPF 18.4.1' was restored using '.NETFramework,Version=v4.6.1, .NETFramework,Version=v4.6.2, .NETFramework,Version=v4.7, .NETFramework,Version=v4.7.1, .NETFramework,Version=v4.7.2, .NETFramework,Version=v4.8, .NETFramework,Version=v4.8.1' instead of the project target framework 'net8.0'. This package may not be fully compatible with your project.
C:\Users\ultra\warewolf\Dev\Warewolf.Common.NetStandard20\Warewolf.Common.NetStandard20.csproj : warning NU1701: Package 'TaskSchedulerEditor 2.10.1' was restored using '.NETFramework,Version=v4.6.1, .NETFramework,Version=v4.6.2, .NETFramework,Version=v4.7, .NETFramework,Version=v4.7.1, .NETFramework,Version=v4.7.2, .NETFramework,Version=v4.8, .NETFramework,Version=v4.8.1' instead of the project target framework 'net8.0'. This package may not be fully compatible with your project.
C:\Users\ultra\warewolf\Dev\Warewolf.Driver.Serilog\Warewolf.Driver.Serilog.csproj : warning NU1701: Package 'AeroWizard 2.3.1' was restored using '.NETFramework,Version=v4.6.1, .NETFramework,Version=v4.6.2, .NETFramework,Version=v4.7, .NETFramework,Version=v4.7.1, .NETFramework,Version=v4.7.2, .NETFramework,Version=v4.8, .NETFramework,Version=v4.8.1' instead of the project target framework 'net8.0'. This package may not be fully compatible with your project.
C:\Users\ultra\warewolf\Dev\Warewolf.Driver.Serilog\Warewolf.Driver.Serilog.csproj : warning NU1701: Package 'GroupControls 1.9.0' was restored using '.NETFramework,Version=v4.6.1, .NETFramework,Version=v4.6.2, .NETFramework,Version=v4.7, .NETFramework,Version=v4.7.1, .NETFramework,Version=v4.7.2, .NETFramework,Version=v4.8, .NETFramework,Version=v4.8.1' instead of the project target framework 'net8.0'. This package may not be fully compatible with your project.
C:\Users\ultra\warewolf\Dev\Warewolf.Driver.Serilog\Warewolf.Driver.Serilog.csproj : warning NU1701: Package 'ReactiveUI.WPF 18.4.1' was restored using '.NETFramework,Version=v4.6.1, .NETFramework,Version=v4.6.2, .NETFramework,Version=v4.7, .NETFramework,Version=v4.7.1, .NETFramework,Version=v4.7.2, .NETFramework,Version=v4.8, .NETFramework,Version=v4.8.1' instead of the project target framework 'net8.0'. This package may not be fully compatible with your project.
C:\Users\ultra\warewolf\Dev\Warewolf.Driver.Serilog\Warewolf.Driver.Serilog.csproj : warning NU1701: Package 'TaskSchedulerEditor 2.10.1' was restored using '.NETFramework,Version=v4.6.1, .NETFramework,Version=v4.6.2, .NETFramework,Version=v4.7, .NETFramework,Version=v4.7.1, .NETFramework,Version=v4.7.2, .NETFramework,Version=v4.8, .NETFramework,Version=v4.8.1' instead of the project target framework 'net8.0'. This package may not be fully compatible with your project.
C:\Users\ultra\warewolf\Dev\Warewolf.Exchange.Email.Wrapper\Warewolf.Exchange.Email.Wrapper.csproj : warning NU1701: Package 'AeroWizard 2.3.1' was restored using '.NETFramework,Version=v4.6.1, .NETFramework,Version=v4.6.2, .NETFramework,Version=v4.7, .NETFramework,Version=v4.7.1, .NETFramework,Version=v4.7.2, .NETFramework,Version=v4.8, .NETFramework,Version=v4.8.1' instead of the project target framework 'net8.0'. This package may not be fully compatible with your project.
C:\Users\ultra\warewolf\Dev\Warewolf.Exchange.Email.Wrapper\Warewolf.Exchange.Email.Wrapper.csproj : warning NU1701: Package 'GroupControls 1.9.0' was restored using '.NETFramework,Version=v4.6.1, .NETFramework,Version=v4.6.2, .NETFramework,Version=v4.7, .NETFramework,Version=v4.7.1, .NETFramework,Version=v4.7.2, .NETFramework,Version=v4.8, .NETFramework,Version=v4.8.1' instead of the project target framework 'net8.0'. This package may not be fully compatible with your project.
C:\Users\ultra\warewolf\Dev\Warewolf.Exchange.Email.Wrapper\Warewolf.Exchange.Email.Wrapper.csproj : warning NU1701: Package 'ReactiveUI.WPF 18.4.1' was restored using '.NETFramework,Version=v4.6.1, .NETFramework,Version=v4.6.2, .NETFramework,Version=v4.7, .NETFramework,Version=v4.7.1, .NETFramework,Version=v4.7.2, .NETFramework,Version=v4.8, .NETFramework,Version=v4.8.1' instead of the project target framework 'net8.0'. This package may not be fully compatible with your project.
C:\Users\ultra\warewolf\Dev\Warewolf.Exchange.Email.Wrapper\Warewolf.Exchange.Email.Wrapper.csproj : warning NU1701: Package 'TaskSchedulerEditor 2.10.1' was restored using '.NETFramework,Version=v4.6.1, .NETFramework,Version=v4.6.2, .NETFramework,Version=v4.7, .NETFramework,Version=v4.7.1, .NETFramework,Version=v4.7.2, .NETFramework,Version=v4.8, .NETFramework,Version=v4.8.1' instead of the project target framework 'net8.0'. This package may not be fully compatible with your project.
  Warewolf.Weave -> C:\Users\ultra\warewolf\Dev\Warewolf.Weave\bin\Debug\net8.0\Warewolf.Weave.dll
C:\Users\ultra\warewolf\Dev\Warewolf.ResourceManagement\Warewolf.ResourceManagement.csproj : warning NU1701: Package 'AeroWizard 2.3.1' was restored using '.NETFramework,Version=v4.6.1, .NETFramework,Version=v4.6.2, .NETFramework,Version=v4.7, .NETFramework,Version=v4.7.1, .NETFramework,Version=v4.7.2, .NETFramework,Version=v4.8, .NETFramework,Version=v4.8.1' instead of the project target framework 'net8.0'. This package may not be fully compatible with your project.
C:\Users\ultra\warewolf\Dev\Warewolf.ResourceManagement\Warewolf.ResourceManagement.csproj : warning NU1701: Package 'GroupControls 1.9.0' was restored using '.NETFramework,Version=v4.6.1, .NETFramework,Version=v4.6.2, .NETFramework,Version=v4.7, .NETFramework,Version=v4.7.1, .NETFramework,Version=v4.7.2, .NETFramework,Version=v4.8, .NETFramework,Version=v4.8.1' instead of the project target framework 'net8.0'. This package may not be fully compatible with your project.
C:\Users\ultra\warewolf\Dev\Warewolf.ResourceManagement\Warewolf.ResourceManagement.csproj : warning NU1701: Package 'ReactiveUI.WPF 18.4.1' was restored using '.NETFramework,Version=v4.6.1, .NETFramework,Version=v4.6.2, .NETFramework,Version=v4.7, .NETFramework,Version=v4.7.1, .NETFramework,Version=v4.7.2, .NETFramework,Version=v4.8, .NETFramework,Version=v4.8.1' instead of the project target framework 'net8.0'. This package may not be fully compatible with your project.
C:\Users\ultra\warewolf\Dev\Warewolf.ResourceManagement\Warewolf.ResourceManagement.csproj : warning NU1701: Package 'TaskSchedulerEditor 2.10.1' was restored using '.NETFramework,Version=v4.6.1, .NETFramework,Version=v4.6.2, .NETFramework,Version=v4.7, .NETFramework,Version=v4.7.1, .NETFramework,Version=v4.7.2, .NETFramework,Version=v4.8, .NETFramework,Version=v4.8.1' instead of the project target framework 'net8.0'. This package may not be fully compatible with your project.
C:\Users\ultra\warewolf\Dev\Warewolf.Storage.Interfaces\Warewolf.Storage.Interfaces.csproj : warning NU1701: Package 'AeroWizard 2.3.1' was restored using '.NETFramework,Version=v4.6.1, .NETFramework,Version=v4.6.2, .NETFramework,Version=v4.7, .NETFramework,Version=v4.7.1, .NETFramework,Version=v4.7.2, .NETFramework,Version=v4.8, .NETFramework,Version=v4.8.1' instead of the project target framework 'net8.0'. This package may not be fully compatible with your project.
C:\Users\ultra\warewolf\Dev\Warewolf.Storage.Interfaces\Warewolf.Storage.Interfaces.csproj : warning NU1701: Package 'GroupControls 1.9.0' was restored using '.NETFramework,Version=v4.6.1, .NETFramework,Version=v4.6.2, .NETFramework,Version=v4.7, .NETFramework,Version=v4.7.1, .NETFramework,Version=v4.7.2, .NETFramework,Version=v4.8, .NETFramework,Version=v4.8.1' instead of the project target framework 'net8.0'. This package may not be fully compatible with your project.
C:\Users\ultra\warewolf\Dev\Warewolf.Storage.Interfaces\Warewolf.Storage.Interfaces.csproj : warning NU1701: Package 'TaskSchedulerEditor 2.10.1' was restored using '.NETFramework,Version=v4.6.1, .NETFramework,Version=v4.6.2, .NETFramework,Version=v4.7, .NETFramework,Version=v4.7.1, .NETFramework,Version=v4.7.2, .NETFramework,Version=v4.8, .NETFramework,Version=v4.8.1' instead of the project target framework 'net8.0'. This package may not be fully compatible with your project.
C:\Users\ultra\warewolf\Dev\Warewolf.Auditing\Warewolf.Auditing.csproj : warning NU1701: Package 'AeroWizard 2.3.1' was restored using '.NETFramework,Version=v4.6.1, .NETFramework,Version=v4.6.2, .NETFramework,Version=v4.7, .NETFramework,Version=v4.7.1, .NETFramework,Version=v4.7.2, .NETFramework,Version=v4.8, .NETFramework,Version=v4.8.1' instead of the project target framework 'net8.0'. This package may not be fully compatible with your project.
C:\Users\ultra\warewolf\Dev\Warewolf.Auditing\Warewolf.Auditing.csproj : warning NU1701: Package 'GroupControls 1.9.0' was restored using '.NETFramework,Version=v4.6.1, .NETFramework,Version=v4.6.2, .NETFramework,Version=v4.7, .NETFramework,Version=v4.7.1, .NETFramework,Version=v4.7.2, .NETFramework,Version=v4.8, .NETFramework,Version=v4.8.1' instead of the project target framework 'net8.0'. This package may not be fully compatible with your project.
C:\Users\ultra\warewolf\Dev\Warewolf.Auditing\Warewolf.Auditing.csproj : warning NU1701: Package 'ReactiveUI.WPF 18.4.1' was restored using '.NETFramework,Version=v4.6.1, .NETFramework,Version=v4.6.2, .NETFramework,Version=v4.7, .NETFramework,Version=v4.7.1, .NETFramework,Version=v4.7.2, .NETFramework,Version=v4.8, .NETFramework,Version=v4.8.1' instead of the project target framework 'net8.0'. This package may not be fully compatible with your project.
C:\Users\ultra\warewolf\Dev\Warewolf.Auditing\Warewolf.Auditing.csproj : warning NU1701: Package 'TaskSchedulerEditor 2.10.1' was restored using '.NETFramework,Version=v4.6.1, .NETFramework,Version=v4.6.2, .NETFramework,Version=v4.7, .NETFramework,Version=v4.7.1, .NETFramework,Version=v4.7.2, .NETFramework,Version=v4.8, .NETFramework,Version=v4.8.1' instead of the project target framework 'net8.0'. This package may not be fully compatible with your project.
C:\Users\ultra\warewolf\Dev\Warewolf.Driver.Persistence\Warewolf.Driver.Persistence.csproj : warning NU1701: Package 'AeroWizard 2.3.1' was restored using '.NETFramework,Version=v4.6.1, .NETFramework,Version=v4.6.2, .NETFramework,Version=v4.7, .NETFramework,Version=v4.7.1, .NETFramework,Version=v4.7.2, .NETFramework,Version=v4.8, .NETFramework,Version=v4.8.1' instead of the project target framework 'net8.0'. This package may not be fully compatible with your project.
C:\Users\ultra\warewolf\Dev\Warewolf.Driver.Persistence\Warewolf.Driver.Persistence.csproj : warning NU1701: Package 'GroupControls 1.9.0' was restored using '.NETFramework,Version=v4.6.1, .NETFramework,Version=v4.6.2, .NETFramework,Version=v4.7, .NETFramework,Version=v4.7.1, .NETFramework,Version=v4.7.2, .NETFramework,Version=v4.8, .NETFramework,Version=v4.8.1' instead of the project target framework 'net8.0'. This package may not be fully compatible with your project.
C:\Users\ultra\warewolf\Dev\Warewolf.Driver.Persistence\Warewolf.Driver.Persistence.csproj : warning NU1701: Package 'ReactiveUI.WPF 18.4.1' was restored using '.NETFramework,Version=v4.6.1, .NETFramework,Version=v4.6.2, .NETFramework,Version=v4.7, .NETFramework,Version=v4.7.1, .NETFramework,Version=v4.7.2, .NETFramework,Version=v4.8, .NETFramework,Version=v4.8.1' instead of the project target framework 'net8.0'. This package may not be fully compatible with your project.
C:\Users\ultra\warewolf\Dev\Warewolf.Driver.Persistence\Warewolf.Driver.Persistence.csproj : warning NU1701: Package 'TaskSchedulerEditor 2.10.1' was restored using '.NETFramework,Version=v4.6.1, .NETFramework,Version=v4.6.2, .NETFramework,Version=v4.7, .NETFramework,Version=v4.7.1, .NETFramework,Version=v4.7.2, .NETFramework,Version=v4.8, .NETFramework,Version=v4.8.1' instead of the project target framework 'net8.0'. This package may not be fully compatible with your project.
C:\Users\ultra\warewolf\Dev\Warewolf.AI.Harness\Warewolf.AI.Harness.csproj : warning NU1701: Package 'AeroWizard 2.3.1' was restored using '.NETFramework,Version=v4.6.1, .NETFramework,Version=v4.6.2, .NETFramework,Version=v4.7, .NETFramework,Version=v4.7.1, .NETFramework,Version=v4.7.2, .NETFramework,Version=v4.8, .NETFramework,Version=v4.8.1' instead of the project target framework 'net8.0'. This package may not be fully compatible with your project.
C:\Users\ultra\warewolf\Dev\Warewolf.AI.Harness\Warewolf.AI.Harness.csproj : warning NU1701: Package 'GroupControls 1.9.0' was restored using '.NETFramework,Version=v4.6.1, .NETFramework,Version=v4.6.2, .NETFramework,Version=v4.7, .NETFramework,Version=v4.7.1, .NETFramework,Version=v4.7.2, .NETFramework,Version=v4.8, .NETFramework,Version=v4.8.1' instead of the project target framework 'net8.0'. This package may not be fully compatible with your project.
C:\Users\ultra\warewolf\Dev\Warewolf.AI.Harness\Warewolf.AI.Harness.csproj : warning NU1701: Package 'TaskSchedulerEditor 2.10.1' was restored using '.NETFramework,Version=v4.6.1, .NETFramework,Version=v4.6.2, .NETFramework,Version=v4.7, .NETFramework,Version=v4.7.1, .NETFramework,Version=v4.7.2, .NETFramework,Version=v4.8, .NETFramework,Version=v4.8.1' instead of the project target framework 'net8.0'. This package may not be fully compatible with your project.
  Log4Net.Async -> C:\Users\ultra\warewolf\Dev\Log4Net.Async\bin\Debug\net8.0\Log4Net.Async.dll
C:\Users\ultra\warewolf\Dev\Warewolf.Language.Parser\Warewolf.Language.Parser.fsproj : warning NU1504: Duplicate 'PackageReference' items found. Remove the duplicate items or use the Update functionality to ensure a consistent restore behavior. The duplicate 'PackageReference' items are: FSharp.Core 10.1.201, FSharp.Core 4.6.2.
  Warewolf.Common.Interfaces.NetStandard20 -> C:\Users\ultra\warewolf\Dev\Warewolf.Common.Interfaces.NetStandard20\bin\Debug\net8.0\Warewolf.Common.Interfaces.NetStandard20.dll
C:\Users\ultra\warewolf\Dev\Warewolf.Licensing\Warewolf.Licensing.csproj : warning NU1701: Package 'AeroWizard 2.3.1' was restored using '.NETFramework,Version=v4.6.1, .NETFramework,Version=v4.6.2, .NETFramework,Version=v4.7, .NETFramework,Version=v4.7.1, .NETFramework,Version=v4.7.2, .NETFramework,Version=v4.8, .NETFramework,Version=v4.8.1' instead of the project target framework 'net8.0'. This package may not be fully compatible with your project.
C:\Users\ultra\warewolf\Dev\Warewolf.Licensing\Warewolf.Licensing.csproj : warning NU1701: Package 'GroupControls 1.9.0' was restored using '.NETFramework,Version=v4.6.1, .NETFramework,Version=v4.6.2, .NETFramework,Version=v4.7, .NETFramework,Version=v4.7.1, .NETFramework,Version=v4.7.2, .NETFramework,Version=v4.8, .NETFramework,Version=v4.8.1' instead of the project target framework 'net8.0'. This package may not be fully compatible with your project.
C:\Users\ultra\warewolf\Dev\Warewolf.Licensing\Warewolf.Licensing.csproj : warning NU1701: Package 'TaskSchedulerEditor 2.10.1' was restored using '.NETFramework,Version=v4.6.1, .NETFramework,Version=v4.6.2, .NETFramework,Version=v4.7, .NETFramework,Version=v4.7.1, .NETFramework,Version=v4.7.2, .NETFramework,Version=v4.8, .NETFramework,Version=v4.8.1' instead of the project target framework 'net8.0'. This package may not be fully compatible with your project.
C:\Users\ultra\warewolf\Dev\Dev2.SignalR.Wrappers.New\Dev2.SignalR.Wrappers.New.csproj : warning NU1701: Package 'AeroWizard 2.3.1' was restored using '.NETFramework,Version=v4.6.1, .NETFramework,Version=v4.6.2, .NETFramework,Version=v4.7, .NETFramework,Version=v4.7.1, .NETFramework,Version=v4.7.2, .NETFramework,Version=v4.8, .NETFramework,Version=v4.8.1' instead of the project target framework 'net8.0'. This package may not be fully compatible with your project.
C:\Users\ultra\warewolf\Dev\Dev2.SignalR.Wrappers.New\Dev2.SignalR.Wrappers.New.csproj : warning NU1701: Package 'GroupControls 1.9.0' was restored using '.NETFramework,Version=v4.6.1, .NETFramework,Version=v4.6.2, .NETFramework,Version=v4.7, .NETFramework,Version=v4.7.1, .NETFramework,Version=v4.7.2, .NETFramework,Version=v4.8, .NETFramework,Version=v4.8.1' instead of the project target framework 'net8.0'. This package may not be fully compatible with your project.
C:\Users\ultra\warewolf\Dev\Dev2.SignalR.Wrappers.New\Dev2.SignalR.Wrappers.New.csproj : warning NU1701: Package 'ReactiveUI.WPF 18.4.1' was restored using '.NETFramework,Version=v4.6.1, .NETFramework,Version=v4.6.2, .NETFramework,Version=v4.7, .NETFramework,Version=v4.7.1, .NETFramework,Version=v4.7.2, .NETFramework,Version=v4.8, .NETFramework,Version=v4.8.1' instead of the project target framework 'net8.0'. This package may not be fully compatible with your project.
C:\Users\ultra\warewolf\Dev\Dev2.SignalR.Wrappers.New\Dev2.SignalR.Wrappers.New.csproj : warning NU1701: Package 'TaskSchedulerEditor 2.10.1' was restored using '.NETFramework,Version=v4.6.1, .NETFramework,Version=v4.6.2, .NETFramework,Version=v4.7, .NETFramework,Version=v4.7.1, .NETFramework,Version=v4.7.2, .NETFramework,Version=v4.8, .NETFramework,Version=v4.8.1' instead of the project target framework 'net8.0'. This package may not be fully compatible with your project.
C:\Users\ultra\warewolf\Dev\Warewolf.Security\Encryption\AESThenHMAC.cs(168,34): warning SYSLIB0021: 'AesManaged' is obsolete: 'Derived cryptographic types are obsolete. Use the Create method on the base type instead.' (https://aka.ms/dotnet-warnings/SYSLIB0021) [C:\Users\ultra\warewolf\Dev\Warewolf.Security\Warewolf.Security.csproj]
C:\Users\ultra\warewolf\Dev\Warewolf.Security\Encryption\AESThenHMAC.cs(264,38): warning SYSLIB0021: 'AesManaged' is obsolete: 'Derived cryptographic types are obsolete. Use the Create method on the base type instead.' (https://aka.ms/dotnet-warnings/SYSLIB0021) [C:\Users\ultra\warewolf\Dev\Warewolf.Security\Warewolf.Security.csproj]
C:\Users\ultra\warewolf\Dev\Warewolf.Security\Encryption\AESThenHMAC.cs(331,36): warning SYSLIB0041: 'Rfc2898DeriveBytes.Rfc2898DeriveBytes(string, int, int)' is obsolete: 'The default hash algorithm and iteration counts in Rfc2898DeriveBytes constructors are outdated and insecure. Use a constructor that accepts the hash algorithm and the number of iterations.' (https://aka.ms/dotnet-warnings/SYSLIB0041) [C:\Users\ultra\warewolf\Dev\Warewolf.Security\Warewolf.Security.csproj]
C:\Users\ultra\warewolf\Dev\Warewolf.Security\Encryption\AESThenHMAC.cs(345,36): warning SYSLIB0041: 'Rfc2898DeriveBytes.Rfc2898DeriveBytes(string, int, int)' is obsolete: 'The default hash algorithm and iteration counts in Rfc2898DeriveBytes constructors are outdated and insecure. Use a constructor that accepts the hash algorithm and the number of iterations.' (https://aka.ms/dotnet-warnings/SYSLIB0041) [C:\Users\ultra\warewolf\Dev\Warewolf.Security\Warewolf.Security.csproj]
C:\Users\ultra\warewolf\Dev\Warewolf.Security\Encryption\AESThenHMAC.cs(393,36): warning SYSLIB0041: 'Rfc2898DeriveBytes.Rfc2898DeriveBytes(string, byte[], int)' is obsolete: 'The default hash algorithm and iteration counts in Rfc2898DeriveBytes constructors are outdated and insecure. Use a constructor that accepts the hash algorithm and the number of iterations.' (https://aka.ms/dotnet-warnings/SYSLIB0041) [C:\Users\ultra\warewolf\Dev\Warewolf.Security\Warewolf.Security.csproj]
C:\Users\ultra\warewolf\Dev\Warewolf.Security\Encryption\AESThenHMAC.cs(398,36): warning SYSLIB0041: 'Rfc2898DeriveBytes.Rfc2898DeriveBytes(string, byte[], int)' is obsolete: 'The default hash algorithm and iteration counts in Rfc2898DeriveBytes constructors are outdated and insecure. Use a constructor that accepts the hash algorithm and the number of iterations.' (https://aka.ms/dotnet-warnings/SYSLIB0041) [C:\Users\ultra\warewolf\Dev\Warewolf.Security\Warewolf.Security.csproj]
C:\Users\ultra\warewolf\Dev\Warewolf.Interfaces\Data\ChatbotSettingsData.cs(20,23): warning CS0169: The field 'ChatbotSettingsData._encryptDataSource' is never used [C:\Users\ultra\warewolf\Dev\Warewolf.Interfaces\Warewolf.Interfaces.csproj]
C:\Users\ultra\warewolf\Dev\Warewolf.Interfaces\Auditing\SerializableException.cs(15,7): warning CS0414: The field 'SerializableException.HResult' is assigned but its value is never used [C:\Users\ultra\warewolf\Dev\Warewolf.Interfaces\Warewolf.Interfaces.csproj]
  Warewolf.Security -> C:\Users\ultra\warewolf\Dev\Warewolf.Security\bin\Debug\net8.0\Warewolf.Security.dll
  Warewolf.Interfaces -> C:\Users\ultra\warewolf\Dev\Warewolf.Interfaces\bin\Debug\net8.0\Warewolf.Interfaces.dll
C:\Users\ultra\warewolf\Dev\Dev2.Util\Dev2.Util.csproj : warning NU1903: Package 'Microsoft.Windows.Compatibility' 6.0.0 has a known high severity vulnerability, https://github.com/advisories/GHSA-555c-2p6r-68mm
C:\Users\ultra\warewolf\Dev\Dev2.Util\Dev2.Util.csproj : warning NU1701: Package 'AeroWizard 2.3.1' was restored using '.NETFramework,Version=v4.6.1, .NETFramework,Version=v4.6.2, .NETFramework,Version=v4.7, .NETFramework,Version=v4.7.1, .NETFramework,Version=v4.7.2, .NETFramework,Version=v4.8, .NETFramework,Version=v4.8.1' instead of the project target framework 'net8.0'. This package may not be fully compatible with your project.
C:\Users\ultra\warewolf\Dev\Dev2.Util\Dev2.Util.csproj : warning NU1701: Package 'GroupControls 1.9.0' was restored using '.NETFramework,Version=v4.6.1, .NETFramework,Version=v4.6.2, .NETFramework,Version=v4.7, .NETFramework,Version=v4.7.1, .NETFramework,Version=v4.7.2, .NETFramework,Version=v4.8, .NETFramework,Version=v4.8.1' instead of the project target framework 'net8.0'. This package may not be fully compatible with your project.
C:\Users\ultra\warewolf\Dev\Dev2.Util\Dev2.Util.csproj : warning NU1701: Package 'TaskSchedulerEditor 2.10.1' was restored using '.NETFramework,Version=v4.6.1, .NETFramework,Version=v4.6.2, .NETFramework,Version=v4.7, .NETFramework,Version=v4.7.1, .NETFramework,Version=v4.7.2, .NETFramework,Version=v4.8, .NETFramework,Version=v4.8.1' instead of the project target framework 'net8.0'. This package may not be fully compatible with your project.
C:\Users\ultra\warewolf\Dev\Dev2.Studio.Core\Dev2.Studio.Core.csproj : warning NU1701: Package 'AeroWizard 2.3.1' was restored using '.NETFramework,Version=v4.6.1, .NETFramework,Version=v4.6.2, .NETFramework,Version=v4.7, .NETFramework,Version=v4.7.1, .NETFramework,Version=v4.7.2, .NETFramework,Version=v4.8, .NETFramework,Version=v4.8.1' instead of the project target framework 'net8.0'. This package may not be fully compatible with your project.
C:\Users\ultra\warewolf\Dev\Dev2.Studio.Core\Dev2.Studio.Core.csproj : warning NU1701: Package 'GroupControls 1.9.0' was restored using '.NETFramework,Version=v4.6.1, .NETFramework,Version=v4.6.2, .NETFramework,Version=v4.7, .NETFramework,Version=v4.7.1, .NETFramework,Version=v4.7.2, .NETFramework,Version=v4.8, .NETFramework,Version=v4.8.1' instead of the project target framework 'net8.0'. This package may not be fully compatible with your project.
C:\Users\ultra\warewolf\Dev\Dev2.Studio.Core\Dev2.Studio.Core.csproj : warning NU1701: Package 'Microsoft.Xaml.Behaviors.Wpf 1.1.122' was restored using '.NETFramework,Version=v4.6.1, .NETFramework,Version=v4.6.2, .NETFramework,Version=v4.7, .NETFramework,Version=v4.7.1, .NETFramework,Version=v4.7.2, .NETFramework,Version=v4.8, .NETFramework,Version=v4.8.1' instead of the project target framework 'net8.0'. This package may not be fully compatible with your project.
C:\Users\ultra\warewolf\Dev\Dev2.Studio.Core\Dev2.Studio.Core.csproj : warning NU1701: Package 'Prism.Wpf 9.0.537' was restored using '.NETFramework,Version=v4.6.1, .NETFramework,Version=v4.6.2, .NETFramework,Version=v4.7, .NETFramework,Version=v4.7.1, .NETFramework,Version=v4.7.2, .NETFramework,Version=v4.8, .NETFramework,Version=v4.8.1' instead of the project target framework 'net8.0'. This package may not be fully compatible with your project.
C:\Users\ultra\warewolf\Dev\Dev2.Studio.Core\Dev2.Studio.Core.csproj : warning NU1701: Package 'ReactiveUI.WPF 18.4.1' was restored using '.NETFramework,Version=v4.6.1, .NETFramework,Version=v4.6.2, .NETFramework,Version=v4.7, .NETFramework,Version=v4.7.1, .NETFramework,Version=v4.7.2, .NETFramework,Version=v4.8, .NETFramework,Version=v4.8.1' instead of the project target framework 'net8.0'. This package may not be fully compatible with your project.
C:\Users\ultra\warewolf\Dev\Dev2.Studio.Core\Dev2.Studio.Core.csproj : warning NU1701: Package 'TaskSchedulerEditor 2.10.1' was restored using '.NETFramework,Version=v4.6.1, .NETFramework,Version=v4.6.2, .NETFramework,Version=v4.7, .NETFramework,Version=v4.7.1, .NETFramework,Version=v4.7.2, .NETFramework,Version=v4.8, .NETFramework,Version=v4.8.1' instead of the project target framework 'net8.0'. This package may not be fully compatible with your project.
  Dev2.SignalR.Wrappers.Interfaces -> C:\Users\ultra\warewolf\Dev\Dev2.SignalR.Wrappers\bin\Debug\net8.0\Dev2.SignalR.Wrappers.dll
C:\Users\ultra\warewolf\Dev\Warewolf.Data\Warewolf.Data.csproj : warning NU1701: Package 'AeroWizard 2.3.1' was restored using '.NETFramework,Version=v4.6.1, .NETFramework,Version=v4.6.2, .NETFramework,Version=v4.7, .NETFramework,Version=v4.7.1, .NETFramework,Version=v4.7.2, .NETFramework,Version=v4.8, .NETFramework,Version=v4.8.1' instead of the project target framework 'net8.0'. This package may not be fully compatible with your project.
C:\Users\ultra\warewolf\Dev\Warewolf.Data\Warewolf.Data.csproj : warning NU1701: Package 'GroupControls 1.9.0' was restored using '.NETFramework,Version=v4.6.1, .NETFramework,Version=v4.6.2, .NETFramework,Version=v4.7, .NETFramework,Version=v4.7.1, .NETFramework,Version=v4.7.2, .NETFramework,Version=v4.8, .NETFramework,Version=v4.8.1' instead of the project target framework 'net8.0'. This package may not be fully compatible with your project.
C:\Users\ultra\warewolf\Dev\Warewolf.Data\Warewolf.Data.csproj : warning NU1701: Package 'TaskSchedulerEditor 2.10.1' was restored using '.NETFramework,Version=v4.6.1, .NETFramework,Version=v4.6.2, .NETFramework,Version=v4.7, .NETFramework,Version=v4.7.1, .NETFramework,Version=v4.7.2, .NETFramework,Version=v4.8, .NETFramework,Version=v4.8.1' instead of the project target framework 'net8.0'. This package may not be fully compatible with your project.
C:\Users\ultra\warewolf\Dev\Warewolf.Storage\Warewolf.Storage.csproj : warning NU1701: Package 'AeroWizard 2.3.1' was restored using '.NETFramework,Version=v4.6.1, .NETFramework,Version=v4.6.2, .NETFramework,Version=v4.7, .NETFramework,Version=v4.7.1, .NETFramework,Version=v4.7.2, .NETFramework,Version=v4.8, .NETFramework,Version=v4.8.1' instead of the project target framework 'net8.0'. This package may not be fully compatible with your project.
C:\Users\ultra\warewolf\Dev\Warewolf.Storage\Warewolf.Storage.csproj : warning NU1701: Package 'GroupControls 1.9.0' was restored using '.NETFramework,Version=v4.6.1, .NETFramework,Version=v4.6.2, .NETFramework,Version=v4.7, .NETFramework,Version=v4.7.1, .NETFramework,Version=v4.7.2, .NETFramework,Version=v4.8, .NETFramework,Version=v4.8.1' instead of the project target framework 'net8.0'. This package may not be fully compatible with your project.
C:\Users\ultra\warewolf\Dev\Warewolf.Storage\Warewolf.Storage.csproj : warning NU1701: Package 'ReactiveUI.WPF 18.4.1' was restored using '.NETFramework,Version=v4.6.1, .NETFramework,Version=v4.6.2, .NETFramework,Version=v4.7, .NETFramework,Version=v4.7.1, .NETFramework,Version=v4.7.2, .NETFramework,Version=v4.8, .NETFramework,Version=v4.8.1' instead of the project target framework 'net8.0'. This package may not be fully compatible with your project.
C:\Users\ultra\warewolf\Dev\Warewolf.Storage\Warewolf.Storage.csproj : warning NU1701: Package 'TaskSchedulerEditor 2.10.1' was restored using '.NETFramework,Version=v4.6.1, .NETFramework,Version=v4.6.2, .NETFramework,Version=v4.7, .NETFramework,Version=v4.7.1, .NETFramework,Version=v4.7.2, .NETFramework,Version=v4.8, .NETFramework,Version=v4.8.1' instead of the project target framework 'net8.0'. This package may not be fully compatible with your project.
C:\Program Files\dotnet\sdk\10.0.201\Sdks\Microsoft.NET.Sdk\targets\Microsoft.NET.Sdk.DefaultItems.targets(162,5): warning NETSDK1137: It is no longer necessary to use the Microsoft.NET.Sdk.WindowsDesktop SDK. Consider changing the Sdk attribute of the root Project element to 'Microsoft.NET.Sdk'. [C:\Users\ultra\warewolf\Dev\Warewolf.Studio.Core\Warewolf.Studio.Core.csproj]
C:\Program Files\dotnet\sdk\10.0.201\Sdks\Microsoft.NET.Sdk.WindowsDesktop\targets\Microsoft.NET.Sdk.WindowsDesktop.targets(138,5): warning NETSDK1106: Microsoft.NET.Sdk.WindowsDesktop requires 'UseWpf' or 'UseWindowsForms' to be set to 'true' [C:\Users\ultra\warewolf\Dev\Warewolf.Studio.Core\Warewolf.Studio.Core.csproj]
  Warewolf.ServiceDefinitions -> C:\Users\ultra\warewolf\Dev\Warewolf.ServiceDefinitions\bin\Debug\net8.0\Warewolf.ServiceDefinitions.dll
C:\Users\ultra\warewolf\Dev\Warewolf.Studio.Core\Warewolf.Studio.Core.csproj : warning NU1701: Package 'AeroWizard 2.3.1' was restored using '.NETFramework,Version=v4.6.1, .NETFramework,Version=v4.6.2, .NETFramework,Version=v4.7, .NETFramework,Version=v4.7.1, .NETFramework,Version=v4.7.2, .NETFramework,Version=v4.8, .NETFramework,Version=v4.8.1' instead of the project target framework 'net8.0'. This package may not be fully compatible with your project.
C:\Users\ultra\warewolf\Dev\Warewolf.Studio.Core\Warewolf.Studio.Core.csproj : warning NU1701: Package 'GroupControls 1.9.0' was restored using '.NETFramework,Version=v4.6.1, .NETFramework,Version=v4.6.2, .NETFramework,Version=v4.7, .NETFramework,Version=v4.7.1, .NETFramework,Version=v4.7.2, .NETFramework,Version=v4.8, .NETFramework,Version=v4.8.1' instead of the project target framework 'net8.0'. This package may not be fully compatible with your project.
C:\Users\ultra\warewolf\Dev\Warewolf.Studio.Core\Warewolf.Studio.Core.csproj : warning NU1701: Package 'Microsoft.Xaml.Behaviors.Wpf 1.1.122' was restored using '.NETFramework,Version=v4.6.1, .NETFramework,Version=v4.6.2, .NETFramework,Version=v4.7, .NETFramework,Version=v4.7.1, .NETFramework,Version=v4.7.2, .NETFramework,Version=v4.8, .NETFramework,Version=v4.8.1' instead of the project target framework 'net8.0'. This package may not be fully compatible with your project.
C:\Users\ultra\warewolf\Dev\Warewolf.Studio.Core\Warewolf.Studio.Core.csproj : warning NU1701: Package 'Prism.Wpf 9.0.537' was restored using '.NETFramework,Version=v4.6.1, .NETFramework,Version=v4.6.2, .NETFramework,Version=v4.7, .NETFramework,Version=v4.7.1, .NETFramework,Version=v4.7.2, .NETFramework,Version=v4.8, .NETFramework,Version=v4.8.1' instead of the project target framework 'net8.0'. This package may not be fully compatible with your project.
C:\Users\ultra\warewolf\Dev\Warewolf.Studio.Core\Warewolf.Studio.Core.csproj : warning NU1701: Package 'ReactiveUI.WPF 18.4.1' was restored using '.NETFramework,Version=v4.6.1, .NETFramework,Version=v4.6.2, .NETFramework,Version=v4.7, .NETFramework,Version=v4.7.1, .NETFramework,Version=v4.7.2, .NETFramework,Version=v4.8, .NETFramework,Version=v4.8.1' instead of the project target framework 'net8.0'. This package may not be fully compatible with your project.
C:\Users\ultra\warewolf\Dev\Warewolf.Studio.Core\Warewolf.Studio.Core.csproj : warning NU1701: Package 'TaskSchedulerEditor 2.10.1' was restored using '.NETFramework,Version=v4.6.1, .NETFramework,Version=v4.6.2, .NETFramework,Version=v4.7, .NETFramework,Version=v4.7.1, .NETFramework,Version=v4.7.2, .NETFramework,Version=v4.8, .NETFramework,Version=v4.8.1' instead of the project target framework 'net8.0'. This package may not be fully compatible with your project.
C:\Users\ultra\warewolf\Dev\Dev2.Runtime\Dev2.Runtime.csproj : warning NU1903: Package 'Microsoft.Windows.Compatibility' 6.0.0 has a known high severity vulnerability, https://github.com/advisories/GHSA-555c-2p6r-68mm
C:\Users\ultra\warewolf\Dev\Dev2.Runtime\Dev2.Runtime.csproj : warning NU1701: Package 'AeroWizard 2.3.1' was restored using '.NETFramework,Version=v4.6.1, .NETFramework,Version=v4.6.2, .NETFramework,Version=v4.7, .NETFramework,Version=v4.7.1, .NETFramework,Version=v4.7.2, .NETFramework,Version=v4.8, .NETFramework,Version=v4.8.1' instead of the project target framework 'net8.0'. This package may not be fully compatible with your project.
C:\Users\ultra\warewolf\Dev\Dev2.Runtime\Dev2.Runtime.csproj : warning NU1701: Package 'GroupControls 1.9.0' was restored using '.NETFramework,Version=v4.6.1, .NETFramework,Version=v4.6.2, .NETFramework,Version=v4.7, .NETFramework,Version=v4.7.1, .NETFramework,Version=v4.7.2, .NETFramework,Version=v4.8, .NETFramework,Version=v4.8.1' instead of the project target framework 'net8.0'. This package may not be fully compatible with your project.
C:\Users\ultra\warewolf\Dev\Dev2.Runtime\Dev2.Runtime.csproj : warning NU1701: Package 'ReactiveUI.WPF 18.4.1' was restored using '.NETFramework,Version=v4.6.1, .NETFramework,Version=v4.6.2, .NETFramework,Version=v4.7, .NETFramework,Version=v4.7.1, .NETFramework,Version=v4.7.2, .NETFramework,Version=v4.8, .NETFramework,Version=v4.8.1' instead of the project target framework 'net8.0'. This package may not be fully compatible with your project.
C:\Users\ultra\warewolf\Dev\Dev2.Runtime\Dev2.Runtime.csproj : warning NU1701: Package 'TaskSchedulerEditor 2.10.1' was restored using '.NETFramework,Version=v4.6.1, .NETFramework,Version=v4.6.2, .NETFramework,Version=v4.7, .NETFramework,Version=v4.7.1, .NETFramework,Version=v4.7.2, .NETFramework,Version=v4.8, .NETFramework,Version=v4.8.1' instead of the project target framework 'net8.0'. This package may not be fully compatible with your project.
C:\Users\ultra\warewolf\Dev\Dev2.Services.Execution\Dev2.Services.Execution.csproj : warning NU1701: Package 'AeroWizard 2.3.1' was restored using '.NETFramework,Version=v4.6.1, .NETFramework,Version=v4.6.2, .NETFramework,Version=v4.7, .NETFramework,Version=v4.7.1, .NETFramework,Version=v4.7.2, .NETFramework,Version=v4.8, .NETFramework,Version=v4.8.1' instead of the project target framework 'net8.0'. This package may not be fully compatible with your project.
C:\Users\ultra\warewolf\Dev\Dev2.Services.Execution\Dev2.Services.Execution.csproj : warning NU1701: Package 'GroupControls 1.9.0' was restored using '.NETFramework,Version=v4.6.1, .NETFramework,Version=v4.6.2, .NETFramework,Version=v4.7, .NETFramework,Version=v4.7.1, .NETFramework,Version=v4.7.2, .NETFramework,Version=v4.8, .NETFramework,Version=v4.8.1' instead of the project target framework 'net8.0'. This package may not be fully compatible with your project.
C:\Users\ultra\warewolf\Dev\Dev2.Services.Execution\Dev2.Services.Execution.csproj : warning NU1701: Package 'ReactiveUI.WPF 18.4.1' was restored using '.NETFramework,Version=v4.6.1, .NETFramework,Version=v4.6.2, .NETFramework,Version=v4.7, .NETFramework,Version=v4.7.1, .NETFramework,Version=v4.7.2, .NETFramework,Version=v4.8, .NETFramework,Version=v4.8.1' instead of the project target framework 'net8.0'. This package may not be fully compatible with your project.
C:\Users\ultra\warewolf\Dev\Dev2.Services.Execution\Dev2.Services.Execution.csproj : warning NU1701: Package 'TaskSchedulerEditor 2.10.1' was restored using '.NETFramework,Version=v4.6.1, .NETFramework,Version=v4.6.2, .NETFramework,Version=v4.7, .NETFramework,Version=v4.7.1, .NETFramework,Version=v4.7.2, .NETFramework,Version=v4.8, .NETFramework,Version=v4.8.1' instead of the project target framework 'net8.0'. This package may not be fully compatible with your project.
  Warewolf.Resource -> C:\Users\ultra\warewolf\Dev\Warewolf.Resource\bin\Debug\net8.0\Warewolf.Resource.dll
  Consider app.config remapping of assembly "System.Runtime.CompilerServices.Unsafe, Culture=neutral, PublicKeyToken=b03f5f7f11d50a3a" from Version "6.0.0.0" [] to Version "8.0.0.0" [C:\Program Files\dotnet\packs\Microsoft.NETCore.App.Ref\8.0.25\ref\net8.0\System.Runtime.CompilerServices.Unsafe.dll] to solve conflict and get rid of warning.
  Dev2.Net6.Compatibility -> C:\Users\ultra\warewolf\Dev\Dev2.Net6.Compatibility\bin\Debug\net8.0\Dev2.Net6.Compatibility.dll
  GACManagerApi -> C:\Users\ultra\warewolf\Dev\GACManagerApi\bin\Debug\net8.0\GACManagerApi.dll
  Warewolf.Studio.Resources -> C:\Users\ultra\warewolf\Dev\Warewolf.Studio.Resources\bin\Debug\net8.0\Warewolf.Studio.Resources.dll
C:\Users\ultra\warewolf\Dev\Dev2.Development.Languages\Dev2.Development.Languages.csproj : warning NU1701: Package 'AeroWizard 2.3.1' was restored using '.NETFramework,Version=v4.6.1, .NETFramework,Version=v4.6.2, .NETFramework,Version=v4.7, .NETFramework,Version=v4.7.1, .NETFramework,Version=v4.7.2, .NETFramework,Version=v4.8, .NETFramework,Version=v4.8.1' instead of the project target framework 'net8.0'. This package may not be fully compatible with your project.
C:\Users\ultra\warewolf\Dev\Dev2.Development.Languages\Dev2.Development.Languages.csproj : warning NU1701: Package 'GroupControls 1.9.0' was restored using '.NETFramework,Version=v4.6.1, .NETFramework,Version=v4.6.2, .NETFramework,Version=v4.7, .NETFramework,Version=v4.7.1, .NETFramework,Version=v4.7.2, .NETFramework,Version=v4.8, .NETFramework,Version=v4.8.1' instead of the project target framework 'net8.0'. This package may not be fully compatible with your project.
C:\Users\ultra\warewolf\Dev\Dev2.Development.Languages\Dev2.Development.Languages.csproj : warning NU1701: Package 'TaskSchedulerEditor 2.10.1' was restored using '.NETFramework,Version=v4.6.1, .NETFramework,Version=v4.6.2, .NETFramework,Version=v4.7, .NETFramework,Version=v4.7.1, .NETFramework,Version=v4.7.2, .NETFramework,Version=v4.8, .NETFramework,Version=v4.8.1' instead of the project target framework 'net8.0'. This package may not be fully compatible with your project.
  Warewolf.Driver.Redis -> C:\Users\ultra\warewolf\Dev\Warewolf.Driver.Redis\bin\Debug\net8.0\Warewolf.Driver.Redis.dll
  Warewolf.Driver.RabbitMQ -> C:\Users\ultra\warewolf\Dev\Warewolf.Driver.RabbitMQ\bin\Debug\net8.0\Warewolf.Driver.RabbitMQ.dll
  Warewolf.Parser.Interop -> C:\Users\ultra\warewolf\Dev\Warewolf.Parser.Interop\bin\Debug\net8.0\WarewolfParserInterop.dll
C:\Users\ultra\warewolf\Dev\Warewolf.Language.Parser\EvaluationFunctions.fs(277,15): warning FS3548: Pattern discard is not allowed for union case that takes no data. [C:\Users\ultra\warewolf\Dev\Warewolf.Language.Parser\Warewolf.Language.Parser.fsproj]
C:\Users\ultra\warewolf\Dev\Warewolf.Language.Parser\EvaluationFunctions.fs(305,15): warning FS3548: Pattern discard is not allowed for union case that takes no data. [C:\Users\ultra\warewolf\Dev\Warewolf.Language.Parser\Warewolf.Language.Parser.fsproj]
C:\Users\ultra\warewolf\Dev\Warewolf.Language.Parser\EvaluationFunctions.fs(748,21): warning FS3873: This construct is deprecated. Sequence expressions should be of the form 'seq { ... }' [C:\Users\ultra\warewolf\Dev\Warewolf.Language.Parser\Warewolf.Language.Parser.fsproj]
C:\Users\ultra\warewolf\Dev\Warewolf.Language.Parser\EvaluationFunctions.fs(751,28): warning FS3873: This construct is deprecated. Sequence expressions should be of the form 'seq { ... }' [C:\Users\ultra\warewolf\Dev\Warewolf.Language.Parser\Warewolf.Language.Parser.fsproj]
C:\Users\ultra\warewolf\Dev\Warewolf.Language.Parser\WarewolfDataEvaluationCommon.fs(593,21): warning FS3873: This construct is deprecated. Sequence expressions should be of the form 'seq { ... }' [C:\Users\ultra\warewolf\Dev\Warewolf.Language.Parser\Warewolf.Language.Parser.fsproj]
C:\Users\ultra\warewolf\Dev\Warewolf.Language.Parser\WarewolfDataEvaluationCommon.fs(596,28): warning FS3873: This construct is deprecated. Sequence expressions should be of the form 'seq { ... }' [C:\Users\ultra\warewolf\Dev\Warewolf.Language.Parser\Warewolf.Language.Parser.fsproj]
C:\Users\ultra\warewolf\Dev\Dev2.Common.Interfaces\Attribute\ReasonAttribute.cs(13,18): warning CC0023: Mark 'ReasonAttribute' as sealed. (https://code-cracker.github.io/diagnostics/CC0023.html) [C:\Users\ultra\warewolf\Dev\Dev2.Common.Interfaces\Dev2.Common.Interfaces.csproj]
C:\Users\ultra\warewolf\Dev\Dev2.Common.Interfaces\Wrappers\IDirectoryEntry.cs(190,35): warning CC0057: Parameter 'path' is not used. (https://code-cracker.github.io/diagnostics/CC0057.html) [C:\Users\ultra\warewolf\Dev\Dev2.Common.Interfaces\Dev2.Common.Interfaces.csproj]
C:\Users\ultra\warewolf\Dev\Dev2.Common.Interfaces\DllListing.cs(97,17): warning CC0105: Use 'var' instead of specifying the type name. (https://code-cracker.github.io/diagnostics/CC0105.html) [C:\Users\ultra\warewolf\Dev\Dev2.Common.Interfaces\Dev2.Common.Interfaces.csproj]
C:\Users\ultra\warewolf\Dev\Dev2.Common.Interfaces\DllListing.cs(98,17): warning CC0105: Use 'var' instead of specifying the type name. (https://code-cracker.github.io/diagnostics/CC0105.html) [C:\Users\ultra\warewolf\Dev\Dev2.Common.Interfaces\Dev2.Common.Interfaces.csproj]
C:\Users\ultra\warewolf\Dev\Dev2.Common.Interfaces\Runtime\Services\IStreamContentFactory.cs(48,21): warning CC0029: 'StreamContentWrapper' should call GC.SuppressFinalize inside the Dispose method. (https://code-cracker.github.io/diagnostics/CC0029.html) [C:\Users\ultra\warewolf\Dev\Dev2.Common.Interfaces\Dev2.Common.Interfaces.csproj]
  Dev2.Common.Interfaces -> C:\Users\ultra\warewolf\Dev\Dev2.Common.Interfaces\bin\Debug\net8.0\Dev2.Common.Interfaces.dll
  Warewolf.Language.Parser -> C:\Users\ultra\warewolf\Dev\Warewolf.Language.Parser\bin\Debug\net8.0\Warewolf.Language.Parser.dll
C:\Users\ultra\warewolf\Dev\Warewolf.Data\NamedInt.cs(160,21): warning CA2200: Re-throwing caught exception changes stack information (https://learn.microsoft.com/dotnet/fundamentals/code-analysis/quality-rules/ca2200) [C:\Users\ultra\warewolf\Dev\Warewolf.Data\Warewolf.Data.csproj]
  Warewolf.Storage.Interfaces -> C:\Users\ultra\warewolf\Dev\Warewolf.Storage.Interfaces\bin\Debug\net8.0\Warewolf.Storage.Interfaces.dll
  Warewolf.Data -> C:\Users\ultra\warewolf\Dev\Warewolf.Data\bin\Debug\net8.0\Warewolf.Data.dll
  Warewolf.Common -> C:\Users\ultra\warewolf\Dev\Warewolf.Common\bin\Debug\net8.0\Warewolf.Common.dll
  Dev2.Data.Interfaces -> C:\Users\ultra\warewolf\Dev\Dev2.Data.Interfaces\bin\Debug\net8.0\Dev2.Data.Interfaces.dll
C:\Users\ultra\warewolf\Dev\Dev2.Common\ExtMethods\StringExtension.cs(302,13): warning CC0004: Empty Catch Block. (https://code-cracker.github.io/diagnostics/CC0004.html) [C:\Users\ultra\warewolf\Dev\Dev2.Common\Dev2.Common.csproj]
  Dev2.Common -> C:\Users\ultra\warewolf\Dev\Dev2.Common\bin\Debug\net8.0\Dev2.Common.dll
C:\Program Files\dotnet\sdk\10.0.201\Microsoft.Common.CurrentVersion.targets(2451,5): warning MSB3277: Found conflicts between different versions of "WindowsBase" that could not be resolved. [C:\Users\ultra\warewolf\Dev\Dev2.Development.Languages\Dev2.Development.Languages.csproj]
C:\Program Files\dotnet\sdk\10.0.201\Microsoft.Common.CurrentVersion.targets(2451,5): warning MSB3277: There was a conflict between "WindowsBase, Version=4.0.0.0, Culture=neutral, PublicKeyToken=31bf3856ad364e35" and "WindowsBase, Version=6.0.2.0, Culture=neutral, PublicKeyToken=31bf3856ad364e35". [C:\Users\ultra\warewolf\Dev\Dev2.Development.Languages\Dev2.Development.Languages.csproj]
C:\Program Files\dotnet\sdk\10.0.201\Microsoft.Common.CurrentVersion.targets(2451,5): warning MSB3277:     "WindowsBase, Version=4.0.0.0, Culture=neutral, PublicKeyToken=31bf3856ad364e35" was chosen because it was primary and "WindowsBase, Version=6.0.2.0, Culture=neutral, PublicKeyToken=31bf3856ad364e35" was not. [C:\Users\ultra\warewolf\Dev\Dev2.Development.Languages\Dev2.Development.Languages.csproj]
C:\Program Files\dotnet\sdk\10.0.201\Microsoft.Common.CurrentVersion.targets(2451,5): warning MSB3277:     References which depend on "WindowsBase, Version=4.0.0.0, Culture=neutral, PublicKeyToken=31bf3856ad364e35" [C:\Program Files\dotnet\packs\Microsoft.NETCore.App.Ref\8.0.25\ref\net8.0\WindowsBase.dll]. [C:\Users\ultra\warewolf\Dev\Dev2.Development.Languages\Dev2.Development.Languages.csproj]
C:\Program Files\dotnet\sdk\10.0.201\Microsoft.Common.CurrentVersion.targets(2451,5): warning MSB3277:         C:\Program Files\dotnet\packs\Microsoft.NETCore.App.Ref\8.0.25\ref\net8.0\WindowsBase.dll [C:\Users\ultra\warewolf\Dev\Dev2.Development.Languages\Dev2.Development.Languages.csproj]
C:\Program Files\dotnet\sdk\10.0.201\Microsoft.Common.CurrentVersion.targets(2451,5): warning MSB3277:           Project file item includes which caused reference "C:\Program Files\dotnet\packs\Microsoft.NETCore.App.Ref\8.0.25\ref\net8.0\WindowsBase.dll". [C:\Users\ultra\warewolf\Dev\Dev2.Development.Languages\Dev2.Development.Languages.csproj]
C:\Program Files\dotnet\sdk\10.0.201\Microsoft.Common.CurrentVersion.targets(2451,5): warning MSB3277:             C:\Program Files\dotnet\packs\Microsoft.NETCore.App.Ref\8.0.25\ref/net8.0/WindowsBase.dll [C:\Users\ultra\warewolf\Dev\Dev2.Development.Languages\Dev2.Development.Languages.csproj]
C:\Program Files\dotnet\sdk\10.0.201\Microsoft.Common.CurrentVersion.targets(2451,5): warning MSB3277:     References which depend on or have been unified to "WindowsBase, Version=6.0.2.0, Culture=neutral, PublicKeyToken=31bf3856ad364e35" []. [C:\Users\ultra\warewolf\Dev\Dev2.Development.Languages\Dev2.Development.Languages.csproj]
C:\Program Files\dotnet\sdk\10.0.201\Microsoft.Common.CurrentVersion.targets(2451,5): warning MSB3277:         C:\Users\ultra\.nuget\packages\caliburn.micro\4.0.212\lib\netcoreapp3.1\Caliburn.Micro.Platform.dll [C:\Users\ultra\warewolf\Dev\Dev2.Development.Languages\Dev2.Development.Languages.csproj]
C:\Program Files\dotnet\sdk\10.0.201\Microsoft.Common.CurrentVersion.targets(2451,5): warning MSB3277:           Project file item includes which caused reference "C:\Users\ultra\.nuget\packages\caliburn.micro\4.0.212\lib\netcoreapp3.1\Caliburn.Micro.Platform.dll". [C:\Users\ultra\warewolf\Dev\Dev2.Development.Languages\Dev2.Development.Languages.csproj]
C:\Program Files\dotnet\sdk\10.0.201\Microsoft.Common.CurrentVersion.targets(2451,5): warning MSB3277:             C:\Users\ultra\.nuget\packages\caliburn.micro\4.0.212\lib\netcoreapp3.1\Caliburn.Micro.Platform.dll [C:\Users\ultra\warewolf\Dev\Dev2.Development.Languages\Dev2.Development.Languages.csproj]
C:\Program Files\dotnet\sdk\10.0.201\Microsoft.Common.CurrentVersion.targets(2451,5): warning MSB3277:         C:\Users\ultra\.nuget\packages\ironpython\3.4.0\lib\net6.0\IronPython.Wpf.dll [C:\Users\ultra\warewolf\Dev\Dev2.Development.Languages\Dev2.Development.Languages.csproj]
C:\Program Files\dotnet\sdk\10.0.201\Microsoft.Common.CurrentVersion.targets(2451,5): warning MSB3277:           Project file item includes which caused reference "C:\Users\ultra\.nuget\packages\ironpython\3.4.0\lib\net6.0\IronPython.Wpf.dll". [C:\Users\ultra\warewolf\Dev\Dev2.Development.Languages\Dev2.Development.Languages.csproj]
C:\Program Files\dotnet\sdk\10.0.201\Microsoft.Common.CurrentVersion.targets(2451,5): warning MSB3277:             C:\Users\ultra\.nuget\packages\ironpython\3.4.0\lib\net6.0\IronPython.Wpf.dll [C:\Users\ultra\warewolf\Dev\Dev2.Development.Languages\Dev2.Development.Languages.csproj]
C:\Program Files\dotnet\sdk\10.0.201\Microsoft.Common.CurrentVersion.targets(2451,5): warning MSB3277:         C:\Users\ultra\.nuget\packages\microsoft.xaml.behaviors.wpf\1.1.19\lib\netcoreapp3.0\Microsoft.Xaml.Behaviors.dll [C:\Users\ultra\warewolf\Dev\Dev2.Development.Languages\Dev2.Development.Languages.csproj]
C:\Program Files\dotnet\sdk\10.0.201\Microsoft.Common.CurrentVersion.targets(2451,5): warning MSB3277:           Project file item includes which caused reference "C:\Users\ultra\.nuget\packages\microsoft.xaml.behaviors.wpf\1.1.19\lib\netcoreapp3.0\Microsoft.Xaml.Behaviors.dll". [C:\Users\ultra\warewolf\Dev\Dev2.Development.Languages\Dev2.Development.Languages.csproj]
C:\Program Files\dotnet\sdk\10.0.201\Microsoft.Common.CurrentVersion.targets(2451,5): warning MSB3277:             C:\Users\ultra\.nuget\packages\microsoft.xaml.behaviors.wpf\1.1.19\lib\netcoreapp3.0\Microsoft.Xaml.Behaviors.dll [C:\Users\ultra\warewolf\Dev\Dev2.Development.Languages\Dev2.Development.Languages.csproj]
C:\Program Files\dotnet\sdk\10.0.201\Microsoft.Common.CurrentVersion.targets(2451,5): warning MSB3277:             C:\Users\ultra\.nuget\packages\caliburn.micro\4.0.212\lib\netcoreapp3.1\Caliburn.Micro.Platform.dll [C:\Users\ultra\warewolf\Dev\Dev2.Development.Languages\Dev2.Development.Languages.csproj]
  Dev2.Util -> C:\Users\ultra\warewolf\Dev\Dev2.Util\bin\Debug\net8.0\Dev2.Util.dll
  Dev2.Development.Languages -> C:\Users\ultra\warewolf\Dev\Dev2.Development.Languages\bin\Debug\net8.0\Dev2.Development.Languages.dll
C:\Users\ultra\warewolf\Dev\Dev2.TaskScheduler.Wrappers\Dev2TaskEvent.cs(47,33): warning CA1416: This call site is reachable on all platforms. 'SecurityIdentifier.Value' is only supported on: 'windows'. (https://learn.microsoft.com/dotnet/fundamentals/code-analysis/quality-rules/ca1416) [C:\Users\ultra\warewolf\Dev\Dev2.TaskScheduler.Wrappers\Dev2.TaskScheduler.Wrappers.csproj]
  Dev2.TaskScheduler.Wrappers -> C:\Users\ultra\warewolf\Dev\Dev2.TaskScheduler.Wrappers\bin\Debug\net8.0\Dev2.TaskScheduler.Wrappers.dll
  Warewolf.Licensing -> C:\Users\ultra\warewolf\Dev\Warewolf.Licensing\bin\Debug\net8.0\Warewolf.Licensing.dll
  Dev2.CustomControls -> C:\Users\ultra\warewolf\Dev\Dev2.CustomControls\bin\Debug\net8.0\Dev2.CustomControls.dll
  Consider app.config remapping of assembly "Newtonsoft.Json, Culture=neutral, PublicKeyToken=30ad4fe6b2a6aeed" from Version "12.0.0.0" [] to Version "13.0.0.0" [C:\Users\ultra\.nuget\packages\newtonsoft.json\13.0.2\lib\net6.0\Newtonsoft.Json.dll] to solve conflict and get rid of warning.
  Dev2.Runtime.Configuration -> C:\Users\ultra\warewolf\Dev\Dev2.Runtime.Configuration\bin\Debug\net8.0\Dev2.Runtime.Configuration.dll
C:\Users\ultra\warewolf\Dev\Dev2.Diagnostics\Debug\DebugDispatcher.cs(209,35): warning CC0057: Parameter 'previous' is not used. (https://code-cracker.github.io/diagnostics/CC0057.html) [C:\Users\ultra\warewolf\Dev\Dev2.Diagnostics\Dev2.Diagnostics.csproj]
  Dev2.Diagnostics -> C:\Users\ultra\warewolf\Dev\Dev2.Diagnostics\bin\Debug\net8.0\Dev2.Diagnostics.dll
C:\Users\ultra\warewolf\Dev\Warewolf.AI.Harness\ChatbotApiService.cs(11,7): warning CS0105: The using directive for 'System.Text' appeared previously in this namespace [C:\Users\ultra\warewolf\Dev\Warewolf.AI.Harness\Warewolf.AI.Harness.csproj]
C:\Users\ultra\warewolf\Dev\Warewolf.AI.Harness\ChatbotApiService.cs(12,7): warning CS0105: The using directive for 'Newtonsoft.Json' appeared previously in this namespace [C:\Users\ultra\warewolf\Dev\Warewolf.AI.Harness\Warewolf.AI.Harness.csproj]
C:\Users\ultra\warewolf\Dev\Warewolf.AI.Harness\ChatbotApiService.cs(641,23): warning CS8618: Non-nullable property 'Model' must contain a non-null value when exiting constructor. Consider adding the 'required' modifier or declaring the property as nullable. [C:\Users\ultra\warewolf\Dev\Warewolf.AI.Harness\Warewolf.AI.Harness.csproj]
C:\Users\ultra\warewolf\Dev\Warewolf.AI.Harness\ChatbotApiService.cs(659,23): warning CS8618: Non-nullable property 'FinishReason' must contain a non-null value when exiting constructor. Consider adding the 'required' modifier or declaring the property as nullable. [C:\Users\ultra\warewolf\Dev\Warewolf.AI.Harness\Warewolf.AI.Harness.csproj]
C:\Users\ultra\warewolf\Dev\Warewolf.AI.Harness\ChatbotApiService.cs(201,34): warning CS8600: Converting null literal or possible null value to non-nullable type. [C:\Users\ultra\warewolf\Dev\Warewolf.AI.Harness\Warewolf.AI.Harness.csproj]
C:\Users\ultra\warewolf\Dev\Warewolf.AI.Harness\ChatbotApiService.cs(215,51): warning CS8602: Dereference of a possibly null reference. [C:\Users\ultra\warewolf\Dev\Warewolf.AI.Harness\Warewolf.AI.Harness.csproj]
C:\Users\ultra\warewolf\Dev\Warewolf.AI.Harness\ChatbotApiService.cs(218,25): warning CS8602: Dereference of a possibly null reference. [C:\Users\ultra\warewolf\Dev\Warewolf.AI.Harness\Warewolf.AI.Harness.csproj]
C:\Users\ultra\warewolf\Dev\Warewolf.AI.Harness\ChatbotApiService.cs(303,34): warning CS8600: Converting null literal or possible null value to non-nullable type. [C:\Users\ultra\warewolf\Dev\Warewolf.AI.Harness\Warewolf.AI.Harness.csproj]
C:\Users\ultra\warewolf\Dev\Warewolf.AI.Harness\ChatbotApiService.cs(312,51): warning CS8602: Dereference of a possibly null reference. [C:\Users\ultra\warewolf\Dev\Warewolf.AI.Harness\Warewolf.AI.Harness.csproj]
C:\Users\ultra\warewolf\Dev\Warewolf.AI.Harness\ChatbotApiService.cs(314,30): warning CS8602: Dereference of a possibly null reference. [C:\Users\ultra\warewolf\Dev\Warewolf.AI.Harness\Warewolf.AI.Harness.csproj]
C:\Users\ultra\warewolf\Dev\Warewolf.AI.Harness\ChatbotApiService.cs(477,32): warning CS8600: Converting null literal or possible null value to non-nullable type. [C:\Users\ultra\warewolf\Dev\Warewolf.AI.Harness\Warewolf.AI.Harness.csproj]
C:\Users\ultra\warewolf\Dev\Warewolf.AI.Harness\ChatbotApiService.cs(478,32): warning CS8600: Converting null literal or possible null value to non-nullable type. [C:\Users\ultra\warewolf\Dev\Warewolf.AI.Harness\Warewolf.AI.Harness.csproj]
C:\Users\ultra\warewolf\Dev\Warewolf.AI.Harness\ChatbotApiService.cs(481,73): warning CS8625: Cannot convert null literal to non-nullable reference type. [C:\Users\ultra\warewolf\Dev\Warewolf.AI.Harness\Warewolf.AI.Harness.csproj]
C:\Users\ultra\warewolf\Dev\Warewolf.AI.Harness\ChatbotApiService.cs(482,60): warning CS8604: Possible null reference argument for parameter 'authHeaderName' in 'HttpResponseMessage ChatbotApiService.PostWithAuth(string endpoint, object payload, string authHeaderName, string authHeaderValue, string additionalHeaders)'. [C:\Users\ultra\warewolf\Dev\Warewolf.AI.Harness\Warewolf.AI.Harness.csproj]
C:\Users\ultra\warewolf\Dev\Warewolf.AI.Harness\ChatbotApiService.cs(482,70): warning CS8604: Possible null reference argument for parameter 'authHeaderValue' in 'HttpResponseMessage ChatbotApiService.PostWithAuth(string endpoint, object payload, string authHeaderName, string authHeaderValue, string additionalHeaders)'. [C:\Users\ultra\warewolf\Dev\Warewolf.AI.Harness\Warewolf.AI.Harness.csproj]
C:\Users\ultra\warewolf\Dev\Warewolf.AI.Harness\ChatbotApiService.cs(482,81): warning CS8625: Cannot convert null literal to non-nullable reference type. [C:\Users\ultra\warewolf\Dev\Warewolf.AI.Harness\Warewolf.AI.Harness.csproj]
C:\Users\ultra\warewolf\Dev\Warewolf.AI.Harness\ChatbotApiService.cs(496,73): warning CS8625: Cannot convert null literal to non-nullable reference type. [C:\Users\ultra\warewolf\Dev\Warewolf.AI.Harness\Warewolf.AI.Harness.csproj]
C:\Users\ultra\warewolf\Dev\Warewolf.AI.Harness\ChatbotApiService.cs(497,81): warning CS8625: Cannot convert null literal to non-nullable reference type. [C:\Users\ultra\warewolf\Dev\Warewolf.AI.Harness\Warewolf.AI.Harness.csproj]
C:\Users\ultra\warewolf\Dev\Warewolf.AI.Harness\ChatbotApiService.cs(514,73): warning CS8625: Cannot convert null literal to non-nullable reference type. [C:\Users\ultra\warewolf\Dev\Warewolf.AI.Harness\Warewolf.AI.Harness.csproj]
C:\Users\ultra\warewolf\Dev\Warewolf.AI.Harness\ChatbotApiService.cs(515,114): warning CS8625: Cannot convert null literal to non-nullable reference type. [C:\Users\ultra\warewolf\Dev\Warewolf.AI.Harness\Warewolf.AI.Harness.csproj]
C:\Users\ultra\warewolf\Dev\Warewolf.AI.Harness\ChatbotApiService.cs(521,36): warning CS8600: Converting null literal or possible null value to non-nullable type. [C:\Users\ultra\warewolf\Dev\Warewolf.AI.Harness\Warewolf.AI.Harness.csproj]
C:\Users\ultra\warewolf\Dev\Warewolf.AI.Harness\ChatbotApiService.cs(538,82): warning CS8604: Possible null reference argument for parameter 'systemMessage' in 'Dictionary<string, object> ChatbotApiService.CreatePayload(string model, object messages, string systemMessage, bool useMaxCompletionTokens, bool includeTemperature)'. [C:\Users\ultra\warewolf\Dev\Warewolf.AI.Harness\Warewolf.AI.Harness.csproj]
C:\Users\ultra\warewolf\Dev\Warewolf.AI.Harness\ChatbotApiService.cs(545,35): warning CS8600: Converting null literal or possible null value to non-nullable type. [C:\Users\ultra\warewolf\Dev\Warewolf.AI.Harness\Warewolf.AI.Harness.csproj]
C:\Users\ultra\warewolf\Dev\Warewolf.AI.Harness\ChatbotApiService.cs(589,68): warning CS8625: Cannot convert null literal to non-nullable reference type. [C:\Users\ultra\warewolf\Dev\Warewolf.AI.Harness\Warewolf.AI.Harness.csproj]
C:\Users\ultra\warewolf\Dev\Warewolf.AI.Harness\ChatbotApiService.cs(589,74): warning CS8625: Cannot convert null literal to non-nullable reference type. [C:\Users\ultra\warewolf\Dev\Warewolf.AI.Harness\Warewolf.AI.Harness.csproj]
C:\Users\ultra\warewolf\Dev\Warewolf.AI.Harness\ChatbotApiService.cs(589,80): warning CS8625: Cannot convert null literal to non-nullable reference type. [C:\Users\ultra\warewolf\Dev\Warewolf.AI.Harness\Warewolf.AI.Harness.csproj]
  Warewolf.AI.Harness -> C:\Users\ultra\warewolf\Dev\Warewolf.AI.Harness\bin\Debug\net8.0\Warewolf.AI.Harness.dll
C:\Users\ultra\warewolf\Dev\Dev2.Infrastructure\PerformanceCounters\PerformanceCounterCategoryWrapper.cs(33,48): warning CA1416: This call site is reachable on all platforms. 'PerformanceCounterCategory.Exists(string)' is only supported on: 'windows'. (https://learn.microsoft.com/dotnet/fundamentals/code-analysis/quality-rules/ca1416) [C:\Users\ultra\warewolf\Dev\Dev2.Infrastructure\Dev2.Infrastructure.csproj]
C:\Users\ultra\warewolf\Dev\Dev2.Infrastructure\PerformanceCounters\PerformanceCounterCategoryWrapper.cs(32,48): warning CA1416: This call site is reachable on all platforms. 'PerformanceCounterCategory.Delete(string)' is only supported on: 'windows'. (https://learn.microsoft.com/dotnet/fundamentals/code-analysis/quality-rules/ca1416) [C:\Users\ultra\warewolf\Dev\Dev2.Infrastructure\Dev2.Infrastructure.csproj]
C:\Users\ultra\warewolf\Dev\Dev2.Infrastructure\PerformanceCounters\PerformanceCounterCategoryWrapper.cs(12,51): warning CA1416: This call site is reachable on all platforms. 'PerformanceCounterCategory.CounterExists(string)' is only supported on: 'windows'. (https://learn.microsoft.com/dotnet/fundamentals/code-analysis/quality-rules/ca1416) [C:\Users\ultra\warewolf\Dev\Dev2.Infrastructure\Dev2.Infrastructure.csproj]
C:\Users\ultra\warewolf\Dev\Dev2.Infrastructure\PerformanceCounters\PerformanceCounterCategoryWrapper.cs(38,29): warning CA1416: This call site is reachable on all platforms. 'PerformanceCounterCategory' is only supported on: 'windows'. (https://learn.microsoft.com/dotnet/fundamentals/code-analysis/quality-rules/ca1416) [C:\Users\ultra\warewolf\Dev\Dev2.Infrastructure\Dev2.Infrastructure.csproj]
C:\Users\ultra\warewolf\Dev\Dev2.Infrastructure\PerformanceCounters\Management\PerformanceCounterPersistence.cs(48,81): warning CC0057: Parameter 'resourcePerformanceCounters' is not used. (https://code-cracker.github.io/diagnostics/CC0057.html) [C:\Users\ultra\warewolf\Dev\Dev2.Infrastructure\Dev2.Infrastructure.csproj]
C:\Users\ultra\warewolf\Dev\Dev2.Infrastructure\PerformanceCounters\Management\WarewolfPerformanceCounterManager.cs(22,140): warning CC0057: Parameter 'register' is not used. (https://code-cracker.github.io/diagnostics/CC0057.html) [C:\Users\ultra\warewolf\Dev\Dev2.Infrastructure\Dev2.Infrastructure.csproj]
C:\Users\ultra\warewolf\Dev\Dev2.Infrastructure\PerformanceCounters\Management\WarewolfPerformanceCounterManager.cs(67,83): warning CC0057: Parameter 'name' is not used. (https://code-cracker.github.io/diagnostics/CC0057.html) [C:\Users\ultra\warewolf\Dev\Dev2.Infrastructure\Dev2.Infrastructure.csproj]
C:\Users\ultra\warewolf\Dev\Dev2.Infrastructure\PerformanceCounters\PerformanceCounterCategoryWrapper.cs(29,71): warning CA1416: This call site is reachable on all platforms. 'PerformanceCounterCategoryType.MultiInstance' is only supported on: 'windows'. (https://learn.microsoft.com/dotnet/fundamentals/code-analysis/quality-rules/ca1416) [C:\Users\ultra\warewolf\Dev\Dev2.Infrastructure\Dev2.Infrastructure.csproj]
C:\Users\ultra\warewolf\Dev\Dev2.Infrastructure\PerformanceCounters\PerformanceCounterCategoryWrapper.cs(25,21): warning CA1416: This call site is reachable on all platforms. 'CounterCreationDataCollection.Add(CounterCreationData)' is only supported on: 'windows'. (https://learn.microsoft.com/dotnet/fundamentals/code-analysis/quality-rules/ca1416) [C:\Users\ultra\warewolf\Dev\Dev2.Infrastructure\Dev2.Infrastructure.csproj]
C:\Users\ultra\warewolf\Dev\Dev2.Infrastructure\PerformanceCounters\PerformanceCounterCategoryWrapper.cs(29,13): warning CA1416: This call site is reachable on all platforms. 'PerformanceCounterCategory.Create(string, string, PerformanceCounterCategoryType, CounterCreationDataCollection)' is only supported on: 'windows'. (https://learn.microsoft.com/dotnet/fundamentals/code-analysis/quality-rules/ca1416) [C:\Users\ultra\warewolf\Dev\Dev2.Infrastructure\Dev2.Infrastructure.csproj]
C:\Users\ultra\warewolf\Dev\Dev2.Infrastructure\PerformanceCounters\PerformanceCounterCategoryWrapper.cs(19,45): warning CA1416: This call site is reachable on all platforms. 'CounterCreationData' is only supported on: 'windows'. (https://learn.microsoft.com/dotnet/fundamentals/code-analysis/quality-rules/ca1416) [C:\Users\ultra\warewolf\Dev\Dev2.Infrastructure\Dev2.Infrastructure.csproj]
C:\Users\ultra\warewolf\Dev\Dev2.Infrastructure\PerformanceCounters\PerformanceCounterCategoryWrapper.cs(14,49): warning CA1416: This call site is reachable on all platforms. 'CounterCreationDataCollection' is only supported on: 'windows'. (https://learn.microsoft.com/dotnet/fundamentals/code-analysis/quality-rules/ca1416) [C:\Users\ultra\warewolf\Dev\Dev2.Infrastructure\Dev2.Infrastructure.csproj]
C:\Users\ultra\warewolf\Dev\Dev2.Infrastructure\PerformanceCounters\PerformanceCounterCategoryWrapper.cs(50,28): warning CA1416: This call site is reachable on all platforms. 'PerformanceCounterType.AverageTimer32' is only supported on: 'windows'. (https://learn.microsoft.com/dotnet/fundamentals/code-analysis/quality-rules/ca1416) [C:\Users\ultra\warewolf\Dev\Dev2.Infrastructure\Dev2.Infrastructure.csproj]
C:\Users\ultra\warewolf\Dev\Dev2.Infrastructure\PerformanceCounters\PerformanceCounterCategoryWrapper.cs(54,28): warning CA1416: This call site is reachable on all platforms. 'PerformanceCounterType.RateOfCountsPerSecond32' is only supported on: 'windows'. (https://learn.microsoft.com/dotnet/fundamentals/code-analysis/quality-rules/ca1416) [C:\Users\ultra\warewolf\Dev\Dev2.Infrastructure\Dev2.Infrastructure.csproj]
C:\Users\ultra\warewolf\Dev\Dev2.Infrastructure\PerformanceCounters\PerformanceCounterCategoryWrapper.cs(48,28): warning CA1416: This call site is reachable on all platforms. 'PerformanceCounterType.AverageBase' is only supported on: 'windows'. (https://learn.microsoft.com/dotnet/fundamentals/code-analysis/quality-rules/ca1416) [C:\Users\ultra\warewolf\Dev\Dev2.Infrastructure\Dev2.Infrastructure.csproj]
C:\Users\ultra\warewolf\Dev\Dev2.Infrastructure\PerformanceCounters\PerformanceCounterCategoryWrapper.cs(52,28): warning CA1416: This call site is reachable on all platforms. 'PerformanceCounterType.NumberOfItems32' is only supported on: 'windows'. (https://learn.microsoft.com/dotnet/fundamentals/code-analysis/quality-rules/ca1416) [C:\Users\ultra\warewolf\Dev\Dev2.Infrastructure\Dev2.Infrastructure.csproj]
C:\Users\ultra\warewolf\Dev\Dev2.Infrastructure\Services\Security\MoqInstallerActions\InstallerActionsForDevelopment.cs(57,31): warning CA1416: This call site is reachable on all platforms. 'WindowsIdentity.GetCurrent(bool)' is only supported on: 'windows'. (https://learn.microsoft.com/dotnet/fundamentals/code-analysis/quality-rules/ca1416) [C:\Users\ultra\warewolf\Dev\Dev2.Infrastructure\Dev2.Infrastructure.csproj]
C:\Users\ultra\warewolf\Dev\Dev2.Infrastructure\Services\Security\MoqInstallerActions\InstallerActionsForDevelopment.cs(59,57): warning CA1416: This call site is reachable on all platforms. 'WindowsIdentity.Name' is only supported on: 'windows'. (https://learn.microsoft.com/dotnet/fundamentals/code-analysis/quality-rules/ca1416) [C:\Users\ultra\warewolf\Dev\Dev2.Infrastructure\Dev2.Infrastructure.csproj]
C:\Users\ultra\warewolf\Dev\Dev2.Infrastructure\Services\Security\SecuritySettings.cs(92,28): warning CC0022: HMACSHA256 should be disposed. (https://code-cracker.github.io/diagnostics/CC0022.html) [C:\Users\ultra\warewolf\Dev\Dev2.Infrastructure\Dev2.Infrastructure.csproj]
CSC : warning AD0001: Analyzer 'CodeCracker.CSharp.Design.UseInvokeMethodToFireEventAnalyzer' threw an exception of type 'System.ArgumentException' with message 'Syntax node is not within syntax tree'. [C:\Users\ultra\warewolf\Dev\Dev2.Infrastructure\Dev2.Infrastructure.csproj]
CSC : warning AD0001: Analyzer 'CodeCracker.CSharp.Design.UseInvokeMethodToFireEventAnalyzer' threw an exception of type 'System.ArgumentException' with message 'Syntax node is not within syntax tree'. [C:\Users\ultra\warewolf\Dev\Dev2.Infrastructure\Dev2.Infrastructure.csproj]
CSC : warning AD0001: Analyzer 'CodeCracker.CSharp.Design.UseInvokeMethodToFireEventAnalyzer' threw an exception of type 'System.ArgumentException' with message 'Syntax node is not within syntax tree'. [C:\Users\ultra\warewolf\Dev\Dev2.Infrastructure\Dev2.Infrastructure.csproj]
CSC : warning AD0001: Analyzer 'CodeCracker.CSharp.Design.UseInvokeMethodToFireEventAnalyzer' threw an exception of type 'System.ArgumentException' with message 'Syntax node is not within syntax tree'. [C:\Users\ultra\warewolf\Dev\Dev2.Infrastructure\Dev2.Infrastructure.csproj]
CSC : warning AD0001: Analyzer 'CodeCracker.CSharp.Design.UseInvokeMethodToFireEventAnalyzer' threw an exception of type 'System.ArgumentException' with message 'Syntax node is not within syntax tree'. [C:\Users\ultra\warewolf\Dev\Dev2.Infrastructure\Dev2.Infrastructure.csproj]
CSC : warning AD0001: Analyzer 'CodeCracker.CSharp.Design.UseInvokeMethodToFireEventAnalyzer' threw an exception of type 'System.ArgumentException' with message 'Syntax node is not within syntax tree'. [C:\Users\ultra\warewolf\Dev\Dev2.Infrastructure\Dev2.Infrastructure.csproj]
CSC : warning AD0001: Analyzer 'CodeCracker.CSharp.Design.UseInvokeMethodToFireEventAnalyzer' threw an exception of type 'System.ArgumentException' with message 'Syntax node is not within syntax tree'. [C:\Users\ultra\warewolf\Dev\Dev2.Infrastructure\Dev2.Infrastructure.csproj]
CSC : warning AD0001: Analyzer 'CodeCracker.CSharp.Design.UseInvokeMethodToFireEventAnalyzer' threw an exception of type 'System.ArgumentException' with message 'Syntax node is not within syntax tree'. [C:\Users\ultra\warewolf\Dev\Dev2.Infrastructure\Dev2.Infrastructure.csproj]
CSC : warning AD0001: Analyzer 'CodeCracker.CSharp.Design.UseInvokeMethodToFireEventAnalyzer' threw an exception of type 'System.ArgumentException' with message 'Syntax node is not within syntax tree'. [C:\Users\ultra\warewolf\Dev\Dev2.Infrastructure\Dev2.Infrastructure.csproj]
CSC : warning AD0001: Analyzer 'CodeCracker.CSharp.Design.UseInvokeMethodToFireEventAnalyzer' threw an exception of type 'System.ArgumentException' with message 'Syntax node is not within syntax tree'. [C:\Users\ultra\warewolf\Dev\Dev2.Infrastructure\Dev2.Infrastructure.csproj]
CSC : warning AD0001: Analyzer 'CodeCracker.CSharp.Design.UseInvokeMethodToFireEventAnalyzer' threw an exception of type 'System.ArgumentException' with message 'Syntax node is not within syntax tree'. [C:\Users\ultra\warewolf\Dev\Dev2.Infrastructure\Dev2.Infrastructure.csproj]
CSC : warning AD0001: Analyzer 'CodeCracker.CSharp.Design.UseInvokeMethodToFireEventAnalyzer' threw an exception of type 'System.ArgumentException' with message 'Syntax node is not within syntax tree'. [C:\Users\ultra\warewolf\Dev\Dev2.Infrastructure\Dev2.Infrastructure.csproj]
CSC : warning AD0001: Analyzer 'CodeCracker.CSharp.Design.UseInvokeMethodToFireEventAnalyzer' threw an exception of type 'System.ArgumentException' with message 'Syntax node is not within syntax tree'. [C:\Users\ultra\warewolf\Dev\Dev2.Infrastructure\Dev2.Infrastructure.csproj]
CSC : warning AD0001: Analyzer 'CodeCracker.CSharp.Design.UseInvokeMethodToFireEventAnalyzer' threw an exception of type 'System.ArgumentException' with message 'Syntax node is not within syntax tree'. [C:\Users\ultra\warewolf\Dev\Dev2.Infrastructure\Dev2.Infrastructure.csproj]
  Dev2.Infrastructure -> C:\Users\ultra\warewolf\Dev\Dev2.Infrastructure\bin\Debug\net8.0\Dev2.Infrastructure.dll
C:\Program Files\dotnet\sdk\10.0.201\Microsoft.CSharp.CurrentVersion.targets(130,9): warning MSB3884: Could not find rule set file "..\.sonarlint\warewolf_dotnet_frameworkcsharp.ruleset". [C:\Users\ultra\warewolf\Dev\Warewolf.Sharepoint\Warewolf.Sharepoint.csproj]
C:\Users\ultra\warewolf\Dev\Dev2.SignalR.Wrappers.New\HubConnectionWrapper.cs(431,21): warning SYSLIB0006: 'Thread.Abort()' is obsolete: 'Thread.Abort is not supported and throws PlatformNotSupportedException.' (https://aka.ms/dotnet-warnings/SYSLIB0006) [C:\Users\ultra\warewolf\Dev\Dev2.SignalR.Wrappers.New\Dev2.SignalR.Wrappers.New.csproj]
C:\Users\ultra\warewolf\Dev\Dev2.SignalR.Wrappers.New\HubConnectionWrapper.cs(205,21): warning CC0029: 'HubConnectionWrapper' should call GC.SuppressFinalize inside the Dispose method. (https://code-cracker.github.io/diagnostics/CC0029.html) [C:\Users\ultra\warewolf\Dev\Dev2.SignalR.Wrappers.New\Dev2.SignalR.Wrappers.New.csproj]
C:\Users\ultra\warewolf\Dev\Dev2.SignalR.Wrappers.New\HubConnectionWrapper.cs(383,17): warning CC0105: Use 'var' instead of specifying the type name. (https://code-cracker.github.io/diagnostics/CC0105.html) [C:\Users\ultra\warewolf\Dev\Dev2.SignalR.Wrappers.New\Dev2.SignalR.Wrappers.New.csproj]
  Dev2.SignalR.Wrappers.New -> C:\Users\ultra\warewolf\Dev\Dev2.SignalR.Wrappers.New\bin\Debug\net8.0\Dev2.SignalR.Wrappers.New.dll
  Warewolf.Sharepoint -> C:\Users\ultra\warewolf\Dev\Warewolf.Sharepoint\bin\Debug\net8.0\Warewolf.Sharepoint.dll
  Warewolf.Storage -> C:\Users\ultra\warewolf\Dev\Warewolf.Storage\bin\Debug\net8.0\Warewolf.Storage.dll
C:\Users\ultra\warewolf\Dev\Dev2.Services.Sql\ConnectionBuilder.cs(44,21): warning CC0029: 'ConnectionBuilder' should call GC.SuppressFinalize inside the Dispose method. (https://code-cracker.github.io/diagnostics/CC0029.html) [C:\Users\ultra\warewolf\Dev\Dev2.Services.Sql\Dev2.Services.Sql.csproj]
C:\Program Files\dotnet\sdk\10.0.201\Microsoft.Common.CurrentVersion.targets(2451,5): warning MSB3245: Could not resolve this reference. Could not locate the assembly "System.Web". Check to make sure the assembly exists on disk. If this reference is required by your code, you may get compilation errors. [C:\Users\ultra\warewolf\Dev\Dev2.Data\Dev2.Data.csproj]
C:\Program Files\dotnet\sdk\10.0.201\Microsoft.Common.CurrentVersion.targets(2451,5): warning MSB3245: Could not resolve this reference. Could not locate the assembly "System.Web.Extensions". Check to make sure the assembly exists on disk. If this reference is required by your code, you may get compilation errors. [C:\Users\ultra\warewolf\Dev\Dev2.Data\Dev2.Data.csproj]
C:\Program Files\dotnet\sdk\10.0.201\Microsoft.Common.CurrentVersion.targets(2451,5): warning MSB3245: Could not resolve this reference. Could not locate the assembly "System.Xml.Linq". Check to make sure the assembly exists on disk. If this reference is required by your code, you may get compilation errors. [C:\Users\ultra\warewolf\Dev\Dev2.Data\Dev2.Data.csproj]
C:\Program Files\dotnet\sdk\10.0.201\Microsoft.Common.CurrentVersion.targets(2451,5): warning MSB3245: Could not resolve this reference. Could not locate the assembly "System.Data.DataSetExtensions". Check to make sure the assembly exists on disk. If this reference is required by your code, you may get compilation errors. [C:\Users\ultra\warewolf\Dev\Dev2.Data\Dev2.Data.csproj]
C:\Program Files\dotnet\sdk\10.0.201\Microsoft.Common.CurrentVersion.targets(2451,5): warning MSB3245: Could not resolve this reference. Could not locate the assembly "Microsoft.CSharp". Check to make sure the assembly exists on disk. If this reference is required by your code, you may get compilation errors. [C:\Users\ultra\warewolf\Dev\Dev2.Data\Dev2.Data.csproj]
C:\Program Files\dotnet\sdk\10.0.201\Microsoft.Common.CurrentVersion.targets(2451,5): warning MSB3245: Could not resolve this reference. Could not locate the assembly "System.Data". Check to make sure the assembly exists on disk. If this reference is required by your code, you may get compilation errors. [C:\Users\ultra\warewolf\Dev\Dev2.Data\Dev2.Data.csproj]
C:\Program Files\dotnet\sdk\10.0.201\Microsoft.Common.CurrentVersion.targets(2451,5): warning MSB3245: Could not resolve this reference. Could not locate the assembly "System.Xml". Check to make sure the assembly exists on disk. If this reference is required by your code, you may get compilation errors. [C:\Users\ultra\warewolf\Dev\Dev2.Data\Dev2.Data.csproj]
  Dev2.Services.Sql -> C:\Users\ultra\warewolf\Dev\Dev2.Services.Sql\bin\Debug\net8.0\Dev2.Services.Sql.dll
C:\Program Files\dotnet\sdk\10.0.201\Microsoft.Common.CurrentVersion.targets(2451,5): warning MSB3243: No way to resolve conflict between "System.Web, Version=4.0.0.0, Culture=neutral, PublicKeyToken=b03f5f7f11d50a3a" and "System.Web". Choosing "System.Web, Version=4.0.0.0, Culture=neutral, PublicKeyToken=b03f5f7f11d50a3a" arbitrarily. [C:\Users\ultra\warewolf\Dev\Dev2.Data\Dev2.Data.csproj]
C:\Program Files\dotnet\sdk\10.0.201\Microsoft.Common.CurrentVersion.targets(2451,5): warning MSB3243: No way to resolve conflict between "System.Xml.Linq, Version=4.0.0.0, Culture=neutral, PublicKeyToken=b77a5c561934e089" and "System.Xml.Linq". Choosing "System.Xml.Linq, Version=4.0.0.0, Culture=neutral, PublicKeyToken=b77a5c561934e089" arbitrarily. [C:\Users\ultra\warewolf\Dev\Dev2.Data\Dev2.Data.csproj]
C:\Program Files\dotnet\sdk\10.0.201\Microsoft.Common.CurrentVersion.targets(2451,5): warning MSB3243: No way to resolve conflict between "System.Data.DataSetExtensions, Version=8.0.0.0, Culture=neutral, PublicKeyToken=b77a5c561934e089" and "System.Data.DataSetExtensions". Choosing "System.Data.DataSetExtensions, Version=8.0.0.0, Culture=neutral, PublicKeyToken=b77a5c561934e089" arbitrarily. [C:\Users\ultra\warewolf\Dev\Dev2.Data\Dev2.Data.csproj]
C:\Program Files\dotnet\sdk\10.0.201\Microsoft.Common.CurrentVersion.targets(2451,5): warning MSB3243: No way to resolve conflict between "Microsoft.CSharp, Version=8.0.0.0, Culture=neutral, PublicKeyToken=b03f5f7f11d50a3a" and "Microsoft.CSharp". Choosing "Microsoft.CSharp, Version=8.0.0.0, Culture=neutral, PublicKeyToken=b03f5f7f11d50a3a" arbitrarily. [C:\Users\ultra\warewolf\Dev\Dev2.Data\Dev2.Data.csproj]
C:\Program Files\dotnet\sdk\10.0.201\Microsoft.Common.CurrentVersion.targets(2451,5): warning MSB3243: No way to resolve conflict between "System.Data, Version=4.0.0.0, Culture=neutral, PublicKeyToken=b77a5c561934e089" and "System.Data". Choosing "System.Data, Version=4.0.0.0, Culture=neutral, PublicKeyToken=b77a5c561934e089" arbitrarily. [C:\Users\ultra\warewolf\Dev\Dev2.Data\Dev2.Data.csproj]
C:\Program Files\dotnet\sdk\10.0.201\Microsoft.Common.CurrentVersion.targets(2451,5): warning MSB3243: No way to resolve conflict between "System.Xml, Version=4.0.0.0, Culture=neutral, PublicKeyToken=b77a5c561934e089" and "System.Xml". Choosing "System.Xml, Version=4.0.0.0, Culture=neutral, PublicKeyToken=b77a5c561934e089" arbitrarily. [C:\Users\ultra\warewolf\Dev\Dev2.Data\Dev2.Data.csproj]
CSC : warning CS2002: Source file 'C:\Users\ultra\warewolf\Dev\Dev2.Data\MathOperations\NCalc\NCalcExpressionBuilder.cs' specified multiple times [C:\Users\ultra\warewolf\Dev\Dev2.Data\Dev2.Data.csproj]
CSC : warning CS2002: Source file 'C:\Users\ultra\warewolf\Dev\Dev2.Data\MathOperations\NCalc\NCalcFunctionArgHelper.cs' specified multiple times [C:\Users\ultra\warewolf\Dev\Dev2.Data\Dev2.Data.csproj]
CSC : warning CS2002: Source file 'C:\Users\ultra\warewolf\Dev\Dev2.Data\MathOperations\NCalc\Functions\BaseConversionFunctions.cs' specified multiple times [C:\Users\ultra\warewolf\Dev\Dev2.Data\Dev2.Data.csproj]
CSC : warning CS2002: Source file 'C:\Users\ultra\warewolf\Dev\Dev2.Data\MathOperations\NCalc\Functions\ComplexFunctions.cs' specified multiple times [C:\Users\ultra\warewolf\Dev\Dev2.Data\Dev2.Data.csproj]
CSC : warning CS2002: Source file 'C:\Users\ultra\warewolf\Dev\Dev2.Data\MathOperations\NCalc\Functions\DateTimeFunctions.cs' specified multiple times [C:\Users\ultra\warewolf\Dev\Dev2.Data\Dev2.Data.csproj]
CSC : warning CS2002: Source file 'C:\Users\ultra\warewolf\Dev\Dev2.Data\MathOperations\NCalc\Functions\FinancialFunctions.cs' specified multiple times [C:\Users\ultra\warewolf\Dev\Dev2.Data\Dev2.Data.csproj]
CSC : warning CS2002: Source file 'C:\Users\ultra\warewolf\Dev\Dev2.Data\MathOperations\NCalc\Functions\InformationFunctions.cs' specified multiple times [C:\Users\ultra\warewolf\Dev\Dev2.Data\Dev2.Data.csproj]
CSC : warning CS2002: Source file 'C:\Users\ultra\warewolf\Dev\Dev2.Data\MathOperations\NCalc\Functions\MathFunctions.cs' specified multiple times [C:\Users\ultra\warewolf\Dev\Dev2.Data\Dev2.Data.csproj]
CSC : warning CS2002: Source file 'C:\Users\ultra\warewolf\Dev\Dev2.Data\MathOperations\NCalc\Functions\StringFunctions.cs' specified multiple times [C:\Users\ultra\warewolf\Dev\Dev2.Data\Dev2.Data.csproj]
C:\Users\ultra\warewolf\Dev\Dev2.Data\MathOperations\NCalc\Functions\MathFunctions.cs(22,30): warning CS8632: The annotation for nullable reference types should only be used in code within a '#nullable' annotations context. [C:\Users\ultra\warewolf\Dev\Dev2.Data\Dev2.Data.csproj]
C:\Users\ultra\warewolf\Dev\Dev2.Data\MathOperations\NCalc\NCalcFunctionArgHelper.cs(51,47): warning CS8632: The annotation for nullable reference types should only be used in code within a '#nullable' annotations context. [C:\Users\ultra\warewolf\Dev\Dev2.Data\Dev2.Data.csproj]
C:\Users\ultra\warewolf\Dev\Dev2.Data\MathOperations\NCalc\Functions\StringFunctions.cs(94,59): warning CS8632: The annotation for nullable reference types should only be used in code within a '#nullable' annotations context. [C:\Users\ultra\warewolf\Dev\Dev2.Data\Dev2.Data.csproj]
C:\Users\ultra\warewolf\Dev\Dev2.Data\NativeMethods.cs(66,59): warning CS0472: The result of the expression is always 'false' since a value of type 'nint' is never equal to 'null' of type 'nint?' [C:\Users\ultra\warewolf\Dev\Dev2.Data\Dev2.Data.csproj]
C:\Users\ultra\warewolf\Dev\Dev2.Data\NativeMethods.cs(88,8): warning CS0472: The result of the expression is always 'false' since a value of type 'nint' is never equal to 'null' of type 'nint?' [C:\Users\ultra\warewolf\Dev\Dev2.Data\Dev2.Data.csproj]
C:\Users\ultra\warewolf\Dev\Dev2.Data\Security\WindowsIdentityExtensions.cs(28,17): warning CA1416: This call site is reachable on all platforms. 'WindowsIdentity.RunImpersonated(SafeAccessTokenHandle, Action)' is only supported on: 'windows'. (https://learn.microsoft.com/dotnet/fundamentals/code-analysis/quality-rules/ca1416) [C:\Users\ultra\warewolf\Dev\Dev2.Data\Dev2.Data.csproj]
C:\Users\ultra\warewolf\Dev\Dev2.Data\Security\WindowsIdentityExtensions.cs(41,24): warning CA1416: This call site is reachable on all platforms. 'WindowsIdentity.RunImpersonated<T>(SafeAccessTokenHandle, Func<T>)' is only supported on: 'windows'. (https://learn.microsoft.com/dotnet/fundamentals/code-analysis/quality-rules/ca1416) [C:\Users\ultra\warewolf\Dev\Dev2.Data\Dev2.Data.csproj]
C:\Users\ultra\warewolf\Dev\Dev2.Data\Security\WindowsIdentityExtensions.cs(28,49): warning CA1416: This call site is reachable on all platforms. 'WindowsIdentity.AccessToken' is only supported on: 'windows'. (https://learn.microsoft.com/dotnet/fundamentals/code-analysis/quality-rules/ca1416) [C:\Users\ultra\warewolf\Dev\Dev2.Data\Dev2.Data.csproj]
C:\Users\ultra\warewolf\Dev\Dev2.Data\Security\WindowsIdentityExtensions.cs(41,59): warning CA1416: This call site is reachable on all platforms. 'WindowsIdentity.AccessToken' is only supported on: 'windows'. (https://learn.microsoft.com/dotnet/fundamentals/code-analysis/quality-rules/ca1416) [C:\Users\ultra\warewolf\Dev\Dev2.Data\Dev2.Data.csproj]
C:\Users\ultra\warewolf\Dev\Dev2.Data\PathOperations\ValidateAuthorization.cs(73,33): warning CA1416: This call site is reachable on all platforms. 'WindowsIdentity' is only supported on: 'windows'. (https://learn.microsoft.com/dotnet/fundamentals/code-analysis/quality-rules/ca1416) [C:\Users\ultra\warewolf\Dev\Dev2.Data\Dev2.Data.csproj]
  Dev2.Data -> C:\Users\ultra\warewolf\Dev\Dev2.Data\bin\Debug\net8.0\Dev2.Data.dll
  Warewolf.Driver.Serilog -> C:\Users\ultra\warewolf\Dev\Warewolf.Driver.Serilog\bin\Debug\net8.0\Warewolf.Driver.Serilog.dll
  Dev2.Core -> C:\Users\ultra\warewolf\Dev\Dev2.Core\bin\Debug\net8.0\Dev2.Core.dll
C:\Users\ultra\warewolf\Dev\Warewolf.Auditing\Audit.cs(189,26): warning CS8073: The result of the expression is always 'false' since a value of type 'DateTime' is never equal to 'null' of type 'DateTime?' [C:\Users\ultra\warewolf\Dev\Warewolf.Auditing\Warewolf.Auditing.csproj]
C:\Users\ultra\warewolf\Dev\Warewolf.Auditing\Drivers\AuditQueryableElastic.cs(360,33): warning CS0618: 'ElasticsearchClient.Search<TDocument>(SearchRequestDescriptor<TDocument>)' is obsolete: 'Synchronous methods are deprecated and could be removed in the future.' [C:\Users\ultra\warewolf\Dev\Warewolf.Auditing\Warewolf.Auditing.csproj]
C:\Users\ultra\warewolf\Dev\Warewolf.Auditing\Drivers\AuditQueryableElastic.cs(384,26): warning CS0618: 'ElasticsearchClient.Ping()' is obsolete: 'Synchronous methods are deprecated and could be removed in the future.' [C:\Users\ultra\warewolf\Dev\Warewolf.Auditing\Warewolf.Auditing.csproj]
  Warewolf.ResourceManagement -> C:\Users\ultra\warewolf\Dev\Warewolf.ResourceManagement\bin\Debug\net8.0\Warewolf.ResourceManagement.dll
  Warewolf.Auditing -> C:\Users\ultra\warewolf\Dev\Warewolf.Auditing\bin\Debug\net8.0\Warewolf.Auditing.dll
  Warewolf.Exchange.Email.Wrapper -> C:\Users\ultra\warewolf\Dev\Warewolf.Exchange.Email.Wrapper\bin\Debug\net8.0\Warewolf.Exchange.Email.Wrapper.dll
  Dev2.Scheduler -> C:\Users\ultra\warewolf\Dev\Dev2.Scheduler\bin\Debug\net8.0\Dev2.Scheduler.dll
C:\Users\ultra\warewolf\Dev\Warewolf.Common.NetStandard20\Wrappers\WebRequestWrapper.cs(26,24): warning SYSLIB0014: 'WebRequest.Create(string)' is obsolete: 'WebRequest, HttpWebRequest, ServicePoint, and WebClient are obsolete. Use HttpClient instead.' (https://aka.ms/dotnet-warnings/SYSLIB0014) [C:\Users\ultra\warewolf\Dev\Warewolf.Common.NetStandard20\Warewolf.Common.NetStandard20.csproj]
C:\Users\ultra\warewolf\Dev\Warewolf.Common.NetStandard20\Wrappers\WebClientWrapper.cs(26,26): warning SYSLIB0014: 'WebClient.WebClient()' is obsolete: 'WebRequest, HttpWebRequest, ServicePoint, and WebClient are obsolete. Use HttpClient instead.' (https://aka.ms/dotnet-warnings/SYSLIB0014) [C:\Users\ultra\warewolf\Dev\Warewolf.Common.NetStandard20\Warewolf.Common.NetStandard20.csproj]
C:\Users\ultra\warewolf\Dev\Warewolf.Common.NetStandard20\Wrappers\WebClientWrapper.cs(31,26): warning SYSLIB0014: 'WebClient.WebClient()' is obsolete: 'WebRequest, HttpWebRequest, ServicePoint, and WebClient are obsolete. Use HttpClient instead.' (https://aka.ms/dotnet-warnings/SYSLIB0014) [C:\Users\ultra\warewolf\Dev\Warewolf.Common.NetStandard20\Warewolf.Common.NetStandard20.csproj]
  Warewolf.Common.NetStandard20 -> C:\Users\ultra\warewolf\Dev\Warewolf.Common.NetStandard20\bin\Debug\net8.0\Warewolf.Common.NetStandard20.dll
C:\Users\ultra\warewolf\Dev\Warewolf.Core\InputsFromJson.cs(99,21): warning CC0105: Use 'var' instead of specifying the type name. (https://code-cracker.github.io/diagnostics/CC0105.html) [C:\Users\ultra\warewolf\Dev\Warewolf.Core\Warewolf.Core.csproj]
  Warewolf.Core -> C:\Users\ultra\warewolf\Dev\Warewolf.Core\bin\Debug\net8.0\Warewolf.Core.dll
C:\Users\ultra\warewolf\Dev\Dev2.Runtime.Services\ServiceModel\ElasticsearchSources.cs(110,34): warning CS0618: 'ElasticsearchClient.Ping()' is obsolete: 'Synchronous methods are deprecated and could be removed in the future.' [C:\Users\ultra\warewolf\Dev\Dev2.Runtime.Services\Dev2.Runtime.Services.csproj]
C:\Users\ultra\warewolf\Dev\Dev2.Runtime.Services\ESB\Management\Services\FetchTestsAndTriggers.cs(45,17): warning CC0105: Use 'var' instead of specifying the type name. (https://code-cracker.github.io/diagnostics/CC0105.html) [C:\Users\ultra\warewolf\Dev\Dev2.Runtime.Services\Dev2.Runtime.Services.csproj]
C:\Users\ultra\warewolf\Dev\Dev2.Runtime.Services\UsageLogger.cs(66,33): warning CC0022: ManagementObjectSearcher should be disposed. (https://code-cracker.github.io/diagnostics/CC0022.html) [C:\Users\ultra\warewolf\Dev\Dev2.Runtime.Services\Dev2.Runtime.Services.csproj]
C:\Users\ultra\warewolf\Dev\Dev2.Runtime.Services\ESB\Management\Services\ChatbotToolNormalizer.cs(80,17): warning CC0003: Consider adding an Exception to the catch. (https://code-cracker.github.io/diagnostics/CC0003.html) [C:\Users\ultra\warewolf\Dev\Dev2.Runtime.Services\Dev2.Runtime.Services.csproj]
C:\Users\ultra\warewolf\Dev\Dev2.Runtime.Services\ESB\Management\Services\ChatbotToolNormalizer.cs(101,21): warning CC0004: Empty Catch Block. (https://code-cracker.github.io/diagnostics/CC0004.html) [C:\Users\ultra\warewolf\Dev\Dev2.Runtime.Services\Dev2.Runtime.Services.csproj]
C:\Users\ultra\warewolf\Dev\Dev2.Runtime.Services\ESB\Management\Services\TestChatbotSource.cs(44,17): warning CC0105: Use 'var' instead of specifying the type name. (https://code-cracker.github.io/diagnostics/CC0105.html) [C:\Users\ultra\warewolf\Dev\Dev2.Runtime.Services\Dev2.Runtime.Services.csproj]
C:\Users\ultra\warewolf\Dev\Dev2.Runtime.Services\ESB\Management\Services\TestChatbotSource.cs(45,17): warning CC0105: Use 'var' instead of specifying the type name. (https://code-cracker.github.io/diagnostics/CC0105.html) [C:\Users\ultra\warewolf\Dev\Dev2.Runtime.Services\Dev2.Runtime.Services.csproj]
C:\Users\ultra\warewolf\Dev\Dev2.Runtime.Services\ServiceModel\WebSources.cs(532,7): warning CC0004: Empty Catch Block. (https://code-cracker.github.io/diagnostics/CC0004.html) [C:\Users\ultra\warewolf\Dev\Dev2.Runtime.Services\Dev2.Runtime.Services.csproj]
C:\Users\ultra\warewolf\Dev\Dev2.Runtime.Services\ESB\Management\Services\ChatbotToolNormalizer.cs(226,21): warning CC0105: Use 'var' instead of specifying the type name. (https://code-cracker.github.io/diagnostics/CC0105.html) [C:\Users\ultra\warewolf\Dev\Dev2.Runtime.Services\Dev2.Runtime.Services.csproj]
C:\Users\ultra\warewolf\Dev\Dev2.Runtime.Services\ESB\Management\Services\ChatbotToolNormalizer.cs(279,21): warning CC0105: Use 'var' instead of specifying the type name. (https://code-cracker.github.io/diagnostics/CC0105.html) [C:\Users\ultra\warewolf\Dev\Dev2.Runtime.Services\Dev2.Runtime.Services.csproj]
C:\Users\ultra\warewolf\Dev\Dev2.Runtime.Services\ServiceModel\WebSources.cs(751,38): warning CC0022: StringContent should be disposed. (https://code-cracker.github.io/diagnostics/CC0022.html) [C:\Users\ultra\warewolf\Dev\Dev2.Runtime.Services\Dev2.Runtime.Services.csproj]
  Dev2.Runtime.Services -> C:\Users\ultra\warewolf\Dev\Dev2.Runtime.Services\bin\Debug\net8.0\Dev2.Runtime.Services.dll
C:\Users\ultra\warewolf\Dev\Warewolf.Driver.Persistence\Drivers\HangfireScheduler.cs(320,17): warning CA2200: Re-throwing caught exception changes stack information (https://learn.microsoft.com/dotnet/fundamentals/code-analysis/quality-rules/ca2200) [C:\Users\ultra\warewolf\Dev\Warewolf.Driver.Persistence\Warewolf.Driver.Persistence.csproj]
C:\Users\ultra\warewolf\Dev\Warewolf.Driver.Persistence\Drivers\HangfireScheduler.cs(376,17): warning CA2200: Re-throwing caught exception changes stack information (https://learn.microsoft.com/dotnet/fundamentals/code-analysis/quality-rules/ca2200) [C:\Users\ultra\warewolf\Dev\Warewolf.Driver.Persistence\Warewolf.Driver.Persistence.csproj]
C:\Users\ultra\warewolf\Dev\Warewolf.Driver.Persistence\Drivers\HangfireScheduler.cs(397,17): warning CA2200: Re-throwing caught exception changes stack information (https://learn.microsoft.com/dotnet/fundamentals/code-analysis/quality-rules/ca2200) [C:\Users\ultra\warewolf\Dev\Warewolf.Driver.Persistence\Warewolf.Driver.Persistence.csproj]
  Warewolf.Driver.Persistence -> C:\Users\ultra\warewolf\Dev\Warewolf.Driver.Persistence\bin\Debug\net8.0\Warewolf.Driver.Persistence.dll
  Dev2.Studio.Interfaces -> C:\Users\ultra\warewolf\Dev\Dev2.Studio.Interfaces\bin\Debug\net8.0\Dev2.Studio.Interfaces.dll
  Dev2.Services.Execution -> C:\Users\ultra\warewolf\Dev\Dev2.Services.Execution\bin\Debug\net8.0\Dev2.Services.Execution.dll
C:\Program Files\dotnet\sdk\10.0.201\Microsoft.Common.CurrentVersion.targets(2451,5): warning MSB3245: Could not resolve this reference. Could not locate the assembly "System.ServiceModel.Activities". Check to make sure the assembly exists on disk. If this reference is required by your code, you may get compilation errors. [C:\Users\ultra\warewolf\Dev\Dev2.Activities\Dev2.Activities.csproj]
C:\Program Files\dotnet\sdk\10.0.201\Microsoft.Common.CurrentVersion.targets(2451,5): warning MSB3277: Found conflicts between different versions of "WindowsBase" that could not be resolved. [C:\Users\ultra\warewolf\Dev\Dev2.Activities\Dev2.Activities.csproj]
C:\Program Files\dotnet\sdk\10.0.201\Microsoft.Common.CurrentVersion.targets(2451,5): warning MSB3277: There was a conflict between "WindowsBase, Version=4.0.0.0, Culture=neutral, PublicKeyToken=31bf3856ad364e35" and "WindowsBase, Version=6.0.2.0, Culture=neutral, PublicKeyToken=31bf3856ad364e35". [C:\Users\ultra\warewolf\Dev\Dev2.Activities\Dev2.Activities.csproj]
C:\Program Files\dotnet\sdk\10.0.201\Microsoft.Common.CurrentVersion.targets(2451,5): warning MSB3277:     "WindowsBase, Version=4.0.0.0, Culture=neutral, PublicKeyToken=31bf3856ad364e35" was chosen because it was primary and "WindowsBase, Version=6.0.2.0, Culture=neutral, PublicKeyToken=31bf3856ad364e35" was not. [C:\Users\ultra\warewolf\Dev\Dev2.Activities\Dev2.Activities.csproj]
C:\Program Files\dotnet\sdk\10.0.201\Microsoft.Common.CurrentVersion.targets(2451,5): warning MSB3277:     References which depend on "WindowsBase, Version=4.0.0.0, Culture=neutral, PublicKeyToken=31bf3856ad364e35" [C:\Program Files\dotnet\packs\Microsoft.NETCore.App.Ref\8.0.25\ref\net8.0\WindowsBase.dll]. [C:\Users\ultra\warewolf\Dev\Dev2.Activities\Dev2.Activities.csproj]
C:\Program Files\dotnet\sdk\10.0.201\Microsoft.Common.CurrentVersion.targets(2451,5): warning MSB3277:         C:\Program Files\dotnet\packs\Microsoft.NETCore.App.Ref\8.0.25\ref\net8.0\WindowsBase.dll [C:\Users\ultra\warewolf\Dev\Dev2.Activities\Dev2.Activities.csproj]
C:\Program Files\dotnet\sdk\10.0.201\Microsoft.Common.CurrentVersion.targets(2451,5): warning MSB3277:           Project file item includes which caused reference "C:\Program Files\dotnet\packs\Microsoft.NETCore.App.Ref\8.0.25\ref\net8.0\WindowsBase.dll". [C:\Users\ultra\warewolf\Dev\Dev2.Activities\Dev2.Activities.csproj]
C:\Program Files\dotnet\sdk\10.0.201\Microsoft.Common.CurrentVersion.targets(2451,5): warning MSB3277:             C:\Program Files\dotnet\packs\Microsoft.NETCore.App.Ref\8.0.25\ref/net8.0/WindowsBase.dll [C:\Users\ultra\warewolf\Dev\Dev2.Activities\Dev2.Activities.csproj]
C:\Program Files\dotnet\sdk\10.0.201\Microsoft.Common.CurrentVersion.targets(2451,5): warning MSB3277:     References which depend on or have been unified to "WindowsBase, Version=6.0.2.0, Culture=neutral, PublicKeyToken=31bf3856ad364e35" []. [C:\Users\ultra\warewolf\Dev\Dev2.Activities\Dev2.Activities.csproj]
C:\Program Files\dotnet\sdk\10.0.201\Microsoft.Common.CurrentVersion.targets(2451,5): warning MSB3277:         C:\Users\ultra\.nuget\packages\caliburn.micro\4.0.212\lib\netcoreapp3.1\Caliburn.Micro.Platform.dll [C:\Users\ultra\warewolf\Dev\Dev2.Activities\Dev2.Activities.csproj]
C:\Program Files\dotnet\sdk\10.0.201\Microsoft.Common.CurrentVersion.targets(2451,5): warning MSB3277:           Project file item includes which caused reference "C:\Users\ultra\.nuget\packages\caliburn.micro\4.0.212\lib\netcoreapp3.1\Caliburn.Micro.Platform.dll". [C:\Users\ultra\warewolf\Dev\Dev2.Activities\Dev2.Activities.csproj]
C:\Program Files\dotnet\sdk\10.0.201\Microsoft.Common.CurrentVersion.targets(2451,5): warning MSB3277:             C:\Users\ultra\.nuget\packages\caliburn.micro\4.0.212\lib\netcoreapp3.1\Caliburn.Micro.Platform.dll [C:\Users\ultra\warewolf\Dev\Dev2.Activities\Dev2.Activities.csproj]
C:\Program Files\dotnet\sdk\10.0.201\Microsoft.Common.CurrentVersion.targets(2451,5): warning MSB3277:         C:\Users\ultra\.nuget\packages\ironpython\3.4.0\lib\net6.0\IronPython.Wpf.dll [C:\Users\ultra\warewolf\Dev\Dev2.Activities\Dev2.Activities.csproj]
C:\Program Files\dotnet\sdk\10.0.201\Microsoft.Common.CurrentVersion.targets(2451,5): warning MSB3277:           Project file item includes which caused reference "C:\Users\ultra\.nuget\packages\ironpython\3.4.0\lib\net6.0\IronPython.Wpf.dll". [C:\Users\ultra\warewolf\Dev\Dev2.Activities\Dev2.Activities.csproj]
C:\Program Files\dotnet\sdk\10.0.201\Microsoft.Common.CurrentVersion.targets(2451,5): warning MSB3277:             C:\Users\ultra\.nuget\packages\ironpython\3.4.0\lib\net6.0\IronPython.Wpf.dll [C:\Users\ultra\warewolf\Dev\Dev2.Activities\Dev2.Activities.csproj]
C:\Program Files\dotnet\sdk\10.0.201\Microsoft.Common.CurrentVersion.targets(2451,5): warning MSB3277:         C:\Users\ultra\.nuget\packages\microsoft.xaml.behaviors.wpf\1.1.19\lib\netcoreapp3.0\Microsoft.Xaml.Behaviors.dll [C:\Users\ultra\warewolf\Dev\Dev2.Activities\Dev2.Activities.csproj]
C:\Program Files\dotnet\sdk\10.0.201\Microsoft.Common.CurrentVersion.targets(2451,5): warning MSB3277:           Project file item includes which caused reference "C:\Users\ultra\.nuget\packages\microsoft.xaml.behaviors.wpf\1.1.19\lib\netcoreapp3.0\Microsoft.Xaml.Behaviors.dll". [C:\Users\ultra\warewolf\Dev\Dev2.Activities\Dev2.Activities.csproj]
C:\Program Files\dotnet\sdk\10.0.201\Microsoft.Common.CurrentVersion.targets(2451,5): warning MSB3277:             C:\Users\ultra\.nuget\packages\microsoft.xaml.behaviors.wpf\1.1.19\lib\netcoreapp3.0\Microsoft.Xaml.Behaviors.dll [C:\Users\ultra\warewolf\Dev\Dev2.Activities\Dev2.Activities.csproj]
C:\Program Files\dotnet\sdk\10.0.201\Microsoft.Common.CurrentVersion.targets(2451,5): warning MSB3277:             C:\Users\ultra\.nuget\packages\caliburn.micro\4.0.212\lib\netcoreapp3.1\Caliburn.Micro.Platform.dll [C:\Users\ultra\warewolf\Dev\Dev2.Activities\Dev2.Activities.csproj]
C:\Program Files\dotnet\sdk\10.0.201\Microsoft.Common.CurrentVersion.targets(2451,5): warning MSB3277:         C:\Users\ultra\.nuget\packages\reactiveui.wpf\18.4.1\lib\net462\ReactiveUI.Wpf.dll [C:\Users\ultra\warewolf\Dev\Dev2.Activities\Dev2.Activities.csproj]
C:\Program Files\dotnet\sdk\10.0.201\Microsoft.Common.CurrentVersion.targets(2451,5): warning MSB3277:           Project file item includes which caused reference "C:\Users\ultra\.nuget\packages\reactiveui.wpf\18.4.1\lib\net462\ReactiveUI.Wpf.dll". [C:\Users\ultra\warewolf\Dev\Dev2.Activities\Dev2.Activities.csproj]
C:\Program Files\dotnet\sdk\10.0.201\Microsoft.Common.CurrentVersion.targets(2451,5): warning MSB3277:             C:\Users\ultra\.nuget\packages\reactiveui.wpf\18.4.1\lib\net462\ReactiveUI.Wpf.dll [C:\Users\ultra\warewolf\Dev\Dev2.Activities\Dev2.Activities.csproj]
  Consider app.config remapping of assembly "System.Runtime.CompilerServices.Unsafe, Culture=neutral, PublicKeyToken=b03f5f7f11d50a3a" from Version "6.0.0.0" [] to Version "8.0.0.0" [C:\Program Files\dotnet\packs\Microsoft.NETCore.App.Ref\8.0.25\ref\net8.0\System.Runtime.CompilerServices.Unsafe.dll] to solve conflict and get rid of warning.
C:\Program Files\dotnet\sdk\10.0.201\Microsoft.Common.CurrentVersion.targets(2451,5): warning MSB3277: Found conflicts between different versions of "Microsoft.Win32.SystemEvents" that could not be resolved. [C:\Users\ultra\warewolf\Dev\Warewolf.Studio.Core\Warewolf.Studio.Core.csproj]
C:\Program Files\dotnet\sdk\10.0.201\Microsoft.Common.CurrentVersion.targets(2451,5): warning MSB3277: There was a conflict between "Microsoft.Win32.SystemEvents, Version=6.0.0.0, Culture=neutral, PublicKeyToken=cc7b13ffcd2ddd51" and "Microsoft.Win32.SystemEvents, Version=7.0.0.0, Culture=neutral, PublicKeyToken=cc7b13ffcd2ddd51". [C:\Users\ultra\warewolf\Dev\Warewolf.Studio.Core\Warewolf.Studio.Core.csproj]
C:\Program Files\dotnet\sdk\10.0.201\Microsoft.Common.CurrentVersion.targets(2451,5): warning MSB3277:     "Microsoft.Win32.SystemEvents, Version=6.0.0.0, Culture=neutral, PublicKeyToken=cc7b13ffcd2ddd51" was chosen because it was primary and "Microsoft.Win32.SystemEvents, Version=7.0.0.0, Culture=neutral, PublicKeyToken=cc7b13ffcd2ddd51" was not. [C:\Users\ultra\warewolf\Dev\Warewolf.Studio.Core\Warewolf.Studio.Core.csproj]
C:\Program Files\dotnet\sdk\10.0.201\Microsoft.Common.CurrentVersion.targets(2451,5): warning MSB3277:     References which depend on "Microsoft.Win32.SystemEvents, Version=6.0.0.0, Culture=neutral, PublicKeyToken=cc7b13ffcd2ddd51" [C:\Users\ultra\.nuget\packages\microsoft.win32.systemevents\6.0.0\lib\net6.0\Microsoft.Win32.SystemEvents.dll]. [C:\Users\ultra\warewolf\Dev\Warewolf.Studio.Core\Warewolf.Studio.Core.csproj]
C:\Program Files\dotnet\sdk\10.0.201\Microsoft.Common.CurrentVersion.targets(2451,5): warning MSB3277:         C:\Users\ultra\.nuget\packages\microsoft.win32.systemevents\6.0.0\lib\net6.0\Microsoft.Win32.SystemEvents.dll [C:\Users\ultra\warewolf\Dev\Warewolf.Studio.Core\Warewolf.Studio.Core.csproj]
C:\Program Files\dotnet\sdk\10.0.201\Microsoft.Common.CurrentVersion.targets(2451,5): warning MSB3277:           Project file item includes which caused reference "C:\Users\ultra\.nuget\packages\microsoft.win32.systemevents\6.0.0\lib\net6.0\Microsoft.Win32.SystemEvents.dll". [C:\Users\ultra\warewolf\Dev\Warewolf.Studio.Core\Warewolf.Studio.Core.csproj]
C:\Program Files\dotnet\sdk\10.0.201\Microsoft.Common.CurrentVersion.targets(2451,5): warning MSB3277:             C:\Users\ultra\.nuget\packages\microsoft.win32.systemevents\6.0.0\lib\net6.0\Microsoft.Win32.SystemEvents.dll [C:\Users\ultra\warewolf\Dev\Warewolf.Studio.Core\Warewolf.Studio.Core.csproj]
C:\Program Files\dotnet\sdk\10.0.201\Microsoft.Common.CurrentVersion.targets(2451,5): warning MSB3277:     References which depend on or have been unified to "Microsoft.Win32.SystemEvents, Version=7.0.0.0, Culture=neutral, PublicKeyToken=cc7b13ffcd2ddd51" []. [C:\Users\ultra\warewolf\Dev\Warewolf.Studio.Core\Warewolf.Studio.Core.csproj]
C:\Program Files\dotnet\sdk\10.0.201\Microsoft.Common.CurrentVersion.targets(2451,5): warning MSB3277:         C:\Users\ultra\warewolf\Dev\Dev2.Common\bin\Debug\net8.0\Dev2.Common.dll [C:\Users\ultra\warewolf\Dev\Warewolf.Studio.Core\Warewolf.Studio.Core.csproj]
C:\Program Files\dotnet\sdk\10.0.201\Microsoft.Common.CurrentVersion.targets(2451,5): warning MSB3277:           Project file item includes which caused reference "C:\Users\ultra\warewolf\Dev\Dev2.Common\bin\Debug\net8.0\Dev2.Common.dll". [C:\Users\ultra\warewolf\Dev\Warewolf.Studio.Core\Warewolf.Studio.Core.csproj]
C:\Program Files\dotnet\sdk\10.0.201\Microsoft.Common.CurrentVersion.targets(2451,5): warning MSB3277:             C:\Users\ultra\warewolf\Dev\Dev2.Common\bin\Debug\net8.0\Dev2.Common.dll [C:\Users\ultra\warewolf\Dev\Warewolf.Studio.Core\Warewolf.Studio.Core.csproj]
C:\Program Files\dotnet\sdk\10.0.201\Microsoft.Common.CurrentVersion.targets(2451,5): warning MSB3277:             C:\Users\ultra\warewolf\Dev\Dev2.Core\bin\Debug\net8.0\Dev2.Core.dll [C:\Users\ultra\warewolf\Dev\Warewolf.Studio.Core\Warewolf.Studio.Core.csproj]
C:\Program Files\dotnet\sdk\10.0.201\Microsoft.Common.CurrentVersion.targets(2451,5): warning MSB3277:             C:\Users\ultra\warewolf\Dev\Dev2.Infrastructure\bin\Debug\net8.0\Dev2.Infrastructure.dll [C:\Users\ultra\warewolf\Dev\Warewolf.Studio.Core\Warewolf.Studio.Core.csproj]
C:\Program Files\dotnet\sdk\10.0.201\Microsoft.Common.CurrentVersion.targets(2451,5): warning MSB3277:             C:\Users\ultra\warewolf\Dev\Dev2.Studio.Interfaces\bin\Debug\net8.0\Dev2.Studio.Interfaces.dll [C:\Users\ultra\warewolf\Dev\Warewolf.Studio.Core\Warewolf.Studio.Core.csproj]
C:\Program Files\dotnet\sdk\10.0.201\Microsoft.Common.CurrentVersion.targets(2451,5): warning MSB3277:             C:\Users\ultra\warewolf\Dev\Dev2.Data\bin\Debug\net8.0\Dev2.Data.dll [C:\Users\ultra\warewolf\Dev\Warewolf.Studio.Core\Warewolf.Studio.Core.csproj]
C:\Program Files\dotnet\sdk\10.0.201\Microsoft.Common.CurrentVersion.targets(2451,5): warning MSB3277:             C:\Users\ultra\warewolf\Dev\Dev2.Diagnostics\bin\Debug\net8.0\Dev2.Diagnostics.dll [C:\Users\ultra\warewolf\Dev\Warewolf.Studio.Core\Warewolf.Studio.Core.csproj]
C:\Program Files\dotnet\sdk\10.0.201\Microsoft.Common.CurrentVersion.targets(2451,5): warning MSB3277:             C:\Users\ultra\warewolf\Dev\Dev2.Runtime.Services\bin\Debug\net8.0\Dev2.Runtime.Services.dll [C:\Users\ultra\warewolf\Dev\Warewolf.Studio.Core\Warewolf.Studio.Core.csproj]
C:\Program Files\dotnet\sdk\10.0.201\Microsoft.Common.CurrentVersion.targets(2451,5): warning MSB3277:             C:\Users\ultra\warewolf\Dev\Dev2.Scheduler\bin\Debug\net8.0\Dev2.Scheduler.dll [C:\Users\ultra\warewolf\Dev\Warewolf.Studio.Core\Warewolf.Studio.Core.csproj]
C:\Program Files\dotnet\sdk\10.0.201\Microsoft.Common.CurrentVersion.targets(2451,5): warning MSB3277:             C:\Users\ultra\warewolf\Dev\Dev2.Services.Sql\bin\Debug\net8.0\Dev2.Services.Sql.dll [C:\Users\ultra\warewolf\Dev\Warewolf.Studio.Core\Warewolf.Studio.Core.csproj]
C:\Program Files\dotnet\sdk\10.0.201\Microsoft.Common.CurrentVersion.targets(2451,5): warning MSB3277:             C:\Users\ultra\warewolf\Dev\Dev2.TaskScheduler.Wrappers\bin\Debug\net8.0\Dev2.TaskScheduler.Wrappers.dll [C:\Users\ultra\warewolf\Dev\Warewolf.Studio.Core\Warewolf.Studio.Core.csproj]
C:\Program Files\dotnet\sdk\10.0.201\Microsoft.Common.CurrentVersion.targets(2451,5): warning MSB3277:             C:\Users\ultra\warewolf\Dev\Dev2.Util\bin\Debug\net8.0\Dev2.Util.dll [C:\Users\ultra\warewolf\Dev\Warewolf.Studio.Core\Warewolf.Studio.Core.csproj]
C:\Program Files\dotnet\sdk\10.0.201\Microsoft.Common.CurrentVersion.targets(2451,5): warning MSB3277:             C:\Users\ultra\warewolf\Dev\Warewolf.AI.Harness\bin\Debug\net8.0\Warewolf.AI.Harness.dll [C:\Users\ultra\warewolf\Dev\Warewolf.Studio.Core\Warewolf.Studio.Core.csproj]
C:\Program Files\dotnet\sdk\10.0.201\Microsoft.Common.CurrentVersion.targets(2451,5): warning MSB3277:             C:\Users\ultra\warewolf\Dev\Warewolf.Auditing\bin\Debug\net8.0\Warewolf.Auditing.dll [C:\Users\ultra\warewolf\Dev\Warewolf.Studio.Core\Warewolf.Studio.Core.csproj]
C:\Program Files\dotnet\sdk\10.0.201\Microsoft.Common.CurrentVersion.targets(2451,5): warning MSB3277:             C:\Users\ultra\warewolf\Dev\Warewolf.Common.NetStandard20\bin\Debug\net8.0\Warewolf.Common.NetStandard20.dll [C:\Users\ultra\warewolf\Dev\Warewolf.Studio.Core\Warewolf.Studio.Core.csproj]
C:\Program Files\dotnet\sdk\10.0.201\Microsoft.Common.CurrentVersion.targets(2451,5): warning MSB3277:             C:\Users\ultra\warewolf\Dev\Warewolf.Core\bin\Debug\net8.0\Warewolf.Core.dll [C:\Users\ultra\warewolf\Dev\Warewolf.Studio.Core\Warewolf.Studio.Core.csproj]
C:\Program Files\dotnet\sdk\10.0.201\Microsoft.Common.CurrentVersion.targets(2451,5): warning MSB3277:             C:\Users\ultra\warewolf\Dev\Warewolf.Driver.Serilog\bin\Debug\net8.0\Warewolf.Driver.Serilog.dll [C:\Users\ultra\warewolf\Dev\Warewolf.Studio.Core\Warewolf.Studio.Core.csproj]
C:\Program Files\dotnet\sdk\10.0.201\Microsoft.Common.CurrentVersion.targets(2451,5): warning MSB3277:             C:\Users\ultra\warewolf\Dev\Warewolf.ResourceManagement\bin\Debug\net8.0\Warewolf.ResourceManagement.dll [C:\Users\ultra\warewolf\Dev\Warewolf.Studio.Core\Warewolf.Studio.Core.csproj]
C:\Program Files\dotnet\sdk\10.0.201\Microsoft.Common.CurrentVersion.targets(2451,5): warning MSB3277:             C:\Users\ultra\warewolf\Dev\Warewolf.Sharepoint\bin\Debug\net8.0\Warewolf.Sharepoint.dll [C:\Users\ultra\warewolf\Dev\Warewolf.Studio.Core\Warewolf.Studio.Core.csproj]
C:\Program Files\dotnet\sdk\10.0.201\Microsoft.Common.CurrentVersion.targets(2451,5): warning MSB3277:             C:\Users\ultra\warewolf\Dev\Warewolf.Storage\bin\Debug\net8.0\Warewolf.Storage.dll [C:\Users\ultra\warewolf\Dev\Warewolf.Studio.Core\Warewolf.Studio.Core.csproj]
C:\Program Files\dotnet\sdk\10.0.201\Microsoft.Common.CurrentVersion.targets(2451,5): warning MSB3277:         C:\Users\ultra\warewolf\Dev\Binaries\Infragistcs_Net6\InfragisticsWPF4.v15.1.dll [C:\Users\ultra\warewolf\Dev\Warewolf.Studio.Core\Warewolf.Studio.Core.csproj]
C:\Program Files\dotnet\sdk\10.0.201\Microsoft.Common.CurrentVersion.targets(2451,5): warning MSB3277:           Project file item includes which caused reference "C:\Users\ultra\warewolf\Dev\Binaries\Infragistcs_Net6\InfragisticsWPF4.v15.1.dll". [C:\Users\ultra\warewolf\Dev\Warewolf.Studio.Core\Warewolf.Studio.Core.csproj]
C:\Program Files\dotnet\sdk\10.0.201\Microsoft.Common.CurrentVersion.targets(2451,5): warning MSB3277:             InfragisticsWPF4.v15.1, Version=15.1.20151.2055, Culture=neutral, PublicKeyToken=7dd5c3163f2cd0cb, processorArchitecture=MSIL [C:\Users\ultra\warewolf\Dev\Warewolf.Studio.Core\Warewolf.Studio.Core.csproj]
C:\Program Files\dotnet\sdk\10.0.201\Microsoft.Common.CurrentVersion.targets(2451,5): warning MSB3277:             InfragisticsWPF4.Controls.Menus.XamDataTree.v15.1, Version=15.1.20151.2055, Culture=neutral, PublicKeyToken=7dd5c3163f2cd0cb, processorArchitecture=MSIL [C:\Users\ultra\warewolf\Dev\Warewolf.Studio.Core\Warewolf.Studio.Core.csproj]
C:\Program Files\dotnet\sdk\10.0.201\Microsoft.Common.CurrentVersion.targets(2451,5): warning MSB3277:             InfragisticsWPF4.DataManager.v15.1, Version=15.1.20151.2055, Culture=neutral, PublicKeyToken=7dd5c3163f2cd0cb, processorArchitecture=MSIL [C:\Users\ultra\warewolf\Dev\Warewolf.Studio.Core\Warewolf.Studio.Core.csproj]
C:\Program Files\dotnet\sdk\10.0.201\Microsoft.Common.CurrentVersion.targets(2451,5): warning MSB3277:             InfragisticsWPF4.DockManager.v15.1, Version=15.1.20151.2055, Culture=neutral, PublicKeyToken=7dd5c3163f2cd0cb, processorArchitecture=MSIL [C:\Users\ultra\warewolf\Dev\Warewolf.Studio.Core\Warewolf.Studio.Core.csproj]
C:\Program Files\dotnet\sdk\10.0.201\Microsoft.Common.CurrentVersion.targets(2451,5): warning MSB3277:         C:\Users\ultra\.nuget\packages\timespan2\2.4.2\lib\netcoreapp3.1\TimeSpan2.dll [C:\Users\ultra\warewolf\Dev\Warewolf.Studio.Core\Warewolf.Studio.Core.csproj]
C:\Program Files\dotnet\sdk\10.0.201\Microsoft.Common.CurrentVersion.targets(2451,5): warning MSB3277:           Project file item includes which caused reference "C:\Users\ultra\.nuget\packages\timespan2\2.4.2\lib\netcoreapp3.1\TimeSpan2.dll". [C:\Users\ultra\warewolf\Dev\Warewolf.Studio.Core\Warewolf.Studio.Core.csproj]
C:\Program Files\dotnet\sdk\10.0.201\Microsoft.Common.CurrentVersion.targets(2451,5): warning MSB3277:             C:\Users\ultra\.nuget\packages\timespan2\2.4.2\lib\netcoreapp3.1\TimeSpan2.dll [C:\Users\ultra\warewolf\Dev\Warewolf.Studio.Core\Warewolf.Studio.Core.csproj]
C:\Program Files\dotnet\sdk\10.0.201\Microsoft.Common.CurrentVersion.targets(2451,5): warning MSB3277:             C:\Users\ultra\.nuget\packages\taskschedulereditor\2.10.1\lib\net452\Microsoft.Win32.TaskSchedulerEditor.dll [C:\Users\ultra\warewolf\Dev\Warewolf.Studio.Core\Warewolf.Studio.Core.csproj]
C:\Program Files\dotnet\sdk\10.0.201\Microsoft.Common.CurrentVersion.targets(2451,5): warning MSB3277:         C:\Program Files\dotnet\packs\Microsoft.NETCore.App.Ref\8.0.25\ref\net8.0\System.dll [C:\Users\ultra\warewolf\Dev\Warewolf.Studio.Core\Warewolf.Studio.Core.csproj]
C:\Program Files\dotnet\sdk\10.0.201\Microsoft.Common.CurrentVersion.targets(2451,5): warning MSB3277:           Project file item includes which caused reference "C:\Program Files\dotnet\packs\Microsoft.NETCore.App.Ref\8.0.25\ref\net8.0\System.dll". [C:\Users\ultra\warewolf\Dev\Warewolf.Studio.Core\Warewolf.Studio.Core.csproj]
C:\Program Files\dotnet\sdk\10.0.201\Microsoft.Common.CurrentVersion.targets(2451,5): warning MSB3277:             C:\Program Files\dotnet\packs\Microsoft.NETCore.App.Ref\8.0.25\ref/net8.0/System.dll [C:\Users\ultra\warewolf\Dev\Warewolf.Studio.Core\Warewolf.Studio.Core.csproj]
C:\Program Files\dotnet\sdk\10.0.201\Microsoft.Common.CurrentVersion.targets(2451,5): warning MSB3277:             C:\Users\ultra\.nuget\packages\aerowizard\2.3.1\lib\net45\AeroWizard.dll [C:\Users\ultra\warewolf\Dev\Warewolf.Studio.Core\Warewolf.Studio.Core.csproj]
C:\Program Files\dotnet\sdk\10.0.201\Microsoft.Common.CurrentVersion.targets(2451,5): warning MSB3277:             C:\Users\ultra\.nuget\packages\groupcontrols\1.9.0\lib\net45\GroupControls.dll [C:\Users\ultra\warewolf\Dev\Warewolf.Studio.Core\Warewolf.Studio.Core.csproj]
C:\Program Files\dotnet\sdk\10.0.201\Microsoft.Common.CurrentVersion.targets(2451,5): warning MSB3277:             C:\Users\ultra\.nuget\packages\microsoft.xaml.behaviors.wpf\1.1.122\lib\net462\Microsoft.Xaml.Behaviors.dll [C:\Users\ultra\warewolf\Dev\Warewolf.Studio.Core\Warewolf.Studio.Core.csproj]
C:\Program Files\dotnet\sdk\10.0.201\Microsoft.Common.CurrentVersion.targets(2451,5): warning MSB3277:             C:\Users\ultra\.nuget\packages\caliburn.micro\4.0.212\lib\netcoreapp3.1\Caliburn.Micro.Platform.dll [C:\Users\ultra\warewolf\Dev\Warewolf.Studio.Core\Warewolf.Studio.Core.csproj]
C:\Program Files\dotnet\sdk\10.0.201\Microsoft.Common.CurrentVersion.targets(2451,5): warning MSB3277:             C:\Users\ultra\.nuget\packages\prism.wpf\9.0.537\lib\net462\Prism.Wpf.dll [C:\Users\ultra\warewolf\Dev\Warewolf.Studio.Core\Warewolf.Studio.Core.csproj]
C:\Program Files\dotnet\sdk\10.0.201\Microsoft.Common.CurrentVersion.targets(2451,5): warning MSB3277:             C:\Users\ultra\.nuget\packages\reactiveui.wpf\18.4.1\lib\net462\ReactiveUI.Wpf.dll [C:\Users\ultra\warewolf\Dev\Warewolf.Studio.Core\Warewolf.Studio.Core.csproj]
C:\Program Files\dotnet\sdk\10.0.201\Microsoft.Common.CurrentVersion.targets(2451,5): warning MSB3277:             C:\Users\ultra\.nuget\packages\taskschedulereditor\2.10.1\lib\net452\Microsoft.Win32.TaskSchedulerEditor.dll [C:\Users\ultra\warewolf\Dev\Warewolf.Studio.Core\Warewolf.Studio.Core.csproj]
C:\Program Files\dotnet\sdk\10.0.201\Microsoft.Common.CurrentVersion.targets(2451,5): warning MSB3277:             C:\Users\ultra\.nuget\packages\ttcue.netcore.sharepointonline.csom.16.1.8029.1200\16.1.8029.1200\lib\netcoreapp2.0\Microsoft.SharePoint.Client.Runtime.Windows.dll [C:\Users\ultra\warewolf\Dev\Warewolf.Studio.Core\Warewolf.Studio.Core.csproj]
C:\Program Files\dotnet\sdk\10.0.201\Microsoft.Common.CurrentVersion.targets(2451,5): warning MSB3277: Found conflicts between different versions of "System.Security.Permissions" that could not be resolved. [C:\Users\ultra\warewolf\Dev\Warewolf.Studio.Core\Warewolf.Studio.Core.csproj]
C:\Program Files\dotnet\sdk\10.0.201\Microsoft.Common.CurrentVersion.targets(2451,5): warning MSB3277: There was a conflict between "System.Security.Permissions, Version=6.0.0.0, Culture=neutral, PublicKeyToken=cc7b13ffcd2ddd51" and "System.Security.Permissions, Version=7.0.0.0, Culture=neutral, PublicKeyToken=cc7b13ffcd2ddd51". [C:\Users\ultra\warewolf\Dev\Warewolf.Studio.Core\Warewolf.Studio.Core.csproj]
C:\Program Files\dotnet\sdk\10.0.201\Microsoft.Common.CurrentVersion.targets(2451,5): warning MSB3277:     "System.Security.Permissions, Version=6.0.0.0, Culture=neutral, PublicKeyToken=cc7b13ffcd2ddd51" was chosen because it was primary and "System.Security.Permissions, Version=7.0.0.0, Culture=neutral, PublicKeyToken=cc7b13ffcd2ddd51" was not. [C:\Users\ultra\warewolf\Dev\Warewolf.Studio.Core\Warewolf.Studio.Core.csproj]
C:\Program Files\dotnet\sdk\10.0.201\Microsoft.Common.CurrentVersion.targets(2451,5): warning MSB3277:     References which depend on "System.Security.Permissions, Version=6.0.0.0, Culture=neutral, PublicKeyToken=cc7b13ffcd2ddd51" [C:\Users\ultra\.nuget\packages\system.security.permissions\6.0.0\lib\net6.0\System.Security.Permissions.dll]. [C:\Users\ultra\warewolf\Dev\Warewolf.Studio.Core\Warewolf.Studio.Core.csproj]
C:\Program Files\dotnet\sdk\10.0.201\Microsoft.Common.CurrentVersion.targets(2451,5): warning MSB3277:         C:\Users\ultra\.nuget\packages\system.security.permissions\6.0.0\lib\net6.0\System.Security.Permissions.dll [C:\Users\ultra\warewolf\Dev\Warewolf.Studio.Core\Warewolf.Studio.Core.csproj]
C:\Program Files\dotnet\sdk\10.0.201\Microsoft.Common.CurrentVersion.targets(2451,5): warning MSB3277:           Project file item includes which caused reference "C:\Users\ultra\.nuget\packages\system.security.permissions\6.0.0\lib\net6.0\System.Security.Permissions.dll". [C:\Users\ultra\warewolf\Dev\Warewolf.Studio.Core\Warewolf.Studio.Core.csproj]
C:\Program Files\dotnet\sdk\10.0.201\Microsoft.Common.CurrentVersion.targets(2451,5): warning MSB3277:             C:\Users\ultra\.nuget\packages\system.security.permissions\6.0.0\lib\net6.0\System.Security.Permissions.dll [C:\Users\ultra\warewolf\Dev\Warewolf.Studio.Core\Warewolf.Studio.Core.csproj]
C:\Program Files\dotnet\sdk\10.0.201\Microsoft.Common.CurrentVersion.targets(2451,5): warning MSB3277:     References which depend on or have been unified to "System.Security.Permissions, Version=7.0.0.0, Culture=neutral, PublicKeyToken=cc7b13ffcd2ddd51" []. [C:\Users\ultra\warewolf\Dev\Warewolf.Studio.Core\Warewolf.Studio.Core.csproj]
C:\Program Files\dotnet\sdk\10.0.201\Microsoft.Common.CurrentVersion.targets(2451,5): warning MSB3277:         C:\Users\ultra\warewolf\Dev\Dev2.Data\bin\Debug\net8.0\Dev2.Data.dll [C:\Users\ultra\warewolf\Dev\Warewolf.Studio.Core\Warewolf.Studio.Core.csproj]
C:\Program Files\dotnet\sdk\10.0.201\Microsoft.Common.CurrentVersion.targets(2451,5): warning MSB3277:           Project file item includes which caused reference "C:\Users\ultra\warewolf\Dev\Dev2.Data\bin\Debug\net8.0\Dev2.Data.dll". [C:\Users\ultra\warewolf\Dev\Warewolf.Studio.Core\Warewolf.Studio.Core.csproj]
C:\Program Files\dotnet\sdk\10.0.201\Microsoft.Common.CurrentVersion.targets(2451,5): warning MSB3277:             C:\Users\ultra\warewolf\Dev\Dev2.Data\bin\Debug\net8.0\Dev2.Data.dll [C:\Users\ultra\warewolf\Dev\Warewolf.Studio.Core\Warewolf.Studio.Core.csproj]
C:\Program Files\dotnet\sdk\10.0.201\Microsoft.Common.CurrentVersion.targets(2451,5): warning MSB3277:             C:\Users\ultra\warewolf\Dev\Dev2.Core\bin\Debug\net8.0\Dev2.Core.dll [C:\Users\ultra\warewolf\Dev\Warewolf.Studio.Core\Warewolf.Studio.Core.csproj]
C:\Program Files\dotnet\sdk\10.0.201\Microsoft.Common.CurrentVersion.targets(2451,5): warning MSB3277:             C:\Users\ultra\warewolf\Dev\Dev2.Studio.Interfaces\bin\Debug\net8.0\Dev2.Studio.Interfaces.dll [C:\Users\ultra\warewolf\Dev\Warewolf.Studio.Core\Warewolf.Studio.Core.csproj]
C:\Program Files\dotnet\sdk\10.0.201\Microsoft.Common.CurrentVersion.targets(2451,5): warning MSB3277:             C:\Users\ultra\warewolf\Dev\Dev2.Runtime.Services\bin\Debug\net8.0\Dev2.Runtime.Services.dll [C:\Users\ultra\warewolf\Dev\Warewolf.Studio.Core\Warewolf.Studio.Core.csproj]
C:\Program Files\dotnet\sdk\10.0.201\Microsoft.Common.CurrentVersion.targets(2451,5): warning MSB3277:             C:\Users\ultra\warewolf\Dev\Dev2.Scheduler\bin\Debug\net8.0\Dev2.Scheduler.dll [C:\Users\ultra\warewolf\Dev\Warewolf.Studio.Core\Warewolf.Studio.Core.csproj]
C:\Program Files\dotnet\sdk\10.0.201\Microsoft.Common.CurrentVersion.targets(2451,5): warning MSB3277:             C:\Users\ultra\warewolf\Dev\Warewolf.Auditing\bin\Debug\net8.0\Warewolf.Auditing.dll [C:\Users\ultra\warewolf\Dev\Warewolf.Studio.Core\Warewolf.Studio.Core.csproj]
C:\Program Files\dotnet\sdk\10.0.201\Microsoft.Common.CurrentVersion.targets(2451,5): warning MSB3277:             C:\Users\ultra\warewolf\Dev\Warewolf.Common.NetStandard20\bin\Debug\net8.0\Warewolf.Common.NetStandard20.dll [C:\Users\ultra\warewolf\Dev\Warewolf.Studio.Core\Warewolf.Studio.Core.csproj]
C:\Program Files\dotnet\sdk\10.0.201\Microsoft.Common.CurrentVersion.targets(2451,5): warning MSB3277:             C:\Users\ultra\warewolf\Dev\Warewolf.Core\bin\Debug\net8.0\Warewolf.Core.dll [C:\Users\ultra\warewolf\Dev\Warewolf.Studio.Core\Warewolf.Studio.Core.csproj]
C:\Program Files\dotnet\sdk\10.0.201\Microsoft.Common.CurrentVersion.targets(2451,5): warning MSB3277:             C:\Users\ultra\warewolf\Dev\Warewolf.ResourceManagement\bin\Debug\net8.0\Warewolf.ResourceManagement.dll [C:\Users\ultra\warewolf\Dev\Warewolf.Studio.Core\Warewolf.Studio.Core.csproj]
C:\Program Files\dotnet\sdk\10.0.201\Microsoft.Common.CurrentVersion.targets(2451,5): warning MSB3277:         C:\Users\ultra\warewolf\Dev\Binaries\Infragistcs_Net6\InfragisticsWPF4.DockManager.v15.1.dll [C:\Users\ultra\warewolf\Dev\Warewolf.Studio.Core\Warewolf.Studio.Core.csproj]
C:\Program Files\dotnet\sdk\10.0.201\Microsoft.Common.CurrentVersion.targets(2451,5): warning MSB3277:           Project file item includes which caused reference "C:\Users\ultra\warewolf\Dev\Binaries\Infragistcs_Net6\InfragisticsWPF4.DockManager.v15.1.dll". [C:\Users\ultra\warewolf\Dev\Warewolf.Studio.Core\Warewolf.Studio.Core.csproj]
C:\Program Files\dotnet\sdk\10.0.201\Microsoft.Common.CurrentVersion.targets(2451,5): warning MSB3277:             InfragisticsWPF4.DockManager.v15.1, Version=15.1.20151.2055, Culture=neutral, PublicKeyToken=7dd5c3163f2cd0cb, processorArchitecture=MSIL [C:\Users\ultra\warewolf\Dev\Warewolf.Studio.Core\Warewolf.Studio.Core.csproj]
C:\Program Files\dotnet\sdk\10.0.201\Microsoft.Common.CurrentVersion.targets(2451,5): warning MSB3277:         C:\Users\ultra\warewolf\Dev\Binaries\Infragistcs_Net6\InfragisticsWPF4.v15.1.dll [C:\Users\ultra\warewolf\Dev\Warewolf.Studio.Core\Warewolf.Studio.Core.csproj]
C:\Program Files\dotnet\sdk\10.0.201\Microsoft.Common.CurrentVersion.targets(2451,5): warning MSB3277:           Project file item includes which caused reference "C:\Users\ultra\warewolf\Dev\Binaries\Infragistcs_Net6\InfragisticsWPF4.v15.1.dll". [C:\Users\ultra\warewolf\Dev\Warewolf.Studio.Core\Warewolf.Studio.Core.csproj]
C:\Program Files\dotnet\sdk\10.0.201\Microsoft.Common.CurrentVersion.targets(2451,5): warning MSB3277:             InfragisticsWPF4.v15.1, Version=15.1.20151.2055, Culture=neutral, PublicKeyToken=7dd5c3163f2cd0cb, processorArchitecture=MSIL [C:\Users\ultra\warewolf\Dev\Warewolf.Studio.Core\Warewolf.Studio.Core.csproj]
C:\Program Files\dotnet\sdk\10.0.201\Microsoft.Common.CurrentVersion.targets(2451,5): warning MSB3277:             InfragisticsWPF4.Controls.Menus.XamDataTree.v15.1, Version=15.1.20151.2055, Culture=neutral, PublicKeyToken=7dd5c3163f2cd0cb, processorArchitecture=MSIL [C:\Users\ultra\warewolf\Dev\Warewolf.Studio.Core\Warewolf.Studio.Core.csproj]
C:\Program Files\dotnet\sdk\10.0.201\Microsoft.Common.CurrentVersion.targets(2451,5): warning MSB3277:             InfragisticsWPF4.DataManager.v15.1, Version=15.1.20151.2055, Culture=neutral, PublicKeyToken=7dd5c3163f2cd0cb, processorArchitecture=MSIL [C:\Users\ultra\warewolf\Dev\Warewolf.Studio.Core\Warewolf.Studio.Core.csproj]
C:\Program Files\dotnet\sdk\10.0.201\Microsoft.Common.CurrentVersion.targets(2451,5): warning MSB3277:             InfragisticsWPF4.DockManager.v15.1, Version=15.1.20151.2055, Culture=neutral, PublicKeyToken=7dd5c3163f2cd0cb, processorArchitecture=MSIL [C:\Users\ultra\warewolf\Dev\Warewolf.Studio.Core\Warewolf.Studio.Core.csproj]
C:\Program Files\dotnet\sdk\10.0.201\Microsoft.Common.CurrentVersion.targets(2451,5): warning MSB3277:         C:\Users\ultra\.nuget\packages\dotnetzip\1.16.0\lib\netstandard2.0\DotNetZip.dll [C:\Users\ultra\warewolf\Dev\Warewolf.Studio.Core\Warewolf.Studio.Core.csproj]
C:\Program Files\dotnet\sdk\10.0.201\Microsoft.Common.CurrentVersion.targets(2451,5): warning MSB3277:           Project file item includes which caused reference "C:\Users\ultra\.nuget\packages\dotnetzip\1.16.0\lib\netstandard2.0\DotNetZip.dll". [C:\Users\ultra\warewolf\Dev\Warewolf.Studio.Core\Warewolf.Studio.Core.csproj]
C:\Program Files\dotnet\sdk\10.0.201\Microsoft.Common.CurrentVersion.targets(2451,5): warning MSB3277:             C:\Users\ultra\.nuget\packages\dotnetzip\1.16.0\lib\netstandard2.0\DotNetZip.dll [C:\Users\ultra\warewolf\Dev\Warewolf.Studio.Core\Warewolf.Studio.Core.csproj]
C:\Program Files\dotnet\sdk\10.0.201\Microsoft.Common.CurrentVersion.targets(2451,5): warning MSB3277:             C:\Users\ultra\warewolf\Dev\Dev2.Common\bin\Debug\net8.0\Dev2.Common.dll [C:\Users\ultra\warewolf\Dev\Warewolf.Studio.Core\Warewolf.Studio.Core.csproj]
C:\Program Files\dotnet\sdk\10.0.201\Microsoft.Common.CurrentVersion.targets(2451,5): warning MSB3277:             C:\Users\ultra\warewolf\Dev\Dev2.Core\bin\Debug\net8.0\Dev2.Core.dll [C:\Users\ultra\warewolf\Dev\Warewolf.Studio.Core\Warewolf.Studio.Core.csproj]
C:\Program Files\dotnet\sdk\10.0.201\Microsoft.Common.CurrentVersion.targets(2451,5): warning MSB3277:             C:\Users\ultra\warewolf\Dev\Dev2.Infrastructure\bin\Debug\net8.0\Dev2.Infrastructure.dll [C:\Users\ultra\warewolf\Dev\Warewolf.Studio.Core\Warewolf.Studio.Core.csproj]
C:\Program Files\dotnet\sdk\10.0.201\Microsoft.Common.CurrentVersion.targets(2451,5): warning MSB3277:             C:\Users\ultra\warewolf\Dev\Dev2.Studio.Interfaces\bin\Debug\net8.0\Dev2.Studio.Interfaces.dll [C:\Users\ultra\warewolf\Dev\Warewolf.Studio.Core\Warewolf.Studio.Core.csproj]
C:\Program Files\dotnet\sdk\10.0.201\Microsoft.Common.CurrentVersion.targets(2451,5): warning MSB3277:             C:\Users\ultra\warewolf\Dev\Dev2.Data\bin\Debug\net8.0\Dev2.Data.dll [C:\Users\ultra\warewolf\Dev\Warewolf.Studio.Core\Warewolf.Studio.Core.csproj]
C:\Program Files\dotnet\sdk\10.0.201\Microsoft.Common.CurrentVersion.targets(2451,5): warning MSB3277:             C:\Users\ultra\warewolf\Dev\Dev2.Data.Interfaces\bin\Debug\net8.0\Dev2.Data.Interfaces.dll [C:\Users\ultra\warewolf\Dev\Warewolf.Studio.Core\Warewolf.Studio.Core.csproj]
C:\Program Files\dotnet\sdk\10.0.201\Microsoft.Common.CurrentVersion.targets(2451,5): warning MSB3277:             C:\Users\ultra\warewolf\Dev\Dev2.Diagnostics\bin\Debug\net8.0\Dev2.Diagnostics.dll [C:\Users\ultra\warewolf\Dev\Warewolf.Studio.Core\Warewolf.Studio.Core.csproj]
C:\Program Files\dotnet\sdk\10.0.201\Microsoft.Common.CurrentVersion.targets(2451,5): warning MSB3277:             C:\Users\ultra\warewolf\Dev\Dev2.Runtime.Services\bin\Debug\net8.0\Dev2.Runtime.Services.dll [C:\Users\ultra\warewolf\Dev\Warewolf.Studio.Core\Warewolf.Studio.Core.csproj]
C:\Program Files\dotnet\sdk\10.0.201\Microsoft.Common.CurrentVersion.targets(2451,5): warning MSB3277:             C:\Users\ultra\warewolf\Dev\Dev2.Scheduler\bin\Debug\net8.0\Dev2.Scheduler.dll [C:\Users\ultra\warewolf\Dev\Warewolf.Studio.Core\Warewolf.Studio.Core.csproj]
C:\Program Files\dotnet\sdk\10.0.201\Microsoft.Common.CurrentVersion.targets(2451,5): warning MSB3277:             C:\Users\ultra\warewolf\Dev\Dev2.Services.Sql\bin\Debug\net8.0\Dev2.Services.Sql.dll [C:\Users\ultra\warewolf\Dev\Warewolf.Studio.Core\Warewolf.Studio.Core.csproj]
C:\Program Files\dotnet\sdk\10.0.201\Microsoft.Common.CurrentVersion.targets(2451,5): warning MSB3277:             C:\Users\ultra\warewolf\Dev\Dev2.TaskScheduler.Wrappers\bin\Debug\net8.0\Dev2.TaskScheduler.Wrappers.dll [C:\Users\ultra\warewolf\Dev\Warewolf.Studio.Core\Warewolf.Studio.Core.csproj]
C:\Program Files\dotnet\sdk\10.0.201\Microsoft.Common.CurrentVersion.targets(2451,5): warning MSB3277:             C:\Users\ultra\warewolf\Dev\Dev2.Util\bin\Debug\net8.0\Dev2.Util.dll [C:\Users\ultra\warewolf\Dev\Warewolf.Studio.Core\Warewolf.Studio.Core.csproj]
C:\Program Files\dotnet\sdk\10.0.201\Microsoft.Common.CurrentVersion.targets(2451,5): warning MSB3277:             C:\Users\ultra\warewolf\Dev\Warewolf.AI.Harness\bin\Debug\net8.0\Warewolf.AI.Harness.dll [C:\Users\ultra\warewolf\Dev\Warewolf.Studio.Core\Warewolf.Studio.Core.csproj]
C:\Program Files\dotnet\sdk\10.0.201\Microsoft.Common.CurrentVersion.targets(2451,5): warning MSB3277:             C:\Users\ultra\warewolf\Dev\Warewolf.Auditing\bin\Debug\net8.0\Warewolf.Auditing.dll [C:\Users\ultra\warewolf\Dev\Warewolf.Studio.Core\Warewolf.Studio.Core.csproj]
C:\Program Files\dotnet\sdk\10.0.201\Microsoft.Common.CurrentVersion.targets(2451,5): warning MSB3277:             C:\Users\ultra\warewolf\Dev\Warewolf.Common.NetStandard20\bin\Debug\net8.0\Warewolf.Common.NetStandard20.dll [C:\Users\ultra\warewolf\Dev\Warewolf.Studio.Core\Warewolf.Studio.Core.csproj]
C:\Program Files\dotnet\sdk\10.0.201\Microsoft.Common.CurrentVersion.targets(2451,5): warning MSB3277:             C:\Users\ultra\warewolf\Dev\Warewolf.Core\bin\Debug\net8.0\Warewolf.Core.dll [C:\Users\ultra\warewolf\Dev\Warewolf.Studio.Core\Warewolf.Studio.Core.csproj]
C:\Program Files\dotnet\sdk\10.0.201\Microsoft.Common.CurrentVersion.targets(2451,5): warning MSB3277:             C:\Users\ultra\warewolf\Dev\Warewolf.Driver.Serilog\bin\Debug\net8.0\Warewolf.Driver.Serilog.dll [C:\Users\ultra\warewolf\Dev\Warewolf.Studio.Core\Warewolf.Studio.Core.csproj]
C:\Program Files\dotnet\sdk\10.0.201\Microsoft.Common.CurrentVersion.targets(2451,5): warning MSB3277:             C:\Users\ultra\warewolf\Dev\Warewolf.ResourceManagement\bin\Debug\net8.0\Warewolf.ResourceManagement.dll [C:\Users\ultra\warewolf\Dev\Warewolf.Studio.Core\Warewolf.Studio.Core.csproj]
C:\Program Files\dotnet\sdk\10.0.201\Microsoft.Common.CurrentVersion.targets(2451,5): warning MSB3277:             C:\Users\ultra\warewolf\Dev\Warewolf.Sharepoint\bin\Debug\net8.0\Warewolf.Sharepoint.dll [C:\Users\ultra\warewolf\Dev\Warewolf.Studio.Core\Warewolf.Studio.Core.csproj]
C:\Program Files\dotnet\sdk\10.0.201\Microsoft.Common.CurrentVersion.targets(2451,5): warning MSB3277:             C:\Users\ultra\warewolf\Dev\Warewolf.Storage\bin\Debug\net8.0\Warewolf.Storage.dll [C:\Users\ultra\warewolf\Dev\Warewolf.Studio.Core\Warewolf.Studio.Core.csproj]
C:\Program Files\dotnet\sdk\10.0.201\Microsoft.Common.CurrentVersion.targets(2451,5): warning MSB3277:         C:\Users\ultra\.nuget\packages\mindbox.data.linq\5.0.0\lib\netstandard2.0\Mindbox.Data.Linq.dll [C:\Users\ultra\warewolf\Dev\Warewolf.Studio.Core\Warewolf.Studio.Core.csproj]
C:\Program Files\dotnet\sdk\10.0.201\Microsoft.Common.CurrentVersion.targets(2451,5): warning MSB3277:           Project file item includes which caused reference "C:\Users\ultra\.nuget\packages\mindbox.data.linq\5.0.0\lib\netstandard2.0\Mindbox.Data.Linq.dll". [C:\Users\ultra\warewolf\Dev\Warewolf.Studio.Core\Warewolf.Studio.Core.csproj]
C:\Program Files\dotnet\sdk\10.0.201\Microsoft.Common.CurrentVersion.targets(2451,5): warning MSB3277:             C:\Users\ultra\.nuget\packages\mindbox.data.linq\5.0.0\lib\netstandard2.0\Mindbox.Data.Linq.dll [C:\Users\ultra\warewolf\Dev\Warewolf.Studio.Core\Warewolf.Studio.Core.csproj]
C:\Program Files\dotnet\sdk\10.0.201\Microsoft.Common.CurrentVersion.targets(2451,5): warning MSB3277:             C:\Users\ultra\warewolf\Dev\Warewolf.Auditing\bin\Debug\net8.0\Warewolf.Auditing.dll [C:\Users\ultra\warewolf\Dev\Warewolf.Studio.Core\Warewolf.Studio.Core.csproj]
C:\Program Files\dotnet\sdk\10.0.201\Microsoft.Common.CurrentVersion.targets(2451,5): warning MSB3277:             C:\Users\ultra\warewolf\Dev\Dev2.Runtime.Services\bin\Debug\net8.0\Dev2.Runtime.Services.dll [C:\Users\ultra\warewolf\Dev\Warewolf.Studio.Core\Warewolf.Studio.Core.csproj]
C:\Program Files\dotnet\sdk\10.0.201\Microsoft.Common.CurrentVersion.targets(2451,5): warning MSB3277:             C:\Users\ultra\warewolf\Dev\Dev2.Studio.Interfaces\bin\Debug\net8.0\Dev2.Studio.Interfaces.dll [C:\Users\ultra\warewolf\Dev\Warewolf.Studio.Core\Warewolf.Studio.Core.csproj]
C:\Program Files\dotnet\sdk\10.0.201\Microsoft.Common.CurrentVersion.targets(2451,5): warning MSB3277:             C:\Users\ultra\warewolf\Dev\Warewolf.Common.NetStandard20\bin\Debug\net8.0\Warewolf.Common.NetStandard20.dll [C:\Users\ultra\warewolf\Dev\Warewolf.Studio.Core\Warewolf.Studio.Core.csproj]
C:\Program Files\dotnet\sdk\10.0.201\Microsoft.Common.CurrentVersion.targets(2451,5): warning MSB3277:         C:\Users\ultra\.nuget\packages\mysql.data\8.4.0\lib\net8.0\MySql.Data.dll [C:\Users\ultra\warewolf\Dev\Warewolf.Studio.Core\Warewolf.Studio.Core.csproj]
C:\Program Files\dotnet\sdk\10.0.201\Microsoft.Common.CurrentVersion.targets(2451,5): warning MSB3277:           Project file item includes which caused reference "C:\Users\ultra\.nuget\packages\mysql.data\8.4.0\lib\net8.0\MySql.Data.dll". [C:\Users\ultra\warewolf\Dev\Warewolf.Studio.Core\Warewolf.Studio.Core.csproj]
C:\Program Files\dotnet\sdk\10.0.201\Microsoft.Common.CurrentVersion.targets(2451,5): warning MSB3277:             C:\Users\ultra\.nuget\packages\mysql.data\8.4.0\lib\net8.0\MySql.Data.dll [C:\Users\ultra\warewolf\Dev\Warewolf.Studio.Core\Warewolf.Studio.Core.csproj]
C:\Program Files\dotnet\sdk\10.0.201\Microsoft.Common.CurrentVersion.targets(2451,5): warning MSB3277:             C:\Users\ultra\warewolf\Dev\Dev2.Runtime.Services\bin\Debug\net8.0\Dev2.Runtime.Services.dll [C:\Users\ultra\warewolf\Dev\Warewolf.Studio.Core\Warewolf.Studio.Core.csproj]
C:\Program Files\dotnet\sdk\10.0.201\Microsoft.Common.CurrentVersion.targets(2451,5): warning MSB3277:             C:\Users\ultra\warewolf\Dev\Dev2.Studio.Interfaces\bin\Debug\net8.0\Dev2.Studio.Interfaces.dll [C:\Users\ultra\warewolf\Dev\Warewolf.Studio.Core\Warewolf.Studio.Core.csproj]
C:\Program Files\dotnet\sdk\10.0.201\Microsoft.Common.CurrentVersion.targets(2451,5): warning MSB3277:             C:\Users\ultra\warewolf\Dev\Dev2.Services.Sql\bin\Debug\net8.0\Dev2.Services.Sql.dll [C:\Users\ultra\warewolf\Dev\Warewolf.Studio.Core\Warewolf.Studio.Core.csproj]
C:\Program Files\dotnet\sdk\10.0.201\Microsoft.Common.CurrentVersion.targets(2451,5): warning MSB3277:         C:\Users\ultra\.nuget\packages\oracle.manageddataaccess.core\3.21.70\lib\netstandard2.1\Oracle.ManagedDataAccess.dll [C:\Users\ultra\warewolf\Dev\Warewolf.Studio.Core\Warewolf.Studio.Core.csproj]
C:\Program Files\dotnet\sdk\10.0.201\Microsoft.Common.CurrentVersion.targets(2451,5): warning MSB3277:           Project file item includes which caused reference "C:\Users\ultra\.nuget\packages\oracle.manageddataaccess.core\3.21.70\lib\netstandard2.1\Oracle.ManagedDataAccess.dll". [C:\Users\ultra\warewolf\Dev\Warewolf.Studio.Core\Warewolf.Studio.Core.csproj]
C:\Program Files\dotnet\sdk\10.0.201\Microsoft.Common.CurrentVersion.targets(2451,5): warning MSB3277:             C:\Users\ultra\.nuget\packages\oracle.manageddataaccess.core\3.21.70\lib\netstandard2.1\Oracle.ManagedDataAccess.dll [C:\Users\ultra\warewolf\Dev\Warewolf.Studio.Core\Warewolf.Studio.Core.csproj]
C:\Program Files\dotnet\sdk\10.0.201\Microsoft.Common.CurrentVersion.targets(2451,5): warning MSB3277:             C:\Users\ultra\warewolf\Dev\Dev2.Runtime.Services\bin\Debug\net8.0\Dev2.Runtime.Services.dll [C:\Users\ultra\warewolf\Dev\Warewolf.Studio.Core\Warewolf.Studio.Core.csproj]
C:\Program Files\dotnet\sdk\10.0.201\Microsoft.Common.CurrentVersion.targets(2451,5): warning MSB3277:             C:\Users\ultra\warewolf\Dev\Dev2.Studio.Interfaces\bin\Debug\net8.0\Dev2.Studio.Interfaces.dll [C:\Users\ultra\warewolf\Dev\Warewolf.Studio.Core\Warewolf.Studio.Core.csproj]
C:\Program Files\dotnet\sdk\10.0.201\Microsoft.Common.CurrentVersion.targets(2451,5): warning MSB3277:             C:\Users\ultra\warewolf\Dev\Dev2.Services.Sql\bin\Debug\net8.0\Dev2.Services.Sql.dll [C:\Users\ultra\warewolf\Dev\Warewolf.Studio.Core\Warewolf.Studio.Core.csproj]
C:\Program Files\dotnet\sdk\10.0.201\Microsoft.Common.CurrentVersion.targets(2451,5): warning MSB3277:         C:\Users\ultra\.nuget\packages\system.directoryservices\6.0.0\lib\net6.0\System.DirectoryServices.dll [C:\Users\ultra\warewolf\Dev\Warewolf.Studio.Core\Warewolf.Studio.Core.csproj]
C:\Program Files\dotnet\sdk\10.0.201\Microsoft.Common.CurrentVersion.targets(2451,5): warning MSB3277:           Project file item includes which caused reference "C:\Users\ultra\.nuget\packages\system.directoryservices\6.0.0\lib\net6.0\System.DirectoryServices.dll". [C:\Users\ultra\warewolf\Dev\Warewolf.Studio.Core\Warewolf.Studio.Core.csproj]
C:\Program Files\dotnet\sdk\10.0.201\Microsoft.Common.CurrentVersion.targets(2451,5): warning MSB3277:             C:\Users\ultra\.nuget\packages\system.directoryservices\6.0.0\lib\net6.0\System.DirectoryServices.dll [C:\Users\ultra\warewolf\Dev\Warewolf.Studio.Core\Warewolf.Studio.Core.csproj]
C:\Program Files\dotnet\sdk\10.0.201\Microsoft.Common.CurrentVersion.targets(2451,5): warning MSB3277:             C:\Users\ultra\.nuget\packages\corewcf.primitives\1.2.1\lib\netstandard2.0\CoreWCF.Primitives.dll [C:\Users\ultra\warewolf\Dev\Warewolf.Studio.Core\Warewolf.Studio.Core.csproj]
C:\Program Files\dotnet\sdk\10.0.201\Microsoft.Common.CurrentVersion.targets(2451,5): warning MSB3277:             C:\Users\ultra\warewolf\Dev\Dev2.Runtime.Services\bin\Debug\net8.0\Dev2.Runtime.Services.dll [C:\Users\ultra\warewolf\Dev\Warewolf.Studio.Core\Warewolf.Studio.Core.csproj]
C:\Program Files\dotnet\sdk\10.0.201\Microsoft.Common.CurrentVersion.targets(2451,5): warning MSB3277:             C:\Users\ultra\warewolf\Dev\Dev2.Studio.Interfaces\bin\Debug\net8.0\Dev2.Studio.Interfaces.dll [C:\Users\ultra\warewolf\Dev\Warewolf.Studio.Core\Warewolf.Studio.Core.csproj]
C:\Program Files\dotnet\sdk\10.0.201\Microsoft.Common.CurrentVersion.targets(2451,5): warning MSB3277:             C:\Users\ultra\.nuget\packages\corewcf.http\1.2.1\lib\netstandard2.0\CoreWCF.Http.dll [C:\Users\ultra\warewolf\Dev\Warewolf.Studio.Core\Warewolf.Studio.Core.csproj]
C:\Program Files\dotnet\sdk\10.0.201\Microsoft.Common.CurrentVersion.targets(2451,5): warning MSB3277:             C:\Users\ultra\.nuget\packages\corewcf.nettcp\1.2.1\lib\netstandard2.0\CoreWCF.NetTcp.dll [C:\Users\ultra\warewolf\Dev\Warewolf.Studio.Core\Warewolf.Studio.Core.csproj]
C:\Program Files\dotnet\sdk\10.0.201\Microsoft.Common.CurrentVersion.targets(2451,5): warning MSB3277:             C:\Users\ultra\.nuget\packages\corewcf.webhttp\1.2.1\lib\netstandard2.0\CoreWCF.WebHttp.dll [C:\Users\ultra\warewolf\Dev\Warewolf.Studio.Core\Warewolf.Studio.Core.csproj]
C:\Program Files\dotnet\sdk\10.0.201\Microsoft.Common.CurrentVersion.targets(2451,5): warning MSB3277:         C:\Program Files\dotnet\packs\Microsoft.NETCore.App.Ref\8.0.25\ref\net8.0\System.Configuration.dll [C:\Users\ultra\warewolf\Dev\Warewolf.Studio.Core\Warewolf.Studio.Core.csproj]
C:\Program Files\dotnet\sdk\10.0.201\Microsoft.Common.CurrentVersion.targets(2451,5): warning MSB3277:           Project file item includes which caused reference "C:\Program Files\dotnet\packs\Microsoft.NETCore.App.Ref\8.0.25\ref\net8.0\System.Configuration.dll". [C:\Users\ultra\warewolf\Dev\Warewolf.Studio.Core\Warewolf.Studio.Core.csproj]
C:\Program Files\dotnet\sdk\10.0.201\Microsoft.Common.CurrentVersion.targets(2451,5): warning MSB3277:             C:\Program Files\dotnet\packs\Microsoft.NETCore.App.Ref\8.0.25\ref/net8.0/System.Configuration.dll [C:\Users\ultra\warewolf\Dev\Warewolf.Studio.Core\Warewolf.Studio.Core.csproj]
C:\Program Files\dotnet\sdk\10.0.201\Microsoft.Common.CurrentVersion.targets(2451,5): warning MSB3277:             C:\Users\ultra\.nuget\packages\prism.wpf\9.0.537\lib\net462\Prism.Wpf.dll [C:\Users\ultra\warewolf\Dev\Warewolf.Studio.Core\Warewolf.Studio.Core.csproj]
C:\Program Files\dotnet\sdk\10.0.201\Microsoft.Common.CurrentVersion.targets(2451,5): warning MSB3277:         C:\Program Files\dotnet\packs\Microsoft.NETCore.App.Ref\8.0.25\ref\net8.0\System.Data.dll [C:\Users\ultra\warewolf\Dev\Warewolf.Studio.Core\Warewolf.Studio.Core.csproj]
C:\Program Files\dotnet\sdk\10.0.201\Microsoft.Common.CurrentVersion.targets(2451,5): warning MSB3277:           Project file item includes which caused reference "C:\Program Files\dotnet\packs\Microsoft.NETCore.App.Ref\8.0.25\ref\net8.0\System.Data.dll". [C:\Users\ultra\warewolf\Dev\Warewolf.Studio.Core\Warewolf.Studio.Core.csproj]
C:\Program Files\dotnet\sdk\10.0.201\Microsoft.Common.CurrentVersion.targets(2451,5): warning MSB3277:             C:\Program Files\dotnet\packs\Microsoft.NETCore.App.Ref\8.0.25\ref/net8.0/System.Data.dll [C:\Users\ultra\warewolf\Dev\Warewolf.Studio.Core\Warewolf.Studio.Core.csproj]
C:\Program Files\dotnet\sdk\10.0.201\Microsoft.Common.CurrentVersion.targets(2451,5): warning MSB3277:             C:\Users\ultra\.nuget\packages\taskschedulereditor\2.10.1\lib\net452\Microsoft.Win32.TaskSchedulerEditor.dll [C:\Users\ultra\warewolf\Dev\Warewolf.Studio.Core\Warewolf.Studio.Core.csproj]
C:\Program Files\dotnet\sdk\10.0.201\Microsoft.Common.CurrentVersion.targets(2451,5): warning MSB3277:         C:\Program Files\dotnet\packs\Microsoft.NETCore.App.Ref\8.0.25\ref\net8.0\System.Drawing.dll [C:\Users\ultra\warewolf\Dev\Warewolf.Studio.Core\Warewolf.Studio.Core.csproj]
C:\Program Files\dotnet\sdk\10.0.201\Microsoft.Common.CurrentVersion.targets(2451,5): warning MSB3277:           Project file item includes which caused reference "C:\Program Files\dotnet\packs\Microsoft.NETCore.App.Ref\8.0.25\ref\net8.0\System.Drawing.dll". [C:\Users\ultra\warewolf\Dev\Warewolf.Studio.Core\Warewolf.Studio.Core.csproj]
C:\Program Files\dotnet\sdk\10.0.201\Microsoft.Common.CurrentVersion.targets(2451,5): warning MSB3277:             C:\Program Files\dotnet\packs\Microsoft.NETCore.App.Ref\8.0.25\ref/net8.0/System.Drawing.dll [C:\Users\ultra\warewolf\Dev\Warewolf.Studio.Core\Warewolf.Studio.Core.csproj]
C:\Program Files\dotnet\sdk\10.0.201\Microsoft.Common.CurrentVersion.targets(2451,5): warning MSB3277:             C:\Users\ultra\.nuget\packages\aerowizard\2.3.1\lib\net45\AeroWizard.dll [C:\Users\ultra\warewolf\Dev\Warewolf.Studio.Core\Warewolf.Studio.Core.csproj]
C:\Program Files\dotnet\sdk\10.0.201\Microsoft.Common.CurrentVersion.targets(2451,5): warning MSB3277:             C:\Users\ultra\.nuget\packages\groupcontrols\1.9.0\lib\net45\GroupControls.dll [C:\Users\ultra\warewolf\Dev\Warewolf.Studio.Core\Warewolf.Studio.Core.csproj]
C:\Program Files\dotnet\sdk\10.0.201\Microsoft.Common.CurrentVersion.targets(2451,5): warning MSB3277:             C:\Users\ultra\.nuget\packages\taskschedulereditor\2.10.1\lib\net452\Microsoft.Win32.TaskSchedulerEditor.dll [C:\Users\ultra\warewolf\Dev\Warewolf.Studio.Core\Warewolf.Studio.Core.csproj]
C:\Program Files\dotnet\sdk\10.0.201\Microsoft.Common.CurrentVersion.targets(2451,5): warning MSB3277:         C:\Program Files\dotnet\packs\Microsoft.NETCore.App.Ref\8.0.25\ref\net8.0\System.Net.dll [C:\Users\ultra\warewolf\Dev\Warewolf.Studio.Core\Warewolf.Studio.Core.csproj]
C:\Program Files\dotnet\sdk\10.0.201\Microsoft.Common.CurrentVersion.targets(2451,5): warning MSB3277:           Project file item includes which caused reference "C:\Program Files\dotnet\packs\Microsoft.NETCore.App.Ref\8.0.25\ref\net8.0\System.Net.dll". [C:\Users\ultra\warewolf\Dev\Warewolf.Studio.Core\Warewolf.Studio.Core.csproj]
C:\Program Files\dotnet\sdk\10.0.201\Microsoft.Common.CurrentVersion.targets(2451,5): warning MSB3277:             C:\Program Files\dotnet\packs\Microsoft.NETCore.App.Ref\8.0.25\ref/net8.0/System.Net.dll [C:\Users\ultra\warewolf\Dev\Warewolf.Studio.Core\Warewolf.Studio.Core.csproj]
C:\Program Files\dotnet\sdk\10.0.201\Microsoft.Common.CurrentVersion.targets(2451,5): warning MSB3277:         C:\Program Files\dotnet\packs\Microsoft.NETCore.App.Ref\8.0.25\ref\net8.0\System.Security.dll [C:\Users\ultra\warewolf\Dev\Warewolf.Studio.Core\Warewolf.Studio.Core.csproj]
C:\Program Files\dotnet\sdk\10.0.201\Microsoft.Common.CurrentVersion.targets(2451,5): warning MSB3277:           Project file item includes which caused reference "C:\Program Files\dotnet\packs\Microsoft.NETCore.App.Ref\8.0.25\ref\net8.0\System.Security.dll". [C:\Users\ultra\warewolf\Dev\Warewolf.Studio.Core\Warewolf.Studio.Core.csproj]
C:\Program Files\dotnet\sdk\10.0.201\Microsoft.Common.CurrentVersion.targets(2451,5): warning MSB3277:             C:\Program Files\dotnet\packs\Microsoft.NETCore.App.Ref\8.0.25\ref/net8.0/System.Security.dll [C:\Users\ultra\warewolf\Dev\Warewolf.Studio.Core\Warewolf.Studio.Core.csproj]
C:\Program Files\dotnet\sdk\10.0.201\Microsoft.Common.CurrentVersion.targets(2451,5): warning MSB3277:         C:\Program Files\dotnet\packs\Microsoft.NETCore.App.Ref\8.0.25\ref\net8.0\System.ServiceProcess.dll [C:\Users\ultra\warewolf\Dev\Warewolf.Studio.Core\Warewolf.Studio.Core.csproj]
C:\Program Files\dotnet\sdk\10.0.201\Microsoft.Common.CurrentVersion.targets(2451,5): warning MSB3277:           Project file item includes which caused reference "C:\Program Files\dotnet\packs\Microsoft.NETCore.App.Ref\8.0.25\ref\net8.0\System.ServiceProcess.dll". [C:\Users\ultra\warewolf\Dev\Warewolf.Studio.Core\Warewolf.Studio.Core.csproj]
C:\Program Files\dotnet\sdk\10.0.201\Microsoft.Common.CurrentVersion.targets(2451,5): warning MSB3277:             C:\Program Files\dotnet\packs\Microsoft.NETCore.App.Ref\8.0.25\ref/net8.0/System.ServiceProcess.dll [C:\Users\ultra\warewolf\Dev\Warewolf.Studio.Core\Warewolf.Studio.Core.csproj]
C:\Program Files\dotnet\sdk\10.0.201\Microsoft.Common.CurrentVersion.targets(2451,5): warning MSB3277:         C:\Program Files\dotnet\packs\Microsoft.NETCore.App.Ref\8.0.25\ref\net8.0\System.Transactions.dll [C:\Users\ultra\warewolf\Dev\Warewolf.Studio.Core\Warewolf.Studio.Core.csproj]
C:\Program Files\dotnet\sdk\10.0.201\Microsoft.Common.CurrentVersion.targets(2451,5): warning MSB3277:           Project file item includes which caused reference "C:\Program Files\dotnet\packs\Microsoft.NETCore.App.Ref\8.0.25\ref\net8.0\System.Transactions.dll". [C:\Users\ultra\warewolf\Dev\Warewolf.Studio.Core\Warewolf.Studio.Core.csproj]
C:\Program Files\dotnet\sdk\10.0.201\Microsoft.Common.CurrentVersion.targets(2451,5): warning MSB3277:             C:\Program Files\dotnet\packs\Microsoft.NETCore.App.Ref\8.0.25\ref/net8.0/System.Transactions.dll [C:\Users\ultra\warewolf\Dev\Warewolf.Studio.Core\Warewolf.Studio.Core.csproj]
C:\Program Files\dotnet\sdk\10.0.201\Microsoft.Common.CurrentVersion.targets(2451,5): warning MSB3277:         C:\Program Files\dotnet\packs\Microsoft.NETCore.App.Ref\8.0.25\ref\net8.0\System.dll [C:\Users\ultra\warewolf\Dev\Warewolf.Studio.Core\Warewolf.Studio.Core.csproj]
C:\Program Files\dotnet\sdk\10.0.201\Microsoft.Common.CurrentVersion.targets(2451,5): warning MSB3277:           Project file item includes which caused reference "C:\Program Files\dotnet\packs\Microsoft.NETCore.App.Ref\8.0.25\ref\net8.0\System.dll". [C:\Users\ultra\warewolf\Dev\Warewolf.Studio.Core\Warewolf.Studio.Core.csproj]
C:\Program Files\dotnet\sdk\10.0.201\Microsoft.Common.CurrentVersion.targets(2451,5): warning MSB3277:             C:\Program Files\dotnet\packs\Microsoft.NETCore.App.Ref\8.0.25\ref/net8.0/System.dll [C:\Users\ultra\warewolf\Dev\Warewolf.Studio.Core\Warewolf.Studio.Core.csproj]
C:\Program Files\dotnet\sdk\10.0.201\Microsoft.Common.CurrentVersion.targets(2451,5): warning MSB3277:             C:\Users\ultra\.nuget\packages\aerowizard\2.3.1\lib\net45\AeroWizard.dll [C:\Users\ultra\warewolf\Dev\Warewolf.Studio.Core\Warewolf.Studio.Core.csproj]
C:\Program Files\dotnet\sdk\10.0.201\Microsoft.Common.CurrentVersion.targets(2451,5): warning MSB3277:             C:\Users\ultra\.nuget\packages\groupcontrols\1.9.0\lib\net45\GroupControls.dll [C:\Users\ultra\warewolf\Dev\Warewolf.Studio.Core\Warewolf.Studio.Core.csproj]
C:\Program Files\dotnet\sdk\10.0.201\Microsoft.Common.CurrentVersion.targets(2451,5): warning MSB3277:             C:\Users\ultra\.nuget\packages\microsoft.xaml.behaviors.wpf\1.1.122\lib\net462\Microsoft.Xaml.Behaviors.dll [C:\Users\ultra\warewolf\Dev\Warewolf.Studio.Core\Warewolf.Studio.Core.csproj]
C:\Program Files\dotnet\sdk\10.0.201\Microsoft.Common.CurrentVersion.targets(2451,5): warning MSB3277:             C:\Users\ultra\.nuget\packages\caliburn.micro\4.0.212\lib\netcoreapp3.1\Caliburn.Micro.Platform.dll [C:\Users\ultra\warewolf\Dev\Warewolf.Studio.Core\Warewolf.Studio.Core.csproj]
C:\Program Files\dotnet\sdk\10.0.201\Microsoft.Common.CurrentVersion.targets(2451,5): warning MSB3277:             C:\Users\ultra\.nuget\packages\prism.wpf\9.0.537\lib\net462\Prism.Wpf.dll [C:\Users\ultra\warewolf\Dev\Warewolf.Studio.Core\Warewolf.Studio.Core.csproj]
C:\Program Files\dotnet\sdk\10.0.201\Microsoft.Common.CurrentVersion.targets(2451,5): warning MSB3277:             C:\Users\ultra\.nuget\packages\reactiveui.wpf\18.4.1\lib\net462\ReactiveUI.Wpf.dll [C:\Users\ultra\warewolf\Dev\Warewolf.Studio.Core\Warewolf.Studio.Core.csproj]
C:\Program Files\dotnet\sdk\10.0.201\Microsoft.Common.CurrentVersion.targets(2451,5): warning MSB3277:             C:\Users\ultra\.nuget\packages\taskschedulereditor\2.10.1\lib\net452\Microsoft.Win32.TaskSchedulerEditor.dll [C:\Users\ultra\warewolf\Dev\Warewolf.Studio.Core\Warewolf.Studio.Core.csproj]
C:\Program Files\dotnet\sdk\10.0.201\Microsoft.Common.CurrentVersion.targets(2451,5): warning MSB3277:             C:\Users\ultra\.nuget\packages\ttcue.netcore.sharepointonline.csom.16.1.8029.1200\16.1.8029.1200\lib\netcoreapp2.0\Microsoft.SharePoint.Client.Runtime.Windows.dll [C:\Users\ultra\warewolf\Dev\Warewolf.Studio.Core\Warewolf.Studio.Core.csproj]
C:\Program Files\dotnet\sdk\10.0.201\Microsoft.Common.CurrentVersion.targets(2451,5): warning MSB3277:         C:\Program Files\dotnet\packs\Microsoft.NETCore.App.Ref\8.0.25\ref\net8.0\WindowsBase.dll [C:\Users\ultra\warewolf\Dev\Warewolf.Studio.Core\Warewolf.Studio.Core.csproj]
C:\Program Files\dotnet\sdk\10.0.201\Microsoft.Common.CurrentVersion.targets(2451,5): warning MSB3277:           Project file item includes which caused reference "C:\Program Files\dotnet\packs\Microsoft.NETCore.App.Ref\8.0.25\ref\net8.0\WindowsBase.dll". [C:\Users\ultra\warewolf\Dev\Warewolf.Studio.Core\Warewolf.Studio.Core.csproj]
C:\Program Files\dotnet\sdk\10.0.201\Microsoft.Common.CurrentVersion.targets(2451,5): warning MSB3277:             C:\Program Files\dotnet\packs\Microsoft.NETCore.App.Ref\8.0.25\ref/net8.0/WindowsBase.dll [C:\Users\ultra\warewolf\Dev\Warewolf.Studio.Core\Warewolf.Studio.Core.csproj]
C:\Program Files\dotnet\sdk\10.0.201\Microsoft.Common.CurrentVersion.targets(2451,5): warning MSB3277:         C:\Program Files\dotnet\packs\Microsoft.NETCore.App.Ref\8.0.25\ref\net8.0\mscorlib.dll [C:\Users\ultra\warewolf\Dev\Warewolf.Studio.Core\Warewolf.Studio.Core.csproj]
C:\Program Files\dotnet\sdk\10.0.201\Microsoft.Common.CurrentVersion.targets(2451,5): warning MSB3277:           Project file item includes which caused reference "C:\Program Files\dotnet\packs\Microsoft.NETCore.App.Ref\8.0.25\ref\net8.0\mscorlib.dll". [C:\Users\ultra\warewolf\Dev\Warewolf.Studio.Core\Warewolf.Studio.Core.csproj]
C:\Program Files\dotnet\sdk\10.0.201\Microsoft.Common.CurrentVersion.targets(2451,5): warning MSB3277:             C:\Program Files\dotnet\packs\Microsoft.NETCore.App.Ref\8.0.25\ref/net8.0/mscorlib.dll [C:\Users\ultra\warewolf\Dev\Warewolf.Studio.Core\Warewolf.Studio.Core.csproj]
C:\Program Files\dotnet\sdk\10.0.201\Microsoft.Common.CurrentVersion.targets(2451,5): warning MSB3277:             C:\Users\ultra\.nuget\packages\aerowizard\2.3.1\lib\net45\AeroWizard.dll [C:\Users\ultra\warewolf\Dev\Warewolf.Studio.Core\Warewolf.Studio.Core.csproj]
C:\Program Files\dotnet\sdk\10.0.201\Microsoft.Common.CurrentVersion.targets(2451,5): warning MSB3277:             C:\Users\ultra\.nuget\packages\groupcontrols\1.9.0\lib\net45\GroupControls.dll [C:\Users\ultra\warewolf\Dev\Warewolf.Studio.Core\Warewolf.Studio.Core.csproj]
C:\Program Files\dotnet\sdk\10.0.201\Microsoft.Common.CurrentVersion.targets(2451,5): warning MSB3277:             C:\Users\ultra\.nuget\packages\microsoft.xaml.behaviors.wpf\1.1.122\lib\net462\Microsoft.Xaml.Behaviors.dll [C:\Users\ultra\warewolf\Dev\Warewolf.Studio.Core\Warewolf.Studio.Core.csproj]
C:\Program Files\dotnet\sdk\10.0.201\Microsoft.Common.CurrentVersion.targets(2451,5): warning MSB3277:             C:\Users\ultra\.nuget\packages\caliburn.micro\4.0.212\lib\netcoreapp3.1\Caliburn.Micro.Platform.dll [C:\Users\ultra\warewolf\Dev\Warewolf.Studio.Core\Warewolf.Studio.Core.csproj]
C:\Program Files\dotnet\sdk\10.0.201\Microsoft.Common.CurrentVersion.targets(2451,5): warning MSB3277:             C:\Users\ultra\.nuget\packages\oracle.manageddataaccess.core\3.21.70\lib\netstandard2.1\Oracle.ManagedDataAccess.dll [C:\Users\ultra\warewolf\Dev\Warewolf.Studio.Core\Warewolf.Studio.Core.csproj]
C:\Program Files\dotnet\sdk\10.0.201\Microsoft.Common.CurrentVersion.targets(2451,5): warning MSB3277:             C:\Users\ultra\warewolf\Dev\Dev2.Runtime.Services\bin\Debug\net8.0\Dev2.Runtime.Services.dll [C:\Users\ultra\warewolf\Dev\Warewolf.Studio.Core\Warewolf.Studio.Core.csproj]
C:\Program Files\dotnet\sdk\10.0.201\Microsoft.Common.CurrentVersion.targets(2451,5): warning MSB3277:             C:\Users\ultra\warewolf\Dev\Dev2.Studio.Interfaces\bin\Debug\net8.0\Dev2.Studio.Interfaces.dll [C:\Users\ultra\warewolf\Dev\Warewolf.Studio.Core\Warewolf.Studio.Core.csproj]
C:\Program Files\dotnet\sdk\10.0.201\Microsoft.Common.CurrentVersion.targets(2451,5): warning MSB3277:             C:\Users\ultra\warewolf\Dev\Dev2.Services.Sql\bin\Debug\net8.0\Dev2.Services.Sql.dll [C:\Users\ultra\warewolf\Dev\Warewolf.Studio.Core\Warewolf.Studio.Core.csproj]
C:\Program Files\dotnet\sdk\10.0.201\Microsoft.Common.CurrentVersion.targets(2451,5): warning MSB3277:             C:\Users\ultra\.nuget\packages\prism.wpf\9.0.537\lib\net462\Prism.Wpf.dll [C:\Users\ultra\warewolf\Dev\Warewolf.Studio.Core\Warewolf.Studio.Core.csproj]
C:\Program Files\dotnet\sdk\10.0.201\Microsoft.Common.CurrentVersion.targets(2451,5): warning MSB3277:             C:\Users\ultra\.nuget\packages\reactiveui.wpf\18.4.1\lib\net462\ReactiveUI.Wpf.dll [C:\Users\ultra\warewolf\Dev\Warewolf.Studio.Core\Warewolf.Studio.Core.csproj]
C:\Program Files\dotnet\sdk\10.0.201\Microsoft.Common.CurrentVersion.targets(2451,5): warning MSB3277:             C:\Users\ultra\.nuget\packages\taskschedulereditor\2.10.1\lib\net452\Microsoft.Win32.TaskSchedulerEditor.dll [C:\Users\ultra\warewolf\Dev\Warewolf.Studio.Core\Warewolf.Studio.Core.csproj]
C:\Program Files\dotnet\sdk\10.0.201\Microsoft.Common.CurrentVersion.targets(2451,5): warning MSB3277:             C:\Users\ultra\.nuget\packages\ttcue.netcore.sharepointonline.csom.16.1.8029.1200\16.1.8029.1200\lib\netcoreapp2.0\Microsoft.SharePoint.Client.Runtime.Windows.dll [C:\Users\ultra\warewolf\Dev\Warewolf.Studio.Core\Warewolf.Studio.Core.csproj]
C:\Program Files\dotnet\sdk\10.0.201\Microsoft.Common.CurrentVersion.targets(2451,5): warning MSB3277: Found conflicts between different versions of "WindowsBase" that could not be resolved. [C:\Users\ultra\warewolf\Dev\Warewolf.Studio.Core\Warewolf.Studio.Core.csproj]
C:\Program Files\dotnet\sdk\10.0.201\Microsoft.Common.CurrentVersion.targets(2451,5): warning MSB3277: There was a conflict between "WindowsBase, Version=4.0.0.0, Culture=neutral, PublicKeyToken=31bf3856ad364e35" and "WindowsBase, Version=6.0.2.0, Culture=neutral, PublicKeyToken=31bf3856ad364e35". [C:\Users\ultra\warewolf\Dev\Warewolf.Studio.Core\Warewolf.Studio.Core.csproj]
C:\Program Files\dotnet\sdk\10.0.201\Microsoft.Common.CurrentVersion.targets(2451,5): warning MSB3277:     "WindowsBase, Version=4.0.0.0, Culture=neutral, PublicKeyToken=31bf3856ad364e35" was chosen because it was primary and "WindowsBase, Version=6.0.2.0, Culture=neutral, PublicKeyToken=31bf3856ad364e35" was not. [C:\Users\ultra\warewolf\Dev\Warewolf.Studio.Core\Warewolf.Studio.Core.csproj]
C:\Program Files\dotnet\sdk\10.0.201\Microsoft.Common.CurrentVersion.targets(2451,5): warning MSB3277:     References which depend on "WindowsBase, Version=4.0.0.0, Culture=neutral, PublicKeyToken=31bf3856ad364e35" [C:\Program Files\dotnet\packs\Microsoft.NETCore.App.Ref\8.0.25\ref\net8.0\WindowsBase.dll]. [C:\Users\ultra\warewolf\Dev\Warewolf.Studio.Core\Warewolf.Studio.Core.csproj]
C:\Program Files\dotnet\sdk\10.0.201\Microsoft.Common.CurrentVersion.targets(2451,5): warning MSB3277:         C:\Program Files\dotnet\packs\Microsoft.NETCore.App.Ref\8.0.25\ref\net8.0\WindowsBase.dll [C:\Users\ultra\warewolf\Dev\Warewolf.Studio.Core\Warewolf.Studio.Core.csproj]
C:\Program Files\dotnet\sdk\10.0.201\Microsoft.Common.CurrentVersion.targets(2451,5): warning MSB3277:           Project file item includes which caused reference "C:\Program Files\dotnet\packs\Microsoft.NETCore.App.Ref\8.0.25\ref\net8.0\WindowsBase.dll". [C:\Users\ultra\warewolf\Dev\Warewolf.Studio.Core\Warewolf.Studio.Core.csproj]
C:\Program Files\dotnet\sdk\10.0.201\Microsoft.Common.CurrentVersion.targets(2451,5): warning MSB3277:             C:\Program Files\dotnet\packs\Microsoft.NETCore.App.Ref\8.0.25\ref/net8.0/WindowsBase.dll [C:\Users\ultra\warewolf\Dev\Warewolf.Studio.Core\Warewolf.Studio.Core.csproj]
C:\Program Files\dotnet\sdk\10.0.201\Microsoft.Common.CurrentVersion.targets(2451,5): warning MSB3277:     References which depend on or have been unified to "WindowsBase, Version=6.0.2.0, Culture=neutral, PublicKeyToken=31bf3856ad364e35" []. [C:\Users\ultra\warewolf\Dev\Warewolf.Studio.Core\Warewolf.Studio.Core.csproj]
C:\Program Files\dotnet\sdk\10.0.201\Microsoft.Common.CurrentVersion.targets(2451,5): warning MSB3277:         C:\Users\ultra\warewolf\Dev\Binaries\Infragistcs_Net6\InfragisticsWPF4.Controls.Menus.XamDataTree.v15.1.dll [C:\Users\ultra\warewolf\Dev\Warewolf.Studio.Core\Warewolf.Studio.Core.csproj]
C:\Program Files\dotnet\sdk\10.0.201\Microsoft.Common.CurrentVersion.targets(2451,5): warning MSB3277:           Project file item includes which caused reference "C:\Users\ultra\warewolf\Dev\Binaries\Infragistcs_Net6\InfragisticsWPF4.Controls.Menus.XamDataTree.v15.1.dll". [C:\Users\ultra\warewolf\Dev\Warewolf.Studio.Core\Warewolf.Studio.Core.csproj]
C:\Program Files\dotnet\sdk\10.0.201\Microsoft.Common.CurrentVersion.targets(2451,5): warning MSB3277:             InfragisticsWPF4.Controls.Menus.XamDataTree.v15.1, Version=15.1.20151.2055, Culture=neutral, PublicKeyToken=7dd5c3163f2cd0cb, processorArchitecture=MSIL [C:\Users\ultra\warewolf\Dev\Warewolf.Studio.Core\Warewolf.Studio.Core.csproj]
C:\Program Files\dotnet\sdk\10.0.201\Microsoft.Common.CurrentVersion.targets(2451,5): warning MSB3277:         C:\Users\ultra\warewolf\Dev\Binaries\Infragistcs_Net6\InfragisticsWPF4.DataManager.v15.1.dll [C:\Users\ultra\warewolf\Dev\Warewolf.Studio.Core\Warewolf.Studio.Core.csproj]
C:\Program Files\dotnet\sdk\10.0.201\Microsoft.Common.CurrentVersion.targets(2451,5): warning MSB3277:           Project file item includes which caused reference "C:\Users\ultra\warewolf\Dev\Binaries\Infragistcs_Net6\InfragisticsWPF4.DataManager.v15.1.dll". [C:\Users\ultra\warewolf\Dev\Warewolf.Studio.Core\Warewolf.Studio.Core.csproj]
C:\Program Files\dotnet\sdk\10.0.201\Microsoft.Common.CurrentVersion.targets(2451,5): warning MSB3277:             InfragisticsWPF4.DataManager.v15.1, Version=15.1.20151.2055, Culture=neutral, PublicKeyToken=7dd5c3163f2cd0cb, processorArchitecture=MSIL [C:\Users\ultra\warewolf\Dev\Warewolf.Studio.Core\Warewolf.Studio.Core.csproj]
C:\Program Files\dotnet\sdk\10.0.201\Microsoft.Common.CurrentVersion.targets(2451,5): warning MSB3277:             InfragisticsWPF4.Controls.Menus.XamDataTree.v15.1, Version=15.1.20151.2055, Culture=neutral, PublicKeyToken=7dd5c3163f2cd0cb, processorArchitecture=MSIL [C:\Users\ultra\warewolf\Dev\Warewolf.Studio.Core\Warewolf.Studio.Core.csproj]
C:\Program Files\dotnet\sdk\10.0.201\Microsoft.Common.CurrentVersion.targets(2451,5): warning MSB3277:         C:\Users\ultra\warewolf\Dev\Binaries\Infragistcs_Net6\InfragisticsWPF4.DockManager.v15.1.dll [C:\Users\ultra\warewolf\Dev\Warewolf.Studio.Core\Warewolf.Studio.Core.csproj]
C:\Program Files\dotnet\sdk\10.0.201\Microsoft.Common.CurrentVersion.targets(2451,5): warning MSB3277:           Project file item includes which caused reference "C:\Users\ultra\warewolf\Dev\Binaries\Infragistcs_Net6\InfragisticsWPF4.DockManager.v15.1.dll". [C:\Users\ultra\warewolf\Dev\Warewolf.Studio.Core\Warewolf.Studio.Core.csproj]
C:\Program Files\dotnet\sdk\10.0.201\Microsoft.Common.CurrentVersion.targets(2451,5): warning MSB3277:             InfragisticsWPF4.DockManager.v15.1, Version=15.1.20151.2055, Culture=neutral, PublicKeyToken=7dd5c3163f2cd0cb, processorArchitecture=MSIL [C:\Users\ultra\warewolf\Dev\Warewolf.Studio.Core\Warewolf.Studio.Core.csproj]
C:\Program Files\dotnet\sdk\10.0.201\Microsoft.Common.CurrentVersion.targets(2451,5): warning MSB3277:         C:\Users\ultra\warewolf\Dev\Binaries\Infragistcs_Net6\InfragisticsWPF4.v15.1.dll [C:\Users\ultra\warewolf\Dev\Warewolf.Studio.Core\Warewolf.Studio.Core.csproj]
C:\Program Files\dotnet\sdk\10.0.201\Microsoft.Common.CurrentVersion.targets(2451,5): warning MSB3277:           Project file item includes which caused reference "C:\Users\ultra\warewolf\Dev\Binaries\Infragistcs_Net6\InfragisticsWPF4.v15.1.dll". [C:\Users\ultra\warewolf\Dev\Warewolf.Studio.Core\Warewolf.Studio.Core.csproj]
C:\Program Files\dotnet\sdk\10.0.201\Microsoft.Common.CurrentVersion.targets(2451,5): warning MSB3277:             InfragisticsWPF4.v15.1, Version=15.1.20151.2055, Culture=neutral, PublicKeyToken=7dd5c3163f2cd0cb, processorArchitecture=MSIL [C:\Users\ultra\warewolf\Dev\Warewolf.Studio.Core\Warewolf.Studio.Core.csproj]
C:\Program Files\dotnet\sdk\10.0.201\Microsoft.Common.CurrentVersion.targets(2451,5): warning MSB3277:             InfragisticsWPF4.Controls.Menus.XamDataTree.v15.1, Version=15.1.20151.2055, Culture=neutral, PublicKeyToken=7dd5c3163f2cd0cb, processorArchitecture=MSIL [C:\Users\ultra\warewolf\Dev\Warewolf.Studio.Core\Warewolf.Studio.Core.csproj]
C:\Program Files\dotnet\sdk\10.0.201\Microsoft.Common.CurrentVersion.targets(2451,5): warning MSB3277:             InfragisticsWPF4.DataManager.v15.1, Version=15.1.20151.2055, Culture=neutral, PublicKeyToken=7dd5c3163f2cd0cb, processorArchitecture=MSIL [C:\Users\ultra\warewolf\Dev\Warewolf.Studio.Core\Warewolf.Studio.Core.csproj]
C:\Program Files\dotnet\sdk\10.0.201\Microsoft.Common.CurrentVersion.targets(2451,5): warning MSB3277:             InfragisticsWPF4.DockManager.v15.1, Version=15.1.20151.2055, Culture=neutral, PublicKeyToken=7dd5c3163f2cd0cb, processorArchitecture=MSIL [C:\Users\ultra\warewolf\Dev\Warewolf.Studio.Core\Warewolf.Studio.Core.csproj]
C:\Program Files\dotnet\sdk\10.0.201\Microsoft.Common.CurrentVersion.targets(2451,5): warning MSB3277:         C:\Users\ultra\.nuget\packages\caliburn.micro\4.0.212\lib\netcoreapp3.1\Caliburn.Micro.Platform.dll [C:\Users\ultra\warewolf\Dev\Warewolf.Studio.Core\Warewolf.Studio.Core.csproj]
C:\Program Files\dotnet\sdk\10.0.201\Microsoft.Common.CurrentVersion.targets(2451,5): warning MSB3277:           Project file item includes which caused reference "C:\Users\ultra\.nuget\packages\caliburn.micro\4.0.212\lib\netcoreapp3.1\Caliburn.Micro.Platform.dll". [C:\Users\ultra\warewolf\Dev\Warewolf.Studio.Core\Warewolf.Studio.Core.csproj]
C:\Program Files\dotnet\sdk\10.0.201\Microsoft.Common.CurrentVersion.targets(2451,5): warning MSB3277:             C:\Users\ultra\.nuget\packages\caliburn.micro\4.0.212\lib\netcoreapp3.1\Caliburn.Micro.Platform.dll [C:\Users\ultra\warewolf\Dev\Warewolf.Studio.Core\Warewolf.Studio.Core.csproj]
C:\Program Files\dotnet\sdk\10.0.201\Microsoft.Common.CurrentVersion.targets(2451,5): warning MSB3277:         C:\Users\ultra\.nuget\packages\microsoft.xaml.behaviors.wpf\1.1.122\lib\net462\Microsoft.Xaml.Behaviors.dll [C:\Users\ultra\warewolf\Dev\Warewolf.Studio.Core\Warewolf.Studio.Core.csproj]
C:\Program Files\dotnet\sdk\10.0.201\Microsoft.Common.CurrentVersion.targets(2451,5): warning MSB3277:           Project file item includes which caused reference "C:\Users\ultra\.nuget\packages\microsoft.xaml.behaviors.wpf\1.1.122\lib\net462\Microsoft.Xaml.Behaviors.dll". [C:\Users\ultra\warewolf\Dev\Warewolf.Studio.Core\Warewolf.Studio.Core.csproj]
C:\Program Files\dotnet\sdk\10.0.201\Microsoft.Common.CurrentVersion.targets(2451,5): warning MSB3277:             C:\Users\ultra\.nuget\packages\microsoft.xaml.behaviors.wpf\1.1.122\lib\net462\Microsoft.Xaml.Behaviors.dll [C:\Users\ultra\warewolf\Dev\Warewolf.Studio.Core\Warewolf.Studio.Core.csproj]
C:\Program Files\dotnet\sdk\10.0.201\Microsoft.Common.CurrentVersion.targets(2451,5): warning MSB3277:             C:\Users\ultra\.nuget\packages\caliburn.micro\4.0.212\lib\netcoreapp3.1\Caliburn.Micro.Platform.dll [C:\Users\ultra\warewolf\Dev\Warewolf.Studio.Core\Warewolf.Studio.Core.csproj]
C:\Program Files\dotnet\sdk\10.0.201\Microsoft.Common.CurrentVersion.targets(2451,5): warning MSB3277:             C:\Users\ultra\.nuget\packages\prism.wpf\9.0.537\lib\net462\Prism.Wpf.dll [C:\Users\ultra\warewolf\Dev\Warewolf.Studio.Core\Warewolf.Studio.Core.csproj]
C:\Program Files\dotnet\sdk\10.0.201\Microsoft.Common.CurrentVersion.targets(2451,5): warning MSB3277:         C:\Users\ultra\.nuget\packages\prism.wpf\9.0.537\lib\net462\Prism.Wpf.dll [C:\Users\ultra\warewolf\Dev\Warewolf.Studio.Core\Warewolf.Studio.Core.csproj]
C:\Program Files\dotnet\sdk\10.0.201\Microsoft.Common.CurrentVersion.targets(2451,5): warning MSB3277:           Project file item includes which caused reference "C:\Users\ultra\.nuget\packages\prism.wpf\9.0.537\lib\net462\Prism.Wpf.dll". [C:\Users\ultra\warewolf\Dev\Warewolf.Studio.Core\Warewolf.Studio.Core.csproj]
C:\Program Files\dotnet\sdk\10.0.201\Microsoft.Common.CurrentVersion.targets(2451,5): warning MSB3277:             C:\Users\ultra\.nuget\packages\prism.wpf\9.0.537\lib\net462\Prism.Wpf.dll [C:\Users\ultra\warewolf\Dev\Warewolf.Studio.Core\Warewolf.Studio.Core.csproj]
C:\Program Files\dotnet\sdk\10.0.201\Microsoft.Common.CurrentVersion.targets(2451,5): warning MSB3277:         C:\Users\ultra\.nuget\packages\reactiveui.wpf\18.4.1\lib\net462\ReactiveUI.Wpf.dll [C:\Users\ultra\warewolf\Dev\Warewolf.Studio.Core\Warewolf.Studio.Core.csproj]
C:\Program Files\dotnet\sdk\10.0.201\Microsoft.Common.CurrentVersion.targets(2451,5): warning MSB3277:           Project file item includes which caused reference "C:\Users\ultra\.nuget\packages\reactiveui.wpf\18.4.1\lib\net462\ReactiveUI.Wpf.dll". [C:\Users\ultra\warewolf\Dev\Warewolf.Studio.Core\Warewolf.Studio.Core.csproj]
C:\Program Files\dotnet\sdk\10.0.201\Microsoft.Common.CurrentVersion.targets(2451,5): warning MSB3277:             C:\Users\ultra\.nuget\packages\reactiveui.wpf\18.4.1\lib\net462\ReactiveUI.Wpf.dll [C:\Users\ultra\warewolf\Dev\Warewolf.Studio.Core\Warewolf.Studio.Core.csproj]
C:\Program Files\dotnet\sdk\10.0.201\Microsoft.Common.CurrentVersion.targets(2451,5): warning MSB3277:         C:\Users\ultra\warewolf\Dev\Binaries\Infragistcs_Net6\InfragisticsWPF4.DragDrop.v15.1.dll [C:\Users\ultra\warewolf\Dev\Warewolf.Studio.Core\Warewolf.Studio.Core.csproj]
C:\Program Files\dotnet\sdk\10.0.201\Microsoft.Common.CurrentVersion.targets(2451,5): warning MSB3277:           Project file item includes which caused reference "C:\Users\ultra\warewolf\Dev\Binaries\Infragistcs_Net6\InfragisticsWPF4.DragDrop.v15.1.dll". [C:\Users\ultra\warewolf\Dev\Warewolf.Studio.Core\Warewolf.Studio.Core.csproj]
C:\Program Files\dotnet\sdk\10.0.201\Microsoft.Common.CurrentVersion.targets(2451,5): warning MSB3277:             InfragisticsWPF4.Controls.Menus.XamDataTree.v15.1, Version=15.1.20151.2055, Culture=neutral, PublicKeyToken=7dd5c3163f2cd0cb, processorArchitecture=MSIL [C:\Users\ultra\warewolf\Dev\Warewolf.Studio.Core\Warewolf.Studio.Core.csproj]
  Warewolf.Testing -> C:\Users\ultra\warewolf\Dev\Warewolf.Testing\bin\Debug\net8.0\Warewolf.Testing.dll
  Warewolf.Studio.Core -> C:\Users\ultra\warewolf\Dev\Warewolf.Studio.Core\bin\Debug\net8.0\Warewolf.Studio.Core.dll
C:\Users\ultra\warewolf\Dev\Dev2.Activities\WorkflowConverters\ActivityPropertiesReaderHelper.cs(54,45): warning CS8632: The annotation for nullable reference types should only be used in code within a '#nullable' annotations context. [C:\Users\ultra\warewolf\Dev\Dev2.Activities\Dev2.Activities.csproj]
C:\Users\ultra\warewolf\Dev\Dev2.Activities\WorkflowConverters\SwitchActivityDataHelper.cs(106,58): warning CS8632: The annotation for nullable reference types should only be used in code within a '#nullable' annotations context. [C:\Users\ultra\warewolf\Dev\Dev2.Activities\Dev2.Activities.csproj]
C:\Users\ultra\warewolf\Dev\Dev2.Activities\WorkflowConverters\SwitchActivityDataHelper.cs(225,65): warning CS8632: The annotation for nullable reference types should only be used in code within a '#nullable' annotations context. [C:\Users\ultra\warewolf\Dev\Dev2.Activities\Dev2.Activities.csproj]
C:\Users\ultra\warewolf\Dev\Dev2.Activities\WorkflowConverters\SwitchActivityDataHelper.cs(225,25): warning CS8632: The annotation for nullable reference types should only be used in code within a '#nullable' annotations context. [C:\Users\ultra\warewolf\Dev\Dev2.Activities\Dev2.Activities.csproj]
C:\Users\ultra\warewolf\Dev\Dev2.Activities\WorkflowConverters\SwitchActivityDataHelper.cs(342,61): warning CS8632: The annotation for nullable reference types should only be used in code within a '#nullable' annotations context. [C:\Users\ultra\warewolf\Dev\Dev2.Activities\Dev2.Activities.csproj]
C:\Users\ultra\warewolf\Dev\Dev2.Activities\WorkflowConverters\SwitchActivityDataHelper.cs(342,30): warning CS8632: The annotation for nullable reference types should only be used in code within a '#nullable' annotations context. [C:\Users\ultra\warewolf\Dev\Dev2.Activities\Dev2.Activities.csproj]
C:\Users\ultra\warewolf\Dev\Dev2.Activities\WorkflowConverters\SwitchActivityDataHelper.cs(32,25): warning CS8632: The annotation for nullable reference types should only be used in code within a '#nullable' annotations context. [C:\Users\ultra\warewolf\Dev\Dev2.Activities\Dev2.Activities.csproj]
C:\Users\ultra\warewolf\Dev\Dev2.Activities\WorkflowConverters\SwitchActivityDataHelper.cs(33,25): warning CS8632: The annotation for nullable reference types should only be used in code within a '#nullable' annotations context. [C:\Users\ultra\warewolf\Dev\Dev2.Activities\Dev2.Activities.csproj]
C:\Users\ultra\warewolf\Dev\Dev2.Activities\WorkflowConverters\SwitchActivityDataHelper.cs(34,25): warning CS8632: The annotation for nullable reference types should only be used in code within a '#nullable' annotations context. [C:\Users\ultra\warewolf\Dev\Dev2.Activities\Dev2.Activities.csproj]
C:\Users\ultra\warewolf\Dev\Dev2.Activities\WorkflowConverters\SwitchActivityDataHelper.cs(35,25): warning CS8632: The annotation for nullable reference types should only be used in code within a '#nullable' annotations context. [C:\Users\ultra\warewolf\Dev\Dev2.Activities\Dev2.Activities.csproj]
C:\Users\ultra\warewolf\Dev\Dev2.Activities\WorkflowConverters\SwitchActivityDataHelper.cs(36,25): warning CS8632: The annotation for nullable reference types should only be used in code within a '#nullable' annotations context. [C:\Users\ultra\warewolf\Dev\Dev2.Activities\Dev2.Activities.csproj]
C:\Users\ultra\warewolf\Dev\Dev2.Activities\WorkflowConverters\SwitchActivityDataHelper.cs(37,25): warning CS8632: The annotation for nullable reference types should only be used in code within a '#nullable' annotations context. [C:\Users\ultra\warewolf\Dev\Dev2.Activities\Dev2.Activities.csproj]
C:\Users\ultra\warewolf\Dev\Dev2.Activities\WorkflowConverters\SwitchActivityDataHelper.cs(108,19): warning CS8632: The annotation for nullable reference types should only be used in code within a '#nullable' annotations context. [C:\Users\ultra\warewolf\Dev\Dev2.Activities\Dev2.Activities.csproj]
C:\Users\ultra\warewolf\Dev\Dev2.Activities\WorkflowConverters\ActivityPropertiesReaderHelper.cs(60,59): warning CS8632: The annotation for nullable reference types should only be used in code within a '#nullable' annotations context. [C:\Users\ultra\warewolf\Dev\Dev2.Activities\Dev2.Activities.csproj]
C:\Users\ultra\warewolf\Dev\Dev2.Activities\Activities\GateActivity.cs(733,24): warning CC0022: WarewolfListIterator should be disposed. (https://code-cracker.github.io/diagnostics/CC0022.html) [C:\Users\ultra\warewolf\Dev\Dev2.Activities\Dev2.Activities.csproj]
C:\Users\ultra\warewolf\Dev\Dev2.Activities\Activities\GateActivity.cs(639,21): warning CC0003: Consider adding an Exception to the catch. (https://code-cracker.github.io/diagnostics/CC0003.html) [C:\Users\ultra\warewolf\Dev\Dev2.Activities\Dev2.Activities.csproj]
C:\Users\ultra\warewolf\Dev\Dev2.Activities\Activities\GateActivity.cs(656,21): warning CC0003: Consider adding an Exception to the catch. (https://code-cracker.github.io/diagnostics/CC0003.html) [C:\Users\ultra\warewolf\Dev\Dev2.Activities\Dev2.Activities.csproj]
C:\Users\ultra\warewolf\Dev\Dev2.Activities\Activities\WebPostActivity.cs(238,28): warning CC0022: WarewolfListIterator should be disposed. (https://code-cracker.github.io/diagnostics/CC0022.html) [C:\Users\ultra\warewolf\Dev\Dev2.Activities\Dev2.Activities.csproj]
C:\Users\ultra\warewolf\Dev\Dev2.Activities\Activities\WebPostActivityNew.cs(281,28): warning CC0022: WarewolfListIterator should be disposed. (https://code-cracker.github.io/diagnostics/CC0022.html) [C:\Users\ultra\warewolf\Dev\Dev2.Activities\Dev2.Activities.csproj]
C:\Users\ultra\warewolf\Dev\Dev2.Activities\WorkflowConverters\X6ToWorkflowConverter.cs(375,13): warning CC0003: Consider adding an Exception to the catch. (https://code-cracker.github.io/diagnostics/CC0003.html) [C:\Users\ultra\warewolf\Dev\Dev2.Activities\Dev2.Activities.csproj]
C:\Users\ultra\warewolf\Dev\Dev2.Activities\WorkflowConverters\X6ToWorkflowConverter.cs(833,17): warning CC0120: Consider put an default clause in Switch. (https://code-cracker.github.io/diagnostics/CC0120.html) [C:\Users\ultra\warewolf\Dev\Dev2.Activities\Dev2.Activities.csproj]
C:\Users\ultra\warewolf\Dev\Dev2.Activities\WorkflowConverters\X6ToWorkflowConverter.cs(958,13): warning CC0004: Empty Catch Block. (https://code-cracker.github.io/diagnostics/CC0004.html) [C:\Users\ultra\warewolf\Dev\Dev2.Activities\Dev2.Activities.csproj]
C:\Users\ultra\warewolf\Dev\Dev2.Activities\Activities\PathOperations\FileWriteActivity.cs(54,26): warning CC0022: WarewolfListIterator should be disposed. (https://code-cracker.github.io/diagnostics/CC0022.html) [C:\Users\ultra\warewolf\Dev\Dev2.Activities\Dev2.Activities.csproj]
C:\Users\ultra\warewolf\Dev\Dev2.Activities\Activities\DsfWebActivityBase.cs(136,96): warning CC0022: StringContent should be disposed. (https://code-cracker.github.io/diagnostics/CC0022.html) [C:\Users\ultra\warewolf\Dev\Dev2.Activities\Dev2.Activities.csproj]
C:\Users\ultra\warewolf\Dev\Dev2.Activities\Activities\DsfWebActivityBase.cs(158,42): warning CC0022: StreamReader should be disposed. (https://code-cracker.github.io/diagnostics/CC0022.html) [C:\Users\ultra\warewolf\Dev\Dev2.Activities\Dev2.Activities.csproj]
C:\Users\ultra\warewolf\Dev\Dev2.Activities\Activities\DsfWebActivityBase.cs(175,35): warning CC0022: ByteArrayContent should be disposed. (https://code-cracker.github.io/diagnostics/CC0022.html) [C:\Users\ultra\warewolf\Dev\Dev2.Activities\Dev2.Activities.csproj]
C:\Users\ultra\warewolf\Dev\Dev2.Activities\Activities\DsfWebActivityBase.cs(184,31): warning CC0022: StringContent should be disposed. (https://code-cracker.github.io/diagnostics/CC0022.html) [C:\Users\ultra\warewolf\Dev\Dev2.Activities\Dev2.Activities.csproj]
C:\Users\ultra\warewolf\Dev\Dev2.Activities\WorkflowConverters\WorkflowToX6Converter.cs(567,13): warning CC0105: Use 'var' instead of specifying the type name. (https://code-cracker.github.io/diagnostics/CC0105.html) [C:\Users\ultra\warewolf\Dev\Dev2.Activities\Dev2.Activities.csproj]
C:\Users\ultra\warewolf\Dev\Dev2.Activities\WorkflowConverters\WorkflowToX6Converter.cs(998,13): warning CC0004: Empty Catch Block. (https://code-cracker.github.io/diagnostics/CC0004.html) [C:\Users\ultra\warewolf\Dev\Dev2.Activities\Dev2.Activities.csproj]
C:\Users\ultra\warewolf\Dev\Dev2.Activities\WorkflowConverters\WorkflowToX6Converter.cs(1376,17): warning CC0004: Empty Catch Block. (https://code-cracker.github.io/diagnostics/CC0004.html) [C:\Users\ultra\warewolf\Dev\Dev2.Activities\Dev2.Activities.csproj]
C:\Users\ultra\warewolf\Dev\Dev2.Activities\WorkflowConverters\WorkflowToX6Converter.cs(1365,13): warning CC0006: You can use foreach instead of for. (https://code-cracker.github.io/diagnostics/CC0006.html) [C:\Users\ultra\warewolf\Dev\Dev2.Activities\Dev2.Activities.csproj]
C:\Users\ultra\warewolf\Dev\Dev2.Activities\Activities\GetSystemInformationHelper.cs(95,36): warning CA1416: This call site is reachable on all platforms. 'ManagementBaseObject.GetPropertyValue(string)' is only supported on: 'windows'. (https://learn.microsoft.com/dotnet/fundamentals/code-analysis/quality-rules/ca1416) [C:\Users\ultra\warewolf\Dev\Dev2.Activities\Dev2.Activities.csproj]
C:\Users\ultra\warewolf\Dev\Dev2.Activities\Activities\GetSystemInformationHelper.cs(327,28): warning CA1416: This call site is reachable on all platforms. 'ManagementObjectSearcher' is only supported on: 'windows'. (https://learn.microsoft.com/dotnet/fundamentals/code-analysis/quality-rules/ca1416) [C:\Users\ultra\warewolf\Dev\Dev2.Activities\Dev2.Activities.csproj]
C:\Users\ultra\warewolf\Dev\Dev2.Activities\Activities\GetSystemInformationHelper.cs(332,60): warning CA1416: This call site is reachable on all platforms. 'ManagementBaseObject.this[string]' is only supported on: 'windows'. (https://learn.microsoft.com/dotnet/fundamentals/code-analysis/quality-rules/ca1416) [C:\Users\ultra\warewolf\Dev\Dev2.Activities\Dev2.Activities.csproj]
C:\Users\ultra\warewolf\Dev\Dev2.Activities\Activities\GetSystemInformationHelper.cs(329,31): warning CA1416: This call site is reachable on all platforms. 'ManagementObjectSearcher.Get()' is only supported on: 'windows'. (https://learn.microsoft.com/dotnet/fundamentals/code-analysis/quality-rules/ca1416) [C:\Users\ultra\warewolf\Dev\Dev2.Activities\Dev2.Activities.csproj]
C:\Users\ultra\warewolf\Dev\Dev2.Activities\Activities\GetSystemInformationHelper.cs(326,28): warning CA1416: This call site is reachable on all platforms. 'ObjectQuery' is only supported on: 'windows'. (https://learn.microsoft.com/dotnet/fundamentals/code-analysis/quality-rules/ca1416) [C:\Users\ultra\warewolf\Dev\Dev2.Activities\Dev2.Activities.csproj]
C:\Users\ultra\warewolf\Dev\Dev2.Activities\Activities\GetSystemInformationHelper.cs(346,58): warning CA1416: This call site is reachable on all platforms. 'ManagementBaseObject.this[string]' is only supported on: 'windows'. (https://learn.microsoft.com/dotnet/fundamentals/code-analysis/quality-rules/ca1416) [C:\Users\ultra\warewolf\Dev\Dev2.Activities\Dev2.Activities.csproj]
C:\Users\ultra\warewolf\Dev\Dev2.Activities\Activities\GetSystemInformationHelper.cs(345,53): warning CA1416: This call site is reachable on all platforms. 'ManagementBaseObject.this[string]' is only supported on: 'windows'. (https://learn.microsoft.com/dotnet/fundamentals/code-analysis/quality-rules/ca1416) [C:\Users\ultra\warewolf\Dev\Dev2.Activities\Dev2.Activities.csproj]
C:\Users\ultra\warewolf\Dev\Dev2.Activities\Activities\GetSystemInformationHelper.cs(340,28): warning CA1416: This call site is reachable on all platforms. 'ObjectQuery' is only supported on: 'windows'. (https://learn.microsoft.com/dotnet/fundamentals/code-analysis/quality-rules/ca1416) [C:\Users\ultra\warewolf\Dev\Dev2.Activities\Dev2.Activities.csproj]
C:\Users\ultra\warewolf\Dev\Dev2.Activities\Activities\GetSystemInformationHelper.cs(342,31): warning CA1416: This call site is reachable on all platforms. 'ManagementObjectSearcher.Get()' is only supported on: 'windows'. (https://learn.microsoft.com/dotnet/fundamentals/code-analysis/quality-rules/ca1416) [C:\Users\ultra\warewolf\Dev\Dev2.Activities\Dev2.Activities.csproj]
C:\Users\ultra\warewolf\Dev\Dev2.Activities\Activities\GetSystemInformationHelper.cs(341,28): warning CA1416: This call site is reachable on all platforms. 'ManagementObjectSearcher' is only supported on: 'windows'. (https://learn.microsoft.com/dotnet/fundamentals/code-analysis/quality-rules/ca1416) [C:\Users\ultra\warewolf\Dev\Dev2.Activities\Dev2.Activities.csproj]
C:\Users\ultra\warewolf\Dev\Dev2.Activities\Activities\GetSystemInformationHelper.cs(372,17): warning CA1416: This call site is reachable on all platforms. 'WindowsIdentity.Groups' is only supported on: 'windows'. (https://learn.microsoft.com/dotnet/fundamentals/code-analysis/quality-rules/ca1416) [C:\Users\ultra\warewolf\Dev\Dev2.Activities\Dev2.Activities.csproj]
C:\Users\ultra\warewolf\Dev\Dev2.Activities\Activities\GetSystemInformationHelper.cs(374,37): warning CA1416: This call site is reachable on all platforms. 'WindowsIdentity.Groups' is only supported on: 'windows'. (https://learn.microsoft.com/dotnet/fundamentals/code-analysis/quality-rules/ca1416) [C:\Users\ultra\warewolf\Dev\Dev2.Activities\Dev2.Activities.csproj]
C:\Users\ultra\warewolf\Dev\Dev2.Activities\Activities\GetSystemInformationHelper.cs(370,92): warning CA1416: This call site is reachable on all platforms. 'WindowsIdentity.GetCurrent()' is only supported on: 'windows'. (https://learn.microsoft.com/dotnet/fundamentals/code-analysis/quality-rules/ca1416) [C:\Users\ultra\warewolf\Dev\Dev2.Activities\Dev2.Activities.csproj]
C:\Users\ultra\warewolf\Dev\Dev2.Activities\Activities\GetSystemInformationHelper.cs(387,28): warning CA1416: This call site is reachable on all platforms. 'IdentityReference.Value' is only supported on: 'windows'. (https://learn.microsoft.com/dotnet/fundamentals/code-analysis/quality-rules/ca1416) [C:\Users\ultra\warewolf\Dev\Dev2.Activities\Dev2.Activities.csproj]
C:\Users\ultra\warewolf\Dev\Dev2.Activities\Activities\GetSystemInformationHelper.cs(397,49): warning CA1416: This call site is reachable on all platforms. 'ManagementBaseObject.this[string]' is only supported on: 'windows'. (https://learn.microsoft.com/dotnet/fundamentals/code-analysis/quality-rules/ca1416) [C:\Users\ultra\warewolf\Dev\Dev2.Activities\Dev2.Activities.csproj]
C:\Users\ultra\warewolf\Dev\Dev2.Activities\Activities\GetSystemInformationHelper.cs(394,35): warning CA1416: This call site is reachable on all platforms. 'ManagementObjectSearcher.Get()' is only supported on: 'windows'. (https://learn.microsoft.com/dotnet/fundamentals/code-analysis/quality-rules/ca1416) [C:\Users\ultra\warewolf\Dev\Dev2.Activities\Dev2.Activities.csproj]
C:\Users\ultra\warewolf\Dev\Dev2.Activities\Activities\GetSystemInformationHelper.cs(393,32): warning CA1416: This call site is reachable on all platforms. 'ManagementObjectSearcher' is only supported on: 'windows'. (https://learn.microsoft.com/dotnet/fundamentals/code-analysis/quality-rules/ca1416) [C:\Users\ultra\warewolf\Dev\Dev2.Activities\Dev2.Activities.csproj]
C:\Users\ultra\warewolf\Dev\Dev2.Activities\Activities\GetSystemInformationHelper.cs(392,90): warning CA1416: This call site is reachable on all platforms. 'IdentityReference.Value' is only supported on: 'windows'. (https://learn.microsoft.com/dotnet/fundamentals/code-analysis/quality-rules/ca1416) [C:\Users\ultra\warewolf\Dev\Dev2.Activities\Dev2.Activities.csproj]
C:\Users\ultra\warewolf\Dev\Dev2.Activities\Activities\GetSystemInformationHelper.cs(392,32): warning CA1416: This call site is reachable on all platforms. 'ObjectQuery' is only supported on: 'windows'. (https://learn.microsoft.com/dotnet/fundamentals/code-analysis/quality-rules/ca1416) [C:\Users\ultra\warewolf\Dev\Dev2.Activities\Dev2.Activities.csproj]
C:\Users\ultra\warewolf\Dev\Dev2.Activities\Activities\GetSystemInformationHelper.cs(386,39): warning CA1416: This call site is reachable on all platforms. 'IdentityReference.Translate(Type)' is only supported on: 'windows'. (https://learn.microsoft.com/dotnet/fundamentals/code-analysis/quality-rules/ca1416) [C:\Users\ultra\warewolf\Dev\Dev2.Activities\Dev2.Activities.csproj]
C:\Users\ultra\warewolf\Dev\Dev2.Activities\Activities\GetSystemInformationHelper.cs(426,32): warning CA1416: This call site is reachable on all platforms. 'ObjectQuery' is only supported on: 'windows'. (https://learn.microsoft.com/dotnet/fundamentals/code-analysis/quality-rules/ca1416) [C:\Users\ultra\warewolf\Dev\Dev2.Activities\Dev2.Activities.csproj]
C:\Users\ultra\warewolf\Dev\Dev2.Activities\Activities\GetSystemInformationHelper.cs(427,32): warning CA1416: This call site is reachable on all platforms. 'ManagementObjectSearcher' is only supported on: 'windows'. (https://learn.microsoft.com/dotnet/fundamentals/code-analysis/quality-rules/ca1416) [C:\Users\ultra\warewolf\Dev\Dev2.Activities\Dev2.Activities.csproj]
C:\Users\ultra\warewolf\Dev\Dev2.Activities\Activities\GetSystemInformationHelper.cs(431,57): warning CA1416: This call site is reachable on all platforms. 'ManagementBaseObject.this[string]' is only supported on: 'windows'. (https://learn.microsoft.com/dotnet/fundamentals/code-analysis/quality-rules/ca1416) [C:\Users\ultra\warewolf\Dev\Dev2.Activities\Dev2.Activities.csproj]
C:\Users\ultra\warewolf\Dev\Dev2.Activities\Activities\GetSystemInformationHelper.cs(428,35): warning CA1416: This call site is reachable on all platforms. 'ManagementObjectSearcher.Get()' is only supported on: 'windows'. (https://learn.microsoft.com/dotnet/fundamentals/code-analysis/quality-rules/ca1416) [C:\Users\ultra\warewolf\Dev\Dev2.Activities\Dev2.Activities.csproj]
  Dev2.Activities -> C:\Users\ultra\warewolf\Dev\Dev2.Activities\bin\Debug\net8.0\Dev2.Activities.dll
C:\Program Files\dotnet\sdk\10.0.201\Microsoft.Common.CurrentVersion.targets(2451,5): warning MSB3277: Found conflicts between different versions of "WindowsBase" that could not be resolved. [C:\Users\ultra\warewolf\Dev\Dev2.Runtime\Dev2.Runtime.csproj]
C:\Program Files\dotnet\sdk\10.0.201\Microsoft.Common.CurrentVersion.targets(2451,5): warning MSB3277: There was a conflict between "WindowsBase, Version=4.0.0.0, Culture=neutral, PublicKeyToken=31bf3856ad364e35" and "WindowsBase, Version=6.0.2.0, Culture=neutral, PublicKeyToken=31bf3856ad364e35". [C:\Users\ultra\warewolf\Dev\Dev2.Runtime\Dev2.Runtime.csproj]
C:\Program Files\dotnet\sdk\10.0.201\Microsoft.Common.CurrentVersion.targets(2451,5): warning MSB3277:     "WindowsBase, Version=4.0.0.0, Culture=neutral, PublicKeyToken=31bf3856ad364e35" was chosen because it was primary and "WindowsBase, Version=6.0.2.0, Culture=neutral, PublicKeyToken=31bf3856ad364e35" was not. [C:\Users\ultra\warewolf\Dev\Dev2.Runtime\Dev2.Runtime.csproj]
C:\Program Files\dotnet\sdk\10.0.201\Microsoft.Common.CurrentVersion.targets(2451,5): warning MSB3277:     References which depend on "WindowsBase, Version=4.0.0.0, Culture=neutral, PublicKeyToken=31bf3856ad364e35" [C:\Program Files\dotnet\packs\Microsoft.NETCore.App.Ref\8.0.25\ref\net8.0\WindowsBase.dll]. [C:\Users\ultra\warewolf\Dev\Dev2.Runtime\Dev2.Runtime.csproj]
C:\Program Files\dotnet\sdk\10.0.201\Microsoft.Common.CurrentVersion.targets(2451,5): warning MSB3277:         C:\Program Files\dotnet\packs\Microsoft.NETCore.App.Ref\8.0.25\ref\net8.0\WindowsBase.dll [C:\Users\ultra\warewolf\Dev\Dev2.Runtime\Dev2.Runtime.csproj]
C:\Program Files\dotnet\sdk\10.0.201\Microsoft.Common.CurrentVersion.targets(2451,5): warning MSB3277:           Project file item includes which caused reference "C:\Program Files\dotnet\packs\Microsoft.NETCore.App.Ref\8.0.25\ref\net8.0\WindowsBase.dll". [C:\Users\ultra\warewolf\Dev\Dev2.Runtime\Dev2.Runtime.csproj]
C:\Program Files\dotnet\sdk\10.0.201\Microsoft.Common.CurrentVersion.targets(2451,5): warning MSB3277:             C:\Program Files\dotnet\packs\Microsoft.NETCore.App.Ref\8.0.25\ref/net8.0/WindowsBase.dll [C:\Users\ultra\warewolf\Dev\Dev2.Runtime\Dev2.Runtime.csproj]
C:\Program Files\dotnet\sdk\10.0.201\Microsoft.Common.CurrentVersion.targets(2451,5): warning MSB3277:     References which depend on or have been unified to "WindowsBase, Version=6.0.2.0, Culture=neutral, PublicKeyToken=31bf3856ad364e35" []. [C:\Users\ultra\warewolf\Dev\Dev2.Runtime\Dev2.Runtime.csproj]
C:\Program Files\dotnet\sdk\10.0.201\Microsoft.Common.CurrentVersion.targets(2451,5): warning MSB3277:         C:\Users\ultra\.nuget\packages\caliburn.micro\4.0.212\lib\netcoreapp3.1\Caliburn.Micro.Platform.dll [C:\Users\ultra\warewolf\Dev\Dev2.Runtime\Dev2.Runtime.csproj]
C:\Program Files\dotnet\sdk\10.0.201\Microsoft.Common.CurrentVersion.targets(2451,5): warning MSB3277:           Project file item includes which caused reference "C:\Users\ultra\.nuget\packages\caliburn.micro\4.0.212\lib\netcoreapp3.1\Caliburn.Micro.Platform.dll". [C:\Users\ultra\warewolf\Dev\Dev2.Runtime\Dev2.Runtime.csproj]
C:\Program Files\dotnet\sdk\10.0.201\Microsoft.Common.CurrentVersion.targets(2451,5): warning MSB3277:             C:\Users\ultra\.nuget\packages\caliburn.micro\4.0.212\lib\netcoreapp3.1\Caliburn.Micro.Platform.dll [C:\Users\ultra\warewolf\Dev\Dev2.Runtime\Dev2.Runtime.csproj]
C:\Program Files\dotnet\sdk\10.0.201\Microsoft.Common.CurrentVersion.targets(2451,5): warning MSB3277:         C:\Users\ultra\.nuget\packages\ironpython\3.4.0\lib\net6.0\IronPython.Wpf.dll [C:\Users\ultra\warewolf\Dev\Dev2.Runtime\Dev2.Runtime.csproj]
C:\Program Files\dotnet\sdk\10.0.201\Microsoft.Common.CurrentVersion.targets(2451,5): warning MSB3277:           Project file item includes which caused reference "C:\Users\ultra\.nuget\packages\ironpython\3.4.0\lib\net6.0\IronPython.Wpf.dll". [C:\Users\ultra\warewolf\Dev\Dev2.Runtime\Dev2.Runtime.csproj]
C:\Program Files\dotnet\sdk\10.0.201\Microsoft.Common.CurrentVersion.targets(2451,5): warning MSB3277:             C:\Users\ultra\.nuget\packages\ironpython\3.4.0\lib\net6.0\IronPython.Wpf.dll [C:\Users\ultra\warewolf\Dev\Dev2.Runtime\Dev2.Runtime.csproj]
C:\Program Files\dotnet\sdk\10.0.201\Microsoft.Common.CurrentVersion.targets(2451,5): warning MSB3277:         C:\Users\ultra\.nuget\packages\microsoft.xaml.behaviors.wpf\1.1.19\lib\netcoreapp3.0\Microsoft.Xaml.Behaviors.dll [C:\Users\ultra\warewolf\Dev\Dev2.Runtime\Dev2.Runtime.csproj]
C:\Program Files\dotnet\sdk\10.0.201\Microsoft.Common.CurrentVersion.targets(2451,5): warning MSB3277:           Project file item includes which caused reference "C:\Users\ultra\.nuget\packages\microsoft.xaml.behaviors.wpf\1.1.19\lib\netcoreapp3.0\Microsoft.Xaml.Behaviors.dll". [C:\Users\ultra\warewolf\Dev\Dev2.Runtime\Dev2.Runtime.csproj]
C:\Program Files\dotnet\sdk\10.0.201\Microsoft.Common.CurrentVersion.targets(2451,5): warning MSB3277:             C:\Users\ultra\.nuget\packages\microsoft.xaml.behaviors.wpf\1.1.19\lib\netcoreapp3.0\Microsoft.Xaml.Behaviors.dll [C:\Users\ultra\warewolf\Dev\Dev2.Runtime\Dev2.Runtime.csproj]
C:\Program Files\dotnet\sdk\10.0.201\Microsoft.Common.CurrentVersion.targets(2451,5): warning MSB3277:             C:\Users\ultra\.nuget\packages\caliburn.micro\4.0.212\lib\netcoreapp3.1\Caliburn.Micro.Platform.dll [C:\Users\ultra\warewolf\Dev\Dev2.Runtime\Dev2.Runtime.csproj]
C:\Program Files\dotnet\sdk\10.0.201\Microsoft.Common.CurrentVersion.targets(2451,5): warning MSB3277:         C:\Users\ultra\.nuget\packages\reactiveui.wpf\18.4.1\lib\net462\ReactiveUI.Wpf.dll [C:\Users\ultra\warewolf\Dev\Dev2.Runtime\Dev2.Runtime.csproj]
C:\Program Files\dotnet\sdk\10.0.201\Microsoft.Common.CurrentVersion.targets(2451,5): warning MSB3277:           Project file item includes which caused reference "C:\Users\ultra\.nuget\packages\reactiveui.wpf\18.4.1\lib\net462\ReactiveUI.Wpf.dll". [C:\Users\ultra\warewolf\Dev\Dev2.Runtime\Dev2.Runtime.csproj]
C:\Program Files\dotnet\sdk\10.0.201\Microsoft.Common.CurrentVersion.targets(2451,5): warning MSB3277:             C:\Users\ultra\.nuget\packages\reactiveui.wpf\18.4.1\lib\net462\ReactiveUI.Wpf.dll [C:\Users\ultra\warewolf\Dev\Dev2.Runtime\Dev2.Runtime.csproj]
C:\Users\ultra\warewolf\Dev\Dev2.Runtime\ESB\Execution\RemoteWorkflowExecutionContainer.cs(235,35): warning SYSLIB0013: 'Uri.EscapeUriString(string)' is obsolete: 'Uri.EscapeUriString can corrupt the Uri string in some cases. Consider using Uri.EscapeDataString for query string components instead.' (https://aka.ms/dotnet-warnings/SYSLIB0013) [C:\Users\ultra\warewolf\Dev\Dev2.Runtime\Dev2.Runtime.csproj]
C:\Users\ultra\warewolf\Dev\Dev2.Runtime\ESB\Execution\RemoteWorkflowExecutionContainer.cs(301,39): warning SYSLIB0013: 'Uri.EscapeUriString(string)' is obsolete: 'Uri.EscapeUriString can corrupt the Uri string in some cases. Consider using Uri.EscapeDataString for query string components instead.' (https://aka.ms/dotnet-warnings/SYSLIB0013) [C:\Users\ultra\warewolf\Dev\Dev2.Runtime\Dev2.Runtime.csproj]
C:\Users\ultra\warewolf\Dev\Dev2.Runtime\ESB\WF\XamlActivityHelper.cs(66,13): warning CC0004: Empty Catch Block. (https://code-cracker.github.io/diagnostics/CC0004.html) [C:\Users\ultra\warewolf\Dev\Dev2.Runtime\Dev2.Runtime.csproj]
C:\Users\ultra\warewolf\Dev\Dev2.Runtime\ESB\Execution\WfExecutionContainer.cs(63,35): warning CC0067: Do not call overridable methods in constructors (https://code-cracker.github.io/diagnostics/CC0067.html) [C:\Users\ultra\warewolf\Dev\Dev2.Runtime\Dev2.Runtime.csproj]
C:\Users\ultra\warewolf\Dev\Dev2.Runtime\ESB\WF\XamlActivityHelper.cs(133,13): warning CC0004: Empty Catch Block. (https://code-cracker.github.io/diagnostics/CC0004.html) [C:\Users\ultra\warewolf\Dev\Dev2.Runtime\Dev2.Runtime.csproj]
C:\Users\ultra\warewolf\Dev\Dev2.Runtime\ESB\Execution\WfExecutionContainer.cs(774,37): warning CC0022: StateAuditLogger should be disposed. (https://code-cracker.github.io/diagnostics/CC0022.html) [C:\Users\ultra\warewolf\Dev\Dev2.Runtime\Dev2.Runtime.csproj]
C:\Users\ultra\warewolf\Dev\Dev2.Runtime\ESB\WF\XamlActivityHelper.cs(240,43): warning CC0057: Parameter 'instance' is not used. (https://code-cracker.github.io/diagnostics/CC0057.html) [C:\Users\ultra\warewolf\Dev\Dev2.Runtime\Dev2.Runtime.csproj]
C:\Users\ultra\warewolf\Dev\Dev2.Runtime\ESB\Execution\WfExecutionContainer.cs(578,33): warning CC0003: Consider adding an Exception to the catch. (https://code-cracker.github.io/diagnostics/CC0003.html) [C:\Users\ultra\warewolf\Dev\Dev2.Runtime\Dev2.Runtime.csproj]
C:\Users\ultra\warewolf\Dev\Dev2.Runtime\ESB\WF\XamlActivityHelper.cs(179,17): warning CC0004: Empty Catch Block. (https://code-cracker.github.io/diagnostics/CC0004.html) [C:\Users\ultra\warewolf\Dev\Dev2.Runtime\Dev2.Runtime.csproj]
C:\Users\ultra\warewolf\Dev\Dev2.Runtime\ESB\WF\XamlActivityHelper.cs(230,17): warning CC0004: Empty Catch Block. (https://code-cracker.github.io/diagnostics/CC0004.html) [C:\Users\ultra\warewolf\Dev\Dev2.Runtime\Dev2.Runtime.csproj]
C:\Users\ultra\warewolf\Dev\Dev2.Runtime\ESB\Execution\WfExecutionContainer.cs(819,17): warning CC0004: Empty Catch Block. (https://code-cracker.github.io/diagnostics/CC0004.html) [C:\Users\ultra\warewolf\Dev\Dev2.Runtime\Dev2.Runtime.csproj]
C:\Users\ultra\warewolf\Dev\Dev2.Runtime\ESB\Execution\WfExecutionContainer.cs(864,21): warning CC0004: Empty Catch Block. (https://code-cracker.github.io/diagnostics/CC0004.html) [C:\Users\ultra\warewolf\Dev\Dev2.Runtime\Dev2.Runtime.csproj]
  Dev2.Runtime -> C:\Users\ultra\warewolf\Dev\Dev2.Runtime\bin\Debug\net8.0\Dev2.Runtime.dll
C:\Users\ultra\warewolf\Dev\Dev2.Studio.Core\Activities\Services\DesignerManagementService.cs(75,13): warning CS0618: 'EventAggregatorExtensions.Subscribe(IEventAggregator, object)' is obsolete: 'Use SubscribeOnPublishedThread' [C:\Users\ultra\warewolf\Dev\Dev2.Studio.Core\Dev2.Studio.Core.csproj]
C:\Users\ultra\warewolf\Dev\Dev2.Studio.Core\AppResources\Converters\NullableBoolToBoolConverter.cs(31,45): warning CC0057: Parameter 'targetType' is not used. (https://code-cracker.github.io/diagnostics/CC0057.html) [C:\Users\ultra\warewolf\Dev\Dev2.Studio.Core\Dev2.Studio.Core.csproj]
C:\Users\ultra\warewolf\Dev\Dev2.Studio.Core\AppResources\Converters\NullableBoolToBoolConverter.cs(31,62): warning CC0057: Parameter 'parameter' is not used. (https://code-cracker.github.io/diagnostics/CC0057.html) [C:\Users\ultra\warewolf\Dev\Dev2.Studio.Core\Dev2.Studio.Core.csproj]
C:\Users\ultra\warewolf\Dev\Dev2.Studio.Core\AppResources\Converters\NullableBoolToBoolConverter.cs(31,80): warning CC0057: Parameter 'culture' is not used. (https://code-cracker.github.io/diagnostics/CC0057.html) [C:\Users\ultra\warewolf\Dev\Dev2.Studio.Core\Dev2.Studio.Core.csproj]
C:\Users\ultra\warewolf\Dev\Dev2.Studio.Core\AppResources\Converters\NullableBoolToBoolConverter.cs(41,23): warning CC0057: Parameter 'value' is not used. (https://code-cracker.github.io/diagnostics/CC0057.html) [C:\Users\ultra\warewolf\Dev\Dev2.Studio.Core\Dev2.Studio.Core.csproj]
C:\Users\ultra\warewolf\Dev\Dev2.Studio.Core\AppResources\Converters\NullableBoolToBoolConverter.cs(41,37): warning CC0057: Parameter 'targetType' is not used. (https://code-cracker.github.io/diagnostics/CC0057.html) [C:\Users\ultra\warewolf\Dev\Dev2.Studio.Core\Dev2.Studio.Core.csproj]
C:\Users\ultra\warewolf\Dev\Dev2.Studio.Core\AppResources\Converters\NullableBoolToBoolConverter.cs(41,54): warning CC0057: Parameter 'parameter' is not used. (https://code-cracker.github.io/diagnostics/CC0057.html) [C:\Users\ultra\warewolf\Dev\Dev2.Studio.Core\Dev2.Studio.Core.csproj]
C:\Users\ultra\warewolf\Dev\Dev2.Studio.Core\AppResources\Converters\NullableBoolToBoolConverter.cs(41,72): warning CC0057: Parameter 'culture' is not used. (https://code-cracker.github.io/diagnostics/CC0057.html) [C:\Users\ultra\warewolf\Dev\Dev2.Studio.Core\Dev2.Studio.Core.csproj]
C:\Users\ultra\warewolf\Dev\Dev2.Studio.Core\AppResources\Converters\ModelItemToActivityConverter.cs(31,42): warning CC0057: Parameter 'targetType' is not used. (https://code-cracker.github.io/diagnostics/CC0057.html) [C:\Users\ultra\warewolf\Dev\Dev2.Studio.Core\Dev2.Studio.Core.csproj]
C:\Users\ultra\warewolf\Dev\Dev2.Studio.Core\AppResources\Converters\ModelItemToActivityConverter.cs(31,59): warning CC0057: Parameter 'parameter' is not used. (https://code-cracker.github.io/diagnostics/CC0057.html) [C:\Users\ultra\warewolf\Dev\Dev2.Studio.Core\Dev2.Studio.Core.csproj]
C:\Users\ultra\warewolf\Dev\Dev2.Studio.Core\AppResources\Converters\ModelItemToActivityConverter.cs(31,77): warning CC0057: Parameter 'culture' is not used. (https://code-cracker.github.io/diagnostics/CC0057.html) [C:\Users\ultra\warewolf\Dev\Dev2.Studio.Core\Dev2.Studio.Core.csproj]
C:\Users\ultra\warewolf\Dev\Dev2.Studio.Core\AppResources\Converters\ModelItemToActivityConverter.cs(45,46): warning CC0057: Parameter 'targetType' is not used. (https://code-cracker.github.io/diagnostics/CC0057.html) [C:\Users\ultra\warewolf\Dev\Dev2.Studio.Core\Dev2.Studio.Core.csproj]
C:\Users\ultra\warewolf\Dev\Dev2.Studio.Core\AppResources\Converters\ModelItemToActivityConverter.cs(45,81): warning CC0057: Parameter 'culture' is not used. (https://code-cracker.github.io/diagnostics/CC0057.html) [C:\Users\ultra\warewolf\Dev\Dev2.Studio.Core\Dev2.Studio.Core.csproj]
C:\Users\ultra\warewolf\Dev\Dev2.Studio.Core\Diagnostics\DebugStateTreeViewItemViewModel.cs(119,13): warning CC0105: Use 'var' instead of specifying the type name. (https://code-cracker.github.io/diagnostics/CC0105.html) [C:\Users\ultra\warewolf\Dev\Dev2.Studio.Core\Dev2.Studio.Core.csproj]
C:\Users\ultra\warewolf\Dev\Dev2.Studio.Core\DataList\Dev2TrieSuggestionProvider.cs(180,13): warning CC0004: Empty Catch Block. (https://code-cracker.github.io/diagnostics/CC0004.html) [C:\Users\ultra\warewolf\Dev\Dev2.Studio.Core\Dev2.Studio.Core.csproj]
  Dev2.Studio.Core -> C:\Users\ultra\warewolf\Dev\Dev2.Studio.Core\bin\Debug\net8.0\Dev2.Studio.Core.dll
  Warewolf.Common.Framework48 -> C:\Users\ultra\warewolf\Dev\Warewolf.Common.Framework48\bin\Debug\net8.0\Warewolf.Common.Framework48.dll
C:\Program Files\dotnet\sdk\10.0.201\Microsoft.Common.CurrentVersion.targets(2451,5): warning MSB3245: Could not resolve this reference. Could not locate the assembly "System.Web". Check to make sure the assembly exists on disk. If this reference is required by your code, you may get compilation errors. [C:\Users\ultra\warewolf\Dev\Dev2.Runtime.WebServer\Dev2.Runtime.WebServer.csproj]
C:\Program Files\dotnet\sdk\10.0.201\Microsoft.Common.CurrentVersion.targets(2451,5): warning MSB3243: No way to resolve conflict between "System.Web, Version=4.0.0.0, Culture=neutral, PublicKeyToken=b03f5f7f11d50a3a" and "System.Web". Choosing "System.Web, Version=4.0.0.0, Culture=neutral, PublicKeyToken=b03f5f7f11d50a3a" arbitrarily. [C:\Users\ultra\warewolf\Dev\Dev2.Runtime.WebServer\Dev2.Runtime.WebServer.csproj]
C:\Program Files\dotnet\sdk\10.0.201\Microsoft.Common.CurrentVersion.targets(2451,5): warning MSB3277: Found conflicts between different versions of "WindowsBase" that could not be resolved. [C:\Users\ultra\warewolf\Dev\Dev2.Runtime.WebServer\Dev2.Runtime.WebServer.csproj]
C:\Program Files\dotnet\sdk\10.0.201\Microsoft.Common.CurrentVersion.targets(2451,5): warning MSB3277: There was a conflict between "WindowsBase, Version=4.0.0.0, Culture=neutral, PublicKeyToken=31bf3856ad364e35" and "WindowsBase, Version=6.0.2.0, Culture=neutral, PublicKeyToken=31bf3856ad364e35". [C:\Users\ultra\warewolf\Dev\Dev2.Runtime.WebServer\Dev2.Runtime.WebServer.csproj]
C:\Program Files\dotnet\sdk\10.0.201\Microsoft.Common.CurrentVersion.targets(2451,5): warning MSB3277:     "WindowsBase, Version=4.0.0.0, Culture=neutral, PublicKeyToken=31bf3856ad364e35" was chosen because it was primary and "WindowsBase, Version=6.0.2.0, Culture=neutral, PublicKeyToken=31bf3856ad364e35" was not. [C:\Users\ultra\warewolf\Dev\Dev2.Runtime.WebServer\Dev2.Runtime.WebServer.csproj]
C:\Program Files\dotnet\sdk\10.0.201\Microsoft.Common.CurrentVersion.targets(2451,5): warning MSB3277:     References which depend on "WindowsBase, Version=4.0.0.0, Culture=neutral, PublicKeyToken=31bf3856ad364e35" [C:\Program Files\dotnet\packs\Microsoft.NETCore.App.Ref\8.0.25\ref\net8.0\WindowsBase.dll]. [C:\Users\ultra\warewolf\Dev\Dev2.Runtime.WebServer\Dev2.Runtime.WebServer.csproj]
C:\Program Files\dotnet\sdk\10.0.201\Microsoft.Common.CurrentVersion.targets(2451,5): warning MSB3277:         C:\Program Files\dotnet\packs\Microsoft.NETCore.App.Ref\8.0.25\ref\net8.0\WindowsBase.dll [C:\Users\ultra\warewolf\Dev\Dev2.Runtime.WebServer\Dev2.Runtime.WebServer.csproj]
C:\Program Files\dotnet\sdk\10.0.201\Microsoft.Common.CurrentVersion.targets(2451,5): warning MSB3277:           Project file item includes which caused reference "C:\Program Files\dotnet\packs\Microsoft.NETCore.App.Ref\8.0.25\ref\net8.0\WindowsBase.dll". [C:\Users\ultra\warewolf\Dev\Dev2.Runtime.WebServer\Dev2.Runtime.WebServer.csproj]
C:\Program Files\dotnet\sdk\10.0.201\Microsoft.Common.CurrentVersion.targets(2451,5): warning MSB3277:             C:\Program Files\dotnet\packs\Microsoft.NETCore.App.Ref\8.0.25\ref/net8.0/WindowsBase.dll [C:\Users\ultra\warewolf\Dev\Dev2.Runtime.WebServer\Dev2.Runtime.WebServer.csproj]
C:\Program Files\dotnet\sdk\10.0.201\Microsoft.Common.CurrentVersion.targets(2451,5): warning MSB3277:     References which depend on or have been unified to "WindowsBase, Version=6.0.2.0, Culture=neutral, PublicKeyToken=31bf3856ad364e35" []. [C:\Users\ultra\warewolf\Dev\Dev2.Runtime.WebServer\Dev2.Runtime.WebServer.csproj]
C:\Program Files\dotnet\sdk\10.0.201\Microsoft.Common.CurrentVersion.targets(2451,5): warning MSB3277:         C:\Users\ultra\.nuget\packages\caliburn.micro\4.0.212\lib\netcoreapp3.1\Caliburn.Micro.Platform.dll [C:\Users\ultra\warewolf\Dev\Dev2.Runtime.WebServer\Dev2.Runtime.WebServer.csproj]
C:\Program Files\dotnet\sdk\10.0.201\Microsoft.Common.CurrentVersion.targets(2451,5): warning MSB3277:           Project file item includes which caused reference "C:\Users\ultra\.nuget\packages\caliburn.micro\4.0.212\lib\netcoreapp3.1\Caliburn.Micro.Platform.dll". [C:\Users\ultra\warewolf\Dev\Dev2.Runtime.WebServer\Dev2.Runtime.WebServer.csproj]
C:\Program Files\dotnet\sdk\10.0.201\Microsoft.Common.CurrentVersion.targets(2451,5): warning MSB3277:             C:\Users\ultra\.nuget\packages\caliburn.micro\4.0.212\lib\netcoreapp3.1\Caliburn.Micro.Platform.dll [C:\Users\ultra\warewolf\Dev\Dev2.Runtime.WebServer\Dev2.Runtime.WebServer.csproj]
C:\Program Files\dotnet\sdk\10.0.201\Microsoft.Common.CurrentVersion.targets(2451,5): warning MSB3277:         C:\Users\ultra\.nuget\packages\ironpython\3.4.0\lib\net6.0\IronPython.Wpf.dll [C:\Users\ultra\warewolf\Dev\Dev2.Runtime.WebServer\Dev2.Runtime.WebServer.csproj]
C:\Program Files\dotnet\sdk\10.0.201\Microsoft.Common.CurrentVersion.targets(2451,5): warning MSB3277:           Project file item includes which caused reference "C:\Users\ultra\.nuget\packages\ironpython\3.4.0\lib\net6.0\IronPython.Wpf.dll". [C:\Users\ultra\warewolf\Dev\Dev2.Runtime.WebServer\Dev2.Runtime.WebServer.csproj]
C:\Program Files\dotnet\sdk\10.0.201\Microsoft.Common.CurrentVersion.targets(2451,5): warning MSB3277:             C:\Users\ultra\.nuget\packages\ironpython\3.4.0\lib\net6.0\IronPython.Wpf.dll [C:\Users\ultra\warewolf\Dev\Dev2.Runtime.WebServer\Dev2.Runtime.WebServer.csproj]
C:\Program Files\dotnet\sdk\10.0.201\Microsoft.Common.CurrentVersion.targets(2451,5): warning MSB3277:         C:\Users\ultra\.nuget\packages\microsoft.xaml.behaviors.wpf\1.1.122\lib\net462\Microsoft.Xaml.Behaviors.dll [C:\Users\ultra\warewolf\Dev\Dev2.Runtime.WebServer\Dev2.Runtime.WebServer.csproj]
C:\Program Files\dotnet\sdk\10.0.201\Microsoft.Common.CurrentVersion.targets(2451,5): warning MSB3277:           Project file item includes which caused reference "C:\Users\ultra\.nuget\packages\microsoft.xaml.behaviors.wpf\1.1.122\lib\net462\Microsoft.Xaml.Behaviors.dll". [C:\Users\ultra\warewolf\Dev\Dev2.Runtime.WebServer\Dev2.Runtime.WebServer.csproj]
C:\Program Files\dotnet\sdk\10.0.201\Microsoft.Common.CurrentVersion.targets(2451,5): warning MSB3277:             C:\Users\ultra\.nuget\packages\microsoft.xaml.behaviors.wpf\1.1.122\lib\net462\Microsoft.Xaml.Behaviors.dll [C:\Users\ultra\warewolf\Dev\Dev2.Runtime.WebServer\Dev2.Runtime.WebServer.csproj]
C:\Program Files\dotnet\sdk\10.0.201\Microsoft.Common.CurrentVersion.targets(2451,5): warning MSB3277:             C:\Users\ultra\.nuget\packages\caliburn.micro\4.0.212\lib\netcoreapp3.1\Caliburn.Micro.Platform.dll [C:\Users\ultra\warewolf\Dev\Dev2.Runtime.WebServer\Dev2.Runtime.WebServer.csproj]
C:\Program Files\dotnet\sdk\10.0.201\Microsoft.Common.CurrentVersion.targets(2451,5): warning MSB3277:             C:\Users\ultra\.nuget\packages\prism.wpf\9.0.537\lib\net462\Prism.Wpf.dll [C:\Users\ultra\warewolf\Dev\Dev2.Runtime.WebServer\Dev2.Runtime.WebServer.csproj]
C:\Program Files\dotnet\sdk\10.0.201\Microsoft.Common.CurrentVersion.targets(2451,5): warning MSB3277:         C:\Users\ultra\.nuget\packages\prism.wpf\9.0.537\lib\net462\Prism.Wpf.dll [C:\Users\ultra\warewolf\Dev\Dev2.Runtime.WebServer\Dev2.Runtime.WebServer.csproj]
C:\Program Files\dotnet\sdk\10.0.201\Microsoft.Common.CurrentVersion.targets(2451,5): warning MSB3277:           Project file item includes which caused reference "C:\Users\ultra\.nuget\packages\prism.wpf\9.0.537\lib\net462\Prism.Wpf.dll". [C:\Users\ultra\warewolf\Dev\Dev2.Runtime.WebServer\Dev2.Runtime.WebServer.csproj]
C:\Program Files\dotnet\sdk\10.0.201\Microsoft.Common.CurrentVersion.targets(2451,5): warning MSB3277:             C:\Users\ultra\.nuget\packages\prism.wpf\9.0.537\lib\net462\Prism.Wpf.dll [C:\Users\ultra\warewolf\Dev\Dev2.Runtime.WebServer\Dev2.Runtime.WebServer.csproj]
C:\Program Files\dotnet\sdk\10.0.201\Microsoft.Common.CurrentVersion.targets(2451,5): warning MSB3277:         C:\Users\ultra\.nuget\packages\reactiveui.wpf\18.4.1\lib\net462\ReactiveUI.Wpf.dll [C:\Users\ultra\warewolf\Dev\Dev2.Runtime.WebServer\Dev2.Runtime.WebServer.csproj]
C:\Program Files\dotnet\sdk\10.0.201\Microsoft.Common.CurrentVersion.targets(2451,5): warning MSB3277:           Project file item includes which caused reference "C:\Users\ultra\.nuget\packages\reactiveui.wpf\18.4.1\lib\net462\ReactiveUI.Wpf.dll". [C:\Users\ultra\warewolf\Dev\Dev2.Runtime.WebServer\Dev2.Runtime.WebServer.csproj]
C:\Program Files\dotnet\sdk\10.0.201\Microsoft.Common.CurrentVersion.targets(2451,5): warning MSB3277:             C:\Users\ultra\.nuget\packages\reactiveui.wpf\18.4.1\lib\net462\ReactiveUI.Wpf.dll [C:\Users\ultra\warewolf\Dev\Dev2.Runtime.WebServer\Dev2.Runtime.WebServer.csproj]
C:\Users\ultra\warewolf\Dev\Dev2.Runtime.WebServer\BasicAuthenticationHandler.cs(20,13): warning CS0618: 'ISystemClock' is obsolete: 'Use TimeProvider instead.' [C:\Users\ultra\warewolf\Dev\Dev2.Runtime.WebServer\Dev2.Runtime.WebServer.csproj]
C:\Users\ultra\warewolf\Dev\Dev2.Runtime.WebServer\AnonymousAuthenticationHandler.cs(15,9): warning CS0618: 'ISystemClock' is obsolete: 'Use TimeProvider instead.' [C:\Users\ultra\warewolf\Dev\Dev2.Runtime.WebServer\Dev2.Runtime.WebServer.csproj]
C:\Users\ultra\warewolf\Dev\Dev2.Runtime.WebServer\AnonymousAuthenticationHandler.cs(16,9): warning CS0618: 'AuthenticationHandler<AuthenticationSchemeOptions>.AuthenticationHandler(IOptionsMonitor<AuthenticationSchemeOptions>, ILoggerFactory, UrlEncoder, ISystemClock)' is obsolete: 'ISystemClock is obsolete, use TimeProvider on AuthenticationSchemeOptions instead.' [C:\Users\ultra\warewolf\Dev\Dev2.Runtime.WebServer\Dev2.Runtime.WebServer.csproj]
C:\Users\ultra\warewolf\Dev\Dev2.Runtime.WebServer\BasicAuthenticationHandler.cs(21,13): warning CS0618: 'AuthenticationHandler<AuthenticationSchemeOptions>.AuthenticationHandler(IOptionsMonitor<AuthenticationSchemeOptions>, ILoggerFactory, UrlEncoder, ISystemClock)' is obsolete: 'ISystemClock is obsolete, use TimeProvider on AuthenticationSchemeOptions instead.' [C:\Users\ultra\warewolf\Dev\Dev2.Runtime.WebServer\Dev2.Runtime.WebServer.csproj]
C:\Users\ultra\warewolf\Dev\Dev2.Runtime.WebServer\BasicAuthenticationHandler.cs(70,13): warning CC0003: Consider adding an Exception to the catch. (https://code-cracker.github.io/diagnostics/CC0003.html) [C:\Users\ultra\warewolf\Dev\Dev2.Runtime.WebServer\Dev2.Runtime.WebServer.csproj]
C:\Users\ultra\warewolf\Dev\Dev2.Runtime.WebServer\Executor\ExecutionDtoExtensions.cs(119,13): warning CC0105: Use 'var' instead of specifying the type name. (https://code-cracker.github.io/diagnostics/CC0105.html) [C:\Users\ultra\warewolf\Dev\Dev2.Runtime.WebServer\Dev2.Runtime.WebServer.csproj]
C:\Users\ultra\warewolf\Dev\Dev2.Runtime.WebServer\Handlers\GetLogFileServiceHandler.cs(129,21): warning CC0105: Use 'var' instead of specifying the type name. (https://code-cracker.github.io/diagnostics/CC0105.html) [C:\Users\ultra\warewolf\Dev\Dev2.Runtime.WebServer\Dev2.Runtime.WebServer.csproj]
C:\Users\ultra\warewolf\Dev\Dev2.Runtime.WebServer\ServiceTesting\ServiceTestCoverageModelHTMLResultBuilder.cs(138,13): warning CC0105: Use 'var' instead of specifying the type name. (https://code-cracker.github.io/diagnostics/CC0105.html) [C:\Users\ultra\warewolf\Dev\Dev2.Runtime.WebServer\Dev2.Runtime.WebServer.csproj]
C:\Users\ultra\warewolf\Dev\Dev2.Runtime.WebServer\ServiceTesting\ServiceTestCoverageModelHTMLResultBuilder.cs(139,13): warning CC0105: Use 'var' instead of specifying the type name. (https://code-cracker.github.io/diagnostics/CC0105.html) [C:\Users\ultra\warewolf\Dev\Dev2.Runtime.WebServer\Dev2.Runtime.WebServer.csproj]
C:\Users\ultra\warewolf\Dev\Dev2.Runtime.WebServer\ServiceTesting\ServiceTestModelJObjectResultBuilder.cs(101,13): warning CC0105: Use 'var' instead of specifying the type name. (https://code-cracker.github.io/diagnostics/CC0105.html) [C:\Users\ultra\warewolf\Dev\Dev2.Runtime.WebServer\Dev2.Runtime.WebServer.csproj]
  Dev2.Runtime.WebServer -> C:\Users\ultra\warewolf\Dev\Dev2.Runtime.WebServer\bin\Debug\net8.0\Dev2.Runtime.WebServer.dll
C:\Program Files\dotnet\sdk\10.0.201\Microsoft.Common.CurrentVersion.targets(2451,5): warning MSB3277: Found conflicts between different versions of "WindowsBase" that could not be resolved. [C:\Users\ultra\warewolf\Dev\Dev2.Infrastructure.Tests\Dev2.Infrastructure.Tests.csproj]
C:\Program Files\dotnet\sdk\10.0.201\Microsoft.Common.CurrentVersion.targets(2451,5): warning MSB3277: There was a conflict between "WindowsBase, Version=4.0.0.0, Culture=neutral, PublicKeyToken=31bf3856ad364e35" and "WindowsBase, Version=6.0.2.0, Culture=neutral, PublicKeyToken=31bf3856ad364e35". [C:\Users\ultra\warewolf\Dev\Dev2.Infrastructure.Tests\Dev2.Infrastructure.Tests.csproj]
C:\Program Files\dotnet\sdk\10.0.201\Microsoft.Common.CurrentVersion.targets(2451,5): warning MSB3277:     "WindowsBase, Version=4.0.0.0, Culture=neutral, PublicKeyToken=31bf3856ad364e35" was chosen because it was primary and "WindowsBase, Version=6.0.2.0, Culture=neutral, PublicKeyToken=31bf3856ad364e35" was not. [C:\Users\ultra\warewolf\Dev\Dev2.Infrastructure.Tests\Dev2.Infrastructure.Tests.csproj]
C:\Program Files\dotnet\sdk\10.0.201\Microsoft.Common.CurrentVersion.targets(2451,5): warning MSB3277:     References which depend on "WindowsBase, Version=4.0.0.0, Culture=neutral, PublicKeyToken=31bf3856ad364e35" [C:\Program Files\dotnet\packs\Microsoft.NETCore.App.Ref\8.0.25\ref\net8.0\WindowsBase.dll]. [C:\Users\ultra\warewolf\Dev\Dev2.Infrastructure.Tests\Dev2.Infrastructure.Tests.csproj]
C:\Program Files\dotnet\sdk\10.0.201\Microsoft.Common.CurrentVersion.targets(2451,5): warning MSB3277:         C:\Program Files\dotnet\packs\Microsoft.NETCore.App.Ref\8.0.25\ref\net8.0\WindowsBase.dll [C:\Users\ultra\warewolf\Dev\Dev2.Infrastructure.Tests\Dev2.Infrastructure.Tests.csproj]
C:\Program Files\dotnet\sdk\10.0.201\Microsoft.Common.CurrentVersion.targets(2451,5): warning MSB3277:           Project file item includes which caused reference "C:\Program Files\dotnet\packs\Microsoft.NETCore.App.Ref\8.0.25\ref\net8.0\WindowsBase.dll". [C:\Users\ultra\warewolf\Dev\Dev2.Infrastructure.Tests\Dev2.Infrastructure.Tests.csproj]
C:\Program Files\dotnet\sdk\10.0.201\Microsoft.Common.CurrentVersion.targets(2451,5): warning MSB3277:             C:\Program Files\dotnet\packs\Microsoft.NETCore.App.Ref\8.0.25\ref/net8.0/WindowsBase.dll [C:\Users\ultra\warewolf\Dev\Dev2.Infrastructure.Tests\Dev2.Infrastructure.Tests.csproj]
C:\Program Files\dotnet\sdk\10.0.201\Microsoft.Common.CurrentVersion.targets(2451,5): warning MSB3277:     References which depend on or have been unified to "WindowsBase, Version=6.0.2.0, Culture=neutral, PublicKeyToken=31bf3856ad364e35" []. [C:\Users\ultra\warewolf\Dev\Dev2.Infrastructure.Tests\Dev2.Infrastructure.Tests.csproj]
C:\Program Files\dotnet\sdk\10.0.201\Microsoft.Common.CurrentVersion.targets(2451,5): warning MSB3277:         C:\Users\ultra\.nuget\packages\caliburn.micro\4.0.212\lib\netcoreapp3.1\Caliburn.Micro.Platform.dll [C:\Users\ultra\warewolf\Dev\Dev2.Infrastructure.Tests\Dev2.Infrastructure.Tests.csproj]
C:\Program Files\dotnet\sdk\10.0.201\Microsoft.Common.CurrentVersion.targets(2451,5): warning MSB3277:           Project file item includes which caused reference "C:\Users\ultra\.nuget\packages\caliburn.micro\4.0.212\lib\netcoreapp3.1\Caliburn.Micro.Platform.dll". [C:\Users\ultra\warewolf\Dev\Dev2.Infrastructure.Tests\Dev2.Infrastructure.Tests.csproj]
C:\Program Files\dotnet\sdk\10.0.201\Microsoft.Common.CurrentVersion.targets(2451,5): warning MSB3277:             C:\Users\ultra\.nuget\packages\caliburn.micro\4.0.212\lib\netcoreapp3.1\Caliburn.Micro.Platform.dll [C:\Users\ultra\warewolf\Dev\Dev2.Infrastructure.Tests\Dev2.Infrastructure.Tests.csproj]
C:\Program Files\dotnet\sdk\10.0.201\Microsoft.Common.CurrentVersion.targets(2451,5): warning MSB3277:         C:\Users\ultra\.nuget\packages\ironpython\3.4.0\lib\net6.0\IronPython.Wpf.dll [C:\Users\ultra\warewolf\Dev\Dev2.Infrastructure.Tests\Dev2.Infrastructure.Tests.csproj]
C:\Program Files\dotnet\sdk\10.0.201\Microsoft.Common.CurrentVersion.targets(2451,5): warning MSB3277:           Project file item includes which caused reference "C:\Users\ultra\.nuget\packages\ironpython\3.4.0\lib\net6.0\IronPython.Wpf.dll". [C:\Users\ultra\warewolf\Dev\Dev2.Infrastructure.Tests\Dev2.Infrastructure.Tests.csproj]
C:\Program Files\dotnet\sdk\10.0.201\Microsoft.Common.CurrentVersion.targets(2451,5): warning MSB3277:             C:\Users\ultra\.nuget\packages\ironpython\3.4.0\lib\net6.0\IronPython.Wpf.dll [C:\Users\ultra\warewolf\Dev\Dev2.Infrastructure.Tests\Dev2.Infrastructure.Tests.csproj]
C:\Program Files\dotnet\sdk\10.0.201\Microsoft.Common.CurrentVersion.targets(2451,5): warning MSB3277:         C:\Users\ultra\.nuget\packages\microsoft.xaml.behaviors.wpf\1.1.122\lib\net462\Microsoft.Xaml.Behaviors.dll [C:\Users\ultra\warewolf\Dev\Dev2.Infrastructure.Tests\Dev2.Infrastructure.Tests.csproj]
C:\Program Files\dotnet\sdk\10.0.201\Microsoft.Common.CurrentVersion.targets(2451,5): warning MSB3277:           Project file item includes which caused reference "C:\Users\ultra\.nuget\packages\microsoft.xaml.behaviors.wpf\1.1.122\lib\net462\Microsoft.Xaml.Behaviors.dll". [C:\Users\ultra\warewolf\Dev\Dev2.Infrastructure.Tests\Dev2.Infrastructure.Tests.csproj]
C:\Program Files\dotnet\sdk\10.0.201\Microsoft.Common.CurrentVersion.targets(2451,5): warning MSB3277:             C:\Users\ultra\.nuget\packages\microsoft.xaml.behaviors.wpf\1.1.122\lib\net462\Microsoft.Xaml.Behaviors.dll [C:\Users\ultra\warewolf\Dev\Dev2.Infrastructure.Tests\Dev2.Infrastructure.Tests.csproj]
C:\Program Files\dotnet\sdk\10.0.201\Microsoft.Common.CurrentVersion.targets(2451,5): warning MSB3277:             C:\Users\ultra\.nuget\packages\caliburn.micro\4.0.212\lib\netcoreapp3.1\Caliburn.Micro.Platform.dll [C:\Users\ultra\warewolf\Dev\Dev2.Infrastructure.Tests\Dev2.Infrastructure.Tests.csproj]
C:\Program Files\dotnet\sdk\10.0.201\Microsoft.Common.CurrentVersion.targets(2451,5): warning MSB3277:             C:\Users\ultra\.nuget\packages\prism.wpf\9.0.537\lib\net462\Prism.Wpf.dll [C:\Users\ultra\warewolf\Dev\Dev2.Infrastructure.Tests\Dev2.Infrastructure.Tests.csproj]
C:\Program Files\dotnet\sdk\10.0.201\Microsoft.Common.CurrentVersion.targets(2451,5): warning MSB3277:         C:\Users\ultra\.nuget\packages\prism.wpf\9.0.537\lib\net462\Prism.Wpf.dll [C:\Users\ultra\warewolf\Dev\Dev2.Infrastructure.Tests\Dev2.Infrastructure.Tests.csproj]
C:\Program Files\dotnet\sdk\10.0.201\Microsoft.Common.CurrentVersion.targets(2451,5): warning MSB3277:           Project file item includes which caused reference "C:\Users\ultra\.nuget\packages\prism.wpf\9.0.537\lib\net462\Prism.Wpf.dll". [C:\Users\ultra\warewolf\Dev\Dev2.Infrastructure.Tests\Dev2.Infrastructure.Tests.csproj]
C:\Program Files\dotnet\sdk\10.0.201\Microsoft.Common.CurrentVersion.targets(2451,5): warning MSB3277:             C:\Users\ultra\.nuget\packages\prism.wpf\9.0.537\lib\net462\Prism.Wpf.dll [C:\Users\ultra\warewolf\Dev\Dev2.Infrastructure.Tests\Dev2.Infrastructure.Tests.csproj]
C:\Program Files\dotnet\sdk\10.0.201\Microsoft.Common.CurrentVersion.targets(2451,5): warning MSB3277:         C:\Users\ultra\.nuget\packages\reactiveui.wpf\18.4.1\lib\net462\ReactiveUI.Wpf.dll [C:\Users\ultra\warewolf\Dev\Dev2.Infrastructure.Tests\Dev2.Infrastructure.Tests.csproj]
C:\Program Files\dotnet\sdk\10.0.201\Microsoft.Common.CurrentVersion.targets(2451,5): warning MSB3277:           Project file item includes which caused reference "C:\Users\ultra\.nuget\packages\reactiveui.wpf\18.4.1\lib\net462\ReactiveUI.Wpf.dll". [C:\Users\ultra\warewolf\Dev\Dev2.Infrastructure.Tests\Dev2.Infrastructure.Tests.csproj]
C:\Program Files\dotnet\sdk\10.0.201\Microsoft.Common.CurrentVersion.targets(2451,5): warning MSB3277:             C:\Users\ultra\.nuget\packages\reactiveui.wpf\18.4.1\lib\net462\ReactiveUI.Wpf.dll [C:\Users\ultra\warewolf\Dev\Dev2.Infrastructure.Tests\Dev2.Infrastructure.Tests.csproj]
C:\Users\ultra\warewolf\Dev\Warewolf.UnitTestAttributes\Depends.cs(587,5): warning SYSLIB0014: 'WebClient.WebClient()' is obsolete: 'WebRequest, HttpWebRequest, ServicePoint, and WebClient are obsolete. Use HttpClient instead.' (https://aka.ms/dotnet-warnings/SYSLIB0014) [C:\Users\ultra\warewolf\Dev\Dev2.Infrastructure.Tests\Dev2.Infrastructure.Tests.csproj]
C:\Users\ultra\warewolf\Dev\Warewolf.UnitTestAttributes\Depends.cs(309,33): warning SYSLIB0014: 'WebClient.WebClient()' is obsolete: 'WebRequest, HttpWebRequest, ServicePoint, and WebClient are obsolete. Use HttpClient instead.' (https://aka.ms/dotnet-warnings/SYSLIB0014) [C:\Users\ultra\warewolf\Dev\Dev2.Infrastructure.Tests\Dev2.Infrastructure.Tests.csproj]
C:\Users\ultra\warewolf\Dev\Warewolf.UnitTestAttributes\Depends.cs(523,30): warning SYSLIB0014: 'WebClient.WebClient()' is obsolete: 'WebRequest, HttpWebRequest, ServicePoint, and WebClient are obsolete. Use HttpClient instead.' (https://aka.ms/dotnet-warnings/SYSLIB0014) [C:\Users\ultra\warewolf\Dev\Dev2.Infrastructure.Tests\Dev2.Infrastructure.Tests.csproj]
C:\Users\ultra\warewolf\Dev\Dev2.Infrastructure.Tests\MoqInstallerActions\IntallerActionsForDevelopmentTest.cs(57,31): warning CA1416: This call site is reachable on all platforms. 'WindowsIdentity.GetCurrent(bool)' is only supported on: 'windows'. (https://learn.microsoft.com/dotnet/fundamentals/code-analysis/quality-rules/ca1416) [C:\Users\ultra\warewolf\Dev\Dev2.Infrastructure.Tests\Dev2.Infrastructure.Tests.csproj]
C:\Users\ultra\warewolf\Dev\Dev2.Infrastructure.Tests\MoqInstallerActions\IntallerActionsForDevelopmentTest.cs(40,57): warning CA1416: This call site is reachable on all platforms. 'WindowsIdentity.Name' is only supported on: 'windows'. (https://learn.microsoft.com/dotnet/fundamentals/code-analysis/quality-rules/ca1416) [C:\Users\ultra\warewolf\Dev\Dev2.Infrastructure.Tests\Dev2.Infrastructure.Tests.csproj]
C:\Users\ultra\warewolf\Dev\Dev2.Infrastructure.Tests\MoqInstallerActions\IntallerActionsForDevelopmentTest.cs(67,57): warning CA1416: This call site is reachable on all platforms. 'WindowsIdentity.Name' is only supported on: 'windows'. (https://learn.microsoft.com/dotnet/fundamentals/code-analysis/quality-rules/ca1416) [C:\Users\ultra\warewolf\Dev\Dev2.Infrastructure.Tests\Dev2.Infrastructure.Tests.csproj]
C:\Users\ultra\warewolf\Dev\Dev2.Infrastructure.Tests\MoqInstallerActions\IntallerActionsForDevelopmentTest.cs(30,31): warning CA1416: This call site is reachable on all platforms. 'WindowsIdentity.GetCurrent(bool)' is only supported on: 'windows'. (https://learn.microsoft.com/dotnet/fundamentals/code-analysis/quality-rules/ca1416) [C:\Users\ultra\warewolf\Dev\Dev2.Infrastructure.Tests\Dev2.Infrastructure.Tests.csproj]
  Dev2.Infrastructure.Tests -> C:\Users\ultra\warewolf\Dev\Dev2.Infrastructure.Tests\bin\Debug\net8.0\linux-x64\Dev2.Infrastructure.Tests.dll
  Dev2.Infrastructure.Tests -> C:\Users\ultra\warewolf\Bin\ServerTests-Linux\Dev2.Infrastructure.Tests\
Publishing Dev2.Runtime.Tests for linux-x64...
  Determining projects to restore...
C:\Users\ultra\warewolf\Dev\Warewolf.Language.Parser\Warewolf.Language.Parser.fsproj : warning NU1504: Duplicate 'PackageReference' items found. Remove the duplicate items or use the Update functionality to ensure a consistent restore behavior. The duplicate 'PackageReference' items are: FSharp.Core 10.1.201, FSharp.Core 4.6.2.
C:\Users\ultra\warewolf\Dev\Dev2.Studio\Dev2.Studio.csproj : warning NU1701: Package 'AeroWizard 2.3.1' was restored using '.NETFramework,Version=v4.6.1, .NETFramework,Version=v4.6.2, .NETFramework,Version=v4.7, .NETFramework,Version=v4.7.1, .NETFramework,Version=v4.7.2, .NETFramework,Version=v4.8, .NETFramework,Version=v4.8.1' instead of the project target framework 'net8.0'. This package may not be fully compatible with your project. [C:\Users\ultra\warewolf\Dev\Dev2.Runtime.Tests\Dev2.Runtime.Tests.csproj]
C:\Users\ultra\warewolf\Dev\Dev2.Core\Dev2.Core.csproj : warning NU1903: Package 'Microsoft.Windows.Compatibility' 6.0.0 has a known high severity vulnerability, https://github.com/advisories/GHSA-555c-2p6r-68mm [C:\Users\ultra\warewolf\Dev\Dev2.Runtime.Tests\Dev2.Runtime.Tests.csproj]
C:\Users\ultra\warewolf\Dev\Dev2.Development.Languages\Dev2.Development.Languages.csproj : warning NU1701: Package 'AeroWizard 2.3.1' was restored using '.NETFramework,Version=v4.6.1, .NETFramework,Version=v4.6.2, .NETFramework,Version=v4.7, .NETFramework,Version=v4.7.1, .NETFramework,Version=v4.7.2, .NETFramework,Version=v4.8, .NETFramework,Version=v4.8.1' instead of the project target framework 'net8.0'. This package may not be fully compatible with your project. [C:\Users\ultra\warewolf\Dev\Dev2.Runtime.Tests\Dev2.Runtime.Tests.csproj]
C:\Users\ultra\warewolf\Dev\Warewolf.Studio.Core\Warewolf.Studio.Core.csproj : warning NU1701: Package 'AeroWizard 2.3.1' was restored using '.NETFramework,Version=v4.6.1, .NETFramework,Version=v4.6.2, .NETFramework,Version=v4.7, .NETFramework,Version=v4.7.1, .NETFramework,Version=v4.7.2, .NETFramework,Version=v4.8, .NETFramework,Version=v4.8.1' instead of the project target framework 'net8.0'. This package may not be fully compatible with your project. [C:\Users\ultra\warewolf\Dev\Dev2.Runtime.Tests\Dev2.Runtime.Tests.csproj]
C:\Users\ultra\warewolf\Dev\Dev2.Data.Interfaces\Dev2.Data.Interfaces.csproj : warning NU1903: Package 'DotNetZip' 1.16.0 has a known high severity vulnerability, https://github.com/advisories/GHSA-xhg6-9j5j-w4vf [C:\Users\ultra\warewolf\Dev\Dev2.Runtime.Tests\Dev2.Runtime.Tests.csproj]
C:\Users\ultra\warewolf\Dev\Dev2.TaskScheduler.Wrappers\Dev2.TaskScheduler.Wrappers.csproj : warning NU1701: Package 'AeroWizard 2.3.1' was restored using '.NETFramework,Version=v4.6.1, .NETFramework,Version=v4.6.2, .NETFramework,Version=v4.7, .NETFramework,Version=v4.7.1, .NETFramework,Version=v4.7.2, .NETFramework,Version=v4.8, .NETFramework,Version=v4.8.1' instead of the project target framework 'net8.0'. This package may not be fully compatible with your project. [C:\Users\ultra\warewolf\Dev\Dev2.Runtime.Tests\Dev2.Runtime.Tests.csproj]
C:\Users\ultra\warewolf\Dev\Dev2.Studio.Interfaces\Dev2.Studio.Interfaces.csproj : warning NU1701: Package 'AeroWizard 2.3.1' was restored using '.NETFramework,Version=v4.6.1, .NETFramework,Version=v4.6.2, .NETFramework,Version=v4.7, .NETFramework,Version=v4.7.1, .NETFramework,Version=v4.7.2, .NETFramework,Version=v4.8, .NETFramework,Version=v4.8.1' instead of the project target framework 'net8.0'. This package may not be fully compatible with your project. [C:\Users\ultra\warewolf\Dev\Dev2.Runtime.Tests\Dev2.Runtime.Tests.csproj]
C:\Users\ultra\warewolf\Dev\Dev2.Development.Languages\Dev2.Development.Languages.csproj : warning NU1701: Package 'GroupControls 1.9.0' was restored using '.NETFramework,Version=v4.6.1, .NETFramework,Version=v4.6.2, .NETFramework,Version=v4.7, .NETFramework,Version=v4.7.1, .NETFramework,Version=v4.7.2, .NETFramework,Version=v4.8, .NETFramework,Version=v4.8.1' instead of the project target framework 'net8.0'. This package may not be fully compatible with your project. [C:\Users\ultra\warewolf\Dev\Dev2.Runtime.Tests\Dev2.Runtime.Tests.csproj]
C:\Users\ultra\warewolf\Dev\Dev2.Core\Dev2.Core.csproj : warning NU1701: Package 'AeroWizard 2.3.1' was restored using '.NETFramework,Version=v4.6.1, .NETFramework,Version=v4.6.2, .NETFramework,Version=v4.7, .NETFramework,Version=v4.7.1, .NETFramework,Version=v4.7.2, .NETFramework,Version=v4.8, .NETFramework,Version=v4.8.1' instead of the project target framework 'net8.0'. This package may not be fully compatible with your project. [C:\Users\ultra\warewolf\Dev\Dev2.Runtime.Tests\Dev2.Runtime.Tests.csproj]
C:\Users\ultra\warewolf\Dev\Dev2.Studio\Dev2.Studio.csproj : warning NU1701: Package 'AvalonEdit 6.3.0.90' was restored using '.NETFramework,Version=v4.6.1, .NETFramework,Version=v4.6.2, .NETFramework,Version=v4.7, .NETFramework,Version=v4.7.1, .NETFramework,Version=v4.7.2, .NETFramework,Version=v4.8, .NETFramework,Version=v4.8.1' instead of the project target framework 'net8.0'. This package may not be fully compatible with your project. [C:\Users\ultra\warewolf\Dev\Dev2.Runtime.Tests\Dev2.Runtime.Tests.csproj]
C:\Users\ultra\warewolf\Dev\Warewolf.Studio.Core\Warewolf.Studio.Core.csproj : warning NU1701: Package 'GroupControls 1.9.0' was restored using '.NETFramework,Version=v4.6.1, .NETFramework,Version=v4.6.2, .NETFramework,Version=v4.7, .NETFramework,Version=v4.7.1, .NETFramework,Version=v4.7.2, .NETFramework,Version=v4.8, .NETFramework,Version=v4.8.1' instead of the project target framework 'net8.0'. This package may not be fully compatible with your project. [C:\Users\ultra\warewolf\Dev\Dev2.Runtime.Tests\Dev2.Runtime.Tests.csproj]
C:\Users\ultra\warewolf\Dev\Dev2.Core\Dev2.Core.csproj : warning NU1701: Package 'GroupControls 1.9.0' was restored using '.NETFramework,Version=v4.6.1, .NETFramework,Version=v4.6.2, .NETFramework,Version=v4.7, .NETFramework,Version=v4.7.1, .NETFramework,Version=v4.7.2, .NETFramework,Version=v4.8, .NETFramework,Version=v4.8.1' instead of the project target framework 'net8.0'. This package may not be fully compatible with your project. [C:\Users\ultra\warewolf\Dev\Dev2.Runtime.Tests\Dev2.Runtime.Tests.csproj]
C:\Users\ultra\warewolf\Dev\Dev2.Data.Interfaces\Dev2.Data.Interfaces.csproj : warning NU1701: Package 'AeroWizard 2.3.1' was restored using '.NETFramework,Version=v4.6.1, .NETFramework,Version=v4.6.2, .NETFramework,Version=v4.7, .NETFramework,Version=v4.7.1, .NETFramework,Version=v4.7.2, .NETFramework,Version=v4.8, .NETFramework,Version=v4.8.1' instead of the project target framework 'net8.0'. This package may not be fully compatible with your project. [C:\Users\ultra\warewolf\Dev\Dev2.Runtime.Tests\Dev2.Runtime.Tests.csproj]
C:\Users\ultra\warewolf\Dev\Dev2.Development.Languages\Dev2.Development.Languages.csproj : warning NU1701: Package 'TaskSchedulerEditor 2.10.1' was restored using '.NETFramework,Version=v4.6.1, .NETFramework,Version=v4.6.2, .NETFramework,Version=v4.7, .NETFramework,Version=v4.7.1, .NETFramework,Version=v4.7.2, .NETFramework,Version=v4.8, .NETFramework,Version=v4.8.1' instead of the project target framework 'net8.0'. This package may not be fully compatible with your project. [C:\Users\ultra\warewolf\Dev\Dev2.Runtime.Tests\Dev2.Runtime.Tests.csproj]
C:\Users\ultra\warewolf\Dev\Dev2.Core\Dev2.Core.csproj : warning NU1701: Package 'ReactiveUI.WPF 18.4.1' was restored using '.NETFramework,Version=v4.6.1, .NETFramework,Version=v4.6.2, .NETFramework,Version=v4.7, .NETFramework,Version=v4.7.1, .NETFramework,Version=v4.7.2, .NETFramework,Version=v4.8, .NETFramework,Version=v4.8.1' instead of the project target framework 'net8.0'. This package may not be fully compatible with your project. [C:\Users\ultra\warewolf\Dev\Dev2.Runtime.Tests\Dev2.Runtime.Tests.csproj]
C:\Users\ultra\warewolf\Dev\Dev2.Studio\Dev2.Studio.csproj : warning NU1701: Package 'CommonServiceLocator 1.2.0' was restored using '.NETFramework,Version=v4.6.1, .NETFramework,Version=v4.6.2, .NETFramework,Version=v4.7, .NETFramework,Version=v4.7.1, .NETFramework,Version=v4.7.2, .NETFramework,Version=v4.8, .NETFramework,Version=v4.8.1' instead of the project target framework 'net8.0'. This package may not be fully compatible with your project. [C:\Users\ultra\warewolf\Dev\Dev2.Runtime.Tests\Dev2.Runtime.Tests.csproj]
C:\Users\ultra\warewolf\Dev\Warewolf.Studio.Core\Warewolf.Studio.Core.csproj : warning NU1701: Package 'Microsoft.Xaml.Behaviors.Wpf 1.1.122' was restored using '.NETFramework,Version=v4.6.1, .NETFramework,Version=v4.6.2, .NETFramework,Version=v4.7, .NETFramework,Version=v4.7.1, .NETFramework,Version=v4.7.2, .NETFramework,Version=v4.8, .NETFramework,Version=v4.8.1' instead of the project target framework 'net8.0'. This package may not be fully compatible with your project. [C:\Users\ultra\warewolf\Dev\Dev2.Runtime.Tests\Dev2.Runtime.Tests.csproj]
C:\Users\ultra\warewolf\Dev\Dev2.TaskScheduler.Wrappers\Dev2.TaskScheduler.Wrappers.csproj : warning NU1701: Package 'GroupControls 1.9.0' was restored using '.NETFramework,Version=v4.6.1, .NETFramework,Version=v4.6.2, .NETFramework,Version=v4.7, .NETFramework,Version=v4.7.1, .NETFramework,Version=v4.7.2, .NETFramework,Version=v4.8, .NETFramework,Version=v4.8.1' instead of the project target framework 'net8.0'. This package may not be fully compatible with your project. [C:\Users\ultra\warewolf\Dev\Dev2.Runtime.Tests\Dev2.Runtime.Tests.csproj]
C:\Users\ultra\warewolf\Dev\Dev2.Core\Dev2.Core.csproj : warning NU1701: Package 'TaskSchedulerEditor 2.10.1' was restored using '.NETFramework,Version=v4.6.1, .NETFramework,Version=v4.6.2, .NETFramework,Version=v4.7, .NETFramework,Version=v4.7.1, .NETFramework,Version=v4.7.2, .NETFramework,Version=v4.8, .NETFramework,Version=v4.8.1' instead of the project target framework 'net8.0'. This package may not be fully compatible with your project. [C:\Users\ultra\warewolf\Dev\Dev2.Runtime.Tests\Dev2.Runtime.Tests.csproj]
C:\Users\ultra\warewolf\Dev\Dev2.Data.Interfaces\Dev2.Data.Interfaces.csproj : warning NU1701: Package 'GroupControls 1.9.0' was restored using '.NETFramework,Version=v4.6.1, .NETFramework,Version=v4.6.2, .NETFramework,Version=v4.7, .NETFramework,Version=v4.7.1, .NETFramework,Version=v4.7.2, .NETFramework,Version=v4.8, .NETFramework,Version=v4.8.1' instead of the project target framework 'net8.0'. This package may not be fully compatible with your project. [C:\Users\ultra\warewolf\Dev\Dev2.Runtime.Tests\Dev2.Runtime.Tests.csproj]
C:\Users\ultra\warewolf\Dev\Dev2.Studio\Dev2.Studio.csproj : warning NU1701: Package 'FontAwesome.WPF 4.7.0.9' was restored using '.NETFramework,Version=v4.6.1, .NETFramework,Version=v4.6.2, .NETFramework,Version=v4.7, .NETFramework,Version=v4.7.1, .NETFramework,Version=v4.7.2, .NETFramework,Version=v4.8, .NETFramework,Version=v4.8.1' instead of the project target framework 'net8.0'. This package may not be fully compatible with your project. [C:\Users\ultra\warewolf\Dev\Dev2.Runtime.Tests\Dev2.Runtime.Tests.csproj]
C:\Users\ultra\warewolf\Dev\Warewolf.Studio.Core\Warewolf.Studio.Core.csproj : warning NU1701: Package 'Prism.Wpf 9.0.537' was restored using '.NETFramework,Version=v4.6.1, .NETFramework,Version=v4.6.2, .NETFramework,Version=v4.7, .NETFramework,Version=v4.7.1, .NETFramework,Version=v4.7.2, .NETFramework,Version=v4.8, .NETFramework,Version=v4.8.1' instead of the project target framework 'net8.0'. This package may not be fully compatible with your project. [C:\Users\ultra\warewolf\Dev\Dev2.Runtime.Tests\Dev2.Runtime.Tests.csproj]
C:\Users\ultra\warewolf\Dev\Dev2.Studio.Interfaces\Dev2.Studio.Interfaces.csproj : warning NU1701: Package 'GroupControls 1.9.0' was restored using '.NETFramework,Version=v4.6.1, .NETFramework,Version=v4.6.2, .NETFramework,Version=v4.7, .NETFramework,Version=v4.7.1, .NETFramework,Version=v4.7.2, .NETFramework,Version=v4.8, .NETFramework,Version=v4.8.1' instead of the project target framework 'net8.0'. This package may not be fully compatible with your project. [C:\Users\ultra\warewolf\Dev\Dev2.Runtime.Tests\Dev2.Runtime.Tests.csproj]
C:\Users\ultra\warewolf\Dev\Dev2.Data.Interfaces\Dev2.Data.Interfaces.csproj : warning NU1701: Package 'TaskSchedulerEditor 2.10.1' was restored using '.NETFramework,Version=v4.6.1, .NETFramework,Version=v4.6.2, .NETFramework,Version=v4.7, .NETFramework,Version=v4.7.1, .NETFramework,Version=v4.7.2, .NETFramework,Version=v4.8, .NETFramework,Version=v4.8.1' instead of the project target framework 'net8.0'. This package may not be fully compatible with your project. [C:\Users\ultra\warewolf\Dev\Dev2.Runtime.Tests\Dev2.Runtime.Tests.csproj]
C:\Users\ultra\warewolf\Dev\Dev2.TaskScheduler.Wrappers\Dev2.TaskScheduler.Wrappers.csproj : warning NU1701: Package 'TaskSchedulerEditor 2.10.1' was restored using '.NETFramework,Version=v4.6.1, .NETFramework,Version=v4.6.2, .NETFramework,Version=v4.7, .NETFramework,Version=v4.7.1, .NETFramework,Version=v4.7.2, .NETFramework,Version=v4.8, .NETFramework,Version=v4.8.1' instead of the project target framework 'net8.0'. This package may not be fully compatible with your project. [C:\Users\ultra\warewolf\Dev\Dev2.Runtime.Tests\Dev2.Runtime.Tests.csproj]
C:\Users\ultra\warewolf\Dev\Warewolf.Studio.Core\Warewolf.Studio.Core.csproj : warning NU1701: Package 'ReactiveUI.WPF 18.4.1' was restored using '.NETFramework,Version=v4.6.1, .NETFramework,Version=v4.6.2, .NETFramework,Version=v4.7, .NETFramework,Version=v4.7.1, .NETFramework,Version=v4.7.2, .NETFramework,Version=v4.8, .NETFramework,Version=v4.8.1' instead of the project target framework 'net8.0'. This package may not be fully compatible with your project. [C:\Users\ultra\warewolf\Dev\Dev2.Runtime.Tests\Dev2.Runtime.Tests.csproj]
C:\Users\ultra\warewolf\Dev\Dev2.Studio\Dev2.Studio.csproj : warning NU1701: Package 'GroupControls 1.9.0' was restored using '.NETFramework,Version=v4.6.1, .NETFramework,Version=v4.6.2, .NETFramework,Version=v4.7, .NETFramework,Version=v4.7.1, .NETFramework,Version=v4.7.2, .NETFramework,Version=v4.8, .NETFramework,Version=v4.8.1' instead of the project target framework 'net8.0'. This package may not be fully compatible with your project. [C:\Users\ultra\warewolf\Dev\Dev2.Runtime.Tests\Dev2.Runtime.Tests.csproj]
C:\Users\ultra\warewolf\Dev\Dev2.Studio.Interfaces\Dev2.Studio.Interfaces.csproj : warning NU1701: Package 'Microsoft.Xaml.Behaviors.Wpf 1.1.122' was restored using '.NETFramework,Version=v4.6.1, .NETFramework,Version=v4.6.2, .NETFramework,Version=v4.7, .NETFramework,Version=v4.7.1, .NETFramework,Version=v4.7.2, .NETFramework,Version=v4.8, .NETFramework,Version=v4.8.1' instead of the project target framework 'net8.0'. This package may not be fully compatible with your project. [C:\Users\ultra\warewolf\Dev\Dev2.Runtime.Tests\Dev2.Runtime.Tests.csproj]
C:\Users\ultra\warewolf\Dev\Warewolf.Studio.Core\Warewolf.Studio.Core.csproj : warning NU1701: Package 'TaskSchedulerEditor 2.10.1' was restored using '.NETFramework,Version=v4.6.1, .NETFramework,Version=v4.6.2, .NETFramework,Version=v4.7, .NETFramework,Version=v4.7.1, .NETFramework,Version=v4.7.2, .NETFramework,Version=v4.8, .NETFramework,Version=v4.8.1' instead of the project target framework 'net8.0'. This package may not be fully compatible with your project. [C:\Users\ultra\warewolf\Dev\Dev2.Runtime.Tests\Dev2.Runtime.Tests.csproj]
C:\Users\ultra\warewolf\Dev\Dev2.Studio\Dev2.Studio.csproj : warning NU1701: Package 'Log4Net.Async 2.0.4' was restored using '.NETFramework,Version=v4.6.1, .NETFramework,Version=v4.6.2, .NETFramework,Version=v4.7, .NETFramework,Version=v4.7.1, .NETFramework,Version=v4.7.2, .NETFramework,Version=v4.8, .NETFramework,Version=v4.8.1' instead of the project target framework 'net8.0'. This package may not be fully compatible with your project. [C:\Users\ultra\warewolf\Dev\Dev2.Runtime.Tests\Dev2.Runtime.Tests.csproj]
C:\Users\ultra\warewolf\Dev\Dev2.Studio\Dev2.Studio.csproj : warning NU1701: Package 'Microsoft.Xaml.Behaviors.Wpf 1.1.122' was restored using '.NETFramework,Version=v4.6.1, .NETFramework,Version=v4.6.2, .NETFramework,Version=v4.7, .NETFramework,Version=v4.7.1, .NETFramework,Version=v4.7.2, .NETFramework,Version=v4.8, .NETFramework,Version=v4.8.1' instead of the project target framework 'net8.0'. This package may not be fully compatible with your project. [C:\Users\ultra\warewolf\Dev\Dev2.Runtime.Tests\Dev2.Runtime.Tests.csproj]
C:\Users\ultra\warewolf\Dev\Dev2.Studio.Interfaces\Dev2.Studio.Interfaces.csproj : warning NU1701: Package 'Prism.Wpf 9.0.537' was restored using '.NETFramework,Version=v4.6.1, .NETFramework,Version=v4.6.2, .NETFramework,Version=v4.7, .NETFramework,Version=v4.7.1, .NETFramework,Version=v4.7.2, .NETFramework,Version=v4.8, .NETFramework,Version=v4.8.1' instead of the project target framework 'net8.0'. This package may not be fully compatible with your project. [C:\Users\ultra\warewolf\Dev\Dev2.Runtime.Tests\Dev2.Runtime.Tests.csproj]
C:\Users\ultra\warewolf\Dev\Dev2.Studio\Dev2.Studio.csproj : warning NU1701: Package 'Prism.Composition 5.0.0' was restored using '.NETFramework,Version=v4.6.1, .NETFramework,Version=v4.6.2, .NETFramework,Version=v4.7, .NETFramework,Version=v4.7.1, .NETFramework,Version=v4.7.2, .NETFramework,Version=v4.8, .NETFramework,Version=v4.8.1' instead of the project target framework 'net8.0'. This package may not be fully compatible with your project. [C:\Users\ultra\warewolf\Dev\Dev2.Runtime.Tests\Dev2.Runtime.Tests.csproj]
C:\Users\ultra\warewolf\Dev\Dev2.Studio.Interfaces\Dev2.Studio.Interfaces.csproj : warning NU1701: Package 'ReactiveUI.WPF 18.4.1' was restored using '.NETFramework,Version=v4.6.1, .NETFramework,Version=v4.6.2, .NETFramework,Version=v4.7, .NETFramework,Version=v4.7.1, .NETFramework,Version=v4.7.2, .NETFramework,Version=v4.8, .NETFramework,Version=v4.8.1' instead of the project target framework 'net8.0'. This package may not be fully compatible with your project. [C:\Users\ultra\warewolf\Dev\Dev2.Runtime.Tests\Dev2.Runtime.Tests.csproj]
C:\Users\ultra\warewolf\Dev\Dev2.Studio\Dev2.Studio.csproj : warning NU1701: Package 'Prism.Interactivity 5.0.0' was restored using '.NETFramework,Version=v4.6.1, .NETFramework,Version=v4.6.2, .NETFramework,Version=v4.7, .NETFramework,Version=v4.7.1, .NETFramework,Version=v4.7.2, .NETFramework,Version=v4.8, .NETFramework,Version=v4.8.1' instead of the project target framework 'net8.0'. This package may not be fully compatible with your project. [C:\Users\ultra\warewolf\Dev\Dev2.Runtime.Tests\Dev2.Runtime.Tests.csproj]
C:\Users\ultra\warewolf\Dev\Dev2.Diagnostics.Tests\Dev2.Diagnostics.Tests.csproj : warning NU1701: Package 'AeroWizard 2.3.1' was restored using '.NETFramework,Version=v4.6.1, .NETFramework,Version=v4.6.2, .NETFramework,Version=v4.7, .NETFramework,Version=v4.7.1, .NETFramework,Version=v4.7.2, .NETFramework,Version=v4.8, .NETFramework,Version=v4.8.1' instead of the project target framework 'net8.0'. This package may not be fully compatible with your project. [C:\Users\ultra\warewolf\Dev\Dev2.Runtime.Tests\Dev2.Runtime.Tests.csproj]
C:\Users\ultra\warewolf\Dev\Dev2.Studio\Dev2.Studio.csproj : warning NU1701: Package 'Prism.Mvvm 1.0.0' was restored using '.NETFramework,Version=v4.6.1, .NETFramework,Version=v4.6.2, .NETFramework,Version=v4.7, .NETFramework,Version=v4.7.1, .NETFramework,Version=v4.7.2, .NETFramework,Version=v4.8, .NETFramework,Version=v4.8.1' instead of the project target framework 'net8.0'. This package may not be fully compatible with your project. [C:\Users\ultra\warewolf\Dev\Dev2.Runtime.Tests\Dev2.Runtime.Tests.csproj]
C:\Users\ultra\warewolf\Dev\Dev2.Studio.Interfaces\Dev2.Studio.Interfaces.csproj : warning NU1701: Package 'TaskSchedulerEditor 2.10.1' was restored using '.NETFramework,Version=v4.6.1, .NETFramework,Version=v4.6.2, .NETFramework,Version=v4.7, .NETFramework,Version=v4.7.1, .NETFramework,Version=v4.7.2, .NETFramework,Version=v4.8, .NETFramework,Version=v4.8.1' instead of the project target framework 'net8.0'. This package may not be fully compatible with your project. [C:\Users\ultra\warewolf\Dev\Dev2.Runtime.Tests\Dev2.Runtime.Tests.csproj]
C:\Users\ultra\warewolf\Dev\Dev2.Studio\Dev2.Studio.csproj : warning NU1701: Package 'Prism.PubSubEvents 1.0.0' was restored using '.NETFramework,Version=v4.6.1, .NETFramework,Version=v4.6.2, .NETFramework,Version=v4.7, .NETFramework,Version=v4.7.1, .NETFramework,Version=v4.7.2, .NETFramework,Version=v4.8, .NETFramework,Version=v4.8.1' instead of the project target framework 'net8.0'. This package may not be fully compatible with your project. [C:\Users\ultra\warewolf\Dev\Dev2.Runtime.Tests\Dev2.Runtime.Tests.csproj]
C:\Users\ultra\warewolf\Dev\Dev2.Studio\Dev2.Studio.csproj : warning NU1701: Package 'Prism.UnityExtensions 5.0.1' was restored using '.NETFramework,Version=v4.6.1, .NETFramework,Version=v4.6.2, .NETFramework,Version=v4.7, .NETFramework,Version=v4.7.1, .NETFramework,Version=v4.7.2, .NETFramework,Version=v4.8, .NETFramework,Version=v4.8.1' instead of the project target framework 'net8.0'. This package may not be fully compatible with your project. [C:\Users\ultra\warewolf\Dev\Dev2.Runtime.Tests\Dev2.Runtime.Tests.csproj]
C:\Users\ultra\warewolf\Dev\Dev2.Diagnostics.Tests\Dev2.Diagnostics.Tests.csproj : warning NU1701: Package 'GroupControls 1.9.0' was restored using '.NETFramework,Version=v4.6.1, .NETFramework,Version=v4.6.2, .NETFramework,Version=v4.7, .NETFramework,Version=v4.7.1, .NETFramework,Version=v4.7.2, .NETFramework,Version=v4.8, .NETFramework,Version=v4.8.1' instead of the project target framework 'net8.0'. This package may not be fully compatible with your project. [C:\Users\ultra\warewolf\Dev\Dev2.Runtime.Tests\Dev2.Runtime.Tests.csproj]
C:\Users\ultra\warewolf\Dev\Dev2.CustomControls\Dev2.CustomControls.csproj : warning NU1903: Package 'Microsoft.Windows.Compatibility' 6.0.0 has a known high severity vulnerability, https://github.com/advisories/GHSA-555c-2p6r-68mm [C:\Users\ultra\warewolf\Dev\Dev2.Runtime.Tests\Dev2.Runtime.Tests.csproj]
C:\Users\ultra\warewolf\Dev\Dev2.Diagnostics.Tests\Dev2.Diagnostics.Tests.csproj : warning NU1701: Package 'Microsoft.Xaml.Behaviors.Wpf 1.1.122' was restored using '.NETFramework,Version=v4.6.1, .NETFramework,Version=v4.6.2, .NETFramework,Version=v4.7, .NETFramework,Version=v4.7.1, .NETFramework,Version=v4.7.2, .NETFramework,Version=v4.8, .NETFramework,Version=v4.8.1' instead of the project target framework 'net8.0'. This package may not be fully compatible with your project. [C:\Users\ultra\warewolf\Dev\Dev2.Runtime.Tests\Dev2.Runtime.Tests.csproj]
C:\Users\ultra\warewolf\Dev\Dev2.Studio\Dev2.Studio.csproj : warning NU1701: Package 'Prism.Wpf 9.0.537' was restored using '.NETFramework,Version=v4.6.1, .NETFramework,Version=v4.6.2, .NETFramework,Version=v4.7, .NETFramework,Version=v4.7.1, .NETFramework,Version=v4.7.2, .NETFramework,Version=v4.8, .NETFramework,Version=v4.8.1' instead of the project target framework 'net8.0'. This package may not be fully compatible with your project. [C:\Users\ultra\warewolf\Dev\Dev2.Runtime.Tests\Dev2.Runtime.Tests.csproj]
C:\Users\ultra\warewolf\Dev\Dev2.Diagnostics.Tests\Dev2.Diagnostics.Tests.csproj : warning NU1701: Package 'Prism.Wpf 9.0.537' was restored using '.NETFramework,Version=v4.6.1, .NETFramework,Version=v4.6.2, .NETFramework,Version=v4.7, .NETFramework,Version=v4.7.1, .NETFramework,Version=v4.7.2, .NETFramework,Version=v4.8, .NETFramework,Version=v4.8.1' instead of the project target framework 'net8.0'. This package may not be fully compatible with your project. [C:\Users\ultra\warewolf\Dev\Dev2.Runtime.Tests\Dev2.Runtime.Tests.csproj]
C:\Users\ultra\warewolf\Dev\Dev2.Diagnostics.Tests\Dev2.Diagnostics.Tests.csproj : warning NU1701: Package 'ReactiveUI.WPF 18.4.1' was restored using '.NETFramework,Version=v4.6.1, .NETFramework,Version=v4.6.2, .NETFramework,Version=v4.7, .NETFramework,Version=v4.7.1, .NETFramework,Version=v4.7.2, .NETFramework,Version=v4.8, .NETFramework,Version=v4.8.1' instead of the project target framework 'net8.0'. This package may not be fully compatible with your project. [C:\Users\ultra\warewolf\Dev\Dev2.Runtime.Tests\Dev2.Runtime.Tests.csproj]
C:\Users\ultra\warewolf\Dev\Dev2.CustomControls\Dev2.CustomControls.csproj : warning NU1701: Package 'AeroWizard 2.3.1' was restored using '.NETFramework,Version=v4.6.1, .NETFramework,Version=v4.6.2, .NETFramework,Version=v4.7, .NETFramework,Version=v4.7.1, .NETFramework,Version=v4.7.2, .NETFramework,Version=v4.8, .NETFramework,Version=v4.8.1' instead of the project target framework 'net8.0'. This package may not be fully compatible with your project. [C:\Users\ultra\warewolf\Dev\Dev2.Runtime.Tests\Dev2.Runtime.Tests.csproj]
C:\Users\ultra\warewolf\Dev\Dev2.Studio\Dev2.Studio.csproj : warning NU1701: Package 'ReactiveUI.WPF 18.4.1' was restored using '.NETFramework,Version=v4.6.1, .NETFramework,Version=v4.6.2, .NETFramework,Version=v4.7, .NETFramework,Version=v4.7.1, .NETFramework,Version=v4.7.2, .NETFramework,Version=v4.8, .NETFramework,Version=v4.8.1' instead of the project target framework 'net8.0'. This package may not be fully compatible with your project. [C:\Users\ultra\warewolf\Dev\Dev2.Runtime.Tests\Dev2.Runtime.Tests.csproj]
C:\Users\ultra\warewolf\Dev\Dev2.Diagnostics.Tests\Dev2.Diagnostics.Tests.csproj : warning NU1701: Package 'TaskSchedulerEditor 2.10.1' was restored using '.NETFramework,Version=v4.6.1, .NETFramework,Version=v4.6.2, .NETFramework,Version=v4.7, .NETFramework,Version=v4.7.1, .NETFramework,Version=v4.7.2, .NETFramework,Version=v4.8, .NETFramework,Version=v4.8.1' instead of the project target framework 'net8.0'. This package may not be fully compatible with your project. [C:\Users\ultra\warewolf\Dev\Dev2.Runtime.Tests\Dev2.Runtime.Tests.csproj]
C:\Users\ultra\warewolf\Dev\Dev2.Diagnostics\Dev2.Diagnostics.csproj : warning NU1701: Package 'AeroWizard 2.3.1' was restored using '.NETFramework,Version=v4.6.1, .NETFramework,Version=v4.6.2, .NETFramework,Version=v4.7, .NETFramework,Version=v4.7.1, .NETFramework,Version=v4.7.2, .NETFramework,Version=v4.8, .NETFramework,Version=v4.8.1' instead of the project target framework 'net8.0'. This package may not be fully compatible with your project. [C:\Users\ultra\warewolf\Dev\Dev2.Runtime.Tests\Dev2.Runtime.Tests.csproj]
C:\Users\ultra\warewolf\Dev\Dev2.Studio\Dev2.Studio.csproj : warning NU1701: Package 'TaskSchedulerEditor 2.10.1' was restored using '.NETFramework,Version=v4.6.1, .NETFramework,Version=v4.6.2, .NETFramework,Version=v4.7, .NETFramework,Version=v4.7.1, .NETFramework,Version=v4.7.2, .NETFramework,Version=v4.8, .NETFramework,Version=v4.8.1' instead of the project target framework 'net8.0'. This package may not be fully compatible with your project. [C:\Users\ultra\warewolf\Dev\Dev2.Runtime.Tests\Dev2.Runtime.Tests.csproj]
C:\Users\ultra\warewolf\Dev\Dev2.CustomControls\Dev2.CustomControls.csproj : warning NU1701: Package 'GroupControls 1.9.0' was restored using '.NETFramework,Version=v4.6.1, .NETFramework,Version=v4.6.2, .NETFramework,Version=v4.7, .NETFramework,Version=v4.7.1, .NETFramework,Version=v4.7.2, .NETFramework,Version=v4.8, .NETFramework,Version=v4.8.1' instead of the project target framework 'net8.0'. This package may not be fully compatible with your project. [C:\Users\ultra\warewolf\Dev\Dev2.Runtime.Tests\Dev2.Runtime.Tests.csproj]
C:\Users\ultra\warewolf\Dev\Dev2.Studio\Dev2.Studio.csproj : warning NU1701: Package 'Unofficial.Microsoft.mshtml 7.0.3300' was restored using '.NETFramework,Version=v4.6.1, .NETFramework,Version=v4.6.2, .NETFramework,Version=v4.7, .NETFramework,Version=v4.7.1, .NETFramework,Version=v4.7.2, .NETFramework,Version=v4.8, .NETFramework,Version=v4.8.1' instead of the project target framework 'net8.0'. This package may not be fully compatible with your project. [C:\Users\ultra\warewolf\Dev\Dev2.Runtime.Tests\Dev2.Runtime.Tests.csproj]
C:\Users\ultra\warewolf\Dev\Dev2.CustomControls\Dev2.CustomControls.csproj : warning NU1701: Package 'TaskSchedulerEditor 2.10.1' was restored using '.NETFramework,Version=v4.6.1, .NETFramework,Version=v4.6.2, .NETFramework,Version=v4.7, .NETFramework,Version=v4.7.1, .NETFramework,Version=v4.7.2, .NETFramework,Version=v4.8, .NETFramework,Version=v4.8.1' instead of the project target framework 'net8.0'. This package may not be fully compatible with your project. [C:\Users\ultra\warewolf\Dev\Dev2.Runtime.Tests\Dev2.Runtime.Tests.csproj]
C:\Users\ultra\warewolf\Dev\Dev2.Diagnostics\Dev2.Diagnostics.csproj : warning NU1701: Package 'GroupControls 1.9.0' was restored using '.NETFramework,Version=v4.6.1, .NETFramework,Version=v4.6.2, .NETFramework,Version=v4.7, .NETFramework,Version=v4.7.1, .NETFramework,Version=v4.7.2, .NETFramework,Version=v4.8, .NETFramework,Version=v4.8.1' instead of the project target framework 'net8.0'. This package may not be fully compatible with your project. [C:\Users\ultra\warewolf\Dev\Dev2.Runtime.Tests\Dev2.Runtime.Tests.csproj]
C:\Users\ultra\warewolf\Dev\Dev2.Studio.Core\Dev2.Studio.Core.csproj : warning NU1701: Package 'AeroWizard 2.3.1' was restored using '.NETFramework,Version=v4.6.1, .NETFramework,Version=v4.6.2, .NETFramework,Version=v4.7, .NETFramework,Version=v4.7.1, .NETFramework,Version=v4.7.2, .NETFramework,Version=v4.8, .NETFramework,Version=v4.8.1' instead of the project target framework 'net8.0'. This package may not be fully compatible with your project. [C:\Users\ultra\warewolf\Dev\Dev2.Runtime.Tests\Dev2.Runtime.Tests.csproj]
C:\Users\ultra\warewolf\Dev\Dev2.Diagnostics\Dev2.Diagnostics.csproj : warning NU1701: Package 'TaskSchedulerEditor 2.10.1' was restored using '.NETFramework,Version=v4.6.1, .NETFramework,Version=v4.6.2, .NETFramework,Version=v4.7, .NETFramework,Version=v4.7.1, .NETFramework,Version=v4.7.2, .NETFramework,Version=v4.8, .NETFramework,Version=v4.8.1' instead of the project target framework 'net8.0'. This package may not be fully compatible with your project. [C:\Users\ultra\warewolf\Dev\Dev2.Runtime.Tests\Dev2.Runtime.Tests.csproj]
C:\Users\ultra\warewolf\Dev\Dev2.Studio.Core\Dev2.Studio.Core.csproj : warning NU1701: Package 'GroupControls 1.9.0' was restored using '.NETFramework,Version=v4.6.1, .NETFramework,Version=v4.6.2, .NETFramework,Version=v4.7, .NETFramework,Version=v4.7.1, .NETFramework,Version=v4.7.2, .NETFramework,Version=v4.8, .NETFramework,Version=v4.8.1' instead of the project target framework 'net8.0'. This package may not be fully compatible with your project. [C:\Users\ultra\warewolf\Dev\Dev2.Runtime.Tests\Dev2.Runtime.Tests.csproj]
C:\Users\ultra\warewolf\Dev\Dev2.Data\Dev2.Data.csproj : warning NU1701: Package 'AeroWizard 2.3.1' was restored using '.NETFramework,Version=v4.6.1, .NETFramework,Version=v4.6.2, .NETFramework,Version=v4.7, .NETFramework,Version=v4.7.1, .NETFramework,Version=v4.7.2, .NETFramework,Version=v4.8, .NETFramework,Version=v4.8.1' instead of the project target framework 'net8.0'. This package may not be fully compatible with your project. [C:\Users\ultra\warewolf\Dev\Dev2.Runtime.Tests\Dev2.Runtime.Tests.csproj]
C:\Users\ultra\warewolf\Dev\Dev2.Studio.Core\Dev2.Studio.Core.csproj : warning NU1701: Package 'Microsoft.Xaml.Behaviors.Wpf 1.1.122' was restored using '.NETFramework,Version=v4.6.1, .NETFramework,Version=v4.6.2, .NETFramework,Version=v4.7, .NETFramework,Version=v4.7.1, .NETFramework,Version=v4.7.2, .NETFramework,Version=v4.8, .NETFramework,Version=v4.8.1' instead of the project target framework 'net8.0'. This package may not be fully compatible with your project. [C:\Users\ultra\warewolf\Dev\Dev2.Runtime.Tests\Dev2.Runtime.Tests.csproj]
C:\Users\ultra\warewolf\Dev\Dev2.Studio.Core\Dev2.Studio.Core.csproj : warning NU1701: Package 'Prism.Wpf 9.0.537' was restored using '.NETFramework,Version=v4.6.1, .NETFramework,Version=v4.6.2, .NETFramework,Version=v4.7, .NETFramework,Version=v4.7.1, .NETFramework,Version=v4.7.2, .NETFramework,Version=v4.8, .NETFramework,Version=v4.8.1' instead of the project target framework 'net8.0'. This package may not be fully compatible with your project. [C:\Users\ultra\warewolf\Dev\Dev2.Runtime.Tests\Dev2.Runtime.Tests.csproj]
C:\Users\ultra\warewolf\Dev\Dev2.Data\Dev2.Data.csproj : warning NU1701: Package 'GroupControls 1.9.0' was restored using '.NETFramework,Version=v4.6.1, .NETFramework,Version=v4.6.2, .NETFramework,Version=v4.7, .NETFramework,Version=v4.7.1, .NETFramework,Version=v4.7.2, .NETFramework,Version=v4.8, .NETFramework,Version=v4.8.1' instead of the project target framework 'net8.0'. This package may not be fully compatible with your project. [C:\Users\ultra\warewolf\Dev\Dev2.Runtime.Tests\Dev2.Runtime.Tests.csproj]
C:\Users\ultra\warewolf\Dev\Dev2.Studio.Core\Dev2.Studio.Core.csproj : warning NU1701: Package 'ReactiveUI.WPF 18.4.1' was restored using '.NETFramework,Version=v4.6.1, .NETFramework,Version=v4.6.2, .NETFramework,Version=v4.7, .NETFramework,Version=v4.7.1, .NETFramework,Version=v4.7.2, .NETFramework,Version=v4.8, .NETFramework,Version=v4.8.1' instead of the project target framework 'net8.0'. This package may not be fully compatible with your project. [C:\Users\ultra\warewolf\Dev\Dev2.Runtime.Tests\Dev2.Runtime.Tests.csproj]
C:\Users\ultra\warewolf\Dev\Dev2.Data\Dev2.Data.csproj : warning NU1701: Package 'ReactiveUI.WPF 18.4.1' was restored using '.NETFramework,Version=v4.6.1, .NETFramework,Version=v4.6.2, .NETFramework,Version=v4.7, .NETFramework,Version=v4.7.1, .NETFramework,Version=v4.7.2, .NETFramework,Version=v4.8, .NETFramework,Version=v4.8.1' instead of the project target framework 'net8.0'. This package may not be fully compatible with your project. [C:\Users\ultra\warewolf\Dev\Dev2.Runtime.Tests\Dev2.Runtime.Tests.csproj]
C:\Users\ultra\warewolf\Dev\Dev2.Studio.Core\Dev2.Studio.Core.csproj : warning NU1701: Package 'TaskSchedulerEditor 2.10.1' was restored using '.NETFramework,Version=v4.6.1, .NETFramework,Version=v4.6.2, .NETFramework,Version=v4.7, .NETFramework,Version=v4.7.1, .NETFramework,Version=v4.7.2, .NETFramework,Version=v4.8, .NETFramework,Version=v4.8.1' instead of the project target framework 'net8.0'. This package may not be fully compatible with your project. [C:\Users\ultra\warewolf\Dev\Dev2.Runtime.Tests\Dev2.Runtime.Tests.csproj]
C:\Users\ultra\warewolf\Dev\Dev2.Data\Dev2.Data.csproj : warning NU1701: Package 'TaskSchedulerEditor 2.10.1' was restored using '.NETFramework,Version=v4.6.1, .NETFramework,Version=v4.6.2, .NETFramework,Version=v4.7, .NETFramework,Version=v4.7.1, .NETFramework,Version=v4.7.2, .NETFramework,Version=v4.8, .NETFramework,Version=v4.8.1' instead of the project target framework 'net8.0'. This package may not be fully compatible with your project. [C:\Users\ultra\warewolf\Dev\Dev2.Runtime.Tests\Dev2.Runtime.Tests.csproj]
C:\Users\ultra\warewolf\Dev\Warewolf.PerfMon\Warewolf.PerfMon.csproj : warning NU1701: Package 'AeroWizard 2.3.1' was restored using '.NETFramework,Version=v4.6.1, .NETFramework,Version=v4.6.2, .NETFramework,Version=v4.7, .NETFramework,Version=v4.7.1, .NETFramework,Version=v4.7.2, .NETFramework,Version=v4.8, .NETFramework,Version=v4.8.1' instead of the project target framework 'net8.0'. This package may not be fully compatible with your project. [C:\Users\ultra\warewolf\Dev\Dev2.Runtime.Tests\Dev2.Runtime.Tests.csproj]
C:\Users\ultra\warewolf\Dev\Warewolf.Storage\Warewolf.Storage.csproj : warning NU1701: Package 'AeroWizard 2.3.1' was restored using '.NETFramework,Version=v4.6.1, .NETFramework,Version=v4.6.2, .NETFramework,Version=v4.7, .NETFramework,Version=v4.7.1, .NETFramework,Version=v4.7.2, .NETFramework,Version=v4.8, .NETFramework,Version=v4.8.1' instead of the project target framework 'net8.0'. This package may not be fully compatible with your project. [C:\Users\ultra\warewolf\Dev\Dev2.Runtime.Tests\Dev2.Runtime.Tests.csproj]
C:\Users\ultra\warewolf\Dev\Warewolf.Storage\Warewolf.Storage.csproj : warning NU1701: Package 'GroupControls 1.9.0' was restored using '.NETFramework,Version=v4.6.1, .NETFramework,Version=v4.6.2, .NETFramework,Version=v4.7, .NETFramework,Version=v4.7.1, .NETFramework,Version=v4.7.2, .NETFramework,Version=v4.8, .NETFramework,Version=v4.8.1' instead of the project target framework 'net8.0'. This package may not be fully compatible with your project. [C:\Users\ultra\warewolf\Dev\Dev2.Runtime.Tests\Dev2.Runtime.Tests.csproj]
C:\Users\ultra\warewolf\Dev\Warewolf.PerfMon\Warewolf.PerfMon.csproj : warning NU1701: Package 'GroupControls 1.9.0' was restored using '.NETFramework,Version=v4.6.1, .NETFramework,Version=v4.6.2, .NETFramework,Version=v4.7, .NETFramework,Version=v4.7.1, .NETFramework,Version=v4.7.2, .NETFramework,Version=v4.8, .NETFramework,Version=v4.8.1' instead of the project target framework 'net8.0'. This package may not be fully compatible with your project. [C:\Users\ultra\warewolf\Dev\Dev2.Runtime.Tests\Dev2.Runtime.Tests.csproj]
C:\Users\ultra\warewolf\Dev\Warewolf.Storage\Warewolf.Storage.csproj : warning NU1701: Package 'ReactiveUI.WPF 18.4.1' was restored using '.NETFramework,Version=v4.6.1, .NETFramework,Version=v4.6.2, .NETFramework,Version=v4.7, .NETFramework,Version=v4.7.1, .NETFramework,Version=v4.7.2, .NETFramework,Version=v4.8, .NETFramework,Version=v4.8.1' instead of the project target framework 'net8.0'. This package may not be fully compatible with your project. [C:\Users\ultra\warewolf\Dev\Dev2.Runtime.Tests\Dev2.Runtime.Tests.csproj]
C:\Users\ultra\warewolf\Dev\Warewolf.PerfMon\Warewolf.PerfMon.csproj : warning NU1701: Package 'ReactiveUI.WPF 18.4.1' was restored using '.NETFramework,Version=v4.6.1, .NETFramework,Version=v4.6.2, .NETFramework,Version=v4.7, .NETFramework,Version=v4.7.1, .NETFramework,Version=v4.7.2, .NETFramework,Version=v4.8, .NETFramework,Version=v4.8.1' instead of the project target framework 'net8.0'. This package may not be fully compatible with your project. [C:\Users\ultra\warewolf\Dev\Dev2.Runtime.Tests\Dev2.Runtime.Tests.csproj]
C:\Users\ultra\warewolf\Dev\Warewolf.Storage\Warewolf.Storage.csproj : warning NU1701: Package 'TaskSchedulerEditor 2.10.1' was restored using '.NETFramework,Version=v4.6.1, .NETFramework,Version=v4.6.2, .NETFramework,Version=v4.7, .NETFramework,Version=v4.7.1, .NETFramework,Version=v4.7.2, .NETFramework,Version=v4.8, .NETFramework,Version=v4.8.1' instead of the project target framework 'net8.0'. This package may not be fully compatible with your project. [C:\Users\ultra\warewolf\Dev\Dev2.Runtime.Tests\Dev2.Runtime.Tests.csproj]
C:\Users\ultra\warewolf\Dev\Warewolf.PerfMon\Warewolf.PerfMon.csproj : warning NU1701: Package 'TaskSchedulerEditor 2.10.1' was restored using '.NETFramework,Version=v4.6.1, .NETFramework,Version=v4.6.2, .NETFramework,Version=v4.7, .NETFramework,Version=v4.7.1, .NETFramework,Version=v4.7.2, .NETFramework,Version=v4.8, .NETFramework,Version=v4.8.1' instead of the project target framework 'net8.0'. This package may not be fully compatible with your project. [C:\Users\ultra\warewolf\Dev\Dev2.Runtime.Tests\Dev2.Runtime.Tests.csproj]
C:\Users\ultra\warewolf\Dev\Warewolf.Licensing\Warewolf.Licensing.csproj : warning NU1701: Package 'AeroWizard 2.3.1' was restored using '.NETFramework,Version=v4.6.1, .NETFramework,Version=v4.6.2, .NETFramework,Version=v4.7, .NETFramework,Version=v4.7.1, .NETFramework,Version=v4.7.2, .NETFramework,Version=v4.8, .NETFramework,Version=v4.8.1' instead of the project target framework 'net8.0'. This package may not be fully compatible with your project. [C:\Users\ultra\warewolf\Dev\Dev2.Runtime.Tests\Dev2.Runtime.Tests.csproj]
C:\Users\ultra\warewolf\Dev\Warewolf.Licensing\Warewolf.Licensing.csproj : warning NU1701: Package 'GroupControls 1.9.0' was restored using '.NETFramework,Version=v4.6.1, .NETFramework,Version=v4.6.2, .NETFramework,Version=v4.7, .NETFramework,Version=v4.7.1, .NETFramework,Version=v4.7.2, .NETFramework,Version=v4.8, .NETFramework,Version=v4.8.1' instead of the project target framework 'net8.0'. This package may not be fully compatible with your project. [C:\Users\ultra\warewolf\Dev\Dev2.Runtime.Tests\Dev2.Runtime.Tests.csproj]
C:\Users\ultra\warewolf\Dev\Warewolf.Licensing\Warewolf.Licensing.csproj : warning NU1701: Package 'TaskSchedulerEditor 2.10.1' was restored using '.NETFramework,Version=v4.6.1, .NETFramework,Version=v4.6.2, .NETFramework,Version=v4.7, .NETFramework,Version=v4.7.1, .NETFramework,Version=v4.7.2, .NETFramework,Version=v4.8, .NETFramework,Version=v4.8.1' instead of the project target framework 'net8.0'. This package may not be fully compatible with your project. [C:\Users\ultra\warewolf\Dev\Dev2.Runtime.Tests\Dev2.Runtime.Tests.csproj]
C:\Users\ultra\warewolf\Dev\Dev2.Runtime.Configuration\Dev2.Runtime.Configuration.csproj : warning NU1903: Package 'Microsoft.Windows.Compatibility' 6.0.0 has a known high severity vulnerability, https://github.com/advisories/GHSA-555c-2p6r-68mm [C:\Users\ultra\warewolf\Dev\Dev2.Runtime.Tests\Dev2.Runtime.Tests.csproj]
C:\Users\ultra\warewolf\Dev\Dev2.Runtime.Configuration\Dev2.Runtime.Configuration.csproj : warning NU1701: Package 'AeroWizard 2.3.1' was restored using '.NETFramework,Version=v4.6.1, .NETFramework,Version=v4.6.2, .NETFramework,Version=v4.7, .NETFramework,Version=v4.7.1, .NETFramework,Version=v4.7.2, .NETFramework,Version=v4.8, .NETFramework,Version=v4.8.1' instead of the project target framework 'net8.0'. This package may not be fully compatible with your project. [C:\Users\ultra\warewolf\Dev\Dev2.Runtime.Tests\Dev2.Runtime.Tests.csproj]
C:\Users\ultra\warewolf\Dev\Dev2.Runtime.Configuration\Dev2.Runtime.Configuration.csproj : warning NU1701: Package 'GroupControls 1.9.0' was restored using '.NETFramework,Version=v4.6.1, .NETFramework,Version=v4.6.2, .NETFramework,Version=v4.7, .NETFramework,Version=v4.7.1, .NETFramework,Version=v4.7.2, .NETFramework,Version=v4.8, .NETFramework,Version=v4.8.1' instead of the project target framework 'net8.0'. This package may not be fully compatible with your project. [C:\Users\ultra\warewolf\Dev\Dev2.Runtime.Tests\Dev2.Runtime.Tests.csproj]
C:\Users\ultra\warewolf\Dev\Dev2.Runtime.Configuration\Dev2.Runtime.Configuration.csproj : warning NU1701: Package 'TaskSchedulerEditor 2.10.1' was restored using '.NETFramework,Version=v4.6.1, .NETFramework,Version=v4.6.2, .NETFramework,Version=v4.7, .NETFramework,Version=v4.7.1, .NETFramework,Version=v4.7.2, .NETFramework,Version=v4.8, .NETFramework,Version=v4.8.1' instead of the project target framework 'net8.0'. This package may not be fully compatible with your project. [C:\Users\ultra\warewolf\Dev\Dev2.Runtime.Tests\Dev2.Runtime.Tests.csproj]
C:\Users\ultra\warewolf\Dev\Warewolf.MergeParser\Warewolf.MergeParser.csproj : warning NU1701: Package 'AeroWizard 2.3.1' was restored using '.NETFramework,Version=v4.6.1, .NETFramework,Version=v4.6.2, .NETFramework,Version=v4.7, .NETFramework,Version=v4.7.1, .NETFramework,Version=v4.7.2, .NETFramework,Version=v4.8, .NETFramework,Version=v4.8.1' instead of the project target framework 'net8.0'. This package may not be fully compatible with your project. [C:\Users\ultra\warewolf\Dev\Dev2.Runtime.Tests\Dev2.Runtime.Tests.csproj]
C:\Users\ultra\warewolf\Dev\Warewolf.MergeParser\Warewolf.MergeParser.csproj : warning NU1701: Package 'GroupControls 1.9.0' was restored using '.NETFramework,Version=v4.6.1, .NETFramework,Version=v4.6.2, .NETFramework,Version=v4.7, .NETFramework,Version=v4.7.1, .NETFramework,Version=v4.7.2, .NETFramework,Version=v4.8, .NETFramework,Version=v4.8.1' instead of the project target framework 'net8.0'. This package may not be fully compatible with your project. [C:\Users\ultra\warewolf\Dev\Dev2.Runtime.Tests\Dev2.Runtime.Tests.csproj]
C:\Users\ultra\warewolf\Dev\Warewolf.MergeParser\Warewolf.MergeParser.csproj : warning NU1701: Package 'Microsoft.Xaml.Behaviors.Wpf 1.1.122' was restored using '.NETFramework,Version=v4.6.1, .NETFramework,Version=v4.6.2, .NETFramework,Version=v4.7, .NETFramework,Version=v4.7.1, .NETFramework,Version=v4.7.2, .NETFramework,Version=v4.8, .NETFramework,Version=v4.8.1' instead of the project target framework 'net8.0'. This package may not be fully compatible with your project. [C:\Users\ultra\warewolf\Dev\Dev2.Runtime.Tests\Dev2.Runtime.Tests.csproj]
C:\Users\ultra\warewolf\Dev\Warewolf.MergeParser\Warewolf.MergeParser.csproj : warning NU1701: Package 'Prism.Wpf 9.0.537' was restored using '.NETFramework,Version=v4.6.1, .NETFramework,Version=v4.6.2, .NETFramework,Version=v4.7, .NETFramework,Version=v4.7.1, .NETFramework,Version=v4.7.2, .NETFramework,Version=v4.8, .NETFramework,Version=v4.8.1' instead of the project target framework 'net8.0'. This package may not be fully compatible with your project. [C:\Users\ultra\warewolf\Dev\Dev2.Runtime.Tests\Dev2.Runtime.Tests.csproj]
C:\Users\ultra\warewolf\Dev\Warewolf.MergeParser\Warewolf.MergeParser.csproj : warning NU1701: Package 'ReactiveUI.WPF 18.4.1' was restored using '.NETFramework,Version=v4.6.1, .NETFramework,Version=v4.6.2, .NETFramework,Version=v4.7, .NETFramework,Version=v4.7.1, .NETFramework,Version=v4.7.2, .NETFramework,Version=v4.8, .NETFramework,Version=v4.8.1' instead of the project target framework 'net8.0'. This package may not be fully compatible with your project. [C:\Users\ultra\warewolf\Dev\Dev2.Runtime.Tests\Dev2.Runtime.Tests.csproj]
C:\Users\ultra\warewolf\Dev\Warewolf.MergeParser\Warewolf.MergeParser.csproj : warning NU1701: Package 'TaskSchedulerEditor 2.10.1' was restored using '.NETFramework,Version=v4.6.1, .NETFramework,Version=v4.6.2, .NETFramework,Version=v4.7, .NETFramework,Version=v4.7.1, .NETFramework,Version=v4.7.2, .NETFramework,Version=v4.8, .NETFramework,Version=v4.8.1' instead of the project target framework 'net8.0'. This package may not be fully compatible with your project. [C:\Users\ultra\warewolf\Dev\Dev2.Runtime.Tests\Dev2.Runtime.Tests.csproj]
C:\Users\ultra\warewolf\Dev\Dev2.Runtime.WebServer\Dev2.Runtime.WebServer.csproj : warning NU1902: Package 'System.IdentityModel.Tokens.Jwt' 5.1.0 has a known moderate severity vulnerability, https://github.com/advisories/GHSA-59j7-ghrg-fj52 [C:\Users\ultra\warewolf\Dev\Dev2.Runtime.Tests\Dev2.Runtime.Tests.csproj]
C:\Users\ultra\warewolf\Dev\Dev2.Runtime.WebServer\Dev2.Runtime.WebServer.csproj : warning NU1701: Package 'AeroWizard 2.3.1' was restored using '.NETFramework,Version=v4.6.1, .NETFramework,Version=v4.6.2, .NETFramework,Version=v4.7, .NETFramework,Version=v4.7.1, .NETFramework,Version=v4.7.2, .NETFramework,Version=v4.8, .NETFramework,Version=v4.8.1' instead of the project target framework 'net8.0'. This package may not be fully compatible with your project. [C:\Users\ultra\warewolf\Dev\Dev2.Runtime.Tests\Dev2.Runtime.Tests.csproj]
C:\Users\ultra\warewolf\Dev\Dev2.Runtime.WebServer\Dev2.Runtime.WebServer.csproj : warning NU1701: Package 'GroupControls 1.9.0' was restored using '.NETFramework,Version=v4.6.1, .NETFramework,Version=v4.6.2, .NETFramework,Version=v4.7, .NETFramework,Version=v4.7.1, .NETFramework,Version=v4.7.2, .NETFramework,Version=v4.8, .NETFramework,Version=v4.8.1' instead of the project target framework 'net8.0'. This package may not be fully compatible with your project. [C:\Users\ultra\warewolf\Dev\Dev2.Runtime.Tests\Dev2.Runtime.Tests.csproj]
C:\Users\ultra\warewolf\Dev\Dev2.Runtime.WebServer\Dev2.Runtime.WebServer.csproj : warning NU1701: Package 'Microsoft.Xaml.Behaviors.Wpf 1.1.122' was restored using '.NETFramework,Version=v4.6.1, .NETFramework,Version=v4.6.2, .NETFramework,Version=v4.7, .NETFramework,Version=v4.7.1, .NETFramework,Version=v4.7.2, .NETFramework,Version=v4.8, .NETFramework,Version=v4.8.1' instead of the project target framework 'net8.0'. This package may not be fully compatible with your project. [C:\Users\ultra\warewolf\Dev\Dev2.Runtime.Tests\Dev2.Runtime.Tests.csproj]
C:\Users\ultra\warewolf\Dev\Dev2.Runtime.WebServer\Dev2.Runtime.WebServer.csproj : warning NU1701: Package 'Prism.Wpf 9.0.537' was restored using '.NETFramework,Version=v4.6.1, .NETFramework,Version=v4.6.2, .NETFramework,Version=v4.7, .NETFramework,Version=v4.7.1, .NETFramework,Version=v4.7.2, .NETFramework,Version=v4.8, .NETFramework,Version=v4.8.1' instead of the project target framework 'net8.0'. This package may not be fully compatible with your project. [C:\Users\ultra\warewolf\Dev\Dev2.Runtime.Tests\Dev2.Runtime.Tests.csproj]
C:\Users\ultra\warewolf\Dev\Dev2.Runtime.WebServer\Dev2.Runtime.WebServer.csproj : warning NU1701: Package 'ReactiveUI.WPF 18.4.1' was restored using '.NETFramework,Version=v4.6.1, .NETFramework,Version=v4.6.2, .NETFramework,Version=v4.7, .NETFramework,Version=v4.7.1, .NETFramework,Version=v4.7.2, .NETFramework,Version=v4.8, .NETFramework,Version=v4.8.1' instead of the project target framework 'net8.0'. This package may not be fully compatible with your project. [C:\Users\ultra\warewolf\Dev\Dev2.Runtime.Tests\Dev2.Runtime.Tests.csproj]
C:\Users\ultra\warewolf\Dev\Dev2.Runtime.WebServer\Dev2.Runtime.WebServer.csproj : warning NU1701: Package 'TaskSchedulerEditor 2.10.1' was restored using '.NETFramework,Version=v4.6.1, .NETFramework,Version=v4.6.2, .NETFramework,Version=v4.7, .NETFramework,Version=v4.7.1, .NETFramework,Version=v4.7.2, .NETFramework,Version=v4.8, .NETFramework,Version=v4.8.1' instead of the project target framework 'net8.0'. This package may not be fully compatible with your project. [C:\Users\ultra\warewolf\Dev\Dev2.Runtime.Tests\Dev2.Runtime.Tests.csproj]
C:\Users\ultra\warewolf\Dev\Warewolf.MergeParser.Tests\Warewolf.MergeParser.Tests.csproj : warning NU1701: Package 'AeroWizard 2.3.1' was restored using '.NETFramework,Version=v4.6.1, .NETFramework,Version=v4.6.2, .NETFramework,Version=v4.7, .NETFramework,Version=v4.7.1, .NETFramework,Version=v4.7.2, .NETFramework,Version=v4.8, .NETFramework,Version=v4.8.1' instead of the project target framework 'net8.0'. This package may not be fully compatible with your project. [C:\Users\ultra\warewolf\Dev\Dev2.Runtime.Tests\Dev2.Runtime.Tests.csproj]
C:\Users\ultra\warewolf\Dev\Warewolf.MergeParser.Tests\Warewolf.MergeParser.Tests.csproj : warning NU1701: Package 'GroupControls 1.9.0' was restored using '.NETFramework,Version=v4.6.1, .NETFramework,Version=v4.6.2, .NETFramework,Version=v4.7, .NETFramework,Version=v4.7.1, .NETFramework,Version=v4.7.2, .NETFramework,Version=v4.8, .NETFramework,Version=v4.8.1' instead of the project target framework 'net8.0'. This package may not be fully compatible with your project. [C:\Users\ultra\warewolf\Dev\Dev2.Runtime.Tests\Dev2.Runtime.Tests.csproj]
C:\Users\ultra\warewolf\Dev\Warewolf.MergeParser.Tests\Warewolf.MergeParser.Tests.csproj : warning NU1701: Package 'Microsoft.Xaml.Behaviors.Wpf 1.1.122' was restored using '.NETFramework,Version=v4.6.1, .NETFramework,Version=v4.6.2, .NETFramework,Version=v4.7, .NETFramework,Version=v4.7.1, .NETFramework,Version=v4.7.2, .NETFramework,Version=v4.8, .NETFramework,Version=v4.8.1' instead of the project target framework 'net8.0'. This package may not be fully compatible with your project. [C:\Users\ultra\warewolf\Dev\Dev2.Runtime.Tests\Dev2.Runtime.Tests.csproj]
C:\Users\ultra\warewolf\Dev\Warewolf.MergeParser.Tests\Warewolf.MergeParser.Tests.csproj : warning NU1701: Package 'Prism.Wpf 9.0.537' was restored using '.NETFramework,Version=v4.6.1, .NETFramework,Version=v4.6.2, .NETFramework,Version=v4.7, .NETFramework,Version=v4.7.1, .NETFramework,Version=v4.7.2, .NETFramework,Version=v4.8, .NETFramework,Version=v4.8.1' instead of the project target framework 'net8.0'. This package may not be fully compatible with your project. [C:\Users\ultra\warewolf\Dev\Dev2.Runtime.Tests\Dev2.Runtime.Tests.csproj]
C:\Users\ultra\warewolf\Dev\Warewolf.MergeParser.Tests\Warewolf.MergeParser.Tests.csproj : warning NU1701: Package 'ReactiveUI.WPF 18.4.1' was restored using '.NETFramework,Version=v4.6.1, .NETFramework,Version=v4.6.2, .NETFramework,Version=v4.7, .NETFramework,Version=v4.7.1, .NETFramework,Version=v4.7.2, .NETFramework,Version=v4.8, .NETFramework,Version=v4.8.1' instead of the project target framework 'net8.0'. This package may not be fully compatible with your project. [C:\Users\ultra\warewolf\Dev\Dev2.Runtime.Tests\Dev2.Runtime.Tests.csproj]
C:\Users\ultra\warewolf\Dev\Warewolf.MergeParser.Tests\Warewolf.MergeParser.Tests.csproj : warning NU1701: Package 'TaskSchedulerEditor 2.10.1' was restored using '.NETFramework,Version=v4.6.1, .NETFramework,Version=v4.6.2, .NETFramework,Version=v4.7, .NETFramework,Version=v4.7.1, .NETFramework,Version=v4.7.2, .NETFramework,Version=v4.8, .NETFramework,Version=v4.8.1' instead of the project target framework 'net8.0'. This package may not be fully compatible with your project. [C:\Users\ultra\warewolf\Dev\Dev2.Runtime.Tests\Dev2.Runtime.Tests.csproj]
C:\Users\ultra\warewolf\Dev\Warewolf.Studio.AntiCorruptionLayer\Warewolf.Studio.AntiCorruptionLayer.csproj : warning NU1701: Package 'AeroWizard 2.3.1' was restored using '.NETFramework,Version=v4.6.1, .NETFramework,Version=v4.6.2, .NETFramework,Version=v4.7, .NETFramework,Version=v4.7.1, .NETFramework,Version=v4.7.2, .NETFramework,Version=v4.8, .NETFramework,Version=v4.8.1' instead of the project target framework 'net8.0'. This package may not be fully compatible with your project. [C:\Users\ultra\warewolf\Dev\Dev2.Runtime.Tests\Dev2.Runtime.Tests.csproj]
C:\Users\ultra\warewolf\Dev\Warewolf.Studio.AntiCorruptionLayer\Warewolf.Studio.AntiCorruptionLayer.csproj : warning NU1701: Package 'GroupControls 1.9.0' was restored using '.NETFramework,Version=v4.6.1, .NETFramework,Version=v4.6.2, .NETFramework,Version=v4.7, .NETFramework,Version=v4.7.1, .NETFramework,Version=v4.7.2, .NETFramework,Version=v4.8, .NETFramework,Version=v4.8.1' instead of the project target framework 'net8.0'. This package may not be fully compatible with your project. [C:\Users\ultra\warewolf\Dev\Dev2.Runtime.Tests\Dev2.Runtime.Tests.csproj]
C:\Users\ultra\warewolf\Dev\Warewolf.Studio.AntiCorruptionLayer\Warewolf.Studio.AntiCorruptionLayer.csproj : warning NU1701: Package 'Microsoft.Xaml.Behaviors.Wpf 1.1.122' was restored using '.NETFramework,Version=v4.6.1, .NETFramework,Version=v4.6.2, .NETFramework,Version=v4.7, .NETFramework,Version=v4.7.1, .NETFramework,Version=v4.7.2, .NETFramework,Version=v4.8, .NETFramework,Version=v4.8.1' instead of the project target framework 'net8.0'. This package may not be fully compatible with your project. [C:\Users\ultra\warewolf\Dev\Dev2.Runtime.Tests\Dev2.Runtime.Tests.csproj]
C:\Users\ultra\warewolf\Dev\Warewolf.Studio.AntiCorruptionLayer\Warewolf.Studio.AntiCorruptionLayer.csproj : warning NU1701: Package 'Prism.Wpf 9.0.537' was restored using '.NETFramework,Version=v4.6.1, .NETFramework,Version=v4.6.2, .NETFramework,Version=v4.7, .NETFramework,Version=v4.7.1, .NETFramework,Version=v4.7.2, .NETFramework,Version=v4.8, .NETFramework,Version=v4.8.1' instead of the project target framework 'net8.0'. This package may not be fully compatible with your project. [C:\Users\ultra\warewolf\Dev\Dev2.Runtime.Tests\Dev2.Runtime.Tests.csproj]
C:\Users\ultra\warewolf\Dev\Warewolf.Studio.AntiCorruptionLayer\Warewolf.Studio.AntiCorruptionLayer.csproj : warning NU1701: Package 'ReactiveUI.WPF 18.4.1' was restored using '.NETFramework,Version=v4.6.1, .NETFramework,Version=v4.6.2, .NETFramework,Version=v4.7, .NETFramework,Version=v4.7.1, .NETFramework,Version=v4.7.2, .NETFramework,Version=v4.8, .NETFramework,Version=v4.8.1' instead of the project target framework 'net8.0'. This package may not be fully compatible with your project. [C:\Users\ultra\warewolf\Dev\Dev2.Runtime.Tests\Dev2.Runtime.Tests.csproj]
C:\Users\ultra\warewolf\Dev\Warewolf.Studio.AntiCorruptionLayer\Warewolf.Studio.AntiCorruptionLayer.csproj : warning NU1701: Package 'TaskSchedulerEditor 2.10.1' was restored using '.NETFramework,Version=v4.6.1, .NETFramework,Version=v4.6.2, .NETFramework,Version=v4.7, .NETFramework,Version=v4.7.1, .NETFramework,Version=v4.7.2, .NETFramework,Version=v4.8, .NETFramework,Version=v4.8.1' instead of the project target framework 'net8.0'. This package may not be fully compatible with your project. [C:\Users\ultra\warewolf\Dev\Dev2.Runtime.Tests\Dev2.Runtime.Tests.csproj]
C:\Users\ultra\warewolf\Dev\Warewolf.Logger\Warewolf.Logger.csproj : warning NU1701: Package 'AeroWizard 2.3.1' was restored using '.NETFramework,Version=v4.6.1, .NETFramework,Version=v4.6.2, .NETFramework,Version=v4.7, .NETFramework,Version=v4.7.1, .NETFramework,Version=v4.7.2, .NETFramework,Version=v4.8, .NETFramework,Version=v4.8.1' instead of the project target framework 'net8.0'. This package may not be fully compatible with your project. [C:\Users\ultra\warewolf\Dev\Dev2.Runtime.Tests\Dev2.Runtime.Tests.csproj]
C:\Users\ultra\warewolf\Dev\Warewolf.Logger\Warewolf.Logger.csproj : warning NU1701: Package 'GroupControls 1.9.0' was restored using '.NETFramework,Version=v4.6.1, .NETFramework,Version=v4.6.2, .NETFramework,Version=v4.7, .NETFramework,Version=v4.7.1, .NETFramework,Version=v4.7.2, .NETFramework,Version=v4.8, .NETFramework,Version=v4.8.1' instead of the project target framework 'net8.0'. This package may not be fully compatible with your project. [C:\Users\ultra\warewolf\Dev\Dev2.Runtime.Tests\Dev2.Runtime.Tests.csproj]
C:\Users\ultra\warewolf\Dev\Warewolf.Logger\Warewolf.Logger.csproj : warning NU1701: Package 'Microsoft.Xaml.Behaviors.Wpf 1.1.122' was restored using '.NETFramework,Version=v4.6.1, .NETFramework,Version=v4.6.2, .NETFramework,Version=v4.7, .NETFramework,Version=v4.7.1, .NETFramework,Version=v4.7.2, .NETFramework,Version=v4.8, .NETFramework,Version=v4.8.1' instead of the project target framework 'net8.0'. This package may not be fully compatible with your project. [C:\Users\ultra\warewolf\Dev\Dev2.Runtime.Tests\Dev2.Runtime.Tests.csproj]
C:\Users\ultra\warewolf\Dev\Warewolf.Logger\Warewolf.Logger.csproj : warning NU1701: Package 'Prism.Wpf 9.0.537' was restored using '.NETFramework,Version=v4.6.1, .NETFramework,Version=v4.6.2, .NETFramework,Version=v4.7, .NETFramework,Version=v4.7.1, .NETFramework,Version=v4.7.2, .NETFramework,Version=v4.8, .NETFramework,Version=v4.8.1' instead of the project target framework 'net8.0'. This package may not be fully compatible with your project. [C:\Users\ultra\warewolf\Dev\Dev2.Runtime.Tests\Dev2.Runtime.Tests.csproj]
C:\Users\ultra\warewolf\Dev\Warewolf.Logger\Warewolf.Logger.csproj : warning NU1701: Package 'ReactiveUI.WPF 18.4.1' was restored using '.NETFramework,Version=v4.6.1, .NETFramework,Version=v4.6.2, .NETFramework,Version=v4.7, .NETFramework,Version=v4.7.1, .NETFramework,Version=v4.7.2, .NETFramework,Version=v4.8, .NETFramework,Version=v4.8.1' instead of the project target framework 'net8.0'. This package may not be fully compatible with your project. [C:\Users\ultra\warewolf\Dev\Dev2.Runtime.Tests\Dev2.Runtime.Tests.csproj]
C:\Users\ultra\warewolf\Dev\Warewolf.Logger\Warewolf.Logger.csproj : warning NU1701: Package 'TaskSchedulerEditor 2.10.1' was restored using '.NETFramework,Version=v4.6.1, .NETFramework,Version=v4.6.2, .NETFramework,Version=v4.7, .NETFramework,Version=v4.7.1, .NETFramework,Version=v4.7.2, .NETFramework,Version=v4.8, .NETFramework,Version=v4.8.1' instead of the project target framework 'net8.0'. This package may not be fully compatible with your project. [C:\Users\ultra\warewolf\Dev\Dev2.Runtime.Tests\Dev2.Runtime.Tests.csproj]
C:\Users\ultra\warewolf\Dev\Dev2.Runtime.Services\Dev2.Runtime.Services.csproj : warning NU1902: Package 'MessagePack' 2.4.59 has a known moderate severity vulnerability, https://github.com/advisories/GHSA-4qm4-8hg2-g2xm [C:\Users\ultra\warewolf\Dev\Dev2.Runtime.Tests\Dev2.Runtime.Tests.csproj]
C:\Users\ultra\warewolf\Dev\Dev2.Runtime.Services\Dev2.Runtime.Services.csproj : warning NU1903: Package 'Microsoft.Windows.Compatibility' 6.0.0 has a known high severity vulnerability, https://github.com/advisories/GHSA-555c-2p6r-68mm [C:\Users\ultra\warewolf\Dev\Dev2.Runtime.Tests\Dev2.Runtime.Tests.csproj]
C:\Users\ultra\warewolf\Dev\Dev2.Runtime.Services\Dev2.Runtime.Services.csproj : warning NU1701: Package 'AeroWizard 2.3.1' was restored using '.NETFramework,Version=v4.6.1, .NETFramework,Version=v4.6.2, .NETFramework,Version=v4.7, .NETFramework,Version=v4.7.1, .NETFramework,Version=v4.7.2, .NETFramework,Version=v4.8, .NETFramework,Version=v4.8.1' instead of the project target framework 'net8.0'. This package may not be fully compatible with your project. [C:\Users\ultra\warewolf\Dev\Dev2.Runtime.Tests\Dev2.Runtime.Tests.csproj]
C:\Users\ultra\warewolf\Dev\Dev2.Runtime.Services\Dev2.Runtime.Services.csproj : warning NU1701: Package 'GroupControls 1.9.0' was restored using '.NETFramework,Version=v4.6.1, .NETFramework,Version=v4.6.2, .NETFramework,Version=v4.7, .NETFramework,Version=v4.7.1, .NETFramework,Version=v4.7.2, .NETFramework,Version=v4.8, .NETFramework,Version=v4.8.1' instead of the project target framework 'net8.0'. This package may not be fully compatible with your project. [C:\Users\ultra\warewolf\Dev\Dev2.Runtime.Tests\Dev2.Runtime.Tests.csproj]
C:\Users\ultra\warewolf\Dev\Dev2.Runtime.Services\Dev2.Runtime.Services.csproj : warning NU1701: Package 'ReactiveUI.WPF 18.4.1' was restored using '.NETFramework,Version=v4.6.1, .NETFramework,Version=v4.6.2, .NETFramework,Version=v4.7, .NETFramework,Version=v4.7.1, .NETFramework,Version=v4.7.2, .NETFramework,Version=v4.8, .NETFramework,Version=v4.8.1' instead of the project target framework 'net8.0'. This package may not be fully compatible with your project. [C:\Users\ultra\warewolf\Dev\Dev2.Runtime.Tests\Dev2.Runtime.Tests.csproj]
C:\Users\ultra\warewolf\Dev\Dev2.Runtime.Services\Dev2.Runtime.Services.csproj : warning NU1701: Package 'TaskSchedulerEditor 2.10.1' was restored using '.NETFramework,Version=v4.6.1, .NETFramework,Version=v4.6.2, .NETFramework,Version=v4.7, .NETFramework,Version=v4.7.1, .NETFramework,Version=v4.7.2, .NETFramework,Version=v4.8, .NETFramework,Version=v4.8.1' instead of the project target framework 'net8.0'. This package may not be fully compatible with your project. [C:\Users\ultra\warewolf\Dev\Dev2.Runtime.Tests\Dev2.Runtime.Tests.csproj]
C:\Users\ultra\warewolf\Dev\Dev2.Activities.Designers\Dev2.Activities.Designers.csproj : warning NU1701: Package 'AeroWizard 2.3.1' was restored using '.NETFramework,Version=v4.6.1, .NETFramework,Version=v4.6.2, .NETFramework,Version=v4.7, .NETFramework,Version=v4.7.1, .NETFramework,Version=v4.7.2, .NETFramework,Version=v4.8, .NETFramework,Version=v4.8.1' instead of the project target framework 'net8.0'. This package may not be fully compatible with your project. [C:\Users\ultra\warewolf\Dev\Dev2.Runtime.Tests\Dev2.Runtime.Tests.csproj]
C:\Users\ultra\warewolf\Dev\Dev2.Activities.Designers\Dev2.Activities.Designers.csproj : warning NU1701: Package 'GroupControls 1.9.0' was restored using '.NETFramework,Version=v4.6.1, .NETFramework,Version=v4.6.2, .NETFramework,Version=v4.7, .NETFramework,Version=v4.7.1, .NETFramework,Version=v4.7.2, .NETFramework,Version=v4.8, .NETFramework,Version=v4.8.1' instead of the project target framework 'net8.0'. This package may not be fully compatible with your project. [C:\Users\ultra\warewolf\Dev\Dev2.Runtime.Tests\Dev2.Runtime.Tests.csproj]
C:\Users\ultra\warewolf\Dev\Dev2.Activities.Designers\Dev2.Activities.Designers.csproj : warning NU1701: Package 'Microsoft.Xaml.Behaviors.Wpf 1.1.122' was restored using '.NETFramework,Version=v4.6.1, .NETFramework,Version=v4.6.2, .NETFramework,Version=v4.7, .NETFramework,Version=v4.7.1, .NETFramework,Version=v4.7.2, .NETFramework,Version=v4.8, .NETFramework,Version=v4.8.1' instead of the project target framework 'net8.0'. This package may not be fully compatible with your project. [C:\Users\ultra\warewolf\Dev\Dev2.Runtime.Tests\Dev2.Runtime.Tests.csproj]
C:\Users\ultra\warewolf\Dev\Dev2.Activities.Designers\Dev2.Activities.Designers.csproj : warning NU1701: Package 'Prism.Wpf 9.0.537' was restored using '.NETFramework,Version=v4.6.1, .NETFramework,Version=v4.6.2, .NETFramework,Version=v4.7, .NETFramework,Version=v4.7.1, .NETFramework,Version=v4.7.2, .NETFramework,Version=v4.8, .NETFramework,Version=v4.8.1' instead of the project target framework 'net8.0'. This package may not be fully compatible with your project. [C:\Users\ultra\warewolf\Dev\Dev2.Runtime.Tests\Dev2.Runtime.Tests.csproj]
C:\Users\ultra\warewolf\Dev\Dev2.Activities.Designers\Dev2.Activities.Designers.csproj : warning NU1701: Package 'ReactiveUI.WPF 18.4.1' was restored using '.NETFramework,Version=v4.6.1, .NETFramework,Version=v4.6.2, .NETFramework,Version=v4.7, .NETFramework,Version=v4.7.1, .NETFramework,Version=v4.7.2, .NETFramework,Version=v4.8, .NETFramework,Version=v4.8.1' instead of the project target framework 'net8.0'. This package may not be fully compatible with your project. [C:\Users\ultra\warewolf\Dev\Dev2.Runtime.Tests\Dev2.Runtime.Tests.csproj]
C:\Users\ultra\warewolf\Dev\Dev2.Activities.Designers\Dev2.Activities.Designers.csproj : warning NU1701: Package 'TaskSchedulerEditor 2.10.1' was restored using '.NETFramework,Version=v4.6.1, .NETFramework,Version=v4.6.2, .NETFramework,Version=v4.7, .NETFramework,Version=v4.7.1, .NETFramework,Version=v4.7.2, .NETFramework,Version=v4.8, .NETFramework,Version=v4.8.1' instead of the project target framework 'net8.0'. This package may not be fully compatible with your project. [C:\Users\ultra\warewolf\Dev\Dev2.Runtime.Tests\Dev2.Runtime.Tests.csproj]
C:\Users\ultra\warewolf\Dev\Dev2.Activities.Tests\Dev2.Activities.Tests.csproj : warning NU1701: Package 'AeroWizard 2.3.1' was restored using '.NETFramework,Version=v4.6.1, .NETFramework,Version=v4.6.2, .NETFramework,Version=v4.7, .NETFramework,Version=v4.7.1, .NETFramework,Version=v4.7.2, .NETFramework,Version=v4.8, .NETFramework,Version=v4.8.1' instead of the project target framework 'net8.0'. This package may not be fully compatible with your project. [C:\Users\ultra\warewolf\Dev\Dev2.Runtime.Tests\Dev2.Runtime.Tests.csproj]
C:\Users\ultra\warewolf\Dev\Dev2.Activities.Tests\Dev2.Activities.Tests.csproj : warning NU1701: Package 'GroupControls 1.9.0' was restored using '.NETFramework,Version=v4.6.1, .NETFramework,Version=v4.6.2, .NETFramework,Version=v4.7, .NETFramework,Version=v4.7.1, .NETFramework,Version=v4.7.2, .NETFramework,Version=v4.8, .NETFramework,Version=v4.8.1' instead of the project target framework 'net8.0'. This package may not be fully compatible with your project. [C:\Users\ultra\warewolf\Dev\Dev2.Runtime.Tests\Dev2.Runtime.Tests.csproj]
C:\Users\ultra\warewolf\Dev\Dev2.Activities.Tests\Dev2.Activities.Tests.csproj : warning NU1701: Package 'Microsoft.Xaml.Behaviors.Wpf 1.1.122' was restored using '.NETFramework,Version=v4.6.1, .NETFramework,Version=v4.6.2, .NETFramework,Version=v4.7, .NETFramework,Version=v4.7.1, .NETFramework,Version=v4.7.2, .NETFramework,Version=v4.8, .NETFramework,Version=v4.8.1' instead of the project target framework 'net8.0'. This package may not be fully compatible with your project. [C:\Users\ultra\warewolf\Dev\Dev2.Runtime.Tests\Dev2.Runtime.Tests.csproj]
C:\Users\ultra\warewolf\Dev\Dev2.Activities.Tests\Dev2.Activities.Tests.csproj : warning NU1701: Package 'Prism.Wpf 9.0.537' was restored using '.NETFramework,Version=v4.6.1, .NETFramework,Version=v4.6.2, .NETFramework,Version=v4.7, .NETFramework,Version=v4.7.1, .NETFramework,Version=v4.7.2, .NETFramework,Version=v4.8, .NETFramework,Version=v4.8.1' instead of the project target framework 'net8.0'. This package may not be fully compatible with your project. [C:\Users\ultra\warewolf\Dev\Dev2.Runtime.Tests\Dev2.Runtime.Tests.csproj]
C:\Users\ultra\warewolf\Dev\Dev2.Activities.Tests\Dev2.Activities.Tests.csproj : warning NU1701: Package 'ReactiveUI.WPF 18.4.1' was restored using '.NETFramework,Version=v4.6.1, .NETFramework,Version=v4.6.2, .NETFramework,Version=v4.7, .NETFramework,Version=v4.7.1, .NETFramework,Version=v4.7.2, .NETFramework,Version=v4.8, .NETFramework,Version=v4.8.1' instead of the project target framework 'net8.0'. This package may not be fully compatible with your project. [C:\Users\ultra\warewolf\Dev\Dev2.Runtime.Tests\Dev2.Runtime.Tests.csproj]
C:\Users\ultra\warewolf\Dev\Dev2.Activities.Tests\Dev2.Activities.Tests.csproj : warning NU1701: Package 'TaskSchedulerEditor 2.10.1' was restored using '.NETFramework,Version=v4.6.1, .NETFramework,Version=v4.6.2, .NETFramework,Version=v4.7, .NETFramework,Version=v4.7.1, .NETFramework,Version=v4.7.2, .NETFramework,Version=v4.8, .NETFramework,Version=v4.8.1' instead of the project target framework 'net8.0'. This package may not be fully compatible with your project. [C:\Users\ultra\warewolf\Dev\Dev2.Runtime.Tests\Dev2.Runtime.Tests.csproj]
C:\Users\ultra\warewolf\Dev\Dev2.Runtime.Configuration.Tests\Dev2.Runtime.Configuration.Tests.csproj : warning NU1701: Package 'AeroWizard 2.3.1' was restored using '.NETFramework,Version=v4.6.1, .NETFramework,Version=v4.6.2, .NETFramework,Version=v4.7, .NETFramework,Version=v4.7.1, .NETFramework,Version=v4.7.2, .NETFramework,Version=v4.8, .NETFramework,Version=v4.8.1' instead of the project target framework 'net8.0'. This package may not be fully compatible with your project. [C:\Users\ultra\warewolf\Dev\Dev2.Runtime.Tests\Dev2.Runtime.Tests.csproj]
C:\Users\ultra\warewolf\Dev\Dev2.Runtime.Configuration.Tests\Dev2.Runtime.Configuration.Tests.csproj : warning NU1701: Package 'GroupControls 1.9.0' was restored using '.NETFramework,Version=v4.6.1, .NETFramework,Version=v4.6.2, .NETFramework,Version=v4.7, .NETFramework,Version=v4.7.1, .NETFramework,Version=v4.7.2, .NETFramework,Version=v4.8, .NETFramework,Version=v4.8.1' instead of the project target framework 'net8.0'. This package may not be fully compatible with your project. [C:\Users\ultra\warewolf\Dev\Dev2.Runtime.Tests\Dev2.Runtime.Tests.csproj]
C:\Users\ultra\warewolf\Dev\Dev2.Runtime.Configuration.Tests\Dev2.Runtime.Configuration.Tests.csproj : warning NU1701: Package 'TaskSchedulerEditor 2.10.1' was restored using '.NETFramework,Version=v4.6.1, .NETFramework,Version=v4.6.2, .NETFramework,Version=v4.7, .NETFramework,Version=v4.7.1, .NETFramework,Version=v4.7.2, .NETFramework,Version=v4.8, .NETFramework,Version=v4.8.1' instead of the project target framework 'net8.0'. This package may not be fully compatible with your project. [C:\Users\ultra\warewolf\Dev\Dev2.Runtime.Tests\Dev2.Runtime.Tests.csproj]
C:\Users\ultra\warewolf\Dev\Dev2.Infrastructure\Dev2.Infrastructure.csproj : warning NU1903: Package 'Microsoft.Windows.Compatibility' 6.0.0 has a known high severity vulnerability, https://github.com/advisories/GHSA-555c-2p6r-68mm [C:\Users\ultra\warewolf\Dev\Dev2.Runtime.Tests\Dev2.Runtime.Tests.csproj]
C:\Users\ultra\warewolf\Dev\Dev2.Infrastructure\Dev2.Infrastructure.csproj : warning NU1701: Package 'AeroWizard 2.3.1' was restored using '.NETFramework,Version=v4.6.1, .NETFramework,Version=v4.6.2, .NETFramework,Version=v4.7, .NETFramework,Version=v4.7.1, .NETFramework,Version=v4.7.2, .NETFramework,Version=v4.8, .NETFramework,Version=v4.8.1' instead of the project target framework 'net8.0'. This package may not be fully compatible with your project. [C:\Users\ultra\warewolf\Dev\Dev2.Runtime.Tests\Dev2.Runtime.Tests.csproj]
C:\Users\ultra\warewolf\Dev\Dev2.Infrastructure\Dev2.Infrastructure.csproj : warning NU1701: Package 'GroupControls 1.9.0' was restored using '.NETFramework,Version=v4.6.1, .NETFramework,Version=v4.6.2, .NETFramework,Version=v4.7, .NETFramework,Version=v4.7.1, .NETFramework,Version=v4.7.2, .NETFramework,Version=v4.8, .NETFramework,Version=v4.8.1' instead of the project target framework 'net8.0'. This package may not be fully compatible with your project. [C:\Users\ultra\warewolf\Dev\Dev2.Runtime.Tests\Dev2.Runtime.Tests.csproj]
C:\Users\ultra\warewolf\Dev\Dev2.Infrastructure\Dev2.Infrastructure.csproj : warning NU1701: Package 'ReactiveUI.WPF 18.4.1' was restored using '.NETFramework,Version=v4.6.1, .NETFramework,Version=v4.6.2, .NETFramework,Version=v4.7, .NETFramework,Version=v4.7.1, .NETFramework,Version=v4.7.2, .NETFramework,Version=v4.8, .NETFramework,Version=v4.8.1' instead of the project target framework 'net8.0'. This package may not be fully compatible with your project. [C:\Users\ultra\warewolf\Dev\Dev2.Runtime.Tests\Dev2.Runtime.Tests.csproj]
C:\Users\ultra\warewolf\Dev\Dev2.Infrastructure\Dev2.Infrastructure.csproj : warning NU1701: Package 'TaskSchedulerEditor 2.10.1' was restored using '.NETFramework,Version=v4.6.1, .NETFramework,Version=v4.6.2, .NETFramework,Version=v4.7, .NETFramework,Version=v4.7.1, .NETFramework,Version=v4.7.2, .NETFramework,Version=v4.8, .NETFramework,Version=v4.8.1' instead of the project target framework 'net8.0'. This package may not be fully compatible with your project. [C:\Users\ultra\warewolf\Dev\Dev2.Runtime.Tests\Dev2.Runtime.Tests.csproj]
C:\Users\ultra\warewolf\Dev\Dev2.Runtime\Dev2.Runtime.csproj : warning NU1903: Package 'Microsoft.Windows.Compatibility' 6.0.0 has a known high severity vulnerability, https://github.com/advisories/GHSA-555c-2p6r-68mm [C:\Users\ultra\warewolf\Dev\Dev2.Runtime.Tests\Dev2.Runtime.Tests.csproj]
C:\Users\ultra\warewolf\Dev\Dev2.Runtime\Dev2.Runtime.csproj : warning NU1701: Package 'AeroWizard 2.3.1' was restored using '.NETFramework,Version=v4.6.1, .NETFramework,Version=v4.6.2, .NETFramework,Version=v4.7, .NETFramework,Version=v4.7.1, .NETFramework,Version=v4.7.2, .NETFramework,Version=v4.8, .NETFramework,Version=v4.8.1' instead of the project target framework 'net8.0'. This package may not be fully compatible with your project. [C:\Users\ultra\warewolf\Dev\Dev2.Runtime.Tests\Dev2.Runtime.Tests.csproj]
C:\Users\ultra\warewolf\Dev\Dev2.Runtime\Dev2.Runtime.csproj : warning NU1701: Package 'GroupControls 1.9.0' was restored using '.NETFramework,Version=v4.6.1, .NETFramework,Version=v4.6.2, .NETFramework,Version=v4.7, .NETFramework,Version=v4.7.1, .NETFramework,Version=v4.7.2, .NETFramework,Version=v4.8, .NETFramework,Version=v4.8.1' instead of the project target framework 'net8.0'. This package may not be fully compatible with your project. [C:\Users\ultra\warewolf\Dev\Dev2.Runtime.Tests\Dev2.Runtime.Tests.csproj]
C:\Users\ultra\warewolf\Dev\Dev2.Runtime\Dev2.Runtime.csproj : warning NU1701: Package 'ReactiveUI.WPF 18.4.1' was restored using '.NETFramework,Version=v4.6.1, .NETFramework,Version=v4.6.2, .NETFramework,Version=v4.7, .NETFramework,Version=v4.7.1, .NETFramework,Version=v4.7.2, .NETFramework,Version=v4.8, .NETFramework,Version=v4.8.1' instead of the project target framework 'net8.0'. This package may not be fully compatible with your project. [C:\Users\ultra\warewolf\Dev\Dev2.Runtime.Tests\Dev2.Runtime.Tests.csproj]
C:\Users\ultra\warewolf\Dev\Dev2.Runtime\Dev2.Runtime.csproj : warning NU1701: Package 'TaskSchedulerEditor 2.10.1' was restored using '.NETFramework,Version=v4.6.1, .NETFramework,Version=v4.6.2, .NETFramework,Version=v4.7, .NETFramework,Version=v4.7.1, .NETFramework,Version=v4.7.2, .NETFramework,Version=v4.8, .NETFramework,Version=v4.8.1' instead of the project target framework 'net8.0'. This package may not be fully compatible with your project. [C:\Users\ultra\warewolf\Dev\Dev2.Runtime.Tests\Dev2.Runtime.Tests.csproj]
C:\Users\ultra\warewolf\Dev\Dev2.SignalR.Wrappers.New\Dev2.SignalR.Wrappers.New.csproj : warning NU1701: Package 'AeroWizard 2.3.1' was restored using '.NETFramework,Version=v4.6.1, .NETFramework,Version=v4.6.2, .NETFramework,Version=v4.7, .NETFramework,Version=v4.7.1, .NETFramework,Version=v4.7.2, .NETFramework,Version=v4.8, .NETFramework,Version=v4.8.1' instead of the project target framework 'net8.0'. This package may not be fully compatible with your project. [C:\Users\ultra\warewolf\Dev\Dev2.Runtime.Tests\Dev2.Runtime.Tests.csproj]
C:\Users\ultra\warewolf\Dev\Dev2.SignalR.Wrappers.New\Dev2.SignalR.Wrappers.New.csproj : warning NU1701: Package 'GroupControls 1.9.0' was restored using '.NETFramework,Version=v4.6.1, .NETFramework,Version=v4.6.2, .NETFramework,Version=v4.7, .NETFramework,Version=v4.7.1, .NETFramework,Version=v4.7.2, .NETFramework,Version=v4.8, .NETFramework,Version=v4.8.1' instead of the project target framework 'net8.0'. This package may not be fully compatible with your project. [C:\Users\ultra\warewolf\Dev\Dev2.Runtime.Tests\Dev2.Runtime.Tests.csproj]
C:\Users\ultra\warewolf\Dev\Dev2.SignalR.Wrappers.New\Dev2.SignalR.Wrappers.New.csproj : warning NU1701: Package 'ReactiveUI.WPF 18.4.1' was restored using '.NETFramework,Version=v4.6.1, .NETFramework,Version=v4.6.2, .NETFramework,Version=v4.7, .NETFramework,Version=v4.7.1, .NETFramework,Version=v4.7.2, .NETFramework,Version=v4.8, .NETFramework,Version=v4.8.1' instead of the project target framework 'net8.0'. This package may not be fully compatible with your project. [C:\Users\ultra\warewolf\Dev\Dev2.Runtime.Tests\Dev2.Runtime.Tests.csproj]
C:\Users\ultra\warewolf\Dev\Dev2.SignalR.Wrappers.New\Dev2.SignalR.Wrappers.New.csproj : warning NU1701: Package 'TaskSchedulerEditor 2.10.1' was restored using '.NETFramework,Version=v4.6.1, .NETFramework,Version=v4.6.2, .NETFramework,Version=v4.7, .NETFramework,Version=v4.7.1, .NETFramework,Version=v4.7.2, .NETFramework,Version=v4.8, .NETFramework,Version=v4.8.1' instead of the project target framework 'net8.0'. This package may not be fully compatible with your project. [C:\Users\ultra\warewolf\Dev\Dev2.Runtime.Tests\Dev2.Runtime.Tests.csproj]
C:\Users\ultra\warewolf\Dev\Dev2.Runtime.Tests\Dev2.Runtime.Tests.csproj : warning NU1701: Package 'AeroWizard 2.3.1' was restored using '.NETFramework,Version=v4.6.1, .NETFramework,Version=v4.6.2, .NETFramework,Version=v4.7, .NETFramework,Version=v4.7.1, .NETFramework,Version=v4.7.2, .NETFramework,Version=v4.8, .NETFramework,Version=v4.8.1' instead of the project target framework 'net8.0'. This package may not be fully compatible with your project.
C:\Users\ultra\warewolf\Dev\Dev2.Runtime.Tests\Dev2.Runtime.Tests.csproj : warning NU1701: Package 'AvalonEdit 6.3.0.90' was restored using '.NETFramework,Version=v4.6.1, .NETFramework,Version=v4.6.2, .NETFramework,Version=v4.7, .NETFramework,Version=v4.7.1, .NETFramework,Version=v4.7.2, .NETFramework,Version=v4.8, .NETFramework,Version=v4.8.1' instead of the project target framework 'net8.0'. This package may not be fully compatible with your project.
C:\Users\ultra\warewolf\Dev\Dev2.Runtime.Tests\Dev2.Runtime.Tests.csproj : warning NU1701: Package 'CommonServiceLocator 1.2.0' was restored using '.NETFramework,Version=v4.6.1, .NETFramework,Version=v4.6.2, .NETFramework,Version=v4.7, .NETFramework,Version=v4.7.1, .NETFramework,Version=v4.7.2, .NETFramework,Version=v4.8, .NETFramework,Version=v4.8.1' instead of the project target framework 'net8.0'. This package may not be fully compatible with your project.
C:\Users\ultra\warewolf\Dev\Dev2.Runtime.Tests\Dev2.Runtime.Tests.csproj : warning NU1701: Package 'FontAwesome.WPF 4.7.0.9' was restored using '.NETFramework,Version=v4.6.1, .NETFramework,Version=v4.6.2, .NETFramework,Version=v4.7, .NETFramework,Version=v4.7.1, .NETFramework,Version=v4.7.2, .NETFramework,Version=v4.8, .NETFramework,Version=v4.8.1' instead of the project target framework 'net8.0'. This package may not be fully compatible with your project.
C:\Users\ultra\warewolf\Dev\Dev2.Runtime.Tests\Dev2.Runtime.Tests.csproj : warning NU1701: Package 'GroupControls 1.9.0' was restored using '.NETFramework,Version=v4.6.1, .NETFramework,Version=v4.6.2, .NETFramework,Version=v4.7, .NETFramework,Version=v4.7.1, .NETFramework,Version=v4.7.2, .NETFramework,Version=v4.8, .NETFramework,Version=v4.8.1' instead of the project target framework 'net8.0'. This package may not be fully compatible with your project.
C:\Users\ultra\warewolf\Dev\Dev2.Runtime.Tests\Dev2.Runtime.Tests.csproj : warning NU1701: Package 'Log4Net.Async 2.0.4' was restored using '.NETFramework,Version=v4.6.1, .NETFramework,Version=v4.6.2, .NETFramework,Version=v4.7, .NETFramework,Version=v4.7.1, .NETFramework,Version=v4.7.2, .NETFramework,Version=v4.8, .NETFramework,Version=v4.8.1' instead of the project target framework 'net8.0'. This package may not be fully compatible with your project.
C:\Users\ultra\warewolf\Dev\Dev2.Runtime.Tests\Dev2.Runtime.Tests.csproj : warning NU1701: Package 'Microsoft.Xaml.Behaviors.Wpf 1.1.122' was restored using '.NETFramework,Version=v4.6.1, .NETFramework,Version=v4.6.2, .NETFramework,Version=v4.7, .NETFramework,Version=v4.7.1, .NETFramework,Version=v4.7.2, .NETFramework,Version=v4.8, .NETFramework,Version=v4.8.1' instead of the project target framework 'net8.0'. This package may not be fully compatible with your project.
C:\Users\ultra\warewolf\Dev\Dev2.Runtime.Tests\Dev2.Runtime.Tests.csproj : warning NU1701: Package 'Prism.Composition 5.0.0' was restored using '.NETFramework,Version=v4.6.1, .NETFramework,Version=v4.6.2, .NETFramework,Version=v4.7, .NETFramework,Version=v4.7.1, .NETFramework,Version=v4.7.2, .NETFramework,Version=v4.8, .NETFramework,Version=v4.8.1' instead of the project target framework 'net8.0'. This package may not be fully compatible with your project.
C:\Users\ultra\warewolf\Dev\Dev2.Runtime.Tests\Dev2.Runtime.Tests.csproj : warning NU1701: Package 'Prism.Interactivity 5.0.0' was restored using '.NETFramework,Version=v4.6.1, .NETFramework,Version=v4.6.2, .NETFramework,Version=v4.7, .NETFramework,Version=v4.7.1, .NETFramework,Version=v4.7.2, .NETFramework,Version=v4.8, .NETFramework,Version=v4.8.1' instead of the project target framework 'net8.0'. This package may not be fully compatible with your project.
C:\Users\ultra\warewolf\Dev\Dev2.Runtime.Tests\Dev2.Runtime.Tests.csproj : warning NU1701: Package 'Prism.Mvvm 1.0.0' was restored using '.NETFramework,Version=v4.6.1, .NETFramework,Version=v4.6.2, .NETFramework,Version=v4.7, .NETFramework,Version=v4.7.1, .NETFramework,Version=v4.7.2, .NETFramework,Version=v4.8, .NETFramework,Version=v4.8.1' instead of the project target framework 'net8.0'. This package may not be fully compatible with your project.
C:\Users\ultra\warewolf\Dev\Dev2.Runtime.Tests\Dev2.Runtime.Tests.csproj : warning NU1701: Package 'Prism.PubSubEvents 1.0.0' was restored using '.NETFramework,Version=v4.6.1, .NETFramework,Version=v4.6.2, .NETFramework,Version=v4.7, .NETFramework,Version=v4.7.1, .NETFramework,Version=v4.7.2, .NETFramework,Version=v4.8, .NETFramework,Version=v4.8.1' instead of the project target framework 'net8.0'. This package may not be fully compatible with your project.
C:\Users\ultra\warewolf\Dev\Dev2.Runtime.Tests\Dev2.Runtime.Tests.csproj : warning NU1701: Package 'Prism.UnityExtensions 5.0.1' was restored using '.NETFramework,Version=v4.6.1, .NETFramework,Version=v4.6.2, .NETFramework,Version=v4.7, .NETFramework,Version=v4.7.1, .NETFramework,Version=v4.7.2, .NETFramework,Version=v4.8, .NETFramework,Version=v4.8.1' instead of the project target framework 'net8.0'. This package may not be fully compatible with your project.
C:\Users\ultra\warewolf\Dev\Dev2.Runtime.Tests\Dev2.Runtime.Tests.csproj : warning NU1701: Package 'Prism.Wpf 9.0.537' was restored using '.NETFramework,Version=v4.6.1, .NETFramework,Version=v4.6.2, .NETFramework,Version=v4.7, .NETFramework,Version=v4.7.1, .NETFramework,Version=v4.7.2, .NETFramework,Version=v4.8, .NETFramework,Version=v4.8.1' instead of the project target framework 'net8.0'. This package may not be fully compatible with your project.
C:\Users\ultra\warewolf\Dev\Dev2.Runtime.Tests\Dev2.Runtime.Tests.csproj : warning NU1701: Package 'ReactiveUI.WPF 18.4.1' was restored using '.NETFramework,Version=v4.6.1, .NETFramework,Version=v4.6.2, .NETFramework,Version=v4.7, .NETFramework,Version=v4.7.1, .NETFramework,Version=v4.7.2, .NETFramework,Version=v4.8, .NETFramework,Version=v4.8.1' instead of the project target framework 'net8.0'. This package may not be fully compatible with your project.
C:\Users\ultra\warewolf\Dev\Dev2.Runtime.Tests\Dev2.Runtime.Tests.csproj : warning NU1701: Package 'TaskSchedulerEditor 2.10.1' was restored using '.NETFramework,Version=v4.6.1, .NETFramework,Version=v4.6.2, .NETFramework,Version=v4.7, .NETFramework,Version=v4.7.1, .NETFramework,Version=v4.7.2, .NETFramework,Version=v4.8, .NETFramework,Version=v4.8.1' instead of the project target framework 'net8.0'. This package may not be fully compatible with your project.
C:\Users\ultra\warewolf\Dev\Dev2.Runtime.Tests\Dev2.Runtime.Tests.csproj : warning NU1701: Package 'Unofficial.Microsoft.mshtml 7.0.3300' was restored using '.NETFramework,Version=v4.6.1, .NETFramework,Version=v4.6.2, .NETFramework,Version=v4.7, .NETFramework,Version=v4.7.1, .NETFramework,Version=v4.7.2, .NETFramework,Version=v4.8, .NETFramework,Version=v4.8.1' instead of the project target framework 'net8.0'. This package may not be fully compatible with your project.
C:\Users\ultra\warewolf\Dev\Dev2.Infrastructure.Tests\Dev2.Infrastructure.Tests.csproj : warning NU1701: Package 'AeroWizard 2.3.1' was restored using '.NETFramework,Version=v4.6.1, .NETFramework,Version=v4.6.2, .NETFramework,Version=v4.7, .NETFramework,Version=v4.7.1, .NETFramework,Version=v4.7.2, .NETFramework,Version=v4.8, .NETFramework,Version=v4.8.1' instead of the project target framework 'net8.0'. This package may not be fully compatible with your project. [C:\Users\ultra\warewolf\Dev\Dev2.Runtime.Tests\Dev2.Runtime.Tests.csproj]
C:\Users\ultra\warewolf\Dev\Dev2.Infrastructure.Tests\Dev2.Infrastructure.Tests.csproj : warning NU1701: Package 'GroupControls 1.9.0' was restored using '.NETFramework,Version=v4.6.1, .NETFramework,Version=v4.6.2, .NETFramework,Version=v4.7, .NETFramework,Version=v4.7.1, .NETFramework,Version=v4.7.2, .NETFramework,Version=v4.8, .NETFramework,Version=v4.8.1' instead of the project target framework 'net8.0'. This package may not be fully compatible with your project. [C:\Users\ultra\warewolf\Dev\Dev2.Runtime.Tests\Dev2.Runtime.Tests.csproj]
C:\Users\ultra\warewolf\Dev\Dev2.Infrastructure.Tests\Dev2.Infrastructure.Tests.csproj : warning NU1701: Package 'Microsoft.Xaml.Behaviors.Wpf 1.1.122' was restored using '.NETFramework,Version=v4.6.1, .NETFramework,Version=v4.6.2, .NETFramework,Version=v4.7, .NETFramework,Version=v4.7.1, .NETFramework,Version=v4.7.2, .NETFramework,Version=v4.8, .NETFramework,Version=v4.8.1' instead of the project target framework 'net8.0'. This package may not be fully compatible with your project. [C:\Users\ultra\warewolf\Dev\Dev2.Runtime.Tests\Dev2.Runtime.Tests.csproj]
C:\Users\ultra\warewolf\Dev\Dev2.Infrastructure.Tests\Dev2.Infrastructure.Tests.csproj : warning NU1701: Package 'Prism.Wpf 9.0.537' was restored using '.NETFramework,Version=v4.6.1, .NETFramework,Version=v4.6.2, .NETFramework,Version=v4.7, .NETFramework,Version=v4.7.1, .NETFramework,Version=v4.7.2, .NETFramework,Version=v4.8, .NETFramework,Version=v4.8.1' instead of the project target framework 'net8.0'. This package may not be fully compatible with your project. [C:\Users\ultra\warewolf\Dev\Dev2.Runtime.Tests\Dev2.Runtime.Tests.csproj]
C:\Users\ultra\warewolf\Dev\Dev2.Infrastructure.Tests\Dev2.Infrastructure.Tests.csproj : warning NU1701: Package 'ReactiveUI.WPF 18.4.1' was restored using '.NETFramework,Version=v4.6.1, .NETFramework,Version=v4.6.2, .NETFramework,Version=v4.7, .NETFramework,Version=v4.7.1, .NETFramework,Version=v4.7.2, .NETFramework,Version=v4.8, .NETFramework,Version=v4.8.1' instead of the project target framework 'net8.0'. This package may not be fully compatible with your project. [C:\Users\ultra\warewolf\Dev\Dev2.Runtime.Tests\Dev2.Runtime.Tests.csproj]
C:\Users\ultra\warewolf\Dev\Dev2.Infrastructure.Tests\Dev2.Infrastructure.Tests.csproj : warning NU1701: Package 'TaskSchedulerEditor 2.10.1' was restored using '.NETFramework,Version=v4.6.1, .NETFramework,Version=v4.6.2, .NETFramework,Version=v4.7, .NETFramework,Version=v4.7.1, .NETFramework,Version=v4.7.2, .NETFramework,Version=v4.8, .NETFramework,Version=v4.8.1' instead of the project target framework 'net8.0'. This package may not be fully compatible with your project. [C:\Users\ultra\warewolf\Dev\Dev2.Runtime.Tests\Dev2.Runtime.Tests.csproj]
C:\Users\ultra\warewolf\Dev\Dev2.Intellisense\Dev2.Intellisense.csproj : warning NU1701: Package 'AeroWizard 2.3.1' was restored using '.NETFramework,Version=v4.6.1, .NETFramework,Version=v4.6.2, .NETFramework,Version=v4.7, .NETFramework,Version=v4.7.1, .NETFramework,Version=v4.7.2, .NETFramework,Version=v4.8, .NETFramework,Version=v4.8.1' instead of the project target framework 'net8.0'. This package may not be fully compatible with your project. [C:\Users\ultra\warewolf\Dev\Dev2.Runtime.Tests\Dev2.Runtime.Tests.csproj]
C:\Users\ultra\warewolf\Dev\Dev2.Intellisense\Dev2.Intellisense.csproj : warning NU1701: Package 'GroupControls 1.9.0' was restored using '.NETFramework,Version=v4.6.1, .NETFramework,Version=v4.6.2, .NETFramework,Version=v4.7, .NETFramework,Version=v4.7.1, .NETFramework,Version=v4.7.2, .NETFramework,Version=v4.8, .NETFramework,Version=v4.8.1' instead of the project target framework 'net8.0'. This package may not be fully compatible with your project. [C:\Users\ultra\warewolf\Dev\Dev2.Runtime.Tests\Dev2.Runtime.Tests.csproj]
C:\Users\ultra\warewolf\Dev\Dev2.Intellisense\Dev2.Intellisense.csproj : warning NU1701: Package 'Microsoft.Xaml.Behaviors.Wpf 1.1.122' was restored using '.NETFramework,Version=v4.6.1, .NETFramework,Version=v4.6.2, .NETFramework,Version=v4.7, .NETFramework,Version=v4.7.1, .NETFramework,Version=v4.7.2, .NETFramework,Version=v4.8, .NETFramework,Version=v4.8.1' instead of the project target framework 'net8.0'. This package may not be fully compatible with your project. [C:\Users\ultra\warewolf\Dev\Dev2.Runtime.Tests\Dev2.Runtime.Tests.csproj]
C:\Users\ultra\warewolf\Dev\Dev2.Intellisense\Dev2.Intellisense.csproj : warning NU1701: Package 'Prism.Wpf 9.0.537' was restored using '.NETFramework,Version=v4.6.1, .NETFramework,Version=v4.6.2, .NETFramework,Version=v4.7, .NETFramework,Version=v4.7.1, .NETFramework,Version=v4.7.2, .NETFramework,Version=v4.8, .NETFramework,Version=v4.8.1' instead of the project target framework 'net8.0'. This package may not be fully compatible with your project. [C:\Users\ultra\warewolf\Dev\Dev2.Runtime.Tests\Dev2.Runtime.Tests.csproj]
C:\Users\ultra\warewolf\Dev\Dev2.Intellisense\Dev2.Intellisense.csproj : warning NU1701: Package 'ReactiveUI.WPF 18.4.1' was restored using '.NETFramework,Version=v4.6.1, .NETFramework,Version=v4.6.2, .NETFramework,Version=v4.7, .NETFramework,Version=v4.7.1, .NETFramework,Version=v4.7.2, .NETFramework,Version=v4.8, .NETFramework,Version=v4.8.1' instead of the project target framework 'net8.0'. This package may not be fully compatible with your project. [C:\Users\ultra\warewolf\Dev\Dev2.Runtime.Tests\Dev2.Runtime.Tests.csproj]
C:\Users\ultra\warewolf\Dev\Dev2.Intellisense\Dev2.Intellisense.csproj : warning NU1701: Package 'TaskSchedulerEditor 2.10.1' was restored using '.NETFramework,Version=v4.6.1, .NETFramework,Version=v4.6.2, .NETFramework,Version=v4.7, .NETFramework,Version=v4.7.1, .NETFramework,Version=v4.7.2, .NETFramework,Version=v4.8, .NETFramework,Version=v4.8.1' instead of the project target framework 'net8.0'. This package may not be fully compatible with your project. [C:\Users\ultra\warewolf\Dev\Dev2.Runtime.Tests\Dev2.Runtime.Tests.csproj]
C:\Users\ultra\warewolf\Dev\Warewolf.Testing\Warewolf.Testing.csproj : warning NU1701: Package 'AeroWizard 2.3.1' was restored using '.NETFramework,Version=v4.6.1, .NETFramework,Version=v4.6.2, .NETFramework,Version=v4.7, .NETFramework,Version=v4.7.1, .NETFramework,Version=v4.7.2, .NETFramework,Version=v4.8, .NETFramework,Version=v4.8.1' instead of the project target framework 'net8.0'. This package may not be fully compatible with your project. [C:\Users\ultra\warewolf\Dev\Dev2.Runtime.Tests\Dev2.Runtime.Tests.csproj]
C:\Users\ultra\warewolf\Dev\Warewolf.Testing\Warewolf.Testing.csproj : warning NU1701: Package 'GroupControls 1.9.0' was restored using '.NETFramework,Version=v4.6.1, .NETFramework,Version=v4.6.2, .NETFramework,Version=v4.7, .NETFramework,Version=v4.7.1, .NETFramework,Version=v4.7.2, .NETFramework,Version=v4.8, .NETFramework,Version=v4.8.1' instead of the project target framework 'net8.0'. This package may not be fully compatible with your project. [C:\Users\ultra\warewolf\Dev\Dev2.Runtime.Tests\Dev2.Runtime.Tests.csproj]
C:\Users\ultra\warewolf\Dev\Warewolf.Testing\Warewolf.Testing.csproj : warning NU1701: Package 'Microsoft.Xaml.Behaviors.Wpf 1.1.122' was restored using '.NETFramework,Version=v4.6.1, .NETFramework,Version=v4.6.2, .NETFramework,Version=v4.7, .NETFramework,Version=v4.7.1, .NETFramework,Version=v4.7.2, .NETFramework,Version=v4.8, .NETFramework,Version=v4.8.1' instead of the project target framework 'net8.0'. This package may not be fully compatible with your project. [C:\Users\ultra\warewolf\Dev\Dev2.Runtime.Tests\Dev2.Runtime.Tests.csproj]
C:\Users\ultra\warewolf\Dev\Warewolf.Testing\Warewolf.Testing.csproj : warning NU1701: Package 'Prism.Wpf 9.0.537' was restored using '.NETFramework,Version=v4.6.1, .NETFramework,Version=v4.6.2, .NETFramework,Version=v4.7, .NETFramework,Version=v4.7.1, .NETFramework,Version=v4.7.2, .NETFramework,Version=v4.8, .NETFramework,Version=v4.8.1' instead of the project target framework 'net8.0'. This package may not be fully compatible with your project. [C:\Users\ultra\warewolf\Dev\Dev2.Runtime.Tests\Dev2.Runtime.Tests.csproj]
C:\Users\ultra\warewolf\Dev\Warewolf.Testing\Warewolf.Testing.csproj : warning NU1701: Package 'ReactiveUI.WPF 18.4.1' was restored using '.NETFramework,Version=v4.6.1, .NETFramework,Version=v4.6.2, .NETFramework,Version=v4.7, .NETFramework,Version=v4.7.1, .NETFramework,Version=v4.7.2, .NETFramework,Version=v4.8, .NETFramework,Version=v4.8.1' instead of the project target framework 'net8.0'. This package may not be fully compatible with your project. [C:\Users\ultra\warewolf\Dev\Dev2.Runtime.Tests\Dev2.Runtime.Tests.csproj]
C:\Users\ultra\warewolf\Dev\Warewolf.Testing\Warewolf.Testing.csproj : warning NU1701: Package 'TaskSchedulerEditor 2.10.1' was restored using '.NETFramework,Version=v4.6.1, .NETFramework,Version=v4.6.2, .NETFramework,Version=v4.7, .NETFramework,Version=v4.7.1, .NETFramework,Version=v4.7.2, .NETFramework,Version=v4.8, .NETFramework,Version=v4.8.1' instead of the project target framework 'net8.0'. This package may not be fully compatible with your project. [C:\Users\ultra\warewolf\Dev\Dev2.Runtime.Tests\Dev2.Runtime.Tests.csproj]
C:\Users\ultra\warewolf\Dev\Warewolf.UI\Warewolf.UI.csproj : warning NU1701: Package 'AeroWizard 2.3.1' was restored using '.NETFramework,Version=v4.6.1, .NETFramework,Version=v4.6.2, .NETFramework,Version=v4.7, .NETFramework,Version=v4.7.1, .NETFramework,Version=v4.7.2, .NETFramework,Version=v4.8, .NETFramework,Version=v4.8.1' instead of the project target framework 'net8.0'. This package may not be fully compatible with your project. [C:\Users\ultra\warewolf\Dev\Dev2.Runtime.Tests\Dev2.Runtime.Tests.csproj]
C:\Users\ultra\warewolf\Dev\Warewolf.UI\Warewolf.UI.csproj : warning NU1701: Package 'GroupControls 1.9.0' was restored using '.NETFramework,Version=v4.6.1, .NETFramework,Version=v4.6.2, .NETFramework,Version=v4.7, .NETFramework,Version=v4.7.1, .NETFramework,Version=v4.7.2, .NETFramework,Version=v4.8, .NETFramework,Version=v4.8.1' instead of the project target framework 'net8.0'. This package may not be fully compatible with your project. [C:\Users\ultra\warewolf\Dev\Dev2.Runtime.Tests\Dev2.Runtime.Tests.csproj]
C:\Users\ultra\warewolf\Dev\Warewolf.UI\Warewolf.UI.csproj : warning NU1701: Package 'Microsoft.Xaml.Behaviors.Wpf 1.1.122' was restored using '.NETFramework,Version=v4.6.1, .NETFramework,Version=v4.6.2, .NETFramework,Version=v4.7, .NETFramework,Version=v4.7.1, .NETFramework,Version=v4.7.2, .NETFramework,Version=v4.8, .NETFramework,Version=v4.8.1' instead of the project target framework 'net8.0'. This package may not be fully compatible with your project. [C:\Users\ultra\warewolf\Dev\Dev2.Runtime.Tests\Dev2.Runtime.Tests.csproj]
C:\Users\ultra\warewolf\Dev\Warewolf.UI\Warewolf.UI.csproj : warning NU1701: Package 'Prism.Wpf 9.0.537' was restored using '.NETFramework,Version=v4.6.1, .NETFramework,Version=v4.6.2, .NETFramework,Version=v4.7, .NETFramework,Version=v4.7.1, .NETFramework,Version=v4.7.2, .NETFramework,Version=v4.8, .NETFramework,Version=v4.8.1' instead of the project target framework 'net8.0'. This package may not be fully compatible with your project. [C:\Users\ultra\warewolf\Dev\Dev2.Runtime.Tests\Dev2.Runtime.Tests.csproj]
C:\Users\ultra\warewolf\Dev\Warewolf.UI\Warewolf.UI.csproj : warning NU1701: Package 'ReactiveUI.WPF 18.4.1' was restored using '.NETFramework,Version=v4.6.1, .NETFramework,Version=v4.6.2, .NETFramework,Version=v4.7, .NETFramework,Version=v4.7.1, .NETFramework,Version=v4.7.2, .NETFramework,Version=v4.8, .NETFramework,Version=v4.8.1' instead of the project target framework 'net8.0'. This package may not be fully compatible with your project. [C:\Users\ultra\warewolf\Dev\Dev2.Runtime.Tests\Dev2.Runtime.Tests.csproj]
C:\Users\ultra\warewolf\Dev\Warewolf.UI\Warewolf.UI.csproj : warning NU1701: Package 'TaskSchedulerEditor 2.10.1' was restored using '.NETFramework,Version=v4.6.1, .NETFramework,Version=v4.6.2, .NETFramework,Version=v4.7, .NETFramework,Version=v4.7.1, .NETFramework,Version=v4.7.2, .NETFramework,Version=v4.8, .NETFramework,Version=v4.8.1' instead of the project target framework 'net8.0'. This package may not be fully compatible with your project. [C:\Users\ultra\warewolf\Dev\Dev2.Runtime.Tests\Dev2.Runtime.Tests.csproj]
C:\Users\ultra\warewolf\Dev\Warewolf.Storage.Interfaces\Warewolf.Storage.Interfaces.csproj : warning NU1701: Package 'AeroWizard 2.3.1' was restored using '.NETFramework,Version=v4.6.1, .NETFramework,Version=v4.6.2, .NETFramework,Version=v4.7, .NETFramework,Version=v4.7.1, .NETFramework,Version=v4.7.2, .NETFramework,Version=v4.8, .NETFramework,Version=v4.8.1' instead of the project target framework 'net8.0'. This package may not be fully compatible with your project. [C:\Users\ultra\warewolf\Dev\Dev2.Runtime.Tests\Dev2.Runtime.Tests.csproj]
C:\Users\ultra\warewolf\Dev\Warewolf.Storage.Interfaces\Warewolf.Storage.Interfaces.csproj : warning NU1701: Package 'GroupControls 1.9.0' was restored using '.NETFramework,Version=v4.6.1, .NETFramework,Version=v4.6.2, .NETFramework,Version=v4.7, .NETFramework,Version=v4.7.1, .NETFramework,Version=v4.7.2, .NETFramework,Version=v4.8, .NETFramework,Version=v4.8.1' instead of the project target framework 'net8.0'. This package may not be fully compatible with your project. [C:\Users\ultra\warewolf\Dev\Dev2.Runtime.Tests\Dev2.Runtime.Tests.csproj]
C:\Users\ultra\warewolf\Dev\Warewolf.Storage.Interfaces\Warewolf.Storage.Interfaces.csproj : warning NU1701: Package 'TaskSchedulerEditor 2.10.1' was restored using '.NETFramework,Version=v4.6.1, .NETFramework,Version=v4.6.2, .NETFramework,Version=v4.7, .NETFramework,Version=v4.7.1, .NETFramework,Version=v4.7.2, .NETFramework,Version=v4.8, .NETFramework,Version=v4.8.1' instead of the project target framework 'net8.0'. This package may not be fully compatible with your project. [C:\Users\ultra\warewolf\Dev\Dev2.Runtime.Tests\Dev2.Runtime.Tests.csproj]
C:\Users\ultra\warewolf\Dev\Warewolf.Security\Warewolf.Security.csproj : warning NU1904: Package 'System.Drawing.Common' 4.5.1 has a known critical severity vulnerability, https://github.com/advisories/GHSA-rxg9-xrhp-64gj [C:\Users\ultra\warewolf\Dev\Dev2.Runtime.Tests\Dev2.Runtime.Tests.csproj]
C:\Users\ultra\warewolf\Dev\Warewolf.Trigger.Queue\Warewolf.Trigger.Queue.csproj : warning NU1701: Package 'AeroWizard 2.3.1' was restored using '.NETFramework,Version=v4.6.1, .NETFramework,Version=v4.6.2, .NETFramework,Version=v4.7, .NETFramework,Version=v4.7.1, .NETFramework,Version=v4.7.2, .NETFramework,Version=v4.8, .NETFramework,Version=v4.8.1' instead of the project target framework 'net8.0'. This package may not be fully compatible with your project. [C:\Users\ultra\warewolf\Dev\Dev2.Runtime.Tests\Dev2.Runtime.Tests.csproj]
C:\Users\ultra\warewolf\Dev\Warewolf.Trigger.Queue\Warewolf.Trigger.Queue.csproj : warning NU1701: Package 'GroupControls 1.9.0' was restored using '.NETFramework,Version=v4.6.1, .NETFramework,Version=v4.6.2, .NETFramework,Version=v4.7, .NETFramework,Version=v4.7.1, .NETFramework,Version=v4.7.2, .NETFramework,Version=v4.8, .NETFramework,Version=v4.8.1' instead of the project target framework 'net8.0'. This package may not be fully compatible with your project. [C:\Users\ultra\warewolf\Dev\Dev2.Runtime.Tests\Dev2.Runtime.Tests.csproj]
C:\Users\ultra\warewolf\Dev\Warewolf.Trigger.Queue\Warewolf.Trigger.Queue.csproj : warning NU1701: Package 'Microsoft.Xaml.Behaviors.Wpf 1.1.122' was restored using '.NETFramework,Version=v4.6.1, .NETFramework,Version=v4.6.2, .NETFramework,Version=v4.7, .NETFramework,Version=v4.7.1, .NETFramework,Version=v4.7.2, .NETFramework,Version=v4.8, .NETFramework,Version=v4.8.1' instead of the project target framework 'net8.0'. This package may not be fully compatible with your project. [C:\Users\ultra\warewolf\Dev\Dev2.Runtime.Tests\Dev2.Runtime.Tests.csproj]
C:\Users\ultra\warewolf\Dev\Warewolf.Trigger.Queue\Warewolf.Trigger.Queue.csproj : warning NU1701: Package 'Prism.Wpf 9.0.537' was restored using '.NETFramework,Version=v4.6.1, .NETFramework,Version=v4.6.2, .NETFramework,Version=v4.7, .NETFramework,Version=v4.7.1, .NETFramework,Version=v4.7.2, .NETFramework,Version=v4.8, .NETFramework,Version=v4.8.1' instead of the project target framework 'net8.0'. This package may not be fully compatible with your project. [C:\Users\ultra\warewolf\Dev\Dev2.Runtime.Tests\Dev2.Runtime.Tests.csproj]
C:\Users\ultra\warewolf\Dev\Warewolf.Trigger.Queue\Warewolf.Trigger.Queue.csproj : warning NU1701: Package 'ReactiveUI.WPF 18.4.1' was restored using '.NETFramework,Version=v4.6.1, .NETFramework,Version=v4.6.2, .NETFramework,Version=v4.7, .NETFramework,Version=v4.7.1, .NETFramework,Version=v4.7.2, .NETFramework,Version=v4.8, .NETFramework,Version=v4.8.1' instead of the project target framework 'net8.0'. This package may not be fully compatible with your project. [C:\Users\ultra\warewolf\Dev\Dev2.Runtime.Tests\Dev2.Runtime.Tests.csproj]
C:\Users\ultra\warewolf\Dev\Warewolf.Trigger.Queue\Warewolf.Trigger.Queue.csproj : warning NU1701: Package 'TaskSchedulerEditor 2.10.1' was restored using '.NETFramework,Version=v4.6.1, .NETFramework,Version=v4.6.2, .NETFramework,Version=v4.7, .NETFramework,Version=v4.7.1, .NETFramework,Version=v4.7.2, .NETFramework,Version=v4.8, .NETFramework,Version=v4.8.1' instead of the project target framework 'net8.0'. This package may not be fully compatible with your project. [C:\Users\ultra\warewolf\Dev\Dev2.Runtime.Tests\Dev2.Runtime.Tests.csproj]
C:\Users\ultra\warewolf\Dev\Warewolf.Studio.Themes.Luna\Warewolf.Studio.Themes.Luna.csproj : warning NU1701: Package 'AeroWizard 2.3.1' was restored using '.NETFramework,Version=v4.6.1, .NETFramework,Version=v4.6.2, .NETFramework,Version=v4.7, .NETFramework,Version=v4.7.1, .NETFramework,Version=v4.7.2, .NETFramework,Version=v4.8, .NETFramework,Version=v4.8.1' instead of the project target framework 'net8.0'. This package may not be fully compatible with your project. [C:\Users\ultra\warewolf\Dev\Dev2.Runtime.Tests\Dev2.Runtime.Tests.csproj]
C:\Users\ultra\warewolf\Dev\Warewolf.Studio.Themes.Luna\Warewolf.Studio.Themes.Luna.csproj : warning NU1701: Package 'GroupControls 1.9.0' was restored using '.NETFramework,Version=v4.6.1, .NETFramework,Version=v4.6.2, .NETFramework,Version=v4.7, .NETFramework,Version=v4.7.1, .NETFramework,Version=v4.7.2, .NETFramework,Version=v4.8, .NETFramework,Version=v4.8.1' instead of the project target framework 'net8.0'. This package may not be fully compatible with your project. [C:\Users\ultra\warewolf\Dev\Dev2.Runtime.Tests\Dev2.Runtime.Tests.csproj]
C:\Users\ultra\warewolf\Dev\Warewolf.Studio.Themes.Luna\Warewolf.Studio.Themes.Luna.csproj : warning NU1701: Package 'Microsoft.Xaml.Behaviors.Wpf 1.1.122' was restored using '.NETFramework,Version=v4.6.1, .NETFramework,Version=v4.6.2, .NETFramework,Version=v4.7, .NETFramework,Version=v4.7.1, .NETFramework,Version=v4.7.2, .NETFramework,Version=v4.8, .NETFramework,Version=v4.8.1' instead of the project target framework 'net8.0'. This package may not be fully compatible with your project. [C:\Users\ultra\warewolf\Dev\Dev2.Runtime.Tests\Dev2.Runtime.Tests.csproj]
C:\Users\ultra\warewolf\Dev\Warewolf.Studio.Themes.Luna\Warewolf.Studio.Themes.Luna.csproj : warning NU1701: Package 'Prism.Wpf 9.0.537' was restored using '.NETFramework,Version=v4.6.1, .NETFramework,Version=v4.6.2, .NETFramework,Version=v4.7, .NETFramework,Version=v4.7.1, .NETFramework,Version=v4.7.2, .NETFramework,Version=v4.8, .NETFramework,Version=v4.8.1' instead of the project target framework 'net8.0'. This package may not be fully compatible with your project. [C:\Users\ultra\warewolf\Dev\Dev2.Runtime.Tests\Dev2.Runtime.Tests.csproj]
C:\Users\ultra\warewolf\Dev\Warewolf.Studio.Themes.Luna\Warewolf.Studio.Themes.Luna.csproj : warning NU1701: Package 'ReactiveUI.WPF 18.4.1' was restored using '.NETFramework,Version=v4.6.1, .NETFramework,Version=v4.6.2, .NETFramework,Version=v4.7, .NETFramework,Version=v4.7.1, .NETFramework,Version=v4.7.2, .NETFramework,Version=v4.8, .NETFramework,Version=v4.8.1' instead of the project target framework 'net8.0'. This package may not be fully compatible with your project. [C:\Users\ultra\warewolf\Dev\Dev2.Runtime.Tests\Dev2.Runtime.Tests.csproj]
C:\Users\ultra\warewolf\Dev\Warewolf.Studio.Themes.Luna\Warewolf.Studio.Themes.Luna.csproj : warning NU1701: Package 'TaskSchedulerEditor 2.10.1' was restored using '.NETFramework,Version=v4.6.1, .NETFramework,Version=v4.6.2, .NETFramework,Version=v4.7, .NETFramework,Version=v4.7.1, .NETFramework,Version=v4.7.2, .NETFramework,Version=v4.8, .NETFramework,Version=v4.8.1' instead of the project target framework 'net8.0'. This package may not be fully compatible with your project. [C:\Users\ultra\warewolf\Dev\Dev2.Runtime.Tests\Dev2.Runtime.Tests.csproj]
C:\Users\ultra\warewolf\Dev\Warewolf.Studio.ViewModels\Warewolf.Studio.ViewModels.csproj : warning NU1701: Package 'AeroWizard 2.3.1' was restored using '.NETFramework,Version=v4.6.1, .NETFramework,Version=v4.6.2, .NETFramework,Version=v4.7, .NETFramework,Version=v4.7.1, .NETFramework,Version=v4.7.2, .NETFramework,Version=v4.8, .NETFramework,Version=v4.8.1' instead of the project target framework 'net8.0'. This package may not be fully compatible with your project. [C:\Users\ultra\warewolf\Dev\Dev2.Runtime.Tests\Dev2.Runtime.Tests.csproj]
C:\Users\ultra\warewolf\Dev\Warewolf.Studio.ViewModels\Warewolf.Studio.ViewModels.csproj : warning NU1701: Package 'GroupControls 1.9.0' was restored using '.NETFramework,Version=v4.6.1, .NETFramework,Version=v4.6.2, .NETFramework,Version=v4.7, .NETFramework,Version=v4.7.1, .NETFramework,Version=v4.7.2, .NETFramework,Version=v4.8, .NETFramework,Version=v4.8.1' instead of the project target framework 'net8.0'. This package may not be fully compatible with your project. [C:\Users\ultra\warewolf\Dev\Dev2.Runtime.Tests\Dev2.Runtime.Tests.csproj]
C:\Users\ultra\warewolf\Dev\Warewolf.Studio.ViewModels\Warewolf.Studio.ViewModels.csproj : warning NU1701: Package 'Microsoft.Xaml.Behaviors.Wpf 1.1.122' was restored using '.NETFramework,Version=v4.6.1, .NETFramework,Version=v4.6.2, .NETFramework,Version=v4.7, .NETFramework,Version=v4.7.1, .NETFramework,Version=v4.7.2, .NETFramework,Version=v4.8, .NETFramework,Version=v4.8.1' instead of the project target framework 'net8.0'. This package may not be fully compatible with your project. [C:\Users\ultra\warewolf\Dev\Dev2.Runtime.Tests\Dev2.Runtime.Tests.csproj]
C:\Users\ultra\warewolf\Dev\Warewolf.Studio.ViewModels\Warewolf.Studio.ViewModels.csproj : warning NU1701: Package 'Prism.Wpf 9.0.537' was restored using '.NETFramework,Version=v4.6.1, .NETFramework,Version=v4.6.2, .NETFramework,Version=v4.7, .NETFramework,Version=v4.7.1, .NETFramework,Version=v4.7.2, .NETFramework,Version=v4.8, .NETFramework,Version=v4.8.1' instead of the project target framework 'net8.0'. This package may not be fully compatible with your project. [C:\Users\ultra\warewolf\Dev\Dev2.Runtime.Tests\Dev2.Runtime.Tests.csproj]
C:\Users\ultra\warewolf\Dev\Warewolf.Studio.ViewModels\Warewolf.Studio.ViewModels.csproj : warning NU1701: Package 'ReactiveUI.WPF 18.4.1' was restored using '.NETFramework,Version=v4.6.1, .NETFramework,Version=v4.6.2, .NETFramework,Version=v4.7, .NETFramework,Version=v4.7.1, .NETFramework,Version=v4.7.2, .NETFramework,Version=v4.8, .NETFramework,Version=v4.8.1' instead of the project target framework 'net8.0'. This package may not be fully compatible with your project. [C:\Users\ultra\warewolf\Dev\Dev2.Runtime.Tests\Dev2.Runtime.Tests.csproj]
C:\Users\ultra\warewolf\Dev\Warewolf.Studio.ViewModels\Warewolf.Studio.ViewModels.csproj : warning NU1701: Package 'TaskSchedulerEditor 2.10.1' was restored using '.NETFramework,Version=v4.6.1, .NETFramework,Version=v4.6.2, .NETFramework,Version=v4.7, .NETFramework,Version=v4.7.1, .NETFramework,Version=v4.7.2, .NETFramework,Version=v4.8, .NETFramework,Version=v4.8.1' instead of the project target framework 'net8.0'. This package may not be fully compatible with your project. [C:\Users\ultra\warewolf\Dev\Dev2.Runtime.Tests\Dev2.Runtime.Tests.csproj]
C:\Users\ultra\warewolf\Dev\Dev2.Common.Interfaces\Dev2.Common.Interfaces.csproj : warning NU1903: Package 'Microsoft.Windows.Compatibility' 6.0.0 has a known high severity vulnerability, https://github.com/advisories/GHSA-555c-2p6r-68mm [C:\Users\ultra\warewolf\Dev\Dev2.Runtime.Tests\Dev2.Runtime.Tests.csproj]
C:\Users\ultra\warewolf\Dev\Dev2.Common.Interfaces\Dev2.Common.Interfaces.csproj : warning NU1701: Package 'AeroWizard 2.3.1' was restored using '.NETFramework,Version=v4.6.1, .NETFramework,Version=v4.6.2, .NETFramework,Version=v4.7, .NETFramework,Version=v4.7.1, .NETFramework,Version=v4.7.2, .NETFramework,Version=v4.8, .NETFramework,Version=v4.8.1' instead of the project target framework 'net8.0'. This package may not be fully compatible with your project. [C:\Users\ultra\warewolf\Dev\Dev2.Runtime.Tests\Dev2.Runtime.Tests.csproj]
C:\Users\ultra\warewolf\Dev\Dev2.Common.Interfaces\Dev2.Common.Interfaces.csproj : warning NU1701: Package 'GroupControls 1.9.0' was restored using '.NETFramework,Version=v4.6.1, .NETFramework,Version=v4.6.2, .NETFramework,Version=v4.7, .NETFramework,Version=v4.7.1, .NETFramework,Version=v4.7.2, .NETFramework,Version=v4.8, .NETFramework,Version=v4.8.1' instead of the project target framework 'net8.0'. This package may not be fully compatible with your project. [C:\Users\ultra\warewolf\Dev\Dev2.Runtime.Tests\Dev2.Runtime.Tests.csproj]
C:\Users\ultra\warewolf\Dev\Dev2.Common.Interfaces\Dev2.Common.Interfaces.csproj : warning NU1701: Package 'TaskSchedulerEditor 2.10.1' was restored using '.NETFramework,Version=v4.6.1, .NETFramework,Version=v4.6.2, .NETFramework,Version=v4.7, .NETFramework,Version=v4.7.1, .NETFramework,Version=v4.7.2, .NETFramework,Version=v4.8, .NETFramework,Version=v4.8.1' instead of the project target framework 'net8.0'. This package may not be fully compatible with your project. [C:\Users\ultra\warewolf\Dev\Dev2.Runtime.Tests\Dev2.Runtime.Tests.csproj]
C:\Users\ultra\warewolf\Dev\Warewolf.Studio.Models\Warewolf.Studio.Models.csproj : warning NU1701: Package 'AeroWizard 2.3.1' was restored using '.NETFramework,Version=v4.6.1, .NETFramework,Version=v4.6.2, .NETFramework,Version=v4.7, .NETFramework,Version=v4.7.1, .NETFramework,Version=v4.7.2, .NETFramework,Version=v4.8, .NETFramework,Version=v4.8.1' instead of the project target framework 'net8.0'. This package may not be fully compatible with your project. [C:\Users\ultra\warewolf\Dev\Dev2.Runtime.Tests\Dev2.Runtime.Tests.csproj]
C:\Users\ultra\warewolf\Dev\Warewolf.Studio.Models\Warewolf.Studio.Models.csproj : warning NU1701: Package 'GroupControls 1.9.0' was restored using '.NETFramework,Version=v4.6.1, .NETFramework,Version=v4.6.2, .NETFramework,Version=v4.7, .NETFramework,Version=v4.7.1, .NETFramework,Version=v4.7.2, .NETFramework,Version=v4.8, .NETFramework,Version=v4.8.1' instead of the project target framework 'net8.0'. This package may not be fully compatible with your project. [C:\Users\ultra\warewolf\Dev\Dev2.Runtime.Tests\Dev2.Runtime.Tests.csproj]
C:\Users\ultra\warewolf\Dev\Warewolf.Studio.Models\Warewolf.Studio.Models.csproj : warning NU1701: Package 'Microsoft.Xaml.Behaviors.Wpf 1.1.122' was restored using '.NETFramework,Version=v4.6.1, .NETFramework,Version=v4.6.2, .NETFramework,Version=v4.7, .NETFramework,Version=v4.7.1, .NETFramework,Version=v4.7.2, .NETFramework,Version=v4.8, .NETFramework,Version=v4.8.1' instead of the project target framework 'net8.0'. This package may not be fully compatible with your project. [C:\Users\ultra\warewolf\Dev\Dev2.Runtime.Tests\Dev2.Runtime.Tests.csproj]
C:\Users\ultra\warewolf\Dev\Warewolf.Studio.Models\Warewolf.Studio.Models.csproj : warning NU1701: Package 'Prism.Wpf 9.0.537' was restored using '.NETFramework,Version=v4.6.1, .NETFramework,Version=v4.6.2, .NETFramework,Version=v4.7, .NETFramework,Version=v4.7.1, .NETFramework,Version=v4.7.2, .NETFramework,Version=v4.8, .NETFramework,Version=v4.8.1' instead of the project target framework 'net8.0'. This package may not be fully compatible with your project. [C:\Users\ultra\warewolf\Dev\Dev2.Runtime.Tests\Dev2.Runtime.Tests.csproj]
C:\Users\ultra\warewolf\Dev\Warewolf.Studio.Models\Warewolf.Studio.Models.csproj : warning NU1701: Package 'ReactiveUI.WPF 18.4.1' was restored using '.NETFramework,Version=v4.6.1, .NETFramework,Version=v4.6.2, .NETFramework,Version=v4.7, .NETFramework,Version=v4.7.1, .NETFramework,Version=v4.7.2, .NETFramework,Version=v4.8, .NETFramework,Version=v4.8.1' instead of the project target framework 'net8.0'. This package may not be fully compatible with your project. [C:\Users\ultra\warewolf\Dev\Dev2.Runtime.Tests\Dev2.Runtime.Tests.csproj]
C:\Users\ultra\warewolf\Dev\Warewolf.Studio.Models\Warewolf.Studio.Models.csproj : warning NU1701: Package 'TaskSchedulerEditor 2.10.1' was restored using '.NETFramework,Version=v4.6.1, .NETFramework,Version=v4.6.2, .NETFramework,Version=v4.7, .NETFramework,Version=v4.7.1, .NETFramework,Version=v4.7.2, .NETFramework,Version=v4.8, .NETFramework,Version=v4.8.1' instead of the project target framework 'net8.0'. This package may not be fully compatible with your project. [C:\Users\ultra\warewolf\Dev\Dev2.Runtime.Tests\Dev2.Runtime.Tests.csproj]
C:\Users\ultra\warewolf\Dev\Dev2.Common\Dev2.Common.csproj : warning NU1903: Package 'Microsoft.Windows.Compatibility' 6.0.0 has a known high severity vulnerability, https://github.com/advisories/GHSA-555c-2p6r-68mm [C:\Users\ultra\warewolf\Dev\Dev2.Runtime.Tests\Dev2.Runtime.Tests.csproj]
C:\Users\ultra\warewolf\Dev\Dev2.Common\Dev2.Common.csproj : warning NU1701: Package 'AeroWizard 2.3.1' was restored using '.NETFramework,Version=v4.6.1, .NETFramework,Version=v4.6.2, .NETFramework,Version=v4.7, .NETFramework,Version=v4.7.1, .NETFramework,Version=v4.7.2, .NETFramework,Version=v4.8, .NETFramework,Version=v4.8.1' instead of the project target framework 'net8.0'. This package may not be fully compatible with your project. [C:\Users\ultra\warewolf\Dev\Dev2.Runtime.Tests\Dev2.Runtime.Tests.csproj]
C:\Users\ultra\warewolf\Dev\Dev2.Common\Dev2.Common.csproj : warning NU1701: Package 'GroupControls 1.9.0' was restored using '.NETFramework,Version=v4.6.1, .NETFramework,Version=v4.6.2, .NETFramework,Version=v4.7, .NETFramework,Version=v4.7.1, .NETFramework,Version=v4.7.2, .NETFramework,Version=v4.8, .NETFramework,Version=v4.8.1' instead of the project target framework 'net8.0'. This package may not be fully compatible with your project. [C:\Users\ultra\warewolf\Dev\Dev2.Runtime.Tests\Dev2.Runtime.Tests.csproj]
C:\Users\ultra\warewolf\Dev\Dev2.Common\Dev2.Common.csproj : warning NU1701: Package 'TaskSchedulerEditor 2.10.1' was restored using '.NETFramework,Version=v4.6.1, .NETFramework,Version=v4.6.2, .NETFramework,Version=v4.7, .NETFramework,Version=v4.7.1, .NETFramework,Version=v4.7.2, .NETFramework,Version=v4.8, .NETFramework,Version=v4.8.1' instead of the project target framework 'net8.0'. This package may not be fully compatible with your project. [C:\Users\ultra\warewolf\Dev\Dev2.Runtime.Tests\Dev2.Runtime.Tests.csproj]
C:\Users\ultra\warewolf\Dev\Warewolf.Studio.Views\Warewolf.Studio.Views.csproj : warning NU1701: Package 'AeroWizard 2.3.1' was restored using '.NETFramework,Version=v4.6.1, .NETFramework,Version=v4.6.2, .NETFramework,Version=v4.7, .NETFramework,Version=v4.7.1, .NETFramework,Version=v4.7.2, .NETFramework,Version=v4.8, .NETFramework,Version=v4.8.1' instead of the project target framework 'net8.0'. This package may not be fully compatible with your project. [C:\Users\ultra\warewolf\Dev\Dev2.Runtime.Tests\Dev2.Runtime.Tests.csproj]
C:\Users\ultra\warewolf\Dev\Warewolf.Studio.Views\Warewolf.Studio.Views.csproj : warning NU1701: Package 'GroupControls 1.9.0' was restored using '.NETFramework,Version=v4.6.1, .NETFramework,Version=v4.6.2, .NETFramework,Version=v4.7, .NETFramework,Version=v4.7.1, .NETFramework,Version=v4.7.2, .NETFramework,Version=v4.8, .NETFramework,Version=v4.8.1' instead of the project target framework 'net8.0'. This package may not be fully compatible with your project. [C:\Users\ultra\warewolf\Dev\Dev2.Runtime.Tests\Dev2.Runtime.Tests.csproj]
C:\Users\ultra\warewolf\Dev\Warewolf.Studio.Views\Warewolf.Studio.Views.csproj : warning NU1701: Package 'Microsoft.Xaml.Behaviors.Wpf 1.1.122' was restored using '.NETFramework,Version=v4.6.1, .NETFramework,Version=v4.6.2, .NETFramework,Version=v4.7, .NETFramework,Version=v4.7.1, .NETFramework,Version=v4.7.2, .NETFramework,Version=v4.8, .NETFramework,Version=v4.8.1' instead of the project target framework 'net8.0'. This package may not be fully compatible with your project. [C:\Users\ultra\warewolf\Dev\Dev2.Runtime.Tests\Dev2.Runtime.Tests.csproj]
C:\Users\ultra\warewolf\Dev\Warewolf.Studio.Views\Warewolf.Studio.Views.csproj : warning NU1701: Package 'Prism.Wpf 9.0.537' was restored using '.NETFramework,Version=v4.6.1, .NETFramework,Version=v4.6.2, .NETFramework,Version=v4.7, .NETFramework,Version=v4.7.1, .NETFramework,Version=v4.7.2, .NETFramework,Version=v4.8, .NETFramework,Version=v4.8.1' instead of the project target framework 'net8.0'. This package may not be fully compatible with your project. [C:\Users\ultra\warewolf\Dev\Dev2.Runtime.Tests\Dev2.Runtime.Tests.csproj]
C:\Users\ultra\warewolf\Dev\Warewolf.Studio.Views\Warewolf.Studio.Views.csproj : warning NU1701: Package 'ReactiveUI.WPF 18.4.1' was restored using '.NETFramework,Version=v4.6.1, .NETFramework,Version=v4.6.2, .NETFramework,Version=v4.7, .NETFramework,Version=v4.7.1, .NETFramework,Version=v4.7.2, .NETFramework,Version=v4.8, .NETFramework,Version=v4.8.1' instead of the project target framework 'net8.0'. This package may not be fully compatible with your project. [C:\Users\ultra\warewolf\Dev\Dev2.Runtime.Tests\Dev2.Runtime.Tests.csproj]
C:\Users\ultra\warewolf\Dev\Warewolf.Studio.Views\Warewolf.Studio.Views.csproj : warning NU1701: Package 'TaskSchedulerEditor 2.10.1' was restored using '.NETFramework,Version=v4.6.1, .NETFramework,Version=v4.6.2, .NETFramework,Version=v4.7, .NETFramework,Version=v4.7.1, .NETFramework,Version=v4.7.2, .NETFramework,Version=v4.8, .NETFramework,Version=v4.8.1' instead of the project target framework 'net8.0'. This package may not be fully compatible with your project. [C:\Users\ultra\warewolf\Dev\Dev2.Runtime.Tests\Dev2.Runtime.Tests.csproj]
C:\Users\ultra\warewolf\Dev\Warewolf.Sharepoint\Warewolf.Sharepoint.csproj : warning NU1701: Package 'AeroWizard 2.3.1' was restored using '.NETFramework,Version=v4.6.1, .NETFramework,Version=v4.6.2, .NETFramework,Version=v4.7, .NETFramework,Version=v4.7.1, .NETFramework,Version=v4.7.2, .NETFramework,Version=v4.8, .NETFramework,Version=v4.8.1' instead of the project target framework 'net8.0'. This package may not be fully compatible with your project. [C:\Users\ultra\warewolf\Dev\Dev2.Runtime.Tests\Dev2.Runtime.Tests.csproj]
C:\Users\ultra\warewolf\Dev\Warewolf.Studio.Views\Warewolf.Studio.Views.csproj : warning NU1701: Package 'Unofficial.Microsoft.mshtml 7.0.3300' was restored using '.NETFramework,Version=v4.6.1, .NETFramework,Version=v4.6.2, .NETFramework,Version=v4.7, .NETFramework,Version=v4.7.1, .NETFramework,Version=v4.7.2, .NETFramework,Version=v4.8, .NETFramework,Version=v4.8.1' instead of the project target framework 'net8.0'. This package may not be fully compatible with your project. [C:\Users\ultra\warewolf\Dev\Dev2.Runtime.Tests\Dev2.Runtime.Tests.csproj]
C:\Users\ultra\warewolf\Dev\Warewolf.Sharepoint\Warewolf.Sharepoint.csproj : warning NU1701: Package 'GroupControls 1.9.0' was restored using '.NETFramework,Version=v4.6.1, .NETFramework,Version=v4.6.2, .NETFramework,Version=v4.7, .NETFramework,Version=v4.7.1, .NETFramework,Version=v4.7.2, .NETFramework,Version=v4.8, .NETFramework,Version=v4.8.1' instead of the project target framework 'net8.0'. This package may not be fully compatible with your project. [C:\Users\ultra\warewolf\Dev\Dev2.Runtime.Tests\Dev2.Runtime.Tests.csproj]
C:\Users\ultra\warewolf\Dev\Warewolf.Sharepoint\Warewolf.Sharepoint.csproj : warning NU1701: Package 'ReactiveUI.WPF 18.4.1' was restored using '.NETFramework,Version=v4.6.1, .NETFramework,Version=v4.6.2, .NETFramework,Version=v4.7, .NETFramework,Version=v4.7.1, .NETFramework,Version=v4.7.2, .NETFramework,Version=v4.8, .NETFramework,Version=v4.8.1' instead of the project target framework 'net8.0'. This package may not be fully compatible with your project. [C:\Users\ultra\warewolf\Dev\Dev2.Runtime.Tests\Dev2.Runtime.Tests.csproj]
C:\Users\ultra\warewolf\Dev\Warewolf.Sharepoint\Warewolf.Sharepoint.csproj : warning NU1701: Package 'TaskSchedulerEditor 2.10.1' was restored using '.NETFramework,Version=v4.6.1, .NETFramework,Version=v4.6.2, .NETFramework,Version=v4.7, .NETFramework,Version=v4.7.1, .NETFramework,Version=v4.7.2, .NETFramework,Version=v4.8, .NETFramework,Version=v4.8.1' instead of the project target framework 'net8.0'. This package may not be fully compatible with your project. [C:\Users\ultra\warewolf\Dev\Dev2.Runtime.Tests\Dev2.Runtime.Tests.csproj]
C:\Users\ultra\warewolf\Dev\Dev2.Studio.Core.Tests\Dev2.Studio.Core.Tests.csproj : warning NU1701: Package 'AeroWizard 2.3.1' was restored using '.NETFramework,Version=v4.6.1, .NETFramework,Version=v4.6.2, .NETFramework,Version=v4.7, .NETFramework,Version=v4.7.1, .NETFramework,Version=v4.7.2, .NETFramework,Version=v4.8, .NETFramework,Version=v4.8.1' instead of the project target framework 'net8.0'. This package may not be fully compatible with your project. [C:\Users\ultra\warewolf\Dev\Dev2.Runtime.Tests\Dev2.Runtime.Tests.csproj]
C:\Users\ultra\warewolf\Dev\Dev2.Studio.Core.Tests\Dev2.Studio.Core.Tests.csproj : warning NU1701: Package 'AvalonEdit 6.3.0.90' was restored using '.NETFramework,Version=v4.6.1, .NETFramework,Version=v4.6.2, .NETFramework,Version=v4.7, .NETFramework,Version=v4.7.1, .NETFramework,Version=v4.7.2, .NETFramework,Version=v4.8, .NETFramework,Version=v4.8.1' instead of the project target framework 'net8.0'. This package may not be fully compatible with your project. [C:\Users\ultra\warewolf\Dev\Dev2.Runtime.Tests\Dev2.Runtime.Tests.csproj]
C:\Users\ultra\warewolf\Dev\Dev2.Studio.Core.Tests\Dev2.Studio.Core.Tests.csproj : warning NU1701: Package 'CommonServiceLocator 1.2.0' was restored using '.NETFramework,Version=v4.6.1, .NETFramework,Version=v4.6.2, .NETFramework,Version=v4.7, .NETFramework,Version=v4.7.1, .NETFramework,Version=v4.7.2, .NETFramework,Version=v4.8, .NETFramework,Version=v4.8.1' instead of the project target framework 'net8.0'. This package may not be fully compatible with your project. [C:\Users\ultra\warewolf\Dev\Dev2.Runtime.Tests\Dev2.Runtime.Tests.csproj]
C:\Users\ultra\warewolf\Dev\Dev2.Studio.Core.Tests\Dev2.Studio.Core.Tests.csproj : warning NU1701: Package 'FontAwesome.WPF 4.7.0.9' was restored using '.NETFramework,Version=v4.6.1, .NETFramework,Version=v4.6.2, .NETFramework,Version=v4.7, .NETFramework,Version=v4.7.1, .NETFramework,Version=v4.7.2, .NETFramework,Version=v4.8, .NETFramework,Version=v4.8.1' instead of the project target framework 'net8.0'. This package may not be fully compatible with your project. [C:\Users\ultra\warewolf\Dev\Dev2.Runtime.Tests\Dev2.Runtime.Tests.csproj]
C:\Users\ultra\warewolf\Dev\Dev2.Studio.Core.Tests\Dev2.Studio.Core.Tests.csproj : warning NU1701: Package 'GroupControls 1.9.0' was restored using '.NETFramework,Version=v4.6.1, .NETFramework,Version=v4.6.2, .NETFramework,Version=v4.7, .NETFramework,Version=v4.7.1, .NETFramework,Version=v4.7.2, .NETFramework,Version=v4.8, .NETFramework,Version=v4.8.1' instead of the project target framework 'net8.0'. This package may not be fully compatible with your project. [C:\Users\ultra\warewolf\Dev\Dev2.Runtime.Tests\Dev2.Runtime.Tests.csproj]
C:\Users\ultra\warewolf\Dev\Dev2.Studio.Core.Tests\Dev2.Studio.Core.Tests.csproj : warning NU1701: Package 'Log4Net.Async 2.0.4' was restored using '.NETFramework,Version=v4.6.1, .NETFramework,Version=v4.6.2, .NETFramework,Version=v4.7, .NETFramework,Version=v4.7.1, .NETFramework,Version=v4.7.2, .NETFramework,Version=v4.8, .NETFramework,Version=v4.8.1' instead of the project target framework 'net8.0'. This package may not be fully compatible with your project. [C:\Users\ultra\warewolf\Dev\Dev2.Runtime.Tests\Dev2.Runtime.Tests.csproj]
C:\Users\ultra\warewolf\Dev\Dev2.Studio.Core.Tests\Dev2.Studio.Core.Tests.csproj : warning NU1701: Package 'Microsoft.Xaml.Behaviors.Wpf 1.1.122' was restored using '.NETFramework,Version=v4.6.1, .NETFramework,Version=v4.6.2, .NETFramework,Version=v4.7, .NETFramework,Version=v4.7.1, .NETFramework,Version=v4.7.2, .NETFramework,Version=v4.8, .NETFramework,Version=v4.8.1' instead of the project target framework 'net8.0'. This package may not be fully compatible with your project. [C:\Users\ultra\warewolf\Dev\Dev2.Runtime.Tests\Dev2.Runtime.Tests.csproj]
C:\Users\ultra\warewolf\Dev\Dev2.Studio.Core.Tests\Dev2.Studio.Core.Tests.csproj : warning NU1701: Package 'Prism.Composition 5.0.0' was restored using '.NETFramework,Version=v4.6.1, .NETFramework,Version=v4.6.2, .NETFramework,Version=v4.7, .NETFramework,Version=v4.7.1, .NETFramework,Version=v4.7.2, .NETFramework,Version=v4.8, .NETFramework,Version=v4.8.1' instead of the project target framework 'net8.0'. This package may not be fully compatible with your project. [C:\Users\ultra\warewolf\Dev\Dev2.Runtime.Tests\Dev2.Runtime.Tests.csproj]
C:\Users\ultra\warewolf\Dev\Dev2.Studio.Core.Tests\Dev2.Studio.Core.Tests.csproj : warning NU1701: Package 'Prism.Interactivity 5.0.0' was restored using '.NETFramework,Version=v4.6.1, .NETFramework,Version=v4.6.2, .NETFramework,Version=v4.7, .NETFramework,Version=v4.7.1, .NETFramework,Version=v4.7.2, .NETFramework,Version=v4.8, .NETFramework,Version=v4.8.1' instead of the project target framework 'net8.0'. This package may not be fully compatible with your project. [C:\Users\ultra\warewolf\Dev\Dev2.Runtime.Tests\Dev2.Runtime.Tests.csproj]
C:\Users\ultra\warewolf\Dev\Dev2.Studio.Core.Tests\Dev2.Studio.Core.Tests.csproj : warning NU1701: Package 'Prism.Mvvm 1.0.0' was restored using '.NETFramework,Version=v4.6.1, .NETFramework,Version=v4.6.2, .NETFramework,Version=v4.7, .NETFramework,Version=v4.7.1, .NETFramework,Version=v4.7.2, .NETFramework,Version=v4.8, .NETFramework,Version=v4.8.1' instead of the project target framework 'net8.0'. This package may not be fully compatible with your project. [C:\Users\ultra\warewolf\Dev\Dev2.Runtime.Tests\Dev2.Runtime.Tests.csproj]
C:\Users\ultra\warewolf\Dev\Dev2.Studio.Core.Tests\Dev2.Studio.Core.Tests.csproj : warning NU1701: Package 'Prism.PubSubEvents 1.0.0' was restored using '.NETFramework,Version=v4.6.1, .NETFramework,Version=v4.6.2, .NETFramework,Version=v4.7, .NETFramework,Version=v4.7.1, .NETFramework,Version=v4.7.2, .NETFramework,Version=v4.8, .NETFramework,Version=v4.8.1' instead of the project target framework 'net8.0'. This package may not be fully compatible with your project. [C:\Users\ultra\warewolf\Dev\Dev2.Runtime.Tests\Dev2.Runtime.Tests.csproj]
C:\Users\ultra\warewolf\Dev\Dev2.Studio.Core.Tests\Dev2.Studio.Core.Tests.csproj : warning NU1701: Package 'Prism.UnityExtensions 5.0.1' was restored using '.NETFramework,Version=v4.6.1, .NETFramework,Version=v4.6.2, .NETFramework,Version=v4.7, .NETFramework,Version=v4.7.1, .NETFramework,Version=v4.7.2, .NETFramework,Version=v4.8, .NETFramework,Version=v4.8.1' instead of the project target framework 'net8.0'. This package may not be fully compatible with your project. [C:\Users\ultra\warewolf\Dev\Dev2.Runtime.Tests\Dev2.Runtime.Tests.csproj]
C:\Users\ultra\warewolf\Dev\Dev2.Studio.Core.Tests\Dev2.Studio.Core.Tests.csproj : warning NU1701: Package 'Prism.Wpf 9.0.537' was restored using '.NETFramework,Version=v4.6.1, .NETFramework,Version=v4.6.2, .NETFramework,Version=v4.7, .NETFramework,Version=v4.7.1, .NETFramework,Version=v4.7.2, .NETFramework,Version=v4.8, .NETFramework,Version=v4.8.1' instead of the project target framework 'net8.0'. This package may not be fully compatible with your project. [C:\Users\ultra\warewolf\Dev\Dev2.Runtime.Tests\Dev2.Runtime.Tests.csproj]
C:\Users\ultra\warewolf\Dev\Dev2.Studio.Core.Tests\Dev2.Studio.Core.Tests.csproj : warning NU1701: Package 'ReactiveUI.WPF 18.4.1' was restored using '.NETFramework,Version=v4.6.1, .NETFramework,Version=v4.6.2, .NETFramework,Version=v4.7, .NETFramework,Version=v4.7.1, .NETFramework,Version=v4.7.2, .NETFramework,Version=v4.8, .NETFramework,Version=v4.8.1' instead of the project target framework 'net8.0'. This package may not be fully compatible with your project. [C:\Users\ultra\warewolf\Dev\Dev2.Runtime.Tests\Dev2.Runtime.Tests.csproj]
C:\Users\ultra\warewolf\Dev\Dev2.Studio.Core.Tests\Dev2.Studio.Core.Tests.csproj : warning NU1701: Package 'TaskSchedulerEditor 2.10.1' was restored using '.NETFramework,Version=v4.6.1, .NETFramework,Version=v4.6.2, .NETFramework,Version=v4.7, .NETFramework,Version=v4.7.1, .NETFramework,Version=v4.7.2, .NETFramework,Version=v4.8, .NETFramework,Version=v4.8.1' instead of the project target framework 'net8.0'. This package may not be fully compatible with your project. [C:\Users\ultra\warewolf\Dev\Dev2.Runtime.Tests\Dev2.Runtime.Tests.csproj]
C:\Users\ultra\warewolf\Dev\Dev2.Studio.Core.Tests\Dev2.Studio.Core.Tests.csproj : warning NU1701: Package 'Unofficial.Microsoft.mshtml 7.0.3300' was restored using '.NETFramework,Version=v4.6.1, .NETFramework,Version=v4.6.2, .NETFramework,Version=v4.7, .NETFramework,Version=v4.7.1, .NETFramework,Version=v4.7.2, .NETFramework,Version=v4.8, .NETFramework,Version=v4.8.1' instead of the project target framework 'net8.0'. This package may not be fully compatible with your project. [C:\Users\ultra\warewolf\Dev\Dev2.Runtime.Tests\Dev2.Runtime.Tests.csproj]
C:\Users\ultra\warewolf\Dev\Warewolf.ResourceManagement\Warewolf.ResourceManagement.csproj : warning NU1701: Package 'AeroWizard 2.3.1' was restored using '.NETFramework,Version=v4.6.1, .NETFramework,Version=v4.6.2, .NETFramework,Version=v4.7, .NETFramework,Version=v4.7.1, .NETFramework,Version=v4.7.2, .NETFramework,Version=v4.8, .NETFramework,Version=v4.8.1' instead of the project target framework 'net8.0'. This package may not be fully compatible with your project. [C:\Users\ultra\warewolf\Dev\Dev2.Runtime.Tests\Dev2.Runtime.Tests.csproj]
C:\Users\ultra\warewolf\Dev\Warewolf.ResourceManagement\Warewolf.ResourceManagement.csproj : warning NU1701: Package 'GroupControls 1.9.0' was restored using '.NETFramework,Version=v4.6.1, .NETFramework,Version=v4.6.2, .NETFramework,Version=v4.7, .NETFramework,Version=v4.7.1, .NETFramework,Version=v4.7.2, .NETFramework,Version=v4.8, .NETFramework,Version=v4.8.1' instead of the project target framework 'net8.0'. This package may not be fully compatible with your project. [C:\Users\ultra\warewolf\Dev\Dev2.Runtime.Tests\Dev2.Runtime.Tests.csproj]
C:\Users\ultra\warewolf\Dev\Warewolf.ResourceManagement\Warewolf.ResourceManagement.csproj : warning NU1701: Package 'ReactiveUI.WPF 18.4.1' was restored using '.NETFramework,Version=v4.6.1, .NETFramework,Version=v4.6.2, .NETFramework,Version=v4.7, .NETFramework,Version=v4.7.1, .NETFramework,Version=v4.7.2, .NETFramework,Version=v4.8, .NETFramework,Version=v4.8.1' instead of the project target framework 'net8.0'. This package may not be fully compatible with your project. [C:\Users\ultra\warewolf\Dev\Dev2.Runtime.Tests\Dev2.Runtime.Tests.csproj]
C:\Users\ultra\warewolf\Dev\Warewolf.ResourceManagement\Warewolf.ResourceManagement.csproj : warning NU1701: Package 'TaskSchedulerEditor 2.10.1' was restored using '.NETFramework,Version=v4.6.1, .NETFramework,Version=v4.6.2, .NETFramework,Version=v4.7, .NETFramework,Version=v4.7.1, .NETFramework,Version=v4.7.2, .NETFramework,Version=v4.8, .NETFramework,Version=v4.8.1' instead of the project target framework 'net8.0'. This package may not be fully compatible with your project. [C:\Users\ultra\warewolf\Dev\Dev2.Runtime.Tests\Dev2.Runtime.Tests.csproj]
C:\Users\ultra\warewolf\Dev\Warewolf.Studio.CustomControls\Warewolf.Studio.CustomControls.csproj : warning NU1701: Package 'AeroWizard 2.3.1' was restored using '.NETFramework,Version=v4.6.1, .NETFramework,Version=v4.6.2, .NETFramework,Version=v4.7, .NETFramework,Version=v4.7.1, .NETFramework,Version=v4.7.2, .NETFramework,Version=v4.8, .NETFramework,Version=v4.8.1' instead of the project target framework 'net8.0'. This package may not be fully compatible with your project. [C:\Users\ultra\warewolf\Dev\Dev2.Runtime.Tests\Dev2.Runtime.Tests.csproj]
C:\Users\ultra\warewolf\Dev\Warewolf.Studio.CustomControls\Warewolf.Studio.CustomControls.csproj : warning NU1701: Package 'GroupControls 1.9.0' was restored using '.NETFramework,Version=v4.6.1, .NETFramework,Version=v4.6.2, .NETFramework,Version=v4.7, .NETFramework,Version=v4.7.1, .NETFramework,Version=v4.7.2, .NETFramework,Version=v4.8, .NETFramework,Version=v4.8.1' instead of the project target framework 'net8.0'. This package may not be fully compatible with your project. [C:\Users\ultra\warewolf\Dev\Dev2.Runtime.Tests\Dev2.Runtime.Tests.csproj]
C:\Users\ultra\warewolf\Dev\Warewolf.Studio.CustomControls\Warewolf.Studio.CustomControls.csproj : warning NU1701: Package 'Microsoft.Xaml.Behaviors.Wpf 1.1.122' was restored using '.NETFramework,Version=v4.6.1, .NETFramework,Version=v4.6.2, .NETFramework,Version=v4.7, .NETFramework,Version=v4.7.1, .NETFramework,Version=v4.7.2, .NETFramework,Version=v4.8, .NETFramework,Version=v4.8.1' instead of the project target framework 'net8.0'. This package may not be fully compatible with your project. [C:\Users\ultra\warewolf\Dev\Dev2.Runtime.Tests\Dev2.Runtime.Tests.csproj]
C:\Users\ultra\warewolf\Dev\Warewolf.Studio.CustomControls\Warewolf.Studio.CustomControls.csproj : warning NU1701: Package 'Prism.Wpf 9.0.537' was restored using '.NETFramework,Version=v4.6.1, .NETFramework,Version=v4.6.2, .NETFramework,Version=v4.7, .NETFramework,Version=v4.7.1, .NETFramework,Version=v4.7.2, .NETFramework,Version=v4.8, .NETFramework,Version=v4.8.1' instead of the project target framework 'net8.0'. This package may not be fully compatible with your project. [C:\Users\ultra\warewolf\Dev\Dev2.Runtime.Tests\Dev2.Runtime.Tests.csproj]
C:\Users\ultra\warewolf\Dev\Warewolf.Studio.CustomControls\Warewolf.Studio.CustomControls.csproj : warning NU1701: Package 'ReactiveUI.WPF 18.4.1' was restored using '.NETFramework,Version=v4.6.1, .NETFramework,Version=v4.6.2, .NETFramework,Version=v4.7, .NETFramework,Version=v4.7.1, .NETFramework,Version=v4.7.2, .NETFramework,Version=v4.8, .NETFramework,Version=v4.8.1' instead of the project target framework 'net8.0'. This package may not be fully compatible with your project. [C:\Users\ultra\warewolf\Dev\Dev2.Runtime.Tests\Dev2.Runtime.Tests.csproj]
C:\Users\ultra\warewolf\Dev\Warewolf.Studio.CustomControls\Warewolf.Studio.CustomControls.csproj : warning NU1701: Package 'TaskSchedulerEditor 2.10.1' was restored using '.NETFramework,Version=v4.6.1, .NETFramework,Version=v4.6.2, .NETFramework,Version=v4.7, .NETFramework,Version=v4.7.1, .NETFramework,Version=v4.7.2, .NETFramework,Version=v4.8, .NETFramework,Version=v4.8.1' instead of the project target framework 'net8.0'. This package may not be fully compatible with your project. [C:\Users\ultra\warewolf\Dev\Dev2.Runtime.Tests\Dev2.Runtime.Tests.csproj]
C:\Users\ultra\warewolf\Dev\Warewolf.Driver.Serilog\Warewolf.Driver.Serilog.csproj : warning NU1701: Package 'AeroWizard 2.3.1' was restored using '.NETFramework,Version=v4.6.1, .NETFramework,Version=v4.6.2, .NETFramework,Version=v4.7, .NETFramework,Version=v4.7.1, .NETFramework,Version=v4.7.2, .NETFramework,Version=v4.8, .NETFramework,Version=v4.8.1' instead of the project target framework 'net8.0'. This package may not be fully compatible with your project. [C:\Users\ultra\warewolf\Dev\Dev2.Runtime.Tests\Dev2.Runtime.Tests.csproj]
C:\Users\ultra\warewolf\Dev\Warewolf.Driver.Serilog\Warewolf.Driver.Serilog.csproj : warning NU1701: Package 'GroupControls 1.9.0' was restored using '.NETFramework,Version=v4.6.1, .NETFramework,Version=v4.6.2, .NETFramework,Version=v4.7, .NETFramework,Version=v4.7.1, .NETFramework,Version=v4.7.2, .NETFramework,Version=v4.8, .NETFramework,Version=v4.8.1' instead of the project target framework 'net8.0'. This package may not be fully compatible with your project. [C:\Users\ultra\warewolf\Dev\Dev2.Runtime.Tests\Dev2.Runtime.Tests.csproj]
C:\Users\ultra\warewolf\Dev\Warewolf.Driver.Serilog\Warewolf.Driver.Serilog.csproj : warning NU1701: Package 'ReactiveUI.WPF 18.4.1' was restored using '.NETFramework,Version=v4.6.1, .NETFramework,Version=v4.6.2, .NETFramework,Version=v4.7, .NETFramework,Version=v4.7.1, .NETFramework,Version=v4.7.2, .NETFramework,Version=v4.8, .NETFramework,Version=v4.8.1' instead of the project target framework 'net8.0'. This package may not be fully compatible with your project. [C:\Users\ultra\warewolf\Dev\Dev2.Runtime.Tests\Dev2.Runtime.Tests.csproj]
C:\Users\ultra\warewolf\Dev\Warewolf.Driver.Serilog\Warewolf.Driver.Serilog.csproj : warning NU1701: Package 'TaskSchedulerEditor 2.10.1' was restored using '.NETFramework,Version=v4.6.1, .NETFramework,Version=v4.6.2, .NETFramework,Version=v4.7, .NETFramework,Version=v4.7.1, .NETFramework,Version=v4.7.2, .NETFramework,Version=v4.8, .NETFramework,Version=v4.8.1' instead of the project target framework 'net8.0'. This package may not be fully compatible with your project. [C:\Users\ultra\warewolf\Dev\Dev2.Runtime.Tests\Dev2.Runtime.Tests.csproj]
C:\Users\ultra\warewolf\Dev\Warewolf.Exchange.Email.Wrapper\Warewolf.Exchange.Email.Wrapper.csproj : warning NU1701: Package 'AeroWizard 2.3.1' was restored using '.NETFramework,Version=v4.6.1, .NETFramework,Version=v4.6.2, .NETFramework,Version=v4.7, .NETFramework,Version=v4.7.1, .NETFramework,Version=v4.7.2, .NETFramework,Version=v4.8, .NETFramework,Version=v4.8.1' instead of the project target framework 'net8.0'. This package may not be fully compatible with your project. [C:\Users\ultra\warewolf\Dev\Dev2.Runtime.Tests\Dev2.Runtime.Tests.csproj]
C:\Users\ultra\warewolf\Dev\Warewolf.Exchange.Email.Wrapper\Warewolf.Exchange.Email.Wrapper.csproj : warning NU1701: Package 'GroupControls 1.9.0' was restored using '.NETFramework,Version=v4.6.1, .NETFramework,Version=v4.6.2, .NETFramework,Version=v4.7, .NETFramework,Version=v4.7.1, .NETFramework,Version=v4.7.2, .NETFramework,Version=v4.8, .NETFramework,Version=v4.8.1' instead of the project target framework 'net8.0'. This package may not be fully compatible with your project. [C:\Users\ultra\warewolf\Dev\Dev2.Runtime.Tests\Dev2.Runtime.Tests.csproj]
C:\Users\ultra\warewolf\Dev\Warewolf.Exchange.Email.Wrapper\Warewolf.Exchange.Email.Wrapper.csproj : warning NU1701: Package 'ReactiveUI.WPF 18.4.1' was restored using '.NETFramework,Version=v4.6.1, .NETFramework,Version=v4.6.2, .NETFramework,Version=v4.7, .NETFramework,Version=v4.7.1, .NETFramework,Version=v4.7.2, .NETFramework,Version=v4.8, .NETFramework,Version=v4.8.1' instead of the project target framework 'net8.0'. This package may not be fully compatible with your project. [C:\Users\ultra\warewolf\Dev\Dev2.Runtime.Tests\Dev2.Runtime.Tests.csproj]
C:\Users\ultra\warewolf\Dev\Warewolf.Exchange.Email.Wrapper\Warewolf.Exchange.Email.Wrapper.csproj : warning NU1701: Package 'TaskSchedulerEditor 2.10.1' was restored using '.NETFramework,Version=v4.6.1, .NETFramework,Version=v4.6.2, .NETFramework,Version=v4.7, .NETFramework,Version=v4.7.1, .NETFramework,Version=v4.7.2, .NETFramework,Version=v4.8, .NETFramework,Version=v4.8.1' instead of the project target framework 'net8.0'. This package may not be fully compatible with your project. [C:\Users\ultra\warewolf\Dev\Dev2.Runtime.Tests\Dev2.Runtime.Tests.csproj]
C:\Users\ultra\warewolf\Dev\Dev2.Services.Sql\Dev2.Services.Sql.csproj : warning NU1903: Package 'Oracle.ManagedDataAccess.Core' 3.21.70 has a known high severity vulnerability, https://github.com/advisories/GHSA-5pm2-9mr2-3frq [C:\Users\ultra\warewolf\Dev\Dev2.Runtime.Tests\Dev2.Runtime.Tests.csproj]
C:\Users\ultra\warewolf\Dev\Dev2.Services.Sql\Dev2.Services.Sql.csproj : warning NU1701: Package 'AeroWizard 2.3.1' was restored using '.NETFramework,Version=v4.6.1, .NETFramework,Version=v4.6.2, .NETFramework,Version=v4.7, .NETFramework,Version=v4.7.1, .NETFramework,Version=v4.7.2, .NETFramework,Version=v4.8, .NETFramework,Version=v4.8.1' instead of the project target framework 'net8.0'. This package may not be fully compatible with your project. [C:\Users\ultra\warewolf\Dev\Dev2.Runtime.Tests\Dev2.Runtime.Tests.csproj]
C:\Users\ultra\warewolf\Dev\Dev2.Services.Sql\Dev2.Services.Sql.csproj : warning NU1701: Package 'GroupControls 1.9.0' was restored using '.NETFramework,Version=v4.6.1, .NETFramework,Version=v4.6.2, .NETFramework,Version=v4.7, .NETFramework,Version=v4.7.1, .NETFramework,Version=v4.7.2, .NETFramework,Version=v4.8, .NETFramework,Version=v4.8.1' instead of the project target framework 'net8.0'. This package may not be fully compatible with your project. [C:\Users\ultra\warewolf\Dev\Dev2.Runtime.Tests\Dev2.Runtime.Tests.csproj]
C:\Users\ultra\warewolf\Dev\Dev2.Services.Sql\Dev2.Services.Sql.csproj : warning NU1701: Package 'ReactiveUI.WPF 18.4.1' was restored using '.NETFramework,Version=v4.6.1, .NETFramework,Version=v4.6.2, .NETFramework,Version=v4.7, .NETFramework,Version=v4.7.1, .NETFramework,Version=v4.7.2, .NETFramework,Version=v4.8, .NETFramework,Version=v4.8.1' instead of the project target framework 'net8.0'. This package may not be fully compatible with your project. [C:\Users\ultra\warewolf\Dev\Dev2.Runtime.Tests\Dev2.Runtime.Tests.csproj]
C:\Users\ultra\warewolf\Dev\Dev2.Services.Sql\Dev2.Services.Sql.csproj : warning NU1701: Package 'TaskSchedulerEditor 2.10.1' was restored using '.NETFramework,Version=v4.6.1, .NETFramework,Version=v4.6.2, .NETFramework,Version=v4.7, .NETFramework,Version=v4.7.1, .NETFramework,Version=v4.7.2, .NETFramework,Version=v4.8, .NETFramework,Version=v4.8.1' instead of the project target framework 'net8.0'. This package may not be fully compatible with your project. [C:\Users\ultra\warewolf\Dev\Dev2.Runtime.Tests\Dev2.Runtime.Tests.csproj]
C:\Users\ultra\warewolf\Dev\Warewolf.QueueWorker\Warewolf.QueueWorker.csproj : warning NU1701: Package 'AeroWizard 2.3.1' was restored using '.NETFramework,Version=v4.6.1, .NETFramework,Version=v4.6.2, .NETFramework,Version=v4.7, .NETFramework,Version=v4.7.1, .NETFramework,Version=v4.7.2, .NETFramework,Version=v4.8, .NETFramework,Version=v4.8.1' instead of the project target framework 'net8.0'. This package may not be fully compatible with your project. [C:\Users\ultra\warewolf\Dev\Dev2.Runtime.Tests\Dev2.Runtime.Tests.csproj]
C:\Users\ultra\warewolf\Dev\Warewolf.QueueWorker\Warewolf.QueueWorker.csproj : warning NU1701: Package 'GroupControls 1.9.0' was restored using '.NETFramework,Version=v4.6.1, .NETFramework,Version=v4.6.2, .NETFramework,Version=v4.7, .NETFramework,Version=v4.7.1, .NETFramework,Version=v4.7.2, .NETFramework,Version=v4.8, .NETFramework,Version=v4.8.1' instead of the project target framework 'net8.0'. This package may not be fully compatible with your project. [C:\Users\ultra\warewolf\Dev\Dev2.Runtime.Tests\Dev2.Runtime.Tests.csproj]
C:\Users\ultra\warewolf\Dev\Warewolf.QueueWorker\Warewolf.QueueWorker.csproj : warning NU1701: Package 'Microsoft.Xaml.Behaviors.Wpf 1.1.122' was restored using '.NETFramework,Version=v4.6.1, .NETFramework,Version=v4.6.2, .NETFramework,Version=v4.7, .NETFramework,Version=v4.7.1, .NETFramework,Version=v4.7.2, .NETFramework,Version=v4.8, .NETFramework,Version=v4.8.1' instead of the project target framework 'net8.0'. This package may not be fully compatible with your project. [C:\Users\ultra\warewolf\Dev\Dev2.Runtime.Tests\Dev2.Runtime.Tests.csproj]
C:\Users\ultra\warewolf\Dev\Warewolf.QueueWorker\Warewolf.QueueWorker.csproj : warning NU1701: Package 'Prism.Wpf 9.0.537' was restored using '.NETFramework,Version=v4.6.1, .NETFramework,Version=v4.6.2, .NETFramework,Version=v4.7, .NETFramework,Version=v4.7.1, .NETFramework,Version=v4.7.2, .NETFramework,Version=v4.8, .NETFramework,Version=v4.8.1' instead of the project target framework 'net8.0'. This package may not be fully compatible with your project. [C:\Users\ultra\warewolf\Dev\Dev2.Runtime.Tests\Dev2.Runtime.Tests.csproj]
C:\Users\ultra\warewolf\Dev\Warewolf.QueueWorker\Warewolf.QueueWorker.csproj : warning NU1701: Package 'ReactiveUI.WPF 18.4.1' was restored using '.NETFramework,Version=v4.6.1, .NETFramework,Version=v4.6.2, .NETFramework,Version=v4.7, .NETFramework,Version=v4.7.1, .NETFramework,Version=v4.7.2, .NETFramework,Version=v4.8, .NETFramework,Version=v4.8.1' instead of the project target framework 'net8.0'. This package may not be fully compatible with your project. [C:\Users\ultra\warewolf\Dev\Dev2.Runtime.Tests\Dev2.Runtime.Tests.csproj]
C:\Users\ultra\warewolf\Dev\Warewolf.QueueWorker\Warewolf.QueueWorker.csproj : warning NU1701: Package 'TaskSchedulerEditor 2.10.1' was restored using '.NETFramework,Version=v4.6.1, .NETFramework,Version=v4.6.2, .NETFramework,Version=v4.7, .NETFramework,Version=v4.7.1, .NETFramework,Version=v4.7.2, .NETFramework,Version=v4.8, .NETFramework,Version=v4.8.1' instead of the project target framework 'net8.0'. This package may not be fully compatible with your project. [C:\Users\ultra\warewolf\Dev\Dev2.Runtime.Tests\Dev2.Runtime.Tests.csproj]
C:\Users\ultra\warewolf\Dev\Dev2.Scheduler\Dev2.Scheduler.csproj : warning NU1701: Package 'AeroWizard 2.3.1' was restored using '.NETFramework,Version=v4.6.1, .NETFramework,Version=v4.6.2, .NETFramework,Version=v4.7, .NETFramework,Version=v4.7.1, .NETFramework,Version=v4.7.2, .NETFramework,Version=v4.8, .NETFramework,Version=v4.8.1' instead of the project target framework 'net8.0'. This package may not be fully compatible with your project. [C:\Users\ultra\warewolf\Dev\Dev2.Runtime.Tests\Dev2.Runtime.Tests.csproj]
C:\Users\ultra\warewolf\Dev\Dev2.Scheduler\Dev2.Scheduler.csproj : warning NU1701: Package 'GroupControls 1.9.0' was restored using '.NETFramework,Version=v4.6.1, .NETFramework,Version=v4.6.2, .NETFramework,Version=v4.7, .NETFramework,Version=v4.7.1, .NETFramework,Version=v4.7.2, .NETFramework,Version=v4.8, .NETFramework,Version=v4.8.1' instead of the project target framework 'net8.0'. This package may not be fully compatible with your project. [C:\Users\ultra\warewolf\Dev\Dev2.Runtime.Tests\Dev2.Runtime.Tests.csproj]
C:\Users\ultra\warewolf\Dev\Dev2.Scheduler\Dev2.Scheduler.csproj : warning NU1701: Package 'ReactiveUI.WPF 18.4.1' was restored using '.NETFramework,Version=v4.6.1, .NETFramework,Version=v4.6.2, .NETFramework,Version=v4.7, .NETFramework,Version=v4.7.1, .NETFramework,Version=v4.7.2, .NETFramework,Version=v4.8, .NETFramework,Version=v4.8.1' instead of the project target framework 'net8.0'. This package may not be fully compatible with your project. [C:\Users\ultra\warewolf\Dev\Dev2.Runtime.Tests\Dev2.Runtime.Tests.csproj]
C:\Users\ultra\warewolf\Dev\Dev2.Scheduler\Dev2.Scheduler.csproj : warning NU1701: Package 'TaskSchedulerEditor 2.10.1' was restored using '.NETFramework,Version=v4.6.1, .NETFramework,Version=v4.6.2, .NETFramework,Version=v4.7, .NETFramework,Version=v4.7.1, .NETFramework,Version=v4.7.2, .NETFramework,Version=v4.8, .NETFramework,Version=v4.8.1' instead of the project target framework 'net8.0'. This package may not be fully compatible with your project. [C:\Users\ultra\warewolf\Dev\Dev2.Runtime.Tests\Dev2.Runtime.Tests.csproj]
C:\Users\ultra\warewolf\Dev\Warewolf.Data\Warewolf.Data.csproj : warning NU1701: Package 'AeroWizard 2.3.1' was restored using '.NETFramework,Version=v4.6.1, .NETFramework,Version=v4.6.2, .NETFramework,Version=v4.7, .NETFramework,Version=v4.7.1, .NETFramework,Version=v4.7.2, .NETFramework,Version=v4.8, .NETFramework,Version=v4.8.1' instead of the project target framework 'net8.0'. This package may not be fully compatible with your project. [C:\Users\ultra\warewolf\Dev\Dev2.Runtime.Tests\Dev2.Runtime.Tests.csproj]
C:\Users\ultra\warewolf\Dev\Warewolf.Data\Warewolf.Data.csproj : warning NU1701: Package 'GroupControls 1.9.0' was restored using '.NETFramework,Version=v4.6.1, .NETFramework,Version=v4.6.2, .NETFramework,Version=v4.7, .NETFramework,Version=v4.7.1, .NETFramework,Version=v4.7.2, .NETFramework,Version=v4.8, .NETFramework,Version=v4.8.1' instead of the project target framework 'net8.0'. This package may not be fully compatible with your project. [C:\Users\ultra\warewolf\Dev\Dev2.Runtime.Tests\Dev2.Runtime.Tests.csproj]
C:\Users\ultra\warewolf\Dev\Warewolf.Data\Warewolf.Data.csproj : warning NU1701: Package 'TaskSchedulerEditor 2.10.1' was restored using '.NETFramework,Version=v4.6.1, .NETFramework,Version=v4.6.2, .NETFramework,Version=v4.7, .NETFramework,Version=v4.7.1, .NETFramework,Version=v4.7.2, .NETFramework,Version=v4.8, .NETFramework,Version=v4.8.1' instead of the project target framework 'net8.0'. This package may not be fully compatible with your project. [C:\Users\ultra\warewolf\Dev\Dev2.Runtime.Tests\Dev2.Runtime.Tests.csproj]
C:\Users\ultra\warewolf\Dev\Dev2.Activities\Dev2.Activities.csproj : warning NU1903: Package 'Microsoft.Windows.Compatibility' 6.0.0 has a known high severity vulnerability, https://github.com/advisories/GHSA-555c-2p6r-68mm [C:\Users\ultra\warewolf\Dev\Dev2.Runtime.Tests\Dev2.Runtime.Tests.csproj]
C:\Users\ultra\warewolf\Dev\Dev2.Activities\Dev2.Activities.csproj : warning NU1701: Package 'AeroWizard 2.3.1' was restored using '.NETFramework,Version=v4.6.1, .NETFramework,Version=v4.6.2, .NETFramework,Version=v4.7, .NETFramework,Version=v4.7.1, .NETFramework,Version=v4.7.2, .NETFramework,Version=v4.8, .NETFramework,Version=v4.8.1' instead of the project target framework 'net8.0'. This package may not be fully compatible with your project. [C:\Users\ultra\warewolf\Dev\Dev2.Runtime.Tests\Dev2.Runtime.Tests.csproj]
C:\Users\ultra\warewolf\Dev\Dev2.Activities\Dev2.Activities.csproj : warning NU1701: Package 'GroupControls 1.9.0' was restored using '.NETFramework,Version=v4.6.1, .NETFramework,Version=v4.6.2, .NETFramework,Version=v4.7, .NETFramework,Version=v4.7.1, .NETFramework,Version=v4.7.2, .NETFramework,Version=v4.8, .NETFramework,Version=v4.8.1' instead of the project target framework 'net8.0'. This package may not be fully compatible with your project. [C:\Users\ultra\warewolf\Dev\Dev2.Runtime.Tests\Dev2.Runtime.Tests.csproj]
C:\Users\ultra\warewolf\Dev\Dev2.Activities\Dev2.Activities.csproj : warning NU1701: Package 'ReactiveUI.WPF 18.4.1' was restored using '.NETFramework,Version=v4.6.1, .NETFramework,Version=v4.6.2, .NETFramework,Version=v4.7, .NETFramework,Version=v4.7.1, .NETFramework,Version=v4.7.2, .NETFramework,Version=v4.8, .NETFramework,Version=v4.8.1' instead of the project target framework 'net8.0'. This package may not be fully compatible with your project. [C:\Users\ultra\warewolf\Dev\Dev2.Runtime.Tests\Dev2.Runtime.Tests.csproj]
C:\Users\ultra\warewolf\Dev\Dev2.Activities\Dev2.Activities.csproj : warning NU1701: Package 'TaskSchedulerEditor 2.10.1' was restored using '.NETFramework,Version=v4.6.1, .NETFramework,Version=v4.6.2, .NETFramework,Version=v4.7, .NETFramework,Version=v4.7.1, .NETFramework,Version=v4.7.2, .NETFramework,Version=v4.8, .NETFramework,Version=v4.8.1' instead of the project target framework 'net8.0'. This package may not be fully compatible with your project. [C:\Users\ultra\warewolf\Dev\Dev2.Runtime.Tests\Dev2.Runtime.Tests.csproj]
C:\Users\ultra\warewolf\Dev\Dev2.Common.Tests\Dev2.Common.Tests.csproj : warning NU1701: Package 'AeroWizard 2.3.1' was restored using '.NETFramework,Version=v4.6.1, .NETFramework,Version=v4.6.2, .NETFramework,Version=v4.7, .NETFramework,Version=v4.7.1, .NETFramework,Version=v4.7.2, .NETFramework,Version=v4.8, .NETFramework,Version=v4.8.1' instead of the project target framework 'net8.0'. This package may not be fully compatible with your project. [C:\Users\ultra\warewolf\Dev\Dev2.Runtime.Tests\Dev2.Runtime.Tests.csproj]
C:\Users\ultra\warewolf\Dev\Dev2.Common.Tests\Dev2.Common.Tests.csproj : warning NU1701: Package 'GroupControls 1.9.0' was restored using '.NETFramework,Version=v4.6.1, .NETFramework,Version=v4.6.2, .NETFramework,Version=v4.7, .NETFramework,Version=v4.7.1, .NETFramework,Version=v4.7.2, .NETFramework,Version=v4.8, .NETFramework,Version=v4.8.1' instead of the project target framework 'net8.0'. This package may not be fully compatible with your project. [C:\Users\ultra\warewolf\Dev\Dev2.Runtime.Tests\Dev2.Runtime.Tests.csproj]
C:\Users\ultra\warewolf\Dev\Dev2.Common.Tests\Dev2.Common.Tests.csproj : warning NU1701: Package 'Microsoft.Xaml.Behaviors.Wpf 1.1.122' was restored using '.NETFramework,Version=v4.6.1, .NETFramework,Version=v4.6.2, .NETFramework,Version=v4.7, .NETFramework,Version=v4.7.1, .NETFramework,Version=v4.7.2, .NETFramework,Version=v4.8, .NETFramework,Version=v4.8.1' instead of the project target framework 'net8.0'. This package may not be fully compatible with your project. [C:\Users\ultra\warewolf\Dev\Dev2.Runtime.Tests\Dev2.Runtime.Tests.csproj]
C:\Users\ultra\warewolf\Dev\Dev2.Common.Tests\Dev2.Common.Tests.csproj : warning NU1701: Package 'Prism.Wpf 9.0.537' was restored using '.NETFramework,Version=v4.6.1, .NETFramework,Version=v4.6.2, .NETFramework,Version=v4.7, .NETFramework,Version=v4.7.1, .NETFramework,Version=v4.7.2, .NETFramework,Version=v4.8, .NETFramework,Version=v4.8.1' instead of the project target framework 'net8.0'. This package may not be fully compatible with your project. [C:\Users\ultra\warewolf\Dev\Dev2.Runtime.Tests\Dev2.Runtime.Tests.csproj]
C:\Users\ultra\warewolf\Dev\Dev2.Common.Tests\Dev2.Common.Tests.csproj : warning NU1701: Package 'ReactiveUI.WPF 18.4.1' was restored using '.NETFramework,Version=v4.6.1, .NETFramework,Version=v4.6.2, .NETFramework,Version=v4.7, .NETFramework,Version=v4.7.1, .NETFramework,Version=v4.7.2, .NETFramework,Version=v4.8, .NETFramework,Version=v4.8.1' instead of the project target framework 'net8.0'. This package may not be fully compatible with your project. [C:\Users\ultra\warewolf\Dev\Dev2.Runtime.Tests\Dev2.Runtime.Tests.csproj]
C:\Users\ultra\warewolf\Dev\Dev2.Common.Tests\Dev2.Common.Tests.csproj : warning NU1701: Package 'TaskSchedulerEditor 2.10.1' was restored using '.NETFramework,Version=v4.6.1, .NETFramework,Version=v4.6.2, .NETFramework,Version=v4.7, .NETFramework,Version=v4.7.1, .NETFramework,Version=v4.7.2, .NETFramework,Version=v4.8, .NETFramework,Version=v4.8.1' instead of the project target framework 'net8.0'. This package may not be fully compatible with your project. [C:\Users\ultra\warewolf\Dev\Dev2.Runtime.Tests\Dev2.Runtime.Tests.csproj]
C:\Users\ultra\warewolf\Dev\Warewolf.Common\Warewolf.Common.csproj : warning NU1701: Package 'AeroWizard 2.3.1' was restored using '.NETFramework,Version=v4.6.1, .NETFramework,Version=v4.6.2, .NETFramework,Version=v4.7, .NETFramework,Version=v4.7.1, .NETFramework,Version=v4.7.2, .NETFramework,Version=v4.8, .NETFramework,Version=v4.8.1' instead of the project target framework 'net8.0'. This package may not be fully compatible with your project. [C:\Users\ultra\warewolf\Dev\Dev2.Runtime.Tests\Dev2.Runtime.Tests.csproj]
C:\Users\ultra\warewolf\Dev\Warewolf.Common\Warewolf.Common.csproj : warning NU1701: Package 'GroupControls 1.9.0' was restored using '.NETFramework,Version=v4.6.1, .NETFramework,Version=v4.6.2, .NETFramework,Version=v4.7, .NETFramework,Version=v4.7.1, .NETFramework,Version=v4.7.2, .NETFramework,Version=v4.8, .NETFramework,Version=v4.8.1' instead of the project target framework 'net8.0'. This package may not be fully compatible with your project. [C:\Users\ultra\warewolf\Dev\Dev2.Runtime.Tests\Dev2.Runtime.Tests.csproj]
C:\Users\ultra\warewolf\Dev\Warewolf.Common\Warewolf.Common.csproj : warning NU1701: Package 'TaskSchedulerEditor 2.10.1' was restored using '.NETFramework,Version=v4.6.1, .NETFramework,Version=v4.6.2, .NETFramework,Version=v4.7, .NETFramework,Version=v4.7.1, .NETFramework,Version=v4.7.2, .NETFramework,Version=v4.8, .NETFramework,Version=v4.8.1' instead of the project target framework 'net8.0'. This package may not be fully compatible with your project. [C:\Users\ultra\warewolf\Dev\Dev2.Runtime.Tests\Dev2.Runtime.Tests.csproj]
C:\Users\ultra\warewolf\Dev\Warewolf.Driver.Persistence\Warewolf.Driver.Persistence.csproj : warning NU1701: Package 'AeroWizard 2.3.1' was restored using '.NETFramework,Version=v4.6.1, .NETFramework,Version=v4.6.2, .NETFramework,Version=v4.7, .NETFramework,Version=v4.7.1, .NETFramework,Version=v4.7.2, .NETFramework,Version=v4.8, .NETFramework,Version=v4.8.1' instead of the project target framework 'net8.0'. This package may not be fully compatible with your project. [C:\Users\ultra\warewolf\Dev\Dev2.Runtime.Tests\Dev2.Runtime.Tests.csproj]
C:\Users\ultra\warewolf\Dev\Warewolf.Driver.Persistence\Warewolf.Driver.Persistence.csproj : warning NU1701: Package 'GroupControls 1.9.0' was restored using '.NETFramework,Version=v4.6.1, .NETFramework,Version=v4.6.2, .NETFramework,Version=v4.7, .NETFramework,Version=v4.7.1, .NETFramework,Version=v4.7.2, .NETFramework,Version=v4.8, .NETFramework,Version=v4.8.1' instead of the project target framework 'net8.0'. This package may not be fully compatible with your project. [C:\Users\ultra\warewolf\Dev\Dev2.Runtime.Tests\Dev2.Runtime.Tests.csproj]
C:\Users\ultra\warewolf\Dev\Warewolf.Driver.Persistence\Warewolf.Driver.Persistence.csproj : warning NU1701: Package 'ReactiveUI.WPF 18.4.1' was restored using '.NETFramework,Version=v4.6.1, .NETFramework,Version=v4.6.2, .NETFramework,Version=v4.7, .NETFramework,Version=v4.7.1, .NETFramework,Version=v4.7.2, .NETFramework,Version=v4.8, .NETFramework,Version=v4.8.1' instead of the project target framework 'net8.0'. This package may not be fully compatible with your project. [C:\Users\ultra\warewolf\Dev\Dev2.Runtime.Tests\Dev2.Runtime.Tests.csproj]
C:\Users\ultra\warewolf\Dev\Warewolf.Driver.Persistence\Warewolf.Driver.Persistence.csproj : warning NU1701: Package 'TaskSchedulerEditor 2.10.1' was restored using '.NETFramework,Version=v4.6.1, .NETFramework,Version=v4.6.2, .NETFramework,Version=v4.7, .NETFramework,Version=v4.7.1, .NETFramework,Version=v4.7.2, .NETFramework,Version=v4.8, .NETFramework,Version=v4.8.1' instead of the project target framework 'net8.0'. This package may not be fully compatible with your project. [C:\Users\ultra\warewolf\Dev\Dev2.Runtime.Tests\Dev2.Runtime.Tests.csproj]
C:\Users\ultra\warewolf\Dev\Dev2.Services.Execution\Dev2.Services.Execution.csproj : warning NU1701: Package 'AeroWizard 2.3.1' was restored using '.NETFramework,Version=v4.6.1, .NETFramework,Version=v4.6.2, .NETFramework,Version=v4.7, .NETFramework,Version=v4.7.1, .NETFramework,Version=v4.7.2, .NETFramework,Version=v4.8, .NETFramework,Version=v4.8.1' instead of the project target framework 'net8.0'. This package may not be fully compatible with your project. [C:\Users\ultra\warewolf\Dev\Dev2.Runtime.Tests\Dev2.Runtime.Tests.csproj]
C:\Users\ultra\warewolf\Dev\Dev2.Services.Execution\Dev2.Services.Execution.csproj : warning NU1701: Package 'GroupControls 1.9.0' was restored using '.NETFramework,Version=v4.6.1, .NETFramework,Version=v4.6.2, .NETFramework,Version=v4.7, .NETFramework,Version=v4.7.1, .NETFramework,Version=v4.7.2, .NETFramework,Version=v4.8, .NETFramework,Version=v4.8.1' instead of the project target framework 'net8.0'. This package may not be fully compatible with your project. [C:\Users\ultra\warewolf\Dev\Dev2.Runtime.Tests\Dev2.Runtime.Tests.csproj]
C:\Users\ultra\warewolf\Dev\Dev2.Services.Execution\Dev2.Services.Execution.csproj : warning NU1701: Package 'ReactiveUI.WPF 18.4.1' was restored using '.NETFramework,Version=v4.6.1, .NETFramework,Version=v4.6.2, .NETFramework,Version=v4.7, .NETFramework,Version=v4.7.1, .NETFramework,Version=v4.7.2, .NETFramework,Version=v4.8, .NETFramework,Version=v4.8.1' instead of the project target framework 'net8.0'. This package may not be fully compatible with your project. [C:\Users\ultra\warewolf\Dev\Dev2.Runtime.Tests\Dev2.Runtime.Tests.csproj]
C:\Users\ultra\warewolf\Dev\Dev2.Services.Execution\Dev2.Services.Execution.csproj : warning NU1701: Package 'TaskSchedulerEditor 2.10.1' was restored using '.NETFramework,Version=v4.6.1, .NETFramework,Version=v4.6.2, .NETFramework,Version=v4.7, .NETFramework,Version=v4.7.1, .NETFramework,Version=v4.7.2, .NETFramework,Version=v4.8, .NETFramework,Version=v4.8.1' instead of the project target framework 'net8.0'. This package may not be fully compatible with your project. [C:\Users\ultra\warewolf\Dev\Dev2.Runtime.Tests\Dev2.Runtime.Tests.csproj]
C:\Users\ultra\warewolf\Dev\Warewolf.HangfireServer\Warewolf.HangfireServer.csproj : warning NU1903: Package 'Microsoft.Windows.Compatibility' 6.0.0 has a known high severity vulnerability, https://github.com/advisories/GHSA-555c-2p6r-68mm [C:\Users\ultra\warewolf\Dev\Dev2.Runtime.Tests\Dev2.Runtime.Tests.csproj]
C:\Users\ultra\warewolf\Dev\Warewolf.HangfireServer\Warewolf.HangfireServer.csproj : warning NU1701: Package 'AeroWizard 2.3.1' was restored using '.NETFramework,Version=v4.6.1, .NETFramework,Version=v4.6.2, .NETFramework,Version=v4.7, .NETFramework,Version=v4.7.1, .NETFramework,Version=v4.7.2, .NETFramework,Version=v4.8, .NETFramework,Version=v4.8.1' instead of the project target framework 'net8.0'. This package may not be fully compatible with your project. [C:\Users\ultra\warewolf\Dev\Dev2.Runtime.Tests\Dev2.Runtime.Tests.csproj]
C:\Users\ultra\warewolf\Dev\Warewolf.HangfireServer\Warewolf.HangfireServer.csproj : warning NU1701: Package 'GroupControls 1.9.0' was restored using '.NETFramework,Version=v4.6.1, .NETFramework,Version=v4.6.2, .NETFramework,Version=v4.7, .NETFramework,Version=v4.7.1, .NETFramework,Version=v4.7.2, .NETFramework,Version=v4.8, .NETFramework,Version=v4.8.1' instead of the project target framework 'net8.0'. This package may not be fully compatible with your project. [C:\Users\ultra\warewolf\Dev\Dev2.Runtime.Tests\Dev2.Runtime.Tests.csproj]
C:\Users\ultra\warewolf\Dev\Warewolf.HangfireServer\Warewolf.HangfireServer.csproj : warning NU1701: Package 'ReactiveUI.WPF 18.4.1' was restored using '.NETFramework,Version=v4.6.1, .NETFramework,Version=v4.6.2, .NETFramework,Version=v4.7, .NETFramework,Version=v4.7.1, .NETFramework,Version=v4.7.2, .NETFramework,Version=v4.8, .NETFramework,Version=v4.8.1' instead of the project target framework 'net8.0'. This package may not be fully compatible with your project. [C:\Users\ultra\warewolf\Dev\Dev2.Runtime.Tests\Dev2.Runtime.Tests.csproj]
C:\Users\ultra\warewolf\Dev\Warewolf.HangfireServer\Warewolf.HangfireServer.csproj : warning NU1701: Package 'TaskSchedulerEditor 2.10.1' was restored using '.NETFramework,Version=v4.6.1, .NETFramework,Version=v4.6.2, .NETFramework,Version=v4.7, .NETFramework,Version=v4.7.1, .NETFramework,Version=v4.7.2, .NETFramework,Version=v4.8, .NETFramework,Version=v4.8.1' instead of the project target framework 'net8.0'. This package may not be fully compatible with your project. [C:\Users\ultra\warewolf\Dev\Dev2.Runtime.Tests\Dev2.Runtime.Tests.csproj]
C:\Users\ultra\warewolf\Dev\Warewolf.Core\Warewolf.Core.csproj : warning NU1903: Package 'Microsoft.Windows.Compatibility' 6.0.0 has a known high severity vulnerability, https://github.com/advisories/GHSA-555c-2p6r-68mm [C:\Users\ultra\warewolf\Dev\Dev2.Runtime.Tests\Dev2.Runtime.Tests.csproj]
C:\Users\ultra\warewolf\Dev\Warewolf.Core\Warewolf.Core.csproj : warning NU1701: Package 'AeroWizard 2.3.1' was restored using '.NETFramework,Version=v4.6.1, .NETFramework,Version=v4.6.2, .NETFramework,Version=v4.7, .NETFramework,Version=v4.7.1, .NETFramework,Version=v4.7.2, .NETFramework,Version=v4.8, .NETFramework,Version=v4.8.1' instead of the project target framework 'net8.0'. This package may not be fully compatible with your project. [C:\Users\ultra\warewolf\Dev\Dev2.Runtime.Tests\Dev2.Runtime.Tests.csproj]
C:\Users\ultra\warewolf\Dev\Warewolf.Core\Warewolf.Core.csproj : warning NU1701: Package 'GroupControls 1.9.0' was restored using '.NETFramework,Version=v4.6.1, .NETFramework,Version=v4.6.2, .NETFramework,Version=v4.7, .NETFramework,Version=v4.7.1, .NETFramework,Version=v4.7.2, .NETFramework,Version=v4.8, .NETFramework,Version=v4.8.1' instead of the project target framework 'net8.0'. This package may not be fully compatible with your project. [C:\Users\ultra\warewolf\Dev\Dev2.Runtime.Tests\Dev2.Runtime.Tests.csproj]
C:\Users\ultra\warewolf\Dev\Warewolf.Core\Warewolf.Core.csproj : warning NU1701: Package 'ReactiveUI.WPF 18.4.1' was restored using '.NETFramework,Version=v4.6.1, .NETFramework,Version=v4.6.2, .NETFramework,Version=v4.7, .NETFramework,Version=v4.7.1, .NETFramework,Version=v4.7.2, .NETFramework,Version=v4.8, .NETFramework,Version=v4.8.1' instead of the project target framework 'net8.0'. This package may not be fully compatible with your project. [C:\Users\ultra\warewolf\Dev\Dev2.Runtime.Tests\Dev2.Runtime.Tests.csproj]
C:\Users\ultra\warewolf\Dev\Warewolf.Core\Warewolf.Core.csproj : warning NU1701: Package 'TaskSchedulerEditor 2.10.1' was restored using '.NETFramework,Version=v4.6.1, .NETFramework,Version=v4.6.2, .NETFramework,Version=v4.7, .NETFramework,Version=v4.7.1, .NETFramework,Version=v4.7.2, .NETFramework,Version=v4.8, .NETFramework,Version=v4.8.1' instead of the project target framework 'net8.0'. This package may not be fully compatible with your project. [C:\Users\ultra\warewolf\Dev\Dev2.Runtime.Tests\Dev2.Runtime.Tests.csproj]
C:\Users\ultra\warewolf\Dev\Warewolf.Common.NetStandard20\Warewolf.Common.NetStandard20.csproj : warning NU1701: Package 'AeroWizard 2.3.1' was restored using '.NETFramework,Version=v4.6.1, .NETFramework,Version=v4.6.2, .NETFramework,Version=v4.7, .NETFramework,Version=v4.7.1, .NETFramework,Version=v4.7.2, .NETFramework,Version=v4.8, .NETFramework,Version=v4.8.1' instead of the project target framework 'net8.0'. This package may not be fully compatible with your project. [C:\Users\ultra\warewolf\Dev\Dev2.Runtime.Tests\Dev2.Runtime.Tests.csproj]
C:\Users\ultra\warewolf\Dev\Warewolf.Common.NetStandard20\Warewolf.Common.NetStandard20.csproj : warning NU1701: Package 'GroupControls 1.9.0' was restored using '.NETFramework,Version=v4.6.1, .NETFramework,Version=v4.6.2, .NETFramework,Version=v4.7, .NETFramework,Version=v4.7.1, .NETFramework,Version=v4.7.2, .NETFramework,Version=v4.8, .NETFramework,Version=v4.8.1' instead of the project target framework 'net8.0'. This package may not be fully compatible with your project. [C:\Users\ultra\warewolf\Dev\Dev2.Runtime.Tests\Dev2.Runtime.Tests.csproj]
C:\Users\ultra\warewolf\Dev\Warewolf.AI.Harness\Warewolf.AI.Harness.csproj : warning NU1701: Package 'AeroWizard 2.3.1' was restored using '.NETFramework,Version=v4.6.1, .NETFramework,Version=v4.6.2, .NETFramework,Version=v4.7, .NETFramework,Version=v4.7.1, .NETFramework,Version=v4.7.2, .NETFramework,Version=v4.8, .NETFramework,Version=v4.8.1' instead of the project target framework 'net8.0'. This package may not be fully compatible with your project. [C:\Users\ultra\warewolf\Dev\Dev2.Runtime.Tests\Dev2.Runtime.Tests.csproj]
C:\Users\ultra\warewolf\Dev\Warewolf.Common.NetStandard20\Warewolf.Common.NetStandard20.csproj : warning NU1701: Package 'ReactiveUI.WPF 18.4.1' was restored using '.NETFramework,Version=v4.6.1, .NETFramework,Version=v4.6.2, .NETFramework,Version=v4.7, .NETFramework,Version=v4.7.1, .NETFramework,Version=v4.7.2, .NETFramework,Version=v4.8, .NETFramework,Version=v4.8.1' instead of the project target framework 'net8.0'. This package may not be fully compatible with your project. [C:\Users\ultra\warewolf\Dev\Dev2.Runtime.Tests\Dev2.Runtime.Tests.csproj]
C:\Users\ultra\warewolf\Dev\Warewolf.AI.Harness\Warewolf.AI.Harness.csproj : warning NU1701: Package 'GroupControls 1.9.0' was restored using '.NETFramework,Version=v4.6.1, .NETFramework,Version=v4.6.2, .NETFramework,Version=v4.7, .NETFramework,Version=v4.7.1, .NETFramework,Version=v4.7.2, .NETFramework,Version=v4.8, .NETFramework,Version=v4.8.1' instead of the project target framework 'net8.0'. This package may not be fully compatible with your project. [C:\Users\ultra\warewolf\Dev\Dev2.Runtime.Tests\Dev2.Runtime.Tests.csproj]
C:\Users\ultra\warewolf\Dev\Warewolf.Common.NetStandard20\Warewolf.Common.NetStandard20.csproj : warning NU1701: Package 'TaskSchedulerEditor 2.10.1' was restored using '.NETFramework,Version=v4.6.1, .NETFramework,Version=v4.6.2, .NETFramework,Version=v4.7, .NETFramework,Version=v4.7.1, .NETFramework,Version=v4.7.2, .NETFramework,Version=v4.8, .NETFramework,Version=v4.8.1' instead of the project target framework 'net8.0'. This package may not be fully compatible with your project. [C:\Users\ultra\warewolf\Dev\Dev2.Runtime.Tests\Dev2.Runtime.Tests.csproj]
C:\Users\ultra\warewolf\Dev\Warewolf.AI.Harness\Warewolf.AI.Harness.csproj : warning NU1701: Package 'TaskSchedulerEditor 2.10.1' was restored using '.NETFramework,Version=v4.6.1, .NETFramework,Version=v4.6.2, .NETFramework,Version=v4.7, .NETFramework,Version=v4.7.1, .NETFramework,Version=v4.7.2, .NETFramework,Version=v4.8, .NETFramework,Version=v4.8.1' instead of the project target framework 'net8.0'. This package may not be fully compatible with your project. [C:\Users\ultra\warewolf\Dev\Dev2.Runtime.Tests\Dev2.Runtime.Tests.csproj]
C:\Users\ultra\warewolf\Dev\Dev2.Util\Dev2.Util.csproj : warning NU1903: Package 'Microsoft.Windows.Compatibility' 6.0.0 has a known high severity vulnerability, https://github.com/advisories/GHSA-555c-2p6r-68mm [C:\Users\ultra\warewolf\Dev\Dev2.Runtime.Tests\Dev2.Runtime.Tests.csproj]
C:\Users\ultra\warewolf\Dev\Dev2.Util\Dev2.Util.csproj : warning NU1701: Package 'AeroWizard 2.3.1' was restored using '.NETFramework,Version=v4.6.1, .NETFramework,Version=v4.6.2, .NETFramework,Version=v4.7, .NETFramework,Version=v4.7.1, .NETFramework,Version=v4.7.2, .NETFramework,Version=v4.8, .NETFramework,Version=v4.8.1' instead of the project target framework 'net8.0'. This package may not be fully compatible with your project. [C:\Users\ultra\warewolf\Dev\Dev2.Runtime.Tests\Dev2.Runtime.Tests.csproj]
C:\Users\ultra\warewolf\Dev\Dev2.Util\Dev2.Util.csproj : warning NU1701: Package 'GroupControls 1.9.0' was restored using '.NETFramework,Version=v4.6.1, .NETFramework,Version=v4.6.2, .NETFramework,Version=v4.7, .NETFramework,Version=v4.7.1, .NETFramework,Version=v4.7.2, .NETFramework,Version=v4.8, .NETFramework,Version=v4.8.1' instead of the project target framework 'net8.0'. This package may not be fully compatible with your project. [C:\Users\ultra\warewolf\Dev\Dev2.Runtime.Tests\Dev2.Runtime.Tests.csproj]
C:\Users\ultra\warewolf\Dev\Dev2.Util\Dev2.Util.csproj : warning NU1701: Package 'TaskSchedulerEditor 2.10.1' was restored using '.NETFramework,Version=v4.6.1, .NETFramework,Version=v4.6.2, .NETFramework,Version=v4.7, .NETFramework,Version=v4.7.1, .NETFramework,Version=v4.7.2, .NETFramework,Version=v4.8, .NETFramework,Version=v4.8.1' instead of the project target framework 'net8.0'. This package may not be fully compatible with your project. [C:\Users\ultra\warewolf\Dev\Dev2.Runtime.Tests\Dev2.Runtime.Tests.csproj]
C:\Users\ultra\warewolf\Dev\Warewolf.Auditing\Warewolf.Auditing.csproj : warning NU1701: Package 'AeroWizard 2.3.1' was restored using '.NETFramework,Version=v4.6.1, .NETFramework,Version=v4.6.2, .NETFramework,Version=v4.7, .NETFramework,Version=v4.7.1, .NETFramework,Version=v4.7.2, .NETFramework,Version=v4.8, .NETFramework,Version=v4.8.1' instead of the project target framework 'net8.0'. This package may not be fully compatible with your project. [C:\Users\ultra\warewolf\Dev\Dev2.Runtime.Tests\Dev2.Runtime.Tests.csproj]
C:\Users\ultra\warewolf\Dev\Warewolf.Auditing\Warewolf.Auditing.csproj : warning NU1701: Package 'GroupControls 1.9.0' was restored using '.NETFramework,Version=v4.6.1, .NETFramework,Version=v4.6.2, .NETFramework,Version=v4.7, .NETFramework,Version=v4.7.1, .NETFramework,Version=v4.7.2, .NETFramework,Version=v4.8, .NETFramework,Version=v4.8.1' instead of the project target framework 'net8.0'. This package may not be fully compatible with your project. [C:\Users\ultra\warewolf\Dev\Dev2.Runtime.Tests\Dev2.Runtime.Tests.csproj]
C:\Users\ultra\warewolf\Dev\Warewolf.Auditing\Warewolf.Auditing.csproj : warning NU1701: Package 'ReactiveUI.WPF 18.4.1' was restored using '.NETFramework,Version=v4.6.1, .NETFramework,Version=v4.6.2, .NETFramework,Version=v4.7, .NETFramework,Version=v4.7.1, .NETFramework,Version=v4.7.2, .NETFramework,Version=v4.8, .NETFramework,Version=v4.8.1' instead of the project target framework 'net8.0'. This package may not be fully compatible with your project. [C:\Users\ultra\warewolf\Dev\Dev2.Runtime.Tests\Dev2.Runtime.Tests.csproj]
C:\Users\ultra\warewolf\Dev\Warewolf.Auditing\Warewolf.Auditing.csproj : warning NU1701: Package 'TaskSchedulerEditor 2.10.1' was restored using '.NETFramework,Version=v4.6.1, .NETFramework,Version=v4.6.2, .NETFramework,Version=v4.7, .NETFramework,Version=v4.7.1, .NETFramework,Version=v4.7.2, .NETFramework,Version=v4.8, .NETFramework,Version=v4.8.1' instead of the project target framework 'net8.0'. This package may not be fully compatible with your project. [C:\Users\ultra\warewolf\Dev\Dev2.Runtime.Tests\Dev2.Runtime.Tests.csproj]
C:\Users\ultra\warewolf\Dev\Dev2.Server\Dev2.Server.csproj : warning NU1903: Package 'Oracle.ManagedDataAccess.Core' 3.21.70 has a known high severity vulnerability, https://github.com/advisories/GHSA-5pm2-9mr2-3frq [C:\Users\ultra\warewolf\Dev\Dev2.Runtime.Tests\Dev2.Runtime.Tests.csproj]
C:\Users\ultra\warewolf\Dev\Dev2.Server\Dev2.Server.csproj : warning NU1701: Package 'AeroWizard 2.3.1' was restored using '.NETFramework,Version=v4.6.1, .NETFramework,Version=v4.6.2, .NETFramework,Version=v4.7, .NETFramework,Version=v4.7.1, .NETFramework,Version=v4.7.2, .NETFramework,Version=v4.8, .NETFramework,Version=v4.8.1' instead of the project target framework 'net8.0'. This package may not be fully compatible with your project. [C:\Users\ultra\warewolf\Dev\Dev2.Runtime.Tests\Dev2.Runtime.Tests.csproj]
C:\Users\ultra\warewolf\Dev\Dev2.Server\Dev2.Server.csproj : warning NU1701: Package 'GroupControls 1.9.0' was restored using '.NETFramework,Version=v4.6.1, .NETFramework,Version=v4.6.2, .NETFramework,Version=v4.7, .NETFramework,Version=v4.7.1, .NETFramework,Version=v4.7.2, .NETFramework,Version=v4.8, .NETFramework,Version=v4.8.1' instead of the project target framework 'net8.0'. This package may not be fully compatible with your project. [C:\Users\ultra\warewolf\Dev\Dev2.Runtime.Tests\Dev2.Runtime.Tests.csproj]
C:\Users\ultra\warewolf\Dev\Dev2.Server\Dev2.Server.csproj : warning NU1701: Package 'Microsoft.Xaml.Behaviors.Wpf 1.1.122' was restored using '.NETFramework,Version=v4.6.1, .NETFramework,Version=v4.6.2, .NETFramework,Version=v4.7, .NETFramework,Version=v4.7.1, .NETFramework,Version=v4.7.2, .NETFramework,Version=v4.8, .NETFramework,Version=v4.8.1' instead of the project target framework 'net8.0'. This package may not be fully compatible with your project. [C:\Users\ultra\warewolf\Dev\Dev2.Runtime.Tests\Dev2.Runtime.Tests.csproj]
C:\Users\ultra\warewolf\Dev\Dev2.Server\Dev2.Server.csproj : warning NU1701: Package 'Prism.Wpf 9.0.537' was restored using '.NETFramework,Version=v4.6.1, .NETFramework,Version=v4.6.2, .NETFramework,Version=v4.7, .NETFramework,Version=v4.7.1, .NETFramework,Version=v4.7.2, .NETFramework,Version=v4.8, .NETFramework,Version=v4.8.1' instead of the project target framework 'net8.0'. This package may not be fully compatible with your project. [C:\Users\ultra\warewolf\Dev\Dev2.Runtime.Tests\Dev2.Runtime.Tests.csproj]
C:\Users\ultra\warewolf\Dev\Dev2.Server\Dev2.Server.csproj : warning NU1701: Package 'ReactiveUI.WPF 18.4.1' was restored using '.NETFramework,Version=v4.6.1, .NETFramework,Version=v4.6.2, .NETFramework,Version=v4.7, .NETFramework,Version=v4.7.1, .NETFramework,Version=v4.7.2, .NETFramework,Version=v4.8, .NETFramework,Version=v4.8.1' instead of the project target framework 'net8.0'. This package may not be fully compatible with your project. [C:\Users\ultra\warewolf\Dev\Dev2.Runtime.Tests\Dev2.Runtime.Tests.csproj]
C:\Users\ultra\warewolf\Dev\Dev2.Server\Dev2.Server.csproj : warning NU1701: Package 'TaskSchedulerEditor 2.10.1' was restored using '.NETFramework,Version=v4.6.1, .NETFramework,Version=v4.6.2, .NETFramework,Version=v4.7, .NETFramework,Version=v4.7.1, .NETFramework,Version=v4.7.2, .NETFramework,Version=v4.8, .NETFramework,Version=v4.8.1' instead of the project target framework 'net8.0'. This package may not be fully compatible with your project. [C:\Users\ultra\warewolf\Dev\Dev2.Runtime.Tests\Dev2.Runtime.Tests.csproj]
C:\Users\ultra\warewolf\Dev\Warewolf.Core.Tests\Warewolf.Core.Tests.csproj : warning NU1701: Package 'AeroWizard 2.3.1' was restored using '.NETFramework,Version=v4.6.1, .NETFramework,Version=v4.6.2, .NETFramework,Version=v4.7, .NETFramework,Version=v4.7.1, .NETFramework,Version=v4.7.2, .NETFramework,Version=v4.8, .NETFramework,Version=v4.8.1' instead of the project target framework 'net8.0'. This package may not be fully compatible with your project. [C:\Users\ultra\warewolf\Dev\Dev2.Runtime.Tests\Dev2.Runtime.Tests.csproj]
C:\Users\ultra\warewolf\Dev\Warewolf.Core.Tests\Warewolf.Core.Tests.csproj : warning NU1701: Package 'GroupControls 1.9.0' was restored using '.NETFramework,Version=v4.6.1, .NETFramework,Version=v4.6.2, .NETFramework,Version=v4.7, .NETFramework,Version=v4.7.1, .NETFramework,Version=v4.7.2, .NETFramework,Version=v4.8, .NETFramework,Version=v4.8.1' instead of the project target framework 'net8.0'. This package may not be fully compatible with your project. [C:\Users\ultra\warewolf\Dev\Dev2.Runtime.Tests\Dev2.Runtime.Tests.csproj]
C:\Users\ultra\warewolf\Dev\Warewolf.Core.Tests\Warewolf.Core.Tests.csproj : warning NU1701: Package 'Microsoft.Xaml.Behaviors.Wpf 1.1.122' was restored using '.NETFramework,Version=v4.6.1, .NETFramework,Version=v4.6.2, .NETFramework,Version=v4.7, .NETFramework,Version=v4.7.1, .NETFramework,Version=v4.7.2, .NETFramework,Version=v4.8, .NETFramework,Version=v4.8.1' instead of the project target framework 'net8.0'. This package may not be fully compatible with your project. [C:\Users\ultra\warewolf\Dev\Dev2.Runtime.Tests\Dev2.Runtime.Tests.csproj]
C:\Users\ultra\warewolf\Dev\Warewolf.Core.Tests\Warewolf.Core.Tests.csproj : warning NU1701: Package 'Prism.Wpf 9.0.537' was restored using '.NETFramework,Version=v4.6.1, .NETFramework,Version=v4.6.2, .NETFramework,Version=v4.7, .NETFramework,Version=v4.7.1, .NETFramework,Version=v4.7.2, .NETFramework,Version=v4.8, .NETFramework,Version=v4.8.1' instead of the project target framework 'net8.0'. This package may not be fully compatible with your project. [C:\Users\ultra\warewolf\Dev\Dev2.Runtime.Tests\Dev2.Runtime.Tests.csproj]
C:\Users\ultra\warewolf\Dev\Warewolf.Core.Tests\Warewolf.Core.Tests.csproj : warning NU1701: Package 'ReactiveUI.WPF 18.4.1' was restored using '.NETFramework,Version=v4.6.1, .NETFramework,Version=v4.6.2, .NETFramework,Version=v4.7, .NETFramework,Version=v4.7.1, .NETFramework,Version=v4.7.2, .NETFramework,Version=v4.8, .NETFramework,Version=v4.8.1' instead of the project target framework 'net8.0'. This package may not be fully compatible with your project. [C:\Users\ultra\warewolf\Dev\Dev2.Runtime.Tests\Dev2.Runtime.Tests.csproj]
C:\Users\ultra\warewolf\Dev\Warewolf.Core.Tests\Warewolf.Core.Tests.csproj : warning NU1701: Package 'TaskSchedulerEditor 2.10.1' was restored using '.NETFramework,Version=v4.6.1, .NETFramework,Version=v4.6.2, .NETFramework,Version=v4.7, .NETFramework,Version=v4.7.1, .NETFramework,Version=v4.7.2, .NETFramework,Version=v4.8, .NETFramework,Version=v4.8.1' instead of the project target framework 'net8.0'. This package may not be fully compatible with your project. [C:\Users\ultra\warewolf\Dev\Dev2.Runtime.Tests\Dev2.Runtime.Tests.csproj]
C:\Users\ultra\warewolf\Dev\Warewolf.Common.Framework48\Warewolf.Common.Framework48.csproj : warning NU1902: Package 'System.IdentityModel.Tokens.Jwt' 5.1.0 has a known moderate severity vulnerability, https://github.com/advisories/GHSA-59j7-ghrg-fj52 [C:\Users\ultra\warewolf\Dev\Dev2.Runtime.Tests\Dev2.Runtime.Tests.csproj]
C:\Users\ultra\warewolf\Dev\Warewolf.Common.Framework48\Warewolf.Common.Framework48.csproj : warning NU1701: Package 'AeroWizard 2.3.1' was restored using '.NETFramework,Version=v4.6.1, .NETFramework,Version=v4.6.2, .NETFramework,Version=v4.7, .NETFramework,Version=v4.7.1, .NETFramework,Version=v4.7.2, .NETFramework,Version=v4.8, .NETFramework,Version=v4.8.1' instead of the project target framework 'net8.0'. This package may not be fully compatible with your project. [C:\Users\ultra\warewolf\Dev\Dev2.Runtime.Tests\Dev2.Runtime.Tests.csproj]
C:\Users\ultra\warewolf\Dev\Warewolf.Common.Framework48\Warewolf.Common.Framework48.csproj : warning NU1701: Package 'GroupControls 1.9.0' was restored using '.NETFramework,Version=v4.6.1, .NETFramework,Version=v4.6.2, .NETFramework,Version=v4.7, .NETFramework,Version=v4.7.1, .NETFramework,Version=v4.7.2, .NETFramework,Version=v4.8, .NETFramework,Version=v4.8.1' instead of the project target framework 'net8.0'. This package may not be fully compatible with your project. [C:\Users\ultra\warewolf\Dev\Dev2.Runtime.Tests\Dev2.Runtime.Tests.csproj]
C:\Users\ultra\warewolf\Dev\Warewolf.Common.Framework48\Warewolf.Common.Framework48.csproj : warning NU1701: Package 'Microsoft.Xaml.Behaviors.Wpf 1.1.122' was restored using '.NETFramework,Version=v4.6.1, .NETFramework,Version=v4.6.2, .NETFramework,Version=v4.7, .NETFramework,Version=v4.7.1, .NETFramework,Version=v4.7.2, .NETFramework,Version=v4.8, .NETFramework,Version=v4.8.1' instead of the project target framework 'net8.0'. This package may not be fully compatible with your project. [C:\Users\ultra\warewolf\Dev\Dev2.Runtime.Tests\Dev2.Runtime.Tests.csproj]
C:\Users\ultra\warewolf\Dev\Warewolf.Common.Framework48\Warewolf.Common.Framework48.csproj : warning NU1701: Package 'Prism.Wpf 9.0.537' was restored using '.NETFramework,Version=v4.6.1, .NETFramework,Version=v4.6.2, .NETFramework,Version=v4.7, .NETFramework,Version=v4.7.1, .NETFramework,Version=v4.7.2, .NETFramework,Version=v4.8, .NETFramework,Version=v4.8.1' instead of the project target framework 'net8.0'. This package may not be fully compatible with your project. [C:\Users\ultra\warewolf\Dev\Dev2.Runtime.Tests\Dev2.Runtime.Tests.csproj]
C:\Users\ultra\warewolf\Dev\Warewolf.Common.Framework48\Warewolf.Common.Framework48.csproj : warning NU1701: Package 'ReactiveUI.WPF 18.4.1' was restored using '.NETFramework,Version=v4.6.1, .NETFramework,Version=v4.6.2, .NETFramework,Version=v4.7, .NETFramework,Version=v4.7.1, .NETFramework,Version=v4.7.2, .NETFramework,Version=v4.8, .NETFramework,Version=v4.8.1' instead of the project target framework 'net8.0'. This package may not be fully compatible with your project. [C:\Users\ultra\warewolf\Dev\Dev2.Runtime.Tests\Dev2.Runtime.Tests.csproj]
C:\Users\ultra\warewolf\Dev\Warewolf.Common.Framework48\Warewolf.Common.Framework48.csproj : warning NU1701: Package 'TaskSchedulerEditor 2.10.1' was restored using '.NETFramework,Version=v4.6.1, .NETFramework,Version=v4.6.2, .NETFramework,Version=v4.7, .NETFramework,Version=v4.7.1, .NETFramework,Version=v4.7.2, .NETFramework,Version=v4.8, .NETFramework,Version=v4.8.1' instead of the project target framework 'net8.0'. This package may not be fully compatible with your project. [C:\Users\ultra\warewolf\Dev\Dev2.Runtime.Tests\Dev2.Runtime.Tests.csproj]
C:\Users\ultra\warewolf\Dev\TestBase\TestBase.csproj : warning NU1701: Package 'AeroWizard 2.3.1' was restored using '.NETFramework,Version=v4.6.1, .NETFramework,Version=v4.6.2, .NETFramework,Version=v4.7, .NETFramework,Version=v4.7.1, .NETFramework,Version=v4.7.2, .NETFramework,Version=v4.8, .NETFramework,Version=v4.8.1' instead of the project target framework 'net8.0'. This package may not be fully compatible with your project. [C:\Users\ultra\warewolf\Dev\Dev2.Runtime.Tests\Dev2.Runtime.Tests.csproj]
C:\Users\ultra\warewolf\Dev\TestBase\TestBase.csproj : warning NU1701: Package 'AvalonEdit 6.3.0.90' was restored using '.NETFramework,Version=v4.6.1, .NETFramework,Version=v4.6.2, .NETFramework,Version=v4.7, .NETFramework,Version=v4.7.1, .NETFramework,Version=v4.7.2, .NETFramework,Version=v4.8, .NETFramework,Version=v4.8.1' instead of the project target framework 'net8.0'. This package may not be fully compatible with your project. [C:\Users\ultra\warewolf\Dev\Dev2.Runtime.Tests\Dev2.Runtime.Tests.csproj]
C:\Users\ultra\warewolf\Dev\TestBase\TestBase.csproj : warning NU1701: Package 'CommonServiceLocator 1.2.0' was restored using '.NETFramework,Version=v4.6.1, .NETFramework,Version=v4.6.2, .NETFramework,Version=v4.7, .NETFramework,Version=v4.7.1, .NETFramework,Version=v4.7.2, .NETFramework,Version=v4.8, .NETFramework,Version=v4.8.1' instead of the project target framework 'net8.0'. This package may not be fully compatible with your project. [C:\Users\ultra\warewolf\Dev\Dev2.Runtime.Tests\Dev2.Runtime.Tests.csproj]
C:\Users\ultra\warewolf\Dev\TestBase\TestBase.csproj : warning NU1701: Package 'FontAwesome.WPF 4.7.0.9' was restored using '.NETFramework,Version=v4.6.1, .NETFramework,Version=v4.6.2, .NETFramework,Version=v4.7, .NETFramework,Version=v4.7.1, .NETFramework,Version=v4.7.2, .NETFramework,Version=v4.8, .NETFramework,Version=v4.8.1' instead of the project target framework 'net8.0'. This package may not be fully compatible with your project. [C:\Users\ultra\warewolf\Dev\Dev2.Runtime.Tests\Dev2.Runtime.Tests.csproj]
C:\Users\ultra\warewolf\Dev\TestBase\TestBase.csproj : warning NU1701: Package 'GroupControls 1.9.0' was restored using '.NETFramework,Version=v4.6.1, .NETFramework,Version=v4.6.2, .NETFramework,Version=v4.7, .NETFramework,Version=v4.7.1, .NETFramework,Version=v4.7.2, .NETFramework,Version=v4.8, .NETFramework,Version=v4.8.1' instead of the project target framework 'net8.0'. This package may not be fully compatible with your project. [C:\Users\ultra\warewolf\Dev\Dev2.Runtime.Tests\Dev2.Runtime.Tests.csproj]
C:\Users\ultra\warewolf\Dev\TestBase\TestBase.csproj : warning NU1701: Package 'Log4Net.Async 2.0.4' was restored using '.NETFramework,Version=v4.6.1, .NETFramework,Version=v4.6.2, .NETFramework,Version=v4.7, .NETFramework,Version=v4.7.1, .NETFramework,Version=v4.7.2, .NETFramework,Version=v4.8, .NETFramework,Version=v4.8.1' instead of the project target framework 'net8.0'. This package may not be fully compatible with your project. [C:\Users\ultra\warewolf\Dev\Dev2.Runtime.Tests\Dev2.Runtime.Tests.csproj]
C:\Users\ultra\warewolf\Dev\TestBase\TestBase.csproj : warning NU1701: Package 'Microsoft.Xaml.Behaviors.Wpf 1.1.122' was restored using '.NETFramework,Version=v4.6.1, .NETFramework,Version=v4.6.2, .NETFramework,Version=v4.7, .NETFramework,Version=v4.7.1, .NETFramework,Version=v4.7.2, .NETFramework,Version=v4.8, .NETFramework,Version=v4.8.1' instead of the project target framework 'net8.0'. This package may not be fully compatible with your project. [C:\Users\ultra\warewolf\Dev\Dev2.Runtime.Tests\Dev2.Runtime.Tests.csproj]
C:\Users\ultra\warewolf\Dev\TestBase\TestBase.csproj : warning NU1701: Package 'Prism.Composition 5.0.0' was restored using '.NETFramework,Version=v4.6.1, .NETFramework,Version=v4.6.2, .NETFramework,Version=v4.7, .NETFramework,Version=v4.7.1, .NETFramework,Version=v4.7.2, .NETFramework,Version=v4.8, .NETFramework,Version=v4.8.1' instead of the project target framework 'net8.0'. This package may not be fully compatible with your project. [C:\Users\ultra\warewolf\Dev\Dev2.Runtime.Tests\Dev2.Runtime.Tests.csproj]
C:\Users\ultra\warewolf\Dev\TestBase\TestBase.csproj : warning NU1701: Package 'Prism.Interactivity 5.0.0' was restored using '.NETFramework,Version=v4.6.1, .NETFramework,Version=v4.6.2, .NETFramework,Version=v4.7, .NETFramework,Version=v4.7.1, .NETFramework,Version=v4.7.2, .NETFramework,Version=v4.8, .NETFramework,Version=v4.8.1' instead of the project target framework 'net8.0'. This package may not be fully compatible with your project. [C:\Users\ultra\warewolf\Dev\Dev2.Runtime.Tests\Dev2.Runtime.Tests.csproj]
C:\Users\ultra\warewolf\Dev\TestBase\TestBase.csproj : warning NU1701: Package 'Prism.Mvvm 1.0.0' was restored using '.NETFramework,Version=v4.6.1, .NETFramework,Version=v4.6.2, .NETFramework,Version=v4.7, .NETFramework,Version=v4.7.1, .NETFramework,Version=v4.7.2, .NETFramework,Version=v4.8, .NETFramework,Version=v4.8.1' instead of the project target framework 'net8.0'. This package may not be fully compatible with your project. [C:\Users\ultra\warewolf\Dev\Dev2.Runtime.Tests\Dev2.Runtime.Tests.csproj]
C:\Users\ultra\warewolf\Dev\TestBase\TestBase.csproj : warning NU1701: Package 'Prism.PubSubEvents 1.0.0' was restored using '.NETFramework,Version=v4.6.1, .NETFramework,Version=v4.6.2, .NETFramework,Version=v4.7, .NETFramework,Version=v4.7.1, .NETFramework,Version=v4.7.2, .NETFramework,Version=v4.8, .NETFramework,Version=v4.8.1' instead of the project target framework 'net8.0'. This package may not be fully compatible with your project. [C:\Users\ultra\warewolf\Dev\Dev2.Runtime.Tests\Dev2.Runtime.Tests.csproj]
C:\Users\ultra\warewolf\Dev\TestBase\TestBase.csproj : warning NU1701: Package 'Prism.UnityExtensions 5.0.1' was restored using '.NETFramework,Version=v4.6.1, .NETFramework,Version=v4.6.2, .NETFramework,Version=v4.7, .NETFramework,Version=v4.7.1, .NETFramework,Version=v4.7.2, .NETFramework,Version=v4.8, .NETFramework,Version=v4.8.1' instead of the project target framework 'net8.0'. This package may not be fully compatible with your project. [C:\Users\ultra\warewolf\Dev\Dev2.Runtime.Tests\Dev2.Runtime.Tests.csproj]
C:\Users\ultra\warewolf\Dev\TestBase\TestBase.csproj : warning NU1701: Package 'Prism.Wpf 9.0.537' was restored using '.NETFramework,Version=v4.6.1, .NETFramework,Version=v4.6.2, .NETFramework,Version=v4.7, .NETFramework,Version=v4.7.1, .NETFramework,Version=v4.7.2, .NETFramework,Version=v4.8, .NETFramework,Version=v4.8.1' instead of the project target framework 'net8.0'. This package may not be fully compatible with your project. [C:\Users\ultra\warewolf\Dev\Dev2.Runtime.Tests\Dev2.Runtime.Tests.csproj]
C:\Users\ultra\warewolf\Dev\TestBase\TestBase.csproj : warning NU1701: Package 'ReactiveUI.WPF 18.4.1' was restored using '.NETFramework,Version=v4.6.1, .NETFramework,Version=v4.6.2, .NETFramework,Version=v4.7, .NETFramework,Version=v4.7.1, .NETFramework,Version=v4.7.2, .NETFramework,Version=v4.8, .NETFramework,Version=v4.8.1' instead of the project target framework 'net8.0'. This package may not be fully compatible with your project. [C:\Users\ultra\warewolf\Dev\Dev2.Runtime.Tests\Dev2.Runtime.Tests.csproj]
C:\Users\ultra\warewolf\Dev\TestBase\TestBase.csproj : warning NU1701: Package 'TaskSchedulerEditor 2.10.1' was restored using '.NETFramework,Version=v4.6.1, .NETFramework,Version=v4.6.2, .NETFramework,Version=v4.7, .NETFramework,Version=v4.7.1, .NETFramework,Version=v4.7.2, .NETFramework,Version=v4.8, .NETFramework,Version=v4.8.1' instead of the project target framework 'net8.0'. This package may not be fully compatible with your project. [C:\Users\ultra\warewolf\Dev\Dev2.Runtime.Tests\Dev2.Runtime.Tests.csproj]
C:\Users\ultra\warewolf\Dev\TestBase\TestBase.csproj : warning NU1701: Package 'Unofficial.Microsoft.mshtml 7.0.3300' was restored using '.NETFramework,Version=v4.6.1, .NETFramework,Version=v4.6.2, .NETFramework,Version=v4.7, .NETFramework,Version=v4.7.1, .NETFramework,Version=v4.7.2, .NETFramework,Version=v4.8, .NETFramework,Version=v4.8.1' instead of the project target framework 'net8.0'. This package may not be fully compatible with your project. [C:\Users\ultra\warewolf\Dev\Dev2.Runtime.Tests\Dev2.Runtime.Tests.csproj]
  All projects are up-to-date for restore.
C:\Users\ultra\warewolf\Dev\Dev2.Runtime.Tests\Dev2.Runtime.Tests.csproj : warning NU1701: Package 'AeroWizard 2.3.1' was restored using '.NETFramework,Version=v4.6.1, .NETFramework,Version=v4.6.2, .NETFramework,Version=v4.7, .NETFramework,Version=v4.7.1, .NETFramework,Version=v4.7.2, .NETFramework,Version=v4.8, .NETFramework,Version=v4.8.1' instead of the project target framework 'net8.0'. This package may not be fully compatible with your project.
C:\Users\ultra\warewolf\Dev\Dev2.Runtime.Tests\Dev2.Runtime.Tests.csproj : warning NU1701: Package 'AvalonEdit 6.3.0.90' was restored using '.NETFramework,Version=v4.6.1, .NETFramework,Version=v4.6.2, .NETFramework,Version=v4.7, .NETFramework,Version=v4.7.1, .NETFramework,Version=v4.7.2, .NETFramework,Version=v4.8, .NETFramework,Version=v4.8.1' instead of the project target framework 'net8.0'. This package may not be fully compatible with your project.
C:\Users\ultra\warewolf\Dev\Dev2.Runtime.Tests\Dev2.Runtime.Tests.csproj : warning NU1701: Package 'CommonServiceLocator 1.2.0' was restored using '.NETFramework,Version=v4.6.1, .NETFramework,Version=v4.6.2, .NETFramework,Version=v4.7, .NETFramework,Version=v4.7.1, .NETFramework,Version=v4.7.2, .NETFramework,Version=v4.8, .NETFramework,Version=v4.8.1' instead of the project target framework 'net8.0'. This package may not be fully compatible with your project.
C:\Users\ultra\warewolf\Dev\Dev2.Runtime.Tests\Dev2.Runtime.Tests.csproj : warning NU1701: Package 'FontAwesome.WPF 4.7.0.9' was restored using '.NETFramework,Version=v4.6.1, .NETFramework,Version=v4.6.2, .NETFramework,Version=v4.7, .NETFramework,Version=v4.7.1, .NETFramework,Version=v4.7.2, .NETFramework,Version=v4.8, .NETFramework,Version=v4.8.1' instead of the project target framework 'net8.0'. This package may not be fully compatible with your project.
C:\Users\ultra\warewolf\Dev\Dev2.Runtime.Tests\Dev2.Runtime.Tests.csproj : warning NU1701: Package 'GroupControls 1.9.0' was restored using '.NETFramework,Version=v4.6.1, .NETFramework,Version=v4.6.2, .NETFramework,Version=v4.7, .NETFramework,Version=v4.7.1, .NETFramework,Version=v4.7.2, .NETFramework,Version=v4.8, .NETFramework,Version=v4.8.1' instead of the project target framework 'net8.0'. This package may not be fully compatible with your project.
C:\Users\ultra\warewolf\Dev\Dev2.Runtime.Tests\Dev2.Runtime.Tests.csproj : warning NU1701: Package 'Log4Net.Async 2.0.4' was restored using '.NETFramework,Version=v4.6.1, .NETFramework,Version=v4.6.2, .NETFramework,Version=v4.7, .NETFramework,Version=v4.7.1, .NETFramework,Version=v4.7.2, .NETFramework,Version=v4.8, .NETFramework,Version=v4.8.1' instead of the project target framework 'net8.0'. This package may not be fully compatible with your project.
C:\Users\ultra\warewolf\Dev\Dev2.Runtime.Tests\Dev2.Runtime.Tests.csproj : warning NU1701: Package 'Microsoft.Xaml.Behaviors.Wpf 1.1.122' was restored using '.NETFramework,Version=v4.6.1, .NETFramework,Version=v4.6.2, .NETFramework,Version=v4.7, .NETFramework,Version=v4.7.1, .NETFramework,Version=v4.7.2, .NETFramework,Version=v4.8, .NETFramework,Version=v4.8.1' instead of the project target framework 'net8.0'. This package may not be fully compatible with your project.
C:\Users\ultra\warewolf\Dev\Dev2.Runtime.Tests\Dev2.Runtime.Tests.csproj : warning NU1701: Package 'Prism.Composition 5.0.0' was restored using '.NETFramework,Version=v4.6.1, .NETFramework,Version=v4.6.2, .NETFramework,Version=v4.7, .NETFramework,Version=v4.7.1, .NETFramework,Version=v4.7.2, .NETFramework,Version=v4.8, .NETFramework,Version=v4.8.1' instead of the project target framework 'net8.0'. This package may not be fully compatible with your project.
C:\Users\ultra\warewolf\Dev\Dev2.Runtime.Tests\Dev2.Runtime.Tests.csproj : warning NU1701: Package 'Prism.Interactivity 5.0.0' was restored using '.NETFramework,Version=v4.6.1, .NETFramework,Version=v4.6.2, .NETFramework,Version=v4.7, .NETFramework,Version=v4.7.1, .NETFramework,Version=v4.7.2, .NETFramework,Version=v4.8, .NETFramework,Version=v4.8.1' instead of the project target framework 'net8.0'. This package may not be fully compatible with your project.
C:\Users\ultra\warewolf\Dev\Dev2.Runtime.Tests\Dev2.Runtime.Tests.csproj : warning NU1701: Package 'Prism.Mvvm 1.0.0' was restored using '.NETFramework,Version=v4.6.1, .NETFramework,Version=v4.6.2, .NETFramework,Version=v4.7, .NETFramework,Version=v4.7.1, .NETFramework,Version=v4.7.2, .NETFramework,Version=v4.8, .NETFramework,Version=v4.8.1' instead of the project target framework 'net8.0'. This package may not be fully compatible with your project.
C:\Users\ultra\warewolf\Dev\Dev2.Runtime.Tests\Dev2.Runtime.Tests.csproj : warning NU1701: Package 'Prism.PubSubEvents 1.0.0' was restored using '.NETFramework,Version=v4.6.1, .NETFramework,Version=v4.6.2, .NETFramework,Version=v4.7, .NETFramework,Version=v4.7.1, .NETFramework,Version=v4.7.2, .NETFramework,Version=v4.8, .NETFramework,Version=v4.8.1' instead of the project target framework 'net8.0'. This package may not be fully compatible with your project.
C:\Users\ultra\warewolf\Dev\Dev2.Runtime.Tests\Dev2.Runtime.Tests.csproj : warning NU1701: Package 'Prism.UnityExtensions 5.0.1' was restored using '.NETFramework,Version=v4.6.1, .NETFramework,Version=v4.6.2, .NETFramework,Version=v4.7, .NETFramework,Version=v4.7.1, .NETFramework,Version=v4.7.2, .NETFramework,Version=v4.8, .NETFramework,Version=v4.8.1' instead of the project target framework 'net8.0'. This package may not be fully compatible with your project.
C:\Users\ultra\warewolf\Dev\Dev2.Runtime.Tests\Dev2.Runtime.Tests.csproj : warning NU1701: Package 'Prism.Wpf 9.0.537' was restored using '.NETFramework,Version=v4.6.1, .NETFramework,Version=v4.6.2, .NETFramework,Version=v4.7, .NETFramework,Version=v4.7.1, .NETFramework,Version=v4.7.2, .NETFramework,Version=v4.8, .NETFramework,Version=v4.8.1' instead of the project target framework 'net8.0'. This package may not be fully compatible with your project.
C:\Users\ultra\warewolf\Dev\Dev2.Runtime.Tests\Dev2.Runtime.Tests.csproj : warning NU1701: Package 'ReactiveUI.WPF 18.4.1' was restored using '.NETFramework,Version=v4.6.1, .NETFramework,Version=v4.6.2, .NETFramework,Version=v4.7, .NETFramework,Version=v4.7.1, .NETFramework,Version=v4.7.2, .NETFramework,Version=v4.8, .NETFramework,Version=v4.8.1' instead of the project target framework 'net8.0'. This package may not be fully compatible with your project.
C:\Users\ultra\warewolf\Dev\Dev2.Runtime.Tests\Dev2.Runtime.Tests.csproj : warning NU1701: Package 'TaskSchedulerEditor 2.10.1' was restored using '.NETFramework,Version=v4.6.1, .NETFramework,Version=v4.6.2, .NETFramework,Version=v4.7, .NETFramework,Version=v4.7.1, .NETFramework,Version=v4.7.2, .NETFramework,Version=v4.8, .NETFramework,Version=v4.8.1' instead of the project target framework 'net8.0'. This package may not be fully compatible with your project.
C:\Users\ultra\warewolf\Dev\Dev2.Runtime.Tests\Dev2.Runtime.Tests.csproj : warning NU1701: Package 'Unofficial.Microsoft.mshtml 7.0.3300' was restored using '.NETFramework,Version=v4.6.1, .NETFramework,Version=v4.6.2, .NETFramework,Version=v4.7, .NETFramework,Version=v4.7.1, .NETFramework,Version=v4.7.2, .NETFramework,Version=v4.8, .NETFramework,Version=v4.8.1' instead of the project target framework 'net8.0'. This package may not be fully compatible with your project.
C:\Users\ultra\warewolf\Dev\Dev2.Infrastructure\Dev2.Infrastructure.csproj : warning NU1903: Package 'Microsoft.Windows.Compatibility' 6.0.0 has a known high severity vulnerability, https://github.com/advisories/GHSA-555c-2p6r-68mm
C:\Users\ultra\warewolf\Dev\Dev2.Infrastructure\Dev2.Infrastructure.csproj : warning NU1701: Package 'AeroWizard 2.3.1' was restored using '.NETFramework,Version=v4.6.1, .NETFramework,Version=v4.6.2, .NETFramework,Version=v4.7, .NETFramework,Version=v4.7.1, .NETFramework,Version=v4.7.2, .NETFramework,Version=v4.8, .NETFramework,Version=v4.8.1' instead of the project target framework 'net8.0'. This package may not be fully compatible with your project.
C:\Users\ultra\warewolf\Dev\Dev2.Infrastructure\Dev2.Infrastructure.csproj : warning NU1701: Package 'GroupControls 1.9.0' was restored using '.NETFramework,Version=v4.6.1, .NETFramework,Version=v4.6.2, .NETFramework,Version=v4.7, .NETFramework,Version=v4.7.1, .NETFramework,Version=v4.7.2, .NETFramework,Version=v4.8, .NETFramework,Version=v4.8.1' instead of the project target framework 'net8.0'. This package may not be fully compatible with your project.
C:\Users\ultra\warewolf\Dev\Dev2.Infrastructure\Dev2.Infrastructure.csproj : warning NU1701: Package 'ReactiveUI.WPF 18.4.1' was restored using '.NETFramework,Version=v4.6.1, .NETFramework,Version=v4.6.2, .NETFramework,Version=v4.7, .NETFramework,Version=v4.7.1, .NETFramework,Version=v4.7.2, .NETFramework,Version=v4.8, .NETFramework,Version=v4.8.1' instead of the project target framework 'net8.0'. This package may not be fully compatible with your project.
C:\Users\ultra\warewolf\Dev\Dev2.Infrastructure\Dev2.Infrastructure.csproj : warning NU1701: Package 'TaskSchedulerEditor 2.10.1' was restored using '.NETFramework,Version=v4.6.1, .NETFramework,Version=v4.6.2, .NETFramework,Version=v4.7, .NETFramework,Version=v4.7.1, .NETFramework,Version=v4.7.2, .NETFramework,Version=v4.8, .NETFramework,Version=v4.8.1' instead of the project target framework 'net8.0'. This package may not be fully compatible with your project.
C:\Users\ultra\warewolf\Dev\Dev2.Core\Dev2.Core.csproj : warning NU1903: Package 'Microsoft.Windows.Compatibility' 6.0.0 has a known high severity vulnerability, https://github.com/advisories/GHSA-555c-2p6r-68mm
C:\Users\ultra\warewolf\Dev\Dev2.Core\Dev2.Core.csproj : warning NU1701: Package 'AeroWizard 2.3.1' was restored using '.NETFramework,Version=v4.6.1, .NETFramework,Version=v4.6.2, .NETFramework,Version=v4.7, .NETFramework,Version=v4.7.1, .NETFramework,Version=v4.7.2, .NETFramework,Version=v4.8, .NETFramework,Version=v4.8.1' instead of the project target framework 'net8.0'. This package may not be fully compatible with your project.
C:\Users\ultra\warewolf\Dev\Dev2.Core\Dev2.Core.csproj : warning NU1701: Package 'GroupControls 1.9.0' was restored using '.NETFramework,Version=v4.6.1, .NETFramework,Version=v4.6.2, .NETFramework,Version=v4.7, .NETFramework,Version=v4.7.1, .NETFramework,Version=v4.7.2, .NETFramework,Version=v4.8, .NETFramework,Version=v4.8.1' instead of the project target framework 'net8.0'. This package may not be fully compatible with your project.
C:\Users\ultra\warewolf\Dev\Dev2.Core\Dev2.Core.csproj : warning NU1701: Package 'ReactiveUI.WPF 18.4.1' was restored using '.NETFramework,Version=v4.6.1, .NETFramework,Version=v4.6.2, .NETFramework,Version=v4.7, .NETFramework,Version=v4.7.1, .NETFramework,Version=v4.7.2, .NETFramework,Version=v4.8, .NETFramework,Version=v4.8.1' instead of the project target framework 'net8.0'. This package may not be fully compatible with your project.
C:\Users\ultra\warewolf\Dev\Dev2.Core\Dev2.Core.csproj : warning NU1701: Package 'TaskSchedulerEditor 2.10.1' was restored using '.NETFramework,Version=v4.6.1, .NETFramework,Version=v4.6.2, .NETFramework,Version=v4.7, .NETFramework,Version=v4.7.1, .NETFramework,Version=v4.7.2, .NETFramework,Version=v4.8, .NETFramework,Version=v4.8.1' instead of the project target framework 'net8.0'. This package may not be fully compatible with your project.
C:\Users\ultra\warewolf\Dev\Dev2.Common\Dev2.Common.csproj : warning NU1903: Package 'Microsoft.Windows.Compatibility' 6.0.0 has a known high severity vulnerability, https://github.com/advisories/GHSA-555c-2p6r-68mm
C:\Users\ultra\warewolf\Dev\Dev2.Common\Dev2.Common.csproj : warning NU1701: Package 'AeroWizard 2.3.1' was restored using '.NETFramework,Version=v4.6.1, .NETFramework,Version=v4.6.2, .NETFramework,Version=v4.7, .NETFramework,Version=v4.7.1, .NETFramework,Version=v4.7.2, .NETFramework,Version=v4.8, .NETFramework,Version=v4.8.1' instead of the project target framework 'net8.0'. This package may not be fully compatible with your project.
C:\Users\ultra\warewolf\Dev\Dev2.Common\Dev2.Common.csproj : warning NU1701: Package 'GroupControls 1.9.0' was restored using '.NETFramework,Version=v4.6.1, .NETFramework,Version=v4.6.2, .NETFramework,Version=v4.7, .NETFramework,Version=v4.7.1, .NETFramework,Version=v4.7.2, .NETFramework,Version=v4.8, .NETFramework,Version=v4.8.1' instead of the project target framework 'net8.0'. This package may not be fully compatible with your project.
C:\Users\ultra\warewolf\Dev\Dev2.Common\Dev2.Common.csproj : warning NU1701: Package 'TaskSchedulerEditor 2.10.1' was restored using '.NETFramework,Version=v4.6.1, .NETFramework,Version=v4.6.2, .NETFramework,Version=v4.7, .NETFramework,Version=v4.7.1, .NETFramework,Version=v4.7.2, .NETFramework,Version=v4.8, .NETFramework,Version=v4.8.1' instead of the project target framework 'net8.0'. This package may not be fully compatible with your project.
C:\Users\ultra\warewolf\Dev\Dev2.Data.Interfaces\Dev2.Data.Interfaces.csproj : warning NU1903: Package 'DotNetZip' 1.16.0 has a known high severity vulnerability, https://github.com/advisories/GHSA-xhg6-9j5j-w4vf
C:\Users\ultra\warewolf\Dev\Dev2.Common.Interfaces\Dev2.Common.Interfaces.csproj : warning NU1903: Package 'Microsoft.Windows.Compatibility' 6.0.0 has a known high severity vulnerability, https://github.com/advisories/GHSA-555c-2p6r-68mm
C:\Users\ultra\warewolf\Dev\Dev2.Data.Interfaces\Dev2.Data.Interfaces.csproj : warning NU1701: Package 'AeroWizard 2.3.1' was restored using '.NETFramework,Version=v4.6.1, .NETFramework,Version=v4.6.2, .NETFramework,Version=v4.7, .NETFramework,Version=v4.7.1, .NETFramework,Version=v4.7.2, .NETFramework,Version=v4.8, .NETFramework,Version=v4.8.1' instead of the project target framework 'net8.0'. This package may not be fully compatible with your project.
C:\Users\ultra\warewolf\Dev\Dev2.Common.Interfaces\Dev2.Common.Interfaces.csproj : warning NU1701: Package 'AeroWizard 2.3.1' was restored using '.NETFramework,Version=v4.6.1, .NETFramework,Version=v4.6.2, .NETFramework,Version=v4.7, .NETFramework,Version=v4.7.1, .NETFramework,Version=v4.7.2, .NETFramework,Version=v4.8, .NETFramework,Version=v4.8.1' instead of the project target framework 'net8.0'. This package may not be fully compatible with your project.
C:\Users\ultra\warewolf\Dev\Dev2.Data.Interfaces\Dev2.Data.Interfaces.csproj : warning NU1701: Package 'GroupControls 1.9.0' was restored using '.NETFramework,Version=v4.6.1, .NETFramework,Version=v4.6.2, .NETFramework,Version=v4.7, .NETFramework,Version=v4.7.1, .NETFramework,Version=v4.7.2, .NETFramework,Version=v4.8, .NETFramework,Version=v4.8.1' instead of the project target framework 'net8.0'. This package may not be fully compatible with your project.
C:\Users\ultra\warewolf\Dev\Dev2.Common.Interfaces\Dev2.Common.Interfaces.csproj : warning NU1701: Package 'GroupControls 1.9.0' was restored using '.NETFramework,Version=v4.6.1, .NETFramework,Version=v4.6.2, .NETFramework,Version=v4.7, .NETFramework,Version=v4.7.1, .NETFramework,Version=v4.7.2, .NETFramework,Version=v4.8, .NETFramework,Version=v4.8.1' instead of the project target framework 'net8.0'. This package may not be fully compatible with your project.
C:\Users\ultra\warewolf\Dev\Dev2.Common.Interfaces\Dev2.Common.Interfaces.csproj : warning NU1701: Package 'TaskSchedulerEditor 2.10.1' was restored using '.NETFramework,Version=v4.6.1, .NETFramework,Version=v4.6.2, .NETFramework,Version=v4.7, .NETFramework,Version=v4.7.1, .NETFramework,Version=v4.7.2, .NETFramework,Version=v4.8, .NETFramework,Version=v4.8.1' instead of the project target framework 'net8.0'. This package may not be fully compatible with your project.
C:\Users\ultra\warewolf\Dev\Dev2.Data.Interfaces\Dev2.Data.Interfaces.csproj : warning NU1701: Package 'TaskSchedulerEditor 2.10.1' was restored using '.NETFramework,Version=v4.6.1, .NETFramework,Version=v4.6.2, .NETFramework,Version=v4.7, .NETFramework,Version=v4.7.1, .NETFramework,Version=v4.7.2, .NETFramework,Version=v4.8, .NETFramework,Version=v4.8.1' instead of the project target framework 'net8.0'. This package may not be fully compatible with your project.
C:\Users\ultra\warewolf\Dev\Dev2.Data\Dev2.Data.csproj : warning NU1701: Package 'AeroWizard 2.3.1' was restored using '.NETFramework,Version=v4.6.1, .NETFramework,Version=v4.6.2, .NETFramework,Version=v4.7, .NETFramework,Version=v4.7.1, .NETFramework,Version=v4.7.2, .NETFramework,Version=v4.8, .NETFramework,Version=v4.8.1' instead of the project target framework 'net8.0'. This package may not be fully compatible with your project.
C:\Users\ultra\warewolf\Dev\Dev2.Data\Dev2.Data.csproj : warning NU1701: Package 'GroupControls 1.9.0' was restored using '.NETFramework,Version=v4.6.1, .NETFramework,Version=v4.6.2, .NETFramework,Version=v4.7, .NETFramework,Version=v4.7.1, .NETFramework,Version=v4.7.2, .NETFramework,Version=v4.8, .NETFramework,Version=v4.8.1' instead of the project target framework 'net8.0'. This package may not be fully compatible with your project.
C:\Users\ultra\warewolf\Dev\Dev2.Data\Dev2.Data.csproj : warning NU1701: Package 'ReactiveUI.WPF 18.4.1' was restored using '.NETFramework,Version=v4.6.1, .NETFramework,Version=v4.6.2, .NETFramework,Version=v4.7, .NETFramework,Version=v4.7.1, .NETFramework,Version=v4.7.2, .NETFramework,Version=v4.8, .NETFramework,Version=v4.8.1' instead of the project target framework 'net8.0'. This package may not be fully compatible with your project.
C:\Users\ultra\warewolf\Dev\Dev2.Data\Dev2.Data.csproj : warning NU1701: Package 'TaskSchedulerEditor 2.10.1' was restored using '.NETFramework,Version=v4.6.1, .NETFramework,Version=v4.6.2, .NETFramework,Version=v4.7, .NETFramework,Version=v4.7.1, .NETFramework,Version=v4.7.2, .NETFramework,Version=v4.8, .NETFramework,Version=v4.8.1' instead of the project target framework 'net8.0'. This package may not be fully compatible with your project.
C:\Users\ultra\warewolf\Dev\Dev2.Activities\Dev2.Activities.csproj : warning NU1903: Package 'Microsoft.Windows.Compatibility' 6.0.0 has a known high severity vulnerability, https://github.com/advisories/GHSA-555c-2p6r-68mm
C:\Users\ultra\warewolf\Dev\Dev2.Activities\Dev2.Activities.csproj : warning NU1701: Package 'AeroWizard 2.3.1' was restored using '.NETFramework,Version=v4.6.1, .NETFramework,Version=v4.6.2, .NETFramework,Version=v4.7, .NETFramework,Version=v4.7.1, .NETFramework,Version=v4.7.2, .NETFramework,Version=v4.8, .NETFramework,Version=v4.8.1' instead of the project target framework 'net8.0'. This package may not be fully compatible with your project.
C:\Users\ultra\warewolf\Dev\Dev2.Activities\Dev2.Activities.csproj : warning NU1701: Package 'GroupControls 1.9.0' was restored using '.NETFramework,Version=v4.6.1, .NETFramework,Version=v4.6.2, .NETFramework,Version=v4.7, .NETFramework,Version=v4.7.1, .NETFramework,Version=v4.7.2, .NETFramework,Version=v4.8, .NETFramework,Version=v4.8.1' instead of the project target framework 'net8.0'. This package may not be fully compatible with your project.
C:\Users\ultra\warewolf\Dev\Dev2.Activities\Dev2.Activities.csproj : warning NU1701: Package 'ReactiveUI.WPF 18.4.1' was restored using '.NETFramework,Version=v4.6.1, .NETFramework,Version=v4.6.2, .NETFramework,Version=v4.7, .NETFramework,Version=v4.7.1, .NETFramework,Version=v4.7.2, .NETFramework,Version=v4.8, .NETFramework,Version=v4.8.1' instead of the project target framework 'net8.0'. This package may not be fully compatible with your project.
C:\Users\ultra\warewolf\Dev\Dev2.Activities\Dev2.Activities.csproj : warning NU1701: Package 'TaskSchedulerEditor 2.10.1' was restored using '.NETFramework,Version=v4.6.1, .NETFramework,Version=v4.6.2, .NETFramework,Version=v4.7, .NETFramework,Version=v4.7.1, .NETFramework,Version=v4.7.2, .NETFramework,Version=v4.8, .NETFramework,Version=v4.8.1' instead of the project target framework 'net8.0'. This package may not be fully compatible with your project.
C:\Users\ultra\warewolf\Dev\Dev2.Diagnostics\Dev2.Diagnostics.csproj : warning NU1701: Package 'AeroWizard 2.3.1' was restored using '.NETFramework,Version=v4.6.1, .NETFramework,Version=v4.6.2, .NETFramework,Version=v4.7, .NETFramework,Version=v4.7.1, .NETFramework,Version=v4.7.2, .NETFramework,Version=v4.8, .NETFramework,Version=v4.8.1' instead of the project target framework 'net8.0'. This package may not be fully compatible with your project.
C:\Users\ultra\warewolf\Dev\Dev2.Diagnostics\Dev2.Diagnostics.csproj : warning NU1701: Package 'GroupControls 1.9.0' was restored using '.NETFramework,Version=v4.6.1, .NETFramework,Version=v4.6.2, .NETFramework,Version=v4.7, .NETFramework,Version=v4.7.1, .NETFramework,Version=v4.7.2, .NETFramework,Version=v4.8, .NETFramework,Version=v4.8.1' instead of the project target framework 'net8.0'. This package may not be fully compatible with your project.
C:\Users\ultra\warewolf\Dev\Dev2.Diagnostics\Dev2.Diagnostics.csproj : warning NU1701: Package 'TaskSchedulerEditor 2.10.1' was restored using '.NETFramework,Version=v4.6.1, .NETFramework,Version=v4.6.2, .NETFramework,Version=v4.7, .NETFramework,Version=v4.7.1, .NETFramework,Version=v4.7.2, .NETFramework,Version=v4.8, .NETFramework,Version=v4.8.1' instead of the project target framework 'net8.0'. This package may not be fully compatible with your project.
C:\Users\ultra\warewolf\Dev\Dev2.Services.Execution\Dev2.Services.Execution.csproj : warning NU1701: Package 'AeroWizard 2.3.1' was restored using '.NETFramework,Version=v4.6.1, .NETFramework,Version=v4.6.2, .NETFramework,Version=v4.7, .NETFramework,Version=v4.7.1, .NETFramework,Version=v4.7.2, .NETFramework,Version=v4.8, .NETFramework,Version=v4.8.1' instead of the project target framework 'net8.0'. This package may not be fully compatible with your project.
C:\Users\ultra\warewolf\Dev\Dev2.Services.Execution\Dev2.Services.Execution.csproj : warning NU1701: Package 'GroupControls 1.9.0' was restored using '.NETFramework,Version=v4.6.1, .NETFramework,Version=v4.6.2, .NETFramework,Version=v4.7, .NETFramework,Version=v4.7.1, .NETFramework,Version=v4.7.2, .NETFramework,Version=v4.8, .NETFramework,Version=v4.8.1' instead of the project target framework 'net8.0'. This package may not be fully compatible with your project.
C:\Users\ultra\warewolf\Dev\Dev2.Services.Execution\Dev2.Services.Execution.csproj : warning NU1701: Package 'ReactiveUI.WPF 18.4.1' was restored using '.NETFramework,Version=v4.6.1, .NETFramework,Version=v4.6.2, .NETFramework,Version=v4.7, .NETFramework,Version=v4.7.1, .NETFramework,Version=v4.7.2, .NETFramework,Version=v4.8, .NETFramework,Version=v4.8.1' instead of the project target framework 'net8.0'. This package may not be fully compatible with your project.
C:\Users\ultra\warewolf\Dev\Dev2.Services.Execution\Dev2.Services.Execution.csproj : warning NU1701: Package 'TaskSchedulerEditor 2.10.1' was restored using '.NETFramework,Version=v4.6.1, .NETFramework,Version=v4.6.2, .NETFramework,Version=v4.7, .NETFramework,Version=v4.7.1, .NETFramework,Version=v4.7.2, .NETFramework,Version=v4.8, .NETFramework,Version=v4.8.1' instead of the project target framework 'net8.0'. This package may not be fully compatible with your project.
C:\Users\ultra\warewolf\Dev\Dev2.Services.Sql\Dev2.Services.Sql.csproj : warning NU1903: Package 'Oracle.ManagedDataAccess.Core' 3.21.70 has a known high severity vulnerability, https://github.com/advisories/GHSA-5pm2-9mr2-3frq
C:\Users\ultra\warewolf\Dev\Dev2.Services.Sql\Dev2.Services.Sql.csproj : warning NU1701: Package 'AeroWizard 2.3.1' was restored using '.NETFramework,Version=v4.6.1, .NETFramework,Version=v4.6.2, .NETFramework,Version=v4.7, .NETFramework,Version=v4.7.1, .NETFramework,Version=v4.7.2, .NETFramework,Version=v4.8, .NETFramework,Version=v4.8.1' instead of the project target framework 'net8.0'. This package may not be fully compatible with your project.
C:\Users\ultra\warewolf\Dev\Dev2.Services.Sql\Dev2.Services.Sql.csproj : warning NU1701: Package 'GroupControls 1.9.0' was restored using '.NETFramework,Version=v4.6.1, .NETFramework,Version=v4.6.2, .NETFramework,Version=v4.7, .NETFramework,Version=v4.7.1, .NETFramework,Version=v4.7.2, .NETFramework,Version=v4.8, .NETFramework,Version=v4.8.1' instead of the project target framework 'net8.0'. This package may not be fully compatible with your project.
C:\Users\ultra\warewolf\Dev\Dev2.Services.Sql\Dev2.Services.Sql.csproj : warning NU1701: Package 'ReactiveUI.WPF 18.4.1' was restored using '.NETFramework,Version=v4.6.1, .NETFramework,Version=v4.6.2, .NETFramework,Version=v4.7, .NETFramework,Version=v4.7.1, .NETFramework,Version=v4.7.2, .NETFramework,Version=v4.8, .NETFramework,Version=v4.8.1' instead of the project target framework 'net8.0'. This package may not be fully compatible with your project.
C:\Users\ultra\warewolf\Dev\Dev2.Services.Sql\Dev2.Services.Sql.csproj : warning NU1701: Package 'TaskSchedulerEditor 2.10.1' was restored using '.NETFramework,Version=v4.6.1, .NETFramework,Version=v4.6.2, .NETFramework,Version=v4.7, .NETFramework,Version=v4.7.1, .NETFramework,Version=v4.7.2, .NETFramework,Version=v4.8, .NETFramework,Version=v4.8.1' instead of the project target framework 'net8.0'. This package may not be fully compatible with your project.
C:\Users\ultra\warewolf\Dev\Dev2.Infrastructure.Tests\Dev2.Infrastructure.Tests.csproj : warning NU1701: Package 'AeroWizard 2.3.1' was restored using '.NETFramework,Version=v4.6.1, .NETFramework,Version=v4.6.2, .NETFramework,Version=v4.7, .NETFramework,Version=v4.7.1, .NETFramework,Version=v4.7.2, .NETFramework,Version=v4.8, .NETFramework,Version=v4.8.1' instead of the project target framework 'net8.0'. This package may not be fully compatible with your project.
C:\Users\ultra\warewolf\Dev\Dev2.Infrastructure.Tests\Dev2.Infrastructure.Tests.csproj : warning NU1701: Package 'GroupControls 1.9.0' was restored using '.NETFramework,Version=v4.6.1, .NETFramework,Version=v4.6.2, .NETFramework,Version=v4.7, .NETFramework,Version=v4.7.1, .NETFramework,Version=v4.7.2, .NETFramework,Version=v4.8, .NETFramework,Version=v4.8.1' instead of the project target framework 'net8.0'. This package may not be fully compatible with your project.
C:\Users\ultra\warewolf\Dev\Dev2.Infrastructure.Tests\Dev2.Infrastructure.Tests.csproj : warning NU1701: Package 'Microsoft.Xaml.Behaviors.Wpf 1.1.122' was restored using '.NETFramework,Version=v4.6.1, .NETFramework,Version=v4.6.2, .NETFramework,Version=v4.7, .NETFramework,Version=v4.7.1, .NETFramework,Version=v4.7.2, .NETFramework,Version=v4.8, .NETFramework,Version=v4.8.1' instead of the project target framework 'net8.0'. This package may not be fully compatible with your project.
C:\Users\ultra\warewolf\Dev\Dev2.Infrastructure.Tests\Dev2.Infrastructure.Tests.csproj : warning NU1701: Package 'Prism.Wpf 9.0.537' was restored using '.NETFramework,Version=v4.6.1, .NETFramework,Version=v4.6.2, .NETFramework,Version=v4.7, .NETFramework,Version=v4.7.1, .NETFramework,Version=v4.7.2, .NETFramework,Version=v4.8, .NETFramework,Version=v4.8.1' instead of the project target framework 'net8.0'. This package may not be fully compatible with your project.
C:\Users\ultra\warewolf\Dev\Dev2.Infrastructure.Tests\Dev2.Infrastructure.Tests.csproj : warning NU1701: Package 'ReactiveUI.WPF 18.4.1' was restored using '.NETFramework,Version=v4.6.1, .NETFramework,Version=v4.6.2, .NETFramework,Version=v4.7, .NETFramework,Version=v4.7.1, .NETFramework,Version=v4.7.2, .NETFramework,Version=v4.8, .NETFramework,Version=v4.8.1' instead of the project target framework 'net8.0'. This package may not be fully compatible with your project.
C:\Users\ultra\warewolf\Dev\Dev2.Infrastructure.Tests\Dev2.Infrastructure.Tests.csproj : warning NU1701: Package 'TaskSchedulerEditor 2.10.1' was restored using '.NETFramework,Version=v4.6.1, .NETFramework,Version=v4.6.2, .NETFramework,Version=v4.7, .NETFramework,Version=v4.7.1, .NETFramework,Version=v4.7.2, .NETFramework,Version=v4.8, .NETFramework,Version=v4.8.1' instead of the project target framework 'net8.0'. This package may not be fully compatible with your project.
C:\Users\ultra\warewolf\Dev\Dev2.Studio.Interfaces\Dev2.Studio.Interfaces.csproj : warning NU1701: Package 'AeroWizard 2.3.1' was restored using '.NETFramework,Version=v4.6.1, .NETFramework,Version=v4.6.2, .NETFramework,Version=v4.7, .NETFramework,Version=v4.7.1, .NETFramework,Version=v4.7.2, .NETFramework,Version=v4.8, .NETFramework,Version=v4.8.1' instead of the project target framework 'net8.0'. This package may not be fully compatible with your project.
C:\Users\ultra\warewolf\Dev\Dev2.Studio.Interfaces\Dev2.Studio.Interfaces.csproj : warning NU1701: Package 'GroupControls 1.9.0' was restored using '.NETFramework,Version=v4.6.1, .NETFramework,Version=v4.6.2, .NETFramework,Version=v4.7, .NETFramework,Version=v4.7.1, .NETFramework,Version=v4.7.2, .NETFramework,Version=v4.8, .NETFramework,Version=v4.8.1' instead of the project target framework 'net8.0'. This package may not be fully compatible with your project.
C:\Users\ultra\warewolf\Dev\Dev2.Studio.Interfaces\Dev2.Studio.Interfaces.csproj : warning NU1701: Package 'Microsoft.Xaml.Behaviors.Wpf 1.1.122' was restored using '.NETFramework,Version=v4.6.1, .NETFramework,Version=v4.6.2, .NETFramework,Version=v4.7, .NETFramework,Version=v4.7.1, .NETFramework,Version=v4.7.2, .NETFramework,Version=v4.8, .NETFramework,Version=v4.8.1' instead of the project target framework 'net8.0'. This package may not be fully compatible with your project.
C:\Users\ultra\warewolf\Dev\Dev2.Studio.Interfaces\Dev2.Studio.Interfaces.csproj : warning NU1701: Package 'Prism.Wpf 9.0.537' was restored using '.NETFramework,Version=v4.6.1, .NETFramework,Version=v4.6.2, .NETFramework,Version=v4.7, .NETFramework,Version=v4.7.1, .NETFramework,Version=v4.7.2, .NETFramework,Version=v4.8, .NETFramework,Version=v4.8.1' instead of the project target framework 'net8.0'. This package may not be fully compatible with your project.
C:\Users\ultra\warewolf\Dev\Dev2.Studio.Interfaces\Dev2.Studio.Interfaces.csproj : warning NU1701: Package 'ReactiveUI.WPF 18.4.1' was restored using '.NETFramework,Version=v4.6.1, .NETFramework,Version=v4.6.2, .NETFramework,Version=v4.7, .NETFramework,Version=v4.7.1, .NETFramework,Version=v4.7.2, .NETFramework,Version=v4.8, .NETFramework,Version=v4.8.1' instead of the project target framework 'net8.0'. This package may not be fully compatible with your project.
C:\Users\ultra\warewolf\Dev\Dev2.Studio.Interfaces\Dev2.Studio.Interfaces.csproj : warning NU1701: Package 'TaskSchedulerEditor 2.10.1' was restored using '.NETFramework,Version=v4.6.1, .NETFramework,Version=v4.6.2, .NETFramework,Version=v4.7, .NETFramework,Version=v4.7.1, .NETFramework,Version=v4.7.2, .NETFramework,Version=v4.8, .NETFramework,Version=v4.8.1' instead of the project target framework 'net8.0'. This package may not be fully compatible with your project.
  Dev2.Net6.Compatibility -> C:\Users\ultra\warewolf\Dev\Dev2.Net6.Compatibility\bin\Debug\net8.0\Dev2.Net6.Compatibility.dll
C:\Users\ultra\warewolf\Dev\Dev2.Runtime.Services\Dev2.Runtime.Services.csproj : warning NU1902: Package 'MessagePack' 2.4.59 has a known moderate severity vulnerability, https://github.com/advisories/GHSA-4qm4-8hg2-g2xm
C:\Users\ultra\warewolf\Dev\Dev2.Runtime.Services\Dev2.Runtime.Services.csproj : warning NU1903: Package 'Microsoft.Windows.Compatibility' 6.0.0 has a known high severity vulnerability, https://github.com/advisories/GHSA-555c-2p6r-68mm
C:\Users\ultra\warewolf\Dev\Dev2.Runtime.Services\Dev2.Runtime.Services.csproj : warning NU1701: Package 'AeroWizard 2.3.1' was restored using '.NETFramework,Version=v4.6.1, .NETFramework,Version=v4.6.2, .NETFramework,Version=v4.7, .NETFramework,Version=v4.7.1, .NETFramework,Version=v4.7.2, .NETFramework,Version=v4.8, .NETFramework,Version=v4.8.1' instead of the project target framework 'net8.0'. This package may not be fully compatible with your project.
C:\Users\ultra\warewolf\Dev\Dev2.Runtime.Services\Dev2.Runtime.Services.csproj : warning NU1701: Package 'GroupControls 1.9.0' was restored using '.NETFramework,Version=v4.6.1, .NETFramework,Version=v4.6.2, .NETFramework,Version=v4.7, .NETFramework,Version=v4.7.1, .NETFramework,Version=v4.7.2, .NETFramework,Version=v4.8, .NETFramework,Version=v4.8.1' instead of the project target framework 'net8.0'. This package may not be fully compatible with your project.
C:\Users\ultra\warewolf\Dev\Dev2.Runtime.Services\Dev2.Runtime.Services.csproj : warning NU1701: Package 'ReactiveUI.WPF 18.4.1' was restored using '.NETFramework,Version=v4.6.1, .NETFramework,Version=v4.6.2, .NETFramework,Version=v4.7, .NETFramework,Version=v4.7.1, .NETFramework,Version=v4.7.2, .NETFramework,Version=v4.8, .NETFramework,Version=v4.8.1' instead of the project target framework 'net8.0'. This package may not be fully compatible with your project.
C:\Users\ultra\warewolf\Dev\Dev2.Runtime.Services\Dev2.Runtime.Services.csproj : warning NU1701: Package 'TaskSchedulerEditor 2.10.1' was restored using '.NETFramework,Version=v4.6.1, .NETFramework,Version=v4.6.2, .NETFramework,Version=v4.7, .NETFramework,Version=v4.7.1, .NETFramework,Version=v4.7.2, .NETFramework,Version=v4.8, .NETFramework,Version=v4.8.1' instead of the project target framework 'net8.0'. This package may not be fully compatible with your project.
C:\Users\ultra\warewolf\Dev\Dev2.Runtime\Dev2.Runtime.csproj : warning NU1903: Package 'Microsoft.Windows.Compatibility' 6.0.0 has a known high severity vulnerability, https://github.com/advisories/GHSA-555c-2p6r-68mm
C:\Users\ultra\warewolf\Dev\Dev2.Runtime\Dev2.Runtime.csproj : warning NU1701: Package 'AeroWizard 2.3.1' was restored using '.NETFramework,Version=v4.6.1, .NETFramework,Version=v4.6.2, .NETFramework,Version=v4.7, .NETFramework,Version=v4.7.1, .NETFramework,Version=v4.7.2, .NETFramework,Version=v4.8, .NETFramework,Version=v4.8.1' instead of the project target framework 'net8.0'. This package may not be fully compatible with your project.
C:\Users\ultra\warewolf\Dev\Dev2.Runtime\Dev2.Runtime.csproj : warning NU1701: Package 'GroupControls 1.9.0' was restored using '.NETFramework,Version=v4.6.1, .NETFramework,Version=v4.6.2, .NETFramework,Version=v4.7, .NETFramework,Version=v4.7.1, .NETFramework,Version=v4.7.2, .NETFramework,Version=v4.8, .NETFramework,Version=v4.8.1' instead of the project target framework 'net8.0'. This package may not be fully compatible with your project.
C:\Users\ultra\warewolf\Dev\Dev2.Runtime\Dev2.Runtime.csproj : warning NU1701: Package 'ReactiveUI.WPF 18.4.1' was restored using '.NETFramework,Version=v4.6.1, .NETFramework,Version=v4.6.2, .NETFramework,Version=v4.7, .NETFramework,Version=v4.7.1, .NETFramework,Version=v4.7.2, .NETFramework,Version=v4.8, .NETFramework,Version=v4.8.1' instead of the project target framework 'net8.0'. This package may not be fully compatible with your project.
C:\Users\ultra\warewolf\Dev\Dev2.Runtime\Dev2.Runtime.csproj : warning NU1701: Package 'TaskSchedulerEditor 2.10.1' was restored using '.NETFramework,Version=v4.6.1, .NETFramework,Version=v4.6.2, .NETFramework,Version=v4.7, .NETFramework,Version=v4.7.1, .NETFramework,Version=v4.7.2, .NETFramework,Version=v4.8, .NETFramework,Version=v4.8.1' instead of the project target framework 'net8.0'. This package may not be fully compatible with your project.
C:\Users\ultra\warewolf\Dev\Dev2.Scheduler\Dev2.Scheduler.csproj : warning NU1701: Package 'AeroWizard 2.3.1' was restored using '.NETFramework,Version=v4.6.1, .NETFramework,Version=v4.6.2, .NETFramework,Version=v4.7, .NETFramework,Version=v4.7.1, .NETFramework,Version=v4.7.2, .NETFramework,Version=v4.8, .NETFramework,Version=v4.8.1' instead of the project target framework 'net8.0'. This package may not be fully compatible with your project.
C:\Users\ultra\warewolf\Dev\Dev2.Scheduler\Dev2.Scheduler.csproj : warning NU1701: Package 'GroupControls 1.9.0' was restored using '.NETFramework,Version=v4.6.1, .NETFramework,Version=v4.6.2, .NETFramework,Version=v4.7, .NETFramework,Version=v4.7.1, .NETFramework,Version=v4.7.2, .NETFramework,Version=v4.8, .NETFramework,Version=v4.8.1' instead of the project target framework 'net8.0'. This package may not be fully compatible with your project.
C:\Users\ultra\warewolf\Dev\Dev2.Scheduler\Dev2.Scheduler.csproj : warning NU1701: Package 'ReactiveUI.WPF 18.4.1' was restored using '.NETFramework,Version=v4.6.1, .NETFramework,Version=v4.6.2, .NETFramework,Version=v4.7, .NETFramework,Version=v4.7.1, .NETFramework,Version=v4.7.2, .NETFramework,Version=v4.8, .NETFramework,Version=v4.8.1' instead of the project target framework 'net8.0'. This package may not be fully compatible with your project.
C:\Users\ultra\warewolf\Dev\Dev2.Scheduler\Dev2.Scheduler.csproj : warning NU1701: Package 'TaskSchedulerEditor 2.10.1' was restored using '.NETFramework,Version=v4.6.1, .NETFramework,Version=v4.6.2, .NETFramework,Version=v4.7, .NETFramework,Version=v4.7.1, .NETFramework,Version=v4.7.2, .NETFramework,Version=v4.8, .NETFramework,Version=v4.8.1' instead of the project target framework 'net8.0'. This package may not be fully compatible with your project.
C:\Users\ultra\warewolf\Dev\Dev2.Activities.Tests\Dev2.Activities.Tests.csproj : warning NU1701: Package 'AeroWizard 2.3.1' was restored using '.NETFramework,Version=v4.6.1, .NETFramework,Version=v4.6.2, .NETFramework,Version=v4.7, .NETFramework,Version=v4.7.1, .NETFramework,Version=v4.7.2, .NETFramework,Version=v4.8, .NETFramework,Version=v4.8.1' instead of the project target framework 'net8.0'. This package may not be fully compatible with your project.
C:\Users\ultra\warewolf\Dev\Dev2.Activities.Tests\Dev2.Activities.Tests.csproj : warning NU1701: Package 'GroupControls 1.9.0' was restored using '.NETFramework,Version=v4.6.1, .NETFramework,Version=v4.6.2, .NETFramework,Version=v4.7, .NETFramework,Version=v4.7.1, .NETFramework,Version=v4.7.2, .NETFramework,Version=v4.8, .NETFramework,Version=v4.8.1' instead of the project target framework 'net8.0'. This package may not be fully compatible with your project.
C:\Users\ultra\warewolf\Dev\Dev2.Activities.Tests\Dev2.Activities.Tests.csproj : warning NU1701: Package 'Microsoft.Xaml.Behaviors.Wpf 1.1.122' was restored using '.NETFramework,Version=v4.6.1, .NETFramework,Version=v4.6.2, .NETFramework,Version=v4.7, .NETFramework,Version=v4.7.1, .NETFramework,Version=v4.7.2, .NETFramework,Version=v4.8, .NETFramework,Version=v4.8.1' instead of the project target framework 'net8.0'. This package may not be fully compatible with your project.
C:\Users\ultra\warewolf\Dev\Dev2.Activities.Tests\Dev2.Activities.Tests.csproj : warning NU1701: Package 'Prism.Wpf 9.0.537' was restored using '.NETFramework,Version=v4.6.1, .NETFramework,Version=v4.6.2, .NETFramework,Version=v4.7, .NETFramework,Version=v4.7.1, .NETFramework,Version=v4.7.2, .NETFramework,Version=v4.8, .NETFramework,Version=v4.8.1' instead of the project target framework 'net8.0'. This package may not be fully compatible with your project.
C:\Users\ultra\warewolf\Dev\Dev2.Activities.Tests\Dev2.Activities.Tests.csproj : warning NU1701: Package 'ReactiveUI.WPF 18.4.1' was restored using '.NETFramework,Version=v4.6.1, .NETFramework,Version=v4.6.2, .NETFramework,Version=v4.7, .NETFramework,Version=v4.7.1, .NETFramework,Version=v4.7.2, .NETFramework,Version=v4.8, .NETFramework,Version=v4.8.1' instead of the project target framework 'net8.0'. This package may not be fully compatible with your project.
C:\Users\ultra\warewolf\Dev\Dev2.Activities.Tests\Dev2.Activities.Tests.csproj : warning NU1701: Package 'TaskSchedulerEditor 2.10.1' was restored using '.NETFramework,Version=v4.6.1, .NETFramework,Version=v4.6.2, .NETFramework,Version=v4.7, .NETFramework,Version=v4.7.1, .NETFramework,Version=v4.7.2, .NETFramework,Version=v4.8, .NETFramework,Version=v4.8.1' instead of the project target framework 'net8.0'. This package may not be fully compatible with your project.
C:\Users\ultra\warewolf\Dev\Dev2.Util\Dev2.Util.csproj : warning NU1903: Package 'Microsoft.Windows.Compatibility' 6.0.0 has a known high severity vulnerability, https://github.com/advisories/GHSA-555c-2p6r-68mm
C:\Users\ultra\warewolf\Dev\Dev2.Util\Dev2.Util.csproj : warning NU1701: Package 'AeroWizard 2.3.1' was restored using '.NETFramework,Version=v4.6.1, .NETFramework,Version=v4.6.2, .NETFramework,Version=v4.7, .NETFramework,Version=v4.7.1, .NETFramework,Version=v4.7.2, .NETFramework,Version=v4.8, .NETFramework,Version=v4.8.1' instead of the project target framework 'net8.0'. This package may not be fully compatible with your project.
C:\Users\ultra\warewolf\Dev\Dev2.Util\Dev2.Util.csproj : warning NU1701: Package 'GroupControls 1.9.0' was restored using '.NETFramework,Version=v4.6.1, .NETFramework,Version=v4.6.2, .NETFramework,Version=v4.7, .NETFramework,Version=v4.7.1, .NETFramework,Version=v4.7.2, .NETFramework,Version=v4.8, .NETFramework,Version=v4.8.1' instead of the project target framework 'net8.0'. This package may not be fully compatible with your project.
C:\Users\ultra\warewolf\Dev\Dev2.Util\Dev2.Util.csproj : warning NU1701: Package 'TaskSchedulerEditor 2.10.1' was restored using '.NETFramework,Version=v4.6.1, .NETFramework,Version=v4.6.2, .NETFramework,Version=v4.7, .NETFramework,Version=v4.7.1, .NETFramework,Version=v4.7.2, .NETFramework,Version=v4.8, .NETFramework,Version=v4.8.1' instead of the project target framework 'net8.0'. This package may not be fully compatible with your project.
C:\Users\ultra\warewolf\Dev\Warewolf.Storage\Warewolf.Storage.csproj : warning NU1701: Package 'AeroWizard 2.3.1' was restored using '.NETFramework,Version=v4.6.1, .NETFramework,Version=v4.6.2, .NETFramework,Version=v4.7, .NETFramework,Version=v4.7.1, .NETFramework,Version=v4.7.2, .NETFramework,Version=v4.8, .NETFramework,Version=v4.8.1' instead of the project target framework 'net8.0'. This package may not be fully compatible with your project.
C:\Users\ultra\warewolf\Dev\Warewolf.Storage\Warewolf.Storage.csproj : warning NU1701: Package 'GroupControls 1.9.0' was restored using '.NETFramework,Version=v4.6.1, .NETFramework,Version=v4.6.2, .NETFramework,Version=v4.7, .NETFramework,Version=v4.7.1, .NETFramework,Version=v4.7.2, .NETFramework,Version=v4.8, .NETFramework,Version=v4.8.1' instead of the project target framework 'net8.0'. This package may not be fully compatible with your project.
C:\Users\ultra\warewolf\Dev\Warewolf.Storage\Warewolf.Storage.csproj : warning NU1701: Package 'ReactiveUI.WPF 18.4.1' was restored using '.NETFramework,Version=v4.6.1, .NETFramework,Version=v4.6.2, .NETFramework,Version=v4.7, .NETFramework,Version=v4.7.1, .NETFramework,Version=v4.7.2, .NETFramework,Version=v4.8, .NETFramework,Version=v4.8.1' instead of the project target framework 'net8.0'. This package may not be fully compatible with your project.
C:\Users\ultra\warewolf\Dev\Warewolf.Storage\Warewolf.Storage.csproj : warning NU1701: Package 'TaskSchedulerEditor 2.10.1' was restored using '.NETFramework,Version=v4.6.1, .NETFramework,Version=v4.6.2, .NETFramework,Version=v4.7, .NETFramework,Version=v4.7.1, .NETFramework,Version=v4.7.2, .NETFramework,Version=v4.8, .NETFramework,Version=v4.8.1' instead of the project target framework 'net8.0'. This package may not be fully compatible with your project.
C:\Users\ultra\warewolf\Dev\Warewolf.Driver.Persistence\Warewolf.Driver.Persistence.csproj : warning NU1701: Package 'AeroWizard 2.3.1' was restored using '.NETFramework,Version=v4.6.1, .NETFramework,Version=v4.6.2, .NETFramework,Version=v4.7, .NETFramework,Version=v4.7.1, .NETFramework,Version=v4.7.2, .NETFramework,Version=v4.8, .NETFramework,Version=v4.8.1' instead of the project target framework 'net8.0'. This package may not be fully compatible with your project.
C:\Users\ultra\warewolf\Dev\Warewolf.Driver.Persistence\Warewolf.Driver.Persistence.csproj : warning NU1701: Package 'GroupControls 1.9.0' was restored using '.NETFramework,Version=v4.6.1, .NETFramework,Version=v4.6.2, .NETFramework,Version=v4.7, .NETFramework,Version=v4.7.1, .NETFramework,Version=v4.7.2, .NETFramework,Version=v4.8, .NETFramework,Version=v4.8.1' instead of the project target framework 'net8.0'. This package may not be fully compatible with your project.
C:\Users\ultra\warewolf\Dev\Warewolf.Driver.Persistence\Warewolf.Driver.Persistence.csproj : warning NU1701: Package 'ReactiveUI.WPF 18.4.1' was restored using '.NETFramework,Version=v4.6.1, .NETFramework,Version=v4.6.2, .NETFramework,Version=v4.7, .NETFramework,Version=v4.7.1, .NETFramework,Version=v4.7.2, .NETFramework,Version=v4.8, .NETFramework,Version=v4.8.1' instead of the project target framework 'net8.0'. This package may not be fully compatible with your project.
C:\Users\ultra\warewolf\Dev\Warewolf.Driver.Persistence\Warewolf.Driver.Persistence.csproj : warning NU1701: Package 'TaskSchedulerEditor 2.10.1' was restored using '.NETFramework,Version=v4.6.1, .NETFramework,Version=v4.6.2, .NETFramework,Version=v4.7, .NETFramework,Version=v4.7.1, .NETFramework,Version=v4.7.2, .NETFramework,Version=v4.8, .NETFramework,Version=v4.8.1' instead of the project target framework 'net8.0'. This package may not be fully compatible with your project.
C:\Users\ultra\warewolf\Dev\Warewolf.Language.Parser\Warewolf.Language.Parser.fsproj : warning NU1504: Duplicate 'PackageReference' items found. Remove the duplicate items or use the Update functionality to ensure a consistent restore behavior. The duplicate 'PackageReference' items are: FSharp.Core 10.1.201, FSharp.Core 4.6.2.
C:\Users\ultra\warewolf\Dev\Dev2.Runtime.Configuration\Dev2.Runtime.Configuration.csproj : warning NU1903: Package 'Microsoft.Windows.Compatibility' 6.0.0 has a known high severity vulnerability, https://github.com/advisories/GHSA-555c-2p6r-68mm
C:\Users\ultra\warewolf\Dev\Dev2.Runtime.Configuration\Dev2.Runtime.Configuration.csproj : warning NU1701: Package 'AeroWizard 2.3.1' was restored using '.NETFramework,Version=v4.6.1, .NETFramework,Version=v4.6.2, .NETFramework,Version=v4.7, .NETFramework,Version=v4.7.1, .NETFramework,Version=v4.7.2, .NETFramework,Version=v4.8, .NETFramework,Version=v4.8.1' instead of the project target framework 'net8.0'. This package may not be fully compatible with your project.
C:\Users\ultra\warewolf\Dev\Dev2.Runtime.Configuration\Dev2.Runtime.Configuration.csproj : warning NU1701: Package 'GroupControls 1.9.0' was restored using '.NETFramework,Version=v4.6.1, .NETFramework,Version=v4.6.2, .NETFramework,Version=v4.7, .NETFramework,Version=v4.7.1, .NETFramework,Version=v4.7.2, .NETFramework,Version=v4.8, .NETFramework,Version=v4.8.1' instead of the project target framework 'net8.0'. This package may not be fully compatible with your project.
C:\Users\ultra\warewolf\Dev\Dev2.Runtime.Configuration\Dev2.Runtime.Configuration.csproj : warning NU1701: Package 'TaskSchedulerEditor 2.10.1' was restored using '.NETFramework,Version=v4.6.1, .NETFramework,Version=v4.6.2, .NETFramework,Version=v4.7, .NETFramework,Version=v4.7.1, .NETFramework,Version=v4.7.2, .NETFramework,Version=v4.8, .NETFramework,Version=v4.8.1' instead of the project target framework 'net8.0'. This package may not be fully compatible with your project.
C:\Program Files\dotnet\sdk\10.0.201\Sdks\Microsoft.NET.Sdk\targets\Microsoft.NET.Sdk.DefaultItems.targets(162,5): warning NETSDK1137: It is no longer necessary to use the Microsoft.NET.Sdk.WindowsDesktop SDK. Consider changing the Sdk attribute of the root Project element to 'Microsoft.NET.Sdk'. [C:\Users\ultra\warewolf\Dev\Dev2.CustomControls\Dev2.CustomControls.csproj]
C:\Program Files\dotnet\sdk\10.0.201\Sdks\Microsoft.NET.Sdk.WindowsDesktop\targets\Microsoft.NET.Sdk.WindowsDesktop.targets(138,5): warning NETSDK1106: Microsoft.NET.Sdk.WindowsDesktop requires 'UseWpf' or 'UseWindowsForms' to be set to 'true' [C:\Users\ultra\warewolf\Dev\Dev2.CustomControls\Dev2.CustomControls.csproj]
C:\Users\ultra\warewolf\Dev\Dev2.CustomControls\Dev2.CustomControls.csproj : warning NU1903: Package 'Microsoft.Windows.Compatibility' 6.0.0 has a known high severity vulnerability, https://github.com/advisories/GHSA-555c-2p6r-68mm
C:\Users\ultra\warewolf\Dev\Dev2.CustomControls\Dev2.CustomControls.csproj : warning NU1701: Package 'AeroWizard 2.3.1' was restored using '.NETFramework,Version=v4.6.1, .NETFramework,Version=v4.6.2, .NETFramework,Version=v4.7, .NETFramework,Version=v4.7.1, .NETFramework,Version=v4.7.2, .NETFramework,Version=v4.8, .NETFramework,Version=v4.8.1' instead of the project target framework 'net8.0'. This package may not be fully compatible with your project.
C:\Users\ultra\warewolf\Dev\Dev2.CustomControls\Dev2.CustomControls.csproj : warning NU1701: Package 'GroupControls 1.9.0' was restored using '.NETFramework,Version=v4.6.1, .NETFramework,Version=v4.6.2, .NETFramework,Version=v4.7, .NETFramework,Version=v4.7.1, .NETFramework,Version=v4.7.2, .NETFramework,Version=v4.8, .NETFramework,Version=v4.8.1' instead of the project target framework 'net8.0'. This package may not be fully compatible with your project.
C:\Users\ultra\warewolf\Dev\Dev2.CustomControls\Dev2.CustomControls.csproj : warning NU1701: Package 'TaskSchedulerEditor 2.10.1' was restored using '.NETFramework,Version=v4.6.1, .NETFramework,Version=v4.6.2, .NETFramework,Version=v4.7, .NETFramework,Version=v4.7.1, .NETFramework,Version=v4.7.2, .NETFramework,Version=v4.8, .NETFramework,Version=v4.8.1' instead of the project target framework 'net8.0'. This package may not be fully compatible with your project.
C:\Users\ultra\warewolf\Dev\Warewolf.Common.NetStandard20\Warewolf.Common.NetStandard20.csproj : warning NU1701: Package 'AeroWizard 2.3.1' was restored using '.NETFramework,Version=v4.6.1, .NETFramework,Version=v4.6.2, .NETFramework,Version=v4.7, .NETFramework,Version=v4.7.1, .NETFramework,Version=v4.7.2, .NETFramework,Version=v4.8, .NETFramework,Version=v4.8.1' instead of the project target framework 'net8.0'. This package may not be fully compatible with your project.
C:\Users\ultra\warewolf\Dev\Warewolf.Common.NetStandard20\Warewolf.Common.NetStandard20.csproj : warning NU1701: Package 'GroupControls 1.9.0' was restored using '.NETFramework,Version=v4.6.1, .NETFramework,Version=v4.6.2, .NETFramework,Version=v4.7, .NETFramework,Version=v4.7.1, .NETFramework,Version=v4.7.2, .NETFramework,Version=v4.8, .NETFramework,Version=v4.8.1' instead of the project target framework 'net8.0'. This package may not be fully compatible with your project.
C:\Users\ultra\warewolf\Dev\Warewolf.Common.NetStandard20\Warewolf.Common.NetStandard20.csproj : warning NU1701: Package 'ReactiveUI.WPF 18.4.1' was restored using '.NETFramework,Version=v4.6.1, .NETFramework,Version=v4.6.2, .NETFramework,Version=v4.7, .NETFramework,Version=v4.7.1, .NETFramework,Version=v4.7.2, .NETFramework,Version=v4.8, .NETFramework,Version=v4.8.1' instead of the project target framework 'net8.0'. This package may not be fully compatible with your project.
C:\Users\ultra\warewolf\Dev\Warewolf.Common.NetStandard20\Warewolf.Common.NetStandard20.csproj : warning NU1701: Package 'TaskSchedulerEditor 2.10.1' was restored using '.NETFramework,Version=v4.6.1, .NETFramework,Version=v4.6.2, .NETFramework,Version=v4.7, .NETFramework,Version=v4.7.1, .NETFramework,Version=v4.7.2, .NETFramework,Version=v4.8, .NETFramework,Version=v4.8.1' instead of the project target framework 'net8.0'. This package may not be fully compatible with your project.
C:\Users\ultra\warewolf\Dev\Dev2.Development.Languages\Dev2.Development.Languages.csproj : warning NU1701: Package 'AeroWizard 2.3.1' was restored using '.NETFramework,Version=v4.6.1, .NETFramework,Version=v4.6.2, .NETFramework,Version=v4.7, .NETFramework,Version=v4.7.1, .NETFramework,Version=v4.7.2, .NETFramework,Version=v4.8, .NETFramework,Version=v4.8.1' instead of the project target framework 'net8.0'. This package may not be fully compatible with your project.
C:\Users\ultra\warewolf\Dev\Dev2.Development.Languages\Dev2.Development.Languages.csproj : warning NU1701: Package 'GroupControls 1.9.0' was restored using '.NETFramework,Version=v4.6.1, .NETFramework,Version=v4.6.2, .NETFramework,Version=v4.7, .NETFramework,Version=v4.7.1, .NETFramework,Version=v4.7.2, .NETFramework,Version=v4.8, .NETFramework,Version=v4.8.1' instead of the project target framework 'net8.0'. This package may not be fully compatible with your project.
C:\Users\ultra\warewolf\Dev\Dev2.Development.Languages\Dev2.Development.Languages.csproj : warning NU1701: Package 'TaskSchedulerEditor 2.10.1' was restored using '.NETFramework,Version=v4.6.1, .NETFramework,Version=v4.6.2, .NETFramework,Version=v4.7, .NETFramework,Version=v4.7.1, .NETFramework,Version=v4.7.2, .NETFramework,Version=v4.8, .NETFramework,Version=v4.8.1' instead of the project target framework 'net8.0'. This package may not be fully compatible with your project.
C:\Users\ultra\warewolf\Dev\Warewolf.Security\Warewolf.Security.csproj : warning NU1904: Package 'System.Drawing.Common' 4.5.1 has a known critical severity vulnerability, https://github.com/advisories/GHSA-rxg9-xrhp-64gj
C:\Users\ultra\warewolf\Dev\Warewolf.Driver.Serilog\Warewolf.Driver.Serilog.csproj : warning NU1701: Package 'AeroWizard 2.3.1' was restored using '.NETFramework,Version=v4.6.1, .NETFramework,Version=v4.6.2, .NETFramework,Version=v4.7, .NETFramework,Version=v4.7.1, .NETFramework,Version=v4.7.2, .NETFramework,Version=v4.8, .NETFramework,Version=v4.8.1' instead of the project target framework 'net8.0'. This package may not be fully compatible with your project.
C:\Users\ultra\warewolf\Dev\Warewolf.Driver.Serilog\Warewolf.Driver.Serilog.csproj : warning NU1701: Package 'GroupControls 1.9.0' was restored using '.NETFramework,Version=v4.6.1, .NETFramework,Version=v4.6.2, .NETFramework,Version=v4.7, .NETFramework,Version=v4.7.1, .NETFramework,Version=v4.7.2, .NETFramework,Version=v4.8, .NETFramework,Version=v4.8.1' instead of the project target framework 'net8.0'. This package may not be fully compatible with your project.
C:\Users\ultra\warewolf\Dev\Warewolf.Driver.Serilog\Warewolf.Driver.Serilog.csproj : warning NU1701: Package 'ReactiveUI.WPF 18.4.1' was restored using '.NETFramework,Version=v4.6.1, .NETFramework,Version=v4.6.2, .NETFramework,Version=v4.7, .NETFramework,Version=v4.7.1, .NETFramework,Version=v4.7.2, .NETFramework,Version=v4.8, .NETFramework,Version=v4.8.1' instead of the project target framework 'net8.0'. This package may not be fully compatible with your project.
C:\Users\ultra\warewolf\Dev\Warewolf.Driver.Serilog\Warewolf.Driver.Serilog.csproj : warning NU1701: Package 'TaskSchedulerEditor 2.10.1' was restored using '.NETFramework,Version=v4.6.1, .NETFramework,Version=v4.6.2, .NETFramework,Version=v4.7, .NETFramework,Version=v4.7.1, .NETFramework,Version=v4.7.2, .NETFramework,Version=v4.8, .NETFramework,Version=v4.8.1' instead of the project target framework 'net8.0'. This package may not be fully compatible with your project.
C:\Users\ultra\warewolf\Dev\Warewolf.Trigger.Queue\Warewolf.Trigger.Queue.csproj : warning NU1701: Package 'AeroWizard 2.3.1' was restored using '.NETFramework,Version=v4.6.1, .NETFramework,Version=v4.6.2, .NETFramework,Version=v4.7, .NETFramework,Version=v4.7.1, .NETFramework,Version=v4.7.2, .NETFramework,Version=v4.8, .NETFramework,Version=v4.8.1' instead of the project target framework 'net8.0'. This package may not be fully compatible with your project.
C:\Users\ultra\warewolf\Dev\Warewolf.Trigger.Queue\Warewolf.Trigger.Queue.csproj : warning NU1701: Package 'GroupControls 1.9.0' was restored using '.NETFramework,Version=v4.6.1, .NETFramework,Version=v4.6.2, .NETFramework,Version=v4.7, .NETFramework,Version=v4.7.1, .NETFramework,Version=v4.7.2, .NETFramework,Version=v4.8, .NETFramework,Version=v4.8.1' instead of the project target framework 'net8.0'. This package may not be fully compatible with your project.
C:\Users\ultra\warewolf\Dev\Warewolf.Trigger.Queue\Warewolf.Trigger.Queue.csproj : warning NU1701: Package 'Microsoft.Xaml.Behaviors.Wpf 1.1.122' was restored using '.NETFramework,Version=v4.6.1, .NETFramework,Version=v4.6.2, .NETFramework,Version=v4.7, .NETFramework,Version=v4.7.1, .NETFramework,Version=v4.7.2, .NETFramework,Version=v4.8, .NETFramework,Version=v4.8.1' instead of the project target framework 'net8.0'. This package may not be fully compatible with your project.
C:\Users\ultra\warewolf\Dev\Warewolf.Trigger.Queue\Warewolf.Trigger.Queue.csproj : warning NU1701: Package 'Prism.Wpf 9.0.537' was restored using '.NETFramework,Version=v4.6.1, .NETFramework,Version=v4.6.2, .NETFramework,Version=v4.7, .NETFramework,Version=v4.7.1, .NETFramework,Version=v4.7.2, .NETFramework,Version=v4.8, .NETFramework,Version=v4.8.1' instead of the project target framework 'net8.0'. This package may not be fully compatible with your project.
C:\Users\ultra\warewolf\Dev\Warewolf.Trigger.Queue\Warewolf.Trigger.Queue.csproj : warning NU1701: Package 'ReactiveUI.WPF 18.4.1' was restored using '.NETFramework,Version=v4.6.1, .NETFramework,Version=v4.6.2, .NETFramework,Version=v4.7, .NETFramework,Version=v4.7.1, .NETFramework,Version=v4.7.2, .NETFramework,Version=v4.8, .NETFramework,Version=v4.8.1' instead of the project target framework 'net8.0'. This package may not be fully compatible with your project.
C:\Users\ultra\warewolf\Dev\Warewolf.Trigger.Queue\Warewolf.Trigger.Queue.csproj : warning NU1701: Package 'TaskSchedulerEditor 2.10.1' was restored using '.NETFramework,Version=v4.6.1, .NETFramework,Version=v4.6.2, .NETFramework,Version=v4.7, .NETFramework,Version=v4.7.1, .NETFramework,Version=v4.7.2, .NETFramework,Version=v4.8, .NETFramework,Version=v4.8.1' instead of the project target framework 'net8.0'. This package may not be fully compatible with your project.
  Log4Net.Async -> C:\Users\ultra\warewolf\Dev\Log4Net.Async\bin\Debug\net8.0\Log4Net.Async.dll
C:\Users\ultra\warewolf\Dev\Warewolf.AI.Harness\Warewolf.AI.Harness.csproj : warning NU1701: Package 'AeroWizard 2.3.1' was restored using '.NETFramework,Version=v4.6.1, .NETFramework,Version=v4.6.2, .NETFramework,Version=v4.7, .NETFramework,Version=v4.7.1, .NETFramework,Version=v4.7.2, .NETFramework,Version=v4.8, .NETFramework,Version=v4.8.1' instead of the project target framework 'net8.0'. This package may not be fully compatible with your project.
C:\Users\ultra\warewolf\Dev\Warewolf.AI.Harness\Warewolf.AI.Harness.csproj : warning NU1701: Package 'GroupControls 1.9.0' was restored using '.NETFramework,Version=v4.6.1, .NETFramework,Version=v4.6.2, .NETFramework,Version=v4.7, .NETFramework,Version=v4.7.1, .NETFramework,Version=v4.7.2, .NETFramework,Version=v4.8, .NETFramework,Version=v4.8.1' instead of the project target framework 'net8.0'. This package may not be fully compatible with your project.
C:\Users\ultra\warewolf\Dev\Warewolf.AI.Harness\Warewolf.AI.Harness.csproj : warning NU1701: Package 'TaskSchedulerEditor 2.10.1' was restored using '.NETFramework,Version=v4.6.1, .NETFramework,Version=v4.6.2, .NETFramework,Version=v4.7, .NETFramework,Version=v4.7.1, .NETFramework,Version=v4.7.2, .NETFramework,Version=v4.8, .NETFramework,Version=v4.8.1' instead of the project target framework 'net8.0'. This package may not be fully compatible with your project.
C:\Users\ultra\warewolf\Dev\Dev2.Runtime.WebServer\Dev2.Runtime.WebServer.csproj : warning NU1902: Package 'System.IdentityModel.Tokens.Jwt' 5.1.0 has a known moderate severity vulnerability, https://github.com/advisories/GHSA-59j7-ghrg-fj52
C:\Users\ultra\warewolf\Dev\Dev2.Runtime.WebServer\Dev2.Runtime.WebServer.csproj : warning NU1701: Package 'AeroWizard 2.3.1' was restored using '.NETFramework,Version=v4.6.1, .NETFramework,Version=v4.6.2, .NETFramework,Version=v4.7, .NETFramework,Version=v4.7.1, .NETFramework,Version=v4.7.2, .NETFramework,Version=v4.8, .NETFramework,Version=v4.8.1' instead of the project target framework 'net8.0'. This package may not be fully compatible with your project.
C:\Users\ultra\warewolf\Dev\Dev2.Runtime.WebServer\Dev2.Runtime.WebServer.csproj : warning NU1701: Package 'GroupControls 1.9.0' was restored using '.NETFramework,Version=v4.6.1, .NETFramework,Version=v4.6.2, .NETFramework,Version=v4.7, .NETFramework,Version=v4.7.1, .NETFramework,Version=v4.7.2, .NETFramework,Version=v4.8, .NETFramework,Version=v4.8.1' instead of the project target framework 'net8.0'. This package may not be fully compatible with your project.
C:\Users\ultra\warewolf\Dev\Dev2.Runtime.WebServer\Dev2.Runtime.WebServer.csproj : warning NU1701: Package 'Microsoft.Xaml.Behaviors.Wpf 1.1.122' was restored using '.NETFramework,Version=v4.6.1, .NETFramework,Version=v4.6.2, .NETFramework,Version=v4.7, .NETFramework,Version=v4.7.1, .NETFramework,Version=v4.7.2, .NETFramework,Version=v4.8, .NETFramework,Version=v4.8.1' instead of the project target framework 'net8.0'. This package may not be fully compatible with your project.
C:\Users\ultra\warewolf\Dev\Dev2.Runtime.WebServer\Dev2.Runtime.WebServer.csproj : warning NU1701: Package 'Prism.Wpf 9.0.537' was restored using '.NETFramework,Version=v4.6.1, .NETFramework,Version=v4.6.2, .NETFramework,Version=v4.7, .NETFramework,Version=v4.7.1, .NETFramework,Version=v4.7.2, .NETFramework,Version=v4.8, .NETFramework,Version=v4.8.1' instead of the project target framework 'net8.0'. This package may not be fully compatible with your project.
C:\Users\ultra\warewolf\Dev\Dev2.Runtime.WebServer\Dev2.Runtime.WebServer.csproj : warning NU1701: Package 'ReactiveUI.WPF 18.4.1' was restored using '.NETFramework,Version=v4.6.1, .NETFramework,Version=v4.6.2, .NETFramework,Version=v4.7, .NETFramework,Version=v4.7.1, .NETFramework,Version=v4.7.2, .NETFramework,Version=v4.8, .NETFramework,Version=v4.8.1' instead of the project target framework 'net8.0'. This package may not be fully compatible with your project.
C:\Users\ultra\warewolf\Dev\Dev2.Runtime.WebServer\Dev2.Runtime.WebServer.csproj : warning NU1701: Package 'TaskSchedulerEditor 2.10.1' was restored using '.NETFramework,Version=v4.6.1, .NETFramework,Version=v4.6.2, .NETFramework,Version=v4.7, .NETFramework,Version=v4.7.1, .NETFramework,Version=v4.7.2, .NETFramework,Version=v4.8, .NETFramework,Version=v4.8.1' instead of the project target framework 'net8.0'. This package may not be fully compatible with your project.
C:\Users\ultra\warewolf\Dev\Warewolf.Core\Warewolf.Core.csproj : warning NU1903: Package 'Microsoft.Windows.Compatibility' 6.0.0 has a known high severity vulnerability, https://github.com/advisories/GHSA-555c-2p6r-68mm
C:\Users\ultra\warewolf\Dev\Warewolf.Exchange.Email.Wrapper\Warewolf.Exchange.Email.Wrapper.csproj : warning NU1701: Package 'AeroWizard 2.3.1' was restored using '.NETFramework,Version=v4.6.1, .NETFramework,Version=v4.6.2, .NETFramework,Version=v4.7, .NETFramework,Version=v4.7.1, .NETFramework,Version=v4.7.2, .NETFramework,Version=v4.8, .NETFramework,Version=v4.8.1' instead of the project target framework 'net8.0'. This package may not be fully compatible with your project.
C:\Users\ultra\warewolf\Dev\Warewolf.Core\Warewolf.Core.csproj : warning NU1701: Package 'AeroWizard 2.3.1' was restored using '.NETFramework,Version=v4.6.1, .NETFramework,Version=v4.6.2, .NETFramework,Version=v4.7, .NETFramework,Version=v4.7.1, .NETFramework,Version=v4.7.2, .NETFramework,Version=v4.8, .NETFramework,Version=v4.8.1' instead of the project target framework 'net8.0'. This package may not be fully compatible with your project.
C:\Users\ultra\warewolf\Dev\Warewolf.Core\Warewolf.Core.csproj : warning NU1701: Package 'GroupControls 1.9.0' was restored using '.NETFramework,Version=v4.6.1, .NETFramework,Version=v4.6.2, .NETFramework,Version=v4.7, .NETFramework,Version=v4.7.1, .NETFramework,Version=v4.7.2, .NETFramework,Version=v4.8, .NETFramework,Version=v4.8.1' instead of the project target framework 'net8.0'. This package may not be fully compatible with your project.
C:\Users\ultra\warewolf\Dev\Warewolf.Exchange.Email.Wrapper\Warewolf.Exchange.Email.Wrapper.csproj : warning NU1701: Package 'GroupControls 1.9.0' was restored using '.NETFramework,Version=v4.6.1, .NETFramework,Version=v4.6.2, .NETFramework,Version=v4.7, .NETFramework,Version=v4.7.1, .NETFramework,Version=v4.7.2, .NETFramework,Version=v4.8, .NETFramework,Version=v4.8.1' instead of the project target framework 'net8.0'. This package may not be fully compatible with your project.
C:\Users\ultra\warewolf\Dev\Warewolf.Core\Warewolf.Core.csproj : warning NU1701: Package 'ReactiveUI.WPF 18.4.1' was restored using '.NETFramework,Version=v4.6.1, .NETFramework,Version=v4.6.2, .NETFramework,Version=v4.7, .NETFramework,Version=v4.7.1, .NETFramework,Version=v4.7.2, .NETFramework,Version=v4.8, .NETFramework,Version=v4.8.1' instead of the project target framework 'net8.0'. This package may not be fully compatible with your project.
C:\Users\ultra\warewolf\Dev\Warewolf.Exchange.Email.Wrapper\Warewolf.Exchange.Email.Wrapper.csproj : warning NU1701: Package 'ReactiveUI.WPF 18.4.1' was restored using '.NETFramework,Version=v4.6.1, .NETFramework,Version=v4.6.2, .NETFramework,Version=v4.7, .NETFramework,Version=v4.7.1, .NETFramework,Version=v4.7.2, .NETFramework,Version=v4.8, .NETFramework,Version=v4.8.1' instead of the project target framework 'net8.0'. This package may not be fully compatible with your project.
C:\Users\ultra\warewolf\Dev\Warewolf.Core\Warewolf.Core.csproj : warning NU1701: Package 'TaskSchedulerEditor 2.10.1' was restored using '.NETFramework,Version=v4.6.1, .NETFramework,Version=v4.6.2, .NETFramework,Version=v4.7, .NETFramework,Version=v4.7.1, .NETFramework,Version=v4.7.2, .NETFramework,Version=v4.8, .NETFramework,Version=v4.8.1' instead of the project target framework 'net8.0'. This package may not be fully compatible with your project.
C:\Users\ultra\warewolf\Dev\Warewolf.Exchange.Email.Wrapper\Warewolf.Exchange.Email.Wrapper.csproj : warning NU1701: Package 'TaskSchedulerEditor 2.10.1' was restored using '.NETFramework,Version=v4.6.1, .NETFramework,Version=v4.6.2, .NETFramework,Version=v4.7, .NETFramework,Version=v4.7.1, .NETFramework,Version=v4.7.2, .NETFramework,Version=v4.8, .NETFramework,Version=v4.8.1' instead of the project target framework 'net8.0'. This package may not be fully compatible with your project.
C:\Users\ultra\warewolf\Dev\Dev2.SignalR.Wrappers.New\Dev2.SignalR.Wrappers.New.csproj : warning NU1701: Package 'AeroWizard 2.3.1' was restored using '.NETFramework,Version=v4.6.1, .NETFramework,Version=v4.6.2, .NETFramework,Version=v4.7, .NETFramework,Version=v4.7.1, .NETFramework,Version=v4.7.2, .NETFramework,Version=v4.8, .NETFramework,Version=v4.8.1' instead of the project target framework 'net8.0'. This package may not be fully compatible with your project.
C:\Users\ultra\warewolf\Dev\Dev2.SignalR.Wrappers.New\Dev2.SignalR.Wrappers.New.csproj : warning NU1701: Package 'GroupControls 1.9.0' was restored using '.NETFramework,Version=v4.6.1, .NETFramework,Version=v4.6.2, .NETFramework,Version=v4.7, .NETFramework,Version=v4.7.1, .NETFramework,Version=v4.7.2, .NETFramework,Version=v4.8, .NETFramework,Version=v4.8.1' instead of the project target framework 'net8.0'. This package may not be fully compatible with your project.
C:\Users\ultra\warewolf\Dev\Dev2.SignalR.Wrappers.New\Dev2.SignalR.Wrappers.New.csproj : warning NU1701: Package 'ReactiveUI.WPF 18.4.1' was restored using '.NETFramework,Version=v4.6.1, .NETFramework,Version=v4.6.2, .NETFramework,Version=v4.7, .NETFramework,Version=v4.7.1, .NETFramework,Version=v4.7.2, .NETFramework,Version=v4.8, .NETFramework,Version=v4.8.1' instead of the project target framework 'net8.0'. This package may not be fully compatible with your project.
C:\Users\ultra\warewolf\Dev\Dev2.SignalR.Wrappers.New\Dev2.SignalR.Wrappers.New.csproj : warning NU1701: Package 'TaskSchedulerEditor 2.10.1' was restored using '.NETFramework,Version=v4.6.1, .NETFramework,Version=v4.6.2, .NETFramework,Version=v4.7, .NETFramework,Version=v4.7.1, .NETFramework,Version=v4.7.2, .NETFramework,Version=v4.8, .NETFramework,Version=v4.8.1' instead of the project target framework 'net8.0'. This package may not be fully compatible with your project.
C:\Users\ultra\warewolf\Dev\Warewolf.Common.Framework48\Warewolf.Common.Framework48.csproj : warning NU1902: Package 'System.IdentityModel.Tokens.Jwt' 5.1.0 has a known moderate severity vulnerability, https://github.com/advisories/GHSA-59j7-ghrg-fj52
C:\Users\ultra\warewolf\Dev\Warewolf.Common.Framework48\Warewolf.Common.Framework48.csproj : warning NU1701: Package 'AeroWizard 2.3.1' was restored using '.NETFramework,Version=v4.6.1, .NETFramework,Version=v4.6.2, .NETFramework,Version=v4.7, .NETFramework,Version=v4.7.1, .NETFramework,Version=v4.7.2, .NETFramework,Version=v4.8, .NETFramework,Version=v4.8.1' instead of the project target framework 'net8.0'. This package may not be fully compatible with your project.
C:\Users\ultra\warewolf\Dev\Warewolf.Common.Framework48\Warewolf.Common.Framework48.csproj : warning NU1701: Package 'GroupControls 1.9.0' was restored using '.NETFramework,Version=v4.6.1, .NETFramework,Version=v4.6.2, .NETFramework,Version=v4.7, .NETFramework,Version=v4.7.1, .NETFramework,Version=v4.7.2, .NETFramework,Version=v4.8, .NETFramework,Version=v4.8.1' instead of the project target framework 'net8.0'. This package may not be fully compatible with your project.
C:\Users\ultra\warewolf\Dev\Warewolf.Common.Framework48\Warewolf.Common.Framework48.csproj : warning NU1701: Package 'Microsoft.Xaml.Behaviors.Wpf 1.1.122' was restored using '.NETFramework,Version=v4.6.1, .NETFramework,Version=v4.6.2, .NETFramework,Version=v4.7, .NETFramework,Version=v4.7.1, .NETFramework,Version=v4.7.2, .NETFramework,Version=v4.8, .NETFramework,Version=v4.8.1' instead of the project target framework 'net8.0'. This package may not be fully compatible with your project.
C:\Users\ultra\warewolf\Dev\Warewolf.Common.Framework48\Warewolf.Common.Framework48.csproj : warning NU1701: Package 'Prism.Wpf 9.0.537' was restored using '.NETFramework,Version=v4.6.1, .NETFramework,Version=v4.6.2, .NETFramework,Version=v4.7, .NETFramework,Version=v4.7.1, .NETFramework,Version=v4.7.2, .NETFramework,Version=v4.8, .NETFramework,Version=v4.8.1' instead of the project target framework 'net8.0'. This package may not be fully compatible with your project.
C:\Users\ultra\warewolf\Dev\Warewolf.Common.Framework48\Warewolf.Common.Framework48.csproj : warning NU1701: Package 'ReactiveUI.WPF 18.4.1' was restored using '.NETFramework,Version=v4.6.1, .NETFramework,Version=v4.6.2, .NETFramework,Version=v4.7, .NETFramework,Version=v4.7.1, .NETFramework,Version=v4.7.2, .NETFramework,Version=v4.8, .NETFramework,Version=v4.8.1' instead of the project target framework 'net8.0'. This package may not be fully compatible with your project.
C:\Users\ultra\warewolf\Dev\Warewolf.Common.Framework48\Warewolf.Common.Framework48.csproj : warning NU1701: Package 'TaskSchedulerEditor 2.10.1' was restored using '.NETFramework,Version=v4.6.1, .NETFramework,Version=v4.6.2, .NETFramework,Version=v4.7, .NETFramework,Version=v4.7.1, .NETFramework,Version=v4.7.2, .NETFramework,Version=v4.8, .NETFramework,Version=v4.8.1' instead of the project target framework 'net8.0'. This package may not be fully compatible with your project.
  SpecFlowFeatureFiles: 
  -> Using default config
  SpecFlowGeneratedFiles: 
C:\Users\ultra\warewolf\Dev\Dev2.Diagnostics.Tests\Dev2.Diagnostics.Tests.csproj : warning NU1701: Package 'AeroWizard 2.3.1' was restored using '.NETFramework,Version=v4.6.1, .NETFramework,Version=v4.6.2, .NETFramework,Version=v4.7, .NETFramework,Version=v4.7.1, .NETFramework,Version=v4.7.2, .NETFramework,Version=v4.8, .NETFramework,Version=v4.8.1' instead of the project target framework 'net8.0'. This package may not be fully compatible with your project.
C:\Users\ultra\warewolf\Dev\Dev2.Diagnostics.Tests\Dev2.Diagnostics.Tests.csproj : warning NU1701: Package 'GroupControls 1.9.0' was restored using '.NETFramework,Version=v4.6.1, .NETFramework,Version=v4.6.2, .NETFramework,Version=v4.7, .NETFramework,Version=v4.7.1, .NETFramework,Version=v4.7.2, .NETFramework,Version=v4.8, .NETFramework,Version=v4.8.1' instead of the project target framework 'net8.0'. This package may not be fully compatible with your project.
C:\Users\ultra\warewolf\Dev\Dev2.Diagnostics.Tests\Dev2.Diagnostics.Tests.csproj : warning NU1701: Package 'Microsoft.Xaml.Behaviors.Wpf 1.1.122' was restored using '.NETFramework,Version=v4.6.1, .NETFramework,Version=v4.6.2, .NETFramework,Version=v4.7, .NETFramework,Version=v4.7.1, .NETFramework,Version=v4.7.2, .NETFramework,Version=v4.8, .NETFramework,Version=v4.8.1' instead of the project target framework 'net8.0'. This package may not be fully compatible with your project.
C:\Users\ultra\warewolf\Dev\Dev2.Diagnostics.Tests\Dev2.Diagnostics.Tests.csproj : warning NU1701: Package 'Prism.Wpf 9.0.537' was restored using '.NETFramework,Version=v4.6.1, .NETFramework,Version=v4.6.2, .NETFramework,Version=v4.7, .NETFramework,Version=v4.7.1, .NETFramework,Version=v4.7.2, .NETFramework,Version=v4.8, .NETFramework,Version=v4.8.1' instead of the project target framework 'net8.0'. This package may not be fully compatible with your project.
C:\Users\ultra\warewolf\Dev\Dev2.Diagnostics.Tests\Dev2.Diagnostics.Tests.csproj : warning NU1701: Package 'ReactiveUI.WPF 18.4.1' was restored using '.NETFramework,Version=v4.6.1, .NETFramework,Version=v4.6.2, .NETFramework,Version=v4.7, .NETFramework,Version=v4.7.1, .NETFramework,Version=v4.7.2, .NETFramework,Version=v4.8, .NETFramework,Version=v4.8.1' instead of the project target framework 'net8.0'. This package may not be fully compatible with your project.
C:\Users\ultra\warewolf\Dev\Dev2.Diagnostics.Tests\Dev2.Diagnostics.Tests.csproj : warning NU1701: Package 'TaskSchedulerEditor 2.10.1' was restored using '.NETFramework,Version=v4.6.1, .NETFramework,Version=v4.6.2, .NETFramework,Version=v4.7, .NETFramework,Version=v4.7.1, .NETFramework,Version=v4.7.2, .NETFramework,Version=v4.8, .NETFramework,Version=v4.8.1' instead of the project target framework 'net8.0'. This package may not be fully compatible with your project.
C:\Users\ultra\warewolf\Dev\Warewolf.ResourceManagement\Warewolf.ResourceManagement.csproj : warning NU1701: Package 'AeroWizard 2.3.1' was restored using '.NETFramework,Version=v4.6.1, .NETFramework,Version=v4.6.2, .NETFramework,Version=v4.7, .NETFramework,Version=v4.7.1, .NETFramework,Version=v4.7.2, .NETFramework,Version=v4.8, .NETFramework,Version=v4.8.1' instead of the project target framework 'net8.0'. This package may not be fully compatible with your project.
C:\Users\ultra\warewolf\Dev\Warewolf.ResourceManagement\Warewolf.ResourceManagement.csproj : warning NU1701: Package 'GroupControls 1.9.0' was restored using '.NETFramework,Version=v4.6.1, .NETFramework,Version=v4.6.2, .NETFramework,Version=v4.7, .NETFramework,Version=v4.7.1, .NETFramework,Version=v4.7.2, .NETFramework,Version=v4.8, .NETFramework,Version=v4.8.1' instead of the project target framework 'net8.0'. This package may not be fully compatible with your project.
C:\Users\ultra\warewolf\Dev\Warewolf.ResourceManagement\Warewolf.ResourceManagement.csproj : warning NU1701: Package 'ReactiveUI.WPF 18.4.1' was restored using '.NETFramework,Version=v4.6.1, .NETFramework,Version=v4.6.2, .NETFramework,Version=v4.7, .NETFramework,Version=v4.7.1, .NETFramework,Version=v4.7.2, .NETFramework,Version=v4.8, .NETFramework,Version=v4.8.1' instead of the project target framework 'net8.0'. This package may not be fully compatible with your project.
C:\Users\ultra\warewolf\Dev\Warewolf.ResourceManagement\Warewolf.ResourceManagement.csproj : warning NU1701: Package 'TaskSchedulerEditor 2.10.1' was restored using '.NETFramework,Version=v4.6.1, .NETFramework,Version=v4.6.2, .NETFramework,Version=v4.7, .NETFramework,Version=v4.7.1, .NETFramework,Version=v4.7.2, .NETFramework,Version=v4.8, .NETFramework,Version=v4.8.1' instead of the project target framework 'net8.0'. This package may not be fully compatible with your project.
C:\Users\ultra\warewolf\Dev\Dev2.Intellisense\Dev2.Intellisense.csproj : warning NU1701: Package 'AeroWizard 2.3.1' was restored using '.NETFramework,Version=v4.6.1, .NETFramework,Version=v4.6.2, .NETFramework,Version=v4.7, .NETFramework,Version=v4.7.1, .NETFramework,Version=v4.7.2, .NETFramework,Version=v4.8, .NETFramework,Version=v4.8.1' instead of the project target framework 'net8.0'. This package may not be fully compatible with your project.
C:\Users\ultra\warewolf\Dev\Dev2.Intellisense\Dev2.Intellisense.csproj : warning NU1701: Package 'GroupControls 1.9.0' was restored using '.NETFramework,Version=v4.6.1, .NETFramework,Version=v4.6.2, .NETFramework,Version=v4.7, .NETFramework,Version=v4.7.1, .NETFramework,Version=v4.7.2, .NETFramework,Version=v4.8, .NETFramework,Version=v4.8.1' instead of the project target framework 'net8.0'. This package may not be fully compatible with your project.
C:\Users\ultra\warewolf\Dev\Dev2.Intellisense\Dev2.Intellisense.csproj : warning NU1701: Package 'Microsoft.Xaml.Behaviors.Wpf 1.1.122' was restored using '.NETFramework,Version=v4.6.1, .NETFramework,Version=v4.6.2, .NETFramework,Version=v4.7, .NETFramework,Version=v4.7.1, .NETFramework,Version=v4.7.2, .NETFramework,Version=v4.8, .NETFramework,Version=v4.8.1' instead of the project target framework 'net8.0'. This package may not be fully compatible with your project.
C:\Users\ultra\warewolf\Dev\Dev2.Intellisense\Dev2.Intellisense.csproj : warning NU1701: Package 'Prism.Wpf 9.0.537' was restored using '.NETFramework,Version=v4.6.1, .NETFramework,Version=v4.6.2, .NETFramework,Version=v4.7, .NETFramework,Version=v4.7.1, .NETFramework,Version=v4.7.2, .NETFramework,Version=v4.8, .NETFramework,Version=v4.8.1' instead of the project target framework 'net8.0'. This package may not be fully compatible with your project.
C:\Users\ultra\warewolf\Dev\Dev2.Intellisense\Dev2.Intellisense.csproj : warning NU1701: Package 'ReactiveUI.WPF 18.4.1' was restored using '.NETFramework,Version=v4.6.1, .NETFramework,Version=v4.6.2, .NETFramework,Version=v4.7, .NETFramework,Version=v4.7.1, .NETFramework,Version=v4.7.2, .NETFramework,Version=v4.8, .NETFramework,Version=v4.8.1' instead of the project target framework 'net8.0'. This package may not be fully compatible with your project.
C:\Users\ultra\warewolf\Dev\Dev2.Intellisense\Dev2.Intellisense.csproj : warning NU1701: Package 'TaskSchedulerEditor 2.10.1' was restored using '.NETFramework,Version=v4.6.1, .NETFramework,Version=v4.6.2, .NETFramework,Version=v4.7, .NETFramework,Version=v4.7.1, .NETFramework,Version=v4.7.2, .NETFramework,Version=v4.8, .NETFramework,Version=v4.8.1' instead of the project target framework 'net8.0'. This package may not be fully compatible with your project.
  Warewolf.TestingDotnetDllCascading -> C:\Users\ultra\warewolf\Dev\Warewolf.TestingDotnetDllCascading\bin\Debug\net8.0\Warewolf.TestingDotnetDllCascading.dll
  ConsoleAppToTestExecuteCommandLineActivity -> C:\Users\ultra\warewolf\Dev\ConsoleAppToTestExecuteCommandLineActivity\bin\Debug\net8.0\linux-x64\ConsoleAppToTestExecuteCommandLineActivity.dll
  Dev2.UnitTestUtils -> C:\Users\ultra\warewolf\Dev\Dev2.UnitTestUtils\bin\Debug\net8.0\Dev2.UnitTestUtils.dll
C:\Program Files\dotnet\sdk\10.0.201\Sdks\Microsoft.NET.Sdk\targets\Microsoft.NET.Sdk.DefaultItems.targets(162,5): warning NETSDK1137: It is no longer necessary to use the Microsoft.NET.Sdk.WindowsDesktop SDK. Consider changing the Sdk attribute of the root Project element to 'Microsoft.NET.Sdk'. [C:\Users\ultra\warewolf\Dev\Warewolf.UI\Warewolf.UI.csproj]
C:\Program Files\dotnet\sdk\10.0.201\Sdks\Microsoft.NET.Sdk.WindowsDesktop\targets\Microsoft.NET.Sdk.WindowsDesktop.targets(138,5): warning NETSDK1106: Microsoft.NET.Sdk.WindowsDesktop requires 'UseWpf' or 'UseWindowsForms' to be set to 'true' [C:\Users\ultra\warewolf\Dev\Warewolf.UI\Warewolf.UI.csproj]
C:\Users\ultra\warewolf\Dev\Dev2.Runtime.Configuration.Tests\Dev2.Runtime.Configuration.Tests.csproj : warning NU1701: Package 'AeroWizard 2.3.1' was restored using '.NETFramework,Version=v4.6.1, .NETFramework,Version=v4.6.2, .NETFramework,Version=v4.7, .NETFramework,Version=v4.7.1, .NETFramework,Version=v4.7.2, .NETFramework,Version=v4.8, .NETFramework,Version=v4.8.1' instead of the project target framework 'net8.0'. This package may not be fully compatible with your project.
C:\Users\ultra\warewolf\Dev\Dev2.Runtime.Configuration.Tests\Dev2.Runtime.Configuration.Tests.csproj : warning NU1701: Package 'GroupControls 1.9.0' was restored using '.NETFramework,Version=v4.6.1, .NETFramework,Version=v4.6.2, .NETFramework,Version=v4.7, .NETFramework,Version=v4.7.1, .NETFramework,Version=v4.7.2, .NETFramework,Version=v4.8, .NETFramework,Version=v4.8.1' instead of the project target framework 'net8.0'. This package may not be fully compatible with your project.
C:\Users\ultra\warewolf\Dev\Dev2.Runtime.Configuration.Tests\Dev2.Runtime.Configuration.Tests.csproj : warning NU1701: Package 'TaskSchedulerEditor 2.10.1' was restored using '.NETFramework,Version=v4.6.1, .NETFramework,Version=v4.6.2, .NETFramework,Version=v4.7, .NETFramework,Version=v4.7.1, .NETFramework,Version=v4.7.2, .NETFramework,Version=v4.8, .NETFramework,Version=v4.8.1' instead of the project target framework 'net8.0'. This package may not be fully compatible with your project.
C:\Users\ultra\warewolf\Dev\Warewolf.UI\Warewolf.UI.csproj : warning NU1701: Package 'AeroWizard 2.3.1' was restored using '.NETFramework,Version=v4.6.1, .NETFramework,Version=v4.6.2, .NETFramework,Version=v4.7, .NETFramework,Version=v4.7.1, .NETFramework,Version=v4.7.2, .NETFramework,Version=v4.8, .NETFramework,Version=v4.8.1' instead of the project target framework 'net8.0'. This package may not be fully compatible with your project.
C:\Users\ultra\warewolf\Dev\Warewolf.UI\Warewolf.UI.csproj : warning NU1701: Package 'GroupControls 1.9.0' was restored using '.NETFramework,Version=v4.6.1, .NETFramework,Version=v4.6.2, .NETFramework,Version=v4.7, .NETFramework,Version=v4.7.1, .NETFramework,Version=v4.7.2, .NETFramework,Version=v4.8, .NETFramework,Version=v4.8.1' instead of the project target framework 'net8.0'. This package may not be fully compatible with your project.
C:\Users\ultra\warewolf\Dev\Warewolf.UI\Warewolf.UI.csproj : warning NU1701: Package 'Microsoft.Xaml.Behaviors.Wpf 1.1.122' was restored using '.NETFramework,Version=v4.6.1, .NETFramework,Version=v4.6.2, .NETFramework,Version=v4.7, .NETFramework,Version=v4.7.1, .NETFramework,Version=v4.7.2, .NETFramework,Version=v4.8, .NETFramework,Version=v4.8.1' instead of the project target framework 'net8.0'. This package may not be fully compatible with your project.
C:\Users\ultra\warewolf\Dev\Warewolf.UI\Warewolf.UI.csproj : warning NU1701: Package 'Prism.Wpf 9.0.537' was restored using '.NETFramework,Version=v4.6.1, .NETFramework,Version=v4.6.2, .NETFramework,Version=v4.7, .NETFramework,Version=v4.7.1, .NETFramework,Version=v4.7.2, .NETFramework,Version=v4.8, .NETFramework,Version=v4.8.1' instead of the project target framework 'net8.0'. This package may not be fully compatible with your project.
C:\Users\ultra\warewolf\Dev\Warewolf.UI\Warewolf.UI.csproj : warning NU1701: Package 'ReactiveUI.WPF 18.4.1' was restored using '.NETFramework,Version=v4.6.1, .NETFramework,Version=v4.6.2, .NETFramework,Version=v4.7, .NETFramework,Version=v4.7.1, .NETFramework,Version=v4.7.2, .NETFramework,Version=v4.8, .NETFramework,Version=v4.8.1' instead of the project target framework 'net8.0'. This package may not be fully compatible with your project.
C:\Users\ultra\warewolf\Dev\Warewolf.UI\Warewolf.UI.csproj : warning NU1701: Package 'TaskSchedulerEditor 2.10.1' was restored using '.NETFramework,Version=v4.6.1, .NETFramework,Version=v4.6.2, .NETFramework,Version=v4.7, .NETFramework,Version=v4.7.1, .NETFramework,Version=v4.7.2, .NETFramework,Version=v4.8, .NETFramework,Version=v4.8.1' instead of the project target framework 'net8.0'. This package may not be fully compatible with your project.
C:\Users\ultra\warewolf\Dev\Warewolf.HangfireServer\Warewolf.HangfireServer.csproj : warning NU1903: Package 'Microsoft.Windows.Compatibility' 6.0.0 has a known high severity vulnerability, https://github.com/advisories/GHSA-555c-2p6r-68mm
C:\Users\ultra\warewolf\Dev\Warewolf.HangfireServer\Warewolf.HangfireServer.csproj : warning NU1701: Package 'AeroWizard 2.3.1' was restored using '.NETFramework,Version=v4.6.1, .NETFramework,Version=v4.6.2, .NETFramework,Version=v4.7, .NETFramework,Version=v4.7.1, .NETFramework,Version=v4.7.2, .NETFramework,Version=v4.8, .NETFramework,Version=v4.8.1' instead of the project target framework 'net8.0'. This package may not be fully compatible with your project.
C:\Users\ultra\warewolf\Dev\Warewolf.HangfireServer\Warewolf.HangfireServer.csproj : warning NU1701: Package 'GroupControls 1.9.0' was restored using '.NETFramework,Version=v4.6.1, .NETFramework,Version=v4.6.2, .NETFramework,Version=v4.7, .NETFramework,Version=v4.7.1, .NETFramework,Version=v4.7.2, .NETFramework,Version=v4.8, .NETFramework,Version=v4.8.1' instead of the project target framework 'net8.0'. This package may not be fully compatible with your project.
C:\Users\ultra\warewolf\Dev\Warewolf.HangfireServer\Warewolf.HangfireServer.csproj : warning NU1701: Package 'ReactiveUI.WPF 18.4.1' was restored using '.NETFramework,Version=v4.6.1, .NETFramework,Version=v4.6.2, .NETFramework,Version=v4.7, .NETFramework,Version=v4.7.1, .NETFramework,Version=v4.7.2, .NETFramework,Version=v4.8, .NETFramework,Version=v4.8.1' instead of the project target framework 'net8.0'. This package may not be fully compatible with your project.
C:\Users\ultra\warewolf\Dev\Warewolf.HangfireServer\Warewolf.HangfireServer.csproj : warning NU1701: Package 'TaskSchedulerEditor 2.10.1' was restored using '.NETFramework,Version=v4.6.1, .NETFramework,Version=v4.6.2, .NETFramework,Version=v4.7, .NETFramework,Version=v4.7.1, .NETFramework,Version=v4.7.2, .NETFramework,Version=v4.8, .NETFramework,Version=v4.8.1' instead of the project target framework 'net8.0'. This package may not be fully compatible with your project.
C:\Program Files\dotnet\sdk\10.0.201\Sdks\Microsoft.NET.Sdk\targets\Microsoft.NET.Sdk.DefaultItems.targets(162,5): warning NETSDK1137: It is no longer necessary to use the Microsoft.NET.Sdk.WindowsDesktop SDK. Consider changing the Sdk attribute of the root Project element to 'Microsoft.NET.Sdk'. [C:\Users\ultra\warewolf\Dev\Dev2.Activities.Designers\Dev2.Activities.Designers.csproj]
C:\Program Files\dotnet\sdk\10.0.201\Sdks\Microsoft.NET.Sdk.WindowsDesktop\targets\Microsoft.NET.Sdk.WindowsDesktop.targets(138,5): warning NETSDK1106: Microsoft.NET.Sdk.WindowsDesktop requires 'UseWpf' or 'UseWindowsForms' to be set to 'true' [C:\Users\ultra\warewolf\Dev\Dev2.Activities.Designers\Dev2.Activities.Designers.csproj]
C:\Users\ultra\warewolf\Dev\Dev2.Activities.Designers\Dev2.Activities.Designers.csproj : warning NU1701: Package 'AeroWizard 2.3.1' was restored using '.NETFramework,Version=v4.6.1, .NETFramework,Version=v4.6.2, .NETFramework,Version=v4.7, .NETFramework,Version=v4.7.1, .NETFramework,Version=v4.7.2, .NETFramework,Version=v4.8, .NETFramework,Version=v4.8.1' instead of the project target framework 'net8.0'. This package may not be fully compatible with your project.
C:\Users\ultra\warewolf\Dev\Dev2.Activities.Designers\Dev2.Activities.Designers.csproj : warning NU1701: Package 'GroupControls 1.9.0' was restored using '.NETFramework,Version=v4.6.1, .NETFramework,Version=v4.6.2, .NETFramework,Version=v4.7, .NETFramework,Version=v4.7.1, .NETFramework,Version=v4.7.2, .NETFramework,Version=v4.8, .NETFramework,Version=v4.8.1' instead of the project target framework 'net8.0'. This package may not be fully compatible with your project.
C:\Users\ultra\warewolf\Dev\Dev2.Activities.Designers\Dev2.Activities.Designers.csproj : warning NU1701: Package 'Microsoft.Xaml.Behaviors.Wpf 1.1.122' was restored using '.NETFramework,Version=v4.6.1, .NETFramework,Version=v4.6.2, .NETFramework,Version=v4.7, .NETFramework,Version=v4.7.1, .NETFramework,Version=v4.7.2, .NETFramework,Version=v4.8, .NETFramework,Version=v4.8.1' instead of the project target framework 'net8.0'. This package may not be fully compatible with your project.
C:\Users\ultra\warewolf\Dev\Dev2.Activities.Designers\Dev2.Activities.Designers.csproj : warning NU1701: Package 'Prism.Wpf 9.0.537' was restored using '.NETFramework,Version=v4.6.1, .NETFramework,Version=v4.6.2, .NETFramework,Version=v4.7, .NETFramework,Version=v4.7.1, .NETFramework,Version=v4.7.2, .NETFramework,Version=v4.8, .NETFramework,Version=v4.8.1' instead of the project target framework 'net8.0'. This package may not be fully compatible with your project.
C:\Users\ultra\warewolf\Dev\Dev2.Activities.Designers\Dev2.Activities.Designers.csproj : warning NU1701: Package 'ReactiveUI.WPF 18.4.1' was restored using '.NETFramework,Version=v4.6.1, .NETFramework,Version=v4.6.2, .NETFramework,Version=v4.7, .NETFramework,Version=v4.7.1, .NETFramework,Version=v4.7.2, .NETFramework,Version=v4.8, .NETFramework,Version=v4.8.1' instead of the project target framework 'net8.0'. This package may not be fully compatible with your project.
C:\Users\ultra\warewolf\Dev\Dev2.Activities.Designers\Dev2.Activities.Designers.csproj : warning NU1701: Package 'TaskSchedulerEditor 2.10.1' was restored using '.NETFramework,Version=v4.6.1, .NETFramework,Version=v4.6.2, .NETFramework,Version=v4.7, .NETFramework,Version=v4.7.1, .NETFramework,Version=v4.7.2, .NETFramework,Version=v4.8, .NETFramework,Version=v4.8.1' instead of the project target framework 'net8.0'. This package may not be fully compatible with your project.
C:\Users\ultra\warewolf\Dev\Warewolf.QueueWorker\Warewolf.QueueWorker.csproj : warning NU1701: Package 'AeroWizard 2.3.1' was restored using '.NETFramework,Version=v4.6.1, .NETFramework,Version=v4.6.2, .NETFramework,Version=v4.7, .NETFramework,Version=v4.7.1, .NETFramework,Version=v4.7.2, .NETFramework,Version=v4.8, .NETFramework,Version=v4.8.1' instead of the project target framework 'net8.0'. This package may not be fully compatible with your project.
C:\Users\ultra\warewolf\Dev\Warewolf.QueueWorker\Warewolf.QueueWorker.csproj : warning NU1701: Package 'GroupControls 1.9.0' was restored using '.NETFramework,Version=v4.6.1, .NETFramework,Version=v4.6.2, .NETFramework,Version=v4.7, .NETFramework,Version=v4.7.1, .NETFramework,Version=v4.7.2, .NETFramework,Version=v4.8, .NETFramework,Version=v4.8.1' instead of the project target framework 'net8.0'. This package may not be fully compatible with your project.
C:\Users\ultra\warewolf\Dev\Warewolf.QueueWorker\Warewolf.QueueWorker.csproj : warning NU1701: Package 'Microsoft.Xaml.Behaviors.Wpf 1.1.122' was restored using '.NETFramework,Version=v4.6.1, .NETFramework,Version=v4.6.2, .NETFramework,Version=v4.7, .NETFramework,Version=v4.7.1, .NETFramework,Version=v4.7.2, .NETFramework,Version=v4.8, .NETFramework,Version=v4.8.1' instead of the project target framework 'net8.0'. This package may not be fully compatible with your project.
C:\Users\ultra\warewolf\Dev\Warewolf.QueueWorker\Warewolf.QueueWorker.csproj : warning NU1701: Package 'Prism.Wpf 9.0.537' was restored using '.NETFramework,Version=v4.6.1, .NETFramework,Version=v4.6.2, .NETFramework,Version=v4.7, .NETFramework,Version=v4.7.1, .NETFramework,Version=v4.7.2, .NETFramework,Version=v4.8, .NETFramework,Version=v4.8.1' instead of the project target framework 'net8.0'. This package may not be fully compatible with your project.
C:\Users\ultra\warewolf\Dev\Warewolf.QueueWorker\Warewolf.QueueWorker.csproj : warning NU1701: Package 'ReactiveUI.WPF 18.4.1' was restored using '.NETFramework,Version=v4.6.1, .NETFramework,Version=v4.6.2, .NETFramework,Version=v4.7, .NETFramework,Version=v4.7.1, .NETFramework,Version=v4.7.2, .NETFramework,Version=v4.8, .NETFramework,Version=v4.8.1' instead of the project target framework 'net8.0'. This package may not be fully compatible with your project.
C:\Users\ultra\warewolf\Dev\Warewolf.QueueWorker\Warewolf.QueueWorker.csproj : warning NU1701: Package 'TaskSchedulerEditor 2.10.1' was restored using '.NETFramework,Version=v4.6.1, .NETFramework,Version=v4.6.2, .NETFramework,Version=v4.7, .NETFramework,Version=v4.7.1, .NETFramework,Version=v4.7.2, .NETFramework,Version=v4.8, .NETFramework,Version=v4.8.1' instead of the project target framework 'net8.0'. This package may not be fully compatible with your project.
C:\Users\ultra\warewolf\Dev\Dev2.Studio.Core\Dev2.Studio.Core.csproj : warning NU1701: Package 'AeroWizard 2.3.1' was restored using '.NETFramework,Version=v4.6.1, .NETFramework,Version=v4.6.2, .NETFramework,Version=v4.7, .NETFramework,Version=v4.7.1, .NETFramework,Version=v4.7.2, .NETFramework,Version=v4.8, .NETFramework,Version=v4.8.1' instead of the project target framework 'net8.0'. This package may not be fully compatible with your project.
C:\Users\ultra\warewolf\Dev\Dev2.Studio.Core\Dev2.Studio.Core.csproj : warning NU1701: Package 'GroupControls 1.9.0' was restored using '.NETFramework,Version=v4.6.1, .NETFramework,Version=v4.6.2, .NETFramework,Version=v4.7, .NETFramework,Version=v4.7.1, .NETFramework,Version=v4.7.2, .NETFramework,Version=v4.8, .NETFramework,Version=v4.8.1' instead of the project target framework 'net8.0'. This package may not be fully compatible with your project.
C:\Users\ultra\warewolf\Dev\Dev2.Studio.Core\Dev2.Studio.Core.csproj : warning NU1701: Package 'Microsoft.Xaml.Behaviors.Wpf 1.1.122' was restored using '.NETFramework,Version=v4.6.1, .NETFramework,Version=v4.6.2, .NETFramework,Version=v4.7, .NETFramework,Version=v4.7.1, .NETFramework,Version=v4.7.2, .NETFramework,Version=v4.8, .NETFramework,Version=v4.8.1' instead of the project target framework 'net8.0'. This package may not be fully compatible with your project.
C:\Users\ultra\warewolf\Dev\Dev2.Studio.Core\Dev2.Studio.Core.csproj : warning NU1701: Package 'Prism.Wpf 9.0.537' was restored using '.NETFramework,Version=v4.6.1, .NETFramework,Version=v4.6.2, .NETFramework,Version=v4.7, .NETFramework,Version=v4.7.1, .NETFramework,Version=v4.7.2, .NETFramework,Version=v4.8, .NETFramework,Version=v4.8.1' instead of the project target framework 'net8.0'. This package may not be fully compatible with your project.
C:\Users\ultra\warewolf\Dev\Dev2.Studio.Core\Dev2.Studio.Core.csproj : warning NU1701: Package 'ReactiveUI.WPF 18.4.1' was restored using '.NETFramework,Version=v4.6.1, .NETFramework,Version=v4.6.2, .NETFramework,Version=v4.7, .NETFramework,Version=v4.7.1, .NETFramework,Version=v4.7.2, .NETFramework,Version=v4.8, .NETFramework,Version=v4.8.1' instead of the project target framework 'net8.0'. This package may not be fully compatible with your project.
C:\Users\ultra\warewolf\Dev\Dev2.Studio.Core\Dev2.Studio.Core.csproj : warning NU1701: Package 'TaskSchedulerEditor 2.10.1' was restored using '.NETFramework,Version=v4.6.1, .NETFramework,Version=v4.6.2, .NETFramework,Version=v4.7, .NETFramework,Version=v4.7.1, .NETFramework,Version=v4.7.2, .NETFramework,Version=v4.8, .NETFramework,Version=v4.8.1' instead of the project target framework 'net8.0'. This package may not be fully compatible with your project.
  Warewolf.Weave -> C:\Users\ultra\warewolf\Dev\Warewolf.Weave\bin\Debug\net8.0\Warewolf.Weave.dll
C:\Users\ultra\warewolf\Dev\Dev2.Server\Dev2.Server.csproj : warning NU1903: Package 'Oracle.ManagedDataAccess.Core' 3.21.70 has a known high severity vulnerability, https://github.com/advisories/GHSA-5pm2-9mr2-3frq
C:\Users\ultra\warewolf\Dev\Dev2.Server\Dev2.Server.csproj : warning NU1701: Package 'AeroWizard 2.3.1' was restored using '.NETFramework,Version=v4.6.1, .NETFramework,Version=v4.6.2, .NETFramework,Version=v4.7, .NETFramework,Version=v4.7.1, .NETFramework,Version=v4.7.2, .NETFramework,Version=v4.8, .NETFramework,Version=v4.8.1' instead of the project target framework 'net8.0'. This package may not be fully compatible with your project.
C:\Users\ultra\warewolf\Dev\Dev2.Server\Dev2.Server.csproj : warning NU1701: Package 'GroupControls 1.9.0' was restored using '.NETFramework,Version=v4.6.1, .NETFramework,Version=v4.6.2, .NETFramework,Version=v4.7, .NETFramework,Version=v4.7.1, .NETFramework,Version=v4.7.2, .NETFramework,Version=v4.8, .NETFramework,Version=v4.8.1' instead of the project target framework 'net8.0'. This package may not be fully compatible with your project.
C:\Users\ultra\warewolf\Dev\Dev2.Server\Dev2.Server.csproj : warning NU1701: Package 'Microsoft.Xaml.Behaviors.Wpf 1.1.122' was restored using '.NETFramework,Version=v4.6.1, .NETFramework,Version=v4.6.2, .NETFramework,Version=v4.7, .NETFramework,Version=v4.7.1, .NETFramework,Version=v4.7.2, .NETFramework,Version=v4.8, .NETFramework,Version=v4.8.1' instead of the project target framework 'net8.0'. This package may not be fully compatible with your project.
C:\Users\ultra\warewolf\Dev\Dev2.Server\Dev2.Server.csproj : warning NU1701: Package 'Prism.Wpf 9.0.537' was restored using '.NETFramework,Version=v4.6.1, .NETFramework,Version=v4.6.2, .NETFramework,Version=v4.7, .NETFramework,Version=v4.7.1, .NETFramework,Version=v4.7.2, .NETFramework,Version=v4.8, .NETFramework,Version=v4.8.1' instead of the project target framework 'net8.0'. This package may not be fully compatible with your project.
C:\Users\ultra\warewolf\Dev\Dev2.Server\Dev2.Server.csproj : warning NU1701: Package 'ReactiveUI.WPF 18.4.1' was restored using '.NETFramework,Version=v4.6.1, .NETFramework,Version=v4.6.2, .NETFramework,Version=v4.7, .NETFramework,Version=v4.7.1, .NETFramework,Version=v4.7.2, .NETFramework,Version=v4.8, .NETFramework,Version=v4.8.1' instead of the project target framework 'net8.0'. This package may not be fully compatible with your project.
C:\Users\ultra\warewolf\Dev\Dev2.Server\Dev2.Server.csproj : warning NU1701: Package 'TaskSchedulerEditor 2.10.1' was restored using '.NETFramework,Version=v4.6.1, .NETFramework,Version=v4.6.2, .NETFramework,Version=v4.7, .NETFramework,Version=v4.7.1, .NETFramework,Version=v4.7.2, .NETFramework,Version=v4.8, .NETFramework,Version=v4.8.1' instead of the project target framework 'net8.0'. This package may not be fully compatible with your project.
C:\Users\ultra\warewolf\Dev\Warewolf.Core.Tests\Warewolf.Core.Tests.csproj : warning NU1701: Package 'AeroWizard 2.3.1' was restored using '.NETFramework,Version=v4.6.1, .NETFramework,Version=v4.6.2, .NETFramework,Version=v4.7, .NETFramework,Version=v4.7.1, .NETFramework,Version=v4.7.2, .NETFramework,Version=v4.8, .NETFramework,Version=v4.8.1' instead of the project target framework 'net8.0'. This package may not be fully compatible with your project.
C:\Users\ultra\warewolf\Dev\Warewolf.Core.Tests\Warewolf.Core.Tests.csproj : warning NU1701: Package 'GroupControls 1.9.0' was restored using '.NETFramework,Version=v4.6.1, .NETFramework,Version=v4.6.2, .NETFramework,Version=v4.7, .NETFramework,Version=v4.7.1, .NETFramework,Version=v4.7.2, .NETFramework,Version=v4.8, .NETFramework,Version=v4.8.1' instead of the project target framework 'net8.0'. This package may not be fully compatible with your project.
C:\Users\ultra\warewolf\Dev\Warewolf.Core.Tests\Warewolf.Core.Tests.csproj : warning NU1701: Package 'Microsoft.Xaml.Behaviors.Wpf 1.1.122' was restored using '.NETFramework,Version=v4.6.1, .NETFramework,Version=v4.6.2, .NETFramework,Version=v4.7, .NETFramework,Version=v4.7.1, .NETFramework,Version=v4.7.2, .NETFramework,Version=v4.8, .NETFramework,Version=v4.8.1' instead of the project target framework 'net8.0'. This package may not be fully compatible with your project.
C:\Users\ultra\warewolf\Dev\Warewolf.Core.Tests\Warewolf.Core.Tests.csproj : warning NU1701: Package 'Prism.Wpf 9.0.537' was restored using '.NETFramework,Version=v4.6.1, .NETFramework,Version=v4.6.2, .NETFramework,Version=v4.7, .NETFramework,Version=v4.7.1, .NETFramework,Version=v4.7.2, .NETFramework,Version=v4.8, .NETFramework,Version=v4.8.1' instead of the project target framework 'net8.0'. This package may not be fully compatible with your project.
C:\Users\ultra\warewolf\Dev\Warewolf.Core.Tests\Warewolf.Core.Tests.csproj : warning NU1701: Package 'ReactiveUI.WPF 18.4.1' was restored using '.NETFramework,Version=v4.6.1, .NETFramework,Version=v4.6.2, .NETFramework,Version=v4.7, .NETFramework,Version=v4.7.1, .NETFramework,Version=v4.7.2, .NETFramework,Version=v4.8, .NETFramework,Version=v4.8.1' instead of the project target framework 'net8.0'. This package may not be fully compatible with your project.
C:\Users\ultra\warewolf\Dev\Warewolf.Core.Tests\Warewolf.Core.Tests.csproj : warning NU1701: Package 'TaskSchedulerEditor 2.10.1' was restored using '.NETFramework,Version=v4.6.1, .NETFramework,Version=v4.6.2, .NETFramework,Version=v4.7, .NETFramework,Version=v4.7.1, .NETFramework,Version=v4.7.2, .NETFramework,Version=v4.8, .NETFramework,Version=v4.8.1' instead of the project target framework 'net8.0'. This package may not be fully compatible with your project.
C:\Users\ultra\warewolf\Dev\Warewolf.Studio.Themes.Luna\Warewolf.Studio.Themes.Luna.csproj : warning NU1701: Package 'AeroWizard 2.3.1' was restored using '.NETFramework,Version=v4.6.1, .NETFramework,Version=v4.6.2, .NETFramework,Version=v4.7, .NETFramework,Version=v4.7.1, .NETFramework,Version=v4.7.2, .NETFramework,Version=v4.8, .NETFramework,Version=v4.8.1' instead of the project target framework 'net8.0'. This package may not be fully compatible with your project.
C:\Users\ultra\warewolf\Dev\Warewolf.Studio.Themes.Luna\Warewolf.Studio.Themes.Luna.csproj : warning NU1701: Package 'GroupControls 1.9.0' was restored using '.NETFramework,Version=v4.6.1, .NETFramework,Version=v4.6.2, .NETFramework,Version=v4.7, .NETFramework,Version=v4.7.1, .NETFramework,Version=v4.7.2, .NETFramework,Version=v4.8, .NETFramework,Version=v4.8.1' instead of the project target framework 'net8.0'. This package may not be fully compatible with your project.
C:\Users\ultra\warewolf\Dev\Warewolf.Studio.Themes.Luna\Warewolf.Studio.Themes.Luna.csproj : warning NU1701: Package 'Microsoft.Xaml.Behaviors.Wpf 1.1.122' was restored using '.NETFramework,Version=v4.6.1, .NETFramework,Version=v4.6.2, .NETFramework,Version=v4.7, .NETFramework,Version=v4.7.1, .NETFramework,Version=v4.7.2, .NETFramework,Version=v4.8, .NETFramework,Version=v4.8.1' instead of the project target framework 'net8.0'. This package may not be fully compatible with your project.
C:\Users\ultra\warewolf\Dev\Warewolf.Studio.Themes.Luna\Warewolf.Studio.Themes.Luna.csproj : warning NU1701: Package 'Prism.Wpf 9.0.537' was restored using '.NETFramework,Version=v4.6.1, .NETFramework,Version=v4.6.2, .NETFramework,Version=v4.7, .NETFramework,Version=v4.7.1, .NETFramework,Version=v4.7.2, .NETFramework,Version=v4.8, .NETFramework,Version=v4.8.1' instead of the project target framework 'net8.0'. This package may not be fully compatible with your project.
C:\Users\ultra\warewolf\Dev\Warewolf.Studio.Themes.Luna\Warewolf.Studio.Themes.Luna.csproj : warning NU1701: Package 'ReactiveUI.WPF 18.4.1' was restored using '.NETFramework,Version=v4.6.1, .NETFramework,Version=v4.6.2, .NETFramework,Version=v4.7, .NETFramework,Version=v4.7.1, .NETFramework,Version=v4.7.2, .NETFramework,Version=v4.8, .NETFramework,Version=v4.8.1' instead of the project target framework 'net8.0'. This package may not be fully compatible with your project.
C:\Users\ultra\warewolf\Dev\Warewolf.Studio.Themes.Luna\Warewolf.Studio.Themes.Luna.csproj : warning NU1701: Package 'TaskSchedulerEditor 2.10.1' was restored using '.NETFramework,Version=v4.6.1, .NETFramework,Version=v4.6.2, .NETFramework,Version=v4.7, .NETFramework,Version=v4.7.1, .NETFramework,Version=v4.7.2, .NETFramework,Version=v4.8, .NETFramework,Version=v4.8.1' instead of the project target framework 'net8.0'. This package may not be fully compatible with your project.
C:\Program Files\dotnet\sdk\10.0.201\Sdks\Microsoft.NET.Sdk\targets\Microsoft.NET.Sdk.DefaultItems.targets(162,5): warning NETSDK1137: It is no longer necessary to use the Microsoft.NET.Sdk.WindowsDesktop SDK. Consider changing the Sdk attribute of the root Project element to 'Microsoft.NET.Sdk'. [C:\Users\ultra\warewolf\Dev\Dev2.Studio\Dev2.Studio.csproj]
C:\Program Files\dotnet\sdk\10.0.201\Sdks\Microsoft.NET.Sdk.WindowsDesktop\targets\Microsoft.NET.Sdk.WindowsDesktop.targets(138,5): warning NETSDK1106: Microsoft.NET.Sdk.WindowsDesktop requires 'UseWpf' or 'UseWindowsForms' to be set to 'true' [C:\Users\ultra\warewolf\Dev\Dev2.Studio\Dev2.Studio.csproj]
C:\Users\ultra\warewolf\Dev\Dev2.Studio\Dev2.Studio.csproj : warning NU1701: Package 'AeroWizard 2.3.1' was restored using '.NETFramework,Version=v4.6.1, .NETFramework,Version=v4.6.2, .NETFramework,Version=v4.7, .NETFramework,Version=v4.7.1, .NETFramework,Version=v4.7.2, .NETFramework,Version=v4.8, .NETFramework,Version=v4.8.1' instead of the project target framework 'net8.0'. This package may not be fully compatible with your project.
C:\Users\ultra\warewolf\Dev\Dev2.Studio\Dev2.Studio.csproj : warning NU1701: Package 'AvalonEdit 6.3.0.90' was restored using '.NETFramework,Version=v4.6.1, .NETFramework,Version=v4.6.2, .NETFramework,Version=v4.7, .NETFramework,Version=v4.7.1, .NETFramework,Version=v4.7.2, .NETFramework,Version=v4.8, .NETFramework,Version=v4.8.1' instead of the project target framework 'net8.0'. This package may not be fully compatible with your project.
C:\Users\ultra\warewolf\Dev\Dev2.Studio\Dev2.Studio.csproj : warning NU1701: Package 'CommonServiceLocator 1.2.0' was restored using '.NETFramework,Version=v4.6.1, .NETFramework,Version=v4.6.2, .NETFramework,Version=v4.7, .NETFramework,Version=v4.7.1, .NETFramework,Version=v4.7.2, .NETFramework,Version=v4.8, .NETFramework,Version=v4.8.1' instead of the project target framework 'net8.0'. This package may not be fully compatible with your project.
C:\Users\ultra\warewolf\Dev\Dev2.Studio\Dev2.Studio.csproj : warning NU1701: Package 'FontAwesome.WPF 4.7.0.9' was restored using '.NETFramework,Version=v4.6.1, .NETFramework,Version=v4.6.2, .NETFramework,Version=v4.7, .NETFramework,Version=v4.7.1, .NETFramework,Version=v4.7.2, .NETFramework,Version=v4.8, .NETFramework,Version=v4.8.1' instead of the project target framework 'net8.0'. This package may not be fully compatible with your project.
C:\Users\ultra\warewolf\Dev\Dev2.Studio\Dev2.Studio.csproj : warning NU1701: Package 'GroupControls 1.9.0' was restored using '.NETFramework,Version=v4.6.1, .NETFramework,Version=v4.6.2, .NETFramework,Version=v4.7, .NETFramework,Version=v4.7.1, .NETFramework,Version=v4.7.2, .NETFramework,Version=v4.8, .NETFramework,Version=v4.8.1' instead of the project target framework 'net8.0'. This package may not be fully compatible with your project.
C:\Users\ultra\warewolf\Dev\Dev2.Studio\Dev2.Studio.csproj : warning NU1701: Package 'Log4Net.Async 2.0.4' was restored using '.NETFramework,Version=v4.6.1, .NETFramework,Version=v4.6.2, .NETFramework,Version=v4.7, .NETFramework,Version=v4.7.1, .NETFramework,Version=v4.7.2, .NETFramework,Version=v4.8, .NETFramework,Version=v4.8.1' instead of the project target framework 'net8.0'. This package may not be fully compatible with your project.
C:\Users\ultra\warewolf\Dev\Dev2.Studio\Dev2.Studio.csproj : warning NU1701: Package 'Microsoft.Xaml.Behaviors.Wpf 1.1.122' was restored using '.NETFramework,Version=v4.6.1, .NETFramework,Version=v4.6.2, .NETFramework,Version=v4.7, .NETFramework,Version=v4.7.1, .NETFramework,Version=v4.7.2, .NETFramework,Version=v4.8, .NETFramework,Version=v4.8.1' instead of the project target framework 'net8.0'. This package may not be fully compatible with your project.
C:\Users\ultra\warewolf\Dev\Dev2.Studio\Dev2.Studio.csproj : warning NU1701: Package 'Prism.Composition 5.0.0' was restored using '.NETFramework,Version=v4.6.1, .NETFramework,Version=v4.6.2, .NETFramework,Version=v4.7, .NETFramework,Version=v4.7.1, .NETFramework,Version=v4.7.2, .NETFramework,Version=v4.8, .NETFramework,Version=v4.8.1' instead of the project target framework 'net8.0'. This package may not be fully compatible with your project.
C:\Users\ultra\warewolf\Dev\Dev2.Studio\Dev2.Studio.csproj : warning NU1701: Package 'Prism.Interactivity 5.0.0' was restored using '.NETFramework,Version=v4.6.1, .NETFramework,Version=v4.6.2, .NETFramework,Version=v4.7, .NETFramework,Version=v4.7.1, .NETFramework,Version=v4.7.2, .NETFramework,Version=v4.8, .NETFramework,Version=v4.8.1' instead of the project target framework 'net8.0'. This package may not be fully compatible with your project.
C:\Users\ultra\warewolf\Dev\Dev2.Studio\Dev2.Studio.csproj : warning NU1701: Package 'Prism.Mvvm 1.0.0' was restored using '.NETFramework,Version=v4.6.1, .NETFramework,Version=v4.6.2, .NETFramework,Version=v4.7, .NETFramework,Version=v4.7.1, .NETFramework,Version=v4.7.2, .NETFramework,Version=v4.8, .NETFramework,Version=v4.8.1' instead of the project target framework 'net8.0'. This package may not be fully compatible with your project.
C:\Users\ultra\warewolf\Dev\Dev2.Studio\Dev2.Studio.csproj : warning NU1701: Package 'Prism.PubSubEvents 1.0.0' was restored using '.NETFramework,Version=v4.6.1, .NETFramework,Version=v4.6.2, .NETFramework,Version=v4.7, .NETFramework,Version=v4.7.1, .NETFramework,Version=v4.7.2, .NETFramework,Version=v4.8, .NETFramework,Version=v4.8.1' instead of the project target framework 'net8.0'. This package may not be fully compatible with your project.
C:\Users\ultra\warewolf\Dev\Dev2.Studio\Dev2.Studio.csproj : warning NU1701: Package 'Prism.UnityExtensions 5.0.1' was restored using '.NETFramework,Version=v4.6.1, .NETFramework,Version=v4.6.2, .NETFramework,Version=v4.7, .NETFramework,Version=v4.7.1, .NETFramework,Version=v4.7.2, .NETFramework,Version=v4.8, .NETFramework,Version=v4.8.1' instead of the project target framework 'net8.0'. This package may not be fully compatible with your project.
C:\Users\ultra\warewolf\Dev\Dev2.Studio\Dev2.Studio.csproj : warning NU1701: Package 'Prism.Wpf 9.0.537' was restored using '.NETFramework,Version=v4.6.1, .NETFramework,Version=v4.6.2, .NETFramework,Version=v4.7, .NETFramework,Version=v4.7.1, .NETFramework,Version=v4.7.2, .NETFramework,Version=v4.8, .NETFramework,Version=v4.8.1' instead of the project target framework 'net8.0'. This package may not be fully compatible with your project.
C:\Users\ultra\warewolf\Dev\Dev2.Studio\Dev2.Studio.csproj : warning NU1701: Package 'ReactiveUI.WPF 18.4.1' was restored using '.NETFramework,Version=v4.6.1, .NETFramework,Version=v4.6.2, .NETFramework,Version=v4.7, .NETFramework,Version=v4.7.1, .NETFramework,Version=v4.7.2, .NETFramework,Version=v4.8, .NETFramework,Version=v4.8.1' instead of the project target framework 'net8.0'. This package may not be fully compatible with your project.
C:\Users\ultra\warewolf\Dev\Dev2.Studio\Dev2.Studio.csproj : warning NU1701: Package 'TaskSchedulerEditor 2.10.1' was restored using '.NETFramework,Version=v4.6.1, .NETFramework,Version=v4.6.2, .NETFramework,Version=v4.7, .NETFramework,Version=v4.7.1, .NETFramework,Version=v4.7.2, .NETFramework,Version=v4.8, .NETFramework,Version=v4.8.1' instead of the project target framework 'net8.0'. This package may not be fully compatible with your project.
C:\Users\ultra\warewolf\Dev\Dev2.Studio\Dev2.Studio.csproj : warning NU1701: Package 'Unofficial.Microsoft.mshtml 7.0.3300' was restored using '.NETFramework,Version=v4.6.1, .NETFramework,Version=v4.6.2, .NETFramework,Version=v4.7, .NETFramework,Version=v4.7.1, .NETFramework,Version=v4.7.2, .NETFramework,Version=v4.8, .NETFramework,Version=v4.8.1' instead of the project target framework 'net8.0'. This package may not be fully compatible with your project.
C:\Users\ultra\warewolf\Dev\Warewolf.MergeParser\Warewolf.MergeParser.csproj : warning NU1701: Package 'AeroWizard 2.3.1' was restored using '.NETFramework,Version=v4.6.1, .NETFramework,Version=v4.6.2, .NETFramework,Version=v4.7, .NETFramework,Version=v4.7.1, .NETFramework,Version=v4.7.2, .NETFramework,Version=v4.8, .NETFramework,Version=v4.8.1' instead of the project target framework 'net8.0'. This package may not be fully compatible with your project.
C:\Users\ultra\warewolf\Dev\Warewolf.MergeParser\Warewolf.MergeParser.csproj : warning NU1701: Package 'GroupControls 1.9.0' was restored using '.NETFramework,Version=v4.6.1, .NETFramework,Version=v4.6.2, .NETFramework,Version=v4.7, .NETFramework,Version=v4.7.1, .NETFramework,Version=v4.7.2, .NETFramework,Version=v4.8, .NETFramework,Version=v4.8.1' instead of the project target framework 'net8.0'. This package may not be fully compatible with your project.
C:\Users\ultra\warewolf\Dev\Warewolf.MergeParser\Warewolf.MergeParser.csproj : warning NU1701: Package 'Microsoft.Xaml.Behaviors.Wpf 1.1.122' was restored using '.NETFramework,Version=v4.6.1, .NETFramework,Version=v4.6.2, .NETFramework,Version=v4.7, .NETFramework,Version=v4.7.1, .NETFramework,Version=v4.7.2, .NETFramework,Version=v4.8, .NETFramework,Version=v4.8.1' instead of the project target framework 'net8.0'. This package may not be fully compatible with your project.
C:\Users\ultra\warewolf\Dev\Warewolf.MergeParser\Warewolf.MergeParser.csproj : warning NU1701: Package 'Prism.Wpf 9.0.537' was restored using '.NETFramework,Version=v4.6.1, .NETFramework,Version=v4.6.2, .NETFramework,Version=v4.7, .NETFramework,Version=v4.7.1, .NETFramework,Version=v4.7.2, .NETFramework,Version=v4.8, .NETFramework,Version=v4.8.1' instead of the project target framework 'net8.0'. This package may not be fully compatible with your project.
C:\Users\ultra\warewolf\Dev\Warewolf.MergeParser\Warewolf.MergeParser.csproj : warning NU1701: Package 'ReactiveUI.WPF 18.4.1' was restored using '.NETFramework,Version=v4.6.1, .NETFramework,Version=v4.6.2, .NETFramework,Version=v4.7, .NETFramework,Version=v4.7.1, .NETFramework,Version=v4.7.2, .NETFramework,Version=v4.8, .NETFramework,Version=v4.8.1' instead of the project target framework 'net8.0'. This package may not be fully compatible with your project.
C:\Users\ultra\warewolf\Dev\Warewolf.MergeParser\Warewolf.MergeParser.csproj : warning NU1701: Package 'TaskSchedulerEditor 2.10.1' was restored using '.NETFramework,Version=v4.6.1, .NETFramework,Version=v4.6.2, .NETFramework,Version=v4.7, .NETFramework,Version=v4.7.1, .NETFramework,Version=v4.7.2, .NETFramework,Version=v4.8, .NETFramework,Version=v4.8.1' instead of the project target framework 'net8.0'. This package may not be fully compatible with your project.
C:\Program Files\dotnet\sdk\10.0.201\Sdks\Microsoft.NET.Sdk\targets\Microsoft.NET.Sdk.DefaultItems.targets(162,5): warning NETSDK1137: It is no longer necessary to use the Microsoft.NET.Sdk.WindowsDesktop SDK. Consider changing the Sdk attribute of the root Project element to 'Microsoft.NET.Sdk'. [C:\Users\ultra\warewolf\Dev\Warewolf.Studio.Core\Warewolf.Studio.Core.csproj]
C:\Program Files\dotnet\sdk\10.0.201\Sdks\Microsoft.NET.Sdk.WindowsDesktop\targets\Microsoft.NET.Sdk.WindowsDesktop.targets(138,5): warning NETSDK1106: Microsoft.NET.Sdk.WindowsDesktop requires 'UseWpf' or 'UseWindowsForms' to be set to 'true' [C:\Users\ultra\warewolf\Dev\Warewolf.Studio.Core\Warewolf.Studio.Core.csproj]
C:\Users\ultra\warewolf\Dev\Warewolf.Studio.Core\Warewolf.Studio.Core.csproj : warning NU1701: Package 'AeroWizard 2.3.1' was restored using '.NETFramework,Version=v4.6.1, .NETFramework,Version=v4.6.2, .NETFramework,Version=v4.7, .NETFramework,Version=v4.7.1, .NETFramework,Version=v4.7.2, .NETFramework,Version=v4.8, .NETFramework,Version=v4.8.1' instead of the project target framework 'net8.0'. This package may not be fully compatible with your project.
C:\Users\ultra\warewolf\Dev\Warewolf.Studio.Core\Warewolf.Studio.Core.csproj : warning NU1701: Package 'GroupControls 1.9.0' was restored using '.NETFramework,Version=v4.6.1, .NETFramework,Version=v4.6.2, .NETFramework,Version=v4.7, .NETFramework,Version=v4.7.1, .NETFramework,Version=v4.7.2, .NETFramework,Version=v4.8, .NETFramework,Version=v4.8.1' instead of the project target framework 'net8.0'. This package may not be fully compatible with your project.
C:\Users\ultra\warewolf\Dev\Warewolf.Studio.Core\Warewolf.Studio.Core.csproj : warning NU1701: Package 'Microsoft.Xaml.Behaviors.Wpf 1.1.122' was restored using '.NETFramework,Version=v4.6.1, .NETFramework,Version=v4.6.2, .NETFramework,Version=v4.7, .NETFramework,Version=v4.7.1, .NETFramework,Version=v4.7.2, .NETFramework,Version=v4.8, .NETFramework,Version=v4.8.1' instead of the project target framework 'net8.0'. This package may not be fully compatible with your project.
C:\Users\ultra\warewolf\Dev\Warewolf.Studio.Core\Warewolf.Studio.Core.csproj : warning NU1701: Package 'Prism.Wpf 9.0.537' was restored using '.NETFramework,Version=v4.6.1, .NETFramework,Version=v4.6.2, .NETFramework,Version=v4.7, .NETFramework,Version=v4.7.1, .NETFramework,Version=v4.7.2, .NETFramework,Version=v4.8, .NETFramework,Version=v4.8.1' instead of the project target framework 'net8.0'. This package may not be fully compatible with your project.
C:\Users\ultra\warewolf\Dev\Warewolf.Studio.Core\Warewolf.Studio.Core.csproj : warning NU1701: Package 'ReactiveUI.WPF 18.4.1' was restored using '.NETFramework,Version=v4.6.1, .NETFramework,Version=v4.6.2, .NETFramework,Version=v4.7, .NETFramework,Version=v4.7.1, .NETFramework,Version=v4.7.2, .NETFramework,Version=v4.8, .NETFramework,Version=v4.8.1' instead of the project target framework 'net8.0'. This package may not be fully compatible with your project.
C:\Users\ultra\warewolf\Dev\Warewolf.Studio.Core\Warewolf.Studio.Core.csproj : warning NU1701: Package 'TaskSchedulerEditor 2.10.1' was restored using '.NETFramework,Version=v4.6.1, .NETFramework,Version=v4.6.2, .NETFramework,Version=v4.7, .NETFramework,Version=v4.7.1, .NETFramework,Version=v4.7.2, .NETFramework,Version=v4.8, .NETFramework,Version=v4.8.1' instead of the project target framework 'net8.0'. This package may not be fully compatible with your project.
C:\Users\ultra\warewolf\Dev\Warewolf.PerfMon\Warewolf.PerfMon.csproj : warning NU1701: Package 'AeroWizard 2.3.1' was restored using '.NETFramework,Version=v4.6.1, .NETFramework,Version=v4.6.2, .NETFramework,Version=v4.7, .NETFramework,Version=v4.7.1, .NETFramework,Version=v4.7.2, .NETFramework,Version=v4.8, .NETFramework,Version=v4.8.1' instead of the project target framework 'net8.0'. This package may not be fully compatible with your project.
C:\Users\ultra\warewolf\Dev\Warewolf.PerfMon\Warewolf.PerfMon.csproj : warning NU1701: Package 'GroupControls 1.9.0' was restored using '.NETFramework,Version=v4.6.1, .NETFramework,Version=v4.6.2, .NETFramework,Version=v4.7, .NETFramework,Version=v4.7.1, .NETFramework,Version=v4.7.2, .NETFramework,Version=v4.8, .NETFramework,Version=v4.8.1' instead of the project target framework 'net8.0'. This package may not be fully compatible with your project.
C:\Users\ultra\warewolf\Dev\Warewolf.PerfMon\Warewolf.PerfMon.csproj : warning NU1701: Package 'ReactiveUI.WPF 18.4.1' was restored using '.NETFramework,Version=v4.6.1, .NETFramework,Version=v4.6.2, .NETFramework,Version=v4.7, .NETFramework,Version=v4.7.1, .NETFramework,Version=v4.7.2, .NETFramework,Version=v4.8, .NETFramework,Version=v4.8.1' instead of the project target framework 'net8.0'. This package may not be fully compatible with your project.
C:\Users\ultra\warewolf\Dev\Warewolf.PerfMon\Warewolf.PerfMon.csproj : warning NU1701: Package 'TaskSchedulerEditor 2.10.1' was restored using '.NETFramework,Version=v4.6.1, .NETFramework,Version=v4.6.2, .NETFramework,Version=v4.7, .NETFramework,Version=v4.7.1, .NETFramework,Version=v4.7.2, .NETFramework,Version=v4.8, .NETFramework,Version=v4.8.1' instead of the project target framework 'net8.0'. This package may not be fully compatible with your project.
C:\Users\ultra\warewolf\Dev\Warewolf.MergeParser.Tests\Warewolf.MergeParser.Tests.csproj : warning NU1701: Package 'AeroWizard 2.3.1' was restored using '.NETFramework,Version=v4.6.1, .NETFramework,Version=v4.6.2, .NETFramework,Version=v4.7, .NETFramework,Version=v4.7.1, .NETFramework,Version=v4.7.2, .NETFramework,Version=v4.8, .NETFramework,Version=v4.8.1' instead of the project target framework 'net8.0'. This package may not be fully compatible with your project.
C:\Users\ultra\warewolf\Dev\Warewolf.MergeParser.Tests\Warewolf.MergeParser.Tests.csproj : warning NU1701: Package 'GroupControls 1.9.0' was restored using '.NETFramework,Version=v4.6.1, .NETFramework,Version=v4.6.2, .NETFramework,Version=v4.7, .NETFramework,Version=v4.7.1, .NETFramework,Version=v4.7.2, .NETFramework,Version=v4.8, .NETFramework,Version=v4.8.1' instead of the project target framework 'net8.0'. This package may not be fully compatible with your project.
C:\Users\ultra\warewolf\Dev\Warewolf.MergeParser.Tests\Warewolf.MergeParser.Tests.csproj : warning NU1701: Package 'Microsoft.Xaml.Behaviors.Wpf 1.1.122' was restored using '.NETFramework,Version=v4.6.1, .NETFramework,Version=v4.6.2, .NETFramework,Version=v4.7, .NETFramework,Version=v4.7.1, .NETFramework,Version=v4.7.2, .NETFramework,Version=v4.8, .NETFramework,Version=v4.8.1' instead of the project target framework 'net8.0'. This package may not be fully compatible with your project.
C:\Users\ultra\warewolf\Dev\Warewolf.MergeParser.Tests\Warewolf.MergeParser.Tests.csproj : warning NU1701: Package 'Prism.Wpf 9.0.537' was restored using '.NETFramework,Version=v4.6.1, .NETFramework,Version=v4.6.2, .NETFramework,Version=v4.7, .NETFramework,Version=v4.7.1, .NETFramework,Version=v4.7.2, .NETFramework,Version=v4.8, .NETFramework,Version=v4.8.1' instead of the project target framework 'net8.0'. This package may not be fully compatible with your project.
C:\Users\ultra\warewolf\Dev\Warewolf.MergeParser.Tests\Warewolf.MergeParser.Tests.csproj : warning NU1701: Package 'ReactiveUI.WPF 18.4.1' was restored using '.NETFramework,Version=v4.6.1, .NETFramework,Version=v4.6.2, .NETFramework,Version=v4.7, .NETFramework,Version=v4.7.1, .NETFramework,Version=v4.7.2, .NETFramework,Version=v4.8, .NETFramework,Version=v4.8.1' instead of the project target framework 'net8.0'. This package may not be fully compatible with your project.
C:\Users\ultra\warewolf\Dev\Warewolf.MergeParser.Tests\Warewolf.MergeParser.Tests.csproj : warning NU1701: Package 'TaskSchedulerEditor 2.10.1' was restored using '.NETFramework,Version=v4.6.1, .NETFramework,Version=v4.6.2, .NETFramework,Version=v4.7, .NETFramework,Version=v4.7.1, .NETFramework,Version=v4.7.2, .NETFramework,Version=v4.8, .NETFramework,Version=v4.8.1' instead of the project target framework 'net8.0'. This package may not be fully compatible with your project.
C:\Users\ultra\warewolf\Dev\Warewolf.Logger\Warewolf.Logger.csproj : warning NU1701: Package 'AeroWizard 2.3.1' was restored using '.NETFramework,Version=v4.6.1, .NETFramework,Version=v4.6.2, .NETFramework,Version=v4.7, .NETFramework,Version=v4.7.1, .NETFramework,Version=v4.7.2, .NETFramework,Version=v4.8, .NETFramework,Version=v4.8.1' instead of the project target framework 'net8.0'. This package may not be fully compatible with your project.
C:\Users\ultra\warewolf\Dev\Warewolf.Logger\Warewolf.Logger.csproj : warning NU1701: Package 'GroupControls 1.9.0' was restored using '.NETFramework,Version=v4.6.1, .NETFramework,Version=v4.6.2, .NETFramework,Version=v4.7, .NETFramework,Version=v4.7.1, .NETFramework,Version=v4.7.2, .NETFramework,Version=v4.8, .NETFramework,Version=v4.8.1' instead of the project target framework 'net8.0'. This package may not be fully compatible with your project.
C:\Users\ultra\warewolf\Dev\Warewolf.Logger\Warewolf.Logger.csproj : warning NU1701: Package 'Microsoft.Xaml.Behaviors.Wpf 1.1.122' was restored using '.NETFramework,Version=v4.6.1, .NETFramework,Version=v4.6.2, .NETFramework,Version=v4.7, .NETFramework,Version=v4.7.1, .NETFramework,Version=v4.7.2, .NETFramework,Version=v4.8, .NETFramework,Version=v4.8.1' instead of the project target framework 'net8.0'. This package may not be fully compatible with your project.
C:\Users\ultra\warewolf\Dev\Warewolf.Logger\Warewolf.Logger.csproj : warning NU1701: Package 'Prism.Wpf 9.0.537' was restored using '.NETFramework,Version=v4.6.1, .NETFramework,Version=v4.6.2, .NETFramework,Version=v4.7, .NETFramework,Version=v4.7.1, .NETFramework,Version=v4.7.2, .NETFramework,Version=v4.8, .NETFramework,Version=v4.8.1' instead of the project target framework 'net8.0'. This package may not be fully compatible with your project.
C:\Users\ultra\warewolf\Dev\Warewolf.Logger\Warewolf.Logger.csproj : warning NU1701: Package 'ReactiveUI.WPF 18.4.1' was restored using '.NETFramework,Version=v4.6.1, .NETFramework,Version=v4.6.2, .NETFramework,Version=v4.7, .NETFramework,Version=v4.7.1, .NETFramework,Version=v4.7.2, .NETFramework,Version=v4.8, .NETFramework,Version=v4.8.1' instead of the project target framework 'net8.0'. This package may not be fully compatible with your project.
C:\Users\ultra\warewolf\Dev\Warewolf.Logger\Warewolf.Logger.csproj : warning NU1701: Package 'TaskSchedulerEditor 2.10.1' was restored using '.NETFramework,Version=v4.6.1, .NETFramework,Version=v4.6.2, .NETFramework,Version=v4.7, .NETFramework,Version=v4.7.1, .NETFramework,Version=v4.7.2, .NETFramework,Version=v4.8, .NETFramework,Version=v4.8.1' instead of the project target framework 'net8.0'. This package may not be fully compatible with your project.
C:\Users\ultra\warewolf\Dev\Warewolf.Studio.AntiCorruptionLayer\Warewolf.Studio.AntiCorruptionLayer.csproj : warning NU1701: Package 'AeroWizard 2.3.1' was restored using '.NETFramework,Version=v4.6.1, .NETFramework,Version=v4.6.2, .NETFramework,Version=v4.7, .NETFramework,Version=v4.7.1, .NETFramework,Version=v4.7.2, .NETFramework,Version=v4.8, .NETFramework,Version=v4.8.1' instead of the project target framework 'net8.0'. This package may not be fully compatible with your project.
C:\Users\ultra\warewolf\Dev\Warewolf.Studio.AntiCorruptionLayer\Warewolf.Studio.AntiCorruptionLayer.csproj : warning NU1701: Package 'GroupControls 1.9.0' was restored using '.NETFramework,Version=v4.6.1, .NETFramework,Version=v4.6.2, .NETFramework,Version=v4.7, .NETFramework,Version=v4.7.1, .NETFramework,Version=v4.7.2, .NETFramework,Version=v4.8, .NETFramework,Version=v4.8.1' instead of the project target framework 'net8.0'. This package may not be fully compatible with your project.
C:\Users\ultra\warewolf\Dev\Warewolf.Studio.AntiCorruptionLayer\Warewolf.Studio.AntiCorruptionLayer.csproj : warning NU1701: Package 'Microsoft.Xaml.Behaviors.Wpf 1.1.122' was restored using '.NETFramework,Version=v4.6.1, .NETFramework,Version=v4.6.2, .NETFramework,Version=v4.7, .NETFramework,Version=v4.7.1, .NETFramework,Version=v4.7.2, .NETFramework,Version=v4.8, .NETFramework,Version=v4.8.1' instead of the project target framework 'net8.0'. This package may not be fully compatible with your project.
C:\Users\ultra\warewolf\Dev\Warewolf.Studio.AntiCorruptionLayer\Warewolf.Studio.AntiCorruptionLayer.csproj : warning NU1701: Package 'Prism.Wpf 9.0.537' was restored using '.NETFramework,Version=v4.6.1, .NETFramework,Version=v4.6.2, .NETFramework,Version=v4.7, .NETFramework,Version=v4.7.1, .NETFramework,Version=v4.7.2, .NETFramework,Version=v4.8, .NETFramework,Version=v4.8.1' instead of the project target framework 'net8.0'. This package may not be fully compatible with your project.
C:\Users\ultra\warewolf\Dev\Warewolf.Studio.AntiCorruptionLayer\Warewolf.Studio.AntiCorruptionLayer.csproj : warning NU1701: Package 'ReactiveUI.WPF 18.4.1' was restored using '.NETFramework,Version=v4.6.1, .NETFramework,Version=v4.6.2, .NETFramework,Version=v4.7, .NETFramework,Version=v4.7.1, .NETFramework,Version=v4.7.2, .NETFramework,Version=v4.8, .NETFramework,Version=v4.8.1' instead of the project target framework 'net8.0'. This package may not be fully compatible with your project.
C:\Users\ultra\warewolf\Dev\Warewolf.Studio.AntiCorruptionLayer\Warewolf.Studio.AntiCorruptionLayer.csproj : warning NU1701: Package 'TaskSchedulerEditor 2.10.1' was restored using '.NETFramework,Version=v4.6.1, .NETFramework,Version=v4.6.2, .NETFramework,Version=v4.7, .NETFramework,Version=v4.7.1, .NETFramework,Version=v4.7.2, .NETFramework,Version=v4.8, .NETFramework,Version=v4.8.1' instead of the project target framework 'net8.0'. This package may not be fully compatible with your project.
C:\Program Files\dotnet\sdk\10.0.201\Sdks\Microsoft.NET.Sdk\targets\Microsoft.NET.Sdk.DefaultItems.targets(162,5): warning NETSDK1137: It is no longer necessary to use the Microsoft.NET.Sdk.WindowsDesktop SDK. Consider changing the Sdk attribute of the root Project element to 'Microsoft.NET.Sdk'. [C:\Users\ultra\warewolf\Dev\Warewolf.Studio.Views\Warewolf.Studio.Views.csproj]
C:\Program Files\dotnet\sdk\10.0.201\Sdks\Microsoft.NET.Sdk.WindowsDesktop\targets\Microsoft.NET.Sdk.WindowsDesktop.targets(138,5): warning NETSDK1106: Microsoft.NET.Sdk.WindowsDesktop requires 'UseWpf' or 'UseWindowsForms' to be set to 'true' [C:\Users\ultra\warewolf\Dev\Warewolf.Studio.Views\Warewolf.Studio.Views.csproj]
C:\Users\ultra\warewolf\Dev\Warewolf.Studio.Views\Warewolf.Studio.Views.csproj : warning NU1701: Package 'AeroWizard 2.3.1' was restored using '.NETFramework,Version=v4.6.1, .NETFramework,Version=v4.6.2, .NETFramework,Version=v4.7, .NETFramework,Version=v4.7.1, .NETFramework,Version=v4.7.2, .NETFramework,Version=v4.8, .NETFramework,Version=v4.8.1' instead of the project target framework 'net8.0'. This package may not be fully compatible with your project.
C:\Users\ultra\warewolf\Dev\Warewolf.Studio.Views\Warewolf.Studio.Views.csproj : warning NU1701: Package 'GroupControls 1.9.0' was restored using '.NETFramework,Version=v4.6.1, .NETFramework,Version=v4.6.2, .NETFramework,Version=v4.7, .NETFramework,Version=v4.7.1, .NETFramework,Version=v4.7.2, .NETFramework,Version=v4.8, .NETFramework,Version=v4.8.1' instead of the project target framework 'net8.0'. This package may not be fully compatible with your project.
C:\Users\ultra\warewolf\Dev\Warewolf.Studio.Views\Warewolf.Studio.Views.csproj : warning NU1701: Package 'Microsoft.Xaml.Behaviors.Wpf 1.1.122' was restored using '.NETFramework,Version=v4.6.1, .NETFramework,Version=v4.6.2, .NETFramework,Version=v4.7, .NETFramework,Version=v4.7.1, .NETFramework,Version=v4.7.2, .NETFramework,Version=v4.8, .NETFramework,Version=v4.8.1' instead of the project target framework 'net8.0'. This package may not be fully compatible with your project.
C:\Users\ultra\warewolf\Dev\Warewolf.Studio.Views\Warewolf.Studio.Views.csproj : warning NU1701: Package 'Prism.Wpf 9.0.537' was restored using '.NETFramework,Version=v4.6.1, .NETFramework,Version=v4.6.2, .NETFramework,Version=v4.7, .NETFramework,Version=v4.7.1, .NETFramework,Version=v4.7.2, .NETFramework,Version=v4.8, .NETFramework,Version=v4.8.1' instead of the project target framework 'net8.0'. This package may not be fully compatible with your project.
C:\Users\ultra\warewolf\Dev\Warewolf.Studio.Views\Warewolf.Studio.Views.csproj : warning NU1701: Package 'ReactiveUI.WPF 18.4.1' was restored using '.NETFramework,Version=v4.6.1, .NETFramework,Version=v4.6.2, .NETFramework,Version=v4.7, .NETFramework,Version=v4.7.1, .NETFramework,Version=v4.7.2, .NETFramework,Version=v4.8, .NETFramework,Version=v4.8.1' instead of the project target framework 'net8.0'. This package may not be fully compatible with your project.
C:\Users\ultra\warewolf\Dev\Warewolf.Studio.Views\Warewolf.Studio.Views.csproj : warning NU1701: Package 'TaskSchedulerEditor 2.10.1' was restored using '.NETFramework,Version=v4.6.1, .NETFramework,Version=v4.6.2, .NETFramework,Version=v4.7, .NETFramework,Version=v4.7.1, .NETFramework,Version=v4.7.2, .NETFramework,Version=v4.8, .NETFramework,Version=v4.8.1' instead of the project target framework 'net8.0'. This package may not be fully compatible with your project.
C:\Users\ultra\warewolf\Dev\Warewolf.Studio.Views\Warewolf.Studio.Views.csproj : warning NU1701: Package 'Unofficial.Microsoft.mshtml 7.0.3300' was restored using '.NETFramework,Version=v4.6.1, .NETFramework,Version=v4.6.2, .NETFramework,Version=v4.7, .NETFramework,Version=v4.7.1, .NETFramework,Version=v4.7.2, .NETFramework,Version=v4.8, .NETFramework,Version=v4.8.1' instead of the project target framework 'net8.0'. This package may not be fully compatible with your project.
C:\Program Files\dotnet\sdk\10.0.201\Sdks\Microsoft.NET.Sdk\targets\Microsoft.NET.Sdk.DefaultItems.targets(162,5): warning NETSDK1137: It is no longer necessary to use the Microsoft.NET.Sdk.WindowsDesktop SDK. Consider changing the Sdk attribute of the root Project element to 'Microsoft.NET.Sdk'. [C:\Users\ultra\warewolf\Dev\Warewolf.Studio.CustomControls\Warewolf.Studio.CustomControls.csproj]
C:\Program Files\dotnet\sdk\10.0.201\Sdks\Microsoft.NET.Sdk.WindowsDesktop\targets\Microsoft.NET.Sdk.WindowsDesktop.targets(138,5): warning NETSDK1106: Microsoft.NET.Sdk.WindowsDesktop requires 'UseWpf' or 'UseWindowsForms' to be set to 'true' [C:\Users\ultra\warewolf\Dev\Warewolf.Studio.CustomControls\Warewolf.Studio.CustomControls.csproj]
C:\Users\ultra\warewolf\Dev\Warewolf.Studio.CustomControls\Warewolf.Studio.CustomControls.csproj : warning NU1701: Package 'AeroWizard 2.3.1' was restored using '.NETFramework,Version=v4.6.1, .NETFramework,Version=v4.6.2, .NETFramework,Version=v4.7, .NETFramework,Version=v4.7.1, .NETFramework,Version=v4.7.2, .NETFramework,Version=v4.8, .NETFramework,Version=v4.8.1' instead of the project target framework 'net8.0'. This package may not be fully compatible with your project.
C:\Users\ultra\warewolf\Dev\Warewolf.Studio.CustomControls\Warewolf.Studio.CustomControls.csproj : warning NU1701: Package 'GroupControls 1.9.0' was restored using '.NETFramework,Version=v4.6.1, .NETFramework,Version=v4.6.2, .NETFramework,Version=v4.7, .NETFramework,Version=v4.7.1, .NETFramework,Version=v4.7.2, .NETFramework,Version=v4.8, .NETFramework,Version=v4.8.1' instead of the project target framework 'net8.0'. This package may not be fully compatible with your project.
C:\Users\ultra\warewolf\Dev\Warewolf.Studio.CustomControls\Warewolf.Studio.CustomControls.csproj : warning NU1701: Package 'Microsoft.Xaml.Behaviors.Wpf 1.1.122' was restored using '.NETFramework,Version=v4.6.1, .NETFramework,Version=v4.6.2, .NETFramework,Version=v4.7, .NETFramework,Version=v4.7.1, .NETFramework,Version=v4.7.2, .NETFramework,Version=v4.8, .NETFramework,Version=v4.8.1' instead of the project target framework 'net8.0'. This package may not be fully compatible with your project.
C:\Users\ultra\warewolf\Dev\Warewolf.Studio.CustomControls\Warewolf.Studio.CustomControls.csproj : warning NU1701: Package 'Prism.Wpf 9.0.537' was restored using '.NETFramework,Version=v4.6.1, .NETFramework,Version=v4.6.2, .NETFramework,Version=v4.7, .NETFramework,Version=v4.7.1, .NETFramework,Version=v4.7.2, .NETFramework,Version=v4.8, .NETFramework,Version=v4.8.1' instead of the project target framework 'net8.0'. This package may not be fully compatible with your project.
C:\Users\ultra\warewolf\Dev\Warewolf.Studio.CustomControls\Warewolf.Studio.CustomControls.csproj : warning NU1701: Package 'ReactiveUI.WPF 18.4.1' was restored using '.NETFramework,Version=v4.6.1, .NETFramework,Version=v4.6.2, .NETFramework,Version=v4.7, .NETFramework,Version=v4.7.1, .NETFramework,Version=v4.7.2, .NETFramework,Version=v4.8, .NETFramework,Version=v4.8.1' instead of the project target framework 'net8.0'. This package may not be fully compatible with your project.
C:\Users\ultra\warewolf\Dev\Warewolf.Studio.CustomControls\Warewolf.Studio.CustomControls.csproj : warning NU1701: Package 'TaskSchedulerEditor 2.10.1' was restored using '.NETFramework,Version=v4.6.1, .NETFramework,Version=v4.6.2, .NETFramework,Version=v4.7, .NETFramework,Version=v4.7.1, .NETFramework,Version=v4.7.2, .NETFramework,Version=v4.8, .NETFramework,Version=v4.8.1' instead of the project target framework 'net8.0'. This package may not be fully compatible with your project.
  Warewolf.Common.Interfaces.NetStandard20 -> C:\Users\ultra\warewolf\Dev\Warewolf.Common.Interfaces.NetStandard20\bin\Debug\net8.0\Warewolf.Common.Interfaces.NetStandard20.dll
C:\Users\ultra\warewolf\Dev\Dev2.TaskScheduler.Wrappers\Dev2.TaskScheduler.Wrappers.csproj : warning NU1701: Package 'AeroWizard 2.3.1' was restored using '.NETFramework,Version=v4.6.1, .NETFramework,Version=v4.6.2, .NETFramework,Version=v4.7, .NETFramework,Version=v4.7.1, .NETFramework,Version=v4.7.2, .NETFramework,Version=v4.8, .NETFramework,Version=v4.8.1' instead of the project target framework 'net8.0'. This package may not be fully compatible with your project.
C:\Users\ultra\warewolf\Dev\Dev2.TaskScheduler.Wrappers\Dev2.TaskScheduler.Wrappers.csproj : warning NU1701: Package 'GroupControls 1.9.0' was restored using '.NETFramework,Version=v4.6.1, .NETFramework,Version=v4.6.2, .NETFramework,Version=v4.7, .NETFramework,Version=v4.7.1, .NETFramework,Version=v4.7.2, .NETFramework,Version=v4.8, .NETFramework,Version=v4.8.1' instead of the project target framework 'net8.0'. This package may not be fully compatible with your project.
C:\Users\ultra\warewolf\Dev\Dev2.TaskScheduler.Wrappers\Dev2.TaskScheduler.Wrappers.csproj : warning NU1701: Package 'TaskSchedulerEditor 2.10.1' was restored using '.NETFramework,Version=v4.6.1, .NETFramework,Version=v4.6.2, .NETFramework,Version=v4.7, .NETFramework,Version=v4.7.1, .NETFramework,Version=v4.7.2, .NETFramework,Version=v4.8, .NETFramework,Version=v4.8.1' instead of the project target framework 'net8.0'. This package may not be fully compatible with your project.
C:\Users\ultra\warewolf\Dev\Warewolf.Interfaces\Data\ChatbotSettingsData.cs(20,23): warning CS0169: The field 'ChatbotSettingsData._encryptDataSource' is never used [C:\Users\ultra\warewolf\Dev\Warewolf.Interfaces\Warewolf.Interfaces.csproj]
C:\Users\ultra\warewolf\Dev\Warewolf.Interfaces\Auditing\SerializableException.cs(15,7): warning CS0414: The field 'SerializableException.HResult' is assigned but its value is never used [C:\Users\ultra\warewolf\Dev\Warewolf.Interfaces\Warewolf.Interfaces.csproj]
C:\Users\ultra\warewolf\Dev\Warewolf.Data\Warewolf.Data.csproj : warning NU1701: Package 'AeroWizard 2.3.1' was restored using '.NETFramework,Version=v4.6.1, .NETFramework,Version=v4.6.2, .NETFramework,Version=v4.7, .NETFramework,Version=v4.7.1, .NETFramework,Version=v4.7.2, .NETFramework,Version=v4.8, .NETFramework,Version=v4.8.1' instead of the project target framework 'net8.0'. This package may not be fully compatible with your project.
C:\Users\ultra\warewolf\Dev\Warewolf.Data\Warewolf.Data.csproj : warning NU1701: Package 'GroupControls 1.9.0' was restored using '.NETFramework,Version=v4.6.1, .NETFramework,Version=v4.6.2, .NETFramework,Version=v4.7, .NETFramework,Version=v4.7.1, .NETFramework,Version=v4.7.2, .NETFramework,Version=v4.8, .NETFramework,Version=v4.8.1' instead of the project target framework 'net8.0'. This package may not be fully compatible with your project.
C:\Users\ultra\warewolf\Dev\Warewolf.Data\Warewolf.Data.csproj : warning NU1701: Package 'TaskSchedulerEditor 2.10.1' was restored using '.NETFramework,Version=v4.6.1, .NETFramework,Version=v4.6.2, .NETFramework,Version=v4.7, .NETFramework,Version=v4.7.1, .NETFramework,Version=v4.7.2, .NETFramework,Version=v4.8, .NETFramework,Version=v4.8.1' instead of the project target framework 'net8.0'. This package may not be fully compatible with your project.
  Warewolf.Interfaces -> C:\Users\ultra\warewolf\Dev\Warewolf.Interfaces\bin\Debug\net8.0\Warewolf.Interfaces.dll
C:\Users\ultra\warewolf\Dev\Warewolf.Studio.ViewModels\Warewolf.Studio.ViewModels.csproj : warning NU1701: Package 'AeroWizard 2.3.1' was restored using '.NETFramework,Version=v4.6.1, .NETFramework,Version=v4.6.2, .NETFramework,Version=v4.7, .NETFramework,Version=v4.7.1, .NETFramework,Version=v4.7.2, .NETFramework,Version=v4.8, .NETFramework,Version=v4.8.1' instead of the project target framework 'net8.0'. This package may not be fully compatible with your project.
C:\Users\ultra\warewolf\Dev\Warewolf.Studio.ViewModels\Warewolf.Studio.ViewModels.csproj : warning NU1701: Package 'GroupControls 1.9.0' was restored using '.NETFramework,Version=v4.6.1, .NETFramework,Version=v4.6.2, .NETFramework,Version=v4.7, .NETFramework,Version=v4.7.1, .NETFramework,Version=v4.7.2, .NETFramework,Version=v4.8, .NETFramework,Version=v4.8.1' instead of the project target framework 'net8.0'. This package may not be fully compatible with your project.
C:\Users\ultra\warewolf\Dev\Warewolf.Studio.ViewModels\Warewolf.Studio.ViewModels.csproj : warning NU1701: Package 'Microsoft.Xaml.Behaviors.Wpf 1.1.122' was restored using '.NETFramework,Version=v4.6.1, .NETFramework,Version=v4.6.2, .NETFramework,Version=v4.7, .NETFramework,Version=v4.7.1, .NETFramework,Version=v4.7.2, .NETFramework,Version=v4.8, .NETFramework,Version=v4.8.1' instead of the project target framework 'net8.0'. This package may not be fully compatible with your project.
C:\Users\ultra\warewolf\Dev\Warewolf.Studio.ViewModels\Warewolf.Studio.ViewModels.csproj : warning NU1701: Package 'Prism.Wpf 9.0.537' was restored using '.NETFramework,Version=v4.6.1, .NETFramework,Version=v4.6.2, .NETFramework,Version=v4.7, .NETFramework,Version=v4.7.1, .NETFramework,Version=v4.7.2, .NETFramework,Version=v4.8, .NETFramework,Version=v4.8.1' instead of the project target framework 'net8.0'. This package may not be fully compatible with your project.
C:\Users\ultra\warewolf\Dev\Warewolf.Studio.ViewModels\Warewolf.Studio.ViewModels.csproj : warning NU1701: Package 'ReactiveUI.WPF 18.4.1' was restored using '.NETFramework,Version=v4.6.1, .NETFramework,Version=v4.6.2, .NETFramework,Version=v4.7, .NETFramework,Version=v4.7.1, .NETFramework,Version=v4.7.2, .NETFramework,Version=v4.8, .NETFramework,Version=v4.8.1' instead of the project target framework 'net8.0'. This package may not be fully compatible with your project.
C:\Users\ultra\warewolf\Dev\Warewolf.Studio.ViewModels\Warewolf.Studio.ViewModels.csproj : warning NU1701: Package 'TaskSchedulerEditor 2.10.1' was restored using '.NETFramework,Version=v4.6.1, .NETFramework,Version=v4.6.2, .NETFramework,Version=v4.7, .NETFramework,Version=v4.7.1, .NETFramework,Version=v4.7.2, .NETFramework,Version=v4.8, .NETFramework,Version=v4.8.1' instead of the project target framework 'net8.0'. This package may not be fully compatible with your project.
C:\Users\ultra\warewolf\Dev\Warewolf.Storage.Interfaces\Warewolf.Storage.Interfaces.csproj : warning NU1701: Package 'AeroWizard 2.3.1' was restored using '.NETFramework,Version=v4.6.1, .NETFramework,Version=v4.6.2, .NETFramework,Version=v4.7, .NETFramework,Version=v4.7.1, .NETFramework,Version=v4.7.2, .NETFramework,Version=v4.8, .NETFramework,Version=v4.8.1' instead of the project target framework 'net8.0'. This package may not be fully compatible with your project.
C:\Users\ultra\warewolf\Dev\Warewolf.Storage.Interfaces\Warewolf.Storage.Interfaces.csproj : warning NU1701: Package 'GroupControls 1.9.0' was restored using '.NETFramework,Version=v4.6.1, .NETFramework,Version=v4.6.2, .NETFramework,Version=v4.7, .NETFramework,Version=v4.7.1, .NETFramework,Version=v4.7.2, .NETFramework,Version=v4.8, .NETFramework,Version=v4.8.1' instead of the project target framework 'net8.0'. This package may not be fully compatible with your project.
C:\Users\ultra\warewolf\Dev\Warewolf.Storage.Interfaces\Warewolf.Storage.Interfaces.csproj : warning NU1701: Package 'TaskSchedulerEditor 2.10.1' was restored using '.NETFramework,Version=v4.6.1, .NETFramework,Version=v4.6.2, .NETFramework,Version=v4.7, .NETFramework,Version=v4.7.1, .NETFramework,Version=v4.7.2, .NETFramework,Version=v4.8, .NETFramework,Version=v4.8.1' instead of the project target framework 'net8.0'. This package may not be fully compatible with your project.
  Dev2.SignalR.Wrappers.Interfaces -> C:\Users\ultra\warewolf\Dev\Dev2.SignalR.Wrappers\bin\Debug\net8.0\Dev2.SignalR.Wrappers.dll
C:\Users\ultra\warewolf\Dev\Warewolf.Studio.Models\Warewolf.Studio.Models.csproj : warning NU1701: Package 'AeroWizard 2.3.1' was restored using '.NETFramework,Version=v4.6.1, .NETFramework,Version=v4.6.2, .NETFramework,Version=v4.7, .NETFramework,Version=v4.7.1, .NETFramework,Version=v4.7.2, .NETFramework,Version=v4.8, .NETFramework,Version=v4.8.1' instead of the project target framework 'net8.0'. This package may not be fully compatible with your project.
C:\Users\ultra\warewolf\Dev\Warewolf.Studio.Models\Warewolf.Studio.Models.csproj : warning NU1701: Package 'GroupControls 1.9.0' was restored using '.NETFramework,Version=v4.6.1, .NETFramework,Version=v4.6.2, .NETFramework,Version=v4.7, .NETFramework,Version=v4.7.1, .NETFramework,Version=v4.7.2, .NETFramework,Version=v4.8, .NETFramework,Version=v4.8.1' instead of the project target framework 'net8.0'. This package may not be fully compatible with your project.
C:\Users\ultra\warewolf\Dev\Warewolf.Studio.Models\Warewolf.Studio.Models.csproj : warning NU1701: Package 'Microsoft.Xaml.Behaviors.Wpf 1.1.122' was restored using '.NETFramework,Version=v4.6.1, .NETFramework,Version=v4.6.2, .NETFramework,Version=v4.7, .NETFramework,Version=v4.7.1, .NETFramework,Version=v4.7.2, .NETFramework,Version=v4.8, .NETFramework,Version=v4.8.1' instead of the project target framework 'net8.0'. This package may not be fully compatible with your project.
C:\Users\ultra\warewolf\Dev\Warewolf.Studio.Models\Warewolf.Studio.Models.csproj : warning NU1701: Package 'Prism.Wpf 9.0.537' was restored using '.NETFramework,Version=v4.6.1, .NETFramework,Version=v4.6.2, .NETFramework,Version=v4.7, .NETFramework,Version=v4.7.1, .NETFramework,Version=v4.7.2, .NETFramework,Version=v4.8, .NETFramework,Version=v4.8.1' instead of the project target framework 'net8.0'. This package may not be fully compatible with your project.
C:\Users\ultra\warewolf\Dev\Warewolf.Studio.Models\Warewolf.Studio.Models.csproj : warning NU1701: Package 'ReactiveUI.WPF 18.4.1' was restored using '.NETFramework,Version=v4.6.1, .NETFramework,Version=v4.6.2, .NETFramework,Version=v4.7, .NETFramework,Version=v4.7.1, .NETFramework,Version=v4.7.2, .NETFramework,Version=v4.8, .NETFramework,Version=v4.8.1' instead of the project target framework 'net8.0'. This package may not be fully compatible with your project.
C:\Users\ultra\warewolf\Dev\Warewolf.Studio.Models\Warewolf.Studio.Models.csproj : warning NU1701: Package 'TaskSchedulerEditor 2.10.1' was restored using '.NETFramework,Version=v4.6.1, .NETFramework,Version=v4.6.2, .NETFramework,Version=v4.7, .NETFramework,Version=v4.7.1, .NETFramework,Version=v4.7.2, .NETFramework,Version=v4.8, .NETFramework,Version=v4.8.1' instead of the project target framework 'net8.0'. This package may not be fully compatible with your project.
C:\Users\ultra\warewolf\Dev\Warewolf.Security\Encryption\AESThenHMAC.cs(168,34): warning SYSLIB0021: 'AesManaged' is obsolete: 'Derived cryptographic types are obsolete. Use the Create method on the base type instead.' (https://aka.ms/dotnet-warnings/SYSLIB0021) [C:\Users\ultra\warewolf\Dev\Warewolf.Security\Warewolf.Security.csproj]
C:\Users\ultra\warewolf\Dev\Warewolf.Security\Encryption\AESThenHMAC.cs(264,38): warning SYSLIB0021: 'AesManaged' is obsolete: 'Derived cryptographic types are obsolete. Use the Create method on the base type instead.' (https://aka.ms/dotnet-warnings/SYSLIB0021) [C:\Users\ultra\warewolf\Dev\Warewolf.Security\Warewolf.Security.csproj]
C:\Users\ultra\warewolf\Dev\Warewolf.Security\Encryption\AESThenHMAC.cs(331,36): warning SYSLIB0041: 'Rfc2898DeriveBytes.Rfc2898DeriveBytes(string, int, int)' is obsolete: 'The default hash algorithm and iteration counts in Rfc2898DeriveBytes constructors are outdated and insecure. Use a constructor that accepts the hash algorithm and the number of iterations.' (https://aka.ms/dotnet-warnings/SYSLIB0041) [C:\Users\ultra\warewolf\Dev\Warewolf.Security\Warewolf.Security.csproj]
C:\Users\ultra\warewolf\Dev\Warewolf.Security\Encryption\AESThenHMAC.cs(345,36): warning SYSLIB0041: 'Rfc2898DeriveBytes.Rfc2898DeriveBytes(string, int, int)' is obsolete: 'The default hash algorithm and iteration counts in Rfc2898DeriveBytes constructors are outdated and insecure. Use a constructor that accepts the hash algorithm and the number of iterations.' (https://aka.ms/dotnet-warnings/SYSLIB0041) [C:\Users\ultra\warewolf\Dev\Warewolf.Security\Warewolf.Security.csproj]
C:\Users\ultra\warewolf\Dev\Warewolf.Security\Encryption\AESThenHMAC.cs(393,36): warning SYSLIB0041: 'Rfc2898DeriveBytes.Rfc2898DeriveBytes(string, byte[], int)' is obsolete: 'The default hash algorithm and iteration counts in Rfc2898DeriveBytes constructors are outdated and insecure. Use a constructor that accepts the hash algorithm and the number of iterations.' (https://aka.ms/dotnet-warnings/SYSLIB0041) [C:\Users\ultra\warewolf\Dev\Warewolf.Security\Warewolf.Security.csproj]
C:\Users\ultra\warewolf\Dev\Warewolf.Security\Encryption\AESThenHMAC.cs(398,36): warning SYSLIB0041: 'Rfc2898DeriveBytes.Rfc2898DeriveBytes(string, byte[], int)' is obsolete: 'The default hash algorithm and iteration counts in Rfc2898DeriveBytes constructors are outdated and insecure. Use a constructor that accepts the hash algorithm and the number of iterations.' (https://aka.ms/dotnet-warnings/SYSLIB0041) [C:\Users\ultra\warewolf\Dev\Warewolf.Security\Warewolf.Security.csproj]
C:\Users\ultra\warewolf\Dev\Warewolf.Sharepoint\Warewolf.Sharepoint.csproj : warning NU1701: Package 'AeroWizard 2.3.1' was restored using '.NETFramework,Version=v4.6.1, .NETFramework,Version=v4.6.2, .NETFramework,Version=v4.7, .NETFramework,Version=v4.7.1, .NETFramework,Version=v4.7.2, .NETFramework,Version=v4.8, .NETFramework,Version=v4.8.1' instead of the project target framework 'net8.0'. This package may not be fully compatible with your project.
C:\Users\ultra\warewolf\Dev\Warewolf.Sharepoint\Warewolf.Sharepoint.csproj : warning NU1701: Package 'GroupControls 1.9.0' was restored using '.NETFramework,Version=v4.6.1, .NETFramework,Version=v4.6.2, .NETFramework,Version=v4.7, .NETFramework,Version=v4.7.1, .NETFramework,Version=v4.7.2, .NETFramework,Version=v4.8, .NETFramework,Version=v4.8.1' instead of the project target framework 'net8.0'. This package may not be fully compatible with your project.
C:\Users\ultra\warewolf\Dev\Warewolf.Sharepoint\Warewolf.Sharepoint.csproj : warning NU1701: Package 'ReactiveUI.WPF 18.4.1' was restored using '.NETFramework,Version=v4.6.1, .NETFramework,Version=v4.6.2, .NETFramework,Version=v4.7, .NETFramework,Version=v4.7.1, .NETFramework,Version=v4.7.2, .NETFramework,Version=v4.8, .NETFramework,Version=v4.8.1' instead of the project target framework 'net8.0'. This package may not be fully compatible with your project.
C:\Users\ultra\warewolf\Dev\Warewolf.Sharepoint\Warewolf.Sharepoint.csproj : warning NU1701: Package 'TaskSchedulerEditor 2.10.1' was restored using '.NETFramework,Version=v4.6.1, .NETFramework,Version=v4.6.2, .NETFramework,Version=v4.7, .NETFramework,Version=v4.7.1, .NETFramework,Version=v4.7.2, .NETFramework,Version=v4.8, .NETFramework,Version=v4.8.1' instead of the project target framework 'net8.0'. This package may not be fully compatible with your project.
  Warewolf.Security -> C:\Users\ultra\warewolf\Dev\Warewolf.Security\bin\Debug\net8.0\Warewolf.Security.dll
C:\Users\ultra\warewolf\Dev\Warewolf.Auditing\Warewolf.Auditing.csproj : warning NU1701: Package 'AeroWizard 2.3.1' was restored using '.NETFramework,Version=v4.6.1, .NETFramework,Version=v4.6.2, .NETFramework,Version=v4.7, .NETFramework,Version=v4.7.1, .NETFramework,Version=v4.7.2, .NETFramework,Version=v4.8, .NETFramework,Version=v4.8.1' instead of the project target framework 'net8.0'. This package may not be fully compatible with your project.
C:\Users\ultra\warewolf\Dev\Warewolf.Auditing\Warewolf.Auditing.csproj : warning NU1701: Package 'GroupControls 1.9.0' was restored using '.NETFramework,Version=v4.6.1, .NETFramework,Version=v4.6.2, .NETFramework,Version=v4.7, .NETFramework,Version=v4.7.1, .NETFramework,Version=v4.7.2, .NETFramework,Version=v4.8, .NETFramework,Version=v4.8.1' instead of the project target framework 'net8.0'. This package may not be fully compatible with your project.
C:\Users\ultra\warewolf\Dev\Warewolf.Auditing\Warewolf.Auditing.csproj : warning NU1701: Package 'ReactiveUI.WPF 18.4.1' was restored using '.NETFramework,Version=v4.6.1, .NETFramework,Version=v4.6.2, .NETFramework,Version=v4.7, .NETFramework,Version=v4.7.1, .NETFramework,Version=v4.7.2, .NETFramework,Version=v4.8, .NETFramework,Version=v4.8.1' instead of the project target framework 'net8.0'. This package may not be fully compatible with your project.
C:\Users\ultra\warewolf\Dev\Warewolf.Auditing\Warewolf.Auditing.csproj : warning NU1701: Package 'TaskSchedulerEditor 2.10.1' was restored using '.NETFramework,Version=v4.6.1, .NETFramework,Version=v4.6.2, .NETFramework,Version=v4.7, .NETFramework,Version=v4.7.1, .NETFramework,Version=v4.7.2, .NETFramework,Version=v4.8, .NETFramework,Version=v4.8.1' instead of the project target framework 'net8.0'. This package may not be fully compatible with your project.
C:\Users\ultra\warewolf\Dev\Warewolf.Common\Warewolf.Common.csproj : warning NU1701: Package 'AeroWizard 2.3.1' was restored using '.NETFramework,Version=v4.6.1, .NETFramework,Version=v4.6.2, .NETFramework,Version=v4.7, .NETFramework,Version=v4.7.1, .NETFramework,Version=v4.7.2, .NETFramework,Version=v4.8, .NETFramework,Version=v4.8.1' instead of the project target framework 'net8.0'. This package may not be fully compatible with your project.
C:\Users\ultra\warewolf\Dev\Warewolf.Common\Warewolf.Common.csproj : warning NU1701: Package 'GroupControls 1.9.0' was restored using '.NETFramework,Version=v4.6.1, .NETFramework,Version=v4.6.2, .NETFramework,Version=v4.7, .NETFramework,Version=v4.7.1, .NETFramework,Version=v4.7.2, .NETFramework,Version=v4.8, .NETFramework,Version=v4.8.1' instead of the project target framework 'net8.0'. This package may not be fully compatible with your project.
C:\Users\ultra\warewolf\Dev\Warewolf.Common\Warewolf.Common.csproj : warning NU1701: Package 'TaskSchedulerEditor 2.10.1' was restored using '.NETFramework,Version=v4.6.1, .NETFramework,Version=v4.6.2, .NETFramework,Version=v4.7, .NETFramework,Version=v4.7.1, .NETFramework,Version=v4.7.2, .NETFramework,Version=v4.8, .NETFramework,Version=v4.8.1' instead of the project target framework 'net8.0'. This package may not be fully compatible with your project.
C:\Users\ultra\warewolf\Dev\TestBase\TestBase.csproj : warning NU1701: Package 'AeroWizard 2.3.1' was restored using '.NETFramework,Version=v4.6.1, .NETFramework,Version=v4.6.2, .NETFramework,Version=v4.7, .NETFramework,Version=v4.7.1, .NETFramework,Version=v4.7.2, .NETFramework,Version=v4.8, .NETFramework,Version=v4.8.1' instead of the project target framework 'net8.0'. This package may not be fully compatible with your project.
C:\Users\ultra\warewolf\Dev\TestBase\TestBase.csproj : warning NU1701: Package 'AvalonEdit 6.3.0.90' was restored using '.NETFramework,Version=v4.6.1, .NETFramework,Version=v4.6.2, .NETFramework,Version=v4.7, .NETFramework,Version=v4.7.1, .NETFramework,Version=v4.7.2, .NETFramework,Version=v4.8, .NETFramework,Version=v4.8.1' instead of the project target framework 'net8.0'. This package may not be fully compatible with your project.
C:\Users\ultra\warewolf\Dev\TestBase\TestBase.csproj : warning NU1701: Package 'CommonServiceLocator 1.2.0' was restored using '.NETFramework,Version=v4.6.1, .NETFramework,Version=v4.6.2, .NETFramework,Version=v4.7, .NETFramework,Version=v4.7.1, .NETFramework,Version=v4.7.2, .NETFramework,Version=v4.8, .NETFramework,Version=v4.8.1' instead of the project target framework 'net8.0'. This package may not be fully compatible with your project.
C:\Users\ultra\warewolf\Dev\TestBase\TestBase.csproj : warning NU1701: Package 'FontAwesome.WPF 4.7.0.9' was restored using '.NETFramework,Version=v4.6.1, .NETFramework,Version=v4.6.2, .NETFramework,Version=v4.7, .NETFramework,Version=v4.7.1, .NETFramework,Version=v4.7.2, .NETFramework,Version=v4.8, .NETFramework,Version=v4.8.1' instead of the project target framework 'net8.0'. This package may not be fully compatible with your project.
C:\Users\ultra\warewolf\Dev\TestBase\TestBase.csproj : warning NU1701: Package 'GroupControls 1.9.0' was restored using '.NETFramework,Version=v4.6.1, .NETFramework,Version=v4.6.2, .NETFramework,Version=v4.7, .NETFramework,Version=v4.7.1, .NETFramework,Version=v4.7.2, .NETFramework,Version=v4.8, .NETFramework,Version=v4.8.1' instead of the project target framework 'net8.0'. This package may not be fully compatible with your project.
C:\Users\ultra\warewolf\Dev\TestBase\TestBase.csproj : warning NU1701: Package 'Log4Net.Async 2.0.4' was restored using '.NETFramework,Version=v4.6.1, .NETFramework,Version=v4.6.2, .NETFramework,Version=v4.7, .NETFramework,Version=v4.7.1, .NETFramework,Version=v4.7.2, .NETFramework,Version=v4.8, .NETFramework,Version=v4.8.1' instead of the project target framework 'net8.0'. This package may not be fully compatible with your project.
C:\Users\ultra\warewolf\Dev\TestBase\TestBase.csproj : warning NU1701: Package 'Microsoft.Xaml.Behaviors.Wpf 1.1.122' was restored using '.NETFramework,Version=v4.6.1, .NETFramework,Version=v4.6.2, .NETFramework,Version=v4.7, .NETFramework,Version=v4.7.1, .NETFramework,Version=v4.7.2, .NETFramework,Version=v4.8, .NETFramework,Version=v4.8.1' instead of the project target framework 'net8.0'. This package may not be fully compatible with your project.
C:\Users\ultra\warewolf\Dev\TestBase\TestBase.csproj : warning NU1701: Package 'Prism.Composition 5.0.0' was restored using '.NETFramework,Version=v4.6.1, .NETFramework,Version=v4.6.2, .NETFramework,Version=v4.7, .NETFramework,Version=v4.7.1, .NETFramework,Version=v4.7.2, .NETFramework,Version=v4.8, .NETFramework,Version=v4.8.1' instead of the project target framework 'net8.0'. This package may not be fully compatible with your project.
C:\Users\ultra\warewolf\Dev\TestBase\TestBase.csproj : warning NU1701: Package 'Prism.Interactivity 5.0.0' was restored using '.NETFramework,Version=v4.6.1, .NETFramework,Version=v4.6.2, .NETFramework,Version=v4.7, .NETFramework,Version=v4.7.1, .NETFramework,Version=v4.7.2, .NETFramework,Version=v4.8, .NETFramework,Version=v4.8.1' instead of the project target framework 'net8.0'. This package may not be fully compatible with your project.
C:\Users\ultra\warewolf\Dev\TestBase\TestBase.csproj : warning NU1701: Package 'Prism.Mvvm 1.0.0' was restored using '.NETFramework,Version=v4.6.1, .NETFramework,Version=v4.6.2, .NETFramework,Version=v4.7, .NETFramework,Version=v4.7.1, .NETFramework,Version=v4.7.2, .NETFramework,Version=v4.8, .NETFramework,Version=v4.8.1' instead of the project target framework 'net8.0'. This package may not be fully compatible with your project.
C:\Users\ultra\warewolf\Dev\TestBase\TestBase.csproj : warning NU1701: Package 'Prism.PubSubEvents 1.0.0' was restored using '.NETFramework,Version=v4.6.1, .NETFramework,Version=v4.6.2, .NETFramework,Version=v4.7, .NETFramework,Version=v4.7.1, .NETFramework,Version=v4.7.2, .NETFramework,Version=v4.8, .NETFramework,Version=v4.8.1' instead of the project target framework 'net8.0'. This package may not be fully compatible with your project.
C:\Users\ultra\warewolf\Dev\TestBase\TestBase.csproj : warning NU1701: Package 'Prism.UnityExtensions 5.0.1' was restored using '.NETFramework,Version=v4.6.1, .NETFramework,Version=v4.6.2, .NETFramework,Version=v4.7, .NETFramework,Version=v4.7.1, .NETFramework,Version=v4.7.2, .NETFramework,Version=v4.8, .NETFramework,Version=v4.8.1' instead of the project target framework 'net8.0'. This package may not be fully compatible with your project.
C:\Users\ultra\warewolf\Dev\TestBase\TestBase.csproj : warning NU1701: Package 'Prism.Wpf 9.0.537' was restored using '.NETFramework,Version=v4.6.1, .NETFramework,Version=v4.6.2, .NETFramework,Version=v4.7, .NETFramework,Version=v4.7.1, .NETFramework,Version=v4.7.2, .NETFramework,Version=v4.8, .NETFramework,Version=v4.8.1' instead of the project target framework 'net8.0'. This package may not be fully compatible with your project.
C:\Users\ultra\warewolf\Dev\TestBase\TestBase.csproj : warning NU1701: Package 'ReactiveUI.WPF 18.4.1' was restored using '.NETFramework,Version=v4.6.1, .NETFramework,Version=v4.6.2, .NETFramework,Version=v4.7, .NETFramework,Version=v4.7.1, .NETFramework,Version=v4.7.2, .NETFramework,Version=v4.8, .NETFramework,Version=v4.8.1' instead of the project target framework 'net8.0'. This package may not be fully compatible with your project.
C:\Users\ultra\warewolf\Dev\TestBase\TestBase.csproj : warning NU1701: Package 'TaskSchedulerEditor 2.10.1' was restored using '.NETFramework,Version=v4.6.1, .NETFramework,Version=v4.6.2, .NETFramework,Version=v4.7, .NETFramework,Version=v4.7.1, .NETFramework,Version=v4.7.2, .NETFramework,Version=v4.8, .NETFramework,Version=v4.8.1' instead of the project target framework 'net8.0'. This package may not be fully compatible with your project.
C:\Users\ultra\warewolf\Dev\TestBase\TestBase.csproj : warning NU1701: Package 'Unofficial.Microsoft.mshtml 7.0.3300' was restored using '.NETFramework,Version=v4.6.1, .NETFramework,Version=v4.6.2, .NETFramework,Version=v4.7, .NETFramework,Version=v4.7.1, .NETFramework,Version=v4.7.2, .NETFramework,Version=v4.8, .NETFramework,Version=v4.8.1' instead of the project target framework 'net8.0'. This package may not be fully compatible with your project.
C:\Users\ultra\warewolf\Dev\Dev2.Infrastructure.Tests\Dev2.Infrastructure.Tests.csproj : warning NU1701: Package 'AeroWizard 2.3.1' was restored using '.NETFramework,Version=v4.6.1, .NETFramework,Version=v4.6.2, .NETFramework,Version=v4.7, .NETFramework,Version=v4.7.1, .NETFramework,Version=v4.7.2, .NETFramework,Version=v4.8, .NETFramework,Version=v4.8.1' instead of the project target framework 'net8.0'. This package may not be fully compatible with your project.
C:\Users\ultra\warewolf\Dev\Dev2.Infrastructure.Tests\Dev2.Infrastructure.Tests.csproj : warning NU1701: Package 'GroupControls 1.9.0' was restored using '.NETFramework,Version=v4.6.1, .NETFramework,Version=v4.6.2, .NETFramework,Version=v4.7, .NETFramework,Version=v4.7.1, .NETFramework,Version=v4.7.2, .NETFramework,Version=v4.8, .NETFramework,Version=v4.8.1' instead of the project target framework 'net8.0'. This package may not be fully compatible with your project.
C:\Users\ultra\warewolf\Dev\Dev2.Infrastructure.Tests\Dev2.Infrastructure.Tests.csproj : warning NU1701: Package 'Microsoft.Xaml.Behaviors.Wpf 1.1.122' was restored using '.NETFramework,Version=v4.6.1, .NETFramework,Version=v4.6.2, .NETFramework,Version=v4.7, .NETFramework,Version=v4.7.1, .NETFramework,Version=v4.7.2, .NETFramework,Version=v4.8, .NETFramework,Version=v4.8.1' instead of the project target framework 'net8.0'. This package may not be fully compatible with your project.
C:\Users\ultra\warewolf\Dev\Dev2.Infrastructure.Tests\Dev2.Infrastructure.Tests.csproj : warning NU1701: Package 'Prism.Wpf 9.0.537' was restored using '.NETFramework,Version=v4.6.1, .NETFramework,Version=v4.6.2, .NETFramework,Version=v4.7, .NETFramework,Version=v4.7.1, .NETFramework,Version=v4.7.2, .NETFramework,Version=v4.8, .NETFramework,Version=v4.8.1' instead of the project target framework 'net8.0'. This package may not be fully compatible with your project.
C:\Users\ultra\warewolf\Dev\Dev2.Infrastructure.Tests\Dev2.Infrastructure.Tests.csproj : warning NU1701: Package 'ReactiveUI.WPF 18.4.1' was restored using '.NETFramework,Version=v4.6.1, .NETFramework,Version=v4.6.2, .NETFramework,Version=v4.7, .NETFramework,Version=v4.7.1, .NETFramework,Version=v4.7.2, .NETFramework,Version=v4.8, .NETFramework,Version=v4.8.1' instead of the project target framework 'net8.0'. This package may not be fully compatible with your project.
C:\Users\ultra\warewolf\Dev\Dev2.Infrastructure.Tests\Dev2.Infrastructure.Tests.csproj : warning NU1701: Package 'TaskSchedulerEditor 2.10.1' was restored using '.NETFramework,Version=v4.6.1, .NETFramework,Version=v4.6.2, .NETFramework,Version=v4.7, .NETFramework,Version=v4.7.1, .NETFramework,Version=v4.7.2, .NETFramework,Version=v4.8, .NETFramework,Version=v4.8.1' instead of the project target framework 'net8.0'. This package may not be fully compatible with your project.
C:\Users\ultra\warewolf\Dev\Warewolf.QueueWorker\Warewolf.QueueWorker.csproj : warning NU1701: Package 'AeroWizard 2.3.1' was restored using '.NETFramework,Version=v4.6.1, .NETFramework,Version=v4.6.2, .NETFramework,Version=v4.7, .NETFramework,Version=v4.7.1, .NETFramework,Version=v4.7.2, .NETFramework,Version=v4.8, .NETFramework,Version=v4.8.1' instead of the project target framework 'net8.0'. This package may not be fully compatible with your project.
C:\Users\ultra\warewolf\Dev\Warewolf.QueueWorker\Warewolf.QueueWorker.csproj : warning NU1701: Package 'GroupControls 1.9.0' was restored using '.NETFramework,Version=v4.6.1, .NETFramework,Version=v4.6.2, .NETFramework,Version=v4.7, .NETFramework,Version=v4.7.1, .NETFramework,Version=v4.7.2, .NETFramework,Version=v4.8, .NETFramework,Version=v4.8.1' instead of the project target framework 'net8.0'. This package may not be fully compatible with your project.
C:\Users\ultra\warewolf\Dev\Warewolf.QueueWorker\Warewolf.QueueWorker.csproj : warning NU1701: Package 'Microsoft.Xaml.Behaviors.Wpf 1.1.122' was restored using '.NETFramework,Version=v4.6.1, .NETFramework,Version=v4.6.2, .NETFramework,Version=v4.7, .NETFramework,Version=v4.7.1, .NETFramework,Version=v4.7.2, .NETFramework,Version=v4.8, .NETFramework,Version=v4.8.1' instead of the project target framework 'net8.0'. This package may not be fully compatible with your project.
C:\Users\ultra\warewolf\Dev\Warewolf.QueueWorker\Warewolf.QueueWorker.csproj : warning NU1701: Package 'Prism.Wpf 9.0.537' was restored using '.NETFramework,Version=v4.6.1, .NETFramework,Version=v4.6.2, .NETFramework,Version=v4.7, .NETFramework,Version=v4.7.1, .NETFramework,Version=v4.7.2, .NETFramework,Version=v4.8, .NETFramework,Version=v4.8.1' instead of the project target framework 'net8.0'. This package may not be fully compatible with your project.
C:\Users\ultra\warewolf\Dev\Warewolf.QueueWorker\Warewolf.QueueWorker.csproj : warning NU1701: Package 'ReactiveUI.WPF 18.4.1' was restored using '.NETFramework,Version=v4.6.1, .NETFramework,Version=v4.6.2, .NETFramework,Version=v4.7, .NETFramework,Version=v4.7.1, .NETFramework,Version=v4.7.2, .NETFramework,Version=v4.8, .NETFramework,Version=v4.8.1' instead of the project target framework 'net8.0'. This package may not be fully compatible with your project.
C:\Users\ultra\warewolf\Dev\Warewolf.QueueWorker\Warewolf.QueueWorker.csproj : warning NU1701: Package 'TaskSchedulerEditor 2.10.1' was restored using '.NETFramework,Version=v4.6.1, .NETFramework,Version=v4.6.2, .NETFramework,Version=v4.7, .NETFramework,Version=v4.7.1, .NETFramework,Version=v4.7.2, .NETFramework,Version=v4.8, .NETFramework,Version=v4.8.1' instead of the project target framework 'net8.0'. This package may not be fully compatible with your project.
C:\Users\ultra\warewolf\Dev\Warewolf.HangfireServer\Warewolf.HangfireServer.csproj : warning NU1903: Package 'Microsoft.Windows.Compatibility' 6.0.0 has a known high severity vulnerability, https://github.com/advisories/GHSA-555c-2p6r-68mm
C:\Users\ultra\warewolf\Dev\Warewolf.HangfireServer\Warewolf.HangfireServer.csproj : warning NU1701: Package 'AeroWizard 2.3.1' was restored using '.NETFramework,Version=v4.6.1, .NETFramework,Version=v4.6.2, .NETFramework,Version=v4.7, .NETFramework,Version=v4.7.1, .NETFramework,Version=v4.7.2, .NETFramework,Version=v4.8, .NETFramework,Version=v4.8.1' instead of the project target framework 'net8.0'. This package may not be fully compatible with your project.
C:\Users\ultra\warewolf\Dev\Warewolf.HangfireServer\Warewolf.HangfireServer.csproj : warning NU1701: Package 'GroupControls 1.9.0' was restored using '.NETFramework,Version=v4.6.1, .NETFramework,Version=v4.6.2, .NETFramework,Version=v4.7, .NETFramework,Version=v4.7.1, .NETFramework,Version=v4.7.2, .NETFramework,Version=v4.8, .NETFramework,Version=v4.8.1' instead of the project target framework 'net8.0'. This package may not be fully compatible with your project.
C:\Users\ultra\warewolf\Dev\Warewolf.HangfireServer\Warewolf.HangfireServer.csproj : warning NU1701: Package 'ReactiveUI.WPF 18.4.1' was restored using '.NETFramework,Version=v4.6.1, .NETFramework,Version=v4.6.2, .NETFramework,Version=v4.7, .NETFramework,Version=v4.7.1, .NETFramework,Version=v4.7.2, .NETFramework,Version=v4.8, .NETFramework,Version=v4.8.1' instead of the project target framework 'net8.0'. This package may not be fully compatible with your project.
C:\Users\ultra\warewolf\Dev\Warewolf.HangfireServer\Warewolf.HangfireServer.csproj : warning NU1701: Package 'TaskSchedulerEditor 2.10.1' was restored using '.NETFramework,Version=v4.6.1, .NETFramework,Version=v4.6.2, .NETFramework,Version=v4.7, .NETFramework,Version=v4.7.1, .NETFramework,Version=v4.7.2, .NETFramework,Version=v4.8, .NETFramework,Version=v4.8.1' instead of the project target framework 'net8.0'. This package may not be fully compatible with your project.
C:\Users\ultra\warewolf\Dev\Dev2.Runtime.Configuration.Tests\Dev2.Runtime.Configuration.Tests.csproj : warning NU1701: Package 'AeroWizard 2.3.1' was restored using '.NETFramework,Version=v4.6.1, .NETFramework,Version=v4.6.2, .NETFramework,Version=v4.7, .NETFramework,Version=v4.7.1, .NETFramework,Version=v4.7.2, .NETFramework,Version=v4.8, .NETFramework,Version=v4.8.1' instead of the project target framework 'net8.0'. This package may not be fully compatible with your project.
C:\Users\ultra\warewolf\Dev\Dev2.Runtime.Configuration.Tests\Dev2.Runtime.Configuration.Tests.csproj : warning NU1701: Package 'GroupControls 1.9.0' was restored using '.NETFramework,Version=v4.6.1, .NETFramework,Version=v4.6.2, .NETFramework,Version=v4.7, .NETFramework,Version=v4.7.1, .NETFramework,Version=v4.7.2, .NETFramework,Version=v4.8, .NETFramework,Version=v4.8.1' instead of the project target framework 'net8.0'. This package may not be fully compatible with your project.
C:\Users\ultra\warewolf\Dev\Dev2.Runtime.Configuration.Tests\Dev2.Runtime.Configuration.Tests.csproj : warning NU1701: Package 'TaskSchedulerEditor 2.10.1' was restored using '.NETFramework,Version=v4.6.1, .NETFramework,Version=v4.6.2, .NETFramework,Version=v4.7, .NETFramework,Version=v4.7.1, .NETFramework,Version=v4.7.2, .NETFramework,Version=v4.8, .NETFramework,Version=v4.8.1' instead of the project target framework 'net8.0'. This package may not be fully compatible with your project.
C:\Users\ultra\warewolf\Dev\Dev2.Diagnostics.Tests\Dev2.Diagnostics.Tests.csproj : warning NU1701: Package 'AeroWizard 2.3.1' was restored using '.NETFramework,Version=v4.6.1, .NETFramework,Version=v4.6.2, .NETFramework,Version=v4.7, .NETFramework,Version=v4.7.1, .NETFramework,Version=v4.7.2, .NETFramework,Version=v4.8, .NETFramework,Version=v4.8.1' instead of the project target framework 'net8.0'. This package may not be fully compatible with your project.
C:\Users\ultra\warewolf\Dev\Dev2.Diagnostics.Tests\Dev2.Diagnostics.Tests.csproj : warning NU1701: Package 'GroupControls 1.9.0' was restored using '.NETFramework,Version=v4.6.1, .NETFramework,Version=v4.6.2, .NETFramework,Version=v4.7, .NETFramework,Version=v4.7.1, .NETFramework,Version=v4.7.2, .NETFramework,Version=v4.8, .NETFramework,Version=v4.8.1' instead of the project target framework 'net8.0'. This package may not be fully compatible with your project.
C:\Users\ultra\warewolf\Dev\Dev2.Diagnostics.Tests\Dev2.Diagnostics.Tests.csproj : warning NU1701: Package 'Microsoft.Xaml.Behaviors.Wpf 1.1.122' was restored using '.NETFramework,Version=v4.6.1, .NETFramework,Version=v4.6.2, .NETFramework,Version=v4.7, .NETFramework,Version=v4.7.1, .NETFramework,Version=v4.7.2, .NETFramework,Version=v4.8, .NETFramework,Version=v4.8.1' instead of the project target framework 'net8.0'. This package may not be fully compatible with your project.
C:\Users\ultra\warewolf\Dev\Dev2.Diagnostics.Tests\Dev2.Diagnostics.Tests.csproj : warning NU1701: Package 'Prism.Wpf 9.0.537' was restored using '.NETFramework,Version=v4.6.1, .NETFramework,Version=v4.6.2, .NETFramework,Version=v4.7, .NETFramework,Version=v4.7.1, .NETFramework,Version=v4.7.2, .NETFramework,Version=v4.8, .NETFramework,Version=v4.8.1' instead of the project target framework 'net8.0'. This package may not be fully compatible with your project.
C:\Users\ultra\warewolf\Dev\Dev2.Diagnostics.Tests\Dev2.Diagnostics.Tests.csproj : warning NU1701: Package 'ReactiveUI.WPF 18.4.1' was restored using '.NETFramework,Version=v4.6.1, .NETFramework,Version=v4.6.2, .NETFramework,Version=v4.7, .NETFramework,Version=v4.7.1, .NETFramework,Version=v4.7.2, .NETFramework,Version=v4.8, .NETFramework,Version=v4.8.1' instead of the project target framework 'net8.0'. This package may not be fully compatible with your project.
C:\Users\ultra\warewolf\Dev\Dev2.Diagnostics.Tests\Dev2.Diagnostics.Tests.csproj : warning NU1701: Package 'TaskSchedulerEditor 2.10.1' was restored using '.NETFramework,Version=v4.6.1, .NETFramework,Version=v4.6.2, .NETFramework,Version=v4.7, .NETFramework,Version=v4.7.1, .NETFramework,Version=v4.7.2, .NETFramework,Version=v4.8, .NETFramework,Version=v4.8.1' instead of the project target framework 'net8.0'. This package may not be fully compatible with your project.
  Warewolf.ServiceDefinitions -> C:\Users\ultra\warewolf\Dev\Warewolf.ServiceDefinitions\bin\Debug\net8.0\Warewolf.ServiceDefinitions.dll
C:\Program Files\dotnet\sdk\10.0.201\Sdks\Microsoft.NET.Sdk\targets\Microsoft.NET.Sdk.DefaultItems.targets(162,5): warning NETSDK1137: It is no longer necessary to use the Microsoft.NET.Sdk.WindowsDesktop SDK. Consider changing the Sdk attribute of the root Project element to 'Microsoft.NET.Sdk'. [C:\Users\ultra\warewolf\Dev\Dev2.Studio\Dev2.Studio.csproj]
C:\Program Files\dotnet\sdk\10.0.201\Sdks\Microsoft.NET.Sdk.WindowsDesktop\targets\Microsoft.NET.Sdk.WindowsDesktop.targets(138,5): warning NETSDK1106: Microsoft.NET.Sdk.WindowsDesktop requires 'UseWpf' or 'UseWindowsForms' to be set to 'true' [C:\Users\ultra\warewolf\Dev\Dev2.Studio\Dev2.Studio.csproj]
C:\Users\ultra\warewolf\Dev\Dev2.Studio\Dev2.Studio.csproj : warning NU1701: Package 'AeroWizard 2.3.1' was restored using '.NETFramework,Version=v4.6.1, .NETFramework,Version=v4.6.2, .NETFramework,Version=v4.7, .NETFramework,Version=v4.7.1, .NETFramework,Version=v4.7.2, .NETFramework,Version=v4.8, .NETFramework,Version=v4.8.1' instead of the project target framework 'net8.0'. This package may not be fully compatible with your project.
C:\Users\ultra\warewolf\Dev\Dev2.Studio\Dev2.Studio.csproj : warning NU1701: Package 'AvalonEdit 6.3.0.90' was restored using '.NETFramework,Version=v4.6.1, .NETFramework,Version=v4.6.2, .NETFramework,Version=v4.7, .NETFramework,Version=v4.7.1, .NETFramework,Version=v4.7.2, .NETFramework,Version=v4.8, .NETFramework,Version=v4.8.1' instead of the project target framework 'net8.0'. This package may not be fully compatible with your project.
C:\Users\ultra\warewolf\Dev\Dev2.Studio\Dev2.Studio.csproj : warning NU1701: Package 'CommonServiceLocator 1.2.0' was restored using '.NETFramework,Version=v4.6.1, .NETFramework,Version=v4.6.2, .NETFramework,Version=v4.7, .NETFramework,Version=v4.7.1, .NETFramework,Version=v4.7.2, .NETFramework,Version=v4.8, .NETFramework,Version=v4.8.1' instead of the project target framework 'net8.0'. This package may not be fully compatible with your project.
C:\Users\ultra\warewolf\Dev\Dev2.Studio\Dev2.Studio.csproj : warning NU1701: Package 'FontAwesome.WPF 4.7.0.9' was restored using '.NETFramework,Version=v4.6.1, .NETFramework,Version=v4.6.2, .NETFramework,Version=v4.7, .NETFramework,Version=v4.7.1, .NETFramework,Version=v4.7.2, .NETFramework,Version=v4.8, .NETFramework,Version=v4.8.1' instead of the project target framework 'net8.0'. This package may not be fully compatible with your project.
C:\Users\ultra\warewolf\Dev\Dev2.Studio\Dev2.Studio.csproj : warning NU1701: Package 'GroupControls 1.9.0' was restored using '.NETFramework,Version=v4.6.1, .NETFramework,Version=v4.6.2, .NETFramework,Version=v4.7, .NETFramework,Version=v4.7.1, .NETFramework,Version=v4.7.2, .NETFramework,Version=v4.8, .NETFramework,Version=v4.8.1' instead of the project target framework 'net8.0'. This package may not be fully compatible with your project.
C:\Users\ultra\warewolf\Dev\Dev2.Studio\Dev2.Studio.csproj : warning NU1701: Package 'Log4Net.Async 2.0.4' was restored using '.NETFramework,Version=v4.6.1, .NETFramework,Version=v4.6.2, .NETFramework,Version=v4.7, .NETFramework,Version=v4.7.1, .NETFramework,Version=v4.7.2, .NETFramework,Version=v4.8, .NETFramework,Version=v4.8.1' instead of the project target framework 'net8.0'. This package may not be fully compatible with your project.
C:\Users\ultra\warewolf\Dev\Dev2.Studio\Dev2.Studio.csproj : warning NU1701: Package 'Microsoft.Xaml.Behaviors.Wpf 1.1.122' was restored using '.NETFramework,Version=v4.6.1, .NETFramework,Version=v4.6.2, .NETFramework,Version=v4.7, .NETFramework,Version=v4.7.1, .NETFramework,Version=v4.7.2, .NETFramework,Version=v4.8, .NETFramework,Version=v4.8.1' instead of the project target framework 'net8.0'. This package may not be fully compatible with your project.
C:\Users\ultra\warewolf\Dev\Dev2.Studio\Dev2.Studio.csproj : warning NU1701: Package 'Prism.Composition 5.0.0' was restored using '.NETFramework,Version=v4.6.1, .NETFramework,Version=v4.6.2, .NETFramework,Version=v4.7, .NETFramework,Version=v4.7.1, .NETFramework,Version=v4.7.2, .NETFramework,Version=v4.8, .NETFramework,Version=v4.8.1' instead of the project target framework 'net8.0'. This package may not be fully compatible with your project.
C:\Users\ultra\warewolf\Dev\Dev2.Studio\Dev2.Studio.csproj : warning NU1701: Package 'Prism.Interactivity 5.0.0' was restored using '.NETFramework,Version=v4.6.1, .NETFramework,Version=v4.6.2, .NETFramework,Version=v4.7, .NETFramework,Version=v4.7.1, .NETFramework,Version=v4.7.2, .NETFramework,Version=v4.8, .NETFramework,Version=v4.8.1' instead of the project target framework 'net8.0'. This package may not be fully compatible with your project.
C:\Users\ultra\warewolf\Dev\Dev2.Studio\Dev2.Studio.csproj : warning NU1701: Package 'Prism.Mvvm 1.0.0' was restored using '.NETFramework,Version=v4.6.1, .NETFramework,Version=v4.6.2, .NETFramework,Version=v4.7, .NETFramework,Version=v4.7.1, .NETFramework,Version=v4.7.2, .NETFramework,Version=v4.8, .NETFramework,Version=v4.8.1' instead of the project target framework 'net8.0'. This package may not be fully compatible with your project.
C:\Users\ultra\warewolf\Dev\Dev2.Studio\Dev2.Studio.csproj : warning NU1701: Package 'Prism.PubSubEvents 1.0.0' was restored using '.NETFramework,Version=v4.6.1, .NETFramework,Version=v4.6.2, .NETFramework,Version=v4.7, .NETFramework,Version=v4.7.1, .NETFramework,Version=v4.7.2, .NETFramework,Version=v4.8, .NETFramework,Version=v4.8.1' instead of the project target framework 'net8.0'. This package may not be fully compatible with your project.
C:\Users\ultra\warewolf\Dev\Dev2.Studio\Dev2.Studio.csproj : warning NU1701: Package 'Prism.UnityExtensions 5.0.1' was restored using '.NETFramework,Version=v4.6.1, .NETFramework,Version=v4.6.2, .NETFramework,Version=v4.7, .NETFramework,Version=v4.7.1, .NETFramework,Version=v4.7.2, .NETFramework,Version=v4.8, .NETFramework,Version=v4.8.1' instead of the project target framework 'net8.0'. This package may not be fully compatible with your project.
C:\Users\ultra\warewolf\Dev\Dev2.Studio\Dev2.Studio.csproj : warning NU1701: Package 'Prism.Wpf 9.0.537' was restored using '.NETFramework,Version=v4.6.1, .NETFramework,Version=v4.6.2, .NETFramework,Version=v4.7, .NETFramework,Version=v4.7.1, .NETFramework,Version=v4.7.2, .NETFramework,Version=v4.8, .NETFramework,Version=v4.8.1' instead of the project target framework 'net8.0'. This package may not be fully compatible with your project.
C:\Users\ultra\warewolf\Dev\Dev2.Studio\Dev2.Studio.csproj : warning NU1701: Package 'ReactiveUI.WPF 18.4.1' was restored using '.NETFramework,Version=v4.6.1, .NETFramework,Version=v4.6.2, .NETFramework,Version=v4.7, .NETFramework,Version=v4.7.1, .NETFramework,Version=v4.7.2, .NETFramework,Version=v4.8, .NETFramework,Version=v4.8.1' instead of the project target framework 'net8.0'. This package may not be fully compatible with your project.
C:\Users\ultra\warewolf\Dev\Dev2.Studio\Dev2.Studio.csproj : warning NU1701: Package 'TaskSchedulerEditor 2.10.1' was restored using '.NETFramework,Version=v4.6.1, .NETFramework,Version=v4.6.2, .NETFramework,Version=v4.7, .NETFramework,Version=v4.7.1, .NETFramework,Version=v4.7.2, .NETFramework,Version=v4.8, .NETFramework,Version=v4.8.1' instead of the project target framework 'net8.0'. This package may not be fully compatible with your project.
C:\Users\ultra\warewolf\Dev\Dev2.Studio\Dev2.Studio.csproj : warning NU1701: Package 'Unofficial.Microsoft.mshtml 7.0.3300' was restored using '.NETFramework,Version=v4.6.1, .NETFramework,Version=v4.6.2, .NETFramework,Version=v4.7, .NETFramework,Version=v4.7.1, .NETFramework,Version=v4.7.2, .NETFramework,Version=v4.8, .NETFramework,Version=v4.8.1' instead of the project target framework 'net8.0'. This package may not be fully compatible with your project.
C:\Users\ultra\warewolf\Dev\Warewolf.PerfMon\Warewolf.PerfMon.csproj : warning NU1701: Package 'AeroWizard 2.3.1' was restored using '.NETFramework,Version=v4.6.1, .NETFramework,Version=v4.6.2, .NETFramework,Version=v4.7, .NETFramework,Version=v4.7.1, .NETFramework,Version=v4.7.2, .NETFramework,Version=v4.8, .NETFramework,Version=v4.8.1' instead of the project target framework 'net8.0'. This package may not be fully compatible with your project.
C:\Users\ultra\warewolf\Dev\Warewolf.PerfMon\Warewolf.PerfMon.csproj : warning NU1701: Package 'GroupControls 1.9.0' was restored using '.NETFramework,Version=v4.6.1, .NETFramework,Version=v4.6.2, .NETFramework,Version=v4.7, .NETFramework,Version=v4.7.1, .NETFramework,Version=v4.7.2, .NETFramework,Version=v4.8, .NETFramework,Version=v4.8.1' instead of the project target framework 'net8.0'. This package may not be fully compatible with your project.
C:\Users\ultra\warewolf\Dev\Warewolf.PerfMon\Warewolf.PerfMon.csproj : warning NU1701: Package 'ReactiveUI.WPF 18.4.1' was restored using '.NETFramework,Version=v4.6.1, .NETFramework,Version=v4.6.2, .NETFramework,Version=v4.7, .NETFramework,Version=v4.7.1, .NETFramework,Version=v4.7.2, .NETFramework,Version=v4.8, .NETFramework,Version=v4.8.1' instead of the project target framework 'net8.0'. This package may not be fully compatible with your project.
C:\Users\ultra\warewolf\Dev\Warewolf.PerfMon\Warewolf.PerfMon.csproj : warning NU1701: Package 'TaskSchedulerEditor 2.10.1' was restored using '.NETFramework,Version=v4.6.1, .NETFramework,Version=v4.6.2, .NETFramework,Version=v4.7, .NETFramework,Version=v4.7.1, .NETFramework,Version=v4.7.2, .NETFramework,Version=v4.8, .NETFramework,Version=v4.8.1' instead of the project target framework 'net8.0'. This package may not be fully compatible with your project.
C:\Users\ultra\warewolf\Dev\Warewolf.MergeParser.Tests\Warewolf.MergeParser.Tests.csproj : warning NU1701: Package 'AeroWizard 2.3.1' was restored using '.NETFramework,Version=v4.6.1, .NETFramework,Version=v4.6.2, .NETFramework,Version=v4.7, .NETFramework,Version=v4.7.1, .NETFramework,Version=v4.7.2, .NETFramework,Version=v4.8, .NETFramework,Version=v4.8.1' instead of the project target framework 'net8.0'. This package may not be fully compatible with your project.
C:\Users\ultra\warewolf\Dev\Warewolf.MergeParser.Tests\Warewolf.MergeParser.Tests.csproj : warning NU1701: Package 'GroupControls 1.9.0' was restored using '.NETFramework,Version=v4.6.1, .NETFramework,Version=v4.6.2, .NETFramework,Version=v4.7, .NETFramework,Version=v4.7.1, .NETFramework,Version=v4.7.2, .NETFramework,Version=v4.8, .NETFramework,Version=v4.8.1' instead of the project target framework 'net8.0'. This package may not be fully compatible with your project.
C:\Users\ultra\warewolf\Dev\Warewolf.MergeParser.Tests\Warewolf.MergeParser.Tests.csproj : warning NU1701: Package 'Microsoft.Xaml.Behaviors.Wpf 1.1.122' was restored using '.NETFramework,Version=v4.6.1, .NETFramework,Version=v4.6.2, .NETFramework,Version=v4.7, .NETFramework,Version=v4.7.1, .NETFramework,Version=v4.7.2, .NETFramework,Version=v4.8, .NETFramework,Version=v4.8.1' instead of the project target framework 'net8.0'. This package may not be fully compatible with your project.
C:\Users\ultra\warewolf\Dev\Warewolf.MergeParser.Tests\Warewolf.MergeParser.Tests.csproj : warning NU1701: Package 'Prism.Wpf 9.0.537' was restored using '.NETFramework,Version=v4.6.1, .NETFramework,Version=v4.6.2, .NETFramework,Version=v4.7, .NETFramework,Version=v4.7.1, .NETFramework,Version=v4.7.2, .NETFramework,Version=v4.8, .NETFramework,Version=v4.8.1' instead of the project target framework 'net8.0'. This package may not be fully compatible with your project.
C:\Users\ultra\warewolf\Dev\Warewolf.MergeParser.Tests\Warewolf.MergeParser.Tests.csproj : warning NU1701: Package 'ReactiveUI.WPF 18.4.1' was restored using '.NETFramework,Version=v4.6.1, .NETFramework,Version=v4.6.2, .NETFramework,Version=v4.7, .NETFramework,Version=v4.7.1, .NETFramework,Version=v4.7.2, .NETFramework,Version=v4.8, .NETFramework,Version=v4.8.1' instead of the project target framework 'net8.0'. This package may not be fully compatible with your project.
C:\Users\ultra\warewolf\Dev\Warewolf.MergeParser.Tests\Warewolf.MergeParser.Tests.csproj : warning NU1701: Package 'TaskSchedulerEditor 2.10.1' was restored using '.NETFramework,Version=v4.6.1, .NETFramework,Version=v4.6.2, .NETFramework,Version=v4.7, .NETFramework,Version=v4.7.1, .NETFramework,Version=v4.7.2, .NETFramework,Version=v4.8, .NETFramework,Version=v4.8.1' instead of the project target framework 'net8.0'. This package may not be fully compatible with your project.
C:\Users\ultra\warewolf\Dev\Dev2.Server\Dev2.Server.csproj : warning NU1903: Package 'Oracle.ManagedDataAccess.Core' 3.21.70 has a known high severity vulnerability, https://github.com/advisories/GHSA-5pm2-9mr2-3frq
C:\Users\ultra\warewolf\Dev\Dev2.Server\Dev2.Server.csproj : warning NU1701: Package 'AeroWizard 2.3.1' was restored using '.NETFramework,Version=v4.6.1, .NETFramework,Version=v4.6.2, .NETFramework,Version=v4.7, .NETFramework,Version=v4.7.1, .NETFramework,Version=v4.7.2, .NETFramework,Version=v4.8, .NETFramework,Version=v4.8.1' instead of the project target framework 'net8.0'. This package may not be fully compatible with your project.
C:\Users\ultra\warewolf\Dev\Dev2.Server\Dev2.Server.csproj : warning NU1701: Package 'GroupControls 1.9.0' was restored using '.NETFramework,Version=v4.6.1, .NETFramework,Version=v4.6.2, .NETFramework,Version=v4.7, .NETFramework,Version=v4.7.1, .NETFramework,Version=v4.7.2, .NETFramework,Version=v4.8, .NETFramework,Version=v4.8.1' instead of the project target framework 'net8.0'. This package may not be fully compatible with your project.
C:\Users\ultra\warewolf\Dev\Dev2.Server\Dev2.Server.csproj : warning NU1701: Package 'Microsoft.Xaml.Behaviors.Wpf 1.1.122' was restored using '.NETFramework,Version=v4.6.1, .NETFramework,Version=v4.6.2, .NETFramework,Version=v4.7, .NETFramework,Version=v4.7.1, .NETFramework,Version=v4.7.2, .NETFramework,Version=v4.8, .NETFramework,Version=v4.8.1' instead of the project target framework 'net8.0'. This package may not be fully compatible with your project.
C:\Users\ultra\warewolf\Dev\Dev2.Server\Dev2.Server.csproj : warning NU1701: Package 'Prism.Wpf 9.0.537' was restored using '.NETFramework,Version=v4.6.1, .NETFramework,Version=v4.6.2, .NETFramework,Version=v4.7, .NETFramework,Version=v4.7.1, .NETFramework,Version=v4.7.2, .NETFramework,Version=v4.8, .NETFramework,Version=v4.8.1' instead of the project target framework 'net8.0'. This package may not be fully compatible with your project.
C:\Users\ultra\warewolf\Dev\Dev2.Server\Dev2.Server.csproj : warning NU1701: Package 'ReactiveUI.WPF 18.4.1' was restored using '.NETFramework,Version=v4.6.1, .NETFramework,Version=v4.6.2, .NETFramework,Version=v4.7, .NETFramework,Version=v4.7.1, .NETFramework,Version=v4.7.2, .NETFramework,Version=v4.8, .NETFramework,Version=v4.8.1' instead of the project target framework 'net8.0'. This package may not be fully compatible with your project.
C:\Users\ultra\warewolf\Dev\Dev2.Server\Dev2.Server.csproj : warning NU1701: Package 'TaskSchedulerEditor 2.10.1' was restored using '.NETFramework,Version=v4.6.1, .NETFramework,Version=v4.6.2, .NETFramework,Version=v4.7, .NETFramework,Version=v4.7.1, .NETFramework,Version=v4.7.2, .NETFramework,Version=v4.8, .NETFramework,Version=v4.8.1' instead of the project target framework 'net8.0'. This package may not be fully compatible with your project.
  Consider app.config remapping of assembly "System.Runtime.CompilerServices.Unsafe, Culture=neutral, PublicKeyToken=b03f5f7f11d50a3a" from Version "6.0.0.0" [] to Version "8.0.0.0" [C:\Program Files\dotnet\packs\Microsoft.NETCore.App.Ref\8.0.25\ref\net8.0\System.Runtime.CompilerServices.Unsafe.dll] to solve conflict and get rid of warning.
  Warewolf.Resource -> C:\Users\ultra\warewolf\Dev\Warewolf.Resource\bin\Debug\net8.0\Warewolf.Resource.dll
  GACManagerApi -> C:\Users\ultra\warewolf\Dev\GACManagerApi\bin\Debug\net8.0\GACManagerApi.dll
C:\Users\ultra\warewolf\Dev\Warewolf.Licensing\Warewolf.Licensing.csproj : warning NU1701: Package 'AeroWizard 2.3.1' was restored using '.NETFramework,Version=v4.6.1, .NETFramework,Version=v4.6.2, .NETFramework,Version=v4.7, .NETFramework,Version=v4.7.1, .NETFramework,Version=v4.7.2, .NETFramework,Version=v4.8, .NETFramework,Version=v4.8.1' instead of the project target framework 'net8.0'. This package may not be fully compatible with your project.
C:\Users\ultra\warewolf\Dev\Warewolf.Licensing\Warewolf.Licensing.csproj : warning NU1701: Package 'GroupControls 1.9.0' was restored using '.NETFramework,Version=v4.6.1, .NETFramework,Version=v4.6.2, .NETFramework,Version=v4.7, .NETFramework,Version=v4.7.1, .NETFramework,Version=v4.7.2, .NETFramework,Version=v4.8, .NETFramework,Version=v4.8.1' instead of the project target framework 'net8.0'. This package may not be fully compatible with your project.
C:\Users\ultra\warewolf\Dev\Warewolf.Licensing\Warewolf.Licensing.csproj : warning NU1701: Package 'TaskSchedulerEditor 2.10.1' was restored using '.NETFramework,Version=v4.6.1, .NETFramework,Version=v4.6.2, .NETFramework,Version=v4.7, .NETFramework,Version=v4.7.1, .NETFramework,Version=v4.7.2, .NETFramework,Version=v4.8, .NETFramework,Version=v4.8.1' instead of the project target framework 'net8.0'. This package may not be fully compatible with your project.
  Warewolf.Driver.RabbitMQ -> C:\Users\ultra\warewolf\Dev\Warewolf.Driver.RabbitMQ\bin\Debug\net8.0\Warewolf.Driver.RabbitMQ.dll
  Warewolf.Driver.Redis -> C:\Users\ultra\warewolf\Dev\Warewolf.Driver.Redis\bin\Debug\net8.0\Warewolf.Driver.Redis.dll
C:\Users\ultra\warewolf\Dev\Warewolf.Testing\Warewolf.Testing.csproj : warning NU1701: Package 'AeroWizard 2.3.1' was restored using '.NETFramework,Version=v4.6.1, .NETFramework,Version=v4.6.2, .NETFramework,Version=v4.7, .NETFramework,Version=v4.7.1, .NETFramework,Version=v4.7.2, .NETFramework,Version=v4.8, .NETFramework,Version=v4.8.1' instead of the project target framework 'net8.0'. This package may not be fully compatible with your project.
C:\Users\ultra\warewolf\Dev\Warewolf.Testing\Warewolf.Testing.csproj : warning NU1701: Package 'GroupControls 1.9.0' was restored using '.NETFramework,Version=v4.6.1, .NETFramework,Version=v4.6.2, .NETFramework,Version=v4.7, .NETFramework,Version=v4.7.1, .NETFramework,Version=v4.7.2, .NETFramework,Version=v4.8, .NETFramework,Version=v4.8.1' instead of the project target framework 'net8.0'. This package may not be fully compatible with your project.
C:\Users\ultra\warewolf\Dev\Warewolf.Testing\Warewolf.Testing.csproj : warning NU1701: Package 'Microsoft.Xaml.Behaviors.Wpf 1.1.122' was restored using '.NETFramework,Version=v4.6.1, .NETFramework,Version=v4.6.2, .NETFramework,Version=v4.7, .NETFramework,Version=v4.7.1, .NETFramework,Version=v4.7.2, .NETFramework,Version=v4.8, .NETFramework,Version=v4.8.1' instead of the project target framework 'net8.0'. This package may not be fully compatible with your project.
C:\Users\ultra\warewolf\Dev\Warewolf.Testing\Warewolf.Testing.csproj : warning NU1701: Package 'Prism.Wpf 9.0.537' was restored using '.NETFramework,Version=v4.6.1, .NETFramework,Version=v4.6.2, .NETFramework,Version=v4.7, .NETFramework,Version=v4.7.1, .NETFramework,Version=v4.7.2, .NETFramework,Version=v4.8, .NETFramework,Version=v4.8.1' instead of the project target framework 'net8.0'. This package may not be fully compatible with your project.
C:\Users\ultra\warewolf\Dev\Warewolf.Testing\Warewolf.Testing.csproj : warning NU1701: Package 'ReactiveUI.WPF 18.4.1' was restored using '.NETFramework,Version=v4.6.1, .NETFramework,Version=v4.6.2, .NETFramework,Version=v4.7, .NETFramework,Version=v4.7.1, .NETFramework,Version=v4.7.2, .NETFramework,Version=v4.8, .NETFramework,Version=v4.8.1' instead of the project target framework 'net8.0'. This package may not be fully compatible with your project.
C:\Users\ultra\warewolf\Dev\Warewolf.Testing\Warewolf.Testing.csproj : warning NU1701: Package 'TaskSchedulerEditor 2.10.1' was restored using '.NETFramework,Version=v4.6.1, .NETFramework,Version=v4.6.2, .NETFramework,Version=v4.7, .NETFramework,Version=v4.7.1, .NETFramework,Version=v4.7.2, .NETFramework,Version=v4.8, .NETFramework,Version=v4.8.1' instead of the project target framework 'net8.0'. This package may not be fully compatible with your project.
C:\Users\ultra\warewolf\Dev\Dev2.Common.Tests\Dev2.Common.Tests.csproj : warning NU1701: Package 'AeroWizard 2.3.1' was restored using '.NETFramework,Version=v4.6.1, .NETFramework,Version=v4.6.2, .NETFramework,Version=v4.7, .NETFramework,Version=v4.7.1, .NETFramework,Version=v4.7.2, .NETFramework,Version=v4.8, .NETFramework,Version=v4.8.1' instead of the project target framework 'net8.0'. This package may not be fully compatible with your project.
C:\Users\ultra\warewolf\Dev\Dev2.Common.Tests\Dev2.Common.Tests.csproj : warning NU1701: Package 'GroupControls 1.9.0' was restored using '.NETFramework,Version=v4.6.1, .NETFramework,Version=v4.6.2, .NETFramework,Version=v4.7, .NETFramework,Version=v4.7.1, .NETFramework,Version=v4.7.2, .NETFramework,Version=v4.8, .NETFramework,Version=v4.8.1' instead of the project target framework 'net8.0'. This package may not be fully compatible with your project.
C:\Users\ultra\warewolf\Dev\Dev2.Common.Tests\Dev2.Common.Tests.csproj : warning NU1701: Package 'Microsoft.Xaml.Behaviors.Wpf 1.1.122' was restored using '.NETFramework,Version=v4.6.1, .NETFramework,Version=v4.6.2, .NETFramework,Version=v4.7, .NETFramework,Version=v4.7.1, .NETFramework,Version=v4.7.2, .NETFramework,Version=v4.8, .NETFramework,Version=v4.8.1' instead of the project target framework 'net8.0'. This package may not be fully compatible with your project.
C:\Users\ultra\warewolf\Dev\Dev2.Common.Tests\Dev2.Common.Tests.csproj : warning NU1701: Package 'Prism.Wpf 9.0.537' was restored using '.NETFramework,Version=v4.6.1, .NETFramework,Version=v4.6.2, .NETFramework,Version=v4.7, .NETFramework,Version=v4.7.1, .NETFramework,Version=v4.7.2, .NETFramework,Version=v4.8, .NETFramework,Version=v4.8.1' instead of the project target framework 'net8.0'. This package may not be fully compatible with your project.
C:\Users\ultra\warewolf\Dev\Dev2.Common.Tests\Dev2.Common.Tests.csproj : warning NU1701: Package 'ReactiveUI.WPF 18.4.1' was restored using '.NETFramework,Version=v4.6.1, .NETFramework,Version=v4.6.2, .NETFramework,Version=v4.7, .NETFramework,Version=v4.7.1, .NETFramework,Version=v4.7.2, .NETFramework,Version=v4.8, .NETFramework,Version=v4.8.1' instead of the project target framework 'net8.0'. This package may not be fully compatible with your project.
C:\Users\ultra\warewolf\Dev\Dev2.Common.Tests\Dev2.Common.Tests.csproj : warning NU1701: Package 'TaskSchedulerEditor 2.10.1' was restored using '.NETFramework,Version=v4.6.1, .NETFramework,Version=v4.6.2, .NETFramework,Version=v4.7, .NETFramework,Version=v4.7.1, .NETFramework,Version=v4.7.2, .NETFramework,Version=v4.8, .NETFramework,Version=v4.8.1' instead of the project target framework 'net8.0'. This package may not be fully compatible with your project.
  Warewolf.Studio.Resources -> C:\Users\ultra\warewolf\Dev\Warewolf.Studio.Resources\bin\Debug\net8.0\Warewolf.Studio.Resources.dll
C:\Users\ultra\warewolf\Dev\Warewolf.Logger\Warewolf.Logger.csproj : warning NU1701: Package 'AeroWizard 2.3.1' was restored using '.NETFramework,Version=v4.6.1, .NETFramework,Version=v4.6.2, .NETFramework,Version=v4.7, .NETFramework,Version=v4.7.1, .NETFramework,Version=v4.7.2, .NETFramework,Version=v4.8, .NETFramework,Version=v4.8.1' instead of the project target framework 'net8.0'. This package may not be fully compatible with your project.
C:\Users\ultra\warewolf\Dev\Warewolf.Logger\Warewolf.Logger.csproj : warning NU1701: Package 'GroupControls 1.9.0' was restored using '.NETFramework,Version=v4.6.1, .NETFramework,Version=v4.6.2, .NETFramework,Version=v4.7, .NETFramework,Version=v4.7.1, .NETFramework,Version=v4.7.2, .NETFramework,Version=v4.8, .NETFramework,Version=v4.8.1' instead of the project target framework 'net8.0'. This package may not be fully compatible with your project.
C:\Users\ultra\warewolf\Dev\Warewolf.Logger\Warewolf.Logger.csproj : warning NU1701: Package 'Microsoft.Xaml.Behaviors.Wpf 1.1.122' was restored using '.NETFramework,Version=v4.6.1, .NETFramework,Version=v4.6.2, .NETFramework,Version=v4.7, .NETFramework,Version=v4.7.1, .NETFramework,Version=v4.7.2, .NETFramework,Version=v4.8, .NETFramework,Version=v4.8.1' instead of the project target framework 'net8.0'. This package may not be fully compatible with your project.
C:\Users\ultra\warewolf\Dev\Warewolf.Logger\Warewolf.Logger.csproj : warning NU1701: Package 'Prism.Wpf 9.0.537' was restored using '.NETFramework,Version=v4.6.1, .NETFramework,Version=v4.6.2, .NETFramework,Version=v4.7, .NETFramework,Version=v4.7.1, .NETFramework,Version=v4.7.2, .NETFramework,Version=v4.8, .NETFramework,Version=v4.8.1' instead of the project target framework 'net8.0'. This package may not be fully compatible with your project.
C:\Users\ultra\warewolf\Dev\Warewolf.Logger\Warewolf.Logger.csproj : warning NU1701: Package 'ReactiveUI.WPF 18.4.1' was restored using '.NETFramework,Version=v4.6.1, .NETFramework,Version=v4.6.2, .NETFramework,Version=v4.7, .NETFramework,Version=v4.7.1, .NETFramework,Version=v4.7.2, .NETFramework,Version=v4.8, .NETFramework,Version=v4.8.1' instead of the project target framework 'net8.0'. This package may not be fully compatible with your project.
C:\Users\ultra\warewolf\Dev\Warewolf.Logger\Warewolf.Logger.csproj : warning NU1701: Package 'TaskSchedulerEditor 2.10.1' was restored using '.NETFramework,Version=v4.6.1, .NETFramework,Version=v4.6.2, .NETFramework,Version=v4.7, .NETFramework,Version=v4.7.1, .NETFramework,Version=v4.7.2, .NETFramework,Version=v4.8, .NETFramework,Version=v4.8.1' instead of the project target framework 'net8.0'. This package may not be fully compatible with your project.
C:\Users\ultra\warewolf\Dev\Dev2.Studio.Core.Tests\Dev2.Studio.Core.Tests.csproj : warning NU1701: Package 'AeroWizard 2.3.1' was restored using '.NETFramework,Version=v4.6.1, .NETFramework,Version=v4.6.2, .NETFramework,Version=v4.7, .NETFramework,Version=v4.7.1, .NETFramework,Version=v4.7.2, .NETFramework,Version=v4.8, .NETFramework,Version=v4.8.1' instead of the project target framework 'net8.0'. This package may not be fully compatible with your project.
C:\Users\ultra\warewolf\Dev\Dev2.Studio.Core.Tests\Dev2.Studio.Core.Tests.csproj : warning NU1701: Package 'AvalonEdit 6.3.0.90' was restored using '.NETFramework,Version=v4.6.1, .NETFramework,Version=v4.6.2, .NETFramework,Version=v4.7, .NETFramework,Version=v4.7.1, .NETFramework,Version=v4.7.2, .NETFramework,Version=v4.8, .NETFramework,Version=v4.8.1' instead of the project target framework 'net8.0'. This package may not be fully compatible with your project.
C:\Users\ultra\warewolf\Dev\Dev2.Studio.Core.Tests\Dev2.Studio.Core.Tests.csproj : warning NU1701: Package 'CommonServiceLocator 1.2.0' was restored using '.NETFramework,Version=v4.6.1, .NETFramework,Version=v4.6.2, .NETFramework,Version=v4.7, .NETFramework,Version=v4.7.1, .NETFramework,Version=v4.7.2, .NETFramework,Version=v4.8, .NETFramework,Version=v4.8.1' instead of the project target framework 'net8.0'. This package may not be fully compatible with your project.
C:\Users\ultra\warewolf\Dev\Dev2.Studio.Core.Tests\Dev2.Studio.Core.Tests.csproj : warning NU1701: Package 'FontAwesome.WPF 4.7.0.9' was restored using '.NETFramework,Version=v4.6.1, .NETFramework,Version=v4.6.2, .NETFramework,Version=v4.7, .NETFramework,Version=v4.7.1, .NETFramework,Version=v4.7.2, .NETFramework,Version=v4.8, .NETFramework,Version=v4.8.1' instead of the project target framework 'net8.0'. This package may not be fully compatible with your project.
C:\Users\ultra\warewolf\Dev\Dev2.Studio.Core.Tests\Dev2.Studio.Core.Tests.csproj : warning NU1701: Package 'GroupControls 1.9.0' was restored using '.NETFramework,Version=v4.6.1, .NETFramework,Version=v4.6.2, .NETFramework,Version=v4.7, .NETFramework,Version=v4.7.1, .NETFramework,Version=v4.7.2, .NETFramework,Version=v4.8, .NETFramework,Version=v4.8.1' instead of the project target framework 'net8.0'. This package may not be fully compatible with your project.
C:\Users\ultra\warewolf\Dev\Dev2.Studio.Core.Tests\Dev2.Studio.Core.Tests.csproj : warning NU1701: Package 'Log4Net.Async 2.0.4' was restored using '.NETFramework,Version=v4.6.1, .NETFramework,Version=v4.6.2, .NETFramework,Version=v4.7, .NETFramework,Version=v4.7.1, .NETFramework,Version=v4.7.2, .NETFramework,Version=v4.8, .NETFramework,Version=v4.8.1' instead of the project target framework 'net8.0'. This package may not be fully compatible with your project.
C:\Users\ultra\warewolf\Dev\Dev2.Studio.Core.Tests\Dev2.Studio.Core.Tests.csproj : warning NU1701: Package 'Microsoft.Xaml.Behaviors.Wpf 1.1.122' was restored using '.NETFramework,Version=v4.6.1, .NETFramework,Version=v4.6.2, .NETFramework,Version=v4.7, .NETFramework,Version=v4.7.1, .NETFramework,Version=v4.7.2, .NETFramework,Version=v4.8, .NETFramework,Version=v4.8.1' instead of the project target framework 'net8.0'. This package may not be fully compatible with your project.
C:\Users\ultra\warewolf\Dev\Dev2.Studio.Core.Tests\Dev2.Studio.Core.Tests.csproj : warning NU1701: Package 'Prism.Composition 5.0.0' was restored using '.NETFramework,Version=v4.6.1, .NETFramework,Version=v4.6.2, .NETFramework,Version=v4.7, .NETFramework,Version=v4.7.1, .NETFramework,Version=v4.7.2, .NETFramework,Version=v4.8, .NETFramework,Version=v4.8.1' instead of the project target framework 'net8.0'. This package may not be fully compatible with your project.
C:\Users\ultra\warewolf\Dev\Dev2.Studio.Core.Tests\Dev2.Studio.Core.Tests.csproj : warning NU1701: Package 'Prism.Interactivity 5.0.0' was restored using '.NETFramework,Version=v4.6.1, .NETFramework,Version=v4.6.2, .NETFramework,Version=v4.7, .NETFramework,Version=v4.7.1, .NETFramework,Version=v4.7.2, .NETFramework,Version=v4.8, .NETFramework,Version=v4.8.1' instead of the project target framework 'net8.0'. This package may not be fully compatible with your project.
C:\Users\ultra\warewolf\Dev\Dev2.Studio.Core.Tests\Dev2.Studio.Core.Tests.csproj : warning NU1701: Package 'Prism.Mvvm 1.0.0' was restored using '.NETFramework,Version=v4.6.1, .NETFramework,Version=v4.6.2, .NETFramework,Version=v4.7, .NETFramework,Version=v4.7.1, .NETFramework,Version=v4.7.2, .NETFramework,Version=v4.8, .NETFramework,Version=v4.8.1' instead of the project target framework 'net8.0'. This package may not be fully compatible with your project.
C:\Users\ultra\warewolf\Dev\Dev2.Studio.Core.Tests\Dev2.Studio.Core.Tests.csproj : warning NU1701: Package 'Prism.PubSubEvents 1.0.0' was restored using '.NETFramework,Version=v4.6.1, .NETFramework,Version=v4.6.2, .NETFramework,Version=v4.7, .NETFramework,Version=v4.7.1, .NETFramework,Version=v4.7.2, .NETFramework,Version=v4.8, .NETFramework,Version=v4.8.1' instead of the project target framework 'net8.0'. This package may not be fully compatible with your project.
C:\Users\ultra\warewolf\Dev\Dev2.Studio.Core.Tests\Dev2.Studio.Core.Tests.csproj : warning NU1701: Package 'Prism.UnityExtensions 5.0.1' was restored using '.NETFramework,Version=v4.6.1, .NETFramework,Version=v4.6.2, .NETFramework,Version=v4.7, .NETFramework,Version=v4.7.1, .NETFramework,Version=v4.7.2, .NETFramework,Version=v4.8, .NETFramework,Version=v4.8.1' instead of the project target framework 'net8.0'. This package may not be fully compatible with your project.
C:\Users\ultra\warewolf\Dev\Dev2.Studio.Core.Tests\Dev2.Studio.Core.Tests.csproj : warning NU1701: Package 'Prism.Wpf 9.0.537' was restored using '.NETFramework,Version=v4.6.1, .NETFramework,Version=v4.6.2, .NETFramework,Version=v4.7, .NETFramework,Version=v4.7.1, .NETFramework,Version=v4.7.2, .NETFramework,Version=v4.8, .NETFramework,Version=v4.8.1' instead of the project target framework 'net8.0'. This package may not be fully compatible with your project.
C:\Users\ultra\warewolf\Dev\Dev2.Studio.Core.Tests\Dev2.Studio.Core.Tests.csproj : warning NU1701: Package 'ReactiveUI.WPF 18.4.1' was restored using '.NETFramework,Version=v4.6.1, .NETFramework,Version=v4.6.2, .NETFramework,Version=v4.7, .NETFramework,Version=v4.7.1, .NETFramework,Version=v4.7.2, .NETFramework,Version=v4.8, .NETFramework,Version=v4.8.1' instead of the project target framework 'net8.0'. This package may not be fully compatible with your project.
C:\Users\ultra\warewolf\Dev\Dev2.Studio.Core.Tests\Dev2.Studio.Core.Tests.csproj : warning NU1701: Package 'TaskSchedulerEditor 2.10.1' was restored using '.NETFramework,Version=v4.6.1, .NETFramework,Version=v4.6.2, .NETFramework,Version=v4.7, .NETFramework,Version=v4.7.1, .NETFramework,Version=v4.7.2, .NETFramework,Version=v4.8, .NETFramework,Version=v4.8.1' instead of the project target framework 'net8.0'. This package may not be fully compatible with your project.
C:\Users\ultra\warewolf\Dev\Dev2.Studio.Core.Tests\Dev2.Studio.Core.Tests.csproj : warning NU1701: Package 'Unofficial.Microsoft.mshtml 7.0.3300' was restored using '.NETFramework,Version=v4.6.1, .NETFramework,Version=v4.6.2, .NETFramework,Version=v4.7, .NETFramework,Version=v4.7.1, .NETFramework,Version=v4.7.2, .NETFramework,Version=v4.8, .NETFramework,Version=v4.8.1' instead of the project target framework 'net8.0'. This package may not be fully compatible with your project.
  Warewolf.Parser.Interop -> C:\Users\ultra\warewolf\Dev\Warewolf.Parser.Interop\bin\Debug\net8.0\WarewolfParserInterop.dll
C:\Users\ultra\warewolf\Dev\Warewolf.Language.Parser\EvaluationFunctions.fs(277,15): warning FS3548: Pattern discard is not allowed for union case that takes no data. [C:\Users\ultra\warewolf\Dev\Warewolf.Language.Parser\Warewolf.Language.Parser.fsproj]
C:\Users\ultra\warewolf\Dev\Warewolf.Language.Parser\EvaluationFunctions.fs(305,15): warning FS3548: Pattern discard is not allowed for union case that takes no data. [C:\Users\ultra\warewolf\Dev\Warewolf.Language.Parser\Warewolf.Language.Parser.fsproj]
C:\Users\ultra\warewolf\Dev\Warewolf.Language.Parser\EvaluationFunctions.fs(748,21): warning FS3873: This construct is deprecated. Sequence expressions should be of the form 'seq { ... }' [C:\Users\ultra\warewolf\Dev\Warewolf.Language.Parser\Warewolf.Language.Parser.fsproj]
C:\Users\ultra\warewolf\Dev\Warewolf.Language.Parser\EvaluationFunctions.fs(751,28): warning FS3873: This construct is deprecated. Sequence expressions should be of the form 'seq { ... }' [C:\Users\ultra\warewolf\Dev\Warewolf.Language.Parser\Warewolf.Language.Parser.fsproj]
C:\Users\ultra\warewolf\Dev\Warewolf.Language.Parser\WarewolfDataEvaluationCommon.fs(593,21): warning FS3873: This construct is deprecated. Sequence expressions should be of the form 'seq { ... }' [C:\Users\ultra\warewolf\Dev\Warewolf.Language.Parser\Warewolf.Language.Parser.fsproj]
C:\Users\ultra\warewolf\Dev\Warewolf.Language.Parser\WarewolfDataEvaluationCommon.fs(596,28): warning FS3873: This construct is deprecated. Sequence expressions should be of the form 'seq { ... }' [C:\Users\ultra\warewolf\Dev\Warewolf.Language.Parser\Warewolf.Language.Parser.fsproj]
C:\Users\ultra\warewolf\Dev\Dev2.Common.Interfaces\Attribute\ReasonAttribute.cs(13,18): warning CC0023: Mark 'ReasonAttribute' as sealed. (https://code-cracker.github.io/diagnostics/CC0023.html) [C:\Users\ultra\warewolf\Dev\Dev2.Common.Interfaces\Dev2.Common.Interfaces.csproj]
C:\Users\ultra\warewolf\Dev\Dev2.Common.Interfaces\Wrappers\IDirectoryEntry.cs(190,35): warning CC0057: Parameter 'path' is not used. (https://code-cracker.github.io/diagnostics/CC0057.html) [C:\Users\ultra\warewolf\Dev\Dev2.Common.Interfaces\Dev2.Common.Interfaces.csproj]
C:\Users\ultra\warewolf\Dev\Dev2.Common.Interfaces\DllListing.cs(97,17): warning CC0105: Use 'var' instead of specifying the type name. (https://code-cracker.github.io/diagnostics/CC0105.html) [C:\Users\ultra\warewolf\Dev\Dev2.Common.Interfaces\Dev2.Common.Interfaces.csproj]
C:\Users\ultra\warewolf\Dev\Dev2.Common.Interfaces\DllListing.cs(98,17): warning CC0105: Use 'var' instead of specifying the type name. (https://code-cracker.github.io/diagnostics/CC0105.html) [C:\Users\ultra\warewolf\Dev\Dev2.Common.Interfaces\Dev2.Common.Interfaces.csproj]
C:\Users\ultra\warewolf\Dev\Dev2.Common.Interfaces\Runtime\Services\IStreamContentFactory.cs(48,21): warning CC0029: 'StreamContentWrapper' should call GC.SuppressFinalize inside the Dispose method. (https://code-cracker.github.io/diagnostics/CC0029.html) [C:\Users\ultra\warewolf\Dev\Dev2.Common.Interfaces\Dev2.Common.Interfaces.csproj]
  Dev2.Common.Interfaces -> C:\Users\ultra\warewolf\Dev\Dev2.Common.Interfaces\bin\Debug\net8.0\Dev2.Common.Interfaces.dll
  Warewolf.Language.Parser -> C:\Users\ultra\warewolf\Dev\Warewolf.Language.Parser\bin\Debug\net8.0\Warewolf.Language.Parser.dll
C:\Users\ultra\warewolf\Dev\Warewolf.Data\NamedInt.cs(160,21): warning CA2200: Re-throwing caught exception changes stack information (https://learn.microsoft.com/dotnet/fundamentals/code-analysis/quality-rules/ca2200) [C:\Users\ultra\warewolf\Dev\Warewolf.Data\Warewolf.Data.csproj]
  Warewolf.Data -> C:\Users\ultra\warewolf\Dev\Warewolf.Data\bin\Debug\net8.0\Warewolf.Data.dll
  Warewolf.Storage.Interfaces -> C:\Users\ultra\warewolf\Dev\Warewolf.Storage.Interfaces\bin\Debug\net8.0\Warewolf.Storage.Interfaces.dll
  Dev2.Data.Interfaces -> C:\Users\ultra\warewolf\Dev\Dev2.Data.Interfaces\bin\Debug\net8.0\Dev2.Data.Interfaces.dll
  Warewolf.Common -> C:\Users\ultra\warewolf\Dev\Warewolf.Common\bin\Debug\net8.0\Warewolf.Common.dll
C:\Users\ultra\warewolf\Dev\Dev2.Common\ExtMethods\StringExtension.cs(302,13): warning CC0004: Empty Catch Block. (https://code-cracker.github.io/diagnostics/CC0004.html) [C:\Users\ultra\warewolf\Dev\Dev2.Common\Dev2.Common.csproj]
  Dev2.Common -> C:\Users\ultra\warewolf\Dev\Dev2.Common\bin\Debug\net8.0\Dev2.Common.dll
C:\Users\ultra\warewolf\Dev\Dev2.TaskScheduler.Wrappers\Dev2TaskEvent.cs(47,33): warning CA1416: This call site is reachable on all platforms. 'SecurityIdentifier.Value' is only supported on: 'windows'. (https://learn.microsoft.com/dotnet/fundamentals/code-analysis/quality-rules/ca1416) [C:\Users\ultra\warewolf\Dev\Dev2.TaskScheduler.Wrappers\Dev2.TaskScheduler.Wrappers.csproj]
C:\Program Files\dotnet\sdk\10.0.201\Microsoft.Common.CurrentVersion.targets(2451,5): warning MSB3277: Found conflicts between different versions of "WindowsBase" that could not be resolved. [C:\Users\ultra\warewolf\Dev\Dev2.Development.Languages\Dev2.Development.Languages.csproj]
C:\Program Files\dotnet\sdk\10.0.201\Microsoft.Common.CurrentVersion.targets(2451,5): warning MSB3277: There was a conflict between "WindowsBase, Version=4.0.0.0, Culture=neutral, PublicKeyToken=31bf3856ad364e35" and "WindowsBase, Version=6.0.2.0, Culture=neutral, PublicKeyToken=31bf3856ad364e35". [C:\Users\ultra\warewolf\Dev\Dev2.Development.Languages\Dev2.Development.Languages.csproj]
C:\Program Files\dotnet\sdk\10.0.201\Microsoft.Common.CurrentVersion.targets(2451,5): warning MSB3277:     "WindowsBase, Version=4.0.0.0, Culture=neutral, PublicKeyToken=31bf3856ad364e35" was chosen because it was primary and "WindowsBase, Version=6.0.2.0, Culture=neutral, PublicKeyToken=31bf3856ad364e35" was not. [C:\Users\ultra\warewolf\Dev\Dev2.Development.Languages\Dev2.Development.Languages.csproj]
C:\Program Files\dotnet\sdk\10.0.201\Microsoft.Common.CurrentVersion.targets(2451,5): warning MSB3277:     References which depend on "WindowsBase, Version=4.0.0.0, Culture=neutral, PublicKeyToken=31bf3856ad364e35" [C:\Program Files\dotnet\packs\Microsoft.NETCore.App.Ref\8.0.25\ref\net8.0\WindowsBase.dll]. [C:\Users\ultra\warewolf\Dev\Dev2.Development.Languages\Dev2.Development.Languages.csproj]
C:\Program Files\dotnet\sdk\10.0.201\Microsoft.Common.CurrentVersion.targets(2451,5): warning MSB3277:         C:\Program Files\dotnet\packs\Microsoft.NETCore.App.Ref\8.0.25\ref\net8.0\WindowsBase.dll [C:\Users\ultra\warewolf\Dev\Dev2.Development.Languages\Dev2.Development.Languages.csproj]
C:\Program Files\dotnet\sdk\10.0.201\Microsoft.Common.CurrentVersion.targets(2451,5): warning MSB3277:           Project file item includes which caused reference "C:\Program Files\dotnet\packs\Microsoft.NETCore.App.Ref\8.0.25\ref\net8.0\WindowsBase.dll". [C:\Users\ultra\warewolf\Dev\Dev2.Development.Languages\Dev2.Development.Languages.csproj]
C:\Program Files\dotnet\sdk\10.0.201\Microsoft.Common.CurrentVersion.targets(2451,5): warning MSB3277:             C:\Program Files\dotnet\packs\Microsoft.NETCore.App.Ref\8.0.25\ref/net8.0/WindowsBase.dll [C:\Users\ultra\warewolf\Dev\Dev2.Development.Languages\Dev2.Development.Languages.csproj]
C:\Program Files\dotnet\sdk\10.0.201\Microsoft.Common.CurrentVersion.targets(2451,5): warning MSB3277:     References which depend on or have been unified to "WindowsBase, Version=6.0.2.0, Culture=neutral, PublicKeyToken=31bf3856ad364e35" []. [C:\Users\ultra\warewolf\Dev\Dev2.Development.Languages\Dev2.Development.Languages.csproj]
C:\Program Files\dotnet\sdk\10.0.201\Microsoft.Common.CurrentVersion.targets(2451,5): warning MSB3277:         C:\Users\ultra\.nuget\packages\caliburn.micro\4.0.212\lib\netcoreapp3.1\Caliburn.Micro.Platform.dll [C:\Users\ultra\warewolf\Dev\Dev2.Development.Languages\Dev2.Development.Languages.csproj]
C:\Program Files\dotnet\sdk\10.0.201\Microsoft.Common.CurrentVersion.targets(2451,5): warning MSB3277:           Project file item includes which caused reference "C:\Users\ultra\.nuget\packages\caliburn.micro\4.0.212\lib\netcoreapp3.1\Caliburn.Micro.Platform.dll". [C:\Users\ultra\warewolf\Dev\Dev2.Development.Languages\Dev2.Development.Languages.csproj]
C:\Program Files\dotnet\sdk\10.0.201\Microsoft.Common.CurrentVersion.targets(2451,5): warning MSB3277:             C:\Users\ultra\.nuget\packages\caliburn.micro\4.0.212\lib\netcoreapp3.1\Caliburn.Micro.Platform.dll [C:\Users\ultra\warewolf\Dev\Dev2.Development.Languages\Dev2.Development.Languages.csproj]
C:\Program Files\dotnet\sdk\10.0.201\Microsoft.Common.CurrentVersion.targets(2451,5): warning MSB3277:         C:\Users\ultra\.nuget\packages\ironpython\3.4.0\lib\net6.0\IronPython.Wpf.dll [C:\Users\ultra\warewolf\Dev\Dev2.Development.Languages\Dev2.Development.Languages.csproj]
C:\Program Files\dotnet\sdk\10.0.201\Microsoft.Common.CurrentVersion.targets(2451,5): warning MSB3277:           Project file item includes which caused reference "C:\Users\ultra\.nuget\packages\ironpython\3.4.0\lib\net6.0\IronPython.Wpf.dll". [C:\Users\ultra\warewolf\Dev\Dev2.Development.Languages\Dev2.Development.Languages.csproj]
C:\Program Files\dotnet\sdk\10.0.201\Microsoft.Common.CurrentVersion.targets(2451,5): warning MSB3277:             C:\Users\ultra\.nuget\packages\ironpython\3.4.0\lib\net6.0\IronPython.Wpf.dll [C:\Users\ultra\warewolf\Dev\Dev2.Development.Languages\Dev2.Development.Languages.csproj]
C:\Program Files\dotnet\sdk\10.0.201\Microsoft.Common.CurrentVersion.targets(2451,5): warning MSB3277:         C:\Users\ultra\.nuget\packages\microsoft.xaml.behaviors.wpf\1.1.19\lib\netcoreapp3.0\Microsoft.Xaml.Behaviors.dll [C:\Users\ultra\warewolf\Dev\Dev2.Development.Languages\Dev2.Development.Languages.csproj]
C:\Program Files\dotnet\sdk\10.0.201\Microsoft.Common.CurrentVersion.targets(2451,5): warning MSB3277:           Project file item includes which caused reference "C:\Users\ultra\.nuget\packages\microsoft.xaml.behaviors.wpf\1.1.19\lib\netcoreapp3.0\Microsoft.Xaml.Behaviors.dll". [C:\Users\ultra\warewolf\Dev\Dev2.Development.Languages\Dev2.Development.Languages.csproj]
C:\Program Files\dotnet\sdk\10.0.201\Microsoft.Common.CurrentVersion.targets(2451,5): warning MSB3277:             C:\Users\ultra\.nuget\packages\microsoft.xaml.behaviors.wpf\1.1.19\lib\netcoreapp3.0\Microsoft.Xaml.Behaviors.dll [C:\Users\ultra\warewolf\Dev\Dev2.Development.Languages\Dev2.Development.Languages.csproj]
C:\Program Files\dotnet\sdk\10.0.201\Microsoft.Common.CurrentVersion.targets(2451,5): warning MSB3277:             C:\Users\ultra\.nuget\packages\caliburn.micro\4.0.212\lib\netcoreapp3.1\Caliburn.Micro.Platform.dll [C:\Users\ultra\warewolf\Dev\Dev2.Development.Languages\Dev2.Development.Languages.csproj]
  Dev2.TaskScheduler.Wrappers -> C:\Users\ultra\warewolf\Dev\Dev2.TaskScheduler.Wrappers\bin\Debug\net8.0\Dev2.TaskScheduler.Wrappers.dll
  Dev2.Development.Languages -> C:\Users\ultra\warewolf\Dev\Dev2.Development.Languages\bin\Debug\net8.0\Dev2.Development.Languages.dll
  Dev2.Util -> C:\Users\ultra\warewolf\Dev\Dev2.Util\bin\Debug\net8.0\Dev2.Util.dll
  Warewolf.Licensing -> C:\Users\ultra\warewolf\Dev\Warewolf.Licensing\bin\Debug\net8.0\Warewolf.Licensing.dll
  Dev2.CustomControls -> C:\Users\ultra\warewolf\Dev\Dev2.CustomControls\bin\Debug\net8.0\Dev2.CustomControls.dll
  Consider app.config remapping of assembly "Newtonsoft.Json, Culture=neutral, PublicKeyToken=30ad4fe6b2a6aeed" from Version "12.0.0.0" [] to Version "13.0.0.0" [C:\Users\ultra\.nuget\packages\newtonsoft.json\13.0.2\lib\net6.0\Newtonsoft.Json.dll] to solve conflict and get rid of warning.
  Dev2.Runtime.Configuration -> C:\Users\ultra\warewolf\Dev\Dev2.Runtime.Configuration\bin\Debug\net8.0\Dev2.Runtime.Configuration.dll
C:\Program Files\dotnet\sdk\10.0.201\Microsoft.Common.CurrentVersion.targets(2451,5): warning MSB3277: Found conflicts between different versions of "System.Drawing.Common" that could not be resolved. [C:\Users\ultra\warewolf\Dev\Dev2.Runtime.Configuration.Tests\Dev2.Runtime.Configuration.Tests.csproj]
C:\Program Files\dotnet\sdk\10.0.201\Microsoft.Common.CurrentVersion.targets(2451,5): warning MSB3277: There was a conflict between "System.Drawing.Common, Version=6.0.0.0, Culture=neutral, PublicKeyToken=cc7b13ffcd2ddd51" and "System.Drawing.Common, Version=8.0.0.0, Culture=neutral, PublicKeyToken=cc7b13ffcd2ddd51". [C:\Users\ultra\warewolf\Dev\Dev2.Runtime.Configuration.Tests\Dev2.Runtime.Configuration.Tests.csproj]
C:\Program Files\dotnet\sdk\10.0.201\Microsoft.Common.CurrentVersion.targets(2451,5): warning MSB3277:     "System.Drawing.Common, Version=6.0.0.0, Culture=neutral, PublicKeyToken=cc7b13ffcd2ddd51" was chosen because it was primary and "System.Drawing.Common, Version=8.0.0.0, Culture=neutral, PublicKeyToken=cc7b13ffcd2ddd51" was not. [C:\Users\ultra\warewolf\Dev\Dev2.Runtime.Configuration.Tests\Dev2.Runtime.Configuration.Tests.csproj]
C:\Program Files\dotnet\sdk\10.0.201\Microsoft.Common.CurrentVersion.targets(2451,5): warning MSB3277:     References which depend on "System.Drawing.Common, Version=6.0.0.0, Culture=neutral, PublicKeyToken=cc7b13ffcd2ddd51" [C:\Users\ultra\.nuget\packages\system.drawing.common\6.0.0\lib\net6.0\System.Drawing.Common.dll]. [C:\Users\ultra\warewolf\Dev\Dev2.Runtime.Configuration.Tests\Dev2.Runtime.Configuration.Tests.csproj]
C:\Program Files\dotnet\sdk\10.0.201\Microsoft.Common.CurrentVersion.targets(2451,5): warning MSB3277:         C:\Users\ultra\.nuget\packages\system.drawing.common\6.0.0\lib\net6.0\System.Drawing.Common.dll [C:\Users\ultra\warewolf\Dev\Dev2.Runtime.Configuration.Tests\Dev2.Runtime.Configuration.Tests.csproj]
C:\Program Files\dotnet\sdk\10.0.201\Microsoft.Common.CurrentVersion.targets(2451,5): warning MSB3277:           Project file item includes which caused reference "C:\Users\ultra\.nuget\packages\system.drawing.common\6.0.0\lib\net6.0\System.Drawing.Common.dll". [C:\Users\ultra\warewolf\Dev\Dev2.Runtime.Configuration.Tests\Dev2.Runtime.Configuration.Tests.csproj]
C:\Program Files\dotnet\sdk\10.0.201\Microsoft.Common.CurrentVersion.targets(2451,5): warning MSB3277:             C:\Users\ultra\.nuget\packages\system.drawing.common\6.0.0\lib\net6.0\System.Drawing.Common.dll [C:\Users\ultra\warewolf\Dev\Dev2.Runtime.Configuration.Tests\Dev2.Runtime.Configuration.Tests.csproj]
C:\Program Files\dotnet\sdk\10.0.201\Microsoft.Common.CurrentVersion.targets(2451,5): warning MSB3277:     References which depend on or have been unified to "System.Drawing.Common, Version=8.0.0.0, Culture=neutral, PublicKeyToken=cc7b13ffcd2ddd51" []. [C:\Users\ultra\warewolf\Dev\Dev2.Runtime.Configuration.Tests\Dev2.Runtime.Configuration.Tests.csproj]
C:\Program Files\dotnet\sdk\10.0.201\Microsoft.Common.CurrentVersion.targets(2451,5): warning MSB3277:         C:\Users\ultra\.nuget\packages\system.windows.extensions\8.0.0\lib\net8.0\System.Windows.Extensions.dll [C:\Users\ultra\warewolf\Dev\Dev2.Runtime.Configuration.Tests\Dev2.Runtime.Configuration.Tests.csproj]
C:\Program Files\dotnet\sdk\10.0.201\Microsoft.Common.CurrentVersion.targets(2451,5): warning MSB3277:           Project file item includes which caused reference "C:\Users\ultra\.nuget\packages\system.windows.extensions\8.0.0\lib\net8.0\System.Windows.Extensions.dll". [C:\Users\ultra\warewolf\Dev\Dev2.Runtime.Configuration.Tests\Dev2.Runtime.Configuration.Tests.csproj]
C:\Program Files\dotnet\sdk\10.0.201\Microsoft.Common.CurrentVersion.targets(2451,5): warning MSB3277:             C:\Users\ultra\.nuget\packages\system.windows.extensions\8.0.0\lib\net8.0\System.Windows.Extensions.dll [C:\Users\ultra\warewolf\Dev\Dev2.Runtime.Configuration.Tests\Dev2.Runtime.Configuration.Tests.csproj]
C:\Program Files\dotnet\sdk\10.0.201\Microsoft.Common.CurrentVersion.targets(2451,5): warning MSB3277:             C:\Users\ultra\.nuget\packages\system.security.permissions\8.0.0\lib\net8.0\System.Security.Permissions.dll [C:\Users\ultra\warewolf\Dev\Dev2.Runtime.Configuration.Tests\Dev2.Runtime.Configuration.Tests.csproj]
C:\Program Files\dotnet\sdk\10.0.201\Microsoft.Common.CurrentVersion.targets(2451,5): warning MSB3277:             C:\Users\ultra\.nuget\packages\dotnetzip\1.16.0\lib\netstandard2.0\DotNetZip.dll [C:\Users\ultra\warewolf\Dev\Dev2.Runtime.Configuration.Tests\Dev2.Runtime.Configuration.Tests.csproj]
C:\Program Files\dotnet\sdk\10.0.201\Microsoft.Common.CurrentVersion.targets(2451,5): warning MSB3277:             C:\Users\ultra\warewolf\Dev\Dev2.Common\bin\Debug\net8.0\Dev2.Common.dll [C:\Users\ultra\warewolf\Dev\Dev2.Runtime.Configuration.Tests\Dev2.Runtime.Configuration.Tests.csproj]
C:\Program Files\dotnet\sdk\10.0.201\Microsoft.Common.CurrentVersion.targets(2451,5): warning MSB3277:             C:\Users\ultra\warewolf\Dev\Dev2.Data.Interfaces\bin\Debug\net8.0\Dev2.Data.Interfaces.dll [C:\Users\ultra\warewolf\Dev\Dev2.Runtime.Configuration.Tests\Dev2.Runtime.Configuration.Tests.csproj]
C:\Program Files\dotnet\sdk\10.0.201\Microsoft.Common.CurrentVersion.targets(2451,5): warning MSB3277:             C:\Users\ultra\warewolf\Dev\Dev2.Util\bin\Debug\net8.0\Dev2.Util.dll [C:\Users\ultra\warewolf\Dev\Dev2.Runtime.Configuration.Tests\Dev2.Runtime.Configuration.Tests.csproj]
C:\Program Files\dotnet\sdk\10.0.201\Microsoft.Common.CurrentVersion.targets(2451,5): warning MSB3277:             C:\Users\ultra\.nuget\packages\system.directoryservices\6.0.0\lib\net6.0\System.DirectoryServices.dll [C:\Users\ultra\warewolf\Dev\Dev2.Runtime.Configuration.Tests\Dev2.Runtime.Configuration.Tests.csproj]
C:\Program Files\dotnet\sdk\10.0.201\Microsoft.Common.CurrentVersion.targets(2451,5): warning MSB3277:             C:\Program Files\dotnet\packs\Microsoft.NETCore.App.Ref\8.0.25\ref/net8.0/System.Configuration.dll [C:\Users\ultra\warewolf\Dev\Dev2.Runtime.Configuration.Tests\Dev2.Runtime.Configuration.Tests.csproj]
C:\Program Files\dotnet\sdk\10.0.201\Microsoft.Common.CurrentVersion.targets(2451,5): warning MSB3277:             C:\Program Files\dotnet\packs\Microsoft.NETCore.App.Ref\8.0.25\ref/net8.0/System.Data.dll [C:\Users\ultra\warewolf\Dev\Dev2.Runtime.Configuration.Tests\Dev2.Runtime.Configuration.Tests.csproj]
C:\Program Files\dotnet\sdk\10.0.201\Microsoft.Common.CurrentVersion.targets(2451,5): warning MSB3277:             C:\Users\ultra\.nuget\packages\taskschedulereditor\2.10.1\lib\net452\Microsoft.Win32.TaskSchedulerEditor.dll [C:\Users\ultra\warewolf\Dev\Dev2.Runtime.Configuration.Tests\Dev2.Runtime.Configuration.Tests.csproj]
C:\Program Files\dotnet\sdk\10.0.201\Microsoft.Common.CurrentVersion.targets(2451,5): warning MSB3277:             C:\Program Files\dotnet\packs\Microsoft.NETCore.App.Ref\8.0.25\ref/net8.0/System.Drawing.dll [C:\Users\ultra\warewolf\Dev\Dev2.Runtime.Configuration.Tests\Dev2.Runtime.Configuration.Tests.csproj]
C:\Program Files\dotnet\sdk\10.0.201\Microsoft.Common.CurrentVersion.targets(2451,5): warning MSB3277:             C:\Users\ultra\.nuget\packages\aerowizard\2.3.1\lib\net45\AeroWizard.dll [C:\Users\ultra\warewolf\Dev\Dev2.Runtime.Configuration.Tests\Dev2.Runtime.Configuration.Tests.csproj]
C:\Program Files\dotnet\sdk\10.0.201\Microsoft.Common.CurrentVersion.targets(2451,5): warning MSB3277:             C:\Users\ultra\.nuget\packages\groupcontrols\1.9.0\lib\net45\GroupControls.dll [C:\Users\ultra\warewolf\Dev\Dev2.Runtime.Configuration.Tests\Dev2.Runtime.Configuration.Tests.csproj]
C:\Program Files\dotnet\sdk\10.0.201\Microsoft.Common.CurrentVersion.targets(2451,5): warning MSB3277:             C:\Program Files\dotnet\packs\Microsoft.NETCore.App.Ref\8.0.25\ref/net8.0/System.Net.dll [C:\Users\ultra\warewolf\Dev\Dev2.Runtime.Configuration.Tests\Dev2.Runtime.Configuration.Tests.csproj]
C:\Program Files\dotnet\sdk\10.0.201\Microsoft.Common.CurrentVersion.targets(2451,5): warning MSB3277:             C:\Program Files\dotnet\packs\Microsoft.NETCore.App.Ref\8.0.25\ref/net8.0/System.Security.dll [C:\Users\ultra\warewolf\Dev\Dev2.Runtime.Configuration.Tests\Dev2.Runtime.Configuration.Tests.csproj]
C:\Program Files\dotnet\sdk\10.0.201\Microsoft.Common.CurrentVersion.targets(2451,5): warning MSB3277:             C:\Program Files\dotnet\packs\Microsoft.NETCore.App.Ref\8.0.25\ref/net8.0/System.ServiceProcess.dll [C:\Users\ultra\warewolf\Dev\Dev2.Runtime.Configuration.Tests\Dev2.Runtime.Configuration.Tests.csproj]
C:\Program Files\dotnet\sdk\10.0.201\Microsoft.Common.CurrentVersion.targets(2451,5): warning MSB3277:             C:\Program Files\dotnet\packs\Microsoft.NETCore.App.Ref\8.0.25\ref/net8.0/System.Transactions.dll [C:\Users\ultra\warewolf\Dev\Dev2.Runtime.Configuration.Tests\Dev2.Runtime.Configuration.Tests.csproj]
C:\Program Files\dotnet\sdk\10.0.201\Microsoft.Common.CurrentVersion.targets(2451,5): warning MSB3277:             C:\Program Files\dotnet\packs\Microsoft.NETCore.App.Ref\8.0.25\ref/net8.0/System.dll [C:\Users\ultra\warewolf\Dev\Dev2.Runtime.Configuration.Tests\Dev2.Runtime.Configuration.Tests.csproj]
C:\Program Files\dotnet\sdk\10.0.201\Microsoft.Common.CurrentVersion.targets(2451,5): warning MSB3277:             C:\Users\ultra\.nuget\packages\ttcue.netcore.sharepointonline.csom.16.1.8029.1200\16.1.8029.1200\lib\netcoreapp2.0\Microsoft.SharePoint.Client.Runtime.Windows.dll [C:\Users\ultra\warewolf\Dev\Dev2.Runtime.Configuration.Tests\Dev2.Runtime.Configuration.Tests.csproj]
C:\Program Files\dotnet\sdk\10.0.201\Microsoft.Common.CurrentVersion.targets(2451,5): warning MSB3277:             C:\Program Files\dotnet\packs\Microsoft.NETCore.App.Ref\8.0.25\ref/net8.0/WindowsBase.dll [C:\Users\ultra\warewolf\Dev\Dev2.Runtime.Configuration.Tests\Dev2.Runtime.Configuration.Tests.csproj]
C:\Program Files\dotnet\sdk\10.0.201\Microsoft.Common.CurrentVersion.targets(2451,5): warning MSB3277:             C:\Users\ultra\.nuget\packages\caliburn.micro\4.0.212\lib\netcoreapp3.1\Caliburn.Micro.Platform.dll [C:\Users\ultra\warewolf\Dev\Dev2.Runtime.Configuration.Tests\Dev2.Runtime.Configuration.Tests.csproj]
C:\Program Files\dotnet\sdk\10.0.201\Microsoft.Common.CurrentVersion.targets(2451,5): warning MSB3277:             C:\Users\ultra\.nuget\packages\microsoft.xaml.behaviors.wpf\1.1.19\lib\netcoreapp3.0\Microsoft.Xaml.Behaviors.dll [C:\Users\ultra\warewolf\Dev\Dev2.Runtime.Configuration.Tests\Dev2.Runtime.Configuration.Tests.csproj]
C:\Program Files\dotnet\sdk\10.0.201\Microsoft.Common.CurrentVersion.targets(2451,5): warning MSB3277:             C:\Program Files\dotnet\packs\Microsoft.NETCore.App.Ref\8.0.25\ref/net8.0/mscorlib.dll [C:\Users\ultra\warewolf\Dev\Dev2.Runtime.Configuration.Tests\Dev2.Runtime.Configuration.Tests.csproj]
C:\Program Files\dotnet\sdk\10.0.201\Microsoft.Common.CurrentVersion.targets(2451,5): warning MSB3277:             C:\Users\ultra\.nuget\packages\microsoft.codecoverage\17.13.0\lib\netcoreapp3.1\Microsoft.VisualStudio.CodeCoverage.Shim.dll [C:\Users\ultra\warewolf\Dev\Dev2.Runtime.Configuration.Tests\Dev2.Runtime.Configuration.Tests.csproj]
C:\Program Files\dotnet\sdk\10.0.201\Microsoft.Common.CurrentVersion.targets(2451,5): warning MSB3277:         C:\Program Files\dotnet\packs\Microsoft.NETCore.App.Ref\8.0.25\ref\net8.0\System.Drawing.dll [C:\Users\ultra\warewolf\Dev\Dev2.Runtime.Configuration.Tests\Dev2.Runtime.Configuration.Tests.csproj]
C:\Program Files\dotnet\sdk\10.0.201\Microsoft.Common.CurrentVersion.targets(2451,5): warning MSB3277:           Project file item includes which caused reference "C:\Program Files\dotnet\packs\Microsoft.NETCore.App.Ref\8.0.25\ref\net8.0\System.Drawing.dll". [C:\Users\ultra\warewolf\Dev\Dev2.Runtime.Configuration.Tests\Dev2.Runtime.Configuration.Tests.csproj]
C:\Program Files\dotnet\sdk\10.0.201\Microsoft.Common.CurrentVersion.targets(2451,5): warning MSB3277:             C:\Program Files\dotnet\packs\Microsoft.NETCore.App.Ref\8.0.25\ref/net8.0/System.Drawing.dll [C:\Users\ultra\warewolf\Dev\Dev2.Runtime.Configuration.Tests\Dev2.Runtime.Configuration.Tests.csproj]
C:\Program Files\dotnet\sdk\10.0.201\Microsoft.Common.CurrentVersion.targets(2451,5): warning MSB3277:             C:\Users\ultra\.nuget\packages\aerowizard\2.3.1\lib\net45\AeroWizard.dll [C:\Users\ultra\warewolf\Dev\Dev2.Runtime.Configuration.Tests\Dev2.Runtime.Configuration.Tests.csproj]
C:\Program Files\dotnet\sdk\10.0.201\Microsoft.Common.CurrentVersion.targets(2451,5): warning MSB3277:             C:\Users\ultra\.nuget\packages\groupcontrols\1.9.0\lib\net45\GroupControls.dll [C:\Users\ultra\warewolf\Dev\Dev2.Runtime.Configuration.Tests\Dev2.Runtime.Configuration.Tests.csproj]
C:\Program Files\dotnet\sdk\10.0.201\Microsoft.Common.CurrentVersion.targets(2451,5): warning MSB3277:             C:\Users\ultra\.nuget\packages\taskschedulereditor\2.10.1\lib\net452\Microsoft.Win32.TaskSchedulerEditor.dll [C:\Users\ultra\warewolf\Dev\Dev2.Runtime.Configuration.Tests\Dev2.Runtime.Configuration.Tests.csproj]
C:\Program Files\dotnet\sdk\10.0.201\Microsoft.Common.CurrentVersion.targets(2451,5): warning MSB3277: Found conflicts between different versions of "System.Drawing.Common" that could not be resolved. [C:\Users\ultra\warewolf\Dev\Dev2.Runtime.Configuration.Tests\Dev2.Runtime.Configuration.Tests.csproj]
C:\Program Files\dotnet\sdk\10.0.201\Microsoft.Common.CurrentVersion.targets(2451,5): warning MSB3277: There was a conflict between "System.Drawing.Common, Version=6.0.0.0, Culture=neutral, PublicKeyToken=cc7b13ffcd2ddd51" and "System.Drawing.Common, Version=8.0.0.0, Culture=neutral, PublicKeyToken=cc7b13ffcd2ddd51". [C:\Users\ultra\warewolf\Dev\Dev2.Runtime.Configuration.Tests\Dev2.Runtime.Configuration.Tests.csproj]
C:\Program Files\dotnet\sdk\10.0.201\Microsoft.Common.CurrentVersion.targets(2451,5): warning MSB3277:     "System.Drawing.Common, Version=6.0.0.0, Culture=neutral, PublicKeyToken=cc7b13ffcd2ddd51" was chosen because it was primary and "System.Drawing.Common, Version=8.0.0.0, Culture=neutral, PublicKeyToken=cc7b13ffcd2ddd51" was not. [C:\Users\ultra\warewolf\Dev\Dev2.Runtime.Configuration.Tests\Dev2.Runtime.Configuration.Tests.csproj]
C:\Program Files\dotnet\sdk\10.0.201\Microsoft.Common.CurrentVersion.targets(2451,5): warning MSB3277:     References which depend on "System.Drawing.Common, Version=6.0.0.0, Culture=neutral, PublicKeyToken=cc7b13ffcd2ddd51" [C:\Users\ultra\.nuget\packages\system.drawing.common\6.0.0\lib\net6.0\System.Drawing.Common.dll]. [C:\Users\ultra\warewolf\Dev\Dev2.Runtime.Configuration.Tests\Dev2.Runtime.Configuration.Tests.csproj]
C:\Program Files\dotnet\sdk\10.0.201\Microsoft.Common.CurrentVersion.targets(2451,5): warning MSB3277:         C:\Users\ultra\.nuget\packages\system.drawing.common\6.0.0\lib\net6.0\System.Drawing.Common.dll [C:\Users\ultra\warewolf\Dev\Dev2.Runtime.Configuration.Tests\Dev2.Runtime.Configuration.Tests.csproj]
C:\Program Files\dotnet\sdk\10.0.201\Microsoft.Common.CurrentVersion.targets(2451,5): warning MSB3277:           Project file item includes which caused reference "C:\Users\ultra\.nuget\packages\system.drawing.common\6.0.0\lib\net6.0\System.Drawing.Common.dll". [C:\Users\ultra\warewolf\Dev\Dev2.Runtime.Configuration.Tests\Dev2.Runtime.Configuration.Tests.csproj]
C:\Program Files\dotnet\sdk\10.0.201\Microsoft.Common.CurrentVersion.targets(2451,5): warning MSB3277:             C:\Users\ultra\.nuget\packages\system.drawing.common\6.0.0\lib\net6.0\System.Drawing.Common.dll [C:\Users\ultra\warewolf\Dev\Dev2.Runtime.Configuration.Tests\Dev2.Runtime.Configuration.Tests.csproj]
C:\Program Files\dotnet\sdk\10.0.201\Microsoft.Common.CurrentVersion.targets(2451,5): warning MSB3277:     References which depend on or have been unified to "System.Drawing.Common, Version=8.0.0.0, Culture=neutral, PublicKeyToken=cc7b13ffcd2ddd51" []. [C:\Users\ultra\warewolf\Dev\Dev2.Runtime.Configuration.Tests\Dev2.Runtime.Configuration.Tests.csproj]
C:\Program Files\dotnet\sdk\10.0.201\Microsoft.Common.CurrentVersion.targets(2451,5): warning MSB3277:         C:\Users\ultra\.nuget\packages\system.windows.extensions\8.0.0\lib\net8.0\System.Windows.Extensions.dll [C:\Users\ultra\warewolf\Dev\Dev2.Runtime.Configuration.Tests\Dev2.Runtime.Configuration.Tests.csproj]
C:\Program Files\dotnet\sdk\10.0.201\Microsoft.Common.CurrentVersion.targets(2451,5): warning MSB3277:           Project file item includes which caused reference "C:\Users\ultra\.nuget\packages\system.windows.extensions\8.0.0\lib\net8.0\System.Windows.Extensions.dll". [C:\Users\ultra\warewolf\Dev\Dev2.Runtime.Configuration.Tests\Dev2.Runtime.Configuration.Tests.csproj]
C:\Program Files\dotnet\sdk\10.0.201\Microsoft.Common.CurrentVersion.targets(2451,5): warning MSB3277:             C:\Users\ultra\.nuget\packages\system.windows.extensions\8.0.0\lib\net8.0\System.Windows.Extensions.dll [C:\Users\ultra\warewolf\Dev\Dev2.Runtime.Configuration.Tests\Dev2.Runtime.Configuration.Tests.csproj]
C:\Program Files\dotnet\sdk\10.0.201\Microsoft.Common.CurrentVersion.targets(2451,5): warning MSB3277:             C:\Users\ultra\.nuget\packages\system.security.permissions\8.0.0\lib\net8.0\System.Security.Permissions.dll [C:\Users\ultra\warewolf\Dev\Dev2.Runtime.Configuration.Tests\Dev2.Runtime.Configuration.Tests.csproj]
C:\Program Files\dotnet\sdk\10.0.201\Microsoft.Common.CurrentVersion.targets(2451,5): warning MSB3277:             C:\Users\ultra\.nuget\packages\dotnetzip\1.16.0\lib\netstandard2.0\DotNetZip.dll [C:\Users\ultra\warewolf\Dev\Dev2.Runtime.Configuration.Tests\Dev2.Runtime.Configuration.Tests.csproj]
C:\Program Files\dotnet\sdk\10.0.201\Microsoft.Common.CurrentVersion.targets(2451,5): warning MSB3277:             C:\Users\ultra\warewolf\Dev\Dev2.Common\bin\Debug\net8.0\Dev2.Common.dll [C:\Users\ultra\warewolf\Dev\Dev2.Runtime.Configuration.Tests\Dev2.Runtime.Configuration.Tests.csproj]
C:\Program Files\dotnet\sdk\10.0.201\Microsoft.Common.CurrentVersion.targets(2451,5): warning MSB3277:             C:\Users\ultra\warewolf\Dev\Dev2.Data.Interfaces\bin\Debug\net8.0\Dev2.Data.Interfaces.dll [C:\Users\ultra\warewolf\Dev\Dev2.Runtime.Configuration.Tests\Dev2.Runtime.Configuration.Tests.csproj]
C:\Program Files\dotnet\sdk\10.0.201\Microsoft.Common.CurrentVersion.targets(2451,5): warning MSB3277:             C:\Users\ultra\warewolf\Dev\Dev2.Util\bin\Debug\net8.0\Dev2.Util.dll [C:\Users\ultra\warewolf\Dev\Dev2.Runtime.Configuration.Tests\Dev2.Runtime.Configuration.Tests.csproj]
C:\Program Files\dotnet\sdk\10.0.201\Microsoft.Common.CurrentVersion.targets(2451,5): warning MSB3277:             C:\Users\ultra\.nuget\packages\system.directoryservices\6.0.0\lib\net6.0\System.DirectoryServices.dll [C:\Users\ultra\warewolf\Dev\Dev2.Runtime.Configuration.Tests\Dev2.Runtime.Configuration.Tests.csproj]
C:\Program Files\dotnet\sdk\10.0.201\Microsoft.Common.CurrentVersion.targets(2451,5): warning MSB3277:             C:\Program Files\dotnet\packs\Microsoft.NETCore.App.Ref\8.0.25\ref/net8.0/System.Configuration.dll [C:\Users\ultra\warewolf\Dev\Dev2.Runtime.Configuration.Tests\Dev2.Runtime.Configuration.Tests.csproj]
C:\Program Files\dotnet\sdk\10.0.201\Microsoft.Common.CurrentVersion.targets(2451,5): warning MSB3277:             C:\Program Files\dotnet\packs\Microsoft.NETCore.App.Ref\8.0.25\ref/net8.0/System.Data.dll [C:\Users\ultra\warewolf\Dev\Dev2.Runtime.Configuration.Tests\Dev2.Runtime.Configuration.Tests.csproj]
C:\Program Files\dotnet\sdk\10.0.201\Microsoft.Common.CurrentVersion.targets(2451,5): warning MSB3277:             C:\Users\ultra\.nuget\packages\taskschedulereditor\2.10.1\lib\net452\Microsoft.Win32.TaskSchedulerEditor.dll [C:\Users\ultra\warewolf\Dev\Dev2.Runtime.Configuration.Tests\Dev2.Runtime.Configuration.Tests.csproj]
C:\Program Files\dotnet\sdk\10.0.201\Microsoft.Common.CurrentVersion.targets(2451,5): warning MSB3277:             C:\Program Files\dotnet\packs\Microsoft.NETCore.App.Ref\8.0.25\ref/net8.0/System.Drawing.dll [C:\Users\ultra\warewolf\Dev\Dev2.Runtime.Configuration.Tests\Dev2.Runtime.Configuration.Tests.csproj]
C:\Program Files\dotnet\sdk\10.0.201\Microsoft.Common.CurrentVersion.targets(2451,5): warning MSB3277:             C:\Users\ultra\.nuget\packages\aerowizard\2.3.1\lib\net45\AeroWizard.dll [C:\Users\ultra\warewolf\Dev\Dev2.Runtime.Configuration.Tests\Dev2.Runtime.Configuration.Tests.csproj]
C:\Program Files\dotnet\sdk\10.0.201\Microsoft.Common.CurrentVersion.targets(2451,5): warning MSB3277:             C:\Users\ultra\.nuget\packages\groupcontrols\1.9.0\lib\net45\GroupControls.dll [C:\Users\ultra\warewolf\Dev\Dev2.Runtime.Configuration.Tests\Dev2.Runtime.Configuration.Tests.csproj]
C:\Program Files\dotnet\sdk\10.0.201\Microsoft.Common.CurrentVersion.targets(2451,5): warning MSB3277:             C:\Program Files\dotnet\packs\Microsoft.NETCore.App.Ref\8.0.25\ref/net8.0/System.Net.dll [C:\Users\ultra\warewolf\Dev\Dev2.Runtime.Configuration.Tests\Dev2.Runtime.Configuration.Tests.csproj]
C:\Program Files\dotnet\sdk\10.0.201\Microsoft.Common.CurrentVersion.targets(2451,5): warning MSB3277:             C:\Program Files\dotnet\packs\Microsoft.NETCore.App.Ref\8.0.25\ref/net8.0/System.Security.dll [C:\Users\ultra\warewolf\Dev\Dev2.Runtime.Configuration.Tests\Dev2.Runtime.Configuration.Tests.csproj]
C:\Program Files\dotnet\sdk\10.0.201\Microsoft.Common.CurrentVersion.targets(2451,5): warning MSB3277:             C:\Program Files\dotnet\packs\Microsoft.NETCore.App.Ref\8.0.25\ref/net8.0/System.ServiceProcess.dll [C:\Users\ultra\warewolf\Dev\Dev2.Runtime.Configuration.Tests\Dev2.Runtime.Configuration.Tests.csproj]
C:\Program Files\dotnet\sdk\10.0.201\Microsoft.Common.CurrentVersion.targets(2451,5): warning MSB3277:             C:\Program Files\dotnet\packs\Microsoft.NETCore.App.Ref\8.0.25\ref/net8.0/System.Transactions.dll [C:\Users\ultra\warewolf\Dev\Dev2.Runtime.Configuration.Tests\Dev2.Runtime.Configuration.Tests.csproj]
C:\Program Files\dotnet\sdk\10.0.201\Microsoft.Common.CurrentVersion.targets(2451,5): warning MSB3277:             C:\Program Files\dotnet\packs\Microsoft.NETCore.App.Ref\8.0.25\ref/net8.0/System.dll [C:\Users\ultra\warewolf\Dev\Dev2.Runtime.Configuration.Tests\Dev2.Runtime.Configuration.Tests.csproj]
C:\Program Files\dotnet\sdk\10.0.201\Microsoft.Common.CurrentVersion.targets(2451,5): warning MSB3277:             C:\Users\ultra\.nuget\packages\ttcue.netcore.sharepointonline.csom.16.1.8029.1200\16.1.8029.1200\lib\netcoreapp2.0\Microsoft.SharePoint.Client.Runtime.Windows.dll [C:\Users\ultra\warewolf\Dev\Dev2.Runtime.Configuration.Tests\Dev2.Runtime.Configuration.Tests.csproj]
C:\Program Files\dotnet\sdk\10.0.201\Microsoft.Common.CurrentVersion.targets(2451,5): warning MSB3277:             C:\Program Files\dotnet\packs\Microsoft.NETCore.App.Ref\8.0.25\ref/net8.0/WindowsBase.dll [C:\Users\ultra\warewolf\Dev\Dev2.Runtime.Configuration.Tests\Dev2.Runtime.Configuration.Tests.csproj]
C:\Program Files\dotnet\sdk\10.0.201\Microsoft.Common.CurrentVersion.targets(2451,5): warning MSB3277:             C:\Users\ultra\.nuget\packages\caliburn.micro\4.0.212\lib\netcoreapp3.1\Caliburn.Micro.Platform.dll [C:\Users\ultra\warewolf\Dev\Dev2.Runtime.Configuration.Tests\Dev2.Runtime.Configuration.Tests.csproj]
C:\Program Files\dotnet\sdk\10.0.201\Microsoft.Common.CurrentVersion.targets(2451,5): warning MSB3277:             C:\Users\ultra\.nuget\packages\microsoft.xaml.behaviors.wpf\1.1.19\lib\netcoreapp3.0\Microsoft.Xaml.Behaviors.dll [C:\Users\ultra\warewolf\Dev\Dev2.Runtime.Configuration.Tests\Dev2.Runtime.Configuration.Tests.csproj]
C:\Program Files\dotnet\sdk\10.0.201\Microsoft.Common.CurrentVersion.targets(2451,5): warning MSB3277:             C:\Program Files\dotnet\packs\Microsoft.NETCore.App.Ref\8.0.25\ref/net8.0/mscorlib.dll [C:\Users\ultra\warewolf\Dev\Dev2.Runtime.Configuration.Tests\Dev2.Runtime.Configuration.Tests.csproj]
C:\Program Files\dotnet\sdk\10.0.201\Microsoft.Common.CurrentVersion.targets(2451,5): warning MSB3277:             C:\Users\ultra\.nuget\packages\microsoft.codecoverage\17.13.0\lib\netcoreapp3.1\Microsoft.VisualStudio.CodeCoverage.Shim.dll [C:\Users\ultra\warewolf\Dev\Dev2.Runtime.Configuration.Tests\Dev2.Runtime.Configuration.Tests.csproj]
C:\Program Files\dotnet\sdk\10.0.201\Microsoft.Common.CurrentVersion.targets(2451,5): warning MSB3277:         C:\Program Files\dotnet\packs\Microsoft.NETCore.App.Ref\8.0.25\ref\net8.0\System.Drawing.dll [C:\Users\ultra\warewolf\Dev\Dev2.Runtime.Configuration.Tests\Dev2.Runtime.Configuration.Tests.csproj]
C:\Program Files\dotnet\sdk\10.0.201\Microsoft.Common.CurrentVersion.targets(2451,5): warning MSB3277:           Project file item includes which caused reference "C:\Program Files\dotnet\packs\Microsoft.NETCore.App.Ref\8.0.25\ref\net8.0\System.Drawing.dll". [C:\Users\ultra\warewolf\Dev\Dev2.Runtime.Configuration.Tests\Dev2.Runtime.Configuration.Tests.csproj]
C:\Program Files\dotnet\sdk\10.0.201\Microsoft.Common.CurrentVersion.targets(2451,5): warning MSB3277:             C:\Program Files\dotnet\packs\Microsoft.NETCore.App.Ref\8.0.25\ref/net8.0/System.Drawing.dll [C:\Users\ultra\warewolf\Dev\Dev2.Runtime.Configuration.Tests\Dev2.Runtime.Configuration.Tests.csproj]
C:\Program Files\dotnet\sdk\10.0.201\Microsoft.Common.CurrentVersion.targets(2451,5): warning MSB3277:             C:\Users\ultra\.nuget\packages\aerowizard\2.3.1\lib\net45\AeroWizard.dll [C:\Users\ultra\warewolf\Dev\Dev2.Runtime.Configuration.Tests\Dev2.Runtime.Configuration.Tests.csproj]
C:\Program Files\dotnet\sdk\10.0.201\Microsoft.Common.CurrentVersion.targets(2451,5): warning MSB3277:             C:\Users\ultra\.nuget\packages\groupcontrols\1.9.0\lib\net45\GroupControls.dll [C:\Users\ultra\warewolf\Dev\Dev2.Runtime.Configuration.Tests\Dev2.Runtime.Configuration.Tests.csproj]
C:\Program Files\dotnet\sdk\10.0.201\Microsoft.Common.CurrentVersion.targets(2451,5): warning MSB3277:             C:\Users\ultra\.nuget\packages\taskschedulereditor\2.10.1\lib\net452\Microsoft.Win32.TaskSchedulerEditor.dll [C:\Users\ultra\warewolf\Dev\Dev2.Runtime.Configuration.Tests\Dev2.Runtime.Configuration.Tests.csproj]
C:\Users\ultra\warewolf\Dev\Dev2.Diagnostics\Debug\DebugDispatcher.cs(209,35): warning CC0057: Parameter 'previous' is not used. (https://code-cracker.github.io/diagnostics/CC0057.html) [C:\Users\ultra\warewolf\Dev\Dev2.Diagnostics\Dev2.Diagnostics.csproj]
  Dev2.Diagnostics -> C:\Users\ultra\warewolf\Dev\Dev2.Diagnostics\bin\Debug\net8.0\Dev2.Diagnostics.dll
C:\Users\ultra\warewolf\Dev\Warewolf.AI.Harness\ChatbotApiService.cs(11,7): warning CS0105: The using directive for 'System.Text' appeared previously in this namespace [C:\Users\ultra\warewolf\Dev\Warewolf.AI.Harness\Warewolf.AI.Harness.csproj]
C:\Users\ultra\warewolf\Dev\Warewolf.AI.Harness\ChatbotApiService.cs(12,7): warning CS0105: The using directive for 'Newtonsoft.Json' appeared previously in this namespace [C:\Users\ultra\warewolf\Dev\Warewolf.AI.Harness\Warewolf.AI.Harness.csproj]
C:\Users\ultra\warewolf\Dev\Warewolf.AI.Harness\ChatbotApiService.cs(641,23): warning CS8618: Non-nullable property 'Model' must contain a non-null value when exiting constructor. Consider adding the 'required' modifier or declaring the property as nullable. [C:\Users\ultra\warewolf\Dev\Warewolf.AI.Harness\Warewolf.AI.Harness.csproj]
C:\Users\ultra\warewolf\Dev\Warewolf.AI.Harness\ChatbotApiService.cs(659,23): warning CS8618: Non-nullable property 'FinishReason' must contain a non-null value when exiting constructor. Consider adding the 'required' modifier or declaring the property as nullable. [C:\Users\ultra\warewolf\Dev\Warewolf.AI.Harness\Warewolf.AI.Harness.csproj]
C:\Users\ultra\warewolf\Dev\Warewolf.AI.Harness\ChatbotApiService.cs(201,34): warning CS8600: Converting null literal or possible null value to non-nullable type. [C:\Users\ultra\warewolf\Dev\Warewolf.AI.Harness\Warewolf.AI.Harness.csproj]
C:\Users\ultra\warewolf\Dev\Warewolf.AI.Harness\ChatbotApiService.cs(215,51): warning CS8602: Dereference of a possibly null reference. [C:\Users\ultra\warewolf\Dev\Warewolf.AI.Harness\Warewolf.AI.Harness.csproj]
C:\Users\ultra\warewolf\Dev\Warewolf.AI.Harness\ChatbotApiService.cs(218,25): warning CS8602: Dereference of a possibly null reference. [C:\Users\ultra\warewolf\Dev\Warewolf.AI.Harness\Warewolf.AI.Harness.csproj]
C:\Users\ultra\warewolf\Dev\Warewolf.AI.Harness\ChatbotApiService.cs(303,34): warning CS8600: Converting null literal or possible null value to non-nullable type. [C:\Users\ultra\warewolf\Dev\Warewolf.AI.Harness\Warewolf.AI.Harness.csproj]
C:\Users\ultra\warewolf\Dev\Warewolf.AI.Harness\ChatbotApiService.cs(312,51): warning CS8602: Dereference of a possibly null reference. [C:\Users\ultra\warewolf\Dev\Warewolf.AI.Harness\Warewolf.AI.Harness.csproj]
C:\Users\ultra\warewolf\Dev\Warewolf.AI.Harness\ChatbotApiService.cs(314,30): warning CS8602: Dereference of a possibly null reference. [C:\Users\ultra\warewolf\Dev\Warewolf.AI.Harness\Warewolf.AI.Harness.csproj]
C:\Users\ultra\warewolf\Dev\Warewolf.AI.Harness\ChatbotApiService.cs(477,32): warning CS8600: Converting null literal or possible null value to non-nullable type. [C:\Users\ultra\warewolf\Dev\Warewolf.AI.Harness\Warewolf.AI.Harness.csproj]
C:\Users\ultra\warewolf\Dev\Warewolf.AI.Harness\ChatbotApiService.cs(478,32): warning CS8600: Converting null literal or possible null value to non-nullable type. [C:\Users\ultra\warewolf\Dev\Warewolf.AI.Harness\Warewolf.AI.Harness.csproj]
C:\Users\ultra\warewolf\Dev\Warewolf.AI.Harness\ChatbotApiService.cs(481,73): warning CS8625: Cannot convert null literal to non-nullable reference type. [C:\Users\ultra\warewolf\Dev\Warewolf.AI.Harness\Warewolf.AI.Harness.csproj]
C:\Users\ultra\warewolf\Dev\Warewolf.AI.Harness\ChatbotApiService.cs(482,60): warning CS8604: Possible null reference argument for parameter 'authHeaderName' in 'HttpResponseMessage ChatbotApiService.PostWithAuth(string endpoint, object payload, string authHeaderName, string authHeaderValue, string additionalHeaders)'. [C:\Users\ultra\warewolf\Dev\Warewolf.AI.Harness\Warewolf.AI.Harness.csproj]
C:\Users\ultra\warewolf\Dev\Warewolf.AI.Harness\ChatbotApiService.cs(482,70): warning CS8604: Possible null reference argument for parameter 'authHeaderValue' in 'HttpResponseMessage ChatbotApiService.PostWithAuth(string endpoint, object payload, string authHeaderName, string authHeaderValue, string additionalHeaders)'. [C:\Users\ultra\warewolf\Dev\Warewolf.AI.Harness\Warewolf.AI.Harness.csproj]
C:\Users\ultra\warewolf\Dev\Warewolf.AI.Harness\ChatbotApiService.cs(482,81): warning CS8625: Cannot convert null literal to non-nullable reference type. [C:\Users\ultra\warewolf\Dev\Warewolf.AI.Harness\Warewolf.AI.Harness.csproj]
C:\Users\ultra\warewolf\Dev\Warewolf.AI.Harness\ChatbotApiService.cs(496,73): warning CS8625: Cannot convert null literal to non-nullable reference type. [C:\Users\ultra\warewolf\Dev\Warewolf.AI.Harness\Warewolf.AI.Harness.csproj]
C:\Users\ultra\warewolf\Dev\Warewolf.AI.Harness\ChatbotApiService.cs(497,81): warning CS8625: Cannot convert null literal to non-nullable reference type. [C:\Users\ultra\warewolf\Dev\Warewolf.AI.Harness\Warewolf.AI.Harness.csproj]
C:\Users\ultra\warewolf\Dev\Warewolf.AI.Harness\ChatbotApiService.cs(514,73): warning CS8625: Cannot convert null literal to non-nullable reference type. [C:\Users\ultra\warewolf\Dev\Warewolf.AI.Harness\Warewolf.AI.Harness.csproj]
C:\Users\ultra\warewolf\Dev\Warewolf.AI.Harness\ChatbotApiService.cs(515,114): warning CS8625: Cannot convert null literal to non-nullable reference type. [C:\Users\ultra\warewolf\Dev\Warewolf.AI.Harness\Warewolf.AI.Harness.csproj]
C:\Users\ultra\warewolf\Dev\Warewolf.AI.Harness\ChatbotApiService.cs(521,36): warning CS8600: Converting null literal or possible null value to non-nullable type. [C:\Users\ultra\warewolf\Dev\Warewolf.AI.Harness\Warewolf.AI.Harness.csproj]
C:\Users\ultra\warewolf\Dev\Warewolf.AI.Harness\ChatbotApiService.cs(538,82): warning CS8604: Possible null reference argument for parameter 'systemMessage' in 'Dictionary<string, object> ChatbotApiService.CreatePayload(string model, object messages, string systemMessage, bool useMaxCompletionTokens, bool includeTemperature)'. [C:\Users\ultra\warewolf\Dev\Warewolf.AI.Harness\Warewolf.AI.Harness.csproj]
C:\Users\ultra\warewolf\Dev\Warewolf.AI.Harness\ChatbotApiService.cs(545,35): warning CS8600: Converting null literal or possible null value to non-nullable type. [C:\Users\ultra\warewolf\Dev\Warewolf.AI.Harness\Warewolf.AI.Harness.csproj]
C:\Users\ultra\warewolf\Dev\Warewolf.AI.Harness\ChatbotApiService.cs(589,68): warning CS8625: Cannot convert null literal to non-nullable reference type. [C:\Users\ultra\warewolf\Dev\Warewolf.AI.Harness\Warewolf.AI.Harness.csproj]
C:\Users\ultra\warewolf\Dev\Warewolf.AI.Harness\ChatbotApiService.cs(589,74): warning CS8625: Cannot convert null literal to non-nullable reference type. [C:\Users\ultra\warewolf\Dev\Warewolf.AI.Harness\Warewolf.AI.Harness.csproj]
C:\Users\ultra\warewolf\Dev\Warewolf.AI.Harness\ChatbotApiService.cs(589,80): warning CS8625: Cannot convert null literal to non-nullable reference type. [C:\Users\ultra\warewolf\Dev\Warewolf.AI.Harness\Warewolf.AI.Harness.csproj]
  Warewolf.AI.Harness -> C:\Users\ultra\warewolf\Dev\Warewolf.AI.Harness\bin\Debug\net8.0\Warewolf.AI.Harness.dll
  Dev2.Runtime.Configuration.Tests -> C:\Users\ultra\warewolf\Dev\Dev2.Runtime.Configuration.Tests\bin\Debug\net8.0\linux-x64\Dev2.Runtime.Configuration.Tests.dll
C:\Users\ultra\warewolf\Dev\Dev2.Infrastructure\PerformanceCounters\Management\WarewolfPerformanceCounterManager.cs(22,140): warning CC0057: Parameter 'register' is not used. (https://code-cracker.github.io/diagnostics/CC0057.html) [C:\Users\ultra\warewolf\Dev\Dev2.Infrastructure\Dev2.Infrastructure.csproj]
C:\Users\ultra\warewolf\Dev\Dev2.Infrastructure\PerformanceCounters\PerformanceCounterCategoryWrapper.cs(33,48): warning CA1416: This call site is reachable on all platforms. 'PerformanceCounterCategory.Exists(string)' is only supported on: 'windows'. (https://learn.microsoft.com/dotnet/fundamentals/code-analysis/quality-rules/ca1416) [C:\Users\ultra\warewolf\Dev\Dev2.Infrastructure\Dev2.Infrastructure.csproj]
C:\Users\ultra\warewolf\Dev\Dev2.Infrastructure\PerformanceCounters\PerformanceCounterCategoryWrapper.cs(32,48): warning CA1416: This call site is reachable on all platforms. 'PerformanceCounterCategory.Delete(string)' is only supported on: 'windows'. (https://learn.microsoft.com/dotnet/fundamentals/code-analysis/quality-rules/ca1416) [C:\Users\ultra\warewolf\Dev\Dev2.Infrastructure\Dev2.Infrastructure.csproj]
C:\Users\ultra\warewolf\Dev\Dev2.Infrastructure\PerformanceCounters\PerformanceCounterCategoryWrapper.cs(12,51): warning CA1416: This call site is reachable on all platforms. 'PerformanceCounterCategory.CounterExists(string)' is only supported on: 'windows'. (https://learn.microsoft.com/dotnet/fundamentals/code-analysis/quality-rules/ca1416) [C:\Users\ultra\warewolf\Dev\Dev2.Infrastructure\Dev2.Infrastructure.csproj]
C:\Users\ultra\warewolf\Dev\Dev2.Infrastructure\PerformanceCounters\PerformanceCounterCategoryWrapper.cs(38,29): warning CA1416: This call site is reachable on all platforms. 'PerformanceCounterCategory' is only supported on: 'windows'. (https://learn.microsoft.com/dotnet/fundamentals/code-analysis/quality-rules/ca1416) [C:\Users\ultra\warewolf\Dev\Dev2.Infrastructure\Dev2.Infrastructure.csproj]
C:\Users\ultra\warewolf\Dev\Dev2.Infrastructure\PerformanceCounters\Management\WarewolfPerformanceCounterManager.cs(67,83): warning CC0057: Parameter 'name' is not used. (https://code-cracker.github.io/diagnostics/CC0057.html) [C:\Users\ultra\warewolf\Dev\Dev2.Infrastructure\Dev2.Infrastructure.csproj]
C:\Users\ultra\warewolf\Dev\Dev2.Infrastructure\PerformanceCounters\Management\PerformanceCounterPersistence.cs(48,81): warning CC0057: Parameter 'resourcePerformanceCounters' is not used. (https://code-cracker.github.io/diagnostics/CC0057.html) [C:\Users\ultra\warewolf\Dev\Dev2.Infrastructure\Dev2.Infrastructure.csproj]
C:\Users\ultra\warewolf\Dev\Dev2.Infrastructure\PerformanceCounters\PerformanceCounterCategoryWrapper.cs(25,21): warning CA1416: This call site is reachable on all platforms. 'CounterCreationDataCollection.Add(CounterCreationData)' is only supported on: 'windows'. (https://learn.microsoft.com/dotnet/fundamentals/code-analysis/quality-rules/ca1416) [C:\Users\ultra\warewolf\Dev\Dev2.Infrastructure\Dev2.Infrastructure.csproj]
C:\Users\ultra\warewolf\Dev\Dev2.Infrastructure\PerformanceCounters\PerformanceCounterCategoryWrapper.cs(29,13): warning CA1416: This call site is reachable on all platforms. 'PerformanceCounterCategory.Create(string, string, PerformanceCounterCategoryType, CounterCreationDataCollection)' is only supported on: 'windows'. (https://learn.microsoft.com/dotnet/fundamentals/code-analysis/quality-rules/ca1416) [C:\Users\ultra\warewolf\Dev\Dev2.Infrastructure\Dev2.Infrastructure.csproj]
C:\Users\ultra\warewolf\Dev\Dev2.Infrastructure\PerformanceCounters\PerformanceCounterCategoryWrapper.cs(19,45): warning CA1416: This call site is reachable on all platforms. 'CounterCreationData' is only supported on: 'windows'. (https://learn.microsoft.com/dotnet/fundamentals/code-analysis/quality-rules/ca1416) [C:\Users\ultra\warewolf\Dev\Dev2.Infrastructure\Dev2.Infrastructure.csproj]
C:\Users\ultra\warewolf\Dev\Dev2.Infrastructure\PerformanceCounters\PerformanceCounterCategoryWrapper.cs(29,71): warning CA1416: This call site is reachable on all platforms. 'PerformanceCounterCategoryType.MultiInstance' is only supported on: 'windows'. (https://learn.microsoft.com/dotnet/fundamentals/code-analysis/quality-rules/ca1416) [C:\Users\ultra\warewolf\Dev\Dev2.Infrastructure\Dev2.Infrastructure.csproj]
C:\Users\ultra\warewolf\Dev\Dev2.Infrastructure\PerformanceCounters\PerformanceCounterCategoryWrapper.cs(14,49): warning CA1416: This call site is reachable on all platforms. 'CounterCreationDataCollection' is only supported on: 'windows'. (https://learn.microsoft.com/dotnet/fundamentals/code-analysis/quality-rules/ca1416) [C:\Users\ultra\warewolf\Dev\Dev2.Infrastructure\Dev2.Infrastructure.csproj]
C:\Users\ultra\warewolf\Dev\Dev2.Infrastructure\PerformanceCounters\PerformanceCounterCategoryWrapper.cs(52,28): warning CA1416: This call site is reachable on all platforms. 'PerformanceCounterType.NumberOfItems32' is only supported on: 'windows'. (https://learn.microsoft.com/dotnet/fundamentals/code-analysis/quality-rules/ca1416) [C:\Users\ultra\warewolf\Dev\Dev2.Infrastructure\Dev2.Infrastructure.csproj]
C:\Users\ultra\warewolf\Dev\Dev2.Infrastructure\PerformanceCounters\PerformanceCounterCategoryWrapper.cs(50,28): warning CA1416: This call site is reachable on all platforms. 'PerformanceCounterType.AverageTimer32' is only supported on: 'windows'. (https://learn.microsoft.com/dotnet/fundamentals/code-analysis/quality-rules/ca1416) [C:\Users\ultra\warewolf\Dev\Dev2.Infrastructure\Dev2.Infrastructure.csproj]
C:\Users\ultra\warewolf\Dev\Dev2.Infrastructure\PerformanceCounters\PerformanceCounterCategoryWrapper.cs(48,28): warning CA1416: This call site is reachable on all platforms. 'PerformanceCounterType.AverageBase' is only supported on: 'windows'. (https://learn.microsoft.com/dotnet/fundamentals/code-analysis/quality-rules/ca1416) [C:\Users\ultra\warewolf\Dev\Dev2.Infrastructure\Dev2.Infrastructure.csproj]
C:\Users\ultra\warewolf\Dev\Dev2.Infrastructure\PerformanceCounters\PerformanceCounterCategoryWrapper.cs(54,28): warning CA1416: This call site is reachable on all platforms. 'PerformanceCounterType.RateOfCountsPerSecond32' is only supported on: 'windows'. (https://learn.microsoft.com/dotnet/fundamentals/code-analysis/quality-rules/ca1416) [C:\Users\ultra\warewolf\Dev\Dev2.Infrastructure\Dev2.Infrastructure.csproj]
C:\Users\ultra\warewolf\Dev\Dev2.Infrastructure\Services\Security\MoqInstallerActions\InstallerActionsForDevelopment.cs(57,31): warning CA1416: This call site is reachable on all platforms. 'WindowsIdentity.GetCurrent(bool)' is only supported on: 'windows'. (https://learn.microsoft.com/dotnet/fundamentals/code-analysis/quality-rules/ca1416) [C:\Users\ultra\warewolf\Dev\Dev2.Infrastructure\Dev2.Infrastructure.csproj]
C:\Users\ultra\warewolf\Dev\Dev2.Infrastructure\Services\Security\MoqInstallerActions\InstallerActionsForDevelopment.cs(59,57): warning CA1416: This call site is reachable on all platforms. 'WindowsIdentity.Name' is only supported on: 'windows'. (https://learn.microsoft.com/dotnet/fundamentals/code-analysis/quality-rules/ca1416) [C:\Users\ultra\warewolf\Dev\Dev2.Infrastructure\Dev2.Infrastructure.csproj]
C:\Users\ultra\warewolf\Dev\Dev2.Infrastructure\Services\Security\SecuritySettings.cs(92,28): warning CC0022: HMACSHA256 should be disposed. (https://code-cracker.github.io/diagnostics/CC0022.html) [C:\Users\ultra\warewolf\Dev\Dev2.Infrastructure\Dev2.Infrastructure.csproj]
CSC : warning AD0001: Analyzer 'CodeCracker.CSharp.Design.UseInvokeMethodToFireEventAnalyzer' threw an exception of type 'System.ArgumentException' with message 'Syntax node is not within syntax tree'. [C:\Users\ultra\warewolf\Dev\Dev2.Infrastructure\Dev2.Infrastructure.csproj]
CSC : warning AD0001: Analyzer 'CodeCracker.CSharp.Design.UseInvokeMethodToFireEventAnalyzer' threw an exception of type 'System.ArgumentException' with message 'Syntax node is not within syntax tree'. [C:\Users\ultra\warewolf\Dev\Dev2.Infrastructure\Dev2.Infrastructure.csproj]
CSC : warning AD0001: Analyzer 'CodeCracker.CSharp.Design.UseInvokeMethodToFireEventAnalyzer' threw an exception of type 'System.ArgumentException' with message 'Syntax node is not within syntax tree'. [C:\Users\ultra\warewolf\Dev\Dev2.Infrastructure\Dev2.Infrastructure.csproj]
CSC : warning AD0001: Analyzer 'CodeCracker.CSharp.Design.UseInvokeMethodToFireEventAnalyzer' threw an exception of type 'System.ArgumentException' with message 'Syntax node is not within syntax tree'. [C:\Users\ultra\warewolf\Dev\Dev2.Infrastructure\Dev2.Infrastructure.csproj]
CSC : warning AD0001: Analyzer 'CodeCracker.CSharp.Design.UseInvokeMethodToFireEventAnalyzer' threw an exception of type 'System.ArgumentException' with message 'Syntax node is not within syntax tree'. [C:\Users\ultra\warewolf\Dev\Dev2.Infrastructure\Dev2.Infrastructure.csproj]
CSC : warning AD0001: Analyzer 'CodeCracker.CSharp.Design.UseInvokeMethodToFireEventAnalyzer' threw an exception of type 'System.ArgumentException' with message 'Syntax node is not within syntax tree'. [C:\Users\ultra\warewolf\Dev\Dev2.Infrastructure\Dev2.Infrastructure.csproj]
CSC : warning AD0001: Analyzer 'CodeCracker.CSharp.Design.UseInvokeMethodToFireEventAnalyzer' threw an exception of type 'System.ArgumentException' with message 'Syntax node is not within syntax tree'. [C:\Users\ultra\warewolf\Dev\Dev2.Infrastructure\Dev2.Infrastructure.csproj]
CSC : warning AD0001: Analyzer 'CodeCracker.CSharp.Design.UseInvokeMethodToFireEventAnalyzer' threw an exception of type 'System.ArgumentException' with message 'Syntax node is not within syntax tree'. [C:\Users\ultra\warewolf\Dev\Dev2.Infrastructure\Dev2.Infrastructure.csproj]
CSC : warning AD0001: Analyzer 'CodeCracker.CSharp.Design.UseInvokeMethodToFireEventAnalyzer' threw an exception of type 'System.ArgumentException' with message 'Syntax node is not within syntax tree'. [C:\Users\ultra\warewolf\Dev\Dev2.Infrastructure\Dev2.Infrastructure.csproj]
CSC : warning AD0001: Analyzer 'CodeCracker.CSharp.Design.UseInvokeMethodToFireEventAnalyzer' threw an exception of type 'System.ArgumentException' with message 'Syntax node is not within syntax tree'. [C:\Users\ultra\warewolf\Dev\Dev2.Infrastructure\Dev2.Infrastructure.csproj]
CSC : warning AD0001: Analyzer 'CodeCracker.CSharp.Design.UseInvokeMethodToFireEventAnalyzer' threw an exception of type 'System.ArgumentException' with message 'Syntax node is not within syntax tree'. [C:\Users\ultra\warewolf\Dev\Dev2.Infrastructure\Dev2.Infrastructure.csproj]
CSC : warning AD0001: Analyzer 'CodeCracker.CSharp.Design.UseInvokeMethodToFireEventAnalyzer' threw an exception of type 'System.ArgumentException' with message 'Syntax node is not within syntax tree'. [C:\Users\ultra\warewolf\Dev\Dev2.Infrastructure\Dev2.Infrastructure.csproj]
CSC : warning AD0001: Analyzer 'CodeCracker.CSharp.Design.UseInvokeMethodToFireEventAnalyzer' threw an exception of type 'System.ArgumentException' with message 'Syntax node is not within syntax tree'. [C:\Users\ultra\warewolf\Dev\Dev2.Infrastructure\Dev2.Infrastructure.csproj]
CSC : warning AD0001: Analyzer 'CodeCracker.CSharp.Design.UseInvokeMethodToFireEventAnalyzer' threw an exception of type 'System.ArgumentException' with message 'Syntax node is not within syntax tree'. [C:\Users\ultra\warewolf\Dev\Dev2.Infrastructure\Dev2.Infrastructure.csproj]
  Dev2.Infrastructure -> C:\Users\ultra\warewolf\Dev\Dev2.Infrastructure\bin\Debug\net8.0\Dev2.Infrastructure.dll
C:\Program Files\dotnet\sdk\10.0.201\Microsoft.CSharp.CurrentVersion.targets(130,9): warning MSB3884: Could not find rule set file "..\.sonarlint\warewolf_dotnet_frameworkcsharp.ruleset". [C:\Users\ultra\warewolf\Dev\Warewolf.Sharepoint\Warewolf.Sharepoint.csproj]
  Dev2.Runtime.Configuration.Tests -> C:\Users\ultra\warewolf\Dev\Dev2.Runtime.Configuration.Tests\bin\Debug\net8.0\Dev2.Runtime.Configuration.Tests.dll
C:\Users\ultra\warewolf\Dev\Warewolf.PerfMon\Program.cs(26,2): warning CA1416: This call site is reachable on all platforms. 'ServiceBase.Run(ServiceBase)' is only supported on: 'windows'. (https://learn.microsoft.com/dotnet/fundamentals/code-analysis/quality-rules/ca1416) [C:\Users\ultra\warewolf\Dev\Warewolf.PerfMon\Warewolf.PerfMon.csproj]
C:\Users\ultra\warewolf\Dev\Dev2.SignalR.Wrappers.New\HubConnectionWrapper.cs(431,21): warning SYSLIB0006: 'Thread.Abort()' is obsolete: 'Thread.Abort is not supported and throws PlatformNotSupportedException.' (https://aka.ms/dotnet-warnings/SYSLIB0006) [C:\Users\ultra\warewolf\Dev\Dev2.SignalR.Wrappers.New\Dev2.SignalR.Wrappers.New.csproj]
C:\Users\ultra\warewolf\Dev\Dev2.SignalR.Wrappers.New\HubConnectionWrapper.cs(205,21): warning CC0029: 'HubConnectionWrapper' should call GC.SuppressFinalize inside the Dispose method. (https://code-cracker.github.io/diagnostics/CC0029.html) [C:\Users\ultra\warewolf\Dev\Dev2.SignalR.Wrappers.New\Dev2.SignalR.Wrappers.New.csproj]
C:\Users\ultra\warewolf\Dev\Dev2.SignalR.Wrappers.New\HubConnectionWrapper.cs(383,17): warning CC0105: Use 'var' instead of specifying the type name. (https://code-cracker.github.io/diagnostics/CC0105.html) [C:\Users\ultra\warewolf\Dev\Dev2.SignalR.Wrappers.New\Dev2.SignalR.Wrappers.New.csproj]
  Warewolf.PerfMon -> C:\Users\ultra\warewolf\Dev\Warewolf.PerfMon\bin\Debug\net8.0\linux-x64\Warewolf.PerfMon.dll
  Warewolf.Sharepoint -> C:\Users\ultra\warewolf\Dev\Warewolf.Sharepoint\bin\Debug\net8.0\Warewolf.Sharepoint.dll
  Dev2.SignalR.Wrappers.New -> C:\Users\ultra\warewolf\Dev\Dev2.SignalR.Wrappers.New\bin\Debug\net8.0\Dev2.SignalR.Wrappers.New.dll
  Warewolf.Storage -> C:\Users\ultra\warewolf\Dev\Warewolf.Storage\bin\Debug\net8.0\Warewolf.Storage.dll
C:\Users\ultra\warewolf\Dev\Dev2.Services.Sql\ConnectionBuilder.cs(44,21): warning CC0029: 'ConnectionBuilder' should call GC.SuppressFinalize inside the Dispose method. (https://code-cracker.github.io/diagnostics/CC0029.html) [C:\Users\ultra\warewolf\Dev\Dev2.Services.Sql\Dev2.Services.Sql.csproj]
C:\Program Files\dotnet\sdk\10.0.201\Microsoft.Common.CurrentVersion.targets(2451,5): warning MSB3245: Could not resolve this reference. Could not locate the assembly "System.Web". Check to make sure the assembly exists on disk. If this reference is required by your code, you may get compilation errors. [C:\Users\ultra\warewolf\Dev\Dev2.Data\Dev2.Data.csproj]
C:\Program Files\dotnet\sdk\10.0.201\Microsoft.Common.CurrentVersion.targets(2451,5): warning MSB3245: Could not resolve this reference. Could not locate the assembly "System.Web.Extensions". Check to make sure the assembly exists on disk. If this reference is required by your code, you may get compilation errors. [C:\Users\ultra\warewolf\Dev\Dev2.Data\Dev2.Data.csproj]
C:\Program Files\dotnet\sdk\10.0.201\Microsoft.Common.CurrentVersion.targets(2451,5): warning MSB3245: Could not resolve this reference. Could not locate the assembly "System.Xml.Linq". Check to make sure the assembly exists on disk. If this reference is required by your code, you may get compilation errors. [C:\Users\ultra\warewolf\Dev\Dev2.Data\Dev2.Data.csproj]
C:\Program Files\dotnet\sdk\10.0.201\Microsoft.Common.CurrentVersion.targets(2451,5): warning MSB3245: Could not resolve this reference. Could not locate the assembly "System.Data.DataSetExtensions". Check to make sure the assembly exists on disk. If this reference is required by your code, you may get compilation errors. [C:\Users\ultra\warewolf\Dev\Dev2.Data\Dev2.Data.csproj]
C:\Program Files\dotnet\sdk\10.0.201\Microsoft.Common.CurrentVersion.targets(2451,5): warning MSB3245: Could not resolve this reference. Could not locate the assembly "Microsoft.CSharp". Check to make sure the assembly exists on disk. If this reference is required by your code, you may get compilation errors. [C:\Users\ultra\warewolf\Dev\Dev2.Data\Dev2.Data.csproj]
C:\Program Files\dotnet\sdk\10.0.201\Microsoft.Common.CurrentVersion.targets(2451,5): warning MSB3245: Could not resolve this reference. Could not locate the assembly "System.Data". Check to make sure the assembly exists on disk. If this reference is required by your code, you may get compilation errors. [C:\Users\ultra\warewolf\Dev\Dev2.Data\Dev2.Data.csproj]
C:\Program Files\dotnet\sdk\10.0.201\Microsoft.Common.CurrentVersion.targets(2451,5): warning MSB3245: Could not resolve this reference. Could not locate the assembly "System.Xml". Check to make sure the assembly exists on disk. If this reference is required by your code, you may get compilation errors. [C:\Users\ultra\warewolf\Dev\Dev2.Data\Dev2.Data.csproj]
  Dev2.Services.Sql -> C:\Users\ultra\warewolf\Dev\Dev2.Services.Sql\bin\Debug\net8.0\Dev2.Services.Sql.dll
C:\Program Files\dotnet\sdk\10.0.201\Microsoft.Common.CurrentVersion.targets(2451,5): warning MSB3243: No way to resolve conflict between "System.Web, Version=4.0.0.0, Culture=neutral, PublicKeyToken=b03f5f7f11d50a3a" and "System.Web". Choosing "System.Web, Version=4.0.0.0, Culture=neutral, PublicKeyToken=b03f5f7f11d50a3a" arbitrarily. [C:\Users\ultra\warewolf\Dev\Dev2.Data\Dev2.Data.csproj]
C:\Program Files\dotnet\sdk\10.0.201\Microsoft.Common.CurrentVersion.targets(2451,5): warning MSB3243: No way to resolve conflict between "System.Xml.Linq, Version=4.0.0.0, Culture=neutral, PublicKeyToken=b77a5c561934e089" and "System.Xml.Linq". Choosing "System.Xml.Linq, Version=4.0.0.0, Culture=neutral, PublicKeyToken=b77a5c561934e089" arbitrarily. [C:\Users\ultra\warewolf\Dev\Dev2.Data\Dev2.Data.csproj]
C:\Program Files\dotnet\sdk\10.0.201\Microsoft.Common.CurrentVersion.targets(2451,5): warning MSB3243: No way to resolve conflict between "System.Data.DataSetExtensions, Version=8.0.0.0, Culture=neutral, PublicKeyToken=b77a5c561934e089" and "System.Data.DataSetExtensions". Choosing "System.Data.DataSetExtensions, Version=8.0.0.0, Culture=neutral, PublicKeyToken=b77a5c561934e089" arbitrarily. [C:\Users\ultra\warewolf\Dev\Dev2.Data\Dev2.Data.csproj]
C:\Program Files\dotnet\sdk\10.0.201\Microsoft.Common.CurrentVersion.targets(2451,5): warning MSB3243: No way to resolve conflict between "Microsoft.CSharp, Version=8.0.0.0, Culture=neutral, PublicKeyToken=b03f5f7f11d50a3a" and "Microsoft.CSharp". Choosing "Microsoft.CSharp, Version=8.0.0.0, Culture=neutral, PublicKeyToken=b03f5f7f11d50a3a" arbitrarily. [C:\Users\ultra\warewolf\Dev\Dev2.Data\Dev2.Data.csproj]
C:\Program Files\dotnet\sdk\10.0.201\Microsoft.Common.CurrentVersion.targets(2451,5): warning MSB3243: No way to resolve conflict between "System.Data, Version=4.0.0.0, Culture=neutral, PublicKeyToken=b77a5c561934e089" and "System.Data". Choosing "System.Data, Version=4.0.0.0, Culture=neutral, PublicKeyToken=b77a5c561934e089" arbitrarily. [C:\Users\ultra\warewolf\Dev\Dev2.Data\Dev2.Data.csproj]
C:\Program Files\dotnet\sdk\10.0.201\Microsoft.Common.CurrentVersion.targets(2451,5): warning MSB3243: No way to resolve conflict between "System.Xml, Version=4.0.0.0, Culture=neutral, PublicKeyToken=b77a5c561934e089" and "System.Xml". Choosing "System.Xml, Version=4.0.0.0, Culture=neutral, PublicKeyToken=b77a5c561934e089" arbitrarily. [C:\Users\ultra\warewolf\Dev\Dev2.Data\Dev2.Data.csproj]
CSC : warning CS2002: Source file 'C:\Users\ultra\warewolf\Dev\Dev2.Data\MathOperations\NCalc\NCalcExpressionBuilder.cs' specified multiple times [C:\Users\ultra\warewolf\Dev\Dev2.Data\Dev2.Data.csproj]
CSC : warning CS2002: Source file 'C:\Users\ultra\warewolf\Dev\Dev2.Data\MathOperations\NCalc\NCalcFunctionArgHelper.cs' specified multiple times [C:\Users\ultra\warewolf\Dev\Dev2.Data\Dev2.Data.csproj]
CSC : warning CS2002: Source file 'C:\Users\ultra\warewolf\Dev\Dev2.Data\MathOperations\NCalc\Functions\BaseConversionFunctions.cs' specified multiple times [C:\Users\ultra\warewolf\Dev\Dev2.Data\Dev2.Data.csproj]
CSC : warning CS2002: Source file 'C:\Users\ultra\warewolf\Dev\Dev2.Data\MathOperations\NCalc\Functions\ComplexFunctions.cs' specified multiple times [C:\Users\ultra\warewolf\Dev\Dev2.Data\Dev2.Data.csproj]
CSC : warning CS2002: Source file 'C:\Users\ultra\warewolf\Dev\Dev2.Data\MathOperations\NCalc\Functions\DateTimeFunctions.cs' specified multiple times [C:\Users\ultra\warewolf\Dev\Dev2.Data\Dev2.Data.csproj]
CSC : warning CS2002: Source file 'C:\Users\ultra\warewolf\Dev\Dev2.Data\MathOperations\NCalc\Functions\FinancialFunctions.cs' specified multiple times [C:\Users\ultra\warewolf\Dev\Dev2.Data\Dev2.Data.csproj]
CSC : warning CS2002: Source file 'C:\Users\ultra\warewolf\Dev\Dev2.Data\MathOperations\NCalc\Functions\InformationFunctions.cs' specified multiple times [C:\Users\ultra\warewolf\Dev\Dev2.Data\Dev2.Data.csproj]
CSC : warning CS2002: Source file 'C:\Users\ultra\warewolf\Dev\Dev2.Data\MathOperations\NCalc\Functions\MathFunctions.cs' specified multiple times [C:\Users\ultra\warewolf\Dev\Dev2.Data\Dev2.Data.csproj]
CSC : warning CS2002: Source file 'C:\Users\ultra\warewolf\Dev\Dev2.Data\MathOperations\NCalc\Functions\StringFunctions.cs' specified multiple times [C:\Users\ultra\warewolf\Dev\Dev2.Data\Dev2.Data.csproj]
C:\Users\ultra\warewolf\Dev\Warewolf.PerfMon\Program.cs(26,2): warning CA1416: This call site is reachable on all platforms. 'ServiceBase.Run(ServiceBase)' is only supported on: 'windows'. (https://learn.microsoft.com/dotnet/fundamentals/code-analysis/quality-rules/ca1416) [C:\Users\ultra\warewolf\Dev\Warewolf.PerfMon\Warewolf.PerfMon.csproj]
  Warewolf.PerfMon -> C:\Users\ultra\warewolf\Dev\Warewolf.PerfMon\bin\Debug\net8.0\Warewolf.PerfMon.dll
C:\Users\ultra\warewolf\Dev\Dev2.Data\MathOperations\NCalc\Functions\MathFunctions.cs(22,30): warning CS8632: The annotation for nullable reference types should only be used in code within a '#nullable' annotations context. [C:\Users\ultra\warewolf\Dev\Dev2.Data\Dev2.Data.csproj]
C:\Users\ultra\warewolf\Dev\Dev2.Data\MathOperations\NCalc\NCalcFunctionArgHelper.cs(51,47): warning CS8632: The annotation for nullable reference types should only be used in code within a '#nullable' annotations context. [C:\Users\ultra\warewolf\Dev\Dev2.Data\Dev2.Data.csproj]
C:\Users\ultra\warewolf\Dev\Dev2.Data\MathOperations\NCalc\Functions\StringFunctions.cs(94,59): warning CS8632: The annotation for nullable reference types should only be used in code within a '#nullable' annotations context. [C:\Users\ultra\warewolf\Dev\Dev2.Data\Dev2.Data.csproj]
C:\Users\ultra\warewolf\Dev\Dev2.Data\NativeMethods.cs(66,59): warning CS0472: The result of the expression is always 'false' since a value of type 'nint' is never equal to 'null' of type 'nint?' [C:\Users\ultra\warewolf\Dev\Dev2.Data\Dev2.Data.csproj]
C:\Users\ultra\warewolf\Dev\Dev2.Data\NativeMethods.cs(88,8): warning CS0472: The result of the expression is always 'false' since a value of type 'nint' is never equal to 'null' of type 'nint?' [C:\Users\ultra\warewolf\Dev\Dev2.Data\Dev2.Data.csproj]
C:\Users\ultra\warewolf\Dev\Dev2.Data\Security\WindowsIdentityExtensions.cs(28,49): warning CA1416: This call site is reachable on all platforms. 'WindowsIdentity.AccessToken' is only supported on: 'windows'. (https://learn.microsoft.com/dotnet/fundamentals/code-analysis/quality-rules/ca1416) [C:\Users\ultra\warewolf\Dev\Dev2.Data\Dev2.Data.csproj]
C:\Users\ultra\warewolf\Dev\Dev2.Data\Security\WindowsIdentityExtensions.cs(41,24): warning CA1416: This call site is reachable on all platforms. 'WindowsIdentity.RunImpersonated<T>(SafeAccessTokenHandle, Func<T>)' is only supported on: 'windows'. (https://learn.microsoft.com/dotnet/fundamentals/code-analysis/quality-rules/ca1416) [C:\Users\ultra\warewolf\Dev\Dev2.Data\Dev2.Data.csproj]
C:\Users\ultra\warewolf\Dev\Dev2.Data\Security\WindowsIdentityExtensions.cs(41,59): warning CA1416: This call site is reachable on all platforms. 'WindowsIdentity.AccessToken' is only supported on: 'windows'. (https://learn.microsoft.com/dotnet/fundamentals/code-analysis/quality-rules/ca1416) [C:\Users\ultra\warewolf\Dev\Dev2.Data\Dev2.Data.csproj]
C:\Users\ultra\warewolf\Dev\Dev2.Data\Security\WindowsIdentityExtensions.cs(28,17): warning CA1416: This call site is reachable on all platforms. 'WindowsIdentity.RunImpersonated(SafeAccessTokenHandle, Action)' is only supported on: 'windows'. (https://learn.microsoft.com/dotnet/fundamentals/code-analysis/quality-rules/ca1416) [C:\Users\ultra\warewolf\Dev\Dev2.Data\Dev2.Data.csproj]
C:\Users\ultra\warewolf\Dev\Dev2.Data\PathOperations\ValidateAuthorization.cs(73,33): warning CA1416: This call site is reachable on all platforms. 'WindowsIdentity' is only supported on: 'windows'. (https://learn.microsoft.com/dotnet/fundamentals/code-analysis/quality-rules/ca1416) [C:\Users\ultra\warewolf\Dev\Dev2.Data\Dev2.Data.csproj]
  Dev2.Data -> C:\Users\ultra\warewolf\Dev\Dev2.Data\bin\Debug\net8.0\Dev2.Data.dll
  Warewolf.Driver.Serilog -> C:\Users\ultra\warewolf\Dev\Warewolf.Driver.Serilog\bin\Debug\net8.0\Warewolf.Driver.Serilog.dll
  Dev2.Scheduler -> C:\Users\ultra\warewolf\Dev\Dev2.Scheduler\bin\Debug\net8.0\Dev2.Scheduler.dll
  Dev2.Core -> C:\Users\ultra\warewolf\Dev\Dev2.Core\bin\Debug\net8.0\Dev2.Core.dll
C:\Users\ultra\warewolf\Dev\Warewolf.Auditing\Audit.cs(189,26): warning CS8073: The result of the expression is always 'false' since a value of type 'DateTime' is never equal to 'null' of type 'DateTime?' [C:\Users\ultra\warewolf\Dev\Warewolf.Auditing\Warewolf.Auditing.csproj]
C:\Users\ultra\warewolf\Dev\Warewolf.Auditing\Drivers\AuditQueryableElastic.cs(360,33): warning CS0618: 'ElasticsearchClient.Search<TDocument>(SearchRequestDescriptor<TDocument>)' is obsolete: 'Synchronous methods are deprecated and could be removed in the future.' [C:\Users\ultra\warewolf\Dev\Warewolf.Auditing\Warewolf.Auditing.csproj]
C:\Users\ultra\warewolf\Dev\Warewolf.Auditing\Drivers\AuditQueryableElastic.cs(384,26): warning CS0618: 'ElasticsearchClient.Ping()' is obsolete: 'Synchronous methods are deprecated and could be removed in the future.' [C:\Users\ultra\warewolf\Dev\Warewolf.Auditing\Warewolf.Auditing.csproj]
  Warewolf.Auditing -> C:\Users\ultra\warewolf\Dev\Warewolf.Auditing\bin\Debug\net8.0\Warewolf.Auditing.dll
C:\Users\ultra\warewolf\Dev\Warewolf.Core\InputsFromJson.cs(99,21): warning CC0105: Use 'var' instead of specifying the type name. (https://code-cracker.github.io/diagnostics/CC0105.html) [C:\Users\ultra\warewolf\Dev\Warewolf.Core\Warewolf.Core.csproj]
  Warewolf.Core -> C:\Users\ultra\warewolf\Dev\Warewolf.Core\bin\Debug\net8.0\Warewolf.Core.dll
  Warewolf.Exchange.Email.Wrapper -> C:\Users\ultra\warewolf\Dev\Warewolf.Exchange.Email.Wrapper\bin\Debug\net8.0\Warewolf.Exchange.Email.Wrapper.dll
  Warewolf.ResourceManagement -> C:\Users\ultra\warewolf\Dev\Warewolf.ResourceManagement\bin\Debug\net8.0\Warewolf.ResourceManagement.dll
C:\Users\ultra\warewolf\Dev\Warewolf.Common.NetStandard20\Wrappers\WebRequestWrapper.cs(26,24): warning SYSLIB0014: 'WebRequest.Create(string)' is obsolete: 'WebRequest, HttpWebRequest, ServicePoint, and WebClient are obsolete. Use HttpClient instead.' (https://aka.ms/dotnet-warnings/SYSLIB0014) [C:\Users\ultra\warewolf\Dev\Warewolf.Common.NetStandard20\Warewolf.Common.NetStandard20.csproj]
C:\Users\ultra\warewolf\Dev\Warewolf.Common.NetStandard20\Wrappers\WebClientWrapper.cs(26,26): warning SYSLIB0014: 'WebClient.WebClient()' is obsolete: 'WebRequest, HttpWebRequest, ServicePoint, and WebClient are obsolete. Use HttpClient instead.' (https://aka.ms/dotnet-warnings/SYSLIB0014) [C:\Users\ultra\warewolf\Dev\Warewolf.Common.NetStandard20\Warewolf.Common.NetStandard20.csproj]
C:\Users\ultra\warewolf\Dev\Warewolf.Common.NetStandard20\Wrappers\WebClientWrapper.cs(31,26): warning SYSLIB0014: 'WebClient.WebClient()' is obsolete: 'WebRequest, HttpWebRequest, ServicePoint, and WebClient are obsolete. Use HttpClient instead.' (https://aka.ms/dotnet-warnings/SYSLIB0014) [C:\Users\ultra\warewolf\Dev\Warewolf.Common.NetStandard20\Warewolf.Common.NetStandard20.csproj]
  Warewolf.Common.NetStandard20 -> C:\Users\ultra\warewolf\Dev\Warewolf.Common.NetStandard20\bin\Debug\net8.0\Warewolf.Common.NetStandard20.dll
C:\Users\ultra\warewolf\Dev\Dev2.Runtime.Services\ServiceModel\ElasticsearchSources.cs(110,34): warning CS0618: 'ElasticsearchClient.Ping()' is obsolete: 'Synchronous methods are deprecated and could be removed in the future.' [C:\Users\ultra\warewolf\Dev\Dev2.Runtime.Services\Dev2.Runtime.Services.csproj]
C:\Users\ultra\warewolf\Dev\Dev2.Runtime.Services\ESB\Management\Services\FetchTestsAndTriggers.cs(45,17): warning CC0105: Use 'var' instead of specifying the type name. (https://code-cracker.github.io/diagnostics/CC0105.html) [C:\Users\ultra\warewolf\Dev\Dev2.Runtime.Services\Dev2.Runtime.Services.csproj]
C:\Users\ultra\warewolf\Dev\Dev2.Runtime.Services\UsageLogger.cs(66,33): warning CC0022: ManagementObjectSearcher should be disposed. (https://code-cracker.github.io/diagnostics/CC0022.html) [C:\Users\ultra\warewolf\Dev\Dev2.Runtime.Services\Dev2.Runtime.Services.csproj]
C:\Users\ultra\warewolf\Dev\Dev2.Runtime.Services\ServiceModel\WebSources.cs(532,7): warning CC0004: Empty Catch Block. (https://code-cracker.github.io/diagnostics/CC0004.html) [C:\Users\ultra\warewolf\Dev\Dev2.Runtime.Services\Dev2.Runtime.Services.csproj]
C:\Users\ultra\warewolf\Dev\Dev2.Runtime.Services\ESB\Management\Services\ChatbotToolNormalizer.cs(80,17): warning CC0003: Consider adding an Exception to the catch. (https://code-cracker.github.io/diagnostics/CC0003.html) [C:\Users\ultra\warewolf\Dev\Dev2.Runtime.Services\Dev2.Runtime.Services.csproj]
C:\Users\ultra\warewolf\Dev\Dev2.Runtime.Services\ESB\Management\Services\ChatbotToolNormalizer.cs(101,21): warning CC0004: Empty Catch Block. (https://code-cracker.github.io/diagnostics/CC0004.html) [C:\Users\ultra\warewolf\Dev\Dev2.Runtime.Services\Dev2.Runtime.Services.csproj]
C:\Users\ultra\warewolf\Dev\Dev2.Runtime.Services\ServiceModel\WebSources.cs(751,38): warning CC0022: StringContent should be disposed. (https://code-cracker.github.io/diagnostics/CC0022.html) [C:\Users\ultra\warewolf\Dev\Dev2.Runtime.Services\Dev2.Runtime.Services.csproj]
C:\Users\ultra\warewolf\Dev\Dev2.Runtime.Services\ESB\Management\Services\TestChatbotSource.cs(44,17): warning CC0105: Use 'var' instead of specifying the type name. (https://code-cracker.github.io/diagnostics/CC0105.html) [C:\Users\ultra\warewolf\Dev\Dev2.Runtime.Services\Dev2.Runtime.Services.csproj]
C:\Users\ultra\warewolf\Dev\Dev2.Runtime.Services\ESB\Management\Services\TestChatbotSource.cs(45,17): warning CC0105: Use 'var' instead of specifying the type name. (https://code-cracker.github.io/diagnostics/CC0105.html) [C:\Users\ultra\warewolf\Dev\Dev2.Runtime.Services\Dev2.Runtime.Services.csproj]
C:\Users\ultra\warewolf\Dev\Dev2.Runtime.Services\ESB\Management\Services\ChatbotToolNormalizer.cs(226,21): warning CC0105: Use 'var' instead of specifying the type name. (https://code-cracker.github.io/diagnostics/CC0105.html) [C:\Users\ultra\warewolf\Dev\Dev2.Runtime.Services\Dev2.Runtime.Services.csproj]
C:\Users\ultra\warewolf\Dev\Dev2.Runtime.Services\ESB\Management\Services\ChatbotToolNormalizer.cs(279,21): warning CC0105: Use 'var' instead of specifying the type name. (https://code-cracker.github.io/diagnostics/CC0105.html) [C:\Users\ultra\warewolf\Dev\Dev2.Runtime.Services\Dev2.Runtime.Services.csproj]
  Dev2.Runtime.Services -> C:\Users\ultra\warewolf\Dev\Dev2.Runtime.Services\bin\Debug\net8.0\Dev2.Runtime.Services.dll
  Dev2.Studio.Interfaces -> C:\Users\ultra\warewolf\Dev\Dev2.Studio.Interfaces\bin\Debug\net8.0\Dev2.Studio.Interfaces.dll
  Dev2.Services.Execution -> C:\Users\ultra\warewolf\Dev\Dev2.Services.Execution\bin\Debug\net8.0\Dev2.Services.Execution.dll
C:\Program Files\dotnet\sdk\10.0.201\Microsoft.Common.CurrentVersion.targets(2451,5): warning MSB3277: Found conflicts between different versions of "Microsoft.Win32.SystemEvents" that could not be resolved. [C:\Users\ultra\warewolf\Dev\Warewolf.Studio.Core\Warewolf.Studio.Core.csproj]
C:\Program Files\dotnet\sdk\10.0.201\Microsoft.Common.CurrentVersion.targets(2451,5): warning MSB3277: There was a conflict between "Microsoft.Win32.SystemEvents, Version=6.0.0.0, Culture=neutral, PublicKeyToken=cc7b13ffcd2ddd51" and "Microsoft.Win32.SystemEvents, Version=7.0.0.0, Culture=neutral, PublicKeyToken=cc7b13ffcd2ddd51". [C:\Users\ultra\warewolf\Dev\Warewolf.Studio.Core\Warewolf.Studio.Core.csproj]
C:\Program Files\dotnet\sdk\10.0.201\Microsoft.Common.CurrentVersion.targets(2451,5): warning MSB3277:     "Microsoft.Win32.SystemEvents, Version=6.0.0.0, Culture=neutral, PublicKeyToken=cc7b13ffcd2ddd51" was chosen because it was primary and "Microsoft.Win32.SystemEvents, Version=7.0.0.0, Culture=neutral, PublicKeyToken=cc7b13ffcd2ddd51" was not. [C:\Users\ultra\warewolf\Dev\Warewolf.Studio.Core\Warewolf.Studio.Core.csproj]
C:\Program Files\dotnet\sdk\10.0.201\Microsoft.Common.CurrentVersion.targets(2451,5): warning MSB3277:     References which depend on "Microsoft.Win32.SystemEvents, Version=6.0.0.0, Culture=neutral, PublicKeyToken=cc7b13ffcd2ddd51" [C:\Users\ultra\.nuget\packages\microsoft.win32.systemevents\6.0.0\lib\net6.0\Microsoft.Win32.SystemEvents.dll]. [C:\Users\ultra\warewolf\Dev\Warewolf.Studio.Core\Warewolf.Studio.Core.csproj]
C:\Program Files\dotnet\sdk\10.0.201\Microsoft.Common.CurrentVersion.targets(2451,5): warning MSB3277:         C:\Users\ultra\.nuget\packages\microsoft.win32.systemevents\6.0.0\lib\net6.0\Microsoft.Win32.SystemEvents.dll [C:\Users\ultra\warewolf\Dev\Warewolf.Studio.Core\Warewolf.Studio.Core.csproj]
C:\Program Files\dotnet\sdk\10.0.201\Microsoft.Common.CurrentVersion.targets(2451,5): warning MSB3277:           Project file item includes which caused reference "C:\Users\ultra\.nuget\packages\microsoft.win32.systemevents\6.0.0\lib\net6.0\Microsoft.Win32.SystemEvents.dll". [C:\Users\ultra\warewolf\Dev\Warewolf.Studio.Core\Warewolf.Studio.Core.csproj]
C:\Program Files\dotnet\sdk\10.0.201\Microsoft.Common.CurrentVersion.targets(2451,5): warning MSB3277:             C:\Users\ultra\.nuget\packages\microsoft.win32.systemevents\6.0.0\lib\net6.0\Microsoft.Win32.SystemEvents.dll [C:\Users\ultra\warewolf\Dev\Warewolf.Studio.Core\Warewolf.Studio.Core.csproj]
C:\Program Files\dotnet\sdk\10.0.201\Microsoft.Common.CurrentVersion.targets(2451,5): warning MSB3277:     References which depend on or have been unified to "Microsoft.Win32.SystemEvents, Version=7.0.0.0, Culture=neutral, PublicKeyToken=cc7b13ffcd2ddd51" []. [C:\Users\ultra\warewolf\Dev\Warewolf.Studio.Core\Warewolf.Studio.Core.csproj]
C:\Program Files\dotnet\sdk\10.0.201\Microsoft.Common.CurrentVersion.targets(2451,5): warning MSB3277:         C:\Users\ultra\warewolf\Dev\Dev2.Common\bin\Debug\net8.0\Dev2.Common.dll [C:\Users\ultra\warewolf\Dev\Warewolf.Studio.Core\Warewolf.Studio.Core.csproj]
C:\Program Files\dotnet\sdk\10.0.201\Microsoft.Common.CurrentVersion.targets(2451,5): warning MSB3277:           Project file item includes which caused reference "C:\Users\ultra\warewolf\Dev\Dev2.Common\bin\Debug\net8.0\Dev2.Common.dll". [C:\Users\ultra\warewolf\Dev\Warewolf.Studio.Core\Warewolf.Studio.Core.csproj]
C:\Program Files\dotnet\sdk\10.0.201\Microsoft.Common.CurrentVersion.targets(2451,5): warning MSB3277:             C:\Users\ultra\warewolf\Dev\Dev2.Common\bin\Debug\net8.0\Dev2.Common.dll [C:\Users\ultra\warewolf\Dev\Warewolf.Studio.Core\Warewolf.Studio.Core.csproj]
C:\Program Files\dotnet\sdk\10.0.201\Microsoft.Common.CurrentVersion.targets(2451,5): warning MSB3277:             C:\Users\ultra\warewolf\Dev\Dev2.Core\bin\Debug\net8.0\Dev2.Core.dll [C:\Users\ultra\warewolf\Dev\Warewolf.Studio.Core\Warewolf.Studio.Core.csproj]
C:\Program Files\dotnet\sdk\10.0.201\Microsoft.Common.CurrentVersion.targets(2451,5): warning MSB3277:             C:\Users\ultra\warewolf\Dev\Dev2.Infrastructure\bin\Debug\net8.0\Dev2.Infrastructure.dll [C:\Users\ultra\warewolf\Dev\Warewolf.Studio.Core\Warewolf.Studio.Core.csproj]
C:\Program Files\dotnet\sdk\10.0.201\Microsoft.Common.CurrentVersion.targets(2451,5): warning MSB3277:             C:\Users\ultra\warewolf\Dev\Dev2.Studio.Interfaces\bin\Debug\net8.0\Dev2.Studio.Interfaces.dll [C:\Users\ultra\warewolf\Dev\Warewolf.Studio.Core\Warewolf.Studio.Core.csproj]
C:\Program Files\dotnet\sdk\10.0.201\Microsoft.Common.CurrentVersion.targets(2451,5): warning MSB3277:             C:\Users\ultra\warewolf\Dev\Dev2.Data\bin\Debug\net8.0\Dev2.Data.dll [C:\Users\ultra\warewolf\Dev\Warewolf.Studio.Core\Warewolf.Studio.Core.csproj]
C:\Program Files\dotnet\sdk\10.0.201\Microsoft.Common.CurrentVersion.targets(2451,5): warning MSB3277:             C:\Users\ultra\warewolf\Dev\Dev2.Diagnostics\bin\Debug\net8.0\Dev2.Diagnostics.dll [C:\Users\ultra\warewolf\Dev\Warewolf.Studio.Core\Warewolf.Studio.Core.csproj]
C:\Program Files\dotnet\sdk\10.0.201\Microsoft.Common.CurrentVersion.targets(2451,5): warning MSB3277:             C:\Users\ultra\warewolf\Dev\Dev2.Runtime.Services\bin\Debug\net8.0\Dev2.Runtime.Services.dll [C:\Users\ultra\warewolf\Dev\Warewolf.Studio.Core\Warewolf.Studio.Core.csproj]
C:\Program Files\dotnet\sdk\10.0.201\Microsoft.Common.CurrentVersion.targets(2451,5): warning MSB3277:             C:\Users\ultra\warewolf\Dev\Dev2.Scheduler\bin\Debug\net8.0\Dev2.Scheduler.dll [C:\Users\ultra\warewolf\Dev\Warewolf.Studio.Core\Warewolf.Studio.Core.csproj]
C:\Program Files\dotnet\sdk\10.0.201\Microsoft.Common.CurrentVersion.targets(2451,5): warning MSB3277:             C:\Users\ultra\warewolf\Dev\Dev2.Services.Sql\bin\Debug\net8.0\Dev2.Services.Sql.dll [C:\Users\ultra\warewolf\Dev\Warewolf.Studio.Core\Warewolf.Studio.Core.csproj]
C:\Program Files\dotnet\sdk\10.0.201\Microsoft.Common.CurrentVersion.targets(2451,5): warning MSB3277:             C:\Users\ultra\warewolf\Dev\Dev2.TaskScheduler.Wrappers\bin\Debug\net8.0\Dev2.TaskScheduler.Wrappers.dll [C:\Users\ultra\warewolf\Dev\Warewolf.Studio.Core\Warewolf.Studio.Core.csproj]
C:\Program Files\dotnet\sdk\10.0.201\Microsoft.Common.CurrentVersion.targets(2451,5): warning MSB3277:             C:\Users\ultra\warewolf\Dev\Dev2.Util\bin\Debug\net8.0\Dev2.Util.dll [C:\Users\ultra\warewolf\Dev\Warewolf.Studio.Core\Warewolf.Studio.Core.csproj]
C:\Program Files\dotnet\sdk\10.0.201\Microsoft.Common.CurrentVersion.targets(2451,5): warning MSB3277:             C:\Users\ultra\warewolf\Dev\Warewolf.AI.Harness\bin\Debug\net8.0\Warewolf.AI.Harness.dll [C:\Users\ultra\warewolf\Dev\Warewolf.Studio.Core\Warewolf.Studio.Core.csproj]
C:\Program Files\dotnet\sdk\10.0.201\Microsoft.Common.CurrentVersion.targets(2451,5): warning MSB3277:             C:\Users\ultra\warewolf\Dev\Warewolf.Auditing\bin\Debug\net8.0\Warewolf.Auditing.dll [C:\Users\ultra\warewolf\Dev\Warewolf.Studio.Core\Warewolf.Studio.Core.csproj]
C:\Program Files\dotnet\sdk\10.0.201\Microsoft.Common.CurrentVersion.targets(2451,5): warning MSB3277:             C:\Users\ultra\warewolf\Dev\Warewolf.Common.NetStandard20\bin\Debug\net8.0\Warewolf.Common.NetStandard20.dll [C:\Users\ultra\warewolf\Dev\Warewolf.Studio.Core\Warewolf.Studio.Core.csproj]
C:\Program Files\dotnet\sdk\10.0.201\Microsoft.Common.CurrentVersion.targets(2451,5): warning MSB3277:             C:\Users\ultra\warewolf\Dev\Warewolf.Core\bin\Debug\net8.0\Warewolf.Core.dll [C:\Users\ultra\warewolf\Dev\Warewolf.Studio.Core\Warewolf.Studio.Core.csproj]
C:\Program Files\dotnet\sdk\10.0.201\Microsoft.Common.CurrentVersion.targets(2451,5): warning MSB3277:             C:\Users\ultra\warewolf\Dev\Warewolf.Driver.Serilog\bin\Debug\net8.0\Warewolf.Driver.Serilog.dll [C:\Users\ultra\warewolf\Dev\Warewolf.Studio.Core\Warewolf.Studio.Core.csproj]
C:\Program Files\dotnet\sdk\10.0.201\Microsoft.Common.CurrentVersion.targets(2451,5): warning MSB3277:             C:\Users\ultra\warewolf\Dev\Warewolf.ResourceManagement\bin\Debug\net8.0\Warewolf.ResourceManagement.dll [C:\Users\ultra\warewolf\Dev\Warewolf.Studio.Core\Warewolf.Studio.Core.csproj]
C:\Program Files\dotnet\sdk\10.0.201\Microsoft.Common.CurrentVersion.targets(2451,5): warning MSB3277:             C:\Users\ultra\warewolf\Dev\Warewolf.Sharepoint\bin\Debug\net8.0\Warewolf.Sharepoint.dll [C:\Users\ultra\warewolf\Dev\Warewolf.Studio.Core\Warewolf.Studio.Core.csproj]
C:\Program Files\dotnet\sdk\10.0.201\Microsoft.Common.CurrentVersion.targets(2451,5): warning MSB3277:             C:\Users\ultra\warewolf\Dev\Warewolf.Storage\bin\Debug\net8.0\Warewolf.Storage.dll [C:\Users\ultra\warewolf\Dev\Warewolf.Studio.Core\Warewolf.Studio.Core.csproj]
C:\Program Files\dotnet\sdk\10.0.201\Microsoft.Common.CurrentVersion.targets(2451,5): warning MSB3277:         C:\Users\ultra\warewolf\Dev\Binaries\Infragistcs_Net6\InfragisticsWPF4.v15.1.dll [C:\Users\ultra\warewolf\Dev\Warewolf.Studio.Core\Warewolf.Studio.Core.csproj]
C:\Program Files\dotnet\sdk\10.0.201\Microsoft.Common.CurrentVersion.targets(2451,5): warning MSB3277:           Project file item includes which caused reference "C:\Users\ultra\warewolf\Dev\Binaries\Infragistcs_Net6\InfragisticsWPF4.v15.1.dll". [C:\Users\ultra\warewolf\Dev\Warewolf.Studio.Core\Warewolf.Studio.Core.csproj]
C:\Program Files\dotnet\sdk\10.0.201\Microsoft.Common.CurrentVersion.targets(2451,5): warning MSB3277:             InfragisticsWPF4.v15.1, Version=15.1.20151.2055, Culture=neutral, PublicKeyToken=7dd5c3163f2cd0cb, processorArchitecture=MSIL [C:\Users\ultra\warewolf\Dev\Warewolf.Studio.Core\Warewolf.Studio.Core.csproj]
C:\Program Files\dotnet\sdk\10.0.201\Microsoft.Common.CurrentVersion.targets(2451,5): warning MSB3277:             InfragisticsWPF4.Controls.Menus.XamDataTree.v15.1, Version=15.1.20151.2055, Culture=neutral, PublicKeyToken=7dd5c3163f2cd0cb, processorArchitecture=MSIL [C:\Users\ultra\warewolf\Dev\Warewolf.Studio.Core\Warewolf.Studio.Core.csproj]
C:\Program Files\dotnet\sdk\10.0.201\Microsoft.Common.CurrentVersion.targets(2451,5): warning MSB3277:             InfragisticsWPF4.DataManager.v15.1, Version=15.1.20151.2055, Culture=neutral, PublicKeyToken=7dd5c3163f2cd0cb, processorArchitecture=MSIL [C:\Users\ultra\warewolf\Dev\Warewolf.Studio.Core\Warewolf.Studio.Core.csproj]
C:\Program Files\dotnet\sdk\10.0.201\Microsoft.Common.CurrentVersion.targets(2451,5): warning MSB3277:             InfragisticsWPF4.DockManager.v15.1, Version=15.1.20151.2055, Culture=neutral, PublicKeyToken=7dd5c3163f2cd0cb, processorArchitecture=MSIL [C:\Users\ultra\warewolf\Dev\Warewolf.Studio.Core\Warewolf.Studio.Core.csproj]
C:\Program Files\dotnet\sdk\10.0.201\Microsoft.Common.CurrentVersion.targets(2451,5): warning MSB3277:         C:\Users\ultra\.nuget\packages\timespan2\2.4.2\lib\netcoreapp3.1\TimeSpan2.dll [C:\Users\ultra\warewolf\Dev\Warewolf.Studio.Core\Warewolf.Studio.Core.csproj]
C:\Program Files\dotnet\sdk\10.0.201\Microsoft.Common.CurrentVersion.targets(2451,5): warning MSB3277:           Project file item includes which caused reference "C:\Users\ultra\.nuget\packages\timespan2\2.4.2\lib\netcoreapp3.1\TimeSpan2.dll". [C:\Users\ultra\warewolf\Dev\Warewolf.Studio.Core\Warewolf.Studio.Core.csproj]
C:\Program Files\dotnet\sdk\10.0.201\Microsoft.Common.CurrentVersion.targets(2451,5): warning MSB3277:             C:\Users\ultra\.nuget\packages\timespan2\2.4.2\lib\netcoreapp3.1\TimeSpan2.dll [C:\Users\ultra\warewolf\Dev\Warewolf.Studio.Core\Warewolf.Studio.Core.csproj]
C:\Program Files\dotnet\sdk\10.0.201\Microsoft.Common.CurrentVersion.targets(2451,5): warning MSB3277:             C:\Users\ultra\.nuget\packages\taskschedulereditor\2.10.1\lib\net452\Microsoft.Win32.TaskSchedulerEditor.dll [C:\Users\ultra\warewolf\Dev\Warewolf.Studio.Core\Warewolf.Studio.Core.csproj]
C:\Program Files\dotnet\sdk\10.0.201\Microsoft.Common.CurrentVersion.targets(2451,5): warning MSB3277:         C:\Program Files\dotnet\packs\Microsoft.NETCore.App.Ref\8.0.25\ref\net8.0\System.dll [C:\Users\ultra\warewolf\Dev\Warewolf.Studio.Core\Warewolf.Studio.Core.csproj]
C:\Program Files\dotnet\sdk\10.0.201\Microsoft.Common.CurrentVersion.targets(2451,5): warning MSB3277:           Project file item includes which caused reference "C:\Program Files\dotnet\packs\Microsoft.NETCore.App.Ref\8.0.25\ref\net8.0\System.dll". [C:\Users\ultra\warewolf\Dev\Warewolf.Studio.Core\Warewolf.Studio.Core.csproj]
C:\Program Files\dotnet\sdk\10.0.201\Microsoft.Common.CurrentVersion.targets(2451,5): warning MSB3277:             C:\Program Files\dotnet\packs\Microsoft.NETCore.App.Ref\8.0.25\ref/net8.0/System.dll [C:\Users\ultra\warewolf\Dev\Warewolf.Studio.Core\Warewolf.Studio.Core.csproj]
C:\Program Files\dotnet\sdk\10.0.201\Microsoft.Common.CurrentVersion.targets(2451,5): warning MSB3277:             C:\Users\ultra\.nuget\packages\aerowizard\2.3.1\lib\net45\AeroWizard.dll [C:\Users\ultra\warewolf\Dev\Warewolf.Studio.Core\Warewolf.Studio.Core.csproj]
C:\Program Files\dotnet\sdk\10.0.201\Microsoft.Common.CurrentVersion.targets(2451,5): warning MSB3277:             C:\Users\ultra\.nuget\packages\groupcontrols\1.9.0\lib\net45\GroupControls.dll [C:\Users\ultra\warewolf\Dev\Warewolf.Studio.Core\Warewolf.Studio.Core.csproj]
C:\Program Files\dotnet\sdk\10.0.201\Microsoft.Common.CurrentVersion.targets(2451,5): warning MSB3277:             C:\Users\ultra\.nuget\packages\microsoft.xaml.behaviors.wpf\1.1.122\lib\net462\Microsoft.Xaml.Behaviors.dll [C:\Users\ultra\warewolf\Dev\Warewolf.Studio.Core\Warewolf.Studio.Core.csproj]
C:\Program Files\dotnet\sdk\10.0.201\Microsoft.Common.CurrentVersion.targets(2451,5): warning MSB3277:             C:\Users\ultra\.nuget\packages\caliburn.micro\4.0.212\lib\netcoreapp3.1\Caliburn.Micro.Platform.dll [C:\Users\ultra\warewolf\Dev\Warewolf.Studio.Core\Warewolf.Studio.Core.csproj]
C:\Program Files\dotnet\sdk\10.0.201\Microsoft.Common.CurrentVersion.targets(2451,5): warning MSB3277:             C:\Users\ultra\.nuget\packages\prism.wpf\9.0.537\lib\net462\Prism.Wpf.dll [C:\Users\ultra\warewolf\Dev\Warewolf.Studio.Core\Warewolf.Studio.Core.csproj]
C:\Program Files\dotnet\sdk\10.0.201\Microsoft.Common.CurrentVersion.targets(2451,5): warning MSB3277:             C:\Users\ultra\.nuget\packages\reactiveui.wpf\18.4.1\lib\net462\ReactiveUI.Wpf.dll [C:\Users\ultra\warewolf\Dev\Warewolf.Studio.Core\Warewolf.Studio.Core.csproj]
C:\Program Files\dotnet\sdk\10.0.201\Microsoft.Common.CurrentVersion.targets(2451,5): warning MSB3277:             C:\Users\ultra\.nuget\packages\taskschedulereditor\2.10.1\lib\net452\Microsoft.Win32.TaskSchedulerEditor.dll [C:\Users\ultra\warewolf\Dev\Warewolf.Studio.Core\Warewolf.Studio.Core.csproj]
C:\Program Files\dotnet\sdk\10.0.201\Microsoft.Common.CurrentVersion.targets(2451,5): warning MSB3277:             C:\Users\ultra\.nuget\packages\ttcue.netcore.sharepointonline.csom.16.1.8029.1200\16.1.8029.1200\lib\netcoreapp2.0\Microsoft.SharePoint.Client.Runtime.Windows.dll [C:\Users\ultra\warewolf\Dev\Warewolf.Studio.Core\Warewolf.Studio.Core.csproj]
C:\Program Files\dotnet\sdk\10.0.201\Microsoft.Common.CurrentVersion.targets(2451,5): warning MSB3277: Found conflicts between different versions of "System.Security.Permissions" that could not be resolved. [C:\Users\ultra\warewolf\Dev\Warewolf.Studio.Core\Warewolf.Studio.Core.csproj]
C:\Program Files\dotnet\sdk\10.0.201\Microsoft.Common.CurrentVersion.targets(2451,5): warning MSB3277: There was a conflict between "System.Security.Permissions, Version=6.0.0.0, Culture=neutral, PublicKeyToken=cc7b13ffcd2ddd51" and "System.Security.Permissions, Version=7.0.0.0, Culture=neutral, PublicKeyToken=cc7b13ffcd2ddd51". [C:\Users\ultra\warewolf\Dev\Warewolf.Studio.Core\Warewolf.Studio.Core.csproj]
C:\Program Files\dotnet\sdk\10.0.201\Microsoft.Common.CurrentVersion.targets(2451,5): warning MSB3277:     "System.Security.Permissions, Version=6.0.0.0, Culture=neutral, PublicKeyToken=cc7b13ffcd2ddd51" was chosen because it was primary and "System.Security.Permissions, Version=7.0.0.0, Culture=neutral, PublicKeyToken=cc7b13ffcd2ddd51" was not. [C:\Users\ultra\warewolf\Dev\Warewolf.Studio.Core\Warewolf.Studio.Core.csproj]
C:\Program Files\dotnet\sdk\10.0.201\Microsoft.Common.CurrentVersion.targets(2451,5): warning MSB3277:     References which depend on "System.Security.Permissions, Version=6.0.0.0, Culture=neutral, PublicKeyToken=cc7b13ffcd2ddd51" [C:\Users\ultra\.nuget\packages\system.security.permissions\6.0.0\lib\net6.0\System.Security.Permissions.dll]. [C:\Users\ultra\warewolf\Dev\Warewolf.Studio.Core\Warewolf.Studio.Core.csproj]
C:\Program Files\dotnet\sdk\10.0.201\Microsoft.Common.CurrentVersion.targets(2451,5): warning MSB3277:         C:\Users\ultra\.nuget\packages\system.security.permissions\6.0.0\lib\net6.0\System.Security.Permissions.dll [C:\Users\ultra\warewolf\Dev\Warewolf.Studio.Core\Warewolf.Studio.Core.csproj]
C:\Program Files\dotnet\sdk\10.0.201\Microsoft.Common.CurrentVersion.targets(2451,5): warning MSB3277:           Project file item includes which caused reference "C:\Users\ultra\.nuget\packages\system.security.permissions\6.0.0\lib\net6.0\System.Security.Permissions.dll". [C:\Users\ultra\warewolf\Dev\Warewolf.Studio.Core\Warewolf.Studio.Core.csproj]
C:\Program Files\dotnet\sdk\10.0.201\Microsoft.Common.CurrentVersion.targets(2451,5): warning MSB3277:             C:\Users\ultra\.nuget\packages\system.security.permissions\6.0.0\lib\net6.0\System.Security.Permissions.dll [C:\Users\ultra\warewolf\Dev\Warewolf.Studio.Core\Warewolf.Studio.Core.csproj]
C:\Program Files\dotnet\sdk\10.0.201\Microsoft.Common.CurrentVersion.targets(2451,5): warning MSB3277:     References which depend on or have been unified to "System.Security.Permissions, Version=7.0.0.0, Culture=neutral, PublicKeyToken=cc7b13ffcd2ddd51" []. [C:\Users\ultra\warewolf\Dev\Warewolf.Studio.Core\Warewolf.Studio.Core.csproj]
C:\Program Files\dotnet\sdk\10.0.201\Microsoft.Common.CurrentVersion.targets(2451,5): warning MSB3277:         C:\Users\ultra\warewolf\Dev\Dev2.Data\bin\Debug\net8.0\Dev2.Data.dll [C:\Users\ultra\warewolf\Dev\Warewolf.Studio.Core\Warewolf.Studio.Core.csproj]
C:\Program Files\dotnet\sdk\10.0.201\Microsoft.Common.CurrentVersion.targets(2451,5): warning MSB3277:           Project file item includes which caused reference "C:\Users\ultra\warewolf\Dev\Dev2.Data\bin\Debug\net8.0\Dev2.Data.dll". [C:\Users\ultra\warewolf\Dev\Warewolf.Studio.Core\Warewolf.Studio.Core.csproj]
C:\Program Files\dotnet\sdk\10.0.201\Microsoft.Common.CurrentVersion.targets(2451,5): warning MSB3277:             C:\Users\ultra\warewolf\Dev\Dev2.Data\bin\Debug\net8.0\Dev2.Data.dll [C:\Users\ultra\warewolf\Dev\Warewolf.Studio.Core\Warewolf.Studio.Core.csproj]
C:\Program Files\dotnet\sdk\10.0.201\Microsoft.Common.CurrentVersion.targets(2451,5): warning MSB3277:             C:\Users\ultra\warewolf\Dev\Dev2.Core\bin\Debug\net8.0\Dev2.Core.dll [C:\Users\ultra\warewolf\Dev\Warewolf.Studio.Core\Warewolf.Studio.Core.csproj]
C:\Program Files\dotnet\sdk\10.0.201\Microsoft.Common.CurrentVersion.targets(2451,5): warning MSB3277:             C:\Users\ultra\warewolf\Dev\Dev2.Studio.Interfaces\bin\Debug\net8.0\Dev2.Studio.Interfaces.dll [C:\Users\ultra\warewolf\Dev\Warewolf.Studio.Core\Warewolf.Studio.Core.csproj]
C:\Program Files\dotnet\sdk\10.0.201\Microsoft.Common.CurrentVersion.targets(2451,5): warning MSB3277:             C:\Users\ultra\warewolf\Dev\Dev2.Runtime.Services\bin\Debug\net8.0\Dev2.Runtime.Services.dll [C:\Users\ultra\warewolf\Dev\Warewolf.Studio.Core\Warewolf.Studio.Core.csproj]
C:\Program Files\dotnet\sdk\10.0.201\Microsoft.Common.CurrentVersion.targets(2451,5): warning MSB3277:             C:\Users\ultra\warewolf\Dev\Dev2.Scheduler\bin\Debug\net8.0\Dev2.Scheduler.dll [C:\Users\ultra\warewolf\Dev\Warewolf.Studio.Core\Warewolf.Studio.Core.csproj]
C:\Program Files\dotnet\sdk\10.0.201\Microsoft.Common.CurrentVersion.targets(2451,5): warning MSB3277:             C:\Users\ultra\warewolf\Dev\Warewolf.Auditing\bin\Debug\net8.0\Warewolf.Auditing.dll [C:\Users\ultra\warewolf\Dev\Warewolf.Studio.Core\Warewolf.Studio.Core.csproj]
C:\Program Files\dotnet\sdk\10.0.201\Microsoft.Common.CurrentVersion.targets(2451,5): warning MSB3277:             C:\Users\ultra\warewolf\Dev\Warewolf.Common.NetStandard20\bin\Debug\net8.0\Warewolf.Common.NetStandard20.dll [C:\Users\ultra\warewolf\Dev\Warewolf.Studio.Core\Warewolf.Studio.Core.csproj]
C:\Program Files\dotnet\sdk\10.0.201\Microsoft.Common.CurrentVersion.targets(2451,5): warning MSB3277:             C:\Users\ultra\warewolf\Dev\Warewolf.Core\bin\Debug\net8.0\Warewolf.Core.dll [C:\Users\ultra\warewolf\Dev\Warewolf.Studio.Core\Warewolf.Studio.Core.csproj]
C:\Program Files\dotnet\sdk\10.0.201\Microsoft.Common.CurrentVersion.targets(2451,5): warning MSB3277:             C:\Users\ultra\warewolf\Dev\Warewolf.ResourceManagement\bin\Debug\net8.0\Warewolf.ResourceManagement.dll [C:\Users\ultra\warewolf\Dev\Warewolf.Studio.Core\Warewolf.Studio.Core.csproj]
C:\Program Files\dotnet\sdk\10.0.201\Microsoft.Common.CurrentVersion.targets(2451,5): warning MSB3277:         C:\Users\ultra\warewolf\Dev\Binaries\Infragistcs_Net6\InfragisticsWPF4.DockManager.v15.1.dll [C:\Users\ultra\warewolf\Dev\Warewolf.Studio.Core\Warewolf.Studio.Core.csproj]
C:\Program Files\dotnet\sdk\10.0.201\Microsoft.Common.CurrentVersion.targets(2451,5): warning MSB3277:           Project file item includes which caused reference "C:\Users\ultra\warewolf\Dev\Binaries\Infragistcs_Net6\InfragisticsWPF4.DockManager.v15.1.dll". [C:\Users\ultra\warewolf\Dev\Warewolf.Studio.Core\Warewolf.Studio.Core.csproj]
C:\Program Files\dotnet\sdk\10.0.201\Microsoft.Common.CurrentVersion.targets(2451,5): warning MSB3277:             InfragisticsWPF4.DockManager.v15.1, Version=15.1.20151.2055, Culture=neutral, PublicKeyToken=7dd5c3163f2cd0cb, processorArchitecture=MSIL [C:\Users\ultra\warewolf\Dev\Warewolf.Studio.Core\Warewolf.Studio.Core.csproj]
C:\Program Files\dotnet\sdk\10.0.201\Microsoft.Common.CurrentVersion.targets(2451,5): warning MSB3277:         C:\Users\ultra\warewolf\Dev\Binaries\Infragistcs_Net6\InfragisticsWPF4.v15.1.dll [C:\Users\ultra\warewolf\Dev\Warewolf.Studio.Core\Warewolf.Studio.Core.csproj]
C:\Program Files\dotnet\sdk\10.0.201\Microsoft.Common.CurrentVersion.targets(2451,5): warning MSB3277:           Project file item includes which caused reference "C:\Users\ultra\warewolf\Dev\Binaries\Infragistcs_Net6\InfragisticsWPF4.v15.1.dll". [C:\Users\ultra\warewolf\Dev\Warewolf.Studio.Core\Warewolf.Studio.Core.csproj]
C:\Program Files\dotnet\sdk\10.0.201\Microsoft.Common.CurrentVersion.targets(2451,5): warning MSB3277:             InfragisticsWPF4.v15.1, Version=15.1.20151.2055, Culture=neutral, PublicKeyToken=7dd5c3163f2cd0cb, processorArchitecture=MSIL [C:\Users\ultra\warewolf\Dev\Warewolf.Studio.Core\Warewolf.Studio.Core.csproj]
C:\Program Files\dotnet\sdk\10.0.201\Microsoft.Common.CurrentVersion.targets(2451,5): warning MSB3277:             InfragisticsWPF4.Controls.Menus.XamDataTree.v15.1, Version=15.1.20151.2055, Culture=neutral, PublicKeyToken=7dd5c3163f2cd0cb, processorArchitecture=MSIL [C:\Users\ultra\warewolf\Dev\Warewolf.Studio.Core\Warewolf.Studio.Core.csproj]
C:\Program Files\dotnet\sdk\10.0.201\Microsoft.Common.CurrentVersion.targets(2451,5): warning MSB3277:             InfragisticsWPF4.DataManager.v15.1, Version=15.1.20151.2055, Culture=neutral, PublicKeyToken=7dd5c3163f2cd0cb, processorArchitecture=MSIL [C:\Users\ultra\warewolf\Dev\Warewolf.Studio.Core\Warewolf.Studio.Core.csproj]
C:\Program Files\dotnet\sdk\10.0.201\Microsoft.Common.CurrentVersion.targets(2451,5): warning MSB3277:             InfragisticsWPF4.DockManager.v15.1, Version=15.1.20151.2055, Culture=neutral, PublicKeyToken=7dd5c3163f2cd0cb, processorArchitecture=MSIL [C:\Users\ultra\warewolf\Dev\Warewolf.Studio.Core\Warewolf.Studio.Core.csproj]
C:\Program Files\dotnet\sdk\10.0.201\Microsoft.Common.CurrentVersion.targets(2451,5): warning MSB3277:         C:\Users\ultra\.nuget\packages\dotnetzip\1.16.0\lib\netstandard2.0\DotNetZip.dll [C:\Users\ultra\warewolf\Dev\Warewolf.Studio.Core\Warewolf.Studio.Core.csproj]
C:\Program Files\dotnet\sdk\10.0.201\Microsoft.Common.CurrentVersion.targets(2451,5): warning MSB3277:           Project file item includes which caused reference "C:\Users\ultra\.nuget\packages\dotnetzip\1.16.0\lib\netstandard2.0\DotNetZip.dll". [C:\Users\ultra\warewolf\Dev\Warewolf.Studio.Core\Warewolf.Studio.Core.csproj]
C:\Program Files\dotnet\sdk\10.0.201\Microsoft.Common.CurrentVersion.targets(2451,5): warning MSB3277:             C:\Users\ultra\.nuget\packages\dotnetzip\1.16.0\lib\netstandard2.0\DotNetZip.dll [C:\Users\ultra\warewolf\Dev\Warewolf.Studio.Core\Warewolf.Studio.Core.csproj]
C:\Program Files\dotnet\sdk\10.0.201\Microsoft.Common.CurrentVersion.targets(2451,5): warning MSB3277:             C:\Users\ultra\warewolf\Dev\Dev2.Common\bin\Debug\net8.0\Dev2.Common.dll [C:\Users\ultra\warewolf\Dev\Warewolf.Studio.Core\Warewolf.Studio.Core.csproj]
C:\Program Files\dotnet\sdk\10.0.201\Microsoft.Common.CurrentVersion.targets(2451,5): warning MSB3277:             C:\Users\ultra\warewolf\Dev\Dev2.Core\bin\Debug\net8.0\Dev2.Core.dll [C:\Users\ultra\warewolf\Dev\Warewolf.Studio.Core\Warewolf.Studio.Core.csproj]
C:\Program Files\dotnet\sdk\10.0.201\Microsoft.Common.CurrentVersion.targets(2451,5): warning MSB3277:             C:\Users\ultra\warewolf\Dev\Dev2.Infrastructure\bin\Debug\net8.0\Dev2.Infrastructure.dll [C:\Users\ultra\warewolf\Dev\Warewolf.Studio.Core\Warewolf.Studio.Core.csproj]
C:\Program Files\dotnet\sdk\10.0.201\Microsoft.Common.CurrentVersion.targets(2451,5): warning MSB3277:             C:\Users\ultra\warewolf\Dev\Dev2.Studio.Interfaces\bin\Debug\net8.0\Dev2.Studio.Interfaces.dll [C:\Users\ultra\warewolf\Dev\Warewolf.Studio.Core\Warewolf.Studio.Core.csproj]
C:\Program Files\dotnet\sdk\10.0.201\Microsoft.Common.CurrentVersion.targets(2451,5): warning MSB3277:             C:\Users\ultra\warewolf\Dev\Dev2.Data\bin\Debug\net8.0\Dev2.Data.dll [C:\Users\ultra\warewolf\Dev\Warewolf.Studio.Core\Warewolf.Studio.Core.csproj]
C:\Program Files\dotnet\sdk\10.0.201\Microsoft.Common.CurrentVersion.targets(2451,5): warning MSB3277:             C:\Users\ultra\warewolf\Dev\Dev2.Data.Interfaces\bin\Debug\net8.0\Dev2.Data.Interfaces.dll [C:\Users\ultra\warewolf\Dev\Warewolf.Studio.Core\Warewolf.Studio.Core.csproj]
C:\Program Files\dotnet\sdk\10.0.201\Microsoft.Common.CurrentVersion.targets(2451,5): warning MSB3277:             C:\Users\ultra\warewolf\Dev\Dev2.Diagnostics\bin\Debug\net8.0\Dev2.Diagnostics.dll [C:\Users\ultra\warewolf\Dev\Warewolf.Studio.Core\Warewolf.Studio.Core.csproj]
C:\Program Files\dotnet\sdk\10.0.201\Microsoft.Common.CurrentVersion.targets(2451,5): warning MSB3277:             C:\Users\ultra\warewolf\Dev\Dev2.Runtime.Services\bin\Debug\net8.0\Dev2.Runtime.Services.dll [C:\Users\ultra\warewolf\Dev\Warewolf.Studio.Core\Warewolf.Studio.Core.csproj]
C:\Program Files\dotnet\sdk\10.0.201\Microsoft.Common.CurrentVersion.targets(2451,5): warning MSB3277:             C:\Users\ultra\warewolf\Dev\Dev2.Scheduler\bin\Debug\net8.0\Dev2.Scheduler.dll [C:\Users\ultra\warewolf\Dev\Warewolf.Studio.Core\Warewolf.Studio.Core.csproj]
C:\Program Files\dotnet\sdk\10.0.201\Microsoft.Common.CurrentVersion.targets(2451,5): warning MSB3277:             C:\Users\ultra\warewolf\Dev\Dev2.Services.Sql\bin\Debug\net8.0\Dev2.Services.Sql.dll [C:\Users\ultra\warewolf\Dev\Warewolf.Studio.Core\Warewolf.Studio.Core.csproj]
C:\Program Files\dotnet\sdk\10.0.201\Microsoft.Common.CurrentVersion.targets(2451,5): warning MSB3277:             C:\Users\ultra\warewolf\Dev\Dev2.TaskScheduler.Wrappers\bin\Debug\net8.0\Dev2.TaskScheduler.Wrappers.dll [C:\Users\ultra\warewolf\Dev\Warewolf.Studio.Core\Warewolf.Studio.Core.csproj]
C:\Program Files\dotnet\sdk\10.0.201\Microsoft.Common.CurrentVersion.targets(2451,5): warning MSB3277:             C:\Users\ultra\warewolf\Dev\Dev2.Util\bin\Debug\net8.0\Dev2.Util.dll [C:\Users\ultra\warewolf\Dev\Warewolf.Studio.Core\Warewolf.Studio.Core.csproj]
C:\Program Files\dotnet\sdk\10.0.201\Microsoft.Common.CurrentVersion.targets(2451,5): warning MSB3277:             C:\Users\ultra\warewolf\Dev\Warewolf.AI.Harness\bin\Debug\net8.0\Warewolf.AI.Harness.dll [C:\Users\ultra\warewolf\Dev\Warewolf.Studio.Core\Warewolf.Studio.Core.csproj]
C:\Program Files\dotnet\sdk\10.0.201\Microsoft.Common.CurrentVersion.targets(2451,5): warning MSB3277:             C:\Users\ultra\warewolf\Dev\Warewolf.Auditing\bin\Debug\net8.0\Warewolf.Auditing.dll [C:\Users\ultra\warewolf\Dev\Warewolf.Studio.Core\Warewolf.Studio.Core.csproj]
C:\Program Files\dotnet\sdk\10.0.201\Microsoft.Common.CurrentVersion.targets(2451,5): warning MSB3277:             C:\Users\ultra\warewolf\Dev\Warewolf.Common.NetStandard20\bin\Debug\net8.0\Warewolf.Common.NetStandard20.dll [C:\Users\ultra\warewolf\Dev\Warewolf.Studio.Core\Warewolf.Studio.Core.csproj]
C:\Program Files\dotnet\sdk\10.0.201\Microsoft.Common.CurrentVersion.targets(2451,5): warning MSB3277:             C:\Users\ultra\warewolf\Dev\Warewolf.Core\bin\Debug\net8.0\Warewolf.Core.dll [C:\Users\ultra\warewolf\Dev\Warewolf.Studio.Core\Warewolf.Studio.Core.csproj]
C:\Program Files\dotnet\sdk\10.0.201\Microsoft.Common.CurrentVersion.targets(2451,5): warning MSB3277:             C:\Users\ultra\warewolf\Dev\Warewolf.Driver.Serilog\bin\Debug\net8.0\Warewolf.Driver.Serilog.dll [C:\Users\ultra\warewolf\Dev\Warewolf.Studio.Core\Warewolf.Studio.Core.csproj]
C:\Program Files\dotnet\sdk\10.0.201\Microsoft.Common.CurrentVersion.targets(2451,5): warning MSB3277:             C:\Users\ultra\warewolf\Dev\Warewolf.ResourceManagement\bin\Debug\net8.0\Warewolf.ResourceManagement.dll [C:\Users\ultra\warewolf\Dev\Warewolf.Studio.Core\Warewolf.Studio.Core.csproj]
C:\Program Files\dotnet\sdk\10.0.201\Microsoft.Common.CurrentVersion.targets(2451,5): warning MSB3277:             C:\Users\ultra\warewolf\Dev\Warewolf.Sharepoint\bin\Debug\net8.0\Warewolf.Sharepoint.dll [C:\Users\ultra\warewolf\Dev\Warewolf.Studio.Core\Warewolf.Studio.Core.csproj]
C:\Program Files\dotnet\sdk\10.0.201\Microsoft.Common.CurrentVersion.targets(2451,5): warning MSB3277:             C:\Users\ultra\warewolf\Dev\Warewolf.Storage\bin\Debug\net8.0\Warewolf.Storage.dll [C:\Users\ultra\warewolf\Dev\Warewolf.Studio.Core\Warewolf.Studio.Core.csproj]
C:\Program Files\dotnet\sdk\10.0.201\Microsoft.Common.CurrentVersion.targets(2451,5): warning MSB3277:         C:\Users\ultra\.nuget\packages\mindbox.data.linq\5.0.0\lib\netstandard2.0\Mindbox.Data.Linq.dll [C:\Users\ultra\warewolf\Dev\Warewolf.Studio.Core\Warewolf.Studio.Core.csproj]
C:\Program Files\dotnet\sdk\10.0.201\Microsoft.Common.CurrentVersion.targets(2451,5): warning MSB3277:           Project file item includes which caused reference "C:\Users\ultra\.nuget\packages\mindbox.data.linq\5.0.0\lib\netstandard2.0\Mindbox.Data.Linq.dll". [C:\Users\ultra\warewolf\Dev\Warewolf.Studio.Core\Warewolf.Studio.Core.csproj]
C:\Program Files\dotnet\sdk\10.0.201\Microsoft.Common.CurrentVersion.targets(2451,5): warning MSB3277:             C:\Users\ultra\.nuget\packages\mindbox.data.linq\5.0.0\lib\netstandard2.0\Mindbox.Data.Linq.dll [C:\Users\ultra\warewolf\Dev\Warewolf.Studio.Core\Warewolf.Studio.Core.csproj]
C:\Program Files\dotnet\sdk\10.0.201\Microsoft.Common.CurrentVersion.targets(2451,5): warning MSB3277:             C:\Users\ultra\warewolf\Dev\Warewolf.Auditing\bin\Debug\net8.0\Warewolf.Auditing.dll [C:\Users\ultra\warewolf\Dev\Warewolf.Studio.Core\Warewolf.Studio.Core.csproj]
C:\Program Files\dotnet\sdk\10.0.201\Microsoft.Common.CurrentVersion.targets(2451,5): warning MSB3277:             C:\Users\ultra\warewolf\Dev\Dev2.Runtime.Services\bin\Debug\net8.0\Dev2.Runtime.Services.dll [C:\Users\ultra\warewolf\Dev\Warewolf.Studio.Core\Warewolf.Studio.Core.csproj]
C:\Program Files\dotnet\sdk\10.0.201\Microsoft.Common.CurrentVersion.targets(2451,5): warning MSB3277:             C:\Users\ultra\warewolf\Dev\Dev2.Studio.Interfaces\bin\Debug\net8.0\Dev2.Studio.Interfaces.dll [C:\Users\ultra\warewolf\Dev\Warewolf.Studio.Core\Warewolf.Studio.Core.csproj]
C:\Program Files\dotnet\sdk\10.0.201\Microsoft.Common.CurrentVersion.targets(2451,5): warning MSB3277:             C:\Users\ultra\warewolf\Dev\Warewolf.Common.NetStandard20\bin\Debug\net8.0\Warewolf.Common.NetStandard20.dll [C:\Users\ultra\warewolf\Dev\Warewolf.Studio.Core\Warewolf.Studio.Core.csproj]
C:\Program Files\dotnet\sdk\10.0.201\Microsoft.Common.CurrentVersion.targets(2451,5): warning MSB3277:         C:\Users\ultra\.nuget\packages\mysql.data\8.4.0\lib\net8.0\MySql.Data.dll [C:\Users\ultra\warewolf\Dev\Warewolf.Studio.Core\Warewolf.Studio.Core.csproj]
C:\Program Files\dotnet\sdk\10.0.201\Microsoft.Common.CurrentVersion.targets(2451,5): warning MSB3277:           Project file item includes which caused reference "C:\Users\ultra\.nuget\packages\mysql.data\8.4.0\lib\net8.0\MySql.Data.dll". [C:\Users\ultra\warewolf\Dev\Warewolf.Studio.Core\Warewolf.Studio.Core.csproj]
C:\Program Files\dotnet\sdk\10.0.201\Microsoft.Common.CurrentVersion.targets(2451,5): warning MSB3277:             C:\Users\ultra\.nuget\packages\mysql.data\8.4.0\lib\net8.0\MySql.Data.dll [C:\Users\ultra\warewolf\Dev\Warewolf.Studio.Core\Warewolf.Studio.Core.csproj]
C:\Program Files\dotnet\sdk\10.0.201\Microsoft.Common.CurrentVersion.targets(2451,5): warning MSB3277:             C:\Users\ultra\warewolf\Dev\Dev2.Runtime.Services\bin\Debug\net8.0\Dev2.Runtime.Services.dll [C:\Users\ultra\warewolf\Dev\Warewolf.Studio.Core\Warewolf.Studio.Core.csproj]
C:\Program Files\dotnet\sdk\10.0.201\Microsoft.Common.CurrentVersion.targets(2451,5): warning MSB3277:             C:\Users\ultra\warewolf\Dev\Dev2.Studio.Interfaces\bin\Debug\net8.0\Dev2.Studio.Interfaces.dll [C:\Users\ultra\warewolf\Dev\Warewolf.Studio.Core\Warewolf.Studio.Core.csproj]
C:\Program Files\dotnet\sdk\10.0.201\Microsoft.Common.CurrentVersion.targets(2451,5): warning MSB3277:             C:\Users\ultra\warewolf\Dev\Dev2.Services.Sql\bin\Debug\net8.0\Dev2.Services.Sql.dll [C:\Users\ultra\warewolf\Dev\Warewolf.Studio.Core\Warewolf.Studio.Core.csproj]
C:\Program Files\dotnet\sdk\10.0.201\Microsoft.Common.CurrentVersion.targets(2451,5): warning MSB3277:         C:\Users\ultra\.nuget\packages\oracle.manageddataaccess.core\3.21.70\lib\netstandard2.1\Oracle.ManagedDataAccess.dll [C:\Users\ultra\warewolf\Dev\Warewolf.Studio.Core\Warewolf.Studio.Core.csproj]
C:\Program Files\dotnet\sdk\10.0.201\Microsoft.Common.CurrentVersion.targets(2451,5): warning MSB3277:           Project file item includes which caused reference "C:\Users\ultra\.nuget\packages\oracle.manageddataaccess.core\3.21.70\lib\netstandard2.1\Oracle.ManagedDataAccess.dll". [C:\Users\ultra\warewolf\Dev\Warewolf.Studio.Core\Warewolf.Studio.Core.csproj]
C:\Program Files\dotnet\sdk\10.0.201\Microsoft.Common.CurrentVersion.targets(2451,5): warning MSB3277:             C:\Users\ultra\.nuget\packages\oracle.manageddataaccess.core\3.21.70\lib\netstandard2.1\Oracle.ManagedDataAccess.dll [C:\Users\ultra\warewolf\Dev\Warewolf.Studio.Core\Warewolf.Studio.Core.csproj]
C:\Program Files\dotnet\sdk\10.0.201\Microsoft.Common.CurrentVersion.targets(2451,5): warning MSB3277:             C:\Users\ultra\warewolf\Dev\Dev2.Runtime.Services\bin\Debug\net8.0\Dev2.Runtime.Services.dll [C:\Users\ultra\warewolf\Dev\Warewolf.Studio.Core\Warewolf.Studio.Core.csproj]
C:\Program Files\dotnet\sdk\10.0.201\Microsoft.Common.CurrentVersion.targets(2451,5): warning MSB3277:             C:\Users\ultra\warewolf\Dev\Dev2.Studio.Interfaces\bin\Debug\net8.0\Dev2.Studio.Interfaces.dll [C:\Users\ultra\warewolf\Dev\Warewolf.Studio.Core\Warewolf.Studio.Core.csproj]
C:\Program Files\dotnet\sdk\10.0.201\Microsoft.Common.CurrentVersion.targets(2451,5): warning MSB3277:             C:\Users\ultra\warewolf\Dev\Dev2.Services.Sql\bin\Debug\net8.0\Dev2.Services.Sql.dll [C:\Users\ultra\warewolf\Dev\Warewolf.Studio.Core\Warewolf.Studio.Core.csproj]
C:\Program Files\dotnet\sdk\10.0.201\Microsoft.Common.CurrentVersion.targets(2451,5): warning MSB3277:         C:\Users\ultra\.nuget\packages\system.directoryservices\6.0.0\lib\net6.0\System.DirectoryServices.dll [C:\Users\ultra\warewolf\Dev\Warewolf.Studio.Core\Warewolf.Studio.Core.csproj]
C:\Program Files\dotnet\sdk\10.0.201\Microsoft.Common.CurrentVersion.targets(2451,5): warning MSB3277:           Project file item includes which caused reference "C:\Users\ultra\.nuget\packages\system.directoryservices\6.0.0\lib\net6.0\System.DirectoryServices.dll". [C:\Users\ultra\warewolf\Dev\Warewolf.Studio.Core\Warewolf.Studio.Core.csproj]
C:\Program Files\dotnet\sdk\10.0.201\Microsoft.Common.CurrentVersion.targets(2451,5): warning MSB3277:             C:\Users\ultra\.nuget\packages\system.directoryservices\6.0.0\lib\net6.0\System.DirectoryServices.dll [C:\Users\ultra\warewolf\Dev\Warewolf.Studio.Core\Warewolf.Studio.Core.csproj]
C:\Program Files\dotnet\sdk\10.0.201\Microsoft.Common.CurrentVersion.targets(2451,5): warning MSB3277:             C:\Users\ultra\.nuget\packages\corewcf.primitives\1.2.1\lib\netstandard2.0\CoreWCF.Primitives.dll [C:\Users\ultra\warewolf\Dev\Warewolf.Studio.Core\Warewolf.Studio.Core.csproj]
C:\Program Files\dotnet\sdk\10.0.201\Microsoft.Common.CurrentVersion.targets(2451,5): warning MSB3277:             C:\Users\ultra\warewolf\Dev\Dev2.Runtime.Services\bin\Debug\net8.0\Dev2.Runtime.Services.dll [C:\Users\ultra\warewolf\Dev\Warewolf.Studio.Core\Warewolf.Studio.Core.csproj]
C:\Program Files\dotnet\sdk\10.0.201\Microsoft.Common.CurrentVersion.targets(2451,5): warning MSB3277:             C:\Users\ultra\warewolf\Dev\Dev2.Studio.Interfaces\bin\Debug\net8.0\Dev2.Studio.Interfaces.dll [C:\Users\ultra\warewolf\Dev\Warewolf.Studio.Core\Warewolf.Studio.Core.csproj]
C:\Program Files\dotnet\sdk\10.0.201\Microsoft.Common.CurrentVersion.targets(2451,5): warning MSB3277:             C:\Users\ultra\.nuget\packages\corewcf.http\1.2.1\lib\netstandard2.0\CoreWCF.Http.dll [C:\Users\ultra\warewolf\Dev\Warewolf.Studio.Core\Warewolf.Studio.Core.csproj]
C:\Program Files\dotnet\sdk\10.0.201\Microsoft.Common.CurrentVersion.targets(2451,5): warning MSB3277:             C:\Users\ultra\.nuget\packages\corewcf.nettcp\1.2.1\lib\netstandard2.0\CoreWCF.NetTcp.dll [C:\Users\ultra\warewolf\Dev\Warewolf.Studio.Core\Warewolf.Studio.Core.csproj]
C:\Program Files\dotnet\sdk\10.0.201\Microsoft.Common.CurrentVersion.targets(2451,5): warning MSB3277:             C:\Users\ultra\.nuget\packages\corewcf.webhttp\1.2.1\lib\netstandard2.0\CoreWCF.WebHttp.dll [C:\Users\ultra\warewolf\Dev\Warewolf.Studio.Core\Warewolf.Studio.Core.csproj]
C:\Program Files\dotnet\sdk\10.0.201\Microsoft.Common.CurrentVersion.targets(2451,5): warning MSB3277:         C:\Program Files\dotnet\packs\Microsoft.NETCore.App.Ref\8.0.25\ref\net8.0\System.Configuration.dll [C:\Users\ultra\warewolf\Dev\Warewolf.Studio.Core\Warewolf.Studio.Core.csproj]
C:\Program Files\dotnet\sdk\10.0.201\Microsoft.Common.CurrentVersion.targets(2451,5): warning MSB3277:           Project file item includes which caused reference "C:\Program Files\dotnet\packs\Microsoft.NETCore.App.Ref\8.0.25\ref\net8.0\System.Configuration.dll". [C:\Users\ultra\warewolf\Dev\Warewolf.Studio.Core\Warewolf.Studio.Core.csproj]
C:\Program Files\dotnet\sdk\10.0.201\Microsoft.Common.CurrentVersion.targets(2451,5): warning MSB3277:             C:\Program Files\dotnet\packs\Microsoft.NETCore.App.Ref\8.0.25\ref/net8.0/System.Configuration.dll [C:\Users\ultra\warewolf\Dev\Warewolf.Studio.Core\Warewolf.Studio.Core.csproj]
C:\Program Files\dotnet\sdk\10.0.201\Microsoft.Common.CurrentVersion.targets(2451,5): warning MSB3277:             C:\Users\ultra\.nuget\packages\prism.wpf\9.0.537\lib\net462\Prism.Wpf.dll [C:\Users\ultra\warewolf\Dev\Warewolf.Studio.Core\Warewolf.Studio.Core.csproj]
C:\Program Files\dotnet\sdk\10.0.201\Microsoft.Common.CurrentVersion.targets(2451,5): warning MSB3277:         C:\Program Files\dotnet\packs\Microsoft.NETCore.App.Ref\8.0.25\ref\net8.0\System.Data.dll [C:\Users\ultra\warewolf\Dev\Warewolf.Studio.Core\Warewolf.Studio.Core.csproj]
C:\Program Files\dotnet\sdk\10.0.201\Microsoft.Common.CurrentVersion.targets(2451,5): warning MSB3277:           Project file item includes which caused reference "C:\Program Files\dotnet\packs\Microsoft.NETCore.App.Ref\8.0.25\ref\net8.0\System.Data.dll". [C:\Users\ultra\warewolf\Dev\Warewolf.Studio.Core\Warewolf.Studio.Core.csproj]
C:\Program Files\dotnet\sdk\10.0.201\Microsoft.Common.CurrentVersion.targets(2451,5): warning MSB3277:             C:\Program Files\dotnet\packs\Microsoft.NETCore.App.Ref\8.0.25\ref/net8.0/System.Data.dll [C:\Users\ultra\warewolf\Dev\Warewolf.Studio.Core\Warewolf.Studio.Core.csproj]
C:\Program Files\dotnet\sdk\10.0.201\Microsoft.Common.CurrentVersion.targets(2451,5): warning MSB3277:             C:\Users\ultra\.nuget\packages\taskschedulereditor\2.10.1\lib\net452\Microsoft.Win32.TaskSchedulerEditor.dll [C:\Users\ultra\warewolf\Dev\Warewolf.Studio.Core\Warewolf.Studio.Core.csproj]
C:\Program Files\dotnet\sdk\10.0.201\Microsoft.Common.CurrentVersion.targets(2451,5): warning MSB3277:         C:\Program Files\dotnet\packs\Microsoft.NETCore.App.Ref\8.0.25\ref\net8.0\System.Drawing.dll [C:\Users\ultra\warewolf\Dev\Warewolf.Studio.Core\Warewolf.Studio.Core.csproj]
C:\Program Files\dotnet\sdk\10.0.201\Microsoft.Common.CurrentVersion.targets(2451,5): warning MSB3277:           Project file item includes which caused reference "C:\Program Files\dotnet\packs\Microsoft.NETCore.App.Ref\8.0.25\ref\net8.0\System.Drawing.dll". [C:\Users\ultra\warewolf\Dev\Warewolf.Studio.Core\Warewolf.Studio.Core.csproj]
C:\Program Files\dotnet\sdk\10.0.201\Microsoft.Common.CurrentVersion.targets(2451,5): warning MSB3277:             C:\Program Files\dotnet\packs\Microsoft.NETCore.App.Ref\8.0.25\ref/net8.0/System.Drawing.dll [C:\Users\ultra\warewolf\Dev\Warewolf.Studio.Core\Warewolf.Studio.Core.csproj]
C:\Program Files\dotnet\sdk\10.0.201\Microsoft.Common.CurrentVersion.targets(2451,5): warning MSB3277:             C:\Users\ultra\.nuget\packages\aerowizard\2.3.1\lib\net45\AeroWizard.dll [C:\Users\ultra\warewolf\Dev\Warewolf.Studio.Core\Warewolf.Studio.Core.csproj]
C:\Program Files\dotnet\sdk\10.0.201\Microsoft.Common.CurrentVersion.targets(2451,5): warning MSB3277:             C:\Users\ultra\.nuget\packages\groupcontrols\1.9.0\lib\net45\GroupControls.dll [C:\Users\ultra\warewolf\Dev\Warewolf.Studio.Core\Warewolf.Studio.Core.csproj]
C:\Program Files\dotnet\sdk\10.0.201\Microsoft.Common.CurrentVersion.targets(2451,5): warning MSB3277:             C:\Users\ultra\.nuget\packages\taskschedulereditor\2.10.1\lib\net452\Microsoft.Win32.TaskSchedulerEditor.dll [C:\Users\ultra\warewolf\Dev\Warewolf.Studio.Core\Warewolf.Studio.Core.csproj]
C:\Program Files\dotnet\sdk\10.0.201\Microsoft.Common.CurrentVersion.targets(2451,5): warning MSB3277:         C:\Program Files\dotnet\packs\Microsoft.NETCore.App.Ref\8.0.25\ref\net8.0\System.Net.dll [C:\Users\ultra\warewolf\Dev\Warewolf.Studio.Core\Warewolf.Studio.Core.csproj]
C:\Program Files\dotnet\sdk\10.0.201\Microsoft.Common.CurrentVersion.targets(2451,5): warning MSB3277:           Project file item includes which caused reference "C:\Program Files\dotnet\packs\Microsoft.NETCore.App.Ref\8.0.25\ref\net8.0\System.Net.dll". [C:\Users\ultra\warewolf\Dev\Warewolf.Studio.Core\Warewolf.Studio.Core.csproj]
C:\Program Files\dotnet\sdk\10.0.201\Microsoft.Common.CurrentVersion.targets(2451,5): warning MSB3277:             C:\Program Files\dotnet\packs\Microsoft.NETCore.App.Ref\8.0.25\ref/net8.0/System.Net.dll [C:\Users\ultra\warewolf\Dev\Warewolf.Studio.Core\Warewolf.Studio.Core.csproj]
C:\Program Files\dotnet\sdk\10.0.201\Microsoft.Common.CurrentVersion.targets(2451,5): warning MSB3277:         C:\Program Files\dotnet\packs\Microsoft.NETCore.App.Ref\8.0.25\ref\net8.0\System.Security.dll [C:\Users\ultra\warewolf\Dev\Warewolf.Studio.Core\Warewolf.Studio.Core.csproj]
C:\Program Files\dotnet\sdk\10.0.201\Microsoft.Common.CurrentVersion.targets(2451,5): warning MSB3277:           Project file item includes which caused reference "C:\Program Files\dotnet\packs\Microsoft.NETCore.App.Ref\8.0.25\ref\net8.0\System.Security.dll". [C:\Users\ultra\warewolf\Dev\Warewolf.Studio.Core\Warewolf.Studio.Core.csproj]
C:\Program Files\dotnet\sdk\10.0.201\Microsoft.Common.CurrentVersion.targets(2451,5): warning MSB3277:             C:\Program Files\dotnet\packs\Microsoft.NETCore.App.Ref\8.0.25\ref/net8.0/System.Security.dll [C:\Users\ultra\warewolf\Dev\Warewolf.Studio.Core\Warewolf.Studio.Core.csproj]
C:\Program Files\dotnet\sdk\10.0.201\Microsoft.Common.CurrentVersion.targets(2451,5): warning MSB3277:         C:\Program Files\dotnet\packs\Microsoft.NETCore.App.Ref\8.0.25\ref\net8.0\System.ServiceProcess.dll [C:\Users\ultra\warewolf\Dev\Warewolf.Studio.Core\Warewolf.Studio.Core.csproj]
C:\Program Files\dotnet\sdk\10.0.201\Microsoft.Common.CurrentVersion.targets(2451,5): warning MSB3277:           Project file item includes which caused reference "C:\Program Files\dotnet\packs\Microsoft.NETCore.App.Ref\8.0.25\ref\net8.0\System.ServiceProcess.dll". [C:\Users\ultra\warewolf\Dev\Warewolf.Studio.Core\Warewolf.Studio.Core.csproj]
C:\Program Files\dotnet\sdk\10.0.201\Microsoft.Common.CurrentVersion.targets(2451,5): warning MSB3277:             C:\Program Files\dotnet\packs\Microsoft.NETCore.App.Ref\8.0.25\ref/net8.0/System.ServiceProcess.dll [C:\Users\ultra\warewolf\Dev\Warewolf.Studio.Core\Warewolf.Studio.Core.csproj]
C:\Program Files\dotnet\sdk\10.0.201\Microsoft.Common.CurrentVersion.targets(2451,5): warning MSB3277:         C:\Program Files\dotnet\packs\Microsoft.NETCore.App.Ref\8.0.25\ref\net8.0\System.Transactions.dll [C:\Users\ultra\warewolf\Dev\Warewolf.Studio.Core\Warewolf.Studio.Core.csproj]
C:\Program Files\dotnet\sdk\10.0.201\Microsoft.Common.CurrentVersion.targets(2451,5): warning MSB3277:           Project file item includes which caused reference "C:\Program Files\dotnet\packs\Microsoft.NETCore.App.Ref\8.0.25\ref\net8.0\System.Transactions.dll". [C:\Users\ultra\warewolf\Dev\Warewolf.Studio.Core\Warewolf.Studio.Core.csproj]
C:\Program Files\dotnet\sdk\10.0.201\Microsoft.Common.CurrentVersion.targets(2451,5): warning MSB3277:             C:\Program Files\dotnet\packs\Microsoft.NETCore.App.Ref\8.0.25\ref/net8.0/System.Transactions.dll [C:\Users\ultra\warewolf\Dev\Warewolf.Studio.Core\Warewolf.Studio.Core.csproj]
C:\Program Files\dotnet\sdk\10.0.201\Microsoft.Common.CurrentVersion.targets(2451,5): warning MSB3277:         C:\Program Files\dotnet\packs\Microsoft.NETCore.App.Ref\8.0.25\ref\net8.0\System.dll [C:\Users\ultra\warewolf\Dev\Warewolf.Studio.Core\Warewolf.Studio.Core.csproj]
C:\Program Files\dotnet\sdk\10.0.201\Microsoft.Common.CurrentVersion.targets(2451,5): warning MSB3277:           Project file item includes which caused reference "C:\Program Files\dotnet\packs\Microsoft.NETCore.App.Ref\8.0.25\ref\net8.0\System.dll". [C:\Users\ultra\warewolf\Dev\Warewolf.Studio.Core\Warewolf.Studio.Core.csproj]
C:\Program Files\dotnet\sdk\10.0.201\Microsoft.Common.CurrentVersion.targets(2451,5): warning MSB3277:             C:\Program Files\dotnet\packs\Microsoft.NETCore.App.Ref\8.0.25\ref/net8.0/System.dll [C:\Users\ultra\warewolf\Dev\Warewolf.Studio.Core\Warewolf.Studio.Core.csproj]
C:\Program Files\dotnet\sdk\10.0.201\Microsoft.Common.CurrentVersion.targets(2451,5): warning MSB3277:             C:\Users\ultra\.nuget\packages\aerowizard\2.3.1\lib\net45\AeroWizard.dll [C:\Users\ultra\warewolf\Dev\Warewolf.Studio.Core\Warewolf.Studio.Core.csproj]
C:\Program Files\dotnet\sdk\10.0.201\Microsoft.Common.CurrentVersion.targets(2451,5): warning MSB3277:             C:\Users\ultra\.nuget\packages\groupcontrols\1.9.0\lib\net45\GroupControls.dll [C:\Users\ultra\warewolf\Dev\Warewolf.Studio.Core\Warewolf.Studio.Core.csproj]
C:\Program Files\dotnet\sdk\10.0.201\Microsoft.Common.CurrentVersion.targets(2451,5): warning MSB3277:             C:\Users\ultra\.nuget\packages\microsoft.xaml.behaviors.wpf\1.1.122\lib\net462\Microsoft.Xaml.Behaviors.dll [C:\Users\ultra\warewolf\Dev\Warewolf.Studio.Core\Warewolf.Studio.Core.csproj]
C:\Program Files\dotnet\sdk\10.0.201\Microsoft.Common.CurrentVersion.targets(2451,5): warning MSB3277:             C:\Users\ultra\.nuget\packages\caliburn.micro\4.0.212\lib\netcoreapp3.1\Caliburn.Micro.Platform.dll [C:\Users\ultra\warewolf\Dev\Warewolf.Studio.Core\Warewolf.Studio.Core.csproj]
C:\Program Files\dotnet\sdk\10.0.201\Microsoft.Common.CurrentVersion.targets(2451,5): warning MSB3277:             C:\Users\ultra\.nuget\packages\prism.wpf\9.0.537\lib\net462\Prism.Wpf.dll [C:\Users\ultra\warewolf\Dev\Warewolf.Studio.Core\Warewolf.Studio.Core.csproj]
C:\Program Files\dotnet\sdk\10.0.201\Microsoft.Common.CurrentVersion.targets(2451,5): warning MSB3277:             C:\Users\ultra\.nuget\packages\reactiveui.wpf\18.4.1\lib\net462\ReactiveUI.Wpf.dll [C:\Users\ultra\warewolf\Dev\Warewolf.Studio.Core\Warewolf.Studio.Core.csproj]
C:\Program Files\dotnet\sdk\10.0.201\Microsoft.Common.CurrentVersion.targets(2451,5): warning MSB3277:             C:\Users\ultra\.nuget\packages\taskschedulereditor\2.10.1\lib\net452\Microsoft.Win32.TaskSchedulerEditor.dll [C:\Users\ultra\warewolf\Dev\Warewolf.Studio.Core\Warewolf.Studio.Core.csproj]
C:\Program Files\dotnet\sdk\10.0.201\Microsoft.Common.CurrentVersion.targets(2451,5): warning MSB3277:             C:\Users\ultra\.nuget\packages\ttcue.netcore.sharepointonline.csom.16.1.8029.1200\16.1.8029.1200\lib\netcoreapp2.0\Microsoft.SharePoint.Client.Runtime.Windows.dll [C:\Users\ultra\warewolf\Dev\Warewolf.Studio.Core\Warewolf.Studio.Core.csproj]
C:\Program Files\dotnet\sdk\10.0.201\Microsoft.Common.CurrentVersion.targets(2451,5): warning MSB3277:         C:\Program Files\dotnet\packs\Microsoft.NETCore.App.Ref\8.0.25\ref\net8.0\WindowsBase.dll [C:\Users\ultra\warewolf\Dev\Warewolf.Studio.Core\Warewolf.Studio.Core.csproj]
C:\Program Files\dotnet\sdk\10.0.201\Microsoft.Common.CurrentVersion.targets(2451,5): warning MSB3277:           Project file item includes which caused reference "C:\Program Files\dotnet\packs\Microsoft.NETCore.App.Ref\8.0.25\ref\net8.0\WindowsBase.dll". [C:\Users\ultra\warewolf\Dev\Warewolf.Studio.Core\Warewolf.Studio.Core.csproj]
C:\Program Files\dotnet\sdk\10.0.201\Microsoft.Common.CurrentVersion.targets(2451,5): warning MSB3277:             C:\Program Files\dotnet\packs\Microsoft.NETCore.App.Ref\8.0.25\ref/net8.0/WindowsBase.dll [C:\Users\ultra\warewolf\Dev\Warewolf.Studio.Core\Warewolf.Studio.Core.csproj]
C:\Program Files\dotnet\sdk\10.0.201\Microsoft.Common.CurrentVersion.targets(2451,5): warning MSB3277:         C:\Program Files\dotnet\packs\Microsoft.NETCore.App.Ref\8.0.25\ref\net8.0\mscorlib.dll [C:\Users\ultra\warewolf\Dev\Warewolf.Studio.Core\Warewolf.Studio.Core.csproj]
C:\Program Files\dotnet\sdk\10.0.201\Microsoft.Common.CurrentVersion.targets(2451,5): warning MSB3277:           Project file item includes which caused reference "C:\Program Files\dotnet\packs\Microsoft.NETCore.App.Ref\8.0.25\ref\net8.0\mscorlib.dll". [C:\Users\ultra\warewolf\Dev\Warewolf.Studio.Core\Warewolf.Studio.Core.csproj]
C:\Program Files\dotnet\sdk\10.0.201\Microsoft.Common.CurrentVersion.targets(2451,5): warning MSB3277:             C:\Program Files\dotnet\packs\Microsoft.NETCore.App.Ref\8.0.25\ref/net8.0/mscorlib.dll [C:\Users\ultra\warewolf\Dev\Warewolf.Studio.Core\Warewolf.Studio.Core.csproj]
C:\Program Files\dotnet\sdk\10.0.201\Microsoft.Common.CurrentVersion.targets(2451,5): warning MSB3277:             C:\Users\ultra\.nuget\packages\aerowizard\2.3.1\lib\net45\AeroWizard.dll [C:\Users\ultra\warewolf\Dev\Warewolf.Studio.Core\Warewolf.Studio.Core.csproj]
C:\Program Files\dotnet\sdk\10.0.201\Microsoft.Common.CurrentVersion.targets(2451,5): warning MSB3277:             C:\Users\ultra\.nuget\packages\groupcontrols\1.9.0\lib\net45\GroupControls.dll [C:\Users\ultra\warewolf\Dev\Warewolf.Studio.Core\Warewolf.Studio.Core.csproj]
C:\Program Files\dotnet\sdk\10.0.201\Microsoft.Common.CurrentVersion.targets(2451,5): warning MSB3277:             C:\Users\ultra\.nuget\packages\microsoft.xaml.behaviors.wpf\1.1.122\lib\net462\Microsoft.Xaml.Behaviors.dll [C:\Users\ultra\warewolf\Dev\Warewolf.Studio.Core\Warewolf.Studio.Core.csproj]
C:\Program Files\dotnet\sdk\10.0.201\Microsoft.Common.CurrentVersion.targets(2451,5): warning MSB3277:             C:\Users\ultra\.nuget\packages\caliburn.micro\4.0.212\lib\netcoreapp3.1\Caliburn.Micro.Platform.dll [C:\Users\ultra\warewolf\Dev\Warewolf.Studio.Core\Warewolf.Studio.Core.csproj]
C:\Program Files\dotnet\sdk\10.0.201\Microsoft.Common.CurrentVersion.targets(2451,5): warning MSB3277:             C:\Users\ultra\.nuget\packages\oracle.manageddataaccess.core\3.21.70\lib\netstandard2.1\Oracle.ManagedDataAccess.dll [C:\Users\ultra\warewolf\Dev\Warewolf.Studio.Core\Warewolf.Studio.Core.csproj]
C:\Program Files\dotnet\sdk\10.0.201\Microsoft.Common.CurrentVersion.targets(2451,5): warning MSB3277:             C:\Users\ultra\warewolf\Dev\Dev2.Runtime.Services\bin\Debug\net8.0\Dev2.Runtime.Services.dll [C:\Users\ultra\warewolf\Dev\Warewolf.Studio.Core\Warewolf.Studio.Core.csproj]
C:\Program Files\dotnet\sdk\10.0.201\Microsoft.Common.CurrentVersion.targets(2451,5): warning MSB3277:             C:\Users\ultra\warewolf\Dev\Dev2.Studio.Interfaces\bin\Debug\net8.0\Dev2.Studio.Interfaces.dll [C:\Users\ultra\warewolf\Dev\Warewolf.Studio.Core\Warewolf.Studio.Core.csproj]
C:\Program Files\dotnet\sdk\10.0.201\Microsoft.Common.CurrentVersion.targets(2451,5): warning MSB3277:             C:\Users\ultra\warewolf\Dev\Dev2.Services.Sql\bin\Debug\net8.0\Dev2.Services.Sql.dll [C:\Users\ultra\warewolf\Dev\Warewolf.Studio.Core\Warewolf.Studio.Core.csproj]
C:\Program Files\dotnet\sdk\10.0.201\Microsoft.Common.CurrentVersion.targets(2451,5): warning MSB3277:             C:\Users\ultra\.nuget\packages\prism.wpf\9.0.537\lib\net462\Prism.Wpf.dll [C:\Users\ultra\warewolf\Dev\Warewolf.Studio.Core\Warewolf.Studio.Core.csproj]
C:\Program Files\dotnet\sdk\10.0.201\Microsoft.Common.CurrentVersion.targets(2451,5): warning MSB3277:             C:\Users\ultra\.nuget\packages\reactiveui.wpf\18.4.1\lib\net462\ReactiveUI.Wpf.dll [C:\Users\ultra\warewolf\Dev\Warewolf.Studio.Core\Warewolf.Studio.Core.csproj]
C:\Program Files\dotnet\sdk\10.0.201\Microsoft.Common.CurrentVersion.targets(2451,5): warning MSB3277:             C:\Users\ultra\.nuget\packages\taskschedulereditor\2.10.1\lib\net452\Microsoft.Win32.TaskSchedulerEditor.dll [C:\Users\ultra\warewolf\Dev\Warewolf.Studio.Core\Warewolf.Studio.Core.csproj]
C:\Program Files\dotnet\sdk\10.0.201\Microsoft.Common.CurrentVersion.targets(2451,5): warning MSB3277:             C:\Users\ultra\.nuget\packages\ttcue.netcore.sharepointonline.csom.16.1.8029.1200\16.1.8029.1200\lib\netcoreapp2.0\Microsoft.SharePoint.Client.Runtime.Windows.dll [C:\Users\ultra\warewolf\Dev\Warewolf.Studio.Core\Warewolf.Studio.Core.csproj]
C:\Program Files\dotnet\sdk\10.0.201\Microsoft.Common.CurrentVersion.targets(2451,5): warning MSB3277: Found conflicts between different versions of "WindowsBase" that could not be resolved. [C:\Users\ultra\warewolf\Dev\Warewolf.Studio.Core\Warewolf.Studio.Core.csproj]
C:\Program Files\dotnet\sdk\10.0.201\Microsoft.Common.CurrentVersion.targets(2451,5): warning MSB3277: There was a conflict between "WindowsBase, Version=4.0.0.0, Culture=neutral, PublicKeyToken=31bf3856ad364e35" and "WindowsBase, Version=6.0.2.0, Culture=neutral, PublicKeyToken=31bf3856ad364e35". [C:\Users\ultra\warewolf\Dev\Warewolf.Studio.Core\Warewolf.Studio.Core.csproj]
C:\Program Files\dotnet\sdk\10.0.201\Microsoft.Common.CurrentVersion.targets(2451,5): warning MSB3277:     "WindowsBase, Version=4.0.0.0, Culture=neutral, PublicKeyToken=31bf3856ad364e35" was chosen because it was primary and "WindowsBase, Version=6.0.2.0, Culture=neutral, PublicKeyToken=31bf3856ad364e35" was not. [C:\Users\ultra\warewolf\Dev\Warewolf.Studio.Core\Warewolf.Studio.Core.csproj]
C:\Program Files\dotnet\sdk\10.0.201\Microsoft.Common.CurrentVersion.targets(2451,5): warning MSB3277:     References which depend on "WindowsBase, Version=4.0.0.0, Culture=neutral, PublicKeyToken=31bf3856ad364e35" [C:\Program Files\dotnet\packs\Microsoft.NETCore.App.Ref\8.0.25\ref\net8.0\WindowsBase.dll]. [C:\Users\ultra\warewolf\Dev\Warewolf.Studio.Core\Warewolf.Studio.Core.csproj]
C:\Program Files\dotnet\sdk\10.0.201\Microsoft.Common.CurrentVersion.targets(2451,5): warning MSB3277:         C:\Program Files\dotnet\packs\Microsoft.NETCore.App.Ref\8.0.25\ref\net8.0\WindowsBase.dll [C:\Users\ultra\warewolf\Dev\Warewolf.Studio.Core\Warewolf.Studio.Core.csproj]
C:\Program Files\dotnet\sdk\10.0.201\Microsoft.Common.CurrentVersion.targets(2451,5): warning MSB3277:           Project file item includes which caused reference "C:\Program Files\dotnet\packs\Microsoft.NETCore.App.Ref\8.0.25\ref\net8.0\WindowsBase.dll". [C:\Users\ultra\warewolf\Dev\Warewolf.Studio.Core\Warewolf.Studio.Core.csproj]
C:\Program Files\dotnet\sdk\10.0.201\Microsoft.Common.CurrentVersion.targets(2451,5): warning MSB3277:             C:\Program Files\dotnet\packs\Microsoft.NETCore.App.Ref\8.0.25\ref/net8.0/WindowsBase.dll [C:\Users\ultra\warewolf\Dev\Warewolf.Studio.Core\Warewolf.Studio.Core.csproj]
C:\Program Files\dotnet\sdk\10.0.201\Microsoft.Common.CurrentVersion.targets(2451,5): warning MSB3277:     References which depend on or have been unified to "WindowsBase, Version=6.0.2.0, Culture=neutral, PublicKeyToken=31bf3856ad364e35" []. [C:\Users\ultra\warewolf\Dev\Warewolf.Studio.Core\Warewolf.Studio.Core.csproj]
C:\Program Files\dotnet\sdk\10.0.201\Microsoft.Common.CurrentVersion.targets(2451,5): warning MSB3277:         C:\Users\ultra\warewolf\Dev\Binaries\Infragistcs_Net6\InfragisticsWPF4.Controls.Menus.XamDataTree.v15.1.dll [C:\Users\ultra\warewolf\Dev\Warewolf.Studio.Core\Warewolf.Studio.Core.csproj]
C:\Program Files\dotnet\sdk\10.0.201\Microsoft.Common.CurrentVersion.targets(2451,5): warning MSB3277:           Project file item includes which caused reference "C:\Users\ultra\warewolf\Dev\Binaries\Infragistcs_Net6\InfragisticsWPF4.Controls.Menus.XamDataTree.v15.1.dll". [C:\Users\ultra\warewolf\Dev\Warewolf.Studio.Core\Warewolf.Studio.Core.csproj]
C:\Program Files\dotnet\sdk\10.0.201\Microsoft.Common.CurrentVersion.targets(2451,5): warning MSB3277:             InfragisticsWPF4.Controls.Menus.XamDataTree.v15.1, Version=15.1.20151.2055, Culture=neutral, PublicKeyToken=7dd5c3163f2cd0cb, processorArchitecture=MSIL [C:\Users\ultra\warewolf\Dev\Warewolf.Studio.Core\Warewolf.Studio.Core.csproj]
C:\Program Files\dotnet\sdk\10.0.201\Microsoft.Common.CurrentVersion.targets(2451,5): warning MSB3277:         C:\Users\ultra\warewolf\Dev\Binaries\Infragistcs_Net6\InfragisticsWPF4.DataManager.v15.1.dll [C:\Users\ultra\warewolf\Dev\Warewolf.Studio.Core\Warewolf.Studio.Core.csproj]
C:\Program Files\dotnet\sdk\10.0.201\Microsoft.Common.CurrentVersion.targets(2451,5): warning MSB3277:           Project file item includes which caused reference "C:\Users\ultra\warewolf\Dev\Binaries\Infragistcs_Net6\InfragisticsWPF4.DataManager.v15.1.dll". [C:\Users\ultra\warewolf\Dev\Warewolf.Studio.Core\Warewolf.Studio.Core.csproj]
C:\Program Files\dotnet\sdk\10.0.201\Microsoft.Common.CurrentVersion.targets(2451,5): warning MSB3277:             InfragisticsWPF4.DataManager.v15.1, Version=15.1.20151.2055, Culture=neutral, PublicKeyToken=7dd5c3163f2cd0cb, processorArchitecture=MSIL [C:\Users\ultra\warewolf\Dev\Warewolf.Studio.Core\Warewolf.Studio.Core.csproj]
C:\Program Files\dotnet\sdk\10.0.201\Microsoft.Common.CurrentVersion.targets(2451,5): warning MSB3277:             InfragisticsWPF4.Controls.Menus.XamDataTree.v15.1, Version=15.1.20151.2055, Culture=neutral, PublicKeyToken=7dd5c3163f2cd0cb, processorArchitecture=MSIL [C:\Users\ultra\warewolf\Dev\Warewolf.Studio.Core\Warewolf.Studio.Core.csproj]
C:\Program Files\dotnet\sdk\10.0.201\Microsoft.Common.CurrentVersion.targets(2451,5): warning MSB3277:         C:\Users\ultra\warewolf\Dev\Binaries\Infragistcs_Net6\InfragisticsWPF4.DockManager.v15.1.dll [C:\Users\ultra\warewolf\Dev\Warewolf.Studio.Core\Warewolf.Studio.Core.csproj]
C:\Program Files\dotnet\sdk\10.0.201\Microsoft.Common.CurrentVersion.targets(2451,5): warning MSB3277:           Project file item includes which caused reference "C:\Users\ultra\warewolf\Dev\Binaries\Infragistcs_Net6\InfragisticsWPF4.DockManager.v15.1.dll". [C:\Users\ultra\warewolf\Dev\Warewolf.Studio.Core\Warewolf.Studio.Core.csproj]
C:\Program Files\dotnet\sdk\10.0.201\Microsoft.Common.CurrentVersion.targets(2451,5): warning MSB3277:             InfragisticsWPF4.DockManager.v15.1, Version=15.1.20151.2055, Culture=neutral, PublicKeyToken=7dd5c3163f2cd0cb, processorArchitecture=MSIL [C:\Users\ultra\warewolf\Dev\Warewolf.Studio.Core\Warewolf.Studio.Core.csproj]
C:\Program Files\dotnet\sdk\10.0.201\Microsoft.Common.CurrentVersion.targets(2451,5): warning MSB3277:         C:\Users\ultra\warewolf\Dev\Binaries\Infragistcs_Net6\InfragisticsWPF4.v15.1.dll [C:\Users\ultra\warewolf\Dev\Warewolf.Studio.Core\Warewolf.Studio.Core.csproj]
C:\Program Files\dotnet\sdk\10.0.201\Microsoft.Common.CurrentVersion.targets(2451,5): warning MSB3277:           Project file item includes which caused reference "C:\Users\ultra\warewolf\Dev\Binaries\Infragistcs_Net6\InfragisticsWPF4.v15.1.dll". [C:\Users\ultra\warewolf\Dev\Warewolf.Studio.Core\Warewolf.Studio.Core.csproj]
C:\Program Files\dotnet\sdk\10.0.201\Microsoft.Common.CurrentVersion.targets(2451,5): warning MSB3277:             InfragisticsWPF4.v15.1, Version=15.1.20151.2055, Culture=neutral, PublicKeyToken=7dd5c3163f2cd0cb, processorArchitecture=MSIL [C:\Users\ultra\warewolf\Dev\Warewolf.Studio.Core\Warewolf.Studio.Core.csproj]
C:\Program Files\dotnet\sdk\10.0.201\Microsoft.Common.CurrentVersion.targets(2451,5): warning MSB3277:             InfragisticsWPF4.Controls.Menus.XamDataTree.v15.1, Version=15.1.20151.2055, Culture=neutral, PublicKeyToken=7dd5c3163f2cd0cb, processorArchitecture=MSIL [C:\Users\ultra\warewolf\Dev\Warewolf.Studio.Core\Warewolf.Studio.Core.csproj]
C:\Program Files\dotnet\sdk\10.0.201\Microsoft.Common.CurrentVersion.targets(2451,5): warning MSB3277:             InfragisticsWPF4.DataManager.v15.1, Version=15.1.20151.2055, Culture=neutral, PublicKeyToken=7dd5c3163f2cd0cb, processorArchitecture=MSIL [C:\Users\ultra\warewolf\Dev\Warewolf.Studio.Core\Warewolf.Studio.Core.csproj]
C:\Program Files\dotnet\sdk\10.0.201\Microsoft.Common.CurrentVersion.targets(2451,5): warning MSB3277:             InfragisticsWPF4.DockManager.v15.1, Version=15.1.20151.2055, Culture=neutral, PublicKeyToken=7dd5c3163f2cd0cb, processorArchitecture=MSIL [C:\Users\ultra\warewolf\Dev\Warewolf.Studio.Core\Warewolf.Studio.Core.csproj]
C:\Program Files\dotnet\sdk\10.0.201\Microsoft.Common.CurrentVersion.targets(2451,5): warning MSB3277:         C:\Users\ultra\.nuget\packages\caliburn.micro\4.0.212\lib\netcoreapp3.1\Caliburn.Micro.Platform.dll [C:\Users\ultra\warewolf\Dev\Warewolf.Studio.Core\Warewolf.Studio.Core.csproj]
C:\Program Files\dotnet\sdk\10.0.201\Microsoft.Common.CurrentVersion.targets(2451,5): warning MSB3277:           Project file item includes which caused reference "C:\Users\ultra\.nuget\packages\caliburn.micro\4.0.212\lib\netcoreapp3.1\Caliburn.Micro.Platform.dll". [C:\Users\ultra\warewolf\Dev\Warewolf.Studio.Core\Warewolf.Studio.Core.csproj]
C:\Program Files\dotnet\sdk\10.0.201\Microsoft.Common.CurrentVersion.targets(2451,5): warning MSB3277:             C:\Users\ultra\.nuget\packages\caliburn.micro\4.0.212\lib\netcoreapp3.1\Caliburn.Micro.Platform.dll [C:\Users\ultra\warewolf\Dev\Warewolf.Studio.Core\Warewolf.Studio.Core.csproj]
C:\Program Files\dotnet\sdk\10.0.201\Microsoft.Common.CurrentVersion.targets(2451,5): warning MSB3277:         C:\Users\ultra\.nuget\packages\microsoft.xaml.behaviors.wpf\1.1.122\lib\net462\Microsoft.Xaml.Behaviors.dll [C:\Users\ultra\warewolf\Dev\Warewolf.Studio.Core\Warewolf.Studio.Core.csproj]
C:\Program Files\dotnet\sdk\10.0.201\Microsoft.Common.CurrentVersion.targets(2451,5): warning MSB3277:           Project file item includes which caused reference "C:\Users\ultra\.nuget\packages\microsoft.xaml.behaviors.wpf\1.1.122\lib\net462\Microsoft.Xaml.Behaviors.dll". [C:\Users\ultra\warewolf\Dev\Warewolf.Studio.Core\Warewolf.Studio.Core.csproj]
C:\Program Files\dotnet\sdk\10.0.201\Microsoft.Common.CurrentVersion.targets(2451,5): warning MSB3277:             C:\Users\ultra\.nuget\packages\microsoft.xaml.behaviors.wpf\1.1.122\lib\net462\Microsoft.Xaml.Behaviors.dll [C:\Users\ultra\warewolf\Dev\Warewolf.Studio.Core\Warewolf.Studio.Core.csproj]
C:\Program Files\dotnet\sdk\10.0.201\Microsoft.Common.CurrentVersion.targets(2451,5): warning MSB3277:             C:\Users\ultra\.nuget\packages\caliburn.micro\4.0.212\lib\netcoreapp3.1\Caliburn.Micro.Platform.dll [C:\Users\ultra\warewolf\Dev\Warewolf.Studio.Core\Warewolf.Studio.Core.csproj]
C:\Program Files\dotnet\sdk\10.0.201\Microsoft.Common.CurrentVersion.targets(2451,5): warning MSB3277:             C:\Users\ultra\.nuget\packages\prism.wpf\9.0.537\lib\net462\Prism.Wpf.dll [C:\Users\ultra\warewolf\Dev\Warewolf.Studio.Core\Warewolf.Studio.Core.csproj]
C:\Program Files\dotnet\sdk\10.0.201\Microsoft.Common.CurrentVersion.targets(2451,5): warning MSB3277:         C:\Users\ultra\.nuget\packages\prism.wpf\9.0.537\lib\net462\Prism.Wpf.dll [C:\Users\ultra\warewolf\Dev\Warewolf.Studio.Core\Warewolf.Studio.Core.csproj]
C:\Program Files\dotnet\sdk\10.0.201\Microsoft.Common.CurrentVersion.targets(2451,5): warning MSB3277:           Project file item includes which caused reference "C:\Users\ultra\.nuget\packages\prism.wpf\9.0.537\lib\net462\Prism.Wpf.dll". [C:\Users\ultra\warewolf\Dev\Warewolf.Studio.Core\Warewolf.Studio.Core.csproj]
C:\Program Files\dotnet\sdk\10.0.201\Microsoft.Common.CurrentVersion.targets(2451,5): warning MSB3277:             C:\Users\ultra\.nuget\packages\prism.wpf\9.0.537\lib\net462\Prism.Wpf.dll [C:\Users\ultra\warewolf\Dev\Warewolf.Studio.Core\Warewolf.Studio.Core.csproj]
C:\Program Files\dotnet\sdk\10.0.201\Microsoft.Common.CurrentVersion.targets(2451,5): warning MSB3277:         C:\Users\ultra\.nuget\packages\reactiveui.wpf\18.4.1\lib\net462\ReactiveUI.Wpf.dll [C:\Users\ultra\warewolf\Dev\Warewolf.Studio.Core\Warewolf.Studio.Core.csproj]
C:\Program Files\dotnet\sdk\10.0.201\Microsoft.Common.CurrentVersion.targets(2451,5): warning MSB3277:           Project file item includes which caused reference "C:\Users\ultra\.nuget\packages\reactiveui.wpf\18.4.1\lib\net462\ReactiveUI.Wpf.dll". [C:\Users\ultra\warewolf\Dev\Warewolf.Studio.Core\Warewolf.Studio.Core.csproj]
C:\Program Files\dotnet\sdk\10.0.201\Microsoft.Common.CurrentVersion.targets(2451,5): warning MSB3277:             C:\Users\ultra\.nuget\packages\reactiveui.wpf\18.4.1\lib\net462\ReactiveUI.Wpf.dll [C:\Users\ultra\warewolf\Dev\Warewolf.Studio.Core\Warewolf.Studio.Core.csproj]
C:\Program Files\dotnet\sdk\10.0.201\Microsoft.Common.CurrentVersion.targets(2451,5): warning MSB3277:         C:\Users\ultra\warewolf\Dev\Binaries\Infragistcs_Net6\InfragisticsWPF4.DragDrop.v15.1.dll [C:\Users\ultra\warewolf\Dev\Warewolf.Studio.Core\Warewolf.Studio.Core.csproj]
C:\Program Files\dotnet\sdk\10.0.201\Microsoft.Common.CurrentVersion.targets(2451,5): warning MSB3277:           Project file item includes which caused reference "C:\Users\ultra\warewolf\Dev\Binaries\Infragistcs_Net6\InfragisticsWPF4.DragDrop.v15.1.dll". [C:\Users\ultra\warewolf\Dev\Warewolf.Studio.Core\Warewolf.Studio.Core.csproj]
C:\Program Files\dotnet\sdk\10.0.201\Microsoft.Common.CurrentVersion.targets(2451,5): warning MSB3277:             InfragisticsWPF4.Controls.Menus.XamDataTree.v15.1, Version=15.1.20151.2055, Culture=neutral, PublicKeyToken=7dd5c3163f2cd0cb, processorArchitecture=MSIL [C:\Users\ultra\warewolf\Dev\Warewolf.Studio.Core\Warewolf.Studio.Core.csproj]
  Warewolf.Testing -> C:\Users\ultra\warewolf\Dev\Warewolf.Testing\bin\Debug\net8.0\Warewolf.Testing.dll
  Warewolf.Studio.Models -> C:\Users\ultra\warewolf\Dev\Warewolf.Studio.Models\bin\Debug\net8.0\Warewolf.Studio.Models.dll
C:\Users\ultra\warewolf\Dev\Warewolf.Driver.Persistence\Drivers\HangfireScheduler.cs(376,17): warning CA2200: Re-throwing caught exception changes stack information (https://learn.microsoft.com/dotnet/fundamentals/code-analysis/quality-rules/ca2200) [C:\Users\ultra\warewolf\Dev\Warewolf.Driver.Persistence\Warewolf.Driver.Persistence.csproj]
C:\Users\ultra\warewolf\Dev\Warewolf.Driver.Persistence\Drivers\HangfireScheduler.cs(397,17): warning CA2200: Re-throwing caught exception changes stack information (https://learn.microsoft.com/dotnet/fundamentals/code-analysis/quality-rules/ca2200) [C:\Users\ultra\warewolf\Dev\Warewolf.Driver.Persistence\Warewolf.Driver.Persistence.csproj]
C:\Users\ultra\warewolf\Dev\Warewolf.Driver.Persistence\Drivers\HangfireScheduler.cs(320,17): warning CA2200: Re-throwing caught exception changes stack information (https://learn.microsoft.com/dotnet/fundamentals/code-analysis/quality-rules/ca2200) [C:\Users\ultra\warewolf\Dev\Warewolf.Driver.Persistence\Warewolf.Driver.Persistence.csproj]
  Warewolf.Driver.Persistence -> C:\Users\ultra\warewolf\Dev\Warewolf.Driver.Persistence\bin\Debug\net8.0\Warewolf.Driver.Persistence.dll
C:\Program Files\dotnet\sdk\10.0.201\Microsoft.Common.CurrentVersion.targets(2451,5): warning MSB3277: Found conflicts between different versions of "Microsoft.Win32.SystemEvents" that could not be resolved. [C:\Users\ultra\warewolf\Dev\Warewolf.Core.Tests\Warewolf.Core.Tests.csproj]
C:\Program Files\dotnet\sdk\10.0.201\Microsoft.Common.CurrentVersion.targets(2451,5): warning MSB3277: There was a conflict between "Microsoft.Win32.SystemEvents, Version=6.0.0.0, Culture=neutral, PublicKeyToken=cc7b13ffcd2ddd51" and "Microsoft.Win32.SystemEvents, Version=7.0.0.0, Culture=neutral, PublicKeyToken=cc7b13ffcd2ddd51". [C:\Users\ultra\warewolf\Dev\Warewolf.Core.Tests\Warewolf.Core.Tests.csproj]
C:\Program Files\dotnet\sdk\10.0.201\Microsoft.Common.CurrentVersion.targets(2451,5): warning MSB3277:     "Microsoft.Win32.SystemEvents, Version=6.0.0.0, Culture=neutral, PublicKeyToken=cc7b13ffcd2ddd51" was chosen because it was primary and "Microsoft.Win32.SystemEvents, Version=7.0.0.0, Culture=neutral, PublicKeyToken=cc7b13ffcd2ddd51" was not. [C:\Users\ultra\warewolf\Dev\Warewolf.Core.Tests\Warewolf.Core.Tests.csproj]
C:\Program Files\dotnet\sdk\10.0.201\Microsoft.Common.CurrentVersion.targets(2451,5): warning MSB3277:     References which depend on "Microsoft.Win32.SystemEvents, Version=6.0.0.0, Culture=neutral, PublicKeyToken=cc7b13ffcd2ddd51" [C:\Users\ultra\.nuget\packages\microsoft.win32.systemevents\6.0.0\lib\net6.0\Microsoft.Win32.SystemEvents.dll]. [C:\Users\ultra\warewolf\Dev\Warewolf.Core.Tests\Warewolf.Core.Tests.csproj]
C:\Program Files\dotnet\sdk\10.0.201\Microsoft.Common.CurrentVersion.targets(2451,5): warning MSB3277:         C:\Users\ultra\.nuget\packages\microsoft.win32.systemevents\6.0.0\lib\net6.0\Microsoft.Win32.SystemEvents.dll [C:\Users\ultra\warewolf\Dev\Warewolf.Core.Tests\Warewolf.Core.Tests.csproj]
C:\Program Files\dotnet\sdk\10.0.201\Microsoft.Common.CurrentVersion.targets(2451,5): warning MSB3277:           Project file item includes which caused reference "C:\Users\ultra\.nuget\packages\microsoft.win32.systemevents\6.0.0\lib\net6.0\Microsoft.Win32.SystemEvents.dll". [C:\Users\ultra\warewolf\Dev\Warewolf.Core.Tests\Warewolf.Core.Tests.csproj]
C:\Program Files\dotnet\sdk\10.0.201\Microsoft.Common.CurrentVersion.targets(2451,5): warning MSB3277:             C:\Users\ultra\.nuget\packages\microsoft.win32.systemevents\6.0.0\lib\net6.0\Microsoft.Win32.SystemEvents.dll [C:\Users\ultra\warewolf\Dev\Warewolf.Core.Tests\Warewolf.Core.Tests.csproj]
C:\Program Files\dotnet\sdk\10.0.201\Microsoft.Common.CurrentVersion.targets(2451,5): warning MSB3277:     References which depend on or have been unified to "Microsoft.Win32.SystemEvents, Version=7.0.0.0, Culture=neutral, PublicKeyToken=cc7b13ffcd2ddd51" []. [C:\Users\ultra\warewolf\Dev\Warewolf.Core.Tests\Warewolf.Core.Tests.csproj]
C:\Program Files\dotnet\sdk\10.0.201\Microsoft.Common.CurrentVersion.targets(2451,5): warning MSB3277:         C:\Users\ultra\warewolf\Dev\Dev2.Common\bin\Debug\net8.0\Dev2.Common.dll [C:\Users\ultra\warewolf\Dev\Warewolf.Core.Tests\Warewolf.Core.Tests.csproj]
C:\Program Files\dotnet\sdk\10.0.201\Microsoft.Common.CurrentVersion.targets(2451,5): warning MSB3277:           Project file item includes which caused reference "C:\Users\ultra\warewolf\Dev\Dev2.Common\bin\Debug\net8.0\Dev2.Common.dll". [C:\Users\ultra\warewolf\Dev\Warewolf.Core.Tests\Warewolf.Core.Tests.csproj]
C:\Program Files\dotnet\sdk\10.0.201\Microsoft.Common.CurrentVersion.targets(2451,5): warning MSB3277:             C:\Users\ultra\warewolf\Dev\Dev2.Common\bin\Debug\net8.0\Dev2.Common.dll [C:\Users\ultra\warewolf\Dev\Warewolf.Core.Tests\Warewolf.Core.Tests.csproj]
C:\Program Files\dotnet\sdk\10.0.201\Microsoft.Common.CurrentVersion.targets(2451,5): warning MSB3277:             C:\Users\ultra\warewolf\Dev\Dev2.Infrastructure\bin\Debug\net8.0\Dev2.Infrastructure.dll [C:\Users\ultra\warewolf\Dev\Warewolf.Core.Tests\Warewolf.Core.Tests.csproj]
C:\Program Files\dotnet\sdk\10.0.201\Microsoft.Common.CurrentVersion.targets(2451,5): warning MSB3277:             C:\Users\ultra\warewolf\Dev\Warewolf.Core\bin\Debug\net8.0\Warewolf.Core.dll [C:\Users\ultra\warewolf\Dev\Warewolf.Core.Tests\Warewolf.Core.Tests.csproj]
C:\Program Files\dotnet\sdk\10.0.201\Microsoft.Common.CurrentVersion.targets(2451,5): warning MSB3277:             C:\Users\ultra\warewolf\Dev\Warewolf.Testing\bin\Debug\net8.0\Warewolf.Testing.dll [C:\Users\ultra\warewolf\Dev\Warewolf.Core.Tests\Warewolf.Core.Tests.csproj]
C:\Program Files\dotnet\sdk\10.0.201\Microsoft.Common.CurrentVersion.targets(2451,5): warning MSB3277:             C:\Users\ultra\warewolf\Dev\Dev2.Core\bin\Debug\net8.0\Dev2.Core.dll [C:\Users\ultra\warewolf\Dev\Warewolf.Core.Tests\Warewolf.Core.Tests.csproj]
C:\Program Files\dotnet\sdk\10.0.201\Microsoft.Common.CurrentVersion.targets(2451,5): warning MSB3277:             C:\Users\ultra\warewolf\Dev\Dev2.Data\bin\Debug\net8.0\Dev2.Data.dll [C:\Users\ultra\warewolf\Dev\Warewolf.Core.Tests\Warewolf.Core.Tests.csproj]
C:\Program Files\dotnet\sdk\10.0.201\Microsoft.Common.CurrentVersion.targets(2451,5): warning MSB3277:             C:\Users\ultra\warewolf\Dev\Dev2.Diagnostics\bin\Debug\net8.0\Dev2.Diagnostics.dll [C:\Users\ultra\warewolf\Dev\Warewolf.Core.Tests\Warewolf.Core.Tests.csproj]
C:\Program Files\dotnet\sdk\10.0.201\Microsoft.Common.CurrentVersion.targets(2451,5): warning MSB3277:             C:\Users\ultra\warewolf\Dev\Dev2.Runtime.Services\bin\Debug\net8.0\Dev2.Runtime.Services.dll [C:\Users\ultra\warewolf\Dev\Warewolf.Core.Tests\Warewolf.Core.Tests.csproj]
C:\Program Files\dotnet\sdk\10.0.201\Microsoft.Common.CurrentVersion.targets(2451,5): warning MSB3277:             C:\Users\ultra\warewolf\Dev\Dev2.Scheduler\bin\Debug\net8.0\Dev2.Scheduler.dll [C:\Users\ultra\warewolf\Dev\Warewolf.Core.Tests\Warewolf.Core.Tests.csproj]
C:\Program Files\dotnet\sdk\10.0.201\Microsoft.Common.CurrentVersion.targets(2451,5): warning MSB3277:             C:\Users\ultra\warewolf\Dev\Dev2.Services.Sql\bin\Debug\net8.0\Dev2.Services.Sql.dll [C:\Users\ultra\warewolf\Dev\Warewolf.Core.Tests\Warewolf.Core.Tests.csproj]
C:\Program Files\dotnet\sdk\10.0.201\Microsoft.Common.CurrentVersion.targets(2451,5): warning MSB3277:             C:\Users\ultra\warewolf\Dev\Dev2.Studio.Interfaces\bin\Debug\net8.0\Dev2.Studio.Interfaces.dll [C:\Users\ultra\warewolf\Dev\Warewolf.Core.Tests\Warewolf.Core.Tests.csproj]
C:\Program Files\dotnet\sdk\10.0.201\Microsoft.Common.CurrentVersion.targets(2451,5): warning MSB3277:             C:\Users\ultra\warewolf\Dev\Dev2.TaskScheduler.Wrappers\bin\Debug\net8.0\Dev2.TaskScheduler.Wrappers.dll [C:\Users\ultra\warewolf\Dev\Warewolf.Core.Tests\Warewolf.Core.Tests.csproj]
C:\Program Files\dotnet\sdk\10.0.201\Microsoft.Common.CurrentVersion.targets(2451,5): warning MSB3277:             C:\Users\ultra\warewolf\Dev\Dev2.Util\bin\Debug\net8.0\Dev2.Util.dll [C:\Users\ultra\warewolf\Dev\Warewolf.Core.Tests\Warewolf.Core.Tests.csproj]
C:\Program Files\dotnet\sdk\10.0.201\Microsoft.Common.CurrentVersion.targets(2451,5): warning MSB3277:             C:\Users\ultra\warewolf\Dev\Warewolf.AI.Harness\bin\Debug\net8.0\Warewolf.AI.Harness.dll [C:\Users\ultra\warewolf\Dev\Warewolf.Core.Tests\Warewolf.Core.Tests.csproj]
C:\Program Files\dotnet\sdk\10.0.201\Microsoft.Common.CurrentVersion.targets(2451,5): warning MSB3277:             C:\Users\ultra\warewolf\Dev\Warewolf.Auditing\bin\Debug\net8.0\Warewolf.Auditing.dll [C:\Users\ultra\warewolf\Dev\Warewolf.Core.Tests\Warewolf.Core.Tests.csproj]
C:\Program Files\dotnet\sdk\10.0.201\Microsoft.Common.CurrentVersion.targets(2451,5): warning MSB3277:             C:\Users\ultra\warewolf\Dev\Warewolf.Common.NetStandard20\bin\Debug\net8.0\Warewolf.Common.NetStandard20.dll [C:\Users\ultra\warewolf\Dev\Warewolf.Core.Tests\Warewolf.Core.Tests.csproj]
C:\Program Files\dotnet\sdk\10.0.201\Microsoft.Common.CurrentVersion.targets(2451,5): warning MSB3277:             C:\Users\ultra\warewolf\Dev\Warewolf.Driver.Serilog\bin\Debug\net8.0\Warewolf.Driver.Serilog.dll [C:\Users\ultra\warewolf\Dev\Warewolf.Core.Tests\Warewolf.Core.Tests.csproj]
C:\Program Files\dotnet\sdk\10.0.201\Microsoft.Common.CurrentVersion.targets(2451,5): warning MSB3277:             C:\Users\ultra\warewolf\Dev\Warewolf.ResourceManagement\bin\Debug\net8.0\Warewolf.ResourceManagement.dll [C:\Users\ultra\warewolf\Dev\Warewolf.Core.Tests\Warewolf.Core.Tests.csproj]
C:\Program Files\dotnet\sdk\10.0.201\Microsoft.Common.CurrentVersion.targets(2451,5): warning MSB3277:             C:\Users\ultra\warewolf\Dev\Warewolf.Sharepoint\bin\Debug\net8.0\Warewolf.Sharepoint.dll [C:\Users\ultra\warewolf\Dev\Warewolf.Core.Tests\Warewolf.Core.Tests.csproj]
C:\Program Files\dotnet\sdk\10.0.201\Microsoft.Common.CurrentVersion.targets(2451,5): warning MSB3277:             C:\Users\ultra\warewolf\Dev\Warewolf.Storage\bin\Debug\net8.0\Warewolf.Storage.dll [C:\Users\ultra\warewolf\Dev\Warewolf.Core.Tests\Warewolf.Core.Tests.csproj]
C:\Program Files\dotnet\sdk\10.0.201\Microsoft.Common.CurrentVersion.targets(2451,5): warning MSB3277:         C:\Users\ultra\.nuget\packages\timespan2\2.4.2\lib\netcoreapp3.1\TimeSpan2.dll [C:\Users\ultra\warewolf\Dev\Warewolf.Core.Tests\Warewolf.Core.Tests.csproj]
C:\Program Files\dotnet\sdk\10.0.201\Microsoft.Common.CurrentVersion.targets(2451,5): warning MSB3277:           Project file item includes which caused reference "C:\Users\ultra\.nuget\packages\timespan2\2.4.2\lib\netcoreapp3.1\TimeSpan2.dll". [C:\Users\ultra\warewolf\Dev\Warewolf.Core.Tests\Warewolf.Core.Tests.csproj]
C:\Program Files\dotnet\sdk\10.0.201\Microsoft.Common.CurrentVersion.targets(2451,5): warning MSB3277:             C:\Users\ultra\.nuget\packages\timespan2\2.4.2\lib\netcoreapp3.1\TimeSpan2.dll [C:\Users\ultra\warewolf\Dev\Warewolf.Core.Tests\Warewolf.Core.Tests.csproj]
C:\Program Files\dotnet\sdk\10.0.201\Microsoft.Common.CurrentVersion.targets(2451,5): warning MSB3277:             C:\Users\ultra\.nuget\packages\taskschedulereditor\2.10.1\lib\net452\Microsoft.Win32.TaskSchedulerEditor.dll [C:\Users\ultra\warewolf\Dev\Warewolf.Core.Tests\Warewolf.Core.Tests.csproj]
C:\Program Files\dotnet\sdk\10.0.201\Microsoft.Common.CurrentVersion.targets(2451,5): warning MSB3277:         C:\Program Files\dotnet\packs\Microsoft.NETCore.App.Ref\8.0.25\ref\net8.0\System.dll [C:\Users\ultra\warewolf\Dev\Warewolf.Core.Tests\Warewolf.Core.Tests.csproj]
C:\Program Files\dotnet\sdk\10.0.201\Microsoft.Common.CurrentVersion.targets(2451,5): warning MSB3277:           Project file item includes which caused reference "C:\Program Files\dotnet\packs\Microsoft.NETCore.App.Ref\8.0.25\ref\net8.0\System.dll". [C:\Users\ultra\warewolf\Dev\Warewolf.Core.Tests\Warewolf.Core.Tests.csproj]
C:\Program Files\dotnet\sdk\10.0.201\Microsoft.Common.CurrentVersion.targets(2451,5): warning MSB3277:             C:\Program Files\dotnet\packs\Microsoft.NETCore.App.Ref\8.0.25\ref/net8.0/System.dll [C:\Users\ultra\warewolf\Dev\Warewolf.Core.Tests\Warewolf.Core.Tests.csproj]
C:\Program Files\dotnet\sdk\10.0.201\Microsoft.Common.CurrentVersion.targets(2451,5): warning MSB3277:             C:\Users\ultra\.nuget\packages\aerowizard\2.3.1\lib\net45\AeroWizard.dll [C:\Users\ultra\warewolf\Dev\Warewolf.Core.Tests\Warewolf.Core.Tests.csproj]
C:\Program Files\dotnet\sdk\10.0.201\Microsoft.Common.CurrentVersion.targets(2451,5): warning MSB3277:             C:\Users\ultra\.nuget\packages\groupcontrols\1.9.0\lib\net45\GroupControls.dll [C:\Users\ultra\warewolf\Dev\Warewolf.Core.Tests\Warewolf.Core.Tests.csproj]
C:\Program Files\dotnet\sdk\10.0.201\Microsoft.Common.CurrentVersion.targets(2451,5): warning MSB3277:             C:\Users\ultra\.nuget\packages\microsoft.xaml.behaviors.wpf\1.1.122\lib\net462\Microsoft.Xaml.Behaviors.dll [C:\Users\ultra\warewolf\Dev\Warewolf.Core.Tests\Warewolf.Core.Tests.csproj]
C:\Program Files\dotnet\sdk\10.0.201\Microsoft.Common.CurrentVersion.targets(2451,5): warning MSB3277:             C:\Users\ultra\.nuget\packages\caliburn.micro\4.0.212\lib\netcoreapp3.1\Caliburn.Micro.Platform.dll [C:\Users\ultra\warewolf\Dev\Warewolf.Core.Tests\Warewolf.Core.Tests.csproj]
C:\Program Files\dotnet\sdk\10.0.201\Microsoft.Common.CurrentVersion.targets(2451,5): warning MSB3277:             C:\Users\ultra\.nuget\packages\prism.wpf\9.0.537\lib\net462\Prism.Wpf.dll [C:\Users\ultra\warewolf\Dev\Warewolf.Core.Tests\Warewolf.Core.Tests.csproj]
C:\Program Files\dotnet\sdk\10.0.201\Microsoft.Common.CurrentVersion.targets(2451,5): warning MSB3277:             C:\Users\ultra\.nuget\packages\reactiveui.wpf\18.4.1\lib\net462\ReactiveUI.Wpf.dll [C:\Users\ultra\warewolf\Dev\Warewolf.Core.Tests\Warewolf.Core.Tests.csproj]
C:\Program Files\dotnet\sdk\10.0.201\Microsoft.Common.CurrentVersion.targets(2451,5): warning MSB3277:             C:\Users\ultra\.nuget\packages\taskschedulereditor\2.10.1\lib\net452\Microsoft.Win32.TaskSchedulerEditor.dll [C:\Users\ultra\warewolf\Dev\Warewolf.Core.Tests\Warewolf.Core.Tests.csproj]
C:\Program Files\dotnet\sdk\10.0.201\Microsoft.Common.CurrentVersion.targets(2451,5): warning MSB3277:             C:\Users\ultra\.nuget\packages\ttcue.netcore.sharepointonline.csom.16.1.8029.1200\16.1.8029.1200\lib\netcoreapp2.0\Microsoft.SharePoint.Client.Runtime.Windows.dll [C:\Users\ultra\warewolf\Dev\Warewolf.Core.Tests\Warewolf.Core.Tests.csproj]
C:\Program Files\dotnet\sdk\10.0.201\Microsoft.Common.CurrentVersion.targets(2451,5): warning MSB3277:         C:\Users\ultra\warewolf\Dev\Binaries\Infragistcs_Net6\InfragisticsWPF4.v15.1.dll [C:\Users\ultra\warewolf\Dev\Warewolf.Core.Tests\Warewolf.Core.Tests.csproj]
C:\Program Files\dotnet\sdk\10.0.201\Microsoft.Common.CurrentVersion.targets(2451,5): warning MSB3277:           Project file item includes which caused reference "C:\Users\ultra\warewolf\Dev\Binaries\Infragistcs_Net6\InfragisticsWPF4.v15.1.dll". [C:\Users\ultra\warewolf\Dev\Warewolf.Core.Tests\Warewolf.Core.Tests.csproj]
C:\Program Files\dotnet\sdk\10.0.201\Microsoft.Common.CurrentVersion.targets(2451,5): warning MSB3277:             Infragistics.Calculations [C:\Users\ultra\warewolf\Dev\Warewolf.Core.Tests\Warewolf.Core.Tests.csproj]
C:\Program Files\dotnet\sdk\10.0.201\Microsoft.Common.CurrentVersion.targets(2451,5): warning MSB3277: Found conflicts between different versions of "WindowsBase" that could not be resolved. [C:\Users\ultra\warewolf\Dev\Warewolf.Core.Tests\Warewolf.Core.Tests.csproj]
C:\Program Files\dotnet\sdk\10.0.201\Microsoft.Common.CurrentVersion.targets(2451,5): warning MSB3277: There was a conflict between "WindowsBase, Version=4.0.0.0, Culture=neutral, PublicKeyToken=31bf3856ad364e35" and "WindowsBase, Version=6.0.2.0, Culture=neutral, PublicKeyToken=31bf3856ad364e35". [C:\Users\ultra\warewolf\Dev\Warewolf.Core.Tests\Warewolf.Core.Tests.csproj]
C:\Program Files\dotnet\sdk\10.0.201\Microsoft.Common.CurrentVersion.targets(2451,5): warning MSB3277:     "WindowsBase, Version=4.0.0.0, Culture=neutral, PublicKeyToken=31bf3856ad364e35" was chosen because it was primary and "WindowsBase, Version=6.0.2.0, Culture=neutral, PublicKeyToken=31bf3856ad364e35" was not. [C:\Users\ultra\warewolf\Dev\Warewolf.Core.Tests\Warewolf.Core.Tests.csproj]
C:\Program Files\dotnet\sdk\10.0.201\Microsoft.Common.CurrentVersion.targets(2451,5): warning MSB3277:     References which depend on "WindowsBase, Version=4.0.0.0, Culture=neutral, PublicKeyToken=31bf3856ad364e35" [C:\Program Files\dotnet\packs\Microsoft.NETCore.App.Ref\8.0.25\ref\net8.0\WindowsBase.dll]. [C:\Users\ultra\warewolf\Dev\Warewolf.Core.Tests\Warewolf.Core.Tests.csproj]
C:\Program Files\dotnet\sdk\10.0.201\Microsoft.Common.CurrentVersion.targets(2451,5): warning MSB3277:         C:\Program Files\dotnet\packs\Microsoft.NETCore.App.Ref\8.0.25\ref\net8.0\WindowsBase.dll [C:\Users\ultra\warewolf\Dev\Warewolf.Core.Tests\Warewolf.Core.Tests.csproj]
C:\Program Files\dotnet\sdk\10.0.201\Microsoft.Common.CurrentVersion.targets(2451,5): warning MSB3277:           Project file item includes which caused reference "C:\Program Files\dotnet\packs\Microsoft.NETCore.App.Ref\8.0.25\ref\net8.0\WindowsBase.dll". [C:\Users\ultra\warewolf\Dev\Warewolf.Core.Tests\Warewolf.Core.Tests.csproj]
C:\Program Files\dotnet\sdk\10.0.201\Microsoft.Common.CurrentVersion.targets(2451,5): warning MSB3277:             C:\Program Files\dotnet\packs\Microsoft.NETCore.App.Ref\8.0.25\ref/net8.0/WindowsBase.dll [C:\Users\ultra\warewolf\Dev\Warewolf.Core.Tests\Warewolf.Core.Tests.csproj]
C:\Program Files\dotnet\sdk\10.0.201\Microsoft.Common.CurrentVersion.targets(2451,5): warning MSB3277:     References which depend on or have been unified to "WindowsBase, Version=6.0.2.0, Culture=neutral, PublicKeyToken=31bf3856ad364e35" []. [C:\Users\ultra\warewolf\Dev\Warewolf.Core.Tests\Warewolf.Core.Tests.csproj]
C:\Program Files\dotnet\sdk\10.0.201\Microsoft.Common.CurrentVersion.targets(2451,5): warning MSB3277:         C:\Users\ultra\warewolf\Dev\Binaries\Infragistcs_Net6\Infragistics.Calculations.dll [C:\Users\ultra\warewolf\Dev\Warewolf.Core.Tests\Warewolf.Core.Tests.csproj]
C:\Program Files\dotnet\sdk\10.0.201\Microsoft.Common.CurrentVersion.targets(2451,5): warning MSB3277:           Project file item includes which caused reference "C:\Users\ultra\warewolf\Dev\Binaries\Infragistcs_Net6\Infragistics.Calculations.dll". [C:\Users\ultra\warewolf\Dev\Warewolf.Core.Tests\Warewolf.Core.Tests.csproj]
C:\Program Files\dotnet\sdk\10.0.201\Microsoft.Common.CurrentVersion.targets(2451,5): warning MSB3277:             Infragistics.Calculations [C:\Users\ultra\warewolf\Dev\Warewolf.Core.Tests\Warewolf.Core.Tests.csproj]
C:\Program Files\dotnet\sdk\10.0.201\Microsoft.Common.CurrentVersion.targets(2451,5): warning MSB3277:         C:\Users\ultra\.nuget\packages\caliburn.micro\4.0.212\lib\netcoreapp3.1\Caliburn.Micro.Platform.dll [C:\Users\ultra\warewolf\Dev\Warewolf.Core.Tests\Warewolf.Core.Tests.csproj]
C:\Program Files\dotnet\sdk\10.0.201\Microsoft.Common.CurrentVersion.targets(2451,5): warning MSB3277:           Project file item includes which caused reference "C:\Users\ultra\.nuget\packages\caliburn.micro\4.0.212\lib\netcoreapp3.1\Caliburn.Micro.Platform.dll". [C:\Users\ultra\warewolf\Dev\Warewolf.Core.Tests\Warewolf.Core.Tests.csproj]
C:\Program Files\dotnet\sdk\10.0.201\Microsoft.Common.CurrentVersion.targets(2451,5): warning MSB3277:             C:\Users\ultra\.nuget\packages\caliburn.micro\4.0.212\lib\netcoreapp3.1\Caliburn.Micro.Platform.dll [C:\Users\ultra\warewolf\Dev\Warewolf.Core.Tests\Warewolf.Core.Tests.csproj]
C:\Program Files\dotnet\sdk\10.0.201\Microsoft.Common.CurrentVersion.targets(2451,5): warning MSB3277:         C:\Users\ultra\.nuget\packages\microsoft.xaml.behaviors.wpf\1.1.122\lib\net462\Microsoft.Xaml.Behaviors.dll [C:\Users\ultra\warewolf\Dev\Warewolf.Core.Tests\Warewolf.Core.Tests.csproj]
C:\Program Files\dotnet\sdk\10.0.201\Microsoft.Common.CurrentVersion.targets(2451,5): warning MSB3277:           Project file item includes which caused reference "C:\Users\ultra\.nuget\packages\microsoft.xaml.behaviors.wpf\1.1.122\lib\net462\Microsoft.Xaml.Behaviors.dll". [C:\Users\ultra\warewolf\Dev\Warewolf.Core.Tests\Warewolf.Core.Tests.csproj]
C:\Program Files\dotnet\sdk\10.0.201\Microsoft.Common.CurrentVersion.targets(2451,5): warning MSB3277:             C:\Users\ultra\.nuget\packages\microsoft.xaml.behaviors.wpf\1.1.122\lib\net462\Microsoft.Xaml.Behaviors.dll [C:\Users\ultra\warewolf\Dev\Warewolf.Core.Tests\Warewolf.Core.Tests.csproj]
C:\Program Files\dotnet\sdk\10.0.201\Microsoft.Common.CurrentVersion.targets(2451,5): warning MSB3277:             C:\Users\ultra\.nuget\packages\caliburn.micro\4.0.212\lib\netcoreapp3.1\Caliburn.Micro.Platform.dll [C:\Users\ultra\warewolf\Dev\Warewolf.Core.Tests\Warewolf.Core.Tests.csproj]
C:\Program Files\dotnet\sdk\10.0.201\Microsoft.Common.CurrentVersion.targets(2451,5): warning MSB3277:             C:\Users\ultra\.nuget\packages\prism.wpf\9.0.537\lib\net462\Prism.Wpf.dll [C:\Users\ultra\warewolf\Dev\Warewolf.Core.Tests\Warewolf.Core.Tests.csproj]
C:\Program Files\dotnet\sdk\10.0.201\Microsoft.Common.CurrentVersion.targets(2451,5): warning MSB3277:         C:\Users\ultra\.nuget\packages\prism.wpf\9.0.537\lib\net462\Prism.Wpf.dll [C:\Users\ultra\warewolf\Dev\Warewolf.Core.Tests\Warewolf.Core.Tests.csproj]
C:\Program Files\dotnet\sdk\10.0.201\Microsoft.Common.CurrentVersion.targets(2451,5): warning MSB3277:           Project file item includes which caused reference "C:\Users\ultra\.nuget\packages\prism.wpf\9.0.537\lib\net462\Prism.Wpf.dll". [C:\Users\ultra\warewolf\Dev\Warewolf.Core.Tests\Warewolf.Core.Tests.csproj]
C:\Program Files\dotnet\sdk\10.0.201\Microsoft.Common.CurrentVersion.targets(2451,5): warning MSB3277:             C:\Users\ultra\.nuget\packages\prism.wpf\9.0.537\lib\net462\Prism.Wpf.dll [C:\Users\ultra\warewolf\Dev\Warewolf.Core.Tests\Warewolf.Core.Tests.csproj]
C:\Program Files\dotnet\sdk\10.0.201\Microsoft.Common.CurrentVersion.targets(2451,5): warning MSB3277:         C:\Users\ultra\.nuget\packages\reactiveui.wpf\18.4.1\lib\net462\ReactiveUI.Wpf.dll [C:\Users\ultra\warewolf\Dev\Warewolf.Core.Tests\Warewolf.Core.Tests.csproj]
C:\Program Files\dotnet\sdk\10.0.201\Microsoft.Common.CurrentVersion.targets(2451,5): warning MSB3277:           Project file item includes which caused reference "C:\Users\ultra\.nuget\packages\reactiveui.wpf\18.4.1\lib\net462\ReactiveUI.Wpf.dll". [C:\Users\ultra\warewolf\Dev\Warewolf.Core.Tests\Warewolf.Core.Tests.csproj]
C:\Program Files\dotnet\sdk\10.0.201\Microsoft.Common.CurrentVersion.targets(2451,5): warning MSB3277:             C:\Users\ultra\.nuget\packages\reactiveui.wpf\18.4.1\lib\net462\ReactiveUI.Wpf.dll [C:\Users\ultra\warewolf\Dev\Warewolf.Core.Tests\Warewolf.Core.Tests.csproj]
C:\Program Files\dotnet\sdk\10.0.201\Microsoft.Common.CurrentVersion.targets(2451,5): warning MSB3277:         C:\Users\ultra\warewolf\Dev\Binaries\Infragistcs_Net6\InfragisticsWPF4.v15.1.dll [C:\Users\ultra\warewolf\Dev\Warewolf.Core.Tests\Warewolf.Core.Tests.csproj]
C:\Program Files\dotnet\sdk\10.0.201\Microsoft.Common.CurrentVersion.targets(2451,5): warning MSB3277:           Project file item includes which caused reference "C:\Users\ultra\warewolf\Dev\Binaries\Infragistcs_Net6\InfragisticsWPF4.v15.1.dll". [C:\Users\ultra\warewolf\Dev\Warewolf.Core.Tests\Warewolf.Core.Tests.csproj]
C:\Program Files\dotnet\sdk\10.0.201\Microsoft.Common.CurrentVersion.targets(2451,5): warning MSB3277:             Infragistics.Calculations [C:\Users\ultra\warewolf\Dev\Warewolf.Core.Tests\Warewolf.Core.Tests.csproj]
C:\Program Files\dotnet\sdk\10.0.201\Microsoft.Common.CurrentVersion.targets(2451,5): warning MSB3277: Found conflicts between different versions of "System.Drawing.Common" that could not be resolved. [C:\Users\ultra\warewolf\Dev\Warewolf.Core.Tests\Warewolf.Core.Tests.csproj]
C:\Program Files\dotnet\sdk\10.0.201\Microsoft.Common.CurrentVersion.targets(2451,5): warning MSB3277: There was a conflict between "System.Drawing.Common, Version=6.0.0.0, Culture=neutral, PublicKeyToken=cc7b13ffcd2ddd51" and "System.Drawing.Common, Version=8.0.0.0, Culture=neutral, PublicKeyToken=cc7b13ffcd2ddd51". [C:\Users\ultra\warewolf\Dev\Warewolf.Core.Tests\Warewolf.Core.Tests.csproj]
C:\Program Files\dotnet\sdk\10.0.201\Microsoft.Common.CurrentVersion.targets(2451,5): warning MSB3277:     "System.Drawing.Common, Version=6.0.0.0, Culture=neutral, PublicKeyToken=cc7b13ffcd2ddd51" was chosen because it was primary and "System.Drawing.Common, Version=8.0.0.0, Culture=neutral, PublicKeyToken=cc7b13ffcd2ddd51" was not. [C:\Users\ultra\warewolf\Dev\Warewolf.Core.Tests\Warewolf.Core.Tests.csproj]
C:\Program Files\dotnet\sdk\10.0.201\Microsoft.Common.CurrentVersion.targets(2451,5): warning MSB3277:     References which depend on "System.Drawing.Common, Version=6.0.0.0, Culture=neutral, PublicKeyToken=cc7b13ffcd2ddd51" [C:\Users\ultra\.nuget\packages\system.drawing.common\6.0.0\lib\net6.0\System.Drawing.Common.dll]. [C:\Users\ultra\warewolf\Dev\Warewolf.Core.Tests\Warewolf.Core.Tests.csproj]
C:\Program Files\dotnet\sdk\10.0.201\Microsoft.Common.CurrentVersion.targets(2451,5): warning MSB3277:         C:\Users\ultra\.nuget\packages\system.drawing.common\6.0.0\lib\net6.0\System.Drawing.Common.dll [C:\Users\ultra\warewolf\Dev\Warewolf.Core.Tests\Warewolf.Core.Tests.csproj]
C:\Program Files\dotnet\sdk\10.0.201\Microsoft.Common.CurrentVersion.targets(2451,5): warning MSB3277:           Project file item includes which caused reference "C:\Users\ultra\.nuget\packages\system.drawing.common\6.0.0\lib\net6.0\System.Drawing.Common.dll". [C:\Users\ultra\warewolf\Dev\Warewolf.Core.Tests\Warewolf.Core.Tests.csproj]
C:\Program Files\dotnet\sdk\10.0.201\Microsoft.Common.CurrentVersion.targets(2451,5): warning MSB3277:             C:\Users\ultra\.nuget\packages\system.drawing.common\6.0.0\lib\net6.0\System.Drawing.Common.dll [C:\Users\ultra\warewolf\Dev\Warewolf.Core.Tests\Warewolf.Core.Tests.csproj]
C:\Program Files\dotnet\sdk\10.0.201\Microsoft.Common.CurrentVersion.targets(2451,5): warning MSB3277:     References which depend on or have been unified to "System.Drawing.Common, Version=8.0.0.0, Culture=neutral, PublicKeyToken=cc7b13ffcd2ddd51" []. [C:\Users\ultra\warewolf\Dev\Warewolf.Core.Tests\Warewolf.Core.Tests.csproj]
C:\Program Files\dotnet\sdk\10.0.201\Microsoft.Common.CurrentVersion.targets(2451,5): warning MSB3277:         C:\Users\ultra\.nuget\packages\servicestack\6.3.0\lib\net6.0\ServiceStack.dll [C:\Users\ultra\warewolf\Dev\Warewolf.Core.Tests\Warewolf.Core.Tests.csproj]
C:\Program Files\dotnet\sdk\10.0.201\Microsoft.Common.CurrentVersion.targets(2451,5): warning MSB3277:           Project file item includes which caused reference "C:\Users\ultra\.nuget\packages\servicestack\6.3.0\lib\net6.0\ServiceStack.dll". [C:\Users\ultra\warewolf\Dev\Warewolf.Core.Tests\Warewolf.Core.Tests.csproj]
C:\Program Files\dotnet\sdk\10.0.201\Microsoft.Common.CurrentVersion.targets(2451,5): warning MSB3277:             C:\Users\ultra\.nuget\packages\servicestack\6.3.0\lib\net6.0\ServiceStack.dll [C:\Users\ultra\warewolf\Dev\Warewolf.Core.Tests\Warewolf.Core.Tests.csproj]
C:\Program Files\dotnet\sdk\10.0.201\Microsoft.Common.CurrentVersion.targets(2451,5): warning MSB3277:         C:\Users\ultra\.nuget\packages\system.windows.extensions\8.0.0\lib\net8.0\System.Windows.Extensions.dll [C:\Users\ultra\warewolf\Dev\Warewolf.Core.Tests\Warewolf.Core.Tests.csproj]
C:\Program Files\dotnet\sdk\10.0.201\Microsoft.Common.CurrentVersion.targets(2451,5): warning MSB3277:           Project file item includes which caused reference "C:\Users\ultra\.nuget\packages\system.windows.extensions\8.0.0\lib\net8.0\System.Windows.Extensions.dll". [C:\Users\ultra\warewolf\Dev\Warewolf.Core.Tests\Warewolf.Core.Tests.csproj]
C:\Program Files\dotnet\sdk\10.0.201\Microsoft.Common.CurrentVersion.targets(2451,5): warning MSB3277:             C:\Users\ultra\.nuget\packages\system.windows.extensions\8.0.0\lib\net8.0\System.Windows.Extensions.dll [C:\Users\ultra\warewolf\Dev\Warewolf.Core.Tests\Warewolf.Core.Tests.csproj]
C:\Program Files\dotnet\sdk\10.0.201\Microsoft.Common.CurrentVersion.targets(2451,5): warning MSB3277:             C:\Users\ultra\.nuget\packages\system.security.permissions\8.0.0\lib\net8.0\System.Security.Permissions.dll [C:\Users\ultra\warewolf\Dev\Warewolf.Core.Tests\Warewolf.Core.Tests.csproj]
C:\Program Files\dotnet\sdk\10.0.201\Microsoft.Common.CurrentVersion.targets(2451,5): warning MSB3277:             C:\Users\ultra\warewolf\Dev\Dev2.Data\bin\Debug\net8.0\Dev2.Data.dll [C:\Users\ultra\warewolf\Dev\Warewolf.Core.Tests\Warewolf.Core.Tests.csproj]
C:\Program Files\dotnet\sdk\10.0.201\Microsoft.Common.CurrentVersion.targets(2451,5): warning MSB3277:             C:\Users\ultra\warewolf\Dev\Warewolf.Core\bin\Debug\net8.0\Warewolf.Core.dll [C:\Users\ultra\warewolf\Dev\Warewolf.Core.Tests\Warewolf.Core.Tests.csproj]
C:\Program Files\dotnet\sdk\10.0.201\Microsoft.Common.CurrentVersion.targets(2451,5): warning MSB3277:             C:\Users\ultra\warewolf\Dev\Warewolf.Testing\bin\Debug\net8.0\Warewolf.Testing.dll [C:\Users\ultra\warewolf\Dev\Warewolf.Core.Tests\Warewolf.Core.Tests.csproj]
C:\Program Files\dotnet\sdk\10.0.201\Microsoft.Common.CurrentVersion.targets(2451,5): warning MSB3277:             C:\Users\ultra\warewolf\Dev\Dev2.Core\bin\Debug\net8.0\Dev2.Core.dll [C:\Users\ultra\warewolf\Dev\Warewolf.Core.Tests\Warewolf.Core.Tests.csproj]
C:\Program Files\dotnet\sdk\10.0.201\Microsoft.Common.CurrentVersion.targets(2451,5): warning MSB3277:             C:\Users\ultra\warewolf\Dev\Dev2.Runtime.Services\bin\Debug\net8.0\Dev2.Runtime.Services.dll [C:\Users\ultra\warewolf\Dev\Warewolf.Core.Tests\Warewolf.Core.Tests.csproj]
C:\Program Files\dotnet\sdk\10.0.201\Microsoft.Common.CurrentVersion.targets(2451,5): warning MSB3277:             C:\Users\ultra\warewolf\Dev\Dev2.Scheduler\bin\Debug\net8.0\Dev2.Scheduler.dll [C:\Users\ultra\warewolf\Dev\Warewolf.Core.Tests\Warewolf.Core.Tests.csproj]
C:\Program Files\dotnet\sdk\10.0.201\Microsoft.Common.CurrentVersion.targets(2451,5): warning MSB3277:             C:\Users\ultra\warewolf\Dev\Dev2.Studio.Interfaces\bin\Debug\net8.0\Dev2.Studio.Interfaces.dll [C:\Users\ultra\warewolf\Dev\Warewolf.Core.Tests\Warewolf.Core.Tests.csproj]
C:\Program Files\dotnet\sdk\10.0.201\Microsoft.Common.CurrentVersion.targets(2451,5): warning MSB3277:             C:\Users\ultra\warewolf\Dev\Warewolf.Auditing\bin\Debug\net8.0\Warewolf.Auditing.dll [C:\Users\ultra\warewolf\Dev\Warewolf.Core.Tests\Warewolf.Core.Tests.csproj]
C:\Program Files\dotnet\sdk\10.0.201\Microsoft.Common.CurrentVersion.targets(2451,5): warning MSB3277:             C:\Users\ultra\warewolf\Dev\Warewolf.Common.NetStandard20\bin\Debug\net8.0\Warewolf.Common.NetStandard20.dll [C:\Users\ultra\warewolf\Dev\Warewolf.Core.Tests\Warewolf.Core.Tests.csproj]
C:\Program Files\dotnet\sdk\10.0.201\Microsoft.Common.CurrentVersion.targets(2451,5): warning MSB3277:             C:\Users\ultra\warewolf\Dev\Warewolf.ResourceManagement\bin\Debug\net8.0\Warewolf.ResourceManagement.dll [C:\Users\ultra\warewolf\Dev\Warewolf.Core.Tests\Warewolf.Core.Tests.csproj]
C:\Program Files\dotnet\sdk\10.0.201\Microsoft.Common.CurrentVersion.targets(2451,5): warning MSB3277:             C:\Users\ultra\.nuget\packages\dotnetzip\1.16.0\lib\netstandard2.0\DotNetZip.dll [C:\Users\ultra\warewolf\Dev\Warewolf.Core.Tests\Warewolf.Core.Tests.csproj]
C:\Program Files\dotnet\sdk\10.0.201\Microsoft.Common.CurrentVersion.targets(2451,5): warning MSB3277:             C:\Users\ultra\warewolf\Dev\Dev2.Common\bin\Debug\net8.0\Dev2.Common.dll [C:\Users\ultra\warewolf\Dev\Warewolf.Core.Tests\Warewolf.Core.Tests.csproj]
C:\Program Files\dotnet\sdk\10.0.201\Microsoft.Common.CurrentVersion.targets(2451,5): warning MSB3277:             C:\Users\ultra\warewolf\Dev\Dev2.Infrastructure\bin\Debug\net8.0\Dev2.Infrastructure.dll [C:\Users\ultra\warewolf\Dev\Warewolf.Core.Tests\Warewolf.Core.Tests.csproj]
C:\Program Files\dotnet\sdk\10.0.201\Microsoft.Common.CurrentVersion.targets(2451,5): warning MSB3277:             C:\Users\ultra\warewolf\Dev\Dev2.Data.Interfaces\bin\Debug\net8.0\Dev2.Data.Interfaces.dll [C:\Users\ultra\warewolf\Dev\Warewolf.Core.Tests\Warewolf.Core.Tests.csproj]
C:\Program Files\dotnet\sdk\10.0.201\Microsoft.Common.CurrentVersion.targets(2451,5): warning MSB3277:             C:\Users\ultra\warewolf\Dev\Dev2.Diagnostics\bin\Debug\net8.0\Dev2.Diagnostics.dll [C:\Users\ultra\warewolf\Dev\Warewolf.Core.Tests\Warewolf.Core.Tests.csproj]
C:\Program Files\dotnet\sdk\10.0.201\Microsoft.Common.CurrentVersion.targets(2451,5): warning MSB3277:             C:\Users\ultra\warewolf\Dev\Dev2.Services.Sql\bin\Debug\net8.0\Dev2.Services.Sql.dll [C:\Users\ultra\warewolf\Dev\Warewolf.Core.Tests\Warewolf.Core.Tests.csproj]
C:\Program Files\dotnet\sdk\10.0.201\Microsoft.Common.CurrentVersion.targets(2451,5): warning MSB3277:             C:\Users\ultra\warewolf\Dev\Dev2.TaskScheduler.Wrappers\bin\Debug\net8.0\Dev2.TaskScheduler.Wrappers.dll [C:\Users\ultra\warewolf\Dev\Warewolf.Core.Tests\Warewolf.Core.Tests.csproj]
C:\Program Files\dotnet\sdk\10.0.201\Microsoft.Common.CurrentVersion.targets(2451,5): warning MSB3277:             C:\Users\ultra\warewolf\Dev\Dev2.Util\bin\Debug\net8.0\Dev2.Util.dll [C:\Users\ultra\warewolf\Dev\Warewolf.Core.Tests\Warewolf.Core.Tests.csproj]
C:\Program Files\dotnet\sdk\10.0.201\Microsoft.Common.CurrentVersion.targets(2451,5): warning MSB3277:             C:\Users\ultra\warewolf\Dev\Warewolf.AI.Harness\bin\Debug\net8.0\Warewolf.AI.Harness.dll [C:\Users\ultra\warewolf\Dev\Warewolf.Core.Tests\Warewolf.Core.Tests.csproj]
C:\Program Files\dotnet\sdk\10.0.201\Microsoft.Common.CurrentVersion.targets(2451,5): warning MSB3277:             C:\Users\ultra\warewolf\Dev\Warewolf.Driver.Serilog\bin\Debug\net8.0\Warewolf.Driver.Serilog.dll [C:\Users\ultra\warewolf\Dev\Warewolf.Core.Tests\Warewolf.Core.Tests.csproj]
C:\Program Files\dotnet\sdk\10.0.201\Microsoft.Common.CurrentVersion.targets(2451,5): warning MSB3277:             C:\Users\ultra\warewolf\Dev\Warewolf.Sharepoint\bin\Debug\net8.0\Warewolf.Sharepoint.dll [C:\Users\ultra\warewolf\Dev\Warewolf.Core.Tests\Warewolf.Core.Tests.csproj]
C:\Program Files\dotnet\sdk\10.0.201\Microsoft.Common.CurrentVersion.targets(2451,5): warning MSB3277:             C:\Users\ultra\warewolf\Dev\Warewolf.Storage\bin\Debug\net8.0\Warewolf.Storage.dll [C:\Users\ultra\warewolf\Dev\Warewolf.Core.Tests\Warewolf.Core.Tests.csproj]
C:\Program Files\dotnet\sdk\10.0.201\Microsoft.Common.CurrentVersion.targets(2451,5): warning MSB3277:             C:\Users\ultra\.nuget\packages\mindbox.data.linq\5.0.0\lib\netstandard2.0\Mindbox.Data.Linq.dll [C:\Users\ultra\warewolf\Dev\Warewolf.Core.Tests\Warewolf.Core.Tests.csproj]
C:\Program Files\dotnet\sdk\10.0.201\Microsoft.Common.CurrentVersion.targets(2451,5): warning MSB3277:             C:\Users\ultra\.nuget\packages\mysql.data\8.4.0\lib\net8.0\MySql.Data.dll [C:\Users\ultra\warewolf\Dev\Warewolf.Core.Tests\Warewolf.Core.Tests.csproj]
C:\Program Files\dotnet\sdk\10.0.201\Microsoft.Common.CurrentVersion.targets(2451,5): warning MSB3277:             C:\Users\ultra\.nuget\packages\oracle.manageddataaccess.core\3.21.70\lib\netstandard2.1\Oracle.ManagedDataAccess.dll [C:\Users\ultra\warewolf\Dev\Warewolf.Core.Tests\Warewolf.Core.Tests.csproj]
C:\Program Files\dotnet\sdk\10.0.201\Microsoft.Common.CurrentVersion.targets(2451,5): warning MSB3277:             C:\Users\ultra\.nuget\packages\system.directoryservices\6.0.0\lib\net6.0\System.DirectoryServices.dll [C:\Users\ultra\warewolf\Dev\Warewolf.Core.Tests\Warewolf.Core.Tests.csproj]
C:\Program Files\dotnet\sdk\10.0.201\Microsoft.Common.CurrentVersion.targets(2451,5): warning MSB3277:             C:\Users\ultra\.nuget\packages\corewcf.primitives\1.2.1\lib\netstandard2.0\CoreWCF.Primitives.dll [C:\Users\ultra\warewolf\Dev\Warewolf.Core.Tests\Warewolf.Core.Tests.csproj]
C:\Program Files\dotnet\sdk\10.0.201\Microsoft.Common.CurrentVersion.targets(2451,5): warning MSB3277:             C:\Users\ultra\.nuget\packages\corewcf.http\1.2.1\lib\netstandard2.0\CoreWCF.Http.dll [C:\Users\ultra\warewolf\Dev\Warewolf.Core.Tests\Warewolf.Core.Tests.csproj]
C:\Program Files\dotnet\sdk\10.0.201\Microsoft.Common.CurrentVersion.targets(2451,5): warning MSB3277:             C:\Users\ultra\.nuget\packages\corewcf.nettcp\1.2.1\lib\netstandard2.0\CoreWCF.NetTcp.dll [C:\Users\ultra\warewolf\Dev\Warewolf.Core.Tests\Warewolf.Core.Tests.csproj]
C:\Program Files\dotnet\sdk\10.0.201\Microsoft.Common.CurrentVersion.targets(2451,5): warning MSB3277:             C:\Users\ultra\.nuget\packages\corewcf.webhttp\1.2.1\lib\netstandard2.0\CoreWCF.WebHttp.dll [C:\Users\ultra\warewolf\Dev\Warewolf.Core.Tests\Warewolf.Core.Tests.csproj]
C:\Program Files\dotnet\sdk\10.0.201\Microsoft.Common.CurrentVersion.targets(2451,5): warning MSB3277:             C:\Program Files\dotnet\packs\Microsoft.NETCore.App.Ref\8.0.25\ref/net8.0/System.Configuration.dll [C:\Users\ultra\warewolf\Dev\Warewolf.Core.Tests\Warewolf.Core.Tests.csproj]
C:\Program Files\dotnet\sdk\10.0.201\Microsoft.Common.CurrentVersion.targets(2451,5): warning MSB3277:             C:\Users\ultra\.nuget\packages\prism.wpf\9.0.537\lib\net462\Prism.Wpf.dll [C:\Users\ultra\warewolf\Dev\Warewolf.Core.Tests\Warewolf.Core.Tests.csproj]
C:\Program Files\dotnet\sdk\10.0.201\Microsoft.Common.CurrentVersion.targets(2451,5): warning MSB3277:             C:\Program Files\dotnet\packs\Microsoft.NETCore.App.Ref\8.0.25\ref/net8.0/System.Data.dll [C:\Users\ultra\warewolf\Dev\Warewolf.Core.Tests\Warewolf.Core.Tests.csproj]
C:\Program Files\dotnet\sdk\10.0.201\Microsoft.Common.CurrentVersion.targets(2451,5): warning MSB3277:             C:\Users\ultra\.nuget\packages\taskschedulereditor\2.10.1\lib\net452\Microsoft.Win32.TaskSchedulerEditor.dll [C:\Users\ultra\warewolf\Dev\Warewolf.Core.Tests\Warewolf.Core.Tests.csproj]
C:\Program Files\dotnet\sdk\10.0.201\Microsoft.Common.CurrentVersion.targets(2451,5): warning MSB3277:             C:\Program Files\dotnet\packs\Microsoft.NETCore.App.Ref\8.0.25\ref/net8.0/System.Drawing.dll [C:\Users\ultra\warewolf\Dev\Warewolf.Core.Tests\Warewolf.Core.Tests.csproj]
C:\Program Files\dotnet\sdk\10.0.201\Microsoft.Common.CurrentVersion.targets(2451,5): warning MSB3277:             C:\Users\ultra\.nuget\packages\aerowizard\2.3.1\lib\net45\AeroWizard.dll [C:\Users\ultra\warewolf\Dev\Warewolf.Core.Tests\Warewolf.Core.Tests.csproj]
C:\Program Files\dotnet\sdk\10.0.201\Microsoft.Common.CurrentVersion.targets(2451,5): warning MSB3277:             C:\Users\ultra\.nuget\packages\groupcontrols\1.9.0\lib\net45\GroupControls.dll [C:\Users\ultra\warewolf\Dev\Warewolf.Core.Tests\Warewolf.Core.Tests.csproj]
C:\Program Files\dotnet\sdk\10.0.201\Microsoft.Common.CurrentVersion.targets(2451,5): warning MSB3277:             C:\Program Files\dotnet\packs\Microsoft.NETCore.App.Ref\8.0.25\ref/net8.0/System.Net.dll [C:\Users\ultra\warewolf\Dev\Warewolf.Core.Tests\Warewolf.Core.Tests.csproj]
C:\Program Files\dotnet\sdk\10.0.201\Microsoft.Common.CurrentVersion.targets(2451,5): warning MSB3277:             C:\Program Files\dotnet\packs\Microsoft.NETCore.App.Ref\8.0.25\ref/net8.0/System.Security.dll [C:\Users\ultra\warewolf\Dev\Warewolf.Core.Tests\Warewolf.Core.Tests.csproj]
C:\Program Files\dotnet\sdk\10.0.201\Microsoft.Common.CurrentVersion.targets(2451,5): warning MSB3277:             C:\Program Files\dotnet\packs\Microsoft.NETCore.App.Ref\8.0.25\ref/net8.0/System.ServiceProcess.dll [C:\Users\ultra\warewolf\Dev\Warewolf.Core.Tests\Warewolf.Core.Tests.csproj]
C:\Program Files\dotnet\sdk\10.0.201\Microsoft.Common.CurrentVersion.targets(2451,5): warning MSB3277:             C:\Program Files\dotnet\packs\Microsoft.NETCore.App.Ref\8.0.25\ref/net8.0/System.Transactions.dll [C:\Users\ultra\warewolf\Dev\Warewolf.Core.Tests\Warewolf.Core.Tests.csproj]
C:\Program Files\dotnet\sdk\10.0.201\Microsoft.Common.CurrentVersion.targets(2451,5): warning MSB3277:             C:\Program Files\dotnet\packs\Microsoft.NETCore.App.Ref\8.0.25\ref/net8.0/System.dll [C:\Users\ultra\warewolf\Dev\Warewolf.Core.Tests\Warewolf.Core.Tests.csproj]
C:\Program Files\dotnet\sdk\10.0.201\Microsoft.Common.CurrentVersion.targets(2451,5): warning MSB3277:             C:\Users\ultra\.nuget\packages\microsoft.xaml.behaviors.wpf\1.1.122\lib\net462\Microsoft.Xaml.Behaviors.dll [C:\Users\ultra\warewolf\Dev\Warewolf.Core.Tests\Warewolf.Core.Tests.csproj]
C:\Program Files\dotnet\sdk\10.0.201\Microsoft.Common.CurrentVersion.targets(2451,5): warning MSB3277:             C:\Users\ultra\.nuget\packages\caliburn.micro\4.0.212\lib\netcoreapp3.1\Caliburn.Micro.Platform.dll [C:\Users\ultra\warewolf\Dev\Warewolf.Core.Tests\Warewolf.Core.Tests.csproj]
C:\Program Files\dotnet\sdk\10.0.201\Microsoft.Common.CurrentVersion.targets(2451,5): warning MSB3277:             C:\Users\ultra\.nuget\packages\reactiveui.wpf\18.4.1\lib\net462\ReactiveUI.Wpf.dll [C:\Users\ultra\warewolf\Dev\Warewolf.Core.Tests\Warewolf.Core.Tests.csproj]
C:\Program Files\dotnet\sdk\10.0.201\Microsoft.Common.CurrentVersion.targets(2451,5): warning MSB3277:             C:\Users\ultra\.nuget\packages\ttcue.netcore.sharepointonline.csom.16.1.8029.1200\16.1.8029.1200\lib\netcoreapp2.0\Microsoft.SharePoint.Client.Runtime.Windows.dll [C:\Users\ultra\warewolf\Dev\Warewolf.Core.Tests\Warewolf.Core.Tests.csproj]
C:\Program Files\dotnet\sdk\10.0.201\Microsoft.Common.CurrentVersion.targets(2451,5): warning MSB3277:             C:\Program Files\dotnet\packs\Microsoft.NETCore.App.Ref\8.0.25\ref/net8.0/WindowsBase.dll [C:\Users\ultra\warewolf\Dev\Warewolf.Core.Tests\Warewolf.Core.Tests.csproj]
C:\Program Files\dotnet\sdk\10.0.201\Microsoft.Common.CurrentVersion.targets(2451,5): warning MSB3277:             C:\Program Files\dotnet\packs\Microsoft.NETCore.App.Ref\8.0.25\ref/net8.0/mscorlib.dll [C:\Users\ultra\warewolf\Dev\Warewolf.Core.Tests\Warewolf.Core.Tests.csproj]
C:\Program Files\dotnet\sdk\10.0.201\Microsoft.Common.CurrentVersion.targets(2451,5): warning MSB3277:             C:\Users\ultra\.nuget\packages\microsoft.codecoverage\17.13.0\lib\netcoreapp3.1\Microsoft.VisualStudio.CodeCoverage.Shim.dll [C:\Users\ultra\warewolf\Dev\Warewolf.Core.Tests\Warewolf.Core.Tests.csproj]
C:\Program Files\dotnet\sdk\10.0.201\Microsoft.Common.CurrentVersion.targets(2451,5): warning MSB3277:             Infragistics.Calculations [C:\Users\ultra\warewolf\Dev\Warewolf.Core.Tests\Warewolf.Core.Tests.csproj]
C:\Program Files\dotnet\sdk\10.0.201\Microsoft.Common.CurrentVersion.targets(2451,5): warning MSB3277:         C:\Program Files\dotnet\packs\Microsoft.NETCore.App.Ref\8.0.25\ref\net8.0\System.Drawing.dll [C:\Users\ultra\warewolf\Dev\Warewolf.Core.Tests\Warewolf.Core.Tests.csproj]
C:\Program Files\dotnet\sdk\10.0.201\Microsoft.Common.CurrentVersion.targets(2451,5): warning MSB3277:           Project file item includes which caused reference "C:\Program Files\dotnet\packs\Microsoft.NETCore.App.Ref\8.0.25\ref\net8.0\System.Drawing.dll". [C:\Users\ultra\warewolf\Dev\Warewolf.Core.Tests\Warewolf.Core.Tests.csproj]
C:\Program Files\dotnet\sdk\10.0.201\Microsoft.Common.CurrentVersion.targets(2451,5): warning MSB3277:             C:\Program Files\dotnet\packs\Microsoft.NETCore.App.Ref\8.0.25\ref/net8.0/System.Drawing.dll [C:\Users\ultra\warewolf\Dev\Warewolf.Core.Tests\Warewolf.Core.Tests.csproj]
C:\Program Files\dotnet\sdk\10.0.201\Microsoft.Common.CurrentVersion.targets(2451,5): warning MSB3277:             C:\Users\ultra\.nuget\packages\aerowizard\2.3.1\lib\net45\AeroWizard.dll [C:\Users\ultra\warewolf\Dev\Warewolf.Core.Tests\Warewolf.Core.Tests.csproj]
C:\Program Files\dotnet\sdk\10.0.201\Microsoft.Common.CurrentVersion.targets(2451,5): warning MSB3277:             C:\Users\ultra\.nuget\packages\groupcontrols\1.9.0\lib\net45\GroupControls.dll [C:\Users\ultra\warewolf\Dev\Warewolf.Core.Tests\Warewolf.Core.Tests.csproj]
C:\Program Files\dotnet\sdk\10.0.201\Microsoft.Common.CurrentVersion.targets(2451,5): warning MSB3277:             C:\Users\ultra\.nuget\packages\taskschedulereditor\2.10.1\lib\net452\Microsoft.Win32.TaskSchedulerEditor.dll [C:\Users\ultra\warewolf\Dev\Warewolf.Core.Tests\Warewolf.Core.Tests.csproj]
  Warewolf.Studio.Core -> C:\Users\ultra\warewolf\Dev\Warewolf.Studio.Core\bin\Debug\net8.0\Warewolf.Studio.Core.dll
C:\Program Files\dotnet\sdk\10.0.201\Microsoft.Common.CurrentVersion.targets(2451,5): warning MSB3245: Could not resolve this reference. Could not locate the assembly "System.ServiceModel.Activities". Check to make sure the assembly exists on disk. If this reference is required by your code, you may get compilation errors. [C:\Users\ultra\warewolf\Dev\Dev2.Activities\Dev2.Activities.csproj]
C:\Program Files\dotnet\sdk\10.0.201\Microsoft.Common.CurrentVersion.targets(2451,5): warning MSB3277: Found conflicts between different versions of "WindowsBase" that could not be resolved. [C:\Users\ultra\warewolf\Dev\Dev2.Activities\Dev2.Activities.csproj]
C:\Program Files\dotnet\sdk\10.0.201\Microsoft.Common.CurrentVersion.targets(2451,5): warning MSB3277: There was a conflict between "WindowsBase, Version=4.0.0.0, Culture=neutral, PublicKeyToken=31bf3856ad364e35" and "WindowsBase, Version=6.0.2.0, Culture=neutral, PublicKeyToken=31bf3856ad364e35". [C:\Users\ultra\warewolf\Dev\Dev2.Activities\Dev2.Activities.csproj]
C:\Program Files\dotnet\sdk\10.0.201\Microsoft.Common.CurrentVersion.targets(2451,5): warning MSB3277:     "WindowsBase, Version=4.0.0.0, Culture=neutral, PublicKeyToken=31bf3856ad364e35" was chosen because it was primary and "WindowsBase, Version=6.0.2.0, Culture=neutral, PublicKeyToken=31bf3856ad364e35" was not. [C:\Users\ultra\warewolf\Dev\Dev2.Activities\Dev2.Activities.csproj]
C:\Program Files\dotnet\sdk\10.0.201\Microsoft.Common.CurrentVersion.targets(2451,5): warning MSB3277:     References which depend on "WindowsBase, Version=4.0.0.0, Culture=neutral, PublicKeyToken=31bf3856ad364e35" [C:\Program Files\dotnet\packs\Microsoft.NETCore.App.Ref\8.0.25\ref\net8.0\WindowsBase.dll]. [C:\Users\ultra\warewolf\Dev\Dev2.Activities\Dev2.Activities.csproj]
C:\Program Files\dotnet\sdk\10.0.201\Microsoft.Common.CurrentVersion.targets(2451,5): warning MSB3277:         C:\Program Files\dotnet\packs\Microsoft.NETCore.App.Ref\8.0.25\ref\net8.0\WindowsBase.dll [C:\Users\ultra\warewolf\Dev\Dev2.Activities\Dev2.Activities.csproj]
C:\Program Files\dotnet\sdk\10.0.201\Microsoft.Common.CurrentVersion.targets(2451,5): warning MSB3277:           Project file item includes which caused reference "C:\Program Files\dotnet\packs\Microsoft.NETCore.App.Ref\8.0.25\ref\net8.0\WindowsBase.dll". [C:\Users\ultra\warewolf\Dev\Dev2.Activities\Dev2.Activities.csproj]
C:\Program Files\dotnet\sdk\10.0.201\Microsoft.Common.CurrentVersion.targets(2451,5): warning MSB3277:             C:\Program Files\dotnet\packs\Microsoft.NETCore.App.Ref\8.0.25\ref/net8.0/WindowsBase.dll [C:\Users\ultra\warewolf\Dev\Dev2.Activities\Dev2.Activities.csproj]
C:\Program Files\dotnet\sdk\10.0.201\Microsoft.Common.CurrentVersion.targets(2451,5): warning MSB3277:     References which depend on or have been unified to "WindowsBase, Version=6.0.2.0, Culture=neutral, PublicKeyToken=31bf3856ad364e35" []. [C:\Users\ultra\warewolf\Dev\Dev2.Activities\Dev2.Activities.csproj]
C:\Program Files\dotnet\sdk\10.0.201\Microsoft.Common.CurrentVersion.targets(2451,5): warning MSB3277:         C:\Users\ultra\.nuget\packages\caliburn.micro\4.0.212\lib\netcoreapp3.1\Caliburn.Micro.Platform.dll [C:\Users\ultra\warewolf\Dev\Dev2.Activities\Dev2.Activities.csproj]
C:\Program Files\dotnet\sdk\10.0.201\Microsoft.Common.CurrentVersion.targets(2451,5): warning MSB3277:           Project file item includes which caused reference "C:\Users\ultra\.nuget\packages\caliburn.micro\4.0.212\lib\netcoreapp3.1\Caliburn.Micro.Platform.dll". [C:\Users\ultra\warewolf\Dev\Dev2.Activities\Dev2.Activities.csproj]
C:\Program Files\dotnet\sdk\10.0.201\Microsoft.Common.CurrentVersion.targets(2451,5): warning MSB3277:             C:\Users\ultra\.nuget\packages\caliburn.micro\4.0.212\lib\netcoreapp3.1\Caliburn.Micro.Platform.dll [C:\Users\ultra\warewolf\Dev\Dev2.Activities\Dev2.Activities.csproj]
C:\Program Files\dotnet\sdk\10.0.201\Microsoft.Common.CurrentVersion.targets(2451,5): warning MSB3277:         C:\Users\ultra\.nuget\packages\ironpython\3.4.0\lib\net6.0\IronPython.Wpf.dll [C:\Users\ultra\warewolf\Dev\Dev2.Activities\Dev2.Activities.csproj]
C:\Program Files\dotnet\sdk\10.0.201\Microsoft.Common.CurrentVersion.targets(2451,5): warning MSB3277:           Project file item includes which caused reference "C:\Users\ultra\.nuget\packages\ironpython\3.4.0\lib\net6.0\IronPython.Wpf.dll". [C:\Users\ultra\warewolf\Dev\Dev2.Activities\Dev2.Activities.csproj]
C:\Program Files\dotnet\sdk\10.0.201\Microsoft.Common.CurrentVersion.targets(2451,5): warning MSB3277:             C:\Users\ultra\.nuget\packages\ironpython\3.4.0\lib\net6.0\IronPython.Wpf.dll [C:\Users\ultra\warewolf\Dev\Dev2.Activities\Dev2.Activities.csproj]
C:\Program Files\dotnet\sdk\10.0.201\Microsoft.Common.CurrentVersion.targets(2451,5): warning MSB3277:         C:\Users\ultra\.nuget\packages\microsoft.xaml.behaviors.wpf\1.1.19\lib\netcoreapp3.0\Microsoft.Xaml.Behaviors.dll [C:\Users\ultra\warewolf\Dev\Dev2.Activities\Dev2.Activities.csproj]
C:\Program Files\dotnet\sdk\10.0.201\Microsoft.Common.CurrentVersion.targets(2451,5): warning MSB3277:           Project file item includes which caused reference "C:\Users\ultra\.nuget\packages\microsoft.xaml.behaviors.wpf\1.1.19\lib\netcoreapp3.0\Microsoft.Xaml.Behaviors.dll". [C:\Users\ultra\warewolf\Dev\Dev2.Activities\Dev2.Activities.csproj]
C:\Program Files\dotnet\sdk\10.0.201\Microsoft.Common.CurrentVersion.targets(2451,5): warning MSB3277:             C:\Users\ultra\.nuget\packages\microsoft.xaml.behaviors.wpf\1.1.19\lib\netcoreapp3.0\Microsoft.Xaml.Behaviors.dll [C:\Users\ultra\warewolf\Dev\Dev2.Activities\Dev2.Activities.csproj]
C:\Program Files\dotnet\sdk\10.0.201\Microsoft.Common.CurrentVersion.targets(2451,5): warning MSB3277:             C:\Users\ultra\.nuget\packages\caliburn.micro\4.0.212\lib\netcoreapp3.1\Caliburn.Micro.Platform.dll [C:\Users\ultra\warewolf\Dev\Dev2.Activities\Dev2.Activities.csproj]
C:\Program Files\dotnet\sdk\10.0.201\Microsoft.Common.CurrentVersion.targets(2451,5): warning MSB3277:         C:\Users\ultra\.nuget\packages\reactiveui.wpf\18.4.1\lib\net462\ReactiveUI.Wpf.dll [C:\Users\ultra\warewolf\Dev\Dev2.Activities\Dev2.Activities.csproj]
C:\Program Files\dotnet\sdk\10.0.201\Microsoft.Common.CurrentVersion.targets(2451,5): warning MSB3277:           Project file item includes which caused reference "C:\Users\ultra\.nuget\packages\reactiveui.wpf\18.4.1\lib\net462\ReactiveUI.Wpf.dll". [C:\Users\ultra\warewolf\Dev\Dev2.Activities\Dev2.Activities.csproj]
C:\Program Files\dotnet\sdk\10.0.201\Microsoft.Common.CurrentVersion.targets(2451,5): warning MSB3277:             C:\Users\ultra\.nuget\packages\reactiveui.wpf\18.4.1\lib\net462\ReactiveUI.Wpf.dll [C:\Users\ultra\warewolf\Dev\Dev2.Activities\Dev2.Activities.csproj]
  Consider app.config remapping of assembly "System.Runtime.CompilerServices.Unsafe, Culture=neutral, PublicKeyToken=b03f5f7f11d50a3a" from Version "6.0.0.0" [] to Version "8.0.0.0" [C:\Program Files\dotnet\packs\Microsoft.NETCore.App.Ref\8.0.25\ref\net8.0\System.Runtime.CompilerServices.Unsafe.dll] to solve conflict and get rid of warning.
  Warewolf.HangfireServer -> C:\Users\ultra\warewolf\Dev\Warewolf.HangfireServer\bin\Debug\net8.0\HangfireServer.dll
  Warewolf.HangfireServer -> C:\Users\ultra\warewolf\Dev\Warewolf.HangfireServer\bin\Debug\net8.0\linux-x64\HangfireServer.dll
C:\Users\ultra\warewolf\Dev\Dev2.Activities\WorkflowConverters\ActivityPropertiesReaderHelper.cs(54,45): warning CS8632: The annotation for nullable reference types should only be used in code within a '#nullable' annotations context. [C:\Users\ultra\warewolf\Dev\Dev2.Activities\Dev2.Activities.csproj]
C:\Users\ultra\warewolf\Dev\Dev2.Activities\WorkflowConverters\SwitchActivityDataHelper.cs(106,58): warning CS8632: The annotation for nullable reference types should only be used in code within a '#nullable' annotations context. [C:\Users\ultra\warewolf\Dev\Dev2.Activities\Dev2.Activities.csproj]
C:\Users\ultra\warewolf\Dev\Dev2.Activities\WorkflowConverters\SwitchActivityDataHelper.cs(225,65): warning CS8632: The annotation for nullable reference types should only be used in code within a '#nullable' annotations context. [C:\Users\ultra\warewolf\Dev\Dev2.Activities\Dev2.Activities.csproj]
C:\Users\ultra\warewolf\Dev\Dev2.Activities\WorkflowConverters\SwitchActivityDataHelper.cs(225,25): warning CS8632: The annotation for nullable reference types should only be used in code within a '#nullable' annotations context. [C:\Users\ultra\warewolf\Dev\Dev2.Activities\Dev2.Activities.csproj]
C:\Users\ultra\warewolf\Dev\Dev2.Activities\WorkflowConverters\SwitchActivityDataHelper.cs(342,61): warning CS8632: The annotation for nullable reference types should only be used in code within a '#nullable' annotations context. [C:\Users\ultra\warewolf\Dev\Dev2.Activities\Dev2.Activities.csproj]
C:\Users\ultra\warewolf\Dev\Dev2.Activities\WorkflowConverters\SwitchActivityDataHelper.cs(342,30): warning CS8632: The annotation for nullable reference types should only be used in code within a '#nullable' annotations context. [C:\Users\ultra\warewolf\Dev\Dev2.Activities\Dev2.Activities.csproj]
C:\Users\ultra\warewolf\Dev\Dev2.Activities\WorkflowConverters\SwitchActivityDataHelper.cs(32,25): warning CS8632: The annotation for nullable reference types should only be used in code within a '#nullable' annotations context. [C:\Users\ultra\warewolf\Dev\Dev2.Activities\Dev2.Activities.csproj]
C:\Users\ultra\warewolf\Dev\Dev2.Activities\WorkflowConverters\SwitchActivityDataHelper.cs(33,25): warning CS8632: The annotation for nullable reference types should only be used in code within a '#nullable' annotations context. [C:\Users\ultra\warewolf\Dev\Dev2.Activities\Dev2.Activities.csproj]
C:\Users\ultra\warewolf\Dev\Dev2.Activities\WorkflowConverters\SwitchActivityDataHelper.cs(34,25): warning CS8632: The annotation for nullable reference types should only be used in code within a '#nullable' annotations context. [C:\Users\ultra\warewolf\Dev\Dev2.Activities\Dev2.Activities.csproj]
C:\Users\ultra\warewolf\Dev\Dev2.Activities\WorkflowConverters\SwitchActivityDataHelper.cs(35,25): warning CS8632: The annotation for nullable reference types should only be used in code within a '#nullable' annotations context. [C:\Users\ultra\warewolf\Dev\Dev2.Activities\Dev2.Activities.csproj]
C:\Users\ultra\warewolf\Dev\Dev2.Activities\WorkflowConverters\SwitchActivityDataHelper.cs(36,25): warning CS8632: The annotation for nullable reference types should only be used in code within a '#nullable' annotations context. [C:\Users\ultra\warewolf\Dev\Dev2.Activities\Dev2.Activities.csproj]
C:\Users\ultra\warewolf\Dev\Dev2.Activities\WorkflowConverters\SwitchActivityDataHelper.cs(37,25): warning CS8632: The annotation for nullable reference types should only be used in code within a '#nullable' annotations context. [C:\Users\ultra\warewolf\Dev\Dev2.Activities\Dev2.Activities.csproj]
C:\Users\ultra\warewolf\Dev\Dev2.Activities\WorkflowConverters\SwitchActivityDataHelper.cs(108,19): warning CS8632: The annotation for nullable reference types should only be used in code within a '#nullable' annotations context. [C:\Users\ultra\warewolf\Dev\Dev2.Activities\Dev2.Activities.csproj]
C:\Users\ultra\warewolf\Dev\Dev2.Activities\WorkflowConverters\ActivityPropertiesReaderHelper.cs(60,59): warning CS8632: The annotation for nullable reference types should only be used in code within a '#nullable' annotations context. [C:\Users\ultra\warewolf\Dev\Dev2.Activities\Dev2.Activities.csproj]
C:\Users\ultra\warewolf\Dev\Dev2.Activities\Activities\GateActivity.cs(639,21): warning CC0003: Consider adding an Exception to the catch. (https://code-cracker.github.io/diagnostics/CC0003.html) [C:\Users\ultra\warewolf\Dev\Dev2.Activities\Dev2.Activities.csproj]
C:\Users\ultra\warewolf\Dev\Dev2.Activities\Activities\GateActivity.cs(656,21): warning CC0003: Consider adding an Exception to the catch. (https://code-cracker.github.io/diagnostics/CC0003.html) [C:\Users\ultra\warewolf\Dev\Dev2.Activities\Dev2.Activities.csproj]
C:\Users\ultra\warewolf\Dev\Dev2.Activities\Activities\GateActivity.cs(733,24): warning CC0022: WarewolfListIterator should be disposed. (https://code-cracker.github.io/diagnostics/CC0022.html) [C:\Users\ultra\warewolf\Dev\Dev2.Activities\Dev2.Activities.csproj]
C:\Users\ultra\warewolf\Dev\Dev2.Activities\Activities\WebPostActivity.cs(238,28): warning CC0022: WarewolfListIterator should be disposed. (https://code-cracker.github.io/diagnostics/CC0022.html) [C:\Users\ultra\warewolf\Dev\Dev2.Activities\Dev2.Activities.csproj]
C:\Users\ultra\warewolf\Dev\Dev2.Activities\WorkflowConverters\X6ToWorkflowConverter.cs(375,13): warning CC0003: Consider adding an Exception to the catch. (https://code-cracker.github.io/diagnostics/CC0003.html) [C:\Users\ultra\warewolf\Dev\Dev2.Activities\Dev2.Activities.csproj]
C:\Users\ultra\warewolf\Dev\Dev2.Activities\Activities\WebPostActivityNew.cs(281,28): warning CC0022: WarewolfListIterator should be disposed. (https://code-cracker.github.io/diagnostics/CC0022.html) [C:\Users\ultra\warewolf\Dev\Dev2.Activities\Dev2.Activities.csproj]
C:\Users\ultra\warewolf\Dev\Dev2.Activities\WorkflowConverters\X6ToWorkflowConverter.cs(833,17): warning CC0120: Consider put an default clause in Switch. (https://code-cracker.github.io/diagnostics/CC0120.html) [C:\Users\ultra\warewolf\Dev\Dev2.Activities\Dev2.Activities.csproj]
C:\Users\ultra\warewolf\Dev\Dev2.Activities\WorkflowConverters\X6ToWorkflowConverter.cs(958,13): warning CC0004: Empty Catch Block. (https://code-cracker.github.io/diagnostics/CC0004.html) [C:\Users\ultra\warewolf\Dev\Dev2.Activities\Dev2.Activities.csproj]
C:\Users\ultra\warewolf\Dev\Dev2.Activities\Activities\PathOperations\FileWriteActivity.cs(54,26): warning CC0022: WarewolfListIterator should be disposed. (https://code-cracker.github.io/diagnostics/CC0022.html) [C:\Users\ultra\warewolf\Dev\Dev2.Activities\Dev2.Activities.csproj]
C:\Users\ultra\warewolf\Dev\Dev2.Activities\Activities\DsfWebActivityBase.cs(136,96): warning CC0022: StringContent should be disposed. (https://code-cracker.github.io/diagnostics/CC0022.html) [C:\Users\ultra\warewolf\Dev\Dev2.Activities\Dev2.Activities.csproj]
C:\Users\ultra\warewolf\Dev\Dev2.Activities\Activities\DsfWebActivityBase.cs(158,42): warning CC0022: StreamReader should be disposed. (https://code-cracker.github.io/diagnostics/CC0022.html) [C:\Users\ultra\warewolf\Dev\Dev2.Activities\Dev2.Activities.csproj]
C:\Users\ultra\warewolf\Dev\Dev2.Activities\Activities\DsfWebActivityBase.cs(175,35): warning CC0022: ByteArrayContent should be disposed. (https://code-cracker.github.io/diagnostics/CC0022.html) [C:\Users\ultra\warewolf\Dev\Dev2.Activities\Dev2.Activities.csproj]
C:\Users\ultra\warewolf\Dev\Dev2.Activities\Activities\DsfWebActivityBase.cs(184,31): warning CC0022: StringContent should be disposed. (https://code-cracker.github.io/diagnostics/CC0022.html) [C:\Users\ultra\warewolf\Dev\Dev2.Activities\Dev2.Activities.csproj]
C:\Users\ultra\warewolf\Dev\Dev2.Activities\WorkflowConverters\WorkflowToX6Converter.cs(567,13): warning CC0105: Use 'var' instead of specifying the type name. (https://code-cracker.github.io/diagnostics/CC0105.html) [C:\Users\ultra\warewolf\Dev\Dev2.Activities\Dev2.Activities.csproj]
C:\Users\ultra\warewolf\Dev\Dev2.Activities\Activities\GetSystemInformationHelper.cs(95,36): warning CA1416: This call site is reachable on all platforms. 'ManagementBaseObject.GetPropertyValue(string)' is only supported on: 'windows'. (https://learn.microsoft.com/dotnet/fundamentals/code-analysis/quality-rules/ca1416) [C:\Users\ultra\warewolf\Dev\Dev2.Activities\Dev2.Activities.csproj]
C:\Users\ultra\warewolf\Dev\Dev2.Activities\Activities\GetSystemInformationHelper.cs(326,28): warning CA1416: This call site is reachable on all platforms. 'ObjectQuery' is only supported on: 'windows'. (https://learn.microsoft.com/dotnet/fundamentals/code-analysis/quality-rules/ca1416) [C:\Users\ultra\warewolf\Dev\Dev2.Activities\Dev2.Activities.csproj]
C:\Users\ultra\warewolf\Dev\Dev2.Activities\Activities\GetSystemInformationHelper.cs(332,60): warning CA1416: This call site is reachable on all platforms. 'ManagementBaseObject.this[string]' is only supported on: 'windows'. (https://learn.microsoft.com/dotnet/fundamentals/code-analysis/quality-rules/ca1416) [C:\Users\ultra\warewolf\Dev\Dev2.Activities\Dev2.Activities.csproj]
C:\Users\ultra\warewolf\Dev\Dev2.Activities\Activities\GetSystemInformationHelper.cs(327,28): warning CA1416: This call site is reachable on all platforms. 'ManagementObjectSearcher' is only supported on: 'windows'. (https://learn.microsoft.com/dotnet/fundamentals/code-analysis/quality-rules/ca1416) [C:\Users\ultra\warewolf\Dev\Dev2.Activities\Dev2.Activities.csproj]
C:\Users\ultra\warewolf\Dev\Dev2.Activities\Activities\GetSystemInformationHelper.cs(329,31): warning CA1416: This call site is reachable on all platforms. 'ManagementObjectSearcher.Get()' is only supported on: 'windows'. (https://learn.microsoft.com/dotnet/fundamentals/code-analysis/quality-rules/ca1416) [C:\Users\ultra\warewolf\Dev\Dev2.Activities\Dev2.Activities.csproj]
C:\Users\ultra\warewolf\Dev\Dev2.Activities\Activities\GetSystemInformationHelper.cs(346,58): warning CA1416: This call site is reachable on all platforms. 'ManagementBaseObject.this[string]' is only supported on: 'windows'. (https://learn.microsoft.com/dotnet/fundamentals/code-analysis/quality-rules/ca1416) [C:\Users\ultra\warewolf\Dev\Dev2.Activities\Dev2.Activities.csproj]
C:\Users\ultra\warewolf\Dev\Dev2.Activities\Activities\GetSystemInformationHelper.cs(345,53): warning CA1416: This call site is reachable on all platforms. 'ManagementBaseObject.this[string]' is only supported on: 'windows'. (https://learn.microsoft.com/dotnet/fundamentals/code-analysis/quality-rules/ca1416) [C:\Users\ultra\warewolf\Dev\Dev2.Activities\Dev2.Activities.csproj]
C:\Users\ultra\warewolf\Dev\Dev2.Activities\Activities\GetSystemInformationHelper.cs(340,28): warning CA1416: This call site is reachable on all platforms. 'ObjectQuery' is only supported on: 'windows'. (https://learn.microsoft.com/dotnet/fundamentals/code-analysis/quality-rules/ca1416) [C:\Users\ultra\warewolf\Dev\Dev2.Activities\Dev2.Activities.csproj]
C:\Users\ultra\warewolf\Dev\Dev2.Activities\Activities\GetSystemInformationHelper.cs(342,31): warning CA1416: This call site is reachable on all platforms. 'ManagementObjectSearcher.Get()' is only supported on: 'windows'. (https://learn.microsoft.com/dotnet/fundamentals/code-analysis/quality-rules/ca1416) [C:\Users\ultra\warewolf\Dev\Dev2.Activities\Dev2.Activities.csproj]
C:\Users\ultra\warewolf\Dev\Dev2.Activities\Activities\GetSystemInformationHelper.cs(341,28): warning CA1416: This call site is reachable on all platforms. 'ManagementObjectSearcher' is only supported on: 'windows'. (https://learn.microsoft.com/dotnet/fundamentals/code-analysis/quality-rules/ca1416) [C:\Users\ultra\warewolf\Dev\Dev2.Activities\Dev2.Activities.csproj]
C:\Users\ultra\warewolf\Dev\Dev2.Activities\Activities\GetSystemInformationHelper.cs(370,92): warning CA1416: This call site is reachable on all platforms. 'WindowsIdentity.GetCurrent()' is only supported on: 'windows'. (https://learn.microsoft.com/dotnet/fundamentals/code-analysis/quality-rules/ca1416) [C:\Users\ultra\warewolf\Dev\Dev2.Activities\Dev2.Activities.csproj]
C:\Users\ultra\warewolf\Dev\Dev2.Activities\Activities\GetSystemInformationHelper.cs(374,37): warning CA1416: This call site is reachable on all platforms. 'WindowsIdentity.Groups' is only supported on: 'windows'. (https://learn.microsoft.com/dotnet/fundamentals/code-analysis/quality-rules/ca1416) [C:\Users\ultra\warewolf\Dev\Dev2.Activities\Dev2.Activities.csproj]
C:\Users\ultra\warewolf\Dev\Dev2.Activities\Activities\GetSystemInformationHelper.cs(372,17): warning CA1416: This call site is reachable on all platforms. 'WindowsIdentity.Groups' is only supported on: 'windows'. (https://learn.microsoft.com/dotnet/fundamentals/code-analysis/quality-rules/ca1416) [C:\Users\ultra\warewolf\Dev\Dev2.Activities\Dev2.Activities.csproj]
C:\Users\ultra\warewolf\Dev\Dev2.Activities\Activities\GetSystemInformationHelper.cs(397,49): warning CA1416: This call site is reachable on all platforms. 'ManagementBaseObject.this[string]' is only supported on: 'windows'. (https://learn.microsoft.com/dotnet/fundamentals/code-analysis/quality-rules/ca1416) [C:\Users\ultra\warewolf\Dev\Dev2.Activities\Dev2.Activities.csproj]
C:\Users\ultra\warewolf\Dev\Dev2.Activities\Activities\GetSystemInformationHelper.cs(392,90): warning CA1416: This call site is reachable on all platforms. 'IdentityReference.Value' is only supported on: 'windows'. (https://learn.microsoft.com/dotnet/fundamentals/code-analysis/quality-rules/ca1416) [C:\Users\ultra\warewolf\Dev\Dev2.Activities\Dev2.Activities.csproj]
C:\Users\ultra\warewolf\Dev\Dev2.Activities\Activities\GetSystemInformationHelper.cs(387,28): warning CA1416: This call site is reachable on all platforms. 'IdentityReference.Value' is only supported on: 'windows'. (https://learn.microsoft.com/dotnet/fundamentals/code-analysis/quality-rules/ca1416) [C:\Users\ultra\warewolf\Dev\Dev2.Activities\Dev2.Activities.csproj]
C:\Users\ultra\warewolf\Dev\Dev2.Activities\Activities\GetSystemInformationHelper.cs(386,39): warning CA1416: This call site is reachable on all platforms. 'IdentityReference.Translate(Type)' is only supported on: 'windows'. (https://learn.microsoft.com/dotnet/fundamentals/code-analysis/quality-rules/ca1416) [C:\Users\ultra\warewolf\Dev\Dev2.Activities\Dev2.Activities.csproj]
C:\Users\ultra\warewolf\Dev\Dev2.Activities\Activities\GetSystemInformationHelper.cs(393,32): warning CA1416: This call site is reachable on all platforms. 'ManagementObjectSearcher' is only supported on: 'windows'. (https://learn.microsoft.com/dotnet/fundamentals/code-analysis/quality-rules/ca1416) [C:\Users\ultra\warewolf\Dev\Dev2.Activities\Dev2.Activities.csproj]
C:\Users\ultra\warewolf\Dev\Dev2.Activities\Activities\GetSystemInformationHelper.cs(394,35): warning CA1416: This call site is reachable on all platforms. 'ManagementObjectSearcher.Get()' is only supported on: 'windows'. (https://learn.microsoft.com/dotnet/fundamentals/code-analysis/quality-rules/ca1416) [C:\Users\ultra\warewolf\Dev\Dev2.Activities\Dev2.Activities.csproj]
C:\Users\ultra\warewolf\Dev\Dev2.Activities\Activities\GetSystemInformationHelper.cs(392,32): warning CA1416: This call site is reachable on all platforms. 'ObjectQuery' is only supported on: 'windows'. (https://learn.microsoft.com/dotnet/fundamentals/code-analysis/quality-rules/ca1416) [C:\Users\ultra\warewolf\Dev\Dev2.Activities\Dev2.Activities.csproj]
C:\Users\ultra\warewolf\Dev\Dev2.Activities\Activities\GetSystemInformationHelper.cs(428,35): warning CA1416: This call site is reachable on all platforms. 'ManagementObjectSearcher.Get()' is only supported on: 'windows'. (https://learn.microsoft.com/dotnet/fundamentals/code-analysis/quality-rules/ca1416) [C:\Users\ultra\warewolf\Dev\Dev2.Activities\Dev2.Activities.csproj]
C:\Users\ultra\warewolf\Dev\Dev2.Activities\Activities\GetSystemInformationHelper.cs(431,57): warning CA1416: This call site is reachable on all platforms. 'ManagementBaseObject.this[string]' is only supported on: 'windows'. (https://learn.microsoft.com/dotnet/fundamentals/code-analysis/quality-rules/ca1416) [C:\Users\ultra\warewolf\Dev\Dev2.Activities\Dev2.Activities.csproj]
C:\Users\ultra\warewolf\Dev\Dev2.Activities\Activities\GetSystemInformationHelper.cs(426,32): warning CA1416: This call site is reachable on all platforms. 'ObjectQuery' is only supported on: 'windows'. (https://learn.microsoft.com/dotnet/fundamentals/code-analysis/quality-rules/ca1416) [C:\Users\ultra\warewolf\Dev\Dev2.Activities\Dev2.Activities.csproj]
C:\Users\ultra\warewolf\Dev\Dev2.Activities\Activities\GetSystemInformationHelper.cs(427,32): warning CA1416: This call site is reachable on all platforms. 'ManagementObjectSearcher' is only supported on: 'windows'. (https://learn.microsoft.com/dotnet/fundamentals/code-analysis/quality-rules/ca1416) [C:\Users\ultra\warewolf\Dev\Dev2.Activities\Dev2.Activities.csproj]
C:\Users\ultra\warewolf\Dev\Dev2.Activities\WorkflowConverters\WorkflowToX6Converter.cs(998,13): warning CC0004: Empty Catch Block. (https://code-cracker.github.io/diagnostics/CC0004.html) [C:\Users\ultra\warewolf\Dev\Dev2.Activities\Dev2.Activities.csproj]
C:\Users\ultra\warewolf\Dev\Dev2.Activities\WorkflowConverters\WorkflowToX6Converter.cs(1376,17): warning CC0004: Empty Catch Block. (https://code-cracker.github.io/diagnostics/CC0004.html) [C:\Users\ultra\warewolf\Dev\Dev2.Activities\Dev2.Activities.csproj]
C:\Users\ultra\warewolf\Dev\Dev2.Activities\WorkflowConverters\WorkflowToX6Converter.cs(1365,13): warning CC0006: You can use foreach instead of for. (https://code-cracker.github.io/diagnostics/CC0006.html) [C:\Users\ultra\warewolf\Dev\Dev2.Activities\Dev2.Activities.csproj]
  Dev2.Activities -> C:\Users\ultra\warewolf\Dev\Dev2.Activities\bin\Debug\net8.0\Dev2.Activities.dll
C:\Program Files\dotnet\sdk\10.0.201\Microsoft.Common.CurrentVersion.targets(2451,5): warning MSB3277: Found conflicts between different versions of "WindowsBase" that could not be resolved. [C:\Users\ultra\warewolf\Dev\Dev2.Runtime\Dev2.Runtime.csproj]
C:\Program Files\dotnet\sdk\10.0.201\Microsoft.Common.CurrentVersion.targets(2451,5): warning MSB3277: There was a conflict between "WindowsBase, Version=4.0.0.0, Culture=neutral, PublicKeyToken=31bf3856ad364e35" and "WindowsBase, Version=6.0.2.0, Culture=neutral, PublicKeyToken=31bf3856ad364e35". [C:\Users\ultra\warewolf\Dev\Dev2.Runtime\Dev2.Runtime.csproj]
C:\Program Files\dotnet\sdk\10.0.201\Microsoft.Common.CurrentVersion.targets(2451,5): warning MSB3277:     "WindowsBase, Version=4.0.0.0, Culture=neutral, PublicKeyToken=31bf3856ad364e35" was chosen because it was primary and "WindowsBase, Version=6.0.2.0, Culture=neutral, PublicKeyToken=31bf3856ad364e35" was not. [C:\Users\ultra\warewolf\Dev\Dev2.Runtime\Dev2.Runtime.csproj]
C:\Program Files\dotnet\sdk\10.0.201\Microsoft.Common.CurrentVersion.targets(2451,5): warning MSB3277:     References which depend on "WindowsBase, Version=4.0.0.0, Culture=neutral, PublicKeyToken=31bf3856ad364e35" [C:\Program Files\dotnet\packs\Microsoft.NETCore.App.Ref\8.0.25\ref\net8.0\WindowsBase.dll]. [C:\Users\ultra\warewolf\Dev\Dev2.Runtime\Dev2.Runtime.csproj]
C:\Program Files\dotnet\sdk\10.0.201\Microsoft.Common.CurrentVersion.targets(2451,5): warning MSB3277:         C:\Program Files\dotnet\packs\Microsoft.NETCore.App.Ref\8.0.25\ref\net8.0\WindowsBase.dll [C:\Users\ultra\warewolf\Dev\Dev2.Runtime\Dev2.Runtime.csproj]
C:\Program Files\dotnet\sdk\10.0.201\Microsoft.Common.CurrentVersion.targets(2451,5): warning MSB3277:           Project file item includes which caused reference "C:\Program Files\dotnet\packs\Microsoft.NETCore.App.Ref\8.0.25\ref\net8.0\WindowsBase.dll". [C:\Users\ultra\warewolf\Dev\Dev2.Runtime\Dev2.Runtime.csproj]
C:\Program Files\dotnet\sdk\10.0.201\Microsoft.Common.CurrentVersion.targets(2451,5): warning MSB3277:             C:\Program Files\dotnet\packs\Microsoft.NETCore.App.Ref\8.0.25\ref/net8.0/WindowsBase.dll [C:\Users\ultra\warewolf\Dev\Dev2.Runtime\Dev2.Runtime.csproj]
C:\Program Files\dotnet\sdk\10.0.201\Microsoft.Common.CurrentVersion.targets(2451,5): warning MSB3277:     References which depend on or have been unified to "WindowsBase, Version=6.0.2.0, Culture=neutral, PublicKeyToken=31bf3856ad364e35" []. [C:\Users\ultra\warewolf\Dev\Dev2.Runtime\Dev2.Runtime.csproj]
C:\Program Files\dotnet\sdk\10.0.201\Microsoft.Common.CurrentVersion.targets(2451,5): warning MSB3277:         C:\Users\ultra\.nuget\packages\caliburn.micro\4.0.212\lib\netcoreapp3.1\Caliburn.Micro.Platform.dll [C:\Users\ultra\warewolf\Dev\Dev2.Runtime\Dev2.Runtime.csproj]
C:\Program Files\dotnet\sdk\10.0.201\Microsoft.Common.CurrentVersion.targets(2451,5): warning MSB3277:           Project file item includes which caused reference "C:\Users\ultra\.nuget\packages\caliburn.micro\4.0.212\lib\netcoreapp3.1\Caliburn.Micro.Platform.dll". [C:\Users\ultra\warewolf\Dev\Dev2.Runtime\Dev2.Runtime.csproj]
C:\Program Files\dotnet\sdk\10.0.201\Microsoft.Common.CurrentVersion.targets(2451,5): warning MSB3277:             C:\Users\ultra\.nuget\packages\caliburn.micro\4.0.212\lib\netcoreapp3.1\Caliburn.Micro.Platform.dll [C:\Users\ultra\warewolf\Dev\Dev2.Runtime\Dev2.Runtime.csproj]
C:\Program Files\dotnet\sdk\10.0.201\Microsoft.Common.CurrentVersion.targets(2451,5): warning MSB3277:         C:\Users\ultra\.nuget\packages\ironpython\3.4.0\lib\net6.0\IronPython.Wpf.dll [C:\Users\ultra\warewolf\Dev\Dev2.Runtime\Dev2.Runtime.csproj]
C:\Program Files\dotnet\sdk\10.0.201\Microsoft.Common.CurrentVersion.targets(2451,5): warning MSB3277:           Project file item includes which caused reference "C:\Users\ultra\.nuget\packages\ironpython\3.4.0\lib\net6.0\IronPython.Wpf.dll". [C:\Users\ultra\warewolf\Dev\Dev2.Runtime\Dev2.Runtime.csproj]
C:\Program Files\dotnet\sdk\10.0.201\Microsoft.Common.CurrentVersion.targets(2451,5): warning MSB3277:             C:\Users\ultra\.nuget\packages\ironpython\3.4.0\lib\net6.0\IronPython.Wpf.dll [C:\Users\ultra\warewolf\Dev\Dev2.Runtime\Dev2.Runtime.csproj]
C:\Program Files\dotnet\sdk\10.0.201\Microsoft.Common.CurrentVersion.targets(2451,5): warning MSB3277:         C:\Users\ultra\.nuget\packages\microsoft.xaml.behaviors.wpf\1.1.19\lib\netcoreapp3.0\Microsoft.Xaml.Behaviors.dll [C:\Users\ultra\warewolf\Dev\Dev2.Runtime\Dev2.Runtime.csproj]
C:\Program Files\dotnet\sdk\10.0.201\Microsoft.Common.CurrentVersion.targets(2451,5): warning MSB3277:           Project file item includes which caused reference "C:\Users\ultra\.nuget\packages\microsoft.xaml.behaviors.wpf\1.1.19\lib\netcoreapp3.0\Microsoft.Xaml.Behaviors.dll". [C:\Users\ultra\warewolf\Dev\Dev2.Runtime\Dev2.Runtime.csproj]
C:\Program Files\dotnet\sdk\10.0.201\Microsoft.Common.CurrentVersion.targets(2451,5): warning MSB3277:             C:\Users\ultra\.nuget\packages\microsoft.xaml.behaviors.wpf\1.1.19\lib\netcoreapp3.0\Microsoft.Xaml.Behaviors.dll [C:\Users\ultra\warewolf\Dev\Dev2.Runtime\Dev2.Runtime.csproj]
C:\Program Files\dotnet\sdk\10.0.201\Microsoft.Common.CurrentVersion.targets(2451,5): warning MSB3277:             C:\Users\ultra\.nuget\packages\caliburn.micro\4.0.212\lib\netcoreapp3.1\Caliburn.Micro.Platform.dll [C:\Users\ultra\warewolf\Dev\Dev2.Runtime\Dev2.Runtime.csproj]
C:\Program Files\dotnet\sdk\10.0.201\Microsoft.Common.CurrentVersion.targets(2451,5): warning MSB3277:         C:\Users\ultra\.nuget\packages\reactiveui.wpf\18.4.1\lib\net462\ReactiveUI.Wpf.dll [C:\Users\ultra\warewolf\Dev\Dev2.Runtime\Dev2.Runtime.csproj]
C:\Program Files\dotnet\sdk\10.0.201\Microsoft.Common.CurrentVersion.targets(2451,5): warning MSB3277:           Project file item includes which caused reference "C:\Users\ultra\.nuget\packages\reactiveui.wpf\18.4.1\lib\net462\ReactiveUI.Wpf.dll". [C:\Users\ultra\warewolf\Dev\Dev2.Runtime\Dev2.Runtime.csproj]
C:\Program Files\dotnet\sdk\10.0.201\Microsoft.Common.CurrentVersion.targets(2451,5): warning MSB3277:             C:\Users\ultra\.nuget\packages\reactiveui.wpf\18.4.1\lib\net462\ReactiveUI.Wpf.dll [C:\Users\ultra\warewolf\Dev\Dev2.Runtime\Dev2.Runtime.csproj]
C:\Users\ultra\warewolf\Dev\Dev2.Runtime\ESB\Execution\RemoteWorkflowExecutionContainer.cs(235,35): warning SYSLIB0013: 'Uri.EscapeUriString(string)' is obsolete: 'Uri.EscapeUriString can corrupt the Uri string in some cases. Consider using Uri.EscapeDataString for query string components instead.' (https://aka.ms/dotnet-warnings/SYSLIB0013) [C:\Users\ultra\warewolf\Dev\Dev2.Runtime\Dev2.Runtime.csproj]
C:\Users\ultra\warewolf\Dev\Dev2.Runtime\ESB\Execution\RemoteWorkflowExecutionContainer.cs(301,39): warning SYSLIB0013: 'Uri.EscapeUriString(string)' is obsolete: 'Uri.EscapeUriString can corrupt the Uri string in some cases. Consider using Uri.EscapeDataString for query string components instead.' (https://aka.ms/dotnet-warnings/SYSLIB0013) [C:\Users\ultra\warewolf\Dev\Dev2.Runtime\Dev2.Runtime.csproj]
C:\Users\ultra\warewolf\Dev\Dev2.Runtime\ESB\WF\XamlActivityHelper.cs(66,13): warning CC0004: Empty Catch Block. (https://code-cracker.github.io/diagnostics/CC0004.html) [C:\Users\ultra\warewolf\Dev\Dev2.Runtime\Dev2.Runtime.csproj]
C:\Users\ultra\warewolf\Dev\Dev2.Runtime\ESB\WF\XamlActivityHelper.cs(133,13): warning CC0004: Empty Catch Block. (https://code-cracker.github.io/diagnostics/CC0004.html) [C:\Users\ultra\warewolf\Dev\Dev2.Runtime\Dev2.Runtime.csproj]
C:\Users\ultra\warewolf\Dev\Dev2.Runtime\ESB\WF\XamlActivityHelper.cs(179,17): warning CC0004: Empty Catch Block. (https://code-cracker.github.io/diagnostics/CC0004.html) [C:\Users\ultra\warewolf\Dev\Dev2.Runtime\Dev2.Runtime.csproj]
C:\Users\ultra\warewolf\Dev\Dev2.Runtime\ESB\WF\XamlActivityHelper.cs(230,17): warning CC0004: Empty Catch Block. (https://code-cracker.github.io/diagnostics/CC0004.html) [C:\Users\ultra\warewolf\Dev\Dev2.Runtime\Dev2.Runtime.csproj]
C:\Users\ultra\warewolf\Dev\Dev2.Runtime\ESB\WF\XamlActivityHelper.cs(240,43): warning CC0057: Parameter 'instance' is not used. (https://code-cracker.github.io/diagnostics/CC0057.html) [C:\Users\ultra\warewolf\Dev\Dev2.Runtime\Dev2.Runtime.csproj]
C:\Users\ultra\warewolf\Dev\Dev2.Runtime\ESB\Execution\WfExecutionContainer.cs(63,35): warning CC0067: Do not call overridable methods in constructors (https://code-cracker.github.io/diagnostics/CC0067.html) [C:\Users\ultra\warewolf\Dev\Dev2.Runtime\Dev2.Runtime.csproj]
C:\Users\ultra\warewolf\Dev\Dev2.Runtime\ESB\Execution\WfExecutionContainer.cs(774,37): warning CC0022: StateAuditLogger should be disposed. (https://code-cracker.github.io/diagnostics/CC0022.html) [C:\Users\ultra\warewolf\Dev\Dev2.Runtime\Dev2.Runtime.csproj]
C:\Users\ultra\warewolf\Dev\Dev2.Runtime\ESB\Execution\WfExecutionContainer.cs(578,33): warning CC0003: Consider adding an Exception to the catch. (https://code-cracker.github.io/diagnostics/CC0003.html) [C:\Users\ultra\warewolf\Dev\Dev2.Runtime\Dev2.Runtime.csproj]
C:\Users\ultra\warewolf\Dev\Dev2.Runtime\ESB\Execution\WfExecutionContainer.cs(819,17): warning CC0004: Empty Catch Block. (https://code-cracker.github.io/diagnostics/CC0004.html) [C:\Users\ultra\warewolf\Dev\Dev2.Runtime\Dev2.Runtime.csproj]
C:\Users\ultra\warewolf\Dev\Dev2.Runtime\ESB\Execution\WfExecutionContainer.cs(864,21): warning CC0004: Empty Catch Block. (https://code-cracker.github.io/diagnostics/CC0004.html) [C:\Users\ultra\warewolf\Dev\Dev2.Runtime\Dev2.Runtime.csproj]
C:\Users\ultra\warewolf\Dev\Dev2.Studio.Core\Activities\Services\DesignerManagementService.cs(75,13): warning CS0618: 'EventAggregatorExtensions.Subscribe(IEventAggregator, object)' is obsolete: 'Use SubscribeOnPublishedThread' [C:\Users\ultra\warewolf\Dev\Dev2.Studio.Core\Dev2.Studio.Core.csproj]
C:\Users\ultra\warewolf\Dev\Dev2.Studio.Core\AppResources\Converters\NullableBoolToBoolConverter.cs(31,45): warning CC0057: Parameter 'targetType' is not used. (https://code-cracker.github.io/diagnostics/CC0057.html) [C:\Users\ultra\warewolf\Dev\Dev2.Studio.Core\Dev2.Studio.Core.csproj]
C:\Users\ultra\warewolf\Dev\Dev2.Studio.Core\AppResources\Converters\NullableBoolToBoolConverter.cs(31,62): warning CC0057: Parameter 'parameter' is not used. (https://code-cracker.github.io/diagnostics/CC0057.html) [C:\Users\ultra\warewolf\Dev\Dev2.Studio.Core\Dev2.Studio.Core.csproj]
C:\Users\ultra\warewolf\Dev\Dev2.Studio.Core\AppResources\Converters\NullableBoolToBoolConverter.cs(31,80): warning CC0057: Parameter 'culture' is not used. (https://code-cracker.github.io/diagnostics/CC0057.html) [C:\Users\ultra\warewolf\Dev\Dev2.Studio.Core\Dev2.Studio.Core.csproj]
C:\Users\ultra\warewolf\Dev\Dev2.Studio.Core\AppResources\Converters\NullableBoolToBoolConverter.cs(41,23): warning CC0057: Parameter 'value' is not used. (https://code-cracker.github.io/diagnostics/CC0057.html) [C:\Users\ultra\warewolf\Dev\Dev2.Studio.Core\Dev2.Studio.Core.csproj]
C:\Users\ultra\warewolf\Dev\Dev2.Studio.Core\AppResources\Converters\NullableBoolToBoolConverter.cs(41,37): warning CC0057: Parameter 'targetType' is not used. (https://code-cracker.github.io/diagnostics/CC0057.html) [C:\Users\ultra\warewolf\Dev\Dev2.Studio.Core\Dev2.Studio.Core.csproj]
C:\Users\ultra\warewolf\Dev\Dev2.Studio.Core\AppResources\Converters\NullableBoolToBoolConverter.cs(41,54): warning CC0057: Parameter 'parameter' is not used. (https://code-cracker.github.io/diagnostics/CC0057.html) [C:\Users\ultra\warewolf\Dev\Dev2.Studio.Core\Dev2.Studio.Core.csproj]
C:\Users\ultra\warewolf\Dev\Dev2.Studio.Core\AppResources\Converters\NullableBoolToBoolConverter.cs(41,72): warning CC0057: Parameter 'culture' is not used. (https://code-cracker.github.io/diagnostics/CC0057.html) [C:\Users\ultra\warewolf\Dev\Dev2.Studio.Core\Dev2.Studio.Core.csproj]
C:\Users\ultra\warewolf\Dev\Dev2.Studio.Core\AppResources\Converters\ModelItemToActivityConverter.cs(31,42): warning CC0057: Parameter 'targetType' is not used. (https://code-cracker.github.io/diagnostics/CC0057.html) [C:\Users\ultra\warewolf\Dev\Dev2.Studio.Core\Dev2.Studio.Core.csproj]
C:\Users\ultra\warewolf\Dev\Dev2.Studio.Core\AppResources\Converters\ModelItemToActivityConverter.cs(31,59): warning CC0057: Parameter 'parameter' is not used. (https://code-cracker.github.io/diagnostics/CC0057.html) [C:\Users\ultra\warewolf\Dev\Dev2.Studio.Core\Dev2.Studio.Core.csproj]
C:\Users\ultra\warewolf\Dev\Dev2.Studio.Core\AppResources\Converters\ModelItemToActivityConverter.cs(31,77): warning CC0057: Parameter 'culture' is not used. (https://code-cracker.github.io/diagnostics/CC0057.html) [C:\Users\ultra\warewolf\Dev\Dev2.Studio.Core\Dev2.Studio.Core.csproj]
C:\Users\ultra\warewolf\Dev\Dev2.Studio.Core\AppResources\Converters\ModelItemToActivityConverter.cs(45,46): warning CC0057: Parameter 'targetType' is not used. (https://code-cracker.github.io/diagnostics/CC0057.html) [C:\Users\ultra\warewolf\Dev\Dev2.Studio.Core\Dev2.Studio.Core.csproj]
C:\Users\ultra\warewolf\Dev\Dev2.Studio.Core\AppResources\Converters\ModelItemToActivityConverter.cs(45,81): warning CC0057: Parameter 'culture' is not used. (https://code-cracker.github.io/diagnostics/CC0057.html) [C:\Users\ultra\warewolf\Dev\Dev2.Studio.Core\Dev2.Studio.Core.csproj]
C:\Users\ultra\warewolf\Dev\Dev2.Studio.Core\Diagnostics\DebugStateTreeViewItemViewModel.cs(119,13): warning CC0105: Use 'var' instead of specifying the type name. (https://code-cracker.github.io/diagnostics/CC0105.html) [C:\Users\ultra\warewolf\Dev\Dev2.Studio.Core\Dev2.Studio.Core.csproj]
C:\Users\ultra\warewolf\Dev\Dev2.Studio.Core\DataList\Dev2TrieSuggestionProvider.cs(180,13): warning CC0004: Empty Catch Block. (https://code-cracker.github.io/diagnostics/CC0004.html) [C:\Users\ultra\warewolf\Dev\Dev2.Studio.Core\Dev2.Studio.Core.csproj]
  Dev2.Runtime -> C:\Users\ultra\warewolf\Dev\Dev2.Runtime\bin\Debug\net8.0\Dev2.Runtime.dll
  Dev2.Studio.Core -> C:\Users\ultra\warewolf\Dev\Dev2.Studio.Core\bin\Debug\net8.0\Dev2.Studio.Core.dll
C:\Program Files\dotnet\sdk\10.0.201\Microsoft.Common.CurrentVersion.targets(2451,5): warning MSB3277: Found conflicts between different versions of "WindowsBase" that could not be resolved. [C:\Users\ultra\warewolf\Dev\Warewolf.MergeParser\Warewolf.MergeParser.csproj]
C:\Program Files\dotnet\sdk\10.0.201\Microsoft.Common.CurrentVersion.targets(2451,5): warning MSB3277: There was a conflict between "WindowsBase, Version=4.0.0.0, Culture=neutral, PublicKeyToken=31bf3856ad364e35" and "WindowsBase, Version=6.0.2.0, Culture=neutral, PublicKeyToken=31bf3856ad364e35". [C:\Users\ultra\warewolf\Dev\Warewolf.MergeParser\Warewolf.MergeParser.csproj]
C:\Program Files\dotnet\sdk\10.0.201\Microsoft.Common.CurrentVersion.targets(2451,5): warning MSB3277:     "WindowsBase, Version=4.0.0.0, Culture=neutral, PublicKeyToken=31bf3856ad364e35" was chosen because it was primary and "WindowsBase, Version=6.0.2.0, Culture=neutral, PublicKeyToken=31bf3856ad364e35" was not. [C:\Users\ultra\warewolf\Dev\Warewolf.MergeParser\Warewolf.MergeParser.csproj]
C:\Program Files\dotnet\sdk\10.0.201\Microsoft.Common.CurrentVersion.targets(2451,5): warning MSB3277:     References which depend on "WindowsBase, Version=4.0.0.0, Culture=neutral, PublicKeyToken=31bf3856ad364e35" [C:\Program Files\dotnet\packs\Microsoft.NETCore.App.Ref\8.0.25\ref\net8.0\WindowsBase.dll]. [C:\Users\ultra\warewolf\Dev\Warewolf.MergeParser\Warewolf.MergeParser.csproj]
C:\Program Files\dotnet\sdk\10.0.201\Microsoft.Common.CurrentVersion.targets(2451,5): warning MSB3277:         C:\Program Files\dotnet\packs\Microsoft.NETCore.App.Ref\8.0.25\ref\net8.0\WindowsBase.dll [C:\Users\ultra\warewolf\Dev\Warewolf.MergeParser\Warewolf.MergeParser.csproj]
C:\Program Files\dotnet\sdk\10.0.201\Microsoft.Common.CurrentVersion.targets(2451,5): warning MSB3277:           Project file item includes which caused reference "C:\Program Files\dotnet\packs\Microsoft.NETCore.App.Ref\8.0.25\ref\net8.0\WindowsBase.dll". [C:\Users\ultra\warewolf\Dev\Warewolf.MergeParser\Warewolf.MergeParser.csproj]
C:\Program Files\dotnet\sdk\10.0.201\Microsoft.Common.CurrentVersion.targets(2451,5): warning MSB3277:             C:\Program Files\dotnet\packs\Microsoft.NETCore.App.Ref\8.0.25\ref/net8.0/WindowsBase.dll [C:\Users\ultra\warewolf\Dev\Warewolf.MergeParser\Warewolf.MergeParser.csproj]
C:\Program Files\dotnet\sdk\10.0.201\Microsoft.Common.CurrentVersion.targets(2451,5): warning MSB3277:     References which depend on or have been unified to "WindowsBase, Version=6.0.2.0, Culture=neutral, PublicKeyToken=31bf3856ad364e35" []. [C:\Users\ultra\warewolf\Dev\Warewolf.MergeParser\Warewolf.MergeParser.csproj]
C:\Program Files\dotnet\sdk\10.0.201\Microsoft.Common.CurrentVersion.targets(2451,5): warning MSB3277:         C:\Users\ultra\.nuget\packages\caliburn.micro\4.0.212\lib\netcoreapp3.1\Caliburn.Micro.Platform.dll [C:\Users\ultra\warewolf\Dev\Warewolf.MergeParser\Warewolf.MergeParser.csproj]
C:\Program Files\dotnet\sdk\10.0.201\Microsoft.Common.CurrentVersion.targets(2451,5): warning MSB3277:           Project file item includes which caused reference "C:\Users\ultra\.nuget\packages\caliburn.micro\4.0.212\lib\netcoreapp3.1\Caliburn.Micro.Platform.dll". [C:\Users\ultra\warewolf\Dev\Warewolf.MergeParser\Warewolf.MergeParser.csproj]
C:\Program Files\dotnet\sdk\10.0.201\Microsoft.Common.CurrentVersion.targets(2451,5): warning MSB3277:             C:\Users\ultra\.nuget\packages\caliburn.micro\4.0.212\lib\netcoreapp3.1\Caliburn.Micro.Platform.dll [C:\Users\ultra\warewolf\Dev\Warewolf.MergeParser\Warewolf.MergeParser.csproj]
C:\Program Files\dotnet\sdk\10.0.201\Microsoft.Common.CurrentVersion.targets(2451,5): warning MSB3277:         C:\Users\ultra\.nuget\packages\ironpython\3.4.0\lib\net6.0\IronPython.Wpf.dll [C:\Users\ultra\warewolf\Dev\Warewolf.MergeParser\Warewolf.MergeParser.csproj]
C:\Program Files\dotnet\sdk\10.0.201\Microsoft.Common.CurrentVersion.targets(2451,5): warning MSB3277:           Project file item includes which caused reference "C:\Users\ultra\.nuget\packages\ironpython\3.4.0\lib\net6.0\IronPython.Wpf.dll". [C:\Users\ultra\warewolf\Dev\Warewolf.MergeParser\Warewolf.MergeParser.csproj]
C:\Program Files\dotnet\sdk\10.0.201\Microsoft.Common.CurrentVersion.targets(2451,5): warning MSB3277:             C:\Users\ultra\.nuget\packages\ironpython\3.4.0\lib\net6.0\IronPython.Wpf.dll [C:\Users\ultra\warewolf\Dev\Warewolf.MergeParser\Warewolf.MergeParser.csproj]
C:\Program Files\dotnet\sdk\10.0.201\Microsoft.Common.CurrentVersion.targets(2451,5): warning MSB3277:         C:\Users\ultra\.nuget\packages\microsoft.xaml.behaviors.wpf\1.1.122\lib\net462\Microsoft.Xaml.Behaviors.dll [C:\Users\ultra\warewolf\Dev\Warewolf.MergeParser\Warewolf.MergeParser.csproj]
C:\Program Files\dotnet\sdk\10.0.201\Microsoft.Common.CurrentVersion.targets(2451,5): warning MSB3277:           Project file item includes which caused reference "C:\Users\ultra\.nuget\packages\microsoft.xaml.behaviors.wpf\1.1.122\lib\net462\Microsoft.Xaml.Behaviors.dll". [C:\Users\ultra\warewolf\Dev\Warewolf.MergeParser\Warewolf.MergeParser.csproj]
C:\Program Files\dotnet\sdk\10.0.201\Microsoft.Common.CurrentVersion.targets(2451,5): warning MSB3277:             C:\Users\ultra\.nuget\packages\microsoft.xaml.behaviors.wpf\1.1.122\lib\net462\Microsoft.Xaml.Behaviors.dll [C:\Users\ultra\warewolf\Dev\Warewolf.MergeParser\Warewolf.MergeParser.csproj]
C:\Program Files\dotnet\sdk\10.0.201\Microsoft.Common.CurrentVersion.targets(2451,5): warning MSB3277:             C:\Users\ultra\.nuget\packages\caliburn.micro\4.0.212\lib\netcoreapp3.1\Caliburn.Micro.Platform.dll [C:\Users\ultra\warewolf\Dev\Warewolf.MergeParser\Warewolf.MergeParser.csproj]
C:\Program Files\dotnet\sdk\10.0.201\Microsoft.Common.CurrentVersion.targets(2451,5): warning MSB3277:             C:\Users\ultra\.nuget\packages\prism.wpf\9.0.537\lib\net462\Prism.Wpf.dll [C:\Users\ultra\warewolf\Dev\Warewolf.MergeParser\Warewolf.MergeParser.csproj]
C:\Program Files\dotnet\sdk\10.0.201\Microsoft.Common.CurrentVersion.targets(2451,5): warning MSB3277:         C:\Users\ultra\.nuget\packages\prism.wpf\9.0.537\lib\net462\Prism.Wpf.dll [C:\Users\ultra\warewolf\Dev\Warewolf.MergeParser\Warewolf.MergeParser.csproj]
C:\Program Files\dotnet\sdk\10.0.201\Microsoft.Common.CurrentVersion.targets(2451,5): warning MSB3277:           Project file item includes which caused reference "C:\Users\ultra\.nuget\packages\prism.wpf\9.0.537\lib\net462\Prism.Wpf.dll". [C:\Users\ultra\warewolf\Dev\Warewolf.MergeParser\Warewolf.MergeParser.csproj]
C:\Program Files\dotnet\sdk\10.0.201\Microsoft.Common.CurrentVersion.targets(2451,5): warning MSB3277:             C:\Users\ultra\.nuget\packages\prism.wpf\9.0.537\lib\net462\Prism.Wpf.dll [C:\Users\ultra\warewolf\Dev\Warewolf.MergeParser\Warewolf.MergeParser.csproj]
C:\Program Files\dotnet\sdk\10.0.201\Microsoft.Common.CurrentVersion.targets(2451,5): warning MSB3277:         C:\Users\ultra\.nuget\packages\reactiveui.wpf\18.4.1\lib\net462\ReactiveUI.Wpf.dll [C:\Users\ultra\warewolf\Dev\Warewolf.MergeParser\Warewolf.MergeParser.csproj]
C:\Program Files\dotnet\sdk\10.0.201\Microsoft.Common.CurrentVersion.targets(2451,5): warning MSB3277:           Project file item includes which caused reference "C:\Users\ultra\.nuget\packages\reactiveui.wpf\18.4.1\lib\net462\ReactiveUI.Wpf.dll". [C:\Users\ultra\warewolf\Dev\Warewolf.MergeParser\Warewolf.MergeParser.csproj]
C:\Program Files\dotnet\sdk\10.0.201\Microsoft.Common.CurrentVersion.targets(2451,5): warning MSB3277:             C:\Users\ultra\.nuget\packages\reactiveui.wpf\18.4.1\lib\net462\ReactiveUI.Wpf.dll [C:\Users\ultra\warewolf\Dev\Warewolf.MergeParser\Warewolf.MergeParser.csproj]
C:\Program Files\dotnet\sdk\10.0.201\Microsoft.Common.CurrentVersion.targets(2451,5): warning MSB3277: Found conflicts between different versions of "Microsoft.Win32.SystemEvents" that could not be resolved. [C:\Users\ultra\warewolf\Dev\Dev2.Intellisense\Dev2.Intellisense.csproj]
C:\Program Files\dotnet\sdk\10.0.201\Microsoft.Common.CurrentVersion.targets(2451,5): warning MSB3277: There was a conflict between "Microsoft.Win32.SystemEvents, Version=6.0.0.0, Culture=neutral, PublicKeyToken=cc7b13ffcd2ddd51" and "Microsoft.Win32.SystemEvents, Version=7.0.0.0, Culture=neutral, PublicKeyToken=cc7b13ffcd2ddd51". [C:\Users\ultra\warewolf\Dev\Dev2.Intellisense\Dev2.Intellisense.csproj]
C:\Program Files\dotnet\sdk\10.0.201\Microsoft.Common.CurrentVersion.targets(2451,5): warning MSB3277:     "Microsoft.Win32.SystemEvents, Version=6.0.0.0, Culture=neutral, PublicKeyToken=cc7b13ffcd2ddd51" was chosen because it was primary and "Microsoft.Win32.SystemEvents, Version=7.0.0.0, Culture=neutral, PublicKeyToken=cc7b13ffcd2ddd51" was not. [C:\Users\ultra\warewolf\Dev\Dev2.Intellisense\Dev2.Intellisense.csproj]
C:\Program Files\dotnet\sdk\10.0.201\Microsoft.Common.CurrentVersion.targets(2451,5): warning MSB3277:     References which depend on "Microsoft.Win32.SystemEvents, Version=6.0.0.0, Culture=neutral, PublicKeyToken=cc7b13ffcd2ddd51" [C:\Users\ultra\.nuget\packages\microsoft.win32.systemevents\6.0.0\lib\net6.0\Microsoft.Win32.SystemEvents.dll]. [C:\Users\ultra\warewolf\Dev\Dev2.Intellisense\Dev2.Intellisense.csproj]
C:\Program Files\dotnet\sdk\10.0.201\Microsoft.Common.CurrentVersion.targets(2451,5): warning MSB3277:         C:\Users\ultra\.nuget\packages\microsoft.win32.systemevents\6.0.0\lib\net6.0\Microsoft.Win32.SystemEvents.dll [C:\Users\ultra\warewolf\Dev\Dev2.Intellisense\Dev2.Intellisense.csproj]
C:\Program Files\dotnet\sdk\10.0.201\Microsoft.Common.CurrentVersion.targets(2451,5): warning MSB3277:           Project file item includes which caused reference "C:\Users\ultra\.nuget\packages\microsoft.win32.systemevents\6.0.0\lib\net6.0\Microsoft.Win32.SystemEvents.dll". [C:\Users\ultra\warewolf\Dev\Dev2.Intellisense\Dev2.Intellisense.csproj]
C:\Program Files\dotnet\sdk\10.0.201\Microsoft.Common.CurrentVersion.targets(2451,5): warning MSB3277:             C:\Users\ultra\.nuget\packages\microsoft.win32.systemevents\6.0.0\lib\net6.0\Microsoft.Win32.SystemEvents.dll [C:\Users\ultra\warewolf\Dev\Dev2.Intellisense\Dev2.Intellisense.csproj]
C:\Program Files\dotnet\sdk\10.0.201\Microsoft.Common.CurrentVersion.targets(2451,5): warning MSB3277:     References which depend on or have been unified to "Microsoft.Win32.SystemEvents, Version=7.0.0.0, Culture=neutral, PublicKeyToken=cc7b13ffcd2ddd51" []. [C:\Users\ultra\warewolf\Dev\Dev2.Intellisense\Dev2.Intellisense.csproj]
C:\Program Files\dotnet\sdk\10.0.201\Microsoft.Common.CurrentVersion.targets(2451,5): warning MSB3277:         C:\Users\ultra\warewolf\Dev\Dev2.Common\bin\Debug\net8.0\Dev2.Common.dll [C:\Users\ultra\warewolf\Dev\Dev2.Intellisense\Dev2.Intellisense.csproj]
C:\Program Files\dotnet\sdk\10.0.201\Microsoft.Common.CurrentVersion.targets(2451,5): warning MSB3277:           Project file item includes which caused reference "C:\Users\ultra\warewolf\Dev\Dev2.Common\bin\Debug\net8.0\Dev2.Common.dll". [C:\Users\ultra\warewolf\Dev\Dev2.Intellisense\Dev2.Intellisense.csproj]
C:\Program Files\dotnet\sdk\10.0.201\Microsoft.Common.CurrentVersion.targets(2451,5): warning MSB3277:             C:\Users\ultra\warewolf\Dev\Dev2.Common\bin\Debug\net8.0\Dev2.Common.dll [C:\Users\ultra\warewolf\Dev\Dev2.Intellisense\Dev2.Intellisense.csproj]
C:\Program Files\dotnet\sdk\10.0.201\Microsoft.Common.CurrentVersion.targets(2451,5): warning MSB3277:             C:\Users\ultra\warewolf\Dev\Dev2.Activities\bin\Debug\net8.0\Dev2.Activities.dll [C:\Users\ultra\warewolf\Dev\Dev2.Intellisense\Dev2.Intellisense.csproj]
C:\Program Files\dotnet\sdk\10.0.201\Microsoft.Common.CurrentVersion.targets(2451,5): warning MSB3277:             C:\Users\ultra\warewolf\Dev\Dev2.Core\bin\Debug\net8.0\Dev2.Core.dll [C:\Users\ultra\warewolf\Dev\Dev2.Intellisense\Dev2.Intellisense.csproj]
C:\Program Files\dotnet\sdk\10.0.201\Microsoft.Common.CurrentVersion.targets(2451,5): warning MSB3277:             C:\Users\ultra\warewolf\Dev\Dev2.Data\bin\Debug\net8.0\Dev2.Data.dll [C:\Users\ultra\warewolf\Dev\Dev2.Intellisense\Dev2.Intellisense.csproj]
C:\Program Files\dotnet\sdk\10.0.201\Microsoft.Common.CurrentVersion.targets(2451,5): warning MSB3277:             C:\Users\ultra\warewolf\Dev\Dev2.Infrastructure\bin\Debug\net8.0\Dev2.Infrastructure.dll [C:\Users\ultra\warewolf\Dev\Dev2.Intellisense\Dev2.Intellisense.csproj]
C:\Program Files\dotnet\sdk\10.0.201\Microsoft.Common.CurrentVersion.targets(2451,5): warning MSB3277:             C:\Users\ultra\warewolf\Dev\Dev2.Studio.Core\bin\Debug\net8.0\Dev2.Studio.Core.dll [C:\Users\ultra\warewolf\Dev\Dev2.Intellisense\Dev2.Intellisense.csproj]
C:\Program Files\dotnet\sdk\10.0.201\Microsoft.Common.CurrentVersion.targets(2451,5): warning MSB3277:             C:\Users\ultra\warewolf\Dev\Dev2.Studio.Interfaces\bin\Debug\net8.0\Dev2.Studio.Interfaces.dll [C:\Users\ultra\warewolf\Dev\Dev2.Intellisense\Dev2.Intellisense.csproj]
C:\Program Files\dotnet\sdk\10.0.201\Microsoft.Common.CurrentVersion.targets(2451,5): warning MSB3277:             C:\Users\ultra\warewolf\Dev\Warewolf.Studio.Core\bin\Debug\net8.0\Warewolf.Studio.Core.dll [C:\Users\ultra\warewolf\Dev\Dev2.Intellisense\Dev2.Intellisense.csproj]
C:\Program Files\dotnet\sdk\10.0.201\Microsoft.Common.CurrentVersion.targets(2451,5): warning MSB3277:             C:\Users\ultra\warewolf\Dev\Dev2.Development.Languages\bin\Debug\net8.0\Dev2.Development.Languages.dll [C:\Users\ultra\warewolf\Dev\Dev2.Intellisense\Dev2.Intellisense.csproj]
C:\Program Files\dotnet\sdk\10.0.201\Microsoft.Common.CurrentVersion.targets(2451,5): warning MSB3277:             C:\Users\ultra\warewolf\Dev\Dev2.Diagnostics\bin\Debug\net8.0\Dev2.Diagnostics.dll [C:\Users\ultra\warewolf\Dev\Dev2.Intellisense\Dev2.Intellisense.csproj]
C:\Program Files\dotnet\sdk\10.0.201\Microsoft.Common.CurrentVersion.targets(2451,5): warning MSB3277:             C:\Users\ultra\warewolf\Dev\Dev2.Runtime.Services\bin\Debug\net8.0\Dev2.Runtime.Services.dll [C:\Users\ultra\warewolf\Dev\Dev2.Intellisense\Dev2.Intellisense.csproj]
C:\Program Files\dotnet\sdk\10.0.201\Microsoft.Common.CurrentVersion.targets(2451,5): warning MSB3277:             C:\Users\ultra\warewolf\Dev\Dev2.Scheduler\bin\Debug\net8.0\Dev2.Scheduler.dll [C:\Users\ultra\warewolf\Dev\Dev2.Intellisense\Dev2.Intellisense.csproj]
C:\Program Files\dotnet\sdk\10.0.201\Microsoft.Common.CurrentVersion.targets(2451,5): warning MSB3277:             C:\Users\ultra\warewolf\Dev\Dev2.Services.Execution\bin\Debug\net8.0\Dev2.Services.Execution.dll [C:\Users\ultra\warewolf\Dev\Dev2.Intellisense\Dev2.Intellisense.csproj]
C:\Program Files\dotnet\sdk\10.0.201\Microsoft.Common.CurrentVersion.targets(2451,5): warning MSB3277:             C:\Users\ultra\warewolf\Dev\Dev2.Services.Sql\bin\Debug\net8.0\Dev2.Services.Sql.dll [C:\Users\ultra\warewolf\Dev\Dev2.Intellisense\Dev2.Intellisense.csproj]
C:\Program Files\dotnet\sdk\10.0.201\Microsoft.Common.CurrentVersion.targets(2451,5): warning MSB3277:             C:\Users\ultra\warewolf\Dev\Dev2.TaskScheduler.Wrappers\bin\Debug\net8.0\Dev2.TaskScheduler.Wrappers.dll [C:\Users\ultra\warewolf\Dev\Dev2.Intellisense\Dev2.Intellisense.csproj]
C:\Program Files\dotnet\sdk\10.0.201\Microsoft.Common.CurrentVersion.targets(2451,5): warning MSB3277:             C:\Users\ultra\warewolf\Dev\Dev2.Util\bin\Debug\net8.0\Dev2.Util.dll [C:\Users\ultra\warewolf\Dev\Dev2.Intellisense\Dev2.Intellisense.csproj]
C:\Program Files\dotnet\sdk\10.0.201\Microsoft.Common.CurrentVersion.targets(2451,5): warning MSB3277:             C:\Users\ultra\warewolf\Dev\Warewolf.AI.Harness\bin\Debug\net8.0\Warewolf.AI.Harness.dll [C:\Users\ultra\warewolf\Dev\Dev2.Intellisense\Dev2.Intellisense.csproj]
C:\Program Files\dotnet\sdk\10.0.201\Microsoft.Common.CurrentVersion.targets(2451,5): warning MSB3277:             C:\Users\ultra\warewolf\Dev\Warewolf.Auditing\bin\Debug\net8.0\Warewolf.Auditing.dll [C:\Users\ultra\warewolf\Dev\Dev2.Intellisense\Dev2.Intellisense.csproj]
C:\Program Files\dotnet\sdk\10.0.201\Microsoft.Common.CurrentVersion.targets(2451,5): warning MSB3277:             C:\Users\ultra\warewolf\Dev\Warewolf.Common.NetStandard20\bin\Debug\net8.0\Warewolf.Common.NetStandard20.dll [C:\Users\ultra\warewolf\Dev\Dev2.Intellisense\Dev2.Intellisense.csproj]
C:\Program Files\dotnet\sdk\10.0.201\Microsoft.Common.CurrentVersion.targets(2451,5): warning MSB3277:             C:\Users\ultra\warewolf\Dev\Warewolf.Core\bin\Debug\net8.0\Warewolf.Core.dll [C:\Users\ultra\warewolf\Dev\Dev2.Intellisense\Dev2.Intellisense.csproj]
C:\Program Files\dotnet\sdk\10.0.201\Microsoft.Common.CurrentVersion.targets(2451,5): warning MSB3277:             C:\Users\ultra\warewolf\Dev\Warewolf.Driver.Persistence\bin\Debug\net8.0\Warewolf.Driver.Persistence.dll [C:\Users\ultra\warewolf\Dev\Dev2.Intellisense\Dev2.Intellisense.csproj]
C:\Program Files\dotnet\sdk\10.0.201\Microsoft.Common.CurrentVersion.targets(2451,5): warning MSB3277:             C:\Users\ultra\warewolf\Dev\Warewolf.Driver.Serilog\bin\Debug\net8.0\Warewolf.Driver.Serilog.dll [C:\Users\ultra\warewolf\Dev\Dev2.Intellisense\Dev2.Intellisense.csproj]
C:\Program Files\dotnet\sdk\10.0.201\Microsoft.Common.CurrentVersion.targets(2451,5): warning MSB3277:             C:\Users\ultra\warewolf\Dev\Warewolf.Exchange.Email.Wrapper\bin\Debug\net8.0\Warewolf.Exchange.Email.Wrapper.dll [C:\Users\ultra\warewolf\Dev\Dev2.Intellisense\Dev2.Intellisense.csproj]
C:\Program Files\dotnet\sdk\10.0.201\Microsoft.Common.CurrentVersion.targets(2451,5): warning MSB3277:             C:\Users\ultra\warewolf\Dev\Warewolf.ResourceManagement\bin\Debug\net8.0\Warewolf.ResourceManagement.dll [C:\Users\ultra\warewolf\Dev\Dev2.Intellisense\Dev2.Intellisense.csproj]
C:\Program Files\dotnet\sdk\10.0.201\Microsoft.Common.CurrentVersion.targets(2451,5): warning MSB3277:             C:\Users\ultra\warewolf\Dev\Warewolf.Sharepoint\bin\Debug\net8.0\Warewolf.Sharepoint.dll [C:\Users\ultra\warewolf\Dev\Dev2.Intellisense\Dev2.Intellisense.csproj]
C:\Program Files\dotnet\sdk\10.0.201\Microsoft.Common.CurrentVersion.targets(2451,5): warning MSB3277:             C:\Users\ultra\warewolf\Dev\Warewolf.Storage\bin\Debug\net8.0\Warewolf.Storage.dll [C:\Users\ultra\warewolf\Dev\Dev2.Intellisense\Dev2.Intellisense.csproj]
C:\Program Files\dotnet\sdk\10.0.201\Microsoft.Common.CurrentVersion.targets(2451,5): warning MSB3277:         C:\Users\ultra\warewolf\Dev\Binaries\Infragistcs_Net6\InfragisticsWPF4.v15.1.dll [C:\Users\ultra\warewolf\Dev\Dev2.Intellisense\Dev2.Intellisense.csproj]
C:\Program Files\dotnet\sdk\10.0.201\Microsoft.Common.CurrentVersion.targets(2451,5): warning MSB3277:           Project file item includes which caused reference "C:\Users\ultra\warewolf\Dev\Binaries\Infragistcs_Net6\InfragisticsWPF4.v15.1.dll". [C:\Users\ultra\warewolf\Dev\Dev2.Intellisense\Dev2.Intellisense.csproj]
C:\Program Files\dotnet\sdk\10.0.201\Microsoft.Common.CurrentVersion.targets(2451,5): warning MSB3277:             InfragisticsWPF4.v15.1, Version=15.1.20151.2055, Culture=neutral, PublicKeyToken=7dd5c3163f2cd0cb, processorArchitecture=MSIL [C:\Users\ultra\warewolf\Dev\Dev2.Intellisense\Dev2.Intellisense.csproj]
C:\Program Files\dotnet\sdk\10.0.201\Microsoft.Common.CurrentVersion.targets(2451,5): warning MSB3277:             CalculationManager.WPF [C:\Users\ultra\warewolf\Dev\Dev2.Intellisense\Dev2.Intellisense.csproj]
C:\Program Files\dotnet\sdk\10.0.201\Microsoft.Common.CurrentVersion.targets(2451,5): warning MSB3277:             InfragisticsWPF4.Math.Calculators.v15.1, Version=15.1.20151.2055, Culture=neutral, PublicKeyToken=7dd5c3163f2cd0cb, processorArchitecture=MSIL [C:\Users\ultra\warewolf\Dev\Dev2.Intellisense\Dev2.Intellisense.csproj]
C:\Program Files\dotnet\sdk\10.0.201\Microsoft.Common.CurrentVersion.targets(2451,5): warning MSB3277:         C:\Users\ultra\.nuget\packages\timespan2\2.4.2\lib\netcoreapp3.1\TimeSpan2.dll [C:\Users\ultra\warewolf\Dev\Dev2.Intellisense\Dev2.Intellisense.csproj]
C:\Program Files\dotnet\sdk\10.0.201\Microsoft.Common.CurrentVersion.targets(2451,5): warning MSB3277:           Project file item includes which caused reference "C:\Users\ultra\.nuget\packages\timespan2\2.4.2\lib\netcoreapp3.1\TimeSpan2.dll". [C:\Users\ultra\warewolf\Dev\Dev2.Intellisense\Dev2.Intellisense.csproj]
C:\Program Files\dotnet\sdk\10.0.201\Microsoft.Common.CurrentVersion.targets(2451,5): warning MSB3277:             C:\Users\ultra\.nuget\packages\timespan2\2.4.2\lib\netcoreapp3.1\TimeSpan2.dll [C:\Users\ultra\warewolf\Dev\Dev2.Intellisense\Dev2.Intellisense.csproj]
C:\Program Files\dotnet\sdk\10.0.201\Microsoft.Common.CurrentVersion.targets(2451,5): warning MSB3277:             C:\Users\ultra\.nuget\packages\taskschedulereditor\2.10.1\lib\net452\Microsoft.Win32.TaskSchedulerEditor.dll [C:\Users\ultra\warewolf\Dev\Dev2.Intellisense\Dev2.Intellisense.csproj]
C:\Program Files\dotnet\sdk\10.0.201\Microsoft.Common.CurrentVersion.targets(2451,5): warning MSB3277:         C:\Program Files\dotnet\packs\Microsoft.NETCore.App.Ref\8.0.25\ref\net8.0\System.dll [C:\Users\ultra\warewolf\Dev\Dev2.Intellisense\Dev2.Intellisense.csproj]
C:\Program Files\dotnet\sdk\10.0.201\Microsoft.Common.CurrentVersion.targets(2451,5): warning MSB3277:           Project file item includes which caused reference "C:\Program Files\dotnet\packs\Microsoft.NETCore.App.Ref\8.0.25\ref\net8.0\System.dll". [C:\Users\ultra\warewolf\Dev\Dev2.Intellisense\Dev2.Intellisense.csproj]
C:\Program Files\dotnet\sdk\10.0.201\Microsoft.Common.CurrentVersion.targets(2451,5): warning MSB3277:             C:\Program Files\dotnet\packs\Microsoft.NETCore.App.Ref\8.0.25\ref/net8.0/System.dll [C:\Users\ultra\warewolf\Dev\Dev2.Intellisense\Dev2.Intellisense.csproj]
C:\Program Files\dotnet\sdk\10.0.201\Microsoft.Common.CurrentVersion.targets(2451,5): warning MSB3277:             C:\Users\ultra\.nuget\packages\aerowizard\2.3.1\lib\net45\AeroWizard.dll [C:\Users\ultra\warewolf\Dev\Dev2.Intellisense\Dev2.Intellisense.csproj]
C:\Program Files\dotnet\sdk\10.0.201\Microsoft.Common.CurrentVersion.targets(2451,5): warning MSB3277:             C:\Users\ultra\.nuget\packages\groupcontrols\1.9.0\lib\net45\GroupControls.dll [C:\Users\ultra\warewolf\Dev\Dev2.Intellisense\Dev2.Intellisense.csproj]
C:\Program Files\dotnet\sdk\10.0.201\Microsoft.Common.CurrentVersion.targets(2451,5): warning MSB3277:             C:\Users\ultra\.nuget\packages\microsoft.xaml.behaviors.wpf\1.1.122\lib\net462\Microsoft.Xaml.Behaviors.dll [C:\Users\ultra\warewolf\Dev\Dev2.Intellisense\Dev2.Intellisense.csproj]
C:\Program Files\dotnet\sdk\10.0.201\Microsoft.Common.CurrentVersion.targets(2451,5): warning MSB3277:             C:\Users\ultra\.nuget\packages\caliburn.micro\4.0.212\lib\netcoreapp3.1\Caliburn.Micro.Platform.dll [C:\Users\ultra\warewolf\Dev\Dev2.Intellisense\Dev2.Intellisense.csproj]
C:\Program Files\dotnet\sdk\10.0.201\Microsoft.Common.CurrentVersion.targets(2451,5): warning MSB3277:             C:\Users\ultra\.nuget\packages\prism.wpf\9.0.537\lib\net462\Prism.Wpf.dll [C:\Users\ultra\warewolf\Dev\Dev2.Intellisense\Dev2.Intellisense.csproj]
C:\Program Files\dotnet\sdk\10.0.201\Microsoft.Common.CurrentVersion.targets(2451,5): warning MSB3277:             C:\Users\ultra\.nuget\packages\reactiveui.wpf\18.4.1\lib\net462\ReactiveUI.Wpf.dll [C:\Users\ultra\warewolf\Dev\Dev2.Intellisense\Dev2.Intellisense.csproj]
C:\Program Files\dotnet\sdk\10.0.201\Microsoft.Common.CurrentVersion.targets(2451,5): warning MSB3277:             C:\Users\ultra\.nuget\packages\taskschedulereditor\2.10.1\lib\net452\Microsoft.Win32.TaskSchedulerEditor.dll [C:\Users\ultra\warewolf\Dev\Dev2.Intellisense\Dev2.Intellisense.csproj]
C:\Program Files\dotnet\sdk\10.0.201\Microsoft.Common.CurrentVersion.targets(2451,5): warning MSB3277:             C:\Users\ultra\.nuget\packages\ttcue.netcore.sharepointonline.csom.16.1.8029.1200\16.1.8029.1200\lib\netcoreapp2.0\Microsoft.SharePoint.Client.Runtime.Windows.dll [C:\Users\ultra\warewolf\Dev\Dev2.Intellisense\Dev2.Intellisense.csproj]
C:\Program Files\dotnet\sdk\10.0.201\Microsoft.Common.CurrentVersion.targets(2451,5): warning MSB3277: Found conflicts between different versions of "System.Security.Permissions" that could not be resolved. [C:\Users\ultra\warewolf\Dev\Dev2.Intellisense\Dev2.Intellisense.csproj]
C:\Program Files\dotnet\sdk\10.0.201\Microsoft.Common.CurrentVersion.targets(2451,5): warning MSB3277: There was a conflict between "System.Security.Permissions, Version=6.0.0.0, Culture=neutral, PublicKeyToken=cc7b13ffcd2ddd51" and "System.Security.Permissions, Version=7.0.0.0, Culture=neutral, PublicKeyToken=cc7b13ffcd2ddd51". [C:\Users\ultra\warewolf\Dev\Dev2.Intellisense\Dev2.Intellisense.csproj]
C:\Program Files\dotnet\sdk\10.0.201\Microsoft.Common.CurrentVersion.targets(2451,5): warning MSB3277:     "System.Security.Permissions, Version=6.0.0.0, Culture=neutral, PublicKeyToken=cc7b13ffcd2ddd51" was chosen because it was primary and "System.Security.Permissions, Version=7.0.0.0, Culture=neutral, PublicKeyToken=cc7b13ffcd2ddd51" was not. [C:\Users\ultra\warewolf\Dev\Dev2.Intellisense\Dev2.Intellisense.csproj]
C:\Program Files\dotnet\sdk\10.0.201\Microsoft.Common.CurrentVersion.targets(2451,5): warning MSB3277:     References which depend on "System.Security.Permissions, Version=6.0.0.0, Culture=neutral, PublicKeyToken=cc7b13ffcd2ddd51" [C:\Users\ultra\.nuget\packages\system.security.permissions\6.0.0\lib\net6.0\System.Security.Permissions.dll]. [C:\Users\ultra\warewolf\Dev\Dev2.Intellisense\Dev2.Intellisense.csproj]
C:\Program Files\dotnet\sdk\10.0.201\Microsoft.Common.CurrentVersion.targets(2451,5): warning MSB3277:         C:\Users\ultra\.nuget\packages\system.security.permissions\6.0.0\lib\net6.0\System.Security.Permissions.dll [C:\Users\ultra\warewolf\Dev\Dev2.Intellisense\Dev2.Intellisense.csproj]
C:\Program Files\dotnet\sdk\10.0.201\Microsoft.Common.CurrentVersion.targets(2451,5): warning MSB3277:           Project file item includes which caused reference "C:\Users\ultra\.nuget\packages\system.security.permissions\6.0.0\lib\net6.0\System.Security.Permissions.dll". [C:\Users\ultra\warewolf\Dev\Dev2.Intellisense\Dev2.Intellisense.csproj]
C:\Program Files\dotnet\sdk\10.0.201\Microsoft.Common.CurrentVersion.targets(2451,5): warning MSB3277:             C:\Users\ultra\.nuget\packages\system.security.permissions\6.0.0\lib\net6.0\System.Security.Permissions.dll [C:\Users\ultra\warewolf\Dev\Dev2.Intellisense\Dev2.Intellisense.csproj]
C:\Program Files\dotnet\sdk\10.0.201\Microsoft.Common.CurrentVersion.targets(2451,5): warning MSB3277:     References which depend on or have been unified to "System.Security.Permissions, Version=7.0.0.0, Culture=neutral, PublicKeyToken=cc7b13ffcd2ddd51" []. [C:\Users\ultra\warewolf\Dev\Dev2.Intellisense\Dev2.Intellisense.csproj]
C:\Program Files\dotnet\sdk\10.0.201\Microsoft.Common.CurrentVersion.targets(2451,5): warning MSB3277:         C:\Users\ultra\warewolf\Dev\Dev2.Data\bin\Debug\net8.0\Dev2.Data.dll [C:\Users\ultra\warewolf\Dev\Dev2.Intellisense\Dev2.Intellisense.csproj]
C:\Program Files\dotnet\sdk\10.0.201\Microsoft.Common.CurrentVersion.targets(2451,5): warning MSB3277:           Project file item includes which caused reference "C:\Users\ultra\warewolf\Dev\Dev2.Data\bin\Debug\net8.0\Dev2.Data.dll". [C:\Users\ultra\warewolf\Dev\Dev2.Intellisense\Dev2.Intellisense.csproj]
C:\Program Files\dotnet\sdk\10.0.201\Microsoft.Common.CurrentVersion.targets(2451,5): warning MSB3277:             C:\Users\ultra\warewolf\Dev\Dev2.Data\bin\Debug\net8.0\Dev2.Data.dll [C:\Users\ultra\warewolf\Dev\Dev2.Intellisense\Dev2.Intellisense.csproj]
C:\Program Files\dotnet\sdk\10.0.201\Microsoft.Common.CurrentVersion.targets(2451,5): warning MSB3277:             C:\Users\ultra\warewolf\Dev\Dev2.Activities\bin\Debug\net8.0\Dev2.Activities.dll [C:\Users\ultra\warewolf\Dev\Dev2.Intellisense\Dev2.Intellisense.csproj]
C:\Program Files\dotnet\sdk\10.0.201\Microsoft.Common.CurrentVersion.targets(2451,5): warning MSB3277:             C:\Users\ultra\warewolf\Dev\Dev2.Core\bin\Debug\net8.0\Dev2.Core.dll [C:\Users\ultra\warewolf\Dev\Dev2.Intellisense\Dev2.Intellisense.csproj]
C:\Program Files\dotnet\sdk\10.0.201\Microsoft.Common.CurrentVersion.targets(2451,5): warning MSB3277:             C:\Users\ultra\warewolf\Dev\Dev2.Studio.Core\bin\Debug\net8.0\Dev2.Studio.Core.dll [C:\Users\ultra\warewolf\Dev\Dev2.Intellisense\Dev2.Intellisense.csproj]
C:\Program Files\dotnet\sdk\10.0.201\Microsoft.Common.CurrentVersion.targets(2451,5): warning MSB3277:             C:\Users\ultra\warewolf\Dev\Dev2.Studio.Interfaces\bin\Debug\net8.0\Dev2.Studio.Interfaces.dll [C:\Users\ultra\warewolf\Dev\Dev2.Intellisense\Dev2.Intellisense.csproj]
C:\Program Files\dotnet\sdk\10.0.201\Microsoft.Common.CurrentVersion.targets(2451,5): warning MSB3277:             C:\Users\ultra\warewolf\Dev\Warewolf.Studio.Core\bin\Debug\net8.0\Warewolf.Studio.Core.dll [C:\Users\ultra\warewolf\Dev\Dev2.Intellisense\Dev2.Intellisense.csproj]
C:\Program Files\dotnet\sdk\10.0.201\Microsoft.Common.CurrentVersion.targets(2451,5): warning MSB3277:             C:\Users\ultra\warewolf\Dev\Dev2.Runtime.Services\bin\Debug\net8.0\Dev2.Runtime.Services.dll [C:\Users\ultra\warewolf\Dev\Dev2.Intellisense\Dev2.Intellisense.csproj]
C:\Program Files\dotnet\sdk\10.0.201\Microsoft.Common.CurrentVersion.targets(2451,5): warning MSB3277:             C:\Users\ultra\warewolf\Dev\Dev2.Scheduler\bin\Debug\net8.0\Dev2.Scheduler.dll [C:\Users\ultra\warewolf\Dev\Dev2.Intellisense\Dev2.Intellisense.csproj]
C:\Program Files\dotnet\sdk\10.0.201\Microsoft.Common.CurrentVersion.targets(2451,5): warning MSB3277:             C:\Users\ultra\warewolf\Dev\Dev2.Services.Execution\bin\Debug\net8.0\Dev2.Services.Execution.dll [C:\Users\ultra\warewolf\Dev\Dev2.Intellisense\Dev2.Intellisense.csproj]
C:\Program Files\dotnet\sdk\10.0.201\Microsoft.Common.CurrentVersion.targets(2451,5): warning MSB3277:             C:\Users\ultra\warewolf\Dev\Warewolf.Auditing\bin\Debug\net8.0\Warewolf.Auditing.dll [C:\Users\ultra\warewolf\Dev\Dev2.Intellisense\Dev2.Intellisense.csproj]
C:\Program Files\dotnet\sdk\10.0.201\Microsoft.Common.CurrentVersion.targets(2451,5): warning MSB3277:             C:\Users\ultra\warewolf\Dev\Warewolf.Common.NetStandard20\bin\Debug\net8.0\Warewolf.Common.NetStandard20.dll [C:\Users\ultra\warewolf\Dev\Dev2.Intellisense\Dev2.Intellisense.csproj]
C:\Program Files\dotnet\sdk\10.0.201\Microsoft.Common.CurrentVersion.targets(2451,5): warning MSB3277:             C:\Users\ultra\warewolf\Dev\Warewolf.Core\bin\Debug\net8.0\Warewolf.Core.dll [C:\Users\ultra\warewolf\Dev\Dev2.Intellisense\Dev2.Intellisense.csproj]
C:\Program Files\dotnet\sdk\10.0.201\Microsoft.Common.CurrentVersion.targets(2451,5): warning MSB3277:             C:\Users\ultra\warewolf\Dev\Warewolf.Driver.Persistence\bin\Debug\net8.0\Warewolf.Driver.Persistence.dll [C:\Users\ultra\warewolf\Dev\Dev2.Intellisense\Dev2.Intellisense.csproj]
C:\Program Files\dotnet\sdk\10.0.201\Microsoft.Common.CurrentVersion.targets(2451,5): warning MSB3277:             C:\Users\ultra\warewolf\Dev\Warewolf.Exchange.Email.Wrapper\bin\Debug\net8.0\Warewolf.Exchange.Email.Wrapper.dll [C:\Users\ultra\warewolf\Dev\Dev2.Intellisense\Dev2.Intellisense.csproj]
C:\Program Files\dotnet\sdk\10.0.201\Microsoft.Common.CurrentVersion.targets(2451,5): warning MSB3277:             C:\Users\ultra\warewolf\Dev\Warewolf.ResourceManagement\bin\Debug\net8.0\Warewolf.ResourceManagement.dll [C:\Users\ultra\warewolf\Dev\Dev2.Intellisense\Dev2.Intellisense.csproj]
C:\Program Files\dotnet\sdk\10.0.201\Microsoft.Common.CurrentVersion.targets(2451,5): warning MSB3277:         C:\Users\ultra\warewolf\Dev\Binaries\Infragistcs_Net6\InfragisticsWPF4.v15.1.dll [C:\Users\ultra\warewolf\Dev\Dev2.Intellisense\Dev2.Intellisense.csproj]
C:\Program Files\dotnet\sdk\10.0.201\Microsoft.Common.CurrentVersion.targets(2451,5): warning MSB3277:           Project file item includes which caused reference "C:\Users\ultra\warewolf\Dev\Binaries\Infragistcs_Net6\InfragisticsWPF4.v15.1.dll". [C:\Users\ultra\warewolf\Dev\Dev2.Intellisense\Dev2.Intellisense.csproj]
C:\Program Files\dotnet\sdk\10.0.201\Microsoft.Common.CurrentVersion.targets(2451,5): warning MSB3277:             InfragisticsWPF4.v15.1, Version=15.1.20151.2055, Culture=neutral, PublicKeyToken=7dd5c3163f2cd0cb, processorArchitecture=MSIL [C:\Users\ultra\warewolf\Dev\Dev2.Intellisense\Dev2.Intellisense.csproj]
C:\Program Files\dotnet\sdk\10.0.201\Microsoft.Common.CurrentVersion.targets(2451,5): warning MSB3277:             CalculationManager.WPF [C:\Users\ultra\warewolf\Dev\Dev2.Intellisense\Dev2.Intellisense.csproj]
C:\Program Files\dotnet\sdk\10.0.201\Microsoft.Common.CurrentVersion.targets(2451,5): warning MSB3277:             InfragisticsWPF4.Math.Calculators.v15.1, Version=15.1.20151.2055, Culture=neutral, PublicKeyToken=7dd5c3163f2cd0cb, processorArchitecture=MSIL [C:\Users\ultra\warewolf\Dev\Dev2.Intellisense\Dev2.Intellisense.csproj]
C:\Program Files\dotnet\sdk\10.0.201\Microsoft.Common.CurrentVersion.targets(2451,5): warning MSB3277:         C:\Users\ultra\.nuget\packages\dotnetzip\1.16.0\lib\netstandard2.0\DotNetZip.dll [C:\Users\ultra\warewolf\Dev\Dev2.Intellisense\Dev2.Intellisense.csproj]
C:\Program Files\dotnet\sdk\10.0.201\Microsoft.Common.CurrentVersion.targets(2451,5): warning MSB3277:           Project file item includes which caused reference "C:\Users\ultra\.nuget\packages\dotnetzip\1.16.0\lib\netstandard2.0\DotNetZip.dll". [C:\Users\ultra\warewolf\Dev\Dev2.Intellisense\Dev2.Intellisense.csproj]
C:\Program Files\dotnet\sdk\10.0.201\Microsoft.Common.CurrentVersion.targets(2451,5): warning MSB3277:             C:\Users\ultra\.nuget\packages\dotnetzip\1.16.0\lib\netstandard2.0\DotNetZip.dll [C:\Users\ultra\warewolf\Dev\Dev2.Intellisense\Dev2.Intellisense.csproj]
C:\Program Files\dotnet\sdk\10.0.201\Microsoft.Common.CurrentVersion.targets(2451,5): warning MSB3277:             C:\Users\ultra\warewolf\Dev\Dev2.Common\bin\Debug\net8.0\Dev2.Common.dll [C:\Users\ultra\warewolf\Dev\Dev2.Intellisense\Dev2.Intellisense.csproj]
C:\Program Files\dotnet\sdk\10.0.201\Microsoft.Common.CurrentVersion.targets(2451,5): warning MSB3277:             C:\Users\ultra\warewolf\Dev\Dev2.Activities\bin\Debug\net8.0\Dev2.Activities.dll [C:\Users\ultra\warewolf\Dev\Dev2.Intellisense\Dev2.Intellisense.csproj]
C:\Program Files\dotnet\sdk\10.0.201\Microsoft.Common.CurrentVersion.targets(2451,5): warning MSB3277:             C:\Users\ultra\warewolf\Dev\Dev2.Core\bin\Debug\net8.0\Dev2.Core.dll [C:\Users\ultra\warewolf\Dev\Dev2.Intellisense\Dev2.Intellisense.csproj]
C:\Program Files\dotnet\sdk\10.0.201\Microsoft.Common.CurrentVersion.targets(2451,5): warning MSB3277:             C:\Users\ultra\warewolf\Dev\Dev2.Data.Interfaces\bin\Debug\net8.0\Dev2.Data.Interfaces.dll [C:\Users\ultra\warewolf\Dev\Dev2.Intellisense\Dev2.Intellisense.csproj]
C:\Program Files\dotnet\sdk\10.0.201\Microsoft.Common.CurrentVersion.targets(2451,5): warning MSB3277:             C:\Users\ultra\warewolf\Dev\Dev2.Data\bin\Debug\net8.0\Dev2.Data.dll [C:\Users\ultra\warewolf\Dev\Dev2.Intellisense\Dev2.Intellisense.csproj]
C:\Program Files\dotnet\sdk\10.0.201\Microsoft.Common.CurrentVersion.targets(2451,5): warning MSB3277:             C:\Users\ultra\warewolf\Dev\Dev2.Infrastructure\bin\Debug\net8.0\Dev2.Infrastructure.dll [C:\Users\ultra\warewolf\Dev\Dev2.Intellisense\Dev2.Intellisense.csproj]
C:\Program Files\dotnet\sdk\10.0.201\Microsoft.Common.CurrentVersion.targets(2451,5): warning MSB3277:             C:\Users\ultra\warewolf\Dev\Dev2.Studio.Core\bin\Debug\net8.0\Dev2.Studio.Core.dll [C:\Users\ultra\warewolf\Dev\Dev2.Intellisense\Dev2.Intellisense.csproj]
C:\Program Files\dotnet\sdk\10.0.201\Microsoft.Common.CurrentVersion.targets(2451,5): warning MSB3277:             C:\Users\ultra\warewolf\Dev\Dev2.Studio.Interfaces\bin\Debug\net8.0\Dev2.Studio.Interfaces.dll [C:\Users\ultra\warewolf\Dev\Dev2.Intellisense\Dev2.Intellisense.csproj]
C:\Program Files\dotnet\sdk\10.0.201\Microsoft.Common.CurrentVersion.targets(2451,5): warning MSB3277:             C:\Users\ultra\warewolf\Dev\Warewolf.Studio.Core\bin\Debug\net8.0\Warewolf.Studio.Core.dll [C:\Users\ultra\warewolf\Dev\Dev2.Intellisense\Dev2.Intellisense.csproj]
C:\Program Files\dotnet\sdk\10.0.201\Microsoft.Common.CurrentVersion.targets(2451,5): warning MSB3277:             C:\Users\ultra\warewolf\Dev\Dev2.Development.Languages\bin\Debug\net8.0\Dev2.Development.Languages.dll [C:\Users\ultra\warewolf\Dev\Dev2.Intellisense\Dev2.Intellisense.csproj]
C:\Program Files\dotnet\sdk\10.0.201\Microsoft.Common.CurrentVersion.targets(2451,5): warning MSB3277:             C:\Users\ultra\warewolf\Dev\Dev2.Diagnostics\bin\Debug\net8.0\Dev2.Diagnostics.dll [C:\Users\ultra\warewolf\Dev\Dev2.Intellisense\Dev2.Intellisense.csproj]
C:\Program Files\dotnet\sdk\10.0.201\Microsoft.Common.CurrentVersion.targets(2451,5): warning MSB3277:             C:\Users\ultra\warewolf\Dev\Dev2.Runtime.Services\bin\Debug\net8.0\Dev2.Runtime.Services.dll [C:\Users\ultra\warewolf\Dev\Dev2.Intellisense\Dev2.Intellisense.csproj]
C:\Program Files\dotnet\sdk\10.0.201\Microsoft.Common.CurrentVersion.targets(2451,5): warning MSB3277:             C:\Users\ultra\warewolf\Dev\Dev2.Scheduler\bin\Debug\net8.0\Dev2.Scheduler.dll [C:\Users\ultra\warewolf\Dev\Dev2.Intellisense\Dev2.Intellisense.csproj]
C:\Program Files\dotnet\sdk\10.0.201\Microsoft.Common.CurrentVersion.targets(2451,5): warning MSB3277:             C:\Users\ultra\warewolf\Dev\Dev2.Services.Execution\bin\Debug\net8.0\Dev2.Services.Execution.dll [C:\Users\ultra\warewolf\Dev\Dev2.Intellisense\Dev2.Intellisense.csproj]
C:\Program Files\dotnet\sdk\10.0.201\Microsoft.Common.CurrentVersion.targets(2451,5): warning MSB3277:             C:\Users\ultra\warewolf\Dev\Dev2.Services.Sql\bin\Debug\net8.0\Dev2.Services.Sql.dll [C:\Users\ultra\warewolf\Dev\Dev2.Intellisense\Dev2.Intellisense.csproj]
C:\Program Files\dotnet\sdk\10.0.201\Microsoft.Common.CurrentVersion.targets(2451,5): warning MSB3277:             C:\Users\ultra\warewolf\Dev\Dev2.TaskScheduler.Wrappers\bin\Debug\net8.0\Dev2.TaskScheduler.Wrappers.dll [C:\Users\ultra\warewolf\Dev\Dev2.Intellisense\Dev2.Intellisense.csproj]
C:\Program Files\dotnet\sdk\10.0.201\Microsoft.Common.CurrentVersion.targets(2451,5): warning MSB3277:             C:\Users\ultra\warewolf\Dev\Dev2.Util\bin\Debug\net8.0\Dev2.Util.dll [C:\Users\ultra\warewolf\Dev\Dev2.Intellisense\Dev2.Intellisense.csproj]
C:\Program Files\dotnet\sdk\10.0.201\Microsoft.Common.CurrentVersion.targets(2451,5): warning MSB3277:             C:\Users\ultra\warewolf\Dev\Warewolf.AI.Harness\bin\Debug\net8.0\Warewolf.AI.Harness.dll [C:\Users\ultra\warewolf\Dev\Dev2.Intellisense\Dev2.Intellisense.csproj]
C:\Program Files\dotnet\sdk\10.0.201\Microsoft.Common.CurrentVersion.targets(2451,5): warning MSB3277:             C:\Users\ultra\warewolf\Dev\Warewolf.Auditing\bin\Debug\net8.0\Warewolf.Auditing.dll [C:\Users\ultra\warewolf\Dev\Dev2.Intellisense\Dev2.Intellisense.csproj]
C:\Program Files\dotnet\sdk\10.0.201\Microsoft.Common.CurrentVersion.targets(2451,5): warning MSB3277:             C:\Users\ultra\warewolf\Dev\Warewolf.Common.NetStandard20\bin\Debug\net8.0\Warewolf.Common.NetStandard20.dll [C:\Users\ultra\warewolf\Dev\Dev2.Intellisense\Dev2.Intellisense.csproj]
C:\Program Files\dotnet\sdk\10.0.201\Microsoft.Common.CurrentVersion.targets(2451,5): warning MSB3277:             C:\Users\ultra\warewolf\Dev\Warewolf.Core\bin\Debug\net8.0\Warewolf.Core.dll [C:\Users\ultra\warewolf\Dev\Dev2.Intellisense\Dev2.Intellisense.csproj]
C:\Program Files\dotnet\sdk\10.0.201\Microsoft.Common.CurrentVersion.targets(2451,5): warning MSB3277:             C:\Users\ultra\warewolf\Dev\Warewolf.Driver.Persistence\bin\Debug\net8.0\Warewolf.Driver.Persistence.dll [C:\Users\ultra\warewolf\Dev\Dev2.Intellisense\Dev2.Intellisense.csproj]
C:\Program Files\dotnet\sdk\10.0.201\Microsoft.Common.CurrentVersion.targets(2451,5): warning MSB3277:             C:\Users\ultra\warewolf\Dev\Warewolf.Driver.Serilog\bin\Debug\net8.0\Warewolf.Driver.Serilog.dll [C:\Users\ultra\warewolf\Dev\Dev2.Intellisense\Dev2.Intellisense.csproj]
C:\Program Files\dotnet\sdk\10.0.201\Microsoft.Common.CurrentVersion.targets(2451,5): warning MSB3277:             C:\Users\ultra\warewolf\Dev\Warewolf.Exchange.Email.Wrapper\bin\Debug\net8.0\Warewolf.Exchange.Email.Wrapper.dll [C:\Users\ultra\warewolf\Dev\Dev2.Intellisense\Dev2.Intellisense.csproj]
C:\Program Files\dotnet\sdk\10.0.201\Microsoft.Common.CurrentVersion.targets(2451,5): warning MSB3277:             C:\Users\ultra\warewolf\Dev\Warewolf.ResourceManagement\bin\Debug\net8.0\Warewolf.ResourceManagement.dll [C:\Users\ultra\warewolf\Dev\Dev2.Intellisense\Dev2.Intellisense.csproj]
C:\Program Files\dotnet\sdk\10.0.201\Microsoft.Common.CurrentVersion.targets(2451,5): warning MSB3277:             C:\Users\ultra\warewolf\Dev\Warewolf.Sharepoint\bin\Debug\net8.0\Warewolf.Sharepoint.dll [C:\Users\ultra\warewolf\Dev\Dev2.Intellisense\Dev2.Intellisense.csproj]
C:\Program Files\dotnet\sdk\10.0.201\Microsoft.Common.CurrentVersion.targets(2451,5): warning MSB3277:             C:\Users\ultra\warewolf\Dev\Warewolf.Storage\bin\Debug\net8.0\Warewolf.Storage.dll [C:\Users\ultra\warewolf\Dev\Dev2.Intellisense\Dev2.Intellisense.csproj]
C:\Program Files\dotnet\sdk\10.0.201\Microsoft.Common.CurrentVersion.targets(2451,5): warning MSB3277:         C:\Users\ultra\.nuget\packages\mindbox.data.linq\5.0.0\lib\netstandard2.0\Mindbox.Data.Linq.dll [C:\Users\ultra\warewolf\Dev\Dev2.Intellisense\Dev2.Intellisense.csproj]
C:\Program Files\dotnet\sdk\10.0.201\Microsoft.Common.CurrentVersion.targets(2451,5): warning MSB3277:           Project file item includes which caused reference "C:\Users\ultra\.nuget\packages\mindbox.data.linq\5.0.0\lib\netstandard2.0\Mindbox.Data.Linq.dll". [C:\Users\ultra\warewolf\Dev\Dev2.Intellisense\Dev2.Intellisense.csproj]
C:\Program Files\dotnet\sdk\10.0.201\Microsoft.Common.CurrentVersion.targets(2451,5): warning MSB3277:             C:\Users\ultra\.nuget\packages\mindbox.data.linq\5.0.0\lib\netstandard2.0\Mindbox.Data.Linq.dll [C:\Users\ultra\warewolf\Dev\Dev2.Intellisense\Dev2.Intellisense.csproj]
C:\Program Files\dotnet\sdk\10.0.201\Microsoft.Common.CurrentVersion.targets(2451,5): warning MSB3277:             C:\Users\ultra\warewolf\Dev\Warewolf.Auditing\bin\Debug\net8.0\Warewolf.Auditing.dll [C:\Users\ultra\warewolf\Dev\Dev2.Intellisense\Dev2.Intellisense.csproj]
C:\Program Files\dotnet\sdk\10.0.201\Microsoft.Common.CurrentVersion.targets(2451,5): warning MSB3277:             C:\Users\ultra\warewolf\Dev\Dev2.Activities\bin\Debug\net8.0\Dev2.Activities.dll [C:\Users\ultra\warewolf\Dev\Dev2.Intellisense\Dev2.Intellisense.csproj]
C:\Program Files\dotnet\sdk\10.0.201\Microsoft.Common.CurrentVersion.targets(2451,5): warning MSB3277:             C:\Users\ultra\warewolf\Dev\Dev2.Studio.Core\bin\Debug\net8.0\Dev2.Studio.Core.dll [C:\Users\ultra\warewolf\Dev\Dev2.Intellisense\Dev2.Intellisense.csproj]
C:\Program Files\dotnet\sdk\10.0.201\Microsoft.Common.CurrentVersion.targets(2451,5): warning MSB3277:             C:\Users\ultra\warewolf\Dev\Dev2.Runtime.Services\bin\Debug\net8.0\Dev2.Runtime.Services.dll [C:\Users\ultra\warewolf\Dev\Dev2.Intellisense\Dev2.Intellisense.csproj]
C:\Program Files\dotnet\sdk\10.0.201\Microsoft.Common.CurrentVersion.targets(2451,5): warning MSB3277:             C:\Users\ultra\warewolf\Dev\Dev2.Studio.Interfaces\bin\Debug\net8.0\Dev2.Studio.Interfaces.dll [C:\Users\ultra\warewolf\Dev\Dev2.Intellisense\Dev2.Intellisense.csproj]
C:\Program Files\dotnet\sdk\10.0.201\Microsoft.Common.CurrentVersion.targets(2451,5): warning MSB3277:             C:\Users\ultra\warewolf\Dev\Warewolf.Studio.Core\bin\Debug\net8.0\Warewolf.Studio.Core.dll [C:\Users\ultra\warewolf\Dev\Dev2.Intellisense\Dev2.Intellisense.csproj]
C:\Program Files\dotnet\sdk\10.0.201\Microsoft.Common.CurrentVersion.targets(2451,5): warning MSB3277:             C:\Users\ultra\warewolf\Dev\Dev2.Services.Execution\bin\Debug\net8.0\Dev2.Services.Execution.dll [C:\Users\ultra\warewolf\Dev\Dev2.Intellisense\Dev2.Intellisense.csproj]
C:\Program Files\dotnet\sdk\10.0.201\Microsoft.Common.CurrentVersion.targets(2451,5): warning MSB3277:             C:\Users\ultra\warewolf\Dev\Warewolf.Common.NetStandard20\bin\Debug\net8.0\Warewolf.Common.NetStandard20.dll [C:\Users\ultra\warewolf\Dev\Dev2.Intellisense\Dev2.Intellisense.csproj]
C:\Program Files\dotnet\sdk\10.0.201\Microsoft.Common.CurrentVersion.targets(2451,5): warning MSB3277:             C:\Users\ultra\warewolf\Dev\Warewolf.Driver.Persistence\bin\Debug\net8.0\Warewolf.Driver.Persistence.dll [C:\Users\ultra\warewolf\Dev\Dev2.Intellisense\Dev2.Intellisense.csproj]
C:\Program Files\dotnet\sdk\10.0.201\Microsoft.Common.CurrentVersion.targets(2451,5): warning MSB3277:         C:\Users\ultra\.nuget\packages\mysql.data\8.4.0\lib\net8.0\MySql.Data.dll [C:\Users\ultra\warewolf\Dev\Dev2.Intellisense\Dev2.Intellisense.csproj]
C:\Program Files\dotnet\sdk\10.0.201\Microsoft.Common.CurrentVersion.targets(2451,5): warning MSB3277:           Project file item includes which caused reference "C:\Users\ultra\.nuget\packages\mysql.data\8.4.0\lib\net8.0\MySql.Data.dll". [C:\Users\ultra\warewolf\Dev\Dev2.Intellisense\Dev2.Intellisense.csproj]
C:\Program Files\dotnet\sdk\10.0.201\Microsoft.Common.CurrentVersion.targets(2451,5): warning MSB3277:             C:\Users\ultra\.nuget\packages\mysql.data\8.4.0\lib\net8.0\MySql.Data.dll [C:\Users\ultra\warewolf\Dev\Dev2.Intellisense\Dev2.Intellisense.csproj]
C:\Program Files\dotnet\sdk\10.0.201\Microsoft.Common.CurrentVersion.targets(2451,5): warning MSB3277:             C:\Users\ultra\warewolf\Dev\Dev2.Activities\bin\Debug\net8.0\Dev2.Activities.dll [C:\Users\ultra\warewolf\Dev\Dev2.Intellisense\Dev2.Intellisense.csproj]
C:\Program Files\dotnet\sdk\10.0.201\Microsoft.Common.CurrentVersion.targets(2451,5): warning MSB3277:             C:\Users\ultra\warewolf\Dev\Dev2.Studio.Core\bin\Debug\net8.0\Dev2.Studio.Core.dll [C:\Users\ultra\warewolf\Dev\Dev2.Intellisense\Dev2.Intellisense.csproj]
C:\Program Files\dotnet\sdk\10.0.201\Microsoft.Common.CurrentVersion.targets(2451,5): warning MSB3277:             C:\Users\ultra\warewolf\Dev\Dev2.Runtime.Services\bin\Debug\net8.0\Dev2.Runtime.Services.dll [C:\Users\ultra\warewolf\Dev\Dev2.Intellisense\Dev2.Intellisense.csproj]
C:\Program Files\dotnet\sdk\10.0.201\Microsoft.Common.CurrentVersion.targets(2451,5): warning MSB3277:             C:\Users\ultra\warewolf\Dev\Dev2.Studio.Interfaces\bin\Debug\net8.0\Dev2.Studio.Interfaces.dll [C:\Users\ultra\warewolf\Dev\Dev2.Intellisense\Dev2.Intellisense.csproj]
C:\Program Files\dotnet\sdk\10.0.201\Microsoft.Common.CurrentVersion.targets(2451,5): warning MSB3277:             C:\Users\ultra\warewolf\Dev\Warewolf.Studio.Core\bin\Debug\net8.0\Warewolf.Studio.Core.dll [C:\Users\ultra\warewolf\Dev\Dev2.Intellisense\Dev2.Intellisense.csproj]
C:\Program Files\dotnet\sdk\10.0.201\Microsoft.Common.CurrentVersion.targets(2451,5): warning MSB3277:             C:\Users\ultra\warewolf\Dev\Dev2.Services.Execution\bin\Debug\net8.0\Dev2.Services.Execution.dll [C:\Users\ultra\warewolf\Dev\Dev2.Intellisense\Dev2.Intellisense.csproj]
C:\Program Files\dotnet\sdk\10.0.201\Microsoft.Common.CurrentVersion.targets(2451,5): warning MSB3277:             C:\Users\ultra\warewolf\Dev\Dev2.Services.Sql\bin\Debug\net8.0\Dev2.Services.Sql.dll [C:\Users\ultra\warewolf\Dev\Dev2.Intellisense\Dev2.Intellisense.csproj]
C:\Program Files\dotnet\sdk\10.0.201\Microsoft.Common.CurrentVersion.targets(2451,5): warning MSB3277:             C:\Users\ultra\warewolf\Dev\Warewolf.Driver.Persistence\bin\Debug\net8.0\Warewolf.Driver.Persistence.dll [C:\Users\ultra\warewolf\Dev\Dev2.Intellisense\Dev2.Intellisense.csproj]
C:\Program Files\dotnet\sdk\10.0.201\Microsoft.Common.CurrentVersion.targets(2451,5): warning MSB3277:         C:\Users\ultra\.nuget\packages\oracle.manageddataaccess.core\3.21.70\lib\netstandard2.1\Oracle.ManagedDataAccess.dll [C:\Users\ultra\warewolf\Dev\Dev2.Intellisense\Dev2.Intellisense.csproj]
C:\Program Files\dotnet\sdk\10.0.201\Microsoft.Common.CurrentVersion.targets(2451,5): warning MSB3277:           Project file item includes which caused reference "C:\Users\ultra\.nuget\packages\oracle.manageddataaccess.core\3.21.70\lib\netstandard2.1\Oracle.ManagedDataAccess.dll". [C:\Users\ultra\warewolf\Dev\Dev2.Intellisense\Dev2.Intellisense.csproj]
C:\Program Files\dotnet\sdk\10.0.201\Microsoft.Common.CurrentVersion.targets(2451,5): warning MSB3277:             C:\Users\ultra\.nuget\packages\oracle.manageddataaccess.core\3.21.70\lib\netstandard2.1\Oracle.ManagedDataAccess.dll [C:\Users\ultra\warewolf\Dev\Dev2.Intellisense\Dev2.Intellisense.csproj]
C:\Program Files\dotnet\sdk\10.0.201\Microsoft.Common.CurrentVersion.targets(2451,5): warning MSB3277:             C:\Users\ultra\warewolf\Dev\Dev2.Runtime.Services\bin\Debug\net8.0\Dev2.Runtime.Services.dll [C:\Users\ultra\warewolf\Dev\Dev2.Intellisense\Dev2.Intellisense.csproj]
C:\Program Files\dotnet\sdk\10.0.201\Microsoft.Common.CurrentVersion.targets(2451,5): warning MSB3277:             C:\Users\ultra\warewolf\Dev\Dev2.Activities\bin\Debug\net8.0\Dev2.Activities.dll [C:\Users\ultra\warewolf\Dev\Dev2.Intellisense\Dev2.Intellisense.csproj]
C:\Program Files\dotnet\sdk\10.0.201\Microsoft.Common.CurrentVersion.targets(2451,5): warning MSB3277:             C:\Users\ultra\warewolf\Dev\Dev2.Studio.Core\bin\Debug\net8.0\Dev2.Studio.Core.dll [C:\Users\ultra\warewolf\Dev\Dev2.Intellisense\Dev2.Intellisense.csproj]
C:\Program Files\dotnet\sdk\10.0.201\Microsoft.Common.CurrentVersion.targets(2451,5): warning MSB3277:             C:\Users\ultra\warewolf\Dev\Dev2.Studio.Interfaces\bin\Debug\net8.0\Dev2.Studio.Interfaces.dll [C:\Users\ultra\warewolf\Dev\Dev2.Intellisense\Dev2.Intellisense.csproj]
C:\Program Files\dotnet\sdk\10.0.201\Microsoft.Common.CurrentVersion.targets(2451,5): warning MSB3277:             C:\Users\ultra\warewolf\Dev\Warewolf.Studio.Core\bin\Debug\net8.0\Warewolf.Studio.Core.dll [C:\Users\ultra\warewolf\Dev\Dev2.Intellisense\Dev2.Intellisense.csproj]
C:\Program Files\dotnet\sdk\10.0.201\Microsoft.Common.CurrentVersion.targets(2451,5): warning MSB3277:             C:\Users\ultra\warewolf\Dev\Dev2.Services.Execution\bin\Debug\net8.0\Dev2.Services.Execution.dll [C:\Users\ultra\warewolf\Dev\Dev2.Intellisense\Dev2.Intellisense.csproj]
C:\Program Files\dotnet\sdk\10.0.201\Microsoft.Common.CurrentVersion.targets(2451,5): warning MSB3277:             C:\Users\ultra\warewolf\Dev\Dev2.Services.Sql\bin\Debug\net8.0\Dev2.Services.Sql.dll [C:\Users\ultra\warewolf\Dev\Dev2.Intellisense\Dev2.Intellisense.csproj]
C:\Program Files\dotnet\sdk\10.0.201\Microsoft.Common.CurrentVersion.targets(2451,5): warning MSB3277:             C:\Users\ultra\warewolf\Dev\Warewolf.Driver.Persistence\bin\Debug\net8.0\Warewolf.Driver.Persistence.dll [C:\Users\ultra\warewolf\Dev\Dev2.Intellisense\Dev2.Intellisense.csproj]
C:\Program Files\dotnet\sdk\10.0.201\Microsoft.Common.CurrentVersion.targets(2451,5): warning MSB3277:         C:\Users\ultra\.nuget\packages\system.directoryservices\6.0.0\lib\net6.0\System.DirectoryServices.dll [C:\Users\ultra\warewolf\Dev\Dev2.Intellisense\Dev2.Intellisense.csproj]
C:\Program Files\dotnet\sdk\10.0.201\Microsoft.Common.CurrentVersion.targets(2451,5): warning MSB3277:           Project file item includes which caused reference "C:\Users\ultra\.nuget\packages\system.directoryservices\6.0.0\lib\net6.0\System.DirectoryServices.dll". [C:\Users\ultra\warewolf\Dev\Dev2.Intellisense\Dev2.Intellisense.csproj]
C:\Program Files\dotnet\sdk\10.0.201\Microsoft.Common.CurrentVersion.targets(2451,5): warning MSB3277:             C:\Users\ultra\.nuget\packages\system.directoryservices\6.0.0\lib\net6.0\System.DirectoryServices.dll [C:\Users\ultra\warewolf\Dev\Dev2.Intellisense\Dev2.Intellisense.csproj]
C:\Program Files\dotnet\sdk\10.0.201\Microsoft.Common.CurrentVersion.targets(2451,5): warning MSB3277:             C:\Users\ultra\.nuget\packages\corewcf.primitives\1.2.1\lib\netstandard2.0\CoreWCF.Primitives.dll [C:\Users\ultra\warewolf\Dev\Dev2.Intellisense\Dev2.Intellisense.csproj]
C:\Program Files\dotnet\sdk\10.0.201\Microsoft.Common.CurrentVersion.targets(2451,5): warning MSB3277:             C:\Users\ultra\warewolf\Dev\Dev2.Runtime.Services\bin\Debug\net8.0\Dev2.Runtime.Services.dll [C:\Users\ultra\warewolf\Dev\Dev2.Intellisense\Dev2.Intellisense.csproj]
C:\Program Files\dotnet\sdk\10.0.201\Microsoft.Common.CurrentVersion.targets(2451,5): warning MSB3277:             C:\Users\ultra\warewolf\Dev\Dev2.Activities\bin\Debug\net8.0\Dev2.Activities.dll [C:\Users\ultra\warewolf\Dev\Dev2.Intellisense\Dev2.Intellisense.csproj]
C:\Program Files\dotnet\sdk\10.0.201\Microsoft.Common.CurrentVersion.targets(2451,5): warning MSB3277:             C:\Users\ultra\warewolf\Dev\Dev2.Studio.Core\bin\Debug\net8.0\Dev2.Studio.Core.dll [C:\Users\ultra\warewolf\Dev\Dev2.Intellisense\Dev2.Intellisense.csproj]
C:\Program Files\dotnet\sdk\10.0.201\Microsoft.Common.CurrentVersion.targets(2451,5): warning MSB3277:             C:\Users\ultra\warewolf\Dev\Dev2.Studio.Interfaces\bin\Debug\net8.0\Dev2.Studio.Interfaces.dll [C:\Users\ultra\warewolf\Dev\Dev2.Intellisense\Dev2.Intellisense.csproj]
C:\Program Files\dotnet\sdk\10.0.201\Microsoft.Common.CurrentVersion.targets(2451,5): warning MSB3277:             C:\Users\ultra\warewolf\Dev\Warewolf.Studio.Core\bin\Debug\net8.0\Warewolf.Studio.Core.dll [C:\Users\ultra\warewolf\Dev\Dev2.Intellisense\Dev2.Intellisense.csproj]
C:\Program Files\dotnet\sdk\10.0.201\Microsoft.Common.CurrentVersion.targets(2451,5): warning MSB3277:             C:\Users\ultra\warewolf\Dev\Dev2.Services.Execution\bin\Debug\net8.0\Dev2.Services.Execution.dll [C:\Users\ultra\warewolf\Dev\Dev2.Intellisense\Dev2.Intellisense.csproj]
C:\Program Files\dotnet\sdk\10.0.201\Microsoft.Common.CurrentVersion.targets(2451,5): warning MSB3277:             C:\Users\ultra\warewolf\Dev\Warewolf.Driver.Persistence\bin\Debug\net8.0\Warewolf.Driver.Persistence.dll [C:\Users\ultra\warewolf\Dev\Dev2.Intellisense\Dev2.Intellisense.csproj]
C:\Program Files\dotnet\sdk\10.0.201\Microsoft.Common.CurrentVersion.targets(2451,5): warning MSB3277:             C:\Users\ultra\.nuget\packages\corewcf.http\1.2.1\lib\netstandard2.0\CoreWCF.Http.dll [C:\Users\ultra\warewolf\Dev\Dev2.Intellisense\Dev2.Intellisense.csproj]
C:\Program Files\dotnet\sdk\10.0.201\Microsoft.Common.CurrentVersion.targets(2451,5): warning MSB3277:             C:\Users\ultra\.nuget\packages\corewcf.nettcp\1.2.1\lib\netstandard2.0\CoreWCF.NetTcp.dll [C:\Users\ultra\warewolf\Dev\Dev2.Intellisense\Dev2.Intellisense.csproj]
C:\Program Files\dotnet\sdk\10.0.201\Microsoft.Common.CurrentVersion.targets(2451,5): warning MSB3277:             C:\Users\ultra\.nuget\packages\corewcf.webhttp\1.2.1\lib\netstandard2.0\CoreWCF.WebHttp.dll [C:\Users\ultra\warewolf\Dev\Dev2.Intellisense\Dev2.Intellisense.csproj]
C:\Program Files\dotnet\sdk\10.0.201\Microsoft.Common.CurrentVersion.targets(2451,5): warning MSB3277:         C:\Program Files\dotnet\packs\Microsoft.NETCore.App.Ref\8.0.25\ref\net8.0\System.Configuration.dll [C:\Users\ultra\warewolf\Dev\Dev2.Intellisense\Dev2.Intellisense.csproj]
C:\Program Files\dotnet\sdk\10.0.201\Microsoft.Common.CurrentVersion.targets(2451,5): warning MSB3277:           Project file item includes which caused reference "C:\Program Files\dotnet\packs\Microsoft.NETCore.App.Ref\8.0.25\ref\net8.0\System.Configuration.dll". [C:\Users\ultra\warewolf\Dev\Dev2.Intellisense\Dev2.Intellisense.csproj]
C:\Program Files\dotnet\sdk\10.0.201\Microsoft.Common.CurrentVersion.targets(2451,5): warning MSB3277:             C:\Program Files\dotnet\packs\Microsoft.NETCore.App.Ref\8.0.25\ref/net8.0/System.Configuration.dll [C:\Users\ultra\warewolf\Dev\Dev2.Intellisense\Dev2.Intellisense.csproj]
C:\Program Files\dotnet\sdk\10.0.201\Microsoft.Common.CurrentVersion.targets(2451,5): warning MSB3277:             C:\Users\ultra\.nuget\packages\prism.wpf\9.0.537\lib\net462\Prism.Wpf.dll [C:\Users\ultra\warewolf\Dev\Dev2.Intellisense\Dev2.Intellisense.csproj]
C:\Program Files\dotnet\sdk\10.0.201\Microsoft.Common.CurrentVersion.targets(2451,5): warning MSB3277:         C:\Program Files\dotnet\packs\Microsoft.NETCore.App.Ref\8.0.25\ref\net8.0\System.Data.dll [C:\Users\ultra\warewolf\Dev\Dev2.Intellisense\Dev2.Intellisense.csproj]
C:\Program Files\dotnet\sdk\10.0.201\Microsoft.Common.CurrentVersion.targets(2451,5): warning MSB3277:           Project file item includes which caused reference "C:\Program Files\dotnet\packs\Microsoft.NETCore.App.Ref\8.0.25\ref\net8.0\System.Data.dll". [C:\Users\ultra\warewolf\Dev\Dev2.Intellisense\Dev2.Intellisense.csproj]
C:\Program Files\dotnet\sdk\10.0.201\Microsoft.Common.CurrentVersion.targets(2451,5): warning MSB3277:             C:\Program Files\dotnet\packs\Microsoft.NETCore.App.Ref\8.0.25\ref/net8.0/System.Data.dll [C:\Users\ultra\warewolf\Dev\Dev2.Intellisense\Dev2.Intellisense.csproj]
C:\Program Files\dotnet\sdk\10.0.201\Microsoft.Common.CurrentVersion.targets(2451,5): warning MSB3277:             C:\Users\ultra\.nuget\packages\taskschedulereditor\2.10.1\lib\net452\Microsoft.Win32.TaskSchedulerEditor.dll [C:\Users\ultra\warewolf\Dev\Dev2.Intellisense\Dev2.Intellisense.csproj]
C:\Program Files\dotnet\sdk\10.0.201\Microsoft.Common.CurrentVersion.targets(2451,5): warning MSB3277:         C:\Program Files\dotnet\packs\Microsoft.NETCore.App.Ref\8.0.25\ref\net8.0\System.Drawing.dll [C:\Users\ultra\warewolf\Dev\Dev2.Intellisense\Dev2.Intellisense.csproj]
C:\Program Files\dotnet\sdk\10.0.201\Microsoft.Common.CurrentVersion.targets(2451,5): warning MSB3277:           Project file item includes which caused reference "C:\Program Files\dotnet\packs\Microsoft.NETCore.App.Ref\8.0.25\ref\net8.0\System.Drawing.dll". [C:\Users\ultra\warewolf\Dev\Dev2.Intellisense\Dev2.Intellisense.csproj]
C:\Program Files\dotnet\sdk\10.0.201\Microsoft.Common.CurrentVersion.targets(2451,5): warning MSB3277:             C:\Program Files\dotnet\packs\Microsoft.NETCore.App.Ref\8.0.25\ref/net8.0/System.Drawing.dll [C:\Users\ultra\warewolf\Dev\Dev2.Intellisense\Dev2.Intellisense.csproj]
C:\Program Files\dotnet\sdk\10.0.201\Microsoft.Common.CurrentVersion.targets(2451,5): warning MSB3277:             C:\Users\ultra\.nuget\packages\aerowizard\2.3.1\lib\net45\AeroWizard.dll [C:\Users\ultra\warewolf\Dev\Dev2.Intellisense\Dev2.Intellisense.csproj]
C:\Program Files\dotnet\sdk\10.0.201\Microsoft.Common.CurrentVersion.targets(2451,5): warning MSB3277:             C:\Users\ultra\.nuget\packages\groupcontrols\1.9.0\lib\net45\GroupControls.dll [C:\Users\ultra\warewolf\Dev\Dev2.Intellisense\Dev2.Intellisense.csproj]
C:\Program Files\dotnet\sdk\10.0.201\Microsoft.Common.CurrentVersion.targets(2451,5): warning MSB3277:             C:\Users\ultra\.nuget\packages\taskschedulereditor\2.10.1\lib\net452\Microsoft.Win32.TaskSchedulerEditor.dll [C:\Users\ultra\warewolf\Dev\Dev2.Intellisense\Dev2.Intellisense.csproj]
C:\Program Files\dotnet\sdk\10.0.201\Microsoft.Common.CurrentVersion.targets(2451,5): warning MSB3277:         C:\Program Files\dotnet\packs\Microsoft.NETCore.App.Ref\8.0.25\ref\net8.0\System.Net.dll [C:\Users\ultra\warewolf\Dev\Dev2.Intellisense\Dev2.Intellisense.csproj]
C:\Program Files\dotnet\sdk\10.0.201\Microsoft.Common.CurrentVersion.targets(2451,5): warning MSB3277:           Project file item includes which caused reference "C:\Program Files\dotnet\packs\Microsoft.NETCore.App.Ref\8.0.25\ref\net8.0\System.Net.dll". [C:\Users\ultra\warewolf\Dev\Dev2.Intellisense\Dev2.Intellisense.csproj]
C:\Program Files\dotnet\sdk\10.0.201\Microsoft.Common.CurrentVersion.targets(2451,5): warning MSB3277:             C:\Program Files\dotnet\packs\Microsoft.NETCore.App.Ref\8.0.25\ref/net8.0/System.Net.dll [C:\Users\ultra\warewolf\Dev\Dev2.Intellisense\Dev2.Intellisense.csproj]
C:\Program Files\dotnet\sdk\10.0.201\Microsoft.Common.CurrentVersion.targets(2451,5): warning MSB3277:         C:\Program Files\dotnet\packs\Microsoft.NETCore.App.Ref\8.0.25\ref\net8.0\System.Security.dll [C:\Users\ultra\warewolf\Dev\Dev2.Intellisense\Dev2.Intellisense.csproj]
C:\Program Files\dotnet\sdk\10.0.201\Microsoft.Common.CurrentVersion.targets(2451,5): warning MSB3277:           Project file item includes which caused reference "C:\Program Files\dotnet\packs\Microsoft.NETCore.App.Ref\8.0.25\ref\net8.0\System.Security.dll". [C:\Users\ultra\warewolf\Dev\Dev2.Intellisense\Dev2.Intellisense.csproj]
C:\Program Files\dotnet\sdk\10.0.201\Microsoft.Common.CurrentVersion.targets(2451,5): warning MSB3277:             C:\Program Files\dotnet\packs\Microsoft.NETCore.App.Ref\8.0.25\ref/net8.0/System.Security.dll [C:\Users\ultra\warewolf\Dev\Dev2.Intellisense\Dev2.Intellisense.csproj]
C:\Program Files\dotnet\sdk\10.0.201\Microsoft.Common.CurrentVersion.targets(2451,5): warning MSB3277:         C:\Program Files\dotnet\packs\Microsoft.NETCore.App.Ref\8.0.25\ref\net8.0\System.ServiceProcess.dll [C:\Users\ultra\warewolf\Dev\Dev2.Intellisense\Dev2.Intellisense.csproj]
C:\Program Files\dotnet\sdk\10.0.201\Microsoft.Common.CurrentVersion.targets(2451,5): warning MSB3277:           Project file item includes which caused reference "C:\Program Files\dotnet\packs\Microsoft.NETCore.App.Ref\8.0.25\ref\net8.0\System.ServiceProcess.dll". [C:\Users\ultra\warewolf\Dev\Dev2.Intellisense\Dev2.Intellisense.csproj]
C:\Program Files\dotnet\sdk\10.0.201\Microsoft.Common.CurrentVersion.targets(2451,5): warning MSB3277:             C:\Program Files\dotnet\packs\Microsoft.NETCore.App.Ref\8.0.25\ref/net8.0/System.ServiceProcess.dll [C:\Users\ultra\warewolf\Dev\Dev2.Intellisense\Dev2.Intellisense.csproj]
C:\Program Files\dotnet\sdk\10.0.201\Microsoft.Common.CurrentVersion.targets(2451,5): warning MSB3277:         C:\Program Files\dotnet\packs\Microsoft.NETCore.App.Ref\8.0.25\ref\net8.0\System.Transactions.dll [C:\Users\ultra\warewolf\Dev\Dev2.Intellisense\Dev2.Intellisense.csproj]
C:\Program Files\dotnet\sdk\10.0.201\Microsoft.Common.CurrentVersion.targets(2451,5): warning MSB3277:           Project file item includes which caused reference "C:\Program Files\dotnet\packs\Microsoft.NETCore.App.Ref\8.0.25\ref\net8.0\System.Transactions.dll". [C:\Users\ultra\warewolf\Dev\Dev2.Intellisense\Dev2.Intellisense.csproj]
C:\Program Files\dotnet\sdk\10.0.201\Microsoft.Common.CurrentVersion.targets(2451,5): warning MSB3277:             C:\Program Files\dotnet\packs\Microsoft.NETCore.App.Ref\8.0.25\ref/net8.0/System.Transactions.dll [C:\Users\ultra\warewolf\Dev\Dev2.Intellisense\Dev2.Intellisense.csproj]
C:\Program Files\dotnet\sdk\10.0.201\Microsoft.Common.CurrentVersion.targets(2451,5): warning MSB3277:         C:\Program Files\dotnet\packs\Microsoft.NETCore.App.Ref\8.0.25\ref\net8.0\System.dll [C:\Users\ultra\warewolf\Dev\Dev2.Intellisense\Dev2.Intellisense.csproj]
C:\Program Files\dotnet\sdk\10.0.201\Microsoft.Common.CurrentVersion.targets(2451,5): warning MSB3277:           Project file item includes which caused reference "C:\Program Files\dotnet\packs\Microsoft.NETCore.App.Ref\8.0.25\ref\net8.0\System.dll". [C:\Users\ultra\warewolf\Dev\Dev2.Intellisense\Dev2.Intellisense.csproj]
C:\Program Files\dotnet\sdk\10.0.201\Microsoft.Common.CurrentVersion.targets(2451,5): warning MSB3277:             C:\Program Files\dotnet\packs\Microsoft.NETCore.App.Ref\8.0.25\ref/net8.0/System.dll [C:\Users\ultra\warewolf\Dev\Dev2.Intellisense\Dev2.Intellisense.csproj]
C:\Program Files\dotnet\sdk\10.0.201\Microsoft.Common.CurrentVersion.targets(2451,5): warning MSB3277:             C:\Users\ultra\.nuget\packages\aerowizard\2.3.1\lib\net45\AeroWizard.dll [C:\Users\ultra\warewolf\Dev\Dev2.Intellisense\Dev2.Intellisense.csproj]
C:\Program Files\dotnet\sdk\10.0.201\Microsoft.Common.CurrentVersion.targets(2451,5): warning MSB3277:             C:\Users\ultra\.nuget\packages\groupcontrols\1.9.0\lib\net45\GroupControls.dll [C:\Users\ultra\warewolf\Dev\Dev2.Intellisense\Dev2.Intellisense.csproj]
C:\Program Files\dotnet\sdk\10.0.201\Microsoft.Common.CurrentVersion.targets(2451,5): warning MSB3277:             C:\Users\ultra\.nuget\packages\microsoft.xaml.behaviors.wpf\1.1.122\lib\net462\Microsoft.Xaml.Behaviors.dll [C:\Users\ultra\warewolf\Dev\Dev2.Intellisense\Dev2.Intellisense.csproj]
C:\Program Files\dotnet\sdk\10.0.201\Microsoft.Common.CurrentVersion.targets(2451,5): warning MSB3277:             C:\Users\ultra\.nuget\packages\caliburn.micro\4.0.212\lib\netcoreapp3.1\Caliburn.Micro.Platform.dll [C:\Users\ultra\warewolf\Dev\Dev2.Intellisense\Dev2.Intellisense.csproj]
C:\Program Files\dotnet\sdk\10.0.201\Microsoft.Common.CurrentVersion.targets(2451,5): warning MSB3277:             C:\Users\ultra\.nuget\packages\prism.wpf\9.0.537\lib\net462\Prism.Wpf.dll [C:\Users\ultra\warewolf\Dev\Dev2.Intellisense\Dev2.Intellisense.csproj]
C:\Program Files\dotnet\sdk\10.0.201\Microsoft.Common.CurrentVersion.targets(2451,5): warning MSB3277:             C:\Users\ultra\.nuget\packages\reactiveui.wpf\18.4.1\lib\net462\ReactiveUI.Wpf.dll [C:\Users\ultra\warewolf\Dev\Dev2.Intellisense\Dev2.Intellisense.csproj]
C:\Program Files\dotnet\sdk\10.0.201\Microsoft.Common.CurrentVersion.targets(2451,5): warning MSB3277:             C:\Users\ultra\.nuget\packages\taskschedulereditor\2.10.1\lib\net452\Microsoft.Win32.TaskSchedulerEditor.dll [C:\Users\ultra\warewolf\Dev\Dev2.Intellisense\Dev2.Intellisense.csproj]
C:\Program Files\dotnet\sdk\10.0.201\Microsoft.Common.CurrentVersion.targets(2451,5): warning MSB3277:             C:\Users\ultra\.nuget\packages\ttcue.netcore.sharepointonline.csom.16.1.8029.1200\16.1.8029.1200\lib\netcoreapp2.0\Microsoft.SharePoint.Client.Runtime.Windows.dll [C:\Users\ultra\warewolf\Dev\Dev2.Intellisense\Dev2.Intellisense.csproj]
C:\Program Files\dotnet\sdk\10.0.201\Microsoft.Common.CurrentVersion.targets(2451,5): warning MSB3277:         C:\Program Files\dotnet\packs\Microsoft.NETCore.App.Ref\8.0.25\ref\net8.0\WindowsBase.dll [C:\Users\ultra\warewolf\Dev\Dev2.Intellisense\Dev2.Intellisense.csproj]
C:\Program Files\dotnet\sdk\10.0.201\Microsoft.Common.CurrentVersion.targets(2451,5): warning MSB3277:           Project file item includes which caused reference "C:\Program Files\dotnet\packs\Microsoft.NETCore.App.Ref\8.0.25\ref\net8.0\WindowsBase.dll". [C:\Users\ultra\warewolf\Dev\Dev2.Intellisense\Dev2.Intellisense.csproj]
C:\Program Files\dotnet\sdk\10.0.201\Microsoft.Common.CurrentVersion.targets(2451,5): warning MSB3277:             C:\Program Files\dotnet\packs\Microsoft.NETCore.App.Ref\8.0.25\ref/net8.0/WindowsBase.dll [C:\Users\ultra\warewolf\Dev\Dev2.Intellisense\Dev2.Intellisense.csproj]
C:\Program Files\dotnet\sdk\10.0.201\Microsoft.Common.CurrentVersion.targets(2451,5): warning MSB3277:         C:\Program Files\dotnet\packs\Microsoft.NETCore.App.Ref\8.0.25\ref\net8.0\mscorlib.dll [C:\Users\ultra\warewolf\Dev\Dev2.Intellisense\Dev2.Intellisense.csproj]
C:\Program Files\dotnet\sdk\10.0.201\Microsoft.Common.CurrentVersion.targets(2451,5): warning MSB3277:           Project file item includes which caused reference "C:\Program Files\dotnet\packs\Microsoft.NETCore.App.Ref\8.0.25\ref\net8.0\mscorlib.dll". [C:\Users\ultra\warewolf\Dev\Dev2.Intellisense\Dev2.Intellisense.csproj]
C:\Program Files\dotnet\sdk\10.0.201\Microsoft.Common.CurrentVersion.targets(2451,5): warning MSB3277:             C:\Program Files\dotnet\packs\Microsoft.NETCore.App.Ref\8.0.25\ref/net8.0/mscorlib.dll [C:\Users\ultra\warewolf\Dev\Dev2.Intellisense\Dev2.Intellisense.csproj]
C:\Program Files\dotnet\sdk\10.0.201\Microsoft.Common.CurrentVersion.targets(2451,5): warning MSB3277:             C:\Users\ultra\.nuget\packages\aerowizard\2.3.1\lib\net45\AeroWizard.dll [C:\Users\ultra\warewolf\Dev\Dev2.Intellisense\Dev2.Intellisense.csproj]
C:\Program Files\dotnet\sdk\10.0.201\Microsoft.Common.CurrentVersion.targets(2451,5): warning MSB3277:             C:\Users\ultra\.nuget\packages\groupcontrols\1.9.0\lib\net45\GroupControls.dll [C:\Users\ultra\warewolf\Dev\Dev2.Intellisense\Dev2.Intellisense.csproj]
C:\Program Files\dotnet\sdk\10.0.201\Microsoft.Common.CurrentVersion.targets(2451,5): warning MSB3277:             C:\Users\ultra\.nuget\packages\hangfire.core\1.7.32\lib\netstandard2.0\Hangfire.Core.dll [C:\Users\ultra\warewolf\Dev\Dev2.Intellisense\Dev2.Intellisense.csproj]
C:\Program Files\dotnet\sdk\10.0.201\Microsoft.Common.CurrentVersion.targets(2451,5): warning MSB3277:             C:\Users\ultra\warewolf\Dev\Dev2.Activities\bin\Debug\net8.0\Dev2.Activities.dll [C:\Users\ultra\warewolf\Dev\Dev2.Intellisense\Dev2.Intellisense.csproj]
C:\Program Files\dotnet\sdk\10.0.201\Microsoft.Common.CurrentVersion.targets(2451,5): warning MSB3277:             C:\Users\ultra\warewolf\Dev\Dev2.Studio.Core\bin\Debug\net8.0\Dev2.Studio.Core.dll [C:\Users\ultra\warewolf\Dev\Dev2.Intellisense\Dev2.Intellisense.csproj]
C:\Program Files\dotnet\sdk\10.0.201\Microsoft.Common.CurrentVersion.targets(2451,5): warning MSB3277:             C:\Users\ultra\warewolf\Dev\Warewolf.Driver.Persistence\bin\Debug\net8.0\Warewolf.Driver.Persistence.dll [C:\Users\ultra\warewolf\Dev\Dev2.Intellisense\Dev2.Intellisense.csproj]
C:\Program Files\dotnet\sdk\10.0.201\Microsoft.Common.CurrentVersion.targets(2451,5): warning MSB3277:             C:\Users\ultra\.nuget\packages\hangfire.sqlserver\1.7.32\lib\netstandard2.0\Hangfire.SqlServer.dll [C:\Users\ultra\warewolf\Dev\Dev2.Intellisense\Dev2.Intellisense.csproj]
C:\Program Files\dotnet\sdk\10.0.201\Microsoft.Common.CurrentVersion.targets(2451,5): warning MSB3277:             C:\Users\ultra\.nuget\packages\microsoft.xaml.behaviors.wpf\1.1.122\lib\net462\Microsoft.Xaml.Behaviors.dll [C:\Users\ultra\warewolf\Dev\Dev2.Intellisense\Dev2.Intellisense.csproj]
C:\Program Files\dotnet\sdk\10.0.201\Microsoft.Common.CurrentVersion.targets(2451,5): warning MSB3277:             C:\Users\ultra\.nuget\packages\caliburn.micro\4.0.212\lib\netcoreapp3.1\Caliburn.Micro.Platform.dll [C:\Users\ultra\warewolf\Dev\Dev2.Intellisense\Dev2.Intellisense.csproj]
C:\Program Files\dotnet\sdk\10.0.201\Microsoft.Common.CurrentVersion.targets(2451,5): warning MSB3277:             C:\Users\ultra\.nuget\packages\oracle.manageddataaccess.core\3.21.70\lib\netstandard2.1\Oracle.ManagedDataAccess.dll [C:\Users\ultra\warewolf\Dev\Dev2.Intellisense\Dev2.Intellisense.csproj]
C:\Program Files\dotnet\sdk\10.0.201\Microsoft.Common.CurrentVersion.targets(2451,5): warning MSB3277:             C:\Users\ultra\warewolf\Dev\Dev2.Runtime.Services\bin\Debug\net8.0\Dev2.Runtime.Services.dll [C:\Users\ultra\warewolf\Dev\Dev2.Intellisense\Dev2.Intellisense.csproj]
C:\Program Files\dotnet\sdk\10.0.201\Microsoft.Common.CurrentVersion.targets(2451,5): warning MSB3277:             C:\Users\ultra\warewolf\Dev\Dev2.Studio.Interfaces\bin\Debug\net8.0\Dev2.Studio.Interfaces.dll [C:\Users\ultra\warewolf\Dev\Dev2.Intellisense\Dev2.Intellisense.csproj]
C:\Program Files\dotnet\sdk\10.0.201\Microsoft.Common.CurrentVersion.targets(2451,5): warning MSB3277:             C:\Users\ultra\warewolf\Dev\Warewolf.Studio.Core\bin\Debug\net8.0\Warewolf.Studio.Core.dll [C:\Users\ultra\warewolf\Dev\Dev2.Intellisense\Dev2.Intellisense.csproj]
C:\Program Files\dotnet\sdk\10.0.201\Microsoft.Common.CurrentVersion.targets(2451,5): warning MSB3277:             C:\Users\ultra\warewolf\Dev\Dev2.Services.Execution\bin\Debug\net8.0\Dev2.Services.Execution.dll [C:\Users\ultra\warewolf\Dev\Dev2.Intellisense\Dev2.Intellisense.csproj]
C:\Program Files\dotnet\sdk\10.0.201\Microsoft.Common.CurrentVersion.targets(2451,5): warning MSB3277:             C:\Users\ultra\warewolf\Dev\Dev2.Services.Sql\bin\Debug\net8.0\Dev2.Services.Sql.dll [C:\Users\ultra\warewolf\Dev\Dev2.Intellisense\Dev2.Intellisense.csproj]
C:\Program Files\dotnet\sdk\10.0.201\Microsoft.Common.CurrentVersion.targets(2451,5): warning MSB3277:             C:\Users\ultra\.nuget\packages\prism.wpf\9.0.537\lib\net462\Prism.Wpf.dll [C:\Users\ultra\warewolf\Dev\Dev2.Intellisense\Dev2.Intellisense.csproj]
C:\Program Files\dotnet\sdk\10.0.201\Microsoft.Common.CurrentVersion.targets(2451,5): warning MSB3277:             C:\Users\ultra\.nuget\packages\reactiveui.wpf\18.4.1\lib\net462\ReactiveUI.Wpf.dll [C:\Users\ultra\warewolf\Dev\Dev2.Intellisense\Dev2.Intellisense.csproj]
C:\Program Files\dotnet\sdk\10.0.201\Microsoft.Common.CurrentVersion.targets(2451,5): warning MSB3277:             C:\Users\ultra\.nuget\packages\taskschedulereditor\2.10.1\lib\net452\Microsoft.Win32.TaskSchedulerEditor.dll [C:\Users\ultra\warewolf\Dev\Dev2.Intellisense\Dev2.Intellisense.csproj]
C:\Program Files\dotnet\sdk\10.0.201\Microsoft.Common.CurrentVersion.targets(2451,5): warning MSB3277:             C:\Users\ultra\.nuget\packages\ttcue.netcore.sharepointonline.csom.16.1.8029.1200\16.1.8029.1200\lib\netcoreapp2.0\Microsoft.SharePoint.Client.Runtime.Windows.dll [C:\Users\ultra\warewolf\Dev\Dev2.Intellisense\Dev2.Intellisense.csproj]
C:\Program Files\dotnet\sdk\10.0.201\Microsoft.Common.CurrentVersion.targets(2451,5): warning MSB3277:         C:\Users\ultra\warewolf\Dev\Dev2.Development.Languages\bin\Debug\net8.0\IronRuby.dll [C:\Users\ultra\warewolf\Dev\Dev2.Intellisense\Dev2.Intellisense.csproj]
C:\Program Files\dotnet\sdk\10.0.201\Microsoft.Common.CurrentVersion.targets(2451,5): warning MSB3277:           Project file item includes which caused reference "C:\Users\ultra\warewolf\Dev\Dev2.Development.Languages\bin\Debug\net8.0\IronRuby.dll". [C:\Users\ultra\warewolf\Dev\Dev2.Intellisense\Dev2.Intellisense.csproj]
C:\Program Files\dotnet\sdk\10.0.201\Microsoft.Common.CurrentVersion.targets(2451,5): warning MSB3277:             C:\Users\ultra\warewolf\Dev\Dev2.Development.Languages\bin\Debug\net8.0\Dev2.Development.Languages.dll [C:\Users\ultra\warewolf\Dev\Dev2.Intellisense\Dev2.Intellisense.csproj]
C:\Program Files\dotnet\sdk\10.0.201\Microsoft.Common.CurrentVersion.targets(2451,5): warning MSB3277:             C:\Users\ultra\warewolf\Dev\Dev2.Activities\bin\Debug\net8.0\Dev2.Activities.dll [C:\Users\ultra\warewolf\Dev\Dev2.Intellisense\Dev2.Intellisense.csproj]
C:\Program Files\dotnet\sdk\10.0.201\Microsoft.Common.CurrentVersion.targets(2451,5): warning MSB3277:             C:\Users\ultra\warewolf\Dev\Dev2.Studio.Core\bin\Debug\net8.0\Dev2.Studio.Core.dll [C:\Users\ultra\warewolf\Dev\Dev2.Intellisense\Dev2.Intellisense.csproj]
C:\Program Files\dotnet\sdk\10.0.201\Microsoft.Common.CurrentVersion.targets(2451,5): warning MSB3277:         C:\Users\ultra\warewolf\Dev\Dev2.Development.Languages\bin\Debug\net8.0\IronRuby.Libraries.dll [C:\Users\ultra\warewolf\Dev\Dev2.Intellisense\Dev2.Intellisense.csproj]
C:\Program Files\dotnet\sdk\10.0.201\Microsoft.Common.CurrentVersion.targets(2451,5): warning MSB3277:           Project file item includes which caused reference "C:\Users\ultra\warewolf\Dev\Dev2.Development.Languages\bin\Debug\net8.0\IronRuby.Libraries.dll". [C:\Users\ultra\warewolf\Dev\Dev2.Intellisense\Dev2.Intellisense.csproj]
C:\Program Files\dotnet\sdk\10.0.201\Microsoft.Common.CurrentVersion.targets(2451,5): warning MSB3277:             C:\Users\ultra\warewolf\Dev\Dev2.Development.Languages\bin\Debug\net8.0\Dev2.Development.Languages.dll [C:\Users\ultra\warewolf\Dev\Dev2.Intellisense\Dev2.Intellisense.csproj]
C:\Program Files\dotnet\sdk\10.0.201\Microsoft.Common.CurrentVersion.targets(2451,5): warning MSB3277:             C:\Users\ultra\warewolf\Dev\Dev2.Activities\bin\Debug\net8.0\Dev2.Activities.dll [C:\Users\ultra\warewolf\Dev\Dev2.Intellisense\Dev2.Intellisense.csproj]
C:\Program Files\dotnet\sdk\10.0.201\Microsoft.Common.CurrentVersion.targets(2451,5): warning MSB3277:             C:\Users\ultra\warewolf\Dev\Dev2.Studio.Core\bin\Debug\net8.0\Dev2.Studio.Core.dll [C:\Users\ultra\warewolf\Dev\Dev2.Intellisense\Dev2.Intellisense.csproj]
C:\Program Files\dotnet\sdk\10.0.201\Microsoft.Common.CurrentVersion.targets(2451,5): warning MSB3277:         C:\Users\ultra\warewolf\Dev\Binaries\Infragistcs_Net6\InfragisticsWPF4.DataVisualization.v15.1.dll [C:\Users\ultra\warewolf\Dev\Dev2.Intellisense\Dev2.Intellisense.csproj]
C:\Program Files\dotnet\sdk\10.0.201\Microsoft.Common.CurrentVersion.targets(2451,5): warning MSB3277:           Project file item includes which caused reference "C:\Users\ultra\warewolf\Dev\Binaries\Infragistcs_Net6\InfragisticsWPF4.DataVisualization.v15.1.dll". [C:\Users\ultra\warewolf\Dev\Dev2.Intellisense\Dev2.Intellisense.csproj]
C:\Program Files\dotnet\sdk\10.0.201\Microsoft.Common.CurrentVersion.targets(2451,5): warning MSB3277:             InfragisticsWPF4.Math.Calculators.v15.1, Version=15.1.20151.2055, Culture=neutral, PublicKeyToken=7dd5c3163f2cd0cb, processorArchitecture=MSIL [C:\Users\ultra\warewolf\Dev\Dev2.Intellisense\Dev2.Intellisense.csproj]
C:\Program Files\dotnet\sdk\10.0.201\Microsoft.Common.CurrentVersion.targets(2451,5): warning MSB3277: Found conflicts between different versions of "WindowsBase" that could not be resolved. [C:\Users\ultra\warewolf\Dev\Dev2.Intellisense\Dev2.Intellisense.csproj]
C:\Program Files\dotnet\sdk\10.0.201\Microsoft.Common.CurrentVersion.targets(2451,5): warning MSB3277: There was a conflict between "WindowsBase, Version=4.0.0.0, Culture=neutral, PublicKeyToken=31bf3856ad364e35" and "WindowsBase, Version=6.0.2.0, Culture=neutral, PublicKeyToken=31bf3856ad364e35". [C:\Users\ultra\warewolf\Dev\Dev2.Intellisense\Dev2.Intellisense.csproj]
C:\Program Files\dotnet\sdk\10.0.201\Microsoft.Common.CurrentVersion.targets(2451,5): warning MSB3277:     "WindowsBase, Version=4.0.0.0, Culture=neutral, PublicKeyToken=31bf3856ad364e35" was chosen because it was primary and "WindowsBase, Version=6.0.2.0, Culture=neutral, PublicKeyToken=31bf3856ad364e35" was not. [C:\Users\ultra\warewolf\Dev\Dev2.Intellisense\Dev2.Intellisense.csproj]
C:\Program Files\dotnet\sdk\10.0.201\Microsoft.Common.CurrentVersion.targets(2451,5): warning MSB3277:     References which depend on "WindowsBase, Version=4.0.0.0, Culture=neutral, PublicKeyToken=31bf3856ad364e35" [C:\Program Files\dotnet\packs\Microsoft.NETCore.App.Ref\8.0.25\ref\net8.0\WindowsBase.dll]. [C:\Users\ultra\warewolf\Dev\Dev2.Intellisense\Dev2.Intellisense.csproj]
C:\Program Files\dotnet\sdk\10.0.201\Microsoft.Common.CurrentVersion.targets(2451,5): warning MSB3277:         C:\Program Files\dotnet\packs\Microsoft.NETCore.App.Ref\8.0.25\ref\net8.0\WindowsBase.dll [C:\Users\ultra\warewolf\Dev\Dev2.Intellisense\Dev2.Intellisense.csproj]
C:\Program Files\dotnet\sdk\10.0.201\Microsoft.Common.CurrentVersion.targets(2451,5): warning MSB3277:           Project file item includes which caused reference "C:\Program Files\dotnet\packs\Microsoft.NETCore.App.Ref\8.0.25\ref\net8.0\WindowsBase.dll". [C:\Users\ultra\warewolf\Dev\Dev2.Intellisense\Dev2.Intellisense.csproj]
C:\Program Files\dotnet\sdk\10.0.201\Microsoft.Common.CurrentVersion.targets(2451,5): warning MSB3277:             C:\Program Files\dotnet\packs\Microsoft.NETCore.App.Ref\8.0.25\ref/net8.0/WindowsBase.dll [C:\Users\ultra\warewolf\Dev\Dev2.Intellisense\Dev2.Intellisense.csproj]
C:\Program Files\dotnet\sdk\10.0.201\Microsoft.Common.CurrentVersion.targets(2451,5): warning MSB3277:     References which depend on or have been unified to "WindowsBase, Version=6.0.2.0, Culture=neutral, PublicKeyToken=31bf3856ad364e35" []. [C:\Users\ultra\warewolf\Dev\Dev2.Intellisense\Dev2.Intellisense.csproj]
C:\Program Files\dotnet\sdk\10.0.201\Microsoft.Common.CurrentVersion.targets(2451,5): warning MSB3277:         C:\Users\ultra\warewolf\Dev\Binaries\Infragistcs_Net6\Infragistics.Calculations.dll [C:\Users\ultra\warewolf\Dev\Dev2.Intellisense\Dev2.Intellisense.csproj]
C:\Program Files\dotnet\sdk\10.0.201\Microsoft.Common.CurrentVersion.targets(2451,5): warning MSB3277:           Project file item includes which caused reference "C:\Users\ultra\warewolf\Dev\Binaries\Infragistcs_Net6\Infragistics.Calculations.dll". [C:\Users\ultra\warewolf\Dev\Dev2.Intellisense\Dev2.Intellisense.csproj]
C:\Program Files\dotnet\sdk\10.0.201\Microsoft.Common.CurrentVersion.targets(2451,5): warning MSB3277:             CalculationManager.WPF [C:\Users\ultra\warewolf\Dev\Dev2.Intellisense\Dev2.Intellisense.csproj]
C:\Program Files\dotnet\sdk\10.0.201\Microsoft.Common.CurrentVersion.targets(2451,5): warning MSB3277:         C:\Users\ultra\warewolf\Dev\Binaries\Infragistcs_Net6\InfragisticsWPF4.Math.Calculators.v15.1.dll [C:\Users\ultra\warewolf\Dev\Dev2.Intellisense\Dev2.Intellisense.csproj]
C:\Program Files\dotnet\sdk\10.0.201\Microsoft.Common.CurrentVersion.targets(2451,5): warning MSB3277:           Project file item includes which caused reference "C:\Users\ultra\warewolf\Dev\Binaries\Infragistcs_Net6\InfragisticsWPF4.Math.Calculators.v15.1.dll". [C:\Users\ultra\warewolf\Dev\Dev2.Intellisense\Dev2.Intellisense.csproj]
C:\Program Files\dotnet\sdk\10.0.201\Microsoft.Common.CurrentVersion.targets(2451,5): warning MSB3277:             InfragisticsWPF4.Math.Calculators.v15.1, Version=15.1.20151.2055, Culture=neutral, PublicKeyToken=7dd5c3163f2cd0cb, processorArchitecture=MSIL [C:\Users\ultra\warewolf\Dev\Dev2.Intellisense\Dev2.Intellisense.csproj]
C:\Program Files\dotnet\sdk\10.0.201\Microsoft.Common.CurrentVersion.targets(2451,5): warning MSB3277:         C:\Users\ultra\warewolf\Dev\Binaries\Infragistcs_Net6\InfragisticsWPF4.v15.1.dll [C:\Users\ultra\warewolf\Dev\Dev2.Intellisense\Dev2.Intellisense.csproj]
C:\Program Files\dotnet\sdk\10.0.201\Microsoft.Common.CurrentVersion.targets(2451,5): warning MSB3277:           Project file item includes which caused reference "C:\Users\ultra\warewolf\Dev\Binaries\Infragistcs_Net6\InfragisticsWPF4.v15.1.dll". [C:\Users\ultra\warewolf\Dev\Dev2.Intellisense\Dev2.Intellisense.csproj]
C:\Program Files\dotnet\sdk\10.0.201\Microsoft.Common.CurrentVersion.targets(2451,5): warning MSB3277:             InfragisticsWPF4.v15.1, Version=15.1.20151.2055, Culture=neutral, PublicKeyToken=7dd5c3163f2cd0cb, processorArchitecture=MSIL [C:\Users\ultra\warewolf\Dev\Dev2.Intellisense\Dev2.Intellisense.csproj]
C:\Program Files\dotnet\sdk\10.0.201\Microsoft.Common.CurrentVersion.targets(2451,5): warning MSB3277:             CalculationManager.WPF [C:\Users\ultra\warewolf\Dev\Dev2.Intellisense\Dev2.Intellisense.csproj]
C:\Program Files\dotnet\sdk\10.0.201\Microsoft.Common.CurrentVersion.targets(2451,5): warning MSB3277:             InfragisticsWPF4.Math.Calculators.v15.1, Version=15.1.20151.2055, Culture=neutral, PublicKeyToken=7dd5c3163f2cd0cb, processorArchitecture=MSIL [C:\Users\ultra\warewolf\Dev\Dev2.Intellisense\Dev2.Intellisense.csproj]
C:\Program Files\dotnet\sdk\10.0.201\Microsoft.Common.CurrentVersion.targets(2451,5): warning MSB3277:         C:\Users\ultra\.nuget\packages\caliburn.micro\4.0.212\lib\netcoreapp3.1\Caliburn.Micro.Platform.dll [C:\Users\ultra\warewolf\Dev\Dev2.Intellisense\Dev2.Intellisense.csproj]
C:\Program Files\dotnet\sdk\10.0.201\Microsoft.Common.CurrentVersion.targets(2451,5): warning MSB3277:           Project file item includes which caused reference "C:\Users\ultra\.nuget\packages\caliburn.micro\4.0.212\lib\netcoreapp3.1\Caliburn.Micro.Platform.dll". [C:\Users\ultra\warewolf\Dev\Dev2.Intellisense\Dev2.Intellisense.csproj]
C:\Program Files\dotnet\sdk\10.0.201\Microsoft.Common.CurrentVersion.targets(2451,5): warning MSB3277:             C:\Users\ultra\.nuget\packages\caliburn.micro\4.0.212\lib\netcoreapp3.1\Caliburn.Micro.Platform.dll [C:\Users\ultra\warewolf\Dev\Dev2.Intellisense\Dev2.Intellisense.csproj]
C:\Program Files\dotnet\sdk\10.0.201\Microsoft.Common.CurrentVersion.targets(2451,5): warning MSB3277:         C:\Users\ultra\.nuget\packages\ironpython\3.4.0\lib\net6.0\IronPython.Wpf.dll [C:\Users\ultra\warewolf\Dev\Dev2.Intellisense\Dev2.Intellisense.csproj]
C:\Program Files\dotnet\sdk\10.0.201\Microsoft.Common.CurrentVersion.targets(2451,5): warning MSB3277:           Project file item includes which caused reference "C:\Users\ultra\.nuget\packages\ironpython\3.4.0\lib\net6.0\IronPython.Wpf.dll". [C:\Users\ultra\warewolf\Dev\Dev2.Intellisense\Dev2.Intellisense.csproj]
C:\Program Files\dotnet\sdk\10.0.201\Microsoft.Common.CurrentVersion.targets(2451,5): warning MSB3277:             C:\Users\ultra\.nuget\packages\ironpython\3.4.0\lib\net6.0\IronPython.Wpf.dll [C:\Users\ultra\warewolf\Dev\Dev2.Intellisense\Dev2.Intellisense.csproj]
C:\Program Files\dotnet\sdk\10.0.201\Microsoft.Common.CurrentVersion.targets(2451,5): warning MSB3277:         C:\Users\ultra\.nuget\packages\microsoft.xaml.behaviors.wpf\1.1.122\lib\net462\Microsoft.Xaml.Behaviors.dll [C:\Users\ultra\warewolf\Dev\Dev2.Intellisense\Dev2.Intellisense.csproj]
C:\Program Files\dotnet\sdk\10.0.201\Microsoft.Common.CurrentVersion.targets(2451,5): warning MSB3277:           Project file item includes which caused reference "C:\Users\ultra\.nuget\packages\microsoft.xaml.behaviors.wpf\1.1.122\lib\net462\Microsoft.Xaml.Behaviors.dll". [C:\Users\ultra\warewolf\Dev\Dev2.Intellisense\Dev2.Intellisense.csproj]
C:\Program Files\dotnet\sdk\10.0.201\Microsoft.Common.CurrentVersion.targets(2451,5): warning MSB3277:             C:\Users\ultra\.nuget\packages\microsoft.xaml.behaviors.wpf\1.1.122\lib\net462\Microsoft.Xaml.Behaviors.dll [C:\Users\ultra\warewolf\Dev\Dev2.Intellisense\Dev2.Intellisense.csproj]
C:\Program Files\dotnet\sdk\10.0.201\Microsoft.Common.CurrentVersion.targets(2451,5): warning MSB3277:             C:\Users\ultra\.nuget\packages\caliburn.micro\4.0.212\lib\netcoreapp3.1\Caliburn.Micro.Platform.dll [C:\Users\ultra\warewolf\Dev\Dev2.Intellisense\Dev2.Intellisense.csproj]
C:\Program Files\dotnet\sdk\10.0.201\Microsoft.Common.CurrentVersion.targets(2451,5): warning MSB3277:             C:\Users\ultra\.nuget\packages\prism.wpf\9.0.537\lib\net462\Prism.Wpf.dll [C:\Users\ultra\warewolf\Dev\Dev2.Intellisense\Dev2.Intellisense.csproj]
C:\Program Files\dotnet\sdk\10.0.201\Microsoft.Common.CurrentVersion.targets(2451,5): warning MSB3277:         C:\Users\ultra\.nuget\packages\prism.wpf\9.0.537\lib\net462\Prism.Wpf.dll [C:\Users\ultra\warewolf\Dev\Dev2.Intellisense\Dev2.Intellisense.csproj]
C:\Program Files\dotnet\sdk\10.0.201\Microsoft.Common.CurrentVersion.targets(2451,5): warning MSB3277:           Project file item includes which caused reference "C:\Users\ultra\.nuget\packages\prism.wpf\9.0.537\lib\net462\Prism.Wpf.dll". [C:\Users\ultra\warewolf\Dev\Dev2.Intellisense\Dev2.Intellisense.csproj]
C:\Program Files\dotnet\sdk\10.0.201\Microsoft.Common.CurrentVersion.targets(2451,5): warning MSB3277:             C:\Users\ultra\.nuget\packages\prism.wpf\9.0.537\lib\net462\Prism.Wpf.dll [C:\Users\ultra\warewolf\Dev\Dev2.Intellisense\Dev2.Intellisense.csproj]
C:\Program Files\dotnet\sdk\10.0.201\Microsoft.Common.CurrentVersion.targets(2451,5): warning MSB3277:         C:\Users\ultra\.nuget\packages\reactiveui.wpf\18.4.1\lib\net462\ReactiveUI.Wpf.dll [C:\Users\ultra\warewolf\Dev\Dev2.Intellisense\Dev2.Intellisense.csproj]
C:\Program Files\dotnet\sdk\10.0.201\Microsoft.Common.CurrentVersion.targets(2451,5): warning MSB3277:           Project file item includes which caused reference "C:\Users\ultra\.nuget\packages\reactiveui.wpf\18.4.1\lib\net462\ReactiveUI.Wpf.dll". [C:\Users\ultra\warewolf\Dev\Dev2.Intellisense\Dev2.Intellisense.csproj]
C:\Program Files\dotnet\sdk\10.0.201\Microsoft.Common.CurrentVersion.targets(2451,5): warning MSB3277:             C:\Users\ultra\.nuget\packages\reactiveui.wpf\18.4.1\lib\net462\ReactiveUI.Wpf.dll [C:\Users\ultra\warewolf\Dev\Dev2.Intellisense\Dev2.Intellisense.csproj]
C:\Program Files\dotnet\sdk\10.0.201\Microsoft.Common.CurrentVersion.targets(2451,5): warning MSB3277:         C:\Users\ultra\warewolf\Dev\Binaries\Infragistcs_Net6\InfragisticsWPF4.DataVisualization.v15.1.dll [C:\Users\ultra\warewolf\Dev\Dev2.Intellisense\Dev2.Intellisense.csproj]
C:\Program Files\dotnet\sdk\10.0.201\Microsoft.Common.CurrentVersion.targets(2451,5): warning MSB3277:           Project file item includes which caused reference "C:\Users\ultra\warewolf\Dev\Binaries\Infragistcs_Net6\InfragisticsWPF4.DataVisualization.v15.1.dll". [C:\Users\ultra\warewolf\Dev\Dev2.Intellisense\Dev2.Intellisense.csproj]
C:\Program Files\dotnet\sdk\10.0.201\Microsoft.Common.CurrentVersion.targets(2451,5): warning MSB3277:             InfragisticsWPF4.Math.Calculators.v15.1, Version=15.1.20151.2055, Culture=neutral, PublicKeyToken=7dd5c3163f2cd0cb, processorArchitecture=MSIL [C:\Users\ultra\warewolf\Dev\Dev2.Intellisense\Dev2.Intellisense.csproj]
  Warewolf.MergeParser -> C:\Users\ultra\warewolf\Dev\Warewolf.MergeParser\bin\Debug\net8.0\Warewolf.MergeParser.dll
C:\Program Files\dotnet\sdk\10.0.201\Microsoft.Common.CurrentVersion.targets(2451,5): warning MSB3277: Found conflicts between different versions of "WindowsBase" that could not be resolved. [C:\Users\ultra\warewolf\Dev\Warewolf.MergeParser.Tests\Warewolf.MergeParser.Tests.csproj]
C:\Program Files\dotnet\sdk\10.0.201\Microsoft.Common.CurrentVersion.targets(2451,5): warning MSB3277: There was a conflict between "WindowsBase, Version=4.0.0.0, Culture=neutral, PublicKeyToken=31bf3856ad364e35" and "WindowsBase, Version=6.0.2.0, Culture=neutral, PublicKeyToken=31bf3856ad364e35". [C:\Users\ultra\warewolf\Dev\Warewolf.MergeParser.Tests\Warewolf.MergeParser.Tests.csproj]
C:\Program Files\dotnet\sdk\10.0.201\Microsoft.Common.CurrentVersion.targets(2451,5): warning MSB3277:     "WindowsBase, Version=4.0.0.0, Culture=neutral, PublicKeyToken=31bf3856ad364e35" was chosen because it was primary and "WindowsBase, Version=6.0.2.0, Culture=neutral, PublicKeyToken=31bf3856ad364e35" was not. [C:\Users\ultra\warewolf\Dev\Warewolf.MergeParser.Tests\Warewolf.MergeParser.Tests.csproj]
C:\Program Files\dotnet\sdk\10.0.201\Microsoft.Common.CurrentVersion.targets(2451,5): warning MSB3277:     References which depend on "WindowsBase, Version=4.0.0.0, Culture=neutral, PublicKeyToken=31bf3856ad364e35" [C:\Program Files\dotnet\packs\Microsoft.NETCore.App.Ref\8.0.25\ref\net8.0\WindowsBase.dll]. [C:\Users\ultra\warewolf\Dev\Warewolf.MergeParser.Tests\Warewolf.MergeParser.Tests.csproj]
C:\Program Files\dotnet\sdk\10.0.201\Microsoft.Common.CurrentVersion.targets(2451,5): warning MSB3277:         C:\Program Files\dotnet\packs\Microsoft.NETCore.App.Ref\8.0.25\ref\net8.0\WindowsBase.dll [C:\Users\ultra\warewolf\Dev\Warewolf.MergeParser.Tests\Warewolf.MergeParser.Tests.csproj]
C:\Program Files\dotnet\sdk\10.0.201\Microsoft.Common.CurrentVersion.targets(2451,5): warning MSB3277:           Project file item includes which caused reference "C:\Program Files\dotnet\packs\Microsoft.NETCore.App.Ref\8.0.25\ref\net8.0\WindowsBase.dll". [C:\Users\ultra\warewolf\Dev\Warewolf.MergeParser.Tests\Warewolf.MergeParser.Tests.csproj]
C:\Program Files\dotnet\sdk\10.0.201\Microsoft.Common.CurrentVersion.targets(2451,5): warning MSB3277:             C:\Program Files\dotnet\packs\Microsoft.NETCore.App.Ref\8.0.25\ref/net8.0/WindowsBase.dll [C:\Users\ultra\warewolf\Dev\Warewolf.MergeParser.Tests\Warewolf.MergeParser.Tests.csproj]
C:\Program Files\dotnet\sdk\10.0.201\Microsoft.Common.CurrentVersion.targets(2451,5): warning MSB3277:     References which depend on or have been unified to "WindowsBase, Version=6.0.2.0, Culture=neutral, PublicKeyToken=31bf3856ad364e35" []. [C:\Users\ultra\warewolf\Dev\Warewolf.MergeParser.Tests\Warewolf.MergeParser.Tests.csproj]
C:\Program Files\dotnet\sdk\10.0.201\Microsoft.Common.CurrentVersion.targets(2451,5): warning MSB3277:         C:\Users\ultra\.nuget\packages\caliburn.micro\4.0.212\lib\netcoreapp3.1\Caliburn.Micro.Platform.dll [C:\Users\ultra\warewolf\Dev\Warewolf.MergeParser.Tests\Warewolf.MergeParser.Tests.csproj]
C:\Program Files\dotnet\sdk\10.0.201\Microsoft.Common.CurrentVersion.targets(2451,5): warning MSB3277:           Project file item includes which caused reference "C:\Users\ultra\.nuget\packages\caliburn.micro\4.0.212\lib\netcoreapp3.1\Caliburn.Micro.Platform.dll". [C:\Users\ultra\warewolf\Dev\Warewolf.MergeParser.Tests\Warewolf.MergeParser.Tests.csproj]
C:\Program Files\dotnet\sdk\10.0.201\Microsoft.Common.CurrentVersion.targets(2451,5): warning MSB3277:             C:\Users\ultra\.nuget\packages\caliburn.micro\4.0.212\lib\netcoreapp3.1\Caliburn.Micro.Platform.dll [C:\Users\ultra\warewolf\Dev\Warewolf.MergeParser.Tests\Warewolf.MergeParser.Tests.csproj]
C:\Program Files\dotnet\sdk\10.0.201\Microsoft.Common.CurrentVersion.targets(2451,5): warning MSB3277:         C:\Users\ultra\.nuget\packages\ironpython\3.4.0\lib\net6.0\IronPython.Wpf.dll [C:\Users\ultra\warewolf\Dev\Warewolf.MergeParser.Tests\Warewolf.MergeParser.Tests.csproj]
C:\Program Files\dotnet\sdk\10.0.201\Microsoft.Common.CurrentVersion.targets(2451,5): warning MSB3277:           Project file item includes which caused reference "C:\Users\ultra\.nuget\packages\ironpython\3.4.0\lib\net6.0\IronPython.Wpf.dll". [C:\Users\ultra\warewolf\Dev\Warewolf.MergeParser.Tests\Warewolf.MergeParser.Tests.csproj]
C:\Program Files\dotnet\sdk\10.0.201\Microsoft.Common.CurrentVersion.targets(2451,5): warning MSB3277:             C:\Users\ultra\.nuget\packages\ironpython\3.4.0\lib\net6.0\IronPython.Wpf.dll [C:\Users\ultra\warewolf\Dev\Warewolf.MergeParser.Tests\Warewolf.MergeParser.Tests.csproj]
C:\Program Files\dotnet\sdk\10.0.201\Microsoft.Common.CurrentVersion.targets(2451,5): warning MSB3277:         C:\Users\ultra\.nuget\packages\microsoft.xaml.behaviors.wpf\1.1.122\lib\net462\Microsoft.Xaml.Behaviors.dll [C:\Users\ultra\warewolf\Dev\Warewolf.MergeParser.Tests\Warewolf.MergeParser.Tests.csproj]
C:\Program Files\dotnet\sdk\10.0.201\Microsoft.Common.CurrentVersion.targets(2451,5): warning MSB3277:           Project file item includes which caused reference "C:\Users\ultra\.nuget\packages\microsoft.xaml.behaviors.wpf\1.1.122\lib\net462\Microsoft.Xaml.Behaviors.dll". [C:\Users\ultra\warewolf\Dev\Warewolf.MergeParser.Tests\Warewolf.MergeParser.Tests.csproj]
C:\Program Files\dotnet\sdk\10.0.201\Microsoft.Common.CurrentVersion.targets(2451,5): warning MSB3277:             C:\Users\ultra\.nuget\packages\microsoft.xaml.behaviors.wpf\1.1.122\lib\net462\Microsoft.Xaml.Behaviors.dll [C:\Users\ultra\warewolf\Dev\Warewolf.MergeParser.Tests\Warewolf.MergeParser.Tests.csproj]
C:\Program Files\dotnet\sdk\10.0.201\Microsoft.Common.CurrentVersion.targets(2451,5): warning MSB3277:             C:\Users\ultra\.nuget\packages\caliburn.micro\4.0.212\lib\netcoreapp3.1\Caliburn.Micro.Platform.dll [C:\Users\ultra\warewolf\Dev\Warewolf.MergeParser.Tests\Warewolf.MergeParser.Tests.csproj]
C:\Program Files\dotnet\sdk\10.0.201\Microsoft.Common.CurrentVersion.targets(2451,5): warning MSB3277:             C:\Users\ultra\.nuget\packages\prism.wpf\9.0.537\lib\net462\Prism.Wpf.dll [C:\Users\ultra\warewolf\Dev\Warewolf.MergeParser.Tests\Warewolf.MergeParser.Tests.csproj]
C:\Program Files\dotnet\sdk\10.0.201\Microsoft.Common.CurrentVersion.targets(2451,5): warning MSB3277:         C:\Users\ultra\.nuget\packages\prism.wpf\9.0.537\lib\net462\Prism.Wpf.dll [C:\Users\ultra\warewolf\Dev\Warewolf.MergeParser.Tests\Warewolf.MergeParser.Tests.csproj]
C:\Program Files\dotnet\sdk\10.0.201\Microsoft.Common.CurrentVersion.targets(2451,5): warning MSB3277:           Project file item includes which caused reference "C:\Users\ultra\.nuget\packages\prism.wpf\9.0.537\lib\net462\Prism.Wpf.dll". [C:\Users\ultra\warewolf\Dev\Warewolf.MergeParser.Tests\Warewolf.MergeParser.Tests.csproj]
C:\Program Files\dotnet\sdk\10.0.201\Microsoft.Common.CurrentVersion.targets(2451,5): warning MSB3277:             C:\Users\ultra\.nuget\packages\prism.wpf\9.0.537\lib\net462\Prism.Wpf.dll [C:\Users\ultra\warewolf\Dev\Warewolf.MergeParser.Tests\Warewolf.MergeParser.Tests.csproj]
C:\Program Files\dotnet\sdk\10.0.201\Microsoft.Common.CurrentVersion.targets(2451,5): warning MSB3277:         C:\Users\ultra\.nuget\packages\reactiveui.wpf\18.4.1\lib\net462\ReactiveUI.Wpf.dll [C:\Users\ultra\warewolf\Dev\Warewolf.MergeParser.Tests\Warewolf.MergeParser.Tests.csproj]
C:\Program Files\dotnet\sdk\10.0.201\Microsoft.Common.CurrentVersion.targets(2451,5): warning MSB3277:           Project file item includes which caused reference "C:\Users\ultra\.nuget\packages\reactiveui.wpf\18.4.1\lib\net462\ReactiveUI.Wpf.dll". [C:\Users\ultra\warewolf\Dev\Warewolf.MergeParser.Tests\Warewolf.MergeParser.Tests.csproj]
C:\Program Files\dotnet\sdk\10.0.201\Microsoft.Common.CurrentVersion.targets(2451,5): warning MSB3277:             C:\Users\ultra\.nuget\packages\reactiveui.wpf\18.4.1\lib\net462\ReactiveUI.Wpf.dll [C:\Users\ultra\warewolf\Dev\Warewolf.MergeParser.Tests\Warewolf.MergeParser.Tests.csproj]
  Dev2.Intellisense -> C:\Users\ultra\warewolf\Dev\Dev2.Intellisense\bin\Debug\net8.0\Dev2.Intellisense.dll
C:\Users\ultra\warewolf\Dev\Warewolf.Core.Tests\Parsing\BitVectorTest.cs(23,21): warning MSTEST0005: Property 'TestContext' should be valid (https://learn.microsoft.com/dotnet/core/testing/mstest-analyzers/mstest0005) [C:\Users\ultra\warewolf\Dev\Warewolf.Core.Tests\Warewolf.Core.Tests.csproj]
C:\Program Files\dotnet\sdk\10.0.201\Microsoft.Common.CurrentVersion.targets(2451,5): warning MSB3277: Found conflicts between different versions of "WindowsBase" that could not be resolved. [C:\Users\ultra\warewolf\Dev\Warewolf.MergeParser.Tests\Warewolf.MergeParser.Tests.csproj]
C:\Program Files\dotnet\sdk\10.0.201\Microsoft.Common.CurrentVersion.targets(2451,5): warning MSB3277: There was a conflict between "WindowsBase, Version=4.0.0.0, Culture=neutral, PublicKeyToken=31bf3856ad364e35" and "WindowsBase, Version=6.0.2.0, Culture=neutral, PublicKeyToken=31bf3856ad364e35". [C:\Users\ultra\warewolf\Dev\Warewolf.MergeParser.Tests\Warewolf.MergeParser.Tests.csproj]
C:\Program Files\dotnet\sdk\10.0.201\Microsoft.Common.CurrentVersion.targets(2451,5): warning MSB3277:     "WindowsBase, Version=4.0.0.0, Culture=neutral, PublicKeyToken=31bf3856ad364e35" was chosen because it was primary and "WindowsBase, Version=6.0.2.0, Culture=neutral, PublicKeyToken=31bf3856ad364e35" was not. [C:\Users\ultra\warewolf\Dev\Warewolf.MergeParser.Tests\Warewolf.MergeParser.Tests.csproj]
C:\Program Files\dotnet\sdk\10.0.201\Microsoft.Common.CurrentVersion.targets(2451,5): warning MSB3277:     References which depend on "WindowsBase, Version=4.0.0.0, Culture=neutral, PublicKeyToken=31bf3856ad364e35" [C:\Program Files\dotnet\packs\Microsoft.NETCore.App.Ref\8.0.25\ref\net8.0\WindowsBase.dll]. [C:\Users\ultra\warewolf\Dev\Warewolf.MergeParser.Tests\Warewolf.MergeParser.Tests.csproj]
C:\Program Files\dotnet\sdk\10.0.201\Microsoft.Common.CurrentVersion.targets(2451,5): warning MSB3277:         C:\Program Files\dotnet\packs\Microsoft.NETCore.App.Ref\8.0.25\ref\net8.0\WindowsBase.dll [C:\Users\ultra\warewolf\Dev\Warewolf.MergeParser.Tests\Warewolf.MergeParser.Tests.csproj]
C:\Program Files\dotnet\sdk\10.0.201\Microsoft.Common.CurrentVersion.targets(2451,5): warning MSB3277:           Project file item includes which caused reference "C:\Program Files\dotnet\packs\Microsoft.NETCore.App.Ref\8.0.25\ref\net8.0\WindowsBase.dll". [C:\Users\ultra\warewolf\Dev\Warewolf.MergeParser.Tests\Warewolf.MergeParser.Tests.csproj]
C:\Program Files\dotnet\sdk\10.0.201\Microsoft.Common.CurrentVersion.targets(2451,5): warning MSB3277:             C:\Program Files\dotnet\packs\Microsoft.NETCore.App.Ref\8.0.25\ref/net8.0/WindowsBase.dll [C:\Users\ultra\warewolf\Dev\Warewolf.MergeParser.Tests\Warewolf.MergeParser.Tests.csproj]
C:\Program Files\dotnet\sdk\10.0.201\Microsoft.Common.CurrentVersion.targets(2451,5): warning MSB3277:     References which depend on or have been unified to "WindowsBase, Version=6.0.2.0, Culture=neutral, PublicKeyToken=31bf3856ad364e35" []. [C:\Users\ultra\warewolf\Dev\Warewolf.MergeParser.Tests\Warewolf.MergeParser.Tests.csproj]
C:\Program Files\dotnet\sdk\10.0.201\Microsoft.Common.CurrentVersion.targets(2451,5): warning MSB3277:         C:\Users\ultra\.nuget\packages\caliburn.micro\4.0.212\lib\netcoreapp3.1\Caliburn.Micro.Platform.dll [C:\Users\ultra\warewolf\Dev\Warewolf.MergeParser.Tests\Warewolf.MergeParser.Tests.csproj]
C:\Program Files\dotnet\sdk\10.0.201\Microsoft.Common.CurrentVersion.targets(2451,5): warning MSB3277:           Project file item includes which caused reference "C:\Users\ultra\.nuget\packages\caliburn.micro\4.0.212\lib\netcoreapp3.1\Caliburn.Micro.Platform.dll". [C:\Users\ultra\warewolf\Dev\Warewolf.MergeParser.Tests\Warewolf.MergeParser.Tests.csproj]
C:\Program Files\dotnet\sdk\10.0.201\Microsoft.Common.CurrentVersion.targets(2451,5): warning MSB3277:             C:\Users\ultra\.nuget\packages\caliburn.micro\4.0.212\lib\netcoreapp3.1\Caliburn.Micro.Platform.dll [C:\Users\ultra\warewolf\Dev\Warewolf.MergeParser.Tests\Warewolf.MergeParser.Tests.csproj]
C:\Program Files\dotnet\sdk\10.0.201\Microsoft.Common.CurrentVersion.targets(2451,5): warning MSB3277:         C:\Users\ultra\.nuget\packages\ironpython\3.4.0\lib\net6.0\IronPython.Wpf.dll [C:\Users\ultra\warewolf\Dev\Warewolf.MergeParser.Tests\Warewolf.MergeParser.Tests.csproj]
C:\Program Files\dotnet\sdk\10.0.201\Microsoft.Common.CurrentVersion.targets(2451,5): warning MSB3277:           Project file item includes which caused reference "C:\Users\ultra\.nuget\packages\ironpython\3.4.0\lib\net6.0\IronPython.Wpf.dll". [C:\Users\ultra\warewolf\Dev\Warewolf.MergeParser.Tests\Warewolf.MergeParser.Tests.csproj]
C:\Program Files\dotnet\sdk\10.0.201\Microsoft.Common.CurrentVersion.targets(2451,5): warning MSB3277:             C:\Users\ultra\.nuget\packages\ironpython\3.4.0\lib\net6.0\IronPython.Wpf.dll [C:\Users\ultra\warewolf\Dev\Warewolf.MergeParser.Tests\Warewolf.MergeParser.Tests.csproj]
C:\Program Files\dotnet\sdk\10.0.201\Microsoft.Common.CurrentVersion.targets(2451,5): warning MSB3277:         C:\Users\ultra\.nuget\packages\microsoft.xaml.behaviors.wpf\1.1.122\lib\net462\Microsoft.Xaml.Behaviors.dll [C:\Users\ultra\warewolf\Dev\Warewolf.MergeParser.Tests\Warewolf.MergeParser.Tests.csproj]
C:\Program Files\dotnet\sdk\10.0.201\Microsoft.Common.CurrentVersion.targets(2451,5): warning MSB3277:           Project file item includes which caused reference "C:\Users\ultra\.nuget\packages\microsoft.xaml.behaviors.wpf\1.1.122\lib\net462\Microsoft.Xaml.Behaviors.dll". [C:\Users\ultra\warewolf\Dev\Warewolf.MergeParser.Tests\Warewolf.MergeParser.Tests.csproj]
C:\Program Files\dotnet\sdk\10.0.201\Microsoft.Common.CurrentVersion.targets(2451,5): warning MSB3277:             C:\Users\ultra\.nuget\packages\microsoft.xaml.behaviors.wpf\1.1.122\lib\net462\Microsoft.Xaml.Behaviors.dll [C:\Users\ultra\warewolf\Dev\Warewolf.MergeParser.Tests\Warewolf.MergeParser.Tests.csproj]
C:\Program Files\dotnet\sdk\10.0.201\Microsoft.Common.CurrentVersion.targets(2451,5): warning MSB3277:             C:\Users\ultra\.nuget\packages\caliburn.micro\4.0.212\lib\netcoreapp3.1\Caliburn.Micro.Platform.dll [C:\Users\ultra\warewolf\Dev\Warewolf.MergeParser.Tests\Warewolf.MergeParser.Tests.csproj]
C:\Program Files\dotnet\sdk\10.0.201\Microsoft.Common.CurrentVersion.targets(2451,5): warning MSB3277:             C:\Users\ultra\.nuget\packages\prism.wpf\9.0.537\lib\net462\Prism.Wpf.dll [C:\Users\ultra\warewolf\Dev\Warewolf.MergeParser.Tests\Warewolf.MergeParser.Tests.csproj]
C:\Program Files\dotnet\sdk\10.0.201\Microsoft.Common.CurrentVersion.targets(2451,5): warning MSB3277:         C:\Users\ultra\.nuget\packages\prism.wpf\9.0.537\lib\net462\Prism.Wpf.dll [C:\Users\ultra\warewolf\Dev\Warewolf.MergeParser.Tests\Warewolf.MergeParser.Tests.csproj]
C:\Program Files\dotnet\sdk\10.0.201\Microsoft.Common.CurrentVersion.targets(2451,5): warning MSB3277:           Project file item includes which caused reference "C:\Users\ultra\.nuget\packages\prism.wpf\9.0.537\lib\net462\Prism.Wpf.dll". [C:\Users\ultra\warewolf\Dev\Warewolf.MergeParser.Tests\Warewolf.MergeParser.Tests.csproj]
C:\Program Files\dotnet\sdk\10.0.201\Microsoft.Common.CurrentVersion.targets(2451,5): warning MSB3277:             C:\Users\ultra\.nuget\packages\prism.wpf\9.0.537\lib\net462\Prism.Wpf.dll [C:\Users\ultra\warewolf\Dev\Warewolf.MergeParser.Tests\Warewolf.MergeParser.Tests.csproj]
C:\Program Files\dotnet\sdk\10.0.201\Microsoft.Common.CurrentVersion.targets(2451,5): warning MSB3277:         C:\Users\ultra\.nuget\packages\reactiveui.wpf\18.4.1\lib\net462\ReactiveUI.Wpf.dll [C:\Users\ultra\warewolf\Dev\Warewolf.MergeParser.Tests\Warewolf.MergeParser.Tests.csproj]
C:\Program Files\dotnet\sdk\10.0.201\Microsoft.Common.CurrentVersion.targets(2451,5): warning MSB3277:           Project file item includes which caused reference "C:\Users\ultra\.nuget\packages\reactiveui.wpf\18.4.1\lib\net462\ReactiveUI.Wpf.dll". [C:\Users\ultra\warewolf\Dev\Warewolf.MergeParser.Tests\Warewolf.MergeParser.Tests.csproj]
C:\Program Files\dotnet\sdk\10.0.201\Microsoft.Common.CurrentVersion.targets(2451,5): warning MSB3277:             C:\Users\ultra\.nuget\packages\reactiveui.wpf\18.4.1\lib\net462\ReactiveUI.Wpf.dll [C:\Users\ultra\warewolf\Dev\Warewolf.MergeParser.Tests\Warewolf.MergeParser.Tests.csproj]
  Warewolf.Core.Tests -> C:\Users\ultra\warewolf\Dev\Warewolf.Core.Tests\bin\Debug\net8.0\linux-x64\Warewolf.Core.Tests.dll
  Warewolf.Common.Framework48 -> C:\Users\ultra\warewolf\Dev\Warewolf.Common.Framework48\bin\Debug\net8.0\Warewolf.Common.Framework48.dll
  Warewolf.MergeParser.Tests -> C:\Users\ultra\warewolf\Dev\Warewolf.MergeParser.Tests\bin\Debug\net8.0\linux-x64\Warewolf.MergeParser.Tests.dll
  Warewolf.MergeParser.Tests -> C:\Users\ultra\warewolf\Dev\Warewolf.MergeParser.Tests\bin\Debug\net8.0\Warewolf.MergeParser.Tests.dll
C:\Program Files\dotnet\sdk\10.0.201\Microsoft.Common.CurrentVersion.targets(2451,5): warning MSB3245: Could not resolve this reference. Could not locate the assembly "System.Web". Check to make sure the assembly exists on disk. If this reference is required by your code, you may get compilation errors. [C:\Users\ultra\warewolf\Dev\Dev2.Runtime.WebServer\Dev2.Runtime.WebServer.csproj]
C:\Program Files\dotnet\sdk\10.0.201\Microsoft.Common.CurrentVersion.targets(2451,5): warning MSB3243: No way to resolve conflict between "System.Web, Version=4.0.0.0, Culture=neutral, PublicKeyToken=b03f5f7f11d50a3a" and "System.Web". Choosing "System.Web, Version=4.0.0.0, Culture=neutral, PublicKeyToken=b03f5f7f11d50a3a" arbitrarily. [C:\Users\ultra\warewolf\Dev\Dev2.Runtime.WebServer\Dev2.Runtime.WebServer.csproj]
C:\Program Files\dotnet\sdk\10.0.201\Microsoft.Common.CurrentVersion.targets(2451,5): warning MSB3277: Found conflicts between different versions of "WindowsBase" that could not be resolved. [C:\Users\ultra\warewolf\Dev\Dev2.Runtime.WebServer\Dev2.Runtime.WebServer.csproj]
C:\Program Files\dotnet\sdk\10.0.201\Microsoft.Common.CurrentVersion.targets(2451,5): warning MSB3277: There was a conflict between "WindowsBase, Version=4.0.0.0, Culture=neutral, PublicKeyToken=31bf3856ad364e35" and "WindowsBase, Version=6.0.2.0, Culture=neutral, PublicKeyToken=31bf3856ad364e35". [C:\Users\ultra\warewolf\Dev\Dev2.Runtime.WebServer\Dev2.Runtime.WebServer.csproj]
C:\Program Files\dotnet\sdk\10.0.201\Microsoft.Common.CurrentVersion.targets(2451,5): warning MSB3277:     "WindowsBase, Version=4.0.0.0, Culture=neutral, PublicKeyToken=31bf3856ad364e35" was chosen because it was primary and "WindowsBase, Version=6.0.2.0, Culture=neutral, PublicKeyToken=31bf3856ad364e35" was not. [C:\Users\ultra\warewolf\Dev\Dev2.Runtime.WebServer\Dev2.Runtime.WebServer.csproj]
C:\Program Files\dotnet\sdk\10.0.201\Microsoft.Common.CurrentVersion.targets(2451,5): warning MSB3277:     References which depend on "WindowsBase, Version=4.0.0.0, Culture=neutral, PublicKeyToken=31bf3856ad364e35" [C:\Program Files\dotnet\packs\Microsoft.NETCore.App.Ref\8.0.25\ref\net8.0\WindowsBase.dll]. [C:\Users\ultra\warewolf\Dev\Dev2.Runtime.WebServer\Dev2.Runtime.WebServer.csproj]
C:\Program Files\dotnet\sdk\10.0.201\Microsoft.Common.CurrentVersion.targets(2451,5): warning MSB3277:         C:\Program Files\dotnet\packs\Microsoft.NETCore.App.Ref\8.0.25\ref\net8.0\WindowsBase.dll [C:\Users\ultra\warewolf\Dev\Dev2.Runtime.WebServer\Dev2.Runtime.WebServer.csproj]
C:\Program Files\dotnet\sdk\10.0.201\Microsoft.Common.CurrentVersion.targets(2451,5): warning MSB3277:           Project file item includes which caused reference "C:\Program Files\dotnet\packs\Microsoft.NETCore.App.Ref\8.0.25\ref\net8.0\WindowsBase.dll". [C:\Users\ultra\warewolf\Dev\Dev2.Runtime.WebServer\Dev2.Runtime.WebServer.csproj]
C:\Program Files\dotnet\sdk\10.0.201\Microsoft.Common.CurrentVersion.targets(2451,5): warning MSB3277:             C:\Program Files\dotnet\packs\Microsoft.NETCore.App.Ref\8.0.25\ref/net8.0/WindowsBase.dll [C:\Users\ultra\warewolf\Dev\Dev2.Runtime.WebServer\Dev2.Runtime.WebServer.csproj]
C:\Program Files\dotnet\sdk\10.0.201\Microsoft.Common.CurrentVersion.targets(2451,5): warning MSB3277:     References which depend on or have been unified to "WindowsBase, Version=6.0.2.0, Culture=neutral, PublicKeyToken=31bf3856ad364e35" []. [C:\Users\ultra\warewolf\Dev\Dev2.Runtime.WebServer\Dev2.Runtime.WebServer.csproj]
C:\Program Files\dotnet\sdk\10.0.201\Microsoft.Common.CurrentVersion.targets(2451,5): warning MSB3277:         C:\Users\ultra\.nuget\packages\caliburn.micro\4.0.212\lib\netcoreapp3.1\Caliburn.Micro.Platform.dll [C:\Users\ultra\warewolf\Dev\Dev2.Runtime.WebServer\Dev2.Runtime.WebServer.csproj]
C:\Program Files\dotnet\sdk\10.0.201\Microsoft.Common.CurrentVersion.targets(2451,5): warning MSB3277:           Project file item includes which caused reference "C:\Users\ultra\.nuget\packages\caliburn.micro\4.0.212\lib\netcoreapp3.1\Caliburn.Micro.Platform.dll". [C:\Users\ultra\warewolf\Dev\Dev2.Runtime.WebServer\Dev2.Runtime.WebServer.csproj]
C:\Program Files\dotnet\sdk\10.0.201\Microsoft.Common.CurrentVersion.targets(2451,5): warning MSB3277:             C:\Users\ultra\.nuget\packages\caliburn.micro\4.0.212\lib\netcoreapp3.1\Caliburn.Micro.Platform.dll [C:\Users\ultra\warewolf\Dev\Dev2.Runtime.WebServer\Dev2.Runtime.WebServer.csproj]
C:\Program Files\dotnet\sdk\10.0.201\Microsoft.Common.CurrentVersion.targets(2451,5): warning MSB3277:         C:\Users\ultra\.nuget\packages\ironpython\3.4.0\lib\net6.0\IronPython.Wpf.dll [C:\Users\ultra\warewolf\Dev\Dev2.Runtime.WebServer\Dev2.Runtime.WebServer.csproj]
C:\Program Files\dotnet\sdk\10.0.201\Microsoft.Common.CurrentVersion.targets(2451,5): warning MSB3277:           Project file item includes which caused reference "C:\Users\ultra\.nuget\packages\ironpython\3.4.0\lib\net6.0\IronPython.Wpf.dll". [C:\Users\ultra\warewolf\Dev\Dev2.Runtime.WebServer\Dev2.Runtime.WebServer.csproj]
C:\Program Files\dotnet\sdk\10.0.201\Microsoft.Common.CurrentVersion.targets(2451,5): warning MSB3277:             C:\Users\ultra\.nuget\packages\ironpython\3.4.0\lib\net6.0\IronPython.Wpf.dll [C:\Users\ultra\warewolf\Dev\Dev2.Runtime.WebServer\Dev2.Runtime.WebServer.csproj]
C:\Program Files\dotnet\sdk\10.0.201\Microsoft.Common.CurrentVersion.targets(2451,5): warning MSB3277:         C:\Users\ultra\.nuget\packages\microsoft.xaml.behaviors.wpf\1.1.122\lib\net462\Microsoft.Xaml.Behaviors.dll [C:\Users\ultra\warewolf\Dev\Dev2.Runtime.WebServer\Dev2.Runtime.WebServer.csproj]
C:\Program Files\dotnet\sdk\10.0.201\Microsoft.Common.CurrentVersion.targets(2451,5): warning MSB3277:           Project file item includes which caused reference "C:\Users\ultra\.nuget\packages\microsoft.xaml.behaviors.wpf\1.1.122\lib\net462\Microsoft.Xaml.Behaviors.dll". [C:\Users\ultra\warewolf\Dev\Dev2.Runtime.WebServer\Dev2.Runtime.WebServer.csproj]
C:\Program Files\dotnet\sdk\10.0.201\Microsoft.Common.CurrentVersion.targets(2451,5): warning MSB3277:             C:\Users\ultra\.nuget\packages\microsoft.xaml.behaviors.wpf\1.1.122\lib\net462\Microsoft.Xaml.Behaviors.dll [C:\Users\ultra\warewolf\Dev\Dev2.Runtime.WebServer\Dev2.Runtime.WebServer.csproj]
C:\Program Files\dotnet\sdk\10.0.201\Microsoft.Common.CurrentVersion.targets(2451,5): warning MSB3277:             C:\Users\ultra\.nuget\packages\caliburn.micro\4.0.212\lib\netcoreapp3.1\Caliburn.Micro.Platform.dll [C:\Users\ultra\warewolf\Dev\Dev2.Runtime.WebServer\Dev2.Runtime.WebServer.csproj]
C:\Program Files\dotnet\sdk\10.0.201\Microsoft.Common.CurrentVersion.targets(2451,5): warning MSB3277:             C:\Users\ultra\.nuget\packages\prism.wpf\9.0.537\lib\net462\Prism.Wpf.dll [C:\Users\ultra\warewolf\Dev\Dev2.Runtime.WebServer\Dev2.Runtime.WebServer.csproj]
C:\Program Files\dotnet\sdk\10.0.201\Microsoft.Common.CurrentVersion.targets(2451,5): warning MSB3277:         C:\Users\ultra\.nuget\packages\prism.wpf\9.0.537\lib\net462\Prism.Wpf.dll [C:\Users\ultra\warewolf\Dev\Dev2.Runtime.WebServer\Dev2.Runtime.WebServer.csproj]
C:\Program Files\dotnet\sdk\10.0.201\Microsoft.Common.CurrentVersion.targets(2451,5): warning MSB3277:           Project file item includes which caused reference "C:\Users\ultra\.nuget\packages\prism.wpf\9.0.537\lib\net462\Prism.Wpf.dll". [C:\Users\ultra\warewolf\Dev\Dev2.Runtime.WebServer\Dev2.Runtime.WebServer.csproj]
C:\Program Files\dotnet\sdk\10.0.201\Microsoft.Common.CurrentVersion.targets(2451,5): warning MSB3277:             C:\Users\ultra\.nuget\packages\prism.wpf\9.0.537\lib\net462\Prism.Wpf.dll [C:\Users\ultra\warewolf\Dev\Dev2.Runtime.WebServer\Dev2.Runtime.WebServer.csproj]
C:\Program Files\dotnet\sdk\10.0.201\Microsoft.Common.CurrentVersion.targets(2451,5): warning MSB3277:         C:\Users\ultra\.nuget\packages\reactiveui.wpf\18.4.1\lib\net462\ReactiveUI.Wpf.dll [C:\Users\ultra\warewolf\Dev\Dev2.Runtime.WebServer\Dev2.Runtime.WebServer.csproj]
C:\Program Files\dotnet\sdk\10.0.201\Microsoft.Common.CurrentVersion.targets(2451,5): warning MSB3277:           Project file item includes which caused reference "C:\Users\ultra\.nuget\packages\reactiveui.wpf\18.4.1\lib\net462\ReactiveUI.Wpf.dll". [C:\Users\ultra\warewolf\Dev\Dev2.Runtime.WebServer\Dev2.Runtime.WebServer.csproj]
C:\Program Files\dotnet\sdk\10.0.201\Microsoft.Common.CurrentVersion.targets(2451,5): warning MSB3277:             C:\Users\ultra\.nuget\packages\reactiveui.wpf\18.4.1\lib\net462\ReactiveUI.Wpf.dll [C:\Users\ultra\warewolf\Dev\Dev2.Runtime.WebServer\Dev2.Runtime.WebServer.csproj]
C:\Users\ultra\warewolf\Dev\Dev2.Runtime.WebServer\AnonymousAuthenticationHandler.cs(15,9): warning CS0618: 'ISystemClock' is obsolete: 'Use TimeProvider instead.' [C:\Users\ultra\warewolf\Dev\Dev2.Runtime.WebServer\Dev2.Runtime.WebServer.csproj]
C:\Users\ultra\warewolf\Dev\Dev2.Runtime.WebServer\BasicAuthenticationHandler.cs(20,13): warning CS0618: 'ISystemClock' is obsolete: 'Use TimeProvider instead.' [C:\Users\ultra\warewolf\Dev\Dev2.Runtime.WebServer\Dev2.Runtime.WebServer.csproj]
C:\Users\ultra\warewolf\Dev\Dev2.Runtime.WebServer\BasicAuthenticationHandler.cs(21,13): warning CS0618: 'AuthenticationHandler<AuthenticationSchemeOptions>.AuthenticationHandler(IOptionsMonitor<AuthenticationSchemeOptions>, ILoggerFactory, UrlEncoder, ISystemClock)' is obsolete: 'ISystemClock is obsolete, use TimeProvider on AuthenticationSchemeOptions instead.' [C:\Users\ultra\warewolf\Dev\Dev2.Runtime.WebServer\Dev2.Runtime.WebServer.csproj]
C:\Users\ultra\warewolf\Dev\Dev2.Runtime.WebServer\AnonymousAuthenticationHandler.cs(16,9): warning CS0618: 'AuthenticationHandler<AuthenticationSchemeOptions>.AuthenticationHandler(IOptionsMonitor<AuthenticationSchemeOptions>, ILoggerFactory, UrlEncoder, ISystemClock)' is obsolete: 'ISystemClock is obsolete, use TimeProvider on AuthenticationSchemeOptions instead.' [C:\Users\ultra\warewolf\Dev\Dev2.Runtime.WebServer\Dev2.Runtime.WebServer.csproj]
C:\Users\ultra\warewolf\Dev\Dev2.Runtime.WebServer\Executor\ExecutionDtoExtensions.cs(119,13): warning CC0105: Use 'var' instead of specifying the type name. (https://code-cracker.github.io/diagnostics/CC0105.html) [C:\Users\ultra\warewolf\Dev\Dev2.Runtime.WebServer\Dev2.Runtime.WebServer.csproj]
C:\Users\ultra\warewolf\Dev\Dev2.Runtime.WebServer\BasicAuthenticationHandler.cs(70,13): warning CC0003: Consider adding an Exception to the catch. (https://code-cracker.github.io/diagnostics/CC0003.html) [C:\Users\ultra\warewolf\Dev\Dev2.Runtime.WebServer\Dev2.Runtime.WebServer.csproj]
C:\Users\ultra\warewolf\Dev\Dev2.Runtime.WebServer\Handlers\GetLogFileServiceHandler.cs(129,21): warning CC0105: Use 'var' instead of specifying the type name. (https://code-cracker.github.io/diagnostics/CC0105.html) [C:\Users\ultra\warewolf\Dev\Dev2.Runtime.WebServer\Dev2.Runtime.WebServer.csproj]
C:\Users\ultra\warewolf\Dev\Dev2.Runtime.WebServer\ServiceTesting\ServiceTestCoverageModelHTMLResultBuilder.cs(138,13): warning CC0105: Use 'var' instead of specifying the type name. (https://code-cracker.github.io/diagnostics/CC0105.html) [C:\Users\ultra\warewolf\Dev\Dev2.Runtime.WebServer\Dev2.Runtime.WebServer.csproj]
C:\Users\ultra\warewolf\Dev\Dev2.Runtime.WebServer\ServiceTesting\ServiceTestCoverageModelHTMLResultBuilder.cs(139,13): warning CC0105: Use 'var' instead of specifying the type name. (https://code-cracker.github.io/diagnostics/CC0105.html) [C:\Users\ultra\warewolf\Dev\Dev2.Runtime.WebServer\Dev2.Runtime.WebServer.csproj]
C:\Users\ultra\warewolf\Dev\Dev2.Runtime.WebServer\ServiceTesting\ServiceTestModelJObjectResultBuilder.cs(101,13): warning CC0105: Use 'var' instead of specifying the type name. (https://code-cracker.github.io/diagnostics/CC0105.html) [C:\Users\ultra\warewolf\Dev\Dev2.Runtime.WebServer\Dev2.Runtime.WebServer.csproj]
  Warewolf.Logger -> C:\Users\ultra\warewolf\Dev\Warewolf.Logger\bin\Debug\net8.0\WarewolfLogger.dll
  Warewolf.Logger -> C:\Users\ultra\warewolf\Dev\Warewolf.Logger\bin\Debug\net8.0\linux-x64\WarewolfLogger.dll
  Dev2.Runtime.WebServer -> C:\Users\ultra\warewolf\Dev\Dev2.Runtime.WebServer\bin\Debug\net8.0\Dev2.Runtime.WebServer.dll
C:\Program Files\dotnet\sdk\10.0.201\Microsoft.Common.CurrentVersion.targets(2451,5): warning MSB3277: Found conflicts between different versions of "WindowsBase" that could not be resolved. [C:\Users\ultra\warewolf\Dev\Warewolf.UI\Warewolf.UI.csproj]
C:\Program Files\dotnet\sdk\10.0.201\Microsoft.Common.CurrentVersion.targets(2451,5): warning MSB3277: There was a conflict between "WindowsBase, Version=4.0.0.0, Culture=neutral, PublicKeyToken=31bf3856ad364e35" and "WindowsBase, Version=6.0.2.0, Culture=neutral, PublicKeyToken=31bf3856ad364e35". [C:\Users\ultra\warewolf\Dev\Warewolf.UI\Warewolf.UI.csproj]
C:\Program Files\dotnet\sdk\10.0.201\Microsoft.Common.CurrentVersion.targets(2451,5): warning MSB3277:     "WindowsBase, Version=4.0.0.0, Culture=neutral, PublicKeyToken=31bf3856ad364e35" was chosen because it was primary and "WindowsBase, Version=6.0.2.0, Culture=neutral, PublicKeyToken=31bf3856ad364e35" was not. [C:\Users\ultra\warewolf\Dev\Warewolf.UI\Warewolf.UI.csproj]
C:\Program Files\dotnet\sdk\10.0.201\Microsoft.Common.CurrentVersion.targets(2451,5): warning MSB3277:     References which depend on "WindowsBase, Version=4.0.0.0, Culture=neutral, PublicKeyToken=31bf3856ad364e35" [C:\Program Files\dotnet\packs\Microsoft.NETCore.App.Ref\8.0.25\ref\net8.0\WindowsBase.dll]. [C:\Users\ultra\warewolf\Dev\Warewolf.UI\Warewolf.UI.csproj]
C:\Program Files\dotnet\sdk\10.0.201\Microsoft.Common.CurrentVersion.targets(2451,5): warning MSB3277:         C:\Program Files\dotnet\packs\Microsoft.NETCore.App.Ref\8.0.25\ref\net8.0\WindowsBase.dll [C:\Users\ultra\warewolf\Dev\Warewolf.UI\Warewolf.UI.csproj]
C:\Program Files\dotnet\sdk\10.0.201\Microsoft.Common.CurrentVersion.targets(2451,5): warning MSB3277:           Project file item includes which caused reference "C:\Program Files\dotnet\packs\Microsoft.NETCore.App.Ref\8.0.25\ref\net8.0\WindowsBase.dll". [C:\Users\ultra\warewolf\Dev\Warewolf.UI\Warewolf.UI.csproj]
C:\Program Files\dotnet\sdk\10.0.201\Microsoft.Common.CurrentVersion.targets(2451,5): warning MSB3277:             C:\Program Files\dotnet\packs\Microsoft.NETCore.App.Ref\8.0.25\ref/net8.0/WindowsBase.dll [C:\Users\ultra\warewolf\Dev\Warewolf.UI\Warewolf.UI.csproj]
C:\Program Files\dotnet\sdk\10.0.201\Microsoft.Common.CurrentVersion.targets(2451,5): warning MSB3277:     References which depend on or have been unified to "WindowsBase, Version=6.0.2.0, Culture=neutral, PublicKeyToken=31bf3856ad364e35" []. [C:\Users\ultra\warewolf\Dev\Warewolf.UI\Warewolf.UI.csproj]
C:\Program Files\dotnet\sdk\10.0.201\Microsoft.Common.CurrentVersion.targets(2451,5): warning MSB3277:         C:\Users\ultra\.nuget\packages\caliburn.micro\4.0.212\lib\netcoreapp3.1\Caliburn.Micro.Platform.dll [C:\Users\ultra\warewolf\Dev\Warewolf.UI\Warewolf.UI.csproj]
C:\Program Files\dotnet\sdk\10.0.201\Microsoft.Common.CurrentVersion.targets(2451,5): warning MSB3277:           Project file item includes which caused reference "C:\Users\ultra\.nuget\packages\caliburn.micro\4.0.212\lib\netcoreapp3.1\Caliburn.Micro.Platform.dll". [C:\Users\ultra\warewolf\Dev\Warewolf.UI\Warewolf.UI.csproj]
C:\Program Files\dotnet\sdk\10.0.201\Microsoft.Common.CurrentVersion.targets(2451,5): warning MSB3277:             C:\Users\ultra\.nuget\packages\caliburn.micro\4.0.212\lib\netcoreapp3.1\Caliburn.Micro.Platform.dll [C:\Users\ultra\warewolf\Dev\Warewolf.UI\Warewolf.UI.csproj]
C:\Program Files\dotnet\sdk\10.0.201\Microsoft.Common.CurrentVersion.targets(2451,5): warning MSB3277:         C:\Users\ultra\.nuget\packages\ironpython\3.4.0\lib\net6.0\IronPython.Wpf.dll [C:\Users\ultra\warewolf\Dev\Warewolf.UI\Warewolf.UI.csproj]
C:\Program Files\dotnet\sdk\10.0.201\Microsoft.Common.CurrentVersion.targets(2451,5): warning MSB3277:           Project file item includes which caused reference "C:\Users\ultra\.nuget\packages\ironpython\3.4.0\lib\net6.0\IronPython.Wpf.dll". [C:\Users\ultra\warewolf\Dev\Warewolf.UI\Warewolf.UI.csproj]
C:\Program Files\dotnet\sdk\10.0.201\Microsoft.Common.CurrentVersion.targets(2451,5): warning MSB3277:             C:\Users\ultra\.nuget\packages\ironpython\3.4.0\lib\net6.0\IronPython.Wpf.dll [C:\Users\ultra\warewolf\Dev\Warewolf.UI\Warewolf.UI.csproj]
C:\Program Files\dotnet\sdk\10.0.201\Microsoft.Common.CurrentVersion.targets(2451,5): warning MSB3277:         C:\Users\ultra\.nuget\packages\microsoft.xaml.behaviors.wpf\1.1.122\lib\net462\Microsoft.Xaml.Behaviors.dll [C:\Users\ultra\warewolf\Dev\Warewolf.UI\Warewolf.UI.csproj]
C:\Program Files\dotnet\sdk\10.0.201\Microsoft.Common.CurrentVersion.targets(2451,5): warning MSB3277:           Project file item includes which caused reference "C:\Users\ultra\.nuget\packages\microsoft.xaml.behaviors.wpf\1.1.122\lib\net462\Microsoft.Xaml.Behaviors.dll". [C:\Users\ultra\warewolf\Dev\Warewolf.UI\Warewolf.UI.csproj]
C:\Program Files\dotnet\sdk\10.0.201\Microsoft.Common.CurrentVersion.targets(2451,5): warning MSB3277:             C:\Users\ultra\.nuget\packages\microsoft.xaml.behaviors.wpf\1.1.122\lib\net462\Microsoft.Xaml.Behaviors.dll [C:\Users\ultra\warewolf\Dev\Warewolf.UI\Warewolf.UI.csproj]
C:\Program Files\dotnet\sdk\10.0.201\Microsoft.Common.CurrentVersion.targets(2451,5): warning MSB3277:             C:\Users\ultra\.nuget\packages\caliburn.micro\4.0.212\lib\netcoreapp3.1\Caliburn.Micro.Platform.dll [C:\Users\ultra\warewolf\Dev\Warewolf.UI\Warewolf.UI.csproj]
C:\Program Files\dotnet\sdk\10.0.201\Microsoft.Common.CurrentVersion.targets(2451,5): warning MSB3277:             C:\Users\ultra\.nuget\packages\prism.wpf\9.0.537\lib\net462\Prism.Wpf.dll [C:\Users\ultra\warewolf\Dev\Warewolf.UI\Warewolf.UI.csproj]
C:\Program Files\dotnet\sdk\10.0.201\Microsoft.Common.CurrentVersion.targets(2451,5): warning MSB3277:         C:\Users\ultra\.nuget\packages\prism.wpf\9.0.537\lib\net462\Prism.Wpf.dll [C:\Users\ultra\warewolf\Dev\Warewolf.UI\Warewolf.UI.csproj]
C:\Program Files\dotnet\sdk\10.0.201\Microsoft.Common.CurrentVersion.targets(2451,5): warning MSB3277:           Project file item includes which caused reference "C:\Users\ultra\.nuget\packages\prism.wpf\9.0.537\lib\net462\Prism.Wpf.dll". [C:\Users\ultra\warewolf\Dev\Warewolf.UI\Warewolf.UI.csproj]
C:\Program Files\dotnet\sdk\10.0.201\Microsoft.Common.CurrentVersion.targets(2451,5): warning MSB3277:             C:\Users\ultra\.nuget\packages\prism.wpf\9.0.537\lib\net462\Prism.Wpf.dll [C:\Users\ultra\warewolf\Dev\Warewolf.UI\Warewolf.UI.csproj]
C:\Program Files\dotnet\sdk\10.0.201\Microsoft.Common.CurrentVersion.targets(2451,5): warning MSB3277:         C:\Users\ultra\.nuget\packages\reactiveui.wpf\18.4.1\lib\net462\ReactiveUI.Wpf.dll [C:\Users\ultra\warewolf\Dev\Warewolf.UI\Warewolf.UI.csproj]
C:\Program Files\dotnet\sdk\10.0.201\Microsoft.Common.CurrentVersion.targets(2451,5): warning MSB3277:           Project file item includes which caused reference "C:\Users\ultra\.nuget\packages\reactiveui.wpf\18.4.1\lib\net462\ReactiveUI.Wpf.dll". [C:\Users\ultra\warewolf\Dev\Warewolf.UI\Warewolf.UI.csproj]
C:\Program Files\dotnet\sdk\10.0.201\Microsoft.Common.CurrentVersion.targets(2451,5): warning MSB3277:             C:\Users\ultra\.nuget\packages\reactiveui.wpf\18.4.1\lib\net462\ReactiveUI.Wpf.dll [C:\Users\ultra\warewolf\Dev\Warewolf.UI\Warewolf.UI.csproj]
C:\Program Files\dotnet\sdk\10.0.201\Microsoft.Common.CurrentVersion.targets(2451,5): warning MSB3277: Found conflicts between different versions of "Microsoft.Win32.SystemEvents" that could not be resolved. [C:\Users\ultra\warewolf\Dev\Warewolf.Studio.CustomControls\Warewolf.Studio.CustomControls.csproj]
C:\Program Files\dotnet\sdk\10.0.201\Microsoft.Common.CurrentVersion.targets(2451,5): warning MSB3277: There was a conflict between "Microsoft.Win32.SystemEvents, Version=6.0.0.0, Culture=neutral, PublicKeyToken=cc7b13ffcd2ddd51" and "Microsoft.Win32.SystemEvents, Version=7.0.0.0, Culture=neutral, PublicKeyToken=cc7b13ffcd2ddd51". [C:\Users\ultra\warewolf\Dev\Warewolf.Studio.CustomControls\Warewolf.Studio.CustomControls.csproj]
C:\Program Files\dotnet\sdk\10.0.201\Microsoft.Common.CurrentVersion.targets(2451,5): warning MSB3277:     "Microsoft.Win32.SystemEvents, Version=6.0.0.0, Culture=neutral, PublicKeyToken=cc7b13ffcd2ddd51" was chosen because it was primary and "Microsoft.Win32.SystemEvents, Version=7.0.0.0, Culture=neutral, PublicKeyToken=cc7b13ffcd2ddd51" was not. [C:\Users\ultra\warewolf\Dev\Warewolf.Studio.CustomControls\Warewolf.Studio.CustomControls.csproj]
C:\Program Files\dotnet\sdk\10.0.201\Microsoft.Common.CurrentVersion.targets(2451,5): warning MSB3277:     References which depend on "Microsoft.Win32.SystemEvents, Version=6.0.0.0, Culture=neutral, PublicKeyToken=cc7b13ffcd2ddd51" [C:\Users\ultra\.nuget\packages\microsoft.win32.systemevents\6.0.0\lib\net6.0\Microsoft.Win32.SystemEvents.dll]. [C:\Users\ultra\warewolf\Dev\Warewolf.Studio.CustomControls\Warewolf.Studio.CustomControls.csproj]
C:\Program Files\dotnet\sdk\10.0.201\Microsoft.Common.CurrentVersion.targets(2451,5): warning MSB3277:         C:\Users\ultra\.nuget\packages\microsoft.win32.systemevents\6.0.0\lib\net6.0\Microsoft.Win32.SystemEvents.dll [C:\Users\ultra\warewolf\Dev\Warewolf.Studio.CustomControls\Warewolf.Studio.CustomControls.csproj]
C:\Program Files\dotnet\sdk\10.0.201\Microsoft.Common.CurrentVersion.targets(2451,5): warning MSB3277:           Project file item includes which caused reference "C:\Users\ultra\.nuget\packages\microsoft.win32.systemevents\6.0.0\lib\net6.0\Microsoft.Win32.SystemEvents.dll". [C:\Users\ultra\warewolf\Dev\Warewolf.Studio.CustomControls\Warewolf.Studio.CustomControls.csproj]
C:\Program Files\dotnet\sdk\10.0.201\Microsoft.Common.CurrentVersion.targets(2451,5): warning MSB3277:             C:\Users\ultra\.nuget\packages\microsoft.win32.systemevents\6.0.0\lib\net6.0\Microsoft.Win32.SystemEvents.dll [C:\Users\ultra\warewolf\Dev\Warewolf.Studio.CustomControls\Warewolf.Studio.CustomControls.csproj]
C:\Program Files\dotnet\sdk\10.0.201\Microsoft.Common.CurrentVersion.targets(2451,5): warning MSB3277:     References which depend on or have been unified to "Microsoft.Win32.SystemEvents, Version=7.0.0.0, Culture=neutral, PublicKeyToken=cc7b13ffcd2ddd51" []. [C:\Users\ultra\warewolf\Dev\Warewolf.Studio.CustomControls\Warewolf.Studio.CustomControls.csproj]
C:\Program Files\dotnet\sdk\10.0.201\Microsoft.Common.CurrentVersion.targets(2451,5): warning MSB3277:         C:\Users\ultra\warewolf\Dev\Dev2.Common\bin\Debug\net8.0\Dev2.Common.dll [C:\Users\ultra\warewolf\Dev\Warewolf.Studio.CustomControls\Warewolf.Studio.CustomControls.csproj]
C:\Program Files\dotnet\sdk\10.0.201\Microsoft.Common.CurrentVersion.targets(2451,5): warning MSB3277:           Project file item includes which caused reference "C:\Users\ultra\warewolf\Dev\Dev2.Common\bin\Debug\net8.0\Dev2.Common.dll". [C:\Users\ultra\warewolf\Dev\Warewolf.Studio.CustomControls\Warewolf.Studio.CustomControls.csproj]
C:\Program Files\dotnet\sdk\10.0.201\Microsoft.Common.CurrentVersion.targets(2451,5): warning MSB3277:             C:\Users\ultra\warewolf\Dev\Dev2.Common\bin\Debug\net8.0\Dev2.Common.dll [C:\Users\ultra\warewolf\Dev\Warewolf.Studio.CustomControls\Warewolf.Studio.CustomControls.csproj]
C:\Program Files\dotnet\sdk\10.0.201\Microsoft.Common.CurrentVersion.targets(2451,5): warning MSB3277:             C:\Users\ultra\warewolf\Dev\Dev2.Infrastructure\bin\Debug\net8.0\Dev2.Infrastructure.dll [C:\Users\ultra\warewolf\Dev\Warewolf.Studio.CustomControls\Warewolf.Studio.CustomControls.csproj]
C:\Program Files\dotnet\sdk\10.0.201\Microsoft.Common.CurrentVersion.targets(2451,5): warning MSB3277:             C:\Users\ultra\warewolf\Dev\Dev2.Intellisense\bin\Debug\net8.0\Dev2.Intellisense.dll [C:\Users\ultra\warewolf\Dev\Warewolf.Studio.CustomControls\Warewolf.Studio.CustomControls.csproj]
C:\Program Files\dotnet\sdk\10.0.201\Microsoft.Common.CurrentVersion.targets(2451,5): warning MSB3277:             C:\Users\ultra\warewolf\Dev\Dev2.Studio.Core\bin\Debug\net8.0\Dev2.Studio.Core.dll [C:\Users\ultra\warewolf\Dev\Warewolf.Studio.CustomControls\Warewolf.Studio.CustomControls.csproj]
C:\Program Files\dotnet\sdk\10.0.201\Microsoft.Common.CurrentVersion.targets(2451,5): warning MSB3277:             C:\Users\ultra\warewolf\Dev\Dev2.Studio.Interfaces\bin\Debug\net8.0\Dev2.Studio.Interfaces.dll [C:\Users\ultra\warewolf\Dev\Warewolf.Studio.CustomControls\Warewolf.Studio.CustomControls.csproj]
C:\Program Files\dotnet\sdk\10.0.201\Microsoft.Common.CurrentVersion.targets(2451,5): warning MSB3277:             C:\Users\ultra\warewolf\Dev\Dev2.Activities\bin\Debug\net8.0\Dev2.Activities.dll [C:\Users\ultra\warewolf\Dev\Warewolf.Studio.CustomControls\Warewolf.Studio.CustomControls.csproj]
C:\Program Files\dotnet\sdk\10.0.201\Microsoft.Common.CurrentVersion.targets(2451,5): warning MSB3277:             C:\Users\ultra\warewolf\Dev\Dev2.Core\bin\Debug\net8.0\Dev2.Core.dll [C:\Users\ultra\warewolf\Dev\Warewolf.Studio.CustomControls\Warewolf.Studio.CustomControls.csproj]
C:\Program Files\dotnet\sdk\10.0.201\Microsoft.Common.CurrentVersion.targets(2451,5): warning MSB3277:             C:\Users\ultra\warewolf\Dev\Dev2.Data\bin\Debug\net8.0\Dev2.Data.dll [C:\Users\ultra\warewolf\Dev\Warewolf.Studio.CustomControls\Warewolf.Studio.CustomControls.csproj]
C:\Program Files\dotnet\sdk\10.0.201\Microsoft.Common.CurrentVersion.targets(2451,5): warning MSB3277:             C:\Users\ultra\warewolf\Dev\Dev2.Development.Languages\bin\Debug\net8.0\Dev2.Development.Languages.dll [C:\Users\ultra\warewolf\Dev\Warewolf.Studio.CustomControls\Warewolf.Studio.CustomControls.csproj]
C:\Program Files\dotnet\sdk\10.0.201\Microsoft.Common.CurrentVersion.targets(2451,5): warning MSB3277:             C:\Users\ultra\warewolf\Dev\Dev2.Diagnostics\bin\Debug\net8.0\Dev2.Diagnostics.dll [C:\Users\ultra\warewolf\Dev\Warewolf.Studio.CustomControls\Warewolf.Studio.CustomControls.csproj]
C:\Program Files\dotnet\sdk\10.0.201\Microsoft.Common.CurrentVersion.targets(2451,5): warning MSB3277:             C:\Users\ultra\warewolf\Dev\Dev2.Runtime.Services\bin\Debug\net8.0\Dev2.Runtime.Services.dll [C:\Users\ultra\warewolf\Dev\Warewolf.Studio.CustomControls\Warewolf.Studio.CustomControls.csproj]
C:\Program Files\dotnet\sdk\10.0.201\Microsoft.Common.CurrentVersion.targets(2451,5): warning MSB3277:             C:\Users\ultra\warewolf\Dev\Dev2.Scheduler\bin\Debug\net8.0\Dev2.Scheduler.dll [C:\Users\ultra\warewolf\Dev\Warewolf.Studio.CustomControls\Warewolf.Studio.CustomControls.csproj]
C:\Program Files\dotnet\sdk\10.0.201\Microsoft.Common.CurrentVersion.targets(2451,5): warning MSB3277:             C:\Users\ultra\warewolf\Dev\Dev2.Services.Execution\bin\Debug\net8.0\Dev2.Services.Execution.dll [C:\Users\ultra\warewolf\Dev\Warewolf.Studio.CustomControls\Warewolf.Studio.CustomControls.csproj]
C:\Program Files\dotnet\sdk\10.0.201\Microsoft.Common.CurrentVersion.targets(2451,5): warning MSB3277:             C:\Users\ultra\warewolf\Dev\Dev2.Services.Sql\bin\Debug\net8.0\Dev2.Services.Sql.dll [C:\Users\ultra\warewolf\Dev\Warewolf.Studio.CustomControls\Warewolf.Studio.CustomControls.csproj]
C:\Program Files\dotnet\sdk\10.0.201\Microsoft.Common.CurrentVersion.targets(2451,5): warning MSB3277:             C:\Users\ultra\warewolf\Dev\Dev2.TaskScheduler.Wrappers\bin\Debug\net8.0\Dev2.TaskScheduler.Wrappers.dll [C:\Users\ultra\warewolf\Dev\Warewolf.Studio.CustomControls\Warewolf.Studio.CustomControls.csproj]
C:\Program Files\dotnet\sdk\10.0.201\Microsoft.Common.CurrentVersion.targets(2451,5): warning MSB3277:             C:\Users\ultra\warewolf\Dev\Dev2.Util\bin\Debug\net8.0\Dev2.Util.dll [C:\Users\ultra\warewolf\Dev\Warewolf.Studio.CustomControls\Warewolf.Studio.CustomControls.csproj]
C:\Program Files\dotnet\sdk\10.0.201\Microsoft.Common.CurrentVersion.targets(2451,5): warning MSB3277:             C:\Users\ultra\warewolf\Dev\Warewolf.AI.Harness\bin\Debug\net8.0\Warewolf.AI.Harness.dll [C:\Users\ultra\warewolf\Dev\Warewolf.Studio.CustomControls\Warewolf.Studio.CustomControls.csproj]
C:\Program Files\dotnet\sdk\10.0.201\Microsoft.Common.CurrentVersion.targets(2451,5): warning MSB3277:             C:\Users\ultra\warewolf\Dev\Warewolf.Auditing\bin\Debug\net8.0\Warewolf.Auditing.dll [C:\Users\ultra\warewolf\Dev\Warewolf.Studio.CustomControls\Warewolf.Studio.CustomControls.csproj]
C:\Program Files\dotnet\sdk\10.0.201\Microsoft.Common.CurrentVersion.targets(2451,5): warning MSB3277:             C:\Users\ultra\warewolf\Dev\Warewolf.Common.NetStandard20\bin\Debug\net8.0\Warewolf.Common.NetStandard20.dll [C:\Users\ultra\warewolf\Dev\Warewolf.Studio.CustomControls\Warewolf.Studio.CustomControls.csproj]
C:\Program Files\dotnet\sdk\10.0.201\Microsoft.Common.CurrentVersion.targets(2451,5): warning MSB3277:             C:\Users\ultra\warewolf\Dev\Warewolf.Core\bin\Debug\net8.0\Warewolf.Core.dll [C:\Users\ultra\warewolf\Dev\Warewolf.Studio.CustomControls\Warewolf.Studio.CustomControls.csproj]
C:\Program Files\dotnet\sdk\10.0.201\Microsoft.Common.CurrentVersion.targets(2451,5): warning MSB3277:             C:\Users\ultra\warewolf\Dev\Warewolf.Driver.Persistence\bin\Debug\net8.0\Warewolf.Driver.Persistence.dll [C:\Users\ultra\warewolf\Dev\Warewolf.Studio.CustomControls\Warewolf.Studio.CustomControls.csproj]
C:\Program Files\dotnet\sdk\10.0.201\Microsoft.Common.CurrentVersion.targets(2451,5): warning MSB3277:             C:\Users\ultra\warewolf\Dev\Warewolf.Driver.Serilog\bin\Debug\net8.0\Warewolf.Driver.Serilog.dll [C:\Users\ultra\warewolf\Dev\Warewolf.Studio.CustomControls\Warewolf.Studio.CustomControls.csproj]
C:\Program Files\dotnet\sdk\10.0.201\Microsoft.Common.CurrentVersion.targets(2451,5): warning MSB3277:             C:\Users\ultra\warewolf\Dev\Warewolf.Exchange.Email.Wrapper\bin\Debug\net8.0\Warewolf.Exchange.Email.Wrapper.dll [C:\Users\ultra\warewolf\Dev\Warewolf.Studio.CustomControls\Warewolf.Studio.CustomControls.csproj]
C:\Program Files\dotnet\sdk\10.0.201\Microsoft.Common.CurrentVersion.targets(2451,5): warning MSB3277:             C:\Users\ultra\warewolf\Dev\Warewolf.ResourceManagement\bin\Debug\net8.0\Warewolf.ResourceManagement.dll [C:\Users\ultra\warewolf\Dev\Warewolf.Studio.CustomControls\Warewolf.Studio.CustomControls.csproj]
C:\Program Files\dotnet\sdk\10.0.201\Microsoft.Common.CurrentVersion.targets(2451,5): warning MSB3277:             C:\Users\ultra\warewolf\Dev\Warewolf.Sharepoint\bin\Debug\net8.0\Warewolf.Sharepoint.dll [C:\Users\ultra\warewolf\Dev\Warewolf.Studio.CustomControls\Warewolf.Studio.CustomControls.csproj]
C:\Program Files\dotnet\sdk\10.0.201\Microsoft.Common.CurrentVersion.targets(2451,5): warning MSB3277:             C:\Users\ultra\warewolf\Dev\Warewolf.Storage\bin\Debug\net8.0\Warewolf.Storage.dll [C:\Users\ultra\warewolf\Dev\Warewolf.Studio.CustomControls\Warewolf.Studio.CustomControls.csproj]
C:\Program Files\dotnet\sdk\10.0.201\Microsoft.Common.CurrentVersion.targets(2451,5): warning MSB3277:             C:\Users\ultra\warewolf\Dev\Warewolf.Studio.Core\bin\Debug\net8.0\Warewolf.Studio.Core.dll [C:\Users\ultra\warewolf\Dev\Warewolf.Studio.CustomControls\Warewolf.Studio.CustomControls.csproj]
C:\Program Files\dotnet\sdk\10.0.201\Microsoft.Common.CurrentVersion.targets(2451,5): warning MSB3277:         C:\Users\ultra\warewolf\Dev\Binaries\Infragistcs_Net6\InfragisticsWPF4.v15.1.dll [C:\Users\ultra\warewolf\Dev\Warewolf.Studio.CustomControls\Warewolf.Studio.CustomControls.csproj]
C:\Program Files\dotnet\sdk\10.0.201\Microsoft.Common.CurrentVersion.targets(2451,5): warning MSB3277:           Project file item includes which caused reference "C:\Users\ultra\warewolf\Dev\Binaries\Infragistcs_Net6\InfragisticsWPF4.v15.1.dll". [C:\Users\ultra\warewolf\Dev\Warewolf.Studio.CustomControls\Warewolf.Studio.CustomControls.csproj]
C:\Program Files\dotnet\sdk\10.0.201\Microsoft.Common.CurrentVersion.targets(2451,5): warning MSB3277:             InfragisticsWPF4.v15.1, Version=15.1.20151.2055, Culture=neutral, processorArchitecture=MSIL [C:\Users\ultra\warewolf\Dev\Warewolf.Studio.CustomControls\Warewolf.Studio.CustomControls.csproj]
C:\Program Files\dotnet\sdk\10.0.201\Microsoft.Common.CurrentVersion.targets(2451,5): warning MSB3277:             InfragisticsWPF4.Controls.Grids.XamGrid.v15.1 [C:\Users\ultra\warewolf\Dev\Warewolf.Studio.CustomControls\Warewolf.Studio.CustomControls.csproj]
C:\Program Files\dotnet\sdk\10.0.201\Microsoft.Common.CurrentVersion.targets(2451,5): warning MSB3277:             InfragisticsWPF4.Controls.Menus.XamDataTree.v15.1, Version=15.1.20151.2055, Culture=neutral, PublicKeyToken=7dd5c3163f2cd0cb, processorArchitecture=MSIL [C:\Users\ultra\warewolf\Dev\Warewolf.Studio.CustomControls\Warewolf.Studio.CustomControls.csproj]
C:\Program Files\dotnet\sdk\10.0.201\Microsoft.Common.CurrentVersion.targets(2451,5): warning MSB3277:             InfragisticsWPF4.DataManager.v15.1, Version=15.1.20151.2055, Culture=neutral, processorArchitecture=MSIL [C:\Users\ultra\warewolf\Dev\Warewolf.Studio.CustomControls\Warewolf.Studio.CustomControls.csproj]
C:\Program Files\dotnet\sdk\10.0.201\Microsoft.Common.CurrentVersion.targets(2451,5): warning MSB3277:             InfragisticsWPF4.DataPresenter.v15.1 [C:\Users\ultra\warewolf\Dev\Warewolf.Studio.CustomControls\Warewolf.Studio.CustomControls.csproj]
C:\Program Files\dotnet\sdk\10.0.201\Microsoft.Common.CurrentVersion.targets(2451,5): warning MSB3277:         C:\Users\ultra\.nuget\packages\timespan2\2.4.2\lib\netcoreapp3.1\TimeSpan2.dll [C:\Users\ultra\warewolf\Dev\Warewolf.Studio.CustomControls\Warewolf.Studio.CustomControls.csproj]
C:\Program Files\dotnet\sdk\10.0.201\Microsoft.Common.CurrentVersion.targets(2451,5): warning MSB3277:           Project file item includes which caused reference "C:\Users\ultra\.nuget\packages\timespan2\2.4.2\lib\netcoreapp3.1\TimeSpan2.dll". [C:\Users\ultra\warewolf\Dev\Warewolf.Studio.CustomControls\Warewolf.Studio.CustomControls.csproj]
C:\Program Files\dotnet\sdk\10.0.201\Microsoft.Common.CurrentVersion.targets(2451,5): warning MSB3277:             C:\Users\ultra\.nuget\packages\timespan2\2.4.2\lib\netcoreapp3.1\TimeSpan2.dll [C:\Users\ultra\warewolf\Dev\Warewolf.Studio.CustomControls\Warewolf.Studio.CustomControls.csproj]
C:\Program Files\dotnet\sdk\10.0.201\Microsoft.Common.CurrentVersion.targets(2451,5): warning MSB3277:             C:\Users\ultra\.nuget\packages\taskschedulereditor\2.10.1\lib\net452\Microsoft.Win32.TaskSchedulerEditor.dll [C:\Users\ultra\warewolf\Dev\Warewolf.Studio.CustomControls\Warewolf.Studio.CustomControls.csproj]
C:\Program Files\dotnet\sdk\10.0.201\Microsoft.Common.CurrentVersion.targets(2451,5): warning MSB3277:         C:\Program Files\dotnet\packs\Microsoft.NETCore.App.Ref\8.0.25\ref\net8.0\System.dll [C:\Users\ultra\warewolf\Dev\Warewolf.Studio.CustomControls\Warewolf.Studio.CustomControls.csproj]
C:\Program Files\dotnet\sdk\10.0.201\Microsoft.Common.CurrentVersion.targets(2451,5): warning MSB3277:           Project file item includes which caused reference "C:\Program Files\dotnet\packs\Microsoft.NETCore.App.Ref\8.0.25\ref\net8.0\System.dll". [C:\Users\ultra\warewolf\Dev\Warewolf.Studio.CustomControls\Warewolf.Studio.CustomControls.csproj]
C:\Program Files\dotnet\sdk\10.0.201\Microsoft.Common.CurrentVersion.targets(2451,5): warning MSB3277:             C:\Program Files\dotnet\packs\Microsoft.NETCore.App.Ref\8.0.25\ref/net8.0/System.dll [C:\Users\ultra\warewolf\Dev\Warewolf.Studio.CustomControls\Warewolf.Studio.CustomControls.csproj]
C:\Program Files\dotnet\sdk\10.0.201\Microsoft.Common.CurrentVersion.targets(2451,5): warning MSB3277:             C:\Users\ultra\.nuget\packages\aerowizard\2.3.1\lib\net45\AeroWizard.dll [C:\Users\ultra\warewolf\Dev\Warewolf.Studio.CustomControls\Warewolf.Studio.CustomControls.csproj]
C:\Program Files\dotnet\sdk\10.0.201\Microsoft.Common.CurrentVersion.targets(2451,5): warning MSB3277:             C:\Users\ultra\.nuget\packages\groupcontrols\1.9.0\lib\net45\GroupControls.dll [C:\Users\ultra\warewolf\Dev\Warewolf.Studio.CustomControls\Warewolf.Studio.CustomControls.csproj]
C:\Program Files\dotnet\sdk\10.0.201\Microsoft.Common.CurrentVersion.targets(2451,5): warning MSB3277:             C:\Users\ultra\.nuget\packages\microsoft.xaml.behaviors.wpf\1.1.122\lib\net462\Microsoft.Xaml.Behaviors.dll [C:\Users\ultra\warewolf\Dev\Warewolf.Studio.CustomControls\Warewolf.Studio.CustomControls.csproj]
C:\Program Files\dotnet\sdk\10.0.201\Microsoft.Common.CurrentVersion.targets(2451,5): warning MSB3277:             C:\Users\ultra\.nuget\packages\caliburn.micro\4.0.212\lib\netcoreapp3.1\Caliburn.Micro.Platform.dll [C:\Users\ultra\warewolf\Dev\Warewolf.Studio.CustomControls\Warewolf.Studio.CustomControls.csproj]
C:\Program Files\dotnet\sdk\10.0.201\Microsoft.Common.CurrentVersion.targets(2451,5): warning MSB3277:             C:\Users\ultra\.nuget\packages\prism.wpf\9.0.537\lib\net462\Prism.Wpf.dll [C:\Users\ultra\warewolf\Dev\Warewolf.Studio.CustomControls\Warewolf.Studio.CustomControls.csproj]
C:\Program Files\dotnet\sdk\10.0.201\Microsoft.Common.CurrentVersion.targets(2451,5): warning MSB3277:             C:\Users\ultra\.nuget\packages\reactiveui.wpf\18.4.1\lib\net462\ReactiveUI.Wpf.dll [C:\Users\ultra\warewolf\Dev\Warewolf.Studio.CustomControls\Warewolf.Studio.CustomControls.csproj]
C:\Program Files\dotnet\sdk\10.0.201\Microsoft.Common.CurrentVersion.targets(2451,5): warning MSB3277:             C:\Users\ultra\.nuget\packages\taskschedulereditor\2.10.1\lib\net452\Microsoft.Win32.TaskSchedulerEditor.dll [C:\Users\ultra\warewolf\Dev\Warewolf.Studio.CustomControls\Warewolf.Studio.CustomControls.csproj]
C:\Program Files\dotnet\sdk\10.0.201\Microsoft.Common.CurrentVersion.targets(2451,5): warning MSB3277:             C:\Users\ultra\.nuget\packages\ttcue.netcore.sharepointonline.csom.16.1.8029.1200\16.1.8029.1200\lib\netcoreapp2.0\Microsoft.SharePoint.Client.Runtime.Windows.dll [C:\Users\ultra\warewolf\Dev\Warewolf.Studio.CustomControls\Warewolf.Studio.CustomControls.csproj]
C:\Program Files\dotnet\sdk\10.0.201\Microsoft.Common.CurrentVersion.targets(2451,5): warning MSB3277:         C:\Users\ultra\warewolf\Dev\Binaries\Infragistcs_Net6\InfragisticsWPF4.Editors.v15.1.dll [C:\Users\ultra\warewolf\Dev\Warewolf.Studio.CustomControls\Warewolf.Studio.CustomControls.csproj]
C:\Program Files\dotnet\sdk\10.0.201\Microsoft.Common.CurrentVersion.targets(2451,5): warning MSB3277:           Project file item includes which caused reference "C:\Users\ultra\warewolf\Dev\Binaries\Infragistcs_Net6\InfragisticsWPF4.Editors.v15.1.dll". [C:\Users\ultra\warewolf\Dev\Warewolf.Studio.CustomControls\Warewolf.Studio.CustomControls.csproj]
C:\Program Files\dotnet\sdk\10.0.201\Microsoft.Common.CurrentVersion.targets(2451,5): warning MSB3277:             InfragisticsWPF4.DataPresenter.v15.1 [C:\Users\ultra\warewolf\Dev\Warewolf.Studio.CustomControls\Warewolf.Studio.CustomControls.csproj]
C:\Program Files\dotnet\sdk\10.0.201\Microsoft.Common.CurrentVersion.targets(2451,5): warning MSB3277: Found conflicts between different versions of "System.Security.Permissions" that could not be resolved. [C:\Users\ultra\warewolf\Dev\Warewolf.Studio.CustomControls\Warewolf.Studio.CustomControls.csproj]
C:\Program Files\dotnet\sdk\10.0.201\Microsoft.Common.CurrentVersion.targets(2451,5): warning MSB3277: There was a conflict between "System.Security.Permissions, Version=6.0.0.0, Culture=neutral, PublicKeyToken=cc7b13ffcd2ddd51" and "System.Security.Permissions, Version=7.0.0.0, Culture=neutral, PublicKeyToken=cc7b13ffcd2ddd51". [C:\Users\ultra\warewolf\Dev\Warewolf.Studio.CustomControls\Warewolf.Studio.CustomControls.csproj]
C:\Program Files\dotnet\sdk\10.0.201\Microsoft.Common.CurrentVersion.targets(2451,5): warning MSB3277:     "System.Security.Permissions, Version=6.0.0.0, Culture=neutral, PublicKeyToken=cc7b13ffcd2ddd51" was chosen because it was primary and "System.Security.Permissions, Version=7.0.0.0, Culture=neutral, PublicKeyToken=cc7b13ffcd2ddd51" was not. [C:\Users\ultra\warewolf\Dev\Warewolf.Studio.CustomControls\Warewolf.Studio.CustomControls.csproj]
C:\Program Files\dotnet\sdk\10.0.201\Microsoft.Common.CurrentVersion.targets(2451,5): warning MSB3277:     References which depend on "System.Security.Permissions, Version=6.0.0.0, Culture=neutral, PublicKeyToken=cc7b13ffcd2ddd51" [C:\Users\ultra\.nuget\packages\system.security.permissions\6.0.0\lib\net6.0\System.Security.Permissions.dll]. [C:\Users\ultra\warewolf\Dev\Warewolf.Studio.CustomControls\Warewolf.Studio.CustomControls.csproj]
C:\Program Files\dotnet\sdk\10.0.201\Microsoft.Common.CurrentVersion.targets(2451,5): warning MSB3277:         C:\Users\ultra\.nuget\packages\system.security.permissions\6.0.0\lib\net6.0\System.Security.Permissions.dll [C:\Users\ultra\warewolf\Dev\Warewolf.Studio.CustomControls\Warewolf.Studio.CustomControls.csproj]
C:\Program Files\dotnet\sdk\10.0.201\Microsoft.Common.CurrentVersion.targets(2451,5): warning MSB3277:           Project file item includes which caused reference "C:\Users\ultra\.nuget\packages\system.security.permissions\6.0.0\lib\net6.0\System.Security.Permissions.dll". [C:\Users\ultra\warewolf\Dev\Warewolf.Studio.CustomControls\Warewolf.Studio.CustomControls.csproj]
C:\Program Files\dotnet\sdk\10.0.201\Microsoft.Common.CurrentVersion.targets(2451,5): warning MSB3277:             C:\Users\ultra\.nuget\packages\system.security.permissions\6.0.0\lib\net6.0\System.Security.Permissions.dll [C:\Users\ultra\warewolf\Dev\Warewolf.Studio.CustomControls\Warewolf.Studio.CustomControls.csproj]
C:\Program Files\dotnet\sdk\10.0.201\Microsoft.Common.CurrentVersion.targets(2451,5): warning MSB3277:     References which depend on or have been unified to "System.Security.Permissions, Version=7.0.0.0, Culture=neutral, PublicKeyToken=cc7b13ffcd2ddd51" []. [C:\Users\ultra\warewolf\Dev\Warewolf.Studio.CustomControls\Warewolf.Studio.CustomControls.csproj]
C:\Program Files\dotnet\sdk\10.0.201\Microsoft.Common.CurrentVersion.targets(2451,5): warning MSB3277:         C:\Users\ultra\warewolf\Dev\Dev2.Data\bin\Debug\net8.0\Dev2.Data.dll [C:\Users\ultra\warewolf\Dev\Warewolf.Studio.CustomControls\Warewolf.Studio.CustomControls.csproj]
C:\Program Files\dotnet\sdk\10.0.201\Microsoft.Common.CurrentVersion.targets(2451,5): warning MSB3277:           Project file item includes which caused reference "C:\Users\ultra\warewolf\Dev\Dev2.Data\bin\Debug\net8.0\Dev2.Data.dll". [C:\Users\ultra\warewolf\Dev\Warewolf.Studio.CustomControls\Warewolf.Studio.CustomControls.csproj]
C:\Program Files\dotnet\sdk\10.0.201\Microsoft.Common.CurrentVersion.targets(2451,5): warning MSB3277:             C:\Users\ultra\warewolf\Dev\Dev2.Data\bin\Debug\net8.0\Dev2.Data.dll [C:\Users\ultra\warewolf\Dev\Warewolf.Studio.CustomControls\Warewolf.Studio.CustomControls.csproj]
C:\Program Files\dotnet\sdk\10.0.201\Microsoft.Common.CurrentVersion.targets(2451,5): warning MSB3277:             C:\Users\ultra\warewolf\Dev\Dev2.Intellisense\bin\Debug\net8.0\Dev2.Intellisense.dll [C:\Users\ultra\warewolf\Dev\Warewolf.Studio.CustomControls\Warewolf.Studio.CustomControls.csproj]
C:\Program Files\dotnet\sdk\10.0.201\Microsoft.Common.CurrentVersion.targets(2451,5): warning MSB3277:             C:\Users\ultra\warewolf\Dev\Dev2.Studio.Core\bin\Debug\net8.0\Dev2.Studio.Core.dll [C:\Users\ultra\warewolf\Dev\Warewolf.Studio.CustomControls\Warewolf.Studio.CustomControls.csproj]
C:\Program Files\dotnet\sdk\10.0.201\Microsoft.Common.CurrentVersion.targets(2451,5): warning MSB3277:             C:\Users\ultra\warewolf\Dev\Dev2.Studio.Interfaces\bin\Debug\net8.0\Dev2.Studio.Interfaces.dll [C:\Users\ultra\warewolf\Dev\Warewolf.Studio.CustomControls\Warewolf.Studio.CustomControls.csproj]
C:\Program Files\dotnet\sdk\10.0.201\Microsoft.Common.CurrentVersion.targets(2451,5): warning MSB3277:             C:\Users\ultra\warewolf\Dev\Dev2.Activities\bin\Debug\net8.0\Dev2.Activities.dll [C:\Users\ultra\warewolf\Dev\Warewolf.Studio.CustomControls\Warewolf.Studio.CustomControls.csproj]
C:\Program Files\dotnet\sdk\10.0.201\Microsoft.Common.CurrentVersion.targets(2451,5): warning MSB3277:             C:\Users\ultra\warewolf\Dev\Dev2.Core\bin\Debug\net8.0\Dev2.Core.dll [C:\Users\ultra\warewolf\Dev\Warewolf.Studio.CustomControls\Warewolf.Studio.CustomControls.csproj]
C:\Program Files\dotnet\sdk\10.0.201\Microsoft.Common.CurrentVersion.targets(2451,5): warning MSB3277:             C:\Users\ultra\warewolf\Dev\Dev2.Runtime.Services\bin\Debug\net8.0\Dev2.Runtime.Services.dll [C:\Users\ultra\warewolf\Dev\Warewolf.Studio.CustomControls\Warewolf.Studio.CustomControls.csproj]
C:\Program Files\dotnet\sdk\10.0.201\Microsoft.Common.CurrentVersion.targets(2451,5): warning MSB3277:             C:\Users\ultra\warewolf\Dev\Dev2.Scheduler\bin\Debug\net8.0\Dev2.Scheduler.dll [C:\Users\ultra\warewolf\Dev\Warewolf.Studio.CustomControls\Warewolf.Studio.CustomControls.csproj]
C:\Program Files\dotnet\sdk\10.0.201\Microsoft.Common.CurrentVersion.targets(2451,5): warning MSB3277:             C:\Users\ultra\warewolf\Dev\Dev2.Services.Execution\bin\Debug\net8.0\Dev2.Services.Execution.dll [C:\Users\ultra\warewolf\Dev\Warewolf.Studio.CustomControls\Warewolf.Studio.CustomControls.csproj]
C:\Program Files\dotnet\sdk\10.0.201\Microsoft.Common.CurrentVersion.targets(2451,5): warning MSB3277:             C:\Users\ultra\warewolf\Dev\Warewolf.Auditing\bin\Debug\net8.0\Warewolf.Auditing.dll [C:\Users\ultra\warewolf\Dev\Warewolf.Studio.CustomControls\Warewolf.Studio.CustomControls.csproj]
C:\Program Files\dotnet\sdk\10.0.201\Microsoft.Common.CurrentVersion.targets(2451,5): warning MSB3277:             C:\Users\ultra\warewolf\Dev\Warewolf.Common.NetStandard20\bin\Debug\net8.0\Warewolf.Common.NetStandard20.dll [C:\Users\ultra\warewolf\Dev\Warewolf.Studio.CustomControls\Warewolf.Studio.CustomControls.csproj]
C:\Program Files\dotnet\sdk\10.0.201\Microsoft.Common.CurrentVersion.targets(2451,5): warning MSB3277:             C:\Users\ultra\warewolf\Dev\Warewolf.Core\bin\Debug\net8.0\Warewolf.Core.dll [C:\Users\ultra\warewolf\Dev\Warewolf.Studio.CustomControls\Warewolf.Studio.CustomControls.csproj]
C:\Program Files\dotnet\sdk\10.0.201\Microsoft.Common.CurrentVersion.targets(2451,5): warning MSB3277:             C:\Users\ultra\warewolf\Dev\Warewolf.Driver.Persistence\bin\Debug\net8.0\Warewolf.Driver.Persistence.dll [C:\Users\ultra\warewolf\Dev\Warewolf.Studio.CustomControls\Warewolf.Studio.CustomControls.csproj]
C:\Program Files\dotnet\sdk\10.0.201\Microsoft.Common.CurrentVersion.targets(2451,5): warning MSB3277:             C:\Users\ultra\warewolf\Dev\Warewolf.Exchange.Email.Wrapper\bin\Debug\net8.0\Warewolf.Exchange.Email.Wrapper.dll [C:\Users\ultra\warewolf\Dev\Warewolf.Studio.CustomControls\Warewolf.Studio.CustomControls.csproj]
C:\Program Files\dotnet\sdk\10.0.201\Microsoft.Common.CurrentVersion.targets(2451,5): warning MSB3277:             C:\Users\ultra\warewolf\Dev\Warewolf.ResourceManagement\bin\Debug\net8.0\Warewolf.ResourceManagement.dll [C:\Users\ultra\warewolf\Dev\Warewolf.Studio.CustomControls\Warewolf.Studio.CustomControls.csproj]
C:\Program Files\dotnet\sdk\10.0.201\Microsoft.Common.CurrentVersion.targets(2451,5): warning MSB3277:             C:\Users\ultra\warewolf\Dev\Warewolf.Studio.Core\bin\Debug\net8.0\Warewolf.Studio.Core.dll [C:\Users\ultra\warewolf\Dev\Warewolf.Studio.CustomControls\Warewolf.Studio.CustomControls.csproj]
C:\Program Files\dotnet\sdk\10.0.201\Microsoft.Common.CurrentVersion.targets(2451,5): warning MSB3277:         C:\Users\ultra\warewolf\Dev\Binaries\Infragistcs_Net6\InfragisticsWPF4.v15.1.dll [C:\Users\ultra\warewolf\Dev\Warewolf.Studio.CustomControls\Warewolf.Studio.CustomControls.csproj]
C:\Program Files\dotnet\sdk\10.0.201\Microsoft.Common.CurrentVersion.targets(2451,5): warning MSB3277:           Project file item includes which caused reference "C:\Users\ultra\warewolf\Dev\Binaries\Infragistcs_Net6\InfragisticsWPF4.v15.1.dll". [C:\Users\ultra\warewolf\Dev\Warewolf.Studio.CustomControls\Warewolf.Studio.CustomControls.csproj]
C:\Program Files\dotnet\sdk\10.0.201\Microsoft.Common.CurrentVersion.targets(2451,5): warning MSB3277:             InfragisticsWPF4.v15.1, Version=15.1.20151.2055, Culture=neutral, processorArchitecture=MSIL [C:\Users\ultra\warewolf\Dev\Warewolf.Studio.CustomControls\Warewolf.Studio.CustomControls.csproj]
C:\Program Files\dotnet\sdk\10.0.201\Microsoft.Common.CurrentVersion.targets(2451,5): warning MSB3277:             InfragisticsWPF4.Controls.Grids.XamGrid.v15.1 [C:\Users\ultra\warewolf\Dev\Warewolf.Studio.CustomControls\Warewolf.Studio.CustomControls.csproj]
C:\Program Files\dotnet\sdk\10.0.201\Microsoft.Common.CurrentVersion.targets(2451,5): warning MSB3277:             InfragisticsWPF4.Controls.Menus.XamDataTree.v15.1, Version=15.1.20151.2055, Culture=neutral, PublicKeyToken=7dd5c3163f2cd0cb, processorArchitecture=MSIL [C:\Users\ultra\warewolf\Dev\Warewolf.Studio.CustomControls\Warewolf.Studio.CustomControls.csproj]
C:\Program Files\dotnet\sdk\10.0.201\Microsoft.Common.CurrentVersion.targets(2451,5): warning MSB3277:             InfragisticsWPF4.DataManager.v15.1, Version=15.1.20151.2055, Culture=neutral, processorArchitecture=MSIL [C:\Users\ultra\warewolf\Dev\Warewolf.Studio.CustomControls\Warewolf.Studio.CustomControls.csproj]
C:\Program Files\dotnet\sdk\10.0.201\Microsoft.Common.CurrentVersion.targets(2451,5): warning MSB3277:             InfragisticsWPF4.DataPresenter.v15.1 [C:\Users\ultra\warewolf\Dev\Warewolf.Studio.CustomControls\Warewolf.Studio.CustomControls.csproj]
C:\Program Files\dotnet\sdk\10.0.201\Microsoft.Common.CurrentVersion.targets(2451,5): warning MSB3277:         C:\Users\ultra\.nuget\packages\dotnetzip\1.16.0\lib\netstandard2.0\DotNetZip.dll [C:\Users\ultra\warewolf\Dev\Warewolf.Studio.CustomControls\Warewolf.Studio.CustomControls.csproj]
C:\Program Files\dotnet\sdk\10.0.201\Microsoft.Common.CurrentVersion.targets(2451,5): warning MSB3277:           Project file item includes which caused reference "C:\Users\ultra\.nuget\packages\dotnetzip\1.16.0\lib\netstandard2.0\DotNetZip.dll". [C:\Users\ultra\warewolf\Dev\Warewolf.Studio.CustomControls\Warewolf.Studio.CustomControls.csproj]
C:\Program Files\dotnet\sdk\10.0.201\Microsoft.Common.CurrentVersion.targets(2451,5): warning MSB3277:             C:\Users\ultra\.nuget\packages\dotnetzip\1.16.0\lib\netstandard2.0\DotNetZip.dll [C:\Users\ultra\warewolf\Dev\Warewolf.Studio.CustomControls\Warewolf.Studio.CustomControls.csproj]
C:\Program Files\dotnet\sdk\10.0.201\Microsoft.Common.CurrentVersion.targets(2451,5): warning MSB3277:             C:\Users\ultra\warewolf\Dev\Dev2.Common\bin\Debug\net8.0\Dev2.Common.dll [C:\Users\ultra\warewolf\Dev\Warewolf.Studio.CustomControls\Warewolf.Studio.CustomControls.csproj]
C:\Program Files\dotnet\sdk\10.0.201\Microsoft.Common.CurrentVersion.targets(2451,5): warning MSB3277:             C:\Users\ultra\warewolf\Dev\Dev2.Infrastructure\bin\Debug\net8.0\Dev2.Infrastructure.dll [C:\Users\ultra\warewolf\Dev\Warewolf.Studio.CustomControls\Warewolf.Studio.CustomControls.csproj]
C:\Program Files\dotnet\sdk\10.0.201\Microsoft.Common.CurrentVersion.targets(2451,5): warning MSB3277:             C:\Users\ultra\warewolf\Dev\Dev2.Intellisense\bin\Debug\net8.0\Dev2.Intellisense.dll [C:\Users\ultra\warewolf\Dev\Warewolf.Studio.CustomControls\Warewolf.Studio.CustomControls.csproj]
C:\Program Files\dotnet\sdk\10.0.201\Microsoft.Common.CurrentVersion.targets(2451,5): warning MSB3277:             C:\Users\ultra\warewolf\Dev\Dev2.Studio.Core\bin\Debug\net8.0\Dev2.Studio.Core.dll [C:\Users\ultra\warewolf\Dev\Warewolf.Studio.CustomControls\Warewolf.Studio.CustomControls.csproj]
C:\Program Files\dotnet\sdk\10.0.201\Microsoft.Common.CurrentVersion.targets(2451,5): warning MSB3277:             C:\Users\ultra\warewolf\Dev\Dev2.Studio.Interfaces\bin\Debug\net8.0\Dev2.Studio.Interfaces.dll [C:\Users\ultra\warewolf\Dev\Warewolf.Studio.CustomControls\Warewolf.Studio.CustomControls.csproj]
C:\Program Files\dotnet\sdk\10.0.201\Microsoft.Common.CurrentVersion.targets(2451,5): warning MSB3277:             C:\Users\ultra\warewolf\Dev\Dev2.Activities\bin\Debug\net8.0\Dev2.Activities.dll [C:\Users\ultra\warewolf\Dev\Warewolf.Studio.CustomControls\Warewolf.Studio.CustomControls.csproj]
C:\Program Files\dotnet\sdk\10.0.201\Microsoft.Common.CurrentVersion.targets(2451,5): warning MSB3277:             C:\Users\ultra\warewolf\Dev\Dev2.Core\bin\Debug\net8.0\Dev2.Core.dll [C:\Users\ultra\warewolf\Dev\Warewolf.Studio.CustomControls\Warewolf.Studio.CustomControls.csproj]
C:\Program Files\dotnet\sdk\10.0.201\Microsoft.Common.CurrentVersion.targets(2451,5): warning MSB3277:             C:\Users\ultra\warewolf\Dev\Dev2.Data\bin\Debug\net8.0\Dev2.Data.dll [C:\Users\ultra\warewolf\Dev\Warewolf.Studio.CustomControls\Warewolf.Studio.CustomControls.csproj]
C:\Program Files\dotnet\sdk\10.0.201\Microsoft.Common.CurrentVersion.targets(2451,5): warning MSB3277:             C:\Users\ultra\warewolf\Dev\Dev2.Data.Interfaces\bin\Debug\net8.0\Dev2.Data.Interfaces.dll [C:\Users\ultra\warewolf\Dev\Warewolf.Studio.CustomControls\Warewolf.Studio.CustomControls.csproj]
C:\Program Files\dotnet\sdk\10.0.201\Microsoft.Common.CurrentVersion.targets(2451,5): warning MSB3277:             C:\Users\ultra\warewolf\Dev\Dev2.Development.Languages\bin\Debug\net8.0\Dev2.Development.Languages.dll [C:\Users\ultra\warewolf\Dev\Warewolf.Studio.CustomControls\Warewolf.Studio.CustomControls.csproj]
C:\Program Files\dotnet\sdk\10.0.201\Microsoft.Common.CurrentVersion.targets(2451,5): warning MSB3277:             C:\Users\ultra\warewolf\Dev\Dev2.Diagnostics\bin\Debug\net8.0\Dev2.Diagnostics.dll [C:\Users\ultra\warewolf\Dev\Warewolf.Studio.CustomControls\Warewolf.Studio.CustomControls.csproj]
C:\Program Files\dotnet\sdk\10.0.201\Microsoft.Common.CurrentVersion.targets(2451,5): warning MSB3277:             C:\Users\ultra\warewolf\Dev\Dev2.Runtime.Services\bin\Debug\net8.0\Dev2.Runtime.Services.dll [C:\Users\ultra\warewolf\Dev\Warewolf.Studio.CustomControls\Warewolf.Studio.CustomControls.csproj]
C:\Program Files\dotnet\sdk\10.0.201\Microsoft.Common.CurrentVersion.targets(2451,5): warning MSB3277:             C:\Users\ultra\warewolf\Dev\Dev2.Scheduler\bin\Debug\net8.0\Dev2.Scheduler.dll [C:\Users\ultra\warewolf\Dev\Warewolf.Studio.CustomControls\Warewolf.Studio.CustomControls.csproj]
C:\Program Files\dotnet\sdk\10.0.201\Microsoft.Common.CurrentVersion.targets(2451,5): warning MSB3277:             C:\Users\ultra\warewolf\Dev\Dev2.Services.Execution\bin\Debug\net8.0\Dev2.Services.Execution.dll [C:\Users\ultra\warewolf\Dev\Warewolf.Studio.CustomControls\Warewolf.Studio.CustomControls.csproj]
C:\Program Files\dotnet\sdk\10.0.201\Microsoft.Common.CurrentVersion.targets(2451,5): warning MSB3277:             C:\Users\ultra\warewolf\Dev\Dev2.Services.Sql\bin\Debug\net8.0\Dev2.Services.Sql.dll [C:\Users\ultra\warewolf\Dev\Warewolf.Studio.CustomControls\Warewolf.Studio.CustomControls.csproj]
C:\Program Files\dotnet\sdk\10.0.201\Microsoft.Common.CurrentVersion.targets(2451,5): warning MSB3277:             C:\Users\ultra\warewolf\Dev\Dev2.TaskScheduler.Wrappers\bin\Debug\net8.0\Dev2.TaskScheduler.Wrappers.dll [C:\Users\ultra\warewolf\Dev\Warewolf.Studio.CustomControls\Warewolf.Studio.CustomControls.csproj]
C:\Program Files\dotnet\sdk\10.0.201\Microsoft.Common.CurrentVersion.targets(2451,5): warning MSB3277:             C:\Users\ultra\warewolf\Dev\Dev2.Util\bin\Debug\net8.0\Dev2.Util.dll [C:\Users\ultra\warewolf\Dev\Warewolf.Studio.CustomControls\Warewolf.Studio.CustomControls.csproj]
C:\Program Files\dotnet\sdk\10.0.201\Microsoft.Common.CurrentVersion.targets(2451,5): warning MSB3277:             C:\Users\ultra\warewolf\Dev\Warewolf.AI.Harness\bin\Debug\net8.0\Warewolf.AI.Harness.dll [C:\Users\ultra\warewolf\Dev\Warewolf.Studio.CustomControls\Warewolf.Studio.CustomControls.csproj]
C:\Program Files\dotnet\sdk\10.0.201\Microsoft.Common.CurrentVersion.targets(2451,5): warning MSB3277:             C:\Users\ultra\warewolf\Dev\Warewolf.Auditing\bin\Debug\net8.0\Warewolf.Auditing.dll [C:\Users\ultra\warewolf\Dev\Warewolf.Studio.CustomControls\Warewolf.Studio.CustomControls.csproj]
C:\Program Files\dotnet\sdk\10.0.201\Microsoft.Common.CurrentVersion.targets(2451,5): warning MSB3277:             C:\Users\ultra\warewolf\Dev\Warewolf.Common.NetStandard20\bin\Debug\net8.0\Warewolf.Common.NetStandard20.dll [C:\Users\ultra\warewolf\Dev\Warewolf.Studio.CustomControls\Warewolf.Studio.CustomControls.csproj]
C:\Program Files\dotnet\sdk\10.0.201\Microsoft.Common.CurrentVersion.targets(2451,5): warning MSB3277:             C:\Users\ultra\warewolf\Dev\Warewolf.Core\bin\Debug\net8.0\Warewolf.Core.dll [C:\Users\ultra\warewolf\Dev\Warewolf.Studio.CustomControls\Warewolf.Studio.CustomControls.csproj]
C:\Program Files\dotnet\sdk\10.0.201\Microsoft.Common.CurrentVersion.targets(2451,5): warning MSB3277:             C:\Users\ultra\warewolf\Dev\Warewolf.Driver.Persistence\bin\Debug\net8.0\Warewolf.Driver.Persistence.dll [C:\Users\ultra\warewolf\Dev\Warewolf.Studio.CustomControls\Warewolf.Studio.CustomControls.csproj]
C:\Program Files\dotnet\sdk\10.0.201\Microsoft.Common.CurrentVersion.targets(2451,5): warning MSB3277:             C:\Users\ultra\warewolf\Dev\Warewolf.Driver.Serilog\bin\Debug\net8.0\Warewolf.Driver.Serilog.dll [C:\Users\ultra\warewolf\Dev\Warewolf.Studio.CustomControls\Warewolf.Studio.CustomControls.csproj]
C:\Program Files\dotnet\sdk\10.0.201\Microsoft.Common.CurrentVersion.targets(2451,5): warning MSB3277:             C:\Users\ultra\warewolf\Dev\Warewolf.Exchange.Email.Wrapper\bin\Debug\net8.0\Warewolf.Exchange.Email.Wrapper.dll [C:\Users\ultra\warewolf\Dev\Warewolf.Studio.CustomControls\Warewolf.Studio.CustomControls.csproj]
C:\Program Files\dotnet\sdk\10.0.201\Microsoft.Common.CurrentVersion.targets(2451,5): warning MSB3277:             C:\Users\ultra\warewolf\Dev\Warewolf.ResourceManagement\bin\Debug\net8.0\Warewolf.ResourceManagement.dll [C:\Users\ultra\warewolf\Dev\Warewolf.Studio.CustomControls\Warewolf.Studio.CustomControls.csproj]
C:\Program Files\dotnet\sdk\10.0.201\Microsoft.Common.CurrentVersion.targets(2451,5): warning MSB3277:             C:\Users\ultra\warewolf\Dev\Warewolf.Sharepoint\bin\Debug\net8.0\Warewolf.Sharepoint.dll [C:\Users\ultra\warewolf\Dev\Warewolf.Studio.CustomControls\Warewolf.Studio.CustomControls.csproj]
C:\Program Files\dotnet\sdk\10.0.201\Microsoft.Common.CurrentVersion.targets(2451,5): warning MSB3277:             C:\Users\ultra\warewolf\Dev\Warewolf.Storage\bin\Debug\net8.0\Warewolf.Storage.dll [C:\Users\ultra\warewolf\Dev\Warewolf.Studio.CustomControls\Warewolf.Studio.CustomControls.csproj]
C:\Program Files\dotnet\sdk\10.0.201\Microsoft.Common.CurrentVersion.targets(2451,5): warning MSB3277:             C:\Users\ultra\warewolf\Dev\Warewolf.Studio.Core\bin\Debug\net8.0\Warewolf.Studio.Core.dll [C:\Users\ultra\warewolf\Dev\Warewolf.Studio.CustomControls\Warewolf.Studio.CustomControls.csproj]
C:\Program Files\dotnet\sdk\10.0.201\Microsoft.Common.CurrentVersion.targets(2451,5): warning MSB3277:         C:\Users\ultra\.nuget\packages\mindbox.data.linq\5.0.0\lib\netstandard2.0\Mindbox.Data.Linq.dll [C:\Users\ultra\warewolf\Dev\Warewolf.Studio.CustomControls\Warewolf.Studio.CustomControls.csproj]
C:\Program Files\dotnet\sdk\10.0.201\Microsoft.Common.CurrentVersion.targets(2451,5): warning MSB3277:           Project file item includes which caused reference "C:\Users\ultra\.nuget\packages\mindbox.data.linq\5.0.0\lib\netstandard2.0\Mindbox.Data.Linq.dll". [C:\Users\ultra\warewolf\Dev\Warewolf.Studio.CustomControls\Warewolf.Studio.CustomControls.csproj]
C:\Program Files\dotnet\sdk\10.0.201\Microsoft.Common.CurrentVersion.targets(2451,5): warning MSB3277:             C:\Users\ultra\.nuget\packages\mindbox.data.linq\5.0.0\lib\netstandard2.0\Mindbox.Data.Linq.dll [C:\Users\ultra\warewolf\Dev\Warewolf.Studio.CustomControls\Warewolf.Studio.CustomControls.csproj]
C:\Program Files\dotnet\sdk\10.0.201\Microsoft.Common.CurrentVersion.targets(2451,5): warning MSB3277:             C:\Users\ultra\warewolf\Dev\Warewolf.Auditing\bin\Debug\net8.0\Warewolf.Auditing.dll [C:\Users\ultra\warewolf\Dev\Warewolf.Studio.CustomControls\Warewolf.Studio.CustomControls.csproj]
C:\Program Files\dotnet\sdk\10.0.201\Microsoft.Common.CurrentVersion.targets(2451,5): warning MSB3277:             C:\Users\ultra\warewolf\Dev\Dev2.Activities\bin\Debug\net8.0\Dev2.Activities.dll [C:\Users\ultra\warewolf\Dev\Warewolf.Studio.CustomControls\Warewolf.Studio.CustomControls.csproj]
C:\Program Files\dotnet\sdk\10.0.201\Microsoft.Common.CurrentVersion.targets(2451,5): warning MSB3277:             C:\Users\ultra\warewolf\Dev\Dev2.Studio.Core\bin\Debug\net8.0\Dev2.Studio.Core.dll [C:\Users\ultra\warewolf\Dev\Warewolf.Studio.CustomControls\Warewolf.Studio.CustomControls.csproj]
C:\Program Files\dotnet\sdk\10.0.201\Microsoft.Common.CurrentVersion.targets(2451,5): warning MSB3277:             C:\Users\ultra\warewolf\Dev\Dev2.Intellisense\bin\Debug\net8.0\Dev2.Intellisense.dll [C:\Users\ultra\warewolf\Dev\Warewolf.Studio.CustomControls\Warewolf.Studio.CustomControls.csproj]
C:\Program Files\dotnet\sdk\10.0.201\Microsoft.Common.CurrentVersion.targets(2451,5): warning MSB3277:             C:\Users\ultra\warewolf\Dev\Dev2.Runtime.Services\bin\Debug\net8.0\Dev2.Runtime.Services.dll [C:\Users\ultra\warewolf\Dev\Warewolf.Studio.CustomControls\Warewolf.Studio.CustomControls.csproj]
C:\Program Files\dotnet\sdk\10.0.201\Microsoft.Common.CurrentVersion.targets(2451,5): warning MSB3277:             C:\Users\ultra\warewolf\Dev\Dev2.Studio.Interfaces\bin\Debug\net8.0\Dev2.Studio.Interfaces.dll [C:\Users\ultra\warewolf\Dev\Warewolf.Studio.CustomControls\Warewolf.Studio.CustomControls.csproj]
C:\Program Files\dotnet\sdk\10.0.201\Microsoft.Common.CurrentVersion.targets(2451,5): warning MSB3277:             C:\Users\ultra\warewolf\Dev\Dev2.Services.Execution\bin\Debug\net8.0\Dev2.Services.Execution.dll [C:\Users\ultra\warewolf\Dev\Warewolf.Studio.CustomControls\Warewolf.Studio.CustomControls.csproj]
C:\Program Files\dotnet\sdk\10.0.201\Microsoft.Common.CurrentVersion.targets(2451,5): warning MSB3277:             C:\Users\ultra\warewolf\Dev\Warewolf.Common.NetStandard20\bin\Debug\net8.0\Warewolf.Common.NetStandard20.dll [C:\Users\ultra\warewolf\Dev\Warewolf.Studio.CustomControls\Warewolf.Studio.CustomControls.csproj]
C:\Program Files\dotnet\sdk\10.0.201\Microsoft.Common.CurrentVersion.targets(2451,5): warning MSB3277:             C:\Users\ultra\warewolf\Dev\Warewolf.Driver.Persistence\bin\Debug\net8.0\Warewolf.Driver.Persistence.dll [C:\Users\ultra\warewolf\Dev\Warewolf.Studio.CustomControls\Warewolf.Studio.CustomControls.csproj]
C:\Program Files\dotnet\sdk\10.0.201\Microsoft.Common.CurrentVersion.targets(2451,5): warning MSB3277:             C:\Users\ultra\warewolf\Dev\Warewolf.Studio.Core\bin\Debug\net8.0\Warewolf.Studio.Core.dll [C:\Users\ultra\warewolf\Dev\Warewolf.Studio.CustomControls\Warewolf.Studio.CustomControls.csproj]
C:\Program Files\dotnet\sdk\10.0.201\Microsoft.Common.CurrentVersion.targets(2451,5): warning MSB3277:         C:\Users\ultra\.nuget\packages\mysql.data\8.4.0\lib\net8.0\MySql.Data.dll [C:\Users\ultra\warewolf\Dev\Warewolf.Studio.CustomControls\Warewolf.Studio.CustomControls.csproj]
C:\Program Files\dotnet\sdk\10.0.201\Microsoft.Common.CurrentVersion.targets(2451,5): warning MSB3277:           Project file item includes which caused reference "C:\Users\ultra\.nuget\packages\mysql.data\8.4.0\lib\net8.0\MySql.Data.dll". [C:\Users\ultra\warewolf\Dev\Warewolf.Studio.CustomControls\Warewolf.Studio.CustomControls.csproj]
C:\Program Files\dotnet\sdk\10.0.201\Microsoft.Common.CurrentVersion.targets(2451,5): warning MSB3277:             C:\Users\ultra\.nuget\packages\mysql.data\8.4.0\lib\net8.0\MySql.Data.dll [C:\Users\ultra\warewolf\Dev\Warewolf.Studio.CustomControls\Warewolf.Studio.CustomControls.csproj]
C:\Program Files\dotnet\sdk\10.0.201\Microsoft.Common.CurrentVersion.targets(2451,5): warning MSB3277:             C:\Users\ultra\warewolf\Dev\Dev2.Activities\bin\Debug\net8.0\Dev2.Activities.dll [C:\Users\ultra\warewolf\Dev\Warewolf.Studio.CustomControls\Warewolf.Studio.CustomControls.csproj]
C:\Program Files\dotnet\sdk\10.0.201\Microsoft.Common.CurrentVersion.targets(2451,5): warning MSB3277:             C:\Users\ultra\warewolf\Dev\Dev2.Studio.Core\bin\Debug\net8.0\Dev2.Studio.Core.dll [C:\Users\ultra\warewolf\Dev\Warewolf.Studio.CustomControls\Warewolf.Studio.CustomControls.csproj]
C:\Program Files\dotnet\sdk\10.0.201\Microsoft.Common.CurrentVersion.targets(2451,5): warning MSB3277:             C:\Users\ultra\warewolf\Dev\Dev2.Intellisense\bin\Debug\net8.0\Dev2.Intellisense.dll [C:\Users\ultra\warewolf\Dev\Warewolf.Studio.CustomControls\Warewolf.Studio.CustomControls.csproj]
C:\Program Files\dotnet\sdk\10.0.201\Microsoft.Common.CurrentVersion.targets(2451,5): warning MSB3277:             C:\Users\ultra\warewolf\Dev\Dev2.Runtime.Services\bin\Debug\net8.0\Dev2.Runtime.Services.dll [C:\Users\ultra\warewolf\Dev\Warewolf.Studio.CustomControls\Warewolf.Studio.CustomControls.csproj]
C:\Program Files\dotnet\sdk\10.0.201\Microsoft.Common.CurrentVersion.targets(2451,5): warning MSB3277:             C:\Users\ultra\warewolf\Dev\Dev2.Studio.Interfaces\bin\Debug\net8.0\Dev2.Studio.Interfaces.dll [C:\Users\ultra\warewolf\Dev\Warewolf.Studio.CustomControls\Warewolf.Studio.CustomControls.csproj]
C:\Program Files\dotnet\sdk\10.0.201\Microsoft.Common.CurrentVersion.targets(2451,5): warning MSB3277:             C:\Users\ultra\warewolf\Dev\Dev2.Services.Execution\bin\Debug\net8.0\Dev2.Services.Execution.dll [C:\Users\ultra\warewolf\Dev\Warewolf.Studio.CustomControls\Warewolf.Studio.CustomControls.csproj]
C:\Program Files\dotnet\sdk\10.0.201\Microsoft.Common.CurrentVersion.targets(2451,5): warning MSB3277:             C:\Users\ultra\warewolf\Dev\Dev2.Services.Sql\bin\Debug\net8.0\Dev2.Services.Sql.dll [C:\Users\ultra\warewolf\Dev\Warewolf.Studio.CustomControls\Warewolf.Studio.CustomControls.csproj]
C:\Program Files\dotnet\sdk\10.0.201\Microsoft.Common.CurrentVersion.targets(2451,5): warning MSB3277:             C:\Users\ultra\warewolf\Dev\Warewolf.Driver.Persistence\bin\Debug\net8.0\Warewolf.Driver.Persistence.dll [C:\Users\ultra\warewolf\Dev\Warewolf.Studio.CustomControls\Warewolf.Studio.CustomControls.csproj]
C:\Program Files\dotnet\sdk\10.0.201\Microsoft.Common.CurrentVersion.targets(2451,5): warning MSB3277:             C:\Users\ultra\warewolf\Dev\Warewolf.Studio.Core\bin\Debug\net8.0\Warewolf.Studio.Core.dll [C:\Users\ultra\warewolf\Dev\Warewolf.Studio.CustomControls\Warewolf.Studio.CustomControls.csproj]
C:\Program Files\dotnet\sdk\10.0.201\Microsoft.Common.CurrentVersion.targets(2451,5): warning MSB3277:         C:\Users\ultra\.nuget\packages\oracle.manageddataaccess.core\3.21.70\lib\netstandard2.1\Oracle.ManagedDataAccess.dll [C:\Users\ultra\warewolf\Dev\Warewolf.Studio.CustomControls\Warewolf.Studio.CustomControls.csproj]
C:\Program Files\dotnet\sdk\10.0.201\Microsoft.Common.CurrentVersion.targets(2451,5): warning MSB3277:           Project file item includes which caused reference "C:\Users\ultra\.nuget\packages\oracle.manageddataaccess.core\3.21.70\lib\netstandard2.1\Oracle.ManagedDataAccess.dll". [C:\Users\ultra\warewolf\Dev\Warewolf.Studio.CustomControls\Warewolf.Studio.CustomControls.csproj]
C:\Program Files\dotnet\sdk\10.0.201\Microsoft.Common.CurrentVersion.targets(2451,5): warning MSB3277:             C:\Users\ultra\.nuget\packages\oracle.manageddataaccess.core\3.21.70\lib\netstandard2.1\Oracle.ManagedDataAccess.dll [C:\Users\ultra\warewolf\Dev\Warewolf.Studio.CustomControls\Warewolf.Studio.CustomControls.csproj]
C:\Program Files\dotnet\sdk\10.0.201\Microsoft.Common.CurrentVersion.targets(2451,5): warning MSB3277:             C:\Users\ultra\warewolf\Dev\Dev2.Runtime.Services\bin\Debug\net8.0\Dev2.Runtime.Services.dll [C:\Users\ultra\warewolf\Dev\Warewolf.Studio.CustomControls\Warewolf.Studio.CustomControls.csproj]
C:\Program Files\dotnet\sdk\10.0.201\Microsoft.Common.CurrentVersion.targets(2451,5): warning MSB3277:             C:\Users\ultra\warewolf\Dev\Dev2.Studio.Core\bin\Debug\net8.0\Dev2.Studio.Core.dll [C:\Users\ultra\warewolf\Dev\Warewolf.Studio.CustomControls\Warewolf.Studio.CustomControls.csproj]
C:\Program Files\dotnet\sdk\10.0.201\Microsoft.Common.CurrentVersion.targets(2451,5): warning MSB3277:             C:\Users\ultra\warewolf\Dev\Dev2.Intellisense\bin\Debug\net8.0\Dev2.Intellisense.dll [C:\Users\ultra\warewolf\Dev\Warewolf.Studio.CustomControls\Warewolf.Studio.CustomControls.csproj]
C:\Program Files\dotnet\sdk\10.0.201\Microsoft.Common.CurrentVersion.targets(2451,5): warning MSB3277:             C:\Users\ultra\warewolf\Dev\Dev2.Studio.Interfaces\bin\Debug\net8.0\Dev2.Studio.Interfaces.dll [C:\Users\ultra\warewolf\Dev\Warewolf.Studio.CustomControls\Warewolf.Studio.CustomControls.csproj]
C:\Program Files\dotnet\sdk\10.0.201\Microsoft.Common.CurrentVersion.targets(2451,5): warning MSB3277:             C:\Users\ultra\warewolf\Dev\Dev2.Activities\bin\Debug\net8.0\Dev2.Activities.dll [C:\Users\ultra\warewolf\Dev\Warewolf.Studio.CustomControls\Warewolf.Studio.CustomControls.csproj]
C:\Program Files\dotnet\sdk\10.0.201\Microsoft.Common.CurrentVersion.targets(2451,5): warning MSB3277:             C:\Users\ultra\warewolf\Dev\Dev2.Services.Execution\bin\Debug\net8.0\Dev2.Services.Execution.dll [C:\Users\ultra\warewolf\Dev\Warewolf.Studio.CustomControls\Warewolf.Studio.CustomControls.csproj]
C:\Program Files\dotnet\sdk\10.0.201\Microsoft.Common.CurrentVersion.targets(2451,5): warning MSB3277:             C:\Users\ultra\warewolf\Dev\Dev2.Services.Sql\bin\Debug\net8.0\Dev2.Services.Sql.dll [C:\Users\ultra\warewolf\Dev\Warewolf.Studio.CustomControls\Warewolf.Studio.CustomControls.csproj]
C:\Program Files\dotnet\sdk\10.0.201\Microsoft.Common.CurrentVersion.targets(2451,5): warning MSB3277:             C:\Users\ultra\warewolf\Dev\Warewolf.Driver.Persistence\bin\Debug\net8.0\Warewolf.Driver.Persistence.dll [C:\Users\ultra\warewolf\Dev\Warewolf.Studio.CustomControls\Warewolf.Studio.CustomControls.csproj]
C:\Program Files\dotnet\sdk\10.0.201\Microsoft.Common.CurrentVersion.targets(2451,5): warning MSB3277:             C:\Users\ultra\warewolf\Dev\Warewolf.Studio.Core\bin\Debug\net8.0\Warewolf.Studio.Core.dll [C:\Users\ultra\warewolf\Dev\Warewolf.Studio.CustomControls\Warewolf.Studio.CustomControls.csproj]
C:\Program Files\dotnet\sdk\10.0.201\Microsoft.Common.CurrentVersion.targets(2451,5): warning MSB3277:         C:\Users\ultra\.nuget\packages\system.directoryservices\6.0.0\lib\net6.0\System.DirectoryServices.dll [C:\Users\ultra\warewolf\Dev\Warewolf.Studio.CustomControls\Warewolf.Studio.CustomControls.csproj]
C:\Program Files\dotnet\sdk\10.0.201\Microsoft.Common.CurrentVersion.targets(2451,5): warning MSB3277:           Project file item includes which caused reference "C:\Users\ultra\.nuget\packages\system.directoryservices\6.0.0\lib\net6.0\System.DirectoryServices.dll". [C:\Users\ultra\warewolf\Dev\Warewolf.Studio.CustomControls\Warewolf.Studio.CustomControls.csproj]
C:\Program Files\dotnet\sdk\10.0.201\Microsoft.Common.CurrentVersion.targets(2451,5): warning MSB3277:             C:\Users\ultra\.nuget\packages\system.directoryservices\6.0.0\lib\net6.0\System.DirectoryServices.dll [C:\Users\ultra\warewolf\Dev\Warewolf.Studio.CustomControls\Warewolf.Studio.CustomControls.csproj]
C:\Program Files\dotnet\sdk\10.0.201\Microsoft.Common.CurrentVersion.targets(2451,5): warning MSB3277:             C:\Users\ultra\.nuget\packages\corewcf.primitives\1.2.1\lib\netstandard2.0\CoreWCF.Primitives.dll [C:\Users\ultra\warewolf\Dev\Warewolf.Studio.CustomControls\Warewolf.Studio.CustomControls.csproj]
C:\Program Files\dotnet\sdk\10.0.201\Microsoft.Common.CurrentVersion.targets(2451,5): warning MSB3277:             C:\Users\ultra\warewolf\Dev\Dev2.Runtime.Services\bin\Debug\net8.0\Dev2.Runtime.Services.dll [C:\Users\ultra\warewolf\Dev\Warewolf.Studio.CustomControls\Warewolf.Studio.CustomControls.csproj]
C:\Program Files\dotnet\sdk\10.0.201\Microsoft.Common.CurrentVersion.targets(2451,5): warning MSB3277:             C:\Users\ultra\warewolf\Dev\Dev2.Studio.Core\bin\Debug\net8.0\Dev2.Studio.Core.dll [C:\Users\ultra\warewolf\Dev\Warewolf.Studio.CustomControls\Warewolf.Studio.CustomControls.csproj]
C:\Program Files\dotnet\sdk\10.0.201\Microsoft.Common.CurrentVersion.targets(2451,5): warning MSB3277:             C:\Users\ultra\warewolf\Dev\Dev2.Intellisense\bin\Debug\net8.0\Dev2.Intellisense.dll [C:\Users\ultra\warewolf\Dev\Warewolf.Studio.CustomControls\Warewolf.Studio.CustomControls.csproj]
C:\Program Files\dotnet\sdk\10.0.201\Microsoft.Common.CurrentVersion.targets(2451,5): warning MSB3277:             C:\Users\ultra\warewolf\Dev\Dev2.Studio.Interfaces\bin\Debug\net8.0\Dev2.Studio.Interfaces.dll [C:\Users\ultra\warewolf\Dev\Warewolf.Studio.CustomControls\Warewolf.Studio.CustomControls.csproj]
C:\Program Files\dotnet\sdk\10.0.201\Microsoft.Common.CurrentVersion.targets(2451,5): warning MSB3277:             C:\Users\ultra\warewolf\Dev\Dev2.Activities\bin\Debug\net8.0\Dev2.Activities.dll [C:\Users\ultra\warewolf\Dev\Warewolf.Studio.CustomControls\Warewolf.Studio.CustomControls.csproj]
C:\Program Files\dotnet\sdk\10.0.201\Microsoft.Common.CurrentVersion.targets(2451,5): warning MSB3277:             C:\Users\ultra\warewolf\Dev\Dev2.Services.Execution\bin\Debug\net8.0\Dev2.Services.Execution.dll [C:\Users\ultra\warewolf\Dev\Warewolf.Studio.CustomControls\Warewolf.Studio.CustomControls.csproj]
C:\Program Files\dotnet\sdk\10.0.201\Microsoft.Common.CurrentVersion.targets(2451,5): warning MSB3277:             C:\Users\ultra\warewolf\Dev\Warewolf.Driver.Persistence\bin\Debug\net8.0\Warewolf.Driver.Persistence.dll [C:\Users\ultra\warewolf\Dev\Warewolf.Studio.CustomControls\Warewolf.Studio.CustomControls.csproj]
C:\Program Files\dotnet\sdk\10.0.201\Microsoft.Common.CurrentVersion.targets(2451,5): warning MSB3277:             C:\Users\ultra\warewolf\Dev\Warewolf.Studio.Core\bin\Debug\net8.0\Warewolf.Studio.Core.dll [C:\Users\ultra\warewolf\Dev\Warewolf.Studio.CustomControls\Warewolf.Studio.CustomControls.csproj]
C:\Program Files\dotnet\sdk\10.0.201\Microsoft.Common.CurrentVersion.targets(2451,5): warning MSB3277:             C:\Users\ultra\.nuget\packages\corewcf.http\1.2.1\lib\netstandard2.0\CoreWCF.Http.dll [C:\Users\ultra\warewolf\Dev\Warewolf.Studio.CustomControls\Warewolf.Studio.CustomControls.csproj]
C:\Program Files\dotnet\sdk\10.0.201\Microsoft.Common.CurrentVersion.targets(2451,5): warning MSB3277:             C:\Users\ultra\.nuget\packages\corewcf.nettcp\1.2.1\lib\netstandard2.0\CoreWCF.NetTcp.dll [C:\Users\ultra\warewolf\Dev\Warewolf.Studio.CustomControls\Warewolf.Studio.CustomControls.csproj]
C:\Program Files\dotnet\sdk\10.0.201\Microsoft.Common.CurrentVersion.targets(2451,5): warning MSB3277:             C:\Users\ultra\.nuget\packages\corewcf.webhttp\1.2.1\lib\netstandard2.0\CoreWCF.WebHttp.dll [C:\Users\ultra\warewolf\Dev\Warewolf.Studio.CustomControls\Warewolf.Studio.CustomControls.csproj]
C:\Program Files\dotnet\sdk\10.0.201\Microsoft.Common.CurrentVersion.targets(2451,5): warning MSB3277:         C:\Program Files\dotnet\packs\Microsoft.NETCore.App.Ref\8.0.25\ref\net8.0\System.Configuration.dll [C:\Users\ultra\warewolf\Dev\Warewolf.Studio.CustomControls\Warewolf.Studio.CustomControls.csproj]
C:\Program Files\dotnet\sdk\10.0.201\Microsoft.Common.CurrentVersion.targets(2451,5): warning MSB3277:           Project file item includes which caused reference "C:\Program Files\dotnet\packs\Microsoft.NETCore.App.Ref\8.0.25\ref\net8.0\System.Configuration.dll". [C:\Users\ultra\warewolf\Dev\Warewolf.Studio.CustomControls\Warewolf.Studio.CustomControls.csproj]
C:\Program Files\dotnet\sdk\10.0.201\Microsoft.Common.CurrentVersion.targets(2451,5): warning MSB3277:             C:\Program Files\dotnet\packs\Microsoft.NETCore.App.Ref\8.0.25\ref/net8.0/System.Configuration.dll [C:\Users\ultra\warewolf\Dev\Warewolf.Studio.CustomControls\Warewolf.Studio.CustomControls.csproj]
C:\Program Files\dotnet\sdk\10.0.201\Microsoft.Common.CurrentVersion.targets(2451,5): warning MSB3277:             C:\Users\ultra\.nuget\packages\prism.wpf\9.0.537\lib\net462\Prism.Wpf.dll [C:\Users\ultra\warewolf\Dev\Warewolf.Studio.CustomControls\Warewolf.Studio.CustomControls.csproj]
C:\Program Files\dotnet\sdk\10.0.201\Microsoft.Common.CurrentVersion.targets(2451,5): warning MSB3277:         C:\Program Files\dotnet\packs\Microsoft.NETCore.App.Ref\8.0.25\ref\net8.0\System.Data.dll [C:\Users\ultra\warewolf\Dev\Warewolf.Studio.CustomControls\Warewolf.Studio.CustomControls.csproj]
C:\Program Files\dotnet\sdk\10.0.201\Microsoft.Common.CurrentVersion.targets(2451,5): warning MSB3277:           Project file item includes which caused reference "C:\Program Files\dotnet\packs\Microsoft.NETCore.App.Ref\8.0.25\ref\net8.0\System.Data.dll". [C:\Users\ultra\warewolf\Dev\Warewolf.Studio.CustomControls\Warewolf.Studio.CustomControls.csproj]
C:\Program Files\dotnet\sdk\10.0.201\Microsoft.Common.CurrentVersion.targets(2451,5): warning MSB3277:             C:\Program Files\dotnet\packs\Microsoft.NETCore.App.Ref\8.0.25\ref/net8.0/System.Data.dll [C:\Users\ultra\warewolf\Dev\Warewolf.Studio.CustomControls\Warewolf.Studio.CustomControls.csproj]
C:\Program Files\dotnet\sdk\10.0.201\Microsoft.Common.CurrentVersion.targets(2451,5): warning MSB3277:             C:\Users\ultra\.nuget\packages\taskschedulereditor\2.10.1\lib\net452\Microsoft.Win32.TaskSchedulerEditor.dll [C:\Users\ultra\warewolf\Dev\Warewolf.Studio.CustomControls\Warewolf.Studio.CustomControls.csproj]
C:\Program Files\dotnet\sdk\10.0.201\Microsoft.Common.CurrentVersion.targets(2451,5): warning MSB3277:         C:\Program Files\dotnet\packs\Microsoft.NETCore.App.Ref\8.0.25\ref\net8.0\System.Drawing.dll [C:\Users\ultra\warewolf\Dev\Warewolf.Studio.CustomControls\Warewolf.Studio.CustomControls.csproj]
C:\Program Files\dotnet\sdk\10.0.201\Microsoft.Common.CurrentVersion.targets(2451,5): warning MSB3277:           Project file item includes which caused reference "C:\Program Files\dotnet\packs\Microsoft.NETCore.App.Ref\8.0.25\ref\net8.0\System.Drawing.dll". [C:\Users\ultra\warewolf\Dev\Warewolf.Studio.CustomControls\Warewolf.Studio.CustomControls.csproj]
C:\Program Files\dotnet\sdk\10.0.201\Microsoft.Common.CurrentVersion.targets(2451,5): warning MSB3277:             C:\Program Files\dotnet\packs\Microsoft.NETCore.App.Ref\8.0.25\ref/net8.0/System.Drawing.dll [C:\Users\ultra\warewolf\Dev\Warewolf.Studio.CustomControls\Warewolf.Studio.CustomControls.csproj]
C:\Program Files\dotnet\sdk\10.0.201\Microsoft.Common.CurrentVersion.targets(2451,5): warning MSB3277:             C:\Users\ultra\.nuget\packages\aerowizard\2.3.1\lib\net45\AeroWizard.dll [C:\Users\ultra\warewolf\Dev\Warewolf.Studio.CustomControls\Warewolf.Studio.CustomControls.csproj]
C:\Program Files\dotnet\sdk\10.0.201\Microsoft.Common.CurrentVersion.targets(2451,5): warning MSB3277:             C:\Users\ultra\.nuget\packages\groupcontrols\1.9.0\lib\net45\GroupControls.dll [C:\Users\ultra\warewolf\Dev\Warewolf.Studio.CustomControls\Warewolf.Studio.CustomControls.csproj]
C:\Program Files\dotnet\sdk\10.0.201\Microsoft.Common.CurrentVersion.targets(2451,5): warning MSB3277:             C:\Users\ultra\.nuget\packages\taskschedulereditor\2.10.1\lib\net452\Microsoft.Win32.TaskSchedulerEditor.dll [C:\Users\ultra\warewolf\Dev\Warewolf.Studio.CustomControls\Warewolf.Studio.CustomControls.csproj]
C:\Program Files\dotnet\sdk\10.0.201\Microsoft.Common.CurrentVersion.targets(2451,5): warning MSB3277:         C:\Program Files\dotnet\packs\Microsoft.NETCore.App.Ref\8.0.25\ref\net8.0\System.Net.dll [C:\Users\ultra\warewolf\Dev\Warewolf.Studio.CustomControls\Warewolf.Studio.CustomControls.csproj]
C:\Program Files\dotnet\sdk\10.0.201\Microsoft.Common.CurrentVersion.targets(2451,5): warning MSB3277:           Project file item includes which caused reference "C:\Program Files\dotnet\packs\Microsoft.NETCore.App.Ref\8.0.25\ref\net8.0\System.Net.dll". [C:\Users\ultra\warewolf\Dev\Warewolf.Studio.CustomControls\Warewolf.Studio.CustomControls.csproj]
C:\Program Files\dotnet\sdk\10.0.201\Microsoft.Common.CurrentVersion.targets(2451,5): warning MSB3277:             C:\Program Files\dotnet\packs\Microsoft.NETCore.App.Ref\8.0.25\ref/net8.0/System.Net.dll [C:\Users\ultra\warewolf\Dev\Warewolf.Studio.CustomControls\Warewolf.Studio.CustomControls.csproj]
C:\Program Files\dotnet\sdk\10.0.201\Microsoft.Common.CurrentVersion.targets(2451,5): warning MSB3277:         C:\Program Files\dotnet\packs\Microsoft.NETCore.App.Ref\8.0.25\ref\net8.0\System.Security.dll [C:\Users\ultra\warewolf\Dev\Warewolf.Studio.CustomControls\Warewolf.Studio.CustomControls.csproj]
C:\Program Files\dotnet\sdk\10.0.201\Microsoft.Common.CurrentVersion.targets(2451,5): warning MSB3277:           Project file item includes which caused reference "C:\Program Files\dotnet\packs\Microsoft.NETCore.App.Ref\8.0.25\ref\net8.0\System.Security.dll". [C:\Users\ultra\warewolf\Dev\Warewolf.Studio.CustomControls\Warewolf.Studio.CustomControls.csproj]
C:\Program Files\dotnet\sdk\10.0.201\Microsoft.Common.CurrentVersion.targets(2451,5): warning MSB3277:             C:\Program Files\dotnet\packs\Microsoft.NETCore.App.Ref\8.0.25\ref/net8.0/System.Security.dll [C:\Users\ultra\warewolf\Dev\Warewolf.Studio.CustomControls\Warewolf.Studio.CustomControls.csproj]
C:\Program Files\dotnet\sdk\10.0.201\Microsoft.Common.CurrentVersion.targets(2451,5): warning MSB3277:         C:\Program Files\dotnet\packs\Microsoft.NETCore.App.Ref\8.0.25\ref\net8.0\System.ServiceProcess.dll [C:\Users\ultra\warewolf\Dev\Warewolf.Studio.CustomControls\Warewolf.Studio.CustomControls.csproj]
C:\Program Files\dotnet\sdk\10.0.201\Microsoft.Common.CurrentVersion.targets(2451,5): warning MSB3277:           Project file item includes which caused reference "C:\Program Files\dotnet\packs\Microsoft.NETCore.App.Ref\8.0.25\ref\net8.0\System.ServiceProcess.dll". [C:\Users\ultra\warewolf\Dev\Warewolf.Studio.CustomControls\Warewolf.Studio.CustomControls.csproj]
C:\Program Files\dotnet\sdk\10.0.201\Microsoft.Common.CurrentVersion.targets(2451,5): warning MSB3277:             C:\Program Files\dotnet\packs\Microsoft.NETCore.App.Ref\8.0.25\ref/net8.0/System.ServiceProcess.dll [C:\Users\ultra\warewolf\Dev\Warewolf.Studio.CustomControls\Warewolf.Studio.CustomControls.csproj]
C:\Program Files\dotnet\sdk\10.0.201\Microsoft.Common.CurrentVersion.targets(2451,5): warning MSB3277:         C:\Program Files\dotnet\packs\Microsoft.NETCore.App.Ref\8.0.25\ref\net8.0\System.Transactions.dll [C:\Users\ultra\warewolf\Dev\Warewolf.Studio.CustomControls\Warewolf.Studio.CustomControls.csproj]
C:\Program Files\dotnet\sdk\10.0.201\Microsoft.Common.CurrentVersion.targets(2451,5): warning MSB3277:           Project file item includes which caused reference "C:\Program Files\dotnet\packs\Microsoft.NETCore.App.Ref\8.0.25\ref\net8.0\System.Transactions.dll". [C:\Users\ultra\warewolf\Dev\Warewolf.Studio.CustomControls\Warewolf.Studio.CustomControls.csproj]
C:\Program Files\dotnet\sdk\10.0.201\Microsoft.Common.CurrentVersion.targets(2451,5): warning MSB3277:             C:\Program Files\dotnet\packs\Microsoft.NETCore.App.Ref\8.0.25\ref/net8.0/System.Transactions.dll [C:\Users\ultra\warewolf\Dev\Warewolf.Studio.CustomControls\Warewolf.Studio.CustomControls.csproj]
C:\Program Files\dotnet\sdk\10.0.201\Microsoft.Common.CurrentVersion.targets(2451,5): warning MSB3277:         C:\Program Files\dotnet\packs\Microsoft.NETCore.App.Ref\8.0.25\ref\net8.0\System.dll [C:\Users\ultra\warewolf\Dev\Warewolf.Studio.CustomControls\Warewolf.Studio.CustomControls.csproj]
C:\Program Files\dotnet\sdk\10.0.201\Microsoft.Common.CurrentVersion.targets(2451,5): warning MSB3277:           Project file item includes which caused reference "C:\Program Files\dotnet\packs\Microsoft.NETCore.App.Ref\8.0.25\ref\net8.0\System.dll". [C:\Users\ultra\warewolf\Dev\Warewolf.Studio.CustomControls\Warewolf.Studio.CustomControls.csproj]
C:\Program Files\dotnet\sdk\10.0.201\Microsoft.Common.CurrentVersion.targets(2451,5): warning MSB3277:             C:\Program Files\dotnet\packs\Microsoft.NETCore.App.Ref\8.0.25\ref/net8.0/System.dll [C:\Users\ultra\warewolf\Dev\Warewolf.Studio.CustomControls\Warewolf.Studio.CustomControls.csproj]
C:\Program Files\dotnet\sdk\10.0.201\Microsoft.Common.CurrentVersion.targets(2451,5): warning MSB3277:             C:\Users\ultra\.nuget\packages\aerowizard\2.3.1\lib\net45\AeroWizard.dll [C:\Users\ultra\warewolf\Dev\Warewolf.Studio.CustomControls\Warewolf.Studio.CustomControls.csproj]
C:\Program Files\dotnet\sdk\10.0.201\Microsoft.Common.CurrentVersion.targets(2451,5): warning MSB3277:             C:\Users\ultra\.nuget\packages\groupcontrols\1.9.0\lib\net45\GroupControls.dll [C:\Users\ultra\warewolf\Dev\Warewolf.Studio.CustomControls\Warewolf.Studio.CustomControls.csproj]
C:\Program Files\dotnet\sdk\10.0.201\Microsoft.Common.CurrentVersion.targets(2451,5): warning MSB3277:             C:\Users\ultra\.nuget\packages\microsoft.xaml.behaviors.wpf\1.1.122\lib\net462\Microsoft.Xaml.Behaviors.dll [C:\Users\ultra\warewolf\Dev\Warewolf.Studio.CustomControls\Warewolf.Studio.CustomControls.csproj]
C:\Program Files\dotnet\sdk\10.0.201\Microsoft.Common.CurrentVersion.targets(2451,5): warning MSB3277:             C:\Users\ultra\.nuget\packages\caliburn.micro\4.0.212\lib\netcoreapp3.1\Caliburn.Micro.Platform.dll [C:\Users\ultra\warewolf\Dev\Warewolf.Studio.CustomControls\Warewolf.Studio.CustomControls.csproj]
C:\Program Files\dotnet\sdk\10.0.201\Microsoft.Common.CurrentVersion.targets(2451,5): warning MSB3277:             C:\Users\ultra\.nuget\packages\prism.wpf\9.0.537\lib\net462\Prism.Wpf.dll [C:\Users\ultra\warewolf\Dev\Warewolf.Studio.CustomControls\Warewolf.Studio.CustomControls.csproj]
C:\Program Files\dotnet\sdk\10.0.201\Microsoft.Common.CurrentVersion.targets(2451,5): warning MSB3277:             C:\Users\ultra\.nuget\packages\reactiveui.wpf\18.4.1\lib\net462\ReactiveUI.Wpf.dll [C:\Users\ultra\warewolf\Dev\Warewolf.Studio.CustomControls\Warewolf.Studio.CustomControls.csproj]
C:\Program Files\dotnet\sdk\10.0.201\Microsoft.Common.CurrentVersion.targets(2451,5): warning MSB3277:             C:\Users\ultra\.nuget\packages\taskschedulereditor\2.10.1\lib\net452\Microsoft.Win32.TaskSchedulerEditor.dll [C:\Users\ultra\warewolf\Dev\Warewolf.Studio.CustomControls\Warewolf.Studio.CustomControls.csproj]
C:\Program Files\dotnet\sdk\10.0.201\Microsoft.Common.CurrentVersion.targets(2451,5): warning MSB3277:             C:\Users\ultra\.nuget\packages\ttcue.netcore.sharepointonline.csom.16.1.8029.1200\16.1.8029.1200\lib\netcoreapp2.0\Microsoft.SharePoint.Client.Runtime.Windows.dll [C:\Users\ultra\warewolf\Dev\Warewolf.Studio.CustomControls\Warewolf.Studio.CustomControls.csproj]
C:\Program Files\dotnet\sdk\10.0.201\Microsoft.Common.CurrentVersion.targets(2451,5): warning MSB3277:         C:\Program Files\dotnet\packs\Microsoft.NETCore.App.Ref\8.0.25\ref\net8.0\WindowsBase.dll [C:\Users\ultra\warewolf\Dev\Warewolf.Studio.CustomControls\Warewolf.Studio.CustomControls.csproj]
C:\Program Files\dotnet\sdk\10.0.201\Microsoft.Common.CurrentVersion.targets(2451,5): warning MSB3277:           Project file item includes which caused reference "C:\Program Files\dotnet\packs\Microsoft.NETCore.App.Ref\8.0.25\ref\net8.0\WindowsBase.dll". [C:\Users\ultra\warewolf\Dev\Warewolf.Studio.CustomControls\Warewolf.Studio.CustomControls.csproj]
C:\Program Files\dotnet\sdk\10.0.201\Microsoft.Common.CurrentVersion.targets(2451,5): warning MSB3277:             C:\Program Files\dotnet\packs\Microsoft.NETCore.App.Ref\8.0.25\ref/net8.0/WindowsBase.dll [C:\Users\ultra\warewolf\Dev\Warewolf.Studio.CustomControls\Warewolf.Studio.CustomControls.csproj]
C:\Program Files\dotnet\sdk\10.0.201\Microsoft.Common.CurrentVersion.targets(2451,5): warning MSB3277:         C:\Program Files\dotnet\packs\Microsoft.NETCore.App.Ref\8.0.25\ref\net8.0\mscorlib.dll [C:\Users\ultra\warewolf\Dev\Warewolf.Studio.CustomControls\Warewolf.Studio.CustomControls.csproj]
C:\Program Files\dotnet\sdk\10.0.201\Microsoft.Common.CurrentVersion.targets(2451,5): warning MSB3277:           Project file item includes which caused reference "C:\Program Files\dotnet\packs\Microsoft.NETCore.App.Ref\8.0.25\ref\net8.0\mscorlib.dll". [C:\Users\ultra\warewolf\Dev\Warewolf.Studio.CustomControls\Warewolf.Studio.CustomControls.csproj]
C:\Program Files\dotnet\sdk\10.0.201\Microsoft.Common.CurrentVersion.targets(2451,5): warning MSB3277:             C:\Program Files\dotnet\packs\Microsoft.NETCore.App.Ref\8.0.25\ref/net8.0/mscorlib.dll [C:\Users\ultra\warewolf\Dev\Warewolf.Studio.CustomControls\Warewolf.Studio.CustomControls.csproj]
C:\Program Files\dotnet\sdk\10.0.201\Microsoft.Common.CurrentVersion.targets(2451,5): warning MSB3277:             C:\Users\ultra\.nuget\packages\aerowizard\2.3.1\lib\net45\AeroWizard.dll [C:\Users\ultra\warewolf\Dev\Warewolf.Studio.CustomControls\Warewolf.Studio.CustomControls.csproj]
C:\Program Files\dotnet\sdk\10.0.201\Microsoft.Common.CurrentVersion.targets(2451,5): warning MSB3277:             C:\Users\ultra\.nuget\packages\groupcontrols\1.9.0\lib\net45\GroupControls.dll [C:\Users\ultra\warewolf\Dev\Warewolf.Studio.CustomControls\Warewolf.Studio.CustomControls.csproj]
C:\Program Files\dotnet\sdk\10.0.201\Microsoft.Common.CurrentVersion.targets(2451,5): warning MSB3277:             C:\Users\ultra\.nuget\packages\hangfire.core\1.7.32\lib\netstandard2.0\Hangfire.Core.dll [C:\Users\ultra\warewolf\Dev\Warewolf.Studio.CustomControls\Warewolf.Studio.CustomControls.csproj]
C:\Program Files\dotnet\sdk\10.0.201\Microsoft.Common.CurrentVersion.targets(2451,5): warning MSB3277:             C:\Users\ultra\warewolf\Dev\Dev2.Activities\bin\Debug\net8.0\Dev2.Activities.dll [C:\Users\ultra\warewolf\Dev\Warewolf.Studio.CustomControls\Warewolf.Studio.CustomControls.csproj]
C:\Program Files\dotnet\sdk\10.0.201\Microsoft.Common.CurrentVersion.targets(2451,5): warning MSB3277:             C:\Users\ultra\warewolf\Dev\Dev2.Studio.Core\bin\Debug\net8.0\Dev2.Studio.Core.dll [C:\Users\ultra\warewolf\Dev\Warewolf.Studio.CustomControls\Warewolf.Studio.CustomControls.csproj]
C:\Program Files\dotnet\sdk\10.0.201\Microsoft.Common.CurrentVersion.targets(2451,5): warning MSB3277:             C:\Users\ultra\warewolf\Dev\Dev2.Intellisense\bin\Debug\net8.0\Dev2.Intellisense.dll [C:\Users\ultra\warewolf\Dev\Warewolf.Studio.CustomControls\Warewolf.Studio.CustomControls.csproj]
C:\Program Files\dotnet\sdk\10.0.201\Microsoft.Common.CurrentVersion.targets(2451,5): warning MSB3277:             C:\Users\ultra\warewolf\Dev\Warewolf.Driver.Persistence\bin\Debug\net8.0\Warewolf.Driver.Persistence.dll [C:\Users\ultra\warewolf\Dev\Warewolf.Studio.CustomControls\Warewolf.Studio.CustomControls.csproj]
C:\Program Files\dotnet\sdk\10.0.201\Microsoft.Common.CurrentVersion.targets(2451,5): warning MSB3277:             C:\Users\ultra\.nuget\packages\hangfire.sqlserver\1.7.32\lib\netstandard2.0\Hangfire.SqlServer.dll [C:\Users\ultra\warewolf\Dev\Warewolf.Studio.CustomControls\Warewolf.Studio.CustomControls.csproj]
C:\Program Files\dotnet\sdk\10.0.201\Microsoft.Common.CurrentVersion.targets(2451,5): warning MSB3277:             C:\Users\ultra\.nuget\packages\microsoft.xaml.behaviors.wpf\1.1.122\lib\net462\Microsoft.Xaml.Behaviors.dll [C:\Users\ultra\warewolf\Dev\Warewolf.Studio.CustomControls\Warewolf.Studio.CustomControls.csproj]
C:\Program Files\dotnet\sdk\10.0.201\Microsoft.Common.CurrentVersion.targets(2451,5): warning MSB3277:             C:\Users\ultra\.nuget\packages\caliburn.micro\4.0.212\lib\netcoreapp3.1\Caliburn.Micro.Platform.dll [C:\Users\ultra\warewolf\Dev\Warewolf.Studio.CustomControls\Warewolf.Studio.CustomControls.csproj]
C:\Program Files\dotnet\sdk\10.0.201\Microsoft.Common.CurrentVersion.targets(2451,5): warning MSB3277:             C:\Users\ultra\.nuget\packages\oracle.manageddataaccess.core\3.21.70\lib\netstandard2.1\Oracle.ManagedDataAccess.dll [C:\Users\ultra\warewolf\Dev\Warewolf.Studio.CustomControls\Warewolf.Studio.CustomControls.csproj]
C:\Program Files\dotnet\sdk\10.0.201\Microsoft.Common.CurrentVersion.targets(2451,5): warning MSB3277:             C:\Users\ultra\warewolf\Dev\Dev2.Runtime.Services\bin\Debug\net8.0\Dev2.Runtime.Services.dll [C:\Users\ultra\warewolf\Dev\Warewolf.Studio.CustomControls\Warewolf.Studio.CustomControls.csproj]
C:\Program Files\dotnet\sdk\10.0.201\Microsoft.Common.CurrentVersion.targets(2451,5): warning MSB3277:             C:\Users\ultra\warewolf\Dev\Dev2.Studio.Interfaces\bin\Debug\net8.0\Dev2.Studio.Interfaces.dll [C:\Users\ultra\warewolf\Dev\Warewolf.Studio.CustomControls\Warewolf.Studio.CustomControls.csproj]
C:\Program Files\dotnet\sdk\10.0.201\Microsoft.Common.CurrentVersion.targets(2451,5): warning MSB3277:             C:\Users\ultra\warewolf\Dev\Dev2.Services.Execution\bin\Debug\net8.0\Dev2.Services.Execution.dll [C:\Users\ultra\warewolf\Dev\Warewolf.Studio.CustomControls\Warewolf.Studio.CustomControls.csproj]
C:\Program Files\dotnet\sdk\10.0.201\Microsoft.Common.CurrentVersion.targets(2451,5): warning MSB3277:             C:\Users\ultra\warewolf\Dev\Dev2.Services.Sql\bin\Debug\net8.0\Dev2.Services.Sql.dll [C:\Users\ultra\warewolf\Dev\Warewolf.Studio.CustomControls\Warewolf.Studio.CustomControls.csproj]
C:\Program Files\dotnet\sdk\10.0.201\Microsoft.Common.CurrentVersion.targets(2451,5): warning MSB3277:             C:\Users\ultra\warewolf\Dev\Warewolf.Studio.Core\bin\Debug\net8.0\Warewolf.Studio.Core.dll [C:\Users\ultra\warewolf\Dev\Warewolf.Studio.CustomControls\Warewolf.Studio.CustomControls.csproj]
C:\Program Files\dotnet\sdk\10.0.201\Microsoft.Common.CurrentVersion.targets(2451,5): warning MSB3277:             C:\Users\ultra\.nuget\packages\prism.wpf\9.0.537\lib\net462\Prism.Wpf.dll [C:\Users\ultra\warewolf\Dev\Warewolf.Studio.CustomControls\Warewolf.Studio.CustomControls.csproj]
C:\Program Files\dotnet\sdk\10.0.201\Microsoft.Common.CurrentVersion.targets(2451,5): warning MSB3277:             C:\Users\ultra\.nuget\packages\reactiveui.wpf\18.4.1\lib\net462\ReactiveUI.Wpf.dll [C:\Users\ultra\warewolf\Dev\Warewolf.Studio.CustomControls\Warewolf.Studio.CustomControls.csproj]
C:\Program Files\dotnet\sdk\10.0.201\Microsoft.Common.CurrentVersion.targets(2451,5): warning MSB3277:             C:\Users\ultra\.nuget\packages\taskschedulereditor\2.10.1\lib\net452\Microsoft.Win32.TaskSchedulerEditor.dll [C:\Users\ultra\warewolf\Dev\Warewolf.Studio.CustomControls\Warewolf.Studio.CustomControls.csproj]
C:\Program Files\dotnet\sdk\10.0.201\Microsoft.Common.CurrentVersion.targets(2451,5): warning MSB3277:             C:\Users\ultra\.nuget\packages\ttcue.netcore.sharepointonline.csom.16.1.8029.1200\16.1.8029.1200\lib\netcoreapp2.0\Microsoft.SharePoint.Client.Runtime.Windows.dll [C:\Users\ultra\warewolf\Dev\Warewolf.Studio.CustomControls\Warewolf.Studio.CustomControls.csproj]
C:\Program Files\dotnet\sdk\10.0.201\Microsoft.Common.CurrentVersion.targets(2451,5): warning MSB3277:         C:\Users\ultra\warewolf\Dev\Dev2.Development.Languages\bin\Debug\net8.0\IronRuby.dll [C:\Users\ultra\warewolf\Dev\Warewolf.Studio.CustomControls\Warewolf.Studio.CustomControls.csproj]
C:\Program Files\dotnet\sdk\10.0.201\Microsoft.Common.CurrentVersion.targets(2451,5): warning MSB3277:           Project file item includes which caused reference "C:\Users\ultra\warewolf\Dev\Dev2.Development.Languages\bin\Debug\net8.0\IronRuby.dll". [C:\Users\ultra\warewolf\Dev\Warewolf.Studio.CustomControls\Warewolf.Studio.CustomControls.csproj]
C:\Program Files\dotnet\sdk\10.0.201\Microsoft.Common.CurrentVersion.targets(2451,5): warning MSB3277:             C:\Users\ultra\warewolf\Dev\Dev2.Development.Languages\bin\Debug\net8.0\Dev2.Development.Languages.dll [C:\Users\ultra\warewolf\Dev\Warewolf.Studio.CustomControls\Warewolf.Studio.CustomControls.csproj]
C:\Program Files\dotnet\sdk\10.0.201\Microsoft.Common.CurrentVersion.targets(2451,5): warning MSB3277:             C:\Users\ultra\warewolf\Dev\Dev2.Activities\bin\Debug\net8.0\Dev2.Activities.dll [C:\Users\ultra\warewolf\Dev\Warewolf.Studio.CustomControls\Warewolf.Studio.CustomControls.csproj]
C:\Program Files\dotnet\sdk\10.0.201\Microsoft.Common.CurrentVersion.targets(2451,5): warning MSB3277:             C:\Users\ultra\warewolf\Dev\Dev2.Studio.Core\bin\Debug\net8.0\Dev2.Studio.Core.dll [C:\Users\ultra\warewolf\Dev\Warewolf.Studio.CustomControls\Warewolf.Studio.CustomControls.csproj]
C:\Program Files\dotnet\sdk\10.0.201\Microsoft.Common.CurrentVersion.targets(2451,5): warning MSB3277:             C:\Users\ultra\warewolf\Dev\Dev2.Intellisense\bin\Debug\net8.0\Dev2.Intellisense.dll [C:\Users\ultra\warewolf\Dev\Warewolf.Studio.CustomControls\Warewolf.Studio.CustomControls.csproj]
C:\Program Files\dotnet\sdk\10.0.201\Microsoft.Common.CurrentVersion.targets(2451,5): warning MSB3277:         C:\Users\ultra\warewolf\Dev\Dev2.Development.Languages\bin\Debug\net8.0\IronRuby.Libraries.dll [C:\Users\ultra\warewolf\Dev\Warewolf.Studio.CustomControls\Warewolf.Studio.CustomControls.csproj]
C:\Program Files\dotnet\sdk\10.0.201\Microsoft.Common.CurrentVersion.targets(2451,5): warning MSB3277:           Project file item includes which caused reference "C:\Users\ultra\warewolf\Dev\Dev2.Development.Languages\bin\Debug\net8.0\IronRuby.Libraries.dll". [C:\Users\ultra\warewolf\Dev\Warewolf.Studio.CustomControls\Warewolf.Studio.CustomControls.csproj]
C:\Program Files\dotnet\sdk\10.0.201\Microsoft.Common.CurrentVersion.targets(2451,5): warning MSB3277:             C:\Users\ultra\warewolf\Dev\Dev2.Development.Languages\bin\Debug\net8.0\Dev2.Development.Languages.dll [C:\Users\ultra\warewolf\Dev\Warewolf.Studio.CustomControls\Warewolf.Studio.CustomControls.csproj]
C:\Program Files\dotnet\sdk\10.0.201\Microsoft.Common.CurrentVersion.targets(2451,5): warning MSB3277:             C:\Users\ultra\warewolf\Dev\Dev2.Activities\bin\Debug\net8.0\Dev2.Activities.dll [C:\Users\ultra\warewolf\Dev\Warewolf.Studio.CustomControls\Warewolf.Studio.CustomControls.csproj]
C:\Program Files\dotnet\sdk\10.0.201\Microsoft.Common.CurrentVersion.targets(2451,5): warning MSB3277:             C:\Users\ultra\warewolf\Dev\Dev2.Studio.Core\bin\Debug\net8.0\Dev2.Studio.Core.dll [C:\Users\ultra\warewolf\Dev\Warewolf.Studio.CustomControls\Warewolf.Studio.CustomControls.csproj]
C:\Program Files\dotnet\sdk\10.0.201\Microsoft.Common.CurrentVersion.targets(2451,5): warning MSB3277:             C:\Users\ultra\warewolf\Dev\Dev2.Intellisense\bin\Debug\net8.0\Dev2.Intellisense.dll [C:\Users\ultra\warewolf\Dev\Warewolf.Studio.CustomControls\Warewolf.Studio.CustomControls.csproj]
C:\Program Files\dotnet\sdk\10.0.201\Microsoft.Common.CurrentVersion.targets(2451,5): warning MSB3277: Found conflicts between different versions of "WindowsBase" that could not be resolved. [C:\Users\ultra\warewolf\Dev\Warewolf.Studio.CustomControls\Warewolf.Studio.CustomControls.csproj]
C:\Program Files\dotnet\sdk\10.0.201\Microsoft.Common.CurrentVersion.targets(2451,5): warning MSB3277: There was a conflict between "WindowsBase, Version=4.0.0.0, Culture=neutral, PublicKeyToken=31bf3856ad364e35" and "WindowsBase, Version=6.0.2.0, Culture=neutral, PublicKeyToken=31bf3856ad364e35". [C:\Users\ultra\warewolf\Dev\Warewolf.Studio.CustomControls\Warewolf.Studio.CustomControls.csproj]
C:\Program Files\dotnet\sdk\10.0.201\Microsoft.Common.CurrentVersion.targets(2451,5): warning MSB3277:     "WindowsBase, Version=4.0.0.0, Culture=neutral, PublicKeyToken=31bf3856ad364e35" was chosen because it was primary and "WindowsBase, Version=6.0.2.0, Culture=neutral, PublicKeyToken=31bf3856ad364e35" was not. [C:\Users\ultra\warewolf\Dev\Warewolf.Studio.CustomControls\Warewolf.Studio.CustomControls.csproj]
C:\Program Files\dotnet\sdk\10.0.201\Microsoft.Common.CurrentVersion.targets(2451,5): warning MSB3277:     References which depend on "WindowsBase, Version=4.0.0.0, Culture=neutral, PublicKeyToken=31bf3856ad364e35" [C:\Program Files\dotnet\packs\Microsoft.NETCore.App.Ref\8.0.25\ref\net8.0\WindowsBase.dll]. [C:\Users\ultra\warewolf\Dev\Warewolf.Studio.CustomControls\Warewolf.Studio.CustomControls.csproj]
C:\Program Files\dotnet\sdk\10.0.201\Microsoft.Common.CurrentVersion.targets(2451,5): warning MSB3277:         C:\Program Files\dotnet\packs\Microsoft.NETCore.App.Ref\8.0.25\ref\net8.0\WindowsBase.dll [C:\Users\ultra\warewolf\Dev\Warewolf.Studio.CustomControls\Warewolf.Studio.CustomControls.csproj]
C:\Program Files\dotnet\sdk\10.0.201\Microsoft.Common.CurrentVersion.targets(2451,5): warning MSB3277:           Project file item includes which caused reference "C:\Program Files\dotnet\packs\Microsoft.NETCore.App.Ref\8.0.25\ref\net8.0\WindowsBase.dll". [C:\Users\ultra\warewolf\Dev\Warewolf.Studio.CustomControls\Warewolf.Studio.CustomControls.csproj]
C:\Program Files\dotnet\sdk\10.0.201\Microsoft.Common.CurrentVersion.targets(2451,5): warning MSB3277:             C:\Program Files\dotnet\packs\Microsoft.NETCore.App.Ref\8.0.25\ref/net8.0/WindowsBase.dll [C:\Users\ultra\warewolf\Dev\Warewolf.Studio.CustomControls\Warewolf.Studio.CustomControls.csproj]
C:\Program Files\dotnet\sdk\10.0.201\Microsoft.Common.CurrentVersion.targets(2451,5): warning MSB3277:     References which depend on or have been unified to "WindowsBase, Version=6.0.2.0, Culture=neutral, PublicKeyToken=31bf3856ad364e35" []. [C:\Users\ultra\warewolf\Dev\Warewolf.Studio.CustomControls\Warewolf.Studio.CustomControls.csproj]
C:\Program Files\dotnet\sdk\10.0.201\Microsoft.Common.CurrentVersion.targets(2451,5): warning MSB3277:         C:\Users\ultra\warewolf\Dev\Binaries\Infragistcs_Net6\InfragisticsWPF4.Controls.Grids.XamGrid.v15.1.dll [C:\Users\ultra\warewolf\Dev\Warewolf.Studio.CustomControls\Warewolf.Studio.CustomControls.csproj]
C:\Program Files\dotnet\sdk\10.0.201\Microsoft.Common.CurrentVersion.targets(2451,5): warning MSB3277:           Project file item includes which caused reference "C:\Users\ultra\warewolf\Dev\Binaries\Infragistcs_Net6\InfragisticsWPF4.Controls.Grids.XamGrid.v15.1.dll". [C:\Users\ultra\warewolf\Dev\Warewolf.Studio.CustomControls\Warewolf.Studio.CustomControls.csproj]
C:\Program Files\dotnet\sdk\10.0.201\Microsoft.Common.CurrentVersion.targets(2451,5): warning MSB3277:             InfragisticsWPF4.Controls.Grids.XamGrid.v15.1 [C:\Users\ultra\warewolf\Dev\Warewolf.Studio.CustomControls\Warewolf.Studio.CustomControls.csproj]
C:\Program Files\dotnet\sdk\10.0.201\Microsoft.Common.CurrentVersion.targets(2451,5): warning MSB3277:         C:\Users\ultra\warewolf\Dev\Binaries\Infragistcs_Net6\InfragisticsWPF4.Controls.Menus.XamDataTree.v15.1.dll [C:\Users\ultra\warewolf\Dev\Warewolf.Studio.CustomControls\Warewolf.Studio.CustomControls.csproj]
C:\Program Files\dotnet\sdk\10.0.201\Microsoft.Common.CurrentVersion.targets(2451,5): warning MSB3277:           Project file item includes which caused reference "C:\Users\ultra\warewolf\Dev\Binaries\Infragistcs_Net6\InfragisticsWPF4.Controls.Menus.XamDataTree.v15.1.dll". [C:\Users\ultra\warewolf\Dev\Warewolf.Studio.CustomControls\Warewolf.Studio.CustomControls.csproj]
C:\Program Files\dotnet\sdk\10.0.201\Microsoft.Common.CurrentVersion.targets(2451,5): warning MSB3277:             InfragisticsWPF4.Controls.Menus.XamDataTree.v15.1, Version=15.1.20151.2055, Culture=neutral, PublicKeyToken=7dd5c3163f2cd0cb, processorArchitecture=MSIL [C:\Users\ultra\warewolf\Dev\Warewolf.Studio.CustomControls\Warewolf.Studio.CustomControls.csproj]
C:\Program Files\dotnet\sdk\10.0.201\Microsoft.Common.CurrentVersion.targets(2451,5): warning MSB3277:         C:\Users\ultra\warewolf\Dev\Binaries\Infragistcs_Net6\InfragisticsWPF4.DataManager.v15.1.dll [C:\Users\ultra\warewolf\Dev\Warewolf.Studio.CustomControls\Warewolf.Studio.CustomControls.csproj]
C:\Program Files\dotnet\sdk\10.0.201\Microsoft.Common.CurrentVersion.targets(2451,5): warning MSB3277:           Project file item includes which caused reference "C:\Users\ultra\warewolf\Dev\Binaries\Infragistcs_Net6\InfragisticsWPF4.DataManager.v15.1.dll". [C:\Users\ultra\warewolf\Dev\Warewolf.Studio.CustomControls\Warewolf.Studio.CustomControls.csproj]
C:\Program Files\dotnet\sdk\10.0.201\Microsoft.Common.CurrentVersion.targets(2451,5): warning MSB3277:             InfragisticsWPF4.DataManager.v15.1, Version=15.1.20151.2055, Culture=neutral, processorArchitecture=MSIL [C:\Users\ultra\warewolf\Dev\Warewolf.Studio.CustomControls\Warewolf.Studio.CustomControls.csproj]
C:\Program Files\dotnet\sdk\10.0.201\Microsoft.Common.CurrentVersion.targets(2451,5): warning MSB3277:             InfragisticsWPF4.Controls.Grids.XamGrid.v15.1 [C:\Users\ultra\warewolf\Dev\Warewolf.Studio.CustomControls\Warewolf.Studio.CustomControls.csproj]
C:\Program Files\dotnet\sdk\10.0.201\Microsoft.Common.CurrentVersion.targets(2451,5): warning MSB3277:             InfragisticsWPF4.Controls.Menus.XamDataTree.v15.1, Version=15.1.20151.2055, Culture=neutral, PublicKeyToken=7dd5c3163f2cd0cb, processorArchitecture=MSIL [C:\Users\ultra\warewolf\Dev\Warewolf.Studio.CustomControls\Warewolf.Studio.CustomControls.csproj]
C:\Program Files\dotnet\sdk\10.0.201\Microsoft.Common.CurrentVersion.targets(2451,5): warning MSB3277:         C:\Users\ultra\warewolf\Dev\Binaries\Infragistcs_Net6\InfragisticsWPF4.DataPresenter.v15.1.dll [C:\Users\ultra\warewolf\Dev\Warewolf.Studio.CustomControls\Warewolf.Studio.CustomControls.csproj]
C:\Program Files\dotnet\sdk\10.0.201\Microsoft.Common.CurrentVersion.targets(2451,5): warning MSB3277:           Project file item includes which caused reference "C:\Users\ultra\warewolf\Dev\Binaries\Infragistcs_Net6\InfragisticsWPF4.DataPresenter.v15.1.dll". [C:\Users\ultra\warewolf\Dev\Warewolf.Studio.CustomControls\Warewolf.Studio.CustomControls.csproj]
C:\Program Files\dotnet\sdk\10.0.201\Microsoft.Common.CurrentVersion.targets(2451,5): warning MSB3277:             InfragisticsWPF4.DataPresenter.v15.1 [C:\Users\ultra\warewolf\Dev\Warewolf.Studio.CustomControls\Warewolf.Studio.CustomControls.csproj]
C:\Program Files\dotnet\sdk\10.0.201\Microsoft.Common.CurrentVersion.targets(2451,5): warning MSB3277:         C:\Users\ultra\warewolf\Dev\Binaries\Infragistcs_Net6\InfragisticsWPF4.DragDrop.v15.1.dll [C:\Users\ultra\warewolf\Dev\Warewolf.Studio.CustomControls\Warewolf.Studio.CustomControls.csproj]
C:\Program Files\dotnet\sdk\10.0.201\Microsoft.Common.CurrentVersion.targets(2451,5): warning MSB3277:           Project file item includes which caused reference "C:\Users\ultra\warewolf\Dev\Binaries\Infragistcs_Net6\InfragisticsWPF4.DragDrop.v15.1.dll". [C:\Users\ultra\warewolf\Dev\Warewolf.Studio.CustomControls\Warewolf.Studio.CustomControls.csproj]
C:\Program Files\dotnet\sdk\10.0.201\Microsoft.Common.CurrentVersion.targets(2451,5): warning MSB3277:             InfragisticsWPF4.DragDrop.v15.1, Version=15.1.20151.2055, Culture=neutral, PublicKeyToken=7dd5c3163f2cd0cb, processorArchitecture=MSIL [C:\Users\ultra\warewolf\Dev\Warewolf.Studio.CustomControls\Warewolf.Studio.CustomControls.csproj]
C:\Program Files\dotnet\sdk\10.0.201\Microsoft.Common.CurrentVersion.targets(2451,5): warning MSB3277:             InfragisticsWPF4.Controls.Menus.XamDataTree.v15.1, Version=15.1.20151.2055, Culture=neutral, PublicKeyToken=7dd5c3163f2cd0cb, processorArchitecture=MSIL [C:\Users\ultra\warewolf\Dev\Warewolf.Studio.CustomControls\Warewolf.Studio.CustomControls.csproj]
C:\Program Files\dotnet\sdk\10.0.201\Microsoft.Common.CurrentVersion.targets(2451,5): warning MSB3277:         C:\Users\ultra\warewolf\Dev\Binaries\Infragistcs_Net6\InfragisticsWPF4.v15.1.dll [C:\Users\ultra\warewolf\Dev\Warewolf.Studio.CustomControls\Warewolf.Studio.CustomControls.csproj]
C:\Program Files\dotnet\sdk\10.0.201\Microsoft.Common.CurrentVersion.targets(2451,5): warning MSB3277:           Project file item includes which caused reference "C:\Users\ultra\warewolf\Dev\Binaries\Infragistcs_Net6\InfragisticsWPF4.v15.1.dll". [C:\Users\ultra\warewolf\Dev\Warewolf.Studio.CustomControls\Warewolf.Studio.CustomControls.csproj]
C:\Program Files\dotnet\sdk\10.0.201\Microsoft.Common.CurrentVersion.targets(2451,5): warning MSB3277:             InfragisticsWPF4.v15.1, Version=15.1.20151.2055, Culture=neutral, processorArchitecture=MSIL [C:\Users\ultra\warewolf\Dev\Warewolf.Studio.CustomControls\Warewolf.Studio.CustomControls.csproj]
C:\Program Files\dotnet\sdk\10.0.201\Microsoft.Common.CurrentVersion.targets(2451,5): warning MSB3277:             InfragisticsWPF4.Controls.Grids.XamGrid.v15.1 [C:\Users\ultra\warewolf\Dev\Warewolf.Studio.CustomControls\Warewolf.Studio.CustomControls.csproj]
C:\Program Files\dotnet\sdk\10.0.201\Microsoft.Common.CurrentVersion.targets(2451,5): warning MSB3277:             InfragisticsWPF4.Controls.Menus.XamDataTree.v15.1, Version=15.1.20151.2055, Culture=neutral, PublicKeyToken=7dd5c3163f2cd0cb, processorArchitecture=MSIL [C:\Users\ultra\warewolf\Dev\Warewolf.Studio.CustomControls\Warewolf.Studio.CustomControls.csproj]
C:\Program Files\dotnet\sdk\10.0.201\Microsoft.Common.CurrentVersion.targets(2451,5): warning MSB3277:             InfragisticsWPF4.DataManager.v15.1, Version=15.1.20151.2055, Culture=neutral, processorArchitecture=MSIL [C:\Users\ultra\warewolf\Dev\Warewolf.Studio.CustomControls\Warewolf.Studio.CustomControls.csproj]
C:\Program Files\dotnet\sdk\10.0.201\Microsoft.Common.CurrentVersion.targets(2451,5): warning MSB3277:             InfragisticsWPF4.DataPresenter.v15.1 [C:\Users\ultra\warewolf\Dev\Warewolf.Studio.CustomControls\Warewolf.Studio.CustomControls.csproj]
C:\Program Files\dotnet\sdk\10.0.201\Microsoft.Common.CurrentVersion.targets(2451,5): warning MSB3277:         C:\Users\ultra\.nuget\packages\caliburn.micro\4.0.212\lib\netcoreapp3.1\Caliburn.Micro.Platform.dll [C:\Users\ultra\warewolf\Dev\Warewolf.Studio.CustomControls\Warewolf.Studio.CustomControls.csproj]
C:\Program Files\dotnet\sdk\10.0.201\Microsoft.Common.CurrentVersion.targets(2451,5): warning MSB3277:           Project file item includes which caused reference "C:\Users\ultra\.nuget\packages\caliburn.micro\4.0.212\lib\netcoreapp3.1\Caliburn.Micro.Platform.dll". [C:\Users\ultra\warewolf\Dev\Warewolf.Studio.CustomControls\Warewolf.Studio.CustomControls.csproj]
C:\Program Files\dotnet\sdk\10.0.201\Microsoft.Common.CurrentVersion.targets(2451,5): warning MSB3277:             C:\Users\ultra\.nuget\packages\caliburn.micro\4.0.212\lib\netcoreapp3.1\Caliburn.Micro.Platform.dll [C:\Users\ultra\warewolf\Dev\Warewolf.Studio.CustomControls\Warewolf.Studio.CustomControls.csproj]
C:\Program Files\dotnet\sdk\10.0.201\Microsoft.Common.CurrentVersion.targets(2451,5): warning MSB3277:         C:\Users\ultra\.nuget\packages\extended.wpf.toolkit\4.4.0\lib\net5.0\Xceed.Wpf.AvalonDock.NET5.dll [C:\Users\ultra\warewolf\Dev\Warewolf.Studio.CustomControls\Warewolf.Studio.CustomControls.csproj]
C:\Program Files\dotnet\sdk\10.0.201\Microsoft.Common.CurrentVersion.targets(2451,5): warning MSB3277:           Project file item includes which caused reference "C:\Users\ultra\.nuget\packages\extended.wpf.toolkit\4.4.0\lib\net5.0\Xceed.Wpf.AvalonDock.NET5.dll". [C:\Users\ultra\warewolf\Dev\Warewolf.Studio.CustomControls\Warewolf.Studio.CustomControls.csproj]
C:\Program Files\dotnet\sdk\10.0.201\Microsoft.Common.CurrentVersion.targets(2451,5): warning MSB3277:             C:\Users\ultra\.nuget\packages\extended.wpf.toolkit\4.4.0\lib\net5.0\Xceed.Wpf.AvalonDock.NET5.dll [C:\Users\ultra\warewolf\Dev\Warewolf.Studio.CustomControls\Warewolf.Studio.CustomControls.csproj]
C:\Program Files\dotnet\sdk\10.0.201\Microsoft.Common.CurrentVersion.targets(2451,5): warning MSB3277:             C:\Users\ultra\.nuget\packages\extended.wpf.toolkit\4.4.0\lib\net5.0\Xceed.Wpf.AvalonDock.Themes.Aero.NET5.dll [C:\Users\ultra\warewolf\Dev\Warewolf.Studio.CustomControls\Warewolf.Studio.CustomControls.csproj]
C:\Program Files\dotnet\sdk\10.0.201\Microsoft.Common.CurrentVersion.targets(2451,5): warning MSB3277:             C:\Users\ultra\.nuget\packages\extended.wpf.toolkit\4.4.0\lib\net5.0\Xceed.Wpf.AvalonDock.Themes.Metro.NET5.dll [C:\Users\ultra\warewolf\Dev\Warewolf.Studio.CustomControls\Warewolf.Studio.CustomControls.csproj]
C:\Program Files\dotnet\sdk\10.0.201\Microsoft.Common.CurrentVersion.targets(2451,5): warning MSB3277:             C:\Users\ultra\.nuget\packages\extended.wpf.toolkit\4.4.0\lib\net5.0\Xceed.Wpf.AvalonDock.Themes.VS2010.NET5.dll [C:\Users\ultra\warewolf\Dev\Warewolf.Studio.CustomControls\Warewolf.Studio.CustomControls.csproj]
C:\Program Files\dotnet\sdk\10.0.201\Microsoft.Common.CurrentVersion.targets(2451,5): warning MSB3277:         C:\Users\ultra\.nuget\packages\extended.wpf.toolkit\4.4.0\lib\net5.0\Xceed.Wpf.AvalonDock.Themes.Aero.NET5.dll [C:\Users\ultra\warewolf\Dev\Warewolf.Studio.CustomControls\Warewolf.Studio.CustomControls.csproj]
C:\Program Files\dotnet\sdk\10.0.201\Microsoft.Common.CurrentVersion.targets(2451,5): warning MSB3277:           Project file item includes which caused reference "C:\Users\ultra\.nuget\packages\extended.wpf.toolkit\4.4.0\lib\net5.0\Xceed.Wpf.AvalonDock.Themes.Aero.NET5.dll". [C:\Users\ultra\warewolf\Dev\Warewolf.Studio.CustomControls\Warewolf.Studio.CustomControls.csproj]
C:\Program Files\dotnet\sdk\10.0.201\Microsoft.Common.CurrentVersion.targets(2451,5): warning MSB3277:             C:\Users\ultra\.nuget\packages\extended.wpf.toolkit\4.4.0\lib\net5.0\Xceed.Wpf.AvalonDock.Themes.Aero.NET5.dll [C:\Users\ultra\warewolf\Dev\Warewolf.Studio.CustomControls\Warewolf.Studio.CustomControls.csproj]
C:\Program Files\dotnet\sdk\10.0.201\Microsoft.Common.CurrentVersion.targets(2451,5): warning MSB3277:         C:\Users\ultra\.nuget\packages\extended.wpf.toolkit\4.4.0\lib\net5.0\Xceed.Wpf.Toolkit.NET5.dll [C:\Users\ultra\warewolf\Dev\Warewolf.Studio.CustomControls\Warewolf.Studio.CustomControls.csproj]
C:\Program Files\dotnet\sdk\10.0.201\Microsoft.Common.CurrentVersion.targets(2451,5): warning MSB3277:           Project file item includes which caused reference "C:\Users\ultra\.nuget\packages\extended.wpf.toolkit\4.4.0\lib\net5.0\Xceed.Wpf.Toolkit.NET5.dll". [C:\Users\ultra\warewolf\Dev\Warewolf.Studio.CustomControls\Warewolf.Studio.CustomControls.csproj]
C:\Program Files\dotnet\sdk\10.0.201\Microsoft.Common.CurrentVersion.targets(2451,5): warning MSB3277:             C:\Users\ultra\.nuget\packages\extended.wpf.toolkit\4.4.0\lib\net5.0\Xceed.Wpf.Toolkit.NET5.dll [C:\Users\ultra\warewolf\Dev\Warewolf.Studio.CustomControls\Warewolf.Studio.CustomControls.csproj]
C:\Program Files\dotnet\sdk\10.0.201\Microsoft.Common.CurrentVersion.targets(2451,5): warning MSB3277:         C:\Users\ultra\.nuget\packages\ironpython\3.4.0\lib\net6.0\IronPython.Wpf.dll [C:\Users\ultra\warewolf\Dev\Warewolf.Studio.CustomControls\Warewolf.Studio.CustomControls.csproj]
C:\Program Files\dotnet\sdk\10.0.201\Microsoft.Common.CurrentVersion.targets(2451,5): warning MSB3277:           Project file item includes which caused reference "C:\Users\ultra\.nuget\packages\ironpython\3.4.0\lib\net6.0\IronPython.Wpf.dll". [C:\Users\ultra\warewolf\Dev\Warewolf.Studio.CustomControls\Warewolf.Studio.CustomControls.csproj]
C:\Program Files\dotnet\sdk\10.0.201\Microsoft.Common.CurrentVersion.targets(2451,5): warning MSB3277:             C:\Users\ultra\.nuget\packages\ironpython\3.4.0\lib\net6.0\IronPython.Wpf.dll [C:\Users\ultra\warewolf\Dev\Warewolf.Studio.CustomControls\Warewolf.Studio.CustomControls.csproj]
C:\Program Files\dotnet\sdk\10.0.201\Microsoft.Common.CurrentVersion.targets(2451,5): warning MSB3277:         C:\Users\ultra\.nuget\packages\microsoft.xaml.behaviors.wpf\1.1.122\lib\net462\Microsoft.Xaml.Behaviors.dll [C:\Users\ultra\warewolf\Dev\Warewolf.Studio.CustomControls\Warewolf.Studio.CustomControls.csproj]
C:\Program Files\dotnet\sdk\10.0.201\Microsoft.Common.CurrentVersion.targets(2451,5): warning MSB3277:           Project file item includes which caused reference "C:\Users\ultra\.nuget\packages\microsoft.xaml.behaviors.wpf\1.1.122\lib\net462\Microsoft.Xaml.Behaviors.dll". [C:\Users\ultra\warewolf\Dev\Warewolf.Studio.CustomControls\Warewolf.Studio.CustomControls.csproj]
C:\Program Files\dotnet\sdk\10.0.201\Microsoft.Common.CurrentVersion.targets(2451,5): warning MSB3277:             C:\Users\ultra\.nuget\packages\microsoft.xaml.behaviors.wpf\1.1.122\lib\net462\Microsoft.Xaml.Behaviors.dll [C:\Users\ultra\warewolf\Dev\Warewolf.Studio.CustomControls\Warewolf.Studio.CustomControls.csproj]
C:\Program Files\dotnet\sdk\10.0.201\Microsoft.Common.CurrentVersion.targets(2451,5): warning MSB3277:             C:\Users\ultra\.nuget\packages\caliburn.micro\4.0.212\lib\netcoreapp3.1\Caliburn.Micro.Platform.dll [C:\Users\ultra\warewolf\Dev\Warewolf.Studio.CustomControls\Warewolf.Studio.CustomControls.csproj]
C:\Program Files\dotnet\sdk\10.0.201\Microsoft.Common.CurrentVersion.targets(2451,5): warning MSB3277:             C:\Users\ultra\.nuget\packages\prism.wpf\9.0.537\lib\net462\Prism.Wpf.dll [C:\Users\ultra\warewolf\Dev\Warewolf.Studio.CustomControls\Warewolf.Studio.CustomControls.csproj]
C:\Program Files\dotnet\sdk\10.0.201\Microsoft.Common.CurrentVersion.targets(2451,5): warning MSB3277:         C:\Users\ultra\.nuget\packages\prism.wpf\9.0.537\lib\net462\Prism.Wpf.dll [C:\Users\ultra\warewolf\Dev\Warewolf.Studio.CustomControls\Warewolf.Studio.CustomControls.csproj]
C:\Program Files\dotnet\sdk\10.0.201\Microsoft.Common.CurrentVersion.targets(2451,5): warning MSB3277:           Project file item includes which caused reference "C:\Users\ultra\.nuget\packages\prism.wpf\9.0.537\lib\net462\Prism.Wpf.dll". [C:\Users\ultra\warewolf\Dev\Warewolf.Studio.CustomControls\Warewolf.Studio.CustomControls.csproj]
C:\Program Files\dotnet\sdk\10.0.201\Microsoft.Common.CurrentVersion.targets(2451,5): warning MSB3277:             C:\Users\ultra\.nuget\packages\prism.wpf\9.0.537\lib\net462\Prism.Wpf.dll [C:\Users\ultra\warewolf\Dev\Warewolf.Studio.CustomControls\Warewolf.Studio.CustomControls.csproj]
C:\Program Files\dotnet\sdk\10.0.201\Microsoft.Common.CurrentVersion.targets(2451,5): warning MSB3277:         C:\Users\ultra\.nuget\packages\reactiveui.wpf\18.4.1\lib\net462\ReactiveUI.Wpf.dll [C:\Users\ultra\warewolf\Dev\Warewolf.Studio.CustomControls\Warewolf.Studio.CustomControls.csproj]
C:\Program Files\dotnet\sdk\10.0.201\Microsoft.Common.CurrentVersion.targets(2451,5): warning MSB3277:           Project file item includes which caused reference "C:\Users\ultra\.nuget\packages\reactiveui.wpf\18.4.1\lib\net462\ReactiveUI.Wpf.dll". [C:\Users\ultra\warewolf\Dev\Warewolf.Studio.CustomControls\Warewolf.Studio.CustomControls.csproj]
C:\Program Files\dotnet\sdk\10.0.201\Microsoft.Common.CurrentVersion.targets(2451,5): warning MSB3277:             C:\Users\ultra\.nuget\packages\reactiveui.wpf\18.4.1\lib\net462\ReactiveUI.Wpf.dll [C:\Users\ultra\warewolf\Dev\Warewolf.Studio.CustomControls\Warewolf.Studio.CustomControls.csproj]
C:\Program Files\dotnet\sdk\10.0.201\Microsoft.Common.CurrentVersion.targets(2451,5): warning MSB3277:         C:\Users\ultra\warewolf\Dev\Binaries\Infragistcs_Net6\InfragisticsWPF4.Controls.Menus.XamMenu.v15.1.dll [C:\Users\ultra\warewolf\Dev\Warewolf.Studio.CustomControls\Warewolf.Studio.CustomControls.csproj]
C:\Program Files\dotnet\sdk\10.0.201\Microsoft.Common.CurrentVersion.targets(2451,5): warning MSB3277:           Project file item includes which caused reference "C:\Users\ultra\warewolf\Dev\Binaries\Infragistcs_Net6\InfragisticsWPF4.Controls.Menus.XamMenu.v15.1.dll". [C:\Users\ultra\warewolf\Dev\Warewolf.Studio.CustomControls\Warewolf.Studio.CustomControls.csproj]
C:\Program Files\dotnet\sdk\10.0.201\Microsoft.Common.CurrentVersion.targets(2451,5): warning MSB3277:             InfragisticsWPF4.Controls.Grids.XamGrid.v15.1 [C:\Users\ultra\warewolf\Dev\Warewolf.Studio.CustomControls\Warewolf.Studio.CustomControls.csproj]
C:\Program Files\dotnet\sdk\10.0.201\Microsoft.Common.CurrentVersion.targets(2451,5): warning MSB3277:         C:\Users\ultra\warewolf\Dev\Binaries\Infragistcs_Net6\InfragisticsWPF4.Editors.v15.1.dll [C:\Users\ultra\warewolf\Dev\Warewolf.Studio.CustomControls\Warewolf.Studio.CustomControls.csproj]
C:\Program Files\dotnet\sdk\10.0.201\Microsoft.Common.CurrentVersion.targets(2451,5): warning MSB3277:           Project file item includes which caused reference "C:\Users\ultra\warewolf\Dev\Binaries\Infragistcs_Net6\InfragisticsWPF4.Editors.v15.1.dll". [C:\Users\ultra\warewolf\Dev\Warewolf.Studio.CustomControls\Warewolf.Studio.CustomControls.csproj]
C:\Program Files\dotnet\sdk\10.0.201\Microsoft.Common.CurrentVersion.targets(2451,5): warning MSB3277:             InfragisticsWPF4.DataPresenter.v15.1 [C:\Users\ultra\warewolf\Dev\Warewolf.Studio.CustomControls\Warewolf.Studio.CustomControls.csproj]
C:\Program Files\dotnet\sdk\10.0.201\Microsoft.Common.CurrentVersion.targets(2451,5): warning MSB3277: Found conflicts between different versions of "System.Windows.Extensions" that could not be resolved. [C:\Users\ultra\warewolf\Dev\Warewolf.Studio.CustomControls\Warewolf.Studio.CustomControls.csproj]
C:\Program Files\dotnet\sdk\10.0.201\Microsoft.Common.CurrentVersion.targets(2451,5): warning MSB3277: There was a conflict between "System.Windows.Extensions, Version=6.0.0.0, Culture=neutral, PublicKeyToken=cc7b13ffcd2ddd51" and "System.Windows.Extensions, Version=7.0.0.0, Culture=neutral, PublicKeyToken=cc7b13ffcd2ddd51". [C:\Users\ultra\warewolf\Dev\Warewolf.Studio.CustomControls\Warewolf.Studio.CustomControls.csproj]
C:\Program Files\dotnet\sdk\10.0.201\Microsoft.Common.CurrentVersion.targets(2451,5): warning MSB3277:     "System.Windows.Extensions, Version=6.0.0.0, Culture=neutral, PublicKeyToken=cc7b13ffcd2ddd51" was chosen because it was primary and "System.Windows.Extensions, Version=7.0.0.0, Culture=neutral, PublicKeyToken=cc7b13ffcd2ddd51" was not. [C:\Users\ultra\warewolf\Dev\Warewolf.Studio.CustomControls\Warewolf.Studio.CustomControls.csproj]
C:\Program Files\dotnet\sdk\10.0.201\Microsoft.Common.CurrentVersion.targets(2451,5): warning MSB3277:     References which depend on "System.Windows.Extensions, Version=6.0.0.0, Culture=neutral, PublicKeyToken=cc7b13ffcd2ddd51" [C:\Users\ultra\.nuget\packages\system.windows.extensions\6.0.0\lib\net6.0\System.Windows.Extensions.dll]. [C:\Users\ultra\warewolf\Dev\Warewolf.Studio.CustomControls\Warewolf.Studio.CustomControls.csproj]
C:\Program Files\dotnet\sdk\10.0.201\Microsoft.Common.CurrentVersion.targets(2451,5): warning MSB3277:         C:\Users\ultra\.nuget\packages\system.windows.extensions\6.0.0\lib\net6.0\System.Windows.Extensions.dll [C:\Users\ultra\warewolf\Dev\Warewolf.Studio.CustomControls\Warewolf.Studio.CustomControls.csproj]
C:\Program Files\dotnet\sdk\10.0.201\Microsoft.Common.CurrentVersion.targets(2451,5): warning MSB3277:           Project file item includes which caused reference "C:\Users\ultra\.nuget\packages\system.windows.extensions\6.0.0\lib\net6.0\System.Windows.Extensions.dll". [C:\Users\ultra\warewolf\Dev\Warewolf.Studio.CustomControls\Warewolf.Studio.CustomControls.csproj]
C:\Program Files\dotnet\sdk\10.0.201\Microsoft.Common.CurrentVersion.targets(2451,5): warning MSB3277:             C:\Users\ultra\.nuget\packages\system.windows.extensions\6.0.0\lib\net6.0\System.Windows.Extensions.dll [C:\Users\ultra\warewolf\Dev\Warewolf.Studio.CustomControls\Warewolf.Studio.CustomControls.csproj]
C:\Program Files\dotnet\sdk\10.0.201\Microsoft.Common.CurrentVersion.targets(2451,5): warning MSB3277:     References which depend on or have been unified to "System.Windows.Extensions, Version=7.0.0.0, Culture=neutral, PublicKeyToken=cc7b13ffcd2ddd51" []. [C:\Users\ultra\warewolf\Dev\Warewolf.Studio.CustomControls\Warewolf.Studio.CustomControls.csproj]
C:\Program Files\dotnet\sdk\10.0.201\Microsoft.Common.CurrentVersion.targets(2451,5): warning MSB3277:         C:\Users\ultra\.nuget\packages\extended.wpf.toolkit\4.4.0\lib\net5.0\Xceed.Wpf.Toolkit.NET5.dll [C:\Users\ultra\warewolf\Dev\Warewolf.Studio.CustomControls\Warewolf.Studio.CustomControls.csproj]
C:\Program Files\dotnet\sdk\10.0.201\Microsoft.Common.CurrentVersion.targets(2451,5): warning MSB3277:           Project file item includes which caused reference "C:\Users\ultra\.nuget\packages\extended.wpf.toolkit\4.4.0\lib\net5.0\Xceed.Wpf.Toolkit.NET5.dll". [C:\Users\ultra\warewolf\Dev\Warewolf.Studio.CustomControls\Warewolf.Studio.CustomControls.csproj]
C:\Program Files\dotnet\sdk\10.0.201\Microsoft.Common.CurrentVersion.targets(2451,5): warning MSB3277:             C:\Users\ultra\.nuget\packages\extended.wpf.toolkit\4.4.0\lib\net5.0\Xceed.Wpf.Toolkit.NET5.dll [C:\Users\ultra\warewolf\Dev\Warewolf.Studio.CustomControls\Warewolf.Studio.CustomControls.csproj]
C:\Program Files\dotnet\sdk\10.0.201\Microsoft.Common.CurrentVersion.targets(2451,5): warning MSB3277:         C:\Users\ultra\.nuget\packages\system.security.permissions\6.0.0\lib\net6.0\System.Security.Permissions.dll [C:\Users\ultra\warewolf\Dev\Warewolf.Studio.CustomControls\Warewolf.Studio.CustomControls.csproj]
C:\Program Files\dotnet\sdk\10.0.201\Microsoft.Common.CurrentVersion.targets(2451,5): warning MSB3277:           Project file item includes which caused reference "C:\Users\ultra\.nuget\packages\system.security.permissions\6.0.0\lib\net6.0\System.Security.Permissions.dll". [C:\Users\ultra\warewolf\Dev\Warewolf.Studio.CustomControls\Warewolf.Studio.CustomControls.csproj]
C:\Program Files\dotnet\sdk\10.0.201\Microsoft.Common.CurrentVersion.targets(2451,5): warning MSB3277:             C:\Users\ultra\.nuget\packages\system.security.permissions\6.0.0\lib\net6.0\System.Security.Permissions.dll [C:\Users\ultra\warewolf\Dev\Warewolf.Studio.CustomControls\Warewolf.Studio.CustomControls.csproj]
C:\Program Files\dotnet\sdk\10.0.201\Microsoft.Common.CurrentVersion.targets(2451,5): warning MSB3277:         C:\Program Files\dotnet\packs\Microsoft.NETCore.App.Ref\8.0.25\ref\net8.0\System.Security.dll [C:\Users\ultra\warewolf\Dev\Warewolf.Studio.CustomControls\Warewolf.Studio.CustomControls.csproj]
C:\Program Files\dotnet\sdk\10.0.201\Microsoft.Common.CurrentVersion.targets(2451,5): warning MSB3277:           Project file item includes which caused reference "C:\Program Files\dotnet\packs\Microsoft.NETCore.App.Ref\8.0.25\ref\net8.0\System.Security.dll". [C:\Users\ultra\warewolf\Dev\Warewolf.Studio.CustomControls\Warewolf.Studio.CustomControls.csproj]
C:\Program Files\dotnet\sdk\10.0.201\Microsoft.Common.CurrentVersion.targets(2451,5): warning MSB3277:             C:\Program Files\dotnet\packs\Microsoft.NETCore.App.Ref\8.0.25\ref/net8.0/System.Security.dll [C:\Users\ultra\warewolf\Dev\Warewolf.Studio.CustomControls\Warewolf.Studio.CustomControls.csproj]
C:\Program Files\dotnet\sdk\10.0.201\Microsoft.Common.CurrentVersion.targets(2451,5): warning MSB3277:         C:\Program Files\dotnet\packs\Microsoft.NETCore.App.Ref\8.0.25\ref\net8.0\System.dll [C:\Users\ultra\warewolf\Dev\Warewolf.Studio.CustomControls\Warewolf.Studio.CustomControls.csproj]
C:\Program Files\dotnet\sdk\10.0.201\Microsoft.Common.CurrentVersion.targets(2451,5): warning MSB3277:           Project file item includes which caused reference "C:\Program Files\dotnet\packs\Microsoft.NETCore.App.Ref\8.0.25\ref\net8.0\System.dll". [C:\Users\ultra\warewolf\Dev\Warewolf.Studio.CustomControls\Warewolf.Studio.CustomControls.csproj]
C:\Program Files\dotnet\sdk\10.0.201\Microsoft.Common.CurrentVersion.targets(2451,5): warning MSB3277:             C:\Program Files\dotnet\packs\Microsoft.NETCore.App.Ref\8.0.25\ref/net8.0/System.dll [C:\Users\ultra\warewolf\Dev\Warewolf.Studio.CustomControls\Warewolf.Studio.CustomControls.csproj]
C:\Program Files\dotnet\sdk\10.0.201\Microsoft.Common.CurrentVersion.targets(2451,5): warning MSB3277:             C:\Users\ultra\.nuget\packages\aerowizard\2.3.1\lib\net45\AeroWizard.dll [C:\Users\ultra\warewolf\Dev\Warewolf.Studio.CustomControls\Warewolf.Studio.CustomControls.csproj]
C:\Program Files\dotnet\sdk\10.0.201\Microsoft.Common.CurrentVersion.targets(2451,5): warning MSB3277:             C:\Users\ultra\.nuget\packages\groupcontrols\1.9.0\lib\net45\GroupControls.dll [C:\Users\ultra\warewolf\Dev\Warewolf.Studio.CustomControls\Warewolf.Studio.CustomControls.csproj]
C:\Program Files\dotnet\sdk\10.0.201\Microsoft.Common.CurrentVersion.targets(2451,5): warning MSB3277:             C:\Users\ultra\.nuget\packages\microsoft.xaml.behaviors.wpf\1.1.122\lib\net462\Microsoft.Xaml.Behaviors.dll [C:\Users\ultra\warewolf\Dev\Warewolf.Studio.CustomControls\Warewolf.Studio.CustomControls.csproj]
C:\Program Files\dotnet\sdk\10.0.201\Microsoft.Common.CurrentVersion.targets(2451,5): warning MSB3277:             C:\Users\ultra\.nuget\packages\caliburn.micro\4.0.212\lib\netcoreapp3.1\Caliburn.Micro.Platform.dll [C:\Users\ultra\warewolf\Dev\Warewolf.Studio.CustomControls\Warewolf.Studio.CustomControls.csproj]
C:\Program Files\dotnet\sdk\10.0.201\Microsoft.Common.CurrentVersion.targets(2451,5): warning MSB3277:             C:\Users\ultra\.nuget\packages\prism.wpf\9.0.537\lib\net462\Prism.Wpf.dll [C:\Users\ultra\warewolf\Dev\Warewolf.Studio.CustomControls\Warewolf.Studio.CustomControls.csproj]
C:\Program Files\dotnet\sdk\10.0.201\Microsoft.Common.CurrentVersion.targets(2451,5): warning MSB3277:             C:\Users\ultra\.nuget\packages\reactiveui.wpf\18.4.1\lib\net462\ReactiveUI.Wpf.dll [C:\Users\ultra\warewolf\Dev\Warewolf.Studio.CustomControls\Warewolf.Studio.CustomControls.csproj]
C:\Program Files\dotnet\sdk\10.0.201\Microsoft.Common.CurrentVersion.targets(2451,5): warning MSB3277:             C:\Users\ultra\.nuget\packages\taskschedulereditor\2.10.1\lib\net452\Microsoft.Win32.TaskSchedulerEditor.dll [C:\Users\ultra\warewolf\Dev\Warewolf.Studio.CustomControls\Warewolf.Studio.CustomControls.csproj]
C:\Program Files\dotnet\sdk\10.0.201\Microsoft.Common.CurrentVersion.targets(2451,5): warning MSB3277:             C:\Users\ultra\.nuget\packages\ttcue.netcore.sharepointonline.csom.16.1.8029.1200\16.1.8029.1200\lib\netcoreapp2.0\Microsoft.SharePoint.Client.Runtime.Windows.dll [C:\Users\ultra\warewolf\Dev\Warewolf.Studio.CustomControls\Warewolf.Studio.CustomControls.csproj]
C:\Program Files\dotnet\sdk\10.0.201\Microsoft.Common.CurrentVersion.targets(2451,5): warning MSB3277:         C:\Users\ultra\warewolf\Dev\Binaries\Infragistcs_Net6\InfragisticsWPF4.Editors.v15.1.dll [C:\Users\ultra\warewolf\Dev\Warewolf.Studio.CustomControls\Warewolf.Studio.CustomControls.csproj]
C:\Program Files\dotnet\sdk\10.0.201\Microsoft.Common.CurrentVersion.targets(2451,5): warning MSB3277:           Project file item includes which caused reference "C:\Users\ultra\warewolf\Dev\Binaries\Infragistcs_Net6\InfragisticsWPF4.Editors.v15.1.dll". [C:\Users\ultra\warewolf\Dev\Warewolf.Studio.CustomControls\Warewolf.Studio.CustomControls.csproj]
C:\Program Files\dotnet\sdk\10.0.201\Microsoft.Common.CurrentVersion.targets(2451,5): warning MSB3277:             InfragisticsWPF4.DataPresenter.v15.1 [C:\Users\ultra\warewolf\Dev\Warewolf.Studio.CustomControls\Warewolf.Studio.CustomControls.csproj]
C:\Program Files\dotnet\sdk\10.0.201\Microsoft.Common.CurrentVersion.targets(2451,5): warning MSB3277: Found conflicts between different versions of "WindowsBase" that could not be resolved. [C:\Users\ultra\warewolf\Dev\Dev2.Infrastructure.Tests\Dev2.Infrastructure.Tests.csproj]
C:\Program Files\dotnet\sdk\10.0.201\Microsoft.Common.CurrentVersion.targets(2451,5): warning MSB3277: There was a conflict between "WindowsBase, Version=4.0.0.0, Culture=neutral, PublicKeyToken=31bf3856ad364e35" and "WindowsBase, Version=6.0.2.0, Culture=neutral, PublicKeyToken=31bf3856ad364e35". [C:\Users\ultra\warewolf\Dev\Dev2.Infrastructure.Tests\Dev2.Infrastructure.Tests.csproj]
C:\Program Files\dotnet\sdk\10.0.201\Microsoft.Common.CurrentVersion.targets(2451,5): warning MSB3277:     "WindowsBase, Version=4.0.0.0, Culture=neutral, PublicKeyToken=31bf3856ad364e35" was chosen because it was primary and "WindowsBase, Version=6.0.2.0, Culture=neutral, PublicKeyToken=31bf3856ad364e35" was not. [C:\Users\ultra\warewolf\Dev\Dev2.Infrastructure.Tests\Dev2.Infrastructure.Tests.csproj]
C:\Program Files\dotnet\sdk\10.0.201\Microsoft.Common.CurrentVersion.targets(2451,5): warning MSB3277:     References which depend on "WindowsBase, Version=4.0.0.0, Culture=neutral, PublicKeyToken=31bf3856ad364e35" [C:\Program Files\dotnet\packs\Microsoft.NETCore.App.Ref\8.0.25\ref\net8.0\WindowsBase.dll]. [C:\Users\ultra\warewolf\Dev\Dev2.Infrastructure.Tests\Dev2.Infrastructure.Tests.csproj]
C:\Program Files\dotnet\sdk\10.0.201\Microsoft.Common.CurrentVersion.targets(2451,5): warning MSB3277:         C:\Program Files\dotnet\packs\Microsoft.NETCore.App.Ref\8.0.25\ref\net8.0\WindowsBase.dll [C:\Users\ultra\warewolf\Dev\Dev2.Infrastructure.Tests\Dev2.Infrastructure.Tests.csproj]
C:\Program Files\dotnet\sdk\10.0.201\Microsoft.Common.CurrentVersion.targets(2451,5): warning MSB3277:           Project file item includes which caused reference "C:\Program Files\dotnet\packs\Microsoft.NETCore.App.Ref\8.0.25\ref\net8.0\WindowsBase.dll". [C:\Users\ultra\warewolf\Dev\Dev2.Infrastructure.Tests\Dev2.Infrastructure.Tests.csproj]
C:\Program Files\dotnet\sdk\10.0.201\Microsoft.Common.CurrentVersion.targets(2451,5): warning MSB3277:             C:\Program Files\dotnet\packs\Microsoft.NETCore.App.Ref\8.0.25\ref/net8.0/WindowsBase.dll [C:\Users\ultra\warewolf\Dev\Dev2.Infrastructure.Tests\Dev2.Infrastructure.Tests.csproj]
C:\Program Files\dotnet\sdk\10.0.201\Microsoft.Common.CurrentVersion.targets(2451,5): warning MSB3277:     References which depend on or have been unified to "WindowsBase, Version=6.0.2.0, Culture=neutral, PublicKeyToken=31bf3856ad364e35" []. [C:\Users\ultra\warewolf\Dev\Dev2.Infrastructure.Tests\Dev2.Infrastructure.Tests.csproj]
C:\Program Files\dotnet\sdk\10.0.201\Microsoft.Common.CurrentVersion.targets(2451,5): warning MSB3277:         C:\Users\ultra\.nuget\packages\caliburn.micro\4.0.212\lib\netcoreapp3.1\Caliburn.Micro.Platform.dll [C:\Users\ultra\warewolf\Dev\Dev2.Infrastructure.Tests\Dev2.Infrastructure.Tests.csproj]
C:\Program Files\dotnet\sdk\10.0.201\Microsoft.Common.CurrentVersion.targets(2451,5): warning MSB3277:           Project file item includes which caused reference "C:\Users\ultra\.nuget\packages\caliburn.micro\4.0.212\lib\netcoreapp3.1\Caliburn.Micro.Platform.dll". [C:\Users\ultra\warewolf\Dev\Dev2.Infrastructure.Tests\Dev2.Infrastructure.Tests.csproj]
C:\Program Files\dotnet\sdk\10.0.201\Microsoft.Common.CurrentVersion.targets(2451,5): warning MSB3277:             C:\Users\ultra\.nuget\packages\caliburn.micro\4.0.212\lib\netcoreapp3.1\Caliburn.Micro.Platform.dll [C:\Users\ultra\warewolf\Dev\Dev2.Infrastructure.Tests\Dev2.Infrastructure.Tests.csproj]
C:\Program Files\dotnet\sdk\10.0.201\Microsoft.Common.CurrentVersion.targets(2451,5): warning MSB3277:         C:\Users\ultra\.nuget\packages\ironpython\3.4.0\lib\net6.0\IronPython.Wpf.dll [C:\Users\ultra\warewolf\Dev\Dev2.Infrastructure.Tests\Dev2.Infrastructure.Tests.csproj]
C:\Program Files\dotnet\sdk\10.0.201\Microsoft.Common.CurrentVersion.targets(2451,5): warning MSB3277:           Project file item includes which caused reference "C:\Users\ultra\.nuget\packages\ironpython\3.4.0\lib\net6.0\IronPython.Wpf.dll". [C:\Users\ultra\warewolf\Dev\Dev2.Infrastructure.Tests\Dev2.Infrastructure.Tests.csproj]
C:\Program Files\dotnet\sdk\10.0.201\Microsoft.Common.CurrentVersion.targets(2451,5): warning MSB3277:             C:\Users\ultra\.nuget\packages\ironpython\3.4.0\lib\net6.0\IronPython.Wpf.dll [C:\Users\ultra\warewolf\Dev\Dev2.Infrastructure.Tests\Dev2.Infrastructure.Tests.csproj]
C:\Program Files\dotnet\sdk\10.0.201\Microsoft.Common.CurrentVersion.targets(2451,5): warning MSB3277:         C:\Users\ultra\.nuget\packages\microsoft.xaml.behaviors.wpf\1.1.122\lib\net462\Microsoft.Xaml.Behaviors.dll [C:\Users\ultra\warewolf\Dev\Dev2.Infrastructure.Tests\Dev2.Infrastructure.Tests.csproj]
C:\Program Files\dotnet\sdk\10.0.201\Microsoft.Common.CurrentVersion.targets(2451,5): warning MSB3277:           Project file item includes which caused reference "C:\Users\ultra\.nuget\packages\microsoft.xaml.behaviors.wpf\1.1.122\lib\net462\Microsoft.Xaml.Behaviors.dll". [C:\Users\ultra\warewolf\Dev\Dev2.Infrastructure.Tests\Dev2.Infrastructure.Tests.csproj]
C:\Program Files\dotnet\sdk\10.0.201\Microsoft.Common.CurrentVersion.targets(2451,5): warning MSB3277:             C:\Users\ultra\.nuget\packages\microsoft.xaml.behaviors.wpf\1.1.122\lib\net462\Microsoft.Xaml.Behaviors.dll [C:\Users\ultra\warewolf\Dev\Dev2.Infrastructure.Tests\Dev2.Infrastructure.Tests.csproj]
C:\Program Files\dotnet\sdk\10.0.201\Microsoft.Common.CurrentVersion.targets(2451,5): warning MSB3277:             C:\Users\ultra\.nuget\packages\caliburn.micro\4.0.212\lib\netcoreapp3.1\Caliburn.Micro.Platform.dll [C:\Users\ultra\warewolf\Dev\Dev2.Infrastructure.Tests\Dev2.Infrastructure.Tests.csproj]
C:\Program Files\dotnet\sdk\10.0.201\Microsoft.Common.CurrentVersion.targets(2451,5): warning MSB3277:             C:\Users\ultra\.nuget\packages\prism.wpf\9.0.537\lib\net462\Prism.Wpf.dll [C:\Users\ultra\warewolf\Dev\Dev2.Infrastructure.Tests\Dev2.Infrastructure.Tests.csproj]
C:\Program Files\dotnet\sdk\10.0.201\Microsoft.Common.CurrentVersion.targets(2451,5): warning MSB3277:         C:\Users\ultra\.nuget\packages\prism.wpf\9.0.537\lib\net462\Prism.Wpf.dll [C:\Users\ultra\warewolf\Dev\Dev2.Infrastructure.Tests\Dev2.Infrastructure.Tests.csproj]
C:\Program Files\dotnet\sdk\10.0.201\Microsoft.Common.CurrentVersion.targets(2451,5): warning MSB3277:           Project file item includes which caused reference "C:\Users\ultra\.nuget\packages\prism.wpf\9.0.537\lib\net462\Prism.Wpf.dll". [C:\Users\ultra\warewolf\Dev\Dev2.Infrastructure.Tests\Dev2.Infrastructure.Tests.csproj]
C:\Program Files\dotnet\sdk\10.0.201\Microsoft.Common.CurrentVersion.targets(2451,5): warning MSB3277:             C:\Users\ultra\.nuget\packages\prism.wpf\9.0.537\lib\net462\Prism.Wpf.dll [C:\Users\ultra\warewolf\Dev\Dev2.Infrastructure.Tests\Dev2.Infrastructure.Tests.csproj]
C:\Program Files\dotnet\sdk\10.0.201\Microsoft.Common.CurrentVersion.targets(2451,5): warning MSB3277:         C:\Users\ultra\.nuget\packages\reactiveui.wpf\18.4.1\lib\net462\ReactiveUI.Wpf.dll [C:\Users\ultra\warewolf\Dev\Dev2.Infrastructure.Tests\Dev2.Infrastructure.Tests.csproj]
C:\Program Files\dotnet\sdk\10.0.201\Microsoft.Common.CurrentVersion.targets(2451,5): warning MSB3277:           Project file item includes which caused reference "C:\Users\ultra\.nuget\packages\reactiveui.wpf\18.4.1\lib\net462\ReactiveUI.Wpf.dll". [C:\Users\ultra\warewolf\Dev\Dev2.Infrastructure.Tests\Dev2.Infrastructure.Tests.csproj]
C:\Program Files\dotnet\sdk\10.0.201\Microsoft.Common.CurrentVersion.targets(2451,5): warning MSB3277:             C:\Users\ultra\.nuget\packages\reactiveui.wpf\18.4.1\lib\net462\ReactiveUI.Wpf.dll [C:\Users\ultra\warewolf\Dev\Dev2.Infrastructure.Tests\Dev2.Infrastructure.Tests.csproj]
C:\Users\ultra\warewolf\Dev\Warewolf.Studio.CustomControls\ScriptManager.cs(36,6): warning SYSLIB0003: 'PermissionSetAttribute' is obsolete: 'Code Access Security is not supported or honored by the runtime.' (https://aka.ms/dotnet-warnings/SYSLIB0003) [C:\Users\ultra\warewolf\Dev\Warewolf.Studio.CustomControls\Warewolf.Studio.CustomControls.csproj]
C:\Users\ultra\warewolf\Dev\Warewolf.Studio.CustomControls\ScriptManager.cs(36,20): warning SYSLIB0003: 'SecurityAction' is obsolete: 'Code Access Security is not supported or honored by the runtime.' (https://aka.ms/dotnet-warnings/SYSLIB0003) [C:\Users\ultra\warewolf\Dev\Warewolf.Studio.CustomControls\Warewolf.Studio.CustomControls.csproj]
C:\Users\ultra\warewolf\Dev\Warewolf.Studio.CustomControls\ScriptManager.cs(53,48): warning SYSLIB0044: 'AssemblyName.CodeBase' is obsolete: 'AssemblyName.CodeBase and AssemblyName.EscapedCodeBase are obsolete. Using them for loading an assembly is not supported.' (https://aka.ms/dotnet-warnings/SYSLIB0044) [C:\Users\ultra\warewolf\Dev\Warewolf.Studio.CustomControls\Warewolf.Studio.CustomControls.csproj]
C:\Users\ultra\warewolf\Dev\Warewolf.Studio.CustomControls\ScriptManager.cs(153,33): warning CC0022: ManagementObjectSearcher should be disposed. (https://code-cracker.github.io/diagnostics/CC0022.html) [C:\Users\ultra\warewolf\Dev\Warewolf.Studio.CustomControls\Warewolf.Studio.CustomControls.csproj]
C:\Users\ultra\warewolf\Dev\Warewolf.Studio.CustomControls\ScriptManager.cs(153,33): warning CA1416: This call site is reachable on all platforms. 'ManagementObjectSearcher.Get()' is only supported on: 'windows'. (https://learn.microsoft.com/dotnet/fundamentals/code-analysis/quality-rules/ca1416) [C:\Users\ultra\warewolf\Dev\Warewolf.Studio.CustomControls\Warewolf.Studio.CustomControls.csproj]
C:\Users\ultra\warewolf\Dev\Warewolf.Studio.CustomControls\ScriptManager.cs(155,40): warning CA1416: This call site is reachable on all platforms. 'ManagementBaseObject.this[string]' is only supported on: 'windows'. (https://learn.microsoft.com/dotnet/fundamentals/code-analysis/quality-rules/ca1416) [C:\Users\ultra\warewolf\Dev\Warewolf.Studio.CustomControls\Warewolf.Studio.CustomControls.csproj]
C:\Users\ultra\warewolf\Dev\Warewolf.Studio.CustomControls\ScriptManager.cs(153,33): warning CA1416: This call site is reachable on all platforms. 'ManagementObjectSearcher' is only supported on: 'windows'. (https://learn.microsoft.com/dotnet/fundamentals/code-analysis/quality-rules/ca1416) [C:\Users\ultra\warewolf\Dev\Warewolf.Studio.CustomControls\Warewolf.Studio.CustomControls.csproj]
  Warewolf.UI -> C:\Users\ultra\warewolf\Dev\Warewolf.UI\bin\Debug\net8.0\Warewolf.UI.dll
  Warewolf.Studio.CustomControls -> C:\Users\ultra\warewolf\Dev\Warewolf.Studio.CustomControls\bin\Debug\net8.0\Warewolf.Studio.CustomControls.dll
C:\Program Files\dotnet\sdk\10.0.201\Microsoft.Common.CurrentVersion.targets(2451,5): warning MSB3277: Found conflicts between different versions of "WindowsBase" that could not be resolved. [C:\Users\ultra\warewolf\Dev\Dev2.Infrastructure.Tests\Dev2.Infrastructure.Tests.csproj]
C:\Program Files\dotnet\sdk\10.0.201\Microsoft.Common.CurrentVersion.targets(2451,5): warning MSB3277: There was a conflict between "WindowsBase, Version=4.0.0.0, Culture=neutral, PublicKeyToken=31bf3856ad364e35" and "WindowsBase, Version=6.0.2.0, Culture=neutral, PublicKeyToken=31bf3856ad364e35". [C:\Users\ultra\warewolf\Dev\Dev2.Infrastructure.Tests\Dev2.Infrastructure.Tests.csproj]
C:\Program Files\dotnet\sdk\10.0.201\Microsoft.Common.CurrentVersion.targets(2451,5): warning MSB3277:     "WindowsBase, Version=4.0.0.0, Culture=neutral, PublicKeyToken=31bf3856ad364e35" was chosen because it was primary and "WindowsBase, Version=6.0.2.0, Culture=neutral, PublicKeyToken=31bf3856ad364e35" was not. [C:\Users\ultra\warewolf\Dev\Dev2.Infrastructure.Tests\Dev2.Infrastructure.Tests.csproj]
C:\Program Files\dotnet\sdk\10.0.201\Microsoft.Common.CurrentVersion.targets(2451,5): warning MSB3277:     References which depend on "WindowsBase, Version=4.0.0.0, Culture=neutral, PublicKeyToken=31bf3856ad364e35" [C:\Program Files\dotnet\packs\Microsoft.NETCore.App.Ref\8.0.25\ref\net8.0\WindowsBase.dll]. [C:\Users\ultra\warewolf\Dev\Dev2.Infrastructure.Tests\Dev2.Infrastructure.Tests.csproj]
C:\Program Files\dotnet\sdk\10.0.201\Microsoft.Common.CurrentVersion.targets(2451,5): warning MSB3277:         C:\Program Files\dotnet\packs\Microsoft.NETCore.App.Ref\8.0.25\ref\net8.0\WindowsBase.dll [C:\Users\ultra\warewolf\Dev\Dev2.Infrastructure.Tests\Dev2.Infrastructure.Tests.csproj]
C:\Program Files\dotnet\sdk\10.0.201\Microsoft.Common.CurrentVersion.targets(2451,5): warning MSB3277:           Project file item includes which caused reference "C:\Program Files\dotnet\packs\Microsoft.NETCore.App.Ref\8.0.25\ref\net8.0\WindowsBase.dll". [C:\Users\ultra\warewolf\Dev\Dev2.Infrastructure.Tests\Dev2.Infrastructure.Tests.csproj]
C:\Program Files\dotnet\sdk\10.0.201\Microsoft.Common.CurrentVersion.targets(2451,5): warning MSB3277:             C:\Program Files\dotnet\packs\Microsoft.NETCore.App.Ref\8.0.25\ref/net8.0/WindowsBase.dll [C:\Users\ultra\warewolf\Dev\Dev2.Infrastructure.Tests\Dev2.Infrastructure.Tests.csproj]
C:\Program Files\dotnet\sdk\10.0.201\Microsoft.Common.CurrentVersion.targets(2451,5): warning MSB3277:     References which depend on or have been unified to "WindowsBase, Version=6.0.2.0, Culture=neutral, PublicKeyToken=31bf3856ad364e35" []. [C:\Users\ultra\warewolf\Dev\Dev2.Infrastructure.Tests\Dev2.Infrastructure.Tests.csproj]
C:\Program Files\dotnet\sdk\10.0.201\Microsoft.Common.CurrentVersion.targets(2451,5): warning MSB3277:         C:\Users\ultra\.nuget\packages\caliburn.micro\4.0.212\lib\netcoreapp3.1\Caliburn.Micro.Platform.dll [C:\Users\ultra\warewolf\Dev\Dev2.Infrastructure.Tests\Dev2.Infrastructure.Tests.csproj]
C:\Program Files\dotnet\sdk\10.0.201\Microsoft.Common.CurrentVersion.targets(2451,5): warning MSB3277:           Project file item includes which caused reference "C:\Users\ultra\.nuget\packages\caliburn.micro\4.0.212\lib\netcoreapp3.1\Caliburn.Micro.Platform.dll". [C:\Users\ultra\warewolf\Dev\Dev2.Infrastructure.Tests\Dev2.Infrastructure.Tests.csproj]
C:\Program Files\dotnet\sdk\10.0.201\Microsoft.Common.CurrentVersion.targets(2451,5): warning MSB3277:             C:\Users\ultra\.nuget\packages\caliburn.micro\4.0.212\lib\netcoreapp3.1\Caliburn.Micro.Platform.dll [C:\Users\ultra\warewolf\Dev\Dev2.Infrastructure.Tests\Dev2.Infrastructure.Tests.csproj]
C:\Program Files\dotnet\sdk\10.0.201\Microsoft.Common.CurrentVersion.targets(2451,5): warning MSB3277:         C:\Users\ultra\.nuget\packages\ironpython\3.4.0\lib\net6.0\IronPython.Wpf.dll [C:\Users\ultra\warewolf\Dev\Dev2.Infrastructure.Tests\Dev2.Infrastructure.Tests.csproj]
C:\Program Files\dotnet\sdk\10.0.201\Microsoft.Common.CurrentVersion.targets(2451,5): warning MSB3277:           Project file item includes which caused reference "C:\Users\ultra\.nuget\packages\ironpython\3.4.0\lib\net6.0\IronPython.Wpf.dll". [C:\Users\ultra\warewolf\Dev\Dev2.Infrastructure.Tests\Dev2.Infrastructure.Tests.csproj]
C:\Program Files\dotnet\sdk\10.0.201\Microsoft.Common.CurrentVersion.targets(2451,5): warning MSB3277:             C:\Users\ultra\.nuget\packages\ironpython\3.4.0\lib\net6.0\IronPython.Wpf.dll [C:\Users\ultra\warewolf\Dev\Dev2.Infrastructure.Tests\Dev2.Infrastructure.Tests.csproj]
C:\Program Files\dotnet\sdk\10.0.201\Microsoft.Common.CurrentVersion.targets(2451,5): warning MSB3277:         C:\Users\ultra\.nuget\packages\microsoft.xaml.behaviors.wpf\1.1.122\lib\net462\Microsoft.Xaml.Behaviors.dll [C:\Users\ultra\warewolf\Dev\Dev2.Infrastructure.Tests\Dev2.Infrastructure.Tests.csproj]
C:\Program Files\dotnet\sdk\10.0.201\Microsoft.Common.CurrentVersion.targets(2451,5): warning MSB3277:           Project file item includes which caused reference "C:\Users\ultra\.nuget\packages\microsoft.xaml.behaviors.wpf\1.1.122\lib\net462\Microsoft.Xaml.Behaviors.dll". [C:\Users\ultra\warewolf\Dev\Dev2.Infrastructure.Tests\Dev2.Infrastructure.Tests.csproj]
C:\Program Files\dotnet\sdk\10.0.201\Microsoft.Common.CurrentVersion.targets(2451,5): warning MSB3277:             C:\Users\ultra\.nuget\packages\microsoft.xaml.behaviors.wpf\1.1.122\lib\net462\Microsoft.Xaml.Behaviors.dll [C:\Users\ultra\warewolf\Dev\Dev2.Infrastructure.Tests\Dev2.Infrastructure.Tests.csproj]
C:\Program Files\dotnet\sdk\10.0.201\Microsoft.Common.CurrentVersion.targets(2451,5): warning MSB3277:             C:\Users\ultra\.nuget\packages\caliburn.micro\4.0.212\lib\netcoreapp3.1\Caliburn.Micro.Platform.dll [C:\Users\ultra\warewolf\Dev\Dev2.Infrastructure.Tests\Dev2.Infrastructure.Tests.csproj]
C:\Program Files\dotnet\sdk\10.0.201\Microsoft.Common.CurrentVersion.targets(2451,5): warning MSB3277:             C:\Users\ultra\.nuget\packages\prism.wpf\9.0.537\lib\net462\Prism.Wpf.dll [C:\Users\ultra\warewolf\Dev\Dev2.Infrastructure.Tests\Dev2.Infrastructure.Tests.csproj]
C:\Program Files\dotnet\sdk\10.0.201\Microsoft.Common.CurrentVersion.targets(2451,5): warning MSB3277:         C:\Users\ultra\.nuget\packages\prism.wpf\9.0.537\lib\net462\Prism.Wpf.dll [C:\Users\ultra\warewolf\Dev\Dev2.Infrastructure.Tests\Dev2.Infrastructure.Tests.csproj]
C:\Program Files\dotnet\sdk\10.0.201\Microsoft.Common.CurrentVersion.targets(2451,5): warning MSB3277:           Project file item includes which caused reference "C:\Users\ultra\.nuget\packages\prism.wpf\9.0.537\lib\net462\Prism.Wpf.dll". [C:\Users\ultra\warewolf\Dev\Dev2.Infrastructure.Tests\Dev2.Infrastructure.Tests.csproj]
C:\Program Files\dotnet\sdk\10.0.201\Microsoft.Common.CurrentVersion.targets(2451,5): warning MSB3277:             C:\Users\ultra\.nuget\packages\prism.wpf\9.0.537\lib\net462\Prism.Wpf.dll [C:\Users\ultra\warewolf\Dev\Dev2.Infrastructure.Tests\Dev2.Infrastructure.Tests.csproj]
C:\Program Files\dotnet\sdk\10.0.201\Microsoft.Common.CurrentVersion.targets(2451,5): warning MSB3277:         C:\Users\ultra\.nuget\packages\reactiveui.wpf\18.4.1\lib\net462\ReactiveUI.Wpf.dll [C:\Users\ultra\warewolf\Dev\Dev2.Infrastructure.Tests\Dev2.Infrastructure.Tests.csproj]
C:\Program Files\dotnet\sdk\10.0.201\Microsoft.Common.CurrentVersion.targets(2451,5): warning MSB3277:           Project file item includes which caused reference "C:\Users\ultra\.nuget\packages\reactiveui.wpf\18.4.1\lib\net462\ReactiveUI.Wpf.dll". [C:\Users\ultra\warewolf\Dev\Dev2.Infrastructure.Tests\Dev2.Infrastructure.Tests.csproj]
C:\Program Files\dotnet\sdk\10.0.201\Microsoft.Common.CurrentVersion.targets(2451,5): warning MSB3277:             C:\Users\ultra\.nuget\packages\reactiveui.wpf\18.4.1\lib\net462\ReactiveUI.Wpf.dll [C:\Users\ultra\warewolf\Dev\Dev2.Infrastructure.Tests\Dev2.Infrastructure.Tests.csproj]
C:\Users\ultra\warewolf\Dev\Warewolf.UnitTestAttributes\Depends.cs(587,5): warning SYSLIB0014: 'WebClient.WebClient()' is obsolete: 'WebRequest, HttpWebRequest, ServicePoint, and WebClient are obsolete. Use HttpClient instead.' (https://aka.ms/dotnet-warnings/SYSLIB0014) [C:\Users\ultra\warewolf\Dev\Dev2.Infrastructure.Tests\Dev2.Infrastructure.Tests.csproj]
C:\Users\ultra\warewolf\Dev\Warewolf.UnitTestAttributes\Depends.cs(309,33): warning SYSLIB0014: 'WebClient.WebClient()' is obsolete: 'WebRequest, HttpWebRequest, ServicePoint, and WebClient are obsolete. Use HttpClient instead.' (https://aka.ms/dotnet-warnings/SYSLIB0014) [C:\Users\ultra\warewolf\Dev\Dev2.Infrastructure.Tests\Dev2.Infrastructure.Tests.csproj]
C:\Users\ultra\warewolf\Dev\Warewolf.UnitTestAttributes\Depends.cs(523,30): warning SYSLIB0014: 'WebClient.WebClient()' is obsolete: 'WebRequest, HttpWebRequest, ServicePoint, and WebClient are obsolete. Use HttpClient instead.' (https://aka.ms/dotnet-warnings/SYSLIB0014) [C:\Users\ultra\warewolf\Dev\Dev2.Infrastructure.Tests\Dev2.Infrastructure.Tests.csproj]
C:\Users\ultra\warewolf\Dev\Dev2.Infrastructure.Tests\MoqInstallerActions\IntallerActionsForDevelopmentTest.cs(30,31): warning CA1416: This call site is reachable on all platforms. 'WindowsIdentity.GetCurrent(bool)' is only supported on: 'windows'. (https://learn.microsoft.com/dotnet/fundamentals/code-analysis/quality-rules/ca1416) [C:\Users\ultra\warewolf\Dev\Dev2.Infrastructure.Tests\Dev2.Infrastructure.Tests.csproj]
C:\Users\ultra\warewolf\Dev\Dev2.Infrastructure.Tests\MoqInstallerActions\IntallerActionsForDevelopmentTest.cs(57,31): warning CA1416: This call site is reachable on all platforms. 'WindowsIdentity.GetCurrent(bool)' is only supported on: 'windows'. (https://learn.microsoft.com/dotnet/fundamentals/code-analysis/quality-rules/ca1416) [C:\Users\ultra\warewolf\Dev\Dev2.Infrastructure.Tests\Dev2.Infrastructure.Tests.csproj]
C:\Users\ultra\warewolf\Dev\Dev2.Infrastructure.Tests\MoqInstallerActions\IntallerActionsForDevelopmentTest.cs(67,57): warning CA1416: This call site is reachable on all platforms. 'WindowsIdentity.Name' is only supported on: 'windows'. (https://learn.microsoft.com/dotnet/fundamentals/code-analysis/quality-rules/ca1416) [C:\Users\ultra\warewolf\Dev\Dev2.Infrastructure.Tests\Dev2.Infrastructure.Tests.csproj]
C:\Users\ultra\warewolf\Dev\Dev2.Infrastructure.Tests\MoqInstallerActions\IntallerActionsForDevelopmentTest.cs(40,57): warning CA1416: This call site is reachable on all platforms. 'WindowsIdentity.Name' is only supported on: 'windows'. (https://learn.microsoft.com/dotnet/fundamentals/code-analysis/quality-rules/ca1416) [C:\Users\ultra\warewolf\Dev\Dev2.Infrastructure.Tests\Dev2.Infrastructure.Tests.csproj]
  Dev2.Infrastructure.Tests -> C:\Users\ultra\warewolf\Dev\Dev2.Infrastructure.Tests\bin\Debug\net8.0\linux-x64\Dev2.Infrastructure.Tests.dll
C:\Users\ultra\warewolf\Dev\Warewolf.UnitTestAttributes\Depends.cs(587,5): warning SYSLIB0014: 'WebClient.WebClient()' is obsolete: 'WebRequest, HttpWebRequest, ServicePoint, and WebClient are obsolete. Use HttpClient instead.' (https://aka.ms/dotnet-warnings/SYSLIB0014) [C:\Users\ultra\warewolf\Dev\Dev2.Infrastructure.Tests\Dev2.Infrastructure.Tests.csproj]
C:\Users\ultra\warewolf\Dev\Warewolf.UnitTestAttributes\Depends.cs(309,33): warning SYSLIB0014: 'WebClient.WebClient()' is obsolete: 'WebRequest, HttpWebRequest, ServicePoint, and WebClient are obsolete. Use HttpClient instead.' (https://aka.ms/dotnet-warnings/SYSLIB0014) [C:\Users\ultra\warewolf\Dev\Dev2.Infrastructure.Tests\Dev2.Infrastructure.Tests.csproj]
C:\Users\ultra\warewolf\Dev\Warewolf.UnitTestAttributes\Depends.cs(523,30): warning SYSLIB0014: 'WebClient.WebClient()' is obsolete: 'WebRequest, HttpWebRequest, ServicePoint, and WebClient are obsolete. Use HttpClient instead.' (https://aka.ms/dotnet-warnings/SYSLIB0014) [C:\Users\ultra\warewolf\Dev\Dev2.Infrastructure.Tests\Dev2.Infrastructure.Tests.csproj]
C:\Users\ultra\warewolf\Dev\Dev2.Infrastructure.Tests\MoqInstallerActions\IntallerActionsForDevelopmentTest.cs(67,57): warning CA1416: This call site is reachable on all platforms. 'WindowsIdentity.Name' is only supported on: 'windows'. (https://learn.microsoft.com/dotnet/fundamentals/code-analysis/quality-rules/ca1416) [C:\Users\ultra\warewolf\Dev\Dev2.Infrastructure.Tests\Dev2.Infrastructure.Tests.csproj]
C:\Users\ultra\warewolf\Dev\Dev2.Infrastructure.Tests\MoqInstallerActions\IntallerActionsForDevelopmentTest.cs(30,31): warning CA1416: This call site is reachable on all platforms. 'WindowsIdentity.GetCurrent(bool)' is only supported on: 'windows'. (https://learn.microsoft.com/dotnet/fundamentals/code-analysis/quality-rules/ca1416) [C:\Users\ultra\warewolf\Dev\Dev2.Infrastructure.Tests\Dev2.Infrastructure.Tests.csproj]
C:\Users\ultra\warewolf\Dev\Dev2.Infrastructure.Tests\MoqInstallerActions\IntallerActionsForDevelopmentTest.cs(40,57): warning CA1416: This call site is reachable on all platforms. 'WindowsIdentity.Name' is only supported on: 'windows'. (https://learn.microsoft.com/dotnet/fundamentals/code-analysis/quality-rules/ca1416) [C:\Users\ultra\warewolf\Dev\Dev2.Infrastructure.Tests\Dev2.Infrastructure.Tests.csproj]
C:\Users\ultra\warewolf\Dev\Dev2.Infrastructure.Tests\MoqInstallerActions\IntallerActionsForDevelopmentTest.cs(57,31): warning CA1416: This call site is reachable on all platforms. 'WindowsIdentity.GetCurrent(bool)' is only supported on: 'windows'. (https://learn.microsoft.com/dotnet/fundamentals/code-analysis/quality-rules/ca1416) [C:\Users\ultra\warewolf\Dev\Dev2.Infrastructure.Tests\Dev2.Infrastructure.Tests.csproj]
  Dev2.Infrastructure.Tests -> C:\Users\ultra\warewolf\Dev\Dev2.Infrastructure.Tests\bin\Debug\net8.0\Dev2.Infrastructure.Tests.dll
  Warewolf.Trigger.Queue -> C:\Users\ultra\warewolf\Dev\Warewolf.Trigger.Queue\bin\Debug\net8.0\Warewolf.Trigger.Queue.dll
C:\Program Files\dotnet\sdk\10.0.201\Microsoft.Common.CurrentVersion.targets(2451,5): warning MSB3277: Found conflicts between different versions of "WindowsBase" that could not be resolved. [C:\Users\ultra\warewolf\Dev\Dev2.Common.Tests\Dev2.Common.Tests.csproj]
C:\Program Files\dotnet\sdk\10.0.201\Microsoft.Common.CurrentVersion.targets(2451,5): warning MSB3277: There was a conflict between "WindowsBase, Version=4.0.0.0, Culture=neutral, PublicKeyToken=31bf3856ad364e35" and "WindowsBase, Version=6.0.2.0, Culture=neutral, PublicKeyToken=31bf3856ad364e35". [C:\Users\ultra\warewolf\Dev\Dev2.Common.Tests\Dev2.Common.Tests.csproj]
C:\Program Files\dotnet\sdk\10.0.201\Microsoft.Common.CurrentVersion.targets(2451,5): warning MSB3277:     "WindowsBase, Version=4.0.0.0, Culture=neutral, PublicKeyToken=31bf3856ad364e35" was chosen because it was primary and "WindowsBase, Version=6.0.2.0, Culture=neutral, PublicKeyToken=31bf3856ad364e35" was not. [C:\Users\ultra\warewolf\Dev\Dev2.Common.Tests\Dev2.Common.Tests.csproj]
C:\Program Files\dotnet\sdk\10.0.201\Microsoft.Common.CurrentVersion.targets(2451,5): warning MSB3277:     References which depend on "WindowsBase, Version=4.0.0.0, Culture=neutral, PublicKeyToken=31bf3856ad364e35" [C:\Program Files\dotnet\packs\Microsoft.NETCore.App.Ref\8.0.25\ref\net8.0\WindowsBase.dll]. [C:\Users\ultra\warewolf\Dev\Dev2.Common.Tests\Dev2.Common.Tests.csproj]
C:\Program Files\dotnet\sdk\10.0.201\Microsoft.Common.CurrentVersion.targets(2451,5): warning MSB3277:         C:\Program Files\dotnet\packs\Microsoft.NETCore.App.Ref\8.0.25\ref\net8.0\WindowsBase.dll [C:\Users\ultra\warewolf\Dev\Dev2.Common.Tests\Dev2.Common.Tests.csproj]
C:\Program Files\dotnet\sdk\10.0.201\Microsoft.Common.CurrentVersion.targets(2451,5): warning MSB3277:           Project file item includes which caused reference "C:\Program Files\dotnet\packs\Microsoft.NETCore.App.Ref\8.0.25\ref\net8.0\WindowsBase.dll". [C:\Users\ultra\warewolf\Dev\Dev2.Common.Tests\Dev2.Common.Tests.csproj]
C:\Program Files\dotnet\sdk\10.0.201\Microsoft.Common.CurrentVersion.targets(2451,5): warning MSB3277:             C:\Program Files\dotnet\packs\Microsoft.NETCore.App.Ref\8.0.25\ref/net8.0/WindowsBase.dll [C:\Users\ultra\warewolf\Dev\Dev2.Common.Tests\Dev2.Common.Tests.csproj]
C:\Program Files\dotnet\sdk\10.0.201\Microsoft.Common.CurrentVersion.targets(2451,5): warning MSB3277:     References which depend on or have been unified to "WindowsBase, Version=6.0.2.0, Culture=neutral, PublicKeyToken=31bf3856ad364e35" []. [C:\Users\ultra\warewolf\Dev\Dev2.Common.Tests\Dev2.Common.Tests.csproj]
C:\Program Files\dotnet\sdk\10.0.201\Microsoft.Common.CurrentVersion.targets(2451,5): warning MSB3277:         C:\Users\ultra\.nuget\packages\caliburn.micro\4.0.212\lib\netcoreapp3.1\Caliburn.Micro.Platform.dll [C:\Users\ultra\warewolf\Dev\Dev2.Common.Tests\Dev2.Common.Tests.csproj]
C:\Program Files\dotnet\sdk\10.0.201\Microsoft.Common.CurrentVersion.targets(2451,5): warning MSB3277:           Project file item includes which caused reference "C:\Users\ultra\.nuget\packages\caliburn.micro\4.0.212\lib\netcoreapp3.1\Caliburn.Micro.Platform.dll". [C:\Users\ultra\warewolf\Dev\Dev2.Common.Tests\Dev2.Common.Tests.csproj]
C:\Program Files\dotnet\sdk\10.0.201\Microsoft.Common.CurrentVersion.targets(2451,5): warning MSB3277:             C:\Users\ultra\.nuget\packages\caliburn.micro\4.0.212\lib\netcoreapp3.1\Caliburn.Micro.Platform.dll [C:\Users\ultra\warewolf\Dev\Dev2.Common.Tests\Dev2.Common.Tests.csproj]
C:\Program Files\dotnet\sdk\10.0.201\Microsoft.Common.CurrentVersion.targets(2451,5): warning MSB3277:         C:\Users\ultra\.nuget\packages\ironpython\3.4.0\lib\net6.0\IronPython.Wpf.dll [C:\Users\ultra\warewolf\Dev\Dev2.Common.Tests\Dev2.Common.Tests.csproj]
C:\Program Files\dotnet\sdk\10.0.201\Microsoft.Common.CurrentVersion.targets(2451,5): warning MSB3277:           Project file item includes which caused reference "C:\Users\ultra\.nuget\packages\ironpython\3.4.0\lib\net6.0\IronPython.Wpf.dll". [C:\Users\ultra\warewolf\Dev\Dev2.Common.Tests\Dev2.Common.Tests.csproj]
C:\Program Files\dotnet\sdk\10.0.201\Microsoft.Common.CurrentVersion.targets(2451,5): warning MSB3277:             C:\Users\ultra\.nuget\packages\ironpython\3.4.0\lib\net6.0\IronPython.Wpf.dll [C:\Users\ultra\warewolf\Dev\Dev2.Common.Tests\Dev2.Common.Tests.csproj]
C:\Program Files\dotnet\sdk\10.0.201\Microsoft.Common.CurrentVersion.targets(2451,5): warning MSB3277:         C:\Users\ultra\.nuget\packages\microsoft.xaml.behaviors.wpf\1.1.122\lib\net462\Microsoft.Xaml.Behaviors.dll [C:\Users\ultra\warewolf\Dev\Dev2.Common.Tests\Dev2.Common.Tests.csproj]
C:\Program Files\dotnet\sdk\10.0.201\Microsoft.Common.CurrentVersion.targets(2451,5): warning MSB3277:           Project file item includes which caused reference "C:\Users\ultra\.nuget\packages\microsoft.xaml.behaviors.wpf\1.1.122\lib\net462\Microsoft.Xaml.Behaviors.dll". [C:\Users\ultra\warewolf\Dev\Dev2.Common.Tests\Dev2.Common.Tests.csproj]
C:\Program Files\dotnet\sdk\10.0.201\Microsoft.Common.CurrentVersion.targets(2451,5): warning MSB3277:             C:\Users\ultra\.nuget\packages\microsoft.xaml.behaviors.wpf\1.1.122\lib\net462\Microsoft.Xaml.Behaviors.dll [C:\Users\ultra\warewolf\Dev\Dev2.Common.Tests\Dev2.Common.Tests.csproj]
C:\Program Files\dotnet\sdk\10.0.201\Microsoft.Common.CurrentVersion.targets(2451,5): warning MSB3277:             C:\Users\ultra\.nuget\packages\caliburn.micro\4.0.212\lib\netcoreapp3.1\Caliburn.Micro.Platform.dll [C:\Users\ultra\warewolf\Dev\Dev2.Common.Tests\Dev2.Common.Tests.csproj]
C:\Program Files\dotnet\sdk\10.0.201\Microsoft.Common.CurrentVersion.targets(2451,5): warning MSB3277:             C:\Users\ultra\.nuget\packages\prism.wpf\9.0.537\lib\net462\Prism.Wpf.dll [C:\Users\ultra\warewolf\Dev\Dev2.Common.Tests\Dev2.Common.Tests.csproj]
C:\Program Files\dotnet\sdk\10.0.201\Microsoft.Common.CurrentVersion.targets(2451,5): warning MSB3277:         C:\Users\ultra\.nuget\packages\prism.wpf\9.0.537\lib\net462\Prism.Wpf.dll [C:\Users\ultra\warewolf\Dev\Dev2.Common.Tests\Dev2.Common.Tests.csproj]
C:\Program Files\dotnet\sdk\10.0.201\Microsoft.Common.CurrentVersion.targets(2451,5): warning MSB3277:           Project file item includes which caused reference "C:\Users\ultra\.nuget\packages\prism.wpf\9.0.537\lib\net462\Prism.Wpf.dll". [C:\Users\ultra\warewolf\Dev\Dev2.Common.Tests\Dev2.Common.Tests.csproj]
C:\Program Files\dotnet\sdk\10.0.201\Microsoft.Common.CurrentVersion.targets(2451,5): warning MSB3277:             C:\Users\ultra\.nuget\packages\prism.wpf\9.0.537\lib\net462\Prism.Wpf.dll [C:\Users\ultra\warewolf\Dev\Dev2.Common.Tests\Dev2.Common.Tests.csproj]
C:\Program Files\dotnet\sdk\10.0.201\Microsoft.Common.CurrentVersion.targets(2451,5): warning MSB3277:         C:\Users\ultra\.nuget\packages\reactiveui.wpf\18.4.1\lib\net462\ReactiveUI.Wpf.dll [C:\Users\ultra\warewolf\Dev\Dev2.Common.Tests\Dev2.Common.Tests.csproj]
C:\Program Files\dotnet\sdk\10.0.201\Microsoft.Common.CurrentVersion.targets(2451,5): warning MSB3277:           Project file item includes which caused reference "C:\Users\ultra\.nuget\packages\reactiveui.wpf\18.4.1\lib\net462\ReactiveUI.Wpf.dll". [C:\Users\ultra\warewolf\Dev\Dev2.Common.Tests\Dev2.Common.Tests.csproj]
C:\Program Files\dotnet\sdk\10.0.201\Microsoft.Common.CurrentVersion.targets(2451,5): warning MSB3277:             C:\Users\ultra\.nuget\packages\reactiveui.wpf\18.4.1\lib\net462\ReactiveUI.Wpf.dll [C:\Users\ultra\warewolf\Dev\Dev2.Common.Tests\Dev2.Common.Tests.csproj]
C:\Program Files\dotnet\sdk\10.0.201\Microsoft.Common.CurrentVersion.targets(2451,5): warning MSB3277: Found conflicts between different versions of "System.Drawing.Common" that could not be resolved. [C:\Users\ultra\warewolf\Dev\Dev2.Common.Tests\Dev2.Common.Tests.csproj]
C:\Program Files\dotnet\sdk\10.0.201\Microsoft.Common.CurrentVersion.targets(2451,5): warning MSB3277: There was a conflict between "System.Drawing.Common, Version=6.0.0.0, Culture=neutral, PublicKeyToken=cc7b13ffcd2ddd51" and "System.Drawing.Common, Version=8.0.0.0, Culture=neutral, PublicKeyToken=cc7b13ffcd2ddd51". [C:\Users\ultra\warewolf\Dev\Dev2.Common.Tests\Dev2.Common.Tests.csproj]
C:\Program Files\dotnet\sdk\10.0.201\Microsoft.Common.CurrentVersion.targets(2451,5): warning MSB3277:     "System.Drawing.Common, Version=6.0.0.0, Culture=neutral, PublicKeyToken=cc7b13ffcd2ddd51" was chosen because it was primary and "System.Drawing.Common, Version=8.0.0.0, Culture=neutral, PublicKeyToken=cc7b13ffcd2ddd51" was not. [C:\Users\ultra\warewolf\Dev\Dev2.Common.Tests\Dev2.Common.Tests.csproj]
C:\Program Files\dotnet\sdk\10.0.201\Microsoft.Common.CurrentVersion.targets(2451,5): warning MSB3277:     References which depend on "System.Drawing.Common, Version=6.0.0.0, Culture=neutral, PublicKeyToken=cc7b13ffcd2ddd51" [C:\Users\ultra\.nuget\packages\system.drawing.common\6.0.0\lib\net6.0\System.Drawing.Common.dll]. [C:\Users\ultra\warewolf\Dev\Dev2.Common.Tests\Dev2.Common.Tests.csproj]
C:\Program Files\dotnet\sdk\10.0.201\Microsoft.Common.CurrentVersion.targets(2451,5): warning MSB3277:         C:\Users\ultra\.nuget\packages\system.drawing.common\6.0.0\lib\net6.0\System.Drawing.Common.dll [C:\Users\ultra\warewolf\Dev\Dev2.Common.Tests\Dev2.Common.Tests.csproj]
C:\Program Files\dotnet\sdk\10.0.201\Microsoft.Common.CurrentVersion.targets(2451,5): warning MSB3277:           Project file item includes which caused reference "C:\Users\ultra\.nuget\packages\system.drawing.common\6.0.0\lib\net6.0\System.Drawing.Common.dll". [C:\Users\ultra\warewolf\Dev\Dev2.Common.Tests\Dev2.Common.Tests.csproj]
C:\Program Files\dotnet\sdk\10.0.201\Microsoft.Common.CurrentVersion.targets(2451,5): warning MSB3277:             C:\Users\ultra\.nuget\packages\system.drawing.common\6.0.0\lib\net6.0\System.Drawing.Common.dll [C:\Users\ultra\warewolf\Dev\Dev2.Common.Tests\Dev2.Common.Tests.csproj]
C:\Program Files\dotnet\sdk\10.0.201\Microsoft.Common.CurrentVersion.targets(2451,5): warning MSB3277:     References which depend on or have been unified to "System.Drawing.Common, Version=8.0.0.0, Culture=neutral, PublicKeyToken=cc7b13ffcd2ddd51" []. [C:\Users\ultra\warewolf\Dev\Dev2.Common.Tests\Dev2.Common.Tests.csproj]
C:\Program Files\dotnet\sdk\10.0.201\Microsoft.Common.CurrentVersion.targets(2451,5): warning MSB3277:         C:\Users\ultra\.nuget\packages\servicestack\6.3.0\lib\net6.0\ServiceStack.dll [C:\Users\ultra\warewolf\Dev\Dev2.Common.Tests\Dev2.Common.Tests.csproj]
C:\Program Files\dotnet\sdk\10.0.201\Microsoft.Common.CurrentVersion.targets(2451,5): warning MSB3277:           Project file item includes which caused reference "C:\Users\ultra\.nuget\packages\servicestack\6.3.0\lib\net6.0\ServiceStack.dll". [C:\Users\ultra\warewolf\Dev\Dev2.Common.Tests\Dev2.Common.Tests.csproj]
C:\Program Files\dotnet\sdk\10.0.201\Microsoft.Common.CurrentVersion.targets(2451,5): warning MSB3277:             C:\Users\ultra\.nuget\packages\servicestack\6.3.0\lib\net6.0\ServiceStack.dll [C:\Users\ultra\warewolf\Dev\Dev2.Common.Tests\Dev2.Common.Tests.csproj]
C:\Program Files\dotnet\sdk\10.0.201\Microsoft.Common.CurrentVersion.targets(2451,5): warning MSB3277:         C:\Users\ultra\.nuget\packages\system.windows.extensions\8.0.0\lib\net8.0\System.Windows.Extensions.dll [C:\Users\ultra\warewolf\Dev\Dev2.Common.Tests\Dev2.Common.Tests.csproj]
C:\Program Files\dotnet\sdk\10.0.201\Microsoft.Common.CurrentVersion.targets(2451,5): warning MSB3277:           Project file item includes which caused reference "C:\Users\ultra\.nuget\packages\system.windows.extensions\8.0.0\lib\net8.0\System.Windows.Extensions.dll". [C:\Users\ultra\warewolf\Dev\Dev2.Common.Tests\Dev2.Common.Tests.csproj]
C:\Program Files\dotnet\sdk\10.0.201\Microsoft.Common.CurrentVersion.targets(2451,5): warning MSB3277:             C:\Users\ultra\.nuget\packages\system.windows.extensions\8.0.0\lib\net8.0\System.Windows.Extensions.dll [C:\Users\ultra\warewolf\Dev\Dev2.Common.Tests\Dev2.Common.Tests.csproj]
C:\Program Files\dotnet\sdk\10.0.201\Microsoft.Common.CurrentVersion.targets(2451,5): warning MSB3277:             C:\Users\ultra\.nuget\packages\system.security.permissions\8.0.0\lib\net8.0\System.Security.Permissions.dll [C:\Users\ultra\warewolf\Dev\Dev2.Common.Tests\Dev2.Common.Tests.csproj]
C:\Program Files\dotnet\sdk\10.0.201\Microsoft.Common.CurrentVersion.targets(2451,5): warning MSB3277:             C:\Users\ultra\warewolf\Dev\Dev2.Data\bin\Debug\net8.0\Dev2.Data.dll [C:\Users\ultra\warewolf\Dev\Dev2.Common.Tests\Dev2.Common.Tests.csproj]
C:\Program Files\dotnet\sdk\10.0.201\Microsoft.Common.CurrentVersion.targets(2451,5): warning MSB3277:             C:\Users\ultra\warewolf\Dev\Dev2.Activities\bin\Debug\net8.0\Dev2.Activities.dll [C:\Users\ultra\warewolf\Dev\Dev2.Common.Tests\Dev2.Common.Tests.csproj]
C:\Program Files\dotnet\sdk\10.0.201\Microsoft.Common.CurrentVersion.targets(2451,5): warning MSB3277:             C:\Users\ultra\warewolf\Dev\Dev2.Infrastructure.Tests\bin\Debug\net8.0\Dev2.Infrastructure.Tests.dll [C:\Users\ultra\warewolf\Dev\Dev2.Common.Tests\Dev2.Common.Tests.csproj]
C:\Program Files\dotnet\sdk\10.0.201\Microsoft.Common.CurrentVersion.targets(2451,5): warning MSB3277:             C:\Users\ultra\warewolf\Dev\Dev2.Runtime.Services\bin\Debug\net8.0\Dev2.Runtime.Services.dll [C:\Users\ultra\warewolf\Dev\Dev2.Common.Tests\Dev2.Common.Tests.csproj]
C:\Program Files\dotnet\sdk\10.0.201\Microsoft.Common.CurrentVersion.targets(2451,5): warning MSB3277:             C:\Users\ultra\warewolf\Dev\Dev2.Studio.Core\bin\Debug\net8.0\Dev2.Studio.Core.dll [C:\Users\ultra\warewolf\Dev\Dev2.Common.Tests\Dev2.Common.Tests.csproj]
C:\Program Files\dotnet\sdk\10.0.201\Microsoft.Common.CurrentVersion.targets(2451,5): warning MSB3277:             C:\Users\ultra\warewolf\Dev\Dev2.Core\bin\Debug\net8.0\Dev2.Core.dll [C:\Users\ultra\warewolf\Dev\Dev2.Common.Tests\Dev2.Common.Tests.csproj]
C:\Program Files\dotnet\sdk\10.0.201\Microsoft.Common.CurrentVersion.targets(2451,5): warning MSB3277:             C:\Users\ultra\warewolf\Dev\Dev2.Runtime\bin\Debug\net8.0\Dev2.Runtime.dll [C:\Users\ultra\warewolf\Dev\Dev2.Common.Tests\Dev2.Common.Tests.csproj]
C:\Program Files\dotnet\sdk\10.0.201\Microsoft.Common.CurrentVersion.targets(2451,5): warning MSB3277:             C:\Users\ultra\warewolf\Dev\Dev2.Runtime.WebServer\bin\Debug\net8.0\Dev2.Runtime.WebServer.dll [C:\Users\ultra\warewolf\Dev\Dev2.Common.Tests\Dev2.Common.Tests.csproj]
C:\Program Files\dotnet\sdk\10.0.201\Microsoft.Common.CurrentVersion.targets(2451,5): warning MSB3277:             C:\Users\ultra\warewolf\Dev\Dev2.Scheduler\bin\Debug\net8.0\Dev2.Scheduler.dll [C:\Users\ultra\warewolf\Dev\Dev2.Common.Tests\Dev2.Common.Tests.csproj]
C:\Program Files\dotnet\sdk\10.0.201\Microsoft.Common.CurrentVersion.targets(2451,5): warning MSB3277:             C:\Users\ultra\warewolf\Dev\Dev2.Services.Execution\bin\Debug\net8.0\Dev2.Services.Execution.dll [C:\Users\ultra\warewolf\Dev\Dev2.Common.Tests\Dev2.Common.Tests.csproj]
C:\Program Files\dotnet\sdk\10.0.201\Microsoft.Common.CurrentVersion.targets(2451,5): warning MSB3277:             C:\Users\ultra\warewolf\Dev\Dev2.Studio.Interfaces\bin\Debug\net8.0\Dev2.Studio.Interfaces.dll [C:\Users\ultra\warewolf\Dev\Dev2.Common.Tests\Dev2.Common.Tests.csproj]
C:\Program Files\dotnet\sdk\10.0.201\Microsoft.Common.CurrentVersion.targets(2451,5): warning MSB3277:             C:\Users\ultra\warewolf\Dev\Warewolf.Auditing\bin\Debug\net8.0\Warewolf.Auditing.dll [C:\Users\ultra\warewolf\Dev\Dev2.Common.Tests\Dev2.Common.Tests.csproj]
C:\Program Files\dotnet\sdk\10.0.201\Microsoft.Common.CurrentVersion.targets(2451,5): warning MSB3277:             C:\Users\ultra\warewolf\Dev\Warewolf.Common.Framework48\bin\Debug\net8.0\Warewolf.Common.Framework48.dll [C:\Users\ultra\warewolf\Dev\Dev2.Common.Tests\Dev2.Common.Tests.csproj]
C:\Program Files\dotnet\sdk\10.0.201\Microsoft.Common.CurrentVersion.targets(2451,5): warning MSB3277:             C:\Users\ultra\warewolf\Dev\Warewolf.Common.NetStandard20\bin\Debug\net8.0\Warewolf.Common.NetStandard20.dll [C:\Users\ultra\warewolf\Dev\Dev2.Common.Tests\Dev2.Common.Tests.csproj]
C:\Program Files\dotnet\sdk\10.0.201\Microsoft.Common.CurrentVersion.targets(2451,5): warning MSB3277:             C:\Users\ultra\warewolf\Dev\Warewolf.Core\bin\Debug\net8.0\Warewolf.Core.dll [C:\Users\ultra\warewolf\Dev\Dev2.Common.Tests\Dev2.Common.Tests.csproj]
C:\Program Files\dotnet\sdk\10.0.201\Microsoft.Common.CurrentVersion.targets(2451,5): warning MSB3277:             C:\Users\ultra\warewolf\Dev\Warewolf.Driver.Persistence\bin\Debug\net8.0\Warewolf.Driver.Persistence.dll [C:\Users\ultra\warewolf\Dev\Dev2.Common.Tests\Dev2.Common.Tests.csproj]
C:\Program Files\dotnet\sdk\10.0.201\Microsoft.Common.CurrentVersion.targets(2451,5): warning MSB3277:             C:\Users\ultra\warewolf\Dev\Warewolf.Exchange.Email.Wrapper\bin\Debug\net8.0\Warewolf.Exchange.Email.Wrapper.dll [C:\Users\ultra\warewolf\Dev\Dev2.Common.Tests\Dev2.Common.Tests.csproj]
C:\Program Files\dotnet\sdk\10.0.201\Microsoft.Common.CurrentVersion.targets(2451,5): warning MSB3277:             C:\Users\ultra\warewolf\Dev\Warewolf.ResourceManagement\bin\Debug\net8.0\Warewolf.ResourceManagement.dll [C:\Users\ultra\warewolf\Dev\Dev2.Common.Tests\Dev2.Common.Tests.csproj]
C:\Program Files\dotnet\sdk\10.0.201\Microsoft.Common.CurrentVersion.targets(2451,5): warning MSB3277:             C:\Users\ultra\warewolf\Dev\Warewolf.Studio.Core\bin\Debug\net8.0\Warewolf.Studio.Core.dll [C:\Users\ultra\warewolf\Dev\Dev2.Common.Tests\Dev2.Common.Tests.csproj]
C:\Program Files\dotnet\sdk\10.0.201\Microsoft.Common.CurrentVersion.targets(2451,5): warning MSB3277:             C:\Users\ultra\warewolf\Dev\Warewolf.Testing\bin\Debug\net8.0\Warewolf.Testing.dll [C:\Users\ultra\warewolf\Dev\Dev2.Common.Tests\Dev2.Common.Tests.csproj]
C:\Program Files\dotnet\sdk\10.0.201\Microsoft.Common.CurrentVersion.targets(2451,5): warning MSB3277:             C:\Users\ultra\.nuget\packages\dotnetzip\1.16.0\lib\netstandard2.0\DotNetZip.dll [C:\Users\ultra\warewolf\Dev\Dev2.Common.Tests\Dev2.Common.Tests.csproj]
C:\Program Files\dotnet\sdk\10.0.201\Microsoft.Common.CurrentVersion.targets(2451,5): warning MSB3277:             C:\Users\ultra\warewolf\Dev\Dev2.Common\bin\Debug\net8.0\Dev2.Common.dll [C:\Users\ultra\warewolf\Dev\Dev2.Common.Tests\Dev2.Common.Tests.csproj]
C:\Program Files\dotnet\sdk\10.0.201\Microsoft.Common.CurrentVersion.targets(2451,5): warning MSB3277:             C:\Users\ultra\warewolf\Dev\Dev2.Data.Interfaces\bin\Debug\net8.0\Dev2.Data.Interfaces.dll [C:\Users\ultra\warewolf\Dev\Dev2.Common.Tests\Dev2.Common.Tests.csproj]
C:\Program Files\dotnet\sdk\10.0.201\Microsoft.Common.CurrentVersion.targets(2451,5): warning MSB3277:             C:\Users\ultra\warewolf\Dev\Dev2.Diagnostics\bin\Debug\net8.0\Dev2.Diagnostics.dll [C:\Users\ultra\warewolf\Dev\Dev2.Common.Tests\Dev2.Common.Tests.csproj]
C:\Program Files\dotnet\sdk\10.0.201\Microsoft.Common.CurrentVersion.targets(2451,5): warning MSB3277:             C:\Users\ultra\warewolf\Dev\Dev2.Infrastructure\bin\Debug\net8.0\Dev2.Infrastructure.dll [C:\Users\ultra\warewolf\Dev\Dev2.Common.Tests\Dev2.Common.Tests.csproj]
C:\Program Files\dotnet\sdk\10.0.201\Microsoft.Common.CurrentVersion.targets(2451,5): warning MSB3277:             C:\Users\ultra\warewolf\Dev\Dev2.Development.Languages\bin\Debug\net8.0\Dev2.Development.Languages.dll [C:\Users\ultra\warewolf\Dev\Dev2.Common.Tests\Dev2.Common.Tests.csproj]
C:\Program Files\dotnet\sdk\10.0.201\Microsoft.Common.CurrentVersion.targets(2451,5): warning MSB3277:             C:\Users\ultra\warewolf\Dev\Dev2.Services.Sql\bin\Debug\net8.0\Dev2.Services.Sql.dll [C:\Users\ultra\warewolf\Dev\Dev2.Common.Tests\Dev2.Common.Tests.csproj]
C:\Program Files\dotnet\sdk\10.0.201\Microsoft.Common.CurrentVersion.targets(2451,5): warning MSB3277:             C:\Users\ultra\warewolf\Dev\Dev2.TaskScheduler.Wrappers\bin\Debug\net8.0\Dev2.TaskScheduler.Wrappers.dll [C:\Users\ultra\warewolf\Dev\Dev2.Common.Tests\Dev2.Common.Tests.csproj]
C:\Program Files\dotnet\sdk\10.0.201\Microsoft.Common.CurrentVersion.targets(2451,5): warning MSB3277:             C:\Users\ultra\warewolf\Dev\Dev2.Util\bin\Debug\net8.0\Dev2.Util.dll [C:\Users\ultra\warewolf\Dev\Dev2.Common.Tests\Dev2.Common.Tests.csproj]
C:\Program Files\dotnet\sdk\10.0.201\Microsoft.Common.CurrentVersion.targets(2451,5): warning MSB3277:             C:\Users\ultra\warewolf\Dev\Warewolf.AI.Harness\bin\Debug\net8.0\Warewolf.AI.Harness.dll [C:\Users\ultra\warewolf\Dev\Dev2.Common.Tests\Dev2.Common.Tests.csproj]
C:\Program Files\dotnet\sdk\10.0.201\Microsoft.Common.CurrentVersion.targets(2451,5): warning MSB3277:             C:\Users\ultra\warewolf\Dev\Warewolf.Driver.Serilog\bin\Debug\net8.0\Warewolf.Driver.Serilog.dll [C:\Users\ultra\warewolf\Dev\Dev2.Common.Tests\Dev2.Common.Tests.csproj]
C:\Program Files\dotnet\sdk\10.0.201\Microsoft.Common.CurrentVersion.targets(2451,5): warning MSB3277:             C:\Users\ultra\warewolf\Dev\Warewolf.Sharepoint\bin\Debug\net8.0\Warewolf.Sharepoint.dll [C:\Users\ultra\warewolf\Dev\Dev2.Common.Tests\Dev2.Common.Tests.csproj]
C:\Program Files\dotnet\sdk\10.0.201\Microsoft.Common.CurrentVersion.targets(2451,5): warning MSB3277:             C:\Users\ultra\warewolf\Dev\Warewolf.Storage\bin\Debug\net8.0\Warewolf.Storage.dll [C:\Users\ultra\warewolf\Dev\Dev2.Common.Tests\Dev2.Common.Tests.csproj]
C:\Program Files\dotnet\sdk\10.0.201\Microsoft.Common.CurrentVersion.targets(2451,5): warning MSB3277:             C:\Users\ultra\.nuget\packages\mindbox.data.linq\5.0.0\lib\netstandard2.0\Mindbox.Data.Linq.dll [C:\Users\ultra\warewolf\Dev\Dev2.Common.Tests\Dev2.Common.Tests.csproj]
C:\Program Files\dotnet\sdk\10.0.201\Microsoft.Common.CurrentVersion.targets(2451,5): warning MSB3277:             C:\Users\ultra\.nuget\packages\mysql.data\8.4.0\lib\net8.0\MySql.Data.dll [C:\Users\ultra\warewolf\Dev\Dev2.Common.Tests\Dev2.Common.Tests.csproj]
C:\Program Files\dotnet\sdk\10.0.201\Microsoft.Common.CurrentVersion.targets(2451,5): warning MSB3277:             C:\Users\ultra\.nuget\packages\oracle.manageddataaccess.core\3.21.70\lib\netstandard2.1\Oracle.ManagedDataAccess.dll [C:\Users\ultra\warewolf\Dev\Dev2.Common.Tests\Dev2.Common.Tests.csproj]
C:\Program Files\dotnet\sdk\10.0.201\Microsoft.Common.CurrentVersion.targets(2451,5): warning MSB3277:             C:\Users\ultra\.nuget\packages\system.directoryservices\6.0.0\lib\net6.0\System.DirectoryServices.dll [C:\Users\ultra\warewolf\Dev\Dev2.Common.Tests\Dev2.Common.Tests.csproj]
C:\Program Files\dotnet\sdk\10.0.201\Microsoft.Common.CurrentVersion.targets(2451,5): warning MSB3277:             C:\Users\ultra\.nuget\packages\corewcf.primitives\1.2.1\lib\netstandard2.0\CoreWCF.Primitives.dll [C:\Users\ultra\warewolf\Dev\Dev2.Common.Tests\Dev2.Common.Tests.csproj]
C:\Program Files\dotnet\sdk\10.0.201\Microsoft.Common.CurrentVersion.targets(2451,5): warning MSB3277:             C:\Users\ultra\.nuget\packages\corewcf.http\1.2.1\lib\netstandard2.0\CoreWCF.Http.dll [C:\Users\ultra\warewolf\Dev\Dev2.Common.Tests\Dev2.Common.Tests.csproj]
C:\Program Files\dotnet\sdk\10.0.201\Microsoft.Common.CurrentVersion.targets(2451,5): warning MSB3277:             C:\Users\ultra\.nuget\packages\corewcf.nettcp\1.2.1\lib\netstandard2.0\CoreWCF.NetTcp.dll [C:\Users\ultra\warewolf\Dev\Dev2.Common.Tests\Dev2.Common.Tests.csproj]
C:\Program Files\dotnet\sdk\10.0.201\Microsoft.Common.CurrentVersion.targets(2451,5): warning MSB3277:             C:\Users\ultra\.nuget\packages\corewcf.webhttp\1.2.1\lib\netstandard2.0\CoreWCF.WebHttp.dll [C:\Users\ultra\warewolf\Dev\Dev2.Common.Tests\Dev2.Common.Tests.csproj]
C:\Program Files\dotnet\sdk\10.0.201\Microsoft.Common.CurrentVersion.targets(2451,5): warning MSB3277:             C:\Program Files\dotnet\packs\Microsoft.NETCore.App.Ref\8.0.25\ref/net8.0/System.Configuration.dll [C:\Users\ultra\warewolf\Dev\Dev2.Common.Tests\Dev2.Common.Tests.csproj]
C:\Program Files\dotnet\sdk\10.0.201\Microsoft.Common.CurrentVersion.targets(2451,5): warning MSB3277:             C:\Users\ultra\.nuget\packages\prism.wpf\9.0.537\lib\net462\Prism.Wpf.dll [C:\Users\ultra\warewolf\Dev\Dev2.Common.Tests\Dev2.Common.Tests.csproj]
C:\Program Files\dotnet\sdk\10.0.201\Microsoft.Common.CurrentVersion.targets(2451,5): warning MSB3277:             C:\Program Files\dotnet\packs\Microsoft.NETCore.App.Ref\8.0.25\ref/net8.0/System.Data.dll [C:\Users\ultra\warewolf\Dev\Dev2.Common.Tests\Dev2.Common.Tests.csproj]
C:\Program Files\dotnet\sdk\10.0.201\Microsoft.Common.CurrentVersion.targets(2451,5): warning MSB3277:             C:\Users\ultra\.nuget\packages\taskschedulereditor\2.10.1\lib\net452\Microsoft.Win32.TaskSchedulerEditor.dll [C:\Users\ultra\warewolf\Dev\Dev2.Common.Tests\Dev2.Common.Tests.csproj]
C:\Program Files\dotnet\sdk\10.0.201\Microsoft.Common.CurrentVersion.targets(2451,5): warning MSB3277:             C:\Program Files\dotnet\packs\Microsoft.NETCore.App.Ref\8.0.25\ref/net8.0/System.Drawing.dll [C:\Users\ultra\warewolf\Dev\Dev2.Common.Tests\Dev2.Common.Tests.csproj]
C:\Program Files\dotnet\sdk\10.0.201\Microsoft.Common.CurrentVersion.targets(2451,5): warning MSB3277:             C:\Users\ultra\.nuget\packages\aerowizard\2.3.1\lib\net45\AeroWizard.dll [C:\Users\ultra\warewolf\Dev\Dev2.Common.Tests\Dev2.Common.Tests.csproj]
C:\Program Files\dotnet\sdk\10.0.201\Microsoft.Common.CurrentVersion.targets(2451,5): warning MSB3277:             C:\Users\ultra\.nuget\packages\groupcontrols\1.9.0\lib\net45\GroupControls.dll [C:\Users\ultra\warewolf\Dev\Dev2.Common.Tests\Dev2.Common.Tests.csproj]
C:\Program Files\dotnet\sdk\10.0.201\Microsoft.Common.CurrentVersion.targets(2451,5): warning MSB3277:             C:\Program Files\dotnet\packs\Microsoft.NETCore.App.Ref\8.0.25\ref/net8.0/System.Net.dll [C:\Users\ultra\warewolf\Dev\Dev2.Common.Tests\Dev2.Common.Tests.csproj]
C:\Program Files\dotnet\sdk\10.0.201\Microsoft.Common.CurrentVersion.targets(2451,5): warning MSB3277:             C:\Program Files\dotnet\packs\Microsoft.NETCore.App.Ref\8.0.25\ref/net8.0/System.Security.dll [C:\Users\ultra\warewolf\Dev\Dev2.Common.Tests\Dev2.Common.Tests.csproj]
C:\Program Files\dotnet\sdk\10.0.201\Microsoft.Common.CurrentVersion.targets(2451,5): warning MSB3277:             C:\Program Files\dotnet\packs\Microsoft.NETCore.App.Ref\8.0.25\ref/net8.0/System.ServiceProcess.dll [C:\Users\ultra\warewolf\Dev\Dev2.Common.Tests\Dev2.Common.Tests.csproj]
C:\Program Files\dotnet\sdk\10.0.201\Microsoft.Common.CurrentVersion.targets(2451,5): warning MSB3277:             C:\Program Files\dotnet\packs\Microsoft.NETCore.App.Ref\8.0.25\ref/net8.0/System.Transactions.dll [C:\Users\ultra\warewolf\Dev\Dev2.Common.Tests\Dev2.Common.Tests.csproj]
C:\Program Files\dotnet\sdk\10.0.201\Microsoft.Common.CurrentVersion.targets(2451,5): warning MSB3277:             C:\Program Files\dotnet\packs\Microsoft.NETCore.App.Ref\8.0.25\ref/net8.0/System.dll [C:\Users\ultra\warewolf\Dev\Dev2.Common.Tests\Dev2.Common.Tests.csproj]
C:\Program Files\dotnet\sdk\10.0.201\Microsoft.Common.CurrentVersion.targets(2451,5): warning MSB3277:             C:\Users\ultra\.nuget\packages\microsoft.xaml.behaviors.wpf\1.1.122\lib\net462\Microsoft.Xaml.Behaviors.dll [C:\Users\ultra\warewolf\Dev\Dev2.Common.Tests\Dev2.Common.Tests.csproj]
C:\Program Files\dotnet\sdk\10.0.201\Microsoft.Common.CurrentVersion.targets(2451,5): warning MSB3277:             C:\Users\ultra\.nuget\packages\caliburn.micro\4.0.212\lib\netcoreapp3.1\Caliburn.Micro.Platform.dll [C:\Users\ultra\warewolf\Dev\Dev2.Common.Tests\Dev2.Common.Tests.csproj]
C:\Program Files\dotnet\sdk\10.0.201\Microsoft.Common.CurrentVersion.targets(2451,5): warning MSB3277:             C:\Users\ultra\.nuget\packages\reactiveui.wpf\18.4.1\lib\net462\ReactiveUI.Wpf.dll [C:\Users\ultra\warewolf\Dev\Dev2.Common.Tests\Dev2.Common.Tests.csproj]
C:\Program Files\dotnet\sdk\10.0.201\Microsoft.Common.CurrentVersion.targets(2451,5): warning MSB3277:             C:\Users\ultra\.nuget\packages\ttcue.netcore.sharepointonline.csom.16.1.8029.1200\16.1.8029.1200\lib\netcoreapp2.0\Microsoft.SharePoint.Client.Runtime.Windows.dll [C:\Users\ultra\warewolf\Dev\Dev2.Common.Tests\Dev2.Common.Tests.csproj]
C:\Program Files\dotnet\sdk\10.0.201\Microsoft.Common.CurrentVersion.targets(2451,5): warning MSB3277:             C:\Program Files\dotnet\packs\Microsoft.NETCore.App.Ref\8.0.25\ref/net8.0/WindowsBase.dll [C:\Users\ultra\warewolf\Dev\Dev2.Common.Tests\Dev2.Common.Tests.csproj]
C:\Program Files\dotnet\sdk\10.0.201\Microsoft.Common.CurrentVersion.targets(2451,5): warning MSB3277:             C:\Program Files\dotnet\packs\Microsoft.NETCore.App.Ref\8.0.25\ref/net8.0/mscorlib.dll [C:\Users\ultra\warewolf\Dev\Dev2.Common.Tests\Dev2.Common.Tests.csproj]
C:\Program Files\dotnet\sdk\10.0.201\Microsoft.Common.CurrentVersion.targets(2451,5): warning MSB3277:             C:\Users\ultra\.nuget\packages\hangfire.core\1.7.32\lib\netstandard2.0\Hangfire.Core.dll [C:\Users\ultra\warewolf\Dev\Dev2.Common.Tests\Dev2.Common.Tests.csproj]
C:\Program Files\dotnet\sdk\10.0.201\Microsoft.Common.CurrentVersion.targets(2451,5): warning MSB3277:             C:\Users\ultra\.nuget\packages\hangfire.sqlserver\1.7.32\lib\netstandard2.0\Hangfire.SqlServer.dll [C:\Users\ultra\warewolf\Dev\Dev2.Common.Tests\Dev2.Common.Tests.csproj]
C:\Program Files\dotnet\sdk\10.0.201\Microsoft.Common.CurrentVersion.targets(2451,5): warning MSB3277:             C:\Users\ultra\.nuget\packages\microsoft.codecoverage\17.13.0\lib\netcoreapp3.1\Microsoft.VisualStudio.CodeCoverage.Shim.dll [C:\Users\ultra\warewolf\Dev\Dev2.Common.Tests\Dev2.Common.Tests.csproj]
C:\Program Files\dotnet\sdk\10.0.201\Microsoft.Common.CurrentVersion.targets(2451,5): warning MSB3277:         C:\Program Files\dotnet\packs\Microsoft.NETCore.App.Ref\8.0.25\ref\net8.0\System.Drawing.dll [C:\Users\ultra\warewolf\Dev\Dev2.Common.Tests\Dev2.Common.Tests.csproj]
C:\Program Files\dotnet\sdk\10.0.201\Microsoft.Common.CurrentVersion.targets(2451,5): warning MSB3277:           Project file item includes which caused reference "C:\Program Files\dotnet\packs\Microsoft.NETCore.App.Ref\8.0.25\ref\net8.0\System.Drawing.dll". [C:\Users\ultra\warewolf\Dev\Dev2.Common.Tests\Dev2.Common.Tests.csproj]
C:\Program Files\dotnet\sdk\10.0.201\Microsoft.Common.CurrentVersion.targets(2451,5): warning MSB3277:             C:\Program Files\dotnet\packs\Microsoft.NETCore.App.Ref\8.0.25\ref/net8.0/System.Drawing.dll [C:\Users\ultra\warewolf\Dev\Dev2.Common.Tests\Dev2.Common.Tests.csproj]
C:\Program Files\dotnet\sdk\10.0.201\Microsoft.Common.CurrentVersion.targets(2451,5): warning MSB3277:             C:\Users\ultra\.nuget\packages\aerowizard\2.3.1\lib\net45\AeroWizard.dll [C:\Users\ultra\warewolf\Dev\Dev2.Common.Tests\Dev2.Common.Tests.csproj]
C:\Program Files\dotnet\sdk\10.0.201\Microsoft.Common.CurrentVersion.targets(2451,5): warning MSB3277:             C:\Users\ultra\.nuget\packages\groupcontrols\1.9.0\lib\net45\GroupControls.dll [C:\Users\ultra\warewolf\Dev\Dev2.Common.Tests\Dev2.Common.Tests.csproj]
C:\Program Files\dotnet\sdk\10.0.201\Microsoft.Common.CurrentVersion.targets(2451,5): warning MSB3277:             C:\Users\ultra\.nuget\packages\taskschedulereditor\2.10.1\lib\net452\Microsoft.Win32.TaskSchedulerEditor.dll [C:\Users\ultra\warewolf\Dev\Dev2.Common.Tests\Dev2.Common.Tests.csproj]
C:\Program Files\dotnet\sdk\10.0.201\Microsoft.Common.CurrentVersion.targets(2451,5): warning MSB3277: Found conflicts between different versions of "Microsoft.Win32.SystemEvents" that could not be resolved. [C:\Users\ultra\warewolf\Dev\Warewolf.Studio.Themes.Luna\Warewolf.Studio.Themes.Luna.csproj]
C:\Program Files\dotnet\sdk\10.0.201\Microsoft.Common.CurrentVersion.targets(2451,5): warning MSB3277: There was a conflict between "Microsoft.Win32.SystemEvents, Version=6.0.0.0, Culture=neutral, PublicKeyToken=cc7b13ffcd2ddd51" and "Microsoft.Win32.SystemEvents, Version=7.0.0.0, Culture=neutral, PublicKeyToken=cc7b13ffcd2ddd51". [C:\Users\ultra\warewolf\Dev\Warewolf.Studio.Themes.Luna\Warewolf.Studio.Themes.Luna.csproj]
C:\Program Files\dotnet\sdk\10.0.201\Microsoft.Common.CurrentVersion.targets(2451,5): warning MSB3277:     "Microsoft.Win32.SystemEvents, Version=6.0.0.0, Culture=neutral, PublicKeyToken=cc7b13ffcd2ddd51" was chosen because it was primary and "Microsoft.Win32.SystemEvents, Version=7.0.0.0, Culture=neutral, PublicKeyToken=cc7b13ffcd2ddd51" was not. [C:\Users\ultra\warewolf\Dev\Warewolf.Studio.Themes.Luna\Warewolf.Studio.Themes.Luna.csproj]
C:\Program Files\dotnet\sdk\10.0.201\Microsoft.Common.CurrentVersion.targets(2451,5): warning MSB3277:     References which depend on "Microsoft.Win32.SystemEvents, Version=6.0.0.0, Culture=neutral, PublicKeyToken=cc7b13ffcd2ddd51" [C:\Users\ultra\.nuget\packages\microsoft.win32.systemevents\6.0.0\lib\net6.0\Microsoft.Win32.SystemEvents.dll]. [C:\Users\ultra\warewolf\Dev\Warewolf.Studio.Themes.Luna\Warewolf.Studio.Themes.Luna.csproj]
C:\Program Files\dotnet\sdk\10.0.201\Microsoft.Common.CurrentVersion.targets(2451,5): warning MSB3277:         C:\Users\ultra\.nuget\packages\microsoft.win32.systemevents\6.0.0\lib\net6.0\Microsoft.Win32.SystemEvents.dll [C:\Users\ultra\warewolf\Dev\Warewolf.Studio.Themes.Luna\Warewolf.Studio.Themes.Luna.csproj]
C:\Program Files\dotnet\sdk\10.0.201\Microsoft.Common.CurrentVersion.targets(2451,5): warning MSB3277:           Project file item includes which caused reference "C:\Users\ultra\.nuget\packages\microsoft.win32.systemevents\6.0.0\lib\net6.0\Microsoft.Win32.SystemEvents.dll". [C:\Users\ultra\warewolf\Dev\Warewolf.Studio.Themes.Luna\Warewolf.Studio.Themes.Luna.csproj]
C:\Program Files\dotnet\sdk\10.0.201\Microsoft.Common.CurrentVersion.targets(2451,5): warning MSB3277:             C:\Users\ultra\.nuget\packages\microsoft.win32.systemevents\6.0.0\lib\net6.0\Microsoft.Win32.SystemEvents.dll [C:\Users\ultra\warewolf\Dev\Warewolf.Studio.Themes.Luna\Warewolf.Studio.Themes.Luna.csproj]
C:\Program Files\dotnet\sdk\10.0.201\Microsoft.Common.CurrentVersion.targets(2451,5): warning MSB3277:     References which depend on or have been unified to "Microsoft.Win32.SystemEvents, Version=7.0.0.0, Culture=neutral, PublicKeyToken=cc7b13ffcd2ddd51" []. [C:\Users\ultra\warewolf\Dev\Warewolf.Studio.Themes.Luna\Warewolf.Studio.Themes.Luna.csproj]
C:\Program Files\dotnet\sdk\10.0.201\Microsoft.Common.CurrentVersion.targets(2451,5): warning MSB3277:         C:\Users\ultra\warewolf\Dev\Dev2.Common\bin\Debug\net8.0\Dev2.Common.dll [C:\Users\ultra\warewolf\Dev\Warewolf.Studio.Themes.Luna\Warewolf.Studio.Themes.Luna.csproj]
C:\Program Files\dotnet\sdk\10.0.201\Microsoft.Common.CurrentVersion.targets(2451,5): warning MSB3277:           Project file item includes which caused reference "C:\Users\ultra\warewolf\Dev\Dev2.Common\bin\Debug\net8.0\Dev2.Common.dll". [C:\Users\ultra\warewolf\Dev\Warewolf.Studio.Themes.Luna\Warewolf.Studio.Themes.Luna.csproj]
C:\Program Files\dotnet\sdk\10.0.201\Microsoft.Common.CurrentVersion.targets(2451,5): warning MSB3277:             C:\Users\ultra\warewolf\Dev\Dev2.Common\bin\Debug\net8.0\Dev2.Common.dll [C:\Users\ultra\warewolf\Dev\Warewolf.Studio.Themes.Luna\Warewolf.Studio.Themes.Luna.csproj]
C:\Program Files\dotnet\sdk\10.0.201\Microsoft.Common.CurrentVersion.targets(2451,5): warning MSB3277:             C:\Users\ultra\warewolf\Dev\Dev2.Intellisense\bin\Debug\net8.0\Dev2.Intellisense.dll [C:\Users\ultra\warewolf\Dev\Warewolf.Studio.Themes.Luna\Warewolf.Studio.Themes.Luna.csproj]
C:\Program Files\dotnet\sdk\10.0.201\Microsoft.Common.CurrentVersion.targets(2451,5): warning MSB3277:             C:\Users\ultra\warewolf\Dev\Dev2.Studio.Core\bin\Debug\net8.0\Dev2.Studio.Core.dll [C:\Users\ultra\warewolf\Dev\Warewolf.Studio.Themes.Luna\Warewolf.Studio.Themes.Luna.csproj]
C:\Program Files\dotnet\sdk\10.0.201\Microsoft.Common.CurrentVersion.targets(2451,5): warning MSB3277:             C:\Users\ultra\warewolf\Dev\Dev2.Studio.Interfaces\bin\Debug\net8.0\Dev2.Studio.Interfaces.dll [C:\Users\ultra\warewolf\Dev\Warewolf.Studio.Themes.Luna\Warewolf.Studio.Themes.Luna.csproj]
C:\Program Files\dotnet\sdk\10.0.201\Microsoft.Common.CurrentVersion.targets(2451,5): warning MSB3277:             C:\Users\ultra\warewolf\Dev\Warewolf.Studio.Core\bin\Debug\net8.0\Warewolf.Studio.Core.dll [C:\Users\ultra\warewolf\Dev\Warewolf.Studio.Themes.Luna\Warewolf.Studio.Themes.Luna.csproj]
C:\Program Files\dotnet\sdk\10.0.201\Microsoft.Common.CurrentVersion.targets(2451,5): warning MSB3277:             C:\Users\ultra\warewolf\Dev\Warewolf.Studio.CustomControls\bin\Debug\net8.0\Warewolf.Studio.CustomControls.dll [C:\Users\ultra\warewolf\Dev\Warewolf.Studio.Themes.Luna\Warewolf.Studio.Themes.Luna.csproj]
C:\Program Files\dotnet\sdk\10.0.201\Microsoft.Common.CurrentVersion.targets(2451,5): warning MSB3277:             C:\Users\ultra\warewolf\Dev\Dev2.Activities\bin\Debug\net8.0\Dev2.Activities.dll [C:\Users\ultra\warewolf\Dev\Warewolf.Studio.Themes.Luna\Warewolf.Studio.Themes.Luna.csproj]
C:\Program Files\dotnet\sdk\10.0.201\Microsoft.Common.CurrentVersion.targets(2451,5): warning MSB3277:             C:\Users\ultra\warewolf\Dev\Dev2.Core\bin\Debug\net8.0\Dev2.Core.dll [C:\Users\ultra\warewolf\Dev\Warewolf.Studio.Themes.Luna\Warewolf.Studio.Themes.Luna.csproj]
C:\Program Files\dotnet\sdk\10.0.201\Microsoft.Common.CurrentVersion.targets(2451,5): warning MSB3277:             C:\Users\ultra\warewolf\Dev\Warewolf.UI\bin\Debug\net8.0\Warewolf.UI.dll [C:\Users\ultra\warewolf\Dev\Warewolf.Studio.Themes.Luna\Warewolf.Studio.Themes.Luna.csproj]
C:\Program Files\dotnet\sdk\10.0.201\Microsoft.Common.CurrentVersion.targets(2451,5): warning MSB3277:             C:\Users\ultra\warewolf\Dev\Dev2.Data\bin\Debug\net8.0\Dev2.Data.dll [C:\Users\ultra\warewolf\Dev\Warewolf.Studio.Themes.Luna\Warewolf.Studio.Themes.Luna.csproj]
C:\Program Files\dotnet\sdk\10.0.201\Microsoft.Common.CurrentVersion.targets(2451,5): warning MSB3277:             C:\Users\ultra\warewolf\Dev\Dev2.Development.Languages\bin\Debug\net8.0\Dev2.Development.Languages.dll [C:\Users\ultra\warewolf\Dev\Warewolf.Studio.Themes.Luna\Warewolf.Studio.Themes.Luna.csproj]
C:\Program Files\dotnet\sdk\10.0.201\Microsoft.Common.CurrentVersion.targets(2451,5): warning MSB3277:             C:\Users\ultra\warewolf\Dev\Dev2.Diagnostics\bin\Debug\net8.0\Dev2.Diagnostics.dll [C:\Users\ultra\warewolf\Dev\Warewolf.Studio.Themes.Luna\Warewolf.Studio.Themes.Luna.csproj]
C:\Program Files\dotnet\sdk\10.0.201\Microsoft.Common.CurrentVersion.targets(2451,5): warning MSB3277:             C:\Users\ultra\warewolf\Dev\Dev2.Infrastructure\bin\Debug\net8.0\Dev2.Infrastructure.dll [C:\Users\ultra\warewolf\Dev\Warewolf.Studio.Themes.Luna\Warewolf.Studio.Themes.Luna.csproj]
C:\Program Files\dotnet\sdk\10.0.201\Microsoft.Common.CurrentVersion.targets(2451,5): warning MSB3277:             C:\Users\ultra\warewolf\Dev\Dev2.Runtime.Services\bin\Debug\net8.0\Dev2.Runtime.Services.dll [C:\Users\ultra\warewolf\Dev\Warewolf.Studio.Themes.Luna\Warewolf.Studio.Themes.Luna.csproj]
C:\Program Files\dotnet\sdk\10.0.201\Microsoft.Common.CurrentVersion.targets(2451,5): warning MSB3277:             C:\Users\ultra\warewolf\Dev\Dev2.Scheduler\bin\Debug\net8.0\Dev2.Scheduler.dll [C:\Users\ultra\warewolf\Dev\Warewolf.Studio.Themes.Luna\Warewolf.Studio.Themes.Luna.csproj]
C:\Program Files\dotnet\sdk\10.0.201\Microsoft.Common.CurrentVersion.targets(2451,5): warning MSB3277:             C:\Users\ultra\warewolf\Dev\Dev2.Services.Execution\bin\Debug\net8.0\Dev2.Services.Execution.dll [C:\Users\ultra\warewolf\Dev\Warewolf.Studio.Themes.Luna\Warewolf.Studio.Themes.Luna.csproj]
C:\Program Files\dotnet\sdk\10.0.201\Microsoft.Common.CurrentVersion.targets(2451,5): warning MSB3277:             C:\Users\ultra\warewolf\Dev\Dev2.Services.Sql\bin\Debug\net8.0\Dev2.Services.Sql.dll [C:\Users\ultra\warewolf\Dev\Warewolf.Studio.Themes.Luna\Warewolf.Studio.Themes.Luna.csproj]
C:\Program Files\dotnet\sdk\10.0.201\Microsoft.Common.CurrentVersion.targets(2451,5): warning MSB3277:             C:\Users\ultra\warewolf\Dev\Dev2.TaskScheduler.Wrappers\bin\Debug\net8.0\Dev2.TaskScheduler.Wrappers.dll [C:\Users\ultra\warewolf\Dev\Warewolf.Studio.Themes.Luna\Warewolf.Studio.Themes.Luna.csproj]
C:\Program Files\dotnet\sdk\10.0.201\Microsoft.Common.CurrentVersion.targets(2451,5): warning MSB3277:             C:\Users\ultra\warewolf\Dev\Dev2.Util\bin\Debug\net8.0\Dev2.Util.dll [C:\Users\ultra\warewolf\Dev\Warewolf.Studio.Themes.Luna\Warewolf.Studio.Themes.Luna.csproj]
C:\Program Files\dotnet\sdk\10.0.201\Microsoft.Common.CurrentVersion.targets(2451,5): warning MSB3277:             C:\Users\ultra\warewolf\Dev\Warewolf.AI.Harness\bin\Debug\net8.0\Warewolf.AI.Harness.dll [C:\Users\ultra\warewolf\Dev\Warewolf.Studio.Themes.Luna\Warewolf.Studio.Themes.Luna.csproj]
C:\Program Files\dotnet\sdk\10.0.201\Microsoft.Common.CurrentVersion.targets(2451,5): warning MSB3277:             C:\Users\ultra\warewolf\Dev\Warewolf.Auditing\bin\Debug\net8.0\Warewolf.Auditing.dll [C:\Users\ultra\warewolf\Dev\Warewolf.Studio.Themes.Luna\Warewolf.Studio.Themes.Luna.csproj]
C:\Program Files\dotnet\sdk\10.0.201\Microsoft.Common.CurrentVersion.targets(2451,5): warning MSB3277:             C:\Users\ultra\warewolf\Dev\Warewolf.Common.NetStandard20\bin\Debug\net8.0\Warewolf.Common.NetStandard20.dll [C:\Users\ultra\warewolf\Dev\Warewolf.Studio.Themes.Luna\Warewolf.Studio.Themes.Luna.csproj]
C:\Program Files\dotnet\sdk\10.0.201\Microsoft.Common.CurrentVersion.targets(2451,5): warning MSB3277:             C:\Users\ultra\warewolf\Dev\Warewolf.Core\bin\Debug\net8.0\Warewolf.Core.dll [C:\Users\ultra\warewolf\Dev\Warewolf.Studio.Themes.Luna\Warewolf.Studio.Themes.Luna.csproj]
C:\Program Files\dotnet\sdk\10.0.201\Microsoft.Common.CurrentVersion.targets(2451,5): warning MSB3277:             C:\Users\ultra\warewolf\Dev\Warewolf.Driver.Persistence\bin\Debug\net8.0\Warewolf.Driver.Persistence.dll [C:\Users\ultra\warewolf\Dev\Warewolf.Studio.Themes.Luna\Warewolf.Studio.Themes.Luna.csproj]
C:\Program Files\dotnet\sdk\10.0.201\Microsoft.Common.CurrentVersion.targets(2451,5): warning MSB3277:             C:\Users\ultra\warewolf\Dev\Warewolf.Driver.Serilog\bin\Debug\net8.0\Warewolf.Driver.Serilog.dll [C:\Users\ultra\warewolf\Dev\Warewolf.Studio.Themes.Luna\Warewolf.Studio.Themes.Luna.csproj]
C:\Program Files\dotnet\sdk\10.0.201\Microsoft.Common.CurrentVersion.targets(2451,5): warning MSB3277:             C:\Users\ultra\warewolf\Dev\Warewolf.Exchange.Email.Wrapper\bin\Debug\net8.0\Warewolf.Exchange.Email.Wrapper.dll [C:\Users\ultra\warewolf\Dev\Warewolf.Studio.Themes.Luna\Warewolf.Studio.Themes.Luna.csproj]
C:\Program Files\dotnet\sdk\10.0.201\Microsoft.Common.CurrentVersion.targets(2451,5): warning MSB3277:             C:\Users\ultra\warewolf\Dev\Warewolf.ResourceManagement\bin\Debug\net8.0\Warewolf.ResourceManagement.dll [C:\Users\ultra\warewolf\Dev\Warewolf.Studio.Themes.Luna\Warewolf.Studio.Themes.Luna.csproj]
C:\Program Files\dotnet\sdk\10.0.201\Microsoft.Common.CurrentVersion.targets(2451,5): warning MSB3277:             C:\Users\ultra\warewolf\Dev\Warewolf.Sharepoint\bin\Debug\net8.0\Warewolf.Sharepoint.dll [C:\Users\ultra\warewolf\Dev\Warewolf.Studio.Themes.Luna\Warewolf.Studio.Themes.Luna.csproj]
C:\Program Files\dotnet\sdk\10.0.201\Microsoft.Common.CurrentVersion.targets(2451,5): warning MSB3277:             C:\Users\ultra\warewolf\Dev\Warewolf.Storage\bin\Debug\net8.0\Warewolf.Storage.dll [C:\Users\ultra\warewolf\Dev\Warewolf.Studio.Themes.Luna\Warewolf.Studio.Themes.Luna.csproj]
C:\Program Files\dotnet\sdk\10.0.201\Microsoft.Common.CurrentVersion.targets(2451,5): warning MSB3277:         C:\Users\ultra\warewolf\Dev\Binaries\Infragistcs_Net6\InfragisticsWPF4.Editors.v15.1.dll [C:\Users\ultra\warewolf\Dev\Warewolf.Studio.Themes.Luna\Warewolf.Studio.Themes.Luna.csproj]
C:\Program Files\dotnet\sdk\10.0.201\Microsoft.Common.CurrentVersion.targets(2451,5): warning MSB3277:           Project file item includes which caused reference "C:\Users\ultra\warewolf\Dev\Binaries\Infragistcs_Net6\InfragisticsWPF4.Editors.v15.1.dll". [C:\Users\ultra\warewolf\Dev\Warewolf.Studio.Themes.Luna\Warewolf.Studio.Themes.Luna.csproj]
C:\Program Files\dotnet\sdk\10.0.201\Microsoft.Common.CurrentVersion.targets(2451,5): warning MSB3277:             InfragisticsWPF4.Editors.v15.1, Version=15.1.20151.2055, Culture=neutral, PublicKeyToken=7dd5c3163f2cd0cb, processorArchitecture=MSIL [C:\Users\ultra\warewolf\Dev\Warewolf.Studio.Themes.Luna\Warewolf.Studio.Themes.Luna.csproj]
C:\Program Files\dotnet\sdk\10.0.201\Microsoft.Common.CurrentVersion.targets(2451,5): warning MSB3277:             InfragisticsWPF4.DataPresenter.v15.1, Version=15.1.20151.2055, Culture=neutral, PublicKeyToken=7dd5c3163f2cd0cb, processorArchitecture=MSIL [C:\Users\ultra\warewolf\Dev\Warewolf.Studio.Themes.Luna\Warewolf.Studio.Themes.Luna.csproj]
C:\Program Files\dotnet\sdk\10.0.201\Microsoft.Common.CurrentVersion.targets(2451,5): warning MSB3277:         C:\Users\ultra\warewolf\Dev\Binaries\Infragistcs_Net6\InfragisticsWPF4.v15.1.dll [C:\Users\ultra\warewolf\Dev\Warewolf.Studio.Themes.Luna\Warewolf.Studio.Themes.Luna.csproj]
C:\Program Files\dotnet\sdk\10.0.201\Microsoft.Common.CurrentVersion.targets(2451,5): warning MSB3277:           Project file item includes which caused reference "C:\Users\ultra\warewolf\Dev\Binaries\Infragistcs_Net6\InfragisticsWPF4.v15.1.dll". [C:\Users\ultra\warewolf\Dev\Warewolf.Studio.Themes.Luna\Warewolf.Studio.Themes.Luna.csproj]
C:\Program Files\dotnet\sdk\10.0.201\Microsoft.Common.CurrentVersion.targets(2451,5): warning MSB3277:             InfragisticsWPF4.v15.1, Version=15.1.20151.2055, Culture=neutral, PublicKeyToken=7dd5c3163f2cd0cb, processorArchitecture=MSIL [C:\Users\ultra\warewolf\Dev\Warewolf.Studio.Themes.Luna\Warewolf.Studio.Themes.Luna.csproj]
C:\Program Files\dotnet\sdk\10.0.201\Microsoft.Common.CurrentVersion.targets(2451,5): warning MSB3277:             CalculationManager.WPF [C:\Users\ultra\warewolf\Dev\Warewolf.Studio.Themes.Luna\Warewolf.Studio.Themes.Luna.csproj]
C:\Program Files\dotnet\sdk\10.0.201\Microsoft.Common.CurrentVersion.targets(2451,5): warning MSB3277:             InfragisticsWPF4.Controls.Editors.XamComboEditor.v15.1, Version=15.1.20151.2055, Culture=neutral, PublicKeyToken=7dd5c3163f2cd0cb, processorArchitecture=MSIL [C:\Users\ultra\warewolf\Dev\Warewolf.Studio.Themes.Luna\Warewolf.Studio.Themes.Luna.csproj]
C:\Program Files\dotnet\sdk\10.0.201\Microsoft.Common.CurrentVersion.targets(2451,5): warning MSB3277:             InfragisticsWPF4.Controls.Editors.XamRichTextEditor.v15.1, Version=15.1.20151.2055, Culture=neutral, PublicKeyToken=7dd5c3163f2cd0cb, processorArchitecture=MSIL [C:\Users\ultra\warewolf\Dev\Warewolf.Studio.Themes.Luna\Warewolf.Studio.Themes.Luna.csproj]
C:\Program Files\dotnet\sdk\10.0.201\Microsoft.Common.CurrentVersion.targets(2451,5): warning MSB3277:             InfragisticsWPF4.Controls.Editors.XamSyntaxEditor.v15.1, Version=15.1.20151.2055, Culture=neutral, PublicKeyToken=7dd5c3163f2cd0cb, processorArchitecture=MSIL [C:\Users\ultra\warewolf\Dev\Warewolf.Studio.Themes.Luna\Warewolf.Studio.Themes.Luna.csproj]
C:\Program Files\dotnet\sdk\10.0.201\Microsoft.Common.CurrentVersion.targets(2451,5): warning MSB3277:             InfragisticsWPF4.Controls.Grids.DateTimeColumn.v15.1, Version=15.1.20151.2055, Culture=neutral, PublicKeyToken=7dd5c3163f2cd0cb, processorArchitecture=MSIL [C:\Users\ultra\warewolf\Dev\Warewolf.Studio.Themes.Luna\Warewolf.Studio.Themes.Luna.csproj]
C:\Program Files\dotnet\sdk\10.0.201\Microsoft.Common.CurrentVersion.targets(2451,5): warning MSB3277:             InfragisticsWPF4.Controls.Grids.MultiColumnComboColumn.v15.1, Version=15.1.20151.2055, Culture=neutral, PublicKeyToken=7dd5c3163f2cd0cb, processorArchitecture=MSIL [C:\Users\ultra\warewolf\Dev\Warewolf.Studio.Themes.Luna\Warewolf.Studio.Themes.Luna.csproj]
C:\Program Files\dotnet\sdk\10.0.201\Microsoft.Common.CurrentVersion.targets(2451,5): warning MSB3277:             InfragisticsWPF4.Controls.Grids.XamGrid.v15.1, Version=15.1.20151.2055, Culture=neutral, PublicKeyToken=7dd5c3163f2cd0cb, processorArchitecture=MSIL [C:\Users\ultra\warewolf\Dev\Warewolf.Studio.Themes.Luna\Warewolf.Studio.Themes.Luna.csproj]
C:\Program Files\dotnet\sdk\10.0.201\Microsoft.Common.CurrentVersion.targets(2451,5): warning MSB3277:             InfragisticsWPF4.Controls.Interactions.XamDialogWindow.v15.1, Version=15.1.20151.2055, Culture=neutral, PublicKeyToken=7dd5c3163f2cd0cb, processorArchitecture=MSIL [C:\Users\ultra\warewolf\Dev\Warewolf.Studio.Themes.Luna\Warewolf.Studio.Themes.Luna.csproj]
C:\Program Files\dotnet\sdk\10.0.201\Microsoft.Common.CurrentVersion.targets(2451,5): warning MSB3277:             InfragisticsWPF4.Controls.Interactions.XamSpellChecker.v15.1, Version=15.1.20151.2055, Culture=neutral, PublicKeyToken=7dd5c3163f2cd0cb, processorArchitecture=MSIL [C:\Users\ultra\warewolf\Dev\Warewolf.Studio.Themes.Luna\Warewolf.Studio.Themes.Luna.csproj]
C:\Program Files\dotnet\sdk\10.0.201\Microsoft.Common.CurrentVersion.targets(2451,5): warning MSB3277:             InfragisticsWPF4.Controls.Maps.XamNetworkNode.v15.1, Version=15.1.20151.2055, Culture=neutral, PublicKeyToken=7dd5c3163f2cd0cb, processorArchitecture=MSIL [C:\Users\ultra\warewolf\Dev\Warewolf.Studio.Themes.Luna\Warewolf.Studio.Themes.Luna.csproj]
C:\Program Files\dotnet\sdk\10.0.201\Microsoft.Common.CurrentVersion.targets(2451,5): warning MSB3277:             InfragisticsWPF4.Controls.Menus.XamDataTree.v15.1 [C:\Users\ultra\warewolf\Dev\Warewolf.Studio.Themes.Luna\Warewolf.Studio.Themes.Luna.csproj]
C:\Program Files\dotnet\sdk\10.0.201\Microsoft.Common.CurrentVersion.targets(2451,5): warning MSB3277:             InfragisticsWPF4.Controls.Menus.XamMenu.v15.1, Version=15.1.20151.2055, Culture=neutral, PublicKeyToken=7dd5c3163f2cd0cb, processorArchitecture=MSIL [C:\Users\ultra\warewolf\Dev\Warewolf.Studio.Themes.Luna\Warewolf.Studio.Themes.Luna.csproj]
C:\Program Files\dotnet\sdk\10.0.201\Microsoft.Common.CurrentVersion.targets(2451,5): warning MSB3277:             InfragisticsWPF4.DataManager.v15.1, Version=15.1.20151.2055, Culture=neutral, PublicKeyToken=7dd5c3163f2cd0cb, processorArchitecture=MSIL [C:\Users\ultra\warewolf\Dev\Warewolf.Studio.Themes.Luna\Warewolf.Studio.Themes.Luna.csproj]
C:\Program Files\dotnet\sdk\10.0.201\Microsoft.Common.CurrentVersion.targets(2451,5): warning MSB3277:             InfragisticsWPF4.DataPresenter.v15.1, Version=15.1.20151.2055, Culture=neutral, PublicKeyToken=7dd5c3163f2cd0cb, processorArchitecture=MSIL [C:\Users\ultra\warewolf\Dev\Warewolf.Studio.Themes.Luna\Warewolf.Studio.Themes.Luna.csproj]
C:\Program Files\dotnet\sdk\10.0.201\Microsoft.Common.CurrentVersion.targets(2451,5): warning MSB3277:             InfragisticsWPF4.DataVisualization.v15.1, Version=15.1.20151.2055, Culture=neutral, PublicKeyToken=7dd5c3163f2cd0cb, processorArchitecture=MSIL [C:\Users\ultra\warewolf\Dev\Warewolf.Studio.Themes.Luna\Warewolf.Studio.Themes.Luna.csproj]
C:\Program Files\dotnet\sdk\10.0.201\Microsoft.Common.CurrentVersion.targets(2451,5): warning MSB3277:             InfragisticsWPF4.DockManager.v15.1, Version=15.1.20151.2055, Culture=neutral, PublicKeyToken=7dd5c3163f2cd0cb, processorArchitecture=MSIL [C:\Users\ultra\warewolf\Dev\Warewolf.Studio.Themes.Luna\Warewolf.Studio.Themes.Luna.csproj]
C:\Program Files\dotnet\sdk\10.0.201\Microsoft.Common.CurrentVersion.targets(2451,5): warning MSB3277:             InfragisticsWPF4.Documents.RichTextDocument.Html.v15.1, Version=15.1.20151.2055, Culture=neutral, PublicKeyToken=7dd5c3163f2cd0cb, processorArchitecture=MSIL [C:\Users\ultra\warewolf\Dev\Warewolf.Studio.Themes.Luna\Warewolf.Studio.Themes.Luna.csproj]
C:\Program Files\dotnet\sdk\10.0.201\Microsoft.Common.CurrentVersion.targets(2451,5): warning MSB3277:             InfragisticsWPF4.Documents.RichTextDocument.v15.1, Version=15.1.20151.2055, Culture=neutral, PublicKeyToken=7dd5c3163f2cd0cb, processorArchitecture=MSIL [C:\Users\ultra\warewolf\Dev\Warewolf.Studio.Themes.Luna\Warewolf.Studio.Themes.Luna.csproj]
C:\Program Files\dotnet\sdk\10.0.201\Microsoft.Common.CurrentVersion.targets(2451,5): warning MSB3277:             InfragisticsWPF4.Editors.v15.1, Version=15.1.20151.2055, Culture=neutral, PublicKeyToken=7dd5c3163f2cd0cb, processorArchitecture=MSIL [C:\Users\ultra\warewolf\Dev\Warewolf.Studio.Themes.Luna\Warewolf.Studio.Themes.Luna.csproj]
C:\Program Files\dotnet\sdk\10.0.201\Microsoft.Common.CurrentVersion.targets(2451,5): warning MSB3277:         C:\Users\ultra\.nuget\packages\timespan2\2.4.2\lib\netcoreapp3.1\TimeSpan2.dll [C:\Users\ultra\warewolf\Dev\Warewolf.Studio.Themes.Luna\Warewolf.Studio.Themes.Luna.csproj]
C:\Program Files\dotnet\sdk\10.0.201\Microsoft.Common.CurrentVersion.targets(2451,5): warning MSB3277:           Project file item includes which caused reference "C:\Users\ultra\.nuget\packages\timespan2\2.4.2\lib\netcoreapp3.1\TimeSpan2.dll". [C:\Users\ultra\warewolf\Dev\Warewolf.Studio.Themes.Luna\Warewolf.Studio.Themes.Luna.csproj]
C:\Program Files\dotnet\sdk\10.0.201\Microsoft.Common.CurrentVersion.targets(2451,5): warning MSB3277:             C:\Users\ultra\.nuget\packages\timespan2\2.4.2\lib\netcoreapp3.1\TimeSpan2.dll [C:\Users\ultra\warewolf\Dev\Warewolf.Studio.Themes.Luna\Warewolf.Studio.Themes.Luna.csproj]
C:\Program Files\dotnet\sdk\10.0.201\Microsoft.Common.CurrentVersion.targets(2451,5): warning MSB3277:             C:\Users\ultra\.nuget\packages\taskschedulereditor\2.10.1\lib\net452\Microsoft.Win32.TaskSchedulerEditor.dll [C:\Users\ultra\warewolf\Dev\Warewolf.Studio.Themes.Luna\Warewolf.Studio.Themes.Luna.csproj]
C:\Program Files\dotnet\sdk\10.0.201\Microsoft.Common.CurrentVersion.targets(2451,5): warning MSB3277:         C:\Program Files\dotnet\packs\Microsoft.NETCore.App.Ref\8.0.25\ref\net8.0\System.dll [C:\Users\ultra\warewolf\Dev\Warewolf.Studio.Themes.Luna\Warewolf.Studio.Themes.Luna.csproj]
C:\Program Files\dotnet\sdk\10.0.201\Microsoft.Common.CurrentVersion.targets(2451,5): warning MSB3277:           Project file item includes which caused reference "C:\Program Files\dotnet\packs\Microsoft.NETCore.App.Ref\8.0.25\ref\net8.0\System.dll". [C:\Users\ultra\warewolf\Dev\Warewolf.Studio.Themes.Luna\Warewolf.Studio.Themes.Luna.csproj]
C:\Program Files\dotnet\sdk\10.0.201\Microsoft.Common.CurrentVersion.targets(2451,5): warning MSB3277:             C:\Program Files\dotnet\packs\Microsoft.NETCore.App.Ref\8.0.25\ref/net8.0/System.dll [C:\Users\ultra\warewolf\Dev\Warewolf.Studio.Themes.Luna\Warewolf.Studio.Themes.Luna.csproj]
C:\Program Files\dotnet\sdk\10.0.201\Microsoft.Common.CurrentVersion.targets(2451,5): warning MSB3277:             C:\Users\ultra\.nuget\packages\aerowizard\2.3.1\lib\net45\AeroWizard.dll [C:\Users\ultra\warewolf\Dev\Warewolf.Studio.Themes.Luna\Warewolf.Studio.Themes.Luna.csproj]
C:\Program Files\dotnet\sdk\10.0.201\Microsoft.Common.CurrentVersion.targets(2451,5): warning MSB3277:             C:\Users\ultra\.nuget\packages\groupcontrols\1.9.0\lib\net45\GroupControls.dll [C:\Users\ultra\warewolf\Dev\Warewolf.Studio.Themes.Luna\Warewolf.Studio.Themes.Luna.csproj]
C:\Program Files\dotnet\sdk\10.0.201\Microsoft.Common.CurrentVersion.targets(2451,5): warning MSB3277:             C:\Users\ultra\.nuget\packages\microsoft.xaml.behaviors.wpf\1.1.122\lib\net462\Microsoft.Xaml.Behaviors.dll [C:\Users\ultra\warewolf\Dev\Warewolf.Studio.Themes.Luna\Warewolf.Studio.Themes.Luna.csproj]
C:\Program Files\dotnet\sdk\10.0.201\Microsoft.Common.CurrentVersion.targets(2451,5): warning MSB3277:             C:\Users\ultra\.nuget\packages\caliburn.micro\4.0.212\lib\netcoreapp3.1\Caliburn.Micro.Platform.dll [C:\Users\ultra\warewolf\Dev\Warewolf.Studio.Themes.Luna\Warewolf.Studio.Themes.Luna.csproj]
C:\Program Files\dotnet\sdk\10.0.201\Microsoft.Common.CurrentVersion.targets(2451,5): warning MSB3277:             C:\Users\ultra\.nuget\packages\prism.wpf\9.0.537\lib\net462\Prism.Wpf.dll [C:\Users\ultra\warewolf\Dev\Warewolf.Studio.Themes.Luna\Warewolf.Studio.Themes.Luna.csproj]
C:\Program Files\dotnet\sdk\10.0.201\Microsoft.Common.CurrentVersion.targets(2451,5): warning MSB3277:             C:\Users\ultra\.nuget\packages\reactiveui.wpf\18.4.1\lib\net462\ReactiveUI.Wpf.dll [C:\Users\ultra\warewolf\Dev\Warewolf.Studio.Themes.Luna\Warewolf.Studio.Themes.Luna.csproj]
C:\Program Files\dotnet\sdk\10.0.201\Microsoft.Common.CurrentVersion.targets(2451,5): warning MSB3277:             C:\Users\ultra\.nuget\packages\taskschedulereditor\2.10.1\lib\net452\Microsoft.Win32.TaskSchedulerEditor.dll [C:\Users\ultra\warewolf\Dev\Warewolf.Studio.Themes.Luna\Warewolf.Studio.Themes.Luna.csproj]
C:\Program Files\dotnet\sdk\10.0.201\Microsoft.Common.CurrentVersion.targets(2451,5): warning MSB3277:             C:\Users\ultra\.nuget\packages\ttcue.netcore.sharepointonline.csom.16.1.8029.1200\16.1.8029.1200\lib\netcoreapp2.0\Microsoft.SharePoint.Client.Runtime.Windows.dll [C:\Users\ultra\warewolf\Dev\Warewolf.Studio.Themes.Luna\Warewolf.Studio.Themes.Luna.csproj]
C:\Program Files\dotnet\sdk\10.0.201\Microsoft.Common.CurrentVersion.targets(2451,5): warning MSB3277: Found conflicts between different versions of "System.Security.Permissions" that could not be resolved. [C:\Users\ultra\warewolf\Dev\Warewolf.Studio.Themes.Luna\Warewolf.Studio.Themes.Luna.csproj]
C:\Program Files\dotnet\sdk\10.0.201\Microsoft.Common.CurrentVersion.targets(2451,5): warning MSB3277: There was a conflict between "System.Security.Permissions, Version=6.0.0.0, Culture=neutral, PublicKeyToken=cc7b13ffcd2ddd51" and "System.Security.Permissions, Version=7.0.0.0, Culture=neutral, PublicKeyToken=cc7b13ffcd2ddd51". [C:\Users\ultra\warewolf\Dev\Warewolf.Studio.Themes.Luna\Warewolf.Studio.Themes.Luna.csproj]
C:\Program Files\dotnet\sdk\10.0.201\Microsoft.Common.CurrentVersion.targets(2451,5): warning MSB3277:     "System.Security.Permissions, Version=6.0.0.0, Culture=neutral, PublicKeyToken=cc7b13ffcd2ddd51" was chosen because it was primary and "System.Security.Permissions, Version=7.0.0.0, Culture=neutral, PublicKeyToken=cc7b13ffcd2ddd51" was not. [C:\Users\ultra\warewolf\Dev\Warewolf.Studio.Themes.Luna\Warewolf.Studio.Themes.Luna.csproj]
C:\Program Files\dotnet\sdk\10.0.201\Microsoft.Common.CurrentVersion.targets(2451,5): warning MSB3277:     References which depend on "System.Security.Permissions, Version=6.0.0.0, Culture=neutral, PublicKeyToken=cc7b13ffcd2ddd51" [C:\Users\ultra\.nuget\packages\system.security.permissions\6.0.0\lib\net6.0\System.Security.Permissions.dll]. [C:\Users\ultra\warewolf\Dev\Warewolf.Studio.Themes.Luna\Warewolf.Studio.Themes.Luna.csproj]
C:\Program Files\dotnet\sdk\10.0.201\Microsoft.Common.CurrentVersion.targets(2451,5): warning MSB3277:         C:\Users\ultra\.nuget\packages\system.security.permissions\6.0.0\lib\net6.0\System.Security.Permissions.dll [C:\Users\ultra\warewolf\Dev\Warewolf.Studio.Themes.Luna\Warewolf.Studio.Themes.Luna.csproj]
C:\Program Files\dotnet\sdk\10.0.201\Microsoft.Common.CurrentVersion.targets(2451,5): warning MSB3277:           Project file item includes which caused reference "C:\Users\ultra\.nuget\packages\system.security.permissions\6.0.0\lib\net6.0\System.Security.Permissions.dll". [C:\Users\ultra\warewolf\Dev\Warewolf.Studio.Themes.Luna\Warewolf.Studio.Themes.Luna.csproj]
C:\Program Files\dotnet\sdk\10.0.201\Microsoft.Common.CurrentVersion.targets(2451,5): warning MSB3277:             C:\Users\ultra\.nuget\packages\system.security.permissions\6.0.0\lib\net6.0\System.Security.Permissions.dll [C:\Users\ultra\warewolf\Dev\Warewolf.Studio.Themes.Luna\Warewolf.Studio.Themes.Luna.csproj]
C:\Program Files\dotnet\sdk\10.0.201\Microsoft.Common.CurrentVersion.targets(2451,5): warning MSB3277:     References which depend on or have been unified to "System.Security.Permissions, Version=7.0.0.0, Culture=neutral, PublicKeyToken=cc7b13ffcd2ddd51" []. [C:\Users\ultra\warewolf\Dev\Warewolf.Studio.Themes.Luna\Warewolf.Studio.Themes.Luna.csproj]
C:\Program Files\dotnet\sdk\10.0.201\Microsoft.Common.CurrentVersion.targets(2451,5): warning MSB3277:         C:\Users\ultra\warewolf\Dev\Warewolf.Studio.CustomControls\bin\Debug\net8.0\Warewolf.Studio.CustomControls.dll [C:\Users\ultra\warewolf\Dev\Warewolf.Studio.Themes.Luna\Warewolf.Studio.Themes.Luna.csproj]
C:\Program Files\dotnet\sdk\10.0.201\Microsoft.Common.CurrentVersion.targets(2451,5): warning MSB3277:           Project file item includes which caused reference "C:\Users\ultra\warewolf\Dev\Warewolf.Studio.CustomControls\bin\Debug\net8.0\Warewolf.Studio.CustomControls.dll". [C:\Users\ultra\warewolf\Dev\Warewolf.Studio.Themes.Luna\Warewolf.Studio.Themes.Luna.csproj]
C:\Program Files\dotnet\sdk\10.0.201\Microsoft.Common.CurrentVersion.targets(2451,5): warning MSB3277:             C:\Users\ultra\warewolf\Dev\Warewolf.Studio.CustomControls\bin\Debug\net8.0\Warewolf.Studio.CustomControls.dll [C:\Users\ultra\warewolf\Dev\Warewolf.Studio.Themes.Luna\Warewolf.Studio.Themes.Luna.csproj]
C:\Program Files\dotnet\sdk\10.0.201\Microsoft.Common.CurrentVersion.targets(2451,5): warning MSB3277:         C:\Users\ultra\warewolf\Dev\Dev2.Data\bin\Debug\net8.0\Dev2.Data.dll [C:\Users\ultra\warewolf\Dev\Warewolf.Studio.Themes.Luna\Warewolf.Studio.Themes.Luna.csproj]
C:\Program Files\dotnet\sdk\10.0.201\Microsoft.Common.CurrentVersion.targets(2451,5): warning MSB3277:           Project file item includes which caused reference "C:\Users\ultra\warewolf\Dev\Dev2.Data\bin\Debug\net8.0\Dev2.Data.dll". [C:\Users\ultra\warewolf\Dev\Warewolf.Studio.Themes.Luna\Warewolf.Studio.Themes.Luna.csproj]
C:\Program Files\dotnet\sdk\10.0.201\Microsoft.Common.CurrentVersion.targets(2451,5): warning MSB3277:             C:\Users\ultra\warewolf\Dev\Dev2.Data\bin\Debug\net8.0\Dev2.Data.dll [C:\Users\ultra\warewolf\Dev\Warewolf.Studio.Themes.Luna\Warewolf.Studio.Themes.Luna.csproj]
C:\Program Files\dotnet\sdk\10.0.201\Microsoft.Common.CurrentVersion.targets(2451,5): warning MSB3277:             C:\Users\ultra\warewolf\Dev\Dev2.Intellisense\bin\Debug\net8.0\Dev2.Intellisense.dll [C:\Users\ultra\warewolf\Dev\Warewolf.Studio.Themes.Luna\Warewolf.Studio.Themes.Luna.csproj]
C:\Program Files\dotnet\sdk\10.0.201\Microsoft.Common.CurrentVersion.targets(2451,5): warning MSB3277:             C:\Users\ultra\warewolf\Dev\Dev2.Studio.Core\bin\Debug\net8.0\Dev2.Studio.Core.dll [C:\Users\ultra\warewolf\Dev\Warewolf.Studio.Themes.Luna\Warewolf.Studio.Themes.Luna.csproj]
C:\Program Files\dotnet\sdk\10.0.201\Microsoft.Common.CurrentVersion.targets(2451,5): warning MSB3277:             C:\Users\ultra\warewolf\Dev\Dev2.Studio.Interfaces\bin\Debug\net8.0\Dev2.Studio.Interfaces.dll [C:\Users\ultra\warewolf\Dev\Warewolf.Studio.Themes.Luna\Warewolf.Studio.Themes.Luna.csproj]
C:\Program Files\dotnet\sdk\10.0.201\Microsoft.Common.CurrentVersion.targets(2451,5): warning MSB3277:             C:\Users\ultra\warewolf\Dev\Warewolf.Studio.Core\bin\Debug\net8.0\Warewolf.Studio.Core.dll [C:\Users\ultra\warewolf\Dev\Warewolf.Studio.Themes.Luna\Warewolf.Studio.Themes.Luna.csproj]
C:\Program Files\dotnet\sdk\10.0.201\Microsoft.Common.CurrentVersion.targets(2451,5): warning MSB3277:             C:\Users\ultra\warewolf\Dev\Warewolf.Studio.CustomControls\bin\Debug\net8.0\Warewolf.Studio.CustomControls.dll [C:\Users\ultra\warewolf\Dev\Warewolf.Studio.Themes.Luna\Warewolf.Studio.Themes.Luna.csproj]
C:\Program Files\dotnet\sdk\10.0.201\Microsoft.Common.CurrentVersion.targets(2451,5): warning MSB3277:             C:\Users\ultra\warewolf\Dev\Dev2.Activities\bin\Debug\net8.0\Dev2.Activities.dll [C:\Users\ultra\warewolf\Dev\Warewolf.Studio.Themes.Luna\Warewolf.Studio.Themes.Luna.csproj]
C:\Program Files\dotnet\sdk\10.0.201\Microsoft.Common.CurrentVersion.targets(2451,5): warning MSB3277:             C:\Users\ultra\warewolf\Dev\Dev2.Core\bin\Debug\net8.0\Dev2.Core.dll [C:\Users\ultra\warewolf\Dev\Warewolf.Studio.Themes.Luna\Warewolf.Studio.Themes.Luna.csproj]
C:\Program Files\dotnet\sdk\10.0.201\Microsoft.Common.CurrentVersion.targets(2451,5): warning MSB3277:             C:\Users\ultra\warewolf\Dev\Warewolf.UI\bin\Debug\net8.0\Warewolf.UI.dll [C:\Users\ultra\warewolf\Dev\Warewolf.Studio.Themes.Luna\Warewolf.Studio.Themes.Luna.csproj]
C:\Program Files\dotnet\sdk\10.0.201\Microsoft.Common.CurrentVersion.targets(2451,5): warning MSB3277:             C:\Users\ultra\warewolf\Dev\Dev2.Runtime.Services\bin\Debug\net8.0\Dev2.Runtime.Services.dll [C:\Users\ultra\warewolf\Dev\Warewolf.Studio.Themes.Luna\Warewolf.Studio.Themes.Luna.csproj]
C:\Program Files\dotnet\sdk\10.0.201\Microsoft.Common.CurrentVersion.targets(2451,5): warning MSB3277:             C:\Users\ultra\warewolf\Dev\Dev2.Scheduler\bin\Debug\net8.0\Dev2.Scheduler.dll [C:\Users\ultra\warewolf\Dev\Warewolf.Studio.Themes.Luna\Warewolf.Studio.Themes.Luna.csproj]
C:\Program Files\dotnet\sdk\10.0.201\Microsoft.Common.CurrentVersion.targets(2451,5): warning MSB3277:             C:\Users\ultra\warewolf\Dev\Dev2.Services.Execution\bin\Debug\net8.0\Dev2.Services.Execution.dll [C:\Users\ultra\warewolf\Dev\Warewolf.Studio.Themes.Luna\Warewolf.Studio.Themes.Luna.csproj]
C:\Program Files\dotnet\sdk\10.0.201\Microsoft.Common.CurrentVersion.targets(2451,5): warning MSB3277:             C:\Users\ultra\warewolf\Dev\Warewolf.Auditing\bin\Debug\net8.0\Warewolf.Auditing.dll [C:\Users\ultra\warewolf\Dev\Warewolf.Studio.Themes.Luna\Warewolf.Studio.Themes.Luna.csproj]
C:\Program Files\dotnet\sdk\10.0.201\Microsoft.Common.CurrentVersion.targets(2451,5): warning MSB3277:             C:\Users\ultra\warewolf\Dev\Warewolf.Common.NetStandard20\bin\Debug\net8.0\Warewolf.Common.NetStandard20.dll [C:\Users\ultra\warewolf\Dev\Warewolf.Studio.Themes.Luna\Warewolf.Studio.Themes.Luna.csproj]
C:\Program Files\dotnet\sdk\10.0.201\Microsoft.Common.CurrentVersion.targets(2451,5): warning MSB3277:             C:\Users\ultra\warewolf\Dev\Warewolf.Core\bin\Debug\net8.0\Warewolf.Core.dll [C:\Users\ultra\warewolf\Dev\Warewolf.Studio.Themes.Luna\Warewolf.Studio.Themes.Luna.csproj]
C:\Program Files\dotnet\sdk\10.0.201\Microsoft.Common.CurrentVersion.targets(2451,5): warning MSB3277:             C:\Users\ultra\warewolf\Dev\Warewolf.Driver.Persistence\bin\Debug\net8.0\Warewolf.Driver.Persistence.dll [C:\Users\ultra\warewolf\Dev\Warewolf.Studio.Themes.Luna\Warewolf.Studio.Themes.Luna.csproj]
C:\Program Files\dotnet\sdk\10.0.201\Microsoft.Common.CurrentVersion.targets(2451,5): warning MSB3277:             C:\Users\ultra\warewolf\Dev\Warewolf.Exchange.Email.Wrapper\bin\Debug\net8.0\Warewolf.Exchange.Email.Wrapper.dll [C:\Users\ultra\warewolf\Dev\Warewolf.Studio.Themes.Luna\Warewolf.Studio.Themes.Luna.csproj]
C:\Program Files\dotnet\sdk\10.0.201\Microsoft.Common.CurrentVersion.targets(2451,5): warning MSB3277:             C:\Users\ultra\warewolf\Dev\Warewolf.ResourceManagement\bin\Debug\net8.0\Warewolf.ResourceManagement.dll [C:\Users\ultra\warewolf\Dev\Warewolf.Studio.Themes.Luna\Warewolf.Studio.Themes.Luna.csproj]
C:\Program Files\dotnet\sdk\10.0.201\Microsoft.Common.CurrentVersion.targets(2451,5): warning MSB3277:         C:\Users\ultra\warewolf\Dev\Binaries\Infragistcs_Net6\InfragisticsWPF4.DataVisualization.v15.1.dll [C:\Users\ultra\warewolf\Dev\Warewolf.Studio.Themes.Luna\Warewolf.Studio.Themes.Luna.csproj]
C:\Program Files\dotnet\sdk\10.0.201\Microsoft.Common.CurrentVersion.targets(2451,5): warning MSB3277:           Project file item includes which caused reference "C:\Users\ultra\warewolf\Dev\Binaries\Infragistcs_Net6\InfragisticsWPF4.DataVisualization.v15.1.dll". [C:\Users\ultra\warewolf\Dev\Warewolf.Studio.Themes.Luna\Warewolf.Studio.Themes.Luna.csproj]
C:\Program Files\dotnet\sdk\10.0.201\Microsoft.Common.CurrentVersion.targets(2451,5): warning MSB3277:             InfragisticsWPF4.DataVisualization.v15.1, Version=15.1.20151.2055, Culture=neutral, PublicKeyToken=7dd5c3163f2cd0cb, processorArchitecture=MSIL [C:\Users\ultra\warewolf\Dev\Warewolf.Studio.Themes.Luna\Warewolf.Studio.Themes.Luna.csproj]
C:\Program Files\dotnet\sdk\10.0.201\Microsoft.Common.CurrentVersion.targets(2451,5): warning MSB3277:             InfragisticsWPF4.Controls.Maps.XamNetworkNode.v15.1, Version=15.1.20151.2055, Culture=neutral, PublicKeyToken=7dd5c3163f2cd0cb, processorArchitecture=MSIL [C:\Users\ultra\warewolf\Dev\Warewolf.Studio.Themes.Luna\Warewolf.Studio.Themes.Luna.csproj]
C:\Program Files\dotnet\sdk\10.0.201\Microsoft.Common.CurrentVersion.targets(2451,5): warning MSB3277:         C:\Users\ultra\warewolf\Dev\Binaries\Infragistcs_Net6\InfragisticsWPF4.DockManager.v15.1.dll [C:\Users\ultra\warewolf\Dev\Warewolf.Studio.Themes.Luna\Warewolf.Studio.Themes.Luna.csproj]
C:\Program Files\dotnet\sdk\10.0.201\Microsoft.Common.CurrentVersion.targets(2451,5): warning MSB3277:           Project file item includes which caused reference "C:\Users\ultra\warewolf\Dev\Binaries\Infragistcs_Net6\InfragisticsWPF4.DockManager.v15.1.dll". [C:\Users\ultra\warewolf\Dev\Warewolf.Studio.Themes.Luna\Warewolf.Studio.Themes.Luna.csproj]
C:\Program Files\dotnet\sdk\10.0.201\Microsoft.Common.CurrentVersion.targets(2451,5): warning MSB3277:             InfragisticsWPF4.DockManager.v15.1, Version=15.1.20151.2055, Culture=neutral, PublicKeyToken=7dd5c3163f2cd0cb, processorArchitecture=MSIL [C:\Users\ultra\warewolf\Dev\Warewolf.Studio.Themes.Luna\Warewolf.Studio.Themes.Luna.csproj]
C:\Program Files\dotnet\sdk\10.0.201\Microsoft.Common.CurrentVersion.targets(2451,5): warning MSB3277:         C:\Users\ultra\warewolf\Dev\Binaries\Infragistcs_Net6\InfragisticsWPF4.v15.1.dll [C:\Users\ultra\warewolf\Dev\Warewolf.Studio.Themes.Luna\Warewolf.Studio.Themes.Luna.csproj]
C:\Program Files\dotnet\sdk\10.0.201\Microsoft.Common.CurrentVersion.targets(2451,5): warning MSB3277:           Project file item includes which caused reference "C:\Users\ultra\warewolf\Dev\Binaries\Infragistcs_Net6\InfragisticsWPF4.v15.1.dll". [C:\Users\ultra\warewolf\Dev\Warewolf.Studio.Themes.Luna\Warewolf.Studio.Themes.Luna.csproj]
C:\Program Files\dotnet\sdk\10.0.201\Microsoft.Common.CurrentVersion.targets(2451,5): warning MSB3277:             InfragisticsWPF4.v15.1, Version=15.1.20151.2055, Culture=neutral, PublicKeyToken=7dd5c3163f2cd0cb, processorArchitecture=MSIL [C:\Users\ultra\warewolf\Dev\Warewolf.Studio.Themes.Luna\Warewolf.Studio.Themes.Luna.csproj]
C:\Program Files\dotnet\sdk\10.0.201\Microsoft.Common.CurrentVersion.targets(2451,5): warning MSB3277:             CalculationManager.WPF [C:\Users\ultra\warewolf\Dev\Warewolf.Studio.Themes.Luna\Warewolf.Studio.Themes.Luna.csproj]
C:\Program Files\dotnet\sdk\10.0.201\Microsoft.Common.CurrentVersion.targets(2451,5): warning MSB3277:             InfragisticsWPF4.Controls.Editors.XamComboEditor.v15.1, Version=15.1.20151.2055, Culture=neutral, PublicKeyToken=7dd5c3163f2cd0cb, processorArchitecture=MSIL [C:\Users\ultra\warewolf\Dev\Warewolf.Studio.Themes.Luna\Warewolf.Studio.Themes.Luna.csproj]
C:\Program Files\dotnet\sdk\10.0.201\Microsoft.Common.CurrentVersion.targets(2451,5): warning MSB3277:             InfragisticsWPF4.Controls.Editors.XamRichTextEditor.v15.1, Version=15.1.20151.2055, Culture=neutral, PublicKeyToken=7dd5c3163f2cd0cb, processorArchitecture=MSIL [C:\Users\ultra\warewolf\Dev\Warewolf.Studio.Themes.Luna\Warewolf.Studio.Themes.Luna.csproj]
C:\Program Files\dotnet\sdk\10.0.201\Microsoft.Common.CurrentVersion.targets(2451,5): warning MSB3277:             InfragisticsWPF4.Controls.Editors.XamSyntaxEditor.v15.1, Version=15.1.20151.2055, Culture=neutral, PublicKeyToken=7dd5c3163f2cd0cb, processorArchitecture=MSIL [C:\Users\ultra\warewolf\Dev\Warewolf.Studio.Themes.Luna\Warewolf.Studio.Themes.Luna.csproj]
C:\Program Files\dotnet\sdk\10.0.201\Microsoft.Common.CurrentVersion.targets(2451,5): warning MSB3277:             InfragisticsWPF4.Controls.Grids.DateTimeColumn.v15.1, Version=15.1.20151.2055, Culture=neutral, PublicKeyToken=7dd5c3163f2cd0cb, processorArchitecture=MSIL [C:\Users\ultra\warewolf\Dev\Warewolf.Studio.Themes.Luna\Warewolf.Studio.Themes.Luna.csproj]
C:\Program Files\dotnet\sdk\10.0.201\Microsoft.Common.CurrentVersion.targets(2451,5): warning MSB3277:             InfragisticsWPF4.Controls.Grids.MultiColumnComboColumn.v15.1, Version=15.1.20151.2055, Culture=neutral, PublicKeyToken=7dd5c3163f2cd0cb, processorArchitecture=MSIL [C:\Users\ultra\warewolf\Dev\Warewolf.Studio.Themes.Luna\Warewolf.Studio.Themes.Luna.csproj]
C:\Program Files\dotnet\sdk\10.0.201\Microsoft.Common.CurrentVersion.targets(2451,5): warning MSB3277:             InfragisticsWPF4.Controls.Grids.XamGrid.v15.1, Version=15.1.20151.2055, Culture=neutral, PublicKeyToken=7dd5c3163f2cd0cb, processorArchitecture=MSIL [C:\Users\ultra\warewolf\Dev\Warewolf.Studio.Themes.Luna\Warewolf.Studio.Themes.Luna.csproj]
C:\Program Files\dotnet\sdk\10.0.201\Microsoft.Common.CurrentVersion.targets(2451,5): warning MSB3277:             InfragisticsWPF4.Controls.Interactions.XamDialogWindow.v15.1, Version=15.1.20151.2055, Culture=neutral, PublicKeyToken=7dd5c3163f2cd0cb, processorArchitecture=MSIL [C:\Users\ultra\warewolf\Dev\Warewolf.Studio.Themes.Luna\Warewolf.Studio.Themes.Luna.csproj]
C:\Program Files\dotnet\sdk\10.0.201\Microsoft.Common.CurrentVersion.targets(2451,5): warning MSB3277:             InfragisticsWPF4.Controls.Interactions.XamSpellChecker.v15.1, Version=15.1.20151.2055, Culture=neutral, PublicKeyToken=7dd5c3163f2cd0cb, processorArchitecture=MSIL [C:\Users\ultra\warewolf\Dev\Warewolf.Studio.Themes.Luna\Warewolf.Studio.Themes.Luna.csproj]
C:\Program Files\dotnet\sdk\10.0.201\Microsoft.Common.CurrentVersion.targets(2451,5): warning MSB3277:             InfragisticsWPF4.Controls.Maps.XamNetworkNode.v15.1, Version=15.1.20151.2055, Culture=neutral, PublicKeyToken=7dd5c3163f2cd0cb, processorArchitecture=MSIL [C:\Users\ultra\warewolf\Dev\Warewolf.Studio.Themes.Luna\Warewolf.Studio.Themes.Luna.csproj]
C:\Program Files\dotnet\sdk\10.0.201\Microsoft.Common.CurrentVersion.targets(2451,5): warning MSB3277:             InfragisticsWPF4.Controls.Menus.XamDataTree.v15.1 [C:\Users\ultra\warewolf\Dev\Warewolf.Studio.Themes.Luna\Warewolf.Studio.Themes.Luna.csproj]
C:\Program Files\dotnet\sdk\10.0.201\Microsoft.Common.CurrentVersion.targets(2451,5): warning MSB3277:             InfragisticsWPF4.Controls.Menus.XamMenu.v15.1, Version=15.1.20151.2055, Culture=neutral, PublicKeyToken=7dd5c3163f2cd0cb, processorArchitecture=MSIL [C:\Users\ultra\warewolf\Dev\Warewolf.Studio.Themes.Luna\Warewolf.Studio.Themes.Luna.csproj]
C:\Program Files\dotnet\sdk\10.0.201\Microsoft.Common.CurrentVersion.targets(2451,5): warning MSB3277:             InfragisticsWPF4.DataManager.v15.1, Version=15.1.20151.2055, Culture=neutral, PublicKeyToken=7dd5c3163f2cd0cb, processorArchitecture=MSIL [C:\Users\ultra\warewolf\Dev\Warewolf.Studio.Themes.Luna\Warewolf.Studio.Themes.Luna.csproj]
C:\Program Files\dotnet\sdk\10.0.201\Microsoft.Common.CurrentVersion.targets(2451,5): warning MSB3277:             InfragisticsWPF4.DataPresenter.v15.1, Version=15.1.20151.2055, Culture=neutral, PublicKeyToken=7dd5c3163f2cd0cb, processorArchitecture=MSIL [C:\Users\ultra\warewolf\Dev\Warewolf.Studio.Themes.Luna\Warewolf.Studio.Themes.Luna.csproj]
C:\Program Files\dotnet\sdk\10.0.201\Microsoft.Common.CurrentVersion.targets(2451,5): warning MSB3277:             InfragisticsWPF4.DataVisualization.v15.1, Version=15.1.20151.2055, Culture=neutral, PublicKeyToken=7dd5c3163f2cd0cb, processorArchitecture=MSIL [C:\Users\ultra\warewolf\Dev\Warewolf.Studio.Themes.Luna\Warewolf.Studio.Themes.Luna.csproj]
C:\Program Files\dotnet\sdk\10.0.201\Microsoft.Common.CurrentVersion.targets(2451,5): warning MSB3277:             InfragisticsWPF4.DockManager.v15.1, Version=15.1.20151.2055, Culture=neutral, PublicKeyToken=7dd5c3163f2cd0cb, processorArchitecture=MSIL [C:\Users\ultra\warewolf\Dev\Warewolf.Studio.Themes.Luna\Warewolf.Studio.Themes.Luna.csproj]
C:\Program Files\dotnet\sdk\10.0.201\Microsoft.Common.CurrentVersion.targets(2451,5): warning MSB3277:             InfragisticsWPF4.Documents.RichTextDocument.Html.v15.1, Version=15.1.20151.2055, Culture=neutral, PublicKeyToken=7dd5c3163f2cd0cb, processorArchitecture=MSIL [C:\Users\ultra\warewolf\Dev\Warewolf.Studio.Themes.Luna\Warewolf.Studio.Themes.Luna.csproj]
C:\Program Files\dotnet\sdk\10.0.201\Microsoft.Common.CurrentVersion.targets(2451,5): warning MSB3277:             InfragisticsWPF4.Documents.RichTextDocument.v15.1, Version=15.1.20151.2055, Culture=neutral, PublicKeyToken=7dd5c3163f2cd0cb, processorArchitecture=MSIL [C:\Users\ultra\warewolf\Dev\Warewolf.Studio.Themes.Luna\Warewolf.Studio.Themes.Luna.csproj]
C:\Program Files\dotnet\sdk\10.0.201\Microsoft.Common.CurrentVersion.targets(2451,5): warning MSB3277:             InfragisticsWPF4.Editors.v15.1, Version=15.1.20151.2055, Culture=neutral, PublicKeyToken=7dd5c3163f2cd0cb, processorArchitecture=MSIL [C:\Users\ultra\warewolf\Dev\Warewolf.Studio.Themes.Luna\Warewolf.Studio.Themes.Luna.csproj]
C:\Program Files\dotnet\sdk\10.0.201\Microsoft.Common.CurrentVersion.targets(2451,5): warning MSB3277:         C:\Users\ultra\.nuget\packages\dotnetzip\1.16.0\lib\netstandard2.0\DotNetZip.dll [C:\Users\ultra\warewolf\Dev\Warewolf.Studio.Themes.Luna\Warewolf.Studio.Themes.Luna.csproj]
C:\Program Files\dotnet\sdk\10.0.201\Microsoft.Common.CurrentVersion.targets(2451,5): warning MSB3277:           Project file item includes which caused reference "C:\Users\ultra\.nuget\packages\dotnetzip\1.16.0\lib\netstandard2.0\DotNetZip.dll". [C:\Users\ultra\warewolf\Dev\Warewolf.Studio.Themes.Luna\Warewolf.Studio.Themes.Luna.csproj]
C:\Program Files\dotnet\sdk\10.0.201\Microsoft.Common.CurrentVersion.targets(2451,5): warning MSB3277:             C:\Users\ultra\.nuget\packages\dotnetzip\1.16.0\lib\netstandard2.0\DotNetZip.dll [C:\Users\ultra\warewolf\Dev\Warewolf.Studio.Themes.Luna\Warewolf.Studio.Themes.Luna.csproj]
C:\Program Files\dotnet\sdk\10.0.201\Microsoft.Common.CurrentVersion.targets(2451,5): warning MSB3277:             C:\Users\ultra\warewolf\Dev\Dev2.Common\bin\Debug\net8.0\Dev2.Common.dll [C:\Users\ultra\warewolf\Dev\Warewolf.Studio.Themes.Luna\Warewolf.Studio.Themes.Luna.csproj]
C:\Program Files\dotnet\sdk\10.0.201\Microsoft.Common.CurrentVersion.targets(2451,5): warning MSB3277:             C:\Users\ultra\warewolf\Dev\Dev2.Intellisense\bin\Debug\net8.0\Dev2.Intellisense.dll [C:\Users\ultra\warewolf\Dev\Warewolf.Studio.Themes.Luna\Warewolf.Studio.Themes.Luna.csproj]
C:\Program Files\dotnet\sdk\10.0.201\Microsoft.Common.CurrentVersion.targets(2451,5): warning MSB3277:             C:\Users\ultra\warewolf\Dev\Dev2.Studio.Core\bin\Debug\net8.0\Dev2.Studio.Core.dll [C:\Users\ultra\warewolf\Dev\Warewolf.Studio.Themes.Luna\Warewolf.Studio.Themes.Luna.csproj]
C:\Program Files\dotnet\sdk\10.0.201\Microsoft.Common.CurrentVersion.targets(2451,5): warning MSB3277:             C:\Users\ultra\warewolf\Dev\Dev2.Studio.Interfaces\bin\Debug\net8.0\Dev2.Studio.Interfaces.dll [C:\Users\ultra\warewolf\Dev\Warewolf.Studio.Themes.Luna\Warewolf.Studio.Themes.Luna.csproj]
C:\Program Files\dotnet\sdk\10.0.201\Microsoft.Common.CurrentVersion.targets(2451,5): warning MSB3277:             C:\Users\ultra\warewolf\Dev\Warewolf.Studio.Core\bin\Debug\net8.0\Warewolf.Studio.Core.dll [C:\Users\ultra\warewolf\Dev\Warewolf.Studio.Themes.Luna\Warewolf.Studio.Themes.Luna.csproj]
C:\Program Files\dotnet\sdk\10.0.201\Microsoft.Common.CurrentVersion.targets(2451,5): warning MSB3277:             C:\Users\ultra\warewolf\Dev\Warewolf.Studio.CustomControls\bin\Debug\net8.0\Warewolf.Studio.CustomControls.dll [C:\Users\ultra\warewolf\Dev\Warewolf.Studio.Themes.Luna\Warewolf.Studio.Themes.Luna.csproj]
C:\Program Files\dotnet\sdk\10.0.201\Microsoft.Common.CurrentVersion.targets(2451,5): warning MSB3277:             C:\Users\ultra\warewolf\Dev\Dev2.Activities\bin\Debug\net8.0\Dev2.Activities.dll [C:\Users\ultra\warewolf\Dev\Warewolf.Studio.Themes.Luna\Warewolf.Studio.Themes.Luna.csproj]
C:\Program Files\dotnet\sdk\10.0.201\Microsoft.Common.CurrentVersion.targets(2451,5): warning MSB3277:             C:\Users\ultra\warewolf\Dev\Dev2.Core\bin\Debug\net8.0\Dev2.Core.dll [C:\Users\ultra\warewolf\Dev\Warewolf.Studio.Themes.Luna\Warewolf.Studio.Themes.Luna.csproj]
C:\Program Files\dotnet\sdk\10.0.201\Microsoft.Common.CurrentVersion.targets(2451,5): warning MSB3277:             C:\Users\ultra\warewolf\Dev\Warewolf.UI\bin\Debug\net8.0\Warewolf.UI.dll [C:\Users\ultra\warewolf\Dev\Warewolf.Studio.Themes.Luna\Warewolf.Studio.Themes.Luna.csproj]
C:\Program Files\dotnet\sdk\10.0.201\Microsoft.Common.CurrentVersion.targets(2451,5): warning MSB3277:             C:\Users\ultra\warewolf\Dev\Dev2.Data\bin\Debug\net8.0\Dev2.Data.dll [C:\Users\ultra\warewolf\Dev\Warewolf.Studio.Themes.Luna\Warewolf.Studio.Themes.Luna.csproj]
C:\Program Files\dotnet\sdk\10.0.201\Microsoft.Common.CurrentVersion.targets(2451,5): warning MSB3277:             C:\Users\ultra\warewolf\Dev\Dev2.Data.Interfaces\bin\Debug\net8.0\Dev2.Data.Interfaces.dll [C:\Users\ultra\warewolf\Dev\Warewolf.Studio.Themes.Luna\Warewolf.Studio.Themes.Luna.csproj]
C:\Program Files\dotnet\sdk\10.0.201\Microsoft.Common.CurrentVersion.targets(2451,5): warning MSB3277:             C:\Users\ultra\warewolf\Dev\Dev2.Development.Languages\bin\Debug\net8.0\Dev2.Development.Languages.dll [C:\Users\ultra\warewolf\Dev\Warewolf.Studio.Themes.Luna\Warewolf.Studio.Themes.Luna.csproj]
C:\Program Files\dotnet\sdk\10.0.201\Microsoft.Common.CurrentVersion.targets(2451,5): warning MSB3277:             C:\Users\ultra\warewolf\Dev\Dev2.Diagnostics\bin\Debug\net8.0\Dev2.Diagnostics.dll [C:\Users\ultra\warewolf\Dev\Warewolf.Studio.Themes.Luna\Warewolf.Studio.Themes.Luna.csproj]
C:\Program Files\dotnet\sdk\10.0.201\Microsoft.Common.CurrentVersion.targets(2451,5): warning MSB3277:             C:\Users\ultra\warewolf\Dev\Dev2.Infrastructure\bin\Debug\net8.0\Dev2.Infrastructure.dll [C:\Users\ultra\warewolf\Dev\Warewolf.Studio.Themes.Luna\Warewolf.Studio.Themes.Luna.csproj]
C:\Program Files\dotnet\sdk\10.0.201\Microsoft.Common.CurrentVersion.targets(2451,5): warning MSB3277:             C:\Users\ultra\warewolf\Dev\Dev2.Runtime.Services\bin\Debug\net8.0\Dev2.Runtime.Services.dll [C:\Users\ultra\warewolf\Dev\Warewolf.Studio.Themes.Luna\Warewolf.Studio.Themes.Luna.csproj]
C:\Program Files\dotnet\sdk\10.0.201\Microsoft.Common.CurrentVersion.targets(2451,5): warning MSB3277:             C:\Users\ultra\warewolf\Dev\Dev2.Scheduler\bin\Debug\net8.0\Dev2.Scheduler.dll [C:\Users\ultra\warewolf\Dev\Warewolf.Studio.Themes.Luna\Warewolf.Studio.Themes.Luna.csproj]
C:\Program Files\dotnet\sdk\10.0.201\Microsoft.Common.CurrentVersion.targets(2451,5): warning MSB3277:             C:\Users\ultra\warewolf\Dev\Dev2.Services.Execution\bin\Debug\net8.0\Dev2.Services.Execution.dll [C:\Users\ultra\warewolf\Dev\Warewolf.Studio.Themes.Luna\Warewolf.Studio.Themes.Luna.csproj]
C:\Program Files\dotnet\sdk\10.0.201\Microsoft.Common.CurrentVersion.targets(2451,5): warning MSB3277:             C:\Users\ultra\warewolf\Dev\Dev2.Services.Sql\bin\Debug\net8.0\Dev2.Services.Sql.dll [C:\Users\ultra\warewolf\Dev\Warewolf.Studio.Themes.Luna\Warewolf.Studio.Themes.Luna.csproj]
C:\Program Files\dotnet\sdk\10.0.201\Microsoft.Common.CurrentVersion.targets(2451,5): warning MSB3277:             C:\Users\ultra\warewolf\Dev\Dev2.TaskScheduler.Wrappers\bin\Debug\net8.0\Dev2.TaskScheduler.Wrappers.dll [C:\Users\ultra\warewolf\Dev\Warewolf.Studio.Themes.Luna\Warewolf.Studio.Themes.Luna.csproj]
C:\Program Files\dotnet\sdk\10.0.201\Microsoft.Common.CurrentVersion.targets(2451,5): warning MSB3277:             C:\Users\ultra\warewolf\Dev\Dev2.Util\bin\Debug\net8.0\Dev2.Util.dll [C:\Users\ultra\warewolf\Dev\Warewolf.Studio.Themes.Luna\Warewolf.Studio.Themes.Luna.csproj]
C:\Program Files\dotnet\sdk\10.0.201\Microsoft.Common.CurrentVersion.targets(2451,5): warning MSB3277:             C:\Users\ultra\warewolf\Dev\Warewolf.AI.Harness\bin\Debug\net8.0\Warewolf.AI.Harness.dll [C:\Users\ultra\warewolf\Dev\Warewolf.Studio.Themes.Luna\Warewolf.Studio.Themes.Luna.csproj]
C:\Program Files\dotnet\sdk\10.0.201\Microsoft.Common.CurrentVersion.targets(2451,5): warning MSB3277:             C:\Users\ultra\warewolf\Dev\Warewolf.Auditing\bin\Debug\net8.0\Warewolf.Auditing.dll [C:\Users\ultra\warewolf\Dev\Warewolf.Studio.Themes.Luna\Warewolf.Studio.Themes.Luna.csproj]
C:\Program Files\dotnet\sdk\10.0.201\Microsoft.Common.CurrentVersion.targets(2451,5): warning MSB3277:             C:\Users\ultra\warewolf\Dev\Warewolf.Common.NetStandard20\bin\Debug\net8.0\Warewolf.Common.NetStandard20.dll [C:\Users\ultra\warewolf\Dev\Warewolf.Studio.Themes.Luna\Warewolf.Studio.Themes.Luna.csproj]
C:\Program Files\dotnet\sdk\10.0.201\Microsoft.Common.CurrentVersion.targets(2451,5): warning MSB3277:             C:\Users\ultra\warewolf\Dev\Warewolf.Core\bin\Debug\net8.0\Warewolf.Core.dll [C:\Users\ultra\warewolf\Dev\Warewolf.Studio.Themes.Luna\Warewolf.Studio.Themes.Luna.csproj]
C:\Program Files\dotnet\sdk\10.0.201\Microsoft.Common.CurrentVersion.targets(2451,5): warning MSB3277:             C:\Users\ultra\warewolf\Dev\Warewolf.Driver.Persistence\bin\Debug\net8.0\Warewolf.Driver.Persistence.dll [C:\Users\ultra\warewolf\Dev\Warewolf.Studio.Themes.Luna\Warewolf.Studio.Themes.Luna.csproj]
C:\Program Files\dotnet\sdk\10.0.201\Microsoft.Common.CurrentVersion.targets(2451,5): warning MSB3277:             C:\Users\ultra\warewolf\Dev\Warewolf.Driver.Serilog\bin\Debug\net8.0\Warewolf.Driver.Serilog.dll [C:\Users\ultra\warewolf\Dev\Warewolf.Studio.Themes.Luna\Warewolf.Studio.Themes.Luna.csproj]
C:\Program Files\dotnet\sdk\10.0.201\Microsoft.Common.CurrentVersion.targets(2451,5): warning MSB3277:             C:\Users\ultra\warewolf\Dev\Warewolf.Exchange.Email.Wrapper\bin\Debug\net8.0\Warewolf.Exchange.Email.Wrapper.dll [C:\Users\ultra\warewolf\Dev\Warewolf.Studio.Themes.Luna\Warewolf.Studio.Themes.Luna.csproj]
C:\Program Files\dotnet\sdk\10.0.201\Microsoft.Common.CurrentVersion.targets(2451,5): warning MSB3277:             C:\Users\ultra\warewolf\Dev\Warewolf.ResourceManagement\bin\Debug\net8.0\Warewolf.ResourceManagement.dll [C:\Users\ultra\warewolf\Dev\Warewolf.Studio.Themes.Luna\Warewolf.Studio.Themes.Luna.csproj]
C:\Program Files\dotnet\sdk\10.0.201\Microsoft.Common.CurrentVersion.targets(2451,5): warning MSB3277:             C:\Users\ultra\warewolf\Dev\Warewolf.Sharepoint\bin\Debug\net8.0\Warewolf.Sharepoint.dll [C:\Users\ultra\warewolf\Dev\Warewolf.Studio.Themes.Luna\Warewolf.Studio.Themes.Luna.csproj]
C:\Program Files\dotnet\sdk\10.0.201\Microsoft.Common.CurrentVersion.targets(2451,5): warning MSB3277:             C:\Users\ultra\warewolf\Dev\Warewolf.Storage\bin\Debug\net8.0\Warewolf.Storage.dll [C:\Users\ultra\warewolf\Dev\Warewolf.Studio.Themes.Luna\Warewolf.Studio.Themes.Luna.csproj]
C:\Program Files\dotnet\sdk\10.0.201\Microsoft.Common.CurrentVersion.targets(2451,5): warning MSB3277:         C:\Users\ultra\.nuget\packages\mindbox.data.linq\5.0.0\lib\netstandard2.0\Mindbox.Data.Linq.dll [C:\Users\ultra\warewolf\Dev\Warewolf.Studio.Themes.Luna\Warewolf.Studio.Themes.Luna.csproj]
C:\Program Files\dotnet\sdk\10.0.201\Microsoft.Common.CurrentVersion.targets(2451,5): warning MSB3277:           Project file item includes which caused reference "C:\Users\ultra\.nuget\packages\mindbox.data.linq\5.0.0\lib\netstandard2.0\Mindbox.Data.Linq.dll". [C:\Users\ultra\warewolf\Dev\Warewolf.Studio.Themes.Luna\Warewolf.Studio.Themes.Luna.csproj]
C:\Program Files\dotnet\sdk\10.0.201\Microsoft.Common.CurrentVersion.targets(2451,5): warning MSB3277:             C:\Users\ultra\.nuget\packages\mindbox.data.linq\5.0.0\lib\netstandard2.0\Mindbox.Data.Linq.dll [C:\Users\ultra\warewolf\Dev\Warewolf.Studio.Themes.Luna\Warewolf.Studio.Themes.Luna.csproj]
C:\Program Files\dotnet\sdk\10.0.201\Microsoft.Common.CurrentVersion.targets(2451,5): warning MSB3277:             C:\Users\ultra\warewolf\Dev\Warewolf.Auditing\bin\Debug\net8.0\Warewolf.Auditing.dll [C:\Users\ultra\warewolf\Dev\Warewolf.Studio.Themes.Luna\Warewolf.Studio.Themes.Luna.csproj]
C:\Program Files\dotnet\sdk\10.0.201\Microsoft.Common.CurrentVersion.targets(2451,5): warning MSB3277:             C:\Users\ultra\warewolf\Dev\Dev2.Activities\bin\Debug\net8.0\Dev2.Activities.dll [C:\Users\ultra\warewolf\Dev\Warewolf.Studio.Themes.Luna\Warewolf.Studio.Themes.Luna.csproj]
C:\Program Files\dotnet\sdk\10.0.201\Microsoft.Common.CurrentVersion.targets(2451,5): warning MSB3277:             C:\Users\ultra\warewolf\Dev\Dev2.Studio.Core\bin\Debug\net8.0\Dev2.Studio.Core.dll [C:\Users\ultra\warewolf\Dev\Warewolf.Studio.Themes.Luna\Warewolf.Studio.Themes.Luna.csproj]
C:\Program Files\dotnet\sdk\10.0.201\Microsoft.Common.CurrentVersion.targets(2451,5): warning MSB3277:             C:\Users\ultra\warewolf\Dev\Dev2.Intellisense\bin\Debug\net8.0\Dev2.Intellisense.dll [C:\Users\ultra\warewolf\Dev\Warewolf.Studio.Themes.Luna\Warewolf.Studio.Themes.Luna.csproj]
C:\Program Files\dotnet\sdk\10.0.201\Microsoft.Common.CurrentVersion.targets(2451,5): warning MSB3277:             C:\Users\ultra\warewolf\Dev\Dev2.Runtime.Services\bin\Debug\net8.0\Dev2.Runtime.Services.dll [C:\Users\ultra\warewolf\Dev\Warewolf.Studio.Themes.Luna\Warewolf.Studio.Themes.Luna.csproj]
C:\Program Files\dotnet\sdk\10.0.201\Microsoft.Common.CurrentVersion.targets(2451,5): warning MSB3277:             C:\Users\ultra\warewolf\Dev\Dev2.Studio.Interfaces\bin\Debug\net8.0\Dev2.Studio.Interfaces.dll [C:\Users\ultra\warewolf\Dev\Warewolf.Studio.Themes.Luna\Warewolf.Studio.Themes.Luna.csproj]
C:\Program Files\dotnet\sdk\10.0.201\Microsoft.Common.CurrentVersion.targets(2451,5): warning MSB3277:             C:\Users\ultra\warewolf\Dev\Warewolf.Studio.Core\bin\Debug\net8.0\Warewolf.Studio.Core.dll [C:\Users\ultra\warewolf\Dev\Warewolf.Studio.Themes.Luna\Warewolf.Studio.Themes.Luna.csproj]
C:\Program Files\dotnet\sdk\10.0.201\Microsoft.Common.CurrentVersion.targets(2451,5): warning MSB3277:             C:\Users\ultra\warewolf\Dev\Warewolf.Studio.CustomControls\bin\Debug\net8.0\Warewolf.Studio.CustomControls.dll [C:\Users\ultra\warewolf\Dev\Warewolf.Studio.Themes.Luna\Warewolf.Studio.Themes.Luna.csproj]
C:\Program Files\dotnet\sdk\10.0.201\Microsoft.Common.CurrentVersion.targets(2451,5): warning MSB3277:             C:\Users\ultra\warewolf\Dev\Dev2.Services.Execution\bin\Debug\net8.0\Dev2.Services.Execution.dll [C:\Users\ultra\warewolf\Dev\Warewolf.Studio.Themes.Luna\Warewolf.Studio.Themes.Luna.csproj]
C:\Program Files\dotnet\sdk\10.0.201\Microsoft.Common.CurrentVersion.targets(2451,5): warning MSB3277:             C:\Users\ultra\warewolf\Dev\Warewolf.Common.NetStandard20\bin\Debug\net8.0\Warewolf.Common.NetStandard20.dll [C:\Users\ultra\warewolf\Dev\Warewolf.Studio.Themes.Luna\Warewolf.Studio.Themes.Luna.csproj]
C:\Program Files\dotnet\sdk\10.0.201\Microsoft.Common.CurrentVersion.targets(2451,5): warning MSB3277:             C:\Users\ultra\warewolf\Dev\Warewolf.Driver.Persistence\bin\Debug\net8.0\Warewolf.Driver.Persistence.dll [C:\Users\ultra\warewolf\Dev\Warewolf.Studio.Themes.Luna\Warewolf.Studio.Themes.Luna.csproj]
C:\Program Files\dotnet\sdk\10.0.201\Microsoft.Common.CurrentVersion.targets(2451,5): warning MSB3277:         C:\Users\ultra\.nuget\packages\mysql.data\8.4.0\lib\net8.0\MySql.Data.dll [C:\Users\ultra\warewolf\Dev\Warewolf.Studio.Themes.Luna\Warewolf.Studio.Themes.Luna.csproj]
C:\Program Files\dotnet\sdk\10.0.201\Microsoft.Common.CurrentVersion.targets(2451,5): warning MSB3277:           Project file item includes which caused reference "C:\Users\ultra\.nuget\packages\mysql.data\8.4.0\lib\net8.0\MySql.Data.dll". [C:\Users\ultra\warewolf\Dev\Warewolf.Studio.Themes.Luna\Warewolf.Studio.Themes.Luna.csproj]
C:\Program Files\dotnet\sdk\10.0.201\Microsoft.Common.CurrentVersion.targets(2451,5): warning MSB3277:             C:\Users\ultra\.nuget\packages\mysql.data\8.4.0\lib\net8.0\MySql.Data.dll [C:\Users\ultra\warewolf\Dev\Warewolf.Studio.Themes.Luna\Warewolf.Studio.Themes.Luna.csproj]
C:\Program Files\dotnet\sdk\10.0.201\Microsoft.Common.CurrentVersion.targets(2451,5): warning MSB3277:             C:\Users\ultra\warewolf\Dev\Dev2.Activities\bin\Debug\net8.0\Dev2.Activities.dll [C:\Users\ultra\warewolf\Dev\Warewolf.Studio.Themes.Luna\Warewolf.Studio.Themes.Luna.csproj]
C:\Program Files\dotnet\sdk\10.0.201\Microsoft.Common.CurrentVersion.targets(2451,5): warning MSB3277:             C:\Users\ultra\warewolf\Dev\Dev2.Studio.Core\bin\Debug\net8.0\Dev2.Studio.Core.dll [C:\Users\ultra\warewolf\Dev\Warewolf.Studio.Themes.Luna\Warewolf.Studio.Themes.Luna.csproj]
C:\Program Files\dotnet\sdk\10.0.201\Microsoft.Common.CurrentVersion.targets(2451,5): warning MSB3277:             C:\Users\ultra\warewolf\Dev\Dev2.Intellisense\bin\Debug\net8.0\Dev2.Intellisense.dll [C:\Users\ultra\warewolf\Dev\Warewolf.Studio.Themes.Luna\Warewolf.Studio.Themes.Luna.csproj]
C:\Program Files\dotnet\sdk\10.0.201\Microsoft.Common.CurrentVersion.targets(2451,5): warning MSB3277:             C:\Users\ultra\warewolf\Dev\Dev2.Runtime.Services\bin\Debug\net8.0\Dev2.Runtime.Services.dll [C:\Users\ultra\warewolf\Dev\Warewolf.Studio.Themes.Luna\Warewolf.Studio.Themes.Luna.csproj]
C:\Program Files\dotnet\sdk\10.0.201\Microsoft.Common.CurrentVersion.targets(2451,5): warning MSB3277:             C:\Users\ultra\warewolf\Dev\Dev2.Studio.Interfaces\bin\Debug\net8.0\Dev2.Studio.Interfaces.dll [C:\Users\ultra\warewolf\Dev\Warewolf.Studio.Themes.Luna\Warewolf.Studio.Themes.Luna.csproj]
C:\Program Files\dotnet\sdk\10.0.201\Microsoft.Common.CurrentVersion.targets(2451,5): warning MSB3277:             C:\Users\ultra\warewolf\Dev\Warewolf.Studio.Core\bin\Debug\net8.0\Warewolf.Studio.Core.dll [C:\Users\ultra\warewolf\Dev\Warewolf.Studio.Themes.Luna\Warewolf.Studio.Themes.Luna.csproj]
C:\Program Files\dotnet\sdk\10.0.201\Microsoft.Common.CurrentVersion.targets(2451,5): warning MSB3277:             C:\Users\ultra\warewolf\Dev\Warewolf.Studio.CustomControls\bin\Debug\net8.0\Warewolf.Studio.CustomControls.dll [C:\Users\ultra\warewolf\Dev\Warewolf.Studio.Themes.Luna\Warewolf.Studio.Themes.Luna.csproj]
C:\Program Files\dotnet\sdk\10.0.201\Microsoft.Common.CurrentVersion.targets(2451,5): warning MSB3277:             C:\Users\ultra\warewolf\Dev\Dev2.Services.Execution\bin\Debug\net8.0\Dev2.Services.Execution.dll [C:\Users\ultra\warewolf\Dev\Warewolf.Studio.Themes.Luna\Warewolf.Studio.Themes.Luna.csproj]
C:\Program Files\dotnet\sdk\10.0.201\Microsoft.Common.CurrentVersion.targets(2451,5): warning MSB3277:             C:\Users\ultra\warewolf\Dev\Dev2.Services.Sql\bin\Debug\net8.0\Dev2.Services.Sql.dll [C:\Users\ultra\warewolf\Dev\Warewolf.Studio.Themes.Luna\Warewolf.Studio.Themes.Luna.csproj]
C:\Program Files\dotnet\sdk\10.0.201\Microsoft.Common.CurrentVersion.targets(2451,5): warning MSB3277:             C:\Users\ultra\warewolf\Dev\Warewolf.Driver.Persistence\bin\Debug\net8.0\Warewolf.Driver.Persistence.dll [C:\Users\ultra\warewolf\Dev\Warewolf.Studio.Themes.Luna\Warewolf.Studio.Themes.Luna.csproj]
C:\Program Files\dotnet\sdk\10.0.201\Microsoft.Common.CurrentVersion.targets(2451,5): warning MSB3277:         C:\Users\ultra\.nuget\packages\oracle.manageddataaccess.core\3.21.70\lib\netstandard2.1\Oracle.ManagedDataAccess.dll [C:\Users\ultra\warewolf\Dev\Warewolf.Studio.Themes.Luna\Warewolf.Studio.Themes.Luna.csproj]
C:\Program Files\dotnet\sdk\10.0.201\Microsoft.Common.CurrentVersion.targets(2451,5): warning MSB3277:           Project file item includes which caused reference "C:\Users\ultra\.nuget\packages\oracle.manageddataaccess.core\3.21.70\lib\netstandard2.1\Oracle.ManagedDataAccess.dll". [C:\Users\ultra\warewolf\Dev\Warewolf.Studio.Themes.Luna\Warewolf.Studio.Themes.Luna.csproj]
C:\Program Files\dotnet\sdk\10.0.201\Microsoft.Common.CurrentVersion.targets(2451,5): warning MSB3277:             C:\Users\ultra\.nuget\packages\oracle.manageddataaccess.core\3.21.70\lib\netstandard2.1\Oracle.ManagedDataAccess.dll [C:\Users\ultra\warewolf\Dev\Warewolf.Studio.Themes.Luna\Warewolf.Studio.Themes.Luna.csproj]
C:\Program Files\dotnet\sdk\10.0.201\Microsoft.Common.CurrentVersion.targets(2451,5): warning MSB3277:             C:\Users\ultra\warewolf\Dev\Dev2.Runtime.Services\bin\Debug\net8.0\Dev2.Runtime.Services.dll [C:\Users\ultra\warewolf\Dev\Warewolf.Studio.Themes.Luna\Warewolf.Studio.Themes.Luna.csproj]
C:\Program Files\dotnet\sdk\10.0.201\Microsoft.Common.CurrentVersion.targets(2451,5): warning MSB3277:             C:\Users\ultra\warewolf\Dev\Dev2.Studio.Core\bin\Debug\net8.0\Dev2.Studio.Core.dll [C:\Users\ultra\warewolf\Dev\Warewolf.Studio.Themes.Luna\Warewolf.Studio.Themes.Luna.csproj]
C:\Program Files\dotnet\sdk\10.0.201\Microsoft.Common.CurrentVersion.targets(2451,5): warning MSB3277:             C:\Users\ultra\warewolf\Dev\Dev2.Intellisense\bin\Debug\net8.0\Dev2.Intellisense.dll [C:\Users\ultra\warewolf\Dev\Warewolf.Studio.Themes.Luna\Warewolf.Studio.Themes.Luna.csproj]
C:\Program Files\dotnet\sdk\10.0.201\Microsoft.Common.CurrentVersion.targets(2451,5): warning MSB3277:             C:\Users\ultra\warewolf\Dev\Dev2.Studio.Interfaces\bin\Debug\net8.0\Dev2.Studio.Interfaces.dll [C:\Users\ultra\warewolf\Dev\Warewolf.Studio.Themes.Luna\Warewolf.Studio.Themes.Luna.csproj]
C:\Program Files\dotnet\sdk\10.0.201\Microsoft.Common.CurrentVersion.targets(2451,5): warning MSB3277:             C:\Users\ultra\warewolf\Dev\Warewolf.Studio.Core\bin\Debug\net8.0\Warewolf.Studio.Core.dll [C:\Users\ultra\warewolf\Dev\Warewolf.Studio.Themes.Luna\Warewolf.Studio.Themes.Luna.csproj]
C:\Program Files\dotnet\sdk\10.0.201\Microsoft.Common.CurrentVersion.targets(2451,5): warning MSB3277:             C:\Users\ultra\warewolf\Dev\Warewolf.Studio.CustomControls\bin\Debug\net8.0\Warewolf.Studio.CustomControls.dll [C:\Users\ultra\warewolf\Dev\Warewolf.Studio.Themes.Luna\Warewolf.Studio.Themes.Luna.csproj]
C:\Program Files\dotnet\sdk\10.0.201\Microsoft.Common.CurrentVersion.targets(2451,5): warning MSB3277:             C:\Users\ultra\warewolf\Dev\Dev2.Activities\bin\Debug\net8.0\Dev2.Activities.dll [C:\Users\ultra\warewolf\Dev\Warewolf.Studio.Themes.Luna\Warewolf.Studio.Themes.Luna.csproj]
C:\Program Files\dotnet\sdk\10.0.201\Microsoft.Common.CurrentVersion.targets(2451,5): warning MSB3277:             C:\Users\ultra\warewolf\Dev\Dev2.Services.Execution\bin\Debug\net8.0\Dev2.Services.Execution.dll [C:\Users\ultra\warewolf\Dev\Warewolf.Studio.Themes.Luna\Warewolf.Studio.Themes.Luna.csproj]
C:\Program Files\dotnet\sdk\10.0.201\Microsoft.Common.CurrentVersion.targets(2451,5): warning MSB3277:             C:\Users\ultra\warewolf\Dev\Dev2.Services.Sql\bin\Debug\net8.0\Dev2.Services.Sql.dll [C:\Users\ultra\warewolf\Dev\Warewolf.Studio.Themes.Luna\Warewolf.Studio.Themes.Luna.csproj]
C:\Program Files\dotnet\sdk\10.0.201\Microsoft.Common.CurrentVersion.targets(2451,5): warning MSB3277:             C:\Users\ultra\warewolf\Dev\Warewolf.Driver.Persistence\bin\Debug\net8.0\Warewolf.Driver.Persistence.dll [C:\Users\ultra\warewolf\Dev\Warewolf.Studio.Themes.Luna\Warewolf.Studio.Themes.Luna.csproj]
C:\Program Files\dotnet\sdk\10.0.201\Microsoft.Common.CurrentVersion.targets(2451,5): warning MSB3277:         C:\Users\ultra\.nuget\packages\system.directoryservices\6.0.0\lib\net6.0\System.DirectoryServices.dll [C:\Users\ultra\warewolf\Dev\Warewolf.Studio.Themes.Luna\Warewolf.Studio.Themes.Luna.csproj]
C:\Program Files\dotnet\sdk\10.0.201\Microsoft.Common.CurrentVersion.targets(2451,5): warning MSB3277:           Project file item includes which caused reference "C:\Users\ultra\.nuget\packages\system.directoryservices\6.0.0\lib\net6.0\System.DirectoryServices.dll". [C:\Users\ultra\warewolf\Dev\Warewolf.Studio.Themes.Luna\Warewolf.Studio.Themes.Luna.csproj]
C:\Program Files\dotnet\sdk\10.0.201\Microsoft.Common.CurrentVersion.targets(2451,5): warning MSB3277:             C:\Users\ultra\.nuget\packages\system.directoryservices\6.0.0\lib\net6.0\System.DirectoryServices.dll [C:\Users\ultra\warewolf\Dev\Warewolf.Studio.Themes.Luna\Warewolf.Studio.Themes.Luna.csproj]
C:\Program Files\dotnet\sdk\10.0.201\Microsoft.Common.CurrentVersion.targets(2451,5): warning MSB3277:             C:\Users\ultra\.nuget\packages\corewcf.primitives\1.2.1\lib\netstandard2.0\CoreWCF.Primitives.dll [C:\Users\ultra\warewolf\Dev\Warewolf.Studio.Themes.Luna\Warewolf.Studio.Themes.Luna.csproj]
C:\Program Files\dotnet\sdk\10.0.201\Microsoft.Common.CurrentVersion.targets(2451,5): warning MSB3277:             C:\Users\ultra\warewolf\Dev\Dev2.Runtime.Services\bin\Debug\net8.0\Dev2.Runtime.Services.dll [C:\Users\ultra\warewolf\Dev\Warewolf.Studio.Themes.Luna\Warewolf.Studio.Themes.Luna.csproj]
C:\Program Files\dotnet\sdk\10.0.201\Microsoft.Common.CurrentVersion.targets(2451,5): warning MSB3277:             C:\Users\ultra\warewolf\Dev\Dev2.Studio.Core\bin\Debug\net8.0\Dev2.Studio.Core.dll [C:\Users\ultra\warewolf\Dev\Warewolf.Studio.Themes.Luna\Warewolf.Studio.Themes.Luna.csproj]
C:\Program Files\dotnet\sdk\10.0.201\Microsoft.Common.CurrentVersion.targets(2451,5): warning MSB3277:             C:\Users\ultra\warewolf\Dev\Dev2.Intellisense\bin\Debug\net8.0\Dev2.Intellisense.dll [C:\Users\ultra\warewolf\Dev\Warewolf.Studio.Themes.Luna\Warewolf.Studio.Themes.Luna.csproj]
C:\Program Files\dotnet\sdk\10.0.201\Microsoft.Common.CurrentVersion.targets(2451,5): warning MSB3277:             C:\Users\ultra\warewolf\Dev\Dev2.Studio.Interfaces\bin\Debug\net8.0\Dev2.Studio.Interfaces.dll [C:\Users\ultra\warewolf\Dev\Warewolf.Studio.Themes.Luna\Warewolf.Studio.Themes.Luna.csproj]
C:\Program Files\dotnet\sdk\10.0.201\Microsoft.Common.CurrentVersion.targets(2451,5): warning MSB3277:             C:\Users\ultra\warewolf\Dev\Warewolf.Studio.Core\bin\Debug\net8.0\Warewolf.Studio.Core.dll [C:\Users\ultra\warewolf\Dev\Warewolf.Studio.Themes.Luna\Warewolf.Studio.Themes.Luna.csproj]
C:\Program Files\dotnet\sdk\10.0.201\Microsoft.Common.CurrentVersion.targets(2451,5): warning MSB3277:             C:\Users\ultra\warewolf\Dev\Warewolf.Studio.CustomControls\bin\Debug\net8.0\Warewolf.Studio.CustomControls.dll [C:\Users\ultra\warewolf\Dev\Warewolf.Studio.Themes.Luna\Warewolf.Studio.Themes.Luna.csproj]
C:\Program Files\dotnet\sdk\10.0.201\Microsoft.Common.CurrentVersion.targets(2451,5): warning MSB3277:             C:\Users\ultra\warewolf\Dev\Dev2.Activities\bin\Debug\net8.0\Dev2.Activities.dll [C:\Users\ultra\warewolf\Dev\Warewolf.Studio.Themes.Luna\Warewolf.Studio.Themes.Luna.csproj]
C:\Program Files\dotnet\sdk\10.0.201\Microsoft.Common.CurrentVersion.targets(2451,5): warning MSB3277:             C:\Users\ultra\warewolf\Dev\Dev2.Services.Execution\bin\Debug\net8.0\Dev2.Services.Execution.dll [C:\Users\ultra\warewolf\Dev\Warewolf.Studio.Themes.Luna\Warewolf.Studio.Themes.Luna.csproj]
C:\Program Files\dotnet\sdk\10.0.201\Microsoft.Common.CurrentVersion.targets(2451,5): warning MSB3277:             C:\Users\ultra\warewolf\Dev\Warewolf.Driver.Persistence\bin\Debug\net8.0\Warewolf.Driver.Persistence.dll [C:\Users\ultra\warewolf\Dev\Warewolf.Studio.Themes.Luna\Warewolf.Studio.Themes.Luna.csproj]
C:\Program Files\dotnet\sdk\10.0.201\Microsoft.Common.CurrentVersion.targets(2451,5): warning MSB3277:             C:\Users\ultra\.nuget\packages\corewcf.http\1.2.1\lib\netstandard2.0\CoreWCF.Http.dll [C:\Users\ultra\warewolf\Dev\Warewolf.Studio.Themes.Luna\Warewolf.Studio.Themes.Luna.csproj]
C:\Program Files\dotnet\sdk\10.0.201\Microsoft.Common.CurrentVersion.targets(2451,5): warning MSB3277:             C:\Users\ultra\.nuget\packages\corewcf.nettcp\1.2.1\lib\netstandard2.0\CoreWCF.NetTcp.dll [C:\Users\ultra\warewolf\Dev\Warewolf.Studio.Themes.Luna\Warewolf.Studio.Themes.Luna.csproj]
C:\Program Files\dotnet\sdk\10.0.201\Microsoft.Common.CurrentVersion.targets(2451,5): warning MSB3277:             C:\Users\ultra\.nuget\packages\corewcf.webhttp\1.2.1\lib\netstandard2.0\CoreWCF.WebHttp.dll [C:\Users\ultra\warewolf\Dev\Warewolf.Studio.Themes.Luna\Warewolf.Studio.Themes.Luna.csproj]
C:\Program Files\dotnet\sdk\10.0.201\Microsoft.Common.CurrentVersion.targets(2451,5): warning MSB3277:         C:\Program Files\dotnet\packs\Microsoft.NETCore.App.Ref\8.0.25\ref\net8.0\System.Configuration.dll [C:\Users\ultra\warewolf\Dev\Warewolf.Studio.Themes.Luna\Warewolf.Studio.Themes.Luna.csproj]
C:\Program Files\dotnet\sdk\10.0.201\Microsoft.Common.CurrentVersion.targets(2451,5): warning MSB3277:           Project file item includes which caused reference "C:\Program Files\dotnet\packs\Microsoft.NETCore.App.Ref\8.0.25\ref\net8.0\System.Configuration.dll". [C:\Users\ultra\warewolf\Dev\Warewolf.Studio.Themes.Luna\Warewolf.Studio.Themes.Luna.csproj]
C:\Program Files\dotnet\sdk\10.0.201\Microsoft.Common.CurrentVersion.targets(2451,5): warning MSB3277:             C:\Program Files\dotnet\packs\Microsoft.NETCore.App.Ref\8.0.25\ref/net8.0/System.Configuration.dll [C:\Users\ultra\warewolf\Dev\Warewolf.Studio.Themes.Luna\Warewolf.Studio.Themes.Luna.csproj]
C:\Program Files\dotnet\sdk\10.0.201\Microsoft.Common.CurrentVersion.targets(2451,5): warning MSB3277:             C:\Users\ultra\.nuget\packages\prism.wpf\9.0.537\lib\net462\Prism.Wpf.dll [C:\Users\ultra\warewolf\Dev\Warewolf.Studio.Themes.Luna\Warewolf.Studio.Themes.Luna.csproj]
C:\Program Files\dotnet\sdk\10.0.201\Microsoft.Common.CurrentVersion.targets(2451,5): warning MSB3277:         C:\Program Files\dotnet\packs\Microsoft.NETCore.App.Ref\8.0.25\ref\net8.0\System.Data.dll [C:\Users\ultra\warewolf\Dev\Warewolf.Studio.Themes.Luna\Warewolf.Studio.Themes.Luna.csproj]
C:\Program Files\dotnet\sdk\10.0.201\Microsoft.Common.CurrentVersion.targets(2451,5): warning MSB3277:           Project file item includes which caused reference "C:\Program Files\dotnet\packs\Microsoft.NETCore.App.Ref\8.0.25\ref\net8.0\System.Data.dll". [C:\Users\ultra\warewolf\Dev\Warewolf.Studio.Themes.Luna\Warewolf.Studio.Themes.Luna.csproj]
C:\Program Files\dotnet\sdk\10.0.201\Microsoft.Common.CurrentVersion.targets(2451,5): warning MSB3277:             C:\Program Files\dotnet\packs\Microsoft.NETCore.App.Ref\8.0.25\ref/net8.0/System.Data.dll [C:\Users\ultra\warewolf\Dev\Warewolf.Studio.Themes.Luna\Warewolf.Studio.Themes.Luna.csproj]
C:\Program Files\dotnet\sdk\10.0.201\Microsoft.Common.CurrentVersion.targets(2451,5): warning MSB3277:             C:\Users\ultra\.nuget\packages\taskschedulereditor\2.10.1\lib\net452\Microsoft.Win32.TaskSchedulerEditor.dll [C:\Users\ultra\warewolf\Dev\Warewolf.Studio.Themes.Luna\Warewolf.Studio.Themes.Luna.csproj]
C:\Program Files\dotnet\sdk\10.0.201\Microsoft.Common.CurrentVersion.targets(2451,5): warning MSB3277:         C:\Program Files\dotnet\packs\Microsoft.NETCore.App.Ref\8.0.25\ref\net8.0\System.Drawing.dll [C:\Users\ultra\warewolf\Dev\Warewolf.Studio.Themes.Luna\Warewolf.Studio.Themes.Luna.csproj]
C:\Program Files\dotnet\sdk\10.0.201\Microsoft.Common.CurrentVersion.targets(2451,5): warning MSB3277:           Project file item includes which caused reference "C:\Program Files\dotnet\packs\Microsoft.NETCore.App.Ref\8.0.25\ref\net8.0\System.Drawing.dll". [C:\Users\ultra\warewolf\Dev\Warewolf.Studio.Themes.Luna\Warewolf.Studio.Themes.Luna.csproj]
C:\Program Files\dotnet\sdk\10.0.201\Microsoft.Common.CurrentVersion.targets(2451,5): warning MSB3277:             C:\Program Files\dotnet\packs\Microsoft.NETCore.App.Ref\8.0.25\ref/net8.0/System.Drawing.dll [C:\Users\ultra\warewolf\Dev\Warewolf.Studio.Themes.Luna\Warewolf.Studio.Themes.Luna.csproj]
C:\Program Files\dotnet\sdk\10.0.201\Microsoft.Common.CurrentVersion.targets(2451,5): warning MSB3277:             C:\Users\ultra\.nuget\packages\aerowizard\2.3.1\lib\net45\AeroWizard.dll [C:\Users\ultra\warewolf\Dev\Warewolf.Studio.Themes.Luna\Warewolf.Studio.Themes.Luna.csproj]
C:\Program Files\dotnet\sdk\10.0.201\Microsoft.Common.CurrentVersion.targets(2451,5): warning MSB3277:             C:\Users\ultra\.nuget\packages\groupcontrols\1.9.0\lib\net45\GroupControls.dll [C:\Users\ultra\warewolf\Dev\Warewolf.Studio.Themes.Luna\Warewolf.Studio.Themes.Luna.csproj]
C:\Program Files\dotnet\sdk\10.0.201\Microsoft.Common.CurrentVersion.targets(2451,5): warning MSB3277:             C:\Users\ultra\.nuget\packages\taskschedulereditor\2.10.1\lib\net452\Microsoft.Win32.TaskSchedulerEditor.dll [C:\Users\ultra\warewolf\Dev\Warewolf.Studio.Themes.Luna\Warewolf.Studio.Themes.Luna.csproj]
C:\Program Files\dotnet\sdk\10.0.201\Microsoft.Common.CurrentVersion.targets(2451,5): warning MSB3277:         C:\Program Files\dotnet\packs\Microsoft.NETCore.App.Ref\8.0.25\ref\net8.0\System.Net.dll [C:\Users\ultra\warewolf\Dev\Warewolf.Studio.Themes.Luna\Warewolf.Studio.Themes.Luna.csproj]
C:\Program Files\dotnet\sdk\10.0.201\Microsoft.Common.CurrentVersion.targets(2451,5): warning MSB3277:           Project file item includes which caused reference "C:\Program Files\dotnet\packs\Microsoft.NETCore.App.Ref\8.0.25\ref\net8.0\System.Net.dll". [C:\Users\ultra\warewolf\Dev\Warewolf.Studio.Themes.Luna\Warewolf.Studio.Themes.Luna.csproj]
C:\Program Files\dotnet\sdk\10.0.201\Microsoft.Common.CurrentVersion.targets(2451,5): warning MSB3277:             C:\Program Files\dotnet\packs\Microsoft.NETCore.App.Ref\8.0.25\ref/net8.0/System.Net.dll [C:\Users\ultra\warewolf\Dev\Warewolf.Studio.Themes.Luna\Warewolf.Studio.Themes.Luna.csproj]
C:\Program Files\dotnet\sdk\10.0.201\Microsoft.Common.CurrentVersion.targets(2451,5): warning MSB3277:         C:\Program Files\dotnet\packs\Microsoft.NETCore.App.Ref\8.0.25\ref\net8.0\System.Security.dll [C:\Users\ultra\warewolf\Dev\Warewolf.Studio.Themes.Luna\Warewolf.Studio.Themes.Luna.csproj]
C:\Program Files\dotnet\sdk\10.0.201\Microsoft.Common.CurrentVersion.targets(2451,5): warning MSB3277:           Project file item includes which caused reference "C:\Program Files\dotnet\packs\Microsoft.NETCore.App.Ref\8.0.25\ref\net8.0\System.Security.dll". [C:\Users\ultra\warewolf\Dev\Warewolf.Studio.Themes.Luna\Warewolf.Studio.Themes.Luna.csproj]
C:\Program Files\dotnet\sdk\10.0.201\Microsoft.Common.CurrentVersion.targets(2451,5): warning MSB3277:             C:\Program Files\dotnet\packs\Microsoft.NETCore.App.Ref\8.0.25\ref/net8.0/System.Security.dll [C:\Users\ultra\warewolf\Dev\Warewolf.Studio.Themes.Luna\Warewolf.Studio.Themes.Luna.csproj]
C:\Program Files\dotnet\sdk\10.0.201\Microsoft.Common.CurrentVersion.targets(2451,5): warning MSB3277:         C:\Program Files\dotnet\packs\Microsoft.NETCore.App.Ref\8.0.25\ref\net8.0\System.ServiceProcess.dll [C:\Users\ultra\warewolf\Dev\Warewolf.Studio.Themes.Luna\Warewolf.Studio.Themes.Luna.csproj]
C:\Program Files\dotnet\sdk\10.0.201\Microsoft.Common.CurrentVersion.targets(2451,5): warning MSB3277:           Project file item includes which caused reference "C:\Program Files\dotnet\packs\Microsoft.NETCore.App.Ref\8.0.25\ref\net8.0\System.ServiceProcess.dll". [C:\Users\ultra\warewolf\Dev\Warewolf.Studio.Themes.Luna\Warewolf.Studio.Themes.Luna.csproj]
C:\Program Files\dotnet\sdk\10.0.201\Microsoft.Common.CurrentVersion.targets(2451,5): warning MSB3277:             C:\Program Files\dotnet\packs\Microsoft.NETCore.App.Ref\8.0.25\ref/net8.0/System.ServiceProcess.dll [C:\Users\ultra\warewolf\Dev\Warewolf.Studio.Themes.Luna\Warewolf.Studio.Themes.Luna.csproj]
C:\Program Files\dotnet\sdk\10.0.201\Microsoft.Common.CurrentVersion.targets(2451,5): warning MSB3277:         C:\Program Files\dotnet\packs\Microsoft.NETCore.App.Ref\8.0.25\ref\net8.0\System.Transactions.dll [C:\Users\ultra\warewolf\Dev\Warewolf.Studio.Themes.Luna\Warewolf.Studio.Themes.Luna.csproj]
C:\Program Files\dotnet\sdk\10.0.201\Microsoft.Common.CurrentVersion.targets(2451,5): warning MSB3277:           Project file item includes which caused reference "C:\Program Files\dotnet\packs\Microsoft.NETCore.App.Ref\8.0.25\ref\net8.0\System.Transactions.dll". [C:\Users\ultra\warewolf\Dev\Warewolf.Studio.Themes.Luna\Warewolf.Studio.Themes.Luna.csproj]
C:\Program Files\dotnet\sdk\10.0.201\Microsoft.Common.CurrentVersion.targets(2451,5): warning MSB3277:             C:\Program Files\dotnet\packs\Microsoft.NETCore.App.Ref\8.0.25\ref/net8.0/System.Transactions.dll [C:\Users\ultra\warewolf\Dev\Warewolf.Studio.Themes.Luna\Warewolf.Studio.Themes.Luna.csproj]
C:\Program Files\dotnet\sdk\10.0.201\Microsoft.Common.CurrentVersion.targets(2451,5): warning MSB3277:         C:\Program Files\dotnet\packs\Microsoft.NETCore.App.Ref\8.0.25\ref\net8.0\System.dll [C:\Users\ultra\warewolf\Dev\Warewolf.Studio.Themes.Luna\Warewolf.Studio.Themes.Luna.csproj]
C:\Program Files\dotnet\sdk\10.0.201\Microsoft.Common.CurrentVersion.targets(2451,5): warning MSB3277:           Project file item includes which caused reference "C:\Program Files\dotnet\packs\Microsoft.NETCore.App.Ref\8.0.25\ref\net8.0\System.dll". [C:\Users\ultra\warewolf\Dev\Warewolf.Studio.Themes.Luna\Warewolf.Studio.Themes.Luna.csproj]
C:\Program Files\dotnet\sdk\10.0.201\Microsoft.Common.CurrentVersion.targets(2451,5): warning MSB3277:             C:\Program Files\dotnet\packs\Microsoft.NETCore.App.Ref\8.0.25\ref/net8.0/System.dll [C:\Users\ultra\warewolf\Dev\Warewolf.Studio.Themes.Luna\Warewolf.Studio.Themes.Luna.csproj]
C:\Program Files\dotnet\sdk\10.0.201\Microsoft.Common.CurrentVersion.targets(2451,5): warning MSB3277:             C:\Users\ultra\.nuget\packages\aerowizard\2.3.1\lib\net45\AeroWizard.dll [C:\Users\ultra\warewolf\Dev\Warewolf.Studio.Themes.Luna\Warewolf.Studio.Themes.Luna.csproj]
C:\Program Files\dotnet\sdk\10.0.201\Microsoft.Common.CurrentVersion.targets(2451,5): warning MSB3277:             C:\Users\ultra\.nuget\packages\groupcontrols\1.9.0\lib\net45\GroupControls.dll [C:\Users\ultra\warewolf\Dev\Warewolf.Studio.Themes.Luna\Warewolf.Studio.Themes.Luna.csproj]
C:\Program Files\dotnet\sdk\10.0.201\Microsoft.Common.CurrentVersion.targets(2451,5): warning MSB3277:             C:\Users\ultra\.nuget\packages\microsoft.xaml.behaviors.wpf\1.1.122\lib\net462\Microsoft.Xaml.Behaviors.dll [C:\Users\ultra\warewolf\Dev\Warewolf.Studio.Themes.Luna\Warewolf.Studio.Themes.Luna.csproj]
C:\Program Files\dotnet\sdk\10.0.201\Microsoft.Common.CurrentVersion.targets(2451,5): warning MSB3277:             C:\Users\ultra\.nuget\packages\caliburn.micro\4.0.212\lib\netcoreapp3.1\Caliburn.Micro.Platform.dll [C:\Users\ultra\warewolf\Dev\Warewolf.Studio.Themes.Luna\Warewolf.Studio.Themes.Luna.csproj]
C:\Program Files\dotnet\sdk\10.0.201\Microsoft.Common.CurrentVersion.targets(2451,5): warning MSB3277:             C:\Users\ultra\.nuget\packages\prism.wpf\9.0.537\lib\net462\Prism.Wpf.dll [C:\Users\ultra\warewolf\Dev\Warewolf.Studio.Themes.Luna\Warewolf.Studio.Themes.Luna.csproj]
C:\Program Files\dotnet\sdk\10.0.201\Microsoft.Common.CurrentVersion.targets(2451,5): warning MSB3277:             C:\Users\ultra\.nuget\packages\reactiveui.wpf\18.4.1\lib\net462\ReactiveUI.Wpf.dll [C:\Users\ultra\warewolf\Dev\Warewolf.Studio.Themes.Luna\Warewolf.Studio.Themes.Luna.csproj]
C:\Program Files\dotnet\sdk\10.0.201\Microsoft.Common.CurrentVersion.targets(2451,5): warning MSB3277:             C:\Users\ultra\.nuget\packages\taskschedulereditor\2.10.1\lib\net452\Microsoft.Win32.TaskSchedulerEditor.dll [C:\Users\ultra\warewolf\Dev\Warewolf.Studio.Themes.Luna\Warewolf.Studio.Themes.Luna.csproj]
C:\Program Files\dotnet\sdk\10.0.201\Microsoft.Common.CurrentVersion.targets(2451,5): warning MSB3277:             C:\Users\ultra\.nuget\packages\ttcue.netcore.sharepointonline.csom.16.1.8029.1200\16.1.8029.1200\lib\netcoreapp2.0\Microsoft.SharePoint.Client.Runtime.Windows.dll [C:\Users\ultra\warewolf\Dev\Warewolf.Studio.Themes.Luna\Warewolf.Studio.Themes.Luna.csproj]
C:\Program Files\dotnet\sdk\10.0.201\Microsoft.Common.CurrentVersion.targets(2451,5): warning MSB3277:         C:\Program Files\dotnet\packs\Microsoft.NETCore.App.Ref\8.0.25\ref\net8.0\WindowsBase.dll [C:\Users\ultra\warewolf\Dev\Warewolf.Studio.Themes.Luna\Warewolf.Studio.Themes.Luna.csproj]
C:\Program Files\dotnet\sdk\10.0.201\Microsoft.Common.CurrentVersion.targets(2451,5): warning MSB3277:           Project file item includes which caused reference "C:\Program Files\dotnet\packs\Microsoft.NETCore.App.Ref\8.0.25\ref\net8.0\WindowsBase.dll". [C:\Users\ultra\warewolf\Dev\Warewolf.Studio.Themes.Luna\Warewolf.Studio.Themes.Luna.csproj]
C:\Program Files\dotnet\sdk\10.0.201\Microsoft.Common.CurrentVersion.targets(2451,5): warning MSB3277:             C:\Program Files\dotnet\packs\Microsoft.NETCore.App.Ref\8.0.25\ref/net8.0/WindowsBase.dll [C:\Users\ultra\warewolf\Dev\Warewolf.Studio.Themes.Luna\Warewolf.Studio.Themes.Luna.csproj]
C:\Program Files\dotnet\sdk\10.0.201\Microsoft.Common.CurrentVersion.targets(2451,5): warning MSB3277:         C:\Program Files\dotnet\packs\Microsoft.NETCore.App.Ref\8.0.25\ref\net8.0\mscorlib.dll [C:\Users\ultra\warewolf\Dev\Warewolf.Studio.Themes.Luna\Warewolf.Studio.Themes.Luna.csproj]
C:\Program Files\dotnet\sdk\10.0.201\Microsoft.Common.CurrentVersion.targets(2451,5): warning MSB3277:           Project file item includes which caused reference "C:\Program Files\dotnet\packs\Microsoft.NETCore.App.Ref\8.0.25\ref\net8.0\mscorlib.dll". [C:\Users\ultra\warewolf\Dev\Warewolf.Studio.Themes.Luna\Warewolf.Studio.Themes.Luna.csproj]
C:\Program Files\dotnet\sdk\10.0.201\Microsoft.Common.CurrentVersion.targets(2451,5): warning MSB3277:             C:\Program Files\dotnet\packs\Microsoft.NETCore.App.Ref\8.0.25\ref/net8.0/mscorlib.dll [C:\Users\ultra\warewolf\Dev\Warewolf.Studio.Themes.Luna\Warewolf.Studio.Themes.Luna.csproj]
C:\Program Files\dotnet\sdk\10.0.201\Microsoft.Common.CurrentVersion.targets(2451,5): warning MSB3277:             C:\Users\ultra\.nuget\packages\aerowizard\2.3.1\lib\net45\AeroWizard.dll [C:\Users\ultra\warewolf\Dev\Warewolf.Studio.Themes.Luna\Warewolf.Studio.Themes.Luna.csproj]
C:\Program Files\dotnet\sdk\10.0.201\Microsoft.Common.CurrentVersion.targets(2451,5): warning MSB3277:             C:\Users\ultra\.nuget\packages\groupcontrols\1.9.0\lib\net45\GroupControls.dll [C:\Users\ultra\warewolf\Dev\Warewolf.Studio.Themes.Luna\Warewolf.Studio.Themes.Luna.csproj]
C:\Program Files\dotnet\sdk\10.0.201\Microsoft.Common.CurrentVersion.targets(2451,5): warning MSB3277:             C:\Users\ultra\.nuget\packages\hangfire.core\1.7.32\lib\netstandard2.0\Hangfire.Core.dll [C:\Users\ultra\warewolf\Dev\Warewolf.Studio.Themes.Luna\Warewolf.Studio.Themes.Luna.csproj]
C:\Program Files\dotnet\sdk\10.0.201\Microsoft.Common.CurrentVersion.targets(2451,5): warning MSB3277:             C:\Users\ultra\warewolf\Dev\Dev2.Activities\bin\Debug\net8.0\Dev2.Activities.dll [C:\Users\ultra\warewolf\Dev\Warewolf.Studio.Themes.Luna\Warewolf.Studio.Themes.Luna.csproj]
C:\Program Files\dotnet\sdk\10.0.201\Microsoft.Common.CurrentVersion.targets(2451,5): warning MSB3277:             C:\Users\ultra\warewolf\Dev\Dev2.Studio.Core\bin\Debug\net8.0\Dev2.Studio.Core.dll [C:\Users\ultra\warewolf\Dev\Warewolf.Studio.Themes.Luna\Warewolf.Studio.Themes.Luna.csproj]
C:\Program Files\dotnet\sdk\10.0.201\Microsoft.Common.CurrentVersion.targets(2451,5): warning MSB3277:             C:\Users\ultra\warewolf\Dev\Dev2.Intellisense\bin\Debug\net8.0\Dev2.Intellisense.dll [C:\Users\ultra\warewolf\Dev\Warewolf.Studio.Themes.Luna\Warewolf.Studio.Themes.Luna.csproj]
C:\Program Files\dotnet\sdk\10.0.201\Microsoft.Common.CurrentVersion.targets(2451,5): warning MSB3277:             C:\Users\ultra\warewolf\Dev\Warewolf.Driver.Persistence\bin\Debug\net8.0\Warewolf.Driver.Persistence.dll [C:\Users\ultra\warewolf\Dev\Warewolf.Studio.Themes.Luna\Warewolf.Studio.Themes.Luna.csproj]
C:\Program Files\dotnet\sdk\10.0.201\Microsoft.Common.CurrentVersion.targets(2451,5): warning MSB3277:             C:\Users\ultra\.nuget\packages\hangfire.sqlserver\1.7.32\lib\netstandard2.0\Hangfire.SqlServer.dll [C:\Users\ultra\warewolf\Dev\Warewolf.Studio.Themes.Luna\Warewolf.Studio.Themes.Luna.csproj]
C:\Program Files\dotnet\sdk\10.0.201\Microsoft.Common.CurrentVersion.targets(2451,5): warning MSB3277:             C:\Users\ultra\.nuget\packages\microsoft.xaml.behaviors.wpf\1.1.122\lib\net462\Microsoft.Xaml.Behaviors.dll [C:\Users\ultra\warewolf\Dev\Warewolf.Studio.Themes.Luna\Warewolf.Studio.Themes.Luna.csproj]
C:\Program Files\dotnet\sdk\10.0.201\Microsoft.Common.CurrentVersion.targets(2451,5): warning MSB3277:             C:\Users\ultra\.nuget\packages\caliburn.micro\4.0.212\lib\netcoreapp3.1\Caliburn.Micro.Platform.dll [C:\Users\ultra\warewolf\Dev\Warewolf.Studio.Themes.Luna\Warewolf.Studio.Themes.Luna.csproj]
C:\Program Files\dotnet\sdk\10.0.201\Microsoft.Common.CurrentVersion.targets(2451,5): warning MSB3277:             C:\Users\ultra\.nuget\packages\oracle.manageddataaccess.core\3.21.70\lib\netstandard2.1\Oracle.ManagedDataAccess.dll [C:\Users\ultra\warewolf\Dev\Warewolf.Studio.Themes.Luna\Warewolf.Studio.Themes.Luna.csproj]
C:\Program Files\dotnet\sdk\10.0.201\Microsoft.Common.CurrentVersion.targets(2451,5): warning MSB3277:             C:\Users\ultra\warewolf\Dev\Dev2.Runtime.Services\bin\Debug\net8.0\Dev2.Runtime.Services.dll [C:\Users\ultra\warewolf\Dev\Warewolf.Studio.Themes.Luna\Warewolf.Studio.Themes.Luna.csproj]
C:\Program Files\dotnet\sdk\10.0.201\Microsoft.Common.CurrentVersion.targets(2451,5): warning MSB3277:             C:\Users\ultra\warewolf\Dev\Dev2.Studio.Interfaces\bin\Debug\net8.0\Dev2.Studio.Interfaces.dll [C:\Users\ultra\warewolf\Dev\Warewolf.Studio.Themes.Luna\Warewolf.Studio.Themes.Luna.csproj]
C:\Program Files\dotnet\sdk\10.0.201\Microsoft.Common.CurrentVersion.targets(2451,5): warning MSB3277:             C:\Users\ultra\warewolf\Dev\Warewolf.Studio.Core\bin\Debug\net8.0\Warewolf.Studio.Core.dll [C:\Users\ultra\warewolf\Dev\Warewolf.Studio.Themes.Luna\Warewolf.Studio.Themes.Luna.csproj]
C:\Program Files\dotnet\sdk\10.0.201\Microsoft.Common.CurrentVersion.targets(2451,5): warning MSB3277:             C:\Users\ultra\warewolf\Dev\Warewolf.Studio.CustomControls\bin\Debug\net8.0\Warewolf.Studio.CustomControls.dll [C:\Users\ultra\warewolf\Dev\Warewolf.Studio.Themes.Luna\Warewolf.Studio.Themes.Luna.csproj]
C:\Program Files\dotnet\sdk\10.0.201\Microsoft.Common.CurrentVersion.targets(2451,5): warning MSB3277:             C:\Users\ultra\warewolf\Dev\Dev2.Services.Execution\bin\Debug\net8.0\Dev2.Services.Execution.dll [C:\Users\ultra\warewolf\Dev\Warewolf.Studio.Themes.Luna\Warewolf.Studio.Themes.Luna.csproj]
C:\Program Files\dotnet\sdk\10.0.201\Microsoft.Common.CurrentVersion.targets(2451,5): warning MSB3277:             C:\Users\ultra\warewolf\Dev\Dev2.Services.Sql\bin\Debug\net8.0\Dev2.Services.Sql.dll [C:\Users\ultra\warewolf\Dev\Warewolf.Studio.Themes.Luna\Warewolf.Studio.Themes.Luna.csproj]
C:\Program Files\dotnet\sdk\10.0.201\Microsoft.Common.CurrentVersion.targets(2451,5): warning MSB3277:             C:\Users\ultra\.nuget\packages\prism.wpf\9.0.537\lib\net462\Prism.Wpf.dll [C:\Users\ultra\warewolf\Dev\Warewolf.Studio.Themes.Luna\Warewolf.Studio.Themes.Luna.csproj]
C:\Program Files\dotnet\sdk\10.0.201\Microsoft.Common.CurrentVersion.targets(2451,5): warning MSB3277:             C:\Users\ultra\.nuget\packages\reactiveui.wpf\18.4.1\lib\net462\ReactiveUI.Wpf.dll [C:\Users\ultra\warewolf\Dev\Warewolf.Studio.Themes.Luna\Warewolf.Studio.Themes.Luna.csproj]
C:\Program Files\dotnet\sdk\10.0.201\Microsoft.Common.CurrentVersion.targets(2451,5): warning MSB3277:             C:\Users\ultra\.nuget\packages\taskschedulereditor\2.10.1\lib\net452\Microsoft.Win32.TaskSchedulerEditor.dll [C:\Users\ultra\warewolf\Dev\Warewolf.Studio.Themes.Luna\Warewolf.Studio.Themes.Luna.csproj]
C:\Program Files\dotnet\sdk\10.0.201\Microsoft.Common.CurrentVersion.targets(2451,5): warning MSB3277:             C:\Users\ultra\.nuget\packages\ttcue.netcore.sharepointonline.csom.16.1.8029.1200\16.1.8029.1200\lib\netcoreapp2.0\Microsoft.SharePoint.Client.Runtime.Windows.dll [C:\Users\ultra\warewolf\Dev\Warewolf.Studio.Themes.Luna\Warewolf.Studio.Themes.Luna.csproj]
C:\Program Files\dotnet\sdk\10.0.201\Microsoft.Common.CurrentVersion.targets(2451,5): warning MSB3277:         C:\Users\ultra\warewolf\Dev\Dev2.Development.Languages\bin\Debug\net8.0\IronRuby.dll [C:\Users\ultra\warewolf\Dev\Warewolf.Studio.Themes.Luna\Warewolf.Studio.Themes.Luna.csproj]
C:\Program Files\dotnet\sdk\10.0.201\Microsoft.Common.CurrentVersion.targets(2451,5): warning MSB3277:           Project file item includes which caused reference "C:\Users\ultra\warewolf\Dev\Dev2.Development.Languages\bin\Debug\net8.0\IronRuby.dll". [C:\Users\ultra\warewolf\Dev\Warewolf.Studio.Themes.Luna\Warewolf.Studio.Themes.Luna.csproj]
C:\Program Files\dotnet\sdk\10.0.201\Microsoft.Common.CurrentVersion.targets(2451,5): warning MSB3277:             C:\Users\ultra\warewolf\Dev\Dev2.Development.Languages\bin\Debug\net8.0\Dev2.Development.Languages.dll [C:\Users\ultra\warewolf\Dev\Warewolf.Studio.Themes.Luna\Warewolf.Studio.Themes.Luna.csproj]
C:\Program Files\dotnet\sdk\10.0.201\Microsoft.Common.CurrentVersion.targets(2451,5): warning MSB3277:             C:\Users\ultra\warewolf\Dev\Dev2.Activities\bin\Debug\net8.0\Dev2.Activities.dll [C:\Users\ultra\warewolf\Dev\Warewolf.Studio.Themes.Luna\Warewolf.Studio.Themes.Luna.csproj]
C:\Program Files\dotnet\sdk\10.0.201\Microsoft.Common.CurrentVersion.targets(2451,5): warning MSB3277:             C:\Users\ultra\warewolf\Dev\Dev2.Studio.Core\bin\Debug\net8.0\Dev2.Studio.Core.dll [C:\Users\ultra\warewolf\Dev\Warewolf.Studio.Themes.Luna\Warewolf.Studio.Themes.Luna.csproj]
C:\Program Files\dotnet\sdk\10.0.201\Microsoft.Common.CurrentVersion.targets(2451,5): warning MSB3277:             C:\Users\ultra\warewolf\Dev\Dev2.Intellisense\bin\Debug\net8.0\Dev2.Intellisense.dll [C:\Users\ultra\warewolf\Dev\Warewolf.Studio.Themes.Luna\Warewolf.Studio.Themes.Luna.csproj]
C:\Program Files\dotnet\sdk\10.0.201\Microsoft.Common.CurrentVersion.targets(2451,5): warning MSB3277:         C:\Users\ultra\warewolf\Dev\Dev2.Development.Languages\bin\Debug\net8.0\IronRuby.Libraries.dll [C:\Users\ultra\warewolf\Dev\Warewolf.Studio.Themes.Luna\Warewolf.Studio.Themes.Luna.csproj]
C:\Program Files\dotnet\sdk\10.0.201\Microsoft.Common.CurrentVersion.targets(2451,5): warning MSB3277:           Project file item includes which caused reference "C:\Users\ultra\warewolf\Dev\Dev2.Development.Languages\bin\Debug\net8.0\IronRuby.Libraries.dll". [C:\Users\ultra\warewolf\Dev\Warewolf.Studio.Themes.Luna\Warewolf.Studio.Themes.Luna.csproj]
C:\Program Files\dotnet\sdk\10.0.201\Microsoft.Common.CurrentVersion.targets(2451,5): warning MSB3277:             C:\Users\ultra\warewolf\Dev\Dev2.Development.Languages\bin\Debug\net8.0\Dev2.Development.Languages.dll [C:\Users\ultra\warewolf\Dev\Warewolf.Studio.Themes.Luna\Warewolf.Studio.Themes.Luna.csproj]
C:\Program Files\dotnet\sdk\10.0.201\Microsoft.Common.CurrentVersion.targets(2451,5): warning MSB3277:             C:\Users\ultra\warewolf\Dev\Dev2.Activities\bin\Debug\net8.0\Dev2.Activities.dll [C:\Users\ultra\warewolf\Dev\Warewolf.Studio.Themes.Luna\Warewolf.Studio.Themes.Luna.csproj]
C:\Program Files\dotnet\sdk\10.0.201\Microsoft.Common.CurrentVersion.targets(2451,5): warning MSB3277:             C:\Users\ultra\warewolf\Dev\Dev2.Studio.Core\bin\Debug\net8.0\Dev2.Studio.Core.dll [C:\Users\ultra\warewolf\Dev\Warewolf.Studio.Themes.Luna\Warewolf.Studio.Themes.Luna.csproj]
C:\Program Files\dotnet\sdk\10.0.201\Microsoft.Common.CurrentVersion.targets(2451,5): warning MSB3277:             C:\Users\ultra\warewolf\Dev\Dev2.Intellisense\bin\Debug\net8.0\Dev2.Intellisense.dll [C:\Users\ultra\warewolf\Dev\Warewolf.Studio.Themes.Luna\Warewolf.Studio.Themes.Luna.csproj]
C:\Program Files\dotnet\sdk\10.0.201\Microsoft.Common.CurrentVersion.targets(2451,5): warning MSB3277: Found conflicts between different versions of "WindowsBase" that could not be resolved. [C:\Users\ultra\warewolf\Dev\Warewolf.Studio.Themes.Luna\Warewolf.Studio.Themes.Luna.csproj]
C:\Program Files\dotnet\sdk\10.0.201\Microsoft.Common.CurrentVersion.targets(2451,5): warning MSB3277: There was a conflict between "WindowsBase, Version=4.0.0.0, Culture=neutral, PublicKeyToken=31bf3856ad364e35" and "WindowsBase, Version=6.0.2.0, Culture=neutral, PublicKeyToken=31bf3856ad364e35". [C:\Users\ultra\warewolf\Dev\Warewolf.Studio.Themes.Luna\Warewolf.Studio.Themes.Luna.csproj]
C:\Program Files\dotnet\sdk\10.0.201\Microsoft.Common.CurrentVersion.targets(2451,5): warning MSB3277:     "WindowsBase, Version=4.0.0.0, Culture=neutral, PublicKeyToken=31bf3856ad364e35" was chosen because it was primary and "WindowsBase, Version=6.0.2.0, Culture=neutral, PublicKeyToken=31bf3856ad364e35" was not. [C:\Users\ultra\warewolf\Dev\Warewolf.Studio.Themes.Luna\Warewolf.Studio.Themes.Luna.csproj]
C:\Program Files\dotnet\sdk\10.0.201\Microsoft.Common.CurrentVersion.targets(2451,5): warning MSB3277:     References which depend on "WindowsBase, Version=4.0.0.0, Culture=neutral, PublicKeyToken=31bf3856ad364e35" [C:\Program Files\dotnet\packs\Microsoft.NETCore.App.Ref\8.0.25\ref\net8.0\WindowsBase.dll]. [C:\Users\ultra\warewolf\Dev\Warewolf.Studio.Themes.Luna\Warewolf.Studio.Themes.Luna.csproj]
C:\Program Files\dotnet\sdk\10.0.201\Microsoft.Common.CurrentVersion.targets(2451,5): warning MSB3277:         C:\Program Files\dotnet\packs\Microsoft.NETCore.App.Ref\8.0.25\ref\net8.0\WindowsBase.dll [C:\Users\ultra\warewolf\Dev\Warewolf.Studio.Themes.Luna\Warewolf.Studio.Themes.Luna.csproj]
C:\Program Files\dotnet\sdk\10.0.201\Microsoft.Common.CurrentVersion.targets(2451,5): warning MSB3277:           Project file item includes which caused reference "C:\Program Files\dotnet\packs\Microsoft.NETCore.App.Ref\8.0.25\ref\net8.0\WindowsBase.dll". [C:\Users\ultra\warewolf\Dev\Warewolf.Studio.Themes.Luna\Warewolf.Studio.Themes.Luna.csproj]
C:\Program Files\dotnet\sdk\10.0.201\Microsoft.Common.CurrentVersion.targets(2451,5): warning MSB3277:             C:\Program Files\dotnet\packs\Microsoft.NETCore.App.Ref\8.0.25\ref/net8.0/WindowsBase.dll [C:\Users\ultra\warewolf\Dev\Warewolf.Studio.Themes.Luna\Warewolf.Studio.Themes.Luna.csproj]
C:\Program Files\dotnet\sdk\10.0.201\Microsoft.Common.CurrentVersion.targets(2451,5): warning MSB3277:     References which depend on or have been unified to "WindowsBase, Version=6.0.2.0, Culture=neutral, PublicKeyToken=31bf3856ad364e35" []. [C:\Users\ultra\warewolf\Dev\Warewolf.Studio.Themes.Luna\Warewolf.Studio.Themes.Luna.csproj]
C:\Program Files\dotnet\sdk\10.0.201\Microsoft.Common.CurrentVersion.targets(2451,5): warning MSB3277:         C:\Users\ultra\warewolf\Dev\Binaries\Infragistcs_Net6\Infragistics.Calculations.dll [C:\Users\ultra\warewolf\Dev\Warewolf.Studio.Themes.Luna\Warewolf.Studio.Themes.Luna.csproj]
C:\Program Files\dotnet\sdk\10.0.201\Microsoft.Common.CurrentVersion.targets(2451,5): warning MSB3277:           Project file item includes which caused reference "C:\Users\ultra\warewolf\Dev\Binaries\Infragistcs_Net6\Infragistics.Calculations.dll". [C:\Users\ultra\warewolf\Dev\Warewolf.Studio.Themes.Luna\Warewolf.Studio.Themes.Luna.csproj]
C:\Program Files\dotnet\sdk\10.0.201\Microsoft.Common.CurrentVersion.targets(2451,5): warning MSB3277:             CalculationManager.WPF [C:\Users\ultra\warewolf\Dev\Warewolf.Studio.Themes.Luna\Warewolf.Studio.Themes.Luna.csproj]
C:\Program Files\dotnet\sdk\10.0.201\Microsoft.Common.CurrentVersion.targets(2451,5): warning MSB3277:         C:\Users\ultra\warewolf\Dev\Binaries\Infragistcs_Net6\InfragisticsWPF4.Controls.Editors.XamComboEditor.v15.1.dll [C:\Users\ultra\warewolf\Dev\Warewolf.Studio.Themes.Luna\Warewolf.Studio.Themes.Luna.csproj]
C:\Program Files\dotnet\sdk\10.0.201\Microsoft.Common.CurrentVersion.targets(2451,5): warning MSB3277:           Project file item includes which caused reference "C:\Users\ultra\warewolf\Dev\Binaries\Infragistcs_Net6\InfragisticsWPF4.Controls.Editors.XamComboEditor.v15.1.dll". [C:\Users\ultra\warewolf\Dev\Warewolf.Studio.Themes.Luna\Warewolf.Studio.Themes.Luna.csproj]
C:\Program Files\dotnet\sdk\10.0.201\Microsoft.Common.CurrentVersion.targets(2451,5): warning MSB3277:             InfragisticsWPF4.Controls.Editors.XamComboEditor.v15.1, Version=15.1.20151.2055, Culture=neutral, PublicKeyToken=7dd5c3163f2cd0cb, processorArchitecture=MSIL [C:\Users\ultra\warewolf\Dev\Warewolf.Studio.Themes.Luna\Warewolf.Studio.Themes.Luna.csproj]
C:\Program Files\dotnet\sdk\10.0.201\Microsoft.Common.CurrentVersion.targets(2451,5): warning MSB3277:             InfragisticsWPF4.Controls.Grids.MultiColumnComboColumn.v15.1, Version=15.1.20151.2055, Culture=neutral, PublicKeyToken=7dd5c3163f2cd0cb, processorArchitecture=MSIL [C:\Users\ultra\warewolf\Dev\Warewolf.Studio.Themes.Luna\Warewolf.Studio.Themes.Luna.csproj]
C:\Program Files\dotnet\sdk\10.0.201\Microsoft.Common.CurrentVersion.targets(2451,5): warning MSB3277:         C:\Users\ultra\warewolf\Dev\Binaries\Infragistcs_Net6\InfragisticsWPF4.Controls.Editors.XamRichTextEditor.v15.1.dll [C:\Users\ultra\warewolf\Dev\Warewolf.Studio.Themes.Luna\Warewolf.Studio.Themes.Luna.csproj]
C:\Program Files\dotnet\sdk\10.0.201\Microsoft.Common.CurrentVersion.targets(2451,5): warning MSB3277:           Project file item includes which caused reference "C:\Users\ultra\warewolf\Dev\Binaries\Infragistcs_Net6\InfragisticsWPF4.Controls.Editors.XamRichTextEditor.v15.1.dll". [C:\Users\ultra\warewolf\Dev\Warewolf.Studio.Themes.Luna\Warewolf.Studio.Themes.Luna.csproj]
C:\Program Files\dotnet\sdk\10.0.201\Microsoft.Common.CurrentVersion.targets(2451,5): warning MSB3277:             InfragisticsWPF4.Controls.Editors.XamRichTextEditor.v15.1, Version=15.1.20151.2055, Culture=neutral, PublicKeyToken=7dd5c3163f2cd0cb, processorArchitecture=MSIL [C:\Users\ultra\warewolf\Dev\Warewolf.Studio.Themes.Luna\Warewolf.Studio.Themes.Luna.csproj]
C:\Program Files\dotnet\sdk\10.0.201\Microsoft.Common.CurrentVersion.targets(2451,5): warning MSB3277:         C:\Users\ultra\warewolf\Dev\Binaries\Infragistcs_Net6\InfragisticsWPF4.Controls.Editors.XamSyntaxEditor.v15.1.dll [C:\Users\ultra\warewolf\Dev\Warewolf.Studio.Themes.Luna\Warewolf.Studio.Themes.Luna.csproj]
C:\Program Files\dotnet\sdk\10.0.201\Microsoft.Common.CurrentVersion.targets(2451,5): warning MSB3277:           Project file item includes which caused reference "C:\Users\ultra\warewolf\Dev\Binaries\Infragistcs_Net6\InfragisticsWPF4.Controls.Editors.XamSyntaxEditor.v15.1.dll". [C:\Users\ultra\warewolf\Dev\Warewolf.Studio.Themes.Luna\Warewolf.Studio.Themes.Luna.csproj]
C:\Program Files\dotnet\sdk\10.0.201\Microsoft.Common.CurrentVersion.targets(2451,5): warning MSB3277:             InfragisticsWPF4.Controls.Editors.XamSyntaxEditor.v15.1, Version=15.1.20151.2055, Culture=neutral, PublicKeyToken=7dd5c3163f2cd0cb, processorArchitecture=MSIL [C:\Users\ultra\warewolf\Dev\Warewolf.Studio.Themes.Luna\Warewolf.Studio.Themes.Luna.csproj]
C:\Program Files\dotnet\sdk\10.0.201\Microsoft.Common.CurrentVersion.targets(2451,5): warning MSB3277:         C:\Users\ultra\warewolf\Dev\Binaries\Infragistcs_Net6\InfragisticsWPF4.Controls.Grids.DateTimeColumn.v15.1.dll [C:\Users\ultra\warewolf\Dev\Warewolf.Studio.Themes.Luna\Warewolf.Studio.Themes.Luna.csproj]
C:\Program Files\dotnet\sdk\10.0.201\Microsoft.Common.CurrentVersion.targets(2451,5): warning MSB3277:           Project file item includes which caused reference "C:\Users\ultra\warewolf\Dev\Binaries\Infragistcs_Net6\InfragisticsWPF4.Controls.Grids.DateTimeColumn.v15.1.dll". [C:\Users\ultra\warewolf\Dev\Warewolf.Studio.Themes.Luna\Warewolf.Studio.Themes.Luna.csproj]
C:\Program Files\dotnet\sdk\10.0.201\Microsoft.Common.CurrentVersion.targets(2451,5): warning MSB3277:             InfragisticsWPF4.Controls.Grids.DateTimeColumn.v15.1, Version=15.1.20151.2055, Culture=neutral, PublicKeyToken=7dd5c3163f2cd0cb, processorArchitecture=MSIL [C:\Users\ultra\warewolf\Dev\Warewolf.Studio.Themes.Luna\Warewolf.Studio.Themes.Luna.csproj]
C:\Program Files\dotnet\sdk\10.0.201\Microsoft.Common.CurrentVersion.targets(2451,5): warning MSB3277:         C:\Users\ultra\warewolf\Dev\Binaries\Infragistcs_Net6\InfragisticsWPF4.Controls.Grids.MultiColumnComboColumn.v15.1.dll [C:\Users\ultra\warewolf\Dev\Warewolf.Studio.Themes.Luna\Warewolf.Studio.Themes.Luna.csproj]
C:\Program Files\dotnet\sdk\10.0.201\Microsoft.Common.CurrentVersion.targets(2451,5): warning MSB3277:           Project file item includes which caused reference "C:\Users\ultra\warewolf\Dev\Binaries\Infragistcs_Net6\InfragisticsWPF4.Controls.Grids.MultiColumnComboColumn.v15.1.dll". [C:\Users\ultra\warewolf\Dev\Warewolf.Studio.Themes.Luna\Warewolf.Studio.Themes.Luna.csproj]
C:\Program Files\dotnet\sdk\10.0.201\Microsoft.Common.CurrentVersion.targets(2451,5): warning MSB3277:             InfragisticsWPF4.Controls.Grids.MultiColumnComboColumn.v15.1, Version=15.1.20151.2055, Culture=neutral, PublicKeyToken=7dd5c3163f2cd0cb, processorArchitecture=MSIL [C:\Users\ultra\warewolf\Dev\Warewolf.Studio.Themes.Luna\Warewolf.Studio.Themes.Luna.csproj]
C:\Program Files\dotnet\sdk\10.0.201\Microsoft.Common.CurrentVersion.targets(2451,5): warning MSB3277:         C:\Users\ultra\warewolf\Dev\Binaries\Infragistcs_Net6\InfragisticsWPF4.Controls.Grids.XamGrid.v15.1.dll [C:\Users\ultra\warewolf\Dev\Warewolf.Studio.Themes.Luna\Warewolf.Studio.Themes.Luna.csproj]
C:\Program Files\dotnet\sdk\10.0.201\Microsoft.Common.CurrentVersion.targets(2451,5): warning MSB3277:           Project file item includes which caused reference "C:\Users\ultra\warewolf\Dev\Binaries\Infragistcs_Net6\InfragisticsWPF4.Controls.Grids.XamGrid.v15.1.dll". [C:\Users\ultra\warewolf\Dev\Warewolf.Studio.Themes.Luna\Warewolf.Studio.Themes.Luna.csproj]
C:\Program Files\dotnet\sdk\10.0.201\Microsoft.Common.CurrentVersion.targets(2451,5): warning MSB3277:             InfragisticsWPF4.Controls.Grids.XamGrid.v15.1, Version=15.1.20151.2055, Culture=neutral, PublicKeyToken=7dd5c3163f2cd0cb, processorArchitecture=MSIL [C:\Users\ultra\warewolf\Dev\Warewolf.Studio.Themes.Luna\Warewolf.Studio.Themes.Luna.csproj]
C:\Program Files\dotnet\sdk\10.0.201\Microsoft.Common.CurrentVersion.targets(2451,5): warning MSB3277:             InfragisticsWPF4.Controls.Grids.DateTimeColumn.v15.1, Version=15.1.20151.2055, Culture=neutral, PublicKeyToken=7dd5c3163f2cd0cb, processorArchitecture=MSIL [C:\Users\ultra\warewolf\Dev\Warewolf.Studio.Themes.Luna\Warewolf.Studio.Themes.Luna.csproj]
C:\Program Files\dotnet\sdk\10.0.201\Microsoft.Common.CurrentVersion.targets(2451,5): warning MSB3277:             InfragisticsWPF4.Controls.Grids.MultiColumnComboColumn.v15.1, Version=15.1.20151.2055, Culture=neutral, PublicKeyToken=7dd5c3163f2cd0cb, processorArchitecture=MSIL [C:\Users\ultra\warewolf\Dev\Warewolf.Studio.Themes.Luna\Warewolf.Studio.Themes.Luna.csproj]
C:\Program Files\dotnet\sdk\10.0.201\Microsoft.Common.CurrentVersion.targets(2451,5): warning MSB3277:         C:\Users\ultra\warewolf\Dev\Binaries\Infragistcs_Net6\InfragisticsWPF4.Controls.Interactions.XamDialogWindow.v15.1.dll [C:\Users\ultra\warewolf\Dev\Warewolf.Studio.Themes.Luna\Warewolf.Studio.Themes.Luna.csproj]
C:\Program Files\dotnet\sdk\10.0.201\Microsoft.Common.CurrentVersion.targets(2451,5): warning MSB3277:           Project file item includes which caused reference "C:\Users\ultra\warewolf\Dev\Binaries\Infragistcs_Net6\InfragisticsWPF4.Controls.Interactions.XamDialogWindow.v15.1.dll". [C:\Users\ultra\warewolf\Dev\Warewolf.Studio.Themes.Luna\Warewolf.Studio.Themes.Luna.csproj]
C:\Program Files\dotnet\sdk\10.0.201\Microsoft.Common.CurrentVersion.targets(2451,5): warning MSB3277:             InfragisticsWPF4.Controls.Interactions.XamDialogWindow.v15.1, Version=15.1.20151.2055, Culture=neutral, PublicKeyToken=7dd5c3163f2cd0cb, processorArchitecture=MSIL [C:\Users\ultra\warewolf\Dev\Warewolf.Studio.Themes.Luna\Warewolf.Studio.Themes.Luna.csproj]
C:\Program Files\dotnet\sdk\10.0.201\Microsoft.Common.CurrentVersion.targets(2451,5): warning MSB3277:             InfragisticsWPF4.Controls.Interactions.XamSpellChecker.v15.1, Version=15.1.20151.2055, Culture=neutral, PublicKeyToken=7dd5c3163f2cd0cb, processorArchitecture=MSIL [C:\Users\ultra\warewolf\Dev\Warewolf.Studio.Themes.Luna\Warewolf.Studio.Themes.Luna.csproj]
C:\Program Files\dotnet\sdk\10.0.201\Microsoft.Common.CurrentVersion.targets(2451,5): warning MSB3277:         C:\Users\ultra\warewolf\Dev\Binaries\Infragistcs_Net6\InfragisticsWPF4.Controls.Interactions.XamSpellChecker.v15.1.dll [C:\Users\ultra\warewolf\Dev\Warewolf.Studio.Themes.Luna\Warewolf.Studio.Themes.Luna.csproj]
C:\Program Files\dotnet\sdk\10.0.201\Microsoft.Common.CurrentVersion.targets(2451,5): warning MSB3277:           Project file item includes which caused reference "C:\Users\ultra\warewolf\Dev\Binaries\Infragistcs_Net6\InfragisticsWPF4.Controls.Interactions.XamSpellChecker.v15.1.dll". [C:\Users\ultra\warewolf\Dev\Warewolf.Studio.Themes.Luna\Warewolf.Studio.Themes.Luna.csproj]
C:\Program Files\dotnet\sdk\10.0.201\Microsoft.Common.CurrentVersion.targets(2451,5): warning MSB3277:             InfragisticsWPF4.Controls.Interactions.XamSpellChecker.v15.1, Version=15.1.20151.2055, Culture=neutral, PublicKeyToken=7dd5c3163f2cd0cb, processorArchitecture=MSIL [C:\Users\ultra\warewolf\Dev\Warewolf.Studio.Themes.Luna\Warewolf.Studio.Themes.Luna.csproj]
C:\Program Files\dotnet\sdk\10.0.201\Microsoft.Common.CurrentVersion.targets(2451,5): warning MSB3277:         C:\Users\ultra\warewolf\Dev\Binaries\Infragistcs_Net6\InfragisticsWPF4.Controls.Maps.XamNetworkNode.v15.1.dll [C:\Users\ultra\warewolf\Dev\Warewolf.Studio.Themes.Luna\Warewolf.Studio.Themes.Luna.csproj]
C:\Program Files\dotnet\sdk\10.0.201\Microsoft.Common.CurrentVersion.targets(2451,5): warning MSB3277:           Project file item includes which caused reference "C:\Users\ultra\warewolf\Dev\Binaries\Infragistcs_Net6\InfragisticsWPF4.Controls.Maps.XamNetworkNode.v15.1.dll". [C:\Users\ultra\warewolf\Dev\Warewolf.Studio.Themes.Luna\Warewolf.Studio.Themes.Luna.csproj]
C:\Program Files\dotnet\sdk\10.0.201\Microsoft.Common.CurrentVersion.targets(2451,5): warning MSB3277:             InfragisticsWPF4.Controls.Maps.XamNetworkNode.v15.1, Version=15.1.20151.2055, Culture=neutral, PublicKeyToken=7dd5c3163f2cd0cb, processorArchitecture=MSIL [C:\Users\ultra\warewolf\Dev\Warewolf.Studio.Themes.Luna\Warewolf.Studio.Themes.Luna.csproj]
C:\Program Files\dotnet\sdk\10.0.201\Microsoft.Common.CurrentVersion.targets(2451,5): warning MSB3277:         C:\Users\ultra\warewolf\Dev\Binaries\Infragistcs_Net6\InfragisticsWPF4.Controls.Menus.XamDataTree.v15.1.dll [C:\Users\ultra\warewolf\Dev\Warewolf.Studio.Themes.Luna\Warewolf.Studio.Themes.Luna.csproj]
C:\Program Files\dotnet\sdk\10.0.201\Microsoft.Common.CurrentVersion.targets(2451,5): warning MSB3277:           Project file item includes which caused reference "C:\Users\ultra\warewolf\Dev\Binaries\Infragistcs_Net6\InfragisticsWPF4.Controls.Menus.XamDataTree.v15.1.dll". [C:\Users\ultra\warewolf\Dev\Warewolf.Studio.Themes.Luna\Warewolf.Studio.Themes.Luna.csproj]
C:\Program Files\dotnet\sdk\10.0.201\Microsoft.Common.CurrentVersion.targets(2451,5): warning MSB3277:             InfragisticsWPF4.Controls.Menus.XamDataTree.v15.1 [C:\Users\ultra\warewolf\Dev\Warewolf.Studio.Themes.Luna\Warewolf.Studio.Themes.Luna.csproj]
C:\Program Files\dotnet\sdk\10.0.201\Microsoft.Common.CurrentVersion.targets(2451,5): warning MSB3277:         C:\Users\ultra\warewolf\Dev\Binaries\Infragistcs_Net6\InfragisticsWPF4.Controls.Menus.XamMenu.v15.1.dll [C:\Users\ultra\warewolf\Dev\Warewolf.Studio.Themes.Luna\Warewolf.Studio.Themes.Luna.csproj]
C:\Program Files\dotnet\sdk\10.0.201\Microsoft.Common.CurrentVersion.targets(2451,5): warning MSB3277:           Project file item includes which caused reference "C:\Users\ultra\warewolf\Dev\Binaries\Infragistcs_Net6\InfragisticsWPF4.Controls.Menus.XamMenu.v15.1.dll". [C:\Users\ultra\warewolf\Dev\Warewolf.Studio.Themes.Luna\Warewolf.Studio.Themes.Luna.csproj]
C:\Program Files\dotnet\sdk\10.0.201\Microsoft.Common.CurrentVersion.targets(2451,5): warning MSB3277:             InfragisticsWPF4.Controls.Menus.XamMenu.v15.1, Version=15.1.20151.2055, Culture=neutral, PublicKeyToken=7dd5c3163f2cd0cb, processorArchitecture=MSIL [C:\Users\ultra\warewolf\Dev\Warewolf.Studio.Themes.Luna\Warewolf.Studio.Themes.Luna.csproj]
C:\Program Files\dotnet\sdk\10.0.201\Microsoft.Common.CurrentVersion.targets(2451,5): warning MSB3277:             InfragisticsWPF4.Controls.Editors.XamRichTextEditor.v15.1, Version=15.1.20151.2055, Culture=neutral, PublicKeyToken=7dd5c3163f2cd0cb, processorArchitecture=MSIL [C:\Users\ultra\warewolf\Dev\Warewolf.Studio.Themes.Luna\Warewolf.Studio.Themes.Luna.csproj]
C:\Program Files\dotnet\sdk\10.0.201\Microsoft.Common.CurrentVersion.targets(2451,5): warning MSB3277:             InfragisticsWPF4.Controls.Grids.XamGrid.v15.1, Version=15.1.20151.2055, Culture=neutral, PublicKeyToken=7dd5c3163f2cd0cb, processorArchitecture=MSIL [C:\Users\ultra\warewolf\Dev\Warewolf.Studio.Themes.Luna\Warewolf.Studio.Themes.Luna.csproj]
C:\Program Files\dotnet\sdk\10.0.201\Microsoft.Common.CurrentVersion.targets(2451,5): warning MSB3277:             InfragisticsWPF4.Controls.Grids.DateTimeColumn.v15.1, Version=15.1.20151.2055, Culture=neutral, PublicKeyToken=7dd5c3163f2cd0cb, processorArchitecture=MSIL [C:\Users\ultra\warewolf\Dev\Warewolf.Studio.Themes.Luna\Warewolf.Studio.Themes.Luna.csproj]
C:\Program Files\dotnet\sdk\10.0.201\Microsoft.Common.CurrentVersion.targets(2451,5): warning MSB3277:             InfragisticsWPF4.Controls.Grids.MultiColumnComboColumn.v15.1, Version=15.1.20151.2055, Culture=neutral, PublicKeyToken=7dd5c3163f2cd0cb, processorArchitecture=MSIL [C:\Users\ultra\warewolf\Dev\Warewolf.Studio.Themes.Luna\Warewolf.Studio.Themes.Luna.csproj]
C:\Program Files\dotnet\sdk\10.0.201\Microsoft.Common.CurrentVersion.targets(2451,5): warning MSB3277:         C:\Users\ultra\warewolf\Dev\Binaries\Infragistcs_Net6\InfragisticsWPF4.DataManager.v15.1.dll [C:\Users\ultra\warewolf\Dev\Warewolf.Studio.Themes.Luna\Warewolf.Studio.Themes.Luna.csproj]
C:\Program Files\dotnet\sdk\10.0.201\Microsoft.Common.CurrentVersion.targets(2451,5): warning MSB3277:           Project file item includes which caused reference "C:\Users\ultra\warewolf\Dev\Binaries\Infragistcs_Net6\InfragisticsWPF4.DataManager.v15.1.dll". [C:\Users\ultra\warewolf\Dev\Warewolf.Studio.Themes.Luna\Warewolf.Studio.Themes.Luna.csproj]
C:\Program Files\dotnet\sdk\10.0.201\Microsoft.Common.CurrentVersion.targets(2451,5): warning MSB3277:             InfragisticsWPF4.DataManager.v15.1, Version=15.1.20151.2055, Culture=neutral, PublicKeyToken=7dd5c3163f2cd0cb, processorArchitecture=MSIL [C:\Users\ultra\warewolf\Dev\Warewolf.Studio.Themes.Luna\Warewolf.Studio.Themes.Luna.csproj]
C:\Program Files\dotnet\sdk\10.0.201\Microsoft.Common.CurrentVersion.targets(2451,5): warning MSB3277:             InfragisticsWPF4.Controls.Editors.XamComboEditor.v15.1, Version=15.1.20151.2055, Culture=neutral, PublicKeyToken=7dd5c3163f2cd0cb, processorArchitecture=MSIL [C:\Users\ultra\warewolf\Dev\Warewolf.Studio.Themes.Luna\Warewolf.Studio.Themes.Luna.csproj]
C:\Program Files\dotnet\sdk\10.0.201\Microsoft.Common.CurrentVersion.targets(2451,5): warning MSB3277:             InfragisticsWPF4.Controls.Grids.DateTimeColumn.v15.1, Version=15.1.20151.2055, Culture=neutral, PublicKeyToken=7dd5c3163f2cd0cb, processorArchitecture=MSIL [C:\Users\ultra\warewolf\Dev\Warewolf.Studio.Themes.Luna\Warewolf.Studio.Themes.Luna.csproj]
C:\Program Files\dotnet\sdk\10.0.201\Microsoft.Common.CurrentVersion.targets(2451,5): warning MSB3277:             InfragisticsWPF4.Controls.Grids.MultiColumnComboColumn.v15.1, Version=15.1.20151.2055, Culture=neutral, PublicKeyToken=7dd5c3163f2cd0cb, processorArchitecture=MSIL [C:\Users\ultra\warewolf\Dev\Warewolf.Studio.Themes.Luna\Warewolf.Studio.Themes.Luna.csproj]
C:\Program Files\dotnet\sdk\10.0.201\Microsoft.Common.CurrentVersion.targets(2451,5): warning MSB3277:             InfragisticsWPF4.Controls.Grids.XamGrid.v15.1, Version=15.1.20151.2055, Culture=neutral, PublicKeyToken=7dd5c3163f2cd0cb, processorArchitecture=MSIL [C:\Users\ultra\warewolf\Dev\Warewolf.Studio.Themes.Luna\Warewolf.Studio.Themes.Luna.csproj]
C:\Program Files\dotnet\sdk\10.0.201\Microsoft.Common.CurrentVersion.targets(2451,5): warning MSB3277:             InfragisticsWPF4.Controls.Menus.XamDataTree.v15.1 [C:\Users\ultra\warewolf\Dev\Warewolf.Studio.Themes.Luna\Warewolf.Studio.Themes.Luna.csproj]
C:\Program Files\dotnet\sdk\10.0.201\Microsoft.Common.CurrentVersion.targets(2451,5): warning MSB3277:         C:\Users\ultra\warewolf\Dev\Binaries\Infragistcs_Net6\InfragisticsWPF4.DataPresenter.v15.1.dll [C:\Users\ultra\warewolf\Dev\Warewolf.Studio.Themes.Luna\Warewolf.Studio.Themes.Luna.csproj]
C:\Program Files\dotnet\sdk\10.0.201\Microsoft.Common.CurrentVersion.targets(2451,5): warning MSB3277:           Project file item includes which caused reference "C:\Users\ultra\warewolf\Dev\Binaries\Infragistcs_Net6\InfragisticsWPF4.DataPresenter.v15.1.dll". [C:\Users\ultra\warewolf\Dev\Warewolf.Studio.Themes.Luna\Warewolf.Studio.Themes.Luna.csproj]
C:\Program Files\dotnet\sdk\10.0.201\Microsoft.Common.CurrentVersion.targets(2451,5): warning MSB3277:             InfragisticsWPF4.DataPresenter.v15.1, Version=15.1.20151.2055, Culture=neutral, PublicKeyToken=7dd5c3163f2cd0cb, processorArchitecture=MSIL [C:\Users\ultra\warewolf\Dev\Warewolf.Studio.Themes.Luna\Warewolf.Studio.Themes.Luna.csproj]
C:\Program Files\dotnet\sdk\10.0.201\Microsoft.Common.CurrentVersion.targets(2451,5): warning MSB3277:         C:\Users\ultra\warewolf\Dev\Binaries\Infragistcs_Net6\InfragisticsWPF4.DataVisualization.v15.1.dll [C:\Users\ultra\warewolf\Dev\Warewolf.Studio.Themes.Luna\Warewolf.Studio.Themes.Luna.csproj]
C:\Program Files\dotnet\sdk\10.0.201\Microsoft.Common.CurrentVersion.targets(2451,5): warning MSB3277:           Project file item includes which caused reference "C:\Users\ultra\warewolf\Dev\Binaries\Infragistcs_Net6\InfragisticsWPF4.DataVisualization.v15.1.dll". [C:\Users\ultra\warewolf\Dev\Warewolf.Studio.Themes.Luna\Warewolf.Studio.Themes.Luna.csproj]
C:\Program Files\dotnet\sdk\10.0.201\Microsoft.Common.CurrentVersion.targets(2451,5): warning MSB3277:             InfragisticsWPF4.DataVisualization.v15.1, Version=15.1.20151.2055, Culture=neutral, PublicKeyToken=7dd5c3163f2cd0cb, processorArchitecture=MSIL [C:\Users\ultra\warewolf\Dev\Warewolf.Studio.Themes.Luna\Warewolf.Studio.Themes.Luna.csproj]
C:\Program Files\dotnet\sdk\10.0.201\Microsoft.Common.CurrentVersion.targets(2451,5): warning MSB3277:             InfragisticsWPF4.Controls.Maps.XamNetworkNode.v15.1, Version=15.1.20151.2055, Culture=neutral, PublicKeyToken=7dd5c3163f2cd0cb, processorArchitecture=MSIL [C:\Users\ultra\warewolf\Dev\Warewolf.Studio.Themes.Luna\Warewolf.Studio.Themes.Luna.csproj]
C:\Program Files\dotnet\sdk\10.0.201\Microsoft.Common.CurrentVersion.targets(2451,5): warning MSB3277:         C:\Users\ultra\warewolf\Dev\Binaries\Infragistcs_Net6\InfragisticsWPF4.DockManager.v15.1.dll [C:\Users\ultra\warewolf\Dev\Warewolf.Studio.Themes.Luna\Warewolf.Studio.Themes.Luna.csproj]
C:\Program Files\dotnet\sdk\10.0.201\Microsoft.Common.CurrentVersion.targets(2451,5): warning MSB3277:           Project file item includes which caused reference "C:\Users\ultra\warewolf\Dev\Binaries\Infragistcs_Net6\InfragisticsWPF4.DockManager.v15.1.dll". [C:\Users\ultra\warewolf\Dev\Warewolf.Studio.Themes.Luna\Warewolf.Studio.Themes.Luna.csproj]
C:\Program Files\dotnet\sdk\10.0.201\Microsoft.Common.CurrentVersion.targets(2451,5): warning MSB3277:             InfragisticsWPF4.DockManager.v15.1, Version=15.1.20151.2055, Culture=neutral, PublicKeyToken=7dd5c3163f2cd0cb, processorArchitecture=MSIL [C:\Users\ultra\warewolf\Dev\Warewolf.Studio.Themes.Luna\Warewolf.Studio.Themes.Luna.csproj]
C:\Program Files\dotnet\sdk\10.0.201\Microsoft.Common.CurrentVersion.targets(2451,5): warning MSB3277:         C:\Users\ultra\warewolf\Dev\Binaries\Infragistcs_Net6\InfragisticsWPF4.Documents.RichTextDocument.Html.v15.1.dll [C:\Users\ultra\warewolf\Dev\Warewolf.Studio.Themes.Luna\Warewolf.Studio.Themes.Luna.csproj]
C:\Program Files\dotnet\sdk\10.0.201\Microsoft.Common.CurrentVersion.targets(2451,5): warning MSB3277:           Project file item includes which caused reference "C:\Users\ultra\warewolf\Dev\Binaries\Infragistcs_Net6\InfragisticsWPF4.Documents.RichTextDocument.Html.v15.1.dll". [C:\Users\ultra\warewolf\Dev\Warewolf.Studio.Themes.Luna\Warewolf.Studio.Themes.Luna.csproj]
C:\Program Files\dotnet\sdk\10.0.201\Microsoft.Common.CurrentVersion.targets(2451,5): warning MSB3277:             InfragisticsWPF4.Documents.RichTextDocument.Html.v15.1, Version=15.1.20151.2055, Culture=neutral, PublicKeyToken=7dd5c3163f2cd0cb, processorArchitecture=MSIL [C:\Users\ultra\warewolf\Dev\Warewolf.Studio.Themes.Luna\Warewolf.Studio.Themes.Luna.csproj]
C:\Program Files\dotnet\sdk\10.0.201\Microsoft.Common.CurrentVersion.targets(2451,5): warning MSB3277:         C:\Users\ultra\warewolf\Dev\Binaries\Infragistcs_Net6\InfragisticsWPF4.Documents.RichTextDocument.v15.1.dll [C:\Users\ultra\warewolf\Dev\Warewolf.Studio.Themes.Luna\Warewolf.Studio.Themes.Luna.csproj]
C:\Program Files\dotnet\sdk\10.0.201\Microsoft.Common.CurrentVersion.targets(2451,5): warning MSB3277:           Project file item includes which caused reference "C:\Users\ultra\warewolf\Dev\Binaries\Infragistcs_Net6\InfragisticsWPF4.Documents.RichTextDocument.v15.1.dll". [C:\Users\ultra\warewolf\Dev\Warewolf.Studio.Themes.Luna\Warewolf.Studio.Themes.Luna.csproj]
C:\Program Files\dotnet\sdk\10.0.201\Microsoft.Common.CurrentVersion.targets(2451,5): warning MSB3277:             InfragisticsWPF4.Documents.RichTextDocument.v15.1, Version=15.1.20151.2055, Culture=neutral, PublicKeyToken=7dd5c3163f2cd0cb, processorArchitecture=MSIL [C:\Users\ultra\warewolf\Dev\Warewolf.Studio.Themes.Luna\Warewolf.Studio.Themes.Luna.csproj]
C:\Program Files\dotnet\sdk\10.0.201\Microsoft.Common.CurrentVersion.targets(2451,5): warning MSB3277:             InfragisticsWPF4.Controls.Editors.XamRichTextEditor.v15.1, Version=15.1.20151.2055, Culture=neutral, PublicKeyToken=7dd5c3163f2cd0cb, processorArchitecture=MSIL [C:\Users\ultra\warewolf\Dev\Warewolf.Studio.Themes.Luna\Warewolf.Studio.Themes.Luna.csproj]
C:\Program Files\dotnet\sdk\10.0.201\Microsoft.Common.CurrentVersion.targets(2451,5): warning MSB3277:             InfragisticsWPF4.Documents.RichTextDocument.Html.v15.1, Version=15.1.20151.2055, Culture=neutral, PublicKeyToken=7dd5c3163f2cd0cb, processorArchitecture=MSIL [C:\Users\ultra\warewolf\Dev\Warewolf.Studio.Themes.Luna\Warewolf.Studio.Themes.Luna.csproj]
C:\Program Files\dotnet\sdk\10.0.201\Microsoft.Common.CurrentVersion.targets(2451,5): warning MSB3277:         C:\Users\ultra\warewolf\Dev\Binaries\Infragistcs_Net6\InfragisticsWPF4.Editors.v15.1.dll [C:\Users\ultra\warewolf\Dev\Warewolf.Studio.Themes.Luna\Warewolf.Studio.Themes.Luna.csproj]
C:\Program Files\dotnet\sdk\10.0.201\Microsoft.Common.CurrentVersion.targets(2451,5): warning MSB3277:           Project file item includes which caused reference "C:\Users\ultra\warewolf\Dev\Binaries\Infragistcs_Net6\InfragisticsWPF4.Editors.v15.1.dll". [C:\Users\ultra\warewolf\Dev\Warewolf.Studio.Themes.Luna\Warewolf.Studio.Themes.Luna.csproj]
C:\Program Files\dotnet\sdk\10.0.201\Microsoft.Common.CurrentVersion.targets(2451,5): warning MSB3277:             InfragisticsWPF4.Editors.v15.1, Version=15.1.20151.2055, Culture=neutral, PublicKeyToken=7dd5c3163f2cd0cb, processorArchitecture=MSIL [C:\Users\ultra\warewolf\Dev\Warewolf.Studio.Themes.Luna\Warewolf.Studio.Themes.Luna.csproj]
C:\Program Files\dotnet\sdk\10.0.201\Microsoft.Common.CurrentVersion.targets(2451,5): warning MSB3277:             InfragisticsWPF4.DataPresenter.v15.1, Version=15.1.20151.2055, Culture=neutral, PublicKeyToken=7dd5c3163f2cd0cb, processorArchitecture=MSIL [C:\Users\ultra\warewolf\Dev\Warewolf.Studio.Themes.Luna\Warewolf.Studio.Themes.Luna.csproj]
C:\Program Files\dotnet\sdk\10.0.201\Microsoft.Common.CurrentVersion.targets(2451,5): warning MSB3277:         C:\Users\ultra\warewolf\Dev\Binaries\Infragistcs_Net6\InfragisticsWPF4.v15.1.dll [C:\Users\ultra\warewolf\Dev\Warewolf.Studio.Themes.Luna\Warewolf.Studio.Themes.Luna.csproj]
C:\Program Files\dotnet\sdk\10.0.201\Microsoft.Common.CurrentVersion.targets(2451,5): warning MSB3277:           Project file item includes which caused reference "C:\Users\ultra\warewolf\Dev\Binaries\Infragistcs_Net6\InfragisticsWPF4.v15.1.dll". [C:\Users\ultra\warewolf\Dev\Warewolf.Studio.Themes.Luna\Warewolf.Studio.Themes.Luna.csproj]
C:\Program Files\dotnet\sdk\10.0.201\Microsoft.Common.CurrentVersion.targets(2451,5): warning MSB3277:             InfragisticsWPF4.v15.1, Version=15.1.20151.2055, Culture=neutral, PublicKeyToken=7dd5c3163f2cd0cb, processorArchitecture=MSIL [C:\Users\ultra\warewolf\Dev\Warewolf.Studio.Themes.Luna\Warewolf.Studio.Themes.Luna.csproj]
C:\Program Files\dotnet\sdk\10.0.201\Microsoft.Common.CurrentVersion.targets(2451,5): warning MSB3277:             CalculationManager.WPF [C:\Users\ultra\warewolf\Dev\Warewolf.Studio.Themes.Luna\Warewolf.Studio.Themes.Luna.csproj]
C:\Program Files\dotnet\sdk\10.0.201\Microsoft.Common.CurrentVersion.targets(2451,5): warning MSB3277:             InfragisticsWPF4.Controls.Editors.XamComboEditor.v15.1, Version=15.1.20151.2055, Culture=neutral, PublicKeyToken=7dd5c3163f2cd0cb, processorArchitecture=MSIL [C:\Users\ultra\warewolf\Dev\Warewolf.Studio.Themes.Luna\Warewolf.Studio.Themes.Luna.csproj]
C:\Program Files\dotnet\sdk\10.0.201\Microsoft.Common.CurrentVersion.targets(2451,5): warning MSB3277:             InfragisticsWPF4.Controls.Editors.XamRichTextEditor.v15.1, Version=15.1.20151.2055, Culture=neutral, PublicKeyToken=7dd5c3163f2cd0cb, processorArchitecture=MSIL [C:\Users\ultra\warewolf\Dev\Warewolf.Studio.Themes.Luna\Warewolf.Studio.Themes.Luna.csproj]
C:\Program Files\dotnet\sdk\10.0.201\Microsoft.Common.CurrentVersion.targets(2451,5): warning MSB3277:             InfragisticsWPF4.Controls.Editors.XamSyntaxEditor.v15.1, Version=15.1.20151.2055, Culture=neutral, PublicKeyToken=7dd5c3163f2cd0cb, processorArchitecture=MSIL [C:\Users\ultra\warewolf\Dev\Warewolf.Studio.Themes.Luna\Warewolf.Studio.Themes.Luna.csproj]
C:\Program Files\dotnet\sdk\10.0.201\Microsoft.Common.CurrentVersion.targets(2451,5): warning MSB3277:             InfragisticsWPF4.Controls.Grids.DateTimeColumn.v15.1, Version=15.1.20151.2055, Culture=neutral, PublicKeyToken=7dd5c3163f2cd0cb, processorArchitecture=MSIL [C:\Users\ultra\warewolf\Dev\Warewolf.Studio.Themes.Luna\Warewolf.Studio.Themes.Luna.csproj]
C:\Program Files\dotnet\sdk\10.0.201\Microsoft.Common.CurrentVersion.targets(2451,5): warning MSB3277:             InfragisticsWPF4.Controls.Grids.MultiColumnComboColumn.v15.1, Version=15.1.20151.2055, Culture=neutral, PublicKeyToken=7dd5c3163f2cd0cb, processorArchitecture=MSIL [C:\Users\ultra\warewolf\Dev\Warewolf.Studio.Themes.Luna\Warewolf.Studio.Themes.Luna.csproj]
C:\Program Files\dotnet\sdk\10.0.201\Microsoft.Common.CurrentVersion.targets(2451,5): warning MSB3277:             InfragisticsWPF4.Controls.Grids.XamGrid.v15.1, Version=15.1.20151.2055, Culture=neutral, PublicKeyToken=7dd5c3163f2cd0cb, processorArchitecture=MSIL [C:\Users\ultra\warewolf\Dev\Warewolf.Studio.Themes.Luna\Warewolf.Studio.Themes.Luna.csproj]
C:\Program Files\dotnet\sdk\10.0.201\Microsoft.Common.CurrentVersion.targets(2451,5): warning MSB3277:             InfragisticsWPF4.Controls.Interactions.XamDialogWindow.v15.1, Version=15.1.20151.2055, Culture=neutral, PublicKeyToken=7dd5c3163f2cd0cb, processorArchitecture=MSIL [C:\Users\ultra\warewolf\Dev\Warewolf.Studio.Themes.Luna\Warewolf.Studio.Themes.Luna.csproj]
C:\Program Files\dotnet\sdk\10.0.201\Microsoft.Common.CurrentVersion.targets(2451,5): warning MSB3277:             InfragisticsWPF4.Controls.Interactions.XamSpellChecker.v15.1, Version=15.1.20151.2055, Culture=neutral, PublicKeyToken=7dd5c3163f2cd0cb, processorArchitecture=MSIL [C:\Users\ultra\warewolf\Dev\Warewolf.Studio.Themes.Luna\Warewolf.Studio.Themes.Luna.csproj]
C:\Program Files\dotnet\sdk\10.0.201\Microsoft.Common.CurrentVersion.targets(2451,5): warning MSB3277:             InfragisticsWPF4.Controls.Maps.XamNetworkNode.v15.1, Version=15.1.20151.2055, Culture=neutral, PublicKeyToken=7dd5c3163f2cd0cb, processorArchitecture=MSIL [C:\Users\ultra\warewolf\Dev\Warewolf.Studio.Themes.Luna\Warewolf.Studio.Themes.Luna.csproj]
C:\Program Files\dotnet\sdk\10.0.201\Microsoft.Common.CurrentVersion.targets(2451,5): warning MSB3277:             InfragisticsWPF4.Controls.Menus.XamDataTree.v15.1 [C:\Users\ultra\warewolf\Dev\Warewolf.Studio.Themes.Luna\Warewolf.Studio.Themes.Luna.csproj]
C:\Program Files\dotnet\sdk\10.0.201\Microsoft.Common.CurrentVersion.targets(2451,5): warning MSB3277:             InfragisticsWPF4.Controls.Menus.XamMenu.v15.1, Version=15.1.20151.2055, Culture=neutral, PublicKeyToken=7dd5c3163f2cd0cb, processorArchitecture=MSIL [C:\Users\ultra\warewolf\Dev\Warewolf.Studio.Themes.Luna\Warewolf.Studio.Themes.Luna.csproj]
C:\Program Files\dotnet\sdk\10.0.201\Microsoft.Common.CurrentVersion.targets(2451,5): warning MSB3277:             InfragisticsWPF4.DataManager.v15.1, Version=15.1.20151.2055, Culture=neutral, PublicKeyToken=7dd5c3163f2cd0cb, processorArchitecture=MSIL [C:\Users\ultra\warewolf\Dev\Warewolf.Studio.Themes.Luna\Warewolf.Studio.Themes.Luna.csproj]
C:\Program Files\dotnet\sdk\10.0.201\Microsoft.Common.CurrentVersion.targets(2451,5): warning MSB3277:             InfragisticsWPF4.DataPresenter.v15.1, Version=15.1.20151.2055, Culture=neutral, PublicKeyToken=7dd5c3163f2cd0cb, processorArchitecture=MSIL [C:\Users\ultra\warewolf\Dev\Warewolf.Studio.Themes.Luna\Warewolf.Studio.Themes.Luna.csproj]
C:\Program Files\dotnet\sdk\10.0.201\Microsoft.Common.CurrentVersion.targets(2451,5): warning MSB3277:             InfragisticsWPF4.DataVisualization.v15.1, Version=15.1.20151.2055, Culture=neutral, PublicKeyToken=7dd5c3163f2cd0cb, processorArchitecture=MSIL [C:\Users\ultra\warewolf\Dev\Warewolf.Studio.Themes.Luna\Warewolf.Studio.Themes.Luna.csproj]
C:\Program Files\dotnet\sdk\10.0.201\Microsoft.Common.CurrentVersion.targets(2451,5): warning MSB3277:             InfragisticsWPF4.DockManager.v15.1, Version=15.1.20151.2055, Culture=neutral, PublicKeyToken=7dd5c3163f2cd0cb, processorArchitecture=MSIL [C:\Users\ultra\warewolf\Dev\Warewolf.Studio.Themes.Luna\Warewolf.Studio.Themes.Luna.csproj]
C:\Program Files\dotnet\sdk\10.0.201\Microsoft.Common.CurrentVersion.targets(2451,5): warning MSB3277:             InfragisticsWPF4.Documents.RichTextDocument.Html.v15.1, Version=15.1.20151.2055, Culture=neutral, PublicKeyToken=7dd5c3163f2cd0cb, processorArchitecture=MSIL [C:\Users\ultra\warewolf\Dev\Warewolf.Studio.Themes.Luna\Warewolf.Studio.Themes.Luna.csproj]
C:\Program Files\dotnet\sdk\10.0.201\Microsoft.Common.CurrentVersion.targets(2451,5): warning MSB3277:             InfragisticsWPF4.Documents.RichTextDocument.v15.1, Version=15.1.20151.2055, Culture=neutral, PublicKeyToken=7dd5c3163f2cd0cb, processorArchitecture=MSIL [C:\Users\ultra\warewolf\Dev\Warewolf.Studio.Themes.Luna\Warewolf.Studio.Themes.Luna.csproj]
C:\Program Files\dotnet\sdk\10.0.201\Microsoft.Common.CurrentVersion.targets(2451,5): warning MSB3277:             InfragisticsWPF4.Editors.v15.1, Version=15.1.20151.2055, Culture=neutral, PublicKeyToken=7dd5c3163f2cd0cb, processorArchitecture=MSIL [C:\Users\ultra\warewolf\Dev\Warewolf.Studio.Themes.Luna\Warewolf.Studio.Themes.Luna.csproj]
C:\Program Files\dotnet\sdk\10.0.201\Microsoft.Common.CurrentVersion.targets(2451,5): warning MSB3277:         C:\Users\ultra\.nuget\packages\caliburn.micro\4.0.212\lib\netcoreapp3.1\Caliburn.Micro.Platform.dll [C:\Users\ultra\warewolf\Dev\Warewolf.Studio.Themes.Luna\Warewolf.Studio.Themes.Luna.csproj]
C:\Program Files\dotnet\sdk\10.0.201\Microsoft.Common.CurrentVersion.targets(2451,5): warning MSB3277:           Project file item includes which caused reference "C:\Users\ultra\.nuget\packages\caliburn.micro\4.0.212\lib\netcoreapp3.1\Caliburn.Micro.Platform.dll". [C:\Users\ultra\warewolf\Dev\Warewolf.Studio.Themes.Luna\Warewolf.Studio.Themes.Luna.csproj]
C:\Program Files\dotnet\sdk\10.0.201\Microsoft.Common.CurrentVersion.targets(2451,5): warning MSB3277:             C:\Users\ultra\.nuget\packages\caliburn.micro\4.0.212\lib\netcoreapp3.1\Caliburn.Micro.Platform.dll [C:\Users\ultra\warewolf\Dev\Warewolf.Studio.Themes.Luna\Warewolf.Studio.Themes.Luna.csproj]
C:\Program Files\dotnet\sdk\10.0.201\Microsoft.Common.CurrentVersion.targets(2451,5): warning MSB3277:         C:\Users\ultra\.nuget\packages\extended.wpf.toolkit\4.4.0\lib\net5.0\Xceed.Wpf.AvalonDock.NET5.dll [C:\Users\ultra\warewolf\Dev\Warewolf.Studio.Themes.Luna\Warewolf.Studio.Themes.Luna.csproj]
C:\Program Files\dotnet\sdk\10.0.201\Microsoft.Common.CurrentVersion.targets(2451,5): warning MSB3277:           Project file item includes which caused reference "C:\Users\ultra\.nuget\packages\extended.wpf.toolkit\4.4.0\lib\net5.0\Xceed.Wpf.AvalonDock.NET5.dll". [C:\Users\ultra\warewolf\Dev\Warewolf.Studio.Themes.Luna\Warewolf.Studio.Themes.Luna.csproj]
C:\Program Files\dotnet\sdk\10.0.201\Microsoft.Common.CurrentVersion.targets(2451,5): warning MSB3277:             C:\Users\ultra\.nuget\packages\extended.wpf.toolkit\4.4.0\lib\net5.0\Xceed.Wpf.AvalonDock.NET5.dll [C:\Users\ultra\warewolf\Dev\Warewolf.Studio.Themes.Luna\Warewolf.Studio.Themes.Luna.csproj]
C:\Program Files\dotnet\sdk\10.0.201\Microsoft.Common.CurrentVersion.targets(2451,5): warning MSB3277:             C:\Users\ultra\.nuget\packages\extended.wpf.toolkit\4.4.0\lib\net5.0\Xceed.Wpf.AvalonDock.Themes.Aero.NET5.dll [C:\Users\ultra\warewolf\Dev\Warewolf.Studio.Themes.Luna\Warewolf.Studio.Themes.Luna.csproj]
C:\Program Files\dotnet\sdk\10.0.201\Microsoft.Common.CurrentVersion.targets(2451,5): warning MSB3277:             C:\Users\ultra\.nuget\packages\extended.wpf.toolkit\4.4.0\lib\net5.0\Xceed.Wpf.AvalonDock.Themes.Metro.NET5.dll [C:\Users\ultra\warewolf\Dev\Warewolf.Studio.Themes.Luna\Warewolf.Studio.Themes.Luna.csproj]
C:\Program Files\dotnet\sdk\10.0.201\Microsoft.Common.CurrentVersion.targets(2451,5): warning MSB3277:             C:\Users\ultra\.nuget\packages\extended.wpf.toolkit\4.4.0\lib\net5.0\Xceed.Wpf.AvalonDock.Themes.VS2010.NET5.dll [C:\Users\ultra\warewolf\Dev\Warewolf.Studio.Themes.Luna\Warewolf.Studio.Themes.Luna.csproj]
C:\Program Files\dotnet\sdk\10.0.201\Microsoft.Common.CurrentVersion.targets(2451,5): warning MSB3277:         C:\Users\ultra\.nuget\packages\extended.wpf.toolkit\4.4.0\lib\net5.0\Xceed.Wpf.AvalonDock.Themes.Aero.NET5.dll [C:\Users\ultra\warewolf\Dev\Warewolf.Studio.Themes.Luna\Warewolf.Studio.Themes.Luna.csproj]
C:\Program Files\dotnet\sdk\10.0.201\Microsoft.Common.CurrentVersion.targets(2451,5): warning MSB3277:           Project file item includes which caused reference "C:\Users\ultra\.nuget\packages\extended.wpf.toolkit\4.4.0\lib\net5.0\Xceed.Wpf.AvalonDock.Themes.Aero.NET5.dll". [C:\Users\ultra\warewolf\Dev\Warewolf.Studio.Themes.Luna\Warewolf.Studio.Themes.Luna.csproj]
C:\Program Files\dotnet\sdk\10.0.201\Microsoft.Common.CurrentVersion.targets(2451,5): warning MSB3277:             C:\Users\ultra\.nuget\packages\extended.wpf.toolkit\4.4.0\lib\net5.0\Xceed.Wpf.AvalonDock.Themes.Aero.NET5.dll [C:\Users\ultra\warewolf\Dev\Warewolf.Studio.Themes.Luna\Warewolf.Studio.Themes.Luna.csproj]
C:\Program Files\dotnet\sdk\10.0.201\Microsoft.Common.CurrentVersion.targets(2451,5): warning MSB3277:         C:\Users\ultra\.nuget\packages\extended.wpf.toolkit\4.4.0\lib\net5.0\Xceed.Wpf.Toolkit.NET5.dll [C:\Users\ultra\warewolf\Dev\Warewolf.Studio.Themes.Luna\Warewolf.Studio.Themes.Luna.csproj]
C:\Program Files\dotnet\sdk\10.0.201\Microsoft.Common.CurrentVersion.targets(2451,5): warning MSB3277:           Project file item includes which caused reference "C:\Users\ultra\.nuget\packages\extended.wpf.toolkit\4.4.0\lib\net5.0\Xceed.Wpf.Toolkit.NET5.dll". [C:\Users\ultra\warewolf\Dev\Warewolf.Studio.Themes.Luna\Warewolf.Studio.Themes.Luna.csproj]
C:\Program Files\dotnet\sdk\10.0.201\Microsoft.Common.CurrentVersion.targets(2451,5): warning MSB3277:             C:\Users\ultra\.nuget\packages\extended.wpf.toolkit\4.4.0\lib\net5.0\Xceed.Wpf.Toolkit.NET5.dll [C:\Users\ultra\warewolf\Dev\Warewolf.Studio.Themes.Luna\Warewolf.Studio.Themes.Luna.csproj]
C:\Program Files\dotnet\sdk\10.0.201\Microsoft.Common.CurrentVersion.targets(2451,5): warning MSB3277:         C:\Users\ultra\.nuget\packages\ironpython\3.4.0\lib\net6.0\IronPython.Wpf.dll [C:\Users\ultra\warewolf\Dev\Warewolf.Studio.Themes.Luna\Warewolf.Studio.Themes.Luna.csproj]
C:\Program Files\dotnet\sdk\10.0.201\Microsoft.Common.CurrentVersion.targets(2451,5): warning MSB3277:           Project file item includes which caused reference "C:\Users\ultra\.nuget\packages\ironpython\3.4.0\lib\net6.0\IronPython.Wpf.dll". [C:\Users\ultra\warewolf\Dev\Warewolf.Studio.Themes.Luna\Warewolf.Studio.Themes.Luna.csproj]
C:\Program Files\dotnet\sdk\10.0.201\Microsoft.Common.CurrentVersion.targets(2451,5): warning MSB3277:             C:\Users\ultra\.nuget\packages\ironpython\3.4.0\lib\net6.0\IronPython.Wpf.dll [C:\Users\ultra\warewolf\Dev\Warewolf.Studio.Themes.Luna\Warewolf.Studio.Themes.Luna.csproj]
C:\Program Files\dotnet\sdk\10.0.201\Microsoft.Common.CurrentVersion.targets(2451,5): warning MSB3277:         C:\Users\ultra\.nuget\packages\microsoft.xaml.behaviors.wpf\1.1.122\lib\net462\Microsoft.Xaml.Behaviors.dll [C:\Users\ultra\warewolf\Dev\Warewolf.Studio.Themes.Luna\Warewolf.Studio.Themes.Luna.csproj]
C:\Program Files\dotnet\sdk\10.0.201\Microsoft.Common.CurrentVersion.targets(2451,5): warning MSB3277:           Project file item includes which caused reference "C:\Users\ultra\.nuget\packages\microsoft.xaml.behaviors.wpf\1.1.122\lib\net462\Microsoft.Xaml.Behaviors.dll". [C:\Users\ultra\warewolf\Dev\Warewolf.Studio.Themes.Luna\Warewolf.Studio.Themes.Luna.csproj]
C:\Program Files\dotnet\sdk\10.0.201\Microsoft.Common.CurrentVersion.targets(2451,5): warning MSB3277:             C:\Users\ultra\.nuget\packages\microsoft.xaml.behaviors.wpf\1.1.122\lib\net462\Microsoft.Xaml.Behaviors.dll [C:\Users\ultra\warewolf\Dev\Warewolf.Studio.Themes.Luna\Warewolf.Studio.Themes.Luna.csproj]
C:\Program Files\dotnet\sdk\10.0.201\Microsoft.Common.CurrentVersion.targets(2451,5): warning MSB3277:             C:\Users\ultra\.nuget\packages\caliburn.micro\4.0.212\lib\netcoreapp3.1\Caliburn.Micro.Platform.dll [C:\Users\ultra\warewolf\Dev\Warewolf.Studio.Themes.Luna\Warewolf.Studio.Themes.Luna.csproj]
C:\Program Files\dotnet\sdk\10.0.201\Microsoft.Common.CurrentVersion.targets(2451,5): warning MSB3277:             C:\Users\ultra\.nuget\packages\prism.wpf\9.0.537\lib\net462\Prism.Wpf.dll [C:\Users\ultra\warewolf\Dev\Warewolf.Studio.Themes.Luna\Warewolf.Studio.Themes.Luna.csproj]
C:\Program Files\dotnet\sdk\10.0.201\Microsoft.Common.CurrentVersion.targets(2451,5): warning MSB3277:         C:\Users\ultra\.nuget\packages\prism.wpf\9.0.537\lib\net462\Prism.Wpf.dll [C:\Users\ultra\warewolf\Dev\Warewolf.Studio.Themes.Luna\Warewolf.Studio.Themes.Luna.csproj]
C:\Program Files\dotnet\sdk\10.0.201\Microsoft.Common.CurrentVersion.targets(2451,5): warning MSB3277:           Project file item includes which caused reference "C:\Users\ultra\.nuget\packages\prism.wpf\9.0.537\lib\net462\Prism.Wpf.dll". [C:\Users\ultra\warewolf\Dev\Warewolf.Studio.Themes.Luna\Warewolf.Studio.Themes.Luna.csproj]
C:\Program Files\dotnet\sdk\10.0.201\Microsoft.Common.CurrentVersion.targets(2451,5): warning MSB3277:             C:\Users\ultra\.nuget\packages\prism.wpf\9.0.537\lib\net462\Prism.Wpf.dll [C:\Users\ultra\warewolf\Dev\Warewolf.Studio.Themes.Luna\Warewolf.Studio.Themes.Luna.csproj]
C:\Program Files\dotnet\sdk\10.0.201\Microsoft.Common.CurrentVersion.targets(2451,5): warning MSB3277:         C:\Users\ultra\.nuget\packages\reactiveui.wpf\18.4.1\lib\net462\ReactiveUI.Wpf.dll [C:\Users\ultra\warewolf\Dev\Warewolf.Studio.Themes.Luna\Warewolf.Studio.Themes.Luna.csproj]
C:\Program Files\dotnet\sdk\10.0.201\Microsoft.Common.CurrentVersion.targets(2451,5): warning MSB3277:           Project file item includes which caused reference "C:\Users\ultra\.nuget\packages\reactiveui.wpf\18.4.1\lib\net462\ReactiveUI.Wpf.dll". [C:\Users\ultra\warewolf\Dev\Warewolf.Studio.Themes.Luna\Warewolf.Studio.Themes.Luna.csproj]
C:\Program Files\dotnet\sdk\10.0.201\Microsoft.Common.CurrentVersion.targets(2451,5): warning MSB3277:             C:\Users\ultra\.nuget\packages\reactiveui.wpf\18.4.1\lib\net462\ReactiveUI.Wpf.dll [C:\Users\ultra\warewolf\Dev\Warewolf.Studio.Themes.Luna\Warewolf.Studio.Themes.Luna.csproj]
C:\Program Files\dotnet\sdk\10.0.201\Microsoft.Common.CurrentVersion.targets(2451,5): warning MSB3277:         C:\Users\ultra\warewolf\Dev\Binaries\Infragistcs_Net6\InfragisticsWPF4.Undo.v15.1.dll [C:\Users\ultra\warewolf\Dev\Warewolf.Studio.Themes.Luna\Warewolf.Studio.Themes.Luna.csproj]
C:\Program Files\dotnet\sdk\10.0.201\Microsoft.Common.CurrentVersion.targets(2451,5): warning MSB3277:           Project file item includes which caused reference "C:\Users\ultra\warewolf\Dev\Binaries\Infragistcs_Net6\InfragisticsWPF4.Undo.v15.1.dll". [C:\Users\ultra\warewolf\Dev\Warewolf.Studio.Themes.Luna\Warewolf.Studio.Themes.Luna.csproj]
C:\Program Files\dotnet\sdk\10.0.201\Microsoft.Common.CurrentVersion.targets(2451,5): warning MSB3277:             InfragisticsWPF4.Controls.Editors.XamRichTextEditor.v15.1, Version=15.1.20151.2055, Culture=neutral, PublicKeyToken=7dd5c3163f2cd0cb, processorArchitecture=MSIL [C:\Users\ultra\warewolf\Dev\Warewolf.Studio.Themes.Luna\Warewolf.Studio.Themes.Luna.csproj]
C:\Program Files\dotnet\sdk\10.0.201\Microsoft.Common.CurrentVersion.targets(2451,5): warning MSB3277:             InfragisticsWPF4.Controls.Editors.XamSyntaxEditor.v15.1, Version=15.1.20151.2055, Culture=neutral, PublicKeyToken=7dd5c3163f2cd0cb, processorArchitecture=MSIL [C:\Users\ultra\warewolf\Dev\Warewolf.Studio.Themes.Luna\Warewolf.Studio.Themes.Luna.csproj]
C:\Program Files\dotnet\sdk\10.0.201\Microsoft.Common.CurrentVersion.targets(2451,5): warning MSB3277:             InfragisticsWPF4.Documents.RichTextDocument.v15.1, Version=15.1.20151.2055, Culture=neutral, PublicKeyToken=7dd5c3163f2cd0cb, processorArchitecture=MSIL [C:\Users\ultra\warewolf\Dev\Warewolf.Studio.Themes.Luna\Warewolf.Studio.Themes.Luna.csproj]
C:\Program Files\dotnet\sdk\10.0.201\Microsoft.Common.CurrentVersion.targets(2451,5): warning MSB3277:             InfragisticsWPF4.Documents.RichTextDocument.Html.v15.1, Version=15.1.20151.2055, Culture=neutral, PublicKeyToken=7dd5c3163f2cd0cb, processorArchitecture=MSIL [C:\Users\ultra\warewolf\Dev\Warewolf.Studio.Themes.Luna\Warewolf.Studio.Themes.Luna.csproj]
C:\Program Files\dotnet\sdk\10.0.201\Microsoft.Common.CurrentVersion.targets(2451,5): warning MSB3277:         C:\Users\ultra\warewolf\Dev\Binaries\Infragistcs_Net6\InfragisticsWPF4.Controls.Editors.XamDateTimeInput.v15.1.dll [C:\Users\ultra\warewolf\Dev\Warewolf.Studio.Themes.Luna\Warewolf.Studio.Themes.Luna.csproj]
C:\Program Files\dotnet\sdk\10.0.201\Microsoft.Common.CurrentVersion.targets(2451,5): warning MSB3277:           Project file item includes which caused reference "C:\Users\ultra\warewolf\Dev\Binaries\Infragistcs_Net6\InfragisticsWPF4.Controls.Editors.XamDateTimeInput.v15.1.dll". [C:\Users\ultra\warewolf\Dev\Warewolf.Studio.Themes.Luna\Warewolf.Studio.Themes.Luna.csproj]
C:\Program Files\dotnet\sdk\10.0.201\Microsoft.Common.CurrentVersion.targets(2451,5): warning MSB3277:             InfragisticsWPF4.Controls.Grids.DateTimeColumn.v15.1, Version=15.1.20151.2055, Culture=neutral, PublicKeyToken=7dd5c3163f2cd0cb, processorArchitecture=MSIL [C:\Users\ultra\warewolf\Dev\Warewolf.Studio.Themes.Luna\Warewolf.Studio.Themes.Luna.csproj]
C:\Program Files\dotnet\sdk\10.0.201\Microsoft.Common.CurrentVersion.targets(2451,5): warning MSB3277:         C:\Users\ultra\warewolf\Dev\Binaries\Infragistcs_Net6\InfragisticsWPF4.Controls.Editors.XamMaskedInput.v15.1.dll [C:\Users\ultra\warewolf\Dev\Warewolf.Studio.Themes.Luna\Warewolf.Studio.Themes.Luna.csproj]
C:\Program Files\dotnet\sdk\10.0.201\Microsoft.Common.CurrentVersion.targets(2451,5): warning MSB3277:           Project file item includes which caused reference "C:\Users\ultra\warewolf\Dev\Binaries\Infragistcs_Net6\InfragisticsWPF4.Controls.Editors.XamMaskedInput.v15.1.dll". [C:\Users\ultra\warewolf\Dev\Warewolf.Studio.Themes.Luna\Warewolf.Studio.Themes.Luna.csproj]
C:\Program Files\dotnet\sdk\10.0.201\Microsoft.Common.CurrentVersion.targets(2451,5): warning MSB3277:             InfragisticsWPF4.Controls.Grids.DateTimeColumn.v15.1, Version=15.1.20151.2055, Culture=neutral, PublicKeyToken=7dd5c3163f2cd0cb, processorArchitecture=MSIL [C:\Users\ultra\warewolf\Dev\Warewolf.Studio.Themes.Luna\Warewolf.Studio.Themes.Luna.csproj]
C:\Program Files\dotnet\sdk\10.0.201\Microsoft.Common.CurrentVersion.targets(2451,5): warning MSB3277:         C:\Users\ultra\warewolf\Dev\Binaries\Infragistcs_Net6\InfragisticsWPF4.DragDrop.v15.1.dll [C:\Users\ultra\warewolf\Dev\Warewolf.Studio.Themes.Luna\Warewolf.Studio.Themes.Luna.csproj]
C:\Program Files\dotnet\sdk\10.0.201\Microsoft.Common.CurrentVersion.targets(2451,5): warning MSB3277:           Project file item includes which caused reference "C:\Users\ultra\warewolf\Dev\Binaries\Infragistcs_Net6\InfragisticsWPF4.DragDrop.v15.1.dll". [C:\Users\ultra\warewolf\Dev\Warewolf.Studio.Themes.Luna\Warewolf.Studio.Themes.Luna.csproj]
C:\Program Files\dotnet\sdk\10.0.201\Microsoft.Common.CurrentVersion.targets(2451,5): warning MSB3277:             InfragisticsWPF4.Controls.Menus.XamDataTree.v15.1 [C:\Users\ultra\warewolf\Dev\Warewolf.Studio.Themes.Luna\Warewolf.Studio.Themes.Luna.csproj]
C:\Program Files\dotnet\sdk\10.0.201\Microsoft.Common.CurrentVersion.targets(2451,5): warning MSB3277:         C:\Users\ultra\warewolf\Dev\Binaries\Infragistcs_Net6\InfragisticsWPF4.Controls.Editors.XamCalendar.v15.1.dll [C:\Users\ultra\warewolf\Dev\Warewolf.Studio.Themes.Luna\Warewolf.Studio.Themes.Luna.csproj]
C:\Program Files\dotnet\sdk\10.0.201\Microsoft.Common.CurrentVersion.targets(2451,5): warning MSB3277:           Project file item includes which caused reference "C:\Users\ultra\warewolf\Dev\Binaries\Infragistcs_Net6\InfragisticsWPF4.Controls.Editors.XamCalendar.v15.1.dll". [C:\Users\ultra\warewolf\Dev\Warewolf.Studio.Themes.Luna\Warewolf.Studio.Themes.Luna.csproj]
C:\Program Files\dotnet\sdk\10.0.201\Microsoft.Common.CurrentVersion.targets(2451,5): warning MSB3277:             InfragisticsWPF4.Controls.Grids.DateTimeColumn.v15.1, Version=15.1.20151.2055, Culture=neutral, PublicKeyToken=7dd5c3163f2cd0cb, processorArchitecture=MSIL [C:\Users\ultra\warewolf\Dev\Warewolf.Studio.Themes.Luna\Warewolf.Studio.Themes.Luna.csproj]
C:\Program Files\dotnet\sdk\10.0.201\Microsoft.Common.CurrentVersion.targets(2451,5): warning MSB3277: Found conflicts between different versions of "System.IO.Packaging" that could not be resolved. [C:\Users\ultra\warewolf\Dev\Warewolf.Studio.Themes.Luna\Warewolf.Studio.Themes.Luna.csproj]
C:\Program Files\dotnet\sdk\10.0.201\Microsoft.Common.CurrentVersion.targets(2451,5): warning MSB3277: There was a conflict between "System.IO.Packaging, Version=6.0.0.0, Culture=neutral, PublicKeyToken=b03f5f7f11d50a3a" and "System.IO.Packaging, Version=7.0.0.0, Culture=neutral, PublicKeyToken=b03f5f7f11d50a3a". [C:\Users\ultra\warewolf\Dev\Warewolf.Studio.Themes.Luna\Warewolf.Studio.Themes.Luna.csproj]
C:\Program Files\dotnet\sdk\10.0.201\Microsoft.Common.CurrentVersion.targets(2451,5): warning MSB3277:     "System.IO.Packaging, Version=6.0.0.0, Culture=neutral, PublicKeyToken=b03f5f7f11d50a3a" was chosen because it was primary and "System.IO.Packaging, Version=7.0.0.0, Culture=neutral, PublicKeyToken=b03f5f7f11d50a3a" was not. [C:\Users\ultra\warewolf\Dev\Warewolf.Studio.Themes.Luna\Warewolf.Studio.Themes.Luna.csproj]
C:\Program Files\dotnet\sdk\10.0.201\Microsoft.Common.CurrentVersion.targets(2451,5): warning MSB3277:     References which depend on "System.IO.Packaging, Version=6.0.0.0, Culture=neutral, PublicKeyToken=b03f5f7f11d50a3a" [C:\Users\ultra\.nuget\packages\system.io.packaging\6.0.0\lib\net6.0\System.IO.Packaging.dll]. [C:\Users\ultra\warewolf\Dev\Warewolf.Studio.Themes.Luna\Warewolf.Studio.Themes.Luna.csproj]
C:\Program Files\dotnet\sdk\10.0.201\Microsoft.Common.CurrentVersion.targets(2451,5): warning MSB3277:         C:\Users\ultra\.nuget\packages\system.io.packaging\6.0.0\lib\net6.0\System.IO.Packaging.dll [C:\Users\ultra\warewolf\Dev\Warewolf.Studio.Themes.Luna\Warewolf.Studio.Themes.Luna.csproj]
C:\Program Files\dotnet\sdk\10.0.201\Microsoft.Common.CurrentVersion.targets(2451,5): warning MSB3277:           Project file item includes which caused reference "C:\Users\ultra\.nuget\packages\system.io.packaging\6.0.0\lib\net6.0\System.IO.Packaging.dll". [C:\Users\ultra\warewolf\Dev\Warewolf.Studio.Themes.Luna\Warewolf.Studio.Themes.Luna.csproj]
C:\Program Files\dotnet\sdk\10.0.201\Microsoft.Common.CurrentVersion.targets(2451,5): warning MSB3277:             C:\Users\ultra\.nuget\packages\system.io.packaging\6.0.0\lib\net6.0\System.IO.Packaging.dll [C:\Users\ultra\warewolf\Dev\Warewolf.Studio.Themes.Luna\Warewolf.Studio.Themes.Luna.csproj]
C:\Program Files\dotnet\sdk\10.0.201\Microsoft.Common.CurrentVersion.targets(2451,5): warning MSB3277:     References which depend on or have been unified to "System.IO.Packaging, Version=7.0.0.0, Culture=neutral, PublicKeyToken=b03f5f7f11d50a3a" []. [C:\Users\ultra\warewolf\Dev\Warewolf.Studio.Themes.Luna\Warewolf.Studio.Themes.Luna.csproj]
C:\Program Files\dotnet\sdk\10.0.201\Microsoft.Common.CurrentVersion.targets(2451,5): warning MSB3277:         C:\Users\ultra\warewolf\Dev\Binaries\Infragistcs_Net6\InfragisticsWPF4.Documents.RichTextDocument.v15.1.dll [C:\Users\ultra\warewolf\Dev\Warewolf.Studio.Themes.Luna\Warewolf.Studio.Themes.Luna.csproj]
C:\Program Files\dotnet\sdk\10.0.201\Microsoft.Common.CurrentVersion.targets(2451,5): warning MSB3277:           Project file item includes which caused reference "C:\Users\ultra\warewolf\Dev\Binaries\Infragistcs_Net6\InfragisticsWPF4.Documents.RichTextDocument.v15.1.dll". [C:\Users\ultra\warewolf\Dev\Warewolf.Studio.Themes.Luna\Warewolf.Studio.Themes.Luna.csproj]
C:\Program Files\dotnet\sdk\10.0.201\Microsoft.Common.CurrentVersion.targets(2451,5): warning MSB3277:             InfragisticsWPF4.Documents.RichTextDocument.v15.1, Version=15.1.20151.2055, Culture=neutral, PublicKeyToken=7dd5c3163f2cd0cb, processorArchitecture=MSIL [C:\Users\ultra\warewolf\Dev\Warewolf.Studio.Themes.Luna\Warewolf.Studio.Themes.Luna.csproj]
C:\Program Files\dotnet\sdk\10.0.201\Microsoft.Common.CurrentVersion.targets(2451,5): warning MSB3277:             InfragisticsWPF4.Controls.Editors.XamRichTextEditor.v15.1, Version=15.1.20151.2055, Culture=neutral, PublicKeyToken=7dd5c3163f2cd0cb, processorArchitecture=MSIL [C:\Users\ultra\warewolf\Dev\Warewolf.Studio.Themes.Luna\Warewolf.Studio.Themes.Luna.csproj]
C:\Program Files\dotnet\sdk\10.0.201\Microsoft.Common.CurrentVersion.targets(2451,5): warning MSB3277:             InfragisticsWPF4.Documents.RichTextDocument.Html.v15.1, Version=15.1.20151.2055, Culture=neutral, PublicKeyToken=7dd5c3163f2cd0cb, processorArchitecture=MSIL [C:\Users\ultra\warewolf\Dev\Warewolf.Studio.Themes.Luna\Warewolf.Studio.Themes.Luna.csproj]
C:\Program Files\dotnet\sdk\10.0.201\Microsoft.Common.CurrentVersion.targets(2451,5): warning MSB3277:         C:\Program Files\dotnet\packs\Microsoft.NETCore.App.Ref\8.0.25\ref\net8.0\WindowsBase.dll [C:\Users\ultra\warewolf\Dev\Warewolf.Studio.Themes.Luna\Warewolf.Studio.Themes.Luna.csproj]
C:\Program Files\dotnet\sdk\10.0.201\Microsoft.Common.CurrentVersion.targets(2451,5): warning MSB3277:           Project file item includes which caused reference "C:\Program Files\dotnet\packs\Microsoft.NETCore.App.Ref\8.0.25\ref\net8.0\WindowsBase.dll". [C:\Users\ultra\warewolf\Dev\Warewolf.Studio.Themes.Luna\Warewolf.Studio.Themes.Luna.csproj]
C:\Program Files\dotnet\sdk\10.0.201\Microsoft.Common.CurrentVersion.targets(2451,5): warning MSB3277:             C:\Program Files\dotnet\packs\Microsoft.NETCore.App.Ref\8.0.25\ref/net8.0/WindowsBase.dll [C:\Users\ultra\warewolf\Dev\Warewolf.Studio.Themes.Luna\Warewolf.Studio.Themes.Luna.csproj]
C:\Program Files\dotnet\sdk\10.0.201\Microsoft.Common.CurrentVersion.targets(2451,5): warning MSB3277:         C:\Users\ultra\warewolf\Dev\Binaries\Infragistcs_Net6\InfragisticsWPF4.Documents.Core.v15.1.dll [C:\Users\ultra\warewolf\Dev\Warewolf.Studio.Themes.Luna\Warewolf.Studio.Themes.Luna.csproj]
C:\Program Files\dotnet\sdk\10.0.201\Microsoft.Common.CurrentVersion.targets(2451,5): warning MSB3277:           Project file item includes which caused reference "C:\Users\ultra\warewolf\Dev\Binaries\Infragistcs_Net6\InfragisticsWPF4.Documents.Core.v15.1.dll". [C:\Users\ultra\warewolf\Dev\Warewolf.Studio.Themes.Luna\Warewolf.Studio.Themes.Luna.csproj]
C:\Program Files\dotnet\sdk\10.0.201\Microsoft.Common.CurrentVersion.targets(2451,5): warning MSB3277:             InfragisticsWPF4.Documents.RichTextDocument.Html.v15.1, Version=15.1.20151.2055, Culture=neutral, PublicKeyToken=7dd5c3163f2cd0cb, processorArchitecture=MSIL [C:\Users\ultra\warewolf\Dev\Warewolf.Studio.Themes.Luna\Warewolf.Studio.Themes.Luna.csproj]
C:\Program Files\dotnet\sdk\10.0.201\Microsoft.Common.CurrentVersion.targets(2451,5): warning MSB3277: Found conflicts between different versions of "System.Windows.Extensions" that could not be resolved. [C:\Users\ultra\warewolf\Dev\Warewolf.Studio.Themes.Luna\Warewolf.Studio.Themes.Luna.csproj]
C:\Program Files\dotnet\sdk\10.0.201\Microsoft.Common.CurrentVersion.targets(2451,5): warning MSB3277: There was a conflict between "System.Windows.Extensions, Version=6.0.0.0, Culture=neutral, PublicKeyToken=cc7b13ffcd2ddd51" and "System.Windows.Extensions, Version=7.0.0.0, Culture=neutral, PublicKeyToken=cc7b13ffcd2ddd51". [C:\Users\ultra\warewolf\Dev\Warewolf.Studio.Themes.Luna\Warewolf.Studio.Themes.Luna.csproj]
C:\Program Files\dotnet\sdk\10.0.201\Microsoft.Common.CurrentVersion.targets(2451,5): warning MSB3277:     "System.Windows.Extensions, Version=6.0.0.0, Culture=neutral, PublicKeyToken=cc7b13ffcd2ddd51" was chosen because it was primary and "System.Windows.Extensions, Version=7.0.0.0, Culture=neutral, PublicKeyToken=cc7b13ffcd2ddd51" was not. [C:\Users\ultra\warewolf\Dev\Warewolf.Studio.Themes.Luna\Warewolf.Studio.Themes.Luna.csproj]
C:\Program Files\dotnet\sdk\10.0.201\Microsoft.Common.CurrentVersion.targets(2451,5): warning MSB3277:     References which depend on "System.Windows.Extensions, Version=6.0.0.0, Culture=neutral, PublicKeyToken=cc7b13ffcd2ddd51" [C:\Users\ultra\.nuget\packages\system.windows.extensions\6.0.0\lib\net6.0\System.Windows.Extensions.dll]. [C:\Users\ultra\warewolf\Dev\Warewolf.Studio.Themes.Luna\Warewolf.Studio.Themes.Luna.csproj]
C:\Program Files\dotnet\sdk\10.0.201\Microsoft.Common.CurrentVersion.targets(2451,5): warning MSB3277:         C:\Users\ultra\.nuget\packages\system.windows.extensions\6.0.0\lib\net6.0\System.Windows.Extensions.dll [C:\Users\ultra\warewolf\Dev\Warewolf.Studio.Themes.Luna\Warewolf.Studio.Themes.Luna.csproj]
C:\Program Files\dotnet\sdk\10.0.201\Microsoft.Common.CurrentVersion.targets(2451,5): warning MSB3277:           Project file item includes which caused reference "C:\Users\ultra\.nuget\packages\system.windows.extensions\6.0.0\lib\net6.0\System.Windows.Extensions.dll". [C:\Users\ultra\warewolf\Dev\Warewolf.Studio.Themes.Luna\Warewolf.Studio.Themes.Luna.csproj]
C:\Program Files\dotnet\sdk\10.0.201\Microsoft.Common.CurrentVersion.targets(2451,5): warning MSB3277:             C:\Users\ultra\.nuget\packages\system.windows.extensions\6.0.0\lib\net6.0\System.Windows.Extensions.dll [C:\Users\ultra\warewolf\Dev\Warewolf.Studio.Themes.Luna\Warewolf.Studio.Themes.Luna.csproj]
C:\Program Files\dotnet\sdk\10.0.201\Microsoft.Common.CurrentVersion.targets(2451,5): warning MSB3277:     References which depend on or have been unified to "System.Windows.Extensions, Version=7.0.0.0, Culture=neutral, PublicKeyToken=cc7b13ffcd2ddd51" []. [C:\Users\ultra\warewolf\Dev\Warewolf.Studio.Themes.Luna\Warewolf.Studio.Themes.Luna.csproj]
C:\Program Files\dotnet\sdk\10.0.201\Microsoft.Common.CurrentVersion.targets(2451,5): warning MSB3277:         C:\Users\ultra\warewolf\Dev\Binaries\Infragistcs_Net6\InfragisticsWPF4.Editors.v15.1.dll [C:\Users\ultra\warewolf\Dev\Warewolf.Studio.Themes.Luna\Warewolf.Studio.Themes.Luna.csproj]
C:\Program Files\dotnet\sdk\10.0.201\Microsoft.Common.CurrentVersion.targets(2451,5): warning MSB3277:           Project file item includes which caused reference "C:\Users\ultra\warewolf\Dev\Binaries\Infragistcs_Net6\InfragisticsWPF4.Editors.v15.1.dll". [C:\Users\ultra\warewolf\Dev\Warewolf.Studio.Themes.Luna\Warewolf.Studio.Themes.Luna.csproj]
C:\Program Files\dotnet\sdk\10.0.201\Microsoft.Common.CurrentVersion.targets(2451,5): warning MSB3277:             InfragisticsWPF4.Editors.v15.1, Version=15.1.20151.2055, Culture=neutral, PublicKeyToken=7dd5c3163f2cd0cb, processorArchitecture=MSIL [C:\Users\ultra\warewolf\Dev\Warewolf.Studio.Themes.Luna\Warewolf.Studio.Themes.Luna.csproj]
C:\Program Files\dotnet\sdk\10.0.201\Microsoft.Common.CurrentVersion.targets(2451,5): warning MSB3277:             InfragisticsWPF4.DataPresenter.v15.1, Version=15.1.20151.2055, Culture=neutral, PublicKeyToken=7dd5c3163f2cd0cb, processorArchitecture=MSIL [C:\Users\ultra\warewolf\Dev\Warewolf.Studio.Themes.Luna\Warewolf.Studio.Themes.Luna.csproj]
C:\Program Files\dotnet\sdk\10.0.201\Microsoft.Common.CurrentVersion.targets(2451,5): warning MSB3277:         C:\Users\ultra\.nuget\packages\extended.wpf.toolkit\4.4.0\lib\net5.0\Xceed.Wpf.Toolkit.NET5.dll [C:\Users\ultra\warewolf\Dev\Warewolf.Studio.Themes.Luna\Warewolf.Studio.Themes.Luna.csproj]
C:\Program Files\dotnet\sdk\10.0.201\Microsoft.Common.CurrentVersion.targets(2451,5): warning MSB3277:           Project file item includes which caused reference "C:\Users\ultra\.nuget\packages\extended.wpf.toolkit\4.4.0\lib\net5.0\Xceed.Wpf.Toolkit.NET5.dll". [C:\Users\ultra\warewolf\Dev\Warewolf.Studio.Themes.Luna\Warewolf.Studio.Themes.Luna.csproj]
C:\Program Files\dotnet\sdk\10.0.201\Microsoft.Common.CurrentVersion.targets(2451,5): warning MSB3277:             C:\Users\ultra\.nuget\packages\extended.wpf.toolkit\4.4.0\lib\net5.0\Xceed.Wpf.Toolkit.NET5.dll [C:\Users\ultra\warewolf\Dev\Warewolf.Studio.Themes.Luna\Warewolf.Studio.Themes.Luna.csproj]
C:\Program Files\dotnet\sdk\10.0.201\Microsoft.Common.CurrentVersion.targets(2451,5): warning MSB3277:         C:\Users\ultra\.nuget\packages\system.security.permissions\6.0.0\lib\net6.0\System.Security.Permissions.dll [C:\Users\ultra\warewolf\Dev\Warewolf.Studio.Themes.Luna\Warewolf.Studio.Themes.Luna.csproj]
C:\Program Files\dotnet\sdk\10.0.201\Microsoft.Common.CurrentVersion.targets(2451,5): warning MSB3277:           Project file item includes which caused reference "C:\Users\ultra\.nuget\packages\system.security.permissions\6.0.0\lib\net6.0\System.Security.Permissions.dll". [C:\Users\ultra\warewolf\Dev\Warewolf.Studio.Themes.Luna\Warewolf.Studio.Themes.Luna.csproj]
C:\Program Files\dotnet\sdk\10.0.201\Microsoft.Common.CurrentVersion.targets(2451,5): warning MSB3277:             C:\Users\ultra\.nuget\packages\system.security.permissions\6.0.0\lib\net6.0\System.Security.Permissions.dll [C:\Users\ultra\warewolf\Dev\Warewolf.Studio.Themes.Luna\Warewolf.Studio.Themes.Luna.csproj]
C:\Program Files\dotnet\sdk\10.0.201\Microsoft.Common.CurrentVersion.targets(2451,5): warning MSB3277:         C:\Program Files\dotnet\packs\Microsoft.NETCore.App.Ref\8.0.25\ref\net8.0\System.Security.dll [C:\Users\ultra\warewolf\Dev\Warewolf.Studio.Themes.Luna\Warewolf.Studio.Themes.Luna.csproj]
C:\Program Files\dotnet\sdk\10.0.201\Microsoft.Common.CurrentVersion.targets(2451,5): warning MSB3277:           Project file item includes which caused reference "C:\Program Files\dotnet\packs\Microsoft.NETCore.App.Ref\8.0.25\ref\net8.0\System.Security.dll". [C:\Users\ultra\warewolf\Dev\Warewolf.Studio.Themes.Luna\Warewolf.Studio.Themes.Luna.csproj]
C:\Program Files\dotnet\sdk\10.0.201\Microsoft.Common.CurrentVersion.targets(2451,5): warning MSB3277:             C:\Program Files\dotnet\packs\Microsoft.NETCore.App.Ref\8.0.25\ref/net8.0/System.Security.dll [C:\Users\ultra\warewolf\Dev\Warewolf.Studio.Themes.Luna\Warewolf.Studio.Themes.Luna.csproj]
C:\Program Files\dotnet\sdk\10.0.201\Microsoft.Common.CurrentVersion.targets(2451,5): warning MSB3277:         C:\Program Files\dotnet\packs\Microsoft.NETCore.App.Ref\8.0.25\ref\net8.0\System.dll [C:\Users\ultra\warewolf\Dev\Warewolf.Studio.Themes.Luna\Warewolf.Studio.Themes.Luna.csproj]
C:\Program Files\dotnet\sdk\10.0.201\Microsoft.Common.CurrentVersion.targets(2451,5): warning MSB3277:           Project file item includes which caused reference "C:\Program Files\dotnet\packs\Microsoft.NETCore.App.Ref\8.0.25\ref\net8.0\System.dll". [C:\Users\ultra\warewolf\Dev\Warewolf.Studio.Themes.Luna\Warewolf.Studio.Themes.Luna.csproj]
C:\Program Files\dotnet\sdk\10.0.201\Microsoft.Common.CurrentVersion.targets(2451,5): warning MSB3277:             C:\Program Files\dotnet\packs\Microsoft.NETCore.App.Ref\8.0.25\ref/net8.0/System.dll [C:\Users\ultra\warewolf\Dev\Warewolf.Studio.Themes.Luna\Warewolf.Studio.Themes.Luna.csproj]
C:\Program Files\dotnet\sdk\10.0.201\Microsoft.Common.CurrentVersion.targets(2451,5): warning MSB3277:             C:\Users\ultra\.nuget\packages\aerowizard\2.3.1\lib\net45\AeroWizard.dll [C:\Users\ultra\warewolf\Dev\Warewolf.Studio.Themes.Luna\Warewolf.Studio.Themes.Luna.csproj]
C:\Program Files\dotnet\sdk\10.0.201\Microsoft.Common.CurrentVersion.targets(2451,5): warning MSB3277:             C:\Users\ultra\.nuget\packages\groupcontrols\1.9.0\lib\net45\GroupControls.dll [C:\Users\ultra\warewolf\Dev\Warewolf.Studio.Themes.Luna\Warewolf.Studio.Themes.Luna.csproj]
C:\Program Files\dotnet\sdk\10.0.201\Microsoft.Common.CurrentVersion.targets(2451,5): warning MSB3277:             C:\Users\ultra\.nuget\packages\microsoft.xaml.behaviors.wpf\1.1.122\lib\net462\Microsoft.Xaml.Behaviors.dll [C:\Users\ultra\warewolf\Dev\Warewolf.Studio.Themes.Luna\Warewolf.Studio.Themes.Luna.csproj]
C:\Program Files\dotnet\sdk\10.0.201\Microsoft.Common.CurrentVersion.targets(2451,5): warning MSB3277:             C:\Users\ultra\.nuget\packages\caliburn.micro\4.0.212\lib\netcoreapp3.1\Caliburn.Micro.Platform.dll [C:\Users\ultra\warewolf\Dev\Warewolf.Studio.Themes.Luna\Warewolf.Studio.Themes.Luna.csproj]
C:\Program Files\dotnet\sdk\10.0.201\Microsoft.Common.CurrentVersion.targets(2451,5): warning MSB3277:             C:\Users\ultra\.nuget\packages\prism.wpf\9.0.537\lib\net462\Prism.Wpf.dll [C:\Users\ultra\warewolf\Dev\Warewolf.Studio.Themes.Luna\Warewolf.Studio.Themes.Luna.csproj]
C:\Program Files\dotnet\sdk\10.0.201\Microsoft.Common.CurrentVersion.targets(2451,5): warning MSB3277:             C:\Users\ultra\.nuget\packages\reactiveui.wpf\18.4.1\lib\net462\ReactiveUI.Wpf.dll [C:\Users\ultra\warewolf\Dev\Warewolf.Studio.Themes.Luna\Warewolf.Studio.Themes.Luna.csproj]
C:\Program Files\dotnet\sdk\10.0.201\Microsoft.Common.CurrentVersion.targets(2451,5): warning MSB3277:             C:\Users\ultra\.nuget\packages\taskschedulereditor\2.10.1\lib\net452\Microsoft.Win32.TaskSchedulerEditor.dll [C:\Users\ultra\warewolf\Dev\Warewolf.Studio.Themes.Luna\Warewolf.Studio.Themes.Luna.csproj]
C:\Program Files\dotnet\sdk\10.0.201\Microsoft.Common.CurrentVersion.targets(2451,5): warning MSB3277:             C:\Users\ultra\.nuget\packages\ttcue.netcore.sharepointonline.csom.16.1.8029.1200\16.1.8029.1200\lib\netcoreapp2.0\Microsoft.SharePoint.Client.Runtime.Windows.dll [C:\Users\ultra\warewolf\Dev\Warewolf.Studio.Themes.Luna\Warewolf.Studio.Themes.Luna.csproj]
C:\Program Files\dotnet\sdk\10.0.201\Microsoft.Common.CurrentVersion.targets(2451,5): warning MSB3277:         C:\Users\ultra\warewolf\Dev\Binaries\Infragistcs_Net6\InfragisticsWPF4.Controls.Editors.XamMaskedInput.v15.1.dll [C:\Users\ultra\warewolf\Dev\Warewolf.Studio.Themes.Luna\Warewolf.Studio.Themes.Luna.csproj]
C:\Program Files\dotnet\sdk\10.0.201\Microsoft.Common.CurrentVersion.targets(2451,5): warning MSB3277:           Project file item includes which caused reference "C:\Users\ultra\warewolf\Dev\Binaries\Infragistcs_Net6\InfragisticsWPF4.Controls.Editors.XamMaskedInput.v15.1.dll". [C:\Users\ultra\warewolf\Dev\Warewolf.Studio.Themes.Luna\Warewolf.Studio.Themes.Luna.csproj]
C:\Program Files\dotnet\sdk\10.0.201\Microsoft.Common.CurrentVersion.targets(2451,5): warning MSB3277:             InfragisticsWPF4.Controls.Grids.DateTimeColumn.v15.1, Version=15.1.20151.2055, Culture=neutral, PublicKeyToken=7dd5c3163f2cd0cb, processorArchitecture=MSIL [C:\Users\ultra\warewolf\Dev\Warewolf.Studio.Themes.Luna\Warewolf.Studio.Themes.Luna.csproj]
  Consider app.config remapping of assembly "System.Data.SQLite, Culture=neutral, PublicKeyToken=db937bc2d44ff139" from Version "1.0.117.0" [] to Version "1.0.118.0" [C:\Users\ultra\.nuget\packages\stub.system.data.sqlite.core.netstandard\1.0.118\lib\netstandard2.1\System.Data.SQLite.dll] to solve conflict and get rid of warning.
  Warewolf.QueueWorker -> C:\Users\ultra\warewolf\Dev\Warewolf.QueueWorker\bin\Debug\net8.0\linux-x64\QueueWorker.dll
  Warewolf.QueueWorker -> C:\Users\ultra\warewolf\Dev\Warewolf.QueueWorker\bin\Debug\net8.0\QueueWorker.dll
  Warewolf.Studio.Themes.Luna -> C:\Users\ultra\warewolf\Dev\Warewolf.Studio.Themes.Luna\bin\Debug\net8.0\Warewolf.Studio.Themes.Luna.dll
C:\Program Files\dotnet\sdk\10.0.201\Microsoft.Common.CurrentVersion.targets(2451,5): warning MSB3277: Found conflicts between different versions of "WindowsBase" that could not be resolved. [C:\Users\ultra\warewolf\Dev\Dev2.Server\Dev2.Server.csproj]
C:\Program Files\dotnet\sdk\10.0.201\Microsoft.Common.CurrentVersion.targets(2451,5): warning MSB3277: There was a conflict between "WindowsBase, Version=4.0.0.0, Culture=neutral, PublicKeyToken=31bf3856ad364e35" and "WindowsBase, Version=6.0.2.0, Culture=neutral, PublicKeyToken=31bf3856ad364e35". [C:\Users\ultra\warewolf\Dev\Dev2.Server\Dev2.Server.csproj]
C:\Program Files\dotnet\sdk\10.0.201\Microsoft.Common.CurrentVersion.targets(2451,5): warning MSB3277:     "WindowsBase, Version=4.0.0.0, Culture=neutral, PublicKeyToken=31bf3856ad364e35" was chosen because it was primary and "WindowsBase, Version=6.0.2.0, Culture=neutral, PublicKeyToken=31bf3856ad364e35" was not. [C:\Users\ultra\warewolf\Dev\Dev2.Server\Dev2.Server.csproj]
C:\Program Files\dotnet\sdk\10.0.201\Microsoft.Common.CurrentVersion.targets(2451,5): warning MSB3277:     References which depend on "WindowsBase, Version=4.0.0.0, Culture=neutral, PublicKeyToken=31bf3856ad364e35" [C:\Program Files\dotnet\packs\Microsoft.NETCore.App.Ref\8.0.25\ref\net8.0\WindowsBase.dll]. [C:\Users\ultra\warewolf\Dev\Dev2.Server\Dev2.Server.csproj]
C:\Program Files\dotnet\sdk\10.0.201\Microsoft.Common.CurrentVersion.targets(2451,5): warning MSB3277:         C:\Program Files\dotnet\packs\Microsoft.NETCore.App.Ref\8.0.25\ref\net8.0\WindowsBase.dll [C:\Users\ultra\warewolf\Dev\Dev2.Server\Dev2.Server.csproj]
C:\Program Files\dotnet\sdk\10.0.201\Microsoft.Common.CurrentVersion.targets(2451,5): warning MSB3277:           Project file item includes which caused reference "C:\Program Files\dotnet\packs\Microsoft.NETCore.App.Ref\8.0.25\ref\net8.0\WindowsBase.dll". [C:\Users\ultra\warewolf\Dev\Dev2.Server\Dev2.Server.csproj]
C:\Program Files\dotnet\sdk\10.0.201\Microsoft.Common.CurrentVersion.targets(2451,5): warning MSB3277:             C:\Program Files\dotnet\packs\Microsoft.NETCore.App.Ref\8.0.25\ref/net8.0/WindowsBase.dll [C:\Users\ultra\warewolf\Dev\Dev2.Server\Dev2.Server.csproj]
C:\Program Files\dotnet\sdk\10.0.201\Microsoft.Common.CurrentVersion.targets(2451,5): warning MSB3277:     References which depend on or have been unified to "WindowsBase, Version=6.0.2.0, Culture=neutral, PublicKeyToken=31bf3856ad364e35" []. [C:\Users\ultra\warewolf\Dev\Dev2.Server\Dev2.Server.csproj]
C:\Program Files\dotnet\sdk\10.0.201\Microsoft.Common.CurrentVersion.targets(2451,5): warning MSB3277:         C:\Users\ultra\.nuget\packages\caliburn.micro\4.0.212\lib\netcoreapp3.1\Caliburn.Micro.Platform.dll [C:\Users\ultra\warewolf\Dev\Dev2.Server\Dev2.Server.csproj]
C:\Program Files\dotnet\sdk\10.0.201\Microsoft.Common.CurrentVersion.targets(2451,5): warning MSB3277:           Project file item includes which caused reference "C:\Users\ultra\.nuget\packages\caliburn.micro\4.0.212\lib\netcoreapp3.1\Caliburn.Micro.Platform.dll". [C:\Users\ultra\warewolf\Dev\Dev2.Server\Dev2.Server.csproj]
C:\Program Files\dotnet\sdk\10.0.201\Microsoft.Common.CurrentVersion.targets(2451,5): warning MSB3277:             C:\Users\ultra\.nuget\packages\caliburn.micro\4.0.212\lib\netcoreapp3.1\Caliburn.Micro.Platform.dll [C:\Users\ultra\warewolf\Dev\Dev2.Server\Dev2.Server.csproj]
C:\Program Files\dotnet\sdk\10.0.201\Microsoft.Common.CurrentVersion.targets(2451,5): warning MSB3277:         C:\Users\ultra\.nuget\packages\ironpython\3.4.0\lib\net6.0\IronPython.Wpf.dll [C:\Users\ultra\warewolf\Dev\Dev2.Server\Dev2.Server.csproj]
C:\Program Files\dotnet\sdk\10.0.201\Microsoft.Common.CurrentVersion.targets(2451,5): warning MSB3277:           Project file item includes which caused reference "C:\Users\ultra\.nuget\packages\ironpython\3.4.0\lib\net6.0\IronPython.Wpf.dll". [C:\Users\ultra\warewolf\Dev\Dev2.Server\Dev2.Server.csproj]
C:\Program Files\dotnet\sdk\10.0.201\Microsoft.Common.CurrentVersion.targets(2451,5): warning MSB3277:             C:\Users\ultra\.nuget\packages\ironpython\3.4.0\lib\net6.0\IronPython.Wpf.dll [C:\Users\ultra\warewolf\Dev\Dev2.Server\Dev2.Server.csproj]
C:\Program Files\dotnet\sdk\10.0.201\Microsoft.Common.CurrentVersion.targets(2451,5): warning MSB3277:         C:\Users\ultra\.nuget\packages\microsoft.xaml.behaviors.wpf\1.1.122\lib\net462\Microsoft.Xaml.Behaviors.dll [C:\Users\ultra\warewolf\Dev\Dev2.Server\Dev2.Server.csproj]
C:\Program Files\dotnet\sdk\10.0.201\Microsoft.Common.CurrentVersion.targets(2451,5): warning MSB3277:           Project file item includes which caused reference "C:\Users\ultra\.nuget\packages\microsoft.xaml.behaviors.wpf\1.1.122\lib\net462\Microsoft.Xaml.Behaviors.dll". [C:\Users\ultra\warewolf\Dev\Dev2.Server\Dev2.Server.csproj]
C:\Program Files\dotnet\sdk\10.0.201\Microsoft.Common.CurrentVersion.targets(2451,5): warning MSB3277:             C:\Users\ultra\.nuget\packages\microsoft.xaml.behaviors.wpf\1.1.122\lib\net462\Microsoft.Xaml.Behaviors.dll [C:\Users\ultra\warewolf\Dev\Dev2.Server\Dev2.Server.csproj]
C:\Program Files\dotnet\sdk\10.0.201\Microsoft.Common.CurrentVersion.targets(2451,5): warning MSB3277:             C:\Users\ultra\.nuget\packages\caliburn.micro\4.0.212\lib\netcoreapp3.1\Caliburn.Micro.Platform.dll [C:\Users\ultra\warewolf\Dev\Dev2.Server\Dev2.Server.csproj]
C:\Program Files\dotnet\sdk\10.0.201\Microsoft.Common.CurrentVersion.targets(2451,5): warning MSB3277:             C:\Users\ultra\.nuget\packages\prism.wpf\9.0.537\lib\net462\Prism.Wpf.dll [C:\Users\ultra\warewolf\Dev\Dev2.Server\Dev2.Server.csproj]
C:\Program Files\dotnet\sdk\10.0.201\Microsoft.Common.CurrentVersion.targets(2451,5): warning MSB3277:         C:\Users\ultra\.nuget\packages\prism.wpf\9.0.537\lib\net462\Prism.Wpf.dll [C:\Users\ultra\warewolf\Dev\Dev2.Server\Dev2.Server.csproj]
C:\Program Files\dotnet\sdk\10.0.201\Microsoft.Common.CurrentVersion.targets(2451,5): warning MSB3277:           Project file item includes which caused reference "C:\Users\ultra\.nuget\packages\prism.wpf\9.0.537\lib\net462\Prism.Wpf.dll". [C:\Users\ultra\warewolf\Dev\Dev2.Server\Dev2.Server.csproj]
C:\Program Files\dotnet\sdk\10.0.201\Microsoft.Common.CurrentVersion.targets(2451,5): warning MSB3277:             C:\Users\ultra\.nuget\packages\prism.wpf\9.0.537\lib\net462\Prism.Wpf.dll [C:\Users\ultra\warewolf\Dev\Dev2.Server\Dev2.Server.csproj]
C:\Program Files\dotnet\sdk\10.0.201\Microsoft.Common.CurrentVersion.targets(2451,5): warning MSB3277:         C:\Users\ultra\.nuget\packages\reactiveui.wpf\18.4.1\lib\net462\ReactiveUI.Wpf.dll [C:\Users\ultra\warewolf\Dev\Dev2.Server\Dev2.Server.csproj]
C:\Program Files\dotnet\sdk\10.0.201\Microsoft.Common.CurrentVersion.targets(2451,5): warning MSB3277:           Project file item includes which caused reference "C:\Users\ultra\.nuget\packages\reactiveui.wpf\18.4.1\lib\net462\ReactiveUI.Wpf.dll". [C:\Users\ultra\warewolf\Dev\Dev2.Server\Dev2.Server.csproj]
C:\Program Files\dotnet\sdk\10.0.201\Microsoft.Common.CurrentVersion.targets(2451,5): warning MSB3277:             C:\Users\ultra\.nuget\packages\reactiveui.wpf\18.4.1\lib\net462\ReactiveUI.Wpf.dll [C:\Users\ultra\warewolf\Dev\Dev2.Server\Dev2.Server.csproj]
C:\Program Files\dotnet\sdk\10.0.201\Microsoft.Common.CurrentVersion.targets(2451,5): warning MSB3277: Found conflicts between different versions of "System.Drawing.Common" that could not be resolved. [C:\Users\ultra\warewolf\Dev\Dev2.Server\Dev2.Server.csproj]
C:\Program Files\dotnet\sdk\10.0.201\Microsoft.Common.CurrentVersion.targets(2451,5): warning MSB3277: There was a conflict between "System.Drawing.Common, Version=6.0.0.0, Culture=neutral, PublicKeyToken=cc7b13ffcd2ddd51" and "System.Drawing.Common, Version=8.0.0.0, Culture=neutral, PublicKeyToken=cc7b13ffcd2ddd51". [C:\Users\ultra\warewolf\Dev\Dev2.Server\Dev2.Server.csproj]
C:\Program Files\dotnet\sdk\10.0.201\Microsoft.Common.CurrentVersion.targets(2451,5): warning MSB3277:     "System.Drawing.Common, Version=6.0.0.0, Culture=neutral, PublicKeyToken=cc7b13ffcd2ddd51" was chosen because it was primary and "System.Drawing.Common, Version=8.0.0.0, Culture=neutral, PublicKeyToken=cc7b13ffcd2ddd51" was not. [C:\Users\ultra\warewolf\Dev\Dev2.Server\Dev2.Server.csproj]
C:\Program Files\dotnet\sdk\10.0.201\Microsoft.Common.CurrentVersion.targets(2451,5): warning MSB3277:     References which depend on "System.Drawing.Common, Version=6.0.0.0, Culture=neutral, PublicKeyToken=cc7b13ffcd2ddd51" [C:\Users\ultra\.nuget\packages\system.drawing.common\6.0.0\lib\net6.0\System.Drawing.Common.dll]. [C:\Users\ultra\warewolf\Dev\Dev2.Server\Dev2.Server.csproj]
C:\Program Files\dotnet\sdk\10.0.201\Microsoft.Common.CurrentVersion.targets(2451,5): warning MSB3277:         C:\Users\ultra\.nuget\packages\system.drawing.common\6.0.0\lib\net6.0\System.Drawing.Common.dll [C:\Users\ultra\warewolf\Dev\Dev2.Server\Dev2.Server.csproj]
C:\Program Files\dotnet\sdk\10.0.201\Microsoft.Common.CurrentVersion.targets(2451,5): warning MSB3277:           Project file item includes which caused reference "C:\Users\ultra\.nuget\packages\system.drawing.common\6.0.0\lib\net6.0\System.Drawing.Common.dll". [C:\Users\ultra\warewolf\Dev\Dev2.Server\Dev2.Server.csproj]
C:\Program Files\dotnet\sdk\10.0.201\Microsoft.Common.CurrentVersion.targets(2451,5): warning MSB3277:             C:\Users\ultra\.nuget\packages\system.drawing.common\6.0.0\lib\net6.0\System.Drawing.Common.dll [C:\Users\ultra\warewolf\Dev\Dev2.Server\Dev2.Server.csproj]
C:\Program Files\dotnet\sdk\10.0.201\Microsoft.Common.CurrentVersion.targets(2451,5): warning MSB3277:     References which depend on or have been unified to "System.Drawing.Common, Version=8.0.0.0, Culture=neutral, PublicKeyToken=cc7b13ffcd2ddd51" []. [C:\Users\ultra\warewolf\Dev\Dev2.Server\Dev2.Server.csproj]
C:\Program Files\dotnet\sdk\10.0.201\Microsoft.Common.CurrentVersion.targets(2451,5): warning MSB3277:         C:\Users\ultra\.nuget\packages\servicestack\6.3.0\lib\net6.0\ServiceStack.dll [C:\Users\ultra\warewolf\Dev\Dev2.Server\Dev2.Server.csproj]
C:\Program Files\dotnet\sdk\10.0.201\Microsoft.Common.CurrentVersion.targets(2451,5): warning MSB3277:           Project file item includes which caused reference "C:\Users\ultra\.nuget\packages\servicestack\6.3.0\lib\net6.0\ServiceStack.dll". [C:\Users\ultra\warewolf\Dev\Dev2.Server\Dev2.Server.csproj]
C:\Program Files\dotnet\sdk\10.0.201\Microsoft.Common.CurrentVersion.targets(2451,5): warning MSB3277:             C:\Users\ultra\.nuget\packages\servicestack\6.3.0\lib\net6.0\ServiceStack.dll [C:\Users\ultra\warewolf\Dev\Dev2.Server\Dev2.Server.csproj]
C:\Program Files\dotnet\sdk\10.0.201\Microsoft.Common.CurrentVersion.targets(2451,5): warning MSB3277:         C:\Users\ultra\.nuget\packages\system.windows.extensions\8.0.0\lib\net8.0\System.Windows.Extensions.dll [C:\Users\ultra\warewolf\Dev\Dev2.Server\Dev2.Server.csproj]
C:\Program Files\dotnet\sdk\10.0.201\Microsoft.Common.CurrentVersion.targets(2451,5): warning MSB3277:           Project file item includes which caused reference "C:\Users\ultra\.nuget\packages\system.windows.extensions\8.0.0\lib\net8.0\System.Windows.Extensions.dll". [C:\Users\ultra\warewolf\Dev\Dev2.Server\Dev2.Server.csproj]
C:\Program Files\dotnet\sdk\10.0.201\Microsoft.Common.CurrentVersion.targets(2451,5): warning MSB3277:             C:\Users\ultra\.nuget\packages\system.windows.extensions\8.0.0\lib\net8.0\System.Windows.Extensions.dll [C:\Users\ultra\warewolf\Dev\Dev2.Server\Dev2.Server.csproj]
C:\Program Files\dotnet\sdk\10.0.201\Microsoft.Common.CurrentVersion.targets(2451,5): warning MSB3277:             C:\Users\ultra\.nuget\packages\system.security.permissions\8.0.0\lib\net8.0\System.Security.Permissions.dll [C:\Users\ultra\warewolf\Dev\Dev2.Server\Dev2.Server.csproj]
C:\Program Files\dotnet\sdk\10.0.201\Microsoft.Common.CurrentVersion.targets(2451,5): warning MSB3277:             C:\Users\ultra\warewolf\Dev\Dev2.Data\bin\Debug\net8.0\Dev2.Data.dll [C:\Users\ultra\warewolf\Dev\Dev2.Server\Dev2.Server.csproj]
C:\Program Files\dotnet\sdk\10.0.201\Microsoft.Common.CurrentVersion.targets(2451,5): warning MSB3277:             C:\Users\ultra\warewolf\Dev\Dev2.Activities\bin\Debug\net8.0\Dev2.Activities.dll [C:\Users\ultra\warewolf\Dev\Dev2.Server\Dev2.Server.csproj]
C:\Program Files\dotnet\sdk\10.0.201\Microsoft.Common.CurrentVersion.targets(2451,5): warning MSB3277:             C:\Users\ultra\warewolf\Dev\Dev2.Core\bin\Debug\net8.0\Dev2.Core.dll [C:\Users\ultra\warewolf\Dev\Dev2.Server\Dev2.Server.csproj]
C:\Program Files\dotnet\sdk\10.0.201\Microsoft.Common.CurrentVersion.targets(2451,5): warning MSB3277:             C:\Users\ultra\warewolf\Dev\Dev2.Runtime.Services\bin\Debug\net8.0\Dev2.Runtime.Services.dll [C:\Users\ultra\warewolf\Dev\Dev2.Server\Dev2.Server.csproj]
C:\Program Files\dotnet\sdk\10.0.201\Microsoft.Common.CurrentVersion.targets(2451,5): warning MSB3277:             C:\Users\ultra\warewolf\Dev\Dev2.Runtime.WebServer\bin\Debug\net8.0\Dev2.Runtime.WebServer.dll [C:\Users\ultra\warewolf\Dev\Dev2.Server\Dev2.Server.csproj]
C:\Program Files\dotnet\sdk\10.0.201\Microsoft.Common.CurrentVersion.targets(2451,5): warning MSB3277:             C:\Users\ultra\warewolf\Dev\Dev2.Runtime\bin\Debug\net8.0\Dev2.Runtime.dll [C:\Users\ultra\warewolf\Dev\Dev2.Server\Dev2.Server.csproj]
C:\Program Files\dotnet\sdk\10.0.201\Microsoft.Common.CurrentVersion.targets(2451,5): warning MSB3277:             C:\Users\ultra\warewolf\Dev\Dev2.Scheduler\bin\Debug\net8.0\Dev2.Scheduler.dll [C:\Users\ultra\warewolf\Dev\Dev2.Server\Dev2.Server.csproj]
C:\Program Files\dotnet\sdk\10.0.201\Microsoft.Common.CurrentVersion.targets(2451,5): warning MSB3277:             C:\Users\ultra\warewolf\Dev\Dev2.Services.Execution\bin\Debug\net8.0\Dev2.Services.Execution.dll [C:\Users\ultra\warewolf\Dev\Dev2.Server\Dev2.Server.csproj]
C:\Program Files\dotnet\sdk\10.0.201\Microsoft.Common.CurrentVersion.targets(2451,5): warning MSB3277:             C:\Users\ultra\warewolf\Dev\Warewolf.Auditing\bin\Debug\net8.0\Warewolf.Auditing.dll [C:\Users\ultra\warewolf\Dev\Dev2.Server\Dev2.Server.csproj]
C:\Program Files\dotnet\sdk\10.0.201\Microsoft.Common.CurrentVersion.targets(2451,5): warning MSB3277:             C:\Users\ultra\warewolf\Dev\Warewolf.HangfireServer\bin\Debug\net8.0\HangfireServer.dll [C:\Users\ultra\warewolf\Dev\Dev2.Server\Dev2.Server.csproj]
C:\Program Files\dotnet\sdk\10.0.201\Microsoft.Common.CurrentVersion.targets(2451,5): warning MSB3277:             C:\Users\ultra\warewolf\Dev\Warewolf.Logger\bin\Debug\net8.0\WarewolfLogger.dll [C:\Users\ultra\warewolf\Dev\Dev2.Server\Dev2.Server.csproj]
C:\Program Files\dotnet\sdk\10.0.201\Microsoft.Common.CurrentVersion.targets(2451,5): warning MSB3277:             C:\Users\ultra\warewolf\Dev\Warewolf.QueueWorker\bin\Debug\net8.0\QueueWorker.dll [C:\Users\ultra\warewolf\Dev\Dev2.Server\Dev2.Server.csproj]
C:\Program Files\dotnet\sdk\10.0.201\Microsoft.Common.CurrentVersion.targets(2451,5): warning MSB3277:             C:\Users\ultra\warewolf\Dev\Warewolf.Core\bin\Debug\net8.0\Warewolf.Core.dll [C:\Users\ultra\warewolf\Dev\Dev2.Server\Dev2.Server.csproj]
C:\Program Files\dotnet\sdk\10.0.201\Microsoft.Common.CurrentVersion.targets(2451,5): warning MSB3277:             C:\Users\ultra\warewolf\Dev\Warewolf.ResourceManagement\bin\Debug\net8.0\Warewolf.ResourceManagement.dll [C:\Users\ultra\warewolf\Dev\Dev2.Server\Dev2.Server.csproj]
C:\Program Files\dotnet\sdk\10.0.201\Microsoft.Common.CurrentVersion.targets(2451,5): warning MSB3277:             C:\Users\ultra\warewolf\Dev\Warewolf.Trigger.Queue\bin\Debug\net8.0\Warewolf.Trigger.Queue.dll [C:\Users\ultra\warewolf\Dev\Dev2.Server\Dev2.Server.csproj]
C:\Program Files\dotnet\sdk\10.0.201\Microsoft.Common.CurrentVersion.targets(2451,5): warning MSB3277:             C:\Users\ultra\warewolf\Dev\Dev2.Intellisense\bin\Debug\net8.0\Dev2.Intellisense.dll [C:\Users\ultra\warewolf\Dev\Dev2.Server\Dev2.Server.csproj]
C:\Program Files\dotnet\sdk\10.0.201\Microsoft.Common.CurrentVersion.targets(2451,5): warning MSB3277:             C:\Users\ultra\warewolf\Dev\Dev2.Studio.Core\bin\Debug\net8.0\Dev2.Studio.Core.dll [C:\Users\ultra\warewolf\Dev\Dev2.Server\Dev2.Server.csproj]
C:\Program Files\dotnet\sdk\10.0.201\Microsoft.Common.CurrentVersion.targets(2451,5): warning MSB3277:             C:\Users\ultra\warewolf\Dev\Dev2.Studio.Interfaces\bin\Debug\net8.0\Dev2.Studio.Interfaces.dll [C:\Users\ultra\warewolf\Dev\Dev2.Server\Dev2.Server.csproj]
C:\Program Files\dotnet\sdk\10.0.201\Microsoft.Common.CurrentVersion.targets(2451,5): warning MSB3277:             C:\Users\ultra\warewolf\Dev\Warewolf.Common.Framework48\bin\Debug\net8.0\Warewolf.Common.Framework48.dll [C:\Users\ultra\warewolf\Dev\Dev2.Server\Dev2.Server.csproj]
C:\Program Files\dotnet\sdk\10.0.201\Microsoft.Common.CurrentVersion.targets(2451,5): warning MSB3277:             C:\Users\ultra\warewolf\Dev\Warewolf.Common.NetStandard20\bin\Debug\net8.0\Warewolf.Common.NetStandard20.dll [C:\Users\ultra\warewolf\Dev\Dev2.Server\Dev2.Server.csproj]
C:\Program Files\dotnet\sdk\10.0.201\Microsoft.Common.CurrentVersion.targets(2451,5): warning MSB3277:             C:\Users\ultra\warewolf\Dev\Warewolf.Driver.Persistence\bin\Debug\net8.0\Warewolf.Driver.Persistence.dll [C:\Users\ultra\warewolf\Dev\Dev2.Server\Dev2.Server.csproj]
C:\Program Files\dotnet\sdk\10.0.201\Microsoft.Common.CurrentVersion.targets(2451,5): warning MSB3277:             C:\Users\ultra\warewolf\Dev\Warewolf.Exchange.Email.Wrapper\bin\Debug\net8.0\Warewolf.Exchange.Email.Wrapper.dll [C:\Users\ultra\warewolf\Dev\Dev2.Server\Dev2.Server.csproj]
C:\Program Files\dotnet\sdk\10.0.201\Microsoft.Common.CurrentVersion.targets(2451,5): warning MSB3277:             C:\Users\ultra\warewolf\Dev\Warewolf.Studio.Core\bin\Debug\net8.0\Warewolf.Studio.Core.dll [C:\Users\ultra\warewolf\Dev\Dev2.Server\Dev2.Server.csproj]
C:\Program Files\dotnet\sdk\10.0.201\Microsoft.Common.CurrentVersion.targets(2451,5): warning MSB3277:             C:\Users\ultra\warewolf\Dev\Warewolf.UI\bin\Debug\net8.0\Warewolf.UI.dll [C:\Users\ultra\warewolf\Dev\Dev2.Server\Dev2.Server.csproj]
C:\Program Files\dotnet\sdk\10.0.201\Microsoft.Common.CurrentVersion.targets(2451,5): warning MSB3277:             C:\Users\ultra\.nuget\packages\dotnetzip\1.16.0\lib\netstandard2.0\DotNetZip.dll [C:\Users\ultra\warewolf\Dev\Dev2.Server\Dev2.Server.csproj]
C:\Program Files\dotnet\sdk\10.0.201\Microsoft.Common.CurrentVersion.targets(2451,5): warning MSB3277:             C:\Users\ultra\warewolf\Dev\Dev2.Common\bin\Debug\net8.0\Dev2.Common.dll [C:\Users\ultra\warewolf\Dev\Dev2.Server\Dev2.Server.csproj]
C:\Program Files\dotnet\sdk\10.0.201\Microsoft.Common.CurrentVersion.targets(2451,5): warning MSB3277:             C:\Users\ultra\warewolf\Dev\Dev2.Development.Languages\bin\Debug\net8.0\Dev2.Development.Languages.dll [C:\Users\ultra\warewolf\Dev\Dev2.Server\Dev2.Server.csproj]
C:\Program Files\dotnet\sdk\10.0.201\Microsoft.Common.CurrentVersion.targets(2451,5): warning MSB3277:             C:\Users\ultra\warewolf\Dev\Dev2.Diagnostics\bin\Debug\net8.0\Dev2.Diagnostics.dll [C:\Users\ultra\warewolf\Dev\Dev2.Server\Dev2.Server.csproj]
C:\Program Files\dotnet\sdk\10.0.201\Microsoft.Common.CurrentVersion.targets(2451,5): warning MSB3277:             C:\Users\ultra\warewolf\Dev\Dev2.Infrastructure\bin\Debug\net8.0\Dev2.Infrastructure.dll [C:\Users\ultra\warewolf\Dev\Dev2.Server\Dev2.Server.csproj]
C:\Program Files\dotnet\sdk\10.0.201\Microsoft.Common.CurrentVersion.targets(2451,5): warning MSB3277:             C:\Users\ultra\warewolf\Dev\Dev2.Util\bin\Debug\net8.0\Dev2.Util.dll [C:\Users\ultra\warewolf\Dev\Dev2.Server\Dev2.Server.csproj]
C:\Program Files\dotnet\sdk\10.0.201\Microsoft.Common.CurrentVersion.targets(2451,5): warning MSB3277:             C:\Users\ultra\warewolf\Dev\Warewolf.PerfMon\bin\Debug\net8.0\Warewolf.PerfMon.dll [C:\Users\ultra\warewolf\Dev\Dev2.Server\Dev2.Server.csproj]
C:\Program Files\dotnet\sdk\10.0.201\Microsoft.Common.CurrentVersion.targets(2451,5): warning MSB3277:             C:\Users\ultra\warewolf\Dev\Warewolf.Sharepoint\bin\Debug\net8.0\Warewolf.Sharepoint.dll [C:\Users\ultra\warewolf\Dev\Dev2.Server\Dev2.Server.csproj]
C:\Program Files\dotnet\sdk\10.0.201\Microsoft.Common.CurrentVersion.targets(2451,5): warning MSB3277:             C:\Users\ultra\warewolf\Dev\Warewolf.Storage\bin\Debug\net8.0\Warewolf.Storage.dll [C:\Users\ultra\warewolf\Dev\Dev2.Server\Dev2.Server.csproj]
C:\Program Files\dotnet\sdk\10.0.201\Microsoft.Common.CurrentVersion.targets(2451,5): warning MSB3277:             C:\Users\ultra\warewolf\Dev\Dev2.Data.Interfaces\bin\Debug\net8.0\Dev2.Data.Interfaces.dll [C:\Users\ultra\warewolf\Dev\Dev2.Server\Dev2.Server.csproj]
C:\Program Files\dotnet\sdk\10.0.201\Microsoft.Common.CurrentVersion.targets(2451,5): warning MSB3277:             C:\Users\ultra\warewolf\Dev\Dev2.Services.Sql\bin\Debug\net8.0\Dev2.Services.Sql.dll [C:\Users\ultra\warewolf\Dev\Dev2.Server\Dev2.Server.csproj]
C:\Program Files\dotnet\sdk\10.0.201\Microsoft.Common.CurrentVersion.targets(2451,5): warning MSB3277:             C:\Users\ultra\warewolf\Dev\Dev2.TaskScheduler.Wrappers\bin\Debug\net8.0\Dev2.TaskScheduler.Wrappers.dll [C:\Users\ultra\warewolf\Dev\Dev2.Server\Dev2.Server.csproj]
C:\Program Files\dotnet\sdk\10.0.201\Microsoft.Common.CurrentVersion.targets(2451,5): warning MSB3277:             C:\Users\ultra\warewolf\Dev\Warewolf.AI.Harness\bin\Debug\net8.0\Warewolf.AI.Harness.dll [C:\Users\ultra\warewolf\Dev\Dev2.Server\Dev2.Server.csproj]
C:\Program Files\dotnet\sdk\10.0.201\Microsoft.Common.CurrentVersion.targets(2451,5): warning MSB3277:             C:\Users\ultra\warewolf\Dev\Warewolf.Driver.Serilog\bin\Debug\net8.0\Warewolf.Driver.Serilog.dll [C:\Users\ultra\warewolf\Dev\Dev2.Server\Dev2.Server.csproj]
C:\Program Files\dotnet\sdk\10.0.201\Microsoft.Common.CurrentVersion.targets(2451,5): warning MSB3277:             C:\Users\ultra\.nuget\packages\mindbox.data.linq\5.0.0\lib\netstandard2.0\Mindbox.Data.Linq.dll [C:\Users\ultra\warewolf\Dev\Dev2.Server\Dev2.Server.csproj]
C:\Program Files\dotnet\sdk\10.0.201\Microsoft.Common.CurrentVersion.targets(2451,5): warning MSB3277:             C:\Users\ultra\.nuget\packages\mysql.data\8.4.0\lib\net8.0\MySql.Data.dll [C:\Users\ultra\warewolf\Dev\Dev2.Server\Dev2.Server.csproj]
C:\Program Files\dotnet\sdk\10.0.201\Microsoft.Common.CurrentVersion.targets(2451,5): warning MSB3277:             C:\Users\ultra\.nuget\packages\oracle.manageddataaccess.core\3.21.70\lib\netstandard2.1\Oracle.ManagedDataAccess.dll [C:\Users\ultra\warewolf\Dev\Dev2.Server\Dev2.Server.csproj]
C:\Program Files\dotnet\sdk\10.0.201\Microsoft.Common.CurrentVersion.targets(2451,5): warning MSB3277:             C:\Users\ultra\.nuget\packages\system.directoryservices\6.0.0\lib\net6.0\System.DirectoryServices.dll [C:\Users\ultra\warewolf\Dev\Dev2.Server\Dev2.Server.csproj]
C:\Program Files\dotnet\sdk\10.0.201\Microsoft.Common.CurrentVersion.targets(2451,5): warning MSB3277:             C:\Users\ultra\.nuget\packages\corewcf.primitives\1.2.1\lib\netstandard2.0\CoreWCF.Primitives.dll [C:\Users\ultra\warewolf\Dev\Dev2.Server\Dev2.Server.csproj]
C:\Program Files\dotnet\sdk\10.0.201\Microsoft.Common.CurrentVersion.targets(2451,5): warning MSB3277:             C:\Users\ultra\.nuget\packages\corewcf.http\1.2.1\lib\netstandard2.0\CoreWCF.Http.dll [C:\Users\ultra\warewolf\Dev\Dev2.Server\Dev2.Server.csproj]
C:\Program Files\dotnet\sdk\10.0.201\Microsoft.Common.CurrentVersion.targets(2451,5): warning MSB3277:             C:\Users\ultra\.nuget\packages\corewcf.nettcp\1.2.1\lib\netstandard2.0\CoreWCF.NetTcp.dll [C:\Users\ultra\warewolf\Dev\Dev2.Server\Dev2.Server.csproj]
C:\Program Files\dotnet\sdk\10.0.201\Microsoft.Common.CurrentVersion.targets(2451,5): warning MSB3277:             C:\Users\ultra\.nuget\packages\corewcf.webhttp\1.2.1\lib\netstandard2.0\CoreWCF.WebHttp.dll [C:\Users\ultra\warewolf\Dev\Dev2.Server\Dev2.Server.csproj]
C:\Program Files\dotnet\sdk\10.0.201\Microsoft.Common.CurrentVersion.targets(2451,5): warning MSB3277:             C:\Program Files\dotnet\packs\Microsoft.NETCore.App.Ref\8.0.25\ref/net8.0/System.Configuration.dll [C:\Users\ultra\warewolf\Dev\Dev2.Server\Dev2.Server.csproj]
C:\Program Files\dotnet\sdk\10.0.201\Microsoft.Common.CurrentVersion.targets(2451,5): warning MSB3277:             C:\Users\ultra\.nuget\packages\prism.wpf\9.0.537\lib\net462\Prism.Wpf.dll [C:\Users\ultra\warewolf\Dev\Dev2.Server\Dev2.Server.csproj]
C:\Program Files\dotnet\sdk\10.0.201\Microsoft.Common.CurrentVersion.targets(2451,5): warning MSB3277:             C:\Program Files\dotnet\packs\Microsoft.NETCore.App.Ref\8.0.25\ref/net8.0/System.Data.dll [C:\Users\ultra\warewolf\Dev\Dev2.Server\Dev2.Server.csproj]
C:\Program Files\dotnet\sdk\10.0.201\Microsoft.Common.CurrentVersion.targets(2451,5): warning MSB3277:             C:\Users\ultra\.nuget\packages\taskschedulereditor\2.10.1\lib\net452\Microsoft.Win32.TaskSchedulerEditor.dll [C:\Users\ultra\warewolf\Dev\Dev2.Server\Dev2.Server.csproj]
C:\Program Files\dotnet\sdk\10.0.201\Microsoft.Common.CurrentVersion.targets(2451,5): warning MSB3277:             C:\Program Files\dotnet\packs\Microsoft.NETCore.App.Ref\8.0.25\ref/net8.0/System.Drawing.dll [C:\Users\ultra\warewolf\Dev\Dev2.Server\Dev2.Server.csproj]
C:\Program Files\dotnet\sdk\10.0.201\Microsoft.Common.CurrentVersion.targets(2451,5): warning MSB3277:             C:\Users\ultra\.nuget\packages\aerowizard\2.3.1\lib\net45\AeroWizard.dll [C:\Users\ultra\warewolf\Dev\Dev2.Server\Dev2.Server.csproj]
C:\Program Files\dotnet\sdk\10.0.201\Microsoft.Common.CurrentVersion.targets(2451,5): warning MSB3277:             C:\Users\ultra\.nuget\packages\groupcontrols\1.9.0\lib\net45\GroupControls.dll [C:\Users\ultra\warewolf\Dev\Dev2.Server\Dev2.Server.csproj]
C:\Program Files\dotnet\sdk\10.0.201\Microsoft.Common.CurrentVersion.targets(2451,5): warning MSB3277:             C:\Program Files\dotnet\packs\Microsoft.NETCore.App.Ref\8.0.25\ref/net8.0/System.Net.dll [C:\Users\ultra\warewolf\Dev\Dev2.Server\Dev2.Server.csproj]
C:\Program Files\dotnet\sdk\10.0.201\Microsoft.Common.CurrentVersion.targets(2451,5): warning MSB3277:             C:\Program Files\dotnet\packs\Microsoft.NETCore.App.Ref\8.0.25\ref/net8.0/System.Security.dll [C:\Users\ultra\warewolf\Dev\Dev2.Server\Dev2.Server.csproj]
C:\Program Files\dotnet\sdk\10.0.201\Microsoft.Common.CurrentVersion.targets(2451,5): warning MSB3277:             C:\Program Files\dotnet\packs\Microsoft.NETCore.App.Ref\8.0.25\ref/net8.0/System.ServiceProcess.dll [C:\Users\ultra\warewolf\Dev\Dev2.Server\Dev2.Server.csproj]
C:\Program Files\dotnet\sdk\10.0.201\Microsoft.Common.CurrentVersion.targets(2451,5): warning MSB3277:             C:\Program Files\dotnet\packs\Microsoft.NETCore.App.Ref\8.0.25\ref/net8.0/System.Transactions.dll [C:\Users\ultra\warewolf\Dev\Dev2.Server\Dev2.Server.csproj]
C:\Program Files\dotnet\sdk\10.0.201\Microsoft.Common.CurrentVersion.targets(2451,5): warning MSB3277:             C:\Program Files\dotnet\packs\Microsoft.NETCore.App.Ref\8.0.25\ref/net8.0/System.dll [C:\Users\ultra\warewolf\Dev\Dev2.Server\Dev2.Server.csproj]
C:\Program Files\dotnet\sdk\10.0.201\Microsoft.Common.CurrentVersion.targets(2451,5): warning MSB3277:             C:\Users\ultra\.nuget\packages\microsoft.xaml.behaviors.wpf\1.1.122\lib\net462\Microsoft.Xaml.Behaviors.dll [C:\Users\ultra\warewolf\Dev\Dev2.Server\Dev2.Server.csproj]
C:\Program Files\dotnet\sdk\10.0.201\Microsoft.Common.CurrentVersion.targets(2451,5): warning MSB3277:             C:\Users\ultra\.nuget\packages\caliburn.micro\4.0.212\lib\netcoreapp3.1\Caliburn.Micro.Platform.dll [C:\Users\ultra\warewolf\Dev\Dev2.Server\Dev2.Server.csproj]
C:\Program Files\dotnet\sdk\10.0.201\Microsoft.Common.CurrentVersion.targets(2451,5): warning MSB3277:             C:\Users\ultra\.nuget\packages\reactiveui.wpf\18.4.1\lib\net462\ReactiveUI.Wpf.dll [C:\Users\ultra\warewolf\Dev\Dev2.Server\Dev2.Server.csproj]
C:\Program Files\dotnet\sdk\10.0.201\Microsoft.Common.CurrentVersion.targets(2451,5): warning MSB3277:             C:\Users\ultra\.nuget\packages\ttcue.netcore.sharepointonline.csom.16.1.8029.1200\16.1.8029.1200\lib\netcoreapp2.0\Microsoft.SharePoint.Client.Runtime.Windows.dll [C:\Users\ultra\warewolf\Dev\Dev2.Server\Dev2.Server.csproj]
C:\Program Files\dotnet\sdk\10.0.201\Microsoft.Common.CurrentVersion.targets(2451,5): warning MSB3277:             C:\Program Files\dotnet\packs\Microsoft.NETCore.App.Ref\8.0.25\ref/net8.0/WindowsBase.dll [C:\Users\ultra\warewolf\Dev\Dev2.Server\Dev2.Server.csproj]
C:\Program Files\dotnet\sdk\10.0.201\Microsoft.Common.CurrentVersion.targets(2451,5): warning MSB3277:             C:\Program Files\dotnet\packs\Microsoft.NETCore.App.Ref\8.0.25\ref/net8.0/mscorlib.dll [C:\Users\ultra\warewolf\Dev\Dev2.Server\Dev2.Server.csproj]
C:\Program Files\dotnet\sdk\10.0.201\Microsoft.Common.CurrentVersion.targets(2451,5): warning MSB3277:             Warewolf.Usage, Version=1.0.0.0, Culture=neutral, PublicKeyToken=null [C:\Users\ultra\warewolf\Dev\Dev2.Server\Dev2.Server.csproj]
C:\Program Files\dotnet\sdk\10.0.201\Microsoft.Common.CurrentVersion.targets(2451,5): warning MSB3277:             C:\Users\ultra\.nuget\packages\hangfire.core\1.7.32\lib\netstandard2.0\Hangfire.Core.dll [C:\Users\ultra\warewolf\Dev\Dev2.Server\Dev2.Server.csproj]
C:\Program Files\dotnet\sdk\10.0.201\Microsoft.Common.CurrentVersion.targets(2451,5): warning MSB3277:             C:\Users\ultra\.nuget\packages\hangfire.aspnetcore\1.7.32\lib\netcoreapp3.0\Hangfire.AspNetCore.dll [C:\Users\ultra\warewolf\Dev\Dev2.Server\Dev2.Server.csproj]
C:\Program Files\dotnet\sdk\10.0.201\Microsoft.Common.CurrentVersion.targets(2451,5): warning MSB3277:             C:\Users\ultra\.nuget\packages\hangfire.sqlserver\1.7.32\lib\netstandard2.0\Hangfire.SqlServer.dll [C:\Users\ultra\warewolf\Dev\Dev2.Server\Dev2.Server.csproj]
C:\Program Files\dotnet\sdk\10.0.201\Microsoft.Common.CurrentVersion.targets(2451,5): warning MSB3277:         C:\Program Files\dotnet\packs\Microsoft.NETCore.App.Ref\8.0.25\ref\net8.0\System.Drawing.dll [C:\Users\ultra\warewolf\Dev\Dev2.Server\Dev2.Server.csproj]
C:\Program Files\dotnet\sdk\10.0.201\Microsoft.Common.CurrentVersion.targets(2451,5): warning MSB3277:           Project file item includes which caused reference "C:\Program Files\dotnet\packs\Microsoft.NETCore.App.Ref\8.0.25\ref\net8.0\System.Drawing.dll". [C:\Users\ultra\warewolf\Dev\Dev2.Server\Dev2.Server.csproj]
C:\Program Files\dotnet\sdk\10.0.201\Microsoft.Common.CurrentVersion.targets(2451,5): warning MSB3277:             C:\Program Files\dotnet\packs\Microsoft.NETCore.App.Ref\8.0.25\ref/net8.0/System.Drawing.dll [C:\Users\ultra\warewolf\Dev\Dev2.Server\Dev2.Server.csproj]
C:\Program Files\dotnet\sdk\10.0.201\Microsoft.Common.CurrentVersion.targets(2451,5): warning MSB3277:             C:\Users\ultra\.nuget\packages\aerowizard\2.3.1\lib\net45\AeroWizard.dll [C:\Users\ultra\warewolf\Dev\Dev2.Server\Dev2.Server.csproj]
C:\Program Files\dotnet\sdk\10.0.201\Microsoft.Common.CurrentVersion.targets(2451,5): warning MSB3277:             C:\Users\ultra\.nuget\packages\groupcontrols\1.9.0\lib\net45\GroupControls.dll [C:\Users\ultra\warewolf\Dev\Dev2.Server\Dev2.Server.csproj]
C:\Program Files\dotnet\sdk\10.0.201\Microsoft.Common.CurrentVersion.targets(2451,5): warning MSB3277:             C:\Users\ultra\.nuget\packages\taskschedulereditor\2.10.1\lib\net452\Microsoft.Win32.TaskSchedulerEditor.dll [C:\Users\ultra\warewolf\Dev\Dev2.Server\Dev2.Server.csproj]
C:\Program Files\dotnet\sdk\10.0.201\Microsoft.Common.CurrentVersion.targets(2451,5): warning MSB3277: Found conflicts between different versions of "Microsoft.Win32.SystemEvents" that could not be resolved. [C:\Users\ultra\warewolf\Dev\Dev2.Activities.Designers\Dev2.Activities.Designers.csproj]
C:\Program Files\dotnet\sdk\10.0.201\Microsoft.Common.CurrentVersion.targets(2451,5): warning MSB3277: There was a conflict between "Microsoft.Win32.SystemEvents, Version=6.0.0.0, Culture=neutral, PublicKeyToken=cc7b13ffcd2ddd51" and "Microsoft.Win32.SystemEvents, Version=7.0.0.0, Culture=neutral, PublicKeyToken=cc7b13ffcd2ddd51". [C:\Users\ultra\warewolf\Dev\Dev2.Activities.Designers\Dev2.Activities.Designers.csproj]
C:\Program Files\dotnet\sdk\10.0.201\Microsoft.Common.CurrentVersion.targets(2451,5): warning MSB3277:     "Microsoft.Win32.SystemEvents, Version=6.0.0.0, Culture=neutral, PublicKeyToken=cc7b13ffcd2ddd51" was chosen because it was primary and "Microsoft.Win32.SystemEvents, Version=7.0.0.0, Culture=neutral, PublicKeyToken=cc7b13ffcd2ddd51" was not. [C:\Users\ultra\warewolf\Dev\Dev2.Activities.Designers\Dev2.Activities.Designers.csproj]
C:\Program Files\dotnet\sdk\10.0.201\Microsoft.Common.CurrentVersion.targets(2451,5): warning MSB3277:     References which depend on "Microsoft.Win32.SystemEvents, Version=6.0.0.0, Culture=neutral, PublicKeyToken=cc7b13ffcd2ddd51" [C:\Users\ultra\.nuget\packages\microsoft.win32.systemevents\6.0.0\lib\net6.0\Microsoft.Win32.SystemEvents.dll]. [C:\Users\ultra\warewolf\Dev\Dev2.Activities.Designers\Dev2.Activities.Designers.csproj]
C:\Program Files\dotnet\sdk\10.0.201\Microsoft.Common.CurrentVersion.targets(2451,5): warning MSB3277:         C:\Users\ultra\.nuget\packages\microsoft.win32.systemevents\6.0.0\lib\net6.0\Microsoft.Win32.SystemEvents.dll [C:\Users\ultra\warewolf\Dev\Dev2.Activities.Designers\Dev2.Activities.Designers.csproj]
C:\Program Files\dotnet\sdk\10.0.201\Microsoft.Common.CurrentVersion.targets(2451,5): warning MSB3277:           Project file item includes which caused reference "C:\Users\ultra\.nuget\packages\microsoft.win32.systemevents\6.0.0\lib\net6.0\Microsoft.Win32.SystemEvents.dll". [C:\Users\ultra\warewolf\Dev\Dev2.Activities.Designers\Dev2.Activities.Designers.csproj]
C:\Program Files\dotnet\sdk\10.0.201\Microsoft.Common.CurrentVersion.targets(2451,5): warning MSB3277:             C:\Users\ultra\.nuget\packages\microsoft.win32.systemevents\6.0.0\lib\net6.0\Microsoft.Win32.SystemEvents.dll [C:\Users\ultra\warewolf\Dev\Dev2.Activities.Designers\Dev2.Activities.Designers.csproj]
C:\Program Files\dotnet\sdk\10.0.201\Microsoft.Common.CurrentVersion.targets(2451,5): warning MSB3277:     References which depend on or have been unified to "Microsoft.Win32.SystemEvents, Version=7.0.0.0, Culture=neutral, PublicKeyToken=cc7b13ffcd2ddd51" []. [C:\Users\ultra\warewolf\Dev\Dev2.Activities.Designers\Dev2.Activities.Designers.csproj]
C:\Program Files\dotnet\sdk\10.0.201\Microsoft.Common.CurrentVersion.targets(2451,5): warning MSB3277:         C:\Users\ultra\warewolf\Dev\Dev2.Common\bin\Debug\net8.0\Dev2.Common.dll [C:\Users\ultra\warewolf\Dev\Dev2.Activities.Designers\Dev2.Activities.Designers.csproj]
C:\Program Files\dotnet\sdk\10.0.201\Microsoft.Common.CurrentVersion.targets(2451,5): warning MSB3277:           Project file item includes which caused reference "C:\Users\ultra\warewolf\Dev\Dev2.Common\bin\Debug\net8.0\Dev2.Common.dll". [C:\Users\ultra\warewolf\Dev\Dev2.Activities.Designers\Dev2.Activities.Designers.csproj]
C:\Program Files\dotnet\sdk\10.0.201\Microsoft.Common.CurrentVersion.targets(2451,5): warning MSB3277:             C:\Users\ultra\warewolf\Dev\Dev2.Common\bin\Debug\net8.0\Dev2.Common.dll [C:\Users\ultra\warewolf\Dev\Dev2.Activities.Designers\Dev2.Activities.Designers.csproj]
C:\Program Files\dotnet\sdk\10.0.201\Microsoft.Common.CurrentVersion.targets(2451,5): warning MSB3277:             C:\Users\ultra\warewolf\Dev\Dev2.Activities\bin\Debug\net8.0\Dev2.Activities.dll [C:\Users\ultra\warewolf\Dev\Dev2.Activities.Designers\Dev2.Activities.Designers.csproj]
C:\Program Files\dotnet\sdk\10.0.201\Microsoft.Common.CurrentVersion.targets(2451,5): warning MSB3277:             C:\Users\ultra\warewolf\Dev\Dev2.Core\bin\Debug\net8.0\Dev2.Core.dll [C:\Users\ultra\warewolf\Dev\Dev2.Activities.Designers\Dev2.Activities.Designers.csproj]
C:\Program Files\dotnet\sdk\10.0.201\Microsoft.Common.CurrentVersion.targets(2451,5): warning MSB3277:             C:\Users\ultra\warewolf\Dev\Dev2.Data\bin\Debug\net8.0\Dev2.Data.dll [C:\Users\ultra\warewolf\Dev\Dev2.Activities.Designers\Dev2.Activities.Designers.csproj]
C:\Program Files\dotnet\sdk\10.0.201\Microsoft.Common.CurrentVersion.targets(2451,5): warning MSB3277:             C:\Users\ultra\warewolf\Dev\Dev2.Diagnostics\bin\Debug\net8.0\Dev2.Diagnostics.dll [C:\Users\ultra\warewolf\Dev\Dev2.Activities.Designers\Dev2.Activities.Designers.csproj]
C:\Program Files\dotnet\sdk\10.0.201\Microsoft.Common.CurrentVersion.targets(2451,5): warning MSB3277:             C:\Users\ultra\warewolf\Dev\Dev2.Infrastructure\bin\Debug\net8.0\Dev2.Infrastructure.dll [C:\Users\ultra\warewolf\Dev\Dev2.Activities.Designers\Dev2.Activities.Designers.csproj]
C:\Program Files\dotnet\sdk\10.0.201\Microsoft.Common.CurrentVersion.targets(2451,5): warning MSB3277:             C:\Users\ultra\warewolf\Dev\Dev2.Intellisense\bin\Debug\net8.0\Dev2.Intellisense.dll [C:\Users\ultra\warewolf\Dev\Dev2.Activities.Designers\Dev2.Activities.Designers.csproj]
C:\Program Files\dotnet\sdk\10.0.201\Microsoft.Common.CurrentVersion.targets(2451,5): warning MSB3277:             C:\Users\ultra\warewolf\Dev\Dev2.Runtime.Services\bin\Debug\net8.0\Dev2.Runtime.Services.dll [C:\Users\ultra\warewolf\Dev\Dev2.Activities.Designers\Dev2.Activities.Designers.csproj]
C:\Program Files\dotnet\sdk\10.0.201\Microsoft.Common.CurrentVersion.targets(2451,5): warning MSB3277:             C:\Users\ultra\warewolf\Dev\Dev2.Studio.Core\bin\Debug\net8.0\Dev2.Studio.Core.dll [C:\Users\ultra\warewolf\Dev\Dev2.Activities.Designers\Dev2.Activities.Designers.csproj]
C:\Program Files\dotnet\sdk\10.0.201\Microsoft.Common.CurrentVersion.targets(2451,5): warning MSB3277:             C:\Users\ultra\warewolf\Dev\Dev2.Studio.Interfaces\bin\Debug\net8.0\Dev2.Studio.Interfaces.dll [C:\Users\ultra\warewolf\Dev\Dev2.Activities.Designers\Dev2.Activities.Designers.csproj]
C:\Program Files\dotnet\sdk\10.0.201\Microsoft.Common.CurrentVersion.targets(2451,5): warning MSB3277:             C:\Users\ultra\warewolf\Dev\Dev2.Util\bin\Debug\net8.0\Dev2.Util.dll [C:\Users\ultra\warewolf\Dev\Dev2.Activities.Designers\Dev2.Activities.Designers.csproj]
C:\Program Files\dotnet\sdk\10.0.201\Microsoft.Common.CurrentVersion.targets(2451,5): warning MSB3277:             C:\Users\ultra\warewolf\Dev\Warewolf.Storage\bin\Debug\net8.0\Warewolf.Storage.dll [C:\Users\ultra\warewolf\Dev\Dev2.Activities.Designers\Dev2.Activities.Designers.csproj]
C:\Program Files\dotnet\sdk\10.0.201\Microsoft.Common.CurrentVersion.targets(2451,5): warning MSB3277:             C:\Users\ultra\warewolf\Dev\Warewolf.Core\bin\Debug\net8.0\Warewolf.Core.dll [C:\Users\ultra\warewolf\Dev\Dev2.Activities.Designers\Dev2.Activities.Designers.csproj]
C:\Program Files\dotnet\sdk\10.0.201\Microsoft.Common.CurrentVersion.targets(2451,5): warning MSB3277:             C:\Users\ultra\warewolf\Dev\Warewolf.Studio.Core\bin\Debug\net8.0\Warewolf.Studio.Core.dll [C:\Users\ultra\warewolf\Dev\Dev2.Activities.Designers\Dev2.Activities.Designers.csproj]
C:\Program Files\dotnet\sdk\10.0.201\Microsoft.Common.CurrentVersion.targets(2451,5): warning MSB3277:             C:\Users\ultra\warewolf\Dev\Warewolf.Studio.CustomControls\bin\Debug\net8.0\Warewolf.Studio.CustomControls.dll [C:\Users\ultra\warewolf\Dev\Dev2.Activities.Designers\Dev2.Activities.Designers.csproj]
C:\Program Files\dotnet\sdk\10.0.201\Microsoft.Common.CurrentVersion.targets(2451,5): warning MSB3277:             C:\Users\ultra\warewolf\Dev\Warewolf.Studio.Models\bin\Debug\net8.0\Warewolf.Studio.Models.dll [C:\Users\ultra\warewolf\Dev\Dev2.Activities.Designers\Dev2.Activities.Designers.csproj]
C:\Program Files\dotnet\sdk\10.0.201\Microsoft.Common.CurrentVersion.targets(2451,5): warning MSB3277:             C:\Users\ultra\warewolf\Dev\Warewolf.UI\bin\Debug\net8.0\Warewolf.UI.dll [C:\Users\ultra\warewolf\Dev\Dev2.Activities.Designers\Dev2.Activities.Designers.csproj]
C:\Program Files\dotnet\sdk\10.0.201\Microsoft.Common.CurrentVersion.targets(2451,5): warning MSB3277:             C:\Users\ultra\warewolf\Dev\Dev2.Development.Languages\bin\Debug\net8.0\Dev2.Development.Languages.dll [C:\Users\ultra\warewolf\Dev\Dev2.Activities.Designers\Dev2.Activities.Designers.csproj]
C:\Program Files\dotnet\sdk\10.0.201\Microsoft.Common.CurrentVersion.targets(2451,5): warning MSB3277:             C:\Users\ultra\warewolf\Dev\Dev2.Scheduler\bin\Debug\net8.0\Dev2.Scheduler.dll [C:\Users\ultra\warewolf\Dev\Dev2.Activities.Designers\Dev2.Activities.Designers.csproj]
C:\Program Files\dotnet\sdk\10.0.201\Microsoft.Common.CurrentVersion.targets(2451,5): warning MSB3277:             C:\Users\ultra\warewolf\Dev\Dev2.Services.Execution\bin\Debug\net8.0\Dev2.Services.Execution.dll [C:\Users\ultra\warewolf\Dev\Dev2.Activities.Designers\Dev2.Activities.Designers.csproj]
C:\Program Files\dotnet\sdk\10.0.201\Microsoft.Common.CurrentVersion.targets(2451,5): warning MSB3277:             C:\Users\ultra\warewolf\Dev\Dev2.Services.Sql\bin\Debug\net8.0\Dev2.Services.Sql.dll [C:\Users\ultra\warewolf\Dev\Dev2.Activities.Designers\Dev2.Activities.Designers.csproj]
C:\Program Files\dotnet\sdk\10.0.201\Microsoft.Common.CurrentVersion.targets(2451,5): warning MSB3277:             C:\Users\ultra\warewolf\Dev\Dev2.TaskScheduler.Wrappers\bin\Debug\net8.0\Dev2.TaskScheduler.Wrappers.dll [C:\Users\ultra\warewolf\Dev\Dev2.Activities.Designers\Dev2.Activities.Designers.csproj]
C:\Program Files\dotnet\sdk\10.0.201\Microsoft.Common.CurrentVersion.targets(2451,5): warning MSB3277:             C:\Users\ultra\warewolf\Dev\Warewolf.AI.Harness\bin\Debug\net8.0\Warewolf.AI.Harness.dll [C:\Users\ultra\warewolf\Dev\Dev2.Activities.Designers\Dev2.Activities.Designers.csproj]
C:\Program Files\dotnet\sdk\10.0.201\Microsoft.Common.CurrentVersion.targets(2451,5): warning MSB3277:             C:\Users\ultra\warewolf\Dev\Warewolf.Auditing\bin\Debug\net8.0\Warewolf.Auditing.dll [C:\Users\ultra\warewolf\Dev\Dev2.Activities.Designers\Dev2.Activities.Designers.csproj]
C:\Program Files\dotnet\sdk\10.0.201\Microsoft.Common.CurrentVersion.targets(2451,5): warning MSB3277:             C:\Users\ultra\warewolf\Dev\Warewolf.Common.NetStandard20\bin\Debug\net8.0\Warewolf.Common.NetStandard20.dll [C:\Users\ultra\warewolf\Dev\Dev2.Activities.Designers\Dev2.Activities.Designers.csproj]
C:\Program Files\dotnet\sdk\10.0.201\Microsoft.Common.CurrentVersion.targets(2451,5): warning MSB3277:             C:\Users\ultra\warewolf\Dev\Warewolf.Driver.Persistence\bin\Debug\net8.0\Warewolf.Driver.Persistence.dll [C:\Users\ultra\warewolf\Dev\Dev2.Activities.Designers\Dev2.Activities.Designers.csproj]
C:\Program Files\dotnet\sdk\10.0.201\Microsoft.Common.CurrentVersion.targets(2451,5): warning MSB3277:             C:\Users\ultra\warewolf\Dev\Warewolf.Driver.Serilog\bin\Debug\net8.0\Warewolf.Driver.Serilog.dll [C:\Users\ultra\warewolf\Dev\Dev2.Activities.Designers\Dev2.Activities.Designers.csproj]
C:\Program Files\dotnet\sdk\10.0.201\Microsoft.Common.CurrentVersion.targets(2451,5): warning MSB3277:             C:\Users\ultra\warewolf\Dev\Warewolf.Exchange.Email.Wrapper\bin\Debug\net8.0\Warewolf.Exchange.Email.Wrapper.dll [C:\Users\ultra\warewolf\Dev\Dev2.Activities.Designers\Dev2.Activities.Designers.csproj]
C:\Program Files\dotnet\sdk\10.0.201\Microsoft.Common.CurrentVersion.targets(2451,5): warning MSB3277:             C:\Users\ultra\warewolf\Dev\Warewolf.ResourceManagement\bin\Debug\net8.0\Warewolf.ResourceManagement.dll [C:\Users\ultra\warewolf\Dev\Dev2.Activities.Designers\Dev2.Activities.Designers.csproj]
C:\Program Files\dotnet\sdk\10.0.201\Microsoft.Common.CurrentVersion.targets(2451,5): warning MSB3277:             C:\Users\ultra\warewolf\Dev\Warewolf.Sharepoint\bin\Debug\net8.0\Warewolf.Sharepoint.dll [C:\Users\ultra\warewolf\Dev\Dev2.Activities.Designers\Dev2.Activities.Designers.csproj]
C:\Program Files\dotnet\sdk\10.0.201\Microsoft.Common.CurrentVersion.targets(2451,5): warning MSB3277:         C:\Users\ultra\warewolf\Dev\Binaries\Infragistcs_Net6\InfragisticsWPF4.Editors.v15.1.dll [C:\Users\ultra\warewolf\Dev\Dev2.Activities.Designers\Dev2.Activities.Designers.csproj]
C:\Program Files\dotnet\sdk\10.0.201\Microsoft.Common.CurrentVersion.targets(2451,5): warning MSB3277:           Project file item includes which caused reference "C:\Users\ultra\warewolf\Dev\Binaries\Infragistcs_Net6\InfragisticsWPF4.Editors.v15.1.dll". [C:\Users\ultra\warewolf\Dev\Dev2.Activities.Designers\Dev2.Activities.Designers.csproj]
C:\Program Files\dotnet\sdk\10.0.201\Microsoft.Common.CurrentVersion.targets(2451,5): warning MSB3277:             InfragisticsWPF4.Editors.v15.1, Version=15.1.20151.2055, Culture=neutral, processorArchitecture=MSIL [C:\Users\ultra\warewolf\Dev\Dev2.Activities.Designers\Dev2.Activities.Designers.csproj]
C:\Program Files\dotnet\sdk\10.0.201\Microsoft.Common.CurrentVersion.targets(2451,5): warning MSB3277:         C:\Users\ultra\warewolf\Dev\Binaries\Infragistcs_Net6\InfragisticsWPF4.v15.1.dll [C:\Users\ultra\warewolf\Dev\Dev2.Activities.Designers\Dev2.Activities.Designers.csproj]
C:\Program Files\dotnet\sdk\10.0.201\Microsoft.Common.CurrentVersion.targets(2451,5): warning MSB3277:           Project file item includes which caused reference "C:\Users\ultra\warewolf\Dev\Binaries\Infragistcs_Net6\InfragisticsWPF4.v15.1.dll". [C:\Users\ultra\warewolf\Dev\Dev2.Activities.Designers\Dev2.Activities.Designers.csproj]
C:\Program Files\dotnet\sdk\10.0.201\Microsoft.Common.CurrentVersion.targets(2451,5): warning MSB3277:             InfragisticsWPF4.v15.1, Version=15.1.20151.2055, Culture=neutral, PublicKeyToken=7dd5c3163f2cd0cb, processorArchitecture=MSIL [C:\Users\ultra\warewolf\Dev\Dev2.Activities.Designers\Dev2.Activities.Designers.csproj]
C:\Program Files\dotnet\sdk\10.0.201\Microsoft.Common.CurrentVersion.targets(2451,5): warning MSB3277:             InfragisticsWPF4.Controls.Editors.XamComboEditor.v15.1, Version=15.1.20151.2055, Culture=neutral, processorArchitecture=MSIL [C:\Users\ultra\warewolf\Dev\Dev2.Activities.Designers\Dev2.Activities.Designers.csproj]
C:\Program Files\dotnet\sdk\10.0.201\Microsoft.Common.CurrentVersion.targets(2451,5): warning MSB3277:             InfragisticsWPF4.Controls.Grids.XamGrid.v15.1 [C:\Users\ultra\warewolf\Dev\Dev2.Activities.Designers\Dev2.Activities.Designers.csproj]
C:\Program Files\dotnet\sdk\10.0.201\Microsoft.Common.CurrentVersion.targets(2451,5): warning MSB3277:             InfragisticsWPF4.Controls.Interactions.XamDialogWindow.v15.1, Version=15.1.20151.2055, Culture=neutral, PublicKeyToken=7dd5c3163f2cd0cb, processorArchitecture=MSIL [C:\Users\ultra\warewolf\Dev\Dev2.Activities.Designers\Dev2.Activities.Designers.csproj]
C:\Program Files\dotnet\sdk\10.0.201\Microsoft.Common.CurrentVersion.targets(2451,5): warning MSB3277:             InfragisticsWPF4.Controls.Menus.XamDataTree.v15.1 [C:\Users\ultra\warewolf\Dev\Dev2.Activities.Designers\Dev2.Activities.Designers.csproj]
C:\Program Files\dotnet\sdk\10.0.201\Microsoft.Common.CurrentVersion.targets(2451,5): warning MSB3277:             InfragisticsWPF4.Controls.Menus.XamMenu.v15.1, Version=15.1.20151.2055, Culture=neutral, processorArchitecture=MSIL [C:\Users\ultra\warewolf\Dev\Dev2.Activities.Designers\Dev2.Activities.Designers.csproj]
C:\Program Files\dotnet\sdk\10.0.201\Microsoft.Common.CurrentVersion.targets(2451,5): warning MSB3277:             InfragisticsWPF4.DataManager.v15.1, Version=15.1.20151.2188, Culture=neutral, PublicKeyToken=7dd5c3163f2cd0cb, processorArchitecture=MSIL [C:\Users\ultra\warewolf\Dev\Dev2.Activities.Designers\Dev2.Activities.Designers.csproj]
C:\Program Files\dotnet\sdk\10.0.201\Microsoft.Common.CurrentVersion.targets(2451,5): warning MSB3277:             InfragisticsWPF4.Editors.v15.1, Version=15.1.20151.2055, Culture=neutral, processorArchitecture=MSIL [C:\Users\ultra\warewolf\Dev\Dev2.Activities.Designers\Dev2.Activities.Designers.csproj]
C:\Program Files\dotnet\sdk\10.0.201\Microsoft.Common.CurrentVersion.targets(2451,5): warning MSB3277:         C:\Users\ultra\.nuget\packages\timespan2\2.4.2\lib\netcoreapp3.1\TimeSpan2.dll [C:\Users\ultra\warewolf\Dev\Dev2.Activities.Designers\Dev2.Activities.Designers.csproj]
C:\Program Files\dotnet\sdk\10.0.201\Microsoft.Common.CurrentVersion.targets(2451,5): warning MSB3277:           Project file item includes which caused reference "C:\Users\ultra\.nuget\packages\timespan2\2.4.2\lib\netcoreapp3.1\TimeSpan2.dll". [C:\Users\ultra\warewolf\Dev\Dev2.Activities.Designers\Dev2.Activities.Designers.csproj]
C:\Program Files\dotnet\sdk\10.0.201\Microsoft.Common.CurrentVersion.targets(2451,5): warning MSB3277:             C:\Users\ultra\.nuget\packages\timespan2\2.4.2\lib\netcoreapp3.1\TimeSpan2.dll [C:\Users\ultra\warewolf\Dev\Dev2.Activities.Designers\Dev2.Activities.Designers.csproj]
C:\Program Files\dotnet\sdk\10.0.201\Microsoft.Common.CurrentVersion.targets(2451,5): warning MSB3277:             C:\Users\ultra\.nuget\packages\taskschedulereditor\2.10.1\lib\net452\Microsoft.Win32.TaskSchedulerEditor.dll [C:\Users\ultra\warewolf\Dev\Dev2.Activities.Designers\Dev2.Activities.Designers.csproj]
C:\Program Files\dotnet\sdk\10.0.201\Microsoft.Common.CurrentVersion.targets(2451,5): warning MSB3277:         C:\Program Files\dotnet\packs\Microsoft.NETCore.App.Ref\8.0.25\ref\net8.0\System.dll [C:\Users\ultra\warewolf\Dev\Dev2.Activities.Designers\Dev2.Activities.Designers.csproj]
C:\Program Files\dotnet\sdk\10.0.201\Microsoft.Common.CurrentVersion.targets(2451,5): warning MSB3277:           Project file item includes which caused reference "C:\Program Files\dotnet\packs\Microsoft.NETCore.App.Ref\8.0.25\ref\net8.0\System.dll". [C:\Users\ultra\warewolf\Dev\Dev2.Activities.Designers\Dev2.Activities.Designers.csproj]
C:\Program Files\dotnet\sdk\10.0.201\Microsoft.Common.CurrentVersion.targets(2451,5): warning MSB3277:             C:\Program Files\dotnet\packs\Microsoft.NETCore.App.Ref\8.0.25\ref/net8.0/System.dll [C:\Users\ultra\warewolf\Dev\Dev2.Activities.Designers\Dev2.Activities.Designers.csproj]
C:\Program Files\dotnet\sdk\10.0.201\Microsoft.Common.CurrentVersion.targets(2451,5): warning MSB3277:             C:\Users\ultra\.nuget\packages\aerowizard\2.3.1\lib\net45\AeroWizard.dll [C:\Users\ultra\warewolf\Dev\Dev2.Activities.Designers\Dev2.Activities.Designers.csproj]
C:\Program Files\dotnet\sdk\10.0.201\Microsoft.Common.CurrentVersion.targets(2451,5): warning MSB3277:             C:\Users\ultra\.nuget\packages\groupcontrols\1.9.0\lib\net45\GroupControls.dll [C:\Users\ultra\warewolf\Dev\Dev2.Activities.Designers\Dev2.Activities.Designers.csproj]
C:\Program Files\dotnet\sdk\10.0.201\Microsoft.Common.CurrentVersion.targets(2451,5): warning MSB3277:             C:\Users\ultra\.nuget\packages\microsoft.xaml.behaviors.wpf\1.1.122\lib\net462\Microsoft.Xaml.Behaviors.dll [C:\Users\ultra\warewolf\Dev\Dev2.Activities.Designers\Dev2.Activities.Designers.csproj]
C:\Program Files\dotnet\sdk\10.0.201\Microsoft.Common.CurrentVersion.targets(2451,5): warning MSB3277:             C:\Users\ultra\.nuget\packages\caliburn.micro\4.0.212\lib\netcoreapp3.1\Caliburn.Micro.Platform.dll [C:\Users\ultra\warewolf\Dev\Dev2.Activities.Designers\Dev2.Activities.Designers.csproj]
C:\Program Files\dotnet\sdk\10.0.201\Microsoft.Common.CurrentVersion.targets(2451,5): warning MSB3277:             C:\Users\ultra\.nuget\packages\prism.wpf\9.0.537\lib\net462\Prism.Wpf.dll [C:\Users\ultra\warewolf\Dev\Dev2.Activities.Designers\Dev2.Activities.Designers.csproj]
C:\Program Files\dotnet\sdk\10.0.201\Microsoft.Common.CurrentVersion.targets(2451,5): warning MSB3277:             C:\Users\ultra\.nuget\packages\reactiveui.wpf\18.4.1\lib\net462\ReactiveUI.Wpf.dll [C:\Users\ultra\warewolf\Dev\Dev2.Activities.Designers\Dev2.Activities.Designers.csproj]
C:\Program Files\dotnet\sdk\10.0.201\Microsoft.Common.CurrentVersion.targets(2451,5): warning MSB3277:             C:\Users\ultra\.nuget\packages\taskschedulereditor\2.10.1\lib\net452\Microsoft.Win32.TaskSchedulerEditor.dll [C:\Users\ultra\warewolf\Dev\Dev2.Activities.Designers\Dev2.Activities.Designers.csproj]
C:\Program Files\dotnet\sdk\10.0.201\Microsoft.Common.CurrentVersion.targets(2451,5): warning MSB3277:             C:\Users\ultra\.nuget\packages\ttcue.netcore.sharepointonline.csom.16.1.8029.1200\16.1.8029.1200\lib\netcoreapp2.0\Microsoft.SharePoint.Client.Runtime.Windows.dll [C:\Users\ultra\warewolf\Dev\Dev2.Activities.Designers\Dev2.Activities.Designers.csproj]
C:\Program Files\dotnet\sdk\10.0.201\Microsoft.Common.CurrentVersion.targets(2451,5): warning MSB3277: Found conflicts between different versions of "System.Security.Permissions" that could not be resolved. [C:\Users\ultra\warewolf\Dev\Dev2.Activities.Designers\Dev2.Activities.Designers.csproj]
C:\Program Files\dotnet\sdk\10.0.201\Microsoft.Common.CurrentVersion.targets(2451,5): warning MSB3277: There was a conflict between "System.Security.Permissions, Version=6.0.0.0, Culture=neutral, PublicKeyToken=cc7b13ffcd2ddd51" and "System.Security.Permissions, Version=7.0.0.0, Culture=neutral, PublicKeyToken=cc7b13ffcd2ddd51". [C:\Users\ultra\warewolf\Dev\Dev2.Activities.Designers\Dev2.Activities.Designers.csproj]
C:\Program Files\dotnet\sdk\10.0.201\Microsoft.Common.CurrentVersion.targets(2451,5): warning MSB3277:     "System.Security.Permissions, Version=6.0.0.0, Culture=neutral, PublicKeyToken=cc7b13ffcd2ddd51" was chosen because it was primary and "System.Security.Permissions, Version=7.0.0.0, Culture=neutral, PublicKeyToken=cc7b13ffcd2ddd51" was not. [C:\Users\ultra\warewolf\Dev\Dev2.Activities.Designers\Dev2.Activities.Designers.csproj]
C:\Program Files\dotnet\sdk\10.0.201\Microsoft.Common.CurrentVersion.targets(2451,5): warning MSB3277:     References which depend on "System.Security.Permissions, Version=6.0.0.0, Culture=neutral, PublicKeyToken=cc7b13ffcd2ddd51" [C:\Users\ultra\.nuget\packages\system.security.permissions\6.0.0\lib\net6.0\System.Security.Permissions.dll]. [C:\Users\ultra\warewolf\Dev\Dev2.Activities.Designers\Dev2.Activities.Designers.csproj]
C:\Program Files\dotnet\sdk\10.0.201\Microsoft.Common.CurrentVersion.targets(2451,5): warning MSB3277:         C:\Users\ultra\.nuget\packages\system.security.permissions\6.0.0\lib\net6.0\System.Security.Permissions.dll [C:\Users\ultra\warewolf\Dev\Dev2.Activities.Designers\Dev2.Activities.Designers.csproj]
C:\Program Files\dotnet\sdk\10.0.201\Microsoft.Common.CurrentVersion.targets(2451,5): warning MSB3277:           Project file item includes which caused reference "C:\Users\ultra\.nuget\packages\system.security.permissions\6.0.0\lib\net6.0\System.Security.Permissions.dll". [C:\Users\ultra\warewolf\Dev\Dev2.Activities.Designers\Dev2.Activities.Designers.csproj]
C:\Program Files\dotnet\sdk\10.0.201\Microsoft.Common.CurrentVersion.targets(2451,5): warning MSB3277:             C:\Users\ultra\.nuget\packages\system.security.permissions\6.0.0\lib\net6.0\System.Security.Permissions.dll [C:\Users\ultra\warewolf\Dev\Dev2.Activities.Designers\Dev2.Activities.Designers.csproj]
C:\Program Files\dotnet\sdk\10.0.201\Microsoft.Common.CurrentVersion.targets(2451,5): warning MSB3277:     References which depend on or have been unified to "System.Security.Permissions, Version=7.0.0.0, Culture=neutral, PublicKeyToken=cc7b13ffcd2ddd51" []. [C:\Users\ultra\warewolf\Dev\Dev2.Activities.Designers\Dev2.Activities.Designers.csproj]
C:\Program Files\dotnet\sdk\10.0.201\Microsoft.Common.CurrentVersion.targets(2451,5): warning MSB3277:         C:\Users\ultra\warewolf\Dev\Dev2.Data\bin\Debug\net8.0\Dev2.Data.dll [C:\Users\ultra\warewolf\Dev\Dev2.Activities.Designers\Dev2.Activities.Designers.csproj]
C:\Program Files\dotnet\sdk\10.0.201\Microsoft.Common.CurrentVersion.targets(2451,5): warning MSB3277:           Project file item includes which caused reference "C:\Users\ultra\warewolf\Dev\Dev2.Data\bin\Debug\net8.0\Dev2.Data.dll". [C:\Users\ultra\warewolf\Dev\Dev2.Activities.Designers\Dev2.Activities.Designers.csproj]
C:\Program Files\dotnet\sdk\10.0.201\Microsoft.Common.CurrentVersion.targets(2451,5): warning MSB3277:             C:\Users\ultra\warewolf\Dev\Dev2.Data\bin\Debug\net8.0\Dev2.Data.dll [C:\Users\ultra\warewolf\Dev\Dev2.Activities.Designers\Dev2.Activities.Designers.csproj]
C:\Program Files\dotnet\sdk\10.0.201\Microsoft.Common.CurrentVersion.targets(2451,5): warning MSB3277:             C:\Users\ultra\warewolf\Dev\Dev2.Activities\bin\Debug\net8.0\Dev2.Activities.dll [C:\Users\ultra\warewolf\Dev\Dev2.Activities.Designers\Dev2.Activities.Designers.csproj]
C:\Program Files\dotnet\sdk\10.0.201\Microsoft.Common.CurrentVersion.targets(2451,5): warning MSB3277:             C:\Users\ultra\warewolf\Dev\Dev2.Core\bin\Debug\net8.0\Dev2.Core.dll [C:\Users\ultra\warewolf\Dev\Dev2.Activities.Designers\Dev2.Activities.Designers.csproj]
C:\Program Files\dotnet\sdk\10.0.201\Microsoft.Common.CurrentVersion.targets(2451,5): warning MSB3277:             C:\Users\ultra\warewolf\Dev\Dev2.Intellisense\bin\Debug\net8.0\Dev2.Intellisense.dll [C:\Users\ultra\warewolf\Dev\Dev2.Activities.Designers\Dev2.Activities.Designers.csproj]
C:\Program Files\dotnet\sdk\10.0.201\Microsoft.Common.CurrentVersion.targets(2451,5): warning MSB3277:             C:\Users\ultra\warewolf\Dev\Dev2.Runtime.Services\bin\Debug\net8.0\Dev2.Runtime.Services.dll [C:\Users\ultra\warewolf\Dev\Dev2.Activities.Designers\Dev2.Activities.Designers.csproj]
C:\Program Files\dotnet\sdk\10.0.201\Microsoft.Common.CurrentVersion.targets(2451,5): warning MSB3277:             C:\Users\ultra\warewolf\Dev\Dev2.Studio.Core\bin\Debug\net8.0\Dev2.Studio.Core.dll [C:\Users\ultra\warewolf\Dev\Dev2.Activities.Designers\Dev2.Activities.Designers.csproj]
C:\Program Files\dotnet\sdk\10.0.201\Microsoft.Common.CurrentVersion.targets(2451,5): warning MSB3277:             C:\Users\ultra\warewolf\Dev\Dev2.Studio.Interfaces\bin\Debug\net8.0\Dev2.Studio.Interfaces.dll [C:\Users\ultra\warewolf\Dev\Dev2.Activities.Designers\Dev2.Activities.Designers.csproj]
C:\Program Files\dotnet\sdk\10.0.201\Microsoft.Common.CurrentVersion.targets(2451,5): warning MSB3277:             C:\Users\ultra\warewolf\Dev\Warewolf.Core\bin\Debug\net8.0\Warewolf.Core.dll [C:\Users\ultra\warewolf\Dev\Dev2.Activities.Designers\Dev2.Activities.Designers.csproj]
C:\Program Files\dotnet\sdk\10.0.201\Microsoft.Common.CurrentVersion.targets(2451,5): warning MSB3277:             C:\Users\ultra\warewolf\Dev\Warewolf.Studio.Core\bin\Debug\net8.0\Warewolf.Studio.Core.dll [C:\Users\ultra\warewolf\Dev\Dev2.Activities.Designers\Dev2.Activities.Designers.csproj]
C:\Program Files\dotnet\sdk\10.0.201\Microsoft.Common.CurrentVersion.targets(2451,5): warning MSB3277:             C:\Users\ultra\warewolf\Dev\Warewolf.Studio.CustomControls\bin\Debug\net8.0\Warewolf.Studio.CustomControls.dll [C:\Users\ultra\warewolf\Dev\Dev2.Activities.Designers\Dev2.Activities.Designers.csproj]
C:\Program Files\dotnet\sdk\10.0.201\Microsoft.Common.CurrentVersion.targets(2451,5): warning MSB3277:             C:\Users\ultra\warewolf\Dev\Warewolf.Studio.Models\bin\Debug\net8.0\Warewolf.Studio.Models.dll [C:\Users\ultra\warewolf\Dev\Dev2.Activities.Designers\Dev2.Activities.Designers.csproj]
C:\Program Files\dotnet\sdk\10.0.201\Microsoft.Common.CurrentVersion.targets(2451,5): warning MSB3277:             C:\Users\ultra\warewolf\Dev\Warewolf.UI\bin\Debug\net8.0\Warewolf.UI.dll [C:\Users\ultra\warewolf\Dev\Dev2.Activities.Designers\Dev2.Activities.Designers.csproj]
C:\Program Files\dotnet\sdk\10.0.201\Microsoft.Common.CurrentVersion.targets(2451,5): warning MSB3277:             C:\Users\ultra\warewolf\Dev\Dev2.Scheduler\bin\Debug\net8.0\Dev2.Scheduler.dll [C:\Users\ultra\warewolf\Dev\Dev2.Activities.Designers\Dev2.Activities.Designers.csproj]
C:\Program Files\dotnet\sdk\10.0.201\Microsoft.Common.CurrentVersion.targets(2451,5): warning MSB3277:             C:\Users\ultra\warewolf\Dev\Dev2.Services.Execution\bin\Debug\net8.0\Dev2.Services.Execution.dll [C:\Users\ultra\warewolf\Dev\Dev2.Activities.Designers\Dev2.Activities.Designers.csproj]
C:\Program Files\dotnet\sdk\10.0.201\Microsoft.Common.CurrentVersion.targets(2451,5): warning MSB3277:             C:\Users\ultra\warewolf\Dev\Warewolf.Auditing\bin\Debug\net8.0\Warewolf.Auditing.dll [C:\Users\ultra\warewolf\Dev\Dev2.Activities.Designers\Dev2.Activities.Designers.csproj]
C:\Program Files\dotnet\sdk\10.0.201\Microsoft.Common.CurrentVersion.targets(2451,5): warning MSB3277:             C:\Users\ultra\warewolf\Dev\Warewolf.Common.NetStandard20\bin\Debug\net8.0\Warewolf.Common.NetStandard20.dll [C:\Users\ultra\warewolf\Dev\Dev2.Activities.Designers\Dev2.Activities.Designers.csproj]
C:\Program Files\dotnet\sdk\10.0.201\Microsoft.Common.CurrentVersion.targets(2451,5): warning MSB3277:             C:\Users\ultra\warewolf\Dev\Warewolf.Driver.Persistence\bin\Debug\net8.0\Warewolf.Driver.Persistence.dll [C:\Users\ultra\warewolf\Dev\Dev2.Activities.Designers\Dev2.Activities.Designers.csproj]
C:\Program Files\dotnet\sdk\10.0.201\Microsoft.Common.CurrentVersion.targets(2451,5): warning MSB3277:             C:\Users\ultra\warewolf\Dev\Warewolf.Exchange.Email.Wrapper\bin\Debug\net8.0\Warewolf.Exchange.Email.Wrapper.dll [C:\Users\ultra\warewolf\Dev\Dev2.Activities.Designers\Dev2.Activities.Designers.csproj]
C:\Program Files\dotnet\sdk\10.0.201\Microsoft.Common.CurrentVersion.targets(2451,5): warning MSB3277:             C:\Users\ultra\warewolf\Dev\Warewolf.ResourceManagement\bin\Debug\net8.0\Warewolf.ResourceManagement.dll [C:\Users\ultra\warewolf\Dev\Dev2.Activities.Designers\Dev2.Activities.Designers.csproj]
C:\Program Files\dotnet\sdk\10.0.201\Microsoft.Common.CurrentVersion.targets(2451,5): warning MSB3277:         C:\Users\ultra\warewolf\Dev\Warewolf.Studio.CustomControls\bin\Debug\net8.0\Warewolf.Studio.CustomControls.dll [C:\Users\ultra\warewolf\Dev\Dev2.Activities.Designers\Dev2.Activities.Designers.csproj]
C:\Program Files\dotnet\sdk\10.0.201\Microsoft.Common.CurrentVersion.targets(2451,5): warning MSB3277:           Project file item includes which caused reference "C:\Users\ultra\warewolf\Dev\Warewolf.Studio.CustomControls\bin\Debug\net8.0\Warewolf.Studio.CustomControls.dll". [C:\Users\ultra\warewolf\Dev\Dev2.Activities.Designers\Dev2.Activities.Designers.csproj]
C:\Program Files\dotnet\sdk\10.0.201\Microsoft.Common.CurrentVersion.targets(2451,5): warning MSB3277:             C:\Users\ultra\warewolf\Dev\Warewolf.Studio.CustomControls\bin\Debug\net8.0\Warewolf.Studio.CustomControls.dll [C:\Users\ultra\warewolf\Dev\Dev2.Activities.Designers\Dev2.Activities.Designers.csproj]
C:\Program Files\dotnet\sdk\10.0.201\Microsoft.Common.CurrentVersion.targets(2451,5): warning MSB3277:         C:\Users\ultra\warewolf\Dev\Binaries\Infragistcs_Net6\InfragisticsWPF4.v15.1.dll [C:\Users\ultra\warewolf\Dev\Dev2.Activities.Designers\Dev2.Activities.Designers.csproj]
C:\Program Files\dotnet\sdk\10.0.201\Microsoft.Common.CurrentVersion.targets(2451,5): warning MSB3277:           Project file item includes which caused reference "C:\Users\ultra\warewolf\Dev\Binaries\Infragistcs_Net6\InfragisticsWPF4.v15.1.dll". [C:\Users\ultra\warewolf\Dev\Dev2.Activities.Designers\Dev2.Activities.Designers.csproj]
C:\Program Files\dotnet\sdk\10.0.201\Microsoft.Common.CurrentVersion.targets(2451,5): warning MSB3277:             InfragisticsWPF4.v15.1, Version=15.1.20151.2055, Culture=neutral, PublicKeyToken=7dd5c3163f2cd0cb, processorArchitecture=MSIL [C:\Users\ultra\warewolf\Dev\Dev2.Activities.Designers\Dev2.Activities.Designers.csproj]
C:\Program Files\dotnet\sdk\10.0.201\Microsoft.Common.CurrentVersion.targets(2451,5): warning MSB3277:             InfragisticsWPF4.Controls.Editors.XamComboEditor.v15.1, Version=15.1.20151.2055, Culture=neutral, processorArchitecture=MSIL [C:\Users\ultra\warewolf\Dev\Dev2.Activities.Designers\Dev2.Activities.Designers.csproj]
C:\Program Files\dotnet\sdk\10.0.201\Microsoft.Common.CurrentVersion.targets(2451,5): warning MSB3277:             InfragisticsWPF4.Controls.Grids.XamGrid.v15.1 [C:\Users\ultra\warewolf\Dev\Dev2.Activities.Designers\Dev2.Activities.Designers.csproj]
C:\Program Files\dotnet\sdk\10.0.201\Microsoft.Common.CurrentVersion.targets(2451,5): warning MSB3277:             InfragisticsWPF4.Controls.Interactions.XamDialogWindow.v15.1, Version=15.1.20151.2055, Culture=neutral, PublicKeyToken=7dd5c3163f2cd0cb, processorArchitecture=MSIL [C:\Users\ultra\warewolf\Dev\Dev2.Activities.Designers\Dev2.Activities.Designers.csproj]
C:\Program Files\dotnet\sdk\10.0.201\Microsoft.Common.CurrentVersion.targets(2451,5): warning MSB3277:             InfragisticsWPF4.Controls.Menus.XamDataTree.v15.1 [C:\Users\ultra\warewolf\Dev\Dev2.Activities.Designers\Dev2.Activities.Designers.csproj]
C:\Program Files\dotnet\sdk\10.0.201\Microsoft.Common.CurrentVersion.targets(2451,5): warning MSB3277:             InfragisticsWPF4.Controls.Menus.XamMenu.v15.1, Version=15.1.20151.2055, Culture=neutral, processorArchitecture=MSIL [C:\Users\ultra\warewolf\Dev\Dev2.Activities.Designers\Dev2.Activities.Designers.csproj]
C:\Program Files\dotnet\sdk\10.0.201\Microsoft.Common.CurrentVersion.targets(2451,5): warning MSB3277:             InfragisticsWPF4.DataManager.v15.1, Version=15.1.20151.2188, Culture=neutral, PublicKeyToken=7dd5c3163f2cd0cb, processorArchitecture=MSIL [C:\Users\ultra\warewolf\Dev\Dev2.Activities.Designers\Dev2.Activities.Designers.csproj]
C:\Program Files\dotnet\sdk\10.0.201\Microsoft.Common.CurrentVersion.targets(2451,5): warning MSB3277:             InfragisticsWPF4.Editors.v15.1, Version=15.1.20151.2055, Culture=neutral, processorArchitecture=MSIL [C:\Users\ultra\warewolf\Dev\Dev2.Activities.Designers\Dev2.Activities.Designers.csproj]
C:\Program Files\dotnet\sdk\10.0.201\Microsoft.Common.CurrentVersion.targets(2451,5): warning MSB3277:         C:\Users\ultra\.nuget\packages\dotnetzip\1.16.0\lib\netstandard2.0\DotNetZip.dll [C:\Users\ultra\warewolf\Dev\Dev2.Activities.Designers\Dev2.Activities.Designers.csproj]
C:\Program Files\dotnet\sdk\10.0.201\Microsoft.Common.CurrentVersion.targets(2451,5): warning MSB3277:           Project file item includes which caused reference "C:\Users\ultra\.nuget\packages\dotnetzip\1.16.0\lib\netstandard2.0\DotNetZip.dll". [C:\Users\ultra\warewolf\Dev\Dev2.Activities.Designers\Dev2.Activities.Designers.csproj]
C:\Program Files\dotnet\sdk\10.0.201\Microsoft.Common.CurrentVersion.targets(2451,5): warning MSB3277:             C:\Users\ultra\.nuget\packages\dotnetzip\1.16.0\lib\netstandard2.0\DotNetZip.dll [C:\Users\ultra\warewolf\Dev\Dev2.Activities.Designers\Dev2.Activities.Designers.csproj]
C:\Program Files\dotnet\sdk\10.0.201\Microsoft.Common.CurrentVersion.targets(2451,5): warning MSB3277:             C:\Users\ultra\warewolf\Dev\Dev2.Common\bin\Debug\net8.0\Dev2.Common.dll [C:\Users\ultra\warewolf\Dev\Dev2.Activities.Designers\Dev2.Activities.Designers.csproj]
C:\Program Files\dotnet\sdk\10.0.201\Microsoft.Common.CurrentVersion.targets(2451,5): warning MSB3277:             C:\Users\ultra\warewolf\Dev\Dev2.Activities\bin\Debug\net8.0\Dev2.Activities.dll [C:\Users\ultra\warewolf\Dev\Dev2.Activities.Designers\Dev2.Activities.Designers.csproj]
C:\Program Files\dotnet\sdk\10.0.201\Microsoft.Common.CurrentVersion.targets(2451,5): warning MSB3277:             C:\Users\ultra\warewolf\Dev\Dev2.Core\bin\Debug\net8.0\Dev2.Core.dll [C:\Users\ultra\warewolf\Dev\Dev2.Activities.Designers\Dev2.Activities.Designers.csproj]
C:\Program Files\dotnet\sdk\10.0.201\Microsoft.Common.CurrentVersion.targets(2451,5): warning MSB3277:             C:\Users\ultra\warewolf\Dev\Dev2.Data.Interfaces\bin\Debug\net8.0\Dev2.Data.Interfaces.dll [C:\Users\ultra\warewolf\Dev\Dev2.Activities.Designers\Dev2.Activities.Designers.csproj]
C:\Program Files\dotnet\sdk\10.0.201\Microsoft.Common.CurrentVersion.targets(2451,5): warning MSB3277:             C:\Users\ultra\warewolf\Dev\Dev2.Data\bin\Debug\net8.0\Dev2.Data.dll [C:\Users\ultra\warewolf\Dev\Dev2.Activities.Designers\Dev2.Activities.Designers.csproj]
C:\Program Files\dotnet\sdk\10.0.201\Microsoft.Common.CurrentVersion.targets(2451,5): warning MSB3277:             C:\Users\ultra\warewolf\Dev\Dev2.Diagnostics\bin\Debug\net8.0\Dev2.Diagnostics.dll [C:\Users\ultra\warewolf\Dev\Dev2.Activities.Designers\Dev2.Activities.Designers.csproj]
C:\Program Files\dotnet\sdk\10.0.201\Microsoft.Common.CurrentVersion.targets(2451,5): warning MSB3277:             C:\Users\ultra\warewolf\Dev\Dev2.Infrastructure\bin\Debug\net8.0\Dev2.Infrastructure.dll [C:\Users\ultra\warewolf\Dev\Dev2.Activities.Designers\Dev2.Activities.Designers.csproj]
C:\Program Files\dotnet\sdk\10.0.201\Microsoft.Common.CurrentVersion.targets(2451,5): warning MSB3277:             C:\Users\ultra\warewolf\Dev\Dev2.Intellisense\bin\Debug\net8.0\Dev2.Intellisense.dll [C:\Users\ultra\warewolf\Dev\Dev2.Activities.Designers\Dev2.Activities.Designers.csproj]
C:\Program Files\dotnet\sdk\10.0.201\Microsoft.Common.CurrentVersion.targets(2451,5): warning MSB3277:             C:\Users\ultra\warewolf\Dev\Dev2.Runtime.Services\bin\Debug\net8.0\Dev2.Runtime.Services.dll [C:\Users\ultra\warewolf\Dev\Dev2.Activities.Designers\Dev2.Activities.Designers.csproj]
C:\Program Files\dotnet\sdk\10.0.201\Microsoft.Common.CurrentVersion.targets(2451,5): warning MSB3277:             C:\Users\ultra\warewolf\Dev\Dev2.Studio.Core\bin\Debug\net8.0\Dev2.Studio.Core.dll [C:\Users\ultra\warewolf\Dev\Dev2.Activities.Designers\Dev2.Activities.Designers.csproj]
C:\Program Files\dotnet\sdk\10.0.201\Microsoft.Common.CurrentVersion.targets(2451,5): warning MSB3277:             C:\Users\ultra\warewolf\Dev\Dev2.Studio.Interfaces\bin\Debug\net8.0\Dev2.Studio.Interfaces.dll [C:\Users\ultra\warewolf\Dev\Dev2.Activities.Designers\Dev2.Activities.Designers.csproj]
C:\Program Files\dotnet\sdk\10.0.201\Microsoft.Common.CurrentVersion.targets(2451,5): warning MSB3277:             C:\Users\ultra\warewolf\Dev\Dev2.Util\bin\Debug\net8.0\Dev2.Util.dll [C:\Users\ultra\warewolf\Dev\Dev2.Activities.Designers\Dev2.Activities.Designers.csproj]
C:\Program Files\dotnet\sdk\10.0.201\Microsoft.Common.CurrentVersion.targets(2451,5): warning MSB3277:             C:\Users\ultra\warewolf\Dev\Warewolf.Storage\bin\Debug\net8.0\Warewolf.Storage.dll [C:\Users\ultra\warewolf\Dev\Dev2.Activities.Designers\Dev2.Activities.Designers.csproj]
C:\Program Files\dotnet\sdk\10.0.201\Microsoft.Common.CurrentVersion.targets(2451,5): warning MSB3277:             C:\Users\ultra\warewolf\Dev\Warewolf.Core\bin\Debug\net8.0\Warewolf.Core.dll [C:\Users\ultra\warewolf\Dev\Dev2.Activities.Designers\Dev2.Activities.Designers.csproj]
C:\Program Files\dotnet\sdk\10.0.201\Microsoft.Common.CurrentVersion.targets(2451,5): warning MSB3277:             C:\Users\ultra\warewolf\Dev\Warewolf.Studio.Core\bin\Debug\net8.0\Warewolf.Studio.Core.dll [C:\Users\ultra\warewolf\Dev\Dev2.Activities.Designers\Dev2.Activities.Designers.csproj]
C:\Program Files\dotnet\sdk\10.0.201\Microsoft.Common.CurrentVersion.targets(2451,5): warning MSB3277:             C:\Users\ultra\warewolf\Dev\Warewolf.Studio.CustomControls\bin\Debug\net8.0\Warewolf.Studio.CustomControls.dll [C:\Users\ultra\warewolf\Dev\Dev2.Activities.Designers\Dev2.Activities.Designers.csproj]
C:\Program Files\dotnet\sdk\10.0.201\Microsoft.Common.CurrentVersion.targets(2451,5): warning MSB3277:             C:\Users\ultra\warewolf\Dev\Warewolf.Studio.Models\bin\Debug\net8.0\Warewolf.Studio.Models.dll [C:\Users\ultra\warewolf\Dev\Dev2.Activities.Designers\Dev2.Activities.Designers.csproj]
C:\Program Files\dotnet\sdk\10.0.201\Microsoft.Common.CurrentVersion.targets(2451,5): warning MSB3277:             C:\Users\ultra\warewolf\Dev\Warewolf.UI\bin\Debug\net8.0\Warewolf.UI.dll [C:\Users\ultra\warewolf\Dev\Dev2.Activities.Designers\Dev2.Activities.Designers.csproj]
C:\Program Files\dotnet\sdk\10.0.201\Microsoft.Common.CurrentVersion.targets(2451,5): warning MSB3277:             C:\Users\ultra\warewolf\Dev\Dev2.Development.Languages\bin\Debug\net8.0\Dev2.Development.Languages.dll [C:\Users\ultra\warewolf\Dev\Dev2.Activities.Designers\Dev2.Activities.Designers.csproj]
C:\Program Files\dotnet\sdk\10.0.201\Microsoft.Common.CurrentVersion.targets(2451,5): warning MSB3277:             C:\Users\ultra\warewolf\Dev\Dev2.Scheduler\bin\Debug\net8.0\Dev2.Scheduler.dll [C:\Users\ultra\warewolf\Dev\Dev2.Activities.Designers\Dev2.Activities.Designers.csproj]
C:\Program Files\dotnet\sdk\10.0.201\Microsoft.Common.CurrentVersion.targets(2451,5): warning MSB3277:             C:\Users\ultra\warewolf\Dev\Dev2.Services.Execution\bin\Debug\net8.0\Dev2.Services.Execution.dll [C:\Users\ultra\warewolf\Dev\Dev2.Activities.Designers\Dev2.Activities.Designers.csproj]
C:\Program Files\dotnet\sdk\10.0.201\Microsoft.Common.CurrentVersion.targets(2451,5): warning MSB3277:             C:\Users\ultra\warewolf\Dev\Dev2.Services.Sql\bin\Debug\net8.0\Dev2.Services.Sql.dll [C:\Users\ultra\warewolf\Dev\Dev2.Activities.Designers\Dev2.Activities.Designers.csproj]
C:\Program Files\dotnet\sdk\10.0.201\Microsoft.Common.CurrentVersion.targets(2451,5): warning MSB3277:             C:\Users\ultra\warewolf\Dev\Dev2.TaskScheduler.Wrappers\bin\Debug\net8.0\Dev2.TaskScheduler.Wrappers.dll [C:\Users\ultra\warewolf\Dev\Dev2.Activities.Designers\Dev2.Activities.Designers.csproj]
C:\Program Files\dotnet\sdk\10.0.201\Microsoft.Common.CurrentVersion.targets(2451,5): warning MSB3277:             C:\Users\ultra\warewolf\Dev\Warewolf.AI.Harness\bin\Debug\net8.0\Warewolf.AI.Harness.dll [C:\Users\ultra\warewolf\Dev\Dev2.Activities.Designers\Dev2.Activities.Designers.csproj]
C:\Program Files\dotnet\sdk\10.0.201\Microsoft.Common.CurrentVersion.targets(2451,5): warning MSB3277:             C:\Users\ultra\warewolf\Dev\Warewolf.Auditing\bin\Debug\net8.0\Warewolf.Auditing.dll [C:\Users\ultra\warewolf\Dev\Dev2.Activities.Designers\Dev2.Activities.Designers.csproj]
C:\Program Files\dotnet\sdk\10.0.201\Microsoft.Common.CurrentVersion.targets(2451,5): warning MSB3277:             C:\Users\ultra\warewolf\Dev\Warewolf.Common.NetStandard20\bin\Debug\net8.0\Warewolf.Common.NetStandard20.dll [C:\Users\ultra\warewolf\Dev\Dev2.Activities.Designers\Dev2.Activities.Designers.csproj]
C:\Program Files\dotnet\sdk\10.0.201\Microsoft.Common.CurrentVersion.targets(2451,5): warning MSB3277:             C:\Users\ultra\warewolf\Dev\Warewolf.Driver.Persistence\bin\Debug\net8.0\Warewolf.Driver.Persistence.dll [C:\Users\ultra\warewolf\Dev\Dev2.Activities.Designers\Dev2.Activities.Designers.csproj]
C:\Program Files\dotnet\sdk\10.0.201\Microsoft.Common.CurrentVersion.targets(2451,5): warning MSB3277:             C:\Users\ultra\warewolf\Dev\Warewolf.Driver.Serilog\bin\Debug\net8.0\Warewolf.Driver.Serilog.dll [C:\Users\ultra\warewolf\Dev\Dev2.Activities.Designers\Dev2.Activities.Designers.csproj]
C:\Program Files\dotnet\sdk\10.0.201\Microsoft.Common.CurrentVersion.targets(2451,5): warning MSB3277:             C:\Users\ultra\warewolf\Dev\Warewolf.Exchange.Email.Wrapper\bin\Debug\net8.0\Warewolf.Exchange.Email.Wrapper.dll [C:\Users\ultra\warewolf\Dev\Dev2.Activities.Designers\Dev2.Activities.Designers.csproj]
C:\Program Files\dotnet\sdk\10.0.201\Microsoft.Common.CurrentVersion.targets(2451,5): warning MSB3277:             C:\Users\ultra\warewolf\Dev\Warewolf.ResourceManagement\bin\Debug\net8.0\Warewolf.ResourceManagement.dll [C:\Users\ultra\warewolf\Dev\Dev2.Activities.Designers\Dev2.Activities.Designers.csproj]
C:\Program Files\dotnet\sdk\10.0.201\Microsoft.Common.CurrentVersion.targets(2451,5): warning MSB3277:             C:\Users\ultra\warewolf\Dev\Warewolf.Sharepoint\bin\Debug\net8.0\Warewolf.Sharepoint.dll [C:\Users\ultra\warewolf\Dev\Dev2.Activities.Designers\Dev2.Activities.Designers.csproj]
C:\Program Files\dotnet\sdk\10.0.201\Microsoft.Common.CurrentVersion.targets(2451,5): warning MSB3277:         C:\Users\ultra\.nuget\packages\mindbox.data.linq\5.0.0\lib\netstandard2.0\Mindbox.Data.Linq.dll [C:\Users\ultra\warewolf\Dev\Dev2.Activities.Designers\Dev2.Activities.Designers.csproj]
C:\Program Files\dotnet\sdk\10.0.201\Microsoft.Common.CurrentVersion.targets(2451,5): warning MSB3277:           Project file item includes which caused reference "C:\Users\ultra\.nuget\packages\mindbox.data.linq\5.0.0\lib\netstandard2.0\Mindbox.Data.Linq.dll". [C:\Users\ultra\warewolf\Dev\Dev2.Activities.Designers\Dev2.Activities.Designers.csproj]
C:\Program Files\dotnet\sdk\10.0.201\Microsoft.Common.CurrentVersion.targets(2451,5): warning MSB3277:             C:\Users\ultra\.nuget\packages\mindbox.data.linq\5.0.0\lib\netstandard2.0\Mindbox.Data.Linq.dll [C:\Users\ultra\warewolf\Dev\Dev2.Activities.Designers\Dev2.Activities.Designers.csproj]
C:\Program Files\dotnet\sdk\10.0.201\Microsoft.Common.CurrentVersion.targets(2451,5): warning MSB3277:             C:\Users\ultra\warewolf\Dev\Warewolf.Auditing\bin\Debug\net8.0\Warewolf.Auditing.dll [C:\Users\ultra\warewolf\Dev\Dev2.Activities.Designers\Dev2.Activities.Designers.csproj]
C:\Program Files\dotnet\sdk\10.0.201\Microsoft.Common.CurrentVersion.targets(2451,5): warning MSB3277:             C:\Users\ultra\warewolf\Dev\Dev2.Activities\bin\Debug\net8.0\Dev2.Activities.dll [C:\Users\ultra\warewolf\Dev\Dev2.Activities.Designers\Dev2.Activities.Designers.csproj]
C:\Program Files\dotnet\sdk\10.0.201\Microsoft.Common.CurrentVersion.targets(2451,5): warning MSB3277:             C:\Users\ultra\warewolf\Dev\Dev2.Runtime.Services\bin\Debug\net8.0\Dev2.Runtime.Services.dll [C:\Users\ultra\warewolf\Dev\Dev2.Activities.Designers\Dev2.Activities.Designers.csproj]
C:\Program Files\dotnet\sdk\10.0.201\Microsoft.Common.CurrentVersion.targets(2451,5): warning MSB3277:             C:\Users\ultra\warewolf\Dev\Dev2.Studio.Core\bin\Debug\net8.0\Dev2.Studio.Core.dll [C:\Users\ultra\warewolf\Dev\Dev2.Activities.Designers\Dev2.Activities.Designers.csproj]
C:\Program Files\dotnet\sdk\10.0.201\Microsoft.Common.CurrentVersion.targets(2451,5): warning MSB3277:             C:\Users\ultra\warewolf\Dev\Dev2.Intellisense\bin\Debug\net8.0\Dev2.Intellisense.dll [C:\Users\ultra\warewolf\Dev\Dev2.Activities.Designers\Dev2.Activities.Designers.csproj]
C:\Program Files\dotnet\sdk\10.0.201\Microsoft.Common.CurrentVersion.targets(2451,5): warning MSB3277:             C:\Users\ultra\warewolf\Dev\Dev2.Studio.Interfaces\bin\Debug\net8.0\Dev2.Studio.Interfaces.dll [C:\Users\ultra\warewolf\Dev\Dev2.Activities.Designers\Dev2.Activities.Designers.csproj]
C:\Program Files\dotnet\sdk\10.0.201\Microsoft.Common.CurrentVersion.targets(2451,5): warning MSB3277:             C:\Users\ultra\warewolf\Dev\Warewolf.Studio.Core\bin\Debug\net8.0\Warewolf.Studio.Core.dll [C:\Users\ultra\warewolf\Dev\Dev2.Activities.Designers\Dev2.Activities.Designers.csproj]
C:\Program Files\dotnet\sdk\10.0.201\Microsoft.Common.CurrentVersion.targets(2451,5): warning MSB3277:             C:\Users\ultra\warewolf\Dev\Warewolf.Studio.CustomControls\bin\Debug\net8.0\Warewolf.Studio.CustomControls.dll [C:\Users\ultra\warewolf\Dev\Dev2.Activities.Designers\Dev2.Activities.Designers.csproj]
C:\Program Files\dotnet\sdk\10.0.201\Microsoft.Common.CurrentVersion.targets(2451,5): warning MSB3277:             C:\Users\ultra\warewolf\Dev\Warewolf.Studio.Models\bin\Debug\net8.0\Warewolf.Studio.Models.dll [C:\Users\ultra\warewolf\Dev\Dev2.Activities.Designers\Dev2.Activities.Designers.csproj]
C:\Program Files\dotnet\sdk\10.0.201\Microsoft.Common.CurrentVersion.targets(2451,5): warning MSB3277:             C:\Users\ultra\warewolf\Dev\Dev2.Services.Execution\bin\Debug\net8.0\Dev2.Services.Execution.dll [C:\Users\ultra\warewolf\Dev\Dev2.Activities.Designers\Dev2.Activities.Designers.csproj]
C:\Program Files\dotnet\sdk\10.0.201\Microsoft.Common.CurrentVersion.targets(2451,5): warning MSB3277:             C:\Users\ultra\warewolf\Dev\Warewolf.Common.NetStandard20\bin\Debug\net8.0\Warewolf.Common.NetStandard20.dll [C:\Users\ultra\warewolf\Dev\Dev2.Activities.Designers\Dev2.Activities.Designers.csproj]
C:\Program Files\dotnet\sdk\10.0.201\Microsoft.Common.CurrentVersion.targets(2451,5): warning MSB3277:             C:\Users\ultra\warewolf\Dev\Warewolf.Driver.Persistence\bin\Debug\net8.0\Warewolf.Driver.Persistence.dll [C:\Users\ultra\warewolf\Dev\Dev2.Activities.Designers\Dev2.Activities.Designers.csproj]
C:\Program Files\dotnet\sdk\10.0.201\Microsoft.Common.CurrentVersion.targets(2451,5): warning MSB3277:         C:\Users\ultra\.nuget\packages\mysql.data\8.4.0\lib\net8.0\MySql.Data.dll [C:\Users\ultra\warewolf\Dev\Dev2.Activities.Designers\Dev2.Activities.Designers.csproj]
C:\Program Files\dotnet\sdk\10.0.201\Microsoft.Common.CurrentVersion.targets(2451,5): warning MSB3277:           Project file item includes which caused reference "C:\Users\ultra\.nuget\packages\mysql.data\8.4.0\lib\net8.0\MySql.Data.dll". [C:\Users\ultra\warewolf\Dev\Dev2.Activities.Designers\Dev2.Activities.Designers.csproj]
C:\Program Files\dotnet\sdk\10.0.201\Microsoft.Common.CurrentVersion.targets(2451,5): warning MSB3277:             C:\Users\ultra\.nuget\packages\mysql.data\8.4.0\lib\net8.0\MySql.Data.dll [C:\Users\ultra\warewolf\Dev\Dev2.Activities.Designers\Dev2.Activities.Designers.csproj]
C:\Program Files\dotnet\sdk\10.0.201\Microsoft.Common.CurrentVersion.targets(2451,5): warning MSB3277:             C:\Users\ultra\warewolf\Dev\Dev2.Activities\bin\Debug\net8.0\Dev2.Activities.dll [C:\Users\ultra\warewolf\Dev\Dev2.Activities.Designers\Dev2.Activities.Designers.csproj]
C:\Program Files\dotnet\sdk\10.0.201\Microsoft.Common.CurrentVersion.targets(2451,5): warning MSB3277:             C:\Users\ultra\warewolf\Dev\Dev2.Runtime.Services\bin\Debug\net8.0\Dev2.Runtime.Services.dll [C:\Users\ultra\warewolf\Dev\Dev2.Activities.Designers\Dev2.Activities.Designers.csproj]
C:\Program Files\dotnet\sdk\10.0.201\Microsoft.Common.CurrentVersion.targets(2451,5): warning MSB3277:             C:\Users\ultra\warewolf\Dev\Dev2.Studio.Core\bin\Debug\net8.0\Dev2.Studio.Core.dll [C:\Users\ultra\warewolf\Dev\Dev2.Activities.Designers\Dev2.Activities.Designers.csproj]
C:\Program Files\dotnet\sdk\10.0.201\Microsoft.Common.CurrentVersion.targets(2451,5): warning MSB3277:             C:\Users\ultra\warewolf\Dev\Dev2.Intellisense\bin\Debug\net8.0\Dev2.Intellisense.dll [C:\Users\ultra\warewolf\Dev\Dev2.Activities.Designers\Dev2.Activities.Designers.csproj]
C:\Program Files\dotnet\sdk\10.0.201\Microsoft.Common.CurrentVersion.targets(2451,5): warning MSB3277:             C:\Users\ultra\warewolf\Dev\Dev2.Studio.Interfaces\bin\Debug\net8.0\Dev2.Studio.Interfaces.dll [C:\Users\ultra\warewolf\Dev\Dev2.Activities.Designers\Dev2.Activities.Designers.csproj]
C:\Program Files\dotnet\sdk\10.0.201\Microsoft.Common.CurrentVersion.targets(2451,5): warning MSB3277:             C:\Users\ultra\warewolf\Dev\Warewolf.Studio.Core\bin\Debug\net8.0\Warewolf.Studio.Core.dll [C:\Users\ultra\warewolf\Dev\Dev2.Activities.Designers\Dev2.Activities.Designers.csproj]
C:\Program Files\dotnet\sdk\10.0.201\Microsoft.Common.CurrentVersion.targets(2451,5): warning MSB3277:             C:\Users\ultra\warewolf\Dev\Warewolf.Studio.CustomControls\bin\Debug\net8.0\Warewolf.Studio.CustomControls.dll [C:\Users\ultra\warewolf\Dev\Dev2.Activities.Designers\Dev2.Activities.Designers.csproj]
C:\Program Files\dotnet\sdk\10.0.201\Microsoft.Common.CurrentVersion.targets(2451,5): warning MSB3277:             C:\Users\ultra\warewolf\Dev\Warewolf.Studio.Models\bin\Debug\net8.0\Warewolf.Studio.Models.dll [C:\Users\ultra\warewolf\Dev\Dev2.Activities.Designers\Dev2.Activities.Designers.csproj]
C:\Program Files\dotnet\sdk\10.0.201\Microsoft.Common.CurrentVersion.targets(2451,5): warning MSB3277:             C:\Users\ultra\warewolf\Dev\Dev2.Services.Execution\bin\Debug\net8.0\Dev2.Services.Execution.dll [C:\Users\ultra\warewolf\Dev\Dev2.Activities.Designers\Dev2.Activities.Designers.csproj]
C:\Program Files\dotnet\sdk\10.0.201\Microsoft.Common.CurrentVersion.targets(2451,5): warning MSB3277:             C:\Users\ultra\warewolf\Dev\Dev2.Services.Sql\bin\Debug\net8.0\Dev2.Services.Sql.dll [C:\Users\ultra\warewolf\Dev\Dev2.Activities.Designers\Dev2.Activities.Designers.csproj]
C:\Program Files\dotnet\sdk\10.0.201\Microsoft.Common.CurrentVersion.targets(2451,5): warning MSB3277:             C:\Users\ultra\warewolf\Dev\Warewolf.Driver.Persistence\bin\Debug\net8.0\Warewolf.Driver.Persistence.dll [C:\Users\ultra\warewolf\Dev\Dev2.Activities.Designers\Dev2.Activities.Designers.csproj]
C:\Program Files\dotnet\sdk\10.0.201\Microsoft.Common.CurrentVersion.targets(2451,5): warning MSB3277:         C:\Users\ultra\.nuget\packages\oracle.manageddataaccess.core\3.21.70\lib\netstandard2.1\Oracle.ManagedDataAccess.dll [C:\Users\ultra\warewolf\Dev\Dev2.Activities.Designers\Dev2.Activities.Designers.csproj]
C:\Program Files\dotnet\sdk\10.0.201\Microsoft.Common.CurrentVersion.targets(2451,5): warning MSB3277:           Project file item includes which caused reference "C:\Users\ultra\.nuget\packages\oracle.manageddataaccess.core\3.21.70\lib\netstandard2.1\Oracle.ManagedDataAccess.dll". [C:\Users\ultra\warewolf\Dev\Dev2.Activities.Designers\Dev2.Activities.Designers.csproj]
C:\Program Files\dotnet\sdk\10.0.201\Microsoft.Common.CurrentVersion.targets(2451,5): warning MSB3277:             C:\Users\ultra\.nuget\packages\oracle.manageddataaccess.core\3.21.70\lib\netstandard2.1\Oracle.ManagedDataAccess.dll [C:\Users\ultra\warewolf\Dev\Dev2.Activities.Designers\Dev2.Activities.Designers.csproj]
C:\Program Files\dotnet\sdk\10.0.201\Microsoft.Common.CurrentVersion.targets(2451,5): warning MSB3277:             C:\Users\ultra\warewolf\Dev\Dev2.Runtime.Services\bin\Debug\net8.0\Dev2.Runtime.Services.dll [C:\Users\ultra\warewolf\Dev\Dev2.Activities.Designers\Dev2.Activities.Designers.csproj]
C:\Program Files\dotnet\sdk\10.0.201\Microsoft.Common.CurrentVersion.targets(2451,5): warning MSB3277:             C:\Users\ultra\warewolf\Dev\Dev2.Activities\bin\Debug\net8.0\Dev2.Activities.dll [C:\Users\ultra\warewolf\Dev\Dev2.Activities.Designers\Dev2.Activities.Designers.csproj]
C:\Program Files\dotnet\sdk\10.0.201\Microsoft.Common.CurrentVersion.targets(2451,5): warning MSB3277:             C:\Users\ultra\warewolf\Dev\Dev2.Studio.Core\bin\Debug\net8.0\Dev2.Studio.Core.dll [C:\Users\ultra\warewolf\Dev\Dev2.Activities.Designers\Dev2.Activities.Designers.csproj]
C:\Program Files\dotnet\sdk\10.0.201\Microsoft.Common.CurrentVersion.targets(2451,5): warning MSB3277:             C:\Users\ultra\warewolf\Dev\Dev2.Intellisense\bin\Debug\net8.0\Dev2.Intellisense.dll [C:\Users\ultra\warewolf\Dev\Dev2.Activities.Designers\Dev2.Activities.Designers.csproj]
C:\Program Files\dotnet\sdk\10.0.201\Microsoft.Common.CurrentVersion.targets(2451,5): warning MSB3277:             C:\Users\ultra\warewolf\Dev\Dev2.Studio.Interfaces\bin\Debug\net8.0\Dev2.Studio.Interfaces.dll [C:\Users\ultra\warewolf\Dev\Dev2.Activities.Designers\Dev2.Activities.Designers.csproj]
C:\Program Files\dotnet\sdk\10.0.201\Microsoft.Common.CurrentVersion.targets(2451,5): warning MSB3277:             C:\Users\ultra\warewolf\Dev\Warewolf.Studio.Core\bin\Debug\net8.0\Warewolf.Studio.Core.dll [C:\Users\ultra\warewolf\Dev\Dev2.Activities.Designers\Dev2.Activities.Designers.csproj]
C:\Program Files\dotnet\sdk\10.0.201\Microsoft.Common.CurrentVersion.targets(2451,5): warning MSB3277:             C:\Users\ultra\warewolf\Dev\Warewolf.Studio.CustomControls\bin\Debug\net8.0\Warewolf.Studio.CustomControls.dll [C:\Users\ultra\warewolf\Dev\Dev2.Activities.Designers\Dev2.Activities.Designers.csproj]
C:\Program Files\dotnet\sdk\10.0.201\Microsoft.Common.CurrentVersion.targets(2451,5): warning MSB3277:             C:\Users\ultra\warewolf\Dev\Warewolf.Studio.Models\bin\Debug\net8.0\Warewolf.Studio.Models.dll [C:\Users\ultra\warewolf\Dev\Dev2.Activities.Designers\Dev2.Activities.Designers.csproj]
C:\Program Files\dotnet\sdk\10.0.201\Microsoft.Common.CurrentVersion.targets(2451,5): warning MSB3277:             C:\Users\ultra\warewolf\Dev\Dev2.Services.Execution\bin\Debug\net8.0\Dev2.Services.Execution.dll [C:\Users\ultra\warewolf\Dev\Dev2.Activities.Designers\Dev2.Activities.Designers.csproj]
C:\Program Files\dotnet\sdk\10.0.201\Microsoft.Common.CurrentVersion.targets(2451,5): warning MSB3277:             C:\Users\ultra\warewolf\Dev\Dev2.Services.Sql\bin\Debug\net8.0\Dev2.Services.Sql.dll [C:\Users\ultra\warewolf\Dev\Dev2.Activities.Designers\Dev2.Activities.Designers.csproj]
C:\Program Files\dotnet\sdk\10.0.201\Microsoft.Common.CurrentVersion.targets(2451,5): warning MSB3277:             C:\Users\ultra\warewolf\Dev\Warewolf.Driver.Persistence\bin\Debug\net8.0\Warewolf.Driver.Persistence.dll [C:\Users\ultra\warewolf\Dev\Dev2.Activities.Designers\Dev2.Activities.Designers.csproj]
C:\Program Files\dotnet\sdk\10.0.201\Microsoft.Common.CurrentVersion.targets(2451,5): warning MSB3277:         C:\Users\ultra\.nuget\packages\system.directoryservices\6.0.0\lib\net6.0\System.DirectoryServices.dll [C:\Users\ultra\warewolf\Dev\Dev2.Activities.Designers\Dev2.Activities.Designers.csproj]
C:\Program Files\dotnet\sdk\10.0.201\Microsoft.Common.CurrentVersion.targets(2451,5): warning MSB3277:           Project file item includes which caused reference "C:\Users\ultra\.nuget\packages\system.directoryservices\6.0.0\lib\net6.0\System.DirectoryServices.dll". [C:\Users\ultra\warewolf\Dev\Dev2.Activities.Designers\Dev2.Activities.Designers.csproj]
C:\Program Files\dotnet\sdk\10.0.201\Microsoft.Common.CurrentVersion.targets(2451,5): warning MSB3277:             C:\Users\ultra\.nuget\packages\system.directoryservices\6.0.0\lib\net6.0\System.DirectoryServices.dll [C:\Users\ultra\warewolf\Dev\Dev2.Activities.Designers\Dev2.Activities.Designers.csproj]
C:\Program Files\dotnet\sdk\10.0.201\Microsoft.Common.CurrentVersion.targets(2451,5): warning MSB3277:             C:\Users\ultra\.nuget\packages\corewcf.primitives\1.2.1\lib\netstandard2.0\CoreWCF.Primitives.dll [C:\Users\ultra\warewolf\Dev\Dev2.Activities.Designers\Dev2.Activities.Designers.csproj]
C:\Program Files\dotnet\sdk\10.0.201\Microsoft.Common.CurrentVersion.targets(2451,5): warning MSB3277:             C:\Users\ultra\warewolf\Dev\Dev2.Runtime.Services\bin\Debug\net8.0\Dev2.Runtime.Services.dll [C:\Users\ultra\warewolf\Dev\Dev2.Activities.Designers\Dev2.Activities.Designers.csproj]
C:\Program Files\dotnet\sdk\10.0.201\Microsoft.Common.CurrentVersion.targets(2451,5): warning MSB3277:             C:\Users\ultra\warewolf\Dev\Dev2.Activities\bin\Debug\net8.0\Dev2.Activities.dll [C:\Users\ultra\warewolf\Dev\Dev2.Activities.Designers\Dev2.Activities.Designers.csproj]
C:\Program Files\dotnet\sdk\10.0.201\Microsoft.Common.CurrentVersion.targets(2451,5): warning MSB3277:             C:\Users\ultra\warewolf\Dev\Dev2.Studio.Core\bin\Debug\net8.0\Dev2.Studio.Core.dll [C:\Users\ultra\warewolf\Dev\Dev2.Activities.Designers\Dev2.Activities.Designers.csproj]
C:\Program Files\dotnet\sdk\10.0.201\Microsoft.Common.CurrentVersion.targets(2451,5): warning MSB3277:             C:\Users\ultra\warewolf\Dev\Dev2.Intellisense\bin\Debug\net8.0\Dev2.Intellisense.dll [C:\Users\ultra\warewolf\Dev\Dev2.Activities.Designers\Dev2.Activities.Designers.csproj]
C:\Program Files\dotnet\sdk\10.0.201\Microsoft.Common.CurrentVersion.targets(2451,5): warning MSB3277:             C:\Users\ultra\warewolf\Dev\Dev2.Studio.Interfaces\bin\Debug\net8.0\Dev2.Studio.Interfaces.dll [C:\Users\ultra\warewolf\Dev\Dev2.Activities.Designers\Dev2.Activities.Designers.csproj]
C:\Program Files\dotnet\sdk\10.0.201\Microsoft.Common.CurrentVersion.targets(2451,5): warning MSB3277:             C:\Users\ultra\warewolf\Dev\Warewolf.Studio.Core\bin\Debug\net8.0\Warewolf.Studio.Core.dll [C:\Users\ultra\warewolf\Dev\Dev2.Activities.Designers\Dev2.Activities.Designers.csproj]
C:\Program Files\dotnet\sdk\10.0.201\Microsoft.Common.CurrentVersion.targets(2451,5): warning MSB3277:             C:\Users\ultra\warewolf\Dev\Warewolf.Studio.CustomControls\bin\Debug\net8.0\Warewolf.Studio.CustomControls.dll [C:\Users\ultra\warewolf\Dev\Dev2.Activities.Designers\Dev2.Activities.Designers.csproj]
C:\Program Files\dotnet\sdk\10.0.201\Microsoft.Common.CurrentVersion.targets(2451,5): warning MSB3277:             C:\Users\ultra\warewolf\Dev\Warewolf.Studio.Models\bin\Debug\net8.0\Warewolf.Studio.Models.dll [C:\Users\ultra\warewolf\Dev\Dev2.Activities.Designers\Dev2.Activities.Designers.csproj]
C:\Program Files\dotnet\sdk\10.0.201\Microsoft.Common.CurrentVersion.targets(2451,5): warning MSB3277:             C:\Users\ultra\warewolf\Dev\Dev2.Services.Execution\bin\Debug\net8.0\Dev2.Services.Execution.dll [C:\Users\ultra\warewolf\Dev\Dev2.Activities.Designers\Dev2.Activities.Designers.csproj]
C:\Program Files\dotnet\sdk\10.0.201\Microsoft.Common.CurrentVersion.targets(2451,5): warning MSB3277:             C:\Users\ultra\warewolf\Dev\Warewolf.Driver.Persistence\bin\Debug\net8.0\Warewolf.Driver.Persistence.dll [C:\Users\ultra\warewolf\Dev\Dev2.Activities.Designers\Dev2.Activities.Designers.csproj]
C:\Program Files\dotnet\sdk\10.0.201\Microsoft.Common.CurrentVersion.targets(2451,5): warning MSB3277:             C:\Users\ultra\.nuget\packages\corewcf.http\1.2.1\lib\netstandard2.0\CoreWCF.Http.dll [C:\Users\ultra\warewolf\Dev\Dev2.Activities.Designers\Dev2.Activities.Designers.csproj]
C:\Program Files\dotnet\sdk\10.0.201\Microsoft.Common.CurrentVersion.targets(2451,5): warning MSB3277:             C:\Users\ultra\.nuget\packages\corewcf.nettcp\1.2.1\lib\netstandard2.0\CoreWCF.NetTcp.dll [C:\Users\ultra\warewolf\Dev\Dev2.Activities.Designers\Dev2.Activities.Designers.csproj]
C:\Program Files\dotnet\sdk\10.0.201\Microsoft.Common.CurrentVersion.targets(2451,5): warning MSB3277:             C:\Users\ultra\.nuget\packages\corewcf.webhttp\1.2.1\lib\netstandard2.0\CoreWCF.WebHttp.dll [C:\Users\ultra\warewolf\Dev\Dev2.Activities.Designers\Dev2.Activities.Designers.csproj]
C:\Program Files\dotnet\sdk\10.0.201\Microsoft.Common.CurrentVersion.targets(2451,5): warning MSB3277:         C:\Program Files\dotnet\packs\Microsoft.NETCore.App.Ref\8.0.25\ref\net8.0\System.Configuration.dll [C:\Users\ultra\warewolf\Dev\Dev2.Activities.Designers\Dev2.Activities.Designers.csproj]
C:\Program Files\dotnet\sdk\10.0.201\Microsoft.Common.CurrentVersion.targets(2451,5): warning MSB3277:           Project file item includes which caused reference "C:\Program Files\dotnet\packs\Microsoft.NETCore.App.Ref\8.0.25\ref\net8.0\System.Configuration.dll". [C:\Users\ultra\warewolf\Dev\Dev2.Activities.Designers\Dev2.Activities.Designers.csproj]
C:\Program Files\dotnet\sdk\10.0.201\Microsoft.Common.CurrentVersion.targets(2451,5): warning MSB3277:             C:\Program Files\dotnet\packs\Microsoft.NETCore.App.Ref\8.0.25\ref/net8.0/System.Configuration.dll [C:\Users\ultra\warewolf\Dev\Dev2.Activities.Designers\Dev2.Activities.Designers.csproj]
C:\Program Files\dotnet\sdk\10.0.201\Microsoft.Common.CurrentVersion.targets(2451,5): warning MSB3277:             C:\Users\ultra\.nuget\packages\prism.wpf\9.0.537\lib\net462\Prism.Wpf.dll [C:\Users\ultra\warewolf\Dev\Dev2.Activities.Designers\Dev2.Activities.Designers.csproj]
C:\Program Files\dotnet\sdk\10.0.201\Microsoft.Common.CurrentVersion.targets(2451,5): warning MSB3277:         C:\Program Files\dotnet\packs\Microsoft.NETCore.App.Ref\8.0.25\ref\net8.0\System.Data.dll [C:\Users\ultra\warewolf\Dev\Dev2.Activities.Designers\Dev2.Activities.Designers.csproj]
C:\Program Files\dotnet\sdk\10.0.201\Microsoft.Common.CurrentVersion.targets(2451,5): warning MSB3277:           Project file item includes which caused reference "C:\Program Files\dotnet\packs\Microsoft.NETCore.App.Ref\8.0.25\ref\net8.0\System.Data.dll". [C:\Users\ultra\warewolf\Dev\Dev2.Activities.Designers\Dev2.Activities.Designers.csproj]
C:\Program Files\dotnet\sdk\10.0.201\Microsoft.Common.CurrentVersion.targets(2451,5): warning MSB3277:             C:\Program Files\dotnet\packs\Microsoft.NETCore.App.Ref\8.0.25\ref/net8.0/System.Data.dll [C:\Users\ultra\warewolf\Dev\Dev2.Activities.Designers\Dev2.Activities.Designers.csproj]
C:\Program Files\dotnet\sdk\10.0.201\Microsoft.Common.CurrentVersion.targets(2451,5): warning MSB3277:             C:\Users\ultra\.nuget\packages\taskschedulereditor\2.10.1\lib\net452\Microsoft.Win32.TaskSchedulerEditor.dll [C:\Users\ultra\warewolf\Dev\Dev2.Activities.Designers\Dev2.Activities.Designers.csproj]
C:\Program Files\dotnet\sdk\10.0.201\Microsoft.Common.CurrentVersion.targets(2451,5): warning MSB3277:         C:\Program Files\dotnet\packs\Microsoft.NETCore.App.Ref\8.0.25\ref\net8.0\System.Drawing.dll [C:\Users\ultra\warewolf\Dev\Dev2.Activities.Designers\Dev2.Activities.Designers.csproj]
C:\Program Files\dotnet\sdk\10.0.201\Microsoft.Common.CurrentVersion.targets(2451,5): warning MSB3277:           Project file item includes which caused reference "C:\Program Files\dotnet\packs\Microsoft.NETCore.App.Ref\8.0.25\ref\net8.0\System.Drawing.dll". [C:\Users\ultra\warewolf\Dev\Dev2.Activities.Designers\Dev2.Activities.Designers.csproj]
C:\Program Files\dotnet\sdk\10.0.201\Microsoft.Common.CurrentVersion.targets(2451,5): warning MSB3277:             C:\Program Files\dotnet\packs\Microsoft.NETCore.App.Ref\8.0.25\ref/net8.0/System.Drawing.dll [C:\Users\ultra\warewolf\Dev\Dev2.Activities.Designers\Dev2.Activities.Designers.csproj]
C:\Program Files\dotnet\sdk\10.0.201\Microsoft.Common.CurrentVersion.targets(2451,5): warning MSB3277:             C:\Users\ultra\.nuget\packages\aerowizard\2.3.1\lib\net45\AeroWizard.dll [C:\Users\ultra\warewolf\Dev\Dev2.Activities.Designers\Dev2.Activities.Designers.csproj]
C:\Program Files\dotnet\sdk\10.0.201\Microsoft.Common.CurrentVersion.targets(2451,5): warning MSB3277:             C:\Users\ultra\.nuget\packages\groupcontrols\1.9.0\lib\net45\GroupControls.dll [C:\Users\ultra\warewolf\Dev\Dev2.Activities.Designers\Dev2.Activities.Designers.csproj]
C:\Program Files\dotnet\sdk\10.0.201\Microsoft.Common.CurrentVersion.targets(2451,5): warning MSB3277:             C:\Users\ultra\.nuget\packages\taskschedulereditor\2.10.1\lib\net452\Microsoft.Win32.TaskSchedulerEditor.dll [C:\Users\ultra\warewolf\Dev\Dev2.Activities.Designers\Dev2.Activities.Designers.csproj]
C:\Program Files\dotnet\sdk\10.0.201\Microsoft.Common.CurrentVersion.targets(2451,5): warning MSB3277:         C:\Program Files\dotnet\packs\Microsoft.NETCore.App.Ref\8.0.25\ref\net8.0\System.Net.dll [C:\Users\ultra\warewolf\Dev\Dev2.Activities.Designers\Dev2.Activities.Designers.csproj]
C:\Program Files\dotnet\sdk\10.0.201\Microsoft.Common.CurrentVersion.targets(2451,5): warning MSB3277:           Project file item includes which caused reference "C:\Program Files\dotnet\packs\Microsoft.NETCore.App.Ref\8.0.25\ref\net8.0\System.Net.dll". [C:\Users\ultra\warewolf\Dev\Dev2.Activities.Designers\Dev2.Activities.Designers.csproj]
C:\Program Files\dotnet\sdk\10.0.201\Microsoft.Common.CurrentVersion.targets(2451,5): warning MSB3277:             C:\Program Files\dotnet\packs\Microsoft.NETCore.App.Ref\8.0.25\ref/net8.0/System.Net.dll [C:\Users\ultra\warewolf\Dev\Dev2.Activities.Designers\Dev2.Activities.Designers.csproj]
C:\Program Files\dotnet\sdk\10.0.201\Microsoft.Common.CurrentVersion.targets(2451,5): warning MSB3277:         C:\Program Files\dotnet\packs\Microsoft.NETCore.App.Ref\8.0.25\ref\net8.0\System.Security.dll [C:\Users\ultra\warewolf\Dev\Dev2.Activities.Designers\Dev2.Activities.Designers.csproj]
C:\Program Files\dotnet\sdk\10.0.201\Microsoft.Common.CurrentVersion.targets(2451,5): warning MSB3277:           Project file item includes which caused reference "C:\Program Files\dotnet\packs\Microsoft.NETCore.App.Ref\8.0.25\ref\net8.0\System.Security.dll". [C:\Users\ultra\warewolf\Dev\Dev2.Activities.Designers\Dev2.Activities.Designers.csproj]
C:\Program Files\dotnet\sdk\10.0.201\Microsoft.Common.CurrentVersion.targets(2451,5): warning MSB3277:             C:\Program Files\dotnet\packs\Microsoft.NETCore.App.Ref\8.0.25\ref/net8.0/System.Security.dll [C:\Users\ultra\warewolf\Dev\Dev2.Activities.Designers\Dev2.Activities.Designers.csproj]
C:\Program Files\dotnet\sdk\10.0.201\Microsoft.Common.CurrentVersion.targets(2451,5): warning MSB3277:         C:\Program Files\dotnet\packs\Microsoft.NETCore.App.Ref\8.0.25\ref\net8.0\System.ServiceProcess.dll [C:\Users\ultra\warewolf\Dev\Dev2.Activities.Designers\Dev2.Activities.Designers.csproj]
C:\Program Files\dotnet\sdk\10.0.201\Microsoft.Common.CurrentVersion.targets(2451,5): warning MSB3277:           Project file item includes which caused reference "C:\Program Files\dotnet\packs\Microsoft.NETCore.App.Ref\8.0.25\ref\net8.0\System.ServiceProcess.dll". [C:\Users\ultra\warewolf\Dev\Dev2.Activities.Designers\Dev2.Activities.Designers.csproj]
C:\Program Files\dotnet\sdk\10.0.201\Microsoft.Common.CurrentVersion.targets(2451,5): warning MSB3277:             C:\Program Files\dotnet\packs\Microsoft.NETCore.App.Ref\8.0.25\ref/net8.0/System.ServiceProcess.dll [C:\Users\ultra\warewolf\Dev\Dev2.Activities.Designers\Dev2.Activities.Designers.csproj]
C:\Program Files\dotnet\sdk\10.0.201\Microsoft.Common.CurrentVersion.targets(2451,5): warning MSB3277:         C:\Program Files\dotnet\packs\Microsoft.NETCore.App.Ref\8.0.25\ref\net8.0\System.Transactions.dll [C:\Users\ultra\warewolf\Dev\Dev2.Activities.Designers\Dev2.Activities.Designers.csproj]
C:\Program Files\dotnet\sdk\10.0.201\Microsoft.Common.CurrentVersion.targets(2451,5): warning MSB3277:           Project file item includes which caused reference "C:\Program Files\dotnet\packs\Microsoft.NETCore.App.Ref\8.0.25\ref\net8.0\System.Transactions.dll". [C:\Users\ultra\warewolf\Dev\Dev2.Activities.Designers\Dev2.Activities.Designers.csproj]
C:\Program Files\dotnet\sdk\10.0.201\Microsoft.Common.CurrentVersion.targets(2451,5): warning MSB3277:             C:\Program Files\dotnet\packs\Microsoft.NETCore.App.Ref\8.0.25\ref/net8.0/System.Transactions.dll [C:\Users\ultra\warewolf\Dev\Dev2.Activities.Designers\Dev2.Activities.Designers.csproj]
C:\Program Files\dotnet\sdk\10.0.201\Microsoft.Common.CurrentVersion.targets(2451,5): warning MSB3277:         C:\Program Files\dotnet\packs\Microsoft.NETCore.App.Ref\8.0.25\ref\net8.0\System.dll [C:\Users\ultra\warewolf\Dev\Dev2.Activities.Designers\Dev2.Activities.Designers.csproj]
C:\Program Files\dotnet\sdk\10.0.201\Microsoft.Common.CurrentVersion.targets(2451,5): warning MSB3277:           Project file item includes which caused reference "C:\Program Files\dotnet\packs\Microsoft.NETCore.App.Ref\8.0.25\ref\net8.0\System.dll". [C:\Users\ultra\warewolf\Dev\Dev2.Activities.Designers\Dev2.Activities.Designers.csproj]
C:\Program Files\dotnet\sdk\10.0.201\Microsoft.Common.CurrentVersion.targets(2451,5): warning MSB3277:             C:\Program Files\dotnet\packs\Microsoft.NETCore.App.Ref\8.0.25\ref/net8.0/System.dll [C:\Users\ultra\warewolf\Dev\Dev2.Activities.Designers\Dev2.Activities.Designers.csproj]
C:\Program Files\dotnet\sdk\10.0.201\Microsoft.Common.CurrentVersion.targets(2451,5): warning MSB3277:             C:\Users\ultra\.nuget\packages\aerowizard\2.3.1\lib\net45\AeroWizard.dll [C:\Users\ultra\warewolf\Dev\Dev2.Activities.Designers\Dev2.Activities.Designers.csproj]
C:\Program Files\dotnet\sdk\10.0.201\Microsoft.Common.CurrentVersion.targets(2451,5): warning MSB3277:             C:\Users\ultra\.nuget\packages\groupcontrols\1.9.0\lib\net45\GroupControls.dll [C:\Users\ultra\warewolf\Dev\Dev2.Activities.Designers\Dev2.Activities.Designers.csproj]
C:\Program Files\dotnet\sdk\10.0.201\Microsoft.Common.CurrentVersion.targets(2451,5): warning MSB3277:             C:\Users\ultra\.nuget\packages\microsoft.xaml.behaviors.wpf\1.1.122\lib\net462\Microsoft.Xaml.Behaviors.dll [C:\Users\ultra\warewolf\Dev\Dev2.Activities.Designers\Dev2.Activities.Designers.csproj]
C:\Program Files\dotnet\sdk\10.0.201\Microsoft.Common.CurrentVersion.targets(2451,5): warning MSB3277:             C:\Users\ultra\.nuget\packages\caliburn.micro\4.0.212\lib\netcoreapp3.1\Caliburn.Micro.Platform.dll [C:\Users\ultra\warewolf\Dev\Dev2.Activities.Designers\Dev2.Activities.Designers.csproj]
C:\Program Files\dotnet\sdk\10.0.201\Microsoft.Common.CurrentVersion.targets(2451,5): warning MSB3277:             C:\Users\ultra\.nuget\packages\prism.wpf\9.0.537\lib\net462\Prism.Wpf.dll [C:\Users\ultra\warewolf\Dev\Dev2.Activities.Designers\Dev2.Activities.Designers.csproj]
C:\Program Files\dotnet\sdk\10.0.201\Microsoft.Common.CurrentVersion.targets(2451,5): warning MSB3277:             C:\Users\ultra\.nuget\packages\reactiveui.wpf\18.4.1\lib\net462\ReactiveUI.Wpf.dll [C:\Users\ultra\warewolf\Dev\Dev2.Activities.Designers\Dev2.Activities.Designers.csproj]
C:\Program Files\dotnet\sdk\10.0.201\Microsoft.Common.CurrentVersion.targets(2451,5): warning MSB3277:             C:\Users\ultra\.nuget\packages\taskschedulereditor\2.10.1\lib\net452\Microsoft.Win32.TaskSchedulerEditor.dll [C:\Users\ultra\warewolf\Dev\Dev2.Activities.Designers\Dev2.Activities.Designers.csproj]
C:\Program Files\dotnet\sdk\10.0.201\Microsoft.Common.CurrentVersion.targets(2451,5): warning MSB3277:             C:\Users\ultra\.nuget\packages\ttcue.netcore.sharepointonline.csom.16.1.8029.1200\16.1.8029.1200\lib\netcoreapp2.0\Microsoft.SharePoint.Client.Runtime.Windows.dll [C:\Users\ultra\warewolf\Dev\Dev2.Activities.Designers\Dev2.Activities.Designers.csproj]
C:\Program Files\dotnet\sdk\10.0.201\Microsoft.Common.CurrentVersion.targets(2451,5): warning MSB3277:         C:\Program Files\dotnet\packs\Microsoft.NETCore.App.Ref\8.0.25\ref\net8.0\WindowsBase.dll [C:\Users\ultra\warewolf\Dev\Dev2.Activities.Designers\Dev2.Activities.Designers.csproj]
C:\Program Files\dotnet\sdk\10.0.201\Microsoft.Common.CurrentVersion.targets(2451,5): warning MSB3277:           Project file item includes which caused reference "C:\Program Files\dotnet\packs\Microsoft.NETCore.App.Ref\8.0.25\ref\net8.0\WindowsBase.dll". [C:\Users\ultra\warewolf\Dev\Dev2.Activities.Designers\Dev2.Activities.Designers.csproj]
C:\Program Files\dotnet\sdk\10.0.201\Microsoft.Common.CurrentVersion.targets(2451,5): warning MSB3277:             C:\Program Files\dotnet\packs\Microsoft.NETCore.App.Ref\8.0.25\ref/net8.0/WindowsBase.dll [C:\Users\ultra\warewolf\Dev\Dev2.Activities.Designers\Dev2.Activities.Designers.csproj]
C:\Program Files\dotnet\sdk\10.0.201\Microsoft.Common.CurrentVersion.targets(2451,5): warning MSB3277:         C:\Program Files\dotnet\packs\Microsoft.NETCore.App.Ref\8.0.25\ref\net8.0\mscorlib.dll [C:\Users\ultra\warewolf\Dev\Dev2.Activities.Designers\Dev2.Activities.Designers.csproj]
C:\Program Files\dotnet\sdk\10.0.201\Microsoft.Common.CurrentVersion.targets(2451,5): warning MSB3277:           Project file item includes which caused reference "C:\Program Files\dotnet\packs\Microsoft.NETCore.App.Ref\8.0.25\ref\net8.0\mscorlib.dll". [C:\Users\ultra\warewolf\Dev\Dev2.Activities.Designers\Dev2.Activities.Designers.csproj]
C:\Program Files\dotnet\sdk\10.0.201\Microsoft.Common.CurrentVersion.targets(2451,5): warning MSB3277:             C:\Program Files\dotnet\packs\Microsoft.NETCore.App.Ref\8.0.25\ref/net8.0/mscorlib.dll [C:\Users\ultra\warewolf\Dev\Dev2.Activities.Designers\Dev2.Activities.Designers.csproj]
C:\Program Files\dotnet\sdk\10.0.201\Microsoft.Common.CurrentVersion.targets(2451,5): warning MSB3277:             C:\Users\ultra\.nuget\packages\aerowizard\2.3.1\lib\net45\AeroWizard.dll [C:\Users\ultra\warewolf\Dev\Dev2.Activities.Designers\Dev2.Activities.Designers.csproj]
C:\Program Files\dotnet\sdk\10.0.201\Microsoft.Common.CurrentVersion.targets(2451,5): warning MSB3277:             C:\Users\ultra\.nuget\packages\groupcontrols\1.9.0\lib\net45\GroupControls.dll [C:\Users\ultra\warewolf\Dev\Dev2.Activities.Designers\Dev2.Activities.Designers.csproj]
C:\Program Files\dotnet\sdk\10.0.201\Microsoft.Common.CurrentVersion.targets(2451,5): warning MSB3277:             C:\Users\ultra\.nuget\packages\hangfire.core\1.7.32\lib\netstandard2.0\Hangfire.Core.dll [C:\Users\ultra\warewolf\Dev\Dev2.Activities.Designers\Dev2.Activities.Designers.csproj]
C:\Program Files\dotnet\sdk\10.0.201\Microsoft.Common.CurrentVersion.targets(2451,5): warning MSB3277:             C:\Users\ultra\warewolf\Dev\Dev2.Activities\bin\Debug\net8.0\Dev2.Activities.dll [C:\Users\ultra\warewolf\Dev\Dev2.Activities.Designers\Dev2.Activities.Designers.csproj]
C:\Program Files\dotnet\sdk\10.0.201\Microsoft.Common.CurrentVersion.targets(2451,5): warning MSB3277:             C:\Users\ultra\warewolf\Dev\Dev2.Studio.Core\bin\Debug\net8.0\Dev2.Studio.Core.dll [C:\Users\ultra\warewolf\Dev\Dev2.Activities.Designers\Dev2.Activities.Designers.csproj]
C:\Program Files\dotnet\sdk\10.0.201\Microsoft.Common.CurrentVersion.targets(2451,5): warning MSB3277:             C:\Users\ultra\warewolf\Dev\Dev2.Intellisense\bin\Debug\net8.0\Dev2.Intellisense.dll [C:\Users\ultra\warewolf\Dev\Dev2.Activities.Designers\Dev2.Activities.Designers.csproj]
C:\Program Files\dotnet\sdk\10.0.201\Microsoft.Common.CurrentVersion.targets(2451,5): warning MSB3277:             C:\Users\ultra\warewolf\Dev\Warewolf.Driver.Persistence\bin\Debug\net8.0\Warewolf.Driver.Persistence.dll [C:\Users\ultra\warewolf\Dev\Dev2.Activities.Designers\Dev2.Activities.Designers.csproj]
C:\Program Files\dotnet\sdk\10.0.201\Microsoft.Common.CurrentVersion.targets(2451,5): warning MSB3277:             C:\Users\ultra\.nuget\packages\hangfire.sqlserver\1.7.32\lib\netstandard2.0\Hangfire.SqlServer.dll [C:\Users\ultra\warewolf\Dev\Dev2.Activities.Designers\Dev2.Activities.Designers.csproj]
C:\Program Files\dotnet\sdk\10.0.201\Microsoft.Common.CurrentVersion.targets(2451,5): warning MSB3277:             C:\Users\ultra\.nuget\packages\microsoft.xaml.behaviors.wpf\1.1.122\lib\net462\Microsoft.Xaml.Behaviors.dll [C:\Users\ultra\warewolf\Dev\Dev2.Activities.Designers\Dev2.Activities.Designers.csproj]
C:\Program Files\dotnet\sdk\10.0.201\Microsoft.Common.CurrentVersion.targets(2451,5): warning MSB3277:             C:\Users\ultra\.nuget\packages\caliburn.micro\4.0.212\lib\netcoreapp3.1\Caliburn.Micro.Platform.dll [C:\Users\ultra\warewolf\Dev\Dev2.Activities.Designers\Dev2.Activities.Designers.csproj]
C:\Program Files\dotnet\sdk\10.0.201\Microsoft.Common.CurrentVersion.targets(2451,5): warning MSB3277:             C:\Users\ultra\.nuget\packages\oracle.manageddataaccess.core\3.21.70\lib\netstandard2.1\Oracle.ManagedDataAccess.dll [C:\Users\ultra\warewolf\Dev\Dev2.Activities.Designers\Dev2.Activities.Designers.csproj]
C:\Program Files\dotnet\sdk\10.0.201\Microsoft.Common.CurrentVersion.targets(2451,5): warning MSB3277:             C:\Users\ultra\warewolf\Dev\Dev2.Runtime.Services\bin\Debug\net8.0\Dev2.Runtime.Services.dll [C:\Users\ultra\warewolf\Dev\Dev2.Activities.Designers\Dev2.Activities.Designers.csproj]
C:\Program Files\dotnet\sdk\10.0.201\Microsoft.Common.CurrentVersion.targets(2451,5): warning MSB3277:             C:\Users\ultra\warewolf\Dev\Dev2.Studio.Interfaces\bin\Debug\net8.0\Dev2.Studio.Interfaces.dll [C:\Users\ultra\warewolf\Dev\Dev2.Activities.Designers\Dev2.Activities.Designers.csproj]
C:\Program Files\dotnet\sdk\10.0.201\Microsoft.Common.CurrentVersion.targets(2451,5): warning MSB3277:             C:\Users\ultra\warewolf\Dev\Warewolf.Studio.Core\bin\Debug\net8.0\Warewolf.Studio.Core.dll [C:\Users\ultra\warewolf\Dev\Dev2.Activities.Designers\Dev2.Activities.Designers.csproj]
C:\Program Files\dotnet\sdk\10.0.201\Microsoft.Common.CurrentVersion.targets(2451,5): warning MSB3277:             C:\Users\ultra\warewolf\Dev\Warewolf.Studio.CustomControls\bin\Debug\net8.0\Warewolf.Studio.CustomControls.dll [C:\Users\ultra\warewolf\Dev\Dev2.Activities.Designers\Dev2.Activities.Designers.csproj]
C:\Program Files\dotnet\sdk\10.0.201\Microsoft.Common.CurrentVersion.targets(2451,5): warning MSB3277:             C:\Users\ultra\warewolf\Dev\Warewolf.Studio.Models\bin\Debug\net8.0\Warewolf.Studio.Models.dll [C:\Users\ultra\warewolf\Dev\Dev2.Activities.Designers\Dev2.Activities.Designers.csproj]
C:\Program Files\dotnet\sdk\10.0.201\Microsoft.Common.CurrentVersion.targets(2451,5): warning MSB3277:             C:\Users\ultra\warewolf\Dev\Dev2.Services.Execution\bin\Debug\net8.0\Dev2.Services.Execution.dll [C:\Users\ultra\warewolf\Dev\Dev2.Activities.Designers\Dev2.Activities.Designers.csproj]
C:\Program Files\dotnet\sdk\10.0.201\Microsoft.Common.CurrentVersion.targets(2451,5): warning MSB3277:             C:\Users\ultra\warewolf\Dev\Dev2.Services.Sql\bin\Debug\net8.0\Dev2.Services.Sql.dll [C:\Users\ultra\warewolf\Dev\Dev2.Activities.Designers\Dev2.Activities.Designers.csproj]
C:\Program Files\dotnet\sdk\10.0.201\Microsoft.Common.CurrentVersion.targets(2451,5): warning MSB3277:             C:\Users\ultra\.nuget\packages\prism.wpf\9.0.537\lib\net462\Prism.Wpf.dll [C:\Users\ultra\warewolf\Dev\Dev2.Activities.Designers\Dev2.Activities.Designers.csproj]
C:\Program Files\dotnet\sdk\10.0.201\Microsoft.Common.CurrentVersion.targets(2451,5): warning MSB3277:             C:\Users\ultra\.nuget\packages\reactiveui.wpf\18.4.1\lib\net462\ReactiveUI.Wpf.dll [C:\Users\ultra\warewolf\Dev\Dev2.Activities.Designers\Dev2.Activities.Designers.csproj]
C:\Program Files\dotnet\sdk\10.0.201\Microsoft.Common.CurrentVersion.targets(2451,5): warning MSB3277:             C:\Users\ultra\.nuget\packages\taskschedulereditor\2.10.1\lib\net452\Microsoft.Win32.TaskSchedulerEditor.dll [C:\Users\ultra\warewolf\Dev\Dev2.Activities.Designers\Dev2.Activities.Designers.csproj]
C:\Program Files\dotnet\sdk\10.0.201\Microsoft.Common.CurrentVersion.targets(2451,5): warning MSB3277:             C:\Users\ultra\.nuget\packages\ttcue.netcore.sharepointonline.csom.16.1.8029.1200\16.1.8029.1200\lib\netcoreapp2.0\Microsoft.SharePoint.Client.Runtime.Windows.dll [C:\Users\ultra\warewolf\Dev\Dev2.Activities.Designers\Dev2.Activities.Designers.csproj]
C:\Program Files\dotnet\sdk\10.0.201\Microsoft.Common.CurrentVersion.targets(2451,5): warning MSB3277:         C:\Users\ultra\warewolf\Dev\Dev2.Development.Languages\bin\Debug\net8.0\IronRuby.dll [C:\Users\ultra\warewolf\Dev\Dev2.Activities.Designers\Dev2.Activities.Designers.csproj]
C:\Program Files\dotnet\sdk\10.0.201\Microsoft.Common.CurrentVersion.targets(2451,5): warning MSB3277:           Project file item includes which caused reference "C:\Users\ultra\warewolf\Dev\Dev2.Development.Languages\bin\Debug\net8.0\IronRuby.dll". [C:\Users\ultra\warewolf\Dev\Dev2.Activities.Designers\Dev2.Activities.Designers.csproj]
C:\Program Files\dotnet\sdk\10.0.201\Microsoft.Common.CurrentVersion.targets(2451,5): warning MSB3277:             C:\Users\ultra\warewolf\Dev\Dev2.Development.Languages\bin\Debug\net8.0\Dev2.Development.Languages.dll [C:\Users\ultra\warewolf\Dev\Dev2.Activities.Designers\Dev2.Activities.Designers.csproj]
C:\Program Files\dotnet\sdk\10.0.201\Microsoft.Common.CurrentVersion.targets(2451,5): warning MSB3277:             C:\Users\ultra\warewolf\Dev\Dev2.Activities\bin\Debug\net8.0\Dev2.Activities.dll [C:\Users\ultra\warewolf\Dev\Dev2.Activities.Designers\Dev2.Activities.Designers.csproj]
C:\Program Files\dotnet\sdk\10.0.201\Microsoft.Common.CurrentVersion.targets(2451,5): warning MSB3277:             C:\Users\ultra\warewolf\Dev\Dev2.Studio.Core\bin\Debug\net8.0\Dev2.Studio.Core.dll [C:\Users\ultra\warewolf\Dev\Dev2.Activities.Designers\Dev2.Activities.Designers.csproj]
C:\Program Files\dotnet\sdk\10.0.201\Microsoft.Common.CurrentVersion.targets(2451,5): warning MSB3277:             C:\Users\ultra\warewolf\Dev\Dev2.Intellisense\bin\Debug\net8.0\Dev2.Intellisense.dll [C:\Users\ultra\warewolf\Dev\Dev2.Activities.Designers\Dev2.Activities.Designers.csproj]
C:\Program Files\dotnet\sdk\10.0.201\Microsoft.Common.CurrentVersion.targets(2451,5): warning MSB3277:         C:\Users\ultra\warewolf\Dev\Dev2.Development.Languages\bin\Debug\net8.0\IronRuby.Libraries.dll [C:\Users\ultra\warewolf\Dev\Dev2.Activities.Designers\Dev2.Activities.Designers.csproj]
C:\Program Files\dotnet\sdk\10.0.201\Microsoft.Common.CurrentVersion.targets(2451,5): warning MSB3277:           Project file item includes which caused reference "C:\Users\ultra\warewolf\Dev\Dev2.Development.Languages\bin\Debug\net8.0\IronRuby.Libraries.dll". [C:\Users\ultra\warewolf\Dev\Dev2.Activities.Designers\Dev2.Activities.Designers.csproj]
C:\Program Files\dotnet\sdk\10.0.201\Microsoft.Common.CurrentVersion.targets(2451,5): warning MSB3277:             C:\Users\ultra\warewolf\Dev\Dev2.Development.Languages\bin\Debug\net8.0\Dev2.Development.Languages.dll [C:\Users\ultra\warewolf\Dev\Dev2.Activities.Designers\Dev2.Activities.Designers.csproj]
C:\Program Files\dotnet\sdk\10.0.201\Microsoft.Common.CurrentVersion.targets(2451,5): warning MSB3277:             C:\Users\ultra\warewolf\Dev\Dev2.Activities\bin\Debug\net8.0\Dev2.Activities.dll [C:\Users\ultra\warewolf\Dev\Dev2.Activities.Designers\Dev2.Activities.Designers.csproj]
C:\Program Files\dotnet\sdk\10.0.201\Microsoft.Common.CurrentVersion.targets(2451,5): warning MSB3277:             C:\Users\ultra\warewolf\Dev\Dev2.Studio.Core\bin\Debug\net8.0\Dev2.Studio.Core.dll [C:\Users\ultra\warewolf\Dev\Dev2.Activities.Designers\Dev2.Activities.Designers.csproj]
C:\Program Files\dotnet\sdk\10.0.201\Microsoft.Common.CurrentVersion.targets(2451,5): warning MSB3277:             C:\Users\ultra\warewolf\Dev\Dev2.Intellisense\bin\Debug\net8.0\Dev2.Intellisense.dll [C:\Users\ultra\warewolf\Dev\Dev2.Activities.Designers\Dev2.Activities.Designers.csproj]
C:\Program Files\dotnet\sdk\10.0.201\Microsoft.Common.CurrentVersion.targets(2451,5): warning MSB3277: Found conflicts between different versions of "WindowsBase" that could not be resolved. [C:\Users\ultra\warewolf\Dev\Dev2.Activities.Designers\Dev2.Activities.Designers.csproj]
C:\Program Files\dotnet\sdk\10.0.201\Microsoft.Common.CurrentVersion.targets(2451,5): warning MSB3277: There was a conflict between "WindowsBase, Version=4.0.0.0, Culture=neutral, PublicKeyToken=31bf3856ad364e35" and "WindowsBase, Version=6.0.2.0, Culture=neutral, PublicKeyToken=31bf3856ad364e35". [C:\Users\ultra\warewolf\Dev\Dev2.Activities.Designers\Dev2.Activities.Designers.csproj]
C:\Program Files\dotnet\sdk\10.0.201\Microsoft.Common.CurrentVersion.targets(2451,5): warning MSB3277:     "WindowsBase, Version=4.0.0.0, Culture=neutral, PublicKeyToken=31bf3856ad364e35" was chosen because it was primary and "WindowsBase, Version=6.0.2.0, Culture=neutral, PublicKeyToken=31bf3856ad364e35" was not. [C:\Users\ultra\warewolf\Dev\Dev2.Activities.Designers\Dev2.Activities.Designers.csproj]
C:\Program Files\dotnet\sdk\10.0.201\Microsoft.Common.CurrentVersion.targets(2451,5): warning MSB3277:     References which depend on "WindowsBase, Version=4.0.0.0, Culture=neutral, PublicKeyToken=31bf3856ad364e35" [C:\Program Files\dotnet\packs\Microsoft.NETCore.App.Ref\8.0.25\ref\net8.0\WindowsBase.dll]. [C:\Users\ultra\warewolf\Dev\Dev2.Activities.Designers\Dev2.Activities.Designers.csproj]
C:\Program Files\dotnet\sdk\10.0.201\Microsoft.Common.CurrentVersion.targets(2451,5): warning MSB3277:         C:\Program Files\dotnet\packs\Microsoft.NETCore.App.Ref\8.0.25\ref\net8.0\WindowsBase.dll [C:\Users\ultra\warewolf\Dev\Dev2.Activities.Designers\Dev2.Activities.Designers.csproj]
C:\Program Files\dotnet\sdk\10.0.201\Microsoft.Common.CurrentVersion.targets(2451,5): warning MSB3277:           Project file item includes which caused reference "C:\Program Files\dotnet\packs\Microsoft.NETCore.App.Ref\8.0.25\ref\net8.0\WindowsBase.dll". [C:\Users\ultra\warewolf\Dev\Dev2.Activities.Designers\Dev2.Activities.Designers.csproj]
C:\Program Files\dotnet\sdk\10.0.201\Microsoft.Common.CurrentVersion.targets(2451,5): warning MSB3277:             C:\Program Files\dotnet\packs\Microsoft.NETCore.App.Ref\8.0.25\ref/net8.0/WindowsBase.dll [C:\Users\ultra\warewolf\Dev\Dev2.Activities.Designers\Dev2.Activities.Designers.csproj]
C:\Program Files\dotnet\sdk\10.0.201\Microsoft.Common.CurrentVersion.targets(2451,5): warning MSB3277:     References which depend on or have been unified to "WindowsBase, Version=6.0.2.0, Culture=neutral, PublicKeyToken=31bf3856ad364e35" []. [C:\Users\ultra\warewolf\Dev\Dev2.Activities.Designers\Dev2.Activities.Designers.csproj]
C:\Program Files\dotnet\sdk\10.0.201\Microsoft.Common.CurrentVersion.targets(2451,5): warning MSB3277:         C:\Users\ultra\warewolf\Dev\Binaries\Infragistcs_Net6\InfragisticsWPF4.Controls.Editors.XamComboEditor.v15.1.dll [C:\Users\ultra\warewolf\Dev\Dev2.Activities.Designers\Dev2.Activities.Designers.csproj]
C:\Program Files\dotnet\sdk\10.0.201\Microsoft.Common.CurrentVersion.targets(2451,5): warning MSB3277:           Project file item includes which caused reference "C:\Users\ultra\warewolf\Dev\Binaries\Infragistcs_Net6\InfragisticsWPF4.Controls.Editors.XamComboEditor.v15.1.dll". [C:\Users\ultra\warewolf\Dev\Dev2.Activities.Designers\Dev2.Activities.Designers.csproj]
C:\Program Files\dotnet\sdk\10.0.201\Microsoft.Common.CurrentVersion.targets(2451,5): warning MSB3277:             InfragisticsWPF4.Controls.Editors.XamComboEditor.v15.1, Version=15.1.20151.2055, Culture=neutral, processorArchitecture=MSIL [C:\Users\ultra\warewolf\Dev\Dev2.Activities.Designers\Dev2.Activities.Designers.csproj]
C:\Program Files\dotnet\sdk\10.0.201\Microsoft.Common.CurrentVersion.targets(2451,5): warning MSB3277:         C:\Users\ultra\warewolf\Dev\Binaries\Infragistcs_Net6\InfragisticsWPF4.Controls.Grids.XamGrid.v15.1.dll [C:\Users\ultra\warewolf\Dev\Dev2.Activities.Designers\Dev2.Activities.Designers.csproj]
C:\Program Files\dotnet\sdk\10.0.201\Microsoft.Common.CurrentVersion.targets(2451,5): warning MSB3277:           Project file item includes which caused reference "C:\Users\ultra\warewolf\Dev\Binaries\Infragistcs_Net6\InfragisticsWPF4.Controls.Grids.XamGrid.v15.1.dll". [C:\Users\ultra\warewolf\Dev\Dev2.Activities.Designers\Dev2.Activities.Designers.csproj]
C:\Program Files\dotnet\sdk\10.0.201\Microsoft.Common.CurrentVersion.targets(2451,5): warning MSB3277:             InfragisticsWPF4.Controls.Grids.XamGrid.v15.1 [C:\Users\ultra\warewolf\Dev\Dev2.Activities.Designers\Dev2.Activities.Designers.csproj]
C:\Program Files\dotnet\sdk\10.0.201\Microsoft.Common.CurrentVersion.targets(2451,5): warning MSB3277:         C:\Users\ultra\warewolf\Dev\Binaries\Infragistcs_Net6\InfragisticsWPF4.Controls.Interactions.XamDialogWindow.v15.1.dll [C:\Users\ultra\warewolf\Dev\Dev2.Activities.Designers\Dev2.Activities.Designers.csproj]
C:\Program Files\dotnet\sdk\10.0.201\Microsoft.Common.CurrentVersion.targets(2451,5): warning MSB3277:           Project file item includes which caused reference "C:\Users\ultra\warewolf\Dev\Binaries\Infragistcs_Net6\InfragisticsWPF4.Controls.Interactions.XamDialogWindow.v15.1.dll". [C:\Users\ultra\warewolf\Dev\Dev2.Activities.Designers\Dev2.Activities.Designers.csproj]
C:\Program Files\dotnet\sdk\10.0.201\Microsoft.Common.CurrentVersion.targets(2451,5): warning MSB3277:             InfragisticsWPF4.Controls.Interactions.XamDialogWindow.v15.1, Version=15.1.20151.2055, Culture=neutral, PublicKeyToken=7dd5c3163f2cd0cb, processorArchitecture=MSIL [C:\Users\ultra\warewolf\Dev\Dev2.Activities.Designers\Dev2.Activities.Designers.csproj]
C:\Program Files\dotnet\sdk\10.0.201\Microsoft.Common.CurrentVersion.targets(2451,5): warning MSB3277:         C:\Users\ultra\warewolf\Dev\Binaries\Infragistcs_Net6\InfragisticsWPF4.Controls.Menus.XamDataTree.v15.1.dll [C:\Users\ultra\warewolf\Dev\Dev2.Activities.Designers\Dev2.Activities.Designers.csproj]
C:\Program Files\dotnet\sdk\10.0.201\Microsoft.Common.CurrentVersion.targets(2451,5): warning MSB3277:           Project file item includes which caused reference "C:\Users\ultra\warewolf\Dev\Binaries\Infragistcs_Net6\InfragisticsWPF4.Controls.Menus.XamDataTree.v15.1.dll". [C:\Users\ultra\warewolf\Dev\Dev2.Activities.Designers\Dev2.Activities.Designers.csproj]
C:\Program Files\dotnet\sdk\10.0.201\Microsoft.Common.CurrentVersion.targets(2451,5): warning MSB3277:             InfragisticsWPF4.Controls.Menus.XamDataTree.v15.1 [C:\Users\ultra\warewolf\Dev\Dev2.Activities.Designers\Dev2.Activities.Designers.csproj]
C:\Program Files\dotnet\sdk\10.0.201\Microsoft.Common.CurrentVersion.targets(2451,5): warning MSB3277:         C:\Users\ultra\warewolf\Dev\Binaries\Infragistcs_Net6\InfragisticsWPF4.Controls.Menus.XamMenu.v15.1.dll [C:\Users\ultra\warewolf\Dev\Dev2.Activities.Designers\Dev2.Activities.Designers.csproj]
C:\Program Files\dotnet\sdk\10.0.201\Microsoft.Common.CurrentVersion.targets(2451,5): warning MSB3277:           Project file item includes which caused reference "C:\Users\ultra\warewolf\Dev\Binaries\Infragistcs_Net6\InfragisticsWPF4.Controls.Menus.XamMenu.v15.1.dll". [C:\Users\ultra\warewolf\Dev\Dev2.Activities.Designers\Dev2.Activities.Designers.csproj]
C:\Program Files\dotnet\sdk\10.0.201\Microsoft.Common.CurrentVersion.targets(2451,5): warning MSB3277:             InfragisticsWPF4.Controls.Menus.XamMenu.v15.1, Version=15.1.20151.2055, Culture=neutral, processorArchitecture=MSIL [C:\Users\ultra\warewolf\Dev\Dev2.Activities.Designers\Dev2.Activities.Designers.csproj]
C:\Program Files\dotnet\sdk\10.0.201\Microsoft.Common.CurrentVersion.targets(2451,5): warning MSB3277:             InfragisticsWPF4.Controls.Grids.XamGrid.v15.1 [C:\Users\ultra\warewolf\Dev\Dev2.Activities.Designers\Dev2.Activities.Designers.csproj]
C:\Program Files\dotnet\sdk\10.0.201\Microsoft.Common.CurrentVersion.targets(2451,5): warning MSB3277:         C:\Users\ultra\warewolf\Dev\Binaries\Infragistcs_Net6\InfragisticsWPF4.DataManager.v15.1.dll [C:\Users\ultra\warewolf\Dev\Dev2.Activities.Designers\Dev2.Activities.Designers.csproj]
C:\Program Files\dotnet\sdk\10.0.201\Microsoft.Common.CurrentVersion.targets(2451,5): warning MSB3277:           Project file item includes which caused reference "C:\Users\ultra\warewolf\Dev\Binaries\Infragistcs_Net6\InfragisticsWPF4.DataManager.v15.1.dll". [C:\Users\ultra\warewolf\Dev\Dev2.Activities.Designers\Dev2.Activities.Designers.csproj]
C:\Program Files\dotnet\sdk\10.0.201\Microsoft.Common.CurrentVersion.targets(2451,5): warning MSB3277:             InfragisticsWPF4.DataManager.v15.1, Version=15.1.20151.2188, Culture=neutral, PublicKeyToken=7dd5c3163f2cd0cb, processorArchitecture=MSIL [C:\Users\ultra\warewolf\Dev\Dev2.Activities.Designers\Dev2.Activities.Designers.csproj]
C:\Program Files\dotnet\sdk\10.0.201\Microsoft.Common.CurrentVersion.targets(2451,5): warning MSB3277:             InfragisticsWPF4.Controls.Editors.XamComboEditor.v15.1, Version=15.1.20151.2055, Culture=neutral, processorArchitecture=MSIL [C:\Users\ultra\warewolf\Dev\Dev2.Activities.Designers\Dev2.Activities.Designers.csproj]
C:\Program Files\dotnet\sdk\10.0.201\Microsoft.Common.CurrentVersion.targets(2451,5): warning MSB3277:             InfragisticsWPF4.Controls.Grids.XamGrid.v15.1 [C:\Users\ultra\warewolf\Dev\Dev2.Activities.Designers\Dev2.Activities.Designers.csproj]
C:\Program Files\dotnet\sdk\10.0.201\Microsoft.Common.CurrentVersion.targets(2451,5): warning MSB3277:             InfragisticsWPF4.Controls.Menus.XamDataTree.v15.1 [C:\Users\ultra\warewolf\Dev\Dev2.Activities.Designers\Dev2.Activities.Designers.csproj]
C:\Program Files\dotnet\sdk\10.0.201\Microsoft.Common.CurrentVersion.targets(2451,5): warning MSB3277:         C:\Users\ultra\warewolf\Dev\Binaries\Infragistcs_Net6\InfragisticsWPF4.Editors.v15.1.dll [C:\Users\ultra\warewolf\Dev\Dev2.Activities.Designers\Dev2.Activities.Designers.csproj]
C:\Program Files\dotnet\sdk\10.0.201\Microsoft.Common.CurrentVersion.targets(2451,5): warning MSB3277:           Project file item includes which caused reference "C:\Users\ultra\warewolf\Dev\Binaries\Infragistcs_Net6\InfragisticsWPF4.Editors.v15.1.dll". [C:\Users\ultra\warewolf\Dev\Dev2.Activities.Designers\Dev2.Activities.Designers.csproj]
C:\Program Files\dotnet\sdk\10.0.201\Microsoft.Common.CurrentVersion.targets(2451,5): warning MSB3277:             InfragisticsWPF4.Editors.v15.1, Version=15.1.20151.2055, Culture=neutral, processorArchitecture=MSIL [C:\Users\ultra\warewolf\Dev\Dev2.Activities.Designers\Dev2.Activities.Designers.csproj]
C:\Program Files\dotnet\sdk\10.0.201\Microsoft.Common.CurrentVersion.targets(2451,5): warning MSB3277:         C:\Users\ultra\warewolf\Dev\Binaries\Infragistcs_Net6\InfragisticsWPF4.v15.1.dll [C:\Users\ultra\warewolf\Dev\Dev2.Activities.Designers\Dev2.Activities.Designers.csproj]
C:\Program Files\dotnet\sdk\10.0.201\Microsoft.Common.CurrentVersion.targets(2451,5): warning MSB3277:           Project file item includes which caused reference "C:\Users\ultra\warewolf\Dev\Binaries\Infragistcs_Net6\InfragisticsWPF4.v15.1.dll". [C:\Users\ultra\warewolf\Dev\Dev2.Activities.Designers\Dev2.Activities.Designers.csproj]
C:\Program Files\dotnet\sdk\10.0.201\Microsoft.Common.CurrentVersion.targets(2451,5): warning MSB3277:             InfragisticsWPF4.v15.1, Version=15.1.20151.2055, Culture=neutral, PublicKeyToken=7dd5c3163f2cd0cb, processorArchitecture=MSIL [C:\Users\ultra\warewolf\Dev\Dev2.Activities.Designers\Dev2.Activities.Designers.csproj]
C:\Program Files\dotnet\sdk\10.0.201\Microsoft.Common.CurrentVersion.targets(2451,5): warning MSB3277:             InfragisticsWPF4.Controls.Editors.XamComboEditor.v15.1, Version=15.1.20151.2055, Culture=neutral, processorArchitecture=MSIL [C:\Users\ultra\warewolf\Dev\Dev2.Activities.Designers\Dev2.Activities.Designers.csproj]
C:\Program Files\dotnet\sdk\10.0.201\Microsoft.Common.CurrentVersion.targets(2451,5): warning MSB3277:             InfragisticsWPF4.Controls.Grids.XamGrid.v15.1 [C:\Users\ultra\warewolf\Dev\Dev2.Activities.Designers\Dev2.Activities.Designers.csproj]
C:\Program Files\dotnet\sdk\10.0.201\Microsoft.Common.CurrentVersion.targets(2451,5): warning MSB3277:             InfragisticsWPF4.Controls.Interactions.XamDialogWindow.v15.1, Version=15.1.20151.2055, Culture=neutral, PublicKeyToken=7dd5c3163f2cd0cb, processorArchitecture=MSIL [C:\Users\ultra\warewolf\Dev\Dev2.Activities.Designers\Dev2.Activities.Designers.csproj]
C:\Program Files\dotnet\sdk\10.0.201\Microsoft.Common.CurrentVersion.targets(2451,5): warning MSB3277:             InfragisticsWPF4.Controls.Menus.XamDataTree.v15.1 [C:\Users\ultra\warewolf\Dev\Dev2.Activities.Designers\Dev2.Activities.Designers.csproj]
C:\Program Files\dotnet\sdk\10.0.201\Microsoft.Common.CurrentVersion.targets(2451,5): warning MSB3277:             InfragisticsWPF4.Controls.Menus.XamMenu.v15.1, Version=15.1.20151.2055, Culture=neutral, processorArchitecture=MSIL [C:\Users\ultra\warewolf\Dev\Dev2.Activities.Designers\Dev2.Activities.Designers.csproj]
C:\Program Files\dotnet\sdk\10.0.201\Microsoft.Common.CurrentVersion.targets(2451,5): warning MSB3277:             InfragisticsWPF4.DataManager.v15.1, Version=15.1.20151.2188, Culture=neutral, PublicKeyToken=7dd5c3163f2cd0cb, processorArchitecture=MSIL [C:\Users\ultra\warewolf\Dev\Dev2.Activities.Designers\Dev2.Activities.Designers.csproj]
C:\Program Files\dotnet\sdk\10.0.201\Microsoft.Common.CurrentVersion.targets(2451,5): warning MSB3277:             InfragisticsWPF4.Editors.v15.1, Version=15.1.20151.2055, Culture=neutral, processorArchitecture=MSIL [C:\Users\ultra\warewolf\Dev\Dev2.Activities.Designers\Dev2.Activities.Designers.csproj]
C:\Program Files\dotnet\sdk\10.0.201\Microsoft.Common.CurrentVersion.targets(2451,5): warning MSB3277:         C:\Users\ultra\.nuget\packages\caliburn.micro\4.0.212\lib\netcoreapp3.1\Caliburn.Micro.Platform.dll [C:\Users\ultra\warewolf\Dev\Dev2.Activities.Designers\Dev2.Activities.Designers.csproj]
C:\Program Files\dotnet\sdk\10.0.201\Microsoft.Common.CurrentVersion.targets(2451,5): warning MSB3277:           Project file item includes which caused reference "C:\Users\ultra\.nuget\packages\caliburn.micro\4.0.212\lib\netcoreapp3.1\Caliburn.Micro.Platform.dll". [C:\Users\ultra\warewolf\Dev\Dev2.Activities.Designers\Dev2.Activities.Designers.csproj]
C:\Program Files\dotnet\sdk\10.0.201\Microsoft.Common.CurrentVersion.targets(2451,5): warning MSB3277:             C:\Users\ultra\.nuget\packages\caliburn.micro\4.0.212\lib\netcoreapp3.1\Caliburn.Micro.Platform.dll [C:\Users\ultra\warewolf\Dev\Dev2.Activities.Designers\Dev2.Activities.Designers.csproj]
C:\Program Files\dotnet\sdk\10.0.201\Microsoft.Common.CurrentVersion.targets(2451,5): warning MSB3277:         C:\Users\ultra\.nuget\packages\extended.wpf.toolkit\4.4.0\lib\net5.0\Xceed.Wpf.AvalonDock.NET5.dll [C:\Users\ultra\warewolf\Dev\Dev2.Activities.Designers\Dev2.Activities.Designers.csproj]
C:\Program Files\dotnet\sdk\10.0.201\Microsoft.Common.CurrentVersion.targets(2451,5): warning MSB3277:           Project file item includes which caused reference "C:\Users\ultra\.nuget\packages\extended.wpf.toolkit\4.4.0\lib\net5.0\Xceed.Wpf.AvalonDock.NET5.dll". [C:\Users\ultra\warewolf\Dev\Dev2.Activities.Designers\Dev2.Activities.Designers.csproj]
C:\Program Files\dotnet\sdk\10.0.201\Microsoft.Common.CurrentVersion.targets(2451,5): warning MSB3277:             C:\Users\ultra\.nuget\packages\extended.wpf.toolkit\4.4.0\lib\net5.0\Xceed.Wpf.AvalonDock.NET5.dll [C:\Users\ultra\warewolf\Dev\Dev2.Activities.Designers\Dev2.Activities.Designers.csproj]
C:\Program Files\dotnet\sdk\10.0.201\Microsoft.Common.CurrentVersion.targets(2451,5): warning MSB3277:             C:\Users\ultra\.nuget\packages\extended.wpf.toolkit\4.4.0\lib\net5.0\Xceed.Wpf.AvalonDock.Themes.Aero.NET5.dll [C:\Users\ultra\warewolf\Dev\Dev2.Activities.Designers\Dev2.Activities.Designers.csproj]
C:\Program Files\dotnet\sdk\10.0.201\Microsoft.Common.CurrentVersion.targets(2451,5): warning MSB3277:             C:\Users\ultra\.nuget\packages\extended.wpf.toolkit\4.4.0\lib\net5.0\Xceed.Wpf.AvalonDock.Themes.Metro.NET5.dll [C:\Users\ultra\warewolf\Dev\Dev2.Activities.Designers\Dev2.Activities.Designers.csproj]
C:\Program Files\dotnet\sdk\10.0.201\Microsoft.Common.CurrentVersion.targets(2451,5): warning MSB3277:             C:\Users\ultra\.nuget\packages\extended.wpf.toolkit\4.4.0\lib\net5.0\Xceed.Wpf.AvalonDock.Themes.VS2010.NET5.dll [C:\Users\ultra\warewolf\Dev\Dev2.Activities.Designers\Dev2.Activities.Designers.csproj]
C:\Program Files\dotnet\sdk\10.0.201\Microsoft.Common.CurrentVersion.targets(2451,5): warning MSB3277:         C:\Users\ultra\.nuget\packages\extended.wpf.toolkit\4.4.0\lib\net5.0\Xceed.Wpf.AvalonDock.Themes.Aero.NET5.dll [C:\Users\ultra\warewolf\Dev\Dev2.Activities.Designers\Dev2.Activities.Designers.csproj]
C:\Program Files\dotnet\sdk\10.0.201\Microsoft.Common.CurrentVersion.targets(2451,5): warning MSB3277:           Project file item includes which caused reference "C:\Users\ultra\.nuget\packages\extended.wpf.toolkit\4.4.0\lib\net5.0\Xceed.Wpf.AvalonDock.Themes.Aero.NET5.dll". [C:\Users\ultra\warewolf\Dev\Dev2.Activities.Designers\Dev2.Activities.Designers.csproj]
C:\Program Files\dotnet\sdk\10.0.201\Microsoft.Common.CurrentVersion.targets(2451,5): warning MSB3277:             C:\Users\ultra\.nuget\packages\extended.wpf.toolkit\4.4.0\lib\net5.0\Xceed.Wpf.AvalonDock.Themes.Aero.NET5.dll [C:\Users\ultra\warewolf\Dev\Dev2.Activities.Designers\Dev2.Activities.Designers.csproj]
C:\Program Files\dotnet\sdk\10.0.201\Microsoft.Common.CurrentVersion.targets(2451,5): warning MSB3277:         C:\Users\ultra\.nuget\packages\extended.wpf.toolkit\4.4.0\lib\net5.0\Xceed.Wpf.Toolkit.NET5.dll [C:\Users\ultra\warewolf\Dev\Dev2.Activities.Designers\Dev2.Activities.Designers.csproj]
C:\Program Files\dotnet\sdk\10.0.201\Microsoft.Common.CurrentVersion.targets(2451,5): warning MSB3277:           Project file item includes which caused reference "C:\Users\ultra\.nuget\packages\extended.wpf.toolkit\4.4.0\lib\net5.0\Xceed.Wpf.Toolkit.NET5.dll". [C:\Users\ultra\warewolf\Dev\Dev2.Activities.Designers\Dev2.Activities.Designers.csproj]
C:\Program Files\dotnet\sdk\10.0.201\Microsoft.Common.CurrentVersion.targets(2451,5): warning MSB3277:             C:\Users\ultra\.nuget\packages\extended.wpf.toolkit\4.4.0\lib\net5.0\Xceed.Wpf.Toolkit.NET5.dll [C:\Users\ultra\warewolf\Dev\Dev2.Activities.Designers\Dev2.Activities.Designers.csproj]
C:\Program Files\dotnet\sdk\10.0.201\Microsoft.Common.CurrentVersion.targets(2451,5): warning MSB3277:         C:\Users\ultra\.nuget\packages\ironpython\3.4.0\lib\net6.0\IronPython.Wpf.dll [C:\Users\ultra\warewolf\Dev\Dev2.Activities.Designers\Dev2.Activities.Designers.csproj]
C:\Program Files\dotnet\sdk\10.0.201\Microsoft.Common.CurrentVersion.targets(2451,5): warning MSB3277:           Project file item includes which caused reference "C:\Users\ultra\.nuget\packages\ironpython\3.4.0\lib\net6.0\IronPython.Wpf.dll". [C:\Users\ultra\warewolf\Dev\Dev2.Activities.Designers\Dev2.Activities.Designers.csproj]
C:\Program Files\dotnet\sdk\10.0.201\Microsoft.Common.CurrentVersion.targets(2451,5): warning MSB3277:             C:\Users\ultra\.nuget\packages\ironpython\3.4.0\lib\net6.0\IronPython.Wpf.dll [C:\Users\ultra\warewolf\Dev\Dev2.Activities.Designers\Dev2.Activities.Designers.csproj]
C:\Program Files\dotnet\sdk\10.0.201\Microsoft.Common.CurrentVersion.targets(2451,5): warning MSB3277:         C:\Users\ultra\.nuget\packages\microsoft.xaml.behaviors.wpf\1.1.122\lib\net462\Microsoft.Xaml.Behaviors.dll [C:\Users\ultra\warewolf\Dev\Dev2.Activities.Designers\Dev2.Activities.Designers.csproj]
C:\Program Files\dotnet\sdk\10.0.201\Microsoft.Common.CurrentVersion.targets(2451,5): warning MSB3277:           Project file item includes which caused reference "C:\Users\ultra\.nuget\packages\microsoft.xaml.behaviors.wpf\1.1.122\lib\net462\Microsoft.Xaml.Behaviors.dll". [C:\Users\ultra\warewolf\Dev\Dev2.Activities.Designers\Dev2.Activities.Designers.csproj]
C:\Program Files\dotnet\sdk\10.0.201\Microsoft.Common.CurrentVersion.targets(2451,5): warning MSB3277:             C:\Users\ultra\.nuget\packages\microsoft.xaml.behaviors.wpf\1.1.122\lib\net462\Microsoft.Xaml.Behaviors.dll [C:\Users\ultra\warewolf\Dev\Dev2.Activities.Designers\Dev2.Activities.Designers.csproj]
C:\Program Files\dotnet\sdk\10.0.201\Microsoft.Common.CurrentVersion.targets(2451,5): warning MSB3277:             C:\Users\ultra\.nuget\packages\caliburn.micro\4.0.212\lib\netcoreapp3.1\Caliburn.Micro.Platform.dll [C:\Users\ultra\warewolf\Dev\Dev2.Activities.Designers\Dev2.Activities.Designers.csproj]
C:\Program Files\dotnet\sdk\10.0.201\Microsoft.Common.CurrentVersion.targets(2451,5): warning MSB3277:             C:\Users\ultra\.nuget\packages\prism.wpf\9.0.537\lib\net462\Prism.Wpf.dll [C:\Users\ultra\warewolf\Dev\Dev2.Activities.Designers\Dev2.Activities.Designers.csproj]
C:\Program Files\dotnet\sdk\10.0.201\Microsoft.Common.CurrentVersion.targets(2451,5): warning MSB3277:         C:\Users\ultra\.nuget\packages\prism.wpf\9.0.537\lib\net462\Prism.Wpf.dll [C:\Users\ultra\warewolf\Dev\Dev2.Activities.Designers\Dev2.Activities.Designers.csproj]
C:\Program Files\dotnet\sdk\10.0.201\Microsoft.Common.CurrentVersion.targets(2451,5): warning MSB3277:           Project file item includes which caused reference "C:\Users\ultra\.nuget\packages\prism.wpf\9.0.537\lib\net462\Prism.Wpf.dll". [C:\Users\ultra\warewolf\Dev\Dev2.Activities.Designers\Dev2.Activities.Designers.csproj]
C:\Program Files\dotnet\sdk\10.0.201\Microsoft.Common.CurrentVersion.targets(2451,5): warning MSB3277:             C:\Users\ultra\.nuget\packages\prism.wpf\9.0.537\lib\net462\Prism.Wpf.dll [C:\Users\ultra\warewolf\Dev\Dev2.Activities.Designers\Dev2.Activities.Designers.csproj]
C:\Program Files\dotnet\sdk\10.0.201\Microsoft.Common.CurrentVersion.targets(2451,5): warning MSB3277:         C:\Users\ultra\.nuget\packages\reactiveui.wpf\18.4.1\lib\net462\ReactiveUI.Wpf.dll [C:\Users\ultra\warewolf\Dev\Dev2.Activities.Designers\Dev2.Activities.Designers.csproj]
C:\Program Files\dotnet\sdk\10.0.201\Microsoft.Common.CurrentVersion.targets(2451,5): warning MSB3277:           Project file item includes which caused reference "C:\Users\ultra\.nuget\packages\reactiveui.wpf\18.4.1\lib\net462\ReactiveUI.Wpf.dll". [C:\Users\ultra\warewolf\Dev\Dev2.Activities.Designers\Dev2.Activities.Designers.csproj]
C:\Program Files\dotnet\sdk\10.0.201\Microsoft.Common.CurrentVersion.targets(2451,5): warning MSB3277:             C:\Users\ultra\.nuget\packages\reactiveui.wpf\18.4.1\lib\net462\ReactiveUI.Wpf.dll [C:\Users\ultra\warewolf\Dev\Dev2.Activities.Designers\Dev2.Activities.Designers.csproj]
C:\Program Files\dotnet\sdk\10.0.201\Microsoft.Common.CurrentVersion.targets(2451,5): warning MSB3277:         C:\Users\ultra\warewolf\Dev\Binaries\Infragistcs_Net6\InfragisticsWPF4.DragDrop.v15.1.dll [C:\Users\ultra\warewolf\Dev\Dev2.Activities.Designers\Dev2.Activities.Designers.csproj]
C:\Program Files\dotnet\sdk\10.0.201\Microsoft.Common.CurrentVersion.targets(2451,5): warning MSB3277:           Project file item includes which caused reference "C:\Users\ultra\warewolf\Dev\Binaries\Infragistcs_Net6\InfragisticsWPF4.DragDrop.v15.1.dll". [C:\Users\ultra\warewolf\Dev\Dev2.Activities.Designers\Dev2.Activities.Designers.csproj]
C:\Program Files\dotnet\sdk\10.0.201\Microsoft.Common.CurrentVersion.targets(2451,5): warning MSB3277:             InfragisticsWPF4.Controls.Menus.XamDataTree.v15.1 [C:\Users\ultra\warewolf\Dev\Dev2.Activities.Designers\Dev2.Activities.Designers.csproj]
C:\Program Files\dotnet\sdk\10.0.201\Microsoft.Common.CurrentVersion.targets(2451,5): warning MSB3277: Found conflicts between different versions of "System.Windows.Extensions" that could not be resolved. [C:\Users\ultra\warewolf\Dev\Dev2.Activities.Designers\Dev2.Activities.Designers.csproj]
C:\Program Files\dotnet\sdk\10.0.201\Microsoft.Common.CurrentVersion.targets(2451,5): warning MSB3277: There was a conflict between "System.Windows.Extensions, Version=6.0.0.0, Culture=neutral, PublicKeyToken=cc7b13ffcd2ddd51" and "System.Windows.Extensions, Version=7.0.0.0, Culture=neutral, PublicKeyToken=cc7b13ffcd2ddd51". [C:\Users\ultra\warewolf\Dev\Dev2.Activities.Designers\Dev2.Activities.Designers.csproj]
C:\Program Files\dotnet\sdk\10.0.201\Microsoft.Common.CurrentVersion.targets(2451,5): warning MSB3277:     "System.Windows.Extensions, Version=6.0.0.0, Culture=neutral, PublicKeyToken=cc7b13ffcd2ddd51" was chosen because it was primary and "System.Windows.Extensions, Version=7.0.0.0, Culture=neutral, PublicKeyToken=cc7b13ffcd2ddd51" was not. [C:\Users\ultra\warewolf\Dev\Dev2.Activities.Designers\Dev2.Activities.Designers.csproj]
C:\Program Files\dotnet\sdk\10.0.201\Microsoft.Common.CurrentVersion.targets(2451,5): warning MSB3277:     References which depend on "System.Windows.Extensions, Version=6.0.0.0, Culture=neutral, PublicKeyToken=cc7b13ffcd2ddd51" [C:\Users\ultra\.nuget\packages\system.windows.extensions\6.0.0\lib\net6.0\System.Windows.Extensions.dll]. [C:\Users\ultra\warewolf\Dev\Dev2.Activities.Designers\Dev2.Activities.Designers.csproj]
C:\Program Files\dotnet\sdk\10.0.201\Microsoft.Common.CurrentVersion.targets(2451,5): warning MSB3277:         C:\Users\ultra\.nuget\packages\system.windows.extensions\6.0.0\lib\net6.0\System.Windows.Extensions.dll [C:\Users\ultra\warewolf\Dev\Dev2.Activities.Designers\Dev2.Activities.Designers.csproj]
C:\Program Files\dotnet\sdk\10.0.201\Microsoft.Common.CurrentVersion.targets(2451,5): warning MSB3277:           Project file item includes which caused reference "C:\Users\ultra\.nuget\packages\system.windows.extensions\6.0.0\lib\net6.0\System.Windows.Extensions.dll". [C:\Users\ultra\warewolf\Dev\Dev2.Activities.Designers\Dev2.Activities.Designers.csproj]
C:\Program Files\dotnet\sdk\10.0.201\Microsoft.Common.CurrentVersion.targets(2451,5): warning MSB3277:             C:\Users\ultra\.nuget\packages\system.windows.extensions\6.0.0\lib\net6.0\System.Windows.Extensions.dll [C:\Users\ultra\warewolf\Dev\Dev2.Activities.Designers\Dev2.Activities.Designers.csproj]
C:\Program Files\dotnet\sdk\10.0.201\Microsoft.Common.CurrentVersion.targets(2451,5): warning MSB3277:     References which depend on or have been unified to "System.Windows.Extensions, Version=7.0.0.0, Culture=neutral, PublicKeyToken=cc7b13ffcd2ddd51" []. [C:\Users\ultra\warewolf\Dev\Dev2.Activities.Designers\Dev2.Activities.Designers.csproj]
C:\Program Files\dotnet\sdk\10.0.201\Microsoft.Common.CurrentVersion.targets(2451,5): warning MSB3277:         C:\Users\ultra\warewolf\Dev\Binaries\Infragistcs_Net6\InfragisticsWPF4.Editors.v15.1.dll [C:\Users\ultra\warewolf\Dev\Dev2.Activities.Designers\Dev2.Activities.Designers.csproj]
C:\Program Files\dotnet\sdk\10.0.201\Microsoft.Common.CurrentVersion.targets(2451,5): warning MSB3277:           Project file item includes which caused reference "C:\Users\ultra\warewolf\Dev\Binaries\Infragistcs_Net6\InfragisticsWPF4.Editors.v15.1.dll". [C:\Users\ultra\warewolf\Dev\Dev2.Activities.Designers\Dev2.Activities.Designers.csproj]
C:\Program Files\dotnet\sdk\10.0.201\Microsoft.Common.CurrentVersion.targets(2451,5): warning MSB3277:             InfragisticsWPF4.Editors.v15.1, Version=15.1.20151.2055, Culture=neutral, processorArchitecture=MSIL [C:\Users\ultra\warewolf\Dev\Dev2.Activities.Designers\Dev2.Activities.Designers.csproj]
C:\Program Files\dotnet\sdk\10.0.201\Microsoft.Common.CurrentVersion.targets(2451,5): warning MSB3277:         C:\Users\ultra\.nuget\packages\extended.wpf.toolkit\4.4.0\lib\net5.0\Xceed.Wpf.Toolkit.NET5.dll [C:\Users\ultra\warewolf\Dev\Dev2.Activities.Designers\Dev2.Activities.Designers.csproj]
C:\Program Files\dotnet\sdk\10.0.201\Microsoft.Common.CurrentVersion.targets(2451,5): warning MSB3277:           Project file item includes which caused reference "C:\Users\ultra\.nuget\packages\extended.wpf.toolkit\4.4.0\lib\net5.0\Xceed.Wpf.Toolkit.NET5.dll". [C:\Users\ultra\warewolf\Dev\Dev2.Activities.Designers\Dev2.Activities.Designers.csproj]
C:\Program Files\dotnet\sdk\10.0.201\Microsoft.Common.CurrentVersion.targets(2451,5): warning MSB3277:             C:\Users\ultra\.nuget\packages\extended.wpf.toolkit\4.4.0\lib\net5.0\Xceed.Wpf.Toolkit.NET5.dll [C:\Users\ultra\warewolf\Dev\Dev2.Activities.Designers\Dev2.Activities.Designers.csproj]
C:\Program Files\dotnet\sdk\10.0.201\Microsoft.Common.CurrentVersion.targets(2451,5): warning MSB3277:         C:\Users\ultra\.nuget\packages\system.security.permissions\6.0.0\lib\net6.0\System.Security.Permissions.dll [C:\Users\ultra\warewolf\Dev\Dev2.Activities.Designers\Dev2.Activities.Designers.csproj]
C:\Program Files\dotnet\sdk\10.0.201\Microsoft.Common.CurrentVersion.targets(2451,5): warning MSB3277:           Project file item includes which caused reference "C:\Users\ultra\.nuget\packages\system.security.permissions\6.0.0\lib\net6.0\System.Security.Permissions.dll". [C:\Users\ultra\warewolf\Dev\Dev2.Activities.Designers\Dev2.Activities.Designers.csproj]
C:\Program Files\dotnet\sdk\10.0.201\Microsoft.Common.CurrentVersion.targets(2451,5): warning MSB3277:             C:\Users\ultra\.nuget\packages\system.security.permissions\6.0.0\lib\net6.0\System.Security.Permissions.dll [C:\Users\ultra\warewolf\Dev\Dev2.Activities.Designers\Dev2.Activities.Designers.csproj]
C:\Program Files\dotnet\sdk\10.0.201\Microsoft.Common.CurrentVersion.targets(2451,5): warning MSB3277:         C:\Program Files\dotnet\packs\Microsoft.NETCore.App.Ref\8.0.25\ref\net8.0\System.Security.dll [C:\Users\ultra\warewolf\Dev\Dev2.Activities.Designers\Dev2.Activities.Designers.csproj]
C:\Program Files\dotnet\sdk\10.0.201\Microsoft.Common.CurrentVersion.targets(2451,5): warning MSB3277:           Project file item includes which caused reference "C:\Program Files\dotnet\packs\Microsoft.NETCore.App.Ref\8.0.25\ref\net8.0\System.Security.dll". [C:\Users\ultra\warewolf\Dev\Dev2.Activities.Designers\Dev2.Activities.Designers.csproj]
C:\Program Files\dotnet\sdk\10.0.201\Microsoft.Common.CurrentVersion.targets(2451,5): warning MSB3277:             C:\Program Files\dotnet\packs\Microsoft.NETCore.App.Ref\8.0.25\ref/net8.0/System.Security.dll [C:\Users\ultra\warewolf\Dev\Dev2.Activities.Designers\Dev2.Activities.Designers.csproj]
C:\Program Files\dotnet\sdk\10.0.201\Microsoft.Common.CurrentVersion.targets(2451,5): warning MSB3277:         C:\Program Files\dotnet\packs\Microsoft.NETCore.App.Ref\8.0.25\ref\net8.0\System.dll [C:\Users\ultra\warewolf\Dev\Dev2.Activities.Designers\Dev2.Activities.Designers.csproj]
C:\Program Files\dotnet\sdk\10.0.201\Microsoft.Common.CurrentVersion.targets(2451,5): warning MSB3277:           Project file item includes which caused reference "C:\Program Files\dotnet\packs\Microsoft.NETCore.App.Ref\8.0.25\ref\net8.0\System.dll". [C:\Users\ultra\warewolf\Dev\Dev2.Activities.Designers\Dev2.Activities.Designers.csproj]
C:\Program Files\dotnet\sdk\10.0.201\Microsoft.Common.CurrentVersion.targets(2451,5): warning MSB3277:             C:\Program Files\dotnet\packs\Microsoft.NETCore.App.Ref\8.0.25\ref/net8.0/System.dll [C:\Users\ultra\warewolf\Dev\Dev2.Activities.Designers\Dev2.Activities.Designers.csproj]
C:\Program Files\dotnet\sdk\10.0.201\Microsoft.Common.CurrentVersion.targets(2451,5): warning MSB3277:             C:\Users\ultra\.nuget\packages\aerowizard\2.3.1\lib\net45\AeroWizard.dll [C:\Users\ultra\warewolf\Dev\Dev2.Activities.Designers\Dev2.Activities.Designers.csproj]
C:\Program Files\dotnet\sdk\10.0.201\Microsoft.Common.CurrentVersion.targets(2451,5): warning MSB3277:             C:\Users\ultra\.nuget\packages\groupcontrols\1.9.0\lib\net45\GroupControls.dll [C:\Users\ultra\warewolf\Dev\Dev2.Activities.Designers\Dev2.Activities.Designers.csproj]
C:\Program Files\dotnet\sdk\10.0.201\Microsoft.Common.CurrentVersion.targets(2451,5): warning MSB3277:             C:\Users\ultra\.nuget\packages\microsoft.xaml.behaviors.wpf\1.1.122\lib\net462\Microsoft.Xaml.Behaviors.dll [C:\Users\ultra\warewolf\Dev\Dev2.Activities.Designers\Dev2.Activities.Designers.csproj]
C:\Program Files\dotnet\sdk\10.0.201\Microsoft.Common.CurrentVersion.targets(2451,5): warning MSB3277:             C:\Users\ultra\.nuget\packages\caliburn.micro\4.0.212\lib\netcoreapp3.1\Caliburn.Micro.Platform.dll [C:\Users\ultra\warewolf\Dev\Dev2.Activities.Designers\Dev2.Activities.Designers.csproj]
C:\Program Files\dotnet\sdk\10.0.201\Microsoft.Common.CurrentVersion.targets(2451,5): warning MSB3277:             C:\Users\ultra\.nuget\packages\prism.wpf\9.0.537\lib\net462\Prism.Wpf.dll [C:\Users\ultra\warewolf\Dev\Dev2.Activities.Designers\Dev2.Activities.Designers.csproj]
C:\Program Files\dotnet\sdk\10.0.201\Microsoft.Common.CurrentVersion.targets(2451,5): warning MSB3277:             C:\Users\ultra\.nuget\packages\reactiveui.wpf\18.4.1\lib\net462\ReactiveUI.Wpf.dll [C:\Users\ultra\warewolf\Dev\Dev2.Activities.Designers\Dev2.Activities.Designers.csproj]
C:\Program Files\dotnet\sdk\10.0.201\Microsoft.Common.CurrentVersion.targets(2451,5): warning MSB3277:             C:\Users\ultra\.nuget\packages\taskschedulereditor\2.10.1\lib\net452\Microsoft.Win32.TaskSchedulerEditor.dll [C:\Users\ultra\warewolf\Dev\Dev2.Activities.Designers\Dev2.Activities.Designers.csproj]
C:\Program Files\dotnet\sdk\10.0.201\Microsoft.Common.CurrentVersion.targets(2451,5): warning MSB3277:             C:\Users\ultra\.nuget\packages\ttcue.netcore.sharepointonline.csom.16.1.8029.1200\16.1.8029.1200\lib\netcoreapp2.0\Microsoft.SharePoint.Client.Runtime.Windows.dll [C:\Users\ultra\warewolf\Dev\Dev2.Activities.Designers\Dev2.Activities.Designers.csproj]
  Consider app.config remapping of assembly "System.Data.SQLite, Culture=neutral, PublicKeyToken=db937bc2d44ff139" from Version "1.0.117.0" [] to Version "1.0.118.0" [C:\Users\ultra\.nuget\packages\stub.system.data.sqlite.core.netstandard\1.0.118\lib\netstandard2.1\System.Data.SQLite.dll] to solve conflict and get rid of warning.
C:\Users\ultra\warewolf\Dev\Dev2.Common.Tests\UtilitiesTests.cs(247,58): warning CA1416: This call site is reachable on all platforms. 'WindowsIdentity.GetCurrent()' is only supported on: 'windows'. (https://learn.microsoft.com/dotnet/fundamentals/code-analysis/quality-rules/ca1416) [C:\Users\ultra\warewolf\Dev\Dev2.Common.Tests\Dev2.Common.Tests.csproj]
C:\Users\ultra\warewolf\Dev\Dev2.Common.Tests\UtilitiesTests.cs(283,68): warning CA1416: This call site is reachable on all platforms. 'WindowsIdentity.GetCurrent()' is only supported on: 'windows'. (https://learn.microsoft.com/dotnet/fundamentals/code-analysis/quality-rules/ca1416) [C:\Users\ultra\warewolf\Dev\Dev2.Common.Tests\Dev2.Common.Tests.csproj]
C:\Users\ultra\warewolf\Dev\Dev2.Common.Tests\UtilitiesTests.cs(218,68): warning CA1416: This call site is reachable on all platforms. 'WindowsIdentity.GetAnonymous()' is only supported on: 'windows'. (https://learn.microsoft.com/dotnet/fundamentals/code-analysis/quality-rules/ca1416) [C:\Users\ultra\warewolf\Dev\Dev2.Common.Tests\Dev2.Common.Tests.csproj]
C:\Users\ultra\warewolf\Dev\Dev2.Common.Tests\UtilitiesTests.cs(216,58): warning CA1416: This call site is reachable on all platforms. 'WindowsIdentity.GetAnonymous()' is only supported on: 'windows'. (https://learn.microsoft.com/dotnet/fundamentals/code-analysis/quality-rules/ca1416) [C:\Users\ultra\warewolf\Dev\Dev2.Common.Tests\Dev2.Common.Tests.csproj]
C:\Users\ultra\warewolf\Dev\Dev2.Common.Tests\UtilitiesTests.cs(281,58): warning CA1416: This call site is reachable on all platforms. 'WindowsIdentity.GetCurrent()' is only supported on: 'windows'. (https://learn.microsoft.com/dotnet/fundamentals/code-analysis/quality-rules/ca1416) [C:\Users\ultra\warewolf\Dev\Dev2.Common.Tests\Dev2.Common.Tests.csproj]
C:\Users\ultra\warewolf\Dev\Dev2.Common.Tests\UtilitiesTests.cs(249,68): warning CA1416: This call site is reachable on all platforms. 'WindowsIdentity.GetCurrent()' is only supported on: 'windows'. (https://learn.microsoft.com/dotnet/fundamentals/code-analysis/quality-rules/ca1416) [C:\Users\ultra\warewolf\Dev\Dev2.Common.Tests\Dev2.Common.Tests.csproj]
  Dev2.Common.Tests -> C:\Users\ultra\warewolf\Dev\Dev2.Common.Tests\bin\Debug\net8.0\Dev2.Common.Tests.dll
  Dev2.Activities.Designers -> C:\Users\ultra\warewolf\Dev\Dev2.Activities.Designers\bin\Debug\net8.0\Dev2.Activities.Designers.dll
C:\Program Files\dotnet\sdk\10.0.201\Microsoft.Common.CurrentVersion.targets(2451,5): warning MSB3277: Found conflicts between different versions of "WindowsBase" that could not be resolved. [C:\Users\ultra\warewolf\Dev\Dev2.Server\Dev2.Server.csproj]
C:\Program Files\dotnet\sdk\10.0.201\Microsoft.Common.CurrentVersion.targets(2451,5): warning MSB3277: There was a conflict between "WindowsBase, Version=4.0.0.0, Culture=neutral, PublicKeyToken=31bf3856ad364e35" and "WindowsBase, Version=6.0.2.0, Culture=neutral, PublicKeyToken=31bf3856ad364e35". [C:\Users\ultra\warewolf\Dev\Dev2.Server\Dev2.Server.csproj]
C:\Program Files\dotnet\sdk\10.0.201\Microsoft.Common.CurrentVersion.targets(2451,5): warning MSB3277:     "WindowsBase, Version=4.0.0.0, Culture=neutral, PublicKeyToken=31bf3856ad364e35" was chosen because it was primary and "WindowsBase, Version=6.0.2.0, Culture=neutral, PublicKeyToken=31bf3856ad364e35" was not. [C:\Users\ultra\warewolf\Dev\Dev2.Server\Dev2.Server.csproj]
C:\Program Files\dotnet\sdk\10.0.201\Microsoft.Common.CurrentVersion.targets(2451,5): warning MSB3277:     References which depend on "WindowsBase, Version=4.0.0.0, Culture=neutral, PublicKeyToken=31bf3856ad364e35" [C:\Program Files\dotnet\packs\Microsoft.NETCore.App.Ref\8.0.25\ref\net8.0\WindowsBase.dll]. [C:\Users\ultra\warewolf\Dev\Dev2.Server\Dev2.Server.csproj]
C:\Program Files\dotnet\sdk\10.0.201\Microsoft.Common.CurrentVersion.targets(2451,5): warning MSB3277:         C:\Program Files\dotnet\packs\Microsoft.NETCore.App.Ref\8.0.25\ref\net8.0\WindowsBase.dll [C:\Users\ultra\warewolf\Dev\Dev2.Server\Dev2.Server.csproj]
C:\Program Files\dotnet\sdk\10.0.201\Microsoft.Common.CurrentVersion.targets(2451,5): warning MSB3277:           Project file item includes which caused reference "C:\Program Files\dotnet\packs\Microsoft.NETCore.App.Ref\8.0.25\ref\net8.0\WindowsBase.dll". [C:\Users\ultra\warewolf\Dev\Dev2.Server\Dev2.Server.csproj]
C:\Program Files\dotnet\sdk\10.0.201\Microsoft.Common.CurrentVersion.targets(2451,5): warning MSB3277:             C:\Program Files\dotnet\packs\Microsoft.NETCore.App.Ref\8.0.25\ref/net8.0/WindowsBase.dll [C:\Users\ultra\warewolf\Dev\Dev2.Server\Dev2.Server.csproj]
C:\Program Files\dotnet\sdk\10.0.201\Microsoft.Common.CurrentVersion.targets(2451,5): warning MSB3277:     References which depend on or have been unified to "WindowsBase, Version=6.0.2.0, Culture=neutral, PublicKeyToken=31bf3856ad364e35" []. [C:\Users\ultra\warewolf\Dev\Dev2.Server\Dev2.Server.csproj]
C:\Program Files\dotnet\sdk\10.0.201\Microsoft.Common.CurrentVersion.targets(2451,5): warning MSB3277:         C:\Users\ultra\.nuget\packages\caliburn.micro\4.0.212\lib\netcoreapp3.1\Caliburn.Micro.Platform.dll [C:\Users\ultra\warewolf\Dev\Dev2.Server\Dev2.Server.csproj]
C:\Program Files\dotnet\sdk\10.0.201\Microsoft.Common.CurrentVersion.targets(2451,5): warning MSB3277:           Project file item includes which caused reference "C:\Users\ultra\.nuget\packages\caliburn.micro\4.0.212\lib\netcoreapp3.1\Caliburn.Micro.Platform.dll". [C:\Users\ultra\warewolf\Dev\Dev2.Server\Dev2.Server.csproj]
C:\Program Files\dotnet\sdk\10.0.201\Microsoft.Common.CurrentVersion.targets(2451,5): warning MSB3277:             C:\Users\ultra\.nuget\packages\caliburn.micro\4.0.212\lib\netcoreapp3.1\Caliburn.Micro.Platform.dll [C:\Users\ultra\warewolf\Dev\Dev2.Server\Dev2.Server.csproj]
C:\Program Files\dotnet\sdk\10.0.201\Microsoft.Common.CurrentVersion.targets(2451,5): warning MSB3277:         C:\Users\ultra\.nuget\packages\ironpython\3.4.0\lib\net6.0\IronPython.Wpf.dll [C:\Users\ultra\warewolf\Dev\Dev2.Server\Dev2.Server.csproj]
C:\Program Files\dotnet\sdk\10.0.201\Microsoft.Common.CurrentVersion.targets(2451,5): warning MSB3277:           Project file item includes which caused reference "C:\Users\ultra\.nuget\packages\ironpython\3.4.0\lib\net6.0\IronPython.Wpf.dll". [C:\Users\ultra\warewolf\Dev\Dev2.Server\Dev2.Server.csproj]
C:\Program Files\dotnet\sdk\10.0.201\Microsoft.Common.CurrentVersion.targets(2451,5): warning MSB3277:             C:\Users\ultra\.nuget\packages\ironpython\3.4.0\lib\net6.0\IronPython.Wpf.dll [C:\Users\ultra\warewolf\Dev\Dev2.Server\Dev2.Server.csproj]
C:\Program Files\dotnet\sdk\10.0.201\Microsoft.Common.CurrentVersion.targets(2451,5): warning MSB3277:         C:\Users\ultra\.nuget\packages\microsoft.xaml.behaviors.wpf\1.1.122\lib\net462\Microsoft.Xaml.Behaviors.dll [C:\Users\ultra\warewolf\Dev\Dev2.Server\Dev2.Server.csproj]
C:\Program Files\dotnet\sdk\10.0.201\Microsoft.Common.CurrentVersion.targets(2451,5): warning MSB3277:           Project file item includes which caused reference "C:\Users\ultra\.nuget\packages\microsoft.xaml.behaviors.wpf\1.1.122\lib\net462\Microsoft.Xaml.Behaviors.dll". [C:\Users\ultra\warewolf\Dev\Dev2.Server\Dev2.Server.csproj]
C:\Program Files\dotnet\sdk\10.0.201\Microsoft.Common.CurrentVersion.targets(2451,5): warning MSB3277:             C:\Users\ultra\.nuget\packages\microsoft.xaml.behaviors.wpf\1.1.122\lib\net462\Microsoft.Xaml.Behaviors.dll [C:\Users\ultra\warewolf\Dev\Dev2.Server\Dev2.Server.csproj]
C:\Program Files\dotnet\sdk\10.0.201\Microsoft.Common.CurrentVersion.targets(2451,5): warning MSB3277:             C:\Users\ultra\.nuget\packages\caliburn.micro\4.0.212\lib\netcoreapp3.1\Caliburn.Micro.Platform.dll [C:\Users\ultra\warewolf\Dev\Dev2.Server\Dev2.Server.csproj]
C:\Program Files\dotnet\sdk\10.0.201\Microsoft.Common.CurrentVersion.targets(2451,5): warning MSB3277:             C:\Users\ultra\.nuget\packages\prism.wpf\9.0.537\lib\net462\Prism.Wpf.dll [C:\Users\ultra\warewolf\Dev\Dev2.Server\Dev2.Server.csproj]
C:\Program Files\dotnet\sdk\10.0.201\Microsoft.Common.CurrentVersion.targets(2451,5): warning MSB3277:         C:\Users\ultra\.nuget\packages\prism.wpf\9.0.537\lib\net462\Prism.Wpf.dll [C:\Users\ultra\warewolf\Dev\Dev2.Server\Dev2.Server.csproj]
C:\Program Files\dotnet\sdk\10.0.201\Microsoft.Common.CurrentVersion.targets(2451,5): warning MSB3277:           Project file item includes which caused reference "C:\Users\ultra\.nuget\packages\prism.wpf\9.0.537\lib\net462\Prism.Wpf.dll". [C:\Users\ultra\warewolf\Dev\Dev2.Server\Dev2.Server.csproj]
C:\Program Files\dotnet\sdk\10.0.201\Microsoft.Common.CurrentVersion.targets(2451,5): warning MSB3277:             C:\Users\ultra\.nuget\packages\prism.wpf\9.0.537\lib\net462\Prism.Wpf.dll [C:\Users\ultra\warewolf\Dev\Dev2.Server\Dev2.Server.csproj]
C:\Program Files\dotnet\sdk\10.0.201\Microsoft.Common.CurrentVersion.targets(2451,5): warning MSB3277:         C:\Users\ultra\.nuget\packages\reactiveui.wpf\18.4.1\lib\net462\ReactiveUI.Wpf.dll [C:\Users\ultra\warewolf\Dev\Dev2.Server\Dev2.Server.csproj]
C:\Program Files\dotnet\sdk\10.0.201\Microsoft.Common.CurrentVersion.targets(2451,5): warning MSB3277:           Project file item includes which caused reference "C:\Users\ultra\.nuget\packages\reactiveui.wpf\18.4.1\lib\net462\ReactiveUI.Wpf.dll". [C:\Users\ultra\warewolf\Dev\Dev2.Server\Dev2.Server.csproj]
C:\Program Files\dotnet\sdk\10.0.201\Microsoft.Common.CurrentVersion.targets(2451,5): warning MSB3277:             C:\Users\ultra\.nuget\packages\reactiveui.wpf\18.4.1\lib\net462\ReactiveUI.Wpf.dll [C:\Users\ultra\warewolf\Dev\Dev2.Server\Dev2.Server.csproj]
C:\Program Files\dotnet\sdk\10.0.201\Microsoft.Common.CurrentVersion.targets(2451,5): warning MSB3277: Found conflicts between different versions of "System.Drawing.Common" that could not be resolved. [C:\Users\ultra\warewolf\Dev\Dev2.Server\Dev2.Server.csproj]
C:\Program Files\dotnet\sdk\10.0.201\Microsoft.Common.CurrentVersion.targets(2451,5): warning MSB3277: There was a conflict between "System.Drawing.Common, Version=6.0.0.0, Culture=neutral, PublicKeyToken=cc7b13ffcd2ddd51" and "System.Drawing.Common, Version=8.0.0.0, Culture=neutral, PublicKeyToken=cc7b13ffcd2ddd51". [C:\Users\ultra\warewolf\Dev\Dev2.Server\Dev2.Server.csproj]
C:\Program Files\dotnet\sdk\10.0.201\Microsoft.Common.CurrentVersion.targets(2451,5): warning MSB3277:     "System.Drawing.Common, Version=6.0.0.0, Culture=neutral, PublicKeyToken=cc7b13ffcd2ddd51" was chosen because it was primary and "System.Drawing.Common, Version=8.0.0.0, Culture=neutral, PublicKeyToken=cc7b13ffcd2ddd51" was not. [C:\Users\ultra\warewolf\Dev\Dev2.Server\Dev2.Server.csproj]
C:\Program Files\dotnet\sdk\10.0.201\Microsoft.Common.CurrentVersion.targets(2451,5): warning MSB3277:     References which depend on "System.Drawing.Common, Version=6.0.0.0, Culture=neutral, PublicKeyToken=cc7b13ffcd2ddd51" [C:\Users\ultra\.nuget\packages\system.drawing.common\6.0.0\lib\net6.0\System.Drawing.Common.dll]. [C:\Users\ultra\warewolf\Dev\Dev2.Server\Dev2.Server.csproj]
C:\Program Files\dotnet\sdk\10.0.201\Microsoft.Common.CurrentVersion.targets(2451,5): warning MSB3277:         C:\Users\ultra\.nuget\packages\system.drawing.common\6.0.0\lib\net6.0\System.Drawing.Common.dll [C:\Users\ultra\warewolf\Dev\Dev2.Server\Dev2.Server.csproj]
C:\Program Files\dotnet\sdk\10.0.201\Microsoft.Common.CurrentVersion.targets(2451,5): warning MSB3277:           Project file item includes which caused reference "C:\Users\ultra\.nuget\packages\system.drawing.common\6.0.0\lib\net6.0\System.Drawing.Common.dll". [C:\Users\ultra\warewolf\Dev\Dev2.Server\Dev2.Server.csproj]
C:\Program Files\dotnet\sdk\10.0.201\Microsoft.Common.CurrentVersion.targets(2451,5): warning MSB3277:             C:\Users\ultra\.nuget\packages\system.drawing.common\6.0.0\lib\net6.0\System.Drawing.Common.dll [C:\Users\ultra\warewolf\Dev\Dev2.Server\Dev2.Server.csproj]
C:\Program Files\dotnet\sdk\10.0.201\Microsoft.Common.CurrentVersion.targets(2451,5): warning MSB3277:     References which depend on or have been unified to "System.Drawing.Common, Version=8.0.0.0, Culture=neutral, PublicKeyToken=cc7b13ffcd2ddd51" []. [C:\Users\ultra\warewolf\Dev\Dev2.Server\Dev2.Server.csproj]
C:\Program Files\dotnet\sdk\10.0.201\Microsoft.Common.CurrentVersion.targets(2451,5): warning MSB3277:         C:\Users\ultra\.nuget\packages\servicestack\6.3.0\lib\net6.0\ServiceStack.dll [C:\Users\ultra\warewolf\Dev\Dev2.Server\Dev2.Server.csproj]
C:\Program Files\dotnet\sdk\10.0.201\Microsoft.Common.CurrentVersion.targets(2451,5): warning MSB3277:           Project file item includes which caused reference "C:\Users\ultra\.nuget\packages\servicestack\6.3.0\lib\net6.0\ServiceStack.dll". [C:\Users\ultra\warewolf\Dev\Dev2.Server\Dev2.Server.csproj]
C:\Program Files\dotnet\sdk\10.0.201\Microsoft.Common.CurrentVersion.targets(2451,5): warning MSB3277:             C:\Users\ultra\.nuget\packages\servicestack\6.3.0\lib\net6.0\ServiceStack.dll [C:\Users\ultra\warewolf\Dev\Dev2.Server\Dev2.Server.csproj]
C:\Program Files\dotnet\sdk\10.0.201\Microsoft.Common.CurrentVersion.targets(2451,5): warning MSB3277:         C:\Users\ultra\.nuget\packages\system.windows.extensions\8.0.0\lib\net8.0\System.Windows.Extensions.dll [C:\Users\ultra\warewolf\Dev\Dev2.Server\Dev2.Server.csproj]
C:\Program Files\dotnet\sdk\10.0.201\Microsoft.Common.CurrentVersion.targets(2451,5): warning MSB3277:           Project file item includes which caused reference "C:\Users\ultra\.nuget\packages\system.windows.extensions\8.0.0\lib\net8.0\System.Windows.Extensions.dll". [C:\Users\ultra\warewolf\Dev\Dev2.Server\Dev2.Server.csproj]
C:\Program Files\dotnet\sdk\10.0.201\Microsoft.Common.CurrentVersion.targets(2451,5): warning MSB3277:             C:\Users\ultra\.nuget\packages\system.windows.extensions\8.0.0\lib\net8.0\System.Windows.Extensions.dll [C:\Users\ultra\warewolf\Dev\Dev2.Server\Dev2.Server.csproj]
C:\Program Files\dotnet\sdk\10.0.201\Microsoft.Common.CurrentVersion.targets(2451,5): warning MSB3277:             C:\Users\ultra\.nuget\packages\system.security.permissions\8.0.0\lib\net8.0\System.Security.Permissions.dll [C:\Users\ultra\warewolf\Dev\Dev2.Server\Dev2.Server.csproj]
C:\Program Files\dotnet\sdk\10.0.201\Microsoft.Common.CurrentVersion.targets(2451,5): warning MSB3277:             C:\Users\ultra\warewolf\Dev\Dev2.Data\bin\Debug\net8.0\Dev2.Data.dll [C:\Users\ultra\warewolf\Dev\Dev2.Server\Dev2.Server.csproj]
C:\Program Files\dotnet\sdk\10.0.201\Microsoft.Common.CurrentVersion.targets(2451,5): warning MSB3277:             C:\Users\ultra\warewolf\Dev\Dev2.Activities\bin\Debug\net8.0\Dev2.Activities.dll [C:\Users\ultra\warewolf\Dev\Dev2.Server\Dev2.Server.csproj]
C:\Program Files\dotnet\sdk\10.0.201\Microsoft.Common.CurrentVersion.targets(2451,5): warning MSB3277:             C:\Users\ultra\warewolf\Dev\Dev2.Core\bin\Debug\net8.0\Dev2.Core.dll [C:\Users\ultra\warewolf\Dev\Dev2.Server\Dev2.Server.csproj]
C:\Program Files\dotnet\sdk\10.0.201\Microsoft.Common.CurrentVersion.targets(2451,5): warning MSB3277:             C:\Users\ultra\warewolf\Dev\Dev2.Runtime.Services\bin\Debug\net8.0\Dev2.Runtime.Services.dll [C:\Users\ultra\warewolf\Dev\Dev2.Server\Dev2.Server.csproj]
C:\Program Files\dotnet\sdk\10.0.201\Microsoft.Common.CurrentVersion.targets(2451,5): warning MSB3277:             C:\Users\ultra\warewolf\Dev\Dev2.Runtime.WebServer\bin\Debug\net8.0\Dev2.Runtime.WebServer.dll [C:\Users\ultra\warewolf\Dev\Dev2.Server\Dev2.Server.csproj]
C:\Program Files\dotnet\sdk\10.0.201\Microsoft.Common.CurrentVersion.targets(2451,5): warning MSB3277:             C:\Users\ultra\warewolf\Dev\Dev2.Runtime\bin\Debug\net8.0\Dev2.Runtime.dll [C:\Users\ultra\warewolf\Dev\Dev2.Server\Dev2.Server.csproj]
C:\Program Files\dotnet\sdk\10.0.201\Microsoft.Common.CurrentVersion.targets(2451,5): warning MSB3277:             C:\Users\ultra\warewolf\Dev\Dev2.Scheduler\bin\Debug\net8.0\Dev2.Scheduler.dll [C:\Users\ultra\warewolf\Dev\Dev2.Server\Dev2.Server.csproj]
C:\Program Files\dotnet\sdk\10.0.201\Microsoft.Common.CurrentVersion.targets(2451,5): warning MSB3277:             C:\Users\ultra\warewolf\Dev\Dev2.Services.Execution\bin\Debug\net8.0\Dev2.Services.Execution.dll [C:\Users\ultra\warewolf\Dev\Dev2.Server\Dev2.Server.csproj]
C:\Program Files\dotnet\sdk\10.0.201\Microsoft.Common.CurrentVersion.targets(2451,5): warning MSB3277:             C:\Users\ultra\warewolf\Dev\Warewolf.Auditing\bin\Debug\net8.0\Warewolf.Auditing.dll [C:\Users\ultra\warewolf\Dev\Dev2.Server\Dev2.Server.csproj]
C:\Program Files\dotnet\sdk\10.0.201\Microsoft.Common.CurrentVersion.targets(2451,5): warning MSB3277:             C:\Users\ultra\warewolf\Dev\Warewolf.HangfireServer\bin\Debug\net8.0\linux-x64\HangfireServer.dll [C:\Users\ultra\warewolf\Dev\Dev2.Server\Dev2.Server.csproj]
C:\Program Files\dotnet\sdk\10.0.201\Microsoft.Common.CurrentVersion.targets(2451,5): warning MSB3277:             C:\Users\ultra\warewolf\Dev\Warewolf.Logger\bin\Debug\net8.0\linux-x64\WarewolfLogger.dll [C:\Users\ultra\warewolf\Dev\Dev2.Server\Dev2.Server.csproj]
C:\Program Files\dotnet\sdk\10.0.201\Microsoft.Common.CurrentVersion.targets(2451,5): warning MSB3277:             C:\Users\ultra\warewolf\Dev\Warewolf.QueueWorker\bin\Debug\net8.0\linux-x64\QueueWorker.dll [C:\Users\ultra\warewolf\Dev\Dev2.Server\Dev2.Server.csproj]
C:\Program Files\dotnet\sdk\10.0.201\Microsoft.Common.CurrentVersion.targets(2451,5): warning MSB3277:             C:\Users\ultra\warewolf\Dev\Warewolf.Core\bin\Debug\net8.0\Warewolf.Core.dll [C:\Users\ultra\warewolf\Dev\Dev2.Server\Dev2.Server.csproj]
C:\Program Files\dotnet\sdk\10.0.201\Microsoft.Common.CurrentVersion.targets(2451,5): warning MSB3277:             C:\Users\ultra\warewolf\Dev\Warewolf.ResourceManagement\bin\Debug\net8.0\Warewolf.ResourceManagement.dll [C:\Users\ultra\warewolf\Dev\Dev2.Server\Dev2.Server.csproj]
C:\Program Files\dotnet\sdk\10.0.201\Microsoft.Common.CurrentVersion.targets(2451,5): warning MSB3277:             C:\Users\ultra\warewolf\Dev\Warewolf.Trigger.Queue\bin\Debug\net8.0\Warewolf.Trigger.Queue.dll [C:\Users\ultra\warewolf\Dev\Dev2.Server\Dev2.Server.csproj]
C:\Program Files\dotnet\sdk\10.0.201\Microsoft.Common.CurrentVersion.targets(2451,5): warning MSB3277:             C:\Users\ultra\warewolf\Dev\Dev2.Intellisense\bin\Debug\net8.0\Dev2.Intellisense.dll [C:\Users\ultra\warewolf\Dev\Dev2.Server\Dev2.Server.csproj]
C:\Program Files\dotnet\sdk\10.0.201\Microsoft.Common.CurrentVersion.targets(2451,5): warning MSB3277:             C:\Users\ultra\warewolf\Dev\Dev2.Studio.Core\bin\Debug\net8.0\Dev2.Studio.Core.dll [C:\Users\ultra\warewolf\Dev\Dev2.Server\Dev2.Server.csproj]
C:\Program Files\dotnet\sdk\10.0.201\Microsoft.Common.CurrentVersion.targets(2451,5): warning MSB3277:             C:\Users\ultra\warewolf\Dev\Dev2.Studio.Interfaces\bin\Debug\net8.0\Dev2.Studio.Interfaces.dll [C:\Users\ultra\warewolf\Dev\Dev2.Server\Dev2.Server.csproj]
C:\Program Files\dotnet\sdk\10.0.201\Microsoft.Common.CurrentVersion.targets(2451,5): warning MSB3277:             C:\Users\ultra\warewolf\Dev\Warewolf.Common.Framework48\bin\Debug\net8.0\Warewolf.Common.Framework48.dll [C:\Users\ultra\warewolf\Dev\Dev2.Server\Dev2.Server.csproj]
C:\Program Files\dotnet\sdk\10.0.201\Microsoft.Common.CurrentVersion.targets(2451,5): warning MSB3277:             C:\Users\ultra\warewolf\Dev\Warewolf.Common.NetStandard20\bin\Debug\net8.0\Warewolf.Common.NetStandard20.dll [C:\Users\ultra\warewolf\Dev\Dev2.Server\Dev2.Server.csproj]
C:\Program Files\dotnet\sdk\10.0.201\Microsoft.Common.CurrentVersion.targets(2451,5): warning MSB3277:             C:\Users\ultra\warewolf\Dev\Warewolf.Driver.Persistence\bin\Debug\net8.0\Warewolf.Driver.Persistence.dll [C:\Users\ultra\warewolf\Dev\Dev2.Server\Dev2.Server.csproj]
C:\Program Files\dotnet\sdk\10.0.201\Microsoft.Common.CurrentVersion.targets(2451,5): warning MSB3277:             C:\Users\ultra\warewolf\Dev\Warewolf.Exchange.Email.Wrapper\bin\Debug\net8.0\Warewolf.Exchange.Email.Wrapper.dll [C:\Users\ultra\warewolf\Dev\Dev2.Server\Dev2.Server.csproj]
C:\Program Files\dotnet\sdk\10.0.201\Microsoft.Common.CurrentVersion.targets(2451,5): warning MSB3277:             C:\Users\ultra\warewolf\Dev\Warewolf.Studio.Core\bin\Debug\net8.0\Warewolf.Studio.Core.dll [C:\Users\ultra\warewolf\Dev\Dev2.Server\Dev2.Server.csproj]
C:\Program Files\dotnet\sdk\10.0.201\Microsoft.Common.CurrentVersion.targets(2451,5): warning MSB3277:             C:\Users\ultra\warewolf\Dev\Warewolf.UI\bin\Debug\net8.0\Warewolf.UI.dll [C:\Users\ultra\warewolf\Dev\Dev2.Server\Dev2.Server.csproj]
C:\Program Files\dotnet\sdk\10.0.201\Microsoft.Common.CurrentVersion.targets(2451,5): warning MSB3277:             C:\Users\ultra\.nuget\packages\dotnetzip\1.16.0\lib\netstandard2.0\DotNetZip.dll [C:\Users\ultra\warewolf\Dev\Dev2.Server\Dev2.Server.csproj]
C:\Program Files\dotnet\sdk\10.0.201\Microsoft.Common.CurrentVersion.targets(2451,5): warning MSB3277:             C:\Users\ultra\warewolf\Dev\Dev2.Common\bin\Debug\net8.0\Dev2.Common.dll [C:\Users\ultra\warewolf\Dev\Dev2.Server\Dev2.Server.csproj]
C:\Program Files\dotnet\sdk\10.0.201\Microsoft.Common.CurrentVersion.targets(2451,5): warning MSB3277:             C:\Users\ultra\warewolf\Dev\Dev2.Development.Languages\bin\Debug\net8.0\Dev2.Development.Languages.dll [C:\Users\ultra\warewolf\Dev\Dev2.Server\Dev2.Server.csproj]
C:\Program Files\dotnet\sdk\10.0.201\Microsoft.Common.CurrentVersion.targets(2451,5): warning MSB3277:             C:\Users\ultra\warewolf\Dev\Dev2.Diagnostics\bin\Debug\net8.0\Dev2.Diagnostics.dll [C:\Users\ultra\warewolf\Dev\Dev2.Server\Dev2.Server.csproj]
C:\Program Files\dotnet\sdk\10.0.201\Microsoft.Common.CurrentVersion.targets(2451,5): warning MSB3277:             C:\Users\ultra\warewolf\Dev\Dev2.Infrastructure\bin\Debug\net8.0\Dev2.Infrastructure.dll [C:\Users\ultra\warewolf\Dev\Dev2.Server\Dev2.Server.csproj]
C:\Program Files\dotnet\sdk\10.0.201\Microsoft.Common.CurrentVersion.targets(2451,5): warning MSB3277:             C:\Users\ultra\warewolf\Dev\Dev2.Util\bin\Debug\net8.0\Dev2.Util.dll [C:\Users\ultra\warewolf\Dev\Dev2.Server\Dev2.Server.csproj]
C:\Program Files\dotnet\sdk\10.0.201\Microsoft.Common.CurrentVersion.targets(2451,5): warning MSB3277:             C:\Users\ultra\warewolf\Dev\Warewolf.PerfMon\bin\Debug\net8.0\linux-x64\Warewolf.PerfMon.dll [C:\Users\ultra\warewolf\Dev\Dev2.Server\Dev2.Server.csproj]
C:\Program Files\dotnet\sdk\10.0.201\Microsoft.Common.CurrentVersion.targets(2451,5): warning MSB3277:             C:\Users\ultra\warewolf\Dev\Warewolf.Sharepoint\bin\Debug\net8.0\Warewolf.Sharepoint.dll [C:\Users\ultra\warewolf\Dev\Dev2.Server\Dev2.Server.csproj]
C:\Program Files\dotnet\sdk\10.0.201\Microsoft.Common.CurrentVersion.targets(2451,5): warning MSB3277:             C:\Users\ultra\warewolf\Dev\Warewolf.Storage\bin\Debug\net8.0\Warewolf.Storage.dll [C:\Users\ultra\warewolf\Dev\Dev2.Server\Dev2.Server.csproj]
C:\Program Files\dotnet\sdk\10.0.201\Microsoft.Common.CurrentVersion.targets(2451,5): warning MSB3277:             C:\Users\ultra\warewolf\Dev\Dev2.Data.Interfaces\bin\Debug\net8.0\Dev2.Data.Interfaces.dll [C:\Users\ultra\warewolf\Dev\Dev2.Server\Dev2.Server.csproj]
C:\Program Files\dotnet\sdk\10.0.201\Microsoft.Common.CurrentVersion.targets(2451,5): warning MSB3277:             C:\Users\ultra\warewolf\Dev\Dev2.Services.Sql\bin\Debug\net8.0\Dev2.Services.Sql.dll [C:\Users\ultra\warewolf\Dev\Dev2.Server\Dev2.Server.csproj]
C:\Program Files\dotnet\sdk\10.0.201\Microsoft.Common.CurrentVersion.targets(2451,5): warning MSB3277:             C:\Users\ultra\warewolf\Dev\Dev2.TaskScheduler.Wrappers\bin\Debug\net8.0\Dev2.TaskScheduler.Wrappers.dll [C:\Users\ultra\warewolf\Dev\Dev2.Server\Dev2.Server.csproj]
C:\Program Files\dotnet\sdk\10.0.201\Microsoft.Common.CurrentVersion.targets(2451,5): warning MSB3277:             C:\Users\ultra\warewolf\Dev\Warewolf.AI.Harness\bin\Debug\net8.0\Warewolf.AI.Harness.dll [C:\Users\ultra\warewolf\Dev\Dev2.Server\Dev2.Server.csproj]
C:\Program Files\dotnet\sdk\10.0.201\Microsoft.Common.CurrentVersion.targets(2451,5): warning MSB3277:             C:\Users\ultra\warewolf\Dev\Warewolf.Driver.Serilog\bin\Debug\net8.0\Warewolf.Driver.Serilog.dll [C:\Users\ultra\warewolf\Dev\Dev2.Server\Dev2.Server.csproj]
C:\Program Files\dotnet\sdk\10.0.201\Microsoft.Common.CurrentVersion.targets(2451,5): warning MSB3277:             C:\Users\ultra\.nuget\packages\mindbox.data.linq\5.0.0\lib\netstandard2.0\Mindbox.Data.Linq.dll [C:\Users\ultra\warewolf\Dev\Dev2.Server\Dev2.Server.csproj]
C:\Program Files\dotnet\sdk\10.0.201\Microsoft.Common.CurrentVersion.targets(2451,5): warning MSB3277:             C:\Users\ultra\.nuget\packages\mysql.data\8.4.0\lib\net8.0\MySql.Data.dll [C:\Users\ultra\warewolf\Dev\Dev2.Server\Dev2.Server.csproj]
C:\Program Files\dotnet\sdk\10.0.201\Microsoft.Common.CurrentVersion.targets(2451,5): warning MSB3277:             C:\Users\ultra\.nuget\packages\oracle.manageddataaccess.core\3.21.70\lib\netstandard2.1\Oracle.ManagedDataAccess.dll [C:\Users\ultra\warewolf\Dev\Dev2.Server\Dev2.Server.csproj]
C:\Program Files\dotnet\sdk\10.0.201\Microsoft.Common.CurrentVersion.targets(2451,5): warning MSB3277:             C:\Users\ultra\.nuget\packages\system.directoryservices\6.0.0\lib\net6.0\System.DirectoryServices.dll [C:\Users\ultra\warewolf\Dev\Dev2.Server\Dev2.Server.csproj]
C:\Program Files\dotnet\sdk\10.0.201\Microsoft.Common.CurrentVersion.targets(2451,5): warning MSB3277:             C:\Users\ultra\.nuget\packages\corewcf.primitives\1.2.1\lib\netstandard2.0\CoreWCF.Primitives.dll [C:\Users\ultra\warewolf\Dev\Dev2.Server\Dev2.Server.csproj]
C:\Program Files\dotnet\sdk\10.0.201\Microsoft.Common.CurrentVersion.targets(2451,5): warning MSB3277:             C:\Users\ultra\.nuget\packages\corewcf.http\1.2.1\lib\netstandard2.0\CoreWCF.Http.dll [C:\Users\ultra\warewolf\Dev\Dev2.Server\Dev2.Server.csproj]
C:\Program Files\dotnet\sdk\10.0.201\Microsoft.Common.CurrentVersion.targets(2451,5): warning MSB3277:             C:\Users\ultra\.nuget\packages\corewcf.nettcp\1.2.1\lib\netstandard2.0\CoreWCF.NetTcp.dll [C:\Users\ultra\warewolf\Dev\Dev2.Server\Dev2.Server.csproj]
C:\Program Files\dotnet\sdk\10.0.201\Microsoft.Common.CurrentVersion.targets(2451,5): warning MSB3277:             C:\Users\ultra\.nuget\packages\corewcf.webhttp\1.2.1\lib\netstandard2.0\CoreWCF.WebHttp.dll [C:\Users\ultra\warewolf\Dev\Dev2.Server\Dev2.Server.csproj]
C:\Program Files\dotnet\sdk\10.0.201\Microsoft.Common.CurrentVersion.targets(2451,5): warning MSB3277:             C:\Program Files\dotnet\packs\Microsoft.NETCore.App.Ref\8.0.25\ref/net8.0/System.Configuration.dll [C:\Users\ultra\warewolf\Dev\Dev2.Server\Dev2.Server.csproj]
C:\Program Files\dotnet\sdk\10.0.201\Microsoft.Common.CurrentVersion.targets(2451,5): warning MSB3277:             C:\Users\ultra\.nuget\packages\prism.wpf\9.0.537\lib\net462\Prism.Wpf.dll [C:\Users\ultra\warewolf\Dev\Dev2.Server\Dev2.Server.csproj]
C:\Program Files\dotnet\sdk\10.0.201\Microsoft.Common.CurrentVersion.targets(2451,5): warning MSB3277:             C:\Program Files\dotnet\packs\Microsoft.NETCore.App.Ref\8.0.25\ref/net8.0/System.Data.dll [C:\Users\ultra\warewolf\Dev\Dev2.Server\Dev2.Server.csproj]
C:\Program Files\dotnet\sdk\10.0.201\Microsoft.Common.CurrentVersion.targets(2451,5): warning MSB3277:             C:\Users\ultra\.nuget\packages\taskschedulereditor\2.10.1\lib\net452\Microsoft.Win32.TaskSchedulerEditor.dll [C:\Users\ultra\warewolf\Dev\Dev2.Server\Dev2.Server.csproj]
C:\Program Files\dotnet\sdk\10.0.201\Microsoft.Common.CurrentVersion.targets(2451,5): warning MSB3277:             C:\Program Files\dotnet\packs\Microsoft.NETCore.App.Ref\8.0.25\ref/net8.0/System.Drawing.dll [C:\Users\ultra\warewolf\Dev\Dev2.Server\Dev2.Server.csproj]
C:\Program Files\dotnet\sdk\10.0.201\Microsoft.Common.CurrentVersion.targets(2451,5): warning MSB3277:             C:\Users\ultra\.nuget\packages\aerowizard\2.3.1\lib\net45\AeroWizard.dll [C:\Users\ultra\warewolf\Dev\Dev2.Server\Dev2.Server.csproj]
C:\Program Files\dotnet\sdk\10.0.201\Microsoft.Common.CurrentVersion.targets(2451,5): warning MSB3277:             C:\Users\ultra\.nuget\packages\groupcontrols\1.9.0\lib\net45\GroupControls.dll [C:\Users\ultra\warewolf\Dev\Dev2.Server\Dev2.Server.csproj]
C:\Program Files\dotnet\sdk\10.0.201\Microsoft.Common.CurrentVersion.targets(2451,5): warning MSB3277:             C:\Program Files\dotnet\packs\Microsoft.NETCore.App.Ref\8.0.25\ref/net8.0/System.Net.dll [C:\Users\ultra\warewolf\Dev\Dev2.Server\Dev2.Server.csproj]
C:\Program Files\dotnet\sdk\10.0.201\Microsoft.Common.CurrentVersion.targets(2451,5): warning MSB3277:             C:\Program Files\dotnet\packs\Microsoft.NETCore.App.Ref\8.0.25\ref/net8.0/System.Security.dll [C:\Users\ultra\warewolf\Dev\Dev2.Server\Dev2.Server.csproj]
C:\Program Files\dotnet\sdk\10.0.201\Microsoft.Common.CurrentVersion.targets(2451,5): warning MSB3277:             C:\Program Files\dotnet\packs\Microsoft.NETCore.App.Ref\8.0.25\ref/net8.0/System.ServiceProcess.dll [C:\Users\ultra\warewolf\Dev\Dev2.Server\Dev2.Server.csproj]
C:\Program Files\dotnet\sdk\10.0.201\Microsoft.Common.CurrentVersion.targets(2451,5): warning MSB3277:             C:\Program Files\dotnet\packs\Microsoft.NETCore.App.Ref\8.0.25\ref/net8.0/System.Transactions.dll [C:\Users\ultra\warewolf\Dev\Dev2.Server\Dev2.Server.csproj]
C:\Program Files\dotnet\sdk\10.0.201\Microsoft.Common.CurrentVersion.targets(2451,5): warning MSB3277:             C:\Program Files\dotnet\packs\Microsoft.NETCore.App.Ref\8.0.25\ref/net8.0/System.dll [C:\Users\ultra\warewolf\Dev\Dev2.Server\Dev2.Server.csproj]
C:\Program Files\dotnet\sdk\10.0.201\Microsoft.Common.CurrentVersion.targets(2451,5): warning MSB3277:             C:\Users\ultra\.nuget\packages\microsoft.xaml.behaviors.wpf\1.1.122\lib\net462\Microsoft.Xaml.Behaviors.dll [C:\Users\ultra\warewolf\Dev\Dev2.Server\Dev2.Server.csproj]
C:\Program Files\dotnet\sdk\10.0.201\Microsoft.Common.CurrentVersion.targets(2451,5): warning MSB3277:             C:\Users\ultra\.nuget\packages\caliburn.micro\4.0.212\lib\netcoreapp3.1\Caliburn.Micro.Platform.dll [C:\Users\ultra\warewolf\Dev\Dev2.Server\Dev2.Server.csproj]
C:\Program Files\dotnet\sdk\10.0.201\Microsoft.Common.CurrentVersion.targets(2451,5): warning MSB3277:             C:\Users\ultra\.nuget\packages\reactiveui.wpf\18.4.1\lib\net462\ReactiveUI.Wpf.dll [C:\Users\ultra\warewolf\Dev\Dev2.Server\Dev2.Server.csproj]
C:\Program Files\dotnet\sdk\10.0.201\Microsoft.Common.CurrentVersion.targets(2451,5): warning MSB3277:             C:\Users\ultra\.nuget\packages\ttcue.netcore.sharepointonline.csom.16.1.8029.1200\16.1.8029.1200\lib\netcoreapp2.0\Microsoft.SharePoint.Client.Runtime.Windows.dll [C:\Users\ultra\warewolf\Dev\Dev2.Server\Dev2.Server.csproj]
C:\Program Files\dotnet\sdk\10.0.201\Microsoft.Common.CurrentVersion.targets(2451,5): warning MSB3277:             C:\Program Files\dotnet\packs\Microsoft.NETCore.App.Ref\8.0.25\ref/net8.0/WindowsBase.dll [C:\Users\ultra\warewolf\Dev\Dev2.Server\Dev2.Server.csproj]
C:\Program Files\dotnet\sdk\10.0.201\Microsoft.Common.CurrentVersion.targets(2451,5): warning MSB3277:             C:\Program Files\dotnet\packs\Microsoft.NETCore.App.Ref\8.0.25\ref/net8.0/mscorlib.dll [C:\Users\ultra\warewolf\Dev\Dev2.Server\Dev2.Server.csproj]
C:\Program Files\dotnet\sdk\10.0.201\Microsoft.Common.CurrentVersion.targets(2451,5): warning MSB3277:             Warewolf.Usage, Version=1.0.0.0, Culture=neutral, PublicKeyToken=null [C:\Users\ultra\warewolf\Dev\Dev2.Server\Dev2.Server.csproj]
C:\Program Files\dotnet\sdk\10.0.201\Microsoft.Common.CurrentVersion.targets(2451,5): warning MSB3277:             C:\Users\ultra\.nuget\packages\hangfire.core\1.7.32\lib\netstandard2.0\Hangfire.Core.dll [C:\Users\ultra\warewolf\Dev\Dev2.Server\Dev2.Server.csproj]
C:\Program Files\dotnet\sdk\10.0.201\Microsoft.Common.CurrentVersion.targets(2451,5): warning MSB3277:             C:\Users\ultra\.nuget\packages\hangfire.aspnetcore\1.7.32\lib\netcoreapp3.0\Hangfire.AspNetCore.dll [C:\Users\ultra\warewolf\Dev\Dev2.Server\Dev2.Server.csproj]
C:\Program Files\dotnet\sdk\10.0.201\Microsoft.Common.CurrentVersion.targets(2451,5): warning MSB3277:             C:\Users\ultra\.nuget\packages\hangfire.sqlserver\1.7.32\lib\netstandard2.0\Hangfire.SqlServer.dll [C:\Users\ultra\warewolf\Dev\Dev2.Server\Dev2.Server.csproj]
C:\Program Files\dotnet\sdk\10.0.201\Microsoft.Common.CurrentVersion.targets(2451,5): warning MSB3277:         C:\Program Files\dotnet\packs\Microsoft.NETCore.App.Ref\8.0.25\ref\net8.0\System.Drawing.dll [C:\Users\ultra\warewolf\Dev\Dev2.Server\Dev2.Server.csproj]
C:\Program Files\dotnet\sdk\10.0.201\Microsoft.Common.CurrentVersion.targets(2451,5): warning MSB3277:           Project file item includes which caused reference "C:\Program Files\dotnet\packs\Microsoft.NETCore.App.Ref\8.0.25\ref\net8.0\System.Drawing.dll". [C:\Users\ultra\warewolf\Dev\Dev2.Server\Dev2.Server.csproj]
C:\Program Files\dotnet\sdk\10.0.201\Microsoft.Common.CurrentVersion.targets(2451,5): warning MSB3277:             C:\Program Files\dotnet\packs\Microsoft.NETCore.App.Ref\8.0.25\ref/net8.0/System.Drawing.dll [C:\Users\ultra\warewolf\Dev\Dev2.Server\Dev2.Server.csproj]
C:\Program Files\dotnet\sdk\10.0.201\Microsoft.Common.CurrentVersion.targets(2451,5): warning MSB3277:             C:\Users\ultra\.nuget\packages\aerowizard\2.3.1\lib\net45\AeroWizard.dll [C:\Users\ultra\warewolf\Dev\Dev2.Server\Dev2.Server.csproj]
C:\Program Files\dotnet\sdk\10.0.201\Microsoft.Common.CurrentVersion.targets(2451,5): warning MSB3277:             C:\Users\ultra\.nuget\packages\groupcontrols\1.9.0\lib\net45\GroupControls.dll [C:\Users\ultra\warewolf\Dev\Dev2.Server\Dev2.Server.csproj]
C:\Program Files\dotnet\sdk\10.0.201\Microsoft.Common.CurrentVersion.targets(2451,5): warning MSB3277:             C:\Users\ultra\.nuget\packages\taskschedulereditor\2.10.1\lib\net452\Microsoft.Win32.TaskSchedulerEditor.dll [C:\Users\ultra\warewolf\Dev\Dev2.Server\Dev2.Server.csproj]
C:\Users\ultra\warewolf\Dev\Dev2.Server\Startup.cs(59,95): warning CC0004: Empty Catch Block. (https://code-cracker.github.io/diagnostics/CC0004.html) [C:\Users\ultra\warewolf\Dev\Dev2.Server\Dev2.Server.csproj]
  Dev2.Server -> C:\Users\ultra\warewolf\Dev\Dev2.Server\bin\Debug\net8.0\Warewolf Server.dll
  
  INFO: No tasks running with the specified criteria.
  
  INFO: No tasks running with the specified criteria.
C:\Program Files\dotnet\sdk\10.0.201\Microsoft.Common.CurrentVersion.targets(2451,5): warning MSB3245: Could not resolve this reference. Could not locate the assembly "System.Activities.Core.Presentation". Check to make sure the assembly exists on disk. If this reference is required by your code, you may get compilation errors. [C:\Users\ultra\warewolf\Dev\Warewolf.Studio.AntiCorruptionLayer\Warewolf.Studio.AntiCorruptionLayer.csproj]
C:\Program Files\dotnet\sdk\10.0.201\Microsoft.Common.CurrentVersion.targets(2451,5): warning MSB3277: Found conflicts between different versions of "WindowsBase" that could not be resolved. [C:\Users\ultra\warewolf\Dev\Warewolf.Studio.AntiCorruptionLayer\Warewolf.Studio.AntiCorruptionLayer.csproj]
C:\Program Files\dotnet\sdk\10.0.201\Microsoft.Common.CurrentVersion.targets(2451,5): warning MSB3277: There was a conflict between "WindowsBase, Version=4.0.0.0, Culture=neutral, PublicKeyToken=31bf3856ad364e35" and "WindowsBase, Version=6.0.2.0, Culture=neutral, PublicKeyToken=31bf3856ad364e35". [C:\Users\ultra\warewolf\Dev\Warewolf.Studio.AntiCorruptionLayer\Warewolf.Studio.AntiCorruptionLayer.csproj]
C:\Program Files\dotnet\sdk\10.0.201\Microsoft.Common.CurrentVersion.targets(2451,5): warning MSB3277:     "WindowsBase, Version=4.0.0.0, Culture=neutral, PublicKeyToken=31bf3856ad364e35" was chosen because it was primary and "WindowsBase, Version=6.0.2.0, Culture=neutral, PublicKeyToken=31bf3856ad364e35" was not. [C:\Users\ultra\warewolf\Dev\Warewolf.Studio.AntiCorruptionLayer\Warewolf.Studio.AntiCorruptionLayer.csproj]
C:\Program Files\dotnet\sdk\10.0.201\Microsoft.Common.CurrentVersion.targets(2451,5): warning MSB3277:     References which depend on "WindowsBase, Version=4.0.0.0, Culture=neutral, PublicKeyToken=31bf3856ad364e35" [C:\Program Files\dotnet\packs\Microsoft.NETCore.App.Ref\8.0.25\ref\net8.0\WindowsBase.dll]. [C:\Users\ultra\warewolf\Dev\Warewolf.Studio.AntiCorruptionLayer\Warewolf.Studio.AntiCorruptionLayer.csproj]
C:\Program Files\dotnet\sdk\10.0.201\Microsoft.Common.CurrentVersion.targets(2451,5): warning MSB3277:         C:\Program Files\dotnet\packs\Microsoft.NETCore.App.Ref\8.0.25\ref\net8.0\WindowsBase.dll [C:\Users\ultra\warewolf\Dev\Warewolf.Studio.AntiCorruptionLayer\Warewolf.Studio.AntiCorruptionLayer.csproj]
C:\Program Files\dotnet\sdk\10.0.201\Microsoft.Common.CurrentVersion.targets(2451,5): warning MSB3277:           Project file item includes which caused reference "C:\Program Files\dotnet\packs\Microsoft.NETCore.App.Ref\8.0.25\ref\net8.0\WindowsBase.dll". [C:\Users\ultra\warewolf\Dev\Warewolf.Studio.AntiCorruptionLayer\Warewolf.Studio.AntiCorruptionLayer.csproj]
C:\Program Files\dotnet\sdk\10.0.201\Microsoft.Common.CurrentVersion.targets(2451,5): warning MSB3277:             C:\Program Files\dotnet\packs\Microsoft.NETCore.App.Ref\8.0.25\ref/net8.0/WindowsBase.dll [C:\Users\ultra\warewolf\Dev\Warewolf.Studio.AntiCorruptionLayer\Warewolf.Studio.AntiCorruptionLayer.csproj]
C:\Program Files\dotnet\sdk\10.0.201\Microsoft.Common.CurrentVersion.targets(2451,5): warning MSB3277:     References which depend on or have been unified to "WindowsBase, Version=6.0.2.0, Culture=neutral, PublicKeyToken=31bf3856ad364e35" []. [C:\Users\ultra\warewolf\Dev\Warewolf.Studio.AntiCorruptionLayer\Warewolf.Studio.AntiCorruptionLayer.csproj]
C:\Program Files\dotnet\sdk\10.0.201\Microsoft.Common.CurrentVersion.targets(2451,5): warning MSB3277:         C:\Users\ultra\.nuget\packages\caliburn.micro\4.0.212\lib\netcoreapp3.1\Caliburn.Micro.Platform.dll [C:\Users\ultra\warewolf\Dev\Warewolf.Studio.AntiCorruptionLayer\Warewolf.Studio.AntiCorruptionLayer.csproj]
C:\Program Files\dotnet\sdk\10.0.201\Microsoft.Common.CurrentVersion.targets(2451,5): warning MSB3277:           Project file item includes which caused reference "C:\Users\ultra\.nuget\packages\caliburn.micro\4.0.212\lib\netcoreapp3.1\Caliburn.Micro.Platform.dll". [C:\Users\ultra\warewolf\Dev\Warewolf.Studio.AntiCorruptionLayer\Warewolf.Studio.AntiCorruptionLayer.csproj]
C:\Program Files\dotnet\sdk\10.0.201\Microsoft.Common.CurrentVersion.targets(2451,5): warning MSB3277:             C:\Users\ultra\.nuget\packages\caliburn.micro\4.0.212\lib\netcoreapp3.1\Caliburn.Micro.Platform.dll [C:\Users\ultra\warewolf\Dev\Warewolf.Studio.AntiCorruptionLayer\Warewolf.Studio.AntiCorruptionLayer.csproj]
C:\Program Files\dotnet\sdk\10.0.201\Microsoft.Common.CurrentVersion.targets(2451,5): warning MSB3277:         C:\Users\ultra\.nuget\packages\extended.wpf.toolkit\4.4.0\lib\net5.0\Xceed.Wpf.AvalonDock.NET5.dll [C:\Users\ultra\warewolf\Dev\Warewolf.Studio.AntiCorruptionLayer\Warewolf.Studio.AntiCorruptionLayer.csproj]
C:\Program Files\dotnet\sdk\10.0.201\Microsoft.Common.CurrentVersion.targets(2451,5): warning MSB3277:           Project file item includes which caused reference "C:\Users\ultra\.nuget\packages\extended.wpf.toolkit\4.4.0\lib\net5.0\Xceed.Wpf.AvalonDock.NET5.dll". [C:\Users\ultra\warewolf\Dev\Warewolf.Studio.AntiCorruptionLayer\Warewolf.Studio.AntiCorruptionLayer.csproj]
C:\Program Files\dotnet\sdk\10.0.201\Microsoft.Common.CurrentVersion.targets(2451,5): warning MSB3277:             C:\Users\ultra\.nuget\packages\extended.wpf.toolkit\4.4.0\lib\net5.0\Xceed.Wpf.AvalonDock.NET5.dll [C:\Users\ultra\warewolf\Dev\Warewolf.Studio.AntiCorruptionLayer\Warewolf.Studio.AntiCorruptionLayer.csproj]
C:\Program Files\dotnet\sdk\10.0.201\Microsoft.Common.CurrentVersion.targets(2451,5): warning MSB3277:             C:\Users\ultra\.nuget\packages\extended.wpf.toolkit\4.4.0\lib\net5.0\Xceed.Wpf.AvalonDock.Themes.Aero.NET5.dll [C:\Users\ultra\warewolf\Dev\Warewolf.Studio.AntiCorruptionLayer\Warewolf.Studio.AntiCorruptionLayer.csproj]
C:\Program Files\dotnet\sdk\10.0.201\Microsoft.Common.CurrentVersion.targets(2451,5): warning MSB3277:             C:\Users\ultra\.nuget\packages\extended.wpf.toolkit\4.4.0\lib\net5.0\Xceed.Wpf.AvalonDock.Themes.Metro.NET5.dll [C:\Users\ultra\warewolf\Dev\Warewolf.Studio.AntiCorruptionLayer\Warewolf.Studio.AntiCorruptionLayer.csproj]
C:\Program Files\dotnet\sdk\10.0.201\Microsoft.Common.CurrentVersion.targets(2451,5): warning MSB3277:             C:\Users\ultra\.nuget\packages\extended.wpf.toolkit\4.4.0\lib\net5.0\Xceed.Wpf.AvalonDock.Themes.VS2010.NET5.dll [C:\Users\ultra\warewolf\Dev\Warewolf.Studio.AntiCorruptionLayer\Warewolf.Studio.AntiCorruptionLayer.csproj]
C:\Program Files\dotnet\sdk\10.0.201\Microsoft.Common.CurrentVersion.targets(2451,5): warning MSB3277:         C:\Users\ultra\.nuget\packages\extended.wpf.toolkit\4.4.0\lib\net5.0\Xceed.Wpf.AvalonDock.Themes.Aero.NET5.dll [C:\Users\ultra\warewolf\Dev\Warewolf.Studio.AntiCorruptionLayer\Warewolf.Studio.AntiCorruptionLayer.csproj]
C:\Program Files\dotnet\sdk\10.0.201\Microsoft.Common.CurrentVersion.targets(2451,5): warning MSB3277:           Project file item includes which caused reference "C:\Users\ultra\.nuget\packages\extended.wpf.toolkit\4.4.0\lib\net5.0\Xceed.Wpf.AvalonDock.Themes.Aero.NET5.dll". [C:\Users\ultra\warewolf\Dev\Warewolf.Studio.AntiCorruptionLayer\Warewolf.Studio.AntiCorruptionLayer.csproj]
C:\Program Files\dotnet\sdk\10.0.201\Microsoft.Common.CurrentVersion.targets(2451,5): warning MSB3277:             C:\Users\ultra\.nuget\packages\extended.wpf.toolkit\4.4.0\lib\net5.0\Xceed.Wpf.AvalonDock.Themes.Aero.NET5.dll [C:\Users\ultra\warewolf\Dev\Warewolf.Studio.AntiCorruptionLayer\Warewolf.Studio.AntiCorruptionLayer.csproj]
C:\Program Files\dotnet\sdk\10.0.201\Microsoft.Common.CurrentVersion.targets(2451,5): warning MSB3277:         C:\Users\ultra\.nuget\packages\extended.wpf.toolkit\4.4.0\lib\net5.0\Xceed.Wpf.Toolkit.NET5.dll [C:\Users\ultra\warewolf\Dev\Warewolf.Studio.AntiCorruptionLayer\Warewolf.Studio.AntiCorruptionLayer.csproj]
C:\Program Files\dotnet\sdk\10.0.201\Microsoft.Common.CurrentVersion.targets(2451,5): warning MSB3277:           Project file item includes which caused reference "C:\Users\ultra\.nuget\packages\extended.wpf.toolkit\4.4.0\lib\net5.0\Xceed.Wpf.Toolkit.NET5.dll". [C:\Users\ultra\warewolf\Dev\Warewolf.Studio.AntiCorruptionLayer\Warewolf.Studio.AntiCorruptionLayer.csproj]
C:\Program Files\dotnet\sdk\10.0.201\Microsoft.Common.CurrentVersion.targets(2451,5): warning MSB3277:             C:\Users\ultra\.nuget\packages\extended.wpf.toolkit\4.4.0\lib\net5.0\Xceed.Wpf.Toolkit.NET5.dll [C:\Users\ultra\warewolf\Dev\Warewolf.Studio.AntiCorruptionLayer\Warewolf.Studio.AntiCorruptionLayer.csproj]
C:\Program Files\dotnet\sdk\10.0.201\Microsoft.Common.CurrentVersion.targets(2451,5): warning MSB3277:         C:\Users\ultra\.nuget\packages\ironpython\3.4.0\lib\net6.0\IronPython.Wpf.dll [C:\Users\ultra\warewolf\Dev\Warewolf.Studio.AntiCorruptionLayer\Warewolf.Studio.AntiCorruptionLayer.csproj]
C:\Program Files\dotnet\sdk\10.0.201\Microsoft.Common.CurrentVersion.targets(2451,5): warning MSB3277:           Project file item includes which caused reference "C:\Users\ultra\.nuget\packages\ironpython\3.4.0\lib\net6.0\IronPython.Wpf.dll". [C:\Users\ultra\warewolf\Dev\Warewolf.Studio.AntiCorruptionLayer\Warewolf.Studio.AntiCorruptionLayer.csproj]
C:\Program Files\dotnet\sdk\10.0.201\Microsoft.Common.CurrentVersion.targets(2451,5): warning MSB3277:             C:\Users\ultra\.nuget\packages\ironpython\3.4.0\lib\net6.0\IronPython.Wpf.dll [C:\Users\ultra\warewolf\Dev\Warewolf.Studio.AntiCorruptionLayer\Warewolf.Studio.AntiCorruptionLayer.csproj]
C:\Program Files\dotnet\sdk\10.0.201\Microsoft.Common.CurrentVersion.targets(2451,5): warning MSB3277:         C:\Users\ultra\.nuget\packages\microsoft.xaml.behaviors.wpf\1.1.122\lib\net462\Microsoft.Xaml.Behaviors.dll [C:\Users\ultra\warewolf\Dev\Warewolf.Studio.AntiCorruptionLayer\Warewolf.Studio.AntiCorruptionLayer.csproj]
C:\Program Files\dotnet\sdk\10.0.201\Microsoft.Common.CurrentVersion.targets(2451,5): warning MSB3277:           Project file item includes which caused reference "C:\Users\ultra\.nuget\packages\microsoft.xaml.behaviors.wpf\1.1.122\lib\net462\Microsoft.Xaml.Behaviors.dll". [C:\Users\ultra\warewolf\Dev\Warewolf.Studio.AntiCorruptionLayer\Warewolf.Studio.AntiCorruptionLayer.csproj]
C:\Program Files\dotnet\sdk\10.0.201\Microsoft.Common.CurrentVersion.targets(2451,5): warning MSB3277:             C:\Users\ultra\.nuget\packages\microsoft.xaml.behaviors.wpf\1.1.122\lib\net462\Microsoft.Xaml.Behaviors.dll [C:\Users\ultra\warewolf\Dev\Warewolf.Studio.AntiCorruptionLayer\Warewolf.Studio.AntiCorruptionLayer.csproj]
C:\Program Files\dotnet\sdk\10.0.201\Microsoft.Common.CurrentVersion.targets(2451,5): warning MSB3277:             C:\Users\ultra\.nuget\packages\caliburn.micro\4.0.212\lib\netcoreapp3.1\Caliburn.Micro.Platform.dll [C:\Users\ultra\warewolf\Dev\Warewolf.Studio.AntiCorruptionLayer\Warewolf.Studio.AntiCorruptionLayer.csproj]
C:\Program Files\dotnet\sdk\10.0.201\Microsoft.Common.CurrentVersion.targets(2451,5): warning MSB3277:             C:\Users\ultra\.nuget\packages\prism.wpf\9.0.537\lib\net462\Prism.Wpf.dll [C:\Users\ultra\warewolf\Dev\Warewolf.Studio.AntiCorruptionLayer\Warewolf.Studio.AntiCorruptionLayer.csproj]
C:\Program Files\dotnet\sdk\10.0.201\Microsoft.Common.CurrentVersion.targets(2451,5): warning MSB3277:         C:\Users\ultra\.nuget\packages\prism.wpf\9.0.537\lib\net462\Prism.Wpf.dll [C:\Users\ultra\warewolf\Dev\Warewolf.Studio.AntiCorruptionLayer\Warewolf.Studio.AntiCorruptionLayer.csproj]
C:\Program Files\dotnet\sdk\10.0.201\Microsoft.Common.CurrentVersion.targets(2451,5): warning MSB3277:           Project file item includes which caused reference "C:\Users\ultra\.nuget\packages\prism.wpf\9.0.537\lib\net462\Prism.Wpf.dll". [C:\Users\ultra\warewolf\Dev\Warewolf.Studio.AntiCorruptionLayer\Warewolf.Studio.AntiCorruptionLayer.csproj]
C:\Program Files\dotnet\sdk\10.0.201\Microsoft.Common.CurrentVersion.targets(2451,5): warning MSB3277:             C:\Users\ultra\.nuget\packages\prism.wpf\9.0.537\lib\net462\Prism.Wpf.dll [C:\Users\ultra\warewolf\Dev\Warewolf.Studio.AntiCorruptionLayer\Warewolf.Studio.AntiCorruptionLayer.csproj]
C:\Program Files\dotnet\sdk\10.0.201\Microsoft.Common.CurrentVersion.targets(2451,5): warning MSB3277:         C:\Users\ultra\.nuget\packages\reactiveui.wpf\18.4.1\lib\net462\ReactiveUI.Wpf.dll [C:\Users\ultra\warewolf\Dev\Warewolf.Studio.AntiCorruptionLayer\Warewolf.Studio.AntiCorruptionLayer.csproj]
C:\Program Files\dotnet\sdk\10.0.201\Microsoft.Common.CurrentVersion.targets(2451,5): warning MSB3277:           Project file item includes which caused reference "C:\Users\ultra\.nuget\packages\reactiveui.wpf\18.4.1\lib\net462\ReactiveUI.Wpf.dll". [C:\Users\ultra\warewolf\Dev\Warewolf.Studio.AntiCorruptionLayer\Warewolf.Studio.AntiCorruptionLayer.csproj]
C:\Program Files\dotnet\sdk\10.0.201\Microsoft.Common.CurrentVersion.targets(2451,5): warning MSB3277:             C:\Users\ultra\.nuget\packages\reactiveui.wpf\18.4.1\lib\net462\ReactiveUI.Wpf.dll [C:\Users\ultra\warewolf\Dev\Warewolf.Studio.AntiCorruptionLayer\Warewolf.Studio.AntiCorruptionLayer.csproj]
  Consider app.config remapping of assembly "System.Data.SQLite, Culture=neutral, PublicKeyToken=db937bc2d44ff139" from Version "1.0.117.0" [] to Version "1.0.118.0" [C:\Users\ultra\.nuget\packages\stub.system.data.sqlite.core.netstandard\1.0.118\lib\netstandard2.1\System.Data.SQLite.dll] to solve conflict and get rid of warning.
C:\Users\ultra\warewolf\Dev\Dev2.Server\Startup.cs(59,95): warning CC0004: Empty Catch Block. (https://code-cracker.github.io/diagnostics/CC0004.html) [C:\Users\ultra\warewolf\Dev\Dev2.Server\Dev2.Server.csproj]
  Warewolf.Studio.AntiCorruptionLayer -> C:\Users\ultra\warewolf\Dev\Warewolf.Studio.AntiCorruptionLayer\bin\Debug\net8.0\Warewolf.Studio.AntiCorruptionLayer.dll
  Dev2.Server -> C:\Users\ultra\warewolf\Dev\Dev2.Server\bin\Debug\net8.0\linux-x64\Warewolf Server.dll
  
  INFO: No tasks running with the specified criteria.
C:\Program Files\dotnet\sdk\10.0.201\Microsoft.Common.CurrentVersion.targets(2451,5): warning MSB3277: Found conflicts between different versions of "WindowsBase" that could not be resolved. [C:\Users\ultra\warewolf\Dev\Dev2.Diagnostics.Tests\Dev2.Diagnostics.Tests.csproj]
C:\Program Files\dotnet\sdk\10.0.201\Microsoft.Common.CurrentVersion.targets(2451,5): warning MSB3277: There was a conflict between "WindowsBase, Version=4.0.0.0, Culture=neutral, PublicKeyToken=31bf3856ad364e35" and "WindowsBase, Version=6.0.2.0, Culture=neutral, PublicKeyToken=31bf3856ad364e35". [C:\Users\ultra\warewolf\Dev\Dev2.Diagnostics.Tests\Dev2.Diagnostics.Tests.csproj]
C:\Program Files\dotnet\sdk\10.0.201\Microsoft.Common.CurrentVersion.targets(2451,5): warning MSB3277:     "WindowsBase, Version=4.0.0.0, Culture=neutral, PublicKeyToken=31bf3856ad364e35" was chosen because it was primary and "WindowsBase, Version=6.0.2.0, Culture=neutral, PublicKeyToken=31bf3856ad364e35" was not. [C:\Users\ultra\warewolf\Dev\Dev2.Diagnostics.Tests\Dev2.Diagnostics.Tests.csproj]
C:\Program Files\dotnet\sdk\10.0.201\Microsoft.Common.CurrentVersion.targets(2451,5): warning MSB3277:     References which depend on "WindowsBase, Version=4.0.0.0, Culture=neutral, PublicKeyToken=31bf3856ad364e35" [C:\Program Files\dotnet\packs\Microsoft.NETCore.App.Ref\8.0.25\ref\net8.0\WindowsBase.dll]. [C:\Users\ultra\warewolf\Dev\Dev2.Diagnostics.Tests\Dev2.Diagnostics.Tests.csproj]
C:\Program Files\dotnet\sdk\10.0.201\Microsoft.Common.CurrentVersion.targets(2451,5): warning MSB3277:         C:\Program Files\dotnet\packs\Microsoft.NETCore.App.Ref\8.0.25\ref\net8.0\WindowsBase.dll [C:\Users\ultra\warewolf\Dev\Dev2.Diagnostics.Tests\Dev2.Diagnostics.Tests.csproj]
C:\Program Files\dotnet\sdk\10.0.201\Microsoft.Common.CurrentVersion.targets(2451,5): warning MSB3277:           Project file item includes which caused reference "C:\Program Files\dotnet\packs\Microsoft.NETCore.App.Ref\8.0.25\ref\net8.0\WindowsBase.dll". [C:\Users\ultra\warewolf\Dev\Dev2.Diagnostics.Tests\Dev2.Diagnostics.Tests.csproj]
C:\Program Files\dotnet\sdk\10.0.201\Microsoft.Common.CurrentVersion.targets(2451,5): warning MSB3277:             C:\Program Files\dotnet\packs\Microsoft.NETCore.App.Ref\8.0.25\ref/net8.0/WindowsBase.dll [C:\Users\ultra\warewolf\Dev\Dev2.Diagnostics.Tests\Dev2.Diagnostics.Tests.csproj]
C:\Program Files\dotnet\sdk\10.0.201\Microsoft.Common.CurrentVersion.targets(2451,5): warning MSB3277:     References which depend on or have been unified to "WindowsBase, Version=6.0.2.0, Culture=neutral, PublicKeyToken=31bf3856ad364e35" []. [C:\Users\ultra\warewolf\Dev\Dev2.Diagnostics.Tests\Dev2.Diagnostics.Tests.csproj]
C:\Program Files\dotnet\sdk\10.0.201\Microsoft.Common.CurrentVersion.targets(2451,5): warning MSB3277:         C:\Users\ultra\.nuget\packages\caliburn.micro\4.0.212\lib\netcoreapp3.1\Caliburn.Micro.Platform.dll [C:\Users\ultra\warewolf\Dev\Dev2.Diagnostics.Tests\Dev2.Diagnostics.Tests.csproj]
C:\Program Files\dotnet\sdk\10.0.201\Microsoft.Common.CurrentVersion.targets(2451,5): warning MSB3277:           Project file item includes which caused reference "C:\Users\ultra\.nuget\packages\caliburn.micro\4.0.212\lib\netcoreapp3.1\Caliburn.Micro.Platform.dll". [C:\Users\ultra\warewolf\Dev\Dev2.Diagnostics.Tests\Dev2.Diagnostics.Tests.csproj]
C:\Program Files\dotnet\sdk\10.0.201\Microsoft.Common.CurrentVersion.targets(2451,5): warning MSB3277:             C:\Users\ultra\.nuget\packages\caliburn.micro\4.0.212\lib\netcoreapp3.1\Caliburn.Micro.Platform.dll [C:\Users\ultra\warewolf\Dev\Dev2.Diagnostics.Tests\Dev2.Diagnostics.Tests.csproj]
C:\Program Files\dotnet\sdk\10.0.201\Microsoft.Common.CurrentVersion.targets(2451,5): warning MSB3277:         C:\Users\ultra\.nuget\packages\ironpython\3.4.0\lib\net6.0\IronPython.Wpf.dll [C:\Users\ultra\warewolf\Dev\Dev2.Diagnostics.Tests\Dev2.Diagnostics.Tests.csproj]
C:\Program Files\dotnet\sdk\10.0.201\Microsoft.Common.CurrentVersion.targets(2451,5): warning MSB3277:           Project file item includes which caused reference "C:\Users\ultra\.nuget\packages\ironpython\3.4.0\lib\net6.0\IronPython.Wpf.dll". [C:\Users\ultra\warewolf\Dev\Dev2.Diagnostics.Tests\Dev2.Diagnostics.Tests.csproj]
C:\Program Files\dotnet\sdk\10.0.201\Microsoft.Common.CurrentVersion.targets(2451,5): warning MSB3277:             C:\Users\ultra\.nuget\packages\ironpython\3.4.0\lib\net6.0\IronPython.Wpf.dll [C:\Users\ultra\warewolf\Dev\Dev2.Diagnostics.Tests\Dev2.Diagnostics.Tests.csproj]
C:\Program Files\dotnet\sdk\10.0.201\Microsoft.Common.CurrentVersion.targets(2451,5): warning MSB3277:         C:\Users\ultra\.nuget\packages\microsoft.xaml.behaviors.wpf\1.1.122\lib\net462\Microsoft.Xaml.Behaviors.dll [C:\Users\ultra\warewolf\Dev\Dev2.Diagnostics.Tests\Dev2.Diagnostics.Tests.csproj]
C:\Program Files\dotnet\sdk\10.0.201\Microsoft.Common.CurrentVersion.targets(2451,5): warning MSB3277:           Project file item includes which caused reference "C:\Users\ultra\.nuget\packages\microsoft.xaml.behaviors.wpf\1.1.122\lib\net462\Microsoft.Xaml.Behaviors.dll". [C:\Users\ultra\warewolf\Dev\Dev2.Diagnostics.Tests\Dev2.Diagnostics.Tests.csproj]
C:\Program Files\dotnet\sdk\10.0.201\Microsoft.Common.CurrentVersion.targets(2451,5): warning MSB3277:             C:\Users\ultra\.nuget\packages\microsoft.xaml.behaviors.wpf\1.1.122\lib\net462\Microsoft.Xaml.Behaviors.dll [C:\Users\ultra\warewolf\Dev\Dev2.Diagnostics.Tests\Dev2.Diagnostics.Tests.csproj]
C:\Program Files\dotnet\sdk\10.0.201\Microsoft.Common.CurrentVersion.targets(2451,5): warning MSB3277:             C:\Users\ultra\.nuget\packages\caliburn.micro\4.0.212\lib\netcoreapp3.1\Caliburn.Micro.Platform.dll [C:\Users\ultra\warewolf\Dev\Dev2.Diagnostics.Tests\Dev2.Diagnostics.Tests.csproj]
C:\Program Files\dotnet\sdk\10.0.201\Microsoft.Common.CurrentVersion.targets(2451,5): warning MSB3277:             C:\Users\ultra\.nuget\packages\prism.wpf\9.0.537\lib\net462\Prism.Wpf.dll [C:\Users\ultra\warewolf\Dev\Dev2.Diagnostics.Tests\Dev2.Diagnostics.Tests.csproj]
C:\Program Files\dotnet\sdk\10.0.201\Microsoft.Common.CurrentVersion.targets(2451,5): warning MSB3277:         C:\Users\ultra\.nuget\packages\prism.wpf\9.0.537\lib\net462\Prism.Wpf.dll [C:\Users\ultra\warewolf\Dev\Dev2.Diagnostics.Tests\Dev2.Diagnostics.Tests.csproj]
C:\Program Files\dotnet\sdk\10.0.201\Microsoft.Common.CurrentVersion.targets(2451,5): warning MSB3277:           Project file item includes which caused reference "C:\Users\ultra\.nuget\packages\prism.wpf\9.0.537\lib\net462\Prism.Wpf.dll". [C:\Users\ultra\warewolf\Dev\Dev2.Diagnostics.Tests\Dev2.Diagnostics.Tests.csproj]
C:\Program Files\dotnet\sdk\10.0.201\Microsoft.Common.CurrentVersion.targets(2451,5): warning MSB3277:             C:\Users\ultra\.nuget\packages\prism.wpf\9.0.537\lib\net462\Prism.Wpf.dll [C:\Users\ultra\warewolf\Dev\Dev2.Diagnostics.Tests\Dev2.Diagnostics.Tests.csproj]
C:\Program Files\dotnet\sdk\10.0.201\Microsoft.Common.CurrentVersion.targets(2451,5): warning MSB3277:         C:\Users\ultra\.nuget\packages\reactiveui.wpf\18.4.1\lib\net462\ReactiveUI.Wpf.dll [C:\Users\ultra\warewolf\Dev\Dev2.Diagnostics.Tests\Dev2.Diagnostics.Tests.csproj]
C:\Program Files\dotnet\sdk\10.0.201\Microsoft.Common.CurrentVersion.targets(2451,5): warning MSB3277:           Project file item includes which caused reference "C:\Users\ultra\.nuget\packages\reactiveui.wpf\18.4.1\lib\net462\ReactiveUI.Wpf.dll". [C:\Users\ultra\warewolf\Dev\Dev2.Diagnostics.Tests\Dev2.Diagnostics.Tests.csproj]
C:\Program Files\dotnet\sdk\10.0.201\Microsoft.Common.CurrentVersion.targets(2451,5): warning MSB3277:             C:\Users\ultra\.nuget\packages\reactiveui.wpf\18.4.1\lib\net462\ReactiveUI.Wpf.dll [C:\Users\ultra\warewolf\Dev\Dev2.Diagnostics.Tests\Dev2.Diagnostics.Tests.csproj]
C:\Program Files\dotnet\sdk\10.0.201\Microsoft.Common.CurrentVersion.targets(2451,5): warning MSB3277: Found conflicts between different versions of "System.Drawing.Common" that could not be resolved. [C:\Users\ultra\warewolf\Dev\Dev2.Diagnostics.Tests\Dev2.Diagnostics.Tests.csproj]
C:\Program Files\dotnet\sdk\10.0.201\Microsoft.Common.CurrentVersion.targets(2451,5): warning MSB3277: There was a conflict between "System.Drawing.Common, Version=6.0.0.0, Culture=neutral, PublicKeyToken=cc7b13ffcd2ddd51" and "System.Drawing.Common, Version=8.0.0.0, Culture=neutral, PublicKeyToken=cc7b13ffcd2ddd51". [C:\Users\ultra\warewolf\Dev\Dev2.Diagnostics.Tests\Dev2.Diagnostics.Tests.csproj]
C:\Program Files\dotnet\sdk\10.0.201\Microsoft.Common.CurrentVersion.targets(2451,5): warning MSB3277:     "System.Drawing.Common, Version=6.0.0.0, Culture=neutral, PublicKeyToken=cc7b13ffcd2ddd51" was chosen because it was primary and "System.Drawing.Common, Version=8.0.0.0, Culture=neutral, PublicKeyToken=cc7b13ffcd2ddd51" was not. [C:\Users\ultra\warewolf\Dev\Dev2.Diagnostics.Tests\Dev2.Diagnostics.Tests.csproj]
C:\Program Files\dotnet\sdk\10.0.201\Microsoft.Common.CurrentVersion.targets(2451,5): warning MSB3277:     References which depend on "System.Drawing.Common, Version=6.0.0.0, Culture=neutral, PublicKeyToken=cc7b13ffcd2ddd51" [C:\Users\ultra\.nuget\packages\system.drawing.common\6.0.0\lib\net6.0\System.Drawing.Common.dll]. [C:\Users\ultra\warewolf\Dev\Dev2.Diagnostics.Tests\Dev2.Diagnostics.Tests.csproj]
C:\Program Files\dotnet\sdk\10.0.201\Microsoft.Common.CurrentVersion.targets(2451,5): warning MSB3277:         C:\Users\ultra\.nuget\packages\system.drawing.common\6.0.0\lib\net6.0\System.Drawing.Common.dll [C:\Users\ultra\warewolf\Dev\Dev2.Diagnostics.Tests\Dev2.Diagnostics.Tests.csproj]
C:\Program Files\dotnet\sdk\10.0.201\Microsoft.Common.CurrentVersion.targets(2451,5): warning MSB3277:           Project file item includes which caused reference "C:\Users\ultra\.nuget\packages\system.drawing.common\6.0.0\lib\net6.0\System.Drawing.Common.dll". [C:\Users\ultra\warewolf\Dev\Dev2.Diagnostics.Tests\Dev2.Diagnostics.Tests.csproj]
C:\Program Files\dotnet\sdk\10.0.201\Microsoft.Common.CurrentVersion.targets(2451,5): warning MSB3277:             C:\Users\ultra\.nuget\packages\system.drawing.common\6.0.0\lib\net6.0\System.Drawing.Common.dll [C:\Users\ultra\warewolf\Dev\Dev2.Diagnostics.Tests\Dev2.Diagnostics.Tests.csproj]
C:\Program Files\dotnet\sdk\10.0.201\Microsoft.Common.CurrentVersion.targets(2451,5): warning MSB3277:     References which depend on or have been unified to "System.Drawing.Common, Version=8.0.0.0, Culture=neutral, PublicKeyToken=cc7b13ffcd2ddd51" []. [C:\Users\ultra\warewolf\Dev\Dev2.Diagnostics.Tests\Dev2.Diagnostics.Tests.csproj]
C:\Program Files\dotnet\sdk\10.0.201\Microsoft.Common.CurrentVersion.targets(2451,5): warning MSB3277:         C:\Users\ultra\.nuget\packages\servicestack\6.3.0\lib\net6.0\ServiceStack.dll [C:\Users\ultra\warewolf\Dev\Dev2.Diagnostics.Tests\Dev2.Diagnostics.Tests.csproj]
C:\Program Files\dotnet\sdk\10.0.201\Microsoft.Common.CurrentVersion.targets(2451,5): warning MSB3277:           Project file item includes which caused reference "C:\Users\ultra\.nuget\packages\servicestack\6.3.0\lib\net6.0\ServiceStack.dll". [C:\Users\ultra\warewolf\Dev\Dev2.Diagnostics.Tests\Dev2.Diagnostics.Tests.csproj]
C:\Program Files\dotnet\sdk\10.0.201\Microsoft.Common.CurrentVersion.targets(2451,5): warning MSB3277:             C:\Users\ultra\.nuget\packages\servicestack\6.3.0\lib\net6.0\ServiceStack.dll [C:\Users\ultra\warewolf\Dev\Dev2.Diagnostics.Tests\Dev2.Diagnostics.Tests.csproj]
C:\Program Files\dotnet\sdk\10.0.201\Microsoft.Common.CurrentVersion.targets(2451,5): warning MSB3277:         C:\Users\ultra\.nuget\packages\system.windows.extensions\8.0.0\lib\net8.0\System.Windows.Extensions.dll [C:\Users\ultra\warewolf\Dev\Dev2.Diagnostics.Tests\Dev2.Diagnostics.Tests.csproj]
C:\Program Files\dotnet\sdk\10.0.201\Microsoft.Common.CurrentVersion.targets(2451,5): warning MSB3277:           Project file item includes which caused reference "C:\Users\ultra\.nuget\packages\system.windows.extensions\8.0.0\lib\net8.0\System.Windows.Extensions.dll". [C:\Users\ultra\warewolf\Dev\Dev2.Diagnostics.Tests\Dev2.Diagnostics.Tests.csproj]
C:\Program Files\dotnet\sdk\10.0.201\Microsoft.Common.CurrentVersion.targets(2451,5): warning MSB3277:             C:\Users\ultra\.nuget\packages\system.windows.extensions\8.0.0\lib\net8.0\System.Windows.Extensions.dll [C:\Users\ultra\warewolf\Dev\Dev2.Diagnostics.Tests\Dev2.Diagnostics.Tests.csproj]
C:\Program Files\dotnet\sdk\10.0.201\Microsoft.Common.CurrentVersion.targets(2451,5): warning MSB3277:             C:\Users\ultra\.nuget\packages\system.security.permissions\8.0.0\lib\net8.0\System.Security.Permissions.dll [C:\Users\ultra\warewolf\Dev\Dev2.Diagnostics.Tests\Dev2.Diagnostics.Tests.csproj]
C:\Program Files\dotnet\sdk\10.0.201\Microsoft.Common.CurrentVersion.targets(2451,5): warning MSB3277:             C:\Users\ultra\warewolf\Dev\Dev2.Data\bin\Debug\net8.0\Dev2.Data.dll [C:\Users\ultra\warewolf\Dev\Dev2.Diagnostics.Tests\Dev2.Diagnostics.Tests.csproj]
C:\Program Files\dotnet\sdk\10.0.201\Microsoft.Common.CurrentVersion.targets(2451,5): warning MSB3277:             C:\Users\ultra\warewolf\Dev\Dev2.Core\bin\Debug\net8.0\Dev2.Core.dll [C:\Users\ultra\warewolf\Dev\Dev2.Diagnostics.Tests\Dev2.Diagnostics.Tests.csproj]
C:\Program Files\dotnet\sdk\10.0.201\Microsoft.Common.CurrentVersion.targets(2451,5): warning MSB3277:             C:\Users\ultra\warewolf\Dev\Dev2.Runtime.Services\bin\Debug\net8.0\Dev2.Runtime.Services.dll [C:\Users\ultra\warewolf\Dev\Dev2.Diagnostics.Tests\Dev2.Diagnostics.Tests.csproj]
C:\Program Files\dotnet\sdk\10.0.201\Microsoft.Common.CurrentVersion.targets(2451,5): warning MSB3277:             C:\Users\ultra\warewolf\Dev\Dev2.Runtime\bin\Debug\net8.0\Dev2.Runtime.dll [C:\Users\ultra\warewolf\Dev\Dev2.Diagnostics.Tests\Dev2.Diagnostics.Tests.csproj]
C:\Program Files\dotnet\sdk\10.0.201\Microsoft.Common.CurrentVersion.targets(2451,5): warning MSB3277:             C:\Users\ultra\warewolf\Dev\Dev2.Server\bin\Debug\net8.0\Warewolf Server.dll [C:\Users\ultra\warewolf\Dev\Dev2.Diagnostics.Tests\Dev2.Diagnostics.Tests.csproj]
C:\Program Files\dotnet\sdk\10.0.201\Microsoft.Common.CurrentVersion.targets(2451,5): warning MSB3277:             C:\Users\ultra\warewolf\Dev\Warewolf.Testing\bin\Debug\net8.0\Warewolf.Testing.dll [C:\Users\ultra\warewolf\Dev\Dev2.Diagnostics.Tests\Dev2.Diagnostics.Tests.csproj]
C:\Program Files\dotnet\sdk\10.0.201\Microsoft.Common.CurrentVersion.targets(2451,5): warning MSB3277:             C:\Users\ultra\warewolf\Dev\Dev2.Activities\bin\Debug\net8.0\Dev2.Activities.dll [C:\Users\ultra\warewolf\Dev\Dev2.Diagnostics.Tests\Dev2.Diagnostics.Tests.csproj]
C:\Program Files\dotnet\sdk\10.0.201\Microsoft.Common.CurrentVersion.targets(2451,5): warning MSB3277:             C:\Users\ultra\warewolf\Dev\Dev2.Intellisense\bin\Debug\net8.0\Dev2.Intellisense.dll [C:\Users\ultra\warewolf\Dev\Dev2.Diagnostics.Tests\Dev2.Diagnostics.Tests.csproj]
C:\Program Files\dotnet\sdk\10.0.201\Microsoft.Common.CurrentVersion.targets(2451,5): warning MSB3277:             C:\Users\ultra\warewolf\Dev\Dev2.Runtime.WebServer\bin\Debug\net8.0\Dev2.Runtime.WebServer.dll [C:\Users\ultra\warewolf\Dev\Dev2.Diagnostics.Tests\Dev2.Diagnostics.Tests.csproj]
C:\Program Files\dotnet\sdk\10.0.201\Microsoft.Common.CurrentVersion.targets(2451,5): warning MSB3277:             C:\Users\ultra\warewolf\Dev\Dev2.Scheduler\bin\Debug\net8.0\Dev2.Scheduler.dll [C:\Users\ultra\warewolf\Dev\Dev2.Diagnostics.Tests\Dev2.Diagnostics.Tests.csproj]
C:\Program Files\dotnet\sdk\10.0.201\Microsoft.Common.CurrentVersion.targets(2451,5): warning MSB3277:             C:\Users\ultra\warewolf\Dev\Dev2.Services.Execution\bin\Debug\net8.0\Dev2.Services.Execution.dll [C:\Users\ultra\warewolf\Dev\Dev2.Diagnostics.Tests\Dev2.Diagnostics.Tests.csproj]
C:\Program Files\dotnet\sdk\10.0.201\Microsoft.Common.CurrentVersion.targets(2451,5): warning MSB3277:             C:\Users\ultra\warewolf\Dev\Dev2.Studio.Core\bin\Debug\net8.0\Dev2.Studio.Core.dll [C:\Users\ultra\warewolf\Dev\Dev2.Diagnostics.Tests\Dev2.Diagnostics.Tests.csproj]
C:\Program Files\dotnet\sdk\10.0.201\Microsoft.Common.CurrentVersion.targets(2451,5): warning MSB3277:             C:\Users\ultra\warewolf\Dev\Dev2.Studio.Interfaces\bin\Debug\net8.0\Dev2.Studio.Interfaces.dll [C:\Users\ultra\warewolf\Dev\Dev2.Diagnostics.Tests\Dev2.Diagnostics.Tests.csproj]
C:\Program Files\dotnet\sdk\10.0.201\Microsoft.Common.CurrentVersion.targets(2451,5): warning MSB3277:             C:\Users\ultra\warewolf\Dev\Warewolf.HangfireServer\bin\Debug\net8.0\HangfireServer.dll [C:\Users\ultra\warewolf\Dev\Dev2.Diagnostics.Tests\Dev2.Diagnostics.Tests.csproj]
C:\Program Files\dotnet\sdk\10.0.201\Microsoft.Common.CurrentVersion.targets(2451,5): warning MSB3277:             C:\Users\ultra\warewolf\Dev\Warewolf.QueueWorker\bin\Debug\net8.0\QueueWorker.dll [C:\Users\ultra\warewolf\Dev\Dev2.Diagnostics.Tests\Dev2.Diagnostics.Tests.csproj]
C:\Program Files\dotnet\sdk\10.0.201\Microsoft.Common.CurrentVersion.targets(2451,5): warning MSB3277:             C:\Users\ultra\warewolf\Dev\Warewolf.Auditing\bin\Debug\net8.0\Warewolf.Auditing.dll [C:\Users\ultra\warewolf\Dev\Dev2.Diagnostics.Tests\Dev2.Diagnostics.Tests.csproj]
C:\Program Files\dotnet\sdk\10.0.201\Microsoft.Common.CurrentVersion.targets(2451,5): warning MSB3277:             C:\Users\ultra\warewolf\Dev\Warewolf.Common.Framework48\bin\Debug\net8.0\Warewolf.Common.Framework48.dll [C:\Users\ultra\warewolf\Dev\Dev2.Diagnostics.Tests\Dev2.Diagnostics.Tests.csproj]
C:\Program Files\dotnet\sdk\10.0.201\Microsoft.Common.CurrentVersion.targets(2451,5): warning MSB3277:             C:\Users\ultra\warewolf\Dev\Warewolf.Common.NetStandard20\bin\Debug\net8.0\Warewolf.Common.NetStandard20.dll [C:\Users\ultra\warewolf\Dev\Dev2.Diagnostics.Tests\Dev2.Diagnostics.Tests.csproj]
C:\Program Files\dotnet\sdk\10.0.201\Microsoft.Common.CurrentVersion.targets(2451,5): warning MSB3277:             C:\Users\ultra\warewolf\Dev\Warewolf.Core\bin\Debug\net8.0\Warewolf.Core.dll [C:\Users\ultra\warewolf\Dev\Dev2.Diagnostics.Tests\Dev2.Diagnostics.Tests.csproj]
C:\Program Files\dotnet\sdk\10.0.201\Microsoft.Common.CurrentVersion.targets(2451,5): warning MSB3277:             C:\Users\ultra\warewolf\Dev\Warewolf.Driver.Persistence\bin\Debug\net8.0\Warewolf.Driver.Persistence.dll [C:\Users\ultra\warewolf\Dev\Dev2.Diagnostics.Tests\Dev2.Diagnostics.Tests.csproj]
C:\Program Files\dotnet\sdk\10.0.201\Microsoft.Common.CurrentVersion.targets(2451,5): warning MSB3277:             C:\Users\ultra\warewolf\Dev\Warewolf.Exchange.Email.Wrapper\bin\Debug\net8.0\Warewolf.Exchange.Email.Wrapper.dll [C:\Users\ultra\warewolf\Dev\Dev2.Diagnostics.Tests\Dev2.Diagnostics.Tests.csproj]
C:\Program Files\dotnet\sdk\10.0.201\Microsoft.Common.CurrentVersion.targets(2451,5): warning MSB3277:             C:\Users\ultra\warewolf\Dev\Warewolf.ResourceManagement\bin\Debug\net8.0\Warewolf.ResourceManagement.dll [C:\Users\ultra\warewolf\Dev\Dev2.Diagnostics.Tests\Dev2.Diagnostics.Tests.csproj]
C:\Program Files\dotnet\sdk\10.0.201\Microsoft.Common.CurrentVersion.targets(2451,5): warning MSB3277:             C:\Users\ultra\warewolf\Dev\Warewolf.Studio.Core\bin\Debug\net8.0\Warewolf.Studio.Core.dll [C:\Users\ultra\warewolf\Dev\Dev2.Diagnostics.Tests\Dev2.Diagnostics.Tests.csproj]
C:\Program Files\dotnet\sdk\10.0.201\Microsoft.Common.CurrentVersion.targets(2451,5): warning MSB3277:             C:\Users\ultra\warewolf\Dev\Warewolf.Trigger.Queue\bin\Debug\net8.0\Warewolf.Trigger.Queue.dll [C:\Users\ultra\warewolf\Dev\Dev2.Diagnostics.Tests\Dev2.Diagnostics.Tests.csproj]
C:\Program Files\dotnet\sdk\10.0.201\Microsoft.Common.CurrentVersion.targets(2451,5): warning MSB3277:             C:\Users\ultra\warewolf\Dev\Warewolf.UI\bin\Debug\net8.0\Warewolf.UI.dll [C:\Users\ultra\warewolf\Dev\Dev2.Diagnostics.Tests\Dev2.Diagnostics.Tests.csproj]
C:\Program Files\dotnet\sdk\10.0.201\Microsoft.Common.CurrentVersion.targets(2451,5): warning MSB3277:             C:\Users\ultra\warewolf\Dev\Warewolf.Logger\bin\Debug\net8.0\WarewolfLogger.dll [C:\Users\ultra\warewolf\Dev\Dev2.Diagnostics.Tests\Dev2.Diagnostics.Tests.csproj]
C:\Program Files\dotnet\sdk\10.0.201\Microsoft.Common.CurrentVersion.targets(2451,5): warning MSB3277:             C:\Users\ultra\.nuget\packages\dotnetzip\1.16.0\lib\netstandard2.0\DotNetZip.dll [C:\Users\ultra\warewolf\Dev\Dev2.Diagnostics.Tests\Dev2.Diagnostics.Tests.csproj]
C:\Program Files\dotnet\sdk\10.0.201\Microsoft.Common.CurrentVersion.targets(2451,5): warning MSB3277:             C:\Users\ultra\warewolf\Dev\Dev2.Common\bin\Debug\net8.0\Dev2.Common.dll [C:\Users\ultra\warewolf\Dev\Dev2.Diagnostics.Tests\Dev2.Diagnostics.Tests.csproj]
C:\Program Files\dotnet\sdk\10.0.201\Microsoft.Common.CurrentVersion.targets(2451,5): warning MSB3277:             C:\Users\ultra\warewolf\Dev\Dev2.Diagnostics\bin\Debug\net8.0\Dev2.Diagnostics.dll [C:\Users\ultra\warewolf\Dev\Dev2.Diagnostics.Tests\Dev2.Diagnostics.Tests.csproj]
C:\Program Files\dotnet\sdk\10.0.201\Microsoft.Common.CurrentVersion.targets(2451,5): warning MSB3277:             C:\Users\ultra\warewolf\Dev\Dev2.Infrastructure\bin\Debug\net8.0\Dev2.Infrastructure.dll [C:\Users\ultra\warewolf\Dev\Dev2.Diagnostics.Tests\Dev2.Diagnostics.Tests.csproj]
C:\Program Files\dotnet\sdk\10.0.201\Microsoft.Common.CurrentVersion.targets(2451,5): warning MSB3277:             C:\Users\ultra\warewolf\Dev\Dev2.Data.Interfaces\bin\Debug\net8.0\Dev2.Data.Interfaces.dll [C:\Users\ultra\warewolf\Dev\Dev2.Diagnostics.Tests\Dev2.Diagnostics.Tests.csproj]
C:\Program Files\dotnet\sdk\10.0.201\Microsoft.Common.CurrentVersion.targets(2451,5): warning MSB3277:             C:\Users\ultra\warewolf\Dev\Dev2.Development.Languages\bin\Debug\net8.0\Dev2.Development.Languages.dll [C:\Users\ultra\warewolf\Dev\Dev2.Diagnostics.Tests\Dev2.Diagnostics.Tests.csproj]
C:\Program Files\dotnet\sdk\10.0.201\Microsoft.Common.CurrentVersion.targets(2451,5): warning MSB3277:             C:\Users\ultra\warewolf\Dev\Dev2.Services.Sql\bin\Debug\net8.0\Dev2.Services.Sql.dll [C:\Users\ultra\warewolf\Dev\Dev2.Diagnostics.Tests\Dev2.Diagnostics.Tests.csproj]
C:\Program Files\dotnet\sdk\10.0.201\Microsoft.Common.CurrentVersion.targets(2451,5): warning MSB3277:             C:\Users\ultra\warewolf\Dev\Dev2.TaskScheduler.Wrappers\bin\Debug\net8.0\Dev2.TaskScheduler.Wrappers.dll [C:\Users\ultra\warewolf\Dev\Dev2.Diagnostics.Tests\Dev2.Diagnostics.Tests.csproj]
C:\Program Files\dotnet\sdk\10.0.201\Microsoft.Common.CurrentVersion.targets(2451,5): warning MSB3277:             C:\Users\ultra\warewolf\Dev\Dev2.Util\bin\Debug\net8.0\Dev2.Util.dll [C:\Users\ultra\warewolf\Dev\Dev2.Diagnostics.Tests\Dev2.Diagnostics.Tests.csproj]
C:\Program Files\dotnet\sdk\10.0.201\Microsoft.Common.CurrentVersion.targets(2451,5): warning MSB3277:             C:\Users\ultra\warewolf\Dev\Warewolf.AI.Harness\bin\Debug\net8.0\Warewolf.AI.Harness.dll [C:\Users\ultra\warewolf\Dev\Dev2.Diagnostics.Tests\Dev2.Diagnostics.Tests.csproj]
C:\Program Files\dotnet\sdk\10.0.201\Microsoft.Common.CurrentVersion.targets(2451,5): warning MSB3277:             C:\Users\ultra\warewolf\Dev\Warewolf.Driver.Serilog\bin\Debug\net8.0\Warewolf.Driver.Serilog.dll [C:\Users\ultra\warewolf\Dev\Dev2.Diagnostics.Tests\Dev2.Diagnostics.Tests.csproj]
C:\Program Files\dotnet\sdk\10.0.201\Microsoft.Common.CurrentVersion.targets(2451,5): warning MSB3277:             C:\Users\ultra\warewolf\Dev\Warewolf.PerfMon\bin\Debug\net8.0\Warewolf.PerfMon.dll [C:\Users\ultra\warewolf\Dev\Dev2.Diagnostics.Tests\Dev2.Diagnostics.Tests.csproj]
C:\Program Files\dotnet\sdk\10.0.201\Microsoft.Common.CurrentVersion.targets(2451,5): warning MSB3277:             C:\Users\ultra\warewolf\Dev\Warewolf.Sharepoint\bin\Debug\net8.0\Warewolf.Sharepoint.dll [C:\Users\ultra\warewolf\Dev\Dev2.Diagnostics.Tests\Dev2.Diagnostics.Tests.csproj]
C:\Program Files\dotnet\sdk\10.0.201\Microsoft.Common.CurrentVersion.targets(2451,5): warning MSB3277:             C:\Users\ultra\warewolf\Dev\Warewolf.Storage\bin\Debug\net8.0\Warewolf.Storage.dll [C:\Users\ultra\warewolf\Dev\Dev2.Diagnostics.Tests\Dev2.Diagnostics.Tests.csproj]
C:\Program Files\dotnet\sdk\10.0.201\Microsoft.Common.CurrentVersion.targets(2451,5): warning MSB3277:             C:\Users\ultra\.nuget\packages\mindbox.data.linq\5.0.0\lib\netstandard2.0\Mindbox.Data.Linq.dll [C:\Users\ultra\warewolf\Dev\Dev2.Diagnostics.Tests\Dev2.Diagnostics.Tests.csproj]
C:\Program Files\dotnet\sdk\10.0.201\Microsoft.Common.CurrentVersion.targets(2451,5): warning MSB3277:             C:\Users\ultra\.nuget\packages\mysql.data\8.4.0\lib\net8.0\MySql.Data.dll [C:\Users\ultra\warewolf\Dev\Dev2.Diagnostics.Tests\Dev2.Diagnostics.Tests.csproj]
C:\Program Files\dotnet\sdk\10.0.201\Microsoft.Common.CurrentVersion.targets(2451,5): warning MSB3277:             C:\Users\ultra\.nuget\packages\oracle.manageddataaccess.core\3.21.70\lib\netstandard2.1\Oracle.ManagedDataAccess.dll [C:\Users\ultra\warewolf\Dev\Dev2.Diagnostics.Tests\Dev2.Diagnostics.Tests.csproj]
C:\Program Files\dotnet\sdk\10.0.201\Microsoft.Common.CurrentVersion.targets(2451,5): warning MSB3277:             C:\Users\ultra\.nuget\packages\system.directoryservices\6.0.0\lib\net6.0\System.DirectoryServices.dll [C:\Users\ultra\warewolf\Dev\Dev2.Diagnostics.Tests\Dev2.Diagnostics.Tests.csproj]
C:\Program Files\dotnet\sdk\10.0.201\Microsoft.Common.CurrentVersion.targets(2451,5): warning MSB3277:             C:\Users\ultra\.nuget\packages\corewcf.primitives\1.2.1\lib\netstandard2.0\CoreWCF.Primitives.dll [C:\Users\ultra\warewolf\Dev\Dev2.Diagnostics.Tests\Dev2.Diagnostics.Tests.csproj]
C:\Program Files\dotnet\sdk\10.0.201\Microsoft.Common.CurrentVersion.targets(2451,5): warning MSB3277:             C:\Users\ultra\.nuget\packages\corewcf.http\1.2.1\lib\netstandard2.0\CoreWCF.Http.dll [C:\Users\ultra\warewolf\Dev\Dev2.Diagnostics.Tests\Dev2.Diagnostics.Tests.csproj]
C:\Program Files\dotnet\sdk\10.0.201\Microsoft.Common.CurrentVersion.targets(2451,5): warning MSB3277:             C:\Users\ultra\.nuget\packages\corewcf.nettcp\1.2.1\lib\netstandard2.0\CoreWCF.NetTcp.dll [C:\Users\ultra\warewolf\Dev\Dev2.Diagnostics.Tests\Dev2.Diagnostics.Tests.csproj]
C:\Program Files\dotnet\sdk\10.0.201\Microsoft.Common.CurrentVersion.targets(2451,5): warning MSB3277:             C:\Users\ultra\.nuget\packages\corewcf.webhttp\1.2.1\lib\netstandard2.0\CoreWCF.WebHttp.dll [C:\Users\ultra\warewolf\Dev\Dev2.Diagnostics.Tests\Dev2.Diagnostics.Tests.csproj]
C:\Program Files\dotnet\sdk\10.0.201\Microsoft.Common.CurrentVersion.targets(2451,5): warning MSB3277:             C:\Program Files\dotnet\packs\Microsoft.NETCore.App.Ref\8.0.25\ref/net8.0/System.Configuration.dll [C:\Users\ultra\warewolf\Dev\Dev2.Diagnostics.Tests\Dev2.Diagnostics.Tests.csproj]
C:\Program Files\dotnet\sdk\10.0.201\Microsoft.Common.CurrentVersion.targets(2451,5): warning MSB3277:             C:\Users\ultra\.nuget\packages\prism.wpf\9.0.537\lib\net462\Prism.Wpf.dll [C:\Users\ultra\warewolf\Dev\Dev2.Diagnostics.Tests\Dev2.Diagnostics.Tests.csproj]
C:\Program Files\dotnet\sdk\10.0.201\Microsoft.Common.CurrentVersion.targets(2451,5): warning MSB3277:             C:\Program Files\dotnet\packs\Microsoft.NETCore.App.Ref\8.0.25\ref/net8.0/System.Data.dll [C:\Users\ultra\warewolf\Dev\Dev2.Diagnostics.Tests\Dev2.Diagnostics.Tests.csproj]
C:\Program Files\dotnet\sdk\10.0.201\Microsoft.Common.CurrentVersion.targets(2451,5): warning MSB3277:             C:\Users\ultra\.nuget\packages\taskschedulereditor\2.10.1\lib\net452\Microsoft.Win32.TaskSchedulerEditor.dll [C:\Users\ultra\warewolf\Dev\Dev2.Diagnostics.Tests\Dev2.Diagnostics.Tests.csproj]
C:\Program Files\dotnet\sdk\10.0.201\Microsoft.Common.CurrentVersion.targets(2451,5): warning MSB3277:             C:\Program Files\dotnet\packs\Microsoft.NETCore.App.Ref\8.0.25\ref/net8.0/System.Drawing.dll [C:\Users\ultra\warewolf\Dev\Dev2.Diagnostics.Tests\Dev2.Diagnostics.Tests.csproj]
C:\Program Files\dotnet\sdk\10.0.201\Microsoft.Common.CurrentVersion.targets(2451,5): warning MSB3277:             C:\Users\ultra\.nuget\packages\aerowizard\2.3.1\lib\net45\AeroWizard.dll [C:\Users\ultra\warewolf\Dev\Dev2.Diagnostics.Tests\Dev2.Diagnostics.Tests.csproj]
C:\Program Files\dotnet\sdk\10.0.201\Microsoft.Common.CurrentVersion.targets(2451,5): warning MSB3277:             C:\Users\ultra\.nuget\packages\groupcontrols\1.9.0\lib\net45\GroupControls.dll [C:\Users\ultra\warewolf\Dev\Dev2.Diagnostics.Tests\Dev2.Diagnostics.Tests.csproj]
C:\Program Files\dotnet\sdk\10.0.201\Microsoft.Common.CurrentVersion.targets(2451,5): warning MSB3277:             C:\Program Files\dotnet\packs\Microsoft.NETCore.App.Ref\8.0.25\ref/net8.0/System.Net.dll [C:\Users\ultra\warewolf\Dev\Dev2.Diagnostics.Tests\Dev2.Diagnostics.Tests.csproj]
C:\Program Files\dotnet\sdk\10.0.201\Microsoft.Common.CurrentVersion.targets(2451,5): warning MSB3277:             C:\Program Files\dotnet\packs\Microsoft.NETCore.App.Ref\8.0.25\ref/net8.0/System.Security.dll [C:\Users\ultra\warewolf\Dev\Dev2.Diagnostics.Tests\Dev2.Diagnostics.Tests.csproj]
C:\Program Files\dotnet\sdk\10.0.201\Microsoft.Common.CurrentVersion.targets(2451,5): warning MSB3277:             C:\Program Files\dotnet\packs\Microsoft.NETCore.App.Ref\8.0.25\ref/net8.0/System.ServiceProcess.dll [C:\Users\ultra\warewolf\Dev\Dev2.Diagnostics.Tests\Dev2.Diagnostics.Tests.csproj]
C:\Program Files\dotnet\sdk\10.0.201\Microsoft.Common.CurrentVersion.targets(2451,5): warning MSB3277:             C:\Program Files\dotnet\packs\Microsoft.NETCore.App.Ref\8.0.25\ref/net8.0/System.Transactions.dll [C:\Users\ultra\warewolf\Dev\Dev2.Diagnostics.Tests\Dev2.Diagnostics.Tests.csproj]
C:\Program Files\dotnet\sdk\10.0.201\Microsoft.Common.CurrentVersion.targets(2451,5): warning MSB3277:             C:\Program Files\dotnet\packs\Microsoft.NETCore.App.Ref\8.0.25\ref/net8.0/System.dll [C:\Users\ultra\warewolf\Dev\Dev2.Diagnostics.Tests\Dev2.Diagnostics.Tests.csproj]
C:\Program Files\dotnet\sdk\10.0.201\Microsoft.Common.CurrentVersion.targets(2451,5): warning MSB3277:             C:\Users\ultra\.nuget\packages\microsoft.xaml.behaviors.wpf\1.1.122\lib\net462\Microsoft.Xaml.Behaviors.dll [C:\Users\ultra\warewolf\Dev\Dev2.Diagnostics.Tests\Dev2.Diagnostics.Tests.csproj]
C:\Program Files\dotnet\sdk\10.0.201\Microsoft.Common.CurrentVersion.targets(2451,5): warning MSB3277:             C:\Users\ultra\.nuget\packages\caliburn.micro\4.0.212\lib\netcoreapp3.1\Caliburn.Micro.Platform.dll [C:\Users\ultra\warewolf\Dev\Dev2.Diagnostics.Tests\Dev2.Diagnostics.Tests.csproj]
C:\Program Files\dotnet\sdk\10.0.201\Microsoft.Common.CurrentVersion.targets(2451,5): warning MSB3277:             C:\Users\ultra\.nuget\packages\reactiveui.wpf\18.4.1\lib\net462\ReactiveUI.Wpf.dll [C:\Users\ultra\warewolf\Dev\Dev2.Diagnostics.Tests\Dev2.Diagnostics.Tests.csproj]
C:\Program Files\dotnet\sdk\10.0.201\Microsoft.Common.CurrentVersion.targets(2451,5): warning MSB3277:             C:\Users\ultra\.nuget\packages\ttcue.netcore.sharepointonline.csom.16.1.8029.1200\16.1.8029.1200\lib\netcoreapp2.0\Microsoft.SharePoint.Client.Runtime.Windows.dll [C:\Users\ultra\warewolf\Dev\Dev2.Diagnostics.Tests\Dev2.Diagnostics.Tests.csproj]
C:\Program Files\dotnet\sdk\10.0.201\Microsoft.Common.CurrentVersion.targets(2451,5): warning MSB3277:             C:\Program Files\dotnet\packs\Microsoft.NETCore.App.Ref\8.0.25\ref/net8.0/WindowsBase.dll [C:\Users\ultra\warewolf\Dev\Dev2.Diagnostics.Tests\Dev2.Diagnostics.Tests.csproj]
C:\Program Files\dotnet\sdk\10.0.201\Microsoft.Common.CurrentVersion.targets(2451,5): warning MSB3277:             C:\Program Files\dotnet\packs\Microsoft.NETCore.App.Ref\8.0.25\ref/net8.0/mscorlib.dll [C:\Users\ultra\warewolf\Dev\Dev2.Diagnostics.Tests\Dev2.Diagnostics.Tests.csproj]
C:\Program Files\dotnet\sdk\10.0.201\Microsoft.Common.CurrentVersion.targets(2451,5): warning MSB3277:             C:\Users\ultra\.nuget\packages\hangfire.core\1.7.32\lib\netstandard2.0\Hangfire.Core.dll [C:\Users\ultra\warewolf\Dev\Dev2.Diagnostics.Tests\Dev2.Diagnostics.Tests.csproj]
C:\Program Files\dotnet\sdk\10.0.201\Microsoft.Common.CurrentVersion.targets(2451,5): warning MSB3277:             C:\Users\ultra\.nuget\packages\hangfire.aspnetcore\1.7.32\lib\netcoreapp3.0\Hangfire.AspNetCore.dll [C:\Users\ultra\warewolf\Dev\Dev2.Diagnostics.Tests\Dev2.Diagnostics.Tests.csproj]
C:\Program Files\dotnet\sdk\10.0.201\Microsoft.Common.CurrentVersion.targets(2451,5): warning MSB3277:             C:\Users\ultra\.nuget\packages\hangfire.sqlserver\1.7.32\lib\netstandard2.0\Hangfire.SqlServer.dll [C:\Users\ultra\warewolf\Dev\Dev2.Diagnostics.Tests\Dev2.Diagnostics.Tests.csproj]
C:\Program Files\dotnet\sdk\10.0.201\Microsoft.Common.CurrentVersion.targets(2451,5): warning MSB3277:             C:\Users\ultra\.nuget\packages\microsoft.codecoverage\17.13.0\lib\netcoreapp3.1\Microsoft.VisualStudio.CodeCoverage.Shim.dll [C:\Users\ultra\warewolf\Dev\Dev2.Diagnostics.Tests\Dev2.Diagnostics.Tests.csproj]
C:\Program Files\dotnet\sdk\10.0.201\Microsoft.Common.CurrentVersion.targets(2451,5): warning MSB3277:         C:\Program Files\dotnet\packs\Microsoft.NETCore.App.Ref\8.0.25\ref\net8.0\System.Drawing.dll [C:\Users\ultra\warewolf\Dev\Dev2.Diagnostics.Tests\Dev2.Diagnostics.Tests.csproj]
C:\Program Files\dotnet\sdk\10.0.201\Microsoft.Common.CurrentVersion.targets(2451,5): warning MSB3277:           Project file item includes which caused reference "C:\Program Files\dotnet\packs\Microsoft.NETCore.App.Ref\8.0.25\ref\net8.0\System.Drawing.dll". [C:\Users\ultra\warewolf\Dev\Dev2.Diagnostics.Tests\Dev2.Diagnostics.Tests.csproj]
C:\Program Files\dotnet\sdk\10.0.201\Microsoft.Common.CurrentVersion.targets(2451,5): warning MSB3277:             C:\Program Files\dotnet\packs\Microsoft.NETCore.App.Ref\8.0.25\ref/net8.0/System.Drawing.dll [C:\Users\ultra\warewolf\Dev\Dev2.Diagnostics.Tests\Dev2.Diagnostics.Tests.csproj]
C:\Program Files\dotnet\sdk\10.0.201\Microsoft.Common.CurrentVersion.targets(2451,5): warning MSB3277:             C:\Users\ultra\.nuget\packages\aerowizard\2.3.1\lib\net45\AeroWizard.dll [C:\Users\ultra\warewolf\Dev\Dev2.Diagnostics.Tests\Dev2.Diagnostics.Tests.csproj]
C:\Program Files\dotnet\sdk\10.0.201\Microsoft.Common.CurrentVersion.targets(2451,5): warning MSB3277:             C:\Users\ultra\.nuget\packages\groupcontrols\1.9.0\lib\net45\GroupControls.dll [C:\Users\ultra\warewolf\Dev\Dev2.Diagnostics.Tests\Dev2.Diagnostics.Tests.csproj]
C:\Program Files\dotnet\sdk\10.0.201\Microsoft.Common.CurrentVersion.targets(2451,5): warning MSB3277:             C:\Users\ultra\.nuget\packages\taskschedulereditor\2.10.1\lib\net452\Microsoft.Win32.TaskSchedulerEditor.dll [C:\Users\ultra\warewolf\Dev\Dev2.Diagnostics.Tests\Dev2.Diagnostics.Tests.csproj]
  
  INFO: No tasks running with the specified criteria.
C:\Program Files\dotnet\sdk\10.0.201\Microsoft.Common.CurrentVersion.targets(2451,5): warning MSB3277: Found conflicts between different versions of "Microsoft.Win32.SystemEvents" that could not be resolved. [C:\Users\ultra\warewolf\Dev\Warewolf.Studio.ViewModels\Warewolf.Studio.ViewModels.csproj]
C:\Program Files\dotnet\sdk\10.0.201\Microsoft.Common.CurrentVersion.targets(2451,5): warning MSB3277: There was a conflict between "Microsoft.Win32.SystemEvents, Version=6.0.0.0, Culture=neutral, PublicKeyToken=cc7b13ffcd2ddd51" and "Microsoft.Win32.SystemEvents, Version=7.0.0.0, Culture=neutral, PublicKeyToken=cc7b13ffcd2ddd51". [C:\Users\ultra\warewolf\Dev\Warewolf.Studio.ViewModels\Warewolf.Studio.ViewModels.csproj]
C:\Program Files\dotnet\sdk\10.0.201\Microsoft.Common.CurrentVersion.targets(2451,5): warning MSB3277:     "Microsoft.Win32.SystemEvents, Version=6.0.0.0, Culture=neutral, PublicKeyToken=cc7b13ffcd2ddd51" was chosen because it was primary and "Microsoft.Win32.SystemEvents, Version=7.0.0.0, Culture=neutral, PublicKeyToken=cc7b13ffcd2ddd51" was not. [C:\Users\ultra\warewolf\Dev\Warewolf.Studio.ViewModels\Warewolf.Studio.ViewModels.csproj]
C:\Program Files\dotnet\sdk\10.0.201\Microsoft.Common.CurrentVersion.targets(2451,5): warning MSB3277:     References which depend on "Microsoft.Win32.SystemEvents, Version=6.0.0.0, Culture=neutral, PublicKeyToken=cc7b13ffcd2ddd51" [C:\Users\ultra\.nuget\packages\microsoft.win32.systemevents\6.0.0\lib\net6.0\Microsoft.Win32.SystemEvents.dll]. [C:\Users\ultra\warewolf\Dev\Warewolf.Studio.ViewModels\Warewolf.Studio.ViewModels.csproj]
C:\Program Files\dotnet\sdk\10.0.201\Microsoft.Common.CurrentVersion.targets(2451,5): warning MSB3277:         C:\Users\ultra\.nuget\packages\microsoft.win32.systemevents\6.0.0\lib\net6.0\Microsoft.Win32.SystemEvents.dll [C:\Users\ultra\warewolf\Dev\Warewolf.Studio.ViewModels\Warewolf.Studio.ViewModels.csproj]
C:\Program Files\dotnet\sdk\10.0.201\Microsoft.Common.CurrentVersion.targets(2451,5): warning MSB3277:           Project file item includes which caused reference "C:\Users\ultra\.nuget\packages\microsoft.win32.systemevents\6.0.0\lib\net6.0\Microsoft.Win32.SystemEvents.dll". [C:\Users\ultra\warewolf\Dev\Warewolf.Studio.ViewModels\Warewolf.Studio.ViewModels.csproj]
C:\Program Files\dotnet\sdk\10.0.201\Microsoft.Common.CurrentVersion.targets(2451,5): warning MSB3277:             C:\Users\ultra\.nuget\packages\microsoft.win32.systemevents\6.0.0\lib\net6.0\Microsoft.Win32.SystemEvents.dll [C:\Users\ultra\warewolf\Dev\Warewolf.Studio.ViewModels\Warewolf.Studio.ViewModels.csproj]
C:\Program Files\dotnet\sdk\10.0.201\Microsoft.Common.CurrentVersion.targets(2451,5): warning MSB3277:     References which depend on or have been unified to "Microsoft.Win32.SystemEvents, Version=7.0.0.0, Culture=neutral, PublicKeyToken=cc7b13ffcd2ddd51" []. [C:\Users\ultra\warewolf\Dev\Warewolf.Studio.ViewModels\Warewolf.Studio.ViewModels.csproj]
C:\Program Files\dotnet\sdk\10.0.201\Microsoft.Common.CurrentVersion.targets(2451,5): warning MSB3277:         C:\Users\ultra\warewolf\Dev\Dev2.Common\bin\Debug\net8.0\Dev2.Common.dll [C:\Users\ultra\warewolf\Dev\Warewolf.Studio.ViewModels\Warewolf.Studio.ViewModels.csproj]
C:\Program Files\dotnet\sdk\10.0.201\Microsoft.Common.CurrentVersion.targets(2451,5): warning MSB3277:           Project file item includes which caused reference "C:\Users\ultra\warewolf\Dev\Dev2.Common\bin\Debug\net8.0\Dev2.Common.dll". [C:\Users\ultra\warewolf\Dev\Warewolf.Studio.ViewModels\Warewolf.Studio.ViewModels.csproj]
C:\Program Files\dotnet\sdk\10.0.201\Microsoft.Common.CurrentVersion.targets(2451,5): warning MSB3277:             C:\Users\ultra\warewolf\Dev\Dev2.Common\bin\Debug\net8.0\Dev2.Common.dll [C:\Users\ultra\warewolf\Dev\Warewolf.Studio.ViewModels\Warewolf.Studio.ViewModels.csproj]
C:\Program Files\dotnet\sdk\10.0.201\Microsoft.Common.CurrentVersion.targets(2451,5): warning MSB3277:             C:\Users\ultra\warewolf\Dev\Dev2.Activities\bin\Debug\net8.0\Dev2.Activities.dll [C:\Users\ultra\warewolf\Dev\Warewolf.Studio.ViewModels\Warewolf.Studio.ViewModels.csproj]
C:\Program Files\dotnet\sdk\10.0.201\Microsoft.Common.CurrentVersion.targets(2451,5): warning MSB3277:             C:\Users\ultra\warewolf\Dev\Dev2.Core\bin\Debug\net8.0\Dev2.Core.dll [C:\Users\ultra\warewolf\Dev\Warewolf.Studio.ViewModels\Warewolf.Studio.ViewModels.csproj]
C:\Program Files\dotnet\sdk\10.0.201\Microsoft.Common.CurrentVersion.targets(2451,5): warning MSB3277:             C:\Users\ultra\warewolf\Dev\Dev2.Data\bin\Debug\net8.0\Dev2.Data.dll [C:\Users\ultra\warewolf\Dev\Warewolf.Studio.ViewModels\Warewolf.Studio.ViewModels.csproj]
C:\Program Files\dotnet\sdk\10.0.201\Microsoft.Common.CurrentVersion.targets(2451,5): warning MSB3277:             C:\Users\ultra\warewolf\Dev\Dev2.Diagnostics\bin\Debug\net8.0\Dev2.Diagnostics.dll [C:\Users\ultra\warewolf\Dev\Warewolf.Studio.ViewModels\Warewolf.Studio.ViewModels.csproj]
C:\Program Files\dotnet\sdk\10.0.201\Microsoft.Common.CurrentVersion.targets(2451,5): warning MSB3277:             C:\Users\ultra\warewolf\Dev\Dev2.Infrastructure\bin\Debug\net8.0\Dev2.Infrastructure.dll [C:\Users\ultra\warewolf\Dev\Warewolf.Studio.ViewModels\Warewolf.Studio.ViewModels.csproj]
C:\Program Files\dotnet\sdk\10.0.201\Microsoft.Common.CurrentVersion.targets(2451,5): warning MSB3277:             C:\Users\ultra\warewolf\Dev\Dev2.Studio.Core\bin\Debug\net8.0\Dev2.Studio.Core.dll [C:\Users\ultra\warewolf\Dev\Warewolf.Studio.ViewModels\Warewolf.Studio.ViewModels.csproj]
C:\Program Files\dotnet\sdk\10.0.201\Microsoft.Common.CurrentVersion.targets(2451,5): warning MSB3277:             C:\Users\ultra\warewolf\Dev\Dev2.Studio.Interfaces\bin\Debug\net8.0\Dev2.Studio.Interfaces.dll [C:\Users\ultra\warewolf\Dev\Warewolf.Studio.ViewModels\Warewolf.Studio.ViewModels.csproj]
C:\Program Files\dotnet\sdk\10.0.201\Microsoft.Common.CurrentVersion.targets(2451,5): warning MSB3277:             C:\Users\ultra\warewolf\Dev\Warewolf.Core\bin\Debug\net8.0\Warewolf.Core.dll [C:\Users\ultra\warewolf\Dev\Warewolf.Studio.ViewModels\Warewolf.Studio.ViewModels.csproj]
C:\Program Files\dotnet\sdk\10.0.201\Microsoft.Common.CurrentVersion.targets(2451,5): warning MSB3277:             C:\Users\ultra\warewolf\Dev\Warewolf.ResourceManagement\bin\Debug\net8.0\Warewolf.ResourceManagement.dll [C:\Users\ultra\warewolf\Dev\Warewolf.Studio.ViewModels\Warewolf.Studio.ViewModels.csproj]
C:\Program Files\dotnet\sdk\10.0.201\Microsoft.Common.CurrentVersion.targets(2451,5): warning MSB3277:             C:\Users\ultra\warewolf\Dev\Warewolf.Studio.Core\bin\Debug\net8.0\Warewolf.Studio.Core.dll [C:\Users\ultra\warewolf\Dev\Warewolf.Studio.ViewModels\Warewolf.Studio.ViewModels.csproj]
C:\Program Files\dotnet\sdk\10.0.201\Microsoft.Common.CurrentVersion.targets(2451,5): warning MSB3277:             C:\Users\ultra\warewolf\Dev\Warewolf.Studio.CustomControls\bin\Debug\net8.0\Warewolf.Studio.CustomControls.dll [C:\Users\ultra\warewolf\Dev\Warewolf.Studio.ViewModels\Warewolf.Studio.ViewModels.csproj]
C:\Program Files\dotnet\sdk\10.0.201\Microsoft.Common.CurrentVersion.targets(2451,5): warning MSB3277:             C:\Users\ultra\warewolf\Dev\Warewolf.Studio.Models\bin\Debug\net8.0\Warewolf.Studio.Models.dll [C:\Users\ultra\warewolf\Dev\Warewolf.Studio.ViewModels\Warewolf.Studio.ViewModels.csproj]
C:\Program Files\dotnet\sdk\10.0.201\Microsoft.Common.CurrentVersion.targets(2451,5): warning MSB3277:             C:\Users\ultra\warewolf\Dev\Dev2.Development.Languages\bin\Debug\net8.0\Dev2.Development.Languages.dll [C:\Users\ultra\warewolf\Dev\Warewolf.Studio.ViewModels\Warewolf.Studio.ViewModels.csproj]
C:\Program Files\dotnet\sdk\10.0.201\Microsoft.Common.CurrentVersion.targets(2451,5): warning MSB3277:             C:\Users\ultra\warewolf\Dev\Dev2.Intellisense\bin\Debug\net8.0\Dev2.Intellisense.dll [C:\Users\ultra\warewolf\Dev\Warewolf.Studio.ViewModels\Warewolf.Studio.ViewModels.csproj]
C:\Program Files\dotnet\sdk\10.0.201\Microsoft.Common.CurrentVersion.targets(2451,5): warning MSB3277:             C:\Users\ultra\warewolf\Dev\Dev2.Runtime.Services\bin\Debug\net8.0\Dev2.Runtime.Services.dll [C:\Users\ultra\warewolf\Dev\Warewolf.Studio.ViewModels\Warewolf.Studio.ViewModels.csproj]
C:\Program Files\dotnet\sdk\10.0.201\Microsoft.Common.CurrentVersion.targets(2451,5): warning MSB3277:             C:\Users\ultra\warewolf\Dev\Dev2.Scheduler\bin\Debug\net8.0\Dev2.Scheduler.dll [C:\Users\ultra\warewolf\Dev\Warewolf.Studio.ViewModels\Warewolf.Studio.ViewModels.csproj]
C:\Program Files\dotnet\sdk\10.0.201\Microsoft.Common.CurrentVersion.targets(2451,5): warning MSB3277:             C:\Users\ultra\warewolf\Dev\Dev2.Services.Execution\bin\Debug\net8.0\Dev2.Services.Execution.dll [C:\Users\ultra\warewolf\Dev\Warewolf.Studio.ViewModels\Warewolf.Studio.ViewModels.csproj]
C:\Program Files\dotnet\sdk\10.0.201\Microsoft.Common.CurrentVersion.targets(2451,5): warning MSB3277:             C:\Users\ultra\warewolf\Dev\Dev2.Services.Sql\bin\Debug\net8.0\Dev2.Services.Sql.dll [C:\Users\ultra\warewolf\Dev\Warewolf.Studio.ViewModels\Warewolf.Studio.ViewModels.csproj]
C:\Program Files\dotnet\sdk\10.0.201\Microsoft.Common.CurrentVersion.targets(2451,5): warning MSB3277:             C:\Users\ultra\warewolf\Dev\Dev2.TaskScheduler.Wrappers\bin\Debug\net8.0\Dev2.TaskScheduler.Wrappers.dll [C:\Users\ultra\warewolf\Dev\Warewolf.Studio.ViewModels\Warewolf.Studio.ViewModels.csproj]
C:\Program Files\dotnet\sdk\10.0.201\Microsoft.Common.CurrentVersion.targets(2451,5): warning MSB3277:             C:\Users\ultra\warewolf\Dev\Dev2.Util\bin\Debug\net8.0\Dev2.Util.dll [C:\Users\ultra\warewolf\Dev\Warewolf.Studio.ViewModels\Warewolf.Studio.ViewModels.csproj]
C:\Program Files\dotnet\sdk\10.0.201\Microsoft.Common.CurrentVersion.targets(2451,5): warning MSB3277:             C:\Users\ultra\warewolf\Dev\Warewolf.AI.Harness\bin\Debug\net8.0\Warewolf.AI.Harness.dll [C:\Users\ultra\warewolf\Dev\Warewolf.Studio.ViewModels\Warewolf.Studio.ViewModels.csproj]
C:\Program Files\dotnet\sdk\10.0.201\Microsoft.Common.CurrentVersion.targets(2451,5): warning MSB3277:             C:\Users\ultra\warewolf\Dev\Warewolf.Auditing\bin\Debug\net8.0\Warewolf.Auditing.dll [C:\Users\ultra\warewolf\Dev\Warewolf.Studio.ViewModels\Warewolf.Studio.ViewModels.csproj]
C:\Program Files\dotnet\sdk\10.0.201\Microsoft.Common.CurrentVersion.targets(2451,5): warning MSB3277:             C:\Users\ultra\warewolf\Dev\Warewolf.Common.NetStandard20\bin\Debug\net8.0\Warewolf.Common.NetStandard20.dll [C:\Users\ultra\warewolf\Dev\Warewolf.Studio.ViewModels\Warewolf.Studio.ViewModels.csproj]
C:\Program Files\dotnet\sdk\10.0.201\Microsoft.Common.CurrentVersion.targets(2451,5): warning MSB3277:             C:\Users\ultra\warewolf\Dev\Warewolf.Driver.Persistence\bin\Debug\net8.0\Warewolf.Driver.Persistence.dll [C:\Users\ultra\warewolf\Dev\Warewolf.Studio.ViewModels\Warewolf.Studio.ViewModels.csproj]
C:\Program Files\dotnet\sdk\10.0.201\Microsoft.Common.CurrentVersion.targets(2451,5): warning MSB3277:             C:\Users\ultra\warewolf\Dev\Warewolf.Driver.Serilog\bin\Debug\net8.0\Warewolf.Driver.Serilog.dll [C:\Users\ultra\warewolf\Dev\Warewolf.Studio.ViewModels\Warewolf.Studio.ViewModels.csproj]
C:\Program Files\dotnet\sdk\10.0.201\Microsoft.Common.CurrentVersion.targets(2451,5): warning MSB3277:             C:\Users\ultra\warewolf\Dev\Warewolf.Exchange.Email.Wrapper\bin\Debug\net8.0\Warewolf.Exchange.Email.Wrapper.dll [C:\Users\ultra\warewolf\Dev\Warewolf.Studio.ViewModels\Warewolf.Studio.ViewModels.csproj]
C:\Program Files\dotnet\sdk\10.0.201\Microsoft.Common.CurrentVersion.targets(2451,5): warning MSB3277:             C:\Users\ultra\warewolf\Dev\Warewolf.Sharepoint\bin\Debug\net8.0\Warewolf.Sharepoint.dll [C:\Users\ultra\warewolf\Dev\Warewolf.Studio.ViewModels\Warewolf.Studio.ViewModels.csproj]
C:\Program Files\dotnet\sdk\10.0.201\Microsoft.Common.CurrentVersion.targets(2451,5): warning MSB3277:             C:\Users\ultra\warewolf\Dev\Warewolf.Storage\bin\Debug\net8.0\Warewolf.Storage.dll [C:\Users\ultra\warewolf\Dev\Warewolf.Studio.ViewModels\Warewolf.Studio.ViewModels.csproj]
C:\Program Files\dotnet\sdk\10.0.201\Microsoft.Common.CurrentVersion.targets(2451,5): warning MSB3277:             C:\Users\ultra\warewolf\Dev\Warewolf.UI\bin\Debug\net8.0\Warewolf.UI.dll [C:\Users\ultra\warewolf\Dev\Warewolf.Studio.ViewModels\Warewolf.Studio.ViewModels.csproj]
C:\Program Files\dotnet\sdk\10.0.201\Microsoft.Common.CurrentVersion.targets(2451,5): warning MSB3277:         C:\Users\ultra\warewolf\Dev\Binaries\Infragistcs_Net6\InfragisticsWPF4.v15.1.dll [C:\Users\ultra\warewolf\Dev\Warewolf.Studio.ViewModels\Warewolf.Studio.ViewModels.csproj]
C:\Program Files\dotnet\sdk\10.0.201\Microsoft.Common.CurrentVersion.targets(2451,5): warning MSB3277:           Project file item includes which caused reference "C:\Users\ultra\warewolf\Dev\Binaries\Infragistcs_Net6\InfragisticsWPF4.v15.1.dll". [C:\Users\ultra\warewolf\Dev\Warewolf.Studio.ViewModels\Warewolf.Studio.ViewModels.csproj]
C:\Program Files\dotnet\sdk\10.0.201\Microsoft.Common.CurrentVersion.targets(2451,5): warning MSB3277:             InfragisticsWPF4.v15.1, Version=15.1.20151.2055, Culture=neutral, processorArchitecture=MSIL [C:\Users\ultra\warewolf\Dev\Warewolf.Studio.ViewModels\Warewolf.Studio.ViewModels.csproj]
C:\Program Files\dotnet\sdk\10.0.201\Microsoft.Common.CurrentVersion.targets(2451,5): warning MSB3277:             InfragisticsWPF4.Controls.Editors.XamComboEditor.v15.1, Version=15.1.20151.2055, Culture=neutral, processorArchitecture=MSIL [C:\Users\ultra\warewolf\Dev\Warewolf.Studio.ViewModels\Warewolf.Studio.ViewModels.csproj]
C:\Program Files\dotnet\sdk\10.0.201\Microsoft.Common.CurrentVersion.targets(2451,5): warning MSB3277:             InfragisticsWPF4.DataManager.v15.1, Version=15.1.20151.2055, Culture=neutral, processorArchitecture=MSIL [C:\Users\ultra\warewolf\Dev\Warewolf.Studio.ViewModels\Warewolf.Studio.ViewModels.csproj]
C:\Program Files\dotnet\sdk\10.0.201\Microsoft.Common.CurrentVersion.targets(2451,5): warning MSB3277:         C:\Users\ultra\.nuget\packages\timespan2\2.4.2\lib\netcoreapp3.1\TimeSpan2.dll [C:\Users\ultra\warewolf\Dev\Warewolf.Studio.ViewModels\Warewolf.Studio.ViewModels.csproj]
C:\Program Files\dotnet\sdk\10.0.201\Microsoft.Common.CurrentVersion.targets(2451,5): warning MSB3277:           Project file item includes which caused reference "C:\Users\ultra\.nuget\packages\timespan2\2.4.2\lib\netcoreapp3.1\TimeSpan2.dll". [C:\Users\ultra\warewolf\Dev\Warewolf.Studio.ViewModels\Warewolf.Studio.ViewModels.csproj]
C:\Program Files\dotnet\sdk\10.0.201\Microsoft.Common.CurrentVersion.targets(2451,5): warning MSB3277:             C:\Users\ultra\.nuget\packages\timespan2\2.4.2\lib\netcoreapp3.1\TimeSpan2.dll [C:\Users\ultra\warewolf\Dev\Warewolf.Studio.ViewModels\Warewolf.Studio.ViewModels.csproj]
C:\Program Files\dotnet\sdk\10.0.201\Microsoft.Common.CurrentVersion.targets(2451,5): warning MSB3277:             C:\Users\ultra\.nuget\packages\taskschedulereditor\2.10.1\lib\net452\Microsoft.Win32.TaskSchedulerEditor.dll [C:\Users\ultra\warewolf\Dev\Warewolf.Studio.ViewModels\Warewolf.Studio.ViewModels.csproj]
C:\Program Files\dotnet\sdk\10.0.201\Microsoft.Common.CurrentVersion.targets(2451,5): warning MSB3277:         C:\Program Files\dotnet\packs\Microsoft.NETCore.App.Ref\8.0.25\ref\net8.0\System.dll [C:\Users\ultra\warewolf\Dev\Warewolf.Studio.ViewModels\Warewolf.Studio.ViewModels.csproj]
C:\Program Files\dotnet\sdk\10.0.201\Microsoft.Common.CurrentVersion.targets(2451,5): warning MSB3277:           Project file item includes which caused reference "C:\Program Files\dotnet\packs\Microsoft.NETCore.App.Ref\8.0.25\ref\net8.0\System.dll". [C:\Users\ultra\warewolf\Dev\Warewolf.Studio.ViewModels\Warewolf.Studio.ViewModels.csproj]
C:\Program Files\dotnet\sdk\10.0.201\Microsoft.Common.CurrentVersion.targets(2451,5): warning MSB3277:             C:\Program Files\dotnet\packs\Microsoft.NETCore.App.Ref\8.0.25\ref/net8.0/System.dll [C:\Users\ultra\warewolf\Dev\Warewolf.Studio.ViewModels\Warewolf.Studio.ViewModels.csproj]
C:\Program Files\dotnet\sdk\10.0.201\Microsoft.Common.CurrentVersion.targets(2451,5): warning MSB3277:             C:\Users\ultra\.nuget\packages\aerowizard\2.3.1\lib\net45\AeroWizard.dll [C:\Users\ultra\warewolf\Dev\Warewolf.Studio.ViewModels\Warewolf.Studio.ViewModels.csproj]
C:\Program Files\dotnet\sdk\10.0.201\Microsoft.Common.CurrentVersion.targets(2451,5): warning MSB3277:             C:\Users\ultra\.nuget\packages\groupcontrols\1.9.0\lib\net45\GroupControls.dll [C:\Users\ultra\warewolf\Dev\Warewolf.Studio.ViewModels\Warewolf.Studio.ViewModels.csproj]
C:\Program Files\dotnet\sdk\10.0.201\Microsoft.Common.CurrentVersion.targets(2451,5): warning MSB3277:             C:\Users\ultra\.nuget\packages\microsoft.xaml.behaviors.wpf\1.1.122\lib\net462\Microsoft.Xaml.Behaviors.dll [C:\Users\ultra\warewolf\Dev\Warewolf.Studio.ViewModels\Warewolf.Studio.ViewModels.csproj]
C:\Program Files\dotnet\sdk\10.0.201\Microsoft.Common.CurrentVersion.targets(2451,5): warning MSB3277:             C:\Users\ultra\.nuget\packages\caliburn.micro\4.0.212\lib\netcoreapp3.1\Caliburn.Micro.Platform.dll [C:\Users\ultra\warewolf\Dev\Warewolf.Studio.ViewModels\Warewolf.Studio.ViewModels.csproj]
C:\Program Files\dotnet\sdk\10.0.201\Microsoft.Common.CurrentVersion.targets(2451,5): warning MSB3277:             C:\Users\ultra\.nuget\packages\prism.wpf\9.0.537\lib\net462\Prism.Wpf.dll [C:\Users\ultra\warewolf\Dev\Warewolf.Studio.ViewModels\Warewolf.Studio.ViewModels.csproj]
C:\Program Files\dotnet\sdk\10.0.201\Microsoft.Common.CurrentVersion.targets(2451,5): warning MSB3277:             C:\Users\ultra\.nuget\packages\reactiveui.wpf\18.4.1\lib\net462\ReactiveUI.Wpf.dll [C:\Users\ultra\warewolf\Dev\Warewolf.Studio.ViewModels\Warewolf.Studio.ViewModels.csproj]
C:\Program Files\dotnet\sdk\10.0.201\Microsoft.Common.CurrentVersion.targets(2451,5): warning MSB3277:             C:\Users\ultra\.nuget\packages\taskschedulereditor\2.10.1\lib\net452\Microsoft.Win32.TaskSchedulerEditor.dll [C:\Users\ultra\warewolf\Dev\Warewolf.Studio.ViewModels\Warewolf.Studio.ViewModels.csproj]
C:\Program Files\dotnet\sdk\10.0.201\Microsoft.Common.CurrentVersion.targets(2451,5): warning MSB3277:             C:\Users\ultra\.nuget\packages\ttcue.netcore.sharepointonline.csom.16.1.8029.1200\16.1.8029.1200\lib\netcoreapp2.0\Microsoft.SharePoint.Client.Runtime.Windows.dll [C:\Users\ultra\warewolf\Dev\Warewolf.Studio.ViewModels\Warewolf.Studio.ViewModels.csproj]
C:\Program Files\dotnet\sdk\10.0.201\Microsoft.Common.CurrentVersion.targets(2451,5): warning MSB3277: Found conflicts between different versions of "System.Security.Permissions" that could not be resolved. [C:\Users\ultra\warewolf\Dev\Warewolf.Studio.ViewModels\Warewolf.Studio.ViewModels.csproj]
C:\Program Files\dotnet\sdk\10.0.201\Microsoft.Common.CurrentVersion.targets(2451,5): warning MSB3277: There was a conflict between "System.Security.Permissions, Version=6.0.0.0, Culture=neutral, PublicKeyToken=cc7b13ffcd2ddd51" and "System.Security.Permissions, Version=7.0.0.0, Culture=neutral, PublicKeyToken=cc7b13ffcd2ddd51". [C:\Users\ultra\warewolf\Dev\Warewolf.Studio.ViewModels\Warewolf.Studio.ViewModels.csproj]
C:\Program Files\dotnet\sdk\10.0.201\Microsoft.Common.CurrentVersion.targets(2451,5): warning MSB3277:     "System.Security.Permissions, Version=6.0.0.0, Culture=neutral, PublicKeyToken=cc7b13ffcd2ddd51" was chosen because it was primary and "System.Security.Permissions, Version=7.0.0.0, Culture=neutral, PublicKeyToken=cc7b13ffcd2ddd51" was not. [C:\Users\ultra\warewolf\Dev\Warewolf.Studio.ViewModels\Warewolf.Studio.ViewModels.csproj]
C:\Program Files\dotnet\sdk\10.0.201\Microsoft.Common.CurrentVersion.targets(2451,5): warning MSB3277:     References which depend on "System.Security.Permissions, Version=6.0.0.0, Culture=neutral, PublicKeyToken=cc7b13ffcd2ddd51" [C:\Users\ultra\.nuget\packages\system.security.permissions\6.0.0\lib\net6.0\System.Security.Permissions.dll]. [C:\Users\ultra\warewolf\Dev\Warewolf.Studio.ViewModels\Warewolf.Studio.ViewModels.csproj]
C:\Program Files\dotnet\sdk\10.0.201\Microsoft.Common.CurrentVersion.targets(2451,5): warning MSB3277:         C:\Users\ultra\.nuget\packages\system.security.permissions\6.0.0\lib\net6.0\System.Security.Permissions.dll [C:\Users\ultra\warewolf\Dev\Warewolf.Studio.ViewModels\Warewolf.Studio.ViewModels.csproj]
C:\Program Files\dotnet\sdk\10.0.201\Microsoft.Common.CurrentVersion.targets(2451,5): warning MSB3277:           Project file item includes which caused reference "C:\Users\ultra\.nuget\packages\system.security.permissions\6.0.0\lib\net6.0\System.Security.Permissions.dll". [C:\Users\ultra\warewolf\Dev\Warewolf.Studio.ViewModels\Warewolf.Studio.ViewModels.csproj]
C:\Program Files\dotnet\sdk\10.0.201\Microsoft.Common.CurrentVersion.targets(2451,5): warning MSB3277:             C:\Users\ultra\.nuget\packages\system.security.permissions\6.0.0\lib\net6.0\System.Security.Permissions.dll [C:\Users\ultra\warewolf\Dev\Warewolf.Studio.ViewModels\Warewolf.Studio.ViewModels.csproj]
C:\Program Files\dotnet\sdk\10.0.201\Microsoft.Common.CurrentVersion.targets(2451,5): warning MSB3277:     References which depend on or have been unified to "System.Security.Permissions, Version=7.0.0.0, Culture=neutral, PublicKeyToken=cc7b13ffcd2ddd51" []. [C:\Users\ultra\warewolf\Dev\Warewolf.Studio.ViewModels\Warewolf.Studio.ViewModels.csproj]
C:\Program Files\dotnet\sdk\10.0.201\Microsoft.Common.CurrentVersion.targets(2451,5): warning MSB3277:         C:\Users\ultra\warewolf\Dev\Dev2.Data\bin\Debug\net8.0\Dev2.Data.dll [C:\Users\ultra\warewolf\Dev\Warewolf.Studio.ViewModels\Warewolf.Studio.ViewModels.csproj]
C:\Program Files\dotnet\sdk\10.0.201\Microsoft.Common.CurrentVersion.targets(2451,5): warning MSB3277:           Project file item includes which caused reference "C:\Users\ultra\warewolf\Dev\Dev2.Data\bin\Debug\net8.0\Dev2.Data.dll". [C:\Users\ultra\warewolf\Dev\Warewolf.Studio.ViewModels\Warewolf.Studio.ViewModels.csproj]
C:\Program Files\dotnet\sdk\10.0.201\Microsoft.Common.CurrentVersion.targets(2451,5): warning MSB3277:             C:\Users\ultra\warewolf\Dev\Dev2.Data\bin\Debug\net8.0\Dev2.Data.dll [C:\Users\ultra\warewolf\Dev\Warewolf.Studio.ViewModels\Warewolf.Studio.ViewModels.csproj]
C:\Program Files\dotnet\sdk\10.0.201\Microsoft.Common.CurrentVersion.targets(2451,5): warning MSB3277:             C:\Users\ultra\warewolf\Dev\Dev2.Activities\bin\Debug\net8.0\Dev2.Activities.dll [C:\Users\ultra\warewolf\Dev\Warewolf.Studio.ViewModels\Warewolf.Studio.ViewModels.csproj]
C:\Program Files\dotnet\sdk\10.0.201\Microsoft.Common.CurrentVersion.targets(2451,5): warning MSB3277:             C:\Users\ultra\warewolf\Dev\Dev2.Core\bin\Debug\net8.0\Dev2.Core.dll [C:\Users\ultra\warewolf\Dev\Warewolf.Studio.ViewModels\Warewolf.Studio.ViewModels.csproj]
C:\Program Files\dotnet\sdk\10.0.201\Microsoft.Common.CurrentVersion.targets(2451,5): warning MSB3277:             C:\Users\ultra\warewolf\Dev\Dev2.Studio.Core\bin\Debug\net8.0\Dev2.Studio.Core.dll [C:\Users\ultra\warewolf\Dev\Warewolf.Studio.ViewModels\Warewolf.Studio.ViewModels.csproj]
C:\Program Files\dotnet\sdk\10.0.201\Microsoft.Common.CurrentVersion.targets(2451,5): warning MSB3277:             C:\Users\ultra\warewolf\Dev\Dev2.Studio.Interfaces\bin\Debug\net8.0\Dev2.Studio.Interfaces.dll [C:\Users\ultra\warewolf\Dev\Warewolf.Studio.ViewModels\Warewolf.Studio.ViewModels.csproj]
C:\Program Files\dotnet\sdk\10.0.201\Microsoft.Common.CurrentVersion.targets(2451,5): warning MSB3277:             C:\Users\ultra\warewolf\Dev\Warewolf.Core\bin\Debug\net8.0\Warewolf.Core.dll [C:\Users\ultra\warewolf\Dev\Warewolf.Studio.ViewModels\Warewolf.Studio.ViewModels.csproj]
C:\Program Files\dotnet\sdk\10.0.201\Microsoft.Common.CurrentVersion.targets(2451,5): warning MSB3277:             C:\Users\ultra\warewolf\Dev\Warewolf.ResourceManagement\bin\Debug\net8.0\Warewolf.ResourceManagement.dll [C:\Users\ultra\warewolf\Dev\Warewolf.Studio.ViewModels\Warewolf.Studio.ViewModels.csproj]
C:\Program Files\dotnet\sdk\10.0.201\Microsoft.Common.CurrentVersion.targets(2451,5): warning MSB3277:             C:\Users\ultra\warewolf\Dev\Warewolf.Studio.Core\bin\Debug\net8.0\Warewolf.Studio.Core.dll [C:\Users\ultra\warewolf\Dev\Warewolf.Studio.ViewModels\Warewolf.Studio.ViewModels.csproj]
C:\Program Files\dotnet\sdk\10.0.201\Microsoft.Common.CurrentVersion.targets(2451,5): warning MSB3277:             C:\Users\ultra\warewolf\Dev\Warewolf.Studio.CustomControls\bin\Debug\net8.0\Warewolf.Studio.CustomControls.dll [C:\Users\ultra\warewolf\Dev\Warewolf.Studio.ViewModels\Warewolf.Studio.ViewModels.csproj]
C:\Program Files\dotnet\sdk\10.0.201\Microsoft.Common.CurrentVersion.targets(2451,5): warning MSB3277:             C:\Users\ultra\warewolf\Dev\Warewolf.Studio.Models\bin\Debug\net8.0\Warewolf.Studio.Models.dll [C:\Users\ultra\warewolf\Dev\Warewolf.Studio.ViewModels\Warewolf.Studio.ViewModels.csproj]
C:\Program Files\dotnet\sdk\10.0.201\Microsoft.Common.CurrentVersion.targets(2451,5): warning MSB3277:             C:\Users\ultra\warewolf\Dev\Dev2.Intellisense\bin\Debug\net8.0\Dev2.Intellisense.dll [C:\Users\ultra\warewolf\Dev\Warewolf.Studio.ViewModels\Warewolf.Studio.ViewModels.csproj]
C:\Program Files\dotnet\sdk\10.0.201\Microsoft.Common.CurrentVersion.targets(2451,5): warning MSB3277:             C:\Users\ultra\warewolf\Dev\Dev2.Runtime.Services\bin\Debug\net8.0\Dev2.Runtime.Services.dll [C:\Users\ultra\warewolf\Dev\Warewolf.Studio.ViewModels\Warewolf.Studio.ViewModels.csproj]
C:\Program Files\dotnet\sdk\10.0.201\Microsoft.Common.CurrentVersion.targets(2451,5): warning MSB3277:             C:\Users\ultra\warewolf\Dev\Dev2.Scheduler\bin\Debug\net8.0\Dev2.Scheduler.dll [C:\Users\ultra\warewolf\Dev\Warewolf.Studio.ViewModels\Warewolf.Studio.ViewModels.csproj]
C:\Program Files\dotnet\sdk\10.0.201\Microsoft.Common.CurrentVersion.targets(2451,5): warning MSB3277:             C:\Users\ultra\warewolf\Dev\Dev2.Services.Execution\bin\Debug\net8.0\Dev2.Services.Execution.dll [C:\Users\ultra\warewolf\Dev\Warewolf.Studio.ViewModels\Warewolf.Studio.ViewModels.csproj]
C:\Program Files\dotnet\sdk\10.0.201\Microsoft.Common.CurrentVersion.targets(2451,5): warning MSB3277:             C:\Users\ultra\warewolf\Dev\Warewolf.Auditing\bin\Debug\net8.0\Warewolf.Auditing.dll [C:\Users\ultra\warewolf\Dev\Warewolf.Studio.ViewModels\Warewolf.Studio.ViewModels.csproj]
C:\Program Files\dotnet\sdk\10.0.201\Microsoft.Common.CurrentVersion.targets(2451,5): warning MSB3277:             C:\Users\ultra\warewolf\Dev\Warewolf.Common.NetStandard20\bin\Debug\net8.0\Warewolf.Common.NetStandard20.dll [C:\Users\ultra\warewolf\Dev\Warewolf.Studio.ViewModels\Warewolf.Studio.ViewModels.csproj]
C:\Program Files\dotnet\sdk\10.0.201\Microsoft.Common.CurrentVersion.targets(2451,5): warning MSB3277:             C:\Users\ultra\warewolf\Dev\Warewolf.Driver.Persistence\bin\Debug\net8.0\Warewolf.Driver.Persistence.dll [C:\Users\ultra\warewolf\Dev\Warewolf.Studio.ViewModels\Warewolf.Studio.ViewModels.csproj]
C:\Program Files\dotnet\sdk\10.0.201\Microsoft.Common.CurrentVersion.targets(2451,5): warning MSB3277:             C:\Users\ultra\warewolf\Dev\Warewolf.Exchange.Email.Wrapper\bin\Debug\net8.0\Warewolf.Exchange.Email.Wrapper.dll [C:\Users\ultra\warewolf\Dev\Warewolf.Studio.ViewModels\Warewolf.Studio.ViewModels.csproj]
C:\Program Files\dotnet\sdk\10.0.201\Microsoft.Common.CurrentVersion.targets(2451,5): warning MSB3277:             C:\Users\ultra\warewolf\Dev\Warewolf.UI\bin\Debug\net8.0\Warewolf.UI.dll [C:\Users\ultra\warewolf\Dev\Warewolf.Studio.ViewModels\Warewolf.Studio.ViewModels.csproj]
C:\Program Files\dotnet\sdk\10.0.201\Microsoft.Common.CurrentVersion.targets(2451,5): warning MSB3277:         C:\Users\ultra\warewolf\Dev\Warewolf.Studio.CustomControls\bin\Debug\net8.0\Warewolf.Studio.CustomControls.dll [C:\Users\ultra\warewolf\Dev\Warewolf.Studio.ViewModels\Warewolf.Studio.ViewModels.csproj]
C:\Program Files\dotnet\sdk\10.0.201\Microsoft.Common.CurrentVersion.targets(2451,5): warning MSB3277:           Project file item includes which caused reference "C:\Users\ultra\warewolf\Dev\Warewolf.Studio.CustomControls\bin\Debug\net8.0\Warewolf.Studio.CustomControls.dll". [C:\Users\ultra\warewolf\Dev\Warewolf.Studio.ViewModels\Warewolf.Studio.ViewModels.csproj]
C:\Program Files\dotnet\sdk\10.0.201\Microsoft.Common.CurrentVersion.targets(2451,5): warning MSB3277:             C:\Users\ultra\warewolf\Dev\Warewolf.Studio.CustomControls\bin\Debug\net8.0\Warewolf.Studio.CustomControls.dll [C:\Users\ultra\warewolf\Dev\Warewolf.Studio.ViewModels\Warewolf.Studio.ViewModels.csproj]
C:\Program Files\dotnet\sdk\10.0.201\Microsoft.Common.CurrentVersion.targets(2451,5): warning MSB3277:         C:\Users\ultra\warewolf\Dev\Binaries\Infragistcs_Net6\InfragisticsWPF4.v15.1.dll [C:\Users\ultra\warewolf\Dev\Warewolf.Studio.ViewModels\Warewolf.Studio.ViewModels.csproj]
C:\Program Files\dotnet\sdk\10.0.201\Microsoft.Common.CurrentVersion.targets(2451,5): warning MSB3277:           Project file item includes which caused reference "C:\Users\ultra\warewolf\Dev\Binaries\Infragistcs_Net6\InfragisticsWPF4.v15.1.dll". [C:\Users\ultra\warewolf\Dev\Warewolf.Studio.ViewModels\Warewolf.Studio.ViewModels.csproj]
C:\Program Files\dotnet\sdk\10.0.201\Microsoft.Common.CurrentVersion.targets(2451,5): warning MSB3277:             InfragisticsWPF4.v15.1, Version=15.1.20151.2055, Culture=neutral, processorArchitecture=MSIL [C:\Users\ultra\warewolf\Dev\Warewolf.Studio.ViewModels\Warewolf.Studio.ViewModels.csproj]
C:\Program Files\dotnet\sdk\10.0.201\Microsoft.Common.CurrentVersion.targets(2451,5): warning MSB3277:             InfragisticsWPF4.Controls.Editors.XamComboEditor.v15.1, Version=15.1.20151.2055, Culture=neutral, processorArchitecture=MSIL [C:\Users\ultra\warewolf\Dev\Warewolf.Studio.ViewModels\Warewolf.Studio.ViewModels.csproj]
C:\Program Files\dotnet\sdk\10.0.201\Microsoft.Common.CurrentVersion.targets(2451,5): warning MSB3277:             InfragisticsWPF4.DataManager.v15.1, Version=15.1.20151.2055, Culture=neutral, processorArchitecture=MSIL [C:\Users\ultra\warewolf\Dev\Warewolf.Studio.ViewModels\Warewolf.Studio.ViewModels.csproj]
C:\Program Files\dotnet\sdk\10.0.201\Microsoft.Common.CurrentVersion.targets(2451,5): warning MSB3277:         C:\Users\ultra\.nuget\packages\dotnetzip\1.16.0\lib\netstandard2.0\DotNetZip.dll [C:\Users\ultra\warewolf\Dev\Warewolf.Studio.ViewModels\Warewolf.Studio.ViewModels.csproj]
C:\Program Files\dotnet\sdk\10.0.201\Microsoft.Common.CurrentVersion.targets(2451,5): warning MSB3277:           Project file item includes which caused reference "C:\Users\ultra\.nuget\packages\dotnetzip\1.16.0\lib\netstandard2.0\DotNetZip.dll". [C:\Users\ultra\warewolf\Dev\Warewolf.Studio.ViewModels\Warewolf.Studio.ViewModels.csproj]
C:\Program Files\dotnet\sdk\10.0.201\Microsoft.Common.CurrentVersion.targets(2451,5): warning MSB3277:             C:\Users\ultra\.nuget\packages\dotnetzip\1.16.0\lib\netstandard2.0\DotNetZip.dll [C:\Users\ultra\warewolf\Dev\Warewolf.Studio.ViewModels\Warewolf.Studio.ViewModels.csproj]
C:\Program Files\dotnet\sdk\10.0.201\Microsoft.Common.CurrentVersion.targets(2451,5): warning MSB3277:             C:\Users\ultra\warewolf\Dev\Dev2.Common\bin\Debug\net8.0\Dev2.Common.dll [C:\Users\ultra\warewolf\Dev\Warewolf.Studio.ViewModels\Warewolf.Studio.ViewModels.csproj]
C:\Program Files\dotnet\sdk\10.0.201\Microsoft.Common.CurrentVersion.targets(2451,5): warning MSB3277:             C:\Users\ultra\warewolf\Dev\Dev2.Activities\bin\Debug\net8.0\Dev2.Activities.dll [C:\Users\ultra\warewolf\Dev\Warewolf.Studio.ViewModels\Warewolf.Studio.ViewModels.csproj]
C:\Program Files\dotnet\sdk\10.0.201\Microsoft.Common.CurrentVersion.targets(2451,5): warning MSB3277:             C:\Users\ultra\warewolf\Dev\Dev2.Core\bin\Debug\net8.0\Dev2.Core.dll [C:\Users\ultra\warewolf\Dev\Warewolf.Studio.ViewModels\Warewolf.Studio.ViewModels.csproj]
C:\Program Files\dotnet\sdk\10.0.201\Microsoft.Common.CurrentVersion.targets(2451,5): warning MSB3277:             C:\Users\ultra\warewolf\Dev\Dev2.Data.Interfaces\bin\Debug\net8.0\Dev2.Data.Interfaces.dll [C:\Users\ultra\warewolf\Dev\Warewolf.Studio.ViewModels\Warewolf.Studio.ViewModels.csproj]
C:\Program Files\dotnet\sdk\10.0.201\Microsoft.Common.CurrentVersion.targets(2451,5): warning MSB3277:             C:\Users\ultra\warewolf\Dev\Dev2.Data\bin\Debug\net8.0\Dev2.Data.dll [C:\Users\ultra\warewolf\Dev\Warewolf.Studio.ViewModels\Warewolf.Studio.ViewModels.csproj]
C:\Program Files\dotnet\sdk\10.0.201\Microsoft.Common.CurrentVersion.targets(2451,5): warning MSB3277:             C:\Users\ultra\warewolf\Dev\Dev2.Diagnostics\bin\Debug\net8.0\Dev2.Diagnostics.dll [C:\Users\ultra\warewolf\Dev\Warewolf.Studio.ViewModels\Warewolf.Studio.ViewModels.csproj]
C:\Program Files\dotnet\sdk\10.0.201\Microsoft.Common.CurrentVersion.targets(2451,5): warning MSB3277:             C:\Users\ultra\warewolf\Dev\Dev2.Infrastructure\bin\Debug\net8.0\Dev2.Infrastructure.dll [C:\Users\ultra\warewolf\Dev\Warewolf.Studio.ViewModels\Warewolf.Studio.ViewModels.csproj]
C:\Program Files\dotnet\sdk\10.0.201\Microsoft.Common.CurrentVersion.targets(2451,5): warning MSB3277:             C:\Users\ultra\warewolf\Dev\Dev2.Studio.Core\bin\Debug\net8.0\Dev2.Studio.Core.dll [C:\Users\ultra\warewolf\Dev\Warewolf.Studio.ViewModels\Warewolf.Studio.ViewModels.csproj]
C:\Program Files\dotnet\sdk\10.0.201\Microsoft.Common.CurrentVersion.targets(2451,5): warning MSB3277:             C:\Users\ultra\warewolf\Dev\Dev2.Studio.Interfaces\bin\Debug\net8.0\Dev2.Studio.Interfaces.dll [C:\Users\ultra\warewolf\Dev\Warewolf.Studio.ViewModels\Warewolf.Studio.ViewModels.csproj]
C:\Program Files\dotnet\sdk\10.0.201\Microsoft.Common.CurrentVersion.targets(2451,5): warning MSB3277:             C:\Users\ultra\warewolf\Dev\Warewolf.Core\bin\Debug\net8.0\Warewolf.Core.dll [C:\Users\ultra\warewolf\Dev\Warewolf.Studio.ViewModels\Warewolf.Studio.ViewModels.csproj]
C:\Program Files\dotnet\sdk\10.0.201\Microsoft.Common.CurrentVersion.targets(2451,5): warning MSB3277:             C:\Users\ultra\warewolf\Dev\Warewolf.ResourceManagement\bin\Debug\net8.0\Warewolf.ResourceManagement.dll [C:\Users\ultra\warewolf\Dev\Warewolf.Studio.ViewModels\Warewolf.Studio.ViewModels.csproj]
C:\Program Files\dotnet\sdk\10.0.201\Microsoft.Common.CurrentVersion.targets(2451,5): warning MSB3277:             C:\Users\ultra\warewolf\Dev\Warewolf.Studio.Core\bin\Debug\net8.0\Warewolf.Studio.Core.dll [C:\Users\ultra\warewolf\Dev\Warewolf.Studio.ViewModels\Warewolf.Studio.ViewModels.csproj]
C:\Program Files\dotnet\sdk\10.0.201\Microsoft.Common.CurrentVersion.targets(2451,5): warning MSB3277:             C:\Users\ultra\warewolf\Dev\Warewolf.Studio.CustomControls\bin\Debug\net8.0\Warewolf.Studio.CustomControls.dll [C:\Users\ultra\warewolf\Dev\Warewolf.Studio.ViewModels\Warewolf.Studio.ViewModels.csproj]
C:\Program Files\dotnet\sdk\10.0.201\Microsoft.Common.CurrentVersion.targets(2451,5): warning MSB3277:             C:\Users\ultra\warewolf\Dev\Warewolf.Studio.Models\bin\Debug\net8.0\Warewolf.Studio.Models.dll [C:\Users\ultra\warewolf\Dev\Warewolf.Studio.ViewModels\Warewolf.Studio.ViewModels.csproj]
C:\Program Files\dotnet\sdk\10.0.201\Microsoft.Common.CurrentVersion.targets(2451,5): warning MSB3277:             C:\Users\ultra\warewolf\Dev\Dev2.Development.Languages\bin\Debug\net8.0\Dev2.Development.Languages.dll [C:\Users\ultra\warewolf\Dev\Warewolf.Studio.ViewModels\Warewolf.Studio.ViewModels.csproj]
C:\Program Files\dotnet\sdk\10.0.201\Microsoft.Common.CurrentVersion.targets(2451,5): warning MSB3277:             C:\Users\ultra\warewolf\Dev\Dev2.Intellisense\bin\Debug\net8.0\Dev2.Intellisense.dll [C:\Users\ultra\warewolf\Dev\Warewolf.Studio.ViewModels\Warewolf.Studio.ViewModels.csproj]
C:\Program Files\dotnet\sdk\10.0.201\Microsoft.Common.CurrentVersion.targets(2451,5): warning MSB3277:             C:\Users\ultra\warewolf\Dev\Dev2.Runtime.Services\bin\Debug\net8.0\Dev2.Runtime.Services.dll [C:\Users\ultra\warewolf\Dev\Warewolf.Studio.ViewModels\Warewolf.Studio.ViewModels.csproj]
C:\Program Files\dotnet\sdk\10.0.201\Microsoft.Common.CurrentVersion.targets(2451,5): warning MSB3277:             C:\Users\ultra\warewolf\Dev\Dev2.Scheduler\bin\Debug\net8.0\Dev2.Scheduler.dll [C:\Users\ultra\warewolf\Dev\Warewolf.Studio.ViewModels\Warewolf.Studio.ViewModels.csproj]
C:\Program Files\dotnet\sdk\10.0.201\Microsoft.Common.CurrentVersion.targets(2451,5): warning MSB3277:             C:\Users\ultra\warewolf\Dev\Dev2.Services.Execution\bin\Debug\net8.0\Dev2.Services.Execution.dll [C:\Users\ultra\warewolf\Dev\Warewolf.Studio.ViewModels\Warewolf.Studio.ViewModels.csproj]
C:\Program Files\dotnet\sdk\10.0.201\Microsoft.Common.CurrentVersion.targets(2451,5): warning MSB3277:             C:\Users\ultra\warewolf\Dev\Dev2.Services.Sql\bin\Debug\net8.0\Dev2.Services.Sql.dll [C:\Users\ultra\warewolf\Dev\Warewolf.Studio.ViewModels\Warewolf.Studio.ViewModels.csproj]
C:\Program Files\dotnet\sdk\10.0.201\Microsoft.Common.CurrentVersion.targets(2451,5): warning MSB3277:             C:\Users\ultra\warewolf\Dev\Dev2.TaskScheduler.Wrappers\bin\Debug\net8.0\Dev2.TaskScheduler.Wrappers.dll [C:\Users\ultra\warewolf\Dev\Warewolf.Studio.ViewModels\Warewolf.Studio.ViewModels.csproj]
C:\Program Files\dotnet\sdk\10.0.201\Microsoft.Common.CurrentVersion.targets(2451,5): warning MSB3277:             C:\Users\ultra\warewolf\Dev\Dev2.Util\bin\Debug\net8.0\Dev2.Util.dll [C:\Users\ultra\warewolf\Dev\Warewolf.Studio.ViewModels\Warewolf.Studio.ViewModels.csproj]
C:\Program Files\dotnet\sdk\10.0.201\Microsoft.Common.CurrentVersion.targets(2451,5): warning MSB3277:             C:\Users\ultra\warewolf\Dev\Warewolf.AI.Harness\bin\Debug\net8.0\Warewolf.AI.Harness.dll [C:\Users\ultra\warewolf\Dev\Warewolf.Studio.ViewModels\Warewolf.Studio.ViewModels.csproj]
C:\Program Files\dotnet\sdk\10.0.201\Microsoft.Common.CurrentVersion.targets(2451,5): warning MSB3277:             C:\Users\ultra\warewolf\Dev\Warewolf.Auditing\bin\Debug\net8.0\Warewolf.Auditing.dll [C:\Users\ultra\warewolf\Dev\Warewolf.Studio.ViewModels\Warewolf.Studio.ViewModels.csproj]
C:\Program Files\dotnet\sdk\10.0.201\Microsoft.Common.CurrentVersion.targets(2451,5): warning MSB3277:             C:\Users\ultra\warewolf\Dev\Warewolf.Common.NetStandard20\bin\Debug\net8.0\Warewolf.Common.NetStandard20.dll [C:\Users\ultra\warewolf\Dev\Warewolf.Studio.ViewModels\Warewolf.Studio.ViewModels.csproj]
C:\Program Files\dotnet\sdk\10.0.201\Microsoft.Common.CurrentVersion.targets(2451,5): warning MSB3277:             C:\Users\ultra\warewolf\Dev\Warewolf.Driver.Persistence\bin\Debug\net8.0\Warewolf.Driver.Persistence.dll [C:\Users\ultra\warewolf\Dev\Warewolf.Studio.ViewModels\Warewolf.Studio.ViewModels.csproj]
C:\Program Files\dotnet\sdk\10.0.201\Microsoft.Common.CurrentVersion.targets(2451,5): warning MSB3277:             C:\Users\ultra\warewolf\Dev\Warewolf.Driver.Serilog\bin\Debug\net8.0\Warewolf.Driver.Serilog.dll [C:\Users\ultra\warewolf\Dev\Warewolf.Studio.ViewModels\Warewolf.Studio.ViewModels.csproj]
C:\Program Files\dotnet\sdk\10.0.201\Microsoft.Common.CurrentVersion.targets(2451,5): warning MSB3277:             C:\Users\ultra\warewolf\Dev\Warewolf.Exchange.Email.Wrapper\bin\Debug\net8.0\Warewolf.Exchange.Email.Wrapper.dll [C:\Users\ultra\warewolf\Dev\Warewolf.Studio.ViewModels\Warewolf.Studio.ViewModels.csproj]
C:\Program Files\dotnet\sdk\10.0.201\Microsoft.Common.CurrentVersion.targets(2451,5): warning MSB3277:             C:\Users\ultra\warewolf\Dev\Warewolf.Sharepoint\bin\Debug\net8.0\Warewolf.Sharepoint.dll [C:\Users\ultra\warewolf\Dev\Warewolf.Studio.ViewModels\Warewolf.Studio.ViewModels.csproj]
C:\Program Files\dotnet\sdk\10.0.201\Microsoft.Common.CurrentVersion.targets(2451,5): warning MSB3277:             C:\Users\ultra\warewolf\Dev\Warewolf.Storage\bin\Debug\net8.0\Warewolf.Storage.dll [C:\Users\ultra\warewolf\Dev\Warewolf.Studio.ViewModels\Warewolf.Studio.ViewModels.csproj]
C:\Program Files\dotnet\sdk\10.0.201\Microsoft.Common.CurrentVersion.targets(2451,5): warning MSB3277:             C:\Users\ultra\warewolf\Dev\Warewolf.UI\bin\Debug\net8.0\Warewolf.UI.dll [C:\Users\ultra\warewolf\Dev\Warewolf.Studio.ViewModels\Warewolf.Studio.ViewModels.csproj]
C:\Program Files\dotnet\sdk\10.0.201\Microsoft.Common.CurrentVersion.targets(2451,5): warning MSB3277:         C:\Users\ultra\.nuget\packages\mindbox.data.linq\5.0.0\lib\netstandard2.0\Mindbox.Data.Linq.dll [C:\Users\ultra\warewolf\Dev\Warewolf.Studio.ViewModels\Warewolf.Studio.ViewModels.csproj]
C:\Program Files\dotnet\sdk\10.0.201\Microsoft.Common.CurrentVersion.targets(2451,5): warning MSB3277:           Project file item includes which caused reference "C:\Users\ultra\.nuget\packages\mindbox.data.linq\5.0.0\lib\netstandard2.0\Mindbox.Data.Linq.dll". [C:\Users\ultra\warewolf\Dev\Warewolf.Studio.ViewModels\Warewolf.Studio.ViewModels.csproj]
C:\Program Files\dotnet\sdk\10.0.201\Microsoft.Common.CurrentVersion.targets(2451,5): warning MSB3277:             C:\Users\ultra\.nuget\packages\mindbox.data.linq\5.0.0\lib\netstandard2.0\Mindbox.Data.Linq.dll [C:\Users\ultra\warewolf\Dev\Warewolf.Studio.ViewModels\Warewolf.Studio.ViewModels.csproj]
C:\Program Files\dotnet\sdk\10.0.201\Microsoft.Common.CurrentVersion.targets(2451,5): warning MSB3277:             C:\Users\ultra\warewolf\Dev\Warewolf.Auditing\bin\Debug\net8.0\Warewolf.Auditing.dll [C:\Users\ultra\warewolf\Dev\Warewolf.Studio.ViewModels\Warewolf.Studio.ViewModels.csproj]
C:\Program Files\dotnet\sdk\10.0.201\Microsoft.Common.CurrentVersion.targets(2451,5): warning MSB3277:             C:\Users\ultra\warewolf\Dev\Dev2.Activities\bin\Debug\net8.0\Dev2.Activities.dll [C:\Users\ultra\warewolf\Dev\Warewolf.Studio.ViewModels\Warewolf.Studio.ViewModels.csproj]
C:\Program Files\dotnet\sdk\10.0.201\Microsoft.Common.CurrentVersion.targets(2451,5): warning MSB3277:             C:\Users\ultra\warewolf\Dev\Dev2.Studio.Core\bin\Debug\net8.0\Dev2.Studio.Core.dll [C:\Users\ultra\warewolf\Dev\Warewolf.Studio.ViewModels\Warewolf.Studio.ViewModels.csproj]
C:\Program Files\dotnet\sdk\10.0.201\Microsoft.Common.CurrentVersion.targets(2451,5): warning MSB3277:             C:\Users\ultra\warewolf\Dev\Dev2.Intellisense\bin\Debug\net8.0\Dev2.Intellisense.dll [C:\Users\ultra\warewolf\Dev\Warewolf.Studio.ViewModels\Warewolf.Studio.ViewModels.csproj]
C:\Program Files\dotnet\sdk\10.0.201\Microsoft.Common.CurrentVersion.targets(2451,5): warning MSB3277:             C:\Users\ultra\warewolf\Dev\Dev2.Runtime.Services\bin\Debug\net8.0\Dev2.Runtime.Services.dll [C:\Users\ultra\warewolf\Dev\Warewolf.Studio.ViewModels\Warewolf.Studio.ViewModels.csproj]
C:\Program Files\dotnet\sdk\10.0.201\Microsoft.Common.CurrentVersion.targets(2451,5): warning MSB3277:             C:\Users\ultra\warewolf\Dev\Dev2.Studio.Interfaces\bin\Debug\net8.0\Dev2.Studio.Interfaces.dll [C:\Users\ultra\warewolf\Dev\Warewolf.Studio.ViewModels\Warewolf.Studio.ViewModels.csproj]
C:\Program Files\dotnet\sdk\10.0.201\Microsoft.Common.CurrentVersion.targets(2451,5): warning MSB3277:             C:\Users\ultra\warewolf\Dev\Warewolf.Studio.Core\bin\Debug\net8.0\Warewolf.Studio.Core.dll [C:\Users\ultra\warewolf\Dev\Warewolf.Studio.ViewModels\Warewolf.Studio.ViewModels.csproj]
C:\Program Files\dotnet\sdk\10.0.201\Microsoft.Common.CurrentVersion.targets(2451,5): warning MSB3277:             C:\Users\ultra\warewolf\Dev\Warewolf.Studio.CustomControls\bin\Debug\net8.0\Warewolf.Studio.CustomControls.dll [C:\Users\ultra\warewolf\Dev\Warewolf.Studio.ViewModels\Warewolf.Studio.ViewModels.csproj]
C:\Program Files\dotnet\sdk\10.0.201\Microsoft.Common.CurrentVersion.targets(2451,5): warning MSB3277:             C:\Users\ultra\warewolf\Dev\Warewolf.Studio.Models\bin\Debug\net8.0\Warewolf.Studio.Models.dll [C:\Users\ultra\warewolf\Dev\Warewolf.Studio.ViewModels\Warewolf.Studio.ViewModels.csproj]
C:\Program Files\dotnet\sdk\10.0.201\Microsoft.Common.CurrentVersion.targets(2451,5): warning MSB3277:             C:\Users\ultra\warewolf\Dev\Dev2.Services.Execution\bin\Debug\net8.0\Dev2.Services.Execution.dll [C:\Users\ultra\warewolf\Dev\Warewolf.Studio.ViewModels\Warewolf.Studio.ViewModels.csproj]
C:\Program Files\dotnet\sdk\10.0.201\Microsoft.Common.CurrentVersion.targets(2451,5): warning MSB3277:             C:\Users\ultra\warewolf\Dev\Warewolf.Common.NetStandard20\bin\Debug\net8.0\Warewolf.Common.NetStandard20.dll [C:\Users\ultra\warewolf\Dev\Warewolf.Studio.ViewModels\Warewolf.Studio.ViewModels.csproj]
C:\Program Files\dotnet\sdk\10.0.201\Microsoft.Common.CurrentVersion.targets(2451,5): warning MSB3277:             C:\Users\ultra\warewolf\Dev\Warewolf.Driver.Persistence\bin\Debug\net8.0\Warewolf.Driver.Persistence.dll [C:\Users\ultra\warewolf\Dev\Warewolf.Studio.ViewModels\Warewolf.Studio.ViewModels.csproj]
C:\Program Files\dotnet\sdk\10.0.201\Microsoft.Common.CurrentVersion.targets(2451,5): warning MSB3277:         C:\Users\ultra\.nuget\packages\mysql.data\8.4.0\lib\net8.0\MySql.Data.dll [C:\Users\ultra\warewolf\Dev\Warewolf.Studio.ViewModels\Warewolf.Studio.ViewModels.csproj]
C:\Program Files\dotnet\sdk\10.0.201\Microsoft.Common.CurrentVersion.targets(2451,5): warning MSB3277:           Project file item includes which caused reference "C:\Users\ultra\.nuget\packages\mysql.data\8.4.0\lib\net8.0\MySql.Data.dll". [C:\Users\ultra\warewolf\Dev\Warewolf.Studio.ViewModels\Warewolf.Studio.ViewModels.csproj]
C:\Program Files\dotnet\sdk\10.0.201\Microsoft.Common.CurrentVersion.targets(2451,5): warning MSB3277:             C:\Users\ultra\.nuget\packages\mysql.data\8.4.0\lib\net8.0\MySql.Data.dll [C:\Users\ultra\warewolf\Dev\Warewolf.Studio.ViewModels\Warewolf.Studio.ViewModels.csproj]
C:\Program Files\dotnet\sdk\10.0.201\Microsoft.Common.CurrentVersion.targets(2451,5): warning MSB3277:             C:\Users\ultra\warewolf\Dev\Dev2.Activities\bin\Debug\net8.0\Dev2.Activities.dll [C:\Users\ultra\warewolf\Dev\Warewolf.Studio.ViewModels\Warewolf.Studio.ViewModels.csproj]
C:\Program Files\dotnet\sdk\10.0.201\Microsoft.Common.CurrentVersion.targets(2451,5): warning MSB3277:             C:\Users\ultra\warewolf\Dev\Dev2.Studio.Core\bin\Debug\net8.0\Dev2.Studio.Core.dll [C:\Users\ultra\warewolf\Dev\Warewolf.Studio.ViewModels\Warewolf.Studio.ViewModels.csproj]
C:\Program Files\dotnet\sdk\10.0.201\Microsoft.Common.CurrentVersion.targets(2451,5): warning MSB3277:             C:\Users\ultra\warewolf\Dev\Dev2.Intellisense\bin\Debug\net8.0\Dev2.Intellisense.dll [C:\Users\ultra\warewolf\Dev\Warewolf.Studio.ViewModels\Warewolf.Studio.ViewModels.csproj]
C:\Program Files\dotnet\sdk\10.0.201\Microsoft.Common.CurrentVersion.targets(2451,5): warning MSB3277:             C:\Users\ultra\warewolf\Dev\Dev2.Runtime.Services\bin\Debug\net8.0\Dev2.Runtime.Services.dll [C:\Users\ultra\warewolf\Dev\Warewolf.Studio.ViewModels\Warewolf.Studio.ViewModels.csproj]
C:\Program Files\dotnet\sdk\10.0.201\Microsoft.Common.CurrentVersion.targets(2451,5): warning MSB3277:             C:\Users\ultra\warewolf\Dev\Dev2.Studio.Interfaces\bin\Debug\net8.0\Dev2.Studio.Interfaces.dll [C:\Users\ultra\warewolf\Dev\Warewolf.Studio.ViewModels\Warewolf.Studio.ViewModels.csproj]
C:\Program Files\dotnet\sdk\10.0.201\Microsoft.Common.CurrentVersion.targets(2451,5): warning MSB3277:             C:\Users\ultra\warewolf\Dev\Warewolf.Studio.Core\bin\Debug\net8.0\Warewolf.Studio.Core.dll [C:\Users\ultra\warewolf\Dev\Warewolf.Studio.ViewModels\Warewolf.Studio.ViewModels.csproj]
C:\Program Files\dotnet\sdk\10.0.201\Microsoft.Common.CurrentVersion.targets(2451,5): warning MSB3277:             C:\Users\ultra\warewolf\Dev\Warewolf.Studio.CustomControls\bin\Debug\net8.0\Warewolf.Studio.CustomControls.dll [C:\Users\ultra\warewolf\Dev\Warewolf.Studio.ViewModels\Warewolf.Studio.ViewModels.csproj]
C:\Program Files\dotnet\sdk\10.0.201\Microsoft.Common.CurrentVersion.targets(2451,5): warning MSB3277:             C:\Users\ultra\warewolf\Dev\Warewolf.Studio.Models\bin\Debug\net8.0\Warewolf.Studio.Models.dll [C:\Users\ultra\warewolf\Dev\Warewolf.Studio.ViewModels\Warewolf.Studio.ViewModels.csproj]
C:\Program Files\dotnet\sdk\10.0.201\Microsoft.Common.CurrentVersion.targets(2451,5): warning MSB3277:             C:\Users\ultra\warewolf\Dev\Dev2.Services.Execution\bin\Debug\net8.0\Dev2.Services.Execution.dll [C:\Users\ultra\warewolf\Dev\Warewolf.Studio.ViewModels\Warewolf.Studio.ViewModels.csproj]
C:\Program Files\dotnet\sdk\10.0.201\Microsoft.Common.CurrentVersion.targets(2451,5): warning MSB3277:             C:\Users\ultra\warewolf\Dev\Dev2.Services.Sql\bin\Debug\net8.0\Dev2.Services.Sql.dll [C:\Users\ultra\warewolf\Dev\Warewolf.Studio.ViewModels\Warewolf.Studio.ViewModels.csproj]
C:\Program Files\dotnet\sdk\10.0.201\Microsoft.Common.CurrentVersion.targets(2451,5): warning MSB3277:             C:\Users\ultra\warewolf\Dev\Warewolf.Driver.Persistence\bin\Debug\net8.0\Warewolf.Driver.Persistence.dll [C:\Users\ultra\warewolf\Dev\Warewolf.Studio.ViewModels\Warewolf.Studio.ViewModels.csproj]
C:\Program Files\dotnet\sdk\10.0.201\Microsoft.Common.CurrentVersion.targets(2451,5): warning MSB3277:         C:\Users\ultra\.nuget\packages\oracle.manageddataaccess.core\3.21.70\lib\netstandard2.1\Oracle.ManagedDataAccess.dll [C:\Users\ultra\warewolf\Dev\Warewolf.Studio.ViewModels\Warewolf.Studio.ViewModels.csproj]
C:\Program Files\dotnet\sdk\10.0.201\Microsoft.Common.CurrentVersion.targets(2451,5): warning MSB3277:           Project file item includes which caused reference "C:\Users\ultra\.nuget\packages\oracle.manageddataaccess.core\3.21.70\lib\netstandard2.1\Oracle.ManagedDataAccess.dll". [C:\Users\ultra\warewolf\Dev\Warewolf.Studio.ViewModels\Warewolf.Studio.ViewModels.csproj]
C:\Program Files\dotnet\sdk\10.0.201\Microsoft.Common.CurrentVersion.targets(2451,5): warning MSB3277:             C:\Users\ultra\.nuget\packages\oracle.manageddataaccess.core\3.21.70\lib\netstandard2.1\Oracle.ManagedDataAccess.dll [C:\Users\ultra\warewolf\Dev\Warewolf.Studio.ViewModels\Warewolf.Studio.ViewModels.csproj]
C:\Program Files\dotnet\sdk\10.0.201\Microsoft.Common.CurrentVersion.targets(2451,5): warning MSB3277:             C:\Users\ultra\warewolf\Dev\Dev2.Runtime.Services\bin\Debug\net8.0\Dev2.Runtime.Services.dll [C:\Users\ultra\warewolf\Dev\Warewolf.Studio.ViewModels\Warewolf.Studio.ViewModels.csproj]
C:\Program Files\dotnet\sdk\10.0.201\Microsoft.Common.CurrentVersion.targets(2451,5): warning MSB3277:             C:\Users\ultra\warewolf\Dev\Dev2.Activities\bin\Debug\net8.0\Dev2.Activities.dll [C:\Users\ultra\warewolf\Dev\Warewolf.Studio.ViewModels\Warewolf.Studio.ViewModels.csproj]
C:\Program Files\dotnet\sdk\10.0.201\Microsoft.Common.CurrentVersion.targets(2451,5): warning MSB3277:             C:\Users\ultra\warewolf\Dev\Dev2.Studio.Core\bin\Debug\net8.0\Dev2.Studio.Core.dll [C:\Users\ultra\warewolf\Dev\Warewolf.Studio.ViewModels\Warewolf.Studio.ViewModels.csproj]
C:\Program Files\dotnet\sdk\10.0.201\Microsoft.Common.CurrentVersion.targets(2451,5): warning MSB3277:             C:\Users\ultra\warewolf\Dev\Dev2.Studio.Interfaces\bin\Debug\net8.0\Dev2.Studio.Interfaces.dll [C:\Users\ultra\warewolf\Dev\Warewolf.Studio.ViewModels\Warewolf.Studio.ViewModels.csproj]
C:\Program Files\dotnet\sdk\10.0.201\Microsoft.Common.CurrentVersion.targets(2451,5): warning MSB3277:             C:\Users\ultra\warewolf\Dev\Warewolf.Studio.Core\bin\Debug\net8.0\Warewolf.Studio.Core.dll [C:\Users\ultra\warewolf\Dev\Warewolf.Studio.ViewModels\Warewolf.Studio.ViewModels.csproj]
C:\Program Files\dotnet\sdk\10.0.201\Microsoft.Common.CurrentVersion.targets(2451,5): warning MSB3277:             C:\Users\ultra\warewolf\Dev\Warewolf.Studio.CustomControls\bin\Debug\net8.0\Warewolf.Studio.CustomControls.dll [C:\Users\ultra\warewolf\Dev\Warewolf.Studio.ViewModels\Warewolf.Studio.ViewModels.csproj]
C:\Program Files\dotnet\sdk\10.0.201\Microsoft.Common.CurrentVersion.targets(2451,5): warning MSB3277:             C:\Users\ultra\warewolf\Dev\Warewolf.Studio.Models\bin\Debug\net8.0\Warewolf.Studio.Models.dll [C:\Users\ultra\warewolf\Dev\Warewolf.Studio.ViewModels\Warewolf.Studio.ViewModels.csproj]
C:\Program Files\dotnet\sdk\10.0.201\Microsoft.Common.CurrentVersion.targets(2451,5): warning MSB3277:             C:\Users\ultra\warewolf\Dev\Dev2.Intellisense\bin\Debug\net8.0\Dev2.Intellisense.dll [C:\Users\ultra\warewolf\Dev\Warewolf.Studio.ViewModels\Warewolf.Studio.ViewModels.csproj]
C:\Program Files\dotnet\sdk\10.0.201\Microsoft.Common.CurrentVersion.targets(2451,5): warning MSB3277:             C:\Users\ultra\warewolf\Dev\Dev2.Services.Execution\bin\Debug\net8.0\Dev2.Services.Execution.dll [C:\Users\ultra\warewolf\Dev\Warewolf.Studio.ViewModels\Warewolf.Studio.ViewModels.csproj]
C:\Program Files\dotnet\sdk\10.0.201\Microsoft.Common.CurrentVersion.targets(2451,5): warning MSB3277:             C:\Users\ultra\warewolf\Dev\Dev2.Services.Sql\bin\Debug\net8.0\Dev2.Services.Sql.dll [C:\Users\ultra\warewolf\Dev\Warewolf.Studio.ViewModels\Warewolf.Studio.ViewModels.csproj]
C:\Program Files\dotnet\sdk\10.0.201\Microsoft.Common.CurrentVersion.targets(2451,5): warning MSB3277:             C:\Users\ultra\warewolf\Dev\Warewolf.Driver.Persistence\bin\Debug\net8.0\Warewolf.Driver.Persistence.dll [C:\Users\ultra\warewolf\Dev\Warewolf.Studio.ViewModels\Warewolf.Studio.ViewModels.csproj]
C:\Program Files\dotnet\sdk\10.0.201\Microsoft.Common.CurrentVersion.targets(2451,5): warning MSB3277:         C:\Users\ultra\.nuget\packages\system.directoryservices\6.0.0\lib\net6.0\System.DirectoryServices.dll [C:\Users\ultra\warewolf\Dev\Warewolf.Studio.ViewModels\Warewolf.Studio.ViewModels.csproj]
C:\Program Files\dotnet\sdk\10.0.201\Microsoft.Common.CurrentVersion.targets(2451,5): warning MSB3277:           Project file item includes which caused reference "C:\Users\ultra\.nuget\packages\system.directoryservices\6.0.0\lib\net6.0\System.DirectoryServices.dll". [C:\Users\ultra\warewolf\Dev\Warewolf.Studio.ViewModels\Warewolf.Studio.ViewModels.csproj]
C:\Program Files\dotnet\sdk\10.0.201\Microsoft.Common.CurrentVersion.targets(2451,5): warning MSB3277:             C:\Users\ultra\.nuget\packages\system.directoryservices\6.0.0\lib\net6.0\System.DirectoryServices.dll [C:\Users\ultra\warewolf\Dev\Warewolf.Studio.ViewModels\Warewolf.Studio.ViewModels.csproj]
C:\Program Files\dotnet\sdk\10.0.201\Microsoft.Common.CurrentVersion.targets(2451,5): warning MSB3277:             C:\Users\ultra\.nuget\packages\corewcf.primitives\1.2.1\lib\netstandard2.0\CoreWCF.Primitives.dll [C:\Users\ultra\warewolf\Dev\Warewolf.Studio.ViewModels\Warewolf.Studio.ViewModels.csproj]
C:\Program Files\dotnet\sdk\10.0.201\Microsoft.Common.CurrentVersion.targets(2451,5): warning MSB3277:             C:\Users\ultra\warewolf\Dev\Dev2.Runtime.Services\bin\Debug\net8.0\Dev2.Runtime.Services.dll [C:\Users\ultra\warewolf\Dev\Warewolf.Studio.ViewModels\Warewolf.Studio.ViewModels.csproj]
C:\Program Files\dotnet\sdk\10.0.201\Microsoft.Common.CurrentVersion.targets(2451,5): warning MSB3277:             C:\Users\ultra\warewolf\Dev\Dev2.Activities\bin\Debug\net8.0\Dev2.Activities.dll [C:\Users\ultra\warewolf\Dev\Warewolf.Studio.ViewModels\Warewolf.Studio.ViewModels.csproj]
C:\Program Files\dotnet\sdk\10.0.201\Microsoft.Common.CurrentVersion.targets(2451,5): warning MSB3277:             C:\Users\ultra\warewolf\Dev\Dev2.Studio.Core\bin\Debug\net8.0\Dev2.Studio.Core.dll [C:\Users\ultra\warewolf\Dev\Warewolf.Studio.ViewModels\Warewolf.Studio.ViewModels.csproj]
C:\Program Files\dotnet\sdk\10.0.201\Microsoft.Common.CurrentVersion.targets(2451,5): warning MSB3277:             C:\Users\ultra\warewolf\Dev\Dev2.Studio.Interfaces\bin\Debug\net8.0\Dev2.Studio.Interfaces.dll [C:\Users\ultra\warewolf\Dev\Warewolf.Studio.ViewModels\Warewolf.Studio.ViewModels.csproj]
C:\Program Files\dotnet\sdk\10.0.201\Microsoft.Common.CurrentVersion.targets(2451,5): warning MSB3277:             C:\Users\ultra\warewolf\Dev\Warewolf.Studio.Core\bin\Debug\net8.0\Warewolf.Studio.Core.dll [C:\Users\ultra\warewolf\Dev\Warewolf.Studio.ViewModels\Warewolf.Studio.ViewModels.csproj]
C:\Program Files\dotnet\sdk\10.0.201\Microsoft.Common.CurrentVersion.targets(2451,5): warning MSB3277:             C:\Users\ultra\warewolf\Dev\Warewolf.Studio.CustomControls\bin\Debug\net8.0\Warewolf.Studio.CustomControls.dll [C:\Users\ultra\warewolf\Dev\Warewolf.Studio.ViewModels\Warewolf.Studio.ViewModels.csproj]
C:\Program Files\dotnet\sdk\10.0.201\Microsoft.Common.CurrentVersion.targets(2451,5): warning MSB3277:             C:\Users\ultra\warewolf\Dev\Warewolf.Studio.Models\bin\Debug\net8.0\Warewolf.Studio.Models.dll [C:\Users\ultra\warewolf\Dev\Warewolf.Studio.ViewModels\Warewolf.Studio.ViewModels.csproj]
C:\Program Files\dotnet\sdk\10.0.201\Microsoft.Common.CurrentVersion.targets(2451,5): warning MSB3277:             C:\Users\ultra\warewolf\Dev\Dev2.Intellisense\bin\Debug\net8.0\Dev2.Intellisense.dll [C:\Users\ultra\warewolf\Dev\Warewolf.Studio.ViewModels\Warewolf.Studio.ViewModels.csproj]
C:\Program Files\dotnet\sdk\10.0.201\Microsoft.Common.CurrentVersion.targets(2451,5): warning MSB3277:             C:\Users\ultra\warewolf\Dev\Dev2.Services.Execution\bin\Debug\net8.0\Dev2.Services.Execution.dll [C:\Users\ultra\warewolf\Dev\Warewolf.Studio.ViewModels\Warewolf.Studio.ViewModels.csproj]
C:\Program Files\dotnet\sdk\10.0.201\Microsoft.Common.CurrentVersion.targets(2451,5): warning MSB3277:             C:\Users\ultra\warewolf\Dev\Warewolf.Driver.Persistence\bin\Debug\net8.0\Warewolf.Driver.Persistence.dll [C:\Users\ultra\warewolf\Dev\Warewolf.Studio.ViewModels\Warewolf.Studio.ViewModels.csproj]
C:\Program Files\dotnet\sdk\10.0.201\Microsoft.Common.CurrentVersion.targets(2451,5): warning MSB3277:             C:\Users\ultra\.nuget\packages\corewcf.http\1.2.1\lib\netstandard2.0\CoreWCF.Http.dll [C:\Users\ultra\warewolf\Dev\Warewolf.Studio.ViewModels\Warewolf.Studio.ViewModels.csproj]
C:\Program Files\dotnet\sdk\10.0.201\Microsoft.Common.CurrentVersion.targets(2451,5): warning MSB3277:             C:\Users\ultra\.nuget\packages\corewcf.nettcp\1.2.1\lib\netstandard2.0\CoreWCF.NetTcp.dll [C:\Users\ultra\warewolf\Dev\Warewolf.Studio.ViewModels\Warewolf.Studio.ViewModels.csproj]
C:\Program Files\dotnet\sdk\10.0.201\Microsoft.Common.CurrentVersion.targets(2451,5): warning MSB3277:             C:\Users\ultra\.nuget\packages\corewcf.webhttp\1.2.1\lib\netstandard2.0\CoreWCF.WebHttp.dll [C:\Users\ultra\warewolf\Dev\Warewolf.Studio.ViewModels\Warewolf.Studio.ViewModels.csproj]
C:\Program Files\dotnet\sdk\10.0.201\Microsoft.Common.CurrentVersion.targets(2451,5): warning MSB3277:         C:\Program Files\dotnet\packs\Microsoft.NETCore.App.Ref\8.0.25\ref\net8.0\System.Configuration.dll [C:\Users\ultra\warewolf\Dev\Warewolf.Studio.ViewModels\Warewolf.Studio.ViewModels.csproj]
C:\Program Files\dotnet\sdk\10.0.201\Microsoft.Common.CurrentVersion.targets(2451,5): warning MSB3277:           Project file item includes which caused reference "C:\Program Files\dotnet\packs\Microsoft.NETCore.App.Ref\8.0.25\ref\net8.0\System.Configuration.dll". [C:\Users\ultra\warewolf\Dev\Warewolf.Studio.ViewModels\Warewolf.Studio.ViewModels.csproj]
C:\Program Files\dotnet\sdk\10.0.201\Microsoft.Common.CurrentVersion.targets(2451,5): warning MSB3277:             C:\Program Files\dotnet\packs\Microsoft.NETCore.App.Ref\8.0.25\ref/net8.0/System.Configuration.dll [C:\Users\ultra\warewolf\Dev\Warewolf.Studio.ViewModels\Warewolf.Studio.ViewModels.csproj]
C:\Program Files\dotnet\sdk\10.0.201\Microsoft.Common.CurrentVersion.targets(2451,5): warning MSB3277:             C:\Users\ultra\.nuget\packages\prism.wpf\9.0.537\lib\net462\Prism.Wpf.dll [C:\Users\ultra\warewolf\Dev\Warewolf.Studio.ViewModels\Warewolf.Studio.ViewModels.csproj]
C:\Program Files\dotnet\sdk\10.0.201\Microsoft.Common.CurrentVersion.targets(2451,5): warning MSB3277:         C:\Program Files\dotnet\packs\Microsoft.NETCore.App.Ref\8.0.25\ref\net8.0\System.Data.dll [C:\Users\ultra\warewolf\Dev\Warewolf.Studio.ViewModels\Warewolf.Studio.ViewModels.csproj]
C:\Program Files\dotnet\sdk\10.0.201\Microsoft.Common.CurrentVersion.targets(2451,5): warning MSB3277:           Project file item includes which caused reference "C:\Program Files\dotnet\packs\Microsoft.NETCore.App.Ref\8.0.25\ref\net8.0\System.Data.dll". [C:\Users\ultra\warewolf\Dev\Warewolf.Studio.ViewModels\Warewolf.Studio.ViewModels.csproj]
C:\Program Files\dotnet\sdk\10.0.201\Microsoft.Common.CurrentVersion.targets(2451,5): warning MSB3277:             C:\Program Files\dotnet\packs\Microsoft.NETCore.App.Ref\8.0.25\ref/net8.0/System.Data.dll [C:\Users\ultra\warewolf\Dev\Warewolf.Studio.ViewModels\Warewolf.Studio.ViewModels.csproj]
C:\Program Files\dotnet\sdk\10.0.201\Microsoft.Common.CurrentVersion.targets(2451,5): warning MSB3277:             C:\Users\ultra\.nuget\packages\taskschedulereditor\2.10.1\lib\net452\Microsoft.Win32.TaskSchedulerEditor.dll [C:\Users\ultra\warewolf\Dev\Warewolf.Studio.ViewModels\Warewolf.Studio.ViewModels.csproj]
C:\Program Files\dotnet\sdk\10.0.201\Microsoft.Common.CurrentVersion.targets(2451,5): warning MSB3277:         C:\Program Files\dotnet\packs\Microsoft.NETCore.App.Ref\8.0.25\ref\net8.0\System.Drawing.dll [C:\Users\ultra\warewolf\Dev\Warewolf.Studio.ViewModels\Warewolf.Studio.ViewModels.csproj]
C:\Program Files\dotnet\sdk\10.0.201\Microsoft.Common.CurrentVersion.targets(2451,5): warning MSB3277:           Project file item includes which caused reference "C:\Program Files\dotnet\packs\Microsoft.NETCore.App.Ref\8.0.25\ref\net8.0\System.Drawing.dll". [C:\Users\ultra\warewolf\Dev\Warewolf.Studio.ViewModels\Warewolf.Studio.ViewModels.csproj]
C:\Program Files\dotnet\sdk\10.0.201\Microsoft.Common.CurrentVersion.targets(2451,5): warning MSB3277:             C:\Program Files\dotnet\packs\Microsoft.NETCore.App.Ref\8.0.25\ref/net8.0/System.Drawing.dll [C:\Users\ultra\warewolf\Dev\Warewolf.Studio.ViewModels\Warewolf.Studio.ViewModels.csproj]
C:\Program Files\dotnet\sdk\10.0.201\Microsoft.Common.CurrentVersion.targets(2451,5): warning MSB3277:             C:\Users\ultra\.nuget\packages\aerowizard\2.3.1\lib\net45\AeroWizard.dll [C:\Users\ultra\warewolf\Dev\Warewolf.Studio.ViewModels\Warewolf.Studio.ViewModels.csproj]
C:\Program Files\dotnet\sdk\10.0.201\Microsoft.Common.CurrentVersion.targets(2451,5): warning MSB3277:             C:\Users\ultra\.nuget\packages\groupcontrols\1.9.0\lib\net45\GroupControls.dll [C:\Users\ultra\warewolf\Dev\Warewolf.Studio.ViewModels\Warewolf.Studio.ViewModels.csproj]
C:\Program Files\dotnet\sdk\10.0.201\Microsoft.Common.CurrentVersion.targets(2451,5): warning MSB3277:             C:\Users\ultra\.nuget\packages\taskschedulereditor\2.10.1\lib\net452\Microsoft.Win32.TaskSchedulerEditor.dll [C:\Users\ultra\warewolf\Dev\Warewolf.Studio.ViewModels\Warewolf.Studio.ViewModels.csproj]
C:\Program Files\dotnet\sdk\10.0.201\Microsoft.Common.CurrentVersion.targets(2451,5): warning MSB3277:         C:\Program Files\dotnet\packs\Microsoft.NETCore.App.Ref\8.0.25\ref\net8.0\System.Net.dll [C:\Users\ultra\warewolf\Dev\Warewolf.Studio.ViewModels\Warewolf.Studio.ViewModels.csproj]
C:\Program Files\dotnet\sdk\10.0.201\Microsoft.Common.CurrentVersion.targets(2451,5): warning MSB3277:           Project file item includes which caused reference "C:\Program Files\dotnet\packs\Microsoft.NETCore.App.Ref\8.0.25\ref\net8.0\System.Net.dll". [C:\Users\ultra\warewolf\Dev\Warewolf.Studio.ViewModels\Warewolf.Studio.ViewModels.csproj]
C:\Program Files\dotnet\sdk\10.0.201\Microsoft.Common.CurrentVersion.targets(2451,5): warning MSB3277:             C:\Program Files\dotnet\packs\Microsoft.NETCore.App.Ref\8.0.25\ref/net8.0/System.Net.dll [C:\Users\ultra\warewolf\Dev\Warewolf.Studio.ViewModels\Warewolf.Studio.ViewModels.csproj]
C:\Program Files\dotnet\sdk\10.0.201\Microsoft.Common.CurrentVersion.targets(2451,5): warning MSB3277:         C:\Program Files\dotnet\packs\Microsoft.NETCore.App.Ref\8.0.25\ref\net8.0\System.Security.dll [C:\Users\ultra\warewolf\Dev\Warewolf.Studio.ViewModels\Warewolf.Studio.ViewModels.csproj]
C:\Program Files\dotnet\sdk\10.0.201\Microsoft.Common.CurrentVersion.targets(2451,5): warning MSB3277:           Project file item includes which caused reference "C:\Program Files\dotnet\packs\Microsoft.NETCore.App.Ref\8.0.25\ref\net8.0\System.Security.dll". [C:\Users\ultra\warewolf\Dev\Warewolf.Studio.ViewModels\Warewolf.Studio.ViewModels.csproj]
C:\Program Files\dotnet\sdk\10.0.201\Microsoft.Common.CurrentVersion.targets(2451,5): warning MSB3277:             C:\Program Files\dotnet\packs\Microsoft.NETCore.App.Ref\8.0.25\ref/net8.0/System.Security.dll [C:\Users\ultra\warewolf\Dev\Warewolf.Studio.ViewModels\Warewolf.Studio.ViewModels.csproj]
C:\Program Files\dotnet\sdk\10.0.201\Microsoft.Common.CurrentVersion.targets(2451,5): warning MSB3277:         C:\Program Files\dotnet\packs\Microsoft.NETCore.App.Ref\8.0.25\ref\net8.0\System.ServiceProcess.dll [C:\Users\ultra\warewolf\Dev\Warewolf.Studio.ViewModels\Warewolf.Studio.ViewModels.csproj]
C:\Program Files\dotnet\sdk\10.0.201\Microsoft.Common.CurrentVersion.targets(2451,5): warning MSB3277:           Project file item includes which caused reference "C:\Program Files\dotnet\packs\Microsoft.NETCore.App.Ref\8.0.25\ref\net8.0\System.ServiceProcess.dll". [C:\Users\ultra\warewolf\Dev\Warewolf.Studio.ViewModels\Warewolf.Studio.ViewModels.csproj]
C:\Program Files\dotnet\sdk\10.0.201\Microsoft.Common.CurrentVersion.targets(2451,5): warning MSB3277:             C:\Program Files\dotnet\packs\Microsoft.NETCore.App.Ref\8.0.25\ref/net8.0/System.ServiceProcess.dll [C:\Users\ultra\warewolf\Dev\Warewolf.Studio.ViewModels\Warewolf.Studio.ViewModels.csproj]
C:\Program Files\dotnet\sdk\10.0.201\Microsoft.Common.CurrentVersion.targets(2451,5): warning MSB3277:         C:\Program Files\dotnet\packs\Microsoft.NETCore.App.Ref\8.0.25\ref\net8.0\System.Transactions.dll [C:\Users\ultra\warewolf\Dev\Warewolf.Studio.ViewModels\Warewolf.Studio.ViewModels.csproj]
C:\Program Files\dotnet\sdk\10.0.201\Microsoft.Common.CurrentVersion.targets(2451,5): warning MSB3277:           Project file item includes which caused reference "C:\Program Files\dotnet\packs\Microsoft.NETCore.App.Ref\8.0.25\ref\net8.0\System.Transactions.dll". [C:\Users\ultra\warewolf\Dev\Warewolf.Studio.ViewModels\Warewolf.Studio.ViewModels.csproj]
C:\Program Files\dotnet\sdk\10.0.201\Microsoft.Common.CurrentVersion.targets(2451,5): warning MSB3277:             C:\Program Files\dotnet\packs\Microsoft.NETCore.App.Ref\8.0.25\ref/net8.0/System.Transactions.dll [C:\Users\ultra\warewolf\Dev\Warewolf.Studio.ViewModels\Warewolf.Studio.ViewModels.csproj]
C:\Program Files\dotnet\sdk\10.0.201\Microsoft.Common.CurrentVersion.targets(2451,5): warning MSB3277:         C:\Program Files\dotnet\packs\Microsoft.NETCore.App.Ref\8.0.25\ref\net8.0\System.dll [C:\Users\ultra\warewolf\Dev\Warewolf.Studio.ViewModels\Warewolf.Studio.ViewModels.csproj]
C:\Program Files\dotnet\sdk\10.0.201\Microsoft.Common.CurrentVersion.targets(2451,5): warning MSB3277:           Project file item includes which caused reference "C:\Program Files\dotnet\packs\Microsoft.NETCore.App.Ref\8.0.25\ref\net8.0\System.dll". [C:\Users\ultra\warewolf\Dev\Warewolf.Studio.ViewModels\Warewolf.Studio.ViewModels.csproj]
C:\Program Files\dotnet\sdk\10.0.201\Microsoft.Common.CurrentVersion.targets(2451,5): warning MSB3277:             C:\Program Files\dotnet\packs\Microsoft.NETCore.App.Ref\8.0.25\ref/net8.0/System.dll [C:\Users\ultra\warewolf\Dev\Warewolf.Studio.ViewModels\Warewolf.Studio.ViewModels.csproj]
C:\Program Files\dotnet\sdk\10.0.201\Microsoft.Common.CurrentVersion.targets(2451,5): warning MSB3277:             C:\Users\ultra\.nuget\packages\aerowizard\2.3.1\lib\net45\AeroWizard.dll [C:\Users\ultra\warewolf\Dev\Warewolf.Studio.ViewModels\Warewolf.Studio.ViewModels.csproj]
C:\Program Files\dotnet\sdk\10.0.201\Microsoft.Common.CurrentVersion.targets(2451,5): warning MSB3277:             C:\Users\ultra\.nuget\packages\groupcontrols\1.9.0\lib\net45\GroupControls.dll [C:\Users\ultra\warewolf\Dev\Warewolf.Studio.ViewModels\Warewolf.Studio.ViewModels.csproj]
C:\Program Files\dotnet\sdk\10.0.201\Microsoft.Common.CurrentVersion.targets(2451,5): warning MSB3277:             C:\Users\ultra\.nuget\packages\microsoft.xaml.behaviors.wpf\1.1.122\lib\net462\Microsoft.Xaml.Behaviors.dll [C:\Users\ultra\warewolf\Dev\Warewolf.Studio.ViewModels\Warewolf.Studio.ViewModels.csproj]
C:\Program Files\dotnet\sdk\10.0.201\Microsoft.Common.CurrentVersion.targets(2451,5): warning MSB3277:             C:\Users\ultra\.nuget\packages\caliburn.micro\4.0.212\lib\netcoreapp3.1\Caliburn.Micro.Platform.dll [C:\Users\ultra\warewolf\Dev\Warewolf.Studio.ViewModels\Warewolf.Studio.ViewModels.csproj]
C:\Program Files\dotnet\sdk\10.0.201\Microsoft.Common.CurrentVersion.targets(2451,5): warning MSB3277:             C:\Users\ultra\.nuget\packages\prism.wpf\9.0.537\lib\net462\Prism.Wpf.dll [C:\Users\ultra\warewolf\Dev\Warewolf.Studio.ViewModels\Warewolf.Studio.ViewModels.csproj]
C:\Program Files\dotnet\sdk\10.0.201\Microsoft.Common.CurrentVersion.targets(2451,5): warning MSB3277:             C:\Users\ultra\.nuget\packages\reactiveui.wpf\18.4.1\lib\net462\ReactiveUI.Wpf.dll [C:\Users\ultra\warewolf\Dev\Warewolf.Studio.ViewModels\Warewolf.Studio.ViewModels.csproj]
C:\Program Files\dotnet\sdk\10.0.201\Microsoft.Common.CurrentVersion.targets(2451,5): warning MSB3277:             C:\Users\ultra\.nuget\packages\taskschedulereditor\2.10.1\lib\net452\Microsoft.Win32.TaskSchedulerEditor.dll [C:\Users\ultra\warewolf\Dev\Warewolf.Studio.ViewModels\Warewolf.Studio.ViewModels.csproj]
C:\Program Files\dotnet\sdk\10.0.201\Microsoft.Common.CurrentVersion.targets(2451,5): warning MSB3277:             C:\Users\ultra\.nuget\packages\ttcue.netcore.sharepointonline.csom.16.1.8029.1200\16.1.8029.1200\lib\netcoreapp2.0\Microsoft.SharePoint.Client.Runtime.Windows.dll [C:\Users\ultra\warewolf\Dev\Warewolf.Studio.ViewModels\Warewolf.Studio.ViewModels.csproj]
C:\Program Files\dotnet\sdk\10.0.201\Microsoft.Common.CurrentVersion.targets(2451,5): warning MSB3277:         C:\Program Files\dotnet\packs\Microsoft.NETCore.App.Ref\8.0.25\ref\net8.0\WindowsBase.dll [C:\Users\ultra\warewolf\Dev\Warewolf.Studio.ViewModels\Warewolf.Studio.ViewModels.csproj]
C:\Program Files\dotnet\sdk\10.0.201\Microsoft.Common.CurrentVersion.targets(2451,5): warning MSB3277:           Project file item includes which caused reference "C:\Program Files\dotnet\packs\Microsoft.NETCore.App.Ref\8.0.25\ref\net8.0\WindowsBase.dll". [C:\Users\ultra\warewolf\Dev\Warewolf.Studio.ViewModels\Warewolf.Studio.ViewModels.csproj]
C:\Program Files\dotnet\sdk\10.0.201\Microsoft.Common.CurrentVersion.targets(2451,5): warning MSB3277:             C:\Program Files\dotnet\packs\Microsoft.NETCore.App.Ref\8.0.25\ref/net8.0/WindowsBase.dll [C:\Users\ultra\warewolf\Dev\Warewolf.Studio.ViewModels\Warewolf.Studio.ViewModels.csproj]
C:\Program Files\dotnet\sdk\10.0.201\Microsoft.Common.CurrentVersion.targets(2451,5): warning MSB3277:         C:\Program Files\dotnet\packs\Microsoft.NETCore.App.Ref\8.0.25\ref\net8.0\mscorlib.dll [C:\Users\ultra\warewolf\Dev\Warewolf.Studio.ViewModels\Warewolf.Studio.ViewModels.csproj]
C:\Program Files\dotnet\sdk\10.0.201\Microsoft.Common.CurrentVersion.targets(2451,5): warning MSB3277:           Project file item includes which caused reference "C:\Program Files\dotnet\packs\Microsoft.NETCore.App.Ref\8.0.25\ref\net8.0\mscorlib.dll". [C:\Users\ultra\warewolf\Dev\Warewolf.Studio.ViewModels\Warewolf.Studio.ViewModels.csproj]
C:\Program Files\dotnet\sdk\10.0.201\Microsoft.Common.CurrentVersion.targets(2451,5): warning MSB3277:             C:\Program Files\dotnet\packs\Microsoft.NETCore.App.Ref\8.0.25\ref/net8.0/mscorlib.dll [C:\Users\ultra\warewolf\Dev\Warewolf.Studio.ViewModels\Warewolf.Studio.ViewModels.csproj]
C:\Program Files\dotnet\sdk\10.0.201\Microsoft.Common.CurrentVersion.targets(2451,5): warning MSB3277:             C:\Users\ultra\.nuget\packages\aerowizard\2.3.1\lib\net45\AeroWizard.dll [C:\Users\ultra\warewolf\Dev\Warewolf.Studio.ViewModels\Warewolf.Studio.ViewModels.csproj]
C:\Program Files\dotnet\sdk\10.0.201\Microsoft.Common.CurrentVersion.targets(2451,5): warning MSB3277:             C:\Users\ultra\.nuget\packages\groupcontrols\1.9.0\lib\net45\GroupControls.dll [C:\Users\ultra\warewolf\Dev\Warewolf.Studio.ViewModels\Warewolf.Studio.ViewModels.csproj]
C:\Program Files\dotnet\sdk\10.0.201\Microsoft.Common.CurrentVersion.targets(2451,5): warning MSB3277:             C:\Users\ultra\.nuget\packages\hangfire.core\1.7.32\lib\netstandard2.0\Hangfire.Core.dll [C:\Users\ultra\warewolf\Dev\Warewolf.Studio.ViewModels\Warewolf.Studio.ViewModels.csproj]
C:\Program Files\dotnet\sdk\10.0.201\Microsoft.Common.CurrentVersion.targets(2451,5): warning MSB3277:             C:\Users\ultra\warewolf\Dev\Dev2.Activities\bin\Debug\net8.0\Dev2.Activities.dll [C:\Users\ultra\warewolf\Dev\Warewolf.Studio.ViewModels\Warewolf.Studio.ViewModels.csproj]
C:\Program Files\dotnet\sdk\10.0.201\Microsoft.Common.CurrentVersion.targets(2451,5): warning MSB3277:             C:\Users\ultra\warewolf\Dev\Dev2.Studio.Core\bin\Debug\net8.0\Dev2.Studio.Core.dll [C:\Users\ultra\warewolf\Dev\Warewolf.Studio.ViewModels\Warewolf.Studio.ViewModels.csproj]
C:\Program Files\dotnet\sdk\10.0.201\Microsoft.Common.CurrentVersion.targets(2451,5): warning MSB3277:             C:\Users\ultra\warewolf\Dev\Dev2.Intellisense\bin\Debug\net8.0\Dev2.Intellisense.dll [C:\Users\ultra\warewolf\Dev\Warewolf.Studio.ViewModels\Warewolf.Studio.ViewModels.csproj]
C:\Program Files\dotnet\sdk\10.0.201\Microsoft.Common.CurrentVersion.targets(2451,5): warning MSB3277:             C:\Users\ultra\warewolf\Dev\Warewolf.Driver.Persistence\bin\Debug\net8.0\Warewolf.Driver.Persistence.dll [C:\Users\ultra\warewolf\Dev\Warewolf.Studio.ViewModels\Warewolf.Studio.ViewModels.csproj]
C:\Program Files\dotnet\sdk\10.0.201\Microsoft.Common.CurrentVersion.targets(2451,5): warning MSB3277:             C:\Users\ultra\.nuget\packages\hangfire.sqlserver\1.7.32\lib\netstandard2.0\Hangfire.SqlServer.dll [C:\Users\ultra\warewolf\Dev\Warewolf.Studio.ViewModels\Warewolf.Studio.ViewModels.csproj]
C:\Program Files\dotnet\sdk\10.0.201\Microsoft.Common.CurrentVersion.targets(2451,5): warning MSB3277:             C:\Users\ultra\.nuget\packages\microsoft.xaml.behaviors.wpf\1.1.122\lib\net462\Microsoft.Xaml.Behaviors.dll [C:\Users\ultra\warewolf\Dev\Warewolf.Studio.ViewModels\Warewolf.Studio.ViewModels.csproj]
C:\Program Files\dotnet\sdk\10.0.201\Microsoft.Common.CurrentVersion.targets(2451,5): warning MSB3277:             C:\Users\ultra\.nuget\packages\caliburn.micro\4.0.212\lib\netcoreapp3.1\Caliburn.Micro.Platform.dll [C:\Users\ultra\warewolf\Dev\Warewolf.Studio.ViewModels\Warewolf.Studio.ViewModels.csproj]
C:\Program Files\dotnet\sdk\10.0.201\Microsoft.Common.CurrentVersion.targets(2451,5): warning MSB3277:             C:\Users\ultra\.nuget\packages\oracle.manageddataaccess.core\3.21.70\lib\netstandard2.1\Oracle.ManagedDataAccess.dll [C:\Users\ultra\warewolf\Dev\Warewolf.Studio.ViewModels\Warewolf.Studio.ViewModels.csproj]
C:\Program Files\dotnet\sdk\10.0.201\Microsoft.Common.CurrentVersion.targets(2451,5): warning MSB3277:             C:\Users\ultra\warewolf\Dev\Dev2.Runtime.Services\bin\Debug\net8.0\Dev2.Runtime.Services.dll [C:\Users\ultra\warewolf\Dev\Warewolf.Studio.ViewModels\Warewolf.Studio.ViewModels.csproj]
C:\Program Files\dotnet\sdk\10.0.201\Microsoft.Common.CurrentVersion.targets(2451,5): warning MSB3277:             C:\Users\ultra\warewolf\Dev\Dev2.Studio.Interfaces\bin\Debug\net8.0\Dev2.Studio.Interfaces.dll [C:\Users\ultra\warewolf\Dev\Warewolf.Studio.ViewModels\Warewolf.Studio.ViewModels.csproj]
C:\Program Files\dotnet\sdk\10.0.201\Microsoft.Common.CurrentVersion.targets(2451,5): warning MSB3277:             C:\Users\ultra\warewolf\Dev\Warewolf.Studio.Core\bin\Debug\net8.0\Warewolf.Studio.Core.dll [C:\Users\ultra\warewolf\Dev\Warewolf.Studio.ViewModels\Warewolf.Studio.ViewModels.csproj]
C:\Program Files\dotnet\sdk\10.0.201\Microsoft.Common.CurrentVersion.targets(2451,5): warning MSB3277:             C:\Users\ultra\warewolf\Dev\Warewolf.Studio.CustomControls\bin\Debug\net8.0\Warewolf.Studio.CustomControls.dll [C:\Users\ultra\warewolf\Dev\Warewolf.Studio.ViewModels\Warewolf.Studio.ViewModels.csproj]
C:\Program Files\dotnet\sdk\10.0.201\Microsoft.Common.CurrentVersion.targets(2451,5): warning MSB3277:             C:\Users\ultra\warewolf\Dev\Warewolf.Studio.Models\bin\Debug\net8.0\Warewolf.Studio.Models.dll [C:\Users\ultra\warewolf\Dev\Warewolf.Studio.ViewModels\Warewolf.Studio.ViewModels.csproj]
C:\Program Files\dotnet\sdk\10.0.201\Microsoft.Common.CurrentVersion.targets(2451,5): warning MSB3277:             C:\Users\ultra\warewolf\Dev\Dev2.Services.Execution\bin\Debug\net8.0\Dev2.Services.Execution.dll [C:\Users\ultra\warewolf\Dev\Warewolf.Studio.ViewModels\Warewolf.Studio.ViewModels.csproj]
C:\Program Files\dotnet\sdk\10.0.201\Microsoft.Common.CurrentVersion.targets(2451,5): warning MSB3277:             C:\Users\ultra\warewolf\Dev\Dev2.Services.Sql\bin\Debug\net8.0\Dev2.Services.Sql.dll [C:\Users\ultra\warewolf\Dev\Warewolf.Studio.ViewModels\Warewolf.Studio.ViewModels.csproj]
C:\Program Files\dotnet\sdk\10.0.201\Microsoft.Common.CurrentVersion.targets(2451,5): warning MSB3277:             C:\Users\ultra\.nuget\packages\prism.wpf\9.0.537\lib\net462\Prism.Wpf.dll [C:\Users\ultra\warewolf\Dev\Warewolf.Studio.ViewModels\Warewolf.Studio.ViewModels.csproj]
C:\Program Files\dotnet\sdk\10.0.201\Microsoft.Common.CurrentVersion.targets(2451,5): warning MSB3277:             C:\Users\ultra\.nuget\packages\reactiveui.wpf\18.4.1\lib\net462\ReactiveUI.Wpf.dll [C:\Users\ultra\warewolf\Dev\Warewolf.Studio.ViewModels\Warewolf.Studio.ViewModels.csproj]
C:\Program Files\dotnet\sdk\10.0.201\Microsoft.Common.CurrentVersion.targets(2451,5): warning MSB3277:             C:\Users\ultra\.nuget\packages\taskschedulereditor\2.10.1\lib\net452\Microsoft.Win32.TaskSchedulerEditor.dll [C:\Users\ultra\warewolf\Dev\Warewolf.Studio.ViewModels\Warewolf.Studio.ViewModels.csproj]
C:\Program Files\dotnet\sdk\10.0.201\Microsoft.Common.CurrentVersion.targets(2451,5): warning MSB3277:             C:\Users\ultra\.nuget\packages\ttcue.netcore.sharepointonline.csom.16.1.8029.1200\16.1.8029.1200\lib\netcoreapp2.0\Microsoft.SharePoint.Client.Runtime.Windows.dll [C:\Users\ultra\warewolf\Dev\Warewolf.Studio.ViewModels\Warewolf.Studio.ViewModels.csproj]
C:\Program Files\dotnet\sdk\10.0.201\Microsoft.Common.CurrentVersion.targets(2451,5): warning MSB3277:         C:\Users\ultra\warewolf\Dev\Dev2.Development.Languages\bin\Debug\net8.0\IronRuby.dll [C:\Users\ultra\warewolf\Dev\Warewolf.Studio.ViewModels\Warewolf.Studio.ViewModels.csproj]
C:\Program Files\dotnet\sdk\10.0.201\Microsoft.Common.CurrentVersion.targets(2451,5): warning MSB3277:           Project file item includes which caused reference "C:\Users\ultra\warewolf\Dev\Dev2.Development.Languages\bin\Debug\net8.0\IronRuby.dll". [C:\Users\ultra\warewolf\Dev\Warewolf.Studio.ViewModels\Warewolf.Studio.ViewModels.csproj]
C:\Program Files\dotnet\sdk\10.0.201\Microsoft.Common.CurrentVersion.targets(2451,5): warning MSB3277:             C:\Users\ultra\warewolf\Dev\Dev2.Development.Languages\bin\Debug\net8.0\Dev2.Development.Languages.dll [C:\Users\ultra\warewolf\Dev\Warewolf.Studio.ViewModels\Warewolf.Studio.ViewModels.csproj]
C:\Program Files\dotnet\sdk\10.0.201\Microsoft.Common.CurrentVersion.targets(2451,5): warning MSB3277:             C:\Users\ultra\warewolf\Dev\Dev2.Activities\bin\Debug\net8.0\Dev2.Activities.dll [C:\Users\ultra\warewolf\Dev\Warewolf.Studio.ViewModels\Warewolf.Studio.ViewModels.csproj]
C:\Program Files\dotnet\sdk\10.0.201\Microsoft.Common.CurrentVersion.targets(2451,5): warning MSB3277:             C:\Users\ultra\warewolf\Dev\Dev2.Studio.Core\bin\Debug\net8.0\Dev2.Studio.Core.dll [C:\Users\ultra\warewolf\Dev\Warewolf.Studio.ViewModels\Warewolf.Studio.ViewModels.csproj]
C:\Program Files\dotnet\sdk\10.0.201\Microsoft.Common.CurrentVersion.targets(2451,5): warning MSB3277:             C:\Users\ultra\warewolf\Dev\Dev2.Intellisense\bin\Debug\net8.0\Dev2.Intellisense.dll [C:\Users\ultra\warewolf\Dev\Warewolf.Studio.ViewModels\Warewolf.Studio.ViewModels.csproj]
C:\Program Files\dotnet\sdk\10.0.201\Microsoft.Common.CurrentVersion.targets(2451,5): warning MSB3277:         C:\Users\ultra\warewolf\Dev\Dev2.Development.Languages\bin\Debug\net8.0\IronRuby.Libraries.dll [C:\Users\ultra\warewolf\Dev\Warewolf.Studio.ViewModels\Warewolf.Studio.ViewModels.csproj]
C:\Program Files\dotnet\sdk\10.0.201\Microsoft.Common.CurrentVersion.targets(2451,5): warning MSB3277:           Project file item includes which caused reference "C:\Users\ultra\warewolf\Dev\Dev2.Development.Languages\bin\Debug\net8.0\IronRuby.Libraries.dll". [C:\Users\ultra\warewolf\Dev\Warewolf.Studio.ViewModels\Warewolf.Studio.ViewModels.csproj]
C:\Program Files\dotnet\sdk\10.0.201\Microsoft.Common.CurrentVersion.targets(2451,5): warning MSB3277:             C:\Users\ultra\warewolf\Dev\Dev2.Development.Languages\bin\Debug\net8.0\Dev2.Development.Languages.dll [C:\Users\ultra\warewolf\Dev\Warewolf.Studio.ViewModels\Warewolf.Studio.ViewModels.csproj]
C:\Program Files\dotnet\sdk\10.0.201\Microsoft.Common.CurrentVersion.targets(2451,5): warning MSB3277:             C:\Users\ultra\warewolf\Dev\Dev2.Activities\bin\Debug\net8.0\Dev2.Activities.dll [C:\Users\ultra\warewolf\Dev\Warewolf.Studio.ViewModels\Warewolf.Studio.ViewModels.csproj]
C:\Program Files\dotnet\sdk\10.0.201\Microsoft.Common.CurrentVersion.targets(2451,5): warning MSB3277:             C:\Users\ultra\warewolf\Dev\Dev2.Studio.Core\bin\Debug\net8.0\Dev2.Studio.Core.dll [C:\Users\ultra\warewolf\Dev\Warewolf.Studio.ViewModels\Warewolf.Studio.ViewModels.csproj]
C:\Program Files\dotnet\sdk\10.0.201\Microsoft.Common.CurrentVersion.targets(2451,5): warning MSB3277:             C:\Users\ultra\warewolf\Dev\Dev2.Intellisense\bin\Debug\net8.0\Dev2.Intellisense.dll [C:\Users\ultra\warewolf\Dev\Warewolf.Studio.ViewModels\Warewolf.Studio.ViewModels.csproj]
C:\Program Files\dotnet\sdk\10.0.201\Microsoft.Common.CurrentVersion.targets(2451,5): warning MSB3277: Found conflicts between different versions of "WindowsBase" that could not be resolved. [C:\Users\ultra\warewolf\Dev\Warewolf.Studio.ViewModels\Warewolf.Studio.ViewModels.csproj]
C:\Program Files\dotnet\sdk\10.0.201\Microsoft.Common.CurrentVersion.targets(2451,5): warning MSB3277: There was a conflict between "WindowsBase, Version=4.0.0.0, Culture=neutral, PublicKeyToken=31bf3856ad364e35" and "WindowsBase, Version=6.0.2.0, Culture=neutral, PublicKeyToken=31bf3856ad364e35". [C:\Users\ultra\warewolf\Dev\Warewolf.Studio.ViewModels\Warewolf.Studio.ViewModels.csproj]
C:\Program Files\dotnet\sdk\10.0.201\Microsoft.Common.CurrentVersion.targets(2451,5): warning MSB3277:     "WindowsBase, Version=4.0.0.0, Culture=neutral, PublicKeyToken=31bf3856ad364e35" was chosen because it was primary and "WindowsBase, Version=6.0.2.0, Culture=neutral, PublicKeyToken=31bf3856ad364e35" was not. [C:\Users\ultra\warewolf\Dev\Warewolf.Studio.ViewModels\Warewolf.Studio.ViewModels.csproj]
C:\Program Files\dotnet\sdk\10.0.201\Microsoft.Common.CurrentVersion.targets(2451,5): warning MSB3277:     References which depend on "WindowsBase, Version=4.0.0.0, Culture=neutral, PublicKeyToken=31bf3856ad364e35" [C:\Program Files\dotnet\packs\Microsoft.NETCore.App.Ref\8.0.25\ref\net8.0\WindowsBase.dll]. [C:\Users\ultra\warewolf\Dev\Warewolf.Studio.ViewModels\Warewolf.Studio.ViewModels.csproj]
C:\Program Files\dotnet\sdk\10.0.201\Microsoft.Common.CurrentVersion.targets(2451,5): warning MSB3277:         C:\Program Files\dotnet\packs\Microsoft.NETCore.App.Ref\8.0.25\ref\net8.0\WindowsBase.dll [C:\Users\ultra\warewolf\Dev\Warewolf.Studio.ViewModels\Warewolf.Studio.ViewModels.csproj]
C:\Program Files\dotnet\sdk\10.0.201\Microsoft.Common.CurrentVersion.targets(2451,5): warning MSB3277:           Project file item includes which caused reference "C:\Program Files\dotnet\packs\Microsoft.NETCore.App.Ref\8.0.25\ref\net8.0\WindowsBase.dll". [C:\Users\ultra\warewolf\Dev\Warewolf.Studio.ViewModels\Warewolf.Studio.ViewModels.csproj]
C:\Program Files\dotnet\sdk\10.0.201\Microsoft.Common.CurrentVersion.targets(2451,5): warning MSB3277:             C:\Program Files\dotnet\packs\Microsoft.NETCore.App.Ref\8.0.25\ref/net8.0/WindowsBase.dll [C:\Users\ultra\warewolf\Dev\Warewolf.Studio.ViewModels\Warewolf.Studio.ViewModels.csproj]
C:\Program Files\dotnet\sdk\10.0.201\Microsoft.Common.CurrentVersion.targets(2451,5): warning MSB3277:     References which depend on or have been unified to "WindowsBase, Version=6.0.2.0, Culture=neutral, PublicKeyToken=31bf3856ad364e35" []. [C:\Users\ultra\warewolf\Dev\Warewolf.Studio.ViewModels\Warewolf.Studio.ViewModels.csproj]
C:\Program Files\dotnet\sdk\10.0.201\Microsoft.Common.CurrentVersion.targets(2451,5): warning MSB3277:         C:\Users\ultra\warewolf\Dev\Binaries\Infragistcs_Net6\InfragisticsWPF4.Controls.Editors.XamComboEditor.v15.1.dll [C:\Users\ultra\warewolf\Dev\Warewolf.Studio.ViewModels\Warewolf.Studio.ViewModels.csproj]
C:\Program Files\dotnet\sdk\10.0.201\Microsoft.Common.CurrentVersion.targets(2451,5): warning MSB3277:           Project file item includes which caused reference "C:\Users\ultra\warewolf\Dev\Binaries\Infragistcs_Net6\InfragisticsWPF4.Controls.Editors.XamComboEditor.v15.1.dll". [C:\Users\ultra\warewolf\Dev\Warewolf.Studio.ViewModels\Warewolf.Studio.ViewModels.csproj]
C:\Program Files\dotnet\sdk\10.0.201\Microsoft.Common.CurrentVersion.targets(2451,5): warning MSB3277:             InfragisticsWPF4.Controls.Editors.XamComboEditor.v15.1, Version=15.1.20151.2055, Culture=neutral, processorArchitecture=MSIL [C:\Users\ultra\warewolf\Dev\Warewolf.Studio.ViewModels\Warewolf.Studio.ViewModels.csproj]
C:\Program Files\dotnet\sdk\10.0.201\Microsoft.Common.CurrentVersion.targets(2451,5): warning MSB3277:         C:\Users\ultra\warewolf\Dev\Binaries\Infragistcs_Net6\InfragisticsWPF4.DataManager.v15.1.dll [C:\Users\ultra\warewolf\Dev\Warewolf.Studio.ViewModels\Warewolf.Studio.ViewModels.csproj]
C:\Program Files\dotnet\sdk\10.0.201\Microsoft.Common.CurrentVersion.targets(2451,5): warning MSB3277:           Project file item includes which caused reference "C:\Users\ultra\warewolf\Dev\Binaries\Infragistcs_Net6\InfragisticsWPF4.DataManager.v15.1.dll". [C:\Users\ultra\warewolf\Dev\Warewolf.Studio.ViewModels\Warewolf.Studio.ViewModels.csproj]
C:\Program Files\dotnet\sdk\10.0.201\Microsoft.Common.CurrentVersion.targets(2451,5): warning MSB3277:             InfragisticsWPF4.DataManager.v15.1, Version=15.1.20151.2055, Culture=neutral, processorArchitecture=MSIL [C:\Users\ultra\warewolf\Dev\Warewolf.Studio.ViewModels\Warewolf.Studio.ViewModels.csproj]
C:\Program Files\dotnet\sdk\10.0.201\Microsoft.Common.CurrentVersion.targets(2451,5): warning MSB3277:             InfragisticsWPF4.Controls.Editors.XamComboEditor.v15.1, Version=15.1.20151.2055, Culture=neutral, processorArchitecture=MSIL [C:\Users\ultra\warewolf\Dev\Warewolf.Studio.ViewModels\Warewolf.Studio.ViewModels.csproj]
C:\Program Files\dotnet\sdk\10.0.201\Microsoft.Common.CurrentVersion.targets(2451,5): warning MSB3277:         C:\Users\ultra\warewolf\Dev\Binaries\Infragistcs_Net6\InfragisticsWPF4.v15.1.dll [C:\Users\ultra\warewolf\Dev\Warewolf.Studio.ViewModels\Warewolf.Studio.ViewModels.csproj]
C:\Program Files\dotnet\sdk\10.0.201\Microsoft.Common.CurrentVersion.targets(2451,5): warning MSB3277:           Project file item includes which caused reference "C:\Users\ultra\warewolf\Dev\Binaries\Infragistcs_Net6\InfragisticsWPF4.v15.1.dll". [C:\Users\ultra\warewolf\Dev\Warewolf.Studio.ViewModels\Warewolf.Studio.ViewModels.csproj]
C:\Program Files\dotnet\sdk\10.0.201\Microsoft.Common.CurrentVersion.targets(2451,5): warning MSB3277:             InfragisticsWPF4.v15.1, Version=15.1.20151.2055, Culture=neutral, processorArchitecture=MSIL [C:\Users\ultra\warewolf\Dev\Warewolf.Studio.ViewModels\Warewolf.Studio.ViewModels.csproj]
C:\Program Files\dotnet\sdk\10.0.201\Microsoft.Common.CurrentVersion.targets(2451,5): warning MSB3277:             InfragisticsWPF4.Controls.Editors.XamComboEditor.v15.1, Version=15.1.20151.2055, Culture=neutral, processorArchitecture=MSIL [C:\Users\ultra\warewolf\Dev\Warewolf.Studio.ViewModels\Warewolf.Studio.ViewModels.csproj]
C:\Program Files\dotnet\sdk\10.0.201\Microsoft.Common.CurrentVersion.targets(2451,5): warning MSB3277:             InfragisticsWPF4.DataManager.v15.1, Version=15.1.20151.2055, Culture=neutral, processorArchitecture=MSIL [C:\Users\ultra\warewolf\Dev\Warewolf.Studio.ViewModels\Warewolf.Studio.ViewModels.csproj]
C:\Program Files\dotnet\sdk\10.0.201\Microsoft.Common.CurrentVersion.targets(2451,5): warning MSB3277:         C:\Users\ultra\.nuget\packages\caliburn.micro\4.0.212\lib\netcoreapp3.1\Caliburn.Micro.Platform.dll [C:\Users\ultra\warewolf\Dev\Warewolf.Studio.ViewModels\Warewolf.Studio.ViewModels.csproj]
C:\Program Files\dotnet\sdk\10.0.201\Microsoft.Common.CurrentVersion.targets(2451,5): warning MSB3277:           Project file item includes which caused reference "C:\Users\ultra\.nuget\packages\caliburn.micro\4.0.212\lib\netcoreapp3.1\Caliburn.Micro.Platform.dll". [C:\Users\ultra\warewolf\Dev\Warewolf.Studio.ViewModels\Warewolf.Studio.ViewModels.csproj]
C:\Program Files\dotnet\sdk\10.0.201\Microsoft.Common.CurrentVersion.targets(2451,5): warning MSB3277:             C:\Users\ultra\.nuget\packages\caliburn.micro\4.0.212\lib\netcoreapp3.1\Caliburn.Micro.Platform.dll [C:\Users\ultra\warewolf\Dev\Warewolf.Studio.ViewModels\Warewolf.Studio.ViewModels.csproj]
C:\Program Files\dotnet\sdk\10.0.201\Microsoft.Common.CurrentVersion.targets(2451,5): warning MSB3277:         C:\Users\ultra\.nuget\packages\extended.wpf.toolkit\4.4.0\lib\net5.0\Xceed.Wpf.AvalonDock.NET5.dll [C:\Users\ultra\warewolf\Dev\Warewolf.Studio.ViewModels\Warewolf.Studio.ViewModels.csproj]
C:\Program Files\dotnet\sdk\10.0.201\Microsoft.Common.CurrentVersion.targets(2451,5): warning MSB3277:           Project file item includes which caused reference "C:\Users\ultra\.nuget\packages\extended.wpf.toolkit\4.4.0\lib\net5.0\Xceed.Wpf.AvalonDock.NET5.dll". [C:\Users\ultra\warewolf\Dev\Warewolf.Studio.ViewModels\Warewolf.Studio.ViewModels.csproj]
C:\Program Files\dotnet\sdk\10.0.201\Microsoft.Common.CurrentVersion.targets(2451,5): warning MSB3277:             C:\Users\ultra\.nuget\packages\extended.wpf.toolkit\4.4.0\lib\net5.0\Xceed.Wpf.AvalonDock.NET5.dll [C:\Users\ultra\warewolf\Dev\Warewolf.Studio.ViewModels\Warewolf.Studio.ViewModels.csproj]
C:\Program Files\dotnet\sdk\10.0.201\Microsoft.Common.CurrentVersion.targets(2451,5): warning MSB3277:             C:\Users\ultra\.nuget\packages\extended.wpf.toolkit\4.4.0\lib\net5.0\Xceed.Wpf.AvalonDock.Themes.Aero.NET5.dll [C:\Users\ultra\warewolf\Dev\Warewolf.Studio.ViewModels\Warewolf.Studio.ViewModels.csproj]
C:\Program Files\dotnet\sdk\10.0.201\Microsoft.Common.CurrentVersion.targets(2451,5): warning MSB3277:             C:\Users\ultra\.nuget\packages\extended.wpf.toolkit\4.4.0\lib\net5.0\Xceed.Wpf.AvalonDock.Themes.Metro.NET5.dll [C:\Users\ultra\warewolf\Dev\Warewolf.Studio.ViewModels\Warewolf.Studio.ViewModels.csproj]
C:\Program Files\dotnet\sdk\10.0.201\Microsoft.Common.CurrentVersion.targets(2451,5): warning MSB3277:             C:\Users\ultra\.nuget\packages\extended.wpf.toolkit\4.4.0\lib\net5.0\Xceed.Wpf.AvalonDock.Themes.VS2010.NET5.dll [C:\Users\ultra\warewolf\Dev\Warewolf.Studio.ViewModels\Warewolf.Studio.ViewModels.csproj]
C:\Program Files\dotnet\sdk\10.0.201\Microsoft.Common.CurrentVersion.targets(2451,5): warning MSB3277:         C:\Users\ultra\.nuget\packages\extended.wpf.toolkit\4.4.0\lib\net5.0\Xceed.Wpf.AvalonDock.Themes.Aero.NET5.dll [C:\Users\ultra\warewolf\Dev\Warewolf.Studio.ViewModels\Warewolf.Studio.ViewModels.csproj]
C:\Program Files\dotnet\sdk\10.0.201\Microsoft.Common.CurrentVersion.targets(2451,5): warning MSB3277:           Project file item includes which caused reference "C:\Users\ultra\.nuget\packages\extended.wpf.toolkit\4.4.0\lib\net5.0\Xceed.Wpf.AvalonDock.Themes.Aero.NET5.dll". [C:\Users\ultra\warewolf\Dev\Warewolf.Studio.ViewModels\Warewolf.Studio.ViewModels.csproj]
C:\Program Files\dotnet\sdk\10.0.201\Microsoft.Common.CurrentVersion.targets(2451,5): warning MSB3277:             C:\Users\ultra\.nuget\packages\extended.wpf.toolkit\4.4.0\lib\net5.0\Xceed.Wpf.AvalonDock.Themes.Aero.NET5.dll [C:\Users\ultra\warewolf\Dev\Warewolf.Studio.ViewModels\Warewolf.Studio.ViewModels.csproj]
C:\Program Files\dotnet\sdk\10.0.201\Microsoft.Common.CurrentVersion.targets(2451,5): warning MSB3277:         C:\Users\ultra\.nuget\packages\extended.wpf.toolkit\4.4.0\lib\net5.0\Xceed.Wpf.Toolkit.NET5.dll [C:\Users\ultra\warewolf\Dev\Warewolf.Studio.ViewModels\Warewolf.Studio.ViewModels.csproj]
C:\Program Files\dotnet\sdk\10.0.201\Microsoft.Common.CurrentVersion.targets(2451,5): warning MSB3277:           Project file item includes which caused reference "C:\Users\ultra\.nuget\packages\extended.wpf.toolkit\4.4.0\lib\net5.0\Xceed.Wpf.Toolkit.NET5.dll". [C:\Users\ultra\warewolf\Dev\Warewolf.Studio.ViewModels\Warewolf.Studio.ViewModels.csproj]
C:\Program Files\dotnet\sdk\10.0.201\Microsoft.Common.CurrentVersion.targets(2451,5): warning MSB3277:             C:\Users\ultra\.nuget\packages\extended.wpf.toolkit\4.4.0\lib\net5.0\Xceed.Wpf.Toolkit.NET5.dll [C:\Users\ultra\warewolf\Dev\Warewolf.Studio.ViewModels\Warewolf.Studio.ViewModels.csproj]
C:\Program Files\dotnet\sdk\10.0.201\Microsoft.Common.CurrentVersion.targets(2451,5): warning MSB3277:         C:\Users\ultra\.nuget\packages\ironpython\3.4.0\lib\net6.0\IronPython.Wpf.dll [C:\Users\ultra\warewolf\Dev\Warewolf.Studio.ViewModels\Warewolf.Studio.ViewModels.csproj]
C:\Program Files\dotnet\sdk\10.0.201\Microsoft.Common.CurrentVersion.targets(2451,5): warning MSB3277:           Project file item includes which caused reference "C:\Users\ultra\.nuget\packages\ironpython\3.4.0\lib\net6.0\IronPython.Wpf.dll". [C:\Users\ultra\warewolf\Dev\Warewolf.Studio.ViewModels\Warewolf.Studio.ViewModels.csproj]
C:\Program Files\dotnet\sdk\10.0.201\Microsoft.Common.CurrentVersion.targets(2451,5): warning MSB3277:             C:\Users\ultra\.nuget\packages\ironpython\3.4.0\lib\net6.0\IronPython.Wpf.dll [C:\Users\ultra\warewolf\Dev\Warewolf.Studio.ViewModels\Warewolf.Studio.ViewModels.csproj]
C:\Program Files\dotnet\sdk\10.0.201\Microsoft.Common.CurrentVersion.targets(2451,5): warning MSB3277:         C:\Users\ultra\.nuget\packages\microsoft.xaml.behaviors.wpf\1.1.122\lib\net462\Microsoft.Xaml.Behaviors.dll [C:\Users\ultra\warewolf\Dev\Warewolf.Studio.ViewModels\Warewolf.Studio.ViewModels.csproj]
C:\Program Files\dotnet\sdk\10.0.201\Microsoft.Common.CurrentVersion.targets(2451,5): warning MSB3277:           Project file item includes which caused reference "C:\Users\ultra\.nuget\packages\microsoft.xaml.behaviors.wpf\1.1.122\lib\net462\Microsoft.Xaml.Behaviors.dll". [C:\Users\ultra\warewolf\Dev\Warewolf.Studio.ViewModels\Warewolf.Studio.ViewModels.csproj]
C:\Program Files\dotnet\sdk\10.0.201\Microsoft.Common.CurrentVersion.targets(2451,5): warning MSB3277:             C:\Users\ultra\.nuget\packages\microsoft.xaml.behaviors.wpf\1.1.122\lib\net462\Microsoft.Xaml.Behaviors.dll [C:\Users\ultra\warewolf\Dev\Warewolf.Studio.ViewModels\Warewolf.Studio.ViewModels.csproj]
C:\Program Files\dotnet\sdk\10.0.201\Microsoft.Common.CurrentVersion.targets(2451,5): warning MSB3277:             C:\Users\ultra\.nuget\packages\caliburn.micro\4.0.212\lib\netcoreapp3.1\Caliburn.Micro.Platform.dll [C:\Users\ultra\warewolf\Dev\Warewolf.Studio.ViewModels\Warewolf.Studio.ViewModels.csproj]
C:\Program Files\dotnet\sdk\10.0.201\Microsoft.Common.CurrentVersion.targets(2451,5): warning MSB3277:             C:\Users\ultra\.nuget\packages\prism.wpf\9.0.537\lib\net462\Prism.Wpf.dll [C:\Users\ultra\warewolf\Dev\Warewolf.Studio.ViewModels\Warewolf.Studio.ViewModels.csproj]
C:\Program Files\dotnet\sdk\10.0.201\Microsoft.Common.CurrentVersion.targets(2451,5): warning MSB3277:         C:\Users\ultra\.nuget\packages\prism.wpf\9.0.537\lib\net462\Prism.Wpf.dll [C:\Users\ultra\warewolf\Dev\Warewolf.Studio.ViewModels\Warewolf.Studio.ViewModels.csproj]
C:\Program Files\dotnet\sdk\10.0.201\Microsoft.Common.CurrentVersion.targets(2451,5): warning MSB3277:           Project file item includes which caused reference "C:\Users\ultra\.nuget\packages\prism.wpf\9.0.537\lib\net462\Prism.Wpf.dll". [C:\Users\ultra\warewolf\Dev\Warewolf.Studio.ViewModels\Warewolf.Studio.ViewModels.csproj]
C:\Program Files\dotnet\sdk\10.0.201\Microsoft.Common.CurrentVersion.targets(2451,5): warning MSB3277:             C:\Users\ultra\.nuget\packages\prism.wpf\9.0.537\lib\net462\Prism.Wpf.dll [C:\Users\ultra\warewolf\Dev\Warewolf.Studio.ViewModels\Warewolf.Studio.ViewModels.csproj]
C:\Program Files\dotnet\sdk\10.0.201\Microsoft.Common.CurrentVersion.targets(2451,5): warning MSB3277:         C:\Users\ultra\.nuget\packages\reactiveui.wpf\18.4.1\lib\net462\ReactiveUI.Wpf.dll [C:\Users\ultra\warewolf\Dev\Warewolf.Studio.ViewModels\Warewolf.Studio.ViewModels.csproj]
C:\Program Files\dotnet\sdk\10.0.201\Microsoft.Common.CurrentVersion.targets(2451,5): warning MSB3277:           Project file item includes which caused reference "C:\Users\ultra\.nuget\packages\reactiveui.wpf\18.4.1\lib\net462\ReactiveUI.Wpf.dll". [C:\Users\ultra\warewolf\Dev\Warewolf.Studio.ViewModels\Warewolf.Studio.ViewModels.csproj]
C:\Program Files\dotnet\sdk\10.0.201\Microsoft.Common.CurrentVersion.targets(2451,5): warning MSB3277:             C:\Users\ultra\.nuget\packages\reactiveui.wpf\18.4.1\lib\net462\ReactiveUI.Wpf.dll [C:\Users\ultra\warewolf\Dev\Warewolf.Studio.ViewModels\Warewolf.Studio.ViewModels.csproj]
  Consider app.config remapping of assembly "System.Data.SQLite, Culture=neutral, PublicKeyToken=db937bc2d44ff139" from Version "1.0.117.0" [] to Version "1.0.118.0" [C:\Users\ultra\.nuget\packages\stub.system.data.sqlite.core.netstandard\1.0.118\lib\netstandard2.1\System.Data.SQLite.dll] to solve conflict and get rid of warning.
  Consider app.config remapping of assembly "System.Runtime.CompilerServices.Unsafe, Culture=neutral, PublicKeyToken=b03f5f7f11d50a3a" from Version "6.0.0.0" [] to Version "8.0.0.0" [C:\Program Files\dotnet\packs\Microsoft.NETCore.App.Ref\8.0.25\ref\net8.0\System.Runtime.CompilerServices.Unsafe.dll] to solve conflict and get rid of warning.
C:\Program Files\dotnet\sdk\10.0.201\Microsoft.CSharp.CurrentVersion.targets(130,9): warning MSB3884: Could not find rule set file "..\.sonarlint\warewolf_dotnet_frameworkcsharp.ruleset". [C:\Users\ultra\warewolf\Dev\Warewolf.Studio.ViewModels\Warewolf.Studio.ViewModels.csproj]
C:\Program Files\dotnet\sdk\10.0.201\Microsoft.Common.CurrentVersion.targets(2451,5): warning MSB3277: Found conflicts between different versions of "WindowsBase" that could not be resolved. [C:\Users\ultra\warewolf\Dev\Dev2.Activities.Tests\Dev2.Activities.Tests.csproj]
C:\Program Files\dotnet\sdk\10.0.201\Microsoft.Common.CurrentVersion.targets(2451,5): warning MSB3277: There was a conflict between "WindowsBase, Version=4.0.0.0, Culture=neutral, PublicKeyToken=31bf3856ad364e35" and "WindowsBase, Version=6.0.2.0, Culture=neutral, PublicKeyToken=31bf3856ad364e35". [C:\Users\ultra\warewolf\Dev\Dev2.Activities.Tests\Dev2.Activities.Tests.csproj]
C:\Program Files\dotnet\sdk\10.0.201\Microsoft.Common.CurrentVersion.targets(2451,5): warning MSB3277:     "WindowsBase, Version=4.0.0.0, Culture=neutral, PublicKeyToken=31bf3856ad364e35" was chosen because it was primary and "WindowsBase, Version=6.0.2.0, Culture=neutral, PublicKeyToken=31bf3856ad364e35" was not. [C:\Users\ultra\warewolf\Dev\Dev2.Activities.Tests\Dev2.Activities.Tests.csproj]
C:\Program Files\dotnet\sdk\10.0.201\Microsoft.Common.CurrentVersion.targets(2451,5): warning MSB3277:     References which depend on "WindowsBase, Version=4.0.0.0, Culture=neutral, PublicKeyToken=31bf3856ad364e35" [C:\Program Files\dotnet\packs\Microsoft.NETCore.App.Ref\8.0.25\ref\net8.0\WindowsBase.dll]. [C:\Users\ultra\warewolf\Dev\Dev2.Activities.Tests\Dev2.Activities.Tests.csproj]
C:\Program Files\dotnet\sdk\10.0.201\Microsoft.Common.CurrentVersion.targets(2451,5): warning MSB3277:         C:\Program Files\dotnet\packs\Microsoft.NETCore.App.Ref\8.0.25\ref\net8.0\WindowsBase.dll [C:\Users\ultra\warewolf\Dev\Dev2.Activities.Tests\Dev2.Activities.Tests.csproj]
C:\Program Files\dotnet\sdk\10.0.201\Microsoft.Common.CurrentVersion.targets(2451,5): warning MSB3277:           Project file item includes which caused reference "C:\Program Files\dotnet\packs\Microsoft.NETCore.App.Ref\8.0.25\ref\net8.0\WindowsBase.dll". [C:\Users\ultra\warewolf\Dev\Dev2.Activities.Tests\Dev2.Activities.Tests.csproj]
C:\Program Files\dotnet\sdk\10.0.201\Microsoft.Common.CurrentVersion.targets(2451,5): warning MSB3277:             C:\Program Files\dotnet\packs\Microsoft.NETCore.App.Ref\8.0.25\ref/net8.0/WindowsBase.dll [C:\Users\ultra\warewolf\Dev\Dev2.Activities.Tests\Dev2.Activities.Tests.csproj]
C:\Program Files\dotnet\sdk\10.0.201\Microsoft.Common.CurrentVersion.targets(2451,5): warning MSB3277:     References which depend on or have been unified to "WindowsBase, Version=6.0.2.0, Culture=neutral, PublicKeyToken=31bf3856ad364e35" []. [C:\Users\ultra\warewolf\Dev\Dev2.Activities.Tests\Dev2.Activities.Tests.csproj]
C:\Program Files\dotnet\sdk\10.0.201\Microsoft.Common.CurrentVersion.targets(2451,5): warning MSB3277:         C:\Users\ultra\.nuget\packages\caliburn.micro\4.0.212\lib\netcoreapp3.1\Caliburn.Micro.Platform.dll [C:\Users\ultra\warewolf\Dev\Dev2.Activities.Tests\Dev2.Activities.Tests.csproj]
C:\Program Files\dotnet\sdk\10.0.201\Microsoft.Common.CurrentVersion.targets(2451,5): warning MSB3277:           Project file item includes which caused reference "C:\Users\ultra\.nuget\packages\caliburn.micro\4.0.212\lib\netcoreapp3.1\Caliburn.Micro.Platform.dll". [C:\Users\ultra\warewolf\Dev\Dev2.Activities.Tests\Dev2.Activities.Tests.csproj]
C:\Program Files\dotnet\sdk\10.0.201\Microsoft.Common.CurrentVersion.targets(2451,5): warning MSB3277:             C:\Users\ultra\.nuget\packages\caliburn.micro\4.0.212\lib\netcoreapp3.1\Caliburn.Micro.Platform.dll [C:\Users\ultra\warewolf\Dev\Dev2.Activities.Tests\Dev2.Activities.Tests.csproj]
C:\Program Files\dotnet\sdk\10.0.201\Microsoft.Common.CurrentVersion.targets(2451,5): warning MSB3277:         C:\Users\ultra\.nuget\packages\ironpython\3.4.0\lib\net6.0\IronPython.Wpf.dll [C:\Users\ultra\warewolf\Dev\Dev2.Activities.Tests\Dev2.Activities.Tests.csproj]
C:\Program Files\dotnet\sdk\10.0.201\Microsoft.Common.CurrentVersion.targets(2451,5): warning MSB3277:           Project file item includes which caused reference "C:\Users\ultra\.nuget\packages\ironpython\3.4.0\lib\net6.0\IronPython.Wpf.dll". [C:\Users\ultra\warewolf\Dev\Dev2.Activities.Tests\Dev2.Activities.Tests.csproj]
C:\Program Files\dotnet\sdk\10.0.201\Microsoft.Common.CurrentVersion.targets(2451,5): warning MSB3277:             C:\Users\ultra\.nuget\packages\ironpython\3.4.0\lib\net6.0\IronPython.Wpf.dll [C:\Users\ultra\warewolf\Dev\Dev2.Activities.Tests\Dev2.Activities.Tests.csproj]
C:\Program Files\dotnet\sdk\10.0.201\Microsoft.Common.CurrentVersion.targets(2451,5): warning MSB3277:         C:\Users\ultra\.nuget\packages\microsoft.xaml.behaviors.wpf\1.1.122\lib\net462\Microsoft.Xaml.Behaviors.dll [C:\Users\ultra\warewolf\Dev\Dev2.Activities.Tests\Dev2.Activities.Tests.csproj]
C:\Program Files\dotnet\sdk\10.0.201\Microsoft.Common.CurrentVersion.targets(2451,5): warning MSB3277:           Project file item includes which caused reference "C:\Users\ultra\.nuget\packages\microsoft.xaml.behaviors.wpf\1.1.122\lib\net462\Microsoft.Xaml.Behaviors.dll". [C:\Users\ultra\warewolf\Dev\Dev2.Activities.Tests\Dev2.Activities.Tests.csproj]
C:\Program Files\dotnet\sdk\10.0.201\Microsoft.Common.CurrentVersion.targets(2451,5): warning MSB3277:             C:\Users\ultra\.nuget\packages\microsoft.xaml.behaviors.wpf\1.1.122\lib\net462\Microsoft.Xaml.Behaviors.dll [C:\Users\ultra\warewolf\Dev\Dev2.Activities.Tests\Dev2.Activities.Tests.csproj]
C:\Program Files\dotnet\sdk\10.0.201\Microsoft.Common.CurrentVersion.targets(2451,5): warning MSB3277:             C:\Users\ultra\.nuget\packages\caliburn.micro\4.0.212\lib\netcoreapp3.1\Caliburn.Micro.Platform.dll [C:\Users\ultra\warewolf\Dev\Dev2.Activities.Tests\Dev2.Activities.Tests.csproj]
C:\Program Files\dotnet\sdk\10.0.201\Microsoft.Common.CurrentVersion.targets(2451,5): warning MSB3277:             C:\Users\ultra\.nuget\packages\prism.wpf\9.0.537\lib\net462\Prism.Wpf.dll [C:\Users\ultra\warewolf\Dev\Dev2.Activities.Tests\Dev2.Activities.Tests.csproj]
C:\Program Files\dotnet\sdk\10.0.201\Microsoft.Common.CurrentVersion.targets(2451,5): warning MSB3277:         C:\Users\ultra\.nuget\packages\prism.wpf\9.0.537\lib\net462\Prism.Wpf.dll [C:\Users\ultra\warewolf\Dev\Dev2.Activities.Tests\Dev2.Activities.Tests.csproj]
C:\Program Files\dotnet\sdk\10.0.201\Microsoft.Common.CurrentVersion.targets(2451,5): warning MSB3277:           Project file item includes which caused reference "C:\Users\ultra\.nuget\packages\prism.wpf\9.0.537\lib\net462\Prism.Wpf.dll". [C:\Users\ultra\warewolf\Dev\Dev2.Activities.Tests\Dev2.Activities.Tests.csproj]
C:\Program Files\dotnet\sdk\10.0.201\Microsoft.Common.CurrentVersion.targets(2451,5): warning MSB3277:             C:\Users\ultra\.nuget\packages\prism.wpf\9.0.537\lib\net462\Prism.Wpf.dll [C:\Users\ultra\warewolf\Dev\Dev2.Activities.Tests\Dev2.Activities.Tests.csproj]
C:\Program Files\dotnet\sdk\10.0.201\Microsoft.Common.CurrentVersion.targets(2451,5): warning MSB3277:         C:\Users\ultra\.nuget\packages\reactiveui.wpf\18.4.1\lib\net462\ReactiveUI.Wpf.dll [C:\Users\ultra\warewolf\Dev\Dev2.Activities.Tests\Dev2.Activities.Tests.csproj]
C:\Program Files\dotnet\sdk\10.0.201\Microsoft.Common.CurrentVersion.targets(2451,5): warning MSB3277:           Project file item includes which caused reference "C:\Users\ultra\.nuget\packages\reactiveui.wpf\18.4.1\lib\net462\ReactiveUI.Wpf.dll". [C:\Users\ultra\warewolf\Dev\Dev2.Activities.Tests\Dev2.Activities.Tests.csproj]
C:\Program Files\dotnet\sdk\10.0.201\Microsoft.Common.CurrentVersion.targets(2451,5): warning MSB3277:             C:\Users\ultra\.nuget\packages\reactiveui.wpf\18.4.1\lib\net462\ReactiveUI.Wpf.dll [C:\Users\ultra\warewolf\Dev\Dev2.Activities.Tests\Dev2.Activities.Tests.csproj]
C:\Program Files\dotnet\sdk\10.0.201\Microsoft.Common.CurrentVersion.targets(2451,5): warning MSB3277: Found conflicts between different versions of "System.Drawing.Common" that could not be resolved. [C:\Users\ultra\warewolf\Dev\Dev2.Activities.Tests\Dev2.Activities.Tests.csproj]
C:\Program Files\dotnet\sdk\10.0.201\Microsoft.Common.CurrentVersion.targets(2451,5): warning MSB3277: There was a conflict between "System.Drawing.Common, Version=6.0.0.0, Culture=neutral, PublicKeyToken=cc7b13ffcd2ddd51" and "System.Drawing.Common, Version=8.0.0.0, Culture=neutral, PublicKeyToken=cc7b13ffcd2ddd51". [C:\Users\ultra\warewolf\Dev\Dev2.Activities.Tests\Dev2.Activities.Tests.csproj]
C:\Program Files\dotnet\sdk\10.0.201\Microsoft.Common.CurrentVersion.targets(2451,5): warning MSB3277:     "System.Drawing.Common, Version=6.0.0.0, Culture=neutral, PublicKeyToken=cc7b13ffcd2ddd51" was chosen because it was primary and "System.Drawing.Common, Version=8.0.0.0, Culture=neutral, PublicKeyToken=cc7b13ffcd2ddd51" was not. [C:\Users\ultra\warewolf\Dev\Dev2.Activities.Tests\Dev2.Activities.Tests.csproj]
C:\Program Files\dotnet\sdk\10.0.201\Microsoft.Common.CurrentVersion.targets(2451,5): warning MSB3277:     References which depend on "System.Drawing.Common, Version=6.0.0.0, Culture=neutral, PublicKeyToken=cc7b13ffcd2ddd51" [C:\Users\ultra\.nuget\packages\system.drawing.common\6.0.0\lib\net6.0\System.Drawing.Common.dll]. [C:\Users\ultra\warewolf\Dev\Dev2.Activities.Tests\Dev2.Activities.Tests.csproj]
C:\Program Files\dotnet\sdk\10.0.201\Microsoft.Common.CurrentVersion.targets(2451,5): warning MSB3277:         C:\Users\ultra\.nuget\packages\system.drawing.common\6.0.0\lib\net6.0\System.Drawing.Common.dll [C:\Users\ultra\warewolf\Dev\Dev2.Activities.Tests\Dev2.Activities.Tests.csproj]
C:\Program Files\dotnet\sdk\10.0.201\Microsoft.Common.CurrentVersion.targets(2451,5): warning MSB3277:           Project file item includes which caused reference "C:\Users\ultra\.nuget\packages\system.drawing.common\6.0.0\lib\net6.0\System.Drawing.Common.dll". [C:\Users\ultra\warewolf\Dev\Dev2.Activities.Tests\Dev2.Activities.Tests.csproj]
C:\Program Files\dotnet\sdk\10.0.201\Microsoft.Common.CurrentVersion.targets(2451,5): warning MSB3277:             C:\Users\ultra\.nuget\packages\system.drawing.common\6.0.0\lib\net6.0\System.Drawing.Common.dll [C:\Users\ultra\warewolf\Dev\Dev2.Activities.Tests\Dev2.Activities.Tests.csproj]
C:\Program Files\dotnet\sdk\10.0.201\Microsoft.Common.CurrentVersion.targets(2451,5): warning MSB3277:     References which depend on or have been unified to "System.Drawing.Common, Version=8.0.0.0, Culture=neutral, PublicKeyToken=cc7b13ffcd2ddd51" []. [C:\Users\ultra\warewolf\Dev\Dev2.Activities.Tests\Dev2.Activities.Tests.csproj]
C:\Program Files\dotnet\sdk\10.0.201\Microsoft.Common.CurrentVersion.targets(2451,5): warning MSB3277:         C:\Users\ultra\.nuget\packages\servicestack\6.3.0\lib\net6.0\ServiceStack.dll [C:\Users\ultra\warewolf\Dev\Dev2.Activities.Tests\Dev2.Activities.Tests.csproj]
C:\Program Files\dotnet\sdk\10.0.201\Microsoft.Common.CurrentVersion.targets(2451,5): warning MSB3277:           Project file item includes which caused reference "C:\Users\ultra\.nuget\packages\servicestack\6.3.0\lib\net6.0\ServiceStack.dll". [C:\Users\ultra\warewolf\Dev\Dev2.Activities.Tests\Dev2.Activities.Tests.csproj]
C:\Program Files\dotnet\sdk\10.0.201\Microsoft.Common.CurrentVersion.targets(2451,5): warning MSB3277:             C:\Users\ultra\.nuget\packages\servicestack\6.3.0\lib\net6.0\ServiceStack.dll [C:\Users\ultra\warewolf\Dev\Dev2.Activities.Tests\Dev2.Activities.Tests.csproj]
C:\Program Files\dotnet\sdk\10.0.201\Microsoft.Common.CurrentVersion.targets(2451,5): warning MSB3277:         C:\Users\ultra\.nuget\packages\system.windows.extensions\8.0.0\lib\net8.0\System.Windows.Extensions.dll [C:\Users\ultra\warewolf\Dev\Dev2.Activities.Tests\Dev2.Activities.Tests.csproj]
C:\Program Files\dotnet\sdk\10.0.201\Microsoft.Common.CurrentVersion.targets(2451,5): warning MSB3277:           Project file item includes which caused reference "C:\Users\ultra\.nuget\packages\system.windows.extensions\8.0.0\lib\net8.0\System.Windows.Extensions.dll". [C:\Users\ultra\warewolf\Dev\Dev2.Activities.Tests\Dev2.Activities.Tests.csproj]
C:\Program Files\dotnet\sdk\10.0.201\Microsoft.Common.CurrentVersion.targets(2451,5): warning MSB3277:             C:\Users\ultra\.nuget\packages\system.windows.extensions\8.0.0\lib\net8.0\System.Windows.Extensions.dll [C:\Users\ultra\warewolf\Dev\Dev2.Activities.Tests\Dev2.Activities.Tests.csproj]
C:\Program Files\dotnet\sdk\10.0.201\Microsoft.Common.CurrentVersion.targets(2451,5): warning MSB3277:             C:\Users\ultra\.nuget\packages\system.security.permissions\8.0.0\lib\net8.0\System.Security.Permissions.dll [C:\Users\ultra\warewolf\Dev\Dev2.Activities.Tests\Dev2.Activities.Tests.csproj]
C:\Program Files\dotnet\sdk\10.0.201\Microsoft.Common.CurrentVersion.targets(2451,5): warning MSB3277:             C:\Users\ultra\warewolf\Dev\Dev2.Data\bin\Debug\net8.0\Dev2.Data.dll [C:\Users\ultra\warewolf\Dev\Dev2.Activities.Tests\Dev2.Activities.Tests.csproj]
C:\Program Files\dotnet\sdk\10.0.201\Microsoft.Common.CurrentVersion.targets(2451,5): warning MSB3277:             C:\Users\ultra\warewolf\Dev\Dev2.Activities\bin\Debug\net8.0\Dev2.Activities.dll [C:\Users\ultra\warewolf\Dev\Dev2.Activities.Tests\Dev2.Activities.Tests.csproj]
C:\Program Files\dotnet\sdk\10.0.201\Microsoft.Common.CurrentVersion.targets(2451,5): warning MSB3277:             C:\Users\ultra\warewolf\Dev\Dev2.Common.Tests\bin\Debug\net8.0\Dev2.Common.Tests.dll [C:\Users\ultra\warewolf\Dev\Dev2.Activities.Tests\Dev2.Activities.Tests.csproj]
C:\Program Files\dotnet\sdk\10.0.201\Microsoft.Common.CurrentVersion.targets(2451,5): warning MSB3277:             C:\Users\ultra\warewolf\Dev\Dev2.Core\bin\Debug\net8.0\Dev2.Core.dll [C:\Users\ultra\warewolf\Dev\Dev2.Activities.Tests\Dev2.Activities.Tests.csproj]
C:\Program Files\dotnet\sdk\10.0.201\Microsoft.Common.CurrentVersion.targets(2451,5): warning MSB3277:             C:\Users\ultra\warewolf\Dev\Dev2.Infrastructure.Tests\bin\Debug\net8.0\linux-x64\Dev2.Infrastructure.Tests.dll [C:\Users\ultra\warewolf\Dev\Dev2.Activities.Tests\Dev2.Activities.Tests.csproj]
C:\Program Files\dotnet\sdk\10.0.201\Microsoft.Common.CurrentVersion.targets(2451,5): warning MSB3277:             C:\Users\ultra\warewolf\Dev\Dev2.Runtime.Services\bin\Debug\net8.0\Dev2.Runtime.Services.dll [C:\Users\ultra\warewolf\Dev\Dev2.Activities.Tests\Dev2.Activities.Tests.csproj]
C:\Program Files\dotnet\sdk\10.0.201\Microsoft.Common.CurrentVersion.targets(2451,5): warning MSB3277:             C:\Users\ultra\warewolf\Dev\Dev2.Runtime\bin\Debug\net8.0\Dev2.Runtime.dll [C:\Users\ultra\warewolf\Dev\Dev2.Activities.Tests\Dev2.Activities.Tests.csproj]
C:\Program Files\dotnet\sdk\10.0.201\Microsoft.Common.CurrentVersion.targets(2451,5): warning MSB3277:             C:\Users\ultra\warewolf\Dev\Dev2.Services.Execution\bin\Debug\net8.0\Dev2.Services.Execution.dll [C:\Users\ultra\warewolf\Dev\Dev2.Activities.Tests\Dev2.Activities.Tests.csproj]
C:\Program Files\dotnet\sdk\10.0.201\Microsoft.Common.CurrentVersion.targets(2451,5): warning MSB3277:             C:\Users\ultra\warewolf\Dev\Dev2.Studio.Interfaces\bin\Debug\net8.0\Dev2.Studio.Interfaces.dll [C:\Users\ultra\warewolf\Dev\Dev2.Activities.Tests\Dev2.Activities.Tests.csproj]
C:\Program Files\dotnet\sdk\10.0.201\Microsoft.Common.CurrentVersion.targets(2451,5): warning MSB3277:             C:\Users\ultra\warewolf\Dev\Warewolf.Core.Tests\bin\Debug\net8.0\linux-x64\Warewolf.Core.Tests.dll [C:\Users\ultra\warewolf\Dev\Dev2.Activities.Tests\Dev2.Activities.Tests.csproj]
C:\Program Files\dotnet\sdk\10.0.201\Microsoft.Common.CurrentVersion.targets(2451,5): warning MSB3277:             C:\Users\ultra\warewolf\Dev\Warewolf.Core\bin\Debug\net8.0\Warewolf.Core.dll [C:\Users\ultra\warewolf\Dev\Dev2.Activities.Tests\Dev2.Activities.Tests.csproj]
C:\Program Files\dotnet\sdk\10.0.201\Microsoft.Common.CurrentVersion.targets(2451,5): warning MSB3277:             C:\Users\ultra\warewolf\Dev\Dev2.Runtime.WebServer\bin\Debug\net8.0\Dev2.Runtime.WebServer.dll [C:\Users\ultra\warewolf\Dev\Dev2.Activities.Tests\Dev2.Activities.Tests.csproj]
C:\Program Files\dotnet\sdk\10.0.201\Microsoft.Common.CurrentVersion.targets(2451,5): warning MSB3277:             C:\Users\ultra\warewolf\Dev\Dev2.Scheduler\bin\Debug\net8.0\Dev2.Scheduler.dll [C:\Users\ultra\warewolf\Dev\Dev2.Activities.Tests\Dev2.Activities.Tests.csproj]
C:\Program Files\dotnet\sdk\10.0.201\Microsoft.Common.CurrentVersion.targets(2451,5): warning MSB3277:             C:\Users\ultra\warewolf\Dev\Dev2.Studio.Core\bin\Debug\net8.0\Dev2.Studio.Core.dll [C:\Users\ultra\warewolf\Dev\Dev2.Activities.Tests\Dev2.Activities.Tests.csproj]
C:\Program Files\dotnet\sdk\10.0.201\Microsoft.Common.CurrentVersion.targets(2451,5): warning MSB3277:             C:\Users\ultra\warewolf\Dev\Warewolf.Auditing\bin\Debug\net8.0\Warewolf.Auditing.dll [C:\Users\ultra\warewolf\Dev\Dev2.Activities.Tests\Dev2.Activities.Tests.csproj]
C:\Program Files\dotnet\sdk\10.0.201\Microsoft.Common.CurrentVersion.targets(2451,5): warning MSB3277:             C:\Users\ultra\warewolf\Dev\Warewolf.Common.Framework48\bin\Debug\net8.0\Warewolf.Common.Framework48.dll [C:\Users\ultra\warewolf\Dev\Dev2.Activities.Tests\Dev2.Activities.Tests.csproj]
C:\Program Files\dotnet\sdk\10.0.201\Microsoft.Common.CurrentVersion.targets(2451,5): warning MSB3277:             C:\Users\ultra\warewolf\Dev\Warewolf.Common.NetStandard20\bin\Debug\net8.0\Warewolf.Common.NetStandard20.dll [C:\Users\ultra\warewolf\Dev\Dev2.Activities.Tests\Dev2.Activities.Tests.csproj]
C:\Program Files\dotnet\sdk\10.0.201\Microsoft.Common.CurrentVersion.targets(2451,5): warning MSB3277:             C:\Users\ultra\warewolf\Dev\Warewolf.Driver.Persistence\bin\Debug\net8.0\Warewolf.Driver.Persistence.dll [C:\Users\ultra\warewolf\Dev\Dev2.Activities.Tests\Dev2.Activities.Tests.csproj]
C:\Program Files\dotnet\sdk\10.0.201\Microsoft.Common.CurrentVersion.targets(2451,5): warning MSB3277:             C:\Users\ultra\warewolf\Dev\Warewolf.Exchange.Email.Wrapper\bin\Debug\net8.0\Warewolf.Exchange.Email.Wrapper.dll [C:\Users\ultra\warewolf\Dev\Dev2.Activities.Tests\Dev2.Activities.Tests.csproj]
C:\Program Files\dotnet\sdk\10.0.201\Microsoft.Common.CurrentVersion.targets(2451,5): warning MSB3277:             C:\Users\ultra\warewolf\Dev\Warewolf.ResourceManagement\bin\Debug\net8.0\Warewolf.ResourceManagement.dll [C:\Users\ultra\warewolf\Dev\Dev2.Activities.Tests\Dev2.Activities.Tests.csproj]
C:\Program Files\dotnet\sdk\10.0.201\Microsoft.Common.CurrentVersion.targets(2451,5): warning MSB3277:             C:\Users\ultra\warewolf\Dev\Warewolf.Studio.Core\bin\Debug\net8.0\Warewolf.Studio.Core.dll [C:\Users\ultra\warewolf\Dev\Dev2.Activities.Tests\Dev2.Activities.Tests.csproj]
C:\Program Files\dotnet\sdk\10.0.201\Microsoft.Common.CurrentVersion.targets(2451,5): warning MSB3277:             C:\Users\ultra\warewolf\Dev\Warewolf.Testing\bin\Debug\net8.0\Warewolf.Testing.dll [C:\Users\ultra\warewolf\Dev\Dev2.Activities.Tests\Dev2.Activities.Tests.csproj]
C:\Program Files\dotnet\sdk\10.0.201\Microsoft.Common.CurrentVersion.targets(2451,5): warning MSB3277:             C:\Users\ultra\.nuget\packages\dotnetzip\1.16.0\lib\netstandard2.0\DotNetZip.dll [C:\Users\ultra\warewolf\Dev\Dev2.Activities.Tests\Dev2.Activities.Tests.csproj]
C:\Program Files\dotnet\sdk\10.0.201\Microsoft.Common.CurrentVersion.targets(2451,5): warning MSB3277:             C:\Users\ultra\warewolf\Dev\Dev2.Common\bin\Debug\net8.0\Dev2.Common.dll [C:\Users\ultra\warewolf\Dev\Dev2.Activities.Tests\Dev2.Activities.Tests.csproj]
C:\Program Files\dotnet\sdk\10.0.201\Microsoft.Common.CurrentVersion.targets(2451,5): warning MSB3277:             C:\Users\ultra\warewolf\Dev\Dev2.Data.Interfaces\bin\Debug\net8.0\Dev2.Data.Interfaces.dll [C:\Users\ultra\warewolf\Dev\Dev2.Activities.Tests\Dev2.Activities.Tests.csproj]
C:\Program Files\dotnet\sdk\10.0.201\Microsoft.Common.CurrentVersion.targets(2451,5): warning MSB3277:             C:\Users\ultra\warewolf\Dev\Dev2.Development.Languages\bin\Debug\net8.0\Dev2.Development.Languages.dll [C:\Users\ultra\warewolf\Dev\Dev2.Activities.Tests\Dev2.Activities.Tests.csproj]
C:\Program Files\dotnet\sdk\10.0.201\Microsoft.Common.CurrentVersion.targets(2451,5): warning MSB3277:             C:\Users\ultra\warewolf\Dev\Dev2.Diagnostics\bin\Debug\net8.0\Dev2.Diagnostics.dll [C:\Users\ultra\warewolf\Dev\Dev2.Activities.Tests\Dev2.Activities.Tests.csproj]
C:\Program Files\dotnet\sdk\10.0.201\Microsoft.Common.CurrentVersion.targets(2451,5): warning MSB3277:             C:\Users\ultra\warewolf\Dev\Dev2.Infrastructure\bin\Debug\net8.0\Dev2.Infrastructure.dll [C:\Users\ultra\warewolf\Dev\Dev2.Activities.Tests\Dev2.Activities.Tests.csproj]
C:\Program Files\dotnet\sdk\10.0.201\Microsoft.Common.CurrentVersion.targets(2451,5): warning MSB3277:             C:\Users\ultra\warewolf\Dev\Dev2.Services.Sql\bin\Debug\net8.0\Dev2.Services.Sql.dll [C:\Users\ultra\warewolf\Dev\Dev2.Activities.Tests\Dev2.Activities.Tests.csproj]
C:\Program Files\dotnet\sdk\10.0.201\Microsoft.Common.CurrentVersion.targets(2451,5): warning MSB3277:             C:\Users\ultra\warewolf\Dev\Dev2.Util\bin\Debug\net8.0\Dev2.Util.dll [C:\Users\ultra\warewolf\Dev\Dev2.Activities.Tests\Dev2.Activities.Tests.csproj]
C:\Program Files\dotnet\sdk\10.0.201\Microsoft.Common.CurrentVersion.targets(2451,5): warning MSB3277:             C:\Users\ultra\warewolf\Dev\Warewolf.Sharepoint\bin\Debug\net8.0\Warewolf.Sharepoint.dll [C:\Users\ultra\warewolf\Dev\Dev2.Activities.Tests\Dev2.Activities.Tests.csproj]
C:\Program Files\dotnet\sdk\10.0.201\Microsoft.Common.CurrentVersion.targets(2451,5): warning MSB3277:             C:\Users\ultra\warewolf\Dev\Warewolf.Storage\bin\Debug\net8.0\Warewolf.Storage.dll [C:\Users\ultra\warewolf\Dev\Dev2.Activities.Tests\Dev2.Activities.Tests.csproj]
C:\Program Files\dotnet\sdk\10.0.201\Microsoft.Common.CurrentVersion.targets(2451,5): warning MSB3277:             C:\Users\ultra\warewolf\Dev\Dev2.TaskScheduler.Wrappers\bin\Debug\net8.0\Dev2.TaskScheduler.Wrappers.dll [C:\Users\ultra\warewolf\Dev\Dev2.Activities.Tests\Dev2.Activities.Tests.csproj]
C:\Program Files\dotnet\sdk\10.0.201\Microsoft.Common.CurrentVersion.targets(2451,5): warning MSB3277:             C:\Users\ultra\warewolf\Dev\Warewolf.AI.Harness\bin\Debug\net8.0\Warewolf.AI.Harness.dll [C:\Users\ultra\warewolf\Dev\Dev2.Activities.Tests\Dev2.Activities.Tests.csproj]
C:\Program Files\dotnet\sdk\10.0.201\Microsoft.Common.CurrentVersion.targets(2451,5): warning MSB3277:             C:\Users\ultra\warewolf\Dev\Warewolf.Driver.Serilog\bin\Debug\net8.0\Warewolf.Driver.Serilog.dll [C:\Users\ultra\warewolf\Dev\Dev2.Activities.Tests\Dev2.Activities.Tests.csproj]
C:\Program Files\dotnet\sdk\10.0.201\Microsoft.Common.CurrentVersion.targets(2451,5): warning MSB3277:             C:\Users\ultra\.nuget\packages\mindbox.data.linq\5.0.0\lib\netstandard2.0\Mindbox.Data.Linq.dll [C:\Users\ultra\warewolf\Dev\Dev2.Activities.Tests\Dev2.Activities.Tests.csproj]
C:\Program Files\dotnet\sdk\10.0.201\Microsoft.Common.CurrentVersion.targets(2451,5): warning MSB3277:             C:\Users\ultra\.nuget\packages\mysql.data\8.4.0\lib\net8.0\MySql.Data.dll [C:\Users\ultra\warewolf\Dev\Dev2.Activities.Tests\Dev2.Activities.Tests.csproj]
C:\Program Files\dotnet\sdk\10.0.201\Microsoft.Common.CurrentVersion.targets(2451,5): warning MSB3277:             C:\Users\ultra\.nuget\packages\oracle.manageddataaccess.core\3.21.70\lib\netstandard2.1\Oracle.ManagedDataAccess.dll [C:\Users\ultra\warewolf\Dev\Dev2.Activities.Tests\Dev2.Activities.Tests.csproj]
C:\Program Files\dotnet\sdk\10.0.201\Microsoft.Common.CurrentVersion.targets(2451,5): warning MSB3277:             C:\Users\ultra\.nuget\packages\system.directoryservices\6.0.0\lib\net6.0\System.DirectoryServices.dll [C:\Users\ultra\warewolf\Dev\Dev2.Activities.Tests\Dev2.Activities.Tests.csproj]
C:\Program Files\dotnet\sdk\10.0.201\Microsoft.Common.CurrentVersion.targets(2451,5): warning MSB3277:             C:\Users\ultra\.nuget\packages\corewcf.primitives\1.2.1\lib\netstandard2.0\CoreWCF.Primitives.dll [C:\Users\ultra\warewolf\Dev\Dev2.Activities.Tests\Dev2.Activities.Tests.csproj]
C:\Program Files\dotnet\sdk\10.0.201\Microsoft.Common.CurrentVersion.targets(2451,5): warning MSB3277:             C:\Users\ultra\.nuget\packages\corewcf.http\1.2.1\lib\netstandard2.0\CoreWCF.Http.dll [C:\Users\ultra\warewolf\Dev\Dev2.Activities.Tests\Dev2.Activities.Tests.csproj]
C:\Program Files\dotnet\sdk\10.0.201\Microsoft.Common.CurrentVersion.targets(2451,5): warning MSB3277:             C:\Users\ultra\.nuget\packages\corewcf.nettcp\1.2.1\lib\netstandard2.0\CoreWCF.NetTcp.dll [C:\Users\ultra\warewolf\Dev\Dev2.Activities.Tests\Dev2.Activities.Tests.csproj]
C:\Program Files\dotnet\sdk\10.0.201\Microsoft.Common.CurrentVersion.targets(2451,5): warning MSB3277:             C:\Users\ultra\.nuget\packages\corewcf.webhttp\1.2.1\lib\netstandard2.0\CoreWCF.WebHttp.dll [C:\Users\ultra\warewolf\Dev\Dev2.Activities.Tests\Dev2.Activities.Tests.csproj]
C:\Program Files\dotnet\sdk\10.0.201\Microsoft.Common.CurrentVersion.targets(2451,5): warning MSB3277:             C:\Program Files\dotnet\packs\Microsoft.NETCore.App.Ref\8.0.25\ref/net8.0/System.Configuration.dll [C:\Users\ultra\warewolf\Dev\Dev2.Activities.Tests\Dev2.Activities.Tests.csproj]
C:\Program Files\dotnet\sdk\10.0.201\Microsoft.Common.CurrentVersion.targets(2451,5): warning MSB3277:             C:\Users\ultra\.nuget\packages\prism.wpf\9.0.537\lib\net462\Prism.Wpf.dll [C:\Users\ultra\warewolf\Dev\Dev2.Activities.Tests\Dev2.Activities.Tests.csproj]
C:\Program Files\dotnet\sdk\10.0.201\Microsoft.Common.CurrentVersion.targets(2451,5): warning MSB3277:             C:\Program Files\dotnet\packs\Microsoft.NETCore.App.Ref\8.0.25\ref/net8.0/System.Data.dll [C:\Users\ultra\warewolf\Dev\Dev2.Activities.Tests\Dev2.Activities.Tests.csproj]
C:\Program Files\dotnet\sdk\10.0.201\Microsoft.Common.CurrentVersion.targets(2451,5): warning MSB3277:             C:\Users\ultra\.nuget\packages\taskschedulereditor\2.10.1\lib\net452\Microsoft.Win32.TaskSchedulerEditor.dll [C:\Users\ultra\warewolf\Dev\Dev2.Activities.Tests\Dev2.Activities.Tests.csproj]
C:\Program Files\dotnet\sdk\10.0.201\Microsoft.Common.CurrentVersion.targets(2451,5): warning MSB3277:             C:\Program Files\dotnet\packs\Microsoft.NETCore.App.Ref\8.0.25\ref/net8.0/System.Drawing.dll [C:\Users\ultra\warewolf\Dev\Dev2.Activities.Tests\Dev2.Activities.Tests.csproj]
C:\Program Files\dotnet\sdk\10.0.201\Microsoft.Common.CurrentVersion.targets(2451,5): warning MSB3277:             C:\Users\ultra\.nuget\packages\aerowizard\2.3.1\lib\net45\AeroWizard.dll [C:\Users\ultra\warewolf\Dev\Dev2.Activities.Tests\Dev2.Activities.Tests.csproj]
C:\Program Files\dotnet\sdk\10.0.201\Microsoft.Common.CurrentVersion.targets(2451,5): warning MSB3277:             C:\Users\ultra\.nuget\packages\groupcontrols\1.9.0\lib\net45\GroupControls.dll [C:\Users\ultra\warewolf\Dev\Dev2.Activities.Tests\Dev2.Activities.Tests.csproj]
C:\Program Files\dotnet\sdk\10.0.201\Microsoft.Common.CurrentVersion.targets(2451,5): warning MSB3277:             C:\Program Files\dotnet\packs\Microsoft.NETCore.App.Ref\8.0.25\ref/net8.0/System.Net.dll [C:\Users\ultra\warewolf\Dev\Dev2.Activities.Tests\Dev2.Activities.Tests.csproj]
C:\Program Files\dotnet\sdk\10.0.201\Microsoft.Common.CurrentVersion.targets(2451,5): warning MSB3277:             C:\Program Files\dotnet\packs\Microsoft.NETCore.App.Ref\8.0.25\ref/net8.0/System.Security.dll [C:\Users\ultra\warewolf\Dev\Dev2.Activities.Tests\Dev2.Activities.Tests.csproj]
C:\Program Files\dotnet\sdk\10.0.201\Microsoft.Common.CurrentVersion.targets(2451,5): warning MSB3277:             C:\Program Files\dotnet\packs\Microsoft.NETCore.App.Ref\8.0.25\ref/net8.0/System.ServiceProcess.dll [C:\Users\ultra\warewolf\Dev\Dev2.Activities.Tests\Dev2.Activities.Tests.csproj]
C:\Program Files\dotnet\sdk\10.0.201\Microsoft.Common.CurrentVersion.targets(2451,5): warning MSB3277:             C:\Program Files\dotnet\packs\Microsoft.NETCore.App.Ref\8.0.25\ref/net8.0/System.Transactions.dll [C:\Users\ultra\warewolf\Dev\Dev2.Activities.Tests\Dev2.Activities.Tests.csproj]
C:\Program Files\dotnet\sdk\10.0.201\Microsoft.Common.CurrentVersion.targets(2451,5): warning MSB3277:             C:\Program Files\dotnet\packs\Microsoft.NETCore.App.Ref\8.0.25\ref/net8.0/System.dll [C:\Users\ultra\warewolf\Dev\Dev2.Activities.Tests\Dev2.Activities.Tests.csproj]
C:\Program Files\dotnet\sdk\10.0.201\Microsoft.Common.CurrentVersion.targets(2451,5): warning MSB3277:             C:\Users\ultra\.nuget\packages\microsoft.xaml.behaviors.wpf\1.1.122\lib\net462\Microsoft.Xaml.Behaviors.dll [C:\Users\ultra\warewolf\Dev\Dev2.Activities.Tests\Dev2.Activities.Tests.csproj]
C:\Program Files\dotnet\sdk\10.0.201\Microsoft.Common.CurrentVersion.targets(2451,5): warning MSB3277:             C:\Users\ultra\.nuget\packages\caliburn.micro\4.0.212\lib\netcoreapp3.1\Caliburn.Micro.Platform.dll [C:\Users\ultra\warewolf\Dev\Dev2.Activities.Tests\Dev2.Activities.Tests.csproj]
C:\Program Files\dotnet\sdk\10.0.201\Microsoft.Common.CurrentVersion.targets(2451,5): warning MSB3277:             C:\Users\ultra\.nuget\packages\reactiveui.wpf\18.4.1\lib\net462\ReactiveUI.Wpf.dll [C:\Users\ultra\warewolf\Dev\Dev2.Activities.Tests\Dev2.Activities.Tests.csproj]
C:\Program Files\dotnet\sdk\10.0.201\Microsoft.Common.CurrentVersion.targets(2451,5): warning MSB3277:             C:\Users\ultra\.nuget\packages\ttcue.netcore.sharepointonline.csom.16.1.8029.1200\16.1.8029.1200\lib\netcoreapp2.0\Microsoft.SharePoint.Client.Runtime.Windows.dll [C:\Users\ultra\warewolf\Dev\Dev2.Activities.Tests\Dev2.Activities.Tests.csproj]
C:\Program Files\dotnet\sdk\10.0.201\Microsoft.Common.CurrentVersion.targets(2451,5): warning MSB3277:             C:\Program Files\dotnet\packs\Microsoft.NETCore.App.Ref\8.0.25\ref/net8.0/WindowsBase.dll [C:\Users\ultra\warewolf\Dev\Dev2.Activities.Tests\Dev2.Activities.Tests.csproj]
C:\Program Files\dotnet\sdk\10.0.201\Microsoft.Common.CurrentVersion.targets(2451,5): warning MSB3277:             C:\Program Files\dotnet\packs\Microsoft.NETCore.App.Ref\8.0.25\ref/net8.0/mscorlib.dll [C:\Users\ultra\warewolf\Dev\Dev2.Activities.Tests\Dev2.Activities.Tests.csproj]
C:\Program Files\dotnet\sdk\10.0.201\Microsoft.Common.CurrentVersion.targets(2451,5): warning MSB3277:             C:\Users\ultra\.nuget\packages\hangfire.core\1.7.32\lib\netstandard2.0\Hangfire.Core.dll [C:\Users\ultra\warewolf\Dev\Dev2.Activities.Tests\Dev2.Activities.Tests.csproj]
C:\Program Files\dotnet\sdk\10.0.201\Microsoft.Common.CurrentVersion.targets(2451,5): warning MSB3277:             C:\Users\ultra\.nuget\packages\hangfire.sqlserver\1.7.32\lib\netstandard2.0\Hangfire.SqlServer.dll [C:\Users\ultra\warewolf\Dev\Dev2.Activities.Tests\Dev2.Activities.Tests.csproj]
C:\Program Files\dotnet\sdk\10.0.201\Microsoft.Common.CurrentVersion.targets(2451,5): warning MSB3277:             C:\Users\ultra\.nuget\packages\microsoft.codecoverage\17.13.0\lib\netcoreapp3.1\Microsoft.VisualStudio.CodeCoverage.Shim.dll [C:\Users\ultra\warewolf\Dev\Dev2.Activities.Tests\Dev2.Activities.Tests.csproj]
C:\Program Files\dotnet\sdk\10.0.201\Microsoft.Common.CurrentVersion.targets(2451,5): warning MSB3277:         C:\Program Files\dotnet\packs\Microsoft.NETCore.App.Ref\8.0.25\ref\net8.0\System.Drawing.dll [C:\Users\ultra\warewolf\Dev\Dev2.Activities.Tests\Dev2.Activities.Tests.csproj]
C:\Program Files\dotnet\sdk\10.0.201\Microsoft.Common.CurrentVersion.targets(2451,5): warning MSB3277:           Project file item includes which caused reference "C:\Program Files\dotnet\packs\Microsoft.NETCore.App.Ref\8.0.25\ref\net8.0\System.Drawing.dll". [C:\Users\ultra\warewolf\Dev\Dev2.Activities.Tests\Dev2.Activities.Tests.csproj]
C:\Program Files\dotnet\sdk\10.0.201\Microsoft.Common.CurrentVersion.targets(2451,5): warning MSB3277:             C:\Program Files\dotnet\packs\Microsoft.NETCore.App.Ref\8.0.25\ref/net8.0/System.Drawing.dll [C:\Users\ultra\warewolf\Dev\Dev2.Activities.Tests\Dev2.Activities.Tests.csproj]
C:\Program Files\dotnet\sdk\10.0.201\Microsoft.Common.CurrentVersion.targets(2451,5): warning MSB3277:             C:\Users\ultra\.nuget\packages\aerowizard\2.3.1\lib\net45\AeroWizard.dll [C:\Users\ultra\warewolf\Dev\Dev2.Activities.Tests\Dev2.Activities.Tests.csproj]
C:\Program Files\dotnet\sdk\10.0.201\Microsoft.Common.CurrentVersion.targets(2451,5): warning MSB3277:             C:\Users\ultra\.nuget\packages\groupcontrols\1.9.0\lib\net45\GroupControls.dll [C:\Users\ultra\warewolf\Dev\Dev2.Activities.Tests\Dev2.Activities.Tests.csproj]
C:\Program Files\dotnet\sdk\10.0.201\Microsoft.Common.CurrentVersion.targets(2451,5): warning MSB3277:             C:\Users\ultra\.nuget\packages\taskschedulereditor\2.10.1\lib\net452\Microsoft.Win32.TaskSchedulerEditor.dll [C:\Users\ultra\warewolf\Dev\Dev2.Activities.Tests\Dev2.Activities.Tests.csproj]
C:\Program Files\dotnet\sdk\10.0.201\Microsoft.Common.CurrentVersion.targets(2451,5): warning MSB3277: Found conflicts between different versions of "WindowsBase" that could not be resolved. [C:\Users\ultra\warewolf\Dev\Dev2.Diagnostics.Tests\Dev2.Diagnostics.Tests.csproj]
C:\Program Files\dotnet\sdk\10.0.201\Microsoft.Common.CurrentVersion.targets(2451,5): warning MSB3277: There was a conflict between "WindowsBase, Version=4.0.0.0, Culture=neutral, PublicKeyToken=31bf3856ad364e35" and "WindowsBase, Version=6.0.2.0, Culture=neutral, PublicKeyToken=31bf3856ad364e35". [C:\Users\ultra\warewolf\Dev\Dev2.Diagnostics.Tests\Dev2.Diagnostics.Tests.csproj]
C:\Program Files\dotnet\sdk\10.0.201\Microsoft.Common.CurrentVersion.targets(2451,5): warning MSB3277:     "WindowsBase, Version=4.0.0.0, Culture=neutral, PublicKeyToken=31bf3856ad364e35" was chosen because it was primary and "WindowsBase, Version=6.0.2.0, Culture=neutral, PublicKeyToken=31bf3856ad364e35" was not. [C:\Users\ultra\warewolf\Dev\Dev2.Diagnostics.Tests\Dev2.Diagnostics.Tests.csproj]
C:\Program Files\dotnet\sdk\10.0.201\Microsoft.Common.CurrentVersion.targets(2451,5): warning MSB3277:     References which depend on "WindowsBase, Version=4.0.0.0, Culture=neutral, PublicKeyToken=31bf3856ad364e35" [C:\Program Files\dotnet\packs\Microsoft.NETCore.App.Ref\8.0.25\ref\net8.0\WindowsBase.dll]. [C:\Users\ultra\warewolf\Dev\Dev2.Diagnostics.Tests\Dev2.Diagnostics.Tests.csproj]
C:\Program Files\dotnet\sdk\10.0.201\Microsoft.Common.CurrentVersion.targets(2451,5): warning MSB3277:         C:\Program Files\dotnet\packs\Microsoft.NETCore.App.Ref\8.0.25\ref\net8.0\WindowsBase.dll [C:\Users\ultra\warewolf\Dev\Dev2.Diagnostics.Tests\Dev2.Diagnostics.Tests.csproj]
C:\Program Files\dotnet\sdk\10.0.201\Microsoft.Common.CurrentVersion.targets(2451,5): warning MSB3277:           Project file item includes which caused reference "C:\Program Files\dotnet\packs\Microsoft.NETCore.App.Ref\8.0.25\ref\net8.0\WindowsBase.dll". [C:\Users\ultra\warewolf\Dev\Dev2.Diagnostics.Tests\Dev2.Diagnostics.Tests.csproj]
C:\Program Files\dotnet\sdk\10.0.201\Microsoft.Common.CurrentVersion.targets(2451,5): warning MSB3277:             C:\Program Files\dotnet\packs\Microsoft.NETCore.App.Ref\8.0.25\ref/net8.0/WindowsBase.dll [C:\Users\ultra\warewolf\Dev\Dev2.Diagnostics.Tests\Dev2.Diagnostics.Tests.csproj]
C:\Program Files\dotnet\sdk\10.0.201\Microsoft.Common.CurrentVersion.targets(2451,5): warning MSB3277:     References which depend on or have been unified to "WindowsBase, Version=6.0.2.0, Culture=neutral, PublicKeyToken=31bf3856ad364e35" []. [C:\Users\ultra\warewolf\Dev\Dev2.Diagnostics.Tests\Dev2.Diagnostics.Tests.csproj]
C:\Program Files\dotnet\sdk\10.0.201\Microsoft.Common.CurrentVersion.targets(2451,5): warning MSB3277:         C:\Users\ultra\.nuget\packages\caliburn.micro\4.0.212\lib\netcoreapp3.1\Caliburn.Micro.Platform.dll [C:\Users\ultra\warewolf\Dev\Dev2.Diagnostics.Tests\Dev2.Diagnostics.Tests.csproj]
C:\Program Files\dotnet\sdk\10.0.201\Microsoft.Common.CurrentVersion.targets(2451,5): warning MSB3277:           Project file item includes which caused reference "C:\Users\ultra\.nuget\packages\caliburn.micro\4.0.212\lib\netcoreapp3.1\Caliburn.Micro.Platform.dll". [C:\Users\ultra\warewolf\Dev\Dev2.Diagnostics.Tests\Dev2.Diagnostics.Tests.csproj]
C:\Program Files\dotnet\sdk\10.0.201\Microsoft.Common.CurrentVersion.targets(2451,5): warning MSB3277:             C:\Users\ultra\.nuget\packages\caliburn.micro\4.0.212\lib\netcoreapp3.1\Caliburn.Micro.Platform.dll [C:\Users\ultra\warewolf\Dev\Dev2.Diagnostics.Tests\Dev2.Diagnostics.Tests.csproj]
C:\Program Files\dotnet\sdk\10.0.201\Microsoft.Common.CurrentVersion.targets(2451,5): warning MSB3277:         C:\Users\ultra\.nuget\packages\ironpython\3.4.0\lib\net6.0\IronPython.Wpf.dll [C:\Users\ultra\warewolf\Dev\Dev2.Diagnostics.Tests\Dev2.Diagnostics.Tests.csproj]
C:\Program Files\dotnet\sdk\10.0.201\Microsoft.Common.CurrentVersion.targets(2451,5): warning MSB3277:           Project file item includes which caused reference "C:\Users\ultra\.nuget\packages\ironpython\3.4.0\lib\net6.0\IronPython.Wpf.dll". [C:\Users\ultra\warewolf\Dev\Dev2.Diagnostics.Tests\Dev2.Diagnostics.Tests.csproj]
C:\Program Files\dotnet\sdk\10.0.201\Microsoft.Common.CurrentVersion.targets(2451,5): warning MSB3277:             C:\Users\ultra\.nuget\packages\ironpython\3.4.0\lib\net6.0\IronPython.Wpf.dll [C:\Users\ultra\warewolf\Dev\Dev2.Diagnostics.Tests\Dev2.Diagnostics.Tests.csproj]
C:\Program Files\dotnet\sdk\10.0.201\Microsoft.Common.CurrentVersion.targets(2451,5): warning MSB3277:         C:\Users\ultra\.nuget\packages\microsoft.xaml.behaviors.wpf\1.1.122\lib\net462\Microsoft.Xaml.Behaviors.dll [C:\Users\ultra\warewolf\Dev\Dev2.Diagnostics.Tests\Dev2.Diagnostics.Tests.csproj]
C:\Program Files\dotnet\sdk\10.0.201\Microsoft.Common.CurrentVersion.targets(2451,5): warning MSB3277:           Project file item includes which caused reference "C:\Users\ultra\.nuget\packages\microsoft.xaml.behaviors.wpf\1.1.122\lib\net462\Microsoft.Xaml.Behaviors.dll". [C:\Users\ultra\warewolf\Dev\Dev2.Diagnostics.Tests\Dev2.Diagnostics.Tests.csproj]
C:\Program Files\dotnet\sdk\10.0.201\Microsoft.Common.CurrentVersion.targets(2451,5): warning MSB3277:             C:\Users\ultra\.nuget\packages\microsoft.xaml.behaviors.wpf\1.1.122\lib\net462\Microsoft.Xaml.Behaviors.dll [C:\Users\ultra\warewolf\Dev\Dev2.Diagnostics.Tests\Dev2.Diagnostics.Tests.csproj]
C:\Program Files\dotnet\sdk\10.0.201\Microsoft.Common.CurrentVersion.targets(2451,5): warning MSB3277:             C:\Users\ultra\.nuget\packages\caliburn.micro\4.0.212\lib\netcoreapp3.1\Caliburn.Micro.Platform.dll [C:\Users\ultra\warewolf\Dev\Dev2.Diagnostics.Tests\Dev2.Diagnostics.Tests.csproj]
C:\Program Files\dotnet\sdk\10.0.201\Microsoft.Common.CurrentVersion.targets(2451,5): warning MSB3277:             C:\Users\ultra\.nuget\packages\prism.wpf\9.0.537\lib\net462\Prism.Wpf.dll [C:\Users\ultra\warewolf\Dev\Dev2.Diagnostics.Tests\Dev2.Diagnostics.Tests.csproj]
C:\Program Files\dotnet\sdk\10.0.201\Microsoft.Common.CurrentVersion.targets(2451,5): warning MSB3277:         C:\Users\ultra\.nuget\packages\prism.wpf\9.0.537\lib\net462\Prism.Wpf.dll [C:\Users\ultra\warewolf\Dev\Dev2.Diagnostics.Tests\Dev2.Diagnostics.Tests.csproj]
C:\Program Files\dotnet\sdk\10.0.201\Microsoft.Common.CurrentVersion.targets(2451,5): warning MSB3277:           Project file item includes which caused reference "C:\Users\ultra\.nuget\packages\prism.wpf\9.0.537\lib\net462\Prism.Wpf.dll". [C:\Users\ultra\warewolf\Dev\Dev2.Diagnostics.Tests\Dev2.Diagnostics.Tests.csproj]
C:\Program Files\dotnet\sdk\10.0.201\Microsoft.Common.CurrentVersion.targets(2451,5): warning MSB3277:             C:\Users\ultra\.nuget\packages\prism.wpf\9.0.537\lib\net462\Prism.Wpf.dll [C:\Users\ultra\warewolf\Dev\Dev2.Diagnostics.Tests\Dev2.Diagnostics.Tests.csproj]
C:\Program Files\dotnet\sdk\10.0.201\Microsoft.Common.CurrentVersion.targets(2451,5): warning MSB3277:         C:\Users\ultra\.nuget\packages\reactiveui.wpf\18.4.1\lib\net462\ReactiveUI.Wpf.dll [C:\Users\ultra\warewolf\Dev\Dev2.Diagnostics.Tests\Dev2.Diagnostics.Tests.csproj]
C:\Program Files\dotnet\sdk\10.0.201\Microsoft.Common.CurrentVersion.targets(2451,5): warning MSB3277:           Project file item includes which caused reference "C:\Users\ultra\.nuget\packages\reactiveui.wpf\18.4.1\lib\net462\ReactiveUI.Wpf.dll". [C:\Users\ultra\warewolf\Dev\Dev2.Diagnostics.Tests\Dev2.Diagnostics.Tests.csproj]
C:\Program Files\dotnet\sdk\10.0.201\Microsoft.Common.CurrentVersion.targets(2451,5): warning MSB3277:             C:\Users\ultra\.nuget\packages\reactiveui.wpf\18.4.1\lib\net462\ReactiveUI.Wpf.dll [C:\Users\ultra\warewolf\Dev\Dev2.Diagnostics.Tests\Dev2.Diagnostics.Tests.csproj]
C:\Program Files\dotnet\sdk\10.0.201\Microsoft.Common.CurrentVersion.targets(2451,5): warning MSB3277: Found conflicts between different versions of "System.Drawing.Common" that could not be resolved. [C:\Users\ultra\warewolf\Dev\Dev2.Diagnostics.Tests\Dev2.Diagnostics.Tests.csproj]
C:\Program Files\dotnet\sdk\10.0.201\Microsoft.Common.CurrentVersion.targets(2451,5): warning MSB3277: There was a conflict between "System.Drawing.Common, Version=6.0.0.0, Culture=neutral, PublicKeyToken=cc7b13ffcd2ddd51" and "System.Drawing.Common, Version=8.0.0.0, Culture=neutral, PublicKeyToken=cc7b13ffcd2ddd51". [C:\Users\ultra\warewolf\Dev\Dev2.Diagnostics.Tests\Dev2.Diagnostics.Tests.csproj]
C:\Program Files\dotnet\sdk\10.0.201\Microsoft.Common.CurrentVersion.targets(2451,5): warning MSB3277:     "System.Drawing.Common, Version=6.0.0.0, Culture=neutral, PublicKeyToken=cc7b13ffcd2ddd51" was chosen because it was primary and "System.Drawing.Common, Version=8.0.0.0, Culture=neutral, PublicKeyToken=cc7b13ffcd2ddd51" was not. [C:\Users\ultra\warewolf\Dev\Dev2.Diagnostics.Tests\Dev2.Diagnostics.Tests.csproj]
C:\Program Files\dotnet\sdk\10.0.201\Microsoft.Common.CurrentVersion.targets(2451,5): warning MSB3277:     References which depend on "System.Drawing.Common, Version=6.0.0.0, Culture=neutral, PublicKeyToken=cc7b13ffcd2ddd51" [C:\Users\ultra\.nuget\packages\system.drawing.common\6.0.0\lib\net6.0\System.Drawing.Common.dll]. [C:\Users\ultra\warewolf\Dev\Dev2.Diagnostics.Tests\Dev2.Diagnostics.Tests.csproj]
C:\Program Files\dotnet\sdk\10.0.201\Microsoft.Common.CurrentVersion.targets(2451,5): warning MSB3277:         C:\Users\ultra\.nuget\packages\system.drawing.common\6.0.0\lib\net6.0\System.Drawing.Common.dll [C:\Users\ultra\warewolf\Dev\Dev2.Diagnostics.Tests\Dev2.Diagnostics.Tests.csproj]
C:\Program Files\dotnet\sdk\10.0.201\Microsoft.Common.CurrentVersion.targets(2451,5): warning MSB3277:           Project file item includes which caused reference "C:\Users\ultra\.nuget\packages\system.drawing.common\6.0.0\lib\net6.0\System.Drawing.Common.dll". [C:\Users\ultra\warewolf\Dev\Dev2.Diagnostics.Tests\Dev2.Diagnostics.Tests.csproj]
C:\Program Files\dotnet\sdk\10.0.201\Microsoft.Common.CurrentVersion.targets(2451,5): warning MSB3277:             C:\Users\ultra\.nuget\packages\system.drawing.common\6.0.0\lib\net6.0\System.Drawing.Common.dll [C:\Users\ultra\warewolf\Dev\Dev2.Diagnostics.Tests\Dev2.Diagnostics.Tests.csproj]
C:\Program Files\dotnet\sdk\10.0.201\Microsoft.Common.CurrentVersion.targets(2451,5): warning MSB3277:     References which depend on or have been unified to "System.Drawing.Common, Version=8.0.0.0, Culture=neutral, PublicKeyToken=cc7b13ffcd2ddd51" []. [C:\Users\ultra\warewolf\Dev\Dev2.Diagnostics.Tests\Dev2.Diagnostics.Tests.csproj]
C:\Program Files\dotnet\sdk\10.0.201\Microsoft.Common.CurrentVersion.targets(2451,5): warning MSB3277:         C:\Users\ultra\.nuget\packages\servicestack\6.3.0\lib\net6.0\ServiceStack.dll [C:\Users\ultra\warewolf\Dev\Dev2.Diagnostics.Tests\Dev2.Diagnostics.Tests.csproj]
C:\Program Files\dotnet\sdk\10.0.201\Microsoft.Common.CurrentVersion.targets(2451,5): warning MSB3277:           Project file item includes which caused reference "C:\Users\ultra\.nuget\packages\servicestack\6.3.0\lib\net6.0\ServiceStack.dll". [C:\Users\ultra\warewolf\Dev\Dev2.Diagnostics.Tests\Dev2.Diagnostics.Tests.csproj]
C:\Program Files\dotnet\sdk\10.0.201\Microsoft.Common.CurrentVersion.targets(2451,5): warning MSB3277:             C:\Users\ultra\.nuget\packages\servicestack\6.3.0\lib\net6.0\ServiceStack.dll [C:\Users\ultra\warewolf\Dev\Dev2.Diagnostics.Tests\Dev2.Diagnostics.Tests.csproj]
C:\Program Files\dotnet\sdk\10.0.201\Microsoft.Common.CurrentVersion.targets(2451,5): warning MSB3277:         C:\Users\ultra\.nuget\packages\system.windows.extensions\8.0.0\lib\net8.0\System.Windows.Extensions.dll [C:\Users\ultra\warewolf\Dev\Dev2.Diagnostics.Tests\Dev2.Diagnostics.Tests.csproj]
C:\Program Files\dotnet\sdk\10.0.201\Microsoft.Common.CurrentVersion.targets(2451,5): warning MSB3277:           Project file item includes which caused reference "C:\Users\ultra\.nuget\packages\system.windows.extensions\8.0.0\lib\net8.0\System.Windows.Extensions.dll". [C:\Users\ultra\warewolf\Dev\Dev2.Diagnostics.Tests\Dev2.Diagnostics.Tests.csproj]
C:\Program Files\dotnet\sdk\10.0.201\Microsoft.Common.CurrentVersion.targets(2451,5): warning MSB3277:             C:\Users\ultra\.nuget\packages\system.windows.extensions\8.0.0\lib\net8.0\System.Windows.Extensions.dll [C:\Users\ultra\warewolf\Dev\Dev2.Diagnostics.Tests\Dev2.Diagnostics.Tests.csproj]
C:\Program Files\dotnet\sdk\10.0.201\Microsoft.Common.CurrentVersion.targets(2451,5): warning MSB3277:             C:\Users\ultra\.nuget\packages\system.security.permissions\8.0.0\lib\net8.0\System.Security.Permissions.dll [C:\Users\ultra\warewolf\Dev\Dev2.Diagnostics.Tests\Dev2.Diagnostics.Tests.csproj]
C:\Program Files\dotnet\sdk\10.0.201\Microsoft.Common.CurrentVersion.targets(2451,5): warning MSB3277:             C:\Users\ultra\warewolf\Dev\Dev2.Data\bin\Debug\net8.0\Dev2.Data.dll [C:\Users\ultra\warewolf\Dev\Dev2.Diagnostics.Tests\Dev2.Diagnostics.Tests.csproj]
C:\Program Files\dotnet\sdk\10.0.201\Microsoft.Common.CurrentVersion.targets(2451,5): warning MSB3277:             C:\Users\ultra\warewolf\Dev\Dev2.Core\bin\Debug\net8.0\Dev2.Core.dll [C:\Users\ultra\warewolf\Dev\Dev2.Diagnostics.Tests\Dev2.Diagnostics.Tests.csproj]
C:\Program Files\dotnet\sdk\10.0.201\Microsoft.Common.CurrentVersion.targets(2451,5): warning MSB3277:             C:\Users\ultra\warewolf\Dev\Dev2.Runtime.Services\bin\Debug\net8.0\Dev2.Runtime.Services.dll [C:\Users\ultra\warewolf\Dev\Dev2.Diagnostics.Tests\Dev2.Diagnostics.Tests.csproj]
C:\Program Files\dotnet\sdk\10.0.201\Microsoft.Common.CurrentVersion.targets(2451,5): warning MSB3277:             C:\Users\ultra\warewolf\Dev\Dev2.Runtime\bin\Debug\net8.0\Dev2.Runtime.dll [C:\Users\ultra\warewolf\Dev\Dev2.Diagnostics.Tests\Dev2.Diagnostics.Tests.csproj]
C:\Program Files\dotnet\sdk\10.0.201\Microsoft.Common.CurrentVersion.targets(2451,5): warning MSB3277:             C:\Users\ultra\warewolf\Dev\Dev2.Server\bin\Debug\net8.0\linux-x64\Warewolf Server.dll [C:\Users\ultra\warewolf\Dev\Dev2.Diagnostics.Tests\Dev2.Diagnostics.Tests.csproj]
C:\Program Files\dotnet\sdk\10.0.201\Microsoft.Common.CurrentVersion.targets(2451,5): warning MSB3277:             C:\Users\ultra\warewolf\Dev\Warewolf.Testing\bin\Debug\net8.0\Warewolf.Testing.dll [C:\Users\ultra\warewolf\Dev\Dev2.Diagnostics.Tests\Dev2.Diagnostics.Tests.csproj]
C:\Program Files\dotnet\sdk\10.0.201\Microsoft.Common.CurrentVersion.targets(2451,5): warning MSB3277:             C:\Users\ultra\warewolf\Dev\Dev2.Activities\bin\Debug\net8.0\Dev2.Activities.dll [C:\Users\ultra\warewolf\Dev\Dev2.Diagnostics.Tests\Dev2.Diagnostics.Tests.csproj]
C:\Program Files\dotnet\sdk\10.0.201\Microsoft.Common.CurrentVersion.targets(2451,5): warning MSB3277:             C:\Users\ultra\warewolf\Dev\Dev2.Intellisense\bin\Debug\net8.0\Dev2.Intellisense.dll [C:\Users\ultra\warewolf\Dev\Dev2.Diagnostics.Tests\Dev2.Diagnostics.Tests.csproj]
C:\Program Files\dotnet\sdk\10.0.201\Microsoft.Common.CurrentVersion.targets(2451,5): warning MSB3277:             C:\Users\ultra\warewolf\Dev\Dev2.Runtime.WebServer\bin\Debug\net8.0\Dev2.Runtime.WebServer.dll [C:\Users\ultra\warewolf\Dev\Dev2.Diagnostics.Tests\Dev2.Diagnostics.Tests.csproj]
C:\Program Files\dotnet\sdk\10.0.201\Microsoft.Common.CurrentVersion.targets(2451,5): warning MSB3277:             C:\Users\ultra\warewolf\Dev\Dev2.Scheduler\bin\Debug\net8.0\Dev2.Scheduler.dll [C:\Users\ultra\warewolf\Dev\Dev2.Diagnostics.Tests\Dev2.Diagnostics.Tests.csproj]
C:\Program Files\dotnet\sdk\10.0.201\Microsoft.Common.CurrentVersion.targets(2451,5): warning MSB3277:             C:\Users\ultra\warewolf\Dev\Dev2.Services.Execution\bin\Debug\net8.0\Dev2.Services.Execution.dll [C:\Users\ultra\warewolf\Dev\Dev2.Diagnostics.Tests\Dev2.Diagnostics.Tests.csproj]
C:\Program Files\dotnet\sdk\10.0.201\Microsoft.Common.CurrentVersion.targets(2451,5): warning MSB3277:             C:\Users\ultra\warewolf\Dev\Dev2.Studio.Core\bin\Debug\net8.0\Dev2.Studio.Core.dll [C:\Users\ultra\warewolf\Dev\Dev2.Diagnostics.Tests\Dev2.Diagnostics.Tests.csproj]
C:\Program Files\dotnet\sdk\10.0.201\Microsoft.Common.CurrentVersion.targets(2451,5): warning MSB3277:             C:\Users\ultra\warewolf\Dev\Dev2.Studio.Interfaces\bin\Debug\net8.0\Dev2.Studio.Interfaces.dll [C:\Users\ultra\warewolf\Dev\Dev2.Diagnostics.Tests\Dev2.Diagnostics.Tests.csproj]
C:\Program Files\dotnet\sdk\10.0.201\Microsoft.Common.CurrentVersion.targets(2451,5): warning MSB3277:             C:\Users\ultra\warewolf\Dev\Warewolf.HangfireServer\bin\Debug\net8.0\linux-x64\HangfireServer.dll [C:\Users\ultra\warewolf\Dev\Dev2.Diagnostics.Tests\Dev2.Diagnostics.Tests.csproj]
C:\Program Files\dotnet\sdk\10.0.201\Microsoft.Common.CurrentVersion.targets(2451,5): warning MSB3277:             C:\Users\ultra\warewolf\Dev\Warewolf.QueueWorker\bin\Debug\net8.0\linux-x64\QueueWorker.dll [C:\Users\ultra\warewolf\Dev\Dev2.Diagnostics.Tests\Dev2.Diagnostics.Tests.csproj]
C:\Program Files\dotnet\sdk\10.0.201\Microsoft.Common.CurrentVersion.targets(2451,5): warning MSB3277:             C:\Users\ultra\warewolf\Dev\Warewolf.Auditing\bin\Debug\net8.0\Warewolf.Auditing.dll [C:\Users\ultra\warewolf\Dev\Dev2.Diagnostics.Tests\Dev2.Diagnostics.Tests.csproj]
C:\Program Files\dotnet\sdk\10.0.201\Microsoft.Common.CurrentVersion.targets(2451,5): warning MSB3277:             C:\Users\ultra\warewolf\Dev\Warewolf.Common.Framework48\bin\Debug\net8.0\Warewolf.Common.Framework48.dll [C:\Users\ultra\warewolf\Dev\Dev2.Diagnostics.Tests\Dev2.Diagnostics.Tests.csproj]
C:\Program Files\dotnet\sdk\10.0.201\Microsoft.Common.CurrentVersion.targets(2451,5): warning MSB3277:             C:\Users\ultra\warewolf\Dev\Warewolf.Common.NetStandard20\bin\Debug\net8.0\Warewolf.Common.NetStandard20.dll [C:\Users\ultra\warewolf\Dev\Dev2.Diagnostics.Tests\Dev2.Diagnostics.Tests.csproj]
C:\Program Files\dotnet\sdk\10.0.201\Microsoft.Common.CurrentVersion.targets(2451,5): warning MSB3277:             C:\Users\ultra\warewolf\Dev\Warewolf.Core\bin\Debug\net8.0\Warewolf.Core.dll [C:\Users\ultra\warewolf\Dev\Dev2.Diagnostics.Tests\Dev2.Diagnostics.Tests.csproj]
C:\Program Files\dotnet\sdk\10.0.201\Microsoft.Common.CurrentVersion.targets(2451,5): warning MSB3277:             C:\Users\ultra\warewolf\Dev\Warewolf.Driver.Persistence\bin\Debug\net8.0\Warewolf.Driver.Persistence.dll [C:\Users\ultra\warewolf\Dev\Dev2.Diagnostics.Tests\Dev2.Diagnostics.Tests.csproj]
C:\Program Files\dotnet\sdk\10.0.201\Microsoft.Common.CurrentVersion.targets(2451,5): warning MSB3277:             C:\Users\ultra\warewolf\Dev\Warewolf.Exchange.Email.Wrapper\bin\Debug\net8.0\Warewolf.Exchange.Email.Wrapper.dll [C:\Users\ultra\warewolf\Dev\Dev2.Diagnostics.Tests\Dev2.Diagnostics.Tests.csproj]
C:\Program Files\dotnet\sdk\10.0.201\Microsoft.Common.CurrentVersion.targets(2451,5): warning MSB3277:             C:\Users\ultra\warewolf\Dev\Warewolf.ResourceManagement\bin\Debug\net8.0\Warewolf.ResourceManagement.dll [C:\Users\ultra\warewolf\Dev\Dev2.Diagnostics.Tests\Dev2.Diagnostics.Tests.csproj]
C:\Program Files\dotnet\sdk\10.0.201\Microsoft.Common.CurrentVersion.targets(2451,5): warning MSB3277:             C:\Users\ultra\warewolf\Dev\Warewolf.Studio.Core\bin\Debug\net8.0\Warewolf.Studio.Core.dll [C:\Users\ultra\warewolf\Dev\Dev2.Diagnostics.Tests\Dev2.Diagnostics.Tests.csproj]
C:\Program Files\dotnet\sdk\10.0.201\Microsoft.Common.CurrentVersion.targets(2451,5): warning MSB3277:             C:\Users\ultra\warewolf\Dev\Warewolf.Trigger.Queue\bin\Debug\net8.0\Warewolf.Trigger.Queue.dll [C:\Users\ultra\warewolf\Dev\Dev2.Diagnostics.Tests\Dev2.Diagnostics.Tests.csproj]
C:\Program Files\dotnet\sdk\10.0.201\Microsoft.Common.CurrentVersion.targets(2451,5): warning MSB3277:             C:\Users\ultra\warewolf\Dev\Warewolf.UI\bin\Debug\net8.0\Warewolf.UI.dll [C:\Users\ultra\warewolf\Dev\Dev2.Diagnostics.Tests\Dev2.Diagnostics.Tests.csproj]
C:\Program Files\dotnet\sdk\10.0.201\Microsoft.Common.CurrentVersion.targets(2451,5): warning MSB3277:             C:\Users\ultra\warewolf\Dev\Warewolf.Logger\bin\Debug\net8.0\linux-x64\WarewolfLogger.dll [C:\Users\ultra\warewolf\Dev\Dev2.Diagnostics.Tests\Dev2.Diagnostics.Tests.csproj]
C:\Program Files\dotnet\sdk\10.0.201\Microsoft.Common.CurrentVersion.targets(2451,5): warning MSB3277:             C:\Users\ultra\.nuget\packages\dotnetzip\1.16.0\lib\netstandard2.0\DotNetZip.dll [C:\Users\ultra\warewolf\Dev\Dev2.Diagnostics.Tests\Dev2.Diagnostics.Tests.csproj]
C:\Program Files\dotnet\sdk\10.0.201\Microsoft.Common.CurrentVersion.targets(2451,5): warning MSB3277:             C:\Users\ultra\warewolf\Dev\Dev2.Common\bin\Debug\net8.0\Dev2.Common.dll [C:\Users\ultra\warewolf\Dev\Dev2.Diagnostics.Tests\Dev2.Diagnostics.Tests.csproj]
C:\Program Files\dotnet\sdk\10.0.201\Microsoft.Common.CurrentVersion.targets(2451,5): warning MSB3277:             C:\Users\ultra\warewolf\Dev\Dev2.Diagnostics\bin\Debug\net8.0\Dev2.Diagnostics.dll [C:\Users\ultra\warewolf\Dev\Dev2.Diagnostics.Tests\Dev2.Diagnostics.Tests.csproj]
C:\Program Files\dotnet\sdk\10.0.201\Microsoft.Common.CurrentVersion.targets(2451,5): warning MSB3277:             C:\Users\ultra\warewolf\Dev\Dev2.Infrastructure\bin\Debug\net8.0\Dev2.Infrastructure.dll [C:\Users\ultra\warewolf\Dev\Dev2.Diagnostics.Tests\Dev2.Diagnostics.Tests.csproj]
C:\Program Files\dotnet\sdk\10.0.201\Microsoft.Common.CurrentVersion.targets(2451,5): warning MSB3277:             C:\Users\ultra\warewolf\Dev\Dev2.Data.Interfaces\bin\Debug\net8.0\Dev2.Data.Interfaces.dll [C:\Users\ultra\warewolf\Dev\Dev2.Diagnostics.Tests\Dev2.Diagnostics.Tests.csproj]
C:\Program Files\dotnet\sdk\10.0.201\Microsoft.Common.CurrentVersion.targets(2451,5): warning MSB3277:             C:\Users\ultra\warewolf\Dev\Dev2.Development.Languages\bin\Debug\net8.0\Dev2.Development.Languages.dll [C:\Users\ultra\warewolf\Dev\Dev2.Diagnostics.Tests\Dev2.Diagnostics.Tests.csproj]
C:\Program Files\dotnet\sdk\10.0.201\Microsoft.Common.CurrentVersion.targets(2451,5): warning MSB3277:             C:\Users\ultra\warewolf\Dev\Dev2.Services.Sql\bin\Debug\net8.0\Dev2.Services.Sql.dll [C:\Users\ultra\warewolf\Dev\Dev2.Diagnostics.Tests\Dev2.Diagnostics.Tests.csproj]
C:\Program Files\dotnet\sdk\10.0.201\Microsoft.Common.CurrentVersion.targets(2451,5): warning MSB3277:             C:\Users\ultra\warewolf\Dev\Dev2.TaskScheduler.Wrappers\bin\Debug\net8.0\Dev2.TaskScheduler.Wrappers.dll [C:\Users\ultra\warewolf\Dev\Dev2.Diagnostics.Tests\Dev2.Diagnostics.Tests.csproj]
C:\Program Files\dotnet\sdk\10.0.201\Microsoft.Common.CurrentVersion.targets(2451,5): warning MSB3277:             C:\Users\ultra\warewolf\Dev\Dev2.Util\bin\Debug\net8.0\Dev2.Util.dll [C:\Users\ultra\warewolf\Dev\Dev2.Diagnostics.Tests\Dev2.Diagnostics.Tests.csproj]
C:\Program Files\dotnet\sdk\10.0.201\Microsoft.Common.CurrentVersion.targets(2451,5): warning MSB3277:             C:\Users\ultra\warewolf\Dev\Warewolf.AI.Harness\bin\Debug\net8.0\Warewolf.AI.Harness.dll [C:\Users\ultra\warewolf\Dev\Dev2.Diagnostics.Tests\Dev2.Diagnostics.Tests.csproj]
C:\Program Files\dotnet\sdk\10.0.201\Microsoft.Common.CurrentVersion.targets(2451,5): warning MSB3277:             C:\Users\ultra\warewolf\Dev\Warewolf.Driver.Serilog\bin\Debug\net8.0\Warewolf.Driver.Serilog.dll [C:\Users\ultra\warewolf\Dev\Dev2.Diagnostics.Tests\Dev2.Diagnostics.Tests.csproj]
C:\Program Files\dotnet\sdk\10.0.201\Microsoft.Common.CurrentVersion.targets(2451,5): warning MSB3277:             C:\Users\ultra\warewolf\Dev\Warewolf.PerfMon\bin\Debug\net8.0\linux-x64\Warewolf.PerfMon.dll [C:\Users\ultra\warewolf\Dev\Dev2.Diagnostics.Tests\Dev2.Diagnostics.Tests.csproj]
C:\Program Files\dotnet\sdk\10.0.201\Microsoft.Common.CurrentVersion.targets(2451,5): warning MSB3277:             C:\Users\ultra\warewolf\Dev\Warewolf.Sharepoint\bin\Debug\net8.0\Warewolf.Sharepoint.dll [C:\Users\ultra\warewolf\Dev\Dev2.Diagnostics.Tests\Dev2.Diagnostics.Tests.csproj]
C:\Program Files\dotnet\sdk\10.0.201\Microsoft.Common.CurrentVersion.targets(2451,5): warning MSB3277:             C:\Users\ultra\warewolf\Dev\Warewolf.Storage\bin\Debug\net8.0\Warewolf.Storage.dll [C:\Users\ultra\warewolf\Dev\Dev2.Diagnostics.Tests\Dev2.Diagnostics.Tests.csproj]
C:\Program Files\dotnet\sdk\10.0.201\Microsoft.Common.CurrentVersion.targets(2451,5): warning MSB3277:             C:\Users\ultra\.nuget\packages\mindbox.data.linq\5.0.0\lib\netstandard2.0\Mindbox.Data.Linq.dll [C:\Users\ultra\warewolf\Dev\Dev2.Diagnostics.Tests\Dev2.Diagnostics.Tests.csproj]
C:\Program Files\dotnet\sdk\10.0.201\Microsoft.Common.CurrentVersion.targets(2451,5): warning MSB3277:             C:\Users\ultra\.nuget\packages\mysql.data\8.4.0\lib\net8.0\MySql.Data.dll [C:\Users\ultra\warewolf\Dev\Dev2.Diagnostics.Tests\Dev2.Diagnostics.Tests.csproj]
C:\Program Files\dotnet\sdk\10.0.201\Microsoft.Common.CurrentVersion.targets(2451,5): warning MSB3277:             C:\Users\ultra\.nuget\packages\oracle.manageddataaccess.core\3.21.70\lib\netstandard2.1\Oracle.ManagedDataAccess.dll [C:\Users\ultra\warewolf\Dev\Dev2.Diagnostics.Tests\Dev2.Diagnostics.Tests.csproj]
C:\Program Files\dotnet\sdk\10.0.201\Microsoft.Common.CurrentVersion.targets(2451,5): warning MSB3277:             C:\Users\ultra\.nuget\packages\system.directoryservices\6.0.0\lib\net6.0\System.DirectoryServices.dll [C:\Users\ultra\warewolf\Dev\Dev2.Diagnostics.Tests\Dev2.Diagnostics.Tests.csproj]
C:\Program Files\dotnet\sdk\10.0.201\Microsoft.Common.CurrentVersion.targets(2451,5): warning MSB3277:             C:\Users\ultra\.nuget\packages\corewcf.primitives\1.2.1\lib\netstandard2.0\CoreWCF.Primitives.dll [C:\Users\ultra\warewolf\Dev\Dev2.Diagnostics.Tests\Dev2.Diagnostics.Tests.csproj]
C:\Program Files\dotnet\sdk\10.0.201\Microsoft.Common.CurrentVersion.targets(2451,5): warning MSB3277:             C:\Users\ultra\.nuget\packages\corewcf.http\1.2.1\lib\netstandard2.0\CoreWCF.Http.dll [C:\Users\ultra\warewolf\Dev\Dev2.Diagnostics.Tests\Dev2.Diagnostics.Tests.csproj]
C:\Program Files\dotnet\sdk\10.0.201\Microsoft.Common.CurrentVersion.targets(2451,5): warning MSB3277:             C:\Users\ultra\.nuget\packages\corewcf.nettcp\1.2.1\lib\netstandard2.0\CoreWCF.NetTcp.dll [C:\Users\ultra\warewolf\Dev\Dev2.Diagnostics.Tests\Dev2.Diagnostics.Tests.csproj]
C:\Program Files\dotnet\sdk\10.0.201\Microsoft.Common.CurrentVersion.targets(2451,5): warning MSB3277:             C:\Users\ultra\.nuget\packages\corewcf.webhttp\1.2.1\lib\netstandard2.0\CoreWCF.WebHttp.dll [C:\Users\ultra\warewolf\Dev\Dev2.Diagnostics.Tests\Dev2.Diagnostics.Tests.csproj]
C:\Program Files\dotnet\sdk\10.0.201\Microsoft.Common.CurrentVersion.targets(2451,5): warning MSB3277:             C:\Program Files\dotnet\packs\Microsoft.NETCore.App.Ref\8.0.25\ref/net8.0/System.Configuration.dll [C:\Users\ultra\warewolf\Dev\Dev2.Diagnostics.Tests\Dev2.Diagnostics.Tests.csproj]
C:\Program Files\dotnet\sdk\10.0.201\Microsoft.Common.CurrentVersion.targets(2451,5): warning MSB3277:             C:\Users\ultra\.nuget\packages\prism.wpf\9.0.537\lib\net462\Prism.Wpf.dll [C:\Users\ultra\warewolf\Dev\Dev2.Diagnostics.Tests\Dev2.Diagnostics.Tests.csproj]
C:\Program Files\dotnet\sdk\10.0.201\Microsoft.Common.CurrentVersion.targets(2451,5): warning MSB3277:             C:\Program Files\dotnet\packs\Microsoft.NETCore.App.Ref\8.0.25\ref/net8.0/System.Data.dll [C:\Users\ultra\warewolf\Dev\Dev2.Diagnostics.Tests\Dev2.Diagnostics.Tests.csproj]
C:\Program Files\dotnet\sdk\10.0.201\Microsoft.Common.CurrentVersion.targets(2451,5): warning MSB3277:             C:\Users\ultra\.nuget\packages\taskschedulereditor\2.10.1\lib\net452\Microsoft.Win32.TaskSchedulerEditor.dll [C:\Users\ultra\warewolf\Dev\Dev2.Diagnostics.Tests\Dev2.Diagnostics.Tests.csproj]
C:\Program Files\dotnet\sdk\10.0.201\Microsoft.Common.CurrentVersion.targets(2451,5): warning MSB3277:             C:\Program Files\dotnet\packs\Microsoft.NETCore.App.Ref\8.0.25\ref/net8.0/System.Drawing.dll [C:\Users\ultra\warewolf\Dev\Dev2.Diagnostics.Tests\Dev2.Diagnostics.Tests.csproj]
C:\Program Files\dotnet\sdk\10.0.201\Microsoft.Common.CurrentVersion.targets(2451,5): warning MSB3277:             C:\Users\ultra\.nuget\packages\aerowizard\2.3.1\lib\net45\AeroWizard.dll [C:\Users\ultra\warewolf\Dev\Dev2.Diagnostics.Tests\Dev2.Diagnostics.Tests.csproj]
C:\Program Files\dotnet\sdk\10.0.201\Microsoft.Common.CurrentVersion.targets(2451,5): warning MSB3277:             C:\Users\ultra\.nuget\packages\groupcontrols\1.9.0\lib\net45\GroupControls.dll [C:\Users\ultra\warewolf\Dev\Dev2.Diagnostics.Tests\Dev2.Diagnostics.Tests.csproj]
C:\Program Files\dotnet\sdk\10.0.201\Microsoft.Common.CurrentVersion.targets(2451,5): warning MSB3277:             C:\Program Files\dotnet\packs\Microsoft.NETCore.App.Ref\8.0.25\ref/net8.0/System.Net.dll [C:\Users\ultra\warewolf\Dev\Dev2.Diagnostics.Tests\Dev2.Diagnostics.Tests.csproj]
C:\Program Files\dotnet\sdk\10.0.201\Microsoft.Common.CurrentVersion.targets(2451,5): warning MSB3277:             C:\Program Files\dotnet\packs\Microsoft.NETCore.App.Ref\8.0.25\ref/net8.0/System.Security.dll [C:\Users\ultra\warewolf\Dev\Dev2.Diagnostics.Tests\Dev2.Diagnostics.Tests.csproj]
C:\Program Files\dotnet\sdk\10.0.201\Microsoft.Common.CurrentVersion.targets(2451,5): warning MSB3277:             C:\Program Files\dotnet\packs\Microsoft.NETCore.App.Ref\8.0.25\ref/net8.0/System.ServiceProcess.dll [C:\Users\ultra\warewolf\Dev\Dev2.Diagnostics.Tests\Dev2.Diagnostics.Tests.csproj]
C:\Program Files\dotnet\sdk\10.0.201\Microsoft.Common.CurrentVersion.targets(2451,5): warning MSB3277:             C:\Program Files\dotnet\packs\Microsoft.NETCore.App.Ref\8.0.25\ref/net8.0/System.Transactions.dll [C:\Users\ultra\warewolf\Dev\Dev2.Diagnostics.Tests\Dev2.Diagnostics.Tests.csproj]
C:\Program Files\dotnet\sdk\10.0.201\Microsoft.Common.CurrentVersion.targets(2451,5): warning MSB3277:             C:\Program Files\dotnet\packs\Microsoft.NETCore.App.Ref\8.0.25\ref/net8.0/System.dll [C:\Users\ultra\warewolf\Dev\Dev2.Diagnostics.Tests\Dev2.Diagnostics.Tests.csproj]
C:\Program Files\dotnet\sdk\10.0.201\Microsoft.Common.CurrentVersion.targets(2451,5): warning MSB3277:             C:\Users\ultra\.nuget\packages\microsoft.xaml.behaviors.wpf\1.1.122\lib\net462\Microsoft.Xaml.Behaviors.dll [C:\Users\ultra\warewolf\Dev\Dev2.Diagnostics.Tests\Dev2.Diagnostics.Tests.csproj]
C:\Program Files\dotnet\sdk\10.0.201\Microsoft.Common.CurrentVersion.targets(2451,5): warning MSB3277:             C:\Users\ultra\.nuget\packages\caliburn.micro\4.0.212\lib\netcoreapp3.1\Caliburn.Micro.Platform.dll [C:\Users\ultra\warewolf\Dev\Dev2.Diagnostics.Tests\Dev2.Diagnostics.Tests.csproj]
C:\Program Files\dotnet\sdk\10.0.201\Microsoft.Common.CurrentVersion.targets(2451,5): warning MSB3277:             C:\Users\ultra\.nuget\packages\reactiveui.wpf\18.4.1\lib\net462\ReactiveUI.Wpf.dll [C:\Users\ultra\warewolf\Dev\Dev2.Diagnostics.Tests\Dev2.Diagnostics.Tests.csproj]
C:\Program Files\dotnet\sdk\10.0.201\Microsoft.Common.CurrentVersion.targets(2451,5): warning MSB3277:             C:\Users\ultra\.nuget\packages\ttcue.netcore.sharepointonline.csom.16.1.8029.1200\16.1.8029.1200\lib\netcoreapp2.0\Microsoft.SharePoint.Client.Runtime.Windows.dll [C:\Users\ultra\warewolf\Dev\Dev2.Diagnostics.Tests\Dev2.Diagnostics.Tests.csproj]
C:\Program Files\dotnet\sdk\10.0.201\Microsoft.Common.CurrentVersion.targets(2451,5): warning MSB3277:             C:\Program Files\dotnet\packs\Microsoft.NETCore.App.Ref\8.0.25\ref/net8.0/WindowsBase.dll [C:\Users\ultra\warewolf\Dev\Dev2.Diagnostics.Tests\Dev2.Diagnostics.Tests.csproj]
C:\Program Files\dotnet\sdk\10.0.201\Microsoft.Common.CurrentVersion.targets(2451,5): warning MSB3277:             C:\Program Files\dotnet\packs\Microsoft.NETCore.App.Ref\8.0.25\ref/net8.0/mscorlib.dll [C:\Users\ultra\warewolf\Dev\Dev2.Diagnostics.Tests\Dev2.Diagnostics.Tests.csproj]
C:\Program Files\dotnet\sdk\10.0.201\Microsoft.Common.CurrentVersion.targets(2451,5): warning MSB3277:             C:\Users\ultra\.nuget\packages\hangfire.core\1.7.32\lib\netstandard2.0\Hangfire.Core.dll [C:\Users\ultra\warewolf\Dev\Dev2.Diagnostics.Tests\Dev2.Diagnostics.Tests.csproj]
C:\Program Files\dotnet\sdk\10.0.201\Microsoft.Common.CurrentVersion.targets(2451,5): warning MSB3277:             C:\Users\ultra\.nuget\packages\hangfire.aspnetcore\1.7.32\lib\netcoreapp3.0\Hangfire.AspNetCore.dll [C:\Users\ultra\warewolf\Dev\Dev2.Diagnostics.Tests\Dev2.Diagnostics.Tests.csproj]
C:\Program Files\dotnet\sdk\10.0.201\Microsoft.Common.CurrentVersion.targets(2451,5): warning MSB3277:             C:\Users\ultra\.nuget\packages\hangfire.sqlserver\1.7.32\lib\netstandard2.0\Hangfire.SqlServer.dll [C:\Users\ultra\warewolf\Dev\Dev2.Diagnostics.Tests\Dev2.Diagnostics.Tests.csproj]
C:\Program Files\dotnet\sdk\10.0.201\Microsoft.Common.CurrentVersion.targets(2451,5): warning MSB3277:             C:\Users\ultra\.nuget\packages\microsoft.codecoverage\17.13.0\lib\netcoreapp3.1\Microsoft.VisualStudio.CodeCoverage.Shim.dll [C:\Users\ultra\warewolf\Dev\Dev2.Diagnostics.Tests\Dev2.Diagnostics.Tests.csproj]
C:\Program Files\dotnet\sdk\10.0.201\Microsoft.Common.CurrentVersion.targets(2451,5): warning MSB3277:         C:\Program Files\dotnet\packs\Microsoft.NETCore.App.Ref\8.0.25\ref\net8.0\System.Drawing.dll [C:\Users\ultra\warewolf\Dev\Dev2.Diagnostics.Tests\Dev2.Diagnostics.Tests.csproj]
C:\Program Files\dotnet\sdk\10.0.201\Microsoft.Common.CurrentVersion.targets(2451,5): warning MSB3277:           Project file item includes which caused reference "C:\Program Files\dotnet\packs\Microsoft.NETCore.App.Ref\8.0.25\ref\net8.0\System.Drawing.dll". [C:\Users\ultra\warewolf\Dev\Dev2.Diagnostics.Tests\Dev2.Diagnostics.Tests.csproj]
C:\Program Files\dotnet\sdk\10.0.201\Microsoft.Common.CurrentVersion.targets(2451,5): warning MSB3277:             C:\Program Files\dotnet\packs\Microsoft.NETCore.App.Ref\8.0.25\ref/net8.0/System.Drawing.dll [C:\Users\ultra\warewolf\Dev\Dev2.Diagnostics.Tests\Dev2.Diagnostics.Tests.csproj]
C:\Program Files\dotnet\sdk\10.0.201\Microsoft.Common.CurrentVersion.targets(2451,5): warning MSB3277:             C:\Users\ultra\.nuget\packages\aerowizard\2.3.1\lib\net45\AeroWizard.dll [C:\Users\ultra\warewolf\Dev\Dev2.Diagnostics.Tests\Dev2.Diagnostics.Tests.csproj]
C:\Program Files\dotnet\sdk\10.0.201\Microsoft.Common.CurrentVersion.targets(2451,5): warning MSB3277:             C:\Users\ultra\.nuget\packages\groupcontrols\1.9.0\lib\net45\GroupControls.dll [C:\Users\ultra\warewolf\Dev\Dev2.Diagnostics.Tests\Dev2.Diagnostics.Tests.csproj]
C:\Program Files\dotnet\sdk\10.0.201\Microsoft.Common.CurrentVersion.targets(2451,5): warning MSB3277:             C:\Users\ultra\.nuget\packages\taskschedulereditor\2.10.1\lib\net452\Microsoft.Win32.TaskSchedulerEditor.dll [C:\Users\ultra\warewolf\Dev\Dev2.Diagnostics.Tests\Dev2.Diagnostics.Tests.csproj]
  Warewolf.Studio.ViewModels -> C:\Users\ultra\warewolf\Dev\Warewolf.Studio.ViewModels\bin\Debug\net8.0\Warewolf.Studio.ViewModels.dll
C:\Users\ultra\warewolf\Dev\Dev2.Diagnostics.Tests\TestPerfCounterManager.cs(24,21): warning CA1416: This call site is reachable on all platforms. 'PerformanceCounterCategory.Delete(string)' is only supported on: 'windows'. (https://learn.microsoft.com/dotnet/fundamentals/code-analysis/quality-rules/ca1416) [C:\Users\ultra\warewolf\Dev\Dev2.Diagnostics.Tests\Dev2.Diagnostics.Tests.csproj]
C:\Users\ultra\warewolf\Dev\Dev2.Diagnostics.Tests\TestExecutionContainer.cs(31,17): warning CA1416: This call site is reachable on all platforms. 'PerformanceCounterCategory.Delete(string)' is only supported on: 'windows'. (https://learn.microsoft.com/dotnet/fundamentals/code-analysis/quality-rules/ca1416) [C:\Users\ultra\warewolf\Dev\Dev2.Diagnostics.Tests\Dev2.Diagnostics.Tests.csproj]
C:\Users\ultra\warewolf\Dev\Dev2.Diagnostics.Tests\PerfCounterBuilderTest.cs(25,17): warning CA1416: This call site is reachable on all platforms. 'PerformanceCounterCategory.Delete(string)' is only supported on: 'windows'. (https://learn.microsoft.com/dotnet/fundamentals/code-analysis/quality-rules/ca1416) [C:\Users\ultra\warewolf\Dev\Dev2.Diagnostics.Tests\Dev2.Diagnostics.Tests.csproj]
C:\Users\ultra\warewolf\Dev\Dev2.Diagnostics.Tests\PerfCounterBuilderTest.cs(88,17): warning CA1416: This call site is reachable on all platforms. 'PerformanceCounterCategory.Delete(string)' is only supported on: 'windows'. (https://learn.microsoft.com/dotnet/fundamentals/code-analysis/quality-rules/ca1416) [C:\Users\ultra\warewolf\Dev\Dev2.Diagnostics.Tests\Dev2.Diagnostics.Tests.csproj]
C:\Users\ultra\warewolf\Dev\Dev2.Diagnostics.Tests\PerfCountersOpsTests.cs(26,21): warning CA1416: This call site is reachable on all platforms. 'PerformanceCounterCategory.Delete(string)' is only supported on: 'windows'. (https://learn.microsoft.com/dotnet/fundamentals/code-analysis/quality-rules/ca1416) [C:\Users\ultra\warewolf\Dev\Dev2.Diagnostics.Tests\Dev2.Diagnostics.Tests.csproj]
C:\Users\ultra\warewolf\Dev\Dev2.Diagnostics.Tests\PerfCountersOpsTests.cs(27,21): warning CA1416: This call site is reachable on all platforms. 'PerformanceCounterCategory.Delete(string)' is only supported on: 'windows'. (https://learn.microsoft.com/dotnet/fundamentals/code-analysis/quality-rules/ca1416) [C:\Users\ultra\warewolf\Dev\Dev2.Diagnostics.Tests\Dev2.Diagnostics.Tests.csproj]
C:\Program Files\dotnet\sdk\10.0.201\Microsoft.Common.CurrentVersion.targets(2451,5): warning MSB3245: Could not resolve this reference. Could not locate the assembly "System.ServiceModel.Activities". Check to make sure the assembly exists on disk. If this reference is required by your code, you may get compilation errors. [C:\Users\ultra\warewolf\Dev\Warewolf.Studio.Views\Warewolf.Studio.Views.csproj]
  Dev2.Diagnostics.Tests -> C:\Users\ultra\warewolf\Dev\Dev2.Diagnostics.Tests\bin\Debug\net8.0\linux-x64\Dev2.Diagnostics.Tests.dll
C:\Program Files\dotnet\sdk\10.0.201\Microsoft.Common.CurrentVersion.targets(2451,5): warning MSB3277: Found conflicts between different versions of "Microsoft.Win32.SystemEvents" that could not be resolved. [C:\Users\ultra\warewolf\Dev\Warewolf.Studio.Views\Warewolf.Studio.Views.csproj]
C:\Program Files\dotnet\sdk\10.0.201\Microsoft.Common.CurrentVersion.targets(2451,5): warning MSB3277: There was a conflict between "Microsoft.Win32.SystemEvents, Version=6.0.0.0, Culture=neutral, PublicKeyToken=cc7b13ffcd2ddd51" and "Microsoft.Win32.SystemEvents, Version=7.0.0.0, Culture=neutral, PublicKeyToken=cc7b13ffcd2ddd51". [C:\Users\ultra\warewolf\Dev\Warewolf.Studio.Views\Warewolf.Studio.Views.csproj]
C:\Program Files\dotnet\sdk\10.0.201\Microsoft.Common.CurrentVersion.targets(2451,5): warning MSB3277:     "Microsoft.Win32.SystemEvents, Version=6.0.0.0, Culture=neutral, PublicKeyToken=cc7b13ffcd2ddd51" was chosen because it was primary and "Microsoft.Win32.SystemEvents, Version=7.0.0.0, Culture=neutral, PublicKeyToken=cc7b13ffcd2ddd51" was not. [C:\Users\ultra\warewolf\Dev\Warewolf.Studio.Views\Warewolf.Studio.Views.csproj]
C:\Program Files\dotnet\sdk\10.0.201\Microsoft.Common.CurrentVersion.targets(2451,5): warning MSB3277:     References which depend on "Microsoft.Win32.SystemEvents, Version=6.0.0.0, Culture=neutral, PublicKeyToken=cc7b13ffcd2ddd51" [C:\Users\ultra\.nuget\packages\microsoft.win32.systemevents\6.0.0\lib\net6.0\Microsoft.Win32.SystemEvents.dll]. [C:\Users\ultra\warewolf\Dev\Warewolf.Studio.Views\Warewolf.Studio.Views.csproj]
C:\Program Files\dotnet\sdk\10.0.201\Microsoft.Common.CurrentVersion.targets(2451,5): warning MSB3277:         C:\Users\ultra\.nuget\packages\microsoft.win32.systemevents\6.0.0\lib\net6.0\Microsoft.Win32.SystemEvents.dll [C:\Users\ultra\warewolf\Dev\Warewolf.Studio.Views\Warewolf.Studio.Views.csproj]
C:\Program Files\dotnet\sdk\10.0.201\Microsoft.Common.CurrentVersion.targets(2451,5): warning MSB3277:           Project file item includes which caused reference "C:\Users\ultra\.nuget\packages\microsoft.win32.systemevents\6.0.0\lib\net6.0\Microsoft.Win32.SystemEvents.dll". [C:\Users\ultra\warewolf\Dev\Warewolf.Studio.Views\Warewolf.Studio.Views.csproj]
C:\Program Files\dotnet\sdk\10.0.201\Microsoft.Common.CurrentVersion.targets(2451,5): warning MSB3277:             C:\Users\ultra\.nuget\packages\microsoft.win32.systemevents\6.0.0\lib\net6.0\Microsoft.Win32.SystemEvents.dll [C:\Users\ultra\warewolf\Dev\Warewolf.Studio.Views\Warewolf.Studio.Views.csproj]
C:\Program Files\dotnet\sdk\10.0.201\Microsoft.Common.CurrentVersion.targets(2451,5): warning MSB3277:     References which depend on or have been unified to "Microsoft.Win32.SystemEvents, Version=7.0.0.0, Culture=neutral, PublicKeyToken=cc7b13ffcd2ddd51" []. [C:\Users\ultra\warewolf\Dev\Warewolf.Studio.Views\Warewolf.Studio.Views.csproj]
C:\Program Files\dotnet\sdk\10.0.201\Microsoft.Common.CurrentVersion.targets(2451,5): warning MSB3277:         C:\Users\ultra\warewolf\Dev\Dev2.Common\bin\Debug\net8.0\Dev2.Common.dll [C:\Users\ultra\warewolf\Dev\Warewolf.Studio.Views\Warewolf.Studio.Views.csproj]
C:\Program Files\dotnet\sdk\10.0.201\Microsoft.Common.CurrentVersion.targets(2451,5): warning MSB3277:           Project file item includes which caused reference "C:\Users\ultra\warewolf\Dev\Dev2.Common\bin\Debug\net8.0\Dev2.Common.dll". [C:\Users\ultra\warewolf\Dev\Warewolf.Studio.Views\Warewolf.Studio.Views.csproj]
C:\Program Files\dotnet\sdk\10.0.201\Microsoft.Common.CurrentVersion.targets(2451,5): warning MSB3277:             C:\Users\ultra\warewolf\Dev\Dev2.Common\bin\Debug\net8.0\Dev2.Common.dll [C:\Users\ultra\warewolf\Dev\Warewolf.Studio.Views\Warewolf.Studio.Views.csproj]
C:\Program Files\dotnet\sdk\10.0.201\Microsoft.Common.CurrentVersion.targets(2451,5): warning MSB3277:             C:\Users\ultra\warewolf\Dev\Dev2.Activities\bin\Debug\net8.0\Dev2.Activities.dll [C:\Users\ultra\warewolf\Dev\Warewolf.Studio.Views\Warewolf.Studio.Views.csproj]
C:\Program Files\dotnet\sdk\10.0.201\Microsoft.Common.CurrentVersion.targets(2451,5): warning MSB3277:             C:\Users\ultra\warewolf\Dev\Dev2.Core\bin\Debug\net8.0\Dev2.Core.dll [C:\Users\ultra\warewolf\Dev\Warewolf.Studio.Views\Warewolf.Studio.Views.csproj]
C:\Program Files\dotnet\sdk\10.0.201\Microsoft.Common.CurrentVersion.targets(2451,5): warning MSB3277:             C:\Users\ultra\warewolf\Dev\Dev2.Diagnostics\bin\Debug\net8.0\Dev2.Diagnostics.dll [C:\Users\ultra\warewolf\Dev\Warewolf.Studio.Views\Warewolf.Studio.Views.csproj]
C:\Program Files\dotnet\sdk\10.0.201\Microsoft.Common.CurrentVersion.targets(2451,5): warning MSB3277:             C:\Users\ultra\warewolf\Dev\Dev2.Infrastructure\bin\Debug\net8.0\Dev2.Infrastructure.dll [C:\Users\ultra\warewolf\Dev\Warewolf.Studio.Views\Warewolf.Studio.Views.csproj]
C:\Program Files\dotnet\sdk\10.0.201\Microsoft.Common.CurrentVersion.targets(2451,5): warning MSB3277:             C:\Users\ultra\warewolf\Dev\Dev2.Intellisense\bin\Debug\net8.0\Dev2.Intellisense.dll [C:\Users\ultra\warewolf\Dev\Warewolf.Studio.Views\Warewolf.Studio.Views.csproj]
C:\Program Files\dotnet\sdk\10.0.201\Microsoft.Common.CurrentVersion.targets(2451,5): warning MSB3277:             C:\Users\ultra\warewolf\Dev\Dev2.Studio.Core\bin\Debug\net8.0\Dev2.Studio.Core.dll [C:\Users\ultra\warewolf\Dev\Warewolf.Studio.Views\Warewolf.Studio.Views.csproj]
C:\Program Files\dotnet\sdk\10.0.201\Microsoft.Common.CurrentVersion.targets(2451,5): warning MSB3277:             C:\Users\ultra\warewolf\Dev\Dev2.Studio.Interfaces\bin\Debug\net8.0\Dev2.Studio.Interfaces.dll [C:\Users\ultra\warewolf\Dev\Warewolf.Studio.Views\Warewolf.Studio.Views.csproj]
C:\Program Files\dotnet\sdk\10.0.201\Microsoft.Common.CurrentVersion.targets(2451,5): warning MSB3277:             C:\Users\ultra\warewolf\Dev\Warewolf.Studio.Core\bin\Debug\net8.0\Warewolf.Studio.Core.dll [C:\Users\ultra\warewolf\Dev\Warewolf.Studio.Views\Warewolf.Studio.Views.csproj]
C:\Program Files\dotnet\sdk\10.0.201\Microsoft.Common.CurrentVersion.targets(2451,5): warning MSB3277:             C:\Users\ultra\warewolf\Dev\Warewolf.Studio.CustomControls\bin\Debug\net8.0\Warewolf.Studio.CustomControls.dll [C:\Users\ultra\warewolf\Dev\Warewolf.Studio.Views\Warewolf.Studio.Views.csproj]
C:\Program Files\dotnet\sdk\10.0.201\Microsoft.Common.CurrentVersion.targets(2451,5): warning MSB3277:             C:\Users\ultra\warewolf\Dev\Warewolf.Studio.ViewModels\bin\Debug\net8.0\Warewolf.Studio.ViewModels.dll [C:\Users\ultra\warewolf\Dev\Warewolf.Studio.Views\Warewolf.Studio.Views.csproj]
C:\Program Files\dotnet\sdk\10.0.201\Microsoft.Common.CurrentVersion.targets(2451,5): warning MSB3277:             C:\Users\ultra\warewolf\Dev\Dev2.Data\bin\Debug\net8.0\Dev2.Data.dll [C:\Users\ultra\warewolf\Dev\Warewolf.Studio.Views\Warewolf.Studio.Views.csproj]
C:\Program Files\dotnet\sdk\10.0.201\Microsoft.Common.CurrentVersion.targets(2451,5): warning MSB3277:             C:\Users\ultra\warewolf\Dev\Dev2.Development.Languages\bin\Debug\net8.0\Dev2.Development.Languages.dll [C:\Users\ultra\warewolf\Dev\Warewolf.Studio.Views\Warewolf.Studio.Views.csproj]
C:\Program Files\dotnet\sdk\10.0.201\Microsoft.Common.CurrentVersion.targets(2451,5): warning MSB3277:             C:\Users\ultra\warewolf\Dev\Dev2.Runtime.Services\bin\Debug\net8.0\Dev2.Runtime.Services.dll [C:\Users\ultra\warewolf\Dev\Warewolf.Studio.Views\Warewolf.Studio.Views.csproj]
C:\Program Files\dotnet\sdk\10.0.201\Microsoft.Common.CurrentVersion.targets(2451,5): warning MSB3277:             C:\Users\ultra\warewolf\Dev\Dev2.Scheduler\bin\Debug\net8.0\Dev2.Scheduler.dll [C:\Users\ultra\warewolf\Dev\Warewolf.Studio.Views\Warewolf.Studio.Views.csproj]
C:\Program Files\dotnet\sdk\10.0.201\Microsoft.Common.CurrentVersion.targets(2451,5): warning MSB3277:             C:\Users\ultra\warewolf\Dev\Dev2.Services.Execution\bin\Debug\net8.0\Dev2.Services.Execution.dll [C:\Users\ultra\warewolf\Dev\Warewolf.Studio.Views\Warewolf.Studio.Views.csproj]
C:\Program Files\dotnet\sdk\10.0.201\Microsoft.Common.CurrentVersion.targets(2451,5): warning MSB3277:             C:\Users\ultra\warewolf\Dev\Dev2.Services.Sql\bin\Debug\net8.0\Dev2.Services.Sql.dll [C:\Users\ultra\warewolf\Dev\Warewolf.Studio.Views\Warewolf.Studio.Views.csproj]
C:\Program Files\dotnet\sdk\10.0.201\Microsoft.Common.CurrentVersion.targets(2451,5): warning MSB3277:             C:\Users\ultra\warewolf\Dev\Dev2.TaskScheduler.Wrappers\bin\Debug\net8.0\Dev2.TaskScheduler.Wrappers.dll [C:\Users\ultra\warewolf\Dev\Warewolf.Studio.Views\Warewolf.Studio.Views.csproj]
C:\Program Files\dotnet\sdk\10.0.201\Microsoft.Common.CurrentVersion.targets(2451,5): warning MSB3277:             C:\Users\ultra\warewolf\Dev\Dev2.Util\bin\Debug\net8.0\Dev2.Util.dll [C:\Users\ultra\warewolf\Dev\Warewolf.Studio.Views\Warewolf.Studio.Views.csproj]
C:\Program Files\dotnet\sdk\10.0.201\Microsoft.Common.CurrentVersion.targets(2451,5): warning MSB3277:             C:\Users\ultra\warewolf\Dev\Warewolf.AI.Harness\bin\Debug\net8.0\Warewolf.AI.Harness.dll [C:\Users\ultra\warewolf\Dev\Warewolf.Studio.Views\Warewolf.Studio.Views.csproj]
C:\Program Files\dotnet\sdk\10.0.201\Microsoft.Common.CurrentVersion.targets(2451,5): warning MSB3277:             C:\Users\ultra\warewolf\Dev\Warewolf.Auditing\bin\Debug\net8.0\Warewolf.Auditing.dll [C:\Users\ultra\warewolf\Dev\Warewolf.Studio.Views\Warewolf.Studio.Views.csproj]
C:\Program Files\dotnet\sdk\10.0.201\Microsoft.Common.CurrentVersion.targets(2451,5): warning MSB3277:             C:\Users\ultra\warewolf\Dev\Warewolf.Common.NetStandard20\bin\Debug\net8.0\Warewolf.Common.NetStandard20.dll [C:\Users\ultra\warewolf\Dev\Warewolf.Studio.Views\Warewolf.Studio.Views.csproj]
C:\Program Files\dotnet\sdk\10.0.201\Microsoft.Common.CurrentVersion.targets(2451,5): warning MSB3277:             C:\Users\ultra\warewolf\Dev\Warewolf.Core\bin\Debug\net8.0\Warewolf.Core.dll [C:\Users\ultra\warewolf\Dev\Warewolf.Studio.Views\Warewolf.Studio.Views.csproj]
C:\Program Files\dotnet\sdk\10.0.201\Microsoft.Common.CurrentVersion.targets(2451,5): warning MSB3277:             C:\Users\ultra\warewolf\Dev\Warewolf.Driver.Persistence\bin\Debug\net8.0\Warewolf.Driver.Persistence.dll [C:\Users\ultra\warewolf\Dev\Warewolf.Studio.Views\Warewolf.Studio.Views.csproj]
C:\Program Files\dotnet\sdk\10.0.201\Microsoft.Common.CurrentVersion.targets(2451,5): warning MSB3277:             C:\Users\ultra\warewolf\Dev\Warewolf.Driver.Serilog\bin\Debug\net8.0\Warewolf.Driver.Serilog.dll [C:\Users\ultra\warewolf\Dev\Warewolf.Studio.Views\Warewolf.Studio.Views.csproj]
C:\Program Files\dotnet\sdk\10.0.201\Microsoft.Common.CurrentVersion.targets(2451,5): warning MSB3277:             C:\Users\ultra\warewolf\Dev\Warewolf.Exchange.Email.Wrapper\bin\Debug\net8.0\Warewolf.Exchange.Email.Wrapper.dll [C:\Users\ultra\warewolf\Dev\Warewolf.Studio.Views\Warewolf.Studio.Views.csproj]
C:\Program Files\dotnet\sdk\10.0.201\Microsoft.Common.CurrentVersion.targets(2451,5): warning MSB3277:             C:\Users\ultra\warewolf\Dev\Warewolf.ResourceManagement\bin\Debug\net8.0\Warewolf.ResourceManagement.dll [C:\Users\ultra\warewolf\Dev\Warewolf.Studio.Views\Warewolf.Studio.Views.csproj]
C:\Program Files\dotnet\sdk\10.0.201\Microsoft.Common.CurrentVersion.targets(2451,5): warning MSB3277:             C:\Users\ultra\warewolf\Dev\Warewolf.Sharepoint\bin\Debug\net8.0\Warewolf.Sharepoint.dll [C:\Users\ultra\warewolf\Dev\Warewolf.Studio.Views\Warewolf.Studio.Views.csproj]
C:\Program Files\dotnet\sdk\10.0.201\Microsoft.Common.CurrentVersion.targets(2451,5): warning MSB3277:             C:\Users\ultra\warewolf\Dev\Warewolf.Storage\bin\Debug\net8.0\Warewolf.Storage.dll [C:\Users\ultra\warewolf\Dev\Warewolf.Studio.Views\Warewolf.Studio.Views.csproj]
C:\Program Files\dotnet\sdk\10.0.201\Microsoft.Common.CurrentVersion.targets(2451,5): warning MSB3277:             C:\Users\ultra\warewolf\Dev\Warewolf.Studio.Models\bin\Debug\net8.0\Warewolf.Studio.Models.dll [C:\Users\ultra\warewolf\Dev\Warewolf.Studio.Views\Warewolf.Studio.Views.csproj]
C:\Program Files\dotnet\sdk\10.0.201\Microsoft.Common.CurrentVersion.targets(2451,5): warning MSB3277:             C:\Users\ultra\warewolf\Dev\Warewolf.UI\bin\Debug\net8.0\Warewolf.UI.dll [C:\Users\ultra\warewolf\Dev\Warewolf.Studio.Views\Warewolf.Studio.Views.csproj]
C:\Program Files\dotnet\sdk\10.0.201\Microsoft.Common.CurrentVersion.targets(2451,5): warning MSB3277:         C:\Users\ultra\warewolf\Dev\Binaries\Infragistcs_Net6\InfragisticsWPF4.Editors.v15.1.dll [C:\Users\ultra\warewolf\Dev\Warewolf.Studio.Views\Warewolf.Studio.Views.csproj]
C:\Program Files\dotnet\sdk\10.0.201\Microsoft.Common.CurrentVersion.targets(2451,5): warning MSB3277:           Project file item includes which caused reference "C:\Users\ultra\warewolf\Dev\Binaries\Infragistcs_Net6\InfragisticsWPF4.Editors.v15.1.dll". [C:\Users\ultra\warewolf\Dev\Warewolf.Studio.Views\Warewolf.Studio.Views.csproj]
C:\Program Files\dotnet\sdk\10.0.201\Microsoft.Common.CurrentVersion.targets(2451,5): warning MSB3277:             InfragisticsWPF4.Editors.v15.1 [C:\Users\ultra\warewolf\Dev\Warewolf.Studio.Views\Warewolf.Studio.Views.csproj]
C:\Program Files\dotnet\sdk\10.0.201\Microsoft.Common.CurrentVersion.targets(2451,5): warning MSB3277:         C:\Users\ultra\warewolf\Dev\Binaries\Infragistcs_Net6\InfragisticsWPF4.v15.1.dll [C:\Users\ultra\warewolf\Dev\Warewolf.Studio.Views\Warewolf.Studio.Views.csproj]
C:\Program Files\dotnet\sdk\10.0.201\Microsoft.Common.CurrentVersion.targets(2451,5): warning MSB3277:           Project file item includes which caused reference "C:\Users\ultra\warewolf\Dev\Binaries\Infragistcs_Net6\InfragisticsWPF4.v15.1.dll". [C:\Users\ultra\warewolf\Dev\Warewolf.Studio.Views\Warewolf.Studio.Views.csproj]
C:\Program Files\dotnet\sdk\10.0.201\Microsoft.Common.CurrentVersion.targets(2451,5): warning MSB3277:             InfragisticsWPF4.v15.1 [C:\Users\ultra\warewolf\Dev\Warewolf.Studio.Views\Warewolf.Studio.Views.csproj]
C:\Program Files\dotnet\sdk\10.0.201\Microsoft.Common.CurrentVersion.targets(2451,5): warning MSB3277:             InfragisticsWPF4.Controls.Editors.XamComboEditor.v15.1 [C:\Users\ultra\warewolf\Dev\Warewolf.Studio.Views\Warewolf.Studio.Views.csproj]
C:\Program Files\dotnet\sdk\10.0.201\Microsoft.Common.CurrentVersion.targets(2451,5): warning MSB3277:             InfragisticsWPF4.Controls.Editors.XamRichTextEditor.v15.1 [C:\Users\ultra\warewolf\Dev\Warewolf.Studio.Views\Warewolf.Studio.Views.csproj]
C:\Program Files\dotnet\sdk\10.0.201\Microsoft.Common.CurrentVersion.targets(2451,5): warning MSB3277:             InfragisticsWPF4.Controls.Grids.XamGrid.v15.1 [C:\Users\ultra\warewolf\Dev\Warewolf.Studio.Views\Warewolf.Studio.Views.csproj]
C:\Program Files\dotnet\sdk\10.0.201\Microsoft.Common.CurrentVersion.targets(2451,5): warning MSB3277:             InfragisticsWPF4.Controls.Interactions.XamDialogWindow.v15.1 [C:\Users\ultra\warewolf\Dev\Warewolf.Studio.Views\Warewolf.Studio.Views.csproj]
C:\Program Files\dotnet\sdk\10.0.201\Microsoft.Common.CurrentVersion.targets(2451,5): warning MSB3277:             InfragisticsWPF4.Controls.Menus.XamDataTree.v15.1 [C:\Users\ultra\warewolf\Dev\Warewolf.Studio.Views\Warewolf.Studio.Views.csproj]
C:\Program Files\dotnet\sdk\10.0.201\Microsoft.Common.CurrentVersion.targets(2451,5): warning MSB3277:             InfragisticsWPF4.Controls.Menus.XamMenu.v15.1 [C:\Users\ultra\warewolf\Dev\Warewolf.Studio.Views\Warewolf.Studio.Views.csproj]
C:\Program Files\dotnet\sdk\10.0.201\Microsoft.Common.CurrentVersion.targets(2451,5): warning MSB3277:             InfragisticsWPF4.DataManager.v15.1 [C:\Users\ultra\warewolf\Dev\Warewolf.Studio.Views\Warewolf.Studio.Views.csproj]
C:\Program Files\dotnet\sdk\10.0.201\Microsoft.Common.CurrentVersion.targets(2451,5): warning MSB3277:             InfragisticsWPF4.DockManager.v15.1 [C:\Users\ultra\warewolf\Dev\Warewolf.Studio.Views\Warewolf.Studio.Views.csproj]
C:\Program Files\dotnet\sdk\10.0.201\Microsoft.Common.CurrentVersion.targets(2451,5): warning MSB3277:             InfragisticsWPF4.Documents.RichTextDocument.Html.v15.1 [C:\Users\ultra\warewolf\Dev\Warewolf.Studio.Views\Warewolf.Studio.Views.csproj]
C:\Program Files\dotnet\sdk\10.0.201\Microsoft.Common.CurrentVersion.targets(2451,5): warning MSB3277:             InfragisticsWPF4.Documents.RichTextDocument.v15.1 [C:\Users\ultra\warewolf\Dev\Warewolf.Studio.Views\Warewolf.Studio.Views.csproj]
C:\Program Files\dotnet\sdk\10.0.201\Microsoft.Common.CurrentVersion.targets(2451,5): warning MSB3277:             InfragisticsWPF4.Editors.v15.1 [C:\Users\ultra\warewolf\Dev\Warewolf.Studio.Views\Warewolf.Studio.Views.csproj]
C:\Program Files\dotnet\sdk\10.0.201\Microsoft.Common.CurrentVersion.targets(2451,5): warning MSB3277:         C:\Users\ultra\.nuget\packages\timespan2\2.4.2\lib\netcoreapp3.1\TimeSpan2.dll [C:\Users\ultra\warewolf\Dev\Warewolf.Studio.Views\Warewolf.Studio.Views.csproj]
C:\Program Files\dotnet\sdk\10.0.201\Microsoft.Common.CurrentVersion.targets(2451,5): warning MSB3277:           Project file item includes which caused reference "C:\Users\ultra\.nuget\packages\timespan2\2.4.2\lib\netcoreapp3.1\TimeSpan2.dll". [C:\Users\ultra\warewolf\Dev\Warewolf.Studio.Views\Warewolf.Studio.Views.csproj]
C:\Program Files\dotnet\sdk\10.0.201\Microsoft.Common.CurrentVersion.targets(2451,5): warning MSB3277:             C:\Users\ultra\.nuget\packages\timespan2\2.4.2\lib\netcoreapp3.1\TimeSpan2.dll [C:\Users\ultra\warewolf\Dev\Warewolf.Studio.Views\Warewolf.Studio.Views.csproj]
C:\Program Files\dotnet\sdk\10.0.201\Microsoft.Common.CurrentVersion.targets(2451,5): warning MSB3277:             C:\Users\ultra\.nuget\packages\taskschedulereditor\2.10.1\lib\net452\Microsoft.Win32.TaskSchedulerEditor.dll [C:\Users\ultra\warewolf\Dev\Warewolf.Studio.Views\Warewolf.Studio.Views.csproj]
C:\Program Files\dotnet\sdk\10.0.201\Microsoft.Common.CurrentVersion.targets(2451,5): warning MSB3277:         C:\Program Files\dotnet\packs\Microsoft.NETCore.App.Ref\8.0.25\ref\net8.0\System.dll [C:\Users\ultra\warewolf\Dev\Warewolf.Studio.Views\Warewolf.Studio.Views.csproj]
C:\Program Files\dotnet\sdk\10.0.201\Microsoft.Common.CurrentVersion.targets(2451,5): warning MSB3277:           Project file item includes which caused reference "C:\Program Files\dotnet\packs\Microsoft.NETCore.App.Ref\8.0.25\ref\net8.0\System.dll". [C:\Users\ultra\warewolf\Dev\Warewolf.Studio.Views\Warewolf.Studio.Views.csproj]
C:\Program Files\dotnet\sdk\10.0.201\Microsoft.Common.CurrentVersion.targets(2451,5): warning MSB3277:             C:\Program Files\dotnet\packs\Microsoft.NETCore.App.Ref\8.0.25\ref/net8.0/System.dll [C:\Users\ultra\warewolf\Dev\Warewolf.Studio.Views\Warewolf.Studio.Views.csproj]
C:\Program Files\dotnet\sdk\10.0.201\Microsoft.Common.CurrentVersion.targets(2451,5): warning MSB3277:             C:\Users\ultra\.nuget\packages\aerowizard\2.3.1\lib\net45\AeroWizard.dll [C:\Users\ultra\warewolf\Dev\Warewolf.Studio.Views\Warewolf.Studio.Views.csproj]
C:\Program Files\dotnet\sdk\10.0.201\Microsoft.Common.CurrentVersion.targets(2451,5): warning MSB3277:             C:\Users\ultra\.nuget\packages\groupcontrols\1.9.0\lib\net45\GroupControls.dll [C:\Users\ultra\warewolf\Dev\Warewolf.Studio.Views\Warewolf.Studio.Views.csproj]
C:\Program Files\dotnet\sdk\10.0.201\Microsoft.Common.CurrentVersion.targets(2451,5): warning MSB3277:             C:\Users\ultra\.nuget\packages\microsoft.xaml.behaviors.wpf\1.1.122\lib\net462\Microsoft.Xaml.Behaviors.dll [C:\Users\ultra\warewolf\Dev\Warewolf.Studio.Views\Warewolf.Studio.Views.csproj]
C:\Program Files\dotnet\sdk\10.0.201\Microsoft.Common.CurrentVersion.targets(2451,5): warning MSB3277:             C:\Users\ultra\.nuget\packages\caliburn.micro\4.0.212\lib\netcoreapp3.1\Caliburn.Micro.Platform.dll [C:\Users\ultra\warewolf\Dev\Warewolf.Studio.Views\Warewolf.Studio.Views.csproj]
C:\Program Files\dotnet\sdk\10.0.201\Microsoft.Common.CurrentVersion.targets(2451,5): warning MSB3277:             C:\Users\ultra\.nuget\packages\prism.wpf\9.0.537\lib\net462\Prism.Wpf.dll [C:\Users\ultra\warewolf\Dev\Warewolf.Studio.Views\Warewolf.Studio.Views.csproj]
C:\Program Files\dotnet\sdk\10.0.201\Microsoft.Common.CurrentVersion.targets(2451,5): warning MSB3277:             C:\Users\ultra\.nuget\packages\reactiveui.wpf\18.4.1\lib\net462\ReactiveUI.Wpf.dll [C:\Users\ultra\warewolf\Dev\Warewolf.Studio.Views\Warewolf.Studio.Views.csproj]
C:\Program Files\dotnet\sdk\10.0.201\Microsoft.Common.CurrentVersion.targets(2451,5): warning MSB3277:             C:\Users\ultra\.nuget\packages\taskschedulereditor\2.10.1\lib\net452\Microsoft.Win32.TaskSchedulerEditor.dll [C:\Users\ultra\warewolf\Dev\Warewolf.Studio.Views\Warewolf.Studio.Views.csproj]
C:\Program Files\dotnet\sdk\10.0.201\Microsoft.Common.CurrentVersion.targets(2451,5): warning MSB3277:             C:\Users\ultra\.nuget\packages\ttcue.netcore.sharepointonline.csom.16.1.8029.1200\16.1.8029.1200\lib\netcoreapp2.0\Microsoft.SharePoint.Client.Runtime.Windows.dll [C:\Users\ultra\warewolf\Dev\Warewolf.Studio.Views\Warewolf.Studio.Views.csproj]
C:\Program Files\dotnet\sdk\10.0.201\Microsoft.Common.CurrentVersion.targets(2451,5): warning MSB3277: Found conflicts between different versions of "System.Security.Permissions" that could not be resolved. [C:\Users\ultra\warewolf\Dev\Warewolf.Studio.Views\Warewolf.Studio.Views.csproj]
C:\Program Files\dotnet\sdk\10.0.201\Microsoft.Common.CurrentVersion.targets(2451,5): warning MSB3277: There was a conflict between "System.Security.Permissions, Version=6.0.0.0, Culture=neutral, PublicKeyToken=cc7b13ffcd2ddd51" and "System.Security.Permissions, Version=7.0.0.0, Culture=neutral, PublicKeyToken=cc7b13ffcd2ddd51". [C:\Users\ultra\warewolf\Dev\Warewolf.Studio.Views\Warewolf.Studio.Views.csproj]
C:\Program Files\dotnet\sdk\10.0.201\Microsoft.Common.CurrentVersion.targets(2451,5): warning MSB3277:     "System.Security.Permissions, Version=6.0.0.0, Culture=neutral, PublicKeyToken=cc7b13ffcd2ddd51" was chosen because it was primary and "System.Security.Permissions, Version=7.0.0.0, Culture=neutral, PublicKeyToken=cc7b13ffcd2ddd51" was not. [C:\Users\ultra\warewolf\Dev\Warewolf.Studio.Views\Warewolf.Studio.Views.csproj]
C:\Program Files\dotnet\sdk\10.0.201\Microsoft.Common.CurrentVersion.targets(2451,5): warning MSB3277:     References which depend on "System.Security.Permissions, Version=6.0.0.0, Culture=neutral, PublicKeyToken=cc7b13ffcd2ddd51" [C:\Users\ultra\.nuget\packages\system.security.permissions\6.0.0\lib\net6.0\System.Security.Permissions.dll]. [C:\Users\ultra\warewolf\Dev\Warewolf.Studio.Views\Warewolf.Studio.Views.csproj]
C:\Program Files\dotnet\sdk\10.0.201\Microsoft.Common.CurrentVersion.targets(2451,5): warning MSB3277:         C:\Users\ultra\.nuget\packages\system.security.permissions\6.0.0\lib\net6.0\System.Security.Permissions.dll [C:\Users\ultra\warewolf\Dev\Warewolf.Studio.Views\Warewolf.Studio.Views.csproj]
C:\Program Files\dotnet\sdk\10.0.201\Microsoft.Common.CurrentVersion.targets(2451,5): warning MSB3277:           Project file item includes which caused reference "C:\Users\ultra\.nuget\packages\system.security.permissions\6.0.0\lib\net6.0\System.Security.Permissions.dll". [C:\Users\ultra\warewolf\Dev\Warewolf.Studio.Views\Warewolf.Studio.Views.csproj]
C:\Program Files\dotnet\sdk\10.0.201\Microsoft.Common.CurrentVersion.targets(2451,5): warning MSB3277:             C:\Users\ultra\.nuget\packages\system.security.permissions\6.0.0\lib\net6.0\System.Security.Permissions.dll [C:\Users\ultra\warewolf\Dev\Warewolf.Studio.Views\Warewolf.Studio.Views.csproj]
C:\Program Files\dotnet\sdk\10.0.201\Microsoft.Common.CurrentVersion.targets(2451,5): warning MSB3277:     References which depend on or have been unified to "System.Security.Permissions, Version=7.0.0.0, Culture=neutral, PublicKeyToken=cc7b13ffcd2ddd51" []. [C:\Users\ultra\warewolf\Dev\Warewolf.Studio.Views\Warewolf.Studio.Views.csproj]
C:\Program Files\dotnet\sdk\10.0.201\Microsoft.Common.CurrentVersion.targets(2451,5): warning MSB3277:         C:\Users\ultra\warewolf\Dev\Warewolf.Studio.CustomControls\bin\Debug\net8.0\Warewolf.Studio.CustomControls.dll [C:\Users\ultra\warewolf\Dev\Warewolf.Studio.Views\Warewolf.Studio.Views.csproj]
C:\Program Files\dotnet\sdk\10.0.201\Microsoft.Common.CurrentVersion.targets(2451,5): warning MSB3277:           Project file item includes which caused reference "C:\Users\ultra\warewolf\Dev\Warewolf.Studio.CustomControls\bin\Debug\net8.0\Warewolf.Studio.CustomControls.dll". [C:\Users\ultra\warewolf\Dev\Warewolf.Studio.Views\Warewolf.Studio.Views.csproj]
C:\Program Files\dotnet\sdk\10.0.201\Microsoft.Common.CurrentVersion.targets(2451,5): warning MSB3277:             C:\Users\ultra\warewolf\Dev\Warewolf.Studio.CustomControls\bin\Debug\net8.0\Warewolf.Studio.CustomControls.dll [C:\Users\ultra\warewolf\Dev\Warewolf.Studio.Views\Warewolf.Studio.Views.csproj]
C:\Program Files\dotnet\sdk\10.0.201\Microsoft.Common.CurrentVersion.targets(2451,5): warning MSB3277:         C:\Users\ultra\warewolf\Dev\Dev2.Data\bin\Debug\net8.0\Dev2.Data.dll [C:\Users\ultra\warewolf\Dev\Warewolf.Studio.Views\Warewolf.Studio.Views.csproj]
C:\Program Files\dotnet\sdk\10.0.201\Microsoft.Common.CurrentVersion.targets(2451,5): warning MSB3277:           Project file item includes which caused reference "C:\Users\ultra\warewolf\Dev\Dev2.Data\bin\Debug\net8.0\Dev2.Data.dll". [C:\Users\ultra\warewolf\Dev\Warewolf.Studio.Views\Warewolf.Studio.Views.csproj]
C:\Program Files\dotnet\sdk\10.0.201\Microsoft.Common.CurrentVersion.targets(2451,5): warning MSB3277:             C:\Users\ultra\warewolf\Dev\Dev2.Data\bin\Debug\net8.0\Dev2.Data.dll [C:\Users\ultra\warewolf\Dev\Warewolf.Studio.Views\Warewolf.Studio.Views.csproj]
C:\Program Files\dotnet\sdk\10.0.201\Microsoft.Common.CurrentVersion.targets(2451,5): warning MSB3277:             C:\Users\ultra\warewolf\Dev\Dev2.Activities\bin\Debug\net8.0\Dev2.Activities.dll [C:\Users\ultra\warewolf\Dev\Warewolf.Studio.Views\Warewolf.Studio.Views.csproj]
C:\Program Files\dotnet\sdk\10.0.201\Microsoft.Common.CurrentVersion.targets(2451,5): warning MSB3277:             C:\Users\ultra\warewolf\Dev\Dev2.Core\bin\Debug\net8.0\Dev2.Core.dll [C:\Users\ultra\warewolf\Dev\Warewolf.Studio.Views\Warewolf.Studio.Views.csproj]
C:\Program Files\dotnet\sdk\10.0.201\Microsoft.Common.CurrentVersion.targets(2451,5): warning MSB3277:             C:\Users\ultra\warewolf\Dev\Dev2.Intellisense\bin\Debug\net8.0\Dev2.Intellisense.dll [C:\Users\ultra\warewolf\Dev\Warewolf.Studio.Views\Warewolf.Studio.Views.csproj]
C:\Program Files\dotnet\sdk\10.0.201\Microsoft.Common.CurrentVersion.targets(2451,5): warning MSB3277:             C:\Users\ultra\warewolf\Dev\Dev2.Studio.Core\bin\Debug\net8.0\Dev2.Studio.Core.dll [C:\Users\ultra\warewolf\Dev\Warewolf.Studio.Views\Warewolf.Studio.Views.csproj]
C:\Program Files\dotnet\sdk\10.0.201\Microsoft.Common.CurrentVersion.targets(2451,5): warning MSB3277:             C:\Users\ultra\warewolf\Dev\Dev2.Studio.Interfaces\bin\Debug\net8.0\Dev2.Studio.Interfaces.dll [C:\Users\ultra\warewolf\Dev\Warewolf.Studio.Views\Warewolf.Studio.Views.csproj]
C:\Program Files\dotnet\sdk\10.0.201\Microsoft.Common.CurrentVersion.targets(2451,5): warning MSB3277:             C:\Users\ultra\warewolf\Dev\Warewolf.Studio.Core\bin\Debug\net8.0\Warewolf.Studio.Core.dll [C:\Users\ultra\warewolf\Dev\Warewolf.Studio.Views\Warewolf.Studio.Views.csproj]
C:\Program Files\dotnet\sdk\10.0.201\Microsoft.Common.CurrentVersion.targets(2451,5): warning MSB3277:             C:\Users\ultra\warewolf\Dev\Warewolf.Studio.CustomControls\bin\Debug\net8.0\Warewolf.Studio.CustomControls.dll [C:\Users\ultra\warewolf\Dev\Warewolf.Studio.Views\Warewolf.Studio.Views.csproj]
C:\Program Files\dotnet\sdk\10.0.201\Microsoft.Common.CurrentVersion.targets(2451,5): warning MSB3277:             C:\Users\ultra\warewolf\Dev\Warewolf.Studio.ViewModels\bin\Debug\net8.0\Warewolf.Studio.ViewModels.dll [C:\Users\ultra\warewolf\Dev\Warewolf.Studio.Views\Warewolf.Studio.Views.csproj]
C:\Program Files\dotnet\sdk\10.0.201\Microsoft.Common.CurrentVersion.targets(2451,5): warning MSB3277:             C:\Users\ultra\warewolf\Dev\Dev2.Runtime.Services\bin\Debug\net8.0\Dev2.Runtime.Services.dll [C:\Users\ultra\warewolf\Dev\Warewolf.Studio.Views\Warewolf.Studio.Views.csproj]
C:\Program Files\dotnet\sdk\10.0.201\Microsoft.Common.CurrentVersion.targets(2451,5): warning MSB3277:             C:\Users\ultra\warewolf\Dev\Dev2.Scheduler\bin\Debug\net8.0\Dev2.Scheduler.dll [C:\Users\ultra\warewolf\Dev\Warewolf.Studio.Views\Warewolf.Studio.Views.csproj]
C:\Program Files\dotnet\sdk\10.0.201\Microsoft.Common.CurrentVersion.targets(2451,5): warning MSB3277:             C:\Users\ultra\warewolf\Dev\Dev2.Services.Execution\bin\Debug\net8.0\Dev2.Services.Execution.dll [C:\Users\ultra\warewolf\Dev\Warewolf.Studio.Views\Warewolf.Studio.Views.csproj]
C:\Program Files\dotnet\sdk\10.0.201\Microsoft.Common.CurrentVersion.targets(2451,5): warning MSB3277:             C:\Users\ultra\warewolf\Dev\Warewolf.Auditing\bin\Debug\net8.0\Warewolf.Auditing.dll [C:\Users\ultra\warewolf\Dev\Warewolf.Studio.Views\Warewolf.Studio.Views.csproj]
C:\Program Files\dotnet\sdk\10.0.201\Microsoft.Common.CurrentVersion.targets(2451,5): warning MSB3277:             C:\Users\ultra\warewolf\Dev\Warewolf.Common.NetStandard20\bin\Debug\net8.0\Warewolf.Common.NetStandard20.dll [C:\Users\ultra\warewolf\Dev\Warewolf.Studio.Views\Warewolf.Studio.Views.csproj]
C:\Program Files\dotnet\sdk\10.0.201\Microsoft.Common.CurrentVersion.targets(2451,5): warning MSB3277:             C:\Users\ultra\warewolf\Dev\Warewolf.Core\bin\Debug\net8.0\Warewolf.Core.dll [C:\Users\ultra\warewolf\Dev\Warewolf.Studio.Views\Warewolf.Studio.Views.csproj]
C:\Program Files\dotnet\sdk\10.0.201\Microsoft.Common.CurrentVersion.targets(2451,5): warning MSB3277:             C:\Users\ultra\warewolf\Dev\Warewolf.Driver.Persistence\bin\Debug\net8.0\Warewolf.Driver.Persistence.dll [C:\Users\ultra\warewolf\Dev\Warewolf.Studio.Views\Warewolf.Studio.Views.csproj]
C:\Program Files\dotnet\sdk\10.0.201\Microsoft.Common.CurrentVersion.targets(2451,5): warning MSB3277:             C:\Users\ultra\warewolf\Dev\Warewolf.Exchange.Email.Wrapper\bin\Debug\net8.0\Warewolf.Exchange.Email.Wrapper.dll [C:\Users\ultra\warewolf\Dev\Warewolf.Studio.Views\Warewolf.Studio.Views.csproj]
C:\Program Files\dotnet\sdk\10.0.201\Microsoft.Common.CurrentVersion.targets(2451,5): warning MSB3277:             C:\Users\ultra\warewolf\Dev\Warewolf.ResourceManagement\bin\Debug\net8.0\Warewolf.ResourceManagement.dll [C:\Users\ultra\warewolf\Dev\Warewolf.Studio.Views\Warewolf.Studio.Views.csproj]
C:\Program Files\dotnet\sdk\10.0.201\Microsoft.Common.CurrentVersion.targets(2451,5): warning MSB3277:             C:\Users\ultra\warewolf\Dev\Warewolf.Studio.Models\bin\Debug\net8.0\Warewolf.Studio.Models.dll [C:\Users\ultra\warewolf\Dev\Warewolf.Studio.Views\Warewolf.Studio.Views.csproj]
C:\Program Files\dotnet\sdk\10.0.201\Microsoft.Common.CurrentVersion.targets(2451,5): warning MSB3277:             C:\Users\ultra\warewolf\Dev\Warewolf.UI\bin\Debug\net8.0\Warewolf.UI.dll [C:\Users\ultra\warewolf\Dev\Warewolf.Studio.Views\Warewolf.Studio.Views.csproj]
C:\Program Files\dotnet\sdk\10.0.201\Microsoft.Common.CurrentVersion.targets(2451,5): warning MSB3277:         C:\Users\ultra\warewolf\Dev\Binaries\Infragistcs_Net6\InfragisticsWPF4.DockManager.v15.1.dll [C:\Users\ultra\warewolf\Dev\Warewolf.Studio.Views\Warewolf.Studio.Views.csproj]
C:\Program Files\dotnet\sdk\10.0.201\Microsoft.Common.CurrentVersion.targets(2451,5): warning MSB3277:           Project file item includes which caused reference "C:\Users\ultra\warewolf\Dev\Binaries\Infragistcs_Net6\InfragisticsWPF4.DockManager.v15.1.dll". [C:\Users\ultra\warewolf\Dev\Warewolf.Studio.Views\Warewolf.Studio.Views.csproj]
C:\Program Files\dotnet\sdk\10.0.201\Microsoft.Common.CurrentVersion.targets(2451,5): warning MSB3277:             InfragisticsWPF4.DockManager.v15.1 [C:\Users\ultra\warewolf\Dev\Warewolf.Studio.Views\Warewolf.Studio.Views.csproj]
C:\Program Files\dotnet\sdk\10.0.201\Microsoft.Common.CurrentVersion.targets(2451,5): warning MSB3277:         C:\Users\ultra\warewolf\Dev\Binaries\Infragistcs_Net6\InfragisticsWPF4.v15.1.dll [C:\Users\ultra\warewolf\Dev\Warewolf.Studio.Views\Warewolf.Studio.Views.csproj]
C:\Program Files\dotnet\sdk\10.0.201\Microsoft.Common.CurrentVersion.targets(2451,5): warning MSB3277:           Project file item includes which caused reference "C:\Users\ultra\warewolf\Dev\Binaries\Infragistcs_Net6\InfragisticsWPF4.v15.1.dll". [C:\Users\ultra\warewolf\Dev\Warewolf.Studio.Views\Warewolf.Studio.Views.csproj]
C:\Program Files\dotnet\sdk\10.0.201\Microsoft.Common.CurrentVersion.targets(2451,5): warning MSB3277:             InfragisticsWPF4.v15.1 [C:\Users\ultra\warewolf\Dev\Warewolf.Studio.Views\Warewolf.Studio.Views.csproj]
C:\Program Files\dotnet\sdk\10.0.201\Microsoft.Common.CurrentVersion.targets(2451,5): warning MSB3277:             InfragisticsWPF4.Controls.Editors.XamComboEditor.v15.1 [C:\Users\ultra\warewolf\Dev\Warewolf.Studio.Views\Warewolf.Studio.Views.csproj]
C:\Program Files\dotnet\sdk\10.0.201\Microsoft.Common.CurrentVersion.targets(2451,5): warning MSB3277:             InfragisticsWPF4.Controls.Editors.XamRichTextEditor.v15.1 [C:\Users\ultra\warewolf\Dev\Warewolf.Studio.Views\Warewolf.Studio.Views.csproj]
C:\Program Files\dotnet\sdk\10.0.201\Microsoft.Common.CurrentVersion.targets(2451,5): warning MSB3277:             InfragisticsWPF4.Controls.Grids.XamGrid.v15.1 [C:\Users\ultra\warewolf\Dev\Warewolf.Studio.Views\Warewolf.Studio.Views.csproj]
C:\Program Files\dotnet\sdk\10.0.201\Microsoft.Common.CurrentVersion.targets(2451,5): warning MSB3277:             InfragisticsWPF4.Controls.Interactions.XamDialogWindow.v15.1 [C:\Users\ultra\warewolf\Dev\Warewolf.Studio.Views\Warewolf.Studio.Views.csproj]
C:\Program Files\dotnet\sdk\10.0.201\Microsoft.Common.CurrentVersion.targets(2451,5): warning MSB3277:             InfragisticsWPF4.Controls.Menus.XamDataTree.v15.1 [C:\Users\ultra\warewolf\Dev\Warewolf.Studio.Views\Warewolf.Studio.Views.csproj]
C:\Program Files\dotnet\sdk\10.0.201\Microsoft.Common.CurrentVersion.targets(2451,5): warning MSB3277:             InfragisticsWPF4.Controls.Menus.XamMenu.v15.1 [C:\Users\ultra\warewolf\Dev\Warewolf.Studio.Views\Warewolf.Studio.Views.csproj]
C:\Program Files\dotnet\sdk\10.0.201\Microsoft.Common.CurrentVersion.targets(2451,5): warning MSB3277:             InfragisticsWPF4.DataManager.v15.1 [C:\Users\ultra\warewolf\Dev\Warewolf.Studio.Views\Warewolf.Studio.Views.csproj]
C:\Program Files\dotnet\sdk\10.0.201\Microsoft.Common.CurrentVersion.targets(2451,5): warning MSB3277:             InfragisticsWPF4.DockManager.v15.1 [C:\Users\ultra\warewolf\Dev\Warewolf.Studio.Views\Warewolf.Studio.Views.csproj]
C:\Program Files\dotnet\sdk\10.0.201\Microsoft.Common.CurrentVersion.targets(2451,5): warning MSB3277:             InfragisticsWPF4.Documents.RichTextDocument.Html.v15.1 [C:\Users\ultra\warewolf\Dev\Warewolf.Studio.Views\Warewolf.Studio.Views.csproj]
C:\Program Files\dotnet\sdk\10.0.201\Microsoft.Common.CurrentVersion.targets(2451,5): warning MSB3277:             InfragisticsWPF4.Documents.RichTextDocument.v15.1 [C:\Users\ultra\warewolf\Dev\Warewolf.Studio.Views\Warewolf.Studio.Views.csproj]
C:\Program Files\dotnet\sdk\10.0.201\Microsoft.Common.CurrentVersion.targets(2451,5): warning MSB3277:             InfragisticsWPF4.Editors.v15.1 [C:\Users\ultra\warewolf\Dev\Warewolf.Studio.Views\Warewolf.Studio.Views.csproj]
C:\Program Files\dotnet\sdk\10.0.201\Microsoft.Common.CurrentVersion.targets(2451,5): warning MSB3277:         C:\Users\ultra\.nuget\packages\dotnetzip\1.16.0\lib\netstandard2.0\DotNetZip.dll [C:\Users\ultra\warewolf\Dev\Warewolf.Studio.Views\Warewolf.Studio.Views.csproj]
C:\Program Files\dotnet\sdk\10.0.201\Microsoft.Common.CurrentVersion.targets(2451,5): warning MSB3277:           Project file item includes which caused reference "C:\Users\ultra\.nuget\packages\dotnetzip\1.16.0\lib\netstandard2.0\DotNetZip.dll". [C:\Users\ultra\warewolf\Dev\Warewolf.Studio.Views\Warewolf.Studio.Views.csproj]
C:\Program Files\dotnet\sdk\10.0.201\Microsoft.Common.CurrentVersion.targets(2451,5): warning MSB3277:             C:\Users\ultra\.nuget\packages\dotnetzip\1.16.0\lib\netstandard2.0\DotNetZip.dll [C:\Users\ultra\warewolf\Dev\Warewolf.Studio.Views\Warewolf.Studio.Views.csproj]
C:\Program Files\dotnet\sdk\10.0.201\Microsoft.Common.CurrentVersion.targets(2451,5): warning MSB3277:             C:\Users\ultra\warewolf\Dev\Dev2.Common\bin\Debug\net8.0\Dev2.Common.dll [C:\Users\ultra\warewolf\Dev\Warewolf.Studio.Views\Warewolf.Studio.Views.csproj]
C:\Program Files\dotnet\sdk\10.0.201\Microsoft.Common.CurrentVersion.targets(2451,5): warning MSB3277:             C:\Users\ultra\warewolf\Dev\Dev2.Activities\bin\Debug\net8.0\Dev2.Activities.dll [C:\Users\ultra\warewolf\Dev\Warewolf.Studio.Views\Warewolf.Studio.Views.csproj]
C:\Program Files\dotnet\sdk\10.0.201\Microsoft.Common.CurrentVersion.targets(2451,5): warning MSB3277:             C:\Users\ultra\warewolf\Dev\Dev2.Core\bin\Debug\net8.0\Dev2.Core.dll [C:\Users\ultra\warewolf\Dev\Warewolf.Studio.Views\Warewolf.Studio.Views.csproj]
C:\Program Files\dotnet\sdk\10.0.201\Microsoft.Common.CurrentVersion.targets(2451,5): warning MSB3277:             C:\Users\ultra\warewolf\Dev\Dev2.Diagnostics\bin\Debug\net8.0\Dev2.Diagnostics.dll [C:\Users\ultra\warewolf\Dev\Warewolf.Studio.Views\Warewolf.Studio.Views.csproj]
C:\Program Files\dotnet\sdk\10.0.201\Microsoft.Common.CurrentVersion.targets(2451,5): warning MSB3277:             C:\Users\ultra\warewolf\Dev\Dev2.Infrastructure\bin\Debug\net8.0\Dev2.Infrastructure.dll [C:\Users\ultra\warewolf\Dev\Warewolf.Studio.Views\Warewolf.Studio.Views.csproj]
C:\Program Files\dotnet\sdk\10.0.201\Microsoft.Common.CurrentVersion.targets(2451,5): warning MSB3277:             C:\Users\ultra\warewolf\Dev\Dev2.Intellisense\bin\Debug\net8.0\Dev2.Intellisense.dll [C:\Users\ultra\warewolf\Dev\Warewolf.Studio.Views\Warewolf.Studio.Views.csproj]
C:\Program Files\dotnet\sdk\10.0.201\Microsoft.Common.CurrentVersion.targets(2451,5): warning MSB3277:             C:\Users\ultra\warewolf\Dev\Dev2.Studio.Core\bin\Debug\net8.0\Dev2.Studio.Core.dll [C:\Users\ultra\warewolf\Dev\Warewolf.Studio.Views\Warewolf.Studio.Views.csproj]
C:\Program Files\dotnet\sdk\10.0.201\Microsoft.Common.CurrentVersion.targets(2451,5): warning MSB3277:             C:\Users\ultra\warewolf\Dev\Dev2.Studio.Interfaces\bin\Debug\net8.0\Dev2.Studio.Interfaces.dll [C:\Users\ultra\warewolf\Dev\Warewolf.Studio.Views\Warewolf.Studio.Views.csproj]
C:\Program Files\dotnet\sdk\10.0.201\Microsoft.Common.CurrentVersion.targets(2451,5): warning MSB3277:             C:\Users\ultra\warewolf\Dev\Warewolf.Studio.Core\bin\Debug\net8.0\Warewolf.Studio.Core.dll [C:\Users\ultra\warewolf\Dev\Warewolf.Studio.Views\Warewolf.Studio.Views.csproj]
C:\Program Files\dotnet\sdk\10.0.201\Microsoft.Common.CurrentVersion.targets(2451,5): warning MSB3277:             C:\Users\ultra\warewolf\Dev\Warewolf.Studio.CustomControls\bin\Debug\net8.0\Warewolf.Studio.CustomControls.dll [C:\Users\ultra\warewolf\Dev\Warewolf.Studio.Views\Warewolf.Studio.Views.csproj]
C:\Program Files\dotnet\sdk\10.0.201\Microsoft.Common.CurrentVersion.targets(2451,5): warning MSB3277:             C:\Users\ultra\warewolf\Dev\Warewolf.Studio.ViewModels\bin\Debug\net8.0\Warewolf.Studio.ViewModels.dll [C:\Users\ultra\warewolf\Dev\Warewolf.Studio.Views\Warewolf.Studio.Views.csproj]
C:\Program Files\dotnet\sdk\10.0.201\Microsoft.Common.CurrentVersion.targets(2451,5): warning MSB3277:             C:\Users\ultra\warewolf\Dev\Dev2.Data\bin\Debug\net8.0\Dev2.Data.dll [C:\Users\ultra\warewolf\Dev\Warewolf.Studio.Views\Warewolf.Studio.Views.csproj]
C:\Program Files\dotnet\sdk\10.0.201\Microsoft.Common.CurrentVersion.targets(2451,5): warning MSB3277:             C:\Users\ultra\warewolf\Dev\Dev2.Data.Interfaces\bin\Debug\net8.0\Dev2.Data.Interfaces.dll [C:\Users\ultra\warewolf\Dev\Warewolf.Studio.Views\Warewolf.Studio.Views.csproj]
C:\Program Files\dotnet\sdk\10.0.201\Microsoft.Common.CurrentVersion.targets(2451,5): warning MSB3277:             C:\Users\ultra\warewolf\Dev\Dev2.Development.Languages\bin\Debug\net8.0\Dev2.Development.Languages.dll [C:\Users\ultra\warewolf\Dev\Warewolf.Studio.Views\Warewolf.Studio.Views.csproj]
C:\Program Files\dotnet\sdk\10.0.201\Microsoft.Common.CurrentVersion.targets(2451,5): warning MSB3277:             C:\Users\ultra\warewolf\Dev\Dev2.Runtime.Services\bin\Debug\net8.0\Dev2.Runtime.Services.dll [C:\Users\ultra\warewolf\Dev\Warewolf.Studio.Views\Warewolf.Studio.Views.csproj]
C:\Program Files\dotnet\sdk\10.0.201\Microsoft.Common.CurrentVersion.targets(2451,5): warning MSB3277:             C:\Users\ultra\warewolf\Dev\Dev2.Scheduler\bin\Debug\net8.0\Dev2.Scheduler.dll [C:\Users\ultra\warewolf\Dev\Warewolf.Studio.Views\Warewolf.Studio.Views.csproj]
C:\Program Files\dotnet\sdk\10.0.201\Microsoft.Common.CurrentVersion.targets(2451,5): warning MSB3277:             C:\Users\ultra\warewolf\Dev\Dev2.Services.Execution\bin\Debug\net8.0\Dev2.Services.Execution.dll [C:\Users\ultra\warewolf\Dev\Warewolf.Studio.Views\Warewolf.Studio.Views.csproj]
C:\Program Files\dotnet\sdk\10.0.201\Microsoft.Common.CurrentVersion.targets(2451,5): warning MSB3277:             C:\Users\ultra\warewolf\Dev\Dev2.Services.Sql\bin\Debug\net8.0\Dev2.Services.Sql.dll [C:\Users\ultra\warewolf\Dev\Warewolf.Studio.Views\Warewolf.Studio.Views.csproj]
C:\Program Files\dotnet\sdk\10.0.201\Microsoft.Common.CurrentVersion.targets(2451,5): warning MSB3277:             C:\Users\ultra\warewolf\Dev\Dev2.TaskScheduler.Wrappers\bin\Debug\net8.0\Dev2.TaskScheduler.Wrappers.dll [C:\Users\ultra\warewolf\Dev\Warewolf.Studio.Views\Warewolf.Studio.Views.csproj]
C:\Program Files\dotnet\sdk\10.0.201\Microsoft.Common.CurrentVersion.targets(2451,5): warning MSB3277:             C:\Users\ultra\warewolf\Dev\Dev2.Util\bin\Debug\net8.0\Dev2.Util.dll [C:\Users\ultra\warewolf\Dev\Warewolf.Studio.Views\Warewolf.Studio.Views.csproj]
C:\Program Files\dotnet\sdk\10.0.201\Microsoft.Common.CurrentVersion.targets(2451,5): warning MSB3277:             C:\Users\ultra\warewolf\Dev\Warewolf.AI.Harness\bin\Debug\net8.0\Warewolf.AI.Harness.dll [C:\Users\ultra\warewolf\Dev\Warewolf.Studio.Views\Warewolf.Studio.Views.csproj]
C:\Program Files\dotnet\sdk\10.0.201\Microsoft.Common.CurrentVersion.targets(2451,5): warning MSB3277:             C:\Users\ultra\warewolf\Dev\Warewolf.Auditing\bin\Debug\net8.0\Warewolf.Auditing.dll [C:\Users\ultra\warewolf\Dev\Warewolf.Studio.Views\Warewolf.Studio.Views.csproj]
C:\Program Files\dotnet\sdk\10.0.201\Microsoft.Common.CurrentVersion.targets(2451,5): warning MSB3277:             C:\Users\ultra\warewolf\Dev\Warewolf.Common.NetStandard20\bin\Debug\net8.0\Warewolf.Common.NetStandard20.dll [C:\Users\ultra\warewolf\Dev\Warewolf.Studio.Views\Warewolf.Studio.Views.csproj]
C:\Program Files\dotnet\sdk\10.0.201\Microsoft.Common.CurrentVersion.targets(2451,5): warning MSB3277:             C:\Users\ultra\warewolf\Dev\Warewolf.Core\bin\Debug\net8.0\Warewolf.Core.dll [C:\Users\ultra\warewolf\Dev\Warewolf.Studio.Views\Warewolf.Studio.Views.csproj]
C:\Program Files\dotnet\sdk\10.0.201\Microsoft.Common.CurrentVersion.targets(2451,5): warning MSB3277:             C:\Users\ultra\warewolf\Dev\Warewolf.Driver.Persistence\bin\Debug\net8.0\Warewolf.Driver.Persistence.dll [C:\Users\ultra\warewolf\Dev\Warewolf.Studio.Views\Warewolf.Studio.Views.csproj]
C:\Program Files\dotnet\sdk\10.0.201\Microsoft.Common.CurrentVersion.targets(2451,5): warning MSB3277:             C:\Users\ultra\warewolf\Dev\Warewolf.Driver.Serilog\bin\Debug\net8.0\Warewolf.Driver.Serilog.dll [C:\Users\ultra\warewolf\Dev\Warewolf.Studio.Views\Warewolf.Studio.Views.csproj]
C:\Program Files\dotnet\sdk\10.0.201\Microsoft.Common.CurrentVersion.targets(2451,5): warning MSB3277:             C:\Users\ultra\warewolf\Dev\Warewolf.Exchange.Email.Wrapper\bin\Debug\net8.0\Warewolf.Exchange.Email.Wrapper.dll [C:\Users\ultra\warewolf\Dev\Warewolf.Studio.Views\Warewolf.Studio.Views.csproj]
C:\Program Files\dotnet\sdk\10.0.201\Microsoft.Common.CurrentVersion.targets(2451,5): warning MSB3277:             C:\Users\ultra\warewolf\Dev\Warewolf.ResourceManagement\bin\Debug\net8.0\Warewolf.ResourceManagement.dll [C:\Users\ultra\warewolf\Dev\Warewolf.Studio.Views\Warewolf.Studio.Views.csproj]
C:\Program Files\dotnet\sdk\10.0.201\Microsoft.Common.CurrentVersion.targets(2451,5): warning MSB3277:             C:\Users\ultra\warewolf\Dev\Warewolf.Sharepoint\bin\Debug\net8.0\Warewolf.Sharepoint.dll [C:\Users\ultra\warewolf\Dev\Warewolf.Studio.Views\Warewolf.Studio.Views.csproj]
C:\Program Files\dotnet\sdk\10.0.201\Microsoft.Common.CurrentVersion.targets(2451,5): warning MSB3277:             C:\Users\ultra\warewolf\Dev\Warewolf.Storage\bin\Debug\net8.0\Warewolf.Storage.dll [C:\Users\ultra\warewolf\Dev\Warewolf.Studio.Views\Warewolf.Studio.Views.csproj]
C:\Program Files\dotnet\sdk\10.0.201\Microsoft.Common.CurrentVersion.targets(2451,5): warning MSB3277:             C:\Users\ultra\warewolf\Dev\Warewolf.Studio.Models\bin\Debug\net8.0\Warewolf.Studio.Models.dll [C:\Users\ultra\warewolf\Dev\Warewolf.Studio.Views\Warewolf.Studio.Views.csproj]
C:\Program Files\dotnet\sdk\10.0.201\Microsoft.Common.CurrentVersion.targets(2451,5): warning MSB3277:             C:\Users\ultra\warewolf\Dev\Warewolf.UI\bin\Debug\net8.0\Warewolf.UI.dll [C:\Users\ultra\warewolf\Dev\Warewolf.Studio.Views\Warewolf.Studio.Views.csproj]
C:\Program Files\dotnet\sdk\10.0.201\Microsoft.Common.CurrentVersion.targets(2451,5): warning MSB3277:         C:\Users\ultra\.nuget\packages\mindbox.data.linq\5.0.0\lib\netstandard2.0\Mindbox.Data.Linq.dll [C:\Users\ultra\warewolf\Dev\Warewolf.Studio.Views\Warewolf.Studio.Views.csproj]
C:\Program Files\dotnet\sdk\10.0.201\Microsoft.Common.CurrentVersion.targets(2451,5): warning MSB3277:           Project file item includes which caused reference "C:\Users\ultra\.nuget\packages\mindbox.data.linq\5.0.0\lib\netstandard2.0\Mindbox.Data.Linq.dll". [C:\Users\ultra\warewolf\Dev\Warewolf.Studio.Views\Warewolf.Studio.Views.csproj]
C:\Program Files\dotnet\sdk\10.0.201\Microsoft.Common.CurrentVersion.targets(2451,5): warning MSB3277:             C:\Users\ultra\.nuget\packages\mindbox.data.linq\5.0.0\lib\netstandard2.0\Mindbox.Data.Linq.dll [C:\Users\ultra\warewolf\Dev\Warewolf.Studio.Views\Warewolf.Studio.Views.csproj]
C:\Program Files\dotnet\sdk\10.0.201\Microsoft.Common.CurrentVersion.targets(2451,5): warning MSB3277:             C:\Users\ultra\warewolf\Dev\Warewolf.Auditing\bin\Debug\net8.0\Warewolf.Auditing.dll [C:\Users\ultra\warewolf\Dev\Warewolf.Studio.Views\Warewolf.Studio.Views.csproj]
C:\Program Files\dotnet\sdk\10.0.201\Microsoft.Common.CurrentVersion.targets(2451,5): warning MSB3277:             C:\Users\ultra\warewolf\Dev\Dev2.Activities\bin\Debug\net8.0\Dev2.Activities.dll [C:\Users\ultra\warewolf\Dev\Warewolf.Studio.Views\Warewolf.Studio.Views.csproj]
C:\Program Files\dotnet\sdk\10.0.201\Microsoft.Common.CurrentVersion.targets(2451,5): warning MSB3277:             C:\Users\ultra\warewolf\Dev\Dev2.Studio.Core\bin\Debug\net8.0\Dev2.Studio.Core.dll [C:\Users\ultra\warewolf\Dev\Warewolf.Studio.Views\Warewolf.Studio.Views.csproj]
C:\Program Files\dotnet\sdk\10.0.201\Microsoft.Common.CurrentVersion.targets(2451,5): warning MSB3277:             C:\Users\ultra\warewolf\Dev\Dev2.Intellisense\bin\Debug\net8.0\Dev2.Intellisense.dll [C:\Users\ultra\warewolf\Dev\Warewolf.Studio.Views\Warewolf.Studio.Views.csproj]
C:\Program Files\dotnet\sdk\10.0.201\Microsoft.Common.CurrentVersion.targets(2451,5): warning MSB3277:             C:\Users\ultra\warewolf\Dev\Warewolf.Studio.ViewModels\bin\Debug\net8.0\Warewolf.Studio.ViewModels.dll [C:\Users\ultra\warewolf\Dev\Warewolf.Studio.Views\Warewolf.Studio.Views.csproj]
C:\Program Files\dotnet\sdk\10.0.201\Microsoft.Common.CurrentVersion.targets(2451,5): warning MSB3277:             C:\Users\ultra\warewolf\Dev\Dev2.Runtime.Services\bin\Debug\net8.0\Dev2.Runtime.Services.dll [C:\Users\ultra\warewolf\Dev\Warewolf.Studio.Views\Warewolf.Studio.Views.csproj]
C:\Program Files\dotnet\sdk\10.0.201\Microsoft.Common.CurrentVersion.targets(2451,5): warning MSB3277:             C:\Users\ultra\warewolf\Dev\Dev2.Studio.Interfaces\bin\Debug\net8.0\Dev2.Studio.Interfaces.dll [C:\Users\ultra\warewolf\Dev\Warewolf.Studio.Views\Warewolf.Studio.Views.csproj]
C:\Program Files\dotnet\sdk\10.0.201\Microsoft.Common.CurrentVersion.targets(2451,5): warning MSB3277:             C:\Users\ultra\warewolf\Dev\Warewolf.Studio.Core\bin\Debug\net8.0\Warewolf.Studio.Core.dll [C:\Users\ultra\warewolf\Dev\Warewolf.Studio.Views\Warewolf.Studio.Views.csproj]
C:\Program Files\dotnet\sdk\10.0.201\Microsoft.Common.CurrentVersion.targets(2451,5): warning MSB3277:             C:\Users\ultra\warewolf\Dev\Warewolf.Studio.CustomControls\bin\Debug\net8.0\Warewolf.Studio.CustomControls.dll [C:\Users\ultra\warewolf\Dev\Warewolf.Studio.Views\Warewolf.Studio.Views.csproj]
C:\Program Files\dotnet\sdk\10.0.201\Microsoft.Common.CurrentVersion.targets(2451,5): warning MSB3277:             C:\Users\ultra\warewolf\Dev\Dev2.Services.Execution\bin\Debug\net8.0\Dev2.Services.Execution.dll [C:\Users\ultra\warewolf\Dev\Warewolf.Studio.Views\Warewolf.Studio.Views.csproj]
C:\Program Files\dotnet\sdk\10.0.201\Microsoft.Common.CurrentVersion.targets(2451,5): warning MSB3277:             C:\Users\ultra\warewolf\Dev\Warewolf.Common.NetStandard20\bin\Debug\net8.0\Warewolf.Common.NetStandard20.dll [C:\Users\ultra\warewolf\Dev\Warewolf.Studio.Views\Warewolf.Studio.Views.csproj]
C:\Program Files\dotnet\sdk\10.0.201\Microsoft.Common.CurrentVersion.targets(2451,5): warning MSB3277:             C:\Users\ultra\warewolf\Dev\Warewolf.Driver.Persistence\bin\Debug\net8.0\Warewolf.Driver.Persistence.dll [C:\Users\ultra\warewolf\Dev\Warewolf.Studio.Views\Warewolf.Studio.Views.csproj]
C:\Program Files\dotnet\sdk\10.0.201\Microsoft.Common.CurrentVersion.targets(2451,5): warning MSB3277:             C:\Users\ultra\warewolf\Dev\Warewolf.Studio.Models\bin\Debug\net8.0\Warewolf.Studio.Models.dll [C:\Users\ultra\warewolf\Dev\Warewolf.Studio.Views\Warewolf.Studio.Views.csproj]
C:\Program Files\dotnet\sdk\10.0.201\Microsoft.Common.CurrentVersion.targets(2451,5): warning MSB3277:         C:\Users\ultra\.nuget\packages\mysql.data\8.4.0\lib\net8.0\MySql.Data.dll [C:\Users\ultra\warewolf\Dev\Warewolf.Studio.Views\Warewolf.Studio.Views.csproj]
C:\Program Files\dotnet\sdk\10.0.201\Microsoft.Common.CurrentVersion.targets(2451,5): warning MSB3277:           Project file item includes which caused reference "C:\Users\ultra\.nuget\packages\mysql.data\8.4.0\lib\net8.0\MySql.Data.dll". [C:\Users\ultra\warewolf\Dev\Warewolf.Studio.Views\Warewolf.Studio.Views.csproj]
C:\Program Files\dotnet\sdk\10.0.201\Microsoft.Common.CurrentVersion.targets(2451,5): warning MSB3277:             C:\Users\ultra\.nuget\packages\mysql.data\8.4.0\lib\net8.0\MySql.Data.dll [C:\Users\ultra\warewolf\Dev\Warewolf.Studio.Views\Warewolf.Studio.Views.csproj]
C:\Program Files\dotnet\sdk\10.0.201\Microsoft.Common.CurrentVersion.targets(2451,5): warning MSB3277:             C:\Users\ultra\warewolf\Dev\Dev2.Activities\bin\Debug\net8.0\Dev2.Activities.dll [C:\Users\ultra\warewolf\Dev\Warewolf.Studio.Views\Warewolf.Studio.Views.csproj]
C:\Program Files\dotnet\sdk\10.0.201\Microsoft.Common.CurrentVersion.targets(2451,5): warning MSB3277:             C:\Users\ultra\warewolf\Dev\Dev2.Studio.Core\bin\Debug\net8.0\Dev2.Studio.Core.dll [C:\Users\ultra\warewolf\Dev\Warewolf.Studio.Views\Warewolf.Studio.Views.csproj]
C:\Program Files\dotnet\sdk\10.0.201\Microsoft.Common.CurrentVersion.targets(2451,5): warning MSB3277:             C:\Users\ultra\warewolf\Dev\Dev2.Intellisense\bin\Debug\net8.0\Dev2.Intellisense.dll [C:\Users\ultra\warewolf\Dev\Warewolf.Studio.Views\Warewolf.Studio.Views.csproj]
C:\Program Files\dotnet\sdk\10.0.201\Microsoft.Common.CurrentVersion.targets(2451,5): warning MSB3277:             C:\Users\ultra\warewolf\Dev\Warewolf.Studio.ViewModels\bin\Debug\net8.0\Warewolf.Studio.ViewModels.dll [C:\Users\ultra\warewolf\Dev\Warewolf.Studio.Views\Warewolf.Studio.Views.csproj]
C:\Program Files\dotnet\sdk\10.0.201\Microsoft.Common.CurrentVersion.targets(2451,5): warning MSB3277:             C:\Users\ultra\warewolf\Dev\Dev2.Runtime.Services\bin\Debug\net8.0\Dev2.Runtime.Services.dll [C:\Users\ultra\warewolf\Dev\Warewolf.Studio.Views\Warewolf.Studio.Views.csproj]
C:\Program Files\dotnet\sdk\10.0.201\Microsoft.Common.CurrentVersion.targets(2451,5): warning MSB3277:             C:\Users\ultra\warewolf\Dev\Dev2.Studio.Interfaces\bin\Debug\net8.0\Dev2.Studio.Interfaces.dll [C:\Users\ultra\warewolf\Dev\Warewolf.Studio.Views\Warewolf.Studio.Views.csproj]
C:\Program Files\dotnet\sdk\10.0.201\Microsoft.Common.CurrentVersion.targets(2451,5): warning MSB3277:             C:\Users\ultra\warewolf\Dev\Warewolf.Studio.Core\bin\Debug\net8.0\Warewolf.Studio.Core.dll [C:\Users\ultra\warewolf\Dev\Warewolf.Studio.Views\Warewolf.Studio.Views.csproj]
C:\Program Files\dotnet\sdk\10.0.201\Microsoft.Common.CurrentVersion.targets(2451,5): warning MSB3277:             C:\Users\ultra\warewolf\Dev\Warewolf.Studio.CustomControls\bin\Debug\net8.0\Warewolf.Studio.CustomControls.dll [C:\Users\ultra\warewolf\Dev\Warewolf.Studio.Views\Warewolf.Studio.Views.csproj]
C:\Program Files\dotnet\sdk\10.0.201\Microsoft.Common.CurrentVersion.targets(2451,5): warning MSB3277:             C:\Users\ultra\warewolf\Dev\Dev2.Services.Execution\bin\Debug\net8.0\Dev2.Services.Execution.dll [C:\Users\ultra\warewolf\Dev\Warewolf.Studio.Views\Warewolf.Studio.Views.csproj]
C:\Program Files\dotnet\sdk\10.0.201\Microsoft.Common.CurrentVersion.targets(2451,5): warning MSB3277:             C:\Users\ultra\warewolf\Dev\Dev2.Services.Sql\bin\Debug\net8.0\Dev2.Services.Sql.dll [C:\Users\ultra\warewolf\Dev\Warewolf.Studio.Views\Warewolf.Studio.Views.csproj]
C:\Program Files\dotnet\sdk\10.0.201\Microsoft.Common.CurrentVersion.targets(2451,5): warning MSB3277:             C:\Users\ultra\warewolf\Dev\Warewolf.Driver.Persistence\bin\Debug\net8.0\Warewolf.Driver.Persistence.dll [C:\Users\ultra\warewolf\Dev\Warewolf.Studio.Views\Warewolf.Studio.Views.csproj]
C:\Program Files\dotnet\sdk\10.0.201\Microsoft.Common.CurrentVersion.targets(2451,5): warning MSB3277:             C:\Users\ultra\warewolf\Dev\Warewolf.Studio.Models\bin\Debug\net8.0\Warewolf.Studio.Models.dll [C:\Users\ultra\warewolf\Dev\Warewolf.Studio.Views\Warewolf.Studio.Views.csproj]
C:\Program Files\dotnet\sdk\10.0.201\Microsoft.Common.CurrentVersion.targets(2451,5): warning MSB3277:         C:\Users\ultra\.nuget\packages\oracle.manageddataaccess.core\3.21.70\lib\netstandard2.1\Oracle.ManagedDataAccess.dll [C:\Users\ultra\warewolf\Dev\Warewolf.Studio.Views\Warewolf.Studio.Views.csproj]
C:\Program Files\dotnet\sdk\10.0.201\Microsoft.Common.CurrentVersion.targets(2451,5): warning MSB3277:           Project file item includes which caused reference "C:\Users\ultra\.nuget\packages\oracle.manageddataaccess.core\3.21.70\lib\netstandard2.1\Oracle.ManagedDataAccess.dll". [C:\Users\ultra\warewolf\Dev\Warewolf.Studio.Views\Warewolf.Studio.Views.csproj]
C:\Program Files\dotnet\sdk\10.0.201\Microsoft.Common.CurrentVersion.targets(2451,5): warning MSB3277:             C:\Users\ultra\.nuget\packages\oracle.manageddataaccess.core\3.21.70\lib\netstandard2.1\Oracle.ManagedDataAccess.dll [C:\Users\ultra\warewolf\Dev\Warewolf.Studio.Views\Warewolf.Studio.Views.csproj]
C:\Program Files\dotnet\sdk\10.0.201\Microsoft.Common.CurrentVersion.targets(2451,5): warning MSB3277:             C:\Users\ultra\warewolf\Dev\Dev2.Runtime.Services\bin\Debug\net8.0\Dev2.Runtime.Services.dll [C:\Users\ultra\warewolf\Dev\Warewolf.Studio.Views\Warewolf.Studio.Views.csproj]
C:\Program Files\dotnet\sdk\10.0.201\Microsoft.Common.CurrentVersion.targets(2451,5): warning MSB3277:             C:\Users\ultra\warewolf\Dev\Dev2.Activities\bin\Debug\net8.0\Dev2.Activities.dll [C:\Users\ultra\warewolf\Dev\Warewolf.Studio.Views\Warewolf.Studio.Views.csproj]
C:\Program Files\dotnet\sdk\10.0.201\Microsoft.Common.CurrentVersion.targets(2451,5): warning MSB3277:             C:\Users\ultra\warewolf\Dev\Dev2.Studio.Core\bin\Debug\net8.0\Dev2.Studio.Core.dll [C:\Users\ultra\warewolf\Dev\Warewolf.Studio.Views\Warewolf.Studio.Views.csproj]
C:\Program Files\dotnet\sdk\10.0.201\Microsoft.Common.CurrentVersion.targets(2451,5): warning MSB3277:             C:\Users\ultra\warewolf\Dev\Dev2.Intellisense\bin\Debug\net8.0\Dev2.Intellisense.dll [C:\Users\ultra\warewolf\Dev\Warewolf.Studio.Views\Warewolf.Studio.Views.csproj]
C:\Program Files\dotnet\sdk\10.0.201\Microsoft.Common.CurrentVersion.targets(2451,5): warning MSB3277:             C:\Users\ultra\warewolf\Dev\Dev2.Studio.Interfaces\bin\Debug\net8.0\Dev2.Studio.Interfaces.dll [C:\Users\ultra\warewolf\Dev\Warewolf.Studio.Views\Warewolf.Studio.Views.csproj]
C:\Program Files\dotnet\sdk\10.0.201\Microsoft.Common.CurrentVersion.targets(2451,5): warning MSB3277:             C:\Users\ultra\warewolf\Dev\Warewolf.Studio.Core\bin\Debug\net8.0\Warewolf.Studio.Core.dll [C:\Users\ultra\warewolf\Dev\Warewolf.Studio.Views\Warewolf.Studio.Views.csproj]
C:\Program Files\dotnet\sdk\10.0.201\Microsoft.Common.CurrentVersion.targets(2451,5): warning MSB3277:             C:\Users\ultra\warewolf\Dev\Warewolf.Studio.CustomControls\bin\Debug\net8.0\Warewolf.Studio.CustomControls.dll [C:\Users\ultra\warewolf\Dev\Warewolf.Studio.Views\Warewolf.Studio.Views.csproj]
C:\Program Files\dotnet\sdk\10.0.201\Microsoft.Common.CurrentVersion.targets(2451,5): warning MSB3277:             C:\Users\ultra\warewolf\Dev\Warewolf.Studio.ViewModels\bin\Debug\net8.0\Warewolf.Studio.ViewModels.dll [C:\Users\ultra\warewolf\Dev\Warewolf.Studio.Views\Warewolf.Studio.Views.csproj]
C:\Program Files\dotnet\sdk\10.0.201\Microsoft.Common.CurrentVersion.targets(2451,5): warning MSB3277:             C:\Users\ultra\warewolf\Dev\Dev2.Services.Execution\bin\Debug\net8.0\Dev2.Services.Execution.dll [C:\Users\ultra\warewolf\Dev\Warewolf.Studio.Views\Warewolf.Studio.Views.csproj]
C:\Program Files\dotnet\sdk\10.0.201\Microsoft.Common.CurrentVersion.targets(2451,5): warning MSB3277:             C:\Users\ultra\warewolf\Dev\Dev2.Services.Sql\bin\Debug\net8.0\Dev2.Services.Sql.dll [C:\Users\ultra\warewolf\Dev\Warewolf.Studio.Views\Warewolf.Studio.Views.csproj]
C:\Program Files\dotnet\sdk\10.0.201\Microsoft.Common.CurrentVersion.targets(2451,5): warning MSB3277:             C:\Users\ultra\warewolf\Dev\Warewolf.Driver.Persistence\bin\Debug\net8.0\Warewolf.Driver.Persistence.dll [C:\Users\ultra\warewolf\Dev\Warewolf.Studio.Views\Warewolf.Studio.Views.csproj]
C:\Program Files\dotnet\sdk\10.0.201\Microsoft.Common.CurrentVersion.targets(2451,5): warning MSB3277:             C:\Users\ultra\warewolf\Dev\Warewolf.Studio.Models\bin\Debug\net8.0\Warewolf.Studio.Models.dll [C:\Users\ultra\warewolf\Dev\Warewolf.Studio.Views\Warewolf.Studio.Views.csproj]
C:\Program Files\dotnet\sdk\10.0.201\Microsoft.Common.CurrentVersion.targets(2451,5): warning MSB3277:         C:\Users\ultra\.nuget\packages\system.directoryservices\6.0.0\lib\net6.0\System.DirectoryServices.dll [C:\Users\ultra\warewolf\Dev\Warewolf.Studio.Views\Warewolf.Studio.Views.csproj]
C:\Program Files\dotnet\sdk\10.0.201\Microsoft.Common.CurrentVersion.targets(2451,5): warning MSB3277:           Project file item includes which caused reference "C:\Users\ultra\.nuget\packages\system.directoryservices\6.0.0\lib\net6.0\System.DirectoryServices.dll". [C:\Users\ultra\warewolf\Dev\Warewolf.Studio.Views\Warewolf.Studio.Views.csproj]
C:\Program Files\dotnet\sdk\10.0.201\Microsoft.Common.CurrentVersion.targets(2451,5): warning MSB3277:             C:\Users\ultra\.nuget\packages\system.directoryservices\6.0.0\lib\net6.0\System.DirectoryServices.dll [C:\Users\ultra\warewolf\Dev\Warewolf.Studio.Views\Warewolf.Studio.Views.csproj]
C:\Program Files\dotnet\sdk\10.0.201\Microsoft.Common.CurrentVersion.targets(2451,5): warning MSB3277:             C:\Users\ultra\.nuget\packages\corewcf.primitives\1.2.1\lib\netstandard2.0\CoreWCF.Primitives.dll [C:\Users\ultra\warewolf\Dev\Warewolf.Studio.Views\Warewolf.Studio.Views.csproj]
C:\Program Files\dotnet\sdk\10.0.201\Microsoft.Common.CurrentVersion.targets(2451,5): warning MSB3277:             C:\Users\ultra\warewolf\Dev\Dev2.Runtime.Services\bin\Debug\net8.0\Dev2.Runtime.Services.dll [C:\Users\ultra\warewolf\Dev\Warewolf.Studio.Views\Warewolf.Studio.Views.csproj]
C:\Program Files\dotnet\sdk\10.0.201\Microsoft.Common.CurrentVersion.targets(2451,5): warning MSB3277:             C:\Users\ultra\warewolf\Dev\Dev2.Activities\bin\Debug\net8.0\Dev2.Activities.dll [C:\Users\ultra\warewolf\Dev\Warewolf.Studio.Views\Warewolf.Studio.Views.csproj]
C:\Program Files\dotnet\sdk\10.0.201\Microsoft.Common.CurrentVersion.targets(2451,5): warning MSB3277:             C:\Users\ultra\warewolf\Dev\Dev2.Studio.Core\bin\Debug\net8.0\Dev2.Studio.Core.dll [C:\Users\ultra\warewolf\Dev\Warewolf.Studio.Views\Warewolf.Studio.Views.csproj]
C:\Program Files\dotnet\sdk\10.0.201\Microsoft.Common.CurrentVersion.targets(2451,5): warning MSB3277:             C:\Users\ultra\warewolf\Dev\Dev2.Intellisense\bin\Debug\net8.0\Dev2.Intellisense.dll [C:\Users\ultra\warewolf\Dev\Warewolf.Studio.Views\Warewolf.Studio.Views.csproj]
C:\Program Files\dotnet\sdk\10.0.201\Microsoft.Common.CurrentVersion.targets(2451,5): warning MSB3277:             C:\Users\ultra\warewolf\Dev\Dev2.Studio.Interfaces\bin\Debug\net8.0\Dev2.Studio.Interfaces.dll [C:\Users\ultra\warewolf\Dev\Warewolf.Studio.Views\Warewolf.Studio.Views.csproj]
C:\Program Files\dotnet\sdk\10.0.201\Microsoft.Common.CurrentVersion.targets(2451,5): warning MSB3277:             C:\Users\ultra\warewolf\Dev\Warewolf.Studio.Core\bin\Debug\net8.0\Warewolf.Studio.Core.dll [C:\Users\ultra\warewolf\Dev\Warewolf.Studio.Views\Warewolf.Studio.Views.csproj]
C:\Program Files\dotnet\sdk\10.0.201\Microsoft.Common.CurrentVersion.targets(2451,5): warning MSB3277:             C:\Users\ultra\warewolf\Dev\Warewolf.Studio.CustomControls\bin\Debug\net8.0\Warewolf.Studio.CustomControls.dll [C:\Users\ultra\warewolf\Dev\Warewolf.Studio.Views\Warewolf.Studio.Views.csproj]
C:\Program Files\dotnet\sdk\10.0.201\Microsoft.Common.CurrentVersion.targets(2451,5): warning MSB3277:             C:\Users\ultra\warewolf\Dev\Warewolf.Studio.ViewModels\bin\Debug\net8.0\Warewolf.Studio.ViewModels.dll [C:\Users\ultra\warewolf\Dev\Warewolf.Studio.Views\Warewolf.Studio.Views.csproj]
C:\Program Files\dotnet\sdk\10.0.201\Microsoft.Common.CurrentVersion.targets(2451,5): warning MSB3277:             C:\Users\ultra\warewolf\Dev\Dev2.Services.Execution\bin\Debug\net8.0\Dev2.Services.Execution.dll [C:\Users\ultra\warewolf\Dev\Warewolf.Studio.Views\Warewolf.Studio.Views.csproj]
C:\Program Files\dotnet\sdk\10.0.201\Microsoft.Common.CurrentVersion.targets(2451,5): warning MSB3277:             C:\Users\ultra\warewolf\Dev\Warewolf.Driver.Persistence\bin\Debug\net8.0\Warewolf.Driver.Persistence.dll [C:\Users\ultra\warewolf\Dev\Warewolf.Studio.Views\Warewolf.Studio.Views.csproj]
C:\Program Files\dotnet\sdk\10.0.201\Microsoft.Common.CurrentVersion.targets(2451,5): warning MSB3277:             C:\Users\ultra\warewolf\Dev\Warewolf.Studio.Models\bin\Debug\net8.0\Warewolf.Studio.Models.dll [C:\Users\ultra\warewolf\Dev\Warewolf.Studio.Views\Warewolf.Studio.Views.csproj]
C:\Program Files\dotnet\sdk\10.0.201\Microsoft.Common.CurrentVersion.targets(2451,5): warning MSB3277:             C:\Users\ultra\.nuget\packages\corewcf.http\1.2.1\lib\netstandard2.0\CoreWCF.Http.dll [C:\Users\ultra\warewolf\Dev\Warewolf.Studio.Views\Warewolf.Studio.Views.csproj]
C:\Program Files\dotnet\sdk\10.0.201\Microsoft.Common.CurrentVersion.targets(2451,5): warning MSB3277:             C:\Users\ultra\.nuget\packages\corewcf.nettcp\1.2.1\lib\netstandard2.0\CoreWCF.NetTcp.dll [C:\Users\ultra\warewolf\Dev\Warewolf.Studio.Views\Warewolf.Studio.Views.csproj]
C:\Program Files\dotnet\sdk\10.0.201\Microsoft.Common.CurrentVersion.targets(2451,5): warning MSB3277:             C:\Users\ultra\.nuget\packages\corewcf.webhttp\1.2.1\lib\netstandard2.0\CoreWCF.WebHttp.dll [C:\Users\ultra\warewolf\Dev\Warewolf.Studio.Views\Warewolf.Studio.Views.csproj]
C:\Program Files\dotnet\sdk\10.0.201\Microsoft.Common.CurrentVersion.targets(2451,5): warning MSB3277:         C:\Program Files\dotnet\packs\Microsoft.NETCore.App.Ref\8.0.25\ref\net8.0\System.Configuration.dll [C:\Users\ultra\warewolf\Dev\Warewolf.Studio.Views\Warewolf.Studio.Views.csproj]
C:\Program Files\dotnet\sdk\10.0.201\Microsoft.Common.CurrentVersion.targets(2451,5): warning MSB3277:           Project file item includes which caused reference "C:\Program Files\dotnet\packs\Microsoft.NETCore.App.Ref\8.0.25\ref\net8.0\System.Configuration.dll". [C:\Users\ultra\warewolf\Dev\Warewolf.Studio.Views\Warewolf.Studio.Views.csproj]
C:\Program Files\dotnet\sdk\10.0.201\Microsoft.Common.CurrentVersion.targets(2451,5): warning MSB3277:             C:\Program Files\dotnet\packs\Microsoft.NETCore.App.Ref\8.0.25\ref/net8.0/System.Configuration.dll [C:\Users\ultra\warewolf\Dev\Warewolf.Studio.Views\Warewolf.Studio.Views.csproj]
C:\Program Files\dotnet\sdk\10.0.201\Microsoft.Common.CurrentVersion.targets(2451,5): warning MSB3277:             C:\Users\ultra\.nuget\packages\prism.wpf\9.0.537\lib\net462\Prism.Wpf.dll [C:\Users\ultra\warewolf\Dev\Warewolf.Studio.Views\Warewolf.Studio.Views.csproj]
C:\Program Files\dotnet\sdk\10.0.201\Microsoft.Common.CurrentVersion.targets(2451,5): warning MSB3277:         C:\Program Files\dotnet\packs\Microsoft.NETCore.App.Ref\8.0.25\ref\net8.0\System.Data.dll [C:\Users\ultra\warewolf\Dev\Warewolf.Studio.Views\Warewolf.Studio.Views.csproj]
C:\Program Files\dotnet\sdk\10.0.201\Microsoft.Common.CurrentVersion.targets(2451,5): warning MSB3277:           Project file item includes which caused reference "C:\Program Files\dotnet\packs\Microsoft.NETCore.App.Ref\8.0.25\ref\net8.0\System.Data.dll". [C:\Users\ultra\warewolf\Dev\Warewolf.Studio.Views\Warewolf.Studio.Views.csproj]
C:\Program Files\dotnet\sdk\10.0.201\Microsoft.Common.CurrentVersion.targets(2451,5): warning MSB3277:             C:\Program Files\dotnet\packs\Microsoft.NETCore.App.Ref\8.0.25\ref/net8.0/System.Data.dll [C:\Users\ultra\warewolf\Dev\Warewolf.Studio.Views\Warewolf.Studio.Views.csproj]
C:\Program Files\dotnet\sdk\10.0.201\Microsoft.Common.CurrentVersion.targets(2451,5): warning MSB3277:             C:\Users\ultra\.nuget\packages\taskschedulereditor\2.10.1\lib\net452\Microsoft.Win32.TaskSchedulerEditor.dll [C:\Users\ultra\warewolf\Dev\Warewolf.Studio.Views\Warewolf.Studio.Views.csproj]
C:\Program Files\dotnet\sdk\10.0.201\Microsoft.Common.CurrentVersion.targets(2451,5): warning MSB3277:         C:\Program Files\dotnet\packs\Microsoft.NETCore.App.Ref\8.0.25\ref\net8.0\System.Drawing.dll [C:\Users\ultra\warewolf\Dev\Warewolf.Studio.Views\Warewolf.Studio.Views.csproj]
C:\Program Files\dotnet\sdk\10.0.201\Microsoft.Common.CurrentVersion.targets(2451,5): warning MSB3277:           Project file item includes which caused reference "C:\Program Files\dotnet\packs\Microsoft.NETCore.App.Ref\8.0.25\ref\net8.0\System.Drawing.dll". [C:\Users\ultra\warewolf\Dev\Warewolf.Studio.Views\Warewolf.Studio.Views.csproj]
C:\Program Files\dotnet\sdk\10.0.201\Microsoft.Common.CurrentVersion.targets(2451,5): warning MSB3277:             C:\Program Files\dotnet\packs\Microsoft.NETCore.App.Ref\8.0.25\ref/net8.0/System.Drawing.dll [C:\Users\ultra\warewolf\Dev\Warewolf.Studio.Views\Warewolf.Studio.Views.csproj]
C:\Program Files\dotnet\sdk\10.0.201\Microsoft.Common.CurrentVersion.targets(2451,5): warning MSB3277:             C:\Users\ultra\.nuget\packages\aerowizard\2.3.1\lib\net45\AeroWizard.dll [C:\Users\ultra\warewolf\Dev\Warewolf.Studio.Views\Warewolf.Studio.Views.csproj]
C:\Program Files\dotnet\sdk\10.0.201\Microsoft.Common.CurrentVersion.targets(2451,5): warning MSB3277:             C:\Users\ultra\.nuget\packages\groupcontrols\1.9.0\lib\net45\GroupControls.dll [C:\Users\ultra\warewolf\Dev\Warewolf.Studio.Views\Warewolf.Studio.Views.csproj]
C:\Program Files\dotnet\sdk\10.0.201\Microsoft.Common.CurrentVersion.targets(2451,5): warning MSB3277:             C:\Users\ultra\.nuget\packages\taskschedulereditor\2.10.1\lib\net452\Microsoft.Win32.TaskSchedulerEditor.dll [C:\Users\ultra\warewolf\Dev\Warewolf.Studio.Views\Warewolf.Studio.Views.csproj]
C:\Program Files\dotnet\sdk\10.0.201\Microsoft.Common.CurrentVersion.targets(2451,5): warning MSB3277:         C:\Program Files\dotnet\packs\Microsoft.NETCore.App.Ref\8.0.25\ref\net8.0\System.Net.dll [C:\Users\ultra\warewolf\Dev\Warewolf.Studio.Views\Warewolf.Studio.Views.csproj]
C:\Program Files\dotnet\sdk\10.0.201\Microsoft.Common.CurrentVersion.targets(2451,5): warning MSB3277:           Project file item includes which caused reference "C:\Program Files\dotnet\packs\Microsoft.NETCore.App.Ref\8.0.25\ref\net8.0\System.Net.dll". [C:\Users\ultra\warewolf\Dev\Warewolf.Studio.Views\Warewolf.Studio.Views.csproj]
C:\Program Files\dotnet\sdk\10.0.201\Microsoft.Common.CurrentVersion.targets(2451,5): warning MSB3277:             C:\Program Files\dotnet\packs\Microsoft.NETCore.App.Ref\8.0.25\ref/net8.0/System.Net.dll [C:\Users\ultra\warewolf\Dev\Warewolf.Studio.Views\Warewolf.Studio.Views.csproj]
C:\Program Files\dotnet\sdk\10.0.201\Microsoft.Common.CurrentVersion.targets(2451,5): warning MSB3277:         C:\Program Files\dotnet\packs\Microsoft.NETCore.App.Ref\8.0.25\ref\net8.0\System.Security.dll [C:\Users\ultra\warewolf\Dev\Warewolf.Studio.Views\Warewolf.Studio.Views.csproj]
C:\Program Files\dotnet\sdk\10.0.201\Microsoft.Common.CurrentVersion.targets(2451,5): warning MSB3277:           Project file item includes which caused reference "C:\Program Files\dotnet\packs\Microsoft.NETCore.App.Ref\8.0.25\ref\net8.0\System.Security.dll". [C:\Users\ultra\warewolf\Dev\Warewolf.Studio.Views\Warewolf.Studio.Views.csproj]
C:\Program Files\dotnet\sdk\10.0.201\Microsoft.Common.CurrentVersion.targets(2451,5): warning MSB3277:             C:\Program Files\dotnet\packs\Microsoft.NETCore.App.Ref\8.0.25\ref/net8.0/System.Security.dll [C:\Users\ultra\warewolf\Dev\Warewolf.Studio.Views\Warewolf.Studio.Views.csproj]
C:\Program Files\dotnet\sdk\10.0.201\Microsoft.Common.CurrentVersion.targets(2451,5): warning MSB3277:         C:\Program Files\dotnet\packs\Microsoft.NETCore.App.Ref\8.0.25\ref\net8.0\System.ServiceProcess.dll [C:\Users\ultra\warewolf\Dev\Warewolf.Studio.Views\Warewolf.Studio.Views.csproj]
C:\Program Files\dotnet\sdk\10.0.201\Microsoft.Common.CurrentVersion.targets(2451,5): warning MSB3277:           Project file item includes which caused reference "C:\Program Files\dotnet\packs\Microsoft.NETCore.App.Ref\8.0.25\ref\net8.0\System.ServiceProcess.dll". [C:\Users\ultra\warewolf\Dev\Warewolf.Studio.Views\Warewolf.Studio.Views.csproj]
C:\Program Files\dotnet\sdk\10.0.201\Microsoft.Common.CurrentVersion.targets(2451,5): warning MSB3277:             C:\Program Files\dotnet\packs\Microsoft.NETCore.App.Ref\8.0.25\ref/net8.0/System.ServiceProcess.dll [C:\Users\ultra\warewolf\Dev\Warewolf.Studio.Views\Warewolf.Studio.Views.csproj]
C:\Program Files\dotnet\sdk\10.0.201\Microsoft.Common.CurrentVersion.targets(2451,5): warning MSB3277:         C:\Program Files\dotnet\packs\Microsoft.NETCore.App.Ref\8.0.25\ref\net8.0\System.Transactions.dll [C:\Users\ultra\warewolf\Dev\Warewolf.Studio.Views\Warewolf.Studio.Views.csproj]
C:\Program Files\dotnet\sdk\10.0.201\Microsoft.Common.CurrentVersion.targets(2451,5): warning MSB3277:           Project file item includes which caused reference "C:\Program Files\dotnet\packs\Microsoft.NETCore.App.Ref\8.0.25\ref\net8.0\System.Transactions.dll". [C:\Users\ultra\warewolf\Dev\Warewolf.Studio.Views\Warewolf.Studio.Views.csproj]
C:\Program Files\dotnet\sdk\10.0.201\Microsoft.Common.CurrentVersion.targets(2451,5): warning MSB3277:             C:\Program Files\dotnet\packs\Microsoft.NETCore.App.Ref\8.0.25\ref/net8.0/System.Transactions.dll [C:\Users\ultra\warewolf\Dev\Warewolf.Studio.Views\Warewolf.Studio.Views.csproj]
C:\Program Files\dotnet\sdk\10.0.201\Microsoft.Common.CurrentVersion.targets(2451,5): warning MSB3277:         C:\Program Files\dotnet\packs\Microsoft.NETCore.App.Ref\8.0.25\ref\net8.0\System.dll [C:\Users\ultra\warewolf\Dev\Warewolf.Studio.Views\Warewolf.Studio.Views.csproj]
C:\Program Files\dotnet\sdk\10.0.201\Microsoft.Common.CurrentVersion.targets(2451,5): warning MSB3277:           Project file item includes which caused reference "C:\Program Files\dotnet\packs\Microsoft.NETCore.App.Ref\8.0.25\ref\net8.0\System.dll". [C:\Users\ultra\warewolf\Dev\Warewolf.Studio.Views\Warewolf.Studio.Views.csproj]
C:\Program Files\dotnet\sdk\10.0.201\Microsoft.Common.CurrentVersion.targets(2451,5): warning MSB3277:             C:\Program Files\dotnet\packs\Microsoft.NETCore.App.Ref\8.0.25\ref/net8.0/System.dll [C:\Users\ultra\warewolf\Dev\Warewolf.Studio.Views\Warewolf.Studio.Views.csproj]
C:\Program Files\dotnet\sdk\10.0.201\Microsoft.Common.CurrentVersion.targets(2451,5): warning MSB3277:             C:\Users\ultra\.nuget\packages\aerowizard\2.3.1\lib\net45\AeroWizard.dll [C:\Users\ultra\warewolf\Dev\Warewolf.Studio.Views\Warewolf.Studio.Views.csproj]
C:\Program Files\dotnet\sdk\10.0.201\Microsoft.Common.CurrentVersion.targets(2451,5): warning MSB3277:             C:\Users\ultra\.nuget\packages\groupcontrols\1.9.0\lib\net45\GroupControls.dll [C:\Users\ultra\warewolf\Dev\Warewolf.Studio.Views\Warewolf.Studio.Views.csproj]
C:\Program Files\dotnet\sdk\10.0.201\Microsoft.Common.CurrentVersion.targets(2451,5): warning MSB3277:             C:\Users\ultra\.nuget\packages\microsoft.xaml.behaviors.wpf\1.1.122\lib\net462\Microsoft.Xaml.Behaviors.dll [C:\Users\ultra\warewolf\Dev\Warewolf.Studio.Views\Warewolf.Studio.Views.csproj]
C:\Program Files\dotnet\sdk\10.0.201\Microsoft.Common.CurrentVersion.targets(2451,5): warning MSB3277:             C:\Users\ultra\.nuget\packages\caliburn.micro\4.0.212\lib\netcoreapp3.1\Caliburn.Micro.Platform.dll [C:\Users\ultra\warewolf\Dev\Warewolf.Studio.Views\Warewolf.Studio.Views.csproj]
C:\Program Files\dotnet\sdk\10.0.201\Microsoft.Common.CurrentVersion.targets(2451,5): warning MSB3277:             C:\Users\ultra\.nuget\packages\prism.wpf\9.0.537\lib\net462\Prism.Wpf.dll [C:\Users\ultra\warewolf\Dev\Warewolf.Studio.Views\Warewolf.Studio.Views.csproj]
C:\Program Files\dotnet\sdk\10.0.201\Microsoft.Common.CurrentVersion.targets(2451,5): warning MSB3277:             C:\Users\ultra\.nuget\packages\reactiveui.wpf\18.4.1\lib\net462\ReactiveUI.Wpf.dll [C:\Users\ultra\warewolf\Dev\Warewolf.Studio.Views\Warewolf.Studio.Views.csproj]
C:\Program Files\dotnet\sdk\10.0.201\Microsoft.Common.CurrentVersion.targets(2451,5): warning MSB3277:             C:\Users\ultra\.nuget\packages\taskschedulereditor\2.10.1\lib\net452\Microsoft.Win32.TaskSchedulerEditor.dll [C:\Users\ultra\warewolf\Dev\Warewolf.Studio.Views\Warewolf.Studio.Views.csproj]
C:\Program Files\dotnet\sdk\10.0.201\Microsoft.Common.CurrentVersion.targets(2451,5): warning MSB3277:             C:\Users\ultra\.nuget\packages\ttcue.netcore.sharepointonline.csom.16.1.8029.1200\16.1.8029.1200\lib\netcoreapp2.0\Microsoft.SharePoint.Client.Runtime.Windows.dll [C:\Users\ultra\warewolf\Dev\Warewolf.Studio.Views\Warewolf.Studio.Views.csproj]
C:\Program Files\dotnet\sdk\10.0.201\Microsoft.Common.CurrentVersion.targets(2451,5): warning MSB3277:         C:\Program Files\dotnet\packs\Microsoft.NETCore.App.Ref\8.0.25\ref\net8.0\WindowsBase.dll [C:\Users\ultra\warewolf\Dev\Warewolf.Studio.Views\Warewolf.Studio.Views.csproj]
C:\Program Files\dotnet\sdk\10.0.201\Microsoft.Common.CurrentVersion.targets(2451,5): warning MSB3277:           Project file item includes which caused reference "C:\Program Files\dotnet\packs\Microsoft.NETCore.App.Ref\8.0.25\ref\net8.0\WindowsBase.dll". [C:\Users\ultra\warewolf\Dev\Warewolf.Studio.Views\Warewolf.Studio.Views.csproj]
C:\Program Files\dotnet\sdk\10.0.201\Microsoft.Common.CurrentVersion.targets(2451,5): warning MSB3277:             C:\Program Files\dotnet\packs\Microsoft.NETCore.App.Ref\8.0.25\ref/net8.0/WindowsBase.dll [C:\Users\ultra\warewolf\Dev\Warewolf.Studio.Views\Warewolf.Studio.Views.csproj]
C:\Program Files\dotnet\sdk\10.0.201\Microsoft.Common.CurrentVersion.targets(2451,5): warning MSB3277:         C:\Program Files\dotnet\packs\Microsoft.NETCore.App.Ref\8.0.25\ref\net8.0\mscorlib.dll [C:\Users\ultra\warewolf\Dev\Warewolf.Studio.Views\Warewolf.Studio.Views.csproj]
C:\Program Files\dotnet\sdk\10.0.201\Microsoft.Common.CurrentVersion.targets(2451,5): warning MSB3277:           Project file item includes which caused reference "C:\Program Files\dotnet\packs\Microsoft.NETCore.App.Ref\8.0.25\ref\net8.0\mscorlib.dll". [C:\Users\ultra\warewolf\Dev\Warewolf.Studio.Views\Warewolf.Studio.Views.csproj]
C:\Program Files\dotnet\sdk\10.0.201\Microsoft.Common.CurrentVersion.targets(2451,5): warning MSB3277:             C:\Program Files\dotnet\packs\Microsoft.NETCore.App.Ref\8.0.25\ref/net8.0/mscorlib.dll [C:\Users\ultra\warewolf\Dev\Warewolf.Studio.Views\Warewolf.Studio.Views.csproj]
C:\Program Files\dotnet\sdk\10.0.201\Microsoft.Common.CurrentVersion.targets(2451,5): warning MSB3277:             C:\Users\ultra\.nuget\packages\aerowizard\2.3.1\lib\net45\AeroWizard.dll [C:\Users\ultra\warewolf\Dev\Warewolf.Studio.Views\Warewolf.Studio.Views.csproj]
C:\Program Files\dotnet\sdk\10.0.201\Microsoft.Common.CurrentVersion.targets(2451,5): warning MSB3277:             C:\Users\ultra\.nuget\packages\groupcontrols\1.9.0\lib\net45\GroupControls.dll [C:\Users\ultra\warewolf\Dev\Warewolf.Studio.Views\Warewolf.Studio.Views.csproj]
C:\Program Files\dotnet\sdk\10.0.201\Microsoft.Common.CurrentVersion.targets(2451,5): warning MSB3277:             C:\Users\ultra\.nuget\packages\hangfire.core\1.7.32\lib\netstandard2.0\Hangfire.Core.dll [C:\Users\ultra\warewolf\Dev\Warewolf.Studio.Views\Warewolf.Studio.Views.csproj]
C:\Program Files\dotnet\sdk\10.0.201\Microsoft.Common.CurrentVersion.targets(2451,5): warning MSB3277:             C:\Users\ultra\warewolf\Dev\Dev2.Activities\bin\Debug\net8.0\Dev2.Activities.dll [C:\Users\ultra\warewolf\Dev\Warewolf.Studio.Views\Warewolf.Studio.Views.csproj]
C:\Program Files\dotnet\sdk\10.0.201\Microsoft.Common.CurrentVersion.targets(2451,5): warning MSB3277:             C:\Users\ultra\warewolf\Dev\Dev2.Studio.Core\bin\Debug\net8.0\Dev2.Studio.Core.dll [C:\Users\ultra\warewolf\Dev\Warewolf.Studio.Views\Warewolf.Studio.Views.csproj]
C:\Program Files\dotnet\sdk\10.0.201\Microsoft.Common.CurrentVersion.targets(2451,5): warning MSB3277:             C:\Users\ultra\warewolf\Dev\Dev2.Intellisense\bin\Debug\net8.0\Dev2.Intellisense.dll [C:\Users\ultra\warewolf\Dev\Warewolf.Studio.Views\Warewolf.Studio.Views.csproj]
C:\Program Files\dotnet\sdk\10.0.201\Microsoft.Common.CurrentVersion.targets(2451,5): warning MSB3277:             C:\Users\ultra\warewolf\Dev\Warewolf.Studio.ViewModels\bin\Debug\net8.0\Warewolf.Studio.ViewModels.dll [C:\Users\ultra\warewolf\Dev\Warewolf.Studio.Views\Warewolf.Studio.Views.csproj]
C:\Program Files\dotnet\sdk\10.0.201\Microsoft.Common.CurrentVersion.targets(2451,5): warning MSB3277:             C:\Users\ultra\warewolf\Dev\Warewolf.Driver.Persistence\bin\Debug\net8.0\Warewolf.Driver.Persistence.dll [C:\Users\ultra\warewolf\Dev\Warewolf.Studio.Views\Warewolf.Studio.Views.csproj]
C:\Program Files\dotnet\sdk\10.0.201\Microsoft.Common.CurrentVersion.targets(2451,5): warning MSB3277:             C:\Users\ultra\.nuget\packages\hangfire.sqlserver\1.7.32\lib\netstandard2.0\Hangfire.SqlServer.dll [C:\Users\ultra\warewolf\Dev\Warewolf.Studio.Views\Warewolf.Studio.Views.csproj]
C:\Program Files\dotnet\sdk\10.0.201\Microsoft.Common.CurrentVersion.targets(2451,5): warning MSB3277:             C:\Users\ultra\.nuget\packages\microsoft.xaml.behaviors.wpf\1.1.122\lib\net462\Microsoft.Xaml.Behaviors.dll [C:\Users\ultra\warewolf\Dev\Warewolf.Studio.Views\Warewolf.Studio.Views.csproj]
C:\Program Files\dotnet\sdk\10.0.201\Microsoft.Common.CurrentVersion.targets(2451,5): warning MSB3277:             C:\Users\ultra\.nuget\packages\caliburn.micro\4.0.212\lib\netcoreapp3.1\Caliburn.Micro.Platform.dll [C:\Users\ultra\warewolf\Dev\Warewolf.Studio.Views\Warewolf.Studio.Views.csproj]
C:\Program Files\dotnet\sdk\10.0.201\Microsoft.Common.CurrentVersion.targets(2451,5): warning MSB3277:             C:\Users\ultra\.nuget\packages\oracle.manageddataaccess.core\3.21.70\lib\netstandard2.1\Oracle.ManagedDataAccess.dll [C:\Users\ultra\warewolf\Dev\Warewolf.Studio.Views\Warewolf.Studio.Views.csproj]
C:\Program Files\dotnet\sdk\10.0.201\Microsoft.Common.CurrentVersion.targets(2451,5): warning MSB3277:             C:\Users\ultra\warewolf\Dev\Dev2.Runtime.Services\bin\Debug\net8.0\Dev2.Runtime.Services.dll [C:\Users\ultra\warewolf\Dev\Warewolf.Studio.Views\Warewolf.Studio.Views.csproj]
C:\Program Files\dotnet\sdk\10.0.201\Microsoft.Common.CurrentVersion.targets(2451,5): warning MSB3277:             C:\Users\ultra\warewolf\Dev\Dev2.Studio.Interfaces\bin\Debug\net8.0\Dev2.Studio.Interfaces.dll [C:\Users\ultra\warewolf\Dev\Warewolf.Studio.Views\Warewolf.Studio.Views.csproj]
C:\Program Files\dotnet\sdk\10.0.201\Microsoft.Common.CurrentVersion.targets(2451,5): warning MSB3277:             C:\Users\ultra\warewolf\Dev\Warewolf.Studio.Core\bin\Debug\net8.0\Warewolf.Studio.Core.dll [C:\Users\ultra\warewolf\Dev\Warewolf.Studio.Views\Warewolf.Studio.Views.csproj]
C:\Program Files\dotnet\sdk\10.0.201\Microsoft.Common.CurrentVersion.targets(2451,5): warning MSB3277:             C:\Users\ultra\warewolf\Dev\Warewolf.Studio.CustomControls\bin\Debug\net8.0\Warewolf.Studio.CustomControls.dll [C:\Users\ultra\warewolf\Dev\Warewolf.Studio.Views\Warewolf.Studio.Views.csproj]
C:\Program Files\dotnet\sdk\10.0.201\Microsoft.Common.CurrentVersion.targets(2451,5): warning MSB3277:             C:\Users\ultra\warewolf\Dev\Dev2.Services.Execution\bin\Debug\net8.0\Dev2.Services.Execution.dll [C:\Users\ultra\warewolf\Dev\Warewolf.Studio.Views\Warewolf.Studio.Views.csproj]
C:\Program Files\dotnet\sdk\10.0.201\Microsoft.Common.CurrentVersion.targets(2451,5): warning MSB3277:             C:\Users\ultra\warewolf\Dev\Dev2.Services.Sql\bin\Debug\net8.0\Dev2.Services.Sql.dll [C:\Users\ultra\warewolf\Dev\Warewolf.Studio.Views\Warewolf.Studio.Views.csproj]
C:\Program Files\dotnet\sdk\10.0.201\Microsoft.Common.CurrentVersion.targets(2451,5): warning MSB3277:             C:\Users\ultra\warewolf\Dev\Warewolf.Studio.Models\bin\Debug\net8.0\Warewolf.Studio.Models.dll [C:\Users\ultra\warewolf\Dev\Warewolf.Studio.Views\Warewolf.Studio.Views.csproj]
C:\Program Files\dotnet\sdk\10.0.201\Microsoft.Common.CurrentVersion.targets(2451,5): warning MSB3277:             C:\Users\ultra\.nuget\packages\prism.wpf\9.0.537\lib\net462\Prism.Wpf.dll [C:\Users\ultra\warewolf\Dev\Warewolf.Studio.Views\Warewolf.Studio.Views.csproj]
C:\Program Files\dotnet\sdk\10.0.201\Microsoft.Common.CurrentVersion.targets(2451,5): warning MSB3277:             C:\Users\ultra\.nuget\packages\reactiveui.wpf\18.4.1\lib\net462\ReactiveUI.Wpf.dll [C:\Users\ultra\warewolf\Dev\Warewolf.Studio.Views\Warewolf.Studio.Views.csproj]
C:\Program Files\dotnet\sdk\10.0.201\Microsoft.Common.CurrentVersion.targets(2451,5): warning MSB3277:             C:\Users\ultra\.nuget\packages\taskschedulereditor\2.10.1\lib\net452\Microsoft.Win32.TaskSchedulerEditor.dll [C:\Users\ultra\warewolf\Dev\Warewolf.Studio.Views\Warewolf.Studio.Views.csproj]
C:\Program Files\dotnet\sdk\10.0.201\Microsoft.Common.CurrentVersion.targets(2451,5): warning MSB3277:             C:\Users\ultra\.nuget\packages\ttcue.netcore.sharepointonline.csom.16.1.8029.1200\16.1.8029.1200\lib\netcoreapp2.0\Microsoft.SharePoint.Client.Runtime.Windows.dll [C:\Users\ultra\warewolf\Dev\Warewolf.Studio.Views\Warewolf.Studio.Views.csproj]
C:\Program Files\dotnet\sdk\10.0.201\Microsoft.Common.CurrentVersion.targets(2451,5): warning MSB3277:             C:\Users\ultra\.nuget\packages\unofficial.microsoft.mshtml\7.0.3300\lib\net40\Microsoft.mshtml.dll [C:\Users\ultra\warewolf\Dev\Warewolf.Studio.Views\Warewolf.Studio.Views.csproj]
C:\Program Files\dotnet\sdk\10.0.201\Microsoft.Common.CurrentVersion.targets(2451,5): warning MSB3277:         C:\Users\ultra\warewolf\Dev\Dev2.Development.Languages\bin\Debug\net8.0\IronRuby.dll [C:\Users\ultra\warewolf\Dev\Warewolf.Studio.Views\Warewolf.Studio.Views.csproj]
C:\Program Files\dotnet\sdk\10.0.201\Microsoft.Common.CurrentVersion.targets(2451,5): warning MSB3277:           Project file item includes which caused reference "C:\Users\ultra\warewolf\Dev\Dev2.Development.Languages\bin\Debug\net8.0\IronRuby.dll". [C:\Users\ultra\warewolf\Dev\Warewolf.Studio.Views\Warewolf.Studio.Views.csproj]
C:\Program Files\dotnet\sdk\10.0.201\Microsoft.Common.CurrentVersion.targets(2451,5): warning MSB3277:             C:\Users\ultra\warewolf\Dev\Dev2.Development.Languages\bin\Debug\net8.0\Dev2.Development.Languages.dll [C:\Users\ultra\warewolf\Dev\Warewolf.Studio.Views\Warewolf.Studio.Views.csproj]
C:\Program Files\dotnet\sdk\10.0.201\Microsoft.Common.CurrentVersion.targets(2451,5): warning MSB3277:             C:\Users\ultra\warewolf\Dev\Dev2.Activities\bin\Debug\net8.0\Dev2.Activities.dll [C:\Users\ultra\warewolf\Dev\Warewolf.Studio.Views\Warewolf.Studio.Views.csproj]
C:\Program Files\dotnet\sdk\10.0.201\Microsoft.Common.CurrentVersion.targets(2451,5): warning MSB3277:             C:\Users\ultra\warewolf\Dev\Dev2.Studio.Core\bin\Debug\net8.0\Dev2.Studio.Core.dll [C:\Users\ultra\warewolf\Dev\Warewolf.Studio.Views\Warewolf.Studio.Views.csproj]
C:\Program Files\dotnet\sdk\10.0.201\Microsoft.Common.CurrentVersion.targets(2451,5): warning MSB3277:             C:\Users\ultra\warewolf\Dev\Dev2.Intellisense\bin\Debug\net8.0\Dev2.Intellisense.dll [C:\Users\ultra\warewolf\Dev\Warewolf.Studio.Views\Warewolf.Studio.Views.csproj]
C:\Program Files\dotnet\sdk\10.0.201\Microsoft.Common.CurrentVersion.targets(2451,5): warning MSB3277:             C:\Users\ultra\warewolf\Dev\Warewolf.Studio.ViewModels\bin\Debug\net8.0\Warewolf.Studio.ViewModels.dll [C:\Users\ultra\warewolf\Dev\Warewolf.Studio.Views\Warewolf.Studio.Views.csproj]
C:\Program Files\dotnet\sdk\10.0.201\Microsoft.Common.CurrentVersion.targets(2451,5): warning MSB3277:         C:\Users\ultra\warewolf\Dev\Dev2.Development.Languages\bin\Debug\net8.0\IronRuby.Libraries.dll [C:\Users\ultra\warewolf\Dev\Warewolf.Studio.Views\Warewolf.Studio.Views.csproj]
C:\Program Files\dotnet\sdk\10.0.201\Microsoft.Common.CurrentVersion.targets(2451,5): warning MSB3277:           Project file item includes which caused reference "C:\Users\ultra\warewolf\Dev\Dev2.Development.Languages\bin\Debug\net8.0\IronRuby.Libraries.dll". [C:\Users\ultra\warewolf\Dev\Warewolf.Studio.Views\Warewolf.Studio.Views.csproj]
C:\Program Files\dotnet\sdk\10.0.201\Microsoft.Common.CurrentVersion.targets(2451,5): warning MSB3277:             C:\Users\ultra\warewolf\Dev\Dev2.Development.Languages\bin\Debug\net8.0\Dev2.Development.Languages.dll [C:\Users\ultra\warewolf\Dev\Warewolf.Studio.Views\Warewolf.Studio.Views.csproj]
C:\Program Files\dotnet\sdk\10.0.201\Microsoft.Common.CurrentVersion.targets(2451,5): warning MSB3277:             C:\Users\ultra\warewolf\Dev\Dev2.Activities\bin\Debug\net8.0\Dev2.Activities.dll [C:\Users\ultra\warewolf\Dev\Warewolf.Studio.Views\Warewolf.Studio.Views.csproj]
C:\Program Files\dotnet\sdk\10.0.201\Microsoft.Common.CurrentVersion.targets(2451,5): warning MSB3277:             C:\Users\ultra\warewolf\Dev\Dev2.Studio.Core\bin\Debug\net8.0\Dev2.Studio.Core.dll [C:\Users\ultra\warewolf\Dev\Warewolf.Studio.Views\Warewolf.Studio.Views.csproj]
C:\Program Files\dotnet\sdk\10.0.201\Microsoft.Common.CurrentVersion.targets(2451,5): warning MSB3277:             C:\Users\ultra\warewolf\Dev\Dev2.Intellisense\bin\Debug\net8.0\Dev2.Intellisense.dll [C:\Users\ultra\warewolf\Dev\Warewolf.Studio.Views\Warewolf.Studio.Views.csproj]
C:\Program Files\dotnet\sdk\10.0.201\Microsoft.Common.CurrentVersion.targets(2451,5): warning MSB3277:             C:\Users\ultra\warewolf\Dev\Warewolf.Studio.ViewModels\bin\Debug\net8.0\Warewolf.Studio.ViewModels.dll [C:\Users\ultra\warewolf\Dev\Warewolf.Studio.Views\Warewolf.Studio.Views.csproj]
C:\Program Files\dotnet\sdk\10.0.201\Microsoft.Common.CurrentVersion.targets(2451,5): warning MSB3277: Found conflicts between different versions of "WindowsBase" that could not be resolved. [C:\Users\ultra\warewolf\Dev\Warewolf.Studio.Views\Warewolf.Studio.Views.csproj]
C:\Program Files\dotnet\sdk\10.0.201\Microsoft.Common.CurrentVersion.targets(2451,5): warning MSB3277: There was a conflict between "WindowsBase, Version=4.0.0.0, Culture=neutral, PublicKeyToken=31bf3856ad364e35" and "WindowsBase, Version=6.0.2.0, Culture=neutral, PublicKeyToken=31bf3856ad364e35". [C:\Users\ultra\warewolf\Dev\Warewolf.Studio.Views\Warewolf.Studio.Views.csproj]
C:\Program Files\dotnet\sdk\10.0.201\Microsoft.Common.CurrentVersion.targets(2451,5): warning MSB3277:     "WindowsBase, Version=4.0.0.0, Culture=neutral, PublicKeyToken=31bf3856ad364e35" was chosen because it was primary and "WindowsBase, Version=6.0.2.0, Culture=neutral, PublicKeyToken=31bf3856ad364e35" was not. [C:\Users\ultra\warewolf\Dev\Warewolf.Studio.Views\Warewolf.Studio.Views.csproj]
C:\Program Files\dotnet\sdk\10.0.201\Microsoft.Common.CurrentVersion.targets(2451,5): warning MSB3277:     References which depend on "WindowsBase, Version=4.0.0.0, Culture=neutral, PublicKeyToken=31bf3856ad364e35" [C:\Program Files\dotnet\packs\Microsoft.NETCore.App.Ref\8.0.25\ref\net8.0\WindowsBase.dll]. [C:\Users\ultra\warewolf\Dev\Warewolf.Studio.Views\Warewolf.Studio.Views.csproj]
C:\Program Files\dotnet\sdk\10.0.201\Microsoft.Common.CurrentVersion.targets(2451,5): warning MSB3277:         C:\Program Files\dotnet\packs\Microsoft.NETCore.App.Ref\8.0.25\ref\net8.0\WindowsBase.dll [C:\Users\ultra\warewolf\Dev\Warewolf.Studio.Views\Warewolf.Studio.Views.csproj]
C:\Program Files\dotnet\sdk\10.0.201\Microsoft.Common.CurrentVersion.targets(2451,5): warning MSB3277:           Project file item includes which caused reference "C:\Program Files\dotnet\packs\Microsoft.NETCore.App.Ref\8.0.25\ref\net8.0\WindowsBase.dll". [C:\Users\ultra\warewolf\Dev\Warewolf.Studio.Views\Warewolf.Studio.Views.csproj]
C:\Program Files\dotnet\sdk\10.0.201\Microsoft.Common.CurrentVersion.targets(2451,5): warning MSB3277:             C:\Program Files\dotnet\packs\Microsoft.NETCore.App.Ref\8.0.25\ref/net8.0/WindowsBase.dll [C:\Users\ultra\warewolf\Dev\Warewolf.Studio.Views\Warewolf.Studio.Views.csproj]
C:\Program Files\dotnet\sdk\10.0.201\Microsoft.Common.CurrentVersion.targets(2451,5): warning MSB3277:     References which depend on or have been unified to "WindowsBase, Version=6.0.2.0, Culture=neutral, PublicKeyToken=31bf3856ad364e35" []. [C:\Users\ultra\warewolf\Dev\Warewolf.Studio.Views\Warewolf.Studio.Views.csproj]
C:\Program Files\dotnet\sdk\10.0.201\Microsoft.Common.CurrentVersion.targets(2451,5): warning MSB3277:         C:\Users\ultra\warewolf\Dev\Binaries\Infragistcs_Net6\InfragisticsWPF4.Controls.Editors.XamComboEditor.v15.1.dll [C:\Users\ultra\warewolf\Dev\Warewolf.Studio.Views\Warewolf.Studio.Views.csproj]
C:\Program Files\dotnet\sdk\10.0.201\Microsoft.Common.CurrentVersion.targets(2451,5): warning MSB3277:           Project file item includes which caused reference "C:\Users\ultra\warewolf\Dev\Binaries\Infragistcs_Net6\InfragisticsWPF4.Controls.Editors.XamComboEditor.v15.1.dll". [C:\Users\ultra\warewolf\Dev\Warewolf.Studio.Views\Warewolf.Studio.Views.csproj]
C:\Program Files\dotnet\sdk\10.0.201\Microsoft.Common.CurrentVersion.targets(2451,5): warning MSB3277:             InfragisticsWPF4.Controls.Editors.XamComboEditor.v15.1 [C:\Users\ultra\warewolf\Dev\Warewolf.Studio.Views\Warewolf.Studio.Views.csproj]
C:\Program Files\dotnet\sdk\10.0.201\Microsoft.Common.CurrentVersion.targets(2451,5): warning MSB3277:         C:\Users\ultra\warewolf\Dev\Binaries\Infragistcs_Net6\InfragisticsWPF4.Controls.Editors.XamRichTextEditor.v15.1.dll [C:\Users\ultra\warewolf\Dev\Warewolf.Studio.Views\Warewolf.Studio.Views.csproj]
C:\Program Files\dotnet\sdk\10.0.201\Microsoft.Common.CurrentVersion.targets(2451,5): warning MSB3277:           Project file item includes which caused reference "C:\Users\ultra\warewolf\Dev\Binaries\Infragistcs_Net6\InfragisticsWPF4.Controls.Editors.XamRichTextEditor.v15.1.dll". [C:\Users\ultra\warewolf\Dev\Warewolf.Studio.Views\Warewolf.Studio.Views.csproj]
C:\Program Files\dotnet\sdk\10.0.201\Microsoft.Common.CurrentVersion.targets(2451,5): warning MSB3277:             InfragisticsWPF4.Controls.Editors.XamRichTextEditor.v15.1 [C:\Users\ultra\warewolf\Dev\Warewolf.Studio.Views\Warewolf.Studio.Views.csproj]
C:\Program Files\dotnet\sdk\10.0.201\Microsoft.Common.CurrentVersion.targets(2451,5): warning MSB3277:         C:\Users\ultra\warewolf\Dev\Binaries\Infragistcs_Net6\InfragisticsWPF4.Controls.Grids.XamGrid.v15.1.dll [C:\Users\ultra\warewolf\Dev\Warewolf.Studio.Views\Warewolf.Studio.Views.csproj]
C:\Program Files\dotnet\sdk\10.0.201\Microsoft.Common.CurrentVersion.targets(2451,5): warning MSB3277:           Project file item includes which caused reference "C:\Users\ultra\warewolf\Dev\Binaries\Infragistcs_Net6\InfragisticsWPF4.Controls.Grids.XamGrid.v15.1.dll". [C:\Users\ultra\warewolf\Dev\Warewolf.Studio.Views\Warewolf.Studio.Views.csproj]
C:\Program Files\dotnet\sdk\10.0.201\Microsoft.Common.CurrentVersion.targets(2451,5): warning MSB3277:             InfragisticsWPF4.Controls.Grids.XamGrid.v15.1 [C:\Users\ultra\warewolf\Dev\Warewolf.Studio.Views\Warewolf.Studio.Views.csproj]
C:\Program Files\dotnet\sdk\10.0.201\Microsoft.Common.CurrentVersion.targets(2451,5): warning MSB3277:         C:\Users\ultra\warewolf\Dev\Binaries\Infragistcs_Net6\InfragisticsWPF4.Controls.Interactions.XamDialogWindow.v15.1.dll [C:\Users\ultra\warewolf\Dev\Warewolf.Studio.Views\Warewolf.Studio.Views.csproj]
C:\Program Files\dotnet\sdk\10.0.201\Microsoft.Common.CurrentVersion.targets(2451,5): warning MSB3277:           Project file item includes which caused reference "C:\Users\ultra\warewolf\Dev\Binaries\Infragistcs_Net6\InfragisticsWPF4.Controls.Interactions.XamDialogWindow.v15.1.dll". [C:\Users\ultra\warewolf\Dev\Warewolf.Studio.Views\Warewolf.Studio.Views.csproj]
C:\Program Files\dotnet\sdk\10.0.201\Microsoft.Common.CurrentVersion.targets(2451,5): warning MSB3277:             InfragisticsWPF4.Controls.Interactions.XamDialogWindow.v15.1 [C:\Users\ultra\warewolf\Dev\Warewolf.Studio.Views\Warewolf.Studio.Views.csproj]
C:\Program Files\dotnet\sdk\10.0.201\Microsoft.Common.CurrentVersion.targets(2451,5): warning MSB3277:         C:\Users\ultra\warewolf\Dev\Binaries\Infragistcs_Net6\InfragisticsWPF4.Controls.Menus.XamDataTree.v15.1.dll [C:\Users\ultra\warewolf\Dev\Warewolf.Studio.Views\Warewolf.Studio.Views.csproj]
C:\Program Files\dotnet\sdk\10.0.201\Microsoft.Common.CurrentVersion.targets(2451,5): warning MSB3277:           Project file item includes which caused reference "C:\Users\ultra\warewolf\Dev\Binaries\Infragistcs_Net6\InfragisticsWPF4.Controls.Menus.XamDataTree.v15.1.dll". [C:\Users\ultra\warewolf\Dev\Warewolf.Studio.Views\Warewolf.Studio.Views.csproj]
C:\Program Files\dotnet\sdk\10.0.201\Microsoft.Common.CurrentVersion.targets(2451,5): warning MSB3277:             InfragisticsWPF4.Controls.Menus.XamDataTree.v15.1 [C:\Users\ultra\warewolf\Dev\Warewolf.Studio.Views\Warewolf.Studio.Views.csproj]
C:\Program Files\dotnet\sdk\10.0.201\Microsoft.Common.CurrentVersion.targets(2451,5): warning MSB3277:         C:\Users\ultra\warewolf\Dev\Binaries\Infragistcs_Net6\InfragisticsWPF4.Controls.Menus.XamMenu.v15.1.dll [C:\Users\ultra\warewolf\Dev\Warewolf.Studio.Views\Warewolf.Studio.Views.csproj]
C:\Program Files\dotnet\sdk\10.0.201\Microsoft.Common.CurrentVersion.targets(2451,5): warning MSB3277:           Project file item includes which caused reference "C:\Users\ultra\warewolf\Dev\Binaries\Infragistcs_Net6\InfragisticsWPF4.Controls.Menus.XamMenu.v15.1.dll". [C:\Users\ultra\warewolf\Dev\Warewolf.Studio.Views\Warewolf.Studio.Views.csproj]
C:\Program Files\dotnet\sdk\10.0.201\Microsoft.Common.CurrentVersion.targets(2451,5): warning MSB3277:             InfragisticsWPF4.Controls.Menus.XamMenu.v15.1 [C:\Users\ultra\warewolf\Dev\Warewolf.Studio.Views\Warewolf.Studio.Views.csproj]
C:\Program Files\dotnet\sdk\10.0.201\Microsoft.Common.CurrentVersion.targets(2451,5): warning MSB3277:             InfragisticsWPF4.Controls.Editors.XamRichTextEditor.v15.1 [C:\Users\ultra\warewolf\Dev\Warewolf.Studio.Views\Warewolf.Studio.Views.csproj]
C:\Program Files\dotnet\sdk\10.0.201\Microsoft.Common.CurrentVersion.targets(2451,5): warning MSB3277:             InfragisticsWPF4.Controls.Grids.XamGrid.v15.1 [C:\Users\ultra\warewolf\Dev\Warewolf.Studio.Views\Warewolf.Studio.Views.csproj]
C:\Program Files\dotnet\sdk\10.0.201\Microsoft.Common.CurrentVersion.targets(2451,5): warning MSB3277:         C:\Users\ultra\warewolf\Dev\Binaries\Infragistcs_Net6\InfragisticsWPF4.DataManager.v15.1.dll [C:\Users\ultra\warewolf\Dev\Warewolf.Studio.Views\Warewolf.Studio.Views.csproj]
C:\Program Files\dotnet\sdk\10.0.201\Microsoft.Common.CurrentVersion.targets(2451,5): warning MSB3277:           Project file item includes which caused reference "C:\Users\ultra\warewolf\Dev\Binaries\Infragistcs_Net6\InfragisticsWPF4.DataManager.v15.1.dll". [C:\Users\ultra\warewolf\Dev\Warewolf.Studio.Views\Warewolf.Studio.Views.csproj]
C:\Program Files\dotnet\sdk\10.0.201\Microsoft.Common.CurrentVersion.targets(2451,5): warning MSB3277:             InfragisticsWPF4.DataManager.v15.1 [C:\Users\ultra\warewolf\Dev\Warewolf.Studio.Views\Warewolf.Studio.Views.csproj]
C:\Program Files\dotnet\sdk\10.0.201\Microsoft.Common.CurrentVersion.targets(2451,5): warning MSB3277:             InfragisticsWPF4.Controls.Editors.XamComboEditor.v15.1 [C:\Users\ultra\warewolf\Dev\Warewolf.Studio.Views\Warewolf.Studio.Views.csproj]
C:\Program Files\dotnet\sdk\10.0.201\Microsoft.Common.CurrentVersion.targets(2451,5): warning MSB3277:             InfragisticsWPF4.Controls.Grids.XamGrid.v15.1 [C:\Users\ultra\warewolf\Dev\Warewolf.Studio.Views\Warewolf.Studio.Views.csproj]
C:\Program Files\dotnet\sdk\10.0.201\Microsoft.Common.CurrentVersion.targets(2451,5): warning MSB3277:             InfragisticsWPF4.Controls.Menus.XamDataTree.v15.1 [C:\Users\ultra\warewolf\Dev\Warewolf.Studio.Views\Warewolf.Studio.Views.csproj]
C:\Program Files\dotnet\sdk\10.0.201\Microsoft.Common.CurrentVersion.targets(2451,5): warning MSB3277:         C:\Users\ultra\warewolf\Dev\Binaries\Infragistcs_Net6\InfragisticsWPF4.DockManager.v15.1.dll [C:\Users\ultra\warewolf\Dev\Warewolf.Studio.Views\Warewolf.Studio.Views.csproj]
C:\Program Files\dotnet\sdk\10.0.201\Microsoft.Common.CurrentVersion.targets(2451,5): warning MSB3277:           Project file item includes which caused reference "C:\Users\ultra\warewolf\Dev\Binaries\Infragistcs_Net6\InfragisticsWPF4.DockManager.v15.1.dll". [C:\Users\ultra\warewolf\Dev\Warewolf.Studio.Views\Warewolf.Studio.Views.csproj]
C:\Program Files\dotnet\sdk\10.0.201\Microsoft.Common.CurrentVersion.targets(2451,5): warning MSB3277:             InfragisticsWPF4.DockManager.v15.1 [C:\Users\ultra\warewolf\Dev\Warewolf.Studio.Views\Warewolf.Studio.Views.csproj]
C:\Program Files\dotnet\sdk\10.0.201\Microsoft.Common.CurrentVersion.targets(2451,5): warning MSB3277:         C:\Users\ultra\warewolf\Dev\Binaries\Infragistcs_Net6\InfragisticsWPF4.Documents.RichTextDocument.Html.v15.1.dll [C:\Users\ultra\warewolf\Dev\Warewolf.Studio.Views\Warewolf.Studio.Views.csproj]
C:\Program Files\dotnet\sdk\10.0.201\Microsoft.Common.CurrentVersion.targets(2451,5): warning MSB3277:           Project file item includes which caused reference "C:\Users\ultra\warewolf\Dev\Binaries\Infragistcs_Net6\InfragisticsWPF4.Documents.RichTextDocument.Html.v15.1.dll". [C:\Users\ultra\warewolf\Dev\Warewolf.Studio.Views\Warewolf.Studio.Views.csproj]
C:\Program Files\dotnet\sdk\10.0.201\Microsoft.Common.CurrentVersion.targets(2451,5): warning MSB3277:             InfragisticsWPF4.Documents.RichTextDocument.Html.v15.1 [C:\Users\ultra\warewolf\Dev\Warewolf.Studio.Views\Warewolf.Studio.Views.csproj]
C:\Program Files\dotnet\sdk\10.0.201\Microsoft.Common.CurrentVersion.targets(2451,5): warning MSB3277:         C:\Users\ultra\warewolf\Dev\Binaries\Infragistcs_Net6\InfragisticsWPF4.Documents.RichTextDocument.v15.1.dll [C:\Users\ultra\warewolf\Dev\Warewolf.Studio.Views\Warewolf.Studio.Views.csproj]
C:\Program Files\dotnet\sdk\10.0.201\Microsoft.Common.CurrentVersion.targets(2451,5): warning MSB3277:           Project file item includes which caused reference "C:\Users\ultra\warewolf\Dev\Binaries\Infragistcs_Net6\InfragisticsWPF4.Documents.RichTextDocument.v15.1.dll". [C:\Users\ultra\warewolf\Dev\Warewolf.Studio.Views\Warewolf.Studio.Views.csproj]
C:\Program Files\dotnet\sdk\10.0.201\Microsoft.Common.CurrentVersion.targets(2451,5): warning MSB3277:             InfragisticsWPF4.Documents.RichTextDocument.v15.1 [C:\Users\ultra\warewolf\Dev\Warewolf.Studio.Views\Warewolf.Studio.Views.csproj]
C:\Program Files\dotnet\sdk\10.0.201\Microsoft.Common.CurrentVersion.targets(2451,5): warning MSB3277:             InfragisticsWPF4.Controls.Editors.XamRichTextEditor.v15.1 [C:\Users\ultra\warewolf\Dev\Warewolf.Studio.Views\Warewolf.Studio.Views.csproj]
C:\Program Files\dotnet\sdk\10.0.201\Microsoft.Common.CurrentVersion.targets(2451,5): warning MSB3277:             InfragisticsWPF4.Documents.RichTextDocument.Html.v15.1 [C:\Users\ultra\warewolf\Dev\Warewolf.Studio.Views\Warewolf.Studio.Views.csproj]
C:\Program Files\dotnet\sdk\10.0.201\Microsoft.Common.CurrentVersion.targets(2451,5): warning MSB3277:         C:\Users\ultra\warewolf\Dev\Binaries\Infragistcs_Net6\InfragisticsWPF4.DragDrop.v15.1.dll [C:\Users\ultra\warewolf\Dev\Warewolf.Studio.Views\Warewolf.Studio.Views.csproj]
C:\Program Files\dotnet\sdk\10.0.201\Microsoft.Common.CurrentVersion.targets(2451,5): warning MSB3277:           Project file item includes which caused reference "C:\Users\ultra\warewolf\Dev\Binaries\Infragistcs_Net6\InfragisticsWPF4.DragDrop.v15.1.dll". [C:\Users\ultra\warewolf\Dev\Warewolf.Studio.Views\Warewolf.Studio.Views.csproj]
C:\Program Files\dotnet\sdk\10.0.201\Microsoft.Common.CurrentVersion.targets(2451,5): warning MSB3277:             InfragisticsWPF4.DragDrop.v15.1 [C:\Users\ultra\warewolf\Dev\Warewolf.Studio.Views\Warewolf.Studio.Views.csproj]
C:\Program Files\dotnet\sdk\10.0.201\Microsoft.Common.CurrentVersion.targets(2451,5): warning MSB3277:             InfragisticsWPF4.Controls.Menus.XamDataTree.v15.1 [C:\Users\ultra\warewolf\Dev\Warewolf.Studio.Views\Warewolf.Studio.Views.csproj]
C:\Program Files\dotnet\sdk\10.0.201\Microsoft.Common.CurrentVersion.targets(2451,5): warning MSB3277:         C:\Users\ultra\warewolf\Dev\Binaries\Infragistcs_Net6\InfragisticsWPF4.Editors.v15.1.dll [C:\Users\ultra\warewolf\Dev\Warewolf.Studio.Views\Warewolf.Studio.Views.csproj]
C:\Program Files\dotnet\sdk\10.0.201\Microsoft.Common.CurrentVersion.targets(2451,5): warning MSB3277:           Project file item includes which caused reference "C:\Users\ultra\warewolf\Dev\Binaries\Infragistcs_Net6\InfragisticsWPF4.Editors.v15.1.dll". [C:\Users\ultra\warewolf\Dev\Warewolf.Studio.Views\Warewolf.Studio.Views.csproj]
C:\Program Files\dotnet\sdk\10.0.201\Microsoft.Common.CurrentVersion.targets(2451,5): warning MSB3277:             InfragisticsWPF4.Editors.v15.1 [C:\Users\ultra\warewolf\Dev\Warewolf.Studio.Views\Warewolf.Studio.Views.csproj]
C:\Program Files\dotnet\sdk\10.0.201\Microsoft.Common.CurrentVersion.targets(2451,5): warning MSB3277:         C:\Users\ultra\warewolf\Dev\Binaries\Infragistcs_Net6\InfragisticsWPF4.v15.1.dll [C:\Users\ultra\warewolf\Dev\Warewolf.Studio.Views\Warewolf.Studio.Views.csproj]
C:\Program Files\dotnet\sdk\10.0.201\Microsoft.Common.CurrentVersion.targets(2451,5): warning MSB3277:           Project file item includes which caused reference "C:\Users\ultra\warewolf\Dev\Binaries\Infragistcs_Net6\InfragisticsWPF4.v15.1.dll". [C:\Users\ultra\warewolf\Dev\Warewolf.Studio.Views\Warewolf.Studio.Views.csproj]
C:\Program Files\dotnet\sdk\10.0.201\Microsoft.Common.CurrentVersion.targets(2451,5): warning MSB3277:             InfragisticsWPF4.v15.1 [C:\Users\ultra\warewolf\Dev\Warewolf.Studio.Views\Warewolf.Studio.Views.csproj]
C:\Program Files\dotnet\sdk\10.0.201\Microsoft.Common.CurrentVersion.targets(2451,5): warning MSB3277:             InfragisticsWPF4.Controls.Editors.XamComboEditor.v15.1 [C:\Users\ultra\warewolf\Dev\Warewolf.Studio.Views\Warewolf.Studio.Views.csproj]
C:\Program Files\dotnet\sdk\10.0.201\Microsoft.Common.CurrentVersion.targets(2451,5): warning MSB3277:             InfragisticsWPF4.Controls.Editors.XamRichTextEditor.v15.1 [C:\Users\ultra\warewolf\Dev\Warewolf.Studio.Views\Warewolf.Studio.Views.csproj]
C:\Program Files\dotnet\sdk\10.0.201\Microsoft.Common.CurrentVersion.targets(2451,5): warning MSB3277:             InfragisticsWPF4.Controls.Grids.XamGrid.v15.1 [C:\Users\ultra\warewolf\Dev\Warewolf.Studio.Views\Warewolf.Studio.Views.csproj]
C:\Program Files\dotnet\sdk\10.0.201\Microsoft.Common.CurrentVersion.targets(2451,5): warning MSB3277:             InfragisticsWPF4.Controls.Interactions.XamDialogWindow.v15.1 [C:\Users\ultra\warewolf\Dev\Warewolf.Studio.Views\Warewolf.Studio.Views.csproj]
C:\Program Files\dotnet\sdk\10.0.201\Microsoft.Common.CurrentVersion.targets(2451,5): warning MSB3277:             InfragisticsWPF4.Controls.Menus.XamDataTree.v15.1 [C:\Users\ultra\warewolf\Dev\Warewolf.Studio.Views\Warewolf.Studio.Views.csproj]
C:\Program Files\dotnet\sdk\10.0.201\Microsoft.Common.CurrentVersion.targets(2451,5): warning MSB3277:             InfragisticsWPF4.Controls.Menus.XamMenu.v15.1 [C:\Users\ultra\warewolf\Dev\Warewolf.Studio.Views\Warewolf.Studio.Views.csproj]
C:\Program Files\dotnet\sdk\10.0.201\Microsoft.Common.CurrentVersion.targets(2451,5): warning MSB3277:             InfragisticsWPF4.DataManager.v15.1 [C:\Users\ultra\warewolf\Dev\Warewolf.Studio.Views\Warewolf.Studio.Views.csproj]
C:\Program Files\dotnet\sdk\10.0.201\Microsoft.Common.CurrentVersion.targets(2451,5): warning MSB3277:             InfragisticsWPF4.DockManager.v15.1 [C:\Users\ultra\warewolf\Dev\Warewolf.Studio.Views\Warewolf.Studio.Views.csproj]
C:\Program Files\dotnet\sdk\10.0.201\Microsoft.Common.CurrentVersion.targets(2451,5): warning MSB3277:             InfragisticsWPF4.Documents.RichTextDocument.Html.v15.1 [C:\Users\ultra\warewolf\Dev\Warewolf.Studio.Views\Warewolf.Studio.Views.csproj]
C:\Program Files\dotnet\sdk\10.0.201\Microsoft.Common.CurrentVersion.targets(2451,5): warning MSB3277:             InfragisticsWPF4.Documents.RichTextDocument.v15.1 [C:\Users\ultra\warewolf\Dev\Warewolf.Studio.Views\Warewolf.Studio.Views.csproj]
C:\Program Files\dotnet\sdk\10.0.201\Microsoft.Common.CurrentVersion.targets(2451,5): warning MSB3277:             InfragisticsWPF4.Editors.v15.1 [C:\Users\ultra\warewolf\Dev\Warewolf.Studio.Views\Warewolf.Studio.Views.csproj]
C:\Program Files\dotnet\sdk\10.0.201\Microsoft.Common.CurrentVersion.targets(2451,5): warning MSB3277:         C:\Users\ultra\.nuget\packages\caliburn.micro\4.0.212\lib\netcoreapp3.1\Caliburn.Micro.Platform.dll [C:\Users\ultra\warewolf\Dev\Warewolf.Studio.Views\Warewolf.Studio.Views.csproj]
C:\Program Files\dotnet\sdk\10.0.201\Microsoft.Common.CurrentVersion.targets(2451,5): warning MSB3277:           Project file item includes which caused reference "C:\Users\ultra\.nuget\packages\caliburn.micro\4.0.212\lib\netcoreapp3.1\Caliburn.Micro.Platform.dll". [C:\Users\ultra\warewolf\Dev\Warewolf.Studio.Views\Warewolf.Studio.Views.csproj]
C:\Program Files\dotnet\sdk\10.0.201\Microsoft.Common.CurrentVersion.targets(2451,5): warning MSB3277:             C:\Users\ultra\.nuget\packages\caliburn.micro\4.0.212\lib\netcoreapp3.1\Caliburn.Micro.Platform.dll [C:\Users\ultra\warewolf\Dev\Warewolf.Studio.Views\Warewolf.Studio.Views.csproj]
C:\Program Files\dotnet\sdk\10.0.201\Microsoft.Common.CurrentVersion.targets(2451,5): warning MSB3277:         C:\Users\ultra\.nuget\packages\extended.wpf.toolkit\4.4.0\lib\net5.0\Xceed.Wpf.AvalonDock.NET5.dll [C:\Users\ultra\warewolf\Dev\Warewolf.Studio.Views\Warewolf.Studio.Views.csproj]
C:\Program Files\dotnet\sdk\10.0.201\Microsoft.Common.CurrentVersion.targets(2451,5): warning MSB3277:           Project file item includes which caused reference "C:\Users\ultra\.nuget\packages\extended.wpf.toolkit\4.4.0\lib\net5.0\Xceed.Wpf.AvalonDock.NET5.dll". [C:\Users\ultra\warewolf\Dev\Warewolf.Studio.Views\Warewolf.Studio.Views.csproj]
C:\Program Files\dotnet\sdk\10.0.201\Microsoft.Common.CurrentVersion.targets(2451,5): warning MSB3277:             C:\Users\ultra\.nuget\packages\extended.wpf.toolkit\4.4.0\lib\net5.0\Xceed.Wpf.AvalonDock.NET5.dll [C:\Users\ultra\warewolf\Dev\Warewolf.Studio.Views\Warewolf.Studio.Views.csproj]
C:\Program Files\dotnet\sdk\10.0.201\Microsoft.Common.CurrentVersion.targets(2451,5): warning MSB3277:             C:\Users\ultra\.nuget\packages\extended.wpf.toolkit\4.4.0\lib\net5.0\Xceed.Wpf.AvalonDock.Themes.Aero.NET5.dll [C:\Users\ultra\warewolf\Dev\Warewolf.Studio.Views\Warewolf.Studio.Views.csproj]
C:\Program Files\dotnet\sdk\10.0.201\Microsoft.Common.CurrentVersion.targets(2451,5): warning MSB3277:             C:\Users\ultra\.nuget\packages\extended.wpf.toolkit\4.4.0\lib\net5.0\Xceed.Wpf.AvalonDock.Themes.Metro.NET5.dll [C:\Users\ultra\warewolf\Dev\Warewolf.Studio.Views\Warewolf.Studio.Views.csproj]
C:\Program Files\dotnet\sdk\10.0.201\Microsoft.Common.CurrentVersion.targets(2451,5): warning MSB3277:             C:\Users\ultra\.nuget\packages\extended.wpf.toolkit\4.4.0\lib\net5.0\Xceed.Wpf.AvalonDock.Themes.VS2010.NET5.dll [C:\Users\ultra\warewolf\Dev\Warewolf.Studio.Views\Warewolf.Studio.Views.csproj]
C:\Program Files\dotnet\sdk\10.0.201\Microsoft.Common.CurrentVersion.targets(2451,5): warning MSB3277:         C:\Users\ultra\.nuget\packages\extended.wpf.toolkit\4.4.0\lib\net5.0\Xceed.Wpf.AvalonDock.Themes.Aero.NET5.dll [C:\Users\ultra\warewolf\Dev\Warewolf.Studio.Views\Warewolf.Studio.Views.csproj]
C:\Program Files\dotnet\sdk\10.0.201\Microsoft.Common.CurrentVersion.targets(2451,5): warning MSB3277:           Project file item includes which caused reference "C:\Users\ultra\.nuget\packages\extended.wpf.toolkit\4.4.0\lib\net5.0\Xceed.Wpf.AvalonDock.Themes.Aero.NET5.dll". [C:\Users\ultra\warewolf\Dev\Warewolf.Studio.Views\Warewolf.Studio.Views.csproj]
C:\Program Files\dotnet\sdk\10.0.201\Microsoft.Common.CurrentVersion.targets(2451,5): warning MSB3277:             C:\Users\ultra\.nuget\packages\extended.wpf.toolkit\4.4.0\lib\net5.0\Xceed.Wpf.AvalonDock.Themes.Aero.NET5.dll [C:\Users\ultra\warewolf\Dev\Warewolf.Studio.Views\Warewolf.Studio.Views.csproj]
C:\Program Files\dotnet\sdk\10.0.201\Microsoft.Common.CurrentVersion.targets(2451,5): warning MSB3277:         C:\Users\ultra\.nuget\packages\extended.wpf.toolkit\4.4.0\lib\net5.0\Xceed.Wpf.Toolkit.NET5.dll [C:\Users\ultra\warewolf\Dev\Warewolf.Studio.Views\Warewolf.Studio.Views.csproj]
C:\Program Files\dotnet\sdk\10.0.201\Microsoft.Common.CurrentVersion.targets(2451,5): warning MSB3277:           Project file item includes which caused reference "C:\Users\ultra\.nuget\packages\extended.wpf.toolkit\4.4.0\lib\net5.0\Xceed.Wpf.Toolkit.NET5.dll". [C:\Users\ultra\warewolf\Dev\Warewolf.Studio.Views\Warewolf.Studio.Views.csproj]
C:\Program Files\dotnet\sdk\10.0.201\Microsoft.Common.CurrentVersion.targets(2451,5): warning MSB3277:             C:\Users\ultra\.nuget\packages\extended.wpf.toolkit\4.4.0\lib\net5.0\Xceed.Wpf.Toolkit.NET5.dll [C:\Users\ultra\warewolf\Dev\Warewolf.Studio.Views\Warewolf.Studio.Views.csproj]
C:\Program Files\dotnet\sdk\10.0.201\Microsoft.Common.CurrentVersion.targets(2451,5): warning MSB3277:         C:\Users\ultra\.nuget\packages\ironpython\3.4.0\lib\net6.0\IronPython.Wpf.dll [C:\Users\ultra\warewolf\Dev\Warewolf.Studio.Views\Warewolf.Studio.Views.csproj]
C:\Program Files\dotnet\sdk\10.0.201\Microsoft.Common.CurrentVersion.targets(2451,5): warning MSB3277:           Project file item includes which caused reference "C:\Users\ultra\.nuget\packages\ironpython\3.4.0\lib\net6.0\IronPython.Wpf.dll". [C:\Users\ultra\warewolf\Dev\Warewolf.Studio.Views\Warewolf.Studio.Views.csproj]
C:\Program Files\dotnet\sdk\10.0.201\Microsoft.Common.CurrentVersion.targets(2451,5): warning MSB3277:             C:\Users\ultra\.nuget\packages\ironpython\3.4.0\lib\net6.0\IronPython.Wpf.dll [C:\Users\ultra\warewolf\Dev\Warewolf.Studio.Views\Warewolf.Studio.Views.csproj]
C:\Program Files\dotnet\sdk\10.0.201\Microsoft.Common.CurrentVersion.targets(2451,5): warning MSB3277:         C:\Users\ultra\.nuget\packages\microsoft.xaml.behaviors.wpf\1.1.122\lib\net462\Microsoft.Xaml.Behaviors.dll [C:\Users\ultra\warewolf\Dev\Warewolf.Studio.Views\Warewolf.Studio.Views.csproj]
C:\Program Files\dotnet\sdk\10.0.201\Microsoft.Common.CurrentVersion.targets(2451,5): warning MSB3277:           Project file item includes which caused reference "C:\Users\ultra\.nuget\packages\microsoft.xaml.behaviors.wpf\1.1.122\lib\net462\Microsoft.Xaml.Behaviors.dll". [C:\Users\ultra\warewolf\Dev\Warewolf.Studio.Views\Warewolf.Studio.Views.csproj]
C:\Program Files\dotnet\sdk\10.0.201\Microsoft.Common.CurrentVersion.targets(2451,5): warning MSB3277:             C:\Users\ultra\.nuget\packages\microsoft.xaml.behaviors.wpf\1.1.122\lib\net462\Microsoft.Xaml.Behaviors.dll [C:\Users\ultra\warewolf\Dev\Warewolf.Studio.Views\Warewolf.Studio.Views.csproj]
C:\Program Files\dotnet\sdk\10.0.201\Microsoft.Common.CurrentVersion.targets(2451,5): warning MSB3277:             C:\Users\ultra\.nuget\packages\caliburn.micro\4.0.212\lib\netcoreapp3.1\Caliburn.Micro.Platform.dll [C:\Users\ultra\warewolf\Dev\Warewolf.Studio.Views\Warewolf.Studio.Views.csproj]
C:\Program Files\dotnet\sdk\10.0.201\Microsoft.Common.CurrentVersion.targets(2451,5): warning MSB3277:             C:\Users\ultra\.nuget\packages\prism.wpf\9.0.537\lib\net462\Prism.Wpf.dll [C:\Users\ultra\warewolf\Dev\Warewolf.Studio.Views\Warewolf.Studio.Views.csproj]
C:\Program Files\dotnet\sdk\10.0.201\Microsoft.Common.CurrentVersion.targets(2451,5): warning MSB3277:         C:\Users\ultra\.nuget\packages\prism.wpf\9.0.537\lib\net462\Prism.Wpf.dll [C:\Users\ultra\warewolf\Dev\Warewolf.Studio.Views\Warewolf.Studio.Views.csproj]
C:\Program Files\dotnet\sdk\10.0.201\Microsoft.Common.CurrentVersion.targets(2451,5): warning MSB3277:           Project file item includes which caused reference "C:\Users\ultra\.nuget\packages\prism.wpf\9.0.537\lib\net462\Prism.Wpf.dll". [C:\Users\ultra\warewolf\Dev\Warewolf.Studio.Views\Warewolf.Studio.Views.csproj]
C:\Program Files\dotnet\sdk\10.0.201\Microsoft.Common.CurrentVersion.targets(2451,5): warning MSB3277:             C:\Users\ultra\.nuget\packages\prism.wpf\9.0.537\lib\net462\Prism.Wpf.dll [C:\Users\ultra\warewolf\Dev\Warewolf.Studio.Views\Warewolf.Studio.Views.csproj]
C:\Program Files\dotnet\sdk\10.0.201\Microsoft.Common.CurrentVersion.targets(2451,5): warning MSB3277:         C:\Users\ultra\.nuget\packages\reactiveui.wpf\18.4.1\lib\net462\ReactiveUI.Wpf.dll [C:\Users\ultra\warewolf\Dev\Warewolf.Studio.Views\Warewolf.Studio.Views.csproj]
C:\Program Files\dotnet\sdk\10.0.201\Microsoft.Common.CurrentVersion.targets(2451,5): warning MSB3277:           Project file item includes which caused reference "C:\Users\ultra\.nuget\packages\reactiveui.wpf\18.4.1\lib\net462\ReactiveUI.Wpf.dll". [C:\Users\ultra\warewolf\Dev\Warewolf.Studio.Views\Warewolf.Studio.Views.csproj]
C:\Program Files\dotnet\sdk\10.0.201\Microsoft.Common.CurrentVersion.targets(2451,5): warning MSB3277:             C:\Users\ultra\.nuget\packages\reactiveui.wpf\18.4.1\lib\net462\ReactiveUI.Wpf.dll [C:\Users\ultra\warewolf\Dev\Warewolf.Studio.Views\Warewolf.Studio.Views.csproj]
C:\Program Files\dotnet\sdk\10.0.201\Microsoft.Common.CurrentVersion.targets(2451,5): warning MSB3277:         C:\Users\ultra\warewolf\Dev\Binaries\Infragistcs_Net6\InfragisticsWPF4.Undo.v15.1.dll [C:\Users\ultra\warewolf\Dev\Warewolf.Studio.Views\Warewolf.Studio.Views.csproj]
C:\Program Files\dotnet\sdk\10.0.201\Microsoft.Common.CurrentVersion.targets(2451,5): warning MSB3277:           Project file item includes which caused reference "C:\Users\ultra\warewolf\Dev\Binaries\Infragistcs_Net6\InfragisticsWPF4.Undo.v15.1.dll". [C:\Users\ultra\warewolf\Dev\Warewolf.Studio.Views\Warewolf.Studio.Views.csproj]
C:\Program Files\dotnet\sdk\10.0.201\Microsoft.Common.CurrentVersion.targets(2451,5): warning MSB3277:             InfragisticsWPF4.Controls.Editors.XamRichTextEditor.v15.1 [C:\Users\ultra\warewolf\Dev\Warewolf.Studio.Views\Warewolf.Studio.Views.csproj]
C:\Program Files\dotnet\sdk\10.0.201\Microsoft.Common.CurrentVersion.targets(2451,5): warning MSB3277:             InfragisticsWPF4.Documents.RichTextDocument.v15.1 [C:\Users\ultra\warewolf\Dev\Warewolf.Studio.Views\Warewolf.Studio.Views.csproj]
C:\Program Files\dotnet\sdk\10.0.201\Microsoft.Common.CurrentVersion.targets(2451,5): warning MSB3277:             InfragisticsWPF4.Documents.RichTextDocument.Html.v15.1 [C:\Users\ultra\warewolf\Dev\Warewolf.Studio.Views\Warewolf.Studio.Views.csproj]
C:\Program Files\dotnet\sdk\10.0.201\Microsoft.Common.CurrentVersion.targets(2451,5): warning MSB3277: Found conflicts between different versions of "System.IO.Packaging" that could not be resolved. [C:\Users\ultra\warewolf\Dev\Warewolf.Studio.Views\Warewolf.Studio.Views.csproj]
C:\Program Files\dotnet\sdk\10.0.201\Microsoft.Common.CurrentVersion.targets(2451,5): warning MSB3277: There was a conflict between "System.IO.Packaging, Version=6.0.0.0, Culture=neutral, PublicKeyToken=b03f5f7f11d50a3a" and "System.IO.Packaging, Version=7.0.0.0, Culture=neutral, PublicKeyToken=b03f5f7f11d50a3a". [C:\Users\ultra\warewolf\Dev\Warewolf.Studio.Views\Warewolf.Studio.Views.csproj]
C:\Program Files\dotnet\sdk\10.0.201\Microsoft.Common.CurrentVersion.targets(2451,5): warning MSB3277:     "System.IO.Packaging, Version=6.0.0.0, Culture=neutral, PublicKeyToken=b03f5f7f11d50a3a" was chosen because it was primary and "System.IO.Packaging, Version=7.0.0.0, Culture=neutral, PublicKeyToken=b03f5f7f11d50a3a" was not. [C:\Users\ultra\warewolf\Dev\Warewolf.Studio.Views\Warewolf.Studio.Views.csproj]
C:\Program Files\dotnet\sdk\10.0.201\Microsoft.Common.CurrentVersion.targets(2451,5): warning MSB3277:     References which depend on "System.IO.Packaging, Version=6.0.0.0, Culture=neutral, PublicKeyToken=b03f5f7f11d50a3a" [C:\Users\ultra\.nuget\packages\system.io.packaging\6.0.0\lib\net6.0\System.IO.Packaging.dll]. [C:\Users\ultra\warewolf\Dev\Warewolf.Studio.Views\Warewolf.Studio.Views.csproj]
C:\Program Files\dotnet\sdk\10.0.201\Microsoft.Common.CurrentVersion.targets(2451,5): warning MSB3277:         C:\Users\ultra\.nuget\packages\system.io.packaging\6.0.0\lib\net6.0\System.IO.Packaging.dll [C:\Users\ultra\warewolf\Dev\Warewolf.Studio.Views\Warewolf.Studio.Views.csproj]
C:\Program Files\dotnet\sdk\10.0.201\Microsoft.Common.CurrentVersion.targets(2451,5): warning MSB3277:           Project file item includes which caused reference "C:\Users\ultra\.nuget\packages\system.io.packaging\6.0.0\lib\net6.0\System.IO.Packaging.dll". [C:\Users\ultra\warewolf\Dev\Warewolf.Studio.Views\Warewolf.Studio.Views.csproj]
C:\Program Files\dotnet\sdk\10.0.201\Microsoft.Common.CurrentVersion.targets(2451,5): warning MSB3277:             C:\Users\ultra\.nuget\packages\system.io.packaging\6.0.0\lib\net6.0\System.IO.Packaging.dll [C:\Users\ultra\warewolf\Dev\Warewolf.Studio.Views\Warewolf.Studio.Views.csproj]
C:\Program Files\dotnet\sdk\10.0.201\Microsoft.Common.CurrentVersion.targets(2451,5): warning MSB3277:     References which depend on or have been unified to "System.IO.Packaging, Version=7.0.0.0, Culture=neutral, PublicKeyToken=b03f5f7f11d50a3a" []. [C:\Users\ultra\warewolf\Dev\Warewolf.Studio.Views\Warewolf.Studio.Views.csproj]
C:\Program Files\dotnet\sdk\10.0.201\Microsoft.Common.CurrentVersion.targets(2451,5): warning MSB3277:         C:\Users\ultra\warewolf\Dev\Binaries\Infragistcs_Net6\InfragisticsWPF4.Documents.RichTextDocument.v15.1.dll [C:\Users\ultra\warewolf\Dev\Warewolf.Studio.Views\Warewolf.Studio.Views.csproj]
C:\Program Files\dotnet\sdk\10.0.201\Microsoft.Common.CurrentVersion.targets(2451,5): warning MSB3277:           Project file item includes which caused reference "C:\Users\ultra\warewolf\Dev\Binaries\Infragistcs_Net6\InfragisticsWPF4.Documents.RichTextDocument.v15.1.dll". [C:\Users\ultra\warewolf\Dev\Warewolf.Studio.Views\Warewolf.Studio.Views.csproj]
C:\Program Files\dotnet\sdk\10.0.201\Microsoft.Common.CurrentVersion.targets(2451,5): warning MSB3277:             InfragisticsWPF4.Documents.RichTextDocument.v15.1 [C:\Users\ultra\warewolf\Dev\Warewolf.Studio.Views\Warewolf.Studio.Views.csproj]
C:\Program Files\dotnet\sdk\10.0.201\Microsoft.Common.CurrentVersion.targets(2451,5): warning MSB3277:             InfragisticsWPF4.Controls.Editors.XamRichTextEditor.v15.1 [C:\Users\ultra\warewolf\Dev\Warewolf.Studio.Views\Warewolf.Studio.Views.csproj]
C:\Program Files\dotnet\sdk\10.0.201\Microsoft.Common.CurrentVersion.targets(2451,5): warning MSB3277:             InfragisticsWPF4.Documents.RichTextDocument.Html.v15.1 [C:\Users\ultra\warewolf\Dev\Warewolf.Studio.Views\Warewolf.Studio.Views.csproj]
C:\Program Files\dotnet\sdk\10.0.201\Microsoft.Common.CurrentVersion.targets(2451,5): warning MSB3277:         C:\Program Files\dotnet\packs\Microsoft.NETCore.App.Ref\8.0.25\ref\net8.0\WindowsBase.dll [C:\Users\ultra\warewolf\Dev\Warewolf.Studio.Views\Warewolf.Studio.Views.csproj]
C:\Program Files\dotnet\sdk\10.0.201\Microsoft.Common.CurrentVersion.targets(2451,5): warning MSB3277:           Project file item includes which caused reference "C:\Program Files\dotnet\packs\Microsoft.NETCore.App.Ref\8.0.25\ref\net8.0\WindowsBase.dll". [C:\Users\ultra\warewolf\Dev\Warewolf.Studio.Views\Warewolf.Studio.Views.csproj]
C:\Program Files\dotnet\sdk\10.0.201\Microsoft.Common.CurrentVersion.targets(2451,5): warning MSB3277:             C:\Program Files\dotnet\packs\Microsoft.NETCore.App.Ref\8.0.25\ref/net8.0/WindowsBase.dll [C:\Users\ultra\warewolf\Dev\Warewolf.Studio.Views\Warewolf.Studio.Views.csproj]
C:\Program Files\dotnet\sdk\10.0.201\Microsoft.Common.CurrentVersion.targets(2451,5): warning MSB3277:         C:\Users\ultra\warewolf\Dev\Binaries\Infragistcs_Net6\InfragisticsWPF4.Documents.Core.v15.1.dll [C:\Users\ultra\warewolf\Dev\Warewolf.Studio.Views\Warewolf.Studio.Views.csproj]
C:\Program Files\dotnet\sdk\10.0.201\Microsoft.Common.CurrentVersion.targets(2451,5): warning MSB3277:           Project file item includes which caused reference "C:\Users\ultra\warewolf\Dev\Binaries\Infragistcs_Net6\InfragisticsWPF4.Documents.Core.v15.1.dll". [C:\Users\ultra\warewolf\Dev\Warewolf.Studio.Views\Warewolf.Studio.Views.csproj]
C:\Program Files\dotnet\sdk\10.0.201\Microsoft.Common.CurrentVersion.targets(2451,5): warning MSB3277:             InfragisticsWPF4.Documents.RichTextDocument.Html.v15.1 [C:\Users\ultra\warewolf\Dev\Warewolf.Studio.Views\Warewolf.Studio.Views.csproj]
C:\Program Files\dotnet\sdk\10.0.201\Microsoft.Common.CurrentVersion.targets(2451,5): warning MSB3277: Found conflicts between different versions of "System.Windows.Extensions" that could not be resolved. [C:\Users\ultra\warewolf\Dev\Warewolf.Studio.Views\Warewolf.Studio.Views.csproj]
C:\Program Files\dotnet\sdk\10.0.201\Microsoft.Common.CurrentVersion.targets(2451,5): warning MSB3277: There was a conflict between "System.Windows.Extensions, Version=6.0.0.0, Culture=neutral, PublicKeyToken=cc7b13ffcd2ddd51" and "System.Windows.Extensions, Version=7.0.0.0, Culture=neutral, PublicKeyToken=cc7b13ffcd2ddd51". [C:\Users\ultra\warewolf\Dev\Warewolf.Studio.Views\Warewolf.Studio.Views.csproj]
C:\Program Files\dotnet\sdk\10.0.201\Microsoft.Common.CurrentVersion.targets(2451,5): warning MSB3277:     "System.Windows.Extensions, Version=6.0.0.0, Culture=neutral, PublicKeyToken=cc7b13ffcd2ddd51" was chosen because it was primary and "System.Windows.Extensions, Version=7.0.0.0, Culture=neutral, PublicKeyToken=cc7b13ffcd2ddd51" was not. [C:\Users\ultra\warewolf\Dev\Warewolf.Studio.Views\Warewolf.Studio.Views.csproj]
C:\Program Files\dotnet\sdk\10.0.201\Microsoft.Common.CurrentVersion.targets(2451,5): warning MSB3277:     References which depend on "System.Windows.Extensions, Version=6.0.0.0, Culture=neutral, PublicKeyToken=cc7b13ffcd2ddd51" [C:\Users\ultra\.nuget\packages\system.windows.extensions\6.0.0\lib\net6.0\System.Windows.Extensions.dll]. [C:\Users\ultra\warewolf\Dev\Warewolf.Studio.Views\Warewolf.Studio.Views.csproj]
C:\Program Files\dotnet\sdk\10.0.201\Microsoft.Common.CurrentVersion.targets(2451,5): warning MSB3277:         C:\Users\ultra\.nuget\packages\system.windows.extensions\6.0.0\lib\net6.0\System.Windows.Extensions.dll [C:\Users\ultra\warewolf\Dev\Warewolf.Studio.Views\Warewolf.Studio.Views.csproj]
C:\Program Files\dotnet\sdk\10.0.201\Microsoft.Common.CurrentVersion.targets(2451,5): warning MSB3277:           Project file item includes which caused reference "C:\Users\ultra\.nuget\packages\system.windows.extensions\6.0.0\lib\net6.0\System.Windows.Extensions.dll". [C:\Users\ultra\warewolf\Dev\Warewolf.Studio.Views\Warewolf.Studio.Views.csproj]
C:\Program Files\dotnet\sdk\10.0.201\Microsoft.Common.CurrentVersion.targets(2451,5): warning MSB3277:             C:\Users\ultra\.nuget\packages\system.windows.extensions\6.0.0\lib\net6.0\System.Windows.Extensions.dll [C:\Users\ultra\warewolf\Dev\Warewolf.Studio.Views\Warewolf.Studio.Views.csproj]
C:\Program Files\dotnet\sdk\10.0.201\Microsoft.Common.CurrentVersion.targets(2451,5): warning MSB3277:     References which depend on or have been unified to "System.Windows.Extensions, Version=7.0.0.0, Culture=neutral, PublicKeyToken=cc7b13ffcd2ddd51" []. [C:\Users\ultra\warewolf\Dev\Warewolf.Studio.Views\Warewolf.Studio.Views.csproj]
C:\Program Files\dotnet\sdk\10.0.201\Microsoft.Common.CurrentVersion.targets(2451,5): warning MSB3277:         C:\Users\ultra\warewolf\Dev\Binaries\Infragistcs_Net6\InfragisticsWPF4.Editors.v15.1.dll [C:\Users\ultra\warewolf\Dev\Warewolf.Studio.Views\Warewolf.Studio.Views.csproj]
C:\Program Files\dotnet\sdk\10.0.201\Microsoft.Common.CurrentVersion.targets(2451,5): warning MSB3277:           Project file item includes which caused reference "C:\Users\ultra\warewolf\Dev\Binaries\Infragistcs_Net6\InfragisticsWPF4.Editors.v15.1.dll". [C:\Users\ultra\warewolf\Dev\Warewolf.Studio.Views\Warewolf.Studio.Views.csproj]
C:\Program Files\dotnet\sdk\10.0.201\Microsoft.Common.CurrentVersion.targets(2451,5): warning MSB3277:             InfragisticsWPF4.Editors.v15.1 [C:\Users\ultra\warewolf\Dev\Warewolf.Studio.Views\Warewolf.Studio.Views.csproj]
C:\Program Files\dotnet\sdk\10.0.201\Microsoft.Common.CurrentVersion.targets(2451,5): warning MSB3277:         C:\Users\ultra\.nuget\packages\extended.wpf.toolkit\4.4.0\lib\net5.0\Xceed.Wpf.Toolkit.NET5.dll [C:\Users\ultra\warewolf\Dev\Warewolf.Studio.Views\Warewolf.Studio.Views.csproj]
C:\Program Files\dotnet\sdk\10.0.201\Microsoft.Common.CurrentVersion.targets(2451,5): warning MSB3277:           Project file item includes which caused reference "C:\Users\ultra\.nuget\packages\extended.wpf.toolkit\4.4.0\lib\net5.0\Xceed.Wpf.Toolkit.NET5.dll". [C:\Users\ultra\warewolf\Dev\Warewolf.Studio.Views\Warewolf.Studio.Views.csproj]
C:\Program Files\dotnet\sdk\10.0.201\Microsoft.Common.CurrentVersion.targets(2451,5): warning MSB3277:             C:\Users\ultra\.nuget\packages\extended.wpf.toolkit\4.4.0\lib\net5.0\Xceed.Wpf.Toolkit.NET5.dll [C:\Users\ultra\warewolf\Dev\Warewolf.Studio.Views\Warewolf.Studio.Views.csproj]
C:\Program Files\dotnet\sdk\10.0.201\Microsoft.Common.CurrentVersion.targets(2451,5): warning MSB3277:         C:\Users\ultra\.nuget\packages\system.security.permissions\6.0.0\lib\net6.0\System.Security.Permissions.dll [C:\Users\ultra\warewolf\Dev\Warewolf.Studio.Views\Warewolf.Studio.Views.csproj]
C:\Program Files\dotnet\sdk\10.0.201\Microsoft.Common.CurrentVersion.targets(2451,5): warning MSB3277:           Project file item includes which caused reference "C:\Users\ultra\.nuget\packages\system.security.permissions\6.0.0\lib\net6.0\System.Security.Permissions.dll". [C:\Users\ultra\warewolf\Dev\Warewolf.Studio.Views\Warewolf.Studio.Views.csproj]
C:\Program Files\dotnet\sdk\10.0.201\Microsoft.Common.CurrentVersion.targets(2451,5): warning MSB3277:             C:\Users\ultra\.nuget\packages\system.security.permissions\6.0.0\lib\net6.0\System.Security.Permissions.dll [C:\Users\ultra\warewolf\Dev\Warewolf.Studio.Views\Warewolf.Studio.Views.csproj]
C:\Program Files\dotnet\sdk\10.0.201\Microsoft.Common.CurrentVersion.targets(2451,5): warning MSB3277:         C:\Program Files\dotnet\packs\Microsoft.NETCore.App.Ref\8.0.25\ref\net8.0\System.Security.dll [C:\Users\ultra\warewolf\Dev\Warewolf.Studio.Views\Warewolf.Studio.Views.csproj]
C:\Program Files\dotnet\sdk\10.0.201\Microsoft.Common.CurrentVersion.targets(2451,5): warning MSB3277:           Project file item includes which caused reference "C:\Program Files\dotnet\packs\Microsoft.NETCore.App.Ref\8.0.25\ref\net8.0\System.Security.dll". [C:\Users\ultra\warewolf\Dev\Warewolf.Studio.Views\Warewolf.Studio.Views.csproj]
C:\Program Files\dotnet\sdk\10.0.201\Microsoft.Common.CurrentVersion.targets(2451,5): warning MSB3277:             C:\Program Files\dotnet\packs\Microsoft.NETCore.App.Ref\8.0.25\ref/net8.0/System.Security.dll [C:\Users\ultra\warewolf\Dev\Warewolf.Studio.Views\Warewolf.Studio.Views.csproj]
C:\Program Files\dotnet\sdk\10.0.201\Microsoft.Common.CurrentVersion.targets(2451,5): warning MSB3277:         C:\Program Files\dotnet\packs\Microsoft.NETCore.App.Ref\8.0.25\ref\net8.0\System.dll [C:\Users\ultra\warewolf\Dev\Warewolf.Studio.Views\Warewolf.Studio.Views.csproj]
C:\Program Files\dotnet\sdk\10.0.201\Microsoft.Common.CurrentVersion.targets(2451,5): warning MSB3277:           Project file item includes which caused reference "C:\Program Files\dotnet\packs\Microsoft.NETCore.App.Ref\8.0.25\ref\net8.0\System.dll". [C:\Users\ultra\warewolf\Dev\Warewolf.Studio.Views\Warewolf.Studio.Views.csproj]
C:\Program Files\dotnet\sdk\10.0.201\Microsoft.Common.CurrentVersion.targets(2451,5): warning MSB3277:             C:\Program Files\dotnet\packs\Microsoft.NETCore.App.Ref\8.0.25\ref/net8.0/System.dll [C:\Users\ultra\warewolf\Dev\Warewolf.Studio.Views\Warewolf.Studio.Views.csproj]
C:\Program Files\dotnet\sdk\10.0.201\Microsoft.Common.CurrentVersion.targets(2451,5): warning MSB3277:             C:\Users\ultra\.nuget\packages\aerowizard\2.3.1\lib\net45\AeroWizard.dll [C:\Users\ultra\warewolf\Dev\Warewolf.Studio.Views\Warewolf.Studio.Views.csproj]
C:\Program Files\dotnet\sdk\10.0.201\Microsoft.Common.CurrentVersion.targets(2451,5): warning MSB3277:             C:\Users\ultra\.nuget\packages\groupcontrols\1.9.0\lib\net45\GroupControls.dll [C:\Users\ultra\warewolf\Dev\Warewolf.Studio.Views\Warewolf.Studio.Views.csproj]
C:\Program Files\dotnet\sdk\10.0.201\Microsoft.Common.CurrentVersion.targets(2451,5): warning MSB3277:             C:\Users\ultra\.nuget\packages\microsoft.xaml.behaviors.wpf\1.1.122\lib\net462\Microsoft.Xaml.Behaviors.dll [C:\Users\ultra\warewolf\Dev\Warewolf.Studio.Views\Warewolf.Studio.Views.csproj]
C:\Program Files\dotnet\sdk\10.0.201\Microsoft.Common.CurrentVersion.targets(2451,5): warning MSB3277:             C:\Users\ultra\.nuget\packages\caliburn.micro\4.0.212\lib\netcoreapp3.1\Caliburn.Micro.Platform.dll [C:\Users\ultra\warewolf\Dev\Warewolf.Studio.Views\Warewolf.Studio.Views.csproj]
C:\Program Files\dotnet\sdk\10.0.201\Microsoft.Common.CurrentVersion.targets(2451,5): warning MSB3277:             C:\Users\ultra\.nuget\packages\prism.wpf\9.0.537\lib\net462\Prism.Wpf.dll [C:\Users\ultra\warewolf\Dev\Warewolf.Studio.Views\Warewolf.Studio.Views.csproj]
C:\Program Files\dotnet\sdk\10.0.201\Microsoft.Common.CurrentVersion.targets(2451,5): warning MSB3277:             C:\Users\ultra\.nuget\packages\reactiveui.wpf\18.4.1\lib\net462\ReactiveUI.Wpf.dll [C:\Users\ultra\warewolf\Dev\Warewolf.Studio.Views\Warewolf.Studio.Views.csproj]
C:\Program Files\dotnet\sdk\10.0.201\Microsoft.Common.CurrentVersion.targets(2451,5): warning MSB3277:             C:\Users\ultra\.nuget\packages\taskschedulereditor\2.10.1\lib\net452\Microsoft.Win32.TaskSchedulerEditor.dll [C:\Users\ultra\warewolf\Dev\Warewolf.Studio.Views\Warewolf.Studio.Views.csproj]
C:\Program Files\dotnet\sdk\10.0.201\Microsoft.Common.CurrentVersion.targets(2451,5): warning MSB3277:             C:\Users\ultra\.nuget\packages\ttcue.netcore.sharepointonline.csom.16.1.8029.1200\16.1.8029.1200\lib\netcoreapp2.0\Microsoft.SharePoint.Client.Runtime.Windows.dll [C:\Users\ultra\warewolf\Dev\Warewolf.Studio.Views\Warewolf.Studio.Views.csproj]
  Consider app.config remapping of assembly "System.Data.SQLite, Culture=neutral, PublicKeyToken=db937bc2d44ff139" from Version "1.0.117.0" [] to Version "1.0.118.0" [C:\Users\ultra\.nuget\packages\stub.system.data.sqlite.core.netstandard\1.0.118\lib\netstandard2.1\System.Data.SQLite.dll] to solve conflict and get rid of warning.
C:\Program Files\dotnet\sdk\10.0.201\Microsoft.CSharp.CurrentVersion.targets(130,9): warning MSB3884: Could not find rule set file "..\.sonarlint\warewolf_dotnet_frameworkcsharp.ruleset". [C:\Users\ultra\warewolf\Dev\Warewolf.Studio.Views\Warewolf.Studio.Views.csproj]
C:\Users\ultra\warewolf\Dev\Dev2.Activities.Tests\Activities\DsfComDllActivityTests.cs(299,35): warning CS0618: 'DsfComDllActivity' is obsolete: 'DsfWebPostActivity is deprecated.' [C:\Users\ultra\warewolf\Dev\Dev2.Activities.Tests\Dev2.Activities.Tests.csproj]
C:\Users\ultra\warewolf\Dev\Dev2.Activities.Tests\Activities\DsfComDllActivityTests.cs(38,30): warning CS0618: 'DsfComDllActivity' is obsolete: 'DsfWebPostActivity is deprecated.' [C:\Users\ultra\warewolf\Dev\Dev2.Activities.Tests\Dev2.Activities.Tests.csproj]
C:\Users\ultra\warewolf\Dev\Dev2.Activities.Tests\Activities\DsfComDllActivityTests.cs(57,30): warning CS0618: 'DsfComDllActivity' is obsolete: 'DsfWebPostActivity is deprecated.' [C:\Users\ultra\warewolf\Dev\Dev2.Activities.Tests\Dev2.Activities.Tests.csproj]
C:\Users\ultra\warewolf\Dev\Dev2.Activities.Tests\Activities\DsfComDllActivityTests.cs(89,30): warning CS0618: 'DsfComDllActivity' is obsolete: 'DsfWebPostActivity is deprecated.' [C:\Users\ultra\warewolf\Dev\Dev2.Activities.Tests\Dev2.Activities.Tests.csproj]
C:\Users\ultra\warewolf\Dev\Dev2.Activities.Tests\Activities\DsfComDllActivityTests.cs(144,30): warning CS0618: 'DsfComDllActivity' is obsolete: 'DsfWebPostActivity is deprecated.' [C:\Users\ultra\warewolf\Dev\Dev2.Activities.Tests\Dev2.Activities.Tests.csproj]
C:\Users\ultra\warewolf\Dev\Dev2.Activities.Tests\Activities\DsfComDllActivityTests.cs(207,30): warning CS0618: 'DsfComDllActivity' is obsolete: 'DsfWebPostActivity is deprecated.' [C:\Users\ultra\warewolf\Dev\Dev2.Activities.Tests\Dev2.Activities.Tests.csproj]
C:\Users\ultra\warewolf\Dev\Dev2.Activities.Tests\Activities\DsfComDllActivityTests.cs(222,30): warning CS0618: 'DsfComDllActivity' is obsolete: 'DsfWebPostActivity is deprecated.' [C:\Users\ultra\warewolf\Dev\Dev2.Activities.Tests\Dev2.Activities.Tests.csproj]
C:\Users\ultra\warewolf\Dev\Dev2.Activities.Tests\Activities\DsfComDllActivityTests.cs(237,30): warning CS0618: 'DsfComDllActivity' is obsolete: 'DsfWebPostActivity is deprecated.' [C:\Users\ultra\warewolf\Dev\Dev2.Activities.Tests\Dev2.Activities.Tests.csproj]
C:\Users\ultra\warewolf\Dev\Dev2.Activities.Tests\Activities\DsfComDllActivityTests.cs(252,30): warning CS0618: 'DsfComDllActivity' is obsolete: 'DsfWebPostActivity is deprecated.' [C:\Users\ultra\warewolf\Dev\Dev2.Activities.Tests\Dev2.Activities.Tests.csproj]
C:\Users\ultra\warewolf\Dev\Dev2.Activities.Tests\Activities\DsfComDllActivityTests.cs(267,30): warning CS0618: 'DsfComDllActivity' is obsolete: 'DsfWebPostActivity is deprecated.' [C:\Users\ultra\warewolf\Dev\Dev2.Activities.Tests\Dev2.Activities.Tests.csproj]
C:\Users\ultra\warewolf\Dev\Dev2.Activities.Tests\Activities\DsfComDllActivityTests.cs(284,30): warning CS0618: 'DsfComDllActivity' is obsolete: 'DsfWebPostActivity is deprecated.' [C:\Users\ultra\warewolf\Dev\Dev2.Activities.Tests\Dev2.Activities.Tests.csproj]
C:\Users\ultra\warewolf\Dev\Dev2.Activities.Tests\ActivityComparerTests\ComDll\DsfComDllActivityEqualityTests.cs(34,30): warning CS0618: 'DsfComDllActivity' is obsolete: 'DsfWebPostActivity is deprecated.' [C:\Users\ultra\warewolf\Dev\Dev2.Activities.Tests\Dev2.Activities.Tests.csproj]
C:\Users\ultra\warewolf\Dev\Dev2.Activities.Tests\ActivityComparerTests\ComDll\DsfComDllActivityEqualityTests.cs(52,30): warning CS0618: 'DsfComDllActivity' is obsolete: 'DsfWebPostActivity is deprecated.' [C:\Users\ultra\warewolf\Dev\Dev2.Activities.Tests\Dev2.Activities.Tests.csproj]
C:\Users\ultra\warewolf\Dev\Dev2.Activities.Tests\ActivityComparerTests\ComDll\DsfComDllActivityEqualityTests.cs(70,30): warning CS0618: 'DsfComDllActivity' is obsolete: 'DsfWebPostActivity is deprecated.' [C:\Users\ultra\warewolf\Dev\Dev2.Activities.Tests\Dev2.Activities.Tests.csproj]
C:\Users\ultra\warewolf\Dev\Dev2.Activities.Tests\ActivityComparerTests\ComDll\DsfComDllActivityEqualityTests.cs(88,30): warning CS0618: 'DsfComDllActivity' is obsolete: 'DsfWebPostActivity is deprecated.' [C:\Users\ultra\warewolf\Dev\Dev2.Activities.Tests\Dev2.Activities.Tests.csproj]
C:\Users\ultra\warewolf\Dev\Dev2.Activities.Tests\ActivityComparerTests\ComDll\DsfComDllActivityEqualityTests.cs(106,30): warning CS0618: 'DsfComDllActivity' is obsolete: 'DsfWebPostActivity is deprecated.' [C:\Users\ultra\warewolf\Dev\Dev2.Activities.Tests\Dev2.Activities.Tests.csproj]
C:\Users\ultra\warewolf\Dev\Dev2.Activities.Tests\ActivityComparerTests\ComDll\DsfComDllActivityEqualityTests.cs(124,30): warning CS0618: 'DsfComDllActivity' is obsolete: 'DsfWebPostActivity is deprecated.' [C:\Users\ultra\warewolf\Dev\Dev2.Activities.Tests\Dev2.Activities.Tests.csproj]
C:\Users\ultra\warewolf\Dev\Dev2.Activities.Tests\ActivityComparerTests\ComDll\DsfComDllActivityEqualityTests.cs(162,30): warning CS0618: 'DsfComDllActivity' is obsolete: 'DsfWebPostActivity is deprecated.' [C:\Users\ultra\warewolf\Dev\Dev2.Activities.Tests\Dev2.Activities.Tests.csproj]
C:\Users\ultra\warewolf\Dev\Dev2.Activities.Tests\ActivityComparerTests\ComDll\DsfComDllActivityEqualityTests.cs(199,30): warning CS0618: 'DsfComDllActivity' is obsolete: 'DsfWebPostActivity is deprecated.' [C:\Users\ultra\warewolf\Dev\Dev2.Activities.Tests\Dev2.Activities.Tests.csproj]
C:\Users\ultra\warewolf\Dev\Dev2.Activities.Tests\ActivityComparerTests\ComDll\DsfComDllActivityEqualityTests.cs(239,30): warning CS0618: 'DsfComDllActivity' is obsolete: 'DsfWebPostActivity is deprecated.' [C:\Users\ultra\warewolf\Dev\Dev2.Activities.Tests\Dev2.Activities.Tests.csproj]
C:\Users\ultra\warewolf\Dev\Dev2.Activities.Tests\ActivityComparerTests\ComDll\DsfComDllActivityEqualityTests.cs(279,30): warning CS0618: 'DsfComDllActivity' is obsolete: 'DsfWebPostActivity is deprecated.' [C:\Users\ultra\warewolf\Dev\Dev2.Activities.Tests\Dev2.Activities.Tests.csproj]
C:\Users\ultra\warewolf\Dev\Dev2.Activities.Tests\ActivityComparerTests\ComDll\DsfComDllActivityEqualityTests.cs(324,30): warning CS0618: 'DsfComDllActivity' is obsolete: 'DsfWebPostActivity is deprecated.' [C:\Users\ultra\warewolf\Dev\Dev2.Activities.Tests\Dev2.Activities.Tests.csproj]
C:\Users\ultra\warewolf\Dev\Dev2.Activities.Tests\ActivityComparerTests\ComDll\DsfComDllActivityEqualityTests.cs(366,30): warning CS0618: 'DsfComDllActivity' is obsolete: 'DsfWebPostActivity is deprecated.' [C:\Users\ultra\warewolf\Dev\Dev2.Activities.Tests\Dev2.Activities.Tests.csproj]
C:\Users\ultra\warewolf\Dev\Dev2.Activities.Tests\ActivityComparerTests\ComDll\DsfComDllActivityEqualityTests.cs(416,30): warning CS0618: 'DsfComDllActivity' is obsolete: 'DsfWebPostActivity is deprecated.' [C:\Users\ultra\warewolf\Dev\Dev2.Activities.Tests\Dev2.Activities.Tests.csproj]
C:\Users\ultra\warewolf\Dev\Dev2.Activities.Tests\ActivityComparerTests\ComDll\DsfComDllActivityEqualityTests.cs(468,30): warning CS0618: 'DsfComDllActivity' is obsolete: 'DsfWebPostActivity is deprecated.' [C:\Users\ultra\warewolf\Dev\Dev2.Activities.Tests\Dev2.Activities.Tests.csproj]
C:\Users\ultra\warewolf\Dev\Dev2.Activities.Tests\ActivityComparerTests\ComDll\DsfComDllActivityEqualityTests.cs(532,30): warning CS0618: 'DsfComDllActivity' is obsolete: 'DsfWebPostActivity is deprecated.' [C:\Users\ultra\warewolf\Dev\Dev2.Activities.Tests\Dev2.Activities.Tests.csproj]
C:\Users\ultra\warewolf\Dev\Dev2.Activities.Tests\ActivityComparerTests\ComDll\DsfComDllActivityEqualityTests.cs(596,30): warning CS0618: 'DsfComDllActivity' is obsolete: 'DsfWebPostActivity is deprecated.' [C:\Users\ultra\warewolf\Dev\Dev2.Activities.Tests\Dev2.Activities.Tests.csproj]
C:\Users\ultra\warewolf\Dev\Dev2.Activities.Tests\ActivityComparerTests\ComDll\DsfComDllActivityEqualityTests.cs(680,30): warning CS0618: 'DsfComDllActivity' is obsolete: 'DsfWebPostActivity is deprecated.' [C:\Users\ultra\warewolf\Dev\Dev2.Activities.Tests\Dev2.Activities.Tests.csproj]
C:\Users\ultra\warewolf\Dev\Dev2.Activities.Tests\ActivityComparerTests\ComDll\DsfComDllActivityEqualityTests.cs(764,30): warning CS0618: 'DsfComDllActivity' is obsolete: 'DsfWebPostActivity is deprecated.' [C:\Users\ultra\warewolf\Dev\Dev2.Activities.Tests\Dev2.Activities.Tests.csproj]
C:\Users\ultra\warewolf\Dev\Dev2.Activities.Tests\ActivityComparerTests\ComDll\DsfComDllActivityEqualityTests.cs(846,30): warning CS0618: 'DsfComDllActivity' is obsolete: 'DsfWebPostActivity is deprecated.' [C:\Users\ultra\warewolf\Dev\Dev2.Activities.Tests\Dev2.Activities.Tests.csproj]
C:\Users\ultra\warewolf\Dev\Dev2.Activities.Tests\ActivityComparerTests\ComDll\DsfComDllActivityEqualityTests.cs(930,30): warning CS0618: 'DsfComDllActivity' is obsolete: 'DsfWebPostActivity is deprecated.' [C:\Users\ultra\warewolf\Dev\Dev2.Activities.Tests\Dev2.Activities.Tests.csproj]
C:\Users\ultra\warewolf\Dev\Dev2.Activities.Tests\ActivityComparerTests\ComDll\DsfComDllActivityEqualityTests.cs(1031,30): warning CS0618: 'DsfComDllActivity' is obsolete: 'DsfWebPostActivity is deprecated.' [C:\Users\ultra\warewolf\Dev\Dev2.Activities.Tests\Dev2.Activities.Tests.csproj]
C:\Users\ultra\warewolf\Dev\Dev2.Activities.Tests\ActivityComparerTests\ComDll\DsfComDllActivityEqualityTests.cs(1112,30): warning CS0618: 'DsfComDllActivity' is obsolete: 'DsfWebPostActivity is deprecated.' [C:\Users\ultra\warewolf\Dev\Dev2.Activities.Tests\Dev2.Activities.Tests.csproj]
C:\Users\ultra\warewolf\Dev\Dev2.Activities.Tests\ActivityComparerTests\ComDll\DsfComDllActivityEqualityTests.cs(1199,30): warning CS0618: 'DsfComDllActivity' is obsolete: 'DsfWebPostActivity is deprecated.' [C:\Users\ultra\warewolf\Dev\Dev2.Activities.Tests\Dev2.Activities.Tests.csproj]
C:\Users\ultra\warewolf\Dev\Dev2.Activities.Tests\ActivityComparerTests\ComDll\DsfComDllActivityEqualityTests.cs(1263,30): warning CS0618: 'DsfComDllActivity' is obsolete: 'DsfWebPostActivity is deprecated.' [C:\Users\ultra\warewolf\Dev\Dev2.Activities.Tests\Dev2.Activities.Tests.csproj]
C:\Users\ultra\warewolf\Dev\Dev2.Activities.Tests\ActivityComparerTests\ComDll\DsfComDllActivityEqualityTests.cs(1328,30): warning CS0618: 'DsfComDllActivity' is obsolete: 'DsfWebPostActivity is deprecated.' [C:\Users\ultra\warewolf\Dev\Dev2.Activities.Tests\Dev2.Activities.Tests.csproj]
C:\Users\ultra\warewolf\Dev\Dev2.Activities.Tests\ActivityComparerTests\ComDll\DsfComDllActivityEqualityTests.cs(1396,30): warning CS0618: 'DsfComDllActivity' is obsolete: 'DsfWebPostActivity is deprecated.' [C:\Users\ultra\warewolf\Dev\Dev2.Activities.Tests\Dev2.Activities.Tests.csproj]
C:\Users\ultra\warewolf\Dev\Dev2.Activities.Tests\ActivityComparerTests\ComDll\DsfComDllActivityEqualityTests.cs(1469,30): warning CS0618: 'DsfComDllActivity' is obsolete: 'DsfWebPostActivity is deprecated.' [C:\Users\ultra\warewolf\Dev\Dev2.Activities.Tests\Dev2.Activities.Tests.csproj]
C:\Users\ultra\warewolf\Dev\Dev2.Activities.Tests\ActivityComparerTests\ComDll\DsfComDllActivityEqualityTests.cs(1541,30): warning CS0618: 'DsfComDllActivity' is obsolete: 'DsfWebPostActivity is deprecated.' [C:\Users\ultra\warewolf\Dev\Dev2.Activities.Tests\Dev2.Activities.Tests.csproj]
C:\Users\ultra\warewolf\Dev\Dev2.Activities.Tests\ActivityComparerTests\ComDll\DsfComDllActivityEqualityTests.cs(1607,30): warning CS0618: 'DsfComDllActivity' is obsolete: 'DsfWebPostActivity is deprecated.' [C:\Users\ultra\warewolf\Dev\Dev2.Activities.Tests\Dev2.Activities.Tests.csproj]
C:\Users\ultra\warewolf\Dev\Dev2.Activities.Tests\ActivityComparerTests\ComDll\DsfComDllActivityEqualityTests.cs(1675,30): warning CS0618: 'DsfComDllActivity' is obsolete: 'DsfWebPostActivity is deprecated.' [C:\Users\ultra\warewolf\Dev\Dev2.Activities.Tests\Dev2.Activities.Tests.csproj]
C:\Users\ultra\warewolf\Dev\Dev2.Activities.Tests\ActivityComparerTests\ComDll\DsfComDllActivityEqualityTests.cs(1745,30): warning CS0618: 'DsfComDllActivity' is obsolete: 'DsfWebPostActivity is deprecated.' [C:\Users\ultra\warewolf\Dev\Dev2.Activities.Tests\Dev2.Activities.Tests.csproj]
C:\Users\ultra\warewolf\Dev\Dev2.Activities.Tests\Activities\DsfComDllActivityTests.cs(274,23): warning CS0618: 'DsfComDllActivity' is obsolete: 'DsfWebPostActivity is deprecated.' [C:\Users\ultra\warewolf\Dev\Dev2.Activities.Tests\Dev2.Activities.Tests.csproj]
C:\Users\ultra\warewolf\Dev\Dev2.Activities.Tests\ActivityComparerTests\ComDll\DsfComDllActivityEqualityTests.cs(39,32): warning CS0618: 'DsfComDllActivity' is obsolete: 'DsfWebPostActivity is deprecated.' [C:\Users\ultra\warewolf\Dev\Dev2.Activities.Tests\Dev2.Activities.Tests.csproj]
C:\Users\ultra\warewolf\Dev\Dev2.Activities.Tests\ActivityComparerTests\ComDll\DsfComDllActivityEqualityTests.cs(40,33): warning CS0618: 'DsfComDllActivity' is obsolete: 'DsfWebPostActivity is deprecated.' [C:\Users\ultra\warewolf\Dev\Dev2.Activities.Tests\Dev2.Activities.Tests.csproj]
C:\Users\ultra\warewolf\Dev\Dev2.Activities.Tests\ActivityComparerTests\ComDll\DsfComDllActivityEqualityTests.cs(57,32): warning CS0618: 'DsfComDllActivity' is obsolete: 'DsfWebPostActivity is deprecated.' [C:\Users\ultra\warewolf\Dev\Dev2.Activities.Tests\Dev2.Activities.Tests.csproj]
C:\Users\ultra\warewolf\Dev\Dev2.Activities.Tests\ActivityComparerTests\ComDll\DsfComDllActivityEqualityTests.cs(58,33): warning CS0618: 'DsfComDllActivity' is obsolete: 'DsfWebPostActivity is deprecated.' [C:\Users\ultra\warewolf\Dev\Dev2.Activities.Tests\Dev2.Activities.Tests.csproj]
C:\Users\ultra\warewolf\Dev\Dev2.Activities.Tests\ActivityComparerTests\ComDll\DsfComDllActivityEqualityTests.cs(75,32): warning CS0618: 'DsfComDllActivity' is obsolete: 'DsfWebPostActivity is deprecated.' [C:\Users\ultra\warewolf\Dev\Dev2.Activities.Tests\Dev2.Activities.Tests.csproj]
C:\Users\ultra\warewolf\Dev\Dev2.Activities.Tests\ActivityComparerTests\ComDll\DsfComDllActivityEqualityTests.cs(76,33): warning CS0618: 'DsfComDllActivity' is obsolete: 'DsfWebPostActivity is deprecated.' [C:\Users\ultra\warewolf\Dev\Dev2.Activities.Tests\Dev2.Activities.Tests.csproj]
C:\Users\ultra\warewolf\Dev\Dev2.Activities.Tests\ActivityComparerTests\ComDll\DsfComDllActivityEqualityTests.cs(93,32): warning CS0618: 'DsfComDllActivity' is obsolete: 'DsfWebPostActivity is deprecated.' [C:\Users\ultra\warewolf\Dev\Dev2.Activities.Tests\Dev2.Activities.Tests.csproj]
C:\Users\ultra\warewolf\Dev\Dev2.Activities.Tests\ActivityComparerTests\ComDll\DsfComDllActivityEqualityTests.cs(94,33): warning CS0618: 'DsfComDllActivity' is obsolete: 'DsfWebPostActivity is deprecated.' [C:\Users\ultra\warewolf\Dev\Dev2.Activities.Tests\Dev2.Activities.Tests.csproj]
C:\Users\ultra\warewolf\Dev\Dev2.Activities.Tests\ActivityComparerTests\ComDll\DsfComDllActivityEqualityTests.cs(111,32): warning CS0618: 'DsfComDllActivity' is obsolete: 'DsfWebPostActivity is deprecated.' [C:\Users\ultra\warewolf\Dev\Dev2.Activities.Tests\Dev2.Activities.Tests.csproj]
C:\Users\ultra\warewolf\Dev\Dev2.Activities.Tests\ActivityComparerTests\ComDll\DsfComDllActivityEqualityTests.cs(112,33): warning CS0618: 'DsfComDllActivity' is obsolete: 'DsfWebPostActivity is deprecated.' [C:\Users\ultra\warewolf\Dev\Dev2.Activities.Tests\Dev2.Activities.Tests.csproj]
C:\Users\ultra\warewolf\Dev\Dev2.Activities.Tests\ActivityComparerTests\ComDll\DsfComDllActivityEqualityTests.cs(139,32): warning CS0618: 'DsfComDllActivity' is obsolete: 'DsfWebPostActivity is deprecated.' [C:\Users\ultra\warewolf\Dev\Dev2.Activities.Tests\Dev2.Activities.Tests.csproj]
C:\Users\ultra\warewolf\Dev\Dev2.Activities.Tests\ActivityComparerTests\ComDll\DsfComDllActivityEqualityTests.cs(145,33): warning CS0618: 'DsfComDllActivity' is obsolete: 'DsfWebPostActivity is deprecated.' [C:\Users\ultra\warewolf\Dev\Dev2.Activities.Tests\Dev2.Activities.Tests.csproj]
C:\Users\ultra\warewolf\Dev\Dev2.Activities.Tests\ActivityComparerTests\ComDll\DsfComDllActivityEqualityTests.cs(176,32): warning CS0618: 'DsfComDllActivity' is obsolete: 'DsfWebPostActivity is deprecated.' [C:\Users\ultra\warewolf\Dev\Dev2.Activities.Tests\Dev2.Activities.Tests.csproj]
C:\Users\ultra\warewolf\Dev\Dev2.Activities.Tests\ActivityComparerTests\ComDll\DsfComDllActivityEqualityTests.cs(182,33): warning CS0618: 'DsfComDllActivity' is obsolete: 'DsfWebPostActivity is deprecated.' [C:\Users\ultra\warewolf\Dev\Dev2.Activities.Tests\Dev2.Activities.Tests.csproj]
C:\Users\ultra\warewolf\Dev\Dev2.Activities.Tests\ActivityComparerTests\ComDll\DsfComDllActivityEqualityTests.cs(216,32): warning CS0618: 'DsfComDllActivity' is obsolete: 'DsfWebPostActivity is deprecated.' [C:\Users\ultra\warewolf\Dev\Dev2.Activities.Tests\Dev2.Activities.Tests.csproj]
C:\Users\ultra\warewolf\Dev\Dev2.Activities.Tests\ActivityComparerTests\ComDll\DsfComDllActivityEqualityTests.cs(222,33): warning CS0618: 'DsfComDllActivity' is obsolete: 'DsfWebPostActivity is deprecated.' [C:\Users\ultra\warewolf\Dev\Dev2.Activities.Tests\Dev2.Activities.Tests.csproj]
C:\Users\ultra\warewolf\Dev\Dev2.Activities.Tests\ActivityComparerTests\ComDll\DsfComDllActivityEqualityTests.cs(256,32): warning CS0618: 'DsfComDllActivity' is obsolete: 'DsfWebPostActivity is deprecated.' [C:\Users\ultra\warewolf\Dev\Dev2.Activities.Tests\Dev2.Activities.Tests.csproj]
C:\Users\ultra\warewolf\Dev\Dev2.Activities.Tests\ActivityComparerTests\ComDll\DsfComDllActivityEqualityTests.cs(262,33): warning CS0618: 'DsfComDllActivity' is obsolete: 'DsfWebPostActivity is deprecated.' [C:\Users\ultra\warewolf\Dev\Dev2.Activities.Tests\Dev2.Activities.Tests.csproj]
C:\Users\ultra\warewolf\Dev\Dev2.Activities.Tests\ActivityComparerTests\ComDll\DsfComDllActivityEqualityTests.cs(298,32): warning CS0618: 'DsfComDllActivity' is obsolete: 'DsfWebPostActivity is deprecated.' [C:\Users\ultra\warewolf\Dev\Dev2.Activities.Tests\Dev2.Activities.Tests.csproj]
C:\Users\ultra\warewolf\Dev\Dev2.Activities.Tests\ActivityComparerTests\ComDll\DsfComDllActivityEqualityTests.cs(306,33): warning CS0618: 'DsfComDllActivity' is obsolete: 'DsfWebPostActivity is deprecated.' [C:\Users\ultra\warewolf\Dev\Dev2.Activities.Tests\Dev2.Activities.Tests.csproj]
C:\Users\ultra\warewolf\Dev\Dev2.Activities.Tests\ActivityComparerTests\ComDll\DsfComDllActivityEqualityTests.cs(343,32): warning CS0618: 'DsfComDllActivity' is obsolete: 'DsfWebPostActivity is deprecated.' [C:\Users\ultra\warewolf\Dev\Dev2.Activities.Tests\Dev2.Activities.Tests.csproj]
C:\Users\ultra\warewolf\Dev\Dev2.Activities.Tests\ActivityComparerTests\ComDll\DsfComDllActivityEqualityTests.cs(349,33): warning CS0618: 'DsfComDllActivity' is obsolete: 'DsfWebPostActivity is deprecated.' [C:\Users\ultra\warewolf\Dev\Dev2.Activities.Tests\Dev2.Activities.Tests.csproj]
C:\Users\ultra\warewolf\Dev\Dev2.Activities.Tests\ActivityComparerTests\ComDll\DsfComDllActivityEqualityTests.cs(393,32): warning CS0618: 'DsfComDllActivity' is obsolete: 'DsfWebPostActivity is deprecated.' [C:\Users\ultra\warewolf\Dev\Dev2.Activities.Tests\Dev2.Activities.Tests.csproj]
C:\Users\ultra\warewolf\Dev\Dev2.Activities.Tests\ActivityComparerTests\ComDll\DsfComDllActivityEqualityTests.cs(399,33): warning CS0618: 'DsfComDllActivity' is obsolete: 'DsfWebPostActivity is deprecated.' [C:\Users\ultra\warewolf\Dev\Dev2.Activities.Tests\Dev2.Activities.Tests.csproj]
C:\Users\ultra\warewolf\Dev\Dev2.Activities.Tests\ActivityComparerTests\ComDll\DsfComDllActivityEqualityTests.cs(445,32): warning CS0618: 'DsfComDllActivity' is obsolete: 'DsfWebPostActivity is deprecated.' [C:\Users\ultra\warewolf\Dev\Dev2.Activities.Tests\Dev2.Activities.Tests.csproj]
C:\Users\ultra\warewolf\Dev\Dev2.Activities.Tests\ActivityComparerTests\ComDll\DsfComDllActivityEqualityTests.cs(451,33): warning CS0618: 'DsfComDllActivity' is obsolete: 'DsfWebPostActivity is deprecated.' [C:\Users\ultra\warewolf\Dev\Dev2.Activities.Tests\Dev2.Activities.Tests.csproj]
C:\Users\ultra\warewolf\Dev\Dev2.Activities.Tests\ActivityComparerTests\ComDll\DsfComDllActivityEqualityTests.cs(507,32): warning CS0618: 'DsfComDllActivity' is obsolete: 'DsfWebPostActivity is deprecated.' [C:\Users\ultra\warewolf\Dev\Dev2.Activities.Tests\Dev2.Activities.Tests.csproj]
C:\Users\ultra\warewolf\Dev\Dev2.Activities.Tests\ActivityComparerTests\ComDll\DsfComDllActivityEqualityTests.cs(514,33): warning CS0618: 'DsfComDllActivity' is obsolete: 'DsfWebPostActivity is deprecated.' [C:\Users\ultra\warewolf\Dev\Dev2.Activities.Tests\Dev2.Activities.Tests.csproj]
C:\Users\ultra\warewolf\Dev\Dev2.Activities.Tests\ActivityComparerTests\ComDll\DsfComDllActivityEqualityTests.cs(571,32): warning CS0618: 'DsfComDllActivity' is obsolete: 'DsfWebPostActivity is deprecated.' [C:\Users\ultra\warewolf\Dev\Dev2.Activities.Tests\Dev2.Activities.Tests.csproj]
C:\Users\ultra\warewolf\Dev\Dev2.Activities.Tests\ActivityComparerTests\ComDll\DsfComDllActivityEqualityTests.cs(578,33): warning CS0618: 'DsfComDllActivity' is obsolete: 'DsfWebPostActivity is deprecated.' [C:\Users\ultra\warewolf\Dev\Dev2.Activities.Tests\Dev2.Activities.Tests.csproj]
C:\Users\ultra\warewolf\Dev\Dev2.Activities.Tests\ActivityComparerTests\ComDll\DsfComDllActivityEqualityTests.cs(655,32): warning CS0618: 'DsfComDllActivity' is obsolete: 'DsfWebPostActivity is deprecated.' [C:\Users\ultra\warewolf\Dev\Dev2.Activities.Tests\Dev2.Activities.Tests.csproj]
C:\Users\ultra\warewolf\Dev\Dev2.Activities.Tests\ActivityComparerTests\ComDll\DsfComDllActivityEqualityTests.cs(662,33): warning CS0618: 'DsfComDllActivity' is obsolete: 'DsfWebPostActivity is deprecated.' [C:\Users\ultra\warewolf\Dev\Dev2.Activities.Tests\Dev2.Activities.Tests.csproj]
C:\Users\ultra\warewolf\Dev\Dev2.Activities.Tests\ActivityComparerTests\ComDll\DsfComDllActivityEqualityTests.cs(739,32): warning CS0618: 'DsfComDllActivity' is obsolete: 'DsfWebPostActivity is deprecated.' [C:\Users\ultra\warewolf\Dev\Dev2.Activities.Tests\Dev2.Activities.Tests.csproj]
C:\Users\ultra\warewolf\Dev\Dev2.Activities.Tests\ActivityComparerTests\ComDll\DsfComDllActivityEqualityTests.cs(746,33): warning CS0618: 'DsfComDllActivity' is obsolete: 'DsfWebPostActivity is deprecated.' [C:\Users\ultra\warewolf\Dev\Dev2.Activities.Tests\Dev2.Activities.Tests.csproj]
C:\Users\ultra\warewolf\Dev\Dev2.Activities.Tests\ActivityComparerTests\ComDll\DsfComDllActivityEqualityTests.cs(821,32): warning CS0618: 'DsfComDllActivity' is obsolete: 'DsfWebPostActivity is deprecated.' [C:\Users\ultra\warewolf\Dev\Dev2.Activities.Tests\Dev2.Activities.Tests.csproj]
C:\Users\ultra\warewolf\Dev\Dev2.Activities.Tests\ActivityComparerTests\ComDll\DsfComDllActivityEqualityTests.cs(828,33): warning CS0618: 'DsfComDllActivity' is obsolete: 'DsfWebPostActivity is deprecated.' [C:\Users\ultra\warewolf\Dev\Dev2.Activities.Tests\Dev2.Activities.Tests.csproj]
C:\Users\ultra\warewolf\Dev\Dev2.Activities.Tests\ActivityComparerTests\ComDll\DsfComDllActivityEqualityTests.cs(905,32): warning CS0618: 'DsfComDllActivity' is obsolete: 'DsfWebPostActivity is deprecated.' [C:\Users\ultra\warewolf\Dev\Dev2.Activities.Tests\Dev2.Activities.Tests.csproj]
C:\Users\ultra\warewolf\Dev\Dev2.Activities.Tests\ActivityComparerTests\ComDll\DsfComDllActivityEqualityTests.cs(912,33): warning CS0618: 'DsfComDllActivity' is obsolete: 'DsfWebPostActivity is deprecated.' [C:\Users\ultra\warewolf\Dev\Dev2.Activities.Tests\Dev2.Activities.Tests.csproj]
C:\Users\ultra\warewolf\Dev\Dev2.Activities.Tests\ActivityComparerTests\ComDll\DsfComDllActivityEqualityTests.cs(1003,32): warning CS0618: 'DsfComDllActivity' is obsolete: 'DsfWebPostActivity is deprecated.' [C:\Users\ultra\warewolf\Dev\Dev2.Activities.Tests\Dev2.Activities.Tests.csproj]
C:\Users\ultra\warewolf\Dev\Dev2.Activities.Tests\ActivityComparerTests\ComDll\DsfComDllActivityEqualityTests.cs(1012,33): warning CS0618: 'DsfComDllActivity' is obsolete: 'DsfWebPostActivity is deprecated.' [C:\Users\ultra\warewolf\Dev\Dev2.Activities.Tests\Dev2.Activities.Tests.csproj]
C:\Users\ultra\warewolf\Dev\Dev2.Activities.Tests\ActivityComparerTests\ComDll\DsfComDllActivityEqualityTests.cs(1088,32): warning CS0618: 'DsfComDllActivity' is obsolete: 'DsfWebPostActivity is deprecated.' [C:\Users\ultra\warewolf\Dev\Dev2.Activities.Tests\Dev2.Activities.Tests.csproj]
C:\Users\ultra\warewolf\Dev\Dev2.Activities.Tests\ActivityComparerTests\ComDll\DsfComDllActivityEqualityTests.cs(1095,33): warning CS0618: 'DsfComDllActivity' is obsolete: 'DsfWebPostActivity is deprecated.' [C:\Users\ultra\warewolf\Dev\Dev2.Activities.Tests\Dev2.Activities.Tests.csproj]
C:\Users\ultra\warewolf\Dev\Dev2.Activities.Tests\ActivityComparerTests\ComDll\DsfComDllActivityEqualityTests.cs(1171,32): warning CS0618: 'DsfComDllActivity' is obsolete: 'DsfWebPostActivity is deprecated.' [C:\Users\ultra\warewolf\Dev\Dev2.Activities.Tests\Dev2.Activities.Tests.csproj]
C:\Users\ultra\warewolf\Dev\Dev2.Activities.Tests\ActivityComparerTests\ComDll\DsfComDllActivityEqualityTests.cs(1180,33): warning CS0618: 'DsfComDllActivity' is obsolete: 'DsfWebPostActivity is deprecated.' [C:\Users\ultra\warewolf\Dev\Dev2.Activities.Tests\Dev2.Activities.Tests.csproj]
C:\Users\ultra\warewolf\Dev\Dev2.Activities.Tests\ActivityComparerTests\ComDll\DsfComDllActivityEqualityTests.cs(1238,32): warning CS0618: 'DsfComDllActivity' is obsolete: 'DsfWebPostActivity is deprecated.' [C:\Users\ultra\warewolf\Dev\Dev2.Activities.Tests\Dev2.Activities.Tests.csproj]
C:\Users\ultra\warewolf\Dev\Dev2.Activities.Tests\ActivityComparerTests\ComDll\DsfComDllActivityEqualityTests.cs(1245,33): warning CS0618: 'DsfComDllActivity' is obsolete: 'DsfWebPostActivity is deprecated.' [C:\Users\ultra\warewolf\Dev\Dev2.Activities.Tests\Dev2.Activities.Tests.csproj]
C:\Users\ultra\warewolf\Dev\Dev2.Activities.Tests\ActivityComparerTests\ComDll\DsfComDllActivityEqualityTests.cs(1304,32): warning CS0618: 'DsfComDllActivity' is obsolete: 'DsfWebPostActivity is deprecated.' [C:\Users\ultra\warewolf\Dev\Dev2.Activities.Tests\Dev2.Activities.Tests.csproj]
C:\Users\ultra\warewolf\Dev\Dev2.Activities.Tests\ActivityComparerTests\ComDll\DsfComDllActivityEqualityTests.cs(1311,33): warning CS0618: 'DsfComDllActivity' is obsolete: 'DsfWebPostActivity is deprecated.' [C:\Users\ultra\warewolf\Dev\Dev2.Activities.Tests\Dev2.Activities.Tests.csproj]
C:\Users\ultra\warewolf\Dev\Dev2.Activities.Tests\ActivityComparerTests\ComDll\DsfComDllActivityEqualityTests.cs(1371,32): warning CS0618: 'DsfComDllActivity' is obsolete: 'DsfWebPostActivity is deprecated.' [C:\Users\ultra\warewolf\Dev\Dev2.Activities.Tests\Dev2.Activities.Tests.csproj]
C:\Users\ultra\warewolf\Dev\Dev2.Activities.Tests\ActivityComparerTests\ComDll\DsfComDllActivityEqualityTests.cs(1378,33): warning CS0618: 'DsfComDllActivity' is obsolete: 'DsfWebPostActivity is deprecated.' [C:\Users\ultra\warewolf\Dev\Dev2.Activities.Tests\Dev2.Activities.Tests.csproj]
C:\Users\ultra\warewolf\Dev\Dev2.Activities.Tests\ActivityComparerTests\ComDll\DsfComDllActivityEqualityTests.cs(1441,32): warning CS0618: 'DsfComDllActivity' is obsolete: 'DsfWebPostActivity is deprecated.' [C:\Users\ultra\warewolf\Dev\Dev2.Activities.Tests\Dev2.Activities.Tests.csproj]
C:\Users\ultra\warewolf\Dev\Dev2.Activities.Tests\ActivityComparerTests\ComDll\DsfComDllActivityEqualityTests.cs(1450,33): warning CS0618: 'DsfComDllActivity' is obsolete: 'DsfWebPostActivity is deprecated.' [C:\Users\ultra\warewolf\Dev\Dev2.Activities.Tests\Dev2.Activities.Tests.csproj]
C:\Users\ultra\warewolf\Dev\Dev2.Activities.Tests\ActivityComparerTests\ComDll\DsfComDllActivityEqualityTests.cs(1516,32): warning CS0618: 'DsfComDllActivity' is obsolete: 'DsfWebPostActivity is deprecated.' [C:\Users\ultra\warewolf\Dev\Dev2.Activities.Tests\Dev2.Activities.Tests.csproj]
C:\Users\ultra\warewolf\Dev\Dev2.Activities.Tests\ActivityComparerTests\ComDll\DsfComDllActivityEqualityTests.cs(1523,33): warning CS0618: 'DsfComDllActivity' is obsolete: 'DsfWebPostActivity is deprecated.' [C:\Users\ultra\warewolf\Dev\Dev2.Activities.Tests\Dev2.Activities.Tests.csproj]
C:\Users\ultra\warewolf\Dev\Dev2.Activities.Tests\ActivityComparerTests\ComDll\DsfComDllActivityEqualityTests.cs(1582,32): warning CS0618: 'DsfComDllActivity' is obsolete: 'DsfWebPostActivity is deprecated.' [C:\Users\ultra\warewolf\Dev\Dev2.Activities.Tests\Dev2.Activities.Tests.csproj]
C:\Users\ultra\warewolf\Dev\Dev2.Activities.Tests\ActivityComparerTests\ComDll\DsfComDllActivityEqualityTests.cs(1589,33): warning CS0618: 'DsfComDllActivity' is obsolete: 'DsfWebPostActivity is deprecated.' [C:\Users\ultra\warewolf\Dev\Dev2.Activities.Tests\Dev2.Activities.Tests.csproj]
C:\Users\ultra\warewolf\Dev\Dev2.Activities.Tests\ActivityComparerTests\ComDll\DsfComDllActivityEqualityTests.cs(1650,32): warning CS0618: 'DsfComDllActivity' is obsolete: 'DsfWebPostActivity is deprecated.' [C:\Users\ultra\warewolf\Dev\Dev2.Activities.Tests\Dev2.Activities.Tests.csproj]
C:\Users\ultra\warewolf\Dev\Dev2.Activities.Tests\ActivityComparerTests\ComDll\DsfComDllActivityEqualityTests.cs(1657,33): warning CS0618: 'DsfComDllActivity' is obsolete: 'DsfWebPostActivity is deprecated.' [C:\Users\ultra\warewolf\Dev\Dev2.Activities.Tests\Dev2.Activities.Tests.csproj]
C:\Users\ultra\warewolf\Dev\Dev2.Activities.Tests\ActivityComparerTests\ComDll\DsfComDllActivityEqualityTests.cs(1720,32): warning CS0618: 'DsfComDllActivity' is obsolete: 'DsfWebPostActivity is deprecated.' [C:\Users\ultra\warewolf\Dev\Dev2.Activities.Tests\Dev2.Activities.Tests.csproj]
C:\Users\ultra\warewolf\Dev\Dev2.Activities.Tests\ActivityComparerTests\ComDll\DsfComDllActivityEqualityTests.cs(1727,33): warning CS0618: 'DsfComDllActivity' is obsolete: 'DsfWebPostActivity is deprecated.' [C:\Users\ultra\warewolf\Dev\Dev2.Activities.Tests\Dev2.Activities.Tests.csproj]
C:\Users\ultra\warewolf\Dev\Dev2.Activities.Tests\ActivityComparerTests\ComDll\DsfComDllActivityEqualityTests.cs(1792,32): warning CS0618: 'DsfComDllActivity' is obsolete: 'DsfWebPostActivity is deprecated.' [C:\Users\ultra\warewolf\Dev\Dev2.Activities.Tests\Dev2.Activities.Tests.csproj]
C:\Users\ultra\warewolf\Dev\Dev2.Activities.Tests\ActivityComparerTests\ComDll\DsfComDllActivityEqualityTests.cs(1799,33): warning CS0618: 'DsfComDllActivity' is obsolete: 'DsfWebPostActivity is deprecated.' [C:\Users\ultra\warewolf\Dev\Dev2.Activities.Tests\Dev2.Activities.Tests.csproj]
C:\Users\ultra\warewolf\Dev\Dev2.Activities.Tests\ActivityTests\ExecuteCommandLineTest.cs(41,43): warning CS0618: 'TestContext.TestDir' is obsolete: 'This property is deprecated, use TestRunDirectory instead. It will be removed in next version.' [C:\Users\ultra\warewolf\Dev\Dev2.Activities.Tests\Dev2.Activities.Tests.csproj]
C:\Users\ultra\warewolf\Dev\Dev2.Activities.Tests\ActivityTests\ExecuteCommandLineTest.cs(105,47): warning CS0618: 'TestContext.TestDeploymentDir' is obsolete: 'This property is deprecated, use DeploymentDirectory instead. It will be removed in next version.' [C:\Users\ultra\warewolf\Dev\Dev2.Activities.Tests\Dev2.Activities.Tests.csproj]
C:\Users\ultra\warewolf\Dev\Dev2.Activities.Tests\ActivityTests\ZipTests.cs(33,28): warning MSTEST0005: Property 'TestContext' should be valid (https://learn.microsoft.com/dotnet/core/testing/mstest-analyzers/mstest0005) [C:\Users\ultra\warewolf\Dev\Dev2.Activities.Tests\Dev2.Activities.Tests.csproj]
C:\Users\ultra\warewolf\Dev\Dev2.Activities.Tests\FindMissingStrategyTest\StaticActivityFindMissingStrategyTests.cs(26,21): warning MSTEST0005: Property 'TestContext' should be valid (https://learn.microsoft.com/dotnet/core/testing/mstest-analyzers/mstest0005) [C:\Users\ultra\warewolf\Dev\Dev2.Activities.Tests\Dev2.Activities.Tests.csproj]
C:\Users\ultra\warewolf\Dev\Dev2.Activities.Tests\ActivityTests\SuspendExecutionActivityTests.cs(923,58): warning CA1416: This call site is reachable on all platforms. 'WindowsIdentity.GetCurrent()' is only supported on: 'windows'. (https://learn.microsoft.com/dotnet/fundamentals/code-analysis/quality-rules/ca1416) [C:\Users\ultra\warewolf\Dev\Dev2.Activities.Tests\Dev2.Activities.Tests.csproj]
C:\Users\ultra\warewolf\Dev\Dev2.Activities.Tests\ActivityTests\SuspendExecutionActivityTests.cs(651,60): warning CA1416: This call site is reachable on all platforms. 'WindowsIdentity.GetCurrent()' is only supported on: 'windows'. (https://learn.microsoft.com/dotnet/fundamentals/code-analysis/quality-rules/ca1416) [C:\Users\ultra\warewolf\Dev\Dev2.Activities.Tests\Dev2.Activities.Tests.csproj]
C:\Users\ultra\warewolf\Dev\Dev2.Activities.Tests\ActivityTests\SuspendExecutionActivityTests.cs(699,58): warning CA1416: This call site is reachable on all platforms. 'WindowsIdentity.GetCurrent()' is only supported on: 'windows'. (https://learn.microsoft.com/dotnet/fundamentals/code-analysis/quality-rules/ca1416) [C:\Users\ultra\warewolf\Dev\Dev2.Activities.Tests\Dev2.Activities.Tests.csproj]
C:\Users\ultra\warewolf\Dev\Dev2.Activities.Tests\ActivityTests\SuspendExecutionActivityTests.cs(738,60): warning CA1416: This call site is reachable on all platforms. 'WindowsIdentity.GetCurrent()' is only supported on: 'windows'. (https://learn.microsoft.com/dotnet/fundamentals/code-analysis/quality-rules/ca1416) [C:\Users\ultra\warewolf\Dev\Dev2.Activities.Tests\Dev2.Activities.Tests.csproj]
C:\Users\ultra\warewolf\Dev\Dev2.Activities.Tests\ActivityTests\SuspendExecutionActivityTests.cs(651,60): warning CA1416: This call site is reachable on all platforms. 'WindowsIdentity.Name' is only supported on: 'windows'. (https://learn.microsoft.com/dotnet/fundamentals/code-analysis/quality-rules/ca1416) [C:\Users\ultra\warewolf\Dev\Dev2.Activities.Tests\Dev2.Activities.Tests.csproj]
C:\Users\ultra\warewolf\Dev\Dev2.Activities.Tests\ActivityTests\SuspendExecutionActivityTests.cs(738,60): warning CA1416: This call site is reachable on all platforms. 'WindowsIdentity.Name' is only supported on: 'windows'. (https://learn.microsoft.com/dotnet/fundamentals/code-analysis/quality-rules/ca1416) [C:\Users\ultra\warewolf\Dev\Dev2.Activities.Tests\Dev2.Activities.Tests.csproj]
C:\Users\ultra\warewolf\Dev\Dev2.Activities.Tests\ActivityTests\SuspendExecutionActivityTests.cs(613,58): warning CA1416: This call site is reachable on all platforms. 'WindowsIdentity.GetCurrent()' is only supported on: 'windows'. (https://learn.microsoft.com/dotnet/fundamentals/code-analysis/quality-rules/ca1416) [C:\Users\ultra\warewolf\Dev\Dev2.Activities.Tests\Dev2.Activities.Tests.csproj]
C:\Users\ultra\warewolf\Dev\Dev2.Activities.Tests\ActivityTests\SuspendExecutionActivityTests.cs(1027,58): warning CA1416: This call site is reachable on all platforms. 'WindowsIdentity.GetCurrent()' is only supported on: 'windows'. (https://learn.microsoft.com/dotnet/fundamentals/code-analysis/quality-rules/ca1416) [C:\Users\ultra\warewolf\Dev\Dev2.Activities.Tests\Dev2.Activities.Tests.csproj]
  Warewolf.Studio.Views -> C:\Users\ultra\warewolf\Dev\Warewolf.Studio.Views\bin\Debug\net8.0\Warewolf.Studio.Views.dll
C:\Program Files\dotnet\sdk\10.0.201\Microsoft.Common.CurrentVersion.targets(2451,5): warning MSB3277: Found conflicts between different versions of "Microsoft.Win32.SystemEvents" that could not be resolved. [C:\Users\ultra\warewolf\Dev\Dev2.Studio\Dev2.Studio.csproj]
C:\Program Files\dotnet\sdk\10.0.201\Microsoft.Common.CurrentVersion.targets(2451,5): warning MSB3277: There was a conflict between "Microsoft.Win32.SystemEvents, Version=6.0.0.0, Culture=neutral, PublicKeyToken=cc7b13ffcd2ddd51" and "Microsoft.Win32.SystemEvents, Version=7.0.0.0, Culture=neutral, PublicKeyToken=cc7b13ffcd2ddd51". [C:\Users\ultra\warewolf\Dev\Dev2.Studio\Dev2.Studio.csproj]
C:\Program Files\dotnet\sdk\10.0.201\Microsoft.Common.CurrentVersion.targets(2451,5): warning MSB3277:     "Microsoft.Win32.SystemEvents, Version=6.0.0.0, Culture=neutral, PublicKeyToken=cc7b13ffcd2ddd51" was chosen because it was primary and "Microsoft.Win32.SystemEvents, Version=7.0.0.0, Culture=neutral, PublicKeyToken=cc7b13ffcd2ddd51" was not. [C:\Users\ultra\warewolf\Dev\Dev2.Studio\Dev2.Studio.csproj]
C:\Program Files\dotnet\sdk\10.0.201\Microsoft.Common.CurrentVersion.targets(2451,5): warning MSB3277:     References which depend on "Microsoft.Win32.SystemEvents, Version=6.0.0.0, Culture=neutral, PublicKeyToken=cc7b13ffcd2ddd51" [C:\Users\ultra\.nuget\packages\microsoft.win32.systemevents\6.0.0\lib\net6.0\Microsoft.Win32.SystemEvents.dll]. [C:\Users\ultra\warewolf\Dev\Dev2.Studio\Dev2.Studio.csproj]
C:\Program Files\dotnet\sdk\10.0.201\Microsoft.Common.CurrentVersion.targets(2451,5): warning MSB3277:         C:\Users\ultra\.nuget\packages\microsoft.win32.systemevents\6.0.0\lib\net6.0\Microsoft.Win32.SystemEvents.dll [C:\Users\ultra\warewolf\Dev\Dev2.Studio\Dev2.Studio.csproj]
C:\Program Files\dotnet\sdk\10.0.201\Microsoft.Common.CurrentVersion.targets(2451,5): warning MSB3277:           Project file item includes which caused reference "C:\Users\ultra\.nuget\packages\microsoft.win32.systemevents\6.0.0\lib\net6.0\Microsoft.Win32.SystemEvents.dll". [C:\Users\ultra\warewolf\Dev\Dev2.Studio\Dev2.Studio.csproj]
C:\Program Files\dotnet\sdk\10.0.201\Microsoft.Common.CurrentVersion.targets(2451,5): warning MSB3277:             C:\Users\ultra\.nuget\packages\microsoft.win32.systemevents\6.0.0\lib\net6.0\Microsoft.Win32.SystemEvents.dll [C:\Users\ultra\warewolf\Dev\Dev2.Studio\Dev2.Studio.csproj]
C:\Program Files\dotnet\sdk\10.0.201\Microsoft.Common.CurrentVersion.targets(2451,5): warning MSB3277:     References which depend on or have been unified to "Microsoft.Win32.SystemEvents, Version=7.0.0.0, Culture=neutral, PublicKeyToken=cc7b13ffcd2ddd51" []. [C:\Users\ultra\warewolf\Dev\Dev2.Studio\Dev2.Studio.csproj]
C:\Program Files\dotnet\sdk\10.0.201\Microsoft.Common.CurrentVersion.targets(2451,5): warning MSB3277:         C:\Users\ultra\warewolf\Dev\Dev2.Common\bin\Debug\net8.0\Dev2.Common.dll [C:\Users\ultra\warewolf\Dev\Dev2.Studio\Dev2.Studio.csproj]
C:\Program Files\dotnet\sdk\10.0.201\Microsoft.Common.CurrentVersion.targets(2451,5): warning MSB3277:           Project file item includes which caused reference "C:\Users\ultra\warewolf\Dev\Dev2.Common\bin\Debug\net8.0\Dev2.Common.dll". [C:\Users\ultra\warewolf\Dev\Dev2.Studio\Dev2.Studio.csproj]
C:\Program Files\dotnet\sdk\10.0.201\Microsoft.Common.CurrentVersion.targets(2451,5): warning MSB3277:             C:\Users\ultra\warewolf\Dev\Dev2.Common\bin\Debug\net8.0\Dev2.Common.dll [C:\Users\ultra\warewolf\Dev\Dev2.Studio\Dev2.Studio.csproj]
C:\Program Files\dotnet\sdk\10.0.201\Microsoft.Common.CurrentVersion.targets(2451,5): warning MSB3277:             C:\Users\ultra\warewolf\Dev\Dev2.Activities\bin\Debug\net8.0\Dev2.Activities.dll [C:\Users\ultra\warewolf\Dev\Dev2.Studio\Dev2.Studio.csproj]
C:\Program Files\dotnet\sdk\10.0.201\Microsoft.Common.CurrentVersion.targets(2451,5): warning MSB3277:             C:\Users\ultra\warewolf\Dev\Dev2.Core\bin\Debug\net8.0\Dev2.Core.dll [C:\Users\ultra\warewolf\Dev\Dev2.Studio\Dev2.Studio.csproj]
C:\Program Files\dotnet\sdk\10.0.201\Microsoft.Common.CurrentVersion.targets(2451,5): warning MSB3277:             C:\Users\ultra\warewolf\Dev\Dev2.Data\bin\Debug\net8.0\Dev2.Data.dll [C:\Users\ultra\warewolf\Dev\Dev2.Studio\Dev2.Studio.csproj]
C:\Program Files\dotnet\sdk\10.0.201\Microsoft.Common.CurrentVersion.targets(2451,5): warning MSB3277:             C:\Users\ultra\warewolf\Dev\Dev2.Diagnostics\bin\Debug\net8.0\Dev2.Diagnostics.dll [C:\Users\ultra\warewolf\Dev\Dev2.Studio\Dev2.Studio.csproj]
C:\Program Files\dotnet\sdk\10.0.201\Microsoft.Common.CurrentVersion.targets(2451,5): warning MSB3277:             C:\Users\ultra\warewolf\Dev\Dev2.Infrastructure\bin\Debug\net8.0\Dev2.Infrastructure.dll [C:\Users\ultra\warewolf\Dev\Dev2.Studio\Dev2.Studio.csproj]
C:\Program Files\dotnet\sdk\10.0.201\Microsoft.Common.CurrentVersion.targets(2451,5): warning MSB3277:             C:\Users\ultra\warewolf\Dev\Dev2.Intellisense\bin\Debug\net8.0\Dev2.Intellisense.dll [C:\Users\ultra\warewolf\Dev\Dev2.Studio\Dev2.Studio.csproj]
C:\Program Files\dotnet\sdk\10.0.201\Microsoft.Common.CurrentVersion.targets(2451,5): warning MSB3277:             C:\Users\ultra\warewolf\Dev\Dev2.Scheduler\bin\Debug\net8.0\Dev2.Scheduler.dll [C:\Users\ultra\warewolf\Dev\Dev2.Studio\Dev2.Studio.csproj]
C:\Program Files\dotnet\sdk\10.0.201\Microsoft.Common.CurrentVersion.targets(2451,5): warning MSB3277:             C:\Users\ultra\warewolf\Dev\Dev2.Services.Execution\bin\Debug\net8.0\Dev2.Services.Execution.dll [C:\Users\ultra\warewolf\Dev\Dev2.Studio\Dev2.Studio.csproj]
C:\Program Files\dotnet\sdk\10.0.201\Microsoft.Common.CurrentVersion.targets(2451,5): warning MSB3277:             C:\Users\ultra\warewolf\Dev\Dev2.Studio.Core\bin\Debug\net8.0\Dev2.Studio.Core.dll [C:\Users\ultra\warewolf\Dev\Dev2.Studio\Dev2.Studio.csproj]
C:\Program Files\dotnet\sdk\10.0.201\Microsoft.Common.CurrentVersion.targets(2451,5): warning MSB3277:             C:\Users\ultra\warewolf\Dev\Dev2.Studio.Interfaces\bin\Debug\net8.0\Dev2.Studio.Interfaces.dll [C:\Users\ultra\warewolf\Dev\Dev2.Studio\Dev2.Studio.csproj]
C:\Program Files\dotnet\sdk\10.0.201\Microsoft.Common.CurrentVersion.targets(2451,5): warning MSB3277:             C:\Users\ultra\warewolf\Dev\Dev2.TaskScheduler.Wrappers\bin\Debug\net8.0\Dev2.TaskScheduler.Wrappers.dll [C:\Users\ultra\warewolf\Dev\Dev2.Studio\Dev2.Studio.csproj]
C:\Program Files\dotnet\sdk\10.0.201\Microsoft.Common.CurrentVersion.targets(2451,5): warning MSB3277:             C:\Users\ultra\warewolf\Dev\Dev2.Util\bin\Debug\net8.0\Dev2.Util.dll [C:\Users\ultra\warewolf\Dev\Dev2.Studio\Dev2.Studio.csproj]
C:\Program Files\dotnet\sdk\10.0.201\Microsoft.Common.CurrentVersion.targets(2451,5): warning MSB3277:             C:\Users\ultra\warewolf\Dev\Warewolf.Core\bin\Debug\net8.0\Warewolf.Core.dll [C:\Users\ultra\warewolf\Dev\Dev2.Studio\Dev2.Studio.csproj]
C:\Program Files\dotnet\sdk\10.0.201\Microsoft.Common.CurrentVersion.targets(2451,5): warning MSB3277:             C:\Users\ultra\warewolf\Dev\Warewolf.ResourceManagement\bin\Debug\net8.0\Warewolf.ResourceManagement.dll [C:\Users\ultra\warewolf\Dev\Dev2.Studio\Dev2.Studio.csproj]
C:\Program Files\dotnet\sdk\10.0.201\Microsoft.Common.CurrentVersion.targets(2451,5): warning MSB3277:             C:\Users\ultra\warewolf\Dev\Warewolf.Sharepoint\bin\Debug\net8.0\Warewolf.Sharepoint.dll [C:\Users\ultra\warewolf\Dev\Dev2.Studio\Dev2.Studio.csproj]
C:\Program Files\dotnet\sdk\10.0.201\Microsoft.Common.CurrentVersion.targets(2451,5): warning MSB3277:             C:\Users\ultra\warewolf\Dev\Warewolf.Storage\bin\Debug\net8.0\Warewolf.Storage.dll [C:\Users\ultra\warewolf\Dev\Dev2.Studio\Dev2.Studio.csproj]
C:\Program Files\dotnet\sdk\10.0.201\Microsoft.Common.CurrentVersion.targets(2451,5): warning MSB3277:             C:\Users\ultra\warewolf\Dev\Warewolf.Studio.Core\bin\Debug\net8.0\Warewolf.Studio.Core.dll [C:\Users\ultra\warewolf\Dev\Dev2.Studio\Dev2.Studio.csproj]
C:\Program Files\dotnet\sdk\10.0.201\Microsoft.Common.CurrentVersion.targets(2451,5): warning MSB3277:             C:\Users\ultra\warewolf\Dev\Warewolf.Studio.Models\bin\Debug\net8.0\Warewolf.Studio.Models.dll [C:\Users\ultra\warewolf\Dev\Dev2.Studio\Dev2.Studio.csproj]
C:\Program Files\dotnet\sdk\10.0.201\Microsoft.Common.CurrentVersion.targets(2451,5): warning MSB3277:             C:\Users\ultra\warewolf\Dev\Warewolf.Studio.CustomControls\bin\Debug\net8.0\Warewolf.Studio.CustomControls.dll [C:\Users\ultra\warewolf\Dev\Dev2.Studio\Dev2.Studio.csproj]
C:\Program Files\dotnet\sdk\10.0.201\Microsoft.Common.CurrentVersion.targets(2451,5): warning MSB3277:             C:\Users\ultra\warewolf\Dev\Warewolf.Studio.ViewModels\bin\Debug\net8.0\Warewolf.Studio.ViewModels.dll [C:\Users\ultra\warewolf\Dev\Dev2.Studio\Dev2.Studio.csproj]
C:\Program Files\dotnet\sdk\10.0.201\Microsoft.Common.CurrentVersion.targets(2451,5): warning MSB3277:             C:\Users\ultra\warewolf\Dev\Warewolf.Trigger.Queue\bin\Debug\net8.0\Warewolf.Trigger.Queue.dll [C:\Users\ultra\warewolf\Dev\Dev2.Studio\Dev2.Studio.csproj]
C:\Program Files\dotnet\sdk\10.0.201\Microsoft.Common.CurrentVersion.targets(2451,5): warning MSB3277:             C:\Users\ultra\warewolf\Dev\Warewolf.UI\bin\Debug\net8.0\Warewolf.UI.dll [C:\Users\ultra\warewolf\Dev\Dev2.Studio\Dev2.Studio.csproj]
C:\Program Files\dotnet\sdk\10.0.201\Microsoft.Common.CurrentVersion.targets(2451,5): warning MSB3277:             C:\Users\ultra\warewolf\Dev\Dev2.Development.Languages\bin\Debug\net8.0\Dev2.Development.Languages.dll [C:\Users\ultra\warewolf\Dev\Dev2.Studio\Dev2.Studio.csproj]
C:\Program Files\dotnet\sdk\10.0.201\Microsoft.Common.CurrentVersion.targets(2451,5): warning MSB3277:             C:\Users\ultra\warewolf\Dev\Dev2.Runtime.Services\bin\Debug\net8.0\Dev2.Runtime.Services.dll [C:\Users\ultra\warewolf\Dev\Dev2.Studio\Dev2.Studio.csproj]
C:\Program Files\dotnet\sdk\10.0.201\Microsoft.Common.CurrentVersion.targets(2451,5): warning MSB3277:             C:\Users\ultra\warewolf\Dev\Dev2.Services.Sql\bin\Debug\net8.0\Dev2.Services.Sql.dll [C:\Users\ultra\warewolf\Dev\Dev2.Studio\Dev2.Studio.csproj]
C:\Program Files\dotnet\sdk\10.0.201\Microsoft.Common.CurrentVersion.targets(2451,5): warning MSB3277:             C:\Users\ultra\warewolf\Dev\Warewolf.AI.Harness\bin\Debug\net8.0\Warewolf.AI.Harness.dll [C:\Users\ultra\warewolf\Dev\Dev2.Studio\Dev2.Studio.csproj]
C:\Program Files\dotnet\sdk\10.0.201\Microsoft.Common.CurrentVersion.targets(2451,5): warning MSB3277:             C:\Users\ultra\warewolf\Dev\Warewolf.Auditing\bin\Debug\net8.0\Warewolf.Auditing.dll [C:\Users\ultra\warewolf\Dev\Dev2.Studio\Dev2.Studio.csproj]
C:\Program Files\dotnet\sdk\10.0.201\Microsoft.Common.CurrentVersion.targets(2451,5): warning MSB3277:             C:\Users\ultra\warewolf\Dev\Warewolf.Common.NetStandard20\bin\Debug\net8.0\Warewolf.Common.NetStandard20.dll [C:\Users\ultra\warewolf\Dev\Dev2.Studio\Dev2.Studio.csproj]
C:\Program Files\dotnet\sdk\10.0.201\Microsoft.Common.CurrentVersion.targets(2451,5): warning MSB3277:             C:\Users\ultra\warewolf\Dev\Warewolf.Driver.Persistence\bin\Debug\net8.0\Warewolf.Driver.Persistence.dll [C:\Users\ultra\warewolf\Dev\Dev2.Studio\Dev2.Studio.csproj]
C:\Program Files\dotnet\sdk\10.0.201\Microsoft.Common.CurrentVersion.targets(2451,5): warning MSB3277:             C:\Users\ultra\warewolf\Dev\Warewolf.Driver.Serilog\bin\Debug\net8.0\Warewolf.Driver.Serilog.dll [C:\Users\ultra\warewolf\Dev\Dev2.Studio\Dev2.Studio.csproj]
C:\Program Files\dotnet\sdk\10.0.201\Microsoft.Common.CurrentVersion.targets(2451,5): warning MSB3277:             C:\Users\ultra\warewolf\Dev\Warewolf.Exchange.Email.Wrapper\bin\Debug\net8.0\Warewolf.Exchange.Email.Wrapper.dll [C:\Users\ultra\warewolf\Dev\Dev2.Studio\Dev2.Studio.csproj]
C:\Program Files\dotnet\sdk\10.0.201\Microsoft.Common.CurrentVersion.targets(2451,5): warning MSB3277:         C:\Users\ultra\warewolf\Dev\Binaries\Infragistcs_Net6\InfragisticsWPF4.Editors.v15.1.dll [C:\Users\ultra\warewolf\Dev\Dev2.Studio\Dev2.Studio.csproj]
C:\Program Files\dotnet\sdk\10.0.201\Microsoft.Common.CurrentVersion.targets(2451,5): warning MSB3277:           Project file item includes which caused reference "C:\Users\ultra\warewolf\Dev\Binaries\Infragistcs_Net6\InfragisticsWPF4.Editors.v15.1.dll". [C:\Users\ultra\warewolf\Dev\Dev2.Studio\Dev2.Studio.csproj]
C:\Program Files\dotnet\sdk\10.0.201\Microsoft.Common.CurrentVersion.targets(2451,5): warning MSB3277:             InfragisticsWPF4.Editors.v15.1, Version=15.1.20151.2055, Culture=neutral, processorArchitecture=MSIL [C:\Users\ultra\warewolf\Dev\Dev2.Studio\Dev2.Studio.csproj]
C:\Program Files\dotnet\sdk\10.0.201\Microsoft.Common.CurrentVersion.targets(2451,5): warning MSB3277:             InfragisticsWPF4.DataPresenter.v15.1 [C:\Users\ultra\warewolf\Dev\Dev2.Studio\Dev2.Studio.csproj]
C:\Program Files\dotnet\sdk\10.0.201\Microsoft.Common.CurrentVersion.targets(2451,5): warning MSB3277:         C:\Users\ultra\warewolf\Dev\Binaries\Infragistcs_Net6\InfragisticsWPF4.v15.1.dll [C:\Users\ultra\warewolf\Dev\Dev2.Studio\Dev2.Studio.csproj]
C:\Program Files\dotnet\sdk\10.0.201\Microsoft.Common.CurrentVersion.targets(2451,5): warning MSB3277:           Project file item includes which caused reference "C:\Users\ultra\warewolf\Dev\Binaries\Infragistcs_Net6\InfragisticsWPF4.v15.1.dll". [C:\Users\ultra\warewolf\Dev\Dev2.Studio\Dev2.Studio.csproj]
C:\Program Files\dotnet\sdk\10.0.201\Microsoft.Common.CurrentVersion.targets(2451,5): warning MSB3277:             InfragisticsWPF4.v15.1, Version=15.1.20151.2055, Culture=neutral, PublicKeyToken=7dd5c3163f2cd0cb, processorArchitecture=MSIL [C:\Users\ultra\warewolf\Dev\Dev2.Studio\Dev2.Studio.csproj]
C:\Program Files\dotnet\sdk\10.0.201\Microsoft.Common.CurrentVersion.targets(2451,5): warning MSB3277:             InfragisticsWPF4.Controls.Editors.XamComboEditor.v15.1, Version=15.1.20151.2055, Culture=neutral, processorArchitecture=MSIL [C:\Users\ultra\warewolf\Dev\Dev2.Studio\Dev2.Studio.csproj]
C:\Program Files\dotnet\sdk\10.0.201\Microsoft.Common.CurrentVersion.targets(2451,5): warning MSB3277:             InfragisticsWPF4.Controls.Grids.XamGrid.v15.1, Version=15.1.20151.2055, Culture=neutral, PublicKeyToken=7dd5c3163f2cd0cb, processorArchitecture=MSIL [C:\Users\ultra\warewolf\Dev\Dev2.Studio\Dev2.Studio.csproj]
C:\Program Files\dotnet\sdk\10.0.201\Microsoft.Common.CurrentVersion.targets(2451,5): warning MSB3277:             CalculationManager.WPF [C:\Users\ultra\warewolf\Dev\Dev2.Studio\Dev2.Studio.csproj]
C:\Program Files\dotnet\sdk\10.0.201\Microsoft.Common.CurrentVersion.targets(2451,5): warning MSB3277:             InfragisticsWPF4.Controls.Interactions.XamDialogWindow.v15.1, Version=15.1.20151.2055, Culture=neutral, PublicKeyToken=7dd5c3163f2cd0cb, processorArchitecture=MSIL [C:\Users\ultra\warewolf\Dev\Dev2.Studio\Dev2.Studio.csproj]
C:\Program Files\dotnet\sdk\10.0.201\Microsoft.Common.CurrentVersion.targets(2451,5): warning MSB3277:             InfragisticsWPF4.Controls.Maps.XamNetworkNode.v15.1, Version=15.1.20151.2055, Culture=neutral, PublicKeyToken=7dd5c3163f2cd0cb, processorArchitecture=MSIL [C:\Users\ultra\warewolf\Dev\Dev2.Studio\Dev2.Studio.csproj]
C:\Program Files\dotnet\sdk\10.0.201\Microsoft.Common.CurrentVersion.targets(2451,5): warning MSB3277:             InfragisticsWPF4.Controls.Menus.XamDataTree.v15.1, Version=15.1.20151.2055, Culture=neutral, processorArchitecture=MSIL [C:\Users\ultra\warewolf\Dev\Dev2.Studio\Dev2.Studio.csproj]
C:\Program Files\dotnet\sdk\10.0.201\Microsoft.Common.CurrentVersion.targets(2451,5): warning MSB3277:             InfragisticsWPF4.Controls.Menus.XamMenu.v15.1, Version=15.1.20151.2055, Culture=neutral, processorArchitecture=MSIL [C:\Users\ultra\warewolf\Dev\Dev2.Studio\Dev2.Studio.csproj]
C:\Program Files\dotnet\sdk\10.0.201\Microsoft.Common.CurrentVersion.targets(2451,5): warning MSB3277:             InfragisticsWPF4.DataManager.v15.1, Version=15.1.20151.2055, Culture=neutral, processorArchitecture=MSIL [C:\Users\ultra\warewolf\Dev\Dev2.Studio\Dev2.Studio.csproj]
C:\Program Files\dotnet\sdk\10.0.201\Microsoft.Common.CurrentVersion.targets(2451,5): warning MSB3277:             InfragisticsWPF4.DataPresenter.v15.1 [C:\Users\ultra\warewolf\Dev\Dev2.Studio\Dev2.Studio.csproj]
C:\Program Files\dotnet\sdk\10.0.201\Microsoft.Common.CurrentVersion.targets(2451,5): warning MSB3277:             InfragisticsWPF4.DataVisualization.v15.1, Version=15.1.20151.2055, Culture=neutral, PublicKeyToken=7dd5c3163f2cd0cb, processorArchitecture=MSIL [C:\Users\ultra\warewolf\Dev\Dev2.Studio\Dev2.Studio.csproj]
C:\Program Files\dotnet\sdk\10.0.201\Microsoft.Common.CurrentVersion.targets(2451,5): warning MSB3277:             InfragisticsWPF4.DockManager.v15.1, Version=15.1.20151.2055, Culture=neutral, PublicKeyToken=7dd5c3163f2cd0cb, processorArchitecture=MSIL [C:\Users\ultra\warewolf\Dev\Dev2.Studio\Dev2.Studio.csproj]
C:\Program Files\dotnet\sdk\10.0.201\Microsoft.Common.CurrentVersion.targets(2451,5): warning MSB3277:             InfragisticsWPF4.Editors.v15.1, Version=15.1.20151.2055, Culture=neutral, processorArchitecture=MSIL [C:\Users\ultra\warewolf\Dev\Dev2.Studio\Dev2.Studio.csproj]
C:\Program Files\dotnet\sdk\10.0.201\Microsoft.Common.CurrentVersion.targets(2451,5): warning MSB3277:             InfragisticsWPF4.Math.Calculators.v15.1, Version=15.1.20151.2055, Culture=neutral, PublicKeyToken=7dd5c3163f2cd0cb, processorArchitecture=MSIL [C:\Users\ultra\warewolf\Dev\Dev2.Studio\Dev2.Studio.csproj]
C:\Program Files\dotnet\sdk\10.0.201\Microsoft.Common.CurrentVersion.targets(2451,5): warning MSB3277:             InfragisticsWPF4.Math.v15.1, Version=15.1.20151.2055, Culture=neutral, PublicKeyToken=7dd5c3163f2cd0cb, processorArchitecture=MSIL [C:\Users\ultra\warewolf\Dev\Dev2.Studio\Dev2.Studio.csproj]
C:\Program Files\dotnet\sdk\10.0.201\Microsoft.Common.CurrentVersion.targets(2451,5): warning MSB3277:         C:\Users\ultra\.nuget\packages\timespan2\2.4.2\lib\netcoreapp3.1\TimeSpan2.dll [C:\Users\ultra\warewolf\Dev\Dev2.Studio\Dev2.Studio.csproj]
C:\Program Files\dotnet\sdk\10.0.201\Microsoft.Common.CurrentVersion.targets(2451,5): warning MSB3277:           Project file item includes which caused reference "C:\Users\ultra\.nuget\packages\timespan2\2.4.2\lib\netcoreapp3.1\TimeSpan2.dll". [C:\Users\ultra\warewolf\Dev\Dev2.Studio\Dev2.Studio.csproj]
C:\Program Files\dotnet\sdk\10.0.201\Microsoft.Common.CurrentVersion.targets(2451,5): warning MSB3277:             C:\Users\ultra\.nuget\packages\timespan2\2.4.2\lib\netcoreapp3.1\TimeSpan2.dll [C:\Users\ultra\warewolf\Dev\Dev2.Studio\Dev2.Studio.csproj]
C:\Program Files\dotnet\sdk\10.0.201\Microsoft.Common.CurrentVersion.targets(2451,5): warning MSB3277:             C:\Users\ultra\.nuget\packages\taskschedulereditor\2.10.1\lib\net452\Microsoft.Win32.TaskSchedulerEditor.dll [C:\Users\ultra\warewolf\Dev\Dev2.Studio\Dev2.Studio.csproj]
C:\Program Files\dotnet\sdk\10.0.201\Microsoft.Common.CurrentVersion.targets(2451,5): warning MSB3277:         C:\Program Files\dotnet\packs\Microsoft.NETCore.App.Ref\8.0.25\ref\net8.0\System.dll [C:\Users\ultra\warewolf\Dev\Dev2.Studio\Dev2.Studio.csproj]
C:\Program Files\dotnet\sdk\10.0.201\Microsoft.Common.CurrentVersion.targets(2451,5): warning MSB3277:           Project file item includes which caused reference "C:\Program Files\dotnet\packs\Microsoft.NETCore.App.Ref\8.0.25\ref\net8.0\System.dll". [C:\Users\ultra\warewolf\Dev\Dev2.Studio\Dev2.Studio.csproj]
C:\Program Files\dotnet\sdk\10.0.201\Microsoft.Common.CurrentVersion.targets(2451,5): warning MSB3277:             C:\Program Files\dotnet\packs\Microsoft.NETCore.App.Ref\8.0.25\ref/net8.0/System.dll [C:\Users\ultra\warewolf\Dev\Dev2.Studio\Dev2.Studio.csproj]
C:\Program Files\dotnet\sdk\10.0.201\Microsoft.Common.CurrentVersion.targets(2451,5): warning MSB3277:             C:\Users\ultra\.nuget\packages\aerowizard\2.3.1\lib\net45\AeroWizard.dll [C:\Users\ultra\warewolf\Dev\Dev2.Studio\Dev2.Studio.csproj]
C:\Program Files\dotnet\sdk\10.0.201\Microsoft.Common.CurrentVersion.targets(2451,5): warning MSB3277:             C:\Users\ultra\.nuget\packages\avalonedit\6.3.0.90\lib\net462\ICSharpCode.AvalonEdit.dll [C:\Users\ultra\warewolf\Dev\Dev2.Studio\Dev2.Studio.csproj]
C:\Program Files\dotnet\sdk\10.0.201\Microsoft.Common.CurrentVersion.targets(2451,5): warning MSB3277:             C:\Users\ultra\.nuget\packages\fontawesome.wpf\4.7.0.9\lib\net40\FontAwesome.WPF.dll [C:\Users\ultra\warewolf\Dev\Dev2.Studio\Dev2.Studio.csproj]
C:\Program Files\dotnet\sdk\10.0.201\Microsoft.Common.CurrentVersion.targets(2451,5): warning MSB3277:             C:\Users\ultra\.nuget\packages\groupcontrols\1.9.0\lib\net45\GroupControls.dll [C:\Users\ultra\warewolf\Dev\Dev2.Studio\Dev2.Studio.csproj]
C:\Program Files\dotnet\sdk\10.0.201\Microsoft.Common.CurrentVersion.targets(2451,5): warning MSB3277:             C:\Users\ultra\.nuget\packages\log4net.async\2.0.4\lib\net40\Log4Net.Async.dll [C:\Users\ultra\warewolf\Dev\Dev2.Studio\Dev2.Studio.csproj]
C:\Program Files\dotnet\sdk\10.0.201\Microsoft.Common.CurrentVersion.targets(2451,5): warning MSB3277:             C:\Users\ultra\.nuget\packages\microsoft.xaml.behaviors.wpf\1.1.122\lib\net462\Microsoft.Xaml.Behaviors.dll [C:\Users\ultra\warewolf\Dev\Dev2.Studio\Dev2.Studio.csproj]
C:\Program Files\dotnet\sdk\10.0.201\Microsoft.Common.CurrentVersion.targets(2451,5): warning MSB3277:             C:\Users\ultra\.nuget\packages\caliburn.micro\4.0.212\lib\netcoreapp3.1\Caliburn.Micro.Platform.dll [C:\Users\ultra\warewolf\Dev\Dev2.Studio\Dev2.Studio.csproj]
C:\Program Files\dotnet\sdk\10.0.201\Microsoft.Common.CurrentVersion.targets(2451,5): warning MSB3277:             C:\Users\ultra\.nuget\packages\prism.composition\5.0.0\lib\NET45\Microsoft.Practices.Prism.Composition.dll [C:\Users\ultra\warewolf\Dev\Dev2.Studio\Dev2.Studio.csproj]
C:\Program Files\dotnet\sdk\10.0.201\Microsoft.Common.CurrentVersion.targets(2451,5): warning MSB3277:             C:\Users\ultra\.nuget\packages\prism.interactivity\5.0.0\lib\NET45\Microsoft.Practices.Prism.Interactivity.dll [C:\Users\ultra\warewolf\Dev\Dev2.Studio\Dev2.Studio.csproj]
C:\Program Files\dotnet\sdk\10.0.201\Microsoft.Common.CurrentVersion.targets(2451,5): warning MSB3277:             C:\Users\ultra\.nuget\packages\prism.mvvm\1.0.0\lib\net45\Microsoft.Practices.Prism.Mvvm.Desktop.dll [C:\Users\ultra\warewolf\Dev\Dev2.Studio\Dev2.Studio.csproj]
C:\Program Files\dotnet\sdk\10.0.201\Microsoft.Common.CurrentVersion.targets(2451,5): warning MSB3277:             C:\Users\ultra\.nuget\packages\prism.unityextensions\5.0.1\lib\NET45\Microsoft.Practices.Prism.UnityExtensions.dll [C:\Users\ultra\warewolf\Dev\Dev2.Studio\Dev2.Studio.csproj]
C:\Program Files\dotnet\sdk\10.0.201\Microsoft.Common.CurrentVersion.targets(2451,5): warning MSB3277:             C:\Users\ultra\.nuget\packages\prism.wpf\9.0.537\lib\net462\Prism.Wpf.dll [C:\Users\ultra\warewolf\Dev\Dev2.Studio\Dev2.Studio.csproj]
C:\Program Files\dotnet\sdk\10.0.201\Microsoft.Common.CurrentVersion.targets(2451,5): warning MSB3277:             C:\Users\ultra\.nuget\packages\reactiveui.wpf\18.4.1\lib\net462\ReactiveUI.Wpf.dll [C:\Users\ultra\warewolf\Dev\Dev2.Studio\Dev2.Studio.csproj]
C:\Program Files\dotnet\sdk\10.0.201\Microsoft.Common.CurrentVersion.targets(2451,5): warning MSB3277:             C:\Users\ultra\.nuget\packages\taskschedulereditor\2.10.1\lib\net452\Microsoft.Win32.TaskSchedulerEditor.dll [C:\Users\ultra\warewolf\Dev\Dev2.Studio\Dev2.Studio.csproj]
C:\Program Files\dotnet\sdk\10.0.201\Microsoft.Common.CurrentVersion.targets(2451,5): warning MSB3277:             C:\Users\ultra\.nuget\packages\ttcue.netcore.sharepointonline.csom.16.1.8029.1200\16.1.8029.1200\lib\netcoreapp2.0\Microsoft.SharePoint.Client.Runtime.Windows.dll [C:\Users\ultra\warewolf\Dev\Dev2.Studio\Dev2.Studio.csproj]
C:\Program Files\dotnet\sdk\10.0.201\Microsoft.Common.CurrentVersion.targets(2451,5): warning MSB3277: Found conflicts between different versions of "WindowsBase" that could not be resolved. [C:\Users\ultra\warewolf\Dev\Dev2.Studio\Dev2.Studio.csproj]
C:\Program Files\dotnet\sdk\10.0.201\Microsoft.Common.CurrentVersion.targets(2451,5): warning MSB3277: There was a conflict between "WindowsBase, Version=4.0.0.0, Culture=neutral, PublicKeyToken=31bf3856ad364e35" and "WindowsBase, Version=6.0.2.0, Culture=neutral, PublicKeyToken=31bf3856ad364e35". [C:\Users\ultra\warewolf\Dev\Dev2.Studio\Dev2.Studio.csproj]
C:\Program Files\dotnet\sdk\10.0.201\Microsoft.Common.CurrentVersion.targets(2451,5): warning MSB3277:     "WindowsBase, Version=4.0.0.0, Culture=neutral, PublicKeyToken=31bf3856ad364e35" was chosen because it was primary and "WindowsBase, Version=6.0.2.0, Culture=neutral, PublicKeyToken=31bf3856ad364e35" was not. [C:\Users\ultra\warewolf\Dev\Dev2.Studio\Dev2.Studio.csproj]
C:\Program Files\dotnet\sdk\10.0.201\Microsoft.Common.CurrentVersion.targets(2451,5): warning MSB3277:     References which depend on "WindowsBase, Version=4.0.0.0, Culture=neutral, PublicKeyToken=31bf3856ad364e35" [C:\Program Files\dotnet\packs\Microsoft.NETCore.App.Ref\8.0.25\ref\net8.0\WindowsBase.dll]. [C:\Users\ultra\warewolf\Dev\Dev2.Studio\Dev2.Studio.csproj]
C:\Program Files\dotnet\sdk\10.0.201\Microsoft.Common.CurrentVersion.targets(2451,5): warning MSB3277:         C:\Program Files\dotnet\packs\Microsoft.NETCore.App.Ref\8.0.25\ref\net8.0\WindowsBase.dll [C:\Users\ultra\warewolf\Dev\Dev2.Studio\Dev2.Studio.csproj]
C:\Program Files\dotnet\sdk\10.0.201\Microsoft.Common.CurrentVersion.targets(2451,5): warning MSB3277:           Project file item includes which caused reference "C:\Program Files\dotnet\packs\Microsoft.NETCore.App.Ref\8.0.25\ref\net8.0\WindowsBase.dll". [C:\Users\ultra\warewolf\Dev\Dev2.Studio\Dev2.Studio.csproj]
C:\Program Files\dotnet\sdk\10.0.201\Microsoft.Common.CurrentVersion.targets(2451,5): warning MSB3277:             C:\Program Files\dotnet\packs\Microsoft.NETCore.App.Ref\8.0.25\ref/net8.0/WindowsBase.dll [C:\Users\ultra\warewolf\Dev\Dev2.Studio\Dev2.Studio.csproj]
C:\Program Files\dotnet\sdk\10.0.201\Microsoft.Common.CurrentVersion.targets(2451,5): warning MSB3277:     References which depend on or have been unified to "WindowsBase, Version=6.0.2.0, Culture=neutral, PublicKeyToken=31bf3856ad364e35" []. [C:\Users\ultra\warewolf\Dev\Dev2.Studio\Dev2.Studio.csproj]
C:\Program Files\dotnet\sdk\10.0.201\Microsoft.Common.CurrentVersion.targets(2451,5): warning MSB3277:         C:\Users\ultra\warewolf\Dev\Binaries\Infragistcs_Net6\InfragisticsWPF4.Controls.Editors.XamComboEditor.v15.1.dll [C:\Users\ultra\warewolf\Dev\Dev2.Studio\Dev2.Studio.csproj]
C:\Program Files\dotnet\sdk\10.0.201\Microsoft.Common.CurrentVersion.targets(2451,5): warning MSB3277:           Project file item includes which caused reference "C:\Users\ultra\warewolf\Dev\Binaries\Infragistcs_Net6\InfragisticsWPF4.Controls.Editors.XamComboEditor.v15.1.dll". [C:\Users\ultra\warewolf\Dev\Dev2.Studio\Dev2.Studio.csproj]
C:\Program Files\dotnet\sdk\10.0.201\Microsoft.Common.CurrentVersion.targets(2451,5): warning MSB3277:             InfragisticsWPF4.Controls.Editors.XamComboEditor.v15.1, Version=15.1.20151.2055, Culture=neutral, processorArchitecture=MSIL [C:\Users\ultra\warewolf\Dev\Dev2.Studio\Dev2.Studio.csproj]
C:\Program Files\dotnet\sdk\10.0.201\Microsoft.Common.CurrentVersion.targets(2451,5): warning MSB3277:         C:\Users\ultra\warewolf\Dev\Binaries\Infragistcs_Net6\InfragisticsWPF4.Controls.Grids.XamGrid.v15.1.dll [C:\Users\ultra\warewolf\Dev\Dev2.Studio\Dev2.Studio.csproj]
C:\Program Files\dotnet\sdk\10.0.201\Microsoft.Common.CurrentVersion.targets(2451,5): warning MSB3277:           Project file item includes which caused reference "C:\Users\ultra\warewolf\Dev\Binaries\Infragistcs_Net6\InfragisticsWPF4.Controls.Grids.XamGrid.v15.1.dll". [C:\Users\ultra\warewolf\Dev\Dev2.Studio\Dev2.Studio.csproj]
C:\Program Files\dotnet\sdk\10.0.201\Microsoft.Common.CurrentVersion.targets(2451,5): warning MSB3277:             InfragisticsWPF4.Controls.Grids.XamGrid.v15.1, Version=15.1.20151.2055, Culture=neutral, PublicKeyToken=7dd5c3163f2cd0cb, processorArchitecture=MSIL [C:\Users\ultra\warewolf\Dev\Dev2.Studio\Dev2.Studio.csproj]
C:\Program Files\dotnet\sdk\10.0.201\Microsoft.Common.CurrentVersion.targets(2451,5): warning MSB3277:         C:\Users\ultra\warewolf\Dev\Binaries\Infragistcs_Net6\Infragistics.Calculations.dll [C:\Users\ultra\warewolf\Dev\Dev2.Studio\Dev2.Studio.csproj]
C:\Program Files\dotnet\sdk\10.0.201\Microsoft.Common.CurrentVersion.targets(2451,5): warning MSB3277:           Project file item includes which caused reference "C:\Users\ultra\warewolf\Dev\Binaries\Infragistcs_Net6\Infragistics.Calculations.dll". [C:\Users\ultra\warewolf\Dev\Dev2.Studio\Dev2.Studio.csproj]
C:\Program Files\dotnet\sdk\10.0.201\Microsoft.Common.CurrentVersion.targets(2451,5): warning MSB3277:             CalculationManager.WPF [C:\Users\ultra\warewolf\Dev\Dev2.Studio\Dev2.Studio.csproj]
C:\Program Files\dotnet\sdk\10.0.201\Microsoft.Common.CurrentVersion.targets(2451,5): warning MSB3277:         C:\Users\ultra\warewolf\Dev\Binaries\Infragistcs_Net6\InfragisticsWPF4.Controls.Interactions.XamDialogWindow.v15.1.dll [C:\Users\ultra\warewolf\Dev\Dev2.Studio\Dev2.Studio.csproj]
C:\Program Files\dotnet\sdk\10.0.201\Microsoft.Common.CurrentVersion.targets(2451,5): warning MSB3277:           Project file item includes which caused reference "C:\Users\ultra\warewolf\Dev\Binaries\Infragistcs_Net6\InfragisticsWPF4.Controls.Interactions.XamDialogWindow.v15.1.dll". [C:\Users\ultra\warewolf\Dev\Dev2.Studio\Dev2.Studio.csproj]
C:\Program Files\dotnet\sdk\10.0.201\Microsoft.Common.CurrentVersion.targets(2451,5): warning MSB3277:             InfragisticsWPF4.Controls.Interactions.XamDialogWindow.v15.1, Version=15.1.20151.2055, Culture=neutral, PublicKeyToken=7dd5c3163f2cd0cb, processorArchitecture=MSIL [C:\Users\ultra\warewolf\Dev\Dev2.Studio\Dev2.Studio.csproj]
C:\Program Files\dotnet\sdk\10.0.201\Microsoft.Common.CurrentVersion.targets(2451,5): warning MSB3277:         C:\Users\ultra\warewolf\Dev\Binaries\Infragistcs_Net6\InfragisticsWPF4.Controls.Maps.XamNetworkNode.v15.1.dll [C:\Users\ultra\warewolf\Dev\Dev2.Studio\Dev2.Studio.csproj]
C:\Program Files\dotnet\sdk\10.0.201\Microsoft.Common.CurrentVersion.targets(2451,5): warning MSB3277:           Project file item includes which caused reference "C:\Users\ultra\warewolf\Dev\Binaries\Infragistcs_Net6\InfragisticsWPF4.Controls.Maps.XamNetworkNode.v15.1.dll". [C:\Users\ultra\warewolf\Dev\Dev2.Studio\Dev2.Studio.csproj]
C:\Program Files\dotnet\sdk\10.0.201\Microsoft.Common.CurrentVersion.targets(2451,5): warning MSB3277:             InfragisticsWPF4.Controls.Maps.XamNetworkNode.v15.1, Version=15.1.20151.2055, Culture=neutral, PublicKeyToken=7dd5c3163f2cd0cb, processorArchitecture=MSIL [C:\Users\ultra\warewolf\Dev\Dev2.Studio\Dev2.Studio.csproj]
C:\Program Files\dotnet\sdk\10.0.201\Microsoft.Common.CurrentVersion.targets(2451,5): warning MSB3277:         C:\Users\ultra\warewolf\Dev\Binaries\Infragistcs_Net6\InfragisticsWPF4.Controls.Menus.XamDataTree.v15.1.dll [C:\Users\ultra\warewolf\Dev\Dev2.Studio\Dev2.Studio.csproj]
C:\Program Files\dotnet\sdk\10.0.201\Microsoft.Common.CurrentVersion.targets(2451,5): warning MSB3277:           Project file item includes which caused reference "C:\Users\ultra\warewolf\Dev\Binaries\Infragistcs_Net6\InfragisticsWPF4.Controls.Menus.XamDataTree.v15.1.dll". [C:\Users\ultra\warewolf\Dev\Dev2.Studio\Dev2.Studio.csproj]
C:\Program Files\dotnet\sdk\10.0.201\Microsoft.Common.CurrentVersion.targets(2451,5): warning MSB3277:             InfragisticsWPF4.Controls.Menus.XamDataTree.v15.1, Version=15.1.20151.2055, Culture=neutral, processorArchitecture=MSIL [C:\Users\ultra\warewolf\Dev\Dev2.Studio\Dev2.Studio.csproj]
C:\Program Files\dotnet\sdk\10.0.201\Microsoft.Common.CurrentVersion.targets(2451,5): warning MSB3277:         C:\Users\ultra\warewolf\Dev\Binaries\Infragistcs_Net6\InfragisticsWPF4.Controls.Menus.XamMenu.v15.1.dll [C:\Users\ultra\warewolf\Dev\Dev2.Studio\Dev2.Studio.csproj]
C:\Program Files\dotnet\sdk\10.0.201\Microsoft.Common.CurrentVersion.targets(2451,5): warning MSB3277:           Project file item includes which caused reference "C:\Users\ultra\warewolf\Dev\Binaries\Infragistcs_Net6\InfragisticsWPF4.Controls.Menus.XamMenu.v15.1.dll". [C:\Users\ultra\warewolf\Dev\Dev2.Studio\Dev2.Studio.csproj]
C:\Program Files\dotnet\sdk\10.0.201\Microsoft.Common.CurrentVersion.targets(2451,5): warning MSB3277:             InfragisticsWPF4.Controls.Menus.XamMenu.v15.1, Version=15.1.20151.2055, Culture=neutral, processorArchitecture=MSIL [C:\Users\ultra\warewolf\Dev\Dev2.Studio\Dev2.Studio.csproj]
C:\Program Files\dotnet\sdk\10.0.201\Microsoft.Common.CurrentVersion.targets(2451,5): warning MSB3277:             InfragisticsWPF4.Controls.Grids.XamGrid.v15.1, Version=15.1.20151.2055, Culture=neutral, PublicKeyToken=7dd5c3163f2cd0cb, processorArchitecture=MSIL [C:\Users\ultra\warewolf\Dev\Dev2.Studio\Dev2.Studio.csproj]
C:\Program Files\dotnet\sdk\10.0.201\Microsoft.Common.CurrentVersion.targets(2451,5): warning MSB3277:         C:\Users\ultra\warewolf\Dev\Binaries\Infragistcs_Net6\InfragisticsWPF4.DataManager.v15.1.dll [C:\Users\ultra\warewolf\Dev\Dev2.Studio\Dev2.Studio.csproj]
C:\Program Files\dotnet\sdk\10.0.201\Microsoft.Common.CurrentVersion.targets(2451,5): warning MSB3277:           Project file item includes which caused reference "C:\Users\ultra\warewolf\Dev\Binaries\Infragistcs_Net6\InfragisticsWPF4.DataManager.v15.1.dll". [C:\Users\ultra\warewolf\Dev\Dev2.Studio\Dev2.Studio.csproj]
C:\Program Files\dotnet\sdk\10.0.201\Microsoft.Common.CurrentVersion.targets(2451,5): warning MSB3277:             InfragisticsWPF4.DataManager.v15.1, Version=15.1.20151.2055, Culture=neutral, processorArchitecture=MSIL [C:\Users\ultra\warewolf\Dev\Dev2.Studio\Dev2.Studio.csproj]
C:\Program Files\dotnet\sdk\10.0.201\Microsoft.Common.CurrentVersion.targets(2451,5): warning MSB3277:             InfragisticsWPF4.Controls.Editors.XamComboEditor.v15.1, Version=15.1.20151.2055, Culture=neutral, processorArchitecture=MSIL [C:\Users\ultra\warewolf\Dev\Dev2.Studio\Dev2.Studio.csproj]
C:\Program Files\dotnet\sdk\10.0.201\Microsoft.Common.CurrentVersion.targets(2451,5): warning MSB3277:             InfragisticsWPF4.Controls.Grids.XamGrid.v15.1, Version=15.1.20151.2055, Culture=neutral, PublicKeyToken=7dd5c3163f2cd0cb, processorArchitecture=MSIL [C:\Users\ultra\warewolf\Dev\Dev2.Studio\Dev2.Studio.csproj]
C:\Program Files\dotnet\sdk\10.0.201\Microsoft.Common.CurrentVersion.targets(2451,5): warning MSB3277:             InfragisticsWPF4.Controls.Menus.XamDataTree.v15.1, Version=15.1.20151.2055, Culture=neutral, processorArchitecture=MSIL [C:\Users\ultra\warewolf\Dev\Dev2.Studio\Dev2.Studio.csproj]
C:\Program Files\dotnet\sdk\10.0.201\Microsoft.Common.CurrentVersion.targets(2451,5): warning MSB3277:         C:\Users\ultra\warewolf\Dev\Binaries\Infragistcs_Net6\InfragisticsWPF4.DataPresenter.v15.1.dll [C:\Users\ultra\warewolf\Dev\Dev2.Studio\Dev2.Studio.csproj]
C:\Program Files\dotnet\sdk\10.0.201\Microsoft.Common.CurrentVersion.targets(2451,5): warning MSB3277:           Project file item includes which caused reference "C:\Users\ultra\warewolf\Dev\Binaries\Infragistcs_Net6\InfragisticsWPF4.DataPresenter.v15.1.dll". [C:\Users\ultra\warewolf\Dev\Dev2.Studio\Dev2.Studio.csproj]
C:\Program Files\dotnet\sdk\10.0.201\Microsoft.Common.CurrentVersion.targets(2451,5): warning MSB3277:             InfragisticsWPF4.DataPresenter.v15.1 [C:\Users\ultra\warewolf\Dev\Dev2.Studio\Dev2.Studio.csproj]
C:\Program Files\dotnet\sdk\10.0.201\Microsoft.Common.CurrentVersion.targets(2451,5): warning MSB3277:         C:\Users\ultra\warewolf\Dev\Binaries\Infragistcs_Net6\InfragisticsWPF4.DataVisualization.v15.1.dll [C:\Users\ultra\warewolf\Dev\Dev2.Studio\Dev2.Studio.csproj]
C:\Program Files\dotnet\sdk\10.0.201\Microsoft.Common.CurrentVersion.targets(2451,5): warning MSB3277:           Project file item includes which caused reference "C:\Users\ultra\warewolf\Dev\Binaries\Infragistcs_Net6\InfragisticsWPF4.DataVisualization.v15.1.dll". [C:\Users\ultra\warewolf\Dev\Dev2.Studio\Dev2.Studio.csproj]
C:\Program Files\dotnet\sdk\10.0.201\Microsoft.Common.CurrentVersion.targets(2451,5): warning MSB3277:             InfragisticsWPF4.DataVisualization.v15.1, Version=15.1.20151.2055, Culture=neutral, PublicKeyToken=7dd5c3163f2cd0cb, processorArchitecture=MSIL [C:\Users\ultra\warewolf\Dev\Dev2.Studio\Dev2.Studio.csproj]
C:\Program Files\dotnet\sdk\10.0.201\Microsoft.Common.CurrentVersion.targets(2451,5): warning MSB3277:             InfragisticsWPF4.Controls.Maps.XamNetworkNode.v15.1, Version=15.1.20151.2055, Culture=neutral, PublicKeyToken=7dd5c3163f2cd0cb, processorArchitecture=MSIL [C:\Users\ultra\warewolf\Dev\Dev2.Studio\Dev2.Studio.csproj]
C:\Program Files\dotnet\sdk\10.0.201\Microsoft.Common.CurrentVersion.targets(2451,5): warning MSB3277:             InfragisticsWPF4.Math.Calculators.v15.1, Version=15.1.20151.2055, Culture=neutral, PublicKeyToken=7dd5c3163f2cd0cb, processorArchitecture=MSIL [C:\Users\ultra\warewolf\Dev\Dev2.Studio\Dev2.Studio.csproj]
C:\Program Files\dotnet\sdk\10.0.201\Microsoft.Common.CurrentVersion.targets(2451,5): warning MSB3277:         C:\Users\ultra\warewolf\Dev\Binaries\Infragistcs_Net6\InfragisticsWPF4.DockManager.v15.1.dll [C:\Users\ultra\warewolf\Dev\Dev2.Studio\Dev2.Studio.csproj]
C:\Program Files\dotnet\sdk\10.0.201\Microsoft.Common.CurrentVersion.targets(2451,5): warning MSB3277:           Project file item includes which caused reference "C:\Users\ultra\warewolf\Dev\Binaries\Infragistcs_Net6\InfragisticsWPF4.DockManager.v15.1.dll". [C:\Users\ultra\warewolf\Dev\Dev2.Studio\Dev2.Studio.csproj]
C:\Program Files\dotnet\sdk\10.0.201\Microsoft.Common.CurrentVersion.targets(2451,5): warning MSB3277:             InfragisticsWPF4.DockManager.v15.1, Version=15.1.20151.2055, Culture=neutral, PublicKeyToken=7dd5c3163f2cd0cb, processorArchitecture=MSIL [C:\Users\ultra\warewolf\Dev\Dev2.Studio\Dev2.Studio.csproj]
C:\Program Files\dotnet\sdk\10.0.201\Microsoft.Common.CurrentVersion.targets(2451,5): warning MSB3277:         C:\Users\ultra\warewolf\Dev\Binaries\Infragistcs_Net6\InfragisticsWPF4.DragDrop.v15.1.dll [C:\Users\ultra\warewolf\Dev\Dev2.Studio\Dev2.Studio.csproj]
C:\Program Files\dotnet\sdk\10.0.201\Microsoft.Common.CurrentVersion.targets(2451,5): warning MSB3277:           Project file item includes which caused reference "C:\Users\ultra\warewolf\Dev\Binaries\Infragistcs_Net6\InfragisticsWPF4.DragDrop.v15.1.dll". [C:\Users\ultra\warewolf\Dev\Dev2.Studio\Dev2.Studio.csproj]
C:\Program Files\dotnet\sdk\10.0.201\Microsoft.Common.CurrentVersion.targets(2451,5): warning MSB3277:             InfragisticsWPF4.DragDrop.v15.1, Version=15.1.20151.2055, Culture=neutral, PublicKeyToken=7dd5c3163f2cd0cb, processorArchitecture=MSIL [C:\Users\ultra\warewolf\Dev\Dev2.Studio\Dev2.Studio.csproj]
C:\Program Files\dotnet\sdk\10.0.201\Microsoft.Common.CurrentVersion.targets(2451,5): warning MSB3277:             InfragisticsWPF4.Controls.Menus.XamDataTree.v15.1, Version=15.1.20151.2055, Culture=neutral, processorArchitecture=MSIL [C:\Users\ultra\warewolf\Dev\Dev2.Studio\Dev2.Studio.csproj]
C:\Program Files\dotnet\sdk\10.0.201\Microsoft.Common.CurrentVersion.targets(2451,5): warning MSB3277:         C:\Users\ultra\warewolf\Dev\Binaries\Infragistcs_Net6\InfragisticsWPF4.Editors.v15.1.dll [C:\Users\ultra\warewolf\Dev\Dev2.Studio\Dev2.Studio.csproj]
C:\Program Files\dotnet\sdk\10.0.201\Microsoft.Common.CurrentVersion.targets(2451,5): warning MSB3277:           Project file item includes which caused reference "C:\Users\ultra\warewolf\Dev\Binaries\Infragistcs_Net6\InfragisticsWPF4.Editors.v15.1.dll". [C:\Users\ultra\warewolf\Dev\Dev2.Studio\Dev2.Studio.csproj]
C:\Program Files\dotnet\sdk\10.0.201\Microsoft.Common.CurrentVersion.targets(2451,5): warning MSB3277:             InfragisticsWPF4.Editors.v15.1, Version=15.1.20151.2055, Culture=neutral, processorArchitecture=MSIL [C:\Users\ultra\warewolf\Dev\Dev2.Studio\Dev2.Studio.csproj]
C:\Program Files\dotnet\sdk\10.0.201\Microsoft.Common.CurrentVersion.targets(2451,5): warning MSB3277:             InfragisticsWPF4.DataPresenter.v15.1 [C:\Users\ultra\warewolf\Dev\Dev2.Studio\Dev2.Studio.csproj]
C:\Program Files\dotnet\sdk\10.0.201\Microsoft.Common.CurrentVersion.targets(2451,5): warning MSB3277:         C:\Users\ultra\warewolf\Dev\Binaries\Infragistcs_Net6\InfragisticsWPF4.Math.Calculators.v15.1.dll [C:\Users\ultra\warewolf\Dev\Dev2.Studio\Dev2.Studio.csproj]
C:\Program Files\dotnet\sdk\10.0.201\Microsoft.Common.CurrentVersion.targets(2451,5): warning MSB3277:           Project file item includes which caused reference "C:\Users\ultra\warewolf\Dev\Binaries\Infragistcs_Net6\InfragisticsWPF4.Math.Calculators.v15.1.dll". [C:\Users\ultra\warewolf\Dev\Dev2.Studio\Dev2.Studio.csproj]
C:\Program Files\dotnet\sdk\10.0.201\Microsoft.Common.CurrentVersion.targets(2451,5): warning MSB3277:             InfragisticsWPF4.Math.Calculators.v15.1, Version=15.1.20151.2055, Culture=neutral, PublicKeyToken=7dd5c3163f2cd0cb, processorArchitecture=MSIL [C:\Users\ultra\warewolf\Dev\Dev2.Studio\Dev2.Studio.csproj]
C:\Program Files\dotnet\sdk\10.0.201\Microsoft.Common.CurrentVersion.targets(2451,5): warning MSB3277:         C:\Users\ultra\warewolf\Dev\Binaries\Infragistcs_Net6\InfragisticsWPF4.v15.1.dll [C:\Users\ultra\warewolf\Dev\Dev2.Studio\Dev2.Studio.csproj]
C:\Program Files\dotnet\sdk\10.0.201\Microsoft.Common.CurrentVersion.targets(2451,5): warning MSB3277:           Project file item includes which caused reference "C:\Users\ultra\warewolf\Dev\Binaries\Infragistcs_Net6\InfragisticsWPF4.v15.1.dll". [C:\Users\ultra\warewolf\Dev\Dev2.Studio\Dev2.Studio.csproj]
C:\Program Files\dotnet\sdk\10.0.201\Microsoft.Common.CurrentVersion.targets(2451,5): warning MSB3277:             InfragisticsWPF4.v15.1, Version=15.1.20151.2055, Culture=neutral, PublicKeyToken=7dd5c3163f2cd0cb, processorArchitecture=MSIL [C:\Users\ultra\warewolf\Dev\Dev2.Studio\Dev2.Studio.csproj]
C:\Program Files\dotnet\sdk\10.0.201\Microsoft.Common.CurrentVersion.targets(2451,5): warning MSB3277:             InfragisticsWPF4.Controls.Editors.XamComboEditor.v15.1, Version=15.1.20151.2055, Culture=neutral, processorArchitecture=MSIL [C:\Users\ultra\warewolf\Dev\Dev2.Studio\Dev2.Studio.csproj]
C:\Program Files\dotnet\sdk\10.0.201\Microsoft.Common.CurrentVersion.targets(2451,5): warning MSB3277:             InfragisticsWPF4.Controls.Grids.XamGrid.v15.1, Version=15.1.20151.2055, Culture=neutral, PublicKeyToken=7dd5c3163f2cd0cb, processorArchitecture=MSIL [C:\Users\ultra\warewolf\Dev\Dev2.Studio\Dev2.Studio.csproj]
C:\Program Files\dotnet\sdk\10.0.201\Microsoft.Common.CurrentVersion.targets(2451,5): warning MSB3277:             CalculationManager.WPF [C:\Users\ultra\warewolf\Dev\Dev2.Studio\Dev2.Studio.csproj]
C:\Program Files\dotnet\sdk\10.0.201\Microsoft.Common.CurrentVersion.targets(2451,5): warning MSB3277:             InfragisticsWPF4.Controls.Interactions.XamDialogWindow.v15.1, Version=15.1.20151.2055, Culture=neutral, PublicKeyToken=7dd5c3163f2cd0cb, processorArchitecture=MSIL [C:\Users\ultra\warewolf\Dev\Dev2.Studio\Dev2.Studio.csproj]
C:\Program Files\dotnet\sdk\10.0.201\Microsoft.Common.CurrentVersion.targets(2451,5): warning MSB3277:             InfragisticsWPF4.Controls.Maps.XamNetworkNode.v15.1, Version=15.1.20151.2055, Culture=neutral, PublicKeyToken=7dd5c3163f2cd0cb, processorArchitecture=MSIL [C:\Users\ultra\warewolf\Dev\Dev2.Studio\Dev2.Studio.csproj]
C:\Program Files\dotnet\sdk\10.0.201\Microsoft.Common.CurrentVersion.targets(2451,5): warning MSB3277:             InfragisticsWPF4.Controls.Menus.XamDataTree.v15.1, Version=15.1.20151.2055, Culture=neutral, processorArchitecture=MSIL [C:\Users\ultra\warewolf\Dev\Dev2.Studio\Dev2.Studio.csproj]
C:\Program Files\dotnet\sdk\10.0.201\Microsoft.Common.CurrentVersion.targets(2451,5): warning MSB3277:             InfragisticsWPF4.Controls.Menus.XamMenu.v15.1, Version=15.1.20151.2055, Culture=neutral, processorArchitecture=MSIL [C:\Users\ultra\warewolf\Dev\Dev2.Studio\Dev2.Studio.csproj]
C:\Program Files\dotnet\sdk\10.0.201\Microsoft.Common.CurrentVersion.targets(2451,5): warning MSB3277:             InfragisticsWPF4.DataManager.v15.1, Version=15.1.20151.2055, Culture=neutral, processorArchitecture=MSIL [C:\Users\ultra\warewolf\Dev\Dev2.Studio\Dev2.Studio.csproj]
C:\Program Files\dotnet\sdk\10.0.201\Microsoft.Common.CurrentVersion.targets(2451,5): warning MSB3277:             InfragisticsWPF4.DataPresenter.v15.1 [C:\Users\ultra\warewolf\Dev\Dev2.Studio\Dev2.Studio.csproj]
C:\Program Files\dotnet\sdk\10.0.201\Microsoft.Common.CurrentVersion.targets(2451,5): warning MSB3277:             InfragisticsWPF4.DataVisualization.v15.1, Version=15.1.20151.2055, Culture=neutral, PublicKeyToken=7dd5c3163f2cd0cb, processorArchitecture=MSIL [C:\Users\ultra\warewolf\Dev\Dev2.Studio\Dev2.Studio.csproj]
C:\Program Files\dotnet\sdk\10.0.201\Microsoft.Common.CurrentVersion.targets(2451,5): warning MSB3277:             InfragisticsWPF4.DockManager.v15.1, Version=15.1.20151.2055, Culture=neutral, PublicKeyToken=7dd5c3163f2cd0cb, processorArchitecture=MSIL [C:\Users\ultra\warewolf\Dev\Dev2.Studio\Dev2.Studio.csproj]
C:\Program Files\dotnet\sdk\10.0.201\Microsoft.Common.CurrentVersion.targets(2451,5): warning MSB3277:             InfragisticsWPF4.Editors.v15.1, Version=15.1.20151.2055, Culture=neutral, processorArchitecture=MSIL [C:\Users\ultra\warewolf\Dev\Dev2.Studio\Dev2.Studio.csproj]
C:\Program Files\dotnet\sdk\10.0.201\Microsoft.Common.CurrentVersion.targets(2451,5): warning MSB3277:             InfragisticsWPF4.Math.Calculators.v15.1, Version=15.1.20151.2055, Culture=neutral, PublicKeyToken=7dd5c3163f2cd0cb, processorArchitecture=MSIL [C:\Users\ultra\warewolf\Dev\Dev2.Studio\Dev2.Studio.csproj]
C:\Program Files\dotnet\sdk\10.0.201\Microsoft.Common.CurrentVersion.targets(2451,5): warning MSB3277:             InfragisticsWPF4.Math.v15.1, Version=15.1.20151.2055, Culture=neutral, PublicKeyToken=7dd5c3163f2cd0cb, processorArchitecture=MSIL [C:\Users\ultra\warewolf\Dev\Dev2.Studio\Dev2.Studio.csproj]
C:\Program Files\dotnet\sdk\10.0.201\Microsoft.Common.CurrentVersion.targets(2451,5): warning MSB3277:         C:\Users\ultra\.nuget\packages\avalonedit\6.3.0.90\lib\net462\ICSharpCode.AvalonEdit.dll [C:\Users\ultra\warewolf\Dev\Dev2.Studio\Dev2.Studio.csproj]
C:\Program Files\dotnet\sdk\10.0.201\Microsoft.Common.CurrentVersion.targets(2451,5): warning MSB3277:           Project file item includes which caused reference "C:\Users\ultra\.nuget\packages\avalonedit\6.3.0.90\lib\net462\ICSharpCode.AvalonEdit.dll". [C:\Users\ultra\warewolf\Dev\Dev2.Studio\Dev2.Studio.csproj]
C:\Program Files\dotnet\sdk\10.0.201\Microsoft.Common.CurrentVersion.targets(2451,5): warning MSB3277:             C:\Users\ultra\.nuget\packages\avalonedit\6.3.0.90\lib\net462\ICSharpCode.AvalonEdit.dll [C:\Users\ultra\warewolf\Dev\Dev2.Studio\Dev2.Studio.csproj]
C:\Program Files\dotnet\sdk\10.0.201\Microsoft.Common.CurrentVersion.targets(2451,5): warning MSB3277:         C:\Users\ultra\.nuget\packages\caliburn.micro\4.0.212\lib\netcoreapp3.1\Caliburn.Micro.Platform.dll [C:\Users\ultra\warewolf\Dev\Dev2.Studio\Dev2.Studio.csproj]
C:\Program Files\dotnet\sdk\10.0.201\Microsoft.Common.CurrentVersion.targets(2451,5): warning MSB3277:           Project file item includes which caused reference "C:\Users\ultra\.nuget\packages\caliburn.micro\4.0.212\lib\netcoreapp3.1\Caliburn.Micro.Platform.dll". [C:\Users\ultra\warewolf\Dev\Dev2.Studio\Dev2.Studio.csproj]
C:\Program Files\dotnet\sdk\10.0.201\Microsoft.Common.CurrentVersion.targets(2451,5): warning MSB3277:             C:\Users\ultra\.nuget\packages\caliburn.micro\4.0.212\lib\netcoreapp3.1\Caliburn.Micro.Platform.dll [C:\Users\ultra\warewolf\Dev\Dev2.Studio\Dev2.Studio.csproj]
C:\Program Files\dotnet\sdk\10.0.201\Microsoft.Common.CurrentVersion.targets(2451,5): warning MSB3277:         C:\Users\ultra\.nuget\packages\extended.wpf.toolkit\4.4.0\lib\net5.0\Xceed.Wpf.AvalonDock.NET5.dll [C:\Users\ultra\warewolf\Dev\Dev2.Studio\Dev2.Studio.csproj]
C:\Program Files\dotnet\sdk\10.0.201\Microsoft.Common.CurrentVersion.targets(2451,5): warning MSB3277:           Project file item includes which caused reference "C:\Users\ultra\.nuget\packages\extended.wpf.toolkit\4.4.0\lib\net5.0\Xceed.Wpf.AvalonDock.NET5.dll". [C:\Users\ultra\warewolf\Dev\Dev2.Studio\Dev2.Studio.csproj]
C:\Program Files\dotnet\sdk\10.0.201\Microsoft.Common.CurrentVersion.targets(2451,5): warning MSB3277:             C:\Users\ultra\.nuget\packages\extended.wpf.toolkit\4.4.0\lib\net5.0\Xceed.Wpf.AvalonDock.NET5.dll [C:\Users\ultra\warewolf\Dev\Dev2.Studio\Dev2.Studio.csproj]
C:\Program Files\dotnet\sdk\10.0.201\Microsoft.Common.CurrentVersion.targets(2451,5): warning MSB3277:             C:\Users\ultra\.nuget\packages\extended.wpf.toolkit\4.4.0\lib\net5.0\Xceed.Wpf.AvalonDock.Themes.Aero.NET5.dll [C:\Users\ultra\warewolf\Dev\Dev2.Studio\Dev2.Studio.csproj]
C:\Program Files\dotnet\sdk\10.0.201\Microsoft.Common.CurrentVersion.targets(2451,5): warning MSB3277:             C:\Users\ultra\.nuget\packages\extended.wpf.toolkit\4.4.0\lib\net5.0\Xceed.Wpf.AvalonDock.Themes.Metro.NET5.dll [C:\Users\ultra\warewolf\Dev\Dev2.Studio\Dev2.Studio.csproj]
C:\Program Files\dotnet\sdk\10.0.201\Microsoft.Common.CurrentVersion.targets(2451,5): warning MSB3277:             C:\Users\ultra\.nuget\packages\extended.wpf.toolkit\4.4.0\lib\net5.0\Xceed.Wpf.AvalonDock.Themes.VS2010.NET5.dll [C:\Users\ultra\warewolf\Dev\Dev2.Studio\Dev2.Studio.csproj]
C:\Program Files\dotnet\sdk\10.0.201\Microsoft.Common.CurrentVersion.targets(2451,5): warning MSB3277:         C:\Users\ultra\.nuget\packages\extended.wpf.toolkit\4.4.0\lib\net5.0\Xceed.Wpf.AvalonDock.Themes.Aero.NET5.dll [C:\Users\ultra\warewolf\Dev\Dev2.Studio\Dev2.Studio.csproj]
C:\Program Files\dotnet\sdk\10.0.201\Microsoft.Common.CurrentVersion.targets(2451,5): warning MSB3277:           Project file item includes which caused reference "C:\Users\ultra\.nuget\packages\extended.wpf.toolkit\4.4.0\lib\net5.0\Xceed.Wpf.AvalonDock.Themes.Aero.NET5.dll". [C:\Users\ultra\warewolf\Dev\Dev2.Studio\Dev2.Studio.csproj]
C:\Program Files\dotnet\sdk\10.0.201\Microsoft.Common.CurrentVersion.targets(2451,5): warning MSB3277:             C:\Users\ultra\.nuget\packages\extended.wpf.toolkit\4.4.0\lib\net5.0\Xceed.Wpf.AvalonDock.Themes.Aero.NET5.dll [C:\Users\ultra\warewolf\Dev\Dev2.Studio\Dev2.Studio.csproj]
C:\Program Files\dotnet\sdk\10.0.201\Microsoft.Common.CurrentVersion.targets(2451,5): warning MSB3277:         C:\Users\ultra\.nuget\packages\extended.wpf.toolkit\4.4.0\lib\net5.0\Xceed.Wpf.Toolkit.NET5.dll [C:\Users\ultra\warewolf\Dev\Dev2.Studio\Dev2.Studio.csproj]
C:\Program Files\dotnet\sdk\10.0.201\Microsoft.Common.CurrentVersion.targets(2451,5): warning MSB3277:           Project file item includes which caused reference "C:\Users\ultra\.nuget\packages\extended.wpf.toolkit\4.4.0\lib\net5.0\Xceed.Wpf.Toolkit.NET5.dll". [C:\Users\ultra\warewolf\Dev\Dev2.Studio\Dev2.Studio.csproj]
C:\Program Files\dotnet\sdk\10.0.201\Microsoft.Common.CurrentVersion.targets(2451,5): warning MSB3277:             C:\Users\ultra\.nuget\packages\extended.wpf.toolkit\4.4.0\lib\net5.0\Xceed.Wpf.Toolkit.NET5.dll [C:\Users\ultra\warewolf\Dev\Dev2.Studio\Dev2.Studio.csproj]
C:\Program Files\dotnet\sdk\10.0.201\Microsoft.Common.CurrentVersion.targets(2451,5): warning MSB3277:         C:\Users\ultra\.nuget\packages\fontawesome.wpf\4.7.0.9\lib\net40\FontAwesome.WPF.dll [C:\Users\ultra\warewolf\Dev\Dev2.Studio\Dev2.Studio.csproj]
C:\Program Files\dotnet\sdk\10.0.201\Microsoft.Common.CurrentVersion.targets(2451,5): warning MSB3277:           Project file item includes which caused reference "C:\Users\ultra\.nuget\packages\fontawesome.wpf\4.7.0.9\lib\net40\FontAwesome.WPF.dll". [C:\Users\ultra\warewolf\Dev\Dev2.Studio\Dev2.Studio.csproj]
C:\Program Files\dotnet\sdk\10.0.201\Microsoft.Common.CurrentVersion.targets(2451,5): warning MSB3277:             C:\Users\ultra\.nuget\packages\fontawesome.wpf\4.7.0.9\lib\net40\FontAwesome.WPF.dll [C:\Users\ultra\warewolf\Dev\Dev2.Studio\Dev2.Studio.csproj]
C:\Program Files\dotnet\sdk\10.0.201\Microsoft.Common.CurrentVersion.targets(2451,5): warning MSB3277:         C:\Users\ultra\.nuget\packages\ironpython\3.4.0\lib\net6.0\IronPython.Wpf.dll [C:\Users\ultra\warewolf\Dev\Dev2.Studio\Dev2.Studio.csproj]
C:\Program Files\dotnet\sdk\10.0.201\Microsoft.Common.CurrentVersion.targets(2451,5): warning MSB3277:           Project file item includes which caused reference "C:\Users\ultra\.nuget\packages\ironpython\3.4.0\lib\net6.0\IronPython.Wpf.dll". [C:\Users\ultra\warewolf\Dev\Dev2.Studio\Dev2.Studio.csproj]
C:\Program Files\dotnet\sdk\10.0.201\Microsoft.Common.CurrentVersion.targets(2451,5): warning MSB3277:             C:\Users\ultra\.nuget\packages\ironpython\3.4.0\lib\net6.0\IronPython.Wpf.dll [C:\Users\ultra\warewolf\Dev\Dev2.Studio\Dev2.Studio.csproj]
C:\Program Files\dotnet\sdk\10.0.201\Microsoft.Common.CurrentVersion.targets(2451,5): warning MSB3277:         C:\Users\ultra\.nuget\packages\microsoft.xaml.behaviors.wpf\1.1.122\lib\net462\Microsoft.Xaml.Behaviors.dll [C:\Users\ultra\warewolf\Dev\Dev2.Studio\Dev2.Studio.csproj]
C:\Program Files\dotnet\sdk\10.0.201\Microsoft.Common.CurrentVersion.targets(2451,5): warning MSB3277:           Project file item includes which caused reference "C:\Users\ultra\.nuget\packages\microsoft.xaml.behaviors.wpf\1.1.122\lib\net462\Microsoft.Xaml.Behaviors.dll". [C:\Users\ultra\warewolf\Dev\Dev2.Studio\Dev2.Studio.csproj]
C:\Program Files\dotnet\sdk\10.0.201\Microsoft.Common.CurrentVersion.targets(2451,5): warning MSB3277:             C:\Users\ultra\.nuget\packages\microsoft.xaml.behaviors.wpf\1.1.122\lib\net462\Microsoft.Xaml.Behaviors.dll [C:\Users\ultra\warewolf\Dev\Dev2.Studio\Dev2.Studio.csproj]
C:\Program Files\dotnet\sdk\10.0.201\Microsoft.Common.CurrentVersion.targets(2451,5): warning MSB3277:             C:\Users\ultra\.nuget\packages\caliburn.micro\4.0.212\lib\netcoreapp3.1\Caliburn.Micro.Platform.dll [C:\Users\ultra\warewolf\Dev\Dev2.Studio\Dev2.Studio.csproj]
C:\Program Files\dotnet\sdk\10.0.201\Microsoft.Common.CurrentVersion.targets(2451,5): warning MSB3277:             C:\Users\ultra\.nuget\packages\prism.wpf\9.0.537\lib\net462\Prism.Wpf.dll [C:\Users\ultra\warewolf\Dev\Dev2.Studio\Dev2.Studio.csproj]
C:\Program Files\dotnet\sdk\10.0.201\Microsoft.Common.CurrentVersion.targets(2451,5): warning MSB3277:         C:\Users\ultra\.nuget\packages\prism.composition\5.0.0\lib\NET45\Microsoft.Practices.Prism.Composition.dll [C:\Users\ultra\warewolf\Dev\Dev2.Studio\Dev2.Studio.csproj]
C:\Program Files\dotnet\sdk\10.0.201\Microsoft.Common.CurrentVersion.targets(2451,5): warning MSB3277:           Project file item includes which caused reference "C:\Users\ultra\.nuget\packages\prism.composition\5.0.0\lib\NET45\Microsoft.Practices.Prism.Composition.dll". [C:\Users\ultra\warewolf\Dev\Dev2.Studio\Dev2.Studio.csproj]
C:\Program Files\dotnet\sdk\10.0.201\Microsoft.Common.CurrentVersion.targets(2451,5): warning MSB3277:             C:\Users\ultra\.nuget\packages\prism.composition\5.0.0\lib\NET45\Microsoft.Practices.Prism.Composition.dll [C:\Users\ultra\warewolf\Dev\Dev2.Studio\Dev2.Studio.csproj]
C:\Program Files\dotnet\sdk\10.0.201\Microsoft.Common.CurrentVersion.targets(2451,5): warning MSB3277:             C:\Users\ultra\.nuget\packages\prism.unityextensions\5.0.1\lib\NET45\Microsoft.Practices.Prism.UnityExtensions.dll [C:\Users\ultra\warewolf\Dev\Dev2.Studio\Dev2.Studio.csproj]
C:\Program Files\dotnet\sdk\10.0.201\Microsoft.Common.CurrentVersion.targets(2451,5): warning MSB3277:         C:\Users\ultra\.nuget\packages\prism.interactivity\5.0.0\lib\NET45\Microsoft.Practices.Prism.Interactivity.dll [C:\Users\ultra\warewolf\Dev\Dev2.Studio\Dev2.Studio.csproj]
C:\Program Files\dotnet\sdk\10.0.201\Microsoft.Common.CurrentVersion.targets(2451,5): warning MSB3277:           Project file item includes which caused reference "C:\Users\ultra\.nuget\packages\prism.interactivity\5.0.0\lib\NET45\Microsoft.Practices.Prism.Interactivity.dll". [C:\Users\ultra\warewolf\Dev\Dev2.Studio\Dev2.Studio.csproj]
C:\Program Files\dotnet\sdk\10.0.201\Microsoft.Common.CurrentVersion.targets(2451,5): warning MSB3277:             C:\Users\ultra\.nuget\packages\prism.interactivity\5.0.0\lib\NET45\Microsoft.Practices.Prism.Interactivity.dll [C:\Users\ultra\warewolf\Dev\Dev2.Studio\Dev2.Studio.csproj]
C:\Program Files\dotnet\sdk\10.0.201\Microsoft.Common.CurrentVersion.targets(2451,5): warning MSB3277:         C:\Users\ultra\.nuget\packages\prism.mvvm\1.0.0\lib\net45\Microsoft.Practices.Prism.Mvvm.Desktop.dll [C:\Users\ultra\warewolf\Dev\Dev2.Studio\Dev2.Studio.csproj]
C:\Program Files\dotnet\sdk\10.0.201\Microsoft.Common.CurrentVersion.targets(2451,5): warning MSB3277:           Project file item includes which caused reference "C:\Users\ultra\.nuget\packages\prism.mvvm\1.0.0\lib\net45\Microsoft.Practices.Prism.Mvvm.Desktop.dll". [C:\Users\ultra\warewolf\Dev\Dev2.Studio\Dev2.Studio.csproj]
C:\Program Files\dotnet\sdk\10.0.201\Microsoft.Common.CurrentVersion.targets(2451,5): warning MSB3277:             C:\Users\ultra\.nuget\packages\prism.mvvm\1.0.0\lib\net45\Microsoft.Practices.Prism.Mvvm.Desktop.dll [C:\Users\ultra\warewolf\Dev\Dev2.Studio\Dev2.Studio.csproj]
C:\Program Files\dotnet\sdk\10.0.201\Microsoft.Common.CurrentVersion.targets(2451,5): warning MSB3277:         C:\Users\ultra\.nuget\packages\prism.unityextensions\5.0.1\lib\NET45\Microsoft.Practices.Prism.UnityExtensions.dll [C:\Users\ultra\warewolf\Dev\Dev2.Studio\Dev2.Studio.csproj]
C:\Program Files\dotnet\sdk\10.0.201\Microsoft.Common.CurrentVersion.targets(2451,5): warning MSB3277:           Project file item includes which caused reference "C:\Users\ultra\.nuget\packages\prism.unityextensions\5.0.1\lib\NET45\Microsoft.Practices.Prism.UnityExtensions.dll". [C:\Users\ultra\warewolf\Dev\Dev2.Studio\Dev2.Studio.csproj]
C:\Program Files\dotnet\sdk\10.0.201\Microsoft.Common.CurrentVersion.targets(2451,5): warning MSB3277:             C:\Users\ultra\.nuget\packages\prism.unityextensions\5.0.1\lib\NET45\Microsoft.Practices.Prism.UnityExtensions.dll [C:\Users\ultra\warewolf\Dev\Dev2.Studio\Dev2.Studio.csproj]
C:\Program Files\dotnet\sdk\10.0.201\Microsoft.Common.CurrentVersion.targets(2451,5): warning MSB3277:         C:\Users\ultra\.nuget\packages\prism.wpf\9.0.537\lib\net462\Prism.Wpf.dll [C:\Users\ultra\warewolf\Dev\Dev2.Studio\Dev2.Studio.csproj]
C:\Program Files\dotnet\sdk\10.0.201\Microsoft.Common.CurrentVersion.targets(2451,5): warning MSB3277:           Project file item includes which caused reference "C:\Users\ultra\.nuget\packages\prism.wpf\9.0.537\lib\net462\Prism.Wpf.dll". [C:\Users\ultra\warewolf\Dev\Dev2.Studio\Dev2.Studio.csproj]
C:\Program Files\dotnet\sdk\10.0.201\Microsoft.Common.CurrentVersion.targets(2451,5): warning MSB3277:             C:\Users\ultra\.nuget\packages\prism.wpf\9.0.537\lib\net462\Prism.Wpf.dll [C:\Users\ultra\warewolf\Dev\Dev2.Studio\Dev2.Studio.csproj]
C:\Program Files\dotnet\sdk\10.0.201\Microsoft.Common.CurrentVersion.targets(2451,5): warning MSB3277:         C:\Users\ultra\.nuget\packages\reactiveui.wpf\18.4.1\lib\net462\ReactiveUI.Wpf.dll [C:\Users\ultra\warewolf\Dev\Dev2.Studio\Dev2.Studio.csproj]
C:\Program Files\dotnet\sdk\10.0.201\Microsoft.Common.CurrentVersion.targets(2451,5): warning MSB3277:           Project file item includes which caused reference "C:\Users\ultra\.nuget\packages\reactiveui.wpf\18.4.1\lib\net462\ReactiveUI.Wpf.dll". [C:\Users\ultra\warewolf\Dev\Dev2.Studio\Dev2.Studio.csproj]
C:\Program Files\dotnet\sdk\10.0.201\Microsoft.Common.CurrentVersion.targets(2451,5): warning MSB3277:             C:\Users\ultra\.nuget\packages\reactiveui.wpf\18.4.1\lib\net462\ReactiveUI.Wpf.dll [C:\Users\ultra\warewolf\Dev\Dev2.Studio\Dev2.Studio.csproj]
C:\Program Files\dotnet\sdk\10.0.201\Microsoft.Common.CurrentVersion.targets(2451,5): warning MSB3277: Found conflicts between different versions of "System.Drawing.Common" that could not be resolved. [C:\Users\ultra\warewolf\Dev\Dev2.Studio\Dev2.Studio.csproj]
C:\Program Files\dotnet\sdk\10.0.201\Microsoft.Common.CurrentVersion.targets(2451,5): warning MSB3277: There was a conflict between "System.Drawing.Common, Version=6.0.0.0, Culture=neutral, PublicKeyToken=cc7b13ffcd2ddd51" and "System.Drawing.Common, Version=8.0.0.0, Culture=neutral, PublicKeyToken=cc7b13ffcd2ddd51". [C:\Users\ultra\warewolf\Dev\Dev2.Studio\Dev2.Studio.csproj]
C:\Program Files\dotnet\sdk\10.0.201\Microsoft.Common.CurrentVersion.targets(2451,5): warning MSB3277:     "System.Drawing.Common, Version=6.0.0.0, Culture=neutral, PublicKeyToken=cc7b13ffcd2ddd51" was chosen because it was primary and "System.Drawing.Common, Version=8.0.0.0, Culture=neutral, PublicKeyToken=cc7b13ffcd2ddd51" was not. [C:\Users\ultra\warewolf\Dev\Dev2.Studio\Dev2.Studio.csproj]
C:\Program Files\dotnet\sdk\10.0.201\Microsoft.Common.CurrentVersion.targets(2451,5): warning MSB3277:     References which depend on "System.Drawing.Common, Version=6.0.0.0, Culture=neutral, PublicKeyToken=cc7b13ffcd2ddd51" [C:\Users\ultra\.nuget\packages\system.drawing.common\6.0.0\lib\net6.0\System.Drawing.Common.dll]. [C:\Users\ultra\warewolf\Dev\Dev2.Studio\Dev2.Studio.csproj]
C:\Program Files\dotnet\sdk\10.0.201\Microsoft.Common.CurrentVersion.targets(2451,5): warning MSB3277:         C:\Users\ultra\.nuget\packages\system.drawing.common\6.0.0\lib\net6.0\System.Drawing.Common.dll [C:\Users\ultra\warewolf\Dev\Dev2.Studio\Dev2.Studio.csproj]
C:\Program Files\dotnet\sdk\10.0.201\Microsoft.Common.CurrentVersion.targets(2451,5): warning MSB3277:           Project file item includes which caused reference "C:\Users\ultra\.nuget\packages\system.drawing.common\6.0.0\lib\net6.0\System.Drawing.Common.dll". [C:\Users\ultra\warewolf\Dev\Dev2.Studio\Dev2.Studio.csproj]
C:\Program Files\dotnet\sdk\10.0.201\Microsoft.Common.CurrentVersion.targets(2451,5): warning MSB3277:             C:\Users\ultra\.nuget\packages\system.drawing.common\6.0.0\lib\net6.0\System.Drawing.Common.dll [C:\Users\ultra\warewolf\Dev\Dev2.Studio\Dev2.Studio.csproj]
C:\Program Files\dotnet\sdk\10.0.201\Microsoft.Common.CurrentVersion.targets(2451,5): warning MSB3277:     References which depend on or have been unified to "System.Drawing.Common, Version=8.0.0.0, Culture=neutral, PublicKeyToken=cc7b13ffcd2ddd51" []. [C:\Users\ultra\warewolf\Dev\Dev2.Studio\Dev2.Studio.csproj]
C:\Program Files\dotnet\sdk\10.0.201\Microsoft.Common.CurrentVersion.targets(2451,5): warning MSB3277:         C:\Users\ultra\.nuget\packages\servicestack\6.3.0\lib\net6.0\ServiceStack.dll [C:\Users\ultra\warewolf\Dev\Dev2.Studio\Dev2.Studio.csproj]
C:\Program Files\dotnet\sdk\10.0.201\Microsoft.Common.CurrentVersion.targets(2451,5): warning MSB3277:           Project file item includes which caused reference "C:\Users\ultra\.nuget\packages\servicestack\6.3.0\lib\net6.0\ServiceStack.dll". [C:\Users\ultra\warewolf\Dev\Dev2.Studio\Dev2.Studio.csproj]
C:\Program Files\dotnet\sdk\10.0.201\Microsoft.Common.CurrentVersion.targets(2451,5): warning MSB3277:             C:\Users\ultra\.nuget\packages\servicestack\6.3.0\lib\net6.0\ServiceStack.dll [C:\Users\ultra\warewolf\Dev\Dev2.Studio\Dev2.Studio.csproj]
C:\Program Files\dotnet\sdk\10.0.201\Microsoft.Common.CurrentVersion.targets(2451,5): warning MSB3277:         C:\Users\ultra\.nuget\packages\system.windows.extensions\8.0.0\lib\net8.0\System.Windows.Extensions.dll [C:\Users\ultra\warewolf\Dev\Dev2.Studio\Dev2.Studio.csproj]
C:\Program Files\dotnet\sdk\10.0.201\Microsoft.Common.CurrentVersion.targets(2451,5): warning MSB3277:           Project file item includes which caused reference "C:\Users\ultra\.nuget\packages\system.windows.extensions\8.0.0\lib\net8.0\System.Windows.Extensions.dll". [C:\Users\ultra\warewolf\Dev\Dev2.Studio\Dev2.Studio.csproj]
C:\Program Files\dotnet\sdk\10.0.201\Microsoft.Common.CurrentVersion.targets(2451,5): warning MSB3277:             C:\Users\ultra\.nuget\packages\system.windows.extensions\8.0.0\lib\net8.0\System.Windows.Extensions.dll [C:\Users\ultra\warewolf\Dev\Dev2.Studio\Dev2.Studio.csproj]
C:\Program Files\dotnet\sdk\10.0.201\Microsoft.Common.CurrentVersion.targets(2451,5): warning MSB3277:             InfragisticsWPF4.Editors.v15.1, Version=15.1.20151.2055, Culture=neutral, processorArchitecture=MSIL [C:\Users\ultra\warewolf\Dev\Dev2.Studio\Dev2.Studio.csproj]
C:\Program Files\dotnet\sdk\10.0.201\Microsoft.Common.CurrentVersion.targets(2451,5): warning MSB3277:             InfragisticsWPF4.DataPresenter.v15.1 [C:\Users\ultra\warewolf\Dev\Dev2.Studio\Dev2.Studio.csproj]
C:\Program Files\dotnet\sdk\10.0.201\Microsoft.Common.CurrentVersion.targets(2451,5): warning MSB3277:             C:\Users\ultra\.nuget\packages\extended.wpf.toolkit\4.4.0\lib\net5.0\Xceed.Wpf.Toolkit.NET5.dll [C:\Users\ultra\warewolf\Dev\Dev2.Studio\Dev2.Studio.csproj]
C:\Program Files\dotnet\sdk\10.0.201\Microsoft.Common.CurrentVersion.targets(2451,5): warning MSB3277:             C:\Users\ultra\.nuget\packages\system.security.permissions\8.0.0\lib\net8.0\System.Security.Permissions.dll [C:\Users\ultra\warewolf\Dev\Dev2.Studio\Dev2.Studio.csproj]
C:\Program Files\dotnet\sdk\10.0.201\Microsoft.Common.CurrentVersion.targets(2451,5): warning MSB3277:             C:\Users\ultra\warewolf\Dev\Dev2.Data\bin\Debug\net8.0\Dev2.Data.dll [C:\Users\ultra\warewolf\Dev\Dev2.Studio\Dev2.Studio.csproj]
C:\Program Files\dotnet\sdk\10.0.201\Microsoft.Common.CurrentVersion.targets(2451,5): warning MSB3277:             C:\Users\ultra\warewolf\Dev\Dev2.Activities\bin\Debug\net8.0\Dev2.Activities.dll [C:\Users\ultra\warewolf\Dev\Dev2.Studio\Dev2.Studio.csproj]
C:\Program Files\dotnet\sdk\10.0.201\Microsoft.Common.CurrentVersion.targets(2451,5): warning MSB3277:             C:\Users\ultra\warewolf\Dev\Dev2.Core\bin\Debug\net8.0\Dev2.Core.dll [C:\Users\ultra\warewolf\Dev\Dev2.Studio\Dev2.Studio.csproj]
C:\Program Files\dotnet\sdk\10.0.201\Microsoft.Common.CurrentVersion.targets(2451,5): warning MSB3277:             C:\Users\ultra\warewolf\Dev\Dev2.Intellisense\bin\Debug\net8.0\Dev2.Intellisense.dll [C:\Users\ultra\warewolf\Dev\Dev2.Studio\Dev2.Studio.csproj]
C:\Program Files\dotnet\sdk\10.0.201\Microsoft.Common.CurrentVersion.targets(2451,5): warning MSB3277:             C:\Users\ultra\warewolf\Dev\Dev2.Scheduler\bin\Debug\net8.0\Dev2.Scheduler.dll [C:\Users\ultra\warewolf\Dev\Dev2.Studio\Dev2.Studio.csproj]
C:\Program Files\dotnet\sdk\10.0.201\Microsoft.Common.CurrentVersion.targets(2451,5): warning MSB3277:             C:\Users\ultra\warewolf\Dev\Dev2.Services.Execution\bin\Debug\net8.0\Dev2.Services.Execution.dll [C:\Users\ultra\warewolf\Dev\Dev2.Studio\Dev2.Studio.csproj]
C:\Program Files\dotnet\sdk\10.0.201\Microsoft.Common.CurrentVersion.targets(2451,5): warning MSB3277:             C:\Users\ultra\warewolf\Dev\Dev2.Studio.Core\bin\Debug\net8.0\Dev2.Studio.Core.dll [C:\Users\ultra\warewolf\Dev\Dev2.Studio\Dev2.Studio.csproj]
C:\Program Files\dotnet\sdk\10.0.201\Microsoft.Common.CurrentVersion.targets(2451,5): warning MSB3277:             C:\Users\ultra\warewolf\Dev\Dev2.Studio.Interfaces\bin\Debug\net8.0\Dev2.Studio.Interfaces.dll [C:\Users\ultra\warewolf\Dev\Dev2.Studio\Dev2.Studio.csproj]
C:\Program Files\dotnet\sdk\10.0.201\Microsoft.Common.CurrentVersion.targets(2451,5): warning MSB3277:             C:\Users\ultra\warewolf\Dev\Warewolf.Core\bin\Debug\net8.0\Warewolf.Core.dll [C:\Users\ultra\warewolf\Dev\Dev2.Studio\Dev2.Studio.csproj]
C:\Program Files\dotnet\sdk\10.0.201\Microsoft.Common.CurrentVersion.targets(2451,5): warning MSB3277:             C:\Users\ultra\warewolf\Dev\Warewolf.ResourceManagement\bin\Debug\net8.0\Warewolf.ResourceManagement.dll [C:\Users\ultra\warewolf\Dev\Dev2.Studio\Dev2.Studio.csproj]
C:\Program Files\dotnet\sdk\10.0.201\Microsoft.Common.CurrentVersion.targets(2451,5): warning MSB3277:             C:\Users\ultra\warewolf\Dev\Warewolf.Studio.Core\bin\Debug\net8.0\Warewolf.Studio.Core.dll [C:\Users\ultra\warewolf\Dev\Dev2.Studio\Dev2.Studio.csproj]
C:\Program Files\dotnet\sdk\10.0.201\Microsoft.Common.CurrentVersion.targets(2451,5): warning MSB3277:             C:\Users\ultra\warewolf\Dev\Warewolf.Studio.Models\bin\Debug\net8.0\Warewolf.Studio.Models.dll [C:\Users\ultra\warewolf\Dev\Dev2.Studio\Dev2.Studio.csproj]
C:\Program Files\dotnet\sdk\10.0.201\Microsoft.Common.CurrentVersion.targets(2451,5): warning MSB3277:             C:\Users\ultra\warewolf\Dev\Warewolf.Studio.CustomControls\bin\Debug\net8.0\Warewolf.Studio.CustomControls.dll [C:\Users\ultra\warewolf\Dev\Dev2.Studio\Dev2.Studio.csproj]
C:\Program Files\dotnet\sdk\10.0.201\Microsoft.Common.CurrentVersion.targets(2451,5): warning MSB3277:             C:\Users\ultra\warewolf\Dev\Warewolf.Studio.ViewModels\bin\Debug\net8.0\Warewolf.Studio.ViewModels.dll [C:\Users\ultra\warewolf\Dev\Dev2.Studio\Dev2.Studio.csproj]
C:\Program Files\dotnet\sdk\10.0.201\Microsoft.Common.CurrentVersion.targets(2451,5): warning MSB3277:             C:\Users\ultra\warewolf\Dev\Warewolf.Trigger.Queue\bin\Debug\net8.0\Warewolf.Trigger.Queue.dll [C:\Users\ultra\warewolf\Dev\Dev2.Studio\Dev2.Studio.csproj]
C:\Program Files\dotnet\sdk\10.0.201\Microsoft.Common.CurrentVersion.targets(2451,5): warning MSB3277:             C:\Users\ultra\warewolf\Dev\Warewolf.UI\bin\Debug\net8.0\Warewolf.UI.dll [C:\Users\ultra\warewolf\Dev\Dev2.Studio\Dev2.Studio.csproj]
C:\Program Files\dotnet\sdk\10.0.201\Microsoft.Common.CurrentVersion.targets(2451,5): warning MSB3277:             C:\Users\ultra\warewolf\Dev\Dev2.Runtime.Services\bin\Debug\net8.0\Dev2.Runtime.Services.dll [C:\Users\ultra\warewolf\Dev\Dev2.Studio\Dev2.Studio.csproj]
C:\Program Files\dotnet\sdk\10.0.201\Microsoft.Common.CurrentVersion.targets(2451,5): warning MSB3277:             C:\Users\ultra\warewolf\Dev\Warewolf.Auditing\bin\Debug\net8.0\Warewolf.Auditing.dll [C:\Users\ultra\warewolf\Dev\Dev2.Studio\Dev2.Studio.csproj]
C:\Program Files\dotnet\sdk\10.0.201\Microsoft.Common.CurrentVersion.targets(2451,5): warning MSB3277:             C:\Users\ultra\warewolf\Dev\Warewolf.Common.NetStandard20\bin\Debug\net8.0\Warewolf.Common.NetStandard20.dll [C:\Users\ultra\warewolf\Dev\Dev2.Studio\Dev2.Studio.csproj]
C:\Program Files\dotnet\sdk\10.0.201\Microsoft.Common.CurrentVersion.targets(2451,5): warning MSB3277:             C:\Users\ultra\warewolf\Dev\Warewolf.Driver.Persistence\bin\Debug\net8.0\Warewolf.Driver.Persistence.dll [C:\Users\ultra\warewolf\Dev\Dev2.Studio\Dev2.Studio.csproj]
C:\Program Files\dotnet\sdk\10.0.201\Microsoft.Common.CurrentVersion.targets(2451,5): warning MSB3277:             C:\Users\ultra\warewolf\Dev\Warewolf.Exchange.Email.Wrapper\bin\Debug\net8.0\Warewolf.Exchange.Email.Wrapper.dll [C:\Users\ultra\warewolf\Dev\Dev2.Studio\Dev2.Studio.csproj]
C:\Program Files\dotnet\sdk\10.0.201\Microsoft.Common.CurrentVersion.targets(2451,5): warning MSB3277:             InfragisticsWPF4.DataVisualization.v15.1, Version=15.1.20151.2055, Culture=neutral, PublicKeyToken=7dd5c3163f2cd0cb, processorArchitecture=MSIL [C:\Users\ultra\warewolf\Dev\Dev2.Studio\Dev2.Studio.csproj]
C:\Program Files\dotnet\sdk\10.0.201\Microsoft.Common.CurrentVersion.targets(2451,5): warning MSB3277:             InfragisticsWPF4.Controls.Maps.XamNetworkNode.v15.1, Version=15.1.20151.2055, Culture=neutral, PublicKeyToken=7dd5c3163f2cd0cb, processorArchitecture=MSIL [C:\Users\ultra\warewolf\Dev\Dev2.Studio\Dev2.Studio.csproj]
C:\Program Files\dotnet\sdk\10.0.201\Microsoft.Common.CurrentVersion.targets(2451,5): warning MSB3277:             InfragisticsWPF4.DockManager.v15.1, Version=15.1.20151.2055, Culture=neutral, PublicKeyToken=7dd5c3163f2cd0cb, processorArchitecture=MSIL [C:\Users\ultra\warewolf\Dev\Dev2.Studio\Dev2.Studio.csproj]
C:\Program Files\dotnet\sdk\10.0.201\Microsoft.Common.CurrentVersion.targets(2451,5): warning MSB3277:             InfragisticsWPF4.Math.Calculators.v15.1, Version=15.1.20151.2055, Culture=neutral, PublicKeyToken=7dd5c3163f2cd0cb, processorArchitecture=MSIL [C:\Users\ultra\warewolf\Dev\Dev2.Studio\Dev2.Studio.csproj]
C:\Program Files\dotnet\sdk\10.0.201\Microsoft.Common.CurrentVersion.targets(2451,5): warning MSB3277:             InfragisticsWPF4.v15.1, Version=15.1.20151.2055, Culture=neutral, PublicKeyToken=7dd5c3163f2cd0cb, processorArchitecture=MSIL [C:\Users\ultra\warewolf\Dev\Dev2.Studio\Dev2.Studio.csproj]
C:\Program Files\dotnet\sdk\10.0.201\Microsoft.Common.CurrentVersion.targets(2451,5): warning MSB3277:             InfragisticsWPF4.Controls.Editors.XamComboEditor.v15.1, Version=15.1.20151.2055, Culture=neutral, processorArchitecture=MSIL [C:\Users\ultra\warewolf\Dev\Dev2.Studio\Dev2.Studio.csproj]
C:\Program Files\dotnet\sdk\10.0.201\Microsoft.Common.CurrentVersion.targets(2451,5): warning MSB3277:             InfragisticsWPF4.Controls.Grids.XamGrid.v15.1, Version=15.1.20151.2055, Culture=neutral, PublicKeyToken=7dd5c3163f2cd0cb, processorArchitecture=MSIL [C:\Users\ultra\warewolf\Dev\Dev2.Studio\Dev2.Studio.csproj]
C:\Program Files\dotnet\sdk\10.0.201\Microsoft.Common.CurrentVersion.targets(2451,5): warning MSB3277:             CalculationManager.WPF [C:\Users\ultra\warewolf\Dev\Dev2.Studio\Dev2.Studio.csproj]
C:\Program Files\dotnet\sdk\10.0.201\Microsoft.Common.CurrentVersion.targets(2451,5): warning MSB3277:             InfragisticsWPF4.Controls.Interactions.XamDialogWindow.v15.1, Version=15.1.20151.2055, Culture=neutral, PublicKeyToken=7dd5c3163f2cd0cb, processorArchitecture=MSIL [C:\Users\ultra\warewolf\Dev\Dev2.Studio\Dev2.Studio.csproj]
C:\Program Files\dotnet\sdk\10.0.201\Microsoft.Common.CurrentVersion.targets(2451,5): warning MSB3277:             InfragisticsWPF4.Controls.Menus.XamDataTree.v15.1, Version=15.1.20151.2055, Culture=neutral, processorArchitecture=MSIL [C:\Users\ultra\warewolf\Dev\Dev2.Studio\Dev2.Studio.csproj]
C:\Program Files\dotnet\sdk\10.0.201\Microsoft.Common.CurrentVersion.targets(2451,5): warning MSB3277:             InfragisticsWPF4.Controls.Menus.XamMenu.v15.1, Version=15.1.20151.2055, Culture=neutral, processorArchitecture=MSIL [C:\Users\ultra\warewolf\Dev\Dev2.Studio\Dev2.Studio.csproj]
C:\Program Files\dotnet\sdk\10.0.201\Microsoft.Common.CurrentVersion.targets(2451,5): warning MSB3277:             InfragisticsWPF4.DataManager.v15.1, Version=15.1.20151.2055, Culture=neutral, processorArchitecture=MSIL [C:\Users\ultra\warewolf\Dev\Dev2.Studio\Dev2.Studio.csproj]
C:\Program Files\dotnet\sdk\10.0.201\Microsoft.Common.CurrentVersion.targets(2451,5): warning MSB3277:             InfragisticsWPF4.Math.v15.1, Version=15.1.20151.2055, Culture=neutral, PublicKeyToken=7dd5c3163f2cd0cb, processorArchitecture=MSIL [C:\Users\ultra\warewolf\Dev\Dev2.Studio\Dev2.Studio.csproj]
C:\Program Files\dotnet\sdk\10.0.201\Microsoft.Common.CurrentVersion.targets(2451,5): warning MSB3277:             C:\Users\ultra\.nuget\packages\dotnetzip\1.16.0\lib\netstandard2.0\DotNetZip.dll [C:\Users\ultra\warewolf\Dev\Dev2.Studio\Dev2.Studio.csproj]
C:\Program Files\dotnet\sdk\10.0.201\Microsoft.Common.CurrentVersion.targets(2451,5): warning MSB3277:             C:\Users\ultra\warewolf\Dev\Dev2.Data.Interfaces\bin\Debug\net8.0\Dev2.Data.Interfaces.dll [C:\Users\ultra\warewolf\Dev\Dev2.Studio\Dev2.Studio.csproj]
C:\Program Files\dotnet\sdk\10.0.201\Microsoft.Common.CurrentVersion.targets(2451,5): warning MSB3277:             C:\Users\ultra\warewolf\Dev\Dev2.Diagnostics\bin\Debug\net8.0\Dev2.Diagnostics.dll [C:\Users\ultra\warewolf\Dev\Dev2.Studio\Dev2.Studio.csproj]
C:\Program Files\dotnet\sdk\10.0.201\Microsoft.Common.CurrentVersion.targets(2451,5): warning MSB3277:             C:\Users\ultra\warewolf\Dev\Dev2.Infrastructure\bin\Debug\net8.0\Dev2.Infrastructure.dll [C:\Users\ultra\warewolf\Dev\Dev2.Studio\Dev2.Studio.csproj]
C:\Program Files\dotnet\sdk\10.0.201\Microsoft.Common.CurrentVersion.targets(2451,5): warning MSB3277:             C:\Users\ultra\warewolf\Dev\Dev2.Common\bin\Debug\net8.0\Dev2.Common.dll [C:\Users\ultra\warewolf\Dev\Dev2.Studio\Dev2.Studio.csproj]
C:\Program Files\dotnet\sdk\10.0.201\Microsoft.Common.CurrentVersion.targets(2451,5): warning MSB3277:             C:\Users\ultra\warewolf\Dev\Dev2.TaskScheduler.Wrappers\bin\Debug\net8.0\Dev2.TaskScheduler.Wrappers.dll [C:\Users\ultra\warewolf\Dev\Dev2.Studio\Dev2.Studio.csproj]
C:\Program Files\dotnet\sdk\10.0.201\Microsoft.Common.CurrentVersion.targets(2451,5): warning MSB3277:             C:\Users\ultra\warewolf\Dev\Dev2.Util\bin\Debug\net8.0\Dev2.Util.dll [C:\Users\ultra\warewolf\Dev\Dev2.Studio\Dev2.Studio.csproj]
C:\Program Files\dotnet\sdk\10.0.201\Microsoft.Common.CurrentVersion.targets(2451,5): warning MSB3277:             C:\Users\ultra\warewolf\Dev\Warewolf.Sharepoint\bin\Debug\net8.0\Warewolf.Sharepoint.dll [C:\Users\ultra\warewolf\Dev\Dev2.Studio\Dev2.Studio.csproj]
C:\Program Files\dotnet\sdk\10.0.201\Microsoft.Common.CurrentVersion.targets(2451,5): warning MSB3277:             C:\Users\ultra\warewolf\Dev\Warewolf.Storage\bin\Debug\net8.0\Warewolf.Storage.dll [C:\Users\ultra\warewolf\Dev\Dev2.Studio\Dev2.Studio.csproj]
C:\Program Files\dotnet\sdk\10.0.201\Microsoft.Common.CurrentVersion.targets(2451,5): warning MSB3277:             C:\Users\ultra\warewolf\Dev\Dev2.Development.Languages\bin\Debug\net8.0\Dev2.Development.Languages.dll [C:\Users\ultra\warewolf\Dev\Dev2.Studio\Dev2.Studio.csproj]
C:\Program Files\dotnet\sdk\10.0.201\Microsoft.Common.CurrentVersion.targets(2451,5): warning MSB3277:             C:\Users\ultra\warewolf\Dev\Dev2.Services.Sql\bin\Debug\net8.0\Dev2.Services.Sql.dll [C:\Users\ultra\warewolf\Dev\Dev2.Studio\Dev2.Studio.csproj]
C:\Program Files\dotnet\sdk\10.0.201\Microsoft.Common.CurrentVersion.targets(2451,5): warning MSB3277:             C:\Users\ultra\warewolf\Dev\Warewolf.AI.Harness\bin\Debug\net8.0\Warewolf.AI.Harness.dll [C:\Users\ultra\warewolf\Dev\Dev2.Studio\Dev2.Studio.csproj]
C:\Program Files\dotnet\sdk\10.0.201\Microsoft.Common.CurrentVersion.targets(2451,5): warning MSB3277:             C:\Users\ultra\warewolf\Dev\Warewolf.Driver.Serilog\bin\Debug\net8.0\Warewolf.Driver.Serilog.dll [C:\Users\ultra\warewolf\Dev\Dev2.Studio\Dev2.Studio.csproj]
C:\Program Files\dotnet\sdk\10.0.201\Microsoft.Common.CurrentVersion.targets(2451,5): warning MSB3277:             C:\Users\ultra\.nuget\packages\mindbox.data.linq\5.0.0\lib\netstandard2.0\Mindbox.Data.Linq.dll [C:\Users\ultra\warewolf\Dev\Dev2.Studio\Dev2.Studio.csproj]
C:\Program Files\dotnet\sdk\10.0.201\Microsoft.Common.CurrentVersion.targets(2451,5): warning MSB3277:             C:\Users\ultra\.nuget\packages\mysql.data\8.4.0\lib\net8.0\MySql.Data.dll [C:\Users\ultra\warewolf\Dev\Dev2.Studio\Dev2.Studio.csproj]
C:\Program Files\dotnet\sdk\10.0.201\Microsoft.Common.CurrentVersion.targets(2451,5): warning MSB3277:             C:\Users\ultra\.nuget\packages\oracle.manageddataaccess.core\3.21.70\lib\netstandard2.1\Oracle.ManagedDataAccess.dll [C:\Users\ultra\warewolf\Dev\Dev2.Studio\Dev2.Studio.csproj]
C:\Program Files\dotnet\sdk\10.0.201\Microsoft.Common.CurrentVersion.targets(2451,5): warning MSB3277:             C:\Users\ultra\.nuget\packages\system.directoryservices\6.0.0\lib\net6.0\System.DirectoryServices.dll [C:\Users\ultra\warewolf\Dev\Dev2.Studio\Dev2.Studio.csproj]
C:\Program Files\dotnet\sdk\10.0.201\Microsoft.Common.CurrentVersion.targets(2451,5): warning MSB3277:             C:\Users\ultra\.nuget\packages\corewcf.primitives\1.2.1\lib\netstandard2.0\CoreWCF.Primitives.dll [C:\Users\ultra\warewolf\Dev\Dev2.Studio\Dev2.Studio.csproj]
C:\Program Files\dotnet\sdk\10.0.201\Microsoft.Common.CurrentVersion.targets(2451,5): warning MSB3277:             C:\Users\ultra\.nuget\packages\corewcf.http\1.2.1\lib\netstandard2.0\CoreWCF.Http.dll [C:\Users\ultra\warewolf\Dev\Dev2.Studio\Dev2.Studio.csproj]
C:\Program Files\dotnet\sdk\10.0.201\Microsoft.Common.CurrentVersion.targets(2451,5): warning MSB3277:             C:\Users\ultra\.nuget\packages\corewcf.nettcp\1.2.1\lib\netstandard2.0\CoreWCF.NetTcp.dll [C:\Users\ultra\warewolf\Dev\Dev2.Studio\Dev2.Studio.csproj]
C:\Program Files\dotnet\sdk\10.0.201\Microsoft.Common.CurrentVersion.targets(2451,5): warning MSB3277:             C:\Users\ultra\.nuget\packages\corewcf.webhttp\1.2.1\lib\netstandard2.0\CoreWCF.WebHttp.dll [C:\Users\ultra\warewolf\Dev\Dev2.Studio\Dev2.Studio.csproj]
C:\Program Files\dotnet\sdk\10.0.201\Microsoft.Common.CurrentVersion.targets(2451,5): warning MSB3277:             C:\Program Files\dotnet\packs\Microsoft.NETCore.App.Ref\8.0.25\ref/net8.0/System.Configuration.dll [C:\Users\ultra\warewolf\Dev\Dev2.Studio\Dev2.Studio.csproj]
C:\Program Files\dotnet\sdk\10.0.201\Microsoft.Common.CurrentVersion.targets(2451,5): warning MSB3277:             C:\Users\ultra\.nuget\packages\prism.composition\5.0.0\lib\NET45\Microsoft.Practices.Prism.Composition.dll [C:\Users\ultra\warewolf\Dev\Dev2.Studio\Dev2.Studio.csproj]
C:\Program Files\dotnet\sdk\10.0.201\Microsoft.Common.CurrentVersion.targets(2451,5): warning MSB3277:             C:\Users\ultra\.nuget\packages\prism.unityextensions\5.0.1\lib\NET45\Microsoft.Practices.Prism.UnityExtensions.dll [C:\Users\ultra\warewolf\Dev\Dev2.Studio\Dev2.Studio.csproj]
C:\Program Files\dotnet\sdk\10.0.201\Microsoft.Common.CurrentVersion.targets(2451,5): warning MSB3277:             C:\Users\ultra\.nuget\packages\prism.wpf\9.0.537\lib\net462\Prism.Wpf.dll [C:\Users\ultra\warewolf\Dev\Dev2.Studio\Dev2.Studio.csproj]
C:\Program Files\dotnet\sdk\10.0.201\Microsoft.Common.CurrentVersion.targets(2451,5): warning MSB3277:             C:\Program Files\dotnet\packs\Microsoft.NETCore.App.Ref\8.0.25\ref/net8.0/System.Data.dll [C:\Users\ultra\warewolf\Dev\Dev2.Studio\Dev2.Studio.csproj]
C:\Program Files\dotnet\sdk\10.0.201\Microsoft.Common.CurrentVersion.targets(2451,5): warning MSB3277:             C:\Users\ultra\.nuget\packages\taskschedulereditor\2.10.1\lib\net452\Microsoft.Win32.TaskSchedulerEditor.dll [C:\Users\ultra\warewolf\Dev\Dev2.Studio\Dev2.Studio.csproj]
C:\Program Files\dotnet\sdk\10.0.201\Microsoft.Common.CurrentVersion.targets(2451,5): warning MSB3277:             C:\Program Files\dotnet\packs\Microsoft.NETCore.App.Ref\8.0.25\ref/net8.0/System.Drawing.dll [C:\Users\ultra\warewolf\Dev\Dev2.Studio\Dev2.Studio.csproj]
C:\Program Files\dotnet\sdk\10.0.201\Microsoft.Common.CurrentVersion.targets(2451,5): warning MSB3277:             C:\Users\ultra\.nuget\packages\aerowizard\2.3.1\lib\net45\AeroWizard.dll [C:\Users\ultra\warewolf\Dev\Dev2.Studio\Dev2.Studio.csproj]
C:\Program Files\dotnet\sdk\10.0.201\Microsoft.Common.CurrentVersion.targets(2451,5): warning MSB3277:             C:\Users\ultra\.nuget\packages\avalonedit\6.3.0.90\lib\net462\ICSharpCode.AvalonEdit.dll [C:\Users\ultra\warewolf\Dev\Dev2.Studio\Dev2.Studio.csproj]
C:\Program Files\dotnet\sdk\10.0.201\Microsoft.Common.CurrentVersion.targets(2451,5): warning MSB3277:             C:\Users\ultra\.nuget\packages\groupcontrols\1.9.0\lib\net45\GroupControls.dll [C:\Users\ultra\warewolf\Dev\Dev2.Studio\Dev2.Studio.csproj]
C:\Program Files\dotnet\sdk\10.0.201\Microsoft.Common.CurrentVersion.targets(2451,5): warning MSB3277:             C:\Program Files\dotnet\packs\Microsoft.NETCore.App.Ref\8.0.25\ref/net8.0/System.Net.dll [C:\Users\ultra\warewolf\Dev\Dev2.Studio\Dev2.Studio.csproj]
C:\Program Files\dotnet\sdk\10.0.201\Microsoft.Common.CurrentVersion.targets(2451,5): warning MSB3277:             C:\Program Files\dotnet\packs\Microsoft.NETCore.App.Ref\8.0.25\ref/net8.0/System.Security.dll [C:\Users\ultra\warewolf\Dev\Dev2.Studio\Dev2.Studio.csproj]
C:\Program Files\dotnet\sdk\10.0.201\Microsoft.Common.CurrentVersion.targets(2451,5): warning MSB3277:             C:\Program Files\dotnet\packs\Microsoft.NETCore.App.Ref\8.0.25\ref/net8.0/System.ServiceProcess.dll [C:\Users\ultra\warewolf\Dev\Dev2.Studio\Dev2.Studio.csproj]
C:\Program Files\dotnet\sdk\10.0.201\Microsoft.Common.CurrentVersion.targets(2451,5): warning MSB3277:             C:\Program Files\dotnet\packs\Microsoft.NETCore.App.Ref\8.0.25\ref/net8.0/System.Transactions.dll [C:\Users\ultra\warewolf\Dev\Dev2.Studio\Dev2.Studio.csproj]
C:\Program Files\dotnet\sdk\10.0.201\Microsoft.Common.CurrentVersion.targets(2451,5): warning MSB3277:             C:\Program Files\dotnet\packs\Microsoft.NETCore.App.Ref\8.0.25\ref/net8.0/System.dll [C:\Users\ultra\warewolf\Dev\Dev2.Studio\Dev2.Studio.csproj]
C:\Program Files\dotnet\sdk\10.0.201\Microsoft.Common.CurrentVersion.targets(2451,5): warning MSB3277:             C:\Users\ultra\.nuget\packages\fontawesome.wpf\4.7.0.9\lib\net40\FontAwesome.WPF.dll [C:\Users\ultra\warewolf\Dev\Dev2.Studio\Dev2.Studio.csproj]
C:\Program Files\dotnet\sdk\10.0.201\Microsoft.Common.CurrentVersion.targets(2451,5): warning MSB3277:             C:\Users\ultra\.nuget\packages\log4net.async\2.0.4\lib\net40\Log4Net.Async.dll [C:\Users\ultra\warewolf\Dev\Dev2.Studio\Dev2.Studio.csproj]
C:\Program Files\dotnet\sdk\10.0.201\Microsoft.Common.CurrentVersion.targets(2451,5): warning MSB3277:             C:\Users\ultra\.nuget\packages\microsoft.xaml.behaviors.wpf\1.1.122\lib\net462\Microsoft.Xaml.Behaviors.dll [C:\Users\ultra\warewolf\Dev\Dev2.Studio\Dev2.Studio.csproj]
C:\Program Files\dotnet\sdk\10.0.201\Microsoft.Common.CurrentVersion.targets(2451,5): warning MSB3277:             C:\Users\ultra\.nuget\packages\caliburn.micro\4.0.212\lib\netcoreapp3.1\Caliburn.Micro.Platform.dll [C:\Users\ultra\warewolf\Dev\Dev2.Studio\Dev2.Studio.csproj]
C:\Program Files\dotnet\sdk\10.0.201\Microsoft.Common.CurrentVersion.targets(2451,5): warning MSB3277:             C:\Users\ultra\.nuget\packages\prism.interactivity\5.0.0\lib\NET45\Microsoft.Practices.Prism.Interactivity.dll [C:\Users\ultra\warewolf\Dev\Dev2.Studio\Dev2.Studio.csproj]
C:\Program Files\dotnet\sdk\10.0.201\Microsoft.Common.CurrentVersion.targets(2451,5): warning MSB3277:             C:\Users\ultra\.nuget\packages\prism.mvvm\1.0.0\lib\net45\Microsoft.Practices.Prism.Mvvm.Desktop.dll [C:\Users\ultra\warewolf\Dev\Dev2.Studio\Dev2.Studio.csproj]
C:\Program Files\dotnet\sdk\10.0.201\Microsoft.Common.CurrentVersion.targets(2451,5): warning MSB3277:             C:\Users\ultra\.nuget\packages\reactiveui.wpf\18.4.1\lib\net462\ReactiveUI.Wpf.dll [C:\Users\ultra\warewolf\Dev\Dev2.Studio\Dev2.Studio.csproj]
C:\Program Files\dotnet\sdk\10.0.201\Microsoft.Common.CurrentVersion.targets(2451,5): warning MSB3277:             C:\Users\ultra\.nuget\packages\ttcue.netcore.sharepointonline.csom.16.1.8029.1200\16.1.8029.1200\lib\netcoreapp2.0\Microsoft.SharePoint.Client.Runtime.Windows.dll [C:\Users\ultra\warewolf\Dev\Dev2.Studio\Dev2.Studio.csproj]
C:\Program Files\dotnet\sdk\10.0.201\Microsoft.Common.CurrentVersion.targets(2451,5): warning MSB3277:             C:\Program Files\dotnet\packs\Microsoft.NETCore.App.Ref\8.0.25\ref/net8.0/WindowsBase.dll [C:\Users\ultra\warewolf\Dev\Dev2.Studio\Dev2.Studio.csproj]
C:\Program Files\dotnet\sdk\10.0.201\Microsoft.Common.CurrentVersion.targets(2451,5): warning MSB3277:             C:\Program Files\dotnet\packs\Microsoft.NETCore.App.Ref\8.0.25\ref/net8.0/mscorlib.dll [C:\Users\ultra\warewolf\Dev\Dev2.Studio\Dev2.Studio.csproj]
C:\Program Files\dotnet\sdk\10.0.201\Microsoft.Common.CurrentVersion.targets(2451,5): warning MSB3277:             C:\Users\ultra\.nuget\packages\hangfire.core\1.7.32\lib\netstandard2.0\Hangfire.Core.dll [C:\Users\ultra\warewolf\Dev\Dev2.Studio\Dev2.Studio.csproj]
C:\Program Files\dotnet\sdk\10.0.201\Microsoft.Common.CurrentVersion.targets(2451,5): warning MSB3277:             C:\Users\ultra\.nuget\packages\hangfire.sqlserver\1.7.32\lib\netstandard2.0\Hangfire.SqlServer.dll [C:\Users\ultra\warewolf\Dev\Dev2.Studio\Dev2.Studio.csproj]
C:\Program Files\dotnet\sdk\10.0.201\Microsoft.Common.CurrentVersion.targets(2451,5): warning MSB3277:             C:\Users\ultra\.nuget\packages\unofficial.microsoft.mshtml\7.0.3300\lib\net40\Microsoft.mshtml.dll [C:\Users\ultra\warewolf\Dev\Dev2.Studio\Dev2.Studio.csproj]
C:\Program Files\dotnet\sdk\10.0.201\Microsoft.Common.CurrentVersion.targets(2451,5): warning MSB3277:         C:\Program Files\dotnet\packs\Microsoft.NETCore.App.Ref\8.0.25\ref\net8.0\System.Drawing.dll [C:\Users\ultra\warewolf\Dev\Dev2.Studio\Dev2.Studio.csproj]
C:\Program Files\dotnet\sdk\10.0.201\Microsoft.Common.CurrentVersion.targets(2451,5): warning MSB3277:           Project file item includes which caused reference "C:\Program Files\dotnet\packs\Microsoft.NETCore.App.Ref\8.0.25\ref\net8.0\System.Drawing.dll". [C:\Users\ultra\warewolf\Dev\Dev2.Studio\Dev2.Studio.csproj]
C:\Program Files\dotnet\sdk\10.0.201\Microsoft.Common.CurrentVersion.targets(2451,5): warning MSB3277:             C:\Program Files\dotnet\packs\Microsoft.NETCore.App.Ref\8.0.25\ref/net8.0/System.Drawing.dll [C:\Users\ultra\warewolf\Dev\Dev2.Studio\Dev2.Studio.csproj]
C:\Program Files\dotnet\sdk\10.0.201\Microsoft.Common.CurrentVersion.targets(2451,5): warning MSB3277:             C:\Users\ultra\.nuget\packages\aerowizard\2.3.1\lib\net45\AeroWizard.dll [C:\Users\ultra\warewolf\Dev\Dev2.Studio\Dev2.Studio.csproj]
C:\Program Files\dotnet\sdk\10.0.201\Microsoft.Common.CurrentVersion.targets(2451,5): warning MSB3277:             C:\Users\ultra\.nuget\packages\avalonedit\6.3.0.90\lib\net462\ICSharpCode.AvalonEdit.dll [C:\Users\ultra\warewolf\Dev\Dev2.Studio\Dev2.Studio.csproj]
C:\Program Files\dotnet\sdk\10.0.201\Microsoft.Common.CurrentVersion.targets(2451,5): warning MSB3277:             C:\Users\ultra\.nuget\packages\groupcontrols\1.9.0\lib\net45\GroupControls.dll [C:\Users\ultra\warewolf\Dev\Dev2.Studio\Dev2.Studio.csproj]
C:\Program Files\dotnet\sdk\10.0.201\Microsoft.Common.CurrentVersion.targets(2451,5): warning MSB3277:             C:\Users\ultra\.nuget\packages\taskschedulereditor\2.10.1\lib\net452\Microsoft.Win32.TaskSchedulerEditor.dll [C:\Users\ultra\warewolf\Dev\Dev2.Studio\Dev2.Studio.csproj]
C:\Program Files\dotnet\sdk\10.0.201\Microsoft.CSharp.CurrentVersion.targets(130,9): warning MSB3884: Could not find rule set file "..\.sonarlint\warewolf_dotnet_frameworkcsharp.ruleset". [C:\Users\ultra\warewolf\Dev\Dev2.Studio\Dev2.Studio.csproj]
C:\Program Files\dotnet\sdk\10.0.201\Microsoft.Common.CurrentVersion.targets(2451,5): warning MSB3277: Found conflicts between different versions of "Microsoft.Win32.SystemEvents" that could not be resolved. [C:\Users\ultra\warewolf\Dev\Dev2.Studio\Dev2.Studio.csproj]
C:\Program Files\dotnet\sdk\10.0.201\Microsoft.Common.CurrentVersion.targets(2451,5): warning MSB3277: There was a conflict between "Microsoft.Win32.SystemEvents, Version=6.0.0.0, Culture=neutral, PublicKeyToken=cc7b13ffcd2ddd51" and "Microsoft.Win32.SystemEvents, Version=7.0.0.0, Culture=neutral, PublicKeyToken=cc7b13ffcd2ddd51". [C:\Users\ultra\warewolf\Dev\Dev2.Studio\Dev2.Studio.csproj]
C:\Program Files\dotnet\sdk\10.0.201\Microsoft.Common.CurrentVersion.targets(2451,5): warning MSB3277:     "Microsoft.Win32.SystemEvents, Version=6.0.0.0, Culture=neutral, PublicKeyToken=cc7b13ffcd2ddd51" was chosen because it was primary and "Microsoft.Win32.SystemEvents, Version=7.0.0.0, Culture=neutral, PublicKeyToken=cc7b13ffcd2ddd51" was not. [C:\Users\ultra\warewolf\Dev\Dev2.Studio\Dev2.Studio.csproj]
C:\Program Files\dotnet\sdk\10.0.201\Microsoft.Common.CurrentVersion.targets(2451,5): warning MSB3277:     References which depend on "Microsoft.Win32.SystemEvents, Version=6.0.0.0, Culture=neutral, PublicKeyToken=cc7b13ffcd2ddd51" [C:\Users\ultra\.nuget\packages\microsoft.win32.systemevents\6.0.0\lib\net6.0\Microsoft.Win32.SystemEvents.dll]. [C:\Users\ultra\warewolf\Dev\Dev2.Studio\Dev2.Studio.csproj]
C:\Program Files\dotnet\sdk\10.0.201\Microsoft.Common.CurrentVersion.targets(2451,5): warning MSB3277:         C:\Users\ultra\.nuget\packages\microsoft.win32.systemevents\6.0.0\lib\net6.0\Microsoft.Win32.SystemEvents.dll [C:\Users\ultra\warewolf\Dev\Dev2.Studio\Dev2.Studio.csproj]
C:\Program Files\dotnet\sdk\10.0.201\Microsoft.Common.CurrentVersion.targets(2451,5): warning MSB3277:           Project file item includes which caused reference "C:\Users\ultra\.nuget\packages\microsoft.win32.systemevents\6.0.0\lib\net6.0\Microsoft.Win32.SystemEvents.dll". [C:\Users\ultra\warewolf\Dev\Dev2.Studio\Dev2.Studio.csproj]
C:\Program Files\dotnet\sdk\10.0.201\Microsoft.Common.CurrentVersion.targets(2451,5): warning MSB3277:             C:\Users\ultra\.nuget\packages\microsoft.win32.systemevents\6.0.0\lib\net6.0\Microsoft.Win32.SystemEvents.dll [C:\Users\ultra\warewolf\Dev\Dev2.Studio\Dev2.Studio.csproj]
C:\Program Files\dotnet\sdk\10.0.201\Microsoft.Common.CurrentVersion.targets(2451,5): warning MSB3277:     References which depend on or have been unified to "Microsoft.Win32.SystemEvents, Version=7.0.0.0, Culture=neutral, PublicKeyToken=cc7b13ffcd2ddd51" []. [C:\Users\ultra\warewolf\Dev\Dev2.Studio\Dev2.Studio.csproj]
C:\Program Files\dotnet\sdk\10.0.201\Microsoft.Common.CurrentVersion.targets(2451,5): warning MSB3277:         C:\Users\ultra\warewolf\Dev\Dev2.Common\bin\Debug\net8.0\Dev2.Common.dll [C:\Users\ultra\warewolf\Dev\Dev2.Studio\Dev2.Studio.csproj]
C:\Program Files\dotnet\sdk\10.0.201\Microsoft.Common.CurrentVersion.targets(2451,5): warning MSB3277:           Project file item includes which caused reference "C:\Users\ultra\warewolf\Dev\Dev2.Common\bin\Debug\net8.0\Dev2.Common.dll". [C:\Users\ultra\warewolf\Dev\Dev2.Studio\Dev2.Studio.csproj]
C:\Program Files\dotnet\sdk\10.0.201\Microsoft.Common.CurrentVersion.targets(2451,5): warning MSB3277:             C:\Users\ultra\warewolf\Dev\Dev2.Common\bin\Debug\net8.0\Dev2.Common.dll [C:\Users\ultra\warewolf\Dev\Dev2.Studio\Dev2.Studio.csproj]
C:\Program Files\dotnet\sdk\10.0.201\Microsoft.Common.CurrentVersion.targets(2451,5): warning MSB3277:             C:\Users\ultra\warewolf\Dev\Dev2.Activities\bin\Debug\net8.0\Dev2.Activities.dll [C:\Users\ultra\warewolf\Dev\Dev2.Studio\Dev2.Studio.csproj]
C:\Program Files\dotnet\sdk\10.0.201\Microsoft.Common.CurrentVersion.targets(2451,5): warning MSB3277:             C:\Users\ultra\warewolf\Dev\Dev2.Core\bin\Debug\net8.0\Dev2.Core.dll [C:\Users\ultra\warewolf\Dev\Dev2.Studio\Dev2.Studio.csproj]
C:\Program Files\dotnet\sdk\10.0.201\Microsoft.Common.CurrentVersion.targets(2451,5): warning MSB3277:             C:\Users\ultra\warewolf\Dev\Dev2.Data\bin\Debug\net8.0\Dev2.Data.dll [C:\Users\ultra\warewolf\Dev\Dev2.Studio\Dev2.Studio.csproj]
C:\Program Files\dotnet\sdk\10.0.201\Microsoft.Common.CurrentVersion.targets(2451,5): warning MSB3277:             C:\Users\ultra\warewolf\Dev\Dev2.Diagnostics\bin\Debug\net8.0\Dev2.Diagnostics.dll [C:\Users\ultra\warewolf\Dev\Dev2.Studio\Dev2.Studio.csproj]
C:\Program Files\dotnet\sdk\10.0.201\Microsoft.Common.CurrentVersion.targets(2451,5): warning MSB3277:             C:\Users\ultra\warewolf\Dev\Dev2.Infrastructure\bin\Debug\net8.0\Dev2.Infrastructure.dll [C:\Users\ultra\warewolf\Dev\Dev2.Studio\Dev2.Studio.csproj]
C:\Program Files\dotnet\sdk\10.0.201\Microsoft.Common.CurrentVersion.targets(2451,5): warning MSB3277:             C:\Users\ultra\warewolf\Dev\Dev2.Intellisense\bin\Debug\net8.0\Dev2.Intellisense.dll [C:\Users\ultra\warewolf\Dev\Dev2.Studio\Dev2.Studio.csproj]
C:\Program Files\dotnet\sdk\10.0.201\Microsoft.Common.CurrentVersion.targets(2451,5): warning MSB3277:             C:\Users\ultra\warewolf\Dev\Dev2.Scheduler\bin\Debug\net8.0\Dev2.Scheduler.dll [C:\Users\ultra\warewolf\Dev\Dev2.Studio\Dev2.Studio.csproj]
C:\Program Files\dotnet\sdk\10.0.201\Microsoft.Common.CurrentVersion.targets(2451,5): warning MSB3277:             C:\Users\ultra\warewolf\Dev\Dev2.Services.Execution\bin\Debug\net8.0\Dev2.Services.Execution.dll [C:\Users\ultra\warewolf\Dev\Dev2.Studio\Dev2.Studio.csproj]
C:\Program Files\dotnet\sdk\10.0.201\Microsoft.Common.CurrentVersion.targets(2451,5): warning MSB3277:             C:\Users\ultra\warewolf\Dev\Dev2.Studio.Core\bin\Debug\net8.0\Dev2.Studio.Core.dll [C:\Users\ultra\warewolf\Dev\Dev2.Studio\Dev2.Studio.csproj]
C:\Program Files\dotnet\sdk\10.0.201\Microsoft.Common.CurrentVersion.targets(2451,5): warning MSB3277:             C:\Users\ultra\warewolf\Dev\Dev2.Studio.Interfaces\bin\Debug\net8.0\Dev2.Studio.Interfaces.dll [C:\Users\ultra\warewolf\Dev\Dev2.Studio\Dev2.Studio.csproj]
C:\Program Files\dotnet\sdk\10.0.201\Microsoft.Common.CurrentVersion.targets(2451,5): warning MSB3277:             C:\Users\ultra\warewolf\Dev\Dev2.TaskScheduler.Wrappers\bin\Debug\net8.0\Dev2.TaskScheduler.Wrappers.dll [C:\Users\ultra\warewolf\Dev\Dev2.Studio\Dev2.Studio.csproj]
C:\Program Files\dotnet\sdk\10.0.201\Microsoft.Common.CurrentVersion.targets(2451,5): warning MSB3277:             C:\Users\ultra\warewolf\Dev\Dev2.Util\bin\Debug\net8.0\Dev2.Util.dll [C:\Users\ultra\warewolf\Dev\Dev2.Studio\Dev2.Studio.csproj]
C:\Program Files\dotnet\sdk\10.0.201\Microsoft.Common.CurrentVersion.targets(2451,5): warning MSB3277:             C:\Users\ultra\warewolf\Dev\Warewolf.Core\bin\Debug\net8.0\Warewolf.Core.dll [C:\Users\ultra\warewolf\Dev\Dev2.Studio\Dev2.Studio.csproj]
C:\Program Files\dotnet\sdk\10.0.201\Microsoft.Common.CurrentVersion.targets(2451,5): warning MSB3277:             C:\Users\ultra\warewolf\Dev\Warewolf.ResourceManagement\bin\Debug\net8.0\Warewolf.ResourceManagement.dll [C:\Users\ultra\warewolf\Dev\Dev2.Studio\Dev2.Studio.csproj]
C:\Program Files\dotnet\sdk\10.0.201\Microsoft.Common.CurrentVersion.targets(2451,5): warning MSB3277:             C:\Users\ultra\warewolf\Dev\Warewolf.Sharepoint\bin\Debug\net8.0\Warewolf.Sharepoint.dll [C:\Users\ultra\warewolf\Dev\Dev2.Studio\Dev2.Studio.csproj]
C:\Program Files\dotnet\sdk\10.0.201\Microsoft.Common.CurrentVersion.targets(2451,5): warning MSB3277:             C:\Users\ultra\warewolf\Dev\Warewolf.Storage\bin\Debug\net8.0\Warewolf.Storage.dll [C:\Users\ultra\warewolf\Dev\Dev2.Studio\Dev2.Studio.csproj]
C:\Program Files\dotnet\sdk\10.0.201\Microsoft.Common.CurrentVersion.targets(2451,5): warning MSB3277:             C:\Users\ultra\warewolf\Dev\Warewolf.Studio.Core\bin\Debug\net8.0\Warewolf.Studio.Core.dll [C:\Users\ultra\warewolf\Dev\Dev2.Studio\Dev2.Studio.csproj]
C:\Program Files\dotnet\sdk\10.0.201\Microsoft.Common.CurrentVersion.targets(2451,5): warning MSB3277:             C:\Users\ultra\warewolf\Dev\Warewolf.Studio.Models\bin\Debug\net8.0\Warewolf.Studio.Models.dll [C:\Users\ultra\warewolf\Dev\Dev2.Studio\Dev2.Studio.csproj]
C:\Program Files\dotnet\sdk\10.0.201\Microsoft.Common.CurrentVersion.targets(2451,5): warning MSB3277:             C:\Users\ultra\warewolf\Dev\Warewolf.Studio.CustomControls\bin\Debug\net8.0\Warewolf.Studio.CustomControls.dll [C:\Users\ultra\warewolf\Dev\Dev2.Studio\Dev2.Studio.csproj]
C:\Program Files\dotnet\sdk\10.0.201\Microsoft.Common.CurrentVersion.targets(2451,5): warning MSB3277:             C:\Users\ultra\warewolf\Dev\Warewolf.Studio.ViewModels\bin\Debug\net8.0\Warewolf.Studio.ViewModels.dll [C:\Users\ultra\warewolf\Dev\Dev2.Studio\Dev2.Studio.csproj]
C:\Program Files\dotnet\sdk\10.0.201\Microsoft.Common.CurrentVersion.targets(2451,5): warning MSB3277:             C:\Users\ultra\warewolf\Dev\Warewolf.Trigger.Queue\bin\Debug\net8.0\Warewolf.Trigger.Queue.dll [C:\Users\ultra\warewolf\Dev\Dev2.Studio\Dev2.Studio.csproj]
C:\Program Files\dotnet\sdk\10.0.201\Microsoft.Common.CurrentVersion.targets(2451,5): warning MSB3277:             C:\Users\ultra\warewolf\Dev\Warewolf.UI\bin\Debug\net8.0\Warewolf.UI.dll [C:\Users\ultra\warewolf\Dev\Dev2.Studio\Dev2.Studio.csproj]
C:\Program Files\dotnet\sdk\10.0.201\Microsoft.Common.CurrentVersion.targets(2451,5): warning MSB3277:             C:\Users\ultra\warewolf\Dev\Dev2.Development.Languages\bin\Debug\net8.0\Dev2.Development.Languages.dll [C:\Users\ultra\warewolf\Dev\Dev2.Studio\Dev2.Studio.csproj]
C:\Program Files\dotnet\sdk\10.0.201\Microsoft.Common.CurrentVersion.targets(2451,5): warning MSB3277:             C:\Users\ultra\warewolf\Dev\Dev2.Runtime.Services\bin\Debug\net8.0\Dev2.Runtime.Services.dll [C:\Users\ultra\warewolf\Dev\Dev2.Studio\Dev2.Studio.csproj]
C:\Program Files\dotnet\sdk\10.0.201\Microsoft.Common.CurrentVersion.targets(2451,5): warning MSB3277:             C:\Users\ultra\warewolf\Dev\Dev2.Services.Sql\bin\Debug\net8.0\Dev2.Services.Sql.dll [C:\Users\ultra\warewolf\Dev\Dev2.Studio\Dev2.Studio.csproj]
C:\Program Files\dotnet\sdk\10.0.201\Microsoft.Common.CurrentVersion.targets(2451,5): warning MSB3277:             C:\Users\ultra\warewolf\Dev\Warewolf.AI.Harness\bin\Debug\net8.0\Warewolf.AI.Harness.dll [C:\Users\ultra\warewolf\Dev\Dev2.Studio\Dev2.Studio.csproj]
C:\Program Files\dotnet\sdk\10.0.201\Microsoft.Common.CurrentVersion.targets(2451,5): warning MSB3277:             C:\Users\ultra\warewolf\Dev\Warewolf.Auditing\bin\Debug\net8.0\Warewolf.Auditing.dll [C:\Users\ultra\warewolf\Dev\Dev2.Studio\Dev2.Studio.csproj]
C:\Program Files\dotnet\sdk\10.0.201\Microsoft.Common.CurrentVersion.targets(2451,5): warning MSB3277:             C:\Users\ultra\warewolf\Dev\Warewolf.Common.NetStandard20\bin\Debug\net8.0\Warewolf.Common.NetStandard20.dll [C:\Users\ultra\warewolf\Dev\Dev2.Studio\Dev2.Studio.csproj]
C:\Program Files\dotnet\sdk\10.0.201\Microsoft.Common.CurrentVersion.targets(2451,5): warning MSB3277:             C:\Users\ultra\warewolf\Dev\Warewolf.Driver.Persistence\bin\Debug\net8.0\Warewolf.Driver.Persistence.dll [C:\Users\ultra\warewolf\Dev\Dev2.Studio\Dev2.Studio.csproj]
C:\Program Files\dotnet\sdk\10.0.201\Microsoft.Common.CurrentVersion.targets(2451,5): warning MSB3277:             C:\Users\ultra\warewolf\Dev\Warewolf.Driver.Serilog\bin\Debug\net8.0\Warewolf.Driver.Serilog.dll [C:\Users\ultra\warewolf\Dev\Dev2.Studio\Dev2.Studio.csproj]
C:\Program Files\dotnet\sdk\10.0.201\Microsoft.Common.CurrentVersion.targets(2451,5): warning MSB3277:             C:\Users\ultra\warewolf\Dev\Warewolf.Exchange.Email.Wrapper\bin\Debug\net8.0\Warewolf.Exchange.Email.Wrapper.dll [C:\Users\ultra\warewolf\Dev\Dev2.Studio\Dev2.Studio.csproj]
C:\Program Files\dotnet\sdk\10.0.201\Microsoft.Common.CurrentVersion.targets(2451,5): warning MSB3277:         C:\Users\ultra\warewolf\Dev\Binaries\Infragistcs_Net6\InfragisticsWPF4.Editors.v15.1.dll [C:\Users\ultra\warewolf\Dev\Dev2.Studio\Dev2.Studio.csproj]
C:\Program Files\dotnet\sdk\10.0.201\Microsoft.Common.CurrentVersion.targets(2451,5): warning MSB3277:           Project file item includes which caused reference "C:\Users\ultra\warewolf\Dev\Binaries\Infragistcs_Net6\InfragisticsWPF4.Editors.v15.1.dll". [C:\Users\ultra\warewolf\Dev\Dev2.Studio\Dev2.Studio.csproj]
C:\Program Files\dotnet\sdk\10.0.201\Microsoft.Common.CurrentVersion.targets(2451,5): warning MSB3277:             InfragisticsWPF4.Editors.v15.1, Version=15.1.20151.2055, Culture=neutral, processorArchitecture=MSIL [C:\Users\ultra\warewolf\Dev\Dev2.Studio\Dev2.Studio.csproj]
C:\Program Files\dotnet\sdk\10.0.201\Microsoft.Common.CurrentVersion.targets(2451,5): warning MSB3277:             InfragisticsWPF4.DataPresenter.v15.1 [C:\Users\ultra\warewolf\Dev\Dev2.Studio\Dev2.Studio.csproj]
C:\Program Files\dotnet\sdk\10.0.201\Microsoft.Common.CurrentVersion.targets(2451,5): warning MSB3277:         C:\Users\ultra\warewolf\Dev\Binaries\Infragistcs_Net6\InfragisticsWPF4.v15.1.dll [C:\Users\ultra\warewolf\Dev\Dev2.Studio\Dev2.Studio.csproj]
C:\Program Files\dotnet\sdk\10.0.201\Microsoft.Common.CurrentVersion.targets(2451,5): warning MSB3277:           Project file item includes which caused reference "C:\Users\ultra\warewolf\Dev\Binaries\Infragistcs_Net6\InfragisticsWPF4.v15.1.dll". [C:\Users\ultra\warewolf\Dev\Dev2.Studio\Dev2.Studio.csproj]
C:\Program Files\dotnet\sdk\10.0.201\Microsoft.Common.CurrentVersion.targets(2451,5): warning MSB3277:             InfragisticsWPF4.v15.1, Version=15.1.20151.2055, Culture=neutral, PublicKeyToken=7dd5c3163f2cd0cb, processorArchitecture=MSIL [C:\Users\ultra\warewolf\Dev\Dev2.Studio\Dev2.Studio.csproj]
C:\Program Files\dotnet\sdk\10.0.201\Microsoft.Common.CurrentVersion.targets(2451,5): warning MSB3277:             InfragisticsWPF4.Controls.Editors.XamComboEditor.v15.1, Version=15.1.20151.2055, Culture=neutral, processorArchitecture=MSIL [C:\Users\ultra\warewolf\Dev\Dev2.Studio\Dev2.Studio.csproj]
C:\Program Files\dotnet\sdk\10.0.201\Microsoft.Common.CurrentVersion.targets(2451,5): warning MSB3277:             InfragisticsWPF4.Controls.Grids.XamGrid.v15.1, Version=15.1.20151.2055, Culture=neutral, PublicKeyToken=7dd5c3163f2cd0cb, processorArchitecture=MSIL [C:\Users\ultra\warewolf\Dev\Dev2.Studio\Dev2.Studio.csproj]
C:\Program Files\dotnet\sdk\10.0.201\Microsoft.Common.CurrentVersion.targets(2451,5): warning MSB3277:             CalculationManager.WPF [C:\Users\ultra\warewolf\Dev\Dev2.Studio\Dev2.Studio.csproj]
C:\Program Files\dotnet\sdk\10.0.201\Microsoft.Common.CurrentVersion.targets(2451,5): warning MSB3277:             InfragisticsWPF4.Controls.Interactions.XamDialogWindow.v15.1, Version=15.1.20151.2055, Culture=neutral, PublicKeyToken=7dd5c3163f2cd0cb, processorArchitecture=MSIL [C:\Users\ultra\warewolf\Dev\Dev2.Studio\Dev2.Studio.csproj]
C:\Program Files\dotnet\sdk\10.0.201\Microsoft.Common.CurrentVersion.targets(2451,5): warning MSB3277:             InfragisticsWPF4.Controls.Maps.XamNetworkNode.v15.1, Version=15.1.20151.2055, Culture=neutral, PublicKeyToken=7dd5c3163f2cd0cb, processorArchitecture=MSIL [C:\Users\ultra\warewolf\Dev\Dev2.Studio\Dev2.Studio.csproj]
C:\Program Files\dotnet\sdk\10.0.201\Microsoft.Common.CurrentVersion.targets(2451,5): warning MSB3277:             InfragisticsWPF4.Controls.Menus.XamDataTree.v15.1, Version=15.1.20151.2055, Culture=neutral, processorArchitecture=MSIL [C:\Users\ultra\warewolf\Dev\Dev2.Studio\Dev2.Studio.csproj]
C:\Program Files\dotnet\sdk\10.0.201\Microsoft.Common.CurrentVersion.targets(2451,5): warning MSB3277:             InfragisticsWPF4.Controls.Menus.XamMenu.v15.1, Version=15.1.20151.2055, Culture=neutral, processorArchitecture=MSIL [C:\Users\ultra\warewolf\Dev\Dev2.Studio\Dev2.Studio.csproj]
C:\Program Files\dotnet\sdk\10.0.201\Microsoft.Common.CurrentVersion.targets(2451,5): warning MSB3277:             InfragisticsWPF4.DataManager.v15.1, Version=15.1.20151.2055, Culture=neutral, processorArchitecture=MSIL [C:\Users\ultra\warewolf\Dev\Dev2.Studio\Dev2.Studio.csproj]
C:\Program Files\dotnet\sdk\10.0.201\Microsoft.Common.CurrentVersion.targets(2451,5): warning MSB3277:             InfragisticsWPF4.DataPresenter.v15.1 [C:\Users\ultra\warewolf\Dev\Dev2.Studio\Dev2.Studio.csproj]
C:\Program Files\dotnet\sdk\10.0.201\Microsoft.Common.CurrentVersion.targets(2451,5): warning MSB3277:             InfragisticsWPF4.DataVisualization.v15.1, Version=15.1.20151.2055, Culture=neutral, PublicKeyToken=7dd5c3163f2cd0cb, processorArchitecture=MSIL [C:\Users\ultra\warewolf\Dev\Dev2.Studio\Dev2.Studio.csproj]
C:\Program Files\dotnet\sdk\10.0.201\Microsoft.Common.CurrentVersion.targets(2451,5): warning MSB3277:             InfragisticsWPF4.DockManager.v15.1, Version=15.1.20151.2055, Culture=neutral, PublicKeyToken=7dd5c3163f2cd0cb, processorArchitecture=MSIL [C:\Users\ultra\warewolf\Dev\Dev2.Studio\Dev2.Studio.csproj]
C:\Program Files\dotnet\sdk\10.0.201\Microsoft.Common.CurrentVersion.targets(2451,5): warning MSB3277:             InfragisticsWPF4.Editors.v15.1, Version=15.1.20151.2055, Culture=neutral, processorArchitecture=MSIL [C:\Users\ultra\warewolf\Dev\Dev2.Studio\Dev2.Studio.csproj]
C:\Program Files\dotnet\sdk\10.0.201\Microsoft.Common.CurrentVersion.targets(2451,5): warning MSB3277:             InfragisticsWPF4.Math.Calculators.v15.1, Version=15.1.20151.2055, Culture=neutral, PublicKeyToken=7dd5c3163f2cd0cb, processorArchitecture=MSIL [C:\Users\ultra\warewolf\Dev\Dev2.Studio\Dev2.Studio.csproj]
C:\Program Files\dotnet\sdk\10.0.201\Microsoft.Common.CurrentVersion.targets(2451,5): warning MSB3277:             InfragisticsWPF4.Math.v15.1, Version=15.1.20151.2055, Culture=neutral, PublicKeyToken=7dd5c3163f2cd0cb, processorArchitecture=MSIL [C:\Users\ultra\warewolf\Dev\Dev2.Studio\Dev2.Studio.csproj]
C:\Program Files\dotnet\sdk\10.0.201\Microsoft.Common.CurrentVersion.targets(2451,5): warning MSB3277:         C:\Users\ultra\.nuget\packages\timespan2\2.4.2\lib\netcoreapp3.1\TimeSpan2.dll [C:\Users\ultra\warewolf\Dev\Dev2.Studio\Dev2.Studio.csproj]
C:\Program Files\dotnet\sdk\10.0.201\Microsoft.Common.CurrentVersion.targets(2451,5): warning MSB3277:           Project file item includes which caused reference "C:\Users\ultra\.nuget\packages\timespan2\2.4.2\lib\netcoreapp3.1\TimeSpan2.dll". [C:\Users\ultra\warewolf\Dev\Dev2.Studio\Dev2.Studio.csproj]
C:\Program Files\dotnet\sdk\10.0.201\Microsoft.Common.CurrentVersion.targets(2451,5): warning MSB3277:             C:\Users\ultra\.nuget\packages\timespan2\2.4.2\lib\netcoreapp3.1\TimeSpan2.dll [C:\Users\ultra\warewolf\Dev\Dev2.Studio\Dev2.Studio.csproj]
C:\Program Files\dotnet\sdk\10.0.201\Microsoft.Common.CurrentVersion.targets(2451,5): warning MSB3277:             C:\Users\ultra\.nuget\packages\taskschedulereditor\2.10.1\lib\net452\Microsoft.Win32.TaskSchedulerEditor.dll [C:\Users\ultra\warewolf\Dev\Dev2.Studio\Dev2.Studio.csproj]
C:\Program Files\dotnet\sdk\10.0.201\Microsoft.Common.CurrentVersion.targets(2451,5): warning MSB3277:         C:\Program Files\dotnet\packs\Microsoft.NETCore.App.Ref\8.0.25\ref\net8.0\System.dll [C:\Users\ultra\warewolf\Dev\Dev2.Studio\Dev2.Studio.csproj]
C:\Program Files\dotnet\sdk\10.0.201\Microsoft.Common.CurrentVersion.targets(2451,5): warning MSB3277:           Project file item includes which caused reference "C:\Program Files\dotnet\packs\Microsoft.NETCore.App.Ref\8.0.25\ref\net8.0\System.dll". [C:\Users\ultra\warewolf\Dev\Dev2.Studio\Dev2.Studio.csproj]
C:\Program Files\dotnet\sdk\10.0.201\Microsoft.Common.CurrentVersion.targets(2451,5): warning MSB3277:             C:\Program Files\dotnet\packs\Microsoft.NETCore.App.Ref\8.0.25\ref/net8.0/System.dll [C:\Users\ultra\warewolf\Dev\Dev2.Studio\Dev2.Studio.csproj]
C:\Program Files\dotnet\sdk\10.0.201\Microsoft.Common.CurrentVersion.targets(2451,5): warning MSB3277:             C:\Users\ultra\.nuget\packages\aerowizard\2.3.1\lib\net45\AeroWizard.dll [C:\Users\ultra\warewolf\Dev\Dev2.Studio\Dev2.Studio.csproj]
C:\Program Files\dotnet\sdk\10.0.201\Microsoft.Common.CurrentVersion.targets(2451,5): warning MSB3277:             C:\Users\ultra\.nuget\packages\avalonedit\6.3.0.90\lib\net462\ICSharpCode.AvalonEdit.dll [C:\Users\ultra\warewolf\Dev\Dev2.Studio\Dev2.Studio.csproj]
C:\Program Files\dotnet\sdk\10.0.201\Microsoft.Common.CurrentVersion.targets(2451,5): warning MSB3277:             C:\Users\ultra\.nuget\packages\fontawesome.wpf\4.7.0.9\lib\net40\FontAwesome.WPF.dll [C:\Users\ultra\warewolf\Dev\Dev2.Studio\Dev2.Studio.csproj]
C:\Program Files\dotnet\sdk\10.0.201\Microsoft.Common.CurrentVersion.targets(2451,5): warning MSB3277:             C:\Users\ultra\.nuget\packages\groupcontrols\1.9.0\lib\net45\GroupControls.dll [C:\Users\ultra\warewolf\Dev\Dev2.Studio\Dev2.Studio.csproj]
C:\Program Files\dotnet\sdk\10.0.201\Microsoft.Common.CurrentVersion.targets(2451,5): warning MSB3277:             C:\Users\ultra\.nuget\packages\log4net.async\2.0.4\lib\net40\Log4Net.Async.dll [C:\Users\ultra\warewolf\Dev\Dev2.Studio\Dev2.Studio.csproj]
C:\Program Files\dotnet\sdk\10.0.201\Microsoft.Common.CurrentVersion.targets(2451,5): warning MSB3277:             C:\Users\ultra\.nuget\packages\microsoft.xaml.behaviors.wpf\1.1.122\lib\net462\Microsoft.Xaml.Behaviors.dll [C:\Users\ultra\warewolf\Dev\Dev2.Studio\Dev2.Studio.csproj]
C:\Program Files\dotnet\sdk\10.0.201\Microsoft.Common.CurrentVersion.targets(2451,5): warning MSB3277:             C:\Users\ultra\.nuget\packages\caliburn.micro\4.0.212\lib\netcoreapp3.1\Caliburn.Micro.Platform.dll [C:\Users\ultra\warewolf\Dev\Dev2.Studio\Dev2.Studio.csproj]
C:\Program Files\dotnet\sdk\10.0.201\Microsoft.Common.CurrentVersion.targets(2451,5): warning MSB3277:             C:\Users\ultra\.nuget\packages\prism.composition\5.0.0\lib\NET45\Microsoft.Practices.Prism.Composition.dll [C:\Users\ultra\warewolf\Dev\Dev2.Studio\Dev2.Studio.csproj]
C:\Program Files\dotnet\sdk\10.0.201\Microsoft.Common.CurrentVersion.targets(2451,5): warning MSB3277:             C:\Users\ultra\.nuget\packages\prism.interactivity\5.0.0\lib\NET45\Microsoft.Practices.Prism.Interactivity.dll [C:\Users\ultra\warewolf\Dev\Dev2.Studio\Dev2.Studio.csproj]
C:\Program Files\dotnet\sdk\10.0.201\Microsoft.Common.CurrentVersion.targets(2451,5): warning MSB3277:             C:\Users\ultra\.nuget\packages\prism.mvvm\1.0.0\lib\net45\Microsoft.Practices.Prism.Mvvm.Desktop.dll [C:\Users\ultra\warewolf\Dev\Dev2.Studio\Dev2.Studio.csproj]
C:\Program Files\dotnet\sdk\10.0.201\Microsoft.Common.CurrentVersion.targets(2451,5): warning MSB3277:             C:\Users\ultra\.nuget\packages\prism.unityextensions\5.0.1\lib\NET45\Microsoft.Practices.Prism.UnityExtensions.dll [C:\Users\ultra\warewolf\Dev\Dev2.Studio\Dev2.Studio.csproj]
C:\Program Files\dotnet\sdk\10.0.201\Microsoft.Common.CurrentVersion.targets(2451,5): warning MSB3277:             C:\Users\ultra\.nuget\packages\prism.wpf\9.0.537\lib\net462\Prism.Wpf.dll [C:\Users\ultra\warewolf\Dev\Dev2.Studio\Dev2.Studio.csproj]
C:\Program Files\dotnet\sdk\10.0.201\Microsoft.Common.CurrentVersion.targets(2451,5): warning MSB3277:             C:\Users\ultra\.nuget\packages\reactiveui.wpf\18.4.1\lib\net462\ReactiveUI.Wpf.dll [C:\Users\ultra\warewolf\Dev\Dev2.Studio\Dev2.Studio.csproj]
C:\Program Files\dotnet\sdk\10.0.201\Microsoft.Common.CurrentVersion.targets(2451,5): warning MSB3277:             C:\Users\ultra\.nuget\packages\taskschedulereditor\2.10.1\lib\net452\Microsoft.Win32.TaskSchedulerEditor.dll [C:\Users\ultra\warewolf\Dev\Dev2.Studio\Dev2.Studio.csproj]
C:\Program Files\dotnet\sdk\10.0.201\Microsoft.Common.CurrentVersion.targets(2451,5): warning MSB3277:             C:\Users\ultra\.nuget\packages\ttcue.netcore.sharepointonline.csom.16.1.8029.1200\16.1.8029.1200\lib\netcoreapp2.0\Microsoft.SharePoint.Client.Runtime.Windows.dll [C:\Users\ultra\warewolf\Dev\Dev2.Studio\Dev2.Studio.csproj]
C:\Program Files\dotnet\sdk\10.0.201\Microsoft.Common.CurrentVersion.targets(2451,5): warning MSB3277: Found conflicts between different versions of "WindowsBase" that could not be resolved. [C:\Users\ultra\warewolf\Dev\Dev2.Studio\Dev2.Studio.csproj]
C:\Program Files\dotnet\sdk\10.0.201\Microsoft.Common.CurrentVersion.targets(2451,5): warning MSB3277: There was a conflict between "WindowsBase, Version=4.0.0.0, Culture=neutral, PublicKeyToken=31bf3856ad364e35" and "WindowsBase, Version=6.0.2.0, Culture=neutral, PublicKeyToken=31bf3856ad364e35". [C:\Users\ultra\warewolf\Dev\Dev2.Studio\Dev2.Studio.csproj]
C:\Program Files\dotnet\sdk\10.0.201\Microsoft.Common.CurrentVersion.targets(2451,5): warning MSB3277:     "WindowsBase, Version=4.0.0.0, Culture=neutral, PublicKeyToken=31bf3856ad364e35" was chosen because it was primary and "WindowsBase, Version=6.0.2.0, Culture=neutral, PublicKeyToken=31bf3856ad364e35" was not. [C:\Users\ultra\warewolf\Dev\Dev2.Studio\Dev2.Studio.csproj]
C:\Program Files\dotnet\sdk\10.0.201\Microsoft.Common.CurrentVersion.targets(2451,5): warning MSB3277:     References which depend on "WindowsBase, Version=4.0.0.0, Culture=neutral, PublicKeyToken=31bf3856ad364e35" [C:\Program Files\dotnet\packs\Microsoft.NETCore.App.Ref\8.0.25\ref\net8.0\WindowsBase.dll]. [C:\Users\ultra\warewolf\Dev\Dev2.Studio\Dev2.Studio.csproj]
C:\Program Files\dotnet\sdk\10.0.201\Microsoft.Common.CurrentVersion.targets(2451,5): warning MSB3277:         C:\Program Files\dotnet\packs\Microsoft.NETCore.App.Ref\8.0.25\ref\net8.0\WindowsBase.dll [C:\Users\ultra\warewolf\Dev\Dev2.Studio\Dev2.Studio.csproj]
C:\Program Files\dotnet\sdk\10.0.201\Microsoft.Common.CurrentVersion.targets(2451,5): warning MSB3277:           Project file item includes which caused reference "C:\Program Files\dotnet\packs\Microsoft.NETCore.App.Ref\8.0.25\ref\net8.0\WindowsBase.dll". [C:\Users\ultra\warewolf\Dev\Dev2.Studio\Dev2.Studio.csproj]
C:\Program Files\dotnet\sdk\10.0.201\Microsoft.Common.CurrentVersion.targets(2451,5): warning MSB3277:             C:\Program Files\dotnet\packs\Microsoft.NETCore.App.Ref\8.0.25\ref/net8.0/WindowsBase.dll [C:\Users\ultra\warewolf\Dev\Dev2.Studio\Dev2.Studio.csproj]
C:\Program Files\dotnet\sdk\10.0.201\Microsoft.Common.CurrentVersion.targets(2451,5): warning MSB3277:     References which depend on or have been unified to "WindowsBase, Version=6.0.2.0, Culture=neutral, PublicKeyToken=31bf3856ad364e35" []. [C:\Users\ultra\warewolf\Dev\Dev2.Studio\Dev2.Studio.csproj]
C:\Program Files\dotnet\sdk\10.0.201\Microsoft.Common.CurrentVersion.targets(2451,5): warning MSB3277:         C:\Users\ultra\warewolf\Dev\Binaries\Infragistcs_Net6\InfragisticsWPF4.Controls.Editors.XamComboEditor.v15.1.dll [C:\Users\ultra\warewolf\Dev\Dev2.Studio\Dev2.Studio.csproj]
C:\Program Files\dotnet\sdk\10.0.201\Microsoft.Common.CurrentVersion.targets(2451,5): warning MSB3277:           Project file item includes which caused reference "C:\Users\ultra\warewolf\Dev\Binaries\Infragistcs_Net6\InfragisticsWPF4.Controls.Editors.XamComboEditor.v15.1.dll". [C:\Users\ultra\warewolf\Dev\Dev2.Studio\Dev2.Studio.csproj]
C:\Program Files\dotnet\sdk\10.0.201\Microsoft.Common.CurrentVersion.targets(2451,5): warning MSB3277:             InfragisticsWPF4.Controls.Editors.XamComboEditor.v15.1, Version=15.1.20151.2055, Culture=neutral, processorArchitecture=MSIL [C:\Users\ultra\warewolf\Dev\Dev2.Studio\Dev2.Studio.csproj]
C:\Program Files\dotnet\sdk\10.0.201\Microsoft.Common.CurrentVersion.targets(2451,5): warning MSB3277:         C:\Users\ultra\warewolf\Dev\Binaries\Infragistcs_Net6\InfragisticsWPF4.Controls.Grids.XamGrid.v15.1.dll [C:\Users\ultra\warewolf\Dev\Dev2.Studio\Dev2.Studio.csproj]
C:\Program Files\dotnet\sdk\10.0.201\Microsoft.Common.CurrentVersion.targets(2451,5): warning MSB3277:           Project file item includes which caused reference "C:\Users\ultra\warewolf\Dev\Binaries\Infragistcs_Net6\InfragisticsWPF4.Controls.Grids.XamGrid.v15.1.dll". [C:\Users\ultra\warewolf\Dev\Dev2.Studio\Dev2.Studio.csproj]
C:\Program Files\dotnet\sdk\10.0.201\Microsoft.Common.CurrentVersion.targets(2451,5): warning MSB3277:             InfragisticsWPF4.Controls.Grids.XamGrid.v15.1, Version=15.1.20151.2055, Culture=neutral, PublicKeyToken=7dd5c3163f2cd0cb, processorArchitecture=MSIL [C:\Users\ultra\warewolf\Dev\Dev2.Studio\Dev2.Studio.csproj]
C:\Program Files\dotnet\sdk\10.0.201\Microsoft.Common.CurrentVersion.targets(2451,5): warning MSB3277:         C:\Users\ultra\warewolf\Dev\Binaries\Infragistcs_Net6\Infragistics.Calculations.dll [C:\Users\ultra\warewolf\Dev\Dev2.Studio\Dev2.Studio.csproj]
C:\Program Files\dotnet\sdk\10.0.201\Microsoft.Common.CurrentVersion.targets(2451,5): warning MSB3277:           Project file item includes which caused reference "C:\Users\ultra\warewolf\Dev\Binaries\Infragistcs_Net6\Infragistics.Calculations.dll". [C:\Users\ultra\warewolf\Dev\Dev2.Studio\Dev2.Studio.csproj]
C:\Program Files\dotnet\sdk\10.0.201\Microsoft.Common.CurrentVersion.targets(2451,5): warning MSB3277:             CalculationManager.WPF [C:\Users\ultra\warewolf\Dev\Dev2.Studio\Dev2.Studio.csproj]
C:\Program Files\dotnet\sdk\10.0.201\Microsoft.Common.CurrentVersion.targets(2451,5): warning MSB3277:         C:\Users\ultra\warewolf\Dev\Binaries\Infragistcs_Net6\InfragisticsWPF4.Controls.Interactions.XamDialogWindow.v15.1.dll [C:\Users\ultra\warewolf\Dev\Dev2.Studio\Dev2.Studio.csproj]
C:\Program Files\dotnet\sdk\10.0.201\Microsoft.Common.CurrentVersion.targets(2451,5): warning MSB3277:           Project file item includes which caused reference "C:\Users\ultra\warewolf\Dev\Binaries\Infragistcs_Net6\InfragisticsWPF4.Controls.Interactions.XamDialogWindow.v15.1.dll". [C:\Users\ultra\warewolf\Dev\Dev2.Studio\Dev2.Studio.csproj]
C:\Program Files\dotnet\sdk\10.0.201\Microsoft.Common.CurrentVersion.targets(2451,5): warning MSB3277:             InfragisticsWPF4.Controls.Interactions.XamDialogWindow.v15.1, Version=15.1.20151.2055, Culture=neutral, PublicKeyToken=7dd5c3163f2cd0cb, processorArchitecture=MSIL [C:\Users\ultra\warewolf\Dev\Dev2.Studio\Dev2.Studio.csproj]
C:\Program Files\dotnet\sdk\10.0.201\Microsoft.Common.CurrentVersion.targets(2451,5): warning MSB3277:         C:\Users\ultra\warewolf\Dev\Binaries\Infragistcs_Net6\InfragisticsWPF4.Controls.Maps.XamNetworkNode.v15.1.dll [C:\Users\ultra\warewolf\Dev\Dev2.Studio\Dev2.Studio.csproj]
C:\Program Files\dotnet\sdk\10.0.201\Microsoft.Common.CurrentVersion.targets(2451,5): warning MSB3277:           Project file item includes which caused reference "C:\Users\ultra\warewolf\Dev\Binaries\Infragistcs_Net6\InfragisticsWPF4.Controls.Maps.XamNetworkNode.v15.1.dll". [C:\Users\ultra\warewolf\Dev\Dev2.Studio\Dev2.Studio.csproj]
C:\Program Files\dotnet\sdk\10.0.201\Microsoft.Common.CurrentVersion.targets(2451,5): warning MSB3277:             InfragisticsWPF4.Controls.Maps.XamNetworkNode.v15.1, Version=15.1.20151.2055, Culture=neutral, PublicKeyToken=7dd5c3163f2cd0cb, processorArchitecture=MSIL [C:\Users\ultra\warewolf\Dev\Dev2.Studio\Dev2.Studio.csproj]
C:\Program Files\dotnet\sdk\10.0.201\Microsoft.Common.CurrentVersion.targets(2451,5): warning MSB3277:         C:\Users\ultra\warewolf\Dev\Binaries\Infragistcs_Net6\InfragisticsWPF4.Controls.Menus.XamDataTree.v15.1.dll [C:\Users\ultra\warewolf\Dev\Dev2.Studio\Dev2.Studio.csproj]
C:\Program Files\dotnet\sdk\10.0.201\Microsoft.Common.CurrentVersion.targets(2451,5): warning MSB3277:           Project file item includes which caused reference "C:\Users\ultra\warewolf\Dev\Binaries\Infragistcs_Net6\InfragisticsWPF4.Controls.Menus.XamDataTree.v15.1.dll". [C:\Users\ultra\warewolf\Dev\Dev2.Studio\Dev2.Studio.csproj]
C:\Program Files\dotnet\sdk\10.0.201\Microsoft.Common.CurrentVersion.targets(2451,5): warning MSB3277:             InfragisticsWPF4.Controls.Menus.XamDataTree.v15.1, Version=15.1.20151.2055, Culture=neutral, processorArchitecture=MSIL [C:\Users\ultra\warewolf\Dev\Dev2.Studio\Dev2.Studio.csproj]
C:\Program Files\dotnet\sdk\10.0.201\Microsoft.Common.CurrentVersion.targets(2451,5): warning MSB3277:         C:\Users\ultra\warewolf\Dev\Binaries\Infragistcs_Net6\InfragisticsWPF4.Controls.Menus.XamMenu.v15.1.dll [C:\Users\ultra\warewolf\Dev\Dev2.Studio\Dev2.Studio.csproj]
C:\Program Files\dotnet\sdk\10.0.201\Microsoft.Common.CurrentVersion.targets(2451,5): warning MSB3277:           Project file item includes which caused reference "C:\Users\ultra\warewolf\Dev\Binaries\Infragistcs_Net6\InfragisticsWPF4.Controls.Menus.XamMenu.v15.1.dll". [C:\Users\ultra\warewolf\Dev\Dev2.Studio\Dev2.Studio.csproj]
C:\Program Files\dotnet\sdk\10.0.201\Microsoft.Common.CurrentVersion.targets(2451,5): warning MSB3277:             InfragisticsWPF4.Controls.Menus.XamMenu.v15.1, Version=15.1.20151.2055, Culture=neutral, processorArchitecture=MSIL [C:\Users\ultra\warewolf\Dev\Dev2.Studio\Dev2.Studio.csproj]
C:\Program Files\dotnet\sdk\10.0.201\Microsoft.Common.CurrentVersion.targets(2451,5): warning MSB3277:             InfragisticsWPF4.Controls.Grids.XamGrid.v15.1, Version=15.1.20151.2055, Culture=neutral, PublicKeyToken=7dd5c3163f2cd0cb, processorArchitecture=MSIL [C:\Users\ultra\warewolf\Dev\Dev2.Studio\Dev2.Studio.csproj]
C:\Program Files\dotnet\sdk\10.0.201\Microsoft.Common.CurrentVersion.targets(2451,5): warning MSB3277:         C:\Users\ultra\warewolf\Dev\Binaries\Infragistcs_Net6\InfragisticsWPF4.DataManager.v15.1.dll [C:\Users\ultra\warewolf\Dev\Dev2.Studio\Dev2.Studio.csproj]
C:\Program Files\dotnet\sdk\10.0.201\Microsoft.Common.CurrentVersion.targets(2451,5): warning MSB3277:           Project file item includes which caused reference "C:\Users\ultra\warewolf\Dev\Binaries\Infragistcs_Net6\InfragisticsWPF4.DataManager.v15.1.dll". [C:\Users\ultra\warewolf\Dev\Dev2.Studio\Dev2.Studio.csproj]
C:\Program Files\dotnet\sdk\10.0.201\Microsoft.Common.CurrentVersion.targets(2451,5): warning MSB3277:             InfragisticsWPF4.DataManager.v15.1, Version=15.1.20151.2055, Culture=neutral, processorArchitecture=MSIL [C:\Users\ultra\warewolf\Dev\Dev2.Studio\Dev2.Studio.csproj]
C:\Program Files\dotnet\sdk\10.0.201\Microsoft.Common.CurrentVersion.targets(2451,5): warning MSB3277:             InfragisticsWPF4.Controls.Editors.XamComboEditor.v15.1, Version=15.1.20151.2055, Culture=neutral, processorArchitecture=MSIL [C:\Users\ultra\warewolf\Dev\Dev2.Studio\Dev2.Studio.csproj]
C:\Program Files\dotnet\sdk\10.0.201\Microsoft.Common.CurrentVersion.targets(2451,5): warning MSB3277:             InfragisticsWPF4.Controls.Grids.XamGrid.v15.1, Version=15.1.20151.2055, Culture=neutral, PublicKeyToken=7dd5c3163f2cd0cb, processorArchitecture=MSIL [C:\Users\ultra\warewolf\Dev\Dev2.Studio\Dev2.Studio.csproj]
C:\Program Files\dotnet\sdk\10.0.201\Microsoft.Common.CurrentVersion.targets(2451,5): warning MSB3277:             InfragisticsWPF4.Controls.Menus.XamDataTree.v15.1, Version=15.1.20151.2055, Culture=neutral, processorArchitecture=MSIL [C:\Users\ultra\warewolf\Dev\Dev2.Studio\Dev2.Studio.csproj]
C:\Program Files\dotnet\sdk\10.0.201\Microsoft.Common.CurrentVersion.targets(2451,5): warning MSB3277:         C:\Users\ultra\warewolf\Dev\Binaries\Infragistcs_Net6\InfragisticsWPF4.DataPresenter.v15.1.dll [C:\Users\ultra\warewolf\Dev\Dev2.Studio\Dev2.Studio.csproj]
C:\Program Files\dotnet\sdk\10.0.201\Microsoft.Common.CurrentVersion.targets(2451,5): warning MSB3277:           Project file item includes which caused reference "C:\Users\ultra\warewolf\Dev\Binaries\Infragistcs_Net6\InfragisticsWPF4.DataPresenter.v15.1.dll". [C:\Users\ultra\warewolf\Dev\Dev2.Studio\Dev2.Studio.csproj]
C:\Program Files\dotnet\sdk\10.0.201\Microsoft.Common.CurrentVersion.targets(2451,5): warning MSB3277:             InfragisticsWPF4.DataPresenter.v15.1 [C:\Users\ultra\warewolf\Dev\Dev2.Studio\Dev2.Studio.csproj]
C:\Program Files\dotnet\sdk\10.0.201\Microsoft.Common.CurrentVersion.targets(2451,5): warning MSB3277:         C:\Users\ultra\warewolf\Dev\Binaries\Infragistcs_Net6\InfragisticsWPF4.DataVisualization.v15.1.dll [C:\Users\ultra\warewolf\Dev\Dev2.Studio\Dev2.Studio.csproj]
C:\Program Files\dotnet\sdk\10.0.201\Microsoft.Common.CurrentVersion.targets(2451,5): warning MSB3277:           Project file item includes which caused reference "C:\Users\ultra\warewolf\Dev\Binaries\Infragistcs_Net6\InfragisticsWPF4.DataVisualization.v15.1.dll". [C:\Users\ultra\warewolf\Dev\Dev2.Studio\Dev2.Studio.csproj]
C:\Program Files\dotnet\sdk\10.0.201\Microsoft.Common.CurrentVersion.targets(2451,5): warning MSB3277:             InfragisticsWPF4.DataVisualization.v15.1, Version=15.1.20151.2055, Culture=neutral, PublicKeyToken=7dd5c3163f2cd0cb, processorArchitecture=MSIL [C:\Users\ultra\warewolf\Dev\Dev2.Studio\Dev2.Studio.csproj]
C:\Program Files\dotnet\sdk\10.0.201\Microsoft.Common.CurrentVersion.targets(2451,5): warning MSB3277:             InfragisticsWPF4.Controls.Maps.XamNetworkNode.v15.1, Version=15.1.20151.2055, Culture=neutral, PublicKeyToken=7dd5c3163f2cd0cb, processorArchitecture=MSIL [C:\Users\ultra\warewolf\Dev\Dev2.Studio\Dev2.Studio.csproj]
C:\Program Files\dotnet\sdk\10.0.201\Microsoft.Common.CurrentVersion.targets(2451,5): warning MSB3277:             InfragisticsWPF4.Math.Calculators.v15.1, Version=15.1.20151.2055, Culture=neutral, PublicKeyToken=7dd5c3163f2cd0cb, processorArchitecture=MSIL [C:\Users\ultra\warewolf\Dev\Dev2.Studio\Dev2.Studio.csproj]
C:\Program Files\dotnet\sdk\10.0.201\Microsoft.Common.CurrentVersion.targets(2451,5): warning MSB3277:         C:\Users\ultra\warewolf\Dev\Binaries\Infragistcs_Net6\InfragisticsWPF4.DockManager.v15.1.dll [C:\Users\ultra\warewolf\Dev\Dev2.Studio\Dev2.Studio.csproj]
C:\Program Files\dotnet\sdk\10.0.201\Microsoft.Common.CurrentVersion.targets(2451,5): warning MSB3277:           Project file item includes which caused reference "C:\Users\ultra\warewolf\Dev\Binaries\Infragistcs_Net6\InfragisticsWPF4.DockManager.v15.1.dll". [C:\Users\ultra\warewolf\Dev\Dev2.Studio\Dev2.Studio.csproj]
C:\Program Files\dotnet\sdk\10.0.201\Microsoft.Common.CurrentVersion.targets(2451,5): warning MSB3277:             InfragisticsWPF4.DockManager.v15.1, Version=15.1.20151.2055, Culture=neutral, PublicKeyToken=7dd5c3163f2cd0cb, processorArchitecture=MSIL [C:\Users\ultra\warewolf\Dev\Dev2.Studio\Dev2.Studio.csproj]
C:\Program Files\dotnet\sdk\10.0.201\Microsoft.Common.CurrentVersion.targets(2451,5): warning MSB3277:         C:\Users\ultra\warewolf\Dev\Binaries\Infragistcs_Net6\InfragisticsWPF4.DragDrop.v15.1.dll [C:\Users\ultra\warewolf\Dev\Dev2.Studio\Dev2.Studio.csproj]
C:\Program Files\dotnet\sdk\10.0.201\Microsoft.Common.CurrentVersion.targets(2451,5): warning MSB3277:           Project file item includes which caused reference "C:\Users\ultra\warewolf\Dev\Binaries\Infragistcs_Net6\InfragisticsWPF4.DragDrop.v15.1.dll". [C:\Users\ultra\warewolf\Dev\Dev2.Studio\Dev2.Studio.csproj]
C:\Program Files\dotnet\sdk\10.0.201\Microsoft.Common.CurrentVersion.targets(2451,5): warning MSB3277:             InfragisticsWPF4.DragDrop.v15.1, Version=15.1.20151.2055, Culture=neutral, PublicKeyToken=7dd5c3163f2cd0cb, processorArchitecture=MSIL [C:\Users\ultra\warewolf\Dev\Dev2.Studio\Dev2.Studio.csproj]
C:\Program Files\dotnet\sdk\10.0.201\Microsoft.Common.CurrentVersion.targets(2451,5): warning MSB3277:             InfragisticsWPF4.Controls.Menus.XamDataTree.v15.1, Version=15.1.20151.2055, Culture=neutral, processorArchitecture=MSIL [C:\Users\ultra\warewolf\Dev\Dev2.Studio\Dev2.Studio.csproj]
C:\Program Files\dotnet\sdk\10.0.201\Microsoft.Common.CurrentVersion.targets(2451,5): warning MSB3277:         C:\Users\ultra\warewolf\Dev\Binaries\Infragistcs_Net6\InfragisticsWPF4.Editors.v15.1.dll [C:\Users\ultra\warewolf\Dev\Dev2.Studio\Dev2.Studio.csproj]
C:\Program Files\dotnet\sdk\10.0.201\Microsoft.Common.CurrentVersion.targets(2451,5): warning MSB3277:           Project file item includes which caused reference "C:\Users\ultra\warewolf\Dev\Binaries\Infragistcs_Net6\InfragisticsWPF4.Editors.v15.1.dll". [C:\Users\ultra\warewolf\Dev\Dev2.Studio\Dev2.Studio.csproj]
C:\Program Files\dotnet\sdk\10.0.201\Microsoft.Common.CurrentVersion.targets(2451,5): warning MSB3277:             InfragisticsWPF4.Editors.v15.1, Version=15.1.20151.2055, Culture=neutral, processorArchitecture=MSIL [C:\Users\ultra\warewolf\Dev\Dev2.Studio\Dev2.Studio.csproj]
C:\Program Files\dotnet\sdk\10.0.201\Microsoft.Common.CurrentVersion.targets(2451,5): warning MSB3277:             InfragisticsWPF4.DataPresenter.v15.1 [C:\Users\ultra\warewolf\Dev\Dev2.Studio\Dev2.Studio.csproj]
C:\Program Files\dotnet\sdk\10.0.201\Microsoft.Common.CurrentVersion.targets(2451,5): warning MSB3277:         C:\Users\ultra\warewolf\Dev\Binaries\Infragistcs_Net6\InfragisticsWPF4.Math.Calculators.v15.1.dll [C:\Users\ultra\warewolf\Dev\Dev2.Studio\Dev2.Studio.csproj]
C:\Program Files\dotnet\sdk\10.0.201\Microsoft.Common.CurrentVersion.targets(2451,5): warning MSB3277:           Project file item includes which caused reference "C:\Users\ultra\warewolf\Dev\Binaries\Infragistcs_Net6\InfragisticsWPF4.Math.Calculators.v15.1.dll". [C:\Users\ultra\warewolf\Dev\Dev2.Studio\Dev2.Studio.csproj]
C:\Program Files\dotnet\sdk\10.0.201\Microsoft.Common.CurrentVersion.targets(2451,5): warning MSB3277:             InfragisticsWPF4.Math.Calculators.v15.1, Version=15.1.20151.2055, Culture=neutral, PublicKeyToken=7dd5c3163f2cd0cb, processorArchitecture=MSIL [C:\Users\ultra\warewolf\Dev\Dev2.Studio\Dev2.Studio.csproj]
C:\Program Files\dotnet\sdk\10.0.201\Microsoft.Common.CurrentVersion.targets(2451,5): warning MSB3277:         C:\Users\ultra\warewolf\Dev\Binaries\Infragistcs_Net6\InfragisticsWPF4.v15.1.dll [C:\Users\ultra\warewolf\Dev\Dev2.Studio\Dev2.Studio.csproj]
C:\Program Files\dotnet\sdk\10.0.201\Microsoft.Common.CurrentVersion.targets(2451,5): warning MSB3277:           Project file item includes which caused reference "C:\Users\ultra\warewolf\Dev\Binaries\Infragistcs_Net6\InfragisticsWPF4.v15.1.dll". [C:\Users\ultra\warewolf\Dev\Dev2.Studio\Dev2.Studio.csproj]
C:\Program Files\dotnet\sdk\10.0.201\Microsoft.Common.CurrentVersion.targets(2451,5): warning MSB3277:             InfragisticsWPF4.v15.1, Version=15.1.20151.2055, Culture=neutral, PublicKeyToken=7dd5c3163f2cd0cb, processorArchitecture=MSIL [C:\Users\ultra\warewolf\Dev\Dev2.Studio\Dev2.Studio.csproj]
C:\Program Files\dotnet\sdk\10.0.201\Microsoft.Common.CurrentVersion.targets(2451,5): warning MSB3277:             InfragisticsWPF4.Controls.Editors.XamComboEditor.v15.1, Version=15.1.20151.2055, Culture=neutral, processorArchitecture=MSIL [C:\Users\ultra\warewolf\Dev\Dev2.Studio\Dev2.Studio.csproj]
C:\Program Files\dotnet\sdk\10.0.201\Microsoft.Common.CurrentVersion.targets(2451,5): warning MSB3277:             InfragisticsWPF4.Controls.Grids.XamGrid.v15.1, Version=15.1.20151.2055, Culture=neutral, PublicKeyToken=7dd5c3163f2cd0cb, processorArchitecture=MSIL [C:\Users\ultra\warewolf\Dev\Dev2.Studio\Dev2.Studio.csproj]
C:\Program Files\dotnet\sdk\10.0.201\Microsoft.Common.CurrentVersion.targets(2451,5): warning MSB3277:             CalculationManager.WPF [C:\Users\ultra\warewolf\Dev\Dev2.Studio\Dev2.Studio.csproj]
C:\Program Files\dotnet\sdk\10.0.201\Microsoft.Common.CurrentVersion.targets(2451,5): warning MSB3277:             InfragisticsWPF4.Controls.Interactions.XamDialogWindow.v15.1, Version=15.1.20151.2055, Culture=neutral, PublicKeyToken=7dd5c3163f2cd0cb, processorArchitecture=MSIL [C:\Users\ultra\warewolf\Dev\Dev2.Studio\Dev2.Studio.csproj]
C:\Program Files\dotnet\sdk\10.0.201\Microsoft.Common.CurrentVersion.targets(2451,5): warning MSB3277:             InfragisticsWPF4.Controls.Maps.XamNetworkNode.v15.1, Version=15.1.20151.2055, Culture=neutral, PublicKeyToken=7dd5c3163f2cd0cb, processorArchitecture=MSIL [C:\Users\ultra\warewolf\Dev\Dev2.Studio\Dev2.Studio.csproj]
C:\Program Files\dotnet\sdk\10.0.201\Microsoft.Common.CurrentVersion.targets(2451,5): warning MSB3277:             InfragisticsWPF4.Controls.Menus.XamDataTree.v15.1, Version=15.1.20151.2055, Culture=neutral, processorArchitecture=MSIL [C:\Users\ultra\warewolf\Dev\Dev2.Studio\Dev2.Studio.csproj]
C:\Program Files\dotnet\sdk\10.0.201\Microsoft.Common.CurrentVersion.targets(2451,5): warning MSB3277:             InfragisticsWPF4.Controls.Menus.XamMenu.v15.1, Version=15.1.20151.2055, Culture=neutral, processorArchitecture=MSIL [C:\Users\ultra\warewolf\Dev\Dev2.Studio\Dev2.Studio.csproj]
C:\Program Files\dotnet\sdk\10.0.201\Microsoft.Common.CurrentVersion.targets(2451,5): warning MSB3277:             InfragisticsWPF4.DataManager.v15.1, Version=15.1.20151.2055, Culture=neutral, processorArchitecture=MSIL [C:\Users\ultra\warewolf\Dev\Dev2.Studio\Dev2.Studio.csproj]
C:\Program Files\dotnet\sdk\10.0.201\Microsoft.Common.CurrentVersion.targets(2451,5): warning MSB3277:             InfragisticsWPF4.DataPresenter.v15.1 [C:\Users\ultra\warewolf\Dev\Dev2.Studio\Dev2.Studio.csproj]
C:\Program Files\dotnet\sdk\10.0.201\Microsoft.Common.CurrentVersion.targets(2451,5): warning MSB3277:             InfragisticsWPF4.DataVisualization.v15.1, Version=15.1.20151.2055, Culture=neutral, PublicKeyToken=7dd5c3163f2cd0cb, processorArchitecture=MSIL [C:\Users\ultra\warewolf\Dev\Dev2.Studio\Dev2.Studio.csproj]
C:\Program Files\dotnet\sdk\10.0.201\Microsoft.Common.CurrentVersion.targets(2451,5): warning MSB3277:             InfragisticsWPF4.DockManager.v15.1, Version=15.1.20151.2055, Culture=neutral, PublicKeyToken=7dd5c3163f2cd0cb, processorArchitecture=MSIL [C:\Users\ultra\warewolf\Dev\Dev2.Studio\Dev2.Studio.csproj]
C:\Program Files\dotnet\sdk\10.0.201\Microsoft.Common.CurrentVersion.targets(2451,5): warning MSB3277:             InfragisticsWPF4.Editors.v15.1, Version=15.1.20151.2055, Culture=neutral, processorArchitecture=MSIL [C:\Users\ultra\warewolf\Dev\Dev2.Studio\Dev2.Studio.csproj]
C:\Program Files\dotnet\sdk\10.0.201\Microsoft.Common.CurrentVersion.targets(2451,5): warning MSB3277:             InfragisticsWPF4.Math.Calculators.v15.1, Version=15.1.20151.2055, Culture=neutral, PublicKeyToken=7dd5c3163f2cd0cb, processorArchitecture=MSIL [C:\Users\ultra\warewolf\Dev\Dev2.Studio\Dev2.Studio.csproj]
C:\Program Files\dotnet\sdk\10.0.201\Microsoft.Common.CurrentVersion.targets(2451,5): warning MSB3277:             InfragisticsWPF4.Math.v15.1, Version=15.1.20151.2055, Culture=neutral, PublicKeyToken=7dd5c3163f2cd0cb, processorArchitecture=MSIL [C:\Users\ultra\warewolf\Dev\Dev2.Studio\Dev2.Studio.csproj]
C:\Program Files\dotnet\sdk\10.0.201\Microsoft.Common.CurrentVersion.targets(2451,5): warning MSB3277:         C:\Users\ultra\.nuget\packages\avalonedit\6.3.0.90\lib\net462\ICSharpCode.AvalonEdit.dll [C:\Users\ultra\warewolf\Dev\Dev2.Studio\Dev2.Studio.csproj]
C:\Program Files\dotnet\sdk\10.0.201\Microsoft.Common.CurrentVersion.targets(2451,5): warning MSB3277:           Project file item includes which caused reference "C:\Users\ultra\.nuget\packages\avalonedit\6.3.0.90\lib\net462\ICSharpCode.AvalonEdit.dll". [C:\Users\ultra\warewolf\Dev\Dev2.Studio\Dev2.Studio.csproj]
C:\Program Files\dotnet\sdk\10.0.201\Microsoft.Common.CurrentVersion.targets(2451,5): warning MSB3277:             C:\Users\ultra\.nuget\packages\avalonedit\6.3.0.90\lib\net462\ICSharpCode.AvalonEdit.dll [C:\Users\ultra\warewolf\Dev\Dev2.Studio\Dev2.Studio.csproj]
C:\Program Files\dotnet\sdk\10.0.201\Microsoft.Common.CurrentVersion.targets(2451,5): warning MSB3277:         C:\Users\ultra\.nuget\packages\caliburn.micro\4.0.212\lib\netcoreapp3.1\Caliburn.Micro.Platform.dll [C:\Users\ultra\warewolf\Dev\Dev2.Studio\Dev2.Studio.csproj]
C:\Program Files\dotnet\sdk\10.0.201\Microsoft.Common.CurrentVersion.targets(2451,5): warning MSB3277:           Project file item includes which caused reference "C:\Users\ultra\.nuget\packages\caliburn.micro\4.0.212\lib\netcoreapp3.1\Caliburn.Micro.Platform.dll". [C:\Users\ultra\warewolf\Dev\Dev2.Studio\Dev2.Studio.csproj]
C:\Program Files\dotnet\sdk\10.0.201\Microsoft.Common.CurrentVersion.targets(2451,5): warning MSB3277:             C:\Users\ultra\.nuget\packages\caliburn.micro\4.0.212\lib\netcoreapp3.1\Caliburn.Micro.Platform.dll [C:\Users\ultra\warewolf\Dev\Dev2.Studio\Dev2.Studio.csproj]
C:\Program Files\dotnet\sdk\10.0.201\Microsoft.Common.CurrentVersion.targets(2451,5): warning MSB3277:         C:\Users\ultra\.nuget\packages\extended.wpf.toolkit\4.4.0\lib\net5.0\Xceed.Wpf.AvalonDock.NET5.dll [C:\Users\ultra\warewolf\Dev\Dev2.Studio\Dev2.Studio.csproj]
C:\Program Files\dotnet\sdk\10.0.201\Microsoft.Common.CurrentVersion.targets(2451,5): warning MSB3277:           Project file item includes which caused reference "C:\Users\ultra\.nuget\packages\extended.wpf.toolkit\4.4.0\lib\net5.0\Xceed.Wpf.AvalonDock.NET5.dll". [C:\Users\ultra\warewolf\Dev\Dev2.Studio\Dev2.Studio.csproj]
C:\Program Files\dotnet\sdk\10.0.201\Microsoft.Common.CurrentVersion.targets(2451,5): warning MSB3277:             C:\Users\ultra\.nuget\packages\extended.wpf.toolkit\4.4.0\lib\net5.0\Xceed.Wpf.AvalonDock.NET5.dll [C:\Users\ultra\warewolf\Dev\Dev2.Studio\Dev2.Studio.csproj]
C:\Program Files\dotnet\sdk\10.0.201\Microsoft.Common.CurrentVersion.targets(2451,5): warning MSB3277:             C:\Users\ultra\.nuget\packages\extended.wpf.toolkit\4.4.0\lib\net5.0\Xceed.Wpf.AvalonDock.Themes.Aero.NET5.dll [C:\Users\ultra\warewolf\Dev\Dev2.Studio\Dev2.Studio.csproj]
C:\Program Files\dotnet\sdk\10.0.201\Microsoft.Common.CurrentVersion.targets(2451,5): warning MSB3277:             C:\Users\ultra\.nuget\packages\extended.wpf.toolkit\4.4.0\lib\net5.0\Xceed.Wpf.AvalonDock.Themes.Metro.NET5.dll [C:\Users\ultra\warewolf\Dev\Dev2.Studio\Dev2.Studio.csproj]
C:\Program Files\dotnet\sdk\10.0.201\Microsoft.Common.CurrentVersion.targets(2451,5): warning MSB3277:             C:\Users\ultra\.nuget\packages\extended.wpf.toolkit\4.4.0\lib\net5.0\Xceed.Wpf.AvalonDock.Themes.VS2010.NET5.dll [C:\Users\ultra\warewolf\Dev\Dev2.Studio\Dev2.Studio.csproj]
C:\Program Files\dotnet\sdk\10.0.201\Microsoft.Common.CurrentVersion.targets(2451,5): warning MSB3277:         C:\Users\ultra\.nuget\packages\extended.wpf.toolkit\4.4.0\lib\net5.0\Xceed.Wpf.AvalonDock.Themes.Aero.NET5.dll [C:\Users\ultra\warewolf\Dev\Dev2.Studio\Dev2.Studio.csproj]
C:\Program Files\dotnet\sdk\10.0.201\Microsoft.Common.CurrentVersion.targets(2451,5): warning MSB3277:           Project file item includes which caused reference "C:\Users\ultra\.nuget\packages\extended.wpf.toolkit\4.4.0\lib\net5.0\Xceed.Wpf.AvalonDock.Themes.Aero.NET5.dll". [C:\Users\ultra\warewolf\Dev\Dev2.Studio\Dev2.Studio.csproj]
C:\Program Files\dotnet\sdk\10.0.201\Microsoft.Common.CurrentVersion.targets(2451,5): warning MSB3277:             C:\Users\ultra\.nuget\packages\extended.wpf.toolkit\4.4.0\lib\net5.0\Xceed.Wpf.AvalonDock.Themes.Aero.NET5.dll [C:\Users\ultra\warewolf\Dev\Dev2.Studio\Dev2.Studio.csproj]
C:\Program Files\dotnet\sdk\10.0.201\Microsoft.Common.CurrentVersion.targets(2451,5): warning MSB3277:         C:\Users\ultra\.nuget\packages\extended.wpf.toolkit\4.4.0\lib\net5.0\Xceed.Wpf.Toolkit.NET5.dll [C:\Users\ultra\warewolf\Dev\Dev2.Studio\Dev2.Studio.csproj]
C:\Program Files\dotnet\sdk\10.0.201\Microsoft.Common.CurrentVersion.targets(2451,5): warning MSB3277:           Project file item includes which caused reference "C:\Users\ultra\.nuget\packages\extended.wpf.toolkit\4.4.0\lib\net5.0\Xceed.Wpf.Toolkit.NET5.dll". [C:\Users\ultra\warewolf\Dev\Dev2.Studio\Dev2.Studio.csproj]
C:\Program Files\dotnet\sdk\10.0.201\Microsoft.Common.CurrentVersion.targets(2451,5): warning MSB3277:             C:\Users\ultra\.nuget\packages\extended.wpf.toolkit\4.4.0\lib\net5.0\Xceed.Wpf.Toolkit.NET5.dll [C:\Users\ultra\warewolf\Dev\Dev2.Studio\Dev2.Studio.csproj]
C:\Program Files\dotnet\sdk\10.0.201\Microsoft.Common.CurrentVersion.targets(2451,5): warning MSB3277:         C:\Users\ultra\.nuget\packages\fontawesome.wpf\4.7.0.9\lib\net40\FontAwesome.WPF.dll [C:\Users\ultra\warewolf\Dev\Dev2.Studio\Dev2.Studio.csproj]
C:\Program Files\dotnet\sdk\10.0.201\Microsoft.Common.CurrentVersion.targets(2451,5): warning MSB3277:           Project file item includes which caused reference "C:\Users\ultra\.nuget\packages\fontawesome.wpf\4.7.0.9\lib\net40\FontAwesome.WPF.dll". [C:\Users\ultra\warewolf\Dev\Dev2.Studio\Dev2.Studio.csproj]
C:\Program Files\dotnet\sdk\10.0.201\Microsoft.Common.CurrentVersion.targets(2451,5): warning MSB3277:             C:\Users\ultra\.nuget\packages\fontawesome.wpf\4.7.0.9\lib\net40\FontAwesome.WPF.dll [C:\Users\ultra\warewolf\Dev\Dev2.Studio\Dev2.Studio.csproj]
C:\Program Files\dotnet\sdk\10.0.201\Microsoft.Common.CurrentVersion.targets(2451,5): warning MSB3277:         C:\Users\ultra\.nuget\packages\ironpython\3.4.0\lib\net6.0\IronPython.Wpf.dll [C:\Users\ultra\warewolf\Dev\Dev2.Studio\Dev2.Studio.csproj]
C:\Program Files\dotnet\sdk\10.0.201\Microsoft.Common.CurrentVersion.targets(2451,5): warning MSB3277:           Project file item includes which caused reference "C:\Users\ultra\.nuget\packages\ironpython\3.4.0\lib\net6.0\IronPython.Wpf.dll". [C:\Users\ultra\warewolf\Dev\Dev2.Studio\Dev2.Studio.csproj]
C:\Program Files\dotnet\sdk\10.0.201\Microsoft.Common.CurrentVersion.targets(2451,5): warning MSB3277:             C:\Users\ultra\.nuget\packages\ironpython\3.4.0\lib\net6.0\IronPython.Wpf.dll [C:\Users\ultra\warewolf\Dev\Dev2.Studio\Dev2.Studio.csproj]
C:\Program Files\dotnet\sdk\10.0.201\Microsoft.Common.CurrentVersion.targets(2451,5): warning MSB3277:         C:\Users\ultra\.nuget\packages\microsoft.xaml.behaviors.wpf\1.1.122\lib\net462\Microsoft.Xaml.Behaviors.dll [C:\Users\ultra\warewolf\Dev\Dev2.Studio\Dev2.Studio.csproj]
C:\Program Files\dotnet\sdk\10.0.201\Microsoft.Common.CurrentVersion.targets(2451,5): warning MSB3277:           Project file item includes which caused reference "C:\Users\ultra\.nuget\packages\microsoft.xaml.behaviors.wpf\1.1.122\lib\net462\Microsoft.Xaml.Behaviors.dll". [C:\Users\ultra\warewolf\Dev\Dev2.Studio\Dev2.Studio.csproj]
C:\Program Files\dotnet\sdk\10.0.201\Microsoft.Common.CurrentVersion.targets(2451,5): warning MSB3277:             C:\Users\ultra\.nuget\packages\microsoft.xaml.behaviors.wpf\1.1.122\lib\net462\Microsoft.Xaml.Behaviors.dll [C:\Users\ultra\warewolf\Dev\Dev2.Studio\Dev2.Studio.csproj]
C:\Program Files\dotnet\sdk\10.0.201\Microsoft.Common.CurrentVersion.targets(2451,5): warning MSB3277:             C:\Users\ultra\.nuget\packages\caliburn.micro\4.0.212\lib\netcoreapp3.1\Caliburn.Micro.Platform.dll [C:\Users\ultra\warewolf\Dev\Dev2.Studio\Dev2.Studio.csproj]
C:\Program Files\dotnet\sdk\10.0.201\Microsoft.Common.CurrentVersion.targets(2451,5): warning MSB3277:             C:\Users\ultra\.nuget\packages\prism.wpf\9.0.537\lib\net462\Prism.Wpf.dll [C:\Users\ultra\warewolf\Dev\Dev2.Studio\Dev2.Studio.csproj]
C:\Program Files\dotnet\sdk\10.0.201\Microsoft.Common.CurrentVersion.targets(2451,5): warning MSB3277:         C:\Users\ultra\.nuget\packages\prism.composition\5.0.0\lib\NET45\Microsoft.Practices.Prism.Composition.dll [C:\Users\ultra\warewolf\Dev\Dev2.Studio\Dev2.Studio.csproj]
C:\Program Files\dotnet\sdk\10.0.201\Microsoft.Common.CurrentVersion.targets(2451,5): warning MSB3277:           Project file item includes which caused reference "C:\Users\ultra\.nuget\packages\prism.composition\5.0.0\lib\NET45\Microsoft.Practices.Prism.Composition.dll". [C:\Users\ultra\warewolf\Dev\Dev2.Studio\Dev2.Studio.csproj]
C:\Program Files\dotnet\sdk\10.0.201\Microsoft.Common.CurrentVersion.targets(2451,5): warning MSB3277:             C:\Users\ultra\.nuget\packages\prism.composition\5.0.0\lib\NET45\Microsoft.Practices.Prism.Composition.dll [C:\Users\ultra\warewolf\Dev\Dev2.Studio\Dev2.Studio.csproj]
C:\Program Files\dotnet\sdk\10.0.201\Microsoft.Common.CurrentVersion.targets(2451,5): warning MSB3277:             C:\Users\ultra\.nuget\packages\prism.unityextensions\5.0.1\lib\NET45\Microsoft.Practices.Prism.UnityExtensions.dll [C:\Users\ultra\warewolf\Dev\Dev2.Studio\Dev2.Studio.csproj]
C:\Program Files\dotnet\sdk\10.0.201\Microsoft.Common.CurrentVersion.targets(2451,5): warning MSB3277:         C:\Users\ultra\.nuget\packages\prism.interactivity\5.0.0\lib\NET45\Microsoft.Practices.Prism.Interactivity.dll [C:\Users\ultra\warewolf\Dev\Dev2.Studio\Dev2.Studio.csproj]
C:\Program Files\dotnet\sdk\10.0.201\Microsoft.Common.CurrentVersion.targets(2451,5): warning MSB3277:           Project file item includes which caused reference "C:\Users\ultra\.nuget\packages\prism.interactivity\5.0.0\lib\NET45\Microsoft.Practices.Prism.Interactivity.dll". [C:\Users\ultra\warewolf\Dev\Dev2.Studio\Dev2.Studio.csproj]
C:\Program Files\dotnet\sdk\10.0.201\Microsoft.Common.CurrentVersion.targets(2451,5): warning MSB3277:             C:\Users\ultra\.nuget\packages\prism.interactivity\5.0.0\lib\NET45\Microsoft.Practices.Prism.Interactivity.dll [C:\Users\ultra\warewolf\Dev\Dev2.Studio\Dev2.Studio.csproj]
C:\Program Files\dotnet\sdk\10.0.201\Microsoft.Common.CurrentVersion.targets(2451,5): warning MSB3277:         C:\Users\ultra\.nuget\packages\prism.mvvm\1.0.0\lib\net45\Microsoft.Practices.Prism.Mvvm.Desktop.dll [C:\Users\ultra\warewolf\Dev\Dev2.Studio\Dev2.Studio.csproj]
C:\Program Files\dotnet\sdk\10.0.201\Microsoft.Common.CurrentVersion.targets(2451,5): warning MSB3277:           Project file item includes which caused reference "C:\Users\ultra\.nuget\packages\prism.mvvm\1.0.0\lib\net45\Microsoft.Practices.Prism.Mvvm.Desktop.dll". [C:\Users\ultra\warewolf\Dev\Dev2.Studio\Dev2.Studio.csproj]
C:\Program Files\dotnet\sdk\10.0.201\Microsoft.Common.CurrentVersion.targets(2451,5): warning MSB3277:             C:\Users\ultra\.nuget\packages\prism.mvvm\1.0.0\lib\net45\Microsoft.Practices.Prism.Mvvm.Desktop.dll [C:\Users\ultra\warewolf\Dev\Dev2.Studio\Dev2.Studio.csproj]
C:\Program Files\dotnet\sdk\10.0.201\Microsoft.Common.CurrentVersion.targets(2451,5): warning MSB3277:         C:\Users\ultra\.nuget\packages\prism.unityextensions\5.0.1\lib\NET45\Microsoft.Practices.Prism.UnityExtensions.dll [C:\Users\ultra\warewolf\Dev\Dev2.Studio\Dev2.Studio.csproj]
C:\Program Files\dotnet\sdk\10.0.201\Microsoft.Common.CurrentVersion.targets(2451,5): warning MSB3277:           Project file item includes which caused reference "C:\Users\ultra\.nuget\packages\prism.unityextensions\5.0.1\lib\NET45\Microsoft.Practices.Prism.UnityExtensions.dll". [C:\Users\ultra\warewolf\Dev\Dev2.Studio\Dev2.Studio.csproj]
C:\Program Files\dotnet\sdk\10.0.201\Microsoft.Common.CurrentVersion.targets(2451,5): warning MSB3277:             C:\Users\ultra\.nuget\packages\prism.unityextensions\5.0.1\lib\NET45\Microsoft.Practices.Prism.UnityExtensions.dll [C:\Users\ultra\warewolf\Dev\Dev2.Studio\Dev2.Studio.csproj]
C:\Program Files\dotnet\sdk\10.0.201\Microsoft.Common.CurrentVersion.targets(2451,5): warning MSB3277:         C:\Users\ultra\.nuget\packages\prism.wpf\9.0.537\lib\net462\Prism.Wpf.dll [C:\Users\ultra\warewolf\Dev\Dev2.Studio\Dev2.Studio.csproj]
C:\Program Files\dotnet\sdk\10.0.201\Microsoft.Common.CurrentVersion.targets(2451,5): warning MSB3277:           Project file item includes which caused reference "C:\Users\ultra\.nuget\packages\prism.wpf\9.0.537\lib\net462\Prism.Wpf.dll". [C:\Users\ultra\warewolf\Dev\Dev2.Studio\Dev2.Studio.csproj]
C:\Program Files\dotnet\sdk\10.0.201\Microsoft.Common.CurrentVersion.targets(2451,5): warning MSB3277:             C:\Users\ultra\.nuget\packages\prism.wpf\9.0.537\lib\net462\Prism.Wpf.dll [C:\Users\ultra\warewolf\Dev\Dev2.Studio\Dev2.Studio.csproj]
C:\Program Files\dotnet\sdk\10.0.201\Microsoft.Common.CurrentVersion.targets(2451,5): warning MSB3277:         C:\Users\ultra\.nuget\packages\reactiveui.wpf\18.4.1\lib\net462\ReactiveUI.Wpf.dll [C:\Users\ultra\warewolf\Dev\Dev2.Studio\Dev2.Studio.csproj]
C:\Program Files\dotnet\sdk\10.0.201\Microsoft.Common.CurrentVersion.targets(2451,5): warning MSB3277:           Project file item includes which caused reference "C:\Users\ultra\.nuget\packages\reactiveui.wpf\18.4.1\lib\net462\ReactiveUI.Wpf.dll". [C:\Users\ultra\warewolf\Dev\Dev2.Studio\Dev2.Studio.csproj]
C:\Program Files\dotnet\sdk\10.0.201\Microsoft.Common.CurrentVersion.targets(2451,5): warning MSB3277:             C:\Users\ultra\.nuget\packages\reactiveui.wpf\18.4.1\lib\net462\ReactiveUI.Wpf.dll [C:\Users\ultra\warewolf\Dev\Dev2.Studio\Dev2.Studio.csproj]
C:\Program Files\dotnet\sdk\10.0.201\Microsoft.Common.CurrentVersion.targets(2451,5): warning MSB3277: Found conflicts between different versions of "System.Drawing.Common" that could not be resolved. [C:\Users\ultra\warewolf\Dev\Dev2.Studio\Dev2.Studio.csproj]
C:\Program Files\dotnet\sdk\10.0.201\Microsoft.Common.CurrentVersion.targets(2451,5): warning MSB3277: There was a conflict between "System.Drawing.Common, Version=6.0.0.0, Culture=neutral, PublicKeyToken=cc7b13ffcd2ddd51" and "System.Drawing.Common, Version=8.0.0.0, Culture=neutral, PublicKeyToken=cc7b13ffcd2ddd51". [C:\Users\ultra\warewolf\Dev\Dev2.Studio\Dev2.Studio.csproj]
C:\Program Files\dotnet\sdk\10.0.201\Microsoft.Common.CurrentVersion.targets(2451,5): warning MSB3277:     "System.Drawing.Common, Version=6.0.0.0, Culture=neutral, PublicKeyToken=cc7b13ffcd2ddd51" was chosen because it was primary and "System.Drawing.Common, Version=8.0.0.0, Culture=neutral, PublicKeyToken=cc7b13ffcd2ddd51" was not. [C:\Users\ultra\warewolf\Dev\Dev2.Studio\Dev2.Studio.csproj]
C:\Program Files\dotnet\sdk\10.0.201\Microsoft.Common.CurrentVersion.targets(2451,5): warning MSB3277:     References which depend on "System.Drawing.Common, Version=6.0.0.0, Culture=neutral, PublicKeyToken=cc7b13ffcd2ddd51" [C:\Users\ultra\.nuget\packages\system.drawing.common\6.0.0\lib\net6.0\System.Drawing.Common.dll]. [C:\Users\ultra\warewolf\Dev\Dev2.Studio\Dev2.Studio.csproj]
C:\Program Files\dotnet\sdk\10.0.201\Microsoft.Common.CurrentVersion.targets(2451,5): warning MSB3277:         C:\Users\ultra\.nuget\packages\system.drawing.common\6.0.0\lib\net6.0\System.Drawing.Common.dll [C:\Users\ultra\warewolf\Dev\Dev2.Studio\Dev2.Studio.csproj]
C:\Program Files\dotnet\sdk\10.0.201\Microsoft.Common.CurrentVersion.targets(2451,5): warning MSB3277:           Project file item includes which caused reference "C:\Users\ultra\.nuget\packages\system.drawing.common\6.0.0\lib\net6.0\System.Drawing.Common.dll". [C:\Users\ultra\warewolf\Dev\Dev2.Studio\Dev2.Studio.csproj]
C:\Program Files\dotnet\sdk\10.0.201\Microsoft.Common.CurrentVersion.targets(2451,5): warning MSB3277:             C:\Users\ultra\.nuget\packages\system.drawing.common\6.0.0\lib\net6.0\System.Drawing.Common.dll [C:\Users\ultra\warewolf\Dev\Dev2.Studio\Dev2.Studio.csproj]
C:\Program Files\dotnet\sdk\10.0.201\Microsoft.Common.CurrentVersion.targets(2451,5): warning MSB3277:     References which depend on or have been unified to "System.Drawing.Common, Version=8.0.0.0, Culture=neutral, PublicKeyToken=cc7b13ffcd2ddd51" []. [C:\Users\ultra\warewolf\Dev\Dev2.Studio\Dev2.Studio.csproj]
C:\Program Files\dotnet\sdk\10.0.201\Microsoft.Common.CurrentVersion.targets(2451,5): warning MSB3277:         C:\Users\ultra\.nuget\packages\servicestack\6.3.0\lib\net6.0\ServiceStack.dll [C:\Users\ultra\warewolf\Dev\Dev2.Studio\Dev2.Studio.csproj]
C:\Program Files\dotnet\sdk\10.0.201\Microsoft.Common.CurrentVersion.targets(2451,5): warning MSB3277:           Project file item includes which caused reference "C:\Users\ultra\.nuget\packages\servicestack\6.3.0\lib\net6.0\ServiceStack.dll". [C:\Users\ultra\warewolf\Dev\Dev2.Studio\Dev2.Studio.csproj]
C:\Program Files\dotnet\sdk\10.0.201\Microsoft.Common.CurrentVersion.targets(2451,5): warning MSB3277:             C:\Users\ultra\.nuget\packages\servicestack\6.3.0\lib\net6.0\ServiceStack.dll [C:\Users\ultra\warewolf\Dev\Dev2.Studio\Dev2.Studio.csproj]
C:\Program Files\dotnet\sdk\10.0.201\Microsoft.Common.CurrentVersion.targets(2451,5): warning MSB3277:         C:\Users\ultra\.nuget\packages\system.windows.extensions\8.0.0\lib\net8.0\System.Windows.Extensions.dll [C:\Users\ultra\warewolf\Dev\Dev2.Studio\Dev2.Studio.csproj]
C:\Program Files\dotnet\sdk\10.0.201\Microsoft.Common.CurrentVersion.targets(2451,5): warning MSB3277:           Project file item includes which caused reference "C:\Users\ultra\.nuget\packages\system.windows.extensions\8.0.0\lib\net8.0\System.Windows.Extensions.dll". [C:\Users\ultra\warewolf\Dev\Dev2.Studio\Dev2.Studio.csproj]
C:\Program Files\dotnet\sdk\10.0.201\Microsoft.Common.CurrentVersion.targets(2451,5): warning MSB3277:             C:\Users\ultra\.nuget\packages\system.windows.extensions\8.0.0\lib\net8.0\System.Windows.Extensions.dll [C:\Users\ultra\warewolf\Dev\Dev2.Studio\Dev2.Studio.csproj]
C:\Program Files\dotnet\sdk\10.0.201\Microsoft.Common.CurrentVersion.targets(2451,5): warning MSB3277:             InfragisticsWPF4.Editors.v15.1, Version=15.1.20151.2055, Culture=neutral, processorArchitecture=MSIL [C:\Users\ultra\warewolf\Dev\Dev2.Studio\Dev2.Studio.csproj]
C:\Program Files\dotnet\sdk\10.0.201\Microsoft.Common.CurrentVersion.targets(2451,5): warning MSB3277:             InfragisticsWPF4.DataPresenter.v15.1 [C:\Users\ultra\warewolf\Dev\Dev2.Studio\Dev2.Studio.csproj]
C:\Program Files\dotnet\sdk\10.0.201\Microsoft.Common.CurrentVersion.targets(2451,5): warning MSB3277:             C:\Users\ultra\.nuget\packages\extended.wpf.toolkit\4.4.0\lib\net5.0\Xceed.Wpf.Toolkit.NET5.dll [C:\Users\ultra\warewolf\Dev\Dev2.Studio\Dev2.Studio.csproj]
C:\Program Files\dotnet\sdk\10.0.201\Microsoft.Common.CurrentVersion.targets(2451,5): warning MSB3277:             C:\Users\ultra\.nuget\packages\system.security.permissions\8.0.0\lib\net8.0\System.Security.Permissions.dll [C:\Users\ultra\warewolf\Dev\Dev2.Studio\Dev2.Studio.csproj]
C:\Program Files\dotnet\sdk\10.0.201\Microsoft.Common.CurrentVersion.targets(2451,5): warning MSB3277:             C:\Users\ultra\warewolf\Dev\Dev2.Data\bin\Debug\net8.0\Dev2.Data.dll [C:\Users\ultra\warewolf\Dev\Dev2.Studio\Dev2.Studio.csproj]
C:\Program Files\dotnet\sdk\10.0.201\Microsoft.Common.CurrentVersion.targets(2451,5): warning MSB3277:             C:\Users\ultra\warewolf\Dev\Dev2.Activities\bin\Debug\net8.0\Dev2.Activities.dll [C:\Users\ultra\warewolf\Dev\Dev2.Studio\Dev2.Studio.csproj]
C:\Program Files\dotnet\sdk\10.0.201\Microsoft.Common.CurrentVersion.targets(2451,5): warning MSB3277:             C:\Users\ultra\warewolf\Dev\Dev2.Core\bin\Debug\net8.0\Dev2.Core.dll [C:\Users\ultra\warewolf\Dev\Dev2.Studio\Dev2.Studio.csproj]
C:\Program Files\dotnet\sdk\10.0.201\Microsoft.Common.CurrentVersion.targets(2451,5): warning MSB3277:             C:\Users\ultra\warewolf\Dev\Dev2.Intellisense\bin\Debug\net8.0\Dev2.Intellisense.dll [C:\Users\ultra\warewolf\Dev\Dev2.Studio\Dev2.Studio.csproj]
C:\Program Files\dotnet\sdk\10.0.201\Microsoft.Common.CurrentVersion.targets(2451,5): warning MSB3277:             C:\Users\ultra\warewolf\Dev\Dev2.Scheduler\bin\Debug\net8.0\Dev2.Scheduler.dll [C:\Users\ultra\warewolf\Dev\Dev2.Studio\Dev2.Studio.csproj]
C:\Program Files\dotnet\sdk\10.0.201\Microsoft.Common.CurrentVersion.targets(2451,5): warning MSB3277:             C:\Users\ultra\warewolf\Dev\Dev2.Services.Execution\bin\Debug\net8.0\Dev2.Services.Execution.dll [C:\Users\ultra\warewolf\Dev\Dev2.Studio\Dev2.Studio.csproj]
C:\Program Files\dotnet\sdk\10.0.201\Microsoft.Common.CurrentVersion.targets(2451,5): warning MSB3277:             C:\Users\ultra\warewolf\Dev\Dev2.Studio.Core\bin\Debug\net8.0\Dev2.Studio.Core.dll [C:\Users\ultra\warewolf\Dev\Dev2.Studio\Dev2.Studio.csproj]
C:\Program Files\dotnet\sdk\10.0.201\Microsoft.Common.CurrentVersion.targets(2451,5): warning MSB3277:             C:\Users\ultra\warewolf\Dev\Dev2.Studio.Interfaces\bin\Debug\net8.0\Dev2.Studio.Interfaces.dll [C:\Users\ultra\warewolf\Dev\Dev2.Studio\Dev2.Studio.csproj]
C:\Program Files\dotnet\sdk\10.0.201\Microsoft.Common.CurrentVersion.targets(2451,5): warning MSB3277:             C:\Users\ultra\warewolf\Dev\Warewolf.Core\bin\Debug\net8.0\Warewolf.Core.dll [C:\Users\ultra\warewolf\Dev\Dev2.Studio\Dev2.Studio.csproj]
C:\Program Files\dotnet\sdk\10.0.201\Microsoft.Common.CurrentVersion.targets(2451,5): warning MSB3277:             C:\Users\ultra\warewolf\Dev\Warewolf.ResourceManagement\bin\Debug\net8.0\Warewolf.ResourceManagement.dll [C:\Users\ultra\warewolf\Dev\Dev2.Studio\Dev2.Studio.csproj]
C:\Program Files\dotnet\sdk\10.0.201\Microsoft.Common.CurrentVersion.targets(2451,5): warning MSB3277:             C:\Users\ultra\warewolf\Dev\Warewolf.Studio.Core\bin\Debug\net8.0\Warewolf.Studio.Core.dll [C:\Users\ultra\warewolf\Dev\Dev2.Studio\Dev2.Studio.csproj]
C:\Program Files\dotnet\sdk\10.0.201\Microsoft.Common.CurrentVersion.targets(2451,5): warning MSB3277:             C:\Users\ultra\warewolf\Dev\Warewolf.Studio.Models\bin\Debug\net8.0\Warewolf.Studio.Models.dll [C:\Users\ultra\warewolf\Dev\Dev2.Studio\Dev2.Studio.csproj]
C:\Program Files\dotnet\sdk\10.0.201\Microsoft.Common.CurrentVersion.targets(2451,5): warning MSB3277:             C:\Users\ultra\warewolf\Dev\Warewolf.Studio.CustomControls\bin\Debug\net8.0\Warewolf.Studio.CustomControls.dll [C:\Users\ultra\warewolf\Dev\Dev2.Studio\Dev2.Studio.csproj]
C:\Program Files\dotnet\sdk\10.0.201\Microsoft.Common.CurrentVersion.targets(2451,5): warning MSB3277:             C:\Users\ultra\warewolf\Dev\Warewolf.Studio.ViewModels\bin\Debug\net8.0\Warewolf.Studio.ViewModels.dll [C:\Users\ultra\warewolf\Dev\Dev2.Studio\Dev2.Studio.csproj]
C:\Program Files\dotnet\sdk\10.0.201\Microsoft.Common.CurrentVersion.targets(2451,5): warning MSB3277:             C:\Users\ultra\warewolf\Dev\Warewolf.Trigger.Queue\bin\Debug\net8.0\Warewolf.Trigger.Queue.dll [C:\Users\ultra\warewolf\Dev\Dev2.Studio\Dev2.Studio.csproj]
C:\Program Files\dotnet\sdk\10.0.201\Microsoft.Common.CurrentVersion.targets(2451,5): warning MSB3277:             C:\Users\ultra\warewolf\Dev\Warewolf.UI\bin\Debug\net8.0\Warewolf.UI.dll [C:\Users\ultra\warewolf\Dev\Dev2.Studio\Dev2.Studio.csproj]
C:\Program Files\dotnet\sdk\10.0.201\Microsoft.Common.CurrentVersion.targets(2451,5): warning MSB3277:             C:\Users\ultra\warewolf\Dev\Dev2.Runtime.Services\bin\Debug\net8.0\Dev2.Runtime.Services.dll [C:\Users\ultra\warewolf\Dev\Dev2.Studio\Dev2.Studio.csproj]
C:\Program Files\dotnet\sdk\10.0.201\Microsoft.Common.CurrentVersion.targets(2451,5): warning MSB3277:             C:\Users\ultra\warewolf\Dev\Warewolf.Auditing\bin\Debug\net8.0\Warewolf.Auditing.dll [C:\Users\ultra\warewolf\Dev\Dev2.Studio\Dev2.Studio.csproj]
C:\Program Files\dotnet\sdk\10.0.201\Microsoft.Common.CurrentVersion.targets(2451,5): warning MSB3277:             C:\Users\ultra\warewolf\Dev\Warewolf.Common.NetStandard20\bin\Debug\net8.0\Warewolf.Common.NetStandard20.dll [C:\Users\ultra\warewolf\Dev\Dev2.Studio\Dev2.Studio.csproj]
C:\Program Files\dotnet\sdk\10.0.201\Microsoft.Common.CurrentVersion.targets(2451,5): warning MSB3277:             C:\Users\ultra\warewolf\Dev\Warewolf.Driver.Persistence\bin\Debug\net8.0\Warewolf.Driver.Persistence.dll [C:\Users\ultra\warewolf\Dev\Dev2.Studio\Dev2.Studio.csproj]
C:\Program Files\dotnet\sdk\10.0.201\Microsoft.Common.CurrentVersion.targets(2451,5): warning MSB3277:             C:\Users\ultra\warewolf\Dev\Warewolf.Exchange.Email.Wrapper\bin\Debug\net8.0\Warewolf.Exchange.Email.Wrapper.dll [C:\Users\ultra\warewolf\Dev\Dev2.Studio\Dev2.Studio.csproj]
C:\Program Files\dotnet\sdk\10.0.201\Microsoft.Common.CurrentVersion.targets(2451,5): warning MSB3277:             InfragisticsWPF4.DataVisualization.v15.1, Version=15.1.20151.2055, Culture=neutral, PublicKeyToken=7dd5c3163f2cd0cb, processorArchitecture=MSIL [C:\Users\ultra\warewolf\Dev\Dev2.Studio\Dev2.Studio.csproj]
C:\Program Files\dotnet\sdk\10.0.201\Microsoft.Common.CurrentVersion.targets(2451,5): warning MSB3277:             InfragisticsWPF4.Controls.Maps.XamNetworkNode.v15.1, Version=15.1.20151.2055, Culture=neutral, PublicKeyToken=7dd5c3163f2cd0cb, processorArchitecture=MSIL [C:\Users\ultra\warewolf\Dev\Dev2.Studio\Dev2.Studio.csproj]
C:\Program Files\dotnet\sdk\10.0.201\Microsoft.Common.CurrentVersion.targets(2451,5): warning MSB3277:             InfragisticsWPF4.DockManager.v15.1, Version=15.1.20151.2055, Culture=neutral, PublicKeyToken=7dd5c3163f2cd0cb, processorArchitecture=MSIL [C:\Users\ultra\warewolf\Dev\Dev2.Studio\Dev2.Studio.csproj]
C:\Program Files\dotnet\sdk\10.0.201\Microsoft.Common.CurrentVersion.targets(2451,5): warning MSB3277:             InfragisticsWPF4.Math.Calculators.v15.1, Version=15.1.20151.2055, Culture=neutral, PublicKeyToken=7dd5c3163f2cd0cb, processorArchitecture=MSIL [C:\Users\ultra\warewolf\Dev\Dev2.Studio\Dev2.Studio.csproj]
C:\Program Files\dotnet\sdk\10.0.201\Microsoft.Common.CurrentVersion.targets(2451,5): warning MSB3277:             InfragisticsWPF4.v15.1, Version=15.1.20151.2055, Culture=neutral, PublicKeyToken=7dd5c3163f2cd0cb, processorArchitecture=MSIL [C:\Users\ultra\warewolf\Dev\Dev2.Studio\Dev2.Studio.csproj]
C:\Program Files\dotnet\sdk\10.0.201\Microsoft.Common.CurrentVersion.targets(2451,5): warning MSB3277:             InfragisticsWPF4.Controls.Editors.XamComboEditor.v15.1, Version=15.1.20151.2055, Culture=neutral, processorArchitecture=MSIL [C:\Users\ultra\warewolf\Dev\Dev2.Studio\Dev2.Studio.csproj]
C:\Program Files\dotnet\sdk\10.0.201\Microsoft.Common.CurrentVersion.targets(2451,5): warning MSB3277:             InfragisticsWPF4.Controls.Grids.XamGrid.v15.1, Version=15.1.20151.2055, Culture=neutral, PublicKeyToken=7dd5c3163f2cd0cb, processorArchitecture=MSIL [C:\Users\ultra\warewolf\Dev\Dev2.Studio\Dev2.Studio.csproj]
C:\Program Files\dotnet\sdk\10.0.201\Microsoft.Common.CurrentVersion.targets(2451,5): warning MSB3277:             CalculationManager.WPF [C:\Users\ultra\warewolf\Dev\Dev2.Studio\Dev2.Studio.csproj]
C:\Program Files\dotnet\sdk\10.0.201\Microsoft.Common.CurrentVersion.targets(2451,5): warning MSB3277:             InfragisticsWPF4.Controls.Interactions.XamDialogWindow.v15.1, Version=15.1.20151.2055, Culture=neutral, PublicKeyToken=7dd5c3163f2cd0cb, processorArchitecture=MSIL [C:\Users\ultra\warewolf\Dev\Dev2.Studio\Dev2.Studio.csproj]
C:\Program Files\dotnet\sdk\10.0.201\Microsoft.Common.CurrentVersion.targets(2451,5): warning MSB3277:             InfragisticsWPF4.Controls.Menus.XamDataTree.v15.1, Version=15.1.20151.2055, Culture=neutral, processorArchitecture=MSIL [C:\Users\ultra\warewolf\Dev\Dev2.Studio\Dev2.Studio.csproj]
C:\Program Files\dotnet\sdk\10.0.201\Microsoft.Common.CurrentVersion.targets(2451,5): warning MSB3277:             InfragisticsWPF4.Controls.Menus.XamMenu.v15.1, Version=15.1.20151.2055, Culture=neutral, processorArchitecture=MSIL [C:\Users\ultra\warewolf\Dev\Dev2.Studio\Dev2.Studio.csproj]
C:\Program Files\dotnet\sdk\10.0.201\Microsoft.Common.CurrentVersion.targets(2451,5): warning MSB3277:             InfragisticsWPF4.DataManager.v15.1, Version=15.1.20151.2055, Culture=neutral, processorArchitecture=MSIL [C:\Users\ultra\warewolf\Dev\Dev2.Studio\Dev2.Studio.csproj]
C:\Program Files\dotnet\sdk\10.0.201\Microsoft.Common.CurrentVersion.targets(2451,5): warning MSB3277:             InfragisticsWPF4.Math.v15.1, Version=15.1.20151.2055, Culture=neutral, PublicKeyToken=7dd5c3163f2cd0cb, processorArchitecture=MSIL [C:\Users\ultra\warewolf\Dev\Dev2.Studio\Dev2.Studio.csproj]
C:\Program Files\dotnet\sdk\10.0.201\Microsoft.Common.CurrentVersion.targets(2451,5): warning MSB3277:             C:\Users\ultra\.nuget\packages\dotnetzip\1.16.0\lib\netstandard2.0\DotNetZip.dll [C:\Users\ultra\warewolf\Dev\Dev2.Studio\Dev2.Studio.csproj]
C:\Program Files\dotnet\sdk\10.0.201\Microsoft.Common.CurrentVersion.targets(2451,5): warning MSB3277:             C:\Users\ultra\warewolf\Dev\Dev2.Data.Interfaces\bin\Debug\net8.0\Dev2.Data.Interfaces.dll [C:\Users\ultra\warewolf\Dev\Dev2.Studio\Dev2.Studio.csproj]
C:\Program Files\dotnet\sdk\10.0.201\Microsoft.Common.CurrentVersion.targets(2451,5): warning MSB3277:             C:\Users\ultra\warewolf\Dev\Dev2.Diagnostics\bin\Debug\net8.0\Dev2.Diagnostics.dll [C:\Users\ultra\warewolf\Dev\Dev2.Studio\Dev2.Studio.csproj]
C:\Program Files\dotnet\sdk\10.0.201\Microsoft.Common.CurrentVersion.targets(2451,5): warning MSB3277:             C:\Users\ultra\warewolf\Dev\Dev2.Infrastructure\bin\Debug\net8.0\Dev2.Infrastructure.dll [C:\Users\ultra\warewolf\Dev\Dev2.Studio\Dev2.Studio.csproj]
C:\Program Files\dotnet\sdk\10.0.201\Microsoft.Common.CurrentVersion.targets(2451,5): warning MSB3277:             C:\Users\ultra\warewolf\Dev\Dev2.Common\bin\Debug\net8.0\Dev2.Common.dll [C:\Users\ultra\warewolf\Dev\Dev2.Studio\Dev2.Studio.csproj]
C:\Program Files\dotnet\sdk\10.0.201\Microsoft.Common.CurrentVersion.targets(2451,5): warning MSB3277:             C:\Users\ultra\warewolf\Dev\Dev2.TaskScheduler.Wrappers\bin\Debug\net8.0\Dev2.TaskScheduler.Wrappers.dll [C:\Users\ultra\warewolf\Dev\Dev2.Studio\Dev2.Studio.csproj]
C:\Program Files\dotnet\sdk\10.0.201\Microsoft.Common.CurrentVersion.targets(2451,5): warning MSB3277:             C:\Users\ultra\warewolf\Dev\Dev2.Util\bin\Debug\net8.0\Dev2.Util.dll [C:\Users\ultra\warewolf\Dev\Dev2.Studio\Dev2.Studio.csproj]
C:\Program Files\dotnet\sdk\10.0.201\Microsoft.Common.CurrentVersion.targets(2451,5): warning MSB3277:             C:\Users\ultra\warewolf\Dev\Warewolf.Sharepoint\bin\Debug\net8.0\Warewolf.Sharepoint.dll [C:\Users\ultra\warewolf\Dev\Dev2.Studio\Dev2.Studio.csproj]
C:\Program Files\dotnet\sdk\10.0.201\Microsoft.Common.CurrentVersion.targets(2451,5): warning MSB3277:             C:\Users\ultra\warewolf\Dev\Warewolf.Storage\bin\Debug\net8.0\Warewolf.Storage.dll [C:\Users\ultra\warewolf\Dev\Dev2.Studio\Dev2.Studio.csproj]
C:\Program Files\dotnet\sdk\10.0.201\Microsoft.Common.CurrentVersion.targets(2451,5): warning MSB3277:             C:\Users\ultra\warewolf\Dev\Dev2.Development.Languages\bin\Debug\net8.0\Dev2.Development.Languages.dll [C:\Users\ultra\warewolf\Dev\Dev2.Studio\Dev2.Studio.csproj]
C:\Program Files\dotnet\sdk\10.0.201\Microsoft.Common.CurrentVersion.targets(2451,5): warning MSB3277:             C:\Users\ultra\warewolf\Dev\Dev2.Services.Sql\bin\Debug\net8.0\Dev2.Services.Sql.dll [C:\Users\ultra\warewolf\Dev\Dev2.Studio\Dev2.Studio.csproj]
C:\Program Files\dotnet\sdk\10.0.201\Microsoft.Common.CurrentVersion.targets(2451,5): warning MSB3277:             C:\Users\ultra\warewolf\Dev\Warewolf.AI.Harness\bin\Debug\net8.0\Warewolf.AI.Harness.dll [C:\Users\ultra\warewolf\Dev\Dev2.Studio\Dev2.Studio.csproj]
C:\Program Files\dotnet\sdk\10.0.201\Microsoft.Common.CurrentVersion.targets(2451,5): warning MSB3277:             C:\Users\ultra\warewolf\Dev\Warewolf.Driver.Serilog\bin\Debug\net8.0\Warewolf.Driver.Serilog.dll [C:\Users\ultra\warewolf\Dev\Dev2.Studio\Dev2.Studio.csproj]
C:\Program Files\dotnet\sdk\10.0.201\Microsoft.Common.CurrentVersion.targets(2451,5): warning MSB3277:             C:\Users\ultra\.nuget\packages\mindbox.data.linq\5.0.0\lib\netstandard2.0\Mindbox.Data.Linq.dll [C:\Users\ultra\warewolf\Dev\Dev2.Studio\Dev2.Studio.csproj]
C:\Program Files\dotnet\sdk\10.0.201\Microsoft.Common.CurrentVersion.targets(2451,5): warning MSB3277:             C:\Users\ultra\.nuget\packages\mysql.data\8.4.0\lib\net8.0\MySql.Data.dll [C:\Users\ultra\warewolf\Dev\Dev2.Studio\Dev2.Studio.csproj]
C:\Program Files\dotnet\sdk\10.0.201\Microsoft.Common.CurrentVersion.targets(2451,5): warning MSB3277:             C:\Users\ultra\.nuget\packages\oracle.manageddataaccess.core\3.21.70\lib\netstandard2.1\Oracle.ManagedDataAccess.dll [C:\Users\ultra\warewolf\Dev\Dev2.Studio\Dev2.Studio.csproj]
C:\Program Files\dotnet\sdk\10.0.201\Microsoft.Common.CurrentVersion.targets(2451,5): warning MSB3277:             C:\Users\ultra\.nuget\packages\system.directoryservices\6.0.0\lib\net6.0\System.DirectoryServices.dll [C:\Users\ultra\warewolf\Dev\Dev2.Studio\Dev2.Studio.csproj]
C:\Program Files\dotnet\sdk\10.0.201\Microsoft.Common.CurrentVersion.targets(2451,5): warning MSB3277:             C:\Users\ultra\.nuget\packages\corewcf.primitives\1.2.1\lib\netstandard2.0\CoreWCF.Primitives.dll [C:\Users\ultra\warewolf\Dev\Dev2.Studio\Dev2.Studio.csproj]
C:\Program Files\dotnet\sdk\10.0.201\Microsoft.Common.CurrentVersion.targets(2451,5): warning MSB3277:             C:\Users\ultra\.nuget\packages\corewcf.http\1.2.1\lib\netstandard2.0\CoreWCF.Http.dll [C:\Users\ultra\warewolf\Dev\Dev2.Studio\Dev2.Studio.csproj]
C:\Program Files\dotnet\sdk\10.0.201\Microsoft.Common.CurrentVersion.targets(2451,5): warning MSB3277:             C:\Users\ultra\.nuget\packages\corewcf.nettcp\1.2.1\lib\netstandard2.0\CoreWCF.NetTcp.dll [C:\Users\ultra\warewolf\Dev\Dev2.Studio\Dev2.Studio.csproj]
C:\Program Files\dotnet\sdk\10.0.201\Microsoft.Common.CurrentVersion.targets(2451,5): warning MSB3277:             C:\Users\ultra\.nuget\packages\corewcf.webhttp\1.2.1\lib\netstandard2.0\CoreWCF.WebHttp.dll [C:\Users\ultra\warewolf\Dev\Dev2.Studio\Dev2.Studio.csproj]
C:\Program Files\dotnet\sdk\10.0.201\Microsoft.Common.CurrentVersion.targets(2451,5): warning MSB3277:             C:\Program Files\dotnet\packs\Microsoft.NETCore.App.Ref\8.0.25\ref/net8.0/System.Configuration.dll [C:\Users\ultra\warewolf\Dev\Dev2.Studio\Dev2.Studio.csproj]
C:\Program Files\dotnet\sdk\10.0.201\Microsoft.Common.CurrentVersion.targets(2451,5): warning MSB3277:             C:\Users\ultra\.nuget\packages\prism.composition\5.0.0\lib\NET45\Microsoft.Practices.Prism.Composition.dll [C:\Users\ultra\warewolf\Dev\Dev2.Studio\Dev2.Studio.csproj]
C:\Program Files\dotnet\sdk\10.0.201\Microsoft.Common.CurrentVersion.targets(2451,5): warning MSB3277:             C:\Users\ultra\.nuget\packages\prism.unityextensions\5.0.1\lib\NET45\Microsoft.Practices.Prism.UnityExtensions.dll [C:\Users\ultra\warewolf\Dev\Dev2.Studio\Dev2.Studio.csproj]
C:\Program Files\dotnet\sdk\10.0.201\Microsoft.Common.CurrentVersion.targets(2451,5): warning MSB3277:             C:\Users\ultra\.nuget\packages\prism.wpf\9.0.537\lib\net462\Prism.Wpf.dll [C:\Users\ultra\warewolf\Dev\Dev2.Studio\Dev2.Studio.csproj]
C:\Program Files\dotnet\sdk\10.0.201\Microsoft.Common.CurrentVersion.targets(2451,5): warning MSB3277:             C:\Program Files\dotnet\packs\Microsoft.NETCore.App.Ref\8.0.25\ref/net8.0/System.Data.dll [C:\Users\ultra\warewolf\Dev\Dev2.Studio\Dev2.Studio.csproj]
C:\Program Files\dotnet\sdk\10.0.201\Microsoft.Common.CurrentVersion.targets(2451,5): warning MSB3277:             C:\Users\ultra\.nuget\packages\taskschedulereditor\2.10.1\lib\net452\Microsoft.Win32.TaskSchedulerEditor.dll [C:\Users\ultra\warewolf\Dev\Dev2.Studio\Dev2.Studio.csproj]
C:\Program Files\dotnet\sdk\10.0.201\Microsoft.Common.CurrentVersion.targets(2451,5): warning MSB3277:             C:\Program Files\dotnet\packs\Microsoft.NETCore.App.Ref\8.0.25\ref/net8.0/System.Drawing.dll [C:\Users\ultra\warewolf\Dev\Dev2.Studio\Dev2.Studio.csproj]
C:\Program Files\dotnet\sdk\10.0.201\Microsoft.Common.CurrentVersion.targets(2451,5): warning MSB3277:             C:\Users\ultra\.nuget\packages\aerowizard\2.3.1\lib\net45\AeroWizard.dll [C:\Users\ultra\warewolf\Dev\Dev2.Studio\Dev2.Studio.csproj]
C:\Program Files\dotnet\sdk\10.0.201\Microsoft.Common.CurrentVersion.targets(2451,5): warning MSB3277:             C:\Users\ultra\.nuget\packages\avalonedit\6.3.0.90\lib\net462\ICSharpCode.AvalonEdit.dll [C:\Users\ultra\warewolf\Dev\Dev2.Studio\Dev2.Studio.csproj]
C:\Program Files\dotnet\sdk\10.0.201\Microsoft.Common.CurrentVersion.targets(2451,5): warning MSB3277:             C:\Users\ultra\.nuget\packages\groupcontrols\1.9.0\lib\net45\GroupControls.dll [C:\Users\ultra\warewolf\Dev\Dev2.Studio\Dev2.Studio.csproj]
C:\Program Files\dotnet\sdk\10.0.201\Microsoft.Common.CurrentVersion.targets(2451,5): warning MSB3277:             C:\Program Files\dotnet\packs\Microsoft.NETCore.App.Ref\8.0.25\ref/net8.0/System.Net.dll [C:\Users\ultra\warewolf\Dev\Dev2.Studio\Dev2.Studio.csproj]
C:\Program Files\dotnet\sdk\10.0.201\Microsoft.Common.CurrentVersion.targets(2451,5): warning MSB3277:             C:\Program Files\dotnet\packs\Microsoft.NETCore.App.Ref\8.0.25\ref/net8.0/System.Security.dll [C:\Users\ultra\warewolf\Dev\Dev2.Studio\Dev2.Studio.csproj]
C:\Program Files\dotnet\sdk\10.0.201\Microsoft.Common.CurrentVersion.targets(2451,5): warning MSB3277:             C:\Program Files\dotnet\packs\Microsoft.NETCore.App.Ref\8.0.25\ref/net8.0/System.ServiceProcess.dll [C:\Users\ultra\warewolf\Dev\Dev2.Studio\Dev2.Studio.csproj]
C:\Program Files\dotnet\sdk\10.0.201\Microsoft.Common.CurrentVersion.targets(2451,5): warning MSB3277:             C:\Program Files\dotnet\packs\Microsoft.NETCore.App.Ref\8.0.25\ref/net8.0/System.Transactions.dll [C:\Users\ultra\warewolf\Dev\Dev2.Studio\Dev2.Studio.csproj]
C:\Program Files\dotnet\sdk\10.0.201\Microsoft.Common.CurrentVersion.targets(2451,5): warning MSB3277:             C:\Program Files\dotnet\packs\Microsoft.NETCore.App.Ref\8.0.25\ref/net8.0/System.dll [C:\Users\ultra\warewolf\Dev\Dev2.Studio\Dev2.Studio.csproj]
C:\Program Files\dotnet\sdk\10.0.201\Microsoft.Common.CurrentVersion.targets(2451,5): warning MSB3277:             C:\Users\ultra\.nuget\packages\fontawesome.wpf\4.7.0.9\lib\net40\FontAwesome.WPF.dll [C:\Users\ultra\warewolf\Dev\Dev2.Studio\Dev2.Studio.csproj]
C:\Program Files\dotnet\sdk\10.0.201\Microsoft.Common.CurrentVersion.targets(2451,5): warning MSB3277:             C:\Users\ultra\.nuget\packages\log4net.async\2.0.4\lib\net40\Log4Net.Async.dll [C:\Users\ultra\warewolf\Dev\Dev2.Studio\Dev2.Studio.csproj]
C:\Program Files\dotnet\sdk\10.0.201\Microsoft.Common.CurrentVersion.targets(2451,5): warning MSB3277:             C:\Users\ultra\.nuget\packages\microsoft.xaml.behaviors.wpf\1.1.122\lib\net462\Microsoft.Xaml.Behaviors.dll [C:\Users\ultra\warewolf\Dev\Dev2.Studio\Dev2.Studio.csproj]
C:\Program Files\dotnet\sdk\10.0.201\Microsoft.Common.CurrentVersion.targets(2451,5): warning MSB3277:             C:\Users\ultra\.nuget\packages\caliburn.micro\4.0.212\lib\netcoreapp3.1\Caliburn.Micro.Platform.dll [C:\Users\ultra\warewolf\Dev\Dev2.Studio\Dev2.Studio.csproj]
C:\Program Files\dotnet\sdk\10.0.201\Microsoft.Common.CurrentVersion.targets(2451,5): warning MSB3277:             C:\Users\ultra\.nuget\packages\prism.interactivity\5.0.0\lib\NET45\Microsoft.Practices.Prism.Interactivity.dll [C:\Users\ultra\warewolf\Dev\Dev2.Studio\Dev2.Studio.csproj]
C:\Program Files\dotnet\sdk\10.0.201\Microsoft.Common.CurrentVersion.targets(2451,5): warning MSB3277:             C:\Users\ultra\.nuget\packages\prism.mvvm\1.0.0\lib\net45\Microsoft.Practices.Prism.Mvvm.Desktop.dll [C:\Users\ultra\warewolf\Dev\Dev2.Studio\Dev2.Studio.csproj]
C:\Program Files\dotnet\sdk\10.0.201\Microsoft.Common.CurrentVersion.targets(2451,5): warning MSB3277:             C:\Users\ultra\.nuget\packages\reactiveui.wpf\18.4.1\lib\net462\ReactiveUI.Wpf.dll [C:\Users\ultra\warewolf\Dev\Dev2.Studio\Dev2.Studio.csproj]
C:\Program Files\dotnet\sdk\10.0.201\Microsoft.Common.CurrentVersion.targets(2451,5): warning MSB3277:             C:\Users\ultra\.nuget\packages\ttcue.netcore.sharepointonline.csom.16.1.8029.1200\16.1.8029.1200\lib\netcoreapp2.0\Microsoft.SharePoint.Client.Runtime.Windows.dll [C:\Users\ultra\warewolf\Dev\Dev2.Studio\Dev2.Studio.csproj]
C:\Program Files\dotnet\sdk\10.0.201\Microsoft.Common.CurrentVersion.targets(2451,5): warning MSB3277:             C:\Program Files\dotnet\packs\Microsoft.NETCore.App.Ref\8.0.25\ref/net8.0/WindowsBase.dll [C:\Users\ultra\warewolf\Dev\Dev2.Studio\Dev2.Studio.csproj]
C:\Program Files\dotnet\sdk\10.0.201\Microsoft.Common.CurrentVersion.targets(2451,5): warning MSB3277:             C:\Program Files\dotnet\packs\Microsoft.NETCore.App.Ref\8.0.25\ref/net8.0/mscorlib.dll [C:\Users\ultra\warewolf\Dev\Dev2.Studio\Dev2.Studio.csproj]
C:\Program Files\dotnet\sdk\10.0.201\Microsoft.Common.CurrentVersion.targets(2451,5): warning MSB3277:             C:\Users\ultra\.nuget\packages\hangfire.core\1.7.32\lib\netstandard2.0\Hangfire.Core.dll [C:\Users\ultra\warewolf\Dev\Dev2.Studio\Dev2.Studio.csproj]
C:\Program Files\dotnet\sdk\10.0.201\Microsoft.Common.CurrentVersion.targets(2451,5): warning MSB3277:             C:\Users\ultra\.nuget\packages\hangfire.sqlserver\1.7.32\lib\netstandard2.0\Hangfire.SqlServer.dll [C:\Users\ultra\warewolf\Dev\Dev2.Studio\Dev2.Studio.csproj]
C:\Program Files\dotnet\sdk\10.0.201\Microsoft.Common.CurrentVersion.targets(2451,5): warning MSB3277:             C:\Users\ultra\.nuget\packages\unofficial.microsoft.mshtml\7.0.3300\lib\net40\Microsoft.mshtml.dll [C:\Users\ultra\warewolf\Dev\Dev2.Studio\Dev2.Studio.csproj]
C:\Program Files\dotnet\sdk\10.0.201\Microsoft.Common.CurrentVersion.targets(2451,5): warning MSB3277:         C:\Program Files\dotnet\packs\Microsoft.NETCore.App.Ref\8.0.25\ref\net8.0\System.Drawing.dll [C:\Users\ultra\warewolf\Dev\Dev2.Studio\Dev2.Studio.csproj]
C:\Program Files\dotnet\sdk\10.0.201\Microsoft.Common.CurrentVersion.targets(2451,5): warning MSB3277:           Project file item includes which caused reference "C:\Program Files\dotnet\packs\Microsoft.NETCore.App.Ref\8.0.25\ref\net8.0\System.Drawing.dll". [C:\Users\ultra\warewolf\Dev\Dev2.Studio\Dev2.Studio.csproj]
C:\Program Files\dotnet\sdk\10.0.201\Microsoft.Common.CurrentVersion.targets(2451,5): warning MSB3277:             C:\Program Files\dotnet\packs\Microsoft.NETCore.App.Ref\8.0.25\ref/net8.0/System.Drawing.dll [C:\Users\ultra\warewolf\Dev\Dev2.Studio\Dev2.Studio.csproj]
C:\Program Files\dotnet\sdk\10.0.201\Microsoft.Common.CurrentVersion.targets(2451,5): warning MSB3277:             C:\Users\ultra\.nuget\packages\aerowizard\2.3.1\lib\net45\AeroWizard.dll [C:\Users\ultra\warewolf\Dev\Dev2.Studio\Dev2.Studio.csproj]
C:\Program Files\dotnet\sdk\10.0.201\Microsoft.Common.CurrentVersion.targets(2451,5): warning MSB3277:             C:\Users\ultra\.nuget\packages\avalonedit\6.3.0.90\lib\net462\ICSharpCode.AvalonEdit.dll [C:\Users\ultra\warewolf\Dev\Dev2.Studio\Dev2.Studio.csproj]
C:\Program Files\dotnet\sdk\10.0.201\Microsoft.Common.CurrentVersion.targets(2451,5): warning MSB3277:             C:\Users\ultra\.nuget\packages\groupcontrols\1.9.0\lib\net45\GroupControls.dll [C:\Users\ultra\warewolf\Dev\Dev2.Studio\Dev2.Studio.csproj]
C:\Program Files\dotnet\sdk\10.0.201\Microsoft.Common.CurrentVersion.targets(2451,5): warning MSB3277:             C:\Users\ultra\.nuget\packages\taskschedulereditor\2.10.1\lib\net452\Microsoft.Win32.TaskSchedulerEditor.dll [C:\Users\ultra\warewolf\Dev\Dev2.Studio\Dev2.Studio.csproj]
C:\Program Files\dotnet\sdk\10.0.201\Microsoft.CSharp.CurrentVersion.targets(130,9): warning MSB3884: Could not find rule set file "..\.sonarlint\warewolf_dotnet_frameworkcsharp.ruleset". [C:\Users\ultra\warewolf\Dev\Dev2.Studio\Dev2.Studio.csproj]
  Dev2.Studio -> C:\Users\ultra\warewolf\Dev\Dev2.Studio\bin\Debug\net8.0\linux-x64\Warewolf Studio.dll
C:\Users\ultra\warewolf\Dev\Dev2.Diagnostics.Tests\PerfCountersOpsTests.cs(26,21): warning CA1416: This call site is reachable on all platforms. 'PerformanceCounterCategory.Delete(string)' is only supported on: 'windows'. (https://learn.microsoft.com/dotnet/fundamentals/code-analysis/quality-rules/ca1416) [C:\Users\ultra\warewolf\Dev\Dev2.Diagnostics.Tests\Dev2.Diagnostics.Tests.csproj]
C:\Users\ultra\warewolf\Dev\Dev2.Diagnostics.Tests\TestPerfCounterManager.cs(24,21): warning CA1416: This call site is reachable on all platforms. 'PerformanceCounterCategory.Delete(string)' is only supported on: 'windows'. (https://learn.microsoft.com/dotnet/fundamentals/code-analysis/quality-rules/ca1416) [C:\Users\ultra\warewolf\Dev\Dev2.Diagnostics.Tests\Dev2.Diagnostics.Tests.csproj]
C:\Users\ultra\warewolf\Dev\Dev2.Diagnostics.Tests\TestExecutionContainer.cs(31,17): warning CA1416: This call site is reachable on all platforms. 'PerformanceCounterCategory.Delete(string)' is only supported on: 'windows'. (https://learn.microsoft.com/dotnet/fundamentals/code-analysis/quality-rules/ca1416) [C:\Users\ultra\warewolf\Dev\Dev2.Diagnostics.Tests\Dev2.Diagnostics.Tests.csproj]
C:\Users\ultra\warewolf\Dev\Dev2.Diagnostics.Tests\PerfCountersOpsTests.cs(27,21): warning CA1416: This call site is reachable on all platforms. 'PerformanceCounterCategory.Delete(string)' is only supported on: 'windows'. (https://learn.microsoft.com/dotnet/fundamentals/code-analysis/quality-rules/ca1416) [C:\Users\ultra\warewolf\Dev\Dev2.Diagnostics.Tests\Dev2.Diagnostics.Tests.csproj]
C:\Users\ultra\warewolf\Dev\Dev2.Diagnostics.Tests\PerfCounterBuilderTest.cs(25,17): warning CA1416: This call site is reachable on all platforms. 'PerformanceCounterCategory.Delete(string)' is only supported on: 'windows'. (https://learn.microsoft.com/dotnet/fundamentals/code-analysis/quality-rules/ca1416) [C:\Users\ultra\warewolf\Dev\Dev2.Diagnostics.Tests\Dev2.Diagnostics.Tests.csproj]
C:\Users\ultra\warewolf\Dev\Dev2.Diagnostics.Tests\PerfCounterBuilderTest.cs(88,17): warning CA1416: This call site is reachable on all platforms. 'PerformanceCounterCategory.Delete(string)' is only supported on: 'windows'. (https://learn.microsoft.com/dotnet/fundamentals/code-analysis/quality-rules/ca1416) [C:\Users\ultra\warewolf\Dev\Dev2.Diagnostics.Tests\Dev2.Diagnostics.Tests.csproj]
  Dev2.Studio -> C:\Users\ultra\warewolf\Dev\Dev2.Studio\bin\Debug\net8.0\Warewolf Studio.dll
  Dev2.Diagnostics.Tests -> C:\Users\ultra\warewolf\Dev\Dev2.Diagnostics.Tests\bin\Debug\net8.0\Dev2.Diagnostics.Tests.dll
  Dev2.Activities.Tests -> C:\Users\ultra\warewolf\Dev\Dev2.Activities.Tests\bin\Debug\net8.0\linux-x64\Dev2.Activities.Tests.dll
C:\Program Files\dotnet\sdk\10.0.201\Microsoft.Common.CurrentVersion.targets(2451,5): warning MSB3245: Could not resolve this reference. Could not locate the assembly "System.Activities.Core.Presentation". Check to make sure the assembly exists on disk. If this reference is required by your code, you may get compilation errors. [C:\Users\ultra\warewolf\Dev\Dev2.Studio.Core.Tests\Dev2.Studio.Core.Tests.csproj]
C:\Program Files\dotnet\sdk\10.0.201\Microsoft.Common.CurrentVersion.targets(2451,5): warning MSB3277: Found conflicts between different versions of "Microsoft.Win32.SystemEvents" that could not be resolved. [C:\Users\ultra\warewolf\Dev\Dev2.Studio.Core.Tests\Dev2.Studio.Core.Tests.csproj]
C:\Program Files\dotnet\sdk\10.0.201\Microsoft.Common.CurrentVersion.targets(2451,5): warning MSB3277: There was a conflict between "Microsoft.Win32.SystemEvents, Version=6.0.0.0, Culture=neutral, PublicKeyToken=cc7b13ffcd2ddd51" and "Microsoft.Win32.SystemEvents, Version=7.0.0.0, Culture=neutral, PublicKeyToken=cc7b13ffcd2ddd51". [C:\Users\ultra\warewolf\Dev\Dev2.Studio.Core.Tests\Dev2.Studio.Core.Tests.csproj]
C:\Program Files\dotnet\sdk\10.0.201\Microsoft.Common.CurrentVersion.targets(2451,5): warning MSB3277:     "Microsoft.Win32.SystemEvents, Version=6.0.0.0, Culture=neutral, PublicKeyToken=cc7b13ffcd2ddd51" was chosen because it was primary and "Microsoft.Win32.SystemEvents, Version=7.0.0.0, Culture=neutral, PublicKeyToken=cc7b13ffcd2ddd51" was not. [C:\Users\ultra\warewolf\Dev\Dev2.Studio.Core.Tests\Dev2.Studio.Core.Tests.csproj]
C:\Program Files\dotnet\sdk\10.0.201\Microsoft.Common.CurrentVersion.targets(2451,5): warning MSB3277:     References which depend on "Microsoft.Win32.SystemEvents, Version=6.0.0.0, Culture=neutral, PublicKeyToken=cc7b13ffcd2ddd51" [C:\Users\ultra\.nuget\packages\microsoft.win32.systemevents\6.0.0\lib\net6.0\Microsoft.Win32.SystemEvents.dll]. [C:\Users\ultra\warewolf\Dev\Dev2.Studio.Core.Tests\Dev2.Studio.Core.Tests.csproj]
C:\Program Files\dotnet\sdk\10.0.201\Microsoft.Common.CurrentVersion.targets(2451,5): warning MSB3277:         C:\Users\ultra\.nuget\packages\microsoft.win32.systemevents\6.0.0\lib\net6.0\Microsoft.Win32.SystemEvents.dll [C:\Users\ultra\warewolf\Dev\Dev2.Studio.Core.Tests\Dev2.Studio.Core.Tests.csproj]
C:\Program Files\dotnet\sdk\10.0.201\Microsoft.Common.CurrentVersion.targets(2451,5): warning MSB3277:           Project file item includes which caused reference "C:\Users\ultra\.nuget\packages\microsoft.win32.systemevents\6.0.0\lib\net6.0\Microsoft.Win32.SystemEvents.dll". [C:\Users\ultra\warewolf\Dev\Dev2.Studio.Core.Tests\Dev2.Studio.Core.Tests.csproj]
C:\Program Files\dotnet\sdk\10.0.201\Microsoft.Common.CurrentVersion.targets(2451,5): warning MSB3277:             C:\Users\ultra\.nuget\packages\microsoft.win32.systemevents\6.0.0\lib\net6.0\Microsoft.Win32.SystemEvents.dll [C:\Users\ultra\warewolf\Dev\Dev2.Studio.Core.Tests\Dev2.Studio.Core.Tests.csproj]
C:\Program Files\dotnet\sdk\10.0.201\Microsoft.Common.CurrentVersion.targets(2451,5): warning MSB3277:     References which depend on or have been unified to "Microsoft.Win32.SystemEvents, Version=7.0.0.0, Culture=neutral, PublicKeyToken=cc7b13ffcd2ddd51" []. [C:\Users\ultra\warewolf\Dev\Dev2.Studio.Core.Tests\Dev2.Studio.Core.Tests.csproj]
C:\Program Files\dotnet\sdk\10.0.201\Microsoft.Common.CurrentVersion.targets(2451,5): warning MSB3277:         C:\Users\ultra\warewolf\Dev\Dev2.Common\bin\Debug\net8.0\Dev2.Common.dll [C:\Users\ultra\warewolf\Dev\Dev2.Studio.Core.Tests\Dev2.Studio.Core.Tests.csproj]
C:\Program Files\dotnet\sdk\10.0.201\Microsoft.Common.CurrentVersion.targets(2451,5): warning MSB3277:           Project file item includes which caused reference "C:\Users\ultra\warewolf\Dev\Dev2.Common\bin\Debug\net8.0\Dev2.Common.dll". [C:\Users\ultra\warewolf\Dev\Dev2.Studio.Core.Tests\Dev2.Studio.Core.Tests.csproj]
C:\Program Files\dotnet\sdk\10.0.201\Microsoft.Common.CurrentVersion.targets(2451,5): warning MSB3277:             C:\Users\ultra\warewolf\Dev\Dev2.Common\bin\Debug\net8.0\Dev2.Common.dll [C:\Users\ultra\warewolf\Dev\Dev2.Studio.Core.Tests\Dev2.Studio.Core.Tests.csproj]
C:\Program Files\dotnet\sdk\10.0.201\Microsoft.Common.CurrentVersion.targets(2451,5): warning MSB3277:             C:\Users\ultra\warewolf\Dev\Dev2.Data\bin\Debug\net8.0\Dev2.Data.dll [C:\Users\ultra\warewolf\Dev\Dev2.Studio.Core.Tests\Dev2.Studio.Core.Tests.csproj]
C:\Program Files\dotnet\sdk\10.0.201\Microsoft.Common.CurrentVersion.targets(2451,5): warning MSB3277:             C:\Users\ultra\warewolf\Dev\Dev2.Diagnostics.Tests\bin\Debug\net8.0\Dev2.Diagnostics.Tests.dll [C:\Users\ultra\warewolf\Dev\Dev2.Studio.Core.Tests\Dev2.Studio.Core.Tests.csproj]
C:\Program Files\dotnet\sdk\10.0.201\Microsoft.Common.CurrentVersion.targets(2451,5): warning MSB3277:             C:\Users\ultra\warewolf\Dev\Dev2.Diagnostics\bin\Debug\net8.0\Dev2.Diagnostics.dll [C:\Users\ultra\warewolf\Dev\Dev2.Studio.Core.Tests\Dev2.Studio.Core.Tests.csproj]
C:\Program Files\dotnet\sdk\10.0.201\Microsoft.Common.CurrentVersion.targets(2451,5): warning MSB3277:             C:\Users\ultra\warewolf\Dev\Dev2.Infrastructure.Tests\bin\Debug\net8.0\Dev2.Infrastructure.Tests.dll [C:\Users\ultra\warewolf\Dev\Dev2.Studio.Core.Tests\Dev2.Studio.Core.Tests.csproj]
C:\Program Files\dotnet\sdk\10.0.201\Microsoft.Common.CurrentVersion.targets(2451,5): warning MSB3277:             C:\Users\ultra\warewolf\Dev\Dev2.Infrastructure\bin\Debug\net8.0\Dev2.Infrastructure.dll [C:\Users\ultra\warewolf\Dev\Dev2.Studio.Core.Tests\Dev2.Studio.Core.Tests.csproj]
C:\Program Files\dotnet\sdk\10.0.201\Microsoft.Common.CurrentVersion.targets(2451,5): warning MSB3277:             C:\Users\ultra\warewolf\Dev\Dev2.Intellisense\bin\Debug\net8.0\Dev2.Intellisense.dll [C:\Users\ultra\warewolf\Dev\Dev2.Studio.Core.Tests\Dev2.Studio.Core.Tests.csproj]
C:\Program Files\dotnet\sdk\10.0.201\Microsoft.Common.CurrentVersion.targets(2451,5): warning MSB3277:             C:\Users\ultra\warewolf\Dev\Dev2.Runtime.Services\bin\Debug\net8.0\Dev2.Runtime.Services.dll [C:\Users\ultra\warewolf\Dev\Dev2.Studio.Core.Tests\Dev2.Studio.Core.Tests.csproj]
C:\Program Files\dotnet\sdk\10.0.201\Microsoft.Common.CurrentVersion.targets(2451,5): warning MSB3277:             C:\Users\ultra\warewolf\Dev\Dev2.Runtime\bin\Debug\net8.0\Dev2.Runtime.dll [C:\Users\ultra\warewolf\Dev\Dev2.Studio.Core.Tests\Dev2.Studio.Core.Tests.csproj]
C:\Program Files\dotnet\sdk\10.0.201\Microsoft.Common.CurrentVersion.targets(2451,5): warning MSB3277:             C:\Users\ultra\warewolf\Dev\Dev2.Scheduler\bin\Debug\net8.0\Dev2.Scheduler.dll [C:\Users\ultra\warewolf\Dev\Dev2.Studio.Core.Tests\Dev2.Studio.Core.Tests.csproj]
C:\Program Files\dotnet\sdk\10.0.201\Microsoft.Common.CurrentVersion.targets(2451,5): warning MSB3277:             C:\Users\ultra\warewolf\Dev\Dev2.Studio.Core\bin\Debug\net8.0\Dev2.Studio.Core.dll [C:\Users\ultra\warewolf\Dev\Dev2.Studio.Core.Tests\Dev2.Studio.Core.Tests.csproj]
C:\Program Files\dotnet\sdk\10.0.201\Microsoft.Common.CurrentVersion.targets(2451,5): warning MSB3277:             C:\Users\ultra\warewolf\Dev\Dev2.Studio.Interfaces\bin\Debug\net8.0\Dev2.Studio.Interfaces.dll [C:\Users\ultra\warewolf\Dev\Dev2.Studio.Core.Tests\Dev2.Studio.Core.Tests.csproj]
C:\Program Files\dotnet\sdk\10.0.201\Microsoft.Common.CurrentVersion.targets(2451,5): warning MSB3277:             C:\Users\ultra\warewolf\Dev\Dev2.Studio\bin\Debug\net8.0\Warewolf Studio.dll [C:\Users\ultra\warewolf\Dev\Dev2.Studio.Core.Tests\Dev2.Studio.Core.Tests.csproj]
C:\Program Files\dotnet\sdk\10.0.201\Microsoft.Common.CurrentVersion.targets(2451,5): warning MSB3277:             C:\Users\ultra\warewolf\Dev\Dev2.Activities\bin\Debug\net8.0\Dev2.Activities.dll [C:\Users\ultra\warewolf\Dev\Dev2.Studio.Core.Tests\Dev2.Studio.Core.Tests.csproj]
C:\Program Files\dotnet\sdk\10.0.201\Microsoft.Common.CurrentVersion.targets(2451,5): warning MSB3277:             C:\Users\ultra\warewolf\Dev\Dev2.Core\bin\Debug\net8.0\Dev2.Core.dll [C:\Users\ultra\warewolf\Dev\Dev2.Studio.Core.Tests\Dev2.Studio.Core.Tests.csproj]
C:\Program Files\dotnet\sdk\10.0.201\Microsoft.Common.CurrentVersion.targets(2451,5): warning MSB3277:             C:\Users\ultra\warewolf\Dev\Dev2.TaskScheduler.Wrappers\bin\Debug\net8.0\Dev2.TaskScheduler.Wrappers.dll [C:\Users\ultra\warewolf\Dev\Dev2.Studio.Core.Tests\Dev2.Studio.Core.Tests.csproj]
C:\Program Files\dotnet\sdk\10.0.201\Microsoft.Common.CurrentVersion.targets(2451,5): warning MSB3277:             C:\Users\ultra\warewolf\Dev\Dev2.Util\bin\Debug\net8.0\Dev2.Util.dll [C:\Users\ultra\warewolf\Dev\Dev2.Studio.Core.Tests\Dev2.Studio.Core.Tests.csproj]
C:\Program Files\dotnet\sdk\10.0.201\Microsoft.Common.CurrentVersion.targets(2451,5): warning MSB3277:             C:\Users\ultra\warewolf\Dev\Warewolf.Core\bin\Debug\net8.0\Warewolf.Core.dll [C:\Users\ultra\warewolf\Dev\Dev2.Studio.Core.Tests\Dev2.Studio.Core.Tests.csproj]
C:\Program Files\dotnet\sdk\10.0.201\Microsoft.Common.CurrentVersion.targets(2451,5): warning MSB3277:             C:\Users\ultra\warewolf\Dev\Warewolf.MergeParser.Tests\bin\Debug\net8.0\Warewolf.MergeParser.Tests.dll [C:\Users\ultra\warewolf\Dev\Dev2.Studio.Core.Tests\Dev2.Studio.Core.Tests.csproj]
C:\Program Files\dotnet\sdk\10.0.201\Microsoft.Common.CurrentVersion.targets(2451,5): warning MSB3277:             C:\Users\ultra\warewolf\Dev\Warewolf.Studio.Core\bin\Debug\net8.0\Warewolf.Studio.Core.dll [C:\Users\ultra\warewolf\Dev\Dev2.Studio.Core.Tests\Dev2.Studio.Core.Tests.csproj]
C:\Program Files\dotnet\sdk\10.0.201\Microsoft.Common.CurrentVersion.targets(2451,5): warning MSB3277:             C:\Users\ultra\warewolf\Dev\Warewolf.Studio.ViewModels\bin\Debug\net8.0\Warewolf.Studio.ViewModels.dll [C:\Users\ultra\warewolf\Dev\Dev2.Studio.Core.Tests\Dev2.Studio.Core.Tests.csproj]
C:\Program Files\dotnet\sdk\10.0.201\Microsoft.Common.CurrentVersion.targets(2451,5): warning MSB3277:             C:\Users\ultra\warewolf\Dev\Warewolf.Testing\bin\Debug\net8.0\Warewolf.Testing.dll [C:\Users\ultra\warewolf\Dev\Dev2.Studio.Core.Tests\Dev2.Studio.Core.Tests.csproj]
C:\Program Files\dotnet\sdk\10.0.201\Microsoft.Common.CurrentVersion.targets(2451,5): warning MSB3277:             C:\Users\ultra\warewolf\Dev\Warewolf.Trigger.Queue\bin\Debug\net8.0\Warewolf.Trigger.Queue.dll [C:\Users\ultra\warewolf\Dev\Dev2.Studio.Core.Tests\Dev2.Studio.Core.Tests.csproj]
C:\Program Files\dotnet\sdk\10.0.201\Microsoft.Common.CurrentVersion.targets(2451,5): warning MSB3277:             C:\Users\ultra\warewolf\Dev\Warewolf.UI\bin\Debug\net8.0\Warewolf.UI.dll [C:\Users\ultra\warewolf\Dev\Dev2.Studio.Core.Tests\Dev2.Studio.Core.Tests.csproj]
C:\Program Files\dotnet\sdk\10.0.201\Microsoft.Common.CurrentVersion.targets(2451,5): warning MSB3277:             C:\Users\ultra\warewolf\Dev\Dev2.Development.Languages\bin\Debug\net8.0\Dev2.Development.Languages.dll [C:\Users\ultra\warewolf\Dev\Dev2.Studio.Core.Tests\Dev2.Studio.Core.Tests.csproj]
C:\Program Files\dotnet\sdk\10.0.201\Microsoft.Common.CurrentVersion.targets(2451,5): warning MSB3277:             C:\Users\ultra\warewolf\Dev\Dev2.Runtime.WebServer\bin\Debug\net8.0\Dev2.Runtime.WebServer.dll [C:\Users\ultra\warewolf\Dev\Dev2.Studio.Core.Tests\Dev2.Studio.Core.Tests.csproj]
C:\Program Files\dotnet\sdk\10.0.201\Microsoft.Common.CurrentVersion.targets(2451,5): warning MSB3277:             C:\Users\ultra\warewolf\Dev\Dev2.Services.Execution\bin\Debug\net8.0\Dev2.Services.Execution.dll [C:\Users\ultra\warewolf\Dev\Dev2.Studio.Core.Tests\Dev2.Studio.Core.Tests.csproj]
C:\Program Files\dotnet\sdk\10.0.201\Microsoft.Common.CurrentVersion.targets(2451,5): warning MSB3277:             C:\Users\ultra\warewolf\Dev\Dev2.Services.Sql\bin\Debug\net8.0\Dev2.Services.Sql.dll [C:\Users\ultra\warewolf\Dev\Dev2.Studio.Core.Tests\Dev2.Studio.Core.Tests.csproj]
C:\Program Files\dotnet\sdk\10.0.201\Microsoft.Common.CurrentVersion.targets(2451,5): warning MSB3277:             C:\Users\ultra\warewolf\Dev\Warewolf.HangfireServer\bin\Debug\net8.0\HangfireServer.dll [C:\Users\ultra\warewolf\Dev\Dev2.Studio.Core.Tests\Dev2.Studio.Core.Tests.csproj]
C:\Program Files\dotnet\sdk\10.0.201\Microsoft.Common.CurrentVersion.targets(2451,5): warning MSB3277:             C:\Users\ultra\warewolf\Dev\Warewolf.QueueWorker\bin\Debug\net8.0\QueueWorker.dll [C:\Users\ultra\warewolf\Dev\Dev2.Studio.Core.Tests\Dev2.Studio.Core.Tests.csproj]
C:\Program Files\dotnet\sdk\10.0.201\Microsoft.Common.CurrentVersion.targets(2451,5): warning MSB3277:             C:\Users\ultra\warewolf\Dev\Dev2.Server\bin\Debug\net8.0\Warewolf Server.dll [C:\Users\ultra\warewolf\Dev\Dev2.Studio.Core.Tests\Dev2.Studio.Core.Tests.csproj]
C:\Program Files\dotnet\sdk\10.0.201\Microsoft.Common.CurrentVersion.targets(2451,5): warning MSB3277:             C:\Users\ultra\warewolf\Dev\Warewolf.AI.Harness\bin\Debug\net8.0\Warewolf.AI.Harness.dll [C:\Users\ultra\warewolf\Dev\Dev2.Studio.Core.Tests\Dev2.Studio.Core.Tests.csproj]
C:\Program Files\dotnet\sdk\10.0.201\Microsoft.Common.CurrentVersion.targets(2451,5): warning MSB3277:             C:\Users\ultra\warewolf\Dev\Warewolf.Auditing\bin\Debug\net8.0\Warewolf.Auditing.dll [C:\Users\ultra\warewolf\Dev\Dev2.Studio.Core.Tests\Dev2.Studio.Core.Tests.csproj]
C:\Program Files\dotnet\sdk\10.0.201\Microsoft.Common.CurrentVersion.targets(2451,5): warning MSB3277:             C:\Users\ultra\warewolf\Dev\Warewolf.Common.Framework48\bin\Debug\net8.0\Warewolf.Common.Framework48.dll [C:\Users\ultra\warewolf\Dev\Dev2.Studio.Core.Tests\Dev2.Studio.Core.Tests.csproj]
C:\Program Files\dotnet\sdk\10.0.201\Microsoft.Common.CurrentVersion.targets(2451,5): warning MSB3277:             C:\Users\ultra\warewolf\Dev\Warewolf.Common.NetStandard20\bin\Debug\net8.0\Warewolf.Common.NetStandard20.dll [C:\Users\ultra\warewolf\Dev\Dev2.Studio.Core.Tests\Dev2.Studio.Core.Tests.csproj]
C:\Program Files\dotnet\sdk\10.0.201\Microsoft.Common.CurrentVersion.targets(2451,5): warning MSB3277:             C:\Users\ultra\warewolf\Dev\Warewolf.Driver.Persistence\bin\Debug\net8.0\Warewolf.Driver.Persistence.dll [C:\Users\ultra\warewolf\Dev\Dev2.Studio.Core.Tests\Dev2.Studio.Core.Tests.csproj]
C:\Program Files\dotnet\sdk\10.0.201\Microsoft.Common.CurrentVersion.targets(2451,5): warning MSB3277:             C:\Users\ultra\warewolf\Dev\Warewolf.Driver.Serilog\bin\Debug\net8.0\Warewolf.Driver.Serilog.dll [C:\Users\ultra\warewolf\Dev\Dev2.Studio.Core.Tests\Dev2.Studio.Core.Tests.csproj]
C:\Program Files\dotnet\sdk\10.0.201\Microsoft.Common.CurrentVersion.targets(2451,5): warning MSB3277:             C:\Users\ultra\warewolf\Dev\Warewolf.Exchange.Email.Wrapper\bin\Debug\net8.0\Warewolf.Exchange.Email.Wrapper.dll [C:\Users\ultra\warewolf\Dev\Dev2.Studio.Core.Tests\Dev2.Studio.Core.Tests.csproj]
C:\Program Files\dotnet\sdk\10.0.201\Microsoft.Common.CurrentVersion.targets(2451,5): warning MSB3277:             C:\Users\ultra\warewolf\Dev\Warewolf.PerfMon\bin\Debug\net8.0\Warewolf.PerfMon.dll [C:\Users\ultra\warewolf\Dev\Dev2.Studio.Core.Tests\Dev2.Studio.Core.Tests.csproj]
C:\Program Files\dotnet\sdk\10.0.201\Microsoft.Common.CurrentVersion.targets(2451,5): warning MSB3277:             C:\Users\ultra\warewolf\Dev\Warewolf.ResourceManagement\bin\Debug\net8.0\Warewolf.ResourceManagement.dll [C:\Users\ultra\warewolf\Dev\Dev2.Studio.Core.Tests\Dev2.Studio.Core.Tests.csproj]
C:\Program Files\dotnet\sdk\10.0.201\Microsoft.Common.CurrentVersion.targets(2451,5): warning MSB3277:             C:\Users\ultra\warewolf\Dev\Warewolf.Sharepoint\bin\Debug\net8.0\Warewolf.Sharepoint.dll [C:\Users\ultra\warewolf\Dev\Dev2.Studio.Core.Tests\Dev2.Studio.Core.Tests.csproj]
C:\Program Files\dotnet\sdk\10.0.201\Microsoft.Common.CurrentVersion.targets(2451,5): warning MSB3277:             C:\Users\ultra\warewolf\Dev\Warewolf.Storage\bin\Debug\net8.0\Warewolf.Storage.dll [C:\Users\ultra\warewolf\Dev\Dev2.Studio.Core.Tests\Dev2.Studio.Core.Tests.csproj]
C:\Program Files\dotnet\sdk\10.0.201\Microsoft.Common.CurrentVersion.targets(2451,5): warning MSB3277:             C:\Users\ultra\warewolf\Dev\Warewolf.Studio.CustomControls\bin\Debug\net8.0\Warewolf.Studio.CustomControls.dll [C:\Users\ultra\warewolf\Dev\Dev2.Studio.Core.Tests\Dev2.Studio.Core.Tests.csproj]
C:\Program Files\dotnet\sdk\10.0.201\Microsoft.Common.CurrentVersion.targets(2451,5): warning MSB3277:             C:\Users\ultra\warewolf\Dev\Warewolf.Studio.Models\bin\Debug\net8.0\Warewolf.Studio.Models.dll [C:\Users\ultra\warewolf\Dev\Dev2.Studio.Core.Tests\Dev2.Studio.Core.Tests.csproj]
C:\Program Files\dotnet\sdk\10.0.201\Microsoft.Common.CurrentVersion.targets(2451,5): warning MSB3277:             C:\Users\ultra\warewolf\Dev\Warewolf.Logger\bin\Debug\net8.0\WarewolfLogger.dll [C:\Users\ultra\warewolf\Dev\Dev2.Studio.Core.Tests\Dev2.Studio.Core.Tests.csproj]
C:\Program Files\dotnet\sdk\10.0.201\Microsoft.Common.CurrentVersion.targets(2451,5): warning MSB3277:         C:\Users\ultra\warewolf\Dev\Binaries\Infragistcs_Net6\InfragisticsWPF4.v15.1.dll [C:\Users\ultra\warewolf\Dev\Dev2.Studio.Core.Tests\Dev2.Studio.Core.Tests.csproj]
C:\Program Files\dotnet\sdk\10.0.201\Microsoft.Common.CurrentVersion.targets(2451,5): warning MSB3277:           Project file item includes which caused reference "C:\Users\ultra\warewolf\Dev\Binaries\Infragistcs_Net6\InfragisticsWPF4.v15.1.dll". [C:\Users\ultra\warewolf\Dev\Dev2.Studio.Core.Tests\Dev2.Studio.Core.Tests.csproj]
C:\Program Files\dotnet\sdk\10.0.201\Microsoft.Common.CurrentVersion.targets(2451,5): warning MSB3277:             InfragisticsWPF4.v15.1, Version=15.1.20151.2055, Culture=neutral, PublicKeyToken=7dd5c3163f2cd0cb, processorArchitecture=MSIL [C:\Users\ultra\warewolf\Dev\Dev2.Studio.Core.Tests\Dev2.Studio.Core.Tests.csproj]
C:\Program Files\dotnet\sdk\10.0.201\Microsoft.Common.CurrentVersion.targets(2451,5): warning MSB3277:             InfragisticsWPF4.Controls.Interactions.XamDialogWindow.v15.1 [C:\Users\ultra\warewolf\Dev\Dev2.Studio.Core.Tests\Dev2.Studio.Core.Tests.csproj]
C:\Program Files\dotnet\sdk\10.0.201\Microsoft.Common.CurrentVersion.targets(2451,5): warning MSB3277:             InfragisticsWPF4.DockManager.v15.1, Version=15.1.20151.2055, Culture=neutral, PublicKeyToken=7dd5c3163f2cd0cb, processorArchitecture=MSIL [C:\Users\ultra\warewolf\Dev\Dev2.Studio.Core.Tests\Dev2.Studio.Core.Tests.csproj]
C:\Program Files\dotnet\sdk\10.0.201\Microsoft.Common.CurrentVersion.targets(2451,5): warning MSB3277:             InfragisticsWPF4.DataPresenter.v15.1 [C:\Users\ultra\warewolf\Dev\Dev2.Studio.Core.Tests\Dev2.Studio.Core.Tests.csproj]
C:\Program Files\dotnet\sdk\10.0.201\Microsoft.Common.CurrentVersion.targets(2451,5): warning MSB3277:         C:\Users\ultra\.nuget\packages\timespan2\2.4.2\lib\netcoreapp3.1\TimeSpan2.dll [C:\Users\ultra\warewolf\Dev\Dev2.Studio.Core.Tests\Dev2.Studio.Core.Tests.csproj]
C:\Program Files\dotnet\sdk\10.0.201\Microsoft.Common.CurrentVersion.targets(2451,5): warning MSB3277:           Project file item includes which caused reference "C:\Users\ultra\.nuget\packages\timespan2\2.4.2\lib\netcoreapp3.1\TimeSpan2.dll". [C:\Users\ultra\warewolf\Dev\Dev2.Studio.Core.Tests\Dev2.Studio.Core.Tests.csproj]
C:\Program Files\dotnet\sdk\10.0.201\Microsoft.Common.CurrentVersion.targets(2451,5): warning MSB3277:             C:\Users\ultra\.nuget\packages\timespan2\2.4.2\lib\netcoreapp3.1\TimeSpan2.dll [C:\Users\ultra\warewolf\Dev\Dev2.Studio.Core.Tests\Dev2.Studio.Core.Tests.csproj]
C:\Program Files\dotnet\sdk\10.0.201\Microsoft.Common.CurrentVersion.targets(2451,5): warning MSB3277:             C:\Users\ultra\.nuget\packages\taskschedulereditor\2.10.1\lib\net452\Microsoft.Win32.TaskSchedulerEditor.dll [C:\Users\ultra\warewolf\Dev\Dev2.Studio.Core.Tests\Dev2.Studio.Core.Tests.csproj]
C:\Program Files\dotnet\sdk\10.0.201\Microsoft.Common.CurrentVersion.targets(2451,5): warning MSB3277:         C:\Program Files\dotnet\packs\Microsoft.NETCore.App.Ref\8.0.25\ref\net8.0\System.dll [C:\Users\ultra\warewolf\Dev\Dev2.Studio.Core.Tests\Dev2.Studio.Core.Tests.csproj]
C:\Program Files\dotnet\sdk\10.0.201\Microsoft.Common.CurrentVersion.targets(2451,5): warning MSB3277:           Project file item includes which caused reference "C:\Program Files\dotnet\packs\Microsoft.NETCore.App.Ref\8.0.25\ref\net8.0\System.dll". [C:\Users\ultra\warewolf\Dev\Dev2.Studio.Core.Tests\Dev2.Studio.Core.Tests.csproj]
C:\Program Files\dotnet\sdk\10.0.201\Microsoft.Common.CurrentVersion.targets(2451,5): warning MSB3277:             C:\Program Files\dotnet\packs\Microsoft.NETCore.App.Ref\8.0.25\ref/net8.0/System.dll [C:\Users\ultra\warewolf\Dev\Dev2.Studio.Core.Tests\Dev2.Studio.Core.Tests.csproj]
C:\Program Files\dotnet\sdk\10.0.201\Microsoft.Common.CurrentVersion.targets(2451,5): warning MSB3277:             C:\Users\ultra\.nuget\packages\aerowizard\2.3.1\lib\net45\AeroWizard.dll [C:\Users\ultra\warewolf\Dev\Dev2.Studio.Core.Tests\Dev2.Studio.Core.Tests.csproj]
C:\Program Files\dotnet\sdk\10.0.201\Microsoft.Common.CurrentVersion.targets(2451,5): warning MSB3277:             C:\Users\ultra\.nuget\packages\avalonedit\6.3.0.90\lib\net462\ICSharpCode.AvalonEdit.dll [C:\Users\ultra\warewolf\Dev\Dev2.Studio.Core.Tests\Dev2.Studio.Core.Tests.csproj]
C:\Program Files\dotnet\sdk\10.0.201\Microsoft.Common.CurrentVersion.targets(2451,5): warning MSB3277:             C:\Users\ultra\.nuget\packages\fontawesome.wpf\4.7.0.9\lib\net40\FontAwesome.WPF.dll [C:\Users\ultra\warewolf\Dev\Dev2.Studio.Core.Tests\Dev2.Studio.Core.Tests.csproj]
C:\Program Files\dotnet\sdk\10.0.201\Microsoft.Common.CurrentVersion.targets(2451,5): warning MSB3277:             C:\Users\ultra\.nuget\packages\groupcontrols\1.9.0\lib\net45\GroupControls.dll [C:\Users\ultra\warewolf\Dev\Dev2.Studio.Core.Tests\Dev2.Studio.Core.Tests.csproj]
C:\Program Files\dotnet\sdk\10.0.201\Microsoft.Common.CurrentVersion.targets(2451,5): warning MSB3277:             C:\Users\ultra\.nuget\packages\log4net.async\2.0.4\lib\net40\Log4Net.Async.dll [C:\Users\ultra\warewolf\Dev\Dev2.Studio.Core.Tests\Dev2.Studio.Core.Tests.csproj]
C:\Program Files\dotnet\sdk\10.0.201\Microsoft.Common.CurrentVersion.targets(2451,5): warning MSB3277:             C:\Users\ultra\.nuget\packages\microsoft.xaml.behaviors.wpf\1.1.122\lib\net462\Microsoft.Xaml.Behaviors.dll [C:\Users\ultra\warewolf\Dev\Dev2.Studio.Core.Tests\Dev2.Studio.Core.Tests.csproj]
C:\Program Files\dotnet\sdk\10.0.201\Microsoft.Common.CurrentVersion.targets(2451,5): warning MSB3277:             C:\Users\ultra\.nuget\packages\caliburn.micro\4.0.212\lib\netcoreapp3.1\Caliburn.Micro.Platform.dll [C:\Users\ultra\warewolf\Dev\Dev2.Studio.Core.Tests\Dev2.Studio.Core.Tests.csproj]
C:\Program Files\dotnet\sdk\10.0.201\Microsoft.Common.CurrentVersion.targets(2451,5): warning MSB3277:             C:\Users\ultra\.nuget\packages\prism.composition\5.0.0\lib\NET45\Microsoft.Practices.Prism.Composition.dll [C:\Users\ultra\warewolf\Dev\Dev2.Studio.Core.Tests\Dev2.Studio.Core.Tests.csproj]
C:\Program Files\dotnet\sdk\10.0.201\Microsoft.Common.CurrentVersion.targets(2451,5): warning MSB3277:             C:\Users\ultra\.nuget\packages\prism.interactivity\5.0.0\lib\NET45\Microsoft.Practices.Prism.Interactivity.dll [C:\Users\ultra\warewolf\Dev\Dev2.Studio.Core.Tests\Dev2.Studio.Core.Tests.csproj]
C:\Program Files\dotnet\sdk\10.0.201\Microsoft.Common.CurrentVersion.targets(2451,5): warning MSB3277:             C:\Users\ultra\.nuget\packages\prism.mvvm\1.0.0\lib\net45\Microsoft.Practices.Prism.Mvvm.Desktop.dll [C:\Users\ultra\warewolf\Dev\Dev2.Studio.Core.Tests\Dev2.Studio.Core.Tests.csproj]
C:\Program Files\dotnet\sdk\10.0.201\Microsoft.Common.CurrentVersion.targets(2451,5): warning MSB3277:             C:\Users\ultra\.nuget\packages\prism.unityextensions\5.0.1\lib\NET45\Microsoft.Practices.Prism.UnityExtensions.dll [C:\Users\ultra\warewolf\Dev\Dev2.Studio.Core.Tests\Dev2.Studio.Core.Tests.csproj]
C:\Program Files\dotnet\sdk\10.0.201\Microsoft.Common.CurrentVersion.targets(2451,5): warning MSB3277:             C:\Users\ultra\.nuget\packages\prism.wpf\9.0.537\lib\net462\Prism.Wpf.dll [C:\Users\ultra\warewolf\Dev\Dev2.Studio.Core.Tests\Dev2.Studio.Core.Tests.csproj]
C:\Program Files\dotnet\sdk\10.0.201\Microsoft.Common.CurrentVersion.targets(2451,5): warning MSB3277:             C:\Users\ultra\.nuget\packages\reactiveui.wpf\18.4.1\lib\net462\ReactiveUI.Wpf.dll [C:\Users\ultra\warewolf\Dev\Dev2.Studio.Core.Tests\Dev2.Studio.Core.Tests.csproj]
C:\Program Files\dotnet\sdk\10.0.201\Microsoft.Common.CurrentVersion.targets(2451,5): warning MSB3277:             C:\Users\ultra\.nuget\packages\taskschedulereditor\2.10.1\lib\net452\Microsoft.Win32.TaskSchedulerEditor.dll [C:\Users\ultra\warewolf\Dev\Dev2.Studio.Core.Tests\Dev2.Studio.Core.Tests.csproj]
C:\Program Files\dotnet\sdk\10.0.201\Microsoft.Common.CurrentVersion.targets(2451,5): warning MSB3277:             C:\Users\ultra\.nuget\packages\ttcue.netcore.sharepointonline.csom.16.1.8029.1200\16.1.8029.1200\lib\netcoreapp2.0\Microsoft.SharePoint.Client.Runtime.Windows.dll [C:\Users\ultra\warewolf\Dev\Dev2.Studio.Core.Tests\Dev2.Studio.Core.Tests.csproj]
C:\Program Files\dotnet\sdk\10.0.201\Microsoft.Common.CurrentVersion.targets(2451,5): warning MSB3277:         C:\Users\ultra\warewolf\Dev\Binaries\Infragistcs_Net6\InfragisticsWPF4.Editors.v15.1.dll [C:\Users\ultra\warewolf\Dev\Dev2.Studio.Core.Tests\Dev2.Studio.Core.Tests.csproj]
C:\Program Files\dotnet\sdk\10.0.201\Microsoft.Common.CurrentVersion.targets(2451,5): warning MSB3277:           Project file item includes which caused reference "C:\Users\ultra\warewolf\Dev\Binaries\Infragistcs_Net6\InfragisticsWPF4.Editors.v15.1.dll". [C:\Users\ultra\warewolf\Dev\Dev2.Studio.Core.Tests\Dev2.Studio.Core.Tests.csproj]
C:\Program Files\dotnet\sdk\10.0.201\Microsoft.Common.CurrentVersion.targets(2451,5): warning MSB3277:             InfragisticsWPF4.DataPresenter.v15.1 [C:\Users\ultra\warewolf\Dev\Dev2.Studio.Core.Tests\Dev2.Studio.Core.Tests.csproj]
C:\Program Files\dotnet\sdk\10.0.201\Microsoft.Common.CurrentVersion.targets(2451,5): warning MSB3277: Found conflicts between different versions of "WindowsBase" that could not be resolved. [C:\Users\ultra\warewolf\Dev\Dev2.Studio.Core.Tests\Dev2.Studio.Core.Tests.csproj]
C:\Program Files\dotnet\sdk\10.0.201\Microsoft.Common.CurrentVersion.targets(2451,5): warning MSB3277: There was a conflict between "WindowsBase, Version=4.0.0.0, Culture=neutral, PublicKeyToken=31bf3856ad364e35" and "WindowsBase, Version=6.0.2.0, Culture=neutral, PublicKeyToken=31bf3856ad364e35". [C:\Users\ultra\warewolf\Dev\Dev2.Studio.Core.Tests\Dev2.Studio.Core.Tests.csproj]
C:\Program Files\dotnet\sdk\10.0.201\Microsoft.Common.CurrentVersion.targets(2451,5): warning MSB3277:     "WindowsBase, Version=4.0.0.0, Culture=neutral, PublicKeyToken=31bf3856ad364e35" was chosen because it was primary and "WindowsBase, Version=6.0.2.0, Culture=neutral, PublicKeyToken=31bf3856ad364e35" was not. [C:\Users\ultra\warewolf\Dev\Dev2.Studio.Core.Tests\Dev2.Studio.Core.Tests.csproj]
C:\Program Files\dotnet\sdk\10.0.201\Microsoft.Common.CurrentVersion.targets(2451,5): warning MSB3277:     References which depend on "WindowsBase, Version=4.0.0.0, Culture=neutral, PublicKeyToken=31bf3856ad364e35" [C:\Program Files\dotnet\packs\Microsoft.NETCore.App.Ref\8.0.25\ref\net8.0\WindowsBase.dll]. [C:\Users\ultra\warewolf\Dev\Dev2.Studio.Core.Tests\Dev2.Studio.Core.Tests.csproj]
C:\Program Files\dotnet\sdk\10.0.201\Microsoft.Common.CurrentVersion.targets(2451,5): warning MSB3277:         C:\Program Files\dotnet\packs\Microsoft.NETCore.App.Ref\8.0.25\ref\net8.0\WindowsBase.dll [C:\Users\ultra\warewolf\Dev\Dev2.Studio.Core.Tests\Dev2.Studio.Core.Tests.csproj]
C:\Program Files\dotnet\sdk\10.0.201\Microsoft.Common.CurrentVersion.targets(2451,5): warning MSB3277:           Project file item includes which caused reference "C:\Program Files\dotnet\packs\Microsoft.NETCore.App.Ref\8.0.25\ref\net8.0\WindowsBase.dll". [C:\Users\ultra\warewolf\Dev\Dev2.Studio.Core.Tests\Dev2.Studio.Core.Tests.csproj]
C:\Program Files\dotnet\sdk\10.0.201\Microsoft.Common.CurrentVersion.targets(2451,5): warning MSB3277:             C:\Program Files\dotnet\packs\Microsoft.NETCore.App.Ref\8.0.25\ref/net8.0/WindowsBase.dll [C:\Users\ultra\warewolf\Dev\Dev2.Studio.Core.Tests\Dev2.Studio.Core.Tests.csproj]
C:\Program Files\dotnet\sdk\10.0.201\Microsoft.Common.CurrentVersion.targets(2451,5): warning MSB3277:     References which depend on or have been unified to "WindowsBase, Version=6.0.2.0, Culture=neutral, PublicKeyToken=31bf3856ad364e35" []. [C:\Users\ultra\warewolf\Dev\Dev2.Studio.Core.Tests\Dev2.Studio.Core.Tests.csproj]
C:\Program Files\dotnet\sdk\10.0.201\Microsoft.Common.CurrentVersion.targets(2451,5): warning MSB3277:         C:\Users\ultra\warewolf\Dev\Binaries\Infragistcs_Net6\InfragisticsWPF4.Controls.Interactions.XamDialogWindow.v15.1.dll [C:\Users\ultra\warewolf\Dev\Dev2.Studio.Core.Tests\Dev2.Studio.Core.Tests.csproj]
C:\Program Files\dotnet\sdk\10.0.201\Microsoft.Common.CurrentVersion.targets(2451,5): warning MSB3277:           Project file item includes which caused reference "C:\Users\ultra\warewolf\Dev\Binaries\Infragistcs_Net6\InfragisticsWPF4.Controls.Interactions.XamDialogWindow.v15.1.dll". [C:\Users\ultra\warewolf\Dev\Dev2.Studio.Core.Tests\Dev2.Studio.Core.Tests.csproj]
C:\Program Files\dotnet\sdk\10.0.201\Microsoft.Common.CurrentVersion.targets(2451,5): warning MSB3277:             InfragisticsWPF4.Controls.Interactions.XamDialogWindow.v15.1 [C:\Users\ultra\warewolf\Dev\Dev2.Studio.Core.Tests\Dev2.Studio.Core.Tests.csproj]
C:\Program Files\dotnet\sdk\10.0.201\Microsoft.Common.CurrentVersion.targets(2451,5): warning MSB3277:         C:\Users\ultra\warewolf\Dev\Binaries\Infragistcs_Net6\InfragisticsWPF4.DockManager.v15.1.dll [C:\Users\ultra\warewolf\Dev\Dev2.Studio.Core.Tests\Dev2.Studio.Core.Tests.csproj]
C:\Program Files\dotnet\sdk\10.0.201\Microsoft.Common.CurrentVersion.targets(2451,5): warning MSB3277:           Project file item includes which caused reference "C:\Users\ultra\warewolf\Dev\Binaries\Infragistcs_Net6\InfragisticsWPF4.DockManager.v15.1.dll". [C:\Users\ultra\warewolf\Dev\Dev2.Studio.Core.Tests\Dev2.Studio.Core.Tests.csproj]
C:\Program Files\dotnet\sdk\10.0.201\Microsoft.Common.CurrentVersion.targets(2451,5): warning MSB3277:             InfragisticsWPF4.DockManager.v15.1, Version=15.1.20151.2055, Culture=neutral, PublicKeyToken=7dd5c3163f2cd0cb, processorArchitecture=MSIL [C:\Users\ultra\warewolf\Dev\Dev2.Studio.Core.Tests\Dev2.Studio.Core.Tests.csproj]
C:\Program Files\dotnet\sdk\10.0.201\Microsoft.Common.CurrentVersion.targets(2451,5): warning MSB3277:         C:\Users\ultra\warewolf\Dev\Binaries\Infragistcs_Net6\InfragisticsWPF4.v15.1.dll [C:\Users\ultra\warewolf\Dev\Dev2.Studio.Core.Tests\Dev2.Studio.Core.Tests.csproj]
C:\Program Files\dotnet\sdk\10.0.201\Microsoft.Common.CurrentVersion.targets(2451,5): warning MSB3277:           Project file item includes which caused reference "C:\Users\ultra\warewolf\Dev\Binaries\Infragistcs_Net6\InfragisticsWPF4.v15.1.dll". [C:\Users\ultra\warewolf\Dev\Dev2.Studio.Core.Tests\Dev2.Studio.Core.Tests.csproj]
C:\Program Files\dotnet\sdk\10.0.201\Microsoft.Common.CurrentVersion.targets(2451,5): warning MSB3277:             InfragisticsWPF4.v15.1, Version=15.1.20151.2055, Culture=neutral, PublicKeyToken=7dd5c3163f2cd0cb, processorArchitecture=MSIL [C:\Users\ultra\warewolf\Dev\Dev2.Studio.Core.Tests\Dev2.Studio.Core.Tests.csproj]
C:\Program Files\dotnet\sdk\10.0.201\Microsoft.Common.CurrentVersion.targets(2451,5): warning MSB3277:             InfragisticsWPF4.Controls.Interactions.XamDialogWindow.v15.1 [C:\Users\ultra\warewolf\Dev\Dev2.Studio.Core.Tests\Dev2.Studio.Core.Tests.csproj]
C:\Program Files\dotnet\sdk\10.0.201\Microsoft.Common.CurrentVersion.targets(2451,5): warning MSB3277:             InfragisticsWPF4.DockManager.v15.1, Version=15.1.20151.2055, Culture=neutral, PublicKeyToken=7dd5c3163f2cd0cb, processorArchitecture=MSIL [C:\Users\ultra\warewolf\Dev\Dev2.Studio.Core.Tests\Dev2.Studio.Core.Tests.csproj]
C:\Program Files\dotnet\sdk\10.0.201\Microsoft.Common.CurrentVersion.targets(2451,5): warning MSB3277:             InfragisticsWPF4.DataPresenter.v15.1 [C:\Users\ultra\warewolf\Dev\Dev2.Studio.Core.Tests\Dev2.Studio.Core.Tests.csproj]
C:\Program Files\dotnet\sdk\10.0.201\Microsoft.Common.CurrentVersion.targets(2451,5): warning MSB3277:         C:\Users\ultra\warewolf\Dev\Binaries\Infragistcs_Net6\InfragisticsWPF4.DataPresenter.v15.1.dll [C:\Users\ultra\warewolf\Dev\Dev2.Studio.Core.Tests\Dev2.Studio.Core.Tests.csproj]
C:\Program Files\dotnet\sdk\10.0.201\Microsoft.Common.CurrentVersion.targets(2451,5): warning MSB3277:           Project file item includes which caused reference "C:\Users\ultra\warewolf\Dev\Binaries\Infragistcs_Net6\InfragisticsWPF4.DataPresenter.v15.1.dll". [C:\Users\ultra\warewolf\Dev\Dev2.Studio.Core.Tests\Dev2.Studio.Core.Tests.csproj]
C:\Program Files\dotnet\sdk\10.0.201\Microsoft.Common.CurrentVersion.targets(2451,5): warning MSB3277:             InfragisticsWPF4.DataPresenter.v15.1 [C:\Users\ultra\warewolf\Dev\Dev2.Studio.Core.Tests\Dev2.Studio.Core.Tests.csproj]
C:\Program Files\dotnet\sdk\10.0.201\Microsoft.Common.CurrentVersion.targets(2451,5): warning MSB3277:         C:\Users\ultra\.nuget\packages\avalonedit\6.3.0.90\lib\net462\ICSharpCode.AvalonEdit.dll [C:\Users\ultra\warewolf\Dev\Dev2.Studio.Core.Tests\Dev2.Studio.Core.Tests.csproj]
C:\Program Files\dotnet\sdk\10.0.201\Microsoft.Common.CurrentVersion.targets(2451,5): warning MSB3277:           Project file item includes which caused reference "C:\Users\ultra\.nuget\packages\avalonedit\6.3.0.90\lib\net462\ICSharpCode.AvalonEdit.dll". [C:\Users\ultra\warewolf\Dev\Dev2.Studio.Core.Tests\Dev2.Studio.Core.Tests.csproj]
C:\Program Files\dotnet\sdk\10.0.201\Microsoft.Common.CurrentVersion.targets(2451,5): warning MSB3277:             C:\Users\ultra\.nuget\packages\avalonedit\6.3.0.90\lib\net462\ICSharpCode.AvalonEdit.dll [C:\Users\ultra\warewolf\Dev\Dev2.Studio.Core.Tests\Dev2.Studio.Core.Tests.csproj]
C:\Program Files\dotnet\sdk\10.0.201\Microsoft.Common.CurrentVersion.targets(2451,5): warning MSB3277:         C:\Users\ultra\.nuget\packages\caliburn.micro\4.0.212\lib\netcoreapp3.1\Caliburn.Micro.Platform.dll [C:\Users\ultra\warewolf\Dev\Dev2.Studio.Core.Tests\Dev2.Studio.Core.Tests.csproj]
C:\Program Files\dotnet\sdk\10.0.201\Microsoft.Common.CurrentVersion.targets(2451,5): warning MSB3277:           Project file item includes which caused reference "C:\Users\ultra\.nuget\packages\caliburn.micro\4.0.212\lib\netcoreapp3.1\Caliburn.Micro.Platform.dll". [C:\Users\ultra\warewolf\Dev\Dev2.Studio.Core.Tests\Dev2.Studio.Core.Tests.csproj]
C:\Program Files\dotnet\sdk\10.0.201\Microsoft.Common.CurrentVersion.targets(2451,5): warning MSB3277:             C:\Users\ultra\.nuget\packages\caliburn.micro\4.0.212\lib\netcoreapp3.1\Caliburn.Micro.Platform.dll [C:\Users\ultra\warewolf\Dev\Dev2.Studio.Core.Tests\Dev2.Studio.Core.Tests.csproj]
C:\Program Files\dotnet\sdk\10.0.201\Microsoft.Common.CurrentVersion.targets(2451,5): warning MSB3277:         C:\Users\ultra\.nuget\packages\extended.wpf.toolkit\4.4.0\lib\net5.0\Xceed.Wpf.AvalonDock.NET5.dll [C:\Users\ultra\warewolf\Dev\Dev2.Studio.Core.Tests\Dev2.Studio.Core.Tests.csproj]
C:\Program Files\dotnet\sdk\10.0.201\Microsoft.Common.CurrentVersion.targets(2451,5): warning MSB3277:           Project file item includes which caused reference "C:\Users\ultra\.nuget\packages\extended.wpf.toolkit\4.4.0\lib\net5.0\Xceed.Wpf.AvalonDock.NET5.dll". [C:\Users\ultra\warewolf\Dev\Dev2.Studio.Core.Tests\Dev2.Studio.Core.Tests.csproj]
C:\Program Files\dotnet\sdk\10.0.201\Microsoft.Common.CurrentVersion.targets(2451,5): warning MSB3277:             C:\Users\ultra\.nuget\packages\extended.wpf.toolkit\4.4.0\lib\net5.0\Xceed.Wpf.AvalonDock.NET5.dll [C:\Users\ultra\warewolf\Dev\Dev2.Studio.Core.Tests\Dev2.Studio.Core.Tests.csproj]
C:\Program Files\dotnet\sdk\10.0.201\Microsoft.Common.CurrentVersion.targets(2451,5): warning MSB3277:             C:\Users\ultra\.nuget\packages\extended.wpf.toolkit\4.4.0\lib\net5.0\Xceed.Wpf.AvalonDock.Themes.Aero.NET5.dll [C:\Users\ultra\warewolf\Dev\Dev2.Studio.Core.Tests\Dev2.Studio.Core.Tests.csproj]
C:\Program Files\dotnet\sdk\10.0.201\Microsoft.Common.CurrentVersion.targets(2451,5): warning MSB3277:             C:\Users\ultra\.nuget\packages\extended.wpf.toolkit\4.4.0\lib\net5.0\Xceed.Wpf.AvalonDock.Themes.Metro.NET5.dll [C:\Users\ultra\warewolf\Dev\Dev2.Studio.Core.Tests\Dev2.Studio.Core.Tests.csproj]
C:\Program Files\dotnet\sdk\10.0.201\Microsoft.Common.CurrentVersion.targets(2451,5): warning MSB3277:             C:\Users\ultra\.nuget\packages\extended.wpf.toolkit\4.4.0\lib\net5.0\Xceed.Wpf.AvalonDock.Themes.VS2010.NET5.dll [C:\Users\ultra\warewolf\Dev\Dev2.Studio.Core.Tests\Dev2.Studio.Core.Tests.csproj]
C:\Program Files\dotnet\sdk\10.0.201\Microsoft.Common.CurrentVersion.targets(2451,5): warning MSB3277:         C:\Users\ultra\.nuget\packages\extended.wpf.toolkit\4.4.0\lib\net5.0\Xceed.Wpf.AvalonDock.Themes.Aero.NET5.dll [C:\Users\ultra\warewolf\Dev\Dev2.Studio.Core.Tests\Dev2.Studio.Core.Tests.csproj]
C:\Program Files\dotnet\sdk\10.0.201\Microsoft.Common.CurrentVersion.targets(2451,5): warning MSB3277:           Project file item includes which caused reference "C:\Users\ultra\.nuget\packages\extended.wpf.toolkit\4.4.0\lib\net5.0\Xceed.Wpf.AvalonDock.Themes.Aero.NET5.dll". [C:\Users\ultra\warewolf\Dev\Dev2.Studio.Core.Tests\Dev2.Studio.Core.Tests.csproj]
C:\Program Files\dotnet\sdk\10.0.201\Microsoft.Common.CurrentVersion.targets(2451,5): warning MSB3277:             C:\Users\ultra\.nuget\packages\extended.wpf.toolkit\4.4.0\lib\net5.0\Xceed.Wpf.AvalonDock.Themes.Aero.NET5.dll [C:\Users\ultra\warewolf\Dev\Dev2.Studio.Core.Tests\Dev2.Studio.Core.Tests.csproj]
C:\Program Files\dotnet\sdk\10.0.201\Microsoft.Common.CurrentVersion.targets(2451,5): warning MSB3277:         C:\Users\ultra\.nuget\packages\extended.wpf.toolkit\4.4.0\lib\net5.0\Xceed.Wpf.Toolkit.NET5.dll [C:\Users\ultra\warewolf\Dev\Dev2.Studio.Core.Tests\Dev2.Studio.Core.Tests.csproj]
C:\Program Files\dotnet\sdk\10.0.201\Microsoft.Common.CurrentVersion.targets(2451,5): warning MSB3277:           Project file item includes which caused reference "C:\Users\ultra\.nuget\packages\extended.wpf.toolkit\4.4.0\lib\net5.0\Xceed.Wpf.Toolkit.NET5.dll". [C:\Users\ultra\warewolf\Dev\Dev2.Studio.Core.Tests\Dev2.Studio.Core.Tests.csproj]
C:\Program Files\dotnet\sdk\10.0.201\Microsoft.Common.CurrentVersion.targets(2451,5): warning MSB3277:             C:\Users\ultra\.nuget\packages\extended.wpf.toolkit\4.4.0\lib\net5.0\Xceed.Wpf.Toolkit.NET5.dll [C:\Users\ultra\warewolf\Dev\Dev2.Studio.Core.Tests\Dev2.Studio.Core.Tests.csproj]
C:\Program Files\dotnet\sdk\10.0.201\Microsoft.Common.CurrentVersion.targets(2451,5): warning MSB3277:         C:\Users\ultra\.nuget\packages\fontawesome.wpf\4.7.0.9\lib\net40\FontAwesome.WPF.dll [C:\Users\ultra\warewolf\Dev\Dev2.Studio.Core.Tests\Dev2.Studio.Core.Tests.csproj]
C:\Program Files\dotnet\sdk\10.0.201\Microsoft.Common.CurrentVersion.targets(2451,5): warning MSB3277:           Project file item includes which caused reference "C:\Users\ultra\.nuget\packages\fontawesome.wpf\4.7.0.9\lib\net40\FontAwesome.WPF.dll". [C:\Users\ultra\warewolf\Dev\Dev2.Studio.Core.Tests\Dev2.Studio.Core.Tests.csproj]
C:\Program Files\dotnet\sdk\10.0.201\Microsoft.Common.CurrentVersion.targets(2451,5): warning MSB3277:             C:\Users\ultra\.nuget\packages\fontawesome.wpf\4.7.0.9\lib\net40\FontAwesome.WPF.dll [C:\Users\ultra\warewolf\Dev\Dev2.Studio.Core.Tests\Dev2.Studio.Core.Tests.csproj]
C:\Program Files\dotnet\sdk\10.0.201\Microsoft.Common.CurrentVersion.targets(2451,5): warning MSB3277:         C:\Users\ultra\.nuget\packages\ironpython\3.4.0\lib\net6.0\IronPython.Wpf.dll [C:\Users\ultra\warewolf\Dev\Dev2.Studio.Core.Tests\Dev2.Studio.Core.Tests.csproj]
C:\Program Files\dotnet\sdk\10.0.201\Microsoft.Common.CurrentVersion.targets(2451,5): warning MSB3277:           Project file item includes which caused reference "C:\Users\ultra\.nuget\packages\ironpython\3.4.0\lib\net6.0\IronPython.Wpf.dll". [C:\Users\ultra\warewolf\Dev\Dev2.Studio.Core.Tests\Dev2.Studio.Core.Tests.csproj]
C:\Program Files\dotnet\sdk\10.0.201\Microsoft.Common.CurrentVersion.targets(2451,5): warning MSB3277:             C:\Users\ultra\.nuget\packages\ironpython\3.4.0\lib\net6.0\IronPython.Wpf.dll [C:\Users\ultra\warewolf\Dev\Dev2.Studio.Core.Tests\Dev2.Studio.Core.Tests.csproj]
C:\Program Files\dotnet\sdk\10.0.201\Microsoft.Common.CurrentVersion.targets(2451,5): warning MSB3277:         C:\Users\ultra\.nuget\packages\microsoft.xaml.behaviors.wpf\1.1.122\lib\net462\Microsoft.Xaml.Behaviors.dll [C:\Users\ultra\warewolf\Dev\Dev2.Studio.Core.Tests\Dev2.Studio.Core.Tests.csproj]
C:\Program Files\dotnet\sdk\10.0.201\Microsoft.Common.CurrentVersion.targets(2451,5): warning MSB3277:           Project file item includes which caused reference "C:\Users\ultra\.nuget\packages\microsoft.xaml.behaviors.wpf\1.1.122\lib\net462\Microsoft.Xaml.Behaviors.dll". [C:\Users\ultra\warewolf\Dev\Dev2.Studio.Core.Tests\Dev2.Studio.Core.Tests.csproj]
C:\Program Files\dotnet\sdk\10.0.201\Microsoft.Common.CurrentVersion.targets(2451,5): warning MSB3277:             C:\Users\ultra\.nuget\packages\microsoft.xaml.behaviors.wpf\1.1.122\lib\net462\Microsoft.Xaml.Behaviors.dll [C:\Users\ultra\warewolf\Dev\Dev2.Studio.Core.Tests\Dev2.Studio.Core.Tests.csproj]
C:\Program Files\dotnet\sdk\10.0.201\Microsoft.Common.CurrentVersion.targets(2451,5): warning MSB3277:             C:\Users\ultra\.nuget\packages\caliburn.micro\4.0.212\lib\netcoreapp3.1\Caliburn.Micro.Platform.dll [C:\Users\ultra\warewolf\Dev\Dev2.Studio.Core.Tests\Dev2.Studio.Core.Tests.csproj]
C:\Program Files\dotnet\sdk\10.0.201\Microsoft.Common.CurrentVersion.targets(2451,5): warning MSB3277:             C:\Users\ultra\.nuget\packages\prism.wpf\9.0.537\lib\net462\Prism.Wpf.dll [C:\Users\ultra\warewolf\Dev\Dev2.Studio.Core.Tests\Dev2.Studio.Core.Tests.csproj]
C:\Program Files\dotnet\sdk\10.0.201\Microsoft.Common.CurrentVersion.targets(2451,5): warning MSB3277:         C:\Users\ultra\.nuget\packages\prism.composition\5.0.0\lib\NET45\Microsoft.Practices.Prism.Composition.dll [C:\Users\ultra\warewolf\Dev\Dev2.Studio.Core.Tests\Dev2.Studio.Core.Tests.csproj]
C:\Program Files\dotnet\sdk\10.0.201\Microsoft.Common.CurrentVersion.targets(2451,5): warning MSB3277:           Project file item includes which caused reference "C:\Users\ultra\.nuget\packages\prism.composition\5.0.0\lib\NET45\Microsoft.Practices.Prism.Composition.dll". [C:\Users\ultra\warewolf\Dev\Dev2.Studio.Core.Tests\Dev2.Studio.Core.Tests.csproj]
C:\Program Files\dotnet\sdk\10.0.201\Microsoft.Common.CurrentVersion.targets(2451,5): warning MSB3277:             C:\Users\ultra\.nuget\packages\prism.composition\5.0.0\lib\NET45\Microsoft.Practices.Prism.Composition.dll [C:\Users\ultra\warewolf\Dev\Dev2.Studio.Core.Tests\Dev2.Studio.Core.Tests.csproj]
C:\Program Files\dotnet\sdk\10.0.201\Microsoft.Common.CurrentVersion.targets(2451,5): warning MSB3277:             C:\Users\ultra\.nuget\packages\prism.unityextensions\5.0.1\lib\NET45\Microsoft.Practices.Prism.UnityExtensions.dll [C:\Users\ultra\warewolf\Dev\Dev2.Studio.Core.Tests\Dev2.Studio.Core.Tests.csproj]
C:\Program Files\dotnet\sdk\10.0.201\Microsoft.Common.CurrentVersion.targets(2451,5): warning MSB3277:         C:\Users\ultra\.nuget\packages\prism.interactivity\5.0.0\lib\NET45\Microsoft.Practices.Prism.Interactivity.dll [C:\Users\ultra\warewolf\Dev\Dev2.Studio.Core.Tests\Dev2.Studio.Core.Tests.csproj]
C:\Program Files\dotnet\sdk\10.0.201\Microsoft.Common.CurrentVersion.targets(2451,5): warning MSB3277:           Project file item includes which caused reference "C:\Users\ultra\.nuget\packages\prism.interactivity\5.0.0\lib\NET45\Microsoft.Practices.Prism.Interactivity.dll". [C:\Users\ultra\warewolf\Dev\Dev2.Studio.Core.Tests\Dev2.Studio.Core.Tests.csproj]
C:\Program Files\dotnet\sdk\10.0.201\Microsoft.Common.CurrentVersion.targets(2451,5): warning MSB3277:             C:\Users\ultra\.nuget\packages\prism.interactivity\5.0.0\lib\NET45\Microsoft.Practices.Prism.Interactivity.dll [C:\Users\ultra\warewolf\Dev\Dev2.Studio.Core.Tests\Dev2.Studio.Core.Tests.csproj]
C:\Program Files\dotnet\sdk\10.0.201\Microsoft.Common.CurrentVersion.targets(2451,5): warning MSB3277:         C:\Users\ultra\.nuget\packages\prism.mvvm\1.0.0\lib\net45\Microsoft.Practices.Prism.Mvvm.Desktop.dll [C:\Users\ultra\warewolf\Dev\Dev2.Studio.Core.Tests\Dev2.Studio.Core.Tests.csproj]
C:\Program Files\dotnet\sdk\10.0.201\Microsoft.Common.CurrentVersion.targets(2451,5): warning MSB3277:           Project file item includes which caused reference "C:\Users\ultra\.nuget\packages\prism.mvvm\1.0.0\lib\net45\Microsoft.Practices.Prism.Mvvm.Desktop.dll". [C:\Users\ultra\warewolf\Dev\Dev2.Studio.Core.Tests\Dev2.Studio.Core.Tests.csproj]
C:\Program Files\dotnet\sdk\10.0.201\Microsoft.Common.CurrentVersion.targets(2451,5): warning MSB3277:             C:\Users\ultra\.nuget\packages\prism.mvvm\1.0.0\lib\net45\Microsoft.Practices.Prism.Mvvm.Desktop.dll [C:\Users\ultra\warewolf\Dev\Dev2.Studio.Core.Tests\Dev2.Studio.Core.Tests.csproj]
C:\Program Files\dotnet\sdk\10.0.201\Microsoft.Common.CurrentVersion.targets(2451,5): warning MSB3277:         C:\Users\ultra\.nuget\packages\prism.unityextensions\5.0.1\lib\NET45\Microsoft.Practices.Prism.UnityExtensions.dll [C:\Users\ultra\warewolf\Dev\Dev2.Studio.Core.Tests\Dev2.Studio.Core.Tests.csproj]
C:\Program Files\dotnet\sdk\10.0.201\Microsoft.Common.CurrentVersion.targets(2451,5): warning MSB3277:           Project file item includes which caused reference "C:\Users\ultra\.nuget\packages\prism.unityextensions\5.0.1\lib\NET45\Microsoft.Practices.Prism.UnityExtensions.dll". [C:\Users\ultra\warewolf\Dev\Dev2.Studio.Core.Tests\Dev2.Studio.Core.Tests.csproj]
C:\Program Files\dotnet\sdk\10.0.201\Microsoft.Common.CurrentVersion.targets(2451,5): warning MSB3277:             C:\Users\ultra\.nuget\packages\prism.unityextensions\5.0.1\lib\NET45\Microsoft.Practices.Prism.UnityExtensions.dll [C:\Users\ultra\warewolf\Dev\Dev2.Studio.Core.Tests\Dev2.Studio.Core.Tests.csproj]
C:\Program Files\dotnet\sdk\10.0.201\Microsoft.Common.CurrentVersion.targets(2451,5): warning MSB3277:         C:\Users\ultra\.nuget\packages\prism.wpf\9.0.537\lib\net462\Prism.Wpf.dll [C:\Users\ultra\warewolf\Dev\Dev2.Studio.Core.Tests\Dev2.Studio.Core.Tests.csproj]
C:\Program Files\dotnet\sdk\10.0.201\Microsoft.Common.CurrentVersion.targets(2451,5): warning MSB3277:           Project file item includes which caused reference "C:\Users\ultra\.nuget\packages\prism.wpf\9.0.537\lib\net462\Prism.Wpf.dll". [C:\Users\ultra\warewolf\Dev\Dev2.Studio.Core.Tests\Dev2.Studio.Core.Tests.csproj]
C:\Program Files\dotnet\sdk\10.0.201\Microsoft.Common.CurrentVersion.targets(2451,5): warning MSB3277:             C:\Users\ultra\.nuget\packages\prism.wpf\9.0.537\lib\net462\Prism.Wpf.dll [C:\Users\ultra\warewolf\Dev\Dev2.Studio.Core.Tests\Dev2.Studio.Core.Tests.csproj]
C:\Program Files\dotnet\sdk\10.0.201\Microsoft.Common.CurrentVersion.targets(2451,5): warning MSB3277:         C:\Users\ultra\.nuget\packages\reactiveui.wpf\18.4.1\lib\net462\ReactiveUI.Wpf.dll [C:\Users\ultra\warewolf\Dev\Dev2.Studio.Core.Tests\Dev2.Studio.Core.Tests.csproj]
C:\Program Files\dotnet\sdk\10.0.201\Microsoft.Common.CurrentVersion.targets(2451,5): warning MSB3277:           Project file item includes which caused reference "C:\Users\ultra\.nuget\packages\reactiveui.wpf\18.4.1\lib\net462\ReactiveUI.Wpf.dll". [C:\Users\ultra\warewolf\Dev\Dev2.Studio.Core.Tests\Dev2.Studio.Core.Tests.csproj]
C:\Program Files\dotnet\sdk\10.0.201\Microsoft.Common.CurrentVersion.targets(2451,5): warning MSB3277:             C:\Users\ultra\.nuget\packages\reactiveui.wpf\18.4.1\lib\net462\ReactiveUI.Wpf.dll [C:\Users\ultra\warewolf\Dev\Dev2.Studio.Core.Tests\Dev2.Studio.Core.Tests.csproj]
C:\Program Files\dotnet\sdk\10.0.201\Microsoft.Common.CurrentVersion.targets(2451,5): warning MSB3277:         C:\Users\ultra\warewolf\Dev\Binaries\Infragistcs_Net6\InfragisticsWPF4.Editors.v15.1.dll [C:\Users\ultra\warewolf\Dev\Dev2.Studio.Core.Tests\Dev2.Studio.Core.Tests.csproj]
C:\Program Files\dotnet\sdk\10.0.201\Microsoft.Common.CurrentVersion.targets(2451,5): warning MSB3277:           Project file item includes which caused reference "C:\Users\ultra\warewolf\Dev\Binaries\Infragistcs_Net6\InfragisticsWPF4.Editors.v15.1.dll". [C:\Users\ultra\warewolf\Dev\Dev2.Studio.Core.Tests\Dev2.Studio.Core.Tests.csproj]
C:\Program Files\dotnet\sdk\10.0.201\Microsoft.Common.CurrentVersion.targets(2451,5): warning MSB3277:             InfragisticsWPF4.DataPresenter.v15.1 [C:\Users\ultra\warewolf\Dev\Dev2.Studio.Core.Tests\Dev2.Studio.Core.Tests.csproj]
C:\Program Files\dotnet\sdk\10.0.201\Microsoft.Common.CurrentVersion.targets(2451,5): warning MSB3277: Found conflicts between different versions of "System.Drawing.Common" that could not be resolved. [C:\Users\ultra\warewolf\Dev\Dev2.Studio.Core.Tests\Dev2.Studio.Core.Tests.csproj]
C:\Program Files\dotnet\sdk\10.0.201\Microsoft.Common.CurrentVersion.targets(2451,5): warning MSB3277: There was a conflict between "System.Drawing.Common, Version=6.0.0.0, Culture=neutral, PublicKeyToken=cc7b13ffcd2ddd51" and "System.Drawing.Common, Version=8.0.0.0, Culture=neutral, PublicKeyToken=cc7b13ffcd2ddd51". [C:\Users\ultra\warewolf\Dev\Dev2.Studio.Core.Tests\Dev2.Studio.Core.Tests.csproj]
C:\Program Files\dotnet\sdk\10.0.201\Microsoft.Common.CurrentVersion.targets(2451,5): warning MSB3277:     "System.Drawing.Common, Version=6.0.0.0, Culture=neutral, PublicKeyToken=cc7b13ffcd2ddd51" was chosen because it was primary and "System.Drawing.Common, Version=8.0.0.0, Culture=neutral, PublicKeyToken=cc7b13ffcd2ddd51" was not. [C:\Users\ultra\warewolf\Dev\Dev2.Studio.Core.Tests\Dev2.Studio.Core.Tests.csproj]
C:\Program Files\dotnet\sdk\10.0.201\Microsoft.Common.CurrentVersion.targets(2451,5): warning MSB3277:     References which depend on "System.Drawing.Common, Version=6.0.0.0, Culture=neutral, PublicKeyToken=cc7b13ffcd2ddd51" [C:\Users\ultra\.nuget\packages\system.drawing.common\6.0.0\lib\net6.0\System.Drawing.Common.dll]. [C:\Users\ultra\warewolf\Dev\Dev2.Studio.Core.Tests\Dev2.Studio.Core.Tests.csproj]
C:\Program Files\dotnet\sdk\10.0.201\Microsoft.Common.CurrentVersion.targets(2451,5): warning MSB3277:         C:\Users\ultra\.nuget\packages\system.drawing.common\6.0.0\lib\net6.0\System.Drawing.Common.dll [C:\Users\ultra\warewolf\Dev\Dev2.Studio.Core.Tests\Dev2.Studio.Core.Tests.csproj]
C:\Program Files\dotnet\sdk\10.0.201\Microsoft.Common.CurrentVersion.targets(2451,5): warning MSB3277:           Project file item includes which caused reference "C:\Users\ultra\.nuget\packages\system.drawing.common\6.0.0\lib\net6.0\System.Drawing.Common.dll". [C:\Users\ultra\warewolf\Dev\Dev2.Studio.Core.Tests\Dev2.Studio.Core.Tests.csproj]
C:\Program Files\dotnet\sdk\10.0.201\Microsoft.Common.CurrentVersion.targets(2451,5): warning MSB3277:             C:\Users\ultra\.nuget\packages\system.drawing.common\6.0.0\lib\net6.0\System.Drawing.Common.dll [C:\Users\ultra\warewolf\Dev\Dev2.Studio.Core.Tests\Dev2.Studio.Core.Tests.csproj]
C:\Program Files\dotnet\sdk\10.0.201\Microsoft.Common.CurrentVersion.targets(2451,5): warning MSB3277:     References which depend on or have been unified to "System.Drawing.Common, Version=8.0.0.0, Culture=neutral, PublicKeyToken=cc7b13ffcd2ddd51" []. [C:\Users\ultra\warewolf\Dev\Dev2.Studio.Core.Tests\Dev2.Studio.Core.Tests.csproj]
C:\Program Files\dotnet\sdk\10.0.201\Microsoft.Common.CurrentVersion.targets(2451,5): warning MSB3277:         C:\Users\ultra\.nuget\packages\servicestack\6.3.0\lib\net6.0\ServiceStack.dll [C:\Users\ultra\warewolf\Dev\Dev2.Studio.Core.Tests\Dev2.Studio.Core.Tests.csproj]
C:\Program Files\dotnet\sdk\10.0.201\Microsoft.Common.CurrentVersion.targets(2451,5): warning MSB3277:           Project file item includes which caused reference "C:\Users\ultra\.nuget\packages\servicestack\6.3.0\lib\net6.0\ServiceStack.dll". [C:\Users\ultra\warewolf\Dev\Dev2.Studio.Core.Tests\Dev2.Studio.Core.Tests.csproj]
C:\Program Files\dotnet\sdk\10.0.201\Microsoft.Common.CurrentVersion.targets(2451,5): warning MSB3277:             C:\Users\ultra\.nuget\packages\servicestack\6.3.0\lib\net6.0\ServiceStack.dll [C:\Users\ultra\warewolf\Dev\Dev2.Studio.Core.Tests\Dev2.Studio.Core.Tests.csproj]
C:\Program Files\dotnet\sdk\10.0.201\Microsoft.Common.CurrentVersion.targets(2451,5): warning MSB3277:         C:\Users\ultra\.nuget\packages\system.windows.extensions\8.0.0\lib\net8.0\System.Windows.Extensions.dll [C:\Users\ultra\warewolf\Dev\Dev2.Studio.Core.Tests\Dev2.Studio.Core.Tests.csproj]
C:\Program Files\dotnet\sdk\10.0.201\Microsoft.Common.CurrentVersion.targets(2451,5): warning MSB3277:           Project file item includes which caused reference "C:\Users\ultra\.nuget\packages\system.windows.extensions\8.0.0\lib\net8.0\System.Windows.Extensions.dll". [C:\Users\ultra\warewolf\Dev\Dev2.Studio.Core.Tests\Dev2.Studio.Core.Tests.csproj]
C:\Program Files\dotnet\sdk\10.0.201\Microsoft.Common.CurrentVersion.targets(2451,5): warning MSB3277:             C:\Users\ultra\.nuget\packages\system.windows.extensions\8.0.0\lib\net8.0\System.Windows.Extensions.dll [C:\Users\ultra\warewolf\Dev\Dev2.Studio.Core.Tests\Dev2.Studio.Core.Tests.csproj]
C:\Program Files\dotnet\sdk\10.0.201\Microsoft.Common.CurrentVersion.targets(2451,5): warning MSB3277:             C:\Users\ultra\.nuget\packages\extended.wpf.toolkit\4.4.0\lib\net5.0\Xceed.Wpf.Toolkit.NET5.dll [C:\Users\ultra\warewolf\Dev\Dev2.Studio.Core.Tests\Dev2.Studio.Core.Tests.csproj]
C:\Program Files\dotnet\sdk\10.0.201\Microsoft.Common.CurrentVersion.targets(2451,5): warning MSB3277:             C:\Users\ultra\.nuget\packages\system.security.permissions\8.0.0\lib\net8.0\System.Security.Permissions.dll [C:\Users\ultra\warewolf\Dev\Dev2.Studio.Core.Tests\Dev2.Studio.Core.Tests.csproj]
C:\Program Files\dotnet\sdk\10.0.201\Microsoft.Common.CurrentVersion.targets(2451,5): warning MSB3277:             C:\Users\ultra\warewolf\Dev\Dev2.Data\bin\Debug\net8.0\Dev2.Data.dll [C:\Users\ultra\warewolf\Dev\Dev2.Studio.Core.Tests\Dev2.Studio.Core.Tests.csproj]
C:\Program Files\dotnet\sdk\10.0.201\Microsoft.Common.CurrentVersion.targets(2451,5): warning MSB3277:             C:\Users\ultra\warewolf\Dev\Dev2.Diagnostics.Tests\bin\Debug\net8.0\Dev2.Diagnostics.Tests.dll [C:\Users\ultra\warewolf\Dev\Dev2.Studio.Core.Tests\Dev2.Studio.Core.Tests.csproj]
C:\Program Files\dotnet\sdk\10.0.201\Microsoft.Common.CurrentVersion.targets(2451,5): warning MSB3277:             C:\Users\ultra\warewolf\Dev\Dev2.Infrastructure.Tests\bin\Debug\net8.0\Dev2.Infrastructure.Tests.dll [C:\Users\ultra\warewolf\Dev\Dev2.Studio.Core.Tests\Dev2.Studio.Core.Tests.csproj]
C:\Program Files\dotnet\sdk\10.0.201\Microsoft.Common.CurrentVersion.targets(2451,5): warning MSB3277:             C:\Users\ultra\warewolf\Dev\Dev2.Intellisense\bin\Debug\net8.0\Dev2.Intellisense.dll [C:\Users\ultra\warewolf\Dev\Dev2.Studio.Core.Tests\Dev2.Studio.Core.Tests.csproj]
C:\Program Files\dotnet\sdk\10.0.201\Microsoft.Common.CurrentVersion.targets(2451,5): warning MSB3277:             C:\Users\ultra\warewolf\Dev\Dev2.Runtime.Services\bin\Debug\net8.0\Dev2.Runtime.Services.dll [C:\Users\ultra\warewolf\Dev\Dev2.Studio.Core.Tests\Dev2.Studio.Core.Tests.csproj]
C:\Program Files\dotnet\sdk\10.0.201\Microsoft.Common.CurrentVersion.targets(2451,5): warning MSB3277:             C:\Users\ultra\warewolf\Dev\Dev2.Runtime\bin\Debug\net8.0\Dev2.Runtime.dll [C:\Users\ultra\warewolf\Dev\Dev2.Studio.Core.Tests\Dev2.Studio.Core.Tests.csproj]
C:\Program Files\dotnet\sdk\10.0.201\Microsoft.Common.CurrentVersion.targets(2451,5): warning MSB3277:             C:\Users\ultra\warewolf\Dev\Dev2.Scheduler\bin\Debug\net8.0\Dev2.Scheduler.dll [C:\Users\ultra\warewolf\Dev\Dev2.Studio.Core.Tests\Dev2.Studio.Core.Tests.csproj]
C:\Program Files\dotnet\sdk\10.0.201\Microsoft.Common.CurrentVersion.targets(2451,5): warning MSB3277:             C:\Users\ultra\warewolf\Dev\Dev2.Studio.Core\bin\Debug\net8.0\Dev2.Studio.Core.dll [C:\Users\ultra\warewolf\Dev\Dev2.Studio.Core.Tests\Dev2.Studio.Core.Tests.csproj]
C:\Program Files\dotnet\sdk\10.0.201\Microsoft.Common.CurrentVersion.targets(2451,5): warning MSB3277:             C:\Users\ultra\warewolf\Dev\Dev2.Studio.Interfaces\bin\Debug\net8.0\Dev2.Studio.Interfaces.dll [C:\Users\ultra\warewolf\Dev\Dev2.Studio.Core.Tests\Dev2.Studio.Core.Tests.csproj]
C:\Program Files\dotnet\sdk\10.0.201\Microsoft.Common.CurrentVersion.targets(2451,5): warning MSB3277:             C:\Users\ultra\warewolf\Dev\Dev2.Studio\bin\Debug\net8.0\Warewolf Studio.dll [C:\Users\ultra\warewolf\Dev\Dev2.Studio.Core.Tests\Dev2.Studio.Core.Tests.csproj]
C:\Program Files\dotnet\sdk\10.0.201\Microsoft.Common.CurrentVersion.targets(2451,5): warning MSB3277:             C:\Users\ultra\warewolf\Dev\Dev2.Activities\bin\Debug\net8.0\Dev2.Activities.dll [C:\Users\ultra\warewolf\Dev\Dev2.Studio.Core.Tests\Dev2.Studio.Core.Tests.csproj]
C:\Program Files\dotnet\sdk\10.0.201\Microsoft.Common.CurrentVersion.targets(2451,5): warning MSB3277:             C:\Users\ultra\warewolf\Dev\Dev2.Core\bin\Debug\net8.0\Dev2.Core.dll [C:\Users\ultra\warewolf\Dev\Dev2.Studio.Core.Tests\Dev2.Studio.Core.Tests.csproj]
C:\Program Files\dotnet\sdk\10.0.201\Microsoft.Common.CurrentVersion.targets(2451,5): warning MSB3277:             C:\Users\ultra\warewolf\Dev\Warewolf.Core\bin\Debug\net8.0\Warewolf.Core.dll [C:\Users\ultra\warewolf\Dev\Dev2.Studio.Core.Tests\Dev2.Studio.Core.Tests.csproj]
C:\Program Files\dotnet\sdk\10.0.201\Microsoft.Common.CurrentVersion.targets(2451,5): warning MSB3277:             C:\Users\ultra\warewolf\Dev\Warewolf.MergeParser.Tests\bin\Debug\net8.0\Warewolf.MergeParser.Tests.dll [C:\Users\ultra\warewolf\Dev\Dev2.Studio.Core.Tests\Dev2.Studio.Core.Tests.csproj]
C:\Program Files\dotnet\sdk\10.0.201\Microsoft.Common.CurrentVersion.targets(2451,5): warning MSB3277:             C:\Users\ultra\warewolf\Dev\Warewolf.Studio.Core\bin\Debug\net8.0\Warewolf.Studio.Core.dll [C:\Users\ultra\warewolf\Dev\Dev2.Studio.Core.Tests\Dev2.Studio.Core.Tests.csproj]
C:\Program Files\dotnet\sdk\10.0.201\Microsoft.Common.CurrentVersion.targets(2451,5): warning MSB3277:             C:\Users\ultra\warewolf\Dev\Warewolf.Studio.ViewModels\bin\Debug\net8.0\Warewolf.Studio.ViewModels.dll [C:\Users\ultra\warewolf\Dev\Dev2.Studio.Core.Tests\Dev2.Studio.Core.Tests.csproj]
C:\Program Files\dotnet\sdk\10.0.201\Microsoft.Common.CurrentVersion.targets(2451,5): warning MSB3277:             C:\Users\ultra\warewolf\Dev\Warewolf.Testing\bin\Debug\net8.0\Warewolf.Testing.dll [C:\Users\ultra\warewolf\Dev\Dev2.Studio.Core.Tests\Dev2.Studio.Core.Tests.csproj]
C:\Program Files\dotnet\sdk\10.0.201\Microsoft.Common.CurrentVersion.targets(2451,5): warning MSB3277:             C:\Users\ultra\warewolf\Dev\Warewolf.Trigger.Queue\bin\Debug\net8.0\Warewolf.Trigger.Queue.dll [C:\Users\ultra\warewolf\Dev\Dev2.Studio.Core.Tests\Dev2.Studio.Core.Tests.csproj]
C:\Program Files\dotnet\sdk\10.0.201\Microsoft.Common.CurrentVersion.targets(2451,5): warning MSB3277:             C:\Users\ultra\warewolf\Dev\Warewolf.UI\bin\Debug\net8.0\Warewolf.UI.dll [C:\Users\ultra\warewolf\Dev\Dev2.Studio.Core.Tests\Dev2.Studio.Core.Tests.csproj]
C:\Program Files\dotnet\sdk\10.0.201\Microsoft.Common.CurrentVersion.targets(2451,5): warning MSB3277:             C:\Users\ultra\warewolf\Dev\Dev2.Runtime.WebServer\bin\Debug\net8.0\Dev2.Runtime.WebServer.dll [C:\Users\ultra\warewolf\Dev\Dev2.Studio.Core.Tests\Dev2.Studio.Core.Tests.csproj]
C:\Program Files\dotnet\sdk\10.0.201\Microsoft.Common.CurrentVersion.targets(2451,5): warning MSB3277:             C:\Users\ultra\warewolf\Dev\Dev2.Services.Execution\bin\Debug\net8.0\Dev2.Services.Execution.dll [C:\Users\ultra\warewolf\Dev\Dev2.Studio.Core.Tests\Dev2.Studio.Core.Tests.csproj]
C:\Program Files\dotnet\sdk\10.0.201\Microsoft.Common.CurrentVersion.targets(2451,5): warning MSB3277:             C:\Users\ultra\warewolf\Dev\Warewolf.HangfireServer\bin\Debug\net8.0\HangfireServer.dll [C:\Users\ultra\warewolf\Dev\Dev2.Studio.Core.Tests\Dev2.Studio.Core.Tests.csproj]
C:\Program Files\dotnet\sdk\10.0.201\Microsoft.Common.CurrentVersion.targets(2451,5): warning MSB3277:             C:\Users\ultra\warewolf\Dev\Warewolf.QueueWorker\bin\Debug\net8.0\QueueWorker.dll [C:\Users\ultra\warewolf\Dev\Dev2.Studio.Core.Tests\Dev2.Studio.Core.Tests.csproj]
C:\Program Files\dotnet\sdk\10.0.201\Microsoft.Common.CurrentVersion.targets(2451,5): warning MSB3277:             C:\Users\ultra\warewolf\Dev\Dev2.Server\bin\Debug\net8.0\Warewolf Server.dll [C:\Users\ultra\warewolf\Dev\Dev2.Studio.Core.Tests\Dev2.Studio.Core.Tests.csproj]
C:\Program Files\dotnet\sdk\10.0.201\Microsoft.Common.CurrentVersion.targets(2451,5): warning MSB3277:             C:\Users\ultra\warewolf\Dev\Warewolf.Auditing\bin\Debug\net8.0\Warewolf.Auditing.dll [C:\Users\ultra\warewolf\Dev\Dev2.Studio.Core.Tests\Dev2.Studio.Core.Tests.csproj]
C:\Program Files\dotnet\sdk\10.0.201\Microsoft.Common.CurrentVersion.targets(2451,5): warning MSB3277:             C:\Users\ultra\warewolf\Dev\Warewolf.Common.Framework48\bin\Debug\net8.0\Warewolf.Common.Framework48.dll [C:\Users\ultra\warewolf\Dev\Dev2.Studio.Core.Tests\Dev2.Studio.Core.Tests.csproj]
C:\Program Files\dotnet\sdk\10.0.201\Microsoft.Common.CurrentVersion.targets(2451,5): warning MSB3277:             C:\Users\ultra\warewolf\Dev\Warewolf.Common.NetStandard20\bin\Debug\net8.0\Warewolf.Common.NetStandard20.dll [C:\Users\ultra\warewolf\Dev\Dev2.Studio.Core.Tests\Dev2.Studio.Core.Tests.csproj]
C:\Program Files\dotnet\sdk\10.0.201\Microsoft.Common.CurrentVersion.targets(2451,5): warning MSB3277:             C:\Users\ultra\warewolf\Dev\Warewolf.Driver.Persistence\bin\Debug\net8.0\Warewolf.Driver.Persistence.dll [C:\Users\ultra\warewolf\Dev\Dev2.Studio.Core.Tests\Dev2.Studio.Core.Tests.csproj]
C:\Program Files\dotnet\sdk\10.0.201\Microsoft.Common.CurrentVersion.targets(2451,5): warning MSB3277:             C:\Users\ultra\warewolf\Dev\Warewolf.Exchange.Email.Wrapper\bin\Debug\net8.0\Warewolf.Exchange.Email.Wrapper.dll [C:\Users\ultra\warewolf\Dev\Dev2.Studio.Core.Tests\Dev2.Studio.Core.Tests.csproj]
C:\Program Files\dotnet\sdk\10.0.201\Microsoft.Common.CurrentVersion.targets(2451,5): warning MSB3277:             C:\Users\ultra\warewolf\Dev\Warewolf.ResourceManagement\bin\Debug\net8.0\Warewolf.ResourceManagement.dll [C:\Users\ultra\warewolf\Dev\Dev2.Studio.Core.Tests\Dev2.Studio.Core.Tests.csproj]
C:\Program Files\dotnet\sdk\10.0.201\Microsoft.Common.CurrentVersion.targets(2451,5): warning MSB3277:             C:\Users\ultra\warewolf\Dev\Warewolf.Studio.CustomControls\bin\Debug\net8.0\Warewolf.Studio.CustomControls.dll [C:\Users\ultra\warewolf\Dev\Dev2.Studio.Core.Tests\Dev2.Studio.Core.Tests.csproj]
C:\Program Files\dotnet\sdk\10.0.201\Microsoft.Common.CurrentVersion.targets(2451,5): warning MSB3277:             C:\Users\ultra\warewolf\Dev\Warewolf.Studio.Models\bin\Debug\net8.0\Warewolf.Studio.Models.dll [C:\Users\ultra\warewolf\Dev\Dev2.Studio.Core.Tests\Dev2.Studio.Core.Tests.csproj]
C:\Program Files\dotnet\sdk\10.0.201\Microsoft.Common.CurrentVersion.targets(2451,5): warning MSB3277:             C:\Users\ultra\warewolf\Dev\Warewolf.Logger\bin\Debug\net8.0\WarewolfLogger.dll [C:\Users\ultra\warewolf\Dev\Dev2.Studio.Core.Tests\Dev2.Studio.Core.Tests.csproj]
C:\Program Files\dotnet\sdk\10.0.201\Microsoft.Common.CurrentVersion.targets(2451,5): warning MSB3277:             InfragisticsWPF4.DockManager.v15.1, Version=15.1.20151.2055, Culture=neutral, PublicKeyToken=7dd5c3163f2cd0cb, processorArchitecture=MSIL [C:\Users\ultra\warewolf\Dev\Dev2.Studio.Core.Tests\Dev2.Studio.Core.Tests.csproj]
C:\Program Files\dotnet\sdk\10.0.201\Microsoft.Common.CurrentVersion.targets(2451,5): warning MSB3277:             InfragisticsWPF4.v15.1, Version=15.1.20151.2055, Culture=neutral, PublicKeyToken=7dd5c3163f2cd0cb, processorArchitecture=MSIL [C:\Users\ultra\warewolf\Dev\Dev2.Studio.Core.Tests\Dev2.Studio.Core.Tests.csproj]
C:\Program Files\dotnet\sdk\10.0.201\Microsoft.Common.CurrentVersion.targets(2451,5): warning MSB3277:             InfragisticsWPF4.Controls.Interactions.XamDialogWindow.v15.1 [C:\Users\ultra\warewolf\Dev\Dev2.Studio.Core.Tests\Dev2.Studio.Core.Tests.csproj]
C:\Program Files\dotnet\sdk\10.0.201\Microsoft.Common.CurrentVersion.targets(2451,5): warning MSB3277:             InfragisticsWPF4.DataPresenter.v15.1 [C:\Users\ultra\warewolf\Dev\Dev2.Studio.Core.Tests\Dev2.Studio.Core.Tests.csproj]
C:\Program Files\dotnet\sdk\10.0.201\Microsoft.Common.CurrentVersion.targets(2451,5): warning MSB3277:             C:\Users\ultra\.nuget\packages\dotnetzip\1.16.0\lib\netstandard2.0\DotNetZip.dll [C:\Users\ultra\warewolf\Dev\Dev2.Studio.Core.Tests\Dev2.Studio.Core.Tests.csproj]
C:\Program Files\dotnet\sdk\10.0.201\Microsoft.Common.CurrentVersion.targets(2451,5): warning MSB3277:             C:\Users\ultra\warewolf\Dev\Dev2.Common\bin\Debug\net8.0\Dev2.Common.dll [C:\Users\ultra\warewolf\Dev\Dev2.Studio.Core.Tests\Dev2.Studio.Core.Tests.csproj]
C:\Program Files\dotnet\sdk\10.0.201\Microsoft.Common.CurrentVersion.targets(2451,5): warning MSB3277:             C:\Users\ultra\warewolf\Dev\Dev2.Data.Interfaces\bin\Debug\net8.0\Dev2.Data.Interfaces.dll [C:\Users\ultra\warewolf\Dev\Dev2.Studio.Core.Tests\Dev2.Studio.Core.Tests.csproj]
C:\Program Files\dotnet\sdk\10.0.201\Microsoft.Common.CurrentVersion.targets(2451,5): warning MSB3277:             C:\Users\ultra\warewolf\Dev\Dev2.Diagnostics\bin\Debug\net8.0\Dev2.Diagnostics.dll [C:\Users\ultra\warewolf\Dev\Dev2.Studio.Core.Tests\Dev2.Studio.Core.Tests.csproj]
C:\Program Files\dotnet\sdk\10.0.201\Microsoft.Common.CurrentVersion.targets(2451,5): warning MSB3277:             C:\Users\ultra\warewolf\Dev\Dev2.Infrastructure\bin\Debug\net8.0\Dev2.Infrastructure.dll [C:\Users\ultra\warewolf\Dev\Dev2.Studio.Core.Tests\Dev2.Studio.Core.Tests.csproj]
C:\Program Files\dotnet\sdk\10.0.201\Microsoft.Common.CurrentVersion.targets(2451,5): warning MSB3277:             C:\Users\ultra\warewolf\Dev\Dev2.TaskScheduler.Wrappers\bin\Debug\net8.0\Dev2.TaskScheduler.Wrappers.dll [C:\Users\ultra\warewolf\Dev\Dev2.Studio.Core.Tests\Dev2.Studio.Core.Tests.csproj]
C:\Program Files\dotnet\sdk\10.0.201\Microsoft.Common.CurrentVersion.targets(2451,5): warning MSB3277:             C:\Users\ultra\warewolf\Dev\Dev2.Util\bin\Debug\net8.0\Dev2.Util.dll [C:\Users\ultra\warewolf\Dev\Dev2.Studio.Core.Tests\Dev2.Studio.Core.Tests.csproj]
C:\Program Files\dotnet\sdk\10.0.201\Microsoft.Common.CurrentVersion.targets(2451,5): warning MSB3277:             C:\Users\ultra\warewolf\Dev\Dev2.Development.Languages\bin\Debug\net8.0\Dev2.Development.Languages.dll [C:\Users\ultra\warewolf\Dev\Dev2.Studio.Core.Tests\Dev2.Studio.Core.Tests.csproj]
C:\Program Files\dotnet\sdk\10.0.201\Microsoft.Common.CurrentVersion.targets(2451,5): warning MSB3277:             C:\Users\ultra\warewolf\Dev\Dev2.Services.Sql\bin\Debug\net8.0\Dev2.Services.Sql.dll [C:\Users\ultra\warewolf\Dev\Dev2.Studio.Core.Tests\Dev2.Studio.Core.Tests.csproj]
C:\Program Files\dotnet\sdk\10.0.201\Microsoft.Common.CurrentVersion.targets(2451,5): warning MSB3277:             C:\Users\ultra\warewolf\Dev\Warewolf.AI.Harness\bin\Debug\net8.0\Warewolf.AI.Harness.dll [C:\Users\ultra\warewolf\Dev\Dev2.Studio.Core.Tests\Dev2.Studio.Core.Tests.csproj]
C:\Program Files\dotnet\sdk\10.0.201\Microsoft.Common.CurrentVersion.targets(2451,5): warning MSB3277:             C:\Users\ultra\warewolf\Dev\Warewolf.Driver.Serilog\bin\Debug\net8.0\Warewolf.Driver.Serilog.dll [C:\Users\ultra\warewolf\Dev\Dev2.Studio.Core.Tests\Dev2.Studio.Core.Tests.csproj]
C:\Program Files\dotnet\sdk\10.0.201\Microsoft.Common.CurrentVersion.targets(2451,5): warning MSB3277:             C:\Users\ultra\warewolf\Dev\Warewolf.PerfMon\bin\Debug\net8.0\Warewolf.PerfMon.dll [C:\Users\ultra\warewolf\Dev\Dev2.Studio.Core.Tests\Dev2.Studio.Core.Tests.csproj]
C:\Program Files\dotnet\sdk\10.0.201\Microsoft.Common.CurrentVersion.targets(2451,5): warning MSB3277:             C:\Users\ultra\warewolf\Dev\Warewolf.Sharepoint\bin\Debug\net8.0\Warewolf.Sharepoint.dll [C:\Users\ultra\warewolf\Dev\Dev2.Studio.Core.Tests\Dev2.Studio.Core.Tests.csproj]
C:\Program Files\dotnet\sdk\10.0.201\Microsoft.Common.CurrentVersion.targets(2451,5): warning MSB3277:             C:\Users\ultra\warewolf\Dev\Warewolf.Storage\bin\Debug\net8.0\Warewolf.Storage.dll [C:\Users\ultra\warewolf\Dev\Dev2.Studio.Core.Tests\Dev2.Studio.Core.Tests.csproj]
C:\Program Files\dotnet\sdk\10.0.201\Microsoft.Common.CurrentVersion.targets(2451,5): warning MSB3277:             C:\Users\ultra\.nuget\packages\mindbox.data.linq\5.0.0\lib\netstandard2.0\Mindbox.Data.Linq.dll [C:\Users\ultra\warewolf\Dev\Dev2.Studio.Core.Tests\Dev2.Studio.Core.Tests.csproj]
C:\Program Files\dotnet\sdk\10.0.201\Microsoft.Common.CurrentVersion.targets(2451,5): warning MSB3277:             C:\Users\ultra\.nuget\packages\mysql.data\8.4.0\lib\net8.0\MySql.Data.dll [C:\Users\ultra\warewolf\Dev\Dev2.Studio.Core.Tests\Dev2.Studio.Core.Tests.csproj]
C:\Program Files\dotnet\sdk\10.0.201\Microsoft.Common.CurrentVersion.targets(2451,5): warning MSB3277:             C:\Users\ultra\.nuget\packages\oracle.manageddataaccess.core\3.21.70\lib\netstandard2.1\Oracle.ManagedDataAccess.dll [C:\Users\ultra\warewolf\Dev\Dev2.Studio.Core.Tests\Dev2.Studio.Core.Tests.csproj]
C:\Program Files\dotnet\sdk\10.0.201\Microsoft.Common.CurrentVersion.targets(2451,5): warning MSB3277:             C:\Users\ultra\.nuget\packages\system.directoryservices\6.0.0\lib\net6.0\System.DirectoryServices.dll [C:\Users\ultra\warewolf\Dev\Dev2.Studio.Core.Tests\Dev2.Studio.Core.Tests.csproj]
C:\Program Files\dotnet\sdk\10.0.201\Microsoft.Common.CurrentVersion.targets(2451,5): warning MSB3277:             C:\Users\ultra\.nuget\packages\corewcf.primitives\1.2.1\lib\netstandard2.0\CoreWCF.Primitives.dll [C:\Users\ultra\warewolf\Dev\Dev2.Studio.Core.Tests\Dev2.Studio.Core.Tests.csproj]
C:\Program Files\dotnet\sdk\10.0.201\Microsoft.Common.CurrentVersion.targets(2451,5): warning MSB3277:             C:\Users\ultra\.nuget\packages\corewcf.http\1.2.1\lib\netstandard2.0\CoreWCF.Http.dll [C:\Users\ultra\warewolf\Dev\Dev2.Studio.Core.Tests\Dev2.Studio.Core.Tests.csproj]
C:\Program Files\dotnet\sdk\10.0.201\Microsoft.Common.CurrentVersion.targets(2451,5): warning MSB3277:             C:\Users\ultra\.nuget\packages\corewcf.nettcp\1.2.1\lib\netstandard2.0\CoreWCF.NetTcp.dll [C:\Users\ultra\warewolf\Dev\Dev2.Studio.Core.Tests\Dev2.Studio.Core.Tests.csproj]
C:\Program Files\dotnet\sdk\10.0.201\Microsoft.Common.CurrentVersion.targets(2451,5): warning MSB3277:             C:\Users\ultra\.nuget\packages\corewcf.webhttp\1.2.1\lib\netstandard2.0\CoreWCF.WebHttp.dll [C:\Users\ultra\warewolf\Dev\Dev2.Studio.Core.Tests\Dev2.Studio.Core.Tests.csproj]
C:\Program Files\dotnet\sdk\10.0.201\Microsoft.Common.CurrentVersion.targets(2451,5): warning MSB3277:             C:\Program Files\dotnet\packs\Microsoft.NETCore.App.Ref\8.0.25\ref/net8.0/System.Configuration.dll [C:\Users\ultra\warewolf\Dev\Dev2.Studio.Core.Tests\Dev2.Studio.Core.Tests.csproj]
C:\Program Files\dotnet\sdk\10.0.201\Microsoft.Common.CurrentVersion.targets(2451,5): warning MSB3277:             C:\Users\ultra\.nuget\packages\prism.composition\5.0.0\lib\NET45\Microsoft.Practices.Prism.Composition.dll [C:\Users\ultra\warewolf\Dev\Dev2.Studio.Core.Tests\Dev2.Studio.Core.Tests.csproj]
C:\Program Files\dotnet\sdk\10.0.201\Microsoft.Common.CurrentVersion.targets(2451,5): warning MSB3277:             C:\Users\ultra\.nuget\packages\prism.unityextensions\5.0.1\lib\NET45\Microsoft.Practices.Prism.UnityExtensions.dll [C:\Users\ultra\warewolf\Dev\Dev2.Studio.Core.Tests\Dev2.Studio.Core.Tests.csproj]
C:\Program Files\dotnet\sdk\10.0.201\Microsoft.Common.CurrentVersion.targets(2451,5): warning MSB3277:             C:\Users\ultra\.nuget\packages\prism.wpf\9.0.537\lib\net462\Prism.Wpf.dll [C:\Users\ultra\warewolf\Dev\Dev2.Studio.Core.Tests\Dev2.Studio.Core.Tests.csproj]
C:\Program Files\dotnet\sdk\10.0.201\Microsoft.Common.CurrentVersion.targets(2451,5): warning MSB3277:             C:\Program Files\dotnet\packs\Microsoft.NETCore.App.Ref\8.0.25\ref/net8.0/System.Data.dll [C:\Users\ultra\warewolf\Dev\Dev2.Studio.Core.Tests\Dev2.Studio.Core.Tests.csproj]
C:\Program Files\dotnet\sdk\10.0.201\Microsoft.Common.CurrentVersion.targets(2451,5): warning MSB3277:             C:\Users\ultra\.nuget\packages\taskschedulereditor\2.10.1\lib\net452\Microsoft.Win32.TaskSchedulerEditor.dll [C:\Users\ultra\warewolf\Dev\Dev2.Studio.Core.Tests\Dev2.Studio.Core.Tests.csproj]
C:\Program Files\dotnet\sdk\10.0.201\Microsoft.Common.CurrentVersion.targets(2451,5): warning MSB3277:             C:\Program Files\dotnet\packs\Microsoft.NETCore.App.Ref\8.0.25\ref/net8.0/System.Drawing.dll [C:\Users\ultra\warewolf\Dev\Dev2.Studio.Core.Tests\Dev2.Studio.Core.Tests.csproj]
C:\Program Files\dotnet\sdk\10.0.201\Microsoft.Common.CurrentVersion.targets(2451,5): warning MSB3277:             C:\Users\ultra\.nuget\packages\aerowizard\2.3.1\lib\net45\AeroWizard.dll [C:\Users\ultra\warewolf\Dev\Dev2.Studio.Core.Tests\Dev2.Studio.Core.Tests.csproj]
C:\Program Files\dotnet\sdk\10.0.201\Microsoft.Common.CurrentVersion.targets(2451,5): warning MSB3277:             C:\Users\ultra\.nuget\packages\avalonedit\6.3.0.90\lib\net462\ICSharpCode.AvalonEdit.dll [C:\Users\ultra\warewolf\Dev\Dev2.Studio.Core.Tests\Dev2.Studio.Core.Tests.csproj]
C:\Program Files\dotnet\sdk\10.0.201\Microsoft.Common.CurrentVersion.targets(2451,5): warning MSB3277:             C:\Users\ultra\.nuget\packages\groupcontrols\1.9.0\lib\net45\GroupControls.dll [C:\Users\ultra\warewolf\Dev\Dev2.Studio.Core.Tests\Dev2.Studio.Core.Tests.csproj]
C:\Program Files\dotnet\sdk\10.0.201\Microsoft.Common.CurrentVersion.targets(2451,5): warning MSB3277:             C:\Program Files\dotnet\packs\Microsoft.NETCore.App.Ref\8.0.25\ref/net8.0/System.Net.dll [C:\Users\ultra\warewolf\Dev\Dev2.Studio.Core.Tests\Dev2.Studio.Core.Tests.csproj]
C:\Program Files\dotnet\sdk\10.0.201\Microsoft.Common.CurrentVersion.targets(2451,5): warning MSB3277:             C:\Program Files\dotnet\packs\Microsoft.NETCore.App.Ref\8.0.25\ref/net8.0/System.Security.dll [C:\Users\ultra\warewolf\Dev\Dev2.Studio.Core.Tests\Dev2.Studio.Core.Tests.csproj]
C:\Program Files\dotnet\sdk\10.0.201\Microsoft.Common.CurrentVersion.targets(2451,5): warning MSB3277:             C:\Program Files\dotnet\packs\Microsoft.NETCore.App.Ref\8.0.25\ref/net8.0/System.ServiceProcess.dll [C:\Users\ultra\warewolf\Dev\Dev2.Studio.Core.Tests\Dev2.Studio.Core.Tests.csproj]
C:\Program Files\dotnet\sdk\10.0.201\Microsoft.Common.CurrentVersion.targets(2451,5): warning MSB3277:             C:\Program Files\dotnet\packs\Microsoft.NETCore.App.Ref\8.0.25\ref/net8.0/System.Transactions.dll [C:\Users\ultra\warewolf\Dev\Dev2.Studio.Core.Tests\Dev2.Studio.Core.Tests.csproj]
C:\Program Files\dotnet\sdk\10.0.201\Microsoft.Common.CurrentVersion.targets(2451,5): warning MSB3277:             C:\Program Files\dotnet\packs\Microsoft.NETCore.App.Ref\8.0.25\ref/net8.0/System.dll [C:\Users\ultra\warewolf\Dev\Dev2.Studio.Core.Tests\Dev2.Studio.Core.Tests.csproj]
C:\Program Files\dotnet\sdk\10.0.201\Microsoft.Common.CurrentVersion.targets(2451,5): warning MSB3277:             C:\Users\ultra\.nuget\packages\fontawesome.wpf\4.7.0.9\lib\net40\FontAwesome.WPF.dll [C:\Users\ultra\warewolf\Dev\Dev2.Studio.Core.Tests\Dev2.Studio.Core.Tests.csproj]
C:\Program Files\dotnet\sdk\10.0.201\Microsoft.Common.CurrentVersion.targets(2451,5): warning MSB3277:             C:\Users\ultra\.nuget\packages\log4net.async\2.0.4\lib\net40\Log4Net.Async.dll [C:\Users\ultra\warewolf\Dev\Dev2.Studio.Core.Tests\Dev2.Studio.Core.Tests.csproj]
C:\Program Files\dotnet\sdk\10.0.201\Microsoft.Common.CurrentVersion.targets(2451,5): warning MSB3277:             C:\Users\ultra\.nuget\packages\microsoft.xaml.behaviors.wpf\1.1.122\lib\net462\Microsoft.Xaml.Behaviors.dll [C:\Users\ultra\warewolf\Dev\Dev2.Studio.Core.Tests\Dev2.Studio.Core.Tests.csproj]
C:\Program Files\dotnet\sdk\10.0.201\Microsoft.Common.CurrentVersion.targets(2451,5): warning MSB3277:             C:\Users\ultra\.nuget\packages\caliburn.micro\4.0.212\lib\netcoreapp3.1\Caliburn.Micro.Platform.dll [C:\Users\ultra\warewolf\Dev\Dev2.Studio.Core.Tests\Dev2.Studio.Core.Tests.csproj]
C:\Program Files\dotnet\sdk\10.0.201\Microsoft.Common.CurrentVersion.targets(2451,5): warning MSB3277:             C:\Users\ultra\.nuget\packages\prism.interactivity\5.0.0\lib\NET45\Microsoft.Practices.Prism.Interactivity.dll [C:\Users\ultra\warewolf\Dev\Dev2.Studio.Core.Tests\Dev2.Studio.Core.Tests.csproj]
C:\Program Files\dotnet\sdk\10.0.201\Microsoft.Common.CurrentVersion.targets(2451,5): warning MSB3277:             C:\Users\ultra\.nuget\packages\prism.mvvm\1.0.0\lib\net45\Microsoft.Practices.Prism.Mvvm.Desktop.dll [C:\Users\ultra\warewolf\Dev\Dev2.Studio.Core.Tests\Dev2.Studio.Core.Tests.csproj]
C:\Program Files\dotnet\sdk\10.0.201\Microsoft.Common.CurrentVersion.targets(2451,5): warning MSB3277:             C:\Users\ultra\.nuget\packages\reactiveui.wpf\18.4.1\lib\net462\ReactiveUI.Wpf.dll [C:\Users\ultra\warewolf\Dev\Dev2.Studio.Core.Tests\Dev2.Studio.Core.Tests.csproj]
C:\Program Files\dotnet\sdk\10.0.201\Microsoft.Common.CurrentVersion.targets(2451,5): warning MSB3277:             C:\Users\ultra\.nuget\packages\ttcue.netcore.sharepointonline.csom.16.1.8029.1200\16.1.8029.1200\lib\netcoreapp2.0\Microsoft.SharePoint.Client.Runtime.Windows.dll [C:\Users\ultra\warewolf\Dev\Dev2.Studio.Core.Tests\Dev2.Studio.Core.Tests.csproj]
C:\Program Files\dotnet\sdk\10.0.201\Microsoft.Common.CurrentVersion.targets(2451,5): warning MSB3277:             C:\Program Files\dotnet\packs\Microsoft.NETCore.App.Ref\8.0.25\ref/net8.0/WindowsBase.dll [C:\Users\ultra\warewolf\Dev\Dev2.Studio.Core.Tests\Dev2.Studio.Core.Tests.csproj]
C:\Program Files\dotnet\sdk\10.0.201\Microsoft.Common.CurrentVersion.targets(2451,5): warning MSB3277:             C:\Program Files\dotnet\packs\Microsoft.NETCore.App.Ref\8.0.25\ref/net8.0/mscorlib.dll [C:\Users\ultra\warewolf\Dev\Dev2.Studio.Core.Tests\Dev2.Studio.Core.Tests.csproj]
C:\Program Files\dotnet\sdk\10.0.201\Microsoft.Common.CurrentVersion.targets(2451,5): warning MSB3277:             C:\Users\ultra\.nuget\packages\hangfire.core\1.7.32\lib\netstandard2.0\Hangfire.Core.dll [C:\Users\ultra\warewolf\Dev\Dev2.Studio.Core.Tests\Dev2.Studio.Core.Tests.csproj]
C:\Program Files\dotnet\sdk\10.0.201\Microsoft.Common.CurrentVersion.targets(2451,5): warning MSB3277:             C:\Users\ultra\.nuget\packages\hangfire.aspnetcore\1.7.32\lib\netcoreapp3.0\Hangfire.AspNetCore.dll [C:\Users\ultra\warewolf\Dev\Dev2.Studio.Core.Tests\Dev2.Studio.Core.Tests.csproj]
C:\Program Files\dotnet\sdk\10.0.201\Microsoft.Common.CurrentVersion.targets(2451,5): warning MSB3277:             C:\Users\ultra\.nuget\packages\hangfire.sqlserver\1.7.32\lib\netstandard2.0\Hangfire.SqlServer.dll [C:\Users\ultra\warewolf\Dev\Dev2.Studio.Core.Tests\Dev2.Studio.Core.Tests.csproj]
C:\Program Files\dotnet\sdk\10.0.201\Microsoft.Common.CurrentVersion.targets(2451,5): warning MSB3277:             C:\Users\ultra\.nuget\packages\microsoft.codecoverage\17.13.0\lib\netcoreapp3.1\Microsoft.VisualStudio.CodeCoverage.Shim.dll [C:\Users\ultra\warewolf\Dev\Dev2.Studio.Core.Tests\Dev2.Studio.Core.Tests.csproj]
C:\Program Files\dotnet\sdk\10.0.201\Microsoft.Common.CurrentVersion.targets(2451,5): warning MSB3277:             C:\Users\ultra\.nuget\packages\unofficial.microsoft.mshtml\7.0.3300\lib\net40\Microsoft.mshtml.dll [C:\Users\ultra\warewolf\Dev\Dev2.Studio.Core.Tests\Dev2.Studio.Core.Tests.csproj]
C:\Program Files\dotnet\sdk\10.0.201\Microsoft.Common.CurrentVersion.targets(2451,5): warning MSB3277:         C:\Program Files\dotnet\packs\Microsoft.NETCore.App.Ref\8.0.25\ref\net8.0\System.Drawing.dll [C:\Users\ultra\warewolf\Dev\Dev2.Studio.Core.Tests\Dev2.Studio.Core.Tests.csproj]
C:\Program Files\dotnet\sdk\10.0.201\Microsoft.Common.CurrentVersion.targets(2451,5): warning MSB3277:           Project file item includes which caused reference "C:\Program Files\dotnet\packs\Microsoft.NETCore.App.Ref\8.0.25\ref\net8.0\System.Drawing.dll". [C:\Users\ultra\warewolf\Dev\Dev2.Studio.Core.Tests\Dev2.Studio.Core.Tests.csproj]
C:\Program Files\dotnet\sdk\10.0.201\Microsoft.Common.CurrentVersion.targets(2451,5): warning MSB3277:             C:\Program Files\dotnet\packs\Microsoft.NETCore.App.Ref\8.0.25\ref/net8.0/System.Drawing.dll [C:\Users\ultra\warewolf\Dev\Dev2.Studio.Core.Tests\Dev2.Studio.Core.Tests.csproj]
C:\Program Files\dotnet\sdk\10.0.201\Microsoft.Common.CurrentVersion.targets(2451,5): warning MSB3277:             C:\Users\ultra\.nuget\packages\aerowizard\2.3.1\lib\net45\AeroWizard.dll [C:\Users\ultra\warewolf\Dev\Dev2.Studio.Core.Tests\Dev2.Studio.Core.Tests.csproj]
C:\Program Files\dotnet\sdk\10.0.201\Microsoft.Common.CurrentVersion.targets(2451,5): warning MSB3277:             C:\Users\ultra\.nuget\packages\avalonedit\6.3.0.90\lib\net462\ICSharpCode.AvalonEdit.dll [C:\Users\ultra\warewolf\Dev\Dev2.Studio.Core.Tests\Dev2.Studio.Core.Tests.csproj]
C:\Program Files\dotnet\sdk\10.0.201\Microsoft.Common.CurrentVersion.targets(2451,5): warning MSB3277:             C:\Users\ultra\.nuget\packages\groupcontrols\1.9.0\lib\net45\GroupControls.dll [C:\Users\ultra\warewolf\Dev\Dev2.Studio.Core.Tests\Dev2.Studio.Core.Tests.csproj]
C:\Program Files\dotnet\sdk\10.0.201\Microsoft.Common.CurrentVersion.targets(2451,5): warning MSB3277:             C:\Users\ultra\.nuget\packages\taskschedulereditor\2.10.1\lib\net452\Microsoft.Win32.TaskSchedulerEditor.dll [C:\Users\ultra\warewolf\Dev\Dev2.Studio.Core.Tests\Dev2.Studio.Core.Tests.csproj]
  Dev2.Studio.Core.Tests -> C:\Users\ultra\warewolf\Dev\Dev2.Studio.Core.Tests\bin\Debug\net8.0\Dev2.Studio.Core.Tests.dll
C:\Program Files\dotnet\sdk\10.0.201\Microsoft.Common.CurrentVersion.targets(2451,5): warning MSB3277: Found conflicts between different versions of "WindowsBase" that could not be resolved. [C:\Users\ultra\warewolf\Dev\TestBase\TestBase.csproj]
C:\Program Files\dotnet\sdk\10.0.201\Microsoft.Common.CurrentVersion.targets(2451,5): warning MSB3277: There was a conflict between "WindowsBase, Version=4.0.0.0, Culture=neutral, PublicKeyToken=31bf3856ad364e35" and "WindowsBase, Version=6.0.2.0, Culture=neutral, PublicKeyToken=31bf3856ad364e35". [C:\Users\ultra\warewolf\Dev\TestBase\TestBase.csproj]
C:\Program Files\dotnet\sdk\10.0.201\Microsoft.Common.CurrentVersion.targets(2451,5): warning MSB3277:     "WindowsBase, Version=4.0.0.0, Culture=neutral, PublicKeyToken=31bf3856ad364e35" was chosen because it was primary and "WindowsBase, Version=6.0.2.0, Culture=neutral, PublicKeyToken=31bf3856ad364e35" was not. [C:\Users\ultra\warewolf\Dev\TestBase\TestBase.csproj]
C:\Program Files\dotnet\sdk\10.0.201\Microsoft.Common.CurrentVersion.targets(2451,5): warning MSB3277:     References which depend on "WindowsBase, Version=4.0.0.0, Culture=neutral, PublicKeyToken=31bf3856ad364e35" [C:\Program Files\dotnet\packs\Microsoft.NETCore.App.Ref\8.0.25\ref\net8.0\WindowsBase.dll]. [C:\Users\ultra\warewolf\Dev\TestBase\TestBase.csproj]
C:\Program Files\dotnet\sdk\10.0.201\Microsoft.Common.CurrentVersion.targets(2451,5): warning MSB3277:         C:\Program Files\dotnet\packs\Microsoft.NETCore.App.Ref\8.0.25\ref\net8.0\WindowsBase.dll [C:\Users\ultra\warewolf\Dev\TestBase\TestBase.csproj]
C:\Program Files\dotnet\sdk\10.0.201\Microsoft.Common.CurrentVersion.targets(2451,5): warning MSB3277:           Project file item includes which caused reference "C:\Program Files\dotnet\packs\Microsoft.NETCore.App.Ref\8.0.25\ref\net8.0\WindowsBase.dll". [C:\Users\ultra\warewolf\Dev\TestBase\TestBase.csproj]
C:\Program Files\dotnet\sdk\10.0.201\Microsoft.Common.CurrentVersion.targets(2451,5): warning MSB3277:             C:\Program Files\dotnet\packs\Microsoft.NETCore.App.Ref\8.0.25\ref/net8.0/WindowsBase.dll [C:\Users\ultra\warewolf\Dev\TestBase\TestBase.csproj]
C:\Program Files\dotnet\sdk\10.0.201\Microsoft.Common.CurrentVersion.targets(2451,5): warning MSB3277:     References which depend on or have been unified to "WindowsBase, Version=6.0.2.0, Culture=neutral, PublicKeyToken=31bf3856ad364e35" []. [C:\Users\ultra\warewolf\Dev\TestBase\TestBase.csproj]
C:\Program Files\dotnet\sdk\10.0.201\Microsoft.Common.CurrentVersion.targets(2451,5): warning MSB3277:         C:\Users\ultra\.nuget\packages\avalonedit\6.3.0.90\lib\net462\ICSharpCode.AvalonEdit.dll [C:\Users\ultra\warewolf\Dev\TestBase\TestBase.csproj]
C:\Program Files\dotnet\sdk\10.0.201\Microsoft.Common.CurrentVersion.targets(2451,5): warning MSB3277:           Project file item includes which caused reference "C:\Users\ultra\.nuget\packages\avalonedit\6.3.0.90\lib\net462\ICSharpCode.AvalonEdit.dll". [C:\Users\ultra\warewolf\Dev\TestBase\TestBase.csproj]
C:\Program Files\dotnet\sdk\10.0.201\Microsoft.Common.CurrentVersion.targets(2451,5): warning MSB3277:             C:\Users\ultra\.nuget\packages\avalonedit\6.3.0.90\lib\net462\ICSharpCode.AvalonEdit.dll [C:\Users\ultra\warewolf\Dev\TestBase\TestBase.csproj]
C:\Program Files\dotnet\sdk\10.0.201\Microsoft.Common.CurrentVersion.targets(2451,5): warning MSB3277:         C:\Users\ultra\.nuget\packages\caliburn.micro\4.0.212\lib\netcoreapp3.1\Caliburn.Micro.Platform.dll [C:\Users\ultra\warewolf\Dev\TestBase\TestBase.csproj]
C:\Program Files\dotnet\sdk\10.0.201\Microsoft.Common.CurrentVersion.targets(2451,5): warning MSB3277:           Project file item includes which caused reference "C:\Users\ultra\.nuget\packages\caliburn.micro\4.0.212\lib\netcoreapp3.1\Caliburn.Micro.Platform.dll". [C:\Users\ultra\warewolf\Dev\TestBase\TestBase.csproj]
C:\Program Files\dotnet\sdk\10.0.201\Microsoft.Common.CurrentVersion.targets(2451,5): warning MSB3277:             C:\Users\ultra\.nuget\packages\caliburn.micro\4.0.212\lib\netcoreapp3.1\Caliburn.Micro.Platform.dll [C:\Users\ultra\warewolf\Dev\TestBase\TestBase.csproj]
C:\Program Files\dotnet\sdk\10.0.201\Microsoft.Common.CurrentVersion.targets(2451,5): warning MSB3277:         C:\Users\ultra\.nuget\packages\extended.wpf.toolkit\4.4.0\lib\net5.0\Xceed.Wpf.AvalonDock.NET5.dll [C:\Users\ultra\warewolf\Dev\TestBase\TestBase.csproj]
C:\Program Files\dotnet\sdk\10.0.201\Microsoft.Common.CurrentVersion.targets(2451,5): warning MSB3277:           Project file item includes which caused reference "C:\Users\ultra\.nuget\packages\extended.wpf.toolkit\4.4.0\lib\net5.0\Xceed.Wpf.AvalonDock.NET5.dll". [C:\Users\ultra\warewolf\Dev\TestBase\TestBase.csproj]
C:\Program Files\dotnet\sdk\10.0.201\Microsoft.Common.CurrentVersion.targets(2451,5): warning MSB3277:             C:\Users\ultra\.nuget\packages\extended.wpf.toolkit\4.4.0\lib\net5.0\Xceed.Wpf.AvalonDock.NET5.dll [C:\Users\ultra\warewolf\Dev\TestBase\TestBase.csproj]
C:\Program Files\dotnet\sdk\10.0.201\Microsoft.Common.CurrentVersion.targets(2451,5): warning MSB3277:             C:\Users\ultra\.nuget\packages\extended.wpf.toolkit\4.4.0\lib\net5.0\Xceed.Wpf.AvalonDock.Themes.Aero.NET5.dll [C:\Users\ultra\warewolf\Dev\TestBase\TestBase.csproj]
C:\Program Files\dotnet\sdk\10.0.201\Microsoft.Common.CurrentVersion.targets(2451,5): warning MSB3277:             C:\Users\ultra\.nuget\packages\extended.wpf.toolkit\4.4.0\lib\net5.0\Xceed.Wpf.AvalonDock.Themes.Metro.NET5.dll [C:\Users\ultra\warewolf\Dev\TestBase\TestBase.csproj]
C:\Program Files\dotnet\sdk\10.0.201\Microsoft.Common.CurrentVersion.targets(2451,5): warning MSB3277:             C:\Users\ultra\.nuget\packages\extended.wpf.toolkit\4.4.0\lib\net5.0\Xceed.Wpf.AvalonDock.Themes.VS2010.NET5.dll [C:\Users\ultra\warewolf\Dev\TestBase\TestBase.csproj]
C:\Program Files\dotnet\sdk\10.0.201\Microsoft.Common.CurrentVersion.targets(2451,5): warning MSB3277:         C:\Users\ultra\.nuget\packages\extended.wpf.toolkit\4.4.0\lib\net5.0\Xceed.Wpf.AvalonDock.Themes.Aero.NET5.dll [C:\Users\ultra\warewolf\Dev\TestBase\TestBase.csproj]
C:\Program Files\dotnet\sdk\10.0.201\Microsoft.Common.CurrentVersion.targets(2451,5): warning MSB3277:           Project file item includes which caused reference "C:\Users\ultra\.nuget\packages\extended.wpf.toolkit\4.4.0\lib\net5.0\Xceed.Wpf.AvalonDock.Themes.Aero.NET5.dll". [C:\Users\ultra\warewolf\Dev\TestBase\TestBase.csproj]
C:\Program Files\dotnet\sdk\10.0.201\Microsoft.Common.CurrentVersion.targets(2451,5): warning MSB3277:             C:\Users\ultra\.nuget\packages\extended.wpf.toolkit\4.4.0\lib\net5.0\Xceed.Wpf.AvalonDock.Themes.Aero.NET5.dll [C:\Users\ultra\warewolf\Dev\TestBase\TestBase.csproj]
C:\Program Files\dotnet\sdk\10.0.201\Microsoft.Common.CurrentVersion.targets(2451,5): warning MSB3277:         C:\Users\ultra\.nuget\packages\extended.wpf.toolkit\4.4.0\lib\net5.0\Xceed.Wpf.Toolkit.NET5.dll [C:\Users\ultra\warewolf\Dev\TestBase\TestBase.csproj]
C:\Program Files\dotnet\sdk\10.0.201\Microsoft.Common.CurrentVersion.targets(2451,5): warning MSB3277:           Project file item includes which caused reference "C:\Users\ultra\.nuget\packages\extended.wpf.toolkit\4.4.0\lib\net5.0\Xceed.Wpf.Toolkit.NET5.dll". [C:\Users\ultra\warewolf\Dev\TestBase\TestBase.csproj]
C:\Program Files\dotnet\sdk\10.0.201\Microsoft.Common.CurrentVersion.targets(2451,5): warning MSB3277:             C:\Users\ultra\.nuget\packages\extended.wpf.toolkit\4.4.0\lib\net5.0\Xceed.Wpf.Toolkit.NET5.dll [C:\Users\ultra\warewolf\Dev\TestBase\TestBase.csproj]
C:\Program Files\dotnet\sdk\10.0.201\Microsoft.Common.CurrentVersion.targets(2451,5): warning MSB3277:         C:\Users\ultra\.nuget\packages\fontawesome.wpf\4.7.0.9\lib\net40\FontAwesome.WPF.dll [C:\Users\ultra\warewolf\Dev\TestBase\TestBase.csproj]
C:\Program Files\dotnet\sdk\10.0.201\Microsoft.Common.CurrentVersion.targets(2451,5): warning MSB3277:           Project file item includes which caused reference "C:\Users\ultra\.nuget\packages\fontawesome.wpf\4.7.0.9\lib\net40\FontAwesome.WPF.dll". [C:\Users\ultra\warewolf\Dev\TestBase\TestBase.csproj]
C:\Program Files\dotnet\sdk\10.0.201\Microsoft.Common.CurrentVersion.targets(2451,5): warning MSB3277:             C:\Users\ultra\.nuget\packages\fontawesome.wpf\4.7.0.9\lib\net40\FontAwesome.WPF.dll [C:\Users\ultra\warewolf\Dev\TestBase\TestBase.csproj]
C:\Program Files\dotnet\sdk\10.0.201\Microsoft.Common.CurrentVersion.targets(2451,5): warning MSB3277:         C:\Users\ultra\.nuget\packages\ironpython\3.4.0\lib\net6.0\IronPython.Wpf.dll [C:\Users\ultra\warewolf\Dev\TestBase\TestBase.csproj]
C:\Program Files\dotnet\sdk\10.0.201\Microsoft.Common.CurrentVersion.targets(2451,5): warning MSB3277:           Project file item includes which caused reference "C:\Users\ultra\.nuget\packages\ironpython\3.4.0\lib\net6.0\IronPython.Wpf.dll". [C:\Users\ultra\warewolf\Dev\TestBase\TestBase.csproj]
C:\Program Files\dotnet\sdk\10.0.201\Microsoft.Common.CurrentVersion.targets(2451,5): warning MSB3277:             C:\Users\ultra\.nuget\packages\ironpython\3.4.0\lib\net6.0\IronPython.Wpf.dll [C:\Users\ultra\warewolf\Dev\TestBase\TestBase.csproj]
C:\Program Files\dotnet\sdk\10.0.201\Microsoft.Common.CurrentVersion.targets(2451,5): warning MSB3277:         C:\Users\ultra\.nuget\packages\microsoft.xaml.behaviors.wpf\1.1.122\lib\net462\Microsoft.Xaml.Behaviors.dll [C:\Users\ultra\warewolf\Dev\TestBase\TestBase.csproj]
C:\Program Files\dotnet\sdk\10.0.201\Microsoft.Common.CurrentVersion.targets(2451,5): warning MSB3277:           Project file item includes which caused reference "C:\Users\ultra\.nuget\packages\microsoft.xaml.behaviors.wpf\1.1.122\lib\net462\Microsoft.Xaml.Behaviors.dll". [C:\Users\ultra\warewolf\Dev\TestBase\TestBase.csproj]
C:\Program Files\dotnet\sdk\10.0.201\Microsoft.Common.CurrentVersion.targets(2451,5): warning MSB3277:             C:\Users\ultra\.nuget\packages\microsoft.xaml.behaviors.wpf\1.1.122\lib\net462\Microsoft.Xaml.Behaviors.dll [C:\Users\ultra\warewolf\Dev\TestBase\TestBase.csproj]
C:\Program Files\dotnet\sdk\10.0.201\Microsoft.Common.CurrentVersion.targets(2451,5): warning MSB3277:             C:\Users\ultra\.nuget\packages\caliburn.micro\4.0.212\lib\netcoreapp3.1\Caliburn.Micro.Platform.dll [C:\Users\ultra\warewolf\Dev\TestBase\TestBase.csproj]
C:\Program Files\dotnet\sdk\10.0.201\Microsoft.Common.CurrentVersion.targets(2451,5): warning MSB3277:             C:\Users\ultra\.nuget\packages\prism.wpf\9.0.537\lib\net462\Prism.Wpf.dll [C:\Users\ultra\warewolf\Dev\TestBase\TestBase.csproj]
C:\Program Files\dotnet\sdk\10.0.201\Microsoft.Common.CurrentVersion.targets(2451,5): warning MSB3277:         C:\Users\ultra\.nuget\packages\prism.composition\5.0.0\lib\NET45\Microsoft.Practices.Prism.Composition.dll [C:\Users\ultra\warewolf\Dev\TestBase\TestBase.csproj]
C:\Program Files\dotnet\sdk\10.0.201\Microsoft.Common.CurrentVersion.targets(2451,5): warning MSB3277:           Project file item includes which caused reference "C:\Users\ultra\.nuget\packages\prism.composition\5.0.0\lib\NET45\Microsoft.Practices.Prism.Composition.dll". [C:\Users\ultra\warewolf\Dev\TestBase\TestBase.csproj]
C:\Program Files\dotnet\sdk\10.0.201\Microsoft.Common.CurrentVersion.targets(2451,5): warning MSB3277:             C:\Users\ultra\.nuget\packages\prism.composition\5.0.0\lib\NET45\Microsoft.Practices.Prism.Composition.dll [C:\Users\ultra\warewolf\Dev\TestBase\TestBase.csproj]
C:\Program Files\dotnet\sdk\10.0.201\Microsoft.Common.CurrentVersion.targets(2451,5): warning MSB3277:             C:\Users\ultra\.nuget\packages\prism.unityextensions\5.0.1\lib\NET45\Microsoft.Practices.Prism.UnityExtensions.dll [C:\Users\ultra\warewolf\Dev\TestBase\TestBase.csproj]
C:\Program Files\dotnet\sdk\10.0.201\Microsoft.Common.CurrentVersion.targets(2451,5): warning MSB3277:         C:\Users\ultra\.nuget\packages\prism.interactivity\5.0.0\lib\NET45\Microsoft.Practices.Prism.Interactivity.dll [C:\Users\ultra\warewolf\Dev\TestBase\TestBase.csproj]
C:\Program Files\dotnet\sdk\10.0.201\Microsoft.Common.CurrentVersion.targets(2451,5): warning MSB3277:           Project file item includes which caused reference "C:\Users\ultra\.nuget\packages\prism.interactivity\5.0.0\lib\NET45\Microsoft.Practices.Prism.Interactivity.dll". [C:\Users\ultra\warewolf\Dev\TestBase\TestBase.csproj]
C:\Program Files\dotnet\sdk\10.0.201\Microsoft.Common.CurrentVersion.targets(2451,5): warning MSB3277:             C:\Users\ultra\.nuget\packages\prism.interactivity\5.0.0\lib\NET45\Microsoft.Practices.Prism.Interactivity.dll [C:\Users\ultra\warewolf\Dev\TestBase\TestBase.csproj]
C:\Program Files\dotnet\sdk\10.0.201\Microsoft.Common.CurrentVersion.targets(2451,5): warning MSB3277:         C:\Users\ultra\.nuget\packages\prism.mvvm\1.0.0\lib\net45\Microsoft.Practices.Prism.Mvvm.Desktop.dll [C:\Users\ultra\warewolf\Dev\TestBase\TestBase.csproj]
C:\Program Files\dotnet\sdk\10.0.201\Microsoft.Common.CurrentVersion.targets(2451,5): warning MSB3277:           Project file item includes which caused reference "C:\Users\ultra\.nuget\packages\prism.mvvm\1.0.0\lib\net45\Microsoft.Practices.Prism.Mvvm.Desktop.dll". [C:\Users\ultra\warewolf\Dev\TestBase\TestBase.csproj]
C:\Program Files\dotnet\sdk\10.0.201\Microsoft.Common.CurrentVersion.targets(2451,5): warning MSB3277:             C:\Users\ultra\.nuget\packages\prism.mvvm\1.0.0\lib\net45\Microsoft.Practices.Prism.Mvvm.Desktop.dll [C:\Users\ultra\warewolf\Dev\TestBase\TestBase.csproj]
C:\Program Files\dotnet\sdk\10.0.201\Microsoft.Common.CurrentVersion.targets(2451,5): warning MSB3277:         C:\Users\ultra\.nuget\packages\prism.unityextensions\5.0.1\lib\NET45\Microsoft.Practices.Prism.UnityExtensions.dll [C:\Users\ultra\warewolf\Dev\TestBase\TestBase.csproj]
C:\Program Files\dotnet\sdk\10.0.201\Microsoft.Common.CurrentVersion.targets(2451,5): warning MSB3277:           Project file item includes which caused reference "C:\Users\ultra\.nuget\packages\prism.unityextensions\5.0.1\lib\NET45\Microsoft.Practices.Prism.UnityExtensions.dll". [C:\Users\ultra\warewolf\Dev\TestBase\TestBase.csproj]
C:\Program Files\dotnet\sdk\10.0.201\Microsoft.Common.CurrentVersion.targets(2451,5): warning MSB3277:             C:\Users\ultra\.nuget\packages\prism.unityextensions\5.0.1\lib\NET45\Microsoft.Practices.Prism.UnityExtensions.dll [C:\Users\ultra\warewolf\Dev\TestBase\TestBase.csproj]
C:\Program Files\dotnet\sdk\10.0.201\Microsoft.Common.CurrentVersion.targets(2451,5): warning MSB3277:         C:\Users\ultra\.nuget\packages\prism.wpf\9.0.537\lib\net462\Prism.Wpf.dll [C:\Users\ultra\warewolf\Dev\TestBase\TestBase.csproj]
C:\Program Files\dotnet\sdk\10.0.201\Microsoft.Common.CurrentVersion.targets(2451,5): warning MSB3277:           Project file item includes which caused reference "C:\Users\ultra\.nuget\packages\prism.wpf\9.0.537\lib\net462\Prism.Wpf.dll". [C:\Users\ultra\warewolf\Dev\TestBase\TestBase.csproj]
C:\Program Files\dotnet\sdk\10.0.201\Microsoft.Common.CurrentVersion.targets(2451,5): warning MSB3277:             C:\Users\ultra\.nuget\packages\prism.wpf\9.0.537\lib\net462\Prism.Wpf.dll [C:\Users\ultra\warewolf\Dev\TestBase\TestBase.csproj]
C:\Program Files\dotnet\sdk\10.0.201\Microsoft.Common.CurrentVersion.targets(2451,5): warning MSB3277:         C:\Users\ultra\.nuget\packages\reactiveui.wpf\18.4.1\lib\net462\ReactiveUI.Wpf.dll [C:\Users\ultra\warewolf\Dev\TestBase\TestBase.csproj]
C:\Program Files\dotnet\sdk\10.0.201\Microsoft.Common.CurrentVersion.targets(2451,5): warning MSB3277:           Project file item includes which caused reference "C:\Users\ultra\.nuget\packages\reactiveui.wpf\18.4.1\lib\net462\ReactiveUI.Wpf.dll". [C:\Users\ultra\warewolf\Dev\TestBase\TestBase.csproj]
C:\Program Files\dotnet\sdk\10.0.201\Microsoft.Common.CurrentVersion.targets(2451,5): warning MSB3277:             C:\Users\ultra\.nuget\packages\reactiveui.wpf\18.4.1\lib\net462\ReactiveUI.Wpf.dll [C:\Users\ultra\warewolf\Dev\TestBase\TestBase.csproj]
C:\Program Files\dotnet\sdk\10.0.201\Microsoft.Common.CurrentVersion.targets(2451,5): warning MSB3277: Found conflicts between different versions of "System.Drawing.Common" that could not be resolved. [C:\Users\ultra\warewolf\Dev\TestBase\TestBase.csproj]
C:\Program Files\dotnet\sdk\10.0.201\Microsoft.Common.CurrentVersion.targets(2451,5): warning MSB3277: There was a conflict between "System.Drawing.Common, Version=6.0.0.0, Culture=neutral, PublicKeyToken=cc7b13ffcd2ddd51" and "System.Drawing.Common, Version=8.0.0.0, Culture=neutral, PublicKeyToken=cc7b13ffcd2ddd51". [C:\Users\ultra\warewolf\Dev\TestBase\TestBase.csproj]
C:\Program Files\dotnet\sdk\10.0.201\Microsoft.Common.CurrentVersion.targets(2451,5): warning MSB3277:     "System.Drawing.Common, Version=6.0.0.0, Culture=neutral, PublicKeyToken=cc7b13ffcd2ddd51" was chosen because it was primary and "System.Drawing.Common, Version=8.0.0.0, Culture=neutral, PublicKeyToken=cc7b13ffcd2ddd51" was not. [C:\Users\ultra\warewolf\Dev\TestBase\TestBase.csproj]
C:\Program Files\dotnet\sdk\10.0.201\Microsoft.Common.CurrentVersion.targets(2451,5): warning MSB3277:     References which depend on "System.Drawing.Common, Version=6.0.0.0, Culture=neutral, PublicKeyToken=cc7b13ffcd2ddd51" [C:\Users\ultra\.nuget\packages\system.drawing.common\6.0.0\lib\net6.0\System.Drawing.Common.dll]. [C:\Users\ultra\warewolf\Dev\TestBase\TestBase.csproj]
C:\Program Files\dotnet\sdk\10.0.201\Microsoft.Common.CurrentVersion.targets(2451,5): warning MSB3277:         C:\Users\ultra\.nuget\packages\system.drawing.common\6.0.0\lib\net6.0\System.Drawing.Common.dll [C:\Users\ultra\warewolf\Dev\TestBase\TestBase.csproj]
C:\Program Files\dotnet\sdk\10.0.201\Microsoft.Common.CurrentVersion.targets(2451,5): warning MSB3277:           Project file item includes which caused reference "C:\Users\ultra\.nuget\packages\system.drawing.common\6.0.0\lib\net6.0\System.Drawing.Common.dll". [C:\Users\ultra\warewolf\Dev\TestBase\TestBase.csproj]
C:\Program Files\dotnet\sdk\10.0.201\Microsoft.Common.CurrentVersion.targets(2451,5): warning MSB3277:             C:\Users\ultra\.nuget\packages\system.drawing.common\6.0.0\lib\net6.0\System.Drawing.Common.dll [C:\Users\ultra\warewolf\Dev\TestBase\TestBase.csproj]
C:\Program Files\dotnet\sdk\10.0.201\Microsoft.Common.CurrentVersion.targets(2451,5): warning MSB3277:     References which depend on or have been unified to "System.Drawing.Common, Version=8.0.0.0, Culture=neutral, PublicKeyToken=cc7b13ffcd2ddd51" []. [C:\Users\ultra\warewolf\Dev\TestBase\TestBase.csproj]
C:\Program Files\dotnet\sdk\10.0.201\Microsoft.Common.CurrentVersion.targets(2451,5): warning MSB3277:         C:\Users\ultra\.nuget\packages\servicestack\6.3.0\lib\net6.0\ServiceStack.dll [C:\Users\ultra\warewolf\Dev\TestBase\TestBase.csproj]
C:\Program Files\dotnet\sdk\10.0.201\Microsoft.Common.CurrentVersion.targets(2451,5): warning MSB3277:           Project file item includes which caused reference "C:\Users\ultra\.nuget\packages\servicestack\6.3.0\lib\net6.0\ServiceStack.dll". [C:\Users\ultra\warewolf\Dev\TestBase\TestBase.csproj]
C:\Program Files\dotnet\sdk\10.0.201\Microsoft.Common.CurrentVersion.targets(2451,5): warning MSB3277:             C:\Users\ultra\.nuget\packages\servicestack\6.3.0\lib\net6.0\ServiceStack.dll [C:\Users\ultra\warewolf\Dev\TestBase\TestBase.csproj]
C:\Program Files\dotnet\sdk\10.0.201\Microsoft.Common.CurrentVersion.targets(2451,5): warning MSB3277:         C:\Users\ultra\.nuget\packages\system.windows.extensions\8.0.0\lib\net8.0\System.Windows.Extensions.dll [C:\Users\ultra\warewolf\Dev\TestBase\TestBase.csproj]
C:\Program Files\dotnet\sdk\10.0.201\Microsoft.Common.CurrentVersion.targets(2451,5): warning MSB3277:           Project file item includes which caused reference "C:\Users\ultra\.nuget\packages\system.windows.extensions\8.0.0\lib\net8.0\System.Windows.Extensions.dll". [C:\Users\ultra\warewolf\Dev\TestBase\TestBase.csproj]
C:\Program Files\dotnet\sdk\10.0.201\Microsoft.Common.CurrentVersion.targets(2451,5): warning MSB3277:             C:\Users\ultra\.nuget\packages\system.windows.extensions\8.0.0\lib\net8.0\System.Windows.Extensions.dll [C:\Users\ultra\warewolf\Dev\TestBase\TestBase.csproj]
C:\Program Files\dotnet\sdk\10.0.201\Microsoft.Common.CurrentVersion.targets(2451,5): warning MSB3277:             C:\Users\ultra\.nuget\packages\extended.wpf.toolkit\4.4.0\lib\net5.0\Xceed.Wpf.Toolkit.NET5.dll [C:\Users\ultra\warewolf\Dev\TestBase\TestBase.csproj]
C:\Program Files\dotnet\sdk\10.0.201\Microsoft.Common.CurrentVersion.targets(2451,5): warning MSB3277:             C:\Users\ultra\.nuget\packages\system.security.permissions\8.0.0\lib\net8.0\System.Security.Permissions.dll [C:\Users\ultra\warewolf\Dev\TestBase\TestBase.csproj]
C:\Program Files\dotnet\sdk\10.0.201\Microsoft.Common.CurrentVersion.targets(2451,5): warning MSB3277:             C:\Users\ultra\warewolf\Dev\Dev2.Data\bin\Debug\net8.0\Dev2.Data.dll [C:\Users\ultra\warewolf\Dev\TestBase\TestBase.csproj]
C:\Program Files\dotnet\sdk\10.0.201\Microsoft.Common.CurrentVersion.targets(2451,5): warning MSB3277:             C:\Users\ultra\warewolf\Dev\Dev2.Studio.Core\bin\Debug\net8.0\Dev2.Studio.Core.dll [C:\Users\ultra\warewolf\Dev\TestBase\TestBase.csproj]
C:\Program Files\dotnet\sdk\10.0.201\Microsoft.Common.CurrentVersion.targets(2451,5): warning MSB3277:             C:\Users\ultra\warewolf\Dev\Dev2.Studio.Interfaces\bin\Debug\net8.0\Dev2.Studio.Interfaces.dll [C:\Users\ultra\warewolf\Dev\TestBase\TestBase.csproj]
C:\Program Files\dotnet\sdk\10.0.201\Microsoft.Common.CurrentVersion.targets(2451,5): warning MSB3277:             C:\Users\ultra\warewolf\Dev\Dev2.Activities\bin\Debug\net8.0\Dev2.Activities.dll [C:\Users\ultra\warewolf\Dev\TestBase\TestBase.csproj]
C:\Program Files\dotnet\sdk\10.0.201\Microsoft.Common.CurrentVersion.targets(2451,5): warning MSB3277:             C:\Users\ultra\warewolf\Dev\Dev2.Core\bin\Debug\net8.0\Dev2.Core.dll [C:\Users\ultra\warewolf\Dev\TestBase\TestBase.csproj]
C:\Program Files\dotnet\sdk\10.0.201\Microsoft.Common.CurrentVersion.targets(2451,5): warning MSB3277:             C:\Users\ultra\warewolf\Dev\Dev2.Diagnostics.Tests\bin\Debug\net8.0\Dev2.Diagnostics.Tests.dll [C:\Users\ultra\warewolf\Dev\TestBase\TestBase.csproj]
C:\Program Files\dotnet\sdk\10.0.201\Microsoft.Common.CurrentVersion.targets(2451,5): warning MSB3277:             C:\Users\ultra\warewolf\Dev\Dev2.Infrastructure.Tests\bin\Debug\net8.0\Dev2.Infrastructure.Tests.dll [C:\Users\ultra\warewolf\Dev\TestBase\TestBase.csproj]
C:\Program Files\dotnet\sdk\10.0.201\Microsoft.Common.CurrentVersion.targets(2451,5): warning MSB3277:             C:\Users\ultra\warewolf\Dev\Dev2.Intellisense\bin\Debug\net8.0\Dev2.Intellisense.dll [C:\Users\ultra\warewolf\Dev\TestBase\TestBase.csproj]
C:\Program Files\dotnet\sdk\10.0.201\Microsoft.Common.CurrentVersion.targets(2451,5): warning MSB3277:             C:\Users\ultra\warewolf\Dev\Dev2.Runtime\bin\Debug\net8.0\Dev2.Runtime.dll [C:\Users\ultra\warewolf\Dev\TestBase\TestBase.csproj]
C:\Program Files\dotnet\sdk\10.0.201\Microsoft.Common.CurrentVersion.targets(2451,5): warning MSB3277:             C:\Users\ultra\warewolf\Dev\Dev2.Runtime.Services\bin\Debug\net8.0\Dev2.Runtime.Services.dll [C:\Users\ultra\warewolf\Dev\TestBase\TestBase.csproj]
C:\Program Files\dotnet\sdk\10.0.201\Microsoft.Common.CurrentVersion.targets(2451,5): warning MSB3277:             C:\Users\ultra\warewolf\Dev\Dev2.Runtime.WebServer\bin\Debug\net8.0\Dev2.Runtime.WebServer.dll [C:\Users\ultra\warewolf\Dev\TestBase\TestBase.csproj]
C:\Program Files\dotnet\sdk\10.0.201\Microsoft.Common.CurrentVersion.targets(2451,5): warning MSB3277:             C:\Users\ultra\warewolf\Dev\Dev2.Scheduler\bin\Debug\net8.0\Dev2.Scheduler.dll [C:\Users\ultra\warewolf\Dev\TestBase\TestBase.csproj]
C:\Program Files\dotnet\sdk\10.0.201\Microsoft.Common.CurrentVersion.targets(2451,5): warning MSB3277:             C:\Users\ultra\warewolf\Dev\Dev2.Services.Execution\bin\Debug\net8.0\Dev2.Services.Execution.dll [C:\Users\ultra\warewolf\Dev\TestBase\TestBase.csproj]
C:\Program Files\dotnet\sdk\10.0.201\Microsoft.Common.CurrentVersion.targets(2451,5): warning MSB3277:             C:\Users\ultra\warewolf\Dev\Warewolf.HangfireServer\bin\Debug\net8.0\HangfireServer.dll [C:\Users\ultra\warewolf\Dev\TestBase\TestBase.csproj]
C:\Program Files\dotnet\sdk\10.0.201\Microsoft.Common.CurrentVersion.targets(2451,5): warning MSB3277:             C:\Users\ultra\warewolf\Dev\Warewolf.QueueWorker\bin\Debug\net8.0\QueueWorker.dll [C:\Users\ultra\warewolf\Dev\TestBase\TestBase.csproj]
C:\Program Files\dotnet\sdk\10.0.201\Microsoft.Common.CurrentVersion.targets(2451,5): warning MSB3277:             C:\Users\ultra\warewolf\Dev\Dev2.Server\bin\Debug\net8.0\Warewolf Server.dll [C:\Users\ultra\warewolf\Dev\TestBase\TestBase.csproj]
C:\Program Files\dotnet\sdk\10.0.201\Microsoft.Common.CurrentVersion.targets(2451,5): warning MSB3277:             C:\Users\ultra\warewolf\Dev\Dev2.Studio\bin\Debug\net8.0\Warewolf Studio.dll [C:\Users\ultra\warewolf\Dev\TestBase\TestBase.csproj]
C:\Program Files\dotnet\sdk\10.0.201\Microsoft.Common.CurrentVersion.targets(2451,5): warning MSB3277:             C:\Users\ultra\warewolf\Dev\Warewolf.Auditing\bin\Debug\net8.0\Warewolf.Auditing.dll [C:\Users\ultra\warewolf\Dev\TestBase\TestBase.csproj]
C:\Program Files\dotnet\sdk\10.0.201\Microsoft.Common.CurrentVersion.targets(2451,5): warning MSB3277:             C:\Users\ultra\warewolf\Dev\Warewolf.Common.Framework48\bin\Debug\net8.0\Warewolf.Common.Framework48.dll [C:\Users\ultra\warewolf\Dev\TestBase\TestBase.csproj]
C:\Program Files\dotnet\sdk\10.0.201\Microsoft.Common.CurrentVersion.targets(2451,5): warning MSB3277:             C:\Users\ultra\warewolf\Dev\Warewolf.Common.NetStandard20\bin\Debug\net8.0\Warewolf.Common.NetStandard20.dll [C:\Users\ultra\warewolf\Dev\TestBase\TestBase.csproj]
C:\Program Files\dotnet\sdk\10.0.201\Microsoft.Common.CurrentVersion.targets(2451,5): warning MSB3277:             C:\Users\ultra\warewolf\Dev\Warewolf.Core\bin\Debug\net8.0\Warewolf.Core.dll [C:\Users\ultra\warewolf\Dev\TestBase\TestBase.csproj]
C:\Program Files\dotnet\sdk\10.0.201\Microsoft.Common.CurrentVersion.targets(2451,5): warning MSB3277:             C:\Users\ultra\warewolf\Dev\Warewolf.Driver.Persistence\bin\Debug\net8.0\Warewolf.Driver.Persistence.dll [C:\Users\ultra\warewolf\Dev\TestBase\TestBase.csproj]
C:\Program Files\dotnet\sdk\10.0.201\Microsoft.Common.CurrentVersion.targets(2451,5): warning MSB3277:             C:\Users\ultra\warewolf\Dev\Warewolf.Exchange.Email.Wrapper\bin\Debug\net8.0\Warewolf.Exchange.Email.Wrapper.dll [C:\Users\ultra\warewolf\Dev\TestBase\TestBase.csproj]
C:\Program Files\dotnet\sdk\10.0.201\Microsoft.Common.CurrentVersion.targets(2451,5): warning MSB3277:             C:\Users\ultra\warewolf\Dev\Warewolf.MergeParser.Tests\bin\Debug\net8.0\Warewolf.MergeParser.Tests.dll [C:\Users\ultra\warewolf\Dev\TestBase\TestBase.csproj]
C:\Program Files\dotnet\sdk\10.0.201\Microsoft.Common.CurrentVersion.targets(2451,5): warning MSB3277:             C:\Users\ultra\warewolf\Dev\Warewolf.ResourceManagement\bin\Debug\net8.0\Warewolf.ResourceManagement.dll [C:\Users\ultra\warewolf\Dev\TestBase\TestBase.csproj]
C:\Program Files\dotnet\sdk\10.0.201\Microsoft.Common.CurrentVersion.targets(2451,5): warning MSB3277:             C:\Users\ultra\warewolf\Dev\Warewolf.Studio.Core\bin\Debug\net8.0\Warewolf.Studio.Core.dll [C:\Users\ultra\warewolf\Dev\TestBase\TestBase.csproj]
C:\Program Files\dotnet\sdk\10.0.201\Microsoft.Common.CurrentVersion.targets(2451,5): warning MSB3277:             C:\Users\ultra\warewolf\Dev\Warewolf.Studio.CustomControls\bin\Debug\net8.0\Warewolf.Studio.CustomControls.dll [C:\Users\ultra\warewolf\Dev\TestBase\TestBase.csproj]
C:\Program Files\dotnet\sdk\10.0.201\Microsoft.Common.CurrentVersion.targets(2451,5): warning MSB3277:             C:\Users\ultra\warewolf\Dev\Warewolf.Studio.Models\bin\Debug\net8.0\Warewolf.Studio.Models.dll [C:\Users\ultra\warewolf\Dev\TestBase\TestBase.csproj]
C:\Program Files\dotnet\sdk\10.0.201\Microsoft.Common.CurrentVersion.targets(2451,5): warning MSB3277:             C:\Users\ultra\warewolf\Dev\Warewolf.Studio.ViewModels\bin\Debug\net8.0\Warewolf.Studio.ViewModels.dll [C:\Users\ultra\warewolf\Dev\TestBase\TestBase.csproj]
C:\Program Files\dotnet\sdk\10.0.201\Microsoft.Common.CurrentVersion.targets(2451,5): warning MSB3277:             C:\Users\ultra\warewolf\Dev\Warewolf.Testing\bin\Debug\net8.0\Warewolf.Testing.dll [C:\Users\ultra\warewolf\Dev\TestBase\TestBase.csproj]
C:\Program Files\dotnet\sdk\10.0.201\Microsoft.Common.CurrentVersion.targets(2451,5): warning MSB3277:             C:\Users\ultra\warewolf\Dev\Warewolf.Trigger.Queue\bin\Debug\net8.0\Warewolf.Trigger.Queue.dll [C:\Users\ultra\warewolf\Dev\TestBase\TestBase.csproj]
C:\Program Files\dotnet\sdk\10.0.201\Microsoft.Common.CurrentVersion.targets(2451,5): warning MSB3277:             C:\Users\ultra\warewolf\Dev\Warewolf.UI\bin\Debug\net8.0\Warewolf.UI.dll [C:\Users\ultra\warewolf\Dev\TestBase\TestBase.csproj]
C:\Program Files\dotnet\sdk\10.0.201\Microsoft.Common.CurrentVersion.targets(2451,5): warning MSB3277:             C:\Users\ultra\warewolf\Dev\Warewolf.Logger\bin\Debug\net8.0\WarewolfLogger.dll [C:\Users\ultra\warewolf\Dev\TestBase\TestBase.csproj]
C:\Program Files\dotnet\sdk\10.0.201\Microsoft.Common.CurrentVersion.targets(2451,5): warning MSB3277:             C:\Users\ultra\.nuget\packages\dotnetzip\1.16.0\lib\netstandard2.0\DotNetZip.dll [C:\Users\ultra\warewolf\Dev\TestBase\TestBase.csproj]
C:\Program Files\dotnet\sdk\10.0.201\Microsoft.Common.CurrentVersion.targets(2451,5): warning MSB3277:             C:\Users\ultra\warewolf\Dev\Dev2.Common\bin\Debug\net8.0\Dev2.Common.dll [C:\Users\ultra\warewolf\Dev\TestBase\TestBase.csproj]
C:\Program Files\dotnet\sdk\10.0.201\Microsoft.Common.CurrentVersion.targets(2451,5): warning MSB3277:             C:\Users\ultra\warewolf\Dev\Dev2.Infrastructure\bin\Debug\net8.0\Dev2.Infrastructure.dll [C:\Users\ultra\warewolf\Dev\TestBase\TestBase.csproj]
C:\Program Files\dotnet\sdk\10.0.201\Microsoft.Common.CurrentVersion.targets(2451,5): warning MSB3277:             C:\Users\ultra\warewolf\Dev\Dev2.Data.Interfaces\bin\Debug\net8.0\Dev2.Data.Interfaces.dll [C:\Users\ultra\warewolf\Dev\TestBase\TestBase.csproj]
C:\Program Files\dotnet\sdk\10.0.201\Microsoft.Common.CurrentVersion.targets(2451,5): warning MSB3277:             C:\Users\ultra\warewolf\Dev\Dev2.Development.Languages\bin\Debug\net8.0\Dev2.Development.Languages.dll [C:\Users\ultra\warewolf\Dev\TestBase\TestBase.csproj]
C:\Program Files\dotnet\sdk\10.0.201\Microsoft.Common.CurrentVersion.targets(2451,5): warning MSB3277:             C:\Users\ultra\warewolf\Dev\Dev2.Diagnostics\bin\Debug\net8.0\Dev2.Diagnostics.dll [C:\Users\ultra\warewolf\Dev\TestBase\TestBase.csproj]
C:\Program Files\dotnet\sdk\10.0.201\Microsoft.Common.CurrentVersion.targets(2451,5): warning MSB3277:             C:\Users\ultra\warewolf\Dev\Dev2.Services.Sql\bin\Debug\net8.0\Dev2.Services.Sql.dll [C:\Users\ultra\warewolf\Dev\TestBase\TestBase.csproj]
C:\Program Files\dotnet\sdk\10.0.201\Microsoft.Common.CurrentVersion.targets(2451,5): warning MSB3277:             C:\Users\ultra\warewolf\Dev\Dev2.TaskScheduler.Wrappers\bin\Debug\net8.0\Dev2.TaskScheduler.Wrappers.dll [C:\Users\ultra\warewolf\Dev\TestBase\TestBase.csproj]
C:\Program Files\dotnet\sdk\10.0.201\Microsoft.Common.CurrentVersion.targets(2451,5): warning MSB3277:             C:\Users\ultra\warewolf\Dev\Dev2.Util\bin\Debug\net8.0\Dev2.Util.dll [C:\Users\ultra\warewolf\Dev\TestBase\TestBase.csproj]
C:\Program Files\dotnet\sdk\10.0.201\Microsoft.Common.CurrentVersion.targets(2451,5): warning MSB3277:             C:\Users\ultra\warewolf\Dev\Warewolf.AI.Harness\bin\Debug\net8.0\Warewolf.AI.Harness.dll [C:\Users\ultra\warewolf\Dev\TestBase\TestBase.csproj]
C:\Program Files\dotnet\sdk\10.0.201\Microsoft.Common.CurrentVersion.targets(2451,5): warning MSB3277:             C:\Users\ultra\warewolf\Dev\Warewolf.Driver.Serilog\bin\Debug\net8.0\Warewolf.Driver.Serilog.dll [C:\Users\ultra\warewolf\Dev\TestBase\TestBase.csproj]
C:\Program Files\dotnet\sdk\10.0.201\Microsoft.Common.CurrentVersion.targets(2451,5): warning MSB3277:             C:\Users\ultra\warewolf\Dev\Warewolf.PerfMon\bin\Debug\net8.0\Warewolf.PerfMon.dll [C:\Users\ultra\warewolf\Dev\TestBase\TestBase.csproj]
C:\Program Files\dotnet\sdk\10.0.201\Microsoft.Common.CurrentVersion.targets(2451,5): warning MSB3277:             C:\Users\ultra\warewolf\Dev\Warewolf.Sharepoint\bin\Debug\net8.0\Warewolf.Sharepoint.dll [C:\Users\ultra\warewolf\Dev\TestBase\TestBase.csproj]
C:\Program Files\dotnet\sdk\10.0.201\Microsoft.Common.CurrentVersion.targets(2451,5): warning MSB3277:             C:\Users\ultra\warewolf\Dev\Warewolf.Storage\bin\Debug\net8.0\Warewolf.Storage.dll [C:\Users\ultra\warewolf\Dev\TestBase\TestBase.csproj]
C:\Program Files\dotnet\sdk\10.0.201\Microsoft.Common.CurrentVersion.targets(2451,5): warning MSB3277:             C:\Users\ultra\.nuget\packages\mindbox.data.linq\5.0.0\lib\netstandard2.0\Mindbox.Data.Linq.dll [C:\Users\ultra\warewolf\Dev\TestBase\TestBase.csproj]
C:\Program Files\dotnet\sdk\10.0.201\Microsoft.Common.CurrentVersion.targets(2451,5): warning MSB3277:             C:\Users\ultra\.nuget\packages\mysql.data\8.4.0\lib\net8.0\MySql.Data.dll [C:\Users\ultra\warewolf\Dev\TestBase\TestBase.csproj]
C:\Program Files\dotnet\sdk\10.0.201\Microsoft.Common.CurrentVersion.targets(2451,5): warning MSB3277:             C:\Users\ultra\.nuget\packages\oracle.manageddataaccess.core\3.21.70\lib\netstandard2.1\Oracle.ManagedDataAccess.dll [C:\Users\ultra\warewolf\Dev\TestBase\TestBase.csproj]
C:\Program Files\dotnet\sdk\10.0.201\Microsoft.Common.CurrentVersion.targets(2451,5): warning MSB3277:             C:\Users\ultra\.nuget\packages\system.directoryservices\6.0.0\lib\net6.0\System.DirectoryServices.dll [C:\Users\ultra\warewolf\Dev\TestBase\TestBase.csproj]
C:\Program Files\dotnet\sdk\10.0.201\Microsoft.Common.CurrentVersion.targets(2451,5): warning MSB3277:             C:\Users\ultra\.nuget\packages\corewcf.primitives\1.2.1\lib\netstandard2.0\CoreWCF.Primitives.dll [C:\Users\ultra\warewolf\Dev\TestBase\TestBase.csproj]
C:\Program Files\dotnet\sdk\10.0.201\Microsoft.Common.CurrentVersion.targets(2451,5): warning MSB3277:             C:\Users\ultra\.nuget\packages\corewcf.http\1.2.1\lib\netstandard2.0\CoreWCF.Http.dll [C:\Users\ultra\warewolf\Dev\TestBase\TestBase.csproj]
C:\Program Files\dotnet\sdk\10.0.201\Microsoft.Common.CurrentVersion.targets(2451,5): warning MSB3277:             C:\Users\ultra\.nuget\packages\corewcf.nettcp\1.2.1\lib\netstandard2.0\CoreWCF.NetTcp.dll [C:\Users\ultra\warewolf\Dev\TestBase\TestBase.csproj]
C:\Program Files\dotnet\sdk\10.0.201\Microsoft.Common.CurrentVersion.targets(2451,5): warning MSB3277:             C:\Users\ultra\.nuget\packages\corewcf.webhttp\1.2.1\lib\netstandard2.0\CoreWCF.WebHttp.dll [C:\Users\ultra\warewolf\Dev\TestBase\TestBase.csproj]
C:\Program Files\dotnet\sdk\10.0.201\Microsoft.Common.CurrentVersion.targets(2451,5): warning MSB3277:             C:\Program Files\dotnet\packs\Microsoft.NETCore.App.Ref\8.0.25\ref/net8.0/System.Configuration.dll [C:\Users\ultra\warewolf\Dev\TestBase\TestBase.csproj]
C:\Program Files\dotnet\sdk\10.0.201\Microsoft.Common.CurrentVersion.targets(2451,5): warning MSB3277:             C:\Users\ultra\.nuget\packages\prism.composition\5.0.0\lib\NET45\Microsoft.Practices.Prism.Composition.dll [C:\Users\ultra\warewolf\Dev\TestBase\TestBase.csproj]
C:\Program Files\dotnet\sdk\10.0.201\Microsoft.Common.CurrentVersion.targets(2451,5): warning MSB3277:             C:\Users\ultra\.nuget\packages\prism.unityextensions\5.0.1\lib\NET45\Microsoft.Practices.Prism.UnityExtensions.dll [C:\Users\ultra\warewolf\Dev\TestBase\TestBase.csproj]
C:\Program Files\dotnet\sdk\10.0.201\Microsoft.Common.CurrentVersion.targets(2451,5): warning MSB3277:             C:\Users\ultra\.nuget\packages\prism.wpf\9.0.537\lib\net462\Prism.Wpf.dll [C:\Users\ultra\warewolf\Dev\TestBase\TestBase.csproj]
C:\Program Files\dotnet\sdk\10.0.201\Microsoft.Common.CurrentVersion.targets(2451,5): warning MSB3277:             C:\Program Files\dotnet\packs\Microsoft.NETCore.App.Ref\8.0.25\ref/net8.0/System.Data.dll [C:\Users\ultra\warewolf\Dev\TestBase\TestBase.csproj]
C:\Program Files\dotnet\sdk\10.0.201\Microsoft.Common.CurrentVersion.targets(2451,5): warning MSB3277:             C:\Users\ultra\.nuget\packages\taskschedulereditor\2.10.1\lib\net452\Microsoft.Win32.TaskSchedulerEditor.dll [C:\Users\ultra\warewolf\Dev\TestBase\TestBase.csproj]
C:\Program Files\dotnet\sdk\10.0.201\Microsoft.Common.CurrentVersion.targets(2451,5): warning MSB3277:             C:\Program Files\dotnet\packs\Microsoft.NETCore.App.Ref\8.0.25\ref/net8.0/System.Drawing.dll [C:\Users\ultra\warewolf\Dev\TestBase\TestBase.csproj]
C:\Program Files\dotnet\sdk\10.0.201\Microsoft.Common.CurrentVersion.targets(2451,5): warning MSB3277:             C:\Users\ultra\.nuget\packages\aerowizard\2.3.1\lib\net45\AeroWizard.dll [C:\Users\ultra\warewolf\Dev\TestBase\TestBase.csproj]
C:\Program Files\dotnet\sdk\10.0.201\Microsoft.Common.CurrentVersion.targets(2451,5): warning MSB3277:             C:\Users\ultra\.nuget\packages\avalonedit\6.3.0.90\lib\net462\ICSharpCode.AvalonEdit.dll [C:\Users\ultra\warewolf\Dev\TestBase\TestBase.csproj]
C:\Program Files\dotnet\sdk\10.0.201\Microsoft.Common.CurrentVersion.targets(2451,5): warning MSB3277:             C:\Users\ultra\.nuget\packages\groupcontrols\1.9.0\lib\net45\GroupControls.dll [C:\Users\ultra\warewolf\Dev\TestBase\TestBase.csproj]
C:\Program Files\dotnet\sdk\10.0.201\Microsoft.Common.CurrentVersion.targets(2451,5): warning MSB3277:             C:\Program Files\dotnet\packs\Microsoft.NETCore.App.Ref\8.0.25\ref/net8.0/System.Net.dll [C:\Users\ultra\warewolf\Dev\TestBase\TestBase.csproj]
C:\Program Files\dotnet\sdk\10.0.201\Microsoft.Common.CurrentVersion.targets(2451,5): warning MSB3277:             C:\Program Files\dotnet\packs\Microsoft.NETCore.App.Ref\8.0.25\ref/net8.0/System.Security.dll [C:\Users\ultra\warewolf\Dev\TestBase\TestBase.csproj]
C:\Program Files\dotnet\sdk\10.0.201\Microsoft.Common.CurrentVersion.targets(2451,5): warning MSB3277:             C:\Program Files\dotnet\packs\Microsoft.NETCore.App.Ref\8.0.25\ref/net8.0/System.ServiceProcess.dll [C:\Users\ultra\warewolf\Dev\TestBase\TestBase.csproj]
C:\Program Files\dotnet\sdk\10.0.201\Microsoft.Common.CurrentVersion.targets(2451,5): warning MSB3277:             C:\Program Files\dotnet\packs\Microsoft.NETCore.App.Ref\8.0.25\ref/net8.0/System.Transactions.dll [C:\Users\ultra\warewolf\Dev\TestBase\TestBase.csproj]
C:\Program Files\dotnet\sdk\10.0.201\Microsoft.Common.CurrentVersion.targets(2451,5): warning MSB3277:             C:\Program Files\dotnet\packs\Microsoft.NETCore.App.Ref\8.0.25\ref/net8.0/System.dll [C:\Users\ultra\warewolf\Dev\TestBase\TestBase.csproj]
C:\Program Files\dotnet\sdk\10.0.201\Microsoft.Common.CurrentVersion.targets(2451,5): warning MSB3277:             C:\Users\ultra\.nuget\packages\fontawesome.wpf\4.7.0.9\lib\net40\FontAwesome.WPF.dll [C:\Users\ultra\warewolf\Dev\TestBase\TestBase.csproj]
C:\Program Files\dotnet\sdk\10.0.201\Microsoft.Common.CurrentVersion.targets(2451,5): warning MSB3277:             C:\Users\ultra\.nuget\packages\log4net.async\2.0.4\lib\net40\Log4Net.Async.dll [C:\Users\ultra\warewolf\Dev\TestBase\TestBase.csproj]
C:\Program Files\dotnet\sdk\10.0.201\Microsoft.Common.CurrentVersion.targets(2451,5): warning MSB3277:             C:\Users\ultra\.nuget\packages\microsoft.xaml.behaviors.wpf\1.1.122\lib\net462\Microsoft.Xaml.Behaviors.dll [C:\Users\ultra\warewolf\Dev\TestBase\TestBase.csproj]
C:\Program Files\dotnet\sdk\10.0.201\Microsoft.Common.CurrentVersion.targets(2451,5): warning MSB3277:             C:\Users\ultra\.nuget\packages\caliburn.micro\4.0.212\lib\netcoreapp3.1\Caliburn.Micro.Platform.dll [C:\Users\ultra\warewolf\Dev\TestBase\TestBase.csproj]
C:\Program Files\dotnet\sdk\10.0.201\Microsoft.Common.CurrentVersion.targets(2451,5): warning MSB3277:             C:\Users\ultra\.nuget\packages\prism.interactivity\5.0.0\lib\NET45\Microsoft.Practices.Prism.Interactivity.dll [C:\Users\ultra\warewolf\Dev\TestBase\TestBase.csproj]
C:\Program Files\dotnet\sdk\10.0.201\Microsoft.Common.CurrentVersion.targets(2451,5): warning MSB3277:             C:\Users\ultra\.nuget\packages\prism.mvvm\1.0.0\lib\net45\Microsoft.Practices.Prism.Mvvm.Desktop.dll [C:\Users\ultra\warewolf\Dev\TestBase\TestBase.csproj]
C:\Program Files\dotnet\sdk\10.0.201\Microsoft.Common.CurrentVersion.targets(2451,5): warning MSB3277:             C:\Users\ultra\.nuget\packages\reactiveui.wpf\18.4.1\lib\net462\ReactiveUI.Wpf.dll [C:\Users\ultra\warewolf\Dev\TestBase\TestBase.csproj]
C:\Program Files\dotnet\sdk\10.0.201\Microsoft.Common.CurrentVersion.targets(2451,5): warning MSB3277:             C:\Users\ultra\.nuget\packages\ttcue.netcore.sharepointonline.csom.16.1.8029.1200\16.1.8029.1200\lib\netcoreapp2.0\Microsoft.SharePoint.Client.Runtime.Windows.dll [C:\Users\ultra\warewolf\Dev\TestBase\TestBase.csproj]
C:\Program Files\dotnet\sdk\10.0.201\Microsoft.Common.CurrentVersion.targets(2451,5): warning MSB3277:             C:\Program Files\dotnet\packs\Microsoft.NETCore.App.Ref\8.0.25\ref/net8.0/WindowsBase.dll [C:\Users\ultra\warewolf\Dev\TestBase\TestBase.csproj]
C:\Program Files\dotnet\sdk\10.0.201\Microsoft.Common.CurrentVersion.targets(2451,5): warning MSB3277:             C:\Program Files\dotnet\packs\Microsoft.NETCore.App.Ref\8.0.25\ref/net8.0/mscorlib.dll [C:\Users\ultra\warewolf\Dev\TestBase\TestBase.csproj]
C:\Program Files\dotnet\sdk\10.0.201\Microsoft.Common.CurrentVersion.targets(2451,5): warning MSB3277:             C:\Users\ultra\.nuget\packages\hangfire.core\1.7.32\lib\netstandard2.0\Hangfire.Core.dll [C:\Users\ultra\warewolf\Dev\TestBase\TestBase.csproj]
C:\Program Files\dotnet\sdk\10.0.201\Microsoft.Common.CurrentVersion.targets(2451,5): warning MSB3277:             C:\Users\ultra\.nuget\packages\hangfire.aspnetcore\1.7.32\lib\netcoreapp3.0\Hangfire.AspNetCore.dll [C:\Users\ultra\warewolf\Dev\TestBase\TestBase.csproj]
C:\Program Files\dotnet\sdk\10.0.201\Microsoft.Common.CurrentVersion.targets(2451,5): warning MSB3277:             C:\Users\ultra\.nuget\packages\hangfire.sqlserver\1.7.32\lib\netstandard2.0\Hangfire.SqlServer.dll [C:\Users\ultra\warewolf\Dev\TestBase\TestBase.csproj]
C:\Program Files\dotnet\sdk\10.0.201\Microsoft.Common.CurrentVersion.targets(2451,5): warning MSB3277:             C:\Users\ultra\.nuget\packages\microsoft.codecoverage\17.13.0\lib\netcoreapp3.1\Microsoft.VisualStudio.CodeCoverage.Shim.dll [C:\Users\ultra\warewolf\Dev\TestBase\TestBase.csproj]
C:\Program Files\dotnet\sdk\10.0.201\Microsoft.Common.CurrentVersion.targets(2451,5): warning MSB3277:             C:\Users\ultra\.nuget\packages\unofficial.microsoft.mshtml\7.0.3300\lib\net40\Microsoft.mshtml.dll [C:\Users\ultra\warewolf\Dev\TestBase\TestBase.csproj]
C:\Program Files\dotnet\sdk\10.0.201\Microsoft.Common.CurrentVersion.targets(2451,5): warning MSB3277:         C:\Program Files\dotnet\packs\Microsoft.NETCore.App.Ref\8.0.25\ref\net8.0\System.Drawing.dll [C:\Users\ultra\warewolf\Dev\TestBase\TestBase.csproj]
C:\Program Files\dotnet\sdk\10.0.201\Microsoft.Common.CurrentVersion.targets(2451,5): warning MSB3277:           Project file item includes which caused reference "C:\Program Files\dotnet\packs\Microsoft.NETCore.App.Ref\8.0.25\ref\net8.0\System.Drawing.dll". [C:\Users\ultra\warewolf\Dev\TestBase\TestBase.csproj]
C:\Program Files\dotnet\sdk\10.0.201\Microsoft.Common.CurrentVersion.targets(2451,5): warning MSB3277:             C:\Program Files\dotnet\packs\Microsoft.NETCore.App.Ref\8.0.25\ref/net8.0/System.Drawing.dll [C:\Users\ultra\warewolf\Dev\TestBase\TestBase.csproj]
C:\Program Files\dotnet\sdk\10.0.201\Microsoft.Common.CurrentVersion.targets(2451,5): warning MSB3277:             C:\Users\ultra\.nuget\packages\aerowizard\2.3.1\lib\net45\AeroWizard.dll [C:\Users\ultra\warewolf\Dev\TestBase\TestBase.csproj]
C:\Program Files\dotnet\sdk\10.0.201\Microsoft.Common.CurrentVersion.targets(2451,5): warning MSB3277:             C:\Users\ultra\.nuget\packages\avalonedit\6.3.0.90\lib\net462\ICSharpCode.AvalonEdit.dll [C:\Users\ultra\warewolf\Dev\TestBase\TestBase.csproj]
C:\Program Files\dotnet\sdk\10.0.201\Microsoft.Common.CurrentVersion.targets(2451,5): warning MSB3277:             C:\Users\ultra\.nuget\packages\groupcontrols\1.9.0\lib\net45\GroupControls.dll [C:\Users\ultra\warewolf\Dev\TestBase\TestBase.csproj]
C:\Program Files\dotnet\sdk\10.0.201\Microsoft.Common.CurrentVersion.targets(2451,5): warning MSB3277:             C:\Users\ultra\.nuget\packages\taskschedulereditor\2.10.1\lib\net452\Microsoft.Win32.TaskSchedulerEditor.dll [C:\Users\ultra\warewolf\Dev\TestBase\TestBase.csproj]
C:\Users\ultra\warewolf\Dev\TestBase\AsynchronousRequest.cs(50,26): warning SYSLIB0014: 'WebRequest.Create(string)' is obsolete: 'WebRequest, HttpWebRequest, ServicePoint, and WebClient are obsolete. Use HttpClient instead.' (https://aka.ms/dotnet-warnings/SYSLIB0014) [C:\Users\ultra\warewolf\Dev\TestBase\TestBase.csproj]
C:\Users\ultra\warewolf\Dev\TestBase\TestHelper.cs(134,23): warning SYSLIB0014: 'WebRequest.Create(string)' is obsolete: 'WebRequest, HttpWebRequest, ServicePoint, and WebClient are obsolete. Use HttpClient instead.' (https://aka.ms/dotnet-warnings/SYSLIB0014) [C:\Users\ultra\warewolf\Dev\TestBase\TestBase.csproj]
C:\Users\ultra\warewolf\Dev\TestBase\TestHelper.cs(165,27): warning SYSLIB0014: 'WebRequest.Create(string)' is obsolete: 'WebRequest, HttpWebRequest, ServicePoint, and WebClient are obsolete. Use HttpClient instead.' (https://aka.ms/dotnet-warnings/SYSLIB0014) [C:\Users\ultra\warewolf\Dev\TestBase\TestBase.csproj]
  TestBase -> C:\Users\ultra\warewolf\Dev\TestBase\bin\Debug\net8.0\TestBase.dll
C:\Program Files\dotnet\sdk\10.0.201\Microsoft.Common.CurrentVersion.targets(2451,5): warning MSB3277: Found conflicts between different versions of "WindowsBase" that could not be resolved. [C:\Users\ultra\warewolf\Dev\Dev2.Runtime.Tests\Dev2.Runtime.Tests.csproj]
C:\Program Files\dotnet\sdk\10.0.201\Microsoft.Common.CurrentVersion.targets(2451,5): warning MSB3277: There was a conflict between "WindowsBase, Version=4.0.0.0, Culture=neutral, PublicKeyToken=31bf3856ad364e35" and "WindowsBase, Version=6.0.2.0, Culture=neutral, PublicKeyToken=31bf3856ad364e35". [C:\Users\ultra\warewolf\Dev\Dev2.Runtime.Tests\Dev2.Runtime.Tests.csproj]
C:\Program Files\dotnet\sdk\10.0.201\Microsoft.Common.CurrentVersion.targets(2451,5): warning MSB3277:     "WindowsBase, Version=4.0.0.0, Culture=neutral, PublicKeyToken=31bf3856ad364e35" was chosen because it was primary and "WindowsBase, Version=6.0.2.0, Culture=neutral, PublicKeyToken=31bf3856ad364e35" was not. [C:\Users\ultra\warewolf\Dev\Dev2.Runtime.Tests\Dev2.Runtime.Tests.csproj]
C:\Program Files\dotnet\sdk\10.0.201\Microsoft.Common.CurrentVersion.targets(2451,5): warning MSB3277:     References which depend on "WindowsBase, Version=4.0.0.0, Culture=neutral, PublicKeyToken=31bf3856ad364e35" [C:\Program Files\dotnet\packs\Microsoft.NETCore.App.Ref\8.0.25\ref\net8.0\WindowsBase.dll]. [C:\Users\ultra\warewolf\Dev\Dev2.Runtime.Tests\Dev2.Runtime.Tests.csproj]
C:\Program Files\dotnet\sdk\10.0.201\Microsoft.Common.CurrentVersion.targets(2451,5): warning MSB3277:         C:\Program Files\dotnet\packs\Microsoft.NETCore.App.Ref\8.0.25\ref\net8.0\WindowsBase.dll [C:\Users\ultra\warewolf\Dev\Dev2.Runtime.Tests\Dev2.Runtime.Tests.csproj]
C:\Program Files\dotnet\sdk\10.0.201\Microsoft.Common.CurrentVersion.targets(2451,5): warning MSB3277:           Project file item includes which caused reference "C:\Program Files\dotnet\packs\Microsoft.NETCore.App.Ref\8.0.25\ref\net8.0\WindowsBase.dll". [C:\Users\ultra\warewolf\Dev\Dev2.Runtime.Tests\Dev2.Runtime.Tests.csproj]
C:\Program Files\dotnet\sdk\10.0.201\Microsoft.Common.CurrentVersion.targets(2451,5): warning MSB3277:             C:\Program Files\dotnet\packs\Microsoft.NETCore.App.Ref\8.0.25\ref/net8.0/WindowsBase.dll [C:\Users\ultra\warewolf\Dev\Dev2.Runtime.Tests\Dev2.Runtime.Tests.csproj]
C:\Program Files\dotnet\sdk\10.0.201\Microsoft.Common.CurrentVersion.targets(2451,5): warning MSB3277:     References which depend on or have been unified to "WindowsBase, Version=6.0.2.0, Culture=neutral, PublicKeyToken=31bf3856ad364e35" []. [C:\Users\ultra\warewolf\Dev\Dev2.Runtime.Tests\Dev2.Runtime.Tests.csproj]
C:\Program Files\dotnet\sdk\10.0.201\Microsoft.Common.CurrentVersion.targets(2451,5): warning MSB3277:         C:\Users\ultra\.nuget\packages\avalonedit\6.3.0.90\lib\net462\ICSharpCode.AvalonEdit.dll [C:\Users\ultra\warewolf\Dev\Dev2.Runtime.Tests\Dev2.Runtime.Tests.csproj]
C:\Program Files\dotnet\sdk\10.0.201\Microsoft.Common.CurrentVersion.targets(2451,5): warning MSB3277:           Project file item includes which caused reference "C:\Users\ultra\.nuget\packages\avalonedit\6.3.0.90\lib\net462\ICSharpCode.AvalonEdit.dll". [C:\Users\ultra\warewolf\Dev\Dev2.Runtime.Tests\Dev2.Runtime.Tests.csproj]
C:\Program Files\dotnet\sdk\10.0.201\Microsoft.Common.CurrentVersion.targets(2451,5): warning MSB3277:             C:\Users\ultra\.nuget\packages\avalonedit\6.3.0.90\lib\net462\ICSharpCode.AvalonEdit.dll [C:\Users\ultra\warewolf\Dev\Dev2.Runtime.Tests\Dev2.Runtime.Tests.csproj]
C:\Program Files\dotnet\sdk\10.0.201\Microsoft.Common.CurrentVersion.targets(2451,5): warning MSB3277:         C:\Users\ultra\.nuget\packages\caliburn.micro\4.0.212\lib\netcoreapp3.1\Caliburn.Micro.Platform.dll [C:\Users\ultra\warewolf\Dev\Dev2.Runtime.Tests\Dev2.Runtime.Tests.csproj]
C:\Program Files\dotnet\sdk\10.0.201\Microsoft.Common.CurrentVersion.targets(2451,5): warning MSB3277:           Project file item includes which caused reference "C:\Users\ultra\.nuget\packages\caliburn.micro\4.0.212\lib\netcoreapp3.1\Caliburn.Micro.Platform.dll". [C:\Users\ultra\warewolf\Dev\Dev2.Runtime.Tests\Dev2.Runtime.Tests.csproj]
C:\Program Files\dotnet\sdk\10.0.201\Microsoft.Common.CurrentVersion.targets(2451,5): warning MSB3277:             C:\Users\ultra\.nuget\packages\caliburn.micro\4.0.212\lib\netcoreapp3.1\Caliburn.Micro.Platform.dll [C:\Users\ultra\warewolf\Dev\Dev2.Runtime.Tests\Dev2.Runtime.Tests.csproj]
C:\Program Files\dotnet\sdk\10.0.201\Microsoft.Common.CurrentVersion.targets(2451,5): warning MSB3277:         C:\Users\ultra\.nuget\packages\extended.wpf.toolkit\4.4.0\lib\net5.0\Xceed.Wpf.AvalonDock.NET5.dll [C:\Users\ultra\warewolf\Dev\Dev2.Runtime.Tests\Dev2.Runtime.Tests.csproj]
C:\Program Files\dotnet\sdk\10.0.201\Microsoft.Common.CurrentVersion.targets(2451,5): warning MSB3277:           Project file item includes which caused reference "C:\Users\ultra\.nuget\packages\extended.wpf.toolkit\4.4.0\lib\net5.0\Xceed.Wpf.AvalonDock.NET5.dll". [C:\Users\ultra\warewolf\Dev\Dev2.Runtime.Tests\Dev2.Runtime.Tests.csproj]
C:\Program Files\dotnet\sdk\10.0.201\Microsoft.Common.CurrentVersion.targets(2451,5): warning MSB3277:             C:\Users\ultra\.nuget\packages\extended.wpf.toolkit\4.4.0\lib\net5.0\Xceed.Wpf.AvalonDock.NET5.dll [C:\Users\ultra\warewolf\Dev\Dev2.Runtime.Tests\Dev2.Runtime.Tests.csproj]
C:\Program Files\dotnet\sdk\10.0.201\Microsoft.Common.CurrentVersion.targets(2451,5): warning MSB3277:             C:\Users\ultra\.nuget\packages\extended.wpf.toolkit\4.4.0\lib\net5.0\Xceed.Wpf.AvalonDock.Themes.Aero.NET5.dll [C:\Users\ultra\warewolf\Dev\Dev2.Runtime.Tests\Dev2.Runtime.Tests.csproj]
C:\Program Files\dotnet\sdk\10.0.201\Microsoft.Common.CurrentVersion.targets(2451,5): warning MSB3277:             C:\Users\ultra\.nuget\packages\extended.wpf.toolkit\4.4.0\lib\net5.0\Xceed.Wpf.AvalonDock.Themes.Metro.NET5.dll [C:\Users\ultra\warewolf\Dev\Dev2.Runtime.Tests\Dev2.Runtime.Tests.csproj]
C:\Program Files\dotnet\sdk\10.0.201\Microsoft.Common.CurrentVersion.targets(2451,5): warning MSB3277:             C:\Users\ultra\.nuget\packages\extended.wpf.toolkit\4.4.0\lib\net5.0\Xceed.Wpf.AvalonDock.Themes.VS2010.NET5.dll [C:\Users\ultra\warewolf\Dev\Dev2.Runtime.Tests\Dev2.Runtime.Tests.csproj]
C:\Program Files\dotnet\sdk\10.0.201\Microsoft.Common.CurrentVersion.targets(2451,5): warning MSB3277:         C:\Users\ultra\.nuget\packages\extended.wpf.toolkit\4.4.0\lib\net5.0\Xceed.Wpf.AvalonDock.Themes.Aero.NET5.dll [C:\Users\ultra\warewolf\Dev\Dev2.Runtime.Tests\Dev2.Runtime.Tests.csproj]
C:\Program Files\dotnet\sdk\10.0.201\Microsoft.Common.CurrentVersion.targets(2451,5): warning MSB3277:           Project file item includes which caused reference "C:\Users\ultra\.nuget\packages\extended.wpf.toolkit\4.4.0\lib\net5.0\Xceed.Wpf.AvalonDock.Themes.Aero.NET5.dll". [C:\Users\ultra\warewolf\Dev\Dev2.Runtime.Tests\Dev2.Runtime.Tests.csproj]
C:\Program Files\dotnet\sdk\10.0.201\Microsoft.Common.CurrentVersion.targets(2451,5): warning MSB3277:             C:\Users\ultra\.nuget\packages\extended.wpf.toolkit\4.4.0\lib\net5.0\Xceed.Wpf.AvalonDock.Themes.Aero.NET5.dll [C:\Users\ultra\warewolf\Dev\Dev2.Runtime.Tests\Dev2.Runtime.Tests.csproj]
C:\Program Files\dotnet\sdk\10.0.201\Microsoft.Common.CurrentVersion.targets(2451,5): warning MSB3277:         C:\Users\ultra\.nuget\packages\extended.wpf.toolkit\4.4.0\lib\net5.0\Xceed.Wpf.Toolkit.NET5.dll [C:\Users\ultra\warewolf\Dev\Dev2.Runtime.Tests\Dev2.Runtime.Tests.csproj]
C:\Program Files\dotnet\sdk\10.0.201\Microsoft.Common.CurrentVersion.targets(2451,5): warning MSB3277:           Project file item includes which caused reference "C:\Users\ultra\.nuget\packages\extended.wpf.toolkit\4.4.0\lib\net5.0\Xceed.Wpf.Toolkit.NET5.dll". [C:\Users\ultra\warewolf\Dev\Dev2.Runtime.Tests\Dev2.Runtime.Tests.csproj]
C:\Program Files\dotnet\sdk\10.0.201\Microsoft.Common.CurrentVersion.targets(2451,5): warning MSB3277:             C:\Users\ultra\.nuget\packages\extended.wpf.toolkit\4.4.0\lib\net5.0\Xceed.Wpf.Toolkit.NET5.dll [C:\Users\ultra\warewolf\Dev\Dev2.Runtime.Tests\Dev2.Runtime.Tests.csproj]
C:\Program Files\dotnet\sdk\10.0.201\Microsoft.Common.CurrentVersion.targets(2451,5): warning MSB3277:         C:\Users\ultra\.nuget\packages\fontawesome.wpf\4.7.0.9\lib\net40\FontAwesome.WPF.dll [C:\Users\ultra\warewolf\Dev\Dev2.Runtime.Tests\Dev2.Runtime.Tests.csproj]
C:\Program Files\dotnet\sdk\10.0.201\Microsoft.Common.CurrentVersion.targets(2451,5): warning MSB3277:           Project file item includes which caused reference "C:\Users\ultra\.nuget\packages\fontawesome.wpf\4.7.0.9\lib\net40\FontAwesome.WPF.dll". [C:\Users\ultra\warewolf\Dev\Dev2.Runtime.Tests\Dev2.Runtime.Tests.csproj]
C:\Program Files\dotnet\sdk\10.0.201\Microsoft.Common.CurrentVersion.targets(2451,5): warning MSB3277:             C:\Users\ultra\.nuget\packages\fontawesome.wpf\4.7.0.9\lib\net40\FontAwesome.WPF.dll [C:\Users\ultra\warewolf\Dev\Dev2.Runtime.Tests\Dev2.Runtime.Tests.csproj]
C:\Program Files\dotnet\sdk\10.0.201\Microsoft.Common.CurrentVersion.targets(2451,5): warning MSB3277:         C:\Users\ultra\.nuget\packages\ironpython\3.4.0\lib\net6.0\IronPython.Wpf.dll [C:\Users\ultra\warewolf\Dev\Dev2.Runtime.Tests\Dev2.Runtime.Tests.csproj]
C:\Program Files\dotnet\sdk\10.0.201\Microsoft.Common.CurrentVersion.targets(2451,5): warning MSB3277:           Project file item includes which caused reference "C:\Users\ultra\.nuget\packages\ironpython\3.4.0\lib\net6.0\IronPython.Wpf.dll". [C:\Users\ultra\warewolf\Dev\Dev2.Runtime.Tests\Dev2.Runtime.Tests.csproj]
C:\Program Files\dotnet\sdk\10.0.201\Microsoft.Common.CurrentVersion.targets(2451,5): warning MSB3277:             C:\Users\ultra\.nuget\packages\ironpython\3.4.0\lib\net6.0\IronPython.Wpf.dll [C:\Users\ultra\warewolf\Dev\Dev2.Runtime.Tests\Dev2.Runtime.Tests.csproj]
C:\Program Files\dotnet\sdk\10.0.201\Microsoft.Common.CurrentVersion.targets(2451,5): warning MSB3277:         C:\Users\ultra\.nuget\packages\microsoft.xaml.behaviors.wpf\1.1.122\lib\net462\Microsoft.Xaml.Behaviors.dll [C:\Users\ultra\warewolf\Dev\Dev2.Runtime.Tests\Dev2.Runtime.Tests.csproj]
C:\Program Files\dotnet\sdk\10.0.201\Microsoft.Common.CurrentVersion.targets(2451,5): warning MSB3277:           Project file item includes which caused reference "C:\Users\ultra\.nuget\packages\microsoft.xaml.behaviors.wpf\1.1.122\lib\net462\Microsoft.Xaml.Behaviors.dll". [C:\Users\ultra\warewolf\Dev\Dev2.Runtime.Tests\Dev2.Runtime.Tests.csproj]
C:\Program Files\dotnet\sdk\10.0.201\Microsoft.Common.CurrentVersion.targets(2451,5): warning MSB3277:             C:\Users\ultra\.nuget\packages\microsoft.xaml.behaviors.wpf\1.1.122\lib\net462\Microsoft.Xaml.Behaviors.dll [C:\Users\ultra\warewolf\Dev\Dev2.Runtime.Tests\Dev2.Runtime.Tests.csproj]
C:\Program Files\dotnet\sdk\10.0.201\Microsoft.Common.CurrentVersion.targets(2451,5): warning MSB3277:             C:\Users\ultra\.nuget\packages\caliburn.micro\4.0.212\lib\netcoreapp3.1\Caliburn.Micro.Platform.dll [C:\Users\ultra\warewolf\Dev\Dev2.Runtime.Tests\Dev2.Runtime.Tests.csproj]
C:\Program Files\dotnet\sdk\10.0.201\Microsoft.Common.CurrentVersion.targets(2451,5): warning MSB3277:             C:\Users\ultra\.nuget\packages\prism.wpf\9.0.537\lib\net462\Prism.Wpf.dll [C:\Users\ultra\warewolf\Dev\Dev2.Runtime.Tests\Dev2.Runtime.Tests.csproj]
C:\Program Files\dotnet\sdk\10.0.201\Microsoft.Common.CurrentVersion.targets(2451,5): warning MSB3277:         C:\Users\ultra\.nuget\packages\prism.composition\5.0.0\lib\NET45\Microsoft.Practices.Prism.Composition.dll [C:\Users\ultra\warewolf\Dev\Dev2.Runtime.Tests\Dev2.Runtime.Tests.csproj]
C:\Program Files\dotnet\sdk\10.0.201\Microsoft.Common.CurrentVersion.targets(2451,5): warning MSB3277:           Project file item includes which caused reference "C:\Users\ultra\.nuget\packages\prism.composition\5.0.0\lib\NET45\Microsoft.Practices.Prism.Composition.dll". [C:\Users\ultra\warewolf\Dev\Dev2.Runtime.Tests\Dev2.Runtime.Tests.csproj]
C:\Program Files\dotnet\sdk\10.0.201\Microsoft.Common.CurrentVersion.targets(2451,5): warning MSB3277:             C:\Users\ultra\.nuget\packages\prism.composition\5.0.0\lib\NET45\Microsoft.Practices.Prism.Composition.dll [C:\Users\ultra\warewolf\Dev\Dev2.Runtime.Tests\Dev2.Runtime.Tests.csproj]
C:\Program Files\dotnet\sdk\10.0.201\Microsoft.Common.CurrentVersion.targets(2451,5): warning MSB3277:             C:\Users\ultra\.nuget\packages\prism.unityextensions\5.0.1\lib\NET45\Microsoft.Practices.Prism.UnityExtensions.dll [C:\Users\ultra\warewolf\Dev\Dev2.Runtime.Tests\Dev2.Runtime.Tests.csproj]
C:\Program Files\dotnet\sdk\10.0.201\Microsoft.Common.CurrentVersion.targets(2451,5): warning MSB3277:         C:\Users\ultra\.nuget\packages\prism.interactivity\5.0.0\lib\NET45\Microsoft.Practices.Prism.Interactivity.dll [C:\Users\ultra\warewolf\Dev\Dev2.Runtime.Tests\Dev2.Runtime.Tests.csproj]
C:\Program Files\dotnet\sdk\10.0.201\Microsoft.Common.CurrentVersion.targets(2451,5): warning MSB3277:           Project file item includes which caused reference "C:\Users\ultra\.nuget\packages\prism.interactivity\5.0.0\lib\NET45\Microsoft.Practices.Prism.Interactivity.dll". [C:\Users\ultra\warewolf\Dev\Dev2.Runtime.Tests\Dev2.Runtime.Tests.csproj]
C:\Program Files\dotnet\sdk\10.0.201\Microsoft.Common.CurrentVersion.targets(2451,5): warning MSB3277:             C:\Users\ultra\.nuget\packages\prism.interactivity\5.0.0\lib\NET45\Microsoft.Practices.Prism.Interactivity.dll [C:\Users\ultra\warewolf\Dev\Dev2.Runtime.Tests\Dev2.Runtime.Tests.csproj]
C:\Program Files\dotnet\sdk\10.0.201\Microsoft.Common.CurrentVersion.targets(2451,5): warning MSB3277:         C:\Users\ultra\.nuget\packages\prism.mvvm\1.0.0\lib\net45\Microsoft.Practices.Prism.Mvvm.Desktop.dll [C:\Users\ultra\warewolf\Dev\Dev2.Runtime.Tests\Dev2.Runtime.Tests.csproj]
C:\Program Files\dotnet\sdk\10.0.201\Microsoft.Common.CurrentVersion.targets(2451,5): warning MSB3277:           Project file item includes which caused reference "C:\Users\ultra\.nuget\packages\prism.mvvm\1.0.0\lib\net45\Microsoft.Practices.Prism.Mvvm.Desktop.dll". [C:\Users\ultra\warewolf\Dev\Dev2.Runtime.Tests\Dev2.Runtime.Tests.csproj]
C:\Program Files\dotnet\sdk\10.0.201\Microsoft.Common.CurrentVersion.targets(2451,5): warning MSB3277:             C:\Users\ultra\.nuget\packages\prism.mvvm\1.0.0\lib\net45\Microsoft.Practices.Prism.Mvvm.Desktop.dll [C:\Users\ultra\warewolf\Dev\Dev2.Runtime.Tests\Dev2.Runtime.Tests.csproj]
C:\Program Files\dotnet\sdk\10.0.201\Microsoft.Common.CurrentVersion.targets(2451,5): warning MSB3277:         C:\Users\ultra\.nuget\packages\prism.unityextensions\5.0.1\lib\NET45\Microsoft.Practices.Prism.UnityExtensions.dll [C:\Users\ultra\warewolf\Dev\Dev2.Runtime.Tests\Dev2.Runtime.Tests.csproj]
C:\Program Files\dotnet\sdk\10.0.201\Microsoft.Common.CurrentVersion.targets(2451,5): warning MSB3277:           Project file item includes which caused reference "C:\Users\ultra\.nuget\packages\prism.unityextensions\5.0.1\lib\NET45\Microsoft.Practices.Prism.UnityExtensions.dll". [C:\Users\ultra\warewolf\Dev\Dev2.Runtime.Tests\Dev2.Runtime.Tests.csproj]
C:\Program Files\dotnet\sdk\10.0.201\Microsoft.Common.CurrentVersion.targets(2451,5): warning MSB3277:             C:\Users\ultra\.nuget\packages\prism.unityextensions\5.0.1\lib\NET45\Microsoft.Practices.Prism.UnityExtensions.dll [C:\Users\ultra\warewolf\Dev\Dev2.Runtime.Tests\Dev2.Runtime.Tests.csproj]
C:\Program Files\dotnet\sdk\10.0.201\Microsoft.Common.CurrentVersion.targets(2451,5): warning MSB3277:         C:\Users\ultra\.nuget\packages\prism.wpf\9.0.537\lib\net462\Prism.Wpf.dll [C:\Users\ultra\warewolf\Dev\Dev2.Runtime.Tests\Dev2.Runtime.Tests.csproj]
C:\Program Files\dotnet\sdk\10.0.201\Microsoft.Common.CurrentVersion.targets(2451,5): warning MSB3277:           Project file item includes which caused reference "C:\Users\ultra\.nuget\packages\prism.wpf\9.0.537\lib\net462\Prism.Wpf.dll". [C:\Users\ultra\warewolf\Dev\Dev2.Runtime.Tests\Dev2.Runtime.Tests.csproj]
C:\Program Files\dotnet\sdk\10.0.201\Microsoft.Common.CurrentVersion.targets(2451,5): warning MSB3277:             C:\Users\ultra\.nuget\packages\prism.wpf\9.0.537\lib\net462\Prism.Wpf.dll [C:\Users\ultra\warewolf\Dev\Dev2.Runtime.Tests\Dev2.Runtime.Tests.csproj]
C:\Program Files\dotnet\sdk\10.0.201\Microsoft.Common.CurrentVersion.targets(2451,5): warning MSB3277:         C:\Users\ultra\.nuget\packages\reactiveui.wpf\18.4.1\lib\net462\ReactiveUI.Wpf.dll [C:\Users\ultra\warewolf\Dev\Dev2.Runtime.Tests\Dev2.Runtime.Tests.csproj]
C:\Program Files\dotnet\sdk\10.0.201\Microsoft.Common.CurrentVersion.targets(2451,5): warning MSB3277:           Project file item includes which caused reference "C:\Users\ultra\.nuget\packages\reactiveui.wpf\18.4.1\lib\net462\ReactiveUI.Wpf.dll". [C:\Users\ultra\warewolf\Dev\Dev2.Runtime.Tests\Dev2.Runtime.Tests.csproj]
C:\Program Files\dotnet\sdk\10.0.201\Microsoft.Common.CurrentVersion.targets(2451,5): warning MSB3277:             C:\Users\ultra\.nuget\packages\reactiveui.wpf\18.4.1\lib\net462\ReactiveUI.Wpf.dll [C:\Users\ultra\warewolf\Dev\Dev2.Runtime.Tests\Dev2.Runtime.Tests.csproj]
C:\Program Files\dotnet\sdk\10.0.201\Microsoft.Common.CurrentVersion.targets(2451,5): warning MSB3277: Found conflicts between different versions of "System.Drawing.Common" that could not be resolved. [C:\Users\ultra\warewolf\Dev\Dev2.Runtime.Tests\Dev2.Runtime.Tests.csproj]
C:\Program Files\dotnet\sdk\10.0.201\Microsoft.Common.CurrentVersion.targets(2451,5): warning MSB3277: There was a conflict between "System.Drawing.Common, Version=6.0.0.0, Culture=neutral, PublicKeyToken=cc7b13ffcd2ddd51" and "System.Drawing.Common, Version=8.0.0.0, Culture=neutral, PublicKeyToken=cc7b13ffcd2ddd51". [C:\Users\ultra\warewolf\Dev\Dev2.Runtime.Tests\Dev2.Runtime.Tests.csproj]
C:\Program Files\dotnet\sdk\10.0.201\Microsoft.Common.CurrentVersion.targets(2451,5): warning MSB3277:     "System.Drawing.Common, Version=6.0.0.0, Culture=neutral, PublicKeyToken=cc7b13ffcd2ddd51" was chosen because it was primary and "System.Drawing.Common, Version=8.0.0.0, Culture=neutral, PublicKeyToken=cc7b13ffcd2ddd51" was not. [C:\Users\ultra\warewolf\Dev\Dev2.Runtime.Tests\Dev2.Runtime.Tests.csproj]
C:\Program Files\dotnet\sdk\10.0.201\Microsoft.Common.CurrentVersion.targets(2451,5): warning MSB3277:     References which depend on "System.Drawing.Common, Version=6.0.0.0, Culture=neutral, PublicKeyToken=cc7b13ffcd2ddd51" [C:\Users\ultra\.nuget\packages\system.drawing.common\6.0.0\lib\net6.0\System.Drawing.Common.dll]. [C:\Users\ultra\warewolf\Dev\Dev2.Runtime.Tests\Dev2.Runtime.Tests.csproj]
C:\Program Files\dotnet\sdk\10.0.201\Microsoft.Common.CurrentVersion.targets(2451,5): warning MSB3277:         C:\Users\ultra\.nuget\packages\system.drawing.common\6.0.0\lib\net6.0\System.Drawing.Common.dll [C:\Users\ultra\warewolf\Dev\Dev2.Runtime.Tests\Dev2.Runtime.Tests.csproj]
C:\Program Files\dotnet\sdk\10.0.201\Microsoft.Common.CurrentVersion.targets(2451,5): warning MSB3277:           Project file item includes which caused reference "C:\Users\ultra\.nuget\packages\system.drawing.common\6.0.0\lib\net6.0\System.Drawing.Common.dll". [C:\Users\ultra\warewolf\Dev\Dev2.Runtime.Tests\Dev2.Runtime.Tests.csproj]
C:\Program Files\dotnet\sdk\10.0.201\Microsoft.Common.CurrentVersion.targets(2451,5): warning MSB3277:             C:\Users\ultra\.nuget\packages\system.drawing.common\6.0.0\lib\net6.0\System.Drawing.Common.dll [C:\Users\ultra\warewolf\Dev\Dev2.Runtime.Tests\Dev2.Runtime.Tests.csproj]
C:\Program Files\dotnet\sdk\10.0.201\Microsoft.Common.CurrentVersion.targets(2451,5): warning MSB3277:     References which depend on or have been unified to "System.Drawing.Common, Version=8.0.0.0, Culture=neutral, PublicKeyToken=cc7b13ffcd2ddd51" []. [C:\Users\ultra\warewolf\Dev\Dev2.Runtime.Tests\Dev2.Runtime.Tests.csproj]
C:\Program Files\dotnet\sdk\10.0.201\Microsoft.Common.CurrentVersion.targets(2451,5): warning MSB3277:         C:\Users\ultra\.nuget\packages\servicestack\6.3.0\lib\net6.0\ServiceStack.dll [C:\Users\ultra\warewolf\Dev\Dev2.Runtime.Tests\Dev2.Runtime.Tests.csproj]
C:\Program Files\dotnet\sdk\10.0.201\Microsoft.Common.CurrentVersion.targets(2451,5): warning MSB3277:           Project file item includes which caused reference "C:\Users\ultra\.nuget\packages\servicestack\6.3.0\lib\net6.0\ServiceStack.dll". [C:\Users\ultra\warewolf\Dev\Dev2.Runtime.Tests\Dev2.Runtime.Tests.csproj]
C:\Program Files\dotnet\sdk\10.0.201\Microsoft.Common.CurrentVersion.targets(2451,5): warning MSB3277:             C:\Users\ultra\.nuget\packages\servicestack\6.3.0\lib\net6.0\ServiceStack.dll [C:\Users\ultra\warewolf\Dev\Dev2.Runtime.Tests\Dev2.Runtime.Tests.csproj]
C:\Program Files\dotnet\sdk\10.0.201\Microsoft.Common.CurrentVersion.targets(2451,5): warning MSB3277:         C:\Users\ultra\.nuget\packages\system.windows.extensions\8.0.0\lib\net8.0\System.Windows.Extensions.dll [C:\Users\ultra\warewolf\Dev\Dev2.Runtime.Tests\Dev2.Runtime.Tests.csproj]
C:\Program Files\dotnet\sdk\10.0.201\Microsoft.Common.CurrentVersion.targets(2451,5): warning MSB3277:           Project file item includes which caused reference "C:\Users\ultra\.nuget\packages\system.windows.extensions\8.0.0\lib\net8.0\System.Windows.Extensions.dll". [C:\Users\ultra\warewolf\Dev\Dev2.Runtime.Tests\Dev2.Runtime.Tests.csproj]
C:\Program Files\dotnet\sdk\10.0.201\Microsoft.Common.CurrentVersion.targets(2451,5): warning MSB3277:             C:\Users\ultra\.nuget\packages\system.windows.extensions\8.0.0\lib\net8.0\System.Windows.Extensions.dll [C:\Users\ultra\warewolf\Dev\Dev2.Runtime.Tests\Dev2.Runtime.Tests.csproj]
C:\Program Files\dotnet\sdk\10.0.201\Microsoft.Common.CurrentVersion.targets(2451,5): warning MSB3277:             C:\Users\ultra\.nuget\packages\extended.wpf.toolkit\4.4.0\lib\net5.0\Xceed.Wpf.Toolkit.NET5.dll [C:\Users\ultra\warewolf\Dev\Dev2.Runtime.Tests\Dev2.Runtime.Tests.csproj]
C:\Program Files\dotnet\sdk\10.0.201\Microsoft.Common.CurrentVersion.targets(2451,5): warning MSB3277:             C:\Users\ultra\.nuget\packages\system.security.permissions\8.0.0\lib\net8.0\System.Security.Permissions.dll [C:\Users\ultra\warewolf\Dev\Dev2.Runtime.Tests\Dev2.Runtime.Tests.csproj]
C:\Program Files\dotnet\sdk\10.0.201\Microsoft.Common.CurrentVersion.targets(2451,5): warning MSB3277:             C:\Users\ultra\warewolf\Dev\Dev2.Data\bin\Debug\net8.0\Dev2.Data.dll [C:\Users\ultra\warewolf\Dev\Dev2.Runtime.Tests\Dev2.Runtime.Tests.csproj]
C:\Program Files\dotnet\sdk\10.0.201\Microsoft.Common.CurrentVersion.targets(2451,5): warning MSB3277:             C:\Users\ultra\warewolf\Dev\Dev2.Activities.Tests\bin\Debug\net8.0\linux-x64\Dev2.Activities.Tests.dll [C:\Users\ultra\warewolf\Dev\Dev2.Runtime.Tests\Dev2.Runtime.Tests.csproj]
C:\Program Files\dotnet\sdk\10.0.201\Microsoft.Common.CurrentVersion.targets(2451,5): warning MSB3277:             C:\Users\ultra\warewolf\Dev\Dev2.Activities\bin\Debug\net8.0\Dev2.Activities.dll [C:\Users\ultra\warewolf\Dev\Dev2.Runtime.Tests\Dev2.Runtime.Tests.csproj]
C:\Program Files\dotnet\sdk\10.0.201\Microsoft.Common.CurrentVersion.targets(2451,5): warning MSB3277:             C:\Users\ultra\warewolf\Dev\Dev2.Infrastructure.Tests\bin\Debug\net8.0\linux-x64\Dev2.Infrastructure.Tests.dll [C:\Users\ultra\warewolf\Dev\Dev2.Runtime.Tests\Dev2.Runtime.Tests.csproj]
C:\Program Files\dotnet\sdk\10.0.201\Microsoft.Common.CurrentVersion.targets(2451,5): warning MSB3277:             C:\Users\ultra\warewolf\Dev\Dev2.Core\bin\Debug\net8.0\Dev2.Core.dll [C:\Users\ultra\warewolf\Dev\Dev2.Runtime.Tests\Dev2.Runtime.Tests.csproj]
C:\Program Files\dotnet\sdk\10.0.201\Microsoft.Common.CurrentVersion.targets(2451,5): warning MSB3277:             C:\Users\ultra\warewolf\Dev\Dev2.Runtime.Services\bin\Debug\net8.0\Dev2.Runtime.Services.dll [C:\Users\ultra\warewolf\Dev\Dev2.Runtime.Tests\Dev2.Runtime.Tests.csproj]
C:\Program Files\dotnet\sdk\10.0.201\Microsoft.Common.CurrentVersion.targets(2451,5): warning MSB3277:             C:\Users\ultra\warewolf\Dev\Dev2.Runtime.WebServer\bin\Debug\net8.0\Dev2.Runtime.WebServer.dll [C:\Users\ultra\warewolf\Dev\Dev2.Runtime.Tests\Dev2.Runtime.Tests.csproj]
C:\Program Files\dotnet\sdk\10.0.201\Microsoft.Common.CurrentVersion.targets(2451,5): warning MSB3277:             C:\Users\ultra\warewolf\Dev\Dev2.Runtime\bin\Debug\net8.0\Dev2.Runtime.dll [C:\Users\ultra\warewolf\Dev\Dev2.Runtime.Tests\Dev2.Runtime.Tests.csproj]
C:\Program Files\dotnet\sdk\10.0.201\Microsoft.Common.CurrentVersion.targets(2451,5): warning MSB3277:             C:\Users\ultra\warewolf\Dev\Dev2.Scheduler\bin\Debug\net8.0\Dev2.Scheduler.dll [C:\Users\ultra\warewolf\Dev\Dev2.Runtime.Tests\Dev2.Runtime.Tests.csproj]
C:\Program Files\dotnet\sdk\10.0.201\Microsoft.Common.CurrentVersion.targets(2451,5): warning MSB3277:             C:\Users\ultra\warewolf\Dev\Dev2.Services.Execution\bin\Debug\net8.0\Dev2.Services.Execution.dll [C:\Users\ultra\warewolf\Dev\Dev2.Runtime.Tests\Dev2.Runtime.Tests.csproj]
C:\Program Files\dotnet\sdk\10.0.201\Microsoft.Common.CurrentVersion.targets(2451,5): warning MSB3277:             C:\Users\ultra\warewolf\Dev\Dev2.Studio.Interfaces\bin\Debug\net8.0\Dev2.Studio.Interfaces.dll [C:\Users\ultra\warewolf\Dev\Dev2.Runtime.Tests\Dev2.Runtime.Tests.csproj]
C:\Program Files\dotnet\sdk\10.0.201\Microsoft.Common.CurrentVersion.targets(2451,5): warning MSB3277:             C:\Users\ultra\warewolf\Dev\TestBase\bin\Debug\net8.0\TestBase.dll [C:\Users\ultra\warewolf\Dev\Dev2.Runtime.Tests\Dev2.Runtime.Tests.csproj]
C:\Program Files\dotnet\sdk\10.0.201\Microsoft.Common.CurrentVersion.targets(2451,5): warning MSB3277:             C:\Users\ultra\warewolf\Dev\Warewolf.Auditing\bin\Debug\net8.0\Warewolf.Auditing.dll [C:\Users\ultra\warewolf\Dev\Dev2.Runtime.Tests\Dev2.Runtime.Tests.csproj]
C:\Program Files\dotnet\sdk\10.0.201\Microsoft.Common.CurrentVersion.targets(2451,5): warning MSB3277:             C:\Users\ultra\warewolf\Dev\Warewolf.Common.Framework48\bin\Debug\net8.0\Warewolf.Common.Framework48.dll [C:\Users\ultra\warewolf\Dev\Dev2.Runtime.Tests\Dev2.Runtime.Tests.csproj]
C:\Program Files\dotnet\sdk\10.0.201\Microsoft.Common.CurrentVersion.targets(2451,5): warning MSB3277:             C:\Users\ultra\warewolf\Dev\Warewolf.Core\bin\Debug\net8.0\Warewolf.Core.dll [C:\Users\ultra\warewolf\Dev\Dev2.Runtime.Tests\Dev2.Runtime.Tests.csproj]
C:\Program Files\dotnet\sdk\10.0.201\Microsoft.Common.CurrentVersion.targets(2451,5): warning MSB3277:             C:\Users\ultra\warewolf\Dev\Warewolf.ResourceManagement\bin\Debug\net8.0\Warewolf.ResourceManagement.dll [C:\Users\ultra\warewolf\Dev\Dev2.Runtime.Tests\Dev2.Runtime.Tests.csproj]
C:\Program Files\dotnet\sdk\10.0.201\Microsoft.Common.CurrentVersion.targets(2451,5): warning MSB3277:             C:\Users\ultra\warewolf\Dev\Warewolf.Trigger.Queue\bin\Debug\net8.0\Warewolf.Trigger.Queue.dll [C:\Users\ultra\warewolf\Dev\Dev2.Runtime.Tests\Dev2.Runtime.Tests.csproj]
C:\Program Files\dotnet\sdk\10.0.201\Microsoft.Common.CurrentVersion.targets(2451,5): warning MSB3277:             C:\Users\ultra\warewolf\Dev\Dev2.Common.Tests\bin\Debug\net8.0\Dev2.Common.Tests.dll [C:\Users\ultra\warewolf\Dev\Dev2.Runtime.Tests\Dev2.Runtime.Tests.csproj]
C:\Program Files\dotnet\sdk\10.0.201\Microsoft.Common.CurrentVersion.targets(2451,5): warning MSB3277:             C:\Users\ultra\warewolf\Dev\Dev2.Diagnostics.Tests\bin\Debug\net8.0\linux-x64\Dev2.Diagnostics.Tests.dll [C:\Users\ultra\warewolf\Dev\Dev2.Runtime.Tests\Dev2.Runtime.Tests.csproj]
C:\Program Files\dotnet\sdk\10.0.201\Microsoft.Common.CurrentVersion.targets(2451,5): warning MSB3277:             C:\Users\ultra\warewolf\Dev\Dev2.Intellisense\bin\Debug\net8.0\Dev2.Intellisense.dll [C:\Users\ultra\warewolf\Dev\Dev2.Runtime.Tests\Dev2.Runtime.Tests.csproj]
C:\Program Files\dotnet\sdk\10.0.201\Microsoft.Common.CurrentVersion.targets(2451,5): warning MSB3277:             C:\Users\ultra\warewolf\Dev\Dev2.Studio.Core\bin\Debug\net8.0\Dev2.Studio.Core.dll [C:\Users\ultra\warewolf\Dev\Dev2.Runtime.Tests\Dev2.Runtime.Tests.csproj]
C:\Program Files\dotnet\sdk\10.0.201\Microsoft.Common.CurrentVersion.targets(2451,5): warning MSB3277:             C:\Users\ultra\warewolf\Dev\Warewolf.HangfireServer\bin\Debug\net8.0\linux-x64\HangfireServer.dll [C:\Users\ultra\warewolf\Dev\Dev2.Runtime.Tests\Dev2.Runtime.Tests.csproj]
C:\Program Files\dotnet\sdk\10.0.201\Microsoft.Common.CurrentVersion.targets(2451,5): warning MSB3277:             C:\Users\ultra\warewolf\Dev\Warewolf.QueueWorker\bin\Debug\net8.0\linux-x64\QueueWorker.dll [C:\Users\ultra\warewolf\Dev\Dev2.Runtime.Tests\Dev2.Runtime.Tests.csproj]
C:\Program Files\dotnet\sdk\10.0.201\Microsoft.Common.CurrentVersion.targets(2451,5): warning MSB3277:             C:\Users\ultra\warewolf\Dev\Dev2.Server\bin\Debug\net8.0\linux-x64\Warewolf Server.dll [C:\Users\ultra\warewolf\Dev\Dev2.Runtime.Tests\Dev2.Runtime.Tests.csproj]
C:\Program Files\dotnet\sdk\10.0.201\Microsoft.Common.CurrentVersion.targets(2451,5): warning MSB3277:             C:\Users\ultra\warewolf\Dev\Dev2.Studio\bin\Debug\net8.0\linux-x64\Warewolf Studio.dll [C:\Users\ultra\warewolf\Dev\Dev2.Runtime.Tests\Dev2.Runtime.Tests.csproj]
C:\Program Files\dotnet\sdk\10.0.201\Microsoft.Common.CurrentVersion.targets(2451,5): warning MSB3277:             C:\Users\ultra\warewolf\Dev\Warewolf.Common.NetStandard20\bin\Debug\net8.0\Warewolf.Common.NetStandard20.dll [C:\Users\ultra\warewolf\Dev\Dev2.Runtime.Tests\Dev2.Runtime.Tests.csproj]
C:\Program Files\dotnet\sdk\10.0.201\Microsoft.Common.CurrentVersion.targets(2451,5): warning MSB3277:             C:\Users\ultra\warewolf\Dev\Warewolf.Core.Tests\bin\Debug\net8.0\linux-x64\Warewolf.Core.Tests.dll [C:\Users\ultra\warewolf\Dev\Dev2.Runtime.Tests\Dev2.Runtime.Tests.csproj]
C:\Program Files\dotnet\sdk\10.0.201\Microsoft.Common.CurrentVersion.targets(2451,5): warning MSB3277:             C:\Users\ultra\warewolf\Dev\Warewolf.Driver.Persistence\bin\Debug\net8.0\Warewolf.Driver.Persistence.dll [C:\Users\ultra\warewolf\Dev\Dev2.Runtime.Tests\Dev2.Runtime.Tests.csproj]
C:\Program Files\dotnet\sdk\10.0.201\Microsoft.Common.CurrentVersion.targets(2451,5): warning MSB3277:             C:\Users\ultra\warewolf\Dev\Warewolf.Exchange.Email.Wrapper\bin\Debug\net8.0\Warewolf.Exchange.Email.Wrapper.dll [C:\Users\ultra\warewolf\Dev\Dev2.Runtime.Tests\Dev2.Runtime.Tests.csproj]
C:\Program Files\dotnet\sdk\10.0.201\Microsoft.Common.CurrentVersion.targets(2451,5): warning MSB3277:             C:\Users\ultra\warewolf\Dev\Warewolf.MergeParser.Tests\bin\Debug\net8.0\linux-x64\Warewolf.MergeParser.Tests.dll [C:\Users\ultra\warewolf\Dev\Dev2.Runtime.Tests\Dev2.Runtime.Tests.csproj]
C:\Program Files\dotnet\sdk\10.0.201\Microsoft.Common.CurrentVersion.targets(2451,5): warning MSB3277:             C:\Users\ultra\warewolf\Dev\Warewolf.Studio.Core\bin\Debug\net8.0\Warewolf.Studio.Core.dll [C:\Users\ultra\warewolf\Dev\Dev2.Runtime.Tests\Dev2.Runtime.Tests.csproj]
C:\Program Files\dotnet\sdk\10.0.201\Microsoft.Common.CurrentVersion.targets(2451,5): warning MSB3277:             C:\Users\ultra\warewolf\Dev\Warewolf.Studio.CustomControls\bin\Debug\net8.0\Warewolf.Studio.CustomControls.dll [C:\Users\ultra\warewolf\Dev\Dev2.Runtime.Tests\Dev2.Runtime.Tests.csproj]
C:\Program Files\dotnet\sdk\10.0.201\Microsoft.Common.CurrentVersion.targets(2451,5): warning MSB3277:             C:\Users\ultra\warewolf\Dev\Warewolf.Studio.Models\bin\Debug\net8.0\Warewolf.Studio.Models.dll [C:\Users\ultra\warewolf\Dev\Dev2.Runtime.Tests\Dev2.Runtime.Tests.csproj]
C:\Program Files\dotnet\sdk\10.0.201\Microsoft.Common.CurrentVersion.targets(2451,5): warning MSB3277:             C:\Users\ultra\warewolf\Dev\Warewolf.Studio.ViewModels\bin\Debug\net8.0\Warewolf.Studio.ViewModels.dll [C:\Users\ultra\warewolf\Dev\Dev2.Runtime.Tests\Dev2.Runtime.Tests.csproj]
C:\Program Files\dotnet\sdk\10.0.201\Microsoft.Common.CurrentVersion.targets(2451,5): warning MSB3277:             C:\Users\ultra\warewolf\Dev\Warewolf.Testing\bin\Debug\net8.0\Warewolf.Testing.dll [C:\Users\ultra\warewolf\Dev\Dev2.Runtime.Tests\Dev2.Runtime.Tests.csproj]
C:\Program Files\dotnet\sdk\10.0.201\Microsoft.Common.CurrentVersion.targets(2451,5): warning MSB3277:             C:\Users\ultra\warewolf\Dev\Warewolf.UI\bin\Debug\net8.0\Warewolf.UI.dll [C:\Users\ultra\warewolf\Dev\Dev2.Runtime.Tests\Dev2.Runtime.Tests.csproj]
C:\Program Files\dotnet\sdk\10.0.201\Microsoft.Common.CurrentVersion.targets(2451,5): warning MSB3277:             C:\Users\ultra\warewolf\Dev\Warewolf.Logger\bin\Debug\net8.0\linux-x64\WarewolfLogger.dll [C:\Users\ultra\warewolf\Dev\Dev2.Runtime.Tests\Dev2.Runtime.Tests.csproj]
C:\Program Files\dotnet\sdk\10.0.201\Microsoft.Common.CurrentVersion.targets(2451,5): warning MSB3277:             C:\Users\ultra\.nuget\packages\dotnetzip\1.16.0\lib\netstandard2.0\DotNetZip.dll [C:\Users\ultra\warewolf\Dev\Dev2.Runtime.Tests\Dev2.Runtime.Tests.csproj]
C:\Program Files\dotnet\sdk\10.0.201\Microsoft.Common.CurrentVersion.targets(2451,5): warning MSB3277:             C:\Users\ultra\warewolf\Dev\Dev2.Data.Interfaces\bin\Debug\net8.0\Dev2.Data.Interfaces.dll [C:\Users\ultra\warewolf\Dev\Dev2.Runtime.Tests\Dev2.Runtime.Tests.csproj]
C:\Program Files\dotnet\sdk\10.0.201\Microsoft.Common.CurrentVersion.targets(2451,5): warning MSB3277:             C:\Users\ultra\warewolf\Dev\Dev2.Diagnostics\bin\Debug\net8.0\Dev2.Diagnostics.dll [C:\Users\ultra\warewolf\Dev\Dev2.Runtime.Tests\Dev2.Runtime.Tests.csproj]
C:\Program Files\dotnet\sdk\10.0.201\Microsoft.Common.CurrentVersion.targets(2451,5): warning MSB3277:             C:\Users\ultra\warewolf\Dev\Dev2.Infrastructure\bin\Debug\net8.0\Dev2.Infrastructure.dll [C:\Users\ultra\warewolf\Dev\Dev2.Runtime.Tests\Dev2.Runtime.Tests.csproj]
C:\Program Files\dotnet\sdk\10.0.201\Microsoft.Common.CurrentVersion.targets(2451,5): warning MSB3277:             C:\Users\ultra\warewolf\Dev\Dev2.Common\bin\Debug\net8.0\Dev2.Common.dll [C:\Users\ultra\warewolf\Dev\Dev2.Runtime.Tests\Dev2.Runtime.Tests.csproj]
C:\Program Files\dotnet\sdk\10.0.201\Microsoft.Common.CurrentVersion.targets(2451,5): warning MSB3277:             C:\Users\ultra\warewolf\Dev\Dev2.Services.Sql\bin\Debug\net8.0\Dev2.Services.Sql.dll [C:\Users\ultra\warewolf\Dev\Dev2.Runtime.Tests\Dev2.Runtime.Tests.csproj]
C:\Program Files\dotnet\sdk\10.0.201\Microsoft.Common.CurrentVersion.targets(2451,5): warning MSB3277:             C:\Users\ultra\warewolf\Dev\Dev2.TaskScheduler.Wrappers\bin\Debug\net8.0\Dev2.TaskScheduler.Wrappers.dll [C:\Users\ultra\warewolf\Dev\Dev2.Runtime.Tests\Dev2.Runtime.Tests.csproj]
C:\Program Files\dotnet\sdk\10.0.201\Microsoft.Common.CurrentVersion.targets(2451,5): warning MSB3277:             C:\Users\ultra\warewolf\Dev\Dev2.Util\bin\Debug\net8.0\Dev2.Util.dll [C:\Users\ultra\warewolf\Dev\Dev2.Runtime.Tests\Dev2.Runtime.Tests.csproj]
C:\Program Files\dotnet\sdk\10.0.201\Microsoft.Common.CurrentVersion.targets(2451,5): warning MSB3277:             C:\Users\ultra\warewolf\Dev\Warewolf.Storage\bin\Debug\net8.0\Warewolf.Storage.dll [C:\Users\ultra\warewolf\Dev\Dev2.Runtime.Tests\Dev2.Runtime.Tests.csproj]
C:\Program Files\dotnet\sdk\10.0.201\Microsoft.Common.CurrentVersion.targets(2451,5): warning MSB3277:             C:\Users\ultra\warewolf\Dev\Dev2.Development.Languages\bin\Debug\net8.0\Dev2.Development.Languages.dll [C:\Users\ultra\warewolf\Dev\Dev2.Runtime.Tests\Dev2.Runtime.Tests.csproj]
C:\Program Files\dotnet\sdk\10.0.201\Microsoft.Common.CurrentVersion.targets(2451,5): warning MSB3277:             C:\Users\ultra\warewolf\Dev\Warewolf.AI.Harness\bin\Debug\net8.0\Warewolf.AI.Harness.dll [C:\Users\ultra\warewolf\Dev\Dev2.Runtime.Tests\Dev2.Runtime.Tests.csproj]
C:\Program Files\dotnet\sdk\10.0.201\Microsoft.Common.CurrentVersion.targets(2451,5): warning MSB3277:             C:\Users\ultra\warewolf\Dev\Warewolf.Driver.Serilog\bin\Debug\net8.0\Warewolf.Driver.Serilog.dll [C:\Users\ultra\warewolf\Dev\Dev2.Runtime.Tests\Dev2.Runtime.Tests.csproj]
C:\Program Files\dotnet\sdk\10.0.201\Microsoft.Common.CurrentVersion.targets(2451,5): warning MSB3277:             C:\Users\ultra\warewolf\Dev\Warewolf.PerfMon\bin\Debug\net8.0\linux-x64\Warewolf.PerfMon.dll [C:\Users\ultra\warewolf\Dev\Dev2.Runtime.Tests\Dev2.Runtime.Tests.csproj]
C:\Program Files\dotnet\sdk\10.0.201\Microsoft.Common.CurrentVersion.targets(2451,5): warning MSB3277:             C:\Users\ultra\warewolf\Dev\Warewolf.Sharepoint\bin\Debug\net8.0\Warewolf.Sharepoint.dll [C:\Users\ultra\warewolf\Dev\Dev2.Runtime.Tests\Dev2.Runtime.Tests.csproj]
C:\Program Files\dotnet\sdk\10.0.201\Microsoft.Common.CurrentVersion.targets(2451,5): warning MSB3277:             C:\Users\ultra\.nuget\packages\mindbox.data.linq\5.0.0\lib\netstandard2.0\Mindbox.Data.Linq.dll [C:\Users\ultra\warewolf\Dev\Dev2.Runtime.Tests\Dev2.Runtime.Tests.csproj]
C:\Program Files\dotnet\sdk\10.0.201\Microsoft.Common.CurrentVersion.targets(2451,5): warning MSB3277:             C:\Users\ultra\.nuget\packages\mysql.data\8.4.0\lib\net8.0\MySql.Data.dll [C:\Users\ultra\warewolf\Dev\Dev2.Runtime.Tests\Dev2.Runtime.Tests.csproj]
C:\Program Files\dotnet\sdk\10.0.201\Microsoft.Common.CurrentVersion.targets(2451,5): warning MSB3277:             C:\Users\ultra\.nuget\packages\oracle.manageddataaccess.core\3.21.70\lib\netstandard2.1\Oracle.ManagedDataAccess.dll [C:\Users\ultra\warewolf\Dev\Dev2.Runtime.Tests\Dev2.Runtime.Tests.csproj]
C:\Program Files\dotnet\sdk\10.0.201\Microsoft.Common.CurrentVersion.targets(2451,5): warning MSB3277:             C:\Users\ultra\.nuget\packages\system.directoryservices\6.0.0\lib\net6.0\System.DirectoryServices.dll [C:\Users\ultra\warewolf\Dev\Dev2.Runtime.Tests\Dev2.Runtime.Tests.csproj]
C:\Program Files\dotnet\sdk\10.0.201\Microsoft.Common.CurrentVersion.targets(2451,5): warning MSB3277:             C:\Users\ultra\.nuget\packages\corewcf.primitives\1.2.1\lib\netstandard2.0\CoreWCF.Primitives.dll [C:\Users\ultra\warewolf\Dev\Dev2.Runtime.Tests\Dev2.Runtime.Tests.csproj]
C:\Program Files\dotnet\sdk\10.0.201\Microsoft.Common.CurrentVersion.targets(2451,5): warning MSB3277:             C:\Users\ultra\.nuget\packages\corewcf.http\1.2.1\lib\netstandard2.0\CoreWCF.Http.dll [C:\Users\ultra\warewolf\Dev\Dev2.Runtime.Tests\Dev2.Runtime.Tests.csproj]
C:\Program Files\dotnet\sdk\10.0.201\Microsoft.Common.CurrentVersion.targets(2451,5): warning MSB3277:             C:\Users\ultra\.nuget\packages\corewcf.nettcp\1.2.1\lib\netstandard2.0\CoreWCF.NetTcp.dll [C:\Users\ultra\warewolf\Dev\Dev2.Runtime.Tests\Dev2.Runtime.Tests.csproj]
C:\Program Files\dotnet\sdk\10.0.201\Microsoft.Common.CurrentVersion.targets(2451,5): warning MSB3277:             C:\Users\ultra\.nuget\packages\corewcf.webhttp\1.2.1\lib\netstandard2.0\CoreWCF.WebHttp.dll [C:\Users\ultra\warewolf\Dev\Dev2.Runtime.Tests\Dev2.Runtime.Tests.csproj]
C:\Program Files\dotnet\sdk\10.0.201\Microsoft.Common.CurrentVersion.targets(2451,5): warning MSB3277:             C:\Program Files\dotnet\packs\Microsoft.NETCore.App.Ref\8.0.25\ref/net8.0/System.Configuration.dll [C:\Users\ultra\warewolf\Dev\Dev2.Runtime.Tests\Dev2.Runtime.Tests.csproj]
C:\Program Files\dotnet\sdk\10.0.201\Microsoft.Common.CurrentVersion.targets(2451,5): warning MSB3277:             C:\Users\ultra\.nuget\packages\prism.composition\5.0.0\lib\NET45\Microsoft.Practices.Prism.Composition.dll [C:\Users\ultra\warewolf\Dev\Dev2.Runtime.Tests\Dev2.Runtime.Tests.csproj]
C:\Program Files\dotnet\sdk\10.0.201\Microsoft.Common.CurrentVersion.targets(2451,5): warning MSB3277:             C:\Users\ultra\.nuget\packages\prism.unityextensions\5.0.1\lib\NET45\Microsoft.Practices.Prism.UnityExtensions.dll [C:\Users\ultra\warewolf\Dev\Dev2.Runtime.Tests\Dev2.Runtime.Tests.csproj]
C:\Program Files\dotnet\sdk\10.0.201\Microsoft.Common.CurrentVersion.targets(2451,5): warning MSB3277:             C:\Users\ultra\.nuget\packages\prism.wpf\9.0.537\lib\net462\Prism.Wpf.dll [C:\Users\ultra\warewolf\Dev\Dev2.Runtime.Tests\Dev2.Runtime.Tests.csproj]
C:\Program Files\dotnet\sdk\10.0.201\Microsoft.Common.CurrentVersion.targets(2451,5): warning MSB3277:             C:\Program Files\dotnet\packs\Microsoft.NETCore.App.Ref\8.0.25\ref/net8.0/System.Data.dll [C:\Users\ultra\warewolf\Dev\Dev2.Runtime.Tests\Dev2.Runtime.Tests.csproj]
C:\Program Files\dotnet\sdk\10.0.201\Microsoft.Common.CurrentVersion.targets(2451,5): warning MSB3277:             C:\Users\ultra\.nuget\packages\taskschedulereditor\2.10.1\lib\net452\Microsoft.Win32.TaskSchedulerEditor.dll [C:\Users\ultra\warewolf\Dev\Dev2.Runtime.Tests\Dev2.Runtime.Tests.csproj]
C:\Program Files\dotnet\sdk\10.0.201\Microsoft.Common.CurrentVersion.targets(2451,5): warning MSB3277:             C:\Program Files\dotnet\packs\Microsoft.NETCore.App.Ref\8.0.25\ref/net8.0/System.Drawing.dll [C:\Users\ultra\warewolf\Dev\Dev2.Runtime.Tests\Dev2.Runtime.Tests.csproj]
C:\Program Files\dotnet\sdk\10.0.201\Microsoft.Common.CurrentVersion.targets(2451,5): warning MSB3277:             C:\Users\ultra\.nuget\packages\aerowizard\2.3.1\lib\net45\AeroWizard.dll [C:\Users\ultra\warewolf\Dev\Dev2.Runtime.Tests\Dev2.Runtime.Tests.csproj]
C:\Program Files\dotnet\sdk\10.0.201\Microsoft.Common.CurrentVersion.targets(2451,5): warning MSB3277:             C:\Users\ultra\.nuget\packages\avalonedit\6.3.0.90\lib\net462\ICSharpCode.AvalonEdit.dll [C:\Users\ultra\warewolf\Dev\Dev2.Runtime.Tests\Dev2.Runtime.Tests.csproj]
C:\Program Files\dotnet\sdk\10.0.201\Microsoft.Common.CurrentVersion.targets(2451,5): warning MSB3277:             C:\Users\ultra\.nuget\packages\groupcontrols\1.9.0\lib\net45\GroupControls.dll [C:\Users\ultra\warewolf\Dev\Dev2.Runtime.Tests\Dev2.Runtime.Tests.csproj]
C:\Program Files\dotnet\sdk\10.0.201\Microsoft.Common.CurrentVersion.targets(2451,5): warning MSB3277:             C:\Program Files\dotnet\packs\Microsoft.NETCore.App.Ref\8.0.25\ref/net8.0/System.Net.dll [C:\Users\ultra\warewolf\Dev\Dev2.Runtime.Tests\Dev2.Runtime.Tests.csproj]
C:\Program Files\dotnet\sdk\10.0.201\Microsoft.Common.CurrentVersion.targets(2451,5): warning MSB3277:             C:\Program Files\dotnet\packs\Microsoft.NETCore.App.Ref\8.0.25\ref/net8.0/System.Security.dll [C:\Users\ultra\warewolf\Dev\Dev2.Runtime.Tests\Dev2.Runtime.Tests.csproj]
C:\Program Files\dotnet\sdk\10.0.201\Microsoft.Common.CurrentVersion.targets(2451,5): warning MSB3277:             C:\Program Files\dotnet\packs\Microsoft.NETCore.App.Ref\8.0.25\ref/net8.0/System.ServiceProcess.dll [C:\Users\ultra\warewolf\Dev\Dev2.Runtime.Tests\Dev2.Runtime.Tests.csproj]
C:\Program Files\dotnet\sdk\10.0.201\Microsoft.Common.CurrentVersion.targets(2451,5): warning MSB3277:             C:\Program Files\dotnet\packs\Microsoft.NETCore.App.Ref\8.0.25\ref/net8.0/System.Transactions.dll [C:\Users\ultra\warewolf\Dev\Dev2.Runtime.Tests\Dev2.Runtime.Tests.csproj]
C:\Program Files\dotnet\sdk\10.0.201\Microsoft.Common.CurrentVersion.targets(2451,5): warning MSB3277:             C:\Program Files\dotnet\packs\Microsoft.NETCore.App.Ref\8.0.25\ref/net8.0/System.dll [C:\Users\ultra\warewolf\Dev\Dev2.Runtime.Tests\Dev2.Runtime.Tests.csproj]
C:\Program Files\dotnet\sdk\10.0.201\Microsoft.Common.CurrentVersion.targets(2451,5): warning MSB3277:             C:\Users\ultra\.nuget\packages\fontawesome.wpf\4.7.0.9\lib\net40\FontAwesome.WPF.dll [C:\Users\ultra\warewolf\Dev\Dev2.Runtime.Tests\Dev2.Runtime.Tests.csproj]
C:\Program Files\dotnet\sdk\10.0.201\Microsoft.Common.CurrentVersion.targets(2451,5): warning MSB3277:             C:\Users\ultra\.nuget\packages\log4net.async\2.0.4\lib\net40\Log4Net.Async.dll [C:\Users\ultra\warewolf\Dev\Dev2.Runtime.Tests\Dev2.Runtime.Tests.csproj]
C:\Program Files\dotnet\sdk\10.0.201\Microsoft.Common.CurrentVersion.targets(2451,5): warning MSB3277:             C:\Users\ultra\.nuget\packages\microsoft.xaml.behaviors.wpf\1.1.122\lib\net462\Microsoft.Xaml.Behaviors.dll [C:\Users\ultra\warewolf\Dev\Dev2.Runtime.Tests\Dev2.Runtime.Tests.csproj]
C:\Program Files\dotnet\sdk\10.0.201\Microsoft.Common.CurrentVersion.targets(2451,5): warning MSB3277:             C:\Users\ultra\.nuget\packages\caliburn.micro\4.0.212\lib\netcoreapp3.1\Caliburn.Micro.Platform.dll [C:\Users\ultra\warewolf\Dev\Dev2.Runtime.Tests\Dev2.Runtime.Tests.csproj]
C:\Program Files\dotnet\sdk\10.0.201\Microsoft.Common.CurrentVersion.targets(2451,5): warning MSB3277:             C:\Users\ultra\.nuget\packages\prism.interactivity\5.0.0\lib\NET45\Microsoft.Practices.Prism.Interactivity.dll [C:\Users\ultra\warewolf\Dev\Dev2.Runtime.Tests\Dev2.Runtime.Tests.csproj]
C:\Program Files\dotnet\sdk\10.0.201\Microsoft.Common.CurrentVersion.targets(2451,5): warning MSB3277:             C:\Users\ultra\.nuget\packages\prism.mvvm\1.0.0\lib\net45\Microsoft.Practices.Prism.Mvvm.Desktop.dll [C:\Users\ultra\warewolf\Dev\Dev2.Runtime.Tests\Dev2.Runtime.Tests.csproj]
C:\Program Files\dotnet\sdk\10.0.201\Microsoft.Common.CurrentVersion.targets(2451,5): warning MSB3277:             C:\Users\ultra\.nuget\packages\reactiveui.wpf\18.4.1\lib\net462\ReactiveUI.Wpf.dll [C:\Users\ultra\warewolf\Dev\Dev2.Runtime.Tests\Dev2.Runtime.Tests.csproj]
C:\Program Files\dotnet\sdk\10.0.201\Microsoft.Common.CurrentVersion.targets(2451,5): warning MSB3277:             C:\Users\ultra\.nuget\packages\ttcue.netcore.sharepointonline.csom.16.1.8029.1200\16.1.8029.1200\lib\netcoreapp2.0\Microsoft.SharePoint.Client.Runtime.Windows.dll [C:\Users\ultra\warewolf\Dev\Dev2.Runtime.Tests\Dev2.Runtime.Tests.csproj]
C:\Program Files\dotnet\sdk\10.0.201\Microsoft.Common.CurrentVersion.targets(2451,5): warning MSB3277:             C:\Program Files\dotnet\packs\Microsoft.NETCore.App.Ref\8.0.25\ref/net8.0/WindowsBase.dll [C:\Users\ultra\warewolf\Dev\Dev2.Runtime.Tests\Dev2.Runtime.Tests.csproj]
C:\Program Files\dotnet\sdk\10.0.201\Microsoft.Common.CurrentVersion.targets(2451,5): warning MSB3277:             C:\Program Files\dotnet\packs\Microsoft.NETCore.App.Ref\8.0.25\ref/net8.0/mscorlib.dll [C:\Users\ultra\warewolf\Dev\Dev2.Runtime.Tests\Dev2.Runtime.Tests.csproj]
C:\Program Files\dotnet\sdk\10.0.201\Microsoft.Common.CurrentVersion.targets(2451,5): warning MSB3277:             Warewolf.Usage, Version=1.0.0.0, Culture=neutral, PublicKeyToken=null [C:\Users\ultra\warewolf\Dev\Dev2.Runtime.Tests\Dev2.Runtime.Tests.csproj]
C:\Program Files\dotnet\sdk\10.0.201\Microsoft.Common.CurrentVersion.targets(2451,5): warning MSB3277:             C:\Users\ultra\.nuget\packages\hangfire.core\1.7.32\lib\netstandard2.0\Hangfire.Core.dll [C:\Users\ultra\warewolf\Dev\Dev2.Runtime.Tests\Dev2.Runtime.Tests.csproj]
C:\Program Files\dotnet\sdk\10.0.201\Microsoft.Common.CurrentVersion.targets(2451,5): warning MSB3277:             C:\Users\ultra\.nuget\packages\hangfire.aspnetcore\1.7.32\lib\netcoreapp3.0\Hangfire.AspNetCore.dll [C:\Users\ultra\warewolf\Dev\Dev2.Runtime.Tests\Dev2.Runtime.Tests.csproj]
C:\Program Files\dotnet\sdk\10.0.201\Microsoft.Common.CurrentVersion.targets(2451,5): warning MSB3277:             C:\Users\ultra\.nuget\packages\hangfire.sqlserver\1.7.32\lib\netstandard2.0\Hangfire.SqlServer.dll [C:\Users\ultra\warewolf\Dev\Dev2.Runtime.Tests\Dev2.Runtime.Tests.csproj]
C:\Program Files\dotnet\sdk\10.0.201\Microsoft.Common.CurrentVersion.targets(2451,5): warning MSB3277:             C:\Users\ultra\.nuget\packages\microsoft.codecoverage\17.13.0\lib\netcoreapp3.1\Microsoft.VisualStudio.CodeCoverage.Shim.dll [C:\Users\ultra\warewolf\Dev\Dev2.Runtime.Tests\Dev2.Runtime.Tests.csproj]
C:\Program Files\dotnet\sdk\10.0.201\Microsoft.Common.CurrentVersion.targets(2451,5): warning MSB3277:             C:\Users\ultra\.nuget\packages\unofficial.microsoft.mshtml\7.0.3300\lib\net40\Microsoft.mshtml.dll [C:\Users\ultra\warewolf\Dev\Dev2.Runtime.Tests\Dev2.Runtime.Tests.csproj]
C:\Program Files\dotnet\sdk\10.0.201\Microsoft.Common.CurrentVersion.targets(2451,5): warning MSB3277:         C:\Program Files\dotnet\packs\Microsoft.NETCore.App.Ref\8.0.25\ref\net8.0\System.Drawing.dll [C:\Users\ultra\warewolf\Dev\Dev2.Runtime.Tests\Dev2.Runtime.Tests.csproj]
C:\Program Files\dotnet\sdk\10.0.201\Microsoft.Common.CurrentVersion.targets(2451,5): warning MSB3277:           Project file item includes which caused reference "C:\Program Files\dotnet\packs\Microsoft.NETCore.App.Ref\8.0.25\ref\net8.0\System.Drawing.dll". [C:\Users\ultra\warewolf\Dev\Dev2.Runtime.Tests\Dev2.Runtime.Tests.csproj]
C:\Program Files\dotnet\sdk\10.0.201\Microsoft.Common.CurrentVersion.targets(2451,5): warning MSB3277:             C:\Program Files\dotnet\packs\Microsoft.NETCore.App.Ref\8.0.25\ref/net8.0/System.Drawing.dll [C:\Users\ultra\warewolf\Dev\Dev2.Runtime.Tests\Dev2.Runtime.Tests.csproj]
C:\Program Files\dotnet\sdk\10.0.201\Microsoft.Common.CurrentVersion.targets(2451,5): warning MSB3277:             C:\Users\ultra\.nuget\packages\aerowizard\2.3.1\lib\net45\AeroWizard.dll [C:\Users\ultra\warewolf\Dev\Dev2.Runtime.Tests\Dev2.Runtime.Tests.csproj]
C:\Program Files\dotnet\sdk\10.0.201\Microsoft.Common.CurrentVersion.targets(2451,5): warning MSB3277:             C:\Users\ultra\.nuget\packages\avalonedit\6.3.0.90\lib\net462\ICSharpCode.AvalonEdit.dll [C:\Users\ultra\warewolf\Dev\Dev2.Runtime.Tests\Dev2.Runtime.Tests.csproj]
C:\Program Files\dotnet\sdk\10.0.201\Microsoft.Common.CurrentVersion.targets(2451,5): warning MSB3277:             C:\Users\ultra\.nuget\packages\groupcontrols\1.9.0\lib\net45\GroupControls.dll [C:\Users\ultra\warewolf\Dev\Dev2.Runtime.Tests\Dev2.Runtime.Tests.csproj]
C:\Program Files\dotnet\sdk\10.0.201\Microsoft.Common.CurrentVersion.targets(2451,5): warning MSB3277:             C:\Users\ultra\.nuget\packages\taskschedulereditor\2.10.1\lib\net452\Microsoft.Win32.TaskSchedulerEditor.dll [C:\Users\ultra\warewolf\Dev\Dev2.Runtime.Tests\Dev2.Runtime.Tests.csproj]
C:\Users\ultra\warewolf\Dev\Dev2.Runtime.Tests\WebServer\Controllers\TestUserWebServerController.cs(23,29): warning CS0169: The field 'TestUserWebServerController._user' is never used [C:\Users\ultra\warewolf\Dev\Dev2.Runtime.Tests\Dev2.Runtime.Tests.csproj]
C:\Users\ultra\warewolf\Dev\Dev2.Runtime.Tests\ESB\Control\EsbServicesEndpointTests.cs(96,58): warning CA1416: This call site is reachable on all platforms. 'WindowsIdentity.GetCurrent()' is only supported on: 'windows'. (https://learn.microsoft.com/dotnet/fundamentals/code-analysis/quality-rules/ca1416) [C:\Users\ultra\warewolf\Dev\Dev2.Runtime.Tests\Dev2.Runtime.Tests.csproj]
C:\Users\ultra\warewolf\Dev\Dev2.Runtime.Tests\ESB\Control\EsbServicesEndpointTests.cs(65,58): warning CA1416: This call site is reachable on all platforms. 'WindowsIdentity.GetCurrent()' is only supported on: 'windows'. (https://learn.microsoft.com/dotnet/fundamentals/code-analysis/quality-rules/ca1416) [C:\Users\ultra\warewolf\Dev\Dev2.Runtime.Tests\Dev2.Runtime.Tests.csproj]
C:\Users\ultra\warewolf\Dev\Dev2.Runtime.Tests\Services\WorkflowResumeTests.cs(387,46): warning CA1416: This call site is reachable on all platforms. 'WindowsIdentity.Name' is only supported on: 'windows'. (https://learn.microsoft.com/dotnet/fundamentals/code-analysis/quality-rules/ca1416) [C:\Users\ultra\warewolf\Dev\Dev2.Runtime.Tests\Dev2.Runtime.Tests.csproj]
C:\Users\ultra\warewolf\Dev\Dev2.Runtime.Tests\Services\WorkflowResumeTests.cs(346,46): warning CA1416: This call site is reachable on all platforms. 'WindowsIdentity.Name' is only supported on: 'windows'. (https://learn.microsoft.com/dotnet/fundamentals/code-analysis/quality-rules/ca1416) [C:\Users\ultra\warewolf\Dev\Dev2.Runtime.Tests\Dev2.Runtime.Tests.csproj]
C:\Users\ultra\warewolf\Dev\Dev2.Runtime.Tests\Services\WorkflowResumeTests.cs(346,46): warning CA1416: This call site is reachable on all platforms. 'WindowsIdentity.GetCurrent()' is only supported on: 'windows'. (https://learn.microsoft.com/dotnet/fundamentals/code-analysis/quality-rules/ca1416) [C:\Users\ultra\warewolf\Dev\Dev2.Runtime.Tests\Dev2.Runtime.Tests.csproj]
C:\Users\ultra\warewolf\Dev\Dev2.Runtime.Tests\Services\WorkflowResumeTests.cs(387,46): warning CA1416: This call site is reachable on all platforms. 'WindowsIdentity.GetCurrent()' is only supported on: 'windows'. (https://learn.microsoft.com/dotnet/fundamentals/code-analysis/quality-rules/ca1416) [C:\Users\ultra\warewolf\Dev\Dev2.Runtime.Tests\Dev2.Runtime.Tests.csproj]
C:\Users\ultra\warewolf\Dev\Dev2.Runtime.Tests\WebServer\DataObjectExtensionsTests.cs(1893,13): warning MSTEST0038: Use 'AreNotEqual' instead of 'AreNotSame' when comparing value types (https://learn.microsoft.com/dotnet/core/testing/mstest-analyzers/mstest0038) [C:\Users\ultra\warewolf\Dev\Dev2.Runtime.Tests\Dev2.Runtime.Tests.csproj]
  Dev2.Runtime.Tests -> C:\Users\ultra\warewolf\Dev\Dev2.Runtime.Tests\bin\Debug\net8.0\linux-x64\Dev2.Runtime.Tests.dll
  
  INFO: No tasks running with the specified criteria.
  
  INFO: No tasks running with the specified criteria.
  Dev2.Runtime.Tests -> C:\Users\ultra\warewolf\Bin\ServerTests-Linux\Dev2.Runtime.Tests\
Publishing Dev2.Runtime.Configuration.Tests for linux-x64...
  Determining projects to restore...
C:\Users\ultra\warewolf\Dev\Warewolf.Language.Parser\Warewolf.Language.Parser.fsproj : warning NU1504: Duplicate 'PackageReference' items found. Remove the duplicate items or use the Update functionality to ensure a consistent restore behavior. The duplicate 'PackageReference' items are: FSharp.Core 10.1.201, FSharp.Core 4.6.2.
C:\Users\ultra\warewolf\Dev\Warewolf.Security\Warewolf.Security.csproj : warning NU1904: Package 'System.Drawing.Common' 4.5.1 has a known critical severity vulnerability, https://github.com/advisories/GHSA-rxg9-xrhp-64gj [C:\Users\ultra\warewolf\Dev\Dev2.Runtime.Configuration.Tests\Dev2.Runtime.Configuration.Tests.csproj]
C:\Users\ultra\warewolf\Dev\Dev2.Util\Dev2.Util.csproj : warning NU1903: Package 'Microsoft.Windows.Compatibility' 6.0.0 has a known high severity vulnerability, https://github.com/advisories/GHSA-555c-2p6r-68mm [C:\Users\ultra\warewolf\Dev\Dev2.Runtime.Configuration.Tests\Dev2.Runtime.Configuration.Tests.csproj]
C:\Users\ultra\warewolf\Dev\Dev2.Common\Dev2.Common.csproj : warning NU1903: Package 'Microsoft.Windows.Compatibility' 6.0.0 has a known high severity vulnerability, https://github.com/advisories/GHSA-555c-2p6r-68mm [C:\Users\ultra\warewolf\Dev\Dev2.Runtime.Configuration.Tests\Dev2.Runtime.Configuration.Tests.csproj]
C:\Users\ultra\warewolf\Dev\Warewolf.Storage.Interfaces\Warewolf.Storage.Interfaces.csproj : warning NU1701: Package 'AeroWizard 2.3.1' was restored using '.NETFramework,Version=v4.6.1, .NETFramework,Version=v4.6.2, .NETFramework,Version=v4.7, .NETFramework,Version=v4.7.1, .NETFramework,Version=v4.7.2, .NETFramework,Version=v4.8, .NETFramework,Version=v4.8.1' instead of the project target framework 'net8.0'. This package may not be fully compatible with your project. [C:\Users\ultra\warewolf\Dev\Dev2.Runtime.Configuration.Tests\Dev2.Runtime.Configuration.Tests.csproj]
C:\Users\ultra\warewolf\Dev\Dev2.CustomControls\Dev2.CustomControls.csproj : warning NU1903: Package 'Microsoft.Windows.Compatibility' 6.0.0 has a known high severity vulnerability, https://github.com/advisories/GHSA-555c-2p6r-68mm [C:\Users\ultra\warewolf\Dev\Dev2.Runtime.Configuration.Tests\Dev2.Runtime.Configuration.Tests.csproj]
C:\Users\ultra\warewolf\Dev\Warewolf.Data\Warewolf.Data.csproj : warning NU1701: Package 'AeroWizard 2.3.1' was restored using '.NETFramework,Version=v4.6.1, .NETFramework,Version=v4.6.2, .NETFramework,Version=v4.7, .NETFramework,Version=v4.7.1, .NETFramework,Version=v4.7.2, .NETFramework,Version=v4.8, .NETFramework,Version=v4.8.1' instead of the project target framework 'net8.0'. This package may not be fully compatible with your project. [C:\Users\ultra\warewolf\Dev\Dev2.Runtime.Configuration.Tests\Dev2.Runtime.Configuration.Tests.csproj]
C:\Users\ultra\warewolf\Dev\Warewolf.Common\Warewolf.Common.csproj : warning NU1701: Package 'AeroWizard 2.3.1' was restored using '.NETFramework,Version=v4.6.1, .NETFramework,Version=v4.6.2, .NETFramework,Version=v4.7, .NETFramework,Version=v4.7.1, .NETFramework,Version=v4.7.2, .NETFramework,Version=v4.8, .NETFramework,Version=v4.8.1' instead of the project target framework 'net8.0'. This package may not be fully compatible with your project. [C:\Users\ultra\warewolf\Dev\Dev2.Runtime.Configuration.Tests\Dev2.Runtime.Configuration.Tests.csproj]
C:\Users\ultra\warewolf\Dev\Warewolf.Data\Warewolf.Data.csproj : warning NU1701: Package 'GroupControls 1.9.0' was restored using '.NETFramework,Version=v4.6.1, .NETFramework,Version=v4.6.2, .NETFramework,Version=v4.7, .NETFramework,Version=v4.7.1, .NETFramework,Version=v4.7.2, .NETFramework,Version=v4.8, .NETFramework,Version=v4.8.1' instead of the project target framework 'net8.0'. This package may not be fully compatible with your project. [C:\Users\ultra\warewolf\Dev\Dev2.Runtime.Configuration.Tests\Dev2.Runtime.Configuration.Tests.csproj]
C:\Users\ultra\warewolf\Dev\Dev2.CustomControls\Dev2.CustomControls.csproj : warning NU1701: Package 'AeroWizard 2.3.1' was restored using '.NETFramework,Version=v4.6.1, .NETFramework,Version=v4.6.2, .NETFramework,Version=v4.7, .NETFramework,Version=v4.7.1, .NETFramework,Version=v4.7.2, .NETFramework,Version=v4.8, .NETFramework,Version=v4.8.1' instead of the project target framework 'net8.0'. This package may not be fully compatible with your project. [C:\Users\ultra\warewolf\Dev\Dev2.Runtime.Configuration.Tests\Dev2.Runtime.Configuration.Tests.csproj]
C:\Users\ultra\warewolf\Dev\Dev2.Common\Dev2.Common.csproj : warning NU1701: Package 'AeroWizard 2.3.1' was restored using '.NETFramework,Version=v4.6.1, .NETFramework,Version=v4.6.2, .NETFramework,Version=v4.7, .NETFramework,Version=v4.7.1, .NETFramework,Version=v4.7.2, .NETFramework,Version=v4.8, .NETFramework,Version=v4.8.1' instead of the project target framework 'net8.0'. This package may not be fully compatible with your project. [C:\Users\ultra\warewolf\Dev\Dev2.Runtime.Configuration.Tests\Dev2.Runtime.Configuration.Tests.csproj]
C:\Users\ultra\warewolf\Dev\Dev2.Util\Dev2.Util.csproj : warning NU1701: Package 'AeroWizard 2.3.1' was restored using '.NETFramework,Version=v4.6.1, .NETFramework,Version=v4.6.2, .NETFramework,Version=v4.7, .NETFramework,Version=v4.7.1, .NETFramework,Version=v4.7.2, .NETFramework,Version=v4.8, .NETFramework,Version=v4.8.1' instead of the project target framework 'net8.0'. This package may not be fully compatible with your project. [C:\Users\ultra\warewolf\Dev\Dev2.Runtime.Configuration.Tests\Dev2.Runtime.Configuration.Tests.csproj]
C:\Users\ultra\warewolf\Dev\Dev2.Runtime.Configuration.Tests\Dev2.Runtime.Configuration.Tests.csproj : warning NU1701: Package 'AeroWizard 2.3.1' was restored using '.NETFramework,Version=v4.6.1, .NETFramework,Version=v4.6.2, .NETFramework,Version=v4.7, .NETFramework,Version=v4.7.1, .NETFramework,Version=v4.7.2, .NETFramework,Version=v4.8, .NETFramework,Version=v4.8.1' instead of the project target framework 'net8.0'. This package may not be fully compatible with your project.
C:\Users\ultra\warewolf\Dev\Warewolf.Common\Warewolf.Common.csproj : warning NU1701: Package 'GroupControls 1.9.0' was restored using '.NETFramework,Version=v4.6.1, .NETFramework,Version=v4.6.2, .NETFramework,Version=v4.7, .NETFramework,Version=v4.7.1, .NETFramework,Version=v4.7.2, .NETFramework,Version=v4.8, .NETFramework,Version=v4.8.1' instead of the project target framework 'net8.0'. This package may not be fully compatible with your project. [C:\Users\ultra\warewolf\Dev\Dev2.Runtime.Configuration.Tests\Dev2.Runtime.Configuration.Tests.csproj]
C:\Users\ultra\warewolf\Dev\Dev2.Util\Dev2.Util.csproj : warning NU1701: Package 'GroupControls 1.9.0' was restored using '.NETFramework,Version=v4.6.1, .NETFramework,Version=v4.6.2, .NETFramework,Version=v4.7, .NETFramework,Version=v4.7.1, .NETFramework,Version=v4.7.2, .NETFramework,Version=v4.8, .NETFramework,Version=v4.8.1' instead of the project target framework 'net8.0'. This package may not be fully compatible with your project. [C:\Users\ultra\warewolf\Dev\Dev2.Runtime.Configuration.Tests\Dev2.Runtime.Configuration.Tests.csproj]
C:\Users\ultra\warewolf\Dev\Dev2.CustomControls\Dev2.CustomControls.csproj : warning NU1701: Package 'GroupControls 1.9.0' was restored using '.NETFramework,Version=v4.6.1, .NETFramework,Version=v4.6.2, .NETFramework,Version=v4.7, .NETFramework,Version=v4.7.1, .NETFramework,Version=v4.7.2, .NETFramework,Version=v4.8, .NETFramework,Version=v4.8.1' instead of the project target framework 'net8.0'. This package may not be fully compatible with your project. [C:\Users\ultra\warewolf\Dev\Dev2.Runtime.Configuration.Tests\Dev2.Runtime.Configuration.Tests.csproj]
C:\Users\ultra\warewolf\Dev\Warewolf.Data\Warewolf.Data.csproj : warning NU1701: Package 'TaskSchedulerEditor 2.10.1' was restored using '.NETFramework,Version=v4.6.1, .NETFramework,Version=v4.6.2, .NETFramework,Version=v4.7, .NETFramework,Version=v4.7.1, .NETFramework,Version=v4.7.2, .NETFramework,Version=v4.8, .NETFramework,Version=v4.8.1' instead of the project target framework 'net8.0'. This package may not be fully compatible with your project. [C:\Users\ultra\warewolf\Dev\Dev2.Runtime.Configuration.Tests\Dev2.Runtime.Configuration.Tests.csproj]
C:\Users\ultra\warewolf\Dev\Warewolf.Common\Warewolf.Common.csproj : warning NU1701: Package 'TaskSchedulerEditor 2.10.1' was restored using '.NETFramework,Version=v4.6.1, .NETFramework,Version=v4.6.2, .NETFramework,Version=v4.7, .NETFramework,Version=v4.7.1, .NETFramework,Version=v4.7.2, .NETFramework,Version=v4.8, .NETFramework,Version=v4.8.1' instead of the project target framework 'net8.0'. This package may not be fully compatible with your project. [C:\Users\ultra\warewolf\Dev\Dev2.Runtime.Configuration.Tests\Dev2.Runtime.Configuration.Tests.csproj]
C:\Users\ultra\warewolf\Dev\Dev2.Common\Dev2.Common.csproj : warning NU1701: Package 'GroupControls 1.9.0' was restored using '.NETFramework,Version=v4.6.1, .NETFramework,Version=v4.6.2, .NETFramework,Version=v4.7, .NETFramework,Version=v4.7.1, .NETFramework,Version=v4.7.2, .NETFramework,Version=v4.8, .NETFramework,Version=v4.8.1' instead of the project target framework 'net8.0'. This package may not be fully compatible with your project. [C:\Users\ultra\warewolf\Dev\Dev2.Runtime.Configuration.Tests\Dev2.Runtime.Configuration.Tests.csproj]
C:\Users\ultra\warewolf\Dev\Dev2.CustomControls\Dev2.CustomControls.csproj : warning NU1701: Package 'TaskSchedulerEditor 2.10.1' was restored using '.NETFramework,Version=v4.6.1, .NETFramework,Version=v4.6.2, .NETFramework,Version=v4.7, .NETFramework,Version=v4.7.1, .NETFramework,Version=v4.7.2, .NETFramework,Version=v4.8, .NETFramework,Version=v4.8.1' instead of the project target framework 'net8.0'. This package may not be fully compatible with your project. [C:\Users\ultra\warewolf\Dev\Dev2.Runtime.Configuration.Tests\Dev2.Runtime.Configuration.Tests.csproj]
C:\Users\ultra\warewolf\Dev\Dev2.Runtime.Configuration.Tests\Dev2.Runtime.Configuration.Tests.csproj : warning NU1701: Package 'GroupControls 1.9.0' was restored using '.NETFramework,Version=v4.6.1, .NETFramework,Version=v4.6.2, .NETFramework,Version=v4.7, .NETFramework,Version=v4.7.1, .NETFramework,Version=v4.7.2, .NETFramework,Version=v4.8, .NETFramework,Version=v4.8.1' instead of the project target framework 'net8.0'. This package may not be fully compatible with your project.
C:\Users\ultra\warewolf\Dev\Dev2.Common\Dev2.Common.csproj : warning NU1701: Package 'TaskSchedulerEditor 2.10.1' was restored using '.NETFramework,Version=v4.6.1, .NETFramework,Version=v4.6.2, .NETFramework,Version=v4.7, .NETFramework,Version=v4.7.1, .NETFramework,Version=v4.7.2, .NETFramework,Version=v4.8, .NETFramework,Version=v4.8.1' instead of the project target framework 'net8.0'. This package may not be fully compatible with your project. [C:\Users\ultra\warewolf\Dev\Dev2.Runtime.Configuration.Tests\Dev2.Runtime.Configuration.Tests.csproj]
C:\Users\ultra\warewolf\Dev\Dev2.Util\Dev2.Util.csproj : warning NU1701: Package 'TaskSchedulerEditor 2.10.1' was restored using '.NETFramework,Version=v4.6.1, .NETFramework,Version=v4.6.2, .NETFramework,Version=v4.7, .NETFramework,Version=v4.7.1, .NETFramework,Version=v4.7.2, .NETFramework,Version=v4.8, .NETFramework,Version=v4.8.1' instead of the project target framework 'net8.0'. This package may not be fully compatible with your project. [C:\Users\ultra\warewolf\Dev\Dev2.Runtime.Configuration.Tests\Dev2.Runtime.Configuration.Tests.csproj]
C:\Users\ultra\warewolf\Dev\Dev2.Runtime.Configuration.Tests\Dev2.Runtime.Configuration.Tests.csproj : warning NU1701: Package 'TaskSchedulerEditor 2.10.1' was restored using '.NETFramework,Version=v4.6.1, .NETFramework,Version=v4.6.2, .NETFramework,Version=v4.7, .NETFramework,Version=v4.7.1, .NETFramework,Version=v4.7.2, .NETFramework,Version=v4.8, .NETFramework,Version=v4.8.1' instead of the project target framework 'net8.0'. This package may not be fully compatible with your project.
C:\Users\ultra\warewolf\Dev\Dev2.Runtime.Configuration\Dev2.Runtime.Configuration.csproj : warning NU1903: Package 'Microsoft.Windows.Compatibility' 6.0.0 has a known high severity vulnerability, https://github.com/advisories/GHSA-555c-2p6r-68mm [C:\Users\ultra\warewolf\Dev\Dev2.Runtime.Configuration.Tests\Dev2.Runtime.Configuration.Tests.csproj]
C:\Users\ultra\warewolf\Dev\Dev2.Data.Interfaces\Dev2.Data.Interfaces.csproj : warning NU1903: Package 'DotNetZip' 1.16.0 has a known high severity vulnerability, https://github.com/advisories/GHSA-xhg6-9j5j-w4vf [C:\Users\ultra\warewolf\Dev\Dev2.Runtime.Configuration.Tests\Dev2.Runtime.Configuration.Tests.csproj]
C:\Users\ultra\warewolf\Dev\Dev2.Data.Interfaces\Dev2.Data.Interfaces.csproj : warning NU1701: Package 'AeroWizard 2.3.1' was restored using '.NETFramework,Version=v4.6.1, .NETFramework,Version=v4.6.2, .NETFramework,Version=v4.7, .NETFramework,Version=v4.7.1, .NETFramework,Version=v4.7.2, .NETFramework,Version=v4.8, .NETFramework,Version=v4.8.1' instead of the project target framework 'net8.0'. This package may not be fully compatible with your project. [C:\Users\ultra\warewolf\Dev\Dev2.Runtime.Configuration.Tests\Dev2.Runtime.Configuration.Tests.csproj]
C:\Users\ultra\warewolf\Dev\Warewolf.Storage.Interfaces\Warewolf.Storage.Interfaces.csproj : warning NU1701: Package 'GroupControls 1.9.0' was restored using '.NETFramework,Version=v4.6.1, .NETFramework,Version=v4.6.2, .NETFramework,Version=v4.7, .NETFramework,Version=v4.7.1, .NETFramework,Version=v4.7.2, .NETFramework,Version=v4.8, .NETFramework,Version=v4.8.1' instead of the project target framework 'net8.0'. This package may not be fully compatible with your project. [C:\Users\ultra\warewolf\Dev\Dev2.Runtime.Configuration.Tests\Dev2.Runtime.Configuration.Tests.csproj]
C:\Users\ultra\warewolf\Dev\Dev2.Data.Interfaces\Dev2.Data.Interfaces.csproj : warning NU1701: Package 'GroupControls 1.9.0' was restored using '.NETFramework,Version=v4.6.1, .NETFramework,Version=v4.6.2, .NETFramework,Version=v4.7, .NETFramework,Version=v4.7.1, .NETFramework,Version=v4.7.2, .NETFramework,Version=v4.8, .NETFramework,Version=v4.8.1' instead of the project target framework 'net8.0'. This package may not be fully compatible with your project. [C:\Users\ultra\warewolf\Dev\Dev2.Runtime.Configuration.Tests\Dev2.Runtime.Configuration.Tests.csproj]
C:\Users\ultra\warewolf\Dev\Warewolf.Storage.Interfaces\Warewolf.Storage.Interfaces.csproj : warning NU1701: Package 'TaskSchedulerEditor 2.10.1' was restored using '.NETFramework,Version=v4.6.1, .NETFramework,Version=v4.6.2, .NETFramework,Version=v4.7, .NETFramework,Version=v4.7.1, .NETFramework,Version=v4.7.2, .NETFramework,Version=v4.8, .NETFramework,Version=v4.8.1' instead of the project target framework 'net8.0'. This package may not be fully compatible with your project. [C:\Users\ultra\warewolf\Dev\Dev2.Runtime.Configuration.Tests\Dev2.Runtime.Configuration.Tests.csproj]
C:\Users\ultra\warewolf\Dev\Dev2.Data.Interfaces\Dev2.Data.Interfaces.csproj : warning NU1701: Package 'TaskSchedulerEditor 2.10.1' was restored using '.NETFramework,Version=v4.6.1, .NETFramework,Version=v4.6.2, .NETFramework,Version=v4.7, .NETFramework,Version=v4.7.1, .NETFramework,Version=v4.7.2, .NETFramework,Version=v4.8, .NETFramework,Version=v4.8.1' instead of the project target framework 'net8.0'. This package may not be fully compatible with your project. [C:\Users\ultra\warewolf\Dev\Dev2.Runtime.Configuration.Tests\Dev2.Runtime.Configuration.Tests.csproj]
C:\Users\ultra\warewolf\Dev\Dev2.Runtime.Configuration\Dev2.Runtime.Configuration.csproj : warning NU1701: Package 'AeroWizard 2.3.1' was restored using '.NETFramework,Version=v4.6.1, .NETFramework,Version=v4.6.2, .NETFramework,Version=v4.7, .NETFramework,Version=v4.7.1, .NETFramework,Version=v4.7.2, .NETFramework,Version=v4.8, .NETFramework,Version=v4.8.1' instead of the project target framework 'net8.0'. This package may not be fully compatible with your project. [C:\Users\ultra\warewolf\Dev\Dev2.Runtime.Configuration.Tests\Dev2.Runtime.Configuration.Tests.csproj]
C:\Users\ultra\warewolf\Dev\Dev2.Runtime.Configuration\Dev2.Runtime.Configuration.csproj : warning NU1701: Package 'GroupControls 1.9.0' was restored using '.NETFramework,Version=v4.6.1, .NETFramework,Version=v4.6.2, .NETFramework,Version=v4.7, .NETFramework,Version=v4.7.1, .NETFramework,Version=v4.7.2, .NETFramework,Version=v4.8, .NETFramework,Version=v4.8.1' instead of the project target framework 'net8.0'. This package may not be fully compatible with your project. [C:\Users\ultra\warewolf\Dev\Dev2.Runtime.Configuration.Tests\Dev2.Runtime.Configuration.Tests.csproj]
C:\Users\ultra\warewolf\Dev\Dev2.Runtime.Configuration\Dev2.Runtime.Configuration.csproj : warning NU1701: Package 'TaskSchedulerEditor 2.10.1' was restored using '.NETFramework,Version=v4.6.1, .NETFramework,Version=v4.6.2, .NETFramework,Version=v4.7, .NETFramework,Version=v4.7.1, .NETFramework,Version=v4.7.2, .NETFramework,Version=v4.8, .NETFramework,Version=v4.8.1' instead of the project target framework 'net8.0'. This package may not be fully compatible with your project. [C:\Users\ultra\warewolf\Dev\Dev2.Runtime.Configuration.Tests\Dev2.Runtime.Configuration.Tests.csproj]
C:\Users\ultra\warewolf\Dev\Dev2.Common.Interfaces\Dev2.Common.Interfaces.csproj : warning NU1903: Package 'Microsoft.Windows.Compatibility' 6.0.0 has a known high severity vulnerability, https://github.com/advisories/GHSA-555c-2p6r-68mm [C:\Users\ultra\warewolf\Dev\Dev2.Runtime.Configuration.Tests\Dev2.Runtime.Configuration.Tests.csproj]
C:\Users\ultra\warewolf\Dev\Dev2.Common.Interfaces\Dev2.Common.Interfaces.csproj : warning NU1701: Package 'AeroWizard 2.3.1' was restored using '.NETFramework,Version=v4.6.1, .NETFramework,Version=v4.6.2, .NETFramework,Version=v4.7, .NETFramework,Version=v4.7.1, .NETFramework,Version=v4.7.2, .NETFramework,Version=v4.8, .NETFramework,Version=v4.8.1' instead of the project target framework 'net8.0'. This package may not be fully compatible with your project. [C:\Users\ultra\warewolf\Dev\Dev2.Runtime.Configuration.Tests\Dev2.Runtime.Configuration.Tests.csproj]
C:\Users\ultra\warewolf\Dev\Dev2.Common.Interfaces\Dev2.Common.Interfaces.csproj : warning NU1701: Package 'GroupControls 1.9.0' was restored using '.NETFramework,Version=v4.6.1, .NETFramework,Version=v4.6.2, .NETFramework,Version=v4.7, .NETFramework,Version=v4.7.1, .NETFramework,Version=v4.7.2, .NETFramework,Version=v4.8, .NETFramework,Version=v4.8.1' instead of the project target framework 'net8.0'. This package may not be fully compatible with your project. [C:\Users\ultra\warewolf\Dev\Dev2.Runtime.Configuration.Tests\Dev2.Runtime.Configuration.Tests.csproj]
C:\Users\ultra\warewolf\Dev\Dev2.Common.Interfaces\Dev2.Common.Interfaces.csproj : warning NU1701: Package 'TaskSchedulerEditor 2.10.1' was restored using '.NETFramework,Version=v4.6.1, .NETFramework,Version=v4.6.2, .NETFramework,Version=v4.7, .NETFramework,Version=v4.7.1, .NETFramework,Version=v4.7.2, .NETFramework,Version=v4.8, .NETFramework,Version=v4.8.1' instead of the project target framework 'net8.0'. This package may not be fully compatible with your project. [C:\Users\ultra\warewolf\Dev\Dev2.Runtime.Configuration.Tests\Dev2.Runtime.Configuration.Tests.csproj]
  All projects are up-to-date for restore.
C:\Users\ultra\warewolf\Dev\Dev2.Runtime.Configuration.Tests\Dev2.Runtime.Configuration.Tests.csproj : warning NU1701: Package 'AeroWizard 2.3.1' was restored using '.NETFramework,Version=v4.6.1, .NETFramework,Version=v4.6.2, .NETFramework,Version=v4.7, .NETFramework,Version=v4.7.1, .NETFramework,Version=v4.7.2, .NETFramework,Version=v4.8, .NETFramework,Version=v4.8.1' instead of the project target framework 'net8.0'. This package may not be fully compatible with your project.
C:\Users\ultra\warewolf\Dev\Dev2.Runtime.Configuration.Tests\Dev2.Runtime.Configuration.Tests.csproj : warning NU1701: Package 'GroupControls 1.9.0' was restored using '.NETFramework,Version=v4.6.1, .NETFramework,Version=v4.6.2, .NETFramework,Version=v4.7, .NETFramework,Version=v4.7.1, .NETFramework,Version=v4.7.2, .NETFramework,Version=v4.8, .NETFramework,Version=v4.8.1' instead of the project target framework 'net8.0'. This package may not be fully compatible with your project.
C:\Users\ultra\warewolf\Dev\Dev2.Runtime.Configuration.Tests\Dev2.Runtime.Configuration.Tests.csproj : warning NU1701: Package 'TaskSchedulerEditor 2.10.1' was restored using '.NETFramework,Version=v4.6.1, .NETFramework,Version=v4.6.2, .NETFramework,Version=v4.7, .NETFramework,Version=v4.7.1, .NETFramework,Version=v4.7.2, .NETFramework,Version=v4.8, .NETFramework,Version=v4.8.1' instead of the project target framework 'net8.0'. This package may not be fully compatible with your project.
C:\Users\ultra\warewolf\Dev\Dev2.CustomControls\Dev2.CustomControls.csproj(135,14): warning MSB4130: The condition "'$(TargetFramework)' != '' and ($(TargetFramework.EndsWith('-windows')) or '$(TargetFramework)' == 'net48') Or '$(TargetFrameworkIdentifier)' == '.NETFramework'" may have been evaluated incorrectly in an earlier version of MSBuild. Please verify that the order of the AND and OR clauses is written as intended. To avoid this warning, add parentheses to make the evaluation order explicit.
C:\Users\ultra\warewolf\Dev\Dev2.Common.Interfaces\Dev2.Common.Interfaces.csproj : warning NU1903: Package 'Microsoft.Windows.Compatibility' 6.0.0 has a known high severity vulnerability, https://github.com/advisories/GHSA-555c-2p6r-68mm
C:\Users\ultra\warewolf\Dev\Dev2.Runtime.Configuration\Dev2.Runtime.Configuration.csproj : warning NU1903: Package 'Microsoft.Windows.Compatibility' 6.0.0 has a known high severity vulnerability, https://github.com/advisories/GHSA-555c-2p6r-68mm
C:\Users\ultra\warewolf\Dev\Dev2.Runtime.Configuration\Dev2.Runtime.Configuration.csproj : warning NU1701: Package 'AeroWizard 2.3.1' was restored using '.NETFramework,Version=v4.6.1, .NETFramework,Version=v4.6.2, .NETFramework,Version=v4.7, .NETFramework,Version=v4.7.1, .NETFramework,Version=v4.7.2, .NETFramework,Version=v4.8, .NETFramework,Version=v4.8.1' instead of the project target framework 'net8.0'. This package may not be fully compatible with your project.
C:\Users\ultra\warewolf\Dev\Dev2.Runtime.Configuration\Dev2.Runtime.Configuration.csproj : warning NU1701: Package 'GroupControls 1.9.0' was restored using '.NETFramework,Version=v4.6.1, .NETFramework,Version=v4.6.2, .NETFramework,Version=v4.7, .NETFramework,Version=v4.7.1, .NETFramework,Version=v4.7.2, .NETFramework,Version=v4.8, .NETFramework,Version=v4.8.1' instead of the project target framework 'net8.0'. This package may not be fully compatible with your project.
C:\Users\ultra\warewolf\Dev\Dev2.Runtime.Configuration\Dev2.Runtime.Configuration.csproj : warning NU1701: Package 'TaskSchedulerEditor 2.10.1' was restored using '.NETFramework,Version=v4.6.1, .NETFramework,Version=v4.6.2, .NETFramework,Version=v4.7, .NETFramework,Version=v4.7.1, .NETFramework,Version=v4.7.2, .NETFramework,Version=v4.8, .NETFramework,Version=v4.8.1' instead of the project target framework 'net8.0'. This package may not be fully compatible with your project.
C:\Program Files\dotnet\sdk\10.0.201\Sdks\Microsoft.NET.Sdk\targets\Microsoft.NET.Sdk.DefaultItems.targets(162,5): warning NETSDK1137: It is no longer necessary to use the Microsoft.NET.Sdk.WindowsDesktop SDK. Consider changing the Sdk attribute of the root Project element to 'Microsoft.NET.Sdk'. [C:\Users\ultra\warewolf\Dev\Dev2.CustomControls\Dev2.CustomControls.csproj]
C:\Program Files\dotnet\sdk\10.0.201\Sdks\Microsoft.NET.Sdk.WindowsDesktop\targets\Microsoft.NET.Sdk.WindowsDesktop.targets(138,5): warning NETSDK1106: Microsoft.NET.Sdk.WindowsDesktop requires 'UseWpf' or 'UseWindowsForms' to be set to 'true' [C:\Users\ultra\warewolf\Dev\Dev2.CustomControls\Dev2.CustomControls.csproj]
C:\Users\ultra\warewolf\Dev\Dev2.Common\Dev2.Common.csproj : warning NU1903: Package 'Microsoft.Windows.Compatibility' 6.0.0 has a known high severity vulnerability, https://github.com/advisories/GHSA-555c-2p6r-68mm
C:\Users\ultra\warewolf\Dev\Dev2.Common\Dev2.Common.csproj : warning NU1701: Package 'AeroWizard 2.3.1' was restored using '.NETFramework,Version=v4.6.1, .NETFramework,Version=v4.6.2, .NETFramework,Version=v4.7, .NETFramework,Version=v4.7.1, .NETFramework,Version=v4.7.2, .NETFramework,Version=v4.8, .NETFramework,Version=v4.8.1' instead of the project target framework 'net8.0'. This package may not be fully compatible with your project.
C:\Users\ultra\warewolf\Dev\Dev2.Common\Dev2.Common.csproj : warning NU1701: Package 'GroupControls 1.9.0' was restored using '.NETFramework,Version=v4.6.1, .NETFramework,Version=v4.6.2, .NETFramework,Version=v4.7, .NETFramework,Version=v4.7.1, .NETFramework,Version=v4.7.2, .NETFramework,Version=v4.8, .NETFramework,Version=v4.8.1' instead of the project target framework 'net8.0'. This package may not be fully compatible with your project.
C:\Users\ultra\warewolf\Dev\Dev2.Common\Dev2.Common.csproj : warning NU1701: Package 'TaskSchedulerEditor 2.10.1' was restored using '.NETFramework,Version=v4.6.1, .NETFramework,Version=v4.6.2, .NETFramework,Version=v4.7, .NETFramework,Version=v4.7.1, .NETFramework,Version=v4.7.2, .NETFramework,Version=v4.8, .NETFramework,Version=v4.8.1' instead of the project target framework 'net8.0'. This package may not be fully compatible with your project.
C:\Users\ultra\warewolf\Dev\Dev2.Common.Interfaces\Dev2.Common.Interfaces.csproj : warning NU1701: Package 'AeroWizard 2.3.1' was restored using '.NETFramework,Version=v4.6.1, .NETFramework,Version=v4.6.2, .NETFramework,Version=v4.7, .NETFramework,Version=v4.7.1, .NETFramework,Version=v4.7.2, .NETFramework,Version=v4.8, .NETFramework,Version=v4.8.1' instead of the project target framework 'net8.0'. This package may not be fully compatible with your project.
C:\Users\ultra\warewolf\Dev\Dev2.Common.Interfaces\Dev2.Common.Interfaces.csproj : warning NU1701: Package 'GroupControls 1.9.0' was restored using '.NETFramework,Version=v4.6.1, .NETFramework,Version=v4.6.2, .NETFramework,Version=v4.7, .NETFramework,Version=v4.7.1, .NETFramework,Version=v4.7.2, .NETFramework,Version=v4.8, .NETFramework,Version=v4.8.1' instead of the project target framework 'net8.0'. This package may not be fully compatible with your project.
C:\Users\ultra\warewolf\Dev\Dev2.Common.Interfaces\Dev2.Common.Interfaces.csproj : warning NU1701: Package 'TaskSchedulerEditor 2.10.1' was restored using '.NETFramework,Version=v4.6.1, .NETFramework,Version=v4.6.2, .NETFramework,Version=v4.7, .NETFramework,Version=v4.7.1, .NETFramework,Version=v4.7.2, .NETFramework,Version=v4.8, .NETFramework,Version=v4.8.1' instead of the project target framework 'net8.0'. This package may not be fully compatible with your project.
C:\Users\ultra\warewolf\Dev\Dev2.CustomControls\Dev2.CustomControls.csproj : warning NU1903: Package 'Microsoft.Windows.Compatibility' 6.0.0 has a known high severity vulnerability, https://github.com/advisories/GHSA-555c-2p6r-68mm
C:\Users\ultra\warewolf\Dev\Dev2.CustomControls\Dev2.CustomControls.csproj : warning NU1701: Package 'AeroWizard 2.3.1' was restored using '.NETFramework,Version=v4.6.1, .NETFramework,Version=v4.6.2, .NETFramework,Version=v4.7, .NETFramework,Version=v4.7.1, .NETFramework,Version=v4.7.2, .NETFramework,Version=v4.8, .NETFramework,Version=v4.8.1' instead of the project target framework 'net8.0'. This package may not be fully compatible with your project.
C:\Users\ultra\warewolf\Dev\Dev2.CustomControls\Dev2.CustomControls.csproj : warning NU1701: Package 'GroupControls 1.9.0' was restored using '.NETFramework,Version=v4.6.1, .NETFramework,Version=v4.6.2, .NETFramework,Version=v4.7, .NETFramework,Version=v4.7.1, .NETFramework,Version=v4.7.2, .NETFramework,Version=v4.8, .NETFramework,Version=v4.8.1' instead of the project target framework 'net8.0'. This package may not be fully compatible with your project.
C:\Users\ultra\warewolf\Dev\Dev2.CustomControls\Dev2.CustomControls.csproj : warning NU1701: Package 'TaskSchedulerEditor 2.10.1' was restored using '.NETFramework,Version=v4.6.1, .NETFramework,Version=v4.6.2, .NETFramework,Version=v4.7, .NETFramework,Version=v4.7.1, .NETFramework,Version=v4.7.2, .NETFramework,Version=v4.8, .NETFramework,Version=v4.8.1' instead of the project target framework 'net8.0'. This package may not be fully compatible with your project.
C:\Users\ultra\warewolf\Dev\Dev2.Data.Interfaces\Dev2.Data.Interfaces.csproj : warning NU1903: Package 'DotNetZip' 1.16.0 has a known high severity vulnerability, https://github.com/advisories/GHSA-xhg6-9j5j-w4vf
C:\Users\ultra\warewolf\Dev\Dev2.Data.Interfaces\Dev2.Data.Interfaces.csproj : warning NU1701: Package 'AeroWizard 2.3.1' was restored using '.NETFramework,Version=v4.6.1, .NETFramework,Version=v4.6.2, .NETFramework,Version=v4.7, .NETFramework,Version=v4.7.1, .NETFramework,Version=v4.7.2, .NETFramework,Version=v4.8, .NETFramework,Version=v4.8.1' instead of the project target framework 'net8.0'. This package may not be fully compatible with your project.
C:\Users\ultra\warewolf\Dev\Dev2.Data.Interfaces\Dev2.Data.Interfaces.csproj : warning NU1701: Package 'GroupControls 1.9.0' was restored using '.NETFramework,Version=v4.6.1, .NETFramework,Version=v4.6.2, .NETFramework,Version=v4.7, .NETFramework,Version=v4.7.1, .NETFramework,Version=v4.7.2, .NETFramework,Version=v4.8, .NETFramework,Version=v4.8.1' instead of the project target framework 'net8.0'. This package may not be fully compatible with your project.
C:\Users\ultra\warewolf\Dev\Dev2.Data.Interfaces\Dev2.Data.Interfaces.csproj : warning NU1701: Package 'TaskSchedulerEditor 2.10.1' was restored using '.NETFramework,Version=v4.6.1, .NETFramework,Version=v4.6.2, .NETFramework,Version=v4.7, .NETFramework,Version=v4.7.1, .NETFramework,Version=v4.7.2, .NETFramework,Version=v4.8, .NETFramework,Version=v4.8.1' instead of the project target framework 'net8.0'. This package may not be fully compatible with your project.
C:\Users\ultra\warewolf\Dev\Dev2.Util\Dev2.Util.csproj : warning NU1903: Package 'Microsoft.Windows.Compatibility' 6.0.0 has a known high severity vulnerability, https://github.com/advisories/GHSA-555c-2p6r-68mm
C:\Users\ultra\warewolf\Dev\Dev2.Util\Dev2.Util.csproj : warning NU1701: Package 'AeroWizard 2.3.1' was restored using '.NETFramework,Version=v4.6.1, .NETFramework,Version=v4.6.2, .NETFramework,Version=v4.7, .NETFramework,Version=v4.7.1, .NETFramework,Version=v4.7.2, .NETFramework,Version=v4.8, .NETFramework,Version=v4.8.1' instead of the project target framework 'net8.0'. This package may not be fully compatible with your project.
C:\Users\ultra\warewolf\Dev\Dev2.Util\Dev2.Util.csproj : warning NU1701: Package 'GroupControls 1.9.0' was restored using '.NETFramework,Version=v4.6.1, .NETFramework,Version=v4.6.2, .NETFramework,Version=v4.7, .NETFramework,Version=v4.7.1, .NETFramework,Version=v4.7.2, .NETFramework,Version=v4.8, .NETFramework,Version=v4.8.1' instead of the project target framework 'net8.0'. This package may not be fully compatible with your project.
C:\Users\ultra\warewolf\Dev\Dev2.Util\Dev2.Util.csproj : warning NU1701: Package 'TaskSchedulerEditor 2.10.1' was restored using '.NETFramework,Version=v4.6.1, .NETFramework,Version=v4.6.2, .NETFramework,Version=v4.7, .NETFramework,Version=v4.7.1, .NETFramework,Version=v4.7.2, .NETFramework,Version=v4.8, .NETFramework,Version=v4.8.1' instead of the project target framework 'net8.0'. This package may not be fully compatible with your project.
C:\Users\ultra\warewolf\Dev\Warewolf.Storage.Interfaces\Warewolf.Storage.Interfaces.csproj : warning NU1701: Package 'AeroWizard 2.3.1' was restored using '.NETFramework,Version=v4.6.1, .NETFramework,Version=v4.6.2, .NETFramework,Version=v4.7, .NETFramework,Version=v4.7.1, .NETFramework,Version=v4.7.2, .NETFramework,Version=v4.8, .NETFramework,Version=v4.8.1' instead of the project target framework 'net8.0'. This package may not be fully compatible with your project.
C:\Users\ultra\warewolf\Dev\Warewolf.Storage.Interfaces\Warewolf.Storage.Interfaces.csproj : warning NU1701: Package 'GroupControls 1.9.0' was restored using '.NETFramework,Version=v4.6.1, .NETFramework,Version=v4.6.2, .NETFramework,Version=v4.7, .NETFramework,Version=v4.7.1, .NETFramework,Version=v4.7.2, .NETFramework,Version=v4.8, .NETFramework,Version=v4.8.1' instead of the project target framework 'net8.0'. This package may not be fully compatible with your project.
C:\Users\ultra\warewolf\Dev\Warewolf.Storage.Interfaces\Warewolf.Storage.Interfaces.csproj : warning NU1701: Package 'TaskSchedulerEditor 2.10.1' was restored using '.NETFramework,Version=v4.6.1, .NETFramework,Version=v4.6.2, .NETFramework,Version=v4.7, .NETFramework,Version=v4.7.1, .NETFramework,Version=v4.7.2, .NETFramework,Version=v4.8, .NETFramework,Version=v4.8.1' instead of the project target framework 'net8.0'. This package may not be fully compatible with your project.
C:\Users\ultra\warewolf\Dev\Warewolf.Common\Warewolf.Common.csproj : warning NU1701: Package 'AeroWizard 2.3.1' was restored using '.NETFramework,Version=v4.6.1, .NETFramework,Version=v4.6.2, .NETFramework,Version=v4.7, .NETFramework,Version=v4.7.1, .NETFramework,Version=v4.7.2, .NETFramework,Version=v4.8, .NETFramework,Version=v4.8.1' instead of the project target framework 'net8.0'. This package may not be fully compatible with your project.
C:\Users\ultra\warewolf\Dev\Warewolf.Common\Warewolf.Common.csproj : warning NU1701: Package 'GroupControls 1.9.0' was restored using '.NETFramework,Version=v4.6.1, .NETFramework,Version=v4.6.2, .NETFramework,Version=v4.7, .NETFramework,Version=v4.7.1, .NETFramework,Version=v4.7.2, .NETFramework,Version=v4.8, .NETFramework,Version=v4.8.1' instead of the project target framework 'net8.0'. This package may not be fully compatible with your project.
C:\Users\ultra\warewolf\Dev\Warewolf.Common\Warewolf.Common.csproj : warning NU1701: Package 'TaskSchedulerEditor 2.10.1' was restored using '.NETFramework,Version=v4.6.1, .NETFramework,Version=v4.6.2, .NETFramework,Version=v4.7, .NETFramework,Version=v4.7.1, .NETFramework,Version=v4.7.2, .NETFramework,Version=v4.8, .NETFramework,Version=v4.8.1' instead of the project target framework 'net8.0'. This package may not be fully compatible with your project.
C:\Users\ultra\warewolf\Dev\Warewolf.Data\Warewolf.Data.csproj : warning NU1701: Package 'AeroWizard 2.3.1' was restored using '.NETFramework,Version=v4.6.1, .NETFramework,Version=v4.6.2, .NETFramework,Version=v4.7, .NETFramework,Version=v4.7.1, .NETFramework,Version=v4.7.2, .NETFramework,Version=v4.8, .NETFramework,Version=v4.8.1' instead of the project target framework 'net8.0'. This package may not be fully compatible with your project.
C:\Users\ultra\warewolf\Dev\Warewolf.Data\Warewolf.Data.csproj : warning NU1701: Package 'GroupControls 1.9.0' was restored using '.NETFramework,Version=v4.6.1, .NETFramework,Version=v4.6.2, .NETFramework,Version=v4.7, .NETFramework,Version=v4.7.1, .NETFramework,Version=v4.7.2, .NETFramework,Version=v4.8, .NETFramework,Version=v4.8.1' instead of the project target framework 'net8.0'. This package may not be fully compatible with your project.
C:\Users\ultra\warewolf\Dev\Warewolf.Data\Warewolf.Data.csproj : warning NU1701: Package 'TaskSchedulerEditor 2.10.1' was restored using '.NETFramework,Version=v4.6.1, .NETFramework,Version=v4.6.2, .NETFramework,Version=v4.7, .NETFramework,Version=v4.7.1, .NETFramework,Version=v4.7.2, .NETFramework,Version=v4.8, .NETFramework,Version=v4.8.1' instead of the project target framework 'net8.0'. This package may not be fully compatible with your project.
C:\Users\ultra\warewolf\Dev\Warewolf.Language.Parser\Warewolf.Language.Parser.fsproj : warning NU1504: Duplicate 'PackageReference' items found. Remove the duplicate items or use the Update functionality to ensure a consistent restore behavior. The duplicate 'PackageReference' items are: FSharp.Core 10.1.201, FSharp.Core 4.6.2.
C:\Users\ultra\warewolf\Dev\Warewolf.Security\Warewolf.Security.csproj : warning NU1904: Package 'System.Drawing.Common' 4.5.1 has a known critical severity vulnerability, https://github.com/advisories/GHSA-rxg9-xrhp-64gj
  Log4Net.Async -> C:\Users\ultra\warewolf\Dev\Log4Net.Async\bin\Debug\net8.0\Log4Net.Async.dll
  Dev2.Net6.Compatibility -> C:\Users\ultra\warewolf\Dev\Dev2.Net6.Compatibility\bin\Debug\net8.0\Dev2.Net6.Compatibility.dll
  Warewolf.Common.Interfaces.NetStandard20 -> C:\Users\ultra\warewolf\Dev\Warewolf.Common.Interfaces.NetStandard20\bin\Debug\net8.0\Warewolf.Common.Interfaces.NetStandard20.dll
C:\Users\ultra\warewolf\Dev\Warewolf.Interfaces\Data\ChatbotSettingsData.cs(20,23): warning CS0169: The field 'ChatbotSettingsData._encryptDataSource' is never used [C:\Users\ultra\warewolf\Dev\Warewolf.Interfaces\Warewolf.Interfaces.csproj]
C:\Users\ultra\warewolf\Dev\Warewolf.Interfaces\Auditing\SerializableException.cs(15,7): warning CS0414: The field 'SerializableException.HResult' is assigned but its value is never used [C:\Users\ultra\warewolf\Dev\Warewolf.Interfaces\Warewolf.Interfaces.csproj]
  Warewolf.Interfaces -> C:\Users\ultra\warewolf\Dev\Warewolf.Interfaces\bin\Debug\net8.0\Warewolf.Interfaces.dll
C:\Users\ultra\warewolf\Dev\Warewolf.Security\Encryption\AESThenHMAC.cs(168,34): warning SYSLIB0021: 'AesManaged' is obsolete: 'Derived cryptographic types are obsolete. Use the Create method on the base type instead.' (https://aka.ms/dotnet-warnings/SYSLIB0021) [C:\Users\ultra\warewolf\Dev\Warewolf.Security\Warewolf.Security.csproj]
C:\Users\ultra\warewolf\Dev\Warewolf.Security\Encryption\AESThenHMAC.cs(264,38): warning SYSLIB0021: 'AesManaged' is obsolete: 'Derived cryptographic types are obsolete. Use the Create method on the base type instead.' (https://aka.ms/dotnet-warnings/SYSLIB0021) [C:\Users\ultra\warewolf\Dev\Warewolf.Security\Warewolf.Security.csproj]
C:\Users\ultra\warewolf\Dev\Warewolf.Security\Encryption\AESThenHMAC.cs(331,36): warning SYSLIB0041: 'Rfc2898DeriveBytes.Rfc2898DeriveBytes(string, int, int)' is obsolete: 'The default hash algorithm and iteration counts in Rfc2898DeriveBytes constructors are outdated and insecure. Use a constructor that accepts the hash algorithm and the number of iterations.' (https://aka.ms/dotnet-warnings/SYSLIB0041) [C:\Users\ultra\warewolf\Dev\Warewolf.Security\Warewolf.Security.csproj]
C:\Users\ultra\warewolf\Dev\Warewolf.Security\Encryption\AESThenHMAC.cs(345,36): warning SYSLIB0041: 'Rfc2898DeriveBytes.Rfc2898DeriveBytes(string, int, int)' is obsolete: 'The default hash algorithm and iteration counts in Rfc2898DeriveBytes constructors are outdated and insecure. Use a constructor that accepts the hash algorithm and the number of iterations.' (https://aka.ms/dotnet-warnings/SYSLIB0041) [C:\Users\ultra\warewolf\Dev\Warewolf.Security\Warewolf.Security.csproj]
C:\Users\ultra\warewolf\Dev\Warewolf.Security\Encryption\AESThenHMAC.cs(393,36): warning SYSLIB0041: 'Rfc2898DeriveBytes.Rfc2898DeriveBytes(string, byte[], int)' is obsolete: 'The default hash algorithm and iteration counts in Rfc2898DeriveBytes constructors are outdated and insecure. Use a constructor that accepts the hash algorithm and the number of iterations.' (https://aka.ms/dotnet-warnings/SYSLIB0041) [C:\Users\ultra\warewolf\Dev\Warewolf.Security\Warewolf.Security.csproj]
C:\Users\ultra\warewolf\Dev\Warewolf.Security\Encryption\AESThenHMAC.cs(398,36): warning SYSLIB0041: 'Rfc2898DeriveBytes.Rfc2898DeriveBytes(string, byte[], int)' is obsolete: 'The default hash algorithm and iteration counts in Rfc2898DeriveBytes constructors are outdated and insecure. Use a constructor that accepts the hash algorithm and the number of iterations.' (https://aka.ms/dotnet-warnings/SYSLIB0041) [C:\Users\ultra\warewolf\Dev\Warewolf.Security\Warewolf.Security.csproj]
  Warewolf.Security -> C:\Users\ultra\warewolf\Dev\Warewolf.Security\bin\Debug\net8.0\Warewolf.Security.dll
  Warewolf.Resource -> C:\Users\ultra\warewolf\Dev\Warewolf.Resource\bin\Debug\net8.0\Warewolf.Resource.dll
  Warewolf.Studio.Resources -> C:\Users\ultra\warewolf\Dev\Warewolf.Studio.Resources\bin\Debug\net8.0\Warewolf.Studio.Resources.dll
C:\Users\ultra\warewolf\Dev\Dev2.Common.Interfaces\Attribute\ReasonAttribute.cs(13,18): warning CC0023: Mark 'ReasonAttribute' as sealed. (https://code-cracker.github.io/diagnostics/CC0023.html) [C:\Users\ultra\warewolf\Dev\Dev2.Common.Interfaces\Dev2.Common.Interfaces.csproj]
C:\Users\ultra\warewolf\Dev\Dev2.Common.Interfaces\Wrappers\IDirectoryEntry.cs(190,35): warning CC0057: Parameter 'path' is not used. (https://code-cracker.github.io/diagnostics/CC0057.html) [C:\Users\ultra\warewolf\Dev\Dev2.Common.Interfaces\Dev2.Common.Interfaces.csproj]
C:\Users\ultra\warewolf\Dev\Dev2.Common.Interfaces\DllListing.cs(97,17): warning CC0105: Use 'var' instead of specifying the type name. (https://code-cracker.github.io/diagnostics/CC0105.html) [C:\Users\ultra\warewolf\Dev\Dev2.Common.Interfaces\Dev2.Common.Interfaces.csproj]
C:\Users\ultra\warewolf\Dev\Dev2.Common.Interfaces\DllListing.cs(98,17): warning CC0105: Use 'var' instead of specifying the type name. (https://code-cracker.github.io/diagnostics/CC0105.html) [C:\Users\ultra\warewolf\Dev\Dev2.Common.Interfaces\Dev2.Common.Interfaces.csproj]
C:\Users\ultra\warewolf\Dev\Dev2.Common.Interfaces\Runtime\Services\IStreamContentFactory.cs(48,21): warning CC0029: 'StreamContentWrapper' should call GC.SuppressFinalize inside the Dispose method. (https://code-cracker.github.io/diagnostics/CC0029.html) [C:\Users\ultra\warewolf\Dev\Dev2.Common.Interfaces\Dev2.Common.Interfaces.csproj]
  Warewolf.Parser.Interop -> C:\Users\ultra\warewolf\Dev\Warewolf.Parser.Interop\bin\Debug\net8.0\WarewolfParserInterop.dll
  Dev2.Common.Interfaces -> C:\Users\ultra\warewolf\Dev\Dev2.Common.Interfaces\bin\Debug\net8.0\Dev2.Common.Interfaces.dll
C:\Users\ultra\warewolf\Dev\Warewolf.Language.Parser\EvaluationFunctions.fs(277,15): warning FS3548: Pattern discard is not allowed for union case that takes no data. [C:\Users\ultra\warewolf\Dev\Warewolf.Language.Parser\Warewolf.Language.Parser.fsproj]
C:\Users\ultra\warewolf\Dev\Warewolf.Language.Parser\EvaluationFunctions.fs(305,15): warning FS3548: Pattern discard is not allowed for union case that takes no data. [C:\Users\ultra\warewolf\Dev\Warewolf.Language.Parser\Warewolf.Language.Parser.fsproj]
C:\Users\ultra\warewolf\Dev\Warewolf.Language.Parser\EvaluationFunctions.fs(748,21): warning FS3873: This construct is deprecated. Sequence expressions should be of the form 'seq { ... }' [C:\Users\ultra\warewolf\Dev\Warewolf.Language.Parser\Warewolf.Language.Parser.fsproj]
C:\Users\ultra\warewolf\Dev\Warewolf.Language.Parser\EvaluationFunctions.fs(751,28): warning FS3873: This construct is deprecated. Sequence expressions should be of the form 'seq { ... }' [C:\Users\ultra\warewolf\Dev\Warewolf.Language.Parser\Warewolf.Language.Parser.fsproj]
C:\Users\ultra\warewolf\Dev\Warewolf.Language.Parser\WarewolfDataEvaluationCommon.fs(593,21): warning FS3873: This construct is deprecated. Sequence expressions should be of the form 'seq { ... }' [C:\Users\ultra\warewolf\Dev\Warewolf.Language.Parser\Warewolf.Language.Parser.fsproj]
C:\Users\ultra\warewolf\Dev\Warewolf.Language.Parser\WarewolfDataEvaluationCommon.fs(596,28): warning FS3873: This construct is deprecated. Sequence expressions should be of the form 'seq { ... }' [C:\Users\ultra\warewolf\Dev\Warewolf.Language.Parser\Warewolf.Language.Parser.fsproj]
C:\Users\ultra\warewolf\Dev\Warewolf.Data\NamedInt.cs(160,21): warning CA2200: Re-throwing caught exception changes stack information (https://learn.microsoft.com/dotnet/fundamentals/code-analysis/quality-rules/ca2200) [C:\Users\ultra\warewolf\Dev\Warewolf.Data\Warewolf.Data.csproj]
  Warewolf.Data -> C:\Users\ultra\warewolf\Dev\Warewolf.Data\bin\Debug\net8.0\Warewolf.Data.dll
  Warewolf.Language.Parser -> C:\Users\ultra\warewolf\Dev\Warewolf.Language.Parser\bin\Debug\net8.0\Warewolf.Language.Parser.dll
  Warewolf.Common -> C:\Users\ultra\warewolf\Dev\Warewolf.Common\bin\Debug\net8.0\Warewolf.Common.dll
  Warewolf.Storage.Interfaces -> C:\Users\ultra\warewolf\Dev\Warewolf.Storage.Interfaces\bin\Debug\net8.0\Warewolf.Storage.Interfaces.dll
  Dev2.Data.Interfaces -> C:\Users\ultra\warewolf\Dev\Dev2.Data.Interfaces\bin\Debug\net8.0\Dev2.Data.Interfaces.dll
C:\Users\ultra\warewolf\Dev\Dev2.Common\ExtMethods\StringExtension.cs(302,13): warning CC0004: Empty Catch Block. (https://code-cracker.github.io/diagnostics/CC0004.html) [C:\Users\ultra\warewolf\Dev\Dev2.Common\Dev2.Common.csproj]
  Dev2.Common -> C:\Users\ultra\warewolf\Dev\Dev2.Common\bin\Debug\net8.0\Dev2.Common.dll
  Dev2.Util -> C:\Users\ultra\warewolf\Dev\Dev2.Util\bin\Debug\net8.0\Dev2.Util.dll
  Dev2.CustomControls -> C:\Users\ultra\warewolf\Dev\Dev2.CustomControls\bin\Debug\net8.0\Dev2.CustomControls.dll
  Consider app.config remapping of assembly "Newtonsoft.Json, Culture=neutral, PublicKeyToken=30ad4fe6b2a6aeed" from Version "12.0.0.0" [] to Version "13.0.0.0" [C:\Users\ultra\.nuget\packages\newtonsoft.json\13.0.2\lib\net6.0\Newtonsoft.Json.dll] to solve conflict and get rid of warning.
  Dev2.Runtime.Configuration -> C:\Users\ultra\warewolf\Dev\Dev2.Runtime.Configuration\bin\Debug\net8.0\Dev2.Runtime.Configuration.dll
C:\Program Files\dotnet\sdk\10.0.201\Microsoft.Common.CurrentVersion.targets(2451,5): warning MSB3277: Found conflicts between different versions of "System.Drawing.Common" that could not be resolved. [C:\Users\ultra\warewolf\Dev\Dev2.Runtime.Configuration.Tests\Dev2.Runtime.Configuration.Tests.csproj]
C:\Program Files\dotnet\sdk\10.0.201\Microsoft.Common.CurrentVersion.targets(2451,5): warning MSB3277: There was a conflict between "System.Drawing.Common, Version=6.0.0.0, Culture=neutral, PublicKeyToken=cc7b13ffcd2ddd51" and "System.Drawing.Common, Version=8.0.0.0, Culture=neutral, PublicKeyToken=cc7b13ffcd2ddd51". [C:\Users\ultra\warewolf\Dev\Dev2.Runtime.Configuration.Tests\Dev2.Runtime.Configuration.Tests.csproj]
C:\Program Files\dotnet\sdk\10.0.201\Microsoft.Common.CurrentVersion.targets(2451,5): warning MSB3277:     "System.Drawing.Common, Version=6.0.0.0, Culture=neutral, PublicKeyToken=cc7b13ffcd2ddd51" was chosen because it was primary and "System.Drawing.Common, Version=8.0.0.0, Culture=neutral, PublicKeyToken=cc7b13ffcd2ddd51" was not. [C:\Users\ultra\warewolf\Dev\Dev2.Runtime.Configuration.Tests\Dev2.Runtime.Configuration.Tests.csproj]
C:\Program Files\dotnet\sdk\10.0.201\Microsoft.Common.CurrentVersion.targets(2451,5): warning MSB3277:     References which depend on "System.Drawing.Common, Version=6.0.0.0, Culture=neutral, PublicKeyToken=cc7b13ffcd2ddd51" [C:\Users\ultra\.nuget\packages\system.drawing.common\6.0.0\lib\net6.0\System.Drawing.Common.dll]. [C:\Users\ultra\warewolf\Dev\Dev2.Runtime.Configuration.Tests\Dev2.Runtime.Configuration.Tests.csproj]
C:\Program Files\dotnet\sdk\10.0.201\Microsoft.Common.CurrentVersion.targets(2451,5): warning MSB3277:         C:\Users\ultra\.nuget\packages\system.drawing.common\6.0.0\lib\net6.0\System.Drawing.Common.dll [C:\Users\ultra\warewolf\Dev\Dev2.Runtime.Configuration.Tests\Dev2.Runtime.Configuration.Tests.csproj]
C:\Program Files\dotnet\sdk\10.0.201\Microsoft.Common.CurrentVersion.targets(2451,5): warning MSB3277:           Project file item includes which caused reference "C:\Users\ultra\.nuget\packages\system.drawing.common\6.0.0\lib\net6.0\System.Drawing.Common.dll". [C:\Users\ultra\warewolf\Dev\Dev2.Runtime.Configuration.Tests\Dev2.Runtime.Configuration.Tests.csproj]
C:\Program Files\dotnet\sdk\10.0.201\Microsoft.Common.CurrentVersion.targets(2451,5): warning MSB3277:             C:\Users\ultra\.nuget\packages\system.drawing.common\6.0.0\lib\net6.0\System.Drawing.Common.dll [C:\Users\ultra\warewolf\Dev\Dev2.Runtime.Configuration.Tests\Dev2.Runtime.Configuration.Tests.csproj]
C:\Program Files\dotnet\sdk\10.0.201\Microsoft.Common.CurrentVersion.targets(2451,5): warning MSB3277:     References which depend on or have been unified to "System.Drawing.Common, Version=8.0.0.0, Culture=neutral, PublicKeyToken=cc7b13ffcd2ddd51" []. [C:\Users\ultra\warewolf\Dev\Dev2.Runtime.Configuration.Tests\Dev2.Runtime.Configuration.Tests.csproj]
C:\Program Files\dotnet\sdk\10.0.201\Microsoft.Common.CurrentVersion.targets(2451,5): warning MSB3277:         C:\Users\ultra\.nuget\packages\system.windows.extensions\8.0.0\lib\net8.0\System.Windows.Extensions.dll [C:\Users\ultra\warewolf\Dev\Dev2.Runtime.Configuration.Tests\Dev2.Runtime.Configuration.Tests.csproj]
C:\Program Files\dotnet\sdk\10.0.201\Microsoft.Common.CurrentVersion.targets(2451,5): warning MSB3277:           Project file item includes which caused reference "C:\Users\ultra\.nuget\packages\system.windows.extensions\8.0.0\lib\net8.0\System.Windows.Extensions.dll". [C:\Users\ultra\warewolf\Dev\Dev2.Runtime.Configuration.Tests\Dev2.Runtime.Configuration.Tests.csproj]
C:\Program Files\dotnet\sdk\10.0.201\Microsoft.Common.CurrentVersion.targets(2451,5): warning MSB3277:             C:\Users\ultra\.nuget\packages\system.windows.extensions\8.0.0\lib\net8.0\System.Windows.Extensions.dll [C:\Users\ultra\warewolf\Dev\Dev2.Runtime.Configuration.Tests\Dev2.Runtime.Configuration.Tests.csproj]
C:\Program Files\dotnet\sdk\10.0.201\Microsoft.Common.CurrentVersion.targets(2451,5): warning MSB3277:             C:\Users\ultra\.nuget\packages\system.security.permissions\8.0.0\lib\net8.0\System.Security.Permissions.dll [C:\Users\ultra\warewolf\Dev\Dev2.Runtime.Configuration.Tests\Dev2.Runtime.Configuration.Tests.csproj]
C:\Program Files\dotnet\sdk\10.0.201\Microsoft.Common.CurrentVersion.targets(2451,5): warning MSB3277:             C:\Users\ultra\.nuget\packages\dotnetzip\1.16.0\lib\netstandard2.0\DotNetZip.dll [C:\Users\ultra\warewolf\Dev\Dev2.Runtime.Configuration.Tests\Dev2.Runtime.Configuration.Tests.csproj]
C:\Program Files\dotnet\sdk\10.0.201\Microsoft.Common.CurrentVersion.targets(2451,5): warning MSB3277:             C:\Users\ultra\warewolf\Dev\Dev2.Common\bin\Debug\net8.0\Dev2.Common.dll [C:\Users\ultra\warewolf\Dev\Dev2.Runtime.Configuration.Tests\Dev2.Runtime.Configuration.Tests.csproj]
C:\Program Files\dotnet\sdk\10.0.201\Microsoft.Common.CurrentVersion.targets(2451,5): warning MSB3277:             C:\Users\ultra\warewolf\Dev\Dev2.Data.Interfaces\bin\Debug\net8.0\Dev2.Data.Interfaces.dll [C:\Users\ultra\warewolf\Dev\Dev2.Runtime.Configuration.Tests\Dev2.Runtime.Configuration.Tests.csproj]
C:\Program Files\dotnet\sdk\10.0.201\Microsoft.Common.CurrentVersion.targets(2451,5): warning MSB3277:             C:\Users\ultra\warewolf\Dev\Dev2.Util\bin\Debug\net8.0\Dev2.Util.dll [C:\Users\ultra\warewolf\Dev\Dev2.Runtime.Configuration.Tests\Dev2.Runtime.Configuration.Tests.csproj]
C:\Program Files\dotnet\sdk\10.0.201\Microsoft.Common.CurrentVersion.targets(2451,5): warning MSB3277:             C:\Users\ultra\.nuget\packages\system.directoryservices\6.0.0\lib\net6.0\System.DirectoryServices.dll [C:\Users\ultra\warewolf\Dev\Dev2.Runtime.Configuration.Tests\Dev2.Runtime.Configuration.Tests.csproj]
C:\Program Files\dotnet\sdk\10.0.201\Microsoft.Common.CurrentVersion.targets(2451,5): warning MSB3277:             C:\Program Files\dotnet\packs\Microsoft.NETCore.App.Ref\8.0.25\ref/net8.0/System.Configuration.dll [C:\Users\ultra\warewolf\Dev\Dev2.Runtime.Configuration.Tests\Dev2.Runtime.Configuration.Tests.csproj]
C:\Program Files\dotnet\sdk\10.0.201\Microsoft.Common.CurrentVersion.targets(2451,5): warning MSB3277:             C:\Program Files\dotnet\packs\Microsoft.NETCore.App.Ref\8.0.25\ref/net8.0/System.Data.dll [C:\Users\ultra\warewolf\Dev\Dev2.Runtime.Configuration.Tests\Dev2.Runtime.Configuration.Tests.csproj]
C:\Program Files\dotnet\sdk\10.0.201\Microsoft.Common.CurrentVersion.targets(2451,5): warning MSB3277:             C:\Users\ultra\.nuget\packages\taskschedulereditor\2.10.1\lib\net452\Microsoft.Win32.TaskSchedulerEditor.dll [C:\Users\ultra\warewolf\Dev\Dev2.Runtime.Configuration.Tests\Dev2.Runtime.Configuration.Tests.csproj]
C:\Program Files\dotnet\sdk\10.0.201\Microsoft.Common.CurrentVersion.targets(2451,5): warning MSB3277:             C:\Program Files\dotnet\packs\Microsoft.NETCore.App.Ref\8.0.25\ref/net8.0/System.Drawing.dll [C:\Users\ultra\warewolf\Dev\Dev2.Runtime.Configuration.Tests\Dev2.Runtime.Configuration.Tests.csproj]
C:\Program Files\dotnet\sdk\10.0.201\Microsoft.Common.CurrentVersion.targets(2451,5): warning MSB3277:             C:\Users\ultra\.nuget\packages\aerowizard\2.3.1\lib\net45\AeroWizard.dll [C:\Users\ultra\warewolf\Dev\Dev2.Runtime.Configuration.Tests\Dev2.Runtime.Configuration.Tests.csproj]
C:\Program Files\dotnet\sdk\10.0.201\Microsoft.Common.CurrentVersion.targets(2451,5): warning MSB3277:             C:\Users\ultra\.nuget\packages\groupcontrols\1.9.0\lib\net45\GroupControls.dll [C:\Users\ultra\warewolf\Dev\Dev2.Runtime.Configuration.Tests\Dev2.Runtime.Configuration.Tests.csproj]
C:\Program Files\dotnet\sdk\10.0.201\Microsoft.Common.CurrentVersion.targets(2451,5): warning MSB3277:             C:\Program Files\dotnet\packs\Microsoft.NETCore.App.Ref\8.0.25\ref/net8.0/System.Net.dll [C:\Users\ultra\warewolf\Dev\Dev2.Runtime.Configuration.Tests\Dev2.Runtime.Configuration.Tests.csproj]
C:\Program Files\dotnet\sdk\10.0.201\Microsoft.Common.CurrentVersion.targets(2451,5): warning MSB3277:             C:\Program Files\dotnet\packs\Microsoft.NETCore.App.Ref\8.0.25\ref/net8.0/System.Security.dll [C:\Users\ultra\warewolf\Dev\Dev2.Runtime.Configuration.Tests\Dev2.Runtime.Configuration.Tests.csproj]
C:\Program Files\dotnet\sdk\10.0.201\Microsoft.Common.CurrentVersion.targets(2451,5): warning MSB3277:             C:\Program Files\dotnet\packs\Microsoft.NETCore.App.Ref\8.0.25\ref/net8.0/System.ServiceProcess.dll [C:\Users\ultra\warewolf\Dev\Dev2.Runtime.Configuration.Tests\Dev2.Runtime.Configuration.Tests.csproj]
C:\Program Files\dotnet\sdk\10.0.201\Microsoft.Common.CurrentVersion.targets(2451,5): warning MSB3277:             C:\Program Files\dotnet\packs\Microsoft.NETCore.App.Ref\8.0.25\ref/net8.0/System.Transactions.dll [C:\Users\ultra\warewolf\Dev\Dev2.Runtime.Configuration.Tests\Dev2.Runtime.Configuration.Tests.csproj]
C:\Program Files\dotnet\sdk\10.0.201\Microsoft.Common.CurrentVersion.targets(2451,5): warning MSB3277:             C:\Program Files\dotnet\packs\Microsoft.NETCore.App.Ref\8.0.25\ref/net8.0/System.dll [C:\Users\ultra\warewolf\Dev\Dev2.Runtime.Configuration.Tests\Dev2.Runtime.Configuration.Tests.csproj]
C:\Program Files\dotnet\sdk\10.0.201\Microsoft.Common.CurrentVersion.targets(2451,5): warning MSB3277:             C:\Users\ultra\.nuget\packages\ttcue.netcore.sharepointonline.csom.16.1.8029.1200\16.1.8029.1200\lib\netcoreapp2.0\Microsoft.SharePoint.Client.Runtime.Windows.dll [C:\Users\ultra\warewolf\Dev\Dev2.Runtime.Configuration.Tests\Dev2.Runtime.Configuration.Tests.csproj]
C:\Program Files\dotnet\sdk\10.0.201\Microsoft.Common.CurrentVersion.targets(2451,5): warning MSB3277:             C:\Program Files\dotnet\packs\Microsoft.NETCore.App.Ref\8.0.25\ref/net8.0/WindowsBase.dll [C:\Users\ultra\warewolf\Dev\Dev2.Runtime.Configuration.Tests\Dev2.Runtime.Configuration.Tests.csproj]
C:\Program Files\dotnet\sdk\10.0.201\Microsoft.Common.CurrentVersion.targets(2451,5): warning MSB3277:             C:\Users\ultra\.nuget\packages\caliburn.micro\4.0.212\lib\netcoreapp3.1\Caliburn.Micro.Platform.dll [C:\Users\ultra\warewolf\Dev\Dev2.Runtime.Configuration.Tests\Dev2.Runtime.Configuration.Tests.csproj]
C:\Program Files\dotnet\sdk\10.0.201\Microsoft.Common.CurrentVersion.targets(2451,5): warning MSB3277:             C:\Users\ultra\.nuget\packages\microsoft.xaml.behaviors.wpf\1.1.19\lib\netcoreapp3.0\Microsoft.Xaml.Behaviors.dll [C:\Users\ultra\warewolf\Dev\Dev2.Runtime.Configuration.Tests\Dev2.Runtime.Configuration.Tests.csproj]
C:\Program Files\dotnet\sdk\10.0.201\Microsoft.Common.CurrentVersion.targets(2451,5): warning MSB3277:             C:\Program Files\dotnet\packs\Microsoft.NETCore.App.Ref\8.0.25\ref/net8.0/mscorlib.dll [C:\Users\ultra\warewolf\Dev\Dev2.Runtime.Configuration.Tests\Dev2.Runtime.Configuration.Tests.csproj]
C:\Program Files\dotnet\sdk\10.0.201\Microsoft.Common.CurrentVersion.targets(2451,5): warning MSB3277:             C:\Users\ultra\.nuget\packages\microsoft.codecoverage\17.13.0\lib\netcoreapp3.1\Microsoft.VisualStudio.CodeCoverage.Shim.dll [C:\Users\ultra\warewolf\Dev\Dev2.Runtime.Configuration.Tests\Dev2.Runtime.Configuration.Tests.csproj]
C:\Program Files\dotnet\sdk\10.0.201\Microsoft.Common.CurrentVersion.targets(2451,5): warning MSB3277:         C:\Program Files\dotnet\packs\Microsoft.NETCore.App.Ref\8.0.25\ref\net8.0\System.Drawing.dll [C:\Users\ultra\warewolf\Dev\Dev2.Runtime.Configuration.Tests\Dev2.Runtime.Configuration.Tests.csproj]
C:\Program Files\dotnet\sdk\10.0.201\Microsoft.Common.CurrentVersion.targets(2451,5): warning MSB3277:           Project file item includes which caused reference "C:\Program Files\dotnet\packs\Microsoft.NETCore.App.Ref\8.0.25\ref\net8.0\System.Drawing.dll". [C:\Users\ultra\warewolf\Dev\Dev2.Runtime.Configuration.Tests\Dev2.Runtime.Configuration.Tests.csproj]
C:\Program Files\dotnet\sdk\10.0.201\Microsoft.Common.CurrentVersion.targets(2451,5): warning MSB3277:             C:\Program Files\dotnet\packs\Microsoft.NETCore.App.Ref\8.0.25\ref/net8.0/System.Drawing.dll [C:\Users\ultra\warewolf\Dev\Dev2.Runtime.Configuration.Tests\Dev2.Runtime.Configuration.Tests.csproj]
C:\Program Files\dotnet\sdk\10.0.201\Microsoft.Common.CurrentVersion.targets(2451,5): warning MSB3277:             C:\Users\ultra\.nuget\packages\aerowizard\2.3.1\lib\net45\AeroWizard.dll [C:\Users\ultra\warewolf\Dev\Dev2.Runtime.Configuration.Tests\Dev2.Runtime.Configuration.Tests.csproj]
C:\Program Files\dotnet\sdk\10.0.201\Microsoft.Common.CurrentVersion.targets(2451,5): warning MSB3277:             C:\Users\ultra\.nuget\packages\groupcontrols\1.9.0\lib\net45\GroupControls.dll [C:\Users\ultra\warewolf\Dev\Dev2.Runtime.Configuration.Tests\Dev2.Runtime.Configuration.Tests.csproj]
C:\Program Files\dotnet\sdk\10.0.201\Microsoft.Common.CurrentVersion.targets(2451,5): warning MSB3277:             C:\Users\ultra\.nuget\packages\taskschedulereditor\2.10.1\lib\net452\Microsoft.Win32.TaskSchedulerEditor.dll [C:\Users\ultra\warewolf\Dev\Dev2.Runtime.Configuration.Tests\Dev2.Runtime.Configuration.Tests.csproj]
  Dev2.Runtime.Configuration.Tests -> C:\Users\ultra\warewolf\Dev\Dev2.Runtime.Configuration.Tests\bin\Debug\net8.0\linux-x64\Dev2.Runtime.Configuration.Tests.dll
  Dev2.Runtime.Configuration.Tests -> C:\Users\ultra\warewolf\Bin\ServerTests-Linux\Dev2.Runtime.Configuration.Tests\
Publishing Dev2.Runtime.WebServer.Tests for linux-x64...
  Determining projects to restore...
C:\Users\ultra\warewolf\Dev\Warewolf.Language.Parser\Warewolf.Language.Parser.fsproj : warning NU1504: Duplicate 'PackageReference' items found. Remove the duplicate items or use the Update functionality to ensure a consistent restore behavior. The duplicate 'PackageReference' items are: FSharp.Core 10.1.201, FSharp.Core 4.6.2.
C:\Users\ultra\warewolf\Dev\Dev2.Runtime.WebServer\Dev2.Runtime.WebServer.csproj : warning NU1902: Package 'System.IdentityModel.Tokens.Jwt' 5.1.0 has a known moderate severity vulnerability, https://github.com/advisories/GHSA-59j7-ghrg-fj52 [C:\Users\ultra\warewolf\Dev\Dev2.Runtime.WebServer.Tests\Dev2.Runtime.WebServer.Tests.csproj]
C:\Users\ultra\warewolf\Dev\Dev2.Data.Interfaces\Dev2.Data.Interfaces.csproj : warning NU1903: Package 'DotNetZip' 1.16.0 has a known high severity vulnerability, https://github.com/advisories/GHSA-xhg6-9j5j-w4vf [C:\Users\ultra\warewolf\Dev\Dev2.Runtime.WebServer.Tests\Dev2.Runtime.WebServer.Tests.csproj]
C:\Users\ultra\warewolf\Dev\Dev2.Infrastructure\Dev2.Infrastructure.csproj : warning NU1903: Package 'Microsoft.Windows.Compatibility' 6.0.0 has a known high severity vulnerability, https://github.com/advisories/GHSA-555c-2p6r-68mm [C:\Users\ultra\warewolf\Dev\Dev2.Runtime.WebServer.Tests\Dev2.Runtime.WebServer.Tests.csproj]
C:\Users\ultra\warewolf\Dev\Dev2.Runtime.Services\Dev2.Runtime.Services.csproj : warning NU1902: Package 'MessagePack' 2.4.59 has a known moderate severity vulnerability, https://github.com/advisories/GHSA-4qm4-8hg2-g2xm [C:\Users\ultra\warewolf\Dev\Dev2.Runtime.WebServer.Tests\Dev2.Runtime.WebServer.Tests.csproj]
C:\Users\ultra\warewolf\Dev\Dev2.Data\Dev2.Data.csproj : warning NU1701: Package 'AeroWizard 2.3.1' was restored using '.NETFramework,Version=v4.6.1, .NETFramework,Version=v4.6.2, .NETFramework,Version=v4.7, .NETFramework,Version=v4.7.1, .NETFramework,Version=v4.7.2, .NETFramework,Version=v4.8, .NETFramework,Version=v4.8.1' instead of the project target framework 'net8.0'. This package may not be fully compatible with your project. [C:\Users\ultra\warewolf\Dev\Dev2.Runtime.WebServer.Tests\Dev2.Runtime.WebServer.Tests.csproj]
C:\Users\ultra\warewolf\Dev\Dev2.Diagnostics\Dev2.Diagnostics.csproj : warning NU1701: Package 'AeroWizard 2.3.1' was restored using '.NETFramework,Version=v4.6.1, .NETFramework,Version=v4.6.2, .NETFramework,Version=v4.7, .NETFramework,Version=v4.7.1, .NETFramework,Version=v4.7.2, .NETFramework,Version=v4.8, .NETFramework,Version=v4.8.1' instead of the project target framework 'net8.0'. This package may not be fully compatible with your project. [C:\Users\ultra\warewolf\Dev\Dev2.Runtime.WebServer.Tests\Dev2.Runtime.WebServer.Tests.csproj]
C:\Users\ultra\warewolf\Dev\Dev2.CustomControls\Dev2.CustomControls.csproj : warning NU1903: Package 'Microsoft.Windows.Compatibility' 6.0.0 has a known high severity vulnerability, https://github.com/advisories/GHSA-555c-2p6r-68mm [C:\Users\ultra\warewolf\Dev\Dev2.Runtime.WebServer.Tests\Dev2.Runtime.WebServer.Tests.csproj]
C:\Users\ultra\warewolf\Dev\Dev2.Services.Sql\Dev2.Services.Sql.csproj : warning NU1903: Package 'Oracle.ManagedDataAccess.Core' 3.21.70 has a known high severity vulnerability, https://github.com/advisories/GHSA-5pm2-9mr2-3frq [C:\Users\ultra\warewolf\Dev\Dev2.Runtime.WebServer.Tests\Dev2.Runtime.WebServer.Tests.csproj]
C:\Users\ultra\warewolf\Dev\Dev2.Data\Dev2.Data.csproj : warning NU1701: Package 'GroupControls 1.9.0' was restored using '.NETFramework,Version=v4.6.1, .NETFramework,Version=v4.6.2, .NETFramework,Version=v4.7, .NETFramework,Version=v4.7.1, .NETFramework,Version=v4.7.2, .NETFramework,Version=v4.8, .NETFramework,Version=v4.8.1' instead of the project target framework 'net8.0'. This package may not be fully compatible with your project. [C:\Users\ultra\warewolf\Dev\Dev2.Runtime.WebServer.Tests\Dev2.Runtime.WebServer.Tests.csproj]
C:\Users\ultra\warewolf\Dev\Dev2.Data.Interfaces\Dev2.Data.Interfaces.csproj : warning NU1701: Package 'AeroWizard 2.3.1' was restored using '.NETFramework,Version=v4.6.1, .NETFramework,Version=v4.6.2, .NETFramework,Version=v4.7, .NETFramework,Version=v4.7.1, .NETFramework,Version=v4.7.2, .NETFramework,Version=v4.8, .NETFramework,Version=v4.8.1' instead of the project target framework 'net8.0'. This package may not be fully compatible with your project. [C:\Users\ultra\warewolf\Dev\Dev2.Runtime.WebServer.Tests\Dev2.Runtime.WebServer.Tests.csproj]
C:\Users\ultra\warewolf\Dev\Dev2.Runtime.WebServer\Dev2.Runtime.WebServer.csproj : warning NU1701: Package 'AeroWizard 2.3.1' was restored using '.NETFramework,Version=v4.6.1, .NETFramework,Version=v4.6.2, .NETFramework,Version=v4.7, .NETFramework,Version=v4.7.1, .NETFramework,Version=v4.7.2, .NETFramework,Version=v4.8, .NETFramework,Version=v4.8.1' instead of the project target framework 'net8.0'. This package may not be fully compatible with your project. [C:\Users\ultra\warewolf\Dev\Dev2.Runtime.WebServer.Tests\Dev2.Runtime.WebServer.Tests.csproj]
C:\Users\ultra\warewolf\Dev\Dev2.Runtime.Services\Dev2.Runtime.Services.csproj : warning NU1903: Package 'Microsoft.Windows.Compatibility' 6.0.0 has a known high severity vulnerability, https://github.com/advisories/GHSA-555c-2p6r-68mm [C:\Users\ultra\warewolf\Dev\Dev2.Runtime.WebServer.Tests\Dev2.Runtime.WebServer.Tests.csproj]
C:\Users\ultra\warewolf\Dev\Dev2.Data\Dev2.Data.csproj : warning NU1701: Package 'ReactiveUI.WPF 18.4.1' was restored using '.NETFramework,Version=v4.6.1, .NETFramework,Version=v4.6.2, .NETFramework,Version=v4.7, .NETFramework,Version=v4.7.1, .NETFramework,Version=v4.7.2, .NETFramework,Version=v4.8, .NETFramework,Version=v4.8.1' instead of the project target framework 'net8.0'. This package may not be fully compatible with your project. [C:\Users\ultra\warewolf\Dev\Dev2.Runtime.WebServer.Tests\Dev2.Runtime.WebServer.Tests.csproj]
C:\Users\ultra\warewolf\Dev\Dev2.Infrastructure\Dev2.Infrastructure.csproj : warning NU1701: Package 'AeroWizard 2.3.1' was restored using '.NETFramework,Version=v4.6.1, .NETFramework,Version=v4.6.2, .NETFramework,Version=v4.7, .NETFramework,Version=v4.7.1, .NETFramework,Version=v4.7.2, .NETFramework,Version=v4.8, .NETFramework,Version=v4.8.1' instead of the project target framework 'net8.0'. This package may not be fully compatible with your project. [C:\Users\ultra\warewolf\Dev\Dev2.Runtime.WebServer.Tests\Dev2.Runtime.WebServer.Tests.csproj]
C:\Users\ultra\warewolf\Dev\Dev2.Data.Interfaces\Dev2.Data.Interfaces.csproj : warning NU1701: Package 'GroupControls 1.9.0' was restored using '.NETFramework,Version=v4.6.1, .NETFramework,Version=v4.6.2, .NETFramework,Version=v4.7, .NETFramework,Version=v4.7.1, .NETFramework,Version=v4.7.2, .NETFramework,Version=v4.8, .NETFramework,Version=v4.8.1' instead of the project target framework 'net8.0'. This package may not be fully compatible with your project. [C:\Users\ultra\warewolf\Dev\Dev2.Runtime.WebServer.Tests\Dev2.Runtime.WebServer.Tests.csproj]
C:\Users\ultra\warewolf\Dev\Dev2.Diagnostics\Dev2.Diagnostics.csproj : warning NU1701: Package 'GroupControls 1.9.0' was restored using '.NETFramework,Version=v4.6.1, .NETFramework,Version=v4.6.2, .NETFramework,Version=v4.7, .NETFramework,Version=v4.7.1, .NETFramework,Version=v4.7.2, .NETFramework,Version=v4.8, .NETFramework,Version=v4.8.1' instead of the project target framework 'net8.0'. This package may not be fully compatible with your project. [C:\Users\ultra\warewolf\Dev\Dev2.Runtime.WebServer.Tests\Dev2.Runtime.WebServer.Tests.csproj]
C:\Users\ultra\warewolf\Dev\Dev2.CustomControls\Dev2.CustomControls.csproj : warning NU1701: Package 'AeroWizard 2.3.1' was restored using '.NETFramework,Version=v4.6.1, .NETFramework,Version=v4.6.2, .NETFramework,Version=v4.7, .NETFramework,Version=v4.7.1, .NETFramework,Version=v4.7.2, .NETFramework,Version=v4.8, .NETFramework,Version=v4.8.1' instead of the project target framework 'net8.0'. This package may not be fully compatible with your project. [C:\Users\ultra\warewolf\Dev\Dev2.Runtime.WebServer.Tests\Dev2.Runtime.WebServer.Tests.csproj]
C:\Users\ultra\warewolf\Dev\Dev2.Runtime.WebServer\Dev2.Runtime.WebServer.csproj : warning NU1701: Package 'GroupControls 1.9.0' was restored using '.NETFramework,Version=v4.6.1, .NETFramework,Version=v4.6.2, .NETFramework,Version=v4.7, .NETFramework,Version=v4.7.1, .NETFramework,Version=v4.7.2, .NETFramework,Version=v4.8, .NETFramework,Version=v4.8.1' instead of the project target framework 'net8.0'. This package may not be fully compatible with your project. [C:\Users\ultra\warewolf\Dev\Dev2.Runtime.WebServer.Tests\Dev2.Runtime.WebServer.Tests.csproj]
C:\Users\ultra\warewolf\Dev\Dev2.Runtime.Services\Dev2.Runtime.Services.csproj : warning NU1701: Package 'AeroWizard 2.3.1' was restored using '.NETFramework,Version=v4.6.1, .NETFramework,Version=v4.6.2, .NETFramework,Version=v4.7, .NETFramework,Version=v4.7.1, .NETFramework,Version=v4.7.2, .NETFramework,Version=v4.8, .NETFramework,Version=v4.8.1' instead of the project target framework 'net8.0'. This package may not be fully compatible with your project. [C:\Users\ultra\warewolf\Dev\Dev2.Runtime.WebServer.Tests\Dev2.Runtime.WebServer.Tests.csproj]
C:\Users\ultra\warewolf\Dev\Dev2.Runtime.Configuration\Dev2.Runtime.Configuration.csproj : warning NU1903: Package 'Microsoft.Windows.Compatibility' 6.0.0 has a known high severity vulnerability, https://github.com/advisories/GHSA-555c-2p6r-68mm [C:\Users\ultra\warewolf\Dev\Dev2.Runtime.WebServer.Tests\Dev2.Runtime.WebServer.Tests.csproj]
C:\Users\ultra\warewolf\Dev\Dev2.CustomControls\Dev2.CustomControls.csproj : warning NU1701: Package 'GroupControls 1.9.0' was restored using '.NETFramework,Version=v4.6.1, .NETFramework,Version=v4.6.2, .NETFramework,Version=v4.7, .NETFramework,Version=v4.7.1, .NETFramework,Version=v4.7.2, .NETFramework,Version=v4.8, .NETFramework,Version=v4.8.1' instead of the project target framework 'net8.0'. This package may not be fully compatible with your project. [C:\Users\ultra\warewolf\Dev\Dev2.Runtime.WebServer.Tests\Dev2.Runtime.WebServer.Tests.csproj]
C:\Users\ultra\warewolf\Dev\Dev2.Data\Dev2.Data.csproj : warning NU1701: Package 'TaskSchedulerEditor 2.10.1' was restored using '.NETFramework,Version=v4.6.1, .NETFramework,Version=v4.6.2, .NETFramework,Version=v4.7, .NETFramework,Version=v4.7.1, .NETFramework,Version=v4.7.2, .NETFramework,Version=v4.8, .NETFramework,Version=v4.8.1' instead of the project target framework 'net8.0'. This package may not be fully compatible with your project. [C:\Users\ultra\warewolf\Dev\Dev2.Runtime.WebServer.Tests\Dev2.Runtime.WebServer.Tests.csproj]
C:\Users\ultra\warewolf\Dev\Dev2.Data.Interfaces\Dev2.Data.Interfaces.csproj : warning NU1701: Package 'TaskSchedulerEditor 2.10.1' was restored using '.NETFramework,Version=v4.6.1, .NETFramework,Version=v4.6.2, .NETFramework,Version=v4.7, .NETFramework,Version=v4.7.1, .NETFramework,Version=v4.7.2, .NETFramework,Version=v4.8, .NETFramework,Version=v4.8.1' instead of the project target framework 'net8.0'. This package may not be fully compatible with your project. [C:\Users\ultra\warewolf\Dev\Dev2.Runtime.WebServer.Tests\Dev2.Runtime.WebServer.Tests.csproj]
C:\Users\ultra\warewolf\Dev\Dev2.Runtime.WebServer\Dev2.Runtime.WebServer.csproj : warning NU1701: Package 'Microsoft.Xaml.Behaviors.Wpf 1.1.122' was restored using '.NETFramework,Version=v4.6.1, .NETFramework,Version=v4.6.2, .NETFramework,Version=v4.7, .NETFramework,Version=v4.7.1, .NETFramework,Version=v4.7.2, .NETFramework,Version=v4.8, .NETFramework,Version=v4.8.1' instead of the project target framework 'net8.0'. This package may not be fully compatible with your project. [C:\Users\ultra\warewolf\Dev\Dev2.Runtime.WebServer.Tests\Dev2.Runtime.WebServer.Tests.csproj]
C:\Users\ultra\warewolf\Dev\Dev2.CustomControls\Dev2.CustomControls.csproj : warning NU1701: Package 'TaskSchedulerEditor 2.10.1' was restored using '.NETFramework,Version=v4.6.1, .NETFramework,Version=v4.6.2, .NETFramework,Version=v4.7, .NETFramework,Version=v4.7.1, .NETFramework,Version=v4.7.2, .NETFramework,Version=v4.8, .NETFramework,Version=v4.8.1' instead of the project target framework 'net8.0'. This package may not be fully compatible with your project. [C:\Users\ultra\warewolf\Dev\Dev2.Runtime.WebServer.Tests\Dev2.Runtime.WebServer.Tests.csproj]
C:\Users\ultra\warewolf\Dev\Dev2.Runtime.Services\Dev2.Runtime.Services.csproj : warning NU1701: Package 'GroupControls 1.9.0' was restored using '.NETFramework,Version=v4.6.1, .NETFramework,Version=v4.6.2, .NETFramework,Version=v4.7, .NETFramework,Version=v4.7.1, .NETFramework,Version=v4.7.2, .NETFramework,Version=v4.8, .NETFramework,Version=v4.8.1' instead of the project target framework 'net8.0'. This package may not be fully compatible with your project. [C:\Users\ultra\warewolf\Dev\Dev2.Runtime.WebServer.Tests\Dev2.Runtime.WebServer.Tests.csproj]
C:\Users\ultra\warewolf\Dev\Dev2.Services.Sql\Dev2.Services.Sql.csproj : warning NU1701: Package 'AeroWizard 2.3.1' was restored using '.NETFramework,Version=v4.6.1, .NETFramework,Version=v4.6.2, .NETFramework,Version=v4.7, .NETFramework,Version=v4.7.1, .NETFramework,Version=v4.7.2, .NETFramework,Version=v4.8, .NETFramework,Version=v4.8.1' instead of the project target framework 'net8.0'. This package may not be fully compatible with your project. [C:\Users\ultra\warewolf\Dev\Dev2.Runtime.WebServer.Tests\Dev2.Runtime.WebServer.Tests.csproj]
C:\Users\ultra\warewolf\Dev\Dev2.Infrastructure\Dev2.Infrastructure.csproj : warning NU1701: Package 'GroupControls 1.9.0' was restored using '.NETFramework,Version=v4.6.1, .NETFramework,Version=v4.6.2, .NETFramework,Version=v4.7, .NETFramework,Version=v4.7.1, .NETFramework,Version=v4.7.2, .NETFramework,Version=v4.8, .NETFramework,Version=v4.8.1' instead of the project target framework 'net8.0'. This package may not be fully compatible with your project. [C:\Users\ultra\warewolf\Dev\Dev2.Runtime.WebServer.Tests\Dev2.Runtime.WebServer.Tests.csproj]
C:\Users\ultra\warewolf\Dev\Dev2.Runtime.WebServer\Dev2.Runtime.WebServer.csproj : warning NU1701: Package 'Prism.Wpf 9.0.537' was restored using '.NETFramework,Version=v4.6.1, .NETFramework,Version=v4.6.2, .NETFramework,Version=v4.7, .NETFramework,Version=v4.7.1, .NETFramework,Version=v4.7.2, .NETFramework,Version=v4.8, .NETFramework,Version=v4.8.1' instead of the project target framework 'net8.0'. This package may not be fully compatible with your project. [C:\Users\ultra\warewolf\Dev\Dev2.Runtime.WebServer.Tests\Dev2.Runtime.WebServer.Tests.csproj]
C:\Users\ultra\warewolf\Dev\Dev2.Runtime.Configuration\Dev2.Runtime.Configuration.csproj : warning NU1701: Package 'AeroWizard 2.3.1' was restored using '.NETFramework,Version=v4.6.1, .NETFramework,Version=v4.6.2, .NETFramework,Version=v4.7, .NETFramework,Version=v4.7.1, .NETFramework,Version=v4.7.2, .NETFramework,Version=v4.8, .NETFramework,Version=v4.8.1' instead of the project target framework 'net8.0'. This package may not be fully compatible with your project. [C:\Users\ultra\warewolf\Dev\Dev2.Runtime.WebServer.Tests\Dev2.Runtime.WebServer.Tests.csproj]
C:\Users\ultra\warewolf\Dev\Dev2.Runtime.Services\Dev2.Runtime.Services.csproj : warning NU1701: Package 'ReactiveUI.WPF 18.4.1' was restored using '.NETFramework,Version=v4.6.1, .NETFramework,Version=v4.6.2, .NETFramework,Version=v4.7, .NETFramework,Version=v4.7.1, .NETFramework,Version=v4.7.2, .NETFramework,Version=v4.8, .NETFramework,Version=v4.8.1' instead of the project target framework 'net8.0'. This package may not be fully compatible with your project. [C:\Users\ultra\warewolf\Dev\Dev2.Runtime.WebServer.Tests\Dev2.Runtime.WebServer.Tests.csproj]
C:\Users\ultra\warewolf\Dev\Dev2.Services.Sql\Dev2.Services.Sql.csproj : warning NU1701: Package 'GroupControls 1.9.0' was restored using '.NETFramework,Version=v4.6.1, .NETFramework,Version=v4.6.2, .NETFramework,Version=v4.7, .NETFramework,Version=v4.7.1, .NETFramework,Version=v4.7.2, .NETFramework,Version=v4.8, .NETFramework,Version=v4.8.1' instead of the project target framework 'net8.0'. This package may not be fully compatible with your project. [C:\Users\ultra\warewolf\Dev\Dev2.Runtime.WebServer.Tests\Dev2.Runtime.WebServer.Tests.csproj]
C:\Users\ultra\warewolf\Dev\Dev2.Infrastructure\Dev2.Infrastructure.csproj : warning NU1701: Package 'ReactiveUI.WPF 18.4.1' was restored using '.NETFramework,Version=v4.6.1, .NETFramework,Version=v4.6.2, .NETFramework,Version=v4.7, .NETFramework,Version=v4.7.1, .NETFramework,Version=v4.7.2, .NETFramework,Version=v4.8, .NETFramework,Version=v4.8.1' instead of the project target framework 'net8.0'. This package may not be fully compatible with your project. [C:\Users\ultra\warewolf\Dev\Dev2.Runtime.WebServer.Tests\Dev2.Runtime.WebServer.Tests.csproj]
C:\Users\ultra\warewolf\Dev\Dev2.Runtime.Configuration\Dev2.Runtime.Configuration.csproj : warning NU1701: Package 'GroupControls 1.9.0' was restored using '.NETFramework,Version=v4.6.1, .NETFramework,Version=v4.6.2, .NETFramework,Version=v4.7, .NETFramework,Version=v4.7.1, .NETFramework,Version=v4.7.2, .NETFramework,Version=v4.8, .NETFramework,Version=v4.8.1' instead of the project target framework 'net8.0'. This package may not be fully compatible with your project. [C:\Users\ultra\warewolf\Dev\Dev2.Runtime.WebServer.Tests\Dev2.Runtime.WebServer.Tests.csproj]
C:\Users\ultra\warewolf\Dev\Dev2.Runtime.WebServer\Dev2.Runtime.WebServer.csproj : warning NU1701: Package 'ReactiveUI.WPF 18.4.1' was restored using '.NETFramework,Version=v4.6.1, .NETFramework,Version=v4.6.2, .NETFramework,Version=v4.7, .NETFramework,Version=v4.7.1, .NETFramework,Version=v4.7.2, .NETFramework,Version=v4.8, .NETFramework,Version=v4.8.1' instead of the project target framework 'net8.0'. This package may not be fully compatible with your project. [C:\Users\ultra\warewolf\Dev\Dev2.Runtime.WebServer.Tests\Dev2.Runtime.WebServer.Tests.csproj]
C:\Users\ultra\warewolf\Dev\Dev2.Infrastructure\Dev2.Infrastructure.csproj : warning NU1701: Package 'TaskSchedulerEditor 2.10.1' was restored using '.NETFramework,Version=v4.6.1, .NETFramework,Version=v4.6.2, .NETFramework,Version=v4.7, .NETFramework,Version=v4.7.1, .NETFramework,Version=v4.7.2, .NETFramework,Version=v4.8, .NETFramework,Version=v4.8.1' instead of the project target framework 'net8.0'. This package may not be fully compatible with your project. [C:\Users\ultra\warewolf\Dev\Dev2.Runtime.WebServer.Tests\Dev2.Runtime.WebServer.Tests.csproj]
C:\Users\ultra\warewolf\Dev\Dev2.Services.Sql\Dev2.Services.Sql.csproj : warning NU1701: Package 'ReactiveUI.WPF 18.4.1' was restored using '.NETFramework,Version=v4.6.1, .NETFramework,Version=v4.6.2, .NETFramework,Version=v4.7, .NETFramework,Version=v4.7.1, .NETFramework,Version=v4.7.2, .NETFramework,Version=v4.8, .NETFramework,Version=v4.8.1' instead of the project target framework 'net8.0'. This package may not be fully compatible with your project. [C:\Users\ultra\warewolf\Dev\Dev2.Runtime.WebServer.Tests\Dev2.Runtime.WebServer.Tests.csproj]
C:\Users\ultra\warewolf\Dev\Dev2.Runtime.Configuration\Dev2.Runtime.Configuration.csproj : warning NU1701: Package 'TaskSchedulerEditor 2.10.1' was restored using '.NETFramework,Version=v4.6.1, .NETFramework,Version=v4.6.2, .NETFramework,Version=v4.7, .NETFramework,Version=v4.7.1, .NETFramework,Version=v4.7.2, .NETFramework,Version=v4.8, .NETFramework,Version=v4.8.1' instead of the project target framework 'net8.0'. This package may not be fully compatible with your project. [C:\Users\ultra\warewolf\Dev\Dev2.Runtime.WebServer.Tests\Dev2.Runtime.WebServer.Tests.csproj]
C:\Users\ultra\warewolf\Dev\Dev2.Runtime.Services\Dev2.Runtime.Services.csproj : warning NU1701: Package 'TaskSchedulerEditor 2.10.1' was restored using '.NETFramework,Version=v4.6.1, .NETFramework,Version=v4.6.2, .NETFramework,Version=v4.7, .NETFramework,Version=v4.7.1, .NETFramework,Version=v4.7.2, .NETFramework,Version=v4.8, .NETFramework,Version=v4.8.1' instead of the project target framework 'net8.0'. This package may not be fully compatible with your project. [C:\Users\ultra\warewolf\Dev\Dev2.Runtime.WebServer.Tests\Dev2.Runtime.WebServer.Tests.csproj]
C:\Users\ultra\warewolf\Dev\Dev2.Runtime.WebServer\Dev2.Runtime.WebServer.csproj : warning NU1701: Package 'TaskSchedulerEditor 2.10.1' was restored using '.NETFramework,Version=v4.6.1, .NETFramework,Version=v4.6.2, .NETFramework,Version=v4.7, .NETFramework,Version=v4.7.1, .NETFramework,Version=v4.7.2, .NETFramework,Version=v4.8, .NETFramework,Version=v4.8.1' instead of the project target framework 'net8.0'. This package may not be fully compatible with your project. [C:\Users\ultra\warewolf\Dev\Dev2.Runtime.WebServer.Tests\Dev2.Runtime.WebServer.Tests.csproj]
C:\Users\ultra\warewolf\Dev\Dev2.Services.Sql\Dev2.Services.Sql.csproj : warning NU1701: Package 'TaskSchedulerEditor 2.10.1' was restored using '.NETFramework,Version=v4.6.1, .NETFramework,Version=v4.6.2, .NETFramework,Version=v4.7, .NETFramework,Version=v4.7.1, .NETFramework,Version=v4.7.2, .NETFramework,Version=v4.8, .NETFramework,Version=v4.8.1' instead of the project target framework 'net8.0'. This package may not be fully compatible with your project. [C:\Users\ultra\warewolf\Dev\Dev2.Runtime.WebServer.Tests\Dev2.Runtime.WebServer.Tests.csproj]
C:\Users\ultra\warewolf\Dev\Dev2.SignalR.Wrappers.New\Dev2.SignalR.Wrappers.New.csproj : warning NU1701: Package 'AeroWizard 2.3.1' was restored using '.NETFramework,Version=v4.6.1, .NETFramework,Version=v4.6.2, .NETFramework,Version=v4.7, .NETFramework,Version=v4.7.1, .NETFramework,Version=v4.7.2, .NETFramework,Version=v4.8, .NETFramework,Version=v4.8.1' instead of the project target framework 'net8.0'. This package may not be fully compatible with your project. [C:\Users\ultra\warewolf\Dev\Dev2.Runtime.WebServer.Tests\Dev2.Runtime.WebServer.Tests.csproj]
C:\Users\ultra\warewolf\Dev\Dev2.Runtime\Dev2.Runtime.csproj : warning NU1903: Package 'Microsoft.Windows.Compatibility' 6.0.0 has a known high severity vulnerability, https://github.com/advisories/GHSA-555c-2p6r-68mm [C:\Users\ultra\warewolf\Dev\Dev2.Runtime.WebServer.Tests\Dev2.Runtime.WebServer.Tests.csproj]
C:\Users\ultra\warewolf\Dev\Dev2.SignalR.Wrappers.New\Dev2.SignalR.Wrappers.New.csproj : warning NU1701: Package 'GroupControls 1.9.0' was restored using '.NETFramework,Version=v4.6.1, .NETFramework,Version=v4.6.2, .NETFramework,Version=v4.7, .NETFramework,Version=v4.7.1, .NETFramework,Version=v4.7.2, .NETFramework,Version=v4.8, .NETFramework,Version=v4.8.1' instead of the project target framework 'net8.0'. This package may not be fully compatible with your project. [C:\Users\ultra\warewolf\Dev\Dev2.Runtime.WebServer.Tests\Dev2.Runtime.WebServer.Tests.csproj]
C:\Users\ultra\warewolf\Dev\Dev2.SignalR.Wrappers.New\Dev2.SignalR.Wrappers.New.csproj : warning NU1701: Package 'ReactiveUI.WPF 18.4.1' was restored using '.NETFramework,Version=v4.6.1, .NETFramework,Version=v4.6.2, .NETFramework,Version=v4.7, .NETFramework,Version=v4.7.1, .NETFramework,Version=v4.7.2, .NETFramework,Version=v4.8, .NETFramework,Version=v4.8.1' instead of the project target framework 'net8.0'. This package may not be fully compatible with your project. [C:\Users\ultra\warewolf\Dev\Dev2.Runtime.WebServer.Tests\Dev2.Runtime.WebServer.Tests.csproj]
C:\Users\ultra\warewolf\Dev\Dev2.SignalR.Wrappers.New\Dev2.SignalR.Wrappers.New.csproj : warning NU1701: Package 'TaskSchedulerEditor 2.10.1' was restored using '.NETFramework,Version=v4.6.1, .NETFramework,Version=v4.6.2, .NETFramework,Version=v4.7, .NETFramework,Version=v4.7.1, .NETFramework,Version=v4.7.2, .NETFramework,Version=v4.8, .NETFramework,Version=v4.8.1' instead of the project target framework 'net8.0'. This package may not be fully compatible with your project. [C:\Users\ultra\warewolf\Dev\Dev2.Runtime.WebServer.Tests\Dev2.Runtime.WebServer.Tests.csproj]
C:\Users\ultra\warewolf\Dev\Dev2.Runtime\Dev2.Runtime.csproj : warning NU1701: Package 'AeroWizard 2.3.1' was restored using '.NETFramework,Version=v4.6.1, .NETFramework,Version=v4.6.2, .NETFramework,Version=v4.7, .NETFramework,Version=v4.7.1, .NETFramework,Version=v4.7.2, .NETFramework,Version=v4.8, .NETFramework,Version=v4.8.1' instead of the project target framework 'net8.0'. This package may not be fully compatible with your project. [C:\Users\ultra\warewolf\Dev\Dev2.Runtime.WebServer.Tests\Dev2.Runtime.WebServer.Tests.csproj]
C:\Users\ultra\warewolf\Dev\Dev2.Runtime\Dev2.Runtime.csproj : warning NU1701: Package 'GroupControls 1.9.0' was restored using '.NETFramework,Version=v4.6.1, .NETFramework,Version=v4.6.2, .NETFramework,Version=v4.7, .NETFramework,Version=v4.7.1, .NETFramework,Version=v4.7.2, .NETFramework,Version=v4.8, .NETFramework,Version=v4.8.1' instead of the project target framework 'net8.0'. This package may not be fully compatible with your project. [C:\Users\ultra\warewolf\Dev\Dev2.Runtime.WebServer.Tests\Dev2.Runtime.WebServer.Tests.csproj]
C:\Users\ultra\warewolf\Dev\Dev2.Runtime\Dev2.Runtime.csproj : warning NU1701: Package 'ReactiveUI.WPF 18.4.1' was restored using '.NETFramework,Version=v4.6.1, .NETFramework,Version=v4.6.2, .NETFramework,Version=v4.7, .NETFramework,Version=v4.7.1, .NETFramework,Version=v4.7.2, .NETFramework,Version=v4.8, .NETFramework,Version=v4.8.1' instead of the project target framework 'net8.0'. This package may not be fully compatible with your project. [C:\Users\ultra\warewolf\Dev\Dev2.Runtime.WebServer.Tests\Dev2.Runtime.WebServer.Tests.csproj]
C:\Users\ultra\warewolf\Dev\Dev2.Runtime\Dev2.Runtime.csproj : warning NU1701: Package 'TaskSchedulerEditor 2.10.1' was restored using '.NETFramework,Version=v4.6.1, .NETFramework,Version=v4.6.2, .NETFramework,Version=v4.7, .NETFramework,Version=v4.7.1, .NETFramework,Version=v4.7.2, .NETFramework,Version=v4.8, .NETFramework,Version=v4.8.1' instead of the project target framework 'net8.0'. This package may not be fully compatible with your project. [C:\Users\ultra\warewolf\Dev\Dev2.Runtime.WebServer.Tests\Dev2.Runtime.WebServer.Tests.csproj]
C:\Users\ultra\warewolf\Dev\Dev2.Diagnostics\Dev2.Diagnostics.csproj : warning NU1701: Package 'TaskSchedulerEditor 2.10.1' was restored using '.NETFramework,Version=v4.6.1, .NETFramework,Version=v4.6.2, .NETFramework,Version=v4.7, .NETFramework,Version=v4.7.1, .NETFramework,Version=v4.7.2, .NETFramework,Version=v4.8, .NETFramework,Version=v4.8.1' instead of the project target framework 'net8.0'. This package may not be fully compatible with your project. [C:\Users\ultra\warewolf\Dev\Dev2.Runtime.WebServer.Tests\Dev2.Runtime.WebServer.Tests.csproj]
C:\Users\ultra\warewolf\Dev\Warewolf.Data\Warewolf.Data.csproj : warning NU1701: Package 'AeroWizard 2.3.1' was restored using '.NETFramework,Version=v4.6.1, .NETFramework,Version=v4.6.2, .NETFramework,Version=v4.7, .NETFramework,Version=v4.7.1, .NETFramework,Version=v4.7.2, .NETFramework,Version=v4.8, .NETFramework,Version=v4.8.1' instead of the project target framework 'net8.0'. This package may not be fully compatible with your project. [C:\Users\ultra\warewolf\Dev\Dev2.Runtime.WebServer.Tests\Dev2.Runtime.WebServer.Tests.csproj]
C:\Users\ultra\warewolf\Dev\Warewolf.Security\Warewolf.Security.csproj : warning NU1904: Package 'System.Drawing.Common' 4.5.1 has a known critical severity vulnerability, https://github.com/advisories/GHSA-rxg9-xrhp-64gj [C:\Users\ultra\warewolf\Dev\Dev2.Runtime.WebServer.Tests\Dev2.Runtime.WebServer.Tests.csproj]
C:\Users\ultra\warewolf\Dev\Warewolf.Data\Warewolf.Data.csproj : warning NU1701: Package 'GroupControls 1.9.0' was restored using '.NETFramework,Version=v4.6.1, .NETFramework,Version=v4.6.2, .NETFramework,Version=v4.7, .NETFramework,Version=v4.7.1, .NETFramework,Version=v4.7.2, .NETFramework,Version=v4.8, .NETFramework,Version=v4.8.1' instead of the project target framework 'net8.0'. This package may not be fully compatible with your project. [C:\Users\ultra\warewolf\Dev\Dev2.Runtime.WebServer.Tests\Dev2.Runtime.WebServer.Tests.csproj]
C:\Users\ultra\warewolf\Dev\Warewolf.Data\Warewolf.Data.csproj : warning NU1701: Package 'TaskSchedulerEditor 2.10.1' was restored using '.NETFramework,Version=v4.6.1, .NETFramework,Version=v4.6.2, .NETFramework,Version=v4.7, .NETFramework,Version=v4.7.1, .NETFramework,Version=v4.7.2, .NETFramework,Version=v4.8, .NETFramework,Version=v4.8.1' instead of the project target framework 'net8.0'. This package may not be fully compatible with your project. [C:\Users\ultra\warewolf\Dev\Dev2.Runtime.WebServer.Tests\Dev2.Runtime.WebServer.Tests.csproj]
C:\Users\ultra\warewolf\Dev\Warewolf.Common\Warewolf.Common.csproj : warning NU1701: Package 'AeroWizard 2.3.1' was restored using '.NETFramework,Version=v4.6.1, .NETFramework,Version=v4.6.2, .NETFramework,Version=v4.7, .NETFramework,Version=v4.7.1, .NETFramework,Version=v4.7.2, .NETFramework,Version=v4.8, .NETFramework,Version=v4.8.1' instead of the project target framework 'net8.0'. This package may not be fully compatible with your project. [C:\Users\ultra\warewolf\Dev\Dev2.Runtime.WebServer.Tests\Dev2.Runtime.WebServer.Tests.csproj]
C:\Users\ultra\warewolf\Dev\Warewolf.Common\Warewolf.Common.csproj : warning NU1701: Package 'GroupControls 1.9.0' was restored using '.NETFramework,Version=v4.6.1, .NETFramework,Version=v4.6.2, .NETFramework,Version=v4.7, .NETFramework,Version=v4.7.1, .NETFramework,Version=v4.7.2, .NETFramework,Version=v4.8, .NETFramework,Version=v4.8.1' instead of the project target framework 'net8.0'. This package may not be fully compatible with your project. [C:\Users\ultra\warewolf\Dev\Dev2.Runtime.WebServer.Tests\Dev2.Runtime.WebServer.Tests.csproj]
C:\Users\ultra\warewolf\Dev\Warewolf.Common\Warewolf.Common.csproj : warning NU1701: Package 'TaskSchedulerEditor 2.10.1' was restored using '.NETFramework,Version=v4.6.1, .NETFramework,Version=v4.6.2, .NETFramework,Version=v4.7, .NETFramework,Version=v4.7.1, .NETFramework,Version=v4.7.2, .NETFramework,Version=v4.8, .NETFramework,Version=v4.8.1' instead of the project target framework 'net8.0'. This package may not be fully compatible with your project. [C:\Users\ultra\warewolf\Dev\Dev2.Runtime.WebServer.Tests\Dev2.Runtime.WebServer.Tests.csproj]
C:\Users\ultra\warewolf\Dev\Warewolf.Storage.Interfaces\Warewolf.Storage.Interfaces.csproj : warning NU1701: Package 'AeroWizard 2.3.1' was restored using '.NETFramework,Version=v4.6.1, .NETFramework,Version=v4.6.2, .NETFramework,Version=v4.7, .NETFramework,Version=v4.7.1, .NETFramework,Version=v4.7.2, .NETFramework,Version=v4.8, .NETFramework,Version=v4.8.1' instead of the project target framework 'net8.0'. This package may not be fully compatible with your project. [C:\Users\ultra\warewolf\Dev\Dev2.Runtime.WebServer.Tests\Dev2.Runtime.WebServer.Tests.csproj]
C:\Users\ultra\warewolf\Dev\Warewolf.Storage.Interfaces\Warewolf.Storage.Interfaces.csproj : warning NU1701: Package 'GroupControls 1.9.0' was restored using '.NETFramework,Version=v4.6.1, .NETFramework,Version=v4.6.2, .NETFramework,Version=v4.7, .NETFramework,Version=v4.7.1, .NETFramework,Version=v4.7.2, .NETFramework,Version=v4.8, .NETFramework,Version=v4.8.1' instead of the project target framework 'net8.0'. This package may not be fully compatible with your project. [C:\Users\ultra\warewolf\Dev\Dev2.Runtime.WebServer.Tests\Dev2.Runtime.WebServer.Tests.csproj]
C:\Users\ultra\warewolf\Dev\Warewolf.Storage.Interfaces\Warewolf.Storage.Interfaces.csproj : warning NU1701: Package 'TaskSchedulerEditor 2.10.1' was restored using '.NETFramework,Version=v4.6.1, .NETFramework,Version=v4.6.2, .NETFramework,Version=v4.7, .NETFramework,Version=v4.7.1, .NETFramework,Version=v4.7.2, .NETFramework,Version=v4.8, .NETFramework,Version=v4.8.1' instead of the project target framework 'net8.0'. This package may not be fully compatible with your project. [C:\Users\ultra\warewolf\Dev\Dev2.Runtime.WebServer.Tests\Dev2.Runtime.WebServer.Tests.csproj]
C:\Users\ultra\warewolf\Dev\Warewolf.Sharepoint\Warewolf.Sharepoint.csproj : warning NU1701: Package 'AeroWizard 2.3.1' was restored using '.NETFramework,Version=v4.6.1, .NETFramework,Version=v4.6.2, .NETFramework,Version=v4.7, .NETFramework,Version=v4.7.1, .NETFramework,Version=v4.7.2, .NETFramework,Version=v4.8, .NETFramework,Version=v4.8.1' instead of the project target framework 'net8.0'. This package may not be fully compatible with your project. [C:\Users\ultra\warewolf\Dev\Dev2.Runtime.WebServer.Tests\Dev2.Runtime.WebServer.Tests.csproj]
C:\Users\ultra\warewolf\Dev\Warewolf.Sharepoint\Warewolf.Sharepoint.csproj : warning NU1701: Package 'GroupControls 1.9.0' was restored using '.NETFramework,Version=v4.6.1, .NETFramework,Version=v4.6.2, .NETFramework,Version=v4.7, .NETFramework,Version=v4.7.1, .NETFramework,Version=v4.7.2, .NETFramework,Version=v4.8, .NETFramework,Version=v4.8.1' instead of the project target framework 'net8.0'. This package may not be fully compatible with your project. [C:\Users\ultra\warewolf\Dev\Dev2.Runtime.WebServer.Tests\Dev2.Runtime.WebServer.Tests.csproj]
C:\Users\ultra\warewolf\Dev\Warewolf.Sharepoint\Warewolf.Sharepoint.csproj : warning NU1701: Package 'ReactiveUI.WPF 18.4.1' was restored using '.NETFramework,Version=v4.6.1, .NETFramework,Version=v4.6.2, .NETFramework,Version=v4.7, .NETFramework,Version=v4.7.1, .NETFramework,Version=v4.7.2, .NETFramework,Version=v4.8, .NETFramework,Version=v4.8.1' instead of the project target framework 'net8.0'. This package may not be fully compatible with your project. [C:\Users\ultra\warewolf\Dev\Dev2.Runtime.WebServer.Tests\Dev2.Runtime.WebServer.Tests.csproj]
C:\Users\ultra\warewolf\Dev\Warewolf.Sharepoint\Warewolf.Sharepoint.csproj : warning NU1701: Package 'TaskSchedulerEditor 2.10.1' was restored using '.NETFramework,Version=v4.6.1, .NETFramework,Version=v4.6.2, .NETFramework,Version=v4.7, .NETFramework,Version=v4.7.1, .NETFramework,Version=v4.7.2, .NETFramework,Version=v4.8, .NETFramework,Version=v4.8.1' instead of the project target framework 'net8.0'. This package may not be fully compatible with your project. [C:\Users\ultra\warewolf\Dev\Dev2.Runtime.WebServer.Tests\Dev2.Runtime.WebServer.Tests.csproj]
C:\Users\ultra\warewolf\Dev\Warewolf.Core\Warewolf.Core.csproj : warning NU1903: Package 'Microsoft.Windows.Compatibility' 6.0.0 has a known high severity vulnerability, https://github.com/advisories/GHSA-555c-2p6r-68mm [C:\Users\ultra\warewolf\Dev\Dev2.Runtime.WebServer.Tests\Dev2.Runtime.WebServer.Tests.csproj]
C:\Users\ultra\warewolf\Dev\Warewolf.Core\Warewolf.Core.csproj : warning NU1701: Package 'AeroWizard 2.3.1' was restored using '.NETFramework,Version=v4.6.1, .NETFramework,Version=v4.6.2, .NETFramework,Version=v4.7, .NETFramework,Version=v4.7.1, .NETFramework,Version=v4.7.2, .NETFramework,Version=v4.8, .NETFramework,Version=v4.8.1' instead of the project target framework 'net8.0'. This package may not be fully compatible with your project. [C:\Users\ultra\warewolf\Dev\Dev2.Runtime.WebServer.Tests\Dev2.Runtime.WebServer.Tests.csproj]
C:\Users\ultra\warewolf\Dev\Warewolf.Core\Warewolf.Core.csproj : warning NU1701: Package 'GroupControls 1.9.0' was restored using '.NETFramework,Version=v4.6.1, .NETFramework,Version=v4.6.2, .NETFramework,Version=v4.7, .NETFramework,Version=v4.7.1, .NETFramework,Version=v4.7.2, .NETFramework,Version=v4.8, .NETFramework,Version=v4.8.1' instead of the project target framework 'net8.0'. This package may not be fully compatible with your project. [C:\Users\ultra\warewolf\Dev\Dev2.Runtime.WebServer.Tests\Dev2.Runtime.WebServer.Tests.csproj]
C:\Users\ultra\warewolf\Dev\Warewolf.Core\Warewolf.Core.csproj : warning NU1701: Package 'ReactiveUI.WPF 18.4.1' was restored using '.NETFramework,Version=v4.6.1, .NETFramework,Version=v4.6.2, .NETFramework,Version=v4.7, .NETFramework,Version=v4.7.1, .NETFramework,Version=v4.7.2, .NETFramework,Version=v4.8, .NETFramework,Version=v4.8.1' instead of the project target framework 'net8.0'. This package may not be fully compatible with your project. [C:\Users\ultra\warewolf\Dev\Dev2.Runtime.WebServer.Tests\Dev2.Runtime.WebServer.Tests.csproj]
C:\Users\ultra\warewolf\Dev\Warewolf.Core\Warewolf.Core.csproj : warning NU1701: Package 'TaskSchedulerEditor 2.10.1' was restored using '.NETFramework,Version=v4.6.1, .NETFramework,Version=v4.6.2, .NETFramework,Version=v4.7, .NETFramework,Version=v4.7.1, .NETFramework,Version=v4.7.2, .NETFramework,Version=v4.8, .NETFramework,Version=v4.8.1' instead of the project target framework 'net8.0'. This package may not be fully compatible with your project. [C:\Users\ultra\warewolf\Dev\Dev2.Runtime.WebServer.Tests\Dev2.Runtime.WebServer.Tests.csproj]
C:\Users\ultra\warewolf\Dev\Dev2.Scheduler\Dev2.Scheduler.csproj : warning NU1701: Package 'AeroWizard 2.3.1' was restored using '.NETFramework,Version=v4.6.1, .NETFramework,Version=v4.6.2, .NETFramework,Version=v4.7, .NETFramework,Version=v4.7.1, .NETFramework,Version=v4.7.2, .NETFramework,Version=v4.8, .NETFramework,Version=v4.8.1' instead of the project target framework 'net8.0'. This package may not be fully compatible with your project. [C:\Users\ultra\warewolf\Dev\Dev2.Runtime.WebServer.Tests\Dev2.Runtime.WebServer.Tests.csproj]
C:\Users\ultra\warewolf\Dev\Dev2.Scheduler\Dev2.Scheduler.csproj : warning NU1701: Package 'GroupControls 1.9.0' was restored using '.NETFramework,Version=v4.6.1, .NETFramework,Version=v4.6.2, .NETFramework,Version=v4.7, .NETFramework,Version=v4.7.1, .NETFramework,Version=v4.7.2, .NETFramework,Version=v4.8, .NETFramework,Version=v4.8.1' instead of the project target framework 'net8.0'. This package may not be fully compatible with your project. [C:\Users\ultra\warewolf\Dev\Dev2.Runtime.WebServer.Tests\Dev2.Runtime.WebServer.Tests.csproj]
C:\Users\ultra\warewolf\Dev\Dev2.Scheduler\Dev2.Scheduler.csproj : warning NU1701: Package 'ReactiveUI.WPF 18.4.1' was restored using '.NETFramework,Version=v4.6.1, .NETFramework,Version=v4.6.2, .NETFramework,Version=v4.7, .NETFramework,Version=v4.7.1, .NETFramework,Version=v4.7.2, .NETFramework,Version=v4.8, .NETFramework,Version=v4.8.1' instead of the project target framework 'net8.0'. This package may not be fully compatible with your project. [C:\Users\ultra\warewolf\Dev\Dev2.Runtime.WebServer.Tests\Dev2.Runtime.WebServer.Tests.csproj]
C:\Users\ultra\warewolf\Dev\Dev2.Scheduler\Dev2.Scheduler.csproj : warning NU1701: Package 'TaskSchedulerEditor 2.10.1' was restored using '.NETFramework,Version=v4.6.1, .NETFramework,Version=v4.6.2, .NETFramework,Version=v4.7, .NETFramework,Version=v4.7.1, .NETFramework,Version=v4.7.2, .NETFramework,Version=v4.8, .NETFramework,Version=v4.8.1' instead of the project target framework 'net8.0'. This package may not be fully compatible with your project. [C:\Users\ultra\warewolf\Dev\Dev2.Runtime.WebServer.Tests\Dev2.Runtime.WebServer.Tests.csproj]
C:\Users\ultra\warewolf\Dev\Warewolf.Storage\Warewolf.Storage.csproj : warning NU1701: Package 'AeroWizard 2.3.1' was restored using '.NETFramework,Version=v4.6.1, .NETFramework,Version=v4.6.2, .NETFramework,Version=v4.7, .NETFramework,Version=v4.7.1, .NETFramework,Version=v4.7.2, .NETFramework,Version=v4.8, .NETFramework,Version=v4.8.1' instead of the project target framework 'net8.0'. This package may not be fully compatible with your project. [C:\Users\ultra\warewolf\Dev\Dev2.Runtime.WebServer.Tests\Dev2.Runtime.WebServer.Tests.csproj]
C:\Users\ultra\warewolf\Dev\Warewolf.Storage\Warewolf.Storage.csproj : warning NU1701: Package 'GroupControls 1.9.0' was restored using '.NETFramework,Version=v4.6.1, .NETFramework,Version=v4.6.2, .NETFramework,Version=v4.7, .NETFramework,Version=v4.7.1, .NETFramework,Version=v4.7.2, .NETFramework,Version=v4.8, .NETFramework,Version=v4.8.1' instead of the project target framework 'net8.0'. This package may not be fully compatible with your project. [C:\Users\ultra\warewolf\Dev\Dev2.Runtime.WebServer.Tests\Dev2.Runtime.WebServer.Tests.csproj]
C:\Users\ultra\warewolf\Dev\Warewolf.Storage\Warewolf.Storage.csproj : warning NU1701: Package 'ReactiveUI.WPF 18.4.1' was restored using '.NETFramework,Version=v4.6.1, .NETFramework,Version=v4.6.2, .NETFramework,Version=v4.7, .NETFramework,Version=v4.7.1, .NETFramework,Version=v4.7.2, .NETFramework,Version=v4.8, .NETFramework,Version=v4.8.1' instead of the project target framework 'net8.0'. This package may not be fully compatible with your project. [C:\Users\ultra\warewolf\Dev\Dev2.Runtime.WebServer.Tests\Dev2.Runtime.WebServer.Tests.csproj]
C:\Users\ultra\warewolf\Dev\Warewolf.Storage\Warewolf.Storage.csproj : warning NU1701: Package 'TaskSchedulerEditor 2.10.1' was restored using '.NETFramework,Version=v4.6.1, .NETFramework,Version=v4.6.2, .NETFramework,Version=v4.7, .NETFramework,Version=v4.7.1, .NETFramework,Version=v4.7.2, .NETFramework,Version=v4.8, .NETFramework,Version=v4.8.1' instead of the project target framework 'net8.0'. This package may not be fully compatible with your project. [C:\Users\ultra\warewolf\Dev\Dev2.Runtime.WebServer.Tests\Dev2.Runtime.WebServer.Tests.csproj]
C:\Users\ultra\warewolf\Dev\Warewolf.ResourceManagement\Warewolf.ResourceManagement.csproj : warning NU1701: Package 'AeroWizard 2.3.1' was restored using '.NETFramework,Version=v4.6.1, .NETFramework,Version=v4.6.2, .NETFramework,Version=v4.7, .NETFramework,Version=v4.7.1, .NETFramework,Version=v4.7.2, .NETFramework,Version=v4.8, .NETFramework,Version=v4.8.1' instead of the project target framework 'net8.0'. This package may not be fully compatible with your project. [C:\Users\ultra\warewolf\Dev\Dev2.Runtime.WebServer.Tests\Dev2.Runtime.WebServer.Tests.csproj]
C:\Users\ultra\warewolf\Dev\Warewolf.ResourceManagement\Warewolf.ResourceManagement.csproj : warning NU1701: Package 'GroupControls 1.9.0' was restored using '.NETFramework,Version=v4.6.1, .NETFramework,Version=v4.6.2, .NETFramework,Version=v4.7, .NETFramework,Version=v4.7.1, .NETFramework,Version=v4.7.2, .NETFramework,Version=v4.8, .NETFramework,Version=v4.8.1' instead of the project target framework 'net8.0'. This package may not be fully compatible with your project. [C:\Users\ultra\warewolf\Dev\Dev2.Runtime.WebServer.Tests\Dev2.Runtime.WebServer.Tests.csproj]
C:\Users\ultra\warewolf\Dev\Warewolf.ResourceManagement\Warewolf.ResourceManagement.csproj : warning NU1701: Package 'ReactiveUI.WPF 18.4.1' was restored using '.NETFramework,Version=v4.6.1, .NETFramework,Version=v4.6.2, .NETFramework,Version=v4.7, .NETFramework,Version=v4.7.1, .NETFramework,Version=v4.7.2, .NETFramework,Version=v4.8, .NETFramework,Version=v4.8.1' instead of the project target framework 'net8.0'. This package may not be fully compatible with your project. [C:\Users\ultra\warewolf\Dev\Dev2.Runtime.WebServer.Tests\Dev2.Runtime.WebServer.Tests.csproj]
C:\Users\ultra\warewolf\Dev\Warewolf.ResourceManagement\Warewolf.ResourceManagement.csproj : warning NU1701: Package 'TaskSchedulerEditor 2.10.1' was restored using '.NETFramework,Version=v4.6.1, .NETFramework,Version=v4.6.2, .NETFramework,Version=v4.7, .NETFramework,Version=v4.7.1, .NETFramework,Version=v4.7.2, .NETFramework,Version=v4.8, .NETFramework,Version=v4.8.1' instead of the project target framework 'net8.0'. This package may not be fully compatible with your project. [C:\Users\ultra\warewolf\Dev\Dev2.Runtime.WebServer.Tests\Dev2.Runtime.WebServer.Tests.csproj]
C:\Users\ultra\warewolf\Dev\Warewolf.Driver.Persistence\Warewolf.Driver.Persistence.csproj : warning NU1701: Package 'AeroWizard 2.3.1' was restored using '.NETFramework,Version=v4.6.1, .NETFramework,Version=v4.6.2, .NETFramework,Version=v4.7, .NETFramework,Version=v4.7.1, .NETFramework,Version=v4.7.2, .NETFramework,Version=v4.8, .NETFramework,Version=v4.8.1' instead of the project target framework 'net8.0'. This package may not be fully compatible with your project. [C:\Users\ultra\warewolf\Dev\Dev2.Runtime.WebServer.Tests\Dev2.Runtime.WebServer.Tests.csproj]
C:\Users\ultra\warewolf\Dev\Warewolf.Driver.Persistence\Warewolf.Driver.Persistence.csproj : warning NU1701: Package 'GroupControls 1.9.0' was restored using '.NETFramework,Version=v4.6.1, .NETFramework,Version=v4.6.2, .NETFramework,Version=v4.7, .NETFramework,Version=v4.7.1, .NETFramework,Version=v4.7.2, .NETFramework,Version=v4.8, .NETFramework,Version=v4.8.1' instead of the project target framework 'net8.0'. This package may not be fully compatible with your project. [C:\Users\ultra\warewolf\Dev\Dev2.Runtime.WebServer.Tests\Dev2.Runtime.WebServer.Tests.csproj]
C:\Users\ultra\warewolf\Dev\Warewolf.Driver.Persistence\Warewolf.Driver.Persistence.csproj : warning NU1701: Package 'ReactiveUI.WPF 18.4.1' was restored using '.NETFramework,Version=v4.6.1, .NETFramework,Version=v4.6.2, .NETFramework,Version=v4.7, .NETFramework,Version=v4.7.1, .NETFramework,Version=v4.7.2, .NETFramework,Version=v4.8, .NETFramework,Version=v4.8.1' instead of the project target framework 'net8.0'. This package may not be fully compatible with your project. [C:\Users\ultra\warewolf\Dev\Dev2.Runtime.WebServer.Tests\Dev2.Runtime.WebServer.Tests.csproj]
C:\Users\ultra\warewolf\Dev\Warewolf.Driver.Persistence\Warewolf.Driver.Persistence.csproj : warning NU1701: Package 'TaskSchedulerEditor 2.10.1' was restored using '.NETFramework,Version=v4.6.1, .NETFramework,Version=v4.6.2, .NETFramework,Version=v4.7, .NETFramework,Version=v4.7.1, .NETFramework,Version=v4.7.2, .NETFramework,Version=v4.8, .NETFramework,Version=v4.8.1' instead of the project target framework 'net8.0'. This package may not be fully compatible with your project. [C:\Users\ultra\warewolf\Dev\Dev2.Runtime.WebServer.Tests\Dev2.Runtime.WebServer.Tests.csproj]
C:\Users\ultra\warewolf\Dev\Dev2.Services.Execution\Dev2.Services.Execution.csproj : warning NU1701: Package 'AeroWizard 2.3.1' was restored using '.NETFramework,Version=v4.6.1, .NETFramework,Version=v4.6.2, .NETFramework,Version=v4.7, .NETFramework,Version=v4.7.1, .NETFramework,Version=v4.7.2, .NETFramework,Version=v4.8, .NETFramework,Version=v4.8.1' instead of the project target framework 'net8.0'. This package may not be fully compatible with your project. [C:\Users\ultra\warewolf\Dev\Dev2.Runtime.WebServer.Tests\Dev2.Runtime.WebServer.Tests.csproj]
C:\Users\ultra\warewolf\Dev\Dev2.Common.Interfaces\Dev2.Common.Interfaces.csproj : warning NU1903: Package 'Microsoft.Windows.Compatibility' 6.0.0 has a known high severity vulnerability, https://github.com/advisories/GHSA-555c-2p6r-68mm [C:\Users\ultra\warewolf\Dev\Dev2.Runtime.WebServer.Tests\Dev2.Runtime.WebServer.Tests.csproj]
C:\Users\ultra\warewolf\Dev\Dev2.Services.Execution\Dev2.Services.Execution.csproj : warning NU1701: Package 'GroupControls 1.9.0' was restored using '.NETFramework,Version=v4.6.1, .NETFramework,Version=v4.6.2, .NETFramework,Version=v4.7, .NETFramework,Version=v4.7.1, .NETFramework,Version=v4.7.2, .NETFramework,Version=v4.8, .NETFramework,Version=v4.8.1' instead of the project target framework 'net8.0'. This package may not be fully compatible with your project. [C:\Users\ultra\warewolf\Dev\Dev2.Runtime.WebServer.Tests\Dev2.Runtime.WebServer.Tests.csproj]
C:\Users\ultra\warewolf\Dev\Dev2.Common.Interfaces\Dev2.Common.Interfaces.csproj : warning NU1701: Package 'AeroWizard 2.3.1' was restored using '.NETFramework,Version=v4.6.1, .NETFramework,Version=v4.6.2, .NETFramework,Version=v4.7, .NETFramework,Version=v4.7.1, .NETFramework,Version=v4.7.2, .NETFramework,Version=v4.8, .NETFramework,Version=v4.8.1' instead of the project target framework 'net8.0'. This package may not be fully compatible with your project. [C:\Users\ultra\warewolf\Dev\Dev2.Runtime.WebServer.Tests\Dev2.Runtime.WebServer.Tests.csproj]
C:\Users\ultra\warewolf\Dev\Dev2.Services.Execution\Dev2.Services.Execution.csproj : warning NU1701: Package 'ReactiveUI.WPF 18.4.1' was restored using '.NETFramework,Version=v4.6.1, .NETFramework,Version=v4.6.2, .NETFramework,Version=v4.7, .NETFramework,Version=v4.7.1, .NETFramework,Version=v4.7.2, .NETFramework,Version=v4.8, .NETFramework,Version=v4.8.1' instead of the project target framework 'net8.0'. This package may not be fully compatible with your project. [C:\Users\ultra\warewolf\Dev\Dev2.Runtime.WebServer.Tests\Dev2.Runtime.WebServer.Tests.csproj]
C:\Users\ultra\warewolf\Dev\Dev2.Common.Interfaces\Dev2.Common.Interfaces.csproj : warning NU1701: Package 'GroupControls 1.9.0' was restored using '.NETFramework,Version=v4.6.1, .NETFramework,Version=v4.6.2, .NETFramework,Version=v4.7, .NETFramework,Version=v4.7.1, .NETFramework,Version=v4.7.2, .NETFramework,Version=v4.8, .NETFramework,Version=v4.8.1' instead of the project target framework 'net8.0'. This package may not be fully compatible with your project. [C:\Users\ultra\warewolf\Dev\Dev2.Runtime.WebServer.Tests\Dev2.Runtime.WebServer.Tests.csproj]
C:\Users\ultra\warewolf\Dev\Dev2.Services.Execution\Dev2.Services.Execution.csproj : warning NU1701: Package 'TaskSchedulerEditor 2.10.1' was restored using '.NETFramework,Version=v4.6.1, .NETFramework,Version=v4.6.2, .NETFramework,Version=v4.7, .NETFramework,Version=v4.7.1, .NETFramework,Version=v4.7.2, .NETFramework,Version=v4.8, .NETFramework,Version=v4.8.1' instead of the project target framework 'net8.0'. This package may not be fully compatible with your project. [C:\Users\ultra\warewolf\Dev\Dev2.Runtime.WebServer.Tests\Dev2.Runtime.WebServer.Tests.csproj]
C:\Users\ultra\warewolf\Dev\Dev2.Common.Interfaces\Dev2.Common.Interfaces.csproj : warning NU1701: Package 'TaskSchedulerEditor 2.10.1' was restored using '.NETFramework,Version=v4.6.1, .NETFramework,Version=v4.6.2, .NETFramework,Version=v4.7, .NETFramework,Version=v4.7.1, .NETFramework,Version=v4.7.2, .NETFramework,Version=v4.8, .NETFramework,Version=v4.8.1' instead of the project target framework 'net8.0'. This package may not be fully compatible with your project. [C:\Users\ultra\warewolf\Dev\Dev2.Runtime.WebServer.Tests\Dev2.Runtime.WebServer.Tests.csproj]
C:\Users\ultra\warewolf\Dev\Dev2.Common\Dev2.Common.csproj : warning NU1903: Package 'Microsoft.Windows.Compatibility' 6.0.0 has a known high severity vulnerability, https://github.com/advisories/GHSA-555c-2p6r-68mm [C:\Users\ultra\warewolf\Dev\Dev2.Runtime.WebServer.Tests\Dev2.Runtime.WebServer.Tests.csproj]
C:\Users\ultra\warewolf\Dev\Dev2.Common\Dev2.Common.csproj : warning NU1701: Package 'AeroWizard 2.3.1' was restored using '.NETFramework,Version=v4.6.1, .NETFramework,Version=v4.6.2, .NETFramework,Version=v4.7, .NETFramework,Version=v4.7.1, .NETFramework,Version=v4.7.2, .NETFramework,Version=v4.8, .NETFramework,Version=v4.8.1' instead of the project target framework 'net8.0'. This package may not be fully compatible with your project. [C:\Users\ultra\warewolf\Dev\Dev2.Runtime.WebServer.Tests\Dev2.Runtime.WebServer.Tests.csproj]
C:\Users\ultra\warewolf\Dev\Dev2.Common\Dev2.Common.csproj : warning NU1701: Package 'GroupControls 1.9.0' was restored using '.NETFramework,Version=v4.6.1, .NETFramework,Version=v4.6.2, .NETFramework,Version=v4.7, .NETFramework,Version=v4.7.1, .NETFramework,Version=v4.7.2, .NETFramework,Version=v4.8, .NETFramework,Version=v4.8.1' instead of the project target framework 'net8.0'. This package may not be fully compatible with your project. [C:\Users\ultra\warewolf\Dev\Dev2.Runtime.WebServer.Tests\Dev2.Runtime.WebServer.Tests.csproj]
C:\Users\ultra\warewolf\Dev\Dev2.Common\Dev2.Common.csproj : warning NU1701: Package 'TaskSchedulerEditor 2.10.1' was restored using '.NETFramework,Version=v4.6.1, .NETFramework,Version=v4.6.2, .NETFramework,Version=v4.7, .NETFramework,Version=v4.7.1, .NETFramework,Version=v4.7.2, .NETFramework,Version=v4.8, .NETFramework,Version=v4.8.1' instead of the project target framework 'net8.0'. This package may not be fully compatible with your project. [C:\Users\ultra\warewolf\Dev\Dev2.Runtime.WebServer.Tests\Dev2.Runtime.WebServer.Tests.csproj]
C:\Users\ultra\warewolf\Dev\Warewolf.Studio.Core\Warewolf.Studio.Core.csproj : warning NU1701: Package 'AeroWizard 2.3.1' was restored using '.NETFramework,Version=v4.6.1, .NETFramework,Version=v4.6.2, .NETFramework,Version=v4.7, .NETFramework,Version=v4.7.1, .NETFramework,Version=v4.7.2, .NETFramework,Version=v4.8, .NETFramework,Version=v4.8.1' instead of the project target framework 'net8.0'. This package may not be fully compatible with your project. [C:\Users\ultra\warewolf\Dev\Dev2.Runtime.WebServer.Tests\Dev2.Runtime.WebServer.Tests.csproj]
C:\Users\ultra\warewolf\Dev\Warewolf.Studio.Core\Warewolf.Studio.Core.csproj : warning NU1701: Package 'GroupControls 1.9.0' was restored using '.NETFramework,Version=v4.6.1, .NETFramework,Version=v4.6.2, .NETFramework,Version=v4.7, .NETFramework,Version=v4.7.1, .NETFramework,Version=v4.7.2, .NETFramework,Version=v4.8, .NETFramework,Version=v4.8.1' instead of the project target framework 'net8.0'. This package may not be fully compatible with your project. [C:\Users\ultra\warewolf\Dev\Dev2.Runtime.WebServer.Tests\Dev2.Runtime.WebServer.Tests.csproj]
C:\Users\ultra\warewolf\Dev\Warewolf.Studio.Core\Warewolf.Studio.Core.csproj : warning NU1701: Package 'Microsoft.Xaml.Behaviors.Wpf 1.1.122' was restored using '.NETFramework,Version=v4.6.1, .NETFramework,Version=v4.6.2, .NETFramework,Version=v4.7, .NETFramework,Version=v4.7.1, .NETFramework,Version=v4.7.2, .NETFramework,Version=v4.8, .NETFramework,Version=v4.8.1' instead of the project target framework 'net8.0'. This package may not be fully compatible with your project. [C:\Users\ultra\warewolf\Dev\Dev2.Runtime.WebServer.Tests\Dev2.Runtime.WebServer.Tests.csproj]
C:\Users\ultra\warewolf\Dev\Warewolf.Studio.Core\Warewolf.Studio.Core.csproj : warning NU1701: Package 'Prism.Wpf 9.0.537' was restored using '.NETFramework,Version=v4.6.1, .NETFramework,Version=v4.6.2, .NETFramework,Version=v4.7, .NETFramework,Version=v4.7.1, .NETFramework,Version=v4.7.2, .NETFramework,Version=v4.8, .NETFramework,Version=v4.8.1' instead of the project target framework 'net8.0'. This package may not be fully compatible with your project. [C:\Users\ultra\warewolf\Dev\Dev2.Runtime.WebServer.Tests\Dev2.Runtime.WebServer.Tests.csproj]
C:\Users\ultra\warewolf\Dev\Warewolf.Studio.Core\Warewolf.Studio.Core.csproj : warning NU1701: Package 'ReactiveUI.WPF 18.4.1' was restored using '.NETFramework,Version=v4.6.1, .NETFramework,Version=v4.6.2, .NETFramework,Version=v4.7, .NETFramework,Version=v4.7.1, .NETFramework,Version=v4.7.2, .NETFramework,Version=v4.8, .NETFramework,Version=v4.8.1' instead of the project target framework 'net8.0'. This package may not be fully compatible with your project. [C:\Users\ultra\warewolf\Dev\Dev2.Runtime.WebServer.Tests\Dev2.Runtime.WebServer.Tests.csproj]
C:\Users\ultra\warewolf\Dev\Warewolf.Studio.Core\Warewolf.Studio.Core.csproj : warning NU1701: Package 'TaskSchedulerEditor 2.10.1' was restored using '.NETFramework,Version=v4.6.1, .NETFramework,Version=v4.6.2, .NETFramework,Version=v4.7, .NETFramework,Version=v4.7.1, .NETFramework,Version=v4.7.2, .NETFramework,Version=v4.8, .NETFramework,Version=v4.8.1' instead of the project target framework 'net8.0'. This package may not be fully compatible with your project. [C:\Users\ultra\warewolf\Dev\Dev2.Runtime.WebServer.Tests\Dev2.Runtime.WebServer.Tests.csproj]
C:\Users\ultra\warewolf\Dev\Dev2.Studio.Interfaces\Dev2.Studio.Interfaces.csproj : warning NU1701: Package 'AeroWizard 2.3.1' was restored using '.NETFramework,Version=v4.6.1, .NETFramework,Version=v4.6.2, .NETFramework,Version=v4.7, .NETFramework,Version=v4.7.1, .NETFramework,Version=v4.7.2, .NETFramework,Version=v4.8, .NETFramework,Version=v4.8.1' instead of the project target framework 'net8.0'. This package may not be fully compatible with your project. [C:\Users\ultra\warewolf\Dev\Dev2.Runtime.WebServer.Tests\Dev2.Runtime.WebServer.Tests.csproj]
C:\Users\ultra\warewolf\Dev\Dev2.Studio.Interfaces\Dev2.Studio.Interfaces.csproj : warning NU1701: Package 'GroupControls 1.9.0' was restored using '.NETFramework,Version=v4.6.1, .NETFramework,Version=v4.6.2, .NETFramework,Version=v4.7, .NETFramework,Version=v4.7.1, .NETFramework,Version=v4.7.2, .NETFramework,Version=v4.8, .NETFramework,Version=v4.8.1' instead of the project target framework 'net8.0'. This package may not be fully compatible with your project. [C:\Users\ultra\warewolf\Dev\Dev2.Runtime.WebServer.Tests\Dev2.Runtime.WebServer.Tests.csproj]
C:\Users\ultra\warewolf\Dev\Dev2.Studio.Interfaces\Dev2.Studio.Interfaces.csproj : warning NU1701: Package 'Microsoft.Xaml.Behaviors.Wpf 1.1.122' was restored using '.NETFramework,Version=v4.6.1, .NETFramework,Version=v4.6.2, .NETFramework,Version=v4.7, .NETFramework,Version=v4.7.1, .NETFramework,Version=v4.7.2, .NETFramework,Version=v4.8, .NETFramework,Version=v4.8.1' instead of the project target framework 'net8.0'. This package may not be fully compatible with your project. [C:\Users\ultra\warewolf\Dev\Dev2.Runtime.WebServer.Tests\Dev2.Runtime.WebServer.Tests.csproj]
C:\Users\ultra\warewolf\Dev\Dev2.Studio.Interfaces\Dev2.Studio.Interfaces.csproj : warning NU1701: Package 'Prism.Wpf 9.0.537' was restored using '.NETFramework,Version=v4.6.1, .NETFramework,Version=v4.6.2, .NETFramework,Version=v4.7, .NETFramework,Version=v4.7.1, .NETFramework,Version=v4.7.2, .NETFramework,Version=v4.8, .NETFramework,Version=v4.8.1' instead of the project target framework 'net8.0'. This package may not be fully compatible with your project. [C:\Users\ultra\warewolf\Dev\Dev2.Runtime.WebServer.Tests\Dev2.Runtime.WebServer.Tests.csproj]
C:\Users\ultra\warewolf\Dev\Dev2.Studio.Interfaces\Dev2.Studio.Interfaces.csproj : warning NU1701: Package 'ReactiveUI.WPF 18.4.1' was restored using '.NETFramework,Version=v4.6.1, .NETFramework,Version=v4.6.2, .NETFramework,Version=v4.7, .NETFramework,Version=v4.7.1, .NETFramework,Version=v4.7.2, .NETFramework,Version=v4.8, .NETFramework,Version=v4.8.1' instead of the project target framework 'net8.0'. This package may not be fully compatible with your project. [C:\Users\ultra\warewolf\Dev\Dev2.Runtime.WebServer.Tests\Dev2.Runtime.WebServer.Tests.csproj]
C:\Users\ultra\warewolf\Dev\Dev2.Studio.Interfaces\Dev2.Studio.Interfaces.csproj : warning NU1701: Package 'TaskSchedulerEditor 2.10.1' was restored using '.NETFramework,Version=v4.6.1, .NETFramework,Version=v4.6.2, .NETFramework,Version=v4.7, .NETFramework,Version=v4.7.1, .NETFramework,Version=v4.7.2, .NETFramework,Version=v4.8, .NETFramework,Version=v4.8.1' instead of the project target framework 'net8.0'. This package may not be fully compatible with your project. [C:\Users\ultra\warewolf\Dev\Dev2.Runtime.WebServer.Tests\Dev2.Runtime.WebServer.Tests.csproj]
C:\Users\ultra\warewolf\Dev\Dev2.Development.Languages\Dev2.Development.Languages.csproj : warning NU1701: Package 'AeroWizard 2.3.1' was restored using '.NETFramework,Version=v4.6.1, .NETFramework,Version=v4.6.2, .NETFramework,Version=v4.7, .NETFramework,Version=v4.7.1, .NETFramework,Version=v4.7.2, .NETFramework,Version=v4.8, .NETFramework,Version=v4.8.1' instead of the project target framework 'net8.0'. This package may not be fully compatible with your project. [C:\Users\ultra\warewolf\Dev\Dev2.Runtime.WebServer.Tests\Dev2.Runtime.WebServer.Tests.csproj]
C:\Users\ultra\warewolf\Dev\Dev2.Development.Languages\Dev2.Development.Languages.csproj : warning NU1701: Package 'GroupControls 1.9.0' was restored using '.NETFramework,Version=v4.6.1, .NETFramework,Version=v4.6.2, .NETFramework,Version=v4.7, .NETFramework,Version=v4.7.1, .NETFramework,Version=v4.7.2, .NETFramework,Version=v4.8, .NETFramework,Version=v4.8.1' instead of the project target framework 'net8.0'. This package may not be fully compatible with your project. [C:\Users\ultra\warewolf\Dev\Dev2.Runtime.WebServer.Tests\Dev2.Runtime.WebServer.Tests.csproj]
C:\Users\ultra\warewolf\Dev\Dev2.Development.Languages\Dev2.Development.Languages.csproj : warning NU1701: Package 'TaskSchedulerEditor 2.10.1' was restored using '.NETFramework,Version=v4.6.1, .NETFramework,Version=v4.6.2, .NETFramework,Version=v4.7, .NETFramework,Version=v4.7.1, .NETFramework,Version=v4.7.2, .NETFramework,Version=v4.8, .NETFramework,Version=v4.8.1' instead of the project target framework 'net8.0'. This package may not be fully compatible with your project. [C:\Users\ultra\warewolf\Dev\Dev2.Runtime.WebServer.Tests\Dev2.Runtime.WebServer.Tests.csproj]
C:\Users\ultra\warewolf\Dev\Dev2.Core\Dev2.Core.csproj : warning NU1903: Package 'Microsoft.Windows.Compatibility' 6.0.0 has a known high severity vulnerability, https://github.com/advisories/GHSA-555c-2p6r-68mm [C:\Users\ultra\warewolf\Dev\Dev2.Runtime.WebServer.Tests\Dev2.Runtime.WebServer.Tests.csproj]
C:\Users\ultra\warewolf\Dev\Dev2.Core\Dev2.Core.csproj : warning NU1701: Package 'AeroWizard 2.3.1' was restored using '.NETFramework,Version=v4.6.1, .NETFramework,Version=v4.6.2, .NETFramework,Version=v4.7, .NETFramework,Version=v4.7.1, .NETFramework,Version=v4.7.2, .NETFramework,Version=v4.8, .NETFramework,Version=v4.8.1' instead of the project target framework 'net8.0'. This package may not be fully compatible with your project. [C:\Users\ultra\warewolf\Dev\Dev2.Runtime.WebServer.Tests\Dev2.Runtime.WebServer.Tests.csproj]
C:\Users\ultra\warewolf\Dev\Dev2.Core\Dev2.Core.csproj : warning NU1701: Package 'GroupControls 1.9.0' was restored using '.NETFramework,Version=v4.6.1, .NETFramework,Version=v4.6.2, .NETFramework,Version=v4.7, .NETFramework,Version=v4.7.1, .NETFramework,Version=v4.7.2, .NETFramework,Version=v4.8, .NETFramework,Version=v4.8.1' instead of the project target framework 'net8.0'. This package may not be fully compatible with your project. [C:\Users\ultra\warewolf\Dev\Dev2.Runtime.WebServer.Tests\Dev2.Runtime.WebServer.Tests.csproj]
C:\Users\ultra\warewolf\Dev\Dev2.Core\Dev2.Core.csproj : warning NU1701: Package 'ReactiveUI.WPF 18.4.1' was restored using '.NETFramework,Version=v4.6.1, .NETFramework,Version=v4.6.2, .NETFramework,Version=v4.7, .NETFramework,Version=v4.7.1, .NETFramework,Version=v4.7.2, .NETFramework,Version=v4.8, .NETFramework,Version=v4.8.1' instead of the project target framework 'net8.0'. This package may not be fully compatible with your project. [C:\Users\ultra\warewolf\Dev\Dev2.Runtime.WebServer.Tests\Dev2.Runtime.WebServer.Tests.csproj]
C:\Users\ultra\warewolf\Dev\Dev2.Core\Dev2.Core.csproj : warning NU1701: Package 'TaskSchedulerEditor 2.10.1' was restored using '.NETFramework,Version=v4.6.1, .NETFramework,Version=v4.6.2, .NETFramework,Version=v4.7, .NETFramework,Version=v4.7.1, .NETFramework,Version=v4.7.2, .NETFramework,Version=v4.8, .NETFramework,Version=v4.8.1' instead of the project target framework 'net8.0'. This package may not be fully compatible with your project. [C:\Users\ultra\warewolf\Dev\Dev2.Runtime.WebServer.Tests\Dev2.Runtime.WebServer.Tests.csproj]
C:\Users\ultra\warewolf\Dev\Dev2.Studio.Core\Dev2.Studio.Core.csproj : warning NU1701: Package 'AeroWizard 2.3.1' was restored using '.NETFramework,Version=v4.6.1, .NETFramework,Version=v4.6.2, .NETFramework,Version=v4.7, .NETFramework,Version=v4.7.1, .NETFramework,Version=v4.7.2, .NETFramework,Version=v4.8, .NETFramework,Version=v4.8.1' instead of the project target framework 'net8.0'. This package may not be fully compatible with your project. [C:\Users\ultra\warewolf\Dev\Dev2.Runtime.WebServer.Tests\Dev2.Runtime.WebServer.Tests.csproj]
C:\Users\ultra\warewolf\Dev\Dev2.Studio.Core\Dev2.Studio.Core.csproj : warning NU1701: Package 'GroupControls 1.9.0' was restored using '.NETFramework,Version=v4.6.1, .NETFramework,Version=v4.6.2, .NETFramework,Version=v4.7, .NETFramework,Version=v4.7.1, .NETFramework,Version=v4.7.2, .NETFramework,Version=v4.8, .NETFramework,Version=v4.8.1' instead of the project target framework 'net8.0'. This package may not be fully compatible with your project. [C:\Users\ultra\warewolf\Dev\Dev2.Runtime.WebServer.Tests\Dev2.Runtime.WebServer.Tests.csproj]
C:\Users\ultra\warewolf\Dev\Dev2.Studio.Core\Dev2.Studio.Core.csproj : warning NU1701: Package 'Microsoft.Xaml.Behaviors.Wpf 1.1.122' was restored using '.NETFramework,Version=v4.6.1, .NETFramework,Version=v4.6.2, .NETFramework,Version=v4.7, .NETFramework,Version=v4.7.1, .NETFramework,Version=v4.7.2, .NETFramework,Version=v4.8, .NETFramework,Version=v4.8.1' instead of the project target framework 'net8.0'. This package may not be fully compatible with your project. [C:\Users\ultra\warewolf\Dev\Dev2.Runtime.WebServer.Tests\Dev2.Runtime.WebServer.Tests.csproj]
C:\Users\ultra\warewolf\Dev\Dev2.Studio.Core\Dev2.Studio.Core.csproj : warning NU1701: Package 'Prism.Wpf 9.0.537' was restored using '.NETFramework,Version=v4.6.1, .NETFramework,Version=v4.6.2, .NETFramework,Version=v4.7, .NETFramework,Version=v4.7.1, .NETFramework,Version=v4.7.2, .NETFramework,Version=v4.8, .NETFramework,Version=v4.8.1' instead of the project target framework 'net8.0'. This package may not be fully compatible with your project. [C:\Users\ultra\warewolf\Dev\Dev2.Runtime.WebServer.Tests\Dev2.Runtime.WebServer.Tests.csproj]
C:\Users\ultra\warewolf\Dev\Dev2.Studio.Core\Dev2.Studio.Core.csproj : warning NU1701: Package 'ReactiveUI.WPF 18.4.1' was restored using '.NETFramework,Version=v4.6.1, .NETFramework,Version=v4.6.2, .NETFramework,Version=v4.7, .NETFramework,Version=v4.7.1, .NETFramework,Version=v4.7.2, .NETFramework,Version=v4.8, .NETFramework,Version=v4.8.1' instead of the project target framework 'net8.0'. This package may not be fully compatible with your project. [C:\Users\ultra\warewolf\Dev\Dev2.Runtime.WebServer.Tests\Dev2.Runtime.WebServer.Tests.csproj]
C:\Users\ultra\warewolf\Dev\Dev2.Studio.Core\Dev2.Studio.Core.csproj : warning NU1701: Package 'TaskSchedulerEditor 2.10.1' was restored using '.NETFramework,Version=v4.6.1, .NETFramework,Version=v4.6.2, .NETFramework,Version=v4.7, .NETFramework,Version=v4.7.1, .NETFramework,Version=v4.7.2, .NETFramework,Version=v4.8, .NETFramework,Version=v4.8.1' instead of the project target framework 'net8.0'. This package may not be fully compatible with your project. [C:\Users\ultra\warewolf\Dev\Dev2.Runtime.WebServer.Tests\Dev2.Runtime.WebServer.Tests.csproj]
C:\Users\ultra\warewolf\Dev\Dev2.TaskScheduler.Wrappers\Dev2.TaskScheduler.Wrappers.csproj : warning NU1701: Package 'AeroWizard 2.3.1' was restored using '.NETFramework,Version=v4.6.1, .NETFramework,Version=v4.6.2, .NETFramework,Version=v4.7, .NETFramework,Version=v4.7.1, .NETFramework,Version=v4.7.2, .NETFramework,Version=v4.8, .NETFramework,Version=v4.8.1' instead of the project target framework 'net8.0'. This package may not be fully compatible with your project. [C:\Users\ultra\warewolf\Dev\Dev2.Runtime.WebServer.Tests\Dev2.Runtime.WebServer.Tests.csproj]
C:\Users\ultra\warewolf\Dev\Dev2.TaskScheduler.Wrappers\Dev2.TaskScheduler.Wrappers.csproj : warning NU1701: Package 'GroupControls 1.9.0' was restored using '.NETFramework,Version=v4.6.1, .NETFramework,Version=v4.6.2, .NETFramework,Version=v4.7, .NETFramework,Version=v4.7.1, .NETFramework,Version=v4.7.2, .NETFramework,Version=v4.8, .NETFramework,Version=v4.8.1' instead of the project target framework 'net8.0'. This package may not be fully compatible with your project. [C:\Users\ultra\warewolf\Dev\Dev2.Runtime.WebServer.Tests\Dev2.Runtime.WebServer.Tests.csproj]
C:\Users\ultra\warewolf\Dev\Dev2.TaskScheduler.Wrappers\Dev2.TaskScheduler.Wrappers.csproj : warning NU1701: Package 'TaskSchedulerEditor 2.10.1' was restored using '.NETFramework,Version=v4.6.1, .NETFramework,Version=v4.6.2, .NETFramework,Version=v4.7, .NETFramework,Version=v4.7.1, .NETFramework,Version=v4.7.2, .NETFramework,Version=v4.8, .NETFramework,Version=v4.8.1' instead of the project target framework 'net8.0'. This package may not be fully compatible with your project. [C:\Users\ultra\warewolf\Dev\Dev2.Runtime.WebServer.Tests\Dev2.Runtime.WebServer.Tests.csproj]
C:\Users\ultra\warewolf\Dev\Warewolf.Auditing\Warewolf.Auditing.csproj : warning NU1701: Package 'AeroWizard 2.3.1' was restored using '.NETFramework,Version=v4.6.1, .NETFramework,Version=v4.6.2, .NETFramework,Version=v4.7, .NETFramework,Version=v4.7.1, .NETFramework,Version=v4.7.2, .NETFramework,Version=v4.8, .NETFramework,Version=v4.8.1' instead of the project target framework 'net8.0'. This package may not be fully compatible with your project. [C:\Users\ultra\warewolf\Dev\Dev2.Runtime.WebServer.Tests\Dev2.Runtime.WebServer.Tests.csproj]
C:\Users\ultra\warewolf\Dev\Warewolf.Auditing\Warewolf.Auditing.csproj : warning NU1701: Package 'GroupControls 1.9.0' was restored using '.NETFramework,Version=v4.6.1, .NETFramework,Version=v4.6.2, .NETFramework,Version=v4.7, .NETFramework,Version=v4.7.1, .NETFramework,Version=v4.7.2, .NETFramework,Version=v4.8, .NETFramework,Version=v4.8.1' instead of the project target framework 'net8.0'. This package may not be fully compatible with your project. [C:\Users\ultra\warewolf\Dev\Dev2.Runtime.WebServer.Tests\Dev2.Runtime.WebServer.Tests.csproj]
C:\Users\ultra\warewolf\Dev\Warewolf.Auditing\Warewolf.Auditing.csproj : warning NU1701: Package 'ReactiveUI.WPF 18.4.1' was restored using '.NETFramework,Version=v4.6.1, .NETFramework,Version=v4.6.2, .NETFramework,Version=v4.7, .NETFramework,Version=v4.7.1, .NETFramework,Version=v4.7.2, .NETFramework,Version=v4.8, .NETFramework,Version=v4.8.1' instead of the project target framework 'net8.0'. This package may not be fully compatible with your project. [C:\Users\ultra\warewolf\Dev\Dev2.Runtime.WebServer.Tests\Dev2.Runtime.WebServer.Tests.csproj]
C:\Users\ultra\warewolf\Dev\Warewolf.Auditing\Warewolf.Auditing.csproj : warning NU1701: Package 'TaskSchedulerEditor 2.10.1' was restored using '.NETFramework,Version=v4.6.1, .NETFramework,Version=v4.6.2, .NETFramework,Version=v4.7, .NETFramework,Version=v4.7.1, .NETFramework,Version=v4.7.2, .NETFramework,Version=v4.8, .NETFramework,Version=v4.8.1' instead of the project target framework 'net8.0'. This package may not be fully compatible with your project. [C:\Users\ultra\warewolf\Dev\Dev2.Runtime.WebServer.Tests\Dev2.Runtime.WebServer.Tests.csproj]
C:\Users\ultra\warewolf\Dev\Warewolf.Driver.Serilog\Warewolf.Driver.Serilog.csproj : warning NU1701: Package 'AeroWizard 2.3.1' was restored using '.NETFramework,Version=v4.6.1, .NETFramework,Version=v4.6.2, .NETFramework,Version=v4.7, .NETFramework,Version=v4.7.1, .NETFramework,Version=v4.7.2, .NETFramework,Version=v4.8, .NETFramework,Version=v4.8.1' instead of the project target framework 'net8.0'. This package may not be fully compatible with your project. [C:\Users\ultra\warewolf\Dev\Dev2.Runtime.WebServer.Tests\Dev2.Runtime.WebServer.Tests.csproj]
C:\Users\ultra\warewolf\Dev\Warewolf.Driver.Serilog\Warewolf.Driver.Serilog.csproj : warning NU1701: Package 'GroupControls 1.9.0' was restored using '.NETFramework,Version=v4.6.1, .NETFramework,Version=v4.6.2, .NETFramework,Version=v4.7, .NETFramework,Version=v4.7.1, .NETFramework,Version=v4.7.2, .NETFramework,Version=v4.8, .NETFramework,Version=v4.8.1' instead of the project target framework 'net8.0'. This package may not be fully compatible with your project. [C:\Users\ultra\warewolf\Dev\Dev2.Runtime.WebServer.Tests\Dev2.Runtime.WebServer.Tests.csproj]
C:\Users\ultra\warewolf\Dev\Warewolf.Driver.Serilog\Warewolf.Driver.Serilog.csproj : warning NU1701: Package 'ReactiveUI.WPF 18.4.1' was restored using '.NETFramework,Version=v4.6.1, .NETFramework,Version=v4.6.2, .NETFramework,Version=v4.7, .NETFramework,Version=v4.7.1, .NETFramework,Version=v4.7.2, .NETFramework,Version=v4.8, .NETFramework,Version=v4.8.1' instead of the project target framework 'net8.0'. This package may not be fully compatible with your project. [C:\Users\ultra\warewolf\Dev\Dev2.Runtime.WebServer.Tests\Dev2.Runtime.WebServer.Tests.csproj]
C:\Users\ultra\warewolf\Dev\Warewolf.Driver.Serilog\Warewolf.Driver.Serilog.csproj : warning NU1701: Package 'TaskSchedulerEditor 2.10.1' was restored using '.NETFramework,Version=v4.6.1, .NETFramework,Version=v4.6.2, .NETFramework,Version=v4.7, .NETFramework,Version=v4.7.1, .NETFramework,Version=v4.7.2, .NETFramework,Version=v4.8, .NETFramework,Version=v4.8.1' instead of the project target framework 'net8.0'. This package may not be fully compatible with your project. [C:\Users\ultra\warewolf\Dev\Dev2.Runtime.WebServer.Tests\Dev2.Runtime.WebServer.Tests.csproj]
C:\Users\ultra\warewolf\Dev\Warewolf.Licensing\Warewolf.Licensing.csproj : warning NU1701: Package 'AeroWizard 2.3.1' was restored using '.NETFramework,Version=v4.6.1, .NETFramework,Version=v4.6.2, .NETFramework,Version=v4.7, .NETFramework,Version=v4.7.1, .NETFramework,Version=v4.7.2, .NETFramework,Version=v4.8, .NETFramework,Version=v4.8.1' instead of the project target framework 'net8.0'. This package may not be fully compatible with your project. [C:\Users\ultra\warewolf\Dev\Dev2.Runtime.WebServer.Tests\Dev2.Runtime.WebServer.Tests.csproj]
C:\Users\ultra\warewolf\Dev\Warewolf.Licensing\Warewolf.Licensing.csproj : warning NU1701: Package 'GroupControls 1.9.0' was restored using '.NETFramework,Version=v4.6.1, .NETFramework,Version=v4.6.2, .NETFramework,Version=v4.7, .NETFramework,Version=v4.7.1, .NETFramework,Version=v4.7.2, .NETFramework,Version=v4.8, .NETFramework,Version=v4.8.1' instead of the project target framework 'net8.0'. This package may not be fully compatible with your project. [C:\Users\ultra\warewolf\Dev\Dev2.Runtime.WebServer.Tests\Dev2.Runtime.WebServer.Tests.csproj]
C:\Users\ultra\warewolf\Dev\Warewolf.Licensing\Warewolf.Licensing.csproj : warning NU1701: Package 'TaskSchedulerEditor 2.10.1' was restored using '.NETFramework,Version=v4.6.1, .NETFramework,Version=v4.6.2, .NETFramework,Version=v4.7, .NETFramework,Version=v4.7.1, .NETFramework,Version=v4.7.2, .NETFramework,Version=v4.8, .NETFramework,Version=v4.8.1' instead of the project target framework 'net8.0'. This package may not be fully compatible with your project. [C:\Users\ultra\warewolf\Dev\Dev2.Runtime.WebServer.Tests\Dev2.Runtime.WebServer.Tests.csproj]
C:\Users\ultra\warewolf\Dev\Warewolf.Exchange.Email.Wrapper\Warewolf.Exchange.Email.Wrapper.csproj : warning NU1701: Package 'AeroWizard 2.3.1' was restored using '.NETFramework,Version=v4.6.1, .NETFramework,Version=v4.6.2, .NETFramework,Version=v4.7, .NETFramework,Version=v4.7.1, .NETFramework,Version=v4.7.2, .NETFramework,Version=v4.8, .NETFramework,Version=v4.8.1' instead of the project target framework 'net8.0'. This package may not be fully compatible with your project. [C:\Users\ultra\warewolf\Dev\Dev2.Runtime.WebServer.Tests\Dev2.Runtime.WebServer.Tests.csproj]
C:\Users\ultra\warewolf\Dev\Warewolf.Exchange.Email.Wrapper\Warewolf.Exchange.Email.Wrapper.csproj : warning NU1701: Package 'GroupControls 1.9.0' was restored using '.NETFramework,Version=v4.6.1, .NETFramework,Version=v4.6.2, .NETFramework,Version=v4.7, .NETFramework,Version=v4.7.1, .NETFramework,Version=v4.7.2, .NETFramework,Version=v4.8, .NETFramework,Version=v4.8.1' instead of the project target framework 'net8.0'. This package may not be fully compatible with your project. [C:\Users\ultra\warewolf\Dev\Dev2.Runtime.WebServer.Tests\Dev2.Runtime.WebServer.Tests.csproj]
C:\Users\ultra\warewolf\Dev\Warewolf.Exchange.Email.Wrapper\Warewolf.Exchange.Email.Wrapper.csproj : warning NU1701: Package 'ReactiveUI.WPF 18.4.1' was restored using '.NETFramework,Version=v4.6.1, .NETFramework,Version=v4.6.2, .NETFramework,Version=v4.7, .NETFramework,Version=v4.7.1, .NETFramework,Version=v4.7.2, .NETFramework,Version=v4.8, .NETFramework,Version=v4.8.1' instead of the project target framework 'net8.0'. This package may not be fully compatible with your project. [C:\Users\ultra\warewolf\Dev\Dev2.Runtime.WebServer.Tests\Dev2.Runtime.WebServer.Tests.csproj]
C:\Users\ultra\warewolf\Dev\Warewolf.Exchange.Email.Wrapper\Warewolf.Exchange.Email.Wrapper.csproj : warning NU1701: Package 'TaskSchedulerEditor 2.10.1' was restored using '.NETFramework,Version=v4.6.1, .NETFramework,Version=v4.6.2, .NETFramework,Version=v4.7, .NETFramework,Version=v4.7.1, .NETFramework,Version=v4.7.2, .NETFramework,Version=v4.8, .NETFramework,Version=v4.8.1' instead of the project target framework 'net8.0'. This package may not be fully compatible with your project. [C:\Users\ultra\warewolf\Dev\Dev2.Runtime.WebServer.Tests\Dev2.Runtime.WebServer.Tests.csproj]
C:\Users\ultra\warewolf\Dev\Dev2.Activities\Dev2.Activities.csproj : warning NU1903: Package 'Microsoft.Windows.Compatibility' 6.0.0 has a known high severity vulnerability, https://github.com/advisories/GHSA-555c-2p6r-68mm [C:\Users\ultra\warewolf\Dev\Dev2.Runtime.WebServer.Tests\Dev2.Runtime.WebServer.Tests.csproj]
C:\Users\ultra\warewolf\Dev\Warewolf.Testing\Warewolf.Testing.csproj : warning NU1701: Package 'AeroWizard 2.3.1' was restored using '.NETFramework,Version=v4.6.1, .NETFramework,Version=v4.6.2, .NETFramework,Version=v4.7, .NETFramework,Version=v4.7.1, .NETFramework,Version=v4.7.2, .NETFramework,Version=v4.8, .NETFramework,Version=v4.8.1' instead of the project target framework 'net8.0'. This package may not be fully compatible with your project. [C:\Users\ultra\warewolf\Dev\Dev2.Runtime.WebServer.Tests\Dev2.Runtime.WebServer.Tests.csproj]
C:\Users\ultra\warewolf\Dev\Dev2.Activities\Dev2.Activities.csproj : warning NU1701: Package 'AeroWizard 2.3.1' was restored using '.NETFramework,Version=v4.6.1, .NETFramework,Version=v4.6.2, .NETFramework,Version=v4.7, .NETFramework,Version=v4.7.1, .NETFramework,Version=v4.7.2, .NETFramework,Version=v4.8, .NETFramework,Version=v4.8.1' instead of the project target framework 'net8.0'. This package may not be fully compatible with your project. [C:\Users\ultra\warewolf\Dev\Dev2.Runtime.WebServer.Tests\Dev2.Runtime.WebServer.Tests.csproj]
C:\Users\ultra\warewolf\Dev\Warewolf.Testing\Warewolf.Testing.csproj : warning NU1701: Package 'GroupControls 1.9.0' was restored using '.NETFramework,Version=v4.6.1, .NETFramework,Version=v4.6.2, .NETFramework,Version=v4.7, .NETFramework,Version=v4.7.1, .NETFramework,Version=v4.7.2, .NETFramework,Version=v4.8, .NETFramework,Version=v4.8.1' instead of the project target framework 'net8.0'. This package may not be fully compatible with your project. [C:\Users\ultra\warewolf\Dev\Dev2.Runtime.WebServer.Tests\Dev2.Runtime.WebServer.Tests.csproj]
C:\Users\ultra\warewolf\Dev\Dev2.Activities\Dev2.Activities.csproj : warning NU1701: Package 'GroupControls 1.9.0' was restored using '.NETFramework,Version=v4.6.1, .NETFramework,Version=v4.6.2, .NETFramework,Version=v4.7, .NETFramework,Version=v4.7.1, .NETFramework,Version=v4.7.2, .NETFramework,Version=v4.8, .NETFramework,Version=v4.8.1' instead of the project target framework 'net8.0'. This package may not be fully compatible with your project. [C:\Users\ultra\warewolf\Dev\Dev2.Runtime.WebServer.Tests\Dev2.Runtime.WebServer.Tests.csproj]
C:\Users\ultra\warewolf\Dev\Warewolf.Testing\Warewolf.Testing.csproj : warning NU1701: Package 'Microsoft.Xaml.Behaviors.Wpf 1.1.122' was restored using '.NETFramework,Version=v4.6.1, .NETFramework,Version=v4.6.2, .NETFramework,Version=v4.7, .NETFramework,Version=v4.7.1, .NETFramework,Version=v4.7.2, .NETFramework,Version=v4.8, .NETFramework,Version=v4.8.1' instead of the project target framework 'net8.0'. This package may not be fully compatible with your project. [C:\Users\ultra\warewolf\Dev\Dev2.Runtime.WebServer.Tests\Dev2.Runtime.WebServer.Tests.csproj]
C:\Users\ultra\warewolf\Dev\Dev2.Activities\Dev2.Activities.csproj : warning NU1701: Package 'ReactiveUI.WPF 18.4.1' was restored using '.NETFramework,Version=v4.6.1, .NETFramework,Version=v4.6.2, .NETFramework,Version=v4.7, .NETFramework,Version=v4.7.1, .NETFramework,Version=v4.7.2, .NETFramework,Version=v4.8, .NETFramework,Version=v4.8.1' instead of the project target framework 'net8.0'. This package may not be fully compatible with your project. [C:\Users\ultra\warewolf\Dev\Dev2.Runtime.WebServer.Tests\Dev2.Runtime.WebServer.Tests.csproj]
C:\Users\ultra\warewolf\Dev\Warewolf.Testing\Warewolf.Testing.csproj : warning NU1701: Package 'Prism.Wpf 9.0.537' was restored using '.NETFramework,Version=v4.6.1, .NETFramework,Version=v4.6.2, .NETFramework,Version=v4.7, .NETFramework,Version=v4.7.1, .NETFramework,Version=v4.7.2, .NETFramework,Version=v4.8, .NETFramework,Version=v4.8.1' instead of the project target framework 'net8.0'. This package may not be fully compatible with your project. [C:\Users\ultra\warewolf\Dev\Dev2.Runtime.WebServer.Tests\Dev2.Runtime.WebServer.Tests.csproj]
C:\Users\ultra\warewolf\Dev\Dev2.Activities\Dev2.Activities.csproj : warning NU1701: Package 'TaskSchedulerEditor 2.10.1' was restored using '.NETFramework,Version=v4.6.1, .NETFramework,Version=v4.6.2, .NETFramework,Version=v4.7, .NETFramework,Version=v4.7.1, .NETFramework,Version=v4.7.2, .NETFramework,Version=v4.8, .NETFramework,Version=v4.8.1' instead of the project target framework 'net8.0'. This package may not be fully compatible with your project. [C:\Users\ultra\warewolf\Dev\Dev2.Runtime.WebServer.Tests\Dev2.Runtime.WebServer.Tests.csproj]
C:\Users\ultra\warewolf\Dev\Warewolf.Testing\Warewolf.Testing.csproj : warning NU1701: Package 'ReactiveUI.WPF 18.4.1' was restored using '.NETFramework,Version=v4.6.1, .NETFramework,Version=v4.6.2, .NETFramework,Version=v4.7, .NETFramework,Version=v4.7.1, .NETFramework,Version=v4.7.2, .NETFramework,Version=v4.8, .NETFramework,Version=v4.8.1' instead of the project target framework 'net8.0'. This package may not be fully compatible with your project. [C:\Users\ultra\warewolf\Dev\Dev2.Runtime.WebServer.Tests\Dev2.Runtime.WebServer.Tests.csproj]
C:\Users\ultra\warewolf\Dev\Warewolf.Testing\Warewolf.Testing.csproj : warning NU1701: Package 'TaskSchedulerEditor 2.10.1' was restored using '.NETFramework,Version=v4.6.1, .NETFramework,Version=v4.6.2, .NETFramework,Version=v4.7, .NETFramework,Version=v4.7.1, .NETFramework,Version=v4.7.2, .NETFramework,Version=v4.8, .NETFramework,Version=v4.8.1' instead of the project target framework 'net8.0'. This package may not be fully compatible with your project. [C:\Users\ultra\warewolf\Dev\Dev2.Runtime.WebServer.Tests\Dev2.Runtime.WebServer.Tests.csproj]
C:\Users\ultra\warewolf\Dev\Warewolf.Common.Framework48\Warewolf.Common.Framework48.csproj : warning NU1902: Package 'System.IdentityModel.Tokens.Jwt' 5.1.0 has a known moderate severity vulnerability, https://github.com/advisories/GHSA-59j7-ghrg-fj52 [C:\Users\ultra\warewolf\Dev\Dev2.Runtime.WebServer.Tests\Dev2.Runtime.WebServer.Tests.csproj]
C:\Users\ultra\warewolf\Dev\Warewolf.Common.Framework48\Warewolf.Common.Framework48.csproj : warning NU1701: Package 'AeroWizard 2.3.1' was restored using '.NETFramework,Version=v4.6.1, .NETFramework,Version=v4.6.2, .NETFramework,Version=v4.7, .NETFramework,Version=v4.7.1, .NETFramework,Version=v4.7.2, .NETFramework,Version=v4.8, .NETFramework,Version=v4.8.1' instead of the project target framework 'net8.0'. This package may not be fully compatible with your project. [C:\Users\ultra\warewolf\Dev\Dev2.Runtime.WebServer.Tests\Dev2.Runtime.WebServer.Tests.csproj]
C:\Users\ultra\warewolf\Dev\Warewolf.Common.Framework48\Warewolf.Common.Framework48.csproj : warning NU1701: Package 'GroupControls 1.9.0' was restored using '.NETFramework,Version=v4.6.1, .NETFramework,Version=v4.6.2, .NETFramework,Version=v4.7, .NETFramework,Version=v4.7.1, .NETFramework,Version=v4.7.2, .NETFramework,Version=v4.8, .NETFramework,Version=v4.8.1' instead of the project target framework 'net8.0'. This package may not be fully compatible with your project. [C:\Users\ultra\warewolf\Dev\Dev2.Runtime.WebServer.Tests\Dev2.Runtime.WebServer.Tests.csproj]
C:\Users\ultra\warewolf\Dev\Warewolf.Common.Framework48\Warewolf.Common.Framework48.csproj : warning NU1701: Package 'Microsoft.Xaml.Behaviors.Wpf 1.1.122' was restored using '.NETFramework,Version=v4.6.1, .NETFramework,Version=v4.6.2, .NETFramework,Version=v4.7, .NETFramework,Version=v4.7.1, .NETFramework,Version=v4.7.2, .NETFramework,Version=v4.8, .NETFramework,Version=v4.8.1' instead of the project target framework 'net8.0'. This package may not be fully compatible with your project. [C:\Users\ultra\warewolf\Dev\Dev2.Runtime.WebServer.Tests\Dev2.Runtime.WebServer.Tests.csproj]
C:\Users\ultra\warewolf\Dev\Warewolf.Common.Framework48\Warewolf.Common.Framework48.csproj : warning NU1701: Package 'Prism.Wpf 9.0.537' was restored using '.NETFramework,Version=v4.6.1, .NETFramework,Version=v4.6.2, .NETFramework,Version=v4.7, .NETFramework,Version=v4.7.1, .NETFramework,Version=v4.7.2, .NETFramework,Version=v4.8, .NETFramework,Version=v4.8.1' instead of the project target framework 'net8.0'. This package may not be fully compatible with your project. [C:\Users\ultra\warewolf\Dev\Dev2.Runtime.WebServer.Tests\Dev2.Runtime.WebServer.Tests.csproj]
C:\Users\ultra\warewolf\Dev\Warewolf.Common.Framework48\Warewolf.Common.Framework48.csproj : warning NU1701: Package 'ReactiveUI.WPF 18.4.1' was restored using '.NETFramework,Version=v4.6.1, .NETFramework,Version=v4.6.2, .NETFramework,Version=v4.7, .NETFramework,Version=v4.7.1, .NETFramework,Version=v4.7.2, .NETFramework,Version=v4.8, .NETFramework,Version=v4.8.1' instead of the project target framework 'net8.0'. This package may not be fully compatible with your project. [C:\Users\ultra\warewolf\Dev\Dev2.Runtime.WebServer.Tests\Dev2.Runtime.WebServer.Tests.csproj]
C:\Users\ultra\warewolf\Dev\Warewolf.Common.Framework48\Warewolf.Common.Framework48.csproj : warning NU1701: Package 'TaskSchedulerEditor 2.10.1' was restored using '.NETFramework,Version=v4.6.1, .NETFramework,Version=v4.6.2, .NETFramework,Version=v4.7, .NETFramework,Version=v4.7.1, .NETFramework,Version=v4.7.2, .NETFramework,Version=v4.8, .NETFramework,Version=v4.8.1' instead of the project target framework 'net8.0'. This package may not be fully compatible with your project. [C:\Users\ultra\warewolf\Dev\Dev2.Runtime.WebServer.Tests\Dev2.Runtime.WebServer.Tests.csproj]
C:\Users\ultra\warewolf\Dev\Warewolf.AI.Harness\Warewolf.AI.Harness.csproj : warning NU1701: Package 'AeroWizard 2.3.1' was restored using '.NETFramework,Version=v4.6.1, .NETFramework,Version=v4.6.2, .NETFramework,Version=v4.7, .NETFramework,Version=v4.7.1, .NETFramework,Version=v4.7.2, .NETFramework,Version=v4.8, .NETFramework,Version=v4.8.1' instead of the project target framework 'net8.0'. This package may not be fully compatible with your project. [C:\Users\ultra\warewolf\Dev\Dev2.Runtime.WebServer.Tests\Dev2.Runtime.WebServer.Tests.csproj]
C:\Users\ultra\warewolf\Dev\Warewolf.AI.Harness\Warewolf.AI.Harness.csproj : warning NU1701: Package 'GroupControls 1.9.0' was restored using '.NETFramework,Version=v4.6.1, .NETFramework,Version=v4.6.2, .NETFramework,Version=v4.7, .NETFramework,Version=v4.7.1, .NETFramework,Version=v4.7.2, .NETFramework,Version=v4.8, .NETFramework,Version=v4.8.1' instead of the project target framework 'net8.0'. This package may not be fully compatible with your project. [C:\Users\ultra\warewolf\Dev\Dev2.Runtime.WebServer.Tests\Dev2.Runtime.WebServer.Tests.csproj]
C:\Users\ultra\warewolf\Dev\Warewolf.AI.Harness\Warewolf.AI.Harness.csproj : warning NU1701: Package 'TaskSchedulerEditor 2.10.1' was restored using '.NETFramework,Version=v4.6.1, .NETFramework,Version=v4.6.2, .NETFramework,Version=v4.7, .NETFramework,Version=v4.7.1, .NETFramework,Version=v4.7.2, .NETFramework,Version=v4.8, .NETFramework,Version=v4.8.1' instead of the project target framework 'net8.0'. This package may not be fully compatible with your project. [C:\Users\ultra\warewolf\Dev\Dev2.Runtime.WebServer.Tests\Dev2.Runtime.WebServer.Tests.csproj]
C:\Users\ultra\warewolf\Dev\Dev2.Util\Dev2.Util.csproj : warning NU1903: Package 'Microsoft.Windows.Compatibility' 6.0.0 has a known high severity vulnerability, https://github.com/advisories/GHSA-555c-2p6r-68mm [C:\Users\ultra\warewolf\Dev\Dev2.Runtime.WebServer.Tests\Dev2.Runtime.WebServer.Tests.csproj]
C:\Users\ultra\warewolf\Dev\Dev2.Util\Dev2.Util.csproj : warning NU1701: Package 'AeroWizard 2.3.1' was restored using '.NETFramework,Version=v4.6.1, .NETFramework,Version=v4.6.2, .NETFramework,Version=v4.7, .NETFramework,Version=v4.7.1, .NETFramework,Version=v4.7.2, .NETFramework,Version=v4.8, .NETFramework,Version=v4.8.1' instead of the project target framework 'net8.0'. This package may not be fully compatible with your project. [C:\Users\ultra\warewolf\Dev\Dev2.Runtime.WebServer.Tests\Dev2.Runtime.WebServer.Tests.csproj]
C:\Users\ultra\warewolf\Dev\Dev2.Util\Dev2.Util.csproj : warning NU1701: Package 'GroupControls 1.9.0' was restored using '.NETFramework,Version=v4.6.1, .NETFramework,Version=v4.6.2, .NETFramework,Version=v4.7, .NETFramework,Version=v4.7.1, .NETFramework,Version=v4.7.2, .NETFramework,Version=v4.8, .NETFramework,Version=v4.8.1' instead of the project target framework 'net8.0'. This package may not be fully compatible with your project. [C:\Users\ultra\warewolf\Dev\Dev2.Runtime.WebServer.Tests\Dev2.Runtime.WebServer.Tests.csproj]
C:\Users\ultra\warewolf\Dev\Dev2.Util\Dev2.Util.csproj : warning NU1701: Package 'TaskSchedulerEditor 2.10.1' was restored using '.NETFramework,Version=v4.6.1, .NETFramework,Version=v4.6.2, .NETFramework,Version=v4.7, .NETFramework,Version=v4.7.1, .NETFramework,Version=v4.7.2, .NETFramework,Version=v4.8, .NETFramework,Version=v4.8.1' instead of the project target framework 'net8.0'. This package may not be fully compatible with your project. [C:\Users\ultra\warewolf\Dev\Dev2.Runtime.WebServer.Tests\Dev2.Runtime.WebServer.Tests.csproj]
C:\Users\ultra\warewolf\Dev\Warewolf.Common.NetStandard20\Warewolf.Common.NetStandard20.csproj : warning NU1701: Package 'AeroWizard 2.3.1' was restored using '.NETFramework,Version=v4.6.1, .NETFramework,Version=v4.6.2, .NETFramework,Version=v4.7, .NETFramework,Version=v4.7.1, .NETFramework,Version=v4.7.2, .NETFramework,Version=v4.8, .NETFramework,Version=v4.8.1' instead of the project target framework 'net8.0'. This package may not be fully compatible with your project. [C:\Users\ultra\warewolf\Dev\Dev2.Runtime.WebServer.Tests\Dev2.Runtime.WebServer.Tests.csproj]
C:\Users\ultra\warewolf\Dev\Warewolf.Common.NetStandard20\Warewolf.Common.NetStandard20.csproj : warning NU1701: Package 'GroupControls 1.9.0' was restored using '.NETFramework,Version=v4.6.1, .NETFramework,Version=v4.6.2, .NETFramework,Version=v4.7, .NETFramework,Version=v4.7.1, .NETFramework,Version=v4.7.2, .NETFramework,Version=v4.8, .NETFramework,Version=v4.8.1' instead of the project target framework 'net8.0'. This package may not be fully compatible with your project. [C:\Users\ultra\warewolf\Dev\Dev2.Runtime.WebServer.Tests\Dev2.Runtime.WebServer.Tests.csproj]
C:\Users\ultra\warewolf\Dev\Warewolf.Common.NetStandard20\Warewolf.Common.NetStandard20.csproj : warning NU1701: Package 'ReactiveUI.WPF 18.4.1' was restored using '.NETFramework,Version=v4.6.1, .NETFramework,Version=v4.6.2, .NETFramework,Version=v4.7, .NETFramework,Version=v4.7.1, .NETFramework,Version=v4.7.2, .NETFramework,Version=v4.8, .NETFramework,Version=v4.8.1' instead of the project target framework 'net8.0'. This package may not be fully compatible with your project. [C:\Users\ultra\warewolf\Dev\Dev2.Runtime.WebServer.Tests\Dev2.Runtime.WebServer.Tests.csproj]
C:\Users\ultra\warewolf\Dev\Warewolf.Common.NetStandard20\Warewolf.Common.NetStandard20.csproj : warning NU1701: Package 'TaskSchedulerEditor 2.10.1' was restored using '.NETFramework,Version=v4.6.1, .NETFramework,Version=v4.6.2, .NETFramework,Version=v4.7, .NETFramework,Version=v4.7.1, .NETFramework,Version=v4.7.2, .NETFramework,Version=v4.8, .NETFramework,Version=v4.8.1' instead of the project target framework 'net8.0'. This package may not be fully compatible with your project. [C:\Users\ultra\warewolf\Dev\Dev2.Runtime.WebServer.Tests\Dev2.Runtime.WebServer.Tests.csproj]
C:\Users\ultra\warewolf\Dev\Dev2.Runtime.WebServer.Tests\Dev2.Runtime.WebServer.Tests.csproj : warning NU1701: Package 'AeroWizard 2.3.1' was restored using '.NETFramework,Version=v4.6.1, .NETFramework,Version=v4.6.2, .NETFramework,Version=v4.7, .NETFramework,Version=v4.7.1, .NETFramework,Version=v4.7.2, .NETFramework,Version=v4.8, .NETFramework,Version=v4.8.1' instead of the project target framework 'net8.0'. This package may not be fully compatible with your project.
C:\Users\ultra\warewolf\Dev\Dev2.Runtime.WebServer.Tests\Dev2.Runtime.WebServer.Tests.csproj : warning NU1701: Package 'GroupControls 1.9.0' was restored using '.NETFramework,Version=v4.6.1, .NETFramework,Version=v4.6.2, .NETFramework,Version=v4.7, .NETFramework,Version=v4.7.1, .NETFramework,Version=v4.7.2, .NETFramework,Version=v4.8, .NETFramework,Version=v4.8.1' instead of the project target framework 'net8.0'. This package may not be fully compatible with your project.
C:\Users\ultra\warewolf\Dev\Dev2.Runtime.WebServer.Tests\Dev2.Runtime.WebServer.Tests.csproj : warning NU1701: Package 'Microsoft.Xaml.Behaviors.Wpf 1.1.122' was restored using '.NETFramework,Version=v4.6.1, .NETFramework,Version=v4.6.2, .NETFramework,Version=v4.7, .NETFramework,Version=v4.7.1, .NETFramework,Version=v4.7.2, .NETFramework,Version=v4.8, .NETFramework,Version=v4.8.1' instead of the project target framework 'net8.0'. This package may not be fully compatible with your project.
C:\Users\ultra\warewolf\Dev\Dev2.Runtime.WebServer.Tests\Dev2.Runtime.WebServer.Tests.csproj : warning NU1701: Package 'Prism.Wpf 9.0.537' was restored using '.NETFramework,Version=v4.6.1, .NETFramework,Version=v4.6.2, .NETFramework,Version=v4.7, .NETFramework,Version=v4.7.1, .NETFramework,Version=v4.7.2, .NETFramework,Version=v4.8, .NETFramework,Version=v4.8.1' instead of the project target framework 'net8.0'. This package may not be fully compatible with your project.
C:\Users\ultra\warewolf\Dev\Dev2.Runtime.WebServer.Tests\Dev2.Runtime.WebServer.Tests.csproj : warning NU1701: Package 'ReactiveUI.WPF 18.4.1' was restored using '.NETFramework,Version=v4.6.1, .NETFramework,Version=v4.6.2, .NETFramework,Version=v4.7, .NETFramework,Version=v4.7.1, .NETFramework,Version=v4.7.2, .NETFramework,Version=v4.8, .NETFramework,Version=v4.8.1' instead of the project target framework 'net8.0'. This package may not be fully compatible with your project.
C:\Users\ultra\warewolf\Dev\Dev2.Runtime.WebServer.Tests\Dev2.Runtime.WebServer.Tests.csproj : warning NU1701: Package 'TaskSchedulerEditor 2.10.1' was restored using '.NETFramework,Version=v4.6.1, .NETFramework,Version=v4.6.2, .NETFramework,Version=v4.7, .NETFramework,Version=v4.7.1, .NETFramework,Version=v4.7.2, .NETFramework,Version=v4.8, .NETFramework,Version=v4.8.1' instead of the project target framework 'net8.0'. This package may not be fully compatible with your project.
  Restored C:\Users\ultra\warewolf\Dev\Dev2.Runtime.WebServer.Tests\Dev2.Runtime.WebServer.Tests.csproj (in 680 ms).
  54 of 55 projects are up-to-date for restore.
C:\Users\ultra\warewolf\Dev\Dev2.Runtime.WebServer.Tests\Dev2.Runtime.WebServer.Tests.csproj : warning NU1701: Package 'AeroWizard 2.3.1' was restored using '.NETFramework,Version=v4.6.1, .NETFramework,Version=v4.6.2, .NETFramework,Version=v4.7, .NETFramework,Version=v4.7.1, .NETFramework,Version=v4.7.2, .NETFramework,Version=v4.8, .NETFramework,Version=v4.8.1' instead of the project target framework 'net8.0'. This package may not be fully compatible with your project.
C:\Users\ultra\warewolf\Dev\Dev2.Runtime.WebServer.Tests\Dev2.Runtime.WebServer.Tests.csproj : warning NU1701: Package 'GroupControls 1.9.0' was restored using '.NETFramework,Version=v4.6.1, .NETFramework,Version=v4.6.2, .NETFramework,Version=v4.7, .NETFramework,Version=v4.7.1, .NETFramework,Version=v4.7.2, .NETFramework,Version=v4.8, .NETFramework,Version=v4.8.1' instead of the project target framework 'net8.0'. This package may not be fully compatible with your project.
C:\Users\ultra\warewolf\Dev\Dev2.Runtime.WebServer.Tests\Dev2.Runtime.WebServer.Tests.csproj : warning NU1701: Package 'Microsoft.Xaml.Behaviors.Wpf 1.1.122' was restored using '.NETFramework,Version=v4.6.1, .NETFramework,Version=v4.6.2, .NETFramework,Version=v4.7, .NETFramework,Version=v4.7.1, .NETFramework,Version=v4.7.2, .NETFramework,Version=v4.8, .NETFramework,Version=v4.8.1' instead of the project target framework 'net8.0'. This package may not be fully compatible with your project.
C:\Users\ultra\warewolf\Dev\Dev2.Runtime.WebServer.Tests\Dev2.Runtime.WebServer.Tests.csproj : warning NU1701: Package 'Prism.Wpf 9.0.537' was restored using '.NETFramework,Version=v4.6.1, .NETFramework,Version=v4.6.2, .NETFramework,Version=v4.7, .NETFramework,Version=v4.7.1, .NETFramework,Version=v4.7.2, .NETFramework,Version=v4.8, .NETFramework,Version=v4.8.1' instead of the project target framework 'net8.0'. This package may not be fully compatible with your project.
C:\Users\ultra\warewolf\Dev\Dev2.Runtime.WebServer.Tests\Dev2.Runtime.WebServer.Tests.csproj : warning NU1701: Package 'ReactiveUI.WPF 18.4.1' was restored using '.NETFramework,Version=v4.6.1, .NETFramework,Version=v4.6.2, .NETFramework,Version=v4.7, .NETFramework,Version=v4.7.1, .NETFramework,Version=v4.7.2, .NETFramework,Version=v4.8, .NETFramework,Version=v4.8.1' instead of the project target framework 'net8.0'. This package may not be fully compatible with your project.
C:\Users\ultra\warewolf\Dev\Dev2.Runtime.WebServer.Tests\Dev2.Runtime.WebServer.Tests.csproj : warning NU1701: Package 'TaskSchedulerEditor 2.10.1' was restored using '.NETFramework,Version=v4.6.1, .NETFramework,Version=v4.6.2, .NETFramework,Version=v4.7, .NETFramework,Version=v4.7.1, .NETFramework,Version=v4.7.2, .NETFramework,Version=v4.8, .NETFramework,Version=v4.8.1' instead of the project target framework 'net8.0'. This package may not be fully compatible with your project.
C:\Users\ultra\warewolf\Dev\Warewolf.Storage.Interfaces\Warewolf.Storage.Interfaces.csproj : warning NU1701: Package 'AeroWizard 2.3.1' was restored using '.NETFramework,Version=v4.6.1, .NETFramework,Version=v4.6.2, .NETFramework,Version=v4.7, .NETFramework,Version=v4.7.1, .NETFramework,Version=v4.7.2, .NETFramework,Version=v4.8, .NETFramework,Version=v4.8.1' instead of the project target framework 'net8.0'. This package may not be fully compatible with your project.
C:\Users\ultra\warewolf\Dev\Warewolf.Storage.Interfaces\Warewolf.Storage.Interfaces.csproj : warning NU1701: Package 'GroupControls 1.9.0' was restored using '.NETFramework,Version=v4.6.1, .NETFramework,Version=v4.6.2, .NETFramework,Version=v4.7, .NETFramework,Version=v4.7.1, .NETFramework,Version=v4.7.2, .NETFramework,Version=v4.8, .NETFramework,Version=v4.8.1' instead of the project target framework 'net8.0'. This package may not be fully compatible with your project.
C:\Users\ultra\warewolf\Dev\Warewolf.Storage.Interfaces\Warewolf.Storage.Interfaces.csproj : warning NU1701: Package 'TaskSchedulerEditor 2.10.1' was restored using '.NETFramework,Version=v4.6.1, .NETFramework,Version=v4.6.2, .NETFramework,Version=v4.7, .NETFramework,Version=v4.7.1, .NETFramework,Version=v4.7.2, .NETFramework,Version=v4.8, .NETFramework,Version=v4.8.1' instead of the project target framework 'net8.0'. This package may not be fully compatible with your project.
C:\Users\ultra\warewolf\Dev\Dev2.Activities\Dev2.Activities.csproj : warning NU1903: Package 'Microsoft.Windows.Compatibility' 6.0.0 has a known high severity vulnerability, https://github.com/advisories/GHSA-555c-2p6r-68mm
C:\Users\ultra\warewolf\Dev\Dev2.Activities\Dev2.Activities.csproj : warning NU1701: Package 'AeroWizard 2.3.1' was restored using '.NETFramework,Version=v4.6.1, .NETFramework,Version=v4.6.2, .NETFramework,Version=v4.7, .NETFramework,Version=v4.7.1, .NETFramework,Version=v4.7.2, .NETFramework,Version=v4.8, .NETFramework,Version=v4.8.1' instead of the project target framework 'net8.0'. This package may not be fully compatible with your project.
C:\Users\ultra\warewolf\Dev\Dev2.Activities\Dev2.Activities.csproj : warning NU1701: Package 'GroupControls 1.9.0' was restored using '.NETFramework,Version=v4.6.1, .NETFramework,Version=v4.6.2, .NETFramework,Version=v4.7, .NETFramework,Version=v4.7.1, .NETFramework,Version=v4.7.2, .NETFramework,Version=v4.8, .NETFramework,Version=v4.8.1' instead of the project target framework 'net8.0'. This package may not be fully compatible with your project.
C:\Users\ultra\warewolf\Dev\Dev2.Activities\Dev2.Activities.csproj : warning NU1701: Package 'ReactiveUI.WPF 18.4.1' was restored using '.NETFramework,Version=v4.6.1, .NETFramework,Version=v4.6.2, .NETFramework,Version=v4.7, .NETFramework,Version=v4.7.1, .NETFramework,Version=v4.7.2, .NETFramework,Version=v4.8, .NETFramework,Version=v4.8.1' instead of the project target framework 'net8.0'. This package may not be fully compatible with your project.
C:\Users\ultra\warewolf\Dev\Dev2.Activities\Dev2.Activities.csproj : warning NU1701: Package 'TaskSchedulerEditor 2.10.1' was restored using '.NETFramework,Version=v4.6.1, .NETFramework,Version=v4.6.2, .NETFramework,Version=v4.7, .NETFramework,Version=v4.7.1, .NETFramework,Version=v4.7.2, .NETFramework,Version=v4.8, .NETFramework,Version=v4.8.1' instead of the project target framework 'net8.0'. This package may not be fully compatible with your project.
C:\Users\ultra\warewolf\Dev\Warewolf.Testing\Warewolf.Testing.csproj : warning NU1701: Package 'AeroWizard 2.3.1' was restored using '.NETFramework,Version=v4.6.1, .NETFramework,Version=v4.6.2, .NETFramework,Version=v4.7, .NETFramework,Version=v4.7.1, .NETFramework,Version=v4.7.2, .NETFramework,Version=v4.8, .NETFramework,Version=v4.8.1' instead of the project target framework 'net8.0'. This package may not be fully compatible with your project.
C:\Users\ultra\warewolf\Dev\Warewolf.Testing\Warewolf.Testing.csproj : warning NU1701: Package 'GroupControls 1.9.0' was restored using '.NETFramework,Version=v4.6.1, .NETFramework,Version=v4.6.2, .NETFramework,Version=v4.7, .NETFramework,Version=v4.7.1, .NETFramework,Version=v4.7.2, .NETFramework,Version=v4.8, .NETFramework,Version=v4.8.1' instead of the project target framework 'net8.0'. This package may not be fully compatible with your project.
C:\Users\ultra\warewolf\Dev\Warewolf.Testing\Warewolf.Testing.csproj : warning NU1701: Package 'Microsoft.Xaml.Behaviors.Wpf 1.1.122' was restored using '.NETFramework,Version=v4.6.1, .NETFramework,Version=v4.6.2, .NETFramework,Version=v4.7, .NETFramework,Version=v4.7.1, .NETFramework,Version=v4.7.2, .NETFramework,Version=v4.8, .NETFramework,Version=v4.8.1' instead of the project target framework 'net8.0'. This package may not be fully compatible with your project.
C:\Users\ultra\warewolf\Dev\Warewolf.Testing\Warewolf.Testing.csproj : warning NU1701: Package 'Prism.Wpf 9.0.537' was restored using '.NETFramework,Version=v4.6.1, .NETFramework,Version=v4.6.2, .NETFramework,Version=v4.7, .NETFramework,Version=v4.7.1, .NETFramework,Version=v4.7.2, .NETFramework,Version=v4.8, .NETFramework,Version=v4.8.1' instead of the project target framework 'net8.0'. This package may not be fully compatible with your project.
C:\Users\ultra\warewolf\Dev\Warewolf.Testing\Warewolf.Testing.csproj : warning NU1701: Package 'ReactiveUI.WPF 18.4.1' was restored using '.NETFramework,Version=v4.6.1, .NETFramework,Version=v4.6.2, .NETFramework,Version=v4.7, .NETFramework,Version=v4.7.1, .NETFramework,Version=v4.7.2, .NETFramework,Version=v4.8, .NETFramework,Version=v4.8.1' instead of the project target framework 'net8.0'. This package may not be fully compatible with your project.
C:\Users\ultra\warewolf\Dev\Warewolf.Testing\Warewolf.Testing.csproj : warning NU1701: Package 'TaskSchedulerEditor 2.10.1' was restored using '.NETFramework,Version=v4.6.1, .NETFramework,Version=v4.6.2, .NETFramework,Version=v4.7, .NETFramework,Version=v4.7.1, .NETFramework,Version=v4.7.2, .NETFramework,Version=v4.8, .NETFramework,Version=v4.8.1' instead of the project target framework 'net8.0'. This package may not be fully compatible with your project.
C:\Users\ultra\warewolf\Dev\Dev2.Runtime.WebServer\Dev2.Runtime.WebServer.csproj : warning NU1902: Package 'System.IdentityModel.Tokens.Jwt' 5.1.0 has a known moderate severity vulnerability, https://github.com/advisories/GHSA-59j7-ghrg-fj52
C:\Users\ultra\warewolf\Dev\Dev2.Runtime.WebServer\Dev2.Runtime.WebServer.csproj : warning NU1701: Package 'AeroWizard 2.3.1' was restored using '.NETFramework,Version=v4.6.1, .NETFramework,Version=v4.6.2, .NETFramework,Version=v4.7, .NETFramework,Version=v4.7.1, .NETFramework,Version=v4.7.2, .NETFramework,Version=v4.8, .NETFramework,Version=v4.8.1' instead of the project target framework 'net8.0'. This package may not be fully compatible with your project.
C:\Users\ultra\warewolf\Dev\Dev2.Runtime.WebServer\Dev2.Runtime.WebServer.csproj : warning NU1701: Package 'GroupControls 1.9.0' was restored using '.NETFramework,Version=v4.6.1, .NETFramework,Version=v4.6.2, .NETFramework,Version=v4.7, .NETFramework,Version=v4.7.1, .NETFramework,Version=v4.7.2, .NETFramework,Version=v4.8, .NETFramework,Version=v4.8.1' instead of the project target framework 'net8.0'. This package may not be fully compatible with your project.
C:\Users\ultra\warewolf\Dev\Dev2.Runtime.WebServer\Dev2.Runtime.WebServer.csproj : warning NU1701: Package 'Microsoft.Xaml.Behaviors.Wpf 1.1.122' was restored using '.NETFramework,Version=v4.6.1, .NETFramework,Version=v4.6.2, .NETFramework,Version=v4.7, .NETFramework,Version=v4.7.1, .NETFramework,Version=v4.7.2, .NETFramework,Version=v4.8, .NETFramework,Version=v4.8.1' instead of the project target framework 'net8.0'. This package may not be fully compatible with your project.
C:\Users\ultra\warewolf\Dev\Dev2.Runtime.WebServer\Dev2.Runtime.WebServer.csproj : warning NU1701: Package 'Prism.Wpf 9.0.537' was restored using '.NETFramework,Version=v4.6.1, .NETFramework,Version=v4.6.2, .NETFramework,Version=v4.7, .NETFramework,Version=v4.7.1, .NETFramework,Version=v4.7.2, .NETFramework,Version=v4.8, .NETFramework,Version=v4.8.1' instead of the project target framework 'net8.0'. This package may not be fully compatible with your project.
C:\Users\ultra\warewolf\Dev\Dev2.Runtime.WebServer\Dev2.Runtime.WebServer.csproj : warning NU1701: Package 'ReactiveUI.WPF 18.4.1' was restored using '.NETFramework,Version=v4.6.1, .NETFramework,Version=v4.6.2, .NETFramework,Version=v4.7, .NETFramework,Version=v4.7.1, .NETFramework,Version=v4.7.2, .NETFramework,Version=v4.8, .NETFramework,Version=v4.8.1' instead of the project target framework 'net8.0'. This package may not be fully compatible with your project.
C:\Users\ultra\warewolf\Dev\Dev2.Runtime.WebServer\Dev2.Runtime.WebServer.csproj : warning NU1701: Package 'TaskSchedulerEditor 2.10.1' was restored using '.NETFramework,Version=v4.6.1, .NETFramework,Version=v4.6.2, .NETFramework,Version=v4.7, .NETFramework,Version=v4.7.1, .NETFramework,Version=v4.7.2, .NETFramework,Version=v4.8, .NETFramework,Version=v4.8.1' instead of the project target framework 'net8.0'. This package may not be fully compatible with your project.
C:\Users\ultra\warewolf\Dev\Dev2.Core\Dev2.Core.csproj : warning NU1903: Package 'Microsoft.Windows.Compatibility' 6.0.0 has a known high severity vulnerability, https://github.com/advisories/GHSA-555c-2p6r-68mm
C:\Users\ultra\warewolf\Dev\Dev2.Core\Dev2.Core.csproj : warning NU1701: Package 'AeroWizard 2.3.1' was restored using '.NETFramework,Version=v4.6.1, .NETFramework,Version=v4.6.2, .NETFramework,Version=v4.7, .NETFramework,Version=v4.7.1, .NETFramework,Version=v4.7.2, .NETFramework,Version=v4.8, .NETFramework,Version=v4.8.1' instead of the project target framework 'net8.0'. This package may not be fully compatible with your project.
C:\Users\ultra\warewolf\Dev\Dev2.Core\Dev2.Core.csproj : warning NU1701: Package 'GroupControls 1.9.0' was restored using '.NETFramework,Version=v4.6.1, .NETFramework,Version=v4.6.2, .NETFramework,Version=v4.7, .NETFramework,Version=v4.7.1, .NETFramework,Version=v4.7.2, .NETFramework,Version=v4.8, .NETFramework,Version=v4.8.1' instead of the project target framework 'net8.0'. This package may not be fully compatible with your project.
C:\Users\ultra\warewolf\Dev\Dev2.Core\Dev2.Core.csproj : warning NU1701: Package 'ReactiveUI.WPF 18.4.1' was restored using '.NETFramework,Version=v4.6.1, .NETFramework,Version=v4.6.2, .NETFramework,Version=v4.7, .NETFramework,Version=v4.7.1, .NETFramework,Version=v4.7.2, .NETFramework,Version=v4.8, .NETFramework,Version=v4.8.1' instead of the project target framework 'net8.0'. This package may not be fully compatible with your project.
C:\Users\ultra\warewolf\Dev\Dev2.Data\Dev2.Data.csproj : warning NU1701: Package 'AeroWizard 2.3.1' was restored using '.NETFramework,Version=v4.6.1, .NETFramework,Version=v4.6.2, .NETFramework,Version=v4.7, .NETFramework,Version=v4.7.1, .NETFramework,Version=v4.7.2, .NETFramework,Version=v4.8, .NETFramework,Version=v4.8.1' instead of the project target framework 'net8.0'. This package may not be fully compatible with your project.
C:\Users\ultra\warewolf\Dev\Dev2.Core\Dev2.Core.csproj : warning NU1701: Package 'TaskSchedulerEditor 2.10.1' was restored using '.NETFramework,Version=v4.6.1, .NETFramework,Version=v4.6.2, .NETFramework,Version=v4.7, .NETFramework,Version=v4.7.1, .NETFramework,Version=v4.7.2, .NETFramework,Version=v4.8, .NETFramework,Version=v4.8.1' instead of the project target framework 'net8.0'. This package may not be fully compatible with your project.
C:\Users\ultra\warewolf\Dev\Dev2.Data\Dev2.Data.csproj : warning NU1701: Package 'GroupControls 1.9.0' was restored using '.NETFramework,Version=v4.6.1, .NETFramework,Version=v4.6.2, .NETFramework,Version=v4.7, .NETFramework,Version=v4.7.1, .NETFramework,Version=v4.7.2, .NETFramework,Version=v4.8, .NETFramework,Version=v4.8.1' instead of the project target framework 'net8.0'. This package may not be fully compatible with your project.
C:\Users\ultra\warewolf\Dev\Dev2.Data\Dev2.Data.csproj : warning NU1701: Package 'ReactiveUI.WPF 18.4.1' was restored using '.NETFramework,Version=v4.6.1, .NETFramework,Version=v4.6.2, .NETFramework,Version=v4.7, .NETFramework,Version=v4.7.1, .NETFramework,Version=v4.7.2, .NETFramework,Version=v4.8, .NETFramework,Version=v4.8.1' instead of the project target framework 'net8.0'. This package may not be fully compatible with your project.
C:\Users\ultra\warewolf\Dev\Dev2.Data\Dev2.Data.csproj : warning NU1701: Package 'TaskSchedulerEditor 2.10.1' was restored using '.NETFramework,Version=v4.6.1, .NETFramework,Version=v4.6.2, .NETFramework,Version=v4.7, .NETFramework,Version=v4.7.1, .NETFramework,Version=v4.7.2, .NETFramework,Version=v4.8, .NETFramework,Version=v4.8.1' instead of the project target framework 'net8.0'. This package may not be fully compatible with your project.
C:\Users\ultra\warewolf\Dev\Warewolf.Common.Framework48\Warewolf.Common.Framework48.csproj : warning NU1902: Package 'System.IdentityModel.Tokens.Jwt' 5.1.0 has a known moderate severity vulnerability, https://github.com/advisories/GHSA-59j7-ghrg-fj52
C:\Users\ultra\warewolf\Dev\Warewolf.Common.Framework48\Warewolf.Common.Framework48.csproj : warning NU1701: Package 'AeroWizard 2.3.1' was restored using '.NETFramework,Version=v4.6.1, .NETFramework,Version=v4.6.2, .NETFramework,Version=v4.7, .NETFramework,Version=v4.7.1, .NETFramework,Version=v4.7.2, .NETFramework,Version=v4.8, .NETFramework,Version=v4.8.1' instead of the project target framework 'net8.0'. This package may not be fully compatible with your project.
C:\Users\ultra\warewolf\Dev\Dev2.Infrastructure\Dev2.Infrastructure.csproj : warning NU1903: Package 'Microsoft.Windows.Compatibility' 6.0.0 has a known high severity vulnerability, https://github.com/advisories/GHSA-555c-2p6r-68mm
C:\Users\ultra\warewolf\Dev\Warewolf.Common.Framework48\Warewolf.Common.Framework48.csproj : warning NU1701: Package 'GroupControls 1.9.0' was restored using '.NETFramework,Version=v4.6.1, .NETFramework,Version=v4.6.2, .NETFramework,Version=v4.7, .NETFramework,Version=v4.7.1, .NETFramework,Version=v4.7.2, .NETFramework,Version=v4.8, .NETFramework,Version=v4.8.1' instead of the project target framework 'net8.0'. This package may not be fully compatible with your project.
C:\Users\ultra\warewolf\Dev\Dev2.Infrastructure\Dev2.Infrastructure.csproj : warning NU1701: Package 'AeroWizard 2.3.1' was restored using '.NETFramework,Version=v4.6.1, .NETFramework,Version=v4.6.2, .NETFramework,Version=v4.7, .NETFramework,Version=v4.7.1, .NETFramework,Version=v4.7.2, .NETFramework,Version=v4.8, .NETFramework,Version=v4.8.1' instead of the project target framework 'net8.0'. This package may not be fully compatible with your project.
C:\Users\ultra\warewolf\Dev\Warewolf.Common.Framework48\Warewolf.Common.Framework48.csproj : warning NU1701: Package 'Microsoft.Xaml.Behaviors.Wpf 1.1.122' was restored using '.NETFramework,Version=v4.6.1, .NETFramework,Version=v4.6.2, .NETFramework,Version=v4.7, .NETFramework,Version=v4.7.1, .NETFramework,Version=v4.7.2, .NETFramework,Version=v4.8, .NETFramework,Version=v4.8.1' instead of the project target framework 'net8.0'. This package may not be fully compatible with your project.
C:\Users\ultra\warewolf\Dev\Dev2.Infrastructure\Dev2.Infrastructure.csproj : warning NU1701: Package 'GroupControls 1.9.0' was restored using '.NETFramework,Version=v4.6.1, .NETFramework,Version=v4.6.2, .NETFramework,Version=v4.7, .NETFramework,Version=v4.7.1, .NETFramework,Version=v4.7.2, .NETFramework,Version=v4.8, .NETFramework,Version=v4.8.1' instead of the project target framework 'net8.0'. This package may not be fully compatible with your project.
C:\Users\ultra\warewolf\Dev\Warewolf.Common.Framework48\Warewolf.Common.Framework48.csproj : warning NU1701: Package 'Prism.Wpf 9.0.537' was restored using '.NETFramework,Version=v4.6.1, .NETFramework,Version=v4.6.2, .NETFramework,Version=v4.7, .NETFramework,Version=v4.7.1, .NETFramework,Version=v4.7.2, .NETFramework,Version=v4.8, .NETFramework,Version=v4.8.1' instead of the project target framework 'net8.0'. This package may not be fully compatible with your project.
C:\Users\ultra\warewolf\Dev\Dev2.Infrastructure\Dev2.Infrastructure.csproj : warning NU1701: Package 'ReactiveUI.WPF 18.4.1' was restored using '.NETFramework,Version=v4.6.1, .NETFramework,Version=v4.6.2, .NETFramework,Version=v4.7, .NETFramework,Version=v4.7.1, .NETFramework,Version=v4.7.2, .NETFramework,Version=v4.8, .NETFramework,Version=v4.8.1' instead of the project target framework 'net8.0'. This package may not be fully compatible with your project.
C:\Users\ultra\warewolf\Dev\Warewolf.Common.Framework48\Warewolf.Common.Framework48.csproj : warning NU1701: Package 'ReactiveUI.WPF 18.4.1' was restored using '.NETFramework,Version=v4.6.1, .NETFramework,Version=v4.6.2, .NETFramework,Version=v4.7, .NETFramework,Version=v4.7.1, .NETFramework,Version=v4.7.2, .NETFramework,Version=v4.8, .NETFramework,Version=v4.8.1' instead of the project target framework 'net8.0'. This package may not be fully compatible with your project.
C:\Users\ultra\warewolf\Dev\Dev2.Infrastructure\Dev2.Infrastructure.csproj : warning NU1701: Package 'TaskSchedulerEditor 2.10.1' was restored using '.NETFramework,Version=v4.6.1, .NETFramework,Version=v4.6.2, .NETFramework,Version=v4.7, .NETFramework,Version=v4.7.1, .NETFramework,Version=v4.7.2, .NETFramework,Version=v4.8, .NETFramework,Version=v4.8.1' instead of the project target framework 'net8.0'. This package may not be fully compatible with your project.
C:\Users\ultra\warewolf\Dev\Warewolf.Common.Framework48\Warewolf.Common.Framework48.csproj : warning NU1701: Package 'TaskSchedulerEditor 2.10.1' was restored using '.NETFramework,Version=v4.6.1, .NETFramework,Version=v4.6.2, .NETFramework,Version=v4.7, .NETFramework,Version=v4.7.1, .NETFramework,Version=v4.7.2, .NETFramework,Version=v4.8, .NETFramework,Version=v4.8.1' instead of the project target framework 'net8.0'. This package may not be fully compatible with your project.
C:\Users\ultra\warewolf\Dev\Dev2.Runtime.Services\Dev2.Runtime.Services.csproj : warning NU1902: Package 'MessagePack' 2.4.59 has a known moderate severity vulnerability, https://github.com/advisories/GHSA-4qm4-8hg2-g2xm
C:\Users\ultra\warewolf\Dev\Dev2.Runtime.Services\Dev2.Runtime.Services.csproj : warning NU1903: Package 'Microsoft.Windows.Compatibility' 6.0.0 has a known high severity vulnerability, https://github.com/advisories/GHSA-555c-2p6r-68mm
C:\Users\ultra\warewolf\Dev\Dev2.Common.Interfaces\Dev2.Common.Interfaces.csproj : warning NU1903: Package 'Microsoft.Windows.Compatibility' 6.0.0 has a known high severity vulnerability, https://github.com/advisories/GHSA-555c-2p6r-68mm
C:\Users\ultra\warewolf\Dev\Dev2.Runtime.Services\Dev2.Runtime.Services.csproj : warning NU1701: Package 'AeroWizard 2.3.1' was restored using '.NETFramework,Version=v4.6.1, .NETFramework,Version=v4.6.2, .NETFramework,Version=v4.7, .NETFramework,Version=v4.7.1, .NETFramework,Version=v4.7.2, .NETFramework,Version=v4.8, .NETFramework,Version=v4.8.1' instead of the project target framework 'net8.0'. This package may not be fully compatible with your project.
C:\Users\ultra\warewolf\Dev\Dev2.Common.Interfaces\Dev2.Common.Interfaces.csproj : warning NU1701: Package 'AeroWizard 2.3.1' was restored using '.NETFramework,Version=v4.6.1, .NETFramework,Version=v4.6.2, .NETFramework,Version=v4.7, .NETFramework,Version=v4.7.1, .NETFramework,Version=v4.7.2, .NETFramework,Version=v4.8, .NETFramework,Version=v4.8.1' instead of the project target framework 'net8.0'. This package may not be fully compatible with your project.
C:\Users\ultra\warewolf\Dev\Dev2.Runtime.Services\Dev2.Runtime.Services.csproj : warning NU1701: Package 'GroupControls 1.9.0' was restored using '.NETFramework,Version=v4.6.1, .NETFramework,Version=v4.6.2, .NETFramework,Version=v4.7, .NETFramework,Version=v4.7.1, .NETFramework,Version=v4.7.2, .NETFramework,Version=v4.8, .NETFramework,Version=v4.8.1' instead of the project target framework 'net8.0'. This package may not be fully compatible with your project.
C:\Users\ultra\warewolf\Dev\Dev2.Common.Interfaces\Dev2.Common.Interfaces.csproj : warning NU1701: Package 'GroupControls 1.9.0' was restored using '.NETFramework,Version=v4.6.1, .NETFramework,Version=v4.6.2, .NETFramework,Version=v4.7, .NETFramework,Version=v4.7.1, .NETFramework,Version=v4.7.2, .NETFramework,Version=v4.8, .NETFramework,Version=v4.8.1' instead of the project target framework 'net8.0'. This package may not be fully compatible with your project.
C:\Users\ultra\warewolf\Dev\Dev2.Runtime.Services\Dev2.Runtime.Services.csproj : warning NU1701: Package 'ReactiveUI.WPF 18.4.1' was restored using '.NETFramework,Version=v4.6.1, .NETFramework,Version=v4.6.2, .NETFramework,Version=v4.7, .NETFramework,Version=v4.7.1, .NETFramework,Version=v4.7.2, .NETFramework,Version=v4.8, .NETFramework,Version=v4.8.1' instead of the project target framework 'net8.0'. This package may not be fully compatible with your project.
C:\Users\ultra\warewolf\Dev\Dev2.Runtime.Services\Dev2.Runtime.Services.csproj : warning NU1701: Package 'TaskSchedulerEditor 2.10.1' was restored using '.NETFramework,Version=v4.6.1, .NETFramework,Version=v4.6.2, .NETFramework,Version=v4.7, .NETFramework,Version=v4.7.1, .NETFramework,Version=v4.7.2, .NETFramework,Version=v4.8, .NETFramework,Version=v4.8.1' instead of the project target framework 'net8.0'. This package may not be fully compatible with your project.
C:\Users\ultra\warewolf\Dev\Dev2.Common.Interfaces\Dev2.Common.Interfaces.csproj : warning NU1701: Package 'TaskSchedulerEditor 2.10.1' was restored using '.NETFramework,Version=v4.6.1, .NETFramework,Version=v4.6.2, .NETFramework,Version=v4.7, .NETFramework,Version=v4.7.1, .NETFramework,Version=v4.7.2, .NETFramework,Version=v4.8, .NETFramework,Version=v4.8.1' instead of the project target framework 'net8.0'. This package may not be fully compatible with your project.
C:\Program Files\dotnet\sdk\10.0.201\Sdks\Microsoft.NET.Sdk\targets\Microsoft.NET.Sdk.DefaultItems.targets(162,5): warning NETSDK1137: It is no longer necessary to use the Microsoft.NET.Sdk.WindowsDesktop SDK. Consider changing the Sdk attribute of the root Project element to 'Microsoft.NET.Sdk'. [C:\Users\ultra\warewolf\Dev\Dev2.CustomControls\Dev2.CustomControls.csproj]
C:\Program Files\dotnet\sdk\10.0.201\Sdks\Microsoft.NET.Sdk.WindowsDesktop\targets\Microsoft.NET.Sdk.WindowsDesktop.targets(138,5): warning NETSDK1106: Microsoft.NET.Sdk.WindowsDesktop requires 'UseWpf' or 'UseWindowsForms' to be set to 'true' [C:\Users\ultra\warewolf\Dev\Dev2.CustomControls\Dev2.CustomControls.csproj]
C:\Users\ultra\warewolf\Dev\Dev2.CustomControls\Dev2.CustomControls.csproj : warning NU1903: Package 'Microsoft.Windows.Compatibility' 6.0.0 has a known high severity vulnerability, https://github.com/advisories/GHSA-555c-2p6r-68mm
C:\Users\ultra\warewolf\Dev\Dev2.CustomControls\Dev2.CustomControls.csproj : warning NU1701: Package 'AeroWizard 2.3.1' was restored using '.NETFramework,Version=v4.6.1, .NETFramework,Version=v4.6.2, .NETFramework,Version=v4.7, .NETFramework,Version=v4.7.1, .NETFramework,Version=v4.7.2, .NETFramework,Version=v4.8, .NETFramework,Version=v4.8.1' instead of the project target framework 'net8.0'. This package may not be fully compatible with your project.
C:\Users\ultra\warewolf\Dev\Dev2.CustomControls\Dev2.CustomControls.csproj : warning NU1701: Package 'GroupControls 1.9.0' was restored using '.NETFramework,Version=v4.6.1, .NETFramework,Version=v4.6.2, .NETFramework,Version=v4.7, .NETFramework,Version=v4.7.1, .NETFramework,Version=v4.7.2, .NETFramework,Version=v4.8, .NETFramework,Version=v4.8.1' instead of the project target framework 'net8.0'. This package may not be fully compatible with your project.
C:\Users\ultra\warewolf\Dev\Dev2.CustomControls\Dev2.CustomControls.csproj : warning NU1701: Package 'TaskSchedulerEditor 2.10.1' was restored using '.NETFramework,Version=v4.6.1, .NETFramework,Version=v4.6.2, .NETFramework,Version=v4.7, .NETFramework,Version=v4.7.1, .NETFramework,Version=v4.7.2, .NETFramework,Version=v4.8, .NETFramework,Version=v4.8.1' instead of the project target framework 'net8.0'. This package may not be fully compatible with your project.
C:\Users\ultra\warewolf\Dev\Warewolf.Auditing\Warewolf.Auditing.csproj : warning NU1701: Package 'AeroWizard 2.3.1' was restored using '.NETFramework,Version=v4.6.1, .NETFramework,Version=v4.6.2, .NETFramework,Version=v4.7, .NETFramework,Version=v4.7.1, .NETFramework,Version=v4.7.2, .NETFramework,Version=v4.8, .NETFramework,Version=v4.8.1' instead of the project target framework 'net8.0'. This package may not be fully compatible with your project.
C:\Users\ultra\warewolf\Dev\Warewolf.Auditing\Warewolf.Auditing.csproj : warning NU1701: Package 'GroupControls 1.9.0' was restored using '.NETFramework,Version=v4.6.1, .NETFramework,Version=v4.6.2, .NETFramework,Version=v4.7, .NETFramework,Version=v4.7.1, .NETFramework,Version=v4.7.2, .NETFramework,Version=v4.8, .NETFramework,Version=v4.8.1' instead of the project target framework 'net8.0'. This package may not be fully compatible with your project.
C:\Users\ultra\warewolf\Dev\Warewolf.Auditing\Warewolf.Auditing.csproj : warning NU1701: Package 'ReactiveUI.WPF 18.4.1' was restored using '.NETFramework,Version=v4.6.1, .NETFramework,Version=v4.6.2, .NETFramework,Version=v4.7, .NETFramework,Version=v4.7.1, .NETFramework,Version=v4.7.2, .NETFramework,Version=v4.8, .NETFramework,Version=v4.8.1' instead of the project target framework 'net8.0'. This package may not be fully compatible with your project.
C:\Users\ultra\warewolf\Dev\Warewolf.Auditing\Warewolf.Auditing.csproj : warning NU1701: Package 'TaskSchedulerEditor 2.10.1' was restored using '.NETFramework,Version=v4.6.1, .NETFramework,Version=v4.6.2, .NETFramework,Version=v4.7, .NETFramework,Version=v4.7.1, .NETFramework,Version=v4.7.2, .NETFramework,Version=v4.8, .NETFramework,Version=v4.8.1' instead of the project target framework 'net8.0'. This package may not be fully compatible with your project.
C:\Users\ultra\warewolf\Dev\Warewolf.Security\Warewolf.Security.csproj : warning NU1904: Package 'System.Drawing.Common' 4.5.1 has a known critical severity vulnerability, https://github.com/advisories/GHSA-rxg9-xrhp-64gj
C:\Users\ultra\warewolf\Dev\Dev2.Runtime.Configuration\Dev2.Runtime.Configuration.csproj : warning NU1903: Package 'Microsoft.Windows.Compatibility' 6.0.0 has a known high severity vulnerability, https://github.com/advisories/GHSA-555c-2p6r-68mm
C:\Users\ultra\warewolf\Dev\Dev2.Runtime.Configuration\Dev2.Runtime.Configuration.csproj : warning NU1701: Package 'AeroWizard 2.3.1' was restored using '.NETFramework,Version=v4.6.1, .NETFramework,Version=v4.6.2, .NETFramework,Version=v4.7, .NETFramework,Version=v4.7.1, .NETFramework,Version=v4.7.2, .NETFramework,Version=v4.8, .NETFramework,Version=v4.8.1' instead of the project target framework 'net8.0'. This package may not be fully compatible with your project.
C:\Users\ultra\warewolf\Dev\Dev2.Runtime.Configuration\Dev2.Runtime.Configuration.csproj : warning NU1701: Package 'GroupControls 1.9.0' was restored using '.NETFramework,Version=v4.6.1, .NETFramework,Version=v4.6.2, .NETFramework,Version=v4.7, .NETFramework,Version=v4.7.1, .NETFramework,Version=v4.7.2, .NETFramework,Version=v4.8, .NETFramework,Version=v4.8.1' instead of the project target framework 'net8.0'. This package may not be fully compatible with your project.
C:\Users\ultra\warewolf\Dev\Dev2.Runtime.Configuration\Dev2.Runtime.Configuration.csproj : warning NU1701: Package 'TaskSchedulerEditor 2.10.1' was restored using '.NETFramework,Version=v4.6.1, .NETFramework,Version=v4.6.2, .NETFramework,Version=v4.7, .NETFramework,Version=v4.7.1, .NETFramework,Version=v4.7.2, .NETFramework,Version=v4.8, .NETFramework,Version=v4.8.1' instead of the project target framework 'net8.0'. This package may not be fully compatible with your project.
C:\Users\ultra\warewolf\Dev\Dev2.Scheduler\Dev2.Scheduler.csproj : warning NU1701: Package 'AeroWizard 2.3.1' was restored using '.NETFramework,Version=v4.6.1, .NETFramework,Version=v4.6.2, .NETFramework,Version=v4.7, .NETFramework,Version=v4.7.1, .NETFramework,Version=v4.7.2, .NETFramework,Version=v4.8, .NETFramework,Version=v4.8.1' instead of the project target framework 'net8.0'. This package may not be fully compatible with your project.
C:\Users\ultra\warewolf\Dev\Dev2.Scheduler\Dev2.Scheduler.csproj : warning NU1701: Package 'GroupControls 1.9.0' was restored using '.NETFramework,Version=v4.6.1, .NETFramework,Version=v4.6.2, .NETFramework,Version=v4.7, .NETFramework,Version=v4.7.1, .NETFramework,Version=v4.7.2, .NETFramework,Version=v4.8, .NETFramework,Version=v4.8.1' instead of the project target framework 'net8.0'. This package may not be fully compatible with your project.
C:\Users\ultra\warewolf\Dev\Dev2.Scheduler\Dev2.Scheduler.csproj : warning NU1701: Package 'ReactiveUI.WPF 18.4.1' was restored using '.NETFramework,Version=v4.6.1, .NETFramework,Version=v4.6.2, .NETFramework,Version=v4.7, .NETFramework,Version=v4.7.1, .NETFramework,Version=v4.7.2, .NETFramework,Version=v4.8, .NETFramework,Version=v4.8.1' instead of the project target framework 'net8.0'. This package may not be fully compatible with your project.
C:\Users\ultra\warewolf\Dev\Dev2.Scheduler\Dev2.Scheduler.csproj : warning NU1701: Package 'TaskSchedulerEditor 2.10.1' was restored using '.NETFramework,Version=v4.6.1, .NETFramework,Version=v4.6.2, .NETFramework,Version=v4.7, .NETFramework,Version=v4.7.1, .NETFramework,Version=v4.7.2, .NETFramework,Version=v4.8, .NETFramework,Version=v4.8.1' instead of the project target framework 'net8.0'. This package may not be fully compatible with your project.
  Dev2.Net6.Compatibility -> C:\Users\ultra\warewolf\Dev\Dev2.Net6.Compatibility\bin\Debug\net8.0\Dev2.Net6.Compatibility.dll
C:\Users\ultra\warewolf\Dev\Dev2.Common\Dev2.Common.csproj : warning NU1903: Package 'Microsoft.Windows.Compatibility' 6.0.0 has a known high severity vulnerability, https://github.com/advisories/GHSA-555c-2p6r-68mm
C:\Users\ultra\warewolf\Dev\Dev2.Common\Dev2.Common.csproj : warning NU1701: Package 'AeroWizard 2.3.1' was restored using '.NETFramework,Version=v4.6.1, .NETFramework,Version=v4.6.2, .NETFramework,Version=v4.7, .NETFramework,Version=v4.7.1, .NETFramework,Version=v4.7.2, .NETFramework,Version=v4.8, .NETFramework,Version=v4.8.1' instead of the project target framework 'net8.0'. This package may not be fully compatible with your project.
C:\Users\ultra\warewolf\Dev\Dev2.Common\Dev2.Common.csproj : warning NU1701: Package 'GroupControls 1.9.0' was restored using '.NETFramework,Version=v4.6.1, .NETFramework,Version=v4.6.2, .NETFramework,Version=v4.7, .NETFramework,Version=v4.7.1, .NETFramework,Version=v4.7.2, .NETFramework,Version=v4.8, .NETFramework,Version=v4.8.1' instead of the project target framework 'net8.0'. This package may not be fully compatible with your project.
C:\Users\ultra\warewolf\Dev\Dev2.Common\Dev2.Common.csproj : warning NU1701: Package 'TaskSchedulerEditor 2.10.1' was restored using '.NETFramework,Version=v4.6.1, .NETFramework,Version=v4.6.2, .NETFramework,Version=v4.7, .NETFramework,Version=v4.7.1, .NETFramework,Version=v4.7.2, .NETFramework,Version=v4.8, .NETFramework,Version=v4.8.1' instead of the project target framework 'net8.0'. This package may not be fully compatible with your project.
C:\Users\ultra\warewolf\Dev\Dev2.Studio.Interfaces\Dev2.Studio.Interfaces.csproj : warning NU1701: Package 'AeroWizard 2.3.1' was restored using '.NETFramework,Version=v4.6.1, .NETFramework,Version=v4.6.2, .NETFramework,Version=v4.7, .NETFramework,Version=v4.7.1, .NETFramework,Version=v4.7.2, .NETFramework,Version=v4.8, .NETFramework,Version=v4.8.1' instead of the project target framework 'net8.0'. This package may not be fully compatible with your project.
C:\Users\ultra\warewolf\Dev\Dev2.Studio.Interfaces\Dev2.Studio.Interfaces.csproj : warning NU1701: Package 'GroupControls 1.9.0' was restored using '.NETFramework,Version=v4.6.1, .NETFramework,Version=v4.6.2, .NETFramework,Version=v4.7, .NETFramework,Version=v4.7.1, .NETFramework,Version=v4.7.2, .NETFramework,Version=v4.8, .NETFramework,Version=v4.8.1' instead of the project target framework 'net8.0'. This package may not be fully compatible with your project.
C:\Users\ultra\warewolf\Dev\Dev2.Studio.Interfaces\Dev2.Studio.Interfaces.csproj : warning NU1701: Package 'Microsoft.Xaml.Behaviors.Wpf 1.1.122' was restored using '.NETFramework,Version=v4.6.1, .NETFramework,Version=v4.6.2, .NETFramework,Version=v4.7, .NETFramework,Version=v4.7.1, .NETFramework,Version=v4.7.2, .NETFramework,Version=v4.8, .NETFramework,Version=v4.8.1' instead of the project target framework 'net8.0'. This package may not be fully compatible with your project.
C:\Users\ultra\warewolf\Dev\Dev2.Studio.Interfaces\Dev2.Studio.Interfaces.csproj : warning NU1701: Package 'Prism.Wpf 9.0.537' was restored using '.NETFramework,Version=v4.6.1, .NETFramework,Version=v4.6.2, .NETFramework,Version=v4.7, .NETFramework,Version=v4.7.1, .NETFramework,Version=v4.7.2, .NETFramework,Version=v4.8, .NETFramework,Version=v4.8.1' instead of the project target framework 'net8.0'. This package may not be fully compatible with your project.
C:\Users\ultra\warewolf\Dev\Dev2.Studio.Interfaces\Dev2.Studio.Interfaces.csproj : warning NU1701: Package 'ReactiveUI.WPF 18.4.1' was restored using '.NETFramework,Version=v4.6.1, .NETFramework,Version=v4.6.2, .NETFramework,Version=v4.7, .NETFramework,Version=v4.7.1, .NETFramework,Version=v4.7.2, .NETFramework,Version=v4.8, .NETFramework,Version=v4.8.1' instead of the project target framework 'net8.0'. This package may not be fully compatible with your project.
C:\Users\ultra\warewolf\Dev\Dev2.Studio.Interfaces\Dev2.Studio.Interfaces.csproj : warning NU1701: Package 'TaskSchedulerEditor 2.10.1' was restored using '.NETFramework,Version=v4.6.1, .NETFramework,Version=v4.6.2, .NETFramework,Version=v4.7, .NETFramework,Version=v4.7.1, .NETFramework,Version=v4.7.2, .NETFramework,Version=v4.8, .NETFramework,Version=v4.8.1' instead of the project target framework 'net8.0'. This package may not be fully compatible with your project.
C:\Users\ultra\warewolf\Dev\Dev2.Services.Execution\Dev2.Services.Execution.csproj : warning NU1701: Package 'AeroWizard 2.3.1' was restored using '.NETFramework,Version=v4.6.1, .NETFramework,Version=v4.6.2, .NETFramework,Version=v4.7, .NETFramework,Version=v4.7.1, .NETFramework,Version=v4.7.2, .NETFramework,Version=v4.8, .NETFramework,Version=v4.8.1' instead of the project target framework 'net8.0'. This package may not be fully compatible with your project.
C:\Users\ultra\warewolf\Dev\Dev2.Services.Execution\Dev2.Services.Execution.csproj : warning NU1701: Package 'GroupControls 1.9.0' was restored using '.NETFramework,Version=v4.6.1, .NETFramework,Version=v4.6.2, .NETFramework,Version=v4.7, .NETFramework,Version=v4.7.1, .NETFramework,Version=v4.7.2, .NETFramework,Version=v4.8, .NETFramework,Version=v4.8.1' instead of the project target framework 'net8.0'. This package may not be fully compatible with your project.
C:\Users\ultra\warewolf\Dev\Dev2.Services.Execution\Dev2.Services.Execution.csproj : warning NU1701: Package 'ReactiveUI.WPF 18.4.1' was restored using '.NETFramework,Version=v4.6.1, .NETFramework,Version=v4.6.2, .NETFramework,Version=v4.7, .NETFramework,Version=v4.7.1, .NETFramework,Version=v4.7.2, .NETFramework,Version=v4.8, .NETFramework,Version=v4.8.1' instead of the project target framework 'net8.0'. This package may not be fully compatible with your project.
C:\Users\ultra\warewolf\Dev\Dev2.Services.Execution\Dev2.Services.Execution.csproj : warning NU1701: Package 'TaskSchedulerEditor 2.10.1' was restored using '.NETFramework,Version=v4.6.1, .NETFramework,Version=v4.6.2, .NETFramework,Version=v4.7, .NETFramework,Version=v4.7.1, .NETFramework,Version=v4.7.2, .NETFramework,Version=v4.8, .NETFramework,Version=v4.8.1' instead of the project target framework 'net8.0'. This package may not be fully compatible with your project.
C:\Users\ultra\warewolf\Dev\Warewolf.Exchange.Email.Wrapper\Warewolf.Exchange.Email.Wrapper.csproj : warning NU1701: Package 'AeroWizard 2.3.1' was restored using '.NETFramework,Version=v4.6.1, .NETFramework,Version=v4.6.2, .NETFramework,Version=v4.7, .NETFramework,Version=v4.7.1, .NETFramework,Version=v4.7.2, .NETFramework,Version=v4.8, .NETFramework,Version=v4.8.1' instead of the project target framework 'net8.0'. This package may not be fully compatible with your project.
C:\Users\ultra\warewolf\Dev\Warewolf.Exchange.Email.Wrapper\Warewolf.Exchange.Email.Wrapper.csproj : warning NU1701: Package 'GroupControls 1.9.0' was restored using '.NETFramework,Version=v4.6.1, .NETFramework,Version=v4.6.2, .NETFramework,Version=v4.7, .NETFramework,Version=v4.7.1, .NETFramework,Version=v4.7.2, .NETFramework,Version=v4.8, .NETFramework,Version=v4.8.1' instead of the project target framework 'net8.0'. This package may not be fully compatible with your project.
C:\Users\ultra\warewolf\Dev\Dev2.TaskScheduler.Wrappers\Dev2.TaskScheduler.Wrappers.csproj : warning NU1701: Package 'AeroWizard 2.3.1' was restored using '.NETFramework,Version=v4.6.1, .NETFramework,Version=v4.6.2, .NETFramework,Version=v4.7, .NETFramework,Version=v4.7.1, .NETFramework,Version=v4.7.2, .NETFramework,Version=v4.8, .NETFramework,Version=v4.8.1' instead of the project target framework 'net8.0'. This package may not be fully compatible with your project.
C:\Users\ultra\warewolf\Dev\Dev2.TaskScheduler.Wrappers\Dev2.TaskScheduler.Wrappers.csproj : warning NU1701: Package 'GroupControls 1.9.0' was restored using '.NETFramework,Version=v4.6.1, .NETFramework,Version=v4.6.2, .NETFramework,Version=v4.7, .NETFramework,Version=v4.7.1, .NETFramework,Version=v4.7.2, .NETFramework,Version=v4.8, .NETFramework,Version=v4.8.1' instead of the project target framework 'net8.0'. This package may not be fully compatible with your project.
C:\Users\ultra\warewolf\Dev\Dev2.TaskScheduler.Wrappers\Dev2.TaskScheduler.Wrappers.csproj : warning NU1701: Package 'TaskSchedulerEditor 2.10.1' was restored using '.NETFramework,Version=v4.6.1, .NETFramework,Version=v4.6.2, .NETFramework,Version=v4.7, .NETFramework,Version=v4.7.1, .NETFramework,Version=v4.7.2, .NETFramework,Version=v4.8, .NETFramework,Version=v4.8.1' instead of the project target framework 'net8.0'. This package may not be fully compatible with your project.
C:\Users\ultra\warewolf\Dev\Warewolf.Exchange.Email.Wrapper\Warewolf.Exchange.Email.Wrapper.csproj : warning NU1701: Package 'ReactiveUI.WPF 18.4.1' was restored using '.NETFramework,Version=v4.6.1, .NETFramework,Version=v4.6.2, .NETFramework,Version=v4.7, .NETFramework,Version=v4.7.1, .NETFramework,Version=v4.7.2, .NETFramework,Version=v4.8, .NETFramework,Version=v4.8.1' instead of the project target framework 'net8.0'. This package may not be fully compatible with your project.
C:\Users\ultra\warewolf\Dev\Warewolf.Exchange.Email.Wrapper\Warewolf.Exchange.Email.Wrapper.csproj : warning NU1701: Package 'TaskSchedulerEditor 2.10.1' was restored using '.NETFramework,Version=v4.6.1, .NETFramework,Version=v4.6.2, .NETFramework,Version=v4.7, .NETFramework,Version=v4.7.1, .NETFramework,Version=v4.7.2, .NETFramework,Version=v4.8, .NETFramework,Version=v4.8.1' instead of the project target framework 'net8.0'. This package may not be fully compatible with your project.
C:\Users\ultra\warewolf\Dev\Dev2.Util\Dev2.Util.csproj : warning NU1903: Package 'Microsoft.Windows.Compatibility' 6.0.0 has a known high severity vulnerability, https://github.com/advisories/GHSA-555c-2p6r-68mm
C:\Users\ultra\warewolf\Dev\Dev2.Util\Dev2.Util.csproj : warning NU1701: Package 'AeroWizard 2.3.1' was restored using '.NETFramework,Version=v4.6.1, .NETFramework,Version=v4.6.2, .NETFramework,Version=v4.7, .NETFramework,Version=v4.7.1, .NETFramework,Version=v4.7.2, .NETFramework,Version=v4.8, .NETFramework,Version=v4.8.1' instead of the project target framework 'net8.0'. This package may not be fully compatible with your project.
C:\Users\ultra\warewolf\Dev\Dev2.Util\Dev2.Util.csproj : warning NU1701: Package 'GroupControls 1.9.0' was restored using '.NETFramework,Version=v4.6.1, .NETFramework,Version=v4.6.2, .NETFramework,Version=v4.7, .NETFramework,Version=v4.7.1, .NETFramework,Version=v4.7.2, .NETFramework,Version=v4.8, .NETFramework,Version=v4.8.1' instead of the project target framework 'net8.0'. This package may not be fully compatible with your project.
C:\Users\ultra\warewolf\Dev\Dev2.Util\Dev2.Util.csproj : warning NU1701: Package 'TaskSchedulerEditor 2.10.1' was restored using '.NETFramework,Version=v4.6.1, .NETFramework,Version=v4.6.2, .NETFramework,Version=v4.7, .NETFramework,Version=v4.7.1, .NETFramework,Version=v4.7.2, .NETFramework,Version=v4.8, .NETFramework,Version=v4.8.1' instead of the project target framework 'net8.0'. This package may not be fully compatible with your project.
C:\Users\ultra\warewolf\Dev\Dev2.Studio.Core\Dev2.Studio.Core.csproj : warning NU1701: Package 'AeroWizard 2.3.1' was restored using '.NETFramework,Version=v4.6.1, .NETFramework,Version=v4.6.2, .NETFramework,Version=v4.7, .NETFramework,Version=v4.7.1, .NETFramework,Version=v4.7.2, .NETFramework,Version=v4.8, .NETFramework,Version=v4.8.1' instead of the project target framework 'net8.0'. This package may not be fully compatible with your project.
C:\Users\ultra\warewolf\Dev\Dev2.Studio.Core\Dev2.Studio.Core.csproj : warning NU1701: Package 'GroupControls 1.9.0' was restored using '.NETFramework,Version=v4.6.1, .NETFramework,Version=v4.6.2, .NETFramework,Version=v4.7, .NETFramework,Version=v4.7.1, .NETFramework,Version=v4.7.2, .NETFramework,Version=v4.8, .NETFramework,Version=v4.8.1' instead of the project target framework 'net8.0'. This package may not be fully compatible with your project.
C:\Users\ultra\warewolf\Dev\Dev2.Studio.Core\Dev2.Studio.Core.csproj : warning NU1701: Package 'Microsoft.Xaml.Behaviors.Wpf 1.1.122' was restored using '.NETFramework,Version=v4.6.1, .NETFramework,Version=v4.6.2, .NETFramework,Version=v4.7, .NETFramework,Version=v4.7.1, .NETFramework,Version=v4.7.2, .NETFramework,Version=v4.8, .NETFramework,Version=v4.8.1' instead of the project target framework 'net8.0'. This package may not be fully compatible with your project.
C:\Users\ultra\warewolf\Dev\Dev2.Studio.Core\Dev2.Studio.Core.csproj : warning NU1701: Package 'Prism.Wpf 9.0.537' was restored using '.NETFramework,Version=v4.6.1, .NETFramework,Version=v4.6.2, .NETFramework,Version=v4.7, .NETFramework,Version=v4.7.1, .NETFramework,Version=v4.7.2, .NETFramework,Version=v4.8, .NETFramework,Version=v4.8.1' instead of the project target framework 'net8.0'. This package may not be fully compatible with your project.
C:\Users\ultra\warewolf\Dev\Dev2.Studio.Core\Dev2.Studio.Core.csproj : warning NU1701: Package 'ReactiveUI.WPF 18.4.1' was restored using '.NETFramework,Version=v4.6.1, .NETFramework,Version=v4.6.2, .NETFramework,Version=v4.7, .NETFramework,Version=v4.7.1, .NETFramework,Version=v4.7.2, .NETFramework,Version=v4.8, .NETFramework,Version=v4.8.1' instead of the project target framework 'net8.0'. This package may not be fully compatible with your project.
C:\Users\ultra\warewolf\Dev\Dev2.Studio.Core\Dev2.Studio.Core.csproj : warning NU1701: Package 'TaskSchedulerEditor 2.10.1' was restored using '.NETFramework,Version=v4.6.1, .NETFramework,Version=v4.6.2, .NETFramework,Version=v4.7, .NETFramework,Version=v4.7.1, .NETFramework,Version=v4.7.2, .NETFramework,Version=v4.8, .NETFramework,Version=v4.8.1' instead of the project target framework 'net8.0'. This package may not be fully compatible with your project.
C:\Users\ultra\warewolf\Dev\Warewolf.Core\Warewolf.Core.csproj : warning NU1903: Package 'Microsoft.Windows.Compatibility' 6.0.0 has a known high severity vulnerability, https://github.com/advisories/GHSA-555c-2p6r-68mm
C:\Users\ultra\warewolf\Dev\Warewolf.Core\Warewolf.Core.csproj : warning NU1701: Package 'AeroWizard 2.3.1' was restored using '.NETFramework,Version=v4.6.1, .NETFramework,Version=v4.6.2, .NETFramework,Version=v4.7, .NETFramework,Version=v4.7.1, .NETFramework,Version=v4.7.2, .NETFramework,Version=v4.8, .NETFramework,Version=v4.8.1' instead of the project target framework 'net8.0'. This package may not be fully compatible with your project.
C:\Users\ultra\warewolf\Dev\Warewolf.Core\Warewolf.Core.csproj : warning NU1701: Package 'GroupControls 1.9.0' was restored using '.NETFramework,Version=v4.6.1, .NETFramework,Version=v4.6.2, .NETFramework,Version=v4.7, .NETFramework,Version=v4.7.1, .NETFramework,Version=v4.7.2, .NETFramework,Version=v4.8, .NETFramework,Version=v4.8.1' instead of the project target framework 'net8.0'. This package may not be fully compatible with your project.
C:\Users\ultra\warewolf\Dev\Warewolf.Core\Warewolf.Core.csproj : warning NU1701: Package 'ReactiveUI.WPF 18.4.1' was restored using '.NETFramework,Version=v4.6.1, .NETFramework,Version=v4.6.2, .NETFramework,Version=v4.7, .NETFramework,Version=v4.7.1, .NETFramework,Version=v4.7.2, .NETFramework,Version=v4.8, .NETFramework,Version=v4.8.1' instead of the project target framework 'net8.0'. This package may not be fully compatible with your project.
C:\Users\ultra\warewolf\Dev\Warewolf.Core\Warewolf.Core.csproj : warning NU1701: Package 'TaskSchedulerEditor 2.10.1' was restored using '.NETFramework,Version=v4.6.1, .NETFramework,Version=v4.6.2, .NETFramework,Version=v4.7, .NETFramework,Version=v4.7.1, .NETFramework,Version=v4.7.2, .NETFramework,Version=v4.8, .NETFramework,Version=v4.8.1' instead of the project target framework 'net8.0'. This package may not be fully compatible with your project.
C:\Users\ultra\warewolf\Dev\Warewolf.Driver.Serilog\Warewolf.Driver.Serilog.csproj : warning NU1701: Package 'AeroWizard 2.3.1' was restored using '.NETFramework,Version=v4.6.1, .NETFramework,Version=v4.6.2, .NETFramework,Version=v4.7, .NETFramework,Version=v4.7.1, .NETFramework,Version=v4.7.2, .NETFramework,Version=v4.8, .NETFramework,Version=v4.8.1' instead of the project target framework 'net8.0'. This package may not be fully compatible with your project.
C:\Users\ultra\warewolf\Dev\Warewolf.Driver.Serilog\Warewolf.Driver.Serilog.csproj : warning NU1701: Package 'GroupControls 1.9.0' was restored using '.NETFramework,Version=v4.6.1, .NETFramework,Version=v4.6.2, .NETFramework,Version=v4.7, .NETFramework,Version=v4.7.1, .NETFramework,Version=v4.7.2, .NETFramework,Version=v4.8, .NETFramework,Version=v4.8.1' instead of the project target framework 'net8.0'. This package may not be fully compatible with your project.
C:\Users\ultra\warewolf\Dev\Warewolf.Driver.Serilog\Warewolf.Driver.Serilog.csproj : warning NU1701: Package 'ReactiveUI.WPF 18.4.1' was restored using '.NETFramework,Version=v4.6.1, .NETFramework,Version=v4.6.2, .NETFramework,Version=v4.7, .NETFramework,Version=v4.7.1, .NETFramework,Version=v4.7.2, .NETFramework,Version=v4.8, .NETFramework,Version=v4.8.1' instead of the project target framework 'net8.0'. This package may not be fully compatible with your project.
C:\Users\ultra\warewolf\Dev\Warewolf.Driver.Serilog\Warewolf.Driver.Serilog.csproj : warning NU1701: Package 'TaskSchedulerEditor 2.10.1' was restored using '.NETFramework,Version=v4.6.1, .NETFramework,Version=v4.6.2, .NETFramework,Version=v4.7, .NETFramework,Version=v4.7.1, .NETFramework,Version=v4.7.2, .NETFramework,Version=v4.8, .NETFramework,Version=v4.8.1' instead of the project target framework 'net8.0'. This package may not be fully compatible with your project.
C:\Users\ultra\warewolf\Dev\Dev2.Diagnostics\Dev2.Diagnostics.csproj : warning NU1701: Package 'AeroWizard 2.3.1' was restored using '.NETFramework,Version=v4.6.1, .NETFramework,Version=v4.6.2, .NETFramework,Version=v4.7, .NETFramework,Version=v4.7.1, .NETFramework,Version=v4.7.2, .NETFramework,Version=v4.8, .NETFramework,Version=v4.8.1' instead of the project target framework 'net8.0'. This package may not be fully compatible with your project.
C:\Users\ultra\warewolf\Dev\Dev2.Diagnostics\Dev2.Diagnostics.csproj : warning NU1701: Package 'GroupControls 1.9.0' was restored using '.NETFramework,Version=v4.6.1, .NETFramework,Version=v4.6.2, .NETFramework,Version=v4.7, .NETFramework,Version=v4.7.1, .NETFramework,Version=v4.7.2, .NETFramework,Version=v4.8, .NETFramework,Version=v4.8.1' instead of the project target framework 'net8.0'. This package may not be fully compatible with your project.
C:\Users\ultra\warewolf\Dev\Dev2.Diagnostics\Dev2.Diagnostics.csproj : warning NU1701: Package 'TaskSchedulerEditor 2.10.1' was restored using '.NETFramework,Version=v4.6.1, .NETFramework,Version=v4.6.2, .NETFramework,Version=v4.7, .NETFramework,Version=v4.7.1, .NETFramework,Version=v4.7.2, .NETFramework,Version=v4.8, .NETFramework,Version=v4.8.1' instead of the project target framework 'net8.0'. This package may not be fully compatible with your project.
C:\Users\ultra\warewolf\Dev\Dev2.Runtime\Dev2.Runtime.csproj : warning NU1903: Package 'Microsoft.Windows.Compatibility' 6.0.0 has a known high severity vulnerability, https://github.com/advisories/GHSA-555c-2p6r-68mm
C:\Users\ultra\warewolf\Dev\Dev2.Runtime\Dev2.Runtime.csproj : warning NU1701: Package 'AeroWizard 2.3.1' was restored using '.NETFramework,Version=v4.6.1, .NETFramework,Version=v4.6.2, .NETFramework,Version=v4.7, .NETFramework,Version=v4.7.1, .NETFramework,Version=v4.7.2, .NETFramework,Version=v4.8, .NETFramework,Version=v4.8.1' instead of the project target framework 'net8.0'. This package may not be fully compatible with your project.
C:\Users\ultra\warewolf\Dev\Dev2.Runtime\Dev2.Runtime.csproj : warning NU1701: Package 'GroupControls 1.9.0' was restored using '.NETFramework,Version=v4.6.1, .NETFramework,Version=v4.6.2, .NETFramework,Version=v4.7, .NETFramework,Version=v4.7.1, .NETFramework,Version=v4.7.2, .NETFramework,Version=v4.8, .NETFramework,Version=v4.8.1' instead of the project target framework 'net8.0'. This package may not be fully compatible with your project.
C:\Users\ultra\warewolf\Dev\Dev2.Runtime\Dev2.Runtime.csproj : warning NU1701: Package 'ReactiveUI.WPF 18.4.1' was restored using '.NETFramework,Version=v4.6.1, .NETFramework,Version=v4.6.2, .NETFramework,Version=v4.7, .NETFramework,Version=v4.7.1, .NETFramework,Version=v4.7.2, .NETFramework,Version=v4.8, .NETFramework,Version=v4.8.1' instead of the project target framework 'net8.0'. This package may not be fully compatible with your project.
C:\Users\ultra\warewolf\Dev\Dev2.Runtime\Dev2.Runtime.csproj : warning NU1701: Package 'TaskSchedulerEditor 2.10.1' was restored using '.NETFramework,Version=v4.6.1, .NETFramework,Version=v4.6.2, .NETFramework,Version=v4.7, .NETFramework,Version=v4.7.1, .NETFramework,Version=v4.7.2, .NETFramework,Version=v4.8, .NETFramework,Version=v4.8.1' instead of the project target framework 'net8.0'. This package may not be fully compatible with your project.
C:\Users\ultra\warewolf\Dev\Warewolf.Storage\Warewolf.Storage.csproj : warning NU1701: Package 'AeroWizard 2.3.1' was restored using '.NETFramework,Version=v4.6.1, .NETFramework,Version=v4.6.2, .NETFramework,Version=v4.7, .NETFramework,Version=v4.7.1, .NETFramework,Version=v4.7.2, .NETFramework,Version=v4.8, .NETFramework,Version=v4.8.1' instead of the project target framework 'net8.0'. This package may not be fully compatible with your project.
C:\Users\ultra\warewolf\Dev\Warewolf.Storage\Warewolf.Storage.csproj : warning NU1701: Package 'GroupControls 1.9.0' was restored using '.NETFramework,Version=v4.6.1, .NETFramework,Version=v4.6.2, .NETFramework,Version=v4.7, .NETFramework,Version=v4.7.1, .NETFramework,Version=v4.7.2, .NETFramework,Version=v4.8, .NETFramework,Version=v4.8.1' instead of the project target framework 'net8.0'. This package may not be fully compatible with your project.
C:\Users\ultra\warewolf\Dev\Warewolf.Storage\Warewolf.Storage.csproj : warning NU1701: Package 'ReactiveUI.WPF 18.4.1' was restored using '.NETFramework,Version=v4.6.1, .NETFramework,Version=v4.6.2, .NETFramework,Version=v4.7, .NETFramework,Version=v4.7.1, .NETFramework,Version=v4.7.2, .NETFramework,Version=v4.8, .NETFramework,Version=v4.8.1' instead of the project target framework 'net8.0'. This package may not be fully compatible with your project.
C:\Users\ultra\warewolf\Dev\Warewolf.Storage\Warewolf.Storage.csproj : warning NU1701: Package 'TaskSchedulerEditor 2.10.1' was restored using '.NETFramework,Version=v4.6.1, .NETFramework,Version=v4.6.2, .NETFramework,Version=v4.7, .NETFramework,Version=v4.7.1, .NETFramework,Version=v4.7.2, .NETFramework,Version=v4.8, .NETFramework,Version=v4.8.1' instead of the project target framework 'net8.0'. This package may not be fully compatible with your project.
  Log4Net.Async -> C:\Users\ultra\warewolf\Dev\Log4Net.Async\bin\Debug\net8.0\Log4Net.Async.dll
C:\Users\ultra\warewolf\Dev\Warewolf.Licensing\Warewolf.Licensing.csproj : warning NU1701: Package 'AeroWizard 2.3.1' was restored using '.NETFramework,Version=v4.6.1, .NETFramework,Version=v4.6.2, .NETFramework,Version=v4.7, .NETFramework,Version=v4.7.1, .NETFramework,Version=v4.7.2, .NETFramework,Version=v4.8, .NETFramework,Version=v4.8.1' instead of the project target framework 'net8.0'. This package may not be fully compatible with your project.
C:\Users\ultra\warewolf\Dev\Warewolf.Licensing\Warewolf.Licensing.csproj : warning NU1701: Package 'GroupControls 1.9.0' was restored using '.NETFramework,Version=v4.6.1, .NETFramework,Version=v4.6.2, .NETFramework,Version=v4.7, .NETFramework,Version=v4.7.1, .NETFramework,Version=v4.7.2, .NETFramework,Version=v4.8, .NETFramework,Version=v4.8.1' instead of the project target framework 'net8.0'. This package may not be fully compatible with your project.
C:\Users\ultra\warewolf\Dev\Warewolf.Licensing\Warewolf.Licensing.csproj : warning NU1701: Package 'TaskSchedulerEditor 2.10.1' was restored using '.NETFramework,Version=v4.6.1, .NETFramework,Version=v4.6.2, .NETFramework,Version=v4.7, .NETFramework,Version=v4.7.1, .NETFramework,Version=v4.7.2, .NETFramework,Version=v4.8, .NETFramework,Version=v4.8.1' instead of the project target framework 'net8.0'. This package may not be fully compatible with your project.
C:\Users\ultra\warewolf\Dev\Warewolf.Interfaces\Data\ChatbotSettingsData.cs(20,23): warning CS0169: The field 'ChatbotSettingsData._encryptDataSource' is never used [C:\Users\ultra\warewolf\Dev\Warewolf.Interfaces\Warewolf.Interfaces.csproj]
C:\Users\ultra\warewolf\Dev\Warewolf.Interfaces\Auditing\SerializableException.cs(15,7): warning CS0414: The field 'SerializableException.HResult' is assigned but its value is never used [C:\Users\ultra\warewolf\Dev\Warewolf.Interfaces\Warewolf.Interfaces.csproj]
  Warewolf.Resource -> C:\Users\ultra\warewolf\Dev\Warewolf.Resource\bin\Debug\net8.0\Warewolf.Resource.dll
  Warewolf.Interfaces -> C:\Users\ultra\warewolf\Dev\Warewolf.Interfaces\bin\Debug\net8.0\Warewolf.Interfaces.dll
C:\Users\ultra\warewolf\Dev\Dev2.Data.Interfaces\Dev2.Data.Interfaces.csproj : warning NU1903: Package 'DotNetZip' 1.16.0 has a known high severity vulnerability, https://github.com/advisories/GHSA-xhg6-9j5j-w4vf
C:\Users\ultra\warewolf\Dev\Dev2.Data.Interfaces\Dev2.Data.Interfaces.csproj : warning NU1701: Package 'AeroWizard 2.3.1' was restored using '.NETFramework,Version=v4.6.1, .NETFramework,Version=v4.6.2, .NETFramework,Version=v4.7, .NETFramework,Version=v4.7.1, .NETFramework,Version=v4.7.2, .NETFramework,Version=v4.8, .NETFramework,Version=v4.8.1' instead of the project target framework 'net8.0'. This package may not be fully compatible with your project.
C:\Users\ultra\warewolf\Dev\Dev2.Data.Interfaces\Dev2.Data.Interfaces.csproj : warning NU1701: Package 'GroupControls 1.9.0' was restored using '.NETFramework,Version=v4.6.1, .NETFramework,Version=v4.6.2, .NETFramework,Version=v4.7, .NETFramework,Version=v4.7.1, .NETFramework,Version=v4.7.2, .NETFramework,Version=v4.8, .NETFramework,Version=v4.8.1' instead of the project target framework 'net8.0'. This package may not be fully compatible with your project.
C:\Users\ultra\warewolf\Dev\Dev2.Data.Interfaces\Dev2.Data.Interfaces.csproj : warning NU1701: Package 'TaskSchedulerEditor 2.10.1' was restored using '.NETFramework,Version=v4.6.1, .NETFramework,Version=v4.6.2, .NETFramework,Version=v4.7, .NETFramework,Version=v4.7.1, .NETFramework,Version=v4.7.2, .NETFramework,Version=v4.8, .NETFramework,Version=v4.8.1' instead of the project target framework 'net8.0'. This package may not be fully compatible with your project.
C:\Users\ultra\warewolf\Dev\Warewolf.Common\Warewolf.Common.csproj : warning NU1701: Package 'AeroWizard 2.3.1' was restored using '.NETFramework,Version=v4.6.1, .NETFramework,Version=v4.6.2, .NETFramework,Version=v4.7, .NETFramework,Version=v4.7.1, .NETFramework,Version=v4.7.2, .NETFramework,Version=v4.8, .NETFramework,Version=v4.8.1' instead of the project target framework 'net8.0'. This package may not be fully compatible with your project.
C:\Users\ultra\warewolf\Dev\Warewolf.Common\Warewolf.Common.csproj : warning NU1701: Package 'GroupControls 1.9.0' was restored using '.NETFramework,Version=v4.6.1, .NETFramework,Version=v4.6.2, .NETFramework,Version=v4.7, .NETFramework,Version=v4.7.1, .NETFramework,Version=v4.7.2, .NETFramework,Version=v4.8, .NETFramework,Version=v4.8.1' instead of the project target framework 'net8.0'. This package may not be fully compatible with your project.
C:\Users\ultra\warewolf\Dev\Warewolf.Common\Warewolf.Common.csproj : warning NU1701: Package 'TaskSchedulerEditor 2.10.1' was restored using '.NETFramework,Version=v4.6.1, .NETFramework,Version=v4.6.2, .NETFramework,Version=v4.7, .NETFramework,Version=v4.7.1, .NETFramework,Version=v4.7.2, .NETFramework,Version=v4.8, .NETFramework,Version=v4.8.1' instead of the project target framework 'net8.0'. This package may not be fully compatible with your project.
C:\Users\ultra\warewolf\Dev\Warewolf.Data\Warewolf.Data.csproj : warning NU1701: Package 'AeroWizard 2.3.1' was restored using '.NETFramework,Version=v4.6.1, .NETFramework,Version=v4.6.2, .NETFramework,Version=v4.7, .NETFramework,Version=v4.7.1, .NETFramework,Version=v4.7.2, .NETFramework,Version=v4.8, .NETFramework,Version=v4.8.1' instead of the project target framework 'net8.0'. This package may not be fully compatible with your project.
C:\Users\ultra\warewolf\Dev\Warewolf.Data\Warewolf.Data.csproj : warning NU1701: Package 'GroupControls 1.9.0' was restored using '.NETFramework,Version=v4.6.1, .NETFramework,Version=v4.6.2, .NETFramework,Version=v4.7, .NETFramework,Version=v4.7.1, .NETFramework,Version=v4.7.2, .NETFramework,Version=v4.8, .NETFramework,Version=v4.8.1' instead of the project target framework 'net8.0'. This package may not be fully compatible with your project.
C:\Users\ultra\warewolf\Dev\Warewolf.Data\Warewolf.Data.csproj : warning NU1701: Package 'TaskSchedulerEditor 2.10.1' was restored using '.NETFramework,Version=v4.6.1, .NETFramework,Version=v4.6.2, .NETFramework,Version=v4.7, .NETFramework,Version=v4.7.1, .NETFramework,Version=v4.7.2, .NETFramework,Version=v4.8, .NETFramework,Version=v4.8.1' instead of the project target framework 'net8.0'. This package may not be fully compatible with your project.
C:\Users\ultra\warewolf\Dev\Warewolf.Security\Encryption\AESThenHMAC.cs(168,34): warning SYSLIB0021: 'AesManaged' is obsolete: 'Derived cryptographic types are obsolete. Use the Create method on the base type instead.' (https://aka.ms/dotnet-warnings/SYSLIB0021) [C:\Users\ultra\warewolf\Dev\Warewolf.Security\Warewolf.Security.csproj]
C:\Users\ultra\warewolf\Dev\Warewolf.Security\Encryption\AESThenHMAC.cs(264,38): warning SYSLIB0021: 'AesManaged' is obsolete: 'Derived cryptographic types are obsolete. Use the Create method on the base type instead.' (https://aka.ms/dotnet-warnings/SYSLIB0021) [C:\Users\ultra\warewolf\Dev\Warewolf.Security\Warewolf.Security.csproj]
C:\Users\ultra\warewolf\Dev\Warewolf.Security\Encryption\AESThenHMAC.cs(331,36): warning SYSLIB0041: 'Rfc2898DeriveBytes.Rfc2898DeriveBytes(string, int, int)' is obsolete: 'The default hash algorithm and iteration counts in Rfc2898DeriveBytes constructors are outdated and insecure. Use a constructor that accepts the hash algorithm and the number of iterations.' (https://aka.ms/dotnet-warnings/SYSLIB0041) [C:\Users\ultra\warewolf\Dev\Warewolf.Security\Warewolf.Security.csproj]
C:\Users\ultra\warewolf\Dev\Warewolf.Security\Encryption\AESThenHMAC.cs(345,36): warning SYSLIB0041: 'Rfc2898DeriveBytes.Rfc2898DeriveBytes(string, int, int)' is obsolete: 'The default hash algorithm and iteration counts in Rfc2898DeriveBytes constructors are outdated and insecure. Use a constructor that accepts the hash algorithm and the number of iterations.' (https://aka.ms/dotnet-warnings/SYSLIB0041) [C:\Users\ultra\warewolf\Dev\Warewolf.Security\Warewolf.Security.csproj]
C:\Users\ultra\warewolf\Dev\Warewolf.Security\Encryption\AESThenHMAC.cs(393,36): warning SYSLIB0041: 'Rfc2898DeriveBytes.Rfc2898DeriveBytes(string, byte[], int)' is obsolete: 'The default hash algorithm and iteration counts in Rfc2898DeriveBytes constructors are outdated and insecure. Use a constructor that accepts the hash algorithm and the number of iterations.' (https://aka.ms/dotnet-warnings/SYSLIB0041) [C:\Users\ultra\warewolf\Dev\Warewolf.Security\Warewolf.Security.csproj]
C:\Users\ultra\warewolf\Dev\Warewolf.Security\Encryption\AESThenHMAC.cs(398,36): warning SYSLIB0041: 'Rfc2898DeriveBytes.Rfc2898DeriveBytes(string, byte[], int)' is obsolete: 'The default hash algorithm and iteration counts in Rfc2898DeriveBytes constructors are outdated and insecure. Use a constructor that accepts the hash algorithm and the number of iterations.' (https://aka.ms/dotnet-warnings/SYSLIB0041) [C:\Users\ultra\warewolf\Dev\Warewolf.Security\Warewolf.Security.csproj]
  Warewolf.Common.Interfaces.NetStandard20 -> C:\Users\ultra\warewolf\Dev\Warewolf.Common.Interfaces.NetStandard20\bin\Debug\net8.0\Warewolf.Common.Interfaces.NetStandard20.dll
  Dev2.SignalR.Wrappers.Interfaces -> C:\Users\ultra\warewolf\Dev\Dev2.SignalR.Wrappers\bin\Debug\net8.0\Dev2.SignalR.Wrappers.dll
  Warewolf.Security -> C:\Users\ultra\warewolf\Dev\Warewolf.Security\bin\Debug\net8.0\Warewolf.Security.dll
C:\Users\ultra\warewolf\Dev\Warewolf.Language.Parser\Warewolf.Language.Parser.fsproj : warning NU1504: Duplicate 'PackageReference' items found. Remove the duplicate items or use the Update functionality to ensure a consistent restore behavior. The duplicate 'PackageReference' items are: FSharp.Core 10.1.201, FSharp.Core 4.6.2.
C:\Users\ultra\warewolf\Dev\Warewolf.AI.Harness\Warewolf.AI.Harness.csproj : warning NU1701: Package 'AeroWizard 2.3.1' was restored using '.NETFramework,Version=v4.6.1, .NETFramework,Version=v4.6.2, .NETFramework,Version=v4.7, .NETFramework,Version=v4.7.1, .NETFramework,Version=v4.7.2, .NETFramework,Version=v4.8, .NETFramework,Version=v4.8.1' instead of the project target framework 'net8.0'. This package may not be fully compatible with your project.
C:\Users\ultra\warewolf\Dev\Warewolf.AI.Harness\Warewolf.AI.Harness.csproj : warning NU1701: Package 'GroupControls 1.9.0' was restored using '.NETFramework,Version=v4.6.1, .NETFramework,Version=v4.6.2, .NETFramework,Version=v4.7, .NETFramework,Version=v4.7.1, .NETFramework,Version=v4.7.2, .NETFramework,Version=v4.8, .NETFramework,Version=v4.8.1' instead of the project target framework 'net8.0'. This package may not be fully compatible with your project.
C:\Users\ultra\warewolf\Dev\Warewolf.AI.Harness\Warewolf.AI.Harness.csproj : warning NU1701: Package 'TaskSchedulerEditor 2.10.1' was restored using '.NETFramework,Version=v4.6.1, .NETFramework,Version=v4.6.2, .NETFramework,Version=v4.7, .NETFramework,Version=v4.7.1, .NETFramework,Version=v4.7.2, .NETFramework,Version=v4.8, .NETFramework,Version=v4.8.1' instead of the project target framework 'net8.0'. This package may not be fully compatible with your project.
  GACManagerApi -> C:\Users\ultra\warewolf\Dev\GACManagerApi\bin\Debug\net8.0\GACManagerApi.dll
C:\Program Files\dotnet\sdk\10.0.201\Sdks\Microsoft.NET.Sdk\targets\Microsoft.NET.Sdk.DefaultItems.targets(162,5): warning NETSDK1137: It is no longer necessary to use the Microsoft.NET.Sdk.WindowsDesktop SDK. Consider changing the Sdk attribute of the root Project element to 'Microsoft.NET.Sdk'. [C:\Users\ultra\warewolf\Dev\Warewolf.Studio.Core\Warewolf.Studio.Core.csproj]
C:\Program Files\dotnet\sdk\10.0.201\Sdks\Microsoft.NET.Sdk.WindowsDesktop\targets\Microsoft.NET.Sdk.WindowsDesktop.targets(138,5): warning NETSDK1106: Microsoft.NET.Sdk.WindowsDesktop requires 'UseWpf' or 'UseWindowsForms' to be set to 'true' [C:\Users\ultra\warewolf\Dev\Warewolf.Studio.Core\Warewolf.Studio.Core.csproj]
C:\Users\ultra\warewolf\Dev\Warewolf.Studio.Core\Warewolf.Studio.Core.csproj : warning NU1701: Package 'AeroWizard 2.3.1' was restored using '.NETFramework,Version=v4.6.1, .NETFramework,Version=v4.6.2, .NETFramework,Version=v4.7, .NETFramework,Version=v4.7.1, .NETFramework,Version=v4.7.2, .NETFramework,Version=v4.8, .NETFramework,Version=v4.8.1' instead of the project target framework 'net8.0'. This package may not be fully compatible with your project.
C:\Users\ultra\warewolf\Dev\Warewolf.Studio.Core\Warewolf.Studio.Core.csproj : warning NU1701: Package 'GroupControls 1.9.0' was restored using '.NETFramework,Version=v4.6.1, .NETFramework,Version=v4.6.2, .NETFramework,Version=v4.7, .NETFramework,Version=v4.7.1, .NETFramework,Version=v4.7.2, .NETFramework,Version=v4.8, .NETFramework,Version=v4.8.1' instead of the project target framework 'net8.0'. This package may not be fully compatible with your project.
C:\Users\ultra\warewolf\Dev\Warewolf.Studio.Core\Warewolf.Studio.Core.csproj : warning NU1701: Package 'Microsoft.Xaml.Behaviors.Wpf 1.1.122' was restored using '.NETFramework,Version=v4.6.1, .NETFramework,Version=v4.6.2, .NETFramework,Version=v4.7, .NETFramework,Version=v4.7.1, .NETFramework,Version=v4.7.2, .NETFramework,Version=v4.8, .NETFramework,Version=v4.8.1' instead of the project target framework 'net8.0'. This package may not be fully compatible with your project.
C:\Users\ultra\warewolf\Dev\Warewolf.Studio.Core\Warewolf.Studio.Core.csproj : warning NU1701: Package 'Prism.Wpf 9.0.537' was restored using '.NETFramework,Version=v4.6.1, .NETFramework,Version=v4.6.2, .NETFramework,Version=v4.7, .NETFramework,Version=v4.7.1, .NETFramework,Version=v4.7.2, .NETFramework,Version=v4.8, .NETFramework,Version=v4.8.1' instead of the project target framework 'net8.0'. This package may not be fully compatible with your project.
C:\Users\ultra\warewolf\Dev\Warewolf.Studio.Core\Warewolf.Studio.Core.csproj : warning NU1701: Package 'ReactiveUI.WPF 18.4.1' was restored using '.NETFramework,Version=v4.6.1, .NETFramework,Version=v4.6.2, .NETFramework,Version=v4.7, .NETFramework,Version=v4.7.1, .NETFramework,Version=v4.7.2, .NETFramework,Version=v4.8, .NETFramework,Version=v4.8.1' instead of the project target framework 'net8.0'. This package may not be fully compatible with your project.
C:\Users\ultra\warewolf\Dev\Warewolf.Studio.Core\Warewolf.Studio.Core.csproj : warning NU1701: Package 'TaskSchedulerEditor 2.10.1' was restored using '.NETFramework,Version=v4.6.1, .NETFramework,Version=v4.6.2, .NETFramework,Version=v4.7, .NETFramework,Version=v4.7.1, .NETFramework,Version=v4.7.2, .NETFramework,Version=v4.8, .NETFramework,Version=v4.8.1' instead of the project target framework 'net8.0'. This package may not be fully compatible with your project.
C:\Users\ultra\warewolf\Dev\Warewolf.ResourceManagement\Warewolf.ResourceManagement.csproj : warning NU1701: Package 'AeroWizard 2.3.1' was restored using '.NETFramework,Version=v4.6.1, .NETFramework,Version=v4.6.2, .NETFramework,Version=v4.7, .NETFramework,Version=v4.7.1, .NETFramework,Version=v4.7.2, .NETFramework,Version=v4.8, .NETFramework,Version=v4.8.1' instead of the project target framework 'net8.0'. This package may not be fully compatible with your project.
C:\Users\ultra\warewolf\Dev\Warewolf.ResourceManagement\Warewolf.ResourceManagement.csproj : warning NU1701: Package 'GroupControls 1.9.0' was restored using '.NETFramework,Version=v4.6.1, .NETFramework,Version=v4.6.2, .NETFramework,Version=v4.7, .NETFramework,Version=v4.7.1, .NETFramework,Version=v4.7.2, .NETFramework,Version=v4.8, .NETFramework,Version=v4.8.1' instead of the project target framework 'net8.0'. This package may not be fully compatible with your project.
C:\Users\ultra\warewolf\Dev\Warewolf.ResourceManagement\Warewolf.ResourceManagement.csproj : warning NU1701: Package 'ReactiveUI.WPF 18.4.1' was restored using '.NETFramework,Version=v4.6.1, .NETFramework,Version=v4.6.2, .NETFramework,Version=v4.7, .NETFramework,Version=v4.7.1, .NETFramework,Version=v4.7.2, .NETFramework,Version=v4.8, .NETFramework,Version=v4.8.1' instead of the project target framework 'net8.0'. This package may not be fully compatible with your project.
C:\Users\ultra\warewolf\Dev\Warewolf.ResourceManagement\Warewolf.ResourceManagement.csproj : warning NU1701: Package 'TaskSchedulerEditor 2.10.1' was restored using '.NETFramework,Version=v4.6.1, .NETFramework,Version=v4.6.2, .NETFramework,Version=v4.7, .NETFramework,Version=v4.7.1, .NETFramework,Version=v4.7.2, .NETFramework,Version=v4.8, .NETFramework,Version=v4.8.1' instead of the project target framework 'net8.0'. This package may not be fully compatible with your project.
  Warewolf.ServiceDefinitions -> C:\Users\ultra\warewolf\Dev\Warewolf.ServiceDefinitions\bin\Debug\net8.0\Warewolf.ServiceDefinitions.dll
C:\Users\ultra\warewolf\Dev\Warewolf.Sharepoint\Warewolf.Sharepoint.csproj : warning NU1701: Package 'AeroWizard 2.3.1' was restored using '.NETFramework,Version=v4.6.1, .NETFramework,Version=v4.6.2, .NETFramework,Version=v4.7, .NETFramework,Version=v4.7.1, .NETFramework,Version=v4.7.2, .NETFramework,Version=v4.8, .NETFramework,Version=v4.8.1' instead of the project target framework 'net8.0'. This package may not be fully compatible with your project.
C:\Users\ultra\warewolf\Dev\Warewolf.Sharepoint\Warewolf.Sharepoint.csproj : warning NU1701: Package 'GroupControls 1.9.0' was restored using '.NETFramework,Version=v4.6.1, .NETFramework,Version=v4.6.2, .NETFramework,Version=v4.7, .NETFramework,Version=v4.7.1, .NETFramework,Version=v4.7.2, .NETFramework,Version=v4.8, .NETFramework,Version=v4.8.1' instead of the project target framework 'net8.0'. This package may not be fully compatible with your project.
C:\Users\ultra\warewolf\Dev\Warewolf.Sharepoint\Warewolf.Sharepoint.csproj : warning NU1701: Package 'ReactiveUI.WPF 18.4.1' was restored using '.NETFramework,Version=v4.6.1, .NETFramework,Version=v4.6.2, .NETFramework,Version=v4.7, .NETFramework,Version=v4.7.1, .NETFramework,Version=v4.7.2, .NETFramework,Version=v4.8, .NETFramework,Version=v4.8.1' instead of the project target framework 'net8.0'. This package may not be fully compatible with your project.
C:\Users\ultra\warewolf\Dev\Warewolf.Sharepoint\Warewolf.Sharepoint.csproj : warning NU1701: Package 'TaskSchedulerEditor 2.10.1' was restored using '.NETFramework,Version=v4.6.1, .NETFramework,Version=v4.6.2, .NETFramework,Version=v4.7, .NETFramework,Version=v4.7.1, .NETFramework,Version=v4.7.2, .NETFramework,Version=v4.8, .NETFramework,Version=v4.8.1' instead of the project target framework 'net8.0'. This package may not be fully compatible with your project.
C:\Users\ultra\warewolf\Dev\Warewolf.Common.NetStandard20\Warewolf.Common.NetStandard20.csproj : warning NU1701: Package 'AeroWizard 2.3.1' was restored using '.NETFramework,Version=v4.6.1, .NETFramework,Version=v4.6.2, .NETFramework,Version=v4.7, .NETFramework,Version=v4.7.1, .NETFramework,Version=v4.7.2, .NETFramework,Version=v4.8, .NETFramework,Version=v4.8.1' instead of the project target framework 'net8.0'. This package may not be fully compatible with your project.
C:\Users\ultra\warewolf\Dev\Warewolf.Common.NetStandard20\Warewolf.Common.NetStandard20.csproj : warning NU1701: Package 'GroupControls 1.9.0' was restored using '.NETFramework,Version=v4.6.1, .NETFramework,Version=v4.6.2, .NETFramework,Version=v4.7, .NETFramework,Version=v4.7.1, .NETFramework,Version=v4.7.2, .NETFramework,Version=v4.8, .NETFramework,Version=v4.8.1' instead of the project target framework 'net8.0'. This package may not be fully compatible with your project.
C:\Users\ultra\warewolf\Dev\Warewolf.Common.NetStandard20\Warewolf.Common.NetStandard20.csproj : warning NU1701: Package 'ReactiveUI.WPF 18.4.1' was restored using '.NETFramework,Version=v4.6.1, .NETFramework,Version=v4.6.2, .NETFramework,Version=v4.7, .NETFramework,Version=v4.7.1, .NETFramework,Version=v4.7.2, .NETFramework,Version=v4.8, .NETFramework,Version=v4.8.1' instead of the project target framework 'net8.0'. This package may not be fully compatible with your project.
C:\Users\ultra\warewolf\Dev\Warewolf.Common.NetStandard20\Warewolf.Common.NetStandard20.csproj : warning NU1701: Package 'TaskSchedulerEditor 2.10.1' was restored using '.NETFramework,Version=v4.6.1, .NETFramework,Version=v4.6.2, .NETFramework,Version=v4.7, .NETFramework,Version=v4.7.1, .NETFramework,Version=v4.7.2, .NETFramework,Version=v4.8, .NETFramework,Version=v4.8.1' instead of the project target framework 'net8.0'. This package may not be fully compatible with your project.
  Warewolf.Weave -> C:\Users\ultra\warewolf\Dev\Warewolf.Weave\bin\Debug\net8.0\Warewolf.Weave.dll
  Consider app.config remapping of assembly "System.Runtime.CompilerServices.Unsafe, Culture=neutral, PublicKeyToken=b03f5f7f11d50a3a" from Version "6.0.0.0" [] to Version "8.0.0.0" [C:\Program Files\dotnet\packs\Microsoft.NETCore.App.Ref\8.0.25\ref\net8.0\System.Runtime.CompilerServices.Unsafe.dll] to solve conflict and get rid of warning.
C:\Users\ultra\warewolf\Dev\Warewolf.Driver.Persistence\Warewolf.Driver.Persistence.csproj : warning NU1701: Package 'AeroWizard 2.3.1' was restored using '.NETFramework,Version=v4.6.1, .NETFramework,Version=v4.6.2, .NETFramework,Version=v4.7, .NETFramework,Version=v4.7.1, .NETFramework,Version=v4.7.2, .NETFramework,Version=v4.8, .NETFramework,Version=v4.8.1' instead of the project target framework 'net8.0'. This package may not be fully compatible with your project.
C:\Users\ultra\warewolf\Dev\Warewolf.Driver.Persistence\Warewolf.Driver.Persistence.csproj : warning NU1701: Package 'GroupControls 1.9.0' was restored using '.NETFramework,Version=v4.6.1, .NETFramework,Version=v4.6.2, .NETFramework,Version=v4.7, .NETFramework,Version=v4.7.1, .NETFramework,Version=v4.7.2, .NETFramework,Version=v4.8, .NETFramework,Version=v4.8.1' instead of the project target framework 'net8.0'. This package may not be fully compatible with your project.
C:\Users\ultra\warewolf\Dev\Warewolf.Driver.Persistence\Warewolf.Driver.Persistence.csproj : warning NU1701: Package 'ReactiveUI.WPF 18.4.1' was restored using '.NETFramework,Version=v4.6.1, .NETFramework,Version=v4.6.2, .NETFramework,Version=v4.7, .NETFramework,Version=v4.7.1, .NETFramework,Version=v4.7.2, .NETFramework,Version=v4.8, .NETFramework,Version=v4.8.1' instead of the project target framework 'net8.0'. This package may not be fully compatible with your project.
C:\Users\ultra\warewolf\Dev\Warewolf.Driver.Persistence\Warewolf.Driver.Persistence.csproj : warning NU1701: Package 'TaskSchedulerEditor 2.10.1' was restored using '.NETFramework,Version=v4.6.1, .NETFramework,Version=v4.6.2, .NETFramework,Version=v4.7, .NETFramework,Version=v4.7.1, .NETFramework,Version=v4.7.2, .NETFramework,Version=v4.8, .NETFramework,Version=v4.8.1' instead of the project target framework 'net8.0'. This package may not be fully compatible with your project.
C:\Users\ultra\warewolf\Dev\Dev2.SignalR.Wrappers.New\Dev2.SignalR.Wrappers.New.csproj : warning NU1701: Package 'AeroWizard 2.3.1' was restored using '.NETFramework,Version=v4.6.1, .NETFramework,Version=v4.6.2, .NETFramework,Version=v4.7, .NETFramework,Version=v4.7.1, .NETFramework,Version=v4.7.2, .NETFramework,Version=v4.8, .NETFramework,Version=v4.8.1' instead of the project target framework 'net8.0'. This package may not be fully compatible with your project.
C:\Users\ultra\warewolf\Dev\Dev2.SignalR.Wrappers.New\Dev2.SignalR.Wrappers.New.csproj : warning NU1701: Package 'GroupControls 1.9.0' was restored using '.NETFramework,Version=v4.6.1, .NETFramework,Version=v4.6.2, .NETFramework,Version=v4.7, .NETFramework,Version=v4.7.1, .NETFramework,Version=v4.7.2, .NETFramework,Version=v4.8, .NETFramework,Version=v4.8.1' instead of the project target framework 'net8.0'. This package may not be fully compatible with your project.
C:\Users\ultra\warewolf\Dev\Dev2.SignalR.Wrappers.New\Dev2.SignalR.Wrappers.New.csproj : warning NU1701: Package 'ReactiveUI.WPF 18.4.1' was restored using '.NETFramework,Version=v4.6.1, .NETFramework,Version=v4.6.2, .NETFramework,Version=v4.7, .NETFramework,Version=v4.7.1, .NETFramework,Version=v4.7.2, .NETFramework,Version=v4.8, .NETFramework,Version=v4.8.1' instead of the project target framework 'net8.0'. This package may not be fully compatible with your project.
C:\Users\ultra\warewolf\Dev\Dev2.SignalR.Wrappers.New\Dev2.SignalR.Wrappers.New.csproj : warning NU1701: Package 'TaskSchedulerEditor 2.10.1' was restored using '.NETFramework,Version=v4.6.1, .NETFramework,Version=v4.6.2, .NETFramework,Version=v4.7, .NETFramework,Version=v4.7.1, .NETFramework,Version=v4.7.2, .NETFramework,Version=v4.8, .NETFramework,Version=v4.8.1' instead of the project target framework 'net8.0'. This package may not be fully compatible with your project.
  Warewolf.Driver.Redis -> C:\Users\ultra\warewolf\Dev\Warewolf.Driver.Redis\bin\Debug\net8.0\Warewolf.Driver.Redis.dll
  Warewolf.Driver.RabbitMQ -> C:\Users\ultra\warewolf\Dev\Warewolf.Driver.RabbitMQ\bin\Debug\net8.0\Warewolf.Driver.RabbitMQ.dll
  Warewolf.Studio.Resources -> C:\Users\ultra\warewolf\Dev\Warewolf.Studio.Resources\bin\Debug\net8.0\Warewolf.Studio.Resources.dll
C:\Users\ultra\warewolf\Dev\Dev2.Services.Sql\Dev2.Services.Sql.csproj : warning NU1903: Package 'Oracle.ManagedDataAccess.Core' 3.21.70 has a known high severity vulnerability, https://github.com/advisories/GHSA-5pm2-9mr2-3frq
C:\Users\ultra\warewolf\Dev\Dev2.Services.Sql\Dev2.Services.Sql.csproj : warning NU1701: Package 'AeroWizard 2.3.1' was restored using '.NETFramework,Version=v4.6.1, .NETFramework,Version=v4.6.2, .NETFramework,Version=v4.7, .NETFramework,Version=v4.7.1, .NETFramework,Version=v4.7.2, .NETFramework,Version=v4.8, .NETFramework,Version=v4.8.1' instead of the project target framework 'net8.0'. This package may not be fully compatible with your project.
C:\Users\ultra\warewolf\Dev\Dev2.Services.Sql\Dev2.Services.Sql.csproj : warning NU1701: Package 'GroupControls 1.9.0' was restored using '.NETFramework,Version=v4.6.1, .NETFramework,Version=v4.6.2, .NETFramework,Version=v4.7, .NETFramework,Version=v4.7.1, .NETFramework,Version=v4.7.2, .NETFramework,Version=v4.8, .NETFramework,Version=v4.8.1' instead of the project target framework 'net8.0'. This package may not be fully compatible with your project.
C:\Users\ultra\warewolf\Dev\Dev2.Services.Sql\Dev2.Services.Sql.csproj : warning NU1701: Package 'ReactiveUI.WPF 18.4.1' was restored using '.NETFramework,Version=v4.6.1, .NETFramework,Version=v4.6.2, .NETFramework,Version=v4.7, .NETFramework,Version=v4.7.1, .NETFramework,Version=v4.7.2, .NETFramework,Version=v4.8, .NETFramework,Version=v4.8.1' instead of the project target framework 'net8.0'. This package may not be fully compatible with your project.
C:\Users\ultra\warewolf\Dev\Dev2.Services.Sql\Dev2.Services.Sql.csproj : warning NU1701: Package 'TaskSchedulerEditor 2.10.1' was restored using '.NETFramework,Version=v4.6.1, .NETFramework,Version=v4.6.2, .NETFramework,Version=v4.7, .NETFramework,Version=v4.7.1, .NETFramework,Version=v4.7.2, .NETFramework,Version=v4.8, .NETFramework,Version=v4.8.1' instead of the project target framework 'net8.0'. This package may not be fully compatible with your project.
C:\Users\ultra\warewolf\Dev\Dev2.Development.Languages\Dev2.Development.Languages.csproj : warning NU1701: Package 'AeroWizard 2.3.1' was restored using '.NETFramework,Version=v4.6.1, .NETFramework,Version=v4.6.2, .NETFramework,Version=v4.7, .NETFramework,Version=v4.7.1, .NETFramework,Version=v4.7.2, .NETFramework,Version=v4.8, .NETFramework,Version=v4.8.1' instead of the project target framework 'net8.0'. This package may not be fully compatible with your project.
C:\Users\ultra\warewolf\Dev\Dev2.Development.Languages\Dev2.Development.Languages.csproj : warning NU1701: Package 'GroupControls 1.9.0' was restored using '.NETFramework,Version=v4.6.1, .NETFramework,Version=v4.6.2, .NETFramework,Version=v4.7, .NETFramework,Version=v4.7.1, .NETFramework,Version=v4.7.2, .NETFramework,Version=v4.8, .NETFramework,Version=v4.8.1' instead of the project target framework 'net8.0'. This package may not be fully compatible with your project.
C:\Users\ultra\warewolf\Dev\Dev2.Development.Languages\Dev2.Development.Languages.csproj : warning NU1701: Package 'TaskSchedulerEditor 2.10.1' was restored using '.NETFramework,Version=v4.6.1, .NETFramework,Version=v4.6.2, .NETFramework,Version=v4.7, .NETFramework,Version=v4.7.1, .NETFramework,Version=v4.7.2, .NETFramework,Version=v4.8, .NETFramework,Version=v4.8.1' instead of the project target framework 'net8.0'. This package may not be fully compatible with your project.
  Warewolf.Parser.Interop -> C:\Users\ultra\warewolf\Dev\Warewolf.Parser.Interop\bin\Debug\net8.0\WarewolfParserInterop.dll
C:\Users\ultra\warewolf\Dev\Dev2.Common.Interfaces\Attribute\ReasonAttribute.cs(13,18): warning CC0023: Mark 'ReasonAttribute' as sealed. (https://code-cracker.github.io/diagnostics/CC0023.html) [C:\Users\ultra\warewolf\Dev\Dev2.Common.Interfaces\Dev2.Common.Interfaces.csproj]
C:\Users\ultra\warewolf\Dev\Dev2.Common.Interfaces\Wrappers\IDirectoryEntry.cs(190,35): warning CC0057: Parameter 'path' is not used. (https://code-cracker.github.io/diagnostics/CC0057.html) [C:\Users\ultra\warewolf\Dev\Dev2.Common.Interfaces\Dev2.Common.Interfaces.csproj]
C:\Users\ultra\warewolf\Dev\Dev2.Common.Interfaces\DllListing.cs(97,17): warning CC0105: Use 'var' instead of specifying the type name. (https://code-cracker.github.io/diagnostics/CC0105.html) [C:\Users\ultra\warewolf\Dev\Dev2.Common.Interfaces\Dev2.Common.Interfaces.csproj]
C:\Users\ultra\warewolf\Dev\Dev2.Common.Interfaces\DllListing.cs(98,17): warning CC0105: Use 'var' instead of specifying the type name. (https://code-cracker.github.io/diagnostics/CC0105.html) [C:\Users\ultra\warewolf\Dev\Dev2.Common.Interfaces\Dev2.Common.Interfaces.csproj]
C:\Users\ultra\warewolf\Dev\Dev2.Common.Interfaces\Runtime\Services\IStreamContentFactory.cs(48,21): warning CC0029: 'StreamContentWrapper' should call GC.SuppressFinalize inside the Dispose method. (https://code-cracker.github.io/diagnostics/CC0029.html) [C:\Users\ultra\warewolf\Dev\Dev2.Common.Interfaces\Dev2.Common.Interfaces.csproj]
  Dev2.Common.Interfaces -> C:\Users\ultra\warewolf\Dev\Dev2.Common.Interfaces\bin\Debug\net8.0\Dev2.Common.Interfaces.dll
C:\Users\ultra\warewolf\Dev\Warewolf.Language.Parser\EvaluationFunctions.fs(277,15): warning FS3548: Pattern discard is not allowed for union case that takes no data. [C:\Users\ultra\warewolf\Dev\Warewolf.Language.Parser\Warewolf.Language.Parser.fsproj]
C:\Users\ultra\warewolf\Dev\Warewolf.Language.Parser\EvaluationFunctions.fs(305,15): warning FS3548: Pattern discard is not allowed for union case that takes no data. [C:\Users\ultra\warewolf\Dev\Warewolf.Language.Parser\Warewolf.Language.Parser.fsproj]
C:\Users\ultra\warewolf\Dev\Warewolf.Language.Parser\EvaluationFunctions.fs(748,21): warning FS3873: This construct is deprecated. Sequence expressions should be of the form 'seq { ... }' [C:\Users\ultra\warewolf\Dev\Warewolf.Language.Parser\Warewolf.Language.Parser.fsproj]
C:\Users\ultra\warewolf\Dev\Warewolf.Language.Parser\EvaluationFunctions.fs(751,28): warning FS3873: This construct is deprecated. Sequence expressions should be of the form 'seq { ... }' [C:\Users\ultra\warewolf\Dev\Warewolf.Language.Parser\Warewolf.Language.Parser.fsproj]
C:\Users\ultra\warewolf\Dev\Warewolf.Language.Parser\WarewolfDataEvaluationCommon.fs(593,21): warning FS3873: This construct is deprecated. Sequence expressions should be of the form 'seq { ... }' [C:\Users\ultra\warewolf\Dev\Warewolf.Language.Parser\Warewolf.Language.Parser.fsproj]
C:\Users\ultra\warewolf\Dev\Warewolf.Language.Parser\WarewolfDataEvaluationCommon.fs(596,28): warning FS3873: This construct is deprecated. Sequence expressions should be of the form 'seq { ... }' [C:\Users\ultra\warewolf\Dev\Warewolf.Language.Parser\Warewolf.Language.Parser.fsproj]
  Warewolf.Language.Parser -> C:\Users\ultra\warewolf\Dev\Warewolf.Language.Parser\bin\Debug\net8.0\Warewolf.Language.Parser.dll
C:\Users\ultra\warewolf\Dev\Warewolf.Data\NamedInt.cs(160,21): warning CA2200: Re-throwing caught exception changes stack information (https://learn.microsoft.com/dotnet/fundamentals/code-analysis/quality-rules/ca2200) [C:\Users\ultra\warewolf\Dev\Warewolf.Data\Warewolf.Data.csproj]
  Warewolf.Data -> C:\Users\ultra\warewolf\Dev\Warewolf.Data\bin\Debug\net8.0\Warewolf.Data.dll
  Warewolf.Storage.Interfaces -> C:\Users\ultra\warewolf\Dev\Warewolf.Storage.Interfaces\bin\Debug\net8.0\Warewolf.Storage.Interfaces.dll
  Dev2.Data.Interfaces -> C:\Users\ultra\warewolf\Dev\Dev2.Data.Interfaces\bin\Debug\net8.0\Dev2.Data.Interfaces.dll
  Warewolf.Common -> C:\Users\ultra\warewolf\Dev\Warewolf.Common\bin\Debug\net8.0\Warewolf.Common.dll
C:\Users\ultra\warewolf\Dev\Dev2.Common\ExtMethods\StringExtension.cs(302,13): warning CC0004: Empty Catch Block. (https://code-cracker.github.io/diagnostics/CC0004.html) [C:\Users\ultra\warewolf\Dev\Dev2.Common\Dev2.Common.csproj]
  Dev2.Common -> C:\Users\ultra\warewolf\Dev\Dev2.Common\bin\Debug\net8.0\Dev2.Common.dll
C:\Program Files\dotnet\sdk\10.0.201\Microsoft.Common.CurrentVersion.targets(2451,5): warning MSB3277: Found conflicts between different versions of "WindowsBase" that could not be resolved. [C:\Users\ultra\warewolf\Dev\Dev2.Development.Languages\Dev2.Development.Languages.csproj]
C:\Program Files\dotnet\sdk\10.0.201\Microsoft.Common.CurrentVersion.targets(2451,5): warning MSB3277: There was a conflict between "WindowsBase, Version=4.0.0.0, Culture=neutral, PublicKeyToken=31bf3856ad364e35" and "WindowsBase, Version=6.0.2.0, Culture=neutral, PublicKeyToken=31bf3856ad364e35". [C:\Users\ultra\warewolf\Dev\Dev2.Development.Languages\Dev2.Development.Languages.csproj]
C:\Program Files\dotnet\sdk\10.0.201\Microsoft.Common.CurrentVersion.targets(2451,5): warning MSB3277:     "WindowsBase, Version=4.0.0.0, Culture=neutral, PublicKeyToken=31bf3856ad364e35" was chosen because it was primary and "WindowsBase, Version=6.0.2.0, Culture=neutral, PublicKeyToken=31bf3856ad364e35" was not. [C:\Users\ultra\warewolf\Dev\Dev2.Development.Languages\Dev2.Development.Languages.csproj]
C:\Program Files\dotnet\sdk\10.0.201\Microsoft.Common.CurrentVersion.targets(2451,5): warning MSB3277:     References which depend on "WindowsBase, Version=4.0.0.0, Culture=neutral, PublicKeyToken=31bf3856ad364e35" [C:\Program Files\dotnet\packs\Microsoft.NETCore.App.Ref\8.0.25\ref\net8.0\WindowsBase.dll]. [C:\Users\ultra\warewolf\Dev\Dev2.Development.Languages\Dev2.Development.Languages.csproj]
C:\Program Files\dotnet\sdk\10.0.201\Microsoft.Common.CurrentVersion.targets(2451,5): warning MSB3277:         C:\Program Files\dotnet\packs\Microsoft.NETCore.App.Ref\8.0.25\ref\net8.0\WindowsBase.dll [C:\Users\ultra\warewolf\Dev\Dev2.Development.Languages\Dev2.Development.Languages.csproj]
C:\Program Files\dotnet\sdk\10.0.201\Microsoft.Common.CurrentVersion.targets(2451,5): warning MSB3277:           Project file item includes which caused reference "C:\Program Files\dotnet\packs\Microsoft.NETCore.App.Ref\8.0.25\ref\net8.0\WindowsBase.dll". [C:\Users\ultra\warewolf\Dev\Dev2.Development.Languages\Dev2.Development.Languages.csproj]
C:\Program Files\dotnet\sdk\10.0.201\Microsoft.Common.CurrentVersion.targets(2451,5): warning MSB3277:             C:\Program Files\dotnet\packs\Microsoft.NETCore.App.Ref\8.0.25\ref/net8.0/WindowsBase.dll [C:\Users\ultra\warewolf\Dev\Dev2.Development.Languages\Dev2.Development.Languages.csproj]
C:\Program Files\dotnet\sdk\10.0.201\Microsoft.Common.CurrentVersion.targets(2451,5): warning MSB3277:     References which depend on or have been unified to "WindowsBase, Version=6.0.2.0, Culture=neutral, PublicKeyToken=31bf3856ad364e35" []. [C:\Users\ultra\warewolf\Dev\Dev2.Development.Languages\Dev2.Development.Languages.csproj]
C:\Program Files\dotnet\sdk\10.0.201\Microsoft.Common.CurrentVersion.targets(2451,5): warning MSB3277:         C:\Users\ultra\.nuget\packages\caliburn.micro\4.0.212\lib\netcoreapp3.1\Caliburn.Micro.Platform.dll [C:\Users\ultra\warewolf\Dev\Dev2.Development.Languages\Dev2.Development.Languages.csproj]
C:\Program Files\dotnet\sdk\10.0.201\Microsoft.Common.CurrentVersion.targets(2451,5): warning MSB3277:           Project file item includes which caused reference "C:\Users\ultra\.nuget\packages\caliburn.micro\4.0.212\lib\netcoreapp3.1\Caliburn.Micro.Platform.dll". [C:\Users\ultra\warewolf\Dev\Dev2.Development.Languages\Dev2.Development.Languages.csproj]
C:\Program Files\dotnet\sdk\10.0.201\Microsoft.Common.CurrentVersion.targets(2451,5): warning MSB3277:             C:\Users\ultra\.nuget\packages\caliburn.micro\4.0.212\lib\netcoreapp3.1\Caliburn.Micro.Platform.dll [C:\Users\ultra\warewolf\Dev\Dev2.Development.Languages\Dev2.Development.Languages.csproj]
C:\Program Files\dotnet\sdk\10.0.201\Microsoft.Common.CurrentVersion.targets(2451,5): warning MSB3277:         C:\Users\ultra\.nuget\packages\ironpython\3.4.0\lib\net6.0\IronPython.Wpf.dll [C:\Users\ultra\warewolf\Dev\Dev2.Development.Languages\Dev2.Development.Languages.csproj]
C:\Program Files\dotnet\sdk\10.0.201\Microsoft.Common.CurrentVersion.targets(2451,5): warning MSB3277:           Project file item includes which caused reference "C:\Users\ultra\.nuget\packages\ironpython\3.4.0\lib\net6.0\IronPython.Wpf.dll". [C:\Users\ultra\warewolf\Dev\Dev2.Development.Languages\Dev2.Development.Languages.csproj]
C:\Program Files\dotnet\sdk\10.0.201\Microsoft.Common.CurrentVersion.targets(2451,5): warning MSB3277:             C:\Users\ultra\.nuget\packages\ironpython\3.4.0\lib\net6.0\IronPython.Wpf.dll [C:\Users\ultra\warewolf\Dev\Dev2.Development.Languages\Dev2.Development.Languages.csproj]
C:\Program Files\dotnet\sdk\10.0.201\Microsoft.Common.CurrentVersion.targets(2451,5): warning MSB3277:         C:\Users\ultra\.nuget\packages\microsoft.xaml.behaviors.wpf\1.1.19\lib\netcoreapp3.0\Microsoft.Xaml.Behaviors.dll [C:\Users\ultra\warewolf\Dev\Dev2.Development.Languages\Dev2.Development.Languages.csproj]
C:\Program Files\dotnet\sdk\10.0.201\Microsoft.Common.CurrentVersion.targets(2451,5): warning MSB3277:           Project file item includes which caused reference "C:\Users\ultra\.nuget\packages\microsoft.xaml.behaviors.wpf\1.1.19\lib\netcoreapp3.0\Microsoft.Xaml.Behaviors.dll". [C:\Users\ultra\warewolf\Dev\Dev2.Development.Languages\Dev2.Development.Languages.csproj]
C:\Program Files\dotnet\sdk\10.0.201\Microsoft.Common.CurrentVersion.targets(2451,5): warning MSB3277:             C:\Users\ultra\.nuget\packages\microsoft.xaml.behaviors.wpf\1.1.19\lib\netcoreapp3.0\Microsoft.Xaml.Behaviors.dll [C:\Users\ultra\warewolf\Dev\Dev2.Development.Languages\Dev2.Development.Languages.csproj]
C:\Program Files\dotnet\sdk\10.0.201\Microsoft.Common.CurrentVersion.targets(2451,5): warning MSB3277:             C:\Users\ultra\.nuget\packages\caliburn.micro\4.0.212\lib\netcoreapp3.1\Caliburn.Micro.Platform.dll [C:\Users\ultra\warewolf\Dev\Dev2.Development.Languages\Dev2.Development.Languages.csproj]
  Dev2.Util -> C:\Users\ultra\warewolf\Dev\Dev2.Util\bin\Debug\net8.0\Dev2.Util.dll
  Dev2.Development.Languages -> C:\Users\ultra\warewolf\Dev\Dev2.Development.Languages\bin\Debug\net8.0\Dev2.Development.Languages.dll
C:\Users\ultra\warewolf\Dev\Dev2.TaskScheduler.Wrappers\Dev2TaskEvent.cs(47,33): warning CA1416: This call site is reachable on all platforms. 'SecurityIdentifier.Value' is only supported on: 'windows'. (https://learn.microsoft.com/dotnet/fundamentals/code-analysis/quality-rules/ca1416) [C:\Users\ultra\warewolf\Dev\Dev2.TaskScheduler.Wrappers\Dev2.TaskScheduler.Wrappers.csproj]
  Dev2.TaskScheduler.Wrappers -> C:\Users\ultra\warewolf\Dev\Dev2.TaskScheduler.Wrappers\bin\Debug\net8.0\Dev2.TaskScheduler.Wrappers.dll
  Warewolf.Licensing -> C:\Users\ultra\warewolf\Dev\Warewolf.Licensing\bin\Debug\net8.0\Warewolf.Licensing.dll
  Dev2.CustomControls -> C:\Users\ultra\warewolf\Dev\Dev2.CustomControls\bin\Debug\net8.0\Dev2.CustomControls.dll
  Consider app.config remapping of assembly "Newtonsoft.Json, Culture=neutral, PublicKeyToken=30ad4fe6b2a6aeed" from Version "12.0.0.0" [] to Version "13.0.0.0" [C:\Users\ultra\.nuget\packages\newtonsoft.json\13.0.2\lib\net6.0\Newtonsoft.Json.dll] to solve conflict and get rid of warning.
  Dev2.Runtime.Configuration -> C:\Users\ultra\warewolf\Dev\Dev2.Runtime.Configuration\bin\Debug\net8.0\Dev2.Runtime.Configuration.dll
C:\Users\ultra\warewolf\Dev\Dev2.Diagnostics\Debug\DebugDispatcher.cs(209,35): warning CC0057: Parameter 'previous' is not used. (https://code-cracker.github.io/diagnostics/CC0057.html) [C:\Users\ultra\warewolf\Dev\Dev2.Diagnostics\Dev2.Diagnostics.csproj]
  Dev2.Diagnostics -> C:\Users\ultra\warewolf\Dev\Dev2.Diagnostics\bin\Debug\net8.0\Dev2.Diagnostics.dll
C:\Users\ultra\warewolf\Dev\Dev2.Infrastructure\PerformanceCounters\PerformanceCounterCategoryWrapper.cs(32,48): warning CA1416: This call site is reachable on all platforms. 'PerformanceCounterCategory.Delete(string)' is only supported on: 'windows'. (https://learn.microsoft.com/dotnet/fundamentals/code-analysis/quality-rules/ca1416) [C:\Users\ultra\warewolf\Dev\Dev2.Infrastructure\Dev2.Infrastructure.csproj]
C:\Users\ultra\warewolf\Dev\Dev2.Infrastructure\PerformanceCounters\PerformanceCounterCategoryWrapper.cs(33,48): warning CA1416: This call site is reachable on all platforms. 'PerformanceCounterCategory.Exists(string)' is only supported on: 'windows'. (https://learn.microsoft.com/dotnet/fundamentals/code-analysis/quality-rules/ca1416) [C:\Users\ultra\warewolf\Dev\Dev2.Infrastructure\Dev2.Infrastructure.csproj]
C:\Users\ultra\warewolf\Dev\Dev2.Infrastructure\PerformanceCounters\PerformanceCounterCategoryWrapper.cs(38,29): warning CA1416: This call site is reachable on all platforms. 'PerformanceCounterCategory' is only supported on: 'windows'. (https://learn.microsoft.com/dotnet/fundamentals/code-analysis/quality-rules/ca1416) [C:\Users\ultra\warewolf\Dev\Dev2.Infrastructure\Dev2.Infrastructure.csproj]
C:\Users\ultra\warewolf\Dev\Dev2.Infrastructure\PerformanceCounters\PerformanceCounterCategoryWrapper.cs(12,51): warning CA1416: This call site is reachable on all platforms. 'PerformanceCounterCategory.CounterExists(string)' is only supported on: 'windows'. (https://learn.microsoft.com/dotnet/fundamentals/code-analysis/quality-rules/ca1416) [C:\Users\ultra\warewolf\Dev\Dev2.Infrastructure\Dev2.Infrastructure.csproj]
C:\Users\ultra\warewolf\Dev\Dev2.Infrastructure\PerformanceCounters\Management\WarewolfPerformanceCounterManager.cs(22,140): warning CC0057: Parameter 'register' is not used. (https://code-cracker.github.io/diagnostics/CC0057.html) [C:\Users\ultra\warewolf\Dev\Dev2.Infrastructure\Dev2.Infrastructure.csproj]
C:\Users\ultra\warewolf\Dev\Dev2.Infrastructure\PerformanceCounters\Management\WarewolfPerformanceCounterManager.cs(67,83): warning CC0057: Parameter 'name' is not used. (https://code-cracker.github.io/diagnostics/CC0057.html) [C:\Users\ultra\warewolf\Dev\Dev2.Infrastructure\Dev2.Infrastructure.csproj]
C:\Users\ultra\warewolf\Dev\Dev2.Infrastructure\PerformanceCounters\Management\PerformanceCounterPersistence.cs(48,81): warning CC0057: Parameter 'resourcePerformanceCounters' is not used. (https://code-cracker.github.io/diagnostics/CC0057.html) [C:\Users\ultra\warewolf\Dev\Dev2.Infrastructure\Dev2.Infrastructure.csproj]
C:\Users\ultra\warewolf\Dev\Dev2.Infrastructure\PerformanceCounters\PerformanceCounterCategoryWrapper.cs(48,28): warning CA1416: This call site is reachable on all platforms. 'PerformanceCounterType.AverageBase' is only supported on: 'windows'. (https://learn.microsoft.com/dotnet/fundamentals/code-analysis/quality-rules/ca1416) [C:\Users\ultra\warewolf\Dev\Dev2.Infrastructure\Dev2.Infrastructure.csproj]
C:\Users\ultra\warewolf\Dev\Dev2.Infrastructure\PerformanceCounters\PerformanceCounterCategoryWrapper.cs(52,28): warning CA1416: This call site is reachable on all platforms. 'PerformanceCounterType.NumberOfItems32' is only supported on: 'windows'. (https://learn.microsoft.com/dotnet/fundamentals/code-analysis/quality-rules/ca1416) [C:\Users\ultra\warewolf\Dev\Dev2.Infrastructure\Dev2.Infrastructure.csproj]
C:\Users\ultra\warewolf\Dev\Dev2.Infrastructure\PerformanceCounters\PerformanceCounterCategoryWrapper.cs(50,28): warning CA1416: This call site is reachable on all platforms. 'PerformanceCounterType.AverageTimer32' is only supported on: 'windows'. (https://learn.microsoft.com/dotnet/fundamentals/code-analysis/quality-rules/ca1416) [C:\Users\ultra\warewolf\Dev\Dev2.Infrastructure\Dev2.Infrastructure.csproj]
C:\Users\ultra\warewolf\Dev\Dev2.Infrastructure\PerformanceCounters\PerformanceCounterCategoryWrapper.cs(54,28): warning CA1416: This call site is reachable on all platforms. 'PerformanceCounterType.RateOfCountsPerSecond32' is only supported on: 'windows'. (https://learn.microsoft.com/dotnet/fundamentals/code-analysis/quality-rules/ca1416) [C:\Users\ultra\warewolf\Dev\Dev2.Infrastructure\Dev2.Infrastructure.csproj]
C:\Users\ultra\warewolf\Dev\Dev2.Infrastructure\PerformanceCounters\PerformanceCounterCategoryWrapper.cs(19,45): warning CA1416: This call site is reachable on all platforms. 'CounterCreationData' is only supported on: 'windows'. (https://learn.microsoft.com/dotnet/fundamentals/code-analysis/quality-rules/ca1416) [C:\Users\ultra\warewolf\Dev\Dev2.Infrastructure\Dev2.Infrastructure.csproj]
C:\Users\ultra\warewolf\Dev\Dev2.Infrastructure\PerformanceCounters\PerformanceCounterCategoryWrapper.cs(14,49): warning CA1416: This call site is reachable on all platforms. 'CounterCreationDataCollection' is only supported on: 'windows'. (https://learn.microsoft.com/dotnet/fundamentals/code-analysis/quality-rules/ca1416) [C:\Users\ultra\warewolf\Dev\Dev2.Infrastructure\Dev2.Infrastructure.csproj]
C:\Users\ultra\warewolf\Dev\Dev2.Infrastructure\PerformanceCounters\PerformanceCounterCategoryWrapper.cs(29,13): warning CA1416: This call site is reachable on all platforms. 'PerformanceCounterCategory.Create(string, string, PerformanceCounterCategoryType, CounterCreationDataCollection)' is only supported on: 'windows'. (https://learn.microsoft.com/dotnet/fundamentals/code-analysis/quality-rules/ca1416) [C:\Users\ultra\warewolf\Dev\Dev2.Infrastructure\Dev2.Infrastructure.csproj]
C:\Users\ultra\warewolf\Dev\Dev2.Infrastructure\PerformanceCounters\PerformanceCounterCategoryWrapper.cs(25,21): warning CA1416: This call site is reachable on all platforms. 'CounterCreationDataCollection.Add(CounterCreationData)' is only supported on: 'windows'. (https://learn.microsoft.com/dotnet/fundamentals/code-analysis/quality-rules/ca1416) [C:\Users\ultra\warewolf\Dev\Dev2.Infrastructure\Dev2.Infrastructure.csproj]
C:\Users\ultra\warewolf\Dev\Dev2.Infrastructure\PerformanceCounters\PerformanceCounterCategoryWrapper.cs(29,71): warning CA1416: This call site is reachable on all platforms. 'PerformanceCounterCategoryType.MultiInstance' is only supported on: 'windows'. (https://learn.microsoft.com/dotnet/fundamentals/code-analysis/quality-rules/ca1416) [C:\Users\ultra\warewolf\Dev\Dev2.Infrastructure\Dev2.Infrastructure.csproj]
C:\Users\ultra\warewolf\Dev\Dev2.Infrastructure\Services\Security\MoqInstallerActions\InstallerActionsForDevelopment.cs(57,31): warning CA1416: This call site is reachable on all platforms. 'WindowsIdentity.GetCurrent(bool)' is only supported on: 'windows'. (https://learn.microsoft.com/dotnet/fundamentals/code-analysis/quality-rules/ca1416) [C:\Users\ultra\warewolf\Dev\Dev2.Infrastructure\Dev2.Infrastructure.csproj]
C:\Users\ultra\warewolf\Dev\Dev2.Infrastructure\Services\Security\MoqInstallerActions\InstallerActionsForDevelopment.cs(59,57): warning CA1416: This call site is reachable on all platforms. 'WindowsIdentity.Name' is only supported on: 'windows'. (https://learn.microsoft.com/dotnet/fundamentals/code-analysis/quality-rules/ca1416) [C:\Users\ultra\warewolf\Dev\Dev2.Infrastructure\Dev2.Infrastructure.csproj]
C:\Users\ultra\warewolf\Dev\Dev2.Infrastructure\Services\Security\SecuritySettings.cs(92,28): warning CC0022: HMACSHA256 should be disposed. (https://code-cracker.github.io/diagnostics/CC0022.html) [C:\Users\ultra\warewolf\Dev\Dev2.Infrastructure\Dev2.Infrastructure.csproj]
CSC : warning AD0001: Analyzer 'CodeCracker.CSharp.Design.UseInvokeMethodToFireEventAnalyzer' threw an exception of type 'System.ArgumentException' with message 'Syntax node is not within syntax tree'. [C:\Users\ultra\warewolf\Dev\Dev2.Infrastructure\Dev2.Infrastructure.csproj]
CSC : warning AD0001: Analyzer 'CodeCracker.CSharp.Design.UseInvokeMethodToFireEventAnalyzer' threw an exception of type 'System.ArgumentException' with message 'Syntax node is not within syntax tree'. [C:\Users\ultra\warewolf\Dev\Dev2.Infrastructure\Dev2.Infrastructure.csproj]
CSC : warning AD0001: Analyzer 'CodeCracker.CSharp.Design.UseInvokeMethodToFireEventAnalyzer' threw an exception of type 'System.ArgumentException' with message 'Syntax node is not within syntax tree'. [C:\Users\ultra\warewolf\Dev\Dev2.Infrastructure\Dev2.Infrastructure.csproj]
CSC : warning AD0001: Analyzer 'CodeCracker.CSharp.Design.UseInvokeMethodToFireEventAnalyzer' threw an exception of type 'System.ArgumentException' with message 'Syntax node is not within syntax tree'. [C:\Users\ultra\warewolf\Dev\Dev2.Infrastructure\Dev2.Infrastructure.csproj]
CSC : warning AD0001: Analyzer 'CodeCracker.CSharp.Design.UseInvokeMethodToFireEventAnalyzer' threw an exception of type 'System.ArgumentException' with message 'Syntax node is not within syntax tree'. [C:\Users\ultra\warewolf\Dev\Dev2.Infrastructure\Dev2.Infrastructure.csproj]
CSC : warning AD0001: Analyzer 'CodeCracker.CSharp.Design.UseInvokeMethodToFireEventAnalyzer' threw an exception of type 'System.ArgumentException' with message 'Syntax node is not within syntax tree'. [C:\Users\ultra\warewolf\Dev\Dev2.Infrastructure\Dev2.Infrastructure.csproj]
CSC : warning AD0001: Analyzer 'CodeCracker.CSharp.Design.UseInvokeMethodToFireEventAnalyzer' threw an exception of type 'System.ArgumentException' with message 'Syntax node is not within syntax tree'. [C:\Users\ultra\warewolf\Dev\Dev2.Infrastructure\Dev2.Infrastructure.csproj]
CSC : warning AD0001: Analyzer 'CodeCracker.CSharp.Design.UseInvokeMethodToFireEventAnalyzer' threw an exception of type 'System.ArgumentException' with message 'Syntax node is not within syntax tree'. [C:\Users\ultra\warewolf\Dev\Dev2.Infrastructure\Dev2.Infrastructure.csproj]
CSC : warning AD0001: Analyzer 'CodeCracker.CSharp.Design.UseInvokeMethodToFireEventAnalyzer' threw an exception of type 'System.ArgumentException' with message 'Syntax node is not within syntax tree'. [C:\Users\ultra\warewolf\Dev\Dev2.Infrastructure\Dev2.Infrastructure.csproj]
CSC : warning AD0001: Analyzer 'CodeCracker.CSharp.Design.UseInvokeMethodToFireEventAnalyzer' threw an exception of type 'System.ArgumentException' with message 'Syntax node is not within syntax tree'. [C:\Users\ultra\warewolf\Dev\Dev2.Infrastructure\Dev2.Infrastructure.csproj]
CSC : warning AD0001: Analyzer 'CodeCracker.CSharp.Design.UseInvokeMethodToFireEventAnalyzer' threw an exception of type 'System.ArgumentException' with message 'Syntax node is not within syntax tree'. [C:\Users\ultra\warewolf\Dev\Dev2.Infrastructure\Dev2.Infrastructure.csproj]
CSC : warning AD0001: Analyzer 'CodeCracker.CSharp.Design.UseInvokeMethodToFireEventAnalyzer' threw an exception of type 'System.ArgumentException' with message 'Syntax node is not within syntax tree'. [C:\Users\ultra\warewolf\Dev\Dev2.Infrastructure\Dev2.Infrastructure.csproj]
CSC : warning AD0001: Analyzer 'CodeCracker.CSharp.Design.UseInvokeMethodToFireEventAnalyzer' threw an exception of type 'System.ArgumentException' with message 'Syntax node is not within syntax tree'. [C:\Users\ultra\warewolf\Dev\Dev2.Infrastructure\Dev2.Infrastructure.csproj]
CSC : warning AD0001: Analyzer 'CodeCracker.CSharp.Design.UseInvokeMethodToFireEventAnalyzer' threw an exception of type 'System.ArgumentException' with message 'Syntax node is not within syntax tree'. [C:\Users\ultra\warewolf\Dev\Dev2.Infrastructure\Dev2.Infrastructure.csproj]
C:\Users\ultra\warewolf\Dev\Warewolf.AI.Harness\ChatbotApiService.cs(11,7): warning CS0105: The using directive for 'System.Text' appeared previously in this namespace [C:\Users\ultra\warewolf\Dev\Warewolf.AI.Harness\Warewolf.AI.Harness.csproj]
C:\Users\ultra\warewolf\Dev\Warewolf.AI.Harness\ChatbotApiService.cs(12,7): warning CS0105: The using directive for 'Newtonsoft.Json' appeared previously in this namespace [C:\Users\ultra\warewolf\Dev\Warewolf.AI.Harness\Warewolf.AI.Harness.csproj]
C:\Users\ultra\warewolf\Dev\Warewolf.AI.Harness\ChatbotApiService.cs(641,23): warning CS8618: Non-nullable property 'Model' must contain a non-null value when exiting constructor. Consider adding the 'required' modifier or declaring the property as nullable. [C:\Users\ultra\warewolf\Dev\Warewolf.AI.Harness\Warewolf.AI.Harness.csproj]
C:\Users\ultra\warewolf\Dev\Warewolf.AI.Harness\ChatbotApiService.cs(659,23): warning CS8618: Non-nullable property 'FinishReason' must contain a non-null value when exiting constructor. Consider adding the 'required' modifier or declaring the property as nullable. [C:\Users\ultra\warewolf\Dev\Warewolf.AI.Harness\Warewolf.AI.Harness.csproj]
C:\Users\ultra\warewolf\Dev\Warewolf.AI.Harness\ChatbotApiService.cs(201,34): warning CS8600: Converting null literal or possible null value to non-nullable type. [C:\Users\ultra\warewolf\Dev\Warewolf.AI.Harness\Warewolf.AI.Harness.csproj]
C:\Users\ultra\warewolf\Dev\Warewolf.AI.Harness\ChatbotApiService.cs(215,51): warning CS8602: Dereference of a possibly null reference. [C:\Users\ultra\warewolf\Dev\Warewolf.AI.Harness\Warewolf.AI.Harness.csproj]
C:\Users\ultra\warewolf\Dev\Warewolf.AI.Harness\ChatbotApiService.cs(218,25): warning CS8602: Dereference of a possibly null reference. [C:\Users\ultra\warewolf\Dev\Warewolf.AI.Harness\Warewolf.AI.Harness.csproj]
C:\Users\ultra\warewolf\Dev\Warewolf.AI.Harness\ChatbotApiService.cs(303,34): warning CS8600: Converting null literal or possible null value to non-nullable type. [C:\Users\ultra\warewolf\Dev\Warewolf.AI.Harness\Warewolf.AI.Harness.csproj]
C:\Users\ultra\warewolf\Dev\Warewolf.AI.Harness\ChatbotApiService.cs(312,51): warning CS8602: Dereference of a possibly null reference. [C:\Users\ultra\warewolf\Dev\Warewolf.AI.Harness\Warewolf.AI.Harness.csproj]
C:\Users\ultra\warewolf\Dev\Warewolf.AI.Harness\ChatbotApiService.cs(314,30): warning CS8602: Dereference of a possibly null reference. [C:\Users\ultra\warewolf\Dev\Warewolf.AI.Harness\Warewolf.AI.Harness.csproj]
C:\Users\ultra\warewolf\Dev\Warewolf.AI.Harness\ChatbotApiService.cs(477,32): warning CS8600: Converting null literal or possible null value to non-nullable type. [C:\Users\ultra\warewolf\Dev\Warewolf.AI.Harness\Warewolf.AI.Harness.csproj]
C:\Users\ultra\warewolf\Dev\Warewolf.AI.Harness\ChatbotApiService.cs(478,32): warning CS8600: Converting null literal or possible null value to non-nullable type. [C:\Users\ultra\warewolf\Dev\Warewolf.AI.Harness\Warewolf.AI.Harness.csproj]
C:\Users\ultra\warewolf\Dev\Warewolf.AI.Harness\ChatbotApiService.cs(481,73): warning CS8625: Cannot convert null literal to non-nullable reference type. [C:\Users\ultra\warewolf\Dev\Warewolf.AI.Harness\Warewolf.AI.Harness.csproj]
C:\Users\ultra\warewolf\Dev\Warewolf.AI.Harness\ChatbotApiService.cs(482,60): warning CS8604: Possible null reference argument for parameter 'authHeaderName' in 'HttpResponseMessage ChatbotApiService.PostWithAuth(string endpoint, object payload, string authHeaderName, string authHeaderValue, string additionalHeaders)'. [C:\Users\ultra\warewolf\Dev\Warewolf.AI.Harness\Warewolf.AI.Harness.csproj]
C:\Users\ultra\warewolf\Dev\Warewolf.AI.Harness\ChatbotApiService.cs(482,70): warning CS8604: Possible null reference argument for parameter 'authHeaderValue' in 'HttpResponseMessage ChatbotApiService.PostWithAuth(string endpoint, object payload, string authHeaderName, string authHeaderValue, string additionalHeaders)'. [C:\Users\ultra\warewolf\Dev\Warewolf.AI.Harness\Warewolf.AI.Harness.csproj]
C:\Users\ultra\warewolf\Dev\Warewolf.AI.Harness\ChatbotApiService.cs(482,81): warning CS8625: Cannot convert null literal to non-nullable reference type. [C:\Users\ultra\warewolf\Dev\Warewolf.AI.Harness\Warewolf.AI.Harness.csproj]
C:\Users\ultra\warewolf\Dev\Warewolf.AI.Harness\ChatbotApiService.cs(496,73): warning CS8625: Cannot convert null literal to non-nullable reference type. [C:\Users\ultra\warewolf\Dev\Warewolf.AI.Harness\Warewolf.AI.Harness.csproj]
C:\Users\ultra\warewolf\Dev\Warewolf.AI.Harness\ChatbotApiService.cs(497,81): warning CS8625: Cannot convert null literal to non-nullable reference type. [C:\Users\ultra\warewolf\Dev\Warewolf.AI.Harness\Warewolf.AI.Harness.csproj]
C:\Users\ultra\warewolf\Dev\Warewolf.AI.Harness\ChatbotApiService.cs(514,73): warning CS8625: Cannot convert null literal to non-nullable reference type. [C:\Users\ultra\warewolf\Dev\Warewolf.AI.Harness\Warewolf.AI.Harness.csproj]
C:\Users\ultra\warewolf\Dev\Warewolf.AI.Harness\ChatbotApiService.cs(515,114): warning CS8625: Cannot convert null literal to non-nullable reference type. [C:\Users\ultra\warewolf\Dev\Warewolf.AI.Harness\Warewolf.AI.Harness.csproj]
C:\Users\ultra\warewolf\Dev\Warewolf.AI.Harness\ChatbotApiService.cs(521,36): warning CS8600: Converting null literal or possible null value to non-nullable type. [C:\Users\ultra\warewolf\Dev\Warewolf.AI.Harness\Warewolf.AI.Harness.csproj]
C:\Users\ultra\warewolf\Dev\Warewolf.AI.Harness\ChatbotApiService.cs(538,82): warning CS8604: Possible null reference argument for parameter 'systemMessage' in 'Dictionary<string, object> ChatbotApiService.CreatePayload(string model, object messages, string systemMessage, bool useMaxCompletionTokens, bool includeTemperature)'. [C:\Users\ultra\warewolf\Dev\Warewolf.AI.Harness\Warewolf.AI.Harness.csproj]
C:\Users\ultra\warewolf\Dev\Warewolf.AI.Harness\ChatbotApiService.cs(545,35): warning CS8600: Converting null literal or possible null value to non-nullable type. [C:\Users\ultra\warewolf\Dev\Warewolf.AI.Harness\Warewolf.AI.Harness.csproj]
C:\Users\ultra\warewolf\Dev\Warewolf.AI.Harness\ChatbotApiService.cs(589,68): warning CS8625: Cannot convert null literal to non-nullable reference type. [C:\Users\ultra\warewolf\Dev\Warewolf.AI.Harness\Warewolf.AI.Harness.csproj]
C:\Users\ultra\warewolf\Dev\Warewolf.AI.Harness\ChatbotApiService.cs(589,74): warning CS8625: Cannot convert null literal to non-nullable reference type. [C:\Users\ultra\warewolf\Dev\Warewolf.AI.Harness\Warewolf.AI.Harness.csproj]
C:\Users\ultra\warewolf\Dev\Warewolf.AI.Harness\ChatbotApiService.cs(589,80): warning CS8625: Cannot convert null literal to non-nullable reference type. [C:\Users\ultra\warewolf\Dev\Warewolf.AI.Harness\Warewolf.AI.Harness.csproj]
  Warewolf.AI.Harness -> C:\Users\ultra\warewolf\Dev\Warewolf.AI.Harness\bin\Debug\net8.0\Warewolf.AI.Harness.dll
  Dev2.Infrastructure -> C:\Users\ultra\warewolf\Dev\Dev2.Infrastructure\bin\Debug\net8.0\Dev2.Infrastructure.dll
C:\Program Files\dotnet\sdk\10.0.201\Microsoft.CSharp.CurrentVersion.targets(130,9): warning MSB3884: Could not find rule set file "..\.sonarlint\warewolf_dotnet_frameworkcsharp.ruleset". [C:\Users\ultra\warewolf\Dev\Warewolf.Sharepoint\Warewolf.Sharepoint.csproj]
C:\Users\ultra\warewolf\Dev\Dev2.SignalR.Wrappers.New\HubConnectionWrapper.cs(431,21): warning SYSLIB0006: 'Thread.Abort()' is obsolete: 'Thread.Abort is not supported and throws PlatformNotSupportedException.' (https://aka.ms/dotnet-warnings/SYSLIB0006) [C:\Users\ultra\warewolf\Dev\Dev2.SignalR.Wrappers.New\Dev2.SignalR.Wrappers.New.csproj]
C:\Users\ultra\warewolf\Dev\Dev2.SignalR.Wrappers.New\HubConnectionWrapper.cs(205,21): warning CC0029: 'HubConnectionWrapper' should call GC.SuppressFinalize inside the Dispose method. (https://code-cracker.github.io/diagnostics/CC0029.html) [C:\Users\ultra\warewolf\Dev\Dev2.SignalR.Wrappers.New\Dev2.SignalR.Wrappers.New.csproj]
C:\Users\ultra\warewolf\Dev\Dev2.SignalR.Wrappers.New\HubConnectionWrapper.cs(383,17): warning CC0105: Use 'var' instead of specifying the type name. (https://code-cracker.github.io/diagnostics/CC0105.html) [C:\Users\ultra\warewolf\Dev\Dev2.SignalR.Wrappers.New\Dev2.SignalR.Wrappers.New.csproj]
  Warewolf.Sharepoint -> C:\Users\ultra\warewolf\Dev\Warewolf.Sharepoint\bin\Debug\net8.0\Warewolf.Sharepoint.dll
  Dev2.SignalR.Wrappers.New -> C:\Users\ultra\warewolf\Dev\Dev2.SignalR.Wrappers.New\bin\Debug\net8.0\Dev2.SignalR.Wrappers.New.dll
  Warewolf.Storage -> C:\Users\ultra\warewolf\Dev\Warewolf.Storage\bin\Debug\net8.0\Warewolf.Storage.dll
C:\Program Files\dotnet\sdk\10.0.201\Microsoft.Common.CurrentVersion.targets(2451,5): warning MSB3245: Could not resolve this reference. Could not locate the assembly "System.Web". Check to make sure the assembly exists on disk. If this reference is required by your code, you may get compilation errors. [C:\Users\ultra\warewolf\Dev\Dev2.Data\Dev2.Data.csproj]
C:\Program Files\dotnet\sdk\10.0.201\Microsoft.Common.CurrentVersion.targets(2451,5): warning MSB3245: Could not resolve this reference. Could not locate the assembly "System.Web.Extensions". Check to make sure the assembly exists on disk. If this reference is required by your code, you may get compilation errors. [C:\Users\ultra\warewolf\Dev\Dev2.Data\Dev2.Data.csproj]
C:\Program Files\dotnet\sdk\10.0.201\Microsoft.Common.CurrentVersion.targets(2451,5): warning MSB3245: Could not resolve this reference. Could not locate the assembly "System.Xml.Linq". Check to make sure the assembly exists on disk. If this reference is required by your code, you may get compilation errors. [C:\Users\ultra\warewolf\Dev\Dev2.Data\Dev2.Data.csproj]
C:\Program Files\dotnet\sdk\10.0.201\Microsoft.Common.CurrentVersion.targets(2451,5): warning MSB3245: Could not resolve this reference. Could not locate the assembly "System.Data.DataSetExtensions". Check to make sure the assembly exists on disk. If this reference is required by your code, you may get compilation errors. [C:\Users\ultra\warewolf\Dev\Dev2.Data\Dev2.Data.csproj]
C:\Program Files\dotnet\sdk\10.0.201\Microsoft.Common.CurrentVersion.targets(2451,5): warning MSB3245: Could not resolve this reference. Could not locate the assembly "Microsoft.CSharp". Check to make sure the assembly exists on disk. If this reference is required by your code, you may get compilation errors. [C:\Users\ultra\warewolf\Dev\Dev2.Data\Dev2.Data.csproj]
C:\Program Files\dotnet\sdk\10.0.201\Microsoft.Common.CurrentVersion.targets(2451,5): warning MSB3245: Could not resolve this reference. Could not locate the assembly "System.Data". Check to make sure the assembly exists on disk. If this reference is required by your code, you may get compilation errors. [C:\Users\ultra\warewolf\Dev\Dev2.Data\Dev2.Data.csproj]
C:\Program Files\dotnet\sdk\10.0.201\Microsoft.Common.CurrentVersion.targets(2451,5): warning MSB3245: Could not resolve this reference. Could not locate the assembly "System.Xml". Check to make sure the assembly exists on disk. If this reference is required by your code, you may get compilation errors. [C:\Users\ultra\warewolf\Dev\Dev2.Data\Dev2.Data.csproj]
C:\Users\ultra\warewolf\Dev\Dev2.Services.Sql\ConnectionBuilder.cs(44,21): warning CC0029: 'ConnectionBuilder' should call GC.SuppressFinalize inside the Dispose method. (https://code-cracker.github.io/diagnostics/CC0029.html) [C:\Users\ultra\warewolf\Dev\Dev2.Services.Sql\Dev2.Services.Sql.csproj]
  Dev2.Services.Sql -> C:\Users\ultra\warewolf\Dev\Dev2.Services.Sql\bin\Debug\net8.0\Dev2.Services.Sql.dll
C:\Program Files\dotnet\sdk\10.0.201\Microsoft.Common.CurrentVersion.targets(2451,5): warning MSB3243: No way to resolve conflict between "System.Web, Version=4.0.0.0, Culture=neutral, PublicKeyToken=b03f5f7f11d50a3a" and "System.Web". Choosing "System.Web, Version=4.0.0.0, Culture=neutral, PublicKeyToken=b03f5f7f11d50a3a" arbitrarily. [C:\Users\ultra\warewolf\Dev\Dev2.Data\Dev2.Data.csproj]
C:\Program Files\dotnet\sdk\10.0.201\Microsoft.Common.CurrentVersion.targets(2451,5): warning MSB3243: No way to resolve conflict between "System.Xml.Linq, Version=4.0.0.0, Culture=neutral, PublicKeyToken=b77a5c561934e089" and "System.Xml.Linq". Choosing "System.Xml.Linq, Version=4.0.0.0, Culture=neutral, PublicKeyToken=b77a5c561934e089" arbitrarily. [C:\Users\ultra\warewolf\Dev\Dev2.Data\Dev2.Data.csproj]
C:\Program Files\dotnet\sdk\10.0.201\Microsoft.Common.CurrentVersion.targets(2451,5): warning MSB3243: No way to resolve conflict between "System.Data.DataSetExtensions, Version=8.0.0.0, Culture=neutral, PublicKeyToken=b77a5c561934e089" and "System.Data.DataSetExtensions". Choosing "System.Data.DataSetExtensions, Version=8.0.0.0, Culture=neutral, PublicKeyToken=b77a5c561934e089" arbitrarily. [C:\Users\ultra\warewolf\Dev\Dev2.Data\Dev2.Data.csproj]
C:\Program Files\dotnet\sdk\10.0.201\Microsoft.Common.CurrentVersion.targets(2451,5): warning MSB3243: No way to resolve conflict between "Microsoft.CSharp, Version=8.0.0.0, Culture=neutral, PublicKeyToken=b03f5f7f11d50a3a" and "Microsoft.CSharp". Choosing "Microsoft.CSharp, Version=8.0.0.0, Culture=neutral, PublicKeyToken=b03f5f7f11d50a3a" arbitrarily. [C:\Users\ultra\warewolf\Dev\Dev2.Data\Dev2.Data.csproj]
C:\Program Files\dotnet\sdk\10.0.201\Microsoft.Common.CurrentVersion.targets(2451,5): warning MSB3243: No way to resolve conflict between "System.Data, Version=4.0.0.0, Culture=neutral, PublicKeyToken=b77a5c561934e089" and "System.Data". Choosing "System.Data, Version=4.0.0.0, Culture=neutral, PublicKeyToken=b77a5c561934e089" arbitrarily. [C:\Users\ultra\warewolf\Dev\Dev2.Data\Dev2.Data.csproj]
C:\Program Files\dotnet\sdk\10.0.201\Microsoft.Common.CurrentVersion.targets(2451,5): warning MSB3243: No way to resolve conflict between "System.Xml, Version=4.0.0.0, Culture=neutral, PublicKeyToken=b77a5c561934e089" and "System.Xml". Choosing "System.Xml, Version=4.0.0.0, Culture=neutral, PublicKeyToken=b77a5c561934e089" arbitrarily. [C:\Users\ultra\warewolf\Dev\Dev2.Data\Dev2.Data.csproj]
CSC : warning CS2002: Source file 'C:\Users\ultra\warewolf\Dev\Dev2.Data\MathOperations\NCalc\NCalcExpressionBuilder.cs' specified multiple times [C:\Users\ultra\warewolf\Dev\Dev2.Data\Dev2.Data.csproj]
CSC : warning CS2002: Source file 'C:\Users\ultra\warewolf\Dev\Dev2.Data\MathOperations\NCalc\NCalcFunctionArgHelper.cs' specified multiple times [C:\Users\ultra\warewolf\Dev\Dev2.Data\Dev2.Data.csproj]
CSC : warning CS2002: Source file 'C:\Users\ultra\warewolf\Dev\Dev2.Data\MathOperations\NCalc\Functions\BaseConversionFunctions.cs' specified multiple times [C:\Users\ultra\warewolf\Dev\Dev2.Data\Dev2.Data.csproj]
CSC : warning CS2002: Source file 'C:\Users\ultra\warewolf\Dev\Dev2.Data\MathOperations\NCalc\Functions\ComplexFunctions.cs' specified multiple times [C:\Users\ultra\warewolf\Dev\Dev2.Data\Dev2.Data.csproj]
CSC : warning CS2002: Source file 'C:\Users\ultra\warewolf\Dev\Dev2.Data\MathOperations\NCalc\Functions\DateTimeFunctions.cs' specified multiple times [C:\Users\ultra\warewolf\Dev\Dev2.Data\Dev2.Data.csproj]
CSC : warning CS2002: Source file 'C:\Users\ultra\warewolf\Dev\Dev2.Data\MathOperations\NCalc\Functions\FinancialFunctions.cs' specified multiple times [C:\Users\ultra\warewolf\Dev\Dev2.Data\Dev2.Data.csproj]
CSC : warning CS2002: Source file 'C:\Users\ultra\warewolf\Dev\Dev2.Data\MathOperations\NCalc\Functions\InformationFunctions.cs' specified multiple times [C:\Users\ultra\warewolf\Dev\Dev2.Data\Dev2.Data.csproj]
CSC : warning CS2002: Source file 'C:\Users\ultra\warewolf\Dev\Dev2.Data\MathOperations\NCalc\Functions\MathFunctions.cs' specified multiple times [C:\Users\ultra\warewolf\Dev\Dev2.Data\Dev2.Data.csproj]
CSC : warning CS2002: Source file 'C:\Users\ultra\warewolf\Dev\Dev2.Data\MathOperations\NCalc\Functions\StringFunctions.cs' specified multiple times [C:\Users\ultra\warewolf\Dev\Dev2.Data\Dev2.Data.csproj]
C:\Users\ultra\warewolf\Dev\Dev2.Data\MathOperations\NCalc\NCalcFunctionArgHelper.cs(51,47): warning CS8632: The annotation for nullable reference types should only be used in code within a '#nullable' annotations context. [C:\Users\ultra\warewolf\Dev\Dev2.Data\Dev2.Data.csproj]
C:\Users\ultra\warewolf\Dev\Dev2.Data\MathOperations\NCalc\Functions\MathFunctions.cs(22,30): warning CS8632: The annotation for nullable reference types should only be used in code within a '#nullable' annotations context. [C:\Users\ultra\warewolf\Dev\Dev2.Data\Dev2.Data.csproj]
C:\Users\ultra\warewolf\Dev\Dev2.Data\MathOperations\NCalc\Functions\StringFunctions.cs(94,59): warning CS8632: The annotation for nullable reference types should only be used in code within a '#nullable' annotations context. [C:\Users\ultra\warewolf\Dev\Dev2.Data\Dev2.Data.csproj]
C:\Users\ultra\warewolf\Dev\Dev2.Data\NativeMethods.cs(66,59): warning CS0472: The result of the expression is always 'false' since a value of type 'nint' is never equal to 'null' of type 'nint?' [C:\Users\ultra\warewolf\Dev\Dev2.Data\Dev2.Data.csproj]
C:\Users\ultra\warewolf\Dev\Dev2.Data\NativeMethods.cs(88,8): warning CS0472: The result of the expression is always 'false' since a value of type 'nint' is never equal to 'null' of type 'nint?' [C:\Users\ultra\warewolf\Dev\Dev2.Data\Dev2.Data.csproj]
C:\Users\ultra\warewolf\Dev\Dev2.Data\Security\WindowsIdentityExtensions.cs(41,59): warning CA1416: This call site is reachable on all platforms. 'WindowsIdentity.AccessToken' is only supported on: 'windows'. (https://learn.microsoft.com/dotnet/fundamentals/code-analysis/quality-rules/ca1416) [C:\Users\ultra\warewolf\Dev\Dev2.Data\Dev2.Data.csproj]
C:\Users\ultra\warewolf\Dev\Dev2.Data\Security\WindowsIdentityExtensions.cs(28,49): warning CA1416: This call site is reachable on all platforms. 'WindowsIdentity.AccessToken' is only supported on: 'windows'. (https://learn.microsoft.com/dotnet/fundamentals/code-analysis/quality-rules/ca1416) [C:\Users\ultra\warewolf\Dev\Dev2.Data\Dev2.Data.csproj]
C:\Users\ultra\warewolf\Dev\Dev2.Data\Security\WindowsIdentityExtensions.cs(28,17): warning CA1416: This call site is reachable on all platforms. 'WindowsIdentity.RunImpersonated(SafeAccessTokenHandle, Action)' is only supported on: 'windows'. (https://learn.microsoft.com/dotnet/fundamentals/code-analysis/quality-rules/ca1416) [C:\Users\ultra\warewolf\Dev\Dev2.Data\Dev2.Data.csproj]
C:\Users\ultra\warewolf\Dev\Dev2.Data\Security\WindowsIdentityExtensions.cs(41,24): warning CA1416: This call site is reachable on all platforms. 'WindowsIdentity.RunImpersonated<T>(SafeAccessTokenHandle, Func<T>)' is only supported on: 'windows'. (https://learn.microsoft.com/dotnet/fundamentals/code-analysis/quality-rules/ca1416) [C:\Users\ultra\warewolf\Dev\Dev2.Data\Dev2.Data.csproj]
C:\Users\ultra\warewolf\Dev\Dev2.Data\PathOperations\ValidateAuthorization.cs(73,33): warning CA1416: This call site is reachable on all platforms. 'WindowsIdentity' is only supported on: 'windows'. (https://learn.microsoft.com/dotnet/fundamentals/code-analysis/quality-rules/ca1416) [C:\Users\ultra\warewolf\Dev\Dev2.Data\Dev2.Data.csproj]
  Dev2.Data -> C:\Users\ultra\warewolf\Dev\Dev2.Data\bin\Debug\net8.0\Dev2.Data.dll
  Warewolf.Driver.Serilog -> C:\Users\ultra\warewolf\Dev\Warewolf.Driver.Serilog\bin\Debug\net8.0\Warewolf.Driver.Serilog.dll
  Dev2.Core -> C:\Users\ultra\warewolf\Dev\Dev2.Core\bin\Debug\net8.0\Dev2.Core.dll
  Dev2.Scheduler -> C:\Users\ultra\warewolf\Dev\Dev2.Scheduler\bin\Debug\net8.0\Dev2.Scheduler.dll
  Warewolf.Exchange.Email.Wrapper -> C:\Users\ultra\warewolf\Dev\Warewolf.Exchange.Email.Wrapper\bin\Debug\net8.0\Warewolf.Exchange.Email.Wrapper.dll
  Warewolf.ResourceManagement -> C:\Users\ultra\warewolf\Dev\Warewolf.ResourceManagement\bin\Debug\net8.0\Warewolf.ResourceManagement.dll
C:\Users\ultra\warewolf\Dev\Warewolf.Core\InputsFromJson.cs(99,21): warning CC0105: Use 'var' instead of specifying the type name. (https://code-cracker.github.io/diagnostics/CC0105.html) [C:\Users\ultra\warewolf\Dev\Warewolf.Core\Warewolf.Core.csproj]
  Warewolf.Core -> C:\Users\ultra\warewolf\Dev\Warewolf.Core\bin\Debug\net8.0\Warewolf.Core.dll
C:\Users\ultra\warewolf\Dev\Warewolf.Auditing\Audit.cs(189,26): warning CS8073: The result of the expression is always 'false' since a value of type 'DateTime' is never equal to 'null' of type 'DateTime?' [C:\Users\ultra\warewolf\Dev\Warewolf.Auditing\Warewolf.Auditing.csproj]
C:\Users\ultra\warewolf\Dev\Warewolf.Auditing\Drivers\AuditQueryableElastic.cs(360,33): warning CS0618: 'ElasticsearchClient.Search<TDocument>(SearchRequestDescriptor<TDocument>)' is obsolete: 'Synchronous methods are deprecated and could be removed in the future.' [C:\Users\ultra\warewolf\Dev\Warewolf.Auditing\Warewolf.Auditing.csproj]
C:\Users\ultra\warewolf\Dev\Warewolf.Auditing\Drivers\AuditQueryableElastic.cs(384,26): warning CS0618: 'ElasticsearchClient.Ping()' is obsolete: 'Synchronous methods are deprecated and could be removed in the future.' [C:\Users\ultra\warewolf\Dev\Warewolf.Auditing\Warewolf.Auditing.csproj]
  Warewolf.Auditing -> C:\Users\ultra\warewolf\Dev\Warewolf.Auditing\bin\Debug\net8.0\Warewolf.Auditing.dll
C:\Users\ultra\warewolf\Dev\Warewolf.Common.NetStandard20\Wrappers\WebClientWrapper.cs(26,26): warning SYSLIB0014: 'WebClient.WebClient()' is obsolete: 'WebRequest, HttpWebRequest, ServicePoint, and WebClient are obsolete. Use HttpClient instead.' (https://aka.ms/dotnet-warnings/SYSLIB0014) [C:\Users\ultra\warewolf\Dev\Warewolf.Common.NetStandard20\Warewolf.Common.NetStandard20.csproj]
C:\Users\ultra\warewolf\Dev\Warewolf.Common.NetStandard20\Wrappers\WebRequestWrapper.cs(26,24): warning SYSLIB0014: 'WebRequest.Create(string)' is obsolete: 'WebRequest, HttpWebRequest, ServicePoint, and WebClient are obsolete. Use HttpClient instead.' (https://aka.ms/dotnet-warnings/SYSLIB0014) [C:\Users\ultra\warewolf\Dev\Warewolf.Common.NetStandard20\Warewolf.Common.NetStandard20.csproj]
C:\Users\ultra\warewolf\Dev\Warewolf.Common.NetStandard20\Wrappers\WebClientWrapper.cs(31,26): warning SYSLIB0014: 'WebClient.WebClient()' is obsolete: 'WebRequest, HttpWebRequest, ServicePoint, and WebClient are obsolete. Use HttpClient instead.' (https://aka.ms/dotnet-warnings/SYSLIB0014) [C:\Users\ultra\warewolf\Dev\Warewolf.Common.NetStandard20\Warewolf.Common.NetStandard20.csproj]
  Warewolf.Common.NetStandard20 -> C:\Users\ultra\warewolf\Dev\Warewolf.Common.NetStandard20\bin\Debug\net8.0\Warewolf.Common.NetStandard20.dll
C:\Users\ultra\warewolf\Dev\Dev2.Runtime.Services\ServiceModel\ElasticsearchSources.cs(110,34): warning CS0618: 'ElasticsearchClient.Ping()' is obsolete: 'Synchronous methods are deprecated and could be removed in the future.' [C:\Users\ultra\warewolf\Dev\Dev2.Runtime.Services\Dev2.Runtime.Services.csproj]
C:\Users\ultra\warewolf\Dev\Dev2.Runtime.Services\ESB\Management\Services\FetchTestsAndTriggers.cs(45,17): warning CC0105: Use 'var' instead of specifying the type name. (https://code-cracker.github.io/diagnostics/CC0105.html) [C:\Users\ultra\warewolf\Dev\Dev2.Runtime.Services\Dev2.Runtime.Services.csproj]
C:\Users\ultra\warewolf\Dev\Dev2.Runtime.Services\UsageLogger.cs(66,33): warning CC0022: ManagementObjectSearcher should be disposed. (https://code-cracker.github.io/diagnostics/CC0022.html) [C:\Users\ultra\warewolf\Dev\Dev2.Runtime.Services\Dev2.Runtime.Services.csproj]
C:\Users\ultra\warewolf\Dev\Dev2.Runtime.Services\ServiceModel\WebSources.cs(532,7): warning CC0004: Empty Catch Block. (https://code-cracker.github.io/diagnostics/CC0004.html) [C:\Users\ultra\warewolf\Dev\Dev2.Runtime.Services\Dev2.Runtime.Services.csproj]
C:\Users\ultra\warewolf\Dev\Dev2.Runtime.Services\ServiceModel\WebSources.cs(751,38): warning CC0022: StringContent should be disposed. (https://code-cracker.github.io/diagnostics/CC0022.html) [C:\Users\ultra\warewolf\Dev\Dev2.Runtime.Services\Dev2.Runtime.Services.csproj]
C:\Users\ultra\warewolf\Dev\Dev2.Runtime.Services\ESB\Management\Services\TestChatbotSource.cs(44,17): warning CC0105: Use 'var' instead of specifying the type name. (https://code-cracker.github.io/diagnostics/CC0105.html) [C:\Users\ultra\warewolf\Dev\Dev2.Runtime.Services\Dev2.Runtime.Services.csproj]
C:\Users\ultra\warewolf\Dev\Dev2.Runtime.Services\ESB\Management\Services\TestChatbotSource.cs(45,17): warning CC0105: Use 'var' instead of specifying the type name. (https://code-cracker.github.io/diagnostics/CC0105.html) [C:\Users\ultra\warewolf\Dev\Dev2.Runtime.Services\Dev2.Runtime.Services.csproj]
C:\Users\ultra\warewolf\Dev\Dev2.Runtime.Services\ESB\Management\Services\ChatbotToolNormalizer.cs(80,17): warning CC0003: Consider adding an Exception to the catch. (https://code-cracker.github.io/diagnostics/CC0003.html) [C:\Users\ultra\warewolf\Dev\Dev2.Runtime.Services\Dev2.Runtime.Services.csproj]
C:\Users\ultra\warewolf\Dev\Dev2.Runtime.Services\ESB\Management\Services\ChatbotToolNormalizer.cs(101,21): warning CC0004: Empty Catch Block. (https://code-cracker.github.io/diagnostics/CC0004.html) [C:\Users\ultra\warewolf\Dev\Dev2.Runtime.Services\Dev2.Runtime.Services.csproj]
C:\Users\ultra\warewolf\Dev\Dev2.Runtime.Services\ESB\Management\Services\ChatbotToolNormalizer.cs(226,21): warning CC0105: Use 'var' instead of specifying the type name. (https://code-cracker.github.io/diagnostics/CC0105.html) [C:\Users\ultra\warewolf\Dev\Dev2.Runtime.Services\Dev2.Runtime.Services.csproj]
C:\Users\ultra\warewolf\Dev\Dev2.Runtime.Services\ESB\Management\Services\ChatbotToolNormalizer.cs(279,21): warning CC0105: Use 'var' instead of specifying the type name. (https://code-cracker.github.io/diagnostics/CC0105.html) [C:\Users\ultra\warewolf\Dev\Dev2.Runtime.Services\Dev2.Runtime.Services.csproj]
  Dev2.Runtime.Services -> C:\Users\ultra\warewolf\Dev\Dev2.Runtime.Services\bin\Debug\net8.0\Dev2.Runtime.Services.dll
C:\Users\ultra\warewolf\Dev\Warewolf.Driver.Persistence\Drivers\HangfireScheduler.cs(397,17): warning CA2200: Re-throwing caught exception changes stack information (https://learn.microsoft.com/dotnet/fundamentals/code-analysis/quality-rules/ca2200) [C:\Users\ultra\warewolf\Dev\Warewolf.Driver.Persistence\Warewolf.Driver.Persistence.csproj]
C:\Users\ultra\warewolf\Dev\Warewolf.Driver.Persistence\Drivers\HangfireScheduler.cs(320,17): warning CA2200: Re-throwing caught exception changes stack information (https://learn.microsoft.com/dotnet/fundamentals/code-analysis/quality-rules/ca2200) [C:\Users\ultra\warewolf\Dev\Warewolf.Driver.Persistence\Warewolf.Driver.Persistence.csproj]
C:\Users\ultra\warewolf\Dev\Warewolf.Driver.Persistence\Drivers\HangfireScheduler.cs(376,17): warning CA2200: Re-throwing caught exception changes stack information (https://learn.microsoft.com/dotnet/fundamentals/code-analysis/quality-rules/ca2200) [C:\Users\ultra\warewolf\Dev\Warewolf.Driver.Persistence\Warewolf.Driver.Persistence.csproj]
  Warewolf.Driver.Persistence -> C:\Users\ultra\warewolf\Dev\Warewolf.Driver.Persistence\bin\Debug\net8.0\Warewolf.Driver.Persistence.dll
  Dev2.Studio.Interfaces -> C:\Users\ultra\warewolf\Dev\Dev2.Studio.Interfaces\bin\Debug\net8.0\Dev2.Studio.Interfaces.dll
  Dev2.Services.Execution -> C:\Users\ultra\warewolf\Dev\Dev2.Services.Execution\bin\Debug\net8.0\Dev2.Services.Execution.dll
C:\Program Files\dotnet\sdk\10.0.201\Microsoft.Common.CurrentVersion.targets(2451,5): warning MSB3277: Found conflicts between different versions of "Microsoft.Win32.SystemEvents" that could not be resolved. [C:\Users\ultra\warewolf\Dev\Warewolf.Studio.Core\Warewolf.Studio.Core.csproj]
C:\Program Files\dotnet\sdk\10.0.201\Microsoft.Common.CurrentVersion.targets(2451,5): warning MSB3277: There was a conflict between "Microsoft.Win32.SystemEvents, Version=6.0.0.0, Culture=neutral, PublicKeyToken=cc7b13ffcd2ddd51" and "Microsoft.Win32.SystemEvents, Version=7.0.0.0, Culture=neutral, PublicKeyToken=cc7b13ffcd2ddd51". [C:\Users\ultra\warewolf\Dev\Warewolf.Studio.Core\Warewolf.Studio.Core.csproj]
C:\Program Files\dotnet\sdk\10.0.201\Microsoft.Common.CurrentVersion.targets(2451,5): warning MSB3277:     "Microsoft.Win32.SystemEvents, Version=6.0.0.0, Culture=neutral, PublicKeyToken=cc7b13ffcd2ddd51" was chosen because it was primary and "Microsoft.Win32.SystemEvents, Version=7.0.0.0, Culture=neutral, PublicKeyToken=cc7b13ffcd2ddd51" was not. [C:\Users\ultra\warewolf\Dev\Warewolf.Studio.Core\Warewolf.Studio.Core.csproj]
C:\Program Files\dotnet\sdk\10.0.201\Microsoft.Common.CurrentVersion.targets(2451,5): warning MSB3277:     References which depend on "Microsoft.Win32.SystemEvents, Version=6.0.0.0, Culture=neutral, PublicKeyToken=cc7b13ffcd2ddd51" [C:\Users\ultra\.nuget\packages\microsoft.win32.systemevents\6.0.0\lib\net6.0\Microsoft.Win32.SystemEvents.dll]. [C:\Users\ultra\warewolf\Dev\Warewolf.Studio.Core\Warewolf.Studio.Core.csproj]
C:\Program Files\dotnet\sdk\10.0.201\Microsoft.Common.CurrentVersion.targets(2451,5): warning MSB3277:         C:\Users\ultra\.nuget\packages\microsoft.win32.systemevents\6.0.0\lib\net6.0\Microsoft.Win32.SystemEvents.dll [C:\Users\ultra\warewolf\Dev\Warewolf.Studio.Core\Warewolf.Studio.Core.csproj]
C:\Program Files\dotnet\sdk\10.0.201\Microsoft.Common.CurrentVersion.targets(2451,5): warning MSB3277:           Project file item includes which caused reference "C:\Users\ultra\.nuget\packages\microsoft.win32.systemevents\6.0.0\lib\net6.0\Microsoft.Win32.SystemEvents.dll". [C:\Users\ultra\warewolf\Dev\Warewolf.Studio.Core\Warewolf.Studio.Core.csproj]
C:\Program Files\dotnet\sdk\10.0.201\Microsoft.Common.CurrentVersion.targets(2451,5): warning MSB3277:             C:\Users\ultra\.nuget\packages\microsoft.win32.systemevents\6.0.0\lib\net6.0\Microsoft.Win32.SystemEvents.dll [C:\Users\ultra\warewolf\Dev\Warewolf.Studio.Core\Warewolf.Studio.Core.csproj]
C:\Program Files\dotnet\sdk\10.0.201\Microsoft.Common.CurrentVersion.targets(2451,5): warning MSB3277:     References which depend on or have been unified to "Microsoft.Win32.SystemEvents, Version=7.0.0.0, Culture=neutral, PublicKeyToken=cc7b13ffcd2ddd51" []. [C:\Users\ultra\warewolf\Dev\Warewolf.Studio.Core\Warewolf.Studio.Core.csproj]
C:\Program Files\dotnet\sdk\10.0.201\Microsoft.Common.CurrentVersion.targets(2451,5): warning MSB3277:         C:\Users\ultra\warewolf\Dev\Dev2.Common\bin\Debug\net8.0\Dev2.Common.dll [C:\Users\ultra\warewolf\Dev\Warewolf.Studio.Core\Warewolf.Studio.Core.csproj]
C:\Program Files\dotnet\sdk\10.0.201\Microsoft.Common.CurrentVersion.targets(2451,5): warning MSB3277:           Project file item includes which caused reference "C:\Users\ultra\warewolf\Dev\Dev2.Common\bin\Debug\net8.0\Dev2.Common.dll". [C:\Users\ultra\warewolf\Dev\Warewolf.Studio.Core\Warewolf.Studio.Core.csproj]
C:\Program Files\dotnet\sdk\10.0.201\Microsoft.Common.CurrentVersion.targets(2451,5): warning MSB3277:             C:\Users\ultra\warewolf\Dev\Dev2.Common\bin\Debug\net8.0\Dev2.Common.dll [C:\Users\ultra\warewolf\Dev\Warewolf.Studio.Core\Warewolf.Studio.Core.csproj]
C:\Program Files\dotnet\sdk\10.0.201\Microsoft.Common.CurrentVersion.targets(2451,5): warning MSB3277:             C:\Users\ultra\warewolf\Dev\Dev2.Core\bin\Debug\net8.0\Dev2.Core.dll [C:\Users\ultra\warewolf\Dev\Warewolf.Studio.Core\Warewolf.Studio.Core.csproj]
C:\Program Files\dotnet\sdk\10.0.201\Microsoft.Common.CurrentVersion.targets(2451,5): warning MSB3277:             C:\Users\ultra\warewolf\Dev\Dev2.Infrastructure\bin\Debug\net8.0\Dev2.Infrastructure.dll [C:\Users\ultra\warewolf\Dev\Warewolf.Studio.Core\Warewolf.Studio.Core.csproj]
C:\Program Files\dotnet\sdk\10.0.201\Microsoft.Common.CurrentVersion.targets(2451,5): warning MSB3277:             C:\Users\ultra\warewolf\Dev\Dev2.Studio.Interfaces\bin\Debug\net8.0\Dev2.Studio.Interfaces.dll [C:\Users\ultra\warewolf\Dev\Warewolf.Studio.Core\Warewolf.Studio.Core.csproj]
C:\Program Files\dotnet\sdk\10.0.201\Microsoft.Common.CurrentVersion.targets(2451,5): warning MSB3277:             C:\Users\ultra\warewolf\Dev\Dev2.Data\bin\Debug\net8.0\Dev2.Data.dll [C:\Users\ultra\warewolf\Dev\Warewolf.Studio.Core\Warewolf.Studio.Core.csproj]
C:\Program Files\dotnet\sdk\10.0.201\Microsoft.Common.CurrentVersion.targets(2451,5): warning MSB3277:             C:\Users\ultra\warewolf\Dev\Dev2.Diagnostics\bin\Debug\net8.0\Dev2.Diagnostics.dll [C:\Users\ultra\warewolf\Dev\Warewolf.Studio.Core\Warewolf.Studio.Core.csproj]
C:\Program Files\dotnet\sdk\10.0.201\Microsoft.Common.CurrentVersion.targets(2451,5): warning MSB3277:             C:\Users\ultra\warewolf\Dev\Dev2.Runtime.Services\bin\Debug\net8.0\Dev2.Runtime.Services.dll [C:\Users\ultra\warewolf\Dev\Warewolf.Studio.Core\Warewolf.Studio.Core.csproj]
C:\Program Files\dotnet\sdk\10.0.201\Microsoft.Common.CurrentVersion.targets(2451,5): warning MSB3277:             C:\Users\ultra\warewolf\Dev\Dev2.Scheduler\bin\Debug\net8.0\Dev2.Scheduler.dll [C:\Users\ultra\warewolf\Dev\Warewolf.Studio.Core\Warewolf.Studio.Core.csproj]
C:\Program Files\dotnet\sdk\10.0.201\Microsoft.Common.CurrentVersion.targets(2451,5): warning MSB3277:             C:\Users\ultra\warewolf\Dev\Dev2.Services.Sql\bin\Debug\net8.0\Dev2.Services.Sql.dll [C:\Users\ultra\warewolf\Dev\Warewolf.Studio.Core\Warewolf.Studio.Core.csproj]
C:\Program Files\dotnet\sdk\10.0.201\Microsoft.Common.CurrentVersion.targets(2451,5): warning MSB3277:             C:\Users\ultra\warewolf\Dev\Dev2.TaskScheduler.Wrappers\bin\Debug\net8.0\Dev2.TaskScheduler.Wrappers.dll [C:\Users\ultra\warewolf\Dev\Warewolf.Studio.Core\Warewolf.Studio.Core.csproj]
C:\Program Files\dotnet\sdk\10.0.201\Microsoft.Common.CurrentVersion.targets(2451,5): warning MSB3277:             C:\Users\ultra\warewolf\Dev\Dev2.Util\bin\Debug\net8.0\Dev2.Util.dll [C:\Users\ultra\warewolf\Dev\Warewolf.Studio.Core\Warewolf.Studio.Core.csproj]
C:\Program Files\dotnet\sdk\10.0.201\Microsoft.Common.CurrentVersion.targets(2451,5): warning MSB3277:             C:\Users\ultra\warewolf\Dev\Warewolf.AI.Harness\bin\Debug\net8.0\Warewolf.AI.Harness.dll [C:\Users\ultra\warewolf\Dev\Warewolf.Studio.Core\Warewolf.Studio.Core.csproj]
C:\Program Files\dotnet\sdk\10.0.201\Microsoft.Common.CurrentVersion.targets(2451,5): warning MSB3277:             C:\Users\ultra\warewolf\Dev\Warewolf.Auditing\bin\Debug\net8.0\Warewolf.Auditing.dll [C:\Users\ultra\warewolf\Dev\Warewolf.Studio.Core\Warewolf.Studio.Core.csproj]
C:\Program Files\dotnet\sdk\10.0.201\Microsoft.Common.CurrentVersion.targets(2451,5): warning MSB3277:             C:\Users\ultra\warewolf\Dev\Warewolf.Common.NetStandard20\bin\Debug\net8.0\Warewolf.Common.NetStandard20.dll [C:\Users\ultra\warewolf\Dev\Warewolf.Studio.Core\Warewolf.Studio.Core.csproj]
C:\Program Files\dotnet\sdk\10.0.201\Microsoft.Common.CurrentVersion.targets(2451,5): warning MSB3277:             C:\Users\ultra\warewolf\Dev\Warewolf.Core\bin\Debug\net8.0\Warewolf.Core.dll [C:\Users\ultra\warewolf\Dev\Warewolf.Studio.Core\Warewolf.Studio.Core.csproj]
C:\Program Files\dotnet\sdk\10.0.201\Microsoft.Common.CurrentVersion.targets(2451,5): warning MSB3277:             C:\Users\ultra\warewolf\Dev\Warewolf.Driver.Serilog\bin\Debug\net8.0\Warewolf.Driver.Serilog.dll [C:\Users\ultra\warewolf\Dev\Warewolf.Studio.Core\Warewolf.Studio.Core.csproj]
C:\Program Files\dotnet\sdk\10.0.201\Microsoft.Common.CurrentVersion.targets(2451,5): warning MSB3277:             C:\Users\ultra\warewolf\Dev\Warewolf.ResourceManagement\bin\Debug\net8.0\Warewolf.ResourceManagement.dll [C:\Users\ultra\warewolf\Dev\Warewolf.Studio.Core\Warewolf.Studio.Core.csproj]
C:\Program Files\dotnet\sdk\10.0.201\Microsoft.Common.CurrentVersion.targets(2451,5): warning MSB3277:             C:\Users\ultra\warewolf\Dev\Warewolf.Sharepoint\bin\Debug\net8.0\Warewolf.Sharepoint.dll [C:\Users\ultra\warewolf\Dev\Warewolf.Studio.Core\Warewolf.Studio.Core.csproj]
C:\Program Files\dotnet\sdk\10.0.201\Microsoft.Common.CurrentVersion.targets(2451,5): warning MSB3277:             C:\Users\ultra\warewolf\Dev\Warewolf.Storage\bin\Debug\net8.0\Warewolf.Storage.dll [C:\Users\ultra\warewolf\Dev\Warewolf.Studio.Core\Warewolf.Studio.Core.csproj]
C:\Program Files\dotnet\sdk\10.0.201\Microsoft.Common.CurrentVersion.targets(2451,5): warning MSB3277:         C:\Users\ultra\warewolf\Dev\Binaries\Infragistcs_Net6\InfragisticsWPF4.v15.1.dll [C:\Users\ultra\warewolf\Dev\Warewolf.Studio.Core\Warewolf.Studio.Core.csproj]
C:\Program Files\dotnet\sdk\10.0.201\Microsoft.Common.CurrentVersion.targets(2451,5): warning MSB3277:           Project file item includes which caused reference "C:\Users\ultra\warewolf\Dev\Binaries\Infragistcs_Net6\InfragisticsWPF4.v15.1.dll". [C:\Users\ultra\warewolf\Dev\Warewolf.Studio.Core\Warewolf.Studio.Core.csproj]
C:\Program Files\dotnet\sdk\10.0.201\Microsoft.Common.CurrentVersion.targets(2451,5): warning MSB3277:             InfragisticsWPF4.v15.1, Version=15.1.20151.2055, Culture=neutral, PublicKeyToken=7dd5c3163f2cd0cb, processorArchitecture=MSIL [C:\Users\ultra\warewolf\Dev\Warewolf.Studio.Core\Warewolf.Studio.Core.csproj]
C:\Program Files\dotnet\sdk\10.0.201\Microsoft.Common.CurrentVersion.targets(2451,5): warning MSB3277:             InfragisticsWPF4.Controls.Menus.XamDataTree.v15.1, Version=15.1.20151.2055, Culture=neutral, PublicKeyToken=7dd5c3163f2cd0cb, processorArchitecture=MSIL [C:\Users\ultra\warewolf\Dev\Warewolf.Studio.Core\Warewolf.Studio.Core.csproj]
C:\Program Files\dotnet\sdk\10.0.201\Microsoft.Common.CurrentVersion.targets(2451,5): warning MSB3277:             InfragisticsWPF4.DataManager.v15.1, Version=15.1.20151.2055, Culture=neutral, PublicKeyToken=7dd5c3163f2cd0cb, processorArchitecture=MSIL [C:\Users\ultra\warewolf\Dev\Warewolf.Studio.Core\Warewolf.Studio.Core.csproj]
C:\Program Files\dotnet\sdk\10.0.201\Microsoft.Common.CurrentVersion.targets(2451,5): warning MSB3277:             InfragisticsWPF4.DockManager.v15.1, Version=15.1.20151.2055, Culture=neutral, PublicKeyToken=7dd5c3163f2cd0cb, processorArchitecture=MSIL [C:\Users\ultra\warewolf\Dev\Warewolf.Studio.Core\Warewolf.Studio.Core.csproj]
C:\Program Files\dotnet\sdk\10.0.201\Microsoft.Common.CurrentVersion.targets(2451,5): warning MSB3277:         C:\Users\ultra\.nuget\packages\timespan2\2.4.2\lib\netcoreapp3.1\TimeSpan2.dll [C:\Users\ultra\warewolf\Dev\Warewolf.Studio.Core\Warewolf.Studio.Core.csproj]
C:\Program Files\dotnet\sdk\10.0.201\Microsoft.Common.CurrentVersion.targets(2451,5): warning MSB3277:           Project file item includes which caused reference "C:\Users\ultra\.nuget\packages\timespan2\2.4.2\lib\netcoreapp3.1\TimeSpan2.dll". [C:\Users\ultra\warewolf\Dev\Warewolf.Studio.Core\Warewolf.Studio.Core.csproj]
C:\Program Files\dotnet\sdk\10.0.201\Microsoft.Common.CurrentVersion.targets(2451,5): warning MSB3277:             C:\Users\ultra\.nuget\packages\timespan2\2.4.2\lib\netcoreapp3.1\TimeSpan2.dll [C:\Users\ultra\warewolf\Dev\Warewolf.Studio.Core\Warewolf.Studio.Core.csproj]
C:\Program Files\dotnet\sdk\10.0.201\Microsoft.Common.CurrentVersion.targets(2451,5): warning MSB3277:             C:\Users\ultra\.nuget\packages\taskschedulereditor\2.10.1\lib\net452\Microsoft.Win32.TaskSchedulerEditor.dll [C:\Users\ultra\warewolf\Dev\Warewolf.Studio.Core\Warewolf.Studio.Core.csproj]
C:\Program Files\dotnet\sdk\10.0.201\Microsoft.Common.CurrentVersion.targets(2451,5): warning MSB3277:         C:\Program Files\dotnet\packs\Microsoft.NETCore.App.Ref\8.0.25\ref\net8.0\System.dll [C:\Users\ultra\warewolf\Dev\Warewolf.Studio.Core\Warewolf.Studio.Core.csproj]
C:\Program Files\dotnet\sdk\10.0.201\Microsoft.Common.CurrentVersion.targets(2451,5): warning MSB3277:           Project file item includes which caused reference "C:\Program Files\dotnet\packs\Microsoft.NETCore.App.Ref\8.0.25\ref\net8.0\System.dll". [C:\Users\ultra\warewolf\Dev\Warewolf.Studio.Core\Warewolf.Studio.Core.csproj]
C:\Program Files\dotnet\sdk\10.0.201\Microsoft.Common.CurrentVersion.targets(2451,5): warning MSB3277:             C:\Program Files\dotnet\packs\Microsoft.NETCore.App.Ref\8.0.25\ref/net8.0/System.dll [C:\Users\ultra\warewolf\Dev\Warewolf.Studio.Core\Warewolf.Studio.Core.csproj]
C:\Program Files\dotnet\sdk\10.0.201\Microsoft.Common.CurrentVersion.targets(2451,5): warning MSB3277:             C:\Users\ultra\.nuget\packages\aerowizard\2.3.1\lib\net45\AeroWizard.dll [C:\Users\ultra\warewolf\Dev\Warewolf.Studio.Core\Warewolf.Studio.Core.csproj]
C:\Program Files\dotnet\sdk\10.0.201\Microsoft.Common.CurrentVersion.targets(2451,5): warning MSB3277:             C:\Users\ultra\.nuget\packages\groupcontrols\1.9.0\lib\net45\GroupControls.dll [C:\Users\ultra\warewolf\Dev\Warewolf.Studio.Core\Warewolf.Studio.Core.csproj]
C:\Program Files\dotnet\sdk\10.0.201\Microsoft.Common.CurrentVersion.targets(2451,5): warning MSB3277:             C:\Users\ultra\.nuget\packages\microsoft.xaml.behaviors.wpf\1.1.122\lib\net462\Microsoft.Xaml.Behaviors.dll [C:\Users\ultra\warewolf\Dev\Warewolf.Studio.Core\Warewolf.Studio.Core.csproj]
C:\Program Files\dotnet\sdk\10.0.201\Microsoft.Common.CurrentVersion.targets(2451,5): warning MSB3277:             C:\Users\ultra\.nuget\packages\caliburn.micro\4.0.212\lib\netcoreapp3.1\Caliburn.Micro.Platform.dll [C:\Users\ultra\warewolf\Dev\Warewolf.Studio.Core\Warewolf.Studio.Core.csproj]
C:\Program Files\dotnet\sdk\10.0.201\Microsoft.Common.CurrentVersion.targets(2451,5): warning MSB3277:             C:\Users\ultra\.nuget\packages\prism.wpf\9.0.537\lib\net462\Prism.Wpf.dll [C:\Users\ultra\warewolf\Dev\Warewolf.Studio.Core\Warewolf.Studio.Core.csproj]
C:\Program Files\dotnet\sdk\10.0.201\Microsoft.Common.CurrentVersion.targets(2451,5): warning MSB3277:             C:\Users\ultra\.nuget\packages\reactiveui.wpf\18.4.1\lib\net462\ReactiveUI.Wpf.dll [C:\Users\ultra\warewolf\Dev\Warewolf.Studio.Core\Warewolf.Studio.Core.csproj]
C:\Program Files\dotnet\sdk\10.0.201\Microsoft.Common.CurrentVersion.targets(2451,5): warning MSB3277:             C:\Users\ultra\.nuget\packages\taskschedulereditor\2.10.1\lib\net452\Microsoft.Win32.TaskSchedulerEditor.dll [C:\Users\ultra\warewolf\Dev\Warewolf.Studio.Core\Warewolf.Studio.Core.csproj]
C:\Program Files\dotnet\sdk\10.0.201\Microsoft.Common.CurrentVersion.targets(2451,5): warning MSB3277:             C:\Users\ultra\.nuget\packages\ttcue.netcore.sharepointonline.csom.16.1.8029.1200\16.1.8029.1200\lib\netcoreapp2.0\Microsoft.SharePoint.Client.Runtime.Windows.dll [C:\Users\ultra\warewolf\Dev\Warewolf.Studio.Core\Warewolf.Studio.Core.csproj]
C:\Program Files\dotnet\sdk\10.0.201\Microsoft.Common.CurrentVersion.targets(2451,5): warning MSB3277: Found conflicts between different versions of "System.Security.Permissions" that could not be resolved. [C:\Users\ultra\warewolf\Dev\Warewolf.Studio.Core\Warewolf.Studio.Core.csproj]
C:\Program Files\dotnet\sdk\10.0.201\Microsoft.Common.CurrentVersion.targets(2451,5): warning MSB3277: There was a conflict between "System.Security.Permissions, Version=6.0.0.0, Culture=neutral, PublicKeyToken=cc7b13ffcd2ddd51" and "System.Security.Permissions, Version=7.0.0.0, Culture=neutral, PublicKeyToken=cc7b13ffcd2ddd51". [C:\Users\ultra\warewolf\Dev\Warewolf.Studio.Core\Warewolf.Studio.Core.csproj]
C:\Program Files\dotnet\sdk\10.0.201\Microsoft.Common.CurrentVersion.targets(2451,5): warning MSB3277:     "System.Security.Permissions, Version=6.0.0.0, Culture=neutral, PublicKeyToken=cc7b13ffcd2ddd51" was chosen because it was primary and "System.Security.Permissions, Version=7.0.0.0, Culture=neutral, PublicKeyToken=cc7b13ffcd2ddd51" was not. [C:\Users\ultra\warewolf\Dev\Warewolf.Studio.Core\Warewolf.Studio.Core.csproj]
C:\Program Files\dotnet\sdk\10.0.201\Microsoft.Common.CurrentVersion.targets(2451,5): warning MSB3277:     References which depend on "System.Security.Permissions, Version=6.0.0.0, Culture=neutral, PublicKeyToken=cc7b13ffcd2ddd51" [C:\Users\ultra\.nuget\packages\system.security.permissions\6.0.0\lib\net6.0\System.Security.Permissions.dll]. [C:\Users\ultra\warewolf\Dev\Warewolf.Studio.Core\Warewolf.Studio.Core.csproj]
C:\Program Files\dotnet\sdk\10.0.201\Microsoft.Common.CurrentVersion.targets(2451,5): warning MSB3277:         C:\Users\ultra\.nuget\packages\system.security.permissions\6.0.0\lib\net6.0\System.Security.Permissions.dll [C:\Users\ultra\warewolf\Dev\Warewolf.Studio.Core\Warewolf.Studio.Core.csproj]
C:\Program Files\dotnet\sdk\10.0.201\Microsoft.Common.CurrentVersion.targets(2451,5): warning MSB3277:           Project file item includes which caused reference "C:\Users\ultra\.nuget\packages\system.security.permissions\6.0.0\lib\net6.0\System.Security.Permissions.dll". [C:\Users\ultra\warewolf\Dev\Warewolf.Studio.Core\Warewolf.Studio.Core.csproj]
C:\Program Files\dotnet\sdk\10.0.201\Microsoft.Common.CurrentVersion.targets(2451,5): warning MSB3277:             C:\Users\ultra\.nuget\packages\system.security.permissions\6.0.0\lib\net6.0\System.Security.Permissions.dll [C:\Users\ultra\warewolf\Dev\Warewolf.Studio.Core\Warewolf.Studio.Core.csproj]
C:\Program Files\dotnet\sdk\10.0.201\Microsoft.Common.CurrentVersion.targets(2451,5): warning MSB3277:     References which depend on or have been unified to "System.Security.Permissions, Version=7.0.0.0, Culture=neutral, PublicKeyToken=cc7b13ffcd2ddd51" []. [C:\Users\ultra\warewolf\Dev\Warewolf.Studio.Core\Warewolf.Studio.Core.csproj]
C:\Program Files\dotnet\sdk\10.0.201\Microsoft.Common.CurrentVersion.targets(2451,5): warning MSB3277:         C:\Users\ultra\warewolf\Dev\Dev2.Data\bin\Debug\net8.0\Dev2.Data.dll [C:\Users\ultra\warewolf\Dev\Warewolf.Studio.Core\Warewolf.Studio.Core.csproj]
C:\Program Files\dotnet\sdk\10.0.201\Microsoft.Common.CurrentVersion.targets(2451,5): warning MSB3277:           Project file item includes which caused reference "C:\Users\ultra\warewolf\Dev\Dev2.Data\bin\Debug\net8.0\Dev2.Data.dll". [C:\Users\ultra\warewolf\Dev\Warewolf.Studio.Core\Warewolf.Studio.Core.csproj]
C:\Program Files\dotnet\sdk\10.0.201\Microsoft.Common.CurrentVersion.targets(2451,5): warning MSB3277:             C:\Users\ultra\warewolf\Dev\Dev2.Data\bin\Debug\net8.0\Dev2.Data.dll [C:\Users\ultra\warewolf\Dev\Warewolf.Studio.Core\Warewolf.Studio.Core.csproj]
C:\Program Files\dotnet\sdk\10.0.201\Microsoft.Common.CurrentVersion.targets(2451,5): warning MSB3277:             C:\Users\ultra\warewolf\Dev\Dev2.Core\bin\Debug\net8.0\Dev2.Core.dll [C:\Users\ultra\warewolf\Dev\Warewolf.Studio.Core\Warewolf.Studio.Core.csproj]
C:\Program Files\dotnet\sdk\10.0.201\Microsoft.Common.CurrentVersion.targets(2451,5): warning MSB3277:             C:\Users\ultra\warewolf\Dev\Dev2.Studio.Interfaces\bin\Debug\net8.0\Dev2.Studio.Interfaces.dll [C:\Users\ultra\warewolf\Dev\Warewolf.Studio.Core\Warewolf.Studio.Core.csproj]
C:\Program Files\dotnet\sdk\10.0.201\Microsoft.Common.CurrentVersion.targets(2451,5): warning MSB3277:             C:\Users\ultra\warewolf\Dev\Dev2.Runtime.Services\bin\Debug\net8.0\Dev2.Runtime.Services.dll [C:\Users\ultra\warewolf\Dev\Warewolf.Studio.Core\Warewolf.Studio.Core.csproj]
C:\Program Files\dotnet\sdk\10.0.201\Microsoft.Common.CurrentVersion.targets(2451,5): warning MSB3277:             C:\Users\ultra\warewolf\Dev\Dev2.Scheduler\bin\Debug\net8.0\Dev2.Scheduler.dll [C:\Users\ultra\warewolf\Dev\Warewolf.Studio.Core\Warewolf.Studio.Core.csproj]
C:\Program Files\dotnet\sdk\10.0.201\Microsoft.Common.CurrentVersion.targets(2451,5): warning MSB3277:             C:\Users\ultra\warewolf\Dev\Warewolf.Auditing\bin\Debug\net8.0\Warewolf.Auditing.dll [C:\Users\ultra\warewolf\Dev\Warewolf.Studio.Core\Warewolf.Studio.Core.csproj]
C:\Program Files\dotnet\sdk\10.0.201\Microsoft.Common.CurrentVersion.targets(2451,5): warning MSB3277:             C:\Users\ultra\warewolf\Dev\Warewolf.Common.NetStandard20\bin\Debug\net8.0\Warewolf.Common.NetStandard20.dll [C:\Users\ultra\warewolf\Dev\Warewolf.Studio.Core\Warewolf.Studio.Core.csproj]
C:\Program Files\dotnet\sdk\10.0.201\Microsoft.Common.CurrentVersion.targets(2451,5): warning MSB3277:             C:\Users\ultra\warewolf\Dev\Warewolf.Core\bin\Debug\net8.0\Warewolf.Core.dll [C:\Users\ultra\warewolf\Dev\Warewolf.Studio.Core\Warewolf.Studio.Core.csproj]
C:\Program Files\dotnet\sdk\10.0.201\Microsoft.Common.CurrentVersion.targets(2451,5): warning MSB3277:             C:\Users\ultra\warewolf\Dev\Warewolf.ResourceManagement\bin\Debug\net8.0\Warewolf.ResourceManagement.dll [C:\Users\ultra\warewolf\Dev\Warewolf.Studio.Core\Warewolf.Studio.Core.csproj]
C:\Program Files\dotnet\sdk\10.0.201\Microsoft.Common.CurrentVersion.targets(2451,5): warning MSB3277:         C:\Users\ultra\warewolf\Dev\Binaries\Infragistcs_Net6\InfragisticsWPF4.DockManager.v15.1.dll [C:\Users\ultra\warewolf\Dev\Warewolf.Studio.Core\Warewolf.Studio.Core.csproj]
C:\Program Files\dotnet\sdk\10.0.201\Microsoft.Common.CurrentVersion.targets(2451,5): warning MSB3277:           Project file item includes which caused reference "C:\Users\ultra\warewolf\Dev\Binaries\Infragistcs_Net6\InfragisticsWPF4.DockManager.v15.1.dll". [C:\Users\ultra\warewolf\Dev\Warewolf.Studio.Core\Warewolf.Studio.Core.csproj]
C:\Program Files\dotnet\sdk\10.0.201\Microsoft.Common.CurrentVersion.targets(2451,5): warning MSB3277:             InfragisticsWPF4.DockManager.v15.1, Version=15.1.20151.2055, Culture=neutral, PublicKeyToken=7dd5c3163f2cd0cb, processorArchitecture=MSIL [C:\Users\ultra\warewolf\Dev\Warewolf.Studio.Core\Warewolf.Studio.Core.csproj]
C:\Program Files\dotnet\sdk\10.0.201\Microsoft.Common.CurrentVersion.targets(2451,5): warning MSB3277:         C:\Users\ultra\warewolf\Dev\Binaries\Infragistcs_Net6\InfragisticsWPF4.v15.1.dll [C:\Users\ultra\warewolf\Dev\Warewolf.Studio.Core\Warewolf.Studio.Core.csproj]
C:\Program Files\dotnet\sdk\10.0.201\Microsoft.Common.CurrentVersion.targets(2451,5): warning MSB3277:           Project file item includes which caused reference "C:\Users\ultra\warewolf\Dev\Binaries\Infragistcs_Net6\InfragisticsWPF4.v15.1.dll". [C:\Users\ultra\warewolf\Dev\Warewolf.Studio.Core\Warewolf.Studio.Core.csproj]
C:\Program Files\dotnet\sdk\10.0.201\Microsoft.Common.CurrentVersion.targets(2451,5): warning MSB3277:             InfragisticsWPF4.v15.1, Version=15.1.20151.2055, Culture=neutral, PublicKeyToken=7dd5c3163f2cd0cb, processorArchitecture=MSIL [C:\Users\ultra\warewolf\Dev\Warewolf.Studio.Core\Warewolf.Studio.Core.csproj]
C:\Program Files\dotnet\sdk\10.0.201\Microsoft.Common.CurrentVersion.targets(2451,5): warning MSB3277:             InfragisticsWPF4.Controls.Menus.XamDataTree.v15.1, Version=15.1.20151.2055, Culture=neutral, PublicKeyToken=7dd5c3163f2cd0cb, processorArchitecture=MSIL [C:\Users\ultra\warewolf\Dev\Warewolf.Studio.Core\Warewolf.Studio.Core.csproj]
C:\Program Files\dotnet\sdk\10.0.201\Microsoft.Common.CurrentVersion.targets(2451,5): warning MSB3277:             InfragisticsWPF4.DataManager.v15.1, Version=15.1.20151.2055, Culture=neutral, PublicKeyToken=7dd5c3163f2cd0cb, processorArchitecture=MSIL [C:\Users\ultra\warewolf\Dev\Warewolf.Studio.Core\Warewolf.Studio.Core.csproj]
C:\Program Files\dotnet\sdk\10.0.201\Microsoft.Common.CurrentVersion.targets(2451,5): warning MSB3277:             InfragisticsWPF4.DockManager.v15.1, Version=15.1.20151.2055, Culture=neutral, PublicKeyToken=7dd5c3163f2cd0cb, processorArchitecture=MSIL [C:\Users\ultra\warewolf\Dev\Warewolf.Studio.Core\Warewolf.Studio.Core.csproj]
C:\Program Files\dotnet\sdk\10.0.201\Microsoft.Common.CurrentVersion.targets(2451,5): warning MSB3277:         C:\Users\ultra\.nuget\packages\dotnetzip\1.16.0\lib\netstandard2.0\DotNetZip.dll [C:\Users\ultra\warewolf\Dev\Warewolf.Studio.Core\Warewolf.Studio.Core.csproj]
C:\Program Files\dotnet\sdk\10.0.201\Microsoft.Common.CurrentVersion.targets(2451,5): warning MSB3277:           Project file item includes which caused reference "C:\Users\ultra\.nuget\packages\dotnetzip\1.16.0\lib\netstandard2.0\DotNetZip.dll". [C:\Users\ultra\warewolf\Dev\Warewolf.Studio.Core\Warewolf.Studio.Core.csproj]
C:\Program Files\dotnet\sdk\10.0.201\Microsoft.Common.CurrentVersion.targets(2451,5): warning MSB3277:             C:\Users\ultra\.nuget\packages\dotnetzip\1.16.0\lib\netstandard2.0\DotNetZip.dll [C:\Users\ultra\warewolf\Dev\Warewolf.Studio.Core\Warewolf.Studio.Core.csproj]
C:\Program Files\dotnet\sdk\10.0.201\Microsoft.Common.CurrentVersion.targets(2451,5): warning MSB3277:             C:\Users\ultra\warewolf\Dev\Dev2.Common\bin\Debug\net8.0\Dev2.Common.dll [C:\Users\ultra\warewolf\Dev\Warewolf.Studio.Core\Warewolf.Studio.Core.csproj]
C:\Program Files\dotnet\sdk\10.0.201\Microsoft.Common.CurrentVersion.targets(2451,5): warning MSB3277:             C:\Users\ultra\warewolf\Dev\Dev2.Core\bin\Debug\net8.0\Dev2.Core.dll [C:\Users\ultra\warewolf\Dev\Warewolf.Studio.Core\Warewolf.Studio.Core.csproj]
C:\Program Files\dotnet\sdk\10.0.201\Microsoft.Common.CurrentVersion.targets(2451,5): warning MSB3277:             C:\Users\ultra\warewolf\Dev\Dev2.Infrastructure\bin\Debug\net8.0\Dev2.Infrastructure.dll [C:\Users\ultra\warewolf\Dev\Warewolf.Studio.Core\Warewolf.Studio.Core.csproj]
C:\Program Files\dotnet\sdk\10.0.201\Microsoft.Common.CurrentVersion.targets(2451,5): warning MSB3277:             C:\Users\ultra\warewolf\Dev\Dev2.Studio.Interfaces\bin\Debug\net8.0\Dev2.Studio.Interfaces.dll [C:\Users\ultra\warewolf\Dev\Warewolf.Studio.Core\Warewolf.Studio.Core.csproj]
C:\Program Files\dotnet\sdk\10.0.201\Microsoft.Common.CurrentVersion.targets(2451,5): warning MSB3277:             C:\Users\ultra\warewolf\Dev\Dev2.Data\bin\Debug\net8.0\Dev2.Data.dll [C:\Users\ultra\warewolf\Dev\Warewolf.Studio.Core\Warewolf.Studio.Core.csproj]
C:\Program Files\dotnet\sdk\10.0.201\Microsoft.Common.CurrentVersion.targets(2451,5): warning MSB3277:             C:\Users\ultra\warewolf\Dev\Dev2.Data.Interfaces\bin\Debug\net8.0\Dev2.Data.Interfaces.dll [C:\Users\ultra\warewolf\Dev\Warewolf.Studio.Core\Warewolf.Studio.Core.csproj]
C:\Program Files\dotnet\sdk\10.0.201\Microsoft.Common.CurrentVersion.targets(2451,5): warning MSB3277:             C:\Users\ultra\warewolf\Dev\Dev2.Diagnostics\bin\Debug\net8.0\Dev2.Diagnostics.dll [C:\Users\ultra\warewolf\Dev\Warewolf.Studio.Core\Warewolf.Studio.Core.csproj]
C:\Program Files\dotnet\sdk\10.0.201\Microsoft.Common.CurrentVersion.targets(2451,5): warning MSB3277:             C:\Users\ultra\warewolf\Dev\Dev2.Runtime.Services\bin\Debug\net8.0\Dev2.Runtime.Services.dll [C:\Users\ultra\warewolf\Dev\Warewolf.Studio.Core\Warewolf.Studio.Core.csproj]
C:\Program Files\dotnet\sdk\10.0.201\Microsoft.Common.CurrentVersion.targets(2451,5): warning MSB3277:             C:\Users\ultra\warewolf\Dev\Dev2.Scheduler\bin\Debug\net8.0\Dev2.Scheduler.dll [C:\Users\ultra\warewolf\Dev\Warewolf.Studio.Core\Warewolf.Studio.Core.csproj]
C:\Program Files\dotnet\sdk\10.0.201\Microsoft.Common.CurrentVersion.targets(2451,5): warning MSB3277:             C:\Users\ultra\warewolf\Dev\Dev2.Services.Sql\bin\Debug\net8.0\Dev2.Services.Sql.dll [C:\Users\ultra\warewolf\Dev\Warewolf.Studio.Core\Warewolf.Studio.Core.csproj]
C:\Program Files\dotnet\sdk\10.0.201\Microsoft.Common.CurrentVersion.targets(2451,5): warning MSB3277:             C:\Users\ultra\warewolf\Dev\Dev2.TaskScheduler.Wrappers\bin\Debug\net8.0\Dev2.TaskScheduler.Wrappers.dll [C:\Users\ultra\warewolf\Dev\Warewolf.Studio.Core\Warewolf.Studio.Core.csproj]
C:\Program Files\dotnet\sdk\10.0.201\Microsoft.Common.CurrentVersion.targets(2451,5): warning MSB3277:             C:\Users\ultra\warewolf\Dev\Dev2.Util\bin\Debug\net8.0\Dev2.Util.dll [C:\Users\ultra\warewolf\Dev\Warewolf.Studio.Core\Warewolf.Studio.Core.csproj]
C:\Program Files\dotnet\sdk\10.0.201\Microsoft.Common.CurrentVersion.targets(2451,5): warning MSB3277:             C:\Users\ultra\warewolf\Dev\Warewolf.AI.Harness\bin\Debug\net8.0\Warewolf.AI.Harness.dll [C:\Users\ultra\warewolf\Dev\Warewolf.Studio.Core\Warewolf.Studio.Core.csproj]
C:\Program Files\dotnet\sdk\10.0.201\Microsoft.Common.CurrentVersion.targets(2451,5): warning MSB3277:             C:\Users\ultra\warewolf\Dev\Warewolf.Auditing\bin\Debug\net8.0\Warewolf.Auditing.dll [C:\Users\ultra\warewolf\Dev\Warewolf.Studio.Core\Warewolf.Studio.Core.csproj]
C:\Program Files\dotnet\sdk\10.0.201\Microsoft.Common.CurrentVersion.targets(2451,5): warning MSB3277:             C:\Users\ultra\warewolf\Dev\Warewolf.Common.NetStandard20\bin\Debug\net8.0\Warewolf.Common.NetStandard20.dll [C:\Users\ultra\warewolf\Dev\Warewolf.Studio.Core\Warewolf.Studio.Core.csproj]
C:\Program Files\dotnet\sdk\10.0.201\Microsoft.Common.CurrentVersion.targets(2451,5): warning MSB3277:             C:\Users\ultra\warewolf\Dev\Warewolf.Core\bin\Debug\net8.0\Warewolf.Core.dll [C:\Users\ultra\warewolf\Dev\Warewolf.Studio.Core\Warewolf.Studio.Core.csproj]
C:\Program Files\dotnet\sdk\10.0.201\Microsoft.Common.CurrentVersion.targets(2451,5): warning MSB3277:             C:\Users\ultra\warewolf\Dev\Warewolf.Driver.Serilog\bin\Debug\net8.0\Warewolf.Driver.Serilog.dll [C:\Users\ultra\warewolf\Dev\Warewolf.Studio.Core\Warewolf.Studio.Core.csproj]
C:\Program Files\dotnet\sdk\10.0.201\Microsoft.Common.CurrentVersion.targets(2451,5): warning MSB3277:             C:\Users\ultra\warewolf\Dev\Warewolf.ResourceManagement\bin\Debug\net8.0\Warewolf.ResourceManagement.dll [C:\Users\ultra\warewolf\Dev\Warewolf.Studio.Core\Warewolf.Studio.Core.csproj]
C:\Program Files\dotnet\sdk\10.0.201\Microsoft.Common.CurrentVersion.targets(2451,5): warning MSB3277:             C:\Users\ultra\warewolf\Dev\Warewolf.Sharepoint\bin\Debug\net8.0\Warewolf.Sharepoint.dll [C:\Users\ultra\warewolf\Dev\Warewolf.Studio.Core\Warewolf.Studio.Core.csproj]
C:\Program Files\dotnet\sdk\10.0.201\Microsoft.Common.CurrentVersion.targets(2451,5): warning MSB3277:             C:\Users\ultra\warewolf\Dev\Warewolf.Storage\bin\Debug\net8.0\Warewolf.Storage.dll [C:\Users\ultra\warewolf\Dev\Warewolf.Studio.Core\Warewolf.Studio.Core.csproj]
C:\Program Files\dotnet\sdk\10.0.201\Microsoft.Common.CurrentVersion.targets(2451,5): warning MSB3277:         C:\Users\ultra\.nuget\packages\mindbox.data.linq\5.0.0\lib\netstandard2.0\Mindbox.Data.Linq.dll [C:\Users\ultra\warewolf\Dev\Warewolf.Studio.Core\Warewolf.Studio.Core.csproj]
C:\Program Files\dotnet\sdk\10.0.201\Microsoft.Common.CurrentVersion.targets(2451,5): warning MSB3277:           Project file item includes which caused reference "C:\Users\ultra\.nuget\packages\mindbox.data.linq\5.0.0\lib\netstandard2.0\Mindbox.Data.Linq.dll". [C:\Users\ultra\warewolf\Dev\Warewolf.Studio.Core\Warewolf.Studio.Core.csproj]
C:\Program Files\dotnet\sdk\10.0.201\Microsoft.Common.CurrentVersion.targets(2451,5): warning MSB3277:             C:\Users\ultra\.nuget\packages\mindbox.data.linq\5.0.0\lib\netstandard2.0\Mindbox.Data.Linq.dll [C:\Users\ultra\warewolf\Dev\Warewolf.Studio.Core\Warewolf.Studio.Core.csproj]
C:\Program Files\dotnet\sdk\10.0.201\Microsoft.Common.CurrentVersion.targets(2451,5): warning MSB3277:             C:\Users\ultra\warewolf\Dev\Warewolf.Auditing\bin\Debug\net8.0\Warewolf.Auditing.dll [C:\Users\ultra\warewolf\Dev\Warewolf.Studio.Core\Warewolf.Studio.Core.csproj]
C:\Program Files\dotnet\sdk\10.0.201\Microsoft.Common.CurrentVersion.targets(2451,5): warning MSB3277:             C:\Users\ultra\warewolf\Dev\Dev2.Runtime.Services\bin\Debug\net8.0\Dev2.Runtime.Services.dll [C:\Users\ultra\warewolf\Dev\Warewolf.Studio.Core\Warewolf.Studio.Core.csproj]
C:\Program Files\dotnet\sdk\10.0.201\Microsoft.Common.CurrentVersion.targets(2451,5): warning MSB3277:             C:\Users\ultra\warewolf\Dev\Dev2.Studio.Interfaces\bin\Debug\net8.0\Dev2.Studio.Interfaces.dll [C:\Users\ultra\warewolf\Dev\Warewolf.Studio.Core\Warewolf.Studio.Core.csproj]
C:\Program Files\dotnet\sdk\10.0.201\Microsoft.Common.CurrentVersion.targets(2451,5): warning MSB3277:             C:\Users\ultra\warewolf\Dev\Warewolf.Common.NetStandard20\bin\Debug\net8.0\Warewolf.Common.NetStandard20.dll [C:\Users\ultra\warewolf\Dev\Warewolf.Studio.Core\Warewolf.Studio.Core.csproj]
C:\Program Files\dotnet\sdk\10.0.201\Microsoft.Common.CurrentVersion.targets(2451,5): warning MSB3277:         C:\Users\ultra\.nuget\packages\mysql.data\8.4.0\lib\net8.0\MySql.Data.dll [C:\Users\ultra\warewolf\Dev\Warewolf.Studio.Core\Warewolf.Studio.Core.csproj]
C:\Program Files\dotnet\sdk\10.0.201\Microsoft.Common.CurrentVersion.targets(2451,5): warning MSB3277:           Project file item includes which caused reference "C:\Users\ultra\.nuget\packages\mysql.data\8.4.0\lib\net8.0\MySql.Data.dll". [C:\Users\ultra\warewolf\Dev\Warewolf.Studio.Core\Warewolf.Studio.Core.csproj]
C:\Program Files\dotnet\sdk\10.0.201\Microsoft.Common.CurrentVersion.targets(2451,5): warning MSB3277:             C:\Users\ultra\.nuget\packages\mysql.data\8.4.0\lib\net8.0\MySql.Data.dll [C:\Users\ultra\warewolf\Dev\Warewolf.Studio.Core\Warewolf.Studio.Core.csproj]
C:\Program Files\dotnet\sdk\10.0.201\Microsoft.Common.CurrentVersion.targets(2451,5): warning MSB3277:             C:\Users\ultra\warewolf\Dev\Dev2.Runtime.Services\bin\Debug\net8.0\Dev2.Runtime.Services.dll [C:\Users\ultra\warewolf\Dev\Warewolf.Studio.Core\Warewolf.Studio.Core.csproj]
C:\Program Files\dotnet\sdk\10.0.201\Microsoft.Common.CurrentVersion.targets(2451,5): warning MSB3277:             C:\Users\ultra\warewolf\Dev\Dev2.Studio.Interfaces\bin\Debug\net8.0\Dev2.Studio.Interfaces.dll [C:\Users\ultra\warewolf\Dev\Warewolf.Studio.Core\Warewolf.Studio.Core.csproj]
C:\Program Files\dotnet\sdk\10.0.201\Microsoft.Common.CurrentVersion.targets(2451,5): warning MSB3277:             C:\Users\ultra\warewolf\Dev\Dev2.Services.Sql\bin\Debug\net8.0\Dev2.Services.Sql.dll [C:\Users\ultra\warewolf\Dev\Warewolf.Studio.Core\Warewolf.Studio.Core.csproj]
C:\Program Files\dotnet\sdk\10.0.201\Microsoft.Common.CurrentVersion.targets(2451,5): warning MSB3277:         C:\Users\ultra\.nuget\packages\oracle.manageddataaccess.core\3.21.70\lib\netstandard2.1\Oracle.ManagedDataAccess.dll [C:\Users\ultra\warewolf\Dev\Warewolf.Studio.Core\Warewolf.Studio.Core.csproj]
C:\Program Files\dotnet\sdk\10.0.201\Microsoft.Common.CurrentVersion.targets(2451,5): warning MSB3277:           Project file item includes which caused reference "C:\Users\ultra\.nuget\packages\oracle.manageddataaccess.core\3.21.70\lib\netstandard2.1\Oracle.ManagedDataAccess.dll". [C:\Users\ultra\warewolf\Dev\Warewolf.Studio.Core\Warewolf.Studio.Core.csproj]
C:\Program Files\dotnet\sdk\10.0.201\Microsoft.Common.CurrentVersion.targets(2451,5): warning MSB3277:             C:\Users\ultra\.nuget\packages\oracle.manageddataaccess.core\3.21.70\lib\netstandard2.1\Oracle.ManagedDataAccess.dll [C:\Users\ultra\warewolf\Dev\Warewolf.Studio.Core\Warewolf.Studio.Core.csproj]
C:\Program Files\dotnet\sdk\10.0.201\Microsoft.Common.CurrentVersion.targets(2451,5): warning MSB3277:             C:\Users\ultra\warewolf\Dev\Dev2.Runtime.Services\bin\Debug\net8.0\Dev2.Runtime.Services.dll [C:\Users\ultra\warewolf\Dev\Warewolf.Studio.Core\Warewolf.Studio.Core.csproj]
C:\Program Files\dotnet\sdk\10.0.201\Microsoft.Common.CurrentVersion.targets(2451,5): warning MSB3277:             C:\Users\ultra\warewolf\Dev\Dev2.Studio.Interfaces\bin\Debug\net8.0\Dev2.Studio.Interfaces.dll [C:\Users\ultra\warewolf\Dev\Warewolf.Studio.Core\Warewolf.Studio.Core.csproj]
C:\Program Files\dotnet\sdk\10.0.201\Microsoft.Common.CurrentVersion.targets(2451,5): warning MSB3277:             C:\Users\ultra\warewolf\Dev\Dev2.Services.Sql\bin\Debug\net8.0\Dev2.Services.Sql.dll [C:\Users\ultra\warewolf\Dev\Warewolf.Studio.Core\Warewolf.Studio.Core.csproj]
C:\Program Files\dotnet\sdk\10.0.201\Microsoft.Common.CurrentVersion.targets(2451,5): warning MSB3277:         C:\Users\ultra\.nuget\packages\system.directoryservices\6.0.0\lib\net6.0\System.DirectoryServices.dll [C:\Users\ultra\warewolf\Dev\Warewolf.Studio.Core\Warewolf.Studio.Core.csproj]
C:\Program Files\dotnet\sdk\10.0.201\Microsoft.Common.CurrentVersion.targets(2451,5): warning MSB3277:           Project file item includes which caused reference "C:\Users\ultra\.nuget\packages\system.directoryservices\6.0.0\lib\net6.0\System.DirectoryServices.dll". [C:\Users\ultra\warewolf\Dev\Warewolf.Studio.Core\Warewolf.Studio.Core.csproj]
C:\Program Files\dotnet\sdk\10.0.201\Microsoft.Common.CurrentVersion.targets(2451,5): warning MSB3277:             C:\Users\ultra\.nuget\packages\system.directoryservices\6.0.0\lib\net6.0\System.DirectoryServices.dll [C:\Users\ultra\warewolf\Dev\Warewolf.Studio.Core\Warewolf.Studio.Core.csproj]
C:\Program Files\dotnet\sdk\10.0.201\Microsoft.Common.CurrentVersion.targets(2451,5): warning MSB3277:             C:\Users\ultra\.nuget\packages\corewcf.primitives\1.2.1\lib\netstandard2.0\CoreWCF.Primitives.dll [C:\Users\ultra\warewolf\Dev\Warewolf.Studio.Core\Warewolf.Studio.Core.csproj]
C:\Program Files\dotnet\sdk\10.0.201\Microsoft.Common.CurrentVersion.targets(2451,5): warning MSB3277:             C:\Users\ultra\warewolf\Dev\Dev2.Runtime.Services\bin\Debug\net8.0\Dev2.Runtime.Services.dll [C:\Users\ultra\warewolf\Dev\Warewolf.Studio.Core\Warewolf.Studio.Core.csproj]
C:\Program Files\dotnet\sdk\10.0.201\Microsoft.Common.CurrentVersion.targets(2451,5): warning MSB3277:             C:\Users\ultra\warewolf\Dev\Dev2.Studio.Interfaces\bin\Debug\net8.0\Dev2.Studio.Interfaces.dll [C:\Users\ultra\warewolf\Dev\Warewolf.Studio.Core\Warewolf.Studio.Core.csproj]
C:\Program Files\dotnet\sdk\10.0.201\Microsoft.Common.CurrentVersion.targets(2451,5): warning MSB3277:             C:\Users\ultra\.nuget\packages\corewcf.http\1.2.1\lib\netstandard2.0\CoreWCF.Http.dll [C:\Users\ultra\warewolf\Dev\Warewolf.Studio.Core\Warewolf.Studio.Core.csproj]
C:\Program Files\dotnet\sdk\10.0.201\Microsoft.Common.CurrentVersion.targets(2451,5): warning MSB3277:             C:\Users\ultra\.nuget\packages\corewcf.nettcp\1.2.1\lib\netstandard2.0\CoreWCF.NetTcp.dll [C:\Users\ultra\warewolf\Dev\Warewolf.Studio.Core\Warewolf.Studio.Core.csproj]
C:\Program Files\dotnet\sdk\10.0.201\Microsoft.Common.CurrentVersion.targets(2451,5): warning MSB3277:             C:\Users\ultra\.nuget\packages\corewcf.webhttp\1.2.1\lib\netstandard2.0\CoreWCF.WebHttp.dll [C:\Users\ultra\warewolf\Dev\Warewolf.Studio.Core\Warewolf.Studio.Core.csproj]
C:\Program Files\dotnet\sdk\10.0.201\Microsoft.Common.CurrentVersion.targets(2451,5): warning MSB3277:         C:\Program Files\dotnet\packs\Microsoft.NETCore.App.Ref\8.0.25\ref\net8.0\System.Configuration.dll [C:\Users\ultra\warewolf\Dev\Warewolf.Studio.Core\Warewolf.Studio.Core.csproj]
C:\Program Files\dotnet\sdk\10.0.201\Microsoft.Common.CurrentVersion.targets(2451,5): warning MSB3277:           Project file item includes which caused reference "C:\Program Files\dotnet\packs\Microsoft.NETCore.App.Ref\8.0.25\ref\net8.0\System.Configuration.dll". [C:\Users\ultra\warewolf\Dev\Warewolf.Studio.Core\Warewolf.Studio.Core.csproj]
C:\Program Files\dotnet\sdk\10.0.201\Microsoft.Common.CurrentVersion.targets(2451,5): warning MSB3277:             C:\Program Files\dotnet\packs\Microsoft.NETCore.App.Ref\8.0.25\ref/net8.0/System.Configuration.dll [C:\Users\ultra\warewolf\Dev\Warewolf.Studio.Core\Warewolf.Studio.Core.csproj]
C:\Program Files\dotnet\sdk\10.0.201\Microsoft.Common.CurrentVersion.targets(2451,5): warning MSB3277:             C:\Users\ultra\.nuget\packages\prism.wpf\9.0.537\lib\net462\Prism.Wpf.dll [C:\Users\ultra\warewolf\Dev\Warewolf.Studio.Core\Warewolf.Studio.Core.csproj]
C:\Program Files\dotnet\sdk\10.0.201\Microsoft.Common.CurrentVersion.targets(2451,5): warning MSB3277:         C:\Program Files\dotnet\packs\Microsoft.NETCore.App.Ref\8.0.25\ref\net8.0\System.Data.dll [C:\Users\ultra\warewolf\Dev\Warewolf.Studio.Core\Warewolf.Studio.Core.csproj]
C:\Program Files\dotnet\sdk\10.0.201\Microsoft.Common.CurrentVersion.targets(2451,5): warning MSB3277:           Project file item includes which caused reference "C:\Program Files\dotnet\packs\Microsoft.NETCore.App.Ref\8.0.25\ref\net8.0\System.Data.dll". [C:\Users\ultra\warewolf\Dev\Warewolf.Studio.Core\Warewolf.Studio.Core.csproj]
C:\Program Files\dotnet\sdk\10.0.201\Microsoft.Common.CurrentVersion.targets(2451,5): warning MSB3277:             C:\Program Files\dotnet\packs\Microsoft.NETCore.App.Ref\8.0.25\ref/net8.0/System.Data.dll [C:\Users\ultra\warewolf\Dev\Warewolf.Studio.Core\Warewolf.Studio.Core.csproj]
C:\Program Files\dotnet\sdk\10.0.201\Microsoft.Common.CurrentVersion.targets(2451,5): warning MSB3277:             C:\Users\ultra\.nuget\packages\taskschedulereditor\2.10.1\lib\net452\Microsoft.Win32.TaskSchedulerEditor.dll [C:\Users\ultra\warewolf\Dev\Warewolf.Studio.Core\Warewolf.Studio.Core.csproj]
C:\Program Files\dotnet\sdk\10.0.201\Microsoft.Common.CurrentVersion.targets(2451,5): warning MSB3277:         C:\Program Files\dotnet\packs\Microsoft.NETCore.App.Ref\8.0.25\ref\net8.0\System.Drawing.dll [C:\Users\ultra\warewolf\Dev\Warewolf.Studio.Core\Warewolf.Studio.Core.csproj]
C:\Program Files\dotnet\sdk\10.0.201\Microsoft.Common.CurrentVersion.targets(2451,5): warning MSB3277:           Project file item includes which caused reference "C:\Program Files\dotnet\packs\Microsoft.NETCore.App.Ref\8.0.25\ref\net8.0\System.Drawing.dll". [C:\Users\ultra\warewolf\Dev\Warewolf.Studio.Core\Warewolf.Studio.Core.csproj]
C:\Program Files\dotnet\sdk\10.0.201\Microsoft.Common.CurrentVersion.targets(2451,5): warning MSB3277:             C:\Program Files\dotnet\packs\Microsoft.NETCore.App.Ref\8.0.25\ref/net8.0/System.Drawing.dll [C:\Users\ultra\warewolf\Dev\Warewolf.Studio.Core\Warewolf.Studio.Core.csproj]
C:\Program Files\dotnet\sdk\10.0.201\Microsoft.Common.CurrentVersion.targets(2451,5): warning MSB3277:             C:\Users\ultra\.nuget\packages\aerowizard\2.3.1\lib\net45\AeroWizard.dll [C:\Users\ultra\warewolf\Dev\Warewolf.Studio.Core\Warewolf.Studio.Core.csproj]
C:\Program Files\dotnet\sdk\10.0.201\Microsoft.Common.CurrentVersion.targets(2451,5): warning MSB3277:             C:\Users\ultra\.nuget\packages\groupcontrols\1.9.0\lib\net45\GroupControls.dll [C:\Users\ultra\warewolf\Dev\Warewolf.Studio.Core\Warewolf.Studio.Core.csproj]
C:\Program Files\dotnet\sdk\10.0.201\Microsoft.Common.CurrentVersion.targets(2451,5): warning MSB3277:             C:\Users\ultra\.nuget\packages\taskschedulereditor\2.10.1\lib\net452\Microsoft.Win32.TaskSchedulerEditor.dll [C:\Users\ultra\warewolf\Dev\Warewolf.Studio.Core\Warewolf.Studio.Core.csproj]
C:\Program Files\dotnet\sdk\10.0.201\Microsoft.Common.CurrentVersion.targets(2451,5): warning MSB3277:         C:\Program Files\dotnet\packs\Microsoft.NETCore.App.Ref\8.0.25\ref\net8.0\System.Net.dll [C:\Users\ultra\warewolf\Dev\Warewolf.Studio.Core\Warewolf.Studio.Core.csproj]
C:\Program Files\dotnet\sdk\10.0.201\Microsoft.Common.CurrentVersion.targets(2451,5): warning MSB3277:           Project file item includes which caused reference "C:\Program Files\dotnet\packs\Microsoft.NETCore.App.Ref\8.0.25\ref\net8.0\System.Net.dll". [C:\Users\ultra\warewolf\Dev\Warewolf.Studio.Core\Warewolf.Studio.Core.csproj]
C:\Program Files\dotnet\sdk\10.0.201\Microsoft.Common.CurrentVersion.targets(2451,5): warning MSB3277:             C:\Program Files\dotnet\packs\Microsoft.NETCore.App.Ref\8.0.25\ref/net8.0/System.Net.dll [C:\Users\ultra\warewolf\Dev\Warewolf.Studio.Core\Warewolf.Studio.Core.csproj]
C:\Program Files\dotnet\sdk\10.0.201\Microsoft.Common.CurrentVersion.targets(2451,5): warning MSB3277:         C:\Program Files\dotnet\packs\Microsoft.NETCore.App.Ref\8.0.25\ref\net8.0\System.Security.dll [C:\Users\ultra\warewolf\Dev\Warewolf.Studio.Core\Warewolf.Studio.Core.csproj]
C:\Program Files\dotnet\sdk\10.0.201\Microsoft.Common.CurrentVersion.targets(2451,5): warning MSB3277:           Project file item includes which caused reference "C:\Program Files\dotnet\packs\Microsoft.NETCore.App.Ref\8.0.25\ref\net8.0\System.Security.dll". [C:\Users\ultra\warewolf\Dev\Warewolf.Studio.Core\Warewolf.Studio.Core.csproj]
C:\Program Files\dotnet\sdk\10.0.201\Microsoft.Common.CurrentVersion.targets(2451,5): warning MSB3277:             C:\Program Files\dotnet\packs\Microsoft.NETCore.App.Ref\8.0.25\ref/net8.0/System.Security.dll [C:\Users\ultra\warewolf\Dev\Warewolf.Studio.Core\Warewolf.Studio.Core.csproj]
C:\Program Files\dotnet\sdk\10.0.201\Microsoft.Common.CurrentVersion.targets(2451,5): warning MSB3277:         C:\Program Files\dotnet\packs\Microsoft.NETCore.App.Ref\8.0.25\ref\net8.0\System.ServiceProcess.dll [C:\Users\ultra\warewolf\Dev\Warewolf.Studio.Core\Warewolf.Studio.Core.csproj]
C:\Program Files\dotnet\sdk\10.0.201\Microsoft.Common.CurrentVersion.targets(2451,5): warning MSB3277:           Project file item includes which caused reference "C:\Program Files\dotnet\packs\Microsoft.NETCore.App.Ref\8.0.25\ref\net8.0\System.ServiceProcess.dll". [C:\Users\ultra\warewolf\Dev\Warewolf.Studio.Core\Warewolf.Studio.Core.csproj]
C:\Program Files\dotnet\sdk\10.0.201\Microsoft.Common.CurrentVersion.targets(2451,5): warning MSB3277:             C:\Program Files\dotnet\packs\Microsoft.NETCore.App.Ref\8.0.25\ref/net8.0/System.ServiceProcess.dll [C:\Users\ultra\warewolf\Dev\Warewolf.Studio.Core\Warewolf.Studio.Core.csproj]
C:\Program Files\dotnet\sdk\10.0.201\Microsoft.Common.CurrentVersion.targets(2451,5): warning MSB3277:         C:\Program Files\dotnet\packs\Microsoft.NETCore.App.Ref\8.0.25\ref\net8.0\System.Transactions.dll [C:\Users\ultra\warewolf\Dev\Warewolf.Studio.Core\Warewolf.Studio.Core.csproj]
C:\Program Files\dotnet\sdk\10.0.201\Microsoft.Common.CurrentVersion.targets(2451,5): warning MSB3277:           Project file item includes which caused reference "C:\Program Files\dotnet\packs\Microsoft.NETCore.App.Ref\8.0.25\ref\net8.0\System.Transactions.dll". [C:\Users\ultra\warewolf\Dev\Warewolf.Studio.Core\Warewolf.Studio.Core.csproj]
C:\Program Files\dotnet\sdk\10.0.201\Microsoft.Common.CurrentVersion.targets(2451,5): warning MSB3277:             C:\Program Files\dotnet\packs\Microsoft.NETCore.App.Ref\8.0.25\ref/net8.0/System.Transactions.dll [C:\Users\ultra\warewolf\Dev\Warewolf.Studio.Core\Warewolf.Studio.Core.csproj]
C:\Program Files\dotnet\sdk\10.0.201\Microsoft.Common.CurrentVersion.targets(2451,5): warning MSB3277:         C:\Program Files\dotnet\packs\Microsoft.NETCore.App.Ref\8.0.25\ref\net8.0\System.dll [C:\Users\ultra\warewolf\Dev\Warewolf.Studio.Core\Warewolf.Studio.Core.csproj]
C:\Program Files\dotnet\sdk\10.0.201\Microsoft.Common.CurrentVersion.targets(2451,5): warning MSB3277:           Project file item includes which caused reference "C:\Program Files\dotnet\packs\Microsoft.NETCore.App.Ref\8.0.25\ref\net8.0\System.dll". [C:\Users\ultra\warewolf\Dev\Warewolf.Studio.Core\Warewolf.Studio.Core.csproj]
C:\Program Files\dotnet\sdk\10.0.201\Microsoft.Common.CurrentVersion.targets(2451,5): warning MSB3277:             C:\Program Files\dotnet\packs\Microsoft.NETCore.App.Ref\8.0.25\ref/net8.0/System.dll [C:\Users\ultra\warewolf\Dev\Warewolf.Studio.Core\Warewolf.Studio.Core.csproj]
C:\Program Files\dotnet\sdk\10.0.201\Microsoft.Common.CurrentVersion.targets(2451,5): warning MSB3277:             C:\Users\ultra\.nuget\packages\aerowizard\2.3.1\lib\net45\AeroWizard.dll [C:\Users\ultra\warewolf\Dev\Warewolf.Studio.Core\Warewolf.Studio.Core.csproj]
C:\Program Files\dotnet\sdk\10.0.201\Microsoft.Common.CurrentVersion.targets(2451,5): warning MSB3277:             C:\Users\ultra\.nuget\packages\groupcontrols\1.9.0\lib\net45\GroupControls.dll [C:\Users\ultra\warewolf\Dev\Warewolf.Studio.Core\Warewolf.Studio.Core.csproj]
C:\Program Files\dotnet\sdk\10.0.201\Microsoft.Common.CurrentVersion.targets(2451,5): warning MSB3277:             C:\Users\ultra\.nuget\packages\microsoft.xaml.behaviors.wpf\1.1.122\lib\net462\Microsoft.Xaml.Behaviors.dll [C:\Users\ultra\warewolf\Dev\Warewolf.Studio.Core\Warewolf.Studio.Core.csproj]
C:\Program Files\dotnet\sdk\10.0.201\Microsoft.Common.CurrentVersion.targets(2451,5): warning MSB3277:             C:\Users\ultra\.nuget\packages\caliburn.micro\4.0.212\lib\netcoreapp3.1\Caliburn.Micro.Platform.dll [C:\Users\ultra\warewolf\Dev\Warewolf.Studio.Core\Warewolf.Studio.Core.csproj]
C:\Program Files\dotnet\sdk\10.0.201\Microsoft.Common.CurrentVersion.targets(2451,5): warning MSB3277:             C:\Users\ultra\.nuget\packages\prism.wpf\9.0.537\lib\net462\Prism.Wpf.dll [C:\Users\ultra\warewolf\Dev\Warewolf.Studio.Core\Warewolf.Studio.Core.csproj]
C:\Program Files\dotnet\sdk\10.0.201\Microsoft.Common.CurrentVersion.targets(2451,5): warning MSB3277:             C:\Users\ultra\.nuget\packages\reactiveui.wpf\18.4.1\lib\net462\ReactiveUI.Wpf.dll [C:\Users\ultra\warewolf\Dev\Warewolf.Studio.Core\Warewolf.Studio.Core.csproj]
C:\Program Files\dotnet\sdk\10.0.201\Microsoft.Common.CurrentVersion.targets(2451,5): warning MSB3277:             C:\Users\ultra\.nuget\packages\taskschedulereditor\2.10.1\lib\net452\Microsoft.Win32.TaskSchedulerEditor.dll [C:\Users\ultra\warewolf\Dev\Warewolf.Studio.Core\Warewolf.Studio.Core.csproj]
C:\Program Files\dotnet\sdk\10.0.201\Microsoft.Common.CurrentVersion.targets(2451,5): warning MSB3277:             C:\Users\ultra\.nuget\packages\ttcue.netcore.sharepointonline.csom.16.1.8029.1200\16.1.8029.1200\lib\netcoreapp2.0\Microsoft.SharePoint.Client.Runtime.Windows.dll [C:\Users\ultra\warewolf\Dev\Warewolf.Studio.Core\Warewolf.Studio.Core.csproj]
C:\Program Files\dotnet\sdk\10.0.201\Microsoft.Common.CurrentVersion.targets(2451,5): warning MSB3277:         C:\Program Files\dotnet\packs\Microsoft.NETCore.App.Ref\8.0.25\ref\net8.0\WindowsBase.dll [C:\Users\ultra\warewolf\Dev\Warewolf.Studio.Core\Warewolf.Studio.Core.csproj]
C:\Program Files\dotnet\sdk\10.0.201\Microsoft.Common.CurrentVersion.targets(2451,5): warning MSB3277:           Project file item includes which caused reference "C:\Program Files\dotnet\packs\Microsoft.NETCore.App.Ref\8.0.25\ref\net8.0\WindowsBase.dll". [C:\Users\ultra\warewolf\Dev\Warewolf.Studio.Core\Warewolf.Studio.Core.csproj]
C:\Program Files\dotnet\sdk\10.0.201\Microsoft.Common.CurrentVersion.targets(2451,5): warning MSB3277:             C:\Program Files\dotnet\packs\Microsoft.NETCore.App.Ref\8.0.25\ref/net8.0/WindowsBase.dll [C:\Users\ultra\warewolf\Dev\Warewolf.Studio.Core\Warewolf.Studio.Core.csproj]
C:\Program Files\dotnet\sdk\10.0.201\Microsoft.Common.CurrentVersion.targets(2451,5): warning MSB3277:         C:\Program Files\dotnet\packs\Microsoft.NETCore.App.Ref\8.0.25\ref\net8.0\mscorlib.dll [C:\Users\ultra\warewolf\Dev\Warewolf.Studio.Core\Warewolf.Studio.Core.csproj]
C:\Program Files\dotnet\sdk\10.0.201\Microsoft.Common.CurrentVersion.targets(2451,5): warning MSB3277:           Project file item includes which caused reference "C:\Program Files\dotnet\packs\Microsoft.NETCore.App.Ref\8.0.25\ref\net8.0\mscorlib.dll". [C:\Users\ultra\warewolf\Dev\Warewolf.Studio.Core\Warewolf.Studio.Core.csproj]
C:\Program Files\dotnet\sdk\10.0.201\Microsoft.Common.CurrentVersion.targets(2451,5): warning MSB3277:             C:\Program Files\dotnet\packs\Microsoft.NETCore.App.Ref\8.0.25\ref/net8.0/mscorlib.dll [C:\Users\ultra\warewolf\Dev\Warewolf.Studio.Core\Warewolf.Studio.Core.csproj]
C:\Program Files\dotnet\sdk\10.0.201\Microsoft.Common.CurrentVersion.targets(2451,5): warning MSB3277:             C:\Users\ultra\.nuget\packages\aerowizard\2.3.1\lib\net45\AeroWizard.dll [C:\Users\ultra\warewolf\Dev\Warewolf.Studio.Core\Warewolf.Studio.Core.csproj]
C:\Program Files\dotnet\sdk\10.0.201\Microsoft.Common.CurrentVersion.targets(2451,5): warning MSB3277:             C:\Users\ultra\.nuget\packages\groupcontrols\1.9.0\lib\net45\GroupControls.dll [C:\Users\ultra\warewolf\Dev\Warewolf.Studio.Core\Warewolf.Studio.Core.csproj]
C:\Program Files\dotnet\sdk\10.0.201\Microsoft.Common.CurrentVersion.targets(2451,5): warning MSB3277:             C:\Users\ultra\.nuget\packages\microsoft.xaml.behaviors.wpf\1.1.122\lib\net462\Microsoft.Xaml.Behaviors.dll [C:\Users\ultra\warewolf\Dev\Warewolf.Studio.Core\Warewolf.Studio.Core.csproj]
C:\Program Files\dotnet\sdk\10.0.201\Microsoft.Common.CurrentVersion.targets(2451,5): warning MSB3277:             C:\Users\ultra\.nuget\packages\caliburn.micro\4.0.212\lib\netcoreapp3.1\Caliburn.Micro.Platform.dll [C:\Users\ultra\warewolf\Dev\Warewolf.Studio.Core\Warewolf.Studio.Core.csproj]
C:\Program Files\dotnet\sdk\10.0.201\Microsoft.Common.CurrentVersion.targets(2451,5): warning MSB3277:             C:\Users\ultra\.nuget\packages\oracle.manageddataaccess.core\3.21.70\lib\netstandard2.1\Oracle.ManagedDataAccess.dll [C:\Users\ultra\warewolf\Dev\Warewolf.Studio.Core\Warewolf.Studio.Core.csproj]
C:\Program Files\dotnet\sdk\10.0.201\Microsoft.Common.CurrentVersion.targets(2451,5): warning MSB3277:             C:\Users\ultra\warewolf\Dev\Dev2.Runtime.Services\bin\Debug\net8.0\Dev2.Runtime.Services.dll [C:\Users\ultra\warewolf\Dev\Warewolf.Studio.Core\Warewolf.Studio.Core.csproj]
C:\Program Files\dotnet\sdk\10.0.201\Microsoft.Common.CurrentVersion.targets(2451,5): warning MSB3277:             C:\Users\ultra\warewolf\Dev\Dev2.Studio.Interfaces\bin\Debug\net8.0\Dev2.Studio.Interfaces.dll [C:\Users\ultra\warewolf\Dev\Warewolf.Studio.Core\Warewolf.Studio.Core.csproj]
C:\Program Files\dotnet\sdk\10.0.201\Microsoft.Common.CurrentVersion.targets(2451,5): warning MSB3277:             C:\Users\ultra\warewolf\Dev\Dev2.Services.Sql\bin\Debug\net8.0\Dev2.Services.Sql.dll [C:\Users\ultra\warewolf\Dev\Warewolf.Studio.Core\Warewolf.Studio.Core.csproj]
C:\Program Files\dotnet\sdk\10.0.201\Microsoft.Common.CurrentVersion.targets(2451,5): warning MSB3277:             C:\Users\ultra\.nuget\packages\prism.wpf\9.0.537\lib\net462\Prism.Wpf.dll [C:\Users\ultra\warewolf\Dev\Warewolf.Studio.Core\Warewolf.Studio.Core.csproj]
C:\Program Files\dotnet\sdk\10.0.201\Microsoft.Common.CurrentVersion.targets(2451,5): warning MSB3277:             C:\Users\ultra\.nuget\packages\reactiveui.wpf\18.4.1\lib\net462\ReactiveUI.Wpf.dll [C:\Users\ultra\warewolf\Dev\Warewolf.Studio.Core\Warewolf.Studio.Core.csproj]
C:\Program Files\dotnet\sdk\10.0.201\Microsoft.Common.CurrentVersion.targets(2451,5): warning MSB3277:             C:\Users\ultra\.nuget\packages\taskschedulereditor\2.10.1\lib\net452\Microsoft.Win32.TaskSchedulerEditor.dll [C:\Users\ultra\warewolf\Dev\Warewolf.Studio.Core\Warewolf.Studio.Core.csproj]
C:\Program Files\dotnet\sdk\10.0.201\Microsoft.Common.CurrentVersion.targets(2451,5): warning MSB3277:             C:\Users\ultra\.nuget\packages\ttcue.netcore.sharepointonline.csom.16.1.8029.1200\16.1.8029.1200\lib\netcoreapp2.0\Microsoft.SharePoint.Client.Runtime.Windows.dll [C:\Users\ultra\warewolf\Dev\Warewolf.Studio.Core\Warewolf.Studio.Core.csproj]
C:\Program Files\dotnet\sdk\10.0.201\Microsoft.Common.CurrentVersion.targets(2451,5): warning MSB3277: Found conflicts between different versions of "WindowsBase" that could not be resolved. [C:\Users\ultra\warewolf\Dev\Warewolf.Studio.Core\Warewolf.Studio.Core.csproj]
C:\Program Files\dotnet\sdk\10.0.201\Microsoft.Common.CurrentVersion.targets(2451,5): warning MSB3277: There was a conflict between "WindowsBase, Version=4.0.0.0, Culture=neutral, PublicKeyToken=31bf3856ad364e35" and "WindowsBase, Version=6.0.2.0, Culture=neutral, PublicKeyToken=31bf3856ad364e35". [C:\Users\ultra\warewolf\Dev\Warewolf.Studio.Core\Warewolf.Studio.Core.csproj]
C:\Program Files\dotnet\sdk\10.0.201\Microsoft.Common.CurrentVersion.targets(2451,5): warning MSB3277:     "WindowsBase, Version=4.0.0.0, Culture=neutral, PublicKeyToken=31bf3856ad364e35" was chosen because it was primary and "WindowsBase, Version=6.0.2.0, Culture=neutral, PublicKeyToken=31bf3856ad364e35" was not. [C:\Users\ultra\warewolf\Dev\Warewolf.Studio.Core\Warewolf.Studio.Core.csproj]
C:\Program Files\dotnet\sdk\10.0.201\Microsoft.Common.CurrentVersion.targets(2451,5): warning MSB3277:     References which depend on "WindowsBase, Version=4.0.0.0, Culture=neutral, PublicKeyToken=31bf3856ad364e35" [C:\Program Files\dotnet\packs\Microsoft.NETCore.App.Ref\8.0.25\ref\net8.0\WindowsBase.dll]. [C:\Users\ultra\warewolf\Dev\Warewolf.Studio.Core\Warewolf.Studio.Core.csproj]
C:\Program Files\dotnet\sdk\10.0.201\Microsoft.Common.CurrentVersion.targets(2451,5): warning MSB3277:         C:\Program Files\dotnet\packs\Microsoft.NETCore.App.Ref\8.0.25\ref\net8.0\WindowsBase.dll [C:\Users\ultra\warewolf\Dev\Warewolf.Studio.Core\Warewolf.Studio.Core.csproj]
C:\Program Files\dotnet\sdk\10.0.201\Microsoft.Common.CurrentVersion.targets(2451,5): warning MSB3277:           Project file item includes which caused reference "C:\Program Files\dotnet\packs\Microsoft.NETCore.App.Ref\8.0.25\ref\net8.0\WindowsBase.dll". [C:\Users\ultra\warewolf\Dev\Warewolf.Studio.Core\Warewolf.Studio.Core.csproj]
C:\Program Files\dotnet\sdk\10.0.201\Microsoft.Common.CurrentVersion.targets(2451,5): warning MSB3277:             C:\Program Files\dotnet\packs\Microsoft.NETCore.App.Ref\8.0.25\ref/net8.0/WindowsBase.dll [C:\Users\ultra\warewolf\Dev\Warewolf.Studio.Core\Warewolf.Studio.Core.csproj]
C:\Program Files\dotnet\sdk\10.0.201\Microsoft.Common.CurrentVersion.targets(2451,5): warning MSB3277:     References which depend on or have been unified to "WindowsBase, Version=6.0.2.0, Culture=neutral, PublicKeyToken=31bf3856ad364e35" []. [C:\Users\ultra\warewolf\Dev\Warewolf.Studio.Core\Warewolf.Studio.Core.csproj]
C:\Program Files\dotnet\sdk\10.0.201\Microsoft.Common.CurrentVersion.targets(2451,5): warning MSB3277:         C:\Users\ultra\warewolf\Dev\Binaries\Infragistcs_Net6\InfragisticsWPF4.Controls.Menus.XamDataTree.v15.1.dll [C:\Users\ultra\warewolf\Dev\Warewolf.Studio.Core\Warewolf.Studio.Core.csproj]
C:\Program Files\dotnet\sdk\10.0.201\Microsoft.Common.CurrentVersion.targets(2451,5): warning MSB3277:           Project file item includes which caused reference "C:\Users\ultra\warewolf\Dev\Binaries\Infragistcs_Net6\InfragisticsWPF4.Controls.Menus.XamDataTree.v15.1.dll". [C:\Users\ultra\warewolf\Dev\Warewolf.Studio.Core\Warewolf.Studio.Core.csproj]
C:\Program Files\dotnet\sdk\10.0.201\Microsoft.Common.CurrentVersion.targets(2451,5): warning MSB3277:             InfragisticsWPF4.Controls.Menus.XamDataTree.v15.1, Version=15.1.20151.2055, Culture=neutral, PublicKeyToken=7dd5c3163f2cd0cb, processorArchitecture=MSIL [C:\Users\ultra\warewolf\Dev\Warewolf.Studio.Core\Warewolf.Studio.Core.csproj]
C:\Program Files\dotnet\sdk\10.0.201\Microsoft.Common.CurrentVersion.targets(2451,5): warning MSB3277:         C:\Users\ultra\warewolf\Dev\Binaries\Infragistcs_Net6\InfragisticsWPF4.DataManager.v15.1.dll [C:\Users\ultra\warewolf\Dev\Warewolf.Studio.Core\Warewolf.Studio.Core.csproj]
C:\Program Files\dotnet\sdk\10.0.201\Microsoft.Common.CurrentVersion.targets(2451,5): warning MSB3277:           Project file item includes which caused reference "C:\Users\ultra\warewolf\Dev\Binaries\Infragistcs_Net6\InfragisticsWPF4.DataManager.v15.1.dll". [C:\Users\ultra\warewolf\Dev\Warewolf.Studio.Core\Warewolf.Studio.Core.csproj]
C:\Program Files\dotnet\sdk\10.0.201\Microsoft.Common.CurrentVersion.targets(2451,5): warning MSB3277:             InfragisticsWPF4.DataManager.v15.1, Version=15.1.20151.2055, Culture=neutral, PublicKeyToken=7dd5c3163f2cd0cb, processorArchitecture=MSIL [C:\Users\ultra\warewolf\Dev\Warewolf.Studio.Core\Warewolf.Studio.Core.csproj]
C:\Program Files\dotnet\sdk\10.0.201\Microsoft.Common.CurrentVersion.targets(2451,5): warning MSB3277:             InfragisticsWPF4.Controls.Menus.XamDataTree.v15.1, Version=15.1.20151.2055, Culture=neutral, PublicKeyToken=7dd5c3163f2cd0cb, processorArchitecture=MSIL [C:\Users\ultra\warewolf\Dev\Warewolf.Studio.Core\Warewolf.Studio.Core.csproj]
C:\Program Files\dotnet\sdk\10.0.201\Microsoft.Common.CurrentVersion.targets(2451,5): warning MSB3277:         C:\Users\ultra\warewolf\Dev\Binaries\Infragistcs_Net6\InfragisticsWPF4.DockManager.v15.1.dll [C:\Users\ultra\warewolf\Dev\Warewolf.Studio.Core\Warewolf.Studio.Core.csproj]
C:\Program Files\dotnet\sdk\10.0.201\Microsoft.Common.CurrentVersion.targets(2451,5): warning MSB3277:           Project file item includes which caused reference "C:\Users\ultra\warewolf\Dev\Binaries\Infragistcs_Net6\InfragisticsWPF4.DockManager.v15.1.dll". [C:\Users\ultra\warewolf\Dev\Warewolf.Studio.Core\Warewolf.Studio.Core.csproj]
C:\Program Files\dotnet\sdk\10.0.201\Microsoft.Common.CurrentVersion.targets(2451,5): warning MSB3277:             InfragisticsWPF4.DockManager.v15.1, Version=15.1.20151.2055, Culture=neutral, PublicKeyToken=7dd5c3163f2cd0cb, processorArchitecture=MSIL [C:\Users\ultra\warewolf\Dev\Warewolf.Studio.Core\Warewolf.Studio.Core.csproj]
C:\Program Files\dotnet\sdk\10.0.201\Microsoft.Common.CurrentVersion.targets(2451,5): warning MSB3277:         C:\Users\ultra\warewolf\Dev\Binaries\Infragistcs_Net6\InfragisticsWPF4.v15.1.dll [C:\Users\ultra\warewolf\Dev\Warewolf.Studio.Core\Warewolf.Studio.Core.csproj]
C:\Program Files\dotnet\sdk\10.0.201\Microsoft.Common.CurrentVersion.targets(2451,5): warning MSB3277:           Project file item includes which caused reference "C:\Users\ultra\warewolf\Dev\Binaries\Infragistcs_Net6\InfragisticsWPF4.v15.1.dll". [C:\Users\ultra\warewolf\Dev\Warewolf.Studio.Core\Warewolf.Studio.Core.csproj]
C:\Program Files\dotnet\sdk\10.0.201\Microsoft.Common.CurrentVersion.targets(2451,5): warning MSB3277:             InfragisticsWPF4.v15.1, Version=15.1.20151.2055, Culture=neutral, PublicKeyToken=7dd5c3163f2cd0cb, processorArchitecture=MSIL [C:\Users\ultra\warewolf\Dev\Warewolf.Studio.Core\Warewolf.Studio.Core.csproj]
C:\Program Files\dotnet\sdk\10.0.201\Microsoft.Common.CurrentVersion.targets(2451,5): warning MSB3277:             InfragisticsWPF4.Controls.Menus.XamDataTree.v15.1, Version=15.1.20151.2055, Culture=neutral, PublicKeyToken=7dd5c3163f2cd0cb, processorArchitecture=MSIL [C:\Users\ultra\warewolf\Dev\Warewolf.Studio.Core\Warewolf.Studio.Core.csproj]
C:\Program Files\dotnet\sdk\10.0.201\Microsoft.Common.CurrentVersion.targets(2451,5): warning MSB3277:             InfragisticsWPF4.DataManager.v15.1, Version=15.1.20151.2055, Culture=neutral, PublicKeyToken=7dd5c3163f2cd0cb, processorArchitecture=MSIL [C:\Users\ultra\warewolf\Dev\Warewolf.Studio.Core\Warewolf.Studio.Core.csproj]
C:\Program Files\dotnet\sdk\10.0.201\Microsoft.Common.CurrentVersion.targets(2451,5): warning MSB3277:             InfragisticsWPF4.DockManager.v15.1, Version=15.1.20151.2055, Culture=neutral, PublicKeyToken=7dd5c3163f2cd0cb, processorArchitecture=MSIL [C:\Users\ultra\warewolf\Dev\Warewolf.Studio.Core\Warewolf.Studio.Core.csproj]
C:\Program Files\dotnet\sdk\10.0.201\Microsoft.Common.CurrentVersion.targets(2451,5): warning MSB3277:         C:\Users\ultra\.nuget\packages\caliburn.micro\4.0.212\lib\netcoreapp3.1\Caliburn.Micro.Platform.dll [C:\Users\ultra\warewolf\Dev\Warewolf.Studio.Core\Warewolf.Studio.Core.csproj]
C:\Program Files\dotnet\sdk\10.0.201\Microsoft.Common.CurrentVersion.targets(2451,5): warning MSB3277:           Project file item includes which caused reference "C:\Users\ultra\.nuget\packages\caliburn.micro\4.0.212\lib\netcoreapp3.1\Caliburn.Micro.Platform.dll". [C:\Users\ultra\warewolf\Dev\Warewolf.Studio.Core\Warewolf.Studio.Core.csproj]
C:\Program Files\dotnet\sdk\10.0.201\Microsoft.Common.CurrentVersion.targets(2451,5): warning MSB3277:             C:\Users\ultra\.nuget\packages\caliburn.micro\4.0.212\lib\netcoreapp3.1\Caliburn.Micro.Platform.dll [C:\Users\ultra\warewolf\Dev\Warewolf.Studio.Core\Warewolf.Studio.Core.csproj]
C:\Program Files\dotnet\sdk\10.0.201\Microsoft.Common.CurrentVersion.targets(2451,5): warning MSB3277:         C:\Users\ultra\.nuget\packages\microsoft.xaml.behaviors.wpf\1.1.122\lib\net462\Microsoft.Xaml.Behaviors.dll [C:\Users\ultra\warewolf\Dev\Warewolf.Studio.Core\Warewolf.Studio.Core.csproj]
C:\Program Files\dotnet\sdk\10.0.201\Microsoft.Common.CurrentVersion.targets(2451,5): warning MSB3277:           Project file item includes which caused reference "C:\Users\ultra\.nuget\packages\microsoft.xaml.behaviors.wpf\1.1.122\lib\net462\Microsoft.Xaml.Behaviors.dll". [C:\Users\ultra\warewolf\Dev\Warewolf.Studio.Core\Warewolf.Studio.Core.csproj]
C:\Program Files\dotnet\sdk\10.0.201\Microsoft.Common.CurrentVersion.targets(2451,5): warning MSB3277:             C:\Users\ultra\.nuget\packages\microsoft.xaml.behaviors.wpf\1.1.122\lib\net462\Microsoft.Xaml.Behaviors.dll [C:\Users\ultra\warewolf\Dev\Warewolf.Studio.Core\Warewolf.Studio.Core.csproj]
C:\Program Files\dotnet\sdk\10.0.201\Microsoft.Common.CurrentVersion.targets(2451,5): warning MSB3277:             C:\Users\ultra\.nuget\packages\caliburn.micro\4.0.212\lib\netcoreapp3.1\Caliburn.Micro.Platform.dll [C:\Users\ultra\warewolf\Dev\Warewolf.Studio.Core\Warewolf.Studio.Core.csproj]
C:\Program Files\dotnet\sdk\10.0.201\Microsoft.Common.CurrentVersion.targets(2451,5): warning MSB3277:             C:\Users\ultra\.nuget\packages\prism.wpf\9.0.537\lib\net462\Prism.Wpf.dll [C:\Users\ultra\warewolf\Dev\Warewolf.Studio.Core\Warewolf.Studio.Core.csproj]
C:\Program Files\dotnet\sdk\10.0.201\Microsoft.Common.CurrentVersion.targets(2451,5): warning MSB3277:         C:\Users\ultra\.nuget\packages\prism.wpf\9.0.537\lib\net462\Prism.Wpf.dll [C:\Users\ultra\warewolf\Dev\Warewolf.Studio.Core\Warewolf.Studio.Core.csproj]
C:\Program Files\dotnet\sdk\10.0.201\Microsoft.Common.CurrentVersion.targets(2451,5): warning MSB3277:           Project file item includes which caused reference "C:\Users\ultra\.nuget\packages\prism.wpf\9.0.537\lib\net462\Prism.Wpf.dll". [C:\Users\ultra\warewolf\Dev\Warewolf.Studio.Core\Warewolf.Studio.Core.csproj]
C:\Program Files\dotnet\sdk\10.0.201\Microsoft.Common.CurrentVersion.targets(2451,5): warning MSB3277:             C:\Users\ultra\.nuget\packages\prism.wpf\9.0.537\lib\net462\Prism.Wpf.dll [C:\Users\ultra\warewolf\Dev\Warewolf.Studio.Core\Warewolf.Studio.Core.csproj]
C:\Program Files\dotnet\sdk\10.0.201\Microsoft.Common.CurrentVersion.targets(2451,5): warning MSB3277:         C:\Users\ultra\.nuget\packages\reactiveui.wpf\18.4.1\lib\net462\ReactiveUI.Wpf.dll [C:\Users\ultra\warewolf\Dev\Warewolf.Studio.Core\Warewolf.Studio.Core.csproj]
C:\Program Files\dotnet\sdk\10.0.201\Microsoft.Common.CurrentVersion.targets(2451,5): warning MSB3277:           Project file item includes which caused reference "C:\Users\ultra\.nuget\packages\reactiveui.wpf\18.4.1\lib\net462\ReactiveUI.Wpf.dll". [C:\Users\ultra\warewolf\Dev\Warewolf.Studio.Core\Warewolf.Studio.Core.csproj]
C:\Program Files\dotnet\sdk\10.0.201\Microsoft.Common.CurrentVersion.targets(2451,5): warning MSB3277:             C:\Users\ultra\.nuget\packages\reactiveui.wpf\18.4.1\lib\net462\ReactiveUI.Wpf.dll [C:\Users\ultra\warewolf\Dev\Warewolf.Studio.Core\Warewolf.Studio.Core.csproj]
C:\Program Files\dotnet\sdk\10.0.201\Microsoft.Common.CurrentVersion.targets(2451,5): warning MSB3277:         C:\Users\ultra\warewolf\Dev\Binaries\Infragistcs_Net6\InfragisticsWPF4.DragDrop.v15.1.dll [C:\Users\ultra\warewolf\Dev\Warewolf.Studio.Core\Warewolf.Studio.Core.csproj]
C:\Program Files\dotnet\sdk\10.0.201\Microsoft.Common.CurrentVersion.targets(2451,5): warning MSB3277:           Project file item includes which caused reference "C:\Users\ultra\warewolf\Dev\Binaries\Infragistcs_Net6\InfragisticsWPF4.DragDrop.v15.1.dll". [C:\Users\ultra\warewolf\Dev\Warewolf.Studio.Core\Warewolf.Studio.Core.csproj]
C:\Program Files\dotnet\sdk\10.0.201\Microsoft.Common.CurrentVersion.targets(2451,5): warning MSB3277:             InfragisticsWPF4.Controls.Menus.XamDataTree.v15.1, Version=15.1.20151.2055, Culture=neutral, PublicKeyToken=7dd5c3163f2cd0cb, processorArchitecture=MSIL [C:\Users\ultra\warewolf\Dev\Warewolf.Studio.Core\Warewolf.Studio.Core.csproj]
  Warewolf.Testing -> C:\Users\ultra\warewolf\Dev\Warewolf.Testing\bin\Debug\net8.0\Warewolf.Testing.dll
  Warewolf.Studio.Core -> C:\Users\ultra\warewolf\Dev\Warewolf.Studio.Core\bin\Debug\net8.0\Warewolf.Studio.Core.dll
C:\Program Files\dotnet\sdk\10.0.201\Microsoft.Common.CurrentVersion.targets(2451,5): warning MSB3245: Could not resolve this reference. Could not locate the assembly "System.ServiceModel.Activities". Check to make sure the assembly exists on disk. If this reference is required by your code, you may get compilation errors. [C:\Users\ultra\warewolf\Dev\Dev2.Activities\Dev2.Activities.csproj]
C:\Program Files\dotnet\sdk\10.0.201\Microsoft.Common.CurrentVersion.targets(2451,5): warning MSB3277: Found conflicts between different versions of "WindowsBase" that could not be resolved. [C:\Users\ultra\warewolf\Dev\Dev2.Activities\Dev2.Activities.csproj]
C:\Program Files\dotnet\sdk\10.0.201\Microsoft.Common.CurrentVersion.targets(2451,5): warning MSB3277: There was a conflict between "WindowsBase, Version=4.0.0.0, Culture=neutral, PublicKeyToken=31bf3856ad364e35" and "WindowsBase, Version=6.0.2.0, Culture=neutral, PublicKeyToken=31bf3856ad364e35". [C:\Users\ultra\warewolf\Dev\Dev2.Activities\Dev2.Activities.csproj]
C:\Program Files\dotnet\sdk\10.0.201\Microsoft.Common.CurrentVersion.targets(2451,5): warning MSB3277:     "WindowsBase, Version=4.0.0.0, Culture=neutral, PublicKeyToken=31bf3856ad364e35" was chosen because it was primary and "WindowsBase, Version=6.0.2.0, Culture=neutral, PublicKeyToken=31bf3856ad364e35" was not. [C:\Users\ultra\warewolf\Dev\Dev2.Activities\Dev2.Activities.csproj]
C:\Program Files\dotnet\sdk\10.0.201\Microsoft.Common.CurrentVersion.targets(2451,5): warning MSB3277:     References which depend on "WindowsBase, Version=4.0.0.0, Culture=neutral, PublicKeyToken=31bf3856ad364e35" [C:\Program Files\dotnet\packs\Microsoft.NETCore.App.Ref\8.0.25\ref\net8.0\WindowsBase.dll]. [C:\Users\ultra\warewolf\Dev\Dev2.Activities\Dev2.Activities.csproj]
C:\Program Files\dotnet\sdk\10.0.201\Microsoft.Common.CurrentVersion.targets(2451,5): warning MSB3277:         C:\Program Files\dotnet\packs\Microsoft.NETCore.App.Ref\8.0.25\ref\net8.0\WindowsBase.dll [C:\Users\ultra\warewolf\Dev\Dev2.Activities\Dev2.Activities.csproj]
C:\Program Files\dotnet\sdk\10.0.201\Microsoft.Common.CurrentVersion.targets(2451,5): warning MSB3277:           Project file item includes which caused reference "C:\Program Files\dotnet\packs\Microsoft.NETCore.App.Ref\8.0.25\ref\net8.0\WindowsBase.dll". [C:\Users\ultra\warewolf\Dev\Dev2.Activities\Dev2.Activities.csproj]
C:\Program Files\dotnet\sdk\10.0.201\Microsoft.Common.CurrentVersion.targets(2451,5): warning MSB3277:             C:\Program Files\dotnet\packs\Microsoft.NETCore.App.Ref\8.0.25\ref/net8.0/WindowsBase.dll [C:\Users\ultra\warewolf\Dev\Dev2.Activities\Dev2.Activities.csproj]
C:\Program Files\dotnet\sdk\10.0.201\Microsoft.Common.CurrentVersion.targets(2451,5): warning MSB3277:     References which depend on or have been unified to "WindowsBase, Version=6.0.2.0, Culture=neutral, PublicKeyToken=31bf3856ad364e35" []. [C:\Users\ultra\warewolf\Dev\Dev2.Activities\Dev2.Activities.csproj]
C:\Program Files\dotnet\sdk\10.0.201\Microsoft.Common.CurrentVersion.targets(2451,5): warning MSB3277:         C:\Users\ultra\.nuget\packages\caliburn.micro\4.0.212\lib\netcoreapp3.1\Caliburn.Micro.Platform.dll [C:\Users\ultra\warewolf\Dev\Dev2.Activities\Dev2.Activities.csproj]
C:\Program Files\dotnet\sdk\10.0.201\Microsoft.Common.CurrentVersion.targets(2451,5): warning MSB3277:           Project file item includes which caused reference "C:\Users\ultra\.nuget\packages\caliburn.micro\4.0.212\lib\netcoreapp3.1\Caliburn.Micro.Platform.dll". [C:\Users\ultra\warewolf\Dev\Dev2.Activities\Dev2.Activities.csproj]
C:\Program Files\dotnet\sdk\10.0.201\Microsoft.Common.CurrentVersion.targets(2451,5): warning MSB3277:             C:\Users\ultra\.nuget\packages\caliburn.micro\4.0.212\lib\netcoreapp3.1\Caliburn.Micro.Platform.dll [C:\Users\ultra\warewolf\Dev\Dev2.Activities\Dev2.Activities.csproj]
C:\Program Files\dotnet\sdk\10.0.201\Microsoft.Common.CurrentVersion.targets(2451,5): warning MSB3277:         C:\Users\ultra\.nuget\packages\ironpython\3.4.0\lib\net6.0\IronPython.Wpf.dll [C:\Users\ultra\warewolf\Dev\Dev2.Activities\Dev2.Activities.csproj]
C:\Program Files\dotnet\sdk\10.0.201\Microsoft.Common.CurrentVersion.targets(2451,5): warning MSB3277:           Project file item includes which caused reference "C:\Users\ultra\.nuget\packages\ironpython\3.4.0\lib\net6.0\IronPython.Wpf.dll". [C:\Users\ultra\warewolf\Dev\Dev2.Activities\Dev2.Activities.csproj]
C:\Program Files\dotnet\sdk\10.0.201\Microsoft.Common.CurrentVersion.targets(2451,5): warning MSB3277:             C:\Users\ultra\.nuget\packages\ironpython\3.4.0\lib\net6.0\IronPython.Wpf.dll [C:\Users\ultra\warewolf\Dev\Dev2.Activities\Dev2.Activities.csproj]
C:\Program Files\dotnet\sdk\10.0.201\Microsoft.Common.CurrentVersion.targets(2451,5): warning MSB3277:         C:\Users\ultra\.nuget\packages\microsoft.xaml.behaviors.wpf\1.1.19\lib\netcoreapp3.0\Microsoft.Xaml.Behaviors.dll [C:\Users\ultra\warewolf\Dev\Dev2.Activities\Dev2.Activities.csproj]
C:\Program Files\dotnet\sdk\10.0.201\Microsoft.Common.CurrentVersion.targets(2451,5): warning MSB3277:           Project file item includes which caused reference "C:\Users\ultra\.nuget\packages\microsoft.xaml.behaviors.wpf\1.1.19\lib\netcoreapp3.0\Microsoft.Xaml.Behaviors.dll". [C:\Users\ultra\warewolf\Dev\Dev2.Activities\Dev2.Activities.csproj]
C:\Program Files\dotnet\sdk\10.0.201\Microsoft.Common.CurrentVersion.targets(2451,5): warning MSB3277:             C:\Users\ultra\.nuget\packages\microsoft.xaml.behaviors.wpf\1.1.19\lib\netcoreapp3.0\Microsoft.Xaml.Behaviors.dll [C:\Users\ultra\warewolf\Dev\Dev2.Activities\Dev2.Activities.csproj]
C:\Program Files\dotnet\sdk\10.0.201\Microsoft.Common.CurrentVersion.targets(2451,5): warning MSB3277:             C:\Users\ultra\.nuget\packages\caliburn.micro\4.0.212\lib\netcoreapp3.1\Caliburn.Micro.Platform.dll [C:\Users\ultra\warewolf\Dev\Dev2.Activities\Dev2.Activities.csproj]
C:\Program Files\dotnet\sdk\10.0.201\Microsoft.Common.CurrentVersion.targets(2451,5): warning MSB3277:         C:\Users\ultra\.nuget\packages\reactiveui.wpf\18.4.1\lib\net462\ReactiveUI.Wpf.dll [C:\Users\ultra\warewolf\Dev\Dev2.Activities\Dev2.Activities.csproj]
C:\Program Files\dotnet\sdk\10.0.201\Microsoft.Common.CurrentVersion.targets(2451,5): warning MSB3277:           Project file item includes which caused reference "C:\Users\ultra\.nuget\packages\reactiveui.wpf\18.4.1\lib\net462\ReactiveUI.Wpf.dll". [C:\Users\ultra\warewolf\Dev\Dev2.Activities\Dev2.Activities.csproj]
C:\Program Files\dotnet\sdk\10.0.201\Microsoft.Common.CurrentVersion.targets(2451,5): warning MSB3277:             C:\Users\ultra\.nuget\packages\reactiveui.wpf\18.4.1\lib\net462\ReactiveUI.Wpf.dll [C:\Users\ultra\warewolf\Dev\Dev2.Activities\Dev2.Activities.csproj]
  Consider app.config remapping of assembly "System.Runtime.CompilerServices.Unsafe, Culture=neutral, PublicKeyToken=b03f5f7f11d50a3a" from Version "6.0.0.0" [] to Version "8.0.0.0" [C:\Program Files\dotnet\packs\Microsoft.NETCore.App.Ref\8.0.25\ref\net8.0\System.Runtime.CompilerServices.Unsafe.dll] to solve conflict and get rid of warning.
C:\Users\ultra\warewolf\Dev\Dev2.Activities\WorkflowConverters\ActivityPropertiesReaderHelper.cs(54,45): warning CS8632: The annotation for nullable reference types should only be used in code within a '#nullable' annotations context. [C:\Users\ultra\warewolf\Dev\Dev2.Activities\Dev2.Activities.csproj]
C:\Users\ultra\warewolf\Dev\Dev2.Activities\WorkflowConverters\SwitchActivityDataHelper.cs(106,58): warning CS8632: The annotation for nullable reference types should only be used in code within a '#nullable' annotations context. [C:\Users\ultra\warewolf\Dev\Dev2.Activities\Dev2.Activities.csproj]
C:\Users\ultra\warewolf\Dev\Dev2.Activities\WorkflowConverters\SwitchActivityDataHelper.cs(225,65): warning CS8632: The annotation for nullable reference types should only be used in code within a '#nullable' annotations context. [C:\Users\ultra\warewolf\Dev\Dev2.Activities\Dev2.Activities.csproj]
C:\Users\ultra\warewolf\Dev\Dev2.Activities\WorkflowConverters\SwitchActivityDataHelper.cs(225,25): warning CS8632: The annotation for nullable reference types should only be used in code within a '#nullable' annotations context. [C:\Users\ultra\warewolf\Dev\Dev2.Activities\Dev2.Activities.csproj]
C:\Users\ultra\warewolf\Dev\Dev2.Activities\WorkflowConverters\SwitchActivityDataHelper.cs(342,61): warning CS8632: The annotation for nullable reference types should only be used in code within a '#nullable' annotations context. [C:\Users\ultra\warewolf\Dev\Dev2.Activities\Dev2.Activities.csproj]
C:\Users\ultra\warewolf\Dev\Dev2.Activities\WorkflowConverters\SwitchActivityDataHelper.cs(342,30): warning CS8632: The annotation for nullable reference types should only be used in code within a '#nullable' annotations context. [C:\Users\ultra\warewolf\Dev\Dev2.Activities\Dev2.Activities.csproj]
C:\Users\ultra\warewolf\Dev\Dev2.Activities\WorkflowConverters\SwitchActivityDataHelper.cs(32,25): warning CS8632: The annotation for nullable reference types should only be used in code within a '#nullable' annotations context. [C:\Users\ultra\warewolf\Dev\Dev2.Activities\Dev2.Activities.csproj]
C:\Users\ultra\warewolf\Dev\Dev2.Activities\WorkflowConverters\SwitchActivityDataHelper.cs(33,25): warning CS8632: The annotation for nullable reference types should only be used in code within a '#nullable' annotations context. [C:\Users\ultra\warewolf\Dev\Dev2.Activities\Dev2.Activities.csproj]
C:\Users\ultra\warewolf\Dev\Dev2.Activities\WorkflowConverters\SwitchActivityDataHelper.cs(34,25): warning CS8632: The annotation for nullable reference types should only be used in code within a '#nullable' annotations context. [C:\Users\ultra\warewolf\Dev\Dev2.Activities\Dev2.Activities.csproj]
C:\Users\ultra\warewolf\Dev\Dev2.Activities\WorkflowConverters\SwitchActivityDataHelper.cs(35,25): warning CS8632: The annotation for nullable reference types should only be used in code within a '#nullable' annotations context. [C:\Users\ultra\warewolf\Dev\Dev2.Activities\Dev2.Activities.csproj]
C:\Users\ultra\warewolf\Dev\Dev2.Activities\WorkflowConverters\SwitchActivityDataHelper.cs(36,25): warning CS8632: The annotation for nullable reference types should only be used in code within a '#nullable' annotations context. [C:\Users\ultra\warewolf\Dev\Dev2.Activities\Dev2.Activities.csproj]
C:\Users\ultra\warewolf\Dev\Dev2.Activities\WorkflowConverters\SwitchActivityDataHelper.cs(37,25): warning CS8632: The annotation for nullable reference types should only be used in code within a '#nullable' annotations context. [C:\Users\ultra\warewolf\Dev\Dev2.Activities\Dev2.Activities.csproj]
C:\Users\ultra\warewolf\Dev\Dev2.Activities\WorkflowConverters\SwitchActivityDataHelper.cs(108,19): warning CS8632: The annotation for nullable reference types should only be used in code within a '#nullable' annotations context. [C:\Users\ultra\warewolf\Dev\Dev2.Activities\Dev2.Activities.csproj]
C:\Users\ultra\warewolf\Dev\Dev2.Activities\WorkflowConverters\ActivityPropertiesReaderHelper.cs(60,59): warning CS8632: The annotation for nullable reference types should only be used in code within a '#nullable' annotations context. [C:\Users\ultra\warewolf\Dev\Dev2.Activities\Dev2.Activities.csproj]
C:\Users\ultra\warewolf\Dev\Dev2.Activities\WorkflowConverters\X6ToWorkflowConverter.cs(375,13): warning CC0003: Consider adding an Exception to the catch. (https://code-cracker.github.io/diagnostics/CC0003.html) [C:\Users\ultra\warewolf\Dev\Dev2.Activities\Dev2.Activities.csproj]
C:\Users\ultra\warewolf\Dev\Dev2.Activities\WorkflowConverters\X6ToWorkflowConverter.cs(833,17): warning CC0120: Consider put an default clause in Switch. (https://code-cracker.github.io/diagnostics/CC0120.html) [C:\Users\ultra\warewolf\Dev\Dev2.Activities\Dev2.Activities.csproj]
C:\Users\ultra\warewolf\Dev\Dev2.Activities\WorkflowConverters\X6ToWorkflowConverter.cs(958,13): warning CC0004: Empty Catch Block. (https://code-cracker.github.io/diagnostics/CC0004.html) [C:\Users\ultra\warewolf\Dev\Dev2.Activities\Dev2.Activities.csproj]
C:\Users\ultra\warewolf\Dev\Dev2.Activities\Activities\GateActivity.cs(733,24): warning CC0022: WarewolfListIterator should be disposed. (https://code-cracker.github.io/diagnostics/CC0022.html) [C:\Users\ultra\warewolf\Dev\Dev2.Activities\Dev2.Activities.csproj]
C:\Users\ultra\warewolf\Dev\Dev2.Activities\Activities\GateActivity.cs(639,21): warning CC0003: Consider adding an Exception to the catch. (https://code-cracker.github.io/diagnostics/CC0003.html) [C:\Users\ultra\warewolf\Dev\Dev2.Activities\Dev2.Activities.csproj]
C:\Users\ultra\warewolf\Dev\Dev2.Activities\Activities\GateActivity.cs(656,21): warning CC0003: Consider adding an Exception to the catch. (https://code-cracker.github.io/diagnostics/CC0003.html) [C:\Users\ultra\warewolf\Dev\Dev2.Activities\Dev2.Activities.csproj]
C:\Users\ultra\warewolf\Dev\Dev2.Activities\Activities\PathOperations\FileWriteActivity.cs(54,26): warning CC0022: WarewolfListIterator should be disposed. (https://code-cracker.github.io/diagnostics/CC0022.html) [C:\Users\ultra\warewolf\Dev\Dev2.Activities\Dev2.Activities.csproj]
C:\Users\ultra\warewolf\Dev\Dev2.Activities\WorkflowConverters\WorkflowToX6Converter.cs(567,13): warning CC0105: Use 'var' instead of specifying the type name. (https://code-cracker.github.io/diagnostics/CC0105.html) [C:\Users\ultra\warewolf\Dev\Dev2.Activities\Dev2.Activities.csproj]
C:\Users\ultra\warewolf\Dev\Dev2.Activities\WorkflowConverters\WorkflowToX6Converter.cs(998,13): warning CC0004: Empty Catch Block. (https://code-cracker.github.io/diagnostics/CC0004.html) [C:\Users\ultra\warewolf\Dev\Dev2.Activities\Dev2.Activities.csproj]
C:\Users\ultra\warewolf\Dev\Dev2.Activities\WorkflowConverters\WorkflowToX6Converter.cs(1376,17): warning CC0004: Empty Catch Block. (https://code-cracker.github.io/diagnostics/CC0004.html) [C:\Users\ultra\warewolf\Dev\Dev2.Activities\Dev2.Activities.csproj]
C:\Users\ultra\warewolf\Dev\Dev2.Activities\WorkflowConverters\WorkflowToX6Converter.cs(1365,13): warning CC0006: You can use foreach instead of for. (https://code-cracker.github.io/diagnostics/CC0006.html) [C:\Users\ultra\warewolf\Dev\Dev2.Activities\Dev2.Activities.csproj]
C:\Users\ultra\warewolf\Dev\Dev2.Activities\Activities\WebPostActivity.cs(238,28): warning CC0022: WarewolfListIterator should be disposed. (https://code-cracker.github.io/diagnostics/CC0022.html) [C:\Users\ultra\warewolf\Dev\Dev2.Activities\Dev2.Activities.csproj]
C:\Users\ultra\warewolf\Dev\Dev2.Activities\Activities\WebPostActivityNew.cs(281,28): warning CC0022: WarewolfListIterator should be disposed. (https://code-cracker.github.io/diagnostics/CC0022.html) [C:\Users\ultra\warewolf\Dev\Dev2.Activities\Dev2.Activities.csproj]
C:\Users\ultra\warewolf\Dev\Dev2.Activities\Activities\DsfWebActivityBase.cs(136,96): warning CC0022: StringContent should be disposed. (https://code-cracker.github.io/diagnostics/CC0022.html) [C:\Users\ultra\warewolf\Dev\Dev2.Activities\Dev2.Activities.csproj]
C:\Users\ultra\warewolf\Dev\Dev2.Activities\Activities\DsfWebActivityBase.cs(158,42): warning CC0022: StreamReader should be disposed. (https://code-cracker.github.io/diagnostics/CC0022.html) [C:\Users\ultra\warewolf\Dev\Dev2.Activities\Dev2.Activities.csproj]
C:\Users\ultra\warewolf\Dev\Dev2.Activities\Activities\DsfWebActivityBase.cs(175,35): warning CC0022: ByteArrayContent should be disposed. (https://code-cracker.github.io/diagnostics/CC0022.html) [C:\Users\ultra\warewolf\Dev\Dev2.Activities\Dev2.Activities.csproj]
C:\Users\ultra\warewolf\Dev\Dev2.Activities\Activities\DsfWebActivityBase.cs(184,31): warning CC0022: StringContent should be disposed. (https://code-cracker.github.io/diagnostics/CC0022.html) [C:\Users\ultra\warewolf\Dev\Dev2.Activities\Dev2.Activities.csproj]
C:\Users\ultra\warewolf\Dev\Dev2.Activities\Activities\GetSystemInformationHelper.cs(95,36): warning CA1416: This call site is reachable on all platforms. 'ManagementBaseObject.GetPropertyValue(string)' is only supported on: 'windows'. (https://learn.microsoft.com/dotnet/fundamentals/code-analysis/quality-rules/ca1416) [C:\Users\ultra\warewolf\Dev\Dev2.Activities\Dev2.Activities.csproj]
C:\Users\ultra\warewolf\Dev\Dev2.Activities\Activities\GetSystemInformationHelper.cs(326,28): warning CA1416: This call site is reachable on all platforms. 'ObjectQuery' is only supported on: 'windows'. (https://learn.microsoft.com/dotnet/fundamentals/code-analysis/quality-rules/ca1416) [C:\Users\ultra\warewolf\Dev\Dev2.Activities\Dev2.Activities.csproj]
C:\Users\ultra\warewolf\Dev\Dev2.Activities\Activities\GetSystemInformationHelper.cs(332,60): warning CA1416: This call site is reachable on all platforms. 'ManagementBaseObject.this[string]' is only supported on: 'windows'. (https://learn.microsoft.com/dotnet/fundamentals/code-analysis/quality-rules/ca1416) [C:\Users\ultra\warewolf\Dev\Dev2.Activities\Dev2.Activities.csproj]
C:\Users\ultra\warewolf\Dev\Dev2.Activities\Activities\GetSystemInformationHelper.cs(327,28): warning CA1416: This call site is reachable on all platforms. 'ManagementObjectSearcher' is only supported on: 'windows'. (https://learn.microsoft.com/dotnet/fundamentals/code-analysis/quality-rules/ca1416) [C:\Users\ultra\warewolf\Dev\Dev2.Activities\Dev2.Activities.csproj]
C:\Users\ultra\warewolf\Dev\Dev2.Activities\Activities\GetSystemInformationHelper.cs(329,31): warning CA1416: This call site is reachable on all platforms. 'ManagementObjectSearcher.Get()' is only supported on: 'windows'. (https://learn.microsoft.com/dotnet/fundamentals/code-analysis/quality-rules/ca1416) [C:\Users\ultra\warewolf\Dev\Dev2.Activities\Dev2.Activities.csproj]
C:\Users\ultra\warewolf\Dev\Dev2.Activities\Activities\GetSystemInformationHelper.cs(345,53): warning CA1416: This call site is reachable on all platforms. 'ManagementBaseObject.this[string]' is only supported on: 'windows'. (https://learn.microsoft.com/dotnet/fundamentals/code-analysis/quality-rules/ca1416) [C:\Users\ultra\warewolf\Dev\Dev2.Activities\Dev2.Activities.csproj]
C:\Users\ultra\warewolf\Dev\Dev2.Activities\Activities\GetSystemInformationHelper.cs(340,28): warning CA1416: This call site is reachable on all platforms. 'ObjectQuery' is only supported on: 'windows'. (https://learn.microsoft.com/dotnet/fundamentals/code-analysis/quality-rules/ca1416) [C:\Users\ultra\warewolf\Dev\Dev2.Activities\Dev2.Activities.csproj]
C:\Users\ultra\warewolf\Dev\Dev2.Activities\Activities\GetSystemInformationHelper.cs(341,28): warning CA1416: This call site is reachable on all platforms. 'ManagementObjectSearcher' is only supported on: 'windows'. (https://learn.microsoft.com/dotnet/fundamentals/code-analysis/quality-rules/ca1416) [C:\Users\ultra\warewolf\Dev\Dev2.Activities\Dev2.Activities.csproj]
C:\Users\ultra\warewolf\Dev\Dev2.Activities\Activities\GetSystemInformationHelper.cs(346,58): warning CA1416: This call site is reachable on all platforms. 'ManagementBaseObject.this[string]' is only supported on: 'windows'. (https://learn.microsoft.com/dotnet/fundamentals/code-analysis/quality-rules/ca1416) [C:\Users\ultra\warewolf\Dev\Dev2.Activities\Dev2.Activities.csproj]
C:\Users\ultra\warewolf\Dev\Dev2.Activities\Activities\GetSystemInformationHelper.cs(342,31): warning CA1416: This call site is reachable on all platforms. 'ManagementObjectSearcher.Get()' is only supported on: 'windows'. (https://learn.microsoft.com/dotnet/fundamentals/code-analysis/quality-rules/ca1416) [C:\Users\ultra\warewolf\Dev\Dev2.Activities\Dev2.Activities.csproj]
C:\Users\ultra\warewolf\Dev\Dev2.Activities\Activities\GetSystemInformationHelper.cs(370,92): warning CA1416: This call site is reachable on all platforms. 'WindowsIdentity.GetCurrent()' is only supported on: 'windows'. (https://learn.microsoft.com/dotnet/fundamentals/code-analysis/quality-rules/ca1416) [C:\Users\ultra\warewolf\Dev\Dev2.Activities\Dev2.Activities.csproj]
C:\Users\ultra\warewolf\Dev\Dev2.Activities\Activities\GetSystemInformationHelper.cs(372,17): warning CA1416: This call site is reachable on all platforms. 'WindowsIdentity.Groups' is only supported on: 'windows'. (https://learn.microsoft.com/dotnet/fundamentals/code-analysis/quality-rules/ca1416) [C:\Users\ultra\warewolf\Dev\Dev2.Activities\Dev2.Activities.csproj]
C:\Users\ultra\warewolf\Dev\Dev2.Activities\Activities\GetSystemInformationHelper.cs(374,37): warning CA1416: This call site is reachable on all platforms. 'WindowsIdentity.Groups' is only supported on: 'windows'. (https://learn.microsoft.com/dotnet/fundamentals/code-analysis/quality-rules/ca1416) [C:\Users\ultra\warewolf\Dev\Dev2.Activities\Dev2.Activities.csproj]
C:\Users\ultra\warewolf\Dev\Dev2.Activities\Activities\GetSystemInformationHelper.cs(392,32): warning CA1416: This call site is reachable on all platforms. 'ObjectQuery' is only supported on: 'windows'. (https://learn.microsoft.com/dotnet/fundamentals/code-analysis/quality-rules/ca1416) [C:\Users\ultra\warewolf\Dev\Dev2.Activities\Dev2.Activities.csproj]
C:\Users\ultra\warewolf\Dev\Dev2.Activities\Activities\GetSystemInformationHelper.cs(393,32): warning CA1416: This call site is reachable on all platforms. 'ManagementObjectSearcher' is only supported on: 'windows'. (https://learn.microsoft.com/dotnet/fundamentals/code-analysis/quality-rules/ca1416) [C:\Users\ultra\warewolf\Dev\Dev2.Activities\Dev2.Activities.csproj]
C:\Users\ultra\warewolf\Dev\Dev2.Activities\Activities\GetSystemInformationHelper.cs(397,49): warning CA1416: This call site is reachable on all platforms. 'ManagementBaseObject.this[string]' is only supported on: 'windows'. (https://learn.microsoft.com/dotnet/fundamentals/code-analysis/quality-rules/ca1416) [C:\Users\ultra\warewolf\Dev\Dev2.Activities\Dev2.Activities.csproj]
C:\Users\ultra\warewolf\Dev\Dev2.Activities\Activities\GetSystemInformationHelper.cs(392,90): warning CA1416: This call site is reachable on all platforms. 'IdentityReference.Value' is only supported on: 'windows'. (https://learn.microsoft.com/dotnet/fundamentals/code-analysis/quality-rules/ca1416) [C:\Users\ultra\warewolf\Dev\Dev2.Activities\Dev2.Activities.csproj]
C:\Users\ultra\warewolf\Dev\Dev2.Activities\Activities\GetSystemInformationHelper.cs(387,28): warning CA1416: This call site is reachable on all platforms. 'IdentityReference.Value' is only supported on: 'windows'. (https://learn.microsoft.com/dotnet/fundamentals/code-analysis/quality-rules/ca1416) [C:\Users\ultra\warewolf\Dev\Dev2.Activities\Dev2.Activities.csproj]
C:\Users\ultra\warewolf\Dev\Dev2.Activities\Activities\GetSystemInformationHelper.cs(394,35): warning CA1416: This call site is reachable on all platforms. 'ManagementObjectSearcher.Get()' is only supported on: 'windows'. (https://learn.microsoft.com/dotnet/fundamentals/code-analysis/quality-rules/ca1416) [C:\Users\ultra\warewolf\Dev\Dev2.Activities\Dev2.Activities.csproj]
C:\Users\ultra\warewolf\Dev\Dev2.Activities\Activities\GetSystemInformationHelper.cs(386,39): warning CA1416: This call site is reachable on all platforms. 'IdentityReference.Translate(Type)' is only supported on: 'windows'. (https://learn.microsoft.com/dotnet/fundamentals/code-analysis/quality-rules/ca1416) [C:\Users\ultra\warewolf\Dev\Dev2.Activities\Dev2.Activities.csproj]
C:\Users\ultra\warewolf\Dev\Dev2.Activities\Activities\GetSystemInformationHelper.cs(426,32): warning CA1416: This call site is reachable on all platforms. 'ObjectQuery' is only supported on: 'windows'. (https://learn.microsoft.com/dotnet/fundamentals/code-analysis/quality-rules/ca1416) [C:\Users\ultra\warewolf\Dev\Dev2.Activities\Dev2.Activities.csproj]
C:\Users\ultra\warewolf\Dev\Dev2.Activities\Activities\GetSystemInformationHelper.cs(427,32): warning CA1416: This call site is reachable on all platforms. 'ManagementObjectSearcher' is only supported on: 'windows'. (https://learn.microsoft.com/dotnet/fundamentals/code-analysis/quality-rules/ca1416) [C:\Users\ultra\warewolf\Dev\Dev2.Activities\Dev2.Activities.csproj]
C:\Users\ultra\warewolf\Dev\Dev2.Activities\Activities\GetSystemInformationHelper.cs(428,35): warning CA1416: This call site is reachable on all platforms. 'ManagementObjectSearcher.Get()' is only supported on: 'windows'. (https://learn.microsoft.com/dotnet/fundamentals/code-analysis/quality-rules/ca1416) [C:\Users\ultra\warewolf\Dev\Dev2.Activities\Dev2.Activities.csproj]
C:\Users\ultra\warewolf\Dev\Dev2.Activities\Activities\GetSystemInformationHelper.cs(431,57): warning CA1416: This call site is reachable on all platforms. 'ManagementBaseObject.this[string]' is only supported on: 'windows'. (https://learn.microsoft.com/dotnet/fundamentals/code-analysis/quality-rules/ca1416) [C:\Users\ultra\warewolf\Dev\Dev2.Activities\Dev2.Activities.csproj]
  Dev2.Activities -> C:\Users\ultra\warewolf\Dev\Dev2.Activities\bin\Debug\net8.0\Dev2.Activities.dll
C:\Program Files\dotnet\sdk\10.0.201\Microsoft.Common.CurrentVersion.targets(2451,5): warning MSB3277: Found conflicts between different versions of "WindowsBase" that could not be resolved. [C:\Users\ultra\warewolf\Dev\Dev2.Runtime\Dev2.Runtime.csproj]
C:\Program Files\dotnet\sdk\10.0.201\Microsoft.Common.CurrentVersion.targets(2451,5): warning MSB3277: There was a conflict between "WindowsBase, Version=4.0.0.0, Culture=neutral, PublicKeyToken=31bf3856ad364e35" and "WindowsBase, Version=6.0.2.0, Culture=neutral, PublicKeyToken=31bf3856ad364e35". [C:\Users\ultra\warewolf\Dev\Dev2.Runtime\Dev2.Runtime.csproj]
C:\Program Files\dotnet\sdk\10.0.201\Microsoft.Common.CurrentVersion.targets(2451,5): warning MSB3277:     "WindowsBase, Version=4.0.0.0, Culture=neutral, PublicKeyToken=31bf3856ad364e35" was chosen because it was primary and "WindowsBase, Version=6.0.2.0, Culture=neutral, PublicKeyToken=31bf3856ad364e35" was not. [C:\Users\ultra\warewolf\Dev\Dev2.Runtime\Dev2.Runtime.csproj]
C:\Program Files\dotnet\sdk\10.0.201\Microsoft.Common.CurrentVersion.targets(2451,5): warning MSB3277:     References which depend on "WindowsBase, Version=4.0.0.0, Culture=neutral, PublicKeyToken=31bf3856ad364e35" [C:\Program Files\dotnet\packs\Microsoft.NETCore.App.Ref\8.0.25\ref\net8.0\WindowsBase.dll]. [C:\Users\ultra\warewolf\Dev\Dev2.Runtime\Dev2.Runtime.csproj]
C:\Program Files\dotnet\sdk\10.0.201\Microsoft.Common.CurrentVersion.targets(2451,5): warning MSB3277:         C:\Program Files\dotnet\packs\Microsoft.NETCore.App.Ref\8.0.25\ref\net8.0\WindowsBase.dll [C:\Users\ultra\warewolf\Dev\Dev2.Runtime\Dev2.Runtime.csproj]
C:\Program Files\dotnet\sdk\10.0.201\Microsoft.Common.CurrentVersion.targets(2451,5): warning MSB3277:           Project file item includes which caused reference "C:\Program Files\dotnet\packs\Microsoft.NETCore.App.Ref\8.0.25\ref\net8.0\WindowsBase.dll". [C:\Users\ultra\warewolf\Dev\Dev2.Runtime\Dev2.Runtime.csproj]
C:\Program Files\dotnet\sdk\10.0.201\Microsoft.Common.CurrentVersion.targets(2451,5): warning MSB3277:             C:\Program Files\dotnet\packs\Microsoft.NETCore.App.Ref\8.0.25\ref/net8.0/WindowsBase.dll [C:\Users\ultra\warewolf\Dev\Dev2.Runtime\Dev2.Runtime.csproj]
C:\Program Files\dotnet\sdk\10.0.201\Microsoft.Common.CurrentVersion.targets(2451,5): warning MSB3277:     References which depend on or have been unified to "WindowsBase, Version=6.0.2.0, Culture=neutral, PublicKeyToken=31bf3856ad364e35" []. [C:\Users\ultra\warewolf\Dev\Dev2.Runtime\Dev2.Runtime.csproj]
C:\Program Files\dotnet\sdk\10.0.201\Microsoft.Common.CurrentVersion.targets(2451,5): warning MSB3277:         C:\Users\ultra\.nuget\packages\caliburn.micro\4.0.212\lib\netcoreapp3.1\Caliburn.Micro.Platform.dll [C:\Users\ultra\warewolf\Dev\Dev2.Runtime\Dev2.Runtime.csproj]
C:\Program Files\dotnet\sdk\10.0.201\Microsoft.Common.CurrentVersion.targets(2451,5): warning MSB3277:           Project file item includes which caused reference "C:\Users\ultra\.nuget\packages\caliburn.micro\4.0.212\lib\netcoreapp3.1\Caliburn.Micro.Platform.dll". [C:\Users\ultra\warewolf\Dev\Dev2.Runtime\Dev2.Runtime.csproj]
C:\Program Files\dotnet\sdk\10.0.201\Microsoft.Common.CurrentVersion.targets(2451,5): warning MSB3277:             C:\Users\ultra\.nuget\packages\caliburn.micro\4.0.212\lib\netcoreapp3.1\Caliburn.Micro.Platform.dll [C:\Users\ultra\warewolf\Dev\Dev2.Runtime\Dev2.Runtime.csproj]
C:\Program Files\dotnet\sdk\10.0.201\Microsoft.Common.CurrentVersion.targets(2451,5): warning MSB3277:         C:\Users\ultra\.nuget\packages\ironpython\3.4.0\lib\net6.0\IronPython.Wpf.dll [C:\Users\ultra\warewolf\Dev\Dev2.Runtime\Dev2.Runtime.csproj]
C:\Program Files\dotnet\sdk\10.0.201\Microsoft.Common.CurrentVersion.targets(2451,5): warning MSB3277:           Project file item includes which caused reference "C:\Users\ultra\.nuget\packages\ironpython\3.4.0\lib\net6.0\IronPython.Wpf.dll". [C:\Users\ultra\warewolf\Dev\Dev2.Runtime\Dev2.Runtime.csproj]
C:\Program Files\dotnet\sdk\10.0.201\Microsoft.Common.CurrentVersion.targets(2451,5): warning MSB3277:             C:\Users\ultra\.nuget\packages\ironpython\3.4.0\lib\net6.0\IronPython.Wpf.dll [C:\Users\ultra\warewolf\Dev\Dev2.Runtime\Dev2.Runtime.csproj]
C:\Program Files\dotnet\sdk\10.0.201\Microsoft.Common.CurrentVersion.targets(2451,5): warning MSB3277:         C:\Users\ultra\.nuget\packages\microsoft.xaml.behaviors.wpf\1.1.19\lib\netcoreapp3.0\Microsoft.Xaml.Behaviors.dll [C:\Users\ultra\warewolf\Dev\Dev2.Runtime\Dev2.Runtime.csproj]
C:\Program Files\dotnet\sdk\10.0.201\Microsoft.Common.CurrentVersion.targets(2451,5): warning MSB3277:           Project file item includes which caused reference "C:\Users\ultra\.nuget\packages\microsoft.xaml.behaviors.wpf\1.1.19\lib\netcoreapp3.0\Microsoft.Xaml.Behaviors.dll". [C:\Users\ultra\warewolf\Dev\Dev2.Runtime\Dev2.Runtime.csproj]
C:\Program Files\dotnet\sdk\10.0.201\Microsoft.Common.CurrentVersion.targets(2451,5): warning MSB3277:             C:\Users\ultra\.nuget\packages\microsoft.xaml.behaviors.wpf\1.1.19\lib\netcoreapp3.0\Microsoft.Xaml.Behaviors.dll [C:\Users\ultra\warewolf\Dev\Dev2.Runtime\Dev2.Runtime.csproj]
C:\Program Files\dotnet\sdk\10.0.201\Microsoft.Common.CurrentVersion.targets(2451,5): warning MSB3277:             C:\Users\ultra\.nuget\packages\caliburn.micro\4.0.212\lib\netcoreapp3.1\Caliburn.Micro.Platform.dll [C:\Users\ultra\warewolf\Dev\Dev2.Runtime\Dev2.Runtime.csproj]
C:\Program Files\dotnet\sdk\10.0.201\Microsoft.Common.CurrentVersion.targets(2451,5): warning MSB3277:         C:\Users\ultra\.nuget\packages\reactiveui.wpf\18.4.1\lib\net462\ReactiveUI.Wpf.dll [C:\Users\ultra\warewolf\Dev\Dev2.Runtime\Dev2.Runtime.csproj]
C:\Program Files\dotnet\sdk\10.0.201\Microsoft.Common.CurrentVersion.targets(2451,5): warning MSB3277:           Project file item includes which caused reference "C:\Users\ultra\.nuget\packages\reactiveui.wpf\18.4.1\lib\net462\ReactiveUI.Wpf.dll". [C:\Users\ultra\warewolf\Dev\Dev2.Runtime\Dev2.Runtime.csproj]
C:\Program Files\dotnet\sdk\10.0.201\Microsoft.Common.CurrentVersion.targets(2451,5): warning MSB3277:             C:\Users\ultra\.nuget\packages\reactiveui.wpf\18.4.1\lib\net462\ReactiveUI.Wpf.dll [C:\Users\ultra\warewolf\Dev\Dev2.Runtime\Dev2.Runtime.csproj]
C:\Users\ultra\warewolf\Dev\Dev2.Runtime\ESB\Execution\RemoteWorkflowExecutionContainer.cs(235,35): warning SYSLIB0013: 'Uri.EscapeUriString(string)' is obsolete: 'Uri.EscapeUriString can corrupt the Uri string in some cases. Consider using Uri.EscapeDataString for query string components instead.' (https://aka.ms/dotnet-warnings/SYSLIB0013) [C:\Users\ultra\warewolf\Dev\Dev2.Runtime\Dev2.Runtime.csproj]
C:\Users\ultra\warewolf\Dev\Dev2.Runtime\ESB\Execution\RemoteWorkflowExecutionContainer.cs(301,39): warning SYSLIB0013: 'Uri.EscapeUriString(string)' is obsolete: 'Uri.EscapeUriString can corrupt the Uri string in some cases. Consider using Uri.EscapeDataString for query string components instead.' (https://aka.ms/dotnet-warnings/SYSLIB0013) [C:\Users\ultra\warewolf\Dev\Dev2.Runtime\Dev2.Runtime.csproj]
C:\Users\ultra\warewolf\Dev\Dev2.Runtime\ESB\Execution\WfExecutionContainer.cs(63,35): warning CC0067: Do not call overridable methods in constructors (https://code-cracker.github.io/diagnostics/CC0067.html) [C:\Users\ultra\warewolf\Dev\Dev2.Runtime\Dev2.Runtime.csproj]
C:\Users\ultra\warewolf\Dev\Dev2.Runtime\ESB\WF\XamlActivityHelper.cs(66,13): warning CC0004: Empty Catch Block. (https://code-cracker.github.io/diagnostics/CC0004.html) [C:\Users\ultra\warewolf\Dev\Dev2.Runtime\Dev2.Runtime.csproj]
C:\Users\ultra\warewolf\Dev\Dev2.Runtime\ESB\WF\XamlActivityHelper.cs(133,13): warning CC0004: Empty Catch Block. (https://code-cracker.github.io/diagnostics/CC0004.html) [C:\Users\ultra\warewolf\Dev\Dev2.Runtime\Dev2.Runtime.csproj]
C:\Users\ultra\warewolf\Dev\Dev2.Runtime\ESB\WF\XamlActivityHelper.cs(179,17): warning CC0004: Empty Catch Block. (https://code-cracker.github.io/diagnostics/CC0004.html) [C:\Users\ultra\warewolf\Dev\Dev2.Runtime\Dev2.Runtime.csproj]
C:\Users\ultra\warewolf\Dev\Dev2.Runtime\ESB\WF\XamlActivityHelper.cs(230,17): warning CC0004: Empty Catch Block. (https://code-cracker.github.io/diagnostics/CC0004.html) [C:\Users\ultra\warewolf\Dev\Dev2.Runtime\Dev2.Runtime.csproj]
C:\Users\ultra\warewolf\Dev\Dev2.Runtime\ESB\WF\XamlActivityHelper.cs(240,43): warning CC0057: Parameter 'instance' is not used. (https://code-cracker.github.io/diagnostics/CC0057.html) [C:\Users\ultra\warewolf\Dev\Dev2.Runtime\Dev2.Runtime.csproj]
C:\Users\ultra\warewolf\Dev\Dev2.Runtime\ESB\Execution\WfExecutionContainer.cs(774,37): warning CC0022: StateAuditLogger should be disposed. (https://code-cracker.github.io/diagnostics/CC0022.html) [C:\Users\ultra\warewolf\Dev\Dev2.Runtime\Dev2.Runtime.csproj]
C:\Users\ultra\warewolf\Dev\Dev2.Runtime\ESB\Execution\WfExecutionContainer.cs(578,33): warning CC0003: Consider adding an Exception to the catch. (https://code-cracker.github.io/diagnostics/CC0003.html) [C:\Users\ultra\warewolf\Dev\Dev2.Runtime\Dev2.Runtime.csproj]
C:\Users\ultra\warewolf\Dev\Dev2.Runtime\ESB\Execution\WfExecutionContainer.cs(819,17): warning CC0004: Empty Catch Block. (https://code-cracker.github.io/diagnostics/CC0004.html) [C:\Users\ultra\warewolf\Dev\Dev2.Runtime\Dev2.Runtime.csproj]
C:\Users\ultra\warewolf\Dev\Dev2.Runtime\ESB\Execution\WfExecutionContainer.cs(864,21): warning CC0004: Empty Catch Block. (https://code-cracker.github.io/diagnostics/CC0004.html) [C:\Users\ultra\warewolf\Dev\Dev2.Runtime\Dev2.Runtime.csproj]
  Dev2.Runtime -> C:\Users\ultra\warewolf\Dev\Dev2.Runtime\bin\Debug\net8.0\Dev2.Runtime.dll
C:\Users\ultra\warewolf\Dev\Dev2.Studio.Core\Activities\Services\DesignerManagementService.cs(75,13): warning CS0618: 'EventAggregatorExtensions.Subscribe(IEventAggregator, object)' is obsolete: 'Use SubscribeOnPublishedThread' [C:\Users\ultra\warewolf\Dev\Dev2.Studio.Core\Dev2.Studio.Core.csproj]
C:\Users\ultra\warewolf\Dev\Dev2.Studio.Core\AppResources\Converters\NullableBoolToBoolConverter.cs(31,45): warning CC0057: Parameter 'targetType' is not used. (https://code-cracker.github.io/diagnostics/CC0057.html) [C:\Users\ultra\warewolf\Dev\Dev2.Studio.Core\Dev2.Studio.Core.csproj]
C:\Users\ultra\warewolf\Dev\Dev2.Studio.Core\AppResources\Converters\NullableBoolToBoolConverter.cs(31,62): warning CC0057: Parameter 'parameter' is not used. (https://code-cracker.github.io/diagnostics/CC0057.html) [C:\Users\ultra\warewolf\Dev\Dev2.Studio.Core\Dev2.Studio.Core.csproj]
C:\Users\ultra\warewolf\Dev\Dev2.Studio.Core\AppResources\Converters\NullableBoolToBoolConverter.cs(31,80): warning CC0057: Parameter 'culture' is not used. (https://code-cracker.github.io/diagnostics/CC0057.html) [C:\Users\ultra\warewolf\Dev\Dev2.Studio.Core\Dev2.Studio.Core.csproj]
C:\Users\ultra\warewolf\Dev\Dev2.Studio.Core\AppResources\Converters\NullableBoolToBoolConverter.cs(41,23): warning CC0057: Parameter 'value' is not used. (https://code-cracker.github.io/diagnostics/CC0057.html) [C:\Users\ultra\warewolf\Dev\Dev2.Studio.Core\Dev2.Studio.Core.csproj]
C:\Users\ultra\warewolf\Dev\Dev2.Studio.Core\AppResources\Converters\NullableBoolToBoolConverter.cs(41,37): warning CC0057: Parameter 'targetType' is not used. (https://code-cracker.github.io/diagnostics/CC0057.html) [C:\Users\ultra\warewolf\Dev\Dev2.Studio.Core\Dev2.Studio.Core.csproj]
C:\Users\ultra\warewolf\Dev\Dev2.Studio.Core\AppResources\Converters\NullableBoolToBoolConverter.cs(41,54): warning CC0057: Parameter 'parameter' is not used. (https://code-cracker.github.io/diagnostics/CC0057.html) [C:\Users\ultra\warewolf\Dev\Dev2.Studio.Core\Dev2.Studio.Core.csproj]
C:\Users\ultra\warewolf\Dev\Dev2.Studio.Core\AppResources\Converters\NullableBoolToBoolConverter.cs(41,72): warning CC0057: Parameter 'culture' is not used. (https://code-cracker.github.io/diagnostics/CC0057.html) [C:\Users\ultra\warewolf\Dev\Dev2.Studio.Core\Dev2.Studio.Core.csproj]
C:\Users\ultra\warewolf\Dev\Dev2.Studio.Core\AppResources\Converters\ModelItemToActivityConverter.cs(31,42): warning CC0057: Parameter 'targetType' is not used. (https://code-cracker.github.io/diagnostics/CC0057.html) [C:\Users\ultra\warewolf\Dev\Dev2.Studio.Core\Dev2.Studio.Core.csproj]
C:\Users\ultra\warewolf\Dev\Dev2.Studio.Core\AppResources\Converters\ModelItemToActivityConverter.cs(31,59): warning CC0057: Parameter 'parameter' is not used. (https://code-cracker.github.io/diagnostics/CC0057.html) [C:\Users\ultra\warewolf\Dev\Dev2.Studio.Core\Dev2.Studio.Core.csproj]
C:\Users\ultra\warewolf\Dev\Dev2.Studio.Core\AppResources\Converters\ModelItemToActivityConverter.cs(31,77): warning CC0057: Parameter 'culture' is not used. (https://code-cracker.github.io/diagnostics/CC0057.html) [C:\Users\ultra\warewolf\Dev\Dev2.Studio.Core\Dev2.Studio.Core.csproj]
C:\Users\ultra\warewolf\Dev\Dev2.Studio.Core\AppResources\Converters\ModelItemToActivityConverter.cs(45,46): warning CC0057: Parameter 'targetType' is not used. (https://code-cracker.github.io/diagnostics/CC0057.html) [C:\Users\ultra\warewolf\Dev\Dev2.Studio.Core\Dev2.Studio.Core.csproj]
C:\Users\ultra\warewolf\Dev\Dev2.Studio.Core\AppResources\Converters\ModelItemToActivityConverter.cs(45,81): warning CC0057: Parameter 'culture' is not used. (https://code-cracker.github.io/diagnostics/CC0057.html) [C:\Users\ultra\warewolf\Dev\Dev2.Studio.Core\Dev2.Studio.Core.csproj]
C:\Users\ultra\warewolf\Dev\Dev2.Studio.Core\Diagnostics\DebugStateTreeViewItemViewModel.cs(119,13): warning CC0105: Use 'var' instead of specifying the type name. (https://code-cracker.github.io/diagnostics/CC0105.html) [C:\Users\ultra\warewolf\Dev\Dev2.Studio.Core\Dev2.Studio.Core.csproj]
C:\Users\ultra\warewolf\Dev\Dev2.Studio.Core\DataList\Dev2TrieSuggestionProvider.cs(180,13): warning CC0004: Empty Catch Block. (https://code-cracker.github.io/diagnostics/CC0004.html) [C:\Users\ultra\warewolf\Dev\Dev2.Studio.Core\Dev2.Studio.Core.csproj]
  Dev2.Studio.Core -> C:\Users\ultra\warewolf\Dev\Dev2.Studio.Core\bin\Debug\net8.0\Dev2.Studio.Core.dll
  Warewolf.Common.Framework48 -> C:\Users\ultra\warewolf\Dev\Warewolf.Common.Framework48\bin\Debug\net8.0\Warewolf.Common.Framework48.dll
C:\Program Files\dotnet\sdk\10.0.201\Microsoft.Common.CurrentVersion.targets(2451,5): warning MSB3245: Could not resolve this reference. Could not locate the assembly "System.Web". Check to make sure the assembly exists on disk. If this reference is required by your code, you may get compilation errors. [C:\Users\ultra\warewolf\Dev\Dev2.Runtime.WebServer\Dev2.Runtime.WebServer.csproj]
C:\Program Files\dotnet\sdk\10.0.201\Microsoft.Common.CurrentVersion.targets(2451,5): warning MSB3243: No way to resolve conflict between "System.Web, Version=4.0.0.0, Culture=neutral, PublicKeyToken=b03f5f7f11d50a3a" and "System.Web". Choosing "System.Web, Version=4.0.0.0, Culture=neutral, PublicKeyToken=b03f5f7f11d50a3a" arbitrarily. [C:\Users\ultra\warewolf\Dev\Dev2.Runtime.WebServer\Dev2.Runtime.WebServer.csproj]
C:\Program Files\dotnet\sdk\10.0.201\Microsoft.Common.CurrentVersion.targets(2451,5): warning MSB3277: Found conflicts between different versions of "WindowsBase" that could not be resolved. [C:\Users\ultra\warewolf\Dev\Dev2.Runtime.WebServer\Dev2.Runtime.WebServer.csproj]
C:\Program Files\dotnet\sdk\10.0.201\Microsoft.Common.CurrentVersion.targets(2451,5): warning MSB3277: There was a conflict between "WindowsBase, Version=4.0.0.0, Culture=neutral, PublicKeyToken=31bf3856ad364e35" and "WindowsBase, Version=6.0.2.0, Culture=neutral, PublicKeyToken=31bf3856ad364e35". [C:\Users\ultra\warewolf\Dev\Dev2.Runtime.WebServer\Dev2.Runtime.WebServer.csproj]
C:\Program Files\dotnet\sdk\10.0.201\Microsoft.Common.CurrentVersion.targets(2451,5): warning MSB3277:     "WindowsBase, Version=4.0.0.0, Culture=neutral, PublicKeyToken=31bf3856ad364e35" was chosen because it was primary and "WindowsBase, Version=6.0.2.0, Culture=neutral, PublicKeyToken=31bf3856ad364e35" was not. [C:\Users\ultra\warewolf\Dev\Dev2.Runtime.WebServer\Dev2.Runtime.WebServer.csproj]
C:\Program Files\dotnet\sdk\10.0.201\Microsoft.Common.CurrentVersion.targets(2451,5): warning MSB3277:     References which depend on "WindowsBase, Version=4.0.0.0, Culture=neutral, PublicKeyToken=31bf3856ad364e35" [C:\Program Files\dotnet\packs\Microsoft.NETCore.App.Ref\8.0.25\ref\net8.0\WindowsBase.dll]. [C:\Users\ultra\warewolf\Dev\Dev2.Runtime.WebServer\Dev2.Runtime.WebServer.csproj]
C:\Program Files\dotnet\sdk\10.0.201\Microsoft.Common.CurrentVersion.targets(2451,5): warning MSB3277:         C:\Program Files\dotnet\packs\Microsoft.NETCore.App.Ref\8.0.25\ref\net8.0\WindowsBase.dll [C:\Users\ultra\warewolf\Dev\Dev2.Runtime.WebServer\Dev2.Runtime.WebServer.csproj]
C:\Program Files\dotnet\sdk\10.0.201\Microsoft.Common.CurrentVersion.targets(2451,5): warning MSB3277:           Project file item includes which caused reference "C:\Program Files\dotnet\packs\Microsoft.NETCore.App.Ref\8.0.25\ref\net8.0\WindowsBase.dll". [C:\Users\ultra\warewolf\Dev\Dev2.Runtime.WebServer\Dev2.Runtime.WebServer.csproj]
C:\Program Files\dotnet\sdk\10.0.201\Microsoft.Common.CurrentVersion.targets(2451,5): warning MSB3277:             C:\Program Files\dotnet\packs\Microsoft.NETCore.App.Ref\8.0.25\ref/net8.0/WindowsBase.dll [C:\Users\ultra\warewolf\Dev\Dev2.Runtime.WebServer\Dev2.Runtime.WebServer.csproj]
C:\Program Files\dotnet\sdk\10.0.201\Microsoft.Common.CurrentVersion.targets(2451,5): warning MSB3277:     References which depend on or have been unified to "WindowsBase, Version=6.0.2.0, Culture=neutral, PublicKeyToken=31bf3856ad364e35" []. [C:\Users\ultra\warewolf\Dev\Dev2.Runtime.WebServer\Dev2.Runtime.WebServer.csproj]
C:\Program Files\dotnet\sdk\10.0.201\Microsoft.Common.CurrentVersion.targets(2451,5): warning MSB3277:         C:\Users\ultra\.nuget\packages\caliburn.micro\4.0.212\lib\netcoreapp3.1\Caliburn.Micro.Platform.dll [C:\Users\ultra\warewolf\Dev\Dev2.Runtime.WebServer\Dev2.Runtime.WebServer.csproj]
C:\Program Files\dotnet\sdk\10.0.201\Microsoft.Common.CurrentVersion.targets(2451,5): warning MSB3277:           Project file item includes which caused reference "C:\Users\ultra\.nuget\packages\caliburn.micro\4.0.212\lib\netcoreapp3.1\Caliburn.Micro.Platform.dll". [C:\Users\ultra\warewolf\Dev\Dev2.Runtime.WebServer\Dev2.Runtime.WebServer.csproj]
C:\Program Files\dotnet\sdk\10.0.201\Microsoft.Common.CurrentVersion.targets(2451,5): warning MSB3277:             C:\Users\ultra\.nuget\packages\caliburn.micro\4.0.212\lib\netcoreapp3.1\Caliburn.Micro.Platform.dll [C:\Users\ultra\warewolf\Dev\Dev2.Runtime.WebServer\Dev2.Runtime.WebServer.csproj]
C:\Program Files\dotnet\sdk\10.0.201\Microsoft.Common.CurrentVersion.targets(2451,5): warning MSB3277:         C:\Users\ultra\.nuget\packages\ironpython\3.4.0\lib\net6.0\IronPython.Wpf.dll [C:\Users\ultra\warewolf\Dev\Dev2.Runtime.WebServer\Dev2.Runtime.WebServer.csproj]
C:\Program Files\dotnet\sdk\10.0.201\Microsoft.Common.CurrentVersion.targets(2451,5): warning MSB3277:           Project file item includes which caused reference "C:\Users\ultra\.nuget\packages\ironpython\3.4.0\lib\net6.0\IronPython.Wpf.dll". [C:\Users\ultra\warewolf\Dev\Dev2.Runtime.WebServer\Dev2.Runtime.WebServer.csproj]
C:\Program Files\dotnet\sdk\10.0.201\Microsoft.Common.CurrentVersion.targets(2451,5): warning MSB3277:             C:\Users\ultra\.nuget\packages\ironpython\3.4.0\lib\net6.0\IronPython.Wpf.dll [C:\Users\ultra\warewolf\Dev\Dev2.Runtime.WebServer\Dev2.Runtime.WebServer.csproj]
C:\Program Files\dotnet\sdk\10.0.201\Microsoft.Common.CurrentVersion.targets(2451,5): warning MSB3277:         C:\Users\ultra\.nuget\packages\microsoft.xaml.behaviors.wpf\1.1.122\lib\net462\Microsoft.Xaml.Behaviors.dll [C:\Users\ultra\warewolf\Dev\Dev2.Runtime.WebServer\Dev2.Runtime.WebServer.csproj]
C:\Program Files\dotnet\sdk\10.0.201\Microsoft.Common.CurrentVersion.targets(2451,5): warning MSB3277:           Project file item includes which caused reference "C:\Users\ultra\.nuget\packages\microsoft.xaml.behaviors.wpf\1.1.122\lib\net462\Microsoft.Xaml.Behaviors.dll". [C:\Users\ultra\warewolf\Dev\Dev2.Runtime.WebServer\Dev2.Runtime.WebServer.csproj]
C:\Program Files\dotnet\sdk\10.0.201\Microsoft.Common.CurrentVersion.targets(2451,5): warning MSB3277:             C:\Users\ultra\.nuget\packages\microsoft.xaml.behaviors.wpf\1.1.122\lib\net462\Microsoft.Xaml.Behaviors.dll [C:\Users\ultra\warewolf\Dev\Dev2.Runtime.WebServer\Dev2.Runtime.WebServer.csproj]
C:\Program Files\dotnet\sdk\10.0.201\Microsoft.Common.CurrentVersion.targets(2451,5): warning MSB3277:             C:\Users\ultra\.nuget\packages\caliburn.micro\4.0.212\lib\netcoreapp3.1\Caliburn.Micro.Platform.dll [C:\Users\ultra\warewolf\Dev\Dev2.Runtime.WebServer\Dev2.Runtime.WebServer.csproj]
C:\Program Files\dotnet\sdk\10.0.201\Microsoft.Common.CurrentVersion.targets(2451,5): warning MSB3277:             C:\Users\ultra\.nuget\packages\prism.wpf\9.0.537\lib\net462\Prism.Wpf.dll [C:\Users\ultra\warewolf\Dev\Dev2.Runtime.WebServer\Dev2.Runtime.WebServer.csproj]
C:\Program Files\dotnet\sdk\10.0.201\Microsoft.Common.CurrentVersion.targets(2451,5): warning MSB3277:         C:\Users\ultra\.nuget\packages\prism.wpf\9.0.537\lib\net462\Prism.Wpf.dll [C:\Users\ultra\warewolf\Dev\Dev2.Runtime.WebServer\Dev2.Runtime.WebServer.csproj]
C:\Program Files\dotnet\sdk\10.0.201\Microsoft.Common.CurrentVersion.targets(2451,5): warning MSB3277:           Project file item includes which caused reference "C:\Users\ultra\.nuget\packages\prism.wpf\9.0.537\lib\net462\Prism.Wpf.dll". [C:\Users\ultra\warewolf\Dev\Dev2.Runtime.WebServer\Dev2.Runtime.WebServer.csproj]
C:\Program Files\dotnet\sdk\10.0.201\Microsoft.Common.CurrentVersion.targets(2451,5): warning MSB3277:             C:\Users\ultra\.nuget\packages\prism.wpf\9.0.537\lib\net462\Prism.Wpf.dll [C:\Users\ultra\warewolf\Dev\Dev2.Runtime.WebServer\Dev2.Runtime.WebServer.csproj]
C:\Program Files\dotnet\sdk\10.0.201\Microsoft.Common.CurrentVersion.targets(2451,5): warning MSB3277:         C:\Users\ultra\.nuget\packages\reactiveui.wpf\18.4.1\lib\net462\ReactiveUI.Wpf.dll [C:\Users\ultra\warewolf\Dev\Dev2.Runtime.WebServer\Dev2.Runtime.WebServer.csproj]
C:\Program Files\dotnet\sdk\10.0.201\Microsoft.Common.CurrentVersion.targets(2451,5): warning MSB3277:           Project file item includes which caused reference "C:\Users\ultra\.nuget\packages\reactiveui.wpf\18.4.1\lib\net462\ReactiveUI.Wpf.dll". [C:\Users\ultra\warewolf\Dev\Dev2.Runtime.WebServer\Dev2.Runtime.WebServer.csproj]
C:\Program Files\dotnet\sdk\10.0.201\Microsoft.Common.CurrentVersion.targets(2451,5): warning MSB3277:             C:\Users\ultra\.nuget\packages\reactiveui.wpf\18.4.1\lib\net462\ReactiveUI.Wpf.dll [C:\Users\ultra\warewolf\Dev\Dev2.Runtime.WebServer\Dev2.Runtime.WebServer.csproj]
C:\Users\ultra\warewolf\Dev\Dev2.Runtime.WebServer\AnonymousAuthenticationHandler.cs(15,9): warning CS0618: 'ISystemClock' is obsolete: 'Use TimeProvider instead.' [C:\Users\ultra\warewolf\Dev\Dev2.Runtime.WebServer\Dev2.Runtime.WebServer.csproj]
C:\Users\ultra\warewolf\Dev\Dev2.Runtime.WebServer\BasicAuthenticationHandler.cs(20,13): warning CS0618: 'ISystemClock' is obsolete: 'Use TimeProvider instead.' [C:\Users\ultra\warewolf\Dev\Dev2.Runtime.WebServer\Dev2.Runtime.WebServer.csproj]
C:\Users\ultra\warewolf\Dev\Dev2.Runtime.WebServer\BasicAuthenticationHandler.cs(21,13): warning CS0618: 'AuthenticationHandler<AuthenticationSchemeOptions>.AuthenticationHandler(IOptionsMonitor<AuthenticationSchemeOptions>, ILoggerFactory, UrlEncoder, ISystemClock)' is obsolete: 'ISystemClock is obsolete, use TimeProvider on AuthenticationSchemeOptions instead.' [C:\Users\ultra\warewolf\Dev\Dev2.Runtime.WebServer\Dev2.Runtime.WebServer.csproj]
C:\Users\ultra\warewolf\Dev\Dev2.Runtime.WebServer\AnonymousAuthenticationHandler.cs(16,9): warning CS0618: 'AuthenticationHandler<AuthenticationSchemeOptions>.AuthenticationHandler(IOptionsMonitor<AuthenticationSchemeOptions>, ILoggerFactory, UrlEncoder, ISystemClock)' is obsolete: 'ISystemClock is obsolete, use TimeProvider on AuthenticationSchemeOptions instead.' [C:\Users\ultra\warewolf\Dev\Dev2.Runtime.WebServer\Dev2.Runtime.WebServer.csproj]
C:\Users\ultra\warewolf\Dev\Dev2.Runtime.WebServer\Executor\ExecutionDtoExtensions.cs(119,13): warning CC0105: Use 'var' instead of specifying the type name. (https://code-cracker.github.io/diagnostics/CC0105.html) [C:\Users\ultra\warewolf\Dev\Dev2.Runtime.WebServer\Dev2.Runtime.WebServer.csproj]
C:\Users\ultra\warewolf\Dev\Dev2.Runtime.WebServer\BasicAuthenticationHandler.cs(70,13): warning CC0003: Consider adding an Exception to the catch. (https://code-cracker.github.io/diagnostics/CC0003.html) [C:\Users\ultra\warewolf\Dev\Dev2.Runtime.WebServer\Dev2.Runtime.WebServer.csproj]
C:\Users\ultra\warewolf\Dev\Dev2.Runtime.WebServer\Handlers\GetLogFileServiceHandler.cs(129,21): warning CC0105: Use 'var' instead of specifying the type name. (https://code-cracker.github.io/diagnostics/CC0105.html) [C:\Users\ultra\warewolf\Dev\Dev2.Runtime.WebServer\Dev2.Runtime.WebServer.csproj]
C:\Users\ultra\warewolf\Dev\Dev2.Runtime.WebServer\ServiceTesting\ServiceTestCoverageModelHTMLResultBuilder.cs(138,13): warning CC0105: Use 'var' instead of specifying the type name. (https://code-cracker.github.io/diagnostics/CC0105.html) [C:\Users\ultra\warewolf\Dev\Dev2.Runtime.WebServer\Dev2.Runtime.WebServer.csproj]
C:\Users\ultra\warewolf\Dev\Dev2.Runtime.WebServer\ServiceTesting\ServiceTestCoverageModelHTMLResultBuilder.cs(139,13): warning CC0105: Use 'var' instead of specifying the type name. (https://code-cracker.github.io/diagnostics/CC0105.html) [C:\Users\ultra\warewolf\Dev\Dev2.Runtime.WebServer\Dev2.Runtime.WebServer.csproj]
C:\Users\ultra\warewolf\Dev\Dev2.Runtime.WebServer\ServiceTesting\ServiceTestModelJObjectResultBuilder.cs(101,13): warning CC0105: Use 'var' instead of specifying the type name. (https://code-cracker.github.io/diagnostics/CC0105.html) [C:\Users\ultra\warewolf\Dev\Dev2.Runtime.WebServer\Dev2.Runtime.WebServer.csproj]
  Dev2.Runtime.WebServer -> C:\Users\ultra\warewolf\Dev\Dev2.Runtime.WebServer\bin\Debug\net8.0\Dev2.Runtime.WebServer.dll
C:\Program Files\dotnet\sdk\10.0.201\Microsoft.Common.CurrentVersion.targets(2451,5): warning MSB3277: Found conflicts between different versions of "WindowsBase" that could not be resolved. [C:\Users\ultra\warewolf\Dev\Dev2.Runtime.WebServer.Tests\Dev2.Runtime.WebServer.Tests.csproj]
C:\Program Files\dotnet\sdk\10.0.201\Microsoft.Common.CurrentVersion.targets(2451,5): warning MSB3277: There was a conflict between "WindowsBase, Version=4.0.0.0, Culture=neutral, PublicKeyToken=31bf3856ad364e35" and "WindowsBase, Version=6.0.2.0, Culture=neutral, PublicKeyToken=31bf3856ad364e35". [C:\Users\ultra\warewolf\Dev\Dev2.Runtime.WebServer.Tests\Dev2.Runtime.WebServer.Tests.csproj]
C:\Program Files\dotnet\sdk\10.0.201\Microsoft.Common.CurrentVersion.targets(2451,5): warning MSB3277:     "WindowsBase, Version=4.0.0.0, Culture=neutral, PublicKeyToken=31bf3856ad364e35" was chosen because it was primary and "WindowsBase, Version=6.0.2.0, Culture=neutral, PublicKeyToken=31bf3856ad364e35" was not. [C:\Users\ultra\warewolf\Dev\Dev2.Runtime.WebServer.Tests\Dev2.Runtime.WebServer.Tests.csproj]
C:\Program Files\dotnet\sdk\10.0.201\Microsoft.Common.CurrentVersion.targets(2451,5): warning MSB3277:     References which depend on "WindowsBase, Version=4.0.0.0, Culture=neutral, PublicKeyToken=31bf3856ad364e35" [C:\Program Files\dotnet\packs\Microsoft.NETCore.App.Ref\8.0.25\ref\net8.0\WindowsBase.dll]. [C:\Users\ultra\warewolf\Dev\Dev2.Runtime.WebServer.Tests\Dev2.Runtime.WebServer.Tests.csproj]
C:\Program Files\dotnet\sdk\10.0.201\Microsoft.Common.CurrentVersion.targets(2451,5): warning MSB3277:         C:\Program Files\dotnet\packs\Microsoft.NETCore.App.Ref\8.0.25\ref\net8.0\WindowsBase.dll [C:\Users\ultra\warewolf\Dev\Dev2.Runtime.WebServer.Tests\Dev2.Runtime.WebServer.Tests.csproj]
C:\Program Files\dotnet\sdk\10.0.201\Microsoft.Common.CurrentVersion.targets(2451,5): warning MSB3277:           Project file item includes which caused reference "C:\Program Files\dotnet\packs\Microsoft.NETCore.App.Ref\8.0.25\ref\net8.0\WindowsBase.dll". [C:\Users\ultra\warewolf\Dev\Dev2.Runtime.WebServer.Tests\Dev2.Runtime.WebServer.Tests.csproj]
C:\Program Files\dotnet\sdk\10.0.201\Microsoft.Common.CurrentVersion.targets(2451,5): warning MSB3277:             C:\Program Files\dotnet\packs\Microsoft.NETCore.App.Ref\8.0.25\ref/net8.0/WindowsBase.dll [C:\Users\ultra\warewolf\Dev\Dev2.Runtime.WebServer.Tests\Dev2.Runtime.WebServer.Tests.csproj]
C:\Program Files\dotnet\sdk\10.0.201\Microsoft.Common.CurrentVersion.targets(2451,5): warning MSB3277:     References which depend on or have been unified to "WindowsBase, Version=6.0.2.0, Culture=neutral, PublicKeyToken=31bf3856ad364e35" []. [C:\Users\ultra\warewolf\Dev\Dev2.Runtime.WebServer.Tests\Dev2.Runtime.WebServer.Tests.csproj]
C:\Program Files\dotnet\sdk\10.0.201\Microsoft.Common.CurrentVersion.targets(2451,5): warning MSB3277:         C:\Users\ultra\.nuget\packages\caliburn.micro\4.0.212\lib\netcoreapp3.1\Caliburn.Micro.Platform.dll [C:\Users\ultra\warewolf\Dev\Dev2.Runtime.WebServer.Tests\Dev2.Runtime.WebServer.Tests.csproj]
C:\Program Files\dotnet\sdk\10.0.201\Microsoft.Common.CurrentVersion.targets(2451,5): warning MSB3277:           Project file item includes which caused reference "C:\Users\ultra\.nuget\packages\caliburn.micro\4.0.212\lib\netcoreapp3.1\Caliburn.Micro.Platform.dll". [C:\Users\ultra\warewolf\Dev\Dev2.Runtime.WebServer.Tests\Dev2.Runtime.WebServer.Tests.csproj]
C:\Program Files\dotnet\sdk\10.0.201\Microsoft.Common.CurrentVersion.targets(2451,5): warning MSB3277:             C:\Users\ultra\.nuget\packages\caliburn.micro\4.0.212\lib\netcoreapp3.1\Caliburn.Micro.Platform.dll [C:\Users\ultra\warewolf\Dev\Dev2.Runtime.WebServer.Tests\Dev2.Runtime.WebServer.Tests.csproj]
C:\Program Files\dotnet\sdk\10.0.201\Microsoft.Common.CurrentVersion.targets(2451,5): warning MSB3277:         C:\Users\ultra\.nuget\packages\ironpython\3.4.0\lib\net6.0\IronPython.Wpf.dll [C:\Users\ultra\warewolf\Dev\Dev2.Runtime.WebServer.Tests\Dev2.Runtime.WebServer.Tests.csproj]
C:\Program Files\dotnet\sdk\10.0.201\Microsoft.Common.CurrentVersion.targets(2451,5): warning MSB3277:           Project file item includes which caused reference "C:\Users\ultra\.nuget\packages\ironpython\3.4.0\lib\net6.0\IronPython.Wpf.dll". [C:\Users\ultra\warewolf\Dev\Dev2.Runtime.WebServer.Tests\Dev2.Runtime.WebServer.Tests.csproj]
C:\Program Files\dotnet\sdk\10.0.201\Microsoft.Common.CurrentVersion.targets(2451,5): warning MSB3277:             C:\Users\ultra\.nuget\packages\ironpython\3.4.0\lib\net6.0\IronPython.Wpf.dll [C:\Users\ultra\warewolf\Dev\Dev2.Runtime.WebServer.Tests\Dev2.Runtime.WebServer.Tests.csproj]
C:\Program Files\dotnet\sdk\10.0.201\Microsoft.Common.CurrentVersion.targets(2451,5): warning MSB3277:         C:\Users\ultra\.nuget\packages\microsoft.xaml.behaviors.wpf\1.1.122\lib\net462\Microsoft.Xaml.Behaviors.dll [C:\Users\ultra\warewolf\Dev\Dev2.Runtime.WebServer.Tests\Dev2.Runtime.WebServer.Tests.csproj]
C:\Program Files\dotnet\sdk\10.0.201\Microsoft.Common.CurrentVersion.targets(2451,5): warning MSB3277:           Project file item includes which caused reference "C:\Users\ultra\.nuget\packages\microsoft.xaml.behaviors.wpf\1.1.122\lib\net462\Microsoft.Xaml.Behaviors.dll". [C:\Users\ultra\warewolf\Dev\Dev2.Runtime.WebServer.Tests\Dev2.Runtime.WebServer.Tests.csproj]
C:\Program Files\dotnet\sdk\10.0.201\Microsoft.Common.CurrentVersion.targets(2451,5): warning MSB3277:             C:\Users\ultra\.nuget\packages\microsoft.xaml.behaviors.wpf\1.1.122\lib\net462\Microsoft.Xaml.Behaviors.dll [C:\Users\ultra\warewolf\Dev\Dev2.Runtime.WebServer.Tests\Dev2.Runtime.WebServer.Tests.csproj]
C:\Program Files\dotnet\sdk\10.0.201\Microsoft.Common.CurrentVersion.targets(2451,5): warning MSB3277:             C:\Users\ultra\.nuget\packages\caliburn.micro\4.0.212\lib\netcoreapp3.1\Caliburn.Micro.Platform.dll [C:\Users\ultra\warewolf\Dev\Dev2.Runtime.WebServer.Tests\Dev2.Runtime.WebServer.Tests.csproj]
C:\Program Files\dotnet\sdk\10.0.201\Microsoft.Common.CurrentVersion.targets(2451,5): warning MSB3277:             C:\Users\ultra\.nuget\packages\prism.wpf\9.0.537\lib\net462\Prism.Wpf.dll [C:\Users\ultra\warewolf\Dev\Dev2.Runtime.WebServer.Tests\Dev2.Runtime.WebServer.Tests.csproj]
C:\Program Files\dotnet\sdk\10.0.201\Microsoft.Common.CurrentVersion.targets(2451,5): warning MSB3277:         C:\Users\ultra\.nuget\packages\prism.wpf\9.0.537\lib\net462\Prism.Wpf.dll [C:\Users\ultra\warewolf\Dev\Dev2.Runtime.WebServer.Tests\Dev2.Runtime.WebServer.Tests.csproj]
C:\Program Files\dotnet\sdk\10.0.201\Microsoft.Common.CurrentVersion.targets(2451,5): warning MSB3277:           Project file item includes which caused reference "C:\Users\ultra\.nuget\packages\prism.wpf\9.0.537\lib\net462\Prism.Wpf.dll". [C:\Users\ultra\warewolf\Dev\Dev2.Runtime.WebServer.Tests\Dev2.Runtime.WebServer.Tests.csproj]
C:\Program Files\dotnet\sdk\10.0.201\Microsoft.Common.CurrentVersion.targets(2451,5): warning MSB3277:             C:\Users\ultra\.nuget\packages\prism.wpf\9.0.537\lib\net462\Prism.Wpf.dll [C:\Users\ultra\warewolf\Dev\Dev2.Runtime.WebServer.Tests\Dev2.Runtime.WebServer.Tests.csproj]
C:\Program Files\dotnet\sdk\10.0.201\Microsoft.Common.CurrentVersion.targets(2451,5): warning MSB3277:         C:\Users\ultra\.nuget\packages\reactiveui.wpf\18.4.1\lib\net462\ReactiveUI.Wpf.dll [C:\Users\ultra\warewolf\Dev\Dev2.Runtime.WebServer.Tests\Dev2.Runtime.WebServer.Tests.csproj]
C:\Program Files\dotnet\sdk\10.0.201\Microsoft.Common.CurrentVersion.targets(2451,5): warning MSB3277:           Project file item includes which caused reference "C:\Users\ultra\.nuget\packages\reactiveui.wpf\18.4.1\lib\net462\ReactiveUI.Wpf.dll". [C:\Users\ultra\warewolf\Dev\Dev2.Runtime.WebServer.Tests\Dev2.Runtime.WebServer.Tests.csproj]
C:\Program Files\dotnet\sdk\10.0.201\Microsoft.Common.CurrentVersion.targets(2451,5): warning MSB3277:             C:\Users\ultra\.nuget\packages\reactiveui.wpf\18.4.1\lib\net462\ReactiveUI.Wpf.dll [C:\Users\ultra\warewolf\Dev\Dev2.Runtime.WebServer.Tests\Dev2.Runtime.WebServer.Tests.csproj]
C:\Program Files\dotnet\sdk\10.0.201\Microsoft.Common.CurrentVersion.targets(2451,5): warning MSB3277: Found conflicts between different versions of "System.Drawing.Common" that could not be resolved. [C:\Users\ultra\warewolf\Dev\Dev2.Runtime.WebServer.Tests\Dev2.Runtime.WebServer.Tests.csproj]
C:\Program Files\dotnet\sdk\10.0.201\Microsoft.Common.CurrentVersion.targets(2451,5): warning MSB3277: There was a conflict between "System.Drawing.Common, Version=6.0.0.0, Culture=neutral, PublicKeyToken=cc7b13ffcd2ddd51" and "System.Drawing.Common, Version=8.0.0.0, Culture=neutral, PublicKeyToken=cc7b13ffcd2ddd51". [C:\Users\ultra\warewolf\Dev\Dev2.Runtime.WebServer.Tests\Dev2.Runtime.WebServer.Tests.csproj]
C:\Program Files\dotnet\sdk\10.0.201\Microsoft.Common.CurrentVersion.targets(2451,5): warning MSB3277:     "System.Drawing.Common, Version=6.0.0.0, Culture=neutral, PublicKeyToken=cc7b13ffcd2ddd51" was chosen because it was primary and "System.Drawing.Common, Version=8.0.0.0, Culture=neutral, PublicKeyToken=cc7b13ffcd2ddd51" was not. [C:\Users\ultra\warewolf\Dev\Dev2.Runtime.WebServer.Tests\Dev2.Runtime.WebServer.Tests.csproj]
C:\Program Files\dotnet\sdk\10.0.201\Microsoft.Common.CurrentVersion.targets(2451,5): warning MSB3277:     References which depend on "System.Drawing.Common, Version=6.0.0.0, Culture=neutral, PublicKeyToken=cc7b13ffcd2ddd51" [C:\Users\ultra\.nuget\packages\system.drawing.common\6.0.0\lib\net6.0\System.Drawing.Common.dll]. [C:\Users\ultra\warewolf\Dev\Dev2.Runtime.WebServer.Tests\Dev2.Runtime.WebServer.Tests.csproj]
C:\Program Files\dotnet\sdk\10.0.201\Microsoft.Common.CurrentVersion.targets(2451,5): warning MSB3277:         C:\Users\ultra\.nuget\packages\system.drawing.common\6.0.0\lib\net6.0\System.Drawing.Common.dll [C:\Users\ultra\warewolf\Dev\Dev2.Runtime.WebServer.Tests\Dev2.Runtime.WebServer.Tests.csproj]
C:\Program Files\dotnet\sdk\10.0.201\Microsoft.Common.CurrentVersion.targets(2451,5): warning MSB3277:           Project file item includes which caused reference "C:\Users\ultra\.nuget\packages\system.drawing.common\6.0.0\lib\net6.0\System.Drawing.Common.dll". [C:\Users\ultra\warewolf\Dev\Dev2.Runtime.WebServer.Tests\Dev2.Runtime.WebServer.Tests.csproj]
C:\Program Files\dotnet\sdk\10.0.201\Microsoft.Common.CurrentVersion.targets(2451,5): warning MSB3277:             C:\Users\ultra\.nuget\packages\system.drawing.common\6.0.0\lib\net6.0\System.Drawing.Common.dll [C:\Users\ultra\warewolf\Dev\Dev2.Runtime.WebServer.Tests\Dev2.Runtime.WebServer.Tests.csproj]
C:\Program Files\dotnet\sdk\10.0.201\Microsoft.Common.CurrentVersion.targets(2451,5): warning MSB3277:     References which depend on or have been unified to "System.Drawing.Common, Version=8.0.0.0, Culture=neutral, PublicKeyToken=cc7b13ffcd2ddd51" []. [C:\Users\ultra\warewolf\Dev\Dev2.Runtime.WebServer.Tests\Dev2.Runtime.WebServer.Tests.csproj]
C:\Program Files\dotnet\sdk\10.0.201\Microsoft.Common.CurrentVersion.targets(2451,5): warning MSB3277:         C:\Users\ultra\.nuget\packages\servicestack\6.3.0\lib\net6.0\ServiceStack.dll [C:\Users\ultra\warewolf\Dev\Dev2.Runtime.WebServer.Tests\Dev2.Runtime.WebServer.Tests.csproj]
C:\Program Files\dotnet\sdk\10.0.201\Microsoft.Common.CurrentVersion.targets(2451,5): warning MSB3277:           Project file item includes which caused reference "C:\Users\ultra\.nuget\packages\servicestack\6.3.0\lib\net6.0\ServiceStack.dll". [C:\Users\ultra\warewolf\Dev\Dev2.Runtime.WebServer.Tests\Dev2.Runtime.WebServer.Tests.csproj]
C:\Program Files\dotnet\sdk\10.0.201\Microsoft.Common.CurrentVersion.targets(2451,5): warning MSB3277:             C:\Users\ultra\.nuget\packages\servicestack\6.3.0\lib\net6.0\ServiceStack.dll [C:\Users\ultra\warewolf\Dev\Dev2.Runtime.WebServer.Tests\Dev2.Runtime.WebServer.Tests.csproj]
C:\Program Files\dotnet\sdk\10.0.201\Microsoft.Common.CurrentVersion.targets(2451,5): warning MSB3277:         C:\Users\ultra\.nuget\packages\system.windows.extensions\8.0.0\lib\net8.0\System.Windows.Extensions.dll [C:\Users\ultra\warewolf\Dev\Dev2.Runtime.WebServer.Tests\Dev2.Runtime.WebServer.Tests.csproj]
C:\Program Files\dotnet\sdk\10.0.201\Microsoft.Common.CurrentVersion.targets(2451,5): warning MSB3277:           Project file item includes which caused reference "C:\Users\ultra\.nuget\packages\system.windows.extensions\8.0.0\lib\net8.0\System.Windows.Extensions.dll". [C:\Users\ultra\warewolf\Dev\Dev2.Runtime.WebServer.Tests\Dev2.Runtime.WebServer.Tests.csproj]
C:\Program Files\dotnet\sdk\10.0.201\Microsoft.Common.CurrentVersion.targets(2451,5): warning MSB3277:             C:\Users\ultra\.nuget\packages\system.windows.extensions\8.0.0\lib\net8.0\System.Windows.Extensions.dll [C:\Users\ultra\warewolf\Dev\Dev2.Runtime.WebServer.Tests\Dev2.Runtime.WebServer.Tests.csproj]
C:\Program Files\dotnet\sdk\10.0.201\Microsoft.Common.CurrentVersion.targets(2451,5): warning MSB3277:             C:\Users\ultra\.nuget\packages\system.security.permissions\8.0.0\lib\net8.0\System.Security.Permissions.dll [C:\Users\ultra\warewolf\Dev\Dev2.Runtime.WebServer.Tests\Dev2.Runtime.WebServer.Tests.csproj]
C:\Program Files\dotnet\sdk\10.0.201\Microsoft.Common.CurrentVersion.targets(2451,5): warning MSB3277:             C:\Users\ultra\warewolf\Dev\Dev2.Data\bin\Debug\net8.0\Dev2.Data.dll [C:\Users\ultra\warewolf\Dev\Dev2.Runtime.WebServer.Tests\Dev2.Runtime.WebServer.Tests.csproj]
C:\Program Files\dotnet\sdk\10.0.201\Microsoft.Common.CurrentVersion.targets(2451,5): warning MSB3277:             C:\Users\ultra\warewolf\Dev\Dev2.Core\bin\Debug\net8.0\Dev2.Core.dll [C:\Users\ultra\warewolf\Dev\Dev2.Runtime.WebServer.Tests\Dev2.Runtime.WebServer.Tests.csproj]
C:\Program Files\dotnet\sdk\10.0.201\Microsoft.Common.CurrentVersion.targets(2451,5): warning MSB3277:             C:\Users\ultra\warewolf\Dev\Dev2.Runtime.Services\bin\Debug\net8.0\Dev2.Runtime.Services.dll [C:\Users\ultra\warewolf\Dev\Dev2.Runtime.WebServer.Tests\Dev2.Runtime.WebServer.Tests.csproj]
C:\Program Files\dotnet\sdk\10.0.201\Microsoft.Common.CurrentVersion.targets(2451,5): warning MSB3277:             C:\Users\ultra\warewolf\Dev\Dev2.Runtime.WebServer\bin\Debug\net8.0\Dev2.Runtime.WebServer.dll [C:\Users\ultra\warewolf\Dev\Dev2.Runtime.WebServer.Tests\Dev2.Runtime.WebServer.Tests.csproj]
C:\Program Files\dotnet\sdk\10.0.201\Microsoft.Common.CurrentVersion.targets(2451,5): warning MSB3277:             C:\Users\ultra\warewolf\Dev\Warewolf.Common.Framework48\bin\Debug\net8.0\Warewolf.Common.Framework48.dll [C:\Users\ultra\warewolf\Dev\Dev2.Runtime.WebServer.Tests\Dev2.Runtime.WebServer.Tests.csproj]
C:\Program Files\dotnet\sdk\10.0.201\Microsoft.Common.CurrentVersion.targets(2451,5): warning MSB3277:             C:\Users\ultra\warewolf\Dev\Warewolf.Testing\bin\Debug\net8.0\Warewolf.Testing.dll [C:\Users\ultra\warewolf\Dev\Dev2.Runtime.WebServer.Tests\Dev2.Runtime.WebServer.Tests.csproj]
C:\Program Files\dotnet\sdk\10.0.201\Microsoft.Common.CurrentVersion.targets(2451,5): warning MSB3277:             C:\Users\ultra\warewolf\Dev\Dev2.Activities\bin\Debug\net8.0\Dev2.Activities.dll [C:\Users\ultra\warewolf\Dev\Dev2.Runtime.WebServer.Tests\Dev2.Runtime.WebServer.Tests.csproj]
C:\Program Files\dotnet\sdk\10.0.201\Microsoft.Common.CurrentVersion.targets(2451,5): warning MSB3277:             C:\Users\ultra\warewolf\Dev\Dev2.Runtime\bin\Debug\net8.0\Dev2.Runtime.dll [C:\Users\ultra\warewolf\Dev\Dev2.Runtime.WebServer.Tests\Dev2.Runtime.WebServer.Tests.csproj]
C:\Program Files\dotnet\sdk\10.0.201\Microsoft.Common.CurrentVersion.targets(2451,5): warning MSB3277:             C:\Users\ultra\warewolf\Dev\Dev2.Scheduler\bin\Debug\net8.0\Dev2.Scheduler.dll [C:\Users\ultra\warewolf\Dev\Dev2.Runtime.WebServer.Tests\Dev2.Runtime.WebServer.Tests.csproj]
C:\Program Files\dotnet\sdk\10.0.201\Microsoft.Common.CurrentVersion.targets(2451,5): warning MSB3277:             C:\Users\ultra\warewolf\Dev\Dev2.Services.Execution\bin\Debug\net8.0\Dev2.Services.Execution.dll [C:\Users\ultra\warewolf\Dev\Dev2.Runtime.WebServer.Tests\Dev2.Runtime.WebServer.Tests.csproj]
C:\Program Files\dotnet\sdk\10.0.201\Microsoft.Common.CurrentVersion.targets(2451,5): warning MSB3277:             C:\Users\ultra\warewolf\Dev\Dev2.Studio.Core\bin\Debug\net8.0\Dev2.Studio.Core.dll [C:\Users\ultra\warewolf\Dev\Dev2.Runtime.WebServer.Tests\Dev2.Runtime.WebServer.Tests.csproj]
C:\Program Files\dotnet\sdk\10.0.201\Microsoft.Common.CurrentVersion.targets(2451,5): warning MSB3277:             C:\Users\ultra\warewolf\Dev\Dev2.Studio.Interfaces\bin\Debug\net8.0\Dev2.Studio.Interfaces.dll [C:\Users\ultra\warewolf\Dev\Dev2.Runtime.WebServer.Tests\Dev2.Runtime.WebServer.Tests.csproj]
C:\Program Files\dotnet\sdk\10.0.201\Microsoft.Common.CurrentVersion.targets(2451,5): warning MSB3277:             C:\Users\ultra\warewolf\Dev\Warewolf.Auditing\bin\Debug\net8.0\Warewolf.Auditing.dll [C:\Users\ultra\warewolf\Dev\Dev2.Runtime.WebServer.Tests\Dev2.Runtime.WebServer.Tests.csproj]
C:\Program Files\dotnet\sdk\10.0.201\Microsoft.Common.CurrentVersion.targets(2451,5): warning MSB3277:             C:\Users\ultra\warewolf\Dev\Warewolf.Common.NetStandard20\bin\Debug\net8.0\Warewolf.Common.NetStandard20.dll [C:\Users\ultra\warewolf\Dev\Dev2.Runtime.WebServer.Tests\Dev2.Runtime.WebServer.Tests.csproj]
C:\Program Files\dotnet\sdk\10.0.201\Microsoft.Common.CurrentVersion.targets(2451,5): warning MSB3277:             C:\Users\ultra\warewolf\Dev\Warewolf.Core\bin\Debug\net8.0\Warewolf.Core.dll [C:\Users\ultra\warewolf\Dev\Dev2.Runtime.WebServer.Tests\Dev2.Runtime.WebServer.Tests.csproj]
C:\Program Files\dotnet\sdk\10.0.201\Microsoft.Common.CurrentVersion.targets(2451,5): warning MSB3277:             C:\Users\ultra\warewolf\Dev\Warewolf.Driver.Persistence\bin\Debug\net8.0\Warewolf.Driver.Persistence.dll [C:\Users\ultra\warewolf\Dev\Dev2.Runtime.WebServer.Tests\Dev2.Runtime.WebServer.Tests.csproj]
C:\Program Files\dotnet\sdk\10.0.201\Microsoft.Common.CurrentVersion.targets(2451,5): warning MSB3277:             C:\Users\ultra\warewolf\Dev\Warewolf.Exchange.Email.Wrapper\bin\Debug\net8.0\Warewolf.Exchange.Email.Wrapper.dll [C:\Users\ultra\warewolf\Dev\Dev2.Runtime.WebServer.Tests\Dev2.Runtime.WebServer.Tests.csproj]
C:\Program Files\dotnet\sdk\10.0.201\Microsoft.Common.CurrentVersion.targets(2451,5): warning MSB3277:             C:\Users\ultra\warewolf\Dev\Warewolf.ResourceManagement\bin\Debug\net8.0\Warewolf.ResourceManagement.dll [C:\Users\ultra\warewolf\Dev\Dev2.Runtime.WebServer.Tests\Dev2.Runtime.WebServer.Tests.csproj]
C:\Program Files\dotnet\sdk\10.0.201\Microsoft.Common.CurrentVersion.targets(2451,5): warning MSB3277:             C:\Users\ultra\warewolf\Dev\Warewolf.Studio.Core\bin\Debug\net8.0\Warewolf.Studio.Core.dll [C:\Users\ultra\warewolf\Dev\Dev2.Runtime.WebServer.Tests\Dev2.Runtime.WebServer.Tests.csproj]
C:\Program Files\dotnet\sdk\10.0.201\Microsoft.Common.CurrentVersion.targets(2451,5): warning MSB3277:             C:\Users\ultra\.nuget\packages\dotnetzip\1.16.0\lib\netstandard2.0\DotNetZip.dll [C:\Users\ultra\warewolf\Dev\Dev2.Runtime.WebServer.Tests\Dev2.Runtime.WebServer.Tests.csproj]
C:\Program Files\dotnet\sdk\10.0.201\Microsoft.Common.CurrentVersion.targets(2451,5): warning MSB3277:             C:\Users\ultra\warewolf\Dev\Dev2.Common\bin\Debug\net8.0\Dev2.Common.dll [C:\Users\ultra\warewolf\Dev\Dev2.Runtime.WebServer.Tests\Dev2.Runtime.WebServer.Tests.csproj]
C:\Program Files\dotnet\sdk\10.0.201\Microsoft.Common.CurrentVersion.targets(2451,5): warning MSB3277:             C:\Users\ultra\warewolf\Dev\Dev2.Infrastructure\bin\Debug\net8.0\Dev2.Infrastructure.dll [C:\Users\ultra\warewolf\Dev\Dev2.Runtime.WebServer.Tests\Dev2.Runtime.WebServer.Tests.csproj]
C:\Program Files\dotnet\sdk\10.0.201\Microsoft.Common.CurrentVersion.targets(2451,5): warning MSB3277:             C:\Users\ultra\warewolf\Dev\Dev2.Data.Interfaces\bin\Debug\net8.0\Dev2.Data.Interfaces.dll [C:\Users\ultra\warewolf\Dev\Dev2.Runtime.WebServer.Tests\Dev2.Runtime.WebServer.Tests.csproj]
C:\Program Files\dotnet\sdk\10.0.201\Microsoft.Common.CurrentVersion.targets(2451,5): warning MSB3277:             C:\Users\ultra\warewolf\Dev\Dev2.Development.Languages\bin\Debug\net8.0\Dev2.Development.Languages.dll [C:\Users\ultra\warewolf\Dev\Dev2.Runtime.WebServer.Tests\Dev2.Runtime.WebServer.Tests.csproj]
C:\Program Files\dotnet\sdk\10.0.201\Microsoft.Common.CurrentVersion.targets(2451,5): warning MSB3277:             C:\Users\ultra\warewolf\Dev\Dev2.Diagnostics\bin\Debug\net8.0\Dev2.Diagnostics.dll [C:\Users\ultra\warewolf\Dev\Dev2.Runtime.WebServer.Tests\Dev2.Runtime.WebServer.Tests.csproj]
C:\Program Files\dotnet\sdk\10.0.201\Microsoft.Common.CurrentVersion.targets(2451,5): warning MSB3277:             C:\Users\ultra\warewolf\Dev\Dev2.Services.Sql\bin\Debug\net8.0\Dev2.Services.Sql.dll [C:\Users\ultra\warewolf\Dev\Dev2.Runtime.WebServer.Tests\Dev2.Runtime.WebServer.Tests.csproj]
C:\Program Files\dotnet\sdk\10.0.201\Microsoft.Common.CurrentVersion.targets(2451,5): warning MSB3277:             C:\Users\ultra\warewolf\Dev\Dev2.TaskScheduler.Wrappers\bin\Debug\net8.0\Dev2.TaskScheduler.Wrappers.dll [C:\Users\ultra\warewolf\Dev\Dev2.Runtime.WebServer.Tests\Dev2.Runtime.WebServer.Tests.csproj]
C:\Program Files\dotnet\sdk\10.0.201\Microsoft.Common.CurrentVersion.targets(2451,5): warning MSB3277:             C:\Users\ultra\warewolf\Dev\Dev2.Util\bin\Debug\net8.0\Dev2.Util.dll [C:\Users\ultra\warewolf\Dev\Dev2.Runtime.WebServer.Tests\Dev2.Runtime.WebServer.Tests.csproj]
C:\Program Files\dotnet\sdk\10.0.201\Microsoft.Common.CurrentVersion.targets(2451,5): warning MSB3277:             C:\Users\ultra\warewolf\Dev\Warewolf.AI.Harness\bin\Debug\net8.0\Warewolf.AI.Harness.dll [C:\Users\ultra\warewolf\Dev\Dev2.Runtime.WebServer.Tests\Dev2.Runtime.WebServer.Tests.csproj]
C:\Program Files\dotnet\sdk\10.0.201\Microsoft.Common.CurrentVersion.targets(2451,5): warning MSB3277:             C:\Users\ultra\warewolf\Dev\Warewolf.Driver.Serilog\bin\Debug\net8.0\Warewolf.Driver.Serilog.dll [C:\Users\ultra\warewolf\Dev\Dev2.Runtime.WebServer.Tests\Dev2.Runtime.WebServer.Tests.csproj]
C:\Program Files\dotnet\sdk\10.0.201\Microsoft.Common.CurrentVersion.targets(2451,5): warning MSB3277:             C:\Users\ultra\warewolf\Dev\Warewolf.Sharepoint\bin\Debug\net8.0\Warewolf.Sharepoint.dll [C:\Users\ultra\warewolf\Dev\Dev2.Runtime.WebServer.Tests\Dev2.Runtime.WebServer.Tests.csproj]
C:\Program Files\dotnet\sdk\10.0.201\Microsoft.Common.CurrentVersion.targets(2451,5): warning MSB3277:             C:\Users\ultra\warewolf\Dev\Warewolf.Storage\bin\Debug\net8.0\Warewolf.Storage.dll [C:\Users\ultra\warewolf\Dev\Dev2.Runtime.WebServer.Tests\Dev2.Runtime.WebServer.Tests.csproj]
C:\Program Files\dotnet\sdk\10.0.201\Microsoft.Common.CurrentVersion.targets(2451,5): warning MSB3277:             C:\Users\ultra\.nuget\packages\mindbox.data.linq\5.0.0\lib\netstandard2.0\Mindbox.Data.Linq.dll [C:\Users\ultra\warewolf\Dev\Dev2.Runtime.WebServer.Tests\Dev2.Runtime.WebServer.Tests.csproj]
C:\Program Files\dotnet\sdk\10.0.201\Microsoft.Common.CurrentVersion.targets(2451,5): warning MSB3277:             C:\Users\ultra\.nuget\packages\mysql.data\8.4.0\lib\net8.0\MySql.Data.dll [C:\Users\ultra\warewolf\Dev\Dev2.Runtime.WebServer.Tests\Dev2.Runtime.WebServer.Tests.csproj]
C:\Program Files\dotnet\sdk\10.0.201\Microsoft.Common.CurrentVersion.targets(2451,5): warning MSB3277:             C:\Users\ultra\.nuget\packages\oracle.manageddataaccess.core\3.21.70\lib\netstandard2.1\Oracle.ManagedDataAccess.dll [C:\Users\ultra\warewolf\Dev\Dev2.Runtime.WebServer.Tests\Dev2.Runtime.WebServer.Tests.csproj]
C:\Program Files\dotnet\sdk\10.0.201\Microsoft.Common.CurrentVersion.targets(2451,5): warning MSB3277:             C:\Users\ultra\.nuget\packages\system.directoryservices\6.0.0\lib\net6.0\System.DirectoryServices.dll [C:\Users\ultra\warewolf\Dev\Dev2.Runtime.WebServer.Tests\Dev2.Runtime.WebServer.Tests.csproj]
C:\Program Files\dotnet\sdk\10.0.201\Microsoft.Common.CurrentVersion.targets(2451,5): warning MSB3277:             C:\Users\ultra\.nuget\packages\corewcf.primitives\1.2.1\lib\netstandard2.0\CoreWCF.Primitives.dll [C:\Users\ultra\warewolf\Dev\Dev2.Runtime.WebServer.Tests\Dev2.Runtime.WebServer.Tests.csproj]
C:\Program Files\dotnet\sdk\10.0.201\Microsoft.Common.CurrentVersion.targets(2451,5): warning MSB3277:             C:\Users\ultra\.nuget\packages\corewcf.http\1.2.1\lib\netstandard2.0\CoreWCF.Http.dll [C:\Users\ultra\warewolf\Dev\Dev2.Runtime.WebServer.Tests\Dev2.Runtime.WebServer.Tests.csproj]
C:\Program Files\dotnet\sdk\10.0.201\Microsoft.Common.CurrentVersion.targets(2451,5): warning MSB3277:             C:\Users\ultra\.nuget\packages\corewcf.nettcp\1.2.1\lib\netstandard2.0\CoreWCF.NetTcp.dll [C:\Users\ultra\warewolf\Dev\Dev2.Runtime.WebServer.Tests\Dev2.Runtime.WebServer.Tests.csproj]
C:\Program Files\dotnet\sdk\10.0.201\Microsoft.Common.CurrentVersion.targets(2451,5): warning MSB3277:             C:\Users\ultra\.nuget\packages\corewcf.webhttp\1.2.1\lib\netstandard2.0\CoreWCF.WebHttp.dll [C:\Users\ultra\warewolf\Dev\Dev2.Runtime.WebServer.Tests\Dev2.Runtime.WebServer.Tests.csproj]
C:\Program Files\dotnet\sdk\10.0.201\Microsoft.Common.CurrentVersion.targets(2451,5): warning MSB3277:             C:\Program Files\dotnet\packs\Microsoft.NETCore.App.Ref\8.0.25\ref/net8.0/System.Configuration.dll [C:\Users\ultra\warewolf\Dev\Dev2.Runtime.WebServer.Tests\Dev2.Runtime.WebServer.Tests.csproj]
C:\Program Files\dotnet\sdk\10.0.201\Microsoft.Common.CurrentVersion.targets(2451,5): warning MSB3277:             C:\Users\ultra\.nuget\packages\prism.wpf\9.0.537\lib\net462\Prism.Wpf.dll [C:\Users\ultra\warewolf\Dev\Dev2.Runtime.WebServer.Tests\Dev2.Runtime.WebServer.Tests.csproj]
C:\Program Files\dotnet\sdk\10.0.201\Microsoft.Common.CurrentVersion.targets(2451,5): warning MSB3277:             C:\Program Files\dotnet\packs\Microsoft.NETCore.App.Ref\8.0.25\ref/net8.0/System.Data.dll [C:\Users\ultra\warewolf\Dev\Dev2.Runtime.WebServer.Tests\Dev2.Runtime.WebServer.Tests.csproj]
C:\Program Files\dotnet\sdk\10.0.201\Microsoft.Common.CurrentVersion.targets(2451,5): warning MSB3277:             C:\Users\ultra\.nuget\packages\taskschedulereditor\2.10.1\lib\net452\Microsoft.Win32.TaskSchedulerEditor.dll [C:\Users\ultra\warewolf\Dev\Dev2.Runtime.WebServer.Tests\Dev2.Runtime.WebServer.Tests.csproj]
C:\Program Files\dotnet\sdk\10.0.201\Microsoft.Common.CurrentVersion.targets(2451,5): warning MSB3277:             C:\Program Files\dotnet\packs\Microsoft.NETCore.App.Ref\8.0.25\ref/net8.0/System.Drawing.dll [C:\Users\ultra\warewolf\Dev\Dev2.Runtime.WebServer.Tests\Dev2.Runtime.WebServer.Tests.csproj]
C:\Program Files\dotnet\sdk\10.0.201\Microsoft.Common.CurrentVersion.targets(2451,5): warning MSB3277:             C:\Users\ultra\.nuget\packages\aerowizard\2.3.1\lib\net45\AeroWizard.dll [C:\Users\ultra\warewolf\Dev\Dev2.Runtime.WebServer.Tests\Dev2.Runtime.WebServer.Tests.csproj]
C:\Program Files\dotnet\sdk\10.0.201\Microsoft.Common.CurrentVersion.targets(2451,5): warning MSB3277:             C:\Users\ultra\.nuget\packages\groupcontrols\1.9.0\lib\net45\GroupControls.dll [C:\Users\ultra\warewolf\Dev\Dev2.Runtime.WebServer.Tests\Dev2.Runtime.WebServer.Tests.csproj]
C:\Program Files\dotnet\sdk\10.0.201\Microsoft.Common.CurrentVersion.targets(2451,5): warning MSB3277:             C:\Program Files\dotnet\packs\Microsoft.NETCore.App.Ref\8.0.25\ref/net8.0/System.Net.dll [C:\Users\ultra\warewolf\Dev\Dev2.Runtime.WebServer.Tests\Dev2.Runtime.WebServer.Tests.csproj]
C:\Program Files\dotnet\sdk\10.0.201\Microsoft.Common.CurrentVersion.targets(2451,5): warning MSB3277:             C:\Program Files\dotnet\packs\Microsoft.NETCore.App.Ref\8.0.25\ref/net8.0/System.Security.dll [C:\Users\ultra\warewolf\Dev\Dev2.Runtime.WebServer.Tests\Dev2.Runtime.WebServer.Tests.csproj]
C:\Program Files\dotnet\sdk\10.0.201\Microsoft.Common.CurrentVersion.targets(2451,5): warning MSB3277:             C:\Program Files\dotnet\packs\Microsoft.NETCore.App.Ref\8.0.25\ref/net8.0/System.ServiceProcess.dll [C:\Users\ultra\warewolf\Dev\Dev2.Runtime.WebServer.Tests\Dev2.Runtime.WebServer.Tests.csproj]
C:\Program Files\dotnet\sdk\10.0.201\Microsoft.Common.CurrentVersion.targets(2451,5): warning MSB3277:             C:\Program Files\dotnet\packs\Microsoft.NETCore.App.Ref\8.0.25\ref/net8.0/System.Transactions.dll [C:\Users\ultra\warewolf\Dev\Dev2.Runtime.WebServer.Tests\Dev2.Runtime.WebServer.Tests.csproj]
C:\Program Files\dotnet\sdk\10.0.201\Microsoft.Common.CurrentVersion.targets(2451,5): warning MSB3277:             C:\Program Files\dotnet\packs\Microsoft.NETCore.App.Ref\8.0.25\ref/net8.0/System.dll [C:\Users\ultra\warewolf\Dev\Dev2.Runtime.WebServer.Tests\Dev2.Runtime.WebServer.Tests.csproj]
C:\Program Files\dotnet\sdk\10.0.201\Microsoft.Common.CurrentVersion.targets(2451,5): warning MSB3277:             C:\Users\ultra\.nuget\packages\microsoft.xaml.behaviors.wpf\1.1.122\lib\net462\Microsoft.Xaml.Behaviors.dll [C:\Users\ultra\warewolf\Dev\Dev2.Runtime.WebServer.Tests\Dev2.Runtime.WebServer.Tests.csproj]
C:\Program Files\dotnet\sdk\10.0.201\Microsoft.Common.CurrentVersion.targets(2451,5): warning MSB3277:             C:\Users\ultra\.nuget\packages\caliburn.micro\4.0.212\lib\netcoreapp3.1\Caliburn.Micro.Platform.dll [C:\Users\ultra\warewolf\Dev\Dev2.Runtime.WebServer.Tests\Dev2.Runtime.WebServer.Tests.csproj]
C:\Program Files\dotnet\sdk\10.0.201\Microsoft.Common.CurrentVersion.targets(2451,5): warning MSB3277:             C:\Users\ultra\.nuget\packages\reactiveui.wpf\18.4.1\lib\net462\ReactiveUI.Wpf.dll [C:\Users\ultra\warewolf\Dev\Dev2.Runtime.WebServer.Tests\Dev2.Runtime.WebServer.Tests.csproj]
C:\Program Files\dotnet\sdk\10.0.201\Microsoft.Common.CurrentVersion.targets(2451,5): warning MSB3277:             C:\Users\ultra\.nuget\packages\ttcue.netcore.sharepointonline.csom.16.1.8029.1200\16.1.8029.1200\lib\netcoreapp2.0\Microsoft.SharePoint.Client.Runtime.Windows.dll [C:\Users\ultra\warewolf\Dev\Dev2.Runtime.WebServer.Tests\Dev2.Runtime.WebServer.Tests.csproj]
C:\Program Files\dotnet\sdk\10.0.201\Microsoft.Common.CurrentVersion.targets(2451,5): warning MSB3277:             C:\Program Files\dotnet\packs\Microsoft.NETCore.App.Ref\8.0.25\ref/net8.0/WindowsBase.dll [C:\Users\ultra\warewolf\Dev\Dev2.Runtime.WebServer.Tests\Dev2.Runtime.WebServer.Tests.csproj]
C:\Program Files\dotnet\sdk\10.0.201\Microsoft.Common.CurrentVersion.targets(2451,5): warning MSB3277:             C:\Program Files\dotnet\packs\Microsoft.NETCore.App.Ref\8.0.25\ref/net8.0/mscorlib.dll [C:\Users\ultra\warewolf\Dev\Dev2.Runtime.WebServer.Tests\Dev2.Runtime.WebServer.Tests.csproj]
C:\Program Files\dotnet\sdk\10.0.201\Microsoft.Common.CurrentVersion.targets(2451,5): warning MSB3277:             C:\Users\ultra\.nuget\packages\hangfire.core\1.7.32\lib\netstandard2.0\Hangfire.Core.dll [C:\Users\ultra\warewolf\Dev\Dev2.Runtime.WebServer.Tests\Dev2.Runtime.WebServer.Tests.csproj]
C:\Program Files\dotnet\sdk\10.0.201\Microsoft.Common.CurrentVersion.targets(2451,5): warning MSB3277:             C:\Users\ultra\.nuget\packages\hangfire.sqlserver\1.7.32\lib\netstandard2.0\Hangfire.SqlServer.dll [C:\Users\ultra\warewolf\Dev\Dev2.Runtime.WebServer.Tests\Dev2.Runtime.WebServer.Tests.csproj]
C:\Program Files\dotnet\sdk\10.0.201\Microsoft.Common.CurrentVersion.targets(2451,5): warning MSB3277:             C:\Users\ultra\.nuget\packages\microsoft.codecoverage\17.13.0\lib\netcoreapp3.1\Microsoft.VisualStudio.CodeCoverage.Shim.dll [C:\Users\ultra\warewolf\Dev\Dev2.Runtime.WebServer.Tests\Dev2.Runtime.WebServer.Tests.csproj]
C:\Program Files\dotnet\sdk\10.0.201\Microsoft.Common.CurrentVersion.targets(2451,5): warning MSB3277:         C:\Program Files\dotnet\packs\Microsoft.NETCore.App.Ref\8.0.25\ref\net8.0\System.Drawing.dll [C:\Users\ultra\warewolf\Dev\Dev2.Runtime.WebServer.Tests\Dev2.Runtime.WebServer.Tests.csproj]
C:\Program Files\dotnet\sdk\10.0.201\Microsoft.Common.CurrentVersion.targets(2451,5): warning MSB3277:           Project file item includes which caused reference "C:\Program Files\dotnet\packs\Microsoft.NETCore.App.Ref\8.0.25\ref\net8.0\System.Drawing.dll". [C:\Users\ultra\warewolf\Dev\Dev2.Runtime.WebServer.Tests\Dev2.Runtime.WebServer.Tests.csproj]
C:\Program Files\dotnet\sdk\10.0.201\Microsoft.Common.CurrentVersion.targets(2451,5): warning MSB3277:             C:\Program Files\dotnet\packs\Microsoft.NETCore.App.Ref\8.0.25\ref/net8.0/System.Drawing.dll [C:\Users\ultra\warewolf\Dev\Dev2.Runtime.WebServer.Tests\Dev2.Runtime.WebServer.Tests.csproj]
C:\Program Files\dotnet\sdk\10.0.201\Microsoft.Common.CurrentVersion.targets(2451,5): warning MSB3277:             C:\Users\ultra\.nuget\packages\aerowizard\2.3.1\lib\net45\AeroWizard.dll [C:\Users\ultra\warewolf\Dev\Dev2.Runtime.WebServer.Tests\Dev2.Runtime.WebServer.Tests.csproj]
C:\Program Files\dotnet\sdk\10.0.201\Microsoft.Common.CurrentVersion.targets(2451,5): warning MSB3277:             C:\Users\ultra\.nuget\packages\groupcontrols\1.9.0\lib\net45\GroupControls.dll [C:\Users\ultra\warewolf\Dev\Dev2.Runtime.WebServer.Tests\Dev2.Runtime.WebServer.Tests.csproj]
C:\Program Files\dotnet\sdk\10.0.201\Microsoft.Common.CurrentVersion.targets(2451,5): warning MSB3277:             C:\Users\ultra\.nuget\packages\taskschedulereditor\2.10.1\lib\net452\Microsoft.Win32.TaskSchedulerEditor.dll [C:\Users\ultra\warewolf\Dev\Dev2.Runtime.WebServer.Tests\Dev2.Runtime.WebServer.Tests.csproj]
  Dev2.Runtime.WebServer.Tests -> C:\Users\ultra\warewolf\Dev\Dev2.Runtime.WebServer.Tests\bin\Debug\net8.0\linux-x64\Dev2.Runtime.WebServer.Tests.dll
  Dev2.Runtime.WebServer.Tests -> C:\Users\ultra\warewolf\Bin\ServerTests-Linux\Dev2.Runtime.WebServer.Tests\
Publishing Dev2.Scheduler.Tests for linux-x64...
  Determining projects to restore...
C:\Users\ultra\warewolf\Dev\Warewolf.Language.Parser\Warewolf.Language.Parser.fsproj : warning NU1504: Duplicate 'PackageReference' items found. Remove the duplicate items or use the Update functionality to ensure a consistent restore behavior. The duplicate 'PackageReference' items are: FSharp.Core 10.1.201, FSharp.Core 4.6.2.
C:\Users\ultra\warewolf\Dev\Dev2.Diagnostics\Dev2.Diagnostics.csproj : warning NU1701: Package 'AeroWizard 2.3.1' was restored using '.NETFramework,Version=v4.6.1, .NETFramework,Version=v4.6.2, .NETFramework,Version=v4.7, .NETFramework,Version=v4.7.1, .NETFramework,Version=v4.7.2, .NETFramework,Version=v4.8, .NETFramework,Version=v4.8.1' instead of the project target framework 'net8.0'. This package may not be fully compatible with your project. [C:\Users\ultra\warewolf\Dev\Dev2.Scheduler.Tests\Dev2.Scheduler.Tests.csproj]
C:\Users\ultra\warewolf\Dev\Dev2.Common.Interfaces\Dev2.Common.Interfaces.csproj : warning NU1903: Package 'Microsoft.Windows.Compatibility' 6.0.0 has a known high severity vulnerability, https://github.com/advisories/GHSA-555c-2p6r-68mm [C:\Users\ultra\warewolf\Dev\Dev2.Scheduler.Tests\Dev2.Scheduler.Tests.csproj]
C:\Users\ultra\warewolf\Dev\Dev2.Infrastructure\Dev2.Infrastructure.csproj : warning NU1903: Package 'Microsoft.Windows.Compatibility' 6.0.0 has a known high severity vulnerability, https://github.com/advisories/GHSA-555c-2p6r-68mm [C:\Users\ultra\warewolf\Dev\Dev2.Scheduler.Tests\Dev2.Scheduler.Tests.csproj]
C:\Users\ultra\warewolf\Dev\Warewolf.Data\Warewolf.Data.csproj : warning NU1701: Package 'AeroWizard 2.3.1' was restored using '.NETFramework,Version=v4.6.1, .NETFramework,Version=v4.6.2, .NETFramework,Version=v4.7, .NETFramework,Version=v4.7.1, .NETFramework,Version=v4.7.2, .NETFramework,Version=v4.8, .NETFramework,Version=v4.8.1' instead of the project target framework 'net8.0'. This package may not be fully compatible with your project. [C:\Users\ultra\warewolf\Dev\Dev2.Scheduler.Tests\Dev2.Scheduler.Tests.csproj]
C:\Users\ultra\warewolf\Dev\Warewolf.Core\Warewolf.Core.csproj : warning NU1903: Package 'Microsoft.Windows.Compatibility' 6.0.0 has a known high severity vulnerability, https://github.com/advisories/GHSA-555c-2p6r-68mm [C:\Users\ultra\warewolf\Dev\Dev2.Scheduler.Tests\Dev2.Scheduler.Tests.csproj]
C:\Users\ultra\warewolf\Dev\Dev2.Common\Dev2.Common.csproj : warning NU1903: Package 'Microsoft.Windows.Compatibility' 6.0.0 has a known high severity vulnerability, https://github.com/advisories/GHSA-555c-2p6r-68mm [C:\Users\ultra\warewolf\Dev\Dev2.Scheduler.Tests\Dev2.Scheduler.Tests.csproj]
C:\Users\ultra\warewolf\Dev\Warewolf.Storage\Warewolf.Storage.csproj : warning NU1701: Package 'AeroWizard 2.3.1' was restored using '.NETFramework,Version=v4.6.1, .NETFramework,Version=v4.6.2, .NETFramework,Version=v4.7, .NETFramework,Version=v4.7.1, .NETFramework,Version=v4.7.2, .NETFramework,Version=v4.8, .NETFramework,Version=v4.8.1' instead of the project target framework 'net8.0'. This package may not be fully compatible with your project. [C:\Users\ultra\warewolf\Dev\Dev2.Scheduler.Tests\Dev2.Scheduler.Tests.csproj]
C:\Users\ultra\warewolf\Dev\Dev2.Core\Dev2.Core.csproj : warning NU1903: Package 'Microsoft.Windows.Compatibility' 6.0.0 has a known high severity vulnerability, https://github.com/advisories/GHSA-555c-2p6r-68mm [C:\Users\ultra\warewolf\Dev\Dev2.Scheduler.Tests\Dev2.Scheduler.Tests.csproj]
C:\Users\ultra\warewolf\Dev\Dev2.Common.Interfaces\Dev2.Common.Interfaces.csproj : warning NU1701: Package 'AeroWizard 2.3.1' was restored using '.NETFramework,Version=v4.6.1, .NETFramework,Version=v4.6.2, .NETFramework,Version=v4.7, .NETFramework,Version=v4.7.1, .NETFramework,Version=v4.7.2, .NETFramework,Version=v4.8, .NETFramework,Version=v4.8.1' instead of the project target framework 'net8.0'. This package may not be fully compatible with your project. [C:\Users\ultra\warewolf\Dev\Dev2.Scheduler.Tests\Dev2.Scheduler.Tests.csproj]
C:\Users\ultra\warewolf\Dev\Warewolf.Storage\Warewolf.Storage.csproj : warning NU1701: Package 'GroupControls 1.9.0' was restored using '.NETFramework,Version=v4.6.1, .NETFramework,Version=v4.6.2, .NETFramework,Version=v4.7, .NETFramework,Version=v4.7.1, .NETFramework,Version=v4.7.2, .NETFramework,Version=v4.8, .NETFramework,Version=v4.8.1' instead of the project target framework 'net8.0'. This package may not be fully compatible with your project. [C:\Users\ultra\warewolf\Dev\Dev2.Scheduler.Tests\Dev2.Scheduler.Tests.csproj]
C:\Users\ultra\warewolf\Dev\Dev2.Infrastructure\Dev2.Infrastructure.csproj : warning NU1701: Package 'AeroWizard 2.3.1' was restored using '.NETFramework,Version=v4.6.1, .NETFramework,Version=v4.6.2, .NETFramework,Version=v4.7, .NETFramework,Version=v4.7.1, .NETFramework,Version=v4.7.2, .NETFramework,Version=v4.8, .NETFramework,Version=v4.8.1' instead of the project target framework 'net8.0'. This package may not be fully compatible with your project. [C:\Users\ultra\warewolf\Dev\Dev2.Scheduler.Tests\Dev2.Scheduler.Tests.csproj]
C:\Users\ultra\warewolf\Dev\Warewolf.Core\Warewolf.Core.csproj : warning NU1701: Package 'AeroWizard 2.3.1' was restored using '.NETFramework,Version=v4.6.1, .NETFramework,Version=v4.6.2, .NETFramework,Version=v4.7, .NETFramework,Version=v4.7.1, .NETFramework,Version=v4.7.2, .NETFramework,Version=v4.8, .NETFramework,Version=v4.8.1' instead of the project target framework 'net8.0'. This package may not be fully compatible with your project. [C:\Users\ultra\warewolf\Dev\Dev2.Scheduler.Tests\Dev2.Scheduler.Tests.csproj]
C:\Users\ultra\warewolf\Dev\Dev2.Diagnostics\Dev2.Diagnostics.csproj : warning NU1701: Package 'GroupControls 1.9.0' was restored using '.NETFramework,Version=v4.6.1, .NETFramework,Version=v4.6.2, .NETFramework,Version=v4.7, .NETFramework,Version=v4.7.1, .NETFramework,Version=v4.7.2, .NETFramework,Version=v4.8, .NETFramework,Version=v4.8.1' instead of the project target framework 'net8.0'. This package may not be fully compatible with your project. [C:\Users\ultra\warewolf\Dev\Dev2.Scheduler.Tests\Dev2.Scheduler.Tests.csproj]
C:\Users\ultra\warewolf\Dev\Dev2.Common\Dev2.Common.csproj : warning NU1701: Package 'AeroWizard 2.3.1' was restored using '.NETFramework,Version=v4.6.1, .NETFramework,Version=v4.6.2, .NETFramework,Version=v4.7, .NETFramework,Version=v4.7.1, .NETFramework,Version=v4.7.2, .NETFramework,Version=v4.8, .NETFramework,Version=v4.8.1' instead of the project target framework 'net8.0'. This package may not be fully compatible with your project. [C:\Users\ultra\warewolf\Dev\Dev2.Scheduler.Tests\Dev2.Scheduler.Tests.csproj]
C:\Users\ultra\warewolf\Dev\Dev2.Infrastructure\Dev2.Infrastructure.csproj : warning NU1701: Package 'GroupControls 1.9.0' was restored using '.NETFramework,Version=v4.6.1, .NETFramework,Version=v4.6.2, .NETFramework,Version=v4.7, .NETFramework,Version=v4.7.1, .NETFramework,Version=v4.7.2, .NETFramework,Version=v4.8, .NETFramework,Version=v4.8.1' instead of the project target framework 'net8.0'. This package may not be fully compatible with your project. [C:\Users\ultra\warewolf\Dev\Dev2.Scheduler.Tests\Dev2.Scheduler.Tests.csproj]
C:\Users\ultra\warewolf\Dev\Warewolf.AI.Harness\Warewolf.AI.Harness.csproj : warning NU1701: Package 'AeroWizard 2.3.1' was restored using '.NETFramework,Version=v4.6.1, .NETFramework,Version=v4.6.2, .NETFramework,Version=v4.7, .NETFramework,Version=v4.7.1, .NETFramework,Version=v4.7.2, .NETFramework,Version=v4.8, .NETFramework,Version=v4.8.1' instead of the project target framework 'net8.0'. This package may not be fully compatible with your project. [C:\Users\ultra\warewolf\Dev\Dev2.Scheduler.Tests\Dev2.Scheduler.Tests.csproj]
C:\Users\ultra\warewolf\Dev\Dev2.Common.Interfaces\Dev2.Common.Interfaces.csproj : warning NU1701: Package 'GroupControls 1.9.0' was restored using '.NETFramework,Version=v4.6.1, .NETFramework,Version=v4.6.2, .NETFramework,Version=v4.7, .NETFramework,Version=v4.7.1, .NETFramework,Version=v4.7.2, .NETFramework,Version=v4.8, .NETFramework,Version=v4.8.1' instead of the project target framework 'net8.0'. This package may not be fully compatible with your project. [C:\Users\ultra\warewolf\Dev\Dev2.Scheduler.Tests\Dev2.Scheduler.Tests.csproj]
C:\Users\ultra\warewolf\Dev\Dev2.Common\Dev2.Common.csproj : warning NU1701: Package 'GroupControls 1.9.0' was restored using '.NETFramework,Version=v4.6.1, .NETFramework,Version=v4.6.2, .NETFramework,Version=v4.7, .NETFramework,Version=v4.7.1, .NETFramework,Version=v4.7.2, .NETFramework,Version=v4.8, .NETFramework,Version=v4.8.1' instead of the project target framework 'net8.0'. This package may not be fully compatible with your project. [C:\Users\ultra\warewolf\Dev\Dev2.Scheduler.Tests\Dev2.Scheduler.Tests.csproj]
C:\Users\ultra\warewolf\Dev\Warewolf.Data\Warewolf.Data.csproj : warning NU1701: Package 'GroupControls 1.9.0' was restored using '.NETFramework,Version=v4.6.1, .NETFramework,Version=v4.6.2, .NETFramework,Version=v4.7, .NETFramework,Version=v4.7.1, .NETFramework,Version=v4.7.2, .NETFramework,Version=v4.8, .NETFramework,Version=v4.8.1' instead of the project target framework 'net8.0'. This package may not be fully compatible with your project. [C:\Users\ultra\warewolf\Dev\Dev2.Scheduler.Tests\Dev2.Scheduler.Tests.csproj]
C:\Users\ultra\warewolf\Dev\Warewolf.Core\Warewolf.Core.csproj : warning NU1701: Package 'GroupControls 1.9.0' was restored using '.NETFramework,Version=v4.6.1, .NETFramework,Version=v4.6.2, .NETFramework,Version=v4.7, .NETFramework,Version=v4.7.1, .NETFramework,Version=v4.7.2, .NETFramework,Version=v4.8, .NETFramework,Version=v4.8.1' instead of the project target framework 'net8.0'. This package may not be fully compatible with your project. [C:\Users\ultra\warewolf\Dev\Dev2.Scheduler.Tests\Dev2.Scheduler.Tests.csproj]
C:\Users\ultra\warewolf\Dev\Dev2.Diagnostics\Dev2.Diagnostics.csproj : warning NU1701: Package 'TaskSchedulerEditor 2.10.1' was restored using '.NETFramework,Version=v4.6.1, .NETFramework,Version=v4.6.2, .NETFramework,Version=v4.7, .NETFramework,Version=v4.7.1, .NETFramework,Version=v4.7.2, .NETFramework,Version=v4.8, .NETFramework,Version=v4.8.1' instead of the project target framework 'net8.0'. This package may not be fully compatible with your project. [C:\Users\ultra\warewolf\Dev\Dev2.Scheduler.Tests\Dev2.Scheduler.Tests.csproj]
C:\Users\ultra\warewolf\Dev\Dev2.Common.Interfaces\Dev2.Common.Interfaces.csproj : warning NU1701: Package 'TaskSchedulerEditor 2.10.1' was restored using '.NETFramework,Version=v4.6.1, .NETFramework,Version=v4.6.2, .NETFramework,Version=v4.7, .NETFramework,Version=v4.7.1, .NETFramework,Version=v4.7.2, .NETFramework,Version=v4.8, .NETFramework,Version=v4.8.1' instead of the project target framework 'net8.0'. This package may not be fully compatible with your project. [C:\Users\ultra\warewolf\Dev\Dev2.Scheduler.Tests\Dev2.Scheduler.Tests.csproj]
C:\Users\ultra\warewolf\Dev\Warewolf.Core\Warewolf.Core.csproj : warning NU1701: Package 'ReactiveUI.WPF 18.4.1' was restored using '.NETFramework,Version=v4.6.1, .NETFramework,Version=v4.6.2, .NETFramework,Version=v4.7, .NETFramework,Version=v4.7.1, .NETFramework,Version=v4.7.2, .NETFramework,Version=v4.8, .NETFramework,Version=v4.8.1' instead of the project target framework 'net8.0'. This package may not be fully compatible with your project. [C:\Users\ultra\warewolf\Dev\Dev2.Scheduler.Tests\Dev2.Scheduler.Tests.csproj]
C:\Users\ultra\warewolf\Dev\Dev2.Core\Dev2.Core.csproj : warning NU1701: Package 'AeroWizard 2.3.1' was restored using '.NETFramework,Version=v4.6.1, .NETFramework,Version=v4.6.2, .NETFramework,Version=v4.7, .NETFramework,Version=v4.7.1, .NETFramework,Version=v4.7.2, .NETFramework,Version=v4.8, .NETFramework,Version=v4.8.1' instead of the project target framework 'net8.0'. This package may not be fully compatible with your project. [C:\Users\ultra\warewolf\Dev\Dev2.Scheduler.Tests\Dev2.Scheduler.Tests.csproj]
C:\Users\ultra\warewolf\Dev\Warewolf.Data\Warewolf.Data.csproj : warning NU1701: Package 'TaskSchedulerEditor 2.10.1' was restored using '.NETFramework,Version=v4.6.1, .NETFramework,Version=v4.6.2, .NETFramework,Version=v4.7, .NETFramework,Version=v4.7.1, .NETFramework,Version=v4.7.2, .NETFramework,Version=v4.8, .NETFramework,Version=v4.8.1' instead of the project target framework 'net8.0'. This package may not be fully compatible with your project. [C:\Users\ultra\warewolf\Dev\Dev2.Scheduler.Tests\Dev2.Scheduler.Tests.csproj]
C:\Users\ultra\warewolf\Dev\Warewolf.AI.Harness\Warewolf.AI.Harness.csproj : warning NU1701: Package 'GroupControls 1.9.0' was restored using '.NETFramework,Version=v4.6.1, .NETFramework,Version=v4.6.2, .NETFramework,Version=v4.7, .NETFramework,Version=v4.7.1, .NETFramework,Version=v4.7.2, .NETFramework,Version=v4.8, .NETFramework,Version=v4.8.1' instead of the project target framework 'net8.0'. This package may not be fully compatible with your project. [C:\Users\ultra\warewolf\Dev\Dev2.Scheduler.Tests\Dev2.Scheduler.Tests.csproj]
C:\Users\ultra\warewolf\Dev\Warewolf.Core\Warewolf.Core.csproj : warning NU1701: Package 'TaskSchedulerEditor 2.10.1' was restored using '.NETFramework,Version=v4.6.1, .NETFramework,Version=v4.6.2, .NETFramework,Version=v4.7, .NETFramework,Version=v4.7.1, .NETFramework,Version=v4.7.2, .NETFramework,Version=v4.8, .NETFramework,Version=v4.8.1' instead of the project target framework 'net8.0'. This package may not be fully compatible with your project. [C:\Users\ultra\warewolf\Dev\Dev2.Scheduler.Tests\Dev2.Scheduler.Tests.csproj]
C:\Users\ultra\warewolf\Dev\Dev2.Common\Dev2.Common.csproj : warning NU1701: Package 'TaskSchedulerEditor 2.10.1' was restored using '.NETFramework,Version=v4.6.1, .NETFramework,Version=v4.6.2, .NETFramework,Version=v4.7, .NETFramework,Version=v4.7.1, .NETFramework,Version=v4.7.2, .NETFramework,Version=v4.8, .NETFramework,Version=v4.8.1' instead of the project target framework 'net8.0'. This package may not be fully compatible with your project. [C:\Users\ultra\warewolf\Dev\Dev2.Scheduler.Tests\Dev2.Scheduler.Tests.csproj]
C:\Users\ultra\warewolf\Dev\Dev2.Core\Dev2.Core.csproj : warning NU1701: Package 'GroupControls 1.9.0' was restored using '.NETFramework,Version=v4.6.1, .NETFramework,Version=v4.6.2, .NETFramework,Version=v4.7, .NETFramework,Version=v4.7.1, .NETFramework,Version=v4.7.2, .NETFramework,Version=v4.8, .NETFramework,Version=v4.8.1' instead of the project target framework 'net8.0'. This package may not be fully compatible with your project. [C:\Users\ultra\warewolf\Dev\Dev2.Scheduler.Tests\Dev2.Scheduler.Tests.csproj]
C:\Users\ultra\warewolf\Dev\Warewolf.AI.Harness\Warewolf.AI.Harness.csproj : warning NU1701: Package 'TaskSchedulerEditor 2.10.1' was restored using '.NETFramework,Version=v4.6.1, .NETFramework,Version=v4.6.2, .NETFramework,Version=v4.7, .NETFramework,Version=v4.7.1, .NETFramework,Version=v4.7.2, .NETFramework,Version=v4.8, .NETFramework,Version=v4.8.1' instead of the project target framework 'net8.0'. This package may not be fully compatible with your project. [C:\Users\ultra\warewolf\Dev\Dev2.Scheduler.Tests\Dev2.Scheduler.Tests.csproj]
C:\Users\ultra\warewolf\Dev\Dev2.Core\Dev2.Core.csproj : warning NU1701: Package 'ReactiveUI.WPF 18.4.1' was restored using '.NETFramework,Version=v4.6.1, .NETFramework,Version=v4.6.2, .NETFramework,Version=v4.7, .NETFramework,Version=v4.7.1, .NETFramework,Version=v4.7.2, .NETFramework,Version=v4.8, .NETFramework,Version=v4.8.1' instead of the project target framework 'net8.0'. This package may not be fully compatible with your project. [C:\Users\ultra\warewolf\Dev\Dev2.Scheduler.Tests\Dev2.Scheduler.Tests.csproj]
C:\Users\ultra\warewolf\Dev\Dev2.Core\Dev2.Core.csproj : warning NU1701: Package 'TaskSchedulerEditor 2.10.1' was restored using '.NETFramework,Version=v4.6.1, .NETFramework,Version=v4.6.2, .NETFramework,Version=v4.7, .NETFramework,Version=v4.7.1, .NETFramework,Version=v4.7.2, .NETFramework,Version=v4.8, .NETFramework,Version=v4.8.1' instead of the project target framework 'net8.0'. This package may not be fully compatible with your project. [C:\Users\ultra\warewolf\Dev\Dev2.Scheduler.Tests\Dev2.Scheduler.Tests.csproj]
C:\Users\ultra\warewolf\Dev\Dev2.Data\Dev2.Data.csproj : warning NU1701: Package 'AeroWizard 2.3.1' was restored using '.NETFramework,Version=v4.6.1, .NETFramework,Version=v4.6.2, .NETFramework,Version=v4.7, .NETFramework,Version=v4.7.1, .NETFramework,Version=v4.7.2, .NETFramework,Version=v4.8, .NETFramework,Version=v4.8.1' instead of the project target framework 'net8.0'. This package may not be fully compatible with your project. [C:\Users\ultra\warewolf\Dev\Dev2.Scheduler.Tests\Dev2.Scheduler.Tests.csproj]
C:\Users\ultra\warewolf\Dev\Dev2.Data\Dev2.Data.csproj : warning NU1701: Package 'GroupControls 1.9.0' was restored using '.NETFramework,Version=v4.6.1, .NETFramework,Version=v4.6.2, .NETFramework,Version=v4.7, .NETFramework,Version=v4.7.1, .NETFramework,Version=v4.7.2, .NETFramework,Version=v4.8, .NETFramework,Version=v4.8.1' instead of the project target framework 'net8.0'. This package may not be fully compatible with your project. [C:\Users\ultra\warewolf\Dev\Dev2.Scheduler.Tests\Dev2.Scheduler.Tests.csproj]
C:\Users\ultra\warewolf\Dev\Dev2.Data\Dev2.Data.csproj : warning NU1701: Package 'ReactiveUI.WPF 18.4.1' was restored using '.NETFramework,Version=v4.6.1, .NETFramework,Version=v4.6.2, .NETFramework,Version=v4.7, .NETFramework,Version=v4.7.1, .NETFramework,Version=v4.7.2, .NETFramework,Version=v4.8, .NETFramework,Version=v4.8.1' instead of the project target framework 'net8.0'. This package may not be fully compatible with your project. [C:\Users\ultra\warewolf\Dev\Dev2.Scheduler.Tests\Dev2.Scheduler.Tests.csproj]
C:\Users\ultra\warewolf\Dev\Dev2.Data\Dev2.Data.csproj : warning NU1701: Package 'TaskSchedulerEditor 2.10.1' was restored using '.NETFramework,Version=v4.6.1, .NETFramework,Version=v4.6.2, .NETFramework,Version=v4.7, .NETFramework,Version=v4.7.1, .NETFramework,Version=v4.7.2, .NETFramework,Version=v4.8, .NETFramework,Version=v4.8.1' instead of the project target framework 'net8.0'. This package may not be fully compatible with your project. [C:\Users\ultra\warewolf\Dev\Dev2.Scheduler.Tests\Dev2.Scheduler.Tests.csproj]
C:\Users\ultra\warewolf\Dev\Warewolf.Licensing\Warewolf.Licensing.csproj : warning NU1701: Package 'AeroWizard 2.3.1' was restored using '.NETFramework,Version=v4.6.1, .NETFramework,Version=v4.6.2, .NETFramework,Version=v4.7, .NETFramework,Version=v4.7.1, .NETFramework,Version=v4.7.2, .NETFramework,Version=v4.8, .NETFramework,Version=v4.8.1' instead of the project target framework 'net8.0'. This package may not be fully compatible with your project. [C:\Users\ultra\warewolf\Dev\Dev2.Scheduler.Tests\Dev2.Scheduler.Tests.csproj]
C:\Users\ultra\warewolf\Dev\Warewolf.Auditing\Warewolf.Auditing.csproj : warning NU1701: Package 'AeroWizard 2.3.1' was restored using '.NETFramework,Version=v4.6.1, .NETFramework,Version=v4.6.2, .NETFramework,Version=v4.7, .NETFramework,Version=v4.7.1, .NETFramework,Version=v4.7.2, .NETFramework,Version=v4.8, .NETFramework,Version=v4.8.1' instead of the project target framework 'net8.0'. This package may not be fully compatible with your project. [C:\Users\ultra\warewolf\Dev\Dev2.Scheduler.Tests\Dev2.Scheduler.Tests.csproj]
C:\Users\ultra\warewolf\Dev\Warewolf.Licensing\Warewolf.Licensing.csproj : warning NU1701: Package 'GroupControls 1.9.0' was restored using '.NETFramework,Version=v4.6.1, .NETFramework,Version=v4.6.2, .NETFramework,Version=v4.7, .NETFramework,Version=v4.7.1, .NETFramework,Version=v4.7.2, .NETFramework,Version=v4.8, .NETFramework,Version=v4.8.1' instead of the project target framework 'net8.0'. This package may not be fully compatible with your project. [C:\Users\ultra\warewolf\Dev\Dev2.Scheduler.Tests\Dev2.Scheduler.Tests.csproj]
C:\Users\ultra\warewolf\Dev\Warewolf.Auditing\Warewolf.Auditing.csproj : warning NU1701: Package 'GroupControls 1.9.0' was restored using '.NETFramework,Version=v4.6.1, .NETFramework,Version=v4.6.2, .NETFramework,Version=v4.7, .NETFramework,Version=v4.7.1, .NETFramework,Version=v4.7.2, .NETFramework,Version=v4.8, .NETFramework,Version=v4.8.1' instead of the project target framework 'net8.0'. This package may not be fully compatible with your project. [C:\Users\ultra\warewolf\Dev\Dev2.Scheduler.Tests\Dev2.Scheduler.Tests.csproj]
C:\Users\ultra\warewolf\Dev\Warewolf.Licensing\Warewolf.Licensing.csproj : warning NU1701: Package 'TaskSchedulerEditor 2.10.1' was restored using '.NETFramework,Version=v4.6.1, .NETFramework,Version=v4.6.2, .NETFramework,Version=v4.7, .NETFramework,Version=v4.7.1, .NETFramework,Version=v4.7.2, .NETFramework,Version=v4.8, .NETFramework,Version=v4.8.1' instead of the project target framework 'net8.0'. This package may not be fully compatible with your project. [C:\Users\ultra\warewolf\Dev\Dev2.Scheduler.Tests\Dev2.Scheduler.Tests.csproj]
C:\Users\ultra\warewolf\Dev\Warewolf.Auditing\Warewolf.Auditing.csproj : warning NU1701: Package 'ReactiveUI.WPF 18.4.1' was restored using '.NETFramework,Version=v4.6.1, .NETFramework,Version=v4.6.2, .NETFramework,Version=v4.7, .NETFramework,Version=v4.7.1, .NETFramework,Version=v4.7.2, .NETFramework,Version=v4.8, .NETFramework,Version=v4.8.1' instead of the project target framework 'net8.0'. This package may not be fully compatible with your project. [C:\Users\ultra\warewolf\Dev\Dev2.Scheduler.Tests\Dev2.Scheduler.Tests.csproj]
C:\Users\ultra\warewolf\Dev\Dev2.Infrastructure\Dev2.Infrastructure.csproj : warning NU1701: Package 'ReactiveUI.WPF 18.4.1' was restored using '.NETFramework,Version=v4.6.1, .NETFramework,Version=v4.6.2, .NETFramework,Version=v4.7, .NETFramework,Version=v4.7.1, .NETFramework,Version=v4.7.2, .NETFramework,Version=v4.8, .NETFramework,Version=v4.8.1' instead of the project target framework 'net8.0'. This package may not be fully compatible with your project. [C:\Users\ultra\warewolf\Dev\Dev2.Scheduler.Tests\Dev2.Scheduler.Tests.csproj]
C:\Users\ultra\warewolf\Dev\Warewolf.Auditing\Warewolf.Auditing.csproj : warning NU1701: Package 'TaskSchedulerEditor 2.10.1' was restored using '.NETFramework,Version=v4.6.1, .NETFramework,Version=v4.6.2, .NETFramework,Version=v4.7, .NETFramework,Version=v4.7.1, .NETFramework,Version=v4.7.2, .NETFramework,Version=v4.8, .NETFramework,Version=v4.8.1' instead of the project target framework 'net8.0'. This package may not be fully compatible with your project. [C:\Users\ultra\warewolf\Dev\Dev2.Scheduler.Tests\Dev2.Scheduler.Tests.csproj]
C:\Users\ultra\warewolf\Dev\Dev2.Infrastructure\Dev2.Infrastructure.csproj : warning NU1701: Package 'TaskSchedulerEditor 2.10.1' was restored using '.NETFramework,Version=v4.6.1, .NETFramework,Version=v4.6.2, .NETFramework,Version=v4.7, .NETFramework,Version=v4.7.1, .NETFramework,Version=v4.7.2, .NETFramework,Version=v4.8, .NETFramework,Version=v4.8.1' instead of the project target framework 'net8.0'. This package may not be fully compatible with your project. [C:\Users\ultra\warewolf\Dev\Dev2.Scheduler.Tests\Dev2.Scheduler.Tests.csproj]
C:\Users\ultra\warewolf\Dev\Warewolf.Storage\Warewolf.Storage.csproj : warning NU1701: Package 'ReactiveUI.WPF 18.4.1' was restored using '.NETFramework,Version=v4.6.1, .NETFramework,Version=v4.6.2, .NETFramework,Version=v4.7, .NETFramework,Version=v4.7.1, .NETFramework,Version=v4.7.2, .NETFramework,Version=v4.8, .NETFramework,Version=v4.8.1' instead of the project target framework 'net8.0'. This package may not be fully compatible with your project. [C:\Users\ultra\warewolf\Dev\Dev2.Scheduler.Tests\Dev2.Scheduler.Tests.csproj]
C:\Users\ultra\warewolf\Dev\Warewolf.Storage\Warewolf.Storage.csproj : warning NU1701: Package 'TaskSchedulerEditor 2.10.1' was restored using '.NETFramework,Version=v4.6.1, .NETFramework,Version=v4.6.2, .NETFramework,Version=v4.7, .NETFramework,Version=v4.7.1, .NETFramework,Version=v4.7.2, .NETFramework,Version=v4.8, .NETFramework,Version=v4.8.1' instead of the project target framework 'net8.0'. This package may not be fully compatible with your project. [C:\Users\ultra\warewolf\Dev\Dev2.Scheduler.Tests\Dev2.Scheduler.Tests.csproj]
C:\Users\ultra\warewolf\Dev\Warewolf.Security\Warewolf.Security.csproj : warning NU1904: Package 'System.Drawing.Common' 4.5.1 has a known critical severity vulnerability, https://github.com/advisories/GHSA-rxg9-xrhp-64gj [C:\Users\ultra\warewolf\Dev\Dev2.Scheduler.Tests\Dev2.Scheduler.Tests.csproj]
C:\Users\ultra\warewolf\Dev\Dev2.Data.Interfaces\Dev2.Data.Interfaces.csproj : warning NU1903: Package 'DotNetZip' 1.16.0 has a known high severity vulnerability, https://github.com/advisories/GHSA-xhg6-9j5j-w4vf [C:\Users\ultra\warewolf\Dev\Dev2.Scheduler.Tests\Dev2.Scheduler.Tests.csproj]
C:\Users\ultra\warewolf\Dev\Dev2.Util\Dev2.Util.csproj : warning NU1903: Package 'Microsoft.Windows.Compatibility' 6.0.0 has a known high severity vulnerability, https://github.com/advisories/GHSA-555c-2p6r-68mm [C:\Users\ultra\warewolf\Dev\Dev2.Scheduler.Tests\Dev2.Scheduler.Tests.csproj]
C:\Users\ultra\warewolf\Dev\Dev2.Data.Interfaces\Dev2.Data.Interfaces.csproj : warning NU1701: Package 'AeroWizard 2.3.1' was restored using '.NETFramework,Version=v4.6.1, .NETFramework,Version=v4.6.2, .NETFramework,Version=v4.7, .NETFramework,Version=v4.7.1, .NETFramework,Version=v4.7.2, .NETFramework,Version=v4.8, .NETFramework,Version=v4.8.1' instead of the project target framework 'net8.0'. This package may not be fully compatible with your project. [C:\Users\ultra\warewolf\Dev\Dev2.Scheduler.Tests\Dev2.Scheduler.Tests.csproj]
C:\Users\ultra\warewolf\Dev\Dev2.Util\Dev2.Util.csproj : warning NU1701: Package 'AeroWizard 2.3.1' was restored using '.NETFramework,Version=v4.6.1, .NETFramework,Version=v4.6.2, .NETFramework,Version=v4.7, .NETFramework,Version=v4.7.1, .NETFramework,Version=v4.7.2, .NETFramework,Version=v4.8, .NETFramework,Version=v4.8.1' instead of the project target framework 'net8.0'. This package may not be fully compatible with your project. [C:\Users\ultra\warewolf\Dev\Dev2.Scheduler.Tests\Dev2.Scheduler.Tests.csproj]
C:\Users\ultra\warewolf\Dev\Dev2.CustomControls\Dev2.CustomControls.csproj : warning NU1903: Package 'Microsoft.Windows.Compatibility' 6.0.0 has a known high severity vulnerability, https://github.com/advisories/GHSA-555c-2p6r-68mm [C:\Users\ultra\warewolf\Dev\Dev2.Scheduler.Tests\Dev2.Scheduler.Tests.csproj]
C:\Users\ultra\warewolf\Dev\Dev2.Data.Interfaces\Dev2.Data.Interfaces.csproj : warning NU1701: Package 'GroupControls 1.9.0' was restored using '.NETFramework,Version=v4.6.1, .NETFramework,Version=v4.6.2, .NETFramework,Version=v4.7, .NETFramework,Version=v4.7.1, .NETFramework,Version=v4.7.2, .NETFramework,Version=v4.8, .NETFramework,Version=v4.8.1' instead of the project target framework 'net8.0'. This package may not be fully compatible with your project. [C:\Users\ultra\warewolf\Dev\Dev2.Scheduler.Tests\Dev2.Scheduler.Tests.csproj]
C:\Users\ultra\warewolf\Dev\Dev2.Util\Dev2.Util.csproj : warning NU1701: Package 'GroupControls 1.9.0' was restored using '.NETFramework,Version=v4.6.1, .NETFramework,Version=v4.6.2, .NETFramework,Version=v4.7, .NETFramework,Version=v4.7.1, .NETFramework,Version=v4.7.2, .NETFramework,Version=v4.8, .NETFramework,Version=v4.8.1' instead of the project target framework 'net8.0'. This package may not be fully compatible with your project. [C:\Users\ultra\warewolf\Dev\Dev2.Scheduler.Tests\Dev2.Scheduler.Tests.csproj]
C:\Users\ultra\warewolf\Dev\Dev2.CustomControls\Dev2.CustomControls.csproj : warning NU1701: Package 'AeroWizard 2.3.1' was restored using '.NETFramework,Version=v4.6.1, .NETFramework,Version=v4.6.2, .NETFramework,Version=v4.7, .NETFramework,Version=v4.7.1, .NETFramework,Version=v4.7.2, .NETFramework,Version=v4.8, .NETFramework,Version=v4.8.1' instead of the project target framework 'net8.0'. This package may not be fully compatible with your project. [C:\Users\ultra\warewolf\Dev\Dev2.Scheduler.Tests\Dev2.Scheduler.Tests.csproj]
C:\Users\ultra\warewolf\Dev\Dev2.Data.Interfaces\Dev2.Data.Interfaces.csproj : warning NU1701: Package 'TaskSchedulerEditor 2.10.1' was restored using '.NETFramework,Version=v4.6.1, .NETFramework,Version=v4.6.2, .NETFramework,Version=v4.7, .NETFramework,Version=v4.7.1, .NETFramework,Version=v4.7.2, .NETFramework,Version=v4.8, .NETFramework,Version=v4.8.1' instead of the project target framework 'net8.0'. This package may not be fully compatible with your project. [C:\Users\ultra\warewolf\Dev\Dev2.Scheduler.Tests\Dev2.Scheduler.Tests.csproj]
C:\Users\ultra\warewolf\Dev\Dev2.Util\Dev2.Util.csproj : warning NU1701: Package 'TaskSchedulerEditor 2.10.1' was restored using '.NETFramework,Version=v4.6.1, .NETFramework,Version=v4.6.2, .NETFramework,Version=v4.7, .NETFramework,Version=v4.7.1, .NETFramework,Version=v4.7.2, .NETFramework,Version=v4.8, .NETFramework,Version=v4.8.1' instead of the project target framework 'net8.0'. This package may not be fully compatible with your project. [C:\Users\ultra\warewolf\Dev\Dev2.Scheduler.Tests\Dev2.Scheduler.Tests.csproj]
C:\Users\ultra\warewolf\Dev\Dev2.CustomControls\Dev2.CustomControls.csproj : warning NU1701: Package 'GroupControls 1.9.0' was restored using '.NETFramework,Version=v4.6.1, .NETFramework,Version=v4.6.2, .NETFramework,Version=v4.7, .NETFramework,Version=v4.7.1, .NETFramework,Version=v4.7.2, .NETFramework,Version=v4.8, .NETFramework,Version=v4.8.1' instead of the project target framework 'net8.0'. This package may not be fully compatible with your project. [C:\Users\ultra\warewolf\Dev\Dev2.Scheduler.Tests\Dev2.Scheduler.Tests.csproj]
C:\Users\ultra\warewolf\Dev\Dev2.CustomControls\Dev2.CustomControls.csproj : warning NU1701: Package 'TaskSchedulerEditor 2.10.1' was restored using '.NETFramework,Version=v4.6.1, .NETFramework,Version=v4.6.2, .NETFramework,Version=v4.7, .NETFramework,Version=v4.7.1, .NETFramework,Version=v4.7.2, .NETFramework,Version=v4.8, .NETFramework,Version=v4.8.1' instead of the project target framework 'net8.0'. This package may not be fully compatible with your project. [C:\Users\ultra\warewolf\Dev\Dev2.Scheduler.Tests\Dev2.Scheduler.Tests.csproj]
C:\Users\ultra\warewolf\Dev\Warewolf.Common\Warewolf.Common.csproj : warning NU1701: Package 'AeroWizard 2.3.1' was restored using '.NETFramework,Version=v4.6.1, .NETFramework,Version=v4.6.2, .NETFramework,Version=v4.7, .NETFramework,Version=v4.7.1, .NETFramework,Version=v4.7.2, .NETFramework,Version=v4.8, .NETFramework,Version=v4.8.1' instead of the project target framework 'net8.0'. This package may not be fully compatible with your project. [C:\Users\ultra\warewolf\Dev\Dev2.Scheduler.Tests\Dev2.Scheduler.Tests.csproj]
C:\Users\ultra\warewolf\Dev\Warewolf.Common\Warewolf.Common.csproj : warning NU1701: Package 'GroupControls 1.9.0' was restored using '.NETFramework,Version=v4.6.1, .NETFramework,Version=v4.6.2, .NETFramework,Version=v4.7, .NETFramework,Version=v4.7.1, .NETFramework,Version=v4.7.2, .NETFramework,Version=v4.8, .NETFramework,Version=v4.8.1' instead of the project target framework 'net8.0'. This package may not be fully compatible with your project. [C:\Users\ultra\warewolf\Dev\Dev2.Scheduler.Tests\Dev2.Scheduler.Tests.csproj]
C:\Users\ultra\warewolf\Dev\Warewolf.Common\Warewolf.Common.csproj : warning NU1701: Package 'TaskSchedulerEditor 2.10.1' was restored using '.NETFramework,Version=v4.6.1, .NETFramework,Version=v4.6.2, .NETFramework,Version=v4.7, .NETFramework,Version=v4.7.1, .NETFramework,Version=v4.7.2, .NETFramework,Version=v4.8, .NETFramework,Version=v4.8.1' instead of the project target framework 'net8.0'. This package may not be fully compatible with your project. [C:\Users\ultra\warewolf\Dev\Dev2.Scheduler.Tests\Dev2.Scheduler.Tests.csproj]
C:\Users\ultra\warewolf\Dev\Warewolf.Storage.Interfaces\Warewolf.Storage.Interfaces.csproj : warning NU1701: Package 'AeroWizard 2.3.1' was restored using '.NETFramework,Version=v4.6.1, .NETFramework,Version=v4.6.2, .NETFramework,Version=v4.7, .NETFramework,Version=v4.7.1, .NETFramework,Version=v4.7.2, .NETFramework,Version=v4.8, .NETFramework,Version=v4.8.1' instead of the project target framework 'net8.0'. This package may not be fully compatible with your project. [C:\Users\ultra\warewolf\Dev\Dev2.Scheduler.Tests\Dev2.Scheduler.Tests.csproj]
C:\Users\ultra\warewolf\Dev\Warewolf.Storage.Interfaces\Warewolf.Storage.Interfaces.csproj : warning NU1701: Package 'GroupControls 1.9.0' was restored using '.NETFramework,Version=v4.6.1, .NETFramework,Version=v4.6.2, .NETFramework,Version=v4.7, .NETFramework,Version=v4.7.1, .NETFramework,Version=v4.7.2, .NETFramework,Version=v4.8, .NETFramework,Version=v4.8.1' instead of the project target framework 'net8.0'. This package may not be fully compatible with your project. [C:\Users\ultra\warewolf\Dev\Dev2.Scheduler.Tests\Dev2.Scheduler.Tests.csproj]
C:\Users\ultra\warewolf\Dev\Warewolf.Storage.Interfaces\Warewolf.Storage.Interfaces.csproj : warning NU1701: Package 'TaskSchedulerEditor 2.10.1' was restored using '.NETFramework,Version=v4.6.1, .NETFramework,Version=v4.6.2, .NETFramework,Version=v4.7, .NETFramework,Version=v4.7.1, .NETFramework,Version=v4.7.2, .NETFramework,Version=v4.8, .NETFramework,Version=v4.8.1' instead of the project target framework 'net8.0'. This package may not be fully compatible with your project. [C:\Users\ultra\warewolf\Dev\Dev2.Scheduler.Tests\Dev2.Scheduler.Tests.csproj]
C:\Users\ultra\warewolf\Dev\Dev2.TaskScheduler.Wrappers\Dev2.TaskScheduler.Wrappers.csproj : warning NU1701: Package 'AeroWizard 2.3.1' was restored using '.NETFramework,Version=v4.6.1, .NETFramework,Version=v4.6.2, .NETFramework,Version=v4.7, .NETFramework,Version=v4.7.1, .NETFramework,Version=v4.7.2, .NETFramework,Version=v4.8, .NETFramework,Version=v4.8.1' instead of the project target framework 'net8.0'. This package may not be fully compatible with your project. [C:\Users\ultra\warewolf\Dev\Dev2.Scheduler.Tests\Dev2.Scheduler.Tests.csproj]
C:\Users\ultra\warewolf\Dev\Dev2.TaskScheduler.Wrappers\Dev2.TaskScheduler.Wrappers.csproj : warning NU1701: Package 'GroupControls 1.9.0' was restored using '.NETFramework,Version=v4.6.1, .NETFramework,Version=v4.6.2, .NETFramework,Version=v4.7, .NETFramework,Version=v4.7.1, .NETFramework,Version=v4.7.2, .NETFramework,Version=v4.8, .NETFramework,Version=v4.8.1' instead of the project target framework 'net8.0'. This package may not be fully compatible with your project. [C:\Users\ultra\warewolf\Dev\Dev2.Scheduler.Tests\Dev2.Scheduler.Tests.csproj]
C:\Users\ultra\warewolf\Dev\Dev2.TaskScheduler.Wrappers\Dev2.TaskScheduler.Wrappers.csproj : warning NU1701: Package 'TaskSchedulerEditor 2.10.1' was restored using '.NETFramework,Version=v4.6.1, .NETFramework,Version=v4.6.2, .NETFramework,Version=v4.7, .NETFramework,Version=v4.7.1, .NETFramework,Version=v4.7.2, .NETFramework,Version=v4.8, .NETFramework,Version=v4.8.1' instead of the project target framework 'net8.0'. This package may not be fully compatible with your project. [C:\Users\ultra\warewolf\Dev\Dev2.Scheduler.Tests\Dev2.Scheduler.Tests.csproj]
C:\Users\ultra\warewolf\Dev\Warewolf.Sharepoint\Warewolf.Sharepoint.csproj : warning NU1701: Package 'AeroWizard 2.3.1' was restored using '.NETFramework,Version=v4.6.1, .NETFramework,Version=v4.6.2, .NETFramework,Version=v4.7, .NETFramework,Version=v4.7.1, .NETFramework,Version=v4.7.2, .NETFramework,Version=v4.8, .NETFramework,Version=v4.8.1' instead of the project target framework 'net8.0'. This package may not be fully compatible with your project. [C:\Users\ultra\warewolf\Dev\Dev2.Scheduler.Tests\Dev2.Scheduler.Tests.csproj]
C:\Users\ultra\warewolf\Dev\Warewolf.Sharepoint\Warewolf.Sharepoint.csproj : warning NU1701: Package 'GroupControls 1.9.0' was restored using '.NETFramework,Version=v4.6.1, .NETFramework,Version=v4.6.2, .NETFramework,Version=v4.7, .NETFramework,Version=v4.7.1, .NETFramework,Version=v4.7.2, .NETFramework,Version=v4.8, .NETFramework,Version=v4.8.1' instead of the project target framework 'net8.0'. This package may not be fully compatible with your project. [C:\Users\ultra\warewolf\Dev\Dev2.Scheduler.Tests\Dev2.Scheduler.Tests.csproj]
C:\Users\ultra\warewolf\Dev\Warewolf.Sharepoint\Warewolf.Sharepoint.csproj : warning NU1701: Package 'ReactiveUI.WPF 18.4.1' was restored using '.NETFramework,Version=v4.6.1, .NETFramework,Version=v4.6.2, .NETFramework,Version=v4.7, .NETFramework,Version=v4.7.1, .NETFramework,Version=v4.7.2, .NETFramework,Version=v4.8, .NETFramework,Version=v4.8.1' instead of the project target framework 'net8.0'. This package may not be fully compatible with your project. [C:\Users\ultra\warewolf\Dev\Dev2.Scheduler.Tests\Dev2.Scheduler.Tests.csproj]
C:\Users\ultra\warewolf\Dev\Warewolf.Sharepoint\Warewolf.Sharepoint.csproj : warning NU1701: Package 'TaskSchedulerEditor 2.10.1' was restored using '.NETFramework,Version=v4.6.1, .NETFramework,Version=v4.6.2, .NETFramework,Version=v4.7, .NETFramework,Version=v4.7.1, .NETFramework,Version=v4.7.2, .NETFramework,Version=v4.8, .NETFramework,Version=v4.8.1' instead of the project target framework 'net8.0'. This package may not be fully compatible with your project. [C:\Users\ultra\warewolf\Dev\Dev2.Scheduler.Tests\Dev2.Scheduler.Tests.csproj]
C:\Users\ultra\warewolf\Dev\Dev2.Services.Sql\Dev2.Services.Sql.csproj : warning NU1903: Package 'Oracle.ManagedDataAccess.Core' 3.21.70 has a known high severity vulnerability, https://github.com/advisories/GHSA-5pm2-9mr2-3frq [C:\Users\ultra\warewolf\Dev\Dev2.Scheduler.Tests\Dev2.Scheduler.Tests.csproj]
C:\Users\ultra\warewolf\Dev\Dev2.Services.Sql\Dev2.Services.Sql.csproj : warning NU1701: Package 'AeroWizard 2.3.1' was restored using '.NETFramework,Version=v4.6.1, .NETFramework,Version=v4.6.2, .NETFramework,Version=v4.7, .NETFramework,Version=v4.7.1, .NETFramework,Version=v4.7.2, .NETFramework,Version=v4.8, .NETFramework,Version=v4.8.1' instead of the project target framework 'net8.0'. This package may not be fully compatible with your project. [C:\Users\ultra\warewolf\Dev\Dev2.Scheduler.Tests\Dev2.Scheduler.Tests.csproj]
C:\Users\ultra\warewolf\Dev\Dev2.Services.Sql\Dev2.Services.Sql.csproj : warning NU1701: Package 'GroupControls 1.9.0' was restored using '.NETFramework,Version=v4.6.1, .NETFramework,Version=v4.6.2, .NETFramework,Version=v4.7, .NETFramework,Version=v4.7.1, .NETFramework,Version=v4.7.2, .NETFramework,Version=v4.8, .NETFramework,Version=v4.8.1' instead of the project target framework 'net8.0'. This package may not be fully compatible with your project. [C:\Users\ultra\warewolf\Dev\Dev2.Scheduler.Tests\Dev2.Scheduler.Tests.csproj]
C:\Users\ultra\warewolf\Dev\Dev2.Services.Sql\Dev2.Services.Sql.csproj : warning NU1701: Package 'ReactiveUI.WPF 18.4.1' was restored using '.NETFramework,Version=v4.6.1, .NETFramework,Version=v4.6.2, .NETFramework,Version=v4.7, .NETFramework,Version=v4.7.1, .NETFramework,Version=v4.7.2, .NETFramework,Version=v4.8, .NETFramework,Version=v4.8.1' instead of the project target framework 'net8.0'. This package may not be fully compatible with your project. [C:\Users\ultra\warewolf\Dev\Dev2.Scheduler.Tests\Dev2.Scheduler.Tests.csproj]
C:\Users\ultra\warewolf\Dev\Dev2.Services.Sql\Dev2.Services.Sql.csproj : warning NU1701: Package 'TaskSchedulerEditor 2.10.1' was restored using '.NETFramework,Version=v4.6.1, .NETFramework,Version=v4.6.2, .NETFramework,Version=v4.7, .NETFramework,Version=v4.7.1, .NETFramework,Version=v4.7.2, .NETFramework,Version=v4.8, .NETFramework,Version=v4.8.1' instead of the project target framework 'net8.0'. This package may not be fully compatible with your project. [C:\Users\ultra\warewolf\Dev\Dev2.Scheduler.Tests\Dev2.Scheduler.Tests.csproj]
C:\Users\ultra\warewolf\Dev\Warewolf.ResourceManagement\Warewolf.ResourceManagement.csproj : warning NU1701: Package 'AeroWizard 2.3.1' was restored using '.NETFramework,Version=v4.6.1, .NETFramework,Version=v4.6.2, .NETFramework,Version=v4.7, .NETFramework,Version=v4.7.1, .NETFramework,Version=v4.7.2, .NETFramework,Version=v4.8, .NETFramework,Version=v4.8.1' instead of the project target framework 'net8.0'. This package may not be fully compatible with your project. [C:\Users\ultra\warewolf\Dev\Dev2.Scheduler.Tests\Dev2.Scheduler.Tests.csproj]
C:\Users\ultra\warewolf\Dev\Warewolf.ResourceManagement\Warewolf.ResourceManagement.csproj : warning NU1701: Package 'GroupControls 1.9.0' was restored using '.NETFramework,Version=v4.6.1, .NETFramework,Version=v4.6.2, .NETFramework,Version=v4.7, .NETFramework,Version=v4.7.1, .NETFramework,Version=v4.7.2, .NETFramework,Version=v4.8, .NETFramework,Version=v4.8.1' instead of the project target framework 'net8.0'. This package may not be fully compatible with your project. [C:\Users\ultra\warewolf\Dev\Dev2.Scheduler.Tests\Dev2.Scheduler.Tests.csproj]
C:\Users\ultra\warewolf\Dev\Warewolf.ResourceManagement\Warewolf.ResourceManagement.csproj : warning NU1701: Package 'ReactiveUI.WPF 18.4.1' was restored using '.NETFramework,Version=v4.6.1, .NETFramework,Version=v4.6.2, .NETFramework,Version=v4.7, .NETFramework,Version=v4.7.1, .NETFramework,Version=v4.7.2, .NETFramework,Version=v4.8, .NETFramework,Version=v4.8.1' instead of the project target framework 'net8.0'. This package may not be fully compatible with your project. [C:\Users\ultra\warewolf\Dev\Dev2.Scheduler.Tests\Dev2.Scheduler.Tests.csproj]
C:\Users\ultra\warewolf\Dev\Warewolf.ResourceManagement\Warewolf.ResourceManagement.csproj : warning NU1701: Package 'TaskSchedulerEditor 2.10.1' was restored using '.NETFramework,Version=v4.6.1, .NETFramework,Version=v4.6.2, .NETFramework,Version=v4.7, .NETFramework,Version=v4.7.1, .NETFramework,Version=v4.7.2, .NETFramework,Version=v4.8, .NETFramework,Version=v4.8.1' instead of the project target framework 'net8.0'. This package may not be fully compatible with your project. [C:\Users\ultra\warewolf\Dev\Dev2.Scheduler.Tests\Dev2.Scheduler.Tests.csproj]
C:\Users\ultra\warewolf\Dev\Dev2.Scheduler\Dev2.Scheduler.csproj : warning NU1701: Package 'AeroWizard 2.3.1' was restored using '.NETFramework,Version=v4.6.1, .NETFramework,Version=v4.6.2, .NETFramework,Version=v4.7, .NETFramework,Version=v4.7.1, .NETFramework,Version=v4.7.2, .NETFramework,Version=v4.8, .NETFramework,Version=v4.8.1' instead of the project target framework 'net8.0'. This package may not be fully compatible with your project. [C:\Users\ultra\warewolf\Dev\Dev2.Scheduler.Tests\Dev2.Scheduler.Tests.csproj]
C:\Users\ultra\warewolf\Dev\Dev2.Scheduler\Dev2.Scheduler.csproj : warning NU1701: Package 'GroupControls 1.9.0' was restored using '.NETFramework,Version=v4.6.1, .NETFramework,Version=v4.6.2, .NETFramework,Version=v4.7, .NETFramework,Version=v4.7.1, .NETFramework,Version=v4.7.2, .NETFramework,Version=v4.8, .NETFramework,Version=v4.8.1' instead of the project target framework 'net8.0'. This package may not be fully compatible with your project. [C:\Users\ultra\warewolf\Dev\Dev2.Scheduler.Tests\Dev2.Scheduler.Tests.csproj]
C:\Users\ultra\warewolf\Dev\Dev2.Scheduler\Dev2.Scheduler.csproj : warning NU1701: Package 'ReactiveUI.WPF 18.4.1' was restored using '.NETFramework,Version=v4.6.1, .NETFramework,Version=v4.6.2, .NETFramework,Version=v4.7, .NETFramework,Version=v4.7.1, .NETFramework,Version=v4.7.2, .NETFramework,Version=v4.8, .NETFramework,Version=v4.8.1' instead of the project target framework 'net8.0'. This package may not be fully compatible with your project. [C:\Users\ultra\warewolf\Dev\Dev2.Scheduler.Tests\Dev2.Scheduler.Tests.csproj]
C:\Users\ultra\warewolf\Dev\Dev2.Scheduler\Dev2.Scheduler.csproj : warning NU1701: Package 'TaskSchedulerEditor 2.10.1' was restored using '.NETFramework,Version=v4.6.1, .NETFramework,Version=v4.6.2, .NETFramework,Version=v4.7, .NETFramework,Version=v4.7.1, .NETFramework,Version=v4.7.2, .NETFramework,Version=v4.8, .NETFramework,Version=v4.8.1' instead of the project target framework 'net8.0'. This package may not be fully compatible with your project. [C:\Users\ultra\warewolf\Dev\Dev2.Scheduler.Tests\Dev2.Scheduler.Tests.csproj]
C:\Users\ultra\warewolf\Dev\Dev2.Runtime.Configuration\Dev2.Runtime.Configuration.csproj : warning NU1903: Package 'Microsoft.Windows.Compatibility' 6.0.0 has a known high severity vulnerability, https://github.com/advisories/GHSA-555c-2p6r-68mm [C:\Users\ultra\warewolf\Dev\Dev2.Scheduler.Tests\Dev2.Scheduler.Tests.csproj]
C:\Users\ultra\warewolf\Dev\Dev2.Runtime.Configuration\Dev2.Runtime.Configuration.csproj : warning NU1701: Package 'AeroWizard 2.3.1' was restored using '.NETFramework,Version=v4.6.1, .NETFramework,Version=v4.6.2, .NETFramework,Version=v4.7, .NETFramework,Version=v4.7.1, .NETFramework,Version=v4.7.2, .NETFramework,Version=v4.8, .NETFramework,Version=v4.8.1' instead of the project target framework 'net8.0'. This package may not be fully compatible with your project. [C:\Users\ultra\warewolf\Dev\Dev2.Scheduler.Tests\Dev2.Scheduler.Tests.csproj]
C:\Users\ultra\warewolf\Dev\Dev2.Runtime.Configuration\Dev2.Runtime.Configuration.csproj : warning NU1701: Package 'GroupControls 1.9.0' was restored using '.NETFramework,Version=v4.6.1, .NETFramework,Version=v4.6.2, .NETFramework,Version=v4.7, .NETFramework,Version=v4.7.1, .NETFramework,Version=v4.7.2, .NETFramework,Version=v4.8, .NETFramework,Version=v4.8.1' instead of the project target framework 'net8.0'. This package may not be fully compatible with your project. [C:\Users\ultra\warewolf\Dev\Dev2.Scheduler.Tests\Dev2.Scheduler.Tests.csproj]
C:\Users\ultra\warewolf\Dev\Dev2.Runtime.Configuration\Dev2.Runtime.Configuration.csproj : warning NU1701: Package 'TaskSchedulerEditor 2.10.1' was restored using '.NETFramework,Version=v4.6.1, .NETFramework,Version=v4.6.2, .NETFramework,Version=v4.7, .NETFramework,Version=v4.7.1, .NETFramework,Version=v4.7.2, .NETFramework,Version=v4.8, .NETFramework,Version=v4.8.1' instead of the project target framework 'net8.0'. This package may not be fully compatible with your project. [C:\Users\ultra\warewolf\Dev\Dev2.Scheduler.Tests\Dev2.Scheduler.Tests.csproj]
C:\Users\ultra\warewolf\Dev\Warewolf.Common.NetStandard20\Warewolf.Common.NetStandard20.csproj : warning NU1701: Package 'AeroWizard 2.3.1' was restored using '.NETFramework,Version=v4.6.1, .NETFramework,Version=v4.6.2, .NETFramework,Version=v4.7, .NETFramework,Version=v4.7.1, .NETFramework,Version=v4.7.2, .NETFramework,Version=v4.8, .NETFramework,Version=v4.8.1' instead of the project target framework 'net8.0'. This package may not be fully compatible with your project. [C:\Users\ultra\warewolf\Dev\Dev2.Scheduler.Tests\Dev2.Scheduler.Tests.csproj]
C:\Users\ultra\warewolf\Dev\Warewolf.Common.NetStandard20\Warewolf.Common.NetStandard20.csproj : warning NU1701: Package 'GroupControls 1.9.0' was restored using '.NETFramework,Version=v4.6.1, .NETFramework,Version=v4.6.2, .NETFramework,Version=v4.7, .NETFramework,Version=v4.7.1, .NETFramework,Version=v4.7.2, .NETFramework,Version=v4.8, .NETFramework,Version=v4.8.1' instead of the project target framework 'net8.0'. This package may not be fully compatible with your project. [C:\Users\ultra\warewolf\Dev\Dev2.Scheduler.Tests\Dev2.Scheduler.Tests.csproj]
C:\Users\ultra\warewolf\Dev\Warewolf.Common.NetStandard20\Warewolf.Common.NetStandard20.csproj : warning NU1701: Package 'ReactiveUI.WPF 18.4.1' was restored using '.NETFramework,Version=v4.6.1, .NETFramework,Version=v4.6.2, .NETFramework,Version=v4.7, .NETFramework,Version=v4.7.1, .NETFramework,Version=v4.7.2, .NETFramework,Version=v4.8, .NETFramework,Version=v4.8.1' instead of the project target framework 'net8.0'. This package may not be fully compatible with your project. [C:\Users\ultra\warewolf\Dev\Dev2.Scheduler.Tests\Dev2.Scheduler.Tests.csproj]
C:\Users\ultra\warewolf\Dev\Warewolf.Common.NetStandard20\Warewolf.Common.NetStandard20.csproj : warning NU1701: Package 'TaskSchedulerEditor 2.10.1' was restored using '.NETFramework,Version=v4.6.1, .NETFramework,Version=v4.6.2, .NETFramework,Version=v4.7, .NETFramework,Version=v4.7.1, .NETFramework,Version=v4.7.2, .NETFramework,Version=v4.8, .NETFramework,Version=v4.8.1' instead of the project target framework 'net8.0'. This package may not be fully compatible with your project. [C:\Users\ultra\warewolf\Dev\Dev2.Scheduler.Tests\Dev2.Scheduler.Tests.csproj]
C:\Users\ultra\warewolf\Dev\Warewolf.Driver.Serilog\Warewolf.Driver.Serilog.csproj : warning NU1701: Package 'AeroWizard 2.3.1' was restored using '.NETFramework,Version=v4.6.1, .NETFramework,Version=v4.6.2, .NETFramework,Version=v4.7, .NETFramework,Version=v4.7.1, .NETFramework,Version=v4.7.2, .NETFramework,Version=v4.8, .NETFramework,Version=v4.8.1' instead of the project target framework 'net8.0'. This package may not be fully compatible with your project. [C:\Users\ultra\warewolf\Dev\Dev2.Scheduler.Tests\Dev2.Scheduler.Tests.csproj]
C:\Users\ultra\warewolf\Dev\Warewolf.Driver.Serilog\Warewolf.Driver.Serilog.csproj : warning NU1701: Package 'GroupControls 1.9.0' was restored using '.NETFramework,Version=v4.6.1, .NETFramework,Version=v4.6.2, .NETFramework,Version=v4.7, .NETFramework,Version=v4.7.1, .NETFramework,Version=v4.7.2, .NETFramework,Version=v4.8, .NETFramework,Version=v4.8.1' instead of the project target framework 'net8.0'. This package may not be fully compatible with your project. [C:\Users\ultra\warewolf\Dev\Dev2.Scheduler.Tests\Dev2.Scheduler.Tests.csproj]
C:\Users\ultra\warewolf\Dev\Warewolf.Driver.Serilog\Warewolf.Driver.Serilog.csproj : warning NU1701: Package 'ReactiveUI.WPF 18.4.1' was restored using '.NETFramework,Version=v4.6.1, .NETFramework,Version=v4.6.2, .NETFramework,Version=v4.7, .NETFramework,Version=v4.7.1, .NETFramework,Version=v4.7.2, .NETFramework,Version=v4.8, .NETFramework,Version=v4.8.1' instead of the project target framework 'net8.0'. This package may not be fully compatible with your project. [C:\Users\ultra\warewolf\Dev\Dev2.Scheduler.Tests\Dev2.Scheduler.Tests.csproj]
C:\Users\ultra\warewolf\Dev\Warewolf.Driver.Serilog\Warewolf.Driver.Serilog.csproj : warning NU1701: Package 'TaskSchedulerEditor 2.10.1' was restored using '.NETFramework,Version=v4.6.1, .NETFramework,Version=v4.6.2, .NETFramework,Version=v4.7, .NETFramework,Version=v4.7.1, .NETFramework,Version=v4.7.2, .NETFramework,Version=v4.8, .NETFramework,Version=v4.8.1' instead of the project target framework 'net8.0'. This package may not be fully compatible with your project. [C:\Users\ultra\warewolf\Dev\Dev2.Scheduler.Tests\Dev2.Scheduler.Tests.csproj]
C:\Users\ultra\warewolf\Dev\Dev2.Runtime.Services\Dev2.Runtime.Services.csproj : warning NU1902: Package 'MessagePack' 2.4.59 has a known moderate severity vulnerability, https://github.com/advisories/GHSA-4qm4-8hg2-g2xm [C:\Users\ultra\warewolf\Dev\Dev2.Scheduler.Tests\Dev2.Scheduler.Tests.csproj]
C:\Users\ultra\warewolf\Dev\Dev2.Runtime.Services\Dev2.Runtime.Services.csproj : warning NU1903: Package 'Microsoft.Windows.Compatibility' 6.0.0 has a known high severity vulnerability, https://github.com/advisories/GHSA-555c-2p6r-68mm [C:\Users\ultra\warewolf\Dev\Dev2.Scheduler.Tests\Dev2.Scheduler.Tests.csproj]
C:\Users\ultra\warewolf\Dev\Dev2.Runtime.Services\Dev2.Runtime.Services.csproj : warning NU1701: Package 'AeroWizard 2.3.1' was restored using '.NETFramework,Version=v4.6.1, .NETFramework,Version=v4.6.2, .NETFramework,Version=v4.7, .NETFramework,Version=v4.7.1, .NETFramework,Version=v4.7.2, .NETFramework,Version=v4.8, .NETFramework,Version=v4.8.1' instead of the project target framework 'net8.0'. This package may not be fully compatible with your project. [C:\Users\ultra\warewolf\Dev\Dev2.Scheduler.Tests\Dev2.Scheduler.Tests.csproj]
C:\Users\ultra\warewolf\Dev\Dev2.Runtime.Services\Dev2.Runtime.Services.csproj : warning NU1701: Package 'GroupControls 1.9.0' was restored using '.NETFramework,Version=v4.6.1, .NETFramework,Version=v4.6.2, .NETFramework,Version=v4.7, .NETFramework,Version=v4.7.1, .NETFramework,Version=v4.7.2, .NETFramework,Version=v4.8, .NETFramework,Version=v4.8.1' instead of the project target framework 'net8.0'. This package may not be fully compatible with your project. [C:\Users\ultra\warewolf\Dev\Dev2.Scheduler.Tests\Dev2.Scheduler.Tests.csproj]
C:\Users\ultra\warewolf\Dev\Dev2.Runtime.Services\Dev2.Runtime.Services.csproj : warning NU1701: Package 'ReactiveUI.WPF 18.4.1' was restored using '.NETFramework,Version=v4.6.1, .NETFramework,Version=v4.6.2, .NETFramework,Version=v4.7, .NETFramework,Version=v4.7.1, .NETFramework,Version=v4.7.2, .NETFramework,Version=v4.8, .NETFramework,Version=v4.8.1' instead of the project target framework 'net8.0'. This package may not be fully compatible with your project. [C:\Users\ultra\warewolf\Dev\Dev2.Scheduler.Tests\Dev2.Scheduler.Tests.csproj]
C:\Users\ultra\warewolf\Dev\Dev2.Runtime.Services\Dev2.Runtime.Services.csproj : warning NU1701: Package 'TaskSchedulerEditor 2.10.1' was restored using '.NETFramework,Version=v4.6.1, .NETFramework,Version=v4.6.2, .NETFramework,Version=v4.7, .NETFramework,Version=v4.7.1, .NETFramework,Version=v4.7.2, .NETFramework,Version=v4.8, .NETFramework,Version=v4.8.1' instead of the project target framework 'net8.0'. This package may not be fully compatible with your project. [C:\Users\ultra\warewolf\Dev\Dev2.Scheduler.Tests\Dev2.Scheduler.Tests.csproj]
C:\Users\ultra\warewolf\Dev\Dev2.Scheduler.Tests\Dev2.Scheduler.Tests.csproj : warning NU1701: Package 'AeroWizard 2.3.1' was restored using '.NETFramework,Version=v4.6.1, .NETFramework,Version=v4.6.2, .NETFramework,Version=v4.7, .NETFramework,Version=v4.7.1, .NETFramework,Version=v4.7.2, .NETFramework,Version=v4.8, .NETFramework,Version=v4.8.1' instead of the project target framework 'net8.0'. This package may not be fully compatible with your project.
C:\Users\ultra\warewolf\Dev\Dev2.Scheduler.Tests\Dev2.Scheduler.Tests.csproj : warning NU1701: Package 'GroupControls 1.9.0' was restored using '.NETFramework,Version=v4.6.1, .NETFramework,Version=v4.6.2, .NETFramework,Version=v4.7, .NETFramework,Version=v4.7.1, .NETFramework,Version=v4.7.2, .NETFramework,Version=v4.8, .NETFramework,Version=v4.8.1' instead of the project target framework 'net8.0'. This package may not be fully compatible with your project.
C:\Users\ultra\warewolf\Dev\Dev2.Scheduler.Tests\Dev2.Scheduler.Tests.csproj : warning NU1701: Package 'ReactiveUI.WPF 18.4.1' was restored using '.NETFramework,Version=v4.6.1, .NETFramework,Version=v4.6.2, .NETFramework,Version=v4.7, .NETFramework,Version=v4.7.1, .NETFramework,Version=v4.7.2, .NETFramework,Version=v4.8, .NETFramework,Version=v4.8.1' instead of the project target framework 'net8.0'. This package may not be fully compatible with your project.
C:\Users\ultra\warewolf\Dev\Dev2.Scheduler.Tests\Dev2.Scheduler.Tests.csproj : warning NU1701: Package 'TaskSchedulerEditor 2.10.1' was restored using '.NETFramework,Version=v4.6.1, .NETFramework,Version=v4.6.2, .NETFramework,Version=v4.7, .NETFramework,Version=v4.7.1, .NETFramework,Version=v4.7.2, .NETFramework,Version=v4.8, .NETFramework,Version=v4.8.1' instead of the project target framework 'net8.0'. This package may not be fully compatible with your project.
  Restored C:\Users\ultra\warewolf\Dev\Dev2.Scheduler.Tests\Dev2.Scheduler.Tests.csproj (in 553 ms).
  41 of 42 projects are up-to-date for restore.
C:\Users\ultra\warewolf\Dev\Dev2.Scheduler.Tests\Dev2.Scheduler.Tests.csproj : warning NU1701: Package 'AeroWizard 2.3.1' was restored using '.NETFramework,Version=v4.6.1, .NETFramework,Version=v4.6.2, .NETFramework,Version=v4.7, .NETFramework,Version=v4.7.1, .NETFramework,Version=v4.7.2, .NETFramework,Version=v4.8, .NETFramework,Version=v4.8.1' instead of the project target framework 'net8.0'. This package may not be fully compatible with your project.
C:\Users\ultra\warewolf\Dev\Dev2.Scheduler.Tests\Dev2.Scheduler.Tests.csproj : warning NU1701: Package 'GroupControls 1.9.0' was restored using '.NETFramework,Version=v4.6.1, .NETFramework,Version=v4.6.2, .NETFramework,Version=v4.7, .NETFramework,Version=v4.7.1, .NETFramework,Version=v4.7.2, .NETFramework,Version=v4.8, .NETFramework,Version=v4.8.1' instead of the project target framework 'net8.0'. This package may not be fully compatible with your project.
C:\Users\ultra\warewolf\Dev\Dev2.Scheduler.Tests\Dev2.Scheduler.Tests.csproj : warning NU1701: Package 'ReactiveUI.WPF 18.4.1' was restored using '.NETFramework,Version=v4.6.1, .NETFramework,Version=v4.6.2, .NETFramework,Version=v4.7, .NETFramework,Version=v4.7.1, .NETFramework,Version=v4.7.2, .NETFramework,Version=v4.8, .NETFramework,Version=v4.8.1' instead of the project target framework 'net8.0'. This package may not be fully compatible with your project.
C:\Users\ultra\warewolf\Dev\Dev2.Scheduler.Tests\Dev2.Scheduler.Tests.csproj : warning NU1701: Package 'TaskSchedulerEditor 2.10.1' was restored using '.NETFramework,Version=v4.6.1, .NETFramework,Version=v4.6.2, .NETFramework,Version=v4.7, .NETFramework,Version=v4.7.1, .NETFramework,Version=v4.7.2, .NETFramework,Version=v4.8, .NETFramework,Version=v4.8.1' instead of the project target framework 'net8.0'. This package may not be fully compatible with your project.
C:\Users\ultra\warewolf\Dev\Dev2.Data\Dev2.Data.csproj : warning NU1701: Package 'AeroWizard 2.3.1' was restored using '.NETFramework,Version=v4.6.1, .NETFramework,Version=v4.6.2, .NETFramework,Version=v4.7, .NETFramework,Version=v4.7.1, .NETFramework,Version=v4.7.2, .NETFramework,Version=v4.8, .NETFramework,Version=v4.8.1' instead of the project target framework 'net8.0'. This package may not be fully compatible with your project.
C:\Users\ultra\warewolf\Dev\Dev2.Data\Dev2.Data.csproj : warning NU1701: Package 'GroupControls 1.9.0' was restored using '.NETFramework,Version=v4.6.1, .NETFramework,Version=v4.6.2, .NETFramework,Version=v4.7, .NETFramework,Version=v4.7.1, .NETFramework,Version=v4.7.2, .NETFramework,Version=v4.8, .NETFramework,Version=v4.8.1' instead of the project target framework 'net8.0'. This package may not be fully compatible with your project.
C:\Users\ultra\warewolf\Dev\Dev2.Data\Dev2.Data.csproj : warning NU1701: Package 'ReactiveUI.WPF 18.4.1' was restored using '.NETFramework,Version=v4.6.1, .NETFramework,Version=v4.6.2, .NETFramework,Version=v4.7, .NETFramework,Version=v4.7.1, .NETFramework,Version=v4.7.2, .NETFramework,Version=v4.8, .NETFramework,Version=v4.8.1' instead of the project target framework 'net8.0'. This package may not be fully compatible with your project.
C:\Users\ultra\warewolf\Dev\Dev2.Data\Dev2.Data.csproj : warning NU1701: Package 'TaskSchedulerEditor 2.10.1' was restored using '.NETFramework,Version=v4.6.1, .NETFramework,Version=v4.6.2, .NETFramework,Version=v4.7, .NETFramework,Version=v4.7.1, .NETFramework,Version=v4.7.2, .NETFramework,Version=v4.8, .NETFramework,Version=v4.8.1' instead of the project target framework 'net8.0'. This package may not be fully compatible with your project.
C:\Users\ultra\warewolf\Dev\Dev2.Core\Dev2.Core.csproj : warning NU1903: Package 'Microsoft.Windows.Compatibility' 6.0.0 has a known high severity vulnerability, https://github.com/advisories/GHSA-555c-2p6r-68mm
C:\Users\ultra\warewolf\Dev\Dev2.Core\Dev2.Core.csproj : warning NU1701: Package 'AeroWizard 2.3.1' was restored using '.NETFramework,Version=v4.6.1, .NETFramework,Version=v4.6.2, .NETFramework,Version=v4.7, .NETFramework,Version=v4.7.1, .NETFramework,Version=v4.7.2, .NETFramework,Version=v4.8, .NETFramework,Version=v4.8.1' instead of the project target framework 'net8.0'. This package may not be fully compatible with your project.
C:\Users\ultra\warewolf\Dev\Dev2.Core\Dev2.Core.csproj : warning NU1701: Package 'GroupControls 1.9.0' was restored using '.NETFramework,Version=v4.6.1, .NETFramework,Version=v4.6.2, .NETFramework,Version=v4.7, .NETFramework,Version=v4.7.1, .NETFramework,Version=v4.7.2, .NETFramework,Version=v4.8, .NETFramework,Version=v4.8.1' instead of the project target framework 'net8.0'. This package may not be fully compatible with your project.
C:\Users\ultra\warewolf\Dev\Dev2.Core\Dev2.Core.csproj : warning NU1701: Package 'ReactiveUI.WPF 18.4.1' was restored using '.NETFramework,Version=v4.6.1, .NETFramework,Version=v4.6.2, .NETFramework,Version=v4.7, .NETFramework,Version=v4.7.1, .NETFramework,Version=v4.7.2, .NETFramework,Version=v4.8, .NETFramework,Version=v4.8.1' instead of the project target framework 'net8.0'. This package may not be fully compatible with your project.
C:\Users\ultra\warewolf\Dev\Dev2.Core\Dev2.Core.csproj : warning NU1701: Package 'TaskSchedulerEditor 2.10.1' was restored using '.NETFramework,Version=v4.6.1, .NETFramework,Version=v4.6.2, .NETFramework,Version=v4.7, .NETFramework,Version=v4.7.1, .NETFramework,Version=v4.7.2, .NETFramework,Version=v4.8, .NETFramework,Version=v4.8.1' instead of the project target framework 'net8.0'. This package may not be fully compatible with your project.
C:\Program Files\dotnet\sdk\10.0.201\Sdks\Microsoft.NET.Sdk\targets\Microsoft.NET.Sdk.DefaultItems.targets(162,5): warning NETSDK1137: It is no longer necessary to use the Microsoft.NET.Sdk.WindowsDesktop SDK. Consider changing the Sdk attribute of the root Project element to 'Microsoft.NET.Sdk'. [C:\Users\ultra\warewolf\Dev\Dev2.CustomControls\Dev2.CustomControls.csproj]
C:\Program Files\dotnet\sdk\10.0.201\Sdks\Microsoft.NET.Sdk.WindowsDesktop\targets\Microsoft.NET.Sdk.WindowsDesktop.targets(138,5): warning NETSDK1106: Microsoft.NET.Sdk.WindowsDesktop requires 'UseWpf' or 'UseWindowsForms' to be set to 'true' [C:\Users\ultra\warewolf\Dev\Dev2.CustomControls\Dev2.CustomControls.csproj]
C:\Users\ultra\warewolf\Dev\Dev2.CustomControls\Dev2.CustomControls.csproj : warning NU1903: Package 'Microsoft.Windows.Compatibility' 6.0.0 has a known high severity vulnerability, https://github.com/advisories/GHSA-555c-2p6r-68mm
C:\Users\ultra\warewolf\Dev\Dev2.CustomControls\Dev2.CustomControls.csproj : warning NU1701: Package 'AeroWizard 2.3.1' was restored using '.NETFramework,Version=v4.6.1, .NETFramework,Version=v4.6.2, .NETFramework,Version=v4.7, .NETFramework,Version=v4.7.1, .NETFramework,Version=v4.7.2, .NETFramework,Version=v4.8, .NETFramework,Version=v4.8.1' instead of the project target framework 'net8.0'. This package may not be fully compatible with your project.
C:\Users\ultra\warewolf\Dev\Dev2.CustomControls\Dev2.CustomControls.csproj : warning NU1701: Package 'GroupControls 1.9.0' was restored using '.NETFramework,Version=v4.6.1, .NETFramework,Version=v4.6.2, .NETFramework,Version=v4.7, .NETFramework,Version=v4.7.1, .NETFramework,Version=v4.7.2, .NETFramework,Version=v4.8, .NETFramework,Version=v4.8.1' instead of the project target framework 'net8.0'. This package may not be fully compatible with your project.
C:\Users\ultra\warewolf\Dev\Dev2.CustomControls\Dev2.CustomControls.csproj : warning NU1701: Package 'TaskSchedulerEditor 2.10.1' was restored using '.NETFramework,Version=v4.6.1, .NETFramework,Version=v4.6.2, .NETFramework,Version=v4.7, .NETFramework,Version=v4.7.1, .NETFramework,Version=v4.7.2, .NETFramework,Version=v4.8, .NETFramework,Version=v4.8.1' instead of the project target framework 'net8.0'. This package may not be fully compatible with your project.
C:\Users\ultra\warewolf\Dev\Dev2.TaskScheduler.Wrappers\Dev2.TaskScheduler.Wrappers.csproj : warning NU1701: Package 'AeroWizard 2.3.1' was restored using '.NETFramework,Version=v4.6.1, .NETFramework,Version=v4.6.2, .NETFramework,Version=v4.7, .NETFramework,Version=v4.7.1, .NETFramework,Version=v4.7.2, .NETFramework,Version=v4.8, .NETFramework,Version=v4.8.1' instead of the project target framework 'net8.0'. This package may not be fully compatible with your project.
C:\Users\ultra\warewolf\Dev\Dev2.Diagnostics\Dev2.Diagnostics.csproj : warning NU1701: Package 'AeroWizard 2.3.1' was restored using '.NETFramework,Version=v4.6.1, .NETFramework,Version=v4.6.2, .NETFramework,Version=v4.7, .NETFramework,Version=v4.7.1, .NETFramework,Version=v4.7.2, .NETFramework,Version=v4.8, .NETFramework,Version=v4.8.1' instead of the project target framework 'net8.0'. This package may not be fully compatible with your project.
C:\Users\ultra\warewolf\Dev\Dev2.TaskScheduler.Wrappers\Dev2.TaskScheduler.Wrappers.csproj : warning NU1701: Package 'GroupControls 1.9.0' was restored using '.NETFramework,Version=v4.6.1, .NETFramework,Version=v4.6.2, .NETFramework,Version=v4.7, .NETFramework,Version=v4.7.1, .NETFramework,Version=v4.7.2, .NETFramework,Version=v4.8, .NETFramework,Version=v4.8.1' instead of the project target framework 'net8.0'. This package may not be fully compatible with your project.
C:\Users\ultra\warewolf\Dev\Dev2.Diagnostics\Dev2.Diagnostics.csproj : warning NU1701: Package 'GroupControls 1.9.0' was restored using '.NETFramework,Version=v4.6.1, .NETFramework,Version=v4.6.2, .NETFramework,Version=v4.7, .NETFramework,Version=v4.7.1, .NETFramework,Version=v4.7.2, .NETFramework,Version=v4.8, .NETFramework,Version=v4.8.1' instead of the project target framework 'net8.0'. This package may not be fully compatible with your project.
C:\Users\ultra\warewolf\Dev\Dev2.TaskScheduler.Wrappers\Dev2.TaskScheduler.Wrappers.csproj : warning NU1701: Package 'TaskSchedulerEditor 2.10.1' was restored using '.NETFramework,Version=v4.6.1, .NETFramework,Version=v4.6.2, .NETFramework,Version=v4.7, .NETFramework,Version=v4.7.1, .NETFramework,Version=v4.7.2, .NETFramework,Version=v4.8, .NETFramework,Version=v4.8.1' instead of the project target framework 'net8.0'. This package may not be fully compatible with your project.
C:\Users\ultra\warewolf\Dev\Dev2.Diagnostics\Dev2.Diagnostics.csproj : warning NU1701: Package 'TaskSchedulerEditor 2.10.1' was restored using '.NETFramework,Version=v4.6.1, .NETFramework,Version=v4.6.2, .NETFramework,Version=v4.7, .NETFramework,Version=v4.7.1, .NETFramework,Version=v4.7.2, .NETFramework,Version=v4.8, .NETFramework,Version=v4.8.1' instead of the project target framework 'net8.0'. This package may not be fully compatible with your project.
C:\Users\ultra\warewolf\Dev\Dev2.Scheduler\Dev2.Scheduler.csproj : warning NU1701: Package 'AeroWizard 2.3.1' was restored using '.NETFramework,Version=v4.6.1, .NETFramework,Version=v4.6.2, .NETFramework,Version=v4.7, .NETFramework,Version=v4.7.1, .NETFramework,Version=v4.7.2, .NETFramework,Version=v4.8, .NETFramework,Version=v4.8.1' instead of the project target framework 'net8.0'. This package may not be fully compatible with your project.
C:\Users\ultra\warewolf\Dev\Dev2.Scheduler\Dev2.Scheduler.csproj : warning NU1701: Package 'GroupControls 1.9.0' was restored using '.NETFramework,Version=v4.6.1, .NETFramework,Version=v4.6.2, .NETFramework,Version=v4.7, .NETFramework,Version=v4.7.1, .NETFramework,Version=v4.7.2, .NETFramework,Version=v4.8, .NETFramework,Version=v4.8.1' instead of the project target framework 'net8.0'. This package may not be fully compatible with your project.
C:\Users\ultra\warewolf\Dev\Dev2.Scheduler\Dev2.Scheduler.csproj : warning NU1701: Package 'ReactiveUI.WPF 18.4.1' was restored using '.NETFramework,Version=v4.6.1, .NETFramework,Version=v4.6.2, .NETFramework,Version=v4.7, .NETFramework,Version=v4.7.1, .NETFramework,Version=v4.7.2, .NETFramework,Version=v4.8, .NETFramework,Version=v4.8.1' instead of the project target framework 'net8.0'. This package may not be fully compatible with your project.
C:\Users\ultra\warewolf\Dev\Dev2.Scheduler\Dev2.Scheduler.csproj : warning NU1701: Package 'TaskSchedulerEditor 2.10.1' was restored using '.NETFramework,Version=v4.6.1, .NETFramework,Version=v4.6.2, .NETFramework,Version=v4.7, .NETFramework,Version=v4.7.1, .NETFramework,Version=v4.7.2, .NETFramework,Version=v4.8, .NETFramework,Version=v4.8.1' instead of the project target framework 'net8.0'. This package may not be fully compatible with your project.
C:\Users\ultra\warewolf\Dev\Dev2.Common\Dev2.Common.csproj : warning NU1903: Package 'Microsoft.Windows.Compatibility' 6.0.0 has a known high severity vulnerability, https://github.com/advisories/GHSA-555c-2p6r-68mm
C:\Users\ultra\warewolf\Dev\Dev2.Common\Dev2.Common.csproj : warning NU1701: Package 'AeroWizard 2.3.1' was restored using '.NETFramework,Version=v4.6.1, .NETFramework,Version=v4.6.2, .NETFramework,Version=v4.7, .NETFramework,Version=v4.7.1, .NETFramework,Version=v4.7.2, .NETFramework,Version=v4.8, .NETFramework,Version=v4.8.1' instead of the project target framework 'net8.0'. This package may not be fully compatible with your project.
C:\Users\ultra\warewolf\Dev\Dev2.Common\Dev2.Common.csproj : warning NU1701: Package 'GroupControls 1.9.0' was restored using '.NETFramework,Version=v4.6.1, .NETFramework,Version=v4.6.2, .NETFramework,Version=v4.7, .NETFramework,Version=v4.7.1, .NETFramework,Version=v4.7.2, .NETFramework,Version=v4.8, .NETFramework,Version=v4.8.1' instead of the project target framework 'net8.0'. This package may not be fully compatible with your project.
C:\Users\ultra\warewolf\Dev\Dev2.Common\Dev2.Common.csproj : warning NU1701: Package 'TaskSchedulerEditor 2.10.1' was restored using '.NETFramework,Version=v4.6.1, .NETFramework,Version=v4.6.2, .NETFramework,Version=v4.7, .NETFramework,Version=v4.7.1, .NETFramework,Version=v4.7.2, .NETFramework,Version=v4.8, .NETFramework,Version=v4.8.1' instead of the project target framework 'net8.0'. This package may not be fully compatible with your project.
C:\Users\ultra\warewolf\Dev\Dev2.Data.Interfaces\Dev2.Data.Interfaces.csproj : warning NU1903: Package 'DotNetZip' 1.16.0 has a known high severity vulnerability, https://github.com/advisories/GHSA-xhg6-9j5j-w4vf
C:\Users\ultra\warewolf\Dev\Dev2.Data.Interfaces\Dev2.Data.Interfaces.csproj : warning NU1701: Package 'AeroWizard 2.3.1' was restored using '.NETFramework,Version=v4.6.1, .NETFramework,Version=v4.6.2, .NETFramework,Version=v4.7, .NETFramework,Version=v4.7.1, .NETFramework,Version=v4.7.2, .NETFramework,Version=v4.8, .NETFramework,Version=v4.8.1' instead of the project target framework 'net8.0'. This package may not be fully compatible with your project.
C:\Users\ultra\warewolf\Dev\Dev2.Data.Interfaces\Dev2.Data.Interfaces.csproj : warning NU1701: Package 'GroupControls 1.9.0' was restored using '.NETFramework,Version=v4.6.1, .NETFramework,Version=v4.6.2, .NETFramework,Version=v4.7, .NETFramework,Version=v4.7.1, .NETFramework,Version=v4.7.2, .NETFramework,Version=v4.8, .NETFramework,Version=v4.8.1' instead of the project target framework 'net8.0'. This package may not be fully compatible with your project.
C:\Users\ultra\warewolf\Dev\Dev2.Data.Interfaces\Dev2.Data.Interfaces.csproj : warning NU1701: Package 'TaskSchedulerEditor 2.10.1' was restored using '.NETFramework,Version=v4.6.1, .NETFramework,Version=v4.6.2, .NETFramework,Version=v4.7, .NETFramework,Version=v4.7.1, .NETFramework,Version=v4.7.2, .NETFramework,Version=v4.8, .NETFramework,Version=v4.8.1' instead of the project target framework 'net8.0'. This package may not be fully compatible with your project.
C:\Users\ultra\warewolf\Dev\Warewolf.Common\Warewolf.Common.csproj : warning NU1701: Package 'AeroWizard 2.3.1' was restored using '.NETFramework,Version=v4.6.1, .NETFramework,Version=v4.6.2, .NETFramework,Version=v4.7, .NETFramework,Version=v4.7.1, .NETFramework,Version=v4.7.2, .NETFramework,Version=v4.8, .NETFramework,Version=v4.8.1' instead of the project target framework 'net8.0'. This package may not be fully compatible with your project.
C:\Users\ultra\warewolf\Dev\Warewolf.Common\Warewolf.Common.csproj : warning NU1701: Package 'GroupControls 1.9.0' was restored using '.NETFramework,Version=v4.6.1, .NETFramework,Version=v4.6.2, .NETFramework,Version=v4.7, .NETFramework,Version=v4.7.1, .NETFramework,Version=v4.7.2, .NETFramework,Version=v4.8, .NETFramework,Version=v4.8.1' instead of the project target framework 'net8.0'. This package may not be fully compatible with your project.
C:\Users\ultra\warewolf\Dev\Warewolf.Common\Warewolf.Common.csproj : warning NU1701: Package 'TaskSchedulerEditor 2.10.1' was restored using '.NETFramework,Version=v4.6.1, .NETFramework,Version=v4.6.2, .NETFramework,Version=v4.7, .NETFramework,Version=v4.7.1, .NETFramework,Version=v4.7.2, .NETFramework,Version=v4.8, .NETFramework,Version=v4.8.1' instead of the project target framework 'net8.0'. This package may not be fully compatible with your project.
C:\Users\ultra\warewolf\Dev\Dev2.Infrastructure\Dev2.Infrastructure.csproj : warning NU1903: Package 'Microsoft.Windows.Compatibility' 6.0.0 has a known high severity vulnerability, https://github.com/advisories/GHSA-555c-2p6r-68mm
C:\Users\ultra\warewolf\Dev\Dev2.Infrastructure\Dev2.Infrastructure.csproj : warning NU1701: Package 'AeroWizard 2.3.1' was restored using '.NETFramework,Version=v4.6.1, .NETFramework,Version=v4.6.2, .NETFramework,Version=v4.7, .NETFramework,Version=v4.7.1, .NETFramework,Version=v4.7.2, .NETFramework,Version=v4.8, .NETFramework,Version=v4.8.1' instead of the project target framework 'net8.0'. This package may not be fully compatible with your project.
C:\Users\ultra\warewolf\Dev\Dev2.Infrastructure\Dev2.Infrastructure.csproj : warning NU1701: Package 'GroupControls 1.9.0' was restored using '.NETFramework,Version=v4.6.1, .NETFramework,Version=v4.6.2, .NETFramework,Version=v4.7, .NETFramework,Version=v4.7.1, .NETFramework,Version=v4.7.2, .NETFramework,Version=v4.8, .NETFramework,Version=v4.8.1' instead of the project target framework 'net8.0'. This package may not be fully compatible with your project.
C:\Users\ultra\warewolf\Dev\Dev2.Common.Interfaces\Dev2.Common.Interfaces.csproj : warning NU1903: Package 'Microsoft.Windows.Compatibility' 6.0.0 has a known high severity vulnerability, https://github.com/advisories/GHSA-555c-2p6r-68mm
C:\Users\ultra\warewolf\Dev\Dev2.Infrastructure\Dev2.Infrastructure.csproj : warning NU1701: Package 'ReactiveUI.WPF 18.4.1' was restored using '.NETFramework,Version=v4.6.1, .NETFramework,Version=v4.6.2, .NETFramework,Version=v4.7, .NETFramework,Version=v4.7.1, .NETFramework,Version=v4.7.2, .NETFramework,Version=v4.8, .NETFramework,Version=v4.8.1' instead of the project target framework 'net8.0'. This package may not be fully compatible with your project.
C:\Users\ultra\warewolf\Dev\Dev2.Infrastructure\Dev2.Infrastructure.csproj : warning NU1701: Package 'TaskSchedulerEditor 2.10.1' was restored using '.NETFramework,Version=v4.6.1, .NETFramework,Version=v4.6.2, .NETFramework,Version=v4.7, .NETFramework,Version=v4.7.1, .NETFramework,Version=v4.7.2, .NETFramework,Version=v4.8, .NETFramework,Version=v4.8.1' instead of the project target framework 'net8.0'. This package may not be fully compatible with your project.
C:\Users\ultra\warewolf\Dev\Dev2.Common.Interfaces\Dev2.Common.Interfaces.csproj : warning NU1701: Package 'AeroWizard 2.3.1' was restored using '.NETFramework,Version=v4.6.1, .NETFramework,Version=v4.6.2, .NETFramework,Version=v4.7, .NETFramework,Version=v4.7.1, .NETFramework,Version=v4.7.2, .NETFramework,Version=v4.8, .NETFramework,Version=v4.8.1' instead of the project target framework 'net8.0'. This package may not be fully compatible with your project.
C:\Users\ultra\warewolf\Dev\Dev2.Common.Interfaces\Dev2.Common.Interfaces.csproj : warning NU1701: Package 'GroupControls 1.9.0' was restored using '.NETFramework,Version=v4.6.1, .NETFramework,Version=v4.6.2, .NETFramework,Version=v4.7, .NETFramework,Version=v4.7.1, .NETFramework,Version=v4.7.2, .NETFramework,Version=v4.8, .NETFramework,Version=v4.8.1' instead of the project target framework 'net8.0'. This package may not be fully compatible with your project.
C:\Users\ultra\warewolf\Dev\Dev2.Common.Interfaces\Dev2.Common.Interfaces.csproj : warning NU1701: Package 'TaskSchedulerEditor 2.10.1' was restored using '.NETFramework,Version=v4.6.1, .NETFramework,Version=v4.6.2, .NETFramework,Version=v4.7, .NETFramework,Version=v4.7.1, .NETFramework,Version=v4.7.2, .NETFramework,Version=v4.8, .NETFramework,Version=v4.8.1' instead of the project target framework 'net8.0'. This package may not be fully compatible with your project.
C:\Users\ultra\warewolf\Dev\Warewolf.Security\Warewolf.Security.csproj : warning NU1904: Package 'System.Drawing.Common' 4.5.1 has a known critical severity vulnerability, https://github.com/advisories/GHSA-rxg9-xrhp-64gj
C:\Users\ultra\warewolf\Dev\Dev2.Runtime.Services\Dev2.Runtime.Services.csproj : warning NU1902: Package 'MessagePack' 2.4.59 has a known moderate severity vulnerability, https://github.com/advisories/GHSA-4qm4-8hg2-g2xm
C:\Users\ultra\warewolf\Dev\Dev2.Runtime.Services\Dev2.Runtime.Services.csproj : warning NU1903: Package 'Microsoft.Windows.Compatibility' 6.0.0 has a known high severity vulnerability, https://github.com/advisories/GHSA-555c-2p6r-68mm
C:\Users\ultra\warewolf\Dev\Dev2.Runtime.Services\Dev2.Runtime.Services.csproj : warning NU1701: Package 'AeroWizard 2.3.1' was restored using '.NETFramework,Version=v4.6.1, .NETFramework,Version=v4.6.2, .NETFramework,Version=v4.7, .NETFramework,Version=v4.7.1, .NETFramework,Version=v4.7.2, .NETFramework,Version=v4.8, .NETFramework,Version=v4.8.1' instead of the project target framework 'net8.0'. This package may not be fully compatible with your project.
C:\Users\ultra\warewolf\Dev\Dev2.Runtime.Services\Dev2.Runtime.Services.csproj : warning NU1701: Package 'GroupControls 1.9.0' was restored using '.NETFramework,Version=v4.6.1, .NETFramework,Version=v4.6.2, .NETFramework,Version=v4.7, .NETFramework,Version=v4.7.1, .NETFramework,Version=v4.7.2, .NETFramework,Version=v4.8, .NETFramework,Version=v4.8.1' instead of the project target framework 'net8.0'. This package may not be fully compatible with your project.
C:\Users\ultra\warewolf\Dev\Dev2.Runtime.Services\Dev2.Runtime.Services.csproj : warning NU1701: Package 'ReactiveUI.WPF 18.4.1' was restored using '.NETFramework,Version=v4.6.1, .NETFramework,Version=v4.6.2, .NETFramework,Version=v4.7, .NETFramework,Version=v4.7.1, .NETFramework,Version=v4.7.2, .NETFramework,Version=v4.8, .NETFramework,Version=v4.8.1' instead of the project target framework 'net8.0'. This package may not be fully compatible with your project.
C:\Users\ultra\warewolf\Dev\Dev2.Runtime.Services\Dev2.Runtime.Services.csproj : warning NU1701: Package 'TaskSchedulerEditor 2.10.1' was restored using '.NETFramework,Version=v4.6.1, .NETFramework,Version=v4.6.2, .NETFramework,Version=v4.7, .NETFramework,Version=v4.7.1, .NETFramework,Version=v4.7.2, .NETFramework,Version=v4.8, .NETFramework,Version=v4.8.1' instead of the project target framework 'net8.0'. This package may not be fully compatible with your project.
C:\Users\ultra\warewolf\Dev\Dev2.Util\Dev2.Util.csproj : warning NU1903: Package 'Microsoft.Windows.Compatibility' 6.0.0 has a known high severity vulnerability, https://github.com/advisories/GHSA-555c-2p6r-68mm
C:\Users\ultra\warewolf\Dev\Dev2.Util\Dev2.Util.csproj : warning NU1701: Package 'AeroWizard 2.3.1' was restored using '.NETFramework,Version=v4.6.1, .NETFramework,Version=v4.6.2, .NETFramework,Version=v4.7, .NETFramework,Version=v4.7.1, .NETFramework,Version=v4.7.2, .NETFramework,Version=v4.8, .NETFramework,Version=v4.8.1' instead of the project target framework 'net8.0'. This package may not be fully compatible with your project.
C:\Users\ultra\warewolf\Dev\Dev2.Util\Dev2.Util.csproj : warning NU1701: Package 'GroupControls 1.9.0' was restored using '.NETFramework,Version=v4.6.1, .NETFramework,Version=v4.6.2, .NETFramework,Version=v4.7, .NETFramework,Version=v4.7.1, .NETFramework,Version=v4.7.2, .NETFramework,Version=v4.8, .NETFramework,Version=v4.8.1' instead of the project target framework 'net8.0'. This package may not be fully compatible with your project.
C:\Users\ultra\warewolf\Dev\Dev2.Util\Dev2.Util.csproj : warning NU1701: Package 'TaskSchedulerEditor 2.10.1' was restored using '.NETFramework,Version=v4.6.1, .NETFramework,Version=v4.6.2, .NETFramework,Version=v4.7, .NETFramework,Version=v4.7.1, .NETFramework,Version=v4.7.2, .NETFramework,Version=v4.8, .NETFramework,Version=v4.8.1' instead of the project target framework 'net8.0'. This package may not be fully compatible with your project.
C:\Users\ultra\warewolf\Dev\Warewolf.Data\Warewolf.Data.csproj : warning NU1701: Package 'AeroWizard 2.3.1' was restored using '.NETFramework,Version=v4.6.1, .NETFramework,Version=v4.6.2, .NETFramework,Version=v4.7, .NETFramework,Version=v4.7.1, .NETFramework,Version=v4.7.2, .NETFramework,Version=v4.8, .NETFramework,Version=v4.8.1' instead of the project target framework 'net8.0'. This package may not be fully compatible with your project.
C:\Users\ultra\warewolf\Dev\Warewolf.Data\Warewolf.Data.csproj : warning NU1701: Package 'GroupControls 1.9.0' was restored using '.NETFramework,Version=v4.6.1, .NETFramework,Version=v4.6.2, .NETFramework,Version=v4.7, .NETFramework,Version=v4.7.1, .NETFramework,Version=v4.7.2, .NETFramework,Version=v4.8, .NETFramework,Version=v4.8.1' instead of the project target framework 'net8.0'. This package may not be fully compatible with your project.
C:\Users\ultra\warewolf\Dev\Warewolf.Data\Warewolf.Data.csproj : warning NU1701: Package 'TaskSchedulerEditor 2.10.1' was restored using '.NETFramework,Version=v4.6.1, .NETFramework,Version=v4.6.2, .NETFramework,Version=v4.7, .NETFramework,Version=v4.7.1, .NETFramework,Version=v4.7.2, .NETFramework,Version=v4.8, .NETFramework,Version=v4.8.1' instead of the project target framework 'net8.0'. This package may not be fully compatible with your project.
C:\Users\ultra\warewolf\Dev\Warewolf.Common.NetStandard20\Warewolf.Common.NetStandard20.csproj : warning NU1701: Package 'AeroWizard 2.3.1' was restored using '.NETFramework,Version=v4.6.1, .NETFramework,Version=v4.6.2, .NETFramework,Version=v4.7, .NETFramework,Version=v4.7.1, .NETFramework,Version=v4.7.2, .NETFramework,Version=v4.8, .NETFramework,Version=v4.8.1' instead of the project target framework 'net8.0'. This package may not be fully compatible with your project.
C:\Users\ultra\warewolf\Dev\Warewolf.Common.NetStandard20\Warewolf.Common.NetStandard20.csproj : warning NU1701: Package 'GroupControls 1.9.0' was restored using '.NETFramework,Version=v4.6.1, .NETFramework,Version=v4.6.2, .NETFramework,Version=v4.7, .NETFramework,Version=v4.7.1, .NETFramework,Version=v4.7.2, .NETFramework,Version=v4.8, .NETFramework,Version=v4.8.1' instead of the project target framework 'net8.0'. This package may not be fully compatible with your project.
C:\Users\ultra\warewolf\Dev\Warewolf.Common.NetStandard20\Warewolf.Common.NetStandard20.csproj : warning NU1701: Package 'ReactiveUI.WPF 18.4.1' was restored using '.NETFramework,Version=v4.6.1, .NETFramework,Version=v4.6.2, .NETFramework,Version=v4.7, .NETFramework,Version=v4.7.1, .NETFramework,Version=v4.7.2, .NETFramework,Version=v4.8, .NETFramework,Version=v4.8.1' instead of the project target framework 'net8.0'. This package may not be fully compatible with your project.
C:\Users\ultra\warewolf\Dev\Warewolf.Common.NetStandard20\Warewolf.Common.NetStandard20.csproj : warning NU1701: Package 'TaskSchedulerEditor 2.10.1' was restored using '.NETFramework,Version=v4.6.1, .NETFramework,Version=v4.6.2, .NETFramework,Version=v4.7, .NETFramework,Version=v4.7.1, .NETFramework,Version=v4.7.2, .NETFramework,Version=v4.8, .NETFramework,Version=v4.8.1' instead of the project target framework 'net8.0'. This package may not be fully compatible with your project.
  Dev2.Net6.Compatibility -> C:\Users\ultra\warewolf\Dev\Dev2.Net6.Compatibility\bin\Debug\net8.0\Dev2.Net6.Compatibility.dll
C:\Users\ultra\warewolf\Dev\Warewolf.Language.Parser\Warewolf.Language.Parser.fsproj : warning NU1504: Duplicate 'PackageReference' items found. Remove the duplicate items or use the Update functionality to ensure a consistent restore behavior. The duplicate 'PackageReference' items are: FSharp.Core 10.1.201, FSharp.Core 4.6.2.
C:\Users\ultra\warewolf\Dev\Warewolf.Sharepoint\Warewolf.Sharepoint.csproj : warning NU1701: Package 'AeroWizard 2.3.1' was restored using '.NETFramework,Version=v4.6.1, .NETFramework,Version=v4.6.2, .NETFramework,Version=v4.7, .NETFramework,Version=v4.7.1, .NETFramework,Version=v4.7.2, .NETFramework,Version=v4.8, .NETFramework,Version=v4.8.1' instead of the project target framework 'net8.0'. This package may not be fully compatible with your project.
C:\Users\ultra\warewolf\Dev\Warewolf.Sharepoint\Warewolf.Sharepoint.csproj : warning NU1701: Package 'GroupControls 1.9.0' was restored using '.NETFramework,Version=v4.6.1, .NETFramework,Version=v4.6.2, .NETFramework,Version=v4.7, .NETFramework,Version=v4.7.1, .NETFramework,Version=v4.7.2, .NETFramework,Version=v4.8, .NETFramework,Version=v4.8.1' instead of the project target framework 'net8.0'. This package may not be fully compatible with your project.
C:\Users\ultra\warewolf\Dev\Warewolf.Sharepoint\Warewolf.Sharepoint.csproj : warning NU1701: Package 'ReactiveUI.WPF 18.4.1' was restored using '.NETFramework,Version=v4.6.1, .NETFramework,Version=v4.6.2, .NETFramework,Version=v4.7, .NETFramework,Version=v4.7.1, .NETFramework,Version=v4.7.2, .NETFramework,Version=v4.8, .NETFramework,Version=v4.8.1' instead of the project target framework 'net8.0'. This package may not be fully compatible with your project.
C:\Users\ultra\warewolf\Dev\Warewolf.Sharepoint\Warewolf.Sharepoint.csproj : warning NU1701: Package 'TaskSchedulerEditor 2.10.1' was restored using '.NETFramework,Version=v4.6.1, .NETFramework,Version=v4.6.2, .NETFramework,Version=v4.7, .NETFramework,Version=v4.7.1, .NETFramework,Version=v4.7.2, .NETFramework,Version=v4.8, .NETFramework,Version=v4.8.1' instead of the project target framework 'net8.0'. This package may not be fully compatible with your project.
C:\Users\ultra\warewolf\Dev\Warewolf.Auditing\Warewolf.Auditing.csproj : warning NU1701: Package 'AeroWizard 2.3.1' was restored using '.NETFramework,Version=v4.6.1, .NETFramework,Version=v4.6.2, .NETFramework,Version=v4.7, .NETFramework,Version=v4.7.1, .NETFramework,Version=v4.7.2, .NETFramework,Version=v4.8, .NETFramework,Version=v4.8.1' instead of the project target framework 'net8.0'. This package may not be fully compatible with your project.
C:\Users\ultra\warewolf\Dev\Warewolf.Auditing\Warewolf.Auditing.csproj : warning NU1701: Package 'GroupControls 1.9.0' was restored using '.NETFramework,Version=v4.6.1, .NETFramework,Version=v4.6.2, .NETFramework,Version=v4.7, .NETFramework,Version=v4.7.1, .NETFramework,Version=v4.7.2, .NETFramework,Version=v4.8, .NETFramework,Version=v4.8.1' instead of the project target framework 'net8.0'. This package may not be fully compatible with your project.
C:\Users\ultra\warewolf\Dev\Warewolf.Auditing\Warewolf.Auditing.csproj : warning NU1701: Package 'ReactiveUI.WPF 18.4.1' was restored using '.NETFramework,Version=v4.6.1, .NETFramework,Version=v4.6.2, .NETFramework,Version=v4.7, .NETFramework,Version=v4.7.1, .NETFramework,Version=v4.7.2, .NETFramework,Version=v4.8, .NETFramework,Version=v4.8.1' instead of the project target framework 'net8.0'. This package may not be fully compatible with your project.
C:\Users\ultra\warewolf\Dev\Warewolf.Auditing\Warewolf.Auditing.csproj : warning NU1701: Package 'TaskSchedulerEditor 2.10.1' was restored using '.NETFramework,Version=v4.6.1, .NETFramework,Version=v4.6.2, .NETFramework,Version=v4.7, .NETFramework,Version=v4.7.1, .NETFramework,Version=v4.7.2, .NETFramework,Version=v4.8, .NETFramework,Version=v4.8.1' instead of the project target framework 'net8.0'. This package may not be fully compatible with your project.
  Log4Net.Async -> C:\Users\ultra\warewolf\Dev\Log4Net.Async\bin\Debug\net8.0\Log4Net.Async.dll
  GACManagerApi -> C:\Users\ultra\warewolf\Dev\GACManagerApi\bin\Debug\net8.0\GACManagerApi.dll
C:\Users\ultra\warewolf\Dev\Warewolf.Licensing\Warewolf.Licensing.csproj : warning NU1701: Package 'AeroWizard 2.3.1' was restored using '.NETFramework,Version=v4.6.1, .NETFramework,Version=v4.6.2, .NETFramework,Version=v4.7, .NETFramework,Version=v4.7.1, .NETFramework,Version=v4.7.2, .NETFramework,Version=v4.8, .NETFramework,Version=v4.8.1' instead of the project target framework 'net8.0'. This package may not be fully compatible with your project.
C:\Users\ultra\warewolf\Dev\Warewolf.Licensing\Warewolf.Licensing.csproj : warning NU1701: Package 'GroupControls 1.9.0' was restored using '.NETFramework,Version=v4.6.1, .NETFramework,Version=v4.6.2, .NETFramework,Version=v4.7, .NETFramework,Version=v4.7.1, .NETFramework,Version=v4.7.2, .NETFramework,Version=v4.8, .NETFramework,Version=v4.8.1' instead of the project target framework 'net8.0'. This package may not be fully compatible with your project.
C:\Users\ultra\warewolf\Dev\Warewolf.Licensing\Warewolf.Licensing.csproj : warning NU1701: Package 'TaskSchedulerEditor 2.10.1' was restored using '.NETFramework,Version=v4.6.1, .NETFramework,Version=v4.6.2, .NETFramework,Version=v4.7, .NETFramework,Version=v4.7.1, .NETFramework,Version=v4.7.2, .NETFramework,Version=v4.8, .NETFramework,Version=v4.8.1' instead of the project target framework 'net8.0'. This package may not be fully compatible with your project.
C:\Users\ultra\warewolf\Dev\Warewolf.Storage\Warewolf.Storage.csproj : warning NU1701: Package 'AeroWizard 2.3.1' was restored using '.NETFramework,Version=v4.6.1, .NETFramework,Version=v4.6.2, .NETFramework,Version=v4.7, .NETFramework,Version=v4.7.1, .NETFramework,Version=v4.7.2, .NETFramework,Version=v4.8, .NETFramework,Version=v4.8.1' instead of the project target framework 'net8.0'. This package may not be fully compatible with your project.
C:\Users\ultra\warewolf\Dev\Warewolf.Storage\Warewolf.Storage.csproj : warning NU1701: Package 'GroupControls 1.9.0' was restored using '.NETFramework,Version=v4.6.1, .NETFramework,Version=v4.6.2, .NETFramework,Version=v4.7, .NETFramework,Version=v4.7.1, .NETFramework,Version=v4.7.2, .NETFramework,Version=v4.8, .NETFramework,Version=v4.8.1' instead of the project target framework 'net8.0'. This package may not be fully compatible with your project.
C:\Users\ultra\warewolf\Dev\Warewolf.Storage\Warewolf.Storage.csproj : warning NU1701: Package 'ReactiveUI.WPF 18.4.1' was restored using '.NETFramework,Version=v4.6.1, .NETFramework,Version=v4.6.2, .NETFramework,Version=v4.7, .NETFramework,Version=v4.7.1, .NETFramework,Version=v4.7.2, .NETFramework,Version=v4.8, .NETFramework,Version=v4.8.1' instead of the project target framework 'net8.0'. This package may not be fully compatible with your project.
C:\Users\ultra\warewolf\Dev\Warewolf.Storage\Warewolf.Storage.csproj : warning NU1701: Package 'TaskSchedulerEditor 2.10.1' was restored using '.NETFramework,Version=v4.6.1, .NETFramework,Version=v4.6.2, .NETFramework,Version=v4.7, .NETFramework,Version=v4.7.1, .NETFramework,Version=v4.7.2, .NETFramework,Version=v4.8, .NETFramework,Version=v4.8.1' instead of the project target framework 'net8.0'. This package may not be fully compatible with your project.
  Warewolf.Weave -> C:\Users\ultra\warewolf\Dev\Warewolf.Weave\bin\Debug\net8.0\Warewolf.Weave.dll
C:\Users\ultra\warewolf\Dev\Dev2.Services.Sql\Dev2.Services.Sql.csproj : warning NU1903: Package 'Oracle.ManagedDataAccess.Core' 3.21.70 has a known high severity vulnerability, https://github.com/advisories/GHSA-5pm2-9mr2-3frq
C:\Users\ultra\warewolf\Dev\Dev2.Services.Sql\Dev2.Services.Sql.csproj : warning NU1701: Package 'AeroWizard 2.3.1' was restored using '.NETFramework,Version=v4.6.1, .NETFramework,Version=v4.6.2, .NETFramework,Version=v4.7, .NETFramework,Version=v4.7.1, .NETFramework,Version=v4.7.2, .NETFramework,Version=v4.8, .NETFramework,Version=v4.8.1' instead of the project target framework 'net8.0'. This package may not be fully compatible with your project.
C:\Users\ultra\warewolf\Dev\Dev2.Services.Sql\Dev2.Services.Sql.csproj : warning NU1701: Package 'GroupControls 1.9.0' was restored using '.NETFramework,Version=v4.6.1, .NETFramework,Version=v4.6.2, .NETFramework,Version=v4.7, .NETFramework,Version=v4.7.1, .NETFramework,Version=v4.7.2, .NETFramework,Version=v4.8, .NETFramework,Version=v4.8.1' instead of the project target framework 'net8.0'. This package may not be fully compatible with your project.
C:\Users\ultra\warewolf\Dev\Dev2.Services.Sql\Dev2.Services.Sql.csproj : warning NU1701: Package 'ReactiveUI.WPF 18.4.1' was restored using '.NETFramework,Version=v4.6.1, .NETFramework,Version=v4.6.2, .NETFramework,Version=v4.7, .NETFramework,Version=v4.7.1, .NETFramework,Version=v4.7.2, .NETFramework,Version=v4.8, .NETFramework,Version=v4.8.1' instead of the project target framework 'net8.0'. This package may not be fully compatible with your project.
C:\Users\ultra\warewolf\Dev\Dev2.Services.Sql\Dev2.Services.Sql.csproj : warning NU1701: Package 'TaskSchedulerEditor 2.10.1' was restored using '.NETFramework,Version=v4.6.1, .NETFramework,Version=v4.6.2, .NETFramework,Version=v4.7, .NETFramework,Version=v4.7.1, .NETFramework,Version=v4.7.2, .NETFramework,Version=v4.8, .NETFramework,Version=v4.8.1' instead of the project target framework 'net8.0'. This package may not be fully compatible with your project.
  Warewolf.Resource -> C:\Users\ultra\warewolf\Dev\Warewolf.Resource\bin\Debug\net8.0\Warewolf.Resource.dll
C:\Users\ultra\warewolf\Dev\Warewolf.Storage.Interfaces\Warewolf.Storage.Interfaces.csproj : warning NU1701: Package 'AeroWizard 2.3.1' was restored using '.NETFramework,Version=v4.6.1, .NETFramework,Version=v4.6.2, .NETFramework,Version=v4.7, .NETFramework,Version=v4.7.1, .NETFramework,Version=v4.7.2, .NETFramework,Version=v4.8, .NETFramework,Version=v4.8.1' instead of the project target framework 'net8.0'. This package may not be fully compatible with your project.
C:\Users\ultra\warewolf\Dev\Warewolf.Storage.Interfaces\Warewolf.Storage.Interfaces.csproj : warning NU1701: Package 'GroupControls 1.9.0' was restored using '.NETFramework,Version=v4.6.1, .NETFramework,Version=v4.6.2, .NETFramework,Version=v4.7, .NETFramework,Version=v4.7.1, .NETFramework,Version=v4.7.2, .NETFramework,Version=v4.8, .NETFramework,Version=v4.8.1' instead of the project target framework 'net8.0'. This package may not be fully compatible with your project.
C:\Users\ultra\warewolf\Dev\Warewolf.Storage.Interfaces\Warewolf.Storage.Interfaces.csproj : warning NU1701: Package 'TaskSchedulerEditor 2.10.1' was restored using '.NETFramework,Version=v4.6.1, .NETFramework,Version=v4.6.2, .NETFramework,Version=v4.7, .NETFramework,Version=v4.7.1, .NETFramework,Version=v4.7.2, .NETFramework,Version=v4.8, .NETFramework,Version=v4.8.1' instead of the project target framework 'net8.0'. This package may not be fully compatible with your project.
C:\Users\ultra\warewolf\Dev\Warewolf.Interfaces\Data\ChatbotSettingsData.cs(20,23): warning CS0169: The field 'ChatbotSettingsData._encryptDataSource' is never used [C:\Users\ultra\warewolf\Dev\Warewolf.Interfaces\Warewolf.Interfaces.csproj]
C:\Users\ultra\warewolf\Dev\Warewolf.Interfaces\Auditing\SerializableException.cs(15,7): warning CS0414: The field 'SerializableException.HResult' is assigned but its value is never used [C:\Users\ultra\warewolf\Dev\Warewolf.Interfaces\Warewolf.Interfaces.csproj]
C:\Users\ultra\warewolf\Dev\Warewolf.Driver.Serilog\Warewolf.Driver.Serilog.csproj : warning NU1701: Package 'AeroWizard 2.3.1' was restored using '.NETFramework,Version=v4.6.1, .NETFramework,Version=v4.6.2, .NETFramework,Version=v4.7, .NETFramework,Version=v4.7.1, .NETFramework,Version=v4.7.2, .NETFramework,Version=v4.8, .NETFramework,Version=v4.8.1' instead of the project target framework 'net8.0'. This package may not be fully compatible with your project.
C:\Users\ultra\warewolf\Dev\Warewolf.Driver.Serilog\Warewolf.Driver.Serilog.csproj : warning NU1701: Package 'GroupControls 1.9.0' was restored using '.NETFramework,Version=v4.6.1, .NETFramework,Version=v4.6.2, .NETFramework,Version=v4.7, .NETFramework,Version=v4.7.1, .NETFramework,Version=v4.7.2, .NETFramework,Version=v4.8, .NETFramework,Version=v4.8.1' instead of the project target framework 'net8.0'. This package may not be fully compatible with your project.
C:\Users\ultra\warewolf\Dev\Warewolf.Driver.Serilog\Warewolf.Driver.Serilog.csproj : warning NU1701: Package 'ReactiveUI.WPF 18.4.1' was restored using '.NETFramework,Version=v4.6.1, .NETFramework,Version=v4.6.2, .NETFramework,Version=v4.7, .NETFramework,Version=v4.7.1, .NETFramework,Version=v4.7.2, .NETFramework,Version=v4.8, .NETFramework,Version=v4.8.1' instead of the project target framework 'net8.0'. This package may not be fully compatible with your project.
C:\Users\ultra\warewolf\Dev\Warewolf.Driver.Serilog\Warewolf.Driver.Serilog.csproj : warning NU1701: Package 'TaskSchedulerEditor 2.10.1' was restored using '.NETFramework,Version=v4.6.1, .NETFramework,Version=v4.6.2, .NETFramework,Version=v4.7, .NETFramework,Version=v4.7.1, .NETFramework,Version=v4.7.2, .NETFramework,Version=v4.8, .NETFramework,Version=v4.8.1' instead of the project target framework 'net8.0'. This package may not be fully compatible with your project.
  Dev2.SignalR.Wrappers.Interfaces -> C:\Users\ultra\warewolf\Dev\Dev2.SignalR.Wrappers\bin\Debug\net8.0\Dev2.SignalR.Wrappers.dll
  Warewolf.Interfaces -> C:\Users\ultra\warewolf\Dev\Warewolf.Interfaces\bin\Debug\net8.0\Warewolf.Interfaces.dll
C:\Users\ultra\warewolf\Dev\Warewolf.AI.Harness\Warewolf.AI.Harness.csproj : warning NU1701: Package 'AeroWizard 2.3.1' was restored using '.NETFramework,Version=v4.6.1, .NETFramework,Version=v4.6.2, .NETFramework,Version=v4.7, .NETFramework,Version=v4.7.1, .NETFramework,Version=v4.7.2, .NETFramework,Version=v4.8, .NETFramework,Version=v4.8.1' instead of the project target framework 'net8.0'. This package may not be fully compatible with your project.
C:\Users\ultra\warewolf\Dev\Warewolf.AI.Harness\Warewolf.AI.Harness.csproj : warning NU1701: Package 'GroupControls 1.9.0' was restored using '.NETFramework,Version=v4.6.1, .NETFramework,Version=v4.6.2, .NETFramework,Version=v4.7, .NETFramework,Version=v4.7.1, .NETFramework,Version=v4.7.2, .NETFramework,Version=v4.8, .NETFramework,Version=v4.8.1' instead of the project target framework 'net8.0'. This package may not be fully compatible with your project.
C:\Users\ultra\warewolf\Dev\Warewolf.AI.Harness\Warewolf.AI.Harness.csproj : warning NU1701: Package 'TaskSchedulerEditor 2.10.1' was restored using '.NETFramework,Version=v4.6.1, .NETFramework,Version=v4.6.2, .NETFramework,Version=v4.7, .NETFramework,Version=v4.7.1, .NETFramework,Version=v4.7.2, .NETFramework,Version=v4.8, .NETFramework,Version=v4.8.1' instead of the project target framework 'net8.0'. This package may not be fully compatible with your project.
C:\Users\ultra\warewolf\Dev\Warewolf.Security\Encryption\AESThenHMAC.cs(168,34): warning SYSLIB0021: 'AesManaged' is obsolete: 'Derived cryptographic types are obsolete. Use the Create method on the base type instead.' (https://aka.ms/dotnet-warnings/SYSLIB0021) [C:\Users\ultra\warewolf\Dev\Warewolf.Security\Warewolf.Security.csproj]
C:\Users\ultra\warewolf\Dev\Warewolf.Security\Encryption\AESThenHMAC.cs(264,38): warning SYSLIB0021: 'AesManaged' is obsolete: 'Derived cryptographic types are obsolete. Use the Create method on the base type instead.' (https://aka.ms/dotnet-warnings/SYSLIB0021) [C:\Users\ultra\warewolf\Dev\Warewolf.Security\Warewolf.Security.csproj]
C:\Users\ultra\warewolf\Dev\Warewolf.Security\Encryption\AESThenHMAC.cs(331,36): warning SYSLIB0041: 'Rfc2898DeriveBytes.Rfc2898DeriveBytes(string, int, int)' is obsolete: 'The default hash algorithm and iteration counts in Rfc2898DeriveBytes constructors are outdated and insecure. Use a constructor that accepts the hash algorithm and the number of iterations.' (https://aka.ms/dotnet-warnings/SYSLIB0041) [C:\Users\ultra\warewolf\Dev\Warewolf.Security\Warewolf.Security.csproj]
C:\Users\ultra\warewolf\Dev\Warewolf.Security\Encryption\AESThenHMAC.cs(345,36): warning SYSLIB0041: 'Rfc2898DeriveBytes.Rfc2898DeriveBytes(string, int, int)' is obsolete: 'The default hash algorithm and iteration counts in Rfc2898DeriveBytes constructors are outdated and insecure. Use a constructor that accepts the hash algorithm and the number of iterations.' (https://aka.ms/dotnet-warnings/SYSLIB0041) [C:\Users\ultra\warewolf\Dev\Warewolf.Security\Warewolf.Security.csproj]
C:\Users\ultra\warewolf\Dev\Warewolf.Security\Encryption\AESThenHMAC.cs(393,36): warning SYSLIB0041: 'Rfc2898DeriveBytes.Rfc2898DeriveBytes(string, byte[], int)' is obsolete: 'The default hash algorithm and iteration counts in Rfc2898DeriveBytes constructors are outdated and insecure. Use a constructor that accepts the hash algorithm and the number of iterations.' (https://aka.ms/dotnet-warnings/SYSLIB0041) [C:\Users\ultra\warewolf\Dev\Warewolf.Security\Warewolf.Security.csproj]
C:\Users\ultra\warewolf\Dev\Warewolf.Security\Encryption\AESThenHMAC.cs(398,36): warning SYSLIB0041: 'Rfc2898DeriveBytes.Rfc2898DeriveBytes(string, byte[], int)' is obsolete: 'The default hash algorithm and iteration counts in Rfc2898DeriveBytes constructors are outdated and insecure. Use a constructor that accepts the hash algorithm and the number of iterations.' (https://aka.ms/dotnet-warnings/SYSLIB0041) [C:\Users\ultra\warewolf\Dev\Warewolf.Security\Warewolf.Security.csproj]
C:\Users\ultra\warewolf\Dev\Dev2.Runtime.Configuration\Dev2.Runtime.Configuration.csproj : warning NU1903: Package 'Microsoft.Windows.Compatibility' 6.0.0 has a known high severity vulnerability, https://github.com/advisories/GHSA-555c-2p6r-68mm
C:\Users\ultra\warewolf\Dev\Dev2.Runtime.Configuration\Dev2.Runtime.Configuration.csproj : warning NU1701: Package 'AeroWizard 2.3.1' was restored using '.NETFramework,Version=v4.6.1, .NETFramework,Version=v4.6.2, .NETFramework,Version=v4.7, .NETFramework,Version=v4.7.1, .NETFramework,Version=v4.7.2, .NETFramework,Version=v4.8, .NETFramework,Version=v4.8.1' instead of the project target framework 'net8.0'. This package may not be fully compatible with your project.
C:\Users\ultra\warewolf\Dev\Dev2.Runtime.Configuration\Dev2.Runtime.Configuration.csproj : warning NU1701: Package 'GroupControls 1.9.0' was restored using '.NETFramework,Version=v4.6.1, .NETFramework,Version=v4.6.2, .NETFramework,Version=v4.7, .NETFramework,Version=v4.7.1, .NETFramework,Version=v4.7.2, .NETFramework,Version=v4.8, .NETFramework,Version=v4.8.1' instead of the project target framework 'net8.0'. This package may not be fully compatible with your project.
C:\Users\ultra\warewolf\Dev\Dev2.Runtime.Configuration\Dev2.Runtime.Configuration.csproj : warning NU1701: Package 'TaskSchedulerEditor 2.10.1' was restored using '.NETFramework,Version=v4.6.1, .NETFramework,Version=v4.6.2, .NETFramework,Version=v4.7, .NETFramework,Version=v4.7.1, .NETFramework,Version=v4.7.2, .NETFramework,Version=v4.8, .NETFramework,Version=v4.8.1' instead of the project target framework 'net8.0'. This package may not be fully compatible with your project.
  Warewolf.Security -> C:\Users\ultra\warewolf\Dev\Warewolf.Security\bin\Debug\net8.0\Warewolf.Security.dll
  Warewolf.Studio.Resources -> C:\Users\ultra\warewolf\Dev\Warewolf.Studio.Resources\bin\Debug\net8.0\Warewolf.Studio.Resources.dll
C:\Users\ultra\warewolf\Dev\Warewolf.Core\Warewolf.Core.csproj : warning NU1903: Package 'Microsoft.Windows.Compatibility' 6.0.0 has a known high severity vulnerability, https://github.com/advisories/GHSA-555c-2p6r-68mm
C:\Users\ultra\warewolf\Dev\Warewolf.Core\Warewolf.Core.csproj : warning NU1701: Package 'AeroWizard 2.3.1' was restored using '.NETFramework,Version=v4.6.1, .NETFramework,Version=v4.6.2, .NETFramework,Version=v4.7, .NETFramework,Version=v4.7.1, .NETFramework,Version=v4.7.2, .NETFramework,Version=v4.8, .NETFramework,Version=v4.8.1' instead of the project target framework 'net8.0'. This package may not be fully compatible with your project.
C:\Users\ultra\warewolf\Dev\Warewolf.Core\Warewolf.Core.csproj : warning NU1701: Package 'GroupControls 1.9.0' was restored using '.NETFramework,Version=v4.6.1, .NETFramework,Version=v4.6.2, .NETFramework,Version=v4.7, .NETFramework,Version=v4.7.1, .NETFramework,Version=v4.7.2, .NETFramework,Version=v4.8, .NETFramework,Version=v4.8.1' instead of the project target framework 'net8.0'. This package may not be fully compatible with your project.
C:\Users\ultra\warewolf\Dev\Warewolf.Core\Warewolf.Core.csproj : warning NU1701: Package 'ReactiveUI.WPF 18.4.1' was restored using '.NETFramework,Version=v4.6.1, .NETFramework,Version=v4.6.2, .NETFramework,Version=v4.7, .NETFramework,Version=v4.7.1, .NETFramework,Version=v4.7.2, .NETFramework,Version=v4.8, .NETFramework,Version=v4.8.1' instead of the project target framework 'net8.0'. This package may not be fully compatible with your project.
C:\Users\ultra\warewolf\Dev\Warewolf.Core\Warewolf.Core.csproj : warning NU1701: Package 'TaskSchedulerEditor 2.10.1' was restored using '.NETFramework,Version=v4.6.1, .NETFramework,Version=v4.6.2, .NETFramework,Version=v4.7, .NETFramework,Version=v4.7.1, .NETFramework,Version=v4.7.2, .NETFramework,Version=v4.8, .NETFramework,Version=v4.8.1' instead of the project target framework 'net8.0'. This package may not be fully compatible with your project.
C:\Users\ultra\warewolf\Dev\Warewolf.ResourceManagement\Warewolf.ResourceManagement.csproj : warning NU1701: Package 'AeroWizard 2.3.1' was restored using '.NETFramework,Version=v4.6.1, .NETFramework,Version=v4.6.2, .NETFramework,Version=v4.7, .NETFramework,Version=v4.7.1, .NETFramework,Version=v4.7.2, .NETFramework,Version=v4.8, .NETFramework,Version=v4.8.1' instead of the project target framework 'net8.0'. This package may not be fully compatible with your project.
C:\Users\ultra\warewolf\Dev\Warewolf.ResourceManagement\Warewolf.ResourceManagement.csproj : warning NU1701: Package 'GroupControls 1.9.0' was restored using '.NETFramework,Version=v4.6.1, .NETFramework,Version=v4.6.2, .NETFramework,Version=v4.7, .NETFramework,Version=v4.7.1, .NETFramework,Version=v4.7.2, .NETFramework,Version=v4.8, .NETFramework,Version=v4.8.1' instead of the project target framework 'net8.0'. This package may not be fully compatible with your project.
C:\Users\ultra\warewolf\Dev\Warewolf.ResourceManagement\Warewolf.ResourceManagement.csproj : warning NU1701: Package 'ReactiveUI.WPF 18.4.1' was restored using '.NETFramework,Version=v4.6.1, .NETFramework,Version=v4.6.2, .NETFramework,Version=v4.7, .NETFramework,Version=v4.7.1, .NETFramework,Version=v4.7.2, .NETFramework,Version=v4.8, .NETFramework,Version=v4.8.1' instead of the project target framework 'net8.0'. This package may not be fully compatible with your project.
C:\Users\ultra\warewolf\Dev\Warewolf.ResourceManagement\Warewolf.ResourceManagement.csproj : warning NU1701: Package 'TaskSchedulerEditor 2.10.1' was restored using '.NETFramework,Version=v4.6.1, .NETFramework,Version=v4.6.2, .NETFramework,Version=v4.7, .NETFramework,Version=v4.7.1, .NETFramework,Version=v4.7.2, .NETFramework,Version=v4.8, .NETFramework,Version=v4.8.1' instead of the project target framework 'net8.0'. This package may not be fully compatible with your project.
  Warewolf.Common.Interfaces.NetStandard20 -> C:\Users\ultra\warewolf\Dev\Warewolf.Common.Interfaces.NetStandard20\bin\Debug\net8.0\Warewolf.Common.Interfaces.NetStandard20.dll
  Consider app.config remapping of assembly "System.Runtime.CompilerServices.Unsafe, Culture=neutral, PublicKeyToken=b03f5f7f11d50a3a" from Version "6.0.0.0" [] to Version "8.0.0.0" [C:\Program Files\dotnet\packs\Microsoft.NETCore.App.Ref\8.0.25\ref\net8.0\System.Runtime.CompilerServices.Unsafe.dll] to solve conflict and get rid of warning.
  Warewolf.Driver.RabbitMQ -> C:\Users\ultra\warewolf\Dev\Warewolf.Driver.RabbitMQ\bin\Debug\net8.0\Warewolf.Driver.RabbitMQ.dll
  Warewolf.Driver.Redis -> C:\Users\ultra\warewolf\Dev\Warewolf.Driver.Redis\bin\Debug\net8.0\Warewolf.Driver.Redis.dll
  Warewolf.ServiceDefinitions -> C:\Users\ultra\warewolf\Dev\Warewolf.ServiceDefinitions\bin\Debug\net8.0\Warewolf.ServiceDefinitions.dll
C:\Users\ultra\warewolf\Dev\Dev2.Common.Interfaces\Attribute\ReasonAttribute.cs(13,18): warning CC0023: Mark 'ReasonAttribute' as sealed. (https://code-cracker.github.io/diagnostics/CC0023.html) [C:\Users\ultra\warewolf\Dev\Dev2.Common.Interfaces\Dev2.Common.Interfaces.csproj]
C:\Users\ultra\warewolf\Dev\Dev2.Common.Interfaces\Wrappers\IDirectoryEntry.cs(190,35): warning CC0057: Parameter 'path' is not used. (https://code-cracker.github.io/diagnostics/CC0057.html) [C:\Users\ultra\warewolf\Dev\Dev2.Common.Interfaces\Dev2.Common.Interfaces.csproj]
C:\Users\ultra\warewolf\Dev\Dev2.Common.Interfaces\DllListing.cs(97,17): warning CC0105: Use 'var' instead of specifying the type name. (https://code-cracker.github.io/diagnostics/CC0105.html) [C:\Users\ultra\warewolf\Dev\Dev2.Common.Interfaces\Dev2.Common.Interfaces.csproj]
C:\Users\ultra\warewolf\Dev\Dev2.Common.Interfaces\DllListing.cs(98,17): warning CC0105: Use 'var' instead of specifying the type name. (https://code-cracker.github.io/diagnostics/CC0105.html) [C:\Users\ultra\warewolf\Dev\Dev2.Common.Interfaces\Dev2.Common.Interfaces.csproj]
C:\Users\ultra\warewolf\Dev\Dev2.Common.Interfaces\Runtime\Services\IStreamContentFactory.cs(48,21): warning CC0029: 'StreamContentWrapper' should call GC.SuppressFinalize inside the Dispose method. (https://code-cracker.github.io/diagnostics/CC0029.html) [C:\Users\ultra\warewolf\Dev\Dev2.Common.Interfaces\Dev2.Common.Interfaces.csproj]
  Warewolf.Parser.Interop -> C:\Users\ultra\warewolf\Dev\Warewolf.Parser.Interop\bin\Debug\net8.0\WarewolfParserInterop.dll
  Dev2.Common.Interfaces -> C:\Users\ultra\warewolf\Dev\Dev2.Common.Interfaces\bin\Debug\net8.0\Dev2.Common.Interfaces.dll
C:\Users\ultra\warewolf\Dev\Warewolf.Language.Parser\EvaluationFunctions.fs(277,15): warning FS3548: Pattern discard is not allowed for union case that takes no data. [C:\Users\ultra\warewolf\Dev\Warewolf.Language.Parser\Warewolf.Language.Parser.fsproj]
C:\Users\ultra\warewolf\Dev\Warewolf.Language.Parser\EvaluationFunctions.fs(305,15): warning FS3548: Pattern discard is not allowed for union case that takes no data. [C:\Users\ultra\warewolf\Dev\Warewolf.Language.Parser\Warewolf.Language.Parser.fsproj]
C:\Users\ultra\warewolf\Dev\Warewolf.Language.Parser\EvaluationFunctions.fs(748,21): warning FS3873: This construct is deprecated. Sequence expressions should be of the form 'seq { ... }' [C:\Users\ultra\warewolf\Dev\Warewolf.Language.Parser\Warewolf.Language.Parser.fsproj]
C:\Users\ultra\warewolf\Dev\Warewolf.Language.Parser\EvaluationFunctions.fs(751,28): warning FS3873: This construct is deprecated. Sequence expressions should be of the form 'seq { ... }' [C:\Users\ultra\warewolf\Dev\Warewolf.Language.Parser\Warewolf.Language.Parser.fsproj]
C:\Users\ultra\warewolf\Dev\Warewolf.Language.Parser\WarewolfDataEvaluationCommon.fs(593,21): warning FS3873: This construct is deprecated. Sequence expressions should be of the form 'seq { ... }' [C:\Users\ultra\warewolf\Dev\Warewolf.Language.Parser\Warewolf.Language.Parser.fsproj]
C:\Users\ultra\warewolf\Dev\Warewolf.Language.Parser\WarewolfDataEvaluationCommon.fs(596,28): warning FS3873: This construct is deprecated. Sequence expressions should be of the form 'seq { ... }' [C:\Users\ultra\warewolf\Dev\Warewolf.Language.Parser\Warewolf.Language.Parser.fsproj]
C:\Users\ultra\warewolf\Dev\Warewolf.Data\NamedInt.cs(160,21): warning CA2200: Re-throwing caught exception changes stack information (https://learn.microsoft.com/dotnet/fundamentals/code-analysis/quality-rules/ca2200) [C:\Users\ultra\warewolf\Dev\Warewolf.Data\Warewolf.Data.csproj]
  Warewolf.Data -> C:\Users\ultra\warewolf\Dev\Warewolf.Data\bin\Debug\net8.0\Warewolf.Data.dll
  Warewolf.Language.Parser -> C:\Users\ultra\warewolf\Dev\Warewolf.Language.Parser\bin\Debug\net8.0\Warewolf.Language.Parser.dll
  Warewolf.Common -> C:\Users\ultra\warewolf\Dev\Warewolf.Common\bin\Debug\net8.0\Warewolf.Common.dll
  Warewolf.Storage.Interfaces -> C:\Users\ultra\warewolf\Dev\Warewolf.Storage.Interfaces\bin\Debug\net8.0\Warewolf.Storage.Interfaces.dll
  Dev2.Data.Interfaces -> C:\Users\ultra\warewolf\Dev\Dev2.Data.Interfaces\bin\Debug\net8.0\Dev2.Data.Interfaces.dll
C:\Users\ultra\warewolf\Dev\Dev2.Common\ExtMethods\StringExtension.cs(302,13): warning CC0004: Empty Catch Block. (https://code-cracker.github.io/diagnostics/CC0004.html) [C:\Users\ultra\warewolf\Dev\Dev2.Common\Dev2.Common.csproj]
  Dev2.Common -> C:\Users\ultra\warewolf\Dev\Dev2.Common\bin\Debug\net8.0\Dev2.Common.dll
  Dev2.Util -> C:\Users\ultra\warewolf\Dev\Dev2.Util\bin\Debug\net8.0\Dev2.Util.dll
C:\Users\ultra\warewolf\Dev\Dev2.TaskScheduler.Wrappers\Dev2TaskEvent.cs(47,33): warning CA1416: This call site is reachable on all platforms. 'SecurityIdentifier.Value' is only supported on: 'windows'. (https://learn.microsoft.com/dotnet/fundamentals/code-analysis/quality-rules/ca1416) [C:\Users\ultra\warewolf\Dev\Dev2.TaskScheduler.Wrappers\Dev2.TaskScheduler.Wrappers.csproj]
  Dev2.TaskScheduler.Wrappers -> C:\Users\ultra\warewolf\Dev\Dev2.TaskScheduler.Wrappers\bin\Debug\net8.0\Dev2.TaskScheduler.Wrappers.dll
  Warewolf.Licensing -> C:\Users\ultra\warewolf\Dev\Warewolf.Licensing\bin\Debug\net8.0\Warewolf.Licensing.dll
  Dev2.CustomControls -> C:\Users\ultra\warewolf\Dev\Dev2.CustomControls\bin\Debug\net8.0\Dev2.CustomControls.dll
  Consider app.config remapping of assembly "Newtonsoft.Json, Culture=neutral, PublicKeyToken=30ad4fe6b2a6aeed" from Version "12.0.0.0" [] to Version "13.0.0.0" [C:\Users\ultra\.nuget\packages\newtonsoft.json\13.0.2\lib\net6.0\Newtonsoft.Json.dll] to solve conflict and get rid of warning.
  Dev2.Runtime.Configuration -> C:\Users\ultra\warewolf\Dev\Dev2.Runtime.Configuration\bin\Debug\net8.0\Dev2.Runtime.Configuration.dll
C:\Users\ultra\warewolf\Dev\Dev2.Diagnostics\Debug\DebugDispatcher.cs(209,35): warning CC0057: Parameter 'previous' is not used. (https://code-cracker.github.io/diagnostics/CC0057.html) [C:\Users\ultra\warewolf\Dev\Dev2.Diagnostics\Dev2.Diagnostics.csproj]
  Dev2.Diagnostics -> C:\Users\ultra\warewolf\Dev\Dev2.Diagnostics\bin\Debug\net8.0\Dev2.Diagnostics.dll
C:\Users\ultra\warewolf\Dev\Warewolf.AI.Harness\ChatbotApiService.cs(11,7): warning CS0105: The using directive for 'System.Text' appeared previously in this namespace [C:\Users\ultra\warewolf\Dev\Warewolf.AI.Harness\Warewolf.AI.Harness.csproj]
C:\Users\ultra\warewolf\Dev\Warewolf.AI.Harness\ChatbotApiService.cs(12,7): warning CS0105: The using directive for 'Newtonsoft.Json' appeared previously in this namespace [C:\Users\ultra\warewolf\Dev\Warewolf.AI.Harness\Warewolf.AI.Harness.csproj]
C:\Users\ultra\warewolf\Dev\Warewolf.AI.Harness\ChatbotApiService.cs(641,23): warning CS8618: Non-nullable property 'Model' must contain a non-null value when exiting constructor. Consider adding the 'required' modifier or declaring the property as nullable. [C:\Users\ultra\warewolf\Dev\Warewolf.AI.Harness\Warewolf.AI.Harness.csproj]
C:\Users\ultra\warewolf\Dev\Warewolf.AI.Harness\ChatbotApiService.cs(659,23): warning CS8618: Non-nullable property 'FinishReason' must contain a non-null value when exiting constructor. Consider adding the 'required' modifier or declaring the property as nullable. [C:\Users\ultra\warewolf\Dev\Warewolf.AI.Harness\Warewolf.AI.Harness.csproj]
C:\Users\ultra\warewolf\Dev\Warewolf.AI.Harness\ChatbotApiService.cs(201,34): warning CS8600: Converting null literal or possible null value to non-nullable type. [C:\Users\ultra\warewolf\Dev\Warewolf.AI.Harness\Warewolf.AI.Harness.csproj]
C:\Users\ultra\warewolf\Dev\Warewolf.AI.Harness\ChatbotApiService.cs(215,51): warning CS8602: Dereference of a possibly null reference. [C:\Users\ultra\warewolf\Dev\Warewolf.AI.Harness\Warewolf.AI.Harness.csproj]
C:\Users\ultra\warewolf\Dev\Warewolf.AI.Harness\ChatbotApiService.cs(218,25): warning CS8602: Dereference of a possibly null reference. [C:\Users\ultra\warewolf\Dev\Warewolf.AI.Harness\Warewolf.AI.Harness.csproj]
C:\Users\ultra\warewolf\Dev\Warewolf.AI.Harness\ChatbotApiService.cs(303,34): warning CS8600: Converting null literal or possible null value to non-nullable type. [C:\Users\ultra\warewolf\Dev\Warewolf.AI.Harness\Warewolf.AI.Harness.csproj]
C:\Users\ultra\warewolf\Dev\Warewolf.AI.Harness\ChatbotApiService.cs(312,51): warning CS8602: Dereference of a possibly null reference. [C:\Users\ultra\warewolf\Dev\Warewolf.AI.Harness\Warewolf.AI.Harness.csproj]
C:\Users\ultra\warewolf\Dev\Warewolf.AI.Harness\ChatbotApiService.cs(314,30): warning CS8602: Dereference of a possibly null reference. [C:\Users\ultra\warewolf\Dev\Warewolf.AI.Harness\Warewolf.AI.Harness.csproj]
C:\Users\ultra\warewolf\Dev\Warewolf.AI.Harness\ChatbotApiService.cs(477,32): warning CS8600: Converting null literal or possible null value to non-nullable type. [C:\Users\ultra\warewolf\Dev\Warewolf.AI.Harness\Warewolf.AI.Harness.csproj]
C:\Users\ultra\warewolf\Dev\Warewolf.AI.Harness\ChatbotApiService.cs(478,32): warning CS8600: Converting null literal or possible null value to non-nullable type. [C:\Users\ultra\warewolf\Dev\Warewolf.AI.Harness\Warewolf.AI.Harness.csproj]
C:\Users\ultra\warewolf\Dev\Warewolf.AI.Harness\ChatbotApiService.cs(481,73): warning CS8625: Cannot convert null literal to non-nullable reference type. [C:\Users\ultra\warewolf\Dev\Warewolf.AI.Harness\Warewolf.AI.Harness.csproj]
C:\Users\ultra\warewolf\Dev\Warewolf.AI.Harness\ChatbotApiService.cs(482,60): warning CS8604: Possible null reference argument for parameter 'authHeaderName' in 'HttpResponseMessage ChatbotApiService.PostWithAuth(string endpoint, object payload, string authHeaderName, string authHeaderValue, string additionalHeaders)'. [C:\Users\ultra\warewolf\Dev\Warewolf.AI.Harness\Warewolf.AI.Harness.csproj]
C:\Users\ultra\warewolf\Dev\Warewolf.AI.Harness\ChatbotApiService.cs(482,70): warning CS8604: Possible null reference argument for parameter 'authHeaderValue' in 'HttpResponseMessage ChatbotApiService.PostWithAuth(string endpoint, object payload, string authHeaderName, string authHeaderValue, string additionalHeaders)'. [C:\Users\ultra\warewolf\Dev\Warewolf.AI.Harness\Warewolf.AI.Harness.csproj]
C:\Users\ultra\warewolf\Dev\Warewolf.AI.Harness\ChatbotApiService.cs(482,81): warning CS8625: Cannot convert null literal to non-nullable reference type. [C:\Users\ultra\warewolf\Dev\Warewolf.AI.Harness\Warewolf.AI.Harness.csproj]
C:\Users\ultra\warewolf\Dev\Warewolf.AI.Harness\ChatbotApiService.cs(496,73): warning CS8625: Cannot convert null literal to non-nullable reference type. [C:\Users\ultra\warewolf\Dev\Warewolf.AI.Harness\Warewolf.AI.Harness.csproj]
C:\Users\ultra\warewolf\Dev\Warewolf.AI.Harness\ChatbotApiService.cs(497,81): warning CS8625: Cannot convert null literal to non-nullable reference type. [C:\Users\ultra\warewolf\Dev\Warewolf.AI.Harness\Warewolf.AI.Harness.csproj]
C:\Users\ultra\warewolf\Dev\Warewolf.AI.Harness\ChatbotApiService.cs(514,73): warning CS8625: Cannot convert null literal to non-nullable reference type. [C:\Users\ultra\warewolf\Dev\Warewolf.AI.Harness\Warewolf.AI.Harness.csproj]
C:\Users\ultra\warewolf\Dev\Warewolf.AI.Harness\ChatbotApiService.cs(515,114): warning CS8625: Cannot convert null literal to non-nullable reference type. [C:\Users\ultra\warewolf\Dev\Warewolf.AI.Harness\Warewolf.AI.Harness.csproj]
C:\Users\ultra\warewolf\Dev\Warewolf.AI.Harness\ChatbotApiService.cs(521,36): warning CS8600: Converting null literal or possible null value to non-nullable type. [C:\Users\ultra\warewolf\Dev\Warewolf.AI.Harness\Warewolf.AI.Harness.csproj]
C:\Users\ultra\warewolf\Dev\Warewolf.AI.Harness\ChatbotApiService.cs(538,82): warning CS8604: Possible null reference argument for parameter 'systemMessage' in 'Dictionary<string, object> ChatbotApiService.CreatePayload(string model, object messages, string systemMessage, bool useMaxCompletionTokens, bool includeTemperature)'. [C:\Users\ultra\warewolf\Dev\Warewolf.AI.Harness\Warewolf.AI.Harness.csproj]
C:\Users\ultra\warewolf\Dev\Warewolf.AI.Harness\ChatbotApiService.cs(545,35): warning CS8600: Converting null literal or possible null value to non-nullable type. [C:\Users\ultra\warewolf\Dev\Warewolf.AI.Harness\Warewolf.AI.Harness.csproj]
C:\Users\ultra\warewolf\Dev\Warewolf.AI.Harness\ChatbotApiService.cs(589,68): warning CS8625: Cannot convert null literal to non-nullable reference type. [C:\Users\ultra\warewolf\Dev\Warewolf.AI.Harness\Warewolf.AI.Harness.csproj]
C:\Users\ultra\warewolf\Dev\Warewolf.AI.Harness\ChatbotApiService.cs(589,74): warning CS8625: Cannot convert null literal to non-nullable reference type. [C:\Users\ultra\warewolf\Dev\Warewolf.AI.Harness\Warewolf.AI.Harness.csproj]
C:\Users\ultra\warewolf\Dev\Warewolf.AI.Harness\ChatbotApiService.cs(589,80): warning CS8625: Cannot convert null literal to non-nullable reference type. [C:\Users\ultra\warewolf\Dev\Warewolf.AI.Harness\Warewolf.AI.Harness.csproj]
  Warewolf.AI.Harness -> C:\Users\ultra\warewolf\Dev\Warewolf.AI.Harness\bin\Debug\net8.0\Warewolf.AI.Harness.dll
C:\Users\ultra\warewolf\Dev\Dev2.Infrastructure\PerformanceCounters\Management\PerformanceCounterPersistence.cs(48,81): warning CC0057: Parameter 'resourcePerformanceCounters' is not used. (https://code-cracker.github.io/diagnostics/CC0057.html) [C:\Users\ultra\warewolf\Dev\Dev2.Infrastructure\Dev2.Infrastructure.csproj]
C:\Users\ultra\warewolf\Dev\Dev2.Infrastructure\PerformanceCounters\Management\WarewolfPerformanceCounterManager.cs(22,140): warning CC0057: Parameter 'register' is not used. (https://code-cracker.github.io/diagnostics/CC0057.html) [C:\Users\ultra\warewolf\Dev\Dev2.Infrastructure\Dev2.Infrastructure.csproj]
C:\Users\ultra\warewolf\Dev\Dev2.Infrastructure\PerformanceCounters\PerformanceCounterCategoryWrapper.cs(32,48): warning CA1416: This call site is reachable on all platforms. 'PerformanceCounterCategory.Delete(string)' is only supported on: 'windows'. (https://learn.microsoft.com/dotnet/fundamentals/code-analysis/quality-rules/ca1416) [C:\Users\ultra\warewolf\Dev\Dev2.Infrastructure\Dev2.Infrastructure.csproj]
C:\Users\ultra\warewolf\Dev\Dev2.Infrastructure\PerformanceCounters\PerformanceCounterCategoryWrapper.cs(12,51): warning CA1416: This call site is reachable on all platforms. 'PerformanceCounterCategory.CounterExists(string)' is only supported on: 'windows'. (https://learn.microsoft.com/dotnet/fundamentals/code-analysis/quality-rules/ca1416) [C:\Users\ultra\warewolf\Dev\Dev2.Infrastructure\Dev2.Infrastructure.csproj]
C:\Users\ultra\warewolf\Dev\Dev2.Infrastructure\PerformanceCounters\PerformanceCounterCategoryWrapper.cs(33,48): warning CA1416: This call site is reachable on all platforms. 'PerformanceCounterCategory.Exists(string)' is only supported on: 'windows'. (https://learn.microsoft.com/dotnet/fundamentals/code-analysis/quality-rules/ca1416) [C:\Users\ultra\warewolf\Dev\Dev2.Infrastructure\Dev2.Infrastructure.csproj]
C:\Users\ultra\warewolf\Dev\Dev2.Infrastructure\PerformanceCounters\PerformanceCounterCategoryWrapper.cs(38,29): warning CA1416: This call site is reachable on all platforms. 'PerformanceCounterCategory' is only supported on: 'windows'. (https://learn.microsoft.com/dotnet/fundamentals/code-analysis/quality-rules/ca1416) [C:\Users\ultra\warewolf\Dev\Dev2.Infrastructure\Dev2.Infrastructure.csproj]
C:\Users\ultra\warewolf\Dev\Dev2.Infrastructure\PerformanceCounters\Management\WarewolfPerformanceCounterManager.cs(67,83): warning CC0057: Parameter 'name' is not used. (https://code-cracker.github.io/diagnostics/CC0057.html) [C:\Users\ultra\warewolf\Dev\Dev2.Infrastructure\Dev2.Infrastructure.csproj]
C:\Users\ultra\warewolf\Dev\Dev2.Infrastructure\PerformanceCounters\PerformanceCounterCategoryWrapper.cs(25,21): warning CA1416: This call site is reachable on all platforms. 'CounterCreationDataCollection.Add(CounterCreationData)' is only supported on: 'windows'. (https://learn.microsoft.com/dotnet/fundamentals/code-analysis/quality-rules/ca1416) [C:\Users\ultra\warewolf\Dev\Dev2.Infrastructure\Dev2.Infrastructure.csproj]
C:\Users\ultra\warewolf\Dev\Dev2.Infrastructure\PerformanceCounters\PerformanceCounterCategoryWrapper.cs(29,71): warning CA1416: This call site is reachable on all platforms. 'PerformanceCounterCategoryType.MultiInstance' is only supported on: 'windows'. (https://learn.microsoft.com/dotnet/fundamentals/code-analysis/quality-rules/ca1416) [C:\Users\ultra\warewolf\Dev\Dev2.Infrastructure\Dev2.Infrastructure.csproj]
C:\Users\ultra\warewolf\Dev\Dev2.Infrastructure\PerformanceCounters\PerformanceCounterCategoryWrapper.cs(29,13): warning CA1416: This call site is reachable on all platforms. 'PerformanceCounterCategory.Create(string, string, PerformanceCounterCategoryType, CounterCreationDataCollection)' is only supported on: 'windows'. (https://learn.microsoft.com/dotnet/fundamentals/code-analysis/quality-rules/ca1416) [C:\Users\ultra\warewolf\Dev\Dev2.Infrastructure\Dev2.Infrastructure.csproj]
C:\Users\ultra\warewolf\Dev\Dev2.Infrastructure\PerformanceCounters\PerformanceCounterCategoryWrapper.cs(19,45): warning CA1416: This call site is reachable on all platforms. 'CounterCreationData' is only supported on: 'windows'. (https://learn.microsoft.com/dotnet/fundamentals/code-analysis/quality-rules/ca1416) [C:\Users\ultra\warewolf\Dev\Dev2.Infrastructure\Dev2.Infrastructure.csproj]
C:\Users\ultra\warewolf\Dev\Dev2.Infrastructure\PerformanceCounters\PerformanceCounterCategoryWrapper.cs(14,49): warning CA1416: This call site is reachable on all platforms. 'CounterCreationDataCollection' is only supported on: 'windows'. (https://learn.microsoft.com/dotnet/fundamentals/code-analysis/quality-rules/ca1416) [C:\Users\ultra\warewolf\Dev\Dev2.Infrastructure\Dev2.Infrastructure.csproj]
C:\Users\ultra\warewolf\Dev\Dev2.Infrastructure\PerformanceCounters\PerformanceCounterCategoryWrapper.cs(48,28): warning CA1416: This call site is reachable on all platforms. 'PerformanceCounterType.AverageBase' is only supported on: 'windows'. (https://learn.microsoft.com/dotnet/fundamentals/code-analysis/quality-rules/ca1416) [C:\Users\ultra\warewolf\Dev\Dev2.Infrastructure\Dev2.Infrastructure.csproj]
C:\Users\ultra\warewolf\Dev\Dev2.Infrastructure\PerformanceCounters\PerformanceCounterCategoryWrapper.cs(52,28): warning CA1416: This call site is reachable on all platforms. 'PerformanceCounterType.NumberOfItems32' is only supported on: 'windows'. (https://learn.microsoft.com/dotnet/fundamentals/code-analysis/quality-rules/ca1416) [C:\Users\ultra\warewolf\Dev\Dev2.Infrastructure\Dev2.Infrastructure.csproj]
C:\Users\ultra\warewolf\Dev\Dev2.Infrastructure\PerformanceCounters\PerformanceCounterCategoryWrapper.cs(50,28): warning CA1416: This call site is reachable on all platforms. 'PerformanceCounterType.AverageTimer32' is only supported on: 'windows'. (https://learn.microsoft.com/dotnet/fundamentals/code-analysis/quality-rules/ca1416) [C:\Users\ultra\warewolf\Dev\Dev2.Infrastructure\Dev2.Infrastructure.csproj]
C:\Users\ultra\warewolf\Dev\Dev2.Infrastructure\PerformanceCounters\PerformanceCounterCategoryWrapper.cs(54,28): warning CA1416: This call site is reachable on all platforms. 'PerformanceCounterType.RateOfCountsPerSecond32' is only supported on: 'windows'. (https://learn.microsoft.com/dotnet/fundamentals/code-analysis/quality-rules/ca1416) [C:\Users\ultra\warewolf\Dev\Dev2.Infrastructure\Dev2.Infrastructure.csproj]
C:\Users\ultra\warewolf\Dev\Dev2.Infrastructure\Services\Security\MoqInstallerActions\InstallerActionsForDevelopment.cs(59,57): warning CA1416: This call site is reachable on all platforms. 'WindowsIdentity.Name' is only supported on: 'windows'. (https://learn.microsoft.com/dotnet/fundamentals/code-analysis/quality-rules/ca1416) [C:\Users\ultra\warewolf\Dev\Dev2.Infrastructure\Dev2.Infrastructure.csproj]
C:\Users\ultra\warewolf\Dev\Dev2.Infrastructure\Services\Security\MoqInstallerActions\InstallerActionsForDevelopment.cs(57,31): warning CA1416: This call site is reachable on all platforms. 'WindowsIdentity.GetCurrent(bool)' is only supported on: 'windows'. (https://learn.microsoft.com/dotnet/fundamentals/code-analysis/quality-rules/ca1416) [C:\Users\ultra\warewolf\Dev\Dev2.Infrastructure\Dev2.Infrastructure.csproj]
C:\Users\ultra\warewolf\Dev\Dev2.Infrastructure\Services\Security\SecuritySettings.cs(92,28): warning CC0022: HMACSHA256 should be disposed. (https://code-cracker.github.io/diagnostics/CC0022.html) [C:\Users\ultra\warewolf\Dev\Dev2.Infrastructure\Dev2.Infrastructure.csproj]
CSC : warning AD0001: Analyzer 'CodeCracker.CSharp.Design.UseInvokeMethodToFireEventAnalyzer' threw an exception of type 'System.ArgumentException' with message 'Syntax node is not within syntax tree'. [C:\Users\ultra\warewolf\Dev\Dev2.Infrastructure\Dev2.Infrastructure.csproj]
CSC : warning AD0001: Analyzer 'CodeCracker.CSharp.Design.UseInvokeMethodToFireEventAnalyzer' threw an exception of type 'System.ArgumentException' with message 'Syntax node is not within syntax tree'. [C:\Users\ultra\warewolf\Dev\Dev2.Infrastructure\Dev2.Infrastructure.csproj]
CSC : warning AD0001: Analyzer 'CodeCracker.CSharp.Design.UseInvokeMethodToFireEventAnalyzer' threw an exception of type 'System.ArgumentException' with message 'Syntax node is not within syntax tree'. [C:\Users\ultra\warewolf\Dev\Dev2.Infrastructure\Dev2.Infrastructure.csproj]
CSC : warning AD0001: Analyzer 'CodeCracker.CSharp.Design.UseInvokeMethodToFireEventAnalyzer' threw an exception of type 'System.ArgumentException' with message 'Syntax node is not within syntax tree'. [C:\Users\ultra\warewolf\Dev\Dev2.Infrastructure\Dev2.Infrastructure.csproj]
CSC : warning AD0001: Analyzer 'CodeCracker.CSharp.Design.UseInvokeMethodToFireEventAnalyzer' threw an exception of type 'System.ArgumentException' with message 'Syntax node is not within syntax tree'. [C:\Users\ultra\warewolf\Dev\Dev2.Infrastructure\Dev2.Infrastructure.csproj]
CSC : warning AD0001: Analyzer 'CodeCracker.CSharp.Design.UseInvokeMethodToFireEventAnalyzer' threw an exception of type 'System.ArgumentException' with message 'Syntax node is not within syntax tree'. [C:\Users\ultra\warewolf\Dev\Dev2.Infrastructure\Dev2.Infrastructure.csproj]
CSC : warning AD0001: Analyzer 'CodeCracker.CSharp.Design.UseInvokeMethodToFireEventAnalyzer' threw an exception of type 'System.ArgumentException' with message 'Syntax node is not within syntax tree'. [C:\Users\ultra\warewolf\Dev\Dev2.Infrastructure\Dev2.Infrastructure.csproj]
CSC : warning AD0001: Analyzer 'CodeCracker.CSharp.Design.UseInvokeMethodToFireEventAnalyzer' threw an exception of type 'System.ArgumentException' with message 'Syntax node is not within syntax tree'. [C:\Users\ultra\warewolf\Dev\Dev2.Infrastructure\Dev2.Infrastructure.csproj]
CSC : warning AD0001: Analyzer 'CodeCracker.CSharp.Design.UseInvokeMethodToFireEventAnalyzer' threw an exception of type 'System.ArgumentException' with message 'Syntax node is not within syntax tree'. [C:\Users\ultra\warewolf\Dev\Dev2.Infrastructure\Dev2.Infrastructure.csproj]
CSC : warning AD0001: Analyzer 'CodeCracker.CSharp.Design.UseInvokeMethodToFireEventAnalyzer' threw an exception of type 'System.ArgumentException' with message 'Syntax node is not within syntax tree'. [C:\Users\ultra\warewolf\Dev\Dev2.Infrastructure\Dev2.Infrastructure.csproj]
CSC : warning AD0001: Analyzer 'CodeCracker.CSharp.Design.UseInvokeMethodToFireEventAnalyzer' threw an exception of type 'System.ArgumentException' with message 'Syntax node is not within syntax tree'. [C:\Users\ultra\warewolf\Dev\Dev2.Infrastructure\Dev2.Infrastructure.csproj]
CSC : warning AD0001: Analyzer 'CodeCracker.CSharp.Design.UseInvokeMethodToFireEventAnalyzer' threw an exception of type 'System.ArgumentException' with message 'Syntax node is not within syntax tree'. [C:\Users\ultra\warewolf\Dev\Dev2.Infrastructure\Dev2.Infrastructure.csproj]
CSC : warning AD0001: Analyzer 'CodeCracker.CSharp.Design.UseInvokeMethodToFireEventAnalyzer' threw an exception of type 'System.ArgumentException' with message 'Syntax node is not within syntax tree'. [C:\Users\ultra\warewolf\Dev\Dev2.Infrastructure\Dev2.Infrastructure.csproj]
CSC : warning AD0001: Analyzer 'CodeCracker.CSharp.Design.UseInvokeMethodToFireEventAnalyzer' threw an exception of type 'System.ArgumentException' with message 'Syntax node is not within syntax tree'. [C:\Users\ultra\warewolf\Dev\Dev2.Infrastructure\Dev2.Infrastructure.csproj]
  Dev2.Infrastructure -> C:\Users\ultra\warewolf\Dev\Dev2.Infrastructure\bin\Debug\net8.0\Dev2.Infrastructure.dll
C:\Users\ultra\warewolf\Dev\Dev2.Services.Sql\ConnectionBuilder.cs(44,21): warning CC0029: 'ConnectionBuilder' should call GC.SuppressFinalize inside the Dispose method. (https://code-cracker.github.io/diagnostics/CC0029.html) [C:\Users\ultra\warewolf\Dev\Dev2.Services.Sql\Dev2.Services.Sql.csproj]
  Dev2.Services.Sql -> C:\Users\ultra\warewolf\Dev\Dev2.Services.Sql\bin\Debug\net8.0\Dev2.Services.Sql.dll
C:\Program Files\dotnet\sdk\10.0.201\Microsoft.CSharp.CurrentVersion.targets(130,9): warning MSB3884: Could not find rule set file "..\.sonarlint\warewolf_dotnet_frameworkcsharp.ruleset". [C:\Users\ultra\warewolf\Dev\Warewolf.Sharepoint\Warewolf.Sharepoint.csproj]
  Warewolf.Sharepoint -> C:\Users\ultra\warewolf\Dev\Warewolf.Sharepoint\bin\Debug\net8.0\Warewolf.Sharepoint.dll
  Warewolf.Storage -> C:\Users\ultra\warewolf\Dev\Warewolf.Storage\bin\Debug\net8.0\Warewolf.Storage.dll
C:\Program Files\dotnet\sdk\10.0.201\Microsoft.Common.CurrentVersion.targets(2451,5): warning MSB3245: Could not resolve this reference. Could not locate the assembly "System.Web". Check to make sure the assembly exists on disk. If this reference is required by your code, you may get compilation errors. [C:\Users\ultra\warewolf\Dev\Dev2.Data\Dev2.Data.csproj]
C:\Program Files\dotnet\sdk\10.0.201\Microsoft.Common.CurrentVersion.targets(2451,5): warning MSB3245: Could not resolve this reference. Could not locate the assembly "System.Web.Extensions". Check to make sure the assembly exists on disk. If this reference is required by your code, you may get compilation errors. [C:\Users\ultra\warewolf\Dev\Dev2.Data\Dev2.Data.csproj]
C:\Program Files\dotnet\sdk\10.0.201\Microsoft.Common.CurrentVersion.targets(2451,5): warning MSB3245: Could not resolve this reference. Could not locate the assembly "System.Xml.Linq". Check to make sure the assembly exists on disk. If this reference is required by your code, you may get compilation errors. [C:\Users\ultra\warewolf\Dev\Dev2.Data\Dev2.Data.csproj]
C:\Program Files\dotnet\sdk\10.0.201\Microsoft.Common.CurrentVersion.targets(2451,5): warning MSB3245: Could not resolve this reference. Could not locate the assembly "System.Data.DataSetExtensions". Check to make sure the assembly exists on disk. If this reference is required by your code, you may get compilation errors. [C:\Users\ultra\warewolf\Dev\Dev2.Data\Dev2.Data.csproj]
C:\Program Files\dotnet\sdk\10.0.201\Microsoft.Common.CurrentVersion.targets(2451,5): warning MSB3245: Could not resolve this reference. Could not locate the assembly "Microsoft.CSharp". Check to make sure the assembly exists on disk. If this reference is required by your code, you may get compilation errors. [C:\Users\ultra\warewolf\Dev\Dev2.Data\Dev2.Data.csproj]
C:\Program Files\dotnet\sdk\10.0.201\Microsoft.Common.CurrentVersion.targets(2451,5): warning MSB3245: Could not resolve this reference. Could not locate the assembly "System.Data". Check to make sure the assembly exists on disk. If this reference is required by your code, you may get compilation errors. [C:\Users\ultra\warewolf\Dev\Dev2.Data\Dev2.Data.csproj]
C:\Program Files\dotnet\sdk\10.0.201\Microsoft.Common.CurrentVersion.targets(2451,5): warning MSB3245: Could not resolve this reference. Could not locate the assembly "System.Xml". Check to make sure the assembly exists on disk. If this reference is required by your code, you may get compilation errors. [C:\Users\ultra\warewolf\Dev\Dev2.Data\Dev2.Data.csproj]
C:\Program Files\dotnet\sdk\10.0.201\Microsoft.Common.CurrentVersion.targets(2451,5): warning MSB3243: No way to resolve conflict between "System.Web, Version=4.0.0.0, Culture=neutral, PublicKeyToken=b03f5f7f11d50a3a" and "System.Web". Choosing "System.Web, Version=4.0.0.0, Culture=neutral, PublicKeyToken=b03f5f7f11d50a3a" arbitrarily. [C:\Users\ultra\warewolf\Dev\Dev2.Data\Dev2.Data.csproj]
C:\Program Files\dotnet\sdk\10.0.201\Microsoft.Common.CurrentVersion.targets(2451,5): warning MSB3243: No way to resolve conflict between "System.Xml.Linq, Version=4.0.0.0, Culture=neutral, PublicKeyToken=b77a5c561934e089" and "System.Xml.Linq". Choosing "System.Xml.Linq, Version=4.0.0.0, Culture=neutral, PublicKeyToken=b77a5c561934e089" arbitrarily. [C:\Users\ultra\warewolf\Dev\Dev2.Data\Dev2.Data.csproj]
C:\Program Files\dotnet\sdk\10.0.201\Microsoft.Common.CurrentVersion.targets(2451,5): warning MSB3243: No way to resolve conflict between "System.Data.DataSetExtensions, Version=8.0.0.0, Culture=neutral, PublicKeyToken=b77a5c561934e089" and "System.Data.DataSetExtensions". Choosing "System.Data.DataSetExtensions, Version=8.0.0.0, Culture=neutral, PublicKeyToken=b77a5c561934e089" arbitrarily. [C:\Users\ultra\warewolf\Dev\Dev2.Data\Dev2.Data.csproj]
C:\Program Files\dotnet\sdk\10.0.201\Microsoft.Common.CurrentVersion.targets(2451,5): warning MSB3243: No way to resolve conflict between "Microsoft.CSharp, Version=8.0.0.0, Culture=neutral, PublicKeyToken=b03f5f7f11d50a3a" and "Microsoft.CSharp". Choosing "Microsoft.CSharp, Version=8.0.0.0, Culture=neutral, PublicKeyToken=b03f5f7f11d50a3a" arbitrarily. [C:\Users\ultra\warewolf\Dev\Dev2.Data\Dev2.Data.csproj]
C:\Program Files\dotnet\sdk\10.0.201\Microsoft.Common.CurrentVersion.targets(2451,5): warning MSB3243: No way to resolve conflict between "System.Data, Version=4.0.0.0, Culture=neutral, PublicKeyToken=b77a5c561934e089" and "System.Data". Choosing "System.Data, Version=4.0.0.0, Culture=neutral, PublicKeyToken=b77a5c561934e089" arbitrarily. [C:\Users\ultra\warewolf\Dev\Dev2.Data\Dev2.Data.csproj]
C:\Program Files\dotnet\sdk\10.0.201\Microsoft.Common.CurrentVersion.targets(2451,5): warning MSB3243: No way to resolve conflict between "System.Xml, Version=4.0.0.0, Culture=neutral, PublicKeyToken=b77a5c561934e089" and "System.Xml". Choosing "System.Xml, Version=4.0.0.0, Culture=neutral, PublicKeyToken=b77a5c561934e089" arbitrarily. [C:\Users\ultra\warewolf\Dev\Dev2.Data\Dev2.Data.csproj]
CSC : warning CS2002: Source file 'C:\Users\ultra\warewolf\Dev\Dev2.Data\MathOperations\NCalc\NCalcExpressionBuilder.cs' specified multiple times [C:\Users\ultra\warewolf\Dev\Dev2.Data\Dev2.Data.csproj]
CSC : warning CS2002: Source file 'C:\Users\ultra\warewolf\Dev\Dev2.Data\MathOperations\NCalc\NCalcFunctionArgHelper.cs' specified multiple times [C:\Users\ultra\warewolf\Dev\Dev2.Data\Dev2.Data.csproj]
CSC : warning CS2002: Source file 'C:\Users\ultra\warewolf\Dev\Dev2.Data\MathOperations\NCalc\Functions\BaseConversionFunctions.cs' specified multiple times [C:\Users\ultra\warewolf\Dev\Dev2.Data\Dev2.Data.csproj]
CSC : warning CS2002: Source file 'C:\Users\ultra\warewolf\Dev\Dev2.Data\MathOperations\NCalc\Functions\ComplexFunctions.cs' specified multiple times [C:\Users\ultra\warewolf\Dev\Dev2.Data\Dev2.Data.csproj]
CSC : warning CS2002: Source file 'C:\Users\ultra\warewolf\Dev\Dev2.Data\MathOperations\NCalc\Functions\DateTimeFunctions.cs' specified multiple times [C:\Users\ultra\warewolf\Dev\Dev2.Data\Dev2.Data.csproj]
CSC : warning CS2002: Source file 'C:\Users\ultra\warewolf\Dev\Dev2.Data\MathOperations\NCalc\Functions\FinancialFunctions.cs' specified multiple times [C:\Users\ultra\warewolf\Dev\Dev2.Data\Dev2.Data.csproj]
CSC : warning CS2002: Source file 'C:\Users\ultra\warewolf\Dev\Dev2.Data\MathOperations\NCalc\Functions\InformationFunctions.cs' specified multiple times [C:\Users\ultra\warewolf\Dev\Dev2.Data\Dev2.Data.csproj]
CSC : warning CS2002: Source file 'C:\Users\ultra\warewolf\Dev\Dev2.Data\MathOperations\NCalc\Functions\MathFunctions.cs' specified multiple times [C:\Users\ultra\warewolf\Dev\Dev2.Data\Dev2.Data.csproj]
CSC : warning CS2002: Source file 'C:\Users\ultra\warewolf\Dev\Dev2.Data\MathOperations\NCalc\Functions\StringFunctions.cs' specified multiple times [C:\Users\ultra\warewolf\Dev\Dev2.Data\Dev2.Data.csproj]
C:\Users\ultra\warewolf\Dev\Dev2.Data\MathOperations\NCalc\NCalcFunctionArgHelper.cs(51,47): warning CS8632: The annotation for nullable reference types should only be used in code within a '#nullable' annotations context. [C:\Users\ultra\warewolf\Dev\Dev2.Data\Dev2.Data.csproj]
C:\Users\ultra\warewolf\Dev\Dev2.Data\MathOperations\NCalc\Functions\MathFunctions.cs(22,30): warning CS8632: The annotation for nullable reference types should only be used in code within a '#nullable' annotations context. [C:\Users\ultra\warewolf\Dev\Dev2.Data\Dev2.Data.csproj]
C:\Users\ultra\warewolf\Dev\Dev2.Data\MathOperations\NCalc\Functions\StringFunctions.cs(94,59): warning CS8632: The annotation for nullable reference types should only be used in code within a '#nullable' annotations context. [C:\Users\ultra\warewolf\Dev\Dev2.Data\Dev2.Data.csproj]
C:\Users\ultra\warewolf\Dev\Dev2.Data\NativeMethods.cs(66,59): warning CS0472: The result of the expression is always 'false' since a value of type 'nint' is never equal to 'null' of type 'nint?' [C:\Users\ultra\warewolf\Dev\Dev2.Data\Dev2.Data.csproj]
C:\Users\ultra\warewolf\Dev\Dev2.Data\NativeMethods.cs(88,8): warning CS0472: The result of the expression is always 'false' since a value of type 'nint' is never equal to 'null' of type 'nint?' [C:\Users\ultra\warewolf\Dev\Dev2.Data\Dev2.Data.csproj]
C:\Users\ultra\warewolf\Dev\Dev2.Data\Security\WindowsIdentityExtensions.cs(28,49): warning CA1416: This call site is reachable on all platforms. 'WindowsIdentity.AccessToken' is only supported on: 'windows'. (https://learn.microsoft.com/dotnet/fundamentals/code-analysis/quality-rules/ca1416) [C:\Users\ultra\warewolf\Dev\Dev2.Data\Dev2.Data.csproj]
C:\Users\ultra\warewolf\Dev\Dev2.Data\Security\WindowsIdentityExtensions.cs(41,59): warning CA1416: This call site is reachable on all platforms. 'WindowsIdentity.AccessToken' is only supported on: 'windows'. (https://learn.microsoft.com/dotnet/fundamentals/code-analysis/quality-rules/ca1416) [C:\Users\ultra\warewolf\Dev\Dev2.Data\Dev2.Data.csproj]
C:\Users\ultra\warewolf\Dev\Dev2.Data\Security\WindowsIdentityExtensions.cs(28,17): warning CA1416: This call site is reachable on all platforms. 'WindowsIdentity.RunImpersonated(SafeAccessTokenHandle, Action)' is only supported on: 'windows'. (https://learn.microsoft.com/dotnet/fundamentals/code-analysis/quality-rules/ca1416) [C:\Users\ultra\warewolf\Dev\Dev2.Data\Dev2.Data.csproj]
C:\Users\ultra\warewolf\Dev\Dev2.Data\Security\WindowsIdentityExtensions.cs(41,24): warning CA1416: This call site is reachable on all platforms. 'WindowsIdentity.RunImpersonated<T>(SafeAccessTokenHandle, Func<T>)' is only supported on: 'windows'. (https://learn.microsoft.com/dotnet/fundamentals/code-analysis/quality-rules/ca1416) [C:\Users\ultra\warewolf\Dev\Dev2.Data\Dev2.Data.csproj]
C:\Users\ultra\warewolf\Dev\Dev2.Data\PathOperations\ValidateAuthorization.cs(73,33): warning CA1416: This call site is reachable on all platforms. 'WindowsIdentity' is only supported on: 'windows'. (https://learn.microsoft.com/dotnet/fundamentals/code-analysis/quality-rules/ca1416) [C:\Users\ultra\warewolf\Dev\Dev2.Data\Dev2.Data.csproj]
  Dev2.Data -> C:\Users\ultra\warewolf\Dev\Dev2.Data\bin\Debug\net8.0\Dev2.Data.dll
  Warewolf.Driver.Serilog -> C:\Users\ultra\warewolf\Dev\Warewolf.Driver.Serilog\bin\Debug\net8.0\Warewolf.Driver.Serilog.dll
  Dev2.Scheduler -> C:\Users\ultra\warewolf\Dev\Dev2.Scheduler\bin\Debug\net8.0\Dev2.Scheduler.dll
  Dev2.Core -> C:\Users\ultra\warewolf\Dev\Dev2.Core\bin\Debug\net8.0\Dev2.Core.dll
C:\Users\ultra\warewolf\Dev\Warewolf.Auditing\Audit.cs(189,26): warning CS8073: The result of the expression is always 'false' since a value of type 'DateTime' is never equal to 'null' of type 'DateTime?' [C:\Users\ultra\warewolf\Dev\Warewolf.Auditing\Warewolf.Auditing.csproj]
C:\Users\ultra\warewolf\Dev\Warewolf.Auditing\Drivers\AuditQueryableElastic.cs(360,33): warning CS0618: 'ElasticsearchClient.Search<TDocument>(SearchRequestDescriptor<TDocument>)' is obsolete: 'Synchronous methods are deprecated and could be removed in the future.' [C:\Users\ultra\warewolf\Dev\Warewolf.Auditing\Warewolf.Auditing.csproj]
C:\Users\ultra\warewolf\Dev\Warewolf.Auditing\Drivers\AuditQueryableElastic.cs(384,26): warning CS0618: 'ElasticsearchClient.Ping()' is obsolete: 'Synchronous methods are deprecated and could be removed in the future.' [C:\Users\ultra\warewolf\Dev\Warewolf.Auditing\Warewolf.Auditing.csproj]
  Warewolf.ResourceManagement -> C:\Users\ultra\warewolf\Dev\Warewolf.ResourceManagement\bin\Debug\net8.0\Warewolf.ResourceManagement.dll
C:\Users\ultra\warewolf\Dev\Warewolf.Core\InputsFromJson.cs(99,21): warning CC0105: Use 'var' instead of specifying the type name. (https://code-cracker.github.io/diagnostics/CC0105.html) [C:\Users\ultra\warewolf\Dev\Warewolf.Core\Warewolf.Core.csproj]
  Warewolf.Core -> C:\Users\ultra\warewolf\Dev\Warewolf.Core\bin\Debug\net8.0\Warewolf.Core.dll
  Warewolf.Auditing -> C:\Users\ultra\warewolf\Dev\Warewolf.Auditing\bin\Debug\net8.0\Warewolf.Auditing.dll
C:\Users\ultra\warewolf\Dev\Warewolf.Common.NetStandard20\Wrappers\WebClientWrapper.cs(26,26): warning SYSLIB0014: 'WebClient.WebClient()' is obsolete: 'WebRequest, HttpWebRequest, ServicePoint, and WebClient are obsolete. Use HttpClient instead.' (https://aka.ms/dotnet-warnings/SYSLIB0014) [C:\Users\ultra\warewolf\Dev\Warewolf.Common.NetStandard20\Warewolf.Common.NetStandard20.csproj]
C:\Users\ultra\warewolf\Dev\Warewolf.Common.NetStandard20\Wrappers\WebRequestWrapper.cs(26,24): warning SYSLIB0014: 'WebRequest.Create(string)' is obsolete: 'WebRequest, HttpWebRequest, ServicePoint, and WebClient are obsolete. Use HttpClient instead.' (https://aka.ms/dotnet-warnings/SYSLIB0014) [C:\Users\ultra\warewolf\Dev\Warewolf.Common.NetStandard20\Warewolf.Common.NetStandard20.csproj]
C:\Users\ultra\warewolf\Dev\Warewolf.Common.NetStandard20\Wrappers\WebClientWrapper.cs(31,26): warning SYSLIB0014: 'WebClient.WebClient()' is obsolete: 'WebRequest, HttpWebRequest, ServicePoint, and WebClient are obsolete. Use HttpClient instead.' (https://aka.ms/dotnet-warnings/SYSLIB0014) [C:\Users\ultra\warewolf\Dev\Warewolf.Common.NetStandard20\Warewolf.Common.NetStandard20.csproj]
  Warewolf.Common.NetStandard20 -> C:\Users\ultra\warewolf\Dev\Warewolf.Common.NetStandard20\bin\Debug\net8.0\Warewolf.Common.NetStandard20.dll
C:\Users\ultra\warewolf\Dev\Dev2.Runtime.Services\ServiceModel\ElasticsearchSources.cs(110,34): warning CS0618: 'ElasticsearchClient.Ping()' is obsolete: 'Synchronous methods are deprecated and could be removed in the future.' [C:\Users\ultra\warewolf\Dev\Dev2.Runtime.Services\Dev2.Runtime.Services.csproj]
C:\Users\ultra\warewolf\Dev\Dev2.Runtime.Services\ESB\Management\Services\FetchTestsAndTriggers.cs(45,17): warning CC0105: Use 'var' instead of specifying the type name. (https://code-cracker.github.io/diagnostics/CC0105.html) [C:\Users\ultra\warewolf\Dev\Dev2.Runtime.Services\Dev2.Runtime.Services.csproj]
C:\Users\ultra\warewolf\Dev\Dev2.Runtime.Services\UsageLogger.cs(66,33): warning CC0022: ManagementObjectSearcher should be disposed. (https://code-cracker.github.io/diagnostics/CC0022.html) [C:\Users\ultra\warewolf\Dev\Dev2.Runtime.Services\Dev2.Runtime.Services.csproj]
C:\Users\ultra\warewolf\Dev\Dev2.Runtime.Services\ESB\Management\Services\TestChatbotSource.cs(44,17): warning CC0105: Use 'var' instead of specifying the type name. (https://code-cracker.github.io/diagnostics/CC0105.html) [C:\Users\ultra\warewolf\Dev\Dev2.Runtime.Services\Dev2.Runtime.Services.csproj]
C:\Users\ultra\warewolf\Dev\Dev2.Runtime.Services\ESB\Management\Services\TestChatbotSource.cs(45,17): warning CC0105: Use 'var' instead of specifying the type name. (https://code-cracker.github.io/diagnostics/CC0105.html) [C:\Users\ultra\warewolf\Dev\Dev2.Runtime.Services\Dev2.Runtime.Services.csproj]
C:\Users\ultra\warewolf\Dev\Dev2.Runtime.Services\ESB\Management\Services\ChatbotToolNormalizer.cs(80,17): warning CC0003: Consider adding an Exception to the catch. (https://code-cracker.github.io/diagnostics/CC0003.html) [C:\Users\ultra\warewolf\Dev\Dev2.Runtime.Services\Dev2.Runtime.Services.csproj]
C:\Users\ultra\warewolf\Dev\Dev2.Runtime.Services\ESB\Management\Services\ChatbotToolNormalizer.cs(101,21): warning CC0004: Empty Catch Block. (https://code-cracker.github.io/diagnostics/CC0004.html) [C:\Users\ultra\warewolf\Dev\Dev2.Runtime.Services\Dev2.Runtime.Services.csproj]
C:\Users\ultra\warewolf\Dev\Dev2.Runtime.Services\ESB\Management\Services\ChatbotToolNormalizer.cs(226,21): warning CC0105: Use 'var' instead of specifying the type name. (https://code-cracker.github.io/diagnostics/CC0105.html) [C:\Users\ultra\warewolf\Dev\Dev2.Runtime.Services\Dev2.Runtime.Services.csproj]
C:\Users\ultra\warewolf\Dev\Dev2.Runtime.Services\ESB\Management\Services\ChatbotToolNormalizer.cs(279,21): warning CC0105: Use 'var' instead of specifying the type name. (https://code-cracker.github.io/diagnostics/CC0105.html) [C:\Users\ultra\warewolf\Dev\Dev2.Runtime.Services\Dev2.Runtime.Services.csproj]
C:\Users\ultra\warewolf\Dev\Dev2.Runtime.Services\ServiceModel\WebSources.cs(532,7): warning CC0004: Empty Catch Block. (https://code-cracker.github.io/diagnostics/CC0004.html) [C:\Users\ultra\warewolf\Dev\Dev2.Runtime.Services\Dev2.Runtime.Services.csproj]
C:\Users\ultra\warewolf\Dev\Dev2.Runtime.Services\ServiceModel\WebSources.cs(751,38): warning CC0022: StringContent should be disposed. (https://code-cracker.github.io/diagnostics/CC0022.html) [C:\Users\ultra\warewolf\Dev\Dev2.Runtime.Services\Dev2.Runtime.Services.csproj]
  Dev2.Runtime.Services -> C:\Users\ultra\warewolf\Dev\Dev2.Runtime.Services\bin\Debug\net8.0\Dev2.Runtime.Services.dll
  Dev2.Scheduler.Tests -> C:\Users\ultra\warewolf\Dev\Dev2.Scheduler.Tests\bin\Debug\net8.0\linux-x64\Dev2.Scheduler.Tests.dll
  Dev2.Scheduler.Tests -> C:\Users\ultra\warewolf\Bin\ServerTests-Linux\Dev2.Scheduler.Tests\
Publishing Dev2.Server.Tests for linux-x64...
  Determining projects to restore...
C:\Users\ultra\warewolf\Dev\Warewolf.Language.Parser\Warewolf.Language.Parser.fsproj : warning NU1504: Duplicate 'PackageReference' items found. Remove the duplicate items or use the Update functionality to ensure a consistent restore behavior. The duplicate 'PackageReference' items are: FSharp.Core 10.1.201, FSharp.Core 4.6.2.
C:\Users\ultra\warewolf\Dev\Warewolf.Driver.Serilog\Warewolf.Driver.Serilog.csproj : warning NU1701: Package 'AeroWizard 2.3.1' was restored using '.NETFramework,Version=v4.6.1, .NETFramework,Version=v4.6.2, .NETFramework,Version=v4.7, .NETFramework,Version=v4.7.1, .NETFramework,Version=v4.7.2, .NETFramework,Version=v4.8, .NETFramework,Version=v4.8.1' instead of the project target framework 'net8.0'. This package may not be fully compatible with your project. [C:\Users\ultra\warewolf\Dev\Dev2.Server.Tests\Dev2.Server.Tests.csproj]
C:\Users\ultra\warewolf\Dev\Dev2.Intellisense\Dev2.Intellisense.csproj : warning NU1701: Package 'AeroWizard 2.3.1' was restored using '.NETFramework,Version=v4.6.1, .NETFramework,Version=v4.6.2, .NETFramework,Version=v4.7, .NETFramework,Version=v4.7.1, .NETFramework,Version=v4.7.2, .NETFramework,Version=v4.8, .NETFramework,Version=v4.8.1' instead of the project target framework 'net8.0'. This package may not be fully compatible with your project. [C:\Users\ultra\warewolf\Dev\Dev2.Server.Tests\Dev2.Server.Tests.csproj]
C:\Users\ultra\warewolf\Dev\Dev2.Studio.Interfaces\Dev2.Studio.Interfaces.csproj : warning NU1701: Package 'AeroWizard 2.3.1' was restored using '.NETFramework,Version=v4.6.1, .NETFramework,Version=v4.6.2, .NETFramework,Version=v4.7, .NETFramework,Version=v4.7.1, .NETFramework,Version=v4.7.2, .NETFramework,Version=v4.8, .NETFramework,Version=v4.8.1' instead of the project target framework 'net8.0'. This package may not be fully compatible with your project. [C:\Users\ultra\warewolf\Dev\Dev2.Server.Tests\Dev2.Server.Tests.csproj]
C:\Users\ultra\warewolf\Dev\Warewolf.Exchange.Email.Wrapper\Warewolf.Exchange.Email.Wrapper.csproj : warning NU1701: Package 'AeroWizard 2.3.1' was restored using '.NETFramework,Version=v4.6.1, .NETFramework,Version=v4.6.2, .NETFramework,Version=v4.7, .NETFramework,Version=v4.7.1, .NETFramework,Version=v4.7.2, .NETFramework,Version=v4.8, .NETFramework,Version=v4.8.1' instead of the project target framework 'net8.0'. This package may not be fully compatible with your project. [C:\Users\ultra\warewolf\Dev\Dev2.Server.Tests\Dev2.Server.Tests.csproj]
C:\Users\ultra\warewolf\Dev\Dev2.Runtime.WebServer\Dev2.Runtime.WebServer.csproj : warning NU1902: Package 'System.IdentityModel.Tokens.Jwt' 5.1.0 has a known moderate severity vulnerability, https://github.com/advisories/GHSA-59j7-ghrg-fj52 [C:\Users\ultra\warewolf\Dev\Dev2.Server.Tests\Dev2.Server.Tests.csproj]
C:\Users\ultra\warewolf\Dev\Warewolf.HangfireServer\Warewolf.HangfireServer.csproj : warning NU1903: Package 'Microsoft.Windows.Compatibility' 6.0.0 has a known high severity vulnerability, https://github.com/advisories/GHSA-555c-2p6r-68mm [C:\Users\ultra\warewolf\Dev\Dev2.Server.Tests\Dev2.Server.Tests.csproj]
C:\Users\ultra\warewolf\Dev\Dev2.SignalR.Wrappers.New\Dev2.SignalR.Wrappers.New.csproj : warning NU1701: Package 'AeroWizard 2.3.1' was restored using '.NETFramework,Version=v4.6.1, .NETFramework,Version=v4.6.2, .NETFramework,Version=v4.7, .NETFramework,Version=v4.7.1, .NETFramework,Version=v4.7.2, .NETFramework,Version=v4.8, .NETFramework,Version=v4.8.1' instead of the project target framework 'net8.0'. This package may not be fully compatible with your project. [C:\Users\ultra\warewolf\Dev\Dev2.Server.Tests\Dev2.Server.Tests.csproj]
C:\Users\ultra\warewolf\Dev\Dev2.Studio.Core\Dev2.Studio.Core.csproj : warning NU1701: Package 'AeroWizard 2.3.1' was restored using '.NETFramework,Version=v4.6.1, .NETFramework,Version=v4.6.2, .NETFramework,Version=v4.7, .NETFramework,Version=v4.7.1, .NETFramework,Version=v4.7.2, .NETFramework,Version=v4.8, .NETFramework,Version=v4.8.1' instead of the project target framework 'net8.0'. This package may not be fully compatible with your project. [C:\Users\ultra\warewolf\Dev\Dev2.Server.Tests\Dev2.Server.Tests.csproj]
C:\Users\ultra\warewolf\Dev\Warewolf.Exchange.Email.Wrapper\Warewolf.Exchange.Email.Wrapper.csproj : warning NU1701: Package 'GroupControls 1.9.0' was restored using '.NETFramework,Version=v4.6.1, .NETFramework,Version=v4.6.2, .NETFramework,Version=v4.7, .NETFramework,Version=v4.7.1, .NETFramework,Version=v4.7.2, .NETFramework,Version=v4.8, .NETFramework,Version=v4.8.1' instead of the project target framework 'net8.0'. This package may not be fully compatible with your project. [C:\Users\ultra\warewolf\Dev\Dev2.Server.Tests\Dev2.Server.Tests.csproj]
C:\Users\ultra\warewolf\Dev\Warewolf.HangfireServer\Warewolf.HangfireServer.csproj : warning NU1701: Package 'AeroWizard 2.3.1' was restored using '.NETFramework,Version=v4.6.1, .NETFramework,Version=v4.6.2, .NETFramework,Version=v4.7, .NETFramework,Version=v4.7.1, .NETFramework,Version=v4.7.2, .NETFramework,Version=v4.8, .NETFramework,Version=v4.8.1' instead of the project target framework 'net8.0'. This package may not be fully compatible with your project. [C:\Users\ultra\warewolf\Dev\Dev2.Server.Tests\Dev2.Server.Tests.csproj]
C:\Users\ultra\warewolf\Dev\Dev2.Intellisense\Dev2.Intellisense.csproj : warning NU1701: Package 'GroupControls 1.9.0' was restored using '.NETFramework,Version=v4.6.1, .NETFramework,Version=v4.6.2, .NETFramework,Version=v4.7, .NETFramework,Version=v4.7.1, .NETFramework,Version=v4.7.2, .NETFramework,Version=v4.8, .NETFramework,Version=v4.8.1' instead of the project target framework 'net8.0'. This package may not be fully compatible with your project. [C:\Users\ultra\warewolf\Dev\Dev2.Server.Tests\Dev2.Server.Tests.csproj]
C:\Users\ultra\warewolf\Dev\Dev2.SignalR.Wrappers.New\Dev2.SignalR.Wrappers.New.csproj : warning NU1701: Package 'GroupControls 1.9.0' was restored using '.NETFramework,Version=v4.6.1, .NETFramework,Version=v4.6.2, .NETFramework,Version=v4.7, .NETFramework,Version=v4.7.1, .NETFramework,Version=v4.7.2, .NETFramework,Version=v4.8, .NETFramework,Version=v4.8.1' instead of the project target framework 'net8.0'. This package may not be fully compatible with your project. [C:\Users\ultra\warewolf\Dev\Dev2.Server.Tests\Dev2.Server.Tests.csproj]
C:\Users\ultra\warewolf\Dev\Warewolf.Exchange.Email.Wrapper\Warewolf.Exchange.Email.Wrapper.csproj : warning NU1701: Package 'ReactiveUI.WPF 18.4.1' was restored using '.NETFramework,Version=v4.6.1, .NETFramework,Version=v4.6.2, .NETFramework,Version=v4.7, .NETFramework,Version=v4.7.1, .NETFramework,Version=v4.7.2, .NETFramework,Version=v4.8, .NETFramework,Version=v4.8.1' instead of the project target framework 'net8.0'. This package may not be fully compatible with your project. [C:\Users\ultra\warewolf\Dev\Dev2.Server.Tests\Dev2.Server.Tests.csproj]
C:\Users\ultra\warewolf\Dev\Warewolf.HangfireServer\Warewolf.HangfireServer.csproj : warning NU1701: Package 'GroupControls 1.9.0' was restored using '.NETFramework,Version=v4.6.1, .NETFramework,Version=v4.6.2, .NETFramework,Version=v4.7, .NETFramework,Version=v4.7.1, .NETFramework,Version=v4.7.2, .NETFramework,Version=v4.8, .NETFramework,Version=v4.8.1' instead of the project target framework 'net8.0'. This package may not be fully compatible with your project. [C:\Users\ultra\warewolf\Dev\Dev2.Server.Tests\Dev2.Server.Tests.csproj]
C:\Users\ultra\warewolf\Dev\Dev2.Studio.Interfaces\Dev2.Studio.Interfaces.csproj : warning NU1701: Package 'GroupControls 1.9.0' was restored using '.NETFramework,Version=v4.6.1, .NETFramework,Version=v4.6.2, .NETFramework,Version=v4.7, .NETFramework,Version=v4.7.1, .NETFramework,Version=v4.7.2, .NETFramework,Version=v4.8, .NETFramework,Version=v4.8.1' instead of the project target framework 'net8.0'. This package may not be fully compatible with your project. [C:\Users\ultra\warewolf\Dev\Dev2.Server.Tests\Dev2.Server.Tests.csproj]
C:\Users\ultra\warewolf\Dev\Warewolf.Driver.Serilog\Warewolf.Driver.Serilog.csproj : warning NU1701: Package 'GroupControls 1.9.0' was restored using '.NETFramework,Version=v4.6.1, .NETFramework,Version=v4.6.2, .NETFramework,Version=v4.7, .NETFramework,Version=v4.7.1, .NETFramework,Version=v4.7.2, .NETFramework,Version=v4.8, .NETFramework,Version=v4.8.1' instead of the project target framework 'net8.0'. This package may not be fully compatible with your project. [C:\Users\ultra\warewolf\Dev\Dev2.Server.Tests\Dev2.Server.Tests.csproj]
C:\Users\ultra\warewolf\Dev\Warewolf.HangfireServer\Warewolf.HangfireServer.csproj : warning NU1701: Package 'ReactiveUI.WPF 18.4.1' was restored using '.NETFramework,Version=v4.6.1, .NETFramework,Version=v4.6.2, .NETFramework,Version=v4.7, .NETFramework,Version=v4.7.1, .NETFramework,Version=v4.7.2, .NETFramework,Version=v4.8, .NETFramework,Version=v4.8.1' instead of the project target framework 'net8.0'. This package may not be fully compatible with your project. [C:\Users\ultra\warewolf\Dev\Dev2.Server.Tests\Dev2.Server.Tests.csproj]
C:\Users\ultra\warewolf\Dev\Dev2.SignalR.Wrappers.New\Dev2.SignalR.Wrappers.New.csproj : warning NU1701: Package 'ReactiveUI.WPF 18.4.1' was restored using '.NETFramework,Version=v4.6.1, .NETFramework,Version=v4.6.2, .NETFramework,Version=v4.7, .NETFramework,Version=v4.7.1, .NETFramework,Version=v4.7.2, .NETFramework,Version=v4.8, .NETFramework,Version=v4.8.1' instead of the project target framework 'net8.0'. This package may not be fully compatible with your project. [C:\Users\ultra\warewolf\Dev\Dev2.Server.Tests\Dev2.Server.Tests.csproj]
C:\Users\ultra\warewolf\Dev\Warewolf.Exchange.Email.Wrapper\Warewolf.Exchange.Email.Wrapper.csproj : warning NU1701: Package 'TaskSchedulerEditor 2.10.1' was restored using '.NETFramework,Version=v4.6.1, .NETFramework,Version=v4.6.2, .NETFramework,Version=v4.7, .NETFramework,Version=v4.7.1, .NETFramework,Version=v4.7.2, .NETFramework,Version=v4.8, .NETFramework,Version=v4.8.1' instead of the project target framework 'net8.0'. This package may not be fully compatible with your project. [C:\Users\ultra\warewolf\Dev\Dev2.Server.Tests\Dev2.Server.Tests.csproj]
C:\Users\ultra\warewolf\Dev\Warewolf.Driver.Serilog\Warewolf.Driver.Serilog.csproj : warning NU1701: Package 'ReactiveUI.WPF 18.4.1' was restored using '.NETFramework,Version=v4.6.1, .NETFramework,Version=v4.6.2, .NETFramework,Version=v4.7, .NETFramework,Version=v4.7.1, .NETFramework,Version=v4.7.2, .NETFramework,Version=v4.8, .NETFramework,Version=v4.8.1' instead of the project target framework 'net8.0'. This package may not be fully compatible with your project. [C:\Users\ultra\warewolf\Dev\Dev2.Server.Tests\Dev2.Server.Tests.csproj]
C:\Users\ultra\warewolf\Dev\Dev2.Studio.Core\Dev2.Studio.Core.csproj : warning NU1701: Package 'GroupControls 1.9.0' was restored using '.NETFramework,Version=v4.6.1, .NETFramework,Version=v4.6.2, .NETFramework,Version=v4.7, .NETFramework,Version=v4.7.1, .NETFramework,Version=v4.7.2, .NETFramework,Version=v4.8, .NETFramework,Version=v4.8.1' instead of the project target framework 'net8.0'. This package may not be fully compatible with your project. [C:\Users\ultra\warewolf\Dev\Dev2.Server.Tests\Dev2.Server.Tests.csproj]
C:\Users\ultra\warewolf\Dev\Dev2.SignalR.Wrappers.New\Dev2.SignalR.Wrappers.New.csproj : warning NU1701: Package 'TaskSchedulerEditor 2.10.1' was restored using '.NETFramework,Version=v4.6.1, .NETFramework,Version=v4.6.2, .NETFramework,Version=v4.7, .NETFramework,Version=v4.7.1, .NETFramework,Version=v4.7.2, .NETFramework,Version=v4.8, .NETFramework,Version=v4.8.1' instead of the project target framework 'net8.0'. This package may not be fully compatible with your project. [C:\Users\ultra\warewolf\Dev\Dev2.Server.Tests\Dev2.Server.Tests.csproj]
C:\Users\ultra\warewolf\Dev\Dev2.Intellisense\Dev2.Intellisense.csproj : warning NU1701: Package 'Microsoft.Xaml.Behaviors.Wpf 1.1.122' was restored using '.NETFramework,Version=v4.6.1, .NETFramework,Version=v4.6.2, .NETFramework,Version=v4.7, .NETFramework,Version=v4.7.1, .NETFramework,Version=v4.7.2, .NETFramework,Version=v4.8, .NETFramework,Version=v4.8.1' instead of the project target framework 'net8.0'. This package may not be fully compatible with your project. [C:\Users\ultra\warewolf\Dev\Dev2.Server.Tests\Dev2.Server.Tests.csproj]
C:\Users\ultra\warewolf\Dev\Dev2.Studio.Interfaces\Dev2.Studio.Interfaces.csproj : warning NU1701: Package 'Microsoft.Xaml.Behaviors.Wpf 1.1.122' was restored using '.NETFramework,Version=v4.6.1, .NETFramework,Version=v4.6.2, .NETFramework,Version=v4.7, .NETFramework,Version=v4.7.1, .NETFramework,Version=v4.7.2, .NETFramework,Version=v4.8, .NETFramework,Version=v4.8.1' instead of the project target framework 'net8.0'. This package may not be fully compatible with your project. [C:\Users\ultra\warewolf\Dev\Dev2.Server.Tests\Dev2.Server.Tests.csproj]
C:\Users\ultra\warewolf\Dev\Warewolf.Driver.Serilog\Warewolf.Driver.Serilog.csproj : warning NU1701: Package 'TaskSchedulerEditor 2.10.1' was restored using '.NETFramework,Version=v4.6.1, .NETFramework,Version=v4.6.2, .NETFramework,Version=v4.7, .NETFramework,Version=v4.7.1, .NETFramework,Version=v4.7.2, .NETFramework,Version=v4.8, .NETFramework,Version=v4.8.1' instead of the project target framework 'net8.0'. This package may not be fully compatible with your project. [C:\Users\ultra\warewolf\Dev\Dev2.Server.Tests\Dev2.Server.Tests.csproj]
C:\Users\ultra\warewolf\Dev\Dev2.Studio.Core\Dev2.Studio.Core.csproj : warning NU1701: Package 'Microsoft.Xaml.Behaviors.Wpf 1.1.122' was restored using '.NETFramework,Version=v4.6.1, .NETFramework,Version=v4.6.2, .NETFramework,Version=v4.7, .NETFramework,Version=v4.7.1, .NETFramework,Version=v4.7.2, .NETFramework,Version=v4.8, .NETFramework,Version=v4.8.1' instead of the project target framework 'net8.0'. This package may not be fully compatible with your project. [C:\Users\ultra\warewolf\Dev\Dev2.Server.Tests\Dev2.Server.Tests.csproj]
C:\Users\ultra\warewolf\Dev\Dev2.Studio.Interfaces\Dev2.Studio.Interfaces.csproj : warning NU1701: Package 'Prism.Wpf 9.0.537' was restored using '.NETFramework,Version=v4.6.1, .NETFramework,Version=v4.6.2, .NETFramework,Version=v4.7, .NETFramework,Version=v4.7.1, .NETFramework,Version=v4.7.2, .NETFramework,Version=v4.8, .NETFramework,Version=v4.8.1' instead of the project target framework 'net8.0'. This package may not be fully compatible with your project. [C:\Users\ultra\warewolf\Dev\Dev2.Server.Tests\Dev2.Server.Tests.csproj]
C:\Users\ultra\warewolf\Dev\Warewolf.HangfireServer\Warewolf.HangfireServer.csproj : warning NU1701: Package 'TaskSchedulerEditor 2.10.1' was restored using '.NETFramework,Version=v4.6.1, .NETFramework,Version=v4.6.2, .NETFramework,Version=v4.7, .NETFramework,Version=v4.7.1, .NETFramework,Version=v4.7.2, .NETFramework,Version=v4.8, .NETFramework,Version=v4.8.1' instead of the project target framework 'net8.0'. This package may not be fully compatible with your project. [C:\Users\ultra\warewolf\Dev\Dev2.Server.Tests\Dev2.Server.Tests.csproj]
C:\Users\ultra\warewolf\Dev\Dev2.Intellisense\Dev2.Intellisense.csproj : warning NU1701: Package 'Prism.Wpf 9.0.537' was restored using '.NETFramework,Version=v4.6.1, .NETFramework,Version=v4.6.2, .NETFramework,Version=v4.7, .NETFramework,Version=v4.7.1, .NETFramework,Version=v4.7.2, .NETFramework,Version=v4.8, .NETFramework,Version=v4.8.1' instead of the project target framework 'net8.0'. This package may not be fully compatible with your project. [C:\Users\ultra\warewolf\Dev\Dev2.Server.Tests\Dev2.Server.Tests.csproj]
C:\Users\ultra\warewolf\Dev\Dev2.Studio.Interfaces\Dev2.Studio.Interfaces.csproj : warning NU1701: Package 'ReactiveUI.WPF 18.4.1' was restored using '.NETFramework,Version=v4.6.1, .NETFramework,Version=v4.6.2, .NETFramework,Version=v4.7, .NETFramework,Version=v4.7.1, .NETFramework,Version=v4.7.2, .NETFramework,Version=v4.8, .NETFramework,Version=v4.8.1' instead of the project target framework 'net8.0'. This package may not be fully compatible with your project. [C:\Users\ultra\warewolf\Dev\Dev2.Server.Tests\Dev2.Server.Tests.csproj]
C:\Users\ultra\warewolf\Dev\Dev2.Studio.Core\Dev2.Studio.Core.csproj : warning NU1701: Package 'Prism.Wpf 9.0.537' was restored using '.NETFramework,Version=v4.6.1, .NETFramework,Version=v4.6.2, .NETFramework,Version=v4.7, .NETFramework,Version=v4.7.1, .NETFramework,Version=v4.7.2, .NETFramework,Version=v4.8, .NETFramework,Version=v4.8.1' instead of the project target framework 'net8.0'. This package may not be fully compatible with your project. [C:\Users\ultra\warewolf\Dev\Dev2.Server.Tests\Dev2.Server.Tests.csproj]
C:\Users\ultra\warewolf\Dev\Dev2.Intellisense\Dev2.Intellisense.csproj : warning NU1701: Package 'ReactiveUI.WPF 18.4.1' was restored using '.NETFramework,Version=v4.6.1, .NETFramework,Version=v4.6.2, .NETFramework,Version=v4.7, .NETFramework,Version=v4.7.1, .NETFramework,Version=v4.7.2, .NETFramework,Version=v4.8, .NETFramework,Version=v4.8.1' instead of the project target framework 'net8.0'. This package may not be fully compatible with your project. [C:\Users\ultra\warewolf\Dev\Dev2.Server.Tests\Dev2.Server.Tests.csproj]
C:\Users\ultra\warewolf\Dev\Dev2.Studio.Interfaces\Dev2.Studio.Interfaces.csproj : warning NU1701: Package 'TaskSchedulerEditor 2.10.1' was restored using '.NETFramework,Version=v4.6.1, .NETFramework,Version=v4.6.2, .NETFramework,Version=v4.7, .NETFramework,Version=v4.7.1, .NETFramework,Version=v4.7.2, .NETFramework,Version=v4.8, .NETFramework,Version=v4.8.1' instead of the project target framework 'net8.0'. This package may not be fully compatible with your project. [C:\Users\ultra\warewolf\Dev\Dev2.Server.Tests\Dev2.Server.Tests.csproj]
C:\Users\ultra\warewolf\Dev\Dev2.Studio.Core\Dev2.Studio.Core.csproj : warning NU1701: Package 'ReactiveUI.WPF 18.4.1' was restored using '.NETFramework,Version=v4.6.1, .NETFramework,Version=v4.6.2, .NETFramework,Version=v4.7, .NETFramework,Version=v4.7.1, .NETFramework,Version=v4.7.2, .NETFramework,Version=v4.8, .NETFramework,Version=v4.8.1' instead of the project target framework 'net8.0'. This package may not be fully compatible with your project. [C:\Users\ultra\warewolf\Dev\Dev2.Server.Tests\Dev2.Server.Tests.csproj]
C:\Users\ultra\warewolf\Dev\Dev2.Intellisense\Dev2.Intellisense.csproj : warning NU1701: Package 'TaskSchedulerEditor 2.10.1' was restored using '.NETFramework,Version=v4.6.1, .NETFramework,Version=v4.6.2, .NETFramework,Version=v4.7, .NETFramework,Version=v4.7.1, .NETFramework,Version=v4.7.2, .NETFramework,Version=v4.8, .NETFramework,Version=v4.8.1' instead of the project target framework 'net8.0'. This package may not be fully compatible with your project. [C:\Users\ultra\warewolf\Dev\Dev2.Server.Tests\Dev2.Server.Tests.csproj]
C:\Users\ultra\warewolf\Dev\Dev2.Studio.Core\Dev2.Studio.Core.csproj : warning NU1701: Package 'TaskSchedulerEditor 2.10.1' was restored using '.NETFramework,Version=v4.6.1, .NETFramework,Version=v4.6.2, .NETFramework,Version=v4.7, .NETFramework,Version=v4.7.1, .NETFramework,Version=v4.7.2, .NETFramework,Version=v4.8, .NETFramework,Version=v4.8.1' instead of the project target framework 'net8.0'. This package may not be fully compatible with your project. [C:\Users\ultra\warewolf\Dev\Dev2.Server.Tests\Dev2.Server.Tests.csproj]
C:\Users\ultra\warewolf\Dev\Dev2.Services.Sql\Dev2.Services.Sql.csproj : warning NU1903: Package 'Oracle.ManagedDataAccess.Core' 3.21.70 has a known high severity vulnerability, https://github.com/advisories/GHSA-5pm2-9mr2-3frq [C:\Users\ultra\warewolf\Dev\Dev2.Server.Tests\Dev2.Server.Tests.csproj]
C:\Users\ultra\warewolf\Dev\Dev2.Services.Sql\Dev2.Services.Sql.csproj : warning NU1701: Package 'AeroWizard 2.3.1' was restored using '.NETFramework,Version=v4.6.1, .NETFramework,Version=v4.6.2, .NETFramework,Version=v4.7, .NETFramework,Version=v4.7.1, .NETFramework,Version=v4.7.2, .NETFramework,Version=v4.8, .NETFramework,Version=v4.8.1' instead of the project target framework 'net8.0'. This package may not be fully compatible with your project. [C:\Users\ultra\warewolf\Dev\Dev2.Server.Tests\Dev2.Server.Tests.csproj]
C:\Users\ultra\warewolf\Dev\Dev2.Services.Sql\Dev2.Services.Sql.csproj : warning NU1701: Package 'GroupControls 1.9.0' was restored using '.NETFramework,Version=v4.6.1, .NETFramework,Version=v4.6.2, .NETFramework,Version=v4.7, .NETFramework,Version=v4.7.1, .NETFramework,Version=v4.7.2, .NETFramework,Version=v4.8, .NETFramework,Version=v4.8.1' instead of the project target framework 'net8.0'. This package may not be fully compatible with your project. [C:\Users\ultra\warewolf\Dev\Dev2.Server.Tests\Dev2.Server.Tests.csproj]
C:\Users\ultra\warewolf\Dev\Dev2.Services.Sql\Dev2.Services.Sql.csproj : warning NU1701: Package 'ReactiveUI.WPF 18.4.1' was restored using '.NETFramework,Version=v4.6.1, .NETFramework,Version=v4.6.2, .NETFramework,Version=v4.7, .NETFramework,Version=v4.7.1, .NETFramework,Version=v4.7.2, .NETFramework,Version=v4.8, .NETFramework,Version=v4.8.1' instead of the project target framework 'net8.0'. This package may not be fully compatible with your project. [C:\Users\ultra\warewolf\Dev\Dev2.Server.Tests\Dev2.Server.Tests.csproj]
C:\Users\ultra\warewolf\Dev\Dev2.Services.Sql\Dev2.Services.Sql.csproj : warning NU1701: Package 'TaskSchedulerEditor 2.10.1' was restored using '.NETFramework,Version=v4.6.1, .NETFramework,Version=v4.6.2, .NETFramework,Version=v4.7, .NETFramework,Version=v4.7.1, .NETFramework,Version=v4.7.2, .NETFramework,Version=v4.8, .NETFramework,Version=v4.8.1' instead of the project target framework 'net8.0'. This package may not be fully compatible with your project. [C:\Users\ultra\warewolf\Dev\Dev2.Server.Tests\Dev2.Server.Tests.csproj]
C:\Users\ultra\warewolf\Dev\Dev2.Runtime.Services\Dev2.Runtime.Services.csproj : warning NU1902: Package 'MessagePack' 2.4.59 has a known moderate severity vulnerability, https://github.com/advisories/GHSA-4qm4-8hg2-g2xm [C:\Users\ultra\warewolf\Dev\Dev2.Server.Tests\Dev2.Server.Tests.csproj]
C:\Users\ultra\warewolf\Dev\Dev2.Runtime.Services\Dev2.Runtime.Services.csproj : warning NU1903: Package 'Microsoft.Windows.Compatibility' 6.0.0 has a known high severity vulnerability, https://github.com/advisories/GHSA-555c-2p6r-68mm [C:\Users\ultra\warewolf\Dev\Dev2.Server.Tests\Dev2.Server.Tests.csproj]
C:\Users\ultra\warewolf\Dev\Dev2.Runtime.Services\Dev2.Runtime.Services.csproj : warning NU1701: Package 'AeroWizard 2.3.1' was restored using '.NETFramework,Version=v4.6.1, .NETFramework,Version=v4.6.2, .NETFramework,Version=v4.7, .NETFramework,Version=v4.7.1, .NETFramework,Version=v4.7.2, .NETFramework,Version=v4.8, .NETFramework,Version=v4.8.1' instead of the project target framework 'net8.0'. This package may not be fully compatible with your project. [C:\Users\ultra\warewolf\Dev\Dev2.Server.Tests\Dev2.Server.Tests.csproj]
C:\Users\ultra\warewolf\Dev\Dev2.Runtime.Services\Dev2.Runtime.Services.csproj : warning NU1701: Package 'GroupControls 1.9.0' was restored using '.NETFramework,Version=v4.6.1, .NETFramework,Version=v4.6.2, .NETFramework,Version=v4.7, .NETFramework,Version=v4.7.1, .NETFramework,Version=v4.7.2, .NETFramework,Version=v4.8, .NETFramework,Version=v4.8.1' instead of the project target framework 'net8.0'. This package may not be fully compatible with your project. [C:\Users\ultra\warewolf\Dev\Dev2.Server.Tests\Dev2.Server.Tests.csproj]
C:\Users\ultra\warewolf\Dev\Dev2.Runtime.WebServer\Dev2.Runtime.WebServer.csproj : warning NU1701: Package 'AeroWizard 2.3.1' was restored using '.NETFramework,Version=v4.6.1, .NETFramework,Version=v4.6.2, .NETFramework,Version=v4.7, .NETFramework,Version=v4.7.1, .NETFramework,Version=v4.7.2, .NETFramework,Version=v4.8, .NETFramework,Version=v4.8.1' instead of the project target framework 'net8.0'. This package may not be fully compatible with your project. [C:\Users\ultra\warewolf\Dev\Dev2.Server.Tests\Dev2.Server.Tests.csproj]
C:\Users\ultra\warewolf\Dev\Dev2.Runtime.Services\Dev2.Runtime.Services.csproj : warning NU1701: Package 'ReactiveUI.WPF 18.4.1' was restored using '.NETFramework,Version=v4.6.1, .NETFramework,Version=v4.6.2, .NETFramework,Version=v4.7, .NETFramework,Version=v4.7.1, .NETFramework,Version=v4.7.2, .NETFramework,Version=v4.8, .NETFramework,Version=v4.8.1' instead of the project target framework 'net8.0'. This package may not be fully compatible with your project. [C:\Users\ultra\warewolf\Dev\Dev2.Server.Tests\Dev2.Server.Tests.csproj]
C:\Users\ultra\warewolf\Dev\Dev2.Runtime.Services\Dev2.Runtime.Services.csproj : warning NU1701: Package 'TaskSchedulerEditor 2.10.1' was restored using '.NETFramework,Version=v4.6.1, .NETFramework,Version=v4.6.2, .NETFramework,Version=v4.7, .NETFramework,Version=v4.7.1, .NETFramework,Version=v4.7.2, .NETFramework,Version=v4.8, .NETFramework,Version=v4.8.1' instead of the project target framework 'net8.0'. This package may not be fully compatible with your project. [C:\Users\ultra\warewolf\Dev\Dev2.Server.Tests\Dev2.Server.Tests.csproj]
C:\Users\ultra\warewolf\Dev\Dev2.Runtime.WebServer\Dev2.Runtime.WebServer.csproj : warning NU1701: Package 'GroupControls 1.9.0' was restored using '.NETFramework,Version=v4.6.1, .NETFramework,Version=v4.6.2, .NETFramework,Version=v4.7, .NETFramework,Version=v4.7.1, .NETFramework,Version=v4.7.2, .NETFramework,Version=v4.8, .NETFramework,Version=v4.8.1' instead of the project target framework 'net8.0'. This package may not be fully compatible with your project. [C:\Users\ultra\warewolf\Dev\Dev2.Server.Tests\Dev2.Server.Tests.csproj]
C:\Users\ultra\warewolf\Dev\Dev2.Runtime.WebServer\Dev2.Runtime.WebServer.csproj : warning NU1701: Package 'Microsoft.Xaml.Behaviors.Wpf 1.1.122' was restored using '.NETFramework,Version=v4.6.1, .NETFramework,Version=v4.6.2, .NETFramework,Version=v4.7, .NETFramework,Version=v4.7.1, .NETFramework,Version=v4.7.2, .NETFramework,Version=v4.8, .NETFramework,Version=v4.8.1' instead of the project target framework 'net8.0'. This package may not be fully compatible with your project. [C:\Users\ultra\warewolf\Dev\Dev2.Server.Tests\Dev2.Server.Tests.csproj]
C:\Users\ultra\warewolf\Dev\Dev2.Runtime.WebServer\Dev2.Runtime.WebServer.csproj : warning NU1701: Package 'Prism.Wpf 9.0.537' was restored using '.NETFramework,Version=v4.6.1, .NETFramework,Version=v4.6.2, .NETFramework,Version=v4.7, .NETFramework,Version=v4.7.1, .NETFramework,Version=v4.7.2, .NETFramework,Version=v4.8, .NETFramework,Version=v4.8.1' instead of the project target framework 'net8.0'. This package may not be fully compatible with your project. [C:\Users\ultra\warewolf\Dev\Dev2.Server.Tests\Dev2.Server.Tests.csproj]
C:\Users\ultra\warewolf\Dev\Dev2.Runtime.WebServer\Dev2.Runtime.WebServer.csproj : warning NU1701: Package 'ReactiveUI.WPF 18.4.1' was restored using '.NETFramework,Version=v4.6.1, .NETFramework,Version=v4.6.2, .NETFramework,Version=v4.7, .NETFramework,Version=v4.7.1, .NETFramework,Version=v4.7.2, .NETFramework,Version=v4.8, .NETFramework,Version=v4.8.1' instead of the project target framework 'net8.0'. This package may not be fully compatible with your project. [C:\Users\ultra\warewolf\Dev\Dev2.Server.Tests\Dev2.Server.Tests.csproj]
C:\Users\ultra\warewolf\Dev\Dev2.Runtime.WebServer\Dev2.Runtime.WebServer.csproj : warning NU1701: Package 'TaskSchedulerEditor 2.10.1' was restored using '.NETFramework,Version=v4.6.1, .NETFramework,Version=v4.6.2, .NETFramework,Version=v4.7, .NETFramework,Version=v4.7.1, .NETFramework,Version=v4.7.2, .NETFramework,Version=v4.8, .NETFramework,Version=v4.8.1' instead of the project target framework 'net8.0'. This package may not be fully compatible with your project. [C:\Users\ultra\warewolf\Dev\Dev2.Server.Tests\Dev2.Server.Tests.csproj]
C:\Users\ultra\warewolf\Dev\Dev2.Runtime.Configuration\Dev2.Runtime.Configuration.csproj : warning NU1903: Package 'Microsoft.Windows.Compatibility' 6.0.0 has a known high severity vulnerability, https://github.com/advisories/GHSA-555c-2p6r-68mm [C:\Users\ultra\warewolf\Dev\Dev2.Server.Tests\Dev2.Server.Tests.csproj]
C:\Users\ultra\warewolf\Dev\Dev2.Runtime.Configuration\Dev2.Runtime.Configuration.csproj : warning NU1701: Package 'AeroWizard 2.3.1' was restored using '.NETFramework,Version=v4.6.1, .NETFramework,Version=v4.6.2, .NETFramework,Version=v4.7, .NETFramework,Version=v4.7.1, .NETFramework,Version=v4.7.2, .NETFramework,Version=v4.8, .NETFramework,Version=v4.8.1' instead of the project target framework 'net8.0'. This package may not be fully compatible with your project. [C:\Users\ultra\warewolf\Dev\Dev2.Server.Tests\Dev2.Server.Tests.csproj]
C:\Users\ultra\warewolf\Dev\Dev2.Runtime.Configuration\Dev2.Runtime.Configuration.csproj : warning NU1701: Package 'GroupControls 1.9.0' was restored using '.NETFramework,Version=v4.6.1, .NETFramework,Version=v4.6.2, .NETFramework,Version=v4.7, .NETFramework,Version=v4.7.1, .NETFramework,Version=v4.7.2, .NETFramework,Version=v4.8, .NETFramework,Version=v4.8.1' instead of the project target framework 'net8.0'. This package may not be fully compatible with your project. [C:\Users\ultra\warewolf\Dev\Dev2.Server.Tests\Dev2.Server.Tests.csproj]
C:\Users\ultra\warewolf\Dev\Dev2.Runtime.Configuration\Dev2.Runtime.Configuration.csproj : warning NU1701: Package 'TaskSchedulerEditor 2.10.1' was restored using '.NETFramework,Version=v4.6.1, .NETFramework,Version=v4.6.2, .NETFramework,Version=v4.7, .NETFramework,Version=v4.7.1, .NETFramework,Version=v4.7.2, .NETFramework,Version=v4.8, .NETFramework,Version=v4.8.1' instead of the project target framework 'net8.0'. This package may not be fully compatible with your project. [C:\Users\ultra\warewolf\Dev\Dev2.Server.Tests\Dev2.Server.Tests.csproj]
C:\Users\ultra\warewolf\Dev\Warewolf.Storage.Interfaces\Warewolf.Storage.Interfaces.csproj : warning NU1701: Package 'AeroWizard 2.3.1' was restored using '.NETFramework,Version=v4.6.1, .NETFramework,Version=v4.6.2, .NETFramework,Version=v4.7, .NETFramework,Version=v4.7.1, .NETFramework,Version=v4.7.2, .NETFramework,Version=v4.8, .NETFramework,Version=v4.8.1' instead of the project target framework 'net8.0'. This package may not be fully compatible with your project. [C:\Users\ultra\warewolf\Dev\Dev2.Server.Tests\Dev2.Server.Tests.csproj]
C:\Users\ultra\warewolf\Dev\Warewolf.Storage.Interfaces\Warewolf.Storage.Interfaces.csproj : warning NU1701: Package 'GroupControls 1.9.0' was restored using '.NETFramework,Version=v4.6.1, .NETFramework,Version=v4.6.2, .NETFramework,Version=v4.7, .NETFramework,Version=v4.7.1, .NETFramework,Version=v4.7.2, .NETFramework,Version=v4.8, .NETFramework,Version=v4.8.1' instead of the project target framework 'net8.0'. This package may not be fully compatible with your project. [C:\Users\ultra\warewolf\Dev\Dev2.Server.Tests\Dev2.Server.Tests.csproj]
C:\Users\ultra\warewolf\Dev\Warewolf.Storage.Interfaces\Warewolf.Storage.Interfaces.csproj : warning NU1701: Package 'TaskSchedulerEditor 2.10.1' was restored using '.NETFramework,Version=v4.6.1, .NETFramework,Version=v4.6.2, .NETFramework,Version=v4.7, .NETFramework,Version=v4.7.1, .NETFramework,Version=v4.7.2, .NETFramework,Version=v4.8, .NETFramework,Version=v4.8.1' instead of the project target framework 'net8.0'. This package may not be fully compatible with your project. [C:\Users\ultra\warewolf\Dev\Dev2.Server.Tests\Dev2.Server.Tests.csproj]
C:\Users\ultra\warewolf\Dev\Dev2.Development.Languages\Dev2.Development.Languages.csproj : warning NU1701: Package 'AeroWizard 2.3.1' was restored using '.NETFramework,Version=v4.6.1, .NETFramework,Version=v4.6.2, .NETFramework,Version=v4.7, .NETFramework,Version=v4.7.1, .NETFramework,Version=v4.7.2, .NETFramework,Version=v4.8, .NETFramework,Version=v4.8.1' instead of the project target framework 'net8.0'. This package may not be fully compatible with your project. [C:\Users\ultra\warewolf\Dev\Dev2.Server.Tests\Dev2.Server.Tests.csproj]
C:\Users\ultra\warewolf\Dev\Dev2.Development.Languages\Dev2.Development.Languages.csproj : warning NU1701: Package 'GroupControls 1.9.0' was restored using '.NETFramework,Version=v4.6.1, .NETFramework,Version=v4.6.2, .NETFramework,Version=v4.7, .NETFramework,Version=v4.7.1, .NETFramework,Version=v4.7.2, .NETFramework,Version=v4.8, .NETFramework,Version=v4.8.1' instead of the project target framework 'net8.0'. This package may not be fully compatible with your project. [C:\Users\ultra\warewolf\Dev\Dev2.Server.Tests\Dev2.Server.Tests.csproj]
C:\Users\ultra\warewolf\Dev\Dev2.Development.Languages\Dev2.Development.Languages.csproj : warning NU1701: Package 'TaskSchedulerEditor 2.10.1' was restored using '.NETFramework,Version=v4.6.1, .NETFramework,Version=v4.6.2, .NETFramework,Version=v4.7, .NETFramework,Version=v4.7.1, .NETFramework,Version=v4.7.2, .NETFramework,Version=v4.8, .NETFramework,Version=v4.8.1' instead of the project target framework 'net8.0'. This package may not be fully compatible with your project. [C:\Users\ultra\warewolf\Dev\Dev2.Server.Tests\Dev2.Server.Tests.csproj]
C:\Users\ultra\warewolf\Dev\Warewolf.Storage\Warewolf.Storage.csproj : warning NU1701: Package 'AeroWizard 2.3.1' was restored using '.NETFramework,Version=v4.6.1, .NETFramework,Version=v4.6.2, .NETFramework,Version=v4.7, .NETFramework,Version=v4.7.1, .NETFramework,Version=v4.7.2, .NETFramework,Version=v4.8, .NETFramework,Version=v4.8.1' instead of the project target framework 'net8.0'. This package may not be fully compatible with your project. [C:\Users\ultra\warewolf\Dev\Dev2.Server.Tests\Dev2.Server.Tests.csproj]
C:\Users\ultra\warewolf\Dev\Warewolf.Storage\Warewolf.Storage.csproj : warning NU1701: Package 'GroupControls 1.9.0' was restored using '.NETFramework,Version=v4.6.1, .NETFramework,Version=v4.6.2, .NETFramework,Version=v4.7, .NETFramework,Version=v4.7.1, .NETFramework,Version=v4.7.2, .NETFramework,Version=v4.8, .NETFramework,Version=v4.8.1' instead of the project target framework 'net8.0'. This package may not be fully compatible with your project. [C:\Users\ultra\warewolf\Dev\Dev2.Server.Tests\Dev2.Server.Tests.csproj]
C:\Users\ultra\warewolf\Dev\Warewolf.Storage\Warewolf.Storage.csproj : warning NU1701: Package 'ReactiveUI.WPF 18.4.1' was restored using '.NETFramework,Version=v4.6.1, .NETFramework,Version=v4.6.2, .NETFramework,Version=v4.7, .NETFramework,Version=v4.7.1, .NETFramework,Version=v4.7.2, .NETFramework,Version=v4.8, .NETFramework,Version=v4.8.1' instead of the project target framework 'net8.0'. This package may not be fully compatible with your project. [C:\Users\ultra\warewolf\Dev\Dev2.Server.Tests\Dev2.Server.Tests.csproj]
C:\Users\ultra\warewolf\Dev\Warewolf.Storage\Warewolf.Storage.csproj : warning NU1701: Package 'TaskSchedulerEditor 2.10.1' was restored using '.NETFramework,Version=v4.6.1, .NETFramework,Version=v4.6.2, .NETFramework,Version=v4.7, .NETFramework,Version=v4.7.1, .NETFramework,Version=v4.7.2, .NETFramework,Version=v4.8, .NETFramework,Version=v4.8.1' instead of the project target framework 'net8.0'. This package may not be fully compatible with your project. [C:\Users\ultra\warewolf\Dev\Dev2.Server.Tests\Dev2.Server.Tests.csproj]
C:\Users\ultra\warewolf\Dev\Dev2.Scheduler\Dev2.Scheduler.csproj : warning NU1701: Package 'AeroWizard 2.3.1' was restored using '.NETFramework,Version=v4.6.1, .NETFramework,Version=v4.6.2, .NETFramework,Version=v4.7, .NETFramework,Version=v4.7.1, .NETFramework,Version=v4.7.2, .NETFramework,Version=v4.8, .NETFramework,Version=v4.8.1' instead of the project target framework 'net8.0'. This package may not be fully compatible with your project. [C:\Users\ultra\warewolf\Dev\Dev2.Server.Tests\Dev2.Server.Tests.csproj]
C:\Users\ultra\warewolf\Dev\Dev2.Scheduler\Dev2.Scheduler.csproj : warning NU1701: Package 'GroupControls 1.9.0' was restored using '.NETFramework,Version=v4.6.1, .NETFramework,Version=v4.6.2, .NETFramework,Version=v4.7, .NETFramework,Version=v4.7.1, .NETFramework,Version=v4.7.2, .NETFramework,Version=v4.8, .NETFramework,Version=v4.8.1' instead of the project target framework 'net8.0'. This package may not be fully compatible with your project. [C:\Users\ultra\warewolf\Dev\Dev2.Server.Tests\Dev2.Server.Tests.csproj]
C:\Users\ultra\warewolf\Dev\Dev2.Scheduler\Dev2.Scheduler.csproj : warning NU1701: Package 'ReactiveUI.WPF 18.4.1' was restored using '.NETFramework,Version=v4.6.1, .NETFramework,Version=v4.6.2, .NETFramework,Version=v4.7, .NETFramework,Version=v4.7.1, .NETFramework,Version=v4.7.2, .NETFramework,Version=v4.8, .NETFramework,Version=v4.8.1' instead of the project target framework 'net8.0'. This package may not be fully compatible with your project. [C:\Users\ultra\warewolf\Dev\Dev2.Server.Tests\Dev2.Server.Tests.csproj]
C:\Users\ultra\warewolf\Dev\Dev2.Scheduler\Dev2.Scheduler.csproj : warning NU1701: Package 'TaskSchedulerEditor 2.10.1' was restored using '.NETFramework,Version=v4.6.1, .NETFramework,Version=v4.6.2, .NETFramework,Version=v4.7, .NETFramework,Version=v4.7.1, .NETFramework,Version=v4.7.2, .NETFramework,Version=v4.8, .NETFramework,Version=v4.8.1' instead of the project target framework 'net8.0'. This package may not be fully compatible with your project. [C:\Users\ultra\warewolf\Dev\Dev2.Server.Tests\Dev2.Server.Tests.csproj]
C:\Users\ultra\warewolf\Dev\Dev2.Data\Dev2.Data.csproj : warning NU1701: Package 'AeroWizard 2.3.1' was restored using '.NETFramework,Version=v4.6.1, .NETFramework,Version=v4.6.2, .NETFramework,Version=v4.7, .NETFramework,Version=v4.7.1, .NETFramework,Version=v4.7.2, .NETFramework,Version=v4.8, .NETFramework,Version=v4.8.1' instead of the project target framework 'net8.0'. This package may not be fully compatible with your project. [C:\Users\ultra\warewolf\Dev\Dev2.Server.Tests\Dev2.Server.Tests.csproj]
C:\Users\ultra\warewolf\Dev\Dev2.Data\Dev2.Data.csproj : warning NU1701: Package 'GroupControls 1.9.0' was restored using '.NETFramework,Version=v4.6.1, .NETFramework,Version=v4.6.2, .NETFramework,Version=v4.7, .NETFramework,Version=v4.7.1, .NETFramework,Version=v4.7.2, .NETFramework,Version=v4.8, .NETFramework,Version=v4.8.1' instead of the project target framework 'net8.0'. This package may not be fully compatible with your project. [C:\Users\ultra\warewolf\Dev\Dev2.Server.Tests\Dev2.Server.Tests.csproj]
C:\Users\ultra\warewolf\Dev\Dev2.Data\Dev2.Data.csproj : warning NU1701: Package 'ReactiveUI.WPF 18.4.1' was restored using '.NETFramework,Version=v4.6.1, .NETFramework,Version=v4.6.2, .NETFramework,Version=v4.7, .NETFramework,Version=v4.7.1, .NETFramework,Version=v4.7.2, .NETFramework,Version=v4.8, .NETFramework,Version=v4.8.1' instead of the project target framework 'net8.0'. This package may not be fully compatible with your project. [C:\Users\ultra\warewolf\Dev\Dev2.Server.Tests\Dev2.Server.Tests.csproj]
C:\Users\ultra\warewolf\Dev\Dev2.Data\Dev2.Data.csproj : warning NU1701: Package 'TaskSchedulerEditor 2.10.1' was restored using '.NETFramework,Version=v4.6.1, .NETFramework,Version=v4.6.2, .NETFramework,Version=v4.7, .NETFramework,Version=v4.7.1, .NETFramework,Version=v4.7.2, .NETFramework,Version=v4.8, .NETFramework,Version=v4.8.1' instead of the project target framework 'net8.0'. This package may not be fully compatible with your project. [C:\Users\ultra\warewolf\Dev\Dev2.Server.Tests\Dev2.Server.Tests.csproj]
C:\Users\ultra\warewolf\Dev\Warewolf.Data\Warewolf.Data.csproj : warning NU1701: Package 'AeroWizard 2.3.1' was restored using '.NETFramework,Version=v4.6.1, .NETFramework,Version=v4.6.2, .NETFramework,Version=v4.7, .NETFramework,Version=v4.7.1, .NETFramework,Version=v4.7.2, .NETFramework,Version=v4.8, .NETFramework,Version=v4.8.1' instead of the project target framework 'net8.0'. This package may not be fully compatible with your project. [C:\Users\ultra\warewolf\Dev\Dev2.Server.Tests\Dev2.Server.Tests.csproj]
C:\Users\ultra\warewolf\Dev\Warewolf.Data\Warewolf.Data.csproj : warning NU1701: Package 'GroupControls 1.9.0' was restored using '.NETFramework,Version=v4.6.1, .NETFramework,Version=v4.6.2, .NETFramework,Version=v4.7, .NETFramework,Version=v4.7.1, .NETFramework,Version=v4.7.2, .NETFramework,Version=v4.8, .NETFramework,Version=v4.8.1' instead of the project target framework 'net8.0'. This package may not be fully compatible with your project. [C:\Users\ultra\warewolf\Dev\Dev2.Server.Tests\Dev2.Server.Tests.csproj]
C:\Users\ultra\warewolf\Dev\Warewolf.Data\Warewolf.Data.csproj : warning NU1701: Package 'TaskSchedulerEditor 2.10.1' was restored using '.NETFramework,Version=v4.6.1, .NETFramework,Version=v4.6.2, .NETFramework,Version=v4.7, .NETFramework,Version=v4.7.1, .NETFramework,Version=v4.7.2, .NETFramework,Version=v4.8, .NETFramework,Version=v4.8.1' instead of the project target framework 'net8.0'. This package may not be fully compatible with your project. [C:\Users\ultra\warewolf\Dev\Dev2.Server.Tests\Dev2.Server.Tests.csproj]
C:\Users\ultra\warewolf\Dev\Dev2.Data.Interfaces\Dev2.Data.Interfaces.csproj : warning NU1903: Package 'DotNetZip' 1.16.0 has a known high severity vulnerability, https://github.com/advisories/GHSA-xhg6-9j5j-w4vf [C:\Users\ultra\warewolf\Dev\Dev2.Server.Tests\Dev2.Server.Tests.csproj]
C:\Users\ultra\warewolf\Dev\Dev2.Data.Interfaces\Dev2.Data.Interfaces.csproj : warning NU1701: Package 'AeroWizard 2.3.1' was restored using '.NETFramework,Version=v4.6.1, .NETFramework,Version=v4.6.2, .NETFramework,Version=v4.7, .NETFramework,Version=v4.7.1, .NETFramework,Version=v4.7.2, .NETFramework,Version=v4.8, .NETFramework,Version=v4.8.1' instead of the project target framework 'net8.0'. This package may not be fully compatible with your project. [C:\Users\ultra\warewolf\Dev\Dev2.Server.Tests\Dev2.Server.Tests.csproj]
C:\Users\ultra\warewolf\Dev\Dev2.Data.Interfaces\Dev2.Data.Interfaces.csproj : warning NU1701: Package 'GroupControls 1.9.0' was restored using '.NETFramework,Version=v4.6.1, .NETFramework,Version=v4.6.2, .NETFramework,Version=v4.7, .NETFramework,Version=v4.7.1, .NETFramework,Version=v4.7.2, .NETFramework,Version=v4.8, .NETFramework,Version=v4.8.1' instead of the project target framework 'net8.0'. This package may not be fully compatible with your project. [C:\Users\ultra\warewolf\Dev\Dev2.Server.Tests\Dev2.Server.Tests.csproj]
C:\Users\ultra\warewolf\Dev\Dev2.Data.Interfaces\Dev2.Data.Interfaces.csproj : warning NU1701: Package 'TaskSchedulerEditor 2.10.1' was restored using '.NETFramework,Version=v4.6.1, .NETFramework,Version=v4.6.2, .NETFramework,Version=v4.7, .NETFramework,Version=v4.7.1, .NETFramework,Version=v4.7.2, .NETFramework,Version=v4.8, .NETFramework,Version=v4.8.1' instead of the project target framework 'net8.0'. This package may not be fully compatible with your project. [C:\Users\ultra\warewolf\Dev\Dev2.Server.Tests\Dev2.Server.Tests.csproj]
C:\Users\ultra\warewolf\Dev\Warewolf.Common\Warewolf.Common.csproj : warning NU1701: Package 'AeroWizard 2.3.1' was restored using '.NETFramework,Version=v4.6.1, .NETFramework,Version=v4.6.2, .NETFramework,Version=v4.7, .NETFramework,Version=v4.7.1, .NETFramework,Version=v4.7.2, .NETFramework,Version=v4.8, .NETFramework,Version=v4.8.1' instead of the project target framework 'net8.0'. This package may not be fully compatible with your project. [C:\Users\ultra\warewolf\Dev\Dev2.Server.Tests\Dev2.Server.Tests.csproj]
C:\Users\ultra\warewolf\Dev\Warewolf.Common\Warewolf.Common.csproj : warning NU1701: Package 'GroupControls 1.9.0' was restored using '.NETFramework,Version=v4.6.1, .NETFramework,Version=v4.6.2, .NETFramework,Version=v4.7, .NETFramework,Version=v4.7.1, .NETFramework,Version=v4.7.2, .NETFramework,Version=v4.8, .NETFramework,Version=v4.8.1' instead of the project target framework 'net8.0'. This package may not be fully compatible with your project. [C:\Users\ultra\warewolf\Dev\Dev2.Server.Tests\Dev2.Server.Tests.csproj]
C:\Users\ultra\warewolf\Dev\Warewolf.Common\Warewolf.Common.csproj : warning NU1701: Package 'TaskSchedulerEditor 2.10.1' was restored using '.NETFramework,Version=v4.6.1, .NETFramework,Version=v4.6.2, .NETFramework,Version=v4.7, .NETFramework,Version=v4.7.1, .NETFramework,Version=v4.7.2, .NETFramework,Version=v4.8, .NETFramework,Version=v4.8.1' instead of the project target framework 'net8.0'. This package may not be fully compatible with your project. [C:\Users\ultra\warewolf\Dev\Dev2.Server.Tests\Dev2.Server.Tests.csproj]
C:\Users\ultra\warewolf\Dev\Dev2.Runtime\Dev2.Runtime.csproj : warning NU1903: Package 'Microsoft.Windows.Compatibility' 6.0.0 has a known high severity vulnerability, https://github.com/advisories/GHSA-555c-2p6r-68mm [C:\Users\ultra\warewolf\Dev\Dev2.Server.Tests\Dev2.Server.Tests.csproj]
C:\Users\ultra\warewolf\Dev\Dev2.Runtime\Dev2.Runtime.csproj : warning NU1701: Package 'AeroWizard 2.3.1' was restored using '.NETFramework,Version=v4.6.1, .NETFramework,Version=v4.6.2, .NETFramework,Version=v4.7, .NETFramework,Version=v4.7.1, .NETFramework,Version=v4.7.2, .NETFramework,Version=v4.8, .NETFramework,Version=v4.8.1' instead of the project target framework 'net8.0'. This package may not be fully compatible with your project. [C:\Users\ultra\warewolf\Dev\Dev2.Server.Tests\Dev2.Server.Tests.csproj]
C:\Users\ultra\warewolf\Dev\Dev2.Runtime\Dev2.Runtime.csproj : warning NU1701: Package 'GroupControls 1.9.0' was restored using '.NETFramework,Version=v4.6.1, .NETFramework,Version=v4.6.2, .NETFramework,Version=v4.7, .NETFramework,Version=v4.7.1, .NETFramework,Version=v4.7.2, .NETFramework,Version=v4.8, .NETFramework,Version=v4.8.1' instead of the project target framework 'net8.0'. This package may not be fully compatible with your project. [C:\Users\ultra\warewolf\Dev\Dev2.Server.Tests\Dev2.Server.Tests.csproj]
C:\Users\ultra\warewolf\Dev\Dev2.Runtime\Dev2.Runtime.csproj : warning NU1701: Package 'ReactiveUI.WPF 18.4.1' was restored using '.NETFramework,Version=v4.6.1, .NETFramework,Version=v4.6.2, .NETFramework,Version=v4.7, .NETFramework,Version=v4.7.1, .NETFramework,Version=v4.7.2, .NETFramework,Version=v4.8, .NETFramework,Version=v4.8.1' instead of the project target framework 'net8.0'. This package may not be fully compatible with your project. [C:\Users\ultra\warewolf\Dev\Dev2.Server.Tests\Dev2.Server.Tests.csproj]
C:\Users\ultra\warewolf\Dev\Dev2.Runtime\Dev2.Runtime.csproj : warning NU1701: Package 'TaskSchedulerEditor 2.10.1' was restored using '.NETFramework,Version=v4.6.1, .NETFramework,Version=v4.6.2, .NETFramework,Version=v4.7, .NETFramework,Version=v4.7.1, .NETFramework,Version=v4.7.2, .NETFramework,Version=v4.8, .NETFramework,Version=v4.8.1' instead of the project target framework 'net8.0'. This package may not be fully compatible with your project. [C:\Users\ultra\warewolf\Dev\Dev2.Server.Tests\Dev2.Server.Tests.csproj]
C:\Users\ultra\warewolf\Dev\Dev2.Infrastructure\Dev2.Infrastructure.csproj : warning NU1903: Package 'Microsoft.Windows.Compatibility' 6.0.0 has a known high severity vulnerability, https://github.com/advisories/GHSA-555c-2p6r-68mm [C:\Users\ultra\warewolf\Dev\Dev2.Server.Tests\Dev2.Server.Tests.csproj]
C:\Users\ultra\warewolf\Dev\Dev2.Infrastructure\Dev2.Infrastructure.csproj : warning NU1701: Package 'AeroWizard 2.3.1' was restored using '.NETFramework,Version=v4.6.1, .NETFramework,Version=v4.6.2, .NETFramework,Version=v4.7, .NETFramework,Version=v4.7.1, .NETFramework,Version=v4.7.2, .NETFramework,Version=v4.8, .NETFramework,Version=v4.8.1' instead of the project target framework 'net8.0'. This package may not be fully compatible with your project. [C:\Users\ultra\warewolf\Dev\Dev2.Server.Tests\Dev2.Server.Tests.csproj]
C:\Users\ultra\warewolf\Dev\Dev2.Infrastructure\Dev2.Infrastructure.csproj : warning NU1701: Package 'GroupControls 1.9.0' was restored using '.NETFramework,Version=v4.6.1, .NETFramework,Version=v4.6.2, .NETFramework,Version=v4.7, .NETFramework,Version=v4.7.1, .NETFramework,Version=v4.7.2, .NETFramework,Version=v4.8, .NETFramework,Version=v4.8.1' instead of the project target framework 'net8.0'. This package may not be fully compatible with your project. [C:\Users\ultra\warewolf\Dev\Dev2.Server.Tests\Dev2.Server.Tests.csproj]
C:\Users\ultra\warewolf\Dev\Dev2.Infrastructure\Dev2.Infrastructure.csproj : warning NU1701: Package 'ReactiveUI.WPF 18.4.1' was restored using '.NETFramework,Version=v4.6.1, .NETFramework,Version=v4.6.2, .NETFramework,Version=v4.7, .NETFramework,Version=v4.7.1, .NETFramework,Version=v4.7.2, .NETFramework,Version=v4.8, .NETFramework,Version=v4.8.1' instead of the project target framework 'net8.0'. This package may not be fully compatible with your project. [C:\Users\ultra\warewolf\Dev\Dev2.Server.Tests\Dev2.Server.Tests.csproj]
C:\Users\ultra\warewolf\Dev\Dev2.Infrastructure\Dev2.Infrastructure.csproj : warning NU1701: Package 'TaskSchedulerEditor 2.10.1' was restored using '.NETFramework,Version=v4.6.1, .NETFramework,Version=v4.6.2, .NETFramework,Version=v4.7, .NETFramework,Version=v4.7.1, .NETFramework,Version=v4.7.2, .NETFramework,Version=v4.8, .NETFramework,Version=v4.8.1' instead of the project target framework 'net8.0'. This package may not be fully compatible with your project. [C:\Users\ultra\warewolf\Dev\Dev2.Server.Tests\Dev2.Server.Tests.csproj]
C:\Users\ultra\warewolf\Dev\Dev2.Diagnostics\Dev2.Diagnostics.csproj : warning NU1701: Package 'AeroWizard 2.3.1' was restored using '.NETFramework,Version=v4.6.1, .NETFramework,Version=v4.6.2, .NETFramework,Version=v4.7, .NETFramework,Version=v4.7.1, .NETFramework,Version=v4.7.2, .NETFramework,Version=v4.8, .NETFramework,Version=v4.8.1' instead of the project target framework 'net8.0'. This package may not be fully compatible with your project. [C:\Users\ultra\warewolf\Dev\Dev2.Server.Tests\Dev2.Server.Tests.csproj]
C:\Users\ultra\warewolf\Dev\Dev2.Diagnostics\Dev2.Diagnostics.csproj : warning NU1701: Package 'GroupControls 1.9.0' was restored using '.NETFramework,Version=v4.6.1, .NETFramework,Version=v4.6.2, .NETFramework,Version=v4.7, .NETFramework,Version=v4.7.1, .NETFramework,Version=v4.7.2, .NETFramework,Version=v4.8, .NETFramework,Version=v4.8.1' instead of the project target framework 'net8.0'. This package may not be fully compatible with your project. [C:\Users\ultra\warewolf\Dev\Dev2.Server.Tests\Dev2.Server.Tests.csproj]
C:\Users\ultra\warewolf\Dev\Warewolf.Studio.Core\Warewolf.Studio.Core.csproj : warning NU1701: Package 'AeroWizard 2.3.1' was restored using '.NETFramework,Version=v4.6.1, .NETFramework,Version=v4.6.2, .NETFramework,Version=v4.7, .NETFramework,Version=v4.7.1, .NETFramework,Version=v4.7.2, .NETFramework,Version=v4.8, .NETFramework,Version=v4.8.1' instead of the project target framework 'net8.0'. This package may not be fully compatible with your project. [C:\Users\ultra\warewolf\Dev\Dev2.Server.Tests\Dev2.Server.Tests.csproj]
C:\Users\ultra\warewolf\Dev\Dev2.Diagnostics\Dev2.Diagnostics.csproj : warning NU1701: Package 'TaskSchedulerEditor 2.10.1' was restored using '.NETFramework,Version=v4.6.1, .NETFramework,Version=v4.6.2, .NETFramework,Version=v4.7, .NETFramework,Version=v4.7.1, .NETFramework,Version=v4.7.2, .NETFramework,Version=v4.8, .NETFramework,Version=v4.8.1' instead of the project target framework 'net8.0'. This package may not be fully compatible with your project. [C:\Users\ultra\warewolf\Dev\Dev2.Server.Tests\Dev2.Server.Tests.csproj]
C:\Users\ultra\warewolf\Dev\Warewolf.Studio.Core\Warewolf.Studio.Core.csproj : warning NU1701: Package 'GroupControls 1.9.0' was restored using '.NETFramework,Version=v4.6.1, .NETFramework,Version=v4.6.2, .NETFramework,Version=v4.7, .NETFramework,Version=v4.7.1, .NETFramework,Version=v4.7.2, .NETFramework,Version=v4.8, .NETFramework,Version=v4.8.1' instead of the project target framework 'net8.0'. This package may not be fully compatible with your project. [C:\Users\ultra\warewolf\Dev\Dev2.Server.Tests\Dev2.Server.Tests.csproj]
C:\Users\ultra\warewolf\Dev\Warewolf.Studio.Core\Warewolf.Studio.Core.csproj : warning NU1701: Package 'Microsoft.Xaml.Behaviors.Wpf 1.1.122' was restored using '.NETFramework,Version=v4.6.1, .NETFramework,Version=v4.6.2, .NETFramework,Version=v4.7, .NETFramework,Version=v4.7.1, .NETFramework,Version=v4.7.2, .NETFramework,Version=v4.8, .NETFramework,Version=v4.8.1' instead of the project target framework 'net8.0'. This package may not be fully compatible with your project. [C:\Users\ultra\warewolf\Dev\Dev2.Server.Tests\Dev2.Server.Tests.csproj]
C:\Users\ultra\warewolf\Dev\Warewolf.Studio.Core\Warewolf.Studio.Core.csproj : warning NU1701: Package 'Prism.Wpf 9.0.537' was restored using '.NETFramework,Version=v4.6.1, .NETFramework,Version=v4.6.2, .NETFramework,Version=v4.7, .NETFramework,Version=v4.7.1, .NETFramework,Version=v4.7.2, .NETFramework,Version=v4.8, .NETFramework,Version=v4.8.1' instead of the project target framework 'net8.0'. This package may not be fully compatible with your project. [C:\Users\ultra\warewolf\Dev\Dev2.Server.Tests\Dev2.Server.Tests.csproj]
C:\Users\ultra\warewolf\Dev\Warewolf.Studio.Core\Warewolf.Studio.Core.csproj : warning NU1701: Package 'ReactiveUI.WPF 18.4.1' was restored using '.NETFramework,Version=v4.6.1, .NETFramework,Version=v4.6.2, .NETFramework,Version=v4.7, .NETFramework,Version=v4.7.1, .NETFramework,Version=v4.7.2, .NETFramework,Version=v4.8, .NETFramework,Version=v4.8.1' instead of the project target framework 'net8.0'. This package may not be fully compatible with your project. [C:\Users\ultra\warewolf\Dev\Dev2.Server.Tests\Dev2.Server.Tests.csproj]
C:\Users\ultra\warewolf\Dev\Warewolf.Studio.Core\Warewolf.Studio.Core.csproj : warning NU1701: Package 'TaskSchedulerEditor 2.10.1' was restored using '.NETFramework,Version=v4.6.1, .NETFramework,Version=v4.6.2, .NETFramework,Version=v4.7, .NETFramework,Version=v4.7.1, .NETFramework,Version=v4.7.2, .NETFramework,Version=v4.8, .NETFramework,Version=v4.8.1' instead of the project target framework 'net8.0'. This package may not be fully compatible with your project. [C:\Users\ultra\warewolf\Dev\Dev2.Server.Tests\Dev2.Server.Tests.csproj]
C:\Users\ultra\warewolf\Dev\Warewolf.Core\Warewolf.Core.csproj : warning NU1903: Package 'Microsoft.Windows.Compatibility' 6.0.0 has a known high severity vulnerability, https://github.com/advisories/GHSA-555c-2p6r-68mm [C:\Users\ultra\warewolf\Dev\Dev2.Server.Tests\Dev2.Server.Tests.csproj]
C:\Users\ultra\warewolf\Dev\Warewolf.Core\Warewolf.Core.csproj : warning NU1701: Package 'AeroWizard 2.3.1' was restored using '.NETFramework,Version=v4.6.1, .NETFramework,Version=v4.6.2, .NETFramework,Version=v4.7, .NETFramework,Version=v4.7.1, .NETFramework,Version=v4.7.2, .NETFramework,Version=v4.8, .NETFramework,Version=v4.8.1' instead of the project target framework 'net8.0'. This package may not be fully compatible with your project. [C:\Users\ultra\warewolf\Dev\Dev2.Server.Tests\Dev2.Server.Tests.csproj]
C:\Users\ultra\warewolf\Dev\Warewolf.Core\Warewolf.Core.csproj : warning NU1701: Package 'GroupControls 1.9.0' was restored using '.NETFramework,Version=v4.6.1, .NETFramework,Version=v4.6.2, .NETFramework,Version=v4.7, .NETFramework,Version=v4.7.1, .NETFramework,Version=v4.7.2, .NETFramework,Version=v4.8, .NETFramework,Version=v4.8.1' instead of the project target framework 'net8.0'. This package may not be fully compatible with your project. [C:\Users\ultra\warewolf\Dev\Dev2.Server.Tests\Dev2.Server.Tests.csproj]
C:\Users\ultra\warewolf\Dev\Warewolf.Core\Warewolf.Core.csproj : warning NU1701: Package 'ReactiveUI.WPF 18.4.1' was restored using '.NETFramework,Version=v4.6.1, .NETFramework,Version=v4.6.2, .NETFramework,Version=v4.7, .NETFramework,Version=v4.7.1, .NETFramework,Version=v4.7.2, .NETFramework,Version=v4.8, .NETFramework,Version=v4.8.1' instead of the project target framework 'net8.0'. This package may not be fully compatible with your project. [C:\Users\ultra\warewolf\Dev\Dev2.Server.Tests\Dev2.Server.Tests.csproj]
C:\Users\ultra\warewolf\Dev\Warewolf.Core\Warewolf.Core.csproj : warning NU1701: Package 'TaskSchedulerEditor 2.10.1' was restored using '.NETFramework,Version=v4.6.1, .NETFramework,Version=v4.6.2, .NETFramework,Version=v4.7, .NETFramework,Version=v4.7.1, .NETFramework,Version=v4.7.2, .NETFramework,Version=v4.8, .NETFramework,Version=v4.8.1' instead of the project target framework 'net8.0'. This package may not be fully compatible with your project. [C:\Users\ultra\warewolf\Dev\Dev2.Server.Tests\Dev2.Server.Tests.csproj]
C:\Users\ultra\warewolf\Dev\Dev2.Util\Dev2.Util.csproj : warning NU1903: Package 'Microsoft.Windows.Compatibility' 6.0.0 has a known high severity vulnerability, https://github.com/advisories/GHSA-555c-2p6r-68mm [C:\Users\ultra\warewolf\Dev\Dev2.Server.Tests\Dev2.Server.Tests.csproj]
C:\Users\ultra\warewolf\Dev\Dev2.Util\Dev2.Util.csproj : warning NU1701: Package 'AeroWizard 2.3.1' was restored using '.NETFramework,Version=v4.6.1, .NETFramework,Version=v4.6.2, .NETFramework,Version=v4.7, .NETFramework,Version=v4.7.1, .NETFramework,Version=v4.7.2, .NETFramework,Version=v4.8, .NETFramework,Version=v4.8.1' instead of the project target framework 'net8.0'. This package may not be fully compatible with your project. [C:\Users\ultra\warewolf\Dev\Dev2.Server.Tests\Dev2.Server.Tests.csproj]
C:\Users\ultra\warewolf\Dev\Dev2.Util\Dev2.Util.csproj : warning NU1701: Package 'GroupControls 1.9.0' was restored using '.NETFramework,Version=v4.6.1, .NETFramework,Version=v4.6.2, .NETFramework,Version=v4.7, .NETFramework,Version=v4.7.1, .NETFramework,Version=v4.7.2, .NETFramework,Version=v4.8, .NETFramework,Version=v4.8.1' instead of the project target framework 'net8.0'. This package may not be fully compatible with your project. [C:\Users\ultra\warewolf\Dev\Dev2.Server.Tests\Dev2.Server.Tests.csproj]
C:\Users\ultra\warewolf\Dev\Dev2.Util\Dev2.Util.csproj : warning NU1701: Package 'TaskSchedulerEditor 2.10.1' was restored using '.NETFramework,Version=v4.6.1, .NETFramework,Version=v4.6.2, .NETFramework,Version=v4.7, .NETFramework,Version=v4.7.1, .NETFramework,Version=v4.7.2, .NETFramework,Version=v4.8, .NETFramework,Version=v4.8.1' instead of the project target framework 'net8.0'. This package may not be fully compatible with your project. [C:\Users\ultra\warewolf\Dev\Dev2.Server.Tests\Dev2.Server.Tests.csproj]
C:\Users\ultra\warewolf\Dev\Warewolf.AI.Harness\Warewolf.AI.Harness.csproj : warning NU1701: Package 'AeroWizard 2.3.1' was restored using '.NETFramework,Version=v4.6.1, .NETFramework,Version=v4.6.2, .NETFramework,Version=v4.7, .NETFramework,Version=v4.7.1, .NETFramework,Version=v4.7.2, .NETFramework,Version=v4.8, .NETFramework,Version=v4.8.1' instead of the project target framework 'net8.0'. This package may not be fully compatible with your project. [C:\Users\ultra\warewolf\Dev\Dev2.Server.Tests\Dev2.Server.Tests.csproj]
C:\Users\ultra\warewolf\Dev\Warewolf.AI.Harness\Warewolf.AI.Harness.csproj : warning NU1701: Package 'GroupControls 1.9.0' was restored using '.NETFramework,Version=v4.6.1, .NETFramework,Version=v4.6.2, .NETFramework,Version=v4.7, .NETFramework,Version=v4.7.1, .NETFramework,Version=v4.7.2, .NETFramework,Version=v4.8, .NETFramework,Version=v4.8.1' instead of the project target framework 'net8.0'. This package may not be fully compatible with your project. [C:\Users\ultra\warewolf\Dev\Dev2.Server.Tests\Dev2.Server.Tests.csproj]
C:\Users\ultra\warewolf\Dev\Warewolf.AI.Harness\Warewolf.AI.Harness.csproj : warning NU1701: Package 'TaskSchedulerEditor 2.10.1' was restored using '.NETFramework,Version=v4.6.1, .NETFramework,Version=v4.6.2, .NETFramework,Version=v4.7, .NETFramework,Version=v4.7.1, .NETFramework,Version=v4.7.2, .NETFramework,Version=v4.8, .NETFramework,Version=v4.8.1' instead of the project target framework 'net8.0'. This package may not be fully compatible with your project. [C:\Users\ultra\warewolf\Dev\Dev2.Server.Tests\Dev2.Server.Tests.csproj]
C:\Users\ultra\warewolf\Dev\Warewolf.Driver.Persistence\Warewolf.Driver.Persistence.csproj : warning NU1701: Package 'AeroWizard 2.3.1' was restored using '.NETFramework,Version=v4.6.1, .NETFramework,Version=v4.6.2, .NETFramework,Version=v4.7, .NETFramework,Version=v4.7.1, .NETFramework,Version=v4.7.2, .NETFramework,Version=v4.8, .NETFramework,Version=v4.8.1' instead of the project target framework 'net8.0'. This package may not be fully compatible with your project. [C:\Users\ultra\warewolf\Dev\Dev2.Server.Tests\Dev2.Server.Tests.csproj]
C:\Users\ultra\warewolf\Dev\Warewolf.Driver.Persistence\Warewolf.Driver.Persistence.csproj : warning NU1701: Package 'GroupControls 1.9.0' was restored using '.NETFramework,Version=v4.6.1, .NETFramework,Version=v4.6.2, .NETFramework,Version=v4.7, .NETFramework,Version=v4.7.1, .NETFramework,Version=v4.7.2, .NETFramework,Version=v4.8, .NETFramework,Version=v4.8.1' instead of the project target framework 'net8.0'. This package may not be fully compatible with your project. [C:\Users\ultra\warewolf\Dev\Dev2.Server.Tests\Dev2.Server.Tests.csproj]
C:\Users\ultra\warewolf\Dev\Warewolf.Driver.Persistence\Warewolf.Driver.Persistence.csproj : warning NU1701: Package 'ReactiveUI.WPF 18.4.1' was restored using '.NETFramework,Version=v4.6.1, .NETFramework,Version=v4.6.2, .NETFramework,Version=v4.7, .NETFramework,Version=v4.7.1, .NETFramework,Version=v4.7.2, .NETFramework,Version=v4.8, .NETFramework,Version=v4.8.1' instead of the project target framework 'net8.0'. This package may not be fully compatible with your project. [C:\Users\ultra\warewolf\Dev\Dev2.Server.Tests\Dev2.Server.Tests.csproj]
C:\Users\ultra\warewolf\Dev\Warewolf.Driver.Persistence\Warewolf.Driver.Persistence.csproj : warning NU1701: Package 'TaskSchedulerEditor 2.10.1' was restored using '.NETFramework,Version=v4.6.1, .NETFramework,Version=v4.6.2, .NETFramework,Version=v4.7, .NETFramework,Version=v4.7.1, .NETFramework,Version=v4.7.2, .NETFramework,Version=v4.8, .NETFramework,Version=v4.8.1' instead of the project target framework 'net8.0'. This package may not be fully compatible with your project. [C:\Users\ultra\warewolf\Dev\Dev2.Server.Tests\Dev2.Server.Tests.csproj]
C:\Users\ultra\warewolf\Dev\Dev2.TaskScheduler.Wrappers\Dev2.TaskScheduler.Wrappers.csproj : warning NU1701: Package 'AeroWizard 2.3.1' was restored using '.NETFramework,Version=v4.6.1, .NETFramework,Version=v4.6.2, .NETFramework,Version=v4.7, .NETFramework,Version=v4.7.1, .NETFramework,Version=v4.7.2, .NETFramework,Version=v4.8, .NETFramework,Version=v4.8.1' instead of the project target framework 'net8.0'. This package may not be fully compatible with your project. [C:\Users\ultra\warewolf\Dev\Dev2.Server.Tests\Dev2.Server.Tests.csproj]
C:\Users\ultra\warewolf\Dev\Dev2.TaskScheduler.Wrappers\Dev2.TaskScheduler.Wrappers.csproj : warning NU1701: Package 'GroupControls 1.9.0' was restored using '.NETFramework,Version=v4.6.1, .NETFramework,Version=v4.6.2, .NETFramework,Version=v4.7, .NETFramework,Version=v4.7.1, .NETFramework,Version=v4.7.2, .NETFramework,Version=v4.8, .NETFramework,Version=v4.8.1' instead of the project target framework 'net8.0'. This package may not be fully compatible with your project. [C:\Users\ultra\warewolf\Dev\Dev2.Server.Tests\Dev2.Server.Tests.csproj]
C:\Users\ultra\warewolf\Dev\Dev2.TaskScheduler.Wrappers\Dev2.TaskScheduler.Wrappers.csproj : warning NU1701: Package 'TaskSchedulerEditor 2.10.1' was restored using '.NETFramework,Version=v4.6.1, .NETFramework,Version=v4.6.2, .NETFramework,Version=v4.7, .NETFramework,Version=v4.7.1, .NETFramework,Version=v4.7.2, .NETFramework,Version=v4.8, .NETFramework,Version=v4.8.1' instead of the project target framework 'net8.0'. This package may not be fully compatible with your project. [C:\Users\ultra\warewolf\Dev\Dev2.Server.Tests\Dev2.Server.Tests.csproj]
C:\Users\ultra\warewolf\Dev\Warewolf.Common.NetStandard20\Warewolf.Common.NetStandard20.csproj : warning NU1701: Package 'AeroWizard 2.3.1' was restored using '.NETFramework,Version=v4.6.1, .NETFramework,Version=v4.6.2, .NETFramework,Version=v4.7, .NETFramework,Version=v4.7.1, .NETFramework,Version=v4.7.2, .NETFramework,Version=v4.8, .NETFramework,Version=v4.8.1' instead of the project target framework 'net8.0'. This package may not be fully compatible with your project. [C:\Users\ultra\warewolf\Dev\Dev2.Server.Tests\Dev2.Server.Tests.csproj]
C:\Users\ultra\warewolf\Dev\Warewolf.Common.NetStandard20\Warewolf.Common.NetStandard20.csproj : warning NU1701: Package 'GroupControls 1.9.0' was restored using '.NETFramework,Version=v4.6.1, .NETFramework,Version=v4.6.2, .NETFramework,Version=v4.7, .NETFramework,Version=v4.7.1, .NETFramework,Version=v4.7.2, .NETFramework,Version=v4.8, .NETFramework,Version=v4.8.1' instead of the project target framework 'net8.0'. This package may not be fully compatible with your project. [C:\Users\ultra\warewolf\Dev\Dev2.Server.Tests\Dev2.Server.Tests.csproj]
C:\Users\ultra\warewolf\Dev\Warewolf.Common.NetStandard20\Warewolf.Common.NetStandard20.csproj : warning NU1701: Package 'ReactiveUI.WPF 18.4.1' was restored using '.NETFramework,Version=v4.6.1, .NETFramework,Version=v4.6.2, .NETFramework,Version=v4.7, .NETFramework,Version=v4.7.1, .NETFramework,Version=v4.7.2, .NETFramework,Version=v4.8, .NETFramework,Version=v4.8.1' instead of the project target framework 'net8.0'. This package may not be fully compatible with your project. [C:\Users\ultra\warewolf\Dev\Dev2.Server.Tests\Dev2.Server.Tests.csproj]
C:\Users\ultra\warewolf\Dev\Warewolf.Common.NetStandard20\Warewolf.Common.NetStandard20.csproj : warning NU1701: Package 'TaskSchedulerEditor 2.10.1' was restored using '.NETFramework,Version=v4.6.1, .NETFramework,Version=v4.6.2, .NETFramework,Version=v4.7, .NETFramework,Version=v4.7.1, .NETFramework,Version=v4.7.2, .NETFramework,Version=v4.8, .NETFramework,Version=v4.8.1' instead of the project target framework 'net8.0'. This package may not be fully compatible with your project. [C:\Users\ultra\warewolf\Dev\Dev2.Server.Tests\Dev2.Server.Tests.csproj]
C:\Users\ultra\warewolf\Dev\Dev2.CustomControls\Dev2.CustomControls.csproj : warning NU1903: Package 'Microsoft.Windows.Compatibility' 6.0.0 has a known high severity vulnerability, https://github.com/advisories/GHSA-555c-2p6r-68mm [C:\Users\ultra\warewolf\Dev\Dev2.Server.Tests\Dev2.Server.Tests.csproj]
C:\Users\ultra\warewolf\Dev\Dev2.CustomControls\Dev2.CustomControls.csproj : warning NU1701: Package 'AeroWizard 2.3.1' was restored using '.NETFramework,Version=v4.6.1, .NETFramework,Version=v4.6.2, .NETFramework,Version=v4.7, .NETFramework,Version=v4.7.1, .NETFramework,Version=v4.7.2, .NETFramework,Version=v4.8, .NETFramework,Version=v4.8.1' instead of the project target framework 'net8.0'. This package may not be fully compatible with your project. [C:\Users\ultra\warewolf\Dev\Dev2.Server.Tests\Dev2.Server.Tests.csproj]
C:\Users\ultra\warewolf\Dev\Dev2.CustomControls\Dev2.CustomControls.csproj : warning NU1701: Package 'GroupControls 1.9.0' was restored using '.NETFramework,Version=v4.6.1, .NETFramework,Version=v4.6.2, .NETFramework,Version=v4.7, .NETFramework,Version=v4.7.1, .NETFramework,Version=v4.7.2, .NETFramework,Version=v4.8, .NETFramework,Version=v4.8.1' instead of the project target framework 'net8.0'. This package may not be fully compatible with your project. [C:\Users\ultra\warewolf\Dev\Dev2.Server.Tests\Dev2.Server.Tests.csproj]
C:\Users\ultra\warewolf\Dev\Dev2.CustomControls\Dev2.CustomControls.csproj : warning NU1701: Package 'TaskSchedulerEditor 2.10.1' was restored using '.NETFramework,Version=v4.6.1, .NETFramework,Version=v4.6.2, .NETFramework,Version=v4.7, .NETFramework,Version=v4.7.1, .NETFramework,Version=v4.7.2, .NETFramework,Version=v4.8, .NETFramework,Version=v4.8.1' instead of the project target framework 'net8.0'. This package may not be fully compatible with your project. [C:\Users\ultra\warewolf\Dev\Dev2.Server.Tests\Dev2.Server.Tests.csproj]
C:\Users\ultra\warewolf\Dev\Dev2.Common.Interfaces\Dev2.Common.Interfaces.csproj : warning NU1903: Package 'Microsoft.Windows.Compatibility' 6.0.0 has a known high severity vulnerability, https://github.com/advisories/GHSA-555c-2p6r-68mm [C:\Users\ultra\warewolf\Dev\Dev2.Server.Tests\Dev2.Server.Tests.csproj]
C:\Users\ultra\warewolf\Dev\Dev2.Common.Interfaces\Dev2.Common.Interfaces.csproj : warning NU1701: Package 'AeroWizard 2.3.1' was restored using '.NETFramework,Version=v4.6.1, .NETFramework,Version=v4.6.2, .NETFramework,Version=v4.7, .NETFramework,Version=v4.7.1, .NETFramework,Version=v4.7.2, .NETFramework,Version=v4.8, .NETFramework,Version=v4.8.1' instead of the project target framework 'net8.0'. This package may not be fully compatible with your project. [C:\Users\ultra\warewolf\Dev\Dev2.Server.Tests\Dev2.Server.Tests.csproj]
C:\Users\ultra\warewolf\Dev\Dev2.Common.Interfaces\Dev2.Common.Interfaces.csproj : warning NU1701: Package 'GroupControls 1.9.0' was restored using '.NETFramework,Version=v4.6.1, .NETFramework,Version=v4.6.2, .NETFramework,Version=v4.7, .NETFramework,Version=v4.7.1, .NETFramework,Version=v4.7.2, .NETFramework,Version=v4.8, .NETFramework,Version=v4.8.1' instead of the project target framework 'net8.0'. This package may not be fully compatible with your project. [C:\Users\ultra\warewolf\Dev\Dev2.Server.Tests\Dev2.Server.Tests.csproj]
C:\Users\ultra\warewolf\Dev\Dev2.Common.Interfaces\Dev2.Common.Interfaces.csproj : warning NU1701: Package 'TaskSchedulerEditor 2.10.1' was restored using '.NETFramework,Version=v4.6.1, .NETFramework,Version=v4.6.2, .NETFramework,Version=v4.7, .NETFramework,Version=v4.7.1, .NETFramework,Version=v4.7.2, .NETFramework,Version=v4.8, .NETFramework,Version=v4.8.1' instead of the project target framework 'net8.0'. This package may not be fully compatible with your project. [C:\Users\ultra\warewolf\Dev\Dev2.Server.Tests\Dev2.Server.Tests.csproj]
C:\Users\ultra\warewolf\Dev\Dev2.Common\Dev2.Common.csproj : warning NU1903: Package 'Microsoft.Windows.Compatibility' 6.0.0 has a known high severity vulnerability, https://github.com/advisories/GHSA-555c-2p6r-68mm [C:\Users\ultra\warewolf\Dev\Dev2.Server.Tests\Dev2.Server.Tests.csproj]
C:\Users\ultra\warewolf\Dev\Dev2.Common\Dev2.Common.csproj : warning NU1701: Package 'AeroWizard 2.3.1' was restored using '.NETFramework,Version=v4.6.1, .NETFramework,Version=v4.6.2, .NETFramework,Version=v4.7, .NETFramework,Version=v4.7.1, .NETFramework,Version=v4.7.2, .NETFramework,Version=v4.8, .NETFramework,Version=v4.8.1' instead of the project target framework 'net8.0'. This package may not be fully compatible with your project. [C:\Users\ultra\warewolf\Dev\Dev2.Server.Tests\Dev2.Server.Tests.csproj]
C:\Users\ultra\warewolf\Dev\Dev2.Common\Dev2.Common.csproj : warning NU1701: Package 'GroupControls 1.9.0' was restored using '.NETFramework,Version=v4.6.1, .NETFramework,Version=v4.6.2, .NETFramework,Version=v4.7, .NETFramework,Version=v4.7.1, .NETFramework,Version=v4.7.2, .NETFramework,Version=v4.8, .NETFramework,Version=v4.8.1' instead of the project target framework 'net8.0'. This package may not be fully compatible with your project. [C:\Users\ultra\warewolf\Dev\Dev2.Server.Tests\Dev2.Server.Tests.csproj]
C:\Users\ultra\warewolf\Dev\Dev2.Common\Dev2.Common.csproj : warning NU1701: Package 'TaskSchedulerEditor 2.10.1' was restored using '.NETFramework,Version=v4.6.1, .NETFramework,Version=v4.6.2, .NETFramework,Version=v4.7, .NETFramework,Version=v4.7.1, .NETFramework,Version=v4.7.2, .NETFramework,Version=v4.8, .NETFramework,Version=v4.8.1' instead of the project target framework 'net8.0'. This package may not be fully compatible with your project. [C:\Users\ultra\warewolf\Dev\Dev2.Server.Tests\Dev2.Server.Tests.csproj]
C:\Users\ultra\warewolf\Dev\Dev2.Core\Dev2.Core.csproj : warning NU1903: Package 'Microsoft.Windows.Compatibility' 6.0.0 has a known high severity vulnerability, https://github.com/advisories/GHSA-555c-2p6r-68mm [C:\Users\ultra\warewolf\Dev\Dev2.Server.Tests\Dev2.Server.Tests.csproj]
C:\Users\ultra\warewolf\Dev\Dev2.Core\Dev2.Core.csproj : warning NU1701: Package 'AeroWizard 2.3.1' was restored using '.NETFramework,Version=v4.6.1, .NETFramework,Version=v4.6.2, .NETFramework,Version=v4.7, .NETFramework,Version=v4.7.1, .NETFramework,Version=v4.7.2, .NETFramework,Version=v4.8, .NETFramework,Version=v4.8.1' instead of the project target framework 'net8.0'. This package may not be fully compatible with your project. [C:\Users\ultra\warewolf\Dev\Dev2.Server.Tests\Dev2.Server.Tests.csproj]
C:\Users\ultra\warewolf\Dev\Dev2.Core\Dev2.Core.csproj : warning NU1701: Package 'GroupControls 1.9.0' was restored using '.NETFramework,Version=v4.6.1, .NETFramework,Version=v4.6.2, .NETFramework,Version=v4.7, .NETFramework,Version=v4.7.1, .NETFramework,Version=v4.7.2, .NETFramework,Version=v4.8, .NETFramework,Version=v4.8.1' instead of the project target framework 'net8.0'. This package may not be fully compatible with your project. [C:\Users\ultra\warewolf\Dev\Dev2.Server.Tests\Dev2.Server.Tests.csproj]
C:\Users\ultra\warewolf\Dev\Dev2.Core\Dev2.Core.csproj : warning NU1701: Package 'ReactiveUI.WPF 18.4.1' was restored using '.NETFramework,Version=v4.6.1, .NETFramework,Version=v4.6.2, .NETFramework,Version=v4.7, .NETFramework,Version=v4.7.1, .NETFramework,Version=v4.7.2, .NETFramework,Version=v4.8, .NETFramework,Version=v4.8.1' instead of the project target framework 'net8.0'. This package may not be fully compatible with your project. [C:\Users\ultra\warewolf\Dev\Dev2.Server.Tests\Dev2.Server.Tests.csproj]
C:\Users\ultra\warewolf\Dev\Dev2.Core\Dev2.Core.csproj : warning NU1701: Package 'TaskSchedulerEditor 2.10.1' was restored using '.NETFramework,Version=v4.6.1, .NETFramework,Version=v4.6.2, .NETFramework,Version=v4.7, .NETFramework,Version=v4.7.1, .NETFramework,Version=v4.7.2, .NETFramework,Version=v4.8, .NETFramework,Version=v4.8.1' instead of the project target framework 'net8.0'. This package may not be fully compatible with your project. [C:\Users\ultra\warewolf\Dev\Dev2.Server.Tests\Dev2.Server.Tests.csproj]
C:\Users\ultra\warewolf\Dev\Dev2.Services.Execution\Dev2.Services.Execution.csproj : warning NU1701: Package 'AeroWizard 2.3.1' was restored using '.NETFramework,Version=v4.6.1, .NETFramework,Version=v4.6.2, .NETFramework,Version=v4.7, .NETFramework,Version=v4.7.1, .NETFramework,Version=v4.7.2, .NETFramework,Version=v4.8, .NETFramework,Version=v4.8.1' instead of the project target framework 'net8.0'. This package may not be fully compatible with your project. [C:\Users\ultra\warewolf\Dev\Dev2.Server.Tests\Dev2.Server.Tests.csproj]
C:\Users\ultra\warewolf\Dev\Dev2.Services.Execution\Dev2.Services.Execution.csproj : warning NU1701: Package 'GroupControls 1.9.0' was restored using '.NETFramework,Version=v4.6.1, .NETFramework,Version=v4.6.2, .NETFramework,Version=v4.7, .NETFramework,Version=v4.7.1, .NETFramework,Version=v4.7.2, .NETFramework,Version=v4.8, .NETFramework,Version=v4.8.1' instead of the project target framework 'net8.0'. This package may not be fully compatible with your project. [C:\Users\ultra\warewolf\Dev\Dev2.Server.Tests\Dev2.Server.Tests.csproj]
C:\Users\ultra\warewolf\Dev\Dev2.Services.Execution\Dev2.Services.Execution.csproj : warning NU1701: Package 'ReactiveUI.WPF 18.4.1' was restored using '.NETFramework,Version=v4.6.1, .NETFramework,Version=v4.6.2, .NETFramework,Version=v4.7, .NETFramework,Version=v4.7.1, .NETFramework,Version=v4.7.2, .NETFramework,Version=v4.8, .NETFramework,Version=v4.8.1' instead of the project target framework 'net8.0'. This package may not be fully compatible with your project. [C:\Users\ultra\warewolf\Dev\Dev2.Server.Tests\Dev2.Server.Tests.csproj]
C:\Users\ultra\warewolf\Dev\Dev2.Services.Execution\Dev2.Services.Execution.csproj : warning NU1701: Package 'TaskSchedulerEditor 2.10.1' was restored using '.NETFramework,Version=v4.6.1, .NETFramework,Version=v4.6.2, .NETFramework,Version=v4.7, .NETFramework,Version=v4.7.1, .NETFramework,Version=v4.7.2, .NETFramework,Version=v4.8, .NETFramework,Version=v4.8.1' instead of the project target framework 'net8.0'. This package may not be fully compatible with your project. [C:\Users\ultra\warewolf\Dev\Dev2.Server.Tests\Dev2.Server.Tests.csproj]
C:\Users\ultra\warewolf\Dev\Warewolf.Security\Warewolf.Security.csproj : warning NU1904: Package 'System.Drawing.Common' 4.5.1 has a known critical severity vulnerability, https://github.com/advisories/GHSA-rxg9-xrhp-64gj [C:\Users\ultra\warewolf\Dev\Dev2.Server.Tests\Dev2.Server.Tests.csproj]
C:\Users\ultra\warewolf\Dev\Warewolf.Sharepoint\Warewolf.Sharepoint.csproj : warning NU1701: Package 'AeroWizard 2.3.1' was restored using '.NETFramework,Version=v4.6.1, .NETFramework,Version=v4.6.2, .NETFramework,Version=v4.7, .NETFramework,Version=v4.7.1, .NETFramework,Version=v4.7.2, .NETFramework,Version=v4.8, .NETFramework,Version=v4.8.1' instead of the project target framework 'net8.0'. This package may not be fully compatible with your project. [C:\Users\ultra\warewolf\Dev\Dev2.Server.Tests\Dev2.Server.Tests.csproj]
C:\Users\ultra\warewolf\Dev\Warewolf.Sharepoint\Warewolf.Sharepoint.csproj : warning NU1701: Package 'GroupControls 1.9.0' was restored using '.NETFramework,Version=v4.6.1, .NETFramework,Version=v4.6.2, .NETFramework,Version=v4.7, .NETFramework,Version=v4.7.1, .NETFramework,Version=v4.7.2, .NETFramework,Version=v4.8, .NETFramework,Version=v4.8.1' instead of the project target framework 'net8.0'. This package may not be fully compatible with your project. [C:\Users\ultra\warewolf\Dev\Dev2.Server.Tests\Dev2.Server.Tests.csproj]
C:\Users\ultra\warewolf\Dev\Warewolf.Sharepoint\Warewolf.Sharepoint.csproj : warning NU1701: Package 'ReactiveUI.WPF 18.4.1' was restored using '.NETFramework,Version=v4.6.1, .NETFramework,Version=v4.6.2, .NETFramework,Version=v4.7, .NETFramework,Version=v4.7.1, .NETFramework,Version=v4.7.2, .NETFramework,Version=v4.8, .NETFramework,Version=v4.8.1' instead of the project target framework 'net8.0'. This package may not be fully compatible with your project. [C:\Users\ultra\warewolf\Dev\Dev2.Server.Tests\Dev2.Server.Tests.csproj]
C:\Users\ultra\warewolf\Dev\Warewolf.Sharepoint\Warewolf.Sharepoint.csproj : warning NU1701: Package 'TaskSchedulerEditor 2.10.1' was restored using '.NETFramework,Version=v4.6.1, .NETFramework,Version=v4.6.2, .NETFramework,Version=v4.7, .NETFramework,Version=v4.7.1, .NETFramework,Version=v4.7.2, .NETFramework,Version=v4.8, .NETFramework,Version=v4.8.1' instead of the project target framework 'net8.0'. This package may not be fully compatible with your project. [C:\Users\ultra\warewolf\Dev\Dev2.Server.Tests\Dev2.Server.Tests.csproj]
C:\Users\ultra\warewolf\Dev\Warewolf.Auditing\Warewolf.Auditing.csproj : warning NU1701: Package 'AeroWizard 2.3.1' was restored using '.NETFramework,Version=v4.6.1, .NETFramework,Version=v4.6.2, .NETFramework,Version=v4.7, .NETFramework,Version=v4.7.1, .NETFramework,Version=v4.7.2, .NETFramework,Version=v4.8, .NETFramework,Version=v4.8.1' instead of the project target framework 'net8.0'. This package may not be fully compatible with your project. [C:\Users\ultra\warewolf\Dev\Dev2.Server.Tests\Dev2.Server.Tests.csproj]
C:\Users\ultra\warewolf\Dev\Warewolf.Auditing\Warewolf.Auditing.csproj : warning NU1701: Package 'GroupControls 1.9.0' was restored using '.NETFramework,Version=v4.6.1, .NETFramework,Version=v4.6.2, .NETFramework,Version=v4.7, .NETFramework,Version=v4.7.1, .NETFramework,Version=v4.7.2, .NETFramework,Version=v4.8, .NETFramework,Version=v4.8.1' instead of the project target framework 'net8.0'. This package may not be fully compatible with your project. [C:\Users\ultra\warewolf\Dev\Dev2.Server.Tests\Dev2.Server.Tests.csproj]
C:\Users\ultra\warewolf\Dev\Warewolf.Auditing\Warewolf.Auditing.csproj : warning NU1701: Package 'ReactiveUI.WPF 18.4.1' was restored using '.NETFramework,Version=v4.6.1, .NETFramework,Version=v4.6.2, .NETFramework,Version=v4.7, .NETFramework,Version=v4.7.1, .NETFramework,Version=v4.7.2, .NETFramework,Version=v4.8, .NETFramework,Version=v4.8.1' instead of the project target framework 'net8.0'. This package may not be fully compatible with your project. [C:\Users\ultra\warewolf\Dev\Dev2.Server.Tests\Dev2.Server.Tests.csproj]
C:\Users\ultra\warewolf\Dev\Warewolf.Auditing\Warewolf.Auditing.csproj : warning NU1701: Package 'TaskSchedulerEditor 2.10.1' was restored using '.NETFramework,Version=v4.6.1, .NETFramework,Version=v4.6.2, .NETFramework,Version=v4.7, .NETFramework,Version=v4.7.1, .NETFramework,Version=v4.7.2, .NETFramework,Version=v4.8, .NETFramework,Version=v4.8.1' instead of the project target framework 'net8.0'. This package may not be fully compatible with your project. [C:\Users\ultra\warewolf\Dev\Dev2.Server.Tests\Dev2.Server.Tests.csproj]
C:\Users\ultra\warewolf\Dev\Dev2.Activities\Dev2.Activities.csproj : warning NU1903: Package 'Microsoft.Windows.Compatibility' 6.0.0 has a known high severity vulnerability, https://github.com/advisories/GHSA-555c-2p6r-68mm [C:\Users\ultra\warewolf\Dev\Dev2.Server.Tests\Dev2.Server.Tests.csproj]
C:\Users\ultra\warewolf\Dev\Dev2.Activities\Dev2.Activities.csproj : warning NU1701: Package 'AeroWizard 2.3.1' was restored using '.NETFramework,Version=v4.6.1, .NETFramework,Version=v4.6.2, .NETFramework,Version=v4.7, .NETFramework,Version=v4.7.1, .NETFramework,Version=v4.7.2, .NETFramework,Version=v4.8, .NETFramework,Version=v4.8.1' instead of the project target framework 'net8.0'. This package may not be fully compatible with your project. [C:\Users\ultra\warewolf\Dev\Dev2.Server.Tests\Dev2.Server.Tests.csproj]
C:\Users\ultra\warewolf\Dev\Dev2.Activities\Dev2.Activities.csproj : warning NU1701: Package 'GroupControls 1.9.0' was restored using '.NETFramework,Version=v4.6.1, .NETFramework,Version=v4.6.2, .NETFramework,Version=v4.7, .NETFramework,Version=v4.7.1, .NETFramework,Version=v4.7.2, .NETFramework,Version=v4.8, .NETFramework,Version=v4.8.1' instead of the project target framework 'net8.0'. This package may not be fully compatible with your project. [C:\Users\ultra\warewolf\Dev\Dev2.Server.Tests\Dev2.Server.Tests.csproj]
C:\Users\ultra\warewolf\Dev\Dev2.Activities\Dev2.Activities.csproj : warning NU1701: Package 'ReactiveUI.WPF 18.4.1' was restored using '.NETFramework,Version=v4.6.1, .NETFramework,Version=v4.6.2, .NETFramework,Version=v4.7, .NETFramework,Version=v4.7.1, .NETFramework,Version=v4.7.2, .NETFramework,Version=v4.8, .NETFramework,Version=v4.8.1' instead of the project target framework 'net8.0'. This package may not be fully compatible with your project. [C:\Users\ultra\warewolf\Dev\Dev2.Server.Tests\Dev2.Server.Tests.csproj]
C:\Users\ultra\warewolf\Dev\Dev2.Activities\Dev2.Activities.csproj : warning NU1701: Package 'TaskSchedulerEditor 2.10.1' was restored using '.NETFramework,Version=v4.6.1, .NETFramework,Version=v4.6.2, .NETFramework,Version=v4.7, .NETFramework,Version=v4.7.1, .NETFramework,Version=v4.7.2, .NETFramework,Version=v4.8, .NETFramework,Version=v4.8.1' instead of the project target framework 'net8.0'. This package may not be fully compatible with your project. [C:\Users\ultra\warewolf\Dev\Dev2.Server.Tests\Dev2.Server.Tests.csproj]
C:\Users\ultra\warewolf\Dev\Warewolf.Testing\Warewolf.Testing.csproj : warning NU1701: Package 'AeroWizard 2.3.1' was restored using '.NETFramework,Version=v4.6.1, .NETFramework,Version=v4.6.2, .NETFramework,Version=v4.7, .NETFramework,Version=v4.7.1, .NETFramework,Version=v4.7.2, .NETFramework,Version=v4.8, .NETFramework,Version=v4.8.1' instead of the project target framework 'net8.0'. This package may not be fully compatible with your project. [C:\Users\ultra\warewolf\Dev\Dev2.Server.Tests\Dev2.Server.Tests.csproj]
C:\Users\ultra\warewolf\Dev\Warewolf.Testing\Warewolf.Testing.csproj : warning NU1701: Package 'GroupControls 1.9.0' was restored using '.NETFramework,Version=v4.6.1, .NETFramework,Version=v4.6.2, .NETFramework,Version=v4.7, .NETFramework,Version=v4.7.1, .NETFramework,Version=v4.7.2, .NETFramework,Version=v4.8, .NETFramework,Version=v4.8.1' instead of the project target framework 'net8.0'. This package may not be fully compatible with your project. [C:\Users\ultra\warewolf\Dev\Dev2.Server.Tests\Dev2.Server.Tests.csproj]
C:\Users\ultra\warewolf\Dev\Warewolf.Testing\Warewolf.Testing.csproj : warning NU1701: Package 'Microsoft.Xaml.Behaviors.Wpf 1.1.122' was restored using '.NETFramework,Version=v4.6.1, .NETFramework,Version=v4.6.2, .NETFramework,Version=v4.7, .NETFramework,Version=v4.7.1, .NETFramework,Version=v4.7.2, .NETFramework,Version=v4.8, .NETFramework,Version=v4.8.1' instead of the project target framework 'net8.0'. This package may not be fully compatible with your project. [C:\Users\ultra\warewolf\Dev\Dev2.Server.Tests\Dev2.Server.Tests.csproj]
C:\Users\ultra\warewolf\Dev\Warewolf.Testing\Warewolf.Testing.csproj : warning NU1701: Package 'Prism.Wpf 9.0.537' was restored using '.NETFramework,Version=v4.6.1, .NETFramework,Version=v4.6.2, .NETFramework,Version=v4.7, .NETFramework,Version=v4.7.1, .NETFramework,Version=v4.7.2, .NETFramework,Version=v4.8, .NETFramework,Version=v4.8.1' instead of the project target framework 'net8.0'. This package may not be fully compatible with your project. [C:\Users\ultra\warewolf\Dev\Dev2.Server.Tests\Dev2.Server.Tests.csproj]
C:\Users\ultra\warewolf\Dev\Warewolf.Testing\Warewolf.Testing.csproj : warning NU1701: Package 'ReactiveUI.WPF 18.4.1' was restored using '.NETFramework,Version=v4.6.1, .NETFramework,Version=v4.6.2, .NETFramework,Version=v4.7, .NETFramework,Version=v4.7.1, .NETFramework,Version=v4.7.2, .NETFramework,Version=v4.8, .NETFramework,Version=v4.8.1' instead of the project target framework 'net8.0'. This package may not be fully compatible with your project. [C:\Users\ultra\warewolf\Dev\Dev2.Server.Tests\Dev2.Server.Tests.csproj]
C:\Users\ultra\warewolf\Dev\Warewolf.Testing\Warewolf.Testing.csproj : warning NU1701: Package 'TaskSchedulerEditor 2.10.1' was restored using '.NETFramework,Version=v4.6.1, .NETFramework,Version=v4.6.2, .NETFramework,Version=v4.7, .NETFramework,Version=v4.7.1, .NETFramework,Version=v4.7.2, .NETFramework,Version=v4.8, .NETFramework,Version=v4.8.1' instead of the project target framework 'net8.0'. This package may not be fully compatible with your project. [C:\Users\ultra\warewolf\Dev\Dev2.Server.Tests\Dev2.Server.Tests.csproj]
C:\Users\ultra\warewolf\Dev\Warewolf.Trigger.Queue\Warewolf.Trigger.Queue.csproj : warning NU1701: Package 'AeroWizard 2.3.1' was restored using '.NETFramework,Version=v4.6.1, .NETFramework,Version=v4.6.2, .NETFramework,Version=v4.7, .NETFramework,Version=v4.7.1, .NETFramework,Version=v4.7.2, .NETFramework,Version=v4.8, .NETFramework,Version=v4.8.1' instead of the project target framework 'net8.0'. This package may not be fully compatible with your project. [C:\Users\ultra\warewolf\Dev\Dev2.Server.Tests\Dev2.Server.Tests.csproj]
C:\Users\ultra\warewolf\Dev\Warewolf.Trigger.Queue\Warewolf.Trigger.Queue.csproj : warning NU1701: Package 'GroupControls 1.9.0' was restored using '.NETFramework,Version=v4.6.1, .NETFramework,Version=v4.6.2, .NETFramework,Version=v4.7, .NETFramework,Version=v4.7.1, .NETFramework,Version=v4.7.2, .NETFramework,Version=v4.8, .NETFramework,Version=v4.8.1' instead of the project target framework 'net8.0'. This package may not be fully compatible with your project. [C:\Users\ultra\warewolf\Dev\Dev2.Server.Tests\Dev2.Server.Tests.csproj]
C:\Users\ultra\warewolf\Dev\Warewolf.Trigger.Queue\Warewolf.Trigger.Queue.csproj : warning NU1701: Package 'Microsoft.Xaml.Behaviors.Wpf 1.1.122' was restored using '.NETFramework,Version=v4.6.1, .NETFramework,Version=v4.6.2, .NETFramework,Version=v4.7, .NETFramework,Version=v4.7.1, .NETFramework,Version=v4.7.2, .NETFramework,Version=v4.8, .NETFramework,Version=v4.8.1' instead of the project target framework 'net8.0'. This package may not be fully compatible with your project. [C:\Users\ultra\warewolf\Dev\Dev2.Server.Tests\Dev2.Server.Tests.csproj]
C:\Users\ultra\warewolf\Dev\Warewolf.Trigger.Queue\Warewolf.Trigger.Queue.csproj : warning NU1701: Package 'Prism.Wpf 9.0.537' was restored using '.NETFramework,Version=v4.6.1, .NETFramework,Version=v4.6.2, .NETFramework,Version=v4.7, .NETFramework,Version=v4.7.1, .NETFramework,Version=v4.7.2, .NETFramework,Version=v4.8, .NETFramework,Version=v4.8.1' instead of the project target framework 'net8.0'. This package may not be fully compatible with your project. [C:\Users\ultra\warewolf\Dev\Dev2.Server.Tests\Dev2.Server.Tests.csproj]
C:\Users\ultra\warewolf\Dev\Warewolf.Trigger.Queue\Warewolf.Trigger.Queue.csproj : warning NU1701: Package 'ReactiveUI.WPF 18.4.1' was restored using '.NETFramework,Version=v4.6.1, .NETFramework,Version=v4.6.2, .NETFramework,Version=v4.7, .NETFramework,Version=v4.7.1, .NETFramework,Version=v4.7.2, .NETFramework,Version=v4.8, .NETFramework,Version=v4.8.1' instead of the project target framework 'net8.0'. This package may not be fully compatible with your project. [C:\Users\ultra\warewolf\Dev\Dev2.Server.Tests\Dev2.Server.Tests.csproj]
C:\Users\ultra\warewolf\Dev\Warewolf.Trigger.Queue\Warewolf.Trigger.Queue.csproj : warning NU1701: Package 'TaskSchedulerEditor 2.10.1' was restored using '.NETFramework,Version=v4.6.1, .NETFramework,Version=v4.6.2, .NETFramework,Version=v4.7, .NETFramework,Version=v4.7.1, .NETFramework,Version=v4.7.2, .NETFramework,Version=v4.8, .NETFramework,Version=v4.8.1' instead of the project target framework 'net8.0'. This package may not be fully compatible with your project. [C:\Users\ultra\warewolf\Dev\Dev2.Server.Tests\Dev2.Server.Tests.csproj]
C:\Users\ultra\warewolf\Dev\Warewolf.UI\Warewolf.UI.csproj : warning NU1701: Package 'AeroWizard 2.3.1' was restored using '.NETFramework,Version=v4.6.1, .NETFramework,Version=v4.6.2, .NETFramework,Version=v4.7, .NETFramework,Version=v4.7.1, .NETFramework,Version=v4.7.2, .NETFramework,Version=v4.8, .NETFramework,Version=v4.8.1' instead of the project target framework 'net8.0'. This package may not be fully compatible with your project. [C:\Users\ultra\warewolf\Dev\Dev2.Server.Tests\Dev2.Server.Tests.csproj]
C:\Users\ultra\warewolf\Dev\Warewolf.UI\Warewolf.UI.csproj : warning NU1701: Package 'GroupControls 1.9.0' was restored using '.NETFramework,Version=v4.6.1, .NETFramework,Version=v4.6.2, .NETFramework,Version=v4.7, .NETFramework,Version=v4.7.1, .NETFramework,Version=v4.7.2, .NETFramework,Version=v4.8, .NETFramework,Version=v4.8.1' instead of the project target framework 'net8.0'. This package may not be fully compatible with your project. [C:\Users\ultra\warewolf\Dev\Dev2.Server.Tests\Dev2.Server.Tests.csproj]
C:\Users\ultra\warewolf\Dev\Warewolf.UI\Warewolf.UI.csproj : warning NU1701: Package 'Microsoft.Xaml.Behaviors.Wpf 1.1.122' was restored using '.NETFramework,Version=v4.6.1, .NETFramework,Version=v4.6.2, .NETFramework,Version=v4.7, .NETFramework,Version=v4.7.1, .NETFramework,Version=v4.7.2, .NETFramework,Version=v4.8, .NETFramework,Version=v4.8.1' instead of the project target framework 'net8.0'. This package may not be fully compatible with your project. [C:\Users\ultra\warewolf\Dev\Dev2.Server.Tests\Dev2.Server.Tests.csproj]
C:\Users\ultra\warewolf\Dev\Warewolf.UI\Warewolf.UI.csproj : warning NU1701: Package 'Prism.Wpf 9.0.537' was restored using '.NETFramework,Version=v4.6.1, .NETFramework,Version=v4.6.2, .NETFramework,Version=v4.7, .NETFramework,Version=v4.7.1, .NETFramework,Version=v4.7.2, .NETFramework,Version=v4.8, .NETFramework,Version=v4.8.1' instead of the project target framework 'net8.0'. This package may not be fully compatible with your project. [C:\Users\ultra\warewolf\Dev\Dev2.Server.Tests\Dev2.Server.Tests.csproj]
C:\Users\ultra\warewolf\Dev\Warewolf.UI\Warewolf.UI.csproj : warning NU1701: Package 'ReactiveUI.WPF 18.4.1' was restored using '.NETFramework,Version=v4.6.1, .NETFramework,Version=v4.6.2, .NETFramework,Version=v4.7, .NETFramework,Version=v4.7.1, .NETFramework,Version=v4.7.2, .NETFramework,Version=v4.8, .NETFramework,Version=v4.8.1' instead of the project target framework 'net8.0'. This package may not be fully compatible with your project. [C:\Users\ultra\warewolf\Dev\Dev2.Server.Tests\Dev2.Server.Tests.csproj]
C:\Users\ultra\warewolf\Dev\Warewolf.UI\Warewolf.UI.csproj : warning NU1701: Package 'TaskSchedulerEditor 2.10.1' was restored using '.NETFramework,Version=v4.6.1, .NETFramework,Version=v4.6.2, .NETFramework,Version=v4.7, .NETFramework,Version=v4.7.1, .NETFramework,Version=v4.7.2, .NETFramework,Version=v4.8, .NETFramework,Version=v4.8.1' instead of the project target framework 'net8.0'. This package may not be fully compatible with your project. [C:\Users\ultra\warewolf\Dev\Dev2.Server.Tests\Dev2.Server.Tests.csproj]
C:\Users\ultra\warewolf\Dev\Warewolf.Common.Framework48\Warewolf.Common.Framework48.csproj : warning NU1902: Package 'System.IdentityModel.Tokens.Jwt' 5.1.0 has a known moderate severity vulnerability, https://github.com/advisories/GHSA-59j7-ghrg-fj52 [C:\Users\ultra\warewolf\Dev\Dev2.Server.Tests\Dev2.Server.Tests.csproj]
C:\Users\ultra\warewolf\Dev\Warewolf.Common.Framework48\Warewolf.Common.Framework48.csproj : warning NU1701: Package 'AeroWizard 2.3.1' was restored using '.NETFramework,Version=v4.6.1, .NETFramework,Version=v4.6.2, .NETFramework,Version=v4.7, .NETFramework,Version=v4.7.1, .NETFramework,Version=v4.7.2, .NETFramework,Version=v4.8, .NETFramework,Version=v4.8.1' instead of the project target framework 'net8.0'. This package may not be fully compatible with your project. [C:\Users\ultra\warewolf\Dev\Dev2.Server.Tests\Dev2.Server.Tests.csproj]
C:\Users\ultra\warewolf\Dev\Warewolf.Common.Framework48\Warewolf.Common.Framework48.csproj : warning NU1701: Package 'GroupControls 1.9.0' was restored using '.NETFramework,Version=v4.6.1, .NETFramework,Version=v4.6.2, .NETFramework,Version=v4.7, .NETFramework,Version=v4.7.1, .NETFramework,Version=v4.7.2, .NETFramework,Version=v4.8, .NETFramework,Version=v4.8.1' instead of the project target framework 'net8.0'. This package may not be fully compatible with your project. [C:\Users\ultra\warewolf\Dev\Dev2.Server.Tests\Dev2.Server.Tests.csproj]
C:\Users\ultra\warewolf\Dev\Warewolf.Common.Framework48\Warewolf.Common.Framework48.csproj : warning NU1701: Package 'Microsoft.Xaml.Behaviors.Wpf 1.1.122' was restored using '.NETFramework,Version=v4.6.1, .NETFramework,Version=v4.6.2, .NETFramework,Version=v4.7, .NETFramework,Version=v4.7.1, .NETFramework,Version=v4.7.2, .NETFramework,Version=v4.8, .NETFramework,Version=v4.8.1' instead of the project target framework 'net8.0'. This package may not be fully compatible with your project. [C:\Users\ultra\warewolf\Dev\Dev2.Server.Tests\Dev2.Server.Tests.csproj]
C:\Users\ultra\warewolf\Dev\Warewolf.Common.Framework48\Warewolf.Common.Framework48.csproj : warning NU1701: Package 'Prism.Wpf 9.0.537' was restored using '.NETFramework,Version=v4.6.1, .NETFramework,Version=v4.6.2, .NETFramework,Version=v4.7, .NETFramework,Version=v4.7.1, .NETFramework,Version=v4.7.2, .NETFramework,Version=v4.8, .NETFramework,Version=v4.8.1' instead of the project target framework 'net8.0'. This package may not be fully compatible with your project. [C:\Users\ultra\warewolf\Dev\Dev2.Server.Tests\Dev2.Server.Tests.csproj]
C:\Users\ultra\warewolf\Dev\Warewolf.Common.Framework48\Warewolf.Common.Framework48.csproj : warning NU1701: Package 'ReactiveUI.WPF 18.4.1' was restored using '.NETFramework,Version=v4.6.1, .NETFramework,Version=v4.6.2, .NETFramework,Version=v4.7, .NETFramework,Version=v4.7.1, .NETFramework,Version=v4.7.2, .NETFramework,Version=v4.8, .NETFramework,Version=v4.8.1' instead of the project target framework 'net8.0'. This package may not be fully compatible with your project. [C:\Users\ultra\warewolf\Dev\Dev2.Server.Tests\Dev2.Server.Tests.csproj]
C:\Users\ultra\warewolf\Dev\Warewolf.Common.Framework48\Warewolf.Common.Framework48.csproj : warning NU1701: Package 'TaskSchedulerEditor 2.10.1' was restored using '.NETFramework,Version=v4.6.1, .NETFramework,Version=v4.6.2, .NETFramework,Version=v4.7, .NETFramework,Version=v4.7.1, .NETFramework,Version=v4.7.2, .NETFramework,Version=v4.8, .NETFramework,Version=v4.8.1' instead of the project target framework 'net8.0'. This package may not be fully compatible with your project. [C:\Users\ultra\warewolf\Dev\Dev2.Server.Tests\Dev2.Server.Tests.csproj]
C:\Users\ultra\warewolf\Dev\Dev2.Server\Dev2.Server.csproj : warning NU1903: Package 'Oracle.ManagedDataAccess.Core' 3.21.70 has a known high severity vulnerability, https://github.com/advisories/GHSA-5pm2-9mr2-3frq [C:\Users\ultra\warewolf\Dev\Dev2.Server.Tests\Dev2.Server.Tests.csproj]
C:\Users\ultra\warewolf\Dev\Dev2.Server\Dev2.Server.csproj : warning NU1701: Package 'AeroWizard 2.3.1' was restored using '.NETFramework,Version=v4.6.1, .NETFramework,Version=v4.6.2, .NETFramework,Version=v4.7, .NETFramework,Version=v4.7.1, .NETFramework,Version=v4.7.2, .NETFramework,Version=v4.8, .NETFramework,Version=v4.8.1' instead of the project target framework 'net8.0'. This package may not be fully compatible with your project. [C:\Users\ultra\warewolf\Dev\Dev2.Server.Tests\Dev2.Server.Tests.csproj]
C:\Users\ultra\warewolf\Dev\Dev2.Server\Dev2.Server.csproj : warning NU1701: Package 'GroupControls 1.9.0' was restored using '.NETFramework,Version=v4.6.1, .NETFramework,Version=v4.6.2, .NETFramework,Version=v4.7, .NETFramework,Version=v4.7.1, .NETFramework,Version=v4.7.2, .NETFramework,Version=v4.8, .NETFramework,Version=v4.8.1' instead of the project target framework 'net8.0'. This package may not be fully compatible with your project. [C:\Users\ultra\warewolf\Dev\Dev2.Server.Tests\Dev2.Server.Tests.csproj]
C:\Users\ultra\warewolf\Dev\Dev2.Server\Dev2.Server.csproj : warning NU1701: Package 'Microsoft.Xaml.Behaviors.Wpf 1.1.122' was restored using '.NETFramework,Version=v4.6.1, .NETFramework,Version=v4.6.2, .NETFramework,Version=v4.7, .NETFramework,Version=v4.7.1, .NETFramework,Version=v4.7.2, .NETFramework,Version=v4.8, .NETFramework,Version=v4.8.1' instead of the project target framework 'net8.0'. This package may not be fully compatible with your project. [C:\Users\ultra\warewolf\Dev\Dev2.Server.Tests\Dev2.Server.Tests.csproj]
C:\Users\ultra\warewolf\Dev\Dev2.Server\Dev2.Server.csproj : warning NU1701: Package 'Prism.Wpf 9.0.537' was restored using '.NETFramework,Version=v4.6.1, .NETFramework,Version=v4.6.2, .NETFramework,Version=v4.7, .NETFramework,Version=v4.7.1, .NETFramework,Version=v4.7.2, .NETFramework,Version=v4.8, .NETFramework,Version=v4.8.1' instead of the project target framework 'net8.0'. This package may not be fully compatible with your project. [C:\Users\ultra\warewolf\Dev\Dev2.Server.Tests\Dev2.Server.Tests.csproj]
C:\Users\ultra\warewolf\Dev\Dev2.Server\Dev2.Server.csproj : warning NU1701: Package 'ReactiveUI.WPF 18.4.1' was restored using '.NETFramework,Version=v4.6.1, .NETFramework,Version=v4.6.2, .NETFramework,Version=v4.7, .NETFramework,Version=v4.7.1, .NETFramework,Version=v4.7.2, .NETFramework,Version=v4.8, .NETFramework,Version=v4.8.1' instead of the project target framework 'net8.0'. This package may not be fully compatible with your project. [C:\Users\ultra\warewolf\Dev\Dev2.Server.Tests\Dev2.Server.Tests.csproj]
C:\Users\ultra\warewolf\Dev\Dev2.Server\Dev2.Server.csproj : warning NU1701: Package 'TaskSchedulerEditor 2.10.1' was restored using '.NETFramework,Version=v4.6.1, .NETFramework,Version=v4.6.2, .NETFramework,Version=v4.7, .NETFramework,Version=v4.7.1, .NETFramework,Version=v4.7.2, .NETFramework,Version=v4.8, .NETFramework,Version=v4.8.1' instead of the project target framework 'net8.0'. This package may not be fully compatible with your project. [C:\Users\ultra\warewolf\Dev\Dev2.Server.Tests\Dev2.Server.Tests.csproj]
C:\Users\ultra\warewolf\Dev\Warewolf.PerfMon\Warewolf.PerfMon.csproj : warning NU1701: Package 'AeroWizard 2.3.1' was restored using '.NETFramework,Version=v4.6.1, .NETFramework,Version=v4.6.2, .NETFramework,Version=v4.7, .NETFramework,Version=v4.7.1, .NETFramework,Version=v4.7.2, .NETFramework,Version=v4.8, .NETFramework,Version=v4.8.1' instead of the project target framework 'net8.0'. This package may not be fully compatible with your project. [C:\Users\ultra\warewolf\Dev\Dev2.Server.Tests\Dev2.Server.Tests.csproj]
C:\Users\ultra\warewolf\Dev\Warewolf.PerfMon\Warewolf.PerfMon.csproj : warning NU1701: Package 'GroupControls 1.9.0' was restored using '.NETFramework,Version=v4.6.1, .NETFramework,Version=v4.6.2, .NETFramework,Version=v4.7, .NETFramework,Version=v4.7.1, .NETFramework,Version=v4.7.2, .NETFramework,Version=v4.8, .NETFramework,Version=v4.8.1' instead of the project target framework 'net8.0'. This package may not be fully compatible with your project. [C:\Users\ultra\warewolf\Dev\Dev2.Server.Tests\Dev2.Server.Tests.csproj]
C:\Users\ultra\warewolf\Dev\Warewolf.PerfMon\Warewolf.PerfMon.csproj : warning NU1701: Package 'ReactiveUI.WPF 18.4.1' was restored using '.NETFramework,Version=v4.6.1, .NETFramework,Version=v4.6.2, .NETFramework,Version=v4.7, .NETFramework,Version=v4.7.1, .NETFramework,Version=v4.7.2, .NETFramework,Version=v4.8, .NETFramework,Version=v4.8.1' instead of the project target framework 'net8.0'. This package may not be fully compatible with your project. [C:\Users\ultra\warewolf\Dev\Dev2.Server.Tests\Dev2.Server.Tests.csproj]
C:\Users\ultra\warewolf\Dev\Warewolf.PerfMon\Warewolf.PerfMon.csproj : warning NU1701: Package 'TaskSchedulerEditor 2.10.1' was restored using '.NETFramework,Version=v4.6.1, .NETFramework,Version=v4.6.2, .NETFramework,Version=v4.7, .NETFramework,Version=v4.7.1, .NETFramework,Version=v4.7.2, .NETFramework,Version=v4.8, .NETFramework,Version=v4.8.1' instead of the project target framework 'net8.0'. This package may not be fully compatible with your project. [C:\Users\ultra\warewolf\Dev\Dev2.Server.Tests\Dev2.Server.Tests.csproj]
C:\Users\ultra\warewolf\Dev\Warewolf.Licensing\Warewolf.Licensing.csproj : warning NU1701: Package 'AeroWizard 2.3.1' was restored using '.NETFramework,Version=v4.6.1, .NETFramework,Version=v4.6.2, .NETFramework,Version=v4.7, .NETFramework,Version=v4.7.1, .NETFramework,Version=v4.7.2, .NETFramework,Version=v4.8, .NETFramework,Version=v4.8.1' instead of the project target framework 'net8.0'. This package may not be fully compatible with your project. [C:\Users\ultra\warewolf\Dev\Dev2.Server.Tests\Dev2.Server.Tests.csproj]
C:\Users\ultra\warewolf\Dev\Warewolf.Licensing\Warewolf.Licensing.csproj : warning NU1701: Package 'GroupControls 1.9.0' was restored using '.NETFramework,Version=v4.6.1, .NETFramework,Version=v4.6.2, .NETFramework,Version=v4.7, .NETFramework,Version=v4.7.1, .NETFramework,Version=v4.7.2, .NETFramework,Version=v4.8, .NETFramework,Version=v4.8.1' instead of the project target framework 'net8.0'. This package may not be fully compatible with your project. [C:\Users\ultra\warewolf\Dev\Dev2.Server.Tests\Dev2.Server.Tests.csproj]
C:\Users\ultra\warewolf\Dev\Warewolf.Licensing\Warewolf.Licensing.csproj : warning NU1701: Package 'TaskSchedulerEditor 2.10.1' was restored using '.NETFramework,Version=v4.6.1, .NETFramework,Version=v4.6.2, .NETFramework,Version=v4.7, .NETFramework,Version=v4.7.1, .NETFramework,Version=v4.7.2, .NETFramework,Version=v4.8, .NETFramework,Version=v4.8.1' instead of the project target framework 'net8.0'. This package may not be fully compatible with your project. [C:\Users\ultra\warewolf\Dev\Dev2.Server.Tests\Dev2.Server.Tests.csproj]
C:\Users\ultra\warewolf\Dev\Warewolf.ResourceManagement\Warewolf.ResourceManagement.csproj : warning NU1701: Package 'AeroWizard 2.3.1' was restored using '.NETFramework,Version=v4.6.1, .NETFramework,Version=v4.6.2, .NETFramework,Version=v4.7, .NETFramework,Version=v4.7.1, .NETFramework,Version=v4.7.2, .NETFramework,Version=v4.8, .NETFramework,Version=v4.8.1' instead of the project target framework 'net8.0'. This package may not be fully compatible with your project. [C:\Users\ultra\warewolf\Dev\Dev2.Server.Tests\Dev2.Server.Tests.csproj]
C:\Users\ultra\warewolf\Dev\Warewolf.ResourceManagement\Warewolf.ResourceManagement.csproj : warning NU1701: Package 'GroupControls 1.9.0' was restored using '.NETFramework,Version=v4.6.1, .NETFramework,Version=v4.6.2, .NETFramework,Version=v4.7, .NETFramework,Version=v4.7.1, .NETFramework,Version=v4.7.2, .NETFramework,Version=v4.8, .NETFramework,Version=v4.8.1' instead of the project target framework 'net8.0'. This package may not be fully compatible with your project. [C:\Users\ultra\warewolf\Dev\Dev2.Server.Tests\Dev2.Server.Tests.csproj]
C:\Users\ultra\warewolf\Dev\Warewolf.ResourceManagement\Warewolf.ResourceManagement.csproj : warning NU1701: Package 'ReactiveUI.WPF 18.4.1' was restored using '.NETFramework,Version=v4.6.1, .NETFramework,Version=v4.6.2, .NETFramework,Version=v4.7, .NETFramework,Version=v4.7.1, .NETFramework,Version=v4.7.2, .NETFramework,Version=v4.8, .NETFramework,Version=v4.8.1' instead of the project target framework 'net8.0'. This package may not be fully compatible with your project. [C:\Users\ultra\warewolf\Dev\Dev2.Server.Tests\Dev2.Server.Tests.csproj]
C:\Users\ultra\warewolf\Dev\Warewolf.ResourceManagement\Warewolf.ResourceManagement.csproj : warning NU1701: Package 'TaskSchedulerEditor 2.10.1' was restored using '.NETFramework,Version=v4.6.1, .NETFramework,Version=v4.6.2, .NETFramework,Version=v4.7, .NETFramework,Version=v4.7.1, .NETFramework,Version=v4.7.2, .NETFramework,Version=v4.8, .NETFramework,Version=v4.8.1' instead of the project target framework 'net8.0'. This package may not be fully compatible with your project. [C:\Users\ultra\warewolf\Dev\Dev2.Server.Tests\Dev2.Server.Tests.csproj]
C:\Users\ultra\warewolf\Dev\Warewolf.QueueWorker\Warewolf.QueueWorker.csproj : warning NU1701: Package 'AeroWizard 2.3.1' was restored using '.NETFramework,Version=v4.6.1, .NETFramework,Version=v4.6.2, .NETFramework,Version=v4.7, .NETFramework,Version=v4.7.1, .NETFramework,Version=v4.7.2, .NETFramework,Version=v4.8, .NETFramework,Version=v4.8.1' instead of the project target framework 'net8.0'. This package may not be fully compatible with your project. [C:\Users\ultra\warewolf\Dev\Dev2.Server.Tests\Dev2.Server.Tests.csproj]
C:\Users\ultra\warewolf\Dev\Warewolf.QueueWorker\Warewolf.QueueWorker.csproj : warning NU1701: Package 'GroupControls 1.9.0' was restored using '.NETFramework,Version=v4.6.1, .NETFramework,Version=v4.6.2, .NETFramework,Version=v4.7, .NETFramework,Version=v4.7.1, .NETFramework,Version=v4.7.2, .NETFramework,Version=v4.8, .NETFramework,Version=v4.8.1' instead of the project target framework 'net8.0'. This package may not be fully compatible with your project. [C:\Users\ultra\warewolf\Dev\Dev2.Server.Tests\Dev2.Server.Tests.csproj]
C:\Users\ultra\warewolf\Dev\Warewolf.QueueWorker\Warewolf.QueueWorker.csproj : warning NU1701: Package 'Microsoft.Xaml.Behaviors.Wpf 1.1.122' was restored using '.NETFramework,Version=v4.6.1, .NETFramework,Version=v4.6.2, .NETFramework,Version=v4.7, .NETFramework,Version=v4.7.1, .NETFramework,Version=v4.7.2, .NETFramework,Version=v4.8, .NETFramework,Version=v4.8.1' instead of the project target framework 'net8.0'. This package may not be fully compatible with your project. [C:\Users\ultra\warewolf\Dev\Dev2.Server.Tests\Dev2.Server.Tests.csproj]
C:\Users\ultra\warewolf\Dev\Warewolf.QueueWorker\Warewolf.QueueWorker.csproj : warning NU1701: Package 'Prism.Wpf 9.0.537' was restored using '.NETFramework,Version=v4.6.1, .NETFramework,Version=v4.6.2, .NETFramework,Version=v4.7, .NETFramework,Version=v4.7.1, .NETFramework,Version=v4.7.2, .NETFramework,Version=v4.8, .NETFramework,Version=v4.8.1' instead of the project target framework 'net8.0'. This package may not be fully compatible with your project. [C:\Users\ultra\warewolf\Dev\Dev2.Server.Tests\Dev2.Server.Tests.csproj]
C:\Users\ultra\warewolf\Dev\Warewolf.QueueWorker\Warewolf.QueueWorker.csproj : warning NU1701: Package 'ReactiveUI.WPF 18.4.1' was restored using '.NETFramework,Version=v4.6.1, .NETFramework,Version=v4.6.2, .NETFramework,Version=v4.7, .NETFramework,Version=v4.7.1, .NETFramework,Version=v4.7.2, .NETFramework,Version=v4.8, .NETFramework,Version=v4.8.1' instead of the project target framework 'net8.0'. This package may not be fully compatible with your project. [C:\Users\ultra\warewolf\Dev\Dev2.Server.Tests\Dev2.Server.Tests.csproj]
C:\Users\ultra\warewolf\Dev\Warewolf.QueueWorker\Warewolf.QueueWorker.csproj : warning NU1701: Package 'TaskSchedulerEditor 2.10.1' was restored using '.NETFramework,Version=v4.6.1, .NETFramework,Version=v4.6.2, .NETFramework,Version=v4.7, .NETFramework,Version=v4.7.1, .NETFramework,Version=v4.7.2, .NETFramework,Version=v4.8, .NETFramework,Version=v4.8.1' instead of the project target framework 'net8.0'. This package may not be fully compatible with your project. [C:\Users\ultra\warewolf\Dev\Dev2.Server.Tests\Dev2.Server.Tests.csproj]
C:\Users\ultra\warewolf\Dev\Warewolf.Logger\Warewolf.Logger.csproj : warning NU1701: Package 'AeroWizard 2.3.1' was restored using '.NETFramework,Version=v4.6.1, .NETFramework,Version=v4.6.2, .NETFramework,Version=v4.7, .NETFramework,Version=v4.7.1, .NETFramework,Version=v4.7.2, .NETFramework,Version=v4.8, .NETFramework,Version=v4.8.1' instead of the project target framework 'net8.0'. This package may not be fully compatible with your project. [C:\Users\ultra\warewolf\Dev\Dev2.Server.Tests\Dev2.Server.Tests.csproj]
C:\Users\ultra\warewolf\Dev\Warewolf.Logger\Warewolf.Logger.csproj : warning NU1701: Package 'GroupControls 1.9.0' was restored using '.NETFramework,Version=v4.6.1, .NETFramework,Version=v4.6.2, .NETFramework,Version=v4.7, .NETFramework,Version=v4.7.1, .NETFramework,Version=v4.7.2, .NETFramework,Version=v4.8, .NETFramework,Version=v4.8.1' instead of the project target framework 'net8.0'. This package may not be fully compatible with your project. [C:\Users\ultra\warewolf\Dev\Dev2.Server.Tests\Dev2.Server.Tests.csproj]
C:\Users\ultra\warewolf\Dev\Warewolf.Logger\Warewolf.Logger.csproj : warning NU1701: Package 'Microsoft.Xaml.Behaviors.Wpf 1.1.122' was restored using '.NETFramework,Version=v4.6.1, .NETFramework,Version=v4.6.2, .NETFramework,Version=v4.7, .NETFramework,Version=v4.7.1, .NETFramework,Version=v4.7.2, .NETFramework,Version=v4.8, .NETFramework,Version=v4.8.1' instead of the project target framework 'net8.0'. This package may not be fully compatible with your project. [C:\Users\ultra\warewolf\Dev\Dev2.Server.Tests\Dev2.Server.Tests.csproj]
C:\Users\ultra\warewolf\Dev\Warewolf.Logger\Warewolf.Logger.csproj : warning NU1701: Package 'Prism.Wpf 9.0.537' was restored using '.NETFramework,Version=v4.6.1, .NETFramework,Version=v4.6.2, .NETFramework,Version=v4.7, .NETFramework,Version=v4.7.1, .NETFramework,Version=v4.7.2, .NETFramework,Version=v4.8, .NETFramework,Version=v4.8.1' instead of the project target framework 'net8.0'. This package may not be fully compatible with your project. [C:\Users\ultra\warewolf\Dev\Dev2.Server.Tests\Dev2.Server.Tests.csproj]
C:\Users\ultra\warewolf\Dev\Warewolf.Logger\Warewolf.Logger.csproj : warning NU1701: Package 'ReactiveUI.WPF 18.4.1' was restored using '.NETFramework,Version=v4.6.1, .NETFramework,Version=v4.6.2, .NETFramework,Version=v4.7, .NETFramework,Version=v4.7.1, .NETFramework,Version=v4.7.2, .NETFramework,Version=v4.8, .NETFramework,Version=v4.8.1' instead of the project target framework 'net8.0'. This package may not be fully compatible with your project. [C:\Users\ultra\warewolf\Dev\Dev2.Server.Tests\Dev2.Server.Tests.csproj]
C:\Users\ultra\warewolf\Dev\Warewolf.Logger\Warewolf.Logger.csproj : warning NU1701: Package 'TaskSchedulerEditor 2.10.1' was restored using '.NETFramework,Version=v4.6.1, .NETFramework,Version=v4.6.2, .NETFramework,Version=v4.7, .NETFramework,Version=v4.7.1, .NETFramework,Version=v4.7.2, .NETFramework,Version=v4.8, .NETFramework,Version=v4.8.1' instead of the project target framework 'net8.0'. This package may not be fully compatible with your project. [C:\Users\ultra\warewolf\Dev\Dev2.Server.Tests\Dev2.Server.Tests.csproj]
C:\Users\ultra\warewolf\Dev\Dev2.Server.Tests\Dev2.Server.Tests.csproj : warning NU1701: Package 'AeroWizard 2.3.1' was restored using '.NETFramework,Version=v4.6.1, .NETFramework,Version=v4.6.2, .NETFramework,Version=v4.7, .NETFramework,Version=v4.7.1, .NETFramework,Version=v4.7.2, .NETFramework,Version=v4.8, .NETFramework,Version=v4.8.1' instead of the project target framework 'net8.0'. This package may not be fully compatible with your project.
C:\Users\ultra\warewolf\Dev\Dev2.Server.Tests\Dev2.Server.Tests.csproj : warning NU1701: Package 'GroupControls 1.9.0' was restored using '.NETFramework,Version=v4.6.1, .NETFramework,Version=v4.6.2, .NETFramework,Version=v4.7, .NETFramework,Version=v4.7.1, .NETFramework,Version=v4.7.2, .NETFramework,Version=v4.8, .NETFramework,Version=v4.8.1' instead of the project target framework 'net8.0'. This package may not be fully compatible with your project.
C:\Users\ultra\warewolf\Dev\Dev2.Server.Tests\Dev2.Server.Tests.csproj : warning NU1701: Package 'Microsoft.Xaml.Behaviors.Wpf 1.1.122' was restored using '.NETFramework,Version=v4.6.1, .NETFramework,Version=v4.6.2, .NETFramework,Version=v4.7, .NETFramework,Version=v4.7.1, .NETFramework,Version=v4.7.2, .NETFramework,Version=v4.8, .NETFramework,Version=v4.8.1' instead of the project target framework 'net8.0'. This package may not be fully compatible with your project.
C:\Users\ultra\warewolf\Dev\Dev2.Server.Tests\Dev2.Server.Tests.csproj : warning NU1701: Package 'Prism.Wpf 9.0.537' was restored using '.NETFramework,Version=v4.6.1, .NETFramework,Version=v4.6.2, .NETFramework,Version=v4.7, .NETFramework,Version=v4.7.1, .NETFramework,Version=v4.7.2, .NETFramework,Version=v4.8, .NETFramework,Version=v4.8.1' instead of the project target framework 'net8.0'. This package may not be fully compatible with your project.
C:\Users\ultra\warewolf\Dev\Dev2.Server.Tests\Dev2.Server.Tests.csproj : warning NU1701: Package 'ReactiveUI.WPF 18.4.1' was restored using '.NETFramework,Version=v4.6.1, .NETFramework,Version=v4.6.2, .NETFramework,Version=v4.7, .NETFramework,Version=v4.7.1, .NETFramework,Version=v4.7.2, .NETFramework,Version=v4.8, .NETFramework,Version=v4.8.1' instead of the project target framework 'net8.0'. This package may not be fully compatible with your project.
C:\Users\ultra\warewolf\Dev\Dev2.Server.Tests\Dev2.Server.Tests.csproj : warning NU1701: Package 'TaskSchedulerEditor 2.10.1' was restored using '.NETFramework,Version=v4.6.1, .NETFramework,Version=v4.6.2, .NETFramework,Version=v4.7, .NETFramework,Version=v4.7.1, .NETFramework,Version=v4.7.2, .NETFramework,Version=v4.8, .NETFramework,Version=v4.8.1' instead of the project target framework 'net8.0'. This package may not be fully compatible with your project.
  Restored C:\Users\ultra\warewolf\Dev\Dev2.Server.Tests\Dev2.Server.Tests.csproj (in 671 ms).
  62 of 63 projects are up-to-date for restore.
C:\Users\ultra\warewolf\Dev\Dev2.Server.Tests\Dev2.Server.Tests.csproj : warning NU1701: Package 'AeroWizard 2.3.1' was restored using '.NETFramework,Version=v4.6.1, .NETFramework,Version=v4.6.2, .NETFramework,Version=v4.7, .NETFramework,Version=v4.7.1, .NETFramework,Version=v4.7.2, .NETFramework,Version=v4.8, .NETFramework,Version=v4.8.1' instead of the project target framework 'net8.0'. This package may not be fully compatible with your project.
C:\Users\ultra\warewolf\Dev\Dev2.Server.Tests\Dev2.Server.Tests.csproj : warning NU1701: Package 'GroupControls 1.9.0' was restored using '.NETFramework,Version=v4.6.1, .NETFramework,Version=v4.6.2, .NETFramework,Version=v4.7, .NETFramework,Version=v4.7.1, .NETFramework,Version=v4.7.2, .NETFramework,Version=v4.8, .NETFramework,Version=v4.8.1' instead of the project target framework 'net8.0'. This package may not be fully compatible with your project.
C:\Users\ultra\warewolf\Dev\Dev2.Server.Tests\Dev2.Server.Tests.csproj : warning NU1701: Package 'Microsoft.Xaml.Behaviors.Wpf 1.1.122' was restored using '.NETFramework,Version=v4.6.1, .NETFramework,Version=v4.6.2, .NETFramework,Version=v4.7, .NETFramework,Version=v4.7.1, .NETFramework,Version=v4.7.2, .NETFramework,Version=v4.8, .NETFramework,Version=v4.8.1' instead of the project target framework 'net8.0'. This package may not be fully compatible with your project.
C:\Users\ultra\warewolf\Dev\Dev2.Server.Tests\Dev2.Server.Tests.csproj : warning NU1701: Package 'Prism.Wpf 9.0.537' was restored using '.NETFramework,Version=v4.6.1, .NETFramework,Version=v4.6.2, .NETFramework,Version=v4.7, .NETFramework,Version=v4.7.1, .NETFramework,Version=v4.7.2, .NETFramework,Version=v4.8, .NETFramework,Version=v4.8.1' instead of the project target framework 'net8.0'. This package may not be fully compatible with your project.
C:\Users\ultra\warewolf\Dev\Dev2.Server.Tests\Dev2.Server.Tests.csproj : warning NU1701: Package 'ReactiveUI.WPF 18.4.1' was restored using '.NETFramework,Version=v4.6.1, .NETFramework,Version=v4.6.2, .NETFramework,Version=v4.7, .NETFramework,Version=v4.7.1, .NETFramework,Version=v4.7.2, .NETFramework,Version=v4.8, .NETFramework,Version=v4.8.1' instead of the project target framework 'net8.0'. This package may not be fully compatible with your project.
C:\Users\ultra\warewolf\Dev\Dev2.Server.Tests\Dev2.Server.Tests.csproj : warning NU1701: Package 'TaskSchedulerEditor 2.10.1' was restored using '.NETFramework,Version=v4.6.1, .NETFramework,Version=v4.6.2, .NETFramework,Version=v4.7, .NETFramework,Version=v4.7.1, .NETFramework,Version=v4.7.2, .NETFramework,Version=v4.8, .NETFramework,Version=v4.8.1' instead of the project target framework 'net8.0'. This package may not be fully compatible with your project.
C:\Program Files\dotnet\sdk\10.0.201\Sdks\Microsoft.NET.Sdk\targets\Microsoft.NET.Sdk.DefaultItems.targets(162,5): warning NETSDK1137: It is no longer necessary to use the Microsoft.NET.Sdk.WindowsDesktop SDK. Consider changing the Sdk attribute of the root Project element to 'Microsoft.NET.Sdk'. [C:\Users\ultra\warewolf\Dev\Dev2.CustomControls\Dev2.CustomControls.csproj]
C:\Program Files\dotnet\sdk\10.0.201\Sdks\Microsoft.NET.Sdk.WindowsDesktop\targets\Microsoft.NET.Sdk.WindowsDesktop.targets(138,5): warning NETSDK1106: Microsoft.NET.Sdk.WindowsDesktop requires 'UseWpf' or 'UseWindowsForms' to be set to 'true' [C:\Users\ultra\warewolf\Dev\Dev2.CustomControls\Dev2.CustomControls.csproj]
C:\Users\ultra\warewolf\Dev\Dev2.Diagnostics\Dev2.Diagnostics.csproj : warning NU1701: Package 'AeroWizard 2.3.1' was restored using '.NETFramework,Version=v4.6.1, .NETFramework,Version=v4.6.2, .NETFramework,Version=v4.7, .NETFramework,Version=v4.7.1, .NETFramework,Version=v4.7.2, .NETFramework,Version=v4.8, .NETFramework,Version=v4.8.1' instead of the project target framework 'net8.0'. This package may not be fully compatible with your project.
C:\Users\ultra\warewolf\Dev\Dev2.Diagnostics\Dev2.Diagnostics.csproj : warning NU1701: Package 'GroupControls 1.9.0' was restored using '.NETFramework,Version=v4.6.1, .NETFramework,Version=v4.6.2, .NETFramework,Version=v4.7, .NETFramework,Version=v4.7.1, .NETFramework,Version=v4.7.2, .NETFramework,Version=v4.8, .NETFramework,Version=v4.8.1' instead of the project target framework 'net8.0'. This package may not be fully compatible with your project.
C:\Users\ultra\warewolf\Dev\Warewolf.Common\Warewolf.Common.csproj : warning NU1701: Package 'AeroWizard 2.3.1' was restored using '.NETFramework,Version=v4.6.1, .NETFramework,Version=v4.6.2, .NETFramework,Version=v4.7, .NETFramework,Version=v4.7.1, .NETFramework,Version=v4.7.2, .NETFramework,Version=v4.8, .NETFramework,Version=v4.8.1' instead of the project target framework 'net8.0'. This package may not be fully compatible with your project.
C:\Users\ultra\warewolf\Dev\Dev2.Diagnostics\Dev2.Diagnostics.csproj : warning NU1701: Package 'TaskSchedulerEditor 2.10.1' was restored using '.NETFramework,Version=v4.6.1, .NETFramework,Version=v4.6.2, .NETFramework,Version=v4.7, .NETFramework,Version=v4.7.1, .NETFramework,Version=v4.7.2, .NETFramework,Version=v4.8, .NETFramework,Version=v4.8.1' instead of the project target framework 'net8.0'. This package may not be fully compatible with your project.
C:\Users\ultra\warewolf\Dev\Warewolf.Common\Warewolf.Common.csproj : warning NU1701: Package 'GroupControls 1.9.0' was restored using '.NETFramework,Version=v4.6.1, .NETFramework,Version=v4.6.2, .NETFramework,Version=v4.7, .NETFramework,Version=v4.7.1, .NETFramework,Version=v4.7.2, .NETFramework,Version=v4.8, .NETFramework,Version=v4.8.1' instead of the project target framework 'net8.0'. This package may not be fully compatible with your project.
C:\Users\ultra\warewolf\Dev\Warewolf.Common\Warewolf.Common.csproj : warning NU1701: Package 'TaskSchedulerEditor 2.10.1' was restored using '.NETFramework,Version=v4.6.1, .NETFramework,Version=v4.6.2, .NETFramework,Version=v4.7, .NETFramework,Version=v4.7.1, .NETFramework,Version=v4.7.2, .NETFramework,Version=v4.8, .NETFramework,Version=v4.8.1' instead of the project target framework 'net8.0'. This package may not be fully compatible with your project.
C:\Users\ultra\warewolf\Dev\Dev2.Common\Dev2.Common.csproj : warning NU1903: Package 'Microsoft.Windows.Compatibility' 6.0.0 has a known high severity vulnerability, https://github.com/advisories/GHSA-555c-2p6r-68mm
C:\Users\ultra\warewolf\Dev\Dev2.Common\Dev2.Common.csproj : warning NU1701: Package 'AeroWizard 2.3.1' was restored using '.NETFramework,Version=v4.6.1, .NETFramework,Version=v4.6.2, .NETFramework,Version=v4.7, .NETFramework,Version=v4.7.1, .NETFramework,Version=v4.7.2, .NETFramework,Version=v4.8, .NETFramework,Version=v4.8.1' instead of the project target framework 'net8.0'. This package may not be fully compatible with your project.
C:\Users\ultra\warewolf\Dev\Dev2.Common\Dev2.Common.csproj : warning NU1701: Package 'GroupControls 1.9.0' was restored using '.NETFramework,Version=v4.6.1, .NETFramework,Version=v4.6.2, .NETFramework,Version=v4.7, .NETFramework,Version=v4.7.1, .NETFramework,Version=v4.7.2, .NETFramework,Version=v4.8, .NETFramework,Version=v4.8.1' instead of the project target framework 'net8.0'. This package may not be fully compatible with your project.
C:\Users\ultra\warewolf\Dev\Dev2.Common\Dev2.Common.csproj : warning NU1701: Package 'TaskSchedulerEditor 2.10.1' was restored using '.NETFramework,Version=v4.6.1, .NETFramework,Version=v4.6.2, .NETFramework,Version=v4.7, .NETFramework,Version=v4.7.1, .NETFramework,Version=v4.7.2, .NETFramework,Version=v4.8, .NETFramework,Version=v4.8.1' instead of the project target framework 'net8.0'. This package may not be fully compatible with your project.
C:\Users\ultra\warewolf\Dev\Dev2.CustomControls\Dev2.CustomControls.csproj : warning NU1903: Package 'Microsoft.Windows.Compatibility' 6.0.0 has a known high severity vulnerability, https://github.com/advisories/GHSA-555c-2p6r-68mm
C:\Users\ultra\warewolf\Dev\Dev2.CustomControls\Dev2.CustomControls.csproj : warning NU1701: Package 'AeroWizard 2.3.1' was restored using '.NETFramework,Version=v4.6.1, .NETFramework,Version=v4.6.2, .NETFramework,Version=v4.7, .NETFramework,Version=v4.7.1, .NETFramework,Version=v4.7.2, .NETFramework,Version=v4.8, .NETFramework,Version=v4.8.1' instead of the project target framework 'net8.0'. This package may not be fully compatible with your project.
C:\Users\ultra\warewolf\Dev\Dev2.CustomControls\Dev2.CustomControls.csproj : warning NU1701: Package 'GroupControls 1.9.0' was restored using '.NETFramework,Version=v4.6.1, .NETFramework,Version=v4.6.2, .NETFramework,Version=v4.7, .NETFramework,Version=v4.7.1, .NETFramework,Version=v4.7.2, .NETFramework,Version=v4.8, .NETFramework,Version=v4.8.1' instead of the project target framework 'net8.0'. This package may not be fully compatible with your project.
C:\Users\ultra\warewolf\Dev\Dev2.CustomControls\Dev2.CustomControls.csproj : warning NU1701: Package 'TaskSchedulerEditor 2.10.1' was restored using '.NETFramework,Version=v4.6.1, .NETFramework,Version=v4.6.2, .NETFramework,Version=v4.7, .NETFramework,Version=v4.7.1, .NETFramework,Version=v4.7.2, .NETFramework,Version=v4.8, .NETFramework,Version=v4.8.1' instead of the project target framework 'net8.0'. This package may not be fully compatible with your project.
C:\Users\ultra\warewolf\Dev\Dev2.Common.Interfaces\Dev2.Common.Interfaces.csproj : warning NU1903: Package 'Microsoft.Windows.Compatibility' 6.0.0 has a known high severity vulnerability, https://github.com/advisories/GHSA-555c-2p6r-68mm
C:\Users\ultra\warewolf\Dev\Dev2.Common.Interfaces\Dev2.Common.Interfaces.csproj : warning NU1701: Package 'AeroWizard 2.3.1' was restored using '.NETFramework,Version=v4.6.1, .NETFramework,Version=v4.6.2, .NETFramework,Version=v4.7, .NETFramework,Version=v4.7.1, .NETFramework,Version=v4.7.2, .NETFramework,Version=v4.8, .NETFramework,Version=v4.8.1' instead of the project target framework 'net8.0'. This package may not be fully compatible with your project.
C:\Users\ultra\warewolf\Dev\Dev2.Common.Interfaces\Dev2.Common.Interfaces.csproj : warning NU1701: Package 'GroupControls 1.9.0' was restored using '.NETFramework,Version=v4.6.1, .NETFramework,Version=v4.6.2, .NETFramework,Version=v4.7, .NETFramework,Version=v4.7.1, .NETFramework,Version=v4.7.2, .NETFramework,Version=v4.8, .NETFramework,Version=v4.8.1' instead of the project target framework 'net8.0'. This package may not be fully compatible with your project.
C:\Users\ultra\warewolf\Dev\Dev2.Common.Interfaces\Dev2.Common.Interfaces.csproj : warning NU1701: Package 'TaskSchedulerEditor 2.10.1' was restored using '.NETFramework,Version=v4.6.1, .NETFramework,Version=v4.6.2, .NETFramework,Version=v4.7, .NETFramework,Version=v4.7.1, .NETFramework,Version=v4.7.2, .NETFramework,Version=v4.8, .NETFramework,Version=v4.8.1' instead of the project target framework 'net8.0'. This package may not be fully compatible with your project.
C:\Users\ultra\warewolf\Dev\Dev2.Runtime.WebServer\Dev2.Runtime.WebServer.csproj : warning NU1902: Package 'System.IdentityModel.Tokens.Jwt' 5.1.0 has a known moderate severity vulnerability, https://github.com/advisories/GHSA-59j7-ghrg-fj52
C:\Users\ultra\warewolf\Dev\Dev2.Runtime.WebServer\Dev2.Runtime.WebServer.csproj : warning NU1701: Package 'AeroWizard 2.3.1' was restored using '.NETFramework,Version=v4.6.1, .NETFramework,Version=v4.6.2, .NETFramework,Version=v4.7, .NETFramework,Version=v4.7.1, .NETFramework,Version=v4.7.2, .NETFramework,Version=v4.8, .NETFramework,Version=v4.8.1' instead of the project target framework 'net8.0'. This package may not be fully compatible with your project.
C:\Users\ultra\warewolf\Dev\Dev2.Runtime.WebServer\Dev2.Runtime.WebServer.csproj : warning NU1701: Package 'GroupControls 1.9.0' was restored using '.NETFramework,Version=v4.6.1, .NETFramework,Version=v4.6.2, .NETFramework,Version=v4.7, .NETFramework,Version=v4.7.1, .NETFramework,Version=v4.7.2, .NETFramework,Version=v4.8, .NETFramework,Version=v4.8.1' instead of the project target framework 'net8.0'. This package may not be fully compatible with your project.
C:\Users\ultra\warewolf\Dev\Dev2.Runtime.WebServer\Dev2.Runtime.WebServer.csproj : warning NU1701: Package 'Microsoft.Xaml.Behaviors.Wpf 1.1.122' was restored using '.NETFramework,Version=v4.6.1, .NETFramework,Version=v4.6.2, .NETFramework,Version=v4.7, .NETFramework,Version=v4.7.1, .NETFramework,Version=v4.7.2, .NETFramework,Version=v4.8, .NETFramework,Version=v4.8.1' instead of the project target framework 'net8.0'. This package may not be fully compatible with your project.
C:\Users\ultra\warewolf\Dev\Dev2.Runtime.WebServer\Dev2.Runtime.WebServer.csproj : warning NU1701: Package 'Prism.Wpf 9.0.537' was restored using '.NETFramework,Version=v4.6.1, .NETFramework,Version=v4.6.2, .NETFramework,Version=v4.7, .NETFramework,Version=v4.7.1, .NETFramework,Version=v4.7.2, .NETFramework,Version=v4.8, .NETFramework,Version=v4.8.1' instead of the project target framework 'net8.0'. This package may not be fully compatible with your project.
C:\Users\ultra\warewolf\Dev\Dev2.Runtime.WebServer\Dev2.Runtime.WebServer.csproj : warning NU1701: Package 'ReactiveUI.WPF 18.4.1' was restored using '.NETFramework,Version=v4.6.1, .NETFramework,Version=v4.6.2, .NETFramework,Version=v4.7, .NETFramework,Version=v4.7.1, .NETFramework,Version=v4.7.2, .NETFramework,Version=v4.8, .NETFramework,Version=v4.8.1' instead of the project target framework 'net8.0'. This package may not be fully compatible with your project.
C:\Users\ultra\warewolf\Dev\Dev2.Runtime.WebServer\Dev2.Runtime.WebServer.csproj : warning NU1701: Package 'TaskSchedulerEditor 2.10.1' was restored using '.NETFramework,Version=v4.6.1, .NETFramework,Version=v4.6.2, .NETFramework,Version=v4.7, .NETFramework,Version=v4.7.1, .NETFramework,Version=v4.7.2, .NETFramework,Version=v4.8, .NETFramework,Version=v4.8.1' instead of the project target framework 'net8.0'. This package may not be fully compatible with your project.
C:\Users\ultra\warewolf\Dev\Dev2.Intellisense\Dev2.Intellisense.csproj : warning NU1701: Package 'AeroWizard 2.3.1' was restored using '.NETFramework,Version=v4.6.1, .NETFramework,Version=v4.6.2, .NETFramework,Version=v4.7, .NETFramework,Version=v4.7.1, .NETFramework,Version=v4.7.2, .NETFramework,Version=v4.8, .NETFramework,Version=v4.8.1' instead of the project target framework 'net8.0'. This package may not be fully compatible with your project.
C:\Users\ultra\warewolf\Dev\Dev2.Intellisense\Dev2.Intellisense.csproj : warning NU1701: Package 'GroupControls 1.9.0' was restored using '.NETFramework,Version=v4.6.1, .NETFramework,Version=v4.6.2, .NETFramework,Version=v4.7, .NETFramework,Version=v4.7.1, .NETFramework,Version=v4.7.2, .NETFramework,Version=v4.8, .NETFramework,Version=v4.8.1' instead of the project target framework 'net8.0'. This package may not be fully compatible with your project.
C:\Users\ultra\warewolf\Dev\Dev2.Intellisense\Dev2.Intellisense.csproj : warning NU1701: Package 'Microsoft.Xaml.Behaviors.Wpf 1.1.122' was restored using '.NETFramework,Version=v4.6.1, .NETFramework,Version=v4.6.2, .NETFramework,Version=v4.7, .NETFramework,Version=v4.7.1, .NETFramework,Version=v4.7.2, .NETFramework,Version=v4.8, .NETFramework,Version=v4.8.1' instead of the project target framework 'net8.0'. This package may not be fully compatible with your project.
C:\Users\ultra\warewolf\Dev\Dev2.Intellisense\Dev2.Intellisense.csproj : warning NU1701: Package 'Prism.Wpf 9.0.537' was restored using '.NETFramework,Version=v4.6.1, .NETFramework,Version=v4.6.2, .NETFramework,Version=v4.7, .NETFramework,Version=v4.7.1, .NETFramework,Version=v4.7.2, .NETFramework,Version=v4.8, .NETFramework,Version=v4.8.1' instead of the project target framework 'net8.0'. This package may not be fully compatible with your project.
C:\Users\ultra\warewolf\Dev\Dev2.Intellisense\Dev2.Intellisense.csproj : warning NU1701: Package 'ReactiveUI.WPF 18.4.1' was restored using '.NETFramework,Version=v4.6.1, .NETFramework,Version=v4.6.2, .NETFramework,Version=v4.7, .NETFramework,Version=v4.7.1, .NETFramework,Version=v4.7.2, .NETFramework,Version=v4.8, .NETFramework,Version=v4.8.1' instead of the project target framework 'net8.0'. This package may not be fully compatible with your project.
C:\Users\ultra\warewolf\Dev\Dev2.Intellisense\Dev2.Intellisense.csproj : warning NU1701: Package 'TaskSchedulerEditor 2.10.1' was restored using '.NETFramework,Version=v4.6.1, .NETFramework,Version=v4.6.2, .NETFramework,Version=v4.7, .NETFramework,Version=v4.7.1, .NETFramework,Version=v4.7.2, .NETFramework,Version=v4.8, .NETFramework,Version=v4.8.1' instead of the project target framework 'net8.0'. This package may not be fully compatible with your project.
C:\Users\ultra\warewolf\Dev\Warewolf.Security\Warewolf.Security.csproj : warning NU1904: Package 'System.Drawing.Common' 4.5.1 has a known critical severity vulnerability, https://github.com/advisories/GHSA-rxg9-xrhp-64gj
C:\Users\ultra\warewolf\Dev\Warewolf.Data\Warewolf.Data.csproj : warning NU1701: Package 'AeroWizard 2.3.1' was restored using '.NETFramework,Version=v4.6.1, .NETFramework,Version=v4.6.2, .NETFramework,Version=v4.7, .NETFramework,Version=v4.7.1, .NETFramework,Version=v4.7.2, .NETFramework,Version=v4.8, .NETFramework,Version=v4.8.1' instead of the project target framework 'net8.0'. This package may not be fully compatible with your project.
C:\Users\ultra\warewolf\Dev\Warewolf.Data\Warewolf.Data.csproj : warning NU1701: Package 'GroupControls 1.9.0' was restored using '.NETFramework,Version=v4.6.1, .NETFramework,Version=v4.6.2, .NETFramework,Version=v4.7, .NETFramework,Version=v4.7.1, .NETFramework,Version=v4.7.2, .NETFramework,Version=v4.8, .NETFramework,Version=v4.8.1' instead of the project target framework 'net8.0'. This package may not be fully compatible with your project.
C:\Users\ultra\warewolf\Dev\Warewolf.Data\Warewolf.Data.csproj : warning NU1701: Package 'TaskSchedulerEditor 2.10.1' was restored using '.NETFramework,Version=v4.6.1, .NETFramework,Version=v4.6.2, .NETFramework,Version=v4.7, .NETFramework,Version=v4.7.1, .NETFramework,Version=v4.7.2, .NETFramework,Version=v4.8, .NETFramework,Version=v4.8.1' instead of the project target framework 'net8.0'. This package may not be fully compatible with your project.
C:\Users\ultra\warewolf\Dev\Dev2.Server\Dev2.Server.csproj : warning NU1903: Package 'Oracle.ManagedDataAccess.Core' 3.21.70 has a known high severity vulnerability, https://github.com/advisories/GHSA-5pm2-9mr2-3frq
C:\Users\ultra\warewolf\Dev\Dev2.Server\Dev2.Server.csproj : warning NU1701: Package 'AeroWizard 2.3.1' was restored using '.NETFramework,Version=v4.6.1, .NETFramework,Version=v4.6.2, .NETFramework,Version=v4.7, .NETFramework,Version=v4.7.1, .NETFramework,Version=v4.7.2, .NETFramework,Version=v4.8, .NETFramework,Version=v4.8.1' instead of the project target framework 'net8.0'. This package may not be fully compatible with your project.
C:\Users\ultra\warewolf\Dev\Dev2.Server\Dev2.Server.csproj : warning NU1701: Package 'GroupControls 1.9.0' was restored using '.NETFramework,Version=v4.6.1, .NETFramework,Version=v4.6.2, .NETFramework,Version=v4.7, .NETFramework,Version=v4.7.1, .NETFramework,Version=v4.7.2, .NETFramework,Version=v4.8, .NETFramework,Version=v4.8.1' instead of the project target framework 'net8.0'. This package may not be fully compatible with your project.
C:\Users\ultra\warewolf\Dev\Dev2.Server\Dev2.Server.csproj : warning NU1701: Package 'Microsoft.Xaml.Behaviors.Wpf 1.1.122' was restored using '.NETFramework,Version=v4.6.1, .NETFramework,Version=v4.6.2, .NETFramework,Version=v4.7, .NETFramework,Version=v4.7.1, .NETFramework,Version=v4.7.2, .NETFramework,Version=v4.8, .NETFramework,Version=v4.8.1' instead of the project target framework 'net8.0'. This package may not be fully compatible with your project.
C:\Users\ultra\warewolf\Dev\Dev2.Server\Dev2.Server.csproj : warning NU1701: Package 'Prism.Wpf 9.0.537' was restored using '.NETFramework,Version=v4.6.1, .NETFramework,Version=v4.6.2, .NETFramework,Version=v4.7, .NETFramework,Version=v4.7.1, .NETFramework,Version=v4.7.2, .NETFramework,Version=v4.8, .NETFramework,Version=v4.8.1' instead of the project target framework 'net8.0'. This package may not be fully compatible with your project.
C:\Users\ultra\warewolf\Dev\Dev2.Server\Dev2.Server.csproj : warning NU1701: Package 'ReactiveUI.WPF 18.4.1' was restored using '.NETFramework,Version=v4.6.1, .NETFramework,Version=v4.6.2, .NETFramework,Version=v4.7, .NETFramework,Version=v4.7.1, .NETFramework,Version=v4.7.2, .NETFramework,Version=v4.8, .NETFramework,Version=v4.8.1' instead of the project target framework 'net8.0'. This package may not be fully compatible with your project.
C:\Users\ultra\warewolf\Dev\Dev2.Server\Dev2.Server.csproj : warning NU1701: Package 'TaskSchedulerEditor 2.10.1' was restored using '.NETFramework,Version=v4.6.1, .NETFramework,Version=v4.6.2, .NETFramework,Version=v4.7, .NETFramework,Version=v4.7.1, .NETFramework,Version=v4.7.2, .NETFramework,Version=v4.8, .NETFramework,Version=v4.8.1' instead of the project target framework 'net8.0'. This package may not be fully compatible with your project.
C:\Users\ultra\warewolf\Dev\Dev2.Runtime.Services\Dev2.Runtime.Services.csproj : warning NU1902: Package 'MessagePack' 2.4.59 has a known moderate severity vulnerability, https://github.com/advisories/GHSA-4qm4-8hg2-g2xm
C:\Users\ultra\warewolf\Dev\Dev2.Runtime.Services\Dev2.Runtime.Services.csproj : warning NU1903: Package 'Microsoft.Windows.Compatibility' 6.0.0 has a known high severity vulnerability, https://github.com/advisories/GHSA-555c-2p6r-68mm
C:\Users\ultra\warewolf\Dev\Dev2.Runtime.Services\Dev2.Runtime.Services.csproj : warning NU1701: Package 'AeroWizard 2.3.1' was restored using '.NETFramework,Version=v4.6.1, .NETFramework,Version=v4.6.2, .NETFramework,Version=v4.7, .NETFramework,Version=v4.7.1, .NETFramework,Version=v4.7.2, .NETFramework,Version=v4.8, .NETFramework,Version=v4.8.1' instead of the project target framework 'net8.0'. This package may not be fully compatible with your project.
C:\Users\ultra\warewolf\Dev\Dev2.Runtime.Services\Dev2.Runtime.Services.csproj : warning NU1701: Package 'GroupControls 1.9.0' was restored using '.NETFramework,Version=v4.6.1, .NETFramework,Version=v4.6.2, .NETFramework,Version=v4.7, .NETFramework,Version=v4.7.1, .NETFramework,Version=v4.7.2, .NETFramework,Version=v4.8, .NETFramework,Version=v4.8.1' instead of the project target framework 'net8.0'. This package may not be fully compatible with your project.
C:\Users\ultra\warewolf\Dev\Dev2.Runtime.Services\Dev2.Runtime.Services.csproj : warning NU1701: Package 'ReactiveUI.WPF 18.4.1' was restored using '.NETFramework,Version=v4.6.1, .NETFramework,Version=v4.6.2, .NETFramework,Version=v4.7, .NETFramework,Version=v4.7.1, .NETFramework,Version=v4.7.2, .NETFramework,Version=v4.8, .NETFramework,Version=v4.8.1' instead of the project target framework 'net8.0'. This package may not be fully compatible with your project.
C:\Users\ultra\warewolf\Dev\Dev2.Runtime.Services\Dev2.Runtime.Services.csproj : warning NU1701: Package 'TaskSchedulerEditor 2.10.1' was restored using '.NETFramework,Version=v4.6.1, .NETFramework,Version=v4.6.2, .NETFramework,Version=v4.7, .NETFramework,Version=v4.7.1, .NETFramework,Version=v4.7.2, .NETFramework,Version=v4.8, .NETFramework,Version=v4.8.1' instead of the project target framework 'net8.0'. This package may not be fully compatible with your project.
C:\Users\ultra\warewolf\Dev\Dev2.Core\Dev2.Core.csproj : warning NU1903: Package 'Microsoft.Windows.Compatibility' 6.0.0 has a known high severity vulnerability, https://github.com/advisories/GHSA-555c-2p6r-68mm
C:\Users\ultra\warewolf\Dev\Dev2.Core\Dev2.Core.csproj : warning NU1701: Package 'AeroWizard 2.3.1' was restored using '.NETFramework,Version=v4.6.1, .NETFramework,Version=v4.6.2, .NETFramework,Version=v4.7, .NETFramework,Version=v4.7.1, .NETFramework,Version=v4.7.2, .NETFramework,Version=v4.8, .NETFramework,Version=v4.8.1' instead of the project target framework 'net8.0'. This package may not be fully compatible with your project.
C:\Users\ultra\warewolf\Dev\Dev2.Runtime.Configuration\Dev2.Runtime.Configuration.csproj : warning NU1903: Package 'Microsoft.Windows.Compatibility' 6.0.0 has a known high severity vulnerability, https://github.com/advisories/GHSA-555c-2p6r-68mm
C:\Users\ultra\warewolf\Dev\Dev2.Core\Dev2.Core.csproj : warning NU1701: Package 'GroupControls 1.9.0' was restored using '.NETFramework,Version=v4.6.1, .NETFramework,Version=v4.6.2, .NETFramework,Version=v4.7, .NETFramework,Version=v4.7.1, .NETFramework,Version=v4.7.2, .NETFramework,Version=v4.8, .NETFramework,Version=v4.8.1' instead of the project target framework 'net8.0'. This package may not be fully compatible with your project.
C:\Users\ultra\warewolf\Dev\Dev2.Runtime.Configuration\Dev2.Runtime.Configuration.csproj : warning NU1701: Package 'AeroWizard 2.3.1' was restored using '.NETFramework,Version=v4.6.1, .NETFramework,Version=v4.6.2, .NETFramework,Version=v4.7, .NETFramework,Version=v4.7.1, .NETFramework,Version=v4.7.2, .NETFramework,Version=v4.8, .NETFramework,Version=v4.8.1' instead of the project target framework 'net8.0'. This package may not be fully compatible with your project.
C:\Users\ultra\warewolf\Dev\Dev2.Core\Dev2.Core.csproj : warning NU1701: Package 'ReactiveUI.WPF 18.4.1' was restored using '.NETFramework,Version=v4.6.1, .NETFramework,Version=v4.6.2, .NETFramework,Version=v4.7, .NETFramework,Version=v4.7.1, .NETFramework,Version=v4.7.2, .NETFramework,Version=v4.8, .NETFramework,Version=v4.8.1' instead of the project target framework 'net8.0'. This package may not be fully compatible with your project.
C:\Users\ultra\warewolf\Dev\Dev2.Runtime.Configuration\Dev2.Runtime.Configuration.csproj : warning NU1701: Package 'GroupControls 1.9.0' was restored using '.NETFramework,Version=v4.6.1, .NETFramework,Version=v4.6.2, .NETFramework,Version=v4.7, .NETFramework,Version=v4.7.1, .NETFramework,Version=v4.7.2, .NETFramework,Version=v4.8, .NETFramework,Version=v4.8.1' instead of the project target framework 'net8.0'. This package may not be fully compatible with your project.
C:\Users\ultra\warewolf\Dev\Dev2.Runtime.Configuration\Dev2.Runtime.Configuration.csproj : warning NU1701: Package 'TaskSchedulerEditor 2.10.1' was restored using '.NETFramework,Version=v4.6.1, .NETFramework,Version=v4.6.2, .NETFramework,Version=v4.7, .NETFramework,Version=v4.7.1, .NETFramework,Version=v4.7.2, .NETFramework,Version=v4.8, .NETFramework,Version=v4.8.1' instead of the project target framework 'net8.0'. This package may not be fully compatible with your project.
C:\Users\ultra\warewolf\Dev\Dev2.Core\Dev2.Core.csproj : warning NU1701: Package 'TaskSchedulerEditor 2.10.1' was restored using '.NETFramework,Version=v4.6.1, .NETFramework,Version=v4.6.2, .NETFramework,Version=v4.7, .NETFramework,Version=v4.7.1, .NETFramework,Version=v4.7.2, .NETFramework,Version=v4.8, .NETFramework,Version=v4.8.1' instead of the project target framework 'net8.0'. This package may not be fully compatible with your project.
C:\Users\ultra\warewolf\Dev\Dev2.Activities\Dev2.Activities.csproj : warning NU1903: Package 'Microsoft.Windows.Compatibility' 6.0.0 has a known high severity vulnerability, https://github.com/advisories/GHSA-555c-2p6r-68mm
C:\Users\ultra\warewolf\Dev\Dev2.Activities\Dev2.Activities.csproj : warning NU1701: Package 'AeroWizard 2.3.1' was restored using '.NETFramework,Version=v4.6.1, .NETFramework,Version=v4.6.2, .NETFramework,Version=v4.7, .NETFramework,Version=v4.7.1, .NETFramework,Version=v4.7.2, .NETFramework,Version=v4.8, .NETFramework,Version=v4.8.1' instead of the project target framework 'net8.0'. This package may not be fully compatible with your project.
C:\Users\ultra\warewolf\Dev\Dev2.Activities\Dev2.Activities.csproj : warning NU1701: Package 'GroupControls 1.9.0' was restored using '.NETFramework,Version=v4.6.1, .NETFramework,Version=v4.6.2, .NETFramework,Version=v4.7, .NETFramework,Version=v4.7.1, .NETFramework,Version=v4.7.2, .NETFramework,Version=v4.8, .NETFramework,Version=v4.8.1' instead of the project target framework 'net8.0'. This package may not be fully compatible with your project.
C:\Users\ultra\warewolf\Dev\Dev2.Activities\Dev2.Activities.csproj : warning NU1701: Package 'ReactiveUI.WPF 18.4.1' was restored using '.NETFramework,Version=v4.6.1, .NETFramework,Version=v4.6.2, .NETFramework,Version=v4.7, .NETFramework,Version=v4.7.1, .NETFramework,Version=v4.7.2, .NETFramework,Version=v4.8, .NETFramework,Version=v4.8.1' instead of the project target framework 'net8.0'. This package may not be fully compatible with your project.
C:\Users\ultra\warewolf\Dev\Dev2.Activities\Dev2.Activities.csproj : warning NU1701: Package 'TaskSchedulerEditor 2.10.1' was restored using '.NETFramework,Version=v4.6.1, .NETFramework,Version=v4.6.2, .NETFramework,Version=v4.7, .NETFramework,Version=v4.7.1, .NETFramework,Version=v4.7.2, .NETFramework,Version=v4.8, .NETFramework,Version=v4.8.1' instead of the project target framework 'net8.0'. This package may not be fully compatible with your project.
C:\Users\ultra\warewolf\Dev\Warewolf.Language.Parser\Warewolf.Language.Parser.fsproj : warning NU1504: Duplicate 'PackageReference' items found. Remove the duplicate items or use the Update functionality to ensure a consistent restore behavior. The duplicate 'PackageReference' items are: FSharp.Core 10.1.201, FSharp.Core 4.6.2.
C:\Users\ultra\warewolf\Dev\Dev2.Scheduler\Dev2.Scheduler.csproj : warning NU1701: Package 'AeroWizard 2.3.1' was restored using '.NETFramework,Version=v4.6.1, .NETFramework,Version=v4.6.2, .NETFramework,Version=v4.7, .NETFramework,Version=v4.7.1, .NETFramework,Version=v4.7.2, .NETFramework,Version=v4.8, .NETFramework,Version=v4.8.1' instead of the project target framework 'net8.0'. This package may not be fully compatible with your project.
C:\Users\ultra\warewolf\Dev\Dev2.Scheduler\Dev2.Scheduler.csproj : warning NU1701: Package 'GroupControls 1.9.0' was restored using '.NETFramework,Version=v4.6.1, .NETFramework,Version=v4.6.2, .NETFramework,Version=v4.7, .NETFramework,Version=v4.7.1, .NETFramework,Version=v4.7.2, .NETFramework,Version=v4.8, .NETFramework,Version=v4.8.1' instead of the project target framework 'net8.0'. This package may not be fully compatible with your project.
C:\Users\ultra\warewolf\Dev\Dev2.Scheduler\Dev2.Scheduler.csproj : warning NU1701: Package 'ReactiveUI.WPF 18.4.1' was restored using '.NETFramework,Version=v4.6.1, .NETFramework,Version=v4.6.2, .NETFramework,Version=v4.7, .NETFramework,Version=v4.7.1, .NETFramework,Version=v4.7.2, .NETFramework,Version=v4.8, .NETFramework,Version=v4.8.1' instead of the project target framework 'net8.0'. This package may not be fully compatible with your project.
C:\Users\ultra\warewolf\Dev\Dev2.Scheduler\Dev2.Scheduler.csproj : warning NU1701: Package 'TaskSchedulerEditor 2.10.1' was restored using '.NETFramework,Version=v4.6.1, .NETFramework,Version=v4.6.2, .NETFramework,Version=v4.7, .NETFramework,Version=v4.7.1, .NETFramework,Version=v4.7.2, .NETFramework,Version=v4.8, .NETFramework,Version=v4.8.1' instead of the project target framework 'net8.0'. This package may not be fully compatible with your project.
C:\Users\ultra\warewolf\Dev\Dev2.Development.Languages\Dev2.Development.Languages.csproj : warning NU1701: Package 'AeroWizard 2.3.1' was restored using '.NETFramework,Version=v4.6.1, .NETFramework,Version=v4.6.2, .NETFramework,Version=v4.7, .NETFramework,Version=v4.7.1, .NETFramework,Version=v4.7.2, .NETFramework,Version=v4.8, .NETFramework,Version=v4.8.1' instead of the project target framework 'net8.0'. This package may not be fully compatible with your project.
C:\Users\ultra\warewolf\Dev\Dev2.Development.Languages\Dev2.Development.Languages.csproj : warning NU1701: Package 'GroupControls 1.9.0' was restored using '.NETFramework,Version=v4.6.1, .NETFramework,Version=v4.6.2, .NETFramework,Version=v4.7, .NETFramework,Version=v4.7.1, .NETFramework,Version=v4.7.2, .NETFramework,Version=v4.8, .NETFramework,Version=v4.8.1' instead of the project target framework 'net8.0'. This package may not be fully compatible with your project.
C:\Users\ultra\warewolf\Dev\Dev2.Development.Languages\Dev2.Development.Languages.csproj : warning NU1701: Package 'TaskSchedulerEditor 2.10.1' was restored using '.NETFramework,Version=v4.6.1, .NETFramework,Version=v4.6.2, .NETFramework,Version=v4.7, .NETFramework,Version=v4.7.1, .NETFramework,Version=v4.7.2, .NETFramework,Version=v4.8, .NETFramework,Version=v4.8.1' instead of the project target framework 'net8.0'. This package may not be fully compatible with your project.
C:\Users\ultra\warewolf\Dev\Dev2.Util\Dev2.Util.csproj : warning NU1903: Package 'Microsoft.Windows.Compatibility' 6.0.0 has a known high severity vulnerability, https://github.com/advisories/GHSA-555c-2p6r-68mm
C:\Users\ultra\warewolf\Dev\Dev2.Util\Dev2.Util.csproj : warning NU1701: Package 'AeroWizard 2.3.1' was restored using '.NETFramework,Version=v4.6.1, .NETFramework,Version=v4.6.2, .NETFramework,Version=v4.7, .NETFramework,Version=v4.7.1, .NETFramework,Version=v4.7.2, .NETFramework,Version=v4.8, .NETFramework,Version=v4.8.1' instead of the project target framework 'net8.0'. This package may not be fully compatible with your project.
C:\Users\ultra\warewolf\Dev\Dev2.Util\Dev2.Util.csproj : warning NU1701: Package 'GroupControls 1.9.0' was restored using '.NETFramework,Version=v4.6.1, .NETFramework,Version=v4.6.2, .NETFramework,Version=v4.7, .NETFramework,Version=v4.7.1, .NETFramework,Version=v4.7.2, .NETFramework,Version=v4.8, .NETFramework,Version=v4.8.1' instead of the project target framework 'net8.0'. This package may not be fully compatible with your project.
C:\Users\ultra\warewolf\Dev\Dev2.Util\Dev2.Util.csproj : warning NU1701: Package 'TaskSchedulerEditor 2.10.1' was restored using '.NETFramework,Version=v4.6.1, .NETFramework,Version=v4.6.2, .NETFramework,Version=v4.7, .NETFramework,Version=v4.7.1, .NETFramework,Version=v4.7.2, .NETFramework,Version=v4.8, .NETFramework,Version=v4.8.1' instead of the project target framework 'net8.0'. This package may not be fully compatible with your project.
C:\Users\ultra\warewolf\Dev\Warewolf.HangfireServer\Warewolf.HangfireServer.csproj : warning NU1903: Package 'Microsoft.Windows.Compatibility' 6.0.0 has a known high severity vulnerability, https://github.com/advisories/GHSA-555c-2p6r-68mm
C:\Users\ultra\warewolf\Dev\Warewolf.HangfireServer\Warewolf.HangfireServer.csproj : warning NU1701: Package 'AeroWizard 2.3.1' was restored using '.NETFramework,Version=v4.6.1, .NETFramework,Version=v4.6.2, .NETFramework,Version=v4.7, .NETFramework,Version=v4.7.1, .NETFramework,Version=v4.7.2, .NETFramework,Version=v4.8, .NETFramework,Version=v4.8.1' instead of the project target framework 'net8.0'. This package may not be fully compatible with your project.
C:\Users\ultra\warewolf\Dev\Warewolf.HangfireServer\Warewolf.HangfireServer.csproj : warning NU1701: Package 'GroupControls 1.9.0' was restored using '.NETFramework,Version=v4.6.1, .NETFramework,Version=v4.6.2, .NETFramework,Version=v4.7, .NETFramework,Version=v4.7.1, .NETFramework,Version=v4.7.2, .NETFramework,Version=v4.8, .NETFramework,Version=v4.8.1' instead of the project target framework 'net8.0'. This package may not be fully compatible with your project.
C:\Users\ultra\warewolf\Dev\Warewolf.HangfireServer\Warewolf.HangfireServer.csproj : warning NU1701: Package 'ReactiveUI.WPF 18.4.1' was restored using '.NETFramework,Version=v4.6.1, .NETFramework,Version=v4.6.2, .NETFramework,Version=v4.7, .NETFramework,Version=v4.7.1, .NETFramework,Version=v4.7.2, .NETFramework,Version=v4.8, .NETFramework,Version=v4.8.1' instead of the project target framework 'net8.0'. This package may not be fully compatible with your project.
C:\Users\ultra\warewolf\Dev\Warewolf.HangfireServer\Warewolf.HangfireServer.csproj : warning NU1701: Package 'TaskSchedulerEditor 2.10.1' was restored using '.NETFramework,Version=v4.6.1, .NETFramework,Version=v4.6.2, .NETFramework,Version=v4.7, .NETFramework,Version=v4.7.1, .NETFramework,Version=v4.7.2, .NETFramework,Version=v4.8, .NETFramework,Version=v4.8.1' instead of the project target framework 'net8.0'. This package may not be fully compatible with your project.
C:\Program Files\dotnet\sdk\10.0.201\Sdks\Microsoft.NET.Sdk\targets\Microsoft.NET.Sdk.DefaultItems.targets(162,5): warning NETSDK1137: It is no longer necessary to use the Microsoft.NET.Sdk.WindowsDesktop SDK. Consider changing the Sdk attribute of the root Project element to 'Microsoft.NET.Sdk'. [C:\Users\ultra\warewolf\Dev\Warewolf.Studio.Core\Warewolf.Studio.Core.csproj]
C:\Program Files\dotnet\sdk\10.0.201\Sdks\Microsoft.NET.Sdk.WindowsDesktop\targets\Microsoft.NET.Sdk.WindowsDesktop.targets(138,5): warning NETSDK1106: Microsoft.NET.Sdk.WindowsDesktop requires 'UseWpf' or 'UseWindowsForms' to be set to 'true' [C:\Users\ultra\warewolf\Dev\Warewolf.Studio.Core\Warewolf.Studio.Core.csproj]
C:\Users\ultra\warewolf\Dev\Warewolf.Studio.Core\Warewolf.Studio.Core.csproj : warning NU1701: Package 'AeroWizard 2.3.1' was restored using '.NETFramework,Version=v4.6.1, .NETFramework,Version=v4.6.2, .NETFramework,Version=v4.7, .NETFramework,Version=v4.7.1, .NETFramework,Version=v4.7.2, .NETFramework,Version=v4.8, .NETFramework,Version=v4.8.1' instead of the project target framework 'net8.0'. This package may not be fully compatible with your project.
C:\Users\ultra\warewolf\Dev\Warewolf.Studio.Core\Warewolf.Studio.Core.csproj : warning NU1701: Package 'GroupControls 1.9.0' was restored using '.NETFramework,Version=v4.6.1, .NETFramework,Version=v4.6.2, .NETFramework,Version=v4.7, .NETFramework,Version=v4.7.1, .NETFramework,Version=v4.7.2, .NETFramework,Version=v4.8, .NETFramework,Version=v4.8.1' instead of the project target framework 'net8.0'. This package may not be fully compatible with your project.
C:\Users\ultra\warewolf\Dev\Warewolf.Studio.Core\Warewolf.Studio.Core.csproj : warning NU1701: Package 'Microsoft.Xaml.Behaviors.Wpf 1.1.122' was restored using '.NETFramework,Version=v4.6.1, .NETFramework,Version=v4.6.2, .NETFramework,Version=v4.7, .NETFramework,Version=v4.7.1, .NETFramework,Version=v4.7.2, .NETFramework,Version=v4.8, .NETFramework,Version=v4.8.1' instead of the project target framework 'net8.0'. This package may not be fully compatible with your project.
C:\Users\ultra\warewolf\Dev\Warewolf.Studio.Core\Warewolf.Studio.Core.csproj : warning NU1701: Package 'Prism.Wpf 9.0.537' was restored using '.NETFramework,Version=v4.6.1, .NETFramework,Version=v4.6.2, .NETFramework,Version=v4.7, .NETFramework,Version=v4.7.1, .NETFramework,Version=v4.7.2, .NETFramework,Version=v4.8, .NETFramework,Version=v4.8.1' instead of the project target framework 'net8.0'. This package may not be fully compatible with your project.
C:\Users\ultra\warewolf\Dev\Warewolf.Studio.Core\Warewolf.Studio.Core.csproj : warning NU1701: Package 'ReactiveUI.WPF 18.4.1' was restored using '.NETFramework,Version=v4.6.1, .NETFramework,Version=v4.6.2, .NETFramework,Version=v4.7, .NETFramework,Version=v4.7.1, .NETFramework,Version=v4.7.2, .NETFramework,Version=v4.8, .NETFramework,Version=v4.8.1' instead of the project target framework 'net8.0'. This package may not be fully compatible with your project.
C:\Users\ultra\warewolf\Dev\Warewolf.Studio.Core\Warewolf.Studio.Core.csproj : warning NU1701: Package 'TaskSchedulerEditor 2.10.1' was restored using '.NETFramework,Version=v4.6.1, .NETFramework,Version=v4.6.2, .NETFramework,Version=v4.7, .NETFramework,Version=v4.7.1, .NETFramework,Version=v4.7.2, .NETFramework,Version=v4.8, .NETFramework,Version=v4.8.1' instead of the project target framework 'net8.0'. This package may not be fully compatible with your project.
  Log4Net.Async -> C:\Users\ultra\warewolf\Dev\Log4Net.Async\bin\Debug\net8.0\Log4Net.Async.dll
C:\Users\ultra\warewolf\Dev\Dev2.SignalR.Wrappers.New\Dev2.SignalR.Wrappers.New.csproj : warning NU1701: Package 'AeroWizard 2.3.1' was restored using '.NETFramework,Version=v4.6.1, .NETFramework,Version=v4.6.2, .NETFramework,Version=v4.7, .NETFramework,Version=v4.7.1, .NETFramework,Version=v4.7.2, .NETFramework,Version=v4.8, .NETFramework,Version=v4.8.1' instead of the project target framework 'net8.0'. This package may not be fully compatible with your project.
C:\Users\ultra\warewolf\Dev\Dev2.SignalR.Wrappers.New\Dev2.SignalR.Wrappers.New.csproj : warning NU1701: Package 'GroupControls 1.9.0' was restored using '.NETFramework,Version=v4.6.1, .NETFramework,Version=v4.6.2, .NETFramework,Version=v4.7, .NETFramework,Version=v4.7.1, .NETFramework,Version=v4.7.2, .NETFramework,Version=v4.8, .NETFramework,Version=v4.8.1' instead of the project target framework 'net8.0'. This package may not be fully compatible with your project.
C:\Users\ultra\warewolf\Dev\Dev2.SignalR.Wrappers.New\Dev2.SignalR.Wrappers.New.csproj : warning NU1701: Package 'ReactiveUI.WPF 18.4.1' was restored using '.NETFramework,Version=v4.6.1, .NETFramework,Version=v4.6.2, .NETFramework,Version=v4.7, .NETFramework,Version=v4.7.1, .NETFramework,Version=v4.7.2, .NETFramework,Version=v4.8, .NETFramework,Version=v4.8.1' instead of the project target framework 'net8.0'. This package may not be fully compatible with your project.
C:\Users\ultra\warewolf\Dev\Dev2.SignalR.Wrappers.New\Dev2.SignalR.Wrappers.New.csproj : warning NU1701: Package 'TaskSchedulerEditor 2.10.1' was restored using '.NETFramework,Version=v4.6.1, .NETFramework,Version=v4.6.2, .NETFramework,Version=v4.7, .NETFramework,Version=v4.7.1, .NETFramework,Version=v4.7.2, .NETFramework,Version=v4.8, .NETFramework,Version=v4.8.1' instead of the project target framework 'net8.0'. This package may not be fully compatible with your project.
C:\Users\ultra\warewolf\Dev\Dev2.Runtime\Dev2.Runtime.csproj : warning NU1903: Package 'Microsoft.Windows.Compatibility' 6.0.0 has a known high severity vulnerability, https://github.com/advisories/GHSA-555c-2p6r-68mm
C:\Users\ultra\warewolf\Dev\Dev2.Runtime\Dev2.Runtime.csproj : warning NU1701: Package 'AeroWizard 2.3.1' was restored using '.NETFramework,Version=v4.6.1, .NETFramework,Version=v4.6.2, .NETFramework,Version=v4.7, .NETFramework,Version=v4.7.1, .NETFramework,Version=v4.7.2, .NETFramework,Version=v4.8, .NETFramework,Version=v4.8.1' instead of the project target framework 'net8.0'. This package may not be fully compatible with your project.
C:\Users\ultra\warewolf\Dev\Dev2.Runtime\Dev2.Runtime.csproj : warning NU1701: Package 'GroupControls 1.9.0' was restored using '.NETFramework,Version=v4.6.1, .NETFramework,Version=v4.6.2, .NETFramework,Version=v4.7, .NETFramework,Version=v4.7.1, .NETFramework,Version=v4.7.2, .NETFramework,Version=v4.8, .NETFramework,Version=v4.8.1' instead of the project target framework 'net8.0'. This package may not be fully compatible with your project.
C:\Users\ultra\warewolf\Dev\Dev2.Runtime\Dev2.Runtime.csproj : warning NU1701: Package 'ReactiveUI.WPF 18.4.1' was restored using '.NETFramework,Version=v4.6.1, .NETFramework,Version=v4.6.2, .NETFramework,Version=v4.7, .NETFramework,Version=v4.7.1, .NETFramework,Version=v4.7.2, .NETFramework,Version=v4.8, .NETFramework,Version=v4.8.1' instead of the project target framework 'net8.0'. This package may not be fully compatible with your project.
C:\Users\ultra\warewolf\Dev\Dev2.Runtime\Dev2.Runtime.csproj : warning NU1701: Package 'TaskSchedulerEditor 2.10.1' was restored using '.NETFramework,Version=v4.6.1, .NETFramework,Version=v4.6.2, .NETFramework,Version=v4.7, .NETFramework,Version=v4.7.1, .NETFramework,Version=v4.7.2, .NETFramework,Version=v4.8, .NETFramework,Version=v4.8.1' instead of the project target framework 'net8.0'. This package may not be fully compatible with your project.
C:\Users\ultra\warewolf\Dev\Dev2.TaskScheduler.Wrappers\Dev2.TaskScheduler.Wrappers.csproj : warning NU1701: Package 'AeroWizard 2.3.1' was restored using '.NETFramework,Version=v4.6.1, .NETFramework,Version=v4.6.2, .NETFramework,Version=v4.7, .NETFramework,Version=v4.7.1, .NETFramework,Version=v4.7.2, .NETFramework,Version=v4.8, .NETFramework,Version=v4.8.1' instead of the project target framework 'net8.0'. This package may not be fully compatible with your project.
C:\Users\ultra\warewolf\Dev\Dev2.TaskScheduler.Wrappers\Dev2.TaskScheduler.Wrappers.csproj : warning NU1701: Package 'GroupControls 1.9.0' was restored using '.NETFramework,Version=v4.6.1, .NETFramework,Version=v4.6.2, .NETFramework,Version=v4.7, .NETFramework,Version=v4.7.1, .NETFramework,Version=v4.7.2, .NETFramework,Version=v4.8, .NETFramework,Version=v4.8.1' instead of the project target framework 'net8.0'. This package may not be fully compatible with your project.
C:\Users\ultra\warewolf\Dev\Dev2.TaskScheduler.Wrappers\Dev2.TaskScheduler.Wrappers.csproj : warning NU1701: Package 'TaskSchedulerEditor 2.10.1' was restored using '.NETFramework,Version=v4.6.1, .NETFramework,Version=v4.6.2, .NETFramework,Version=v4.7, .NETFramework,Version=v4.7.1, .NETFramework,Version=v4.7.2, .NETFramework,Version=v4.8, .NETFramework,Version=v4.8.1' instead of the project target framework 'net8.0'. This package may not be fully compatible with your project.
C:\Users\ultra\warewolf\Dev\Warewolf.ResourceManagement\Warewolf.ResourceManagement.csproj : warning NU1701: Package 'AeroWizard 2.3.1' was restored using '.NETFramework,Version=v4.6.1, .NETFramework,Version=v4.6.2, .NETFramework,Version=v4.7, .NETFramework,Version=v4.7.1, .NETFramework,Version=v4.7.2, .NETFramework,Version=v4.8, .NETFramework,Version=v4.8.1' instead of the project target framework 'net8.0'. This package may not be fully compatible with your project.
C:\Users\ultra\warewolf\Dev\Warewolf.ResourceManagement\Warewolf.ResourceManagement.csproj : warning NU1701: Package 'GroupControls 1.9.0' was restored using '.NETFramework,Version=v4.6.1, .NETFramework,Version=v4.6.2, .NETFramework,Version=v4.7, .NETFramework,Version=v4.7.1, .NETFramework,Version=v4.7.2, .NETFramework,Version=v4.8, .NETFramework,Version=v4.8.1' instead of the project target framework 'net8.0'. This package may not be fully compatible with your project.
C:\Users\ultra\warewolf\Dev\Warewolf.ResourceManagement\Warewolf.ResourceManagement.csproj : warning NU1701: Package 'ReactiveUI.WPF 18.4.1' was restored using '.NETFramework,Version=v4.6.1, .NETFramework,Version=v4.6.2, .NETFramework,Version=v4.7, .NETFramework,Version=v4.7.1, .NETFramework,Version=v4.7.2, .NETFramework,Version=v4.8, .NETFramework,Version=v4.8.1' instead of the project target framework 'net8.0'. This package may not be fully compatible with your project.
C:\Users\ultra\warewolf\Dev\Warewolf.ResourceManagement\Warewolf.ResourceManagement.csproj : warning NU1701: Package 'TaskSchedulerEditor 2.10.1' was restored using '.NETFramework,Version=v4.6.1, .NETFramework,Version=v4.6.2, .NETFramework,Version=v4.7, .NETFramework,Version=v4.7.1, .NETFramework,Version=v4.7.2, .NETFramework,Version=v4.8, .NETFramework,Version=v4.8.1' instead of the project target framework 'net8.0'. This package may not be fully compatible with your project.
C:\Users\ultra\warewolf\Dev\Warewolf.Driver.Serilog\Warewolf.Driver.Serilog.csproj : warning NU1701: Package 'AeroWizard 2.3.1' was restored using '.NETFramework,Version=v4.6.1, .NETFramework,Version=v4.6.2, .NETFramework,Version=v4.7, .NETFramework,Version=v4.7.1, .NETFramework,Version=v4.7.2, .NETFramework,Version=v4.8, .NETFramework,Version=v4.8.1' instead of the project target framework 'net8.0'. This package may not be fully compatible with your project.
C:\Users\ultra\warewolf\Dev\Warewolf.Driver.Serilog\Warewolf.Driver.Serilog.csproj : warning NU1701: Package 'GroupControls 1.9.0' was restored using '.NETFramework,Version=v4.6.1, .NETFramework,Version=v4.6.2, .NETFramework,Version=v4.7, .NETFramework,Version=v4.7.1, .NETFramework,Version=v4.7.2, .NETFramework,Version=v4.8, .NETFramework,Version=v4.8.1' instead of the project target framework 'net8.0'. This package may not be fully compatible with your project.
C:\Users\ultra\warewolf\Dev\Warewolf.Driver.Serilog\Warewolf.Driver.Serilog.csproj : warning NU1701: Package 'ReactiveUI.WPF 18.4.1' was restored using '.NETFramework,Version=v4.6.1, .NETFramework,Version=v4.6.2, .NETFramework,Version=v4.7, .NETFramework,Version=v4.7.1, .NETFramework,Version=v4.7.2, .NETFramework,Version=v4.8, .NETFramework,Version=v4.8.1' instead of the project target framework 'net8.0'. This package may not be fully compatible with your project.
C:\Users\ultra\warewolf\Dev\Warewolf.Driver.Serilog\Warewolf.Driver.Serilog.csproj : warning NU1701: Package 'TaskSchedulerEditor 2.10.1' was restored using '.NETFramework,Version=v4.6.1, .NETFramework,Version=v4.6.2, .NETFramework,Version=v4.7, .NETFramework,Version=v4.7.1, .NETFramework,Version=v4.7.2, .NETFramework,Version=v4.8, .NETFramework,Version=v4.8.1' instead of the project target framework 'net8.0'. This package may not be fully compatible with your project.
C:\Users\ultra\warewolf\Dev\Warewolf.Logger\Warewolf.Logger.csproj : warning NU1701: Package 'AeroWizard 2.3.1' was restored using '.NETFramework,Version=v4.6.1, .NETFramework,Version=v4.6.2, .NETFramework,Version=v4.7, .NETFramework,Version=v4.7.1, .NETFramework,Version=v4.7.2, .NETFramework,Version=v4.8, .NETFramework,Version=v4.8.1' instead of the project target framework 'net8.0'. This package may not be fully compatible with your project.
C:\Users\ultra\warewolf\Dev\Warewolf.Logger\Warewolf.Logger.csproj : warning NU1701: Package 'GroupControls 1.9.0' was restored using '.NETFramework,Version=v4.6.1, .NETFramework,Version=v4.6.2, .NETFramework,Version=v4.7, .NETFramework,Version=v4.7.1, .NETFramework,Version=v4.7.2, .NETFramework,Version=v4.8, .NETFramework,Version=v4.8.1' instead of the project target framework 'net8.0'. This package may not be fully compatible with your project.
C:\Users\ultra\warewolf\Dev\Warewolf.Logger\Warewolf.Logger.csproj : warning NU1701: Package 'Microsoft.Xaml.Behaviors.Wpf 1.1.122' was restored using '.NETFramework,Version=v4.6.1, .NETFramework,Version=v4.6.2, .NETFramework,Version=v4.7, .NETFramework,Version=v4.7.1, .NETFramework,Version=v4.7.2, .NETFramework,Version=v4.8, .NETFramework,Version=v4.8.1' instead of the project target framework 'net8.0'. This package may not be fully compatible with your project.
C:\Users\ultra\warewolf\Dev\Warewolf.Logger\Warewolf.Logger.csproj : warning NU1701: Package 'Prism.Wpf 9.0.537' was restored using '.NETFramework,Version=v4.6.1, .NETFramework,Version=v4.6.2, .NETFramework,Version=v4.7, .NETFramework,Version=v4.7.1, .NETFramework,Version=v4.7.2, .NETFramework,Version=v4.8, .NETFramework,Version=v4.8.1' instead of the project target framework 'net8.0'. This package may not be fully compatible with your project.
C:\Users\ultra\warewolf\Dev\Warewolf.Logger\Warewolf.Logger.csproj : warning NU1701: Package 'ReactiveUI.WPF 18.4.1' was restored using '.NETFramework,Version=v4.6.1, .NETFramework,Version=v4.6.2, .NETFramework,Version=v4.7, .NETFramework,Version=v4.7.1, .NETFramework,Version=v4.7.2, .NETFramework,Version=v4.8, .NETFramework,Version=v4.8.1' instead of the project target framework 'net8.0'. This package may not be fully compatible with your project.
C:\Users\ultra\warewolf\Dev\Warewolf.Logger\Warewolf.Logger.csproj : warning NU1701: Package 'TaskSchedulerEditor 2.10.1' was restored using '.NETFramework,Version=v4.6.1, .NETFramework,Version=v4.6.2, .NETFramework,Version=v4.7, .NETFramework,Version=v4.7.1, .NETFramework,Version=v4.7.2, .NETFramework,Version=v4.8, .NETFramework,Version=v4.8.1' instead of the project target framework 'net8.0'. This package may not be fully compatible with your project.
  GACManagerApi -> C:\Users\ultra\warewolf\Dev\GACManagerApi\bin\Debug\net8.0\GACManagerApi.dll
C:\Users\ultra\warewolf\Dev\Warewolf.Auditing\Warewolf.Auditing.csproj : warning NU1701: Package 'AeroWizard 2.3.1' was restored using '.NETFramework,Version=v4.6.1, .NETFramework,Version=v4.6.2, .NETFramework,Version=v4.7, .NETFramework,Version=v4.7.1, .NETFramework,Version=v4.7.2, .NETFramework,Version=v4.8, .NETFramework,Version=v4.8.1' instead of the project target framework 'net8.0'. This package may not be fully compatible with your project.
C:\Users\ultra\warewolf\Dev\Warewolf.Auditing\Warewolf.Auditing.csproj : warning NU1701: Package 'GroupControls 1.9.0' was restored using '.NETFramework,Version=v4.6.1, .NETFramework,Version=v4.6.2, .NETFramework,Version=v4.7, .NETFramework,Version=v4.7.1, .NETFramework,Version=v4.7.2, .NETFramework,Version=v4.8, .NETFramework,Version=v4.8.1' instead of the project target framework 'net8.0'. This package may not be fully compatible with your project.
C:\Users\ultra\warewolf\Dev\Warewolf.Auditing\Warewolf.Auditing.csproj : warning NU1701: Package 'ReactiveUI.WPF 18.4.1' was restored using '.NETFramework,Version=v4.6.1, .NETFramework,Version=v4.6.2, .NETFramework,Version=v4.7, .NETFramework,Version=v4.7.1, .NETFramework,Version=v4.7.2, .NETFramework,Version=v4.8, .NETFramework,Version=v4.8.1' instead of the project target framework 'net8.0'. This package may not be fully compatible with your project.
C:\Users\ultra\warewolf\Dev\Warewolf.Auditing\Warewolf.Auditing.csproj : warning NU1701: Package 'TaskSchedulerEditor 2.10.1' was restored using '.NETFramework,Version=v4.6.1, .NETFramework,Version=v4.6.2, .NETFramework,Version=v4.7, .NETFramework,Version=v4.7.1, .NETFramework,Version=v4.7.2, .NETFramework,Version=v4.8, .NETFramework,Version=v4.8.1' instead of the project target framework 'net8.0'. This package may not be fully compatible with your project.
C:\Users\ultra\warewolf\Dev\Warewolf.PerfMon\Warewolf.PerfMon.csproj : warning NU1701: Package 'AeroWizard 2.3.1' was restored using '.NETFramework,Version=v4.6.1, .NETFramework,Version=v4.6.2, .NETFramework,Version=v4.7, .NETFramework,Version=v4.7.1, .NETFramework,Version=v4.7.2, .NETFramework,Version=v4.8, .NETFramework,Version=v4.8.1' instead of the project target framework 'net8.0'. This package may not be fully compatible with your project.
C:\Users\ultra\warewolf\Dev\Warewolf.PerfMon\Warewolf.PerfMon.csproj : warning NU1701: Package 'GroupControls 1.9.0' was restored using '.NETFramework,Version=v4.6.1, .NETFramework,Version=v4.6.2, .NETFramework,Version=v4.7, .NETFramework,Version=v4.7.1, .NETFramework,Version=v4.7.2, .NETFramework,Version=v4.8, .NETFramework,Version=v4.8.1' instead of the project target framework 'net8.0'. This package may not be fully compatible with your project.
C:\Users\ultra\warewolf\Dev\Warewolf.PerfMon\Warewolf.PerfMon.csproj : warning NU1701: Package 'ReactiveUI.WPF 18.4.1' was restored using '.NETFramework,Version=v4.6.1, .NETFramework,Version=v4.6.2, .NETFramework,Version=v4.7, .NETFramework,Version=v4.7.1, .NETFramework,Version=v4.7.2, .NETFramework,Version=v4.8, .NETFramework,Version=v4.8.1' instead of the project target framework 'net8.0'. This package may not be fully compatible with your project.
C:\Users\ultra\warewolf\Dev\Warewolf.PerfMon\Warewolf.PerfMon.csproj : warning NU1701: Package 'TaskSchedulerEditor 2.10.1' was restored using '.NETFramework,Version=v4.6.1, .NETFramework,Version=v4.6.2, .NETFramework,Version=v4.7, .NETFramework,Version=v4.7.1, .NETFramework,Version=v4.7.2, .NETFramework,Version=v4.8, .NETFramework,Version=v4.8.1' instead of the project target framework 'net8.0'. This package may not be fully compatible with your project.
C:\Users\ultra\warewolf\Dev\Warewolf.Storage.Interfaces\Warewolf.Storage.Interfaces.csproj : warning NU1701: Package 'AeroWizard 2.3.1' was restored using '.NETFramework,Version=v4.6.1, .NETFramework,Version=v4.6.2, .NETFramework,Version=v4.7, .NETFramework,Version=v4.7.1, .NETFramework,Version=v4.7.2, .NETFramework,Version=v4.8, .NETFramework,Version=v4.8.1' instead of the project target framework 'net8.0'. This package may not be fully compatible with your project.
C:\Users\ultra\warewolf\Dev\Warewolf.Storage.Interfaces\Warewolf.Storage.Interfaces.csproj : warning NU1701: Package 'GroupControls 1.9.0' was restored using '.NETFramework,Version=v4.6.1, .NETFramework,Version=v4.6.2, .NETFramework,Version=v4.7, .NETFramework,Version=v4.7.1, .NETFramework,Version=v4.7.2, .NETFramework,Version=v4.8, .NETFramework,Version=v4.8.1' instead of the project target framework 'net8.0'. This package may not be fully compatible with your project.
C:\Users\ultra\warewolf\Dev\Warewolf.Storage.Interfaces\Warewolf.Storage.Interfaces.csproj : warning NU1701: Package 'TaskSchedulerEditor 2.10.1' was restored using '.NETFramework,Version=v4.6.1, .NETFramework,Version=v4.6.2, .NETFramework,Version=v4.7, .NETFramework,Version=v4.7.1, .NETFramework,Version=v4.7.2, .NETFramework,Version=v4.8, .NETFramework,Version=v4.8.1' instead of the project target framework 'net8.0'. This package may not be fully compatible with your project.
C:\Users\ultra\warewolf\Dev\Warewolf.Driver.Persistence\Warewolf.Driver.Persistence.csproj : warning NU1701: Package 'AeroWizard 2.3.1' was restored using '.NETFramework,Version=v4.6.1, .NETFramework,Version=v4.6.2, .NETFramework,Version=v4.7, .NETFramework,Version=v4.7.1, .NETFramework,Version=v4.7.2, .NETFramework,Version=v4.8, .NETFramework,Version=v4.8.1' instead of the project target framework 'net8.0'. This package may not be fully compatible with your project.
C:\Users\ultra\warewolf\Dev\Warewolf.Driver.Persistence\Warewolf.Driver.Persistence.csproj : warning NU1701: Package 'GroupControls 1.9.0' was restored using '.NETFramework,Version=v4.6.1, .NETFramework,Version=v4.6.2, .NETFramework,Version=v4.7, .NETFramework,Version=v4.7.1, .NETFramework,Version=v4.7.2, .NETFramework,Version=v4.8, .NETFramework,Version=v4.8.1' instead of the project target framework 'net8.0'. This package may not be fully compatible with your project.
C:\Users\ultra\warewolf\Dev\Warewolf.Driver.Persistence\Warewolf.Driver.Persistence.csproj : warning NU1701: Package 'ReactiveUI.WPF 18.4.1' was restored using '.NETFramework,Version=v4.6.1, .NETFramework,Version=v4.6.2, .NETFramework,Version=v4.7, .NETFramework,Version=v4.7.1, .NETFramework,Version=v4.7.2, .NETFramework,Version=v4.8, .NETFramework,Version=v4.8.1' instead of the project target framework 'net8.0'. This package may not be fully compatible with your project.
C:\Users\ultra\warewolf\Dev\Warewolf.Driver.Persistence\Warewolf.Driver.Persistence.csproj : warning NU1701: Package 'TaskSchedulerEditor 2.10.1' was restored using '.NETFramework,Version=v4.6.1, .NETFramework,Version=v4.6.2, .NETFramework,Version=v4.7, .NETFramework,Version=v4.7.1, .NETFramework,Version=v4.7.2, .NETFramework,Version=v4.8, .NETFramework,Version=v4.8.1' instead of the project target framework 'net8.0'. This package may not be fully compatible with your project.
C:\Users\ultra\warewolf\Dev\Dev2.Services.Execution\Dev2.Services.Execution.csproj : warning NU1701: Package 'AeroWizard 2.3.1' was restored using '.NETFramework,Version=v4.6.1, .NETFramework,Version=v4.6.2, .NETFramework,Version=v4.7, .NETFramework,Version=v4.7.1, .NETFramework,Version=v4.7.2, .NETFramework,Version=v4.8, .NETFramework,Version=v4.8.1' instead of the project target framework 'net8.0'. This package may not be fully compatible with your project.
C:\Users\ultra\warewolf\Dev\Dev2.Services.Execution\Dev2.Services.Execution.csproj : warning NU1701: Package 'GroupControls 1.9.0' was restored using '.NETFramework,Version=v4.6.1, .NETFramework,Version=v4.6.2, .NETFramework,Version=v4.7, .NETFramework,Version=v4.7.1, .NETFramework,Version=v4.7.2, .NETFramework,Version=v4.8, .NETFramework,Version=v4.8.1' instead of the project target framework 'net8.0'. This package may not be fully compatible with your project.
C:\Users\ultra\warewolf\Dev\Dev2.Services.Execution\Dev2.Services.Execution.csproj : warning NU1701: Package 'ReactiveUI.WPF 18.4.1' was restored using '.NETFramework,Version=v4.6.1, .NETFramework,Version=v4.6.2, .NETFramework,Version=v4.7, .NETFramework,Version=v4.7.1, .NETFramework,Version=v4.7.2, .NETFramework,Version=v4.8, .NETFramework,Version=v4.8.1' instead of the project target framework 'net8.0'. This package may not be fully compatible with your project.
C:\Users\ultra\warewolf\Dev\Dev2.Services.Execution\Dev2.Services.Execution.csproj : warning NU1701: Package 'TaskSchedulerEditor 2.10.1' was restored using '.NETFramework,Version=v4.6.1, .NETFramework,Version=v4.6.2, .NETFramework,Version=v4.7, .NETFramework,Version=v4.7.1, .NETFramework,Version=v4.7.2, .NETFramework,Version=v4.8, .NETFramework,Version=v4.8.1' instead of the project target framework 'net8.0'. This package may not be fully compatible with your project.
C:\Users\ultra\warewolf\Dev\Warewolf.QueueWorker\Warewolf.QueueWorker.csproj : warning NU1701: Package 'AeroWizard 2.3.1' was restored using '.NETFramework,Version=v4.6.1, .NETFramework,Version=v4.6.2, .NETFramework,Version=v4.7, .NETFramework,Version=v4.7.1, .NETFramework,Version=v4.7.2, .NETFramework,Version=v4.8, .NETFramework,Version=v4.8.1' instead of the project target framework 'net8.0'. This package may not be fully compatible with your project.
C:\Users\ultra\warewolf\Dev\Warewolf.QueueWorker\Warewolf.QueueWorker.csproj : warning NU1701: Package 'GroupControls 1.9.0' was restored using '.NETFramework,Version=v4.6.1, .NETFramework,Version=v4.6.2, .NETFramework,Version=v4.7, .NETFramework,Version=v4.7.1, .NETFramework,Version=v4.7.2, .NETFramework,Version=v4.8, .NETFramework,Version=v4.8.1' instead of the project target framework 'net8.0'. This package may not be fully compatible with your project.
C:\Users\ultra\warewolf\Dev\Warewolf.QueueWorker\Warewolf.QueueWorker.csproj : warning NU1701: Package 'Microsoft.Xaml.Behaviors.Wpf 1.1.122' was restored using '.NETFramework,Version=v4.6.1, .NETFramework,Version=v4.6.2, .NETFramework,Version=v4.7, .NETFramework,Version=v4.7.1, .NETFramework,Version=v4.7.2, .NETFramework,Version=v4.8, .NETFramework,Version=v4.8.1' instead of the project target framework 'net8.0'. This package may not be fully compatible with your project.
C:\Users\ultra\warewolf\Dev\Warewolf.QueueWorker\Warewolf.QueueWorker.csproj : warning NU1701: Package 'Prism.Wpf 9.0.537' was restored using '.NETFramework,Version=v4.6.1, .NETFramework,Version=v4.6.2, .NETFramework,Version=v4.7, .NETFramework,Version=v4.7.1, .NETFramework,Version=v4.7.2, .NETFramework,Version=v4.8, .NETFramework,Version=v4.8.1' instead of the project target framework 'net8.0'. This package may not be fully compatible with your project.
C:\Users\ultra\warewolf\Dev\Warewolf.QueueWorker\Warewolf.QueueWorker.csproj : warning NU1701: Package 'ReactiveUI.WPF 18.4.1' was restored using '.NETFramework,Version=v4.6.1, .NETFramework,Version=v4.6.2, .NETFramework,Version=v4.7, .NETFramework,Version=v4.7.1, .NETFramework,Version=v4.7.2, .NETFramework,Version=v4.8, .NETFramework,Version=v4.8.1' instead of the project target framework 'net8.0'. This package may not be fully compatible with your project.
C:\Users\ultra\warewolf\Dev\Warewolf.QueueWorker\Warewolf.QueueWorker.csproj : warning NU1701: Package 'TaskSchedulerEditor 2.10.1' was restored using '.NETFramework,Version=v4.6.1, .NETFramework,Version=v4.6.2, .NETFramework,Version=v4.7, .NETFramework,Version=v4.7.1, .NETFramework,Version=v4.7.2, .NETFramework,Version=v4.8, .NETFramework,Version=v4.8.1' instead of the project target framework 'net8.0'. This package may not be fully compatible with your project.
C:\Users\ultra\warewolf\Dev\Warewolf.Storage\Warewolf.Storage.csproj : warning NU1701: Package 'AeroWizard 2.3.1' was restored using '.NETFramework,Version=v4.6.1, .NETFramework,Version=v4.6.2, .NETFramework,Version=v4.7, .NETFramework,Version=v4.7.1, .NETFramework,Version=v4.7.2, .NETFramework,Version=v4.8, .NETFramework,Version=v4.8.1' instead of the project target framework 'net8.0'. This package may not be fully compatible with your project.
C:\Users\ultra\warewolf\Dev\Warewolf.Storage\Warewolf.Storage.csproj : warning NU1701: Package 'GroupControls 1.9.0' was restored using '.NETFramework,Version=v4.6.1, .NETFramework,Version=v4.6.2, .NETFramework,Version=v4.7, .NETFramework,Version=v4.7.1, .NETFramework,Version=v4.7.2, .NETFramework,Version=v4.8, .NETFramework,Version=v4.8.1' instead of the project target framework 'net8.0'. This package may not be fully compatible with your project.
C:\Users\ultra\warewolf\Dev\Warewolf.Storage\Warewolf.Storage.csproj : warning NU1701: Package 'ReactiveUI.WPF 18.4.1' was restored using '.NETFramework,Version=v4.6.1, .NETFramework,Version=v4.6.2, .NETFramework,Version=v4.7, .NETFramework,Version=v4.7.1, .NETFramework,Version=v4.7.2, .NETFramework,Version=v4.8, .NETFramework,Version=v4.8.1' instead of the project target framework 'net8.0'. This package may not be fully compatible with your project.
C:\Users\ultra\warewolf\Dev\Warewolf.Storage\Warewolf.Storage.csproj : warning NU1701: Package 'TaskSchedulerEditor 2.10.1' was restored using '.NETFramework,Version=v4.6.1, .NETFramework,Version=v4.6.2, .NETFramework,Version=v4.7, .NETFramework,Version=v4.7.1, .NETFramework,Version=v4.7.2, .NETFramework,Version=v4.8, .NETFramework,Version=v4.8.1' instead of the project target framework 'net8.0'. This package may not be fully compatible with your project.
C:\Program Files\dotnet\sdk\10.0.201\Sdks\Microsoft.NET.Sdk\targets\Microsoft.NET.Sdk.DefaultItems.targets(162,5): warning NETSDK1137: It is no longer necessary to use the Microsoft.NET.Sdk.WindowsDesktop SDK. Consider changing the Sdk attribute of the root Project element to 'Microsoft.NET.Sdk'. [C:\Users\ultra\warewolf\Dev\Warewolf.UI\Warewolf.UI.csproj]
C:\Users\ultra\warewolf\Dev\Dev2.Studio.Interfaces\Dev2.Studio.Interfaces.csproj : warning NU1701: Package 'AeroWizard 2.3.1' was restored using '.NETFramework,Version=v4.6.1, .NETFramework,Version=v4.6.2, .NETFramework,Version=v4.7, .NETFramework,Version=v4.7.1, .NETFramework,Version=v4.7.2, .NETFramework,Version=v4.8, .NETFramework,Version=v4.8.1' instead of the project target framework 'net8.0'. This package may not be fully compatible with your project.
C:\Users\ultra\warewolf\Dev\Dev2.Studio.Interfaces\Dev2.Studio.Interfaces.csproj : warning NU1701: Package 'GroupControls 1.9.0' was restored using '.NETFramework,Version=v4.6.1, .NETFramework,Version=v4.6.2, .NETFramework,Version=v4.7, .NETFramework,Version=v4.7.1, .NETFramework,Version=v4.7.2, .NETFramework,Version=v4.8, .NETFramework,Version=v4.8.1' instead of the project target framework 'net8.0'. This package may not be fully compatible with your project.
C:\Users\ultra\warewolf\Dev\Dev2.Studio.Interfaces\Dev2.Studio.Interfaces.csproj : warning NU1701: Package 'Microsoft.Xaml.Behaviors.Wpf 1.1.122' was restored using '.NETFramework,Version=v4.6.1, .NETFramework,Version=v4.6.2, .NETFramework,Version=v4.7, .NETFramework,Version=v4.7.1, .NETFramework,Version=v4.7.2, .NETFramework,Version=v4.8, .NETFramework,Version=v4.8.1' instead of the project target framework 'net8.0'. This package may not be fully compatible with your project.
C:\Users\ultra\warewolf\Dev\Dev2.Studio.Interfaces\Dev2.Studio.Interfaces.csproj : warning NU1701: Package 'Prism.Wpf 9.0.537' was restored using '.NETFramework,Version=v4.6.1, .NETFramework,Version=v4.6.2, .NETFramework,Version=v4.7, .NETFramework,Version=v4.7.1, .NETFramework,Version=v4.7.2, .NETFramework,Version=v4.8, .NETFramework,Version=v4.8.1' instead of the project target framework 'net8.0'. This package may not be fully compatible with your project.
C:\Users\ultra\warewolf\Dev\Dev2.Studio.Interfaces\Dev2.Studio.Interfaces.csproj : warning NU1701: Package 'ReactiveUI.WPF 18.4.1' was restored using '.NETFramework,Version=v4.6.1, .NETFramework,Version=v4.6.2, .NETFramework,Version=v4.7, .NETFramework,Version=v4.7.1, .NETFramework,Version=v4.7.2, .NETFramework,Version=v4.8, .NETFramework,Version=v4.8.1' instead of the project target framework 'net8.0'. This package may not be fully compatible with your project.
C:\Users\ultra\warewolf\Dev\Dev2.Studio.Interfaces\Dev2.Studio.Interfaces.csproj : warning NU1701: Package 'TaskSchedulerEditor 2.10.1' was restored using '.NETFramework,Version=v4.6.1, .NETFramework,Version=v4.6.2, .NETFramework,Version=v4.7, .NETFramework,Version=v4.7.1, .NETFramework,Version=v4.7.2, .NETFramework,Version=v4.8, .NETFramework,Version=v4.8.1' instead of the project target framework 'net8.0'. This package may not be fully compatible with your project.
C:\Program Files\dotnet\sdk\10.0.201\Sdks\Microsoft.NET.Sdk.WindowsDesktop\targets\Microsoft.NET.Sdk.WindowsDesktop.targets(138,5): warning NETSDK1106: Microsoft.NET.Sdk.WindowsDesktop requires 'UseWpf' or 'UseWindowsForms' to be set to 'true' [C:\Users\ultra\warewolf\Dev\Warewolf.UI\Warewolf.UI.csproj]
C:\Users\ultra\warewolf\Dev\Warewolf.Exchange.Email.Wrapper\Warewolf.Exchange.Email.Wrapper.csproj : warning NU1701: Package 'AeroWizard 2.3.1' was restored using '.NETFramework,Version=v4.6.1, .NETFramework,Version=v4.6.2, .NETFramework,Version=v4.7, .NETFramework,Version=v4.7.1, .NETFramework,Version=v4.7.2, .NETFramework,Version=v4.8, .NETFramework,Version=v4.8.1' instead of the project target framework 'net8.0'. This package may not be fully compatible with your project.
C:\Users\ultra\warewolf\Dev\Warewolf.Exchange.Email.Wrapper\Warewolf.Exchange.Email.Wrapper.csproj : warning NU1701: Package 'GroupControls 1.9.0' was restored using '.NETFramework,Version=v4.6.1, .NETFramework,Version=v4.6.2, .NETFramework,Version=v4.7, .NETFramework,Version=v4.7.1, .NETFramework,Version=v4.7.2, .NETFramework,Version=v4.8, .NETFramework,Version=v4.8.1' instead of the project target framework 'net8.0'. This package may not be fully compatible with your project.
C:\Users\ultra\warewolf\Dev\Warewolf.Exchange.Email.Wrapper\Warewolf.Exchange.Email.Wrapper.csproj : warning NU1701: Package 'ReactiveUI.WPF 18.4.1' was restored using '.NETFramework,Version=v4.6.1, .NETFramework,Version=v4.6.2, .NETFramework,Version=v4.7, .NETFramework,Version=v4.7.1, .NETFramework,Version=v4.7.2, .NETFramework,Version=v4.8, .NETFramework,Version=v4.8.1' instead of the project target framework 'net8.0'. This package may not be fully compatible with your project.
C:\Users\ultra\warewolf\Dev\Warewolf.Exchange.Email.Wrapper\Warewolf.Exchange.Email.Wrapper.csproj : warning NU1701: Package 'TaskSchedulerEditor 2.10.1' was restored using '.NETFramework,Version=v4.6.1, .NETFramework,Version=v4.6.2, .NETFramework,Version=v4.7, .NETFramework,Version=v4.7.1, .NETFramework,Version=v4.7.2, .NETFramework,Version=v4.8, .NETFramework,Version=v4.8.1' instead of the project target framework 'net8.0'. This package may not be fully compatible with your project.
C:\Users\ultra\warewolf\Dev\Warewolf.UI\Warewolf.UI.csproj : warning NU1701: Package 'AeroWizard 2.3.1' was restored using '.NETFramework,Version=v4.6.1, .NETFramework,Version=v4.6.2, .NETFramework,Version=v4.7, .NETFramework,Version=v4.7.1, .NETFramework,Version=v4.7.2, .NETFramework,Version=v4.8, .NETFramework,Version=v4.8.1' instead of the project target framework 'net8.0'. This package may not be fully compatible with your project.
C:\Users\ultra\warewolf\Dev\Warewolf.UI\Warewolf.UI.csproj : warning NU1701: Package 'GroupControls 1.9.0' was restored using '.NETFramework,Version=v4.6.1, .NETFramework,Version=v4.6.2, .NETFramework,Version=v4.7, .NETFramework,Version=v4.7.1, .NETFramework,Version=v4.7.2, .NETFramework,Version=v4.8, .NETFramework,Version=v4.8.1' instead of the project target framework 'net8.0'. This package may not be fully compatible with your project.
C:\Users\ultra\warewolf\Dev\Warewolf.UI\Warewolf.UI.csproj : warning NU1701: Package 'Microsoft.Xaml.Behaviors.Wpf 1.1.122' was restored using '.NETFramework,Version=v4.6.1, .NETFramework,Version=v4.6.2, .NETFramework,Version=v4.7, .NETFramework,Version=v4.7.1, .NETFramework,Version=v4.7.2, .NETFramework,Version=v4.8, .NETFramework,Version=v4.8.1' instead of the project target framework 'net8.0'. This package may not be fully compatible with your project.
C:\Users\ultra\warewolf\Dev\Warewolf.UI\Warewolf.UI.csproj : warning NU1701: Package 'Prism.Wpf 9.0.537' was restored using '.NETFramework,Version=v4.6.1, .NETFramework,Version=v4.6.2, .NETFramework,Version=v4.7, .NETFramework,Version=v4.7.1, .NETFramework,Version=v4.7.2, .NETFramework,Version=v4.8, .NETFramework,Version=v4.8.1' instead of the project target framework 'net8.0'. This package may not be fully compatible with your project.
C:\Users\ultra\warewolf\Dev\Warewolf.UI\Warewolf.UI.csproj : warning NU1701: Package 'ReactiveUI.WPF 18.4.1' was restored using '.NETFramework,Version=v4.6.1, .NETFramework,Version=v4.6.2, .NETFramework,Version=v4.7, .NETFramework,Version=v4.7.1, .NETFramework,Version=v4.7.2, .NETFramework,Version=v4.8, .NETFramework,Version=v4.8.1' instead of the project target framework 'net8.0'. This package may not be fully compatible with your project.
C:\Users\ultra\warewolf\Dev\Warewolf.UI\Warewolf.UI.csproj : warning NU1701: Package 'TaskSchedulerEditor 2.10.1' was restored using '.NETFramework,Version=v4.6.1, .NETFramework,Version=v4.6.2, .NETFramework,Version=v4.7, .NETFramework,Version=v4.7.1, .NETFramework,Version=v4.7.2, .NETFramework,Version=v4.8, .NETFramework,Version=v4.8.1' instead of the project target framework 'net8.0'. This package may not be fully compatible with your project.
  Warewolf.Weave -> C:\Users\ultra\warewolf\Dev\Warewolf.Weave\bin\Debug\net8.0\Warewolf.Weave.dll
C:\Users\ultra\warewolf\Dev\Dev2.Data.Interfaces\Dev2.Data.Interfaces.csproj : warning NU1903: Package 'DotNetZip' 1.16.0 has a known high severity vulnerability, https://github.com/advisories/GHSA-xhg6-9j5j-w4vf
C:\Users\ultra\warewolf\Dev\Dev2.Data.Interfaces\Dev2.Data.Interfaces.csproj : warning NU1701: Package 'AeroWizard 2.3.1' was restored using '.NETFramework,Version=v4.6.1, .NETFramework,Version=v4.6.2, .NETFramework,Version=v4.7, .NETFramework,Version=v4.7.1, .NETFramework,Version=v4.7.2, .NETFramework,Version=v4.8, .NETFramework,Version=v4.8.1' instead of the project target framework 'net8.0'. This package may not be fully compatible with your project.
C:\Users\ultra\warewolf\Dev\Dev2.Data.Interfaces\Dev2.Data.Interfaces.csproj : warning NU1701: Package 'GroupControls 1.9.0' was restored using '.NETFramework,Version=v4.6.1, .NETFramework,Version=v4.6.2, .NETFramework,Version=v4.7, .NETFramework,Version=v4.7.1, .NETFramework,Version=v4.7.2, .NETFramework,Version=v4.8, .NETFramework,Version=v4.8.1' instead of the project target framework 'net8.0'. This package may not be fully compatible with your project.
C:\Users\ultra\warewolf\Dev\Dev2.Data.Interfaces\Dev2.Data.Interfaces.csproj : warning NU1701: Package 'TaskSchedulerEditor 2.10.1' was restored using '.NETFramework,Version=v4.6.1, .NETFramework,Version=v4.6.2, .NETFramework,Version=v4.7, .NETFramework,Version=v4.7.1, .NETFramework,Version=v4.7.2, .NETFramework,Version=v4.8, .NETFramework,Version=v4.8.1' instead of the project target framework 'net8.0'. This package may not be fully compatible with your project.
C:\Users\ultra\warewolf\Dev\Warewolf.Testing\Warewolf.Testing.csproj : warning NU1701: Package 'AeroWizard 2.3.1' was restored using '.NETFramework,Version=v4.6.1, .NETFramework,Version=v4.6.2, .NETFramework,Version=v4.7, .NETFramework,Version=v4.7.1, .NETFramework,Version=v4.7.2, .NETFramework,Version=v4.8, .NETFramework,Version=v4.8.1' instead of the project target framework 'net8.0'. This package may not be fully compatible with your project.
C:\Users\ultra\warewolf\Dev\Warewolf.Testing\Warewolf.Testing.csproj : warning NU1701: Package 'GroupControls 1.9.0' was restored using '.NETFramework,Version=v4.6.1, .NETFramework,Version=v4.6.2, .NETFramework,Version=v4.7, .NETFramework,Version=v4.7.1, .NETFramework,Version=v4.7.2, .NETFramework,Version=v4.8, .NETFramework,Version=v4.8.1' instead of the project target framework 'net8.0'. This package may not be fully compatible with your project.
C:\Users\ultra\warewolf\Dev\Warewolf.Testing\Warewolf.Testing.csproj : warning NU1701: Package 'Microsoft.Xaml.Behaviors.Wpf 1.1.122' was restored using '.NETFramework,Version=v4.6.1, .NETFramework,Version=v4.6.2, .NETFramework,Version=v4.7, .NETFramework,Version=v4.7.1, .NETFramework,Version=v4.7.2, .NETFramework,Version=v4.8, .NETFramework,Version=v4.8.1' instead of the project target framework 'net8.0'. This package may not be fully compatible with your project.
C:\Users\ultra\warewolf\Dev\Warewolf.Testing\Warewolf.Testing.csproj : warning NU1701: Package 'Prism.Wpf 9.0.537' was restored using '.NETFramework,Version=v4.6.1, .NETFramework,Version=v4.6.2, .NETFramework,Version=v4.7, .NETFramework,Version=v4.7.1, .NETFramework,Version=v4.7.2, .NETFramework,Version=v4.8, .NETFramework,Version=v4.8.1' instead of the project target framework 'net8.0'. This package may not be fully compatible with your project.
C:\Users\ultra\warewolf\Dev\Warewolf.Testing\Warewolf.Testing.csproj : warning NU1701: Package 'ReactiveUI.WPF 18.4.1' was restored using '.NETFramework,Version=v4.6.1, .NETFramework,Version=v4.6.2, .NETFramework,Version=v4.7, .NETFramework,Version=v4.7.1, .NETFramework,Version=v4.7.2, .NETFramework,Version=v4.8, .NETFramework,Version=v4.8.1' instead of the project target framework 'net8.0'. This package may not be fully compatible with your project.
C:\Users\ultra\warewolf\Dev\Warewolf.Testing\Warewolf.Testing.csproj : warning NU1701: Package 'TaskSchedulerEditor 2.10.1' was restored using '.NETFramework,Version=v4.6.1, .NETFramework,Version=v4.6.2, .NETFramework,Version=v4.7, .NETFramework,Version=v4.7.1, .NETFramework,Version=v4.7.2, .NETFramework,Version=v4.8, .NETFramework,Version=v4.8.1' instead of the project target framework 'net8.0'. This package may not be fully compatible with your project.
C:\Users\ultra\warewolf\Dev\Warewolf.Common.Framework48\Warewolf.Common.Framework48.csproj : warning NU1902: Package 'System.IdentityModel.Tokens.Jwt' 5.1.0 has a known moderate severity vulnerability, https://github.com/advisories/GHSA-59j7-ghrg-fj52
C:\Users\ultra\warewolf\Dev\Warewolf.Common.Framework48\Warewolf.Common.Framework48.csproj : warning NU1701: Package 'AeroWizard 2.3.1' was restored using '.NETFramework,Version=v4.6.1, .NETFramework,Version=v4.6.2, .NETFramework,Version=v4.7, .NETFramework,Version=v4.7.1, .NETFramework,Version=v4.7.2, .NETFramework,Version=v4.8, .NETFramework,Version=v4.8.1' instead of the project target framework 'net8.0'. This package may not be fully compatible with your project.
C:\Users\ultra\warewolf\Dev\Warewolf.Common.Framework48\Warewolf.Common.Framework48.csproj : warning NU1701: Package 'GroupControls 1.9.0' was restored using '.NETFramework,Version=v4.6.1, .NETFramework,Version=v4.6.2, .NETFramework,Version=v4.7, .NETFramework,Version=v4.7.1, .NETFramework,Version=v4.7.2, .NETFramework,Version=v4.8, .NETFramework,Version=v4.8.1' instead of the project target framework 'net8.0'. This package may not be fully compatible with your project.
C:\Users\ultra\warewolf\Dev\Warewolf.Common.Framework48\Warewolf.Common.Framework48.csproj : warning NU1701: Package 'Microsoft.Xaml.Behaviors.Wpf 1.1.122' was restored using '.NETFramework,Version=v4.6.1, .NETFramework,Version=v4.6.2, .NETFramework,Version=v4.7, .NETFramework,Version=v4.7.1, .NETFramework,Version=v4.7.2, .NETFramework,Version=v4.8, .NETFramework,Version=v4.8.1' instead of the project target framework 'net8.0'. This package may not be fully compatible with your project.
C:\Users\ultra\warewolf\Dev\Warewolf.Common.Framework48\Warewolf.Common.Framework48.csproj : warning NU1701: Package 'Prism.Wpf 9.0.537' was restored using '.NETFramework,Version=v4.6.1, .NETFramework,Version=v4.6.2, .NETFramework,Version=v4.7, .NETFramework,Version=v4.7.1, .NETFramework,Version=v4.7.2, .NETFramework,Version=v4.8, .NETFramework,Version=v4.8.1' instead of the project target framework 'net8.0'. This package may not be fully compatible with your project.
C:\Users\ultra\warewolf\Dev\Warewolf.Common.Framework48\Warewolf.Common.Framework48.csproj : warning NU1701: Package 'ReactiveUI.WPF 18.4.1' was restored using '.NETFramework,Version=v4.6.1, .NETFramework,Version=v4.6.2, .NETFramework,Version=v4.7, .NETFramework,Version=v4.7.1, .NETFramework,Version=v4.7.2, .NETFramework,Version=v4.8, .NETFramework,Version=v4.8.1' instead of the project target framework 'net8.0'. This package may not be fully compatible with your project.
C:\Users\ultra\warewolf\Dev\Warewolf.Common.Framework48\Warewolf.Common.Framework48.csproj : warning NU1701: Package 'TaskSchedulerEditor 2.10.1' was restored using '.NETFramework,Version=v4.6.1, .NETFramework,Version=v4.6.2, .NETFramework,Version=v4.7, .NETFramework,Version=v4.7.1, .NETFramework,Version=v4.7.2, .NETFramework,Version=v4.8, .NETFramework,Version=v4.8.1' instead of the project target framework 'net8.0'. This package may not be fully compatible with your project.
C:\Users\ultra\warewolf\Dev\Warewolf.Trigger.Queue\Warewolf.Trigger.Queue.csproj : warning NU1701: Package 'AeroWizard 2.3.1' was restored using '.NETFramework,Version=v4.6.1, .NETFramework,Version=v4.6.2, .NETFramework,Version=v4.7, .NETFramework,Version=v4.7.1, .NETFramework,Version=v4.7.2, .NETFramework,Version=v4.8, .NETFramework,Version=v4.8.1' instead of the project target framework 'net8.0'. This package may not be fully compatible with your project.
C:\Users\ultra\warewolf\Dev\Warewolf.Trigger.Queue\Warewolf.Trigger.Queue.csproj : warning NU1701: Package 'GroupControls 1.9.0' was restored using '.NETFramework,Version=v4.6.1, .NETFramework,Version=v4.6.2, .NETFramework,Version=v4.7, .NETFramework,Version=v4.7.1, .NETFramework,Version=v4.7.2, .NETFramework,Version=v4.8, .NETFramework,Version=v4.8.1' instead of the project target framework 'net8.0'. This package may not be fully compatible with your project.
C:\Users\ultra\warewolf\Dev\Warewolf.Trigger.Queue\Warewolf.Trigger.Queue.csproj : warning NU1701: Package 'Microsoft.Xaml.Behaviors.Wpf 1.1.122' was restored using '.NETFramework,Version=v4.6.1, .NETFramework,Version=v4.6.2, .NETFramework,Version=v4.7, .NETFramework,Version=v4.7.1, .NETFramework,Version=v4.7.2, .NETFramework,Version=v4.8, .NETFramework,Version=v4.8.1' instead of the project target framework 'net8.0'. This package may not be fully compatible with your project.
C:\Users\ultra\warewolf\Dev\Warewolf.Trigger.Queue\Warewolf.Trigger.Queue.csproj : warning NU1701: Package 'Prism.Wpf 9.0.537' was restored using '.NETFramework,Version=v4.6.1, .NETFramework,Version=v4.6.2, .NETFramework,Version=v4.7, .NETFramework,Version=v4.7.1, .NETFramework,Version=v4.7.2, .NETFramework,Version=v4.8, .NETFramework,Version=v4.8.1' instead of the project target framework 'net8.0'. This package may not be fully compatible with your project.
C:\Users\ultra\warewolf\Dev\Warewolf.Trigger.Queue\Warewolf.Trigger.Queue.csproj : warning NU1701: Package 'ReactiveUI.WPF 18.4.1' was restored using '.NETFramework,Version=v4.6.1, .NETFramework,Version=v4.6.2, .NETFramework,Version=v4.7, .NETFramework,Version=v4.7.1, .NETFramework,Version=v4.7.2, .NETFramework,Version=v4.8, .NETFramework,Version=v4.8.1' instead of the project target framework 'net8.0'. This package may not be fully compatible with your project.
C:\Users\ultra\warewolf\Dev\Warewolf.Trigger.Queue\Warewolf.Trigger.Queue.csproj : warning NU1701: Package 'TaskSchedulerEditor 2.10.1' was restored using '.NETFramework,Version=v4.6.1, .NETFramework,Version=v4.6.2, .NETFramework,Version=v4.7, .NETFramework,Version=v4.7.1, .NETFramework,Version=v4.7.2, .NETFramework,Version=v4.8, .NETFramework,Version=v4.8.1' instead of the project target framework 'net8.0'. This package may not be fully compatible with your project.
C:\Users\ultra\warewolf\Dev\Warewolf.Security\Encryption\AESThenHMAC.cs(168,34): warning SYSLIB0021: 'AesManaged' is obsolete: 'Derived cryptographic types are obsolete. Use the Create method on the base type instead.' (https://aka.ms/dotnet-warnings/SYSLIB0021) [C:\Users\ultra\warewolf\Dev\Warewolf.Security\Warewolf.Security.csproj]
C:\Users\ultra\warewolf\Dev\Warewolf.Security\Encryption\AESThenHMAC.cs(264,38): warning SYSLIB0021: 'AesManaged' is obsolete: 'Derived cryptographic types are obsolete. Use the Create method on the base type instead.' (https://aka.ms/dotnet-warnings/SYSLIB0021) [C:\Users\ultra\warewolf\Dev\Warewolf.Security\Warewolf.Security.csproj]
C:\Users\ultra\warewolf\Dev\Warewolf.Security\Encryption\AESThenHMAC.cs(331,36): warning SYSLIB0041: 'Rfc2898DeriveBytes.Rfc2898DeriveBytes(string, int, int)' is obsolete: 'The default hash algorithm and iteration counts in Rfc2898DeriveBytes constructors are outdated and insecure. Use a constructor that accepts the hash algorithm and the number of iterations.' (https://aka.ms/dotnet-warnings/SYSLIB0041) [C:\Users\ultra\warewolf\Dev\Warewolf.Security\Warewolf.Security.csproj]
C:\Users\ultra\warewolf\Dev\Warewolf.Security\Encryption\AESThenHMAC.cs(345,36): warning SYSLIB0041: 'Rfc2898DeriveBytes.Rfc2898DeriveBytes(string, int, int)' is obsolete: 'The default hash algorithm and iteration counts in Rfc2898DeriveBytes constructors are outdated and insecure. Use a constructor that accepts the hash algorithm and the number of iterations.' (https://aka.ms/dotnet-warnings/SYSLIB0041) [C:\Users\ultra\warewolf\Dev\Warewolf.Security\Warewolf.Security.csproj]
C:\Users\ultra\warewolf\Dev\Warewolf.Security\Encryption\AESThenHMAC.cs(393,36): warning SYSLIB0041: 'Rfc2898DeriveBytes.Rfc2898DeriveBytes(string, byte[], int)' is obsolete: 'The default hash algorithm and iteration counts in Rfc2898DeriveBytes constructors are outdated and insecure. Use a constructor that accepts the hash algorithm and the number of iterations.' (https://aka.ms/dotnet-warnings/SYSLIB0041) [C:\Users\ultra\warewolf\Dev\Warewolf.Security\Warewolf.Security.csproj]
C:\Users\ultra\warewolf\Dev\Warewolf.Security\Encryption\AESThenHMAC.cs(398,36): warning SYSLIB0041: 'Rfc2898DeriveBytes.Rfc2898DeriveBytes(string, byte[], int)' is obsolete: 'The default hash algorithm and iteration counts in Rfc2898DeriveBytes constructors are outdated and insecure. Use a constructor that accepts the hash algorithm and the number of iterations.' (https://aka.ms/dotnet-warnings/SYSLIB0041) [C:\Users\ultra\warewolf\Dev\Warewolf.Security\Warewolf.Security.csproj]
C:\Users\ultra\warewolf\Dev\Warewolf.Interfaces\Data\ChatbotSettingsData.cs(20,23): warning CS0169: The field 'ChatbotSettingsData._encryptDataSource' is never used [C:\Users\ultra\warewolf\Dev\Warewolf.Interfaces\Warewolf.Interfaces.csproj]
C:\Users\ultra\warewolf\Dev\Warewolf.Interfaces\Auditing\SerializableException.cs(15,7): warning CS0414: The field 'SerializableException.HResult' is assigned but its value is never used [C:\Users\ultra\warewolf\Dev\Warewolf.Interfaces\Warewolf.Interfaces.csproj]
  Warewolf.Security -> C:\Users\ultra\warewolf\Dev\Warewolf.Security\bin\Debug\net8.0\Warewolf.Security.dll
C:\Users\ultra\warewolf\Dev\Dev2.Studio.Core\Dev2.Studio.Core.csproj : warning NU1701: Package 'AeroWizard 2.3.1' was restored using '.NETFramework,Version=v4.6.1, .NETFramework,Version=v4.6.2, .NETFramework,Version=v4.7, .NETFramework,Version=v4.7.1, .NETFramework,Version=v4.7.2, .NETFramework,Version=v4.8, .NETFramework,Version=v4.8.1' instead of the project target framework 'net8.0'. This package may not be fully compatible with your project.
C:\Users\ultra\warewolf\Dev\Dev2.Studio.Core\Dev2.Studio.Core.csproj : warning NU1701: Package 'GroupControls 1.9.0' was restored using '.NETFramework,Version=v4.6.1, .NETFramework,Version=v4.6.2, .NETFramework,Version=v4.7, .NETFramework,Version=v4.7.1, .NETFramework,Version=v4.7.2, .NETFramework,Version=v4.8, .NETFramework,Version=v4.8.1' instead of the project target framework 'net8.0'. This package may not be fully compatible with your project.
C:\Users\ultra\warewolf\Dev\Dev2.Studio.Core\Dev2.Studio.Core.csproj : warning NU1701: Package 'Microsoft.Xaml.Behaviors.Wpf 1.1.122' was restored using '.NETFramework,Version=v4.6.1, .NETFramework,Version=v4.6.2, .NETFramework,Version=v4.7, .NETFramework,Version=v4.7.1, .NETFramework,Version=v4.7.2, .NETFramework,Version=v4.8, .NETFramework,Version=v4.8.1' instead of the project target framework 'net8.0'. This package may not be fully compatible with your project.
  Warewolf.Interfaces -> C:\Users\ultra\warewolf\Dev\Warewolf.Interfaces\bin\Debug\net8.0\Warewolf.Interfaces.dll
C:\Users\ultra\warewolf\Dev\Dev2.Studio.Core\Dev2.Studio.Core.csproj : warning NU1701: Package 'Prism.Wpf 9.0.537' was restored using '.NETFramework,Version=v4.6.1, .NETFramework,Version=v4.6.2, .NETFramework,Version=v4.7, .NETFramework,Version=v4.7.1, .NETFramework,Version=v4.7.2, .NETFramework,Version=v4.8, .NETFramework,Version=v4.8.1' instead of the project target framework 'net8.0'. This package may not be fully compatible with your project.
C:\Users\ultra\warewolf\Dev\Dev2.Studio.Core\Dev2.Studio.Core.csproj : warning NU1701: Package 'ReactiveUI.WPF 18.4.1' was restored using '.NETFramework,Version=v4.6.1, .NETFramework,Version=v4.6.2, .NETFramework,Version=v4.7, .NETFramework,Version=v4.7.1, .NETFramework,Version=v4.7.2, .NETFramework,Version=v4.8, .NETFramework,Version=v4.8.1' instead of the project target framework 'net8.0'. This package may not be fully compatible with your project.
C:\Users\ultra\warewolf\Dev\Dev2.Studio.Core\Dev2.Studio.Core.csproj : warning NU1701: Package 'TaskSchedulerEditor 2.10.1' was restored using '.NETFramework,Version=v4.6.1, .NETFramework,Version=v4.6.2, .NETFramework,Version=v4.7, .NETFramework,Version=v4.7.1, .NETFramework,Version=v4.7.2, .NETFramework,Version=v4.8, .NETFramework,Version=v4.8.1' instead of the project target framework 'net8.0'. This package may not be fully compatible with your project.
C:\Users\ultra\warewolf\Dev\Dev2.Infrastructure\Dev2.Infrastructure.csproj : warning NU1903: Package 'Microsoft.Windows.Compatibility' 6.0.0 has a known high severity vulnerability, https://github.com/advisories/GHSA-555c-2p6r-68mm
C:\Users\ultra\warewolf\Dev\Dev2.Infrastructure\Dev2.Infrastructure.csproj : warning NU1701: Package 'AeroWizard 2.3.1' was restored using '.NETFramework,Version=v4.6.1, .NETFramework,Version=v4.6.2, .NETFramework,Version=v4.7, .NETFramework,Version=v4.7.1, .NETFramework,Version=v4.7.2, .NETFramework,Version=v4.8, .NETFramework,Version=v4.8.1' instead of the project target framework 'net8.0'. This package may not be fully compatible with your project.
C:\Users\ultra\warewolf\Dev\Dev2.Infrastructure\Dev2.Infrastructure.csproj : warning NU1701: Package 'GroupControls 1.9.0' was restored using '.NETFramework,Version=v4.6.1, .NETFramework,Version=v4.6.2, .NETFramework,Version=v4.7, .NETFramework,Version=v4.7.1, .NETFramework,Version=v4.7.2, .NETFramework,Version=v4.8, .NETFramework,Version=v4.8.1' instead of the project target framework 'net8.0'. This package may not be fully compatible with your project.
C:\Users\ultra\warewolf\Dev\Dev2.Infrastructure\Dev2.Infrastructure.csproj : warning NU1701: Package 'ReactiveUI.WPF 18.4.1' was restored using '.NETFramework,Version=v4.6.1, .NETFramework,Version=v4.6.2, .NETFramework,Version=v4.7, .NETFramework,Version=v4.7.1, .NETFramework,Version=v4.7.2, .NETFramework,Version=v4.8, .NETFramework,Version=v4.8.1' instead of the project target framework 'net8.0'. This package may not be fully compatible with your project.
C:\Users\ultra\warewolf\Dev\Dev2.Infrastructure\Dev2.Infrastructure.csproj : warning NU1701: Package 'TaskSchedulerEditor 2.10.1' was restored using '.NETFramework,Version=v4.6.1, .NETFramework,Version=v4.6.2, .NETFramework,Version=v4.7, .NETFramework,Version=v4.7.1, .NETFramework,Version=v4.7.2, .NETFramework,Version=v4.8, .NETFramework,Version=v4.8.1' instead of the project target framework 'net8.0'. This package may not be fully compatible with your project.
C:\Users\ultra\warewolf\Dev\Dev2.Data\Dev2.Data.csproj : warning NU1701: Package 'AeroWizard 2.3.1' was restored using '.NETFramework,Version=v4.6.1, .NETFramework,Version=v4.6.2, .NETFramework,Version=v4.7, .NETFramework,Version=v4.7.1, .NETFramework,Version=v4.7.2, .NETFramework,Version=v4.8, .NETFramework,Version=v4.8.1' instead of the project target framework 'net8.0'. This package may not be fully compatible with your project.
C:\Users\ultra\warewolf\Dev\Dev2.Data\Dev2.Data.csproj : warning NU1701: Package 'GroupControls 1.9.0' was restored using '.NETFramework,Version=v4.6.1, .NETFramework,Version=v4.6.2, .NETFramework,Version=v4.7, .NETFramework,Version=v4.7.1, .NETFramework,Version=v4.7.2, .NETFramework,Version=v4.8, .NETFramework,Version=v4.8.1' instead of the project target framework 'net8.0'. This package may not be fully compatible with your project.
C:\Users\ultra\warewolf\Dev\Dev2.Data\Dev2.Data.csproj : warning NU1701: Package 'ReactiveUI.WPF 18.4.1' was restored using '.NETFramework,Version=v4.6.1, .NETFramework,Version=v4.6.2, .NETFramework,Version=v4.7, .NETFramework,Version=v4.7.1, .NETFramework,Version=v4.7.2, .NETFramework,Version=v4.8, .NETFramework,Version=v4.8.1' instead of the project target framework 'net8.0'. This package may not be fully compatible with your project.
C:\Users\ultra\warewolf\Dev\Dev2.Data\Dev2.Data.csproj : warning NU1701: Package 'TaskSchedulerEditor 2.10.1' was restored using '.NETFramework,Version=v4.6.1, .NETFramework,Version=v4.6.2, .NETFramework,Version=v4.7, .NETFramework,Version=v4.7.1, .NETFramework,Version=v4.7.2, .NETFramework,Version=v4.8, .NETFramework,Version=v4.8.1' instead of the project target framework 'net8.0'. This package may not be fully compatible with your project.
C:\Users\ultra\warewolf\Dev\Warewolf.AI.Harness\Warewolf.AI.Harness.csproj : warning NU1701: Package 'AeroWizard 2.3.1' was restored using '.NETFramework,Version=v4.6.1, .NETFramework,Version=v4.6.2, .NETFramework,Version=v4.7, .NETFramework,Version=v4.7.1, .NETFramework,Version=v4.7.2, .NETFramework,Version=v4.8, .NETFramework,Version=v4.8.1' instead of the project target framework 'net8.0'. This package may not be fully compatible with your project.
C:\Users\ultra\warewolf\Dev\Warewolf.AI.Harness\Warewolf.AI.Harness.csproj : warning NU1701: Package 'GroupControls 1.9.0' was restored using '.NETFramework,Version=v4.6.1, .NETFramework,Version=v4.6.2, .NETFramework,Version=v4.7, .NETFramework,Version=v4.7.1, .NETFramework,Version=v4.7.2, .NETFramework,Version=v4.8, .NETFramework,Version=v4.8.1' instead of the project target framework 'net8.0'. This package may not be fully compatible with your project.
C:\Users\ultra\warewolf\Dev\Warewolf.AI.Harness\Warewolf.AI.Harness.csproj : warning NU1701: Package 'TaskSchedulerEditor 2.10.1' was restored using '.NETFramework,Version=v4.6.1, .NETFramework,Version=v4.6.2, .NETFramework,Version=v4.7, .NETFramework,Version=v4.7.1, .NETFramework,Version=v4.7.2, .NETFramework,Version=v4.8, .NETFramework,Version=v4.8.1' instead of the project target framework 'net8.0'. This package may not be fully compatible with your project.
  Warewolf.Resource -> C:\Users\ultra\warewolf\Dev\Warewolf.Resource\bin\Debug\net8.0\Warewolf.Resource.dll
  Dev2.Net6.Compatibility -> C:\Users\ultra\warewolf\Dev\Dev2.Net6.Compatibility\bin\Debug\net8.0\Dev2.Net6.Compatibility.dll
C:\Users\ultra\warewolf\Dev\Warewolf.Common.NetStandard20\Warewolf.Common.NetStandard20.csproj : warning NU1701: Package 'AeroWizard 2.3.1' was restored using '.NETFramework,Version=v4.6.1, .NETFramework,Version=v4.6.2, .NETFramework,Version=v4.7, .NETFramework,Version=v4.7.1, .NETFramework,Version=v4.7.2, .NETFramework,Version=v4.8, .NETFramework,Version=v4.8.1' instead of the project target framework 'net8.0'. This package may not be fully compatible with your project.
C:\Users\ultra\warewolf\Dev\Warewolf.Common.NetStandard20\Warewolf.Common.NetStandard20.csproj : warning NU1701: Package 'GroupControls 1.9.0' was restored using '.NETFramework,Version=v4.6.1, .NETFramework,Version=v4.6.2, .NETFramework,Version=v4.7, .NETFramework,Version=v4.7.1, .NETFramework,Version=v4.7.2, .NETFramework,Version=v4.8, .NETFramework,Version=v4.8.1' instead of the project target framework 'net8.0'. This package may not be fully compatible with your project.
C:\Users\ultra\warewolf\Dev\Warewolf.Common.NetStandard20\Warewolf.Common.NetStandard20.csproj : warning NU1701: Package 'ReactiveUI.WPF 18.4.1' was restored using '.NETFramework,Version=v4.6.1, .NETFramework,Version=v4.6.2, .NETFramework,Version=v4.7, .NETFramework,Version=v4.7.1, .NETFramework,Version=v4.7.2, .NETFramework,Version=v4.8, .NETFramework,Version=v4.8.1' instead of the project target framework 'net8.0'. This package may not be fully compatible with your project.
C:\Users\ultra\warewolf\Dev\Warewolf.Common.NetStandard20\Warewolf.Common.NetStandard20.csproj : warning NU1701: Package 'TaskSchedulerEditor 2.10.1' was restored using '.NETFramework,Version=v4.6.1, .NETFramework,Version=v4.6.2, .NETFramework,Version=v4.7, .NETFramework,Version=v4.7.1, .NETFramework,Version=v4.7.2, .NETFramework,Version=v4.8, .NETFramework,Version=v4.8.1' instead of the project target framework 'net8.0'. This package may not be fully compatible with your project.
  Warewolf.ServiceDefinitions -> C:\Users\ultra\warewolf\Dev\Warewolf.ServiceDefinitions\bin\Debug\net8.0\Warewolf.ServiceDefinitions.dll
  Warewolf.Studio.Resources -> C:\Users\ultra\warewolf\Dev\Warewolf.Studio.Resources\bin\Debug\net8.0\Warewolf.Studio.Resources.dll
C:\Users\ultra\warewolf\Dev\Warewolf.Core\Warewolf.Core.csproj : warning NU1903: Package 'Microsoft.Windows.Compatibility' 6.0.0 has a known high severity vulnerability, https://github.com/advisories/GHSA-555c-2p6r-68mm
C:\Users\ultra\warewolf\Dev\Warewolf.Core\Warewolf.Core.csproj : warning NU1701: Package 'AeroWizard 2.3.1' was restored using '.NETFramework,Version=v4.6.1, .NETFramework,Version=v4.6.2, .NETFramework,Version=v4.7, .NETFramework,Version=v4.7.1, .NETFramework,Version=v4.7.2, .NETFramework,Version=v4.8, .NETFramework,Version=v4.8.1' instead of the project target framework 'net8.0'. This package may not be fully compatible with your project.
C:\Users\ultra\warewolf\Dev\Warewolf.Core\Warewolf.Core.csproj : warning NU1701: Package 'GroupControls 1.9.0' was restored using '.NETFramework,Version=v4.6.1, .NETFramework,Version=v4.6.2, .NETFramework,Version=v4.7, .NETFramework,Version=v4.7.1, .NETFramework,Version=v4.7.2, .NETFramework,Version=v4.8, .NETFramework,Version=v4.8.1' instead of the project target framework 'net8.0'. This package may not be fully compatible with your project.
C:\Users\ultra\warewolf\Dev\Warewolf.Core\Warewolf.Core.csproj : warning NU1701: Package 'ReactiveUI.WPF 18.4.1' was restored using '.NETFramework,Version=v4.6.1, .NETFramework,Version=v4.6.2, .NETFramework,Version=v4.7, .NETFramework,Version=v4.7.1, .NETFramework,Version=v4.7.2, .NETFramework,Version=v4.8, .NETFramework,Version=v4.8.1' instead of the project target framework 'net8.0'. This package may not be fully compatible with your project.
C:\Users\ultra\warewolf\Dev\Warewolf.Core\Warewolf.Core.csproj : warning NU1701: Package 'TaskSchedulerEditor 2.10.1' was restored using '.NETFramework,Version=v4.6.1, .NETFramework,Version=v4.6.2, .NETFramework,Version=v4.7, .NETFramework,Version=v4.7.1, .NETFramework,Version=v4.7.2, .NETFramework,Version=v4.8, .NETFramework,Version=v4.8.1' instead of the project target framework 'net8.0'. This package may not be fully compatible with your project.
C:\Users\ultra\warewolf\Dev\Dev2.Services.Sql\Dev2.Services.Sql.csproj : warning NU1903: Package 'Oracle.ManagedDataAccess.Core' 3.21.70 has a known high severity vulnerability, https://github.com/advisories/GHSA-5pm2-9mr2-3frq
C:\Users\ultra\warewolf\Dev\Dev2.Services.Sql\Dev2.Services.Sql.csproj : warning NU1701: Package 'AeroWizard 2.3.1' was restored using '.NETFramework,Version=v4.6.1, .NETFramework,Version=v4.6.2, .NETFramework,Version=v4.7, .NETFramework,Version=v4.7.1, .NETFramework,Version=v4.7.2, .NETFramework,Version=v4.8, .NETFramework,Version=v4.8.1' instead of the project target framework 'net8.0'. This package may not be fully compatible with your project.
C:\Users\ultra\warewolf\Dev\Dev2.Services.Sql\Dev2.Services.Sql.csproj : warning NU1701: Package 'GroupControls 1.9.0' was restored using '.NETFramework,Version=v4.6.1, .NETFramework,Version=v4.6.2, .NETFramework,Version=v4.7, .NETFramework,Version=v4.7.1, .NETFramework,Version=v4.7.2, .NETFramework,Version=v4.8, .NETFramework,Version=v4.8.1' instead of the project target framework 'net8.0'. This package may not be fully compatible with your project.
C:\Users\ultra\warewolf\Dev\Dev2.Services.Sql\Dev2.Services.Sql.csproj : warning NU1701: Package 'ReactiveUI.WPF 18.4.1' was restored using '.NETFramework,Version=v4.6.1, .NETFramework,Version=v4.6.2, .NETFramework,Version=v4.7, .NETFramework,Version=v4.7.1, .NETFramework,Version=v4.7.2, .NETFramework,Version=v4.8, .NETFramework,Version=v4.8.1' instead of the project target framework 'net8.0'. This package may not be fully compatible with your project.
C:\Users\ultra\warewolf\Dev\Dev2.Services.Sql\Dev2.Services.Sql.csproj : warning NU1701: Package 'TaskSchedulerEditor 2.10.1' was restored using '.NETFramework,Version=v4.6.1, .NETFramework,Version=v4.6.2, .NETFramework,Version=v4.7, .NETFramework,Version=v4.7.1, .NETFramework,Version=v4.7.2, .NETFramework,Version=v4.8, .NETFramework,Version=v4.8.1' instead of the project target framework 'net8.0'. This package may not be fully compatible with your project.
  Dev2.SignalR.Wrappers.Interfaces -> C:\Users\ultra\warewolf\Dev\Dev2.SignalR.Wrappers\bin\Debug\net8.0\Dev2.SignalR.Wrappers.dll
C:\Users\ultra\warewolf\Dev\Warewolf.Licensing\Warewolf.Licensing.csproj : warning NU1701: Package 'AeroWizard 2.3.1' was restored using '.NETFramework,Version=v4.6.1, .NETFramework,Version=v4.6.2, .NETFramework,Version=v4.7, .NETFramework,Version=v4.7.1, .NETFramework,Version=v4.7.2, .NETFramework,Version=v4.8, .NETFramework,Version=v4.8.1' instead of the project target framework 'net8.0'. This package may not be fully compatible with your project.
C:\Users\ultra\warewolf\Dev\Warewolf.Licensing\Warewolf.Licensing.csproj : warning NU1701: Package 'GroupControls 1.9.0' was restored using '.NETFramework,Version=v4.6.1, .NETFramework,Version=v4.6.2, .NETFramework,Version=v4.7, .NETFramework,Version=v4.7.1, .NETFramework,Version=v4.7.2, .NETFramework,Version=v4.8, .NETFramework,Version=v4.8.1' instead of the project target framework 'net8.0'. This package may not be fully compatible with your project.
C:\Users\ultra\warewolf\Dev\Warewolf.Licensing\Warewolf.Licensing.csproj : warning NU1701: Package 'TaskSchedulerEditor 2.10.1' was restored using '.NETFramework,Version=v4.6.1, .NETFramework,Version=v4.6.2, .NETFramework,Version=v4.7, .NETFramework,Version=v4.7.1, .NETFramework,Version=v4.7.2, .NETFramework,Version=v4.8, .NETFramework,Version=v4.8.1' instead of the project target framework 'net8.0'. This package may not be fully compatible with your project.
  Warewolf.Common.Interfaces.NetStandard20 -> C:\Users\ultra\warewolf\Dev\Warewolf.Common.Interfaces.NetStandard20\bin\Debug\net8.0\Warewolf.Common.Interfaces.NetStandard20.dll
  Consider app.config remapping of assembly "System.Runtime.CompilerServices.Unsafe, Culture=neutral, PublicKeyToken=b03f5f7f11d50a3a" from Version "6.0.0.0" [] to Version "8.0.0.0" [C:\Program Files\dotnet\packs\Microsoft.NETCore.App.Ref\8.0.25\ref\net8.0\System.Runtime.CompilerServices.Unsafe.dll] to solve conflict and get rid of warning.
  Warewolf.Driver.Redis -> C:\Users\ultra\warewolf\Dev\Warewolf.Driver.Redis\bin\Debug\net8.0\Warewolf.Driver.Redis.dll
C:\Users\ultra\warewolf\Dev\Warewolf.Sharepoint\Warewolf.Sharepoint.csproj : warning NU1701: Package 'AeroWizard 2.3.1' was restored using '.NETFramework,Version=v4.6.1, .NETFramework,Version=v4.6.2, .NETFramework,Version=v4.7, .NETFramework,Version=v4.7.1, .NETFramework,Version=v4.7.2, .NETFramework,Version=v4.8, .NETFramework,Version=v4.8.1' instead of the project target framework 'net8.0'. This package may not be fully compatible with your project.
C:\Users\ultra\warewolf\Dev\Warewolf.Sharepoint\Warewolf.Sharepoint.csproj : warning NU1701: Package 'GroupControls 1.9.0' was restored using '.NETFramework,Version=v4.6.1, .NETFramework,Version=v4.6.2, .NETFramework,Version=v4.7, .NETFramework,Version=v4.7.1, .NETFramework,Version=v4.7.2, .NETFramework,Version=v4.8, .NETFramework,Version=v4.8.1' instead of the project target framework 'net8.0'. This package may not be fully compatible with your project.
C:\Users\ultra\warewolf\Dev\Warewolf.Sharepoint\Warewolf.Sharepoint.csproj : warning NU1701: Package 'ReactiveUI.WPF 18.4.1' was restored using '.NETFramework,Version=v4.6.1, .NETFramework,Version=v4.6.2, .NETFramework,Version=v4.7, .NETFramework,Version=v4.7.1, .NETFramework,Version=v4.7.2, .NETFramework,Version=v4.8, .NETFramework,Version=v4.8.1' instead of the project target framework 'net8.0'. This package may not be fully compatible with your project.
C:\Users\ultra\warewolf\Dev\Warewolf.Sharepoint\Warewolf.Sharepoint.csproj : warning NU1701: Package 'TaskSchedulerEditor 2.10.1' was restored using '.NETFramework,Version=v4.6.1, .NETFramework,Version=v4.6.2, .NETFramework,Version=v4.7, .NETFramework,Version=v4.7.1, .NETFramework,Version=v4.7.2, .NETFramework,Version=v4.8, .NETFramework,Version=v4.8.1' instead of the project target framework 'net8.0'. This package may not be fully compatible with your project.
  Warewolf.Driver.RabbitMQ -> C:\Users\ultra\warewolf\Dev\Warewolf.Driver.RabbitMQ\bin\Debug\net8.0\Warewolf.Driver.RabbitMQ.dll
  Warewolf.Parser.Interop -> C:\Users\ultra\warewolf\Dev\Warewolf.Parser.Interop\bin\Debug\net8.0\WarewolfParserInterop.dll
C:\Users\ultra\warewolf\Dev\Warewolf.Language.Parser\EvaluationFunctions.fs(277,15): warning FS3548: Pattern discard is not allowed for union case that takes no data. [C:\Users\ultra\warewolf\Dev\Warewolf.Language.Parser\Warewolf.Language.Parser.fsproj]
C:\Users\ultra\warewolf\Dev\Warewolf.Language.Parser\EvaluationFunctions.fs(305,15): warning FS3548: Pattern discard is not allowed for union case that takes no data. [C:\Users\ultra\warewolf\Dev\Warewolf.Language.Parser\Warewolf.Language.Parser.fsproj]
C:\Users\ultra\warewolf\Dev\Warewolf.Language.Parser\EvaluationFunctions.fs(748,21): warning FS3873: This construct is deprecated. Sequence expressions should be of the form 'seq { ... }' [C:\Users\ultra\warewolf\Dev\Warewolf.Language.Parser\Warewolf.Language.Parser.fsproj]
C:\Users\ultra\warewolf\Dev\Warewolf.Language.Parser\EvaluationFunctions.fs(751,28): warning FS3873: This construct is deprecated. Sequence expressions should be of the form 'seq { ... }' [C:\Users\ultra\warewolf\Dev\Warewolf.Language.Parser\Warewolf.Language.Parser.fsproj]
C:\Users\ultra\warewolf\Dev\Warewolf.Language.Parser\WarewolfDataEvaluationCommon.fs(593,21): warning FS3873: This construct is deprecated. Sequence expressions should be of the form 'seq { ... }' [C:\Users\ultra\warewolf\Dev\Warewolf.Language.Parser\Warewolf.Language.Parser.fsproj]
C:\Users\ultra\warewolf\Dev\Warewolf.Language.Parser\WarewolfDataEvaluationCommon.fs(596,28): warning FS3873: This construct is deprecated. Sequence expressions should be of the form 'seq { ... }' [C:\Users\ultra\warewolf\Dev\Warewolf.Language.Parser\Warewolf.Language.Parser.fsproj]
C:\Users\ultra\warewolf\Dev\Dev2.Common.Interfaces\Attribute\ReasonAttribute.cs(13,18): warning CC0023: Mark 'ReasonAttribute' as sealed. (https://code-cracker.github.io/diagnostics/CC0023.html) [C:\Users\ultra\warewolf\Dev\Dev2.Common.Interfaces\Dev2.Common.Interfaces.csproj]
C:\Users\ultra\warewolf\Dev\Dev2.Common.Interfaces\Wrappers\IDirectoryEntry.cs(190,35): warning CC0057: Parameter 'path' is not used. (https://code-cracker.github.io/diagnostics/CC0057.html) [C:\Users\ultra\warewolf\Dev\Dev2.Common.Interfaces\Dev2.Common.Interfaces.csproj]
C:\Users\ultra\warewolf\Dev\Dev2.Common.Interfaces\DllListing.cs(97,17): warning CC0105: Use 'var' instead of specifying the type name. (https://code-cracker.github.io/diagnostics/CC0105.html) [C:\Users\ultra\warewolf\Dev\Dev2.Common.Interfaces\Dev2.Common.Interfaces.csproj]
C:\Users\ultra\warewolf\Dev\Dev2.Common.Interfaces\DllListing.cs(98,17): warning CC0105: Use 'var' instead of specifying the type name. (https://code-cracker.github.io/diagnostics/CC0105.html) [C:\Users\ultra\warewolf\Dev\Dev2.Common.Interfaces\Dev2.Common.Interfaces.csproj]
C:\Users\ultra\warewolf\Dev\Dev2.Common.Interfaces\Runtime\Services\IStreamContentFactory.cs(48,21): warning CC0029: 'StreamContentWrapper' should call GC.SuppressFinalize inside the Dispose method. (https://code-cracker.github.io/diagnostics/CC0029.html) [C:\Users\ultra\warewolf\Dev\Dev2.Common.Interfaces\Dev2.Common.Interfaces.csproj]
  Dev2.Common.Interfaces -> C:\Users\ultra\warewolf\Dev\Dev2.Common.Interfaces\bin\Debug\net8.0\Dev2.Common.Interfaces.dll
C:\Users\ultra\warewolf\Dev\Warewolf.Data\NamedInt.cs(160,21): warning CA2200: Re-throwing caught exception changes stack information (https://learn.microsoft.com/dotnet/fundamentals/code-analysis/quality-rules/ca2200) [C:\Users\ultra\warewolf\Dev\Warewolf.Data\Warewolf.Data.csproj]
  Warewolf.Data -> C:\Users\ultra\warewolf\Dev\Warewolf.Data\bin\Debug\net8.0\Warewolf.Data.dll
  Warewolf.Language.Parser -> C:\Users\ultra\warewolf\Dev\Warewolf.Language.Parser\bin\Debug\net8.0\Warewolf.Language.Parser.dll
  Warewolf.Common -> C:\Users\ultra\warewolf\Dev\Warewolf.Common\bin\Debug\net8.0\Warewolf.Common.dll
  Warewolf.Storage.Interfaces -> C:\Users\ultra\warewolf\Dev\Warewolf.Storage.Interfaces\bin\Debug\net8.0\Warewolf.Storage.Interfaces.dll
  Dev2.Data.Interfaces -> C:\Users\ultra\warewolf\Dev\Dev2.Data.Interfaces\bin\Debug\net8.0\Dev2.Data.Interfaces.dll
C:\Users\ultra\warewolf\Dev\Dev2.Common\ExtMethods\StringExtension.cs(302,13): warning CC0004: Empty Catch Block. (https://code-cracker.github.io/diagnostics/CC0004.html) [C:\Users\ultra\warewolf\Dev\Dev2.Common\Dev2.Common.csproj]
  Dev2.Common -> C:\Users\ultra\warewolf\Dev\Dev2.Common\bin\Debug\net8.0\Dev2.Common.dll
C:\Program Files\dotnet\sdk\10.0.201\Microsoft.Common.CurrentVersion.targets(2451,5): warning MSB3277: Found conflicts between different versions of "WindowsBase" that could not be resolved. [C:\Users\ultra\warewolf\Dev\Dev2.Development.Languages\Dev2.Development.Languages.csproj]
C:\Program Files\dotnet\sdk\10.0.201\Microsoft.Common.CurrentVersion.targets(2451,5): warning MSB3277: There was a conflict between "WindowsBase, Version=4.0.0.0, Culture=neutral, PublicKeyToken=31bf3856ad364e35" and "WindowsBase, Version=6.0.2.0, Culture=neutral, PublicKeyToken=31bf3856ad364e35". [C:\Users\ultra\warewolf\Dev\Dev2.Development.Languages\Dev2.Development.Languages.csproj]
C:\Program Files\dotnet\sdk\10.0.201\Microsoft.Common.CurrentVersion.targets(2451,5): warning MSB3277:     "WindowsBase, Version=4.0.0.0, Culture=neutral, PublicKeyToken=31bf3856ad364e35" was chosen because it was primary and "WindowsBase, Version=6.0.2.0, Culture=neutral, PublicKeyToken=31bf3856ad364e35" was not. [C:\Users\ultra\warewolf\Dev\Dev2.Development.Languages\Dev2.Development.Languages.csproj]
C:\Program Files\dotnet\sdk\10.0.201\Microsoft.Common.CurrentVersion.targets(2451,5): warning MSB3277:     References which depend on "WindowsBase, Version=4.0.0.0, Culture=neutral, PublicKeyToken=31bf3856ad364e35" [C:\Program Files\dotnet\packs\Microsoft.NETCore.App.Ref\8.0.25\ref\net8.0\WindowsBase.dll]. [C:\Users\ultra\warewolf\Dev\Dev2.Development.Languages\Dev2.Development.Languages.csproj]
C:\Program Files\dotnet\sdk\10.0.201\Microsoft.Common.CurrentVersion.targets(2451,5): warning MSB3277:         C:\Program Files\dotnet\packs\Microsoft.NETCore.App.Ref\8.0.25\ref\net8.0\WindowsBase.dll [C:\Users\ultra\warewolf\Dev\Dev2.Development.Languages\Dev2.Development.Languages.csproj]
C:\Program Files\dotnet\sdk\10.0.201\Microsoft.Common.CurrentVersion.targets(2451,5): warning MSB3277:           Project file item includes which caused reference "C:\Program Files\dotnet\packs\Microsoft.NETCore.App.Ref\8.0.25\ref\net8.0\WindowsBase.dll". [C:\Users\ultra\warewolf\Dev\Dev2.Development.Languages\Dev2.Development.Languages.csproj]
C:\Program Files\dotnet\sdk\10.0.201\Microsoft.Common.CurrentVersion.targets(2451,5): warning MSB3277:             C:\Program Files\dotnet\packs\Microsoft.NETCore.App.Ref\8.0.25\ref/net8.0/WindowsBase.dll [C:\Users\ultra\warewolf\Dev\Dev2.Development.Languages\Dev2.Development.Languages.csproj]
C:\Program Files\dotnet\sdk\10.0.201\Microsoft.Common.CurrentVersion.targets(2451,5): warning MSB3277:     References which depend on or have been unified to "WindowsBase, Version=6.0.2.0, Culture=neutral, PublicKeyToken=31bf3856ad364e35" []. [C:\Users\ultra\warewolf\Dev\Dev2.Development.Languages\Dev2.Development.Languages.csproj]
C:\Program Files\dotnet\sdk\10.0.201\Microsoft.Common.CurrentVersion.targets(2451,5): warning MSB3277:         C:\Users\ultra\.nuget\packages\caliburn.micro\4.0.212\lib\netcoreapp3.1\Caliburn.Micro.Platform.dll [C:\Users\ultra\warewolf\Dev\Dev2.Development.Languages\Dev2.Development.Languages.csproj]
C:\Program Files\dotnet\sdk\10.0.201\Microsoft.Common.CurrentVersion.targets(2451,5): warning MSB3277:           Project file item includes which caused reference "C:\Users\ultra\.nuget\packages\caliburn.micro\4.0.212\lib\netcoreapp3.1\Caliburn.Micro.Platform.dll". [C:\Users\ultra\warewolf\Dev\Dev2.Development.Languages\Dev2.Development.Languages.csproj]
C:\Program Files\dotnet\sdk\10.0.201\Microsoft.Common.CurrentVersion.targets(2451,5): warning MSB3277:             C:\Users\ultra\.nuget\packages\caliburn.micro\4.0.212\lib\netcoreapp3.1\Caliburn.Micro.Platform.dll [C:\Users\ultra\warewolf\Dev\Dev2.Development.Languages\Dev2.Development.Languages.csproj]
C:\Program Files\dotnet\sdk\10.0.201\Microsoft.Common.CurrentVersion.targets(2451,5): warning MSB3277:         C:\Users\ultra\.nuget\packages\ironpython\3.4.0\lib\net6.0\IronPython.Wpf.dll [C:\Users\ultra\warewolf\Dev\Dev2.Development.Languages\Dev2.Development.Languages.csproj]
C:\Program Files\dotnet\sdk\10.0.201\Microsoft.Common.CurrentVersion.targets(2451,5): warning MSB3277:           Project file item includes which caused reference "C:\Users\ultra\.nuget\packages\ironpython\3.4.0\lib\net6.0\IronPython.Wpf.dll". [C:\Users\ultra\warewolf\Dev\Dev2.Development.Languages\Dev2.Development.Languages.csproj]
C:\Program Files\dotnet\sdk\10.0.201\Microsoft.Common.CurrentVersion.targets(2451,5): warning MSB3277:             C:\Users\ultra\.nuget\packages\ironpython\3.4.0\lib\net6.0\IronPython.Wpf.dll [C:\Users\ultra\warewolf\Dev\Dev2.Development.Languages\Dev2.Development.Languages.csproj]
C:\Program Files\dotnet\sdk\10.0.201\Microsoft.Common.CurrentVersion.targets(2451,5): warning MSB3277:         C:\Users\ultra\.nuget\packages\microsoft.xaml.behaviors.wpf\1.1.19\lib\netcoreapp3.0\Microsoft.Xaml.Behaviors.dll [C:\Users\ultra\warewolf\Dev\Dev2.Development.Languages\Dev2.Development.Languages.csproj]
C:\Program Files\dotnet\sdk\10.0.201\Microsoft.Common.CurrentVersion.targets(2451,5): warning MSB3277:           Project file item includes which caused reference "C:\Users\ultra\.nuget\packages\microsoft.xaml.behaviors.wpf\1.1.19\lib\netcoreapp3.0\Microsoft.Xaml.Behaviors.dll". [C:\Users\ultra\warewolf\Dev\Dev2.Development.Languages\Dev2.Development.Languages.csproj]
C:\Program Files\dotnet\sdk\10.0.201\Microsoft.Common.CurrentVersion.targets(2451,5): warning MSB3277:             C:\Users\ultra\.nuget\packages\microsoft.xaml.behaviors.wpf\1.1.19\lib\netcoreapp3.0\Microsoft.Xaml.Behaviors.dll [C:\Users\ultra\warewolf\Dev\Dev2.Development.Languages\Dev2.Development.Languages.csproj]
C:\Program Files\dotnet\sdk\10.0.201\Microsoft.Common.CurrentVersion.targets(2451,5): warning MSB3277:             C:\Users\ultra\.nuget\packages\caliburn.micro\4.0.212\lib\netcoreapp3.1\Caliburn.Micro.Platform.dll [C:\Users\ultra\warewolf\Dev\Dev2.Development.Languages\Dev2.Development.Languages.csproj]
  Dev2.Util -> C:\Users\ultra\warewolf\Dev\Dev2.Util\bin\Debug\net8.0\Dev2.Util.dll
C:\Users\ultra\warewolf\Dev\Dev2.TaskScheduler.Wrappers\Dev2TaskEvent.cs(47,33): warning CA1416: This call site is reachable on all platforms. 'SecurityIdentifier.Value' is only supported on: 'windows'. (https://learn.microsoft.com/dotnet/fundamentals/code-analysis/quality-rules/ca1416) [C:\Users\ultra\warewolf\Dev\Dev2.TaskScheduler.Wrappers\Dev2.TaskScheduler.Wrappers.csproj]
  Dev2.Development.Languages -> C:\Users\ultra\warewolf\Dev\Dev2.Development.Languages\bin\Debug\net8.0\Dev2.Development.Languages.dll
  Dev2.TaskScheduler.Wrappers -> C:\Users\ultra\warewolf\Dev\Dev2.TaskScheduler.Wrappers\bin\Debug\net8.0\Dev2.TaskScheduler.Wrappers.dll
  Warewolf.Licensing -> C:\Users\ultra\warewolf\Dev\Warewolf.Licensing\bin\Debug\net8.0\Warewolf.Licensing.dll
  Dev2.CustomControls -> C:\Users\ultra\warewolf\Dev\Dev2.CustomControls\bin\Debug\net8.0\Dev2.CustomControls.dll
  Consider app.config remapping of assembly "Newtonsoft.Json, Culture=neutral, PublicKeyToken=30ad4fe6b2a6aeed" from Version "12.0.0.0" [] to Version "13.0.0.0" [C:\Users\ultra\.nuget\packages\newtonsoft.json\13.0.2\lib\net6.0\Newtonsoft.Json.dll] to solve conflict and get rid of warning.
  Dev2.Runtime.Configuration -> C:\Users\ultra\warewolf\Dev\Dev2.Runtime.Configuration\bin\Debug\net8.0\Dev2.Runtime.Configuration.dll
C:\Users\ultra\warewolf\Dev\Dev2.Diagnostics\Debug\DebugDispatcher.cs(209,35): warning CC0057: Parameter 'previous' is not used. (https://code-cracker.github.io/diagnostics/CC0057.html) [C:\Users\ultra\warewolf\Dev\Dev2.Diagnostics\Dev2.Diagnostics.csproj]
  Dev2.Diagnostics -> C:\Users\ultra\warewolf\Dev\Dev2.Diagnostics\bin\Debug\net8.0\Dev2.Diagnostics.dll
C:\Users\ultra\warewolf\Dev\Warewolf.AI.Harness\ChatbotApiService.cs(11,7): warning CS0105: The using directive for 'System.Text' appeared previously in this namespace [C:\Users\ultra\warewolf\Dev\Warewolf.AI.Harness\Warewolf.AI.Harness.csproj]
C:\Users\ultra\warewolf\Dev\Warewolf.AI.Harness\ChatbotApiService.cs(12,7): warning CS0105: The using directive for 'Newtonsoft.Json' appeared previously in this namespace [C:\Users\ultra\warewolf\Dev\Warewolf.AI.Harness\Warewolf.AI.Harness.csproj]
C:\Users\ultra\warewolf\Dev\Warewolf.AI.Harness\ChatbotApiService.cs(641,23): warning CS8618: Non-nullable property 'Model' must contain a non-null value when exiting constructor. Consider adding the 'required' modifier or declaring the property as nullable. [C:\Users\ultra\warewolf\Dev\Warewolf.AI.Harness\Warewolf.AI.Harness.csproj]
C:\Users\ultra\warewolf\Dev\Warewolf.AI.Harness\ChatbotApiService.cs(659,23): warning CS8618: Non-nullable property 'FinishReason' must contain a non-null value when exiting constructor. Consider adding the 'required' modifier or declaring the property as nullable. [C:\Users\ultra\warewolf\Dev\Warewolf.AI.Harness\Warewolf.AI.Harness.csproj]
C:\Users\ultra\warewolf\Dev\Warewolf.AI.Harness\ChatbotApiService.cs(201,34): warning CS8600: Converting null literal or possible null value to non-nullable type. [C:\Users\ultra\warewolf\Dev\Warewolf.AI.Harness\Warewolf.AI.Harness.csproj]
C:\Users\ultra\warewolf\Dev\Warewolf.AI.Harness\ChatbotApiService.cs(215,51): warning CS8602: Dereference of a possibly null reference. [C:\Users\ultra\warewolf\Dev\Warewolf.AI.Harness\Warewolf.AI.Harness.csproj]
C:\Users\ultra\warewolf\Dev\Warewolf.AI.Harness\ChatbotApiService.cs(218,25): warning CS8602: Dereference of a possibly null reference. [C:\Users\ultra\warewolf\Dev\Warewolf.AI.Harness\Warewolf.AI.Harness.csproj]
C:\Users\ultra\warewolf\Dev\Warewolf.AI.Harness\ChatbotApiService.cs(303,34): warning CS8600: Converting null literal or possible null value to non-nullable type. [C:\Users\ultra\warewolf\Dev\Warewolf.AI.Harness\Warewolf.AI.Harness.csproj]
C:\Users\ultra\warewolf\Dev\Warewolf.AI.Harness\ChatbotApiService.cs(312,51): warning CS8602: Dereference of a possibly null reference. [C:\Users\ultra\warewolf\Dev\Warewolf.AI.Harness\Warewolf.AI.Harness.csproj]
C:\Users\ultra\warewolf\Dev\Warewolf.AI.Harness\ChatbotApiService.cs(314,30): warning CS8602: Dereference of a possibly null reference. [C:\Users\ultra\warewolf\Dev\Warewolf.AI.Harness\Warewolf.AI.Harness.csproj]
C:\Users\ultra\warewolf\Dev\Warewolf.AI.Harness\ChatbotApiService.cs(477,32): warning CS8600: Converting null literal or possible null value to non-nullable type. [C:\Users\ultra\warewolf\Dev\Warewolf.AI.Harness\Warewolf.AI.Harness.csproj]
C:\Users\ultra\warewolf\Dev\Warewolf.AI.Harness\ChatbotApiService.cs(478,32): warning CS8600: Converting null literal or possible null value to non-nullable type. [C:\Users\ultra\warewolf\Dev\Warewolf.AI.Harness\Warewolf.AI.Harness.csproj]
C:\Users\ultra\warewolf\Dev\Warewolf.AI.Harness\ChatbotApiService.cs(481,73): warning CS8625: Cannot convert null literal to non-nullable reference type. [C:\Users\ultra\warewolf\Dev\Warewolf.AI.Harness\Warewolf.AI.Harness.csproj]
C:\Users\ultra\warewolf\Dev\Warewolf.AI.Harness\ChatbotApiService.cs(482,60): warning CS8604: Possible null reference argument for parameter 'authHeaderName' in 'HttpResponseMessage ChatbotApiService.PostWithAuth(string endpoint, object payload, string authHeaderName, string authHeaderValue, string additionalHeaders)'. [C:\Users\ultra\warewolf\Dev\Warewolf.AI.Harness\Warewolf.AI.Harness.csproj]
C:\Users\ultra\warewolf\Dev\Warewolf.AI.Harness\ChatbotApiService.cs(482,70): warning CS8604: Possible null reference argument for parameter 'authHeaderValue' in 'HttpResponseMessage ChatbotApiService.PostWithAuth(string endpoint, object payload, string authHeaderName, string authHeaderValue, string additionalHeaders)'. [C:\Users\ultra\warewolf\Dev\Warewolf.AI.Harness\Warewolf.AI.Harness.csproj]
C:\Users\ultra\warewolf\Dev\Warewolf.AI.Harness\ChatbotApiService.cs(482,81): warning CS8625: Cannot convert null literal to non-nullable reference type. [C:\Users\ultra\warewolf\Dev\Warewolf.AI.Harness\Warewolf.AI.Harness.csproj]
C:\Users\ultra\warewolf\Dev\Warewolf.AI.Harness\ChatbotApiService.cs(496,73): warning CS8625: Cannot convert null literal to non-nullable reference type. [C:\Users\ultra\warewolf\Dev\Warewolf.AI.Harness\Warewolf.AI.Harness.csproj]
C:\Users\ultra\warewolf\Dev\Warewolf.AI.Harness\ChatbotApiService.cs(497,81): warning CS8625: Cannot convert null literal to non-nullable reference type. [C:\Users\ultra\warewolf\Dev\Warewolf.AI.Harness\Warewolf.AI.Harness.csproj]
C:\Users\ultra\warewolf\Dev\Warewolf.AI.Harness\ChatbotApiService.cs(514,73): warning CS8625: Cannot convert null literal to non-nullable reference type. [C:\Users\ultra\warewolf\Dev\Warewolf.AI.Harness\Warewolf.AI.Harness.csproj]
C:\Users\ultra\warewolf\Dev\Warewolf.AI.Harness\ChatbotApiService.cs(515,114): warning CS8625: Cannot convert null literal to non-nullable reference type. [C:\Users\ultra\warewolf\Dev\Warewolf.AI.Harness\Warewolf.AI.Harness.csproj]
C:\Users\ultra\warewolf\Dev\Warewolf.AI.Harness\ChatbotApiService.cs(521,36): warning CS8600: Converting null literal or possible null value to non-nullable type. [C:\Users\ultra\warewolf\Dev\Warewolf.AI.Harness\Warewolf.AI.Harness.csproj]
C:\Users\ultra\warewolf\Dev\Warewolf.AI.Harness\ChatbotApiService.cs(538,82): warning CS8604: Possible null reference argument for parameter 'systemMessage' in 'Dictionary<string, object> ChatbotApiService.CreatePayload(string model, object messages, string systemMessage, bool useMaxCompletionTokens, bool includeTemperature)'. [C:\Users\ultra\warewolf\Dev\Warewolf.AI.Harness\Warewolf.AI.Harness.csproj]
C:\Users\ultra\warewolf\Dev\Warewolf.AI.Harness\ChatbotApiService.cs(545,35): warning CS8600: Converting null literal or possible null value to non-nullable type. [C:\Users\ultra\warewolf\Dev\Warewolf.AI.Harness\Warewolf.AI.Harness.csproj]
C:\Users\ultra\warewolf\Dev\Warewolf.AI.Harness\ChatbotApiService.cs(589,68): warning CS8625: Cannot convert null literal to non-nullable reference type. [C:\Users\ultra\warewolf\Dev\Warewolf.AI.Harness\Warewolf.AI.Harness.csproj]
C:\Users\ultra\warewolf\Dev\Warewolf.AI.Harness\ChatbotApiService.cs(589,74): warning CS8625: Cannot convert null literal to non-nullable reference type. [C:\Users\ultra\warewolf\Dev\Warewolf.AI.Harness\Warewolf.AI.Harness.csproj]
C:\Users\ultra\warewolf\Dev\Warewolf.AI.Harness\ChatbotApiService.cs(589,80): warning CS8625: Cannot convert null literal to non-nullable reference type. [C:\Users\ultra\warewolf\Dev\Warewolf.AI.Harness\Warewolf.AI.Harness.csproj]
  Warewolf.AI.Harness -> C:\Users\ultra\warewolf\Dev\Warewolf.AI.Harness\bin\Debug\net8.0\Warewolf.AI.Harness.dll
C:\Users\ultra\warewolf\Dev\Dev2.Infrastructure\PerformanceCounters\Management\PerformanceCounterPersistence.cs(48,81): warning CC0057: Parameter 'resourcePerformanceCounters' is not used. (https://code-cracker.github.io/diagnostics/CC0057.html) [C:\Users\ultra\warewolf\Dev\Dev2.Infrastructure\Dev2.Infrastructure.csproj]
C:\Users\ultra\warewolf\Dev\Dev2.Infrastructure\PerformanceCounters\PerformanceCounterCategoryWrapper.cs(32,48): warning CA1416: This call site is reachable on all platforms. 'PerformanceCounterCategory.Delete(string)' is only supported on: 'windows'. (https://learn.microsoft.com/dotnet/fundamentals/code-analysis/quality-rules/ca1416) [C:\Users\ultra\warewolf\Dev\Dev2.Infrastructure\Dev2.Infrastructure.csproj]
C:\Users\ultra\warewolf\Dev\Dev2.Infrastructure\PerformanceCounters\PerformanceCounterCategoryWrapper.cs(33,48): warning CA1416: This call site is reachable on all platforms. 'PerformanceCounterCategory.Exists(string)' is only supported on: 'windows'. (https://learn.microsoft.com/dotnet/fundamentals/code-analysis/quality-rules/ca1416) [C:\Users\ultra\warewolf\Dev\Dev2.Infrastructure\Dev2.Infrastructure.csproj]
C:\Users\ultra\warewolf\Dev\Dev2.Infrastructure\PerformanceCounters\PerformanceCounterCategoryWrapper.cs(38,29): warning CA1416: This call site is reachable on all platforms. 'PerformanceCounterCategory' is only supported on: 'windows'. (https://learn.microsoft.com/dotnet/fundamentals/code-analysis/quality-rules/ca1416) [C:\Users\ultra\warewolf\Dev\Dev2.Infrastructure\Dev2.Infrastructure.csproj]
C:\Users\ultra\warewolf\Dev\Dev2.Infrastructure\PerformanceCounters\PerformanceCounterCategoryWrapper.cs(12,51): warning CA1416: This call site is reachable on all platforms. 'PerformanceCounterCategory.CounterExists(string)' is only supported on: 'windows'. (https://learn.microsoft.com/dotnet/fundamentals/code-analysis/quality-rules/ca1416) [C:\Users\ultra\warewolf\Dev\Dev2.Infrastructure\Dev2.Infrastructure.csproj]
C:\Users\ultra\warewolf\Dev\Dev2.Infrastructure\PerformanceCounters\Management\WarewolfPerformanceCounterManager.cs(22,140): warning CC0057: Parameter 'register' is not used. (https://code-cracker.github.io/diagnostics/CC0057.html) [C:\Users\ultra\warewolf\Dev\Dev2.Infrastructure\Dev2.Infrastructure.csproj]
C:\Users\ultra\warewolf\Dev\Dev2.Infrastructure\PerformanceCounters\Management\WarewolfPerformanceCounterManager.cs(67,83): warning CC0057: Parameter 'name' is not used. (https://code-cracker.github.io/diagnostics/CC0057.html) [C:\Users\ultra\warewolf\Dev\Dev2.Infrastructure\Dev2.Infrastructure.csproj]
C:\Users\ultra\warewolf\Dev\Dev2.Infrastructure\PerformanceCounters\PerformanceCounterCategoryWrapper.cs(25,21): warning CA1416: This call site is reachable on all platforms. 'CounterCreationDataCollection.Add(CounterCreationData)' is only supported on: 'windows'. (https://learn.microsoft.com/dotnet/fundamentals/code-analysis/quality-rules/ca1416) [C:\Users\ultra\warewolf\Dev\Dev2.Infrastructure\Dev2.Infrastructure.csproj]
C:\Users\ultra\warewolf\Dev\Dev2.Infrastructure\PerformanceCounters\PerformanceCounterCategoryWrapper.cs(14,49): warning CA1416: This call site is reachable on all platforms. 'CounterCreationDataCollection' is only supported on: 'windows'. (https://learn.microsoft.com/dotnet/fundamentals/code-analysis/quality-rules/ca1416) [C:\Users\ultra\warewolf\Dev\Dev2.Infrastructure\Dev2.Infrastructure.csproj]
C:\Users\ultra\warewolf\Dev\Dev2.Infrastructure\PerformanceCounters\PerformanceCounterCategoryWrapper.cs(29,71): warning CA1416: This call site is reachable on all platforms. 'PerformanceCounterCategoryType.MultiInstance' is only supported on: 'windows'. (https://learn.microsoft.com/dotnet/fundamentals/code-analysis/quality-rules/ca1416) [C:\Users\ultra\warewolf\Dev\Dev2.Infrastructure\Dev2.Infrastructure.csproj]
C:\Users\ultra\warewolf\Dev\Dev2.Infrastructure\PerformanceCounters\PerformanceCounterCategoryWrapper.cs(19,45): warning CA1416: This call site is reachable on all platforms. 'CounterCreationData' is only supported on: 'windows'. (https://learn.microsoft.com/dotnet/fundamentals/code-analysis/quality-rules/ca1416) [C:\Users\ultra\warewolf\Dev\Dev2.Infrastructure\Dev2.Infrastructure.csproj]
C:\Users\ultra\warewolf\Dev\Dev2.Infrastructure\PerformanceCounters\PerformanceCounterCategoryWrapper.cs(29,13): warning CA1416: This call site is reachable on all platforms. 'PerformanceCounterCategory.Create(string, string, PerformanceCounterCategoryType, CounterCreationDataCollection)' is only supported on: 'windows'. (https://learn.microsoft.com/dotnet/fundamentals/code-analysis/quality-rules/ca1416) [C:\Users\ultra\warewolf\Dev\Dev2.Infrastructure\Dev2.Infrastructure.csproj]
C:\Users\ultra\warewolf\Dev\Dev2.Infrastructure\PerformanceCounters\PerformanceCounterCategoryWrapper.cs(50,28): warning CA1416: This call site is reachable on all platforms. 'PerformanceCounterType.AverageTimer32' is only supported on: 'windows'. (https://learn.microsoft.com/dotnet/fundamentals/code-analysis/quality-rules/ca1416) [C:\Users\ultra\warewolf\Dev\Dev2.Infrastructure\Dev2.Infrastructure.csproj]
C:\Users\ultra\warewolf\Dev\Dev2.Infrastructure\PerformanceCounters\PerformanceCounterCategoryWrapper.cs(48,28): warning CA1416: This call site is reachable on all platforms. 'PerformanceCounterType.AverageBase' is only supported on: 'windows'. (https://learn.microsoft.com/dotnet/fundamentals/code-analysis/quality-rules/ca1416) [C:\Users\ultra\warewolf\Dev\Dev2.Infrastructure\Dev2.Infrastructure.csproj]
C:\Users\ultra\warewolf\Dev\Dev2.Infrastructure\PerformanceCounters\PerformanceCounterCategoryWrapper.cs(54,28): warning CA1416: This call site is reachable on all platforms. 'PerformanceCounterType.RateOfCountsPerSecond32' is only supported on: 'windows'. (https://learn.microsoft.com/dotnet/fundamentals/code-analysis/quality-rules/ca1416) [C:\Users\ultra\warewolf\Dev\Dev2.Infrastructure\Dev2.Infrastructure.csproj]
C:\Users\ultra\warewolf\Dev\Dev2.Infrastructure\PerformanceCounters\PerformanceCounterCategoryWrapper.cs(52,28): warning CA1416: This call site is reachable on all platforms. 'PerformanceCounterType.NumberOfItems32' is only supported on: 'windows'. (https://learn.microsoft.com/dotnet/fundamentals/code-analysis/quality-rules/ca1416) [C:\Users\ultra\warewolf\Dev\Dev2.Infrastructure\Dev2.Infrastructure.csproj]
C:\Users\ultra\warewolf\Dev\Dev2.Infrastructure\Services\Security\MoqInstallerActions\InstallerActionsForDevelopment.cs(57,31): warning CA1416: This call site is reachable on all platforms. 'WindowsIdentity.GetCurrent(bool)' is only supported on: 'windows'. (https://learn.microsoft.com/dotnet/fundamentals/code-analysis/quality-rules/ca1416) [C:\Users\ultra\warewolf\Dev\Dev2.Infrastructure\Dev2.Infrastructure.csproj]
C:\Users\ultra\warewolf\Dev\Dev2.Infrastructure\Services\Security\MoqInstallerActions\InstallerActionsForDevelopment.cs(59,57): warning CA1416: This call site is reachable on all platforms. 'WindowsIdentity.Name' is only supported on: 'windows'. (https://learn.microsoft.com/dotnet/fundamentals/code-analysis/quality-rules/ca1416) [C:\Users\ultra\warewolf\Dev\Dev2.Infrastructure\Dev2.Infrastructure.csproj]
C:\Users\ultra\warewolf\Dev\Dev2.Infrastructure\Services\Security\SecuritySettings.cs(92,28): warning CC0022: HMACSHA256 should be disposed. (https://code-cracker.github.io/diagnostics/CC0022.html) [C:\Users\ultra\warewolf\Dev\Dev2.Infrastructure\Dev2.Infrastructure.csproj]
CSC : warning AD0001: Analyzer 'CodeCracker.CSharp.Design.UseInvokeMethodToFireEventAnalyzer' threw an exception of type 'System.ArgumentException' with message 'Syntax node is not within syntax tree'. [C:\Users\ultra\warewolf\Dev\Dev2.Infrastructure\Dev2.Infrastructure.csproj]
CSC : warning AD0001: Analyzer 'CodeCracker.CSharp.Design.UseInvokeMethodToFireEventAnalyzer' threw an exception of type 'System.ArgumentException' with message 'Syntax node is not within syntax tree'. [C:\Users\ultra\warewolf\Dev\Dev2.Infrastructure\Dev2.Infrastructure.csproj]
CSC : warning AD0001: Analyzer 'CodeCracker.CSharp.Design.UseInvokeMethodToFireEventAnalyzer' threw an exception of type 'System.ArgumentException' with message 'Syntax node is not within syntax tree'. [C:\Users\ultra\warewolf\Dev\Dev2.Infrastructure\Dev2.Infrastructure.csproj]
CSC : warning AD0001: Analyzer 'CodeCracker.CSharp.Design.UseInvokeMethodToFireEventAnalyzer' threw an exception of type 'System.ArgumentException' with message 'Syntax node is not within syntax tree'. [C:\Users\ultra\warewolf\Dev\Dev2.Infrastructure\Dev2.Infrastructure.csproj]
CSC : warning AD0001: Analyzer 'CodeCracker.CSharp.Design.UseInvokeMethodToFireEventAnalyzer' threw an exception of type 'System.ArgumentException' with message 'Syntax node is not within syntax tree'. [C:\Users\ultra\warewolf\Dev\Dev2.Infrastructure\Dev2.Infrastructure.csproj]
CSC : warning AD0001: Analyzer 'CodeCracker.CSharp.Design.UseInvokeMethodToFireEventAnalyzer' threw an exception of type 'System.ArgumentException' with message 'Syntax node is not within syntax tree'. [C:\Users\ultra\warewolf\Dev\Dev2.Infrastructure\Dev2.Infrastructure.csproj]
CSC : warning AD0001: Analyzer 'CodeCracker.CSharp.Design.UseInvokeMethodToFireEventAnalyzer' threw an exception of type 'System.ArgumentException' with message 'Syntax node is not within syntax tree'. [C:\Users\ultra\warewolf\Dev\Dev2.Infrastructure\Dev2.Infrastructure.csproj]
CSC : warning AD0001: Analyzer 'CodeCracker.CSharp.Design.UseInvokeMethodToFireEventAnalyzer' threw an exception of type 'System.ArgumentException' with message 'Syntax node is not within syntax tree'. [C:\Users\ultra\warewolf\Dev\Dev2.Infrastructure\Dev2.Infrastructure.csproj]
CSC : warning AD0001: Analyzer 'CodeCracker.CSharp.Design.UseInvokeMethodToFireEventAnalyzer' threw an exception of type 'System.ArgumentException' with message 'Syntax node is not within syntax tree'. [C:\Users\ultra\warewolf\Dev\Dev2.Infrastructure\Dev2.Infrastructure.csproj]
CSC : warning AD0001: Analyzer 'CodeCracker.CSharp.Design.UseInvokeMethodToFireEventAnalyzer' threw an exception of type 'System.ArgumentException' with message 'Syntax node is not within syntax tree'. [C:\Users\ultra\warewolf\Dev\Dev2.Infrastructure\Dev2.Infrastructure.csproj]
CSC : warning AD0001: Analyzer 'CodeCracker.CSharp.Design.UseInvokeMethodToFireEventAnalyzer' threw an exception of type 'System.ArgumentException' with message 'Syntax node is not within syntax tree'. [C:\Users\ultra\warewolf\Dev\Dev2.Infrastructure\Dev2.Infrastructure.csproj]
CSC : warning AD0001: Analyzer 'CodeCracker.CSharp.Design.UseInvokeMethodToFireEventAnalyzer' threw an exception of type 'System.ArgumentException' with message 'Syntax node is not within syntax tree'. [C:\Users\ultra\warewolf\Dev\Dev2.Infrastructure\Dev2.Infrastructure.csproj]
CSC : warning AD0001: Analyzer 'CodeCracker.CSharp.Design.UseInvokeMethodToFireEventAnalyzer' threw an exception of type 'System.ArgumentException' with message 'Syntax node is not within syntax tree'. [C:\Users\ultra\warewolf\Dev\Dev2.Infrastructure\Dev2.Infrastructure.csproj]
CSC : warning AD0001: Analyzer 'CodeCracker.CSharp.Design.UseInvokeMethodToFireEventAnalyzer' threw an exception of type 'System.ArgumentException' with message 'Syntax node is not within syntax tree'. [C:\Users\ultra\warewolf\Dev\Dev2.Infrastructure\Dev2.Infrastructure.csproj]
  Dev2.Infrastructure -> C:\Users\ultra\warewolf\Dev\Dev2.Infrastructure\bin\Debug\net8.0\Dev2.Infrastructure.dll
C:\Program Files\dotnet\sdk\10.0.201\Microsoft.CSharp.CurrentVersion.targets(130,9): warning MSB3884: Could not find rule set file "..\.sonarlint\warewolf_dotnet_frameworkcsharp.ruleset". [C:\Users\ultra\warewolf\Dev\Warewolf.Sharepoint\Warewolf.Sharepoint.csproj]
C:\Users\ultra\warewolf\Dev\Warewolf.PerfMon\Program.cs(26,2): warning CA1416: This call site is reachable on all platforms. 'ServiceBase.Run(ServiceBase)' is only supported on: 'windows'. (https://learn.microsoft.com/dotnet/fundamentals/code-analysis/quality-rules/ca1416) [C:\Users\ultra\warewolf\Dev\Warewolf.PerfMon\Warewolf.PerfMon.csproj]
  Warewolf.Sharepoint -> C:\Users\ultra\warewolf\Dev\Warewolf.Sharepoint\bin\Debug\net8.0\Warewolf.Sharepoint.dll
  Warewolf.Storage -> C:\Users\ultra\warewolf\Dev\Warewolf.Storage\bin\Debug\net8.0\Warewolf.Storage.dll
C:\Users\ultra\warewolf\Dev\Dev2.Services.Sql\ConnectionBuilder.cs(44,21): warning CC0029: 'ConnectionBuilder' should call GC.SuppressFinalize inside the Dispose method. (https://code-cracker.github.io/diagnostics/CC0029.html) [C:\Users\ultra\warewolf\Dev\Dev2.Services.Sql\Dev2.Services.Sql.csproj]
C:\Program Files\dotnet\sdk\10.0.201\Microsoft.Common.CurrentVersion.targets(2451,5): warning MSB3245: Could not resolve this reference. Could not locate the assembly "System.Web". Check to make sure the assembly exists on disk. If this reference is required by your code, you may get compilation errors. [C:\Users\ultra\warewolf\Dev\Dev2.Data\Dev2.Data.csproj]
C:\Program Files\dotnet\sdk\10.0.201\Microsoft.Common.CurrentVersion.targets(2451,5): warning MSB3245: Could not resolve this reference. Could not locate the assembly "System.Web.Extensions". Check to make sure the assembly exists on disk. If this reference is required by your code, you may get compilation errors. [C:\Users\ultra\warewolf\Dev\Dev2.Data\Dev2.Data.csproj]
C:\Program Files\dotnet\sdk\10.0.201\Microsoft.Common.CurrentVersion.targets(2451,5): warning MSB3245: Could not resolve this reference. Could not locate the assembly "System.Xml.Linq". Check to make sure the assembly exists on disk. If this reference is required by your code, you may get compilation errors. [C:\Users\ultra\warewolf\Dev\Dev2.Data\Dev2.Data.csproj]
C:\Program Files\dotnet\sdk\10.0.201\Microsoft.Common.CurrentVersion.targets(2451,5): warning MSB3245: Could not resolve this reference. Could not locate the assembly "System.Data.DataSetExtensions". Check to make sure the assembly exists on disk. If this reference is required by your code, you may get compilation errors. [C:\Users\ultra\warewolf\Dev\Dev2.Data\Dev2.Data.csproj]
C:\Program Files\dotnet\sdk\10.0.201\Microsoft.Common.CurrentVersion.targets(2451,5): warning MSB3245: Could not resolve this reference. Could not locate the assembly "Microsoft.CSharp". Check to make sure the assembly exists on disk. If this reference is required by your code, you may get compilation errors. [C:\Users\ultra\warewolf\Dev\Dev2.Data\Dev2.Data.csproj]
C:\Program Files\dotnet\sdk\10.0.201\Microsoft.Common.CurrentVersion.targets(2451,5): warning MSB3245: Could not resolve this reference. Could not locate the assembly "System.Data". Check to make sure the assembly exists on disk. If this reference is required by your code, you may get compilation errors. [C:\Users\ultra\warewolf\Dev\Dev2.Data\Dev2.Data.csproj]
C:\Program Files\dotnet\sdk\10.0.201\Microsoft.Common.CurrentVersion.targets(2451,5): warning MSB3245: Could not resolve this reference. Could not locate the assembly "System.Xml". Check to make sure the assembly exists on disk. If this reference is required by your code, you may get compilation errors. [C:\Users\ultra\warewolf\Dev\Dev2.Data\Dev2.Data.csproj]
  Dev2.Services.Sql -> C:\Users\ultra\warewolf\Dev\Dev2.Services.Sql\bin\Debug\net8.0\Dev2.Services.Sql.dll
C:\Program Files\dotnet\sdk\10.0.201\Microsoft.Common.CurrentVersion.targets(2451,5): warning MSB3243: No way to resolve conflict between "System.Web, Version=4.0.0.0, Culture=neutral, PublicKeyToken=b03f5f7f11d50a3a" and "System.Web". Choosing "System.Web, Version=4.0.0.0, Culture=neutral, PublicKeyToken=b03f5f7f11d50a3a" arbitrarily. [C:\Users\ultra\warewolf\Dev\Dev2.Data\Dev2.Data.csproj]
C:\Program Files\dotnet\sdk\10.0.201\Microsoft.Common.CurrentVersion.targets(2451,5): warning MSB3243: No way to resolve conflict between "System.Xml.Linq, Version=4.0.0.0, Culture=neutral, PublicKeyToken=b77a5c561934e089" and "System.Xml.Linq". Choosing "System.Xml.Linq, Version=4.0.0.0, Culture=neutral, PublicKeyToken=b77a5c561934e089" arbitrarily. [C:\Users\ultra\warewolf\Dev\Dev2.Data\Dev2.Data.csproj]
C:\Program Files\dotnet\sdk\10.0.201\Microsoft.Common.CurrentVersion.targets(2451,5): warning MSB3243: No way to resolve conflict between "System.Data.DataSetExtensions, Version=8.0.0.0, Culture=neutral, PublicKeyToken=b77a5c561934e089" and "System.Data.DataSetExtensions". Choosing "System.Data.DataSetExtensions, Version=8.0.0.0, Culture=neutral, PublicKeyToken=b77a5c561934e089" arbitrarily. [C:\Users\ultra\warewolf\Dev\Dev2.Data\Dev2.Data.csproj]
C:\Program Files\dotnet\sdk\10.0.201\Microsoft.Common.CurrentVersion.targets(2451,5): warning MSB3243: No way to resolve conflict between "Microsoft.CSharp, Version=8.0.0.0, Culture=neutral, PublicKeyToken=b03f5f7f11d50a3a" and "Microsoft.CSharp". Choosing "Microsoft.CSharp, Version=8.0.0.0, Culture=neutral, PublicKeyToken=b03f5f7f11d50a3a" arbitrarily. [C:\Users\ultra\warewolf\Dev\Dev2.Data\Dev2.Data.csproj]
C:\Program Files\dotnet\sdk\10.0.201\Microsoft.Common.CurrentVersion.targets(2451,5): warning MSB3243: No way to resolve conflict between "System.Data, Version=4.0.0.0, Culture=neutral, PublicKeyToken=b77a5c561934e089" and "System.Data". Choosing "System.Data, Version=4.0.0.0, Culture=neutral, PublicKeyToken=b77a5c561934e089" arbitrarily. [C:\Users\ultra\warewolf\Dev\Dev2.Data\Dev2.Data.csproj]
C:\Program Files\dotnet\sdk\10.0.201\Microsoft.Common.CurrentVersion.targets(2451,5): warning MSB3243: No way to resolve conflict between "System.Xml, Version=4.0.0.0, Culture=neutral, PublicKeyToken=b77a5c561934e089" and "System.Xml". Choosing "System.Xml, Version=4.0.0.0, Culture=neutral, PublicKeyToken=b77a5c561934e089" arbitrarily. [C:\Users\ultra\warewolf\Dev\Dev2.Data\Dev2.Data.csproj]
CSC : warning CS2002: Source file 'C:\Users\ultra\warewolf\Dev\Dev2.Data\MathOperations\NCalc\NCalcExpressionBuilder.cs' specified multiple times [C:\Users\ultra\warewolf\Dev\Dev2.Data\Dev2.Data.csproj]
CSC : warning CS2002: Source file 'C:\Users\ultra\warewolf\Dev\Dev2.Data\MathOperations\NCalc\NCalcFunctionArgHelper.cs' specified multiple times [C:\Users\ultra\warewolf\Dev\Dev2.Data\Dev2.Data.csproj]
CSC : warning CS2002: Source file 'C:\Users\ultra\warewolf\Dev\Dev2.Data\MathOperations\NCalc\Functions\BaseConversionFunctions.cs' specified multiple times [C:\Users\ultra\warewolf\Dev\Dev2.Data\Dev2.Data.csproj]
CSC : warning CS2002: Source file 'C:\Users\ultra\warewolf\Dev\Dev2.Data\MathOperations\NCalc\Functions\ComplexFunctions.cs' specified multiple times [C:\Users\ultra\warewolf\Dev\Dev2.Data\Dev2.Data.csproj]
CSC : warning CS2002: Source file 'C:\Users\ultra\warewolf\Dev\Dev2.Data\MathOperations\NCalc\Functions\DateTimeFunctions.cs' specified multiple times [C:\Users\ultra\warewolf\Dev\Dev2.Data\Dev2.Data.csproj]
CSC : warning CS2002: Source file 'C:\Users\ultra\warewolf\Dev\Dev2.Data\MathOperations\NCalc\Functions\FinancialFunctions.cs' specified multiple times [C:\Users\ultra\warewolf\Dev\Dev2.Data\Dev2.Data.csproj]
CSC : warning CS2002: Source file 'C:\Users\ultra\warewolf\Dev\Dev2.Data\MathOperations\NCalc\Functions\InformationFunctions.cs' specified multiple times [C:\Users\ultra\warewolf\Dev\Dev2.Data\Dev2.Data.csproj]
CSC : warning CS2002: Source file 'C:\Users\ultra\warewolf\Dev\Dev2.Data\MathOperations\NCalc\Functions\MathFunctions.cs' specified multiple times [C:\Users\ultra\warewolf\Dev\Dev2.Data\Dev2.Data.csproj]
CSC : warning CS2002: Source file 'C:\Users\ultra\warewolf\Dev\Dev2.Data\MathOperations\NCalc\Functions\StringFunctions.cs' specified multiple times [C:\Users\ultra\warewolf\Dev\Dev2.Data\Dev2.Data.csproj]
C:\Users\ultra\warewolf\Dev\Dev2.SignalR.Wrappers.New\HubConnectionWrapper.cs(431,21): warning SYSLIB0006: 'Thread.Abort()' is obsolete: 'Thread.Abort is not supported and throws PlatformNotSupportedException.' (https://aka.ms/dotnet-warnings/SYSLIB0006) [C:\Users\ultra\warewolf\Dev\Dev2.SignalR.Wrappers.New\Dev2.SignalR.Wrappers.New.csproj]
C:\Users\ultra\warewolf\Dev\Dev2.SignalR.Wrappers.New\HubConnectionWrapper.cs(205,21): warning CC0029: 'HubConnectionWrapper' should call GC.SuppressFinalize inside the Dispose method. (https://code-cracker.github.io/diagnostics/CC0029.html) [C:\Users\ultra\warewolf\Dev\Dev2.SignalR.Wrappers.New\Dev2.SignalR.Wrappers.New.csproj]
C:\Users\ultra\warewolf\Dev\Dev2.SignalR.Wrappers.New\HubConnectionWrapper.cs(383,17): warning CC0105: Use 'var' instead of specifying the type name. (https://code-cracker.github.io/diagnostics/CC0105.html) [C:\Users\ultra\warewolf\Dev\Dev2.SignalR.Wrappers.New\Dev2.SignalR.Wrappers.New.csproj]
  Warewolf.PerfMon -> C:\Users\ultra\warewolf\Dev\Warewolf.PerfMon\bin\Debug\net8.0\linux-x64\Warewolf.PerfMon.dll
  Dev2.SignalR.Wrappers.New -> C:\Users\ultra\warewolf\Dev\Dev2.SignalR.Wrappers.New\bin\Debug\net8.0\Dev2.SignalR.Wrappers.New.dll
C:\Users\ultra\warewolf\Dev\Dev2.Data\MathOperations\NCalc\Functions\MathFunctions.cs(22,30): warning CS8632: The annotation for nullable reference types should only be used in code within a '#nullable' annotations context. [C:\Users\ultra\warewolf\Dev\Dev2.Data\Dev2.Data.csproj]
C:\Users\ultra\warewolf\Dev\Dev2.Data\MathOperations\NCalc\NCalcFunctionArgHelper.cs(51,47): warning CS8632: The annotation for nullable reference types should only be used in code within a '#nullable' annotations context. [C:\Users\ultra\warewolf\Dev\Dev2.Data\Dev2.Data.csproj]
C:\Users\ultra\warewolf\Dev\Dev2.Data\MathOperations\NCalc\Functions\StringFunctions.cs(94,59): warning CS8632: The annotation for nullable reference types should only be used in code within a '#nullable' annotations context. [C:\Users\ultra\warewolf\Dev\Dev2.Data\Dev2.Data.csproj]
C:\Users\ultra\warewolf\Dev\Dev2.Data\NativeMethods.cs(66,59): warning CS0472: The result of the expression is always 'false' since a value of type 'nint' is never equal to 'null' of type 'nint?' [C:\Users\ultra\warewolf\Dev\Dev2.Data\Dev2.Data.csproj]
C:\Users\ultra\warewolf\Dev\Dev2.Data\NativeMethods.cs(88,8): warning CS0472: The result of the expression is always 'false' since a value of type 'nint' is never equal to 'null' of type 'nint?' [C:\Users\ultra\warewolf\Dev\Dev2.Data\Dev2.Data.csproj]
C:\Users\ultra\warewolf\Dev\Dev2.Data\Security\WindowsIdentityExtensions.cs(41,59): warning CA1416: This call site is reachable on all platforms. 'WindowsIdentity.AccessToken' is only supported on: 'windows'. (https://learn.microsoft.com/dotnet/fundamentals/code-analysis/quality-rules/ca1416) [C:\Users\ultra\warewolf\Dev\Dev2.Data\Dev2.Data.csproj]
C:\Users\ultra\warewolf\Dev\Dev2.Data\Security\WindowsIdentityExtensions.cs(28,17): warning CA1416: This call site is reachable on all platforms. 'WindowsIdentity.RunImpersonated(SafeAccessTokenHandle, Action)' is only supported on: 'windows'. (https://learn.microsoft.com/dotnet/fundamentals/code-analysis/quality-rules/ca1416) [C:\Users\ultra\warewolf\Dev\Dev2.Data\Dev2.Data.csproj]
C:\Users\ultra\warewolf\Dev\Dev2.Data\Security\WindowsIdentityExtensions.cs(28,49): warning CA1416: This call site is reachable on all platforms. 'WindowsIdentity.AccessToken' is only supported on: 'windows'. (https://learn.microsoft.com/dotnet/fundamentals/code-analysis/quality-rules/ca1416) [C:\Users\ultra\warewolf\Dev\Dev2.Data\Dev2.Data.csproj]
C:\Users\ultra\warewolf\Dev\Dev2.Data\Security\WindowsIdentityExtensions.cs(41,24): warning CA1416: This call site is reachable on all platforms. 'WindowsIdentity.RunImpersonated<T>(SafeAccessTokenHandle, Func<T>)' is only supported on: 'windows'. (https://learn.microsoft.com/dotnet/fundamentals/code-analysis/quality-rules/ca1416) [C:\Users\ultra\warewolf\Dev\Dev2.Data\Dev2.Data.csproj]
C:\Users\ultra\warewolf\Dev\Dev2.Data\PathOperations\ValidateAuthorization.cs(73,33): warning CA1416: This call site is reachable on all platforms. 'WindowsIdentity' is only supported on: 'windows'. (https://learn.microsoft.com/dotnet/fundamentals/code-analysis/quality-rules/ca1416) [C:\Users\ultra\warewolf\Dev\Dev2.Data\Dev2.Data.csproj]
  Dev2.Data -> C:\Users\ultra\warewolf\Dev\Dev2.Data\bin\Debug\net8.0\Dev2.Data.dll
  Warewolf.Driver.Serilog -> C:\Users\ultra\warewolf\Dev\Warewolf.Driver.Serilog\bin\Debug\net8.0\Warewolf.Driver.Serilog.dll
  Dev2.Scheduler -> C:\Users\ultra\warewolf\Dev\Dev2.Scheduler\bin\Debug\net8.0\Dev2.Scheduler.dll
  Dev2.Core -> C:\Users\ultra\warewolf\Dev\Dev2.Core\bin\Debug\net8.0\Dev2.Core.dll
C:\Users\ultra\warewolf\Dev\Warewolf.Core\InputsFromJson.cs(99,21): warning CC0105: Use 'var' instead of specifying the type name. (https://code-cracker.github.io/diagnostics/CC0105.html) [C:\Users\ultra\warewolf\Dev\Warewolf.Core\Warewolf.Core.csproj]
  Warewolf.Core -> C:\Users\ultra\warewolf\Dev\Warewolf.Core\bin\Debug\net8.0\Warewolf.Core.dll
  Warewolf.ResourceManagement -> C:\Users\ultra\warewolf\Dev\Warewolf.ResourceManagement\bin\Debug\net8.0\Warewolf.ResourceManagement.dll
C:\Users\ultra\warewolf\Dev\Warewolf.Auditing\Audit.cs(189,26): warning CS8073: The result of the expression is always 'false' since a value of type 'DateTime' is never equal to 'null' of type 'DateTime?' [C:\Users\ultra\warewolf\Dev\Warewolf.Auditing\Warewolf.Auditing.csproj]
C:\Users\ultra\warewolf\Dev\Warewolf.Auditing\Drivers\AuditQueryableElastic.cs(360,33): warning CS0618: 'ElasticsearchClient.Search<TDocument>(SearchRequestDescriptor<TDocument>)' is obsolete: 'Synchronous methods are deprecated and could be removed in the future.' [C:\Users\ultra\warewolf\Dev\Warewolf.Auditing\Warewolf.Auditing.csproj]
C:\Users\ultra\warewolf\Dev\Warewolf.Auditing\Drivers\AuditQueryableElastic.cs(384,26): warning CS0618: 'ElasticsearchClient.Ping()' is obsolete: 'Synchronous methods are deprecated and could be removed in the future.' [C:\Users\ultra\warewolf\Dev\Warewolf.Auditing\Warewolf.Auditing.csproj]
  Warewolf.Exchange.Email.Wrapper -> C:\Users\ultra\warewolf\Dev\Warewolf.Exchange.Email.Wrapper\bin\Debug\net8.0\Warewolf.Exchange.Email.Wrapper.dll
  Warewolf.Auditing -> C:\Users\ultra\warewolf\Dev\Warewolf.Auditing\bin\Debug\net8.0\Warewolf.Auditing.dll
C:\Users\ultra\warewolf\Dev\Warewolf.Common.NetStandard20\Wrappers\WebClientWrapper.cs(26,26): warning SYSLIB0014: 'WebClient.WebClient()' is obsolete: 'WebRequest, HttpWebRequest, ServicePoint, and WebClient are obsolete. Use HttpClient instead.' (https://aka.ms/dotnet-warnings/SYSLIB0014) [C:\Users\ultra\warewolf\Dev\Warewolf.Common.NetStandard20\Warewolf.Common.NetStandard20.csproj]
C:\Users\ultra\warewolf\Dev\Warewolf.Common.NetStandard20\Wrappers\WebRequestWrapper.cs(26,24): warning SYSLIB0014: 'WebRequest.Create(string)' is obsolete: 'WebRequest, HttpWebRequest, ServicePoint, and WebClient are obsolete. Use HttpClient instead.' (https://aka.ms/dotnet-warnings/SYSLIB0014) [C:\Users\ultra\warewolf\Dev\Warewolf.Common.NetStandard20\Warewolf.Common.NetStandard20.csproj]
C:\Users\ultra\warewolf\Dev\Warewolf.Common.NetStandard20\Wrappers\WebClientWrapper.cs(31,26): warning SYSLIB0014: 'WebClient.WebClient()' is obsolete: 'WebRequest, HttpWebRequest, ServicePoint, and WebClient are obsolete. Use HttpClient instead.' (https://aka.ms/dotnet-warnings/SYSLIB0014) [C:\Users\ultra\warewolf\Dev\Warewolf.Common.NetStandard20\Warewolf.Common.NetStandard20.csproj]
  Warewolf.Common.NetStandard20 -> C:\Users\ultra\warewolf\Dev\Warewolf.Common.NetStandard20\bin\Debug\net8.0\Warewolf.Common.NetStandard20.dll
C:\Users\ultra\warewolf\Dev\Dev2.Runtime.Services\ServiceModel\ElasticsearchSources.cs(110,34): warning CS0618: 'ElasticsearchClient.Ping()' is obsolete: 'Synchronous methods are deprecated and could be removed in the future.' [C:\Users\ultra\warewolf\Dev\Dev2.Runtime.Services\Dev2.Runtime.Services.csproj]
C:\Users\ultra\warewolf\Dev\Dev2.Runtime.Services\ESB\Management\Services\FetchTestsAndTriggers.cs(45,17): warning CC0105: Use 'var' instead of specifying the type name. (https://code-cracker.github.io/diagnostics/CC0105.html) [C:\Users\ultra\warewolf\Dev\Dev2.Runtime.Services\Dev2.Runtime.Services.csproj]
C:\Users\ultra\warewolf\Dev\Dev2.Runtime.Services\UsageLogger.cs(66,33): warning CC0022: ManagementObjectSearcher should be disposed. (https://code-cracker.github.io/diagnostics/CC0022.html) [C:\Users\ultra\warewolf\Dev\Dev2.Runtime.Services\Dev2.Runtime.Services.csproj]
C:\Users\ultra\warewolf\Dev\Dev2.Runtime.Services\ServiceModel\WebSources.cs(532,7): warning CC0004: Empty Catch Block. (https://code-cracker.github.io/diagnostics/CC0004.html) [C:\Users\ultra\warewolf\Dev\Dev2.Runtime.Services\Dev2.Runtime.Services.csproj]
C:\Users\ultra\warewolf\Dev\Dev2.Runtime.Services\ServiceModel\WebSources.cs(751,38): warning CC0022: StringContent should be disposed. (https://code-cracker.github.io/diagnostics/CC0022.html) [C:\Users\ultra\warewolf\Dev\Dev2.Runtime.Services\Dev2.Runtime.Services.csproj]
C:\Users\ultra\warewolf\Dev\Dev2.Runtime.Services\ESB\Management\Services\TestChatbotSource.cs(44,17): warning CC0105: Use 'var' instead of specifying the type name. (https://code-cracker.github.io/diagnostics/CC0105.html) [C:\Users\ultra\warewolf\Dev\Dev2.Runtime.Services\Dev2.Runtime.Services.csproj]
C:\Users\ultra\warewolf\Dev\Dev2.Runtime.Services\ESB\Management\Services\TestChatbotSource.cs(45,17): warning CC0105: Use 'var' instead of specifying the type name. (https://code-cracker.github.io/diagnostics/CC0105.html) [C:\Users\ultra\warewolf\Dev\Dev2.Runtime.Services\Dev2.Runtime.Services.csproj]
C:\Users\ultra\warewolf\Dev\Dev2.Runtime.Services\ESB\Management\Services\ChatbotToolNormalizer.cs(80,17): warning CC0003: Consider adding an Exception to the catch. (https://code-cracker.github.io/diagnostics/CC0003.html) [C:\Users\ultra\warewolf\Dev\Dev2.Runtime.Services\Dev2.Runtime.Services.csproj]
C:\Users\ultra\warewolf\Dev\Dev2.Runtime.Services\ESB\Management\Services\ChatbotToolNormalizer.cs(101,21): warning CC0004: Empty Catch Block. (https://code-cracker.github.io/diagnostics/CC0004.html) [C:\Users\ultra\warewolf\Dev\Dev2.Runtime.Services\Dev2.Runtime.Services.csproj]
C:\Users\ultra\warewolf\Dev\Dev2.Runtime.Services\ESB\Management\Services\ChatbotToolNormalizer.cs(226,21): warning CC0105: Use 'var' instead of specifying the type name. (https://code-cracker.github.io/diagnostics/CC0105.html) [C:\Users\ultra\warewolf\Dev\Dev2.Runtime.Services\Dev2.Runtime.Services.csproj]
C:\Users\ultra\warewolf\Dev\Dev2.Runtime.Services\ESB\Management\Services\ChatbotToolNormalizer.cs(279,21): warning CC0105: Use 'var' instead of specifying the type name. (https://code-cracker.github.io/diagnostics/CC0105.html) [C:\Users\ultra\warewolf\Dev\Dev2.Runtime.Services\Dev2.Runtime.Services.csproj]
  Dev2.Runtime.Services -> C:\Users\ultra\warewolf\Dev\Dev2.Runtime.Services\bin\Debug\net8.0\Dev2.Runtime.Services.dll
C:\Users\ultra\warewolf\Dev\Warewolf.Driver.Persistence\Drivers\HangfireScheduler.cs(397,17): warning CA2200: Re-throwing caught exception changes stack information (https://learn.microsoft.com/dotnet/fundamentals/code-analysis/quality-rules/ca2200) [C:\Users\ultra\warewolf\Dev\Warewolf.Driver.Persistence\Warewolf.Driver.Persistence.csproj]
C:\Users\ultra\warewolf\Dev\Warewolf.Driver.Persistence\Drivers\HangfireScheduler.cs(320,17): warning CA2200: Re-throwing caught exception changes stack information (https://learn.microsoft.com/dotnet/fundamentals/code-analysis/quality-rules/ca2200) [C:\Users\ultra\warewolf\Dev\Warewolf.Driver.Persistence\Warewolf.Driver.Persistence.csproj]
C:\Users\ultra\warewolf\Dev\Warewolf.Driver.Persistence\Drivers\HangfireScheduler.cs(376,17): warning CA2200: Re-throwing caught exception changes stack information (https://learn.microsoft.com/dotnet/fundamentals/code-analysis/quality-rules/ca2200) [C:\Users\ultra\warewolf\Dev\Warewolf.Driver.Persistence\Warewolf.Driver.Persistence.csproj]
  Warewolf.Driver.Persistence -> C:\Users\ultra\warewolf\Dev\Warewolf.Driver.Persistence\bin\Debug\net8.0\Warewolf.Driver.Persistence.dll
  Dev2.Studio.Interfaces -> C:\Users\ultra\warewolf\Dev\Dev2.Studio.Interfaces\bin\Debug\net8.0\Dev2.Studio.Interfaces.dll
  Dev2.Services.Execution -> C:\Users\ultra\warewolf\Dev\Dev2.Services.Execution\bin\Debug\net8.0\Dev2.Services.Execution.dll
C:\Program Files\dotnet\sdk\10.0.201\Microsoft.Common.CurrentVersion.targets(2451,5): warning MSB3245: Could not resolve this reference. Could not locate the assembly "System.ServiceModel.Activities". Check to make sure the assembly exists on disk. If this reference is required by your code, you may get compilation errors. [C:\Users\ultra\warewolf\Dev\Dev2.Activities\Dev2.Activities.csproj]
C:\Program Files\dotnet\sdk\10.0.201\Microsoft.Common.CurrentVersion.targets(2451,5): warning MSB3277: Found conflicts between different versions of "Microsoft.Win32.SystemEvents" that could not be resolved. [C:\Users\ultra\warewolf\Dev\Warewolf.Studio.Core\Warewolf.Studio.Core.csproj]
C:\Program Files\dotnet\sdk\10.0.201\Microsoft.Common.CurrentVersion.targets(2451,5): warning MSB3277: There was a conflict between "Microsoft.Win32.SystemEvents, Version=6.0.0.0, Culture=neutral, PublicKeyToken=cc7b13ffcd2ddd51" and "Microsoft.Win32.SystemEvents, Version=7.0.0.0, Culture=neutral, PublicKeyToken=cc7b13ffcd2ddd51". [C:\Users\ultra\warewolf\Dev\Warewolf.Studio.Core\Warewolf.Studio.Core.csproj]
C:\Program Files\dotnet\sdk\10.0.201\Microsoft.Common.CurrentVersion.targets(2451,5): warning MSB3277:     "Microsoft.Win32.SystemEvents, Version=6.0.0.0, Culture=neutral, PublicKeyToken=cc7b13ffcd2ddd51" was chosen because it was primary and "Microsoft.Win32.SystemEvents, Version=7.0.0.0, Culture=neutral, PublicKeyToken=cc7b13ffcd2ddd51" was not. [C:\Users\ultra\warewolf\Dev\Warewolf.Studio.Core\Warewolf.Studio.Core.csproj]
C:\Program Files\dotnet\sdk\10.0.201\Microsoft.Common.CurrentVersion.targets(2451,5): warning MSB3277:     References which depend on "Microsoft.Win32.SystemEvents, Version=6.0.0.0, Culture=neutral, PublicKeyToken=cc7b13ffcd2ddd51" [C:\Users\ultra\.nuget\packages\microsoft.win32.systemevents\6.0.0\lib\net6.0\Microsoft.Win32.SystemEvents.dll]. [C:\Users\ultra\warewolf\Dev\Warewolf.Studio.Core\Warewolf.Studio.Core.csproj]
C:\Program Files\dotnet\sdk\10.0.201\Microsoft.Common.CurrentVersion.targets(2451,5): warning MSB3277:         C:\Users\ultra\.nuget\packages\microsoft.win32.systemevents\6.0.0\lib\net6.0\Microsoft.Win32.SystemEvents.dll [C:\Users\ultra\warewolf\Dev\Warewolf.Studio.Core\Warewolf.Studio.Core.csproj]
C:\Program Files\dotnet\sdk\10.0.201\Microsoft.Common.CurrentVersion.targets(2451,5): warning MSB3277:           Project file item includes which caused reference "C:\Users\ultra\.nuget\packages\microsoft.win32.systemevents\6.0.0\lib\net6.0\Microsoft.Win32.SystemEvents.dll". [C:\Users\ultra\warewolf\Dev\Warewolf.Studio.Core\Warewolf.Studio.Core.csproj]
C:\Program Files\dotnet\sdk\10.0.201\Microsoft.Common.CurrentVersion.targets(2451,5): warning MSB3277:             C:\Users\ultra\.nuget\packages\microsoft.win32.systemevents\6.0.0\lib\net6.0\Microsoft.Win32.SystemEvents.dll [C:\Users\ultra\warewolf\Dev\Warewolf.Studio.Core\Warewolf.Studio.Core.csproj]
C:\Program Files\dotnet\sdk\10.0.201\Microsoft.Common.CurrentVersion.targets(2451,5): warning MSB3277:     References which depend on or have been unified to "Microsoft.Win32.SystemEvents, Version=7.0.0.0, Culture=neutral, PublicKeyToken=cc7b13ffcd2ddd51" []. [C:\Users\ultra\warewolf\Dev\Warewolf.Studio.Core\Warewolf.Studio.Core.csproj]
C:\Program Files\dotnet\sdk\10.0.201\Microsoft.Common.CurrentVersion.targets(2451,5): warning MSB3277:         C:\Users\ultra\warewolf\Dev\Dev2.Common\bin\Debug\net8.0\Dev2.Common.dll [C:\Users\ultra\warewolf\Dev\Warewolf.Studio.Core\Warewolf.Studio.Core.csproj]
C:\Program Files\dotnet\sdk\10.0.201\Microsoft.Common.CurrentVersion.targets(2451,5): warning MSB3277:           Project file item includes which caused reference "C:\Users\ultra\warewolf\Dev\Dev2.Common\bin\Debug\net8.0\Dev2.Common.dll". [C:\Users\ultra\warewolf\Dev\Warewolf.Studio.Core\Warewolf.Studio.Core.csproj]
C:\Program Files\dotnet\sdk\10.0.201\Microsoft.Common.CurrentVersion.targets(2451,5): warning MSB3277:             C:\Users\ultra\warewolf\Dev\Dev2.Common\bin\Debug\net8.0\Dev2.Common.dll [C:\Users\ultra\warewolf\Dev\Warewolf.Studio.Core\Warewolf.Studio.Core.csproj]
C:\Program Files\dotnet\sdk\10.0.201\Microsoft.Common.CurrentVersion.targets(2451,5): warning MSB3277:             C:\Users\ultra\warewolf\Dev\Dev2.Core\bin\Debug\net8.0\Dev2.Core.dll [C:\Users\ultra\warewolf\Dev\Warewolf.Studio.Core\Warewolf.Studio.Core.csproj]
C:\Program Files\dotnet\sdk\10.0.201\Microsoft.Common.CurrentVersion.targets(2451,5): warning MSB3277:             C:\Users\ultra\warewolf\Dev\Dev2.Infrastructure\bin\Debug\net8.0\Dev2.Infrastructure.dll [C:\Users\ultra\warewolf\Dev\Warewolf.Studio.Core\Warewolf.Studio.Core.csproj]
C:\Program Files\dotnet\sdk\10.0.201\Microsoft.Common.CurrentVersion.targets(2451,5): warning MSB3277:             C:\Users\ultra\warewolf\Dev\Dev2.Studio.Interfaces\bin\Debug\net8.0\Dev2.Studio.Interfaces.dll [C:\Users\ultra\warewolf\Dev\Warewolf.Studio.Core\Warewolf.Studio.Core.csproj]
C:\Program Files\dotnet\sdk\10.0.201\Microsoft.Common.CurrentVersion.targets(2451,5): warning MSB3277:             C:\Users\ultra\warewolf\Dev\Dev2.Data\bin\Debug\net8.0\Dev2.Data.dll [C:\Users\ultra\warewolf\Dev\Warewolf.Studio.Core\Warewolf.Studio.Core.csproj]
C:\Program Files\dotnet\sdk\10.0.201\Microsoft.Common.CurrentVersion.targets(2451,5): warning MSB3277:             C:\Users\ultra\warewolf\Dev\Dev2.Diagnostics\bin\Debug\net8.0\Dev2.Diagnostics.dll [C:\Users\ultra\warewolf\Dev\Warewolf.Studio.Core\Warewolf.Studio.Core.csproj]
C:\Program Files\dotnet\sdk\10.0.201\Microsoft.Common.CurrentVersion.targets(2451,5): warning MSB3277:             C:\Users\ultra\warewolf\Dev\Dev2.Runtime.Services\bin\Debug\net8.0\Dev2.Runtime.Services.dll [C:\Users\ultra\warewolf\Dev\Warewolf.Studio.Core\Warewolf.Studio.Core.csproj]
C:\Program Files\dotnet\sdk\10.0.201\Microsoft.Common.CurrentVersion.targets(2451,5): warning MSB3277:             C:\Users\ultra\warewolf\Dev\Dev2.Scheduler\bin\Debug\net8.0\Dev2.Scheduler.dll [C:\Users\ultra\warewolf\Dev\Warewolf.Studio.Core\Warewolf.Studio.Core.csproj]
C:\Program Files\dotnet\sdk\10.0.201\Microsoft.Common.CurrentVersion.targets(2451,5): warning MSB3277:             C:\Users\ultra\warewolf\Dev\Dev2.Services.Sql\bin\Debug\net8.0\Dev2.Services.Sql.dll [C:\Users\ultra\warewolf\Dev\Warewolf.Studio.Core\Warewolf.Studio.Core.csproj]
C:\Program Files\dotnet\sdk\10.0.201\Microsoft.Common.CurrentVersion.targets(2451,5): warning MSB3277:             C:\Users\ultra\warewolf\Dev\Dev2.TaskScheduler.Wrappers\bin\Debug\net8.0\Dev2.TaskScheduler.Wrappers.dll [C:\Users\ultra\warewolf\Dev\Warewolf.Studio.Core\Warewolf.Studio.Core.csproj]
C:\Program Files\dotnet\sdk\10.0.201\Microsoft.Common.CurrentVersion.targets(2451,5): warning MSB3277:             C:\Users\ultra\warewolf\Dev\Dev2.Util\bin\Debug\net8.0\Dev2.Util.dll [C:\Users\ultra\warewolf\Dev\Warewolf.Studio.Core\Warewolf.Studio.Core.csproj]
C:\Program Files\dotnet\sdk\10.0.201\Microsoft.Common.CurrentVersion.targets(2451,5): warning MSB3277:             C:\Users\ultra\warewolf\Dev\Warewolf.AI.Harness\bin\Debug\net8.0\Warewolf.AI.Harness.dll [C:\Users\ultra\warewolf\Dev\Warewolf.Studio.Core\Warewolf.Studio.Core.csproj]
C:\Program Files\dotnet\sdk\10.0.201\Microsoft.Common.CurrentVersion.targets(2451,5): warning MSB3277:             C:\Users\ultra\warewolf\Dev\Warewolf.Auditing\bin\Debug\net8.0\Warewolf.Auditing.dll [C:\Users\ultra\warewolf\Dev\Warewolf.Studio.Core\Warewolf.Studio.Core.csproj]
C:\Program Files\dotnet\sdk\10.0.201\Microsoft.Common.CurrentVersion.targets(2451,5): warning MSB3277:             C:\Users\ultra\warewolf\Dev\Warewolf.Common.NetStandard20\bin\Debug\net8.0\Warewolf.Common.NetStandard20.dll [C:\Users\ultra\warewolf\Dev\Warewolf.Studio.Core\Warewolf.Studio.Core.csproj]
C:\Program Files\dotnet\sdk\10.0.201\Microsoft.Common.CurrentVersion.targets(2451,5): warning MSB3277:             C:\Users\ultra\warewolf\Dev\Warewolf.Core\bin\Debug\net8.0\Warewolf.Core.dll [C:\Users\ultra\warewolf\Dev\Warewolf.Studio.Core\Warewolf.Studio.Core.csproj]
C:\Program Files\dotnet\sdk\10.0.201\Microsoft.Common.CurrentVersion.targets(2451,5): warning MSB3277:             C:\Users\ultra\warewolf\Dev\Warewolf.Driver.Serilog\bin\Debug\net8.0\Warewolf.Driver.Serilog.dll [C:\Users\ultra\warewolf\Dev\Warewolf.Studio.Core\Warewolf.Studio.Core.csproj]
C:\Program Files\dotnet\sdk\10.0.201\Microsoft.Common.CurrentVersion.targets(2451,5): warning MSB3277:             C:\Users\ultra\warewolf\Dev\Warewolf.ResourceManagement\bin\Debug\net8.0\Warewolf.ResourceManagement.dll [C:\Users\ultra\warewolf\Dev\Warewolf.Studio.Core\Warewolf.Studio.Core.csproj]
C:\Program Files\dotnet\sdk\10.0.201\Microsoft.Common.CurrentVersion.targets(2451,5): warning MSB3277:             C:\Users\ultra\warewolf\Dev\Warewolf.Sharepoint\bin\Debug\net8.0\Warewolf.Sharepoint.dll [C:\Users\ultra\warewolf\Dev\Warewolf.Studio.Core\Warewolf.Studio.Core.csproj]
C:\Program Files\dotnet\sdk\10.0.201\Microsoft.Common.CurrentVersion.targets(2451,5): warning MSB3277:             C:\Users\ultra\warewolf\Dev\Warewolf.Storage\bin\Debug\net8.0\Warewolf.Storage.dll [C:\Users\ultra\warewolf\Dev\Warewolf.Studio.Core\Warewolf.Studio.Core.csproj]
C:\Program Files\dotnet\sdk\10.0.201\Microsoft.Common.CurrentVersion.targets(2451,5): warning MSB3277:         C:\Users\ultra\warewolf\Dev\Binaries\Infragistcs_Net6\InfragisticsWPF4.v15.1.dll [C:\Users\ultra\warewolf\Dev\Warewolf.Studio.Core\Warewolf.Studio.Core.csproj]
C:\Program Files\dotnet\sdk\10.0.201\Microsoft.Common.CurrentVersion.targets(2451,5): warning MSB3277:           Project file item includes which caused reference "C:\Users\ultra\warewolf\Dev\Binaries\Infragistcs_Net6\InfragisticsWPF4.v15.1.dll". [C:\Users\ultra\warewolf\Dev\Warewolf.Studio.Core\Warewolf.Studio.Core.csproj]
C:\Program Files\dotnet\sdk\10.0.201\Microsoft.Common.CurrentVersion.targets(2451,5): warning MSB3277:             InfragisticsWPF4.v15.1, Version=15.1.20151.2055, Culture=neutral, PublicKeyToken=7dd5c3163f2cd0cb, processorArchitecture=MSIL [C:\Users\ultra\warewolf\Dev\Warewolf.Studio.Core\Warewolf.Studio.Core.csproj]
C:\Program Files\dotnet\sdk\10.0.201\Microsoft.Common.CurrentVersion.targets(2451,5): warning MSB3277:             InfragisticsWPF4.Controls.Menus.XamDataTree.v15.1, Version=15.1.20151.2055, Culture=neutral, PublicKeyToken=7dd5c3163f2cd0cb, processorArchitecture=MSIL [C:\Users\ultra\warewolf\Dev\Warewolf.Studio.Core\Warewolf.Studio.Core.csproj]
C:\Program Files\dotnet\sdk\10.0.201\Microsoft.Common.CurrentVersion.targets(2451,5): warning MSB3277:             InfragisticsWPF4.DataManager.v15.1, Version=15.1.20151.2055, Culture=neutral, PublicKeyToken=7dd5c3163f2cd0cb, processorArchitecture=MSIL [C:\Users\ultra\warewolf\Dev\Warewolf.Studio.Core\Warewolf.Studio.Core.csproj]
C:\Program Files\dotnet\sdk\10.0.201\Microsoft.Common.CurrentVersion.targets(2451,5): warning MSB3277:             InfragisticsWPF4.DockManager.v15.1, Version=15.1.20151.2055, Culture=neutral, PublicKeyToken=7dd5c3163f2cd0cb, processorArchitecture=MSIL [C:\Users\ultra\warewolf\Dev\Warewolf.Studio.Core\Warewolf.Studio.Core.csproj]
C:\Program Files\dotnet\sdk\10.0.201\Microsoft.Common.CurrentVersion.targets(2451,5): warning MSB3277:         C:\Users\ultra\.nuget\packages\timespan2\2.4.2\lib\netcoreapp3.1\TimeSpan2.dll [C:\Users\ultra\warewolf\Dev\Warewolf.Studio.Core\Warewolf.Studio.Core.csproj]
C:\Program Files\dotnet\sdk\10.0.201\Microsoft.Common.CurrentVersion.targets(2451,5): warning MSB3277:           Project file item includes which caused reference "C:\Users\ultra\.nuget\packages\timespan2\2.4.2\lib\netcoreapp3.1\TimeSpan2.dll". [C:\Users\ultra\warewolf\Dev\Warewolf.Studio.Core\Warewolf.Studio.Core.csproj]
C:\Program Files\dotnet\sdk\10.0.201\Microsoft.Common.CurrentVersion.targets(2451,5): warning MSB3277:             C:\Users\ultra\.nuget\packages\timespan2\2.4.2\lib\netcoreapp3.1\TimeSpan2.dll [C:\Users\ultra\warewolf\Dev\Warewolf.Studio.Core\Warewolf.Studio.Core.csproj]
C:\Program Files\dotnet\sdk\10.0.201\Microsoft.Common.CurrentVersion.targets(2451,5): warning MSB3277:             C:\Users\ultra\.nuget\packages\taskschedulereditor\2.10.1\lib\net452\Microsoft.Win32.TaskSchedulerEditor.dll [C:\Users\ultra\warewolf\Dev\Warewolf.Studio.Core\Warewolf.Studio.Core.csproj]
C:\Program Files\dotnet\sdk\10.0.201\Microsoft.Common.CurrentVersion.targets(2451,5): warning MSB3277:         C:\Program Files\dotnet\packs\Microsoft.NETCore.App.Ref\8.0.25\ref\net8.0\System.dll [C:\Users\ultra\warewolf\Dev\Warewolf.Studio.Core\Warewolf.Studio.Core.csproj]
C:\Program Files\dotnet\sdk\10.0.201\Microsoft.Common.CurrentVersion.targets(2451,5): warning MSB3277:           Project file item includes which caused reference "C:\Program Files\dotnet\packs\Microsoft.NETCore.App.Ref\8.0.25\ref\net8.0\System.dll". [C:\Users\ultra\warewolf\Dev\Warewolf.Studio.Core\Warewolf.Studio.Core.csproj]
C:\Program Files\dotnet\sdk\10.0.201\Microsoft.Common.CurrentVersion.targets(2451,5): warning MSB3277:             C:\Program Files\dotnet\packs\Microsoft.NETCore.App.Ref\8.0.25\ref/net8.0/System.dll [C:\Users\ultra\warewolf\Dev\Warewolf.Studio.Core\Warewolf.Studio.Core.csproj]
C:\Program Files\dotnet\sdk\10.0.201\Microsoft.Common.CurrentVersion.targets(2451,5): warning MSB3277:             C:\Users\ultra\.nuget\packages\aerowizard\2.3.1\lib\net45\AeroWizard.dll [C:\Users\ultra\warewolf\Dev\Warewolf.Studio.Core\Warewolf.Studio.Core.csproj]
C:\Program Files\dotnet\sdk\10.0.201\Microsoft.Common.CurrentVersion.targets(2451,5): warning MSB3277:             C:\Users\ultra\.nuget\packages\groupcontrols\1.9.0\lib\net45\GroupControls.dll [C:\Users\ultra\warewolf\Dev\Warewolf.Studio.Core\Warewolf.Studio.Core.csproj]
C:\Program Files\dotnet\sdk\10.0.201\Microsoft.Common.CurrentVersion.targets(2451,5): warning MSB3277:             C:\Users\ultra\.nuget\packages\microsoft.xaml.behaviors.wpf\1.1.122\lib\net462\Microsoft.Xaml.Behaviors.dll [C:\Users\ultra\warewolf\Dev\Warewolf.Studio.Core\Warewolf.Studio.Core.csproj]
C:\Program Files\dotnet\sdk\10.0.201\Microsoft.Common.CurrentVersion.targets(2451,5): warning MSB3277:             C:\Users\ultra\.nuget\packages\caliburn.micro\4.0.212\lib\netcoreapp3.1\Caliburn.Micro.Platform.dll [C:\Users\ultra\warewolf\Dev\Warewolf.Studio.Core\Warewolf.Studio.Core.csproj]
C:\Program Files\dotnet\sdk\10.0.201\Microsoft.Common.CurrentVersion.targets(2451,5): warning MSB3277:             C:\Users\ultra\.nuget\packages\prism.wpf\9.0.537\lib\net462\Prism.Wpf.dll [C:\Users\ultra\warewolf\Dev\Warewolf.Studio.Core\Warewolf.Studio.Core.csproj]
C:\Program Files\dotnet\sdk\10.0.201\Microsoft.Common.CurrentVersion.targets(2451,5): warning MSB3277:             C:\Users\ultra\.nuget\packages\reactiveui.wpf\18.4.1\lib\net462\ReactiveUI.Wpf.dll [C:\Users\ultra\warewolf\Dev\Warewolf.Studio.Core\Warewolf.Studio.Core.csproj]
C:\Program Files\dotnet\sdk\10.0.201\Microsoft.Common.CurrentVersion.targets(2451,5): warning MSB3277:             C:\Users\ultra\.nuget\packages\taskschedulereditor\2.10.1\lib\net452\Microsoft.Win32.TaskSchedulerEditor.dll [C:\Users\ultra\warewolf\Dev\Warewolf.Studio.Core\Warewolf.Studio.Core.csproj]
C:\Program Files\dotnet\sdk\10.0.201\Microsoft.Common.CurrentVersion.targets(2451,5): warning MSB3277:             C:\Users\ultra\.nuget\packages\ttcue.netcore.sharepointonline.csom.16.1.8029.1200\16.1.8029.1200\lib\netcoreapp2.0\Microsoft.SharePoint.Client.Runtime.Windows.dll [C:\Users\ultra\warewolf\Dev\Warewolf.Studio.Core\Warewolf.Studio.Core.csproj]
C:\Program Files\dotnet\sdk\10.0.201\Microsoft.Common.CurrentVersion.targets(2451,5): warning MSB3277: Found conflicts between different versions of "System.Security.Permissions" that could not be resolved. [C:\Users\ultra\warewolf\Dev\Warewolf.Studio.Core\Warewolf.Studio.Core.csproj]
C:\Program Files\dotnet\sdk\10.0.201\Microsoft.Common.CurrentVersion.targets(2451,5): warning MSB3277: There was a conflict between "System.Security.Permissions, Version=6.0.0.0, Culture=neutral, PublicKeyToken=cc7b13ffcd2ddd51" and "System.Security.Permissions, Version=7.0.0.0, Culture=neutral, PublicKeyToken=cc7b13ffcd2ddd51". [C:\Users\ultra\warewolf\Dev\Warewolf.Studio.Core\Warewolf.Studio.Core.csproj]
C:\Program Files\dotnet\sdk\10.0.201\Microsoft.Common.CurrentVersion.targets(2451,5): warning MSB3277:     "System.Security.Permissions, Version=6.0.0.0, Culture=neutral, PublicKeyToken=cc7b13ffcd2ddd51" was chosen because it was primary and "System.Security.Permissions, Version=7.0.0.0, Culture=neutral, PublicKeyToken=cc7b13ffcd2ddd51" was not. [C:\Users\ultra\warewolf\Dev\Warewolf.Studio.Core\Warewolf.Studio.Core.csproj]
C:\Program Files\dotnet\sdk\10.0.201\Microsoft.Common.CurrentVersion.targets(2451,5): warning MSB3277:     References which depend on "System.Security.Permissions, Version=6.0.0.0, Culture=neutral, PublicKeyToken=cc7b13ffcd2ddd51" [C:\Users\ultra\.nuget\packages\system.security.permissions\6.0.0\lib\net6.0\System.Security.Permissions.dll]. [C:\Users\ultra\warewolf\Dev\Warewolf.Studio.Core\Warewolf.Studio.Core.csproj]
C:\Program Files\dotnet\sdk\10.0.201\Microsoft.Common.CurrentVersion.targets(2451,5): warning MSB3277:         C:\Users\ultra\.nuget\packages\system.security.permissions\6.0.0\lib\net6.0\System.Security.Permissions.dll [C:\Users\ultra\warewolf\Dev\Warewolf.Studio.Core\Warewolf.Studio.Core.csproj]
C:\Program Files\dotnet\sdk\10.0.201\Microsoft.Common.CurrentVersion.targets(2451,5): warning MSB3277:           Project file item includes which caused reference "C:\Users\ultra\.nuget\packages\system.security.permissions\6.0.0\lib\net6.0\System.Security.Permissions.dll". [C:\Users\ultra\warewolf\Dev\Warewolf.Studio.Core\Warewolf.Studio.Core.csproj]
C:\Program Files\dotnet\sdk\10.0.201\Microsoft.Common.CurrentVersion.targets(2451,5): warning MSB3277:             C:\Users\ultra\.nuget\packages\system.security.permissions\6.0.0\lib\net6.0\System.Security.Permissions.dll [C:\Users\ultra\warewolf\Dev\Warewolf.Studio.Core\Warewolf.Studio.Core.csproj]
C:\Program Files\dotnet\sdk\10.0.201\Microsoft.Common.CurrentVersion.targets(2451,5): warning MSB3277:     References which depend on or have been unified to "System.Security.Permissions, Version=7.0.0.0, Culture=neutral, PublicKeyToken=cc7b13ffcd2ddd51" []. [C:\Users\ultra\warewolf\Dev\Warewolf.Studio.Core\Warewolf.Studio.Core.csproj]
C:\Program Files\dotnet\sdk\10.0.201\Microsoft.Common.CurrentVersion.targets(2451,5): warning MSB3277:         C:\Users\ultra\warewolf\Dev\Dev2.Data\bin\Debug\net8.0\Dev2.Data.dll [C:\Users\ultra\warewolf\Dev\Warewolf.Studio.Core\Warewolf.Studio.Core.csproj]
C:\Program Files\dotnet\sdk\10.0.201\Microsoft.Common.CurrentVersion.targets(2451,5): warning MSB3277:           Project file item includes which caused reference "C:\Users\ultra\warewolf\Dev\Dev2.Data\bin\Debug\net8.0\Dev2.Data.dll". [C:\Users\ultra\warewolf\Dev\Warewolf.Studio.Core\Warewolf.Studio.Core.csproj]
C:\Program Files\dotnet\sdk\10.0.201\Microsoft.Common.CurrentVersion.targets(2451,5): warning MSB3277:             C:\Users\ultra\warewolf\Dev\Dev2.Data\bin\Debug\net8.0\Dev2.Data.dll [C:\Users\ultra\warewolf\Dev\Warewolf.Studio.Core\Warewolf.Studio.Core.csproj]
C:\Program Files\dotnet\sdk\10.0.201\Microsoft.Common.CurrentVersion.targets(2451,5): warning MSB3277:             C:\Users\ultra\warewolf\Dev\Dev2.Core\bin\Debug\net8.0\Dev2.Core.dll [C:\Users\ultra\warewolf\Dev\Warewolf.Studio.Core\Warewolf.Studio.Core.csproj]
C:\Program Files\dotnet\sdk\10.0.201\Microsoft.Common.CurrentVersion.targets(2451,5): warning MSB3277:             C:\Users\ultra\warewolf\Dev\Dev2.Studio.Interfaces\bin\Debug\net8.0\Dev2.Studio.Interfaces.dll [C:\Users\ultra\warewolf\Dev\Warewolf.Studio.Core\Warewolf.Studio.Core.csproj]
C:\Program Files\dotnet\sdk\10.0.201\Microsoft.Common.CurrentVersion.targets(2451,5): warning MSB3277:             C:\Users\ultra\warewolf\Dev\Dev2.Runtime.Services\bin\Debug\net8.0\Dev2.Runtime.Services.dll [C:\Users\ultra\warewolf\Dev\Warewolf.Studio.Core\Warewolf.Studio.Core.csproj]
C:\Program Files\dotnet\sdk\10.0.201\Microsoft.Common.CurrentVersion.targets(2451,5): warning MSB3277:             C:\Users\ultra\warewolf\Dev\Dev2.Scheduler\bin\Debug\net8.0\Dev2.Scheduler.dll [C:\Users\ultra\warewolf\Dev\Warewolf.Studio.Core\Warewolf.Studio.Core.csproj]
C:\Program Files\dotnet\sdk\10.0.201\Microsoft.Common.CurrentVersion.targets(2451,5): warning MSB3277:             C:\Users\ultra\warewolf\Dev\Warewolf.Auditing\bin\Debug\net8.0\Warewolf.Auditing.dll [C:\Users\ultra\warewolf\Dev\Warewolf.Studio.Core\Warewolf.Studio.Core.csproj]
C:\Program Files\dotnet\sdk\10.0.201\Microsoft.Common.CurrentVersion.targets(2451,5): warning MSB3277:             C:\Users\ultra\warewolf\Dev\Warewolf.Common.NetStandard20\bin\Debug\net8.0\Warewolf.Common.NetStandard20.dll [C:\Users\ultra\warewolf\Dev\Warewolf.Studio.Core\Warewolf.Studio.Core.csproj]
C:\Program Files\dotnet\sdk\10.0.201\Microsoft.Common.CurrentVersion.targets(2451,5): warning MSB3277:             C:\Users\ultra\warewolf\Dev\Warewolf.Core\bin\Debug\net8.0\Warewolf.Core.dll [C:\Users\ultra\warewolf\Dev\Warewolf.Studio.Core\Warewolf.Studio.Core.csproj]
C:\Program Files\dotnet\sdk\10.0.201\Microsoft.Common.CurrentVersion.targets(2451,5): warning MSB3277:             C:\Users\ultra\warewolf\Dev\Warewolf.ResourceManagement\bin\Debug\net8.0\Warewolf.ResourceManagement.dll [C:\Users\ultra\warewolf\Dev\Warewolf.Studio.Core\Warewolf.Studio.Core.csproj]
C:\Program Files\dotnet\sdk\10.0.201\Microsoft.Common.CurrentVersion.targets(2451,5): warning MSB3277:         C:\Users\ultra\warewolf\Dev\Binaries\Infragistcs_Net6\InfragisticsWPF4.DockManager.v15.1.dll [C:\Users\ultra\warewolf\Dev\Warewolf.Studio.Core\Warewolf.Studio.Core.csproj]
C:\Program Files\dotnet\sdk\10.0.201\Microsoft.Common.CurrentVersion.targets(2451,5): warning MSB3277:           Project file item includes which caused reference "C:\Users\ultra\warewolf\Dev\Binaries\Infragistcs_Net6\InfragisticsWPF4.DockManager.v15.1.dll". [C:\Users\ultra\warewolf\Dev\Warewolf.Studio.Core\Warewolf.Studio.Core.csproj]
C:\Program Files\dotnet\sdk\10.0.201\Microsoft.Common.CurrentVersion.targets(2451,5): warning MSB3277:             InfragisticsWPF4.DockManager.v15.1, Version=15.1.20151.2055, Culture=neutral, PublicKeyToken=7dd5c3163f2cd0cb, processorArchitecture=MSIL [C:\Users\ultra\warewolf\Dev\Warewolf.Studio.Core\Warewolf.Studio.Core.csproj]
C:\Program Files\dotnet\sdk\10.0.201\Microsoft.Common.CurrentVersion.targets(2451,5): warning MSB3277:         C:\Users\ultra\warewolf\Dev\Binaries\Infragistcs_Net6\InfragisticsWPF4.v15.1.dll [C:\Users\ultra\warewolf\Dev\Warewolf.Studio.Core\Warewolf.Studio.Core.csproj]
C:\Program Files\dotnet\sdk\10.0.201\Microsoft.Common.CurrentVersion.targets(2451,5): warning MSB3277:           Project file item includes which caused reference "C:\Users\ultra\warewolf\Dev\Binaries\Infragistcs_Net6\InfragisticsWPF4.v15.1.dll". [C:\Users\ultra\warewolf\Dev\Warewolf.Studio.Core\Warewolf.Studio.Core.csproj]
C:\Program Files\dotnet\sdk\10.0.201\Microsoft.Common.CurrentVersion.targets(2451,5): warning MSB3277:             InfragisticsWPF4.v15.1, Version=15.1.20151.2055, Culture=neutral, PublicKeyToken=7dd5c3163f2cd0cb, processorArchitecture=MSIL [C:\Users\ultra\warewolf\Dev\Warewolf.Studio.Core\Warewolf.Studio.Core.csproj]
C:\Program Files\dotnet\sdk\10.0.201\Microsoft.Common.CurrentVersion.targets(2451,5): warning MSB3277:             InfragisticsWPF4.Controls.Menus.XamDataTree.v15.1, Version=15.1.20151.2055, Culture=neutral, PublicKeyToken=7dd5c3163f2cd0cb, processorArchitecture=MSIL [C:\Users\ultra\warewolf\Dev\Warewolf.Studio.Core\Warewolf.Studio.Core.csproj]
C:\Program Files\dotnet\sdk\10.0.201\Microsoft.Common.CurrentVersion.targets(2451,5): warning MSB3277:             InfragisticsWPF4.DataManager.v15.1, Version=15.1.20151.2055, Culture=neutral, PublicKeyToken=7dd5c3163f2cd0cb, processorArchitecture=MSIL [C:\Users\ultra\warewolf\Dev\Warewolf.Studio.Core\Warewolf.Studio.Core.csproj]
C:\Program Files\dotnet\sdk\10.0.201\Microsoft.Common.CurrentVersion.targets(2451,5): warning MSB3277:             InfragisticsWPF4.DockManager.v15.1, Version=15.1.20151.2055, Culture=neutral, PublicKeyToken=7dd5c3163f2cd0cb, processorArchitecture=MSIL [C:\Users\ultra\warewolf\Dev\Warewolf.Studio.Core\Warewolf.Studio.Core.csproj]
C:\Program Files\dotnet\sdk\10.0.201\Microsoft.Common.CurrentVersion.targets(2451,5): warning MSB3277:         C:\Users\ultra\.nuget\packages\dotnetzip\1.16.0\lib\netstandard2.0\DotNetZip.dll [C:\Users\ultra\warewolf\Dev\Warewolf.Studio.Core\Warewolf.Studio.Core.csproj]
C:\Program Files\dotnet\sdk\10.0.201\Microsoft.Common.CurrentVersion.targets(2451,5): warning MSB3277:           Project file item includes which caused reference "C:\Users\ultra\.nuget\packages\dotnetzip\1.16.0\lib\netstandard2.0\DotNetZip.dll". [C:\Users\ultra\warewolf\Dev\Warewolf.Studio.Core\Warewolf.Studio.Core.csproj]
C:\Program Files\dotnet\sdk\10.0.201\Microsoft.Common.CurrentVersion.targets(2451,5): warning MSB3277:             C:\Users\ultra\.nuget\packages\dotnetzip\1.16.0\lib\netstandard2.0\DotNetZip.dll [C:\Users\ultra\warewolf\Dev\Warewolf.Studio.Core\Warewolf.Studio.Core.csproj]
C:\Program Files\dotnet\sdk\10.0.201\Microsoft.Common.CurrentVersion.targets(2451,5): warning MSB3277:             C:\Users\ultra\warewolf\Dev\Dev2.Common\bin\Debug\net8.0\Dev2.Common.dll [C:\Users\ultra\warewolf\Dev\Warewolf.Studio.Core\Warewolf.Studio.Core.csproj]
C:\Program Files\dotnet\sdk\10.0.201\Microsoft.Common.CurrentVersion.targets(2451,5): warning MSB3277:             C:\Users\ultra\warewolf\Dev\Dev2.Core\bin\Debug\net8.0\Dev2.Core.dll [C:\Users\ultra\warewolf\Dev\Warewolf.Studio.Core\Warewolf.Studio.Core.csproj]
C:\Program Files\dotnet\sdk\10.0.201\Microsoft.Common.CurrentVersion.targets(2451,5): warning MSB3277:             C:\Users\ultra\warewolf\Dev\Dev2.Infrastructure\bin\Debug\net8.0\Dev2.Infrastructure.dll [C:\Users\ultra\warewolf\Dev\Warewolf.Studio.Core\Warewolf.Studio.Core.csproj]
C:\Program Files\dotnet\sdk\10.0.201\Microsoft.Common.CurrentVersion.targets(2451,5): warning MSB3277:             C:\Users\ultra\warewolf\Dev\Dev2.Studio.Interfaces\bin\Debug\net8.0\Dev2.Studio.Interfaces.dll [C:\Users\ultra\warewolf\Dev\Warewolf.Studio.Core\Warewolf.Studio.Core.csproj]
C:\Program Files\dotnet\sdk\10.0.201\Microsoft.Common.CurrentVersion.targets(2451,5): warning MSB3277:             C:\Users\ultra\warewolf\Dev\Dev2.Data\bin\Debug\net8.0\Dev2.Data.dll [C:\Users\ultra\warewolf\Dev\Warewolf.Studio.Core\Warewolf.Studio.Core.csproj]
C:\Program Files\dotnet\sdk\10.0.201\Microsoft.Common.CurrentVersion.targets(2451,5): warning MSB3277:             C:\Users\ultra\warewolf\Dev\Dev2.Data.Interfaces\bin\Debug\net8.0\Dev2.Data.Interfaces.dll [C:\Users\ultra\warewolf\Dev\Warewolf.Studio.Core\Warewolf.Studio.Core.csproj]
C:\Program Files\dotnet\sdk\10.0.201\Microsoft.Common.CurrentVersion.targets(2451,5): warning MSB3277:             C:\Users\ultra\warewolf\Dev\Dev2.Diagnostics\bin\Debug\net8.0\Dev2.Diagnostics.dll [C:\Users\ultra\warewolf\Dev\Warewolf.Studio.Core\Warewolf.Studio.Core.csproj]
C:\Program Files\dotnet\sdk\10.0.201\Microsoft.Common.CurrentVersion.targets(2451,5): warning MSB3277:             C:\Users\ultra\warewolf\Dev\Dev2.Runtime.Services\bin\Debug\net8.0\Dev2.Runtime.Services.dll [C:\Users\ultra\warewolf\Dev\Warewolf.Studio.Core\Warewolf.Studio.Core.csproj]
C:\Program Files\dotnet\sdk\10.0.201\Microsoft.Common.CurrentVersion.targets(2451,5): warning MSB3277:             C:\Users\ultra\warewolf\Dev\Dev2.Scheduler\bin\Debug\net8.0\Dev2.Scheduler.dll [C:\Users\ultra\warewolf\Dev\Warewolf.Studio.Core\Warewolf.Studio.Core.csproj]
C:\Program Files\dotnet\sdk\10.0.201\Microsoft.Common.CurrentVersion.targets(2451,5): warning MSB3277:             C:\Users\ultra\warewolf\Dev\Dev2.Services.Sql\bin\Debug\net8.0\Dev2.Services.Sql.dll [C:\Users\ultra\warewolf\Dev\Warewolf.Studio.Core\Warewolf.Studio.Core.csproj]
C:\Program Files\dotnet\sdk\10.0.201\Microsoft.Common.CurrentVersion.targets(2451,5): warning MSB3277:             C:\Users\ultra\warewolf\Dev\Dev2.TaskScheduler.Wrappers\bin\Debug\net8.0\Dev2.TaskScheduler.Wrappers.dll [C:\Users\ultra\warewolf\Dev\Warewolf.Studio.Core\Warewolf.Studio.Core.csproj]
C:\Program Files\dotnet\sdk\10.0.201\Microsoft.Common.CurrentVersion.targets(2451,5): warning MSB3277:             C:\Users\ultra\warewolf\Dev\Dev2.Util\bin\Debug\net8.0\Dev2.Util.dll [C:\Users\ultra\warewolf\Dev\Warewolf.Studio.Core\Warewolf.Studio.Core.csproj]
C:\Program Files\dotnet\sdk\10.0.201\Microsoft.Common.CurrentVersion.targets(2451,5): warning MSB3277:             C:\Users\ultra\warewolf\Dev\Warewolf.AI.Harness\bin\Debug\net8.0\Warewolf.AI.Harness.dll [C:\Users\ultra\warewolf\Dev\Warewolf.Studio.Core\Warewolf.Studio.Core.csproj]
C:\Program Files\dotnet\sdk\10.0.201\Microsoft.Common.CurrentVersion.targets(2451,5): warning MSB3277:             C:\Users\ultra\warewolf\Dev\Warewolf.Auditing\bin\Debug\net8.0\Warewolf.Auditing.dll [C:\Users\ultra\warewolf\Dev\Warewolf.Studio.Core\Warewolf.Studio.Core.csproj]
C:\Program Files\dotnet\sdk\10.0.201\Microsoft.Common.CurrentVersion.targets(2451,5): warning MSB3277:             C:\Users\ultra\warewolf\Dev\Warewolf.Common.NetStandard20\bin\Debug\net8.0\Warewolf.Common.NetStandard20.dll [C:\Users\ultra\warewolf\Dev\Warewolf.Studio.Core\Warewolf.Studio.Core.csproj]
C:\Program Files\dotnet\sdk\10.0.201\Microsoft.Common.CurrentVersion.targets(2451,5): warning MSB3277:             C:\Users\ultra\warewolf\Dev\Warewolf.Core\bin\Debug\net8.0\Warewolf.Core.dll [C:\Users\ultra\warewolf\Dev\Warewolf.Studio.Core\Warewolf.Studio.Core.csproj]
C:\Program Files\dotnet\sdk\10.0.201\Microsoft.Common.CurrentVersion.targets(2451,5): warning MSB3277:             C:\Users\ultra\warewolf\Dev\Warewolf.Driver.Serilog\bin\Debug\net8.0\Warewolf.Driver.Serilog.dll [C:\Users\ultra\warewolf\Dev\Warewolf.Studio.Core\Warewolf.Studio.Core.csproj]
C:\Program Files\dotnet\sdk\10.0.201\Microsoft.Common.CurrentVersion.targets(2451,5): warning MSB3277:             C:\Users\ultra\warewolf\Dev\Warewolf.ResourceManagement\bin\Debug\net8.0\Warewolf.ResourceManagement.dll [C:\Users\ultra\warewolf\Dev\Warewolf.Studio.Core\Warewolf.Studio.Core.csproj]
C:\Program Files\dotnet\sdk\10.0.201\Microsoft.Common.CurrentVersion.targets(2451,5): warning MSB3277:             C:\Users\ultra\warewolf\Dev\Warewolf.Sharepoint\bin\Debug\net8.0\Warewolf.Sharepoint.dll [C:\Users\ultra\warewolf\Dev\Warewolf.Studio.Core\Warewolf.Studio.Core.csproj]
C:\Program Files\dotnet\sdk\10.0.201\Microsoft.Common.CurrentVersion.targets(2451,5): warning MSB3277:             C:\Users\ultra\warewolf\Dev\Warewolf.Storage\bin\Debug\net8.0\Warewolf.Storage.dll [C:\Users\ultra\warewolf\Dev\Warewolf.Studio.Core\Warewolf.Studio.Core.csproj]
C:\Program Files\dotnet\sdk\10.0.201\Microsoft.Common.CurrentVersion.targets(2451,5): warning MSB3277:         C:\Users\ultra\.nuget\packages\mindbox.data.linq\5.0.0\lib\netstandard2.0\Mindbox.Data.Linq.dll [C:\Users\ultra\warewolf\Dev\Warewolf.Studio.Core\Warewolf.Studio.Core.csproj]
C:\Program Files\dotnet\sdk\10.0.201\Microsoft.Common.CurrentVersion.targets(2451,5): warning MSB3277:           Project file item includes which caused reference "C:\Users\ultra\.nuget\packages\mindbox.data.linq\5.0.0\lib\netstandard2.0\Mindbox.Data.Linq.dll". [C:\Users\ultra\warewolf\Dev\Warewolf.Studio.Core\Warewolf.Studio.Core.csproj]
C:\Program Files\dotnet\sdk\10.0.201\Microsoft.Common.CurrentVersion.targets(2451,5): warning MSB3277:             C:\Users\ultra\.nuget\packages\mindbox.data.linq\5.0.0\lib\netstandard2.0\Mindbox.Data.Linq.dll [C:\Users\ultra\warewolf\Dev\Warewolf.Studio.Core\Warewolf.Studio.Core.csproj]
C:\Program Files\dotnet\sdk\10.0.201\Microsoft.Common.CurrentVersion.targets(2451,5): warning MSB3277:             C:\Users\ultra\warewolf\Dev\Warewolf.Auditing\bin\Debug\net8.0\Warewolf.Auditing.dll [C:\Users\ultra\warewolf\Dev\Warewolf.Studio.Core\Warewolf.Studio.Core.csproj]
C:\Program Files\dotnet\sdk\10.0.201\Microsoft.Common.CurrentVersion.targets(2451,5): warning MSB3277:             C:\Users\ultra\warewolf\Dev\Dev2.Runtime.Services\bin\Debug\net8.0\Dev2.Runtime.Services.dll [C:\Users\ultra\warewolf\Dev\Warewolf.Studio.Core\Warewolf.Studio.Core.csproj]
C:\Program Files\dotnet\sdk\10.0.201\Microsoft.Common.CurrentVersion.targets(2451,5): warning MSB3277:             C:\Users\ultra\warewolf\Dev\Dev2.Studio.Interfaces\bin\Debug\net8.0\Dev2.Studio.Interfaces.dll [C:\Users\ultra\warewolf\Dev\Warewolf.Studio.Core\Warewolf.Studio.Core.csproj]
C:\Program Files\dotnet\sdk\10.0.201\Microsoft.Common.CurrentVersion.targets(2451,5): warning MSB3277:             C:\Users\ultra\warewolf\Dev\Warewolf.Common.NetStandard20\bin\Debug\net8.0\Warewolf.Common.NetStandard20.dll [C:\Users\ultra\warewolf\Dev\Warewolf.Studio.Core\Warewolf.Studio.Core.csproj]
C:\Program Files\dotnet\sdk\10.0.201\Microsoft.Common.CurrentVersion.targets(2451,5): warning MSB3277:         C:\Users\ultra\.nuget\packages\mysql.data\8.4.0\lib\net8.0\MySql.Data.dll [C:\Users\ultra\warewolf\Dev\Warewolf.Studio.Core\Warewolf.Studio.Core.csproj]
C:\Program Files\dotnet\sdk\10.0.201\Microsoft.Common.CurrentVersion.targets(2451,5): warning MSB3277:           Project file item includes which caused reference "C:\Users\ultra\.nuget\packages\mysql.data\8.4.0\lib\net8.0\MySql.Data.dll". [C:\Users\ultra\warewolf\Dev\Warewolf.Studio.Core\Warewolf.Studio.Core.csproj]
C:\Program Files\dotnet\sdk\10.0.201\Microsoft.Common.CurrentVersion.targets(2451,5): warning MSB3277:             C:\Users\ultra\.nuget\packages\mysql.data\8.4.0\lib\net8.0\MySql.Data.dll [C:\Users\ultra\warewolf\Dev\Warewolf.Studio.Core\Warewolf.Studio.Core.csproj]
C:\Program Files\dotnet\sdk\10.0.201\Microsoft.Common.CurrentVersion.targets(2451,5): warning MSB3277:             C:\Users\ultra\warewolf\Dev\Dev2.Runtime.Services\bin\Debug\net8.0\Dev2.Runtime.Services.dll [C:\Users\ultra\warewolf\Dev\Warewolf.Studio.Core\Warewolf.Studio.Core.csproj]
C:\Program Files\dotnet\sdk\10.0.201\Microsoft.Common.CurrentVersion.targets(2451,5): warning MSB3277:             C:\Users\ultra\warewolf\Dev\Dev2.Studio.Interfaces\bin\Debug\net8.0\Dev2.Studio.Interfaces.dll [C:\Users\ultra\warewolf\Dev\Warewolf.Studio.Core\Warewolf.Studio.Core.csproj]
C:\Program Files\dotnet\sdk\10.0.201\Microsoft.Common.CurrentVersion.targets(2451,5): warning MSB3277:             C:\Users\ultra\warewolf\Dev\Dev2.Services.Sql\bin\Debug\net8.0\Dev2.Services.Sql.dll [C:\Users\ultra\warewolf\Dev\Warewolf.Studio.Core\Warewolf.Studio.Core.csproj]
C:\Program Files\dotnet\sdk\10.0.201\Microsoft.Common.CurrentVersion.targets(2451,5): warning MSB3277:         C:\Users\ultra\.nuget\packages\oracle.manageddataaccess.core\3.21.70\lib\netstandard2.1\Oracle.ManagedDataAccess.dll [C:\Users\ultra\warewolf\Dev\Warewolf.Studio.Core\Warewolf.Studio.Core.csproj]
C:\Program Files\dotnet\sdk\10.0.201\Microsoft.Common.CurrentVersion.targets(2451,5): warning MSB3277:           Project file item includes which caused reference "C:\Users\ultra\.nuget\packages\oracle.manageddataaccess.core\3.21.70\lib\netstandard2.1\Oracle.ManagedDataAccess.dll". [C:\Users\ultra\warewolf\Dev\Warewolf.Studio.Core\Warewolf.Studio.Core.csproj]
C:\Program Files\dotnet\sdk\10.0.201\Microsoft.Common.CurrentVersion.targets(2451,5): warning MSB3277:             C:\Users\ultra\.nuget\packages\oracle.manageddataaccess.core\3.21.70\lib\netstandard2.1\Oracle.ManagedDataAccess.dll [C:\Users\ultra\warewolf\Dev\Warewolf.Studio.Core\Warewolf.Studio.Core.csproj]
C:\Program Files\dotnet\sdk\10.0.201\Microsoft.Common.CurrentVersion.targets(2451,5): warning MSB3277:             C:\Users\ultra\warewolf\Dev\Dev2.Runtime.Services\bin\Debug\net8.0\Dev2.Runtime.Services.dll [C:\Users\ultra\warewolf\Dev\Warewolf.Studio.Core\Warewolf.Studio.Core.csproj]
C:\Program Files\dotnet\sdk\10.0.201\Microsoft.Common.CurrentVersion.targets(2451,5): warning MSB3277:             C:\Users\ultra\warewolf\Dev\Dev2.Studio.Interfaces\bin\Debug\net8.0\Dev2.Studio.Interfaces.dll [C:\Users\ultra\warewolf\Dev\Warewolf.Studio.Core\Warewolf.Studio.Core.csproj]
C:\Program Files\dotnet\sdk\10.0.201\Microsoft.Common.CurrentVersion.targets(2451,5): warning MSB3277:             C:\Users\ultra\warewolf\Dev\Dev2.Services.Sql\bin\Debug\net8.0\Dev2.Services.Sql.dll [C:\Users\ultra\warewolf\Dev\Warewolf.Studio.Core\Warewolf.Studio.Core.csproj]
C:\Program Files\dotnet\sdk\10.0.201\Microsoft.Common.CurrentVersion.targets(2451,5): warning MSB3277:         C:\Users\ultra\.nuget\packages\system.directoryservices\6.0.0\lib\net6.0\System.DirectoryServices.dll [C:\Users\ultra\warewolf\Dev\Warewolf.Studio.Core\Warewolf.Studio.Core.csproj]
C:\Program Files\dotnet\sdk\10.0.201\Microsoft.Common.CurrentVersion.targets(2451,5): warning MSB3277:           Project file item includes which caused reference "C:\Users\ultra\.nuget\packages\system.directoryservices\6.0.0\lib\net6.0\System.DirectoryServices.dll". [C:\Users\ultra\warewolf\Dev\Warewolf.Studio.Core\Warewolf.Studio.Core.csproj]
C:\Program Files\dotnet\sdk\10.0.201\Microsoft.Common.CurrentVersion.targets(2451,5): warning MSB3277:             C:\Users\ultra\.nuget\packages\system.directoryservices\6.0.0\lib\net6.0\System.DirectoryServices.dll [C:\Users\ultra\warewolf\Dev\Warewolf.Studio.Core\Warewolf.Studio.Core.csproj]
C:\Program Files\dotnet\sdk\10.0.201\Microsoft.Common.CurrentVersion.targets(2451,5): warning MSB3277:             C:\Users\ultra\.nuget\packages\corewcf.primitives\1.2.1\lib\netstandard2.0\CoreWCF.Primitives.dll [C:\Users\ultra\warewolf\Dev\Warewolf.Studio.Core\Warewolf.Studio.Core.csproj]
C:\Program Files\dotnet\sdk\10.0.201\Microsoft.Common.CurrentVersion.targets(2451,5): warning MSB3277:             C:\Users\ultra\warewolf\Dev\Dev2.Runtime.Services\bin\Debug\net8.0\Dev2.Runtime.Services.dll [C:\Users\ultra\warewolf\Dev\Warewolf.Studio.Core\Warewolf.Studio.Core.csproj]
C:\Program Files\dotnet\sdk\10.0.201\Microsoft.Common.CurrentVersion.targets(2451,5): warning MSB3277:             C:\Users\ultra\warewolf\Dev\Dev2.Studio.Interfaces\bin\Debug\net8.0\Dev2.Studio.Interfaces.dll [C:\Users\ultra\warewolf\Dev\Warewolf.Studio.Core\Warewolf.Studio.Core.csproj]
C:\Program Files\dotnet\sdk\10.0.201\Microsoft.Common.CurrentVersion.targets(2451,5): warning MSB3277:             C:\Users\ultra\.nuget\packages\corewcf.http\1.2.1\lib\netstandard2.0\CoreWCF.Http.dll [C:\Users\ultra\warewolf\Dev\Warewolf.Studio.Core\Warewolf.Studio.Core.csproj]
C:\Program Files\dotnet\sdk\10.0.201\Microsoft.Common.CurrentVersion.targets(2451,5): warning MSB3277:             C:\Users\ultra\.nuget\packages\corewcf.nettcp\1.2.1\lib\netstandard2.0\CoreWCF.NetTcp.dll [C:\Users\ultra\warewolf\Dev\Warewolf.Studio.Core\Warewolf.Studio.Core.csproj]
C:\Program Files\dotnet\sdk\10.0.201\Microsoft.Common.CurrentVersion.targets(2451,5): warning MSB3277:             C:\Users\ultra\.nuget\packages\corewcf.webhttp\1.2.1\lib\netstandard2.0\CoreWCF.WebHttp.dll [C:\Users\ultra\warewolf\Dev\Warewolf.Studio.Core\Warewolf.Studio.Core.csproj]
C:\Program Files\dotnet\sdk\10.0.201\Microsoft.Common.CurrentVersion.targets(2451,5): warning MSB3277:         C:\Program Files\dotnet\packs\Microsoft.NETCore.App.Ref\8.0.25\ref\net8.0\System.Configuration.dll [C:\Users\ultra\warewolf\Dev\Warewolf.Studio.Core\Warewolf.Studio.Core.csproj]
C:\Program Files\dotnet\sdk\10.0.201\Microsoft.Common.CurrentVersion.targets(2451,5): warning MSB3277:           Project file item includes which caused reference "C:\Program Files\dotnet\packs\Microsoft.NETCore.App.Ref\8.0.25\ref\net8.0\System.Configuration.dll". [C:\Users\ultra\warewolf\Dev\Warewolf.Studio.Core\Warewolf.Studio.Core.csproj]
C:\Program Files\dotnet\sdk\10.0.201\Microsoft.Common.CurrentVersion.targets(2451,5): warning MSB3277:             C:\Program Files\dotnet\packs\Microsoft.NETCore.App.Ref\8.0.25\ref/net8.0/System.Configuration.dll [C:\Users\ultra\warewolf\Dev\Warewolf.Studio.Core\Warewolf.Studio.Core.csproj]
C:\Program Files\dotnet\sdk\10.0.201\Microsoft.Common.CurrentVersion.targets(2451,5): warning MSB3277:             C:\Users\ultra\.nuget\packages\prism.wpf\9.0.537\lib\net462\Prism.Wpf.dll [C:\Users\ultra\warewolf\Dev\Warewolf.Studio.Core\Warewolf.Studio.Core.csproj]
C:\Program Files\dotnet\sdk\10.0.201\Microsoft.Common.CurrentVersion.targets(2451,5): warning MSB3277:         C:\Program Files\dotnet\packs\Microsoft.NETCore.App.Ref\8.0.25\ref\net8.0\System.Data.dll [C:\Users\ultra\warewolf\Dev\Warewolf.Studio.Core\Warewolf.Studio.Core.csproj]
C:\Program Files\dotnet\sdk\10.0.201\Microsoft.Common.CurrentVersion.targets(2451,5): warning MSB3277:           Project file item includes which caused reference "C:\Program Files\dotnet\packs\Microsoft.NETCore.App.Ref\8.0.25\ref\net8.0\System.Data.dll". [C:\Users\ultra\warewolf\Dev\Warewolf.Studio.Core\Warewolf.Studio.Core.csproj]
C:\Program Files\dotnet\sdk\10.0.201\Microsoft.Common.CurrentVersion.targets(2451,5): warning MSB3277:             C:\Program Files\dotnet\packs\Microsoft.NETCore.App.Ref\8.0.25\ref/net8.0/System.Data.dll [C:\Users\ultra\warewolf\Dev\Warewolf.Studio.Core\Warewolf.Studio.Core.csproj]
C:\Program Files\dotnet\sdk\10.0.201\Microsoft.Common.CurrentVersion.targets(2451,5): warning MSB3277:             C:\Users\ultra\.nuget\packages\taskschedulereditor\2.10.1\lib\net452\Microsoft.Win32.TaskSchedulerEditor.dll [C:\Users\ultra\warewolf\Dev\Warewolf.Studio.Core\Warewolf.Studio.Core.csproj]
C:\Program Files\dotnet\sdk\10.0.201\Microsoft.Common.CurrentVersion.targets(2451,5): warning MSB3277:         C:\Program Files\dotnet\packs\Microsoft.NETCore.App.Ref\8.0.25\ref\net8.0\System.Drawing.dll [C:\Users\ultra\warewolf\Dev\Warewolf.Studio.Core\Warewolf.Studio.Core.csproj]
C:\Program Files\dotnet\sdk\10.0.201\Microsoft.Common.CurrentVersion.targets(2451,5): warning MSB3277:           Project file item includes which caused reference "C:\Program Files\dotnet\packs\Microsoft.NETCore.App.Ref\8.0.25\ref\net8.0\System.Drawing.dll". [C:\Users\ultra\warewolf\Dev\Warewolf.Studio.Core\Warewolf.Studio.Core.csproj]
C:\Program Files\dotnet\sdk\10.0.201\Microsoft.Common.CurrentVersion.targets(2451,5): warning MSB3277:             C:\Program Files\dotnet\packs\Microsoft.NETCore.App.Ref\8.0.25\ref/net8.0/System.Drawing.dll [C:\Users\ultra\warewolf\Dev\Warewolf.Studio.Core\Warewolf.Studio.Core.csproj]
C:\Program Files\dotnet\sdk\10.0.201\Microsoft.Common.CurrentVersion.targets(2451,5): warning MSB3277:             C:\Users\ultra\.nuget\packages\aerowizard\2.3.1\lib\net45\AeroWizard.dll [C:\Users\ultra\warewolf\Dev\Warewolf.Studio.Core\Warewolf.Studio.Core.csproj]
C:\Program Files\dotnet\sdk\10.0.201\Microsoft.Common.CurrentVersion.targets(2451,5): warning MSB3277:             C:\Users\ultra\.nuget\packages\groupcontrols\1.9.0\lib\net45\GroupControls.dll [C:\Users\ultra\warewolf\Dev\Warewolf.Studio.Core\Warewolf.Studio.Core.csproj]
C:\Program Files\dotnet\sdk\10.0.201\Microsoft.Common.CurrentVersion.targets(2451,5): warning MSB3277:             C:\Users\ultra\.nuget\packages\taskschedulereditor\2.10.1\lib\net452\Microsoft.Win32.TaskSchedulerEditor.dll [C:\Users\ultra\warewolf\Dev\Warewolf.Studio.Core\Warewolf.Studio.Core.csproj]
C:\Program Files\dotnet\sdk\10.0.201\Microsoft.Common.CurrentVersion.targets(2451,5): warning MSB3277:         C:\Program Files\dotnet\packs\Microsoft.NETCore.App.Ref\8.0.25\ref\net8.0\System.Net.dll [C:\Users\ultra\warewolf\Dev\Warewolf.Studio.Core\Warewolf.Studio.Core.csproj]
C:\Program Files\dotnet\sdk\10.0.201\Microsoft.Common.CurrentVersion.targets(2451,5): warning MSB3277:           Project file item includes which caused reference "C:\Program Files\dotnet\packs\Microsoft.NETCore.App.Ref\8.0.25\ref\net8.0\System.Net.dll". [C:\Users\ultra\warewolf\Dev\Warewolf.Studio.Core\Warewolf.Studio.Core.csproj]
C:\Program Files\dotnet\sdk\10.0.201\Microsoft.Common.CurrentVersion.targets(2451,5): warning MSB3277:             C:\Program Files\dotnet\packs\Microsoft.NETCore.App.Ref\8.0.25\ref/net8.0/System.Net.dll [C:\Users\ultra\warewolf\Dev\Warewolf.Studio.Core\Warewolf.Studio.Core.csproj]
C:\Program Files\dotnet\sdk\10.0.201\Microsoft.Common.CurrentVersion.targets(2451,5): warning MSB3277:         C:\Program Files\dotnet\packs\Microsoft.NETCore.App.Ref\8.0.25\ref\net8.0\System.Security.dll [C:\Users\ultra\warewolf\Dev\Warewolf.Studio.Core\Warewolf.Studio.Core.csproj]
C:\Program Files\dotnet\sdk\10.0.201\Microsoft.Common.CurrentVersion.targets(2451,5): warning MSB3277:           Project file item includes which caused reference "C:\Program Files\dotnet\packs\Microsoft.NETCore.App.Ref\8.0.25\ref\net8.0\System.Security.dll". [C:\Users\ultra\warewolf\Dev\Warewolf.Studio.Core\Warewolf.Studio.Core.csproj]
C:\Program Files\dotnet\sdk\10.0.201\Microsoft.Common.CurrentVersion.targets(2451,5): warning MSB3277:             C:\Program Files\dotnet\packs\Microsoft.NETCore.App.Ref\8.0.25\ref/net8.0/System.Security.dll [C:\Users\ultra\warewolf\Dev\Warewolf.Studio.Core\Warewolf.Studio.Core.csproj]
C:\Program Files\dotnet\sdk\10.0.201\Microsoft.Common.CurrentVersion.targets(2451,5): warning MSB3277:         C:\Program Files\dotnet\packs\Microsoft.NETCore.App.Ref\8.0.25\ref\net8.0\System.ServiceProcess.dll [C:\Users\ultra\warewolf\Dev\Warewolf.Studio.Core\Warewolf.Studio.Core.csproj]
C:\Program Files\dotnet\sdk\10.0.201\Microsoft.Common.CurrentVersion.targets(2451,5): warning MSB3277:           Project file item includes which caused reference "C:\Program Files\dotnet\packs\Microsoft.NETCore.App.Ref\8.0.25\ref\net8.0\System.ServiceProcess.dll". [C:\Users\ultra\warewolf\Dev\Warewolf.Studio.Core\Warewolf.Studio.Core.csproj]
C:\Program Files\dotnet\sdk\10.0.201\Microsoft.Common.CurrentVersion.targets(2451,5): warning MSB3277:             C:\Program Files\dotnet\packs\Microsoft.NETCore.App.Ref\8.0.25\ref/net8.0/System.ServiceProcess.dll [C:\Users\ultra\warewolf\Dev\Warewolf.Studio.Core\Warewolf.Studio.Core.csproj]
C:\Program Files\dotnet\sdk\10.0.201\Microsoft.Common.CurrentVersion.targets(2451,5): warning MSB3277:         C:\Program Files\dotnet\packs\Microsoft.NETCore.App.Ref\8.0.25\ref\net8.0\System.Transactions.dll [C:\Users\ultra\warewolf\Dev\Warewolf.Studio.Core\Warewolf.Studio.Core.csproj]
C:\Program Files\dotnet\sdk\10.0.201\Microsoft.Common.CurrentVersion.targets(2451,5): warning MSB3277:           Project file item includes which caused reference "C:\Program Files\dotnet\packs\Microsoft.NETCore.App.Ref\8.0.25\ref\net8.0\System.Transactions.dll". [C:\Users\ultra\warewolf\Dev\Warewolf.Studio.Core\Warewolf.Studio.Core.csproj]
C:\Program Files\dotnet\sdk\10.0.201\Microsoft.Common.CurrentVersion.targets(2451,5): warning MSB3277:             C:\Program Files\dotnet\packs\Microsoft.NETCore.App.Ref\8.0.25\ref/net8.0/System.Transactions.dll [C:\Users\ultra\warewolf\Dev\Warewolf.Studio.Core\Warewolf.Studio.Core.csproj]
C:\Program Files\dotnet\sdk\10.0.201\Microsoft.Common.CurrentVersion.targets(2451,5): warning MSB3277:         C:\Program Files\dotnet\packs\Microsoft.NETCore.App.Ref\8.0.25\ref\net8.0\System.dll [C:\Users\ultra\warewolf\Dev\Warewolf.Studio.Core\Warewolf.Studio.Core.csproj]
C:\Program Files\dotnet\sdk\10.0.201\Microsoft.Common.CurrentVersion.targets(2451,5): warning MSB3277:           Project file item includes which caused reference "C:\Program Files\dotnet\packs\Microsoft.NETCore.App.Ref\8.0.25\ref\net8.0\System.dll". [C:\Users\ultra\warewolf\Dev\Warewolf.Studio.Core\Warewolf.Studio.Core.csproj]
C:\Program Files\dotnet\sdk\10.0.201\Microsoft.Common.CurrentVersion.targets(2451,5): warning MSB3277:             C:\Program Files\dotnet\packs\Microsoft.NETCore.App.Ref\8.0.25\ref/net8.0/System.dll [C:\Users\ultra\warewolf\Dev\Warewolf.Studio.Core\Warewolf.Studio.Core.csproj]
C:\Program Files\dotnet\sdk\10.0.201\Microsoft.Common.CurrentVersion.targets(2451,5): warning MSB3277:             C:\Users\ultra\.nuget\packages\aerowizard\2.3.1\lib\net45\AeroWizard.dll [C:\Users\ultra\warewolf\Dev\Warewolf.Studio.Core\Warewolf.Studio.Core.csproj]
C:\Program Files\dotnet\sdk\10.0.201\Microsoft.Common.CurrentVersion.targets(2451,5): warning MSB3277:             C:\Users\ultra\.nuget\packages\groupcontrols\1.9.0\lib\net45\GroupControls.dll [C:\Users\ultra\warewolf\Dev\Warewolf.Studio.Core\Warewolf.Studio.Core.csproj]
C:\Program Files\dotnet\sdk\10.0.201\Microsoft.Common.CurrentVersion.targets(2451,5): warning MSB3277:             C:\Users\ultra\.nuget\packages\microsoft.xaml.behaviors.wpf\1.1.122\lib\net462\Microsoft.Xaml.Behaviors.dll [C:\Users\ultra\warewolf\Dev\Warewolf.Studio.Core\Warewolf.Studio.Core.csproj]
C:\Program Files\dotnet\sdk\10.0.201\Microsoft.Common.CurrentVersion.targets(2451,5): warning MSB3277:             C:\Users\ultra\.nuget\packages\caliburn.micro\4.0.212\lib\netcoreapp3.1\Caliburn.Micro.Platform.dll [C:\Users\ultra\warewolf\Dev\Warewolf.Studio.Core\Warewolf.Studio.Core.csproj]
C:\Program Files\dotnet\sdk\10.0.201\Microsoft.Common.CurrentVersion.targets(2451,5): warning MSB3277:             C:\Users\ultra\.nuget\packages\prism.wpf\9.0.537\lib\net462\Prism.Wpf.dll [C:\Users\ultra\warewolf\Dev\Warewolf.Studio.Core\Warewolf.Studio.Core.csproj]
C:\Program Files\dotnet\sdk\10.0.201\Microsoft.Common.CurrentVersion.targets(2451,5): warning MSB3277:             C:\Users\ultra\.nuget\packages\reactiveui.wpf\18.4.1\lib\net462\ReactiveUI.Wpf.dll [C:\Users\ultra\warewolf\Dev\Warewolf.Studio.Core\Warewolf.Studio.Core.csproj]
C:\Program Files\dotnet\sdk\10.0.201\Microsoft.Common.CurrentVersion.targets(2451,5): warning MSB3277:             C:\Users\ultra\.nuget\packages\taskschedulereditor\2.10.1\lib\net452\Microsoft.Win32.TaskSchedulerEditor.dll [C:\Users\ultra\warewolf\Dev\Warewolf.Studio.Core\Warewolf.Studio.Core.csproj]
C:\Program Files\dotnet\sdk\10.0.201\Microsoft.Common.CurrentVersion.targets(2451,5): warning MSB3277:             C:\Users\ultra\.nuget\packages\ttcue.netcore.sharepointonline.csom.16.1.8029.1200\16.1.8029.1200\lib\netcoreapp2.0\Microsoft.SharePoint.Client.Runtime.Windows.dll [C:\Users\ultra\warewolf\Dev\Warewolf.Studio.Core\Warewolf.Studio.Core.csproj]
C:\Program Files\dotnet\sdk\10.0.201\Microsoft.Common.CurrentVersion.targets(2451,5): warning MSB3277:         C:\Program Files\dotnet\packs\Microsoft.NETCore.App.Ref\8.0.25\ref\net8.0\WindowsBase.dll [C:\Users\ultra\warewolf\Dev\Warewolf.Studio.Core\Warewolf.Studio.Core.csproj]
C:\Program Files\dotnet\sdk\10.0.201\Microsoft.Common.CurrentVersion.targets(2451,5): warning MSB3277:           Project file item includes which caused reference "C:\Program Files\dotnet\packs\Microsoft.NETCore.App.Ref\8.0.25\ref\net8.0\WindowsBase.dll". [C:\Users\ultra\warewolf\Dev\Warewolf.Studio.Core\Warewolf.Studio.Core.csproj]
C:\Program Files\dotnet\sdk\10.0.201\Microsoft.Common.CurrentVersion.targets(2451,5): warning MSB3277:             C:\Program Files\dotnet\packs\Microsoft.NETCore.App.Ref\8.0.25\ref/net8.0/WindowsBase.dll [C:\Users\ultra\warewolf\Dev\Warewolf.Studio.Core\Warewolf.Studio.Core.csproj]
C:\Program Files\dotnet\sdk\10.0.201\Microsoft.Common.CurrentVersion.targets(2451,5): warning MSB3277:         C:\Program Files\dotnet\packs\Microsoft.NETCore.App.Ref\8.0.25\ref\net8.0\mscorlib.dll [C:\Users\ultra\warewolf\Dev\Warewolf.Studio.Core\Warewolf.Studio.Core.csproj]
C:\Program Files\dotnet\sdk\10.0.201\Microsoft.Common.CurrentVersion.targets(2451,5): warning MSB3277:           Project file item includes which caused reference "C:\Program Files\dotnet\packs\Microsoft.NETCore.App.Ref\8.0.25\ref\net8.0\mscorlib.dll". [C:\Users\ultra\warewolf\Dev\Warewolf.Studio.Core\Warewolf.Studio.Core.csproj]
C:\Program Files\dotnet\sdk\10.0.201\Microsoft.Common.CurrentVersion.targets(2451,5): warning MSB3277:             C:\Program Files\dotnet\packs\Microsoft.NETCore.App.Ref\8.0.25\ref/net8.0/mscorlib.dll [C:\Users\ultra\warewolf\Dev\Warewolf.Studio.Core\Warewolf.Studio.Core.csproj]
C:\Program Files\dotnet\sdk\10.0.201\Microsoft.Common.CurrentVersion.targets(2451,5): warning MSB3277:             C:\Users\ultra\.nuget\packages\aerowizard\2.3.1\lib\net45\AeroWizard.dll [C:\Users\ultra\warewolf\Dev\Warewolf.Studio.Core\Warewolf.Studio.Core.csproj]
C:\Program Files\dotnet\sdk\10.0.201\Microsoft.Common.CurrentVersion.targets(2451,5): warning MSB3277:             C:\Users\ultra\.nuget\packages\groupcontrols\1.9.0\lib\net45\GroupControls.dll [C:\Users\ultra\warewolf\Dev\Warewolf.Studio.Core\Warewolf.Studio.Core.csproj]
C:\Program Files\dotnet\sdk\10.0.201\Microsoft.Common.CurrentVersion.targets(2451,5): warning MSB3277:             C:\Users\ultra\.nuget\packages\microsoft.xaml.behaviors.wpf\1.1.122\lib\net462\Microsoft.Xaml.Behaviors.dll [C:\Users\ultra\warewolf\Dev\Warewolf.Studio.Core\Warewolf.Studio.Core.csproj]
C:\Program Files\dotnet\sdk\10.0.201\Microsoft.Common.CurrentVersion.targets(2451,5): warning MSB3277:             C:\Users\ultra\.nuget\packages\caliburn.micro\4.0.212\lib\netcoreapp3.1\Caliburn.Micro.Platform.dll [C:\Users\ultra\warewolf\Dev\Warewolf.Studio.Core\Warewolf.Studio.Core.csproj]
C:\Program Files\dotnet\sdk\10.0.201\Microsoft.Common.CurrentVersion.targets(2451,5): warning MSB3277:             C:\Users\ultra\.nuget\packages\oracle.manageddataaccess.core\3.21.70\lib\netstandard2.1\Oracle.ManagedDataAccess.dll [C:\Users\ultra\warewolf\Dev\Warewolf.Studio.Core\Warewolf.Studio.Core.csproj]
C:\Program Files\dotnet\sdk\10.0.201\Microsoft.Common.CurrentVersion.targets(2451,5): warning MSB3277:             C:\Users\ultra\warewolf\Dev\Dev2.Runtime.Services\bin\Debug\net8.0\Dev2.Runtime.Services.dll [C:\Users\ultra\warewolf\Dev\Warewolf.Studio.Core\Warewolf.Studio.Core.csproj]
C:\Program Files\dotnet\sdk\10.0.201\Microsoft.Common.CurrentVersion.targets(2451,5): warning MSB3277:             C:\Users\ultra\warewolf\Dev\Dev2.Studio.Interfaces\bin\Debug\net8.0\Dev2.Studio.Interfaces.dll [C:\Users\ultra\warewolf\Dev\Warewolf.Studio.Core\Warewolf.Studio.Core.csproj]
C:\Program Files\dotnet\sdk\10.0.201\Microsoft.Common.CurrentVersion.targets(2451,5): warning MSB3277:             C:\Users\ultra\warewolf\Dev\Dev2.Services.Sql\bin\Debug\net8.0\Dev2.Services.Sql.dll [C:\Users\ultra\warewolf\Dev\Warewolf.Studio.Core\Warewolf.Studio.Core.csproj]
C:\Program Files\dotnet\sdk\10.0.201\Microsoft.Common.CurrentVersion.targets(2451,5): warning MSB3277:             C:\Users\ultra\.nuget\packages\prism.wpf\9.0.537\lib\net462\Prism.Wpf.dll [C:\Users\ultra\warewolf\Dev\Warewolf.Studio.Core\Warewolf.Studio.Core.csproj]
C:\Program Files\dotnet\sdk\10.0.201\Microsoft.Common.CurrentVersion.targets(2451,5): warning MSB3277:             C:\Users\ultra\.nuget\packages\reactiveui.wpf\18.4.1\lib\net462\ReactiveUI.Wpf.dll [C:\Users\ultra\warewolf\Dev\Warewolf.Studio.Core\Warewolf.Studio.Core.csproj]
C:\Program Files\dotnet\sdk\10.0.201\Microsoft.Common.CurrentVersion.targets(2451,5): warning MSB3277:             C:\Users\ultra\.nuget\packages\taskschedulereditor\2.10.1\lib\net452\Microsoft.Win32.TaskSchedulerEditor.dll [C:\Users\ultra\warewolf\Dev\Warewolf.Studio.Core\Warewolf.Studio.Core.csproj]
C:\Program Files\dotnet\sdk\10.0.201\Microsoft.Common.CurrentVersion.targets(2451,5): warning MSB3277:             C:\Users\ultra\.nuget\packages\ttcue.netcore.sharepointonline.csom.16.1.8029.1200\16.1.8029.1200\lib\netcoreapp2.0\Microsoft.SharePoint.Client.Runtime.Windows.dll [C:\Users\ultra\warewolf\Dev\Warewolf.Studio.Core\Warewolf.Studio.Core.csproj]
C:\Program Files\dotnet\sdk\10.0.201\Microsoft.Common.CurrentVersion.targets(2451,5): warning MSB3277: Found conflicts between different versions of "WindowsBase" that could not be resolved. [C:\Users\ultra\warewolf\Dev\Warewolf.Studio.Core\Warewolf.Studio.Core.csproj]
C:\Program Files\dotnet\sdk\10.0.201\Microsoft.Common.CurrentVersion.targets(2451,5): warning MSB3277: There was a conflict between "WindowsBase, Version=4.0.0.0, Culture=neutral, PublicKeyToken=31bf3856ad364e35" and "WindowsBase, Version=6.0.2.0, Culture=neutral, PublicKeyToken=31bf3856ad364e35". [C:\Users\ultra\warewolf\Dev\Warewolf.Studio.Core\Warewolf.Studio.Core.csproj]
C:\Program Files\dotnet\sdk\10.0.201\Microsoft.Common.CurrentVersion.targets(2451,5): warning MSB3277:     "WindowsBase, Version=4.0.0.0, Culture=neutral, PublicKeyToken=31bf3856ad364e35" was chosen because it was primary and "WindowsBase, Version=6.0.2.0, Culture=neutral, PublicKeyToken=31bf3856ad364e35" was not. [C:\Users\ultra\warewolf\Dev\Warewolf.Studio.Core\Warewolf.Studio.Core.csproj]
C:\Program Files\dotnet\sdk\10.0.201\Microsoft.Common.CurrentVersion.targets(2451,5): warning MSB3277:     References which depend on "WindowsBase, Version=4.0.0.0, Culture=neutral, PublicKeyToken=31bf3856ad364e35" [C:\Program Files\dotnet\packs\Microsoft.NETCore.App.Ref\8.0.25\ref\net8.0\WindowsBase.dll]. [C:\Users\ultra\warewolf\Dev\Warewolf.Studio.Core\Warewolf.Studio.Core.csproj]
C:\Program Files\dotnet\sdk\10.0.201\Microsoft.Common.CurrentVersion.targets(2451,5): warning MSB3277:         C:\Program Files\dotnet\packs\Microsoft.NETCore.App.Ref\8.0.25\ref\net8.0\WindowsBase.dll [C:\Users\ultra\warewolf\Dev\Warewolf.Studio.Core\Warewolf.Studio.Core.csproj]
C:\Program Files\dotnet\sdk\10.0.201\Microsoft.Common.CurrentVersion.targets(2451,5): warning MSB3277:           Project file item includes which caused reference "C:\Program Files\dotnet\packs\Microsoft.NETCore.App.Ref\8.0.25\ref\net8.0\WindowsBase.dll". [C:\Users\ultra\warewolf\Dev\Warewolf.Studio.Core\Warewolf.Studio.Core.csproj]
C:\Program Files\dotnet\sdk\10.0.201\Microsoft.Common.CurrentVersion.targets(2451,5): warning MSB3277:             C:\Program Files\dotnet\packs\Microsoft.NETCore.App.Ref\8.0.25\ref/net8.0/WindowsBase.dll [C:\Users\ultra\warewolf\Dev\Warewolf.Studio.Core\Warewolf.Studio.Core.csproj]
C:\Program Files\dotnet\sdk\10.0.201\Microsoft.Common.CurrentVersion.targets(2451,5): warning MSB3277:     References which depend on or have been unified to "WindowsBase, Version=6.0.2.0, Culture=neutral, PublicKeyToken=31bf3856ad364e35" []. [C:\Users\ultra\warewolf\Dev\Warewolf.Studio.Core\Warewolf.Studio.Core.csproj]
C:\Program Files\dotnet\sdk\10.0.201\Microsoft.Common.CurrentVersion.targets(2451,5): warning MSB3277:         C:\Users\ultra\warewolf\Dev\Binaries\Infragistcs_Net6\InfragisticsWPF4.Controls.Menus.XamDataTree.v15.1.dll [C:\Users\ultra\warewolf\Dev\Warewolf.Studio.Core\Warewolf.Studio.Core.csproj]
C:\Program Files\dotnet\sdk\10.0.201\Microsoft.Common.CurrentVersion.targets(2451,5): warning MSB3277:           Project file item includes which caused reference "C:\Users\ultra\warewolf\Dev\Binaries\Infragistcs_Net6\InfragisticsWPF4.Controls.Menus.XamDataTree.v15.1.dll". [C:\Users\ultra\warewolf\Dev\Warewolf.Studio.Core\Warewolf.Studio.Core.csproj]
C:\Program Files\dotnet\sdk\10.0.201\Microsoft.Common.CurrentVersion.targets(2451,5): warning MSB3277:             InfragisticsWPF4.Controls.Menus.XamDataTree.v15.1, Version=15.1.20151.2055, Culture=neutral, PublicKeyToken=7dd5c3163f2cd0cb, processorArchitecture=MSIL [C:\Users\ultra\warewolf\Dev\Warewolf.Studio.Core\Warewolf.Studio.Core.csproj]
C:\Program Files\dotnet\sdk\10.0.201\Microsoft.Common.CurrentVersion.targets(2451,5): warning MSB3277:         C:\Users\ultra\warewolf\Dev\Binaries\Infragistcs_Net6\InfragisticsWPF4.DataManager.v15.1.dll [C:\Users\ultra\warewolf\Dev\Warewolf.Studio.Core\Warewolf.Studio.Core.csproj]
C:\Program Files\dotnet\sdk\10.0.201\Microsoft.Common.CurrentVersion.targets(2451,5): warning MSB3277:           Project file item includes which caused reference "C:\Users\ultra\warewolf\Dev\Binaries\Infragistcs_Net6\InfragisticsWPF4.DataManager.v15.1.dll". [C:\Users\ultra\warewolf\Dev\Warewolf.Studio.Core\Warewolf.Studio.Core.csproj]
C:\Program Files\dotnet\sdk\10.0.201\Microsoft.Common.CurrentVersion.targets(2451,5): warning MSB3277:             InfragisticsWPF4.DataManager.v15.1, Version=15.1.20151.2055, Culture=neutral, PublicKeyToken=7dd5c3163f2cd0cb, processorArchitecture=MSIL [C:\Users\ultra\warewolf\Dev\Warewolf.Studio.Core\Warewolf.Studio.Core.csproj]
C:\Program Files\dotnet\sdk\10.0.201\Microsoft.Common.CurrentVersion.targets(2451,5): warning MSB3277:             InfragisticsWPF4.Controls.Menus.XamDataTree.v15.1, Version=15.1.20151.2055, Culture=neutral, PublicKeyToken=7dd5c3163f2cd0cb, processorArchitecture=MSIL [C:\Users\ultra\warewolf\Dev\Warewolf.Studio.Core\Warewolf.Studio.Core.csproj]
C:\Program Files\dotnet\sdk\10.0.201\Microsoft.Common.CurrentVersion.targets(2451,5): warning MSB3277:         C:\Users\ultra\warewolf\Dev\Binaries\Infragistcs_Net6\InfragisticsWPF4.DockManager.v15.1.dll [C:\Users\ultra\warewolf\Dev\Warewolf.Studio.Core\Warewolf.Studio.Core.csproj]
C:\Program Files\dotnet\sdk\10.0.201\Microsoft.Common.CurrentVersion.targets(2451,5): warning MSB3277:           Project file item includes which caused reference "C:\Users\ultra\warewolf\Dev\Binaries\Infragistcs_Net6\InfragisticsWPF4.DockManager.v15.1.dll". [C:\Users\ultra\warewolf\Dev\Warewolf.Studio.Core\Warewolf.Studio.Core.csproj]
C:\Program Files\dotnet\sdk\10.0.201\Microsoft.Common.CurrentVersion.targets(2451,5): warning MSB3277:             InfragisticsWPF4.DockManager.v15.1, Version=15.1.20151.2055, Culture=neutral, PublicKeyToken=7dd5c3163f2cd0cb, processorArchitecture=MSIL [C:\Users\ultra\warewolf\Dev\Warewolf.Studio.Core\Warewolf.Studio.Core.csproj]
C:\Program Files\dotnet\sdk\10.0.201\Microsoft.Common.CurrentVersion.targets(2451,5): warning MSB3277:         C:\Users\ultra\warewolf\Dev\Binaries\Infragistcs_Net6\InfragisticsWPF4.v15.1.dll [C:\Users\ultra\warewolf\Dev\Warewolf.Studio.Core\Warewolf.Studio.Core.csproj]
C:\Program Files\dotnet\sdk\10.0.201\Microsoft.Common.CurrentVersion.targets(2451,5): warning MSB3277:           Project file item includes which caused reference "C:\Users\ultra\warewolf\Dev\Binaries\Infragistcs_Net6\InfragisticsWPF4.v15.1.dll". [C:\Users\ultra\warewolf\Dev\Warewolf.Studio.Core\Warewolf.Studio.Core.csproj]
C:\Program Files\dotnet\sdk\10.0.201\Microsoft.Common.CurrentVersion.targets(2451,5): warning MSB3277:             InfragisticsWPF4.v15.1, Version=15.1.20151.2055, Culture=neutral, PublicKeyToken=7dd5c3163f2cd0cb, processorArchitecture=MSIL [C:\Users\ultra\warewolf\Dev\Warewolf.Studio.Core\Warewolf.Studio.Core.csproj]
C:\Program Files\dotnet\sdk\10.0.201\Microsoft.Common.CurrentVersion.targets(2451,5): warning MSB3277:             InfragisticsWPF4.Controls.Menus.XamDataTree.v15.1, Version=15.1.20151.2055, Culture=neutral, PublicKeyToken=7dd5c3163f2cd0cb, processorArchitecture=MSIL [C:\Users\ultra\warewolf\Dev\Warewolf.Studio.Core\Warewolf.Studio.Core.csproj]
C:\Program Files\dotnet\sdk\10.0.201\Microsoft.Common.CurrentVersion.targets(2451,5): warning MSB3277:             InfragisticsWPF4.DataManager.v15.1, Version=15.1.20151.2055, Culture=neutral, PublicKeyToken=7dd5c3163f2cd0cb, processorArchitecture=MSIL [C:\Users\ultra\warewolf\Dev\Warewolf.Studio.Core\Warewolf.Studio.Core.csproj]
C:\Program Files\dotnet\sdk\10.0.201\Microsoft.Common.CurrentVersion.targets(2451,5): warning MSB3277:             InfragisticsWPF4.DockManager.v15.1, Version=15.1.20151.2055, Culture=neutral, PublicKeyToken=7dd5c3163f2cd0cb, processorArchitecture=MSIL [C:\Users\ultra\warewolf\Dev\Warewolf.Studio.Core\Warewolf.Studio.Core.csproj]
C:\Program Files\dotnet\sdk\10.0.201\Microsoft.Common.CurrentVersion.targets(2451,5): warning MSB3277:         C:\Users\ultra\.nuget\packages\caliburn.micro\4.0.212\lib\netcoreapp3.1\Caliburn.Micro.Platform.dll [C:\Users\ultra\warewolf\Dev\Warewolf.Studio.Core\Warewolf.Studio.Core.csproj]
C:\Program Files\dotnet\sdk\10.0.201\Microsoft.Common.CurrentVersion.targets(2451,5): warning MSB3277:           Project file item includes which caused reference "C:\Users\ultra\.nuget\packages\caliburn.micro\4.0.212\lib\netcoreapp3.1\Caliburn.Micro.Platform.dll". [C:\Users\ultra\warewolf\Dev\Warewolf.Studio.Core\Warewolf.Studio.Core.csproj]
C:\Program Files\dotnet\sdk\10.0.201\Microsoft.Common.CurrentVersion.targets(2451,5): warning MSB3277:             C:\Users\ultra\.nuget\packages\caliburn.micro\4.0.212\lib\netcoreapp3.1\Caliburn.Micro.Platform.dll [C:\Users\ultra\warewolf\Dev\Warewolf.Studio.Core\Warewolf.Studio.Core.csproj]
C:\Program Files\dotnet\sdk\10.0.201\Microsoft.Common.CurrentVersion.targets(2451,5): warning MSB3277:         C:\Users\ultra\.nuget\packages\microsoft.xaml.behaviors.wpf\1.1.122\lib\net462\Microsoft.Xaml.Behaviors.dll [C:\Users\ultra\warewolf\Dev\Warewolf.Studio.Core\Warewolf.Studio.Core.csproj]
C:\Program Files\dotnet\sdk\10.0.201\Microsoft.Common.CurrentVersion.targets(2451,5): warning MSB3277:           Project file item includes which caused reference "C:\Users\ultra\.nuget\packages\microsoft.xaml.behaviors.wpf\1.1.122\lib\net462\Microsoft.Xaml.Behaviors.dll". [C:\Users\ultra\warewolf\Dev\Warewolf.Studio.Core\Warewolf.Studio.Core.csproj]
C:\Program Files\dotnet\sdk\10.0.201\Microsoft.Common.CurrentVersion.targets(2451,5): warning MSB3277:             C:\Users\ultra\.nuget\packages\microsoft.xaml.behaviors.wpf\1.1.122\lib\net462\Microsoft.Xaml.Behaviors.dll [C:\Users\ultra\warewolf\Dev\Warewolf.Studio.Core\Warewolf.Studio.Core.csproj]
C:\Program Files\dotnet\sdk\10.0.201\Microsoft.Common.CurrentVersion.targets(2451,5): warning MSB3277:             C:\Users\ultra\.nuget\packages\caliburn.micro\4.0.212\lib\netcoreapp3.1\Caliburn.Micro.Platform.dll [C:\Users\ultra\warewolf\Dev\Warewolf.Studio.Core\Warewolf.Studio.Core.csproj]
C:\Program Files\dotnet\sdk\10.0.201\Microsoft.Common.CurrentVersion.targets(2451,5): warning MSB3277:             C:\Users\ultra\.nuget\packages\prism.wpf\9.0.537\lib\net462\Prism.Wpf.dll [C:\Users\ultra\warewolf\Dev\Warewolf.Studio.Core\Warewolf.Studio.Core.csproj]
C:\Program Files\dotnet\sdk\10.0.201\Microsoft.Common.CurrentVersion.targets(2451,5): warning MSB3277:         C:\Users\ultra\.nuget\packages\prism.wpf\9.0.537\lib\net462\Prism.Wpf.dll [C:\Users\ultra\warewolf\Dev\Warewolf.Studio.Core\Warewolf.Studio.Core.csproj]
C:\Program Files\dotnet\sdk\10.0.201\Microsoft.Common.CurrentVersion.targets(2451,5): warning MSB3277:           Project file item includes which caused reference "C:\Users\ultra\.nuget\packages\prism.wpf\9.0.537\lib\net462\Prism.Wpf.dll". [C:\Users\ultra\warewolf\Dev\Warewolf.Studio.Core\Warewolf.Studio.Core.csproj]
C:\Program Files\dotnet\sdk\10.0.201\Microsoft.Common.CurrentVersion.targets(2451,5): warning MSB3277:             C:\Users\ultra\.nuget\packages\prism.wpf\9.0.537\lib\net462\Prism.Wpf.dll [C:\Users\ultra\warewolf\Dev\Warewolf.Studio.Core\Warewolf.Studio.Core.csproj]
C:\Program Files\dotnet\sdk\10.0.201\Microsoft.Common.CurrentVersion.targets(2451,5): warning MSB3277:         C:\Users\ultra\.nuget\packages\reactiveui.wpf\18.4.1\lib\net462\ReactiveUI.Wpf.dll [C:\Users\ultra\warewolf\Dev\Warewolf.Studio.Core\Warewolf.Studio.Core.csproj]
C:\Program Files\dotnet\sdk\10.0.201\Microsoft.Common.CurrentVersion.targets(2451,5): warning MSB3277:           Project file item includes which caused reference "C:\Users\ultra\.nuget\packages\reactiveui.wpf\18.4.1\lib\net462\ReactiveUI.Wpf.dll". [C:\Users\ultra\warewolf\Dev\Warewolf.Studio.Core\Warewolf.Studio.Core.csproj]
C:\Program Files\dotnet\sdk\10.0.201\Microsoft.Common.CurrentVersion.targets(2451,5): warning MSB3277:             C:\Users\ultra\.nuget\packages\reactiveui.wpf\18.4.1\lib\net462\ReactiveUI.Wpf.dll [C:\Users\ultra\warewolf\Dev\Warewolf.Studio.Core\Warewolf.Studio.Core.csproj]
C:\Program Files\dotnet\sdk\10.0.201\Microsoft.Common.CurrentVersion.targets(2451,5): warning MSB3277:         C:\Users\ultra\warewolf\Dev\Binaries\Infragistcs_Net6\InfragisticsWPF4.DragDrop.v15.1.dll [C:\Users\ultra\warewolf\Dev\Warewolf.Studio.Core\Warewolf.Studio.Core.csproj]
C:\Program Files\dotnet\sdk\10.0.201\Microsoft.Common.CurrentVersion.targets(2451,5): warning MSB3277:           Project file item includes which caused reference "C:\Users\ultra\warewolf\Dev\Binaries\Infragistcs_Net6\InfragisticsWPF4.DragDrop.v15.1.dll". [C:\Users\ultra\warewolf\Dev\Warewolf.Studio.Core\Warewolf.Studio.Core.csproj]
C:\Program Files\dotnet\sdk\10.0.201\Microsoft.Common.CurrentVersion.targets(2451,5): warning MSB3277:             InfragisticsWPF4.Controls.Menus.XamDataTree.v15.1, Version=15.1.20151.2055, Culture=neutral, PublicKeyToken=7dd5c3163f2cd0cb, processorArchitecture=MSIL [C:\Users\ultra\warewolf\Dev\Warewolf.Studio.Core\Warewolf.Studio.Core.csproj]
C:\Program Files\dotnet\sdk\10.0.201\Microsoft.Common.CurrentVersion.targets(2451,5): warning MSB3277: Found conflicts between different versions of "WindowsBase" that could not be resolved. [C:\Users\ultra\warewolf\Dev\Dev2.Activities\Dev2.Activities.csproj]
C:\Program Files\dotnet\sdk\10.0.201\Microsoft.Common.CurrentVersion.targets(2451,5): warning MSB3277: There was a conflict between "WindowsBase, Version=4.0.0.0, Culture=neutral, PublicKeyToken=31bf3856ad364e35" and "WindowsBase, Version=6.0.2.0, Culture=neutral, PublicKeyToken=31bf3856ad364e35". [C:\Users\ultra\warewolf\Dev\Dev2.Activities\Dev2.Activities.csproj]
C:\Program Files\dotnet\sdk\10.0.201\Microsoft.Common.CurrentVersion.targets(2451,5): warning MSB3277:     "WindowsBase, Version=4.0.0.0, Culture=neutral, PublicKeyToken=31bf3856ad364e35" was chosen because it was primary and "WindowsBase, Version=6.0.2.0, Culture=neutral, PublicKeyToken=31bf3856ad364e35" was not. [C:\Users\ultra\warewolf\Dev\Dev2.Activities\Dev2.Activities.csproj]
C:\Program Files\dotnet\sdk\10.0.201\Microsoft.Common.CurrentVersion.targets(2451,5): warning MSB3277:     References which depend on "WindowsBase, Version=4.0.0.0, Culture=neutral, PublicKeyToken=31bf3856ad364e35" [C:\Program Files\dotnet\packs\Microsoft.NETCore.App.Ref\8.0.25\ref\net8.0\WindowsBase.dll]. [C:\Users\ultra\warewolf\Dev\Dev2.Activities\Dev2.Activities.csproj]
C:\Program Files\dotnet\sdk\10.0.201\Microsoft.Common.CurrentVersion.targets(2451,5): warning MSB3277:         C:\Program Files\dotnet\packs\Microsoft.NETCore.App.Ref\8.0.25\ref\net8.0\WindowsBase.dll [C:\Users\ultra\warewolf\Dev\Dev2.Activities\Dev2.Activities.csproj]
C:\Program Files\dotnet\sdk\10.0.201\Microsoft.Common.CurrentVersion.targets(2451,5): warning MSB3277:           Project file item includes which caused reference "C:\Program Files\dotnet\packs\Microsoft.NETCore.App.Ref\8.0.25\ref\net8.0\WindowsBase.dll". [C:\Users\ultra\warewolf\Dev\Dev2.Activities\Dev2.Activities.csproj]
C:\Program Files\dotnet\sdk\10.0.201\Microsoft.Common.CurrentVersion.targets(2451,5): warning MSB3277:             C:\Program Files\dotnet\packs\Microsoft.NETCore.App.Ref\8.0.25\ref/net8.0/WindowsBase.dll [C:\Users\ultra\warewolf\Dev\Dev2.Activities\Dev2.Activities.csproj]
C:\Program Files\dotnet\sdk\10.0.201\Microsoft.Common.CurrentVersion.targets(2451,5): warning MSB3277:     References which depend on or have been unified to "WindowsBase, Version=6.0.2.0, Culture=neutral, PublicKeyToken=31bf3856ad364e35" []. [C:\Users\ultra\warewolf\Dev\Dev2.Activities\Dev2.Activities.csproj]
C:\Program Files\dotnet\sdk\10.0.201\Microsoft.Common.CurrentVersion.targets(2451,5): warning MSB3277:         C:\Users\ultra\.nuget\packages\caliburn.micro\4.0.212\lib\netcoreapp3.1\Caliburn.Micro.Platform.dll [C:\Users\ultra\warewolf\Dev\Dev2.Activities\Dev2.Activities.csproj]
C:\Program Files\dotnet\sdk\10.0.201\Microsoft.Common.CurrentVersion.targets(2451,5): warning MSB3277:           Project file item includes which caused reference "C:\Users\ultra\.nuget\packages\caliburn.micro\4.0.212\lib\netcoreapp3.1\Caliburn.Micro.Platform.dll". [C:\Users\ultra\warewolf\Dev\Dev2.Activities\Dev2.Activities.csproj]
C:\Program Files\dotnet\sdk\10.0.201\Microsoft.Common.CurrentVersion.targets(2451,5): warning MSB3277:             C:\Users\ultra\.nuget\packages\caliburn.micro\4.0.212\lib\netcoreapp3.1\Caliburn.Micro.Platform.dll [C:\Users\ultra\warewolf\Dev\Dev2.Activities\Dev2.Activities.csproj]
C:\Program Files\dotnet\sdk\10.0.201\Microsoft.Common.CurrentVersion.targets(2451,5): warning MSB3277:         C:\Users\ultra\.nuget\packages\ironpython\3.4.0\lib\net6.0\IronPython.Wpf.dll [C:\Users\ultra\warewolf\Dev\Dev2.Activities\Dev2.Activities.csproj]
C:\Program Files\dotnet\sdk\10.0.201\Microsoft.Common.CurrentVersion.targets(2451,5): warning MSB3277:           Project file item includes which caused reference "C:\Users\ultra\.nuget\packages\ironpython\3.4.0\lib\net6.0\IronPython.Wpf.dll". [C:\Users\ultra\warewolf\Dev\Dev2.Activities\Dev2.Activities.csproj]
C:\Program Files\dotnet\sdk\10.0.201\Microsoft.Common.CurrentVersion.targets(2451,5): warning MSB3277:             C:\Users\ultra\.nuget\packages\ironpython\3.4.0\lib\net6.0\IronPython.Wpf.dll [C:\Users\ultra\warewolf\Dev\Dev2.Activities\Dev2.Activities.csproj]
C:\Program Files\dotnet\sdk\10.0.201\Microsoft.Common.CurrentVersion.targets(2451,5): warning MSB3277:         C:\Users\ultra\.nuget\packages\microsoft.xaml.behaviors.wpf\1.1.19\lib\netcoreapp3.0\Microsoft.Xaml.Behaviors.dll [C:\Users\ultra\warewolf\Dev\Dev2.Activities\Dev2.Activities.csproj]
C:\Program Files\dotnet\sdk\10.0.201\Microsoft.Common.CurrentVersion.targets(2451,5): warning MSB3277:           Project file item includes which caused reference "C:\Users\ultra\.nuget\packages\microsoft.xaml.behaviors.wpf\1.1.19\lib\netcoreapp3.0\Microsoft.Xaml.Behaviors.dll". [C:\Users\ultra\warewolf\Dev\Dev2.Activities\Dev2.Activities.csproj]
C:\Program Files\dotnet\sdk\10.0.201\Microsoft.Common.CurrentVersion.targets(2451,5): warning MSB3277:             C:\Users\ultra\.nuget\packages\microsoft.xaml.behaviors.wpf\1.1.19\lib\netcoreapp3.0\Microsoft.Xaml.Behaviors.dll [C:\Users\ultra\warewolf\Dev\Dev2.Activities\Dev2.Activities.csproj]
C:\Program Files\dotnet\sdk\10.0.201\Microsoft.Common.CurrentVersion.targets(2451,5): warning MSB3277:             C:\Users\ultra\.nuget\packages\caliburn.micro\4.0.212\lib\netcoreapp3.1\Caliburn.Micro.Platform.dll [C:\Users\ultra\warewolf\Dev\Dev2.Activities\Dev2.Activities.csproj]
C:\Program Files\dotnet\sdk\10.0.201\Microsoft.Common.CurrentVersion.targets(2451,5): warning MSB3277:         C:\Users\ultra\.nuget\packages\reactiveui.wpf\18.4.1\lib\net462\ReactiveUI.Wpf.dll [C:\Users\ultra\warewolf\Dev\Dev2.Activities\Dev2.Activities.csproj]
C:\Program Files\dotnet\sdk\10.0.201\Microsoft.Common.CurrentVersion.targets(2451,5): warning MSB3277:           Project file item includes which caused reference "C:\Users\ultra\.nuget\packages\reactiveui.wpf\18.4.1\lib\net462\ReactiveUI.Wpf.dll". [C:\Users\ultra\warewolf\Dev\Dev2.Activities\Dev2.Activities.csproj]
C:\Program Files\dotnet\sdk\10.0.201\Microsoft.Common.CurrentVersion.targets(2451,5): warning MSB3277:             C:\Users\ultra\.nuget\packages\reactiveui.wpf\18.4.1\lib\net462\ReactiveUI.Wpf.dll [C:\Users\ultra\warewolf\Dev\Dev2.Activities\Dev2.Activities.csproj]
  Consider app.config remapping of assembly "System.Runtime.CompilerServices.Unsafe, Culture=neutral, PublicKeyToken=b03f5f7f11d50a3a" from Version "6.0.0.0" [] to Version "8.0.0.0" [C:\Program Files\dotnet\packs\Microsoft.NETCore.App.Ref\8.0.25\ref\net8.0\System.Runtime.CompilerServices.Unsafe.dll] to solve conflict and get rid of warning.
C:\Users\ultra\warewolf\Dev\Dev2.Activities\WorkflowConverters\ActivityPropertiesReaderHelper.cs(54,45): warning CS8632: The annotation for nullable reference types should only be used in code within a '#nullable' annotations context. [C:\Users\ultra\warewolf\Dev\Dev2.Activities\Dev2.Activities.csproj]
C:\Users\ultra\warewolf\Dev\Dev2.Activities\WorkflowConverters\SwitchActivityDataHelper.cs(106,58): warning CS8632: The annotation for nullable reference types should only be used in code within a '#nullable' annotations context. [C:\Users\ultra\warewolf\Dev\Dev2.Activities\Dev2.Activities.csproj]
C:\Users\ultra\warewolf\Dev\Dev2.Activities\WorkflowConverters\SwitchActivityDataHelper.cs(225,65): warning CS8632: The annotation for nullable reference types should only be used in code within a '#nullable' annotations context. [C:\Users\ultra\warewolf\Dev\Dev2.Activities\Dev2.Activities.csproj]
C:\Users\ultra\warewolf\Dev\Dev2.Activities\WorkflowConverters\SwitchActivityDataHelper.cs(225,25): warning CS8632: The annotation for nullable reference types should only be used in code within a '#nullable' annotations context. [C:\Users\ultra\warewolf\Dev\Dev2.Activities\Dev2.Activities.csproj]
C:\Users\ultra\warewolf\Dev\Dev2.Activities\WorkflowConverters\SwitchActivityDataHelper.cs(342,61): warning CS8632: The annotation for nullable reference types should only be used in code within a '#nullable' annotations context. [C:\Users\ultra\warewolf\Dev\Dev2.Activities\Dev2.Activities.csproj]
C:\Users\ultra\warewolf\Dev\Dev2.Activities\WorkflowConverters\SwitchActivityDataHelper.cs(342,30): warning CS8632: The annotation for nullable reference types should only be used in code within a '#nullable' annotations context. [C:\Users\ultra\warewolf\Dev\Dev2.Activities\Dev2.Activities.csproj]
C:\Users\ultra\warewolf\Dev\Dev2.Activities\WorkflowConverters\SwitchActivityDataHelper.cs(32,25): warning CS8632: The annotation for nullable reference types should only be used in code within a '#nullable' annotations context. [C:\Users\ultra\warewolf\Dev\Dev2.Activities\Dev2.Activities.csproj]
C:\Users\ultra\warewolf\Dev\Dev2.Activities\WorkflowConverters\SwitchActivityDataHelper.cs(33,25): warning CS8632: The annotation for nullable reference types should only be used in code within a '#nullable' annotations context. [C:\Users\ultra\warewolf\Dev\Dev2.Activities\Dev2.Activities.csproj]
C:\Users\ultra\warewolf\Dev\Dev2.Activities\WorkflowConverters\SwitchActivityDataHelper.cs(34,25): warning CS8632: The annotation for nullable reference types should only be used in code within a '#nullable' annotations context. [C:\Users\ultra\warewolf\Dev\Dev2.Activities\Dev2.Activities.csproj]
C:\Users\ultra\warewolf\Dev\Dev2.Activities\WorkflowConverters\SwitchActivityDataHelper.cs(35,25): warning CS8632: The annotation for nullable reference types should only be used in code within a '#nullable' annotations context. [C:\Users\ultra\warewolf\Dev\Dev2.Activities\Dev2.Activities.csproj]
C:\Users\ultra\warewolf\Dev\Dev2.Activities\WorkflowConverters\SwitchActivityDataHelper.cs(36,25): warning CS8632: The annotation for nullable reference types should only be used in code within a '#nullable' annotations context. [C:\Users\ultra\warewolf\Dev\Dev2.Activities\Dev2.Activities.csproj]
C:\Users\ultra\warewolf\Dev\Dev2.Activities\WorkflowConverters\SwitchActivityDataHelper.cs(37,25): warning CS8632: The annotation for nullable reference types should only be used in code within a '#nullable' annotations context. [C:\Users\ultra\warewolf\Dev\Dev2.Activities\Dev2.Activities.csproj]
C:\Users\ultra\warewolf\Dev\Dev2.Activities\WorkflowConverters\SwitchActivityDataHelper.cs(108,19): warning CS8632: The annotation for nullable reference types should only be used in code within a '#nullable' annotations context. [C:\Users\ultra\warewolf\Dev\Dev2.Activities\Dev2.Activities.csproj]
C:\Users\ultra\warewolf\Dev\Dev2.Activities\WorkflowConverters\ActivityPropertiesReaderHelper.cs(60,59): warning CS8632: The annotation for nullable reference types should only be used in code within a '#nullable' annotations context. [C:\Users\ultra\warewolf\Dev\Dev2.Activities\Dev2.Activities.csproj]
C:\Users\ultra\warewolf\Dev\Dev2.Activities\Activities\GateActivity.cs(639,21): warning CC0003: Consider adding an Exception to the catch. (https://code-cracker.github.io/diagnostics/CC0003.html) [C:\Users\ultra\warewolf\Dev\Dev2.Activities\Dev2.Activities.csproj]
C:\Users\ultra\warewolf\Dev\Dev2.Activities\Activities\GateActivity.cs(656,21): warning CC0003: Consider adding an Exception to the catch. (https://code-cracker.github.io/diagnostics/CC0003.html) [C:\Users\ultra\warewolf\Dev\Dev2.Activities\Dev2.Activities.csproj]
C:\Users\ultra\warewolf\Dev\Dev2.Activities\Activities\GateActivity.cs(733,24): warning CC0022: WarewolfListIterator should be disposed. (https://code-cracker.github.io/diagnostics/CC0022.html) [C:\Users\ultra\warewolf\Dev\Dev2.Activities\Dev2.Activities.csproj]
C:\Users\ultra\warewolf\Dev\Dev2.Activities\Activities\WebPostActivity.cs(238,28): warning CC0022: WarewolfListIterator should be disposed. (https://code-cracker.github.io/diagnostics/CC0022.html) [C:\Users\ultra\warewolf\Dev\Dev2.Activities\Dev2.Activities.csproj]
C:\Users\ultra\warewolf\Dev\Dev2.Activities\WorkflowConverters\X6ToWorkflowConverter.cs(375,13): warning CC0003: Consider adding an Exception to the catch. (https://code-cracker.github.io/diagnostics/CC0003.html) [C:\Users\ultra\warewolf\Dev\Dev2.Activities\Dev2.Activities.csproj]
C:\Users\ultra\warewolf\Dev\Dev2.Activities\Activities\WebPostActivityNew.cs(281,28): warning CC0022: WarewolfListIterator should be disposed. (https://code-cracker.github.io/diagnostics/CC0022.html) [C:\Users\ultra\warewolf\Dev\Dev2.Activities\Dev2.Activities.csproj]
C:\Users\ultra\warewolf\Dev\Dev2.Activities\WorkflowConverters\X6ToWorkflowConverter.cs(833,17): warning CC0120: Consider put an default clause in Switch. (https://code-cracker.github.io/diagnostics/CC0120.html) [C:\Users\ultra\warewolf\Dev\Dev2.Activities\Dev2.Activities.csproj]
C:\Users\ultra\warewolf\Dev\Dev2.Activities\WorkflowConverters\X6ToWorkflowConverter.cs(958,13): warning CC0004: Empty Catch Block. (https://code-cracker.github.io/diagnostics/CC0004.html) [C:\Users\ultra\warewolf\Dev\Dev2.Activities\Dev2.Activities.csproj]
C:\Users\ultra\warewolf\Dev\Dev2.Activities\Activities\PathOperations\FileWriteActivity.cs(54,26): warning CC0022: WarewolfListIterator should be disposed. (https://code-cracker.github.io/diagnostics/CC0022.html) [C:\Users\ultra\warewolf\Dev\Dev2.Activities\Dev2.Activities.csproj]
C:\Users\ultra\warewolf\Dev\Dev2.Activities\WorkflowConverters\WorkflowToX6Converter.cs(567,13): warning CC0105: Use 'var' instead of specifying the type name. (https://code-cracker.github.io/diagnostics/CC0105.html) [C:\Users\ultra\warewolf\Dev\Dev2.Activities\Dev2.Activities.csproj]
C:\Users\ultra\warewolf\Dev\Dev2.Activities\WorkflowConverters\WorkflowToX6Converter.cs(998,13): warning CC0004: Empty Catch Block. (https://code-cracker.github.io/diagnostics/CC0004.html) [C:\Users\ultra\warewolf\Dev\Dev2.Activities\Dev2.Activities.csproj]
C:\Users\ultra\warewolf\Dev\Dev2.Activities\WorkflowConverters\WorkflowToX6Converter.cs(1376,17): warning CC0004: Empty Catch Block. (https://code-cracker.github.io/diagnostics/CC0004.html) [C:\Users\ultra\warewolf\Dev\Dev2.Activities\Dev2.Activities.csproj]
C:\Users\ultra\warewolf\Dev\Dev2.Activities\WorkflowConverters\WorkflowToX6Converter.cs(1365,13): warning CC0006: You can use foreach instead of for. (https://code-cracker.github.io/diagnostics/CC0006.html) [C:\Users\ultra\warewolf\Dev\Dev2.Activities\Dev2.Activities.csproj]
C:\Users\ultra\warewolf\Dev\Dev2.Activities\Activities\DsfWebActivityBase.cs(136,96): warning CC0022: StringContent should be disposed. (https://code-cracker.github.io/diagnostics/CC0022.html) [C:\Users\ultra\warewolf\Dev\Dev2.Activities\Dev2.Activities.csproj]
C:\Users\ultra\warewolf\Dev\Dev2.Activities\Activities\DsfWebActivityBase.cs(158,42): warning CC0022: StreamReader should be disposed. (https://code-cracker.github.io/diagnostics/CC0022.html) [C:\Users\ultra\warewolf\Dev\Dev2.Activities\Dev2.Activities.csproj]
C:\Users\ultra\warewolf\Dev\Dev2.Activities\Activities\DsfWebActivityBase.cs(175,35): warning CC0022: ByteArrayContent should be disposed. (https://code-cracker.github.io/diagnostics/CC0022.html) [C:\Users\ultra\warewolf\Dev\Dev2.Activities\Dev2.Activities.csproj]
C:\Users\ultra\warewolf\Dev\Dev2.Activities\Activities\DsfWebActivityBase.cs(184,31): warning CC0022: StringContent should be disposed. (https://code-cracker.github.io/diagnostics/CC0022.html) [C:\Users\ultra\warewolf\Dev\Dev2.Activities\Dev2.Activities.csproj]
C:\Users\ultra\warewolf\Dev\Dev2.Activities\Activities\GetSystemInformationHelper.cs(95,36): warning CA1416: This call site is reachable on all platforms. 'ManagementBaseObject.GetPropertyValue(string)' is only supported on: 'windows'. (https://learn.microsoft.com/dotnet/fundamentals/code-analysis/quality-rules/ca1416) [C:\Users\ultra\warewolf\Dev\Dev2.Activities\Dev2.Activities.csproj]
C:\Users\ultra\warewolf\Dev\Dev2.Activities\Activities\GetSystemInformationHelper.cs(329,31): warning CA1416: This call site is reachable on all platforms. 'ManagementObjectSearcher.Get()' is only supported on: 'windows'. (https://learn.microsoft.com/dotnet/fundamentals/code-analysis/quality-rules/ca1416) [C:\Users\ultra\warewolf\Dev\Dev2.Activities\Dev2.Activities.csproj]
C:\Users\ultra\warewolf\Dev\Dev2.Activities\Activities\GetSystemInformationHelper.cs(327,28): warning CA1416: This call site is reachable on all platforms. 'ManagementObjectSearcher' is only supported on: 'windows'. (https://learn.microsoft.com/dotnet/fundamentals/code-analysis/quality-rules/ca1416) [C:\Users\ultra\warewolf\Dev\Dev2.Activities\Dev2.Activities.csproj]
C:\Users\ultra\warewolf\Dev\Dev2.Activities\Activities\GetSystemInformationHelper.cs(332,60): warning CA1416: This call site is reachable on all platforms. 'ManagementBaseObject.this[string]' is only supported on: 'windows'. (https://learn.microsoft.com/dotnet/fundamentals/code-analysis/quality-rules/ca1416) [C:\Users\ultra\warewolf\Dev\Dev2.Activities\Dev2.Activities.csproj]
C:\Users\ultra\warewolf\Dev\Dev2.Activities\Activities\GetSystemInformationHelper.cs(326,28): warning CA1416: This call site is reachable on all platforms. 'ObjectQuery' is only supported on: 'windows'. (https://learn.microsoft.com/dotnet/fundamentals/code-analysis/quality-rules/ca1416) [C:\Users\ultra\warewolf\Dev\Dev2.Activities\Dev2.Activities.csproj]
C:\Users\ultra\warewolf\Dev\Dev2.Activities\Activities\GetSystemInformationHelper.cs(340,28): warning CA1416: This call site is reachable on all platforms. 'ObjectQuery' is only supported on: 'windows'. (https://learn.microsoft.com/dotnet/fundamentals/code-analysis/quality-rules/ca1416) [C:\Users\ultra\warewolf\Dev\Dev2.Activities\Dev2.Activities.csproj]
C:\Users\ultra\warewolf\Dev\Dev2.Activities\Activities\GetSystemInformationHelper.cs(342,31): warning CA1416: This call site is reachable on all platforms. 'ManagementObjectSearcher.Get()' is only supported on: 'windows'. (https://learn.microsoft.com/dotnet/fundamentals/code-analysis/quality-rules/ca1416) [C:\Users\ultra\warewolf\Dev\Dev2.Activities\Dev2.Activities.csproj]
C:\Users\ultra\warewolf\Dev\Dev2.Activities\Activities\GetSystemInformationHelper.cs(341,28): warning CA1416: This call site is reachable on all platforms. 'ManagementObjectSearcher' is only supported on: 'windows'. (https://learn.microsoft.com/dotnet/fundamentals/code-analysis/quality-rules/ca1416) [C:\Users\ultra\warewolf\Dev\Dev2.Activities\Dev2.Activities.csproj]
C:\Users\ultra\warewolf\Dev\Dev2.Activities\Activities\GetSystemInformationHelper.cs(345,53): warning CA1416: This call site is reachable on all platforms. 'ManagementBaseObject.this[string]' is only supported on: 'windows'. (https://learn.microsoft.com/dotnet/fundamentals/code-analysis/quality-rules/ca1416) [C:\Users\ultra\warewolf\Dev\Dev2.Activities\Dev2.Activities.csproj]
C:\Users\ultra\warewolf\Dev\Dev2.Activities\Activities\GetSystemInformationHelper.cs(346,58): warning CA1416: This call site is reachable on all platforms. 'ManagementBaseObject.this[string]' is only supported on: 'windows'. (https://learn.microsoft.com/dotnet/fundamentals/code-analysis/quality-rules/ca1416) [C:\Users\ultra\warewolf\Dev\Dev2.Activities\Dev2.Activities.csproj]
C:\Users\ultra\warewolf\Dev\Dev2.Activities\Activities\GetSystemInformationHelper.cs(370,92): warning CA1416: This call site is reachable on all platforms. 'WindowsIdentity.GetCurrent()' is only supported on: 'windows'. (https://learn.microsoft.com/dotnet/fundamentals/code-analysis/quality-rules/ca1416) [C:\Users\ultra\warewolf\Dev\Dev2.Activities\Dev2.Activities.csproj]
C:\Users\ultra\warewolf\Dev\Dev2.Activities\Activities\GetSystemInformationHelper.cs(372,17): warning CA1416: This call site is reachable on all platforms. 'WindowsIdentity.Groups' is only supported on: 'windows'. (https://learn.microsoft.com/dotnet/fundamentals/code-analysis/quality-rules/ca1416) [C:\Users\ultra\warewolf\Dev\Dev2.Activities\Dev2.Activities.csproj]
C:\Users\ultra\warewolf\Dev\Dev2.Activities\Activities\GetSystemInformationHelper.cs(374,37): warning CA1416: This call site is reachable on all platforms. 'WindowsIdentity.Groups' is only supported on: 'windows'. (https://learn.microsoft.com/dotnet/fundamentals/code-analysis/quality-rules/ca1416) [C:\Users\ultra\warewolf\Dev\Dev2.Activities\Dev2.Activities.csproj]
C:\Users\ultra\warewolf\Dev\Dev2.Activities\Activities\GetSystemInformationHelper.cs(387,28): warning CA1416: This call site is reachable on all platforms. 'IdentityReference.Value' is only supported on: 'windows'. (https://learn.microsoft.com/dotnet/fundamentals/code-analysis/quality-rules/ca1416) [C:\Users\ultra\warewolf\Dev\Dev2.Activities\Dev2.Activities.csproj]
C:\Users\ultra\warewolf\Dev\Dev2.Activities\Activities\GetSystemInformationHelper.cs(394,35): warning CA1416: This call site is reachable on all platforms. 'ManagementObjectSearcher.Get()' is only supported on: 'windows'. (https://learn.microsoft.com/dotnet/fundamentals/code-analysis/quality-rules/ca1416) [C:\Users\ultra\warewolf\Dev\Dev2.Activities\Dev2.Activities.csproj]
C:\Users\ultra\warewolf\Dev\Dev2.Activities\Activities\GetSystemInformationHelper.cs(392,32): warning CA1416: This call site is reachable on all platforms. 'ObjectQuery' is only supported on: 'windows'. (https://learn.microsoft.com/dotnet/fundamentals/code-analysis/quality-rules/ca1416) [C:\Users\ultra\warewolf\Dev\Dev2.Activities\Dev2.Activities.csproj]
C:\Users\ultra\warewolf\Dev\Dev2.Activities\Activities\GetSystemInformationHelper.cs(393,32): warning CA1416: This call site is reachable on all platforms. 'ManagementObjectSearcher' is only supported on: 'windows'. (https://learn.microsoft.com/dotnet/fundamentals/code-analysis/quality-rules/ca1416) [C:\Users\ultra\warewolf\Dev\Dev2.Activities\Dev2.Activities.csproj]
C:\Users\ultra\warewolf\Dev\Dev2.Activities\Activities\GetSystemInformationHelper.cs(392,90): warning CA1416: This call site is reachable on all platforms. 'IdentityReference.Value' is only supported on: 'windows'. (https://learn.microsoft.com/dotnet/fundamentals/code-analysis/quality-rules/ca1416) [C:\Users\ultra\warewolf\Dev\Dev2.Activities\Dev2.Activities.csproj]
C:\Users\ultra\warewolf\Dev\Dev2.Activities\Activities\GetSystemInformationHelper.cs(397,49): warning CA1416: This call site is reachable on all platforms. 'ManagementBaseObject.this[string]' is only supported on: 'windows'. (https://learn.microsoft.com/dotnet/fundamentals/code-analysis/quality-rules/ca1416) [C:\Users\ultra\warewolf\Dev\Dev2.Activities\Dev2.Activities.csproj]
C:\Users\ultra\warewolf\Dev\Dev2.Activities\Activities\GetSystemInformationHelper.cs(386,39): warning CA1416: This call site is reachable on all platforms. 'IdentityReference.Translate(Type)' is only supported on: 'windows'. (https://learn.microsoft.com/dotnet/fundamentals/code-analysis/quality-rules/ca1416) [C:\Users\ultra\warewolf\Dev\Dev2.Activities\Dev2.Activities.csproj]
C:\Users\ultra\warewolf\Dev\Dev2.Activities\Activities\GetSystemInformationHelper.cs(428,35): warning CA1416: This call site is reachable on all platforms. 'ManagementObjectSearcher.Get()' is only supported on: 'windows'. (https://learn.microsoft.com/dotnet/fundamentals/code-analysis/quality-rules/ca1416) [C:\Users\ultra\warewolf\Dev\Dev2.Activities\Dev2.Activities.csproj]
C:\Users\ultra\warewolf\Dev\Dev2.Activities\Activities\GetSystemInformationHelper.cs(431,57): warning CA1416: This call site is reachable on all platforms. 'ManagementBaseObject.this[string]' is only supported on: 'windows'. (https://learn.microsoft.com/dotnet/fundamentals/code-analysis/quality-rules/ca1416) [C:\Users\ultra\warewolf\Dev\Dev2.Activities\Dev2.Activities.csproj]
C:\Users\ultra\warewolf\Dev\Dev2.Activities\Activities\GetSystemInformationHelper.cs(426,32): warning CA1416: This call site is reachable on all platforms. 'ObjectQuery' is only supported on: 'windows'. (https://learn.microsoft.com/dotnet/fundamentals/code-analysis/quality-rules/ca1416) [C:\Users\ultra\warewolf\Dev\Dev2.Activities\Dev2.Activities.csproj]
C:\Users\ultra\warewolf\Dev\Dev2.Activities\Activities\GetSystemInformationHelper.cs(427,32): warning CA1416: This call site is reachable on all platforms. 'ManagementObjectSearcher' is only supported on: 'windows'. (https://learn.microsoft.com/dotnet/fundamentals/code-analysis/quality-rules/ca1416) [C:\Users\ultra\warewolf\Dev\Dev2.Activities\Dev2.Activities.csproj]
  Warewolf.Studio.Core -> C:\Users\ultra\warewolf\Dev\Warewolf.Studio.Core\bin\Debug\net8.0\Warewolf.Studio.Core.dll
  Dev2.Activities -> C:\Users\ultra\warewolf\Dev\Dev2.Activities\bin\Debug\net8.0\Dev2.Activities.dll
C:\Program Files\dotnet\sdk\10.0.201\Microsoft.Common.CurrentVersion.targets(2451,5): warning MSB3277: Found conflicts between different versions of "WindowsBase" that could not be resolved. [C:\Users\ultra\warewolf\Dev\Dev2.Runtime\Dev2.Runtime.csproj]
C:\Program Files\dotnet\sdk\10.0.201\Microsoft.Common.CurrentVersion.targets(2451,5): warning MSB3277: There was a conflict between "WindowsBase, Version=4.0.0.0, Culture=neutral, PublicKeyToken=31bf3856ad364e35" and "WindowsBase, Version=6.0.2.0, Culture=neutral, PublicKeyToken=31bf3856ad364e35". [C:\Users\ultra\warewolf\Dev\Dev2.Runtime\Dev2.Runtime.csproj]
C:\Program Files\dotnet\sdk\10.0.201\Microsoft.Common.CurrentVersion.targets(2451,5): warning MSB3277:     "WindowsBase, Version=4.0.0.0, Culture=neutral, PublicKeyToken=31bf3856ad364e35" was chosen because it was primary and "WindowsBase, Version=6.0.2.0, Culture=neutral, PublicKeyToken=31bf3856ad364e35" was not. [C:\Users\ultra\warewolf\Dev\Dev2.Runtime\Dev2.Runtime.csproj]
C:\Program Files\dotnet\sdk\10.0.201\Microsoft.Common.CurrentVersion.targets(2451,5): warning MSB3277:     References which depend on "WindowsBase, Version=4.0.0.0, Culture=neutral, PublicKeyToken=31bf3856ad364e35" [C:\Program Files\dotnet\packs\Microsoft.NETCore.App.Ref\8.0.25\ref\net8.0\WindowsBase.dll]. [C:\Users\ultra\warewolf\Dev\Dev2.Runtime\Dev2.Runtime.csproj]
C:\Program Files\dotnet\sdk\10.0.201\Microsoft.Common.CurrentVersion.targets(2451,5): warning MSB3277:         C:\Program Files\dotnet\packs\Microsoft.NETCore.App.Ref\8.0.25\ref\net8.0\WindowsBase.dll [C:\Users\ultra\warewolf\Dev\Dev2.Runtime\Dev2.Runtime.csproj]
C:\Program Files\dotnet\sdk\10.0.201\Microsoft.Common.CurrentVersion.targets(2451,5): warning MSB3277:           Project file item includes which caused reference "C:\Program Files\dotnet\packs\Microsoft.NETCore.App.Ref\8.0.25\ref\net8.0\WindowsBase.dll". [C:\Users\ultra\warewolf\Dev\Dev2.Runtime\Dev2.Runtime.csproj]
C:\Program Files\dotnet\sdk\10.0.201\Microsoft.Common.CurrentVersion.targets(2451,5): warning MSB3277:             C:\Program Files\dotnet\packs\Microsoft.NETCore.App.Ref\8.0.25\ref/net8.0/WindowsBase.dll [C:\Users\ultra\warewolf\Dev\Dev2.Runtime\Dev2.Runtime.csproj]
C:\Program Files\dotnet\sdk\10.0.201\Microsoft.Common.CurrentVersion.targets(2451,5): warning MSB3277:     References which depend on or have been unified to "WindowsBase, Version=6.0.2.0, Culture=neutral, PublicKeyToken=31bf3856ad364e35" []. [C:\Users\ultra\warewolf\Dev\Dev2.Runtime\Dev2.Runtime.csproj]
C:\Program Files\dotnet\sdk\10.0.201\Microsoft.Common.CurrentVersion.targets(2451,5): warning MSB3277:         C:\Users\ultra\.nuget\packages\caliburn.micro\4.0.212\lib\netcoreapp3.1\Caliburn.Micro.Platform.dll [C:\Users\ultra\warewolf\Dev\Dev2.Runtime\Dev2.Runtime.csproj]
C:\Program Files\dotnet\sdk\10.0.201\Microsoft.Common.CurrentVersion.targets(2451,5): warning MSB3277:           Project file item includes which caused reference "C:\Users\ultra\.nuget\packages\caliburn.micro\4.0.212\lib\netcoreapp3.1\Caliburn.Micro.Platform.dll". [C:\Users\ultra\warewolf\Dev\Dev2.Runtime\Dev2.Runtime.csproj]
C:\Program Files\dotnet\sdk\10.0.201\Microsoft.Common.CurrentVersion.targets(2451,5): warning MSB3277:             C:\Users\ultra\.nuget\packages\caliburn.micro\4.0.212\lib\netcoreapp3.1\Caliburn.Micro.Platform.dll [C:\Users\ultra\warewolf\Dev\Dev2.Runtime\Dev2.Runtime.csproj]
C:\Program Files\dotnet\sdk\10.0.201\Microsoft.Common.CurrentVersion.targets(2451,5): warning MSB3277:         C:\Users\ultra\.nuget\packages\ironpython\3.4.0\lib\net6.0\IronPython.Wpf.dll [C:\Users\ultra\warewolf\Dev\Dev2.Runtime\Dev2.Runtime.csproj]
C:\Program Files\dotnet\sdk\10.0.201\Microsoft.Common.CurrentVersion.targets(2451,5): warning MSB3277:           Project file item includes which caused reference "C:\Users\ultra\.nuget\packages\ironpython\3.4.0\lib\net6.0\IronPython.Wpf.dll". [C:\Users\ultra\warewolf\Dev\Dev2.Runtime\Dev2.Runtime.csproj]
C:\Program Files\dotnet\sdk\10.0.201\Microsoft.Common.CurrentVersion.targets(2451,5): warning MSB3277:             C:\Users\ultra\.nuget\packages\ironpython\3.4.0\lib\net6.0\IronPython.Wpf.dll [C:\Users\ultra\warewolf\Dev\Dev2.Runtime\Dev2.Runtime.csproj]
C:\Program Files\dotnet\sdk\10.0.201\Microsoft.Common.CurrentVersion.targets(2451,5): warning MSB3277:         C:\Users\ultra\.nuget\packages\microsoft.xaml.behaviors.wpf\1.1.19\lib\netcoreapp3.0\Microsoft.Xaml.Behaviors.dll [C:\Users\ultra\warewolf\Dev\Dev2.Runtime\Dev2.Runtime.csproj]
C:\Program Files\dotnet\sdk\10.0.201\Microsoft.Common.CurrentVersion.targets(2451,5): warning MSB3277:           Project file item includes which caused reference "C:\Users\ultra\.nuget\packages\microsoft.xaml.behaviors.wpf\1.1.19\lib\netcoreapp3.0\Microsoft.Xaml.Behaviors.dll". [C:\Users\ultra\warewolf\Dev\Dev2.Runtime\Dev2.Runtime.csproj]
C:\Program Files\dotnet\sdk\10.0.201\Microsoft.Common.CurrentVersion.targets(2451,5): warning MSB3277:             C:\Users\ultra\.nuget\packages\microsoft.xaml.behaviors.wpf\1.1.19\lib\netcoreapp3.0\Microsoft.Xaml.Behaviors.dll [C:\Users\ultra\warewolf\Dev\Dev2.Runtime\Dev2.Runtime.csproj]
C:\Program Files\dotnet\sdk\10.0.201\Microsoft.Common.CurrentVersion.targets(2451,5): warning MSB3277:             C:\Users\ultra\.nuget\packages\caliburn.micro\4.0.212\lib\netcoreapp3.1\Caliburn.Micro.Platform.dll [C:\Users\ultra\warewolf\Dev\Dev2.Runtime\Dev2.Runtime.csproj]
C:\Program Files\dotnet\sdk\10.0.201\Microsoft.Common.CurrentVersion.targets(2451,5): warning MSB3277:         C:\Users\ultra\.nuget\packages\reactiveui.wpf\18.4.1\lib\net462\ReactiveUI.Wpf.dll [C:\Users\ultra\warewolf\Dev\Dev2.Runtime\Dev2.Runtime.csproj]
C:\Program Files\dotnet\sdk\10.0.201\Microsoft.Common.CurrentVersion.targets(2451,5): warning MSB3277:           Project file item includes which caused reference "C:\Users\ultra\.nuget\packages\reactiveui.wpf\18.4.1\lib\net462\ReactiveUI.Wpf.dll". [C:\Users\ultra\warewolf\Dev\Dev2.Runtime\Dev2.Runtime.csproj]
C:\Program Files\dotnet\sdk\10.0.201\Microsoft.Common.CurrentVersion.targets(2451,5): warning MSB3277:             C:\Users\ultra\.nuget\packages\reactiveui.wpf\18.4.1\lib\net462\ReactiveUI.Wpf.dll [C:\Users\ultra\warewolf\Dev\Dev2.Runtime\Dev2.Runtime.csproj]
  Warewolf.Testing -> C:\Users\ultra\warewolf\Dev\Warewolf.Testing\bin\Debug\net8.0\Warewolf.Testing.dll
  Warewolf.HangfireServer -> C:\Users\ultra\warewolf\Dev\Warewolf.HangfireServer\bin\Debug\net8.0\linux-x64\HangfireServer.dll
C:\Users\ultra\warewolf\Dev\Dev2.Runtime\ESB\Execution\RemoteWorkflowExecutionContainer.cs(235,35): warning SYSLIB0013: 'Uri.EscapeUriString(string)' is obsolete: 'Uri.EscapeUriString can corrupt the Uri string in some cases. Consider using Uri.EscapeDataString for query string components instead.' (https://aka.ms/dotnet-warnings/SYSLIB0013) [C:\Users\ultra\warewolf\Dev\Dev2.Runtime\Dev2.Runtime.csproj]
C:\Users\ultra\warewolf\Dev\Dev2.Runtime\ESB\Execution\RemoteWorkflowExecutionContainer.cs(301,39): warning SYSLIB0013: 'Uri.EscapeUriString(string)' is obsolete: 'Uri.EscapeUriString can corrupt the Uri string in some cases. Consider using Uri.EscapeDataString for query string components instead.' (https://aka.ms/dotnet-warnings/SYSLIB0013) [C:\Users\ultra\warewolf\Dev\Dev2.Runtime\Dev2.Runtime.csproj]
C:\Users\ultra\warewolf\Dev\Dev2.Runtime\ESB\WF\XamlActivityHelper.cs(66,13): warning CC0004: Empty Catch Block. (https://code-cracker.github.io/diagnostics/CC0004.html) [C:\Users\ultra\warewolf\Dev\Dev2.Runtime\Dev2.Runtime.csproj]
C:\Users\ultra\warewolf\Dev\Dev2.Runtime\ESB\Execution\WfExecutionContainer.cs(63,35): warning CC0067: Do not call overridable methods in constructors (https://code-cracker.github.io/diagnostics/CC0067.html) [C:\Users\ultra\warewolf\Dev\Dev2.Runtime\Dev2.Runtime.csproj]
C:\Users\ultra\warewolf\Dev\Dev2.Runtime\ESB\WF\XamlActivityHelper.cs(133,13): warning CC0004: Empty Catch Block. (https://code-cracker.github.io/diagnostics/CC0004.html) [C:\Users\ultra\warewolf\Dev\Dev2.Runtime\Dev2.Runtime.csproj]
C:\Users\ultra\warewolf\Dev\Dev2.Runtime\ESB\WF\XamlActivityHelper.cs(179,17): warning CC0004: Empty Catch Block. (https://code-cracker.github.io/diagnostics/CC0004.html) [C:\Users\ultra\warewolf\Dev\Dev2.Runtime\Dev2.Runtime.csproj]
C:\Users\ultra\warewolf\Dev\Dev2.Runtime\ESB\WF\XamlActivityHelper.cs(230,17): warning CC0004: Empty Catch Block. (https://code-cracker.github.io/diagnostics/CC0004.html) [C:\Users\ultra\warewolf\Dev\Dev2.Runtime\Dev2.Runtime.csproj]
C:\Users\ultra\warewolf\Dev\Dev2.Runtime\ESB\WF\XamlActivityHelper.cs(240,43): warning CC0057: Parameter 'instance' is not used. (https://code-cracker.github.io/diagnostics/CC0057.html) [C:\Users\ultra\warewolf\Dev\Dev2.Runtime\Dev2.Runtime.csproj]
C:\Users\ultra\warewolf\Dev\Dev2.Runtime\ESB\Execution\WfExecutionContainer.cs(774,37): warning CC0022: StateAuditLogger should be disposed. (https://code-cracker.github.io/diagnostics/CC0022.html) [C:\Users\ultra\warewolf\Dev\Dev2.Runtime\Dev2.Runtime.csproj]
C:\Users\ultra\warewolf\Dev\Dev2.Runtime\ESB\Execution\WfExecutionContainer.cs(578,33): warning CC0003: Consider adding an Exception to the catch. (https://code-cracker.github.io/diagnostics/CC0003.html) [C:\Users\ultra\warewolf\Dev\Dev2.Runtime\Dev2.Runtime.csproj]
C:\Users\ultra\warewolf\Dev\Dev2.Runtime\ESB\Execution\WfExecutionContainer.cs(819,17): warning CC0004: Empty Catch Block. (https://code-cracker.github.io/diagnostics/CC0004.html) [C:\Users\ultra\warewolf\Dev\Dev2.Runtime\Dev2.Runtime.csproj]
C:\Users\ultra\warewolf\Dev\Dev2.Runtime\ESB\Execution\WfExecutionContainer.cs(864,21): warning CC0004: Empty Catch Block. (https://code-cracker.github.io/diagnostics/CC0004.html) [C:\Users\ultra\warewolf\Dev\Dev2.Runtime\Dev2.Runtime.csproj]
  Dev2.Runtime -> C:\Users\ultra\warewolf\Dev\Dev2.Runtime\bin\Debug\net8.0\Dev2.Runtime.dll
C:\Users\ultra\warewolf\Dev\Dev2.Studio.Core\Activities\Services\DesignerManagementService.cs(75,13): warning CS0618: 'EventAggregatorExtensions.Subscribe(IEventAggregator, object)' is obsolete: 'Use SubscribeOnPublishedThread' [C:\Users\ultra\warewolf\Dev\Dev2.Studio.Core\Dev2.Studio.Core.csproj]
C:\Users\ultra\warewolf\Dev\Dev2.Studio.Core\Diagnostics\DebugStateTreeViewItemViewModel.cs(119,13): warning CC0105: Use 'var' instead of specifying the type name. (https://code-cracker.github.io/diagnostics/CC0105.html) [C:\Users\ultra\warewolf\Dev\Dev2.Studio.Core\Dev2.Studio.Core.csproj]
C:\Users\ultra\warewolf\Dev\Dev2.Studio.Core\AppResources\Converters\NullableBoolToBoolConverter.cs(31,45): warning CC0057: Parameter 'targetType' is not used. (https://code-cracker.github.io/diagnostics/CC0057.html) [C:\Users\ultra\warewolf\Dev\Dev2.Studio.Core\Dev2.Studio.Core.csproj]
C:\Users\ultra\warewolf\Dev\Dev2.Studio.Core\AppResources\Converters\NullableBoolToBoolConverter.cs(31,62): warning CC0057: Parameter 'parameter' is not used. (https://code-cracker.github.io/diagnostics/CC0057.html) [C:\Users\ultra\warewolf\Dev\Dev2.Studio.Core\Dev2.Studio.Core.csproj]
C:\Users\ultra\warewolf\Dev\Dev2.Studio.Core\AppResources\Converters\NullableBoolToBoolConverter.cs(31,80): warning CC0057: Parameter 'culture' is not used. (https://code-cracker.github.io/diagnostics/CC0057.html) [C:\Users\ultra\warewolf\Dev\Dev2.Studio.Core\Dev2.Studio.Core.csproj]
C:\Users\ultra\warewolf\Dev\Dev2.Studio.Core\AppResources\Converters\NullableBoolToBoolConverter.cs(41,23): warning CC0057: Parameter 'value' is not used. (https://code-cracker.github.io/diagnostics/CC0057.html) [C:\Users\ultra\warewolf\Dev\Dev2.Studio.Core\Dev2.Studio.Core.csproj]
C:\Users\ultra\warewolf\Dev\Dev2.Studio.Core\AppResources\Converters\NullableBoolToBoolConverter.cs(41,37): warning CC0057: Parameter 'targetType' is not used. (https://code-cracker.github.io/diagnostics/CC0057.html) [C:\Users\ultra\warewolf\Dev\Dev2.Studio.Core\Dev2.Studio.Core.csproj]
C:\Users\ultra\warewolf\Dev\Dev2.Studio.Core\AppResources\Converters\NullableBoolToBoolConverter.cs(41,54): warning CC0057: Parameter 'parameter' is not used. (https://code-cracker.github.io/diagnostics/CC0057.html) [C:\Users\ultra\warewolf\Dev\Dev2.Studio.Core\Dev2.Studio.Core.csproj]
C:\Users\ultra\warewolf\Dev\Dev2.Studio.Core\AppResources\Converters\NullableBoolToBoolConverter.cs(41,72): warning CC0057: Parameter 'culture' is not used. (https://code-cracker.github.io/diagnostics/CC0057.html) [C:\Users\ultra\warewolf\Dev\Dev2.Studio.Core\Dev2.Studio.Core.csproj]
C:\Users\ultra\warewolf\Dev\Dev2.Studio.Core\AppResources\Converters\ModelItemToActivityConverter.cs(31,42): warning CC0057: Parameter 'targetType' is not used. (https://code-cracker.github.io/diagnostics/CC0057.html) [C:\Users\ultra\warewolf\Dev\Dev2.Studio.Core\Dev2.Studio.Core.csproj]
C:\Users\ultra\warewolf\Dev\Dev2.Studio.Core\AppResources\Converters\ModelItemToActivityConverter.cs(31,59): warning CC0057: Parameter 'parameter' is not used. (https://code-cracker.github.io/diagnostics/CC0057.html) [C:\Users\ultra\warewolf\Dev\Dev2.Studio.Core\Dev2.Studio.Core.csproj]
C:\Users\ultra\warewolf\Dev\Dev2.Studio.Core\AppResources\Converters\ModelItemToActivityConverter.cs(31,77): warning CC0057: Parameter 'culture' is not used. (https://code-cracker.github.io/diagnostics/CC0057.html) [C:\Users\ultra\warewolf\Dev\Dev2.Studio.Core\Dev2.Studio.Core.csproj]
C:\Users\ultra\warewolf\Dev\Dev2.Studio.Core\AppResources\Converters\ModelItemToActivityConverter.cs(45,46): warning CC0057: Parameter 'targetType' is not used. (https://code-cracker.github.io/diagnostics/CC0057.html) [C:\Users\ultra\warewolf\Dev\Dev2.Studio.Core\Dev2.Studio.Core.csproj]
C:\Users\ultra\warewolf\Dev\Dev2.Studio.Core\AppResources\Converters\ModelItemToActivityConverter.cs(45,81): warning CC0057: Parameter 'culture' is not used. (https://code-cracker.github.io/diagnostics/CC0057.html) [C:\Users\ultra\warewolf\Dev\Dev2.Studio.Core\Dev2.Studio.Core.csproj]
C:\Users\ultra\warewolf\Dev\Dev2.Studio.Core\DataList\Dev2TrieSuggestionProvider.cs(180,13): warning CC0004: Empty Catch Block. (https://code-cracker.github.io/diagnostics/CC0004.html) [C:\Users\ultra\warewolf\Dev\Dev2.Studio.Core\Dev2.Studio.Core.csproj]
  Dev2.Studio.Core -> C:\Users\ultra\warewolf\Dev\Dev2.Studio.Core\bin\Debug\net8.0\Dev2.Studio.Core.dll
C:\Program Files\dotnet\sdk\10.0.201\Microsoft.Common.CurrentVersion.targets(2451,5): warning MSB3277: Found conflicts between different versions of "Microsoft.Win32.SystemEvents" that could not be resolved. [C:\Users\ultra\warewolf\Dev\Dev2.Intellisense\Dev2.Intellisense.csproj]
C:\Program Files\dotnet\sdk\10.0.201\Microsoft.Common.CurrentVersion.targets(2451,5): warning MSB3277: There was a conflict between "Microsoft.Win32.SystemEvents, Version=6.0.0.0, Culture=neutral, PublicKeyToken=cc7b13ffcd2ddd51" and "Microsoft.Win32.SystemEvents, Version=7.0.0.0, Culture=neutral, PublicKeyToken=cc7b13ffcd2ddd51". [C:\Users\ultra\warewolf\Dev\Dev2.Intellisense\Dev2.Intellisense.csproj]
C:\Program Files\dotnet\sdk\10.0.201\Microsoft.Common.CurrentVersion.targets(2451,5): warning MSB3277:     "Microsoft.Win32.SystemEvents, Version=6.0.0.0, Culture=neutral, PublicKeyToken=cc7b13ffcd2ddd51" was chosen because it was primary and "Microsoft.Win32.SystemEvents, Version=7.0.0.0, Culture=neutral, PublicKeyToken=cc7b13ffcd2ddd51" was not. [C:\Users\ultra\warewolf\Dev\Dev2.Intellisense\Dev2.Intellisense.csproj]
C:\Program Files\dotnet\sdk\10.0.201\Microsoft.Common.CurrentVersion.targets(2451,5): warning MSB3277:     References which depend on "Microsoft.Win32.SystemEvents, Version=6.0.0.0, Culture=neutral, PublicKeyToken=cc7b13ffcd2ddd51" [C:\Users\ultra\.nuget\packages\microsoft.win32.systemevents\6.0.0\lib\net6.0\Microsoft.Win32.SystemEvents.dll]. [C:\Users\ultra\warewolf\Dev\Dev2.Intellisense\Dev2.Intellisense.csproj]
C:\Program Files\dotnet\sdk\10.0.201\Microsoft.Common.CurrentVersion.targets(2451,5): warning MSB3277:         C:\Users\ultra\.nuget\packages\microsoft.win32.systemevents\6.0.0\lib\net6.0\Microsoft.Win32.SystemEvents.dll [C:\Users\ultra\warewolf\Dev\Dev2.Intellisense\Dev2.Intellisense.csproj]
C:\Program Files\dotnet\sdk\10.0.201\Microsoft.Common.CurrentVersion.targets(2451,5): warning MSB3277:           Project file item includes which caused reference "C:\Users\ultra\.nuget\packages\microsoft.win32.systemevents\6.0.0\lib\net6.0\Microsoft.Win32.SystemEvents.dll". [C:\Users\ultra\warewolf\Dev\Dev2.Intellisense\Dev2.Intellisense.csproj]
C:\Program Files\dotnet\sdk\10.0.201\Microsoft.Common.CurrentVersion.targets(2451,5): warning MSB3277:             C:\Users\ultra\.nuget\packages\microsoft.win32.systemevents\6.0.0\lib\net6.0\Microsoft.Win32.SystemEvents.dll [C:\Users\ultra\warewolf\Dev\Dev2.Intellisense\Dev2.Intellisense.csproj]
C:\Program Files\dotnet\sdk\10.0.201\Microsoft.Common.CurrentVersion.targets(2451,5): warning MSB3277:     References which depend on or have been unified to "Microsoft.Win32.SystemEvents, Version=7.0.0.0, Culture=neutral, PublicKeyToken=cc7b13ffcd2ddd51" []. [C:\Users\ultra\warewolf\Dev\Dev2.Intellisense\Dev2.Intellisense.csproj]
C:\Program Files\dotnet\sdk\10.0.201\Microsoft.Common.CurrentVersion.targets(2451,5): warning MSB3277:         C:\Users\ultra\warewolf\Dev\Dev2.Common\bin\Debug\net8.0\Dev2.Common.dll [C:\Users\ultra\warewolf\Dev\Dev2.Intellisense\Dev2.Intellisense.csproj]
C:\Program Files\dotnet\sdk\10.0.201\Microsoft.Common.CurrentVersion.targets(2451,5): warning MSB3277:           Project file item includes which caused reference "C:\Users\ultra\warewolf\Dev\Dev2.Common\bin\Debug\net8.0\Dev2.Common.dll". [C:\Users\ultra\warewolf\Dev\Dev2.Intellisense\Dev2.Intellisense.csproj]
C:\Program Files\dotnet\sdk\10.0.201\Microsoft.Common.CurrentVersion.targets(2451,5): warning MSB3277:             C:\Users\ultra\warewolf\Dev\Dev2.Common\bin\Debug\net8.0\Dev2.Common.dll [C:\Users\ultra\warewolf\Dev\Dev2.Intellisense\Dev2.Intellisense.csproj]
C:\Program Files\dotnet\sdk\10.0.201\Microsoft.Common.CurrentVersion.targets(2451,5): warning MSB3277:             C:\Users\ultra\warewolf\Dev\Dev2.Activities\bin\Debug\net8.0\Dev2.Activities.dll [C:\Users\ultra\warewolf\Dev\Dev2.Intellisense\Dev2.Intellisense.csproj]
C:\Program Files\dotnet\sdk\10.0.201\Microsoft.Common.CurrentVersion.targets(2451,5): warning MSB3277:             C:\Users\ultra\warewolf\Dev\Dev2.Core\bin\Debug\net8.0\Dev2.Core.dll [C:\Users\ultra\warewolf\Dev\Dev2.Intellisense\Dev2.Intellisense.csproj]
C:\Program Files\dotnet\sdk\10.0.201\Microsoft.Common.CurrentVersion.targets(2451,5): warning MSB3277:             C:\Users\ultra\warewolf\Dev\Dev2.Data\bin\Debug\net8.0\Dev2.Data.dll [C:\Users\ultra\warewolf\Dev\Dev2.Intellisense\Dev2.Intellisense.csproj]
C:\Program Files\dotnet\sdk\10.0.201\Microsoft.Common.CurrentVersion.targets(2451,5): warning MSB3277:             C:\Users\ultra\warewolf\Dev\Dev2.Infrastructure\bin\Debug\net8.0\Dev2.Infrastructure.dll [C:\Users\ultra\warewolf\Dev\Dev2.Intellisense\Dev2.Intellisense.csproj]
C:\Program Files\dotnet\sdk\10.0.201\Microsoft.Common.CurrentVersion.targets(2451,5): warning MSB3277:             C:\Users\ultra\warewolf\Dev\Dev2.Studio.Core\bin\Debug\net8.0\Dev2.Studio.Core.dll [C:\Users\ultra\warewolf\Dev\Dev2.Intellisense\Dev2.Intellisense.csproj]
C:\Program Files\dotnet\sdk\10.0.201\Microsoft.Common.CurrentVersion.targets(2451,5): warning MSB3277:             C:\Users\ultra\warewolf\Dev\Dev2.Studio.Interfaces\bin\Debug\net8.0\Dev2.Studio.Interfaces.dll [C:\Users\ultra\warewolf\Dev\Dev2.Intellisense\Dev2.Intellisense.csproj]
C:\Program Files\dotnet\sdk\10.0.201\Microsoft.Common.CurrentVersion.targets(2451,5): warning MSB3277:             C:\Users\ultra\warewolf\Dev\Warewolf.Studio.Core\bin\Debug\net8.0\Warewolf.Studio.Core.dll [C:\Users\ultra\warewolf\Dev\Dev2.Intellisense\Dev2.Intellisense.csproj]
C:\Program Files\dotnet\sdk\10.0.201\Microsoft.Common.CurrentVersion.targets(2451,5): warning MSB3277:             C:\Users\ultra\warewolf\Dev\Dev2.Development.Languages\bin\Debug\net8.0\Dev2.Development.Languages.dll [C:\Users\ultra\warewolf\Dev\Dev2.Intellisense\Dev2.Intellisense.csproj]
C:\Program Files\dotnet\sdk\10.0.201\Microsoft.Common.CurrentVersion.targets(2451,5): warning MSB3277:             C:\Users\ultra\warewolf\Dev\Dev2.Diagnostics\bin\Debug\net8.0\Dev2.Diagnostics.dll [C:\Users\ultra\warewolf\Dev\Dev2.Intellisense\Dev2.Intellisense.csproj]
C:\Program Files\dotnet\sdk\10.0.201\Microsoft.Common.CurrentVersion.targets(2451,5): warning MSB3277:             C:\Users\ultra\warewolf\Dev\Dev2.Runtime.Services\bin\Debug\net8.0\Dev2.Runtime.Services.dll [C:\Users\ultra\warewolf\Dev\Dev2.Intellisense\Dev2.Intellisense.csproj]
C:\Program Files\dotnet\sdk\10.0.201\Microsoft.Common.CurrentVersion.targets(2451,5): warning MSB3277:             C:\Users\ultra\warewolf\Dev\Dev2.Scheduler\bin\Debug\net8.0\Dev2.Scheduler.dll [C:\Users\ultra\warewolf\Dev\Dev2.Intellisense\Dev2.Intellisense.csproj]
C:\Program Files\dotnet\sdk\10.0.201\Microsoft.Common.CurrentVersion.targets(2451,5): warning MSB3277:             C:\Users\ultra\warewolf\Dev\Dev2.Services.Execution\bin\Debug\net8.0\Dev2.Services.Execution.dll [C:\Users\ultra\warewolf\Dev\Dev2.Intellisense\Dev2.Intellisense.csproj]
C:\Program Files\dotnet\sdk\10.0.201\Microsoft.Common.CurrentVersion.targets(2451,5): warning MSB3277:             C:\Users\ultra\warewolf\Dev\Dev2.Services.Sql\bin\Debug\net8.0\Dev2.Services.Sql.dll [C:\Users\ultra\warewolf\Dev\Dev2.Intellisense\Dev2.Intellisense.csproj]
C:\Program Files\dotnet\sdk\10.0.201\Microsoft.Common.CurrentVersion.targets(2451,5): warning MSB3277:             C:\Users\ultra\warewolf\Dev\Dev2.TaskScheduler.Wrappers\bin\Debug\net8.0\Dev2.TaskScheduler.Wrappers.dll [C:\Users\ultra\warewolf\Dev\Dev2.Intellisense\Dev2.Intellisense.csproj]
C:\Program Files\dotnet\sdk\10.0.201\Microsoft.Common.CurrentVersion.targets(2451,5): warning MSB3277:             C:\Users\ultra\warewolf\Dev\Dev2.Util\bin\Debug\net8.0\Dev2.Util.dll [C:\Users\ultra\warewolf\Dev\Dev2.Intellisense\Dev2.Intellisense.csproj]
C:\Program Files\dotnet\sdk\10.0.201\Microsoft.Common.CurrentVersion.targets(2451,5): warning MSB3277:             C:\Users\ultra\warewolf\Dev\Warewolf.AI.Harness\bin\Debug\net8.0\Warewolf.AI.Harness.dll [C:\Users\ultra\warewolf\Dev\Dev2.Intellisense\Dev2.Intellisense.csproj]
C:\Program Files\dotnet\sdk\10.0.201\Microsoft.Common.CurrentVersion.targets(2451,5): warning MSB3277:             C:\Users\ultra\warewolf\Dev\Warewolf.Auditing\bin\Debug\net8.0\Warewolf.Auditing.dll [C:\Users\ultra\warewolf\Dev\Dev2.Intellisense\Dev2.Intellisense.csproj]
C:\Program Files\dotnet\sdk\10.0.201\Microsoft.Common.CurrentVersion.targets(2451,5): warning MSB3277:             C:\Users\ultra\warewolf\Dev\Warewolf.Common.NetStandard20\bin\Debug\net8.0\Warewolf.Common.NetStandard20.dll [C:\Users\ultra\warewolf\Dev\Dev2.Intellisense\Dev2.Intellisense.csproj]
C:\Program Files\dotnet\sdk\10.0.201\Microsoft.Common.CurrentVersion.targets(2451,5): warning MSB3277:             C:\Users\ultra\warewolf\Dev\Warewolf.Core\bin\Debug\net8.0\Warewolf.Core.dll [C:\Users\ultra\warewolf\Dev\Dev2.Intellisense\Dev2.Intellisense.csproj]
C:\Program Files\dotnet\sdk\10.0.201\Microsoft.Common.CurrentVersion.targets(2451,5): warning MSB3277:             C:\Users\ultra\warewolf\Dev\Warewolf.Driver.Persistence\bin\Debug\net8.0\Warewolf.Driver.Persistence.dll [C:\Users\ultra\warewolf\Dev\Dev2.Intellisense\Dev2.Intellisense.csproj]
C:\Program Files\dotnet\sdk\10.0.201\Microsoft.Common.CurrentVersion.targets(2451,5): warning MSB3277:             C:\Users\ultra\warewolf\Dev\Warewolf.Driver.Serilog\bin\Debug\net8.0\Warewolf.Driver.Serilog.dll [C:\Users\ultra\warewolf\Dev\Dev2.Intellisense\Dev2.Intellisense.csproj]
C:\Program Files\dotnet\sdk\10.0.201\Microsoft.Common.CurrentVersion.targets(2451,5): warning MSB3277:             C:\Users\ultra\warewolf\Dev\Warewolf.Exchange.Email.Wrapper\bin\Debug\net8.0\Warewolf.Exchange.Email.Wrapper.dll [C:\Users\ultra\warewolf\Dev\Dev2.Intellisense\Dev2.Intellisense.csproj]
C:\Program Files\dotnet\sdk\10.0.201\Microsoft.Common.CurrentVersion.targets(2451,5): warning MSB3277:             C:\Users\ultra\warewolf\Dev\Warewolf.ResourceManagement\bin\Debug\net8.0\Warewolf.ResourceManagement.dll [C:\Users\ultra\warewolf\Dev\Dev2.Intellisense\Dev2.Intellisense.csproj]
C:\Program Files\dotnet\sdk\10.0.201\Microsoft.Common.CurrentVersion.targets(2451,5): warning MSB3277:             C:\Users\ultra\warewolf\Dev\Warewolf.Sharepoint\bin\Debug\net8.0\Warewolf.Sharepoint.dll [C:\Users\ultra\warewolf\Dev\Dev2.Intellisense\Dev2.Intellisense.csproj]
C:\Program Files\dotnet\sdk\10.0.201\Microsoft.Common.CurrentVersion.targets(2451,5): warning MSB3277:             C:\Users\ultra\warewolf\Dev\Warewolf.Storage\bin\Debug\net8.0\Warewolf.Storage.dll [C:\Users\ultra\warewolf\Dev\Dev2.Intellisense\Dev2.Intellisense.csproj]
C:\Program Files\dotnet\sdk\10.0.201\Microsoft.Common.CurrentVersion.targets(2451,5): warning MSB3277:         C:\Users\ultra\warewolf\Dev\Binaries\Infragistcs_Net6\InfragisticsWPF4.v15.1.dll [C:\Users\ultra\warewolf\Dev\Dev2.Intellisense\Dev2.Intellisense.csproj]
C:\Program Files\dotnet\sdk\10.0.201\Microsoft.Common.CurrentVersion.targets(2451,5): warning MSB3277:           Project file item includes which caused reference "C:\Users\ultra\warewolf\Dev\Binaries\Infragistcs_Net6\InfragisticsWPF4.v15.1.dll". [C:\Users\ultra\warewolf\Dev\Dev2.Intellisense\Dev2.Intellisense.csproj]
C:\Program Files\dotnet\sdk\10.0.201\Microsoft.Common.CurrentVersion.targets(2451,5): warning MSB3277:             InfragisticsWPF4.v15.1, Version=15.1.20151.2055, Culture=neutral, PublicKeyToken=7dd5c3163f2cd0cb, processorArchitecture=MSIL [C:\Users\ultra\warewolf\Dev\Dev2.Intellisense\Dev2.Intellisense.csproj]
C:\Program Files\dotnet\sdk\10.0.201\Microsoft.Common.CurrentVersion.targets(2451,5): warning MSB3277:             CalculationManager.WPF [C:\Users\ultra\warewolf\Dev\Dev2.Intellisense\Dev2.Intellisense.csproj]
C:\Program Files\dotnet\sdk\10.0.201\Microsoft.Common.CurrentVersion.targets(2451,5): warning MSB3277:             InfragisticsWPF4.Math.Calculators.v15.1, Version=15.1.20151.2055, Culture=neutral, PublicKeyToken=7dd5c3163f2cd0cb, processorArchitecture=MSIL [C:\Users\ultra\warewolf\Dev\Dev2.Intellisense\Dev2.Intellisense.csproj]
C:\Program Files\dotnet\sdk\10.0.201\Microsoft.Common.CurrentVersion.targets(2451,5): warning MSB3277:         C:\Users\ultra\.nuget\packages\timespan2\2.4.2\lib\netcoreapp3.1\TimeSpan2.dll [C:\Users\ultra\warewolf\Dev\Dev2.Intellisense\Dev2.Intellisense.csproj]
C:\Program Files\dotnet\sdk\10.0.201\Microsoft.Common.CurrentVersion.targets(2451,5): warning MSB3277:           Project file item includes which caused reference "C:\Users\ultra\.nuget\packages\timespan2\2.4.2\lib\netcoreapp3.1\TimeSpan2.dll". [C:\Users\ultra\warewolf\Dev\Dev2.Intellisense\Dev2.Intellisense.csproj]
C:\Program Files\dotnet\sdk\10.0.201\Microsoft.Common.CurrentVersion.targets(2451,5): warning MSB3277:             C:\Users\ultra\.nuget\packages\timespan2\2.4.2\lib\netcoreapp3.1\TimeSpan2.dll [C:\Users\ultra\warewolf\Dev\Dev2.Intellisense\Dev2.Intellisense.csproj]
C:\Program Files\dotnet\sdk\10.0.201\Microsoft.Common.CurrentVersion.targets(2451,5): warning MSB3277:             C:\Users\ultra\.nuget\packages\taskschedulereditor\2.10.1\lib\net452\Microsoft.Win32.TaskSchedulerEditor.dll [C:\Users\ultra\warewolf\Dev\Dev2.Intellisense\Dev2.Intellisense.csproj]
C:\Program Files\dotnet\sdk\10.0.201\Microsoft.Common.CurrentVersion.targets(2451,5): warning MSB3277:         C:\Program Files\dotnet\packs\Microsoft.NETCore.App.Ref\8.0.25\ref\net8.0\System.dll [C:\Users\ultra\warewolf\Dev\Dev2.Intellisense\Dev2.Intellisense.csproj]
C:\Program Files\dotnet\sdk\10.0.201\Microsoft.Common.CurrentVersion.targets(2451,5): warning MSB3277:           Project file item includes which caused reference "C:\Program Files\dotnet\packs\Microsoft.NETCore.App.Ref\8.0.25\ref\net8.0\System.dll". [C:\Users\ultra\warewolf\Dev\Dev2.Intellisense\Dev2.Intellisense.csproj]
C:\Program Files\dotnet\sdk\10.0.201\Microsoft.Common.CurrentVersion.targets(2451,5): warning MSB3277:             C:\Program Files\dotnet\packs\Microsoft.NETCore.App.Ref\8.0.25\ref/net8.0/System.dll [C:\Users\ultra\warewolf\Dev\Dev2.Intellisense\Dev2.Intellisense.csproj]
C:\Program Files\dotnet\sdk\10.0.201\Microsoft.Common.CurrentVersion.targets(2451,5): warning MSB3277:             C:\Users\ultra\.nuget\packages\aerowizard\2.3.1\lib\net45\AeroWizard.dll [C:\Users\ultra\warewolf\Dev\Dev2.Intellisense\Dev2.Intellisense.csproj]
C:\Program Files\dotnet\sdk\10.0.201\Microsoft.Common.CurrentVersion.targets(2451,5): warning MSB3277:             C:\Users\ultra\.nuget\packages\groupcontrols\1.9.0\lib\net45\GroupControls.dll [C:\Users\ultra\warewolf\Dev\Dev2.Intellisense\Dev2.Intellisense.csproj]
C:\Program Files\dotnet\sdk\10.0.201\Microsoft.Common.CurrentVersion.targets(2451,5): warning MSB3277:             C:\Users\ultra\.nuget\packages\microsoft.xaml.behaviors.wpf\1.1.122\lib\net462\Microsoft.Xaml.Behaviors.dll [C:\Users\ultra\warewolf\Dev\Dev2.Intellisense\Dev2.Intellisense.csproj]
C:\Program Files\dotnet\sdk\10.0.201\Microsoft.Common.CurrentVersion.targets(2451,5): warning MSB3277:             C:\Users\ultra\.nuget\packages\caliburn.micro\4.0.212\lib\netcoreapp3.1\Caliburn.Micro.Platform.dll [C:\Users\ultra\warewolf\Dev\Dev2.Intellisense\Dev2.Intellisense.csproj]
C:\Program Files\dotnet\sdk\10.0.201\Microsoft.Common.CurrentVersion.targets(2451,5): warning MSB3277:             C:\Users\ultra\.nuget\packages\prism.wpf\9.0.537\lib\net462\Prism.Wpf.dll [C:\Users\ultra\warewolf\Dev\Dev2.Intellisense\Dev2.Intellisense.csproj]
C:\Program Files\dotnet\sdk\10.0.201\Microsoft.Common.CurrentVersion.targets(2451,5): warning MSB3277:             C:\Users\ultra\.nuget\packages\reactiveui.wpf\18.4.1\lib\net462\ReactiveUI.Wpf.dll [C:\Users\ultra\warewolf\Dev\Dev2.Intellisense\Dev2.Intellisense.csproj]
C:\Program Files\dotnet\sdk\10.0.201\Microsoft.Common.CurrentVersion.targets(2451,5): warning MSB3277:             C:\Users\ultra\.nuget\packages\taskschedulereditor\2.10.1\lib\net452\Microsoft.Win32.TaskSchedulerEditor.dll [C:\Users\ultra\warewolf\Dev\Dev2.Intellisense\Dev2.Intellisense.csproj]
C:\Program Files\dotnet\sdk\10.0.201\Microsoft.Common.CurrentVersion.targets(2451,5): warning MSB3277:             C:\Users\ultra\.nuget\packages\ttcue.netcore.sharepointonline.csom.16.1.8029.1200\16.1.8029.1200\lib\netcoreapp2.0\Microsoft.SharePoint.Client.Runtime.Windows.dll [C:\Users\ultra\warewolf\Dev\Dev2.Intellisense\Dev2.Intellisense.csproj]
C:\Program Files\dotnet\sdk\10.0.201\Microsoft.Common.CurrentVersion.targets(2451,5): warning MSB3277: Found conflicts between different versions of "System.Security.Permissions" that could not be resolved. [C:\Users\ultra\warewolf\Dev\Dev2.Intellisense\Dev2.Intellisense.csproj]
C:\Program Files\dotnet\sdk\10.0.201\Microsoft.Common.CurrentVersion.targets(2451,5): warning MSB3277: There was a conflict between "System.Security.Permissions, Version=6.0.0.0, Culture=neutral, PublicKeyToken=cc7b13ffcd2ddd51" and "System.Security.Permissions, Version=7.0.0.0, Culture=neutral, PublicKeyToken=cc7b13ffcd2ddd51". [C:\Users\ultra\warewolf\Dev\Dev2.Intellisense\Dev2.Intellisense.csproj]
C:\Program Files\dotnet\sdk\10.0.201\Microsoft.Common.CurrentVersion.targets(2451,5): warning MSB3277:     "System.Security.Permissions, Version=6.0.0.0, Culture=neutral, PublicKeyToken=cc7b13ffcd2ddd51" was chosen because it was primary and "System.Security.Permissions, Version=7.0.0.0, Culture=neutral, PublicKeyToken=cc7b13ffcd2ddd51" was not. [C:\Users\ultra\warewolf\Dev\Dev2.Intellisense\Dev2.Intellisense.csproj]
C:\Program Files\dotnet\sdk\10.0.201\Microsoft.Common.CurrentVersion.targets(2451,5): warning MSB3277:     References which depend on "System.Security.Permissions, Version=6.0.0.0, Culture=neutral, PublicKeyToken=cc7b13ffcd2ddd51" [C:\Users\ultra\.nuget\packages\system.security.permissions\6.0.0\lib\net6.0\System.Security.Permissions.dll]. [C:\Users\ultra\warewolf\Dev\Dev2.Intellisense\Dev2.Intellisense.csproj]
C:\Program Files\dotnet\sdk\10.0.201\Microsoft.Common.CurrentVersion.targets(2451,5): warning MSB3277:         C:\Users\ultra\.nuget\packages\system.security.permissions\6.0.0\lib\net6.0\System.Security.Permissions.dll [C:\Users\ultra\warewolf\Dev\Dev2.Intellisense\Dev2.Intellisense.csproj]
C:\Program Files\dotnet\sdk\10.0.201\Microsoft.Common.CurrentVersion.targets(2451,5): warning MSB3277:           Project file item includes which caused reference "C:\Users\ultra\.nuget\packages\system.security.permissions\6.0.0\lib\net6.0\System.Security.Permissions.dll". [C:\Users\ultra\warewolf\Dev\Dev2.Intellisense\Dev2.Intellisense.csproj]
C:\Program Files\dotnet\sdk\10.0.201\Microsoft.Common.CurrentVersion.targets(2451,5): warning MSB3277:             C:\Users\ultra\.nuget\packages\system.security.permissions\6.0.0\lib\net6.0\System.Security.Permissions.dll [C:\Users\ultra\warewolf\Dev\Dev2.Intellisense\Dev2.Intellisense.csproj]
C:\Program Files\dotnet\sdk\10.0.201\Microsoft.Common.CurrentVersion.targets(2451,5): warning MSB3277:     References which depend on or have been unified to "System.Security.Permissions, Version=7.0.0.0, Culture=neutral, PublicKeyToken=cc7b13ffcd2ddd51" []. [C:\Users\ultra\warewolf\Dev\Dev2.Intellisense\Dev2.Intellisense.csproj]
C:\Program Files\dotnet\sdk\10.0.201\Microsoft.Common.CurrentVersion.targets(2451,5): warning MSB3277:         C:\Users\ultra\warewolf\Dev\Dev2.Data\bin\Debug\net8.0\Dev2.Data.dll [C:\Users\ultra\warewolf\Dev\Dev2.Intellisense\Dev2.Intellisense.csproj]
C:\Program Files\dotnet\sdk\10.0.201\Microsoft.Common.CurrentVersion.targets(2451,5): warning MSB3277:           Project file item includes which caused reference "C:\Users\ultra\warewolf\Dev\Dev2.Data\bin\Debug\net8.0\Dev2.Data.dll". [C:\Users\ultra\warewolf\Dev\Dev2.Intellisense\Dev2.Intellisense.csproj]
C:\Program Files\dotnet\sdk\10.0.201\Microsoft.Common.CurrentVersion.targets(2451,5): warning MSB3277:             C:\Users\ultra\warewolf\Dev\Dev2.Data\bin\Debug\net8.0\Dev2.Data.dll [C:\Users\ultra\warewolf\Dev\Dev2.Intellisense\Dev2.Intellisense.csproj]
C:\Program Files\dotnet\sdk\10.0.201\Microsoft.Common.CurrentVersion.targets(2451,5): warning MSB3277:             C:\Users\ultra\warewolf\Dev\Dev2.Activities\bin\Debug\net8.0\Dev2.Activities.dll [C:\Users\ultra\warewolf\Dev\Dev2.Intellisense\Dev2.Intellisense.csproj]
C:\Program Files\dotnet\sdk\10.0.201\Microsoft.Common.CurrentVersion.targets(2451,5): warning MSB3277:             C:\Users\ultra\warewolf\Dev\Dev2.Core\bin\Debug\net8.0\Dev2.Core.dll [C:\Users\ultra\warewolf\Dev\Dev2.Intellisense\Dev2.Intellisense.csproj]
C:\Program Files\dotnet\sdk\10.0.201\Microsoft.Common.CurrentVersion.targets(2451,5): warning MSB3277:             C:\Users\ultra\warewolf\Dev\Dev2.Studio.Core\bin\Debug\net8.0\Dev2.Studio.Core.dll [C:\Users\ultra\warewolf\Dev\Dev2.Intellisense\Dev2.Intellisense.csproj]
C:\Program Files\dotnet\sdk\10.0.201\Microsoft.Common.CurrentVersion.targets(2451,5): warning MSB3277:             C:\Users\ultra\warewolf\Dev\Dev2.Studio.Interfaces\bin\Debug\net8.0\Dev2.Studio.Interfaces.dll [C:\Users\ultra\warewolf\Dev\Dev2.Intellisense\Dev2.Intellisense.csproj]
C:\Program Files\dotnet\sdk\10.0.201\Microsoft.Common.CurrentVersion.targets(2451,5): warning MSB3277:             C:\Users\ultra\warewolf\Dev\Warewolf.Studio.Core\bin\Debug\net8.0\Warewolf.Studio.Core.dll [C:\Users\ultra\warewolf\Dev\Dev2.Intellisense\Dev2.Intellisense.csproj]
C:\Program Files\dotnet\sdk\10.0.201\Microsoft.Common.CurrentVersion.targets(2451,5): warning MSB3277:             C:\Users\ultra\warewolf\Dev\Dev2.Runtime.Services\bin\Debug\net8.0\Dev2.Runtime.Services.dll [C:\Users\ultra\warewolf\Dev\Dev2.Intellisense\Dev2.Intellisense.csproj]
C:\Program Files\dotnet\sdk\10.0.201\Microsoft.Common.CurrentVersion.targets(2451,5): warning MSB3277:             C:\Users\ultra\warewolf\Dev\Dev2.Scheduler\bin\Debug\net8.0\Dev2.Scheduler.dll [C:\Users\ultra\warewolf\Dev\Dev2.Intellisense\Dev2.Intellisense.csproj]
C:\Program Files\dotnet\sdk\10.0.201\Microsoft.Common.CurrentVersion.targets(2451,5): warning MSB3277:             C:\Users\ultra\warewolf\Dev\Dev2.Services.Execution\bin\Debug\net8.0\Dev2.Services.Execution.dll [C:\Users\ultra\warewolf\Dev\Dev2.Intellisense\Dev2.Intellisense.csproj]
C:\Program Files\dotnet\sdk\10.0.201\Microsoft.Common.CurrentVersion.targets(2451,5): warning MSB3277:             C:\Users\ultra\warewolf\Dev\Warewolf.Auditing\bin\Debug\net8.0\Warewolf.Auditing.dll [C:\Users\ultra\warewolf\Dev\Dev2.Intellisense\Dev2.Intellisense.csproj]
C:\Program Files\dotnet\sdk\10.0.201\Microsoft.Common.CurrentVersion.targets(2451,5): warning MSB3277:             C:\Users\ultra\warewolf\Dev\Warewolf.Common.NetStandard20\bin\Debug\net8.0\Warewolf.Common.NetStandard20.dll [C:\Users\ultra\warewolf\Dev\Dev2.Intellisense\Dev2.Intellisense.csproj]
C:\Program Files\dotnet\sdk\10.0.201\Microsoft.Common.CurrentVersion.targets(2451,5): warning MSB3277:             C:\Users\ultra\warewolf\Dev\Warewolf.Core\bin\Debug\net8.0\Warewolf.Core.dll [C:\Users\ultra\warewolf\Dev\Dev2.Intellisense\Dev2.Intellisense.csproj]
C:\Program Files\dotnet\sdk\10.0.201\Microsoft.Common.CurrentVersion.targets(2451,5): warning MSB3277:             C:\Users\ultra\warewolf\Dev\Warewolf.Driver.Persistence\bin\Debug\net8.0\Warewolf.Driver.Persistence.dll [C:\Users\ultra\warewolf\Dev\Dev2.Intellisense\Dev2.Intellisense.csproj]
C:\Program Files\dotnet\sdk\10.0.201\Microsoft.Common.CurrentVersion.targets(2451,5): warning MSB3277:             C:\Users\ultra\warewolf\Dev\Warewolf.Exchange.Email.Wrapper\bin\Debug\net8.0\Warewolf.Exchange.Email.Wrapper.dll [C:\Users\ultra\warewolf\Dev\Dev2.Intellisense\Dev2.Intellisense.csproj]
C:\Program Files\dotnet\sdk\10.0.201\Microsoft.Common.CurrentVersion.targets(2451,5): warning MSB3277:             C:\Users\ultra\warewolf\Dev\Warewolf.ResourceManagement\bin\Debug\net8.0\Warewolf.ResourceManagement.dll [C:\Users\ultra\warewolf\Dev\Dev2.Intellisense\Dev2.Intellisense.csproj]
C:\Program Files\dotnet\sdk\10.0.201\Microsoft.Common.CurrentVersion.targets(2451,5): warning MSB3277:         C:\Users\ultra\warewolf\Dev\Binaries\Infragistcs_Net6\InfragisticsWPF4.v15.1.dll [C:\Users\ultra\warewolf\Dev\Dev2.Intellisense\Dev2.Intellisense.csproj]
C:\Program Files\dotnet\sdk\10.0.201\Microsoft.Common.CurrentVersion.targets(2451,5): warning MSB3277:           Project file item includes which caused reference "C:\Users\ultra\warewolf\Dev\Binaries\Infragistcs_Net6\InfragisticsWPF4.v15.1.dll". [C:\Users\ultra\warewolf\Dev\Dev2.Intellisense\Dev2.Intellisense.csproj]
C:\Program Files\dotnet\sdk\10.0.201\Microsoft.Common.CurrentVersion.targets(2451,5): warning MSB3277:             InfragisticsWPF4.v15.1, Version=15.1.20151.2055, Culture=neutral, PublicKeyToken=7dd5c3163f2cd0cb, processorArchitecture=MSIL [C:\Users\ultra\warewolf\Dev\Dev2.Intellisense\Dev2.Intellisense.csproj]
C:\Program Files\dotnet\sdk\10.0.201\Microsoft.Common.CurrentVersion.targets(2451,5): warning MSB3277:             CalculationManager.WPF [C:\Users\ultra\warewolf\Dev\Dev2.Intellisense\Dev2.Intellisense.csproj]
C:\Program Files\dotnet\sdk\10.0.201\Microsoft.Common.CurrentVersion.targets(2451,5): warning MSB3277:             InfragisticsWPF4.Math.Calculators.v15.1, Version=15.1.20151.2055, Culture=neutral, PublicKeyToken=7dd5c3163f2cd0cb, processorArchitecture=MSIL [C:\Users\ultra\warewolf\Dev\Dev2.Intellisense\Dev2.Intellisense.csproj]
C:\Program Files\dotnet\sdk\10.0.201\Microsoft.Common.CurrentVersion.targets(2451,5): warning MSB3277:         C:\Users\ultra\.nuget\packages\dotnetzip\1.16.0\lib\netstandard2.0\DotNetZip.dll [C:\Users\ultra\warewolf\Dev\Dev2.Intellisense\Dev2.Intellisense.csproj]
C:\Program Files\dotnet\sdk\10.0.201\Microsoft.Common.CurrentVersion.targets(2451,5): warning MSB3277:           Project file item includes which caused reference "C:\Users\ultra\.nuget\packages\dotnetzip\1.16.0\lib\netstandard2.0\DotNetZip.dll". [C:\Users\ultra\warewolf\Dev\Dev2.Intellisense\Dev2.Intellisense.csproj]
C:\Program Files\dotnet\sdk\10.0.201\Microsoft.Common.CurrentVersion.targets(2451,5): warning MSB3277:             C:\Users\ultra\.nuget\packages\dotnetzip\1.16.0\lib\netstandard2.0\DotNetZip.dll [C:\Users\ultra\warewolf\Dev\Dev2.Intellisense\Dev2.Intellisense.csproj]
C:\Program Files\dotnet\sdk\10.0.201\Microsoft.Common.CurrentVersion.targets(2451,5): warning MSB3277:             C:\Users\ultra\warewolf\Dev\Dev2.Common\bin\Debug\net8.0\Dev2.Common.dll [C:\Users\ultra\warewolf\Dev\Dev2.Intellisense\Dev2.Intellisense.csproj]
C:\Program Files\dotnet\sdk\10.0.201\Microsoft.Common.CurrentVersion.targets(2451,5): warning MSB3277:             C:\Users\ultra\warewolf\Dev\Dev2.Activities\bin\Debug\net8.0\Dev2.Activities.dll [C:\Users\ultra\warewolf\Dev\Dev2.Intellisense\Dev2.Intellisense.csproj]
C:\Program Files\dotnet\sdk\10.0.201\Microsoft.Common.CurrentVersion.targets(2451,5): warning MSB3277:             C:\Users\ultra\warewolf\Dev\Dev2.Core\bin\Debug\net8.0\Dev2.Core.dll [C:\Users\ultra\warewolf\Dev\Dev2.Intellisense\Dev2.Intellisense.csproj]
C:\Program Files\dotnet\sdk\10.0.201\Microsoft.Common.CurrentVersion.targets(2451,5): warning MSB3277:             C:\Users\ultra\warewolf\Dev\Dev2.Data.Interfaces\bin\Debug\net8.0\Dev2.Data.Interfaces.dll [C:\Users\ultra\warewolf\Dev\Dev2.Intellisense\Dev2.Intellisense.csproj]
C:\Program Files\dotnet\sdk\10.0.201\Microsoft.Common.CurrentVersion.targets(2451,5): warning MSB3277:             C:\Users\ultra\warewolf\Dev\Dev2.Data\bin\Debug\net8.0\Dev2.Data.dll [C:\Users\ultra\warewolf\Dev\Dev2.Intellisense\Dev2.Intellisense.csproj]
C:\Program Files\dotnet\sdk\10.0.201\Microsoft.Common.CurrentVersion.targets(2451,5): warning MSB3277:             C:\Users\ultra\warewolf\Dev\Dev2.Infrastructure\bin\Debug\net8.0\Dev2.Infrastructure.dll [C:\Users\ultra\warewolf\Dev\Dev2.Intellisense\Dev2.Intellisense.csproj]
C:\Program Files\dotnet\sdk\10.0.201\Microsoft.Common.CurrentVersion.targets(2451,5): warning MSB3277:             C:\Users\ultra\warewolf\Dev\Dev2.Studio.Core\bin\Debug\net8.0\Dev2.Studio.Core.dll [C:\Users\ultra\warewolf\Dev\Dev2.Intellisense\Dev2.Intellisense.csproj]
C:\Program Files\dotnet\sdk\10.0.201\Microsoft.Common.CurrentVersion.targets(2451,5): warning MSB3277:             C:\Users\ultra\warewolf\Dev\Dev2.Studio.Interfaces\bin\Debug\net8.0\Dev2.Studio.Interfaces.dll [C:\Users\ultra\warewolf\Dev\Dev2.Intellisense\Dev2.Intellisense.csproj]
C:\Program Files\dotnet\sdk\10.0.201\Microsoft.Common.CurrentVersion.targets(2451,5): warning MSB3277:             C:\Users\ultra\warewolf\Dev\Warewolf.Studio.Core\bin\Debug\net8.0\Warewolf.Studio.Core.dll [C:\Users\ultra\warewolf\Dev\Dev2.Intellisense\Dev2.Intellisense.csproj]
C:\Program Files\dotnet\sdk\10.0.201\Microsoft.Common.CurrentVersion.targets(2451,5): warning MSB3277:             C:\Users\ultra\warewolf\Dev\Dev2.Development.Languages\bin\Debug\net8.0\Dev2.Development.Languages.dll [C:\Users\ultra\warewolf\Dev\Dev2.Intellisense\Dev2.Intellisense.csproj]
C:\Program Files\dotnet\sdk\10.0.201\Microsoft.Common.CurrentVersion.targets(2451,5): warning MSB3277:             C:\Users\ultra\warewolf\Dev\Dev2.Diagnostics\bin\Debug\net8.0\Dev2.Diagnostics.dll [C:\Users\ultra\warewolf\Dev\Dev2.Intellisense\Dev2.Intellisense.csproj]
C:\Program Files\dotnet\sdk\10.0.201\Microsoft.Common.CurrentVersion.targets(2451,5): warning MSB3277:             C:\Users\ultra\warewolf\Dev\Dev2.Runtime.Services\bin\Debug\net8.0\Dev2.Runtime.Services.dll [C:\Users\ultra\warewolf\Dev\Dev2.Intellisense\Dev2.Intellisense.csproj]
C:\Program Files\dotnet\sdk\10.0.201\Microsoft.Common.CurrentVersion.targets(2451,5): warning MSB3277:             C:\Users\ultra\warewolf\Dev\Dev2.Scheduler\bin\Debug\net8.0\Dev2.Scheduler.dll [C:\Users\ultra\warewolf\Dev\Dev2.Intellisense\Dev2.Intellisense.csproj]
C:\Program Files\dotnet\sdk\10.0.201\Microsoft.Common.CurrentVersion.targets(2451,5): warning MSB3277:             C:\Users\ultra\warewolf\Dev\Dev2.Services.Execution\bin\Debug\net8.0\Dev2.Services.Execution.dll [C:\Users\ultra\warewolf\Dev\Dev2.Intellisense\Dev2.Intellisense.csproj]
C:\Program Files\dotnet\sdk\10.0.201\Microsoft.Common.CurrentVersion.targets(2451,5): warning MSB3277:             C:\Users\ultra\warewolf\Dev\Dev2.Services.Sql\bin\Debug\net8.0\Dev2.Services.Sql.dll [C:\Users\ultra\warewolf\Dev\Dev2.Intellisense\Dev2.Intellisense.csproj]
C:\Program Files\dotnet\sdk\10.0.201\Microsoft.Common.CurrentVersion.targets(2451,5): warning MSB3277:             C:\Users\ultra\warewolf\Dev\Dev2.TaskScheduler.Wrappers\bin\Debug\net8.0\Dev2.TaskScheduler.Wrappers.dll [C:\Users\ultra\warewolf\Dev\Dev2.Intellisense\Dev2.Intellisense.csproj]
C:\Program Files\dotnet\sdk\10.0.201\Microsoft.Common.CurrentVersion.targets(2451,5): warning MSB3277:             C:\Users\ultra\warewolf\Dev\Dev2.Util\bin\Debug\net8.0\Dev2.Util.dll [C:\Users\ultra\warewolf\Dev\Dev2.Intellisense\Dev2.Intellisense.csproj]
C:\Program Files\dotnet\sdk\10.0.201\Microsoft.Common.CurrentVersion.targets(2451,5): warning MSB3277:             C:\Users\ultra\warewolf\Dev\Warewolf.AI.Harness\bin\Debug\net8.0\Warewolf.AI.Harness.dll [C:\Users\ultra\warewolf\Dev\Dev2.Intellisense\Dev2.Intellisense.csproj]
C:\Program Files\dotnet\sdk\10.0.201\Microsoft.Common.CurrentVersion.targets(2451,5): warning MSB3277:             C:\Users\ultra\warewolf\Dev\Warewolf.Auditing\bin\Debug\net8.0\Warewolf.Auditing.dll [C:\Users\ultra\warewolf\Dev\Dev2.Intellisense\Dev2.Intellisense.csproj]
C:\Program Files\dotnet\sdk\10.0.201\Microsoft.Common.CurrentVersion.targets(2451,5): warning MSB3277:             C:\Users\ultra\warewolf\Dev\Warewolf.Common.NetStandard20\bin\Debug\net8.0\Warewolf.Common.NetStandard20.dll [C:\Users\ultra\warewolf\Dev\Dev2.Intellisense\Dev2.Intellisense.csproj]
C:\Program Files\dotnet\sdk\10.0.201\Microsoft.Common.CurrentVersion.targets(2451,5): warning MSB3277:             C:\Users\ultra\warewolf\Dev\Warewolf.Core\bin\Debug\net8.0\Warewolf.Core.dll [C:\Users\ultra\warewolf\Dev\Dev2.Intellisense\Dev2.Intellisense.csproj]
C:\Program Files\dotnet\sdk\10.0.201\Microsoft.Common.CurrentVersion.targets(2451,5): warning MSB3277:             C:\Users\ultra\warewolf\Dev\Warewolf.Driver.Persistence\bin\Debug\net8.0\Warewolf.Driver.Persistence.dll [C:\Users\ultra\warewolf\Dev\Dev2.Intellisense\Dev2.Intellisense.csproj]
C:\Program Files\dotnet\sdk\10.0.201\Microsoft.Common.CurrentVersion.targets(2451,5): warning MSB3277:             C:\Users\ultra\warewolf\Dev\Warewolf.Driver.Serilog\bin\Debug\net8.0\Warewolf.Driver.Serilog.dll [C:\Users\ultra\warewolf\Dev\Dev2.Intellisense\Dev2.Intellisense.csproj]
C:\Program Files\dotnet\sdk\10.0.201\Microsoft.Common.CurrentVersion.targets(2451,5): warning MSB3277:             C:\Users\ultra\warewolf\Dev\Warewolf.Exchange.Email.Wrapper\bin\Debug\net8.0\Warewolf.Exchange.Email.Wrapper.dll [C:\Users\ultra\warewolf\Dev\Dev2.Intellisense\Dev2.Intellisense.csproj]
C:\Program Files\dotnet\sdk\10.0.201\Microsoft.Common.CurrentVersion.targets(2451,5): warning MSB3277:             C:\Users\ultra\warewolf\Dev\Warewolf.ResourceManagement\bin\Debug\net8.0\Warewolf.ResourceManagement.dll [C:\Users\ultra\warewolf\Dev\Dev2.Intellisense\Dev2.Intellisense.csproj]
C:\Program Files\dotnet\sdk\10.0.201\Microsoft.Common.CurrentVersion.targets(2451,5): warning MSB3277:             C:\Users\ultra\warewolf\Dev\Warewolf.Sharepoint\bin\Debug\net8.0\Warewolf.Sharepoint.dll [C:\Users\ultra\warewolf\Dev\Dev2.Intellisense\Dev2.Intellisense.csproj]
C:\Program Files\dotnet\sdk\10.0.201\Microsoft.Common.CurrentVersion.targets(2451,5): warning MSB3277:             C:\Users\ultra\warewolf\Dev\Warewolf.Storage\bin\Debug\net8.0\Warewolf.Storage.dll [C:\Users\ultra\warewolf\Dev\Dev2.Intellisense\Dev2.Intellisense.csproj]
C:\Program Files\dotnet\sdk\10.0.201\Microsoft.Common.CurrentVersion.targets(2451,5): warning MSB3277:         C:\Users\ultra\.nuget\packages\mindbox.data.linq\5.0.0\lib\netstandard2.0\Mindbox.Data.Linq.dll [C:\Users\ultra\warewolf\Dev\Dev2.Intellisense\Dev2.Intellisense.csproj]
C:\Program Files\dotnet\sdk\10.0.201\Microsoft.Common.CurrentVersion.targets(2451,5): warning MSB3277:           Project file item includes which caused reference "C:\Users\ultra\.nuget\packages\mindbox.data.linq\5.0.0\lib\netstandard2.0\Mindbox.Data.Linq.dll". [C:\Users\ultra\warewolf\Dev\Dev2.Intellisense\Dev2.Intellisense.csproj]
C:\Program Files\dotnet\sdk\10.0.201\Microsoft.Common.CurrentVersion.targets(2451,5): warning MSB3277:             C:\Users\ultra\.nuget\packages\mindbox.data.linq\5.0.0\lib\netstandard2.0\Mindbox.Data.Linq.dll [C:\Users\ultra\warewolf\Dev\Dev2.Intellisense\Dev2.Intellisense.csproj]
C:\Program Files\dotnet\sdk\10.0.201\Microsoft.Common.CurrentVersion.targets(2451,5): warning MSB3277:             C:\Users\ultra\warewolf\Dev\Warewolf.Auditing\bin\Debug\net8.0\Warewolf.Auditing.dll [C:\Users\ultra\warewolf\Dev\Dev2.Intellisense\Dev2.Intellisense.csproj]
C:\Program Files\dotnet\sdk\10.0.201\Microsoft.Common.CurrentVersion.targets(2451,5): warning MSB3277:             C:\Users\ultra\warewolf\Dev\Dev2.Activities\bin\Debug\net8.0\Dev2.Activities.dll [C:\Users\ultra\warewolf\Dev\Dev2.Intellisense\Dev2.Intellisense.csproj]
C:\Program Files\dotnet\sdk\10.0.201\Microsoft.Common.CurrentVersion.targets(2451,5): warning MSB3277:             C:\Users\ultra\warewolf\Dev\Dev2.Studio.Core\bin\Debug\net8.0\Dev2.Studio.Core.dll [C:\Users\ultra\warewolf\Dev\Dev2.Intellisense\Dev2.Intellisense.csproj]
C:\Program Files\dotnet\sdk\10.0.201\Microsoft.Common.CurrentVersion.targets(2451,5): warning MSB3277:             C:\Users\ultra\warewolf\Dev\Dev2.Runtime.Services\bin\Debug\net8.0\Dev2.Runtime.Services.dll [C:\Users\ultra\warewolf\Dev\Dev2.Intellisense\Dev2.Intellisense.csproj]
C:\Program Files\dotnet\sdk\10.0.201\Microsoft.Common.CurrentVersion.targets(2451,5): warning MSB3277:             C:\Users\ultra\warewolf\Dev\Dev2.Studio.Interfaces\bin\Debug\net8.0\Dev2.Studio.Interfaces.dll [C:\Users\ultra\warewolf\Dev\Dev2.Intellisense\Dev2.Intellisense.csproj]
C:\Program Files\dotnet\sdk\10.0.201\Microsoft.Common.CurrentVersion.targets(2451,5): warning MSB3277:             C:\Users\ultra\warewolf\Dev\Warewolf.Studio.Core\bin\Debug\net8.0\Warewolf.Studio.Core.dll [C:\Users\ultra\warewolf\Dev\Dev2.Intellisense\Dev2.Intellisense.csproj]
C:\Program Files\dotnet\sdk\10.0.201\Microsoft.Common.CurrentVersion.targets(2451,5): warning MSB3277:             C:\Users\ultra\warewolf\Dev\Dev2.Services.Execution\bin\Debug\net8.0\Dev2.Services.Execution.dll [C:\Users\ultra\warewolf\Dev\Dev2.Intellisense\Dev2.Intellisense.csproj]
C:\Program Files\dotnet\sdk\10.0.201\Microsoft.Common.CurrentVersion.targets(2451,5): warning MSB3277:             C:\Users\ultra\warewolf\Dev\Warewolf.Common.NetStandard20\bin\Debug\net8.0\Warewolf.Common.NetStandard20.dll [C:\Users\ultra\warewolf\Dev\Dev2.Intellisense\Dev2.Intellisense.csproj]
C:\Program Files\dotnet\sdk\10.0.201\Microsoft.Common.CurrentVersion.targets(2451,5): warning MSB3277:             C:\Users\ultra\warewolf\Dev\Warewolf.Driver.Persistence\bin\Debug\net8.0\Warewolf.Driver.Persistence.dll [C:\Users\ultra\warewolf\Dev\Dev2.Intellisense\Dev2.Intellisense.csproj]
C:\Program Files\dotnet\sdk\10.0.201\Microsoft.Common.CurrentVersion.targets(2451,5): warning MSB3277:         C:\Users\ultra\.nuget\packages\mysql.data\8.4.0\lib\net8.0\MySql.Data.dll [C:\Users\ultra\warewolf\Dev\Dev2.Intellisense\Dev2.Intellisense.csproj]
C:\Program Files\dotnet\sdk\10.0.201\Microsoft.Common.CurrentVersion.targets(2451,5): warning MSB3277:           Project file item includes which caused reference "C:\Users\ultra\.nuget\packages\mysql.data\8.4.0\lib\net8.0\MySql.Data.dll". [C:\Users\ultra\warewolf\Dev\Dev2.Intellisense\Dev2.Intellisense.csproj]
C:\Program Files\dotnet\sdk\10.0.201\Microsoft.Common.CurrentVersion.targets(2451,5): warning MSB3277:             C:\Users\ultra\.nuget\packages\mysql.data\8.4.0\lib\net8.0\MySql.Data.dll [C:\Users\ultra\warewolf\Dev\Dev2.Intellisense\Dev2.Intellisense.csproj]
C:\Program Files\dotnet\sdk\10.0.201\Microsoft.Common.CurrentVersion.targets(2451,5): warning MSB3277:             C:\Users\ultra\warewolf\Dev\Dev2.Activities\bin\Debug\net8.0\Dev2.Activities.dll [C:\Users\ultra\warewolf\Dev\Dev2.Intellisense\Dev2.Intellisense.csproj]
C:\Program Files\dotnet\sdk\10.0.201\Microsoft.Common.CurrentVersion.targets(2451,5): warning MSB3277:             C:\Users\ultra\warewolf\Dev\Dev2.Studio.Core\bin\Debug\net8.0\Dev2.Studio.Core.dll [C:\Users\ultra\warewolf\Dev\Dev2.Intellisense\Dev2.Intellisense.csproj]
C:\Program Files\dotnet\sdk\10.0.201\Microsoft.Common.CurrentVersion.targets(2451,5): warning MSB3277:             C:\Users\ultra\warewolf\Dev\Dev2.Runtime.Services\bin\Debug\net8.0\Dev2.Runtime.Services.dll [C:\Users\ultra\warewolf\Dev\Dev2.Intellisense\Dev2.Intellisense.csproj]
C:\Program Files\dotnet\sdk\10.0.201\Microsoft.Common.CurrentVersion.targets(2451,5): warning MSB3277:             C:\Users\ultra\warewolf\Dev\Dev2.Studio.Interfaces\bin\Debug\net8.0\Dev2.Studio.Interfaces.dll [C:\Users\ultra\warewolf\Dev\Dev2.Intellisense\Dev2.Intellisense.csproj]
C:\Program Files\dotnet\sdk\10.0.201\Microsoft.Common.CurrentVersion.targets(2451,5): warning MSB3277:             C:\Users\ultra\warewolf\Dev\Warewolf.Studio.Core\bin\Debug\net8.0\Warewolf.Studio.Core.dll [C:\Users\ultra\warewolf\Dev\Dev2.Intellisense\Dev2.Intellisense.csproj]
C:\Program Files\dotnet\sdk\10.0.201\Microsoft.Common.CurrentVersion.targets(2451,5): warning MSB3277:             C:\Users\ultra\warewolf\Dev\Dev2.Services.Execution\bin\Debug\net8.0\Dev2.Services.Execution.dll [C:\Users\ultra\warewolf\Dev\Dev2.Intellisense\Dev2.Intellisense.csproj]
C:\Program Files\dotnet\sdk\10.0.201\Microsoft.Common.CurrentVersion.targets(2451,5): warning MSB3277:             C:\Users\ultra\warewolf\Dev\Dev2.Services.Sql\bin\Debug\net8.0\Dev2.Services.Sql.dll [C:\Users\ultra\warewolf\Dev\Dev2.Intellisense\Dev2.Intellisense.csproj]
C:\Program Files\dotnet\sdk\10.0.201\Microsoft.Common.CurrentVersion.targets(2451,5): warning MSB3277:             C:\Users\ultra\warewolf\Dev\Warewolf.Driver.Persistence\bin\Debug\net8.0\Warewolf.Driver.Persistence.dll [C:\Users\ultra\warewolf\Dev\Dev2.Intellisense\Dev2.Intellisense.csproj]
C:\Program Files\dotnet\sdk\10.0.201\Microsoft.Common.CurrentVersion.targets(2451,5): warning MSB3277:         C:\Users\ultra\.nuget\packages\oracle.manageddataaccess.core\3.21.70\lib\netstandard2.1\Oracle.ManagedDataAccess.dll [C:\Users\ultra\warewolf\Dev\Dev2.Intellisense\Dev2.Intellisense.csproj]
C:\Program Files\dotnet\sdk\10.0.201\Microsoft.Common.CurrentVersion.targets(2451,5): warning MSB3277:           Project file item includes which caused reference "C:\Users\ultra\.nuget\packages\oracle.manageddataaccess.core\3.21.70\lib\netstandard2.1\Oracle.ManagedDataAccess.dll". [C:\Users\ultra\warewolf\Dev\Dev2.Intellisense\Dev2.Intellisense.csproj]
C:\Program Files\dotnet\sdk\10.0.201\Microsoft.Common.CurrentVersion.targets(2451,5): warning MSB3277:             C:\Users\ultra\.nuget\packages\oracle.manageddataaccess.core\3.21.70\lib\netstandard2.1\Oracle.ManagedDataAccess.dll [C:\Users\ultra\warewolf\Dev\Dev2.Intellisense\Dev2.Intellisense.csproj]
C:\Program Files\dotnet\sdk\10.0.201\Microsoft.Common.CurrentVersion.targets(2451,5): warning MSB3277:             C:\Users\ultra\warewolf\Dev\Dev2.Runtime.Services\bin\Debug\net8.0\Dev2.Runtime.Services.dll [C:\Users\ultra\warewolf\Dev\Dev2.Intellisense\Dev2.Intellisense.csproj]
C:\Program Files\dotnet\sdk\10.0.201\Microsoft.Common.CurrentVersion.targets(2451,5): warning MSB3277:             C:\Users\ultra\warewolf\Dev\Dev2.Activities\bin\Debug\net8.0\Dev2.Activities.dll [C:\Users\ultra\warewolf\Dev\Dev2.Intellisense\Dev2.Intellisense.csproj]
C:\Program Files\dotnet\sdk\10.0.201\Microsoft.Common.CurrentVersion.targets(2451,5): warning MSB3277:             C:\Users\ultra\warewolf\Dev\Dev2.Studio.Core\bin\Debug\net8.0\Dev2.Studio.Core.dll [C:\Users\ultra\warewolf\Dev\Dev2.Intellisense\Dev2.Intellisense.csproj]
C:\Program Files\dotnet\sdk\10.0.201\Microsoft.Common.CurrentVersion.targets(2451,5): warning MSB3277:             C:\Users\ultra\warewolf\Dev\Dev2.Studio.Interfaces\bin\Debug\net8.0\Dev2.Studio.Interfaces.dll [C:\Users\ultra\warewolf\Dev\Dev2.Intellisense\Dev2.Intellisense.csproj]
C:\Program Files\dotnet\sdk\10.0.201\Microsoft.Common.CurrentVersion.targets(2451,5): warning MSB3277:             C:\Users\ultra\warewolf\Dev\Warewolf.Studio.Core\bin\Debug\net8.0\Warewolf.Studio.Core.dll [C:\Users\ultra\warewolf\Dev\Dev2.Intellisense\Dev2.Intellisense.csproj]
C:\Program Files\dotnet\sdk\10.0.201\Microsoft.Common.CurrentVersion.targets(2451,5): warning MSB3277:             C:\Users\ultra\warewolf\Dev\Dev2.Services.Execution\bin\Debug\net8.0\Dev2.Services.Execution.dll [C:\Users\ultra\warewolf\Dev\Dev2.Intellisense\Dev2.Intellisense.csproj]
C:\Program Files\dotnet\sdk\10.0.201\Microsoft.Common.CurrentVersion.targets(2451,5): warning MSB3277:             C:\Users\ultra\warewolf\Dev\Dev2.Services.Sql\bin\Debug\net8.0\Dev2.Services.Sql.dll [C:\Users\ultra\warewolf\Dev\Dev2.Intellisense\Dev2.Intellisense.csproj]
C:\Program Files\dotnet\sdk\10.0.201\Microsoft.Common.CurrentVersion.targets(2451,5): warning MSB3277:             C:\Users\ultra\warewolf\Dev\Warewolf.Driver.Persistence\bin\Debug\net8.0\Warewolf.Driver.Persistence.dll [C:\Users\ultra\warewolf\Dev\Dev2.Intellisense\Dev2.Intellisense.csproj]
C:\Program Files\dotnet\sdk\10.0.201\Microsoft.Common.CurrentVersion.targets(2451,5): warning MSB3277:         C:\Users\ultra\.nuget\packages\system.directoryservices\6.0.0\lib\net6.0\System.DirectoryServices.dll [C:\Users\ultra\warewolf\Dev\Dev2.Intellisense\Dev2.Intellisense.csproj]
C:\Program Files\dotnet\sdk\10.0.201\Microsoft.Common.CurrentVersion.targets(2451,5): warning MSB3277:           Project file item includes which caused reference "C:\Users\ultra\.nuget\packages\system.directoryservices\6.0.0\lib\net6.0\System.DirectoryServices.dll". [C:\Users\ultra\warewolf\Dev\Dev2.Intellisense\Dev2.Intellisense.csproj]
C:\Program Files\dotnet\sdk\10.0.201\Microsoft.Common.CurrentVersion.targets(2451,5): warning MSB3277:             C:\Users\ultra\.nuget\packages\system.directoryservices\6.0.0\lib\net6.0\System.DirectoryServices.dll [C:\Users\ultra\warewolf\Dev\Dev2.Intellisense\Dev2.Intellisense.csproj]
C:\Program Files\dotnet\sdk\10.0.201\Microsoft.Common.CurrentVersion.targets(2451,5): warning MSB3277:             C:\Users\ultra\.nuget\packages\corewcf.primitives\1.2.1\lib\netstandard2.0\CoreWCF.Primitives.dll [C:\Users\ultra\warewolf\Dev\Dev2.Intellisense\Dev2.Intellisense.csproj]
C:\Program Files\dotnet\sdk\10.0.201\Microsoft.Common.CurrentVersion.targets(2451,5): warning MSB3277:             C:\Users\ultra\warewolf\Dev\Dev2.Runtime.Services\bin\Debug\net8.0\Dev2.Runtime.Services.dll [C:\Users\ultra\warewolf\Dev\Dev2.Intellisense\Dev2.Intellisense.csproj]
C:\Program Files\dotnet\sdk\10.0.201\Microsoft.Common.CurrentVersion.targets(2451,5): warning MSB3277:             C:\Users\ultra\warewolf\Dev\Dev2.Activities\bin\Debug\net8.0\Dev2.Activities.dll [C:\Users\ultra\warewolf\Dev\Dev2.Intellisense\Dev2.Intellisense.csproj]
C:\Program Files\dotnet\sdk\10.0.201\Microsoft.Common.CurrentVersion.targets(2451,5): warning MSB3277:             C:\Users\ultra\warewolf\Dev\Dev2.Studio.Core\bin\Debug\net8.0\Dev2.Studio.Core.dll [C:\Users\ultra\warewolf\Dev\Dev2.Intellisense\Dev2.Intellisense.csproj]
C:\Program Files\dotnet\sdk\10.0.201\Microsoft.Common.CurrentVersion.targets(2451,5): warning MSB3277:             C:\Users\ultra\warewolf\Dev\Dev2.Studio.Interfaces\bin\Debug\net8.0\Dev2.Studio.Interfaces.dll [C:\Users\ultra\warewolf\Dev\Dev2.Intellisense\Dev2.Intellisense.csproj]
C:\Program Files\dotnet\sdk\10.0.201\Microsoft.Common.CurrentVersion.targets(2451,5): warning MSB3277:             C:\Users\ultra\warewolf\Dev\Warewolf.Studio.Core\bin\Debug\net8.0\Warewolf.Studio.Core.dll [C:\Users\ultra\warewolf\Dev\Dev2.Intellisense\Dev2.Intellisense.csproj]
C:\Program Files\dotnet\sdk\10.0.201\Microsoft.Common.CurrentVersion.targets(2451,5): warning MSB3277:             C:\Users\ultra\warewolf\Dev\Dev2.Services.Execution\bin\Debug\net8.0\Dev2.Services.Execution.dll [C:\Users\ultra\warewolf\Dev\Dev2.Intellisense\Dev2.Intellisense.csproj]
C:\Program Files\dotnet\sdk\10.0.201\Microsoft.Common.CurrentVersion.targets(2451,5): warning MSB3277:             C:\Users\ultra\warewolf\Dev\Warewolf.Driver.Persistence\bin\Debug\net8.0\Warewolf.Driver.Persistence.dll [C:\Users\ultra\warewolf\Dev\Dev2.Intellisense\Dev2.Intellisense.csproj]
C:\Program Files\dotnet\sdk\10.0.201\Microsoft.Common.CurrentVersion.targets(2451,5): warning MSB3277:             C:\Users\ultra\.nuget\packages\corewcf.http\1.2.1\lib\netstandard2.0\CoreWCF.Http.dll [C:\Users\ultra\warewolf\Dev\Dev2.Intellisense\Dev2.Intellisense.csproj]
C:\Program Files\dotnet\sdk\10.0.201\Microsoft.Common.CurrentVersion.targets(2451,5): warning MSB3277:             C:\Users\ultra\.nuget\packages\corewcf.nettcp\1.2.1\lib\netstandard2.0\CoreWCF.NetTcp.dll [C:\Users\ultra\warewolf\Dev\Dev2.Intellisense\Dev2.Intellisense.csproj]
C:\Program Files\dotnet\sdk\10.0.201\Microsoft.Common.CurrentVersion.targets(2451,5): warning MSB3277:             C:\Users\ultra\.nuget\packages\corewcf.webhttp\1.2.1\lib\netstandard2.0\CoreWCF.WebHttp.dll [C:\Users\ultra\warewolf\Dev\Dev2.Intellisense\Dev2.Intellisense.csproj]
C:\Program Files\dotnet\sdk\10.0.201\Microsoft.Common.CurrentVersion.targets(2451,5): warning MSB3277:         C:\Program Files\dotnet\packs\Microsoft.NETCore.App.Ref\8.0.25\ref\net8.0\System.Configuration.dll [C:\Users\ultra\warewolf\Dev\Dev2.Intellisense\Dev2.Intellisense.csproj]
C:\Program Files\dotnet\sdk\10.0.201\Microsoft.Common.CurrentVersion.targets(2451,5): warning MSB3277:           Project file item includes which caused reference "C:\Program Files\dotnet\packs\Microsoft.NETCore.App.Ref\8.0.25\ref\net8.0\System.Configuration.dll". [C:\Users\ultra\warewolf\Dev\Dev2.Intellisense\Dev2.Intellisense.csproj]
C:\Program Files\dotnet\sdk\10.0.201\Microsoft.Common.CurrentVersion.targets(2451,5): warning MSB3277:             C:\Program Files\dotnet\packs\Microsoft.NETCore.App.Ref\8.0.25\ref/net8.0/System.Configuration.dll [C:\Users\ultra\warewolf\Dev\Dev2.Intellisense\Dev2.Intellisense.csproj]
C:\Program Files\dotnet\sdk\10.0.201\Microsoft.Common.CurrentVersion.targets(2451,5): warning MSB3277:             C:\Users\ultra\.nuget\packages\prism.wpf\9.0.537\lib\net462\Prism.Wpf.dll [C:\Users\ultra\warewolf\Dev\Dev2.Intellisense\Dev2.Intellisense.csproj]
C:\Program Files\dotnet\sdk\10.0.201\Microsoft.Common.CurrentVersion.targets(2451,5): warning MSB3277:         C:\Program Files\dotnet\packs\Microsoft.NETCore.App.Ref\8.0.25\ref\net8.0\System.Data.dll [C:\Users\ultra\warewolf\Dev\Dev2.Intellisense\Dev2.Intellisense.csproj]
C:\Program Files\dotnet\sdk\10.0.201\Microsoft.Common.CurrentVersion.targets(2451,5): warning MSB3277:           Project file item includes which caused reference "C:\Program Files\dotnet\packs\Microsoft.NETCore.App.Ref\8.0.25\ref\net8.0\System.Data.dll". [C:\Users\ultra\warewolf\Dev\Dev2.Intellisense\Dev2.Intellisense.csproj]
C:\Program Files\dotnet\sdk\10.0.201\Microsoft.Common.CurrentVersion.targets(2451,5): warning MSB3277:             C:\Program Files\dotnet\packs\Microsoft.NETCore.App.Ref\8.0.25\ref/net8.0/System.Data.dll [C:\Users\ultra\warewolf\Dev\Dev2.Intellisense\Dev2.Intellisense.csproj]
C:\Program Files\dotnet\sdk\10.0.201\Microsoft.Common.CurrentVersion.targets(2451,5): warning MSB3277:             C:\Users\ultra\.nuget\packages\taskschedulereditor\2.10.1\lib\net452\Microsoft.Win32.TaskSchedulerEditor.dll [C:\Users\ultra\warewolf\Dev\Dev2.Intellisense\Dev2.Intellisense.csproj]
C:\Program Files\dotnet\sdk\10.0.201\Microsoft.Common.CurrentVersion.targets(2451,5): warning MSB3277:         C:\Program Files\dotnet\packs\Microsoft.NETCore.App.Ref\8.0.25\ref\net8.0\System.Drawing.dll [C:\Users\ultra\warewolf\Dev\Dev2.Intellisense\Dev2.Intellisense.csproj]
C:\Program Files\dotnet\sdk\10.0.201\Microsoft.Common.CurrentVersion.targets(2451,5): warning MSB3277:           Project file item includes which caused reference "C:\Program Files\dotnet\packs\Microsoft.NETCore.App.Ref\8.0.25\ref\net8.0\System.Drawing.dll". [C:\Users\ultra\warewolf\Dev\Dev2.Intellisense\Dev2.Intellisense.csproj]
C:\Program Files\dotnet\sdk\10.0.201\Microsoft.Common.CurrentVersion.targets(2451,5): warning MSB3277:             C:\Program Files\dotnet\packs\Microsoft.NETCore.App.Ref\8.0.25\ref/net8.0/System.Drawing.dll [C:\Users\ultra\warewolf\Dev\Dev2.Intellisense\Dev2.Intellisense.csproj]
C:\Program Files\dotnet\sdk\10.0.201\Microsoft.Common.CurrentVersion.targets(2451,5): warning MSB3277:             C:\Users\ultra\.nuget\packages\aerowizard\2.3.1\lib\net45\AeroWizard.dll [C:\Users\ultra\warewolf\Dev\Dev2.Intellisense\Dev2.Intellisense.csproj]
C:\Program Files\dotnet\sdk\10.0.201\Microsoft.Common.CurrentVersion.targets(2451,5): warning MSB3277:             C:\Users\ultra\.nuget\packages\groupcontrols\1.9.0\lib\net45\GroupControls.dll [C:\Users\ultra\warewolf\Dev\Dev2.Intellisense\Dev2.Intellisense.csproj]
C:\Program Files\dotnet\sdk\10.0.201\Microsoft.Common.CurrentVersion.targets(2451,5): warning MSB3277:             C:\Users\ultra\.nuget\packages\taskschedulereditor\2.10.1\lib\net452\Microsoft.Win32.TaskSchedulerEditor.dll [C:\Users\ultra\warewolf\Dev\Dev2.Intellisense\Dev2.Intellisense.csproj]
C:\Program Files\dotnet\sdk\10.0.201\Microsoft.Common.CurrentVersion.targets(2451,5): warning MSB3277:         C:\Program Files\dotnet\packs\Microsoft.NETCore.App.Ref\8.0.25\ref\net8.0\System.Net.dll [C:\Users\ultra\warewolf\Dev\Dev2.Intellisense\Dev2.Intellisense.csproj]
C:\Program Files\dotnet\sdk\10.0.201\Microsoft.Common.CurrentVersion.targets(2451,5): warning MSB3277:           Project file item includes which caused reference "C:\Program Files\dotnet\packs\Microsoft.NETCore.App.Ref\8.0.25\ref\net8.0\System.Net.dll". [C:\Users\ultra\warewolf\Dev\Dev2.Intellisense\Dev2.Intellisense.csproj]
C:\Program Files\dotnet\sdk\10.0.201\Microsoft.Common.CurrentVersion.targets(2451,5): warning MSB3277:             C:\Program Files\dotnet\packs\Microsoft.NETCore.App.Ref\8.0.25\ref/net8.0/System.Net.dll [C:\Users\ultra\warewolf\Dev\Dev2.Intellisense\Dev2.Intellisense.csproj]
C:\Program Files\dotnet\sdk\10.0.201\Microsoft.Common.CurrentVersion.targets(2451,5): warning MSB3277:         C:\Program Files\dotnet\packs\Microsoft.NETCore.App.Ref\8.0.25\ref\net8.0\System.Security.dll [C:\Users\ultra\warewolf\Dev\Dev2.Intellisense\Dev2.Intellisense.csproj]
C:\Program Files\dotnet\sdk\10.0.201\Microsoft.Common.CurrentVersion.targets(2451,5): warning MSB3277:           Project file item includes which caused reference "C:\Program Files\dotnet\packs\Microsoft.NETCore.App.Ref\8.0.25\ref\net8.0\System.Security.dll". [C:\Users\ultra\warewolf\Dev\Dev2.Intellisense\Dev2.Intellisense.csproj]
C:\Program Files\dotnet\sdk\10.0.201\Microsoft.Common.CurrentVersion.targets(2451,5): warning MSB3277:             C:\Program Files\dotnet\packs\Microsoft.NETCore.App.Ref\8.0.25\ref/net8.0/System.Security.dll [C:\Users\ultra\warewolf\Dev\Dev2.Intellisense\Dev2.Intellisense.csproj]
C:\Program Files\dotnet\sdk\10.0.201\Microsoft.Common.CurrentVersion.targets(2451,5): warning MSB3277:         C:\Program Files\dotnet\packs\Microsoft.NETCore.App.Ref\8.0.25\ref\net8.0\System.ServiceProcess.dll [C:\Users\ultra\warewolf\Dev\Dev2.Intellisense\Dev2.Intellisense.csproj]
C:\Program Files\dotnet\sdk\10.0.201\Microsoft.Common.CurrentVersion.targets(2451,5): warning MSB3277:           Project file item includes which caused reference "C:\Program Files\dotnet\packs\Microsoft.NETCore.App.Ref\8.0.25\ref\net8.0\System.ServiceProcess.dll". [C:\Users\ultra\warewolf\Dev\Dev2.Intellisense\Dev2.Intellisense.csproj]
C:\Program Files\dotnet\sdk\10.0.201\Microsoft.Common.CurrentVersion.targets(2451,5): warning MSB3277:             C:\Program Files\dotnet\packs\Microsoft.NETCore.App.Ref\8.0.25\ref/net8.0/System.ServiceProcess.dll [C:\Users\ultra\warewolf\Dev\Dev2.Intellisense\Dev2.Intellisense.csproj]
C:\Program Files\dotnet\sdk\10.0.201\Microsoft.Common.CurrentVersion.targets(2451,5): warning MSB3277:         C:\Program Files\dotnet\packs\Microsoft.NETCore.App.Ref\8.0.25\ref\net8.0\System.Transactions.dll [C:\Users\ultra\warewolf\Dev\Dev2.Intellisense\Dev2.Intellisense.csproj]
C:\Program Files\dotnet\sdk\10.0.201\Microsoft.Common.CurrentVersion.targets(2451,5): warning MSB3277:           Project file item includes which caused reference "C:\Program Files\dotnet\packs\Microsoft.NETCore.App.Ref\8.0.25\ref\net8.0\System.Transactions.dll". [C:\Users\ultra\warewolf\Dev\Dev2.Intellisense\Dev2.Intellisense.csproj]
C:\Program Files\dotnet\sdk\10.0.201\Microsoft.Common.CurrentVersion.targets(2451,5): warning MSB3277:             C:\Program Files\dotnet\packs\Microsoft.NETCore.App.Ref\8.0.25\ref/net8.0/System.Transactions.dll [C:\Users\ultra\warewolf\Dev\Dev2.Intellisense\Dev2.Intellisense.csproj]
C:\Program Files\dotnet\sdk\10.0.201\Microsoft.Common.CurrentVersion.targets(2451,5): warning MSB3277:         C:\Program Files\dotnet\packs\Microsoft.NETCore.App.Ref\8.0.25\ref\net8.0\System.dll [C:\Users\ultra\warewolf\Dev\Dev2.Intellisense\Dev2.Intellisense.csproj]
C:\Program Files\dotnet\sdk\10.0.201\Microsoft.Common.CurrentVersion.targets(2451,5): warning MSB3277:           Project file item includes which caused reference "C:\Program Files\dotnet\packs\Microsoft.NETCore.App.Ref\8.0.25\ref\net8.0\System.dll". [C:\Users\ultra\warewolf\Dev\Dev2.Intellisense\Dev2.Intellisense.csproj]
C:\Program Files\dotnet\sdk\10.0.201\Microsoft.Common.CurrentVersion.targets(2451,5): warning MSB3277:             C:\Program Files\dotnet\packs\Microsoft.NETCore.App.Ref\8.0.25\ref/net8.0/System.dll [C:\Users\ultra\warewolf\Dev\Dev2.Intellisense\Dev2.Intellisense.csproj]
C:\Program Files\dotnet\sdk\10.0.201\Microsoft.Common.CurrentVersion.targets(2451,5): warning MSB3277:             C:\Users\ultra\.nuget\packages\aerowizard\2.3.1\lib\net45\AeroWizard.dll [C:\Users\ultra\warewolf\Dev\Dev2.Intellisense\Dev2.Intellisense.csproj]
C:\Program Files\dotnet\sdk\10.0.201\Microsoft.Common.CurrentVersion.targets(2451,5): warning MSB3277:             C:\Users\ultra\.nuget\packages\groupcontrols\1.9.0\lib\net45\GroupControls.dll [C:\Users\ultra\warewolf\Dev\Dev2.Intellisense\Dev2.Intellisense.csproj]
C:\Program Files\dotnet\sdk\10.0.201\Microsoft.Common.CurrentVersion.targets(2451,5): warning MSB3277:             C:\Users\ultra\.nuget\packages\microsoft.xaml.behaviors.wpf\1.1.122\lib\net462\Microsoft.Xaml.Behaviors.dll [C:\Users\ultra\warewolf\Dev\Dev2.Intellisense\Dev2.Intellisense.csproj]
C:\Program Files\dotnet\sdk\10.0.201\Microsoft.Common.CurrentVersion.targets(2451,5): warning MSB3277:             C:\Users\ultra\.nuget\packages\caliburn.micro\4.0.212\lib\netcoreapp3.1\Caliburn.Micro.Platform.dll [C:\Users\ultra\warewolf\Dev\Dev2.Intellisense\Dev2.Intellisense.csproj]
C:\Program Files\dotnet\sdk\10.0.201\Microsoft.Common.CurrentVersion.targets(2451,5): warning MSB3277:             C:\Users\ultra\.nuget\packages\prism.wpf\9.0.537\lib\net462\Prism.Wpf.dll [C:\Users\ultra\warewolf\Dev\Dev2.Intellisense\Dev2.Intellisense.csproj]
C:\Program Files\dotnet\sdk\10.0.201\Microsoft.Common.CurrentVersion.targets(2451,5): warning MSB3277:             C:\Users\ultra\.nuget\packages\reactiveui.wpf\18.4.1\lib\net462\ReactiveUI.Wpf.dll [C:\Users\ultra\warewolf\Dev\Dev2.Intellisense\Dev2.Intellisense.csproj]
C:\Program Files\dotnet\sdk\10.0.201\Microsoft.Common.CurrentVersion.targets(2451,5): warning MSB3277:             C:\Users\ultra\.nuget\packages\taskschedulereditor\2.10.1\lib\net452\Microsoft.Win32.TaskSchedulerEditor.dll [C:\Users\ultra\warewolf\Dev\Dev2.Intellisense\Dev2.Intellisense.csproj]
C:\Program Files\dotnet\sdk\10.0.201\Microsoft.Common.CurrentVersion.targets(2451,5): warning MSB3277:             C:\Users\ultra\.nuget\packages\ttcue.netcore.sharepointonline.csom.16.1.8029.1200\16.1.8029.1200\lib\netcoreapp2.0\Microsoft.SharePoint.Client.Runtime.Windows.dll [C:\Users\ultra\warewolf\Dev\Dev2.Intellisense\Dev2.Intellisense.csproj]
C:\Program Files\dotnet\sdk\10.0.201\Microsoft.Common.CurrentVersion.targets(2451,5): warning MSB3277:         C:\Program Files\dotnet\packs\Microsoft.NETCore.App.Ref\8.0.25\ref\net8.0\WindowsBase.dll [C:\Users\ultra\warewolf\Dev\Dev2.Intellisense\Dev2.Intellisense.csproj]
C:\Program Files\dotnet\sdk\10.0.201\Microsoft.Common.CurrentVersion.targets(2451,5): warning MSB3277:           Project file item includes which caused reference "C:\Program Files\dotnet\packs\Microsoft.NETCore.App.Ref\8.0.25\ref\net8.0\WindowsBase.dll". [C:\Users\ultra\warewolf\Dev\Dev2.Intellisense\Dev2.Intellisense.csproj]
C:\Program Files\dotnet\sdk\10.0.201\Microsoft.Common.CurrentVersion.targets(2451,5): warning MSB3277:             C:\Program Files\dotnet\packs\Microsoft.NETCore.App.Ref\8.0.25\ref/net8.0/WindowsBase.dll [C:\Users\ultra\warewolf\Dev\Dev2.Intellisense\Dev2.Intellisense.csproj]
C:\Program Files\dotnet\sdk\10.0.201\Microsoft.Common.CurrentVersion.targets(2451,5): warning MSB3277:         C:\Program Files\dotnet\packs\Microsoft.NETCore.App.Ref\8.0.25\ref\net8.0\mscorlib.dll [C:\Users\ultra\warewolf\Dev\Dev2.Intellisense\Dev2.Intellisense.csproj]
C:\Program Files\dotnet\sdk\10.0.201\Microsoft.Common.CurrentVersion.targets(2451,5): warning MSB3277:           Project file item includes which caused reference "C:\Program Files\dotnet\packs\Microsoft.NETCore.App.Ref\8.0.25\ref\net8.0\mscorlib.dll". [C:\Users\ultra\warewolf\Dev\Dev2.Intellisense\Dev2.Intellisense.csproj]
C:\Program Files\dotnet\sdk\10.0.201\Microsoft.Common.CurrentVersion.targets(2451,5): warning MSB3277:             C:\Program Files\dotnet\packs\Microsoft.NETCore.App.Ref\8.0.25\ref/net8.0/mscorlib.dll [C:\Users\ultra\warewolf\Dev\Dev2.Intellisense\Dev2.Intellisense.csproj]
C:\Program Files\dotnet\sdk\10.0.201\Microsoft.Common.CurrentVersion.targets(2451,5): warning MSB3277:             C:\Users\ultra\.nuget\packages\aerowizard\2.3.1\lib\net45\AeroWizard.dll [C:\Users\ultra\warewolf\Dev\Dev2.Intellisense\Dev2.Intellisense.csproj]
C:\Program Files\dotnet\sdk\10.0.201\Microsoft.Common.CurrentVersion.targets(2451,5): warning MSB3277:             C:\Users\ultra\.nuget\packages\groupcontrols\1.9.0\lib\net45\GroupControls.dll [C:\Users\ultra\warewolf\Dev\Dev2.Intellisense\Dev2.Intellisense.csproj]
C:\Program Files\dotnet\sdk\10.0.201\Microsoft.Common.CurrentVersion.targets(2451,5): warning MSB3277:             C:\Users\ultra\.nuget\packages\hangfire.core\1.7.32\lib\netstandard2.0\Hangfire.Core.dll [C:\Users\ultra\warewolf\Dev\Dev2.Intellisense\Dev2.Intellisense.csproj]
C:\Program Files\dotnet\sdk\10.0.201\Microsoft.Common.CurrentVersion.targets(2451,5): warning MSB3277:             C:\Users\ultra\warewolf\Dev\Dev2.Activities\bin\Debug\net8.0\Dev2.Activities.dll [C:\Users\ultra\warewolf\Dev\Dev2.Intellisense\Dev2.Intellisense.csproj]
C:\Program Files\dotnet\sdk\10.0.201\Microsoft.Common.CurrentVersion.targets(2451,5): warning MSB3277:             C:\Users\ultra\warewolf\Dev\Dev2.Studio.Core\bin\Debug\net8.0\Dev2.Studio.Core.dll [C:\Users\ultra\warewolf\Dev\Dev2.Intellisense\Dev2.Intellisense.csproj]
C:\Program Files\dotnet\sdk\10.0.201\Microsoft.Common.CurrentVersion.targets(2451,5): warning MSB3277:             C:\Users\ultra\warewolf\Dev\Warewolf.Driver.Persistence\bin\Debug\net8.0\Warewolf.Driver.Persistence.dll [C:\Users\ultra\warewolf\Dev\Dev2.Intellisense\Dev2.Intellisense.csproj]
C:\Program Files\dotnet\sdk\10.0.201\Microsoft.Common.CurrentVersion.targets(2451,5): warning MSB3277:             C:\Users\ultra\.nuget\packages\hangfire.sqlserver\1.7.32\lib\netstandard2.0\Hangfire.SqlServer.dll [C:\Users\ultra\warewolf\Dev\Dev2.Intellisense\Dev2.Intellisense.csproj]
C:\Program Files\dotnet\sdk\10.0.201\Microsoft.Common.CurrentVersion.targets(2451,5): warning MSB3277:             C:\Users\ultra\.nuget\packages\microsoft.xaml.behaviors.wpf\1.1.122\lib\net462\Microsoft.Xaml.Behaviors.dll [C:\Users\ultra\warewolf\Dev\Dev2.Intellisense\Dev2.Intellisense.csproj]
C:\Program Files\dotnet\sdk\10.0.201\Microsoft.Common.CurrentVersion.targets(2451,5): warning MSB3277:             C:\Users\ultra\.nuget\packages\caliburn.micro\4.0.212\lib\netcoreapp3.1\Caliburn.Micro.Platform.dll [C:\Users\ultra\warewolf\Dev\Dev2.Intellisense\Dev2.Intellisense.csproj]
C:\Program Files\dotnet\sdk\10.0.201\Microsoft.Common.CurrentVersion.targets(2451,5): warning MSB3277:             C:\Users\ultra\.nuget\packages\oracle.manageddataaccess.core\3.21.70\lib\netstandard2.1\Oracle.ManagedDataAccess.dll [C:\Users\ultra\warewolf\Dev\Dev2.Intellisense\Dev2.Intellisense.csproj]
C:\Program Files\dotnet\sdk\10.0.201\Microsoft.Common.CurrentVersion.targets(2451,5): warning MSB3277:             C:\Users\ultra\warewolf\Dev\Dev2.Runtime.Services\bin\Debug\net8.0\Dev2.Runtime.Services.dll [C:\Users\ultra\warewolf\Dev\Dev2.Intellisense\Dev2.Intellisense.csproj]
C:\Program Files\dotnet\sdk\10.0.201\Microsoft.Common.CurrentVersion.targets(2451,5): warning MSB3277:             C:\Users\ultra\warewolf\Dev\Dev2.Studio.Interfaces\bin\Debug\net8.0\Dev2.Studio.Interfaces.dll [C:\Users\ultra\warewolf\Dev\Dev2.Intellisense\Dev2.Intellisense.csproj]
C:\Program Files\dotnet\sdk\10.0.201\Microsoft.Common.CurrentVersion.targets(2451,5): warning MSB3277:             C:\Users\ultra\warewolf\Dev\Warewolf.Studio.Core\bin\Debug\net8.0\Warewolf.Studio.Core.dll [C:\Users\ultra\warewolf\Dev\Dev2.Intellisense\Dev2.Intellisense.csproj]
C:\Program Files\dotnet\sdk\10.0.201\Microsoft.Common.CurrentVersion.targets(2451,5): warning MSB3277:             C:\Users\ultra\warewolf\Dev\Dev2.Services.Execution\bin\Debug\net8.0\Dev2.Services.Execution.dll [C:\Users\ultra\warewolf\Dev\Dev2.Intellisense\Dev2.Intellisense.csproj]
C:\Program Files\dotnet\sdk\10.0.201\Microsoft.Common.CurrentVersion.targets(2451,5): warning MSB3277:             C:\Users\ultra\warewolf\Dev\Dev2.Services.Sql\bin\Debug\net8.0\Dev2.Services.Sql.dll [C:\Users\ultra\warewolf\Dev\Dev2.Intellisense\Dev2.Intellisense.csproj]
C:\Program Files\dotnet\sdk\10.0.201\Microsoft.Common.CurrentVersion.targets(2451,5): warning MSB3277:             C:\Users\ultra\.nuget\packages\prism.wpf\9.0.537\lib\net462\Prism.Wpf.dll [C:\Users\ultra\warewolf\Dev\Dev2.Intellisense\Dev2.Intellisense.csproj]
C:\Program Files\dotnet\sdk\10.0.201\Microsoft.Common.CurrentVersion.targets(2451,5): warning MSB3277:             C:\Users\ultra\.nuget\packages\reactiveui.wpf\18.4.1\lib\net462\ReactiveUI.Wpf.dll [C:\Users\ultra\warewolf\Dev\Dev2.Intellisense\Dev2.Intellisense.csproj]
C:\Program Files\dotnet\sdk\10.0.201\Microsoft.Common.CurrentVersion.targets(2451,5): warning MSB3277:             C:\Users\ultra\.nuget\packages\taskschedulereditor\2.10.1\lib\net452\Microsoft.Win32.TaskSchedulerEditor.dll [C:\Users\ultra\warewolf\Dev\Dev2.Intellisense\Dev2.Intellisense.csproj]
C:\Program Files\dotnet\sdk\10.0.201\Microsoft.Common.CurrentVersion.targets(2451,5): warning MSB3277:             C:\Users\ultra\.nuget\packages\ttcue.netcore.sharepointonline.csom.16.1.8029.1200\16.1.8029.1200\lib\netcoreapp2.0\Microsoft.SharePoint.Client.Runtime.Windows.dll [C:\Users\ultra\warewolf\Dev\Dev2.Intellisense\Dev2.Intellisense.csproj]
C:\Program Files\dotnet\sdk\10.0.201\Microsoft.Common.CurrentVersion.targets(2451,5): warning MSB3277:         C:\Users\ultra\warewolf\Dev\Dev2.Development.Languages\bin\Debug\net8.0\IronRuby.dll [C:\Users\ultra\warewolf\Dev\Dev2.Intellisense\Dev2.Intellisense.csproj]
C:\Program Files\dotnet\sdk\10.0.201\Microsoft.Common.CurrentVersion.targets(2451,5): warning MSB3277:           Project file item includes which caused reference "C:\Users\ultra\warewolf\Dev\Dev2.Development.Languages\bin\Debug\net8.0\IronRuby.dll". [C:\Users\ultra\warewolf\Dev\Dev2.Intellisense\Dev2.Intellisense.csproj]
C:\Program Files\dotnet\sdk\10.0.201\Microsoft.Common.CurrentVersion.targets(2451,5): warning MSB3277:             C:\Users\ultra\warewolf\Dev\Dev2.Development.Languages\bin\Debug\net8.0\Dev2.Development.Languages.dll [C:\Users\ultra\warewolf\Dev\Dev2.Intellisense\Dev2.Intellisense.csproj]
C:\Program Files\dotnet\sdk\10.0.201\Microsoft.Common.CurrentVersion.targets(2451,5): warning MSB3277:             C:\Users\ultra\warewolf\Dev\Dev2.Activities\bin\Debug\net8.0\Dev2.Activities.dll [C:\Users\ultra\warewolf\Dev\Dev2.Intellisense\Dev2.Intellisense.csproj]
C:\Program Files\dotnet\sdk\10.0.201\Microsoft.Common.CurrentVersion.targets(2451,5): warning MSB3277:             C:\Users\ultra\warewolf\Dev\Dev2.Studio.Core\bin\Debug\net8.0\Dev2.Studio.Core.dll [C:\Users\ultra\warewolf\Dev\Dev2.Intellisense\Dev2.Intellisense.csproj]
C:\Program Files\dotnet\sdk\10.0.201\Microsoft.Common.CurrentVersion.targets(2451,5): warning MSB3277:         C:\Users\ultra\warewolf\Dev\Dev2.Development.Languages\bin\Debug\net8.0\IronRuby.Libraries.dll [C:\Users\ultra\warewolf\Dev\Dev2.Intellisense\Dev2.Intellisense.csproj]
C:\Program Files\dotnet\sdk\10.0.201\Microsoft.Common.CurrentVersion.targets(2451,5): warning MSB3277:           Project file item includes which caused reference "C:\Users\ultra\warewolf\Dev\Dev2.Development.Languages\bin\Debug\net8.0\IronRuby.Libraries.dll". [C:\Users\ultra\warewolf\Dev\Dev2.Intellisense\Dev2.Intellisense.csproj]
C:\Program Files\dotnet\sdk\10.0.201\Microsoft.Common.CurrentVersion.targets(2451,5): warning MSB3277:             C:\Users\ultra\warewolf\Dev\Dev2.Development.Languages\bin\Debug\net8.0\Dev2.Development.Languages.dll [C:\Users\ultra\warewolf\Dev\Dev2.Intellisense\Dev2.Intellisense.csproj]
C:\Program Files\dotnet\sdk\10.0.201\Microsoft.Common.CurrentVersion.targets(2451,5): warning MSB3277:             C:\Users\ultra\warewolf\Dev\Dev2.Activities\bin\Debug\net8.0\Dev2.Activities.dll [C:\Users\ultra\warewolf\Dev\Dev2.Intellisense\Dev2.Intellisense.csproj]
C:\Program Files\dotnet\sdk\10.0.201\Microsoft.Common.CurrentVersion.targets(2451,5): warning MSB3277:             C:\Users\ultra\warewolf\Dev\Dev2.Studio.Core\bin\Debug\net8.0\Dev2.Studio.Core.dll [C:\Users\ultra\warewolf\Dev\Dev2.Intellisense\Dev2.Intellisense.csproj]
C:\Program Files\dotnet\sdk\10.0.201\Microsoft.Common.CurrentVersion.targets(2451,5): warning MSB3277:         C:\Users\ultra\warewolf\Dev\Binaries\Infragistcs_Net6\InfragisticsWPF4.DataVisualization.v15.1.dll [C:\Users\ultra\warewolf\Dev\Dev2.Intellisense\Dev2.Intellisense.csproj]
C:\Program Files\dotnet\sdk\10.0.201\Microsoft.Common.CurrentVersion.targets(2451,5): warning MSB3277:           Project file item includes which caused reference "C:\Users\ultra\warewolf\Dev\Binaries\Infragistcs_Net6\InfragisticsWPF4.DataVisualization.v15.1.dll". [C:\Users\ultra\warewolf\Dev\Dev2.Intellisense\Dev2.Intellisense.csproj]
C:\Program Files\dotnet\sdk\10.0.201\Microsoft.Common.CurrentVersion.targets(2451,5): warning MSB3277:             InfragisticsWPF4.Math.Calculators.v15.1, Version=15.1.20151.2055, Culture=neutral, PublicKeyToken=7dd5c3163f2cd0cb, processorArchitecture=MSIL [C:\Users\ultra\warewolf\Dev\Dev2.Intellisense\Dev2.Intellisense.csproj]
C:\Program Files\dotnet\sdk\10.0.201\Microsoft.Common.CurrentVersion.targets(2451,5): warning MSB3277: Found conflicts between different versions of "WindowsBase" that could not be resolved. [C:\Users\ultra\warewolf\Dev\Dev2.Intellisense\Dev2.Intellisense.csproj]
C:\Program Files\dotnet\sdk\10.0.201\Microsoft.Common.CurrentVersion.targets(2451,5): warning MSB3277: There was a conflict between "WindowsBase, Version=4.0.0.0, Culture=neutral, PublicKeyToken=31bf3856ad364e35" and "WindowsBase, Version=6.0.2.0, Culture=neutral, PublicKeyToken=31bf3856ad364e35". [C:\Users\ultra\warewolf\Dev\Dev2.Intellisense\Dev2.Intellisense.csproj]
C:\Program Files\dotnet\sdk\10.0.201\Microsoft.Common.CurrentVersion.targets(2451,5): warning MSB3277:     "WindowsBase, Version=4.0.0.0, Culture=neutral, PublicKeyToken=31bf3856ad364e35" was chosen because it was primary and "WindowsBase, Version=6.0.2.0, Culture=neutral, PublicKeyToken=31bf3856ad364e35" was not. [C:\Users\ultra\warewolf\Dev\Dev2.Intellisense\Dev2.Intellisense.csproj]
C:\Program Files\dotnet\sdk\10.0.201\Microsoft.Common.CurrentVersion.targets(2451,5): warning MSB3277:     References which depend on "WindowsBase, Version=4.0.0.0, Culture=neutral, PublicKeyToken=31bf3856ad364e35" [C:\Program Files\dotnet\packs\Microsoft.NETCore.App.Ref\8.0.25\ref\net8.0\WindowsBase.dll]. [C:\Users\ultra\warewolf\Dev\Dev2.Intellisense\Dev2.Intellisense.csproj]
C:\Program Files\dotnet\sdk\10.0.201\Microsoft.Common.CurrentVersion.targets(2451,5): warning MSB3277:         C:\Program Files\dotnet\packs\Microsoft.NETCore.App.Ref\8.0.25\ref\net8.0\WindowsBase.dll [C:\Users\ultra\warewolf\Dev\Dev2.Intellisense\Dev2.Intellisense.csproj]
C:\Program Files\dotnet\sdk\10.0.201\Microsoft.Common.CurrentVersion.targets(2451,5): warning MSB3277:           Project file item includes which caused reference "C:\Program Files\dotnet\packs\Microsoft.NETCore.App.Ref\8.0.25\ref\net8.0\WindowsBase.dll". [C:\Users\ultra\warewolf\Dev\Dev2.Intellisense\Dev2.Intellisense.csproj]
C:\Program Files\dotnet\sdk\10.0.201\Microsoft.Common.CurrentVersion.targets(2451,5): warning MSB3277:             C:\Program Files\dotnet\packs\Microsoft.NETCore.App.Ref\8.0.25\ref/net8.0/WindowsBase.dll [C:\Users\ultra\warewolf\Dev\Dev2.Intellisense\Dev2.Intellisense.csproj]
C:\Program Files\dotnet\sdk\10.0.201\Microsoft.Common.CurrentVersion.targets(2451,5): warning MSB3277:     References which depend on or have been unified to "WindowsBase, Version=6.0.2.0, Culture=neutral, PublicKeyToken=31bf3856ad364e35" []. [C:\Users\ultra\warewolf\Dev\Dev2.Intellisense\Dev2.Intellisense.csproj]
C:\Program Files\dotnet\sdk\10.0.201\Microsoft.Common.CurrentVersion.targets(2451,5): warning MSB3277:         C:\Users\ultra\warewolf\Dev\Binaries\Infragistcs_Net6\Infragistics.Calculations.dll [C:\Users\ultra\warewolf\Dev\Dev2.Intellisense\Dev2.Intellisense.csproj]
C:\Program Files\dotnet\sdk\10.0.201\Microsoft.Common.CurrentVersion.targets(2451,5): warning MSB3277:           Project file item includes which caused reference "C:\Users\ultra\warewolf\Dev\Binaries\Infragistcs_Net6\Infragistics.Calculations.dll". [C:\Users\ultra\warewolf\Dev\Dev2.Intellisense\Dev2.Intellisense.csproj]
C:\Program Files\dotnet\sdk\10.0.201\Microsoft.Common.CurrentVersion.targets(2451,5): warning MSB3277:             CalculationManager.WPF [C:\Users\ultra\warewolf\Dev\Dev2.Intellisense\Dev2.Intellisense.csproj]
C:\Program Files\dotnet\sdk\10.0.201\Microsoft.Common.CurrentVersion.targets(2451,5): warning MSB3277:         C:\Users\ultra\warewolf\Dev\Binaries\Infragistcs_Net6\InfragisticsWPF4.Math.Calculators.v15.1.dll [C:\Users\ultra\warewolf\Dev\Dev2.Intellisense\Dev2.Intellisense.csproj]
C:\Program Files\dotnet\sdk\10.0.201\Microsoft.Common.CurrentVersion.targets(2451,5): warning MSB3277:           Project file item includes which caused reference "C:\Users\ultra\warewolf\Dev\Binaries\Infragistcs_Net6\InfragisticsWPF4.Math.Calculators.v15.1.dll". [C:\Users\ultra\warewolf\Dev\Dev2.Intellisense\Dev2.Intellisense.csproj]
C:\Program Files\dotnet\sdk\10.0.201\Microsoft.Common.CurrentVersion.targets(2451,5): warning MSB3277:             InfragisticsWPF4.Math.Calculators.v15.1, Version=15.1.20151.2055, Culture=neutral, PublicKeyToken=7dd5c3163f2cd0cb, processorArchitecture=MSIL [C:\Users\ultra\warewolf\Dev\Dev2.Intellisense\Dev2.Intellisense.csproj]
C:\Program Files\dotnet\sdk\10.0.201\Microsoft.Common.CurrentVersion.targets(2451,5): warning MSB3277:         C:\Users\ultra\warewolf\Dev\Binaries\Infragistcs_Net6\InfragisticsWPF4.v15.1.dll [C:\Users\ultra\warewolf\Dev\Dev2.Intellisense\Dev2.Intellisense.csproj]
C:\Program Files\dotnet\sdk\10.0.201\Microsoft.Common.CurrentVersion.targets(2451,5): warning MSB3277:           Project file item includes which caused reference "C:\Users\ultra\warewolf\Dev\Binaries\Infragistcs_Net6\InfragisticsWPF4.v15.1.dll". [C:\Users\ultra\warewolf\Dev\Dev2.Intellisense\Dev2.Intellisense.csproj]
C:\Program Files\dotnet\sdk\10.0.201\Microsoft.Common.CurrentVersion.targets(2451,5): warning MSB3277:             InfragisticsWPF4.v15.1, Version=15.1.20151.2055, Culture=neutral, PublicKeyToken=7dd5c3163f2cd0cb, processorArchitecture=MSIL [C:\Users\ultra\warewolf\Dev\Dev2.Intellisense\Dev2.Intellisense.csproj]
C:\Program Files\dotnet\sdk\10.0.201\Microsoft.Common.CurrentVersion.targets(2451,5): warning MSB3277:             CalculationManager.WPF [C:\Users\ultra\warewolf\Dev\Dev2.Intellisense\Dev2.Intellisense.csproj]
C:\Program Files\dotnet\sdk\10.0.201\Microsoft.Common.CurrentVersion.targets(2451,5): warning MSB3277:             InfragisticsWPF4.Math.Calculators.v15.1, Version=15.1.20151.2055, Culture=neutral, PublicKeyToken=7dd5c3163f2cd0cb, processorArchitecture=MSIL [C:\Users\ultra\warewolf\Dev\Dev2.Intellisense\Dev2.Intellisense.csproj]
C:\Program Files\dotnet\sdk\10.0.201\Microsoft.Common.CurrentVersion.targets(2451,5): warning MSB3277:         C:\Users\ultra\.nuget\packages\caliburn.micro\4.0.212\lib\netcoreapp3.1\Caliburn.Micro.Platform.dll [C:\Users\ultra\warewolf\Dev\Dev2.Intellisense\Dev2.Intellisense.csproj]
C:\Program Files\dotnet\sdk\10.0.201\Microsoft.Common.CurrentVersion.targets(2451,5): warning MSB3277:           Project file item includes which caused reference "C:\Users\ultra\.nuget\packages\caliburn.micro\4.0.212\lib\netcoreapp3.1\Caliburn.Micro.Platform.dll". [C:\Users\ultra\warewolf\Dev\Dev2.Intellisense\Dev2.Intellisense.csproj]
C:\Program Files\dotnet\sdk\10.0.201\Microsoft.Common.CurrentVersion.targets(2451,5): warning MSB3277:             C:\Users\ultra\.nuget\packages\caliburn.micro\4.0.212\lib\netcoreapp3.1\Caliburn.Micro.Platform.dll [C:\Users\ultra\warewolf\Dev\Dev2.Intellisense\Dev2.Intellisense.csproj]
C:\Program Files\dotnet\sdk\10.0.201\Microsoft.Common.CurrentVersion.targets(2451,5): warning MSB3277:         C:\Users\ultra\.nuget\packages\ironpython\3.4.0\lib\net6.0\IronPython.Wpf.dll [C:\Users\ultra\warewolf\Dev\Dev2.Intellisense\Dev2.Intellisense.csproj]
C:\Program Files\dotnet\sdk\10.0.201\Microsoft.Common.CurrentVersion.targets(2451,5): warning MSB3277:           Project file item includes which caused reference "C:\Users\ultra\.nuget\packages\ironpython\3.4.0\lib\net6.0\IronPython.Wpf.dll". [C:\Users\ultra\warewolf\Dev\Dev2.Intellisense\Dev2.Intellisense.csproj]
C:\Program Files\dotnet\sdk\10.0.201\Microsoft.Common.CurrentVersion.targets(2451,5): warning MSB3277:             C:\Users\ultra\.nuget\packages\ironpython\3.4.0\lib\net6.0\IronPython.Wpf.dll [C:\Users\ultra\warewolf\Dev\Dev2.Intellisense\Dev2.Intellisense.csproj]
C:\Program Files\dotnet\sdk\10.0.201\Microsoft.Common.CurrentVersion.targets(2451,5): warning MSB3277:         C:\Users\ultra\.nuget\packages\microsoft.xaml.behaviors.wpf\1.1.122\lib\net462\Microsoft.Xaml.Behaviors.dll [C:\Users\ultra\warewolf\Dev\Dev2.Intellisense\Dev2.Intellisense.csproj]
C:\Program Files\dotnet\sdk\10.0.201\Microsoft.Common.CurrentVersion.targets(2451,5): warning MSB3277:           Project file item includes which caused reference "C:\Users\ultra\.nuget\packages\microsoft.xaml.behaviors.wpf\1.1.122\lib\net462\Microsoft.Xaml.Behaviors.dll". [C:\Users\ultra\warewolf\Dev\Dev2.Intellisense\Dev2.Intellisense.csproj]
C:\Program Files\dotnet\sdk\10.0.201\Microsoft.Common.CurrentVersion.targets(2451,5): warning MSB3277:             C:\Users\ultra\.nuget\packages\microsoft.xaml.behaviors.wpf\1.1.122\lib\net462\Microsoft.Xaml.Behaviors.dll [C:\Users\ultra\warewolf\Dev\Dev2.Intellisense\Dev2.Intellisense.csproj]
C:\Program Files\dotnet\sdk\10.0.201\Microsoft.Common.CurrentVersion.targets(2451,5): warning MSB3277:             C:\Users\ultra\.nuget\packages\caliburn.micro\4.0.212\lib\netcoreapp3.1\Caliburn.Micro.Platform.dll [C:\Users\ultra\warewolf\Dev\Dev2.Intellisense\Dev2.Intellisense.csproj]
C:\Program Files\dotnet\sdk\10.0.201\Microsoft.Common.CurrentVersion.targets(2451,5): warning MSB3277:             C:\Users\ultra\.nuget\packages\prism.wpf\9.0.537\lib\net462\Prism.Wpf.dll [C:\Users\ultra\warewolf\Dev\Dev2.Intellisense\Dev2.Intellisense.csproj]
C:\Program Files\dotnet\sdk\10.0.201\Microsoft.Common.CurrentVersion.targets(2451,5): warning MSB3277:         C:\Users\ultra\.nuget\packages\prism.wpf\9.0.537\lib\net462\Prism.Wpf.dll [C:\Users\ultra\warewolf\Dev\Dev2.Intellisense\Dev2.Intellisense.csproj]
C:\Program Files\dotnet\sdk\10.0.201\Microsoft.Common.CurrentVersion.targets(2451,5): warning MSB3277:           Project file item includes which caused reference "C:\Users\ultra\.nuget\packages\prism.wpf\9.0.537\lib\net462\Prism.Wpf.dll". [C:\Users\ultra\warewolf\Dev\Dev2.Intellisense\Dev2.Intellisense.csproj]
C:\Program Files\dotnet\sdk\10.0.201\Microsoft.Common.CurrentVersion.targets(2451,5): warning MSB3277:             C:\Users\ultra\.nuget\packages\prism.wpf\9.0.537\lib\net462\Prism.Wpf.dll [C:\Users\ultra\warewolf\Dev\Dev2.Intellisense\Dev2.Intellisense.csproj]
C:\Program Files\dotnet\sdk\10.0.201\Microsoft.Common.CurrentVersion.targets(2451,5): warning MSB3277:         C:\Users\ultra\.nuget\packages\reactiveui.wpf\18.4.1\lib\net462\ReactiveUI.Wpf.dll [C:\Users\ultra\warewolf\Dev\Dev2.Intellisense\Dev2.Intellisense.csproj]
C:\Program Files\dotnet\sdk\10.0.201\Microsoft.Common.CurrentVersion.targets(2451,5): warning MSB3277:           Project file item includes which caused reference "C:\Users\ultra\.nuget\packages\reactiveui.wpf\18.4.1\lib\net462\ReactiveUI.Wpf.dll". [C:\Users\ultra\warewolf\Dev\Dev2.Intellisense\Dev2.Intellisense.csproj]
C:\Program Files\dotnet\sdk\10.0.201\Microsoft.Common.CurrentVersion.targets(2451,5): warning MSB3277:             C:\Users\ultra\.nuget\packages\reactiveui.wpf\18.4.1\lib\net462\ReactiveUI.Wpf.dll [C:\Users\ultra\warewolf\Dev\Dev2.Intellisense\Dev2.Intellisense.csproj]
C:\Program Files\dotnet\sdk\10.0.201\Microsoft.Common.CurrentVersion.targets(2451,5): warning MSB3277:         C:\Users\ultra\warewolf\Dev\Binaries\Infragistcs_Net6\InfragisticsWPF4.DataVisualization.v15.1.dll [C:\Users\ultra\warewolf\Dev\Dev2.Intellisense\Dev2.Intellisense.csproj]
C:\Program Files\dotnet\sdk\10.0.201\Microsoft.Common.CurrentVersion.targets(2451,5): warning MSB3277:           Project file item includes which caused reference "C:\Users\ultra\warewolf\Dev\Binaries\Infragistcs_Net6\InfragisticsWPF4.DataVisualization.v15.1.dll". [C:\Users\ultra\warewolf\Dev\Dev2.Intellisense\Dev2.Intellisense.csproj]
C:\Program Files\dotnet\sdk\10.0.201\Microsoft.Common.CurrentVersion.targets(2451,5): warning MSB3277:             InfragisticsWPF4.Math.Calculators.v15.1, Version=15.1.20151.2055, Culture=neutral, PublicKeyToken=7dd5c3163f2cd0cb, processorArchitecture=MSIL [C:\Users\ultra\warewolf\Dev\Dev2.Intellisense\Dev2.Intellisense.csproj]
  Warewolf.Common.Framework48 -> C:\Users\ultra\warewolf\Dev\Warewolf.Common.Framework48\bin\Debug\net8.0\Warewolf.Common.Framework48.dll
C:\Program Files\dotnet\sdk\10.0.201\Microsoft.Common.CurrentVersion.targets(2451,5): warning MSB3245: Could not resolve this reference. Could not locate the assembly "System.Web". Check to make sure the assembly exists on disk. If this reference is required by your code, you may get compilation errors. [C:\Users\ultra\warewolf\Dev\Dev2.Runtime.WebServer\Dev2.Runtime.WebServer.csproj]
  Dev2.Intellisense -> C:\Users\ultra\warewolf\Dev\Dev2.Intellisense\bin\Debug\net8.0\Dev2.Intellisense.dll
C:\Program Files\dotnet\sdk\10.0.201\Microsoft.Common.CurrentVersion.targets(2451,5): warning MSB3243: No way to resolve conflict between "System.Web, Version=4.0.0.0, Culture=neutral, PublicKeyToken=b03f5f7f11d50a3a" and "System.Web". Choosing "System.Web, Version=4.0.0.0, Culture=neutral, PublicKeyToken=b03f5f7f11d50a3a" arbitrarily. [C:\Users\ultra\warewolf\Dev\Dev2.Runtime.WebServer\Dev2.Runtime.WebServer.csproj]
C:\Program Files\dotnet\sdk\10.0.201\Microsoft.Common.CurrentVersion.targets(2451,5): warning MSB3277: Found conflicts between different versions of "WindowsBase" that could not be resolved. [C:\Users\ultra\warewolf\Dev\Dev2.Runtime.WebServer\Dev2.Runtime.WebServer.csproj]
C:\Program Files\dotnet\sdk\10.0.201\Microsoft.Common.CurrentVersion.targets(2451,5): warning MSB3277: There was a conflict between "WindowsBase, Version=4.0.0.0, Culture=neutral, PublicKeyToken=31bf3856ad364e35" and "WindowsBase, Version=6.0.2.0, Culture=neutral, PublicKeyToken=31bf3856ad364e35". [C:\Users\ultra\warewolf\Dev\Dev2.Runtime.WebServer\Dev2.Runtime.WebServer.csproj]
C:\Program Files\dotnet\sdk\10.0.201\Microsoft.Common.CurrentVersion.targets(2451,5): warning MSB3277:     "WindowsBase, Version=4.0.0.0, Culture=neutral, PublicKeyToken=31bf3856ad364e35" was chosen because it was primary and "WindowsBase, Version=6.0.2.0, Culture=neutral, PublicKeyToken=31bf3856ad364e35" was not. [C:\Users\ultra\warewolf\Dev\Dev2.Runtime.WebServer\Dev2.Runtime.WebServer.csproj]
C:\Program Files\dotnet\sdk\10.0.201\Microsoft.Common.CurrentVersion.targets(2451,5): warning MSB3277:     References which depend on "WindowsBase, Version=4.0.0.0, Culture=neutral, PublicKeyToken=31bf3856ad364e35" [C:\Program Files\dotnet\packs\Microsoft.NETCore.App.Ref\8.0.25\ref\net8.0\WindowsBase.dll]. [C:\Users\ultra\warewolf\Dev\Dev2.Runtime.WebServer\Dev2.Runtime.WebServer.csproj]
C:\Program Files\dotnet\sdk\10.0.201\Microsoft.Common.CurrentVersion.targets(2451,5): warning MSB3277:         C:\Program Files\dotnet\packs\Microsoft.NETCore.App.Ref\8.0.25\ref\net8.0\WindowsBase.dll [C:\Users\ultra\warewolf\Dev\Dev2.Runtime.WebServer\Dev2.Runtime.WebServer.csproj]
C:\Program Files\dotnet\sdk\10.0.201\Microsoft.Common.CurrentVersion.targets(2451,5): warning MSB3277:           Project file item includes which caused reference "C:\Program Files\dotnet\packs\Microsoft.NETCore.App.Ref\8.0.25\ref\net8.0\WindowsBase.dll". [C:\Users\ultra\warewolf\Dev\Dev2.Runtime.WebServer\Dev2.Runtime.WebServer.csproj]
C:\Program Files\dotnet\sdk\10.0.201\Microsoft.Common.CurrentVersion.targets(2451,5): warning MSB3277:             C:\Program Files\dotnet\packs\Microsoft.NETCore.App.Ref\8.0.25\ref/net8.0/WindowsBase.dll [C:\Users\ultra\warewolf\Dev\Dev2.Runtime.WebServer\Dev2.Runtime.WebServer.csproj]
C:\Program Files\dotnet\sdk\10.0.201\Microsoft.Common.CurrentVersion.targets(2451,5): warning MSB3277:     References which depend on or have been unified to "WindowsBase, Version=6.0.2.0, Culture=neutral, PublicKeyToken=31bf3856ad364e35" []. [C:\Users\ultra\warewolf\Dev\Dev2.Runtime.WebServer\Dev2.Runtime.WebServer.csproj]
C:\Program Files\dotnet\sdk\10.0.201\Microsoft.Common.CurrentVersion.targets(2451,5): warning MSB3277:         C:\Users\ultra\.nuget\packages\caliburn.micro\4.0.212\lib\netcoreapp3.1\Caliburn.Micro.Platform.dll [C:\Users\ultra\warewolf\Dev\Dev2.Runtime.WebServer\Dev2.Runtime.WebServer.csproj]
C:\Program Files\dotnet\sdk\10.0.201\Microsoft.Common.CurrentVersion.targets(2451,5): warning MSB3277:           Project file item includes which caused reference "C:\Users\ultra\.nuget\packages\caliburn.micro\4.0.212\lib\netcoreapp3.1\Caliburn.Micro.Platform.dll". [C:\Users\ultra\warewolf\Dev\Dev2.Runtime.WebServer\Dev2.Runtime.WebServer.csproj]
C:\Program Files\dotnet\sdk\10.0.201\Microsoft.Common.CurrentVersion.targets(2451,5): warning MSB3277:             C:\Users\ultra\.nuget\packages\caliburn.micro\4.0.212\lib\netcoreapp3.1\Caliburn.Micro.Platform.dll [C:\Users\ultra\warewolf\Dev\Dev2.Runtime.WebServer\Dev2.Runtime.WebServer.csproj]
C:\Program Files\dotnet\sdk\10.0.201\Microsoft.Common.CurrentVersion.targets(2451,5): warning MSB3277:         C:\Users\ultra\.nuget\packages\ironpython\3.4.0\lib\net6.0\IronPython.Wpf.dll [C:\Users\ultra\warewolf\Dev\Dev2.Runtime.WebServer\Dev2.Runtime.WebServer.csproj]
C:\Program Files\dotnet\sdk\10.0.201\Microsoft.Common.CurrentVersion.targets(2451,5): warning MSB3277:           Project file item includes which caused reference "C:\Users\ultra\.nuget\packages\ironpython\3.4.0\lib\net6.0\IronPython.Wpf.dll". [C:\Users\ultra\warewolf\Dev\Dev2.Runtime.WebServer\Dev2.Runtime.WebServer.csproj]
C:\Program Files\dotnet\sdk\10.0.201\Microsoft.Common.CurrentVersion.targets(2451,5): warning MSB3277:             C:\Users\ultra\.nuget\packages\ironpython\3.4.0\lib\net6.0\IronPython.Wpf.dll [C:\Users\ultra\warewolf\Dev\Dev2.Runtime.WebServer\Dev2.Runtime.WebServer.csproj]
C:\Program Files\dotnet\sdk\10.0.201\Microsoft.Common.CurrentVersion.targets(2451,5): warning MSB3277:         C:\Users\ultra\.nuget\packages\microsoft.xaml.behaviors.wpf\1.1.122\lib\net462\Microsoft.Xaml.Behaviors.dll [C:\Users\ultra\warewolf\Dev\Dev2.Runtime.WebServer\Dev2.Runtime.WebServer.csproj]
C:\Program Files\dotnet\sdk\10.0.201\Microsoft.Common.CurrentVersion.targets(2451,5): warning MSB3277:           Project file item includes which caused reference "C:\Users\ultra\.nuget\packages\microsoft.xaml.behaviors.wpf\1.1.122\lib\net462\Microsoft.Xaml.Behaviors.dll". [C:\Users\ultra\warewolf\Dev\Dev2.Runtime.WebServer\Dev2.Runtime.WebServer.csproj]
C:\Program Files\dotnet\sdk\10.0.201\Microsoft.Common.CurrentVersion.targets(2451,5): warning MSB3277:             C:\Users\ultra\.nuget\packages\microsoft.xaml.behaviors.wpf\1.1.122\lib\net462\Microsoft.Xaml.Behaviors.dll [C:\Users\ultra\warewolf\Dev\Dev2.Runtime.WebServer\Dev2.Runtime.WebServer.csproj]
C:\Program Files\dotnet\sdk\10.0.201\Microsoft.Common.CurrentVersion.targets(2451,5): warning MSB3277:             C:\Users\ultra\.nuget\packages\caliburn.micro\4.0.212\lib\netcoreapp3.1\Caliburn.Micro.Platform.dll [C:\Users\ultra\warewolf\Dev\Dev2.Runtime.WebServer\Dev2.Runtime.WebServer.csproj]
C:\Program Files\dotnet\sdk\10.0.201\Microsoft.Common.CurrentVersion.targets(2451,5): warning MSB3277:             C:\Users\ultra\.nuget\packages\prism.wpf\9.0.537\lib\net462\Prism.Wpf.dll [C:\Users\ultra\warewolf\Dev\Dev2.Runtime.WebServer\Dev2.Runtime.WebServer.csproj]
C:\Program Files\dotnet\sdk\10.0.201\Microsoft.Common.CurrentVersion.targets(2451,5): warning MSB3277:         C:\Users\ultra\.nuget\packages\prism.wpf\9.0.537\lib\net462\Prism.Wpf.dll [C:\Users\ultra\warewolf\Dev\Dev2.Runtime.WebServer\Dev2.Runtime.WebServer.csproj]
C:\Program Files\dotnet\sdk\10.0.201\Microsoft.Common.CurrentVersion.targets(2451,5): warning MSB3277:           Project file item includes which caused reference "C:\Users\ultra\.nuget\packages\prism.wpf\9.0.537\lib\net462\Prism.Wpf.dll". [C:\Users\ultra\warewolf\Dev\Dev2.Runtime.WebServer\Dev2.Runtime.WebServer.csproj]
C:\Program Files\dotnet\sdk\10.0.201\Microsoft.Common.CurrentVersion.targets(2451,5): warning MSB3277:             C:\Users\ultra\.nuget\packages\prism.wpf\9.0.537\lib\net462\Prism.Wpf.dll [C:\Users\ultra\warewolf\Dev\Dev2.Runtime.WebServer\Dev2.Runtime.WebServer.csproj]
C:\Program Files\dotnet\sdk\10.0.201\Microsoft.Common.CurrentVersion.targets(2451,5): warning MSB3277:         C:\Users\ultra\.nuget\packages\reactiveui.wpf\18.4.1\lib\net462\ReactiveUI.Wpf.dll [C:\Users\ultra\warewolf\Dev\Dev2.Runtime.WebServer\Dev2.Runtime.WebServer.csproj]
C:\Program Files\dotnet\sdk\10.0.201\Microsoft.Common.CurrentVersion.targets(2451,5): warning MSB3277:           Project file item includes which caused reference "C:\Users\ultra\.nuget\packages\reactiveui.wpf\18.4.1\lib\net462\ReactiveUI.Wpf.dll". [C:\Users\ultra\warewolf\Dev\Dev2.Runtime.WebServer\Dev2.Runtime.WebServer.csproj]
C:\Program Files\dotnet\sdk\10.0.201\Microsoft.Common.CurrentVersion.targets(2451,5): warning MSB3277:             C:\Users\ultra\.nuget\packages\reactiveui.wpf\18.4.1\lib\net462\ReactiveUI.Wpf.dll [C:\Users\ultra\warewolf\Dev\Dev2.Runtime.WebServer\Dev2.Runtime.WebServer.csproj]
C:\Program Files\dotnet\sdk\10.0.201\Microsoft.Common.CurrentVersion.targets(2451,5): warning MSB3277: Found conflicts between different versions of "WindowsBase" that could not be resolved. [C:\Users\ultra\warewolf\Dev\Warewolf.UI\Warewolf.UI.csproj]
C:\Program Files\dotnet\sdk\10.0.201\Microsoft.Common.CurrentVersion.targets(2451,5): warning MSB3277: There was a conflict between "WindowsBase, Version=4.0.0.0, Culture=neutral, PublicKeyToken=31bf3856ad364e35" and "WindowsBase, Version=6.0.2.0, Culture=neutral, PublicKeyToken=31bf3856ad364e35". [C:\Users\ultra\warewolf\Dev\Warewolf.UI\Warewolf.UI.csproj]
C:\Program Files\dotnet\sdk\10.0.201\Microsoft.Common.CurrentVersion.targets(2451,5): warning MSB3277:     "WindowsBase, Version=4.0.0.0, Culture=neutral, PublicKeyToken=31bf3856ad364e35" was chosen because it was primary and "WindowsBase, Version=6.0.2.0, Culture=neutral, PublicKeyToken=31bf3856ad364e35" was not. [C:\Users\ultra\warewolf\Dev\Warewolf.UI\Warewolf.UI.csproj]
C:\Program Files\dotnet\sdk\10.0.201\Microsoft.Common.CurrentVersion.targets(2451,5): warning MSB3277:     References which depend on "WindowsBase, Version=4.0.0.0, Culture=neutral, PublicKeyToken=31bf3856ad364e35" [C:\Program Files\dotnet\packs\Microsoft.NETCore.App.Ref\8.0.25\ref\net8.0\WindowsBase.dll]. [C:\Users\ultra\warewolf\Dev\Warewolf.UI\Warewolf.UI.csproj]
C:\Program Files\dotnet\sdk\10.0.201\Microsoft.Common.CurrentVersion.targets(2451,5): warning MSB3277:         C:\Program Files\dotnet\packs\Microsoft.NETCore.App.Ref\8.0.25\ref\net8.0\WindowsBase.dll [C:\Users\ultra\warewolf\Dev\Warewolf.UI\Warewolf.UI.csproj]
C:\Program Files\dotnet\sdk\10.0.201\Microsoft.Common.CurrentVersion.targets(2451,5): warning MSB3277:           Project file item includes which caused reference "C:\Program Files\dotnet\packs\Microsoft.NETCore.App.Ref\8.0.25\ref\net8.0\WindowsBase.dll". [C:\Users\ultra\warewolf\Dev\Warewolf.UI\Warewolf.UI.csproj]
C:\Program Files\dotnet\sdk\10.0.201\Microsoft.Common.CurrentVersion.targets(2451,5): warning MSB3277:             C:\Program Files\dotnet\packs\Microsoft.NETCore.App.Ref\8.0.25\ref/net8.0/WindowsBase.dll [C:\Users\ultra\warewolf\Dev\Warewolf.UI\Warewolf.UI.csproj]
C:\Program Files\dotnet\sdk\10.0.201\Microsoft.Common.CurrentVersion.targets(2451,5): warning MSB3277:     References which depend on or have been unified to "WindowsBase, Version=6.0.2.0, Culture=neutral, PublicKeyToken=31bf3856ad364e35" []. [C:\Users\ultra\warewolf\Dev\Warewolf.UI\Warewolf.UI.csproj]
C:\Program Files\dotnet\sdk\10.0.201\Microsoft.Common.CurrentVersion.targets(2451,5): warning MSB3277:         C:\Users\ultra\.nuget\packages\caliburn.micro\4.0.212\lib\netcoreapp3.1\Caliburn.Micro.Platform.dll [C:\Users\ultra\warewolf\Dev\Warewolf.UI\Warewolf.UI.csproj]
C:\Program Files\dotnet\sdk\10.0.201\Microsoft.Common.CurrentVersion.targets(2451,5): warning MSB3277:           Project file item includes which caused reference "C:\Users\ultra\.nuget\packages\caliburn.micro\4.0.212\lib\netcoreapp3.1\Caliburn.Micro.Platform.dll". [C:\Users\ultra\warewolf\Dev\Warewolf.UI\Warewolf.UI.csproj]
C:\Program Files\dotnet\sdk\10.0.201\Microsoft.Common.CurrentVersion.targets(2451,5): warning MSB3277:             C:\Users\ultra\.nuget\packages\caliburn.micro\4.0.212\lib\netcoreapp3.1\Caliburn.Micro.Platform.dll [C:\Users\ultra\warewolf\Dev\Warewolf.UI\Warewolf.UI.csproj]
C:\Program Files\dotnet\sdk\10.0.201\Microsoft.Common.CurrentVersion.targets(2451,5): warning MSB3277:         C:\Users\ultra\.nuget\packages\ironpython\3.4.0\lib\net6.0\IronPython.Wpf.dll [C:\Users\ultra\warewolf\Dev\Warewolf.UI\Warewolf.UI.csproj]
C:\Program Files\dotnet\sdk\10.0.201\Microsoft.Common.CurrentVersion.targets(2451,5): warning MSB3277:           Project file item includes which caused reference "C:\Users\ultra\.nuget\packages\ironpython\3.4.0\lib\net6.0\IronPython.Wpf.dll". [C:\Users\ultra\warewolf\Dev\Warewolf.UI\Warewolf.UI.csproj]
C:\Program Files\dotnet\sdk\10.0.201\Microsoft.Common.CurrentVersion.targets(2451,5): warning MSB3277:             C:\Users\ultra\.nuget\packages\ironpython\3.4.0\lib\net6.0\IronPython.Wpf.dll [C:\Users\ultra\warewolf\Dev\Warewolf.UI\Warewolf.UI.csproj]
C:\Program Files\dotnet\sdk\10.0.201\Microsoft.Common.CurrentVersion.targets(2451,5): warning MSB3277:         C:\Users\ultra\.nuget\packages\microsoft.xaml.behaviors.wpf\1.1.122\lib\net462\Microsoft.Xaml.Behaviors.dll [C:\Users\ultra\warewolf\Dev\Warewolf.UI\Warewolf.UI.csproj]
C:\Program Files\dotnet\sdk\10.0.201\Microsoft.Common.CurrentVersion.targets(2451,5): warning MSB3277:           Project file item includes which caused reference "C:\Users\ultra\.nuget\packages\microsoft.xaml.behaviors.wpf\1.1.122\lib\net462\Microsoft.Xaml.Behaviors.dll". [C:\Users\ultra\warewolf\Dev\Warewolf.UI\Warewolf.UI.csproj]
C:\Program Files\dotnet\sdk\10.0.201\Microsoft.Common.CurrentVersion.targets(2451,5): warning MSB3277:             C:\Users\ultra\.nuget\packages\microsoft.xaml.behaviors.wpf\1.1.122\lib\net462\Microsoft.Xaml.Behaviors.dll [C:\Users\ultra\warewolf\Dev\Warewolf.UI\Warewolf.UI.csproj]
C:\Program Files\dotnet\sdk\10.0.201\Microsoft.Common.CurrentVersion.targets(2451,5): warning MSB3277:             C:\Users\ultra\.nuget\packages\caliburn.micro\4.0.212\lib\netcoreapp3.1\Caliburn.Micro.Platform.dll [C:\Users\ultra\warewolf\Dev\Warewolf.UI\Warewolf.UI.csproj]
C:\Program Files\dotnet\sdk\10.0.201\Microsoft.Common.CurrentVersion.targets(2451,5): warning MSB3277:             C:\Users\ultra\.nuget\packages\prism.wpf\9.0.537\lib\net462\Prism.Wpf.dll [C:\Users\ultra\warewolf\Dev\Warewolf.UI\Warewolf.UI.csproj]
C:\Program Files\dotnet\sdk\10.0.201\Microsoft.Common.CurrentVersion.targets(2451,5): warning MSB3277:         C:\Users\ultra\.nuget\packages\prism.wpf\9.0.537\lib\net462\Prism.Wpf.dll [C:\Users\ultra\warewolf\Dev\Warewolf.UI\Warewolf.UI.csproj]
C:\Program Files\dotnet\sdk\10.0.201\Microsoft.Common.CurrentVersion.targets(2451,5): warning MSB3277:           Project file item includes which caused reference "C:\Users\ultra\.nuget\packages\prism.wpf\9.0.537\lib\net462\Prism.Wpf.dll". [C:\Users\ultra\warewolf\Dev\Warewolf.UI\Warewolf.UI.csproj]
C:\Program Files\dotnet\sdk\10.0.201\Microsoft.Common.CurrentVersion.targets(2451,5): warning MSB3277:             C:\Users\ultra\.nuget\packages\prism.wpf\9.0.537\lib\net462\Prism.Wpf.dll [C:\Users\ultra\warewolf\Dev\Warewolf.UI\Warewolf.UI.csproj]
C:\Program Files\dotnet\sdk\10.0.201\Microsoft.Common.CurrentVersion.targets(2451,5): warning MSB3277:         C:\Users\ultra\.nuget\packages\reactiveui.wpf\18.4.1\lib\net462\ReactiveUI.Wpf.dll [C:\Users\ultra\warewolf\Dev\Warewolf.UI\Warewolf.UI.csproj]
C:\Program Files\dotnet\sdk\10.0.201\Microsoft.Common.CurrentVersion.targets(2451,5): warning MSB3277:           Project file item includes which caused reference "C:\Users\ultra\.nuget\packages\reactiveui.wpf\18.4.1\lib\net462\ReactiveUI.Wpf.dll". [C:\Users\ultra\warewolf\Dev\Warewolf.UI\Warewolf.UI.csproj]
C:\Program Files\dotnet\sdk\10.0.201\Microsoft.Common.CurrentVersion.targets(2451,5): warning MSB3277:             C:\Users\ultra\.nuget\packages\reactiveui.wpf\18.4.1\lib\net462\ReactiveUI.Wpf.dll [C:\Users\ultra\warewolf\Dev\Warewolf.UI\Warewolf.UI.csproj]
  Warewolf.Logger -> C:\Users\ultra\warewolf\Dev\Warewolf.Logger\bin\Debug\net8.0\linux-x64\WarewolfLogger.dll
  Warewolf.UI -> C:\Users\ultra\warewolf\Dev\Warewolf.UI\bin\Debug\net8.0\Warewolf.UI.dll
C:\Users\ultra\warewolf\Dev\Dev2.Runtime.WebServer\AnonymousAuthenticationHandler.cs(15,9): warning CS0618: 'ISystemClock' is obsolete: 'Use TimeProvider instead.' [C:\Users\ultra\warewolf\Dev\Dev2.Runtime.WebServer\Dev2.Runtime.WebServer.csproj]
C:\Users\ultra\warewolf\Dev\Dev2.Runtime.WebServer\BasicAuthenticationHandler.cs(20,13): warning CS0618: 'ISystemClock' is obsolete: 'Use TimeProvider instead.' [C:\Users\ultra\warewolf\Dev\Dev2.Runtime.WebServer\Dev2.Runtime.WebServer.csproj]
C:\Users\ultra\warewolf\Dev\Dev2.Runtime.WebServer\BasicAuthenticationHandler.cs(21,13): warning CS0618: 'AuthenticationHandler<AuthenticationSchemeOptions>.AuthenticationHandler(IOptionsMonitor<AuthenticationSchemeOptions>, ILoggerFactory, UrlEncoder, ISystemClock)' is obsolete: 'ISystemClock is obsolete, use TimeProvider on AuthenticationSchemeOptions instead.' [C:\Users\ultra\warewolf\Dev\Dev2.Runtime.WebServer\Dev2.Runtime.WebServer.csproj]
C:\Users\ultra\warewolf\Dev\Dev2.Runtime.WebServer\AnonymousAuthenticationHandler.cs(16,9): warning CS0618: 'AuthenticationHandler<AuthenticationSchemeOptions>.AuthenticationHandler(IOptionsMonitor<AuthenticationSchemeOptions>, ILoggerFactory, UrlEncoder, ISystemClock)' is obsolete: 'ISystemClock is obsolete, use TimeProvider on AuthenticationSchemeOptions instead.' [C:\Users\ultra\warewolf\Dev\Dev2.Runtime.WebServer\Dev2.Runtime.WebServer.csproj]
C:\Users\ultra\warewolf\Dev\Dev2.Runtime.WebServer\Executor\ExecutionDtoExtensions.cs(119,13): warning CC0105: Use 'var' instead of specifying the type name. (https://code-cracker.github.io/diagnostics/CC0105.html) [C:\Users\ultra\warewolf\Dev\Dev2.Runtime.WebServer\Dev2.Runtime.WebServer.csproj]
C:\Users\ultra\warewolf\Dev\Dev2.Runtime.WebServer\BasicAuthenticationHandler.cs(70,13): warning CC0003: Consider adding an Exception to the catch. (https://code-cracker.github.io/diagnostics/CC0003.html) [C:\Users\ultra\warewolf\Dev\Dev2.Runtime.WebServer\Dev2.Runtime.WebServer.csproj]
C:\Users\ultra\warewolf\Dev\Dev2.Runtime.WebServer\ServiceTesting\ServiceTestCoverageModelHTMLResultBuilder.cs(138,13): warning CC0105: Use 'var' instead of specifying the type name. (https://code-cracker.github.io/diagnostics/CC0105.html) [C:\Users\ultra\warewolf\Dev\Dev2.Runtime.WebServer\Dev2.Runtime.WebServer.csproj]
C:\Users\ultra\warewolf\Dev\Dev2.Runtime.WebServer\ServiceTesting\ServiceTestCoverageModelHTMLResultBuilder.cs(139,13): warning CC0105: Use 'var' instead of specifying the type name. (https://code-cracker.github.io/diagnostics/CC0105.html) [C:\Users\ultra\warewolf\Dev\Dev2.Runtime.WebServer\Dev2.Runtime.WebServer.csproj]
C:\Users\ultra\warewolf\Dev\Dev2.Runtime.WebServer\Handlers\GetLogFileServiceHandler.cs(129,21): warning CC0105: Use 'var' instead of specifying the type name. (https://code-cracker.github.io/diagnostics/CC0105.html) [C:\Users\ultra\warewolf\Dev\Dev2.Runtime.WebServer\Dev2.Runtime.WebServer.csproj]
C:\Users\ultra\warewolf\Dev\Dev2.Runtime.WebServer\ServiceTesting\ServiceTestModelJObjectResultBuilder.cs(101,13): warning CC0105: Use 'var' instead of specifying the type name. (https://code-cracker.github.io/diagnostics/CC0105.html) [C:\Users\ultra\warewolf\Dev\Dev2.Runtime.WebServer\Dev2.Runtime.WebServer.csproj]
  Dev2.Runtime.WebServer -> C:\Users\ultra\warewolf\Dev\Dev2.Runtime.WebServer\bin\Debug\net8.0\Dev2.Runtime.WebServer.dll
  Warewolf.Trigger.Queue -> C:\Users\ultra\warewolf\Dev\Warewolf.Trigger.Queue\bin\Debug\net8.0\Warewolf.Trigger.Queue.dll
  Warewolf.QueueWorker -> C:\Users\ultra\warewolf\Dev\Warewolf.QueueWorker\bin\Debug\net8.0\linux-x64\QueueWorker.dll
C:\Program Files\dotnet\sdk\10.0.201\Microsoft.Common.CurrentVersion.targets(2451,5): warning MSB3277: Found conflicts between different versions of "WindowsBase" that could not be resolved. [C:\Users\ultra\warewolf\Dev\Dev2.Server\Dev2.Server.csproj]
C:\Program Files\dotnet\sdk\10.0.201\Microsoft.Common.CurrentVersion.targets(2451,5): warning MSB3277: There was a conflict between "WindowsBase, Version=4.0.0.0, Culture=neutral, PublicKeyToken=31bf3856ad364e35" and "WindowsBase, Version=6.0.2.0, Culture=neutral, PublicKeyToken=31bf3856ad364e35". [C:\Users\ultra\warewolf\Dev\Dev2.Server\Dev2.Server.csproj]
C:\Program Files\dotnet\sdk\10.0.201\Microsoft.Common.CurrentVersion.targets(2451,5): warning MSB3277:     "WindowsBase, Version=4.0.0.0, Culture=neutral, PublicKeyToken=31bf3856ad364e35" was chosen because it was primary and "WindowsBase, Version=6.0.2.0, Culture=neutral, PublicKeyToken=31bf3856ad364e35" was not. [C:\Users\ultra\warewolf\Dev\Dev2.Server\Dev2.Server.csproj]
C:\Program Files\dotnet\sdk\10.0.201\Microsoft.Common.CurrentVersion.targets(2451,5): warning MSB3277:     References which depend on "WindowsBase, Version=4.0.0.0, Culture=neutral, PublicKeyToken=31bf3856ad364e35" [C:\Program Files\dotnet\packs\Microsoft.NETCore.App.Ref\8.0.25\ref\net8.0\WindowsBase.dll]. [C:\Users\ultra\warewolf\Dev\Dev2.Server\Dev2.Server.csproj]
C:\Program Files\dotnet\sdk\10.0.201\Microsoft.Common.CurrentVersion.targets(2451,5): warning MSB3277:         C:\Program Files\dotnet\packs\Microsoft.NETCore.App.Ref\8.0.25\ref\net8.0\WindowsBase.dll [C:\Users\ultra\warewolf\Dev\Dev2.Server\Dev2.Server.csproj]
C:\Program Files\dotnet\sdk\10.0.201\Microsoft.Common.CurrentVersion.targets(2451,5): warning MSB3277:           Project file item includes which caused reference "C:\Program Files\dotnet\packs\Microsoft.NETCore.App.Ref\8.0.25\ref\net8.0\WindowsBase.dll". [C:\Users\ultra\warewolf\Dev\Dev2.Server\Dev2.Server.csproj]
C:\Program Files\dotnet\sdk\10.0.201\Microsoft.Common.CurrentVersion.targets(2451,5): warning MSB3277:             C:\Program Files\dotnet\packs\Microsoft.NETCore.App.Ref\8.0.25\ref/net8.0/WindowsBase.dll [C:\Users\ultra\warewolf\Dev\Dev2.Server\Dev2.Server.csproj]
C:\Program Files\dotnet\sdk\10.0.201\Microsoft.Common.CurrentVersion.targets(2451,5): warning MSB3277:     References which depend on or have been unified to "WindowsBase, Version=6.0.2.0, Culture=neutral, PublicKeyToken=31bf3856ad364e35" []. [C:\Users\ultra\warewolf\Dev\Dev2.Server\Dev2.Server.csproj]
C:\Program Files\dotnet\sdk\10.0.201\Microsoft.Common.CurrentVersion.targets(2451,5): warning MSB3277:         C:\Users\ultra\.nuget\packages\caliburn.micro\4.0.212\lib\netcoreapp3.1\Caliburn.Micro.Platform.dll [C:\Users\ultra\warewolf\Dev\Dev2.Server\Dev2.Server.csproj]
C:\Program Files\dotnet\sdk\10.0.201\Microsoft.Common.CurrentVersion.targets(2451,5): warning MSB3277:           Project file item includes which caused reference "C:\Users\ultra\.nuget\packages\caliburn.micro\4.0.212\lib\netcoreapp3.1\Caliburn.Micro.Platform.dll". [C:\Users\ultra\warewolf\Dev\Dev2.Server\Dev2.Server.csproj]
C:\Program Files\dotnet\sdk\10.0.201\Microsoft.Common.CurrentVersion.targets(2451,5): warning MSB3277:             C:\Users\ultra\.nuget\packages\caliburn.micro\4.0.212\lib\netcoreapp3.1\Caliburn.Micro.Platform.dll [C:\Users\ultra\warewolf\Dev\Dev2.Server\Dev2.Server.csproj]
C:\Program Files\dotnet\sdk\10.0.201\Microsoft.Common.CurrentVersion.targets(2451,5): warning MSB3277:         C:\Users\ultra\.nuget\packages\ironpython\3.4.0\lib\net6.0\IronPython.Wpf.dll [C:\Users\ultra\warewolf\Dev\Dev2.Server\Dev2.Server.csproj]
C:\Program Files\dotnet\sdk\10.0.201\Microsoft.Common.CurrentVersion.targets(2451,5): warning MSB3277:           Project file item includes which caused reference "C:\Users\ultra\.nuget\packages\ironpython\3.4.0\lib\net6.0\IronPython.Wpf.dll". [C:\Users\ultra\warewolf\Dev\Dev2.Server\Dev2.Server.csproj]
C:\Program Files\dotnet\sdk\10.0.201\Microsoft.Common.CurrentVersion.targets(2451,5): warning MSB3277:             C:\Users\ultra\.nuget\packages\ironpython\3.4.0\lib\net6.0\IronPython.Wpf.dll [C:\Users\ultra\warewolf\Dev\Dev2.Server\Dev2.Server.csproj]
C:\Program Files\dotnet\sdk\10.0.201\Microsoft.Common.CurrentVersion.targets(2451,5): warning MSB3277:         C:\Users\ultra\.nuget\packages\microsoft.xaml.behaviors.wpf\1.1.122\lib\net462\Microsoft.Xaml.Behaviors.dll [C:\Users\ultra\warewolf\Dev\Dev2.Server\Dev2.Server.csproj]
C:\Program Files\dotnet\sdk\10.0.201\Microsoft.Common.CurrentVersion.targets(2451,5): warning MSB3277:           Project file item includes which caused reference "C:\Users\ultra\.nuget\packages\microsoft.xaml.behaviors.wpf\1.1.122\lib\net462\Microsoft.Xaml.Behaviors.dll". [C:\Users\ultra\warewolf\Dev\Dev2.Server\Dev2.Server.csproj]
C:\Program Files\dotnet\sdk\10.0.201\Microsoft.Common.CurrentVersion.targets(2451,5): warning MSB3277:             C:\Users\ultra\.nuget\packages\microsoft.xaml.behaviors.wpf\1.1.122\lib\net462\Microsoft.Xaml.Behaviors.dll [C:\Users\ultra\warewolf\Dev\Dev2.Server\Dev2.Server.csproj]
C:\Program Files\dotnet\sdk\10.0.201\Microsoft.Common.CurrentVersion.targets(2451,5): warning MSB3277:             C:\Users\ultra\.nuget\packages\caliburn.micro\4.0.212\lib\netcoreapp3.1\Caliburn.Micro.Platform.dll [C:\Users\ultra\warewolf\Dev\Dev2.Server\Dev2.Server.csproj]
C:\Program Files\dotnet\sdk\10.0.201\Microsoft.Common.CurrentVersion.targets(2451,5): warning MSB3277:             C:\Users\ultra\.nuget\packages\prism.wpf\9.0.537\lib\net462\Prism.Wpf.dll [C:\Users\ultra\warewolf\Dev\Dev2.Server\Dev2.Server.csproj]
C:\Program Files\dotnet\sdk\10.0.201\Microsoft.Common.CurrentVersion.targets(2451,5): warning MSB3277:         C:\Users\ultra\.nuget\packages\prism.wpf\9.0.537\lib\net462\Prism.Wpf.dll [C:\Users\ultra\warewolf\Dev\Dev2.Server\Dev2.Server.csproj]
C:\Program Files\dotnet\sdk\10.0.201\Microsoft.Common.CurrentVersion.targets(2451,5): warning MSB3277:           Project file item includes which caused reference "C:\Users\ultra\.nuget\packages\prism.wpf\9.0.537\lib\net462\Prism.Wpf.dll". [C:\Users\ultra\warewolf\Dev\Dev2.Server\Dev2.Server.csproj]
C:\Program Files\dotnet\sdk\10.0.201\Microsoft.Common.CurrentVersion.targets(2451,5): warning MSB3277:             C:\Users\ultra\.nuget\packages\prism.wpf\9.0.537\lib\net462\Prism.Wpf.dll [C:\Users\ultra\warewolf\Dev\Dev2.Server\Dev2.Server.csproj]
C:\Program Files\dotnet\sdk\10.0.201\Microsoft.Common.CurrentVersion.targets(2451,5): warning MSB3277:         C:\Users\ultra\.nuget\packages\reactiveui.wpf\18.4.1\lib\net462\ReactiveUI.Wpf.dll [C:\Users\ultra\warewolf\Dev\Dev2.Server\Dev2.Server.csproj]
C:\Program Files\dotnet\sdk\10.0.201\Microsoft.Common.CurrentVersion.targets(2451,5): warning MSB3277:           Project file item includes which caused reference "C:\Users\ultra\.nuget\packages\reactiveui.wpf\18.4.1\lib\net462\ReactiveUI.Wpf.dll". [C:\Users\ultra\warewolf\Dev\Dev2.Server\Dev2.Server.csproj]
C:\Program Files\dotnet\sdk\10.0.201\Microsoft.Common.CurrentVersion.targets(2451,5): warning MSB3277:             C:\Users\ultra\.nuget\packages\reactiveui.wpf\18.4.1\lib\net462\ReactiveUI.Wpf.dll [C:\Users\ultra\warewolf\Dev\Dev2.Server\Dev2.Server.csproj]
C:\Program Files\dotnet\sdk\10.0.201\Microsoft.Common.CurrentVersion.targets(2451,5): warning MSB3277: Found conflicts between different versions of "System.Drawing.Common" that could not be resolved. [C:\Users\ultra\warewolf\Dev\Dev2.Server\Dev2.Server.csproj]
C:\Program Files\dotnet\sdk\10.0.201\Microsoft.Common.CurrentVersion.targets(2451,5): warning MSB3277: There was a conflict between "System.Drawing.Common, Version=6.0.0.0, Culture=neutral, PublicKeyToken=cc7b13ffcd2ddd51" and "System.Drawing.Common, Version=8.0.0.0, Culture=neutral, PublicKeyToken=cc7b13ffcd2ddd51". [C:\Users\ultra\warewolf\Dev\Dev2.Server\Dev2.Server.csproj]
C:\Program Files\dotnet\sdk\10.0.201\Microsoft.Common.CurrentVersion.targets(2451,5): warning MSB3277:     "System.Drawing.Common, Version=6.0.0.0, Culture=neutral, PublicKeyToken=cc7b13ffcd2ddd51" was chosen because it was primary and "System.Drawing.Common, Version=8.0.0.0, Culture=neutral, PublicKeyToken=cc7b13ffcd2ddd51" was not. [C:\Users\ultra\warewolf\Dev\Dev2.Server\Dev2.Server.csproj]
C:\Program Files\dotnet\sdk\10.0.201\Microsoft.Common.CurrentVersion.targets(2451,5): warning MSB3277:     References which depend on "System.Drawing.Common, Version=6.0.0.0, Culture=neutral, PublicKeyToken=cc7b13ffcd2ddd51" [C:\Users\ultra\.nuget\packages\system.drawing.common\6.0.0\lib\net6.0\System.Drawing.Common.dll]. [C:\Users\ultra\warewolf\Dev\Dev2.Server\Dev2.Server.csproj]
C:\Program Files\dotnet\sdk\10.0.201\Microsoft.Common.CurrentVersion.targets(2451,5): warning MSB3277:         C:\Users\ultra\.nuget\packages\system.drawing.common\6.0.0\lib\net6.0\System.Drawing.Common.dll [C:\Users\ultra\warewolf\Dev\Dev2.Server\Dev2.Server.csproj]
C:\Program Files\dotnet\sdk\10.0.201\Microsoft.Common.CurrentVersion.targets(2451,5): warning MSB3277:           Project file item includes which caused reference "C:\Users\ultra\.nuget\packages\system.drawing.common\6.0.0\lib\net6.0\System.Drawing.Common.dll". [C:\Users\ultra\warewolf\Dev\Dev2.Server\Dev2.Server.csproj]
C:\Program Files\dotnet\sdk\10.0.201\Microsoft.Common.CurrentVersion.targets(2451,5): warning MSB3277:             C:\Users\ultra\.nuget\packages\system.drawing.common\6.0.0\lib\net6.0\System.Drawing.Common.dll [C:\Users\ultra\warewolf\Dev\Dev2.Server\Dev2.Server.csproj]
C:\Program Files\dotnet\sdk\10.0.201\Microsoft.Common.CurrentVersion.targets(2451,5): warning MSB3277:     References which depend on or have been unified to "System.Drawing.Common, Version=8.0.0.0, Culture=neutral, PublicKeyToken=cc7b13ffcd2ddd51" []. [C:\Users\ultra\warewolf\Dev\Dev2.Server\Dev2.Server.csproj]
C:\Program Files\dotnet\sdk\10.0.201\Microsoft.Common.CurrentVersion.targets(2451,5): warning MSB3277:         C:\Users\ultra\.nuget\packages\servicestack\6.3.0\lib\net6.0\ServiceStack.dll [C:\Users\ultra\warewolf\Dev\Dev2.Server\Dev2.Server.csproj]
C:\Program Files\dotnet\sdk\10.0.201\Microsoft.Common.CurrentVersion.targets(2451,5): warning MSB3277:           Project file item includes which caused reference "C:\Users\ultra\.nuget\packages\servicestack\6.3.0\lib\net6.0\ServiceStack.dll". [C:\Users\ultra\warewolf\Dev\Dev2.Server\Dev2.Server.csproj]
C:\Program Files\dotnet\sdk\10.0.201\Microsoft.Common.CurrentVersion.targets(2451,5): warning MSB3277:             C:\Users\ultra\.nuget\packages\servicestack\6.3.0\lib\net6.0\ServiceStack.dll [C:\Users\ultra\warewolf\Dev\Dev2.Server\Dev2.Server.csproj]
C:\Program Files\dotnet\sdk\10.0.201\Microsoft.Common.CurrentVersion.targets(2451,5): warning MSB3277:         C:\Users\ultra\.nuget\packages\system.windows.extensions\8.0.0\lib\net8.0\System.Windows.Extensions.dll [C:\Users\ultra\warewolf\Dev\Dev2.Server\Dev2.Server.csproj]
C:\Program Files\dotnet\sdk\10.0.201\Microsoft.Common.CurrentVersion.targets(2451,5): warning MSB3277:           Project file item includes which caused reference "C:\Users\ultra\.nuget\packages\system.windows.extensions\8.0.0\lib\net8.0\System.Windows.Extensions.dll". [C:\Users\ultra\warewolf\Dev\Dev2.Server\Dev2.Server.csproj]
C:\Program Files\dotnet\sdk\10.0.201\Microsoft.Common.CurrentVersion.targets(2451,5): warning MSB3277:             C:\Users\ultra\.nuget\packages\system.windows.extensions\8.0.0\lib\net8.0\System.Windows.Extensions.dll [C:\Users\ultra\warewolf\Dev\Dev2.Server\Dev2.Server.csproj]
C:\Program Files\dotnet\sdk\10.0.201\Microsoft.Common.CurrentVersion.targets(2451,5): warning MSB3277:             C:\Users\ultra\.nuget\packages\system.security.permissions\8.0.0\lib\net8.0\System.Security.Permissions.dll [C:\Users\ultra\warewolf\Dev\Dev2.Server\Dev2.Server.csproj]
C:\Program Files\dotnet\sdk\10.0.201\Microsoft.Common.CurrentVersion.targets(2451,5): warning MSB3277:             C:\Users\ultra\warewolf\Dev\Dev2.Data\bin\Debug\net8.0\Dev2.Data.dll [C:\Users\ultra\warewolf\Dev\Dev2.Server\Dev2.Server.csproj]
C:\Program Files\dotnet\sdk\10.0.201\Microsoft.Common.CurrentVersion.targets(2451,5): warning MSB3277:             C:\Users\ultra\warewolf\Dev\Dev2.Activities\bin\Debug\net8.0\Dev2.Activities.dll [C:\Users\ultra\warewolf\Dev\Dev2.Server\Dev2.Server.csproj]
C:\Program Files\dotnet\sdk\10.0.201\Microsoft.Common.CurrentVersion.targets(2451,5): warning MSB3277:             C:\Users\ultra\warewolf\Dev\Dev2.Core\bin\Debug\net8.0\Dev2.Core.dll [C:\Users\ultra\warewolf\Dev\Dev2.Server\Dev2.Server.csproj]
C:\Program Files\dotnet\sdk\10.0.201\Microsoft.Common.CurrentVersion.targets(2451,5): warning MSB3277:             C:\Users\ultra\warewolf\Dev\Dev2.Runtime.Services\bin\Debug\net8.0\Dev2.Runtime.Services.dll [C:\Users\ultra\warewolf\Dev\Dev2.Server\Dev2.Server.csproj]
C:\Program Files\dotnet\sdk\10.0.201\Microsoft.Common.CurrentVersion.targets(2451,5): warning MSB3277:             C:\Users\ultra\warewolf\Dev\Dev2.Runtime.WebServer\bin\Debug\net8.0\Dev2.Runtime.WebServer.dll [C:\Users\ultra\warewolf\Dev\Dev2.Server\Dev2.Server.csproj]
C:\Program Files\dotnet\sdk\10.0.201\Microsoft.Common.CurrentVersion.targets(2451,5): warning MSB3277:             C:\Users\ultra\warewolf\Dev\Dev2.Runtime\bin\Debug\net8.0\Dev2.Runtime.dll [C:\Users\ultra\warewolf\Dev\Dev2.Server\Dev2.Server.csproj]
C:\Program Files\dotnet\sdk\10.0.201\Microsoft.Common.CurrentVersion.targets(2451,5): warning MSB3277:             C:\Users\ultra\warewolf\Dev\Dev2.Scheduler\bin\Debug\net8.0\Dev2.Scheduler.dll [C:\Users\ultra\warewolf\Dev\Dev2.Server\Dev2.Server.csproj]
C:\Program Files\dotnet\sdk\10.0.201\Microsoft.Common.CurrentVersion.targets(2451,5): warning MSB3277:             C:\Users\ultra\warewolf\Dev\Dev2.Services.Execution\bin\Debug\net8.0\Dev2.Services.Execution.dll [C:\Users\ultra\warewolf\Dev\Dev2.Server\Dev2.Server.csproj]
C:\Program Files\dotnet\sdk\10.0.201\Microsoft.Common.CurrentVersion.targets(2451,5): warning MSB3277:             C:\Users\ultra\warewolf\Dev\Warewolf.Auditing\bin\Debug\net8.0\Warewolf.Auditing.dll [C:\Users\ultra\warewolf\Dev\Dev2.Server\Dev2.Server.csproj]
C:\Program Files\dotnet\sdk\10.0.201\Microsoft.Common.CurrentVersion.targets(2451,5): warning MSB3277:             C:\Users\ultra\warewolf\Dev\Warewolf.HangfireServer\bin\Debug\net8.0\linux-x64\HangfireServer.dll [C:\Users\ultra\warewolf\Dev\Dev2.Server\Dev2.Server.csproj]
C:\Program Files\dotnet\sdk\10.0.201\Microsoft.Common.CurrentVersion.targets(2451,5): warning MSB3277:             C:\Users\ultra\warewolf\Dev\Warewolf.Logger\bin\Debug\net8.0\linux-x64\WarewolfLogger.dll [C:\Users\ultra\warewolf\Dev\Dev2.Server\Dev2.Server.csproj]
C:\Program Files\dotnet\sdk\10.0.201\Microsoft.Common.CurrentVersion.targets(2451,5): warning MSB3277:             C:\Users\ultra\warewolf\Dev\Warewolf.QueueWorker\bin\Debug\net8.0\linux-x64\QueueWorker.dll [C:\Users\ultra\warewolf\Dev\Dev2.Server\Dev2.Server.csproj]
C:\Program Files\dotnet\sdk\10.0.201\Microsoft.Common.CurrentVersion.targets(2451,5): warning MSB3277:             C:\Users\ultra\warewolf\Dev\Warewolf.Core\bin\Debug\net8.0\Warewolf.Core.dll [C:\Users\ultra\warewolf\Dev\Dev2.Server\Dev2.Server.csproj]
C:\Program Files\dotnet\sdk\10.0.201\Microsoft.Common.CurrentVersion.targets(2451,5): warning MSB3277:             C:\Users\ultra\warewolf\Dev\Warewolf.ResourceManagement\bin\Debug\net8.0\Warewolf.ResourceManagement.dll [C:\Users\ultra\warewolf\Dev\Dev2.Server\Dev2.Server.csproj]
C:\Program Files\dotnet\sdk\10.0.201\Microsoft.Common.CurrentVersion.targets(2451,5): warning MSB3277:             C:\Users\ultra\warewolf\Dev\Warewolf.Trigger.Queue\bin\Debug\net8.0\Warewolf.Trigger.Queue.dll [C:\Users\ultra\warewolf\Dev\Dev2.Server\Dev2.Server.csproj]
C:\Program Files\dotnet\sdk\10.0.201\Microsoft.Common.CurrentVersion.targets(2451,5): warning MSB3277:             C:\Users\ultra\warewolf\Dev\Dev2.Intellisense\bin\Debug\net8.0\Dev2.Intellisense.dll [C:\Users\ultra\warewolf\Dev\Dev2.Server\Dev2.Server.csproj]
C:\Program Files\dotnet\sdk\10.0.201\Microsoft.Common.CurrentVersion.targets(2451,5): warning MSB3277:             C:\Users\ultra\warewolf\Dev\Dev2.Studio.Core\bin\Debug\net8.0\Dev2.Studio.Core.dll [C:\Users\ultra\warewolf\Dev\Dev2.Server\Dev2.Server.csproj]
C:\Program Files\dotnet\sdk\10.0.201\Microsoft.Common.CurrentVersion.targets(2451,5): warning MSB3277:             C:\Users\ultra\warewolf\Dev\Dev2.Studio.Interfaces\bin\Debug\net8.0\Dev2.Studio.Interfaces.dll [C:\Users\ultra\warewolf\Dev\Dev2.Server\Dev2.Server.csproj]
C:\Program Files\dotnet\sdk\10.0.201\Microsoft.Common.CurrentVersion.targets(2451,5): warning MSB3277:             C:\Users\ultra\warewolf\Dev\Warewolf.Common.Framework48\bin\Debug\net8.0\Warewolf.Common.Framework48.dll [C:\Users\ultra\warewolf\Dev\Dev2.Server\Dev2.Server.csproj]
C:\Program Files\dotnet\sdk\10.0.201\Microsoft.Common.CurrentVersion.targets(2451,5): warning MSB3277:             C:\Users\ultra\warewolf\Dev\Warewolf.Common.NetStandard20\bin\Debug\net8.0\Warewolf.Common.NetStandard20.dll [C:\Users\ultra\warewolf\Dev\Dev2.Server\Dev2.Server.csproj]
C:\Program Files\dotnet\sdk\10.0.201\Microsoft.Common.CurrentVersion.targets(2451,5): warning MSB3277:             C:\Users\ultra\warewolf\Dev\Warewolf.Driver.Persistence\bin\Debug\net8.0\Warewolf.Driver.Persistence.dll [C:\Users\ultra\warewolf\Dev\Dev2.Server\Dev2.Server.csproj]
C:\Program Files\dotnet\sdk\10.0.201\Microsoft.Common.CurrentVersion.targets(2451,5): warning MSB3277:             C:\Users\ultra\warewolf\Dev\Warewolf.Exchange.Email.Wrapper\bin\Debug\net8.0\Warewolf.Exchange.Email.Wrapper.dll [C:\Users\ultra\warewolf\Dev\Dev2.Server\Dev2.Server.csproj]
C:\Program Files\dotnet\sdk\10.0.201\Microsoft.Common.CurrentVersion.targets(2451,5): warning MSB3277:             C:\Users\ultra\warewolf\Dev\Warewolf.Studio.Core\bin\Debug\net8.0\Warewolf.Studio.Core.dll [C:\Users\ultra\warewolf\Dev\Dev2.Server\Dev2.Server.csproj]
C:\Program Files\dotnet\sdk\10.0.201\Microsoft.Common.CurrentVersion.targets(2451,5): warning MSB3277:             C:\Users\ultra\warewolf\Dev\Warewolf.UI\bin\Debug\net8.0\Warewolf.UI.dll [C:\Users\ultra\warewolf\Dev\Dev2.Server\Dev2.Server.csproj]
C:\Program Files\dotnet\sdk\10.0.201\Microsoft.Common.CurrentVersion.targets(2451,5): warning MSB3277:             C:\Users\ultra\.nuget\packages\dotnetzip\1.16.0\lib\netstandard2.0\DotNetZip.dll [C:\Users\ultra\warewolf\Dev\Dev2.Server\Dev2.Server.csproj]
C:\Program Files\dotnet\sdk\10.0.201\Microsoft.Common.CurrentVersion.targets(2451,5): warning MSB3277:             C:\Users\ultra\warewolf\Dev\Dev2.Common\bin\Debug\net8.0\Dev2.Common.dll [C:\Users\ultra\warewolf\Dev\Dev2.Server\Dev2.Server.csproj]
C:\Program Files\dotnet\sdk\10.0.201\Microsoft.Common.CurrentVersion.targets(2451,5): warning MSB3277:             C:\Users\ultra\warewolf\Dev\Dev2.Development.Languages\bin\Debug\net8.0\Dev2.Development.Languages.dll [C:\Users\ultra\warewolf\Dev\Dev2.Server\Dev2.Server.csproj]
C:\Program Files\dotnet\sdk\10.0.201\Microsoft.Common.CurrentVersion.targets(2451,5): warning MSB3277:             C:\Users\ultra\warewolf\Dev\Dev2.Diagnostics\bin\Debug\net8.0\Dev2.Diagnostics.dll [C:\Users\ultra\warewolf\Dev\Dev2.Server\Dev2.Server.csproj]
C:\Program Files\dotnet\sdk\10.0.201\Microsoft.Common.CurrentVersion.targets(2451,5): warning MSB3277:             C:\Users\ultra\warewolf\Dev\Dev2.Infrastructure\bin\Debug\net8.0\Dev2.Infrastructure.dll [C:\Users\ultra\warewolf\Dev\Dev2.Server\Dev2.Server.csproj]
C:\Program Files\dotnet\sdk\10.0.201\Microsoft.Common.CurrentVersion.targets(2451,5): warning MSB3277:             C:\Users\ultra\warewolf\Dev\Dev2.Util\bin\Debug\net8.0\Dev2.Util.dll [C:\Users\ultra\warewolf\Dev\Dev2.Server\Dev2.Server.csproj]
C:\Program Files\dotnet\sdk\10.0.201\Microsoft.Common.CurrentVersion.targets(2451,5): warning MSB3277:             C:\Users\ultra\warewolf\Dev\Warewolf.PerfMon\bin\Debug\net8.0\linux-x64\Warewolf.PerfMon.dll [C:\Users\ultra\warewolf\Dev\Dev2.Server\Dev2.Server.csproj]
C:\Program Files\dotnet\sdk\10.0.201\Microsoft.Common.CurrentVersion.targets(2451,5): warning MSB3277:             C:\Users\ultra\warewolf\Dev\Warewolf.Sharepoint\bin\Debug\net8.0\Warewolf.Sharepoint.dll [C:\Users\ultra\warewolf\Dev\Dev2.Server\Dev2.Server.csproj]
C:\Program Files\dotnet\sdk\10.0.201\Microsoft.Common.CurrentVersion.targets(2451,5): warning MSB3277:             C:\Users\ultra\warewolf\Dev\Warewolf.Storage\bin\Debug\net8.0\Warewolf.Storage.dll [C:\Users\ultra\warewolf\Dev\Dev2.Server\Dev2.Server.csproj]
C:\Program Files\dotnet\sdk\10.0.201\Microsoft.Common.CurrentVersion.targets(2451,5): warning MSB3277:             C:\Users\ultra\warewolf\Dev\Dev2.Data.Interfaces\bin\Debug\net8.0\Dev2.Data.Interfaces.dll [C:\Users\ultra\warewolf\Dev\Dev2.Server\Dev2.Server.csproj]
C:\Program Files\dotnet\sdk\10.0.201\Microsoft.Common.CurrentVersion.targets(2451,5): warning MSB3277:             C:\Users\ultra\warewolf\Dev\Dev2.Services.Sql\bin\Debug\net8.0\Dev2.Services.Sql.dll [C:\Users\ultra\warewolf\Dev\Dev2.Server\Dev2.Server.csproj]
C:\Program Files\dotnet\sdk\10.0.201\Microsoft.Common.CurrentVersion.targets(2451,5): warning MSB3277:             C:\Users\ultra\warewolf\Dev\Dev2.TaskScheduler.Wrappers\bin\Debug\net8.0\Dev2.TaskScheduler.Wrappers.dll [C:\Users\ultra\warewolf\Dev\Dev2.Server\Dev2.Server.csproj]
C:\Program Files\dotnet\sdk\10.0.201\Microsoft.Common.CurrentVersion.targets(2451,5): warning MSB3277:             C:\Users\ultra\warewolf\Dev\Warewolf.AI.Harness\bin\Debug\net8.0\Warewolf.AI.Harness.dll [C:\Users\ultra\warewolf\Dev\Dev2.Server\Dev2.Server.csproj]
C:\Program Files\dotnet\sdk\10.0.201\Microsoft.Common.CurrentVersion.targets(2451,5): warning MSB3277:             C:\Users\ultra\warewolf\Dev\Warewolf.Driver.Serilog\bin\Debug\net8.0\Warewolf.Driver.Serilog.dll [C:\Users\ultra\warewolf\Dev\Dev2.Server\Dev2.Server.csproj]
C:\Program Files\dotnet\sdk\10.0.201\Microsoft.Common.CurrentVersion.targets(2451,5): warning MSB3277:             C:\Users\ultra\.nuget\packages\mindbox.data.linq\5.0.0\lib\netstandard2.0\Mindbox.Data.Linq.dll [C:\Users\ultra\warewolf\Dev\Dev2.Server\Dev2.Server.csproj]
C:\Program Files\dotnet\sdk\10.0.201\Microsoft.Common.CurrentVersion.targets(2451,5): warning MSB3277:             C:\Users\ultra\.nuget\packages\mysql.data\8.4.0\lib\net8.0\MySql.Data.dll [C:\Users\ultra\warewolf\Dev\Dev2.Server\Dev2.Server.csproj]
C:\Program Files\dotnet\sdk\10.0.201\Microsoft.Common.CurrentVersion.targets(2451,5): warning MSB3277:             C:\Users\ultra\.nuget\packages\oracle.manageddataaccess.core\3.21.70\lib\netstandard2.1\Oracle.ManagedDataAccess.dll [C:\Users\ultra\warewolf\Dev\Dev2.Server\Dev2.Server.csproj]
C:\Program Files\dotnet\sdk\10.0.201\Microsoft.Common.CurrentVersion.targets(2451,5): warning MSB3277:             C:\Users\ultra\.nuget\packages\system.directoryservices\6.0.0\lib\net6.0\System.DirectoryServices.dll [C:\Users\ultra\warewolf\Dev\Dev2.Server\Dev2.Server.csproj]
C:\Program Files\dotnet\sdk\10.0.201\Microsoft.Common.CurrentVersion.targets(2451,5): warning MSB3277:             C:\Users\ultra\.nuget\packages\corewcf.primitives\1.2.1\lib\netstandard2.0\CoreWCF.Primitives.dll [C:\Users\ultra\warewolf\Dev\Dev2.Server\Dev2.Server.csproj]
C:\Program Files\dotnet\sdk\10.0.201\Microsoft.Common.CurrentVersion.targets(2451,5): warning MSB3277:             C:\Users\ultra\.nuget\packages\corewcf.http\1.2.1\lib\netstandard2.0\CoreWCF.Http.dll [C:\Users\ultra\warewolf\Dev\Dev2.Server\Dev2.Server.csproj]
C:\Program Files\dotnet\sdk\10.0.201\Microsoft.Common.CurrentVersion.targets(2451,5): warning MSB3277:             C:\Users\ultra\.nuget\packages\corewcf.nettcp\1.2.1\lib\netstandard2.0\CoreWCF.NetTcp.dll [C:\Users\ultra\warewolf\Dev\Dev2.Server\Dev2.Server.csproj]
C:\Program Files\dotnet\sdk\10.0.201\Microsoft.Common.CurrentVersion.targets(2451,5): warning MSB3277:             C:\Users\ultra\.nuget\packages\corewcf.webhttp\1.2.1\lib\netstandard2.0\CoreWCF.WebHttp.dll [C:\Users\ultra\warewolf\Dev\Dev2.Server\Dev2.Server.csproj]
C:\Program Files\dotnet\sdk\10.0.201\Microsoft.Common.CurrentVersion.targets(2451,5): warning MSB3277:             C:\Program Files\dotnet\packs\Microsoft.NETCore.App.Ref\8.0.25\ref/net8.0/System.Configuration.dll [C:\Users\ultra\warewolf\Dev\Dev2.Server\Dev2.Server.csproj]
C:\Program Files\dotnet\sdk\10.0.201\Microsoft.Common.CurrentVersion.targets(2451,5): warning MSB3277:             C:\Users\ultra\.nuget\packages\prism.wpf\9.0.537\lib\net462\Prism.Wpf.dll [C:\Users\ultra\warewolf\Dev\Dev2.Server\Dev2.Server.csproj]
C:\Program Files\dotnet\sdk\10.0.201\Microsoft.Common.CurrentVersion.targets(2451,5): warning MSB3277:             C:\Program Files\dotnet\packs\Microsoft.NETCore.App.Ref\8.0.25\ref/net8.0/System.Data.dll [C:\Users\ultra\warewolf\Dev\Dev2.Server\Dev2.Server.csproj]
C:\Program Files\dotnet\sdk\10.0.201\Microsoft.Common.CurrentVersion.targets(2451,5): warning MSB3277:             C:\Users\ultra\.nuget\packages\taskschedulereditor\2.10.1\lib\net452\Microsoft.Win32.TaskSchedulerEditor.dll [C:\Users\ultra\warewolf\Dev\Dev2.Server\Dev2.Server.csproj]
C:\Program Files\dotnet\sdk\10.0.201\Microsoft.Common.CurrentVersion.targets(2451,5): warning MSB3277:             C:\Program Files\dotnet\packs\Microsoft.NETCore.App.Ref\8.0.25\ref/net8.0/System.Drawing.dll [C:\Users\ultra\warewolf\Dev\Dev2.Server\Dev2.Server.csproj]
C:\Program Files\dotnet\sdk\10.0.201\Microsoft.Common.CurrentVersion.targets(2451,5): warning MSB3277:             C:\Users\ultra\.nuget\packages\aerowizard\2.3.1\lib\net45\AeroWizard.dll [C:\Users\ultra\warewolf\Dev\Dev2.Server\Dev2.Server.csproj]
C:\Program Files\dotnet\sdk\10.0.201\Microsoft.Common.CurrentVersion.targets(2451,5): warning MSB3277:             C:\Users\ultra\.nuget\packages\groupcontrols\1.9.0\lib\net45\GroupControls.dll [C:\Users\ultra\warewolf\Dev\Dev2.Server\Dev2.Server.csproj]
C:\Program Files\dotnet\sdk\10.0.201\Microsoft.Common.CurrentVersion.targets(2451,5): warning MSB3277:             C:\Program Files\dotnet\packs\Microsoft.NETCore.App.Ref\8.0.25\ref/net8.0/System.Net.dll [C:\Users\ultra\warewolf\Dev\Dev2.Server\Dev2.Server.csproj]
C:\Program Files\dotnet\sdk\10.0.201\Microsoft.Common.CurrentVersion.targets(2451,5): warning MSB3277:             C:\Program Files\dotnet\packs\Microsoft.NETCore.App.Ref\8.0.25\ref/net8.0/System.Security.dll [C:\Users\ultra\warewolf\Dev\Dev2.Server\Dev2.Server.csproj]
C:\Program Files\dotnet\sdk\10.0.201\Microsoft.Common.CurrentVersion.targets(2451,5): warning MSB3277:             C:\Program Files\dotnet\packs\Microsoft.NETCore.App.Ref\8.0.25\ref/net8.0/System.ServiceProcess.dll [C:\Users\ultra\warewolf\Dev\Dev2.Server\Dev2.Server.csproj]
C:\Program Files\dotnet\sdk\10.0.201\Microsoft.Common.CurrentVersion.targets(2451,5): warning MSB3277:             C:\Program Files\dotnet\packs\Microsoft.NETCore.App.Ref\8.0.25\ref/net8.0/System.Transactions.dll [C:\Users\ultra\warewolf\Dev\Dev2.Server\Dev2.Server.csproj]
C:\Program Files\dotnet\sdk\10.0.201\Microsoft.Common.CurrentVersion.targets(2451,5): warning MSB3277:             C:\Program Files\dotnet\packs\Microsoft.NETCore.App.Ref\8.0.25\ref/net8.0/System.dll [C:\Users\ultra\warewolf\Dev\Dev2.Server\Dev2.Server.csproj]
C:\Program Files\dotnet\sdk\10.0.201\Microsoft.Common.CurrentVersion.targets(2451,5): warning MSB3277:             C:\Users\ultra\.nuget\packages\microsoft.xaml.behaviors.wpf\1.1.122\lib\net462\Microsoft.Xaml.Behaviors.dll [C:\Users\ultra\warewolf\Dev\Dev2.Server\Dev2.Server.csproj]
C:\Program Files\dotnet\sdk\10.0.201\Microsoft.Common.CurrentVersion.targets(2451,5): warning MSB3277:             C:\Users\ultra\.nuget\packages\caliburn.micro\4.0.212\lib\netcoreapp3.1\Caliburn.Micro.Platform.dll [C:\Users\ultra\warewolf\Dev\Dev2.Server\Dev2.Server.csproj]
C:\Program Files\dotnet\sdk\10.0.201\Microsoft.Common.CurrentVersion.targets(2451,5): warning MSB3277:             C:\Users\ultra\.nuget\packages\reactiveui.wpf\18.4.1\lib\net462\ReactiveUI.Wpf.dll [C:\Users\ultra\warewolf\Dev\Dev2.Server\Dev2.Server.csproj]
C:\Program Files\dotnet\sdk\10.0.201\Microsoft.Common.CurrentVersion.targets(2451,5): warning MSB3277:             C:\Users\ultra\.nuget\packages\ttcue.netcore.sharepointonline.csom.16.1.8029.1200\16.1.8029.1200\lib\netcoreapp2.0\Microsoft.SharePoint.Client.Runtime.Windows.dll [C:\Users\ultra\warewolf\Dev\Dev2.Server\Dev2.Server.csproj]
C:\Program Files\dotnet\sdk\10.0.201\Microsoft.Common.CurrentVersion.targets(2451,5): warning MSB3277:             C:\Program Files\dotnet\packs\Microsoft.NETCore.App.Ref\8.0.25\ref/net8.0/WindowsBase.dll [C:\Users\ultra\warewolf\Dev\Dev2.Server\Dev2.Server.csproj]
C:\Program Files\dotnet\sdk\10.0.201\Microsoft.Common.CurrentVersion.targets(2451,5): warning MSB3277:             C:\Program Files\dotnet\packs\Microsoft.NETCore.App.Ref\8.0.25\ref/net8.0/mscorlib.dll [C:\Users\ultra\warewolf\Dev\Dev2.Server\Dev2.Server.csproj]
C:\Program Files\dotnet\sdk\10.0.201\Microsoft.Common.CurrentVersion.targets(2451,5): warning MSB3277:             Warewolf.Usage, Version=1.0.0.0, Culture=neutral, PublicKeyToken=null [C:\Users\ultra\warewolf\Dev\Dev2.Server\Dev2.Server.csproj]
C:\Program Files\dotnet\sdk\10.0.201\Microsoft.Common.CurrentVersion.targets(2451,5): warning MSB3277:             C:\Users\ultra\.nuget\packages\hangfire.core\1.7.32\lib\netstandard2.0\Hangfire.Core.dll [C:\Users\ultra\warewolf\Dev\Dev2.Server\Dev2.Server.csproj]
C:\Program Files\dotnet\sdk\10.0.201\Microsoft.Common.CurrentVersion.targets(2451,5): warning MSB3277:             C:\Users\ultra\.nuget\packages\hangfire.aspnetcore\1.7.32\lib\netcoreapp3.0\Hangfire.AspNetCore.dll [C:\Users\ultra\warewolf\Dev\Dev2.Server\Dev2.Server.csproj]
C:\Program Files\dotnet\sdk\10.0.201\Microsoft.Common.CurrentVersion.targets(2451,5): warning MSB3277:             C:\Users\ultra\.nuget\packages\hangfire.sqlserver\1.7.32\lib\netstandard2.0\Hangfire.SqlServer.dll [C:\Users\ultra\warewolf\Dev\Dev2.Server\Dev2.Server.csproj]
C:\Program Files\dotnet\sdk\10.0.201\Microsoft.Common.CurrentVersion.targets(2451,5): warning MSB3277:         C:\Program Files\dotnet\packs\Microsoft.NETCore.App.Ref\8.0.25\ref\net8.0\System.Drawing.dll [C:\Users\ultra\warewolf\Dev\Dev2.Server\Dev2.Server.csproj]
C:\Program Files\dotnet\sdk\10.0.201\Microsoft.Common.CurrentVersion.targets(2451,5): warning MSB3277:           Project file item includes which caused reference "C:\Program Files\dotnet\packs\Microsoft.NETCore.App.Ref\8.0.25\ref\net8.0\System.Drawing.dll". [C:\Users\ultra\warewolf\Dev\Dev2.Server\Dev2.Server.csproj]
C:\Program Files\dotnet\sdk\10.0.201\Microsoft.Common.CurrentVersion.targets(2451,5): warning MSB3277:             C:\Program Files\dotnet\packs\Microsoft.NETCore.App.Ref\8.0.25\ref/net8.0/System.Drawing.dll [C:\Users\ultra\warewolf\Dev\Dev2.Server\Dev2.Server.csproj]
C:\Program Files\dotnet\sdk\10.0.201\Microsoft.Common.CurrentVersion.targets(2451,5): warning MSB3277:             C:\Users\ultra\.nuget\packages\aerowizard\2.3.1\lib\net45\AeroWizard.dll [C:\Users\ultra\warewolf\Dev\Dev2.Server\Dev2.Server.csproj]
C:\Program Files\dotnet\sdk\10.0.201\Microsoft.Common.CurrentVersion.targets(2451,5): warning MSB3277:             C:\Users\ultra\.nuget\packages\groupcontrols\1.9.0\lib\net45\GroupControls.dll [C:\Users\ultra\warewolf\Dev\Dev2.Server\Dev2.Server.csproj]
C:\Program Files\dotnet\sdk\10.0.201\Microsoft.Common.CurrentVersion.targets(2451,5): warning MSB3277:             C:\Users\ultra\.nuget\packages\taskschedulereditor\2.10.1\lib\net452\Microsoft.Win32.TaskSchedulerEditor.dll [C:\Users\ultra\warewolf\Dev\Dev2.Server\Dev2.Server.csproj]
C:\Users\ultra\warewolf\Dev\Dev2.Server\Startup.cs(59,95): warning CC0004: Empty Catch Block. (https://code-cracker.github.io/diagnostics/CC0004.html) [C:\Users\ultra\warewolf\Dev\Dev2.Server\Dev2.Server.csproj]
  Dev2.Server -> C:\Users\ultra\warewolf\Dev\Dev2.Server\bin\Debug\net8.0\linux-x64\Warewolf Server.dll
  
  INFO: No tasks running with the specified criteria.
  
  INFO: No tasks running with the specified criteria.
C:\Program Files\dotnet\sdk\10.0.201\Microsoft.Common.CurrentVersion.targets(2451,5): warning MSB3277: Found conflicts between different versions of "WindowsBase" that could not be resolved. [C:\Users\ultra\warewolf\Dev\Dev2.Server.Tests\Dev2.Server.Tests.csproj]
C:\Program Files\dotnet\sdk\10.0.201\Microsoft.Common.CurrentVersion.targets(2451,5): warning MSB3277: There was a conflict between "WindowsBase, Version=4.0.0.0, Culture=neutral, PublicKeyToken=31bf3856ad364e35" and "WindowsBase, Version=6.0.2.0, Culture=neutral, PublicKeyToken=31bf3856ad364e35". [C:\Users\ultra\warewolf\Dev\Dev2.Server.Tests\Dev2.Server.Tests.csproj]
C:\Program Files\dotnet\sdk\10.0.201\Microsoft.Common.CurrentVersion.targets(2451,5): warning MSB3277:     "WindowsBase, Version=4.0.0.0, Culture=neutral, PublicKeyToken=31bf3856ad364e35" was chosen because it was primary and "WindowsBase, Version=6.0.2.0, Culture=neutral, PublicKeyToken=31bf3856ad364e35" was not. [C:\Users\ultra\warewolf\Dev\Dev2.Server.Tests\Dev2.Server.Tests.csproj]
C:\Program Files\dotnet\sdk\10.0.201\Microsoft.Common.CurrentVersion.targets(2451,5): warning MSB3277:     References which depend on "WindowsBase, Version=4.0.0.0, Culture=neutral, PublicKeyToken=31bf3856ad364e35" [C:\Program Files\dotnet\packs\Microsoft.NETCore.App.Ref\8.0.25\ref\net8.0\WindowsBase.dll]. [C:\Users\ultra\warewolf\Dev\Dev2.Server.Tests\Dev2.Server.Tests.csproj]
C:\Program Files\dotnet\sdk\10.0.201\Microsoft.Common.CurrentVersion.targets(2451,5): warning MSB3277:         C:\Program Files\dotnet\packs\Microsoft.NETCore.App.Ref\8.0.25\ref\net8.0\WindowsBase.dll [C:\Users\ultra\warewolf\Dev\Dev2.Server.Tests\Dev2.Server.Tests.csproj]
C:\Program Files\dotnet\sdk\10.0.201\Microsoft.Common.CurrentVersion.targets(2451,5): warning MSB3277:           Project file item includes which caused reference "C:\Program Files\dotnet\packs\Microsoft.NETCore.App.Ref\8.0.25\ref\net8.0\WindowsBase.dll". [C:\Users\ultra\warewolf\Dev\Dev2.Server.Tests\Dev2.Server.Tests.csproj]
C:\Program Files\dotnet\sdk\10.0.201\Microsoft.Common.CurrentVersion.targets(2451,5): warning MSB3277:             C:\Program Files\dotnet\packs\Microsoft.NETCore.App.Ref\8.0.25\ref/net8.0/WindowsBase.dll [C:\Users\ultra\warewolf\Dev\Dev2.Server.Tests\Dev2.Server.Tests.csproj]
C:\Program Files\dotnet\sdk\10.0.201\Microsoft.Common.CurrentVersion.targets(2451,5): warning MSB3277:     References which depend on or have been unified to "WindowsBase, Version=6.0.2.0, Culture=neutral, PublicKeyToken=31bf3856ad364e35" []. [C:\Users\ultra\warewolf\Dev\Dev2.Server.Tests\Dev2.Server.Tests.csproj]
C:\Program Files\dotnet\sdk\10.0.201\Microsoft.Common.CurrentVersion.targets(2451,5): warning MSB3277:         C:\Users\ultra\.nuget\packages\caliburn.micro\4.0.212\lib\netcoreapp3.1\Caliburn.Micro.Platform.dll [C:\Users\ultra\warewolf\Dev\Dev2.Server.Tests\Dev2.Server.Tests.csproj]
C:\Program Files\dotnet\sdk\10.0.201\Microsoft.Common.CurrentVersion.targets(2451,5): warning MSB3277:           Project file item includes which caused reference "C:\Users\ultra\.nuget\packages\caliburn.micro\4.0.212\lib\netcoreapp3.1\Caliburn.Micro.Platform.dll". [C:\Users\ultra\warewolf\Dev\Dev2.Server.Tests\Dev2.Server.Tests.csproj]
C:\Program Files\dotnet\sdk\10.0.201\Microsoft.Common.CurrentVersion.targets(2451,5): warning MSB3277:             C:\Users\ultra\.nuget\packages\caliburn.micro\4.0.212\lib\netcoreapp3.1\Caliburn.Micro.Platform.dll [C:\Users\ultra\warewolf\Dev\Dev2.Server.Tests\Dev2.Server.Tests.csproj]
C:\Program Files\dotnet\sdk\10.0.201\Microsoft.Common.CurrentVersion.targets(2451,5): warning MSB3277:         C:\Users\ultra\.nuget\packages\ironpython\3.4.0\lib\net6.0\IronPython.Wpf.dll [C:\Users\ultra\warewolf\Dev\Dev2.Server.Tests\Dev2.Server.Tests.csproj]
C:\Program Files\dotnet\sdk\10.0.201\Microsoft.Common.CurrentVersion.targets(2451,5): warning MSB3277:           Project file item includes which caused reference "C:\Users\ultra\.nuget\packages\ironpython\3.4.0\lib\net6.0\IronPython.Wpf.dll". [C:\Users\ultra\warewolf\Dev\Dev2.Server.Tests\Dev2.Server.Tests.csproj]
C:\Program Files\dotnet\sdk\10.0.201\Microsoft.Common.CurrentVersion.targets(2451,5): warning MSB3277:             C:\Users\ultra\.nuget\packages\ironpython\3.4.0\lib\net6.0\IronPython.Wpf.dll [C:\Users\ultra\warewolf\Dev\Dev2.Server.Tests\Dev2.Server.Tests.csproj]
C:\Program Files\dotnet\sdk\10.0.201\Microsoft.Common.CurrentVersion.targets(2451,5): warning MSB3277:         C:\Users\ultra\.nuget\packages\microsoft.xaml.behaviors.wpf\1.1.122\lib\net462\Microsoft.Xaml.Behaviors.dll [C:\Users\ultra\warewolf\Dev\Dev2.Server.Tests\Dev2.Server.Tests.csproj]
C:\Program Files\dotnet\sdk\10.0.201\Microsoft.Common.CurrentVersion.targets(2451,5): warning MSB3277:           Project file item includes which caused reference "C:\Users\ultra\.nuget\packages\microsoft.xaml.behaviors.wpf\1.1.122\lib\net462\Microsoft.Xaml.Behaviors.dll". [C:\Users\ultra\warewolf\Dev\Dev2.Server.Tests\Dev2.Server.Tests.csproj]
C:\Program Files\dotnet\sdk\10.0.201\Microsoft.Common.CurrentVersion.targets(2451,5): warning MSB3277:             C:\Users\ultra\.nuget\packages\microsoft.xaml.behaviors.wpf\1.1.122\lib\net462\Microsoft.Xaml.Behaviors.dll [C:\Users\ultra\warewolf\Dev\Dev2.Server.Tests\Dev2.Server.Tests.csproj]
C:\Program Files\dotnet\sdk\10.0.201\Microsoft.Common.CurrentVersion.targets(2451,5): warning MSB3277:             C:\Users\ultra\.nuget\packages\caliburn.micro\4.0.212\lib\netcoreapp3.1\Caliburn.Micro.Platform.dll [C:\Users\ultra\warewolf\Dev\Dev2.Server.Tests\Dev2.Server.Tests.csproj]
C:\Program Files\dotnet\sdk\10.0.201\Microsoft.Common.CurrentVersion.targets(2451,5): warning MSB3277:             C:\Users\ultra\.nuget\packages\prism.wpf\9.0.537\lib\net462\Prism.Wpf.dll [C:\Users\ultra\warewolf\Dev\Dev2.Server.Tests\Dev2.Server.Tests.csproj]
C:\Program Files\dotnet\sdk\10.0.201\Microsoft.Common.CurrentVersion.targets(2451,5): warning MSB3277:         C:\Users\ultra\.nuget\packages\prism.wpf\9.0.537\lib\net462\Prism.Wpf.dll [C:\Users\ultra\warewolf\Dev\Dev2.Server.Tests\Dev2.Server.Tests.csproj]
C:\Program Files\dotnet\sdk\10.0.201\Microsoft.Common.CurrentVersion.targets(2451,5): warning MSB3277:           Project file item includes which caused reference "C:\Users\ultra\.nuget\packages\prism.wpf\9.0.537\lib\net462\Prism.Wpf.dll". [C:\Users\ultra\warewolf\Dev\Dev2.Server.Tests\Dev2.Server.Tests.csproj]
C:\Program Files\dotnet\sdk\10.0.201\Microsoft.Common.CurrentVersion.targets(2451,5): warning MSB3277:             C:\Users\ultra\.nuget\packages\prism.wpf\9.0.537\lib\net462\Prism.Wpf.dll [C:\Users\ultra\warewolf\Dev\Dev2.Server.Tests\Dev2.Server.Tests.csproj]
C:\Program Files\dotnet\sdk\10.0.201\Microsoft.Common.CurrentVersion.targets(2451,5): warning MSB3277:         C:\Users\ultra\.nuget\packages\reactiveui.wpf\18.4.1\lib\net462\ReactiveUI.Wpf.dll [C:\Users\ultra\warewolf\Dev\Dev2.Server.Tests\Dev2.Server.Tests.csproj]
C:\Program Files\dotnet\sdk\10.0.201\Microsoft.Common.CurrentVersion.targets(2451,5): warning MSB3277:           Project file item includes which caused reference "C:\Users\ultra\.nuget\packages\reactiveui.wpf\18.4.1\lib\net462\ReactiveUI.Wpf.dll". [C:\Users\ultra\warewolf\Dev\Dev2.Server.Tests\Dev2.Server.Tests.csproj]
C:\Program Files\dotnet\sdk\10.0.201\Microsoft.Common.CurrentVersion.targets(2451,5): warning MSB3277:             C:\Users\ultra\.nuget\packages\reactiveui.wpf\18.4.1\lib\net462\ReactiveUI.Wpf.dll [C:\Users\ultra\warewolf\Dev\Dev2.Server.Tests\Dev2.Server.Tests.csproj]
C:\Program Files\dotnet\sdk\10.0.201\Microsoft.Common.CurrentVersion.targets(2451,5): warning MSB3277: Found conflicts between different versions of "System.Drawing.Common" that could not be resolved. [C:\Users\ultra\warewolf\Dev\Dev2.Server.Tests\Dev2.Server.Tests.csproj]
C:\Program Files\dotnet\sdk\10.0.201\Microsoft.Common.CurrentVersion.targets(2451,5): warning MSB3277: There was a conflict between "System.Drawing.Common, Version=6.0.0.0, Culture=neutral, PublicKeyToken=cc7b13ffcd2ddd51" and "System.Drawing.Common, Version=8.0.0.0, Culture=neutral, PublicKeyToken=cc7b13ffcd2ddd51". [C:\Users\ultra\warewolf\Dev\Dev2.Server.Tests\Dev2.Server.Tests.csproj]
C:\Program Files\dotnet\sdk\10.0.201\Microsoft.Common.CurrentVersion.targets(2451,5): warning MSB3277:     "System.Drawing.Common, Version=6.0.0.0, Culture=neutral, PublicKeyToken=cc7b13ffcd2ddd51" was chosen because it was primary and "System.Drawing.Common, Version=8.0.0.0, Culture=neutral, PublicKeyToken=cc7b13ffcd2ddd51" was not. [C:\Users\ultra\warewolf\Dev\Dev2.Server.Tests\Dev2.Server.Tests.csproj]
C:\Program Files\dotnet\sdk\10.0.201\Microsoft.Common.CurrentVersion.targets(2451,5): warning MSB3277:     References which depend on "System.Drawing.Common, Version=6.0.0.0, Culture=neutral, PublicKeyToken=cc7b13ffcd2ddd51" [C:\Users\ultra\.nuget\packages\system.drawing.common\6.0.0\lib\net6.0\System.Drawing.Common.dll]. [C:\Users\ultra\warewolf\Dev\Dev2.Server.Tests\Dev2.Server.Tests.csproj]
C:\Program Files\dotnet\sdk\10.0.201\Microsoft.Common.CurrentVersion.targets(2451,5): warning MSB3277:         C:\Users\ultra\.nuget\packages\system.drawing.common\6.0.0\lib\net6.0\System.Drawing.Common.dll [C:\Users\ultra\warewolf\Dev\Dev2.Server.Tests\Dev2.Server.Tests.csproj]
C:\Program Files\dotnet\sdk\10.0.201\Microsoft.Common.CurrentVersion.targets(2451,5): warning MSB3277:           Project file item includes which caused reference "C:\Users\ultra\.nuget\packages\system.drawing.common\6.0.0\lib\net6.0\System.Drawing.Common.dll". [C:\Users\ultra\warewolf\Dev\Dev2.Server.Tests\Dev2.Server.Tests.csproj]
C:\Program Files\dotnet\sdk\10.0.201\Microsoft.Common.CurrentVersion.targets(2451,5): warning MSB3277:             C:\Users\ultra\.nuget\packages\system.drawing.common\6.0.0\lib\net6.0\System.Drawing.Common.dll [C:\Users\ultra\warewolf\Dev\Dev2.Server.Tests\Dev2.Server.Tests.csproj]
C:\Program Files\dotnet\sdk\10.0.201\Microsoft.Common.CurrentVersion.targets(2451,5): warning MSB3277:     References which depend on or have been unified to "System.Drawing.Common, Version=8.0.0.0, Culture=neutral, PublicKeyToken=cc7b13ffcd2ddd51" []. [C:\Users\ultra\warewolf\Dev\Dev2.Server.Tests\Dev2.Server.Tests.csproj]
C:\Program Files\dotnet\sdk\10.0.201\Microsoft.Common.CurrentVersion.targets(2451,5): warning MSB3277:         C:\Users\ultra\.nuget\packages\servicestack\6.3.0\lib\net6.0\ServiceStack.dll [C:\Users\ultra\warewolf\Dev\Dev2.Server.Tests\Dev2.Server.Tests.csproj]
C:\Program Files\dotnet\sdk\10.0.201\Microsoft.Common.CurrentVersion.targets(2451,5): warning MSB3277:           Project file item includes which caused reference "C:\Users\ultra\.nuget\packages\servicestack\6.3.0\lib\net6.0\ServiceStack.dll". [C:\Users\ultra\warewolf\Dev\Dev2.Server.Tests\Dev2.Server.Tests.csproj]
C:\Program Files\dotnet\sdk\10.0.201\Microsoft.Common.CurrentVersion.targets(2451,5): warning MSB3277:             C:\Users\ultra\.nuget\packages\servicestack\6.3.0\lib\net6.0\ServiceStack.dll [C:\Users\ultra\warewolf\Dev\Dev2.Server.Tests\Dev2.Server.Tests.csproj]
C:\Program Files\dotnet\sdk\10.0.201\Microsoft.Common.CurrentVersion.targets(2451,5): warning MSB3277:         C:\Users\ultra\.nuget\packages\system.windows.extensions\8.0.0\lib\net8.0\System.Windows.Extensions.dll [C:\Users\ultra\warewolf\Dev\Dev2.Server.Tests\Dev2.Server.Tests.csproj]
C:\Program Files\dotnet\sdk\10.0.201\Microsoft.Common.CurrentVersion.targets(2451,5): warning MSB3277:           Project file item includes which caused reference "C:\Users\ultra\.nuget\packages\system.windows.extensions\8.0.0\lib\net8.0\System.Windows.Extensions.dll". [C:\Users\ultra\warewolf\Dev\Dev2.Server.Tests\Dev2.Server.Tests.csproj]
C:\Program Files\dotnet\sdk\10.0.201\Microsoft.Common.CurrentVersion.targets(2451,5): warning MSB3277:             C:\Users\ultra\.nuget\packages\system.windows.extensions\8.0.0\lib\net8.0\System.Windows.Extensions.dll [C:\Users\ultra\warewolf\Dev\Dev2.Server.Tests\Dev2.Server.Tests.csproj]
C:\Program Files\dotnet\sdk\10.0.201\Microsoft.Common.CurrentVersion.targets(2451,5): warning MSB3277:             C:\Users\ultra\.nuget\packages\system.security.permissions\8.0.0\lib\net8.0\System.Security.Permissions.dll [C:\Users\ultra\warewolf\Dev\Dev2.Server.Tests\Dev2.Server.Tests.csproj]
C:\Program Files\dotnet\sdk\10.0.201\Microsoft.Common.CurrentVersion.targets(2451,5): warning MSB3277:             C:\Users\ultra\warewolf\Dev\Dev2.Data\bin\Debug\net8.0\Dev2.Data.dll [C:\Users\ultra\warewolf\Dev\Dev2.Server.Tests\Dev2.Server.Tests.csproj]
C:\Program Files\dotnet\sdk\10.0.201\Microsoft.Common.CurrentVersion.targets(2451,5): warning MSB3277:             C:\Users\ultra\warewolf\Dev\Dev2.Activities\bin\Debug\net8.0\Dev2.Activities.dll [C:\Users\ultra\warewolf\Dev\Dev2.Server.Tests\Dev2.Server.Tests.csproj]
C:\Program Files\dotnet\sdk\10.0.201\Microsoft.Common.CurrentVersion.targets(2451,5): warning MSB3277:             C:\Users\ultra\warewolf\Dev\Dev2.Core\bin\Debug\net8.0\Dev2.Core.dll [C:\Users\ultra\warewolf\Dev\Dev2.Server.Tests\Dev2.Server.Tests.csproj]
C:\Program Files\dotnet\sdk\10.0.201\Microsoft.Common.CurrentVersion.targets(2451,5): warning MSB3277:             C:\Users\ultra\warewolf\Dev\Dev2.Runtime.Services\bin\Debug\net8.0\Dev2.Runtime.Services.dll [C:\Users\ultra\warewolf\Dev\Dev2.Server.Tests\Dev2.Server.Tests.csproj]
C:\Program Files\dotnet\sdk\10.0.201\Microsoft.Common.CurrentVersion.targets(2451,5): warning MSB3277:             C:\Users\ultra\warewolf\Dev\Dev2.Runtime.WebServer\bin\Debug\net8.0\Dev2.Runtime.WebServer.dll [C:\Users\ultra\warewolf\Dev\Dev2.Server.Tests\Dev2.Server.Tests.csproj]
C:\Program Files\dotnet\sdk\10.0.201\Microsoft.Common.CurrentVersion.targets(2451,5): warning MSB3277:             C:\Users\ultra\warewolf\Dev\Dev2.Server\bin\Debug\net8.0\linux-x64\Warewolf Server.dll [C:\Users\ultra\warewolf\Dev\Dev2.Server.Tests\Dev2.Server.Tests.csproj]
C:\Program Files\dotnet\sdk\10.0.201\Microsoft.Common.CurrentVersion.targets(2451,5): warning MSB3277:             C:\Users\ultra\warewolf\Dev\Warewolf.Testing\bin\Debug\net8.0\Warewolf.Testing.dll [C:\Users\ultra\warewolf\Dev\Dev2.Server.Tests\Dev2.Server.Tests.csproj]
C:\Program Files\dotnet\sdk\10.0.201\Microsoft.Common.CurrentVersion.targets(2451,5): warning MSB3277:             C:\Users\ultra\warewolf\Dev\Dev2.Intellisense\bin\Debug\net8.0\Dev2.Intellisense.dll [C:\Users\ultra\warewolf\Dev\Dev2.Server.Tests\Dev2.Server.Tests.csproj]
C:\Program Files\dotnet\sdk\10.0.201\Microsoft.Common.CurrentVersion.targets(2451,5): warning MSB3277:             C:\Users\ultra\warewolf\Dev\Dev2.Runtime\bin\Debug\net8.0\Dev2.Runtime.dll [C:\Users\ultra\warewolf\Dev\Dev2.Server.Tests\Dev2.Server.Tests.csproj]
C:\Program Files\dotnet\sdk\10.0.201\Microsoft.Common.CurrentVersion.targets(2451,5): warning MSB3277:             C:\Users\ultra\warewolf\Dev\Dev2.Scheduler\bin\Debug\net8.0\Dev2.Scheduler.dll [C:\Users\ultra\warewolf\Dev\Dev2.Server.Tests\Dev2.Server.Tests.csproj]
C:\Program Files\dotnet\sdk\10.0.201\Microsoft.Common.CurrentVersion.targets(2451,5): warning MSB3277:             C:\Users\ultra\warewolf\Dev\Dev2.Services.Execution\bin\Debug\net8.0\Dev2.Services.Execution.dll [C:\Users\ultra\warewolf\Dev\Dev2.Server.Tests\Dev2.Server.Tests.csproj]
C:\Program Files\dotnet\sdk\10.0.201\Microsoft.Common.CurrentVersion.targets(2451,5): warning MSB3277:             C:\Users\ultra\warewolf\Dev\Dev2.Studio.Core\bin\Debug\net8.0\Dev2.Studio.Core.dll [C:\Users\ultra\warewolf\Dev\Dev2.Server.Tests\Dev2.Server.Tests.csproj]
C:\Program Files\dotnet\sdk\10.0.201\Microsoft.Common.CurrentVersion.targets(2451,5): warning MSB3277:             C:\Users\ultra\warewolf\Dev\Dev2.Studio.Interfaces\bin\Debug\net8.0\Dev2.Studio.Interfaces.dll [C:\Users\ultra\warewolf\Dev\Dev2.Server.Tests\Dev2.Server.Tests.csproj]
C:\Program Files\dotnet\sdk\10.0.201\Microsoft.Common.CurrentVersion.targets(2451,5): warning MSB3277:             C:\Users\ultra\warewolf\Dev\Warewolf.HangfireServer\bin\Debug\net8.0\linux-x64\HangfireServer.dll [C:\Users\ultra\warewolf\Dev\Dev2.Server.Tests\Dev2.Server.Tests.csproj]
C:\Program Files\dotnet\sdk\10.0.201\Microsoft.Common.CurrentVersion.targets(2451,5): warning MSB3277:             C:\Users\ultra\warewolf\Dev\Warewolf.QueueWorker\bin\Debug\net8.0\linux-x64\QueueWorker.dll [C:\Users\ultra\warewolf\Dev\Dev2.Server.Tests\Dev2.Server.Tests.csproj]
C:\Program Files\dotnet\sdk\10.0.201\Microsoft.Common.CurrentVersion.targets(2451,5): warning MSB3277:             C:\Users\ultra\warewolf\Dev\Warewolf.Auditing\bin\Debug\net8.0\Warewolf.Auditing.dll [C:\Users\ultra\warewolf\Dev\Dev2.Server.Tests\Dev2.Server.Tests.csproj]
C:\Program Files\dotnet\sdk\10.0.201\Microsoft.Common.CurrentVersion.targets(2451,5): warning MSB3277:             C:\Users\ultra\warewolf\Dev\Warewolf.Common.Framework48\bin\Debug\net8.0\Warewolf.Common.Framework48.dll [C:\Users\ultra\warewolf\Dev\Dev2.Server.Tests\Dev2.Server.Tests.csproj]
C:\Program Files\dotnet\sdk\10.0.201\Microsoft.Common.CurrentVersion.targets(2451,5): warning MSB3277:             C:\Users\ultra\warewolf\Dev\Warewolf.Common.NetStandard20\bin\Debug\net8.0\Warewolf.Common.NetStandard20.dll [C:\Users\ultra\warewolf\Dev\Dev2.Server.Tests\Dev2.Server.Tests.csproj]
C:\Program Files\dotnet\sdk\10.0.201\Microsoft.Common.CurrentVersion.targets(2451,5): warning MSB3277:             C:\Users\ultra\warewolf\Dev\Warewolf.Core\bin\Debug\net8.0\Warewolf.Core.dll [C:\Users\ultra\warewolf\Dev\Dev2.Server.Tests\Dev2.Server.Tests.csproj]
C:\Program Files\dotnet\sdk\10.0.201\Microsoft.Common.CurrentVersion.targets(2451,5): warning MSB3277:             C:\Users\ultra\warewolf\Dev\Warewolf.Driver.Persistence\bin\Debug\net8.0\Warewolf.Driver.Persistence.dll [C:\Users\ultra\warewolf\Dev\Dev2.Server.Tests\Dev2.Server.Tests.csproj]
C:\Program Files\dotnet\sdk\10.0.201\Microsoft.Common.CurrentVersion.targets(2451,5): warning MSB3277:             C:\Users\ultra\warewolf\Dev\Warewolf.Exchange.Email.Wrapper\bin\Debug\net8.0\Warewolf.Exchange.Email.Wrapper.dll [C:\Users\ultra\warewolf\Dev\Dev2.Server.Tests\Dev2.Server.Tests.csproj]
C:\Program Files\dotnet\sdk\10.0.201\Microsoft.Common.CurrentVersion.targets(2451,5): warning MSB3277:             C:\Users\ultra\warewolf\Dev\Warewolf.ResourceManagement\bin\Debug\net8.0\Warewolf.ResourceManagement.dll [C:\Users\ultra\warewolf\Dev\Dev2.Server.Tests\Dev2.Server.Tests.csproj]
C:\Program Files\dotnet\sdk\10.0.201\Microsoft.Common.CurrentVersion.targets(2451,5): warning MSB3277:             C:\Users\ultra\warewolf\Dev\Warewolf.Studio.Core\bin\Debug\net8.0\Warewolf.Studio.Core.dll [C:\Users\ultra\warewolf\Dev\Dev2.Server.Tests\Dev2.Server.Tests.csproj]
C:\Program Files\dotnet\sdk\10.0.201\Microsoft.Common.CurrentVersion.targets(2451,5): warning MSB3277:             C:\Users\ultra\warewolf\Dev\Warewolf.Trigger.Queue\bin\Debug\net8.0\Warewolf.Trigger.Queue.dll [C:\Users\ultra\warewolf\Dev\Dev2.Server.Tests\Dev2.Server.Tests.csproj]
C:\Program Files\dotnet\sdk\10.0.201\Microsoft.Common.CurrentVersion.targets(2451,5): warning MSB3277:             C:\Users\ultra\warewolf\Dev\Warewolf.UI\bin\Debug\net8.0\Warewolf.UI.dll [C:\Users\ultra\warewolf\Dev\Dev2.Server.Tests\Dev2.Server.Tests.csproj]
C:\Program Files\dotnet\sdk\10.0.201\Microsoft.Common.CurrentVersion.targets(2451,5): warning MSB3277:             C:\Users\ultra\warewolf\Dev\Warewolf.Logger\bin\Debug\net8.0\linux-x64\WarewolfLogger.dll [C:\Users\ultra\warewolf\Dev\Dev2.Server.Tests\Dev2.Server.Tests.csproj]
C:\Program Files\dotnet\sdk\10.0.201\Microsoft.Common.CurrentVersion.targets(2451,5): warning MSB3277:             C:\Users\ultra\.nuget\packages\dotnetzip\1.16.0\lib\netstandard2.0\DotNetZip.dll [C:\Users\ultra\warewolf\Dev\Dev2.Server.Tests\Dev2.Server.Tests.csproj]
C:\Program Files\dotnet\sdk\10.0.201\Microsoft.Common.CurrentVersion.targets(2451,5): warning MSB3277:             C:\Users\ultra\warewolf\Dev\Dev2.Common\bin\Debug\net8.0\Dev2.Common.dll [C:\Users\ultra\warewolf\Dev\Dev2.Server.Tests\Dev2.Server.Tests.csproj]
C:\Program Files\dotnet\sdk\10.0.201\Microsoft.Common.CurrentVersion.targets(2451,5): warning MSB3277:             C:\Users\ultra\warewolf\Dev\Dev2.Diagnostics\bin\Debug\net8.0\Dev2.Diagnostics.dll [C:\Users\ultra\warewolf\Dev\Dev2.Server.Tests\Dev2.Server.Tests.csproj]
C:\Program Files\dotnet\sdk\10.0.201\Microsoft.Common.CurrentVersion.targets(2451,5): warning MSB3277:             C:\Users\ultra\warewolf\Dev\Dev2.Data.Interfaces\bin\Debug\net8.0\Dev2.Data.Interfaces.dll [C:\Users\ultra\warewolf\Dev\Dev2.Server.Tests\Dev2.Server.Tests.csproj]
C:\Program Files\dotnet\sdk\10.0.201\Microsoft.Common.CurrentVersion.targets(2451,5): warning MSB3277:             C:\Users\ultra\warewolf\Dev\Dev2.Development.Languages\bin\Debug\net8.0\Dev2.Development.Languages.dll [C:\Users\ultra\warewolf\Dev\Dev2.Server.Tests\Dev2.Server.Tests.csproj]
C:\Program Files\dotnet\sdk\10.0.201\Microsoft.Common.CurrentVersion.targets(2451,5): warning MSB3277:             C:\Users\ultra\warewolf\Dev\Dev2.Infrastructure\bin\Debug\net8.0\Dev2.Infrastructure.dll [C:\Users\ultra\warewolf\Dev\Dev2.Server.Tests\Dev2.Server.Tests.csproj]
C:\Program Files\dotnet\sdk\10.0.201\Microsoft.Common.CurrentVersion.targets(2451,5): warning MSB3277:             C:\Users\ultra\warewolf\Dev\Dev2.Services.Sql\bin\Debug\net8.0\Dev2.Services.Sql.dll [C:\Users\ultra\warewolf\Dev\Dev2.Server.Tests\Dev2.Server.Tests.csproj]
C:\Program Files\dotnet\sdk\10.0.201\Microsoft.Common.CurrentVersion.targets(2451,5): warning MSB3277:             C:\Users\ultra\warewolf\Dev\Dev2.TaskScheduler.Wrappers\bin\Debug\net8.0\Dev2.TaskScheduler.Wrappers.dll [C:\Users\ultra\warewolf\Dev\Dev2.Server.Tests\Dev2.Server.Tests.csproj]
C:\Program Files\dotnet\sdk\10.0.201\Microsoft.Common.CurrentVersion.targets(2451,5): warning MSB3277:             C:\Users\ultra\warewolf\Dev\Dev2.Util\bin\Debug\net8.0\Dev2.Util.dll [C:\Users\ultra\warewolf\Dev\Dev2.Server.Tests\Dev2.Server.Tests.csproj]
C:\Program Files\dotnet\sdk\10.0.201\Microsoft.Common.CurrentVersion.targets(2451,5): warning MSB3277:             C:\Users\ultra\warewolf\Dev\Warewolf.AI.Harness\bin\Debug\net8.0\Warewolf.AI.Harness.dll [C:\Users\ultra\warewolf\Dev\Dev2.Server.Tests\Dev2.Server.Tests.csproj]
C:\Program Files\dotnet\sdk\10.0.201\Microsoft.Common.CurrentVersion.targets(2451,5): warning MSB3277:             C:\Users\ultra\warewolf\Dev\Warewolf.Driver.Serilog\bin\Debug\net8.0\Warewolf.Driver.Serilog.dll [C:\Users\ultra\warewolf\Dev\Dev2.Server.Tests\Dev2.Server.Tests.csproj]
C:\Program Files\dotnet\sdk\10.0.201\Microsoft.Common.CurrentVersion.targets(2451,5): warning MSB3277:             C:\Users\ultra\warewolf\Dev\Warewolf.PerfMon\bin\Debug\net8.0\linux-x64\Warewolf.PerfMon.dll [C:\Users\ultra\warewolf\Dev\Dev2.Server.Tests\Dev2.Server.Tests.csproj]
C:\Program Files\dotnet\sdk\10.0.201\Microsoft.Common.CurrentVersion.targets(2451,5): warning MSB3277:             C:\Users\ultra\warewolf\Dev\Warewolf.Sharepoint\bin\Debug\net8.0\Warewolf.Sharepoint.dll [C:\Users\ultra\warewolf\Dev\Dev2.Server.Tests\Dev2.Server.Tests.csproj]
C:\Program Files\dotnet\sdk\10.0.201\Microsoft.Common.CurrentVersion.targets(2451,5): warning MSB3277:             C:\Users\ultra\warewolf\Dev\Warewolf.Storage\bin\Debug\net8.0\Warewolf.Storage.dll [C:\Users\ultra\warewolf\Dev\Dev2.Server.Tests\Dev2.Server.Tests.csproj]
C:\Program Files\dotnet\sdk\10.0.201\Microsoft.Common.CurrentVersion.targets(2451,5): warning MSB3277:             C:\Users\ultra\.nuget\packages\mindbox.data.linq\5.0.0\lib\netstandard2.0\Mindbox.Data.Linq.dll [C:\Users\ultra\warewolf\Dev\Dev2.Server.Tests\Dev2.Server.Tests.csproj]
C:\Program Files\dotnet\sdk\10.0.201\Microsoft.Common.CurrentVersion.targets(2451,5): warning MSB3277:             C:\Users\ultra\.nuget\packages\mysql.data\8.4.0\lib\net8.0\MySql.Data.dll [C:\Users\ultra\warewolf\Dev\Dev2.Server.Tests\Dev2.Server.Tests.csproj]
C:\Program Files\dotnet\sdk\10.0.201\Microsoft.Common.CurrentVersion.targets(2451,5): warning MSB3277:             C:\Users\ultra\.nuget\packages\oracle.manageddataaccess.core\3.21.70\lib\netstandard2.1\Oracle.ManagedDataAccess.dll [C:\Users\ultra\warewolf\Dev\Dev2.Server.Tests\Dev2.Server.Tests.csproj]
C:\Program Files\dotnet\sdk\10.0.201\Microsoft.Common.CurrentVersion.targets(2451,5): warning MSB3277:             C:\Users\ultra\.nuget\packages\system.directoryservices\6.0.0\lib\net6.0\System.DirectoryServices.dll [C:\Users\ultra\warewolf\Dev\Dev2.Server.Tests\Dev2.Server.Tests.csproj]
C:\Program Files\dotnet\sdk\10.0.201\Microsoft.Common.CurrentVersion.targets(2451,5): warning MSB3277:             C:\Users\ultra\.nuget\packages\corewcf.primitives\1.2.1\lib\netstandard2.0\CoreWCF.Primitives.dll [C:\Users\ultra\warewolf\Dev\Dev2.Server.Tests\Dev2.Server.Tests.csproj]
C:\Program Files\dotnet\sdk\10.0.201\Microsoft.Common.CurrentVersion.targets(2451,5): warning MSB3277:             C:\Users\ultra\.nuget\packages\corewcf.http\1.2.1\lib\netstandard2.0\CoreWCF.Http.dll [C:\Users\ultra\warewolf\Dev\Dev2.Server.Tests\Dev2.Server.Tests.csproj]
C:\Program Files\dotnet\sdk\10.0.201\Microsoft.Common.CurrentVersion.targets(2451,5): warning MSB3277:             C:\Users\ultra\.nuget\packages\corewcf.nettcp\1.2.1\lib\netstandard2.0\CoreWCF.NetTcp.dll [C:\Users\ultra\warewolf\Dev\Dev2.Server.Tests\Dev2.Server.Tests.csproj]
C:\Program Files\dotnet\sdk\10.0.201\Microsoft.Common.CurrentVersion.targets(2451,5): warning MSB3277:             C:\Users\ultra\.nuget\packages\corewcf.webhttp\1.2.1\lib\netstandard2.0\CoreWCF.WebHttp.dll [C:\Users\ultra\warewolf\Dev\Dev2.Server.Tests\Dev2.Server.Tests.csproj]
C:\Program Files\dotnet\sdk\10.0.201\Microsoft.Common.CurrentVersion.targets(2451,5): warning MSB3277:             C:\Program Files\dotnet\packs\Microsoft.NETCore.App.Ref\8.0.25\ref/net8.0/System.Configuration.dll [C:\Users\ultra\warewolf\Dev\Dev2.Server.Tests\Dev2.Server.Tests.csproj]
C:\Program Files\dotnet\sdk\10.0.201\Microsoft.Common.CurrentVersion.targets(2451,5): warning MSB3277:             C:\Users\ultra\.nuget\packages\prism.wpf\9.0.537\lib\net462\Prism.Wpf.dll [C:\Users\ultra\warewolf\Dev\Dev2.Server.Tests\Dev2.Server.Tests.csproj]
C:\Program Files\dotnet\sdk\10.0.201\Microsoft.Common.CurrentVersion.targets(2451,5): warning MSB3277:             C:\Program Files\dotnet\packs\Microsoft.NETCore.App.Ref\8.0.25\ref/net8.0/System.Data.dll [C:\Users\ultra\warewolf\Dev\Dev2.Server.Tests\Dev2.Server.Tests.csproj]
C:\Program Files\dotnet\sdk\10.0.201\Microsoft.Common.CurrentVersion.targets(2451,5): warning MSB3277:             C:\Users\ultra\.nuget\packages\taskschedulereditor\2.10.1\lib\net452\Microsoft.Win32.TaskSchedulerEditor.dll [C:\Users\ultra\warewolf\Dev\Dev2.Server.Tests\Dev2.Server.Tests.csproj]
C:\Program Files\dotnet\sdk\10.0.201\Microsoft.Common.CurrentVersion.targets(2451,5): warning MSB3277:             C:\Program Files\dotnet\packs\Microsoft.NETCore.App.Ref\8.0.25\ref/net8.0/System.Drawing.dll [C:\Users\ultra\warewolf\Dev\Dev2.Server.Tests\Dev2.Server.Tests.csproj]
C:\Program Files\dotnet\sdk\10.0.201\Microsoft.Common.CurrentVersion.targets(2451,5): warning MSB3277:             C:\Users\ultra\.nuget\packages\aerowizard\2.3.1\lib\net45\AeroWizard.dll [C:\Users\ultra\warewolf\Dev\Dev2.Server.Tests\Dev2.Server.Tests.csproj]
C:\Program Files\dotnet\sdk\10.0.201\Microsoft.Common.CurrentVersion.targets(2451,5): warning MSB3277:             C:\Users\ultra\.nuget\packages\groupcontrols\1.9.0\lib\net45\GroupControls.dll [C:\Users\ultra\warewolf\Dev\Dev2.Server.Tests\Dev2.Server.Tests.csproj]
C:\Program Files\dotnet\sdk\10.0.201\Microsoft.Common.CurrentVersion.targets(2451,5): warning MSB3277:             C:\Program Files\dotnet\packs\Microsoft.NETCore.App.Ref\8.0.25\ref/net8.0/System.Net.dll [C:\Users\ultra\warewolf\Dev\Dev2.Server.Tests\Dev2.Server.Tests.csproj]
C:\Program Files\dotnet\sdk\10.0.201\Microsoft.Common.CurrentVersion.targets(2451,5): warning MSB3277:             C:\Program Files\dotnet\packs\Microsoft.NETCore.App.Ref\8.0.25\ref/net8.0/System.Security.dll [C:\Users\ultra\warewolf\Dev\Dev2.Server.Tests\Dev2.Server.Tests.csproj]
C:\Program Files\dotnet\sdk\10.0.201\Microsoft.Common.CurrentVersion.targets(2451,5): warning MSB3277:             C:\Program Files\dotnet\packs\Microsoft.NETCore.App.Ref\8.0.25\ref/net8.0/System.ServiceProcess.dll [C:\Users\ultra\warewolf\Dev\Dev2.Server.Tests\Dev2.Server.Tests.csproj]
C:\Program Files\dotnet\sdk\10.0.201\Microsoft.Common.CurrentVersion.targets(2451,5): warning MSB3277:             C:\Program Files\dotnet\packs\Microsoft.NETCore.App.Ref\8.0.25\ref/net8.0/System.Transactions.dll [C:\Users\ultra\warewolf\Dev\Dev2.Server.Tests\Dev2.Server.Tests.csproj]
C:\Program Files\dotnet\sdk\10.0.201\Microsoft.Common.CurrentVersion.targets(2451,5): warning MSB3277:             C:\Program Files\dotnet\packs\Microsoft.NETCore.App.Ref\8.0.25\ref/net8.0/System.dll [C:\Users\ultra\warewolf\Dev\Dev2.Server.Tests\Dev2.Server.Tests.csproj]
C:\Program Files\dotnet\sdk\10.0.201\Microsoft.Common.CurrentVersion.targets(2451,5): warning MSB3277:             C:\Users\ultra\.nuget\packages\microsoft.xaml.behaviors.wpf\1.1.122\lib\net462\Microsoft.Xaml.Behaviors.dll [C:\Users\ultra\warewolf\Dev\Dev2.Server.Tests\Dev2.Server.Tests.csproj]
C:\Program Files\dotnet\sdk\10.0.201\Microsoft.Common.CurrentVersion.targets(2451,5): warning MSB3277:             C:\Users\ultra\.nuget\packages\caliburn.micro\4.0.212\lib\netcoreapp3.1\Caliburn.Micro.Platform.dll [C:\Users\ultra\warewolf\Dev\Dev2.Server.Tests\Dev2.Server.Tests.csproj]
C:\Program Files\dotnet\sdk\10.0.201\Microsoft.Common.CurrentVersion.targets(2451,5): warning MSB3277:             C:\Users\ultra\.nuget\packages\reactiveui.wpf\18.4.1\lib\net462\ReactiveUI.Wpf.dll [C:\Users\ultra\warewolf\Dev\Dev2.Server.Tests\Dev2.Server.Tests.csproj]
C:\Program Files\dotnet\sdk\10.0.201\Microsoft.Common.CurrentVersion.targets(2451,5): warning MSB3277:             C:\Users\ultra\.nuget\packages\ttcue.netcore.sharepointonline.csom.16.1.8029.1200\16.1.8029.1200\lib\netcoreapp2.0\Microsoft.SharePoint.Client.Runtime.Windows.dll [C:\Users\ultra\warewolf\Dev\Dev2.Server.Tests\Dev2.Server.Tests.csproj]
C:\Program Files\dotnet\sdk\10.0.201\Microsoft.Common.CurrentVersion.targets(2451,5): warning MSB3277:             C:\Program Files\dotnet\packs\Microsoft.NETCore.App.Ref\8.0.25\ref/net8.0/WindowsBase.dll [C:\Users\ultra\warewolf\Dev\Dev2.Server.Tests\Dev2.Server.Tests.csproj]
C:\Program Files\dotnet\sdk\10.0.201\Microsoft.Common.CurrentVersion.targets(2451,5): warning MSB3277:             C:\Program Files\dotnet\packs\Microsoft.NETCore.App.Ref\8.0.25\ref/net8.0/mscorlib.dll [C:\Users\ultra\warewolf\Dev\Dev2.Server.Tests\Dev2.Server.Tests.csproj]
C:\Program Files\dotnet\sdk\10.0.201\Microsoft.Common.CurrentVersion.targets(2451,5): warning MSB3277:             Warewolf.Usage, Version=1.0.0.0, Culture=neutral, PublicKeyToken=null [C:\Users\ultra\warewolf\Dev\Dev2.Server.Tests\Dev2.Server.Tests.csproj]
C:\Program Files\dotnet\sdk\10.0.201\Microsoft.Common.CurrentVersion.targets(2451,5): warning MSB3277:             C:\Users\ultra\.nuget\packages\hangfire.core\1.7.32\lib\netstandard2.0\Hangfire.Core.dll [C:\Users\ultra\warewolf\Dev\Dev2.Server.Tests\Dev2.Server.Tests.csproj]
C:\Program Files\dotnet\sdk\10.0.201\Microsoft.Common.CurrentVersion.targets(2451,5): warning MSB3277:             C:\Users\ultra\.nuget\packages\hangfire.aspnetcore\1.7.32\lib\netcoreapp3.0\Hangfire.AspNetCore.dll [C:\Users\ultra\warewolf\Dev\Dev2.Server.Tests\Dev2.Server.Tests.csproj]
C:\Program Files\dotnet\sdk\10.0.201\Microsoft.Common.CurrentVersion.targets(2451,5): warning MSB3277:             C:\Users\ultra\.nuget\packages\hangfire.sqlserver\1.7.32\lib\netstandard2.0\Hangfire.SqlServer.dll [C:\Users\ultra\warewolf\Dev\Dev2.Server.Tests\Dev2.Server.Tests.csproj]
C:\Program Files\dotnet\sdk\10.0.201\Microsoft.Common.CurrentVersion.targets(2451,5): warning MSB3277:             C:\Users\ultra\.nuget\packages\microsoft.codecoverage\17.13.0\lib\netcoreapp3.1\Microsoft.VisualStudio.CodeCoverage.Shim.dll [C:\Users\ultra\warewolf\Dev\Dev2.Server.Tests\Dev2.Server.Tests.csproj]
C:\Program Files\dotnet\sdk\10.0.201\Microsoft.Common.CurrentVersion.targets(2451,5): warning MSB3277:         C:\Program Files\dotnet\packs\Microsoft.NETCore.App.Ref\8.0.25\ref\net8.0\System.Drawing.dll [C:\Users\ultra\warewolf\Dev\Dev2.Server.Tests\Dev2.Server.Tests.csproj]
C:\Program Files\dotnet\sdk\10.0.201\Microsoft.Common.CurrentVersion.targets(2451,5): warning MSB3277:           Project file item includes which caused reference "C:\Program Files\dotnet\packs\Microsoft.NETCore.App.Ref\8.0.25\ref\net8.0\System.Drawing.dll". [C:\Users\ultra\warewolf\Dev\Dev2.Server.Tests\Dev2.Server.Tests.csproj]
C:\Program Files\dotnet\sdk\10.0.201\Microsoft.Common.CurrentVersion.targets(2451,5): warning MSB3277:             C:\Program Files\dotnet\packs\Microsoft.NETCore.App.Ref\8.0.25\ref/net8.0/System.Drawing.dll [C:\Users\ultra\warewolf\Dev\Dev2.Server.Tests\Dev2.Server.Tests.csproj]
C:\Program Files\dotnet\sdk\10.0.201\Microsoft.Common.CurrentVersion.targets(2451,5): warning MSB3277:             C:\Users\ultra\.nuget\packages\aerowizard\2.3.1\lib\net45\AeroWizard.dll [C:\Users\ultra\warewolf\Dev\Dev2.Server.Tests\Dev2.Server.Tests.csproj]
C:\Program Files\dotnet\sdk\10.0.201\Microsoft.Common.CurrentVersion.targets(2451,5): warning MSB3277:             C:\Users\ultra\.nuget\packages\groupcontrols\1.9.0\lib\net45\GroupControls.dll [C:\Users\ultra\warewolf\Dev\Dev2.Server.Tests\Dev2.Server.Tests.csproj]
C:\Program Files\dotnet\sdk\10.0.201\Microsoft.Common.CurrentVersion.targets(2451,5): warning MSB3277:             C:\Users\ultra\.nuget\packages\taskschedulereditor\2.10.1\lib\net452\Microsoft.Win32.TaskSchedulerEditor.dll [C:\Users\ultra\warewolf\Dev\Dev2.Server.Tests\Dev2.Server.Tests.csproj]
  Dev2.Server.Tests -> C:\Users\ultra\warewolf\Dev\Dev2.Server.Tests\bin\Debug\net8.0\linux-x64\Dev2.Server.Tests.dll
  Dev2.Server.Tests -> C:\Users\ultra\warewolf\Bin\ServerTests-Linux\Dev2.Server.Tests\
Publishing Dev2.Studio.Core.Tests for linux-x64...
  Determining projects to restore...
C:\Users\ultra\warewolf\Dev\Warewolf.Language.Parser\Warewolf.Language.Parser.fsproj : warning NU1504: Duplicate 'PackageReference' items found. Remove the duplicate items or use the Update functionality to ensure a consistent restore behavior. The duplicate 'PackageReference' items are: FSharp.Core 10.1.201, FSharp.Core 4.6.2.
C:\Users\ultra\warewolf\Dev\Warewolf.Storage.Interfaces\Warewolf.Storage.Interfaces.csproj : warning NU1701: Package 'AeroWizard 2.3.1' was restored using '.NETFramework,Version=v4.6.1, .NETFramework,Version=v4.6.2, .NETFramework,Version=v4.7, .NETFramework,Version=v4.7.1, .NETFramework,Version=v4.7.2, .NETFramework,Version=v4.8, .NETFramework,Version=v4.8.1' instead of the project target framework 'net8.0'. This package may not be fully compatible with your project. [C:\Users\ultra\warewolf\Dev\Dev2.Studio.Core.Tests\Dev2.Studio.Core.Tests.csproj]
C:\Users\ultra\warewolf\Dev\Warewolf.Sharepoint\Warewolf.Sharepoint.csproj : warning NU1701: Package 'AeroWizard 2.3.1' was restored using '.NETFramework,Version=v4.6.1, .NETFramework,Version=v4.6.2, .NETFramework,Version=v4.7, .NETFramework,Version=v4.7.1, .NETFramework,Version=v4.7.2, .NETFramework,Version=v4.8, .NETFramework,Version=v4.8.1' instead of the project target framework 'net8.0'. This package may not be fully compatible with your project. [C:\Users\ultra\warewolf\Dev\Dev2.Studio.Core.Tests\Dev2.Studio.Core.Tests.csproj]
C:\Users\ultra\warewolf\Dev\Warewolf.Storage\Warewolf.Storage.csproj : warning NU1701: Package 'AeroWizard 2.3.1' was restored using '.NETFramework,Version=v4.6.1, .NETFramework,Version=v4.6.2, .NETFramework,Version=v4.7, .NETFramework,Version=v4.7.1, .NETFramework,Version=v4.7.2, .NETFramework,Version=v4.8, .NETFramework,Version=v4.8.1' instead of the project target framework 'net8.0'. This package may not be fully compatible with your project. [C:\Users\ultra\warewolf\Dev\Dev2.Studio.Core.Tests\Dev2.Studio.Core.Tests.csproj]
C:\Users\ultra\warewolf\Dev\Warewolf.Storage.Interfaces\Warewolf.Storage.Interfaces.csproj : warning NU1701: Package 'GroupControls 1.9.0' was restored using '.NETFramework,Version=v4.6.1, .NETFramework,Version=v4.6.2, .NETFramework,Version=v4.7, .NETFramework,Version=v4.7.1, .NETFramework,Version=v4.7.2, .NETFramework,Version=v4.8, .NETFramework,Version=v4.8.1' instead of the project target framework 'net8.0'. This package may not be fully compatible with your project. [C:\Users\ultra\warewolf\Dev\Dev2.Studio.Core.Tests\Dev2.Studio.Core.Tests.csproj]
C:\Users\ultra\warewolf\Dev\Warewolf.Sharepoint\Warewolf.Sharepoint.csproj : warning NU1701: Package 'GroupControls 1.9.0' was restored using '.NETFramework,Version=v4.6.1, .NETFramework,Version=v4.6.2, .NETFramework,Version=v4.7, .NETFramework,Version=v4.7.1, .NETFramework,Version=v4.7.2, .NETFramework,Version=v4.8, .NETFramework,Version=v4.8.1' instead of the project target framework 'net8.0'. This package may not be fully compatible with your project. [C:\Users\ultra\warewolf\Dev\Dev2.Studio.Core.Tests\Dev2.Studio.Core.Tests.csproj]
C:\Users\ultra\warewolf\Dev\Warewolf.Storage\Warewolf.Storage.csproj : warning NU1701: Package 'GroupControls 1.9.0' was restored using '.NETFramework,Version=v4.6.1, .NETFramework,Version=v4.6.2, .NETFramework,Version=v4.7, .NETFramework,Version=v4.7.1, .NETFramework,Version=v4.7.2, .NETFramework,Version=v4.8, .NETFramework,Version=v4.8.1' instead of the project target framework 'net8.0'. This package may not be fully compatible with your project. [C:\Users\ultra\warewolf\Dev\Dev2.Studio.Core.Tests\Dev2.Studio.Core.Tests.csproj]
C:\Users\ultra\warewolf\Dev\Warewolf.Storage.Interfaces\Warewolf.Storage.Interfaces.csproj : warning NU1701: Package 'TaskSchedulerEditor 2.10.1' was restored using '.NETFramework,Version=v4.6.1, .NETFramework,Version=v4.6.2, .NETFramework,Version=v4.7, .NETFramework,Version=v4.7.1, .NETFramework,Version=v4.7.2, .NETFramework,Version=v4.8, .NETFramework,Version=v4.8.1' instead of the project target framework 'net8.0'. This package may not be fully compatible with your project. [C:\Users\ultra\warewolf\Dev\Dev2.Studio.Core.Tests\Dev2.Studio.Core.Tests.csproj]
C:\Users\ultra\warewolf\Dev\Warewolf.Sharepoint\Warewolf.Sharepoint.csproj : warning NU1701: Package 'ReactiveUI.WPF 18.4.1' was restored using '.NETFramework,Version=v4.6.1, .NETFramework,Version=v4.6.2, .NETFramework,Version=v4.7, .NETFramework,Version=v4.7.1, .NETFramework,Version=v4.7.2, .NETFramework,Version=v4.8, .NETFramework,Version=v4.8.1' instead of the project target framework 'net8.0'. This package may not be fully compatible with your project. [C:\Users\ultra\warewolf\Dev\Dev2.Studio.Core.Tests\Dev2.Studio.Core.Tests.csproj]
C:\Users\ultra\warewolf\Dev\Warewolf.Sharepoint\Warewolf.Sharepoint.csproj : warning NU1701: Package 'TaskSchedulerEditor 2.10.1' was restored using '.NETFramework,Version=v4.6.1, .NETFramework,Version=v4.6.2, .NETFramework,Version=v4.7, .NETFramework,Version=v4.7.1, .NETFramework,Version=v4.7.2, .NETFramework,Version=v4.8, .NETFramework,Version=v4.8.1' instead of the project target framework 'net8.0'. This package may not be fully compatible with your project. [C:\Users\ultra\warewolf\Dev\Dev2.Studio.Core.Tests\Dev2.Studio.Core.Tests.csproj]
C:\Users\ultra\warewolf\Dev\Warewolf.Storage\Warewolf.Storage.csproj : warning NU1701: Package 'ReactiveUI.WPF 18.4.1' was restored using '.NETFramework,Version=v4.6.1, .NETFramework,Version=v4.6.2, .NETFramework,Version=v4.7, .NETFramework,Version=v4.7.1, .NETFramework,Version=v4.7.2, .NETFramework,Version=v4.8, .NETFramework,Version=v4.8.1' instead of the project target framework 'net8.0'. This package may not be fully compatible with your project. [C:\Users\ultra\warewolf\Dev\Dev2.Studio.Core.Tests\Dev2.Studio.Core.Tests.csproj]
C:\Users\ultra\warewolf\Dev\Warewolf.Storage\Warewolf.Storage.csproj : warning NU1701: Package 'TaskSchedulerEditor 2.10.1' was restored using '.NETFramework,Version=v4.6.1, .NETFramework,Version=v4.6.2, .NETFramework,Version=v4.7, .NETFramework,Version=v4.7.1, .NETFramework,Version=v4.7.2, .NETFramework,Version=v4.8, .NETFramework,Version=v4.8.1' instead of the project target framework 'net8.0'. This package may not be fully compatible with your project. [C:\Users\ultra\warewolf\Dev\Dev2.Studio.Core.Tests\Dev2.Studio.Core.Tests.csproj]
C:\Users\ultra\warewolf\Dev\Dev2.Runtime.Configuration\Dev2.Runtime.Configuration.csproj : warning NU1903: Package 'Microsoft.Windows.Compatibility' 6.0.0 has a known high severity vulnerability, https://github.com/advisories/GHSA-555c-2p6r-68mm [C:\Users\ultra\warewolf\Dev\Dev2.Studio.Core.Tests\Dev2.Studio.Core.Tests.csproj]
C:\Users\ultra\warewolf\Dev\Dev2.Runtime.Configuration\Dev2.Runtime.Configuration.csproj : warning NU1701: Package 'AeroWizard 2.3.1' was restored using '.NETFramework,Version=v4.6.1, .NETFramework,Version=v4.6.2, .NETFramework,Version=v4.7, .NETFramework,Version=v4.7.1, .NETFramework,Version=v4.7.2, .NETFramework,Version=v4.8, .NETFramework,Version=v4.8.1' instead of the project target framework 'net8.0'. This package may not be fully compatible with your project. [C:\Users\ultra\warewolf\Dev\Dev2.Studio.Core.Tests\Dev2.Studio.Core.Tests.csproj]
C:\Users\ultra\warewolf\Dev\Dev2.Runtime.Configuration\Dev2.Runtime.Configuration.csproj : warning NU1701: Package 'GroupControls 1.9.0' was restored using '.NETFramework,Version=v4.6.1, .NETFramework,Version=v4.6.2, .NETFramework,Version=v4.7, .NETFramework,Version=v4.7.1, .NETFramework,Version=v4.7.2, .NETFramework,Version=v4.8, .NETFramework,Version=v4.8.1' instead of the project target framework 'net8.0'. This package may not be fully compatible with your project. [C:\Users\ultra\warewolf\Dev\Dev2.Studio.Core.Tests\Dev2.Studio.Core.Tests.csproj]
C:\Users\ultra\warewolf\Dev\Dev2.Runtime.Configuration\Dev2.Runtime.Configuration.csproj : warning NU1701: Package 'TaskSchedulerEditor 2.10.1' was restored using '.NETFramework,Version=v4.6.1, .NETFramework,Version=v4.6.2, .NETFramework,Version=v4.7, .NETFramework,Version=v4.7.1, .NETFramework,Version=v4.7.2, .NETFramework,Version=v4.8, .NETFramework,Version=v4.8.1' instead of the project target framework 'net8.0'. This package may not be fully compatible with your project. [C:\Users\ultra\warewolf\Dev\Dev2.Studio.Core.Tests\Dev2.Studio.Core.Tests.csproj]
C:\Users\ultra\warewolf\Dev\Warewolf.Testing\Warewolf.Testing.csproj : warning NU1701: Package 'AeroWizard 2.3.1' was restored using '.NETFramework,Version=v4.6.1, .NETFramework,Version=v4.6.2, .NETFramework,Version=v4.7, .NETFramework,Version=v4.7.1, .NETFramework,Version=v4.7.2, .NETFramework,Version=v4.8, .NETFramework,Version=v4.8.1' instead of the project target framework 'net8.0'. This package may not be fully compatible with your project. [C:\Users\ultra\warewolf\Dev\Dev2.Studio.Core.Tests\Dev2.Studio.Core.Tests.csproj]
C:\Users\ultra\warewolf\Dev\Warewolf.Testing\Warewolf.Testing.csproj : warning NU1701: Package 'GroupControls 1.9.0' was restored using '.NETFramework,Version=v4.6.1, .NETFramework,Version=v4.6.2, .NETFramework,Version=v4.7, .NETFramework,Version=v4.7.1, .NETFramework,Version=v4.7.2, .NETFramework,Version=v4.8, .NETFramework,Version=v4.8.1' instead of the project target framework 'net8.0'. This package may not be fully compatible with your project. [C:\Users\ultra\warewolf\Dev\Dev2.Studio.Core.Tests\Dev2.Studio.Core.Tests.csproj]
C:\Users\ultra\warewolf\Dev\Warewolf.Testing\Warewolf.Testing.csproj : warning NU1701: Package 'Microsoft.Xaml.Behaviors.Wpf 1.1.122' was restored using '.NETFramework,Version=v4.6.1, .NETFramework,Version=v4.6.2, .NETFramework,Version=v4.7, .NETFramework,Version=v4.7.1, .NETFramework,Version=v4.7.2, .NETFramework,Version=v4.8, .NETFramework,Version=v4.8.1' instead of the project target framework 'net8.0'. This package may not be fully compatible with your project. [C:\Users\ultra\warewolf\Dev\Dev2.Studio.Core.Tests\Dev2.Studio.Core.Tests.csproj]
C:\Users\ultra\warewolf\Dev\Warewolf.Testing\Warewolf.Testing.csproj : warning NU1701: Package 'Prism.Wpf 9.0.537' was restored using '.NETFramework,Version=v4.6.1, .NETFramework,Version=v4.6.2, .NETFramework,Version=v4.7, .NETFramework,Version=v4.7.1, .NETFramework,Version=v4.7.2, .NETFramework,Version=v4.8, .NETFramework,Version=v4.8.1' instead of the project target framework 'net8.0'. This package may not be fully compatible with your project. [C:\Users\ultra\warewolf\Dev\Dev2.Studio.Core.Tests\Dev2.Studio.Core.Tests.csproj]
C:\Users\ultra\warewolf\Dev\Warewolf.Testing\Warewolf.Testing.csproj : warning NU1701: Package 'ReactiveUI.WPF 18.4.1' was restored using '.NETFramework,Version=v4.6.1, .NETFramework,Version=v4.6.2, .NETFramework,Version=v4.7, .NETFramework,Version=v4.7.1, .NETFramework,Version=v4.7.2, .NETFramework,Version=v4.8, .NETFramework,Version=v4.8.1' instead of the project target framework 'net8.0'. This package may not be fully compatible with your project. [C:\Users\ultra\warewolf\Dev\Dev2.Studio.Core.Tests\Dev2.Studio.Core.Tests.csproj]
C:\Users\ultra\warewolf\Dev\Warewolf.Testing\Warewolf.Testing.csproj : warning NU1701: Package 'TaskSchedulerEditor 2.10.1' was restored using '.NETFramework,Version=v4.6.1, .NETFramework,Version=v4.6.2, .NETFramework,Version=v4.7, .NETFramework,Version=v4.7.1, .NETFramework,Version=v4.7.2, .NETFramework,Version=v4.8, .NETFramework,Version=v4.8.1' instead of the project target framework 'net8.0'. This package may not be fully compatible with your project. [C:\Users\ultra\warewolf\Dev\Dev2.Studio.Core.Tests\Dev2.Studio.Core.Tests.csproj]
C:\Users\ultra\warewolf\Dev\Warewolf.Studio.Core\Warewolf.Studio.Core.csproj : warning NU1701: Package 'AeroWizard 2.3.1' was restored using '.NETFramework,Version=v4.6.1, .NETFramework,Version=v4.6.2, .NETFramework,Version=v4.7, .NETFramework,Version=v4.7.1, .NETFramework,Version=v4.7.2, .NETFramework,Version=v4.8, .NETFramework,Version=v4.8.1' instead of the project target framework 'net8.0'. This package may not be fully compatible with your project. [C:\Users\ultra\warewolf\Dev\Dev2.Studio.Core.Tests\Dev2.Studio.Core.Tests.csproj]
C:\Users\ultra\warewolf\Dev\Warewolf.Studio.Core\Warewolf.Studio.Core.csproj : warning NU1701: Package 'GroupControls 1.9.0' was restored using '.NETFramework,Version=v4.6.1, .NETFramework,Version=v4.6.2, .NETFramework,Version=v4.7, .NETFramework,Version=v4.7.1, .NETFramework,Version=v4.7.2, .NETFramework,Version=v4.8, .NETFramework,Version=v4.8.1' instead of the project target framework 'net8.0'. This package may not be fully compatible with your project. [C:\Users\ultra\warewolf\Dev\Dev2.Studio.Core.Tests\Dev2.Studio.Core.Tests.csproj]
C:\Users\ultra\warewolf\Dev\Warewolf.Studio.Core\Warewolf.Studio.Core.csproj : warning NU1701: Package 'Microsoft.Xaml.Behaviors.Wpf 1.1.122' was restored using '.NETFramework,Version=v4.6.1, .NETFramework,Version=v4.6.2, .NETFramework,Version=v4.7, .NETFramework,Version=v4.7.1, .NETFramework,Version=v4.7.2, .NETFramework,Version=v4.8, .NETFramework,Version=v4.8.1' instead of the project target framework 'net8.0'. This package may not be fully compatible with your project. [C:\Users\ultra\warewolf\Dev\Dev2.Studio.Core.Tests\Dev2.Studio.Core.Tests.csproj]
C:\Users\ultra\warewolf\Dev\Warewolf.Studio.Core\Warewolf.Studio.Core.csproj : warning NU1701: Package 'Prism.Wpf 9.0.537' was restored using '.NETFramework,Version=v4.6.1, .NETFramework,Version=v4.6.2, .NETFramework,Version=v4.7, .NETFramework,Version=v4.7.1, .NETFramework,Version=v4.7.2, .NETFramework,Version=v4.8, .NETFramework,Version=v4.8.1' instead of the project target framework 'net8.0'. This package may not be fully compatible with your project. [C:\Users\ultra\warewolf\Dev\Dev2.Studio.Core.Tests\Dev2.Studio.Core.Tests.csproj]
C:\Users\ultra\warewolf\Dev\Warewolf.Studio.Core\Warewolf.Studio.Core.csproj : warning NU1701: Package 'ReactiveUI.WPF 18.4.1' was restored using '.NETFramework,Version=v4.6.1, .NETFramework,Version=v4.6.2, .NETFramework,Version=v4.7, .NETFramework,Version=v4.7.1, .NETFramework,Version=v4.7.2, .NETFramework,Version=v4.8, .NETFramework,Version=v4.8.1' instead of the project target framework 'net8.0'. This package may not be fully compatible with your project. [C:\Users\ultra\warewolf\Dev\Dev2.Studio.Core.Tests\Dev2.Studio.Core.Tests.csproj]
C:\Users\ultra\warewolf\Dev\Warewolf.Studio.Core\Warewolf.Studio.Core.csproj : warning NU1701: Package 'TaskSchedulerEditor 2.10.1' was restored using '.NETFramework,Version=v4.6.1, .NETFramework,Version=v4.6.2, .NETFramework,Version=v4.7, .NETFramework,Version=v4.7.1, .NETFramework,Version=v4.7.2, .NETFramework,Version=v4.8, .NETFramework,Version=v4.8.1' instead of the project target framework 'net8.0'. This package may not be fully compatible with your project. [C:\Users\ultra\warewolf\Dev\Dev2.Studio.Core.Tests\Dev2.Studio.Core.Tests.csproj]
C:\Users\ultra\warewolf\Dev\Warewolf.Driver.Persistence\Warewolf.Driver.Persistence.csproj : warning NU1701: Package 'AeroWizard 2.3.1' was restored using '.NETFramework,Version=v4.6.1, .NETFramework,Version=v4.6.2, .NETFramework,Version=v4.7, .NETFramework,Version=v4.7.1, .NETFramework,Version=v4.7.2, .NETFramework,Version=v4.8, .NETFramework,Version=v4.8.1' instead of the project target framework 'net8.0'. This package may not be fully compatible with your project. [C:\Users\ultra\warewolf\Dev\Dev2.Studio.Core.Tests\Dev2.Studio.Core.Tests.csproj]
C:\Users\ultra\warewolf\Dev\Dev2.Runtime.Services\Dev2.Runtime.Services.csproj : warning NU1902: Package 'MessagePack' 2.4.59 has a known moderate severity vulnerability, https://github.com/advisories/GHSA-4qm4-8hg2-g2xm [C:\Users\ultra\warewolf\Dev\Dev2.Studio.Core.Tests\Dev2.Studio.Core.Tests.csproj]
C:\Users\ultra\warewolf\Dev\Dev2.Runtime.Services\Dev2.Runtime.Services.csproj : warning NU1903: Package 'Microsoft.Windows.Compatibility' 6.0.0 has a known high severity vulnerability, https://github.com/advisories/GHSA-555c-2p6r-68mm [C:\Users\ultra\warewolf\Dev\Dev2.Studio.Core.Tests\Dev2.Studio.Core.Tests.csproj]
C:\Users\ultra\warewolf\Dev\Warewolf.Driver.Persistence\Warewolf.Driver.Persistence.csproj : warning NU1701: Package 'GroupControls 1.9.0' was restored using '.NETFramework,Version=v4.6.1, .NETFramework,Version=v4.6.2, .NETFramework,Version=v4.7, .NETFramework,Version=v4.7.1, .NETFramework,Version=v4.7.2, .NETFramework,Version=v4.8, .NETFramework,Version=v4.8.1' instead of the project target framework 'net8.0'. This package may not be fully compatible with your project. [C:\Users\ultra\warewolf\Dev\Dev2.Studio.Core.Tests\Dev2.Studio.Core.Tests.csproj]
C:\Users\ultra\warewolf\Dev\Warewolf.Driver.Persistence\Warewolf.Driver.Persistence.csproj : warning NU1701: Package 'ReactiveUI.WPF 18.4.1' was restored using '.NETFramework,Version=v4.6.1, .NETFramework,Version=v4.6.2, .NETFramework,Version=v4.7, .NETFramework,Version=v4.7.1, .NETFramework,Version=v4.7.2, .NETFramework,Version=v4.8, .NETFramework,Version=v4.8.1' instead of the project target framework 'net8.0'. This package may not be fully compatible with your project. [C:\Users\ultra\warewolf\Dev\Dev2.Studio.Core.Tests\Dev2.Studio.Core.Tests.csproj]
C:\Users\ultra\warewolf\Dev\Dev2.Runtime.Services\Dev2.Runtime.Services.csproj : warning NU1701: Package 'AeroWizard 2.3.1' was restored using '.NETFramework,Version=v4.6.1, .NETFramework,Version=v4.6.2, .NETFramework,Version=v4.7, .NETFramework,Version=v4.7.1, .NETFramework,Version=v4.7.2, .NETFramework,Version=v4.8, .NETFramework,Version=v4.8.1' instead of the project target framework 'net8.0'. This package may not be fully compatible with your project. [C:\Users\ultra\warewolf\Dev\Dev2.Studio.Core.Tests\Dev2.Studio.Core.Tests.csproj]
C:\Users\ultra\warewolf\Dev\Warewolf.Driver.Persistence\Warewolf.Driver.Persistence.csproj : warning NU1701: Package 'TaskSchedulerEditor 2.10.1' was restored using '.NETFramework,Version=v4.6.1, .NETFramework,Version=v4.6.2, .NETFramework,Version=v4.7, .NETFramework,Version=v4.7.1, .NETFramework,Version=v4.7.2, .NETFramework,Version=v4.8, .NETFramework,Version=v4.8.1' instead of the project target framework 'net8.0'. This package may not be fully compatible with your project. [C:\Users\ultra\warewolf\Dev\Dev2.Studio.Core.Tests\Dev2.Studio.Core.Tests.csproj]
C:\Users\ultra\warewolf\Dev\Dev2.Runtime.Services\Dev2.Runtime.Services.csproj : warning NU1701: Package 'GroupControls 1.9.0' was restored using '.NETFramework,Version=v4.6.1, .NETFramework,Version=v4.6.2, .NETFramework,Version=v4.7, .NETFramework,Version=v4.7.1, .NETFramework,Version=v4.7.2, .NETFramework,Version=v4.8, .NETFramework,Version=v4.8.1' instead of the project target framework 'net8.0'. This package may not be fully compatible with your project. [C:\Users\ultra\warewolf\Dev\Dev2.Studio.Core.Tests\Dev2.Studio.Core.Tests.csproj]
C:\Users\ultra\warewolf\Dev\Dev2.Runtime.Services\Dev2.Runtime.Services.csproj : warning NU1701: Package 'ReactiveUI.WPF 18.4.1' was restored using '.NETFramework,Version=v4.6.1, .NETFramework,Version=v4.6.2, .NETFramework,Version=v4.7, .NETFramework,Version=v4.7.1, .NETFramework,Version=v4.7.2, .NETFramework,Version=v4.8, .NETFramework,Version=v4.8.1' instead of the project target framework 'net8.0'. This package may not be fully compatible with your project. [C:\Users\ultra\warewolf\Dev\Dev2.Studio.Core.Tests\Dev2.Studio.Core.Tests.csproj]
C:\Users\ultra\warewolf\Dev\Dev2.Runtime.Services\Dev2.Runtime.Services.csproj : warning NU1701: Package 'TaskSchedulerEditor 2.10.1' was restored using '.NETFramework,Version=v4.6.1, .NETFramework,Version=v4.6.2, .NETFramework,Version=v4.7, .NETFramework,Version=v4.7.1, .NETFramework,Version=v4.7.2, .NETFramework,Version=v4.8, .NETFramework,Version=v4.8.1' instead of the project target framework 'net8.0'. This package may not be fully compatible with your project. [C:\Users\ultra\warewolf\Dev\Dev2.Studio.Core.Tests\Dev2.Studio.Core.Tests.csproj]
C:\Users\ultra\warewolf\Dev\Warewolf.Studio.CustomControls\Warewolf.Studio.CustomControls.csproj : warning NU1701: Package 'AeroWizard 2.3.1' was restored using '.NETFramework,Version=v4.6.1, .NETFramework,Version=v4.6.2, .NETFramework,Version=v4.7, .NETFramework,Version=v4.7.1, .NETFramework,Version=v4.7.2, .NETFramework,Version=v4.8, .NETFramework,Version=v4.8.1' instead of the project target framework 'net8.0'. This package may not be fully compatible with your project. [C:\Users\ultra\warewolf\Dev\Dev2.Studio.Core.Tests\Dev2.Studio.Core.Tests.csproj]
C:\Users\ultra\warewolf\Dev\Warewolf.Studio.CustomControls\Warewolf.Studio.CustomControls.csproj : warning NU1701: Package 'GroupControls 1.9.0' was restored using '.NETFramework,Version=v4.6.1, .NETFramework,Version=v4.6.2, .NETFramework,Version=v4.7, .NETFramework,Version=v4.7.1, .NETFramework,Version=v4.7.2, .NETFramework,Version=v4.8, .NETFramework,Version=v4.8.1' instead of the project target framework 'net8.0'. This package may not be fully compatible with your project. [C:\Users\ultra\warewolf\Dev\Dev2.Studio.Core.Tests\Dev2.Studio.Core.Tests.csproj]
C:\Users\ultra\warewolf\Dev\Warewolf.Trigger.Queue\Warewolf.Trigger.Queue.csproj : warning NU1701: Package 'AeroWizard 2.3.1' was restored using '.NETFramework,Version=v4.6.1, .NETFramework,Version=v4.6.2, .NETFramework,Version=v4.7, .NETFramework,Version=v4.7.1, .NETFramework,Version=v4.7.2, .NETFramework,Version=v4.8, .NETFramework,Version=v4.8.1' instead of the project target framework 'net8.0'. This package may not be fully compatible with your project. [C:\Users\ultra\warewolf\Dev\Dev2.Studio.Core.Tests\Dev2.Studio.Core.Tests.csproj]
C:\Users\ultra\warewolf\Dev\Warewolf.Studio.CustomControls\Warewolf.Studio.CustomControls.csproj : warning NU1701: Package 'Microsoft.Xaml.Behaviors.Wpf 1.1.122' was restored using '.NETFramework,Version=v4.6.1, .NETFramework,Version=v4.6.2, .NETFramework,Version=v4.7, .NETFramework,Version=v4.7.1, .NETFramework,Version=v4.7.2, .NETFramework,Version=v4.8, .NETFramework,Version=v4.8.1' instead of the project target framework 'net8.0'. This package may not be fully compatible with your project. [C:\Users\ultra\warewolf\Dev\Dev2.Studio.Core.Tests\Dev2.Studio.Core.Tests.csproj]
C:\Users\ultra\warewolf\Dev\Warewolf.Common.Framework48\Warewolf.Common.Framework48.csproj : warning NU1902: Package 'System.IdentityModel.Tokens.Jwt' 5.1.0 has a known moderate severity vulnerability, https://github.com/advisories/GHSA-59j7-ghrg-fj52 [C:\Users\ultra\warewolf\Dev\Dev2.Studio.Core.Tests\Dev2.Studio.Core.Tests.csproj]
C:\Users\ultra\warewolf\Dev\Warewolf.Studio.CustomControls\Warewolf.Studio.CustomControls.csproj : warning NU1701: Package 'Prism.Wpf 9.0.537' was restored using '.NETFramework,Version=v4.6.1, .NETFramework,Version=v4.6.2, .NETFramework,Version=v4.7, .NETFramework,Version=v4.7.1, .NETFramework,Version=v4.7.2, .NETFramework,Version=v4.8, .NETFramework,Version=v4.8.1' instead of the project target framework 'net8.0'. This package may not be fully compatible with your project. [C:\Users\ultra\warewolf\Dev\Dev2.Studio.Core.Tests\Dev2.Studio.Core.Tests.csproj]
C:\Users\ultra\warewolf\Dev\Warewolf.Trigger.Queue\Warewolf.Trigger.Queue.csproj : warning NU1701: Package 'GroupControls 1.9.0' was restored using '.NETFramework,Version=v4.6.1, .NETFramework,Version=v4.6.2, .NETFramework,Version=v4.7, .NETFramework,Version=v4.7.1, .NETFramework,Version=v4.7.2, .NETFramework,Version=v4.8, .NETFramework,Version=v4.8.1' instead of the project target framework 'net8.0'. This package may not be fully compatible with your project. [C:\Users\ultra\warewolf\Dev\Dev2.Studio.Core.Tests\Dev2.Studio.Core.Tests.csproj]
C:\Users\ultra\warewolf\Dev\Warewolf.Common.Framework48\Warewolf.Common.Framework48.csproj : warning NU1701: Package 'AeroWizard 2.3.1' was restored using '.NETFramework,Version=v4.6.1, .NETFramework,Version=v4.6.2, .NETFramework,Version=v4.7, .NETFramework,Version=v4.7.1, .NETFramework,Version=v4.7.2, .NETFramework,Version=v4.8, .NETFramework,Version=v4.8.1' instead of the project target framework 'net8.0'. This package may not be fully compatible with your project. [C:\Users\ultra\warewolf\Dev\Dev2.Studio.Core.Tests\Dev2.Studio.Core.Tests.csproj]
C:\Users\ultra\warewolf\Dev\Warewolf.Studio.CustomControls\Warewolf.Studio.CustomControls.csproj : warning NU1701: Package 'ReactiveUI.WPF 18.4.1' was restored using '.NETFramework,Version=v4.6.1, .NETFramework,Version=v4.6.2, .NETFramework,Version=v4.7, .NETFramework,Version=v4.7.1, .NETFramework,Version=v4.7.2, .NETFramework,Version=v4.8, .NETFramework,Version=v4.8.1' instead of the project target framework 'net8.0'. This package may not be fully compatible with your project. [C:\Users\ultra\warewolf\Dev\Dev2.Studio.Core.Tests\Dev2.Studio.Core.Tests.csproj]
C:\Users\ultra\warewolf\Dev\Warewolf.Studio.AntiCorruptionLayer\Warewolf.Studio.AntiCorruptionLayer.csproj : warning NU1701: Package 'AeroWizard 2.3.1' was restored using '.NETFramework,Version=v4.6.1, .NETFramework,Version=v4.6.2, .NETFramework,Version=v4.7, .NETFramework,Version=v4.7.1, .NETFramework,Version=v4.7.2, .NETFramework,Version=v4.8, .NETFramework,Version=v4.8.1' instead of the project target framework 'net8.0'. This package may not be fully compatible with your project. [C:\Users\ultra\warewolf\Dev\Dev2.Studio.Core.Tests\Dev2.Studio.Core.Tests.csproj]
C:\Users\ultra\warewolf\Dev\Warewolf.Studio.CustomControls\Warewolf.Studio.CustomControls.csproj : warning NU1701: Package 'TaskSchedulerEditor 2.10.1' was restored using '.NETFramework,Version=v4.6.1, .NETFramework,Version=v4.6.2, .NETFramework,Version=v4.7, .NETFramework,Version=v4.7.1, .NETFramework,Version=v4.7.2, .NETFramework,Version=v4.8, .NETFramework,Version=v4.8.1' instead of the project target framework 'net8.0'. This package may not be fully compatible with your project. [C:\Users\ultra\warewolf\Dev\Dev2.Studio.Core.Tests\Dev2.Studio.Core.Tests.csproj]
C:\Users\ultra\warewolf\Dev\Warewolf.Studio.AntiCorruptionLayer\Warewolf.Studio.AntiCorruptionLayer.csproj : warning NU1701: Package 'GroupControls 1.9.0' was restored using '.NETFramework,Version=v4.6.1, .NETFramework,Version=v4.6.2, .NETFramework,Version=v4.7, .NETFramework,Version=v4.7.1, .NETFramework,Version=v4.7.2, .NETFramework,Version=v4.8, .NETFramework,Version=v4.8.1' instead of the project target framework 'net8.0'. This package may not be fully compatible with your project. [C:\Users\ultra\warewolf\Dev\Dev2.Studio.Core.Tests\Dev2.Studio.Core.Tests.csproj]
C:\Users\ultra\warewolf\Dev\Warewolf.Trigger.Queue\Warewolf.Trigger.Queue.csproj : warning NU1701: Package 'Microsoft.Xaml.Behaviors.Wpf 1.1.122' was restored using '.NETFramework,Version=v4.6.1, .NETFramework,Version=v4.6.2, .NETFramework,Version=v4.7, .NETFramework,Version=v4.7.1, .NETFramework,Version=v4.7.2, .NETFramework,Version=v4.8, .NETFramework,Version=v4.8.1' instead of the project target framework 'net8.0'. This package may not be fully compatible with your project. [C:\Users\ultra\warewolf\Dev\Dev2.Studio.Core.Tests\Dev2.Studio.Core.Tests.csproj]
C:\Users\ultra\warewolf\Dev\Warewolf.Common.Framework48\Warewolf.Common.Framework48.csproj : warning NU1701: Package 'GroupControls 1.9.0' was restored using '.NETFramework,Version=v4.6.1, .NETFramework,Version=v4.6.2, .NETFramework,Version=v4.7, .NETFramework,Version=v4.7.1, .NETFramework,Version=v4.7.2, .NETFramework,Version=v4.8, .NETFramework,Version=v4.8.1' instead of the project target framework 'net8.0'. This package may not be fully compatible with your project. [C:\Users\ultra\warewolf\Dev\Dev2.Studio.Core.Tests\Dev2.Studio.Core.Tests.csproj]
C:\Users\ultra\warewolf\Dev\Warewolf.Studio.AntiCorruptionLayer\Warewolf.Studio.AntiCorruptionLayer.csproj : warning NU1701: Package 'Microsoft.Xaml.Behaviors.Wpf 1.1.122' was restored using '.NETFramework,Version=v4.6.1, .NETFramework,Version=v4.6.2, .NETFramework,Version=v4.7, .NETFramework,Version=v4.7.1, .NETFramework,Version=v4.7.2, .NETFramework,Version=v4.8, .NETFramework,Version=v4.8.1' instead of the project target framework 'net8.0'. This package may not be fully compatible with your project. [C:\Users\ultra\warewolf\Dev\Dev2.Studio.Core.Tests\Dev2.Studio.Core.Tests.csproj]
C:\Users\ultra\warewolf\Dev\Warewolf.Trigger.Queue\Warewolf.Trigger.Queue.csproj : warning NU1701: Package 'Prism.Wpf 9.0.537' was restored using '.NETFramework,Version=v4.6.1, .NETFramework,Version=v4.6.2, .NETFramework,Version=v4.7, .NETFramework,Version=v4.7.1, .NETFramework,Version=v4.7.2, .NETFramework,Version=v4.8, .NETFramework,Version=v4.8.1' instead of the project target framework 'net8.0'. This package may not be fully compatible with your project. [C:\Users\ultra\warewolf\Dev\Dev2.Studio.Core.Tests\Dev2.Studio.Core.Tests.csproj]
C:\Users\ultra\warewolf\Dev\Warewolf.Common.Framework48\Warewolf.Common.Framework48.csproj : warning NU1701: Package 'Microsoft.Xaml.Behaviors.Wpf 1.1.122' was restored using '.NETFramework,Version=v4.6.1, .NETFramework,Version=v4.6.2, .NETFramework,Version=v4.7, .NETFramework,Version=v4.7.1, .NETFramework,Version=v4.7.2, .NETFramework,Version=v4.8, .NETFramework,Version=v4.8.1' instead of the project target framework 'net8.0'. This package may not be fully compatible with your project. [C:\Users\ultra\warewolf\Dev\Dev2.Studio.Core.Tests\Dev2.Studio.Core.Tests.csproj]
C:\Users\ultra\warewolf\Dev\Warewolf.Studio.AntiCorruptionLayer\Warewolf.Studio.AntiCorruptionLayer.csproj : warning NU1701: Package 'Prism.Wpf 9.0.537' was restored using '.NETFramework,Version=v4.6.1, .NETFramework,Version=v4.6.2, .NETFramework,Version=v4.7, .NETFramework,Version=v4.7.1, .NETFramework,Version=v4.7.2, .NETFramework,Version=v4.8, .NETFramework,Version=v4.8.1' instead of the project target framework 'net8.0'. This package may not be fully compatible with your project. [C:\Users\ultra\warewolf\Dev\Dev2.Studio.Core.Tests\Dev2.Studio.Core.Tests.csproj]
C:\Users\ultra\warewolf\Dev\Warewolf.Trigger.Queue\Warewolf.Trigger.Queue.csproj : warning NU1701: Package 'ReactiveUI.WPF 18.4.1' was restored using '.NETFramework,Version=v4.6.1, .NETFramework,Version=v4.6.2, .NETFramework,Version=v4.7, .NETFramework,Version=v4.7.1, .NETFramework,Version=v4.7.2, .NETFramework,Version=v4.8, .NETFramework,Version=v4.8.1' instead of the project target framework 'net8.0'. This package may not be fully compatible with your project. [C:\Users\ultra\warewolf\Dev\Dev2.Studio.Core.Tests\Dev2.Studio.Core.Tests.csproj]
C:\Users\ultra\warewolf\Dev\Warewolf.Common.Framework48\Warewolf.Common.Framework48.csproj : warning NU1701: Package 'Prism.Wpf 9.0.537' was restored using '.NETFramework,Version=v4.6.1, .NETFramework,Version=v4.6.2, .NETFramework,Version=v4.7, .NETFramework,Version=v4.7.1, .NETFramework,Version=v4.7.2, .NETFramework,Version=v4.8, .NETFramework,Version=v4.8.1' instead of the project target framework 'net8.0'. This package may not be fully compatible with your project. [C:\Users\ultra\warewolf\Dev\Dev2.Studio.Core.Tests\Dev2.Studio.Core.Tests.csproj]
C:\Users\ultra\warewolf\Dev\Warewolf.Trigger.Queue\Warewolf.Trigger.Queue.csproj : warning NU1701: Package 'TaskSchedulerEditor 2.10.1' was restored using '.NETFramework,Version=v4.6.1, .NETFramework,Version=v4.6.2, .NETFramework,Version=v4.7, .NETFramework,Version=v4.7.1, .NETFramework,Version=v4.7.2, .NETFramework,Version=v4.8, .NETFramework,Version=v4.8.1' instead of the project target framework 'net8.0'. This package may not be fully compatible with your project. [C:\Users\ultra\warewolf\Dev\Dev2.Studio.Core.Tests\Dev2.Studio.Core.Tests.csproj]
C:\Users\ultra\warewolf\Dev\Warewolf.Common.Framework48\Warewolf.Common.Framework48.csproj : warning NU1701: Package 'ReactiveUI.WPF 18.4.1' was restored using '.NETFramework,Version=v4.6.1, .NETFramework,Version=v4.6.2, .NETFramework,Version=v4.7, .NETFramework,Version=v4.7.1, .NETFramework,Version=v4.7.2, .NETFramework,Version=v4.8, .NETFramework,Version=v4.8.1' instead of the project target framework 'net8.0'. This package may not be fully compatible with your project. [C:\Users\ultra\warewolf\Dev\Dev2.Studio.Core.Tests\Dev2.Studio.Core.Tests.csproj]
C:\Users\ultra\warewolf\Dev\Warewolf.UI\Warewolf.UI.csproj : warning NU1701: Package 'AeroWizard 2.3.1' was restored using '.NETFramework,Version=v4.6.1, .NETFramework,Version=v4.6.2, .NETFramework,Version=v4.7, .NETFramework,Version=v4.7.1, .NETFramework,Version=v4.7.2, .NETFramework,Version=v4.8, .NETFramework,Version=v4.8.1' instead of the project target framework 'net8.0'. This package may not be fully compatible with your project. [C:\Users\ultra\warewolf\Dev\Dev2.Studio.Core.Tests\Dev2.Studio.Core.Tests.csproj]
C:\Users\ultra\warewolf\Dev\Warewolf.Studio.AntiCorruptionLayer\Warewolf.Studio.AntiCorruptionLayer.csproj : warning NU1701: Package 'ReactiveUI.WPF 18.4.1' was restored using '.NETFramework,Version=v4.6.1, .NETFramework,Version=v4.6.2, .NETFramework,Version=v4.7, .NETFramework,Version=v4.7.1, .NETFramework,Version=v4.7.2, .NETFramework,Version=v4.8, .NETFramework,Version=v4.8.1' instead of the project target framework 'net8.0'. This package may not be fully compatible with your project. [C:\Users\ultra\warewolf\Dev\Dev2.Studio.Core.Tests\Dev2.Studio.Core.Tests.csproj]
C:\Users\ultra\warewolf\Dev\Warewolf.Common.Framework48\Warewolf.Common.Framework48.csproj : warning NU1701: Package 'TaskSchedulerEditor 2.10.1' was restored using '.NETFramework,Version=v4.6.1, .NETFramework,Version=v4.6.2, .NETFramework,Version=v4.7, .NETFramework,Version=v4.7.1, .NETFramework,Version=v4.7.2, .NETFramework,Version=v4.8, .NETFramework,Version=v4.8.1' instead of the project target framework 'net8.0'. This package may not be fully compatible with your project. [C:\Users\ultra\warewolf\Dev\Dev2.Studio.Core.Tests\Dev2.Studio.Core.Tests.csproj]
C:\Users\ultra\warewolf\Dev\Warewolf.Studio.AntiCorruptionLayer\Warewolf.Studio.AntiCorruptionLayer.csproj : warning NU1701: Package 'TaskSchedulerEditor 2.10.1' was restored using '.NETFramework,Version=v4.6.1, .NETFramework,Version=v4.6.2, .NETFramework,Version=v4.7, .NETFramework,Version=v4.7.1, .NETFramework,Version=v4.7.2, .NETFramework,Version=v4.8, .NETFramework,Version=v4.8.1' instead of the project target framework 'net8.0'. This package may not be fully compatible with your project. [C:\Users\ultra\warewolf\Dev\Dev2.Studio.Core.Tests\Dev2.Studio.Core.Tests.csproj]
C:\Users\ultra\warewolf\Dev\Warewolf.UI\Warewolf.UI.csproj : warning NU1701: Package 'GroupControls 1.9.0' was restored using '.NETFramework,Version=v4.6.1, .NETFramework,Version=v4.6.2, .NETFramework,Version=v4.7, .NETFramework,Version=v4.7.1, .NETFramework,Version=v4.7.2, .NETFramework,Version=v4.8, .NETFramework,Version=v4.8.1' instead of the project target framework 'net8.0'. This package may not be fully compatible with your project. [C:\Users\ultra\warewolf\Dev\Dev2.Studio.Core.Tests\Dev2.Studio.Core.Tests.csproj]
C:\Users\ultra\warewolf\Dev\Warewolf.UI\Warewolf.UI.csproj : warning NU1701: Package 'Microsoft.Xaml.Behaviors.Wpf 1.1.122' was restored using '.NETFramework,Version=v4.6.1, .NETFramework,Version=v4.6.2, .NETFramework,Version=v4.7, .NETFramework,Version=v4.7.1, .NETFramework,Version=v4.7.2, .NETFramework,Version=v4.8, .NETFramework,Version=v4.8.1' instead of the project target framework 'net8.0'. This package may not be fully compatible with your project. [C:\Users\ultra\warewolf\Dev\Dev2.Studio.Core.Tests\Dev2.Studio.Core.Tests.csproj]
C:\Users\ultra\warewolf\Dev\Warewolf.UI\Warewolf.UI.csproj : warning NU1701: Package 'Prism.Wpf 9.0.537' was restored using '.NETFramework,Version=v4.6.1, .NETFramework,Version=v4.6.2, .NETFramework,Version=v4.7, .NETFramework,Version=v4.7.1, .NETFramework,Version=v4.7.2, .NETFramework,Version=v4.8, .NETFramework,Version=v4.8.1' instead of the project target framework 'net8.0'. This package may not be fully compatible with your project. [C:\Users\ultra\warewolf\Dev\Dev2.Studio.Core.Tests\Dev2.Studio.Core.Tests.csproj]
C:\Users\ultra\warewolf\Dev\Warewolf.UI\Warewolf.UI.csproj : warning NU1701: Package 'ReactiveUI.WPF 18.4.1' was restored using '.NETFramework,Version=v4.6.1, .NETFramework,Version=v4.6.2, .NETFramework,Version=v4.7, .NETFramework,Version=v4.7.1, .NETFramework,Version=v4.7.2, .NETFramework,Version=v4.8, .NETFramework,Version=v4.8.1' instead of the project target framework 'net8.0'. This package may not be fully compatible with your project. [C:\Users\ultra\warewolf\Dev\Dev2.Studio.Core.Tests\Dev2.Studio.Core.Tests.csproj]
C:\Users\ultra\warewolf\Dev\Warewolf.UI\Warewolf.UI.csproj : warning NU1701: Package 'TaskSchedulerEditor 2.10.1' was restored using '.NETFramework,Version=v4.6.1, .NETFramework,Version=v4.6.2, .NETFramework,Version=v4.7, .NETFramework,Version=v4.7.1, .NETFramework,Version=v4.7.2, .NETFramework,Version=v4.8, .NETFramework,Version=v4.8.1' instead of the project target framework 'net8.0'. This package may not be fully compatible with your project. [C:\Users\ultra\warewolf\Dev\Dev2.Studio.Core.Tests\Dev2.Studio.Core.Tests.csproj]
C:\Users\ultra\warewolf\Dev\Dev2.Runtime.Configuration.Tests\Dev2.Runtime.Configuration.Tests.csproj : warning NU1701: Package 'AeroWizard 2.3.1' was restored using '.NETFramework,Version=v4.6.1, .NETFramework,Version=v4.6.2, .NETFramework,Version=v4.7, .NETFramework,Version=v4.7.1, .NETFramework,Version=v4.7.2, .NETFramework,Version=v4.8, .NETFramework,Version=v4.8.1' instead of the project target framework 'net8.0'. This package may not be fully compatible with your project. [C:\Users\ultra\warewolf\Dev\Dev2.Studio.Core.Tests\Dev2.Studio.Core.Tests.csproj]
C:\Users\ultra\warewolf\Dev\Dev2.Runtime.Configuration.Tests\Dev2.Runtime.Configuration.Tests.csproj : warning NU1701: Package 'GroupControls 1.9.0' was restored using '.NETFramework,Version=v4.6.1, .NETFramework,Version=v4.6.2, .NETFramework,Version=v4.7, .NETFramework,Version=v4.7.1, .NETFramework,Version=v4.7.2, .NETFramework,Version=v4.8, .NETFramework,Version=v4.8.1' instead of the project target framework 'net8.0'. This package may not be fully compatible with your project. [C:\Users\ultra\warewolf\Dev\Dev2.Studio.Core.Tests\Dev2.Studio.Core.Tests.csproj]
C:\Users\ultra\warewolf\Dev\Dev2.Runtime.Configuration.Tests\Dev2.Runtime.Configuration.Tests.csproj : warning NU1701: Package 'TaskSchedulerEditor 2.10.1' was restored using '.NETFramework,Version=v4.6.1, .NETFramework,Version=v4.6.2, .NETFramework,Version=v4.7, .NETFramework,Version=v4.7.1, .NETFramework,Version=v4.7.2, .NETFramework,Version=v4.8, .NETFramework,Version=v4.8.1' instead of the project target framework 'net8.0'. This package may not be fully compatible with your project. [C:\Users\ultra\warewolf\Dev\Dev2.Studio.Core.Tests\Dev2.Studio.Core.Tests.csproj]
C:\Users\ultra\warewolf\Dev\Dev2.Infrastructure\Dev2.Infrastructure.csproj : warning NU1903: Package 'Microsoft.Windows.Compatibility' 6.0.0 has a known high severity vulnerability, https://github.com/advisories/GHSA-555c-2p6r-68mm [C:\Users\ultra\warewolf\Dev\Dev2.Studio.Core.Tests\Dev2.Studio.Core.Tests.csproj]
C:\Users\ultra\warewolf\Dev\Dev2.Infrastructure\Dev2.Infrastructure.csproj : warning NU1701: Package 'AeroWizard 2.3.1' was restored using '.NETFramework,Version=v4.6.1, .NETFramework,Version=v4.6.2, .NETFramework,Version=v4.7, .NETFramework,Version=v4.7.1, .NETFramework,Version=v4.7.2, .NETFramework,Version=v4.8, .NETFramework,Version=v4.8.1' instead of the project target framework 'net8.0'. This package may not be fully compatible with your project. [C:\Users\ultra\warewolf\Dev\Dev2.Studio.Core.Tests\Dev2.Studio.Core.Tests.csproj]
C:\Users\ultra\warewolf\Dev\Dev2.Infrastructure\Dev2.Infrastructure.csproj : warning NU1701: Package 'GroupControls 1.9.0' was restored using '.NETFramework,Version=v4.6.1, .NETFramework,Version=v4.6.2, .NETFramework,Version=v4.7, .NETFramework,Version=v4.7.1, .NETFramework,Version=v4.7.2, .NETFramework,Version=v4.8, .NETFramework,Version=v4.8.1' instead of the project target framework 'net8.0'. This package may not be fully compatible with your project. [C:\Users\ultra\warewolf\Dev\Dev2.Studio.Core.Tests\Dev2.Studio.Core.Tests.csproj]
C:\Users\ultra\warewolf\Dev\Dev2.Infrastructure\Dev2.Infrastructure.csproj : warning NU1701: Package 'ReactiveUI.WPF 18.4.1' was restored using '.NETFramework,Version=v4.6.1, .NETFramework,Version=v4.6.2, .NETFramework,Version=v4.7, .NETFramework,Version=v4.7.1, .NETFramework,Version=v4.7.2, .NETFramework,Version=v4.8, .NETFramework,Version=v4.8.1' instead of the project target framework 'net8.0'. This package may not be fully compatible with your project. [C:\Users\ultra\warewolf\Dev\Dev2.Studio.Core.Tests\Dev2.Studio.Core.Tests.csproj]
C:\Users\ultra\warewolf\Dev\Dev2.Infrastructure\Dev2.Infrastructure.csproj : warning NU1701: Package 'TaskSchedulerEditor 2.10.1' was restored using '.NETFramework,Version=v4.6.1, .NETFramework,Version=v4.6.2, .NETFramework,Version=v4.7, .NETFramework,Version=v4.7.1, .NETFramework,Version=v4.7.2, .NETFramework,Version=v4.8, .NETFramework,Version=v4.8.1' instead of the project target framework 'net8.0'. This package may not be fully compatible with your project. [C:\Users\ultra\warewolf\Dev\Dev2.Studio.Core.Tests\Dev2.Studio.Core.Tests.csproj]
C:\Users\ultra\warewolf\Dev\Dev2.Services.Sql\Dev2.Services.Sql.csproj : warning NU1903: Package 'Oracle.ManagedDataAccess.Core' 3.21.70 has a known high severity vulnerability, https://github.com/advisories/GHSA-5pm2-9mr2-3frq [C:\Users\ultra\warewolf\Dev\Dev2.Studio.Core.Tests\Dev2.Studio.Core.Tests.csproj]
C:\Users\ultra\warewolf\Dev\Dev2.Services.Sql\Dev2.Services.Sql.csproj : warning NU1701: Package 'AeroWizard 2.3.1' was restored using '.NETFramework,Version=v4.6.1, .NETFramework,Version=v4.6.2, .NETFramework,Version=v4.7, .NETFramework,Version=v4.7.1, .NETFramework,Version=v4.7.2, .NETFramework,Version=v4.8, .NETFramework,Version=v4.8.1' instead of the project target framework 'net8.0'. This package may not be fully compatible with your project. [C:\Users\ultra\warewolf\Dev\Dev2.Studio.Core.Tests\Dev2.Studio.Core.Tests.csproj]
C:\Users\ultra\warewolf\Dev\Dev2.Services.Sql\Dev2.Services.Sql.csproj : warning NU1701: Package 'GroupControls 1.9.0' was restored using '.NETFramework,Version=v4.6.1, .NETFramework,Version=v4.6.2, .NETFramework,Version=v4.7, .NETFramework,Version=v4.7.1, .NETFramework,Version=v4.7.2, .NETFramework,Version=v4.8, .NETFramework,Version=v4.8.1' instead of the project target framework 'net8.0'. This package may not be fully compatible with your project. [C:\Users\ultra\warewolf\Dev\Dev2.Studio.Core.Tests\Dev2.Studio.Core.Tests.csproj]
C:\Users\ultra\warewolf\Dev\Dev2.Services.Sql\Dev2.Services.Sql.csproj : warning NU1701: Package 'ReactiveUI.WPF 18.4.1' was restored using '.NETFramework,Version=v4.6.1, .NETFramework,Version=v4.6.2, .NETFramework,Version=v4.7, .NETFramework,Version=v4.7.1, .NETFramework,Version=v4.7.2, .NETFramework,Version=v4.8, .NETFramework,Version=v4.8.1' instead of the project target framework 'net8.0'. This package may not be fully compatible with your project. [C:\Users\ultra\warewolf\Dev\Dev2.Studio.Core.Tests\Dev2.Studio.Core.Tests.csproj]
C:\Users\ultra\warewolf\Dev\Dev2.Services.Sql\Dev2.Services.Sql.csproj : warning NU1701: Package 'TaskSchedulerEditor 2.10.1' was restored using '.NETFramework,Version=v4.6.1, .NETFramework,Version=v4.6.2, .NETFramework,Version=v4.7, .NETFramework,Version=v4.7.1, .NETFramework,Version=v4.7.2, .NETFramework,Version=v4.8, .NETFramework,Version=v4.8.1' instead of the project target framework 'net8.0'. This package may not be fully compatible with your project. [C:\Users\ultra\warewolf\Dev\Dev2.Studio.Core.Tests\Dev2.Studio.Core.Tests.csproj]
C:\Users\ultra\warewolf\Dev\Dev2.Scheduler\Dev2.Scheduler.csproj : warning NU1701: Package 'AeroWizard 2.3.1' was restored using '.NETFramework,Version=v4.6.1, .NETFramework,Version=v4.6.2, .NETFramework,Version=v4.7, .NETFramework,Version=v4.7.1, .NETFramework,Version=v4.7.2, .NETFramework,Version=v4.8, .NETFramework,Version=v4.8.1' instead of the project target framework 'net8.0'. This package may not be fully compatible with your project. [C:\Users\ultra\warewolf\Dev\Dev2.Studio.Core.Tests\Dev2.Studio.Core.Tests.csproj]
C:\Users\ultra\warewolf\Dev\Dev2.Scheduler\Dev2.Scheduler.csproj : warning NU1701: Package 'GroupControls 1.9.0' was restored using '.NETFramework,Version=v4.6.1, .NETFramework,Version=v4.6.2, .NETFramework,Version=v4.7, .NETFramework,Version=v4.7.1, .NETFramework,Version=v4.7.2, .NETFramework,Version=v4.8, .NETFramework,Version=v4.8.1' instead of the project target framework 'net8.0'. This package may not be fully compatible with your project. [C:\Users\ultra\warewolf\Dev\Dev2.Studio.Core.Tests\Dev2.Studio.Core.Tests.csproj]
C:\Users\ultra\warewolf\Dev\Dev2.Scheduler\Dev2.Scheduler.csproj : warning NU1701: Package 'ReactiveUI.WPF 18.4.1' was restored using '.NETFramework,Version=v4.6.1, .NETFramework,Version=v4.6.2, .NETFramework,Version=v4.7, .NETFramework,Version=v4.7.1, .NETFramework,Version=v4.7.2, .NETFramework,Version=v4.8, .NETFramework,Version=v4.8.1' instead of the project target framework 'net8.0'. This package may not be fully compatible with your project. [C:\Users\ultra\warewolf\Dev\Dev2.Studio.Core.Tests\Dev2.Studio.Core.Tests.csproj]
C:\Users\ultra\warewolf\Dev\Dev2.Scheduler\Dev2.Scheduler.csproj : warning NU1701: Package 'TaskSchedulerEditor 2.10.1' was restored using '.NETFramework,Version=v4.6.1, .NETFramework,Version=v4.6.2, .NETFramework,Version=v4.7, .NETFramework,Version=v4.7.1, .NETFramework,Version=v4.7.2, .NETFramework,Version=v4.8, .NETFramework,Version=v4.8.1' instead of the project target framework 'net8.0'. This package may not be fully compatible with your project. [C:\Users\ultra\warewolf\Dev\Dev2.Studio.Core.Tests\Dev2.Studio.Core.Tests.csproj]
C:\Users\ultra\warewolf\Dev\Dev2.Services.Execution\Dev2.Services.Execution.csproj : warning NU1701: Package 'AeroWizard 2.3.1' was restored using '.NETFramework,Version=v4.6.1, .NETFramework,Version=v4.6.2, .NETFramework,Version=v4.7, .NETFramework,Version=v4.7.1, .NETFramework,Version=v4.7.2, .NETFramework,Version=v4.8, .NETFramework,Version=v4.8.1' instead of the project target framework 'net8.0'. This package may not be fully compatible with your project. [C:\Users\ultra\warewolf\Dev\Dev2.Studio.Core.Tests\Dev2.Studio.Core.Tests.csproj]
C:\Users\ultra\warewolf\Dev\Dev2.Services.Execution\Dev2.Services.Execution.csproj : warning NU1701: Package 'GroupControls 1.9.0' was restored using '.NETFramework,Version=v4.6.1, .NETFramework,Version=v4.6.2, .NETFramework,Version=v4.7, .NETFramework,Version=v4.7.1, .NETFramework,Version=v4.7.2, .NETFramework,Version=v4.8, .NETFramework,Version=v4.8.1' instead of the project target framework 'net8.0'. This package may not be fully compatible with your project. [C:\Users\ultra\warewolf\Dev\Dev2.Studio.Core.Tests\Dev2.Studio.Core.Tests.csproj]
C:\Users\ultra\warewolf\Dev\Dev2.Services.Execution\Dev2.Services.Execution.csproj : warning NU1701: Package 'ReactiveUI.WPF 18.4.1' was restored using '.NETFramework,Version=v4.6.1, .NETFramework,Version=v4.6.2, .NETFramework,Version=v4.7, .NETFramework,Version=v4.7.1, .NETFramework,Version=v4.7.2, .NETFramework,Version=v4.8, .NETFramework,Version=v4.8.1' instead of the project target framework 'net8.0'. This package may not be fully compatible with your project. [C:\Users\ultra\warewolf\Dev\Dev2.Studio.Core.Tests\Dev2.Studio.Core.Tests.csproj]
C:\Users\ultra\warewolf\Dev\Dev2.Services.Execution\Dev2.Services.Execution.csproj : warning NU1701: Package 'TaskSchedulerEditor 2.10.1' was restored using '.NETFramework,Version=v4.6.1, .NETFramework,Version=v4.6.2, .NETFramework,Version=v4.7, .NETFramework,Version=v4.7.1, .NETFramework,Version=v4.7.2, .NETFramework,Version=v4.8, .NETFramework,Version=v4.8.1' instead of the project target framework 'net8.0'. This package may not be fully compatible with your project. [C:\Users\ultra\warewolf\Dev\Dev2.Studio.Core.Tests\Dev2.Studio.Core.Tests.csproj]
C:\Users\ultra\warewolf\Dev\Dev2.Intellisense\Dev2.Intellisense.csproj : warning NU1701: Package 'AeroWizard 2.3.1' was restored using '.NETFramework,Version=v4.6.1, .NETFramework,Version=v4.6.2, .NETFramework,Version=v4.7, .NETFramework,Version=v4.7.1, .NETFramework,Version=v4.7.2, .NETFramework,Version=v4.8, .NETFramework,Version=v4.8.1' instead of the project target framework 'net8.0'. This package may not be fully compatible with your project. [C:\Users\ultra\warewolf\Dev\Dev2.Studio.Core.Tests\Dev2.Studio.Core.Tests.csproj]
C:\Users\ultra\warewolf\Dev\Dev2.Intellisense\Dev2.Intellisense.csproj : warning NU1701: Package 'GroupControls 1.9.0' was restored using '.NETFramework,Version=v4.6.1, .NETFramework,Version=v4.6.2, .NETFramework,Version=v4.7, .NETFramework,Version=v4.7.1, .NETFramework,Version=v4.7.2, .NETFramework,Version=v4.8, .NETFramework,Version=v4.8.1' instead of the project target framework 'net8.0'. This package may not be fully compatible with your project. [C:\Users\ultra\warewolf\Dev\Dev2.Studio.Core.Tests\Dev2.Studio.Core.Tests.csproj]
C:\Users\ultra\warewolf\Dev\Dev2.Intellisense\Dev2.Intellisense.csproj : warning NU1701: Package 'Microsoft.Xaml.Behaviors.Wpf 1.1.122' was restored using '.NETFramework,Version=v4.6.1, .NETFramework,Version=v4.6.2, .NETFramework,Version=v4.7, .NETFramework,Version=v4.7.1, .NETFramework,Version=v4.7.2, .NETFramework,Version=v4.8, .NETFramework,Version=v4.8.1' instead of the project target framework 'net8.0'. This package may not be fully compatible with your project. [C:\Users\ultra\warewolf\Dev\Dev2.Studio.Core.Tests\Dev2.Studio.Core.Tests.csproj]
C:\Users\ultra\warewolf\Dev\Dev2.Intellisense\Dev2.Intellisense.csproj : warning NU1701: Package 'Prism.Wpf 9.0.537' was restored using '.NETFramework,Version=v4.6.1, .NETFramework,Version=v4.6.2, .NETFramework,Version=v4.7, .NETFramework,Version=v4.7.1, .NETFramework,Version=v4.7.2, .NETFramework,Version=v4.8, .NETFramework,Version=v4.8.1' instead of the project target framework 'net8.0'. This package may not be fully compatible with your project. [C:\Users\ultra\warewolf\Dev\Dev2.Studio.Core.Tests\Dev2.Studio.Core.Tests.csproj]
C:\Users\ultra\warewolf\Dev\Dev2.Intellisense\Dev2.Intellisense.csproj : warning NU1701: Package 'ReactiveUI.WPF 18.4.1' was restored using '.NETFramework,Version=v4.6.1, .NETFramework,Version=v4.6.2, .NETFramework,Version=v4.7, .NETFramework,Version=v4.7.1, .NETFramework,Version=v4.7.2, .NETFramework,Version=v4.8, .NETFramework,Version=v4.8.1' instead of the project target framework 'net8.0'. This package may not be fully compatible with your project. [C:\Users\ultra\warewolf\Dev\Dev2.Studio.Core.Tests\Dev2.Studio.Core.Tests.csproj]
C:\Users\ultra\warewolf\Dev\Dev2.Intellisense\Dev2.Intellisense.csproj : warning NU1701: Package 'TaskSchedulerEditor 2.10.1' was restored using '.NETFramework,Version=v4.6.1, .NETFramework,Version=v4.6.2, .NETFramework,Version=v4.7, .NETFramework,Version=v4.7.1, .NETFramework,Version=v4.7.2, .NETFramework,Version=v4.8, .NETFramework,Version=v4.8.1' instead of the project target framework 'net8.0'. This package may not be fully compatible with your project. [C:\Users\ultra\warewolf\Dev\Dev2.Studio.Core.Tests\Dev2.Studio.Core.Tests.csproj]
C:\Users\ultra\warewolf\Dev\Warewolf.Licensing\Warewolf.Licensing.csproj : warning NU1701: Package 'AeroWizard 2.3.1' was restored using '.NETFramework,Version=v4.6.1, .NETFramework,Version=v4.6.2, .NETFramework,Version=v4.7, .NETFramework,Version=v4.7.1, .NETFramework,Version=v4.7.2, .NETFramework,Version=v4.8, .NETFramework,Version=v4.8.1' instead of the project target framework 'net8.0'. This package may not be fully compatible with your project. [C:\Users\ultra\warewolf\Dev\Dev2.Studio.Core.Tests\Dev2.Studio.Core.Tests.csproj]
C:\Users\ultra\warewolf\Dev\Warewolf.Licensing\Warewolf.Licensing.csproj : warning NU1701: Package 'GroupControls 1.9.0' was restored using '.NETFramework,Version=v4.6.1, .NETFramework,Version=v4.6.2, .NETFramework,Version=v4.7, .NETFramework,Version=v4.7.1, .NETFramework,Version=v4.7.2, .NETFramework,Version=v4.8, .NETFramework,Version=v4.8.1' instead of the project target framework 'net8.0'. This package may not be fully compatible with your project. [C:\Users\ultra\warewolf\Dev\Dev2.Studio.Core.Tests\Dev2.Studio.Core.Tests.csproj]
C:\Users\ultra\warewolf\Dev\Warewolf.Licensing\Warewolf.Licensing.csproj : warning NU1701: Package 'TaskSchedulerEditor 2.10.1' was restored using '.NETFramework,Version=v4.6.1, .NETFramework,Version=v4.6.2, .NETFramework,Version=v4.7, .NETFramework,Version=v4.7.1, .NETFramework,Version=v4.7.2, .NETFramework,Version=v4.8, .NETFramework,Version=v4.8.1' instead of the project target framework 'net8.0'. This package may not be fully compatible with your project. [C:\Users\ultra\warewolf\Dev\Dev2.Studio.Core.Tests\Dev2.Studio.Core.Tests.csproj]
C:\Users\ultra\warewolf\Dev\Dev2.Runtime\Dev2.Runtime.csproj : warning NU1903: Package 'Microsoft.Windows.Compatibility' 6.0.0 has a known high severity vulnerability, https://github.com/advisories/GHSA-555c-2p6r-68mm [C:\Users\ultra\warewolf\Dev\Dev2.Studio.Core.Tests\Dev2.Studio.Core.Tests.csproj]
C:\Users\ultra\warewolf\Dev\Dev2.Runtime\Dev2.Runtime.csproj : warning NU1701: Package 'AeroWizard 2.3.1' was restored using '.NETFramework,Version=v4.6.1, .NETFramework,Version=v4.6.2, .NETFramework,Version=v4.7, .NETFramework,Version=v4.7.1, .NETFramework,Version=v4.7.2, .NETFramework,Version=v4.8, .NETFramework,Version=v4.8.1' instead of the project target framework 'net8.0'. This package may not be fully compatible with your project. [C:\Users\ultra\warewolf\Dev\Dev2.Studio.Core.Tests\Dev2.Studio.Core.Tests.csproj]
C:\Users\ultra\warewolf\Dev\Dev2.Runtime\Dev2.Runtime.csproj : warning NU1701: Package 'GroupControls 1.9.0' was restored using '.NETFramework,Version=v4.6.1, .NETFramework,Version=v4.6.2, .NETFramework,Version=v4.7, .NETFramework,Version=v4.7.1, .NETFramework,Version=v4.7.2, .NETFramework,Version=v4.8, .NETFramework,Version=v4.8.1' instead of the project target framework 'net8.0'. This package may not be fully compatible with your project. [C:\Users\ultra\warewolf\Dev\Dev2.Studio.Core.Tests\Dev2.Studio.Core.Tests.csproj]
C:\Users\ultra\warewolf\Dev\Dev2.Runtime\Dev2.Runtime.csproj : warning NU1701: Package 'ReactiveUI.WPF 18.4.1' was restored using '.NETFramework,Version=v4.6.1, .NETFramework,Version=v4.6.2, .NETFramework,Version=v4.7, .NETFramework,Version=v4.7.1, .NETFramework,Version=v4.7.2, .NETFramework,Version=v4.8, .NETFramework,Version=v4.8.1' instead of the project target framework 'net8.0'. This package may not be fully compatible with your project. [C:\Users\ultra\warewolf\Dev\Dev2.Studio.Core.Tests\Dev2.Studio.Core.Tests.csproj]
C:\Users\ultra\warewolf\Dev\Dev2.Runtime\Dev2.Runtime.csproj : warning NU1701: Package 'TaskSchedulerEditor 2.10.1' was restored using '.NETFramework,Version=v4.6.1, .NETFramework,Version=v4.6.2, .NETFramework,Version=v4.7, .NETFramework,Version=v4.7.1, .NETFramework,Version=v4.7.2, .NETFramework,Version=v4.8, .NETFramework,Version=v4.8.1' instead of the project target framework 'net8.0'. This package may not be fully compatible with your project. [C:\Users\ultra\warewolf\Dev\Dev2.Studio.Core.Tests\Dev2.Studio.Core.Tests.csproj]
C:\Users\ultra\warewolf\Dev\Warewolf.MergeParser\Warewolf.MergeParser.csproj : warning NU1701: Package 'AeroWizard 2.3.1' was restored using '.NETFramework,Version=v4.6.1, .NETFramework,Version=v4.6.2, .NETFramework,Version=v4.7, .NETFramework,Version=v4.7.1, .NETFramework,Version=v4.7.2, .NETFramework,Version=v4.8, .NETFramework,Version=v4.8.1' instead of the project target framework 'net8.0'. This package may not be fully compatible with your project. [C:\Users\ultra\warewolf\Dev\Dev2.Studio.Core.Tests\Dev2.Studio.Core.Tests.csproj]
C:\Users\ultra\warewolf\Dev\Warewolf.MergeParser\Warewolf.MergeParser.csproj : warning NU1701: Package 'GroupControls 1.9.0' was restored using '.NETFramework,Version=v4.6.1, .NETFramework,Version=v4.6.2, .NETFramework,Version=v4.7, .NETFramework,Version=v4.7.1, .NETFramework,Version=v4.7.2, .NETFramework,Version=v4.8, .NETFramework,Version=v4.8.1' instead of the project target framework 'net8.0'. This package may not be fully compatible with your project. [C:\Users\ultra\warewolf\Dev\Dev2.Studio.Core.Tests\Dev2.Studio.Core.Tests.csproj]
C:\Users\ultra\warewolf\Dev\Warewolf.MergeParser\Warewolf.MergeParser.csproj : warning NU1701: Package 'Microsoft.Xaml.Behaviors.Wpf 1.1.122' was restored using '.NETFramework,Version=v4.6.1, .NETFramework,Version=v4.6.2, .NETFramework,Version=v4.7, .NETFramework,Version=v4.7.1, .NETFramework,Version=v4.7.2, .NETFramework,Version=v4.8, .NETFramework,Version=v4.8.1' instead of the project target framework 'net8.0'. This package may not be fully compatible with your project. [C:\Users\ultra\warewolf\Dev\Dev2.Studio.Core.Tests\Dev2.Studio.Core.Tests.csproj]
C:\Users\ultra\warewolf\Dev\Warewolf.MergeParser\Warewolf.MergeParser.csproj : warning NU1701: Package 'Prism.Wpf 9.0.537' was restored using '.NETFramework,Version=v4.6.1, .NETFramework,Version=v4.6.2, .NETFramework,Version=v4.7, .NETFramework,Version=v4.7.1, .NETFramework,Version=v4.7.2, .NETFramework,Version=v4.8, .NETFramework,Version=v4.8.1' instead of the project target framework 'net8.0'. This package may not be fully compatible with your project. [C:\Users\ultra\warewolf\Dev\Dev2.Studio.Core.Tests\Dev2.Studio.Core.Tests.csproj]
C:\Users\ultra\warewolf\Dev\Warewolf.MergeParser\Warewolf.MergeParser.csproj : warning NU1701: Package 'ReactiveUI.WPF 18.4.1' was restored using '.NETFramework,Version=v4.6.1, .NETFramework,Version=v4.6.2, .NETFramework,Version=v4.7, .NETFramework,Version=v4.7.1, .NETFramework,Version=v4.7.2, .NETFramework,Version=v4.8, .NETFramework,Version=v4.8.1' instead of the project target framework 'net8.0'. This package may not be fully compatible with your project. [C:\Users\ultra\warewolf\Dev\Dev2.Studio.Core.Tests\Dev2.Studio.Core.Tests.csproj]
C:\Users\ultra\warewolf\Dev\Warewolf.MergeParser\Warewolf.MergeParser.csproj : warning NU1701: Package 'TaskSchedulerEditor 2.10.1' was restored using '.NETFramework,Version=v4.6.1, .NETFramework,Version=v4.6.2, .NETFramework,Version=v4.7, .NETFramework,Version=v4.7.1, .NETFramework,Version=v4.7.2, .NETFramework,Version=v4.8, .NETFramework,Version=v4.8.1' instead of the project target framework 'net8.0'. This package may not be fully compatible with your project. [C:\Users\ultra\warewolf\Dev\Dev2.Studio.Core.Tests\Dev2.Studio.Core.Tests.csproj]
C:\Users\ultra\warewolf\Dev\Warewolf.MergeParser.Tests\Warewolf.MergeParser.Tests.csproj : warning NU1701: Package 'AeroWizard 2.3.1' was restored using '.NETFramework,Version=v4.6.1, .NETFramework,Version=v4.6.2, .NETFramework,Version=v4.7, .NETFramework,Version=v4.7.1, .NETFramework,Version=v4.7.2, .NETFramework,Version=v4.8, .NETFramework,Version=v4.8.1' instead of the project target framework 'net8.0'. This package may not be fully compatible with your project. [C:\Users\ultra\warewolf\Dev\Dev2.Studio.Core.Tests\Dev2.Studio.Core.Tests.csproj]
C:\Users\ultra\warewolf\Dev\Warewolf.MergeParser.Tests\Warewolf.MergeParser.Tests.csproj : warning NU1701: Package 'GroupControls 1.9.0' was restored using '.NETFramework,Version=v4.6.1, .NETFramework,Version=v4.6.2, .NETFramework,Version=v4.7, .NETFramework,Version=v4.7.1, .NETFramework,Version=v4.7.2, .NETFramework,Version=v4.8, .NETFramework,Version=v4.8.1' instead of the project target framework 'net8.0'. This package may not be fully compatible with your project. [C:\Users\ultra\warewolf\Dev\Dev2.Studio.Core.Tests\Dev2.Studio.Core.Tests.csproj]
C:\Users\ultra\warewolf\Dev\Warewolf.MergeParser.Tests\Warewolf.MergeParser.Tests.csproj : warning NU1701: Package 'Microsoft.Xaml.Behaviors.Wpf 1.1.122' was restored using '.NETFramework,Version=v4.6.1, .NETFramework,Version=v4.6.2, .NETFramework,Version=v4.7, .NETFramework,Version=v4.7.1, .NETFramework,Version=v4.7.2, .NETFramework,Version=v4.8, .NETFramework,Version=v4.8.1' instead of the project target framework 'net8.0'. This package may not be fully compatible with your project. [C:\Users\ultra\warewolf\Dev\Dev2.Studio.Core.Tests\Dev2.Studio.Core.Tests.csproj]
C:\Users\ultra\warewolf\Dev\Warewolf.MergeParser.Tests\Warewolf.MergeParser.Tests.csproj : warning NU1701: Package 'Prism.Wpf 9.0.537' was restored using '.NETFramework,Version=v4.6.1, .NETFramework,Version=v4.6.2, .NETFramework,Version=v4.7, .NETFramework,Version=v4.7.1, .NETFramework,Version=v4.7.2, .NETFramework,Version=v4.8, .NETFramework,Version=v4.8.1' instead of the project target framework 'net8.0'. This package may not be fully compatible with your project. [C:\Users\ultra\warewolf\Dev\Dev2.Studio.Core.Tests\Dev2.Studio.Core.Tests.csproj]
C:\Users\ultra\warewolf\Dev\Warewolf.MergeParser.Tests\Warewolf.MergeParser.Tests.csproj : warning NU1701: Package 'ReactiveUI.WPF 18.4.1' was restored using '.NETFramework,Version=v4.6.1, .NETFramework,Version=v4.6.2, .NETFramework,Version=v4.7, .NETFramework,Version=v4.7.1, .NETFramework,Version=v4.7.2, .NETFramework,Version=v4.8, .NETFramework,Version=v4.8.1' instead of the project target framework 'net8.0'. This package may not be fully compatible with your project. [C:\Users\ultra\warewolf\Dev\Dev2.Studio.Core.Tests\Dev2.Studio.Core.Tests.csproj]
C:\Users\ultra\warewolf\Dev\Warewolf.MergeParser.Tests\Warewolf.MergeParser.Tests.csproj : warning NU1701: Package 'TaskSchedulerEditor 2.10.1' was restored using '.NETFramework,Version=v4.6.1, .NETFramework,Version=v4.6.2, .NETFramework,Version=v4.7, .NETFramework,Version=v4.7.1, .NETFramework,Version=v4.7.2, .NETFramework,Version=v4.8, .NETFramework,Version=v4.8.1' instead of the project target framework 'net8.0'. This package may not be fully compatible with your project. [C:\Users\ultra\warewolf\Dev\Dev2.Studio.Core.Tests\Dev2.Studio.Core.Tests.csproj]
C:\Users\ultra\warewolf\Dev\Dev2.Diagnostics\Dev2.Diagnostics.csproj : warning NU1701: Package 'AeroWizard 2.3.1' was restored using '.NETFramework,Version=v4.6.1, .NETFramework,Version=v4.6.2, .NETFramework,Version=v4.7, .NETFramework,Version=v4.7.1, .NETFramework,Version=v4.7.2, .NETFramework,Version=v4.8, .NETFramework,Version=v4.8.1' instead of the project target framework 'net8.0'. This package may not be fully compatible with your project. [C:\Users\ultra\warewolf\Dev\Dev2.Studio.Core.Tests\Dev2.Studio.Core.Tests.csproj]
C:\Users\ultra\warewolf\Dev\Dev2.Diagnostics\Dev2.Diagnostics.csproj : warning NU1701: Package 'GroupControls 1.9.0' was restored using '.NETFramework,Version=v4.6.1, .NETFramework,Version=v4.6.2, .NETFramework,Version=v4.7, .NETFramework,Version=v4.7.1, .NETFramework,Version=v4.7.2, .NETFramework,Version=v4.8, .NETFramework,Version=v4.8.1' instead of the project target framework 'net8.0'. This package may not be fully compatible with your project. [C:\Users\ultra\warewolf\Dev\Dev2.Studio.Core.Tests\Dev2.Studio.Core.Tests.csproj]
C:\Users\ultra\warewolf\Dev\Dev2.Diagnostics\Dev2.Diagnostics.csproj : warning NU1701: Package 'TaskSchedulerEditor 2.10.1' was restored using '.NETFramework,Version=v4.6.1, .NETFramework,Version=v4.6.2, .NETFramework,Version=v4.7, .NETFramework,Version=v4.7.1, .NETFramework,Version=v4.7.2, .NETFramework,Version=v4.8, .NETFramework,Version=v4.8.1' instead of the project target framework 'net8.0'. This package may not be fully compatible with your project. [C:\Users\ultra\warewolf\Dev\Dev2.Studio.Core.Tests\Dev2.Studio.Core.Tests.csproj]
C:\Users\ultra\warewolf\Dev\Dev2.Development.Languages\Dev2.Development.Languages.csproj : warning NU1701: Package 'AeroWizard 2.3.1' was restored using '.NETFramework,Version=v4.6.1, .NETFramework,Version=v4.6.2, .NETFramework,Version=v4.7, .NETFramework,Version=v4.7.1, .NETFramework,Version=v4.7.2, .NETFramework,Version=v4.8, .NETFramework,Version=v4.8.1' instead of the project target framework 'net8.0'. This package may not be fully compatible with your project. [C:\Users\ultra\warewolf\Dev\Dev2.Studio.Core.Tests\Dev2.Studio.Core.Tests.csproj]
C:\Users\ultra\warewolf\Dev\Dev2.Development.Languages\Dev2.Development.Languages.csproj : warning NU1701: Package 'GroupControls 1.9.0' was restored using '.NETFramework,Version=v4.6.1, .NETFramework,Version=v4.6.2, .NETFramework,Version=v4.7, .NETFramework,Version=v4.7.1, .NETFramework,Version=v4.7.2, .NETFramework,Version=v4.8, .NETFramework,Version=v4.8.1' instead of the project target framework 'net8.0'. This package may not be fully compatible with your project. [C:\Users\ultra\warewolf\Dev\Dev2.Studio.Core.Tests\Dev2.Studio.Core.Tests.csproj]
C:\Users\ultra\warewolf\Dev\Dev2.Development.Languages\Dev2.Development.Languages.csproj : warning NU1701: Package 'TaskSchedulerEditor 2.10.1' was restored using '.NETFramework,Version=v4.6.1, .NETFramework,Version=v4.6.2, .NETFramework,Version=v4.7, .NETFramework,Version=v4.7.1, .NETFramework,Version=v4.7.2, .NETFramework,Version=v4.8, .NETFramework,Version=v4.8.1' instead of the project target framework 'net8.0'. This package may not be fully compatible with your project. [C:\Users\ultra\warewolf\Dev\Dev2.Studio.Core.Tests\Dev2.Studio.Core.Tests.csproj]
C:\Users\ultra\warewolf\Dev\Dev2.Runtime.WebServer\Dev2.Runtime.WebServer.csproj : warning NU1902: Package 'System.IdentityModel.Tokens.Jwt' 5.1.0 has a known moderate severity vulnerability, https://github.com/advisories/GHSA-59j7-ghrg-fj52 [C:\Users\ultra\warewolf\Dev\Dev2.Studio.Core.Tests\Dev2.Studio.Core.Tests.csproj]
C:\Users\ultra\warewolf\Dev\Dev2.Runtime.WebServer\Dev2.Runtime.WebServer.csproj : warning NU1701: Package 'AeroWizard 2.3.1' was restored using '.NETFramework,Version=v4.6.1, .NETFramework,Version=v4.6.2, .NETFramework,Version=v4.7, .NETFramework,Version=v4.7.1, .NETFramework,Version=v4.7.2, .NETFramework,Version=v4.8, .NETFramework,Version=v4.8.1' instead of the project target framework 'net8.0'. This package may not be fully compatible with your project. [C:\Users\ultra\warewolf\Dev\Dev2.Studio.Core.Tests\Dev2.Studio.Core.Tests.csproj]
C:\Users\ultra\warewolf\Dev\Dev2.Runtime.WebServer\Dev2.Runtime.WebServer.csproj : warning NU1701: Package 'GroupControls 1.9.0' was restored using '.NETFramework,Version=v4.6.1, .NETFramework,Version=v4.6.2, .NETFramework,Version=v4.7, .NETFramework,Version=v4.7.1, .NETFramework,Version=v4.7.2, .NETFramework,Version=v4.8, .NETFramework,Version=v4.8.1' instead of the project target framework 'net8.0'. This package may not be fully compatible with your project. [C:\Users\ultra\warewolf\Dev\Dev2.Studio.Core.Tests\Dev2.Studio.Core.Tests.csproj]
C:\Users\ultra\warewolf\Dev\Dev2.Runtime.WebServer\Dev2.Runtime.WebServer.csproj : warning NU1701: Package 'Microsoft.Xaml.Behaviors.Wpf 1.1.122' was restored using '.NETFramework,Version=v4.6.1, .NETFramework,Version=v4.6.2, .NETFramework,Version=v4.7, .NETFramework,Version=v4.7.1, .NETFramework,Version=v4.7.2, .NETFramework,Version=v4.8, .NETFramework,Version=v4.8.1' instead of the project target framework 'net8.0'. This package may not be fully compatible with your project. [C:\Users\ultra\warewolf\Dev\Dev2.Studio.Core.Tests\Dev2.Studio.Core.Tests.csproj]
C:\Users\ultra\warewolf\Dev\Dev2.Runtime.WebServer\Dev2.Runtime.WebServer.csproj : warning NU1701: Package 'Prism.Wpf 9.0.537' was restored using '.NETFramework,Version=v4.6.1, .NETFramework,Version=v4.6.2, .NETFramework,Version=v4.7, .NETFramework,Version=v4.7.1, .NETFramework,Version=v4.7.2, .NETFramework,Version=v4.8, .NETFramework,Version=v4.8.1' instead of the project target framework 'net8.0'. This package may not be fully compatible with your project. [C:\Users\ultra\warewolf\Dev\Dev2.Studio.Core.Tests\Dev2.Studio.Core.Tests.csproj]
C:\Users\ultra\warewolf\Dev\Dev2.Runtime.WebServer\Dev2.Runtime.WebServer.csproj : warning NU1701: Package 'ReactiveUI.WPF 18.4.1' was restored using '.NETFramework,Version=v4.6.1, .NETFramework,Version=v4.6.2, .NETFramework,Version=v4.7, .NETFramework,Version=v4.7.1, .NETFramework,Version=v4.7.2, .NETFramework,Version=v4.8, .NETFramework,Version=v4.8.1' instead of the project target framework 'net8.0'. This package may not be fully compatible with your project. [C:\Users\ultra\warewolf\Dev\Dev2.Studio.Core.Tests\Dev2.Studio.Core.Tests.csproj]
C:\Users\ultra\warewolf\Dev\Dev2.Runtime.WebServer\Dev2.Runtime.WebServer.csproj : warning NU1701: Package 'TaskSchedulerEditor 2.10.1' was restored using '.NETFramework,Version=v4.6.1, .NETFramework,Version=v4.6.2, .NETFramework,Version=v4.7, .NETFramework,Version=v4.7.1, .NETFramework,Version=v4.7.2, .NETFramework,Version=v4.8, .NETFramework,Version=v4.8.1' instead of the project target framework 'net8.0'. This package may not be fully compatible with your project. [C:\Users\ultra\warewolf\Dev\Dev2.Studio.Core.Tests\Dev2.Studio.Core.Tests.csproj]
C:\Users\ultra\warewolf\Dev\Dev2.Data.Interfaces\Dev2.Data.Interfaces.csproj : warning NU1903: Package 'DotNetZip' 1.16.0 has a known high severity vulnerability, https://github.com/advisories/GHSA-xhg6-9j5j-w4vf [C:\Users\ultra\warewolf\Dev\Dev2.Studio.Core.Tests\Dev2.Studio.Core.Tests.csproj]
C:\Users\ultra\warewolf\Dev\Dev2.Data.Interfaces\Dev2.Data.Interfaces.csproj : warning NU1701: Package 'AeroWizard 2.3.1' was restored using '.NETFramework,Version=v4.6.1, .NETFramework,Version=v4.6.2, .NETFramework,Version=v4.7, .NETFramework,Version=v4.7.1, .NETFramework,Version=v4.7.2, .NETFramework,Version=v4.8, .NETFramework,Version=v4.8.1' instead of the project target framework 'net8.0'. This package may not be fully compatible with your project. [C:\Users\ultra\warewolf\Dev\Dev2.Studio.Core.Tests\Dev2.Studio.Core.Tests.csproj]
C:\Users\ultra\warewolf\Dev\Dev2.Data.Interfaces\Dev2.Data.Interfaces.csproj : warning NU1701: Package 'GroupControls 1.9.0' was restored using '.NETFramework,Version=v4.6.1, .NETFramework,Version=v4.6.2, .NETFramework,Version=v4.7, .NETFramework,Version=v4.7.1, .NETFramework,Version=v4.7.2, .NETFramework,Version=v4.8, .NETFramework,Version=v4.8.1' instead of the project target framework 'net8.0'. This package may not be fully compatible with your project. [C:\Users\ultra\warewolf\Dev\Dev2.Studio.Core.Tests\Dev2.Studio.Core.Tests.csproj]
C:\Users\ultra\warewolf\Dev\Dev2.Data.Interfaces\Dev2.Data.Interfaces.csproj : warning NU1701: Package 'TaskSchedulerEditor 2.10.1' was restored using '.NETFramework,Version=v4.6.1, .NETFramework,Version=v4.6.2, .NETFramework,Version=v4.7, .NETFramework,Version=v4.7.1, .NETFramework,Version=v4.7.2, .NETFramework,Version=v4.8, .NETFramework,Version=v4.8.1' instead of the project target framework 'net8.0'. This package may not be fully compatible with your project. [C:\Users\ultra\warewolf\Dev\Dev2.Studio.Core.Tests\Dev2.Studio.Core.Tests.csproj]
C:\Users\ultra\warewolf\Dev\Dev2.Data\Dev2.Data.csproj : warning NU1701: Package 'AeroWizard 2.3.1' was restored using '.NETFramework,Version=v4.6.1, .NETFramework,Version=v4.6.2, .NETFramework,Version=v4.7, .NETFramework,Version=v4.7.1, .NETFramework,Version=v4.7.2, .NETFramework,Version=v4.8, .NETFramework,Version=v4.8.1' instead of the project target framework 'net8.0'. This package may not be fully compatible with your project. [C:\Users\ultra\warewolf\Dev\Dev2.Studio.Core.Tests\Dev2.Studio.Core.Tests.csproj]
C:\Users\ultra\warewolf\Dev\Dev2.Data\Dev2.Data.csproj : warning NU1701: Package 'GroupControls 1.9.0' was restored using '.NETFramework,Version=v4.6.1, .NETFramework,Version=v4.6.2, .NETFramework,Version=v4.7, .NETFramework,Version=v4.7.1, .NETFramework,Version=v4.7.2, .NETFramework,Version=v4.8, .NETFramework,Version=v4.8.1' instead of the project target framework 'net8.0'. This package may not be fully compatible with your project. [C:\Users\ultra\warewolf\Dev\Dev2.Studio.Core.Tests\Dev2.Studio.Core.Tests.csproj]
C:\Users\ultra\warewolf\Dev\Dev2.Data\Dev2.Data.csproj : warning NU1701: Package 'ReactiveUI.WPF 18.4.1' was restored using '.NETFramework,Version=v4.6.1, .NETFramework,Version=v4.6.2, .NETFramework,Version=v4.7, .NETFramework,Version=v4.7.1, .NETFramework,Version=v4.7.2, .NETFramework,Version=v4.8, .NETFramework,Version=v4.8.1' instead of the project target framework 'net8.0'. This package may not be fully compatible with your project. [C:\Users\ultra\warewolf\Dev\Dev2.Studio.Core.Tests\Dev2.Studio.Core.Tests.csproj]
C:\Users\ultra\warewolf\Dev\Dev2.Data\Dev2.Data.csproj : warning NU1701: Package 'TaskSchedulerEditor 2.10.1' was restored using '.NETFramework,Version=v4.6.1, .NETFramework,Version=v4.6.2, .NETFramework,Version=v4.7, .NETFramework,Version=v4.7.1, .NETFramework,Version=v4.7.2, .NETFramework,Version=v4.8, .NETFramework,Version=v4.8.1' instead of the project target framework 'net8.0'. This package may not be fully compatible with your project. [C:\Users\ultra\warewolf\Dev\Dev2.Studio.Core.Tests\Dev2.Studio.Core.Tests.csproj]
C:\Users\ultra\warewolf\Dev\Warewolf.Logger\Warewolf.Logger.csproj : warning NU1701: Package 'AeroWizard 2.3.1' was restored using '.NETFramework,Version=v4.6.1, .NETFramework,Version=v4.6.2, .NETFramework,Version=v4.7, .NETFramework,Version=v4.7.1, .NETFramework,Version=v4.7.2, .NETFramework,Version=v4.8, .NETFramework,Version=v4.8.1' instead of the project target framework 'net8.0'. This package may not be fully compatible with your project. [C:\Users\ultra\warewolf\Dev\Dev2.Studio.Core.Tests\Dev2.Studio.Core.Tests.csproj]
C:\Users\ultra\warewolf\Dev\Warewolf.Logger\Warewolf.Logger.csproj : warning NU1701: Package 'GroupControls 1.9.0' was restored using '.NETFramework,Version=v4.6.1, .NETFramework,Version=v4.6.2, .NETFramework,Version=v4.7, .NETFramework,Version=v4.7.1, .NETFramework,Version=v4.7.2, .NETFramework,Version=v4.8, .NETFramework,Version=v4.8.1' instead of the project target framework 'net8.0'. This package may not be fully compatible with your project. [C:\Users\ultra\warewolf\Dev\Dev2.Studio.Core.Tests\Dev2.Studio.Core.Tests.csproj]
C:\Users\ultra\warewolf\Dev\Warewolf.Logger\Warewolf.Logger.csproj : warning NU1701: Package 'Microsoft.Xaml.Behaviors.Wpf 1.1.122' was restored using '.NETFramework,Version=v4.6.1, .NETFramework,Version=v4.6.2, .NETFramework,Version=v4.7, .NETFramework,Version=v4.7.1, .NETFramework,Version=v4.7.2, .NETFramework,Version=v4.8, .NETFramework,Version=v4.8.1' instead of the project target framework 'net8.0'. This package may not be fully compatible with your project. [C:\Users\ultra\warewolf\Dev\Dev2.Studio.Core.Tests\Dev2.Studio.Core.Tests.csproj]
C:\Users\ultra\warewolf\Dev\Warewolf.Logger\Warewolf.Logger.csproj : warning NU1701: Package 'Prism.Wpf 9.0.537' was restored using '.NETFramework,Version=v4.6.1, .NETFramework,Version=v4.6.2, .NETFramework,Version=v4.7, .NETFramework,Version=v4.7.1, .NETFramework,Version=v4.7.2, .NETFramework,Version=v4.8, .NETFramework,Version=v4.8.1' instead of the project target framework 'net8.0'. This package may not be fully compatible with your project. [C:\Users\ultra\warewolf\Dev\Dev2.Studio.Core.Tests\Dev2.Studio.Core.Tests.csproj]
C:\Users\ultra\warewolf\Dev\Warewolf.Logger\Warewolf.Logger.csproj : warning NU1701: Package 'ReactiveUI.WPF 18.4.1' was restored using '.NETFramework,Version=v4.6.1, .NETFramework,Version=v4.6.2, .NETFramework,Version=v4.7, .NETFramework,Version=v4.7.1, .NETFramework,Version=v4.7.2, .NETFramework,Version=v4.8, .NETFramework,Version=v4.8.1' instead of the project target framework 'net8.0'. This package may not be fully compatible with your project. [C:\Users\ultra\warewolf\Dev\Dev2.Studio.Core.Tests\Dev2.Studio.Core.Tests.csproj]
C:\Users\ultra\warewolf\Dev\Warewolf.Logger\Warewolf.Logger.csproj : warning NU1701: Package 'TaskSchedulerEditor 2.10.1' was restored using '.NETFramework,Version=v4.6.1, .NETFramework,Version=v4.6.2, .NETFramework,Version=v4.7, .NETFramework,Version=v4.7.1, .NETFramework,Version=v4.7.2, .NETFramework,Version=v4.8, .NETFramework,Version=v4.8.1' instead of the project target framework 'net8.0'. This package may not be fully compatible with your project. [C:\Users\ultra\warewolf\Dev\Dev2.Studio.Core.Tests\Dev2.Studio.Core.Tests.csproj]
C:\Users\ultra\warewolf\Dev\Dev2.Server\Dev2.Server.csproj : warning NU1903: Package 'Oracle.ManagedDataAccess.Core' 3.21.70 has a known high severity vulnerability, https://github.com/advisories/GHSA-5pm2-9mr2-3frq [C:\Users\ultra\warewolf\Dev\Dev2.Studio.Core.Tests\Dev2.Studio.Core.Tests.csproj]
C:\Users\ultra\warewolf\Dev\Dev2.Server\Dev2.Server.csproj : warning NU1701: Package 'AeroWizard 2.3.1' was restored using '.NETFramework,Version=v4.6.1, .NETFramework,Version=v4.6.2, .NETFramework,Version=v4.7, .NETFramework,Version=v4.7.1, .NETFramework,Version=v4.7.2, .NETFramework,Version=v4.8, .NETFramework,Version=v4.8.1' instead of the project target framework 'net8.0'. This package may not be fully compatible with your project. [C:\Users\ultra\warewolf\Dev\Dev2.Studio.Core.Tests\Dev2.Studio.Core.Tests.csproj]
C:\Users\ultra\warewolf\Dev\Dev2.Server\Dev2.Server.csproj : warning NU1701: Package 'GroupControls 1.9.0' was restored using '.NETFramework,Version=v4.6.1, .NETFramework,Version=v4.6.2, .NETFramework,Version=v4.7, .NETFramework,Version=v4.7.1, .NETFramework,Version=v4.7.2, .NETFramework,Version=v4.8, .NETFramework,Version=v4.8.1' instead of the project target framework 'net8.0'. This package may not be fully compatible with your project. [C:\Users\ultra\warewolf\Dev\Dev2.Studio.Core.Tests\Dev2.Studio.Core.Tests.csproj]
C:\Users\ultra\warewolf\Dev\Dev2.Server\Dev2.Server.csproj : warning NU1701: Package 'Microsoft.Xaml.Behaviors.Wpf 1.1.122' was restored using '.NETFramework,Version=v4.6.1, .NETFramework,Version=v4.6.2, .NETFramework,Version=v4.7, .NETFramework,Version=v4.7.1, .NETFramework,Version=v4.7.2, .NETFramework,Version=v4.8, .NETFramework,Version=v4.8.1' instead of the project target framework 'net8.0'. This package may not be fully compatible with your project. [C:\Users\ultra\warewolf\Dev\Dev2.Studio.Core.Tests\Dev2.Studio.Core.Tests.csproj]
C:\Users\ultra\warewolf\Dev\Dev2.Server\Dev2.Server.csproj : warning NU1701: Package 'Prism.Wpf 9.0.537' was restored using '.NETFramework,Version=v4.6.1, .NETFramework,Version=v4.6.2, .NETFramework,Version=v4.7, .NETFramework,Version=v4.7.1, .NETFramework,Version=v4.7.2, .NETFramework,Version=v4.8, .NETFramework,Version=v4.8.1' instead of the project target framework 'net8.0'. This package may not be fully compatible with your project. [C:\Users\ultra\warewolf\Dev\Dev2.Studio.Core.Tests\Dev2.Studio.Core.Tests.csproj]
C:\Users\ultra\warewolf\Dev\Dev2.Server\Dev2.Server.csproj : warning NU1701: Package 'ReactiveUI.WPF 18.4.1' was restored using '.NETFramework,Version=v4.6.1, .NETFramework,Version=v4.6.2, .NETFramework,Version=v4.7, .NETFramework,Version=v4.7.1, .NETFramework,Version=v4.7.2, .NETFramework,Version=v4.8, .NETFramework,Version=v4.8.1' instead of the project target framework 'net8.0'. This package may not be fully compatible with your project. [C:\Users\ultra\warewolf\Dev\Dev2.Studio.Core.Tests\Dev2.Studio.Core.Tests.csproj]
C:\Users\ultra\warewolf\Dev\Dev2.Server\Dev2.Server.csproj : warning NU1701: Package 'TaskSchedulerEditor 2.10.1' was restored using '.NETFramework,Version=v4.6.1, .NETFramework,Version=v4.6.2, .NETFramework,Version=v4.7, .NETFramework,Version=v4.7.1, .NETFramework,Version=v4.7.2, .NETFramework,Version=v4.8, .NETFramework,Version=v4.8.1' instead of the project target framework 'net8.0'. This package may not be fully compatible with your project. [C:\Users\ultra\warewolf\Dev\Dev2.Studio.Core.Tests\Dev2.Studio.Core.Tests.csproj]
C:\Users\ultra\warewolf\Dev\Warewolf.Data\Warewolf.Data.csproj : warning NU1701: Package 'AeroWizard 2.3.1' was restored using '.NETFramework,Version=v4.6.1, .NETFramework,Version=v4.6.2, .NETFramework,Version=v4.7, .NETFramework,Version=v4.7.1, .NETFramework,Version=v4.7.2, .NETFramework,Version=v4.8, .NETFramework,Version=v4.8.1' instead of the project target framework 'net8.0'. This package may not be fully compatible with your project. [C:\Users\ultra\warewolf\Dev\Dev2.Studio.Core.Tests\Dev2.Studio.Core.Tests.csproj]
C:\Users\ultra\warewolf\Dev\Warewolf.Data\Warewolf.Data.csproj : warning NU1701: Package 'GroupControls 1.9.0' was restored using '.NETFramework,Version=v4.6.1, .NETFramework,Version=v4.6.2, .NETFramework,Version=v4.7, .NETFramework,Version=v4.7.1, .NETFramework,Version=v4.7.2, .NETFramework,Version=v4.8, .NETFramework,Version=v4.8.1' instead of the project target framework 'net8.0'. This package may not be fully compatible with your project. [C:\Users\ultra\warewolf\Dev\Dev2.Studio.Core.Tests\Dev2.Studio.Core.Tests.csproj]
C:\Users\ultra\warewolf\Dev\Warewolf.Data\Warewolf.Data.csproj : warning NU1701: Package 'TaskSchedulerEditor 2.10.1' was restored using '.NETFramework,Version=v4.6.1, .NETFramework,Version=v4.6.2, .NETFramework,Version=v4.7, .NETFramework,Version=v4.7.1, .NETFramework,Version=v4.7.2, .NETFramework,Version=v4.8, .NETFramework,Version=v4.8.1' instead of the project target framework 'net8.0'. This package may not be fully compatible with your project. [C:\Users\ultra\warewolf\Dev\Dev2.Studio.Core.Tests\Dev2.Studio.Core.Tests.csproj]
C:\Users\ultra\warewolf\Dev\Warewolf.Exchange.Email.Wrapper\Warewolf.Exchange.Email.Wrapper.csproj : warning NU1701: Package 'AeroWizard 2.3.1' was restored using '.NETFramework,Version=v4.6.1, .NETFramework,Version=v4.6.2, .NETFramework,Version=v4.7, .NETFramework,Version=v4.7.1, .NETFramework,Version=v4.7.2, .NETFramework,Version=v4.8, .NETFramework,Version=v4.8.1' instead of the project target framework 'net8.0'. This package may not be fully compatible with your project. [C:\Users\ultra\warewolf\Dev\Dev2.Studio.Core.Tests\Dev2.Studio.Core.Tests.csproj]
C:\Users\ultra\warewolf\Dev\Warewolf.Exchange.Email.Wrapper\Warewolf.Exchange.Email.Wrapper.csproj : warning NU1701: Package 'GroupControls 1.9.0' was restored using '.NETFramework,Version=v4.6.1, .NETFramework,Version=v4.6.2, .NETFramework,Version=v4.7, .NETFramework,Version=v4.7.1, .NETFramework,Version=v4.7.2, .NETFramework,Version=v4.8, .NETFramework,Version=v4.8.1' instead of the project target framework 'net8.0'. This package may not be fully compatible with your project. [C:\Users\ultra\warewolf\Dev\Dev2.Studio.Core.Tests\Dev2.Studio.Core.Tests.csproj]
C:\Users\ultra\warewolf\Dev\Warewolf.Exchange.Email.Wrapper\Warewolf.Exchange.Email.Wrapper.csproj : warning NU1701: Package 'ReactiveUI.WPF 18.4.1' was restored using '.NETFramework,Version=v4.6.1, .NETFramework,Version=v4.6.2, .NETFramework,Version=v4.7, .NETFramework,Version=v4.7.1, .NETFramework,Version=v4.7.2, .NETFramework,Version=v4.8, .NETFramework,Version=v4.8.1' instead of the project target framework 'net8.0'. This package may not be fully compatible with your project. [C:\Users\ultra\warewolf\Dev\Dev2.Studio.Core.Tests\Dev2.Studio.Core.Tests.csproj]
C:\Users\ultra\warewolf\Dev\Warewolf.Exchange.Email.Wrapper\Warewolf.Exchange.Email.Wrapper.csproj : warning NU1701: Package 'TaskSchedulerEditor 2.10.1' was restored using '.NETFramework,Version=v4.6.1, .NETFramework,Version=v4.6.2, .NETFramework,Version=v4.7, .NETFramework,Version=v4.7.1, .NETFramework,Version=v4.7.2, .NETFramework,Version=v4.8, .NETFramework,Version=v4.8.1' instead of the project target framework 'net8.0'. This package may not be fully compatible with your project. [C:\Users\ultra\warewolf\Dev\Dev2.Studio.Core.Tests\Dev2.Studio.Core.Tests.csproj]
C:\Users\ultra\warewolf\Dev\Warewolf.Driver.Serilog\Warewolf.Driver.Serilog.csproj : warning NU1701: Package 'AeroWizard 2.3.1' was restored using '.NETFramework,Version=v4.6.1, .NETFramework,Version=v4.6.2, .NETFramework,Version=v4.7, .NETFramework,Version=v4.7.1, .NETFramework,Version=v4.7.2, .NETFramework,Version=v4.8, .NETFramework,Version=v4.8.1' instead of the project target framework 'net8.0'. This package may not be fully compatible with your project. [C:\Users\ultra\warewolf\Dev\Dev2.Studio.Core.Tests\Dev2.Studio.Core.Tests.csproj]
C:\Users\ultra\warewolf\Dev\Warewolf.Driver.Serilog\Warewolf.Driver.Serilog.csproj : warning NU1701: Package 'GroupControls 1.9.0' was restored using '.NETFramework,Version=v4.6.1, .NETFramework,Version=v4.6.2, .NETFramework,Version=v4.7, .NETFramework,Version=v4.7.1, .NETFramework,Version=v4.7.2, .NETFramework,Version=v4.8, .NETFramework,Version=v4.8.1' instead of the project target framework 'net8.0'. This package may not be fully compatible with your project. [C:\Users\ultra\warewolf\Dev\Dev2.Studio.Core.Tests\Dev2.Studio.Core.Tests.csproj]
C:\Users\ultra\warewolf\Dev\Warewolf.Driver.Serilog\Warewolf.Driver.Serilog.csproj : warning NU1701: Package 'ReactiveUI.WPF 18.4.1' was restored using '.NETFramework,Version=v4.6.1, .NETFramework,Version=v4.6.2, .NETFramework,Version=v4.7, .NETFramework,Version=v4.7.1, .NETFramework,Version=v4.7.2, .NETFramework,Version=v4.8, .NETFramework,Version=v4.8.1' instead of the project target framework 'net8.0'. This package may not be fully compatible with your project. [C:\Users\ultra\warewolf\Dev\Dev2.Studio.Core.Tests\Dev2.Studio.Core.Tests.csproj]
C:\Users\ultra\warewolf\Dev\Warewolf.Driver.Serilog\Warewolf.Driver.Serilog.csproj : warning NU1701: Package 'TaskSchedulerEditor 2.10.1' was restored using '.NETFramework,Version=v4.6.1, .NETFramework,Version=v4.6.2, .NETFramework,Version=v4.7, .NETFramework,Version=v4.7.1, .NETFramework,Version=v4.7.2, .NETFramework,Version=v4.8, .NETFramework,Version=v4.8.1' instead of the project target framework 'net8.0'. This package may not be fully compatible with your project. [C:\Users\ultra\warewolf\Dev\Dev2.Studio.Core.Tests\Dev2.Studio.Core.Tests.csproj]
C:\Users\ultra\warewolf\Dev\Warewolf.Common\Warewolf.Common.csproj : warning NU1701: Package 'AeroWizard 2.3.1' was restored using '.NETFramework,Version=v4.6.1, .NETFramework,Version=v4.6.2, .NETFramework,Version=v4.7, .NETFramework,Version=v4.7.1, .NETFramework,Version=v4.7.2, .NETFramework,Version=v4.8, .NETFramework,Version=v4.8.1' instead of the project target framework 'net8.0'. This package may not be fully compatible with your project. [C:\Users\ultra\warewolf\Dev\Dev2.Studio.Core.Tests\Dev2.Studio.Core.Tests.csproj]
C:\Users\ultra\warewolf\Dev\Warewolf.Common\Warewolf.Common.csproj : warning NU1701: Package 'GroupControls 1.9.0' was restored using '.NETFramework,Version=v4.6.1, .NETFramework,Version=v4.6.2, .NETFramework,Version=v4.7, .NETFramework,Version=v4.7.1, .NETFramework,Version=v4.7.2, .NETFramework,Version=v4.8, .NETFramework,Version=v4.8.1' instead of the project target framework 'net8.0'. This package may not be fully compatible with your project. [C:\Users\ultra\warewolf\Dev\Dev2.Studio.Core.Tests\Dev2.Studio.Core.Tests.csproj]
C:\Users\ultra\warewolf\Dev\Warewolf.Common\Warewolf.Common.csproj : warning NU1701: Package 'TaskSchedulerEditor 2.10.1' was restored using '.NETFramework,Version=v4.6.1, .NETFramework,Version=v4.6.2, .NETFramework,Version=v4.7, .NETFramework,Version=v4.7.1, .NETFramework,Version=v4.7.2, .NETFramework,Version=v4.8, .NETFramework,Version=v4.8.1' instead of the project target framework 'net8.0'. This package may not be fully compatible with your project. [C:\Users\ultra\warewolf\Dev\Dev2.Studio.Core.Tests\Dev2.Studio.Core.Tests.csproj]
C:\Users\ultra\warewolf\Dev\Warewolf.HangfireServer\Warewolf.HangfireServer.csproj : warning NU1903: Package 'Microsoft.Windows.Compatibility' 6.0.0 has a known high severity vulnerability, https://github.com/advisories/GHSA-555c-2p6r-68mm [C:\Users\ultra\warewolf\Dev\Dev2.Studio.Core.Tests\Dev2.Studio.Core.Tests.csproj]
C:\Users\ultra\warewolf\Dev\Warewolf.HangfireServer\Warewolf.HangfireServer.csproj : warning NU1701: Package 'AeroWizard 2.3.1' was restored using '.NETFramework,Version=v4.6.1, .NETFramework,Version=v4.6.2, .NETFramework,Version=v4.7, .NETFramework,Version=v4.7.1, .NETFramework,Version=v4.7.2, .NETFramework,Version=v4.8, .NETFramework,Version=v4.8.1' instead of the project target framework 'net8.0'. This package may not be fully compatible with your project. [C:\Users\ultra\warewolf\Dev\Dev2.Studio.Core.Tests\Dev2.Studio.Core.Tests.csproj]
C:\Users\ultra\warewolf\Dev\Warewolf.HangfireServer\Warewolf.HangfireServer.csproj : warning NU1701: Package 'GroupControls 1.9.0' was restored using '.NETFramework,Version=v4.6.1, .NETFramework,Version=v4.6.2, .NETFramework,Version=v4.7, .NETFramework,Version=v4.7.1, .NETFramework,Version=v4.7.2, .NETFramework,Version=v4.8, .NETFramework,Version=v4.8.1' instead of the project target framework 'net8.0'. This package may not be fully compatible with your project. [C:\Users\ultra\warewolf\Dev\Dev2.Studio.Core.Tests\Dev2.Studio.Core.Tests.csproj]
C:\Users\ultra\warewolf\Dev\Warewolf.HangfireServer\Warewolf.HangfireServer.csproj : warning NU1701: Package 'ReactiveUI.WPF 18.4.1' was restored using '.NETFramework,Version=v4.6.1, .NETFramework,Version=v4.6.2, .NETFramework,Version=v4.7, .NETFramework,Version=v4.7.1, .NETFramework,Version=v4.7.2, .NETFramework,Version=v4.8, .NETFramework,Version=v4.8.1' instead of the project target framework 'net8.0'. This package may not be fully compatible with your project. [C:\Users\ultra\warewolf\Dev\Dev2.Studio.Core.Tests\Dev2.Studio.Core.Tests.csproj]
C:\Users\ultra\warewolf\Dev\Warewolf.HangfireServer\Warewolf.HangfireServer.csproj : warning NU1701: Package 'TaskSchedulerEditor 2.10.1' was restored using '.NETFramework,Version=v4.6.1, .NETFramework,Version=v4.6.2, .NETFramework,Version=v4.7, .NETFramework,Version=v4.7.1, .NETFramework,Version=v4.7.2, .NETFramework,Version=v4.8, .NETFramework,Version=v4.8.1' instead of the project target framework 'net8.0'. This package may not be fully compatible with your project. [C:\Users\ultra\warewolf\Dev\Dev2.Studio.Core.Tests\Dev2.Studio.Core.Tests.csproj]
C:\Users\ultra\warewolf\Dev\Dev2.Infrastructure.Tests\Dev2.Infrastructure.Tests.csproj : warning NU1701: Package 'AeroWizard 2.3.1' was restored using '.NETFramework,Version=v4.6.1, .NETFramework,Version=v4.6.2, .NETFramework,Version=v4.7, .NETFramework,Version=v4.7.1, .NETFramework,Version=v4.7.2, .NETFramework,Version=v4.8, .NETFramework,Version=v4.8.1' instead of the project target framework 'net8.0'. This package may not be fully compatible with your project. [C:\Users\ultra\warewolf\Dev\Dev2.Studio.Core.Tests\Dev2.Studio.Core.Tests.csproj]
C:\Users\ultra\warewolf\Dev\Dev2.Infrastructure.Tests\Dev2.Infrastructure.Tests.csproj : warning NU1701: Package 'GroupControls 1.9.0' was restored using '.NETFramework,Version=v4.6.1, .NETFramework,Version=v4.6.2, .NETFramework,Version=v4.7, .NETFramework,Version=v4.7.1, .NETFramework,Version=v4.7.2, .NETFramework,Version=v4.8, .NETFramework,Version=v4.8.1' instead of the project target framework 'net8.0'. This package may not be fully compatible with your project. [C:\Users\ultra\warewolf\Dev\Dev2.Studio.Core.Tests\Dev2.Studio.Core.Tests.csproj]
C:\Users\ultra\warewolf\Dev\Dev2.Infrastructure.Tests\Dev2.Infrastructure.Tests.csproj : warning NU1701: Package 'Microsoft.Xaml.Behaviors.Wpf 1.1.122' was restored using '.NETFramework,Version=v4.6.1, .NETFramework,Version=v4.6.2, .NETFramework,Version=v4.7, .NETFramework,Version=v4.7.1, .NETFramework,Version=v4.7.2, .NETFramework,Version=v4.8, .NETFramework,Version=v4.8.1' instead of the project target framework 'net8.0'. This package may not be fully compatible with your project. [C:\Users\ultra\warewolf\Dev\Dev2.Studio.Core.Tests\Dev2.Studio.Core.Tests.csproj]
C:\Users\ultra\warewolf\Dev\Dev2.Infrastructure.Tests\Dev2.Infrastructure.Tests.csproj : warning NU1701: Package 'Prism.Wpf 9.0.537' was restored using '.NETFramework,Version=v4.6.1, .NETFramework,Version=v4.6.2, .NETFramework,Version=v4.7, .NETFramework,Version=v4.7.1, .NETFramework,Version=v4.7.2, .NETFramework,Version=v4.8, .NETFramework,Version=v4.8.1' instead of the project target framework 'net8.0'. This package may not be fully compatible with your project. [C:\Users\ultra\warewolf\Dev\Dev2.Studio.Core.Tests\Dev2.Studio.Core.Tests.csproj]
C:\Users\ultra\warewolf\Dev\Dev2.Infrastructure.Tests\Dev2.Infrastructure.Tests.csproj : warning NU1701: Package 'ReactiveUI.WPF 18.4.1' was restored using '.NETFramework,Version=v4.6.1, .NETFramework,Version=v4.6.2, .NETFramework,Version=v4.7, .NETFramework,Version=v4.7.1, .NETFramework,Version=v4.7.2, .NETFramework,Version=v4.8, .NETFramework,Version=v4.8.1' instead of the project target framework 'net8.0'. This package may not be fully compatible with your project. [C:\Users\ultra\warewolf\Dev\Dev2.Studio.Core.Tests\Dev2.Studio.Core.Tests.csproj]
C:\Users\ultra\warewolf\Dev\Dev2.Infrastructure.Tests\Dev2.Infrastructure.Tests.csproj : warning NU1701: Package 'TaskSchedulerEditor 2.10.1' was restored using '.NETFramework,Version=v4.6.1, .NETFramework,Version=v4.6.2, .NETFramework,Version=v4.7, .NETFramework,Version=v4.7.1, .NETFramework,Version=v4.7.2, .NETFramework,Version=v4.8, .NETFramework,Version=v4.8.1' instead of the project target framework 'net8.0'. This package may not be fully compatible with your project. [C:\Users\ultra\warewolf\Dev\Dev2.Studio.Core.Tests\Dev2.Studio.Core.Tests.csproj]
C:\Users\ultra\warewolf\Dev\Warewolf.Core\Warewolf.Core.csproj : warning NU1903: Package 'Microsoft.Windows.Compatibility' 6.0.0 has a known high severity vulnerability, https://github.com/advisories/GHSA-555c-2p6r-68mm [C:\Users\ultra\warewolf\Dev\Dev2.Studio.Core.Tests\Dev2.Studio.Core.Tests.csproj]
C:\Users\ultra\warewolf\Dev\Warewolf.Core\Warewolf.Core.csproj : warning NU1701: Package 'AeroWizard 2.3.1' was restored using '.NETFramework,Version=v4.6.1, .NETFramework,Version=v4.6.2, .NETFramework,Version=v4.7, .NETFramework,Version=v4.7.1, .NETFramework,Version=v4.7.2, .NETFramework,Version=v4.8, .NETFramework,Version=v4.8.1' instead of the project target framework 'net8.0'. This package may not be fully compatible with your project. [C:\Users\ultra\warewolf\Dev\Dev2.Studio.Core.Tests\Dev2.Studio.Core.Tests.csproj]
C:\Users\ultra\warewolf\Dev\Warewolf.Core\Warewolf.Core.csproj : warning NU1701: Package 'GroupControls 1.9.0' was restored using '.NETFramework,Version=v4.6.1, .NETFramework,Version=v4.6.2, .NETFramework,Version=v4.7, .NETFramework,Version=v4.7.1, .NETFramework,Version=v4.7.2, .NETFramework,Version=v4.8, .NETFramework,Version=v4.8.1' instead of the project target framework 'net8.0'. This package may not be fully compatible with your project. [C:\Users\ultra\warewolf\Dev\Dev2.Studio.Core.Tests\Dev2.Studio.Core.Tests.csproj]
C:\Users\ultra\warewolf\Dev\Warewolf.Core\Warewolf.Core.csproj : warning NU1701: Package 'ReactiveUI.WPF 18.4.1' was restored using '.NETFramework,Version=v4.6.1, .NETFramework,Version=v4.6.2, .NETFramework,Version=v4.7, .NETFramework,Version=v4.7.1, .NETFramework,Version=v4.7.2, .NETFramework,Version=v4.8, .NETFramework,Version=v4.8.1' instead of the project target framework 'net8.0'. This package may not be fully compatible with your project. [C:\Users\ultra\warewolf\Dev\Dev2.Studio.Core.Tests\Dev2.Studio.Core.Tests.csproj]
C:\Users\ultra\warewolf\Dev\Warewolf.Core\Warewolf.Core.csproj : warning NU1701: Package 'TaskSchedulerEditor 2.10.1' was restored using '.NETFramework,Version=v4.6.1, .NETFramework,Version=v4.6.2, .NETFramework,Version=v4.7, .NETFramework,Version=v4.7.1, .NETFramework,Version=v4.7.2, .NETFramework,Version=v4.8, .NETFramework,Version=v4.8.1' instead of the project target framework 'net8.0'. This package may not be fully compatible with your project. [C:\Users\ultra\warewolf\Dev\Dev2.Studio.Core.Tests\Dev2.Studio.Core.Tests.csproj]
C:\Users\ultra\warewolf\Dev\Warewolf.AI.Harness\Warewolf.AI.Harness.csproj : warning NU1701: Package 'AeroWizard 2.3.1' was restored using '.NETFramework,Version=v4.6.1, .NETFramework,Version=v4.6.2, .NETFramework,Version=v4.7, .NETFramework,Version=v4.7.1, .NETFramework,Version=v4.7.2, .NETFramework,Version=v4.8, .NETFramework,Version=v4.8.1' instead of the project target framework 'net8.0'. This package may not be fully compatible with your project. [C:\Users\ultra\warewolf\Dev\Dev2.Studio.Core.Tests\Dev2.Studio.Core.Tests.csproj]
C:\Users\ultra\warewolf\Dev\Warewolf.AI.Harness\Warewolf.AI.Harness.csproj : warning NU1701: Package 'GroupControls 1.9.0' was restored using '.NETFramework,Version=v4.6.1, .NETFramework,Version=v4.6.2, .NETFramework,Version=v4.7, .NETFramework,Version=v4.7.1, .NETFramework,Version=v4.7.2, .NETFramework,Version=v4.8, .NETFramework,Version=v4.8.1' instead of the project target framework 'net8.0'. This package may not be fully compatible with your project. [C:\Users\ultra\warewolf\Dev\Dev2.Studio.Core.Tests\Dev2.Studio.Core.Tests.csproj]
C:\Users\ultra\warewolf\Dev\Warewolf.AI.Harness\Warewolf.AI.Harness.csproj : warning NU1701: Package 'TaskSchedulerEditor 2.10.1' was restored using '.NETFramework,Version=v4.6.1, .NETFramework,Version=v4.6.2, .NETFramework,Version=v4.7, .NETFramework,Version=v4.7.1, .NETFramework,Version=v4.7.2, .NETFramework,Version=v4.8, .NETFramework,Version=v4.8.1' instead of the project target framework 'net8.0'. This package may not be fully compatible with your project. [C:\Users\ultra\warewolf\Dev\Dev2.Studio.Core.Tests\Dev2.Studio.Core.Tests.csproj]
C:\Users\ultra\warewolf\Dev\Dev2.Diagnostics.Tests\Dev2.Diagnostics.Tests.csproj : warning NU1701: Package 'AeroWizard 2.3.1' was restored using '.NETFramework,Version=v4.6.1, .NETFramework,Version=v4.6.2, .NETFramework,Version=v4.7, .NETFramework,Version=v4.7.1, .NETFramework,Version=v4.7.2, .NETFramework,Version=v4.8, .NETFramework,Version=v4.8.1' instead of the project target framework 'net8.0'. This package may not be fully compatible with your project. [C:\Users\ultra\warewolf\Dev\Dev2.Studio.Core.Tests\Dev2.Studio.Core.Tests.csproj]
C:\Users\ultra\warewolf\Dev\Dev2.Diagnostics.Tests\Dev2.Diagnostics.Tests.csproj : warning NU1701: Package 'GroupControls 1.9.0' was restored using '.NETFramework,Version=v4.6.1, .NETFramework,Version=v4.6.2, .NETFramework,Version=v4.7, .NETFramework,Version=v4.7.1, .NETFramework,Version=v4.7.2, .NETFramework,Version=v4.8, .NETFramework,Version=v4.8.1' instead of the project target framework 'net8.0'. This package may not be fully compatible with your project. [C:\Users\ultra\warewolf\Dev\Dev2.Studio.Core.Tests\Dev2.Studio.Core.Tests.csproj]
C:\Users\ultra\warewolf\Dev\Dev2.Diagnostics.Tests\Dev2.Diagnostics.Tests.csproj : warning NU1701: Package 'Microsoft.Xaml.Behaviors.Wpf 1.1.122' was restored using '.NETFramework,Version=v4.6.1, .NETFramework,Version=v4.6.2, .NETFramework,Version=v4.7, .NETFramework,Version=v4.7.1, .NETFramework,Version=v4.7.2, .NETFramework,Version=v4.8, .NETFramework,Version=v4.8.1' instead of the project target framework 'net8.0'. This package may not be fully compatible with your project. [C:\Users\ultra\warewolf\Dev\Dev2.Studio.Core.Tests\Dev2.Studio.Core.Tests.csproj]
C:\Users\ultra\warewolf\Dev\Dev2.Diagnostics.Tests\Dev2.Diagnostics.Tests.csproj : warning NU1701: Package 'Prism.Wpf 9.0.537' was restored using '.NETFramework,Version=v4.6.1, .NETFramework,Version=v4.6.2, .NETFramework,Version=v4.7, .NETFramework,Version=v4.7.1, .NETFramework,Version=v4.7.2, .NETFramework,Version=v4.8, .NETFramework,Version=v4.8.1' instead of the project target framework 'net8.0'. This package may not be fully compatible with your project. [C:\Users\ultra\warewolf\Dev\Dev2.Studio.Core.Tests\Dev2.Studio.Core.Tests.csproj]
C:\Users\ultra\warewolf\Dev\Dev2.Diagnostics.Tests\Dev2.Diagnostics.Tests.csproj : warning NU1701: Package 'ReactiveUI.WPF 18.4.1' was restored using '.NETFramework,Version=v4.6.1, .NETFramework,Version=v4.6.2, .NETFramework,Version=v4.7, .NETFramework,Version=v4.7.1, .NETFramework,Version=v4.7.2, .NETFramework,Version=v4.8, .NETFramework,Version=v4.8.1' instead of the project target framework 'net8.0'. This package may not be fully compatible with your project. [C:\Users\ultra\warewolf\Dev\Dev2.Studio.Core.Tests\Dev2.Studio.Core.Tests.csproj]
C:\Users\ultra\warewolf\Dev\Dev2.Diagnostics.Tests\Dev2.Diagnostics.Tests.csproj : warning NU1701: Package 'TaskSchedulerEditor 2.10.1' was restored using '.NETFramework,Version=v4.6.1, .NETFramework,Version=v4.6.2, .NETFramework,Version=v4.7, .NETFramework,Version=v4.7.1, .NETFramework,Version=v4.7.2, .NETFramework,Version=v4.8, .NETFramework,Version=v4.8.1' instead of the project target framework 'net8.0'. This package may not be fully compatible with your project. [C:\Users\ultra\warewolf\Dev\Dev2.Studio.Core.Tests\Dev2.Studio.Core.Tests.csproj]
C:\Users\ultra\warewolf\Dev\Dev2.TaskScheduler.Wrappers\Dev2.TaskScheduler.Wrappers.csproj : warning NU1701: Package 'AeroWizard 2.3.1' was restored using '.NETFramework,Version=v4.6.1, .NETFramework,Version=v4.6.2, .NETFramework,Version=v4.7, .NETFramework,Version=v4.7.1, .NETFramework,Version=v4.7.2, .NETFramework,Version=v4.8, .NETFramework,Version=v4.8.1' instead of the project target framework 'net8.0'. This package may not be fully compatible with your project. [C:\Users\ultra\warewolf\Dev\Dev2.Studio.Core.Tests\Dev2.Studio.Core.Tests.csproj]
C:\Users\ultra\warewolf\Dev\Dev2.TaskScheduler.Wrappers\Dev2.TaskScheduler.Wrappers.csproj : warning NU1701: Package 'GroupControls 1.9.0' was restored using '.NETFramework,Version=v4.6.1, .NETFramework,Version=v4.6.2, .NETFramework,Version=v4.7, .NETFramework,Version=v4.7.1, .NETFramework,Version=v4.7.2, .NETFramework,Version=v4.8, .NETFramework,Version=v4.8.1' instead of the project target framework 'net8.0'. This package may not be fully compatible with your project. [C:\Users\ultra\warewolf\Dev\Dev2.Studio.Core.Tests\Dev2.Studio.Core.Tests.csproj]
C:\Users\ultra\warewolf\Dev\Dev2.TaskScheduler.Wrappers\Dev2.TaskScheduler.Wrappers.csproj : warning NU1701: Package 'TaskSchedulerEditor 2.10.1' was restored using '.NETFramework,Version=v4.6.1, .NETFramework,Version=v4.6.2, .NETFramework,Version=v4.7, .NETFramework,Version=v4.7.1, .NETFramework,Version=v4.7.2, .NETFramework,Version=v4.8, .NETFramework,Version=v4.8.1' instead of the project target framework 'net8.0'. This package may not be fully compatible with your project. [C:\Users\ultra\warewolf\Dev\Dev2.Studio.Core.Tests\Dev2.Studio.Core.Tests.csproj]
C:\Users\ultra\warewolf\Dev\Dev2.Util\Dev2.Util.csproj : warning NU1903: Package 'Microsoft.Windows.Compatibility' 6.0.0 has a known high severity vulnerability, https://github.com/advisories/GHSA-555c-2p6r-68mm [C:\Users\ultra\warewolf\Dev\Dev2.Studio.Core.Tests\Dev2.Studio.Core.Tests.csproj]
C:\Users\ultra\warewolf\Dev\Dev2.Util\Dev2.Util.csproj : warning NU1701: Package 'AeroWizard 2.3.1' was restored using '.NETFramework,Version=v4.6.1, .NETFramework,Version=v4.6.2, .NETFramework,Version=v4.7, .NETFramework,Version=v4.7.1, .NETFramework,Version=v4.7.2, .NETFramework,Version=v4.8, .NETFramework,Version=v4.8.1' instead of the project target framework 'net8.0'. This package may not be fully compatible with your project. [C:\Users\ultra\warewolf\Dev\Dev2.Studio.Core.Tests\Dev2.Studio.Core.Tests.csproj]
C:\Users\ultra\warewolf\Dev\Dev2.Util\Dev2.Util.csproj : warning NU1701: Package 'GroupControls 1.9.0' was restored using '.NETFramework,Version=v4.6.1, .NETFramework,Version=v4.6.2, .NETFramework,Version=v4.7, .NETFramework,Version=v4.7.1, .NETFramework,Version=v4.7.2, .NETFramework,Version=v4.8, .NETFramework,Version=v4.8.1' instead of the project target framework 'net8.0'. This package may not be fully compatible with your project. [C:\Users\ultra\warewolf\Dev\Dev2.Studio.Core.Tests\Dev2.Studio.Core.Tests.csproj]
C:\Users\ultra\warewolf\Dev\Dev2.Util\Dev2.Util.csproj : warning NU1701: Package 'TaskSchedulerEditor 2.10.1' was restored using '.NETFramework,Version=v4.6.1, .NETFramework,Version=v4.6.2, .NETFramework,Version=v4.7, .NETFramework,Version=v4.7.1, .NETFramework,Version=v4.7.2, .NETFramework,Version=v4.8, .NETFramework,Version=v4.8.1' instead of the project target framework 'net8.0'. This package may not be fully compatible with your project. [C:\Users\ultra\warewolf\Dev\Dev2.Studio.Core.Tests\Dev2.Studio.Core.Tests.csproj]
C:\Users\ultra\warewolf\Dev\Warewolf.Auditing\Warewolf.Auditing.csproj : warning NU1701: Package 'AeroWizard 2.3.1' was restored using '.NETFramework,Version=v4.6.1, .NETFramework,Version=v4.6.2, .NETFramework,Version=v4.7, .NETFramework,Version=v4.7.1, .NETFramework,Version=v4.7.2, .NETFramework,Version=v4.8, .NETFramework,Version=v4.8.1' instead of the project target framework 'net8.0'. This package may not be fully compatible with your project. [C:\Users\ultra\warewolf\Dev\Dev2.Studio.Core.Tests\Dev2.Studio.Core.Tests.csproj]
C:\Users\ultra\warewolf\Dev\Warewolf.Auditing\Warewolf.Auditing.csproj : warning NU1701: Package 'GroupControls 1.9.0' was restored using '.NETFramework,Version=v4.6.1, .NETFramework,Version=v4.6.2, .NETFramework,Version=v4.7, .NETFramework,Version=v4.7.1, .NETFramework,Version=v4.7.2, .NETFramework,Version=v4.8, .NETFramework,Version=v4.8.1' instead of the project target framework 'net8.0'. This package may not be fully compatible with your project. [C:\Users\ultra\warewolf\Dev\Dev2.Studio.Core.Tests\Dev2.Studio.Core.Tests.csproj]
C:\Users\ultra\warewolf\Dev\Warewolf.Auditing\Warewolf.Auditing.csproj : warning NU1701: Package 'ReactiveUI.WPF 18.4.1' was restored using '.NETFramework,Version=v4.6.1, .NETFramework,Version=v4.6.2, .NETFramework,Version=v4.7, .NETFramework,Version=v4.7.1, .NETFramework,Version=v4.7.2, .NETFramework,Version=v4.8, .NETFramework,Version=v4.8.1' instead of the project target framework 'net8.0'. This package may not be fully compatible with your project. [C:\Users\ultra\warewolf\Dev\Dev2.Studio.Core.Tests\Dev2.Studio.Core.Tests.csproj]
C:\Users\ultra\warewolf\Dev\Warewolf.Auditing\Warewolf.Auditing.csproj : warning NU1701: Package 'TaskSchedulerEditor 2.10.1' was restored using '.NETFramework,Version=v4.6.1, .NETFramework,Version=v4.6.2, .NETFramework,Version=v4.7, .NETFramework,Version=v4.7.1, .NETFramework,Version=v4.7.2, .NETFramework,Version=v4.8, .NETFramework,Version=v4.8.1' instead of the project target framework 'net8.0'. This package may not be fully compatible with your project. [C:\Users\ultra\warewolf\Dev\Dev2.Studio.Core.Tests\Dev2.Studio.Core.Tests.csproj]
C:\Users\ultra\warewolf\Dev\Warewolf.Common.NetStandard20\Warewolf.Common.NetStandard20.csproj : warning NU1701: Package 'AeroWizard 2.3.1' was restored using '.NETFramework,Version=v4.6.1, .NETFramework,Version=v4.6.2, .NETFramework,Version=v4.7, .NETFramework,Version=v4.7.1, .NETFramework,Version=v4.7.2, .NETFramework,Version=v4.8, .NETFramework,Version=v4.8.1' instead of the project target framework 'net8.0'. This package may not be fully compatible with your project. [C:\Users\ultra\warewolf\Dev\Dev2.Studio.Core.Tests\Dev2.Studio.Core.Tests.csproj]
C:\Users\ultra\warewolf\Dev\Warewolf.Common.NetStandard20\Warewolf.Common.NetStandard20.csproj : warning NU1701: Package 'GroupControls 1.9.0' was restored using '.NETFramework,Version=v4.6.1, .NETFramework,Version=v4.6.2, .NETFramework,Version=v4.7, .NETFramework,Version=v4.7.1, .NETFramework,Version=v4.7.2, .NETFramework,Version=v4.8, .NETFramework,Version=v4.8.1' instead of the project target framework 'net8.0'. This package may not be fully compatible with your project. [C:\Users\ultra\warewolf\Dev\Dev2.Studio.Core.Tests\Dev2.Studio.Core.Tests.csproj]
C:\Users\ultra\warewolf\Dev\Warewolf.Common.NetStandard20\Warewolf.Common.NetStandard20.csproj : warning NU1701: Package 'ReactiveUI.WPF 18.4.1' was restored using '.NETFramework,Version=v4.6.1, .NETFramework,Version=v4.6.2, .NETFramework,Version=v4.7, .NETFramework,Version=v4.7.1, .NETFramework,Version=v4.7.2, .NETFramework,Version=v4.8, .NETFramework,Version=v4.8.1' instead of the project target framework 'net8.0'. This package may not be fully compatible with your project. [C:\Users\ultra\warewolf\Dev\Dev2.Studio.Core.Tests\Dev2.Studio.Core.Tests.csproj]
C:\Users\ultra\warewolf\Dev\Warewolf.Common.NetStandard20\Warewolf.Common.NetStandard20.csproj : warning NU1701: Package 'TaskSchedulerEditor 2.10.1' was restored using '.NETFramework,Version=v4.6.1, .NETFramework,Version=v4.6.2, .NETFramework,Version=v4.7, .NETFramework,Version=v4.7.1, .NETFramework,Version=v4.7.2, .NETFramework,Version=v4.8, .NETFramework,Version=v4.8.1' instead of the project target framework 'net8.0'. This package may not be fully compatible with your project. [C:\Users\ultra\warewolf\Dev\Dev2.Studio.Core.Tests\Dev2.Studio.Core.Tests.csproj]
C:\Users\ultra\warewolf\Dev\Dev2.Common.Interfaces\Dev2.Common.Interfaces.csproj : warning NU1903: Package 'Microsoft.Windows.Compatibility' 6.0.0 has a known high severity vulnerability, https://github.com/advisories/GHSA-555c-2p6r-68mm [C:\Users\ultra\warewolf\Dev\Dev2.Studio.Core.Tests\Dev2.Studio.Core.Tests.csproj]
C:\Users\ultra\warewolf\Dev\Dev2.Common.Interfaces\Dev2.Common.Interfaces.csproj : warning NU1701: Package 'AeroWizard 2.3.1' was restored using '.NETFramework,Version=v4.6.1, .NETFramework,Version=v4.6.2, .NETFramework,Version=v4.7, .NETFramework,Version=v4.7.1, .NETFramework,Version=v4.7.2, .NETFramework,Version=v4.8, .NETFramework,Version=v4.8.1' instead of the project target framework 'net8.0'. This package may not be fully compatible with your project. [C:\Users\ultra\warewolf\Dev\Dev2.Studio.Core.Tests\Dev2.Studio.Core.Tests.csproj]
C:\Users\ultra\warewolf\Dev\Dev2.Common.Interfaces\Dev2.Common.Interfaces.csproj : warning NU1701: Package 'GroupControls 1.9.0' was restored using '.NETFramework,Version=v4.6.1, .NETFramework,Version=v4.6.2, .NETFramework,Version=v4.7, .NETFramework,Version=v4.7.1, .NETFramework,Version=v4.7.2, .NETFramework,Version=v4.8, .NETFramework,Version=v4.8.1' instead of the project target framework 'net8.0'. This package may not be fully compatible with your project. [C:\Users\ultra\warewolf\Dev\Dev2.Studio.Core.Tests\Dev2.Studio.Core.Tests.csproj]
C:\Users\ultra\warewolf\Dev\Dev2.Common.Interfaces\Dev2.Common.Interfaces.csproj : warning NU1701: Package 'TaskSchedulerEditor 2.10.1' was restored using '.NETFramework,Version=v4.6.1, .NETFramework,Version=v4.6.2, .NETFramework,Version=v4.7, .NETFramework,Version=v4.7.1, .NETFramework,Version=v4.7.2, .NETFramework,Version=v4.8, .NETFramework,Version=v4.8.1' instead of the project target framework 'net8.0'. This package may not be fully compatible with your project. [C:\Users\ultra\warewolf\Dev\Dev2.Studio.Core.Tests\Dev2.Studio.Core.Tests.csproj]
C:\Users\ultra\warewolf\Dev\Dev2.Common\Dev2.Common.csproj : warning NU1903: Package 'Microsoft.Windows.Compatibility' 6.0.0 has a known high severity vulnerability, https://github.com/advisories/GHSA-555c-2p6r-68mm [C:\Users\ultra\warewolf\Dev\Dev2.Studio.Core.Tests\Dev2.Studio.Core.Tests.csproj]
C:\Users\ultra\warewolf\Dev\Dev2.Common\Dev2.Common.csproj : warning NU1701: Package 'AeroWizard 2.3.1' was restored using '.NETFramework,Version=v4.6.1, .NETFramework,Version=v4.6.2, .NETFramework,Version=v4.7, .NETFramework,Version=v4.7.1, .NETFramework,Version=v4.7.2, .NETFramework,Version=v4.8, .NETFramework,Version=v4.8.1' instead of the project target framework 'net8.0'. This package may not be fully compatible with your project. [C:\Users\ultra\warewolf\Dev\Dev2.Studio.Core.Tests\Dev2.Studio.Core.Tests.csproj]
C:\Users\ultra\warewolf\Dev\Dev2.Common\Dev2.Common.csproj : warning NU1701: Package 'GroupControls 1.9.0' was restored using '.NETFramework,Version=v4.6.1, .NETFramework,Version=v4.6.2, .NETFramework,Version=v4.7, .NETFramework,Version=v4.7.1, .NETFramework,Version=v4.7.2, .NETFramework,Version=v4.8, .NETFramework,Version=v4.8.1' instead of the project target framework 'net8.0'. This package may not be fully compatible with your project. [C:\Users\ultra\warewolf\Dev\Dev2.Studio.Core.Tests\Dev2.Studio.Core.Tests.csproj]
C:\Users\ultra\warewolf\Dev\Dev2.Common\Dev2.Common.csproj : warning NU1701: Package 'TaskSchedulerEditor 2.10.1' was restored using '.NETFramework,Version=v4.6.1, .NETFramework,Version=v4.6.2, .NETFramework,Version=v4.7, .NETFramework,Version=v4.7.1, .NETFramework,Version=v4.7.2, .NETFramework,Version=v4.8, .NETFramework,Version=v4.8.1' instead of the project target framework 'net8.0'. This package may not be fully compatible with your project. [C:\Users\ultra\warewolf\Dev\Dev2.Studio.Core.Tests\Dev2.Studio.Core.Tests.csproj]
C:\Users\ultra\warewolf\Dev\Dev2.CustomControls\Dev2.CustomControls.csproj : warning NU1903: Package 'Microsoft.Windows.Compatibility' 6.0.0 has a known high severity vulnerability, https://github.com/advisories/GHSA-555c-2p6r-68mm [C:\Users\ultra\warewolf\Dev\Dev2.Studio.Core.Tests\Dev2.Studio.Core.Tests.csproj]
C:\Users\ultra\warewolf\Dev\Dev2.CustomControls\Dev2.CustomControls.csproj : warning NU1701: Package 'AeroWizard 2.3.1' was restored using '.NETFramework,Version=v4.6.1, .NETFramework,Version=v4.6.2, .NETFramework,Version=v4.7, .NETFramework,Version=v4.7.1, .NETFramework,Version=v4.7.2, .NETFramework,Version=v4.8, .NETFramework,Version=v4.8.1' instead of the project target framework 'net8.0'. This package may not be fully compatible with your project. [C:\Users\ultra\warewolf\Dev\Dev2.Studio.Core.Tests\Dev2.Studio.Core.Tests.csproj]
C:\Users\ultra\warewolf\Dev\Dev2.CustomControls\Dev2.CustomControls.csproj : warning NU1701: Package 'GroupControls 1.9.0' was restored using '.NETFramework,Version=v4.6.1, .NETFramework,Version=v4.6.2, .NETFramework,Version=v4.7, .NETFramework,Version=v4.7.1, .NETFramework,Version=v4.7.2, .NETFramework,Version=v4.8, .NETFramework,Version=v4.8.1' instead of the project target framework 'net8.0'. This package may not be fully compatible with your project. [C:\Users\ultra\warewolf\Dev\Dev2.Studio.Core.Tests\Dev2.Studio.Core.Tests.csproj]
C:\Users\ultra\warewolf\Dev\Dev2.CustomControls\Dev2.CustomControls.csproj : warning NU1701: Package 'TaskSchedulerEditor 2.10.1' was restored using '.NETFramework,Version=v4.6.1, .NETFramework,Version=v4.6.2, .NETFramework,Version=v4.7, .NETFramework,Version=v4.7.1, .NETFramework,Version=v4.7.2, .NETFramework,Version=v4.8, .NETFramework,Version=v4.8.1' instead of the project target framework 'net8.0'. This package may not be fully compatible with your project. [C:\Users\ultra\warewolf\Dev\Dev2.Studio.Core.Tests\Dev2.Studio.Core.Tests.csproj]
C:\Users\ultra\warewolf\Dev\Dev2.Studio.Interfaces\Dev2.Studio.Interfaces.csproj : warning NU1701: Package 'AeroWizard 2.3.1' was restored using '.NETFramework,Version=v4.6.1, .NETFramework,Version=v4.6.2, .NETFramework,Version=v4.7, .NETFramework,Version=v4.7.1, .NETFramework,Version=v4.7.2, .NETFramework,Version=v4.8, .NETFramework,Version=v4.8.1' instead of the project target framework 'net8.0'. This package may not be fully compatible with your project. [C:\Users\ultra\warewolf\Dev\Dev2.Studio.Core.Tests\Dev2.Studio.Core.Tests.csproj]
C:\Users\ultra\warewolf\Dev\Dev2.Studio.Interfaces\Dev2.Studio.Interfaces.csproj : warning NU1701: Package 'GroupControls 1.9.0' was restored using '.NETFramework,Version=v4.6.1, .NETFramework,Version=v4.6.2, .NETFramework,Version=v4.7, .NETFramework,Version=v4.7.1, .NETFramework,Version=v4.7.2, .NETFramework,Version=v4.8, .NETFramework,Version=v4.8.1' instead of the project target framework 'net8.0'. This package may not be fully compatible with your project. [C:\Users\ultra\warewolf\Dev\Dev2.Studio.Core.Tests\Dev2.Studio.Core.Tests.csproj]
C:\Users\ultra\warewolf\Dev\Dev2.Studio.Interfaces\Dev2.Studio.Interfaces.csproj : warning NU1701: Package 'Microsoft.Xaml.Behaviors.Wpf 1.1.122' was restored using '.NETFramework,Version=v4.6.1, .NETFramework,Version=v4.6.2, .NETFramework,Version=v4.7, .NETFramework,Version=v4.7.1, .NETFramework,Version=v4.7.2, .NETFramework,Version=v4.8, .NETFramework,Version=v4.8.1' instead of the project target framework 'net8.0'. This package may not be fully compatible with your project. [C:\Users\ultra\warewolf\Dev\Dev2.Studio.Core.Tests\Dev2.Studio.Core.Tests.csproj]
C:\Users\ultra\warewolf\Dev\Dev2.Studio.Interfaces\Dev2.Studio.Interfaces.csproj : warning NU1701: Package 'Prism.Wpf 9.0.537' was restored using '.NETFramework,Version=v4.6.1, .NETFramework,Version=v4.6.2, .NETFramework,Version=v4.7, .NETFramework,Version=v4.7.1, .NETFramework,Version=v4.7.2, .NETFramework,Version=v4.8, .NETFramework,Version=v4.8.1' instead of the project target framework 'net8.0'. This package may not be fully compatible with your project. [C:\Users\ultra\warewolf\Dev\Dev2.Studio.Core.Tests\Dev2.Studio.Core.Tests.csproj]
C:\Users\ultra\warewolf\Dev\Dev2.Studio.Interfaces\Dev2.Studio.Interfaces.csproj : warning NU1701: Package 'ReactiveUI.WPF 18.4.1' was restored using '.NETFramework,Version=v4.6.1, .NETFramework,Version=v4.6.2, .NETFramework,Version=v4.7, .NETFramework,Version=v4.7.1, .NETFramework,Version=v4.7.2, .NETFramework,Version=v4.8, .NETFramework,Version=v4.8.1' instead of the project target framework 'net8.0'. This package may not be fully compatible with your project. [C:\Users\ultra\warewolf\Dev\Dev2.Studio.Core.Tests\Dev2.Studio.Core.Tests.csproj]
C:\Users\ultra\warewolf\Dev\Dev2.Studio.Interfaces\Dev2.Studio.Interfaces.csproj : warning NU1701: Package 'TaskSchedulerEditor 2.10.1' was restored using '.NETFramework,Version=v4.6.1, .NETFramework,Version=v4.6.2, .NETFramework,Version=v4.7, .NETFramework,Version=v4.7.1, .NETFramework,Version=v4.7.2, .NETFramework,Version=v4.8, .NETFramework,Version=v4.8.1' instead of the project target framework 'net8.0'. This package may not be fully compatible with your project. [C:\Users\ultra\warewolf\Dev\Dev2.Studio.Core.Tests\Dev2.Studio.Core.Tests.csproj]
C:\Users\ultra\warewolf\Dev\Dev2.Core\Dev2.Core.csproj : warning NU1903: Package 'Microsoft.Windows.Compatibility' 6.0.0 has a known high severity vulnerability, https://github.com/advisories/GHSA-555c-2p6r-68mm [C:\Users\ultra\warewolf\Dev\Dev2.Studio.Core.Tests\Dev2.Studio.Core.Tests.csproj]
C:\Users\ultra\warewolf\Dev\Dev2.Core\Dev2.Core.csproj : warning NU1701: Package 'AeroWizard 2.3.1' was restored using '.NETFramework,Version=v4.6.1, .NETFramework,Version=v4.6.2, .NETFramework,Version=v4.7, .NETFramework,Version=v4.7.1, .NETFramework,Version=v4.7.2, .NETFramework,Version=v4.8, .NETFramework,Version=v4.8.1' instead of the project target framework 'net8.0'. This package may not be fully compatible with your project. [C:\Users\ultra\warewolf\Dev\Dev2.Studio.Core.Tests\Dev2.Studio.Core.Tests.csproj]
C:\Users\ultra\warewolf\Dev\Dev2.Core\Dev2.Core.csproj : warning NU1701: Package 'GroupControls 1.9.0' was restored using '.NETFramework,Version=v4.6.1, .NETFramework,Version=v4.6.2, .NETFramework,Version=v4.7, .NETFramework,Version=v4.7.1, .NETFramework,Version=v4.7.2, .NETFramework,Version=v4.8, .NETFramework,Version=v4.8.1' instead of the project target framework 'net8.0'. This package may not be fully compatible with your project. [C:\Users\ultra\warewolf\Dev\Dev2.Studio.Core.Tests\Dev2.Studio.Core.Tests.csproj]
C:\Users\ultra\warewolf\Dev\Dev2.Core\Dev2.Core.csproj : warning NU1701: Package 'ReactiveUI.WPF 18.4.1' was restored using '.NETFramework,Version=v4.6.1, .NETFramework,Version=v4.6.2, .NETFramework,Version=v4.7, .NETFramework,Version=v4.7.1, .NETFramework,Version=v4.7.2, .NETFramework,Version=v4.8, .NETFramework,Version=v4.8.1' instead of the project target framework 'net8.0'. This package may not be fully compatible with your project. [C:\Users\ultra\warewolf\Dev\Dev2.Studio.Core.Tests\Dev2.Studio.Core.Tests.csproj]
C:\Users\ultra\warewolf\Dev\Dev2.Core\Dev2.Core.csproj : warning NU1701: Package 'TaskSchedulerEditor 2.10.1' was restored using '.NETFramework,Version=v4.6.1, .NETFramework,Version=v4.6.2, .NETFramework,Version=v4.7, .NETFramework,Version=v4.7.1, .NETFramework,Version=v4.7.2, .NETFramework,Version=v4.8, .NETFramework,Version=v4.8.1' instead of the project target framework 'net8.0'. This package may not be fully compatible with your project. [C:\Users\ultra\warewolf\Dev\Dev2.Studio.Core.Tests\Dev2.Studio.Core.Tests.csproj]
C:\Users\ultra\warewolf\Dev\Warewolf.Security\Warewolf.Security.csproj : warning NU1904: Package 'System.Drawing.Common' 4.5.1 has a known critical severity vulnerability, https://github.com/advisories/GHSA-rxg9-xrhp-64gj [C:\Users\ultra\warewolf\Dev\Dev2.Studio.Core.Tests\Dev2.Studio.Core.Tests.csproj]
C:\Users\ultra\warewolf\Dev\Dev2.Studio.Core\Dev2.Studio.Core.csproj : warning NU1701: Package 'AeroWizard 2.3.1' was restored using '.NETFramework,Version=v4.6.1, .NETFramework,Version=v4.6.2, .NETFramework,Version=v4.7, .NETFramework,Version=v4.7.1, .NETFramework,Version=v4.7.2, .NETFramework,Version=v4.8, .NETFramework,Version=v4.8.1' instead of the project target framework 'net8.0'. This package may not be fully compatible with your project. [C:\Users\ultra\warewolf\Dev\Dev2.Studio.Core.Tests\Dev2.Studio.Core.Tests.csproj]
C:\Users\ultra\warewolf\Dev\Dev2.Studio.Core\Dev2.Studio.Core.csproj : warning NU1701: Package 'GroupControls 1.9.0' was restored using '.NETFramework,Version=v4.6.1, .NETFramework,Version=v4.6.2, .NETFramework,Version=v4.7, .NETFramework,Version=v4.7.1, .NETFramework,Version=v4.7.2, .NETFramework,Version=v4.8, .NETFramework,Version=v4.8.1' instead of the project target framework 'net8.0'. This package may not be fully compatible with your project. [C:\Users\ultra\warewolf\Dev\Dev2.Studio.Core.Tests\Dev2.Studio.Core.Tests.csproj]
C:\Users\ultra\warewolf\Dev\Dev2.Studio.Core\Dev2.Studio.Core.csproj : warning NU1701: Package 'Microsoft.Xaml.Behaviors.Wpf 1.1.122' was restored using '.NETFramework,Version=v4.6.1, .NETFramework,Version=v4.6.2, .NETFramework,Version=v4.7, .NETFramework,Version=v4.7.1, .NETFramework,Version=v4.7.2, .NETFramework,Version=v4.8, .NETFramework,Version=v4.8.1' instead of the project target framework 'net8.0'. This package may not be fully compatible with your project. [C:\Users\ultra\warewolf\Dev\Dev2.Studio.Core.Tests\Dev2.Studio.Core.Tests.csproj]
C:\Users\ultra\warewolf\Dev\Dev2.Studio.Core\Dev2.Studio.Core.csproj : warning NU1701: Package 'Prism.Wpf 9.0.537' was restored using '.NETFramework,Version=v4.6.1, .NETFramework,Version=v4.6.2, .NETFramework,Version=v4.7, .NETFramework,Version=v4.7.1, .NETFramework,Version=v4.7.2, .NETFramework,Version=v4.8, .NETFramework,Version=v4.8.1' instead of the project target framework 'net8.0'. This package may not be fully compatible with your project. [C:\Users\ultra\warewolf\Dev\Dev2.Studio.Core.Tests\Dev2.Studio.Core.Tests.csproj]
C:\Users\ultra\warewolf\Dev\Dev2.Studio.Core\Dev2.Studio.Core.csproj : warning NU1701: Package 'ReactiveUI.WPF 18.4.1' was restored using '.NETFramework,Version=v4.6.1, .NETFramework,Version=v4.6.2, .NETFramework,Version=v4.7, .NETFramework,Version=v4.7.1, .NETFramework,Version=v4.7.2, .NETFramework,Version=v4.8, .NETFramework,Version=v4.8.1' instead of the project target framework 'net8.0'. This package may not be fully compatible with your project. [C:\Users\ultra\warewolf\Dev\Dev2.Studio.Core.Tests\Dev2.Studio.Core.Tests.csproj]
C:\Users\ultra\warewolf\Dev\Dev2.Studio.Core\Dev2.Studio.Core.csproj : warning NU1701: Package 'TaskSchedulerEditor 2.10.1' was restored using '.NETFramework,Version=v4.6.1, .NETFramework,Version=v4.6.2, .NETFramework,Version=v4.7, .NETFramework,Version=v4.7.1, .NETFramework,Version=v4.7.2, .NETFramework,Version=v4.8, .NETFramework,Version=v4.8.1' instead of the project target framework 'net8.0'. This package may not be fully compatible with your project. [C:\Users\ultra\warewolf\Dev\Dev2.Studio.Core.Tests\Dev2.Studio.Core.Tests.csproj]
C:\Users\ultra\warewolf\Dev\Dev2.Activities\Dev2.Activities.csproj : warning NU1903: Package 'Microsoft.Windows.Compatibility' 6.0.0 has a known high severity vulnerability, https://github.com/advisories/GHSA-555c-2p6r-68mm [C:\Users\ultra\warewolf\Dev\Dev2.Studio.Core.Tests\Dev2.Studio.Core.Tests.csproj]
C:\Users\ultra\warewolf\Dev\Dev2.Activities\Dev2.Activities.csproj : warning NU1701: Package 'AeroWizard 2.3.1' was restored using '.NETFramework,Version=v4.6.1, .NETFramework,Version=v4.6.2, .NETFramework,Version=v4.7, .NETFramework,Version=v4.7.1, .NETFramework,Version=v4.7.2, .NETFramework,Version=v4.8, .NETFramework,Version=v4.8.1' instead of the project target framework 'net8.0'. This package may not be fully compatible with your project. [C:\Users\ultra\warewolf\Dev\Dev2.Studio.Core.Tests\Dev2.Studio.Core.Tests.csproj]
C:\Users\ultra\warewolf\Dev\Dev2.Activities\Dev2.Activities.csproj : warning NU1701: Package 'GroupControls 1.9.0' was restored using '.NETFramework,Version=v4.6.1, .NETFramework,Version=v4.6.2, .NETFramework,Version=v4.7, .NETFramework,Version=v4.7.1, .NETFramework,Version=v4.7.2, .NETFramework,Version=v4.8, .NETFramework,Version=v4.8.1' instead of the project target framework 'net8.0'. This package may not be fully compatible with your project. [C:\Users\ultra\warewolf\Dev\Dev2.Studio.Core.Tests\Dev2.Studio.Core.Tests.csproj]
C:\Users\ultra\warewolf\Dev\Dev2.Activities\Dev2.Activities.csproj : warning NU1701: Package 'ReactiveUI.WPF 18.4.1' was restored using '.NETFramework,Version=v4.6.1, .NETFramework,Version=v4.6.2, .NETFramework,Version=v4.7, .NETFramework,Version=v4.7.1, .NETFramework,Version=v4.7.2, .NETFramework,Version=v4.8, .NETFramework,Version=v4.8.1' instead of the project target framework 'net8.0'. This package may not be fully compatible with your project. [C:\Users\ultra\warewolf\Dev\Dev2.Studio.Core.Tests\Dev2.Studio.Core.Tests.csproj]
C:\Users\ultra\warewolf\Dev\Dev2.Activities\Dev2.Activities.csproj : warning NU1701: Package 'TaskSchedulerEditor 2.10.1' was restored using '.NETFramework,Version=v4.6.1, .NETFramework,Version=v4.6.2, .NETFramework,Version=v4.7, .NETFramework,Version=v4.7.1, .NETFramework,Version=v4.7.2, .NETFramework,Version=v4.8, .NETFramework,Version=v4.8.1' instead of the project target framework 'net8.0'. This package may not be fully compatible with your project. [C:\Users\ultra\warewolf\Dev\Dev2.Studio.Core.Tests\Dev2.Studio.Core.Tests.csproj]
C:\Users\ultra\warewolf\Dev\Dev2.SignalR.Wrappers.New\Dev2.SignalR.Wrappers.New.csproj : warning NU1701: Package 'AeroWizard 2.3.1' was restored using '.NETFramework,Version=v4.6.1, .NETFramework,Version=v4.6.2, .NETFramework,Version=v4.7, .NETFramework,Version=v4.7.1, .NETFramework,Version=v4.7.2, .NETFramework,Version=v4.8, .NETFramework,Version=v4.8.1' instead of the project target framework 'net8.0'. This package may not be fully compatible with your project. [C:\Users\ultra\warewolf\Dev\Dev2.Studio.Core.Tests\Dev2.Studio.Core.Tests.csproj]
C:\Users\ultra\warewolf\Dev\Dev2.SignalR.Wrappers.New\Dev2.SignalR.Wrappers.New.csproj : warning NU1701: Package 'GroupControls 1.9.0' was restored using '.NETFramework,Version=v4.6.1, .NETFramework,Version=v4.6.2, .NETFramework,Version=v4.7, .NETFramework,Version=v4.7.1, .NETFramework,Version=v4.7.2, .NETFramework,Version=v4.8, .NETFramework,Version=v4.8.1' instead of the project target framework 'net8.0'. This package may not be fully compatible with your project. [C:\Users\ultra\warewolf\Dev\Dev2.Studio.Core.Tests\Dev2.Studio.Core.Tests.csproj]
C:\Users\ultra\warewolf\Dev\Dev2.SignalR.Wrappers.New\Dev2.SignalR.Wrappers.New.csproj : warning NU1701: Package 'ReactiveUI.WPF 18.4.1' was restored using '.NETFramework,Version=v4.6.1, .NETFramework,Version=v4.6.2, .NETFramework,Version=v4.7, .NETFramework,Version=v4.7.1, .NETFramework,Version=v4.7.2, .NETFramework,Version=v4.8, .NETFramework,Version=v4.8.1' instead of the project target framework 'net8.0'. This package may not be fully compatible with your project. [C:\Users\ultra\warewolf\Dev\Dev2.Studio.Core.Tests\Dev2.Studio.Core.Tests.csproj]
C:\Users\ultra\warewolf\Dev\Dev2.SignalR.Wrappers.New\Dev2.SignalR.Wrappers.New.csproj : warning NU1701: Package 'TaskSchedulerEditor 2.10.1' was restored using '.NETFramework,Version=v4.6.1, .NETFramework,Version=v4.6.2, .NETFramework,Version=v4.7, .NETFramework,Version=v4.7.1, .NETFramework,Version=v4.7.2, .NETFramework,Version=v4.8, .NETFramework,Version=v4.8.1' instead of the project target framework 'net8.0'. This package may not be fully compatible with your project. [C:\Users\ultra\warewolf\Dev\Dev2.Studio.Core.Tests\Dev2.Studio.Core.Tests.csproj]
C:\Users\ultra\warewolf\Dev\Dev2.Studio\Dev2.Studio.csproj : warning NU1701: Package 'AeroWizard 2.3.1' was restored using '.NETFramework,Version=v4.6.1, .NETFramework,Version=v4.6.2, .NETFramework,Version=v4.7, .NETFramework,Version=v4.7.1, .NETFramework,Version=v4.7.2, .NETFramework,Version=v4.8, .NETFramework,Version=v4.8.1' instead of the project target framework 'net8.0'. This package may not be fully compatible with your project. [C:\Users\ultra\warewolf\Dev\Dev2.Studio.Core.Tests\Dev2.Studio.Core.Tests.csproj]
C:\Users\ultra\warewolf\Dev\Dev2.Studio\Dev2.Studio.csproj : warning NU1701: Package 'AvalonEdit 6.3.0.90' was restored using '.NETFramework,Version=v4.6.1, .NETFramework,Version=v4.6.2, .NETFramework,Version=v4.7, .NETFramework,Version=v4.7.1, .NETFramework,Version=v4.7.2, .NETFramework,Version=v4.8, .NETFramework,Version=v4.8.1' instead of the project target framework 'net8.0'. This package may not be fully compatible with your project. [C:\Users\ultra\warewolf\Dev\Dev2.Studio.Core.Tests\Dev2.Studio.Core.Tests.csproj]
C:\Users\ultra\warewolf\Dev\Dev2.Studio\Dev2.Studio.csproj : warning NU1701: Package 'CommonServiceLocator 1.2.0' was restored using '.NETFramework,Version=v4.6.1, .NETFramework,Version=v4.6.2, .NETFramework,Version=v4.7, .NETFramework,Version=v4.7.1, .NETFramework,Version=v4.7.2, .NETFramework,Version=v4.8, .NETFramework,Version=v4.8.1' instead of the project target framework 'net8.0'. This package may not be fully compatible with your project. [C:\Users\ultra\warewolf\Dev\Dev2.Studio.Core.Tests\Dev2.Studio.Core.Tests.csproj]
C:\Users\ultra\warewolf\Dev\Dev2.Studio\Dev2.Studio.csproj : warning NU1701: Package 'FontAwesome.WPF 4.7.0.9' was restored using '.NETFramework,Version=v4.6.1, .NETFramework,Version=v4.6.2, .NETFramework,Version=v4.7, .NETFramework,Version=v4.7.1, .NETFramework,Version=v4.7.2, .NETFramework,Version=v4.8, .NETFramework,Version=v4.8.1' instead of the project target framework 'net8.0'. This package may not be fully compatible with your project. [C:\Users\ultra\warewolf\Dev\Dev2.Studio.Core.Tests\Dev2.Studio.Core.Tests.csproj]
C:\Users\ultra\warewolf\Dev\Dev2.Studio\Dev2.Studio.csproj : warning NU1701: Package 'GroupControls 1.9.0' was restored using '.NETFramework,Version=v4.6.1, .NETFramework,Version=v4.6.2, .NETFramework,Version=v4.7, .NETFramework,Version=v4.7.1, .NETFramework,Version=v4.7.2, .NETFramework,Version=v4.8, .NETFramework,Version=v4.8.1' instead of the project target framework 'net8.0'. This package may not be fully compatible with your project. [C:\Users\ultra\warewolf\Dev\Dev2.Studio.Core.Tests\Dev2.Studio.Core.Tests.csproj]
C:\Users\ultra\warewolf\Dev\Dev2.Studio\Dev2.Studio.csproj : warning NU1701: Package 'Log4Net.Async 2.0.4' was restored using '.NETFramework,Version=v4.6.1, .NETFramework,Version=v4.6.2, .NETFramework,Version=v4.7, .NETFramework,Version=v4.7.1, .NETFramework,Version=v4.7.2, .NETFramework,Version=v4.8, .NETFramework,Version=v4.8.1' instead of the project target framework 'net8.0'. This package may not be fully compatible with your project. [C:\Users\ultra\warewolf\Dev\Dev2.Studio.Core.Tests\Dev2.Studio.Core.Tests.csproj]
C:\Users\ultra\warewolf\Dev\Dev2.Studio\Dev2.Studio.csproj : warning NU1701: Package 'Microsoft.Xaml.Behaviors.Wpf 1.1.122' was restored using '.NETFramework,Version=v4.6.1, .NETFramework,Version=v4.6.2, .NETFramework,Version=v4.7, .NETFramework,Version=v4.7.1, .NETFramework,Version=v4.7.2, .NETFramework,Version=v4.8, .NETFramework,Version=v4.8.1' instead of the project target framework 'net8.0'. This package may not be fully compatible with your project. [C:\Users\ultra\warewolf\Dev\Dev2.Studio.Core.Tests\Dev2.Studio.Core.Tests.csproj]
C:\Users\ultra\warewolf\Dev\Dev2.Studio\Dev2.Studio.csproj : warning NU1701: Package 'Prism.Composition 5.0.0' was restored using '.NETFramework,Version=v4.6.1, .NETFramework,Version=v4.6.2, .NETFramework,Version=v4.7, .NETFramework,Version=v4.7.1, .NETFramework,Version=v4.7.2, .NETFramework,Version=v4.8, .NETFramework,Version=v4.8.1' instead of the project target framework 'net8.0'. This package may not be fully compatible with your project. [C:\Users\ultra\warewolf\Dev\Dev2.Studio.Core.Tests\Dev2.Studio.Core.Tests.csproj]
C:\Users\ultra\warewolf\Dev\Dev2.Studio\Dev2.Studio.csproj : warning NU1701: Package 'Prism.Interactivity 5.0.0' was restored using '.NETFramework,Version=v4.6.1, .NETFramework,Version=v4.6.2, .NETFramework,Version=v4.7, .NETFramework,Version=v4.7.1, .NETFramework,Version=v4.7.2, .NETFramework,Version=v4.8, .NETFramework,Version=v4.8.1' instead of the project target framework 'net8.0'. This package may not be fully compatible with your project. [C:\Users\ultra\warewolf\Dev\Dev2.Studio.Core.Tests\Dev2.Studio.Core.Tests.csproj]
C:\Users\ultra\warewolf\Dev\Dev2.Studio\Dev2.Studio.csproj : warning NU1701: Package 'Prism.Mvvm 1.0.0' was restored using '.NETFramework,Version=v4.6.1, .NETFramework,Version=v4.6.2, .NETFramework,Version=v4.7, .NETFramework,Version=v4.7.1, .NETFramework,Version=v4.7.2, .NETFramework,Version=v4.8, .NETFramework,Version=v4.8.1' instead of the project target framework 'net8.0'. This package may not be fully compatible with your project. [C:\Users\ultra\warewolf\Dev\Dev2.Studio.Core.Tests\Dev2.Studio.Core.Tests.csproj]
C:\Users\ultra\warewolf\Dev\Dev2.Studio\Dev2.Studio.csproj : warning NU1701: Package 'Prism.PubSubEvents 1.0.0' was restored using '.NETFramework,Version=v4.6.1, .NETFramework,Version=v4.6.2, .NETFramework,Version=v4.7, .NETFramework,Version=v4.7.1, .NETFramework,Version=v4.7.2, .NETFramework,Version=v4.8, .NETFramework,Version=v4.8.1' instead of the project target framework 'net8.0'. This package may not be fully compatible with your project. [C:\Users\ultra\warewolf\Dev\Dev2.Studio.Core.Tests\Dev2.Studio.Core.Tests.csproj]
C:\Users\ultra\warewolf\Dev\Dev2.Studio\Dev2.Studio.csproj : warning NU1701: Package 'Prism.UnityExtensions 5.0.1' was restored using '.NETFramework,Version=v4.6.1, .NETFramework,Version=v4.6.2, .NETFramework,Version=v4.7, .NETFramework,Version=v4.7.1, .NETFramework,Version=v4.7.2, .NETFramework,Version=v4.8, .NETFramework,Version=v4.8.1' instead of the project target framework 'net8.0'. This package may not be fully compatible with your project. [C:\Users\ultra\warewolf\Dev\Dev2.Studio.Core.Tests\Dev2.Studio.Core.Tests.csproj]
C:\Users\ultra\warewolf\Dev\Dev2.Studio\Dev2.Studio.csproj : warning NU1701: Package 'Prism.Wpf 9.0.537' was restored using '.NETFramework,Version=v4.6.1, .NETFramework,Version=v4.6.2, .NETFramework,Version=v4.7, .NETFramework,Version=v4.7.1, .NETFramework,Version=v4.7.2, .NETFramework,Version=v4.8, .NETFramework,Version=v4.8.1' instead of the project target framework 'net8.0'. This package may not be fully compatible with your project. [C:\Users\ultra\warewolf\Dev\Dev2.Studio.Core.Tests\Dev2.Studio.Core.Tests.csproj]
C:\Users\ultra\warewolf\Dev\Dev2.Studio\Dev2.Studio.csproj : warning NU1701: Package 'ReactiveUI.WPF 18.4.1' was restored using '.NETFramework,Version=v4.6.1, .NETFramework,Version=v4.6.2, .NETFramework,Version=v4.7, .NETFramework,Version=v4.7.1, .NETFramework,Version=v4.7.2, .NETFramework,Version=v4.8, .NETFramework,Version=v4.8.1' instead of the project target framework 'net8.0'. This package may not be fully compatible with your project. [C:\Users\ultra\warewolf\Dev\Dev2.Studio.Core.Tests\Dev2.Studio.Core.Tests.csproj]
C:\Users\ultra\warewolf\Dev\Dev2.Studio\Dev2.Studio.csproj : warning NU1701: Package 'TaskSchedulerEditor 2.10.1' was restored using '.NETFramework,Version=v4.6.1, .NETFramework,Version=v4.6.2, .NETFramework,Version=v4.7, .NETFramework,Version=v4.7.1, .NETFramework,Version=v4.7.2, .NETFramework,Version=v4.8, .NETFramework,Version=v4.8.1' instead of the project target framework 'net8.0'. This package may not be fully compatible with your project. [C:\Users\ultra\warewolf\Dev\Dev2.Studio.Core.Tests\Dev2.Studio.Core.Tests.csproj]
C:\Users\ultra\warewolf\Dev\Dev2.Studio\Dev2.Studio.csproj : warning NU1701: Package 'Unofficial.Microsoft.mshtml 7.0.3300' was restored using '.NETFramework,Version=v4.6.1, .NETFramework,Version=v4.6.2, .NETFramework,Version=v4.7, .NETFramework,Version=v4.7.1, .NETFramework,Version=v4.7.2, .NETFramework,Version=v4.8, .NETFramework,Version=v4.8.1' instead of the project target framework 'net8.0'. This package may not be fully compatible with your project. [C:\Users\ultra\warewolf\Dev\Dev2.Studio.Core.Tests\Dev2.Studio.Core.Tests.csproj]
C:\Users\ultra\warewolf\Dev\Dev2.Activities.Designers\Dev2.Activities.Designers.csproj : warning NU1701: Package 'AeroWizard 2.3.1' was restored using '.NETFramework,Version=v4.6.1, .NETFramework,Version=v4.6.2, .NETFramework,Version=v4.7, .NETFramework,Version=v4.7.1, .NETFramework,Version=v4.7.2, .NETFramework,Version=v4.8, .NETFramework,Version=v4.8.1' instead of the project target framework 'net8.0'. This package may not be fully compatible with your project. [C:\Users\ultra\warewolf\Dev\Dev2.Studio.Core.Tests\Dev2.Studio.Core.Tests.csproj]
C:\Users\ultra\warewolf\Dev\Dev2.Activities.Designers\Dev2.Activities.Designers.csproj : warning NU1701: Package 'GroupControls 1.9.0' was restored using '.NETFramework,Version=v4.6.1, .NETFramework,Version=v4.6.2, .NETFramework,Version=v4.7, .NETFramework,Version=v4.7.1, .NETFramework,Version=v4.7.2, .NETFramework,Version=v4.8, .NETFramework,Version=v4.8.1' instead of the project target framework 'net8.0'. This package may not be fully compatible with your project. [C:\Users\ultra\warewolf\Dev\Dev2.Studio.Core.Tests\Dev2.Studio.Core.Tests.csproj]
C:\Users\ultra\warewolf\Dev\Dev2.Activities.Designers\Dev2.Activities.Designers.csproj : warning NU1701: Package 'Microsoft.Xaml.Behaviors.Wpf 1.1.122' was restored using '.NETFramework,Version=v4.6.1, .NETFramework,Version=v4.6.2, .NETFramework,Version=v4.7, .NETFramework,Version=v4.7.1, .NETFramework,Version=v4.7.2, .NETFramework,Version=v4.8, .NETFramework,Version=v4.8.1' instead of the project target framework 'net8.0'. This package may not be fully compatible with your project. [C:\Users\ultra\warewolf\Dev\Dev2.Studio.Core.Tests\Dev2.Studio.Core.Tests.csproj]
C:\Users\ultra\warewolf\Dev\Dev2.Activities.Designers\Dev2.Activities.Designers.csproj : warning NU1701: Package 'Prism.Wpf 9.0.537' was restored using '.NETFramework,Version=v4.6.1, .NETFramework,Version=v4.6.2, .NETFramework,Version=v4.7, .NETFramework,Version=v4.7.1, .NETFramework,Version=v4.7.2, .NETFramework,Version=v4.8, .NETFramework,Version=v4.8.1' instead of the project target framework 'net8.0'. This package may not be fully compatible with your project. [C:\Users\ultra\warewolf\Dev\Dev2.Studio.Core.Tests\Dev2.Studio.Core.Tests.csproj]
C:\Users\ultra\warewolf\Dev\Dev2.Activities.Designers\Dev2.Activities.Designers.csproj : warning NU1701: Package 'ReactiveUI.WPF 18.4.1' was restored using '.NETFramework,Version=v4.6.1, .NETFramework,Version=v4.6.2, .NETFramework,Version=v4.7, .NETFramework,Version=v4.7.1, .NETFramework,Version=v4.7.2, .NETFramework,Version=v4.8, .NETFramework,Version=v4.8.1' instead of the project target framework 'net8.0'. This package may not be fully compatible with your project. [C:\Users\ultra\warewolf\Dev\Dev2.Studio.Core.Tests\Dev2.Studio.Core.Tests.csproj]
C:\Users\ultra\warewolf\Dev\Dev2.Activities.Designers\Dev2.Activities.Designers.csproj : warning NU1701: Package 'TaskSchedulerEditor 2.10.1' was restored using '.NETFramework,Version=v4.6.1, .NETFramework,Version=v4.6.2, .NETFramework,Version=v4.7, .NETFramework,Version=v4.7.1, .NETFramework,Version=v4.7.2, .NETFramework,Version=v4.8, .NETFramework,Version=v4.8.1' instead of the project target framework 'net8.0'. This package may not be fully compatible with your project. [C:\Users\ultra\warewolf\Dev\Dev2.Studio.Core.Tests\Dev2.Studio.Core.Tests.csproj]
C:\Users\ultra\warewolf\Dev\Warewolf.ResourceManagement\Warewolf.ResourceManagement.csproj : warning NU1701: Package 'AeroWizard 2.3.1' was restored using '.NETFramework,Version=v4.6.1, .NETFramework,Version=v4.6.2, .NETFramework,Version=v4.7, .NETFramework,Version=v4.7.1, .NETFramework,Version=v4.7.2, .NETFramework,Version=v4.8, .NETFramework,Version=v4.8.1' instead of the project target framework 'net8.0'. This package may not be fully compatible with your project. [C:\Users\ultra\warewolf\Dev\Dev2.Studio.Core.Tests\Dev2.Studio.Core.Tests.csproj]
C:\Users\ultra\warewolf\Dev\Warewolf.ResourceManagement\Warewolf.ResourceManagement.csproj : warning NU1701: Package 'GroupControls 1.9.0' was restored using '.NETFramework,Version=v4.6.1, .NETFramework,Version=v4.6.2, .NETFramework,Version=v4.7, .NETFramework,Version=v4.7.1, .NETFramework,Version=v4.7.2, .NETFramework,Version=v4.8, .NETFramework,Version=v4.8.1' instead of the project target framework 'net8.0'. This package may not be fully compatible with your project. [C:\Users\ultra\warewolf\Dev\Dev2.Studio.Core.Tests\Dev2.Studio.Core.Tests.csproj]
C:\Users\ultra\warewolf\Dev\Warewolf.ResourceManagement\Warewolf.ResourceManagement.csproj : warning NU1701: Package 'ReactiveUI.WPF 18.4.1' was restored using '.NETFramework,Version=v4.6.1, .NETFramework,Version=v4.6.2, .NETFramework,Version=v4.7, .NETFramework,Version=v4.7.1, .NETFramework,Version=v4.7.2, .NETFramework,Version=v4.8, .NETFramework,Version=v4.8.1' instead of the project target framework 'net8.0'. This package may not be fully compatible with your project. [C:\Users\ultra\warewolf\Dev\Dev2.Studio.Core.Tests\Dev2.Studio.Core.Tests.csproj]
C:\Users\ultra\warewolf\Dev\Warewolf.ResourceManagement\Warewolf.ResourceManagement.csproj : warning NU1701: Package 'TaskSchedulerEditor 2.10.1' was restored using '.NETFramework,Version=v4.6.1, .NETFramework,Version=v4.6.2, .NETFramework,Version=v4.7, .NETFramework,Version=v4.7.1, .NETFramework,Version=v4.7.2, .NETFramework,Version=v4.8, .NETFramework,Version=v4.8.1' instead of the project target framework 'net8.0'. This package may not be fully compatible with your project. [C:\Users\ultra\warewolf\Dev\Dev2.Studio.Core.Tests\Dev2.Studio.Core.Tests.csproj]
C:\Users\ultra\warewolf\Dev\Warewolf.Studio.Models\Warewolf.Studio.Models.csproj : warning NU1701: Package 'AeroWizard 2.3.1' was restored using '.NETFramework,Version=v4.6.1, .NETFramework,Version=v4.6.2, .NETFramework,Version=v4.7, .NETFramework,Version=v4.7.1, .NETFramework,Version=v4.7.2, .NETFramework,Version=v4.8, .NETFramework,Version=v4.8.1' instead of the project target framework 'net8.0'. This package may not be fully compatible with your project. [C:\Users\ultra\warewolf\Dev\Dev2.Studio.Core.Tests\Dev2.Studio.Core.Tests.csproj]
C:\Users\ultra\warewolf\Dev\Warewolf.Studio.Models\Warewolf.Studio.Models.csproj : warning NU1701: Package 'GroupControls 1.9.0' was restored using '.NETFramework,Version=v4.6.1, .NETFramework,Version=v4.6.2, .NETFramework,Version=v4.7, .NETFramework,Version=v4.7.1, .NETFramework,Version=v4.7.2, .NETFramework,Version=v4.8, .NETFramework,Version=v4.8.1' instead of the project target framework 'net8.0'. This package may not be fully compatible with your project. [C:\Users\ultra\warewolf\Dev\Dev2.Studio.Core.Tests\Dev2.Studio.Core.Tests.csproj]
C:\Users\ultra\warewolf\Dev\Warewolf.Studio.Models\Warewolf.Studio.Models.csproj : warning NU1701: Package 'Microsoft.Xaml.Behaviors.Wpf 1.1.122' was restored using '.NETFramework,Version=v4.6.1, .NETFramework,Version=v4.6.2, .NETFramework,Version=v4.7, .NETFramework,Version=v4.7.1, .NETFramework,Version=v4.7.2, .NETFramework,Version=v4.8, .NETFramework,Version=v4.8.1' instead of the project target framework 'net8.0'. This package may not be fully compatible with your project. [C:\Users\ultra\warewolf\Dev\Dev2.Studio.Core.Tests\Dev2.Studio.Core.Tests.csproj]
C:\Users\ultra\warewolf\Dev\Warewolf.Studio.Models\Warewolf.Studio.Models.csproj : warning NU1701: Package 'Prism.Wpf 9.0.537' was restored using '.NETFramework,Version=v4.6.1, .NETFramework,Version=v4.6.2, .NETFramework,Version=v4.7, .NETFramework,Version=v4.7.1, .NETFramework,Version=v4.7.2, .NETFramework,Version=v4.8, .NETFramework,Version=v4.8.1' instead of the project target framework 'net8.0'. This package may not be fully compatible with your project. [C:\Users\ultra\warewolf\Dev\Dev2.Studio.Core.Tests\Dev2.Studio.Core.Tests.csproj]
C:\Users\ultra\warewolf\Dev\Warewolf.Studio.Models\Warewolf.Studio.Models.csproj : warning NU1701: Package 'ReactiveUI.WPF 18.4.1' was restored using '.NETFramework,Version=v4.6.1, .NETFramework,Version=v4.6.2, .NETFramework,Version=v4.7, .NETFramework,Version=v4.7.1, .NETFramework,Version=v4.7.2, .NETFramework,Version=v4.8, .NETFramework,Version=v4.8.1' instead of the project target framework 'net8.0'. This package may not be fully compatible with your project. [C:\Users\ultra\warewolf\Dev\Dev2.Studio.Core.Tests\Dev2.Studio.Core.Tests.csproj]
C:\Users\ultra\warewolf\Dev\Warewolf.Studio.Models\Warewolf.Studio.Models.csproj : warning NU1701: Package 'TaskSchedulerEditor 2.10.1' was restored using '.NETFramework,Version=v4.6.1, .NETFramework,Version=v4.6.2, .NETFramework,Version=v4.7, .NETFramework,Version=v4.7.1, .NETFramework,Version=v4.7.2, .NETFramework,Version=v4.8, .NETFramework,Version=v4.8.1' instead of the project target framework 'net8.0'. This package may not be fully compatible with your project. [C:\Users\ultra\warewolf\Dev\Dev2.Studio.Core.Tests\Dev2.Studio.Core.Tests.csproj]
C:\Users\ultra\warewolf\Dev\Warewolf.PerfMon\Warewolf.PerfMon.csproj : warning NU1701: Package 'AeroWizard 2.3.1' was restored using '.NETFramework,Version=v4.6.1, .NETFramework,Version=v4.6.2, .NETFramework,Version=v4.7, .NETFramework,Version=v4.7.1, .NETFramework,Version=v4.7.2, .NETFramework,Version=v4.8, .NETFramework,Version=v4.8.1' instead of the project target framework 'net8.0'. This package may not be fully compatible with your project. [C:\Users\ultra\warewolf\Dev\Dev2.Studio.Core.Tests\Dev2.Studio.Core.Tests.csproj]
C:\Users\ultra\warewolf\Dev\Warewolf.PerfMon\Warewolf.PerfMon.csproj : warning NU1701: Package 'GroupControls 1.9.0' was restored using '.NETFramework,Version=v4.6.1, .NETFramework,Version=v4.6.2, .NETFramework,Version=v4.7, .NETFramework,Version=v4.7.1, .NETFramework,Version=v4.7.2, .NETFramework,Version=v4.8, .NETFramework,Version=v4.8.1' instead of the project target framework 'net8.0'. This package may not be fully compatible with your project. [C:\Users\ultra\warewolf\Dev\Dev2.Studio.Core.Tests\Dev2.Studio.Core.Tests.csproj]
C:\Users\ultra\warewolf\Dev\Warewolf.PerfMon\Warewolf.PerfMon.csproj : warning NU1701: Package 'ReactiveUI.WPF 18.4.1' was restored using '.NETFramework,Version=v4.6.1, .NETFramework,Version=v4.6.2, .NETFramework,Version=v4.7, .NETFramework,Version=v4.7.1, .NETFramework,Version=v4.7.2, .NETFramework,Version=v4.8, .NETFramework,Version=v4.8.1' instead of the project target framework 'net8.0'. This package may not be fully compatible with your project. [C:\Users\ultra\warewolf\Dev\Dev2.Studio.Core.Tests\Dev2.Studio.Core.Tests.csproj]
C:\Users\ultra\warewolf\Dev\Warewolf.PerfMon\Warewolf.PerfMon.csproj : warning NU1701: Package 'TaskSchedulerEditor 2.10.1' was restored using '.NETFramework,Version=v4.6.1, .NETFramework,Version=v4.6.2, .NETFramework,Version=v4.7, .NETFramework,Version=v4.7.1, .NETFramework,Version=v4.7.2, .NETFramework,Version=v4.8, .NETFramework,Version=v4.8.1' instead of the project target framework 'net8.0'. This package may not be fully compatible with your project. [C:\Users\ultra\warewolf\Dev\Dev2.Studio.Core.Tests\Dev2.Studio.Core.Tests.csproj]
C:\Users\ultra\warewolf\Dev\Warewolf.Studio.Views\Warewolf.Studio.Views.csproj : warning NU1701: Package 'AeroWizard 2.3.1' was restored using '.NETFramework,Version=v4.6.1, .NETFramework,Version=v4.6.2, .NETFramework,Version=v4.7, .NETFramework,Version=v4.7.1, .NETFramework,Version=v4.7.2, .NETFramework,Version=v4.8, .NETFramework,Version=v4.8.1' instead of the project target framework 'net8.0'. This package may not be fully compatible with your project. [C:\Users\ultra\warewolf\Dev\Dev2.Studio.Core.Tests\Dev2.Studio.Core.Tests.csproj]
C:\Users\ultra\warewolf\Dev\Warewolf.Studio.Views\Warewolf.Studio.Views.csproj : warning NU1701: Package 'GroupControls 1.9.0' was restored using '.NETFramework,Version=v4.6.1, .NETFramework,Version=v4.6.2, .NETFramework,Version=v4.7, .NETFramework,Version=v4.7.1, .NETFramework,Version=v4.7.2, .NETFramework,Version=v4.8, .NETFramework,Version=v4.8.1' instead of the project target framework 'net8.0'. This package may not be fully compatible with your project. [C:\Users\ultra\warewolf\Dev\Dev2.Studio.Core.Tests\Dev2.Studio.Core.Tests.csproj]
C:\Users\ultra\warewolf\Dev\Warewolf.Studio.Views\Warewolf.Studio.Views.csproj : warning NU1701: Package 'Microsoft.Xaml.Behaviors.Wpf 1.1.122' was restored using '.NETFramework,Version=v4.6.1, .NETFramework,Version=v4.6.2, .NETFramework,Version=v4.7, .NETFramework,Version=v4.7.1, .NETFramework,Version=v4.7.2, .NETFramework,Version=v4.8, .NETFramework,Version=v4.8.1' instead of the project target framework 'net8.0'. This package may not be fully compatible with your project. [C:\Users\ultra\warewolf\Dev\Dev2.Studio.Core.Tests\Dev2.Studio.Core.Tests.csproj]
C:\Users\ultra\warewolf\Dev\Warewolf.Studio.Views\Warewolf.Studio.Views.csproj : warning NU1701: Package 'Prism.Wpf 9.0.537' was restored using '.NETFramework,Version=v4.6.1, .NETFramework,Version=v4.6.2, .NETFramework,Version=v4.7, .NETFramework,Version=v4.7.1, .NETFramework,Version=v4.7.2, .NETFramework,Version=v4.8, .NETFramework,Version=v4.8.1' instead of the project target framework 'net8.0'. This package may not be fully compatible with your project. [C:\Users\ultra\warewolf\Dev\Dev2.Studio.Core.Tests\Dev2.Studio.Core.Tests.csproj]
C:\Users\ultra\warewolf\Dev\Warewolf.Studio.Views\Warewolf.Studio.Views.csproj : warning NU1701: Package 'ReactiveUI.WPF 18.4.1' was restored using '.NETFramework,Version=v4.6.1, .NETFramework,Version=v4.6.2, .NETFramework,Version=v4.7, .NETFramework,Version=v4.7.1, .NETFramework,Version=v4.7.2, .NETFramework,Version=v4.8, .NETFramework,Version=v4.8.1' instead of the project target framework 'net8.0'. This package may not be fully compatible with your project. [C:\Users\ultra\warewolf\Dev\Dev2.Studio.Core.Tests\Dev2.Studio.Core.Tests.csproj]
C:\Users\ultra\warewolf\Dev\Warewolf.Studio.Views\Warewolf.Studio.Views.csproj : warning NU1701: Package 'TaskSchedulerEditor 2.10.1' was restored using '.NETFramework,Version=v4.6.1, .NETFramework,Version=v4.6.2, .NETFramework,Version=v4.7, .NETFramework,Version=v4.7.1, .NETFramework,Version=v4.7.2, .NETFramework,Version=v4.8, .NETFramework,Version=v4.8.1' instead of the project target framework 'net8.0'. This package may not be fully compatible with your project. [C:\Users\ultra\warewolf\Dev\Dev2.Studio.Core.Tests\Dev2.Studio.Core.Tests.csproj]
C:\Users\ultra\warewolf\Dev\Warewolf.Studio.Views\Warewolf.Studio.Views.csproj : warning NU1701: Package 'Unofficial.Microsoft.mshtml 7.0.3300' was restored using '.NETFramework,Version=v4.6.1, .NETFramework,Version=v4.6.2, .NETFramework,Version=v4.7, .NETFramework,Version=v4.7.1, .NETFramework,Version=v4.7.2, .NETFramework,Version=v4.8, .NETFramework,Version=v4.8.1' instead of the project target framework 'net8.0'. This package may not be fully compatible with your project. [C:\Users\ultra\warewolf\Dev\Dev2.Studio.Core.Tests\Dev2.Studio.Core.Tests.csproj]
C:\Users\ultra\warewolf\Dev\Warewolf.Studio.ViewModels\Warewolf.Studio.ViewModels.csproj : warning NU1701: Package 'AeroWizard 2.3.1' was restored using '.NETFramework,Version=v4.6.1, .NETFramework,Version=v4.6.2, .NETFramework,Version=v4.7, .NETFramework,Version=v4.7.1, .NETFramework,Version=v4.7.2, .NETFramework,Version=v4.8, .NETFramework,Version=v4.8.1' instead of the project target framework 'net8.0'. This package may not be fully compatible with your project. [C:\Users\ultra\warewolf\Dev\Dev2.Studio.Core.Tests\Dev2.Studio.Core.Tests.csproj]
C:\Users\ultra\warewolf\Dev\Warewolf.Studio.ViewModels\Warewolf.Studio.ViewModels.csproj : warning NU1701: Package 'GroupControls 1.9.0' was restored using '.NETFramework,Version=v4.6.1, .NETFramework,Version=v4.6.2, .NETFramework,Version=v4.7, .NETFramework,Version=v4.7.1, .NETFramework,Version=v4.7.2, .NETFramework,Version=v4.8, .NETFramework,Version=v4.8.1' instead of the project target framework 'net8.0'. This package may not be fully compatible with your project. [C:\Users\ultra\warewolf\Dev\Dev2.Studio.Core.Tests\Dev2.Studio.Core.Tests.csproj]
C:\Users\ultra\warewolf\Dev\Warewolf.Studio.ViewModels\Warewolf.Studio.ViewModels.csproj : warning NU1701: Package 'Microsoft.Xaml.Behaviors.Wpf 1.1.122' was restored using '.NETFramework,Version=v4.6.1, .NETFramework,Version=v4.6.2, .NETFramework,Version=v4.7, .NETFramework,Version=v4.7.1, .NETFramework,Version=v4.7.2, .NETFramework,Version=v4.8, .NETFramework,Version=v4.8.1' instead of the project target framework 'net8.0'. This package may not be fully compatible with your project. [C:\Users\ultra\warewolf\Dev\Dev2.Studio.Core.Tests\Dev2.Studio.Core.Tests.csproj]
C:\Users\ultra\warewolf\Dev\Warewolf.Studio.ViewModels\Warewolf.Studio.ViewModels.csproj : warning NU1701: Package 'Prism.Wpf 9.0.537' was restored using '.NETFramework,Version=v4.6.1, .NETFramework,Version=v4.6.2, .NETFramework,Version=v4.7, .NETFramework,Version=v4.7.1, .NETFramework,Version=v4.7.2, .NETFramework,Version=v4.8, .NETFramework,Version=v4.8.1' instead of the project target framework 'net8.0'. This package may not be fully compatible with your project. [C:\Users\ultra\warewolf\Dev\Dev2.Studio.Core.Tests\Dev2.Studio.Core.Tests.csproj]
C:\Users\ultra\warewolf\Dev\Warewolf.Studio.ViewModels\Warewolf.Studio.ViewModels.csproj : warning NU1701: Package 'ReactiveUI.WPF 18.4.1' was restored using '.NETFramework,Version=v4.6.1, .NETFramework,Version=v4.6.2, .NETFramework,Version=v4.7, .NETFramework,Version=v4.7.1, .NETFramework,Version=v4.7.2, .NETFramework,Version=v4.8, .NETFramework,Version=v4.8.1' instead of the project target framework 'net8.0'. This package may not be fully compatible with your project. [C:\Users\ultra\warewolf\Dev\Dev2.Studio.Core.Tests\Dev2.Studio.Core.Tests.csproj]
C:\Users\ultra\warewolf\Dev\Warewolf.Studio.ViewModels\Warewolf.Studio.ViewModels.csproj : warning NU1701: Package 'TaskSchedulerEditor 2.10.1' was restored using '.NETFramework,Version=v4.6.1, .NETFramework,Version=v4.6.2, .NETFramework,Version=v4.7, .NETFramework,Version=v4.7.1, .NETFramework,Version=v4.7.2, .NETFramework,Version=v4.8, .NETFramework,Version=v4.8.1' instead of the project target framework 'net8.0'. This package may not be fully compatible with your project. [C:\Users\ultra\warewolf\Dev\Dev2.Studio.Core.Tests\Dev2.Studio.Core.Tests.csproj]
C:\Users\ultra\warewolf\Dev\Dev2.Studio.Core.Tests\Dev2.Studio.Core.Tests.csproj : warning NU1701: Package 'AeroWizard 2.3.1' was restored using '.NETFramework,Version=v4.6.1, .NETFramework,Version=v4.6.2, .NETFramework,Version=v4.7, .NETFramework,Version=v4.7.1, .NETFramework,Version=v4.7.2, .NETFramework,Version=v4.8, .NETFramework,Version=v4.8.1' instead of the project target framework 'net8.0'. This package may not be fully compatible with your project.
C:\Users\ultra\warewolf\Dev\Dev2.Studio.Core.Tests\Dev2.Studio.Core.Tests.csproj : warning NU1701: Package 'AvalonEdit 6.3.0.90' was restored using '.NETFramework,Version=v4.6.1, .NETFramework,Version=v4.6.2, .NETFramework,Version=v4.7, .NETFramework,Version=v4.7.1, .NETFramework,Version=v4.7.2, .NETFramework,Version=v4.8, .NETFramework,Version=v4.8.1' instead of the project target framework 'net8.0'. This package may not be fully compatible with your project.
C:\Users\ultra\warewolf\Dev\Dev2.Studio.Core.Tests\Dev2.Studio.Core.Tests.csproj : warning NU1701: Package 'CommonServiceLocator 1.2.0' was restored using '.NETFramework,Version=v4.6.1, .NETFramework,Version=v4.6.2, .NETFramework,Version=v4.7, .NETFramework,Version=v4.7.1, .NETFramework,Version=v4.7.2, .NETFramework,Version=v4.8, .NETFramework,Version=v4.8.1' instead of the project target framework 'net8.0'. This package may not be fully compatible with your project.
C:\Users\ultra\warewolf\Dev\Dev2.Studio.Core.Tests\Dev2.Studio.Core.Tests.csproj : warning NU1701: Package 'FontAwesome.WPF 4.7.0.9' was restored using '.NETFramework,Version=v4.6.1, .NETFramework,Version=v4.6.2, .NETFramework,Version=v4.7, .NETFramework,Version=v4.7.1, .NETFramework,Version=v4.7.2, .NETFramework,Version=v4.8, .NETFramework,Version=v4.8.1' instead of the project target framework 'net8.0'. This package may not be fully compatible with your project.
C:\Users\ultra\warewolf\Dev\Dev2.Studio.Core.Tests\Dev2.Studio.Core.Tests.csproj : warning NU1701: Package 'GroupControls 1.9.0' was restored using '.NETFramework,Version=v4.6.1, .NETFramework,Version=v4.6.2, .NETFramework,Version=v4.7, .NETFramework,Version=v4.7.1, .NETFramework,Version=v4.7.2, .NETFramework,Version=v4.8, .NETFramework,Version=v4.8.1' instead of the project target framework 'net8.0'. This package may not be fully compatible with your project.
C:\Users\ultra\warewolf\Dev\Dev2.Studio.Core.Tests\Dev2.Studio.Core.Tests.csproj : warning NU1701: Package 'Log4Net.Async 2.0.4' was restored using '.NETFramework,Version=v4.6.1, .NETFramework,Version=v4.6.2, .NETFramework,Version=v4.7, .NETFramework,Version=v4.7.1, .NETFramework,Version=v4.7.2, .NETFramework,Version=v4.8, .NETFramework,Version=v4.8.1' instead of the project target framework 'net8.0'. This package may not be fully compatible with your project.
C:\Users\ultra\warewolf\Dev\Dev2.Studio.Core.Tests\Dev2.Studio.Core.Tests.csproj : warning NU1701: Package 'Microsoft.Xaml.Behaviors.Wpf 1.1.122' was restored using '.NETFramework,Version=v4.6.1, .NETFramework,Version=v4.6.2, .NETFramework,Version=v4.7, .NETFramework,Version=v4.7.1, .NETFramework,Version=v4.7.2, .NETFramework,Version=v4.8, .NETFramework,Version=v4.8.1' instead of the project target framework 'net8.0'. This package may not be fully compatible with your project.
C:\Users\ultra\warewolf\Dev\Dev2.Studio.Core.Tests\Dev2.Studio.Core.Tests.csproj : warning NU1701: Package 'Prism.Composition 5.0.0' was restored using '.NETFramework,Version=v4.6.1, .NETFramework,Version=v4.6.2, .NETFramework,Version=v4.7, .NETFramework,Version=v4.7.1, .NETFramework,Version=v4.7.2, .NETFramework,Version=v4.8, .NETFramework,Version=v4.8.1' instead of the project target framework 'net8.0'. This package may not be fully compatible with your project.
C:\Users\ultra\warewolf\Dev\Dev2.Studio.Core.Tests\Dev2.Studio.Core.Tests.csproj : warning NU1701: Package 'Prism.Interactivity 5.0.0' was restored using '.NETFramework,Version=v4.6.1, .NETFramework,Version=v4.6.2, .NETFramework,Version=v4.7, .NETFramework,Version=v4.7.1, .NETFramework,Version=v4.7.2, .NETFramework,Version=v4.8, .NETFramework,Version=v4.8.1' instead of the project target framework 'net8.0'. This package may not be fully compatible with your project.
C:\Users\ultra\warewolf\Dev\Dev2.Studio.Core.Tests\Dev2.Studio.Core.Tests.csproj : warning NU1701: Package 'Prism.Mvvm 1.0.0' was restored using '.NETFramework,Version=v4.6.1, .NETFramework,Version=v4.6.2, .NETFramework,Version=v4.7, .NETFramework,Version=v4.7.1, .NETFramework,Version=v4.7.2, .NETFramework,Version=v4.8, .NETFramework,Version=v4.8.1' instead of the project target framework 'net8.0'. This package may not be fully compatible with your project.
C:\Users\ultra\warewolf\Dev\Dev2.Studio.Core.Tests\Dev2.Studio.Core.Tests.csproj : warning NU1701: Package 'Prism.PubSubEvents 1.0.0' was restored using '.NETFramework,Version=v4.6.1, .NETFramework,Version=v4.6.2, .NETFramework,Version=v4.7, .NETFramework,Version=v4.7.1, .NETFramework,Version=v4.7.2, .NETFramework,Version=v4.8, .NETFramework,Version=v4.8.1' instead of the project target framework 'net8.0'. This package may not be fully compatible with your project.
C:\Users\ultra\warewolf\Dev\Dev2.Studio.Core.Tests\Dev2.Studio.Core.Tests.csproj : warning NU1701: Package 'Prism.UnityExtensions 5.0.1' was restored using '.NETFramework,Version=v4.6.1, .NETFramework,Version=v4.6.2, .NETFramework,Version=v4.7, .NETFramework,Version=v4.7.1, .NETFramework,Version=v4.7.2, .NETFramework,Version=v4.8, .NETFramework,Version=v4.8.1' instead of the project target framework 'net8.0'. This package may not be fully compatible with your project.
C:\Users\ultra\warewolf\Dev\Dev2.Studio.Core.Tests\Dev2.Studio.Core.Tests.csproj : warning NU1701: Package 'Prism.Wpf 9.0.537' was restored using '.NETFramework,Version=v4.6.1, .NETFramework,Version=v4.6.2, .NETFramework,Version=v4.7, .NETFramework,Version=v4.7.1, .NETFramework,Version=v4.7.2, .NETFramework,Version=v4.8, .NETFramework,Version=v4.8.1' instead of the project target framework 'net8.0'. This package may not be fully compatible with your project.
C:\Users\ultra\warewolf\Dev\Dev2.Studio.Core.Tests\Dev2.Studio.Core.Tests.csproj : warning NU1701: Package 'ReactiveUI.WPF 18.4.1' was restored using '.NETFramework,Version=v4.6.1, .NETFramework,Version=v4.6.2, .NETFramework,Version=v4.7, .NETFramework,Version=v4.7.1, .NETFramework,Version=v4.7.2, .NETFramework,Version=v4.8, .NETFramework,Version=v4.8.1' instead of the project target framework 'net8.0'. This package may not be fully compatible with your project.
C:\Users\ultra\warewolf\Dev\Dev2.Studio.Core.Tests\Dev2.Studio.Core.Tests.csproj : warning NU1701: Package 'TaskSchedulerEditor 2.10.1' was restored using '.NETFramework,Version=v4.6.1, .NETFramework,Version=v4.6.2, .NETFramework,Version=v4.7, .NETFramework,Version=v4.7.1, .NETFramework,Version=v4.7.2, .NETFramework,Version=v4.8, .NETFramework,Version=v4.8.1' instead of the project target framework 'net8.0'. This package may not be fully compatible with your project.
C:\Users\ultra\warewolf\Dev\Dev2.Studio.Core.Tests\Dev2.Studio.Core.Tests.csproj : warning NU1701: Package 'Unofficial.Microsoft.mshtml 7.0.3300' was restored using '.NETFramework,Version=v4.6.1, .NETFramework,Version=v4.6.2, .NETFramework,Version=v4.7, .NETFramework,Version=v4.7.1, .NETFramework,Version=v4.7.2, .NETFramework,Version=v4.8, .NETFramework,Version=v4.8.1' instead of the project target framework 'net8.0'. This package may not be fully compatible with your project.
C:\Users\ultra\warewolf\Dev\Warewolf.Studio.Themes.Luna\Warewolf.Studio.Themes.Luna.csproj : warning NU1701: Package 'AeroWizard 2.3.1' was restored using '.NETFramework,Version=v4.6.1, .NETFramework,Version=v4.6.2, .NETFramework,Version=v4.7, .NETFramework,Version=v4.7.1, .NETFramework,Version=v4.7.2, .NETFramework,Version=v4.8, .NETFramework,Version=v4.8.1' instead of the project target framework 'net8.0'. This package may not be fully compatible with your project. [C:\Users\ultra\warewolf\Dev\Dev2.Studio.Core.Tests\Dev2.Studio.Core.Tests.csproj]
C:\Users\ultra\warewolf\Dev\Warewolf.Studio.Themes.Luna\Warewolf.Studio.Themes.Luna.csproj : warning NU1701: Package 'GroupControls 1.9.0' was restored using '.NETFramework,Version=v4.6.1, .NETFramework,Version=v4.6.2, .NETFramework,Version=v4.7, .NETFramework,Version=v4.7.1, .NETFramework,Version=v4.7.2, .NETFramework,Version=v4.8, .NETFramework,Version=v4.8.1' instead of the project target framework 'net8.0'. This package may not be fully compatible with your project. [C:\Users\ultra\warewolf\Dev\Dev2.Studio.Core.Tests\Dev2.Studio.Core.Tests.csproj]
C:\Users\ultra\warewolf\Dev\Warewolf.Studio.Themes.Luna\Warewolf.Studio.Themes.Luna.csproj : warning NU1701: Package 'Microsoft.Xaml.Behaviors.Wpf 1.1.122' was restored using '.NETFramework,Version=v4.6.1, .NETFramework,Version=v4.6.2, .NETFramework,Version=v4.7, .NETFramework,Version=v4.7.1, .NETFramework,Version=v4.7.2, .NETFramework,Version=v4.8, .NETFramework,Version=v4.8.1' instead of the project target framework 'net8.0'. This package may not be fully compatible with your project. [C:\Users\ultra\warewolf\Dev\Dev2.Studio.Core.Tests\Dev2.Studio.Core.Tests.csproj]
C:\Users\ultra\warewolf\Dev\Warewolf.Studio.Themes.Luna\Warewolf.Studio.Themes.Luna.csproj : warning NU1701: Package 'Prism.Wpf 9.0.537' was restored using '.NETFramework,Version=v4.6.1, .NETFramework,Version=v4.6.2, .NETFramework,Version=v4.7, .NETFramework,Version=v4.7.1, .NETFramework,Version=v4.7.2, .NETFramework,Version=v4.8, .NETFramework,Version=v4.8.1' instead of the project target framework 'net8.0'. This package may not be fully compatible with your project. [C:\Users\ultra\warewolf\Dev\Dev2.Studio.Core.Tests\Dev2.Studio.Core.Tests.csproj]
C:\Users\ultra\warewolf\Dev\Warewolf.Studio.Themes.Luna\Warewolf.Studio.Themes.Luna.csproj : warning NU1701: Package 'ReactiveUI.WPF 18.4.1' was restored using '.NETFramework,Version=v4.6.1, .NETFramework,Version=v4.6.2, .NETFramework,Version=v4.7, .NETFramework,Version=v4.7.1, .NETFramework,Version=v4.7.2, .NETFramework,Version=v4.8, .NETFramework,Version=v4.8.1' instead of the project target framework 'net8.0'. This package may not be fully compatible with your project. [C:\Users\ultra\warewolf\Dev\Dev2.Studio.Core.Tests\Dev2.Studio.Core.Tests.csproj]
C:\Users\ultra\warewolf\Dev\Warewolf.Studio.Themes.Luna\Warewolf.Studio.Themes.Luna.csproj : warning NU1701: Package 'TaskSchedulerEditor 2.10.1' was restored using '.NETFramework,Version=v4.6.1, .NETFramework,Version=v4.6.2, .NETFramework,Version=v4.7, .NETFramework,Version=v4.7.1, .NETFramework,Version=v4.7.2, .NETFramework,Version=v4.8, .NETFramework,Version=v4.8.1' instead of the project target framework 'net8.0'. This package may not be fully compatible with your project. [C:\Users\ultra\warewolf\Dev\Dev2.Studio.Core.Tests\Dev2.Studio.Core.Tests.csproj]
C:\Users\ultra\warewolf\Dev\Warewolf.QueueWorker\Warewolf.QueueWorker.csproj : warning NU1701: Package 'AeroWizard 2.3.1' was restored using '.NETFramework,Version=v4.6.1, .NETFramework,Version=v4.6.2, .NETFramework,Version=v4.7, .NETFramework,Version=v4.7.1, .NETFramework,Version=v4.7.2, .NETFramework,Version=v4.8, .NETFramework,Version=v4.8.1' instead of the project target framework 'net8.0'. This package may not be fully compatible with your project. [C:\Users\ultra\warewolf\Dev\Dev2.Studio.Core.Tests\Dev2.Studio.Core.Tests.csproj]
C:\Users\ultra\warewolf\Dev\Warewolf.QueueWorker\Warewolf.QueueWorker.csproj : warning NU1701: Package 'GroupControls 1.9.0' was restored using '.NETFramework,Version=v4.6.1, .NETFramework,Version=v4.6.2, .NETFramework,Version=v4.7, .NETFramework,Version=v4.7.1, .NETFramework,Version=v4.7.2, .NETFramework,Version=v4.8, .NETFramework,Version=v4.8.1' instead of the project target framework 'net8.0'. This package may not be fully compatible with your project. [C:\Users\ultra\warewolf\Dev\Dev2.Studio.Core.Tests\Dev2.Studio.Core.Tests.csproj]
C:\Users\ultra\warewolf\Dev\Warewolf.QueueWorker\Warewolf.QueueWorker.csproj : warning NU1701: Package 'Microsoft.Xaml.Behaviors.Wpf 1.1.122' was restored using '.NETFramework,Version=v4.6.1, .NETFramework,Version=v4.6.2, .NETFramework,Version=v4.7, .NETFramework,Version=v4.7.1, .NETFramework,Version=v4.7.2, .NETFramework,Version=v4.8, .NETFramework,Version=v4.8.1' instead of the project target framework 'net8.0'. This package may not be fully compatible with your project. [C:\Users\ultra\warewolf\Dev\Dev2.Studio.Core.Tests\Dev2.Studio.Core.Tests.csproj]
C:\Users\ultra\warewolf\Dev\Warewolf.QueueWorker\Warewolf.QueueWorker.csproj : warning NU1701: Package 'Prism.Wpf 9.0.537' was restored using '.NETFramework,Version=v4.6.1, .NETFramework,Version=v4.6.2, .NETFramework,Version=v4.7, .NETFramework,Version=v4.7.1, .NETFramework,Version=v4.7.2, .NETFramework,Version=v4.8, .NETFramework,Version=v4.8.1' instead of the project target framework 'net8.0'. This package may not be fully compatible with your project. [C:\Users\ultra\warewolf\Dev\Dev2.Studio.Core.Tests\Dev2.Studio.Core.Tests.csproj]
C:\Users\ultra\warewolf\Dev\Warewolf.QueueWorker\Warewolf.QueueWorker.csproj : warning NU1701: Package 'ReactiveUI.WPF 18.4.1' was restored using '.NETFramework,Version=v4.6.1, .NETFramework,Version=v4.6.2, .NETFramework,Version=v4.7, .NETFramework,Version=v4.7.1, .NETFramework,Version=v4.7.2, .NETFramework,Version=v4.8, .NETFramework,Version=v4.8.1' instead of the project target framework 'net8.0'. This package may not be fully compatible with your project. [C:\Users\ultra\warewolf\Dev\Dev2.Studio.Core.Tests\Dev2.Studio.Core.Tests.csproj]
C:\Users\ultra\warewolf\Dev\Warewolf.QueueWorker\Warewolf.QueueWorker.csproj : warning NU1701: Package 'TaskSchedulerEditor 2.10.1' was restored using '.NETFramework,Version=v4.6.1, .NETFramework,Version=v4.6.2, .NETFramework,Version=v4.7, .NETFramework,Version=v4.7.1, .NETFramework,Version=v4.7.2, .NETFramework,Version=v4.8, .NETFramework,Version=v4.8.1' instead of the project target framework 'net8.0'. This package may not be fully compatible with your project. [C:\Users\ultra\warewolf\Dev\Dev2.Studio.Core.Tests\Dev2.Studio.Core.Tests.csproj]
  All projects are up-to-date for restore.
C:\Users\ultra\warewolf\Dev\Dev2.Studio.Core.Tests\Dev2.Studio.Core.Tests.csproj : warning NU1701: Package 'AeroWizard 2.3.1' was restored using '.NETFramework,Version=v4.6.1, .NETFramework,Version=v4.6.2, .NETFramework,Version=v4.7, .NETFramework,Version=v4.7.1, .NETFramework,Version=v4.7.2, .NETFramework,Version=v4.8, .NETFramework,Version=v4.8.1' instead of the project target framework 'net8.0'. This package may not be fully compatible with your project.
C:\Users\ultra\warewolf\Dev\Dev2.Studio.Core.Tests\Dev2.Studio.Core.Tests.csproj : warning NU1701: Package 'AvalonEdit 6.3.0.90' was restored using '.NETFramework,Version=v4.6.1, .NETFramework,Version=v4.6.2, .NETFramework,Version=v4.7, .NETFramework,Version=v4.7.1, .NETFramework,Version=v4.7.2, .NETFramework,Version=v4.8, .NETFramework,Version=v4.8.1' instead of the project target framework 'net8.0'. This package may not be fully compatible with your project.
C:\Users\ultra\warewolf\Dev\Dev2.Studio.Core.Tests\Dev2.Studio.Core.Tests.csproj : warning NU1701: Package 'CommonServiceLocator 1.2.0' was restored using '.NETFramework,Version=v4.6.1, .NETFramework,Version=v4.6.2, .NETFramework,Version=v4.7, .NETFramework,Version=v4.7.1, .NETFramework,Version=v4.7.2, .NETFramework,Version=v4.8, .NETFramework,Version=v4.8.1' instead of the project target framework 'net8.0'. This package may not be fully compatible with your project.
C:\Users\ultra\warewolf\Dev\Dev2.Studio.Core.Tests\Dev2.Studio.Core.Tests.csproj : warning NU1701: Package 'FontAwesome.WPF 4.7.0.9' was restored using '.NETFramework,Version=v4.6.1, .NETFramework,Version=v4.6.2, .NETFramework,Version=v4.7, .NETFramework,Version=v4.7.1, .NETFramework,Version=v4.7.2, .NETFramework,Version=v4.8, .NETFramework,Version=v4.8.1' instead of the project target framework 'net8.0'. This package may not be fully compatible with your project.
C:\Users\ultra\warewolf\Dev\Dev2.Studio.Core.Tests\Dev2.Studio.Core.Tests.csproj : warning NU1701: Package 'GroupControls 1.9.0' was restored using '.NETFramework,Version=v4.6.1, .NETFramework,Version=v4.6.2, .NETFramework,Version=v4.7, .NETFramework,Version=v4.7.1, .NETFramework,Version=v4.7.2, .NETFramework,Version=v4.8, .NETFramework,Version=v4.8.1' instead of the project target framework 'net8.0'. This package may not be fully compatible with your project.
C:\Users\ultra\warewolf\Dev\Dev2.Studio.Core.Tests\Dev2.Studio.Core.Tests.csproj : warning NU1701: Package 'Log4Net.Async 2.0.4' was restored using '.NETFramework,Version=v4.6.1, .NETFramework,Version=v4.6.2, .NETFramework,Version=v4.7, .NETFramework,Version=v4.7.1, .NETFramework,Version=v4.7.2, .NETFramework,Version=v4.8, .NETFramework,Version=v4.8.1' instead of the project target framework 'net8.0'. This package may not be fully compatible with your project.
C:\Users\ultra\warewolf\Dev\Dev2.Studio.Core.Tests\Dev2.Studio.Core.Tests.csproj : warning NU1701: Package 'Microsoft.Xaml.Behaviors.Wpf 1.1.122' was restored using '.NETFramework,Version=v4.6.1, .NETFramework,Version=v4.6.2, .NETFramework,Version=v4.7, .NETFramework,Version=v4.7.1, .NETFramework,Version=v4.7.2, .NETFramework,Version=v4.8, .NETFramework,Version=v4.8.1' instead of the project target framework 'net8.0'. This package may not be fully compatible with your project.
C:\Users\ultra\warewolf\Dev\Dev2.Studio.Core.Tests\Dev2.Studio.Core.Tests.csproj : warning NU1701: Package 'Prism.Composition 5.0.0' was restored using '.NETFramework,Version=v4.6.1, .NETFramework,Version=v4.6.2, .NETFramework,Version=v4.7, .NETFramework,Version=v4.7.1, .NETFramework,Version=v4.7.2, .NETFramework,Version=v4.8, .NETFramework,Version=v4.8.1' instead of the project target framework 'net8.0'. This package may not be fully compatible with your project.
C:\Users\ultra\warewolf\Dev\Dev2.Studio.Core.Tests\Dev2.Studio.Core.Tests.csproj : warning NU1701: Package 'Prism.Interactivity 5.0.0' was restored using '.NETFramework,Version=v4.6.1, .NETFramework,Version=v4.6.2, .NETFramework,Version=v4.7, .NETFramework,Version=v4.7.1, .NETFramework,Version=v4.7.2, .NETFramework,Version=v4.8, .NETFramework,Version=v4.8.1' instead of the project target framework 'net8.0'. This package may not be fully compatible with your project.
C:\Users\ultra\warewolf\Dev\Dev2.Studio.Core.Tests\Dev2.Studio.Core.Tests.csproj : warning NU1701: Package 'Prism.Mvvm 1.0.0' was restored using '.NETFramework,Version=v4.6.1, .NETFramework,Version=v4.6.2, .NETFramework,Version=v4.7, .NETFramework,Version=v4.7.1, .NETFramework,Version=v4.7.2, .NETFramework,Version=v4.8, .NETFramework,Version=v4.8.1' instead of the project target framework 'net8.0'. This package may not be fully compatible with your project.
C:\Users\ultra\warewolf\Dev\Dev2.Studio.Core.Tests\Dev2.Studio.Core.Tests.csproj : warning NU1701: Package 'Prism.PubSubEvents 1.0.0' was restored using '.NETFramework,Version=v4.6.1, .NETFramework,Version=v4.6.2, .NETFramework,Version=v4.7, .NETFramework,Version=v4.7.1, .NETFramework,Version=v4.7.2, .NETFramework,Version=v4.8, .NETFramework,Version=v4.8.1' instead of the project target framework 'net8.0'. This package may not be fully compatible with your project.
C:\Users\ultra\warewolf\Dev\Dev2.Studio.Core.Tests\Dev2.Studio.Core.Tests.csproj : warning NU1701: Package 'Prism.UnityExtensions 5.0.1' was restored using '.NETFramework,Version=v4.6.1, .NETFramework,Version=v4.6.2, .NETFramework,Version=v4.7, .NETFramework,Version=v4.7.1, .NETFramework,Version=v4.7.2, .NETFramework,Version=v4.8, .NETFramework,Version=v4.8.1' instead of the project target framework 'net8.0'. This package may not be fully compatible with your project.
C:\Users\ultra\warewolf\Dev\Dev2.Studio.Core.Tests\Dev2.Studio.Core.Tests.csproj : warning NU1701: Package 'Prism.Wpf 9.0.537' was restored using '.NETFramework,Version=v4.6.1, .NETFramework,Version=v4.6.2, .NETFramework,Version=v4.7, .NETFramework,Version=v4.7.1, .NETFramework,Version=v4.7.2, .NETFramework,Version=v4.8, .NETFramework,Version=v4.8.1' instead of the project target framework 'net8.0'. This package may not be fully compatible with your project.
C:\Users\ultra\warewolf\Dev\Dev2.Studio.Core.Tests\Dev2.Studio.Core.Tests.csproj : warning NU1701: Package 'ReactiveUI.WPF 18.4.1' was restored using '.NETFramework,Version=v4.6.1, .NETFramework,Version=v4.6.2, .NETFramework,Version=v4.7, .NETFramework,Version=v4.7.1, .NETFramework,Version=v4.7.2, .NETFramework,Version=v4.8, .NETFramework,Version=v4.8.1' instead of the project target framework 'net8.0'. This package may not be fully compatible with your project.
C:\Users\ultra\warewolf\Dev\Dev2.Studio.Core.Tests\Dev2.Studio.Core.Tests.csproj : warning NU1701: Package 'TaskSchedulerEditor 2.10.1' was restored using '.NETFramework,Version=v4.6.1, .NETFramework,Version=v4.6.2, .NETFramework,Version=v4.7, .NETFramework,Version=v4.7.1, .NETFramework,Version=v4.7.2, .NETFramework,Version=v4.8, .NETFramework,Version=v4.8.1' instead of the project target framework 'net8.0'. This package may not be fully compatible with your project.
C:\Users\ultra\warewolf\Dev\Dev2.Studio.Core.Tests\Dev2.Studio.Core.Tests.csproj : warning NU1701: Package 'Unofficial.Microsoft.mshtml 7.0.3300' was restored using '.NETFramework,Version=v4.6.1, .NETFramework,Version=v4.6.2, .NETFramework,Version=v4.7, .NETFramework,Version=v4.7.1, .NETFramework,Version=v4.7.2, .NETFramework,Version=v4.8, .NETFramework,Version=v4.8.1' instead of the project target framework 'net8.0'. This package may not be fully compatible with your project.
C:\Program Files\dotnet\sdk\10.0.201\Sdks\Microsoft.NET.Sdk\targets\Microsoft.NET.Sdk.DefaultItems.targets(162,5): warning NETSDK1137: It is no longer necessary to use the Microsoft.NET.Sdk.WindowsDesktop SDK. Consider changing the Sdk attribute of the root Project element to 'Microsoft.NET.Sdk'. [C:\Users\ultra\warewolf\Dev\Dev2.CustomControls\Dev2.CustomControls.csproj]
C:\Program Files\dotnet\sdk\10.0.201\Sdks\Microsoft.NET.Sdk.WindowsDesktop\targets\Microsoft.NET.Sdk.WindowsDesktop.targets(138,5): warning NETSDK1106: Microsoft.NET.Sdk.WindowsDesktop requires 'UseWpf' or 'UseWindowsForms' to be set to 'true' [C:\Users\ultra\warewolf\Dev\Dev2.CustomControls\Dev2.CustomControls.csproj]
C:\Users\ultra\warewolf\Dev\Dev2.Common\Dev2.Common.csproj : warning NU1903: Package 'Microsoft.Windows.Compatibility' 6.0.0 has a known high severity vulnerability, https://github.com/advisories/GHSA-555c-2p6r-68mm
C:\Users\ultra\warewolf\Dev\Dev2.Common\Dev2.Common.csproj : warning NU1701: Package 'AeroWizard 2.3.1' was restored using '.NETFramework,Version=v4.6.1, .NETFramework,Version=v4.6.2, .NETFramework,Version=v4.7, .NETFramework,Version=v4.7.1, .NETFramework,Version=v4.7.2, .NETFramework,Version=v4.8, .NETFramework,Version=v4.8.1' instead of the project target framework 'net8.0'. This package may not be fully compatible with your project.
C:\Users\ultra\warewolf\Dev\Dev2.Common\Dev2.Common.csproj : warning NU1701: Package 'GroupControls 1.9.0' was restored using '.NETFramework,Version=v4.6.1, .NETFramework,Version=v4.6.2, .NETFramework,Version=v4.7, .NETFramework,Version=v4.7.1, .NETFramework,Version=v4.7.2, .NETFramework,Version=v4.8, .NETFramework,Version=v4.8.1' instead of the project target framework 'net8.0'. This package may not be fully compatible with your project.
C:\Users\ultra\warewolf\Dev\Dev2.Common\Dev2.Common.csproj : warning NU1701: Package 'TaskSchedulerEditor 2.10.1' was restored using '.NETFramework,Version=v4.6.1, .NETFramework,Version=v4.6.2, .NETFramework,Version=v4.7, .NETFramework,Version=v4.7.1, .NETFramework,Version=v4.7.2, .NETFramework,Version=v4.8, .NETFramework,Version=v4.8.1' instead of the project target framework 'net8.0'. This package may not be fully compatible with your project.
C:\Users\ultra\warewolf\Dev\Dev2.Common.Interfaces\Dev2.Common.Interfaces.csproj : warning NU1903: Package 'Microsoft.Windows.Compatibility' 6.0.0 has a known high severity vulnerability, https://github.com/advisories/GHSA-555c-2p6r-68mm
C:\Users\ultra\warewolf\Dev\Dev2.Common.Interfaces\Dev2.Common.Interfaces.csproj : warning NU1701: Package 'AeroWizard 2.3.1' was restored using '.NETFramework,Version=v4.6.1, .NETFramework,Version=v4.6.2, .NETFramework,Version=v4.7, .NETFramework,Version=v4.7.1, .NETFramework,Version=v4.7.2, .NETFramework,Version=v4.8, .NETFramework,Version=v4.8.1' instead of the project target framework 'net8.0'. This package may not be fully compatible with your project.
C:\Users\ultra\warewolf\Dev\Dev2.Common.Interfaces\Dev2.Common.Interfaces.csproj : warning NU1701: Package 'GroupControls 1.9.0' was restored using '.NETFramework,Version=v4.6.1, .NETFramework,Version=v4.6.2, .NETFramework,Version=v4.7, .NETFramework,Version=v4.7.1, .NETFramework,Version=v4.7.2, .NETFramework,Version=v4.8, .NETFramework,Version=v4.8.1' instead of the project target framework 'net8.0'. This package may not be fully compatible with your project.
C:\Users\ultra\warewolf\Dev\Dev2.Common.Interfaces\Dev2.Common.Interfaces.csproj : warning NU1701: Package 'TaskSchedulerEditor 2.10.1' was restored using '.NETFramework,Version=v4.6.1, .NETFramework,Version=v4.6.2, .NETFramework,Version=v4.7, .NETFramework,Version=v4.7.1, .NETFramework,Version=v4.7.2, .NETFramework,Version=v4.8, .NETFramework,Version=v4.8.1' instead of the project target framework 'net8.0'. This package may not be fully compatible with your project.
C:\Users\ultra\warewolf\Dev\Dev2.Infrastructure\Dev2.Infrastructure.csproj : warning NU1903: Package 'Microsoft.Windows.Compatibility' 6.0.0 has a known high severity vulnerability, https://github.com/advisories/GHSA-555c-2p6r-68mm
C:\Users\ultra\warewolf\Dev\Dev2.Infrastructure\Dev2.Infrastructure.csproj : warning NU1701: Package 'AeroWizard 2.3.1' was restored using '.NETFramework,Version=v4.6.1, .NETFramework,Version=v4.6.2, .NETFramework,Version=v4.7, .NETFramework,Version=v4.7.1, .NETFramework,Version=v4.7.2, .NETFramework,Version=v4.8, .NETFramework,Version=v4.8.1' instead of the project target framework 'net8.0'. This package may not be fully compatible with your project.
C:\Users\ultra\warewolf\Dev\Dev2.Infrastructure\Dev2.Infrastructure.csproj : warning NU1701: Package 'GroupControls 1.9.0' was restored using '.NETFramework,Version=v4.6.1, .NETFramework,Version=v4.6.2, .NETFramework,Version=v4.7, .NETFramework,Version=v4.7.1, .NETFramework,Version=v4.7.2, .NETFramework,Version=v4.8, .NETFramework,Version=v4.8.1' instead of the project target framework 'net8.0'. This package may not be fully compatible with your project.
C:\Users\ultra\warewolf\Dev\Dev2.Infrastructure\Dev2.Infrastructure.csproj : warning NU1701: Package 'ReactiveUI.WPF 18.4.1' was restored using '.NETFramework,Version=v4.6.1, .NETFramework,Version=v4.6.2, .NETFramework,Version=v4.7, .NETFramework,Version=v4.7.1, .NETFramework,Version=v4.7.2, .NETFramework,Version=v4.8, .NETFramework,Version=v4.8.1' instead of the project target framework 'net8.0'. This package may not be fully compatible with your project.
C:\Users\ultra\warewolf\Dev\Dev2.Infrastructure\Dev2.Infrastructure.csproj : warning NU1701: Package 'TaskSchedulerEditor 2.10.1' was restored using '.NETFramework,Version=v4.6.1, .NETFramework,Version=v4.6.2, .NETFramework,Version=v4.7, .NETFramework,Version=v4.7.1, .NETFramework,Version=v4.7.2, .NETFramework,Version=v4.8, .NETFramework,Version=v4.8.1' instead of the project target framework 'net8.0'. This package may not be fully compatible with your project.
C:\Users\ultra\warewolf\Dev\Dev2.Data\Dev2.Data.csproj : warning NU1701: Package 'AeroWizard 2.3.1' was restored using '.NETFramework,Version=v4.6.1, .NETFramework,Version=v4.6.2, .NETFramework,Version=v4.7, .NETFramework,Version=v4.7.1, .NETFramework,Version=v4.7.2, .NETFramework,Version=v4.8, .NETFramework,Version=v4.8.1' instead of the project target framework 'net8.0'. This package may not be fully compatible with your project.
C:\Users\ultra\warewolf\Dev\Dev2.CustomControls\Dev2.CustomControls.csproj : warning NU1903: Package 'Microsoft.Windows.Compatibility' 6.0.0 has a known high severity vulnerability, https://github.com/advisories/GHSA-555c-2p6r-68mm
C:\Users\ultra\warewolf\Dev\Dev2.Data.Interfaces\Dev2.Data.Interfaces.csproj : warning NU1903: Package 'DotNetZip' 1.16.0 has a known high severity vulnerability, https://github.com/advisories/GHSA-xhg6-9j5j-w4vf
C:\Users\ultra\warewolf\Dev\Dev2.Data\Dev2.Data.csproj : warning NU1701: Package 'GroupControls 1.9.0' was restored using '.NETFramework,Version=v4.6.1, .NETFramework,Version=v4.6.2, .NETFramework,Version=v4.7, .NETFramework,Version=v4.7.1, .NETFramework,Version=v4.7.2, .NETFramework,Version=v4.8, .NETFramework,Version=v4.8.1' instead of the project target framework 'net8.0'. This package may not be fully compatible with your project.
C:\Users\ultra\warewolf\Dev\Dev2.CustomControls\Dev2.CustomControls.csproj : warning NU1701: Package 'AeroWizard 2.3.1' was restored using '.NETFramework,Version=v4.6.1, .NETFramework,Version=v4.6.2, .NETFramework,Version=v4.7, .NETFramework,Version=v4.7.1, .NETFramework,Version=v4.7.2, .NETFramework,Version=v4.8, .NETFramework,Version=v4.8.1' instead of the project target framework 'net8.0'. This package may not be fully compatible with your project.
C:\Users\ultra\warewolf\Dev\Dev2.Data.Interfaces\Dev2.Data.Interfaces.csproj : warning NU1701: Package 'AeroWizard 2.3.1' was restored using '.NETFramework,Version=v4.6.1, .NETFramework,Version=v4.6.2, .NETFramework,Version=v4.7, .NETFramework,Version=v4.7.1, .NETFramework,Version=v4.7.2, .NETFramework,Version=v4.8, .NETFramework,Version=v4.8.1' instead of the project target framework 'net8.0'. This package may not be fully compatible with your project.
C:\Users\ultra\warewolf\Dev\Dev2.Data\Dev2.Data.csproj : warning NU1701: Package 'ReactiveUI.WPF 18.4.1' was restored using '.NETFramework,Version=v4.6.1, .NETFramework,Version=v4.6.2, .NETFramework,Version=v4.7, .NETFramework,Version=v4.7.1, .NETFramework,Version=v4.7.2, .NETFramework,Version=v4.8, .NETFramework,Version=v4.8.1' instead of the project target framework 'net8.0'. This package may not be fully compatible with your project.
C:\Users\ultra\warewolf\Dev\Dev2.CustomControls\Dev2.CustomControls.csproj : warning NU1701: Package 'GroupControls 1.9.0' was restored using '.NETFramework,Version=v4.6.1, .NETFramework,Version=v4.6.2, .NETFramework,Version=v4.7, .NETFramework,Version=v4.7.1, .NETFramework,Version=v4.7.2, .NETFramework,Version=v4.8, .NETFramework,Version=v4.8.1' instead of the project target framework 'net8.0'. This package may not be fully compatible with your project.
C:\Users\ultra\warewolf\Dev\Dev2.Data.Interfaces\Dev2.Data.Interfaces.csproj : warning NU1701: Package 'GroupControls 1.9.0' was restored using '.NETFramework,Version=v4.6.1, .NETFramework,Version=v4.6.2, .NETFramework,Version=v4.7, .NETFramework,Version=v4.7.1, .NETFramework,Version=v4.7.2, .NETFramework,Version=v4.8, .NETFramework,Version=v4.8.1' instead of the project target framework 'net8.0'. This package may not be fully compatible with your project.
C:\Users\ultra\warewolf\Dev\Dev2.Data\Dev2.Data.csproj : warning NU1701: Package 'TaskSchedulerEditor 2.10.1' was restored using '.NETFramework,Version=v4.6.1, .NETFramework,Version=v4.6.2, .NETFramework,Version=v4.7, .NETFramework,Version=v4.7.1, .NETFramework,Version=v4.7.2, .NETFramework,Version=v4.8, .NETFramework,Version=v4.8.1' instead of the project target framework 'net8.0'. This package may not be fully compatible with your project.
C:\Users\ultra\warewolf\Dev\Dev2.CustomControls\Dev2.CustomControls.csproj : warning NU1701: Package 'TaskSchedulerEditor 2.10.1' was restored using '.NETFramework,Version=v4.6.1, .NETFramework,Version=v4.6.2, .NETFramework,Version=v4.7, .NETFramework,Version=v4.7.1, .NETFramework,Version=v4.7.2, .NETFramework,Version=v4.8, .NETFramework,Version=v4.8.1' instead of the project target framework 'net8.0'. This package may not be fully compatible with your project.
C:\Users\ultra\warewolf\Dev\Dev2.Data.Interfaces\Dev2.Data.Interfaces.csproj : warning NU1701: Package 'TaskSchedulerEditor 2.10.1' was restored using '.NETFramework,Version=v4.6.1, .NETFramework,Version=v4.6.2, .NETFramework,Version=v4.7, .NETFramework,Version=v4.7.1, .NETFramework,Version=v4.7.2, .NETFramework,Version=v4.8, .NETFramework,Version=v4.8.1' instead of the project target framework 'net8.0'. This package may not be fully compatible with your project.
C:\Users\ultra\warewolf\Dev\Dev2.Intellisense\Dev2.Intellisense.csproj : warning NU1701: Package 'AeroWizard 2.3.1' was restored using '.NETFramework,Version=v4.6.1, .NETFramework,Version=v4.6.2, .NETFramework,Version=v4.7, .NETFramework,Version=v4.7.1, .NETFramework,Version=v4.7.2, .NETFramework,Version=v4.8, .NETFramework,Version=v4.8.1' instead of the project target framework 'net8.0'. This package may not be fully compatible with your project.
C:\Users\ultra\warewolf\Dev\Dev2.Intellisense\Dev2.Intellisense.csproj : warning NU1701: Package 'GroupControls 1.9.0' was restored using '.NETFramework,Version=v4.6.1, .NETFramework,Version=v4.6.2, .NETFramework,Version=v4.7, .NETFramework,Version=v4.7.1, .NETFramework,Version=v4.7.2, .NETFramework,Version=v4.8, .NETFramework,Version=v4.8.1' instead of the project target framework 'net8.0'. This package may not be fully compatible with your project.
C:\Users\ultra\warewolf\Dev\Dev2.Intellisense\Dev2.Intellisense.csproj : warning NU1701: Package 'Microsoft.Xaml.Behaviors.Wpf 1.1.122' was restored using '.NETFramework,Version=v4.6.1, .NETFramework,Version=v4.6.2, .NETFramework,Version=v4.7, .NETFramework,Version=v4.7.1, .NETFramework,Version=v4.7.2, .NETFramework,Version=v4.8, .NETFramework,Version=v4.8.1' instead of the project target framework 'net8.0'. This package may not be fully compatible with your project.
C:\Users\ultra\warewolf\Dev\Dev2.Intellisense\Dev2.Intellisense.csproj : warning NU1701: Package 'Prism.Wpf 9.0.537' was restored using '.NETFramework,Version=v4.6.1, .NETFramework,Version=v4.6.2, .NETFramework,Version=v4.7, .NETFramework,Version=v4.7.1, .NETFramework,Version=v4.7.2, .NETFramework,Version=v4.8, .NETFramework,Version=v4.8.1' instead of the project target framework 'net8.0'. This package may not be fully compatible with your project.
C:\Users\ultra\warewolf\Dev\Dev2.Intellisense\Dev2.Intellisense.csproj : warning NU1701: Package 'ReactiveUI.WPF 18.4.1' was restored using '.NETFramework,Version=v4.6.1, .NETFramework,Version=v4.6.2, .NETFramework,Version=v4.7, .NETFramework,Version=v4.7.1, .NETFramework,Version=v4.7.2, .NETFramework,Version=v4.8, .NETFramework,Version=v4.8.1' instead of the project target framework 'net8.0'. This package may not be fully compatible with your project.
C:\Users\ultra\warewolf\Dev\Dev2.Intellisense\Dev2.Intellisense.csproj : warning NU1701: Package 'TaskSchedulerEditor 2.10.1' was restored using '.NETFramework,Version=v4.6.1, .NETFramework,Version=v4.6.2, .NETFramework,Version=v4.7, .NETFramework,Version=v4.7.1, .NETFramework,Version=v4.7.2, .NETFramework,Version=v4.8, .NETFramework,Version=v4.8.1' instead of the project target framework 'net8.0'. This package may not be fully compatible with your project.
C:\Program Files\dotnet\sdk\10.0.201\Sdks\Microsoft.NET.Sdk\targets\Microsoft.NET.Sdk.DefaultItems.targets(162,5): warning NETSDK1137: It is no longer necessary to use the Microsoft.NET.Sdk.WindowsDesktop SDK. Consider changing the Sdk attribute of the root Project element to 'Microsoft.NET.Sdk'. [C:\Users\ultra\warewolf\Dev\Dev2.Activities.Designers\Dev2.Activities.Designers.csproj]
C:\Program Files\dotnet\sdk\10.0.201\Sdks\Microsoft.NET.Sdk.WindowsDesktop\targets\Microsoft.NET.Sdk.WindowsDesktop.targets(138,5): warning NETSDK1106: Microsoft.NET.Sdk.WindowsDesktop requires 'UseWpf' or 'UseWindowsForms' to be set to 'true' [C:\Users\ultra\warewolf\Dev\Dev2.Activities.Designers\Dev2.Activities.Designers.csproj]
C:\Users\ultra\warewolf\Dev\Dev2.Activities.Designers\Dev2.Activities.Designers.csproj : warning NU1701: Package 'AeroWizard 2.3.1' was restored using '.NETFramework,Version=v4.6.1, .NETFramework,Version=v4.6.2, .NETFramework,Version=v4.7, .NETFramework,Version=v4.7.1, .NETFramework,Version=v4.7.2, .NETFramework,Version=v4.8, .NETFramework,Version=v4.8.1' instead of the project target framework 'net8.0'. This package may not be fully compatible with your project.
C:\Users\ultra\warewolf\Dev\Dev2.Activities.Designers\Dev2.Activities.Designers.csproj : warning NU1701: Package 'GroupControls 1.9.0' was restored using '.NETFramework,Version=v4.6.1, .NETFramework,Version=v4.6.2, .NETFramework,Version=v4.7, .NETFramework,Version=v4.7.1, .NETFramework,Version=v4.7.2, .NETFramework,Version=v4.8, .NETFramework,Version=v4.8.1' instead of the project target framework 'net8.0'. This package may not be fully compatible with your project.
C:\Users\ultra\warewolf\Dev\Dev2.Activities.Designers\Dev2.Activities.Designers.csproj : warning NU1701: Package 'Microsoft.Xaml.Behaviors.Wpf 1.1.122' was restored using '.NETFramework,Version=v4.6.1, .NETFramework,Version=v4.6.2, .NETFramework,Version=v4.7, .NETFramework,Version=v4.7.1, .NETFramework,Version=v4.7.2, .NETFramework,Version=v4.8, .NETFramework,Version=v4.8.1' instead of the project target framework 'net8.0'. This package may not be fully compatible with your project.
C:\Users\ultra\warewolf\Dev\Dev2.Activities.Designers\Dev2.Activities.Designers.csproj : warning NU1701: Package 'Prism.Wpf 9.0.537' was restored using '.NETFramework,Version=v4.6.1, .NETFramework,Version=v4.6.2, .NETFramework,Version=v4.7, .NETFramework,Version=v4.7.1, .NETFramework,Version=v4.7.2, .NETFramework,Version=v4.8, .NETFramework,Version=v4.8.1' instead of the project target framework 'net8.0'. This package may not be fully compatible with your project.
C:\Users\ultra\warewolf\Dev\Dev2.Activities.Designers\Dev2.Activities.Designers.csproj : warning NU1701: Package 'ReactiveUI.WPF 18.4.1' was restored using '.NETFramework,Version=v4.6.1, .NETFramework,Version=v4.6.2, .NETFramework,Version=v4.7, .NETFramework,Version=v4.7.1, .NETFramework,Version=v4.7.2, .NETFramework,Version=v4.8, .NETFramework,Version=v4.8.1' instead of the project target framework 'net8.0'. This package may not be fully compatible with your project.
C:\Users\ultra\warewolf\Dev\Dev2.Activities.Designers\Dev2.Activities.Designers.csproj : warning NU1701: Package 'TaskSchedulerEditor 2.10.1' was restored using '.NETFramework,Version=v4.6.1, .NETFramework,Version=v4.6.2, .NETFramework,Version=v4.7, .NETFramework,Version=v4.7.1, .NETFramework,Version=v4.7.2, .NETFramework,Version=v4.8, .NETFramework,Version=v4.8.1' instead of the project target framework 'net8.0'. This package may not be fully compatible with your project.
C:\Users\ultra\warewolf\Dev\Dev2.Studio.Core\Dev2.Studio.Core.csproj : warning NU1701: Package 'AeroWizard 2.3.1' was restored using '.NETFramework,Version=v4.6.1, .NETFramework,Version=v4.6.2, .NETFramework,Version=v4.7, .NETFramework,Version=v4.7.1, .NETFramework,Version=v4.7.2, .NETFramework,Version=v4.8, .NETFramework,Version=v4.8.1' instead of the project target framework 'net8.0'. This package may not be fully compatible with your project.
C:\Users\ultra\warewolf\Dev\Dev2.Studio.Core\Dev2.Studio.Core.csproj : warning NU1701: Package 'GroupControls 1.9.0' was restored using '.NETFramework,Version=v4.6.1, .NETFramework,Version=v4.6.2, .NETFramework,Version=v4.7, .NETFramework,Version=v4.7.1, .NETFramework,Version=v4.7.2, .NETFramework,Version=v4.8, .NETFramework,Version=v4.8.1' instead of the project target framework 'net8.0'. This package may not be fully compatible with your project.
C:\Users\ultra\warewolf\Dev\Dev2.Studio.Core\Dev2.Studio.Core.csproj : warning NU1701: Package 'Microsoft.Xaml.Behaviors.Wpf 1.1.122' was restored using '.NETFramework,Version=v4.6.1, .NETFramework,Version=v4.6.2, .NETFramework,Version=v4.7, .NETFramework,Version=v4.7.1, .NETFramework,Version=v4.7.2, .NETFramework,Version=v4.8, .NETFramework,Version=v4.8.1' instead of the project target framework 'net8.0'. This package may not be fully compatible with your project.
C:\Users\ultra\warewolf\Dev\Dev2.Studio.Core\Dev2.Studio.Core.csproj : warning NU1701: Package 'Prism.Wpf 9.0.537' was restored using '.NETFramework,Version=v4.6.1, .NETFramework,Version=v4.6.2, .NETFramework,Version=v4.7, .NETFramework,Version=v4.7.1, .NETFramework,Version=v4.7.2, .NETFramework,Version=v4.8, .NETFramework,Version=v4.8.1' instead of the project target framework 'net8.0'. This package may not be fully compatible with your project.
C:\Users\ultra\warewolf\Dev\Dev2.Studio.Core\Dev2.Studio.Core.csproj : warning NU1701: Package 'ReactiveUI.WPF 18.4.1' was restored using '.NETFramework,Version=v4.6.1, .NETFramework,Version=v4.6.2, .NETFramework,Version=v4.7, .NETFramework,Version=v4.7.1, .NETFramework,Version=v4.7.2, .NETFramework,Version=v4.8, .NETFramework,Version=v4.8.1' instead of the project target framework 'net8.0'. This package may not be fully compatible with your project.
C:\Users\ultra\warewolf\Dev\Dev2.Studio.Core\Dev2.Studio.Core.csproj : warning NU1701: Package 'TaskSchedulerEditor 2.10.1' was restored using '.NETFramework,Version=v4.6.1, .NETFramework,Version=v4.6.2, .NETFramework,Version=v4.7, .NETFramework,Version=v4.7.1, .NETFramework,Version=v4.7.2, .NETFramework,Version=v4.8, .NETFramework,Version=v4.8.1' instead of the project target framework 'net8.0'. This package may not be fully compatible with your project.
C:\Users\ultra\warewolf\Dev\Dev2.Infrastructure.Tests\Dev2.Infrastructure.Tests.csproj : warning NU1701: Package 'AeroWizard 2.3.1' was restored using '.NETFramework,Version=v4.6.1, .NETFramework,Version=v4.6.2, .NETFramework,Version=v4.7, .NETFramework,Version=v4.7.1, .NETFramework,Version=v4.7.2, .NETFramework,Version=v4.8, .NETFramework,Version=v4.8.1' instead of the project target framework 'net8.0'. This package may not be fully compatible with your project.
C:\Users\ultra\warewolf\Dev\Dev2.Infrastructure.Tests\Dev2.Infrastructure.Tests.csproj : warning NU1701: Package 'GroupControls 1.9.0' was restored using '.NETFramework,Version=v4.6.1, .NETFramework,Version=v4.6.2, .NETFramework,Version=v4.7, .NETFramework,Version=v4.7.1, .NETFramework,Version=v4.7.2, .NETFramework,Version=v4.8, .NETFramework,Version=v4.8.1' instead of the project target framework 'net8.0'. This package may not be fully compatible with your project.
C:\Users\ultra\warewolf\Dev\Dev2.Infrastructure.Tests\Dev2.Infrastructure.Tests.csproj : warning NU1701: Package 'Microsoft.Xaml.Behaviors.Wpf 1.1.122' was restored using '.NETFramework,Version=v4.6.1, .NETFramework,Version=v4.6.2, .NETFramework,Version=v4.7, .NETFramework,Version=v4.7.1, .NETFramework,Version=v4.7.2, .NETFramework,Version=v4.8, .NETFramework,Version=v4.8.1' instead of the project target framework 'net8.0'. This package may not be fully compatible with your project.
C:\Users\ultra\warewolf\Dev\Dev2.Infrastructure.Tests\Dev2.Infrastructure.Tests.csproj : warning NU1701: Package 'Prism.Wpf 9.0.537' was restored using '.NETFramework,Version=v4.6.1, .NETFramework,Version=v4.6.2, .NETFramework,Version=v4.7, .NETFramework,Version=v4.7.1, .NETFramework,Version=v4.7.2, .NETFramework,Version=v4.8, .NETFramework,Version=v4.8.1' instead of the project target framework 'net8.0'. This package may not be fully compatible with your project.
C:\Users\ultra\warewolf\Dev\Dev2.Infrastructure.Tests\Dev2.Infrastructure.Tests.csproj : warning NU1701: Package 'ReactiveUI.WPF 18.4.1' was restored using '.NETFramework,Version=v4.6.1, .NETFramework,Version=v4.6.2, .NETFramework,Version=v4.7, .NETFramework,Version=v4.7.1, .NETFramework,Version=v4.7.2, .NETFramework,Version=v4.8, .NETFramework,Version=v4.8.1' instead of the project target framework 'net8.0'. This package may not be fully compatible with your project.
C:\Users\ultra\warewolf\Dev\Dev2.Infrastructure.Tests\Dev2.Infrastructure.Tests.csproj : warning NU1701: Package 'TaskSchedulerEditor 2.10.1' was restored using '.NETFramework,Version=v4.6.1, .NETFramework,Version=v4.6.2, .NETFramework,Version=v4.7, .NETFramework,Version=v4.7.1, .NETFramework,Version=v4.7.2, .NETFramework,Version=v4.8, .NETFramework,Version=v4.8.1' instead of the project target framework 'net8.0'. This package may not be fully compatible with your project.
C:\Users\ultra\warewolf\Dev\Dev2.Diagnostics.Tests\Dev2.Diagnostics.Tests.csproj : warning NU1701: Package 'AeroWizard 2.3.1' was restored using '.NETFramework,Version=v4.6.1, .NETFramework,Version=v4.6.2, .NETFramework,Version=v4.7, .NETFramework,Version=v4.7.1, .NETFramework,Version=v4.7.2, .NETFramework,Version=v4.8, .NETFramework,Version=v4.8.1' instead of the project target framework 'net8.0'. This package may not be fully compatible with your project.
C:\Users\ultra\warewolf\Dev\Dev2.Diagnostics.Tests\Dev2.Diagnostics.Tests.csproj : warning NU1701: Package 'GroupControls 1.9.0' was restored using '.NETFramework,Version=v4.6.1, .NETFramework,Version=v4.6.2, .NETFramework,Version=v4.7, .NETFramework,Version=v4.7.1, .NETFramework,Version=v4.7.2, .NETFramework,Version=v4.8, .NETFramework,Version=v4.8.1' instead of the project target framework 'net8.0'. This package may not be fully compatible with your project.
C:\Users\ultra\warewolf\Dev\Dev2.Diagnostics.Tests\Dev2.Diagnostics.Tests.csproj : warning NU1701: Package 'Microsoft.Xaml.Behaviors.Wpf 1.1.122' was restored using '.NETFramework,Version=v4.6.1, .NETFramework,Version=v4.6.2, .NETFramework,Version=v4.7, .NETFramework,Version=v4.7.1, .NETFramework,Version=v4.7.2, .NETFramework,Version=v4.8, .NETFramework,Version=v4.8.1' instead of the project target framework 'net8.0'. This package may not be fully compatible with your project.
C:\Users\ultra\warewolf\Dev\Dev2.Diagnostics.Tests\Dev2.Diagnostics.Tests.csproj : warning NU1701: Package 'Prism.Wpf 9.0.537' was restored using '.NETFramework,Version=v4.6.1, .NETFramework,Version=v4.6.2, .NETFramework,Version=v4.7, .NETFramework,Version=v4.7.1, .NETFramework,Version=v4.7.2, .NETFramework,Version=v4.8, .NETFramework,Version=v4.8.1' instead of the project target framework 'net8.0'. This package may not be fully compatible with your project.
C:\Users\ultra\warewolf\Dev\Dev2.Diagnostics.Tests\Dev2.Diagnostics.Tests.csproj : warning NU1701: Package 'ReactiveUI.WPF 18.4.1' was restored using '.NETFramework,Version=v4.6.1, .NETFramework,Version=v4.6.2, .NETFramework,Version=v4.7, .NETFramework,Version=v4.7.1, .NETFramework,Version=v4.7.2, .NETFramework,Version=v4.8, .NETFramework,Version=v4.8.1' instead of the project target framework 'net8.0'. This package may not be fully compatible with your project.
C:\Users\ultra\warewolf\Dev\Dev2.Diagnostics.Tests\Dev2.Diagnostics.Tests.csproj : warning NU1701: Package 'TaskSchedulerEditor 2.10.1' was restored using '.NETFramework,Version=v4.6.1, .NETFramework,Version=v4.6.2, .NETFramework,Version=v4.7, .NETFramework,Version=v4.7.1, .NETFramework,Version=v4.7.2, .NETFramework,Version=v4.8, .NETFramework,Version=v4.8.1' instead of the project target framework 'net8.0'. This package may not be fully compatible with your project.
C:\Users\ultra\warewolf\Dev\Dev2.Diagnostics\Dev2.Diagnostics.csproj : warning NU1701: Package 'AeroWizard 2.3.1' was restored using '.NETFramework,Version=v4.6.1, .NETFramework,Version=v4.6.2, .NETFramework,Version=v4.7, .NETFramework,Version=v4.7.1, .NETFramework,Version=v4.7.2, .NETFramework,Version=v4.8, .NETFramework,Version=v4.8.1' instead of the project target framework 'net8.0'. This package may not be fully compatible with your project.
C:\Users\ultra\warewolf\Dev\Dev2.Diagnostics\Dev2.Diagnostics.csproj : warning NU1701: Package 'GroupControls 1.9.0' was restored using '.NETFramework,Version=v4.6.1, .NETFramework,Version=v4.6.2, .NETFramework,Version=v4.7, .NETFramework,Version=v4.7.1, .NETFramework,Version=v4.7.2, .NETFramework,Version=v4.8, .NETFramework,Version=v4.8.1' instead of the project target framework 'net8.0'. This package may not be fully compatible with your project.
C:\Users\ultra\warewolf\Dev\Dev2.Diagnostics\Dev2.Diagnostics.csproj : warning NU1701: Package 'TaskSchedulerEditor 2.10.1' was restored using '.NETFramework,Version=v4.6.1, .NETFramework,Version=v4.6.2, .NETFramework,Version=v4.7, .NETFramework,Version=v4.7.1, .NETFramework,Version=v4.7.2, .NETFramework,Version=v4.8, .NETFramework,Version=v4.8.1' instead of the project target framework 'net8.0'. This package may not be fully compatible with your project.
C:\Users\ultra\warewolf\Dev\Dev2.Studio.Interfaces\Dev2.Studio.Interfaces.csproj : warning NU1701: Package 'AeroWizard 2.3.1' was restored using '.NETFramework,Version=v4.6.1, .NETFramework,Version=v4.6.2, .NETFramework,Version=v4.7, .NETFramework,Version=v4.7.1, .NETFramework,Version=v4.7.2, .NETFramework,Version=v4.8, .NETFramework,Version=v4.8.1' instead of the project target framework 'net8.0'. This package may not be fully compatible with your project.
C:\Users\ultra\warewolf\Dev\Dev2.Studio.Interfaces\Dev2.Studio.Interfaces.csproj : warning NU1701: Package 'GroupControls 1.9.0' was restored using '.NETFramework,Version=v4.6.1, .NETFramework,Version=v4.6.2, .NETFramework,Version=v4.7, .NETFramework,Version=v4.7.1, .NETFramework,Version=v4.7.2, .NETFramework,Version=v4.8, .NETFramework,Version=v4.8.1' instead of the project target framework 'net8.0'. This package may not be fully compatible with your project.
C:\Users\ultra\warewolf\Dev\Dev2.Studio.Interfaces\Dev2.Studio.Interfaces.csproj : warning NU1701: Package 'Microsoft.Xaml.Behaviors.Wpf 1.1.122' was restored using '.NETFramework,Version=v4.6.1, .NETFramework,Version=v4.6.2, .NETFramework,Version=v4.7, .NETFramework,Version=v4.7.1, .NETFramework,Version=v4.7.2, .NETFramework,Version=v4.8, .NETFramework,Version=v4.8.1' instead of the project target framework 'net8.0'. This package may not be fully compatible with your project.
C:\Users\ultra\warewolf\Dev\Dev2.Studio.Interfaces\Dev2.Studio.Interfaces.csproj : warning NU1701: Package 'Prism.Wpf 9.0.537' was restored using '.NETFramework,Version=v4.6.1, .NETFramework,Version=v4.6.2, .NETFramework,Version=v4.7, .NETFramework,Version=v4.7.1, .NETFramework,Version=v4.7.2, .NETFramework,Version=v4.8, .NETFramework,Version=v4.8.1' instead of the project target framework 'net8.0'. This package may not be fully compatible with your project.
C:\Users\ultra\warewolf\Dev\Dev2.Studio.Interfaces\Dev2.Studio.Interfaces.csproj : warning NU1701: Package 'ReactiveUI.WPF 18.4.1' was restored using '.NETFramework,Version=v4.6.1, .NETFramework,Version=v4.6.2, .NETFramework,Version=v4.7, .NETFramework,Version=v4.7.1, .NETFramework,Version=v4.7.2, .NETFramework,Version=v4.8, .NETFramework,Version=v4.8.1' instead of the project target framework 'net8.0'. This package may not be fully compatible with your project.
C:\Users\ultra\warewolf\Dev\Dev2.Studio.Interfaces\Dev2.Studio.Interfaces.csproj : warning NU1701: Package 'TaskSchedulerEditor 2.10.1' was restored using '.NETFramework,Version=v4.6.1, .NETFramework,Version=v4.6.2, .NETFramework,Version=v4.7, .NETFramework,Version=v4.7.1, .NETFramework,Version=v4.7.2, .NETFramework,Version=v4.8, .NETFramework,Version=v4.8.1' instead of the project target framework 'net8.0'. This package may not be fully compatible with your project.
C:\Users\ultra\warewolf\Dev\Dev2.Runtime.Configuration\Dev2.Runtime.Configuration.csproj : warning NU1903: Package 'Microsoft.Windows.Compatibility' 6.0.0 has a known high severity vulnerability, https://github.com/advisories/GHSA-555c-2p6r-68mm
C:\Users\ultra\warewolf\Dev\Dev2.Runtime.Configuration\Dev2.Runtime.Configuration.csproj : warning NU1701: Package 'AeroWizard 2.3.1' was restored using '.NETFramework,Version=v4.6.1, .NETFramework,Version=v4.6.2, .NETFramework,Version=v4.7, .NETFramework,Version=v4.7.1, .NETFramework,Version=v4.7.2, .NETFramework,Version=v4.8, .NETFramework,Version=v4.8.1' instead of the project target framework 'net8.0'. This package may not be fully compatible with your project.
C:\Users\ultra\warewolf\Dev\Dev2.Runtime.Configuration\Dev2.Runtime.Configuration.csproj : warning NU1701: Package 'GroupControls 1.9.0' was restored using '.NETFramework,Version=v4.6.1, .NETFramework,Version=v4.6.2, .NETFramework,Version=v4.7, .NETFramework,Version=v4.7.1, .NETFramework,Version=v4.7.2, .NETFramework,Version=v4.8, .NETFramework,Version=v4.8.1' instead of the project target framework 'net8.0'. This package may not be fully compatible with your project.
C:\Users\ultra\warewolf\Dev\Dev2.Runtime.Configuration\Dev2.Runtime.Configuration.csproj : warning NU1701: Package 'TaskSchedulerEditor 2.10.1' was restored using '.NETFramework,Version=v4.6.1, .NETFramework,Version=v4.6.2, .NETFramework,Version=v4.7, .NETFramework,Version=v4.7.1, .NETFramework,Version=v4.7.2, .NETFramework,Version=v4.8, .NETFramework,Version=v4.8.1' instead of the project target framework 'net8.0'. This package may not be fully compatible with your project.
C:\Users\ultra\warewolf\Dev\Warewolf.Security\Warewolf.Security.csproj : warning NU1904: Package 'System.Drawing.Common' 4.5.1 has a known critical severity vulnerability, https://github.com/advisories/GHSA-rxg9-xrhp-64gj
C:\Users\ultra\warewolf\Dev\Dev2.Runtime.Services\Dev2.Runtime.Services.csproj : warning NU1902: Package 'MessagePack' 2.4.59 has a known moderate severity vulnerability, https://github.com/advisories/GHSA-4qm4-8hg2-g2xm
C:\Users\ultra\warewolf\Dev\Dev2.Runtime.Services\Dev2.Runtime.Services.csproj : warning NU1903: Package 'Microsoft.Windows.Compatibility' 6.0.0 has a known high severity vulnerability, https://github.com/advisories/GHSA-555c-2p6r-68mm
C:\Users\ultra\warewolf\Dev\Dev2.Runtime.Services\Dev2.Runtime.Services.csproj : warning NU1701: Package 'AeroWizard 2.3.1' was restored using '.NETFramework,Version=v4.6.1, .NETFramework,Version=v4.6.2, .NETFramework,Version=v4.7, .NETFramework,Version=v4.7.1, .NETFramework,Version=v4.7.2, .NETFramework,Version=v4.8, .NETFramework,Version=v4.8.1' instead of the project target framework 'net8.0'. This package may not be fully compatible with your project.
C:\Users\ultra\warewolf\Dev\Dev2.Runtime.Services\Dev2.Runtime.Services.csproj : warning NU1701: Package 'GroupControls 1.9.0' was restored using '.NETFramework,Version=v4.6.1, .NETFramework,Version=v4.6.2, .NETFramework,Version=v4.7, .NETFramework,Version=v4.7.1, .NETFramework,Version=v4.7.2, .NETFramework,Version=v4.8, .NETFramework,Version=v4.8.1' instead of the project target framework 'net8.0'. This package may not be fully compatible with your project.
C:\Users\ultra\warewolf\Dev\Dev2.Runtime.Services\Dev2.Runtime.Services.csproj : warning NU1701: Package 'ReactiveUI.WPF 18.4.1' was restored using '.NETFramework,Version=v4.6.1, .NETFramework,Version=v4.6.2, .NETFramework,Version=v4.7, .NETFramework,Version=v4.7.1, .NETFramework,Version=v4.7.2, .NETFramework,Version=v4.8, .NETFramework,Version=v4.8.1' instead of the project target framework 'net8.0'. This package may not be fully compatible with your project.
C:\Users\ultra\warewolf\Dev\Dev2.Runtime.Services\Dev2.Runtime.Services.csproj : warning NU1701: Package 'TaskSchedulerEditor 2.10.1' was restored using '.NETFramework,Version=v4.6.1, .NETFramework,Version=v4.6.2, .NETFramework,Version=v4.7, .NETFramework,Version=v4.7.1, .NETFramework,Version=v4.7.2, .NETFramework,Version=v4.8, .NETFramework,Version=v4.8.1' instead of the project target framework 'net8.0'. This package may not be fully compatible with your project.
C:\Program Files\dotnet\sdk\10.0.201\Sdks\Microsoft.NET.Sdk\targets\Microsoft.NET.Sdk.DefaultItems.targets(162,5): warning NETSDK1137: It is no longer necessary to use the Microsoft.NET.Sdk.WindowsDesktop SDK. Consider changing the Sdk attribute of the root Project element to 'Microsoft.NET.Sdk'. [C:\Users\ultra\warewolf\Dev\Dev2.Studio\Dev2.Studio.csproj]
C:\Program Files\dotnet\sdk\10.0.201\Sdks\Microsoft.NET.Sdk.WindowsDesktop\targets\Microsoft.NET.Sdk.WindowsDesktop.targets(138,5): warning NETSDK1106: Microsoft.NET.Sdk.WindowsDesktop requires 'UseWpf' or 'UseWindowsForms' to be set to 'true' [C:\Users\ultra\warewolf\Dev\Dev2.Studio\Dev2.Studio.csproj]
C:\Users\ultra\warewolf\Dev\Warewolf.Language.Parser\Warewolf.Language.Parser.fsproj : warning NU1504: Duplicate 'PackageReference' items found. Remove the duplicate items or use the Update functionality to ensure a consistent restore behavior. The duplicate 'PackageReference' items are: FSharp.Core 10.1.201, FSharp.Core 4.6.2.
C:\Users\ultra\warewolf\Dev\Dev2.Studio\Dev2.Studio.csproj : warning NU1701: Package 'AeroWizard 2.3.1' was restored using '.NETFramework,Version=v4.6.1, .NETFramework,Version=v4.6.2, .NETFramework,Version=v4.7, .NETFramework,Version=v4.7.1, .NETFramework,Version=v4.7.2, .NETFramework,Version=v4.8, .NETFramework,Version=v4.8.1' instead of the project target framework 'net8.0'. This package may not be fully compatible with your project.
C:\Users\ultra\warewolf\Dev\Dev2.Studio\Dev2.Studio.csproj : warning NU1701: Package 'AvalonEdit 6.3.0.90' was restored using '.NETFramework,Version=v4.6.1, .NETFramework,Version=v4.6.2, .NETFramework,Version=v4.7, .NETFramework,Version=v4.7.1, .NETFramework,Version=v4.7.2, .NETFramework,Version=v4.8, .NETFramework,Version=v4.8.1' instead of the project target framework 'net8.0'. This package may not be fully compatible with your project.
C:\Users\ultra\warewolf\Dev\Dev2.Studio\Dev2.Studio.csproj : warning NU1701: Package 'CommonServiceLocator 1.2.0' was restored using '.NETFramework,Version=v4.6.1, .NETFramework,Version=v4.6.2, .NETFramework,Version=v4.7, .NETFramework,Version=v4.7.1, .NETFramework,Version=v4.7.2, .NETFramework,Version=v4.8, .NETFramework,Version=v4.8.1' instead of the project target framework 'net8.0'. This package may not be fully compatible with your project.
C:\Users\ultra\warewolf\Dev\Dev2.Studio\Dev2.Studio.csproj : warning NU1701: Package 'FontAwesome.WPF 4.7.0.9' was restored using '.NETFramework,Version=v4.6.1, .NETFramework,Version=v4.6.2, .NETFramework,Version=v4.7, .NETFramework,Version=v4.7.1, .NETFramework,Version=v4.7.2, .NETFramework,Version=v4.8, .NETFramework,Version=v4.8.1' instead of the project target framework 'net8.0'. This package may not be fully compatible with your project.
C:\Users\ultra\warewolf\Dev\Dev2.Studio\Dev2.Studio.csproj : warning NU1701: Package 'GroupControls 1.9.0' was restored using '.NETFramework,Version=v4.6.1, .NETFramework,Version=v4.6.2, .NETFramework,Version=v4.7, .NETFramework,Version=v4.7.1, .NETFramework,Version=v4.7.2, .NETFramework,Version=v4.8, .NETFramework,Version=v4.8.1' instead of the project target framework 'net8.0'. This package may not be fully compatible with your project.
C:\Users\ultra\warewolf\Dev\Dev2.Studio\Dev2.Studio.csproj : warning NU1701: Package 'Log4Net.Async 2.0.4' was restored using '.NETFramework,Version=v4.6.1, .NETFramework,Version=v4.6.2, .NETFramework,Version=v4.7, .NETFramework,Version=v4.7.1, .NETFramework,Version=v4.7.2, .NETFramework,Version=v4.8, .NETFramework,Version=v4.8.1' instead of the project target framework 'net8.0'. This package may not be fully compatible with your project.
C:\Users\ultra\warewolf\Dev\Dev2.Studio\Dev2.Studio.csproj : warning NU1701: Package 'Microsoft.Xaml.Behaviors.Wpf 1.1.122' was restored using '.NETFramework,Version=v4.6.1, .NETFramework,Version=v4.6.2, .NETFramework,Version=v4.7, .NETFramework,Version=v4.7.1, .NETFramework,Version=v4.7.2, .NETFramework,Version=v4.8, .NETFramework,Version=v4.8.1' instead of the project target framework 'net8.0'. This package may not be fully compatible with your project.
C:\Users\ultra\warewolf\Dev\Dev2.Studio\Dev2.Studio.csproj : warning NU1701: Package 'Prism.Composition 5.0.0' was restored using '.NETFramework,Version=v4.6.1, .NETFramework,Version=v4.6.2, .NETFramework,Version=v4.7, .NETFramework,Version=v4.7.1, .NETFramework,Version=v4.7.2, .NETFramework,Version=v4.8, .NETFramework,Version=v4.8.1' instead of the project target framework 'net8.0'. This package may not be fully compatible with your project.
C:\Users\ultra\warewolf\Dev\Dev2.Studio\Dev2.Studio.csproj : warning NU1701: Package 'Prism.Interactivity 5.0.0' was restored using '.NETFramework,Version=v4.6.1, .NETFramework,Version=v4.6.2, .NETFramework,Version=v4.7, .NETFramework,Version=v4.7.1, .NETFramework,Version=v4.7.2, .NETFramework,Version=v4.8, .NETFramework,Version=v4.8.1' instead of the project target framework 'net8.0'. This package may not be fully compatible with your project.
C:\Users\ultra\warewolf\Dev\Dev2.Studio\Dev2.Studio.csproj : warning NU1701: Package 'Prism.Mvvm 1.0.0' was restored using '.NETFramework,Version=v4.6.1, .NETFramework,Version=v4.6.2, .NETFramework,Version=v4.7, .NETFramework,Version=v4.7.1, .NETFramework,Version=v4.7.2, .NETFramework,Version=v4.8, .NETFramework,Version=v4.8.1' instead of the project target framework 'net8.0'. This package may not be fully compatible with your project.
C:\Users\ultra\warewolf\Dev\Dev2.Studio\Dev2.Studio.csproj : warning NU1701: Package 'Prism.PubSubEvents 1.0.0' was restored using '.NETFramework,Version=v4.6.1, .NETFramework,Version=v4.6.2, .NETFramework,Version=v4.7, .NETFramework,Version=v4.7.1, .NETFramework,Version=v4.7.2, .NETFramework,Version=v4.8, .NETFramework,Version=v4.8.1' instead of the project target framework 'net8.0'. This package may not be fully compatible with your project.
C:\Users\ultra\warewolf\Dev\Dev2.Studio\Dev2.Studio.csproj : warning NU1701: Package 'Prism.UnityExtensions 5.0.1' was restored using '.NETFramework,Version=v4.6.1, .NETFramework,Version=v4.6.2, .NETFramework,Version=v4.7, .NETFramework,Version=v4.7.1, .NETFramework,Version=v4.7.2, .NETFramework,Version=v4.8, .NETFramework,Version=v4.8.1' instead of the project target framework 'net8.0'. This package may not be fully compatible with your project.
C:\Users\ultra\warewolf\Dev\Dev2.Studio\Dev2.Studio.csproj : warning NU1701: Package 'Prism.Wpf 9.0.537' was restored using '.NETFramework,Version=v4.6.1, .NETFramework,Version=v4.6.2, .NETFramework,Version=v4.7, .NETFramework,Version=v4.7.1, .NETFramework,Version=v4.7.2, .NETFramework,Version=v4.8, .NETFramework,Version=v4.8.1' instead of the project target framework 'net8.0'. This package may not be fully compatible with your project.
C:\Users\ultra\warewolf\Dev\Dev2.Studio\Dev2.Studio.csproj : warning NU1701: Package 'ReactiveUI.WPF 18.4.1' was restored using '.NETFramework,Version=v4.6.1, .NETFramework,Version=v4.6.2, .NETFramework,Version=v4.7, .NETFramework,Version=v4.7.1, .NETFramework,Version=v4.7.2, .NETFramework,Version=v4.8, .NETFramework,Version=v4.8.1' instead of the project target framework 'net8.0'. This package may not be fully compatible with your project.
C:\Users\ultra\warewolf\Dev\Dev2.Studio\Dev2.Studio.csproj : warning NU1701: Package 'TaskSchedulerEditor 2.10.1' was restored using '.NETFramework,Version=v4.6.1, .NETFramework,Version=v4.6.2, .NETFramework,Version=v4.7, .NETFramework,Version=v4.7.1, .NETFramework,Version=v4.7.2, .NETFramework,Version=v4.8, .NETFramework,Version=v4.8.1' instead of the project target framework 'net8.0'. This package may not be fully compatible with your project.
C:\Users\ultra\warewolf\Dev\Dev2.Studio\Dev2.Studio.csproj : warning NU1701: Package 'Unofficial.Microsoft.mshtml 7.0.3300' was restored using '.NETFramework,Version=v4.6.1, .NETFramework,Version=v4.6.2, .NETFramework,Version=v4.7, .NETFramework,Version=v4.7.1, .NETFramework,Version=v4.7.2, .NETFramework,Version=v4.8, .NETFramework,Version=v4.8.1' instead of the project target framework 'net8.0'. This package may not be fully compatible with your project.
C:\Users\ultra\warewolf\Dev\Warewolf.Data\Warewolf.Data.csproj : warning NU1701: Package 'AeroWizard 2.3.1' was restored using '.NETFramework,Version=v4.6.1, .NETFramework,Version=v4.6.2, .NETFramework,Version=v4.7, .NETFramework,Version=v4.7.1, .NETFramework,Version=v4.7.2, .NETFramework,Version=v4.8, .NETFramework,Version=v4.8.1' instead of the project target framework 'net8.0'. This package may not be fully compatible with your project.
C:\Users\ultra\warewolf\Dev\Warewolf.Data\Warewolf.Data.csproj : warning NU1701: Package 'GroupControls 1.9.0' was restored using '.NETFramework,Version=v4.6.1, .NETFramework,Version=v4.6.2, .NETFramework,Version=v4.7, .NETFramework,Version=v4.7.1, .NETFramework,Version=v4.7.2, .NETFramework,Version=v4.8, .NETFramework,Version=v4.8.1' instead of the project target framework 'net8.0'. This package may not be fully compatible with your project.
C:\Users\ultra\warewolf\Dev\Warewolf.Data\Warewolf.Data.csproj : warning NU1701: Package 'TaskSchedulerEditor 2.10.1' was restored using '.NETFramework,Version=v4.6.1, .NETFramework,Version=v4.6.2, .NETFramework,Version=v4.7, .NETFramework,Version=v4.7.1, .NETFramework,Version=v4.7.2, .NETFramework,Version=v4.8, .NETFramework,Version=v4.8.1' instead of the project target framework 'net8.0'. This package may not be fully compatible with your project.
C:\Users\ultra\warewolf\Dev\Dev2.Services.Sql\Dev2.Services.Sql.csproj : warning NU1903: Package 'Oracle.ManagedDataAccess.Core' 3.21.70 has a known high severity vulnerability, https://github.com/advisories/GHSA-5pm2-9mr2-3frq
C:\Users\ultra\warewolf\Dev\Dev2.Services.Sql\Dev2.Services.Sql.csproj : warning NU1701: Package 'AeroWizard 2.3.1' was restored using '.NETFramework,Version=v4.6.1, .NETFramework,Version=v4.6.2, .NETFramework,Version=v4.7, .NETFramework,Version=v4.7.1, .NETFramework,Version=v4.7.2, .NETFramework,Version=v4.8, .NETFramework,Version=v4.8.1' instead of the project target framework 'net8.0'. This package may not be fully compatible with your project.
C:\Users\ultra\warewolf\Dev\Dev2.Services.Sql\Dev2.Services.Sql.csproj : warning NU1701: Package 'GroupControls 1.9.0' was restored using '.NETFramework,Version=v4.6.1, .NETFramework,Version=v4.6.2, .NETFramework,Version=v4.7, .NETFramework,Version=v4.7.1, .NETFramework,Version=v4.7.2, .NETFramework,Version=v4.8, .NETFramework,Version=v4.8.1' instead of the project target framework 'net8.0'. This package may not be fully compatible with your project.
C:\Users\ultra\warewolf\Dev\Dev2.Services.Sql\Dev2.Services.Sql.csproj : warning NU1701: Package 'ReactiveUI.WPF 18.4.1' was restored using '.NETFramework,Version=v4.6.1, .NETFramework,Version=v4.6.2, .NETFramework,Version=v4.7, .NETFramework,Version=v4.7.1, .NETFramework,Version=v4.7.2, .NETFramework,Version=v4.8, .NETFramework,Version=v4.8.1' instead of the project target framework 'net8.0'. This package may not be fully compatible with your project.
C:\Users\ultra\warewolf\Dev\Dev2.Services.Sql\Dev2.Services.Sql.csproj : warning NU1701: Package 'TaskSchedulerEditor 2.10.1' was restored using '.NETFramework,Version=v4.6.1, .NETFramework,Version=v4.6.2, .NETFramework,Version=v4.7, .NETFramework,Version=v4.7.1, .NETFramework,Version=v4.7.2, .NETFramework,Version=v4.8, .NETFramework,Version=v4.8.1' instead of the project target framework 'net8.0'. This package may not be fully compatible with your project.
C:\Users\ultra\warewolf\Dev\Dev2.Services.Execution\Dev2.Services.Execution.csproj : warning NU1701: Package 'AeroWizard 2.3.1' was restored using '.NETFramework,Version=v4.6.1, .NETFramework,Version=v4.6.2, .NETFramework,Version=v4.7, .NETFramework,Version=v4.7.1, .NETFramework,Version=v4.7.2, .NETFramework,Version=v4.8, .NETFramework,Version=v4.8.1' instead of the project target framework 'net8.0'. This package may not be fully compatible with your project.
C:\Users\ultra\warewolf\Dev\Dev2.Services.Execution\Dev2.Services.Execution.csproj : warning NU1701: Package 'GroupControls 1.9.0' was restored using '.NETFramework,Version=v4.6.1, .NETFramework,Version=v4.6.2, .NETFramework,Version=v4.7, .NETFramework,Version=v4.7.1, .NETFramework,Version=v4.7.2, .NETFramework,Version=v4.8, .NETFramework,Version=v4.8.1' instead of the project target framework 'net8.0'. This package may not be fully compatible with your project.
C:\Users\ultra\warewolf\Dev\Dev2.Services.Execution\Dev2.Services.Execution.csproj : warning NU1701: Package 'ReactiveUI.WPF 18.4.1' was restored using '.NETFramework,Version=v4.6.1, .NETFramework,Version=v4.6.2, .NETFramework,Version=v4.7, .NETFramework,Version=v4.7.1, .NETFramework,Version=v4.7.2, .NETFramework,Version=v4.8, .NETFramework,Version=v4.8.1' instead of the project target framework 'net8.0'. This package may not be fully compatible with your project.
C:\Users\ultra\warewolf\Dev\Dev2.Services.Execution\Dev2.Services.Execution.csproj : warning NU1701: Package 'TaskSchedulerEditor 2.10.1' was restored using '.NETFramework,Version=v4.6.1, .NETFramework,Version=v4.6.2, .NETFramework,Version=v4.7, .NETFramework,Version=v4.7.1, .NETFramework,Version=v4.7.2, .NETFramework,Version=v4.8, .NETFramework,Version=v4.8.1' instead of the project target framework 'net8.0'. This package may not be fully compatible with your project.
C:\Users\ultra\warewolf\Dev\Warewolf.MergeParser.Tests\Warewolf.MergeParser.Tests.csproj : warning NU1701: Package 'AeroWizard 2.3.1' was restored using '.NETFramework,Version=v4.6.1, .NETFramework,Version=v4.6.2, .NETFramework,Version=v4.7, .NETFramework,Version=v4.7.1, .NETFramework,Version=v4.7.2, .NETFramework,Version=v4.8, .NETFramework,Version=v4.8.1' instead of the project target framework 'net8.0'. This package may not be fully compatible with your project.
C:\Users\ultra\warewolf\Dev\Warewolf.MergeParser.Tests\Warewolf.MergeParser.Tests.csproj : warning NU1701: Package 'GroupControls 1.9.0' was restored using '.NETFramework,Version=v4.6.1, .NETFramework,Version=v4.6.2, .NETFramework,Version=v4.7, .NETFramework,Version=v4.7.1, .NETFramework,Version=v4.7.2, .NETFramework,Version=v4.8, .NETFramework,Version=v4.8.1' instead of the project target framework 'net8.0'. This package may not be fully compatible with your project.
C:\Users\ultra\warewolf\Dev\Warewolf.MergeParser.Tests\Warewolf.MergeParser.Tests.csproj : warning NU1701: Package 'Microsoft.Xaml.Behaviors.Wpf 1.1.122' was restored using '.NETFramework,Version=v4.6.1, .NETFramework,Version=v4.6.2, .NETFramework,Version=v4.7, .NETFramework,Version=v4.7.1, .NETFramework,Version=v4.7.2, .NETFramework,Version=v4.8, .NETFramework,Version=v4.8.1' instead of the project target framework 'net8.0'. This package may not be fully compatible with your project.
C:\Users\ultra\warewolf\Dev\Warewolf.MergeParser.Tests\Warewolf.MergeParser.Tests.csproj : warning NU1701: Package 'Prism.Wpf 9.0.537' was restored using '.NETFramework,Version=v4.6.1, .NETFramework,Version=v4.6.2, .NETFramework,Version=v4.7, .NETFramework,Version=v4.7.1, .NETFramework,Version=v4.7.2, .NETFramework,Version=v4.8, .NETFramework,Version=v4.8.1' instead of the project target framework 'net8.0'. This package may not be fully compatible with your project.
C:\Users\ultra\warewolf\Dev\Warewolf.MergeParser.Tests\Warewolf.MergeParser.Tests.csproj : warning NU1701: Package 'ReactiveUI.WPF 18.4.1' was restored using '.NETFramework,Version=v4.6.1, .NETFramework,Version=v4.6.2, .NETFramework,Version=v4.7, .NETFramework,Version=v4.7.1, .NETFramework,Version=v4.7.2, .NETFramework,Version=v4.8, .NETFramework,Version=v4.8.1' instead of the project target framework 'net8.0'. This package may not be fully compatible with your project.
C:\Users\ultra\warewolf\Dev\Warewolf.MergeParser.Tests\Warewolf.MergeParser.Tests.csproj : warning NU1701: Package 'TaskSchedulerEditor 2.10.1' was restored using '.NETFramework,Version=v4.6.1, .NETFramework,Version=v4.6.2, .NETFramework,Version=v4.7, .NETFramework,Version=v4.7.1, .NETFramework,Version=v4.7.2, .NETFramework,Version=v4.8, .NETFramework,Version=v4.8.1' instead of the project target framework 'net8.0'. This package may not be fully compatible with your project.
C:\Users\ultra\warewolf\Dev\Dev2.Scheduler\Dev2.Scheduler.csproj : warning NU1701: Package 'AeroWizard 2.3.1' was restored using '.NETFramework,Version=v4.6.1, .NETFramework,Version=v4.6.2, .NETFramework,Version=v4.7, .NETFramework,Version=v4.7.1, .NETFramework,Version=v4.7.2, .NETFramework,Version=v4.8, .NETFramework,Version=v4.8.1' instead of the project target framework 'net8.0'. This package may not be fully compatible with your project.
C:\Users\ultra\warewolf\Dev\Dev2.Scheduler\Dev2.Scheduler.csproj : warning NU1701: Package 'GroupControls 1.9.0' was restored using '.NETFramework,Version=v4.6.1, .NETFramework,Version=v4.6.2, .NETFramework,Version=v4.7, .NETFramework,Version=v4.7.1, .NETFramework,Version=v4.7.2, .NETFramework,Version=v4.8, .NETFramework,Version=v4.8.1' instead of the project target framework 'net8.0'. This package may not be fully compatible with your project.
C:\Users\ultra\warewolf\Dev\Dev2.Scheduler\Dev2.Scheduler.csproj : warning NU1701: Package 'ReactiveUI.WPF 18.4.1' was restored using '.NETFramework,Version=v4.6.1, .NETFramework,Version=v4.6.2, .NETFramework,Version=v4.7, .NETFramework,Version=v4.7.1, .NETFramework,Version=v4.7.2, .NETFramework,Version=v4.8, .NETFramework,Version=v4.8.1' instead of the project target framework 'net8.0'. This package may not be fully compatible with your project.
C:\Users\ultra\warewolf\Dev\Dev2.Scheduler\Dev2.Scheduler.csproj : warning NU1701: Package 'TaskSchedulerEditor 2.10.1' was restored using '.NETFramework,Version=v4.6.1, .NETFramework,Version=v4.6.2, .NETFramework,Version=v4.7, .NETFramework,Version=v4.7.1, .NETFramework,Version=v4.7.2, .NETFramework,Version=v4.8, .NETFramework,Version=v4.8.1' instead of the project target framework 'net8.0'. This package may not be fully compatible with your project.
C:\Users\ultra\warewolf\Dev\Warewolf.Auditing\Warewolf.Auditing.csproj : warning NU1701: Package 'AeroWizard 2.3.1' was restored using '.NETFramework,Version=v4.6.1, .NETFramework,Version=v4.6.2, .NETFramework,Version=v4.7, .NETFramework,Version=v4.7.1, .NETFramework,Version=v4.7.2, .NETFramework,Version=v4.8, .NETFramework,Version=v4.8.1' instead of the project target framework 'net8.0'. This package may not be fully compatible with your project.
C:\Users\ultra\warewolf\Dev\Warewolf.Auditing\Warewolf.Auditing.csproj : warning NU1701: Package 'GroupControls 1.9.0' was restored using '.NETFramework,Version=v4.6.1, .NETFramework,Version=v4.6.2, .NETFramework,Version=v4.7, .NETFramework,Version=v4.7.1, .NETFramework,Version=v4.7.2, .NETFramework,Version=v4.8, .NETFramework,Version=v4.8.1' instead of the project target framework 'net8.0'. This package may not be fully compatible with your project.
C:\Users\ultra\warewolf\Dev\Warewolf.Auditing\Warewolf.Auditing.csproj : warning NU1701: Package 'ReactiveUI.WPF 18.4.1' was restored using '.NETFramework,Version=v4.6.1, .NETFramework,Version=v4.6.2, .NETFramework,Version=v4.7, .NETFramework,Version=v4.7.1, .NETFramework,Version=v4.7.2, .NETFramework,Version=v4.8, .NETFramework,Version=v4.8.1' instead of the project target framework 'net8.0'. This package may not be fully compatible with your project.
C:\Users\ultra\warewolf\Dev\Warewolf.Auditing\Warewolf.Auditing.csproj : warning NU1701: Package 'TaskSchedulerEditor 2.10.1' was restored using '.NETFramework,Version=v4.6.1, .NETFramework,Version=v4.6.2, .NETFramework,Version=v4.7, .NETFramework,Version=v4.7.1, .NETFramework,Version=v4.7.2, .NETFramework,Version=v4.8, .NETFramework,Version=v4.8.1' instead of the project target framework 'net8.0'. This package may not be fully compatible with your project.
C:\Program Files\dotnet\sdk\10.0.201\Sdks\Microsoft.NET.Sdk\targets\Microsoft.NET.Sdk.DefaultItems.targets(162,5): warning NETSDK1137: It is no longer necessary to use the Microsoft.NET.Sdk.WindowsDesktop SDK. Consider changing the Sdk attribute of the root Project element to 'Microsoft.NET.Sdk'. [C:\Users\ultra\warewolf\Dev\Warewolf.Studio.Core\Warewolf.Studio.Core.csproj]
C:\Program Files\dotnet\sdk\10.0.201\Sdks\Microsoft.NET.Sdk.WindowsDesktop\targets\Microsoft.NET.Sdk.WindowsDesktop.targets(138,5): warning NETSDK1106: Microsoft.NET.Sdk.WindowsDesktop requires 'UseWpf' or 'UseWindowsForms' to be set to 'true' [C:\Users\ultra\warewolf\Dev\Warewolf.Studio.Core\Warewolf.Studio.Core.csproj]
C:\Users\ultra\warewolf\Dev\Warewolf.Studio.Core\Warewolf.Studio.Core.csproj : warning NU1701: Package 'AeroWizard 2.3.1' was restored using '.NETFramework,Version=v4.6.1, .NETFramework,Version=v4.6.2, .NETFramework,Version=v4.7, .NETFramework,Version=v4.7.1, .NETFramework,Version=v4.7.2, .NETFramework,Version=v4.8, .NETFramework,Version=v4.8.1' instead of the project target framework 'net8.0'. This package may not be fully compatible with your project.
C:\Users\ultra\warewolf\Dev\Warewolf.Studio.Core\Warewolf.Studio.Core.csproj : warning NU1701: Package 'GroupControls 1.9.0' was restored using '.NETFramework,Version=v4.6.1, .NETFramework,Version=v4.6.2, .NETFramework,Version=v4.7, .NETFramework,Version=v4.7.1, .NETFramework,Version=v4.7.2, .NETFramework,Version=v4.8, .NETFramework,Version=v4.8.1' instead of the project target framework 'net8.0'. This package may not be fully compatible with your project.
C:\Users\ultra\warewolf\Dev\Warewolf.Studio.Core\Warewolf.Studio.Core.csproj : warning NU1701: Package 'Microsoft.Xaml.Behaviors.Wpf 1.1.122' was restored using '.NETFramework,Version=v4.6.1, .NETFramework,Version=v4.6.2, .NETFramework,Version=v4.7, .NETFramework,Version=v4.7.1, .NETFramework,Version=v4.7.2, .NETFramework,Version=v4.8, .NETFramework,Version=v4.8.1' instead of the project target framework 'net8.0'. This package may not be fully compatible with your project.
C:\Users\ultra\warewolf\Dev\Warewolf.Studio.Core\Warewolf.Studio.Core.csproj : warning NU1701: Package 'Prism.Wpf 9.0.537' was restored using '.NETFramework,Version=v4.6.1, .NETFramework,Version=v4.6.2, .NETFramework,Version=v4.7, .NETFramework,Version=v4.7.1, .NETFramework,Version=v4.7.2, .NETFramework,Version=v4.8, .NETFramework,Version=v4.8.1' instead of the project target framework 'net8.0'. This package may not be fully compatible with your project.
C:\Users\ultra\warewolf\Dev\Warewolf.Studio.Core\Warewolf.Studio.Core.csproj : warning NU1701: Package 'ReactiveUI.WPF 18.4.1' was restored using '.NETFramework,Version=v4.6.1, .NETFramework,Version=v4.6.2, .NETFramework,Version=v4.7, .NETFramework,Version=v4.7.1, .NETFramework,Version=v4.7.2, .NETFramework,Version=v4.8, .NETFramework,Version=v4.8.1' instead of the project target framework 'net8.0'. This package may not be fully compatible with your project.
C:\Users\ultra\warewolf\Dev\Warewolf.Studio.Core\Warewolf.Studio.Core.csproj : warning NU1701: Package 'TaskSchedulerEditor 2.10.1' was restored using '.NETFramework,Version=v4.6.1, .NETFramework,Version=v4.6.2, .NETFramework,Version=v4.7, .NETFramework,Version=v4.7.1, .NETFramework,Version=v4.7.2, .NETFramework,Version=v4.8, .NETFramework,Version=v4.8.1' instead of the project target framework 'net8.0'. This package may not be fully compatible with your project.
C:\Users\ultra\warewolf\Dev\Warewolf.Driver.Serilog\Warewolf.Driver.Serilog.csproj : warning NU1701: Package 'AeroWizard 2.3.1' was restored using '.NETFramework,Version=v4.6.1, .NETFramework,Version=v4.6.2, .NETFramework,Version=v4.7, .NETFramework,Version=v4.7.1, .NETFramework,Version=v4.7.2, .NETFramework,Version=v4.8, .NETFramework,Version=v4.8.1' instead of the project target framework 'net8.0'. This package may not be fully compatible with your project.
C:\Users\ultra\warewolf\Dev\Warewolf.Driver.Serilog\Warewolf.Driver.Serilog.csproj : warning NU1701: Package 'GroupControls 1.9.0' was restored using '.NETFramework,Version=v4.6.1, .NETFramework,Version=v4.6.2, .NETFramework,Version=v4.7, .NETFramework,Version=v4.7.1, .NETFramework,Version=v4.7.2, .NETFramework,Version=v4.8, .NETFramework,Version=v4.8.1' instead of the project target framework 'net8.0'. This package may not be fully compatible with your project.
C:\Users\ultra\warewolf\Dev\Warewolf.Driver.Serilog\Warewolf.Driver.Serilog.csproj : warning NU1701: Package 'ReactiveUI.WPF 18.4.1' was restored using '.NETFramework,Version=v4.6.1, .NETFramework,Version=v4.6.2, .NETFramework,Version=v4.7, .NETFramework,Version=v4.7.1, .NETFramework,Version=v4.7.2, .NETFramework,Version=v4.8, .NETFramework,Version=v4.8.1' instead of the project target framework 'net8.0'. This package may not be fully compatible with your project.
C:\Users\ultra\warewolf\Dev\Warewolf.Driver.Serilog\Warewolf.Driver.Serilog.csproj : warning NU1701: Package 'TaskSchedulerEditor 2.10.1' was restored using '.NETFramework,Version=v4.6.1, .NETFramework,Version=v4.6.2, .NETFramework,Version=v4.7, .NETFramework,Version=v4.7.1, .NETFramework,Version=v4.7.2, .NETFramework,Version=v4.8, .NETFramework,Version=v4.8.1' instead of the project target framework 'net8.0'. This package may not be fully compatible with your project.
C:\Users\ultra\warewolf\Dev\Dev2.Activities\Dev2.Activities.csproj : warning NU1903: Package 'Microsoft.Windows.Compatibility' 6.0.0 has a known high severity vulnerability, https://github.com/advisories/GHSA-555c-2p6r-68mm
C:\Users\ultra\warewolf\Dev\Dev2.Activities\Dev2.Activities.csproj : warning NU1701: Package 'AeroWizard 2.3.1' was restored using '.NETFramework,Version=v4.6.1, .NETFramework,Version=v4.6.2, .NETFramework,Version=v4.7, .NETFramework,Version=v4.7.1, .NETFramework,Version=v4.7.2, .NETFramework,Version=v4.8, .NETFramework,Version=v4.8.1' instead of the project target framework 'net8.0'. This package may not be fully compatible with your project.
C:\Users\ultra\warewolf\Dev\Dev2.Activities\Dev2.Activities.csproj : warning NU1701: Package 'GroupControls 1.9.0' was restored using '.NETFramework,Version=v4.6.1, .NETFramework,Version=v4.6.2, .NETFramework,Version=v4.7, .NETFramework,Version=v4.7.1, .NETFramework,Version=v4.7.2, .NETFramework,Version=v4.8, .NETFramework,Version=v4.8.1' instead of the project target framework 'net8.0'. This package may not be fully compatible with your project.
C:\Users\ultra\warewolf\Dev\Dev2.Activities\Dev2.Activities.csproj : warning NU1701: Package 'ReactiveUI.WPF 18.4.1' was restored using '.NETFramework,Version=v4.6.1, .NETFramework,Version=v4.6.2, .NETFramework,Version=v4.7, .NETFramework,Version=v4.7.1, .NETFramework,Version=v4.7.2, .NETFramework,Version=v4.8, .NETFramework,Version=v4.8.1' instead of the project target framework 'net8.0'. This package may not be fully compatible with your project.
C:\Users\ultra\warewolf\Dev\Dev2.Activities\Dev2.Activities.csproj : warning NU1701: Package 'TaskSchedulerEditor 2.10.1' was restored using '.NETFramework,Version=v4.6.1, .NETFramework,Version=v4.6.2, .NETFramework,Version=v4.7, .NETFramework,Version=v4.7.1, .NETFramework,Version=v4.7.2, .NETFramework,Version=v4.8, .NETFramework,Version=v4.8.1' instead of the project target framework 'net8.0'. This package may not be fully compatible with your project.
C:\Users\ultra\warewolf\Dev\Warewolf.Core\Warewolf.Core.csproj : warning NU1903: Package 'Microsoft.Windows.Compatibility' 6.0.0 has a known high severity vulnerability, https://github.com/advisories/GHSA-555c-2p6r-68mm
C:\Users\ultra\warewolf\Dev\Warewolf.Core\Warewolf.Core.csproj : warning NU1701: Package 'AeroWizard 2.3.1' was restored using '.NETFramework,Version=v4.6.1, .NETFramework,Version=v4.6.2, .NETFramework,Version=v4.7, .NETFramework,Version=v4.7.1, .NETFramework,Version=v4.7.2, .NETFramework,Version=v4.8, .NETFramework,Version=v4.8.1' instead of the project target framework 'net8.0'. This package may not be fully compatible with your project.
C:\Users\ultra\warewolf\Dev\Warewolf.Core\Warewolf.Core.csproj : warning NU1701: Package 'GroupControls 1.9.0' was restored using '.NETFramework,Version=v4.6.1, .NETFramework,Version=v4.6.2, .NETFramework,Version=v4.7, .NETFramework,Version=v4.7.1, .NETFramework,Version=v4.7.2, .NETFramework,Version=v4.8, .NETFramework,Version=v4.8.1' instead of the project target framework 'net8.0'. This package may not be fully compatible with your project.
C:\Users\ultra\warewolf\Dev\Warewolf.Core\Warewolf.Core.csproj : warning NU1701: Package 'ReactiveUI.WPF 18.4.1' was restored using '.NETFramework,Version=v4.6.1, .NETFramework,Version=v4.6.2, .NETFramework,Version=v4.7, .NETFramework,Version=v4.7.1, .NETFramework,Version=v4.7.2, .NETFramework,Version=v4.8, .NETFramework,Version=v4.8.1' instead of the project target framework 'net8.0'. This package may not be fully compatible with your project.
C:\Users\ultra\warewolf\Dev\Warewolf.Core\Warewolf.Core.csproj : warning NU1701: Package 'TaskSchedulerEditor 2.10.1' was restored using '.NETFramework,Version=v4.6.1, .NETFramework,Version=v4.6.2, .NETFramework,Version=v4.7, .NETFramework,Version=v4.7.1, .NETFramework,Version=v4.7.2, .NETFramework,Version=v4.8, .NETFramework,Version=v4.8.1' instead of the project target framework 'net8.0'. This package may not be fully compatible with your project.
C:\Users\ultra\warewolf\Dev\Warewolf.Exchange.Email.Wrapper\Warewolf.Exchange.Email.Wrapper.csproj : warning NU1701: Package 'AeroWizard 2.3.1' was restored using '.NETFramework,Version=v4.6.1, .NETFramework,Version=v4.6.2, .NETFramework,Version=v4.7, .NETFramework,Version=v4.7.1, .NETFramework,Version=v4.7.2, .NETFramework,Version=v4.8, .NETFramework,Version=v4.8.1' instead of the project target framework 'net8.0'. This package may not be fully compatible with your project.
C:\Users\ultra\warewolf\Dev\Warewolf.Exchange.Email.Wrapper\Warewolf.Exchange.Email.Wrapper.csproj : warning NU1701: Package 'GroupControls 1.9.0' was restored using '.NETFramework,Version=v4.6.1, .NETFramework,Version=v4.6.2, .NETFramework,Version=v4.7, .NETFramework,Version=v4.7.1, .NETFramework,Version=v4.7.2, .NETFramework,Version=v4.8, .NETFramework,Version=v4.8.1' instead of the project target framework 'net8.0'. This package may not be fully compatible with your project.
C:\Users\ultra\warewolf\Dev\Warewolf.Exchange.Email.Wrapper\Warewolf.Exchange.Email.Wrapper.csproj : warning NU1701: Package 'ReactiveUI.WPF 18.4.1' was restored using '.NETFramework,Version=v4.6.1, .NETFramework,Version=v4.6.2, .NETFramework,Version=v4.7, .NETFramework,Version=v4.7.1, .NETFramework,Version=v4.7.2, .NETFramework,Version=v4.8, .NETFramework,Version=v4.8.1' instead of the project target framework 'net8.0'. This package may not be fully compatible with your project.
C:\Users\ultra\warewolf\Dev\Warewolf.Exchange.Email.Wrapper\Warewolf.Exchange.Email.Wrapper.csproj : warning NU1701: Package 'TaskSchedulerEditor 2.10.1' was restored using '.NETFramework,Version=v4.6.1, .NETFramework,Version=v4.6.2, .NETFramework,Version=v4.7, .NETFramework,Version=v4.7.1, .NETFramework,Version=v4.7.2, .NETFramework,Version=v4.8, .NETFramework,Version=v4.8.1' instead of the project target framework 'net8.0'. This package may not be fully compatible with your project.
C:\Users\ultra\warewolf\Dev\Warewolf.Studio.Models\Warewolf.Studio.Models.csproj : warning NU1701: Package 'AeroWizard 2.3.1' was restored using '.NETFramework,Version=v4.6.1, .NETFramework,Version=v4.6.2, .NETFramework,Version=v4.7, .NETFramework,Version=v4.7.1, .NETFramework,Version=v4.7.2, .NETFramework,Version=v4.8, .NETFramework,Version=v4.8.1' instead of the project target framework 'net8.0'. This package may not be fully compatible with your project.
C:\Users\ultra\warewolf\Dev\Warewolf.Studio.Models\Warewolf.Studio.Models.csproj : warning NU1701: Package 'GroupControls 1.9.0' was restored using '.NETFramework,Version=v4.6.1, .NETFramework,Version=v4.6.2, .NETFramework,Version=v4.7, .NETFramework,Version=v4.7.1, .NETFramework,Version=v4.7.2, .NETFramework,Version=v4.8, .NETFramework,Version=v4.8.1' instead of the project target framework 'net8.0'. This package may not be fully compatible with your project.
C:\Users\ultra\warewolf\Dev\Warewolf.Studio.Models\Warewolf.Studio.Models.csproj : warning NU1701: Package 'Microsoft.Xaml.Behaviors.Wpf 1.1.122' was restored using '.NETFramework,Version=v4.6.1, .NETFramework,Version=v4.6.2, .NETFramework,Version=v4.7, .NETFramework,Version=v4.7.1, .NETFramework,Version=v4.7.2, .NETFramework,Version=v4.8, .NETFramework,Version=v4.8.1' instead of the project target framework 'net8.0'. This package may not be fully compatible with your project.
C:\Users\ultra\warewolf\Dev\Warewolf.Studio.Models\Warewolf.Studio.Models.csproj : warning NU1701: Package 'Prism.Wpf 9.0.537' was restored using '.NETFramework,Version=v4.6.1, .NETFramework,Version=v4.6.2, .NETFramework,Version=v4.7, .NETFramework,Version=v4.7.1, .NETFramework,Version=v4.7.2, .NETFramework,Version=v4.8, .NETFramework,Version=v4.8.1' instead of the project target framework 'net8.0'. This package may not be fully compatible with your project.
C:\Users\ultra\warewolf\Dev\Warewolf.Studio.Models\Warewolf.Studio.Models.csproj : warning NU1701: Package 'ReactiveUI.WPF 18.4.1' was restored using '.NETFramework,Version=v4.6.1, .NETFramework,Version=v4.6.2, .NETFramework,Version=v4.7, .NETFramework,Version=v4.7.1, .NETFramework,Version=v4.7.2, .NETFramework,Version=v4.8, .NETFramework,Version=v4.8.1' instead of the project target framework 'net8.0'. This package may not be fully compatible with your project.
C:\Users\ultra\warewolf\Dev\Warewolf.Studio.Models\Warewolf.Studio.Models.csproj : warning NU1701: Package 'TaskSchedulerEditor 2.10.1' was restored using '.NETFramework,Version=v4.6.1, .NETFramework,Version=v4.6.2, .NETFramework,Version=v4.7, .NETFramework,Version=v4.7.1, .NETFramework,Version=v4.7.2, .NETFramework,Version=v4.8, .NETFramework,Version=v4.8.1' instead of the project target framework 'net8.0'. This package may not be fully compatible with your project.
  GACManagerApi -> C:\Users\ultra\warewolf\Dev\GACManagerApi\bin\Debug\net8.0\GACManagerApi.dll
C:\Users\ultra\warewolf\Dev\Dev2.Core\Dev2.Core.csproj : warning NU1903: Package 'Microsoft.Windows.Compatibility' 6.0.0 has a known high severity vulnerability, https://github.com/advisories/GHSA-555c-2p6r-68mm
C:\Users\ultra\warewolf\Dev\Dev2.Core\Dev2.Core.csproj : warning NU1701: Package 'AeroWizard 2.3.1' was restored using '.NETFramework,Version=v4.6.1, .NETFramework,Version=v4.6.2, .NETFramework,Version=v4.7, .NETFramework,Version=v4.7.1, .NETFramework,Version=v4.7.2, .NETFramework,Version=v4.8, .NETFramework,Version=v4.8.1' instead of the project target framework 'net8.0'. This package may not be fully compatible with your project.
C:\Users\ultra\warewolf\Dev\Dev2.Core\Dev2.Core.csproj : warning NU1701: Package 'GroupControls 1.9.0' was restored using '.NETFramework,Version=v4.6.1, .NETFramework,Version=v4.6.2, .NETFramework,Version=v4.7, .NETFramework,Version=v4.7.1, .NETFramework,Version=v4.7.2, .NETFramework,Version=v4.8, .NETFramework,Version=v4.8.1' instead of the project target framework 'net8.0'. This package may not be fully compatible with your project.
C:\Users\ultra\warewolf\Dev\Dev2.Core\Dev2.Core.csproj : warning NU1701: Package 'ReactiveUI.WPF 18.4.1' was restored using '.NETFramework,Version=v4.6.1, .NETFramework,Version=v4.6.2, .NETFramework,Version=v4.7, .NETFramework,Version=v4.7.1, .NETFramework,Version=v4.7.2, .NETFramework,Version=v4.8, .NETFramework,Version=v4.8.1' instead of the project target framework 'net8.0'. This package may not be fully compatible with your project.
C:\Users\ultra\warewolf\Dev\Dev2.Core\Dev2.Core.csproj : warning NU1701: Package 'TaskSchedulerEditor 2.10.1' was restored using '.NETFramework,Version=v4.6.1, .NETFramework,Version=v4.6.2, .NETFramework,Version=v4.7, .NETFramework,Version=v4.7.1, .NETFramework,Version=v4.7.2, .NETFramework,Version=v4.8, .NETFramework,Version=v4.8.1' instead of the project target framework 'net8.0'. This package may not be fully compatible with your project.
C:\Users\ultra\warewolf\Dev\Warewolf.Licensing\Warewolf.Licensing.csproj : warning NU1701: Package 'AeroWizard 2.3.1' was restored using '.NETFramework,Version=v4.6.1, .NETFramework,Version=v4.6.2, .NETFramework,Version=v4.7, .NETFramework,Version=v4.7.1, .NETFramework,Version=v4.7.2, .NETFramework,Version=v4.8, .NETFramework,Version=v4.8.1' instead of the project target framework 'net8.0'. This package may not be fully compatible with your project.
C:\Users\ultra\warewolf\Dev\Warewolf.Licensing\Warewolf.Licensing.csproj : warning NU1701: Package 'GroupControls 1.9.0' was restored using '.NETFramework,Version=v4.6.1, .NETFramework,Version=v4.6.2, .NETFramework,Version=v4.7, .NETFramework,Version=v4.7.1, .NETFramework,Version=v4.7.2, .NETFramework,Version=v4.8, .NETFramework,Version=v4.8.1' instead of the project target framework 'net8.0'. This package may not be fully compatible with your project.
C:\Users\ultra\warewolf\Dev\Warewolf.Licensing\Warewolf.Licensing.csproj : warning NU1701: Package 'TaskSchedulerEditor 2.10.1' was restored using '.NETFramework,Version=v4.6.1, .NETFramework,Version=v4.6.2, .NETFramework,Version=v4.7, .NETFramework,Version=v4.7.1, .NETFramework,Version=v4.7.2, .NETFramework,Version=v4.8, .NETFramework,Version=v4.8.1' instead of the project target framework 'net8.0'. This package may not be fully compatible with your project.
  Dev2.Net6.Compatibility -> C:\Users\ultra\warewolf\Dev\Dev2.Net6.Compatibility\bin\Debug\net8.0\Dev2.Net6.Compatibility.dll
C:\Users\ultra\warewolf\Dev\Dev2.SignalR.Wrappers.New\Dev2.SignalR.Wrappers.New.csproj : warning NU1701: Package 'AeroWizard 2.3.1' was restored using '.NETFramework,Version=v4.6.1, .NETFramework,Version=v4.6.2, .NETFramework,Version=v4.7, .NETFramework,Version=v4.7.1, .NETFramework,Version=v4.7.2, .NETFramework,Version=v4.8, .NETFramework,Version=v4.8.1' instead of the project target framework 'net8.0'. This package may not be fully compatible with your project.
C:\Users\ultra\warewolf\Dev\Dev2.SignalR.Wrappers.New\Dev2.SignalR.Wrappers.New.csproj : warning NU1701: Package 'GroupControls 1.9.0' was restored using '.NETFramework,Version=v4.6.1, .NETFramework,Version=v4.6.2, .NETFramework,Version=v4.7, .NETFramework,Version=v4.7.1, .NETFramework,Version=v4.7.2, .NETFramework,Version=v4.8, .NETFramework,Version=v4.8.1' instead of the project target framework 'net8.0'. This package may not be fully compatible with your project.
C:\Users\ultra\warewolf\Dev\Dev2.SignalR.Wrappers.New\Dev2.SignalR.Wrappers.New.csproj : warning NU1701: Package 'ReactiveUI.WPF 18.4.1' was restored using '.NETFramework,Version=v4.6.1, .NETFramework,Version=v4.6.2, .NETFramework,Version=v4.7, .NETFramework,Version=v4.7.1, .NETFramework,Version=v4.7.2, .NETFramework,Version=v4.8, .NETFramework,Version=v4.8.1' instead of the project target framework 'net8.0'. This package may not be fully compatible with your project.
C:\Users\ultra\warewolf\Dev\Dev2.SignalR.Wrappers.New\Dev2.SignalR.Wrappers.New.csproj : warning NU1701: Package 'TaskSchedulerEditor 2.10.1' was restored using '.NETFramework,Version=v4.6.1, .NETFramework,Version=v4.6.2, .NETFramework,Version=v4.7, .NETFramework,Version=v4.7.1, .NETFramework,Version=v4.7.2, .NETFramework,Version=v4.8, .NETFramework,Version=v4.8.1' instead of the project target framework 'net8.0'. This package may not be fully compatible with your project.
C:\Users\ultra\warewolf\Dev\Warewolf.Storage\Warewolf.Storage.csproj : warning NU1701: Package 'AeroWizard 2.3.1' was restored using '.NETFramework,Version=v4.6.1, .NETFramework,Version=v4.6.2, .NETFramework,Version=v4.7, .NETFramework,Version=v4.7.1, .NETFramework,Version=v4.7.2, .NETFramework,Version=v4.8, .NETFramework,Version=v4.8.1' instead of the project target framework 'net8.0'. This package may not be fully compatible with your project.
C:\Users\ultra\warewolf\Dev\Warewolf.Storage\Warewolf.Storage.csproj : warning NU1701: Package 'GroupControls 1.9.0' was restored using '.NETFramework,Version=v4.6.1, .NETFramework,Version=v4.6.2, .NETFramework,Version=v4.7, .NETFramework,Version=v4.7.1, .NETFramework,Version=v4.7.2, .NETFramework,Version=v4.8, .NETFramework,Version=v4.8.1' instead of the project target framework 'net8.0'. This package may not be fully compatible with your project.
C:\Users\ultra\warewolf\Dev\Warewolf.Storage\Warewolf.Storage.csproj : warning NU1701: Package 'ReactiveUI.WPF 18.4.1' was restored using '.NETFramework,Version=v4.6.1, .NETFramework,Version=v4.6.2, .NETFramework,Version=v4.7, .NETFramework,Version=v4.7.1, .NETFramework,Version=v4.7.2, .NETFramework,Version=v4.8, .NETFramework,Version=v4.8.1' instead of the project target framework 'net8.0'. This package may not be fully compatible with your project.
C:\Users\ultra\warewolf\Dev\Warewolf.Storage\Warewolf.Storage.csproj : warning NU1701: Package 'TaskSchedulerEditor 2.10.1' was restored using '.NETFramework,Version=v4.6.1, .NETFramework,Version=v4.6.2, .NETFramework,Version=v4.7, .NETFramework,Version=v4.7.1, .NETFramework,Version=v4.7.2, .NETFramework,Version=v4.8, .NETFramework,Version=v4.8.1' instead of the project target framework 'net8.0'. This package may not be fully compatible with your project.
C:\Users\ultra\warewolf\Dev\Dev2.Runtime.Configuration.Tests\Dev2.Runtime.Configuration.Tests.csproj : warning NU1701: Package 'AeroWizard 2.3.1' was restored using '.NETFramework,Version=v4.6.1, .NETFramework,Version=v4.6.2, .NETFramework,Version=v4.7, .NETFramework,Version=v4.7.1, .NETFramework,Version=v4.7.2, .NETFramework,Version=v4.8, .NETFramework,Version=v4.8.1' instead of the project target framework 'net8.0'. This package may not be fully compatible with your project.
C:\Users\ultra\warewolf\Dev\Dev2.Runtime.Configuration.Tests\Dev2.Runtime.Configuration.Tests.csproj : warning NU1701: Package 'GroupControls 1.9.0' was restored using '.NETFramework,Version=v4.6.1, .NETFramework,Version=v4.6.2, .NETFramework,Version=v4.7, .NETFramework,Version=v4.7.1, .NETFramework,Version=v4.7.2, .NETFramework,Version=v4.8, .NETFramework,Version=v4.8.1' instead of the project target framework 'net8.0'. This package may not be fully compatible with your project.
C:\Users\ultra\warewolf\Dev\Dev2.Runtime.Configuration.Tests\Dev2.Runtime.Configuration.Tests.csproj : warning NU1701: Package 'TaskSchedulerEditor 2.10.1' was restored using '.NETFramework,Version=v4.6.1, .NETFramework,Version=v4.6.2, .NETFramework,Version=v4.7, .NETFramework,Version=v4.7.1, .NETFramework,Version=v4.7.2, .NETFramework,Version=v4.8, .NETFramework,Version=v4.8.1' instead of the project target framework 'net8.0'. This package may not be fully compatible with your project.
C:\Users\ultra\warewolf\Dev\Warewolf.Studio.Themes.Luna\Warewolf.Studio.Themes.Luna.csproj : warning NU1701: Package 'AeroWizard 2.3.1' was restored using '.NETFramework,Version=v4.6.1, .NETFramework,Version=v4.6.2, .NETFramework,Version=v4.7, .NETFramework,Version=v4.7.1, .NETFramework,Version=v4.7.2, .NETFramework,Version=v4.8, .NETFramework,Version=v4.8.1' instead of the project target framework 'net8.0'. This package may not be fully compatible with your project.
C:\Users\ultra\warewolf\Dev\Warewolf.Studio.Themes.Luna\Warewolf.Studio.Themes.Luna.csproj : warning NU1701: Package 'GroupControls 1.9.0' was restored using '.NETFramework,Version=v4.6.1, .NETFramework,Version=v4.6.2, .NETFramework,Version=v4.7, .NETFramework,Version=v4.7.1, .NETFramework,Version=v4.7.2, .NETFramework,Version=v4.8, .NETFramework,Version=v4.8.1' instead of the project target framework 'net8.0'. This package may not be fully compatible with your project.
C:\Users\ultra\warewolf\Dev\Warewolf.Studio.Themes.Luna\Warewolf.Studio.Themes.Luna.csproj : warning NU1701: Package 'Microsoft.Xaml.Behaviors.Wpf 1.1.122' was restored using '.NETFramework,Version=v4.6.1, .NETFramework,Version=v4.6.2, .NETFramework,Version=v4.7, .NETFramework,Version=v4.7.1, .NETFramework,Version=v4.7.2, .NETFramework,Version=v4.8, .NETFramework,Version=v4.8.1' instead of the project target framework 'net8.0'. This package may not be fully compatible with your project.
C:\Users\ultra\warewolf\Dev\Warewolf.Studio.Themes.Luna\Warewolf.Studio.Themes.Luna.csproj : warning NU1701: Package 'Prism.Wpf 9.0.537' was restored using '.NETFramework,Version=v4.6.1, .NETFramework,Version=v4.6.2, .NETFramework,Version=v4.7, .NETFramework,Version=v4.7.1, .NETFramework,Version=v4.7.2, .NETFramework,Version=v4.8, .NETFramework,Version=v4.8.1' instead of the project target framework 'net8.0'. This package may not be fully compatible with your project.
C:\Users\ultra\warewolf\Dev\Warewolf.Studio.Themes.Luna\Warewolf.Studio.Themes.Luna.csproj : warning NU1701: Package 'ReactiveUI.WPF 18.4.1' was restored using '.NETFramework,Version=v4.6.1, .NETFramework,Version=v4.6.2, .NETFramework,Version=v4.7, .NETFramework,Version=v4.7.1, .NETFramework,Version=v4.7.2, .NETFramework,Version=v4.8, .NETFramework,Version=v4.8.1' instead of the project target framework 'net8.0'. This package may not be fully compatible with your project.
C:\Users\ultra\warewolf\Dev\Warewolf.Studio.Themes.Luna\Warewolf.Studio.Themes.Luna.csproj : warning NU1701: Package 'TaskSchedulerEditor 2.10.1' was restored using '.NETFramework,Version=v4.6.1, .NETFramework,Version=v4.6.2, .NETFramework,Version=v4.7, .NETFramework,Version=v4.7.1, .NETFramework,Version=v4.7.2, .NETFramework,Version=v4.8, .NETFramework,Version=v4.8.1' instead of the project target framework 'net8.0'. This package may not be fully compatible with your project.
C:\Users\ultra\warewolf\Dev\Warewolf.AI.Harness\Warewolf.AI.Harness.csproj : warning NU1701: Package 'AeroWizard 2.3.1' was restored using '.NETFramework,Version=v4.6.1, .NETFramework,Version=v4.6.2, .NETFramework,Version=v4.7, .NETFramework,Version=v4.7.1, .NETFramework,Version=v4.7.2, .NETFramework,Version=v4.8, .NETFramework,Version=v4.8.1' instead of the project target framework 'net8.0'. This package may not be fully compatible with your project.
C:\Users\ultra\warewolf\Dev\Warewolf.AI.Harness\Warewolf.AI.Harness.csproj : warning NU1701: Package 'GroupControls 1.9.0' was restored using '.NETFramework,Version=v4.6.1, .NETFramework,Version=v4.6.2, .NETFramework,Version=v4.7, .NETFramework,Version=v4.7.1, .NETFramework,Version=v4.7.2, .NETFramework,Version=v4.8, .NETFramework,Version=v4.8.1' instead of the project target framework 'net8.0'. This package may not be fully compatible with your project.
C:\Users\ultra\warewolf\Dev\Warewolf.AI.Harness\Warewolf.AI.Harness.csproj : warning NU1701: Package 'TaskSchedulerEditor 2.10.1' was restored using '.NETFramework,Version=v4.6.1, .NETFramework,Version=v4.6.2, .NETFramework,Version=v4.7, .NETFramework,Version=v4.7.1, .NETFramework,Version=v4.7.2, .NETFramework,Version=v4.8, .NETFramework,Version=v4.8.1' instead of the project target framework 'net8.0'. This package may not be fully compatible with your project.
C:\Users\ultra\warewolf\Dev\Dev2.Server\Dev2.Server.csproj : warning NU1903: Package 'Oracle.ManagedDataAccess.Core' 3.21.70 has a known high severity vulnerability, https://github.com/advisories/GHSA-5pm2-9mr2-3frq
C:\Users\ultra\warewolf\Dev\Dev2.Server\Dev2.Server.csproj : warning NU1701: Package 'AeroWizard 2.3.1' was restored using '.NETFramework,Version=v4.6.1, .NETFramework,Version=v4.6.2, .NETFramework,Version=v4.7, .NETFramework,Version=v4.7.1, .NETFramework,Version=v4.7.2, .NETFramework,Version=v4.8, .NETFramework,Version=v4.8.1' instead of the project target framework 'net8.0'. This package may not be fully compatible with your project.
C:\Users\ultra\warewolf\Dev\Dev2.Server\Dev2.Server.csproj : warning NU1701: Package 'GroupControls 1.9.0' was restored using '.NETFramework,Version=v4.6.1, .NETFramework,Version=v4.6.2, .NETFramework,Version=v4.7, .NETFramework,Version=v4.7.1, .NETFramework,Version=v4.7.2, .NETFramework,Version=v4.8, .NETFramework,Version=v4.8.1' instead of the project target framework 'net8.0'. This package may not be fully compatible with your project.
C:\Users\ultra\warewolf\Dev\Dev2.Server\Dev2.Server.csproj : warning NU1701: Package 'Microsoft.Xaml.Behaviors.Wpf 1.1.122' was restored using '.NETFramework,Version=v4.6.1, .NETFramework,Version=v4.6.2, .NETFramework,Version=v4.7, .NETFramework,Version=v4.7.1, .NETFramework,Version=v4.7.2, .NETFramework,Version=v4.8, .NETFramework,Version=v4.8.1' instead of the project target framework 'net8.0'. This package may not be fully compatible with your project.
C:\Users\ultra\warewolf\Dev\Dev2.Server\Dev2.Server.csproj : warning NU1701: Package 'Prism.Wpf 9.0.537' was restored using '.NETFramework,Version=v4.6.1, .NETFramework,Version=v4.6.2, .NETFramework,Version=v4.7, .NETFramework,Version=v4.7.1, .NETFramework,Version=v4.7.2, .NETFramework,Version=v4.8, .NETFramework,Version=v4.8.1' instead of the project target framework 'net8.0'. This package may not be fully compatible with your project.
C:\Users\ultra\warewolf\Dev\Dev2.Server\Dev2.Server.csproj : warning NU1701: Package 'ReactiveUI.WPF 18.4.1' was restored using '.NETFramework,Version=v4.6.1, .NETFramework,Version=v4.6.2, .NETFramework,Version=v4.7, .NETFramework,Version=v4.7.1, .NETFramework,Version=v4.7.2, .NETFramework,Version=v4.8, .NETFramework,Version=v4.8.1' instead of the project target framework 'net8.0'. This package may not be fully compatible with your project.
C:\Users\ultra\warewolf\Dev\Dev2.Server\Dev2.Server.csproj : warning NU1701: Package 'TaskSchedulerEditor 2.10.1' was restored using '.NETFramework,Version=v4.6.1, .NETFramework,Version=v4.6.2, .NETFramework,Version=v4.7, .NETFramework,Version=v4.7.1, .NETFramework,Version=v4.7.2, .NETFramework,Version=v4.8, .NETFramework,Version=v4.8.1' instead of the project target framework 'net8.0'. This package may not be fully compatible with your project.
C:\Users\ultra\warewolf\Dev\Warewolf.HangfireServer\Warewolf.HangfireServer.csproj : warning NU1903: Package 'Microsoft.Windows.Compatibility' 6.0.0 has a known high severity vulnerability, https://github.com/advisories/GHSA-555c-2p6r-68mm
C:\Users\ultra\warewolf\Dev\Warewolf.HangfireServer\Warewolf.HangfireServer.csproj : warning NU1701: Package 'AeroWizard 2.3.1' was restored using '.NETFramework,Version=v4.6.1, .NETFramework,Version=v4.6.2, .NETFramework,Version=v4.7, .NETFramework,Version=v4.7.1, .NETFramework,Version=v4.7.2, .NETFramework,Version=v4.8, .NETFramework,Version=v4.8.1' instead of the project target framework 'net8.0'. This package may not be fully compatible with your project.
C:\Users\ultra\warewolf\Dev\Warewolf.HangfireServer\Warewolf.HangfireServer.csproj : warning NU1701: Package 'GroupControls 1.9.0' was restored using '.NETFramework,Version=v4.6.1, .NETFramework,Version=v4.6.2, .NETFramework,Version=v4.7, .NETFramework,Version=v4.7.1, .NETFramework,Version=v4.7.2, .NETFramework,Version=v4.8, .NETFramework,Version=v4.8.1' instead of the project target framework 'net8.0'. This package may not be fully compatible with your project.
C:\Users\ultra\warewolf\Dev\Warewolf.HangfireServer\Warewolf.HangfireServer.csproj : warning NU1701: Package 'ReactiveUI.WPF 18.4.1' was restored using '.NETFramework,Version=v4.6.1, .NETFramework,Version=v4.6.2, .NETFramework,Version=v4.7, .NETFramework,Version=v4.7.1, .NETFramework,Version=v4.7.2, .NETFramework,Version=v4.8, .NETFramework,Version=v4.8.1' instead of the project target framework 'net8.0'. This package may not be fully compatible with your project.
C:\Users\ultra\warewolf\Dev\Warewolf.HangfireServer\Warewolf.HangfireServer.csproj : warning NU1701: Package 'TaskSchedulerEditor 2.10.1' was restored using '.NETFramework,Version=v4.6.1, .NETFramework,Version=v4.6.2, .NETFramework,Version=v4.7, .NETFramework,Version=v4.7.1, .NETFramework,Version=v4.7.2, .NETFramework,Version=v4.8, .NETFramework,Version=v4.8.1' instead of the project target framework 'net8.0'. This package may not be fully compatible with your project.
C:\Users\ultra\warewolf\Dev\Warewolf.Common.Framework48\Warewolf.Common.Framework48.csproj : warning NU1902: Package 'System.IdentityModel.Tokens.Jwt' 5.1.0 has a known moderate severity vulnerability, https://github.com/advisories/GHSA-59j7-ghrg-fj52
C:\Users\ultra\warewolf\Dev\Warewolf.Common.Framework48\Warewolf.Common.Framework48.csproj : warning NU1701: Package 'AeroWizard 2.3.1' was restored using '.NETFramework,Version=v4.6.1, .NETFramework,Version=v4.6.2, .NETFramework,Version=v4.7, .NETFramework,Version=v4.7.1, .NETFramework,Version=v4.7.2, .NETFramework,Version=v4.8, .NETFramework,Version=v4.8.1' instead of the project target framework 'net8.0'. This package may not be fully compatible with your project.
C:\Users\ultra\warewolf\Dev\Warewolf.Common.Framework48\Warewolf.Common.Framework48.csproj : warning NU1701: Package 'GroupControls 1.9.0' was restored using '.NETFramework,Version=v4.6.1, .NETFramework,Version=v4.6.2, .NETFramework,Version=v4.7, .NETFramework,Version=v4.7.1, .NETFramework,Version=v4.7.2, .NETFramework,Version=v4.8, .NETFramework,Version=v4.8.1' instead of the project target framework 'net8.0'. This package may not be fully compatible with your project.
C:\Users\ultra\warewolf\Dev\Warewolf.Common.Framework48\Warewolf.Common.Framework48.csproj : warning NU1701: Package 'Microsoft.Xaml.Behaviors.Wpf 1.1.122' was restored using '.NETFramework,Version=v4.6.1, .NETFramework,Version=v4.6.2, .NETFramework,Version=v4.7, .NETFramework,Version=v4.7.1, .NETFramework,Version=v4.7.2, .NETFramework,Version=v4.8, .NETFramework,Version=v4.8.1' instead of the project target framework 'net8.0'. This package may not be fully compatible with your project.
C:\Users\ultra\warewolf\Dev\Warewolf.Common.Framework48\Warewolf.Common.Framework48.csproj : warning NU1701: Package 'Prism.Wpf 9.0.537' was restored using '.NETFramework,Version=v4.6.1, .NETFramework,Version=v4.6.2, .NETFramework,Version=v4.7, .NETFramework,Version=v4.7.1, .NETFramework,Version=v4.7.2, .NETFramework,Version=v4.8, .NETFramework,Version=v4.8.1' instead of the project target framework 'net8.0'. This package may not be fully compatible with your project.
C:\Users\ultra\warewolf\Dev\Warewolf.Common.Framework48\Warewolf.Common.Framework48.csproj : warning NU1701: Package 'ReactiveUI.WPF 18.4.1' was restored using '.NETFramework,Version=v4.6.1, .NETFramework,Version=v4.6.2, .NETFramework,Version=v4.7, .NETFramework,Version=v4.7.1, .NETFramework,Version=v4.7.2, .NETFramework,Version=v4.8, .NETFramework,Version=v4.8.1' instead of the project target framework 'net8.0'. This package may not be fully compatible with your project.
C:\Users\ultra\warewolf\Dev\Warewolf.Common.Framework48\Warewolf.Common.Framework48.csproj : warning NU1701: Package 'TaskSchedulerEditor 2.10.1' was restored using '.NETFramework,Version=v4.6.1, .NETFramework,Version=v4.6.2, .NETFramework,Version=v4.7, .NETFramework,Version=v4.7.1, .NETFramework,Version=v4.7.2, .NETFramework,Version=v4.8, .NETFramework,Version=v4.8.1' instead of the project target framework 'net8.0'. This package may not be fully compatible with your project.
C:\Users\ultra\warewolf\Dev\Warewolf.QueueWorker\Warewolf.QueueWorker.csproj : warning NU1701: Package 'AeroWizard 2.3.1' was restored using '.NETFramework,Version=v4.6.1, .NETFramework,Version=v4.6.2, .NETFramework,Version=v4.7, .NETFramework,Version=v4.7.1, .NETFramework,Version=v4.7.2, .NETFramework,Version=v4.8, .NETFramework,Version=v4.8.1' instead of the project target framework 'net8.0'. This package may not be fully compatible with your project.
C:\Users\ultra\warewolf\Dev\Warewolf.QueueWorker\Warewolf.QueueWorker.csproj : warning NU1701: Package 'GroupControls 1.9.0' was restored using '.NETFramework,Version=v4.6.1, .NETFramework,Version=v4.6.2, .NETFramework,Version=v4.7, .NETFramework,Version=v4.7.1, .NETFramework,Version=v4.7.2, .NETFramework,Version=v4.8, .NETFramework,Version=v4.8.1' instead of the project target framework 'net8.0'. This package may not be fully compatible with your project.
C:\Users\ultra\warewolf\Dev\Warewolf.QueueWorker\Warewolf.QueueWorker.csproj : warning NU1701: Package 'Microsoft.Xaml.Behaviors.Wpf 1.1.122' was restored using '.NETFramework,Version=v4.6.1, .NETFramework,Version=v4.6.2, .NETFramework,Version=v4.7, .NETFramework,Version=v4.7.1, .NETFramework,Version=v4.7.2, .NETFramework,Version=v4.8, .NETFramework,Version=v4.8.1' instead of the project target framework 'net8.0'. This package may not be fully compatible with your project.
C:\Users\ultra\warewolf\Dev\Warewolf.QueueWorker\Warewolf.QueueWorker.csproj : warning NU1701: Package 'Prism.Wpf 9.0.537' was restored using '.NETFramework,Version=v4.6.1, .NETFramework,Version=v4.6.2, .NETFramework,Version=v4.7, .NETFramework,Version=v4.7.1, .NETFramework,Version=v4.7.2, .NETFramework,Version=v4.8, .NETFramework,Version=v4.8.1' instead of the project target framework 'net8.0'. This package may not be fully compatible with your project.
C:\Users\ultra\warewolf\Dev\Warewolf.QueueWorker\Warewolf.QueueWorker.csproj : warning NU1701: Package 'ReactiveUI.WPF 18.4.1' was restored using '.NETFramework,Version=v4.6.1, .NETFramework,Version=v4.6.2, .NETFramework,Version=v4.7, .NETFramework,Version=v4.7.1, .NETFramework,Version=v4.7.2, .NETFramework,Version=v4.8, .NETFramework,Version=v4.8.1' instead of the project target framework 'net8.0'. This package may not be fully compatible with your project.
C:\Users\ultra\warewolf\Dev\Warewolf.QueueWorker\Warewolf.QueueWorker.csproj : warning NU1701: Package 'TaskSchedulerEditor 2.10.1' was restored using '.NETFramework,Version=v4.6.1, .NETFramework,Version=v4.6.2, .NETFramework,Version=v4.7, .NETFramework,Version=v4.7.1, .NETFramework,Version=v4.7.2, .NETFramework,Version=v4.8, .NETFramework,Version=v4.8.1' instead of the project target framework 'net8.0'. This package may not be fully compatible with your project.
C:\Users\ultra\warewolf\Dev\Warewolf.PerfMon\Warewolf.PerfMon.csproj : warning NU1701: Package 'AeroWizard 2.3.1' was restored using '.NETFramework,Version=v4.6.1, .NETFramework,Version=v4.6.2, .NETFramework,Version=v4.7, .NETFramework,Version=v4.7.1, .NETFramework,Version=v4.7.2, .NETFramework,Version=v4.8, .NETFramework,Version=v4.8.1' instead of the project target framework 'net8.0'. This package may not be fully compatible with your project.
C:\Users\ultra\warewolf\Dev\Warewolf.PerfMon\Warewolf.PerfMon.csproj : warning NU1701: Package 'GroupControls 1.9.0' was restored using '.NETFramework,Version=v4.6.1, .NETFramework,Version=v4.6.2, .NETFramework,Version=v4.7, .NETFramework,Version=v4.7.1, .NETFramework,Version=v4.7.2, .NETFramework,Version=v4.8, .NETFramework,Version=v4.8.1' instead of the project target framework 'net8.0'. This package may not be fully compatible with your project.
C:\Users\ultra\warewolf\Dev\Warewolf.PerfMon\Warewolf.PerfMon.csproj : warning NU1701: Package 'ReactiveUI.WPF 18.4.1' was restored using '.NETFramework,Version=v4.6.1, .NETFramework,Version=v4.6.2, .NETFramework,Version=v4.7, .NETFramework,Version=v4.7.1, .NETFramework,Version=v4.7.2, .NETFramework,Version=v4.8, .NETFramework,Version=v4.8.1' instead of the project target framework 'net8.0'. This package may not be fully compatible with your project.
C:\Users\ultra\warewolf\Dev\Warewolf.PerfMon\Warewolf.PerfMon.csproj : warning NU1701: Package 'TaskSchedulerEditor 2.10.1' was restored using '.NETFramework,Version=v4.6.1, .NETFramework,Version=v4.6.2, .NETFramework,Version=v4.7, .NETFramework,Version=v4.7.1, .NETFramework,Version=v4.7.2, .NETFramework,Version=v4.8, .NETFramework,Version=v4.8.1' instead of the project target framework 'net8.0'. This package may not be fully compatible with your project.
C:\Users\ultra\warewolf\Dev\Warewolf.Logger\Warewolf.Logger.csproj : warning NU1701: Package 'AeroWizard 2.3.1' was restored using '.NETFramework,Version=v4.6.1, .NETFramework,Version=v4.6.2, .NETFramework,Version=v4.7, .NETFramework,Version=v4.7.1, .NETFramework,Version=v4.7.2, .NETFramework,Version=v4.8, .NETFramework,Version=v4.8.1' instead of the project target framework 'net8.0'. This package may not be fully compatible with your project.
C:\Users\ultra\warewolf\Dev\Warewolf.Logger\Warewolf.Logger.csproj : warning NU1701: Package 'GroupControls 1.9.0' was restored using '.NETFramework,Version=v4.6.1, .NETFramework,Version=v4.6.2, .NETFramework,Version=v4.7, .NETFramework,Version=v4.7.1, .NETFramework,Version=v4.7.2, .NETFramework,Version=v4.8, .NETFramework,Version=v4.8.1' instead of the project target framework 'net8.0'. This package may not be fully compatible with your project.
C:\Users\ultra\warewolf\Dev\Warewolf.Logger\Warewolf.Logger.csproj : warning NU1701: Package 'Microsoft.Xaml.Behaviors.Wpf 1.1.122' was restored using '.NETFramework,Version=v4.6.1, .NETFramework,Version=v4.6.2, .NETFramework,Version=v4.7, .NETFramework,Version=v4.7.1, .NETFramework,Version=v4.7.2, .NETFramework,Version=v4.8, .NETFramework,Version=v4.8.1' instead of the project target framework 'net8.0'. This package may not be fully compatible with your project.
C:\Users\ultra\warewolf\Dev\Warewolf.Logger\Warewolf.Logger.csproj : warning NU1701: Package 'Prism.Wpf 9.0.537' was restored using '.NETFramework,Version=v4.6.1, .NETFramework,Version=v4.6.2, .NETFramework,Version=v4.7, .NETFramework,Version=v4.7.1, .NETFramework,Version=v4.7.2, .NETFramework,Version=v4.8, .NETFramework,Version=v4.8.1' instead of the project target framework 'net8.0'. This package may not be fully compatible with your project.
C:\Users\ultra\warewolf\Dev\Warewolf.Logger\Warewolf.Logger.csproj : warning NU1701: Package 'ReactiveUI.WPF 18.4.1' was restored using '.NETFramework,Version=v4.6.1, .NETFramework,Version=v4.6.2, .NETFramework,Version=v4.7, .NETFramework,Version=v4.7.1, .NETFramework,Version=v4.7.2, .NETFramework,Version=v4.8, .NETFramework,Version=v4.8.1' instead of the project target framework 'net8.0'. This package may not be fully compatible with your project.
C:\Users\ultra\warewolf\Dev\Warewolf.Logger\Warewolf.Logger.csproj : warning NU1701: Package 'TaskSchedulerEditor 2.10.1' was restored using '.NETFramework,Version=v4.6.1, .NETFramework,Version=v4.6.2, .NETFramework,Version=v4.7, .NETFramework,Version=v4.7.1, .NETFramework,Version=v4.7.2, .NETFramework,Version=v4.8, .NETFramework,Version=v4.8.1' instead of the project target framework 'net8.0'. This package may not be fully compatible with your project.
C:\Users\ultra\warewolf\Dev\Warewolf.Studio.AntiCorruptionLayer\Warewolf.Studio.AntiCorruptionLayer.csproj : warning NU1701: Package 'AeroWizard 2.3.1' was restored using '.NETFramework,Version=v4.6.1, .NETFramework,Version=v4.6.2, .NETFramework,Version=v4.7, .NETFramework,Version=v4.7.1, .NETFramework,Version=v4.7.2, .NETFramework,Version=v4.8, .NETFramework,Version=v4.8.1' instead of the project target framework 'net8.0'. This package may not be fully compatible with your project.
C:\Users\ultra\warewolf\Dev\Warewolf.Studio.AntiCorruptionLayer\Warewolf.Studio.AntiCorruptionLayer.csproj : warning NU1701: Package 'GroupControls 1.9.0' was restored using '.NETFramework,Version=v4.6.1, .NETFramework,Version=v4.6.2, .NETFramework,Version=v4.7, .NETFramework,Version=v4.7.1, .NETFramework,Version=v4.7.2, .NETFramework,Version=v4.8, .NETFramework,Version=v4.8.1' instead of the project target framework 'net8.0'. This package may not be fully compatible with your project.
C:\Users\ultra\warewolf\Dev\Warewolf.Studio.AntiCorruptionLayer\Warewolf.Studio.AntiCorruptionLayer.csproj : warning NU1701: Package 'Microsoft.Xaml.Behaviors.Wpf 1.1.122' was restored using '.NETFramework,Version=v4.6.1, .NETFramework,Version=v4.6.2, .NETFramework,Version=v4.7, .NETFramework,Version=v4.7.1, .NETFramework,Version=v4.7.2, .NETFramework,Version=v4.8, .NETFramework,Version=v4.8.1' instead of the project target framework 'net8.0'. This package may not be fully compatible with your project.
C:\Users\ultra\warewolf\Dev\Warewolf.Studio.AntiCorruptionLayer\Warewolf.Studio.AntiCorruptionLayer.csproj : warning NU1701: Package 'Prism.Wpf 9.0.537' was restored using '.NETFramework,Version=v4.6.1, .NETFramework,Version=v4.6.2, .NETFramework,Version=v4.7, .NETFramework,Version=v4.7.1, .NETFramework,Version=v4.7.2, .NETFramework,Version=v4.8, .NETFramework,Version=v4.8.1' instead of the project target framework 'net8.0'. This package may not be fully compatible with your project.
C:\Users\ultra\warewolf\Dev\Warewolf.Studio.AntiCorruptionLayer\Warewolf.Studio.AntiCorruptionLayer.csproj : warning NU1701: Package 'ReactiveUI.WPF 18.4.1' was restored using '.NETFramework,Version=v4.6.1, .NETFramework,Version=v4.6.2, .NETFramework,Version=v4.7, .NETFramework,Version=v4.7.1, .NETFramework,Version=v4.7.2, .NETFramework,Version=v4.8, .NETFramework,Version=v4.8.1' instead of the project target framework 'net8.0'. This package may not be fully compatible with your project.
C:\Users\ultra\warewolf\Dev\Warewolf.Studio.AntiCorruptionLayer\Warewolf.Studio.AntiCorruptionLayer.csproj : warning NU1701: Package 'TaskSchedulerEditor 2.10.1' was restored using '.NETFramework,Version=v4.6.1, .NETFramework,Version=v4.6.2, .NETFramework,Version=v4.7, .NETFramework,Version=v4.7.1, .NETFramework,Version=v4.7.2, .NETFramework,Version=v4.8, .NETFramework,Version=v4.8.1' instead of the project target framework 'net8.0'. This package may not be fully compatible with your project.
  Warewolf.Weave -> C:\Users\ultra\warewolf\Dev\Warewolf.Weave\bin\Debug\net8.0\Warewolf.Weave.dll
C:\Users\ultra\warewolf\Dev\Warewolf.Sharepoint\Warewolf.Sharepoint.csproj : warning NU1701: Package 'AeroWizard 2.3.1' was restored using '.NETFramework,Version=v4.6.1, .NETFramework,Version=v4.6.2, .NETFramework,Version=v4.7, .NETFramework,Version=v4.7.1, .NETFramework,Version=v4.7.2, .NETFramework,Version=v4.8, .NETFramework,Version=v4.8.1' instead of the project target framework 'net8.0'. This package may not be fully compatible with your project.
C:\Users\ultra\warewolf\Dev\Warewolf.Sharepoint\Warewolf.Sharepoint.csproj : warning NU1701: Package 'GroupControls 1.9.0' was restored using '.NETFramework,Version=v4.6.1, .NETFramework,Version=v4.6.2, .NETFramework,Version=v4.7, .NETFramework,Version=v4.7.1, .NETFramework,Version=v4.7.2, .NETFramework,Version=v4.8, .NETFramework,Version=v4.8.1' instead of the project target framework 'net8.0'. This package may not be fully compatible with your project.
C:\Users\ultra\warewolf\Dev\Warewolf.Sharepoint\Warewolf.Sharepoint.csproj : warning NU1701: Package 'ReactiveUI.WPF 18.4.1' was restored using '.NETFramework,Version=v4.6.1, .NETFramework,Version=v4.6.2, .NETFramework,Version=v4.7, .NETFramework,Version=v4.7.1, .NETFramework,Version=v4.7.2, .NETFramework,Version=v4.8, .NETFramework,Version=v4.8.1' instead of the project target framework 'net8.0'. This package may not be fully compatible with your project.
C:\Users\ultra\warewolf\Dev\Warewolf.Sharepoint\Warewolf.Sharepoint.csproj : warning NU1701: Package 'TaskSchedulerEditor 2.10.1' was restored using '.NETFramework,Version=v4.6.1, .NETFramework,Version=v4.6.2, .NETFramework,Version=v4.7, .NETFramework,Version=v4.7.1, .NETFramework,Version=v4.7.2, .NETFramework,Version=v4.8, .NETFramework,Version=v4.8.1' instead of the project target framework 'net8.0'. This package may not be fully compatible with your project.
C:\Users\ultra\warewolf\Dev\Warewolf.Security\Encryption\AESThenHMAC.cs(168,34): warning SYSLIB0021: 'AesManaged' is obsolete: 'Derived cryptographic types are obsolete. Use the Create method on the base type instead.' (https://aka.ms/dotnet-warnings/SYSLIB0021) [C:\Users\ultra\warewolf\Dev\Warewolf.Security\Warewolf.Security.csproj]
C:\Users\ultra\warewolf\Dev\Warewolf.Security\Encryption\AESThenHMAC.cs(264,38): warning SYSLIB0021: 'AesManaged' is obsolete: 'Derived cryptographic types are obsolete. Use the Create method on the base type instead.' (https://aka.ms/dotnet-warnings/SYSLIB0021) [C:\Users\ultra\warewolf\Dev\Warewolf.Security\Warewolf.Security.csproj]
C:\Users\ultra\warewolf\Dev\Warewolf.Security\Encryption\AESThenHMAC.cs(331,36): warning SYSLIB0041: 'Rfc2898DeriveBytes.Rfc2898DeriveBytes(string, int, int)' is obsolete: 'The default hash algorithm and iteration counts in Rfc2898DeriveBytes constructors are outdated and insecure. Use a constructor that accepts the hash algorithm and the number of iterations.' (https://aka.ms/dotnet-warnings/SYSLIB0041) [C:\Users\ultra\warewolf\Dev\Warewolf.Security\Warewolf.Security.csproj]
C:\Users\ultra\warewolf\Dev\Warewolf.Security\Encryption\AESThenHMAC.cs(345,36): warning SYSLIB0041: 'Rfc2898DeriveBytes.Rfc2898DeriveBytes(string, int, int)' is obsolete: 'The default hash algorithm and iteration counts in Rfc2898DeriveBytes constructors are outdated and insecure. Use a constructor that accepts the hash algorithm and the number of iterations.' (https://aka.ms/dotnet-warnings/SYSLIB0041) [C:\Users\ultra\warewolf\Dev\Warewolf.Security\Warewolf.Security.csproj]
C:\Users\ultra\warewolf\Dev\Warewolf.Security\Encryption\AESThenHMAC.cs(393,36): warning SYSLIB0041: 'Rfc2898DeriveBytes.Rfc2898DeriveBytes(string, byte[], int)' is obsolete: 'The default hash algorithm and iteration counts in Rfc2898DeriveBytes constructors are outdated and insecure. Use a constructor that accepts the hash algorithm and the number of iterations.' (https://aka.ms/dotnet-warnings/SYSLIB0041) [C:\Users\ultra\warewolf\Dev\Warewolf.Security\Warewolf.Security.csproj]
C:\Users\ultra\warewolf\Dev\Warewolf.Security\Encryption\AESThenHMAC.cs(398,36): warning SYSLIB0041: 'Rfc2898DeriveBytes.Rfc2898DeriveBytes(string, byte[], int)' is obsolete: 'The default hash algorithm and iteration counts in Rfc2898DeriveBytes constructors are outdated and insecure. Use a constructor that accepts the hash algorithm and the number of iterations.' (https://aka.ms/dotnet-warnings/SYSLIB0041) [C:\Users\ultra\warewolf\Dev\Warewolf.Security\Warewolf.Security.csproj]
  Warewolf.Security -> C:\Users\ultra\warewolf\Dev\Warewolf.Security\bin\Debug\net8.0\Warewolf.Security.dll
C:\Users\ultra\warewolf\Dev\Dev2.Util\Dev2.Util.csproj : warning NU1903: Package 'Microsoft.Windows.Compatibility' 6.0.0 has a known high severity vulnerability, https://github.com/advisories/GHSA-555c-2p6r-68mm
C:\Users\ultra\warewolf\Dev\Dev2.Util\Dev2.Util.csproj : warning NU1701: Package 'AeroWizard 2.3.1' was restored using '.NETFramework,Version=v4.6.1, .NETFramework,Version=v4.6.2, .NETFramework,Version=v4.7, .NETFramework,Version=v4.7.1, .NETFramework,Version=v4.7.2, .NETFramework,Version=v4.8, .NETFramework,Version=v4.8.1' instead of the project target framework 'net8.0'. This package may not be fully compatible with your project.
C:\Users\ultra\warewolf\Dev\Dev2.Util\Dev2.Util.csproj : warning NU1701: Package 'GroupControls 1.9.0' was restored using '.NETFramework,Version=v4.6.1, .NETFramework,Version=v4.6.2, .NETFramework,Version=v4.7, .NETFramework,Version=v4.7.1, .NETFramework,Version=v4.7.2, .NETFramework,Version=v4.8, .NETFramework,Version=v4.8.1' instead of the project target framework 'net8.0'. This package may not be fully compatible with your project.
C:\Users\ultra\warewolf\Dev\Dev2.Util\Dev2.Util.csproj : warning NU1701: Package 'TaskSchedulerEditor 2.10.1' was restored using '.NETFramework,Version=v4.6.1, .NETFramework,Version=v4.6.2, .NETFramework,Version=v4.7, .NETFramework,Version=v4.7.1, .NETFramework,Version=v4.7.2, .NETFramework,Version=v4.8, .NETFramework,Version=v4.8.1' instead of the project target framework 'net8.0'. This package may not be fully compatible with your project.
  Warewolf.ServiceDefinitions -> C:\Users\ultra\warewolf\Dev\Warewolf.ServiceDefinitions\bin\Debug\net8.0\Warewolf.ServiceDefinitions.dll
C:\Users\ultra\warewolf\Dev\Warewolf.Trigger.Queue\Warewolf.Trigger.Queue.csproj : warning NU1701: Package 'AeroWizard 2.3.1' was restored using '.NETFramework,Version=v4.6.1, .NETFramework,Version=v4.6.2, .NETFramework,Version=v4.7, .NETFramework,Version=v4.7.1, .NETFramework,Version=v4.7.2, .NETFramework,Version=v4.8, .NETFramework,Version=v4.8.1' instead of the project target framework 'net8.0'. This package may not be fully compatible with your project.
C:\Users\ultra\warewolf\Dev\Warewolf.Trigger.Queue\Warewolf.Trigger.Queue.csproj : warning NU1701: Package 'GroupControls 1.9.0' was restored using '.NETFramework,Version=v4.6.1, .NETFramework,Version=v4.6.2, .NETFramework,Version=v4.7, .NETFramework,Version=v4.7.1, .NETFramework,Version=v4.7.2, .NETFramework,Version=v4.8, .NETFramework,Version=v4.8.1' instead of the project target framework 'net8.0'. This package may not be fully compatible with your project.
C:\Users\ultra\warewolf\Dev\Warewolf.Trigger.Queue\Warewolf.Trigger.Queue.csproj : warning NU1701: Package 'Microsoft.Xaml.Behaviors.Wpf 1.1.122' was restored using '.NETFramework,Version=v4.6.1, .NETFramework,Version=v4.6.2, .NETFramework,Version=v4.7, .NETFramework,Version=v4.7.1, .NETFramework,Version=v4.7.2, .NETFramework,Version=v4.8, .NETFramework,Version=v4.8.1' instead of the project target framework 'net8.0'. This package may not be fully compatible with your project.
C:\Users\ultra\warewolf\Dev\Warewolf.Trigger.Queue\Warewolf.Trigger.Queue.csproj : warning NU1701: Package 'Prism.Wpf 9.0.537' was restored using '.NETFramework,Version=v4.6.1, .NETFramework,Version=v4.6.2, .NETFramework,Version=v4.7, .NETFramework,Version=v4.7.1, .NETFramework,Version=v4.7.2, .NETFramework,Version=v4.8, .NETFramework,Version=v4.8.1' instead of the project target framework 'net8.0'. This package may not be fully compatible with your project.
C:\Users\ultra\warewolf\Dev\Warewolf.Trigger.Queue\Warewolf.Trigger.Queue.csproj : warning NU1701: Package 'ReactiveUI.WPF 18.4.1' was restored using '.NETFramework,Version=v4.6.1, .NETFramework,Version=v4.6.2, .NETFramework,Version=v4.7, .NETFramework,Version=v4.7.1, .NETFramework,Version=v4.7.2, .NETFramework,Version=v4.8, .NETFramework,Version=v4.8.1' instead of the project target framework 'net8.0'. This package may not be fully compatible with your project.
C:\Users\ultra\warewolf\Dev\Warewolf.Trigger.Queue\Warewolf.Trigger.Queue.csproj : warning NU1701: Package 'TaskSchedulerEditor 2.10.1' was restored using '.NETFramework,Version=v4.6.1, .NETFramework,Version=v4.6.2, .NETFramework,Version=v4.7, .NETFramework,Version=v4.7.1, .NETFramework,Version=v4.7.2, .NETFramework,Version=v4.8, .NETFramework,Version=v4.8.1' instead of the project target framework 'net8.0'. This package may not be fully compatible with your project.
C:\Users\ultra\warewolf\Dev\Warewolf.Interfaces\Data\ChatbotSettingsData.cs(20,23): warning CS0169: The field 'ChatbotSettingsData._encryptDataSource' is never used [C:\Users\ultra\warewolf\Dev\Warewolf.Interfaces\Warewolf.Interfaces.csproj]
C:\Users\ultra\warewolf\Dev\Warewolf.Interfaces\Auditing\SerializableException.cs(15,7): warning CS0414: The field 'SerializableException.HResult' is assigned but its value is never used [C:\Users\ultra\warewolf\Dev\Warewolf.Interfaces\Warewolf.Interfaces.csproj]
  Log4Net.Async -> C:\Users\ultra\warewolf\Dev\Log4Net.Async\bin\Debug\net8.0\Log4Net.Async.dll
  Warewolf.Interfaces -> C:\Users\ultra\warewolf\Dev\Warewolf.Interfaces\bin\Debug\net8.0\Warewolf.Interfaces.dll
C:\Users\ultra\warewolf\Dev\Dev2.Development.Languages\Dev2.Development.Languages.csproj : warning NU1701: Package 'AeroWizard 2.3.1' was restored using '.NETFramework,Version=v4.6.1, .NETFramework,Version=v4.6.2, .NETFramework,Version=v4.7, .NETFramework,Version=v4.7.1, .NETFramework,Version=v4.7.2, .NETFramework,Version=v4.8, .NETFramework,Version=v4.8.1' instead of the project target framework 'net8.0'. This package may not be fully compatible with your project.
C:\Users\ultra\warewolf\Dev\Dev2.Development.Languages\Dev2.Development.Languages.csproj : warning NU1701: Package 'GroupControls 1.9.0' was restored using '.NETFramework,Version=v4.6.1, .NETFramework,Version=v4.6.2, .NETFramework,Version=v4.7, .NETFramework,Version=v4.7.1, .NETFramework,Version=v4.7.2, .NETFramework,Version=v4.8, .NETFramework,Version=v4.8.1' instead of the project target framework 'net8.0'. This package may not be fully compatible with your project.
C:\Users\ultra\warewolf\Dev\Dev2.Development.Languages\Dev2.Development.Languages.csproj : warning NU1701: Package 'TaskSchedulerEditor 2.10.1' was restored using '.NETFramework,Version=v4.6.1, .NETFramework,Version=v4.6.2, .NETFramework,Version=v4.7, .NETFramework,Version=v4.7.1, .NETFramework,Version=v4.7.2, .NETFramework,Version=v4.8, .NETFramework,Version=v4.8.1' instead of the project target framework 'net8.0'. This package may not be fully compatible with your project.
  Warewolf.Resource -> C:\Users\ultra\warewolf\Dev\Warewolf.Resource\bin\Debug\net8.0\Warewolf.Resource.dll
C:\Program Files\dotnet\sdk\10.0.201\Sdks\Microsoft.NET.Sdk\targets\Microsoft.NET.Sdk.DefaultItems.targets(162,5): warning NETSDK1137: It is no longer necessary to use the Microsoft.NET.Sdk.WindowsDesktop SDK. Consider changing the Sdk attribute of the root Project element to 'Microsoft.NET.Sdk'. [C:\Users\ultra\warewolf\Dev\Warewolf.UI\Warewolf.UI.csproj]
C:\Program Files\dotnet\sdk\10.0.201\Sdks\Microsoft.NET.Sdk.WindowsDesktop\targets\Microsoft.NET.Sdk.WindowsDesktop.targets(138,5): warning NETSDK1106: Microsoft.NET.Sdk.WindowsDesktop requires 'UseWpf' or 'UseWindowsForms' to be set to 'true' [C:\Users\ultra\warewolf\Dev\Warewolf.UI\Warewolf.UI.csproj]
C:\Users\ultra\warewolf\Dev\Warewolf.UI\Warewolf.UI.csproj : warning NU1701: Package 'AeroWizard 2.3.1' was restored using '.NETFramework,Version=v4.6.1, .NETFramework,Version=v4.6.2, .NETFramework,Version=v4.7, .NETFramework,Version=v4.7.1, .NETFramework,Version=v4.7.2, .NETFramework,Version=v4.8, .NETFramework,Version=v4.8.1' instead of the project target framework 'net8.0'. This package may not be fully compatible with your project.
C:\Users\ultra\warewolf\Dev\Warewolf.UI\Warewolf.UI.csproj : warning NU1701: Package 'GroupControls 1.9.0' was restored using '.NETFramework,Version=v4.6.1, .NETFramework,Version=v4.6.2, .NETFramework,Version=v4.7, .NETFramework,Version=v4.7.1, .NETFramework,Version=v4.7.2, .NETFramework,Version=v4.8, .NETFramework,Version=v4.8.1' instead of the project target framework 'net8.0'. This package may not be fully compatible with your project.
C:\Users\ultra\warewolf\Dev\Warewolf.UI\Warewolf.UI.csproj : warning NU1701: Package 'Microsoft.Xaml.Behaviors.Wpf 1.1.122' was restored using '.NETFramework,Version=v4.6.1, .NETFramework,Version=v4.6.2, .NETFramework,Version=v4.7, .NETFramework,Version=v4.7.1, .NETFramework,Version=v4.7.2, .NETFramework,Version=v4.8, .NETFramework,Version=v4.8.1' instead of the project target framework 'net8.0'. This package may not be fully compatible with your project.
C:\Users\ultra\warewolf\Dev\Warewolf.UI\Warewolf.UI.csproj : warning NU1701: Package 'Prism.Wpf 9.0.537' was restored using '.NETFramework,Version=v4.6.1, .NETFramework,Version=v4.6.2, .NETFramework,Version=v4.7, .NETFramework,Version=v4.7.1, .NETFramework,Version=v4.7.2, .NETFramework,Version=v4.8, .NETFramework,Version=v4.8.1' instead of the project target framework 'net8.0'. This package may not be fully compatible with your project.
C:\Users\ultra\warewolf\Dev\Warewolf.UI\Warewolf.UI.csproj : warning NU1701: Package 'ReactiveUI.WPF 18.4.1' was restored using '.NETFramework,Version=v4.6.1, .NETFramework,Version=v4.6.2, .NETFramework,Version=v4.7, .NETFramework,Version=v4.7.1, .NETFramework,Version=v4.7.2, .NETFramework,Version=v4.8, .NETFramework,Version=v4.8.1' instead of the project target framework 'net8.0'. This package may not be fully compatible with your project.
C:\Users\ultra\warewolf\Dev\Warewolf.UI\Warewolf.UI.csproj : warning NU1701: Package 'TaskSchedulerEditor 2.10.1' was restored using '.NETFramework,Version=v4.6.1, .NETFramework,Version=v4.6.2, .NETFramework,Version=v4.7, .NETFramework,Version=v4.7.1, .NETFramework,Version=v4.7.2, .NETFramework,Version=v4.8, .NETFramework,Version=v4.8.1' instead of the project target framework 'net8.0'. This package may not be fully compatible with your project.
C:\Users\ultra\warewolf\Dev\Warewolf.Common\Warewolf.Common.csproj : warning NU1701: Package 'AeroWizard 2.3.1' was restored using '.NETFramework,Version=v4.6.1, .NETFramework,Version=v4.6.2, .NETFramework,Version=v4.7, .NETFramework,Version=v4.7.1, .NETFramework,Version=v4.7.2, .NETFramework,Version=v4.8, .NETFramework,Version=v4.8.1' instead of the project target framework 'net8.0'. This package may not be fully compatible with your project.
C:\Users\ultra\warewolf\Dev\Warewolf.Common\Warewolf.Common.csproj : warning NU1701: Package 'GroupControls 1.9.0' was restored using '.NETFramework,Version=v4.6.1, .NETFramework,Version=v4.6.2, .NETFramework,Version=v4.7, .NETFramework,Version=v4.7.1, .NETFramework,Version=v4.7.2, .NETFramework,Version=v4.8, .NETFramework,Version=v4.8.1' instead of the project target framework 'net8.0'. This package may not be fully compatible with your project.
C:\Users\ultra\warewolf\Dev\Warewolf.Common\Warewolf.Common.csproj : warning NU1701: Package 'TaskSchedulerEditor 2.10.1' was restored using '.NETFramework,Version=v4.6.1, .NETFramework,Version=v4.6.2, .NETFramework,Version=v4.7, .NETFramework,Version=v4.7.1, .NETFramework,Version=v4.7.2, .NETFramework,Version=v4.8, .NETFramework,Version=v4.8.1' instead of the project target framework 'net8.0'. This package may not be fully compatible with your project.
C:\Users\ultra\warewolf\Dev\Dev2.Runtime.WebServer\Dev2.Runtime.WebServer.csproj : warning NU1902: Package 'System.IdentityModel.Tokens.Jwt' 5.1.0 has a known moderate severity vulnerability, https://github.com/advisories/GHSA-59j7-ghrg-fj52
C:\Users\ultra\warewolf\Dev\Dev2.Runtime.WebServer\Dev2.Runtime.WebServer.csproj : warning NU1701: Package 'AeroWizard 2.3.1' was restored using '.NETFramework,Version=v4.6.1, .NETFramework,Version=v4.6.2, .NETFramework,Version=v4.7, .NETFramework,Version=v4.7.1, .NETFramework,Version=v4.7.2, .NETFramework,Version=v4.8, .NETFramework,Version=v4.8.1' instead of the project target framework 'net8.0'. This package may not be fully compatible with your project.
C:\Users\ultra\warewolf\Dev\Dev2.Runtime.WebServer\Dev2.Runtime.WebServer.csproj : warning NU1701: Package 'GroupControls 1.9.0' was restored using '.NETFramework,Version=v4.6.1, .NETFramework,Version=v4.6.2, .NETFramework,Version=v4.7, .NETFramework,Version=v4.7.1, .NETFramework,Version=v4.7.2, .NETFramework,Version=v4.8, .NETFramework,Version=v4.8.1' instead of the project target framework 'net8.0'. This package may not be fully compatible with your project.
C:\Users\ultra\warewolf\Dev\Dev2.Runtime.WebServer\Dev2.Runtime.WebServer.csproj : warning NU1701: Package 'Microsoft.Xaml.Behaviors.Wpf 1.1.122' was restored using '.NETFramework,Version=v4.6.1, .NETFramework,Version=v4.6.2, .NETFramework,Version=v4.7, .NETFramework,Version=v4.7.1, .NETFramework,Version=v4.7.2, .NETFramework,Version=v4.8, .NETFramework,Version=v4.8.1' instead of the project target framework 'net8.0'. This package may not be fully compatible with your project.
C:\Users\ultra\warewolf\Dev\Dev2.Runtime.WebServer\Dev2.Runtime.WebServer.csproj : warning NU1701: Package 'Prism.Wpf 9.0.537' was restored using '.NETFramework,Version=v4.6.1, .NETFramework,Version=v4.6.2, .NETFramework,Version=v4.7, .NETFramework,Version=v4.7.1, .NETFramework,Version=v4.7.2, .NETFramework,Version=v4.8, .NETFramework,Version=v4.8.1' instead of the project target framework 'net8.0'. This package may not be fully compatible with your project.
C:\Users\ultra\warewolf\Dev\Dev2.Runtime.WebServer\Dev2.Runtime.WebServer.csproj : warning NU1701: Package 'ReactiveUI.WPF 18.4.1' was restored using '.NETFramework,Version=v4.6.1, .NETFramework,Version=v4.6.2, .NETFramework,Version=v4.7, .NETFramework,Version=v4.7.1, .NETFramework,Version=v4.7.2, .NETFramework,Version=v4.8, .NETFramework,Version=v4.8.1' instead of the project target framework 'net8.0'. This package may not be fully compatible with your project.
C:\Users\ultra\warewolf\Dev\Dev2.Runtime.WebServer\Dev2.Runtime.WebServer.csproj : warning NU1701: Package 'TaskSchedulerEditor 2.10.1' was restored using '.NETFramework,Version=v4.6.1, .NETFramework,Version=v4.6.2, .NETFramework,Version=v4.7, .NETFramework,Version=v4.7.1, .NETFramework,Version=v4.7.2, .NETFramework,Version=v4.8, .NETFramework,Version=v4.8.1' instead of the project target framework 'net8.0'. This package may not be fully compatible with your project.
C:\Users\ultra\warewolf\Dev\Dev2.Runtime\Dev2.Runtime.csproj : warning NU1903: Package 'Microsoft.Windows.Compatibility' 6.0.0 has a known high severity vulnerability, https://github.com/advisories/GHSA-555c-2p6r-68mm
C:\Users\ultra\warewolf\Dev\Dev2.Runtime\Dev2.Runtime.csproj : warning NU1701: Package 'AeroWizard 2.3.1' was restored using '.NETFramework,Version=v4.6.1, .NETFramework,Version=v4.6.2, .NETFramework,Version=v4.7, .NETFramework,Version=v4.7.1, .NETFramework,Version=v4.7.2, .NETFramework,Version=v4.8, .NETFramework,Version=v4.8.1' instead of the project target framework 'net8.0'. This package may not be fully compatible with your project.
C:\Users\ultra\warewolf\Dev\Dev2.Runtime\Dev2.Runtime.csproj : warning NU1701: Package 'GroupControls 1.9.0' was restored using '.NETFramework,Version=v4.6.1, .NETFramework,Version=v4.6.2, .NETFramework,Version=v4.7, .NETFramework,Version=v4.7.1, .NETFramework,Version=v4.7.2, .NETFramework,Version=v4.8, .NETFramework,Version=v4.8.1' instead of the project target framework 'net8.0'. This package may not be fully compatible with your project.
C:\Users\ultra\warewolf\Dev\Dev2.Runtime\Dev2.Runtime.csproj : warning NU1701: Package 'ReactiveUI.WPF 18.4.1' was restored using '.NETFramework,Version=v4.6.1, .NETFramework,Version=v4.6.2, .NETFramework,Version=v4.7, .NETFramework,Version=v4.7.1, .NETFramework,Version=v4.7.2, .NETFramework,Version=v4.8, .NETFramework,Version=v4.8.1' instead of the project target framework 'net8.0'. This package may not be fully compatible with your project.
C:\Users\ultra\warewolf\Dev\Dev2.Runtime\Dev2.Runtime.csproj : warning NU1701: Package 'TaskSchedulerEditor 2.10.1' was restored using '.NETFramework,Version=v4.6.1, .NETFramework,Version=v4.6.2, .NETFramework,Version=v4.7, .NETFramework,Version=v4.7.1, .NETFramework,Version=v4.7.2, .NETFramework,Version=v4.8, .NETFramework,Version=v4.8.1' instead of the project target framework 'net8.0'. This package may not be fully compatible with your project.
  Consider app.config remapping of assembly "System.Runtime.CompilerServices.Unsafe, Culture=neutral, PublicKeyToken=b03f5f7f11d50a3a" from Version "6.0.0.0" [] to Version "8.0.0.0" [C:\Program Files\dotnet\packs\Microsoft.NETCore.App.Ref\8.0.25\ref\net8.0\System.Runtime.CompilerServices.Unsafe.dll] to solve conflict and get rid of warning.
C:\Users\ultra\warewolf\Dev\Warewolf.Studio.ViewModels\Warewolf.Studio.ViewModels.csproj : warning NU1701: Package 'AeroWizard 2.3.1' was restored using '.NETFramework,Version=v4.6.1, .NETFramework,Version=v4.6.2, .NETFramework,Version=v4.7, .NETFramework,Version=v4.7.1, .NETFramework,Version=v4.7.2, .NETFramework,Version=v4.8, .NETFramework,Version=v4.8.1' instead of the project target framework 'net8.0'. This package may not be fully compatible with your project.
C:\Users\ultra\warewolf\Dev\Warewolf.Studio.ViewModels\Warewolf.Studio.ViewModels.csproj : warning NU1701: Package 'GroupControls 1.9.0' was restored using '.NETFramework,Version=v4.6.1, .NETFramework,Version=v4.6.2, .NETFramework,Version=v4.7, .NETFramework,Version=v4.7.1, .NETFramework,Version=v4.7.2, .NETFramework,Version=v4.8, .NETFramework,Version=v4.8.1' instead of the project target framework 'net8.0'. This package may not be fully compatible with your project.
C:\Users\ultra\warewolf\Dev\Warewolf.Studio.ViewModels\Warewolf.Studio.ViewModels.csproj : warning NU1701: Package 'Microsoft.Xaml.Behaviors.Wpf 1.1.122' was restored using '.NETFramework,Version=v4.6.1, .NETFramework,Version=v4.6.2, .NETFramework,Version=v4.7, .NETFramework,Version=v4.7.1, .NETFramework,Version=v4.7.2, .NETFramework,Version=v4.8, .NETFramework,Version=v4.8.1' instead of the project target framework 'net8.0'. This package may not be fully compatible with your project.
C:\Users\ultra\warewolf\Dev\Warewolf.Studio.ViewModels\Warewolf.Studio.ViewModels.csproj : warning NU1701: Package 'Prism.Wpf 9.0.537' was restored using '.NETFramework,Version=v4.6.1, .NETFramework,Version=v4.6.2, .NETFramework,Version=v4.7, .NETFramework,Version=v4.7.1, .NETFramework,Version=v4.7.2, .NETFramework,Version=v4.8, .NETFramework,Version=v4.8.1' instead of the project target framework 'net8.0'. This package may not be fully compatible with your project.
C:\Users\ultra\warewolf\Dev\Warewolf.Studio.ViewModels\Warewolf.Studio.ViewModels.csproj : warning NU1701: Package 'ReactiveUI.WPF 18.4.1' was restored using '.NETFramework,Version=v4.6.1, .NETFramework,Version=v4.6.2, .NETFramework,Version=v4.7, .NETFramework,Version=v4.7.1, .NETFramework,Version=v4.7.2, .NETFramework,Version=v4.8, .NETFramework,Version=v4.8.1' instead of the project target framework 'net8.0'. This package may not be fully compatible with your project.
C:\Users\ultra\warewolf\Dev\Warewolf.Studio.ViewModels\Warewolf.Studio.ViewModels.csproj : warning NU1701: Package 'TaskSchedulerEditor 2.10.1' was restored using '.NETFramework,Version=v4.6.1, .NETFramework,Version=v4.6.2, .NETFramework,Version=v4.7, .NETFramework,Version=v4.7.1, .NETFramework,Version=v4.7.2, .NETFramework,Version=v4.8, .NETFramework,Version=v4.8.1' instead of the project target framework 'net8.0'. This package may not be fully compatible with your project.
  Warewolf.Common.Interfaces.NetStandard20 -> C:\Users\ultra\warewolf\Dev\Warewolf.Common.Interfaces.NetStandard20\bin\Debug\net8.0\Warewolf.Common.Interfaces.NetStandard20.dll
C:\Users\ultra\warewolf\Dev\Warewolf.Storage.Interfaces\Warewolf.Storage.Interfaces.csproj : warning NU1701: Package 'AeroWizard 2.3.1' was restored using '.NETFramework,Version=v4.6.1, .NETFramework,Version=v4.6.2, .NETFramework,Version=v4.7, .NETFramework,Version=v4.7.1, .NETFramework,Version=v4.7.2, .NETFramework,Version=v4.8, .NETFramework,Version=v4.8.1' instead of the project target framework 'net8.0'. This package may not be fully compatible with your project.
C:\Users\ultra\warewolf\Dev\Warewolf.Storage.Interfaces\Warewolf.Storage.Interfaces.csproj : warning NU1701: Package 'GroupControls 1.9.0' was restored using '.NETFramework,Version=v4.6.1, .NETFramework,Version=v4.6.2, .NETFramework,Version=v4.7, .NETFramework,Version=v4.7.1, .NETFramework,Version=v4.7.2, .NETFramework,Version=v4.8, .NETFramework,Version=v4.8.1' instead of the project target framework 'net8.0'. This package may not be fully compatible with your project.
C:\Users\ultra\warewolf\Dev\Warewolf.Storage.Interfaces\Warewolf.Storage.Interfaces.csproj : warning NU1701: Package 'TaskSchedulerEditor 2.10.1' was restored using '.NETFramework,Version=v4.6.1, .NETFramework,Version=v4.6.2, .NETFramework,Version=v4.7, .NETFramework,Version=v4.7.1, .NETFramework,Version=v4.7.2, .NETFramework,Version=v4.8, .NETFramework,Version=v4.8.1' instead of the project target framework 'net8.0'. This package may not be fully compatible with your project.
C:\Users\ultra\warewolf\Dev\Warewolf.Testing\Warewolf.Testing.csproj : warning NU1701: Package 'AeroWizard 2.3.1' was restored using '.NETFramework,Version=v4.6.1, .NETFramework,Version=v4.6.2, .NETFramework,Version=v4.7, .NETFramework,Version=v4.7.1, .NETFramework,Version=v4.7.2, .NETFramework,Version=v4.8, .NETFramework,Version=v4.8.1' instead of the project target framework 'net8.0'. This package may not be fully compatible with your project.
C:\Users\ultra\warewolf\Dev\Warewolf.Testing\Warewolf.Testing.csproj : warning NU1701: Package 'GroupControls 1.9.0' was restored using '.NETFramework,Version=v4.6.1, .NETFramework,Version=v4.6.2, .NETFramework,Version=v4.7, .NETFramework,Version=v4.7.1, .NETFramework,Version=v4.7.2, .NETFramework,Version=v4.8, .NETFramework,Version=v4.8.1' instead of the project target framework 'net8.0'. This package may not be fully compatible with your project.
C:\Users\ultra\warewolf\Dev\Warewolf.Testing\Warewolf.Testing.csproj : warning NU1701: Package 'Microsoft.Xaml.Behaviors.Wpf 1.1.122' was restored using '.NETFramework,Version=v4.6.1, .NETFramework,Version=v4.6.2, .NETFramework,Version=v4.7, .NETFramework,Version=v4.7.1, .NETFramework,Version=v4.7.2, .NETFramework,Version=v4.8, .NETFramework,Version=v4.8.1' instead of the project target framework 'net8.0'. This package may not be fully compatible with your project.
C:\Users\ultra\warewolf\Dev\Warewolf.Testing\Warewolf.Testing.csproj : warning NU1701: Package 'Prism.Wpf 9.0.537' was restored using '.NETFramework,Version=v4.6.1, .NETFramework,Version=v4.6.2, .NETFramework,Version=v4.7, .NETFramework,Version=v4.7.1, .NETFramework,Version=v4.7.2, .NETFramework,Version=v4.8, .NETFramework,Version=v4.8.1' instead of the project target framework 'net8.0'. This package may not be fully compatible with your project.
C:\Users\ultra\warewolf\Dev\Warewolf.Testing\Warewolf.Testing.csproj : warning NU1701: Package 'ReactiveUI.WPF 18.4.1' was restored using '.NETFramework,Version=v4.6.1, .NETFramework,Version=v4.6.2, .NETFramework,Version=v4.7, .NETFramework,Version=v4.7.1, .NETFramework,Version=v4.7.2, .NETFramework,Version=v4.8, .NETFramework,Version=v4.8.1' instead of the project target framework 'net8.0'. This package may not be fully compatible with your project.
C:\Users\ultra\warewolf\Dev\Warewolf.Testing\Warewolf.Testing.csproj : warning NU1701: Package 'TaskSchedulerEditor 2.10.1' was restored using '.NETFramework,Version=v4.6.1, .NETFramework,Version=v4.6.2, .NETFramework,Version=v4.7, .NETFramework,Version=v4.7.1, .NETFramework,Version=v4.7.2, .NETFramework,Version=v4.8, .NETFramework,Version=v4.8.1' instead of the project target framework 'net8.0'. This package may not be fully compatible with your project.
  Warewolf.Studio.Resources -> C:\Users\ultra\warewolf\Dev\Warewolf.Studio.Resources\bin\Debug\net8.0\Warewolf.Studio.Resources.dll
C:\Users\ultra\warewolf\Dev\Dev2.TaskScheduler.Wrappers\Dev2.TaskScheduler.Wrappers.csproj : warning NU1701: Package 'AeroWizard 2.3.1' was restored using '.NETFramework,Version=v4.6.1, .NETFramework,Version=v4.6.2, .NETFramework,Version=v4.7, .NETFramework,Version=v4.7.1, .NETFramework,Version=v4.7.2, .NETFramework,Version=v4.8, .NETFramework,Version=v4.8.1' instead of the project target framework 'net8.0'. This package may not be fully compatible with your project.
C:\Users\ultra\warewolf\Dev\Dev2.TaskScheduler.Wrappers\Dev2.TaskScheduler.Wrappers.csproj : warning NU1701: Package 'GroupControls 1.9.0' was restored using '.NETFramework,Version=v4.6.1, .NETFramework,Version=v4.6.2, .NETFramework,Version=v4.7, .NETFramework,Version=v4.7.1, .NETFramework,Version=v4.7.2, .NETFramework,Version=v4.8, .NETFramework,Version=v4.8.1' instead of the project target framework 'net8.0'. This package may not be fully compatible with your project.
C:\Users\ultra\warewolf\Dev\Dev2.TaskScheduler.Wrappers\Dev2.TaskScheduler.Wrappers.csproj : warning NU1701: Package 'TaskSchedulerEditor 2.10.1' was restored using '.NETFramework,Version=v4.6.1, .NETFramework,Version=v4.6.2, .NETFramework,Version=v4.7, .NETFramework,Version=v4.7.1, .NETFramework,Version=v4.7.2, .NETFramework,Version=v4.8, .NETFramework,Version=v4.8.1' instead of the project target framework 'net8.0'. This package may not be fully compatible with your project.
C:\Users\ultra\warewolf\Dev\Warewolf.ResourceManagement\Warewolf.ResourceManagement.csproj : warning NU1701: Package 'AeroWizard 2.3.1' was restored using '.NETFramework,Version=v4.6.1, .NETFramework,Version=v4.6.2, .NETFramework,Version=v4.7, .NETFramework,Version=v4.7.1, .NETFramework,Version=v4.7.2, .NETFramework,Version=v4.8, .NETFramework,Version=v4.8.1' instead of the project target framework 'net8.0'. This package may not be fully compatible with your project.
C:\Users\ultra\warewolf\Dev\Warewolf.ResourceManagement\Warewolf.ResourceManagement.csproj : warning NU1701: Package 'GroupControls 1.9.0' was restored using '.NETFramework,Version=v4.6.1, .NETFramework,Version=v4.6.2, .NETFramework,Version=v4.7, .NETFramework,Version=v4.7.1, .NETFramework,Version=v4.7.2, .NETFramework,Version=v4.8, .NETFramework,Version=v4.8.1' instead of the project target framework 'net8.0'. This package may not be fully compatible with your project.
C:\Users\ultra\warewolf\Dev\Warewolf.ResourceManagement\Warewolf.ResourceManagement.csproj : warning NU1701: Package 'ReactiveUI.WPF 18.4.1' was restored using '.NETFramework,Version=v4.6.1, .NETFramework,Version=v4.6.2, .NETFramework,Version=v4.7, .NETFramework,Version=v4.7.1, .NETFramework,Version=v4.7.2, .NETFramework,Version=v4.8, .NETFramework,Version=v4.8.1' instead of the project target framework 'net8.0'. This package may not be fully compatible with your project.
C:\Users\ultra\warewolf\Dev\Warewolf.ResourceManagement\Warewolf.ResourceManagement.csproj : warning NU1701: Package 'TaskSchedulerEditor 2.10.1' was restored using '.NETFramework,Version=v4.6.1, .NETFramework,Version=v4.6.2, .NETFramework,Version=v4.7, .NETFramework,Version=v4.7.1, .NETFramework,Version=v4.7.2, .NETFramework,Version=v4.8, .NETFramework,Version=v4.8.1' instead of the project target framework 'net8.0'. This package may not be fully compatible with your project.
C:\Users\ultra\warewolf\Dev\Warewolf.Driver.Persistence\Warewolf.Driver.Persistence.csproj : warning NU1701: Package 'AeroWizard 2.3.1' was restored using '.NETFramework,Version=v4.6.1, .NETFramework,Version=v4.6.2, .NETFramework,Version=v4.7, .NETFramework,Version=v4.7.1, .NETFramework,Version=v4.7.2, .NETFramework,Version=v4.8, .NETFramework,Version=v4.8.1' instead of the project target framework 'net8.0'. This package may not be fully compatible with your project.
C:\Users\ultra\warewolf\Dev\Warewolf.Driver.Persistence\Warewolf.Driver.Persistence.csproj : warning NU1701: Package 'GroupControls 1.9.0' was restored using '.NETFramework,Version=v4.6.1, .NETFramework,Version=v4.6.2, .NETFramework,Version=v4.7, .NETFramework,Version=v4.7.1, .NETFramework,Version=v4.7.2, .NETFramework,Version=v4.8, .NETFramework,Version=v4.8.1' instead of the project target framework 'net8.0'. This package may not be fully compatible with your project.
C:\Users\ultra\warewolf\Dev\Warewolf.Driver.Persistence\Warewolf.Driver.Persistence.csproj : warning NU1701: Package 'ReactiveUI.WPF 18.4.1' was restored using '.NETFramework,Version=v4.6.1, .NETFramework,Version=v4.6.2, .NETFramework,Version=v4.7, .NETFramework,Version=v4.7.1, .NETFramework,Version=v4.7.2, .NETFramework,Version=v4.8, .NETFramework,Version=v4.8.1' instead of the project target framework 'net8.0'. This package may not be fully compatible with your project.
C:\Users\ultra\warewolf\Dev\Warewolf.Driver.Persistence\Warewolf.Driver.Persistence.csproj : warning NU1701: Package 'TaskSchedulerEditor 2.10.1' was restored using '.NETFramework,Version=v4.6.1, .NETFramework,Version=v4.6.2, .NETFramework,Version=v4.7, .NETFramework,Version=v4.7.1, .NETFramework,Version=v4.7.2, .NETFramework,Version=v4.8, .NETFramework,Version=v4.8.1' instead of the project target framework 'net8.0'. This package may not be fully compatible with your project.
C:\Program Files\dotnet\sdk\10.0.201\Sdks\Microsoft.NET.Sdk\targets\Microsoft.NET.Sdk.DefaultItems.targets(162,5): warning NETSDK1137: It is no longer necessary to use the Microsoft.NET.Sdk.WindowsDesktop SDK. Consider changing the Sdk attribute of the root Project element to 'Microsoft.NET.Sdk'. [C:\Users\ultra\warewolf\Dev\Warewolf.Studio.CustomControls\Warewolf.Studio.CustomControls.csproj]
C:\Program Files\dotnet\sdk\10.0.201\Sdks\Microsoft.NET.Sdk.WindowsDesktop\targets\Microsoft.NET.Sdk.WindowsDesktop.targets(138,5): warning NETSDK1106: Microsoft.NET.Sdk.WindowsDesktop requires 'UseWpf' or 'UseWindowsForms' to be set to 'true' [C:\Users\ultra\warewolf\Dev\Warewolf.Studio.CustomControls\Warewolf.Studio.CustomControls.csproj]
C:\Users\ultra\warewolf\Dev\Warewolf.Studio.CustomControls\Warewolf.Studio.CustomControls.csproj : warning NU1701: Package 'AeroWizard 2.3.1' was restored using '.NETFramework,Version=v4.6.1, .NETFramework,Version=v4.6.2, .NETFramework,Version=v4.7, .NETFramework,Version=v4.7.1, .NETFramework,Version=v4.7.2, .NETFramework,Version=v4.8, .NETFramework,Version=v4.8.1' instead of the project target framework 'net8.0'. This package may not be fully compatible with your project.
C:\Users\ultra\warewolf\Dev\Warewolf.Studio.CustomControls\Warewolf.Studio.CustomControls.csproj : warning NU1701: Package 'GroupControls 1.9.0' was restored using '.NETFramework,Version=v4.6.1, .NETFramework,Version=v4.6.2, .NETFramework,Version=v4.7, .NETFramework,Version=v4.7.1, .NETFramework,Version=v4.7.2, .NETFramework,Version=v4.8, .NETFramework,Version=v4.8.1' instead of the project target framework 'net8.0'. This package may not be fully compatible with your project.
C:\Users\ultra\warewolf\Dev\Warewolf.Studio.CustomControls\Warewolf.Studio.CustomControls.csproj : warning NU1701: Package 'Microsoft.Xaml.Behaviors.Wpf 1.1.122' was restored using '.NETFramework,Version=v4.6.1, .NETFramework,Version=v4.6.2, .NETFramework,Version=v4.7, .NETFramework,Version=v4.7.1, .NETFramework,Version=v4.7.2, .NETFramework,Version=v4.8, .NETFramework,Version=v4.8.1' instead of the project target framework 'net8.0'. This package may not be fully compatible with your project.
C:\Users\ultra\warewolf\Dev\Warewolf.Studio.CustomControls\Warewolf.Studio.CustomControls.csproj : warning NU1701: Package 'Prism.Wpf 9.0.537' was restored using '.NETFramework,Version=v4.6.1, .NETFramework,Version=v4.6.2, .NETFramework,Version=v4.7, .NETFramework,Version=v4.7.1, .NETFramework,Version=v4.7.2, .NETFramework,Version=v4.8, .NETFramework,Version=v4.8.1' instead of the project target framework 'net8.0'. This package may not be fully compatible with your project.
C:\Users\ultra\warewolf\Dev\Warewolf.Studio.CustomControls\Warewolf.Studio.CustomControls.csproj : warning NU1701: Package 'ReactiveUI.WPF 18.4.1' was restored using '.NETFramework,Version=v4.6.1, .NETFramework,Version=v4.6.2, .NETFramework,Version=v4.7, .NETFramework,Version=v4.7.1, .NETFramework,Version=v4.7.2, .NETFramework,Version=v4.8, .NETFramework,Version=v4.8.1' instead of the project target framework 'net8.0'. This package may not be fully compatible with your project.
C:\Users\ultra\warewolf\Dev\Warewolf.Studio.CustomControls\Warewolf.Studio.CustomControls.csproj : warning NU1701: Package 'TaskSchedulerEditor 2.10.1' was restored using '.NETFramework,Version=v4.6.1, .NETFramework,Version=v4.6.2, .NETFramework,Version=v4.7, .NETFramework,Version=v4.7.1, .NETFramework,Version=v4.7.2, .NETFramework,Version=v4.8, .NETFramework,Version=v4.8.1' instead of the project target framework 'net8.0'. This package may not be fully compatible with your project.
C:\Users\ultra\warewolf\Dev\Warewolf.MergeParser\Warewolf.MergeParser.csproj : warning NU1701: Package 'AeroWizard 2.3.1' was restored using '.NETFramework,Version=v4.6.1, .NETFramework,Version=v4.6.2, .NETFramework,Version=v4.7, .NETFramework,Version=v4.7.1, .NETFramework,Version=v4.7.2, .NETFramework,Version=v4.8, .NETFramework,Version=v4.8.1' instead of the project target framework 'net8.0'. This package may not be fully compatible with your project.
C:\Users\ultra\warewolf\Dev\Warewolf.MergeParser\Warewolf.MergeParser.csproj : warning NU1701: Package 'GroupControls 1.9.0' was restored using '.NETFramework,Version=v4.6.1, .NETFramework,Version=v4.6.2, .NETFramework,Version=v4.7, .NETFramework,Version=v4.7.1, .NETFramework,Version=v4.7.2, .NETFramework,Version=v4.8, .NETFramework,Version=v4.8.1' instead of the project target framework 'net8.0'. This package may not be fully compatible with your project.
C:\Users\ultra\warewolf\Dev\Warewolf.MergeParser\Warewolf.MergeParser.csproj : warning NU1701: Package 'Microsoft.Xaml.Behaviors.Wpf 1.1.122' was restored using '.NETFramework,Version=v4.6.1, .NETFramework,Version=v4.6.2, .NETFramework,Version=v4.7, .NETFramework,Version=v4.7.1, .NETFramework,Version=v4.7.2, .NETFramework,Version=v4.8, .NETFramework,Version=v4.8.1' instead of the project target framework 'net8.0'. This package may not be fully compatible with your project.
C:\Users\ultra\warewolf\Dev\Warewolf.MergeParser\Warewolf.MergeParser.csproj : warning NU1701: Package 'Prism.Wpf 9.0.537' was restored using '.NETFramework,Version=v4.6.1, .NETFramework,Version=v4.6.2, .NETFramework,Version=v4.7, .NETFramework,Version=v4.7.1, .NETFramework,Version=v4.7.2, .NETFramework,Version=v4.8, .NETFramework,Version=v4.8.1' instead of the project target framework 'net8.0'. This package may not be fully compatible with your project.
C:\Users\ultra\warewolf\Dev\Warewolf.MergeParser\Warewolf.MergeParser.csproj : warning NU1701: Package 'ReactiveUI.WPF 18.4.1' was restored using '.NETFramework,Version=v4.6.1, .NETFramework,Version=v4.6.2, .NETFramework,Version=v4.7, .NETFramework,Version=v4.7.1, .NETFramework,Version=v4.7.2, .NETFramework,Version=v4.8, .NETFramework,Version=v4.8.1' instead of the project target framework 'net8.0'. This package may not be fully compatible with your project.
C:\Users\ultra\warewolf\Dev\Warewolf.MergeParser\Warewolf.MergeParser.csproj : warning NU1701: Package 'TaskSchedulerEditor 2.10.1' was restored using '.NETFramework,Version=v4.6.1, .NETFramework,Version=v4.6.2, .NETFramework,Version=v4.7, .NETFramework,Version=v4.7.1, .NETFramework,Version=v4.7.2, .NETFramework,Version=v4.8, .NETFramework,Version=v4.8.1' instead of the project target framework 'net8.0'. This package may not be fully compatible with your project.
  Warewolf.Driver.Redis -> C:\Users\ultra\warewolf\Dev\Warewolf.Driver.Redis\bin\Debug\net8.0\Warewolf.Driver.Redis.dll
C:\Program Files\dotnet\sdk\10.0.201\Sdks\Microsoft.NET.Sdk\targets\Microsoft.NET.Sdk.DefaultItems.targets(162,5): warning NETSDK1137: It is no longer necessary to use the Microsoft.NET.Sdk.WindowsDesktop SDK. Consider changing the Sdk attribute of the root Project element to 'Microsoft.NET.Sdk'. [C:\Users\ultra\warewolf\Dev\Warewolf.Studio.Views\Warewolf.Studio.Views.csproj]
C:\Program Files\dotnet\sdk\10.0.201\Sdks\Microsoft.NET.Sdk.WindowsDesktop\targets\Microsoft.NET.Sdk.WindowsDesktop.targets(138,5): warning NETSDK1106: Microsoft.NET.Sdk.WindowsDesktop requires 'UseWpf' or 'UseWindowsForms' to be set to 'true' [C:\Users\ultra\warewolf\Dev\Warewolf.Studio.Views\Warewolf.Studio.Views.csproj]
  Dev2.SignalR.Wrappers.Interfaces -> C:\Users\ultra\warewolf\Dev\Dev2.SignalR.Wrappers\bin\Debug\net8.0\Dev2.SignalR.Wrappers.dll
C:\Users\ultra\warewolf\Dev\Warewolf.Studio.Views\Warewolf.Studio.Views.csproj : warning NU1701: Package 'AeroWizard 2.3.1' was restored using '.NETFramework,Version=v4.6.1, .NETFramework,Version=v4.6.2, .NETFramework,Version=v4.7, .NETFramework,Version=v4.7.1, .NETFramework,Version=v4.7.2, .NETFramework,Version=v4.8, .NETFramework,Version=v4.8.1' instead of the project target framework 'net8.0'. This package may not be fully compatible with your project.
C:\Users\ultra\warewolf\Dev\Warewolf.Studio.Views\Warewolf.Studio.Views.csproj : warning NU1701: Package 'GroupControls 1.9.0' was restored using '.NETFramework,Version=v4.6.1, .NETFramework,Version=v4.6.2, .NETFramework,Version=v4.7, .NETFramework,Version=v4.7.1, .NETFramework,Version=v4.7.2, .NETFramework,Version=v4.8, .NETFramework,Version=v4.8.1' instead of the project target framework 'net8.0'. This package may not be fully compatible with your project.
C:\Users\ultra\warewolf\Dev\Warewolf.Studio.Views\Warewolf.Studio.Views.csproj : warning NU1701: Package 'Microsoft.Xaml.Behaviors.Wpf 1.1.122' was restored using '.NETFramework,Version=v4.6.1, .NETFramework,Version=v4.6.2, .NETFramework,Version=v4.7, .NETFramework,Version=v4.7.1, .NETFramework,Version=v4.7.2, .NETFramework,Version=v4.8, .NETFramework,Version=v4.8.1' instead of the project target framework 'net8.0'. This package may not be fully compatible with your project.
C:\Users\ultra\warewolf\Dev\Warewolf.Studio.Views\Warewolf.Studio.Views.csproj : warning NU1701: Package 'Prism.Wpf 9.0.537' was restored using '.NETFramework,Version=v4.6.1, .NETFramework,Version=v4.6.2, .NETFramework,Version=v4.7, .NETFramework,Version=v4.7.1, .NETFramework,Version=v4.7.2, .NETFramework,Version=v4.8, .NETFramework,Version=v4.8.1' instead of the project target framework 'net8.0'. This package may not be fully compatible with your project.
C:\Users\ultra\warewolf\Dev\Warewolf.Studio.Views\Warewolf.Studio.Views.csproj : warning NU1701: Package 'ReactiveUI.WPF 18.4.1' was restored using '.NETFramework,Version=v4.6.1, .NETFramework,Version=v4.6.2, .NETFramework,Version=v4.7, .NETFramework,Version=v4.7.1, .NETFramework,Version=v4.7.2, .NETFramework,Version=v4.8, .NETFramework,Version=v4.8.1' instead of the project target framework 'net8.0'. This package may not be fully compatible with your project.
C:\Users\ultra\warewolf\Dev\Warewolf.Studio.Views\Warewolf.Studio.Views.csproj : warning NU1701: Package 'TaskSchedulerEditor 2.10.1' was restored using '.NETFramework,Version=v4.6.1, .NETFramework,Version=v4.6.2, .NETFramework,Version=v4.7, .NETFramework,Version=v4.7.1, .NETFramework,Version=v4.7.2, .NETFramework,Version=v4.8, .NETFramework,Version=v4.8.1' instead of the project target framework 'net8.0'. This package may not be fully compatible with your project.
C:\Users\ultra\warewolf\Dev\Warewolf.Studio.Views\Warewolf.Studio.Views.csproj : warning NU1701: Package 'Unofficial.Microsoft.mshtml 7.0.3300' was restored using '.NETFramework,Version=v4.6.1, .NETFramework,Version=v4.6.2, .NETFramework,Version=v4.7, .NETFramework,Version=v4.7.1, .NETFramework,Version=v4.7.2, .NETFramework,Version=v4.8, .NETFramework,Version=v4.8.1' instead of the project target framework 'net8.0'. This package may not be fully compatible with your project.
C:\Users\ultra\warewolf\Dev\Warewolf.Common.NetStandard20\Warewolf.Common.NetStandard20.csproj : warning NU1701: Package 'AeroWizard 2.3.1' was restored using '.NETFramework,Version=v4.6.1, .NETFramework,Version=v4.6.2, .NETFramework,Version=v4.7, .NETFramework,Version=v4.7.1, .NETFramework,Version=v4.7.2, .NETFramework,Version=v4.8, .NETFramework,Version=v4.8.1' instead of the project target framework 'net8.0'. This package may not be fully compatible with your project.
C:\Users\ultra\warewolf\Dev\Warewolf.Common.NetStandard20\Warewolf.Common.NetStandard20.csproj : warning NU1701: Package 'GroupControls 1.9.0' was restored using '.NETFramework,Version=v4.6.1, .NETFramework,Version=v4.6.2, .NETFramework,Version=v4.7, .NETFramework,Version=v4.7.1, .NETFramework,Version=v4.7.2, .NETFramework,Version=v4.8, .NETFramework,Version=v4.8.1' instead of the project target framework 'net8.0'. This package may not be fully compatible with your project.
C:\Users\ultra\warewolf\Dev\Warewolf.Common.NetStandard20\Warewolf.Common.NetStandard20.csproj : warning NU1701: Package 'ReactiveUI.WPF 18.4.1' was restored using '.NETFramework,Version=v4.6.1, .NETFramework,Version=v4.6.2, .NETFramework,Version=v4.7, .NETFramework,Version=v4.7.1, .NETFramework,Version=v4.7.2, .NETFramework,Version=v4.8, .NETFramework,Version=v4.8.1' instead of the project target framework 'net8.0'. This package may not be fully compatible with your project.
C:\Users\ultra\warewolf\Dev\Warewolf.Common.NetStandard20\Warewolf.Common.NetStandard20.csproj : warning NU1701: Package 'TaskSchedulerEditor 2.10.1' was restored using '.NETFramework,Version=v4.6.1, .NETFramework,Version=v4.6.2, .NETFramework,Version=v4.7, .NETFramework,Version=v4.7.1, .NETFramework,Version=v4.7.2, .NETFramework,Version=v4.8, .NETFramework,Version=v4.8.1' instead of the project target framework 'net8.0'. This package may not be fully compatible with your project.
  Warewolf.Driver.RabbitMQ -> C:\Users\ultra\warewolf\Dev\Warewolf.Driver.RabbitMQ\bin\Debug\net8.0\Warewolf.Driver.RabbitMQ.dll
  Warewolf.Parser.Interop -> C:\Users\ultra\warewolf\Dev\Warewolf.Parser.Interop\bin\Debug\net8.0\WarewolfParserInterop.dll
C:\Users\ultra\warewolf\Dev\Dev2.Common.Interfaces\Attribute\ReasonAttribute.cs(13,18): warning CC0023: Mark 'ReasonAttribute' as sealed. (https://code-cracker.github.io/diagnostics/CC0023.html) [C:\Users\ultra\warewolf\Dev\Dev2.Common.Interfaces\Dev2.Common.Interfaces.csproj]
C:\Users\ultra\warewolf\Dev\Dev2.Common.Interfaces\Wrappers\IDirectoryEntry.cs(190,35): warning CC0057: Parameter 'path' is not used. (https://code-cracker.github.io/diagnostics/CC0057.html) [C:\Users\ultra\warewolf\Dev\Dev2.Common.Interfaces\Dev2.Common.Interfaces.csproj]
C:\Users\ultra\warewolf\Dev\Dev2.Common.Interfaces\DllListing.cs(97,17): warning CC0105: Use 'var' instead of specifying the type name. (https://code-cracker.github.io/diagnostics/CC0105.html) [C:\Users\ultra\warewolf\Dev\Dev2.Common.Interfaces\Dev2.Common.Interfaces.csproj]
C:\Users\ultra\warewolf\Dev\Dev2.Common.Interfaces\DllListing.cs(98,17): warning CC0105: Use 'var' instead of specifying the type name. (https://code-cracker.github.io/diagnostics/CC0105.html) [C:\Users\ultra\warewolf\Dev\Dev2.Common.Interfaces\Dev2.Common.Interfaces.csproj]
C:\Users\ultra\warewolf\Dev\Dev2.Common.Interfaces\Runtime\Services\IStreamContentFactory.cs(48,21): warning CC0029: 'StreamContentWrapper' should call GC.SuppressFinalize inside the Dispose method. (https://code-cracker.github.io/diagnostics/CC0029.html) [C:\Users\ultra\warewolf\Dev\Dev2.Common.Interfaces\Dev2.Common.Interfaces.csproj]
  Dev2.Common.Interfaces -> C:\Users\ultra\warewolf\Dev\Dev2.Common.Interfaces\bin\Debug\net8.0\Dev2.Common.Interfaces.dll
C:\Users\ultra\warewolf\Dev\Warewolf.Language.Parser\EvaluationFunctions.fs(277,15): warning FS3548: Pattern discard is not allowed for union case that takes no data. [C:\Users\ultra\warewolf\Dev\Warewolf.Language.Parser\Warewolf.Language.Parser.fsproj]
C:\Users\ultra\warewolf\Dev\Warewolf.Language.Parser\EvaluationFunctions.fs(305,15): warning FS3548: Pattern discard is not allowed for union case that takes no data. [C:\Users\ultra\warewolf\Dev\Warewolf.Language.Parser\Warewolf.Language.Parser.fsproj]
C:\Users\ultra\warewolf\Dev\Warewolf.Language.Parser\EvaluationFunctions.fs(748,21): warning FS3873: This construct is deprecated. Sequence expressions should be of the form 'seq { ... }' [C:\Users\ultra\warewolf\Dev\Warewolf.Language.Parser\Warewolf.Language.Parser.fsproj]
C:\Users\ultra\warewolf\Dev\Warewolf.Language.Parser\EvaluationFunctions.fs(751,28): warning FS3873: This construct is deprecated. Sequence expressions should be of the form 'seq { ... }' [C:\Users\ultra\warewolf\Dev\Warewolf.Language.Parser\Warewolf.Language.Parser.fsproj]
C:\Users\ultra\warewolf\Dev\Warewolf.Language.Parser\WarewolfDataEvaluationCommon.fs(593,21): warning FS3873: This construct is deprecated. Sequence expressions should be of the form 'seq { ... }' [C:\Users\ultra\warewolf\Dev\Warewolf.Language.Parser\Warewolf.Language.Parser.fsproj]
C:\Users\ultra\warewolf\Dev\Warewolf.Language.Parser\WarewolfDataEvaluationCommon.fs(596,28): warning FS3873: This construct is deprecated. Sequence expressions should be of the form 'seq { ... }' [C:\Users\ultra\warewolf\Dev\Warewolf.Language.Parser\Warewolf.Language.Parser.fsproj]
C:\Users\ultra\warewolf\Dev\Warewolf.Data\NamedInt.cs(160,21): warning CA2200: Re-throwing caught exception changes stack information (https://learn.microsoft.com/dotnet/fundamentals/code-analysis/quality-rules/ca2200) [C:\Users\ultra\warewolf\Dev\Warewolf.Data\Warewolf.Data.csproj]
  Warewolf.Data -> C:\Users\ultra\warewolf\Dev\Warewolf.Data\bin\Debug\net8.0\Warewolf.Data.dll
  Warewolf.Common -> C:\Users\ultra\warewolf\Dev\Warewolf.Common\bin\Debug\net8.0\Warewolf.Common.dll
  Warewolf.Language.Parser -> C:\Users\ultra\warewolf\Dev\Warewolf.Language.Parser\bin\Debug\net8.0\Warewolf.Language.Parser.dll
  Warewolf.Storage.Interfaces -> C:\Users\ultra\warewolf\Dev\Warewolf.Storage.Interfaces\bin\Debug\net8.0\Warewolf.Storage.Interfaces.dll
  Dev2.Data.Interfaces -> C:\Users\ultra\warewolf\Dev\Dev2.Data.Interfaces\bin\Debug\net8.0\Dev2.Data.Interfaces.dll
C:\Users\ultra\warewolf\Dev\Dev2.Common\ExtMethods\StringExtension.cs(302,13): warning CC0004: Empty Catch Block. (https://code-cracker.github.io/diagnostics/CC0004.html) [C:\Users\ultra\warewolf\Dev\Dev2.Common\Dev2.Common.csproj]
  Dev2.Common -> C:\Users\ultra\warewolf\Dev\Dev2.Common\bin\Debug\net8.0\Dev2.Common.dll
C:\Program Files\dotnet\sdk\10.0.201\Microsoft.Common.CurrentVersion.targets(2451,5): warning MSB3277: Found conflicts between different versions of "WindowsBase" that could not be resolved. [C:\Users\ultra\warewolf\Dev\Dev2.Development.Languages\Dev2.Development.Languages.csproj]
C:\Program Files\dotnet\sdk\10.0.201\Microsoft.Common.CurrentVersion.targets(2451,5): warning MSB3277: There was a conflict between "WindowsBase, Version=4.0.0.0, Culture=neutral, PublicKeyToken=31bf3856ad364e35" and "WindowsBase, Version=6.0.2.0, Culture=neutral, PublicKeyToken=31bf3856ad364e35". [C:\Users\ultra\warewolf\Dev\Dev2.Development.Languages\Dev2.Development.Languages.csproj]
C:\Program Files\dotnet\sdk\10.0.201\Microsoft.Common.CurrentVersion.targets(2451,5): warning MSB3277:     "WindowsBase, Version=4.0.0.0, Culture=neutral, PublicKeyToken=31bf3856ad364e35" was chosen because it was primary and "WindowsBase, Version=6.0.2.0, Culture=neutral, PublicKeyToken=31bf3856ad364e35" was not. [C:\Users\ultra\warewolf\Dev\Dev2.Development.Languages\Dev2.Development.Languages.csproj]
C:\Program Files\dotnet\sdk\10.0.201\Microsoft.Common.CurrentVersion.targets(2451,5): warning MSB3277:     References which depend on "WindowsBase, Version=4.0.0.0, Culture=neutral, PublicKeyToken=31bf3856ad364e35" [C:\Program Files\dotnet\packs\Microsoft.NETCore.App.Ref\8.0.25\ref\net8.0\WindowsBase.dll]. [C:\Users\ultra\warewolf\Dev\Dev2.Development.Languages\Dev2.Development.Languages.csproj]
C:\Program Files\dotnet\sdk\10.0.201\Microsoft.Common.CurrentVersion.targets(2451,5): warning MSB3277:         C:\Program Files\dotnet\packs\Microsoft.NETCore.App.Ref\8.0.25\ref\net8.0\WindowsBase.dll [C:\Users\ultra\warewolf\Dev\Dev2.Development.Languages\Dev2.Development.Languages.csproj]
C:\Program Files\dotnet\sdk\10.0.201\Microsoft.Common.CurrentVersion.targets(2451,5): warning MSB3277:           Project file item includes which caused reference "C:\Program Files\dotnet\packs\Microsoft.NETCore.App.Ref\8.0.25\ref\net8.0\WindowsBase.dll". [C:\Users\ultra\warewolf\Dev\Dev2.Development.Languages\Dev2.Development.Languages.csproj]
C:\Program Files\dotnet\sdk\10.0.201\Microsoft.Common.CurrentVersion.targets(2451,5): warning MSB3277:             C:\Program Files\dotnet\packs\Microsoft.NETCore.App.Ref\8.0.25\ref/net8.0/WindowsBase.dll [C:\Users\ultra\warewolf\Dev\Dev2.Development.Languages\Dev2.Development.Languages.csproj]
C:\Program Files\dotnet\sdk\10.0.201\Microsoft.Common.CurrentVersion.targets(2451,5): warning MSB3277:     References which depend on or have been unified to "WindowsBase, Version=6.0.2.0, Culture=neutral, PublicKeyToken=31bf3856ad364e35" []. [C:\Users\ultra\warewolf\Dev\Dev2.Development.Languages\Dev2.Development.Languages.csproj]
C:\Program Files\dotnet\sdk\10.0.201\Microsoft.Common.CurrentVersion.targets(2451,5): warning MSB3277:         C:\Users\ultra\.nuget\packages\caliburn.micro\4.0.212\lib\netcoreapp3.1\Caliburn.Micro.Platform.dll [C:\Users\ultra\warewolf\Dev\Dev2.Development.Languages\Dev2.Development.Languages.csproj]
C:\Program Files\dotnet\sdk\10.0.201\Microsoft.Common.CurrentVersion.targets(2451,5): warning MSB3277:           Project file item includes which caused reference "C:\Users\ultra\.nuget\packages\caliburn.micro\4.0.212\lib\netcoreapp3.1\Caliburn.Micro.Platform.dll". [C:\Users\ultra\warewolf\Dev\Dev2.Development.Languages\Dev2.Development.Languages.csproj]
C:\Program Files\dotnet\sdk\10.0.201\Microsoft.Common.CurrentVersion.targets(2451,5): warning MSB3277:             C:\Users\ultra\.nuget\packages\caliburn.micro\4.0.212\lib\netcoreapp3.1\Caliburn.Micro.Platform.dll [C:\Users\ultra\warewolf\Dev\Dev2.Development.Languages\Dev2.Development.Languages.csproj]
C:\Program Files\dotnet\sdk\10.0.201\Microsoft.Common.CurrentVersion.targets(2451,5): warning MSB3277:         C:\Users\ultra\.nuget\packages\ironpython\3.4.0\lib\net6.0\IronPython.Wpf.dll [C:\Users\ultra\warewolf\Dev\Dev2.Development.Languages\Dev2.Development.Languages.csproj]
C:\Program Files\dotnet\sdk\10.0.201\Microsoft.Common.CurrentVersion.targets(2451,5): warning MSB3277:           Project file item includes which caused reference "C:\Users\ultra\.nuget\packages\ironpython\3.4.0\lib\net6.0\IronPython.Wpf.dll". [C:\Users\ultra\warewolf\Dev\Dev2.Development.Languages\Dev2.Development.Languages.csproj]
C:\Program Files\dotnet\sdk\10.0.201\Microsoft.Common.CurrentVersion.targets(2451,5): warning MSB3277:             C:\Users\ultra\.nuget\packages\ironpython\3.4.0\lib\net6.0\IronPython.Wpf.dll [C:\Users\ultra\warewolf\Dev\Dev2.Development.Languages\Dev2.Development.Languages.csproj]
C:\Program Files\dotnet\sdk\10.0.201\Microsoft.Common.CurrentVersion.targets(2451,5): warning MSB3277:         C:\Users\ultra\.nuget\packages\microsoft.xaml.behaviors.wpf\1.1.19\lib\netcoreapp3.0\Microsoft.Xaml.Behaviors.dll [C:\Users\ultra\warewolf\Dev\Dev2.Development.Languages\Dev2.Development.Languages.csproj]
C:\Program Files\dotnet\sdk\10.0.201\Microsoft.Common.CurrentVersion.targets(2451,5): warning MSB3277:           Project file item includes which caused reference "C:\Users\ultra\.nuget\packages\microsoft.xaml.behaviors.wpf\1.1.19\lib\netcoreapp3.0\Microsoft.Xaml.Behaviors.dll". [C:\Users\ultra\warewolf\Dev\Dev2.Development.Languages\Dev2.Development.Languages.csproj]
C:\Program Files\dotnet\sdk\10.0.201\Microsoft.Common.CurrentVersion.targets(2451,5): warning MSB3277:             C:\Users\ultra\.nuget\packages\microsoft.xaml.behaviors.wpf\1.1.19\lib\netcoreapp3.0\Microsoft.Xaml.Behaviors.dll [C:\Users\ultra\warewolf\Dev\Dev2.Development.Languages\Dev2.Development.Languages.csproj]
C:\Program Files\dotnet\sdk\10.0.201\Microsoft.Common.CurrentVersion.targets(2451,5): warning MSB3277:             C:\Users\ultra\.nuget\packages\caliburn.micro\4.0.212\lib\netcoreapp3.1\Caliburn.Micro.Platform.dll [C:\Users\ultra\warewolf\Dev\Dev2.Development.Languages\Dev2.Development.Languages.csproj]
  Dev2.Development.Languages -> C:\Users\ultra\warewolf\Dev\Dev2.Development.Languages\bin\Debug\net8.0\Dev2.Development.Languages.dll
C:\Users\ultra\warewolf\Dev\Dev2.TaskScheduler.Wrappers\Dev2TaskEvent.cs(47,33): warning CA1416: This call site is reachable on all platforms. 'SecurityIdentifier.Value' is only supported on: 'windows'. (https://learn.microsoft.com/dotnet/fundamentals/code-analysis/quality-rules/ca1416) [C:\Users\ultra\warewolf\Dev\Dev2.TaskScheduler.Wrappers\Dev2.TaskScheduler.Wrappers.csproj]
  Dev2.Util -> C:\Users\ultra\warewolf\Dev\Dev2.Util\bin\Debug\net8.0\Dev2.Util.dll
  Dev2.TaskScheduler.Wrappers -> C:\Users\ultra\warewolf\Dev\Dev2.TaskScheduler.Wrappers\bin\Debug\net8.0\Dev2.TaskScheduler.Wrappers.dll
  Warewolf.Licensing -> C:\Users\ultra\warewolf\Dev\Warewolf.Licensing\bin\Debug\net8.0\Warewolf.Licensing.dll
  Dev2.CustomControls -> C:\Users\ultra\warewolf\Dev\Dev2.CustomControls\bin\Debug\net8.0\Dev2.CustomControls.dll
  Consider app.config remapping of assembly "Newtonsoft.Json, Culture=neutral, PublicKeyToken=30ad4fe6b2a6aeed" from Version "12.0.0.0" [] to Version "13.0.0.0" [C:\Users\ultra\.nuget\packages\newtonsoft.json\13.0.2\lib\net6.0\Newtonsoft.Json.dll] to solve conflict and get rid of warning.
  Dev2.Runtime.Configuration -> C:\Users\ultra\warewolf\Dev\Dev2.Runtime.Configuration\bin\Debug\net8.0\Dev2.Runtime.Configuration.dll
C:\Program Files\dotnet\sdk\10.0.201\Microsoft.Common.CurrentVersion.targets(2451,5): warning MSB3277: Found conflicts between different versions of "System.Drawing.Common" that could not be resolved. [C:\Users\ultra\warewolf\Dev\Dev2.Runtime.Configuration.Tests\Dev2.Runtime.Configuration.Tests.csproj]
C:\Program Files\dotnet\sdk\10.0.201\Microsoft.Common.CurrentVersion.targets(2451,5): warning MSB3277: There was a conflict between "System.Drawing.Common, Version=6.0.0.0, Culture=neutral, PublicKeyToken=cc7b13ffcd2ddd51" and "System.Drawing.Common, Version=8.0.0.0, Culture=neutral, PublicKeyToken=cc7b13ffcd2ddd51". [C:\Users\ultra\warewolf\Dev\Dev2.Runtime.Configuration.Tests\Dev2.Runtime.Configuration.Tests.csproj]
C:\Program Files\dotnet\sdk\10.0.201\Microsoft.Common.CurrentVersion.targets(2451,5): warning MSB3277:     "System.Drawing.Common, Version=6.0.0.0, Culture=neutral, PublicKeyToken=cc7b13ffcd2ddd51" was chosen because it was primary and "System.Drawing.Common, Version=8.0.0.0, Culture=neutral, PublicKeyToken=cc7b13ffcd2ddd51" was not. [C:\Users\ultra\warewolf\Dev\Dev2.Runtime.Configuration.Tests\Dev2.Runtime.Configuration.Tests.csproj]
C:\Program Files\dotnet\sdk\10.0.201\Microsoft.Common.CurrentVersion.targets(2451,5): warning MSB3277:     References which depend on "System.Drawing.Common, Version=6.0.0.0, Culture=neutral, PublicKeyToken=cc7b13ffcd2ddd51" [C:\Users\ultra\.nuget\packages\system.drawing.common\6.0.0\lib\net6.0\System.Drawing.Common.dll]. [C:\Users\ultra\warewolf\Dev\Dev2.Runtime.Configuration.Tests\Dev2.Runtime.Configuration.Tests.csproj]
C:\Program Files\dotnet\sdk\10.0.201\Microsoft.Common.CurrentVersion.targets(2451,5): warning MSB3277:         C:\Users\ultra\.nuget\packages\system.drawing.common\6.0.0\lib\net6.0\System.Drawing.Common.dll [C:\Users\ultra\warewolf\Dev\Dev2.Runtime.Configuration.Tests\Dev2.Runtime.Configuration.Tests.csproj]
C:\Program Files\dotnet\sdk\10.0.201\Microsoft.Common.CurrentVersion.targets(2451,5): warning MSB3277:           Project file item includes which caused reference "C:\Users\ultra\.nuget\packages\system.drawing.common\6.0.0\lib\net6.0\System.Drawing.Common.dll". [C:\Users\ultra\warewolf\Dev\Dev2.Runtime.Configuration.Tests\Dev2.Runtime.Configuration.Tests.csproj]
C:\Program Files\dotnet\sdk\10.0.201\Microsoft.Common.CurrentVersion.targets(2451,5): warning MSB3277:             C:\Users\ultra\.nuget\packages\system.drawing.common\6.0.0\lib\net6.0\System.Drawing.Common.dll [C:\Users\ultra\warewolf\Dev\Dev2.Runtime.Configuration.Tests\Dev2.Runtime.Configuration.Tests.csproj]
C:\Program Files\dotnet\sdk\10.0.201\Microsoft.Common.CurrentVersion.targets(2451,5): warning MSB3277:     References which depend on or have been unified to "System.Drawing.Common, Version=8.0.0.0, Culture=neutral, PublicKeyToken=cc7b13ffcd2ddd51" []. [C:\Users\ultra\warewolf\Dev\Dev2.Runtime.Configuration.Tests\Dev2.Runtime.Configuration.Tests.csproj]
C:\Program Files\dotnet\sdk\10.0.201\Microsoft.Common.CurrentVersion.targets(2451,5): warning MSB3277:         C:\Users\ultra\.nuget\packages\system.windows.extensions\8.0.0\lib\net8.0\System.Windows.Extensions.dll [C:\Users\ultra\warewolf\Dev\Dev2.Runtime.Configuration.Tests\Dev2.Runtime.Configuration.Tests.csproj]
C:\Program Files\dotnet\sdk\10.0.201\Microsoft.Common.CurrentVersion.targets(2451,5): warning MSB3277:           Project file item includes which caused reference "C:\Users\ultra\.nuget\packages\system.windows.extensions\8.0.0\lib\net8.0\System.Windows.Extensions.dll". [C:\Users\ultra\warewolf\Dev\Dev2.Runtime.Configuration.Tests\Dev2.Runtime.Configuration.Tests.csproj]
C:\Program Files\dotnet\sdk\10.0.201\Microsoft.Common.CurrentVersion.targets(2451,5): warning MSB3277:             C:\Users\ultra\.nuget\packages\system.windows.extensions\8.0.0\lib\net8.0\System.Windows.Extensions.dll [C:\Users\ultra\warewolf\Dev\Dev2.Runtime.Configuration.Tests\Dev2.Runtime.Configuration.Tests.csproj]
C:\Program Files\dotnet\sdk\10.0.201\Microsoft.Common.CurrentVersion.targets(2451,5): warning MSB3277:             C:\Users\ultra\.nuget\packages\system.security.permissions\8.0.0\lib\net8.0\System.Security.Permissions.dll [C:\Users\ultra\warewolf\Dev\Dev2.Runtime.Configuration.Tests\Dev2.Runtime.Configuration.Tests.csproj]
C:\Program Files\dotnet\sdk\10.0.201\Microsoft.Common.CurrentVersion.targets(2451,5): warning MSB3277:             C:\Users\ultra\.nuget\packages\dotnetzip\1.16.0\lib\netstandard2.0\DotNetZip.dll [C:\Users\ultra\warewolf\Dev\Dev2.Runtime.Configuration.Tests\Dev2.Runtime.Configuration.Tests.csproj]
C:\Program Files\dotnet\sdk\10.0.201\Microsoft.Common.CurrentVersion.targets(2451,5): warning MSB3277:             C:\Users\ultra\warewolf\Dev\Dev2.Common\bin\Debug\net8.0\Dev2.Common.dll [C:\Users\ultra\warewolf\Dev\Dev2.Runtime.Configuration.Tests\Dev2.Runtime.Configuration.Tests.csproj]
C:\Program Files\dotnet\sdk\10.0.201\Microsoft.Common.CurrentVersion.targets(2451,5): warning MSB3277:             C:\Users\ultra\warewolf\Dev\Dev2.Data.Interfaces\bin\Debug\net8.0\Dev2.Data.Interfaces.dll [C:\Users\ultra\warewolf\Dev\Dev2.Runtime.Configuration.Tests\Dev2.Runtime.Configuration.Tests.csproj]
C:\Program Files\dotnet\sdk\10.0.201\Microsoft.Common.CurrentVersion.targets(2451,5): warning MSB3277:             C:\Users\ultra\warewolf\Dev\Dev2.Util\bin\Debug\net8.0\Dev2.Util.dll [C:\Users\ultra\warewolf\Dev\Dev2.Runtime.Configuration.Tests\Dev2.Runtime.Configuration.Tests.csproj]
C:\Program Files\dotnet\sdk\10.0.201\Microsoft.Common.CurrentVersion.targets(2451,5): warning MSB3277:             C:\Users\ultra\.nuget\packages\system.directoryservices\6.0.0\lib\net6.0\System.DirectoryServices.dll [C:\Users\ultra\warewolf\Dev\Dev2.Runtime.Configuration.Tests\Dev2.Runtime.Configuration.Tests.csproj]
C:\Program Files\dotnet\sdk\10.0.201\Microsoft.Common.CurrentVersion.targets(2451,5): warning MSB3277:             C:\Program Files\dotnet\packs\Microsoft.NETCore.App.Ref\8.0.25\ref/net8.0/System.Configuration.dll [C:\Users\ultra\warewolf\Dev\Dev2.Runtime.Configuration.Tests\Dev2.Runtime.Configuration.Tests.csproj]
C:\Program Files\dotnet\sdk\10.0.201\Microsoft.Common.CurrentVersion.targets(2451,5): warning MSB3277:             C:\Program Files\dotnet\packs\Microsoft.NETCore.App.Ref\8.0.25\ref/net8.0/System.Data.dll [C:\Users\ultra\warewolf\Dev\Dev2.Runtime.Configuration.Tests\Dev2.Runtime.Configuration.Tests.csproj]
C:\Program Files\dotnet\sdk\10.0.201\Microsoft.Common.CurrentVersion.targets(2451,5): warning MSB3277:             C:\Users\ultra\.nuget\packages\taskschedulereditor\2.10.1\lib\net452\Microsoft.Win32.TaskSchedulerEditor.dll [C:\Users\ultra\warewolf\Dev\Dev2.Runtime.Configuration.Tests\Dev2.Runtime.Configuration.Tests.csproj]
C:\Program Files\dotnet\sdk\10.0.201\Microsoft.Common.CurrentVersion.targets(2451,5): warning MSB3277:             C:\Program Files\dotnet\packs\Microsoft.NETCore.App.Ref\8.0.25\ref/net8.0/System.Drawing.dll [C:\Users\ultra\warewolf\Dev\Dev2.Runtime.Configuration.Tests\Dev2.Runtime.Configuration.Tests.csproj]
C:\Program Files\dotnet\sdk\10.0.201\Microsoft.Common.CurrentVersion.targets(2451,5): warning MSB3277:             C:\Users\ultra\.nuget\packages\aerowizard\2.3.1\lib\net45\AeroWizard.dll [C:\Users\ultra\warewolf\Dev\Dev2.Runtime.Configuration.Tests\Dev2.Runtime.Configuration.Tests.csproj]
C:\Program Files\dotnet\sdk\10.0.201\Microsoft.Common.CurrentVersion.targets(2451,5): warning MSB3277:             C:\Users\ultra\.nuget\packages\groupcontrols\1.9.0\lib\net45\GroupControls.dll [C:\Users\ultra\warewolf\Dev\Dev2.Runtime.Configuration.Tests\Dev2.Runtime.Configuration.Tests.csproj]
C:\Program Files\dotnet\sdk\10.0.201\Microsoft.Common.CurrentVersion.targets(2451,5): warning MSB3277:             C:\Program Files\dotnet\packs\Microsoft.NETCore.App.Ref\8.0.25\ref/net8.0/System.Net.dll [C:\Users\ultra\warewolf\Dev\Dev2.Runtime.Configuration.Tests\Dev2.Runtime.Configuration.Tests.csproj]
C:\Program Files\dotnet\sdk\10.0.201\Microsoft.Common.CurrentVersion.targets(2451,5): warning MSB3277:             C:\Program Files\dotnet\packs\Microsoft.NETCore.App.Ref\8.0.25\ref/net8.0/System.Security.dll [C:\Users\ultra\warewolf\Dev\Dev2.Runtime.Configuration.Tests\Dev2.Runtime.Configuration.Tests.csproj]
C:\Program Files\dotnet\sdk\10.0.201\Microsoft.Common.CurrentVersion.targets(2451,5): warning MSB3277:             C:\Program Files\dotnet\packs\Microsoft.NETCore.App.Ref\8.0.25\ref/net8.0/System.ServiceProcess.dll [C:\Users\ultra\warewolf\Dev\Dev2.Runtime.Configuration.Tests\Dev2.Runtime.Configuration.Tests.csproj]
C:\Program Files\dotnet\sdk\10.0.201\Microsoft.Common.CurrentVersion.targets(2451,5): warning MSB3277:             C:\Program Files\dotnet\packs\Microsoft.NETCore.App.Ref\8.0.25\ref/net8.0/System.Transactions.dll [C:\Users\ultra\warewolf\Dev\Dev2.Runtime.Configuration.Tests\Dev2.Runtime.Configuration.Tests.csproj]
C:\Program Files\dotnet\sdk\10.0.201\Microsoft.Common.CurrentVersion.targets(2451,5): warning MSB3277:             C:\Program Files\dotnet\packs\Microsoft.NETCore.App.Ref\8.0.25\ref/net8.0/System.dll [C:\Users\ultra\warewolf\Dev\Dev2.Runtime.Configuration.Tests\Dev2.Runtime.Configuration.Tests.csproj]
C:\Program Files\dotnet\sdk\10.0.201\Microsoft.Common.CurrentVersion.targets(2451,5): warning MSB3277:             C:\Users\ultra\.nuget\packages\ttcue.netcore.sharepointonline.csom.16.1.8029.1200\16.1.8029.1200\lib\netcoreapp2.0\Microsoft.SharePoint.Client.Runtime.Windows.dll [C:\Users\ultra\warewolf\Dev\Dev2.Runtime.Configuration.Tests\Dev2.Runtime.Configuration.Tests.csproj]
C:\Program Files\dotnet\sdk\10.0.201\Microsoft.Common.CurrentVersion.targets(2451,5): warning MSB3277:             C:\Program Files\dotnet\packs\Microsoft.NETCore.App.Ref\8.0.25\ref/net8.0/WindowsBase.dll [C:\Users\ultra\warewolf\Dev\Dev2.Runtime.Configuration.Tests\Dev2.Runtime.Configuration.Tests.csproj]
C:\Program Files\dotnet\sdk\10.0.201\Microsoft.Common.CurrentVersion.targets(2451,5): warning MSB3277:             C:\Users\ultra\.nuget\packages\caliburn.micro\4.0.212\lib\netcoreapp3.1\Caliburn.Micro.Platform.dll [C:\Users\ultra\warewolf\Dev\Dev2.Runtime.Configuration.Tests\Dev2.Runtime.Configuration.Tests.csproj]
C:\Program Files\dotnet\sdk\10.0.201\Microsoft.Common.CurrentVersion.targets(2451,5): warning MSB3277:             C:\Users\ultra\.nuget\packages\microsoft.xaml.behaviors.wpf\1.1.19\lib\netcoreapp3.0\Microsoft.Xaml.Behaviors.dll [C:\Users\ultra\warewolf\Dev\Dev2.Runtime.Configuration.Tests\Dev2.Runtime.Configuration.Tests.csproj]
C:\Program Files\dotnet\sdk\10.0.201\Microsoft.Common.CurrentVersion.targets(2451,5): warning MSB3277:             C:\Program Files\dotnet\packs\Microsoft.NETCore.App.Ref\8.0.25\ref/net8.0/mscorlib.dll [C:\Users\ultra\warewolf\Dev\Dev2.Runtime.Configuration.Tests\Dev2.Runtime.Configuration.Tests.csproj]
C:\Program Files\dotnet\sdk\10.0.201\Microsoft.Common.CurrentVersion.targets(2451,5): warning MSB3277:             C:\Users\ultra\.nuget\packages\microsoft.codecoverage\17.13.0\lib\netcoreapp3.1\Microsoft.VisualStudio.CodeCoverage.Shim.dll [C:\Users\ultra\warewolf\Dev\Dev2.Runtime.Configuration.Tests\Dev2.Runtime.Configuration.Tests.csproj]
C:\Program Files\dotnet\sdk\10.0.201\Microsoft.Common.CurrentVersion.targets(2451,5): warning MSB3277:         C:\Program Files\dotnet\packs\Microsoft.NETCore.App.Ref\8.0.25\ref\net8.0\System.Drawing.dll [C:\Users\ultra\warewolf\Dev\Dev2.Runtime.Configuration.Tests\Dev2.Runtime.Configuration.Tests.csproj]
C:\Program Files\dotnet\sdk\10.0.201\Microsoft.Common.CurrentVersion.targets(2451,5): warning MSB3277:           Project file item includes which caused reference "C:\Program Files\dotnet\packs\Microsoft.NETCore.App.Ref\8.0.25\ref\net8.0\System.Drawing.dll". [C:\Users\ultra\warewolf\Dev\Dev2.Runtime.Configuration.Tests\Dev2.Runtime.Configuration.Tests.csproj]
C:\Program Files\dotnet\sdk\10.0.201\Microsoft.Common.CurrentVersion.targets(2451,5): warning MSB3277:             C:\Program Files\dotnet\packs\Microsoft.NETCore.App.Ref\8.0.25\ref/net8.0/System.Drawing.dll [C:\Users\ultra\warewolf\Dev\Dev2.Runtime.Configuration.Tests\Dev2.Runtime.Configuration.Tests.csproj]
C:\Program Files\dotnet\sdk\10.0.201\Microsoft.Common.CurrentVersion.targets(2451,5): warning MSB3277:             C:\Users\ultra\.nuget\packages\aerowizard\2.3.1\lib\net45\AeroWizard.dll [C:\Users\ultra\warewolf\Dev\Dev2.Runtime.Configuration.Tests\Dev2.Runtime.Configuration.Tests.csproj]
C:\Program Files\dotnet\sdk\10.0.201\Microsoft.Common.CurrentVersion.targets(2451,5): warning MSB3277:             C:\Users\ultra\.nuget\packages\groupcontrols\1.9.0\lib\net45\GroupControls.dll [C:\Users\ultra\warewolf\Dev\Dev2.Runtime.Configuration.Tests\Dev2.Runtime.Configuration.Tests.csproj]
C:\Program Files\dotnet\sdk\10.0.201\Microsoft.Common.CurrentVersion.targets(2451,5): warning MSB3277:             C:\Users\ultra\.nuget\packages\taskschedulereditor\2.10.1\lib\net452\Microsoft.Win32.TaskSchedulerEditor.dll [C:\Users\ultra\warewolf\Dev\Dev2.Runtime.Configuration.Tests\Dev2.Runtime.Configuration.Tests.csproj]
C:\Users\ultra\warewolf\Dev\Dev2.Diagnostics\Debug\DebugDispatcher.cs(209,35): warning CC0057: Parameter 'previous' is not used. (https://code-cracker.github.io/diagnostics/CC0057.html) [C:\Users\ultra\warewolf\Dev\Dev2.Diagnostics\Dev2.Diagnostics.csproj]
  Dev2.Diagnostics -> C:\Users\ultra\warewolf\Dev\Dev2.Diagnostics\bin\Debug\net8.0\Dev2.Diagnostics.dll
  Dev2.Runtime.Configuration.Tests -> C:\Users\ultra\warewolf\Dev\Dev2.Runtime.Configuration.Tests\bin\Debug\net8.0\linux-x64\Dev2.Runtime.Configuration.Tests.dll
C:\Users\ultra\warewolf\Dev\Warewolf.AI.Harness\ChatbotApiService.cs(11,7): warning CS0105: The using directive for 'System.Text' appeared previously in this namespace [C:\Users\ultra\warewolf\Dev\Warewolf.AI.Harness\Warewolf.AI.Harness.csproj]
C:\Users\ultra\warewolf\Dev\Warewolf.AI.Harness\ChatbotApiService.cs(12,7): warning CS0105: The using directive for 'Newtonsoft.Json' appeared previously in this namespace [C:\Users\ultra\warewolf\Dev\Warewolf.AI.Harness\Warewolf.AI.Harness.csproj]
C:\Users\ultra\warewolf\Dev\Warewolf.AI.Harness\ChatbotApiService.cs(641,23): warning CS8618: Non-nullable property 'Model' must contain a non-null value when exiting constructor. Consider adding the 'required' modifier or declaring the property as nullable. [C:\Users\ultra\warewolf\Dev\Warewolf.AI.Harness\Warewolf.AI.Harness.csproj]
C:\Users\ultra\warewolf\Dev\Warewolf.AI.Harness\ChatbotApiService.cs(659,23): warning CS8618: Non-nullable property 'FinishReason' must contain a non-null value when exiting constructor. Consider adding the 'required' modifier or declaring the property as nullable. [C:\Users\ultra\warewolf\Dev\Warewolf.AI.Harness\Warewolf.AI.Harness.csproj]
C:\Users\ultra\warewolf\Dev\Warewolf.AI.Harness\ChatbotApiService.cs(201,34): warning CS8600: Converting null literal or possible null value to non-nullable type. [C:\Users\ultra\warewolf\Dev\Warewolf.AI.Harness\Warewolf.AI.Harness.csproj]
C:\Users\ultra\warewolf\Dev\Warewolf.AI.Harness\ChatbotApiService.cs(215,51): warning CS8602: Dereference of a possibly null reference. [C:\Users\ultra\warewolf\Dev\Warewolf.AI.Harness\Warewolf.AI.Harness.csproj]
C:\Users\ultra\warewolf\Dev\Warewolf.AI.Harness\ChatbotApiService.cs(218,25): warning CS8602: Dereference of a possibly null reference. [C:\Users\ultra\warewolf\Dev\Warewolf.AI.Harness\Warewolf.AI.Harness.csproj]
C:\Users\ultra\warewolf\Dev\Warewolf.AI.Harness\ChatbotApiService.cs(303,34): warning CS8600: Converting null literal or possible null value to non-nullable type. [C:\Users\ultra\warewolf\Dev\Warewolf.AI.Harness\Warewolf.AI.Harness.csproj]
C:\Users\ultra\warewolf\Dev\Warewolf.AI.Harness\ChatbotApiService.cs(312,51): warning CS8602: Dereference of a possibly null reference. [C:\Users\ultra\warewolf\Dev\Warewolf.AI.Harness\Warewolf.AI.Harness.csproj]
C:\Users\ultra\warewolf\Dev\Warewolf.AI.Harness\ChatbotApiService.cs(314,30): warning CS8602: Dereference of a possibly null reference. [C:\Users\ultra\warewolf\Dev\Warewolf.AI.Harness\Warewolf.AI.Harness.csproj]
C:\Users\ultra\warewolf\Dev\Warewolf.AI.Harness\ChatbotApiService.cs(477,32): warning CS8600: Converting null literal or possible null value to non-nullable type. [C:\Users\ultra\warewolf\Dev\Warewolf.AI.Harness\Warewolf.AI.Harness.csproj]
C:\Users\ultra\warewolf\Dev\Warewolf.AI.Harness\ChatbotApiService.cs(478,32): warning CS8600: Converting null literal or possible null value to non-nullable type. [C:\Users\ultra\warewolf\Dev\Warewolf.AI.Harness\Warewolf.AI.Harness.csproj]
C:\Users\ultra\warewolf\Dev\Warewolf.AI.Harness\ChatbotApiService.cs(481,73): warning CS8625: Cannot convert null literal to non-nullable reference type. [C:\Users\ultra\warewolf\Dev\Warewolf.AI.Harness\Warewolf.AI.Harness.csproj]
C:\Users\ultra\warewolf\Dev\Warewolf.AI.Harness\ChatbotApiService.cs(482,60): warning CS8604: Possible null reference argument for parameter 'authHeaderName' in 'HttpResponseMessage ChatbotApiService.PostWithAuth(string endpoint, object payload, string authHeaderName, string authHeaderValue, string additionalHeaders)'. [C:\Users\ultra\warewolf\Dev\Warewolf.AI.Harness\Warewolf.AI.Harness.csproj]
C:\Users\ultra\warewolf\Dev\Warewolf.AI.Harness\ChatbotApiService.cs(482,70): warning CS8604: Possible null reference argument for parameter 'authHeaderValue' in 'HttpResponseMessage ChatbotApiService.PostWithAuth(string endpoint, object payload, string authHeaderName, string authHeaderValue, string additionalHeaders)'. [C:\Users\ultra\warewolf\Dev\Warewolf.AI.Harness\Warewolf.AI.Harness.csproj]
C:\Users\ultra\warewolf\Dev\Warewolf.AI.Harness\ChatbotApiService.cs(482,81): warning CS8625: Cannot convert null literal to non-nullable reference type. [C:\Users\ultra\warewolf\Dev\Warewolf.AI.Harness\Warewolf.AI.Harness.csproj]
C:\Users\ultra\warewolf\Dev\Warewolf.AI.Harness\ChatbotApiService.cs(496,73): warning CS8625: Cannot convert null literal to non-nullable reference type. [C:\Users\ultra\warewolf\Dev\Warewolf.AI.Harness\Warewolf.AI.Harness.csproj]
C:\Users\ultra\warewolf\Dev\Warewolf.AI.Harness\ChatbotApiService.cs(497,81): warning CS8625: Cannot convert null literal to non-nullable reference type. [C:\Users\ultra\warewolf\Dev\Warewolf.AI.Harness\Warewolf.AI.Harness.csproj]
C:\Users\ultra\warewolf\Dev\Warewolf.AI.Harness\ChatbotApiService.cs(514,73): warning CS8625: Cannot convert null literal to non-nullable reference type. [C:\Users\ultra\warewolf\Dev\Warewolf.AI.Harness\Warewolf.AI.Harness.csproj]
C:\Users\ultra\warewolf\Dev\Warewolf.AI.Harness\ChatbotApiService.cs(515,114): warning CS8625: Cannot convert null literal to non-nullable reference type. [C:\Users\ultra\warewolf\Dev\Warewolf.AI.Harness\Warewolf.AI.Harness.csproj]
C:\Users\ultra\warewolf\Dev\Warewolf.AI.Harness\ChatbotApiService.cs(521,36): warning CS8600: Converting null literal or possible null value to non-nullable type. [C:\Users\ultra\warewolf\Dev\Warewolf.AI.Harness\Warewolf.AI.Harness.csproj]
C:\Users\ultra\warewolf\Dev\Warewolf.AI.Harness\ChatbotApiService.cs(538,82): warning CS8604: Possible null reference argument for parameter 'systemMessage' in 'Dictionary<string, object> ChatbotApiService.CreatePayload(string model, object messages, string systemMessage, bool useMaxCompletionTokens, bool includeTemperature)'. [C:\Users\ultra\warewolf\Dev\Warewolf.AI.Harness\Warewolf.AI.Harness.csproj]
C:\Users\ultra\warewolf\Dev\Warewolf.AI.Harness\ChatbotApiService.cs(545,35): warning CS8600: Converting null literal or possible null value to non-nullable type. [C:\Users\ultra\warewolf\Dev\Warewolf.AI.Harness\Warewolf.AI.Harness.csproj]
C:\Users\ultra\warewolf\Dev\Warewolf.AI.Harness\ChatbotApiService.cs(589,68): warning CS8625: Cannot convert null literal to non-nullable reference type. [C:\Users\ultra\warewolf\Dev\Warewolf.AI.Harness\Warewolf.AI.Harness.csproj]
C:\Users\ultra\warewolf\Dev\Warewolf.AI.Harness\ChatbotApiService.cs(589,74): warning CS8625: Cannot convert null literal to non-nullable reference type. [C:\Users\ultra\warewolf\Dev\Warewolf.AI.Harness\Warewolf.AI.Harness.csproj]
C:\Users\ultra\warewolf\Dev\Warewolf.AI.Harness\ChatbotApiService.cs(589,80): warning CS8625: Cannot convert null literal to non-nullable reference type. [C:\Users\ultra\warewolf\Dev\Warewolf.AI.Harness\Warewolf.AI.Harness.csproj]
  Warewolf.AI.Harness -> C:\Users\ultra\warewolf\Dev\Warewolf.AI.Harness\bin\Debug\net8.0\Warewolf.AI.Harness.dll
C:\Users\ultra\warewolf\Dev\Dev2.Infrastructure\PerformanceCounters\PerformanceCounterCategoryWrapper.cs(33,48): warning CA1416: This call site is reachable on all platforms. 'PerformanceCounterCategory.Exists(string)' is only supported on: 'windows'. (https://learn.microsoft.com/dotnet/fundamentals/code-analysis/quality-rules/ca1416) [C:\Users\ultra\warewolf\Dev\Dev2.Infrastructure\Dev2.Infrastructure.csproj]
C:\Users\ultra\warewolf\Dev\Dev2.Infrastructure\PerformanceCounters\PerformanceCounterCategoryWrapper.cs(32,48): warning CA1416: This call site is reachable on all platforms. 'PerformanceCounterCategory.Delete(string)' is only supported on: 'windows'. (https://learn.microsoft.com/dotnet/fundamentals/code-analysis/quality-rules/ca1416) [C:\Users\ultra\warewolf\Dev\Dev2.Infrastructure\Dev2.Infrastructure.csproj]
C:\Users\ultra\warewolf\Dev\Dev2.Infrastructure\PerformanceCounters\PerformanceCounterCategoryWrapper.cs(38,29): warning CA1416: This call site is reachable on all platforms. 'PerformanceCounterCategory' is only supported on: 'windows'. (https://learn.microsoft.com/dotnet/fundamentals/code-analysis/quality-rules/ca1416) [C:\Users\ultra\warewolf\Dev\Dev2.Infrastructure\Dev2.Infrastructure.csproj]
C:\Users\ultra\warewolf\Dev\Dev2.Infrastructure\PerformanceCounters\PerformanceCounterCategoryWrapper.cs(12,51): warning CA1416: This call site is reachable on all platforms. 'PerformanceCounterCategory.CounterExists(string)' is only supported on: 'windows'. (https://learn.microsoft.com/dotnet/fundamentals/code-analysis/quality-rules/ca1416) [C:\Users\ultra\warewolf\Dev\Dev2.Infrastructure\Dev2.Infrastructure.csproj]
C:\Users\ultra\warewolf\Dev\Dev2.Infrastructure\PerformanceCounters\PerformanceCounterCategoryWrapper.cs(14,49): warning CA1416: This call site is reachable on all platforms. 'CounterCreationDataCollection' is only supported on: 'windows'. (https://learn.microsoft.com/dotnet/fundamentals/code-analysis/quality-rules/ca1416) [C:\Users\ultra\warewolf\Dev\Dev2.Infrastructure\Dev2.Infrastructure.csproj]
C:\Users\ultra\warewolf\Dev\Dev2.Infrastructure\PerformanceCounters\PerformanceCounterCategoryWrapper.cs(25,21): warning CA1416: This call site is reachable on all platforms. 'CounterCreationDataCollection.Add(CounterCreationData)' is only supported on: 'windows'. (https://learn.microsoft.com/dotnet/fundamentals/code-analysis/quality-rules/ca1416) [C:\Users\ultra\warewolf\Dev\Dev2.Infrastructure\Dev2.Infrastructure.csproj]
C:\Users\ultra\warewolf\Dev\Dev2.Infrastructure\PerformanceCounters\PerformanceCounterCategoryWrapper.cs(29,71): warning CA1416: This call site is reachable on all platforms. 'PerformanceCounterCategoryType.MultiInstance' is only supported on: 'windows'. (https://learn.microsoft.com/dotnet/fundamentals/code-analysis/quality-rules/ca1416) [C:\Users\ultra\warewolf\Dev\Dev2.Infrastructure\Dev2.Infrastructure.csproj]
C:\Users\ultra\warewolf\Dev\Dev2.Infrastructure\PerformanceCounters\PerformanceCounterCategoryWrapper.cs(19,45): warning CA1416: This call site is reachable on all platforms. 'CounterCreationData' is only supported on: 'windows'. (https://learn.microsoft.com/dotnet/fundamentals/code-analysis/quality-rules/ca1416) [C:\Users\ultra\warewolf\Dev\Dev2.Infrastructure\Dev2.Infrastructure.csproj]
C:\Users\ultra\warewolf\Dev\Dev2.Infrastructure\PerformanceCounters\PerformanceCounterCategoryWrapper.cs(29,13): warning CA1416: This call site is reachable on all platforms. 'PerformanceCounterCategory.Create(string, string, PerformanceCounterCategoryType, CounterCreationDataCollection)' is only supported on: 'windows'. (https://learn.microsoft.com/dotnet/fundamentals/code-analysis/quality-rules/ca1416) [C:\Users\ultra\warewolf\Dev\Dev2.Infrastructure\Dev2.Infrastructure.csproj]
C:\Users\ultra\warewolf\Dev\Dev2.Infrastructure\PerformanceCounters\Management\WarewolfPerformanceCounterManager.cs(22,140): warning CC0057: Parameter 'register' is not used. (https://code-cracker.github.io/diagnostics/CC0057.html) [C:\Users\ultra\warewolf\Dev\Dev2.Infrastructure\Dev2.Infrastructure.csproj]
C:\Users\ultra\warewolf\Dev\Dev2.Infrastructure\PerformanceCounters\Management\PerformanceCounterPersistence.cs(48,81): warning CC0057: Parameter 'resourcePerformanceCounters' is not used. (https://code-cracker.github.io/diagnostics/CC0057.html) [C:\Users\ultra\warewolf\Dev\Dev2.Infrastructure\Dev2.Infrastructure.csproj]
C:\Users\ultra\warewolf\Dev\Dev2.Infrastructure\PerformanceCounters\Management\WarewolfPerformanceCounterManager.cs(67,83): warning CC0057: Parameter 'name' is not used. (https://code-cracker.github.io/diagnostics/CC0057.html) [C:\Users\ultra\warewolf\Dev\Dev2.Infrastructure\Dev2.Infrastructure.csproj]
C:\Users\ultra\warewolf\Dev\Dev2.Infrastructure\PerformanceCounters\PerformanceCounterCategoryWrapper.cs(50,28): warning CA1416: This call site is reachable on all platforms. 'PerformanceCounterType.AverageTimer32' is only supported on: 'windows'. (https://learn.microsoft.com/dotnet/fundamentals/code-analysis/quality-rules/ca1416) [C:\Users\ultra\warewolf\Dev\Dev2.Infrastructure\Dev2.Infrastructure.csproj]
C:\Users\ultra\warewolf\Dev\Dev2.Infrastructure\PerformanceCounters\PerformanceCounterCategoryWrapper.cs(48,28): warning CA1416: This call site is reachable on all platforms. 'PerformanceCounterType.AverageBase' is only supported on: 'windows'. (https://learn.microsoft.com/dotnet/fundamentals/code-analysis/quality-rules/ca1416) [C:\Users\ultra\warewolf\Dev\Dev2.Infrastructure\Dev2.Infrastructure.csproj]
C:\Users\ultra\warewolf\Dev\Dev2.Infrastructure\PerformanceCounters\PerformanceCounterCategoryWrapper.cs(52,28): warning CA1416: This call site is reachable on all platforms. 'PerformanceCounterType.NumberOfItems32' is only supported on: 'windows'. (https://learn.microsoft.com/dotnet/fundamentals/code-analysis/quality-rules/ca1416) [C:\Users\ultra\warewolf\Dev\Dev2.Infrastructure\Dev2.Infrastructure.csproj]
C:\Users\ultra\warewolf\Dev\Dev2.Infrastructure\PerformanceCounters\PerformanceCounterCategoryWrapper.cs(54,28): warning CA1416: This call site is reachable on all platforms. 'PerformanceCounterType.RateOfCountsPerSecond32' is only supported on: 'windows'. (https://learn.microsoft.com/dotnet/fundamentals/code-analysis/quality-rules/ca1416) [C:\Users\ultra\warewolf\Dev\Dev2.Infrastructure\Dev2.Infrastructure.csproj]
C:\Users\ultra\warewolf\Dev\Dev2.Infrastructure\Services\Security\MoqInstallerActions\InstallerActionsForDevelopment.cs(59,57): warning CA1416: This call site is reachable on all platforms. 'WindowsIdentity.Name' is only supported on: 'windows'. (https://learn.microsoft.com/dotnet/fundamentals/code-analysis/quality-rules/ca1416) [C:\Users\ultra\warewolf\Dev\Dev2.Infrastructure\Dev2.Infrastructure.csproj]
C:\Users\ultra\warewolf\Dev\Dev2.Infrastructure\Services\Security\MoqInstallerActions\InstallerActionsForDevelopment.cs(57,31): warning CA1416: This call site is reachable on all platforms. 'WindowsIdentity.GetCurrent(bool)' is only supported on: 'windows'. (https://learn.microsoft.com/dotnet/fundamentals/code-analysis/quality-rules/ca1416) [C:\Users\ultra\warewolf\Dev\Dev2.Infrastructure\Dev2.Infrastructure.csproj]
C:\Users\ultra\warewolf\Dev\Dev2.Infrastructure\Services\Security\SecuritySettings.cs(92,28): warning CC0022: HMACSHA256 should be disposed. (https://code-cracker.github.io/diagnostics/CC0022.html) [C:\Users\ultra\warewolf\Dev\Dev2.Infrastructure\Dev2.Infrastructure.csproj]
CSC : warning AD0001: Analyzer 'CodeCracker.CSharp.Design.UseInvokeMethodToFireEventAnalyzer' threw an exception of type 'System.ArgumentException' with message 'Syntax node is not within syntax tree'. [C:\Users\ultra\warewolf\Dev\Dev2.Infrastructure\Dev2.Infrastructure.csproj]
CSC : warning AD0001: Analyzer 'CodeCracker.CSharp.Design.UseInvokeMethodToFireEventAnalyzer' threw an exception of type 'System.ArgumentException' with message 'Syntax node is not within syntax tree'. [C:\Users\ultra\warewolf\Dev\Dev2.Infrastructure\Dev2.Infrastructure.csproj]
CSC : warning AD0001: Analyzer 'CodeCracker.CSharp.Design.UseInvokeMethodToFireEventAnalyzer' threw an exception of type 'System.ArgumentException' with message 'Syntax node is not within syntax tree'. [C:\Users\ultra\warewolf\Dev\Dev2.Infrastructure\Dev2.Infrastructure.csproj]
CSC : warning AD0001: Analyzer 'CodeCracker.CSharp.Design.UseInvokeMethodToFireEventAnalyzer' threw an exception of type 'System.ArgumentException' with message 'Syntax node is not within syntax tree'. [C:\Users\ultra\warewolf\Dev\Dev2.Infrastructure\Dev2.Infrastructure.csproj]
CSC : warning AD0001: Analyzer 'CodeCracker.CSharp.Design.UseInvokeMethodToFireEventAnalyzer' threw an exception of type 'System.ArgumentException' with message 'Syntax node is not within syntax tree'. [C:\Users\ultra\warewolf\Dev\Dev2.Infrastructure\Dev2.Infrastructure.csproj]
CSC : warning AD0001: Analyzer 'CodeCracker.CSharp.Design.UseInvokeMethodToFireEventAnalyzer' threw an exception of type 'System.ArgumentException' with message 'Syntax node is not within syntax tree'. [C:\Users\ultra\warewolf\Dev\Dev2.Infrastructure\Dev2.Infrastructure.csproj]
CSC : warning AD0001: Analyzer 'CodeCracker.CSharp.Design.UseInvokeMethodToFireEventAnalyzer' threw an exception of type 'System.ArgumentException' with message 'Syntax node is not within syntax tree'. [C:\Users\ultra\warewolf\Dev\Dev2.Infrastructure\Dev2.Infrastructure.csproj]
CSC : warning AD0001: Analyzer 'CodeCracker.CSharp.Design.UseInvokeMethodToFireEventAnalyzer' threw an exception of type 'System.ArgumentException' with message 'Syntax node is not within syntax tree'. [C:\Users\ultra\warewolf\Dev\Dev2.Infrastructure\Dev2.Infrastructure.csproj]
CSC : warning AD0001: Analyzer 'CodeCracker.CSharp.Design.UseInvokeMethodToFireEventAnalyzer' threw an exception of type 'System.ArgumentException' with message 'Syntax node is not within syntax tree'. [C:\Users\ultra\warewolf\Dev\Dev2.Infrastructure\Dev2.Infrastructure.csproj]
CSC : warning AD0001: Analyzer 'CodeCracker.CSharp.Design.UseInvokeMethodToFireEventAnalyzer' threw an exception of type 'System.ArgumentException' with message 'Syntax node is not within syntax tree'. [C:\Users\ultra\warewolf\Dev\Dev2.Infrastructure\Dev2.Infrastructure.csproj]
CSC : warning AD0001: Analyzer 'CodeCracker.CSharp.Design.UseInvokeMethodToFireEventAnalyzer' threw an exception of type 'System.ArgumentException' with message 'Syntax node is not within syntax tree'. [C:\Users\ultra\warewolf\Dev\Dev2.Infrastructure\Dev2.Infrastructure.csproj]
CSC : warning AD0001: Analyzer 'CodeCracker.CSharp.Design.UseInvokeMethodToFireEventAnalyzer' threw an exception of type 'System.ArgumentException' with message 'Syntax node is not within syntax tree'. [C:\Users\ultra\warewolf\Dev\Dev2.Infrastructure\Dev2.Infrastructure.csproj]
CSC : warning AD0001: Analyzer 'CodeCracker.CSharp.Design.UseInvokeMethodToFireEventAnalyzer' threw an exception of type 'System.ArgumentException' with message 'Syntax node is not within syntax tree'. [C:\Users\ultra\warewolf\Dev\Dev2.Infrastructure\Dev2.Infrastructure.csproj]
CSC : warning AD0001: Analyzer 'CodeCracker.CSharp.Design.UseInvokeMethodToFireEventAnalyzer' threw an exception of type 'System.ArgumentException' with message 'Syntax node is not within syntax tree'. [C:\Users\ultra\warewolf\Dev\Dev2.Infrastructure\Dev2.Infrastructure.csproj]
  Dev2.Infrastructure -> C:\Users\ultra\warewolf\Dev\Dev2.Infrastructure\bin\Debug\net8.0\Dev2.Infrastructure.dll
C:\Program Files\dotnet\sdk\10.0.201\Microsoft.CSharp.CurrentVersion.targets(130,9): warning MSB3884: Could not find rule set file "..\.sonarlint\warewolf_dotnet_frameworkcsharp.ruleset". [C:\Users\ultra\warewolf\Dev\Warewolf.Sharepoint\Warewolf.Sharepoint.csproj]
C:\Users\ultra\warewolf\Dev\Warewolf.PerfMon\Program.cs(26,2): warning CA1416: This call site is reachable on all platforms. 'ServiceBase.Run(ServiceBase)' is only supported on: 'windows'. (https://learn.microsoft.com/dotnet/fundamentals/code-analysis/quality-rules/ca1416) [C:\Users\ultra\warewolf\Dev\Warewolf.PerfMon\Warewolf.PerfMon.csproj]
  Warewolf.Sharepoint -> C:\Users\ultra\warewolf\Dev\Warewolf.Sharepoint\bin\Debug\net8.0\Warewolf.Sharepoint.dll
  Warewolf.Storage -> C:\Users\ultra\warewolf\Dev\Warewolf.Storage\bin\Debug\net8.0\Warewolf.Storage.dll
C:\Users\ultra\warewolf\Dev\Dev2.Services.Sql\ConnectionBuilder.cs(44,21): warning CC0029: 'ConnectionBuilder' should call GC.SuppressFinalize inside the Dispose method. (https://code-cracker.github.io/diagnostics/CC0029.html) [C:\Users\ultra\warewolf\Dev\Dev2.Services.Sql\Dev2.Services.Sql.csproj]
  Dev2.Services.Sql -> C:\Users\ultra\warewolf\Dev\Dev2.Services.Sql\bin\Debug\net8.0\Dev2.Services.Sql.dll
C:\Users\ultra\warewolf\Dev\Dev2.SignalR.Wrappers.New\HubConnectionWrapper.cs(431,21): warning SYSLIB0006: 'Thread.Abort()' is obsolete: 'Thread.Abort is not supported and throws PlatformNotSupportedException.' (https://aka.ms/dotnet-warnings/SYSLIB0006) [C:\Users\ultra\warewolf\Dev\Dev2.SignalR.Wrappers.New\Dev2.SignalR.Wrappers.New.csproj]
C:\Users\ultra\warewolf\Dev\Dev2.SignalR.Wrappers.New\HubConnectionWrapper.cs(205,21): warning CC0029: 'HubConnectionWrapper' should call GC.SuppressFinalize inside the Dispose method. (https://code-cracker.github.io/diagnostics/CC0029.html) [C:\Users\ultra\warewolf\Dev\Dev2.SignalR.Wrappers.New\Dev2.SignalR.Wrappers.New.csproj]
C:\Users\ultra\warewolf\Dev\Dev2.SignalR.Wrappers.New\HubConnectionWrapper.cs(383,17): warning CC0105: Use 'var' instead of specifying the type name. (https://code-cracker.github.io/diagnostics/CC0105.html) [C:\Users\ultra\warewolf\Dev\Dev2.SignalR.Wrappers.New\Dev2.SignalR.Wrappers.New.csproj]
  Warewolf.PerfMon -> C:\Users\ultra\warewolf\Dev\Warewolf.PerfMon\bin\Debug\net8.0\linux-x64\Warewolf.PerfMon.dll
  Dev2.SignalR.Wrappers.New -> C:\Users\ultra\warewolf\Dev\Dev2.SignalR.Wrappers.New\bin\Debug\net8.0\Dev2.SignalR.Wrappers.New.dll
C:\Program Files\dotnet\sdk\10.0.201\Microsoft.Common.CurrentVersion.targets(2451,5): warning MSB3245: Could not resolve this reference. Could not locate the assembly "System.Web". Check to make sure the assembly exists on disk. If this reference is required by your code, you may get compilation errors. [C:\Users\ultra\warewolf\Dev\Dev2.Data\Dev2.Data.csproj]
C:\Program Files\dotnet\sdk\10.0.201\Microsoft.Common.CurrentVersion.targets(2451,5): warning MSB3245: Could not resolve this reference. Could not locate the assembly "System.Web.Extensions". Check to make sure the assembly exists on disk. If this reference is required by your code, you may get compilation errors. [C:\Users\ultra\warewolf\Dev\Dev2.Data\Dev2.Data.csproj]
C:\Program Files\dotnet\sdk\10.0.201\Microsoft.Common.CurrentVersion.targets(2451,5): warning MSB3245: Could not resolve this reference. Could not locate the assembly "System.Xml.Linq". Check to make sure the assembly exists on disk. If this reference is required by your code, you may get compilation errors. [C:\Users\ultra\warewolf\Dev\Dev2.Data\Dev2.Data.csproj]
C:\Program Files\dotnet\sdk\10.0.201\Microsoft.Common.CurrentVersion.targets(2451,5): warning MSB3245: Could not resolve this reference. Could not locate the assembly "System.Data.DataSetExtensions". Check to make sure the assembly exists on disk. If this reference is required by your code, you may get compilation errors. [C:\Users\ultra\warewolf\Dev\Dev2.Data\Dev2.Data.csproj]
C:\Program Files\dotnet\sdk\10.0.201\Microsoft.Common.CurrentVersion.targets(2451,5): warning MSB3245: Could not resolve this reference. Could not locate the assembly "Microsoft.CSharp". Check to make sure the assembly exists on disk. If this reference is required by your code, you may get compilation errors. [C:\Users\ultra\warewolf\Dev\Dev2.Data\Dev2.Data.csproj]
C:\Program Files\dotnet\sdk\10.0.201\Microsoft.Common.CurrentVersion.targets(2451,5): warning MSB3245: Could not resolve this reference. Could not locate the assembly "System.Data". Check to make sure the assembly exists on disk. If this reference is required by your code, you may get compilation errors. [C:\Users\ultra\warewolf\Dev\Dev2.Data\Dev2.Data.csproj]
C:\Program Files\dotnet\sdk\10.0.201\Microsoft.Common.CurrentVersion.targets(2451,5): warning MSB3245: Could not resolve this reference. Could not locate the assembly "System.Xml". Check to make sure the assembly exists on disk. If this reference is required by your code, you may get compilation errors. [C:\Users\ultra\warewolf\Dev\Dev2.Data\Dev2.Data.csproj]
C:\Program Files\dotnet\sdk\10.0.201\Microsoft.Common.CurrentVersion.targets(2451,5): warning MSB3243: No way to resolve conflict between "System.Web, Version=4.0.0.0, Culture=neutral, PublicKeyToken=b03f5f7f11d50a3a" and "System.Web". Choosing "System.Web, Version=4.0.0.0, Culture=neutral, PublicKeyToken=b03f5f7f11d50a3a" arbitrarily. [C:\Users\ultra\warewolf\Dev\Dev2.Data\Dev2.Data.csproj]
C:\Program Files\dotnet\sdk\10.0.201\Microsoft.Common.CurrentVersion.targets(2451,5): warning MSB3243: No way to resolve conflict between "System.Xml.Linq, Version=4.0.0.0, Culture=neutral, PublicKeyToken=b77a5c561934e089" and "System.Xml.Linq". Choosing "System.Xml.Linq, Version=4.0.0.0, Culture=neutral, PublicKeyToken=b77a5c561934e089" arbitrarily. [C:\Users\ultra\warewolf\Dev\Dev2.Data\Dev2.Data.csproj]
C:\Program Files\dotnet\sdk\10.0.201\Microsoft.Common.CurrentVersion.targets(2451,5): warning MSB3243: No way to resolve conflict between "System.Data.DataSetExtensions, Version=8.0.0.0, Culture=neutral, PublicKeyToken=b77a5c561934e089" and "System.Data.DataSetExtensions". Choosing "System.Data.DataSetExtensions, Version=8.0.0.0, Culture=neutral, PublicKeyToken=b77a5c561934e089" arbitrarily. [C:\Users\ultra\warewolf\Dev\Dev2.Data\Dev2.Data.csproj]
C:\Program Files\dotnet\sdk\10.0.201\Microsoft.Common.CurrentVersion.targets(2451,5): warning MSB3243: No way to resolve conflict between "Microsoft.CSharp, Version=8.0.0.0, Culture=neutral, PublicKeyToken=b03f5f7f11d50a3a" and "Microsoft.CSharp". Choosing "Microsoft.CSharp, Version=8.0.0.0, Culture=neutral, PublicKeyToken=b03f5f7f11d50a3a" arbitrarily. [C:\Users\ultra\warewolf\Dev\Dev2.Data\Dev2.Data.csproj]
C:\Program Files\dotnet\sdk\10.0.201\Microsoft.Common.CurrentVersion.targets(2451,5): warning MSB3243: No way to resolve conflict between "System.Data, Version=4.0.0.0, Culture=neutral, PublicKeyToken=b77a5c561934e089" and "System.Data". Choosing "System.Data, Version=4.0.0.0, Culture=neutral, PublicKeyToken=b77a5c561934e089" arbitrarily. [C:\Users\ultra\warewolf\Dev\Dev2.Data\Dev2.Data.csproj]
C:\Program Files\dotnet\sdk\10.0.201\Microsoft.Common.CurrentVersion.targets(2451,5): warning MSB3243: No way to resolve conflict between "System.Xml, Version=4.0.0.0, Culture=neutral, PublicKeyToken=b77a5c561934e089" and "System.Xml". Choosing "System.Xml, Version=4.0.0.0, Culture=neutral, PublicKeyToken=b77a5c561934e089" arbitrarily. [C:\Users\ultra\warewolf\Dev\Dev2.Data\Dev2.Data.csproj]
CSC : warning CS2002: Source file 'C:\Users\ultra\warewolf\Dev\Dev2.Data\MathOperations\NCalc\NCalcExpressionBuilder.cs' specified multiple times [C:\Users\ultra\warewolf\Dev\Dev2.Data\Dev2.Data.csproj]
CSC : warning CS2002: Source file 'C:\Users\ultra\warewolf\Dev\Dev2.Data\MathOperations\NCalc\NCalcFunctionArgHelper.cs' specified multiple times [C:\Users\ultra\warewolf\Dev\Dev2.Data\Dev2.Data.csproj]
CSC : warning CS2002: Source file 'C:\Users\ultra\warewolf\Dev\Dev2.Data\MathOperations\NCalc\Functions\BaseConversionFunctions.cs' specified multiple times [C:\Users\ultra\warewolf\Dev\Dev2.Data\Dev2.Data.csproj]
CSC : warning CS2002: Source file 'C:\Users\ultra\warewolf\Dev\Dev2.Data\MathOperations\NCalc\Functions\ComplexFunctions.cs' specified multiple times [C:\Users\ultra\warewolf\Dev\Dev2.Data\Dev2.Data.csproj]
CSC : warning CS2002: Source file 'C:\Users\ultra\warewolf\Dev\Dev2.Data\MathOperations\NCalc\Functions\DateTimeFunctions.cs' specified multiple times [C:\Users\ultra\warewolf\Dev\Dev2.Data\Dev2.Data.csproj]
CSC : warning CS2002: Source file 'C:\Users\ultra\warewolf\Dev\Dev2.Data\MathOperations\NCalc\Functions\FinancialFunctions.cs' specified multiple times [C:\Users\ultra\warewolf\Dev\Dev2.Data\Dev2.Data.csproj]
CSC : warning CS2002: Source file 'C:\Users\ultra\warewolf\Dev\Dev2.Data\MathOperations\NCalc\Functions\InformationFunctions.cs' specified multiple times [C:\Users\ultra\warewolf\Dev\Dev2.Data\Dev2.Data.csproj]
CSC : warning CS2002: Source file 'C:\Users\ultra\warewolf\Dev\Dev2.Data\MathOperations\NCalc\Functions\MathFunctions.cs' specified multiple times [C:\Users\ultra\warewolf\Dev\Dev2.Data\Dev2.Data.csproj]
CSC : warning CS2002: Source file 'C:\Users\ultra\warewolf\Dev\Dev2.Data\MathOperations\NCalc\Functions\StringFunctions.cs' specified multiple times [C:\Users\ultra\warewolf\Dev\Dev2.Data\Dev2.Data.csproj]
C:\Users\ultra\warewolf\Dev\Dev2.Data\MathOperations\NCalc\NCalcFunctionArgHelper.cs(51,47): warning CS8632: The annotation for nullable reference types should only be used in code within a '#nullable' annotations context. [C:\Users\ultra\warewolf\Dev\Dev2.Data\Dev2.Data.csproj]
C:\Users\ultra\warewolf\Dev\Dev2.Data\MathOperations\NCalc\Functions\MathFunctions.cs(22,30): warning CS8632: The annotation for nullable reference types should only be used in code within a '#nullable' annotations context. [C:\Users\ultra\warewolf\Dev\Dev2.Data\Dev2.Data.csproj]
C:\Users\ultra\warewolf\Dev\Dev2.Data\MathOperations\NCalc\Functions\StringFunctions.cs(94,59): warning CS8632: The annotation for nullable reference types should only be used in code within a '#nullable' annotations context. [C:\Users\ultra\warewolf\Dev\Dev2.Data\Dev2.Data.csproj]
C:\Users\ultra\warewolf\Dev\Dev2.Data\NativeMethods.cs(66,59): warning CS0472: The result of the expression is always 'false' since a value of type 'nint' is never equal to 'null' of type 'nint?' [C:\Users\ultra\warewolf\Dev\Dev2.Data\Dev2.Data.csproj]
C:\Users\ultra\warewolf\Dev\Dev2.Data\NativeMethods.cs(88,8): warning CS0472: The result of the expression is always 'false' since a value of type 'nint' is never equal to 'null' of type 'nint?' [C:\Users\ultra\warewolf\Dev\Dev2.Data\Dev2.Data.csproj]
C:\Users\ultra\warewolf\Dev\Dev2.Data\Security\WindowsIdentityExtensions.cs(28,49): warning CA1416: This call site is reachable on all platforms. 'WindowsIdentity.AccessToken' is only supported on: 'windows'. (https://learn.microsoft.com/dotnet/fundamentals/code-analysis/quality-rules/ca1416) [C:\Users\ultra\warewolf\Dev\Dev2.Data\Dev2.Data.csproj]
C:\Users\ultra\warewolf\Dev\Dev2.Data\Security\WindowsIdentityExtensions.cs(41,59): warning CA1416: This call site is reachable on all platforms. 'WindowsIdentity.AccessToken' is only supported on: 'windows'. (https://learn.microsoft.com/dotnet/fundamentals/code-analysis/quality-rules/ca1416) [C:\Users\ultra\warewolf\Dev\Dev2.Data\Dev2.Data.csproj]
C:\Users\ultra\warewolf\Dev\Dev2.Data\Security\WindowsIdentityExtensions.cs(28,17): warning CA1416: This call site is reachable on all platforms. 'WindowsIdentity.RunImpersonated(SafeAccessTokenHandle, Action)' is only supported on: 'windows'. (https://learn.microsoft.com/dotnet/fundamentals/code-analysis/quality-rules/ca1416) [C:\Users\ultra\warewolf\Dev\Dev2.Data\Dev2.Data.csproj]
C:\Users\ultra\warewolf\Dev\Dev2.Data\Security\WindowsIdentityExtensions.cs(41,24): warning CA1416: This call site is reachable on all platforms. 'WindowsIdentity.RunImpersonated<T>(SafeAccessTokenHandle, Func<T>)' is only supported on: 'windows'. (https://learn.microsoft.com/dotnet/fundamentals/code-analysis/quality-rules/ca1416) [C:\Users\ultra\warewolf\Dev\Dev2.Data\Dev2.Data.csproj]
C:\Users\ultra\warewolf\Dev\Dev2.Data\PathOperations\ValidateAuthorization.cs(73,33): warning CA1416: This call site is reachable on all platforms. 'WindowsIdentity' is only supported on: 'windows'. (https://learn.microsoft.com/dotnet/fundamentals/code-analysis/quality-rules/ca1416) [C:\Users\ultra\warewolf\Dev\Dev2.Data\Dev2.Data.csproj]
  Dev2.Data -> C:\Users\ultra\warewolf\Dev\Dev2.Data\bin\Debug\net8.0\Dev2.Data.dll
  Warewolf.Driver.Serilog -> C:\Users\ultra\warewolf\Dev\Warewolf.Driver.Serilog\bin\Debug\net8.0\Warewolf.Driver.Serilog.dll
  Dev2.Scheduler -> C:\Users\ultra\warewolf\Dev\Dev2.Scheduler\bin\Debug\net8.0\Dev2.Scheduler.dll
  Dev2.Core -> C:\Users\ultra\warewolf\Dev\Dev2.Core\bin\Debug\net8.0\Dev2.Core.dll
  Warewolf.Exchange.Email.Wrapper -> C:\Users\ultra\warewolf\Dev\Warewolf.Exchange.Email.Wrapper\bin\Debug\net8.0\Warewolf.Exchange.Email.Wrapper.dll
C:\Users\ultra\warewolf\Dev\Warewolf.Auditing\Audit.cs(189,26): warning CS8073: The result of the expression is always 'false' since a value of type 'DateTime' is never equal to 'null' of type 'DateTime?' [C:\Users\ultra\warewolf\Dev\Warewolf.Auditing\Warewolf.Auditing.csproj]
C:\Users\ultra\warewolf\Dev\Warewolf.Auditing\Drivers\AuditQueryableElastic.cs(360,33): warning CS0618: 'ElasticsearchClient.Search<TDocument>(SearchRequestDescriptor<TDocument>)' is obsolete: 'Synchronous methods are deprecated and could be removed in the future.' [C:\Users\ultra\warewolf\Dev\Warewolf.Auditing\Warewolf.Auditing.csproj]
C:\Users\ultra\warewolf\Dev\Warewolf.Auditing\Drivers\AuditQueryableElastic.cs(384,26): warning CS0618: 'ElasticsearchClient.Ping()' is obsolete: 'Synchronous methods are deprecated and could be removed in the future.' [C:\Users\ultra\warewolf\Dev\Warewolf.Auditing\Warewolf.Auditing.csproj]
C:\Users\ultra\warewolf\Dev\Warewolf.Core\InputsFromJson.cs(99,21): warning CC0105: Use 'var' instead of specifying the type name. (https://code-cracker.github.io/diagnostics/CC0105.html) [C:\Users\ultra\warewolf\Dev\Warewolf.Core\Warewolf.Core.csproj]
  Warewolf.ResourceManagement -> C:\Users\ultra\warewolf\Dev\Warewolf.ResourceManagement\bin\Debug\net8.0\Warewolf.ResourceManagement.dll
  Warewolf.Core -> C:\Users\ultra\warewolf\Dev\Warewolf.Core\bin\Debug\net8.0\Warewolf.Core.dll
  Warewolf.Auditing -> C:\Users\ultra\warewolf\Dev\Warewolf.Auditing\bin\Debug\net8.0\Warewolf.Auditing.dll
C:\Users\ultra\warewolf\Dev\Warewolf.Common.NetStandard20\Wrappers\WebClientWrapper.cs(26,26): warning SYSLIB0014: 'WebClient.WebClient()' is obsolete: 'WebRequest, HttpWebRequest, ServicePoint, and WebClient are obsolete. Use HttpClient instead.' (https://aka.ms/dotnet-warnings/SYSLIB0014) [C:\Users\ultra\warewolf\Dev\Warewolf.Common.NetStandard20\Warewolf.Common.NetStandard20.csproj]
C:\Users\ultra\warewolf\Dev\Warewolf.Common.NetStandard20\Wrappers\WebRequestWrapper.cs(26,24): warning SYSLIB0014: 'WebRequest.Create(string)' is obsolete: 'WebRequest, HttpWebRequest, ServicePoint, and WebClient are obsolete. Use HttpClient instead.' (https://aka.ms/dotnet-warnings/SYSLIB0014) [C:\Users\ultra\warewolf\Dev\Warewolf.Common.NetStandard20\Warewolf.Common.NetStandard20.csproj]
C:\Users\ultra\warewolf\Dev\Warewolf.Common.NetStandard20\Wrappers\WebClientWrapper.cs(31,26): warning SYSLIB0014: 'WebClient.WebClient()' is obsolete: 'WebRequest, HttpWebRequest, ServicePoint, and WebClient are obsolete. Use HttpClient instead.' (https://aka.ms/dotnet-warnings/SYSLIB0014) [C:\Users\ultra\warewolf\Dev\Warewolf.Common.NetStandard20\Warewolf.Common.NetStandard20.csproj]
  Warewolf.Common.NetStandard20 -> C:\Users\ultra\warewolf\Dev\Warewolf.Common.NetStandard20\bin\Debug\net8.0\Warewolf.Common.NetStandard20.dll
C:\Users\ultra\warewolf\Dev\Dev2.Runtime.Services\ServiceModel\ElasticsearchSources.cs(110,34): warning CS0618: 'ElasticsearchClient.Ping()' is obsolete: 'Synchronous methods are deprecated and could be removed in the future.' [C:\Users\ultra\warewolf\Dev\Dev2.Runtime.Services\Dev2.Runtime.Services.csproj]
C:\Users\ultra\warewolf\Dev\Dev2.Runtime.Services\ESB\Management\Services\FetchTestsAndTriggers.cs(45,17): warning CC0105: Use 'var' instead of specifying the type name. (https://code-cracker.github.io/diagnostics/CC0105.html) [C:\Users\ultra\warewolf\Dev\Dev2.Runtime.Services\Dev2.Runtime.Services.csproj]
C:\Users\ultra\warewolf\Dev\Dev2.Runtime.Services\UsageLogger.cs(66,33): warning CC0022: ManagementObjectSearcher should be disposed. (https://code-cracker.github.io/diagnostics/CC0022.html) [C:\Users\ultra\warewolf\Dev\Dev2.Runtime.Services\Dev2.Runtime.Services.csproj]
C:\Users\ultra\warewolf\Dev\Dev2.Runtime.Services\ServiceModel\WebSources.cs(532,7): warning CC0004: Empty Catch Block. (https://code-cracker.github.io/diagnostics/CC0004.html) [C:\Users\ultra\warewolf\Dev\Dev2.Runtime.Services\Dev2.Runtime.Services.csproj]
C:\Users\ultra\warewolf\Dev\Dev2.Runtime.Services\ServiceModel\WebSources.cs(751,38): warning CC0022: StringContent should be disposed. (https://code-cracker.github.io/diagnostics/CC0022.html) [C:\Users\ultra\warewolf\Dev\Dev2.Runtime.Services\Dev2.Runtime.Services.csproj]
C:\Users\ultra\warewolf\Dev\Dev2.Runtime.Services\ESB\Management\Services\ChatbotToolNormalizer.cs(80,17): warning CC0003: Consider adding an Exception to the catch. (https://code-cracker.github.io/diagnostics/CC0003.html) [C:\Users\ultra\warewolf\Dev\Dev2.Runtime.Services\Dev2.Runtime.Services.csproj]
C:\Users\ultra\warewolf\Dev\Dev2.Runtime.Services\ESB\Management\Services\ChatbotToolNormalizer.cs(101,21): warning CC0004: Empty Catch Block. (https://code-cracker.github.io/diagnostics/CC0004.html) [C:\Users\ultra\warewolf\Dev\Dev2.Runtime.Services\Dev2.Runtime.Services.csproj]
C:\Users\ultra\warewolf\Dev\Dev2.Runtime.Services\ESB\Management\Services\TestChatbotSource.cs(44,17): warning CC0105: Use 'var' instead of specifying the type name. (https://code-cracker.github.io/diagnostics/CC0105.html) [C:\Users\ultra\warewolf\Dev\Dev2.Runtime.Services\Dev2.Runtime.Services.csproj]
C:\Users\ultra\warewolf\Dev\Dev2.Runtime.Services\ESB\Management\Services\TestChatbotSource.cs(45,17): warning CC0105: Use 'var' instead of specifying the type name. (https://code-cracker.github.io/diagnostics/CC0105.html) [C:\Users\ultra\warewolf\Dev\Dev2.Runtime.Services\Dev2.Runtime.Services.csproj]
C:\Users\ultra\warewolf\Dev\Dev2.Runtime.Services\ESB\Management\Services\ChatbotToolNormalizer.cs(226,21): warning CC0105: Use 'var' instead of specifying the type name. (https://code-cracker.github.io/diagnostics/CC0105.html) [C:\Users\ultra\warewolf\Dev\Dev2.Runtime.Services\Dev2.Runtime.Services.csproj]
C:\Users\ultra\warewolf\Dev\Dev2.Runtime.Services\ESB\Management\Services\ChatbotToolNormalizer.cs(279,21): warning CC0105: Use 'var' instead of specifying the type name. (https://code-cracker.github.io/diagnostics/CC0105.html) [C:\Users\ultra\warewolf\Dev\Dev2.Runtime.Services\Dev2.Runtime.Services.csproj]
  Dev2.Runtime.Services -> C:\Users\ultra\warewolf\Dev\Dev2.Runtime.Services\bin\Debug\net8.0\Dev2.Runtime.Services.dll
C:\Users\ultra\warewolf\Dev\Warewolf.Driver.Persistence\Drivers\HangfireScheduler.cs(320,17): warning CA2200: Re-throwing caught exception changes stack information (https://learn.microsoft.com/dotnet/fundamentals/code-analysis/quality-rules/ca2200) [C:\Users\ultra\warewolf\Dev\Warewolf.Driver.Persistence\Warewolf.Driver.Persistence.csproj]
C:\Users\ultra\warewolf\Dev\Warewolf.Driver.Persistence\Drivers\HangfireScheduler.cs(376,17): warning CA2200: Re-throwing caught exception changes stack information (https://learn.microsoft.com/dotnet/fundamentals/code-analysis/quality-rules/ca2200) [C:\Users\ultra\warewolf\Dev\Warewolf.Driver.Persistence\Warewolf.Driver.Persistence.csproj]
C:\Users\ultra\warewolf\Dev\Warewolf.Driver.Persistence\Drivers\HangfireScheduler.cs(397,17): warning CA2200: Re-throwing caught exception changes stack information (https://learn.microsoft.com/dotnet/fundamentals/code-analysis/quality-rules/ca2200) [C:\Users\ultra\warewolf\Dev\Warewolf.Driver.Persistence\Warewolf.Driver.Persistence.csproj]
  Warewolf.Driver.Persistence -> C:\Users\ultra\warewolf\Dev\Warewolf.Driver.Persistence\bin\Debug\net8.0\Warewolf.Driver.Persistence.dll
  Dev2.Studio.Interfaces -> C:\Users\ultra\warewolf\Dev\Dev2.Studio.Interfaces\bin\Debug\net8.0\Dev2.Studio.Interfaces.dll
  Dev2.Services.Execution -> C:\Users\ultra\warewolf\Dev\Dev2.Services.Execution\bin\Debug\net8.0\Dev2.Services.Execution.dll
  Warewolf.Testing -> C:\Users\ultra\warewolf\Dev\Warewolf.Testing\bin\Debug\net8.0\Warewolf.Testing.dll
C:\Program Files\dotnet\sdk\10.0.201\Microsoft.Common.CurrentVersion.targets(2451,5): warning MSB3277: Found conflicts between different versions of "Microsoft.Win32.SystemEvents" that could not be resolved. [C:\Users\ultra\warewolf\Dev\Warewolf.Studio.Core\Warewolf.Studio.Core.csproj]
C:\Program Files\dotnet\sdk\10.0.201\Microsoft.Common.CurrentVersion.targets(2451,5): warning MSB3277: There was a conflict between "Microsoft.Win32.SystemEvents, Version=6.0.0.0, Culture=neutral, PublicKeyToken=cc7b13ffcd2ddd51" and "Microsoft.Win32.SystemEvents, Version=7.0.0.0, Culture=neutral, PublicKeyToken=cc7b13ffcd2ddd51". [C:\Users\ultra\warewolf\Dev\Warewolf.Studio.Core\Warewolf.Studio.Core.csproj]
C:\Program Files\dotnet\sdk\10.0.201\Microsoft.Common.CurrentVersion.targets(2451,5): warning MSB3277:     "Microsoft.Win32.SystemEvents, Version=6.0.0.0, Culture=neutral, PublicKeyToken=cc7b13ffcd2ddd51" was chosen because it was primary and "Microsoft.Win32.SystemEvents, Version=7.0.0.0, Culture=neutral, PublicKeyToken=cc7b13ffcd2ddd51" was not. [C:\Users\ultra\warewolf\Dev\Warewolf.Studio.Core\Warewolf.Studio.Core.csproj]
C:\Program Files\dotnet\sdk\10.0.201\Microsoft.Common.CurrentVersion.targets(2451,5): warning MSB3277:     References which depend on "Microsoft.Win32.SystemEvents, Version=6.0.0.0, Culture=neutral, PublicKeyToken=cc7b13ffcd2ddd51" [C:\Users\ultra\.nuget\packages\microsoft.win32.systemevents\6.0.0\lib\net6.0\Microsoft.Win32.SystemEvents.dll]. [C:\Users\ultra\warewolf\Dev\Warewolf.Studio.Core\Warewolf.Studio.Core.csproj]
C:\Program Files\dotnet\sdk\10.0.201\Microsoft.Common.CurrentVersion.targets(2451,5): warning MSB3277:         C:\Users\ultra\.nuget\packages\microsoft.win32.systemevents\6.0.0\lib\net6.0\Microsoft.Win32.SystemEvents.dll [C:\Users\ultra\warewolf\Dev\Warewolf.Studio.Core\Warewolf.Studio.Core.csproj]
C:\Program Files\dotnet\sdk\10.0.201\Microsoft.Common.CurrentVersion.targets(2451,5): warning MSB3277:           Project file item includes which caused reference "C:\Users\ultra\.nuget\packages\microsoft.win32.systemevents\6.0.0\lib\net6.0\Microsoft.Win32.SystemEvents.dll". [C:\Users\ultra\warewolf\Dev\Warewolf.Studio.Core\Warewolf.Studio.Core.csproj]
C:\Program Files\dotnet\sdk\10.0.201\Microsoft.Common.CurrentVersion.targets(2451,5): warning MSB3277:             C:\Users\ultra\.nuget\packages\microsoft.win32.systemevents\6.0.0\lib\net6.0\Microsoft.Win32.SystemEvents.dll [C:\Users\ultra\warewolf\Dev\Warewolf.Studio.Core\Warewolf.Studio.Core.csproj]
C:\Program Files\dotnet\sdk\10.0.201\Microsoft.Common.CurrentVersion.targets(2451,5): warning MSB3277:     References which depend on or have been unified to "Microsoft.Win32.SystemEvents, Version=7.0.0.0, Culture=neutral, PublicKeyToken=cc7b13ffcd2ddd51" []. [C:\Users\ultra\warewolf\Dev\Warewolf.Studio.Core\Warewolf.Studio.Core.csproj]
C:\Program Files\dotnet\sdk\10.0.201\Microsoft.Common.CurrentVersion.targets(2451,5): warning MSB3277:         C:\Users\ultra\warewolf\Dev\Dev2.Common\bin\Debug\net8.0\Dev2.Common.dll [C:\Users\ultra\warewolf\Dev\Warewolf.Studio.Core\Warewolf.Studio.Core.csproj]
C:\Program Files\dotnet\sdk\10.0.201\Microsoft.Common.CurrentVersion.targets(2451,5): warning MSB3277:           Project file item includes which caused reference "C:\Users\ultra\warewolf\Dev\Dev2.Common\bin\Debug\net8.0\Dev2.Common.dll". [C:\Users\ultra\warewolf\Dev\Warewolf.Studio.Core\Warewolf.Studio.Core.csproj]
C:\Program Files\dotnet\sdk\10.0.201\Microsoft.Common.CurrentVersion.targets(2451,5): warning MSB3277:             C:\Users\ultra\warewolf\Dev\Dev2.Common\bin\Debug\net8.0\Dev2.Common.dll [C:\Users\ultra\warewolf\Dev\Warewolf.Studio.Core\Warewolf.Studio.Core.csproj]
C:\Program Files\dotnet\sdk\10.0.201\Microsoft.Common.CurrentVersion.targets(2451,5): warning MSB3277:             C:\Users\ultra\warewolf\Dev\Dev2.Core\bin\Debug\net8.0\Dev2.Core.dll [C:\Users\ultra\warewolf\Dev\Warewolf.Studio.Core\Warewolf.Studio.Core.csproj]
C:\Program Files\dotnet\sdk\10.0.201\Microsoft.Common.CurrentVersion.targets(2451,5): warning MSB3277:             C:\Users\ultra\warewolf\Dev\Dev2.Infrastructure\bin\Debug\net8.0\Dev2.Infrastructure.dll [C:\Users\ultra\warewolf\Dev\Warewolf.Studio.Core\Warewolf.Studio.Core.csproj]
C:\Program Files\dotnet\sdk\10.0.201\Microsoft.Common.CurrentVersion.targets(2451,5): warning MSB3277:             C:\Users\ultra\warewolf\Dev\Dev2.Studio.Interfaces\bin\Debug\net8.0\Dev2.Studio.Interfaces.dll [C:\Users\ultra\warewolf\Dev\Warewolf.Studio.Core\Warewolf.Studio.Core.csproj]
C:\Program Files\dotnet\sdk\10.0.201\Microsoft.Common.CurrentVersion.targets(2451,5): warning MSB3277:             C:\Users\ultra\warewolf\Dev\Dev2.Data\bin\Debug\net8.0\Dev2.Data.dll [C:\Users\ultra\warewolf\Dev\Warewolf.Studio.Core\Warewolf.Studio.Core.csproj]
C:\Program Files\dotnet\sdk\10.0.201\Microsoft.Common.CurrentVersion.targets(2451,5): warning MSB3277:             C:\Users\ultra\warewolf\Dev\Dev2.Diagnostics\bin\Debug\net8.0\Dev2.Diagnostics.dll [C:\Users\ultra\warewolf\Dev\Warewolf.Studio.Core\Warewolf.Studio.Core.csproj]
C:\Program Files\dotnet\sdk\10.0.201\Microsoft.Common.CurrentVersion.targets(2451,5): warning MSB3277:             C:\Users\ultra\warewolf\Dev\Dev2.Runtime.Services\bin\Debug\net8.0\Dev2.Runtime.Services.dll [C:\Users\ultra\warewolf\Dev\Warewolf.Studio.Core\Warewolf.Studio.Core.csproj]
C:\Program Files\dotnet\sdk\10.0.201\Microsoft.Common.CurrentVersion.targets(2451,5): warning MSB3277:             C:\Users\ultra\warewolf\Dev\Dev2.Scheduler\bin\Debug\net8.0\Dev2.Scheduler.dll [C:\Users\ultra\warewolf\Dev\Warewolf.Studio.Core\Warewolf.Studio.Core.csproj]
C:\Program Files\dotnet\sdk\10.0.201\Microsoft.Common.CurrentVersion.targets(2451,5): warning MSB3277:             C:\Users\ultra\warewolf\Dev\Dev2.Services.Sql\bin\Debug\net8.0\Dev2.Services.Sql.dll [C:\Users\ultra\warewolf\Dev\Warewolf.Studio.Core\Warewolf.Studio.Core.csproj]
C:\Program Files\dotnet\sdk\10.0.201\Microsoft.Common.CurrentVersion.targets(2451,5): warning MSB3277:             C:\Users\ultra\warewolf\Dev\Dev2.TaskScheduler.Wrappers\bin\Debug\net8.0\Dev2.TaskScheduler.Wrappers.dll [C:\Users\ultra\warewolf\Dev\Warewolf.Studio.Core\Warewolf.Studio.Core.csproj]
C:\Program Files\dotnet\sdk\10.0.201\Microsoft.Common.CurrentVersion.targets(2451,5): warning MSB3277:             C:\Users\ultra\warewolf\Dev\Dev2.Util\bin\Debug\net8.0\Dev2.Util.dll [C:\Users\ultra\warewolf\Dev\Warewolf.Studio.Core\Warewolf.Studio.Core.csproj]
C:\Program Files\dotnet\sdk\10.0.201\Microsoft.Common.CurrentVersion.targets(2451,5): warning MSB3277:             C:\Users\ultra\warewolf\Dev\Warewolf.AI.Harness\bin\Debug\net8.0\Warewolf.AI.Harness.dll [C:\Users\ultra\warewolf\Dev\Warewolf.Studio.Core\Warewolf.Studio.Core.csproj]
C:\Program Files\dotnet\sdk\10.0.201\Microsoft.Common.CurrentVersion.targets(2451,5): warning MSB3277:             C:\Users\ultra\warewolf\Dev\Warewolf.Auditing\bin\Debug\net8.0\Warewolf.Auditing.dll [C:\Users\ultra\warewolf\Dev\Warewolf.Studio.Core\Warewolf.Studio.Core.csproj]
C:\Program Files\dotnet\sdk\10.0.201\Microsoft.Common.CurrentVersion.targets(2451,5): warning MSB3277:             C:\Users\ultra\warewolf\Dev\Warewolf.Common.NetStandard20\bin\Debug\net8.0\Warewolf.Common.NetStandard20.dll [C:\Users\ultra\warewolf\Dev\Warewolf.Studio.Core\Warewolf.Studio.Core.csproj]
C:\Program Files\dotnet\sdk\10.0.201\Microsoft.Common.CurrentVersion.targets(2451,5): warning MSB3277:             C:\Users\ultra\warewolf\Dev\Warewolf.Core\bin\Debug\net8.0\Warewolf.Core.dll [C:\Users\ultra\warewolf\Dev\Warewolf.Studio.Core\Warewolf.Studio.Core.csproj]
C:\Program Files\dotnet\sdk\10.0.201\Microsoft.Common.CurrentVersion.targets(2451,5): warning MSB3277:             C:\Users\ultra\warewolf\Dev\Warewolf.Driver.Serilog\bin\Debug\net8.0\Warewolf.Driver.Serilog.dll [C:\Users\ultra\warewolf\Dev\Warewolf.Studio.Core\Warewolf.Studio.Core.csproj]
C:\Program Files\dotnet\sdk\10.0.201\Microsoft.Common.CurrentVersion.targets(2451,5): warning MSB3277:             C:\Users\ultra\warewolf\Dev\Warewolf.ResourceManagement\bin\Debug\net8.0\Warewolf.ResourceManagement.dll [C:\Users\ultra\warewolf\Dev\Warewolf.Studio.Core\Warewolf.Studio.Core.csproj]
C:\Program Files\dotnet\sdk\10.0.201\Microsoft.Common.CurrentVersion.targets(2451,5): warning MSB3277:             C:\Users\ultra\warewolf\Dev\Warewolf.Sharepoint\bin\Debug\net8.0\Warewolf.Sharepoint.dll [C:\Users\ultra\warewolf\Dev\Warewolf.Studio.Core\Warewolf.Studio.Core.csproj]
C:\Program Files\dotnet\sdk\10.0.201\Microsoft.Common.CurrentVersion.targets(2451,5): warning MSB3277:             C:\Users\ultra\warewolf\Dev\Warewolf.Storage\bin\Debug\net8.0\Warewolf.Storage.dll [C:\Users\ultra\warewolf\Dev\Warewolf.Studio.Core\Warewolf.Studio.Core.csproj]
C:\Program Files\dotnet\sdk\10.0.201\Microsoft.Common.CurrentVersion.targets(2451,5): warning MSB3277:         C:\Users\ultra\warewolf\Dev\Binaries\Infragistcs_Net6\InfragisticsWPF4.v15.1.dll [C:\Users\ultra\warewolf\Dev\Warewolf.Studio.Core\Warewolf.Studio.Core.csproj]
C:\Program Files\dotnet\sdk\10.0.201\Microsoft.Common.CurrentVersion.targets(2451,5): warning MSB3277:           Project file item includes which caused reference "C:\Users\ultra\warewolf\Dev\Binaries\Infragistcs_Net6\InfragisticsWPF4.v15.1.dll". [C:\Users\ultra\warewolf\Dev\Warewolf.Studio.Core\Warewolf.Studio.Core.csproj]
C:\Program Files\dotnet\sdk\10.0.201\Microsoft.Common.CurrentVersion.targets(2451,5): warning MSB3277:             InfragisticsWPF4.v15.1, Version=15.1.20151.2055, Culture=neutral, PublicKeyToken=7dd5c3163f2cd0cb, processorArchitecture=MSIL [C:\Users\ultra\warewolf\Dev\Warewolf.Studio.Core\Warewolf.Studio.Core.csproj]
C:\Program Files\dotnet\sdk\10.0.201\Microsoft.Common.CurrentVersion.targets(2451,5): warning MSB3277:             InfragisticsWPF4.Controls.Menus.XamDataTree.v15.1, Version=15.1.20151.2055, Culture=neutral, PublicKeyToken=7dd5c3163f2cd0cb, processorArchitecture=MSIL [C:\Users\ultra\warewolf\Dev\Warewolf.Studio.Core\Warewolf.Studio.Core.csproj]
C:\Program Files\dotnet\sdk\10.0.201\Microsoft.Common.CurrentVersion.targets(2451,5): warning MSB3277:             InfragisticsWPF4.DataManager.v15.1, Version=15.1.20151.2055, Culture=neutral, PublicKeyToken=7dd5c3163f2cd0cb, processorArchitecture=MSIL [C:\Users\ultra\warewolf\Dev\Warewolf.Studio.Core\Warewolf.Studio.Core.csproj]
C:\Program Files\dotnet\sdk\10.0.201\Microsoft.Common.CurrentVersion.targets(2451,5): warning MSB3277:             InfragisticsWPF4.DockManager.v15.1, Version=15.1.20151.2055, Culture=neutral, PublicKeyToken=7dd5c3163f2cd0cb, processorArchitecture=MSIL [C:\Users\ultra\warewolf\Dev\Warewolf.Studio.Core\Warewolf.Studio.Core.csproj]
C:\Program Files\dotnet\sdk\10.0.201\Microsoft.Common.CurrentVersion.targets(2451,5): warning MSB3277:         C:\Users\ultra\.nuget\packages\timespan2\2.4.2\lib\netcoreapp3.1\TimeSpan2.dll [C:\Users\ultra\warewolf\Dev\Warewolf.Studio.Core\Warewolf.Studio.Core.csproj]
C:\Program Files\dotnet\sdk\10.0.201\Microsoft.Common.CurrentVersion.targets(2451,5): warning MSB3277:           Project file item includes which caused reference "C:\Users\ultra\.nuget\packages\timespan2\2.4.2\lib\netcoreapp3.1\TimeSpan2.dll". [C:\Users\ultra\warewolf\Dev\Warewolf.Studio.Core\Warewolf.Studio.Core.csproj]
C:\Program Files\dotnet\sdk\10.0.201\Microsoft.Common.CurrentVersion.targets(2451,5): warning MSB3277:             C:\Users\ultra\.nuget\packages\timespan2\2.4.2\lib\netcoreapp3.1\TimeSpan2.dll [C:\Users\ultra\warewolf\Dev\Warewolf.Studio.Core\Warewolf.Studio.Core.csproj]
C:\Program Files\dotnet\sdk\10.0.201\Microsoft.Common.CurrentVersion.targets(2451,5): warning MSB3277:             C:\Users\ultra\.nuget\packages\taskschedulereditor\2.10.1\lib\net452\Microsoft.Win32.TaskSchedulerEditor.dll [C:\Users\ultra\warewolf\Dev\Warewolf.Studio.Core\Warewolf.Studio.Core.csproj]
C:\Program Files\dotnet\sdk\10.0.201\Microsoft.Common.CurrentVersion.targets(2451,5): warning MSB3277:         C:\Program Files\dotnet\packs\Microsoft.NETCore.App.Ref\8.0.25\ref\net8.0\System.dll [C:\Users\ultra\warewolf\Dev\Warewolf.Studio.Core\Warewolf.Studio.Core.csproj]
C:\Program Files\dotnet\sdk\10.0.201\Microsoft.Common.CurrentVersion.targets(2451,5): warning MSB3277:           Project file item includes which caused reference "C:\Program Files\dotnet\packs\Microsoft.NETCore.App.Ref\8.0.25\ref\net8.0\System.dll". [C:\Users\ultra\warewolf\Dev\Warewolf.Studio.Core\Warewolf.Studio.Core.csproj]
C:\Program Files\dotnet\sdk\10.0.201\Microsoft.Common.CurrentVersion.targets(2451,5): warning MSB3277:             C:\Program Files\dotnet\packs\Microsoft.NETCore.App.Ref\8.0.25\ref/net8.0/System.dll [C:\Users\ultra\warewolf\Dev\Warewolf.Studio.Core\Warewolf.Studio.Core.csproj]
C:\Program Files\dotnet\sdk\10.0.201\Microsoft.Common.CurrentVersion.targets(2451,5): warning MSB3277:             C:\Users\ultra\.nuget\packages\aerowizard\2.3.1\lib\net45\AeroWizard.dll [C:\Users\ultra\warewolf\Dev\Warewolf.Studio.Core\Warewolf.Studio.Core.csproj]
C:\Program Files\dotnet\sdk\10.0.201\Microsoft.Common.CurrentVersion.targets(2451,5): warning MSB3277:             C:\Users\ultra\.nuget\packages\groupcontrols\1.9.0\lib\net45\GroupControls.dll [C:\Users\ultra\warewolf\Dev\Warewolf.Studio.Core\Warewolf.Studio.Core.csproj]
C:\Program Files\dotnet\sdk\10.0.201\Microsoft.Common.CurrentVersion.targets(2451,5): warning MSB3277:             C:\Users\ultra\.nuget\packages\microsoft.xaml.behaviors.wpf\1.1.122\lib\net462\Microsoft.Xaml.Behaviors.dll [C:\Users\ultra\warewolf\Dev\Warewolf.Studio.Core\Warewolf.Studio.Core.csproj]
C:\Program Files\dotnet\sdk\10.0.201\Microsoft.Common.CurrentVersion.targets(2451,5): warning MSB3277:             C:\Users\ultra\.nuget\packages\caliburn.micro\4.0.212\lib\netcoreapp3.1\Caliburn.Micro.Platform.dll [C:\Users\ultra\warewolf\Dev\Warewolf.Studio.Core\Warewolf.Studio.Core.csproj]
C:\Program Files\dotnet\sdk\10.0.201\Microsoft.Common.CurrentVersion.targets(2451,5): warning MSB3277:             C:\Users\ultra\.nuget\packages\prism.wpf\9.0.537\lib\net462\Prism.Wpf.dll [C:\Users\ultra\warewolf\Dev\Warewolf.Studio.Core\Warewolf.Studio.Core.csproj]
C:\Program Files\dotnet\sdk\10.0.201\Microsoft.Common.CurrentVersion.targets(2451,5): warning MSB3277:             C:\Users\ultra\.nuget\packages\reactiveui.wpf\18.4.1\lib\net462\ReactiveUI.Wpf.dll [C:\Users\ultra\warewolf\Dev\Warewolf.Studio.Core\Warewolf.Studio.Core.csproj]
C:\Program Files\dotnet\sdk\10.0.201\Microsoft.Common.CurrentVersion.targets(2451,5): warning MSB3277:             C:\Users\ultra\.nuget\packages\taskschedulereditor\2.10.1\lib\net452\Microsoft.Win32.TaskSchedulerEditor.dll [C:\Users\ultra\warewolf\Dev\Warewolf.Studio.Core\Warewolf.Studio.Core.csproj]
C:\Program Files\dotnet\sdk\10.0.201\Microsoft.Common.CurrentVersion.targets(2451,5): warning MSB3277:             C:\Users\ultra\.nuget\packages\ttcue.netcore.sharepointonline.csom.16.1.8029.1200\16.1.8029.1200\lib\netcoreapp2.0\Microsoft.SharePoint.Client.Runtime.Windows.dll [C:\Users\ultra\warewolf\Dev\Warewolf.Studio.Core\Warewolf.Studio.Core.csproj]
C:\Program Files\dotnet\sdk\10.0.201\Microsoft.Common.CurrentVersion.targets(2451,5): warning MSB3277: Found conflicts between different versions of "System.Security.Permissions" that could not be resolved. [C:\Users\ultra\warewolf\Dev\Warewolf.Studio.Core\Warewolf.Studio.Core.csproj]
C:\Program Files\dotnet\sdk\10.0.201\Microsoft.Common.CurrentVersion.targets(2451,5): warning MSB3277: There was a conflict between "System.Security.Permissions, Version=6.0.0.0, Culture=neutral, PublicKeyToken=cc7b13ffcd2ddd51" and "System.Security.Permissions, Version=7.0.0.0, Culture=neutral, PublicKeyToken=cc7b13ffcd2ddd51". [C:\Users\ultra\warewolf\Dev\Warewolf.Studio.Core\Warewolf.Studio.Core.csproj]
C:\Program Files\dotnet\sdk\10.0.201\Microsoft.Common.CurrentVersion.targets(2451,5): warning MSB3277:     "System.Security.Permissions, Version=6.0.0.0, Culture=neutral, PublicKeyToken=cc7b13ffcd2ddd51" was chosen because it was primary and "System.Security.Permissions, Version=7.0.0.0, Culture=neutral, PublicKeyToken=cc7b13ffcd2ddd51" was not. [C:\Users\ultra\warewolf\Dev\Warewolf.Studio.Core\Warewolf.Studio.Core.csproj]
C:\Program Files\dotnet\sdk\10.0.201\Microsoft.Common.CurrentVersion.targets(2451,5): warning MSB3277:     References which depend on "System.Security.Permissions, Version=6.0.0.0, Culture=neutral, PublicKeyToken=cc7b13ffcd2ddd51" [C:\Users\ultra\.nuget\packages\system.security.permissions\6.0.0\lib\net6.0\System.Security.Permissions.dll]. [C:\Users\ultra\warewolf\Dev\Warewolf.Studio.Core\Warewolf.Studio.Core.csproj]
C:\Program Files\dotnet\sdk\10.0.201\Microsoft.Common.CurrentVersion.targets(2451,5): warning MSB3277:         C:\Users\ultra\.nuget\packages\system.security.permissions\6.0.0\lib\net6.0\System.Security.Permissions.dll [C:\Users\ultra\warewolf\Dev\Warewolf.Studio.Core\Warewolf.Studio.Core.csproj]
C:\Program Files\dotnet\sdk\10.0.201\Microsoft.Common.CurrentVersion.targets(2451,5): warning MSB3277:           Project file item includes which caused reference "C:\Users\ultra\.nuget\packages\system.security.permissions\6.0.0\lib\net6.0\System.Security.Permissions.dll". [C:\Users\ultra\warewolf\Dev\Warewolf.Studio.Core\Warewolf.Studio.Core.csproj]
C:\Program Files\dotnet\sdk\10.0.201\Microsoft.Common.CurrentVersion.targets(2451,5): warning MSB3277:             C:\Users\ultra\.nuget\packages\system.security.permissions\6.0.0\lib\net6.0\System.Security.Permissions.dll [C:\Users\ultra\warewolf\Dev\Warewolf.Studio.Core\Warewolf.Studio.Core.csproj]
C:\Program Files\dotnet\sdk\10.0.201\Microsoft.Common.CurrentVersion.targets(2451,5): warning MSB3277:     References which depend on or have been unified to "System.Security.Permissions, Version=7.0.0.0, Culture=neutral, PublicKeyToken=cc7b13ffcd2ddd51" []. [C:\Users\ultra\warewolf\Dev\Warewolf.Studio.Core\Warewolf.Studio.Core.csproj]
C:\Program Files\dotnet\sdk\10.0.201\Microsoft.Common.CurrentVersion.targets(2451,5): warning MSB3277:         C:\Users\ultra\warewolf\Dev\Dev2.Data\bin\Debug\net8.0\Dev2.Data.dll [C:\Users\ultra\warewolf\Dev\Warewolf.Studio.Core\Warewolf.Studio.Core.csproj]
C:\Program Files\dotnet\sdk\10.0.201\Microsoft.Common.CurrentVersion.targets(2451,5): warning MSB3277:           Project file item includes which caused reference "C:\Users\ultra\warewolf\Dev\Dev2.Data\bin\Debug\net8.0\Dev2.Data.dll". [C:\Users\ultra\warewolf\Dev\Warewolf.Studio.Core\Warewolf.Studio.Core.csproj]
C:\Program Files\dotnet\sdk\10.0.201\Microsoft.Common.CurrentVersion.targets(2451,5): warning MSB3277:             C:\Users\ultra\warewolf\Dev\Dev2.Data\bin\Debug\net8.0\Dev2.Data.dll [C:\Users\ultra\warewolf\Dev\Warewolf.Studio.Core\Warewolf.Studio.Core.csproj]
C:\Program Files\dotnet\sdk\10.0.201\Microsoft.Common.CurrentVersion.targets(2451,5): warning MSB3277:             C:\Users\ultra\warewolf\Dev\Dev2.Core\bin\Debug\net8.0\Dev2.Core.dll [C:\Users\ultra\warewolf\Dev\Warewolf.Studio.Core\Warewolf.Studio.Core.csproj]
C:\Program Files\dotnet\sdk\10.0.201\Microsoft.Common.CurrentVersion.targets(2451,5): warning MSB3277:             C:\Users\ultra\warewolf\Dev\Dev2.Studio.Interfaces\bin\Debug\net8.0\Dev2.Studio.Interfaces.dll [C:\Users\ultra\warewolf\Dev\Warewolf.Studio.Core\Warewolf.Studio.Core.csproj]
C:\Program Files\dotnet\sdk\10.0.201\Microsoft.Common.CurrentVersion.targets(2451,5): warning MSB3277:             C:\Users\ultra\warewolf\Dev\Dev2.Runtime.Services\bin\Debug\net8.0\Dev2.Runtime.Services.dll [C:\Users\ultra\warewolf\Dev\Warewolf.Studio.Core\Warewolf.Studio.Core.csproj]
C:\Program Files\dotnet\sdk\10.0.201\Microsoft.Common.CurrentVersion.targets(2451,5): warning MSB3277:             C:\Users\ultra\warewolf\Dev\Dev2.Scheduler\bin\Debug\net8.0\Dev2.Scheduler.dll [C:\Users\ultra\warewolf\Dev\Warewolf.Studio.Core\Warewolf.Studio.Core.csproj]
C:\Program Files\dotnet\sdk\10.0.201\Microsoft.Common.CurrentVersion.targets(2451,5): warning MSB3277:             C:\Users\ultra\warewolf\Dev\Warewolf.Auditing\bin\Debug\net8.0\Warewolf.Auditing.dll [C:\Users\ultra\warewolf\Dev\Warewolf.Studio.Core\Warewolf.Studio.Core.csproj]
C:\Program Files\dotnet\sdk\10.0.201\Microsoft.Common.CurrentVersion.targets(2451,5): warning MSB3277:             C:\Users\ultra\warewolf\Dev\Warewolf.Common.NetStandard20\bin\Debug\net8.0\Warewolf.Common.NetStandard20.dll [C:\Users\ultra\warewolf\Dev\Warewolf.Studio.Core\Warewolf.Studio.Core.csproj]
C:\Program Files\dotnet\sdk\10.0.201\Microsoft.Common.CurrentVersion.targets(2451,5): warning MSB3277:             C:\Users\ultra\warewolf\Dev\Warewolf.Core\bin\Debug\net8.0\Warewolf.Core.dll [C:\Users\ultra\warewolf\Dev\Warewolf.Studio.Core\Warewolf.Studio.Core.csproj]
C:\Program Files\dotnet\sdk\10.0.201\Microsoft.Common.CurrentVersion.targets(2451,5): warning MSB3277:             C:\Users\ultra\warewolf\Dev\Warewolf.ResourceManagement\bin\Debug\net8.0\Warewolf.ResourceManagement.dll [C:\Users\ultra\warewolf\Dev\Warewolf.Studio.Core\Warewolf.Studio.Core.csproj]
C:\Program Files\dotnet\sdk\10.0.201\Microsoft.Common.CurrentVersion.targets(2451,5): warning MSB3277:         C:\Users\ultra\warewolf\Dev\Binaries\Infragistcs_Net6\InfragisticsWPF4.DockManager.v15.1.dll [C:\Users\ultra\warewolf\Dev\Warewolf.Studio.Core\Warewolf.Studio.Core.csproj]
C:\Program Files\dotnet\sdk\10.0.201\Microsoft.Common.CurrentVersion.targets(2451,5): warning MSB3277:           Project file item includes which caused reference "C:\Users\ultra\warewolf\Dev\Binaries\Infragistcs_Net6\InfragisticsWPF4.DockManager.v15.1.dll". [C:\Users\ultra\warewolf\Dev\Warewolf.Studio.Core\Warewolf.Studio.Core.csproj]
C:\Program Files\dotnet\sdk\10.0.201\Microsoft.Common.CurrentVersion.targets(2451,5): warning MSB3277:             InfragisticsWPF4.DockManager.v15.1, Version=15.1.20151.2055, Culture=neutral, PublicKeyToken=7dd5c3163f2cd0cb, processorArchitecture=MSIL [C:\Users\ultra\warewolf\Dev\Warewolf.Studio.Core\Warewolf.Studio.Core.csproj]
C:\Program Files\dotnet\sdk\10.0.201\Microsoft.Common.CurrentVersion.targets(2451,5): warning MSB3277:         C:\Users\ultra\warewolf\Dev\Binaries\Infragistcs_Net6\InfragisticsWPF4.v15.1.dll [C:\Users\ultra\warewolf\Dev\Warewolf.Studio.Core\Warewolf.Studio.Core.csproj]
C:\Program Files\dotnet\sdk\10.0.201\Microsoft.Common.CurrentVersion.targets(2451,5): warning MSB3277:           Project file item includes which caused reference "C:\Users\ultra\warewolf\Dev\Binaries\Infragistcs_Net6\InfragisticsWPF4.v15.1.dll". [C:\Users\ultra\warewolf\Dev\Warewolf.Studio.Core\Warewolf.Studio.Core.csproj]
C:\Program Files\dotnet\sdk\10.0.201\Microsoft.Common.CurrentVersion.targets(2451,5): warning MSB3277:             InfragisticsWPF4.v15.1, Version=15.1.20151.2055, Culture=neutral, PublicKeyToken=7dd5c3163f2cd0cb, processorArchitecture=MSIL [C:\Users\ultra\warewolf\Dev\Warewolf.Studio.Core\Warewolf.Studio.Core.csproj]
C:\Program Files\dotnet\sdk\10.0.201\Microsoft.Common.CurrentVersion.targets(2451,5): warning MSB3277:             InfragisticsWPF4.Controls.Menus.XamDataTree.v15.1, Version=15.1.20151.2055, Culture=neutral, PublicKeyToken=7dd5c3163f2cd0cb, processorArchitecture=MSIL [C:\Users\ultra\warewolf\Dev\Warewolf.Studio.Core\Warewolf.Studio.Core.csproj]
C:\Program Files\dotnet\sdk\10.0.201\Microsoft.Common.CurrentVersion.targets(2451,5): warning MSB3277:             InfragisticsWPF4.DataManager.v15.1, Version=15.1.20151.2055, Culture=neutral, PublicKeyToken=7dd5c3163f2cd0cb, processorArchitecture=MSIL [C:\Users\ultra\warewolf\Dev\Warewolf.Studio.Core\Warewolf.Studio.Core.csproj]
C:\Program Files\dotnet\sdk\10.0.201\Microsoft.Common.CurrentVersion.targets(2451,5): warning MSB3277:             InfragisticsWPF4.DockManager.v15.1, Version=15.1.20151.2055, Culture=neutral, PublicKeyToken=7dd5c3163f2cd0cb, processorArchitecture=MSIL [C:\Users\ultra\warewolf\Dev\Warewolf.Studio.Core\Warewolf.Studio.Core.csproj]
C:\Program Files\dotnet\sdk\10.0.201\Microsoft.Common.CurrentVersion.targets(2451,5): warning MSB3277:         C:\Users\ultra\.nuget\packages\dotnetzip\1.16.0\lib\netstandard2.0\DotNetZip.dll [C:\Users\ultra\warewolf\Dev\Warewolf.Studio.Core\Warewolf.Studio.Core.csproj]
C:\Program Files\dotnet\sdk\10.0.201\Microsoft.Common.CurrentVersion.targets(2451,5): warning MSB3277:           Project file item includes which caused reference "C:\Users\ultra\.nuget\packages\dotnetzip\1.16.0\lib\netstandard2.0\DotNetZip.dll". [C:\Users\ultra\warewolf\Dev\Warewolf.Studio.Core\Warewolf.Studio.Core.csproj]
C:\Program Files\dotnet\sdk\10.0.201\Microsoft.Common.CurrentVersion.targets(2451,5): warning MSB3277:             C:\Users\ultra\.nuget\packages\dotnetzip\1.16.0\lib\netstandard2.0\DotNetZip.dll [C:\Users\ultra\warewolf\Dev\Warewolf.Studio.Core\Warewolf.Studio.Core.csproj]
C:\Program Files\dotnet\sdk\10.0.201\Microsoft.Common.CurrentVersion.targets(2451,5): warning MSB3277:             C:\Users\ultra\warewolf\Dev\Dev2.Common\bin\Debug\net8.0\Dev2.Common.dll [C:\Users\ultra\warewolf\Dev\Warewolf.Studio.Core\Warewolf.Studio.Core.csproj]
C:\Program Files\dotnet\sdk\10.0.201\Microsoft.Common.CurrentVersion.targets(2451,5): warning MSB3277:             C:\Users\ultra\warewolf\Dev\Dev2.Core\bin\Debug\net8.0\Dev2.Core.dll [C:\Users\ultra\warewolf\Dev\Warewolf.Studio.Core\Warewolf.Studio.Core.csproj]
C:\Program Files\dotnet\sdk\10.0.201\Microsoft.Common.CurrentVersion.targets(2451,5): warning MSB3277:             C:\Users\ultra\warewolf\Dev\Dev2.Infrastructure\bin\Debug\net8.0\Dev2.Infrastructure.dll [C:\Users\ultra\warewolf\Dev\Warewolf.Studio.Core\Warewolf.Studio.Core.csproj]
C:\Program Files\dotnet\sdk\10.0.201\Microsoft.Common.CurrentVersion.targets(2451,5): warning MSB3277:             C:\Users\ultra\warewolf\Dev\Dev2.Studio.Interfaces\bin\Debug\net8.0\Dev2.Studio.Interfaces.dll [C:\Users\ultra\warewolf\Dev\Warewolf.Studio.Core\Warewolf.Studio.Core.csproj]
C:\Program Files\dotnet\sdk\10.0.201\Microsoft.Common.CurrentVersion.targets(2451,5): warning MSB3277:             C:\Users\ultra\warewolf\Dev\Dev2.Data\bin\Debug\net8.0\Dev2.Data.dll [C:\Users\ultra\warewolf\Dev\Warewolf.Studio.Core\Warewolf.Studio.Core.csproj]
C:\Program Files\dotnet\sdk\10.0.201\Microsoft.Common.CurrentVersion.targets(2451,5): warning MSB3277:             C:\Users\ultra\warewolf\Dev\Dev2.Data.Interfaces\bin\Debug\net8.0\Dev2.Data.Interfaces.dll [C:\Users\ultra\warewolf\Dev\Warewolf.Studio.Core\Warewolf.Studio.Core.csproj]
C:\Program Files\dotnet\sdk\10.0.201\Microsoft.Common.CurrentVersion.targets(2451,5): warning MSB3277:             C:\Users\ultra\warewolf\Dev\Dev2.Diagnostics\bin\Debug\net8.0\Dev2.Diagnostics.dll [C:\Users\ultra\warewolf\Dev\Warewolf.Studio.Core\Warewolf.Studio.Core.csproj]
C:\Program Files\dotnet\sdk\10.0.201\Microsoft.Common.CurrentVersion.targets(2451,5): warning MSB3277:             C:\Users\ultra\warewolf\Dev\Dev2.Runtime.Services\bin\Debug\net8.0\Dev2.Runtime.Services.dll [C:\Users\ultra\warewolf\Dev\Warewolf.Studio.Core\Warewolf.Studio.Core.csproj]
C:\Program Files\dotnet\sdk\10.0.201\Microsoft.Common.CurrentVersion.targets(2451,5): warning MSB3277:             C:\Users\ultra\warewolf\Dev\Dev2.Scheduler\bin\Debug\net8.0\Dev2.Scheduler.dll [C:\Users\ultra\warewolf\Dev\Warewolf.Studio.Core\Warewolf.Studio.Core.csproj]
C:\Program Files\dotnet\sdk\10.0.201\Microsoft.Common.CurrentVersion.targets(2451,5): warning MSB3277:             C:\Users\ultra\warewolf\Dev\Dev2.Services.Sql\bin\Debug\net8.0\Dev2.Services.Sql.dll [C:\Users\ultra\warewolf\Dev\Warewolf.Studio.Core\Warewolf.Studio.Core.csproj]
C:\Program Files\dotnet\sdk\10.0.201\Microsoft.Common.CurrentVersion.targets(2451,5): warning MSB3277:             C:\Users\ultra\warewolf\Dev\Dev2.TaskScheduler.Wrappers\bin\Debug\net8.0\Dev2.TaskScheduler.Wrappers.dll [C:\Users\ultra\warewolf\Dev\Warewolf.Studio.Core\Warewolf.Studio.Core.csproj]
C:\Program Files\dotnet\sdk\10.0.201\Microsoft.Common.CurrentVersion.targets(2451,5): warning MSB3277:             C:\Users\ultra\warewolf\Dev\Dev2.Util\bin\Debug\net8.0\Dev2.Util.dll [C:\Users\ultra\warewolf\Dev\Warewolf.Studio.Core\Warewolf.Studio.Core.csproj]
C:\Program Files\dotnet\sdk\10.0.201\Microsoft.Common.CurrentVersion.targets(2451,5): warning MSB3277:             C:\Users\ultra\warewolf\Dev\Warewolf.AI.Harness\bin\Debug\net8.0\Warewolf.AI.Harness.dll [C:\Users\ultra\warewolf\Dev\Warewolf.Studio.Core\Warewolf.Studio.Core.csproj]
C:\Program Files\dotnet\sdk\10.0.201\Microsoft.Common.CurrentVersion.targets(2451,5): warning MSB3277:             C:\Users\ultra\warewolf\Dev\Warewolf.Auditing\bin\Debug\net8.0\Warewolf.Auditing.dll [C:\Users\ultra\warewolf\Dev\Warewolf.Studio.Core\Warewolf.Studio.Core.csproj]
C:\Program Files\dotnet\sdk\10.0.201\Microsoft.Common.CurrentVersion.targets(2451,5): warning MSB3277:             C:\Users\ultra\warewolf\Dev\Warewolf.Common.NetStandard20\bin\Debug\net8.0\Warewolf.Common.NetStandard20.dll [C:\Users\ultra\warewolf\Dev\Warewolf.Studio.Core\Warewolf.Studio.Core.csproj]
C:\Program Files\dotnet\sdk\10.0.201\Microsoft.Common.CurrentVersion.targets(2451,5): warning MSB3277:             C:\Users\ultra\warewolf\Dev\Warewolf.Core\bin\Debug\net8.0\Warewolf.Core.dll [C:\Users\ultra\warewolf\Dev\Warewolf.Studio.Core\Warewolf.Studio.Core.csproj]
C:\Program Files\dotnet\sdk\10.0.201\Microsoft.Common.CurrentVersion.targets(2451,5): warning MSB3277:             C:\Users\ultra\warewolf\Dev\Warewolf.Driver.Serilog\bin\Debug\net8.0\Warewolf.Driver.Serilog.dll [C:\Users\ultra\warewolf\Dev\Warewolf.Studio.Core\Warewolf.Studio.Core.csproj]
C:\Program Files\dotnet\sdk\10.0.201\Microsoft.Common.CurrentVersion.targets(2451,5): warning MSB3277:             C:\Users\ultra\warewolf\Dev\Warewolf.ResourceManagement\bin\Debug\net8.0\Warewolf.ResourceManagement.dll [C:\Users\ultra\warewolf\Dev\Warewolf.Studio.Core\Warewolf.Studio.Core.csproj]
C:\Program Files\dotnet\sdk\10.0.201\Microsoft.Common.CurrentVersion.targets(2451,5): warning MSB3277:             C:\Users\ultra\warewolf\Dev\Warewolf.Sharepoint\bin\Debug\net8.0\Warewolf.Sharepoint.dll [C:\Users\ultra\warewolf\Dev\Warewolf.Studio.Core\Warewolf.Studio.Core.csproj]
C:\Program Files\dotnet\sdk\10.0.201\Microsoft.Common.CurrentVersion.targets(2451,5): warning MSB3277:             C:\Users\ultra\warewolf\Dev\Warewolf.Storage\bin\Debug\net8.0\Warewolf.Storage.dll [C:\Users\ultra\warewolf\Dev\Warewolf.Studio.Core\Warewolf.Studio.Core.csproj]
C:\Program Files\dotnet\sdk\10.0.201\Microsoft.Common.CurrentVersion.targets(2451,5): warning MSB3277:         C:\Users\ultra\.nuget\packages\mindbox.data.linq\5.0.0\lib\netstandard2.0\Mindbox.Data.Linq.dll [C:\Users\ultra\warewolf\Dev\Warewolf.Studio.Core\Warewolf.Studio.Core.csproj]
C:\Program Files\dotnet\sdk\10.0.201\Microsoft.Common.CurrentVersion.targets(2451,5): warning MSB3277:           Project file item includes which caused reference "C:\Users\ultra\.nuget\packages\mindbox.data.linq\5.0.0\lib\netstandard2.0\Mindbox.Data.Linq.dll". [C:\Users\ultra\warewolf\Dev\Warewolf.Studio.Core\Warewolf.Studio.Core.csproj]
C:\Program Files\dotnet\sdk\10.0.201\Microsoft.Common.CurrentVersion.targets(2451,5): warning MSB3277:             C:\Users\ultra\.nuget\packages\mindbox.data.linq\5.0.0\lib\netstandard2.0\Mindbox.Data.Linq.dll [C:\Users\ultra\warewolf\Dev\Warewolf.Studio.Core\Warewolf.Studio.Core.csproj]
C:\Program Files\dotnet\sdk\10.0.201\Microsoft.Common.CurrentVersion.targets(2451,5): warning MSB3277:             C:\Users\ultra\warewolf\Dev\Warewolf.Auditing\bin\Debug\net8.0\Warewolf.Auditing.dll [C:\Users\ultra\warewolf\Dev\Warewolf.Studio.Core\Warewolf.Studio.Core.csproj]
C:\Program Files\dotnet\sdk\10.0.201\Microsoft.Common.CurrentVersion.targets(2451,5): warning MSB3277:             C:\Users\ultra\warewolf\Dev\Dev2.Runtime.Services\bin\Debug\net8.0\Dev2.Runtime.Services.dll [C:\Users\ultra\warewolf\Dev\Warewolf.Studio.Core\Warewolf.Studio.Core.csproj]
C:\Program Files\dotnet\sdk\10.0.201\Microsoft.Common.CurrentVersion.targets(2451,5): warning MSB3277:             C:\Users\ultra\warewolf\Dev\Dev2.Studio.Interfaces\bin\Debug\net8.0\Dev2.Studio.Interfaces.dll [C:\Users\ultra\warewolf\Dev\Warewolf.Studio.Core\Warewolf.Studio.Core.csproj]
C:\Program Files\dotnet\sdk\10.0.201\Microsoft.Common.CurrentVersion.targets(2451,5): warning MSB3277:             C:\Users\ultra\warewolf\Dev\Warewolf.Common.NetStandard20\bin\Debug\net8.0\Warewolf.Common.NetStandard20.dll [C:\Users\ultra\warewolf\Dev\Warewolf.Studio.Core\Warewolf.Studio.Core.csproj]
C:\Program Files\dotnet\sdk\10.0.201\Microsoft.Common.CurrentVersion.targets(2451,5): warning MSB3277:         C:\Users\ultra\.nuget\packages\mysql.data\8.4.0\lib\net8.0\MySql.Data.dll [C:\Users\ultra\warewolf\Dev\Warewolf.Studio.Core\Warewolf.Studio.Core.csproj]
C:\Program Files\dotnet\sdk\10.0.201\Microsoft.Common.CurrentVersion.targets(2451,5): warning MSB3277:           Project file item includes which caused reference "C:\Users\ultra\.nuget\packages\mysql.data\8.4.0\lib\net8.0\MySql.Data.dll". [C:\Users\ultra\warewolf\Dev\Warewolf.Studio.Core\Warewolf.Studio.Core.csproj]
C:\Program Files\dotnet\sdk\10.0.201\Microsoft.Common.CurrentVersion.targets(2451,5): warning MSB3277:             C:\Users\ultra\.nuget\packages\mysql.data\8.4.0\lib\net8.0\MySql.Data.dll [C:\Users\ultra\warewolf\Dev\Warewolf.Studio.Core\Warewolf.Studio.Core.csproj]
C:\Program Files\dotnet\sdk\10.0.201\Microsoft.Common.CurrentVersion.targets(2451,5): warning MSB3277:             C:\Users\ultra\warewolf\Dev\Dev2.Runtime.Services\bin\Debug\net8.0\Dev2.Runtime.Services.dll [C:\Users\ultra\warewolf\Dev\Warewolf.Studio.Core\Warewolf.Studio.Core.csproj]
C:\Program Files\dotnet\sdk\10.0.201\Microsoft.Common.CurrentVersion.targets(2451,5): warning MSB3277:             C:\Users\ultra\warewolf\Dev\Dev2.Studio.Interfaces\bin\Debug\net8.0\Dev2.Studio.Interfaces.dll [C:\Users\ultra\warewolf\Dev\Warewolf.Studio.Core\Warewolf.Studio.Core.csproj]
C:\Program Files\dotnet\sdk\10.0.201\Microsoft.Common.CurrentVersion.targets(2451,5): warning MSB3277:             C:\Users\ultra\warewolf\Dev\Dev2.Services.Sql\bin\Debug\net8.0\Dev2.Services.Sql.dll [C:\Users\ultra\warewolf\Dev\Warewolf.Studio.Core\Warewolf.Studio.Core.csproj]
C:\Program Files\dotnet\sdk\10.0.201\Microsoft.Common.CurrentVersion.targets(2451,5): warning MSB3277:         C:\Users\ultra\.nuget\packages\oracle.manageddataaccess.core\3.21.70\lib\netstandard2.1\Oracle.ManagedDataAccess.dll [C:\Users\ultra\warewolf\Dev\Warewolf.Studio.Core\Warewolf.Studio.Core.csproj]
C:\Program Files\dotnet\sdk\10.0.201\Microsoft.Common.CurrentVersion.targets(2451,5): warning MSB3277:           Project file item includes which caused reference "C:\Users\ultra\.nuget\packages\oracle.manageddataaccess.core\3.21.70\lib\netstandard2.1\Oracle.ManagedDataAccess.dll". [C:\Users\ultra\warewolf\Dev\Warewolf.Studio.Core\Warewolf.Studio.Core.csproj]
C:\Program Files\dotnet\sdk\10.0.201\Microsoft.Common.CurrentVersion.targets(2451,5): warning MSB3277:             C:\Users\ultra\.nuget\packages\oracle.manageddataaccess.core\3.21.70\lib\netstandard2.1\Oracle.ManagedDataAccess.dll [C:\Users\ultra\warewolf\Dev\Warewolf.Studio.Core\Warewolf.Studio.Core.csproj]
C:\Program Files\dotnet\sdk\10.0.201\Microsoft.Common.CurrentVersion.targets(2451,5): warning MSB3277:             C:\Users\ultra\warewolf\Dev\Dev2.Runtime.Services\bin\Debug\net8.0\Dev2.Runtime.Services.dll [C:\Users\ultra\warewolf\Dev\Warewolf.Studio.Core\Warewolf.Studio.Core.csproj]
C:\Program Files\dotnet\sdk\10.0.201\Microsoft.Common.CurrentVersion.targets(2451,5): warning MSB3277:             C:\Users\ultra\warewolf\Dev\Dev2.Studio.Interfaces\bin\Debug\net8.0\Dev2.Studio.Interfaces.dll [C:\Users\ultra\warewolf\Dev\Warewolf.Studio.Core\Warewolf.Studio.Core.csproj]
C:\Program Files\dotnet\sdk\10.0.201\Microsoft.Common.CurrentVersion.targets(2451,5): warning MSB3277:             C:\Users\ultra\warewolf\Dev\Dev2.Services.Sql\bin\Debug\net8.0\Dev2.Services.Sql.dll [C:\Users\ultra\warewolf\Dev\Warewolf.Studio.Core\Warewolf.Studio.Core.csproj]
C:\Program Files\dotnet\sdk\10.0.201\Microsoft.Common.CurrentVersion.targets(2451,5): warning MSB3277:         C:\Users\ultra\.nuget\packages\system.directoryservices\6.0.0\lib\net6.0\System.DirectoryServices.dll [C:\Users\ultra\warewolf\Dev\Warewolf.Studio.Core\Warewolf.Studio.Core.csproj]
C:\Program Files\dotnet\sdk\10.0.201\Microsoft.Common.CurrentVersion.targets(2451,5): warning MSB3277:           Project file item includes which caused reference "C:\Users\ultra\.nuget\packages\system.directoryservices\6.0.0\lib\net6.0\System.DirectoryServices.dll". [C:\Users\ultra\warewolf\Dev\Warewolf.Studio.Core\Warewolf.Studio.Core.csproj]
C:\Program Files\dotnet\sdk\10.0.201\Microsoft.Common.CurrentVersion.targets(2451,5): warning MSB3277:             C:\Users\ultra\.nuget\packages\system.directoryservices\6.0.0\lib\net6.0\System.DirectoryServices.dll [C:\Users\ultra\warewolf\Dev\Warewolf.Studio.Core\Warewolf.Studio.Core.csproj]
C:\Program Files\dotnet\sdk\10.0.201\Microsoft.Common.CurrentVersion.targets(2451,5): warning MSB3277:             C:\Users\ultra\.nuget\packages\corewcf.primitives\1.2.1\lib\netstandard2.0\CoreWCF.Primitives.dll [C:\Users\ultra\warewolf\Dev\Warewolf.Studio.Core\Warewolf.Studio.Core.csproj]
C:\Program Files\dotnet\sdk\10.0.201\Microsoft.Common.CurrentVersion.targets(2451,5): warning MSB3277:             C:\Users\ultra\warewolf\Dev\Dev2.Runtime.Services\bin\Debug\net8.0\Dev2.Runtime.Services.dll [C:\Users\ultra\warewolf\Dev\Warewolf.Studio.Core\Warewolf.Studio.Core.csproj]
C:\Program Files\dotnet\sdk\10.0.201\Microsoft.Common.CurrentVersion.targets(2451,5): warning MSB3277:             C:\Users\ultra\warewolf\Dev\Dev2.Studio.Interfaces\bin\Debug\net8.0\Dev2.Studio.Interfaces.dll [C:\Users\ultra\warewolf\Dev\Warewolf.Studio.Core\Warewolf.Studio.Core.csproj]
C:\Program Files\dotnet\sdk\10.0.201\Microsoft.Common.CurrentVersion.targets(2451,5): warning MSB3277:             C:\Users\ultra\.nuget\packages\corewcf.http\1.2.1\lib\netstandard2.0\CoreWCF.Http.dll [C:\Users\ultra\warewolf\Dev\Warewolf.Studio.Core\Warewolf.Studio.Core.csproj]
C:\Program Files\dotnet\sdk\10.0.201\Microsoft.Common.CurrentVersion.targets(2451,5): warning MSB3277:             C:\Users\ultra\.nuget\packages\corewcf.nettcp\1.2.1\lib\netstandard2.0\CoreWCF.NetTcp.dll [C:\Users\ultra\warewolf\Dev\Warewolf.Studio.Core\Warewolf.Studio.Core.csproj]
C:\Program Files\dotnet\sdk\10.0.201\Microsoft.Common.CurrentVersion.targets(2451,5): warning MSB3277:             C:\Users\ultra\.nuget\packages\corewcf.webhttp\1.2.1\lib\netstandard2.0\CoreWCF.WebHttp.dll [C:\Users\ultra\warewolf\Dev\Warewolf.Studio.Core\Warewolf.Studio.Core.csproj]
C:\Program Files\dotnet\sdk\10.0.201\Microsoft.Common.CurrentVersion.targets(2451,5): warning MSB3277:         C:\Program Files\dotnet\packs\Microsoft.NETCore.App.Ref\8.0.25\ref\net8.0\System.Configuration.dll [C:\Users\ultra\warewolf\Dev\Warewolf.Studio.Core\Warewolf.Studio.Core.csproj]
C:\Program Files\dotnet\sdk\10.0.201\Microsoft.Common.CurrentVersion.targets(2451,5): warning MSB3277:           Project file item includes which caused reference "C:\Program Files\dotnet\packs\Microsoft.NETCore.App.Ref\8.0.25\ref\net8.0\System.Configuration.dll". [C:\Users\ultra\warewolf\Dev\Warewolf.Studio.Core\Warewolf.Studio.Core.csproj]
C:\Program Files\dotnet\sdk\10.0.201\Microsoft.Common.CurrentVersion.targets(2451,5): warning MSB3277:             C:\Program Files\dotnet\packs\Microsoft.NETCore.App.Ref\8.0.25\ref/net8.0/System.Configuration.dll [C:\Users\ultra\warewolf\Dev\Warewolf.Studio.Core\Warewolf.Studio.Core.csproj]
C:\Program Files\dotnet\sdk\10.0.201\Microsoft.Common.CurrentVersion.targets(2451,5): warning MSB3277:             C:\Users\ultra\.nuget\packages\prism.wpf\9.0.537\lib\net462\Prism.Wpf.dll [C:\Users\ultra\warewolf\Dev\Warewolf.Studio.Core\Warewolf.Studio.Core.csproj]
C:\Program Files\dotnet\sdk\10.0.201\Microsoft.Common.CurrentVersion.targets(2451,5): warning MSB3277:         C:\Program Files\dotnet\packs\Microsoft.NETCore.App.Ref\8.0.25\ref\net8.0\System.Data.dll [C:\Users\ultra\warewolf\Dev\Warewolf.Studio.Core\Warewolf.Studio.Core.csproj]
C:\Program Files\dotnet\sdk\10.0.201\Microsoft.Common.CurrentVersion.targets(2451,5): warning MSB3277:           Project file item includes which caused reference "C:\Program Files\dotnet\packs\Microsoft.NETCore.App.Ref\8.0.25\ref\net8.0\System.Data.dll". [C:\Users\ultra\warewolf\Dev\Warewolf.Studio.Core\Warewolf.Studio.Core.csproj]
C:\Program Files\dotnet\sdk\10.0.201\Microsoft.Common.CurrentVersion.targets(2451,5): warning MSB3277:             C:\Program Files\dotnet\packs\Microsoft.NETCore.App.Ref\8.0.25\ref/net8.0/System.Data.dll [C:\Users\ultra\warewolf\Dev\Warewolf.Studio.Core\Warewolf.Studio.Core.csproj]
C:\Program Files\dotnet\sdk\10.0.201\Microsoft.Common.CurrentVersion.targets(2451,5): warning MSB3277:             C:\Users\ultra\.nuget\packages\taskschedulereditor\2.10.1\lib\net452\Microsoft.Win32.TaskSchedulerEditor.dll [C:\Users\ultra\warewolf\Dev\Warewolf.Studio.Core\Warewolf.Studio.Core.csproj]
C:\Program Files\dotnet\sdk\10.0.201\Microsoft.Common.CurrentVersion.targets(2451,5): warning MSB3277:         C:\Program Files\dotnet\packs\Microsoft.NETCore.App.Ref\8.0.25\ref\net8.0\System.Drawing.dll [C:\Users\ultra\warewolf\Dev\Warewolf.Studio.Core\Warewolf.Studio.Core.csproj]
C:\Program Files\dotnet\sdk\10.0.201\Microsoft.Common.CurrentVersion.targets(2451,5): warning MSB3277:           Project file item includes which caused reference "C:\Program Files\dotnet\packs\Microsoft.NETCore.App.Ref\8.0.25\ref\net8.0\System.Drawing.dll". [C:\Users\ultra\warewolf\Dev\Warewolf.Studio.Core\Warewolf.Studio.Core.csproj]
C:\Program Files\dotnet\sdk\10.0.201\Microsoft.Common.CurrentVersion.targets(2451,5): warning MSB3277:             C:\Program Files\dotnet\packs\Microsoft.NETCore.App.Ref\8.0.25\ref/net8.0/System.Drawing.dll [C:\Users\ultra\warewolf\Dev\Warewolf.Studio.Core\Warewolf.Studio.Core.csproj]
C:\Program Files\dotnet\sdk\10.0.201\Microsoft.Common.CurrentVersion.targets(2451,5): warning MSB3277:             C:\Users\ultra\.nuget\packages\aerowizard\2.3.1\lib\net45\AeroWizard.dll [C:\Users\ultra\warewolf\Dev\Warewolf.Studio.Core\Warewolf.Studio.Core.csproj]
C:\Program Files\dotnet\sdk\10.0.201\Microsoft.Common.CurrentVersion.targets(2451,5): warning MSB3277:             C:\Users\ultra\.nuget\packages\groupcontrols\1.9.0\lib\net45\GroupControls.dll [C:\Users\ultra\warewolf\Dev\Warewolf.Studio.Core\Warewolf.Studio.Core.csproj]
C:\Program Files\dotnet\sdk\10.0.201\Microsoft.Common.CurrentVersion.targets(2451,5): warning MSB3277:             C:\Users\ultra\.nuget\packages\taskschedulereditor\2.10.1\lib\net452\Microsoft.Win32.TaskSchedulerEditor.dll [C:\Users\ultra\warewolf\Dev\Warewolf.Studio.Core\Warewolf.Studio.Core.csproj]
C:\Program Files\dotnet\sdk\10.0.201\Microsoft.Common.CurrentVersion.targets(2451,5): warning MSB3277:         C:\Program Files\dotnet\packs\Microsoft.NETCore.App.Ref\8.0.25\ref\net8.0\System.Net.dll [C:\Users\ultra\warewolf\Dev\Warewolf.Studio.Core\Warewolf.Studio.Core.csproj]
C:\Program Files\dotnet\sdk\10.0.201\Microsoft.Common.CurrentVersion.targets(2451,5): warning MSB3277:           Project file item includes which caused reference "C:\Program Files\dotnet\packs\Microsoft.NETCore.App.Ref\8.0.25\ref\net8.0\System.Net.dll". [C:\Users\ultra\warewolf\Dev\Warewolf.Studio.Core\Warewolf.Studio.Core.csproj]
C:\Program Files\dotnet\sdk\10.0.201\Microsoft.Common.CurrentVersion.targets(2451,5): warning MSB3277:             C:\Program Files\dotnet\packs\Microsoft.NETCore.App.Ref\8.0.25\ref/net8.0/System.Net.dll [C:\Users\ultra\warewolf\Dev\Warewolf.Studio.Core\Warewolf.Studio.Core.csproj]
C:\Program Files\dotnet\sdk\10.0.201\Microsoft.Common.CurrentVersion.targets(2451,5): warning MSB3277:         C:\Program Files\dotnet\packs\Microsoft.NETCore.App.Ref\8.0.25\ref\net8.0\System.Security.dll [C:\Users\ultra\warewolf\Dev\Warewolf.Studio.Core\Warewolf.Studio.Core.csproj]
C:\Program Files\dotnet\sdk\10.0.201\Microsoft.Common.CurrentVersion.targets(2451,5): warning MSB3277:           Project file item includes which caused reference "C:\Program Files\dotnet\packs\Microsoft.NETCore.App.Ref\8.0.25\ref\net8.0\System.Security.dll". [C:\Users\ultra\warewolf\Dev\Warewolf.Studio.Core\Warewolf.Studio.Core.csproj]
C:\Program Files\dotnet\sdk\10.0.201\Microsoft.Common.CurrentVersion.targets(2451,5): warning MSB3277:             C:\Program Files\dotnet\packs\Microsoft.NETCore.App.Ref\8.0.25\ref/net8.0/System.Security.dll [C:\Users\ultra\warewolf\Dev\Warewolf.Studio.Core\Warewolf.Studio.Core.csproj]
C:\Program Files\dotnet\sdk\10.0.201\Microsoft.Common.CurrentVersion.targets(2451,5): warning MSB3277:         C:\Program Files\dotnet\packs\Microsoft.NETCore.App.Ref\8.0.25\ref\net8.0\System.ServiceProcess.dll [C:\Users\ultra\warewolf\Dev\Warewolf.Studio.Core\Warewolf.Studio.Core.csproj]
C:\Program Files\dotnet\sdk\10.0.201\Microsoft.Common.CurrentVersion.targets(2451,5): warning MSB3277:           Project file item includes which caused reference "C:\Program Files\dotnet\packs\Microsoft.NETCore.App.Ref\8.0.25\ref\net8.0\System.ServiceProcess.dll". [C:\Users\ultra\warewolf\Dev\Warewolf.Studio.Core\Warewolf.Studio.Core.csproj]
C:\Program Files\dotnet\sdk\10.0.201\Microsoft.Common.CurrentVersion.targets(2451,5): warning MSB3277:             C:\Program Files\dotnet\packs\Microsoft.NETCore.App.Ref\8.0.25\ref/net8.0/System.ServiceProcess.dll [C:\Users\ultra\warewolf\Dev\Warewolf.Studio.Core\Warewolf.Studio.Core.csproj]
C:\Program Files\dotnet\sdk\10.0.201\Microsoft.Common.CurrentVersion.targets(2451,5): warning MSB3277:         C:\Program Files\dotnet\packs\Microsoft.NETCore.App.Ref\8.0.25\ref\net8.0\System.Transactions.dll [C:\Users\ultra\warewolf\Dev\Warewolf.Studio.Core\Warewolf.Studio.Core.csproj]
C:\Program Files\dotnet\sdk\10.0.201\Microsoft.Common.CurrentVersion.targets(2451,5): warning MSB3277:           Project file item includes which caused reference "C:\Program Files\dotnet\packs\Microsoft.NETCore.App.Ref\8.0.25\ref\net8.0\System.Transactions.dll". [C:\Users\ultra\warewolf\Dev\Warewolf.Studio.Core\Warewolf.Studio.Core.csproj]
C:\Program Files\dotnet\sdk\10.0.201\Microsoft.Common.CurrentVersion.targets(2451,5): warning MSB3277:             C:\Program Files\dotnet\packs\Microsoft.NETCore.App.Ref\8.0.25\ref/net8.0/System.Transactions.dll [C:\Users\ultra\warewolf\Dev\Warewolf.Studio.Core\Warewolf.Studio.Core.csproj]
C:\Program Files\dotnet\sdk\10.0.201\Microsoft.Common.CurrentVersion.targets(2451,5): warning MSB3277:         C:\Program Files\dotnet\packs\Microsoft.NETCore.App.Ref\8.0.25\ref\net8.0\System.dll [C:\Users\ultra\warewolf\Dev\Warewolf.Studio.Core\Warewolf.Studio.Core.csproj]
C:\Program Files\dotnet\sdk\10.0.201\Microsoft.Common.CurrentVersion.targets(2451,5): warning MSB3277:           Project file item includes which caused reference "C:\Program Files\dotnet\packs\Microsoft.NETCore.App.Ref\8.0.25\ref\net8.0\System.dll". [C:\Users\ultra\warewolf\Dev\Warewolf.Studio.Core\Warewolf.Studio.Core.csproj]
C:\Program Files\dotnet\sdk\10.0.201\Microsoft.Common.CurrentVersion.targets(2451,5): warning MSB3277:             C:\Program Files\dotnet\packs\Microsoft.NETCore.App.Ref\8.0.25\ref/net8.0/System.dll [C:\Users\ultra\warewolf\Dev\Warewolf.Studio.Core\Warewolf.Studio.Core.csproj]
C:\Program Files\dotnet\sdk\10.0.201\Microsoft.Common.CurrentVersion.targets(2451,5): warning MSB3277:             C:\Users\ultra\.nuget\packages\aerowizard\2.3.1\lib\net45\AeroWizard.dll [C:\Users\ultra\warewolf\Dev\Warewolf.Studio.Core\Warewolf.Studio.Core.csproj]
C:\Program Files\dotnet\sdk\10.0.201\Microsoft.Common.CurrentVersion.targets(2451,5): warning MSB3277:             C:\Users\ultra\.nuget\packages\groupcontrols\1.9.0\lib\net45\GroupControls.dll [C:\Users\ultra\warewolf\Dev\Warewolf.Studio.Core\Warewolf.Studio.Core.csproj]
C:\Program Files\dotnet\sdk\10.0.201\Microsoft.Common.CurrentVersion.targets(2451,5): warning MSB3277:             C:\Users\ultra\.nuget\packages\microsoft.xaml.behaviors.wpf\1.1.122\lib\net462\Microsoft.Xaml.Behaviors.dll [C:\Users\ultra\warewolf\Dev\Warewolf.Studio.Core\Warewolf.Studio.Core.csproj]
C:\Program Files\dotnet\sdk\10.0.201\Microsoft.Common.CurrentVersion.targets(2451,5): warning MSB3277:             C:\Users\ultra\.nuget\packages\caliburn.micro\4.0.212\lib\netcoreapp3.1\Caliburn.Micro.Platform.dll [C:\Users\ultra\warewolf\Dev\Warewolf.Studio.Core\Warewolf.Studio.Core.csproj]
C:\Program Files\dotnet\sdk\10.0.201\Microsoft.Common.CurrentVersion.targets(2451,5): warning MSB3277:             C:\Users\ultra\.nuget\packages\prism.wpf\9.0.537\lib\net462\Prism.Wpf.dll [C:\Users\ultra\warewolf\Dev\Warewolf.Studio.Core\Warewolf.Studio.Core.csproj]
C:\Program Files\dotnet\sdk\10.0.201\Microsoft.Common.CurrentVersion.targets(2451,5): warning MSB3277:             C:\Users\ultra\.nuget\packages\reactiveui.wpf\18.4.1\lib\net462\ReactiveUI.Wpf.dll [C:\Users\ultra\warewolf\Dev\Warewolf.Studio.Core\Warewolf.Studio.Core.csproj]
C:\Program Files\dotnet\sdk\10.0.201\Microsoft.Common.CurrentVersion.targets(2451,5): warning MSB3277:             C:\Users\ultra\.nuget\packages\taskschedulereditor\2.10.1\lib\net452\Microsoft.Win32.TaskSchedulerEditor.dll [C:\Users\ultra\warewolf\Dev\Warewolf.Studio.Core\Warewolf.Studio.Core.csproj]
C:\Program Files\dotnet\sdk\10.0.201\Microsoft.Common.CurrentVersion.targets(2451,5): warning MSB3277:             C:\Users\ultra\.nuget\packages\ttcue.netcore.sharepointonline.csom.16.1.8029.1200\16.1.8029.1200\lib\netcoreapp2.0\Microsoft.SharePoint.Client.Runtime.Windows.dll [C:\Users\ultra\warewolf\Dev\Warewolf.Studio.Core\Warewolf.Studio.Core.csproj]
C:\Program Files\dotnet\sdk\10.0.201\Microsoft.Common.CurrentVersion.targets(2451,5): warning MSB3277:         C:\Program Files\dotnet\packs\Microsoft.NETCore.App.Ref\8.0.25\ref\net8.0\WindowsBase.dll [C:\Users\ultra\warewolf\Dev\Warewolf.Studio.Core\Warewolf.Studio.Core.csproj]
C:\Program Files\dotnet\sdk\10.0.201\Microsoft.Common.CurrentVersion.targets(2451,5): warning MSB3277:           Project file item includes which caused reference "C:\Program Files\dotnet\packs\Microsoft.NETCore.App.Ref\8.0.25\ref\net8.0\WindowsBase.dll". [C:\Users\ultra\warewolf\Dev\Warewolf.Studio.Core\Warewolf.Studio.Core.csproj]
C:\Program Files\dotnet\sdk\10.0.201\Microsoft.Common.CurrentVersion.targets(2451,5): warning MSB3277:             C:\Program Files\dotnet\packs\Microsoft.NETCore.App.Ref\8.0.25\ref/net8.0/WindowsBase.dll [C:\Users\ultra\warewolf\Dev\Warewolf.Studio.Core\Warewolf.Studio.Core.csproj]
C:\Program Files\dotnet\sdk\10.0.201\Microsoft.Common.CurrentVersion.targets(2451,5): warning MSB3277:         C:\Program Files\dotnet\packs\Microsoft.NETCore.App.Ref\8.0.25\ref\net8.0\mscorlib.dll [C:\Users\ultra\warewolf\Dev\Warewolf.Studio.Core\Warewolf.Studio.Core.csproj]
C:\Program Files\dotnet\sdk\10.0.201\Microsoft.Common.CurrentVersion.targets(2451,5): warning MSB3277:           Project file item includes which caused reference "C:\Program Files\dotnet\packs\Microsoft.NETCore.App.Ref\8.0.25\ref\net8.0\mscorlib.dll". [C:\Users\ultra\warewolf\Dev\Warewolf.Studio.Core\Warewolf.Studio.Core.csproj]
C:\Program Files\dotnet\sdk\10.0.201\Microsoft.Common.CurrentVersion.targets(2451,5): warning MSB3277:             C:\Program Files\dotnet\packs\Microsoft.NETCore.App.Ref\8.0.25\ref/net8.0/mscorlib.dll [C:\Users\ultra\warewolf\Dev\Warewolf.Studio.Core\Warewolf.Studio.Core.csproj]
C:\Program Files\dotnet\sdk\10.0.201\Microsoft.Common.CurrentVersion.targets(2451,5): warning MSB3277:             C:\Users\ultra\.nuget\packages\aerowizard\2.3.1\lib\net45\AeroWizard.dll [C:\Users\ultra\warewolf\Dev\Warewolf.Studio.Core\Warewolf.Studio.Core.csproj]
C:\Program Files\dotnet\sdk\10.0.201\Microsoft.Common.CurrentVersion.targets(2451,5): warning MSB3277:             C:\Users\ultra\.nuget\packages\groupcontrols\1.9.0\lib\net45\GroupControls.dll [C:\Users\ultra\warewolf\Dev\Warewolf.Studio.Core\Warewolf.Studio.Core.csproj]
C:\Program Files\dotnet\sdk\10.0.201\Microsoft.Common.CurrentVersion.targets(2451,5): warning MSB3277:             C:\Users\ultra\.nuget\packages\microsoft.xaml.behaviors.wpf\1.1.122\lib\net462\Microsoft.Xaml.Behaviors.dll [C:\Users\ultra\warewolf\Dev\Warewolf.Studio.Core\Warewolf.Studio.Core.csproj]
C:\Program Files\dotnet\sdk\10.0.201\Microsoft.Common.CurrentVersion.targets(2451,5): warning MSB3277:             C:\Users\ultra\.nuget\packages\caliburn.micro\4.0.212\lib\netcoreapp3.1\Caliburn.Micro.Platform.dll [C:\Users\ultra\warewolf\Dev\Warewolf.Studio.Core\Warewolf.Studio.Core.csproj]
C:\Program Files\dotnet\sdk\10.0.201\Microsoft.Common.CurrentVersion.targets(2451,5): warning MSB3277:             C:\Users\ultra\.nuget\packages\oracle.manageddataaccess.core\3.21.70\lib\netstandard2.1\Oracle.ManagedDataAccess.dll [C:\Users\ultra\warewolf\Dev\Warewolf.Studio.Core\Warewolf.Studio.Core.csproj]
C:\Program Files\dotnet\sdk\10.0.201\Microsoft.Common.CurrentVersion.targets(2451,5): warning MSB3277:             C:\Users\ultra\warewolf\Dev\Dev2.Runtime.Services\bin\Debug\net8.0\Dev2.Runtime.Services.dll [C:\Users\ultra\warewolf\Dev\Warewolf.Studio.Core\Warewolf.Studio.Core.csproj]
C:\Program Files\dotnet\sdk\10.0.201\Microsoft.Common.CurrentVersion.targets(2451,5): warning MSB3277:             C:\Users\ultra\warewolf\Dev\Dev2.Studio.Interfaces\bin\Debug\net8.0\Dev2.Studio.Interfaces.dll [C:\Users\ultra\warewolf\Dev\Warewolf.Studio.Core\Warewolf.Studio.Core.csproj]
C:\Program Files\dotnet\sdk\10.0.201\Microsoft.Common.CurrentVersion.targets(2451,5): warning MSB3277:             C:\Users\ultra\warewolf\Dev\Dev2.Services.Sql\bin\Debug\net8.0\Dev2.Services.Sql.dll [C:\Users\ultra\warewolf\Dev\Warewolf.Studio.Core\Warewolf.Studio.Core.csproj]
C:\Program Files\dotnet\sdk\10.0.201\Microsoft.Common.CurrentVersion.targets(2451,5): warning MSB3277:             C:\Users\ultra\.nuget\packages\prism.wpf\9.0.537\lib\net462\Prism.Wpf.dll [C:\Users\ultra\warewolf\Dev\Warewolf.Studio.Core\Warewolf.Studio.Core.csproj]
C:\Program Files\dotnet\sdk\10.0.201\Microsoft.Common.CurrentVersion.targets(2451,5): warning MSB3277:             C:\Users\ultra\.nuget\packages\reactiveui.wpf\18.4.1\lib\net462\ReactiveUI.Wpf.dll [C:\Users\ultra\warewolf\Dev\Warewolf.Studio.Core\Warewolf.Studio.Core.csproj]
C:\Program Files\dotnet\sdk\10.0.201\Microsoft.Common.CurrentVersion.targets(2451,5): warning MSB3277:             C:\Users\ultra\.nuget\packages\taskschedulereditor\2.10.1\lib\net452\Microsoft.Win32.TaskSchedulerEditor.dll [C:\Users\ultra\warewolf\Dev\Warewolf.Studio.Core\Warewolf.Studio.Core.csproj]
C:\Program Files\dotnet\sdk\10.0.201\Microsoft.Common.CurrentVersion.targets(2451,5): warning MSB3277:             C:\Users\ultra\.nuget\packages\ttcue.netcore.sharepointonline.csom.16.1.8029.1200\16.1.8029.1200\lib\netcoreapp2.0\Microsoft.SharePoint.Client.Runtime.Windows.dll [C:\Users\ultra\warewolf\Dev\Warewolf.Studio.Core\Warewolf.Studio.Core.csproj]
C:\Program Files\dotnet\sdk\10.0.201\Microsoft.Common.CurrentVersion.targets(2451,5): warning MSB3277: Found conflicts between different versions of "WindowsBase" that could not be resolved. [C:\Users\ultra\warewolf\Dev\Warewolf.Studio.Core\Warewolf.Studio.Core.csproj]
C:\Program Files\dotnet\sdk\10.0.201\Microsoft.Common.CurrentVersion.targets(2451,5): warning MSB3277: There was a conflict between "WindowsBase, Version=4.0.0.0, Culture=neutral, PublicKeyToken=31bf3856ad364e35" and "WindowsBase, Version=6.0.2.0, Culture=neutral, PublicKeyToken=31bf3856ad364e35". [C:\Users\ultra\warewolf\Dev\Warewolf.Studio.Core\Warewolf.Studio.Core.csproj]
C:\Program Files\dotnet\sdk\10.0.201\Microsoft.Common.CurrentVersion.targets(2451,5): warning MSB3277:     "WindowsBase, Version=4.0.0.0, Culture=neutral, PublicKeyToken=31bf3856ad364e35" was chosen because it was primary and "WindowsBase, Version=6.0.2.0, Culture=neutral, PublicKeyToken=31bf3856ad364e35" was not. [C:\Users\ultra\warewolf\Dev\Warewolf.Studio.Core\Warewolf.Studio.Core.csproj]
C:\Program Files\dotnet\sdk\10.0.201\Microsoft.Common.CurrentVersion.targets(2451,5): warning MSB3277:     References which depend on "WindowsBase, Version=4.0.0.0, Culture=neutral, PublicKeyToken=31bf3856ad364e35" [C:\Program Files\dotnet\packs\Microsoft.NETCore.App.Ref\8.0.25\ref\net8.0\WindowsBase.dll]. [C:\Users\ultra\warewolf\Dev\Warewolf.Studio.Core\Warewolf.Studio.Core.csproj]
C:\Program Files\dotnet\sdk\10.0.201\Microsoft.Common.CurrentVersion.targets(2451,5): warning MSB3277:         C:\Program Files\dotnet\packs\Microsoft.NETCore.App.Ref\8.0.25\ref\net8.0\WindowsBase.dll [C:\Users\ultra\warewolf\Dev\Warewolf.Studio.Core\Warewolf.Studio.Core.csproj]
C:\Program Files\dotnet\sdk\10.0.201\Microsoft.Common.CurrentVersion.targets(2451,5): warning MSB3277:           Project file item includes which caused reference "C:\Program Files\dotnet\packs\Microsoft.NETCore.App.Ref\8.0.25\ref\net8.0\WindowsBase.dll". [C:\Users\ultra\warewolf\Dev\Warewolf.Studio.Core\Warewolf.Studio.Core.csproj]
C:\Program Files\dotnet\sdk\10.0.201\Microsoft.Common.CurrentVersion.targets(2451,5): warning MSB3277:             C:\Program Files\dotnet\packs\Microsoft.NETCore.App.Ref\8.0.25\ref/net8.0/WindowsBase.dll [C:\Users\ultra\warewolf\Dev\Warewolf.Studio.Core\Warewolf.Studio.Core.csproj]
C:\Program Files\dotnet\sdk\10.0.201\Microsoft.Common.CurrentVersion.targets(2451,5): warning MSB3277:     References which depend on or have been unified to "WindowsBase, Version=6.0.2.0, Culture=neutral, PublicKeyToken=31bf3856ad364e35" []. [C:\Users\ultra\warewolf\Dev\Warewolf.Studio.Core\Warewolf.Studio.Core.csproj]
C:\Program Files\dotnet\sdk\10.0.201\Microsoft.Common.CurrentVersion.targets(2451,5): warning MSB3277:         C:\Users\ultra\warewolf\Dev\Binaries\Infragistcs_Net6\InfragisticsWPF4.Controls.Menus.XamDataTree.v15.1.dll [C:\Users\ultra\warewolf\Dev\Warewolf.Studio.Core\Warewolf.Studio.Core.csproj]
C:\Program Files\dotnet\sdk\10.0.201\Microsoft.Common.CurrentVersion.targets(2451,5): warning MSB3277:           Project file item includes which caused reference "C:\Users\ultra\warewolf\Dev\Binaries\Infragistcs_Net6\InfragisticsWPF4.Controls.Menus.XamDataTree.v15.1.dll". [C:\Users\ultra\warewolf\Dev\Warewolf.Studio.Core\Warewolf.Studio.Core.csproj]
C:\Program Files\dotnet\sdk\10.0.201\Microsoft.Common.CurrentVersion.targets(2451,5): warning MSB3277:             InfragisticsWPF4.Controls.Menus.XamDataTree.v15.1, Version=15.1.20151.2055, Culture=neutral, PublicKeyToken=7dd5c3163f2cd0cb, processorArchitecture=MSIL [C:\Users\ultra\warewolf\Dev\Warewolf.Studio.Core\Warewolf.Studio.Core.csproj]
C:\Program Files\dotnet\sdk\10.0.201\Microsoft.Common.CurrentVersion.targets(2451,5): warning MSB3277:         C:\Users\ultra\warewolf\Dev\Binaries\Infragistcs_Net6\InfragisticsWPF4.DataManager.v15.1.dll [C:\Users\ultra\warewolf\Dev\Warewolf.Studio.Core\Warewolf.Studio.Core.csproj]
C:\Program Files\dotnet\sdk\10.0.201\Microsoft.Common.CurrentVersion.targets(2451,5): warning MSB3277:           Project file item includes which caused reference "C:\Users\ultra\warewolf\Dev\Binaries\Infragistcs_Net6\InfragisticsWPF4.DataManager.v15.1.dll". [C:\Users\ultra\warewolf\Dev\Warewolf.Studio.Core\Warewolf.Studio.Core.csproj]
C:\Program Files\dotnet\sdk\10.0.201\Microsoft.Common.CurrentVersion.targets(2451,5): warning MSB3277:             InfragisticsWPF4.DataManager.v15.1, Version=15.1.20151.2055, Culture=neutral, PublicKeyToken=7dd5c3163f2cd0cb, processorArchitecture=MSIL [C:\Users\ultra\warewolf\Dev\Warewolf.Studio.Core\Warewolf.Studio.Core.csproj]
C:\Program Files\dotnet\sdk\10.0.201\Microsoft.Common.CurrentVersion.targets(2451,5): warning MSB3277:             InfragisticsWPF4.Controls.Menus.XamDataTree.v15.1, Version=15.1.20151.2055, Culture=neutral, PublicKeyToken=7dd5c3163f2cd0cb, processorArchitecture=MSIL [C:\Users\ultra\warewolf\Dev\Warewolf.Studio.Core\Warewolf.Studio.Core.csproj]
C:\Program Files\dotnet\sdk\10.0.201\Microsoft.Common.CurrentVersion.targets(2451,5): warning MSB3277:         C:\Users\ultra\warewolf\Dev\Binaries\Infragistcs_Net6\InfragisticsWPF4.DockManager.v15.1.dll [C:\Users\ultra\warewolf\Dev\Warewolf.Studio.Core\Warewolf.Studio.Core.csproj]
C:\Program Files\dotnet\sdk\10.0.201\Microsoft.Common.CurrentVersion.targets(2451,5): warning MSB3277:           Project file item includes which caused reference "C:\Users\ultra\warewolf\Dev\Binaries\Infragistcs_Net6\InfragisticsWPF4.DockManager.v15.1.dll". [C:\Users\ultra\warewolf\Dev\Warewolf.Studio.Core\Warewolf.Studio.Core.csproj]
C:\Program Files\dotnet\sdk\10.0.201\Microsoft.Common.CurrentVersion.targets(2451,5): warning MSB3277:             InfragisticsWPF4.DockManager.v15.1, Version=15.1.20151.2055, Culture=neutral, PublicKeyToken=7dd5c3163f2cd0cb, processorArchitecture=MSIL [C:\Users\ultra\warewolf\Dev\Warewolf.Studio.Core\Warewolf.Studio.Core.csproj]
C:\Program Files\dotnet\sdk\10.0.201\Microsoft.Common.CurrentVersion.targets(2451,5): warning MSB3277:         C:\Users\ultra\warewolf\Dev\Binaries\Infragistcs_Net6\InfragisticsWPF4.v15.1.dll [C:\Users\ultra\warewolf\Dev\Warewolf.Studio.Core\Warewolf.Studio.Core.csproj]
C:\Program Files\dotnet\sdk\10.0.201\Microsoft.Common.CurrentVersion.targets(2451,5): warning MSB3277:           Project file item includes which caused reference "C:\Users\ultra\warewolf\Dev\Binaries\Infragistcs_Net6\InfragisticsWPF4.v15.1.dll". [C:\Users\ultra\warewolf\Dev\Warewolf.Studio.Core\Warewolf.Studio.Core.csproj]
C:\Program Files\dotnet\sdk\10.0.201\Microsoft.Common.CurrentVersion.targets(2451,5): warning MSB3277:             InfragisticsWPF4.v15.1, Version=15.1.20151.2055, Culture=neutral, PublicKeyToken=7dd5c3163f2cd0cb, processorArchitecture=MSIL [C:\Users\ultra\warewolf\Dev\Warewolf.Studio.Core\Warewolf.Studio.Core.csproj]
C:\Program Files\dotnet\sdk\10.0.201\Microsoft.Common.CurrentVersion.targets(2451,5): warning MSB3277:             InfragisticsWPF4.Controls.Menus.XamDataTree.v15.1, Version=15.1.20151.2055, Culture=neutral, PublicKeyToken=7dd5c3163f2cd0cb, processorArchitecture=MSIL [C:\Users\ultra\warewolf\Dev\Warewolf.Studio.Core\Warewolf.Studio.Core.csproj]
C:\Program Files\dotnet\sdk\10.0.201\Microsoft.Common.CurrentVersion.targets(2451,5): warning MSB3277:             InfragisticsWPF4.DataManager.v15.1, Version=15.1.20151.2055, Culture=neutral, PublicKeyToken=7dd5c3163f2cd0cb, processorArchitecture=MSIL [C:\Users\ultra\warewolf\Dev\Warewolf.Studio.Core\Warewolf.Studio.Core.csproj]
C:\Program Files\dotnet\sdk\10.0.201\Microsoft.Common.CurrentVersion.targets(2451,5): warning MSB3277:             InfragisticsWPF4.DockManager.v15.1, Version=15.1.20151.2055, Culture=neutral, PublicKeyToken=7dd5c3163f2cd0cb, processorArchitecture=MSIL [C:\Users\ultra\warewolf\Dev\Warewolf.Studio.Core\Warewolf.Studio.Core.csproj]
C:\Program Files\dotnet\sdk\10.0.201\Microsoft.Common.CurrentVersion.targets(2451,5): warning MSB3277:         C:\Users\ultra\.nuget\packages\caliburn.micro\4.0.212\lib\netcoreapp3.1\Caliburn.Micro.Platform.dll [C:\Users\ultra\warewolf\Dev\Warewolf.Studio.Core\Warewolf.Studio.Core.csproj]
C:\Program Files\dotnet\sdk\10.0.201\Microsoft.Common.CurrentVersion.targets(2451,5): warning MSB3277:           Project file item includes which caused reference "C:\Users\ultra\.nuget\packages\caliburn.micro\4.0.212\lib\netcoreapp3.1\Caliburn.Micro.Platform.dll". [C:\Users\ultra\warewolf\Dev\Warewolf.Studio.Core\Warewolf.Studio.Core.csproj]
C:\Program Files\dotnet\sdk\10.0.201\Microsoft.Common.CurrentVersion.targets(2451,5): warning MSB3277:             C:\Users\ultra\.nuget\packages\caliburn.micro\4.0.212\lib\netcoreapp3.1\Caliburn.Micro.Platform.dll [C:\Users\ultra\warewolf\Dev\Warewolf.Studio.Core\Warewolf.Studio.Core.csproj]
C:\Program Files\dotnet\sdk\10.0.201\Microsoft.Common.CurrentVersion.targets(2451,5): warning MSB3277:         C:\Users\ultra\.nuget\packages\microsoft.xaml.behaviors.wpf\1.1.122\lib\net462\Microsoft.Xaml.Behaviors.dll [C:\Users\ultra\warewolf\Dev\Warewolf.Studio.Core\Warewolf.Studio.Core.csproj]
C:\Program Files\dotnet\sdk\10.0.201\Microsoft.Common.CurrentVersion.targets(2451,5): warning MSB3277:           Project file item includes which caused reference "C:\Users\ultra\.nuget\packages\microsoft.xaml.behaviors.wpf\1.1.122\lib\net462\Microsoft.Xaml.Behaviors.dll". [C:\Users\ultra\warewolf\Dev\Warewolf.Studio.Core\Warewolf.Studio.Core.csproj]
C:\Program Files\dotnet\sdk\10.0.201\Microsoft.Common.CurrentVersion.targets(2451,5): warning MSB3277:             C:\Users\ultra\.nuget\packages\microsoft.xaml.behaviors.wpf\1.1.122\lib\net462\Microsoft.Xaml.Behaviors.dll [C:\Users\ultra\warewolf\Dev\Warewolf.Studio.Core\Warewolf.Studio.Core.csproj]
C:\Program Files\dotnet\sdk\10.0.201\Microsoft.Common.CurrentVersion.targets(2451,5): warning MSB3277:             C:\Users\ultra\.nuget\packages\caliburn.micro\4.0.212\lib\netcoreapp3.1\Caliburn.Micro.Platform.dll [C:\Users\ultra\warewolf\Dev\Warewolf.Studio.Core\Warewolf.Studio.Core.csproj]
C:\Program Files\dotnet\sdk\10.0.201\Microsoft.Common.CurrentVersion.targets(2451,5): warning MSB3277:             C:\Users\ultra\.nuget\packages\prism.wpf\9.0.537\lib\net462\Prism.Wpf.dll [C:\Users\ultra\warewolf\Dev\Warewolf.Studio.Core\Warewolf.Studio.Core.csproj]
C:\Program Files\dotnet\sdk\10.0.201\Microsoft.Common.CurrentVersion.targets(2451,5): warning MSB3277:         C:\Users\ultra\.nuget\packages\prism.wpf\9.0.537\lib\net462\Prism.Wpf.dll [C:\Users\ultra\warewolf\Dev\Warewolf.Studio.Core\Warewolf.Studio.Core.csproj]
C:\Program Files\dotnet\sdk\10.0.201\Microsoft.Common.CurrentVersion.targets(2451,5): warning MSB3277:           Project file item includes which caused reference "C:\Users\ultra\.nuget\packages\prism.wpf\9.0.537\lib\net462\Prism.Wpf.dll". [C:\Users\ultra\warewolf\Dev\Warewolf.Studio.Core\Warewolf.Studio.Core.csproj]
C:\Program Files\dotnet\sdk\10.0.201\Microsoft.Common.CurrentVersion.targets(2451,5): warning MSB3277:             C:\Users\ultra\.nuget\packages\prism.wpf\9.0.537\lib\net462\Prism.Wpf.dll [C:\Users\ultra\warewolf\Dev\Warewolf.Studio.Core\Warewolf.Studio.Core.csproj]
C:\Program Files\dotnet\sdk\10.0.201\Microsoft.Common.CurrentVersion.targets(2451,5): warning MSB3277:         C:\Users\ultra\.nuget\packages\reactiveui.wpf\18.4.1\lib\net462\ReactiveUI.Wpf.dll [C:\Users\ultra\warewolf\Dev\Warewolf.Studio.Core\Warewolf.Studio.Core.csproj]
C:\Program Files\dotnet\sdk\10.0.201\Microsoft.Common.CurrentVersion.targets(2451,5): warning MSB3277:           Project file item includes which caused reference "C:\Users\ultra\.nuget\packages\reactiveui.wpf\18.4.1\lib\net462\ReactiveUI.Wpf.dll". [C:\Users\ultra\warewolf\Dev\Warewolf.Studio.Core\Warewolf.Studio.Core.csproj]
C:\Program Files\dotnet\sdk\10.0.201\Microsoft.Common.CurrentVersion.targets(2451,5): warning MSB3277:             C:\Users\ultra\.nuget\packages\reactiveui.wpf\18.4.1\lib\net462\ReactiveUI.Wpf.dll [C:\Users\ultra\warewolf\Dev\Warewolf.Studio.Core\Warewolf.Studio.Core.csproj]
C:\Program Files\dotnet\sdk\10.0.201\Microsoft.Common.CurrentVersion.targets(2451,5): warning MSB3277:         C:\Users\ultra\warewolf\Dev\Binaries\Infragistcs_Net6\InfragisticsWPF4.DragDrop.v15.1.dll [C:\Users\ultra\warewolf\Dev\Warewolf.Studio.Core\Warewolf.Studio.Core.csproj]
C:\Program Files\dotnet\sdk\10.0.201\Microsoft.Common.CurrentVersion.targets(2451,5): warning MSB3277:           Project file item includes which caused reference "C:\Users\ultra\warewolf\Dev\Binaries\Infragistcs_Net6\InfragisticsWPF4.DragDrop.v15.1.dll". [C:\Users\ultra\warewolf\Dev\Warewolf.Studio.Core\Warewolf.Studio.Core.csproj]
C:\Program Files\dotnet\sdk\10.0.201\Microsoft.Common.CurrentVersion.targets(2451,5): warning MSB3277:             InfragisticsWPF4.Controls.Menus.XamDataTree.v15.1, Version=15.1.20151.2055, Culture=neutral, PublicKeyToken=7dd5c3163f2cd0cb, processorArchitecture=MSIL [C:\Users\ultra\warewolf\Dev\Warewolf.Studio.Core\Warewolf.Studio.Core.csproj]
C:\Program Files\dotnet\sdk\10.0.201\Microsoft.Common.CurrentVersion.targets(2451,5): warning MSB3245: Could not resolve this reference. Could not locate the assembly "System.ServiceModel.Activities". Check to make sure the assembly exists on disk. If this reference is required by your code, you may get compilation errors. [C:\Users\ultra\warewolf\Dev\Dev2.Activities\Dev2.Activities.csproj]
C:\Program Files\dotnet\sdk\10.0.201\Microsoft.Common.CurrentVersion.targets(2451,5): warning MSB3277: Found conflicts between different versions of "WindowsBase" that could not be resolved. [C:\Users\ultra\warewolf\Dev\Dev2.Activities\Dev2.Activities.csproj]
C:\Program Files\dotnet\sdk\10.0.201\Microsoft.Common.CurrentVersion.targets(2451,5): warning MSB3277: There was a conflict between "WindowsBase, Version=4.0.0.0, Culture=neutral, PublicKeyToken=31bf3856ad364e35" and "WindowsBase, Version=6.0.2.0, Culture=neutral, PublicKeyToken=31bf3856ad364e35". [C:\Users\ultra\warewolf\Dev\Dev2.Activities\Dev2.Activities.csproj]
C:\Program Files\dotnet\sdk\10.0.201\Microsoft.Common.CurrentVersion.targets(2451,5): warning MSB3277:     "WindowsBase, Version=4.0.0.0, Culture=neutral, PublicKeyToken=31bf3856ad364e35" was chosen because it was primary and "WindowsBase, Version=6.0.2.0, Culture=neutral, PublicKeyToken=31bf3856ad364e35" was not. [C:\Users\ultra\warewolf\Dev\Dev2.Activities\Dev2.Activities.csproj]
C:\Program Files\dotnet\sdk\10.0.201\Microsoft.Common.CurrentVersion.targets(2451,5): warning MSB3277:     References which depend on "WindowsBase, Version=4.0.0.0, Culture=neutral, PublicKeyToken=31bf3856ad364e35" [C:\Program Files\dotnet\packs\Microsoft.NETCore.App.Ref\8.0.25\ref\net8.0\WindowsBase.dll]. [C:\Users\ultra\warewolf\Dev\Dev2.Activities\Dev2.Activities.csproj]
C:\Program Files\dotnet\sdk\10.0.201\Microsoft.Common.CurrentVersion.targets(2451,5): warning MSB3277:         C:\Program Files\dotnet\packs\Microsoft.NETCore.App.Ref\8.0.25\ref\net8.0\WindowsBase.dll [C:\Users\ultra\warewolf\Dev\Dev2.Activities\Dev2.Activities.csproj]
C:\Program Files\dotnet\sdk\10.0.201\Microsoft.Common.CurrentVersion.targets(2451,5): warning MSB3277:           Project file item includes which caused reference "C:\Program Files\dotnet\packs\Microsoft.NETCore.App.Ref\8.0.25\ref\net8.0\WindowsBase.dll". [C:\Users\ultra\warewolf\Dev\Dev2.Activities\Dev2.Activities.csproj]
C:\Program Files\dotnet\sdk\10.0.201\Microsoft.Common.CurrentVersion.targets(2451,5): warning MSB3277:             C:\Program Files\dotnet\packs\Microsoft.NETCore.App.Ref\8.0.25\ref/net8.0/WindowsBase.dll [C:\Users\ultra\warewolf\Dev\Dev2.Activities\Dev2.Activities.csproj]
C:\Program Files\dotnet\sdk\10.0.201\Microsoft.Common.CurrentVersion.targets(2451,5): warning MSB3277:     References which depend on or have been unified to "WindowsBase, Version=6.0.2.0, Culture=neutral, PublicKeyToken=31bf3856ad364e35" []. [C:\Users\ultra\warewolf\Dev\Dev2.Activities\Dev2.Activities.csproj]
C:\Program Files\dotnet\sdk\10.0.201\Microsoft.Common.CurrentVersion.targets(2451,5): warning MSB3277:         C:\Users\ultra\.nuget\packages\caliburn.micro\4.0.212\lib\netcoreapp3.1\Caliburn.Micro.Platform.dll [C:\Users\ultra\warewolf\Dev\Dev2.Activities\Dev2.Activities.csproj]
C:\Program Files\dotnet\sdk\10.0.201\Microsoft.Common.CurrentVersion.targets(2451,5): warning MSB3277:           Project file item includes which caused reference "C:\Users\ultra\.nuget\packages\caliburn.micro\4.0.212\lib\netcoreapp3.1\Caliburn.Micro.Platform.dll". [C:\Users\ultra\warewolf\Dev\Dev2.Activities\Dev2.Activities.csproj]
C:\Program Files\dotnet\sdk\10.0.201\Microsoft.Common.CurrentVersion.targets(2451,5): warning MSB3277:             C:\Users\ultra\.nuget\packages\caliburn.micro\4.0.212\lib\netcoreapp3.1\Caliburn.Micro.Platform.dll [C:\Users\ultra\warewolf\Dev\Dev2.Activities\Dev2.Activities.csproj]
C:\Program Files\dotnet\sdk\10.0.201\Microsoft.Common.CurrentVersion.targets(2451,5): warning MSB3277:         C:\Users\ultra\.nuget\packages\ironpython\3.4.0\lib\net6.0\IronPython.Wpf.dll [C:\Users\ultra\warewolf\Dev\Dev2.Activities\Dev2.Activities.csproj]
C:\Program Files\dotnet\sdk\10.0.201\Microsoft.Common.CurrentVersion.targets(2451,5): warning MSB3277:           Project file item includes which caused reference "C:\Users\ultra\.nuget\packages\ironpython\3.4.0\lib\net6.0\IronPython.Wpf.dll". [C:\Users\ultra\warewolf\Dev\Dev2.Activities\Dev2.Activities.csproj]
C:\Program Files\dotnet\sdk\10.0.201\Microsoft.Common.CurrentVersion.targets(2451,5): warning MSB3277:             C:\Users\ultra\.nuget\packages\ironpython\3.4.0\lib\net6.0\IronPython.Wpf.dll [C:\Users\ultra\warewolf\Dev\Dev2.Activities\Dev2.Activities.csproj]
C:\Program Files\dotnet\sdk\10.0.201\Microsoft.Common.CurrentVersion.targets(2451,5): warning MSB3277:         C:\Users\ultra\.nuget\packages\microsoft.xaml.behaviors.wpf\1.1.19\lib\netcoreapp3.0\Microsoft.Xaml.Behaviors.dll [C:\Users\ultra\warewolf\Dev\Dev2.Activities\Dev2.Activities.csproj]
C:\Program Files\dotnet\sdk\10.0.201\Microsoft.Common.CurrentVersion.targets(2451,5): warning MSB3277:           Project file item includes which caused reference "C:\Users\ultra\.nuget\packages\microsoft.xaml.behaviors.wpf\1.1.19\lib\netcoreapp3.0\Microsoft.Xaml.Behaviors.dll". [C:\Users\ultra\warewolf\Dev\Dev2.Activities\Dev2.Activities.csproj]
C:\Program Files\dotnet\sdk\10.0.201\Microsoft.Common.CurrentVersion.targets(2451,5): warning MSB3277:             C:\Users\ultra\.nuget\packages\microsoft.xaml.behaviors.wpf\1.1.19\lib\netcoreapp3.0\Microsoft.Xaml.Behaviors.dll [C:\Users\ultra\warewolf\Dev\Dev2.Activities\Dev2.Activities.csproj]
C:\Program Files\dotnet\sdk\10.0.201\Microsoft.Common.CurrentVersion.targets(2451,5): warning MSB3277:             C:\Users\ultra\.nuget\packages\caliburn.micro\4.0.212\lib\netcoreapp3.1\Caliburn.Micro.Platform.dll [C:\Users\ultra\warewolf\Dev\Dev2.Activities\Dev2.Activities.csproj]
C:\Program Files\dotnet\sdk\10.0.201\Microsoft.Common.CurrentVersion.targets(2451,5): warning MSB3277:         C:\Users\ultra\.nuget\packages\reactiveui.wpf\18.4.1\lib\net462\ReactiveUI.Wpf.dll [C:\Users\ultra\warewolf\Dev\Dev2.Activities\Dev2.Activities.csproj]
C:\Program Files\dotnet\sdk\10.0.201\Microsoft.Common.CurrentVersion.targets(2451,5): warning MSB3277:           Project file item includes which caused reference "C:\Users\ultra\.nuget\packages\reactiveui.wpf\18.4.1\lib\net462\ReactiveUI.Wpf.dll". [C:\Users\ultra\warewolf\Dev\Dev2.Activities\Dev2.Activities.csproj]
C:\Program Files\dotnet\sdk\10.0.201\Microsoft.Common.CurrentVersion.targets(2451,5): warning MSB3277:             C:\Users\ultra\.nuget\packages\reactiveui.wpf\18.4.1\lib\net462\ReactiveUI.Wpf.dll [C:\Users\ultra\warewolf\Dev\Dev2.Activities\Dev2.Activities.csproj]
  Consider app.config remapping of assembly "System.Runtime.CompilerServices.Unsafe, Culture=neutral, PublicKeyToken=b03f5f7f11d50a3a" from Version "6.0.0.0" [] to Version "8.0.0.0" [C:\Program Files\dotnet\packs\Microsoft.NETCore.App.Ref\8.0.25\ref\net8.0\System.Runtime.CompilerServices.Unsafe.dll] to solve conflict and get rid of warning.
  Warewolf.Studio.Core -> C:\Users\ultra\warewolf\Dev\Warewolf.Studio.Core\bin\Debug\net8.0\Warewolf.Studio.Core.dll
  Warewolf.HangfireServer -> C:\Users\ultra\warewolf\Dev\Warewolf.HangfireServer\bin\Debug\net8.0\linux-x64\HangfireServer.dll
C:\Users\ultra\warewolf\Dev\Dev2.Activities\WorkflowConverters\ActivityPropertiesReaderHelper.cs(54,45): warning CS8632: The annotation for nullable reference types should only be used in code within a '#nullable' annotations context. [C:\Users\ultra\warewolf\Dev\Dev2.Activities\Dev2.Activities.csproj]
C:\Users\ultra\warewolf\Dev\Dev2.Activities\WorkflowConverters\SwitchActivityDataHelper.cs(106,58): warning CS8632: The annotation for nullable reference types should only be used in code within a '#nullable' annotations context. [C:\Users\ultra\warewolf\Dev\Dev2.Activities\Dev2.Activities.csproj]
C:\Users\ultra\warewolf\Dev\Dev2.Activities\WorkflowConverters\SwitchActivityDataHelper.cs(225,65): warning CS8632: The annotation for nullable reference types should only be used in code within a '#nullable' annotations context. [C:\Users\ultra\warewolf\Dev\Dev2.Activities\Dev2.Activities.csproj]
C:\Users\ultra\warewolf\Dev\Dev2.Activities\WorkflowConverters\SwitchActivityDataHelper.cs(225,25): warning CS8632: The annotation for nullable reference types should only be used in code within a '#nullable' annotations context. [C:\Users\ultra\warewolf\Dev\Dev2.Activities\Dev2.Activities.csproj]
C:\Users\ultra\warewolf\Dev\Dev2.Activities\WorkflowConverters\SwitchActivityDataHelper.cs(342,61): warning CS8632: The annotation for nullable reference types should only be used in code within a '#nullable' annotations context. [C:\Users\ultra\warewolf\Dev\Dev2.Activities\Dev2.Activities.csproj]
C:\Users\ultra\warewolf\Dev\Dev2.Activities\WorkflowConverters\SwitchActivityDataHelper.cs(342,30): warning CS8632: The annotation for nullable reference types should only be used in code within a '#nullable' annotations context. [C:\Users\ultra\warewolf\Dev\Dev2.Activities\Dev2.Activities.csproj]
C:\Users\ultra\warewolf\Dev\Dev2.Activities\WorkflowConverters\SwitchActivityDataHelper.cs(32,25): warning CS8632: The annotation for nullable reference types should only be used in code within a '#nullable' annotations context. [C:\Users\ultra\warewolf\Dev\Dev2.Activities\Dev2.Activities.csproj]
C:\Users\ultra\warewolf\Dev\Dev2.Activities\WorkflowConverters\SwitchActivityDataHelper.cs(33,25): warning CS8632: The annotation for nullable reference types should only be used in code within a '#nullable' annotations context. [C:\Users\ultra\warewolf\Dev\Dev2.Activities\Dev2.Activities.csproj]
C:\Users\ultra\warewolf\Dev\Dev2.Activities\WorkflowConverters\SwitchActivityDataHelper.cs(34,25): warning CS8632: The annotation for nullable reference types should only be used in code within a '#nullable' annotations context. [C:\Users\ultra\warewolf\Dev\Dev2.Activities\Dev2.Activities.csproj]
C:\Users\ultra\warewolf\Dev\Dev2.Activities\WorkflowConverters\SwitchActivityDataHelper.cs(35,25): warning CS8632: The annotation for nullable reference types should only be used in code within a '#nullable' annotations context. [C:\Users\ultra\warewolf\Dev\Dev2.Activities\Dev2.Activities.csproj]
C:\Users\ultra\warewolf\Dev\Dev2.Activities\WorkflowConverters\SwitchActivityDataHelper.cs(36,25): warning CS8632: The annotation for nullable reference types should only be used in code within a '#nullable' annotations context. [C:\Users\ultra\warewolf\Dev\Dev2.Activities\Dev2.Activities.csproj]
C:\Users\ultra\warewolf\Dev\Dev2.Activities\WorkflowConverters\SwitchActivityDataHelper.cs(37,25): warning CS8632: The annotation for nullable reference types should only be used in code within a '#nullable' annotations context. [C:\Users\ultra\warewolf\Dev\Dev2.Activities\Dev2.Activities.csproj]
C:\Users\ultra\warewolf\Dev\Dev2.Activities\WorkflowConverters\ActivityPropertiesReaderHelper.cs(60,59): warning CS8632: The annotation for nullable reference types should only be used in code within a '#nullable' annotations context. [C:\Users\ultra\warewolf\Dev\Dev2.Activities\Dev2.Activities.csproj]
C:\Users\ultra\warewolf\Dev\Dev2.Activities\WorkflowConverters\SwitchActivityDataHelper.cs(108,19): warning CS8632: The annotation for nullable reference types should only be used in code within a '#nullable' annotations context. [C:\Users\ultra\warewolf\Dev\Dev2.Activities\Dev2.Activities.csproj]
C:\Users\ultra\warewolf\Dev\Dev2.Activities\WorkflowConverters\X6ToWorkflowConverter.cs(375,13): warning CC0003: Consider adding an Exception to the catch. (https://code-cracker.github.io/diagnostics/CC0003.html) [C:\Users\ultra\warewolf\Dev\Dev2.Activities\Dev2.Activities.csproj]
C:\Users\ultra\warewolf\Dev\Dev2.Activities\Activities\PathOperations\FileWriteActivity.cs(54,26): warning CC0022: WarewolfListIterator should be disposed. (https://code-cracker.github.io/diagnostics/CC0022.html) [C:\Users\ultra\warewolf\Dev\Dev2.Activities\Dev2.Activities.csproj]
C:\Users\ultra\warewolf\Dev\Dev2.Activities\WorkflowConverters\X6ToWorkflowConverter.cs(833,17): warning CC0120: Consider put an default clause in Switch. (https://code-cracker.github.io/diagnostics/CC0120.html) [C:\Users\ultra\warewolf\Dev\Dev2.Activities\Dev2.Activities.csproj]
C:\Users\ultra\warewolf\Dev\Dev2.Activities\WorkflowConverters\X6ToWorkflowConverter.cs(958,13): warning CC0004: Empty Catch Block. (https://code-cracker.github.io/diagnostics/CC0004.html) [C:\Users\ultra\warewolf\Dev\Dev2.Activities\Dev2.Activities.csproj]
C:\Users\ultra\warewolf\Dev\Dev2.Activities\Activities\GateActivity.cs(639,21): warning CC0003: Consider adding an Exception to the catch. (https://code-cracker.github.io/diagnostics/CC0003.html) [C:\Users\ultra\warewolf\Dev\Dev2.Activities\Dev2.Activities.csproj]
C:\Users\ultra\warewolf\Dev\Dev2.Activities\Activities\GateActivity.cs(656,21): warning CC0003: Consider adding an Exception to the catch. (https://code-cracker.github.io/diagnostics/CC0003.html) [C:\Users\ultra\warewolf\Dev\Dev2.Activities\Dev2.Activities.csproj]
C:\Users\ultra\warewolf\Dev\Dev2.Activities\Activities\GateActivity.cs(733,24): warning CC0022: WarewolfListIterator should be disposed. (https://code-cracker.github.io/diagnostics/CC0022.html) [C:\Users\ultra\warewolf\Dev\Dev2.Activities\Dev2.Activities.csproj]
C:\Users\ultra\warewolf\Dev\Dev2.Activities\Activities\WebPostActivity.cs(238,28): warning CC0022: WarewolfListIterator should be disposed. (https://code-cracker.github.io/diagnostics/CC0022.html) [C:\Users\ultra\warewolf\Dev\Dev2.Activities\Dev2.Activities.csproj]
C:\Users\ultra\warewolf\Dev\Dev2.Activities\Activities\WebPostActivityNew.cs(281,28): warning CC0022: WarewolfListIterator should be disposed. (https://code-cracker.github.io/diagnostics/CC0022.html) [C:\Users\ultra\warewolf\Dev\Dev2.Activities\Dev2.Activities.csproj]
C:\Users\ultra\warewolf\Dev\Dev2.Activities\Activities\DsfWebActivityBase.cs(136,96): warning CC0022: StringContent should be disposed. (https://code-cracker.github.io/diagnostics/CC0022.html) [C:\Users\ultra\warewolf\Dev\Dev2.Activities\Dev2.Activities.csproj]
C:\Users\ultra\warewolf\Dev\Dev2.Activities\Activities\DsfWebActivityBase.cs(158,42): warning CC0022: StreamReader should be disposed. (https://code-cracker.github.io/diagnostics/CC0022.html) [C:\Users\ultra\warewolf\Dev\Dev2.Activities\Dev2.Activities.csproj]
C:\Users\ultra\warewolf\Dev\Dev2.Activities\Activities\DsfWebActivityBase.cs(175,35): warning CC0022: ByteArrayContent should be disposed. (https://code-cracker.github.io/diagnostics/CC0022.html) [C:\Users\ultra\warewolf\Dev\Dev2.Activities\Dev2.Activities.csproj]
C:\Users\ultra\warewolf\Dev\Dev2.Activities\Activities\DsfWebActivityBase.cs(184,31): warning CC0022: StringContent should be disposed. (https://code-cracker.github.io/diagnostics/CC0022.html) [C:\Users\ultra\warewolf\Dev\Dev2.Activities\Dev2.Activities.csproj]
C:\Users\ultra\warewolf\Dev\Dev2.Activities\WorkflowConverters\WorkflowToX6Converter.cs(567,13): warning CC0105: Use 'var' instead of specifying the type name. (https://code-cracker.github.io/diagnostics/CC0105.html) [C:\Users\ultra\warewolf\Dev\Dev2.Activities\Dev2.Activities.csproj]
C:\Users\ultra\warewolf\Dev\Dev2.Activities\Activities\GetSystemInformationHelper.cs(95,36): warning CA1416: This call site is reachable on all platforms. 'ManagementBaseObject.GetPropertyValue(string)' is only supported on: 'windows'. (https://learn.microsoft.com/dotnet/fundamentals/code-analysis/quality-rules/ca1416) [C:\Users\ultra\warewolf\Dev\Dev2.Activities\Dev2.Activities.csproj]
C:\Users\ultra\warewolf\Dev\Dev2.Activities\WorkflowConverters\WorkflowToX6Converter.cs(998,13): warning CC0004: Empty Catch Block. (https://code-cracker.github.io/diagnostics/CC0004.html) [C:\Users\ultra\warewolf\Dev\Dev2.Activities\Dev2.Activities.csproj]
C:\Users\ultra\warewolf\Dev\Dev2.Activities\Activities\GetSystemInformationHelper.cs(327,28): warning CA1416: This call site is reachable on all platforms. 'ManagementObjectSearcher' is only supported on: 'windows'. (https://learn.microsoft.com/dotnet/fundamentals/code-analysis/quality-rules/ca1416) [C:\Users\ultra\warewolf\Dev\Dev2.Activities\Dev2.Activities.csproj]
C:\Users\ultra\warewolf\Dev\Dev2.Activities\Activities\GetSystemInformationHelper.cs(329,31): warning CA1416: This call site is reachable on all platforms. 'ManagementObjectSearcher.Get()' is only supported on: 'windows'. (https://learn.microsoft.com/dotnet/fundamentals/code-analysis/quality-rules/ca1416) [C:\Users\ultra\warewolf\Dev\Dev2.Activities\Dev2.Activities.csproj]
C:\Users\ultra\warewolf\Dev\Dev2.Activities\Activities\GetSystemInformationHelper.cs(332,60): warning CA1416: This call site is reachable on all platforms. 'ManagementBaseObject.this[string]' is only supported on: 'windows'. (https://learn.microsoft.com/dotnet/fundamentals/code-analysis/quality-rules/ca1416) [C:\Users\ultra\warewolf\Dev\Dev2.Activities\Dev2.Activities.csproj]
C:\Users\ultra\warewolf\Dev\Dev2.Activities\Activities\GetSystemInformationHelper.cs(326,28): warning CA1416: This call site is reachable on all platforms. 'ObjectQuery' is only supported on: 'windows'. (https://learn.microsoft.com/dotnet/fundamentals/code-analysis/quality-rules/ca1416) [C:\Users\ultra\warewolf\Dev\Dev2.Activities\Dev2.Activities.csproj]
C:\Users\ultra\warewolf\Dev\Dev2.Activities\WorkflowConverters\WorkflowToX6Converter.cs(1376,17): warning CC0004: Empty Catch Block. (https://code-cracker.github.io/diagnostics/CC0004.html) [C:\Users\ultra\warewolf\Dev\Dev2.Activities\Dev2.Activities.csproj]
C:\Users\ultra\warewolf\Dev\Dev2.Activities\Activities\GetSystemInformationHelper.cs(345,53): warning CA1416: This call site is reachable on all platforms. 'ManagementBaseObject.this[string]' is only supported on: 'windows'. (https://learn.microsoft.com/dotnet/fundamentals/code-analysis/quality-rules/ca1416) [C:\Users\ultra\warewolf\Dev\Dev2.Activities\Dev2.Activities.csproj]
C:\Users\ultra\warewolf\Dev\Dev2.Activities\Activities\GetSystemInformationHelper.cs(341,28): warning CA1416: This call site is reachable on all platforms. 'ManagementObjectSearcher' is only supported on: 'windows'. (https://learn.microsoft.com/dotnet/fundamentals/code-analysis/quality-rules/ca1416) [C:\Users\ultra\warewolf\Dev\Dev2.Activities\Dev2.Activities.csproj]
C:\Users\ultra\warewolf\Dev\Dev2.Activities\Activities\GetSystemInformationHelper.cs(340,28): warning CA1416: This call site is reachable on all platforms. 'ObjectQuery' is only supported on: 'windows'. (https://learn.microsoft.com/dotnet/fundamentals/code-analysis/quality-rules/ca1416) [C:\Users\ultra\warewolf\Dev\Dev2.Activities\Dev2.Activities.csproj]
C:\Users\ultra\warewolf\Dev\Dev2.Activities\Activities\GetSystemInformationHelper.cs(346,58): warning CA1416: This call site is reachable on all platforms. 'ManagementBaseObject.this[string]' is only supported on: 'windows'. (https://learn.microsoft.com/dotnet/fundamentals/code-analysis/quality-rules/ca1416) [C:\Users\ultra\warewolf\Dev\Dev2.Activities\Dev2.Activities.csproj]
C:\Users\ultra\warewolf\Dev\Dev2.Activities\Activities\GetSystemInformationHelper.cs(342,31): warning CA1416: This call site is reachable on all platforms. 'ManagementObjectSearcher.Get()' is only supported on: 'windows'. (https://learn.microsoft.com/dotnet/fundamentals/code-analysis/quality-rules/ca1416) [C:\Users\ultra\warewolf\Dev\Dev2.Activities\Dev2.Activities.csproj]
C:\Users\ultra\warewolf\Dev\Dev2.Activities\WorkflowConverters\WorkflowToX6Converter.cs(1365,13): warning CC0006: You can use foreach instead of for. (https://code-cracker.github.io/diagnostics/CC0006.html) [C:\Users\ultra\warewolf\Dev\Dev2.Activities\Dev2.Activities.csproj]
C:\Users\ultra\warewolf\Dev\Dev2.Activities\Activities\GetSystemInformationHelper.cs(374,37): warning CA1416: This call site is reachable on all platforms. 'WindowsIdentity.Groups' is only supported on: 'windows'. (https://learn.microsoft.com/dotnet/fundamentals/code-analysis/quality-rules/ca1416) [C:\Users\ultra\warewolf\Dev\Dev2.Activities\Dev2.Activities.csproj]
C:\Users\ultra\warewolf\Dev\Dev2.Activities\Activities\GetSystemInformationHelper.cs(372,17): warning CA1416: This call site is reachable on all platforms. 'WindowsIdentity.Groups' is only supported on: 'windows'. (https://learn.microsoft.com/dotnet/fundamentals/code-analysis/quality-rules/ca1416) [C:\Users\ultra\warewolf\Dev\Dev2.Activities\Dev2.Activities.csproj]
C:\Users\ultra\warewolf\Dev\Dev2.Activities\Activities\GetSystemInformationHelper.cs(370,92): warning CA1416: This call site is reachable on all platforms. 'WindowsIdentity.GetCurrent()' is only supported on: 'windows'. (https://learn.microsoft.com/dotnet/fundamentals/code-analysis/quality-rules/ca1416) [C:\Users\ultra\warewolf\Dev\Dev2.Activities\Dev2.Activities.csproj]
C:\Users\ultra\warewolf\Dev\Dev2.Activities\Activities\GetSystemInformationHelper.cs(393,32): warning CA1416: This call site is reachable on all platforms. 'ManagementObjectSearcher' is only supported on: 'windows'. (https://learn.microsoft.com/dotnet/fundamentals/code-analysis/quality-rules/ca1416) [C:\Users\ultra\warewolf\Dev\Dev2.Activities\Dev2.Activities.csproj]
C:\Users\ultra\warewolf\Dev\Dev2.Activities\Activities\GetSystemInformationHelper.cs(394,35): warning CA1416: This call site is reachable on all platforms. 'ManagementObjectSearcher.Get()' is only supported on: 'windows'. (https://learn.microsoft.com/dotnet/fundamentals/code-analysis/quality-rules/ca1416) [C:\Users\ultra\warewolf\Dev\Dev2.Activities\Dev2.Activities.csproj]
C:\Users\ultra\warewolf\Dev\Dev2.Activities\Activities\GetSystemInformationHelper.cs(386,39): warning CA1416: This call site is reachable on all platforms. 'IdentityReference.Translate(Type)' is only supported on: 'windows'. (https://learn.microsoft.com/dotnet/fundamentals/code-analysis/quality-rules/ca1416) [C:\Users\ultra\warewolf\Dev\Dev2.Activities\Dev2.Activities.csproj]
C:\Users\ultra\warewolf\Dev\Dev2.Activities\Activities\GetSystemInformationHelper.cs(397,49): warning CA1416: This call site is reachable on all platforms. 'ManagementBaseObject.this[string]' is only supported on: 'windows'. (https://learn.microsoft.com/dotnet/fundamentals/code-analysis/quality-rules/ca1416) [C:\Users\ultra\warewolf\Dev\Dev2.Activities\Dev2.Activities.csproj]
C:\Users\ultra\warewolf\Dev\Dev2.Activities\Activities\GetSystemInformationHelper.cs(392,32): warning CA1416: This call site is reachable on all platforms. 'ObjectQuery' is only supported on: 'windows'. (https://learn.microsoft.com/dotnet/fundamentals/code-analysis/quality-rules/ca1416) [C:\Users\ultra\warewolf\Dev\Dev2.Activities\Dev2.Activities.csproj]
C:\Users\ultra\warewolf\Dev\Dev2.Activities\Activities\GetSystemInformationHelper.cs(387,28): warning CA1416: This call site is reachable on all platforms. 'IdentityReference.Value' is only supported on: 'windows'. (https://learn.microsoft.com/dotnet/fundamentals/code-analysis/quality-rules/ca1416) [C:\Users\ultra\warewolf\Dev\Dev2.Activities\Dev2.Activities.csproj]
C:\Users\ultra\warewolf\Dev\Dev2.Activities\Activities\GetSystemInformationHelper.cs(392,90): warning CA1416: This call site is reachable on all platforms. 'IdentityReference.Value' is only supported on: 'windows'. (https://learn.microsoft.com/dotnet/fundamentals/code-analysis/quality-rules/ca1416) [C:\Users\ultra\warewolf\Dev\Dev2.Activities\Dev2.Activities.csproj]
C:\Users\ultra\warewolf\Dev\Dev2.Activities\Activities\GetSystemInformationHelper.cs(427,32): warning CA1416: This call site is reachable on all platforms. 'ManagementObjectSearcher' is only supported on: 'windows'. (https://learn.microsoft.com/dotnet/fundamentals/code-analysis/quality-rules/ca1416) [C:\Users\ultra\warewolf\Dev\Dev2.Activities\Dev2.Activities.csproj]
C:\Users\ultra\warewolf\Dev\Dev2.Activities\Activities\GetSystemInformationHelper.cs(426,32): warning CA1416: This call site is reachable on all platforms. 'ObjectQuery' is only supported on: 'windows'. (https://learn.microsoft.com/dotnet/fundamentals/code-analysis/quality-rules/ca1416) [C:\Users\ultra\warewolf\Dev\Dev2.Activities\Dev2.Activities.csproj]
C:\Users\ultra\warewolf\Dev\Dev2.Activities\Activities\GetSystemInformationHelper.cs(431,57): warning CA1416: This call site is reachable on all platforms. 'ManagementBaseObject.this[string]' is only supported on: 'windows'. (https://learn.microsoft.com/dotnet/fundamentals/code-analysis/quality-rules/ca1416) [C:\Users\ultra\warewolf\Dev\Dev2.Activities\Dev2.Activities.csproj]
C:\Users\ultra\warewolf\Dev\Dev2.Activities\Activities\GetSystemInformationHelper.cs(428,35): warning CA1416: This call site is reachable on all platforms. 'ManagementObjectSearcher.Get()' is only supported on: 'windows'. (https://learn.microsoft.com/dotnet/fundamentals/code-analysis/quality-rules/ca1416) [C:\Users\ultra\warewolf\Dev\Dev2.Activities\Dev2.Activities.csproj]
  Dev2.Activities -> C:\Users\ultra\warewolf\Dev\Dev2.Activities\bin\Debug\net8.0\Dev2.Activities.dll
C:\Program Files\dotnet\sdk\10.0.201\Microsoft.Common.CurrentVersion.targets(2451,5): warning MSB3277: Found conflicts between different versions of "WindowsBase" that could not be resolved. [C:\Users\ultra\warewolf\Dev\Dev2.Runtime\Dev2.Runtime.csproj]
C:\Program Files\dotnet\sdk\10.0.201\Microsoft.Common.CurrentVersion.targets(2451,5): warning MSB3277: There was a conflict between "WindowsBase, Version=4.0.0.0, Culture=neutral, PublicKeyToken=31bf3856ad364e35" and "WindowsBase, Version=6.0.2.0, Culture=neutral, PublicKeyToken=31bf3856ad364e35". [C:\Users\ultra\warewolf\Dev\Dev2.Runtime\Dev2.Runtime.csproj]
C:\Program Files\dotnet\sdk\10.0.201\Microsoft.Common.CurrentVersion.targets(2451,5): warning MSB3277:     "WindowsBase, Version=4.0.0.0, Culture=neutral, PublicKeyToken=31bf3856ad364e35" was chosen because it was primary and "WindowsBase, Version=6.0.2.0, Culture=neutral, PublicKeyToken=31bf3856ad364e35" was not. [C:\Users\ultra\warewolf\Dev\Dev2.Runtime\Dev2.Runtime.csproj]
C:\Program Files\dotnet\sdk\10.0.201\Microsoft.Common.CurrentVersion.targets(2451,5): warning MSB3277:     References which depend on "WindowsBase, Version=4.0.0.0, Culture=neutral, PublicKeyToken=31bf3856ad364e35" [C:\Program Files\dotnet\packs\Microsoft.NETCore.App.Ref\8.0.25\ref\net8.0\WindowsBase.dll]. [C:\Users\ultra\warewolf\Dev\Dev2.Runtime\Dev2.Runtime.csproj]
C:\Program Files\dotnet\sdk\10.0.201\Microsoft.Common.CurrentVersion.targets(2451,5): warning MSB3277:         C:\Program Files\dotnet\packs\Microsoft.NETCore.App.Ref\8.0.25\ref\net8.0\WindowsBase.dll [C:\Users\ultra\warewolf\Dev\Dev2.Runtime\Dev2.Runtime.csproj]
C:\Program Files\dotnet\sdk\10.0.201\Microsoft.Common.CurrentVersion.targets(2451,5): warning MSB3277:           Project file item includes which caused reference "C:\Program Files\dotnet\packs\Microsoft.NETCore.App.Ref\8.0.25\ref\net8.0\WindowsBase.dll". [C:\Users\ultra\warewolf\Dev\Dev2.Runtime\Dev2.Runtime.csproj]
C:\Program Files\dotnet\sdk\10.0.201\Microsoft.Common.CurrentVersion.targets(2451,5): warning MSB3277:             C:\Program Files\dotnet\packs\Microsoft.NETCore.App.Ref\8.0.25\ref/net8.0/WindowsBase.dll [C:\Users\ultra\warewolf\Dev\Dev2.Runtime\Dev2.Runtime.csproj]
C:\Program Files\dotnet\sdk\10.0.201\Microsoft.Common.CurrentVersion.targets(2451,5): warning MSB3277:     References which depend on or have been unified to "WindowsBase, Version=6.0.2.0, Culture=neutral, PublicKeyToken=31bf3856ad364e35" []. [C:\Users\ultra\warewolf\Dev\Dev2.Runtime\Dev2.Runtime.csproj]
C:\Program Files\dotnet\sdk\10.0.201\Microsoft.Common.CurrentVersion.targets(2451,5): warning MSB3277:         C:\Users\ultra\.nuget\packages\caliburn.micro\4.0.212\lib\netcoreapp3.1\Caliburn.Micro.Platform.dll [C:\Users\ultra\warewolf\Dev\Dev2.Runtime\Dev2.Runtime.csproj]
C:\Program Files\dotnet\sdk\10.0.201\Microsoft.Common.CurrentVersion.targets(2451,5): warning MSB3277:           Project file item includes which caused reference "C:\Users\ultra\.nuget\packages\caliburn.micro\4.0.212\lib\netcoreapp3.1\Caliburn.Micro.Platform.dll". [C:\Users\ultra\warewolf\Dev\Dev2.Runtime\Dev2.Runtime.csproj]
C:\Program Files\dotnet\sdk\10.0.201\Microsoft.Common.CurrentVersion.targets(2451,5): warning MSB3277:             C:\Users\ultra\.nuget\packages\caliburn.micro\4.0.212\lib\netcoreapp3.1\Caliburn.Micro.Platform.dll [C:\Users\ultra\warewolf\Dev\Dev2.Runtime\Dev2.Runtime.csproj]
C:\Program Files\dotnet\sdk\10.0.201\Microsoft.Common.CurrentVersion.targets(2451,5): warning MSB3277:         C:\Users\ultra\.nuget\packages\ironpython\3.4.0\lib\net6.0\IronPython.Wpf.dll [C:\Users\ultra\warewolf\Dev\Dev2.Runtime\Dev2.Runtime.csproj]
C:\Program Files\dotnet\sdk\10.0.201\Microsoft.Common.CurrentVersion.targets(2451,5): warning MSB3277:           Project file item includes which caused reference "C:\Users\ultra\.nuget\packages\ironpython\3.4.0\lib\net6.0\IronPython.Wpf.dll". [C:\Users\ultra\warewolf\Dev\Dev2.Runtime\Dev2.Runtime.csproj]
C:\Program Files\dotnet\sdk\10.0.201\Microsoft.Common.CurrentVersion.targets(2451,5): warning MSB3277:             C:\Users\ultra\.nuget\packages\ironpython\3.4.0\lib\net6.0\IronPython.Wpf.dll [C:\Users\ultra\warewolf\Dev\Dev2.Runtime\Dev2.Runtime.csproj]
C:\Program Files\dotnet\sdk\10.0.201\Microsoft.Common.CurrentVersion.targets(2451,5): warning MSB3277:         C:\Users\ultra\.nuget\packages\microsoft.xaml.behaviors.wpf\1.1.19\lib\netcoreapp3.0\Microsoft.Xaml.Behaviors.dll [C:\Users\ultra\warewolf\Dev\Dev2.Runtime\Dev2.Runtime.csproj]
C:\Program Files\dotnet\sdk\10.0.201\Microsoft.Common.CurrentVersion.targets(2451,5): warning MSB3277:           Project file item includes which caused reference "C:\Users\ultra\.nuget\packages\microsoft.xaml.behaviors.wpf\1.1.19\lib\netcoreapp3.0\Microsoft.Xaml.Behaviors.dll". [C:\Users\ultra\warewolf\Dev\Dev2.Runtime\Dev2.Runtime.csproj]
C:\Program Files\dotnet\sdk\10.0.201\Microsoft.Common.CurrentVersion.targets(2451,5): warning MSB3277:             C:\Users\ultra\.nuget\packages\microsoft.xaml.behaviors.wpf\1.1.19\lib\netcoreapp3.0\Microsoft.Xaml.Behaviors.dll [C:\Users\ultra\warewolf\Dev\Dev2.Runtime\Dev2.Runtime.csproj]
C:\Program Files\dotnet\sdk\10.0.201\Microsoft.Common.CurrentVersion.targets(2451,5): warning MSB3277:             C:\Users\ultra\.nuget\packages\caliburn.micro\4.0.212\lib\netcoreapp3.1\Caliburn.Micro.Platform.dll [C:\Users\ultra\warewolf\Dev\Dev2.Runtime\Dev2.Runtime.csproj]
C:\Program Files\dotnet\sdk\10.0.201\Microsoft.Common.CurrentVersion.targets(2451,5): warning MSB3277:         C:\Users\ultra\.nuget\packages\reactiveui.wpf\18.4.1\lib\net462\ReactiveUI.Wpf.dll [C:\Users\ultra\warewolf\Dev\Dev2.Runtime\Dev2.Runtime.csproj]
C:\Program Files\dotnet\sdk\10.0.201\Microsoft.Common.CurrentVersion.targets(2451,5): warning MSB3277:           Project file item includes which caused reference "C:\Users\ultra\.nuget\packages\reactiveui.wpf\18.4.1\lib\net462\ReactiveUI.Wpf.dll". [C:\Users\ultra\warewolf\Dev\Dev2.Runtime\Dev2.Runtime.csproj]
C:\Program Files\dotnet\sdk\10.0.201\Microsoft.Common.CurrentVersion.targets(2451,5): warning MSB3277:             C:\Users\ultra\.nuget\packages\reactiveui.wpf\18.4.1\lib\net462\ReactiveUI.Wpf.dll [C:\Users\ultra\warewolf\Dev\Dev2.Runtime\Dev2.Runtime.csproj]
  Warewolf.Studio.Models -> C:\Users\ultra\warewolf\Dev\Warewolf.Studio.Models\bin\Debug\net8.0\Warewolf.Studio.Models.dll
C:\Users\ultra\warewolf\Dev\Dev2.Runtime\ESB\Execution\RemoteWorkflowExecutionContainer.cs(235,35): warning SYSLIB0013: 'Uri.EscapeUriString(string)' is obsolete: 'Uri.EscapeUriString can corrupt the Uri string in some cases. Consider using Uri.EscapeDataString for query string components instead.' (https://aka.ms/dotnet-warnings/SYSLIB0013) [C:\Users\ultra\warewolf\Dev\Dev2.Runtime\Dev2.Runtime.csproj]
C:\Users\ultra\warewolf\Dev\Dev2.Runtime\ESB\Execution\RemoteWorkflowExecutionContainer.cs(301,39): warning SYSLIB0013: 'Uri.EscapeUriString(string)' is obsolete: 'Uri.EscapeUriString can corrupt the Uri string in some cases. Consider using Uri.EscapeDataString for query string components instead.' (https://aka.ms/dotnet-warnings/SYSLIB0013) [C:\Users\ultra\warewolf\Dev\Dev2.Runtime\Dev2.Runtime.csproj]
C:\Users\ultra\warewolf\Dev\Dev2.Runtime\ESB\WF\XamlActivityHelper.cs(66,13): warning CC0004: Empty Catch Block. (https://code-cracker.github.io/diagnostics/CC0004.html) [C:\Users\ultra\warewolf\Dev\Dev2.Runtime\Dev2.Runtime.csproj]
C:\Users\ultra\warewolf\Dev\Dev2.Runtime\ESB\WF\XamlActivityHelper.cs(133,13): warning CC0004: Empty Catch Block. (https://code-cracker.github.io/diagnostics/CC0004.html) [C:\Users\ultra\warewolf\Dev\Dev2.Runtime\Dev2.Runtime.csproj]
C:\Users\ultra\warewolf\Dev\Dev2.Runtime\ESB\WF\XamlActivityHelper.cs(179,17): warning CC0004: Empty Catch Block. (https://code-cracker.github.io/diagnostics/CC0004.html) [C:\Users\ultra\warewolf\Dev\Dev2.Runtime\Dev2.Runtime.csproj]
C:\Users\ultra\warewolf\Dev\Dev2.Runtime\ESB\Execution\WfExecutionContainer.cs(63,35): warning CC0067: Do not call overridable methods in constructors (https://code-cracker.github.io/diagnostics/CC0067.html) [C:\Users\ultra\warewolf\Dev\Dev2.Runtime\Dev2.Runtime.csproj]
C:\Users\ultra\warewolf\Dev\Dev2.Runtime\ESB\WF\XamlActivityHelper.cs(230,17): warning CC0004: Empty Catch Block. (https://code-cracker.github.io/diagnostics/CC0004.html) [C:\Users\ultra\warewolf\Dev\Dev2.Runtime\Dev2.Runtime.csproj]
C:\Users\ultra\warewolf\Dev\Dev2.Runtime\ESB\WF\XamlActivityHelper.cs(240,43): warning CC0057: Parameter 'instance' is not used. (https://code-cracker.github.io/diagnostics/CC0057.html) [C:\Users\ultra\warewolf\Dev\Dev2.Runtime\Dev2.Runtime.csproj]
C:\Users\ultra\warewolf\Dev\Dev2.Runtime\ESB\Execution\WfExecutionContainer.cs(774,37): warning CC0022: StateAuditLogger should be disposed. (https://code-cracker.github.io/diagnostics/CC0022.html) [C:\Users\ultra\warewolf\Dev\Dev2.Runtime\Dev2.Runtime.csproj]
C:\Users\ultra\warewolf\Dev\Dev2.Runtime\ESB\Execution\WfExecutionContainer.cs(578,33): warning CC0003: Consider adding an Exception to the catch. (https://code-cracker.github.io/diagnostics/CC0003.html) [C:\Users\ultra\warewolf\Dev\Dev2.Runtime\Dev2.Runtime.csproj]
C:\Users\ultra\warewolf\Dev\Dev2.Runtime\ESB\Execution\WfExecutionContainer.cs(819,17): warning CC0004: Empty Catch Block. (https://code-cracker.github.io/diagnostics/CC0004.html) [C:\Users\ultra\warewolf\Dev\Dev2.Runtime\Dev2.Runtime.csproj]
C:\Users\ultra\warewolf\Dev\Dev2.Runtime\ESB\Execution\WfExecutionContainer.cs(864,21): warning CC0004: Empty Catch Block. (https://code-cracker.github.io/diagnostics/CC0004.html) [C:\Users\ultra\warewolf\Dev\Dev2.Runtime\Dev2.Runtime.csproj]
  Dev2.Runtime -> C:\Users\ultra\warewolf\Dev\Dev2.Runtime\bin\Debug\net8.0\Dev2.Runtime.dll
C:\Users\ultra\warewolf\Dev\Dev2.Studio.Core\Activities\Services\DesignerManagementService.cs(75,13): warning CS0618: 'EventAggregatorExtensions.Subscribe(IEventAggregator, object)' is obsolete: 'Use SubscribeOnPublishedThread' [C:\Users\ultra\warewolf\Dev\Dev2.Studio.Core\Dev2.Studio.Core.csproj]
C:\Users\ultra\warewolf\Dev\Dev2.Studio.Core\AppResources\Converters\NullableBoolToBoolConverter.cs(31,45): warning CC0057: Parameter 'targetType' is not used. (https://code-cracker.github.io/diagnostics/CC0057.html) [C:\Users\ultra\warewolf\Dev\Dev2.Studio.Core\Dev2.Studio.Core.csproj]
C:\Users\ultra\warewolf\Dev\Dev2.Studio.Core\AppResources\Converters\NullableBoolToBoolConverter.cs(31,62): warning CC0057: Parameter 'parameter' is not used. (https://code-cracker.github.io/diagnostics/CC0057.html) [C:\Users\ultra\warewolf\Dev\Dev2.Studio.Core\Dev2.Studio.Core.csproj]
C:\Users\ultra\warewolf\Dev\Dev2.Studio.Core\AppResources\Converters\NullableBoolToBoolConverter.cs(31,80): warning CC0057: Parameter 'culture' is not used. (https://code-cracker.github.io/diagnostics/CC0057.html) [C:\Users\ultra\warewolf\Dev\Dev2.Studio.Core\Dev2.Studio.Core.csproj]
C:\Users\ultra\warewolf\Dev\Dev2.Studio.Core\AppResources\Converters\NullableBoolToBoolConverter.cs(41,23): warning CC0057: Parameter 'value' is not used. (https://code-cracker.github.io/diagnostics/CC0057.html) [C:\Users\ultra\warewolf\Dev\Dev2.Studio.Core\Dev2.Studio.Core.csproj]
C:\Users\ultra\warewolf\Dev\Dev2.Studio.Core\AppResources\Converters\NullableBoolToBoolConverter.cs(41,37): warning CC0057: Parameter 'targetType' is not used. (https://code-cracker.github.io/diagnostics/CC0057.html) [C:\Users\ultra\warewolf\Dev\Dev2.Studio.Core\Dev2.Studio.Core.csproj]
C:\Users\ultra\warewolf\Dev\Dev2.Studio.Core\AppResources\Converters\NullableBoolToBoolConverter.cs(41,54): warning CC0057: Parameter 'parameter' is not used. (https://code-cracker.github.io/diagnostics/CC0057.html) [C:\Users\ultra\warewolf\Dev\Dev2.Studio.Core\Dev2.Studio.Core.csproj]
C:\Users\ultra\warewolf\Dev\Dev2.Studio.Core\AppResources\Converters\NullableBoolToBoolConverter.cs(41,72): warning CC0057: Parameter 'culture' is not used. (https://code-cracker.github.io/diagnostics/CC0057.html) [C:\Users\ultra\warewolf\Dev\Dev2.Studio.Core\Dev2.Studio.Core.csproj]
C:\Users\ultra\warewolf\Dev\Dev2.Studio.Core\AppResources\Converters\ModelItemToActivityConverter.cs(31,42): warning CC0057: Parameter 'targetType' is not used. (https://code-cracker.github.io/diagnostics/CC0057.html) [C:\Users\ultra\warewolf\Dev\Dev2.Studio.Core\Dev2.Studio.Core.csproj]
C:\Users\ultra\warewolf\Dev\Dev2.Studio.Core\AppResources\Converters\ModelItemToActivityConverter.cs(31,59): warning CC0057: Parameter 'parameter' is not used. (https://code-cracker.github.io/diagnostics/CC0057.html) [C:\Users\ultra\warewolf\Dev\Dev2.Studio.Core\Dev2.Studio.Core.csproj]
C:\Users\ultra\warewolf\Dev\Dev2.Studio.Core\AppResources\Converters\ModelItemToActivityConverter.cs(31,77): warning CC0057: Parameter 'culture' is not used. (https://code-cracker.github.io/diagnostics/CC0057.html) [C:\Users\ultra\warewolf\Dev\Dev2.Studio.Core\Dev2.Studio.Core.csproj]
C:\Users\ultra\warewolf\Dev\Dev2.Studio.Core\Diagnostics\DebugStateTreeViewItemViewModel.cs(119,13): warning CC0105: Use 'var' instead of specifying the type name. (https://code-cracker.github.io/diagnostics/CC0105.html) [C:\Users\ultra\warewolf\Dev\Dev2.Studio.Core\Dev2.Studio.Core.csproj]
C:\Users\ultra\warewolf\Dev\Dev2.Studio.Core\AppResources\Converters\ModelItemToActivityConverter.cs(45,46): warning CC0057: Parameter 'targetType' is not used. (https://code-cracker.github.io/diagnostics/CC0057.html) [C:\Users\ultra\warewolf\Dev\Dev2.Studio.Core\Dev2.Studio.Core.csproj]
C:\Users\ultra\warewolf\Dev\Dev2.Studio.Core\AppResources\Converters\ModelItemToActivityConverter.cs(45,81): warning CC0057: Parameter 'culture' is not used. (https://code-cracker.github.io/diagnostics/CC0057.html) [C:\Users\ultra\warewolf\Dev\Dev2.Studio.Core\Dev2.Studio.Core.csproj]
C:\Users\ultra\warewolf\Dev\Dev2.Studio.Core\DataList\Dev2TrieSuggestionProvider.cs(180,13): warning CC0004: Empty Catch Block. (https://code-cracker.github.io/diagnostics/CC0004.html) [C:\Users\ultra\warewolf\Dev\Dev2.Studio.Core\Dev2.Studio.Core.csproj]
  Dev2.Studio.Core -> C:\Users\ultra\warewolf\Dev\Dev2.Studio.Core\bin\Debug\net8.0\Dev2.Studio.Core.dll
C:\Program Files\dotnet\sdk\10.0.201\Microsoft.Common.CurrentVersion.targets(2451,5): warning MSB3277: Found conflicts between different versions of "Microsoft.Win32.SystemEvents" that could not be resolved. [C:\Users\ultra\warewolf\Dev\Dev2.Intellisense\Dev2.Intellisense.csproj]
C:\Program Files\dotnet\sdk\10.0.201\Microsoft.Common.CurrentVersion.targets(2451,5): warning MSB3277: There was a conflict between "Microsoft.Win32.SystemEvents, Version=6.0.0.0, Culture=neutral, PublicKeyToken=cc7b13ffcd2ddd51" and "Microsoft.Win32.SystemEvents, Version=7.0.0.0, Culture=neutral, PublicKeyToken=cc7b13ffcd2ddd51". [C:\Users\ultra\warewolf\Dev\Dev2.Intellisense\Dev2.Intellisense.csproj]
C:\Program Files\dotnet\sdk\10.0.201\Microsoft.Common.CurrentVersion.targets(2451,5): warning MSB3277:     "Microsoft.Win32.SystemEvents, Version=6.0.0.0, Culture=neutral, PublicKeyToken=cc7b13ffcd2ddd51" was chosen because it was primary and "Microsoft.Win32.SystemEvents, Version=7.0.0.0, Culture=neutral, PublicKeyToken=cc7b13ffcd2ddd51" was not. [C:\Users\ultra\warewolf\Dev\Dev2.Intellisense\Dev2.Intellisense.csproj]
C:\Program Files\dotnet\sdk\10.0.201\Microsoft.Common.CurrentVersion.targets(2451,5): warning MSB3277:     References which depend on "Microsoft.Win32.SystemEvents, Version=6.0.0.0, Culture=neutral, PublicKeyToken=cc7b13ffcd2ddd51" [C:\Users\ultra\.nuget\packages\microsoft.win32.systemevents\6.0.0\lib\net6.0\Microsoft.Win32.SystemEvents.dll]. [C:\Users\ultra\warewolf\Dev\Dev2.Intellisense\Dev2.Intellisense.csproj]
C:\Program Files\dotnet\sdk\10.0.201\Microsoft.Common.CurrentVersion.targets(2451,5): warning MSB3277:         C:\Users\ultra\.nuget\packages\microsoft.win32.systemevents\6.0.0\lib\net6.0\Microsoft.Win32.SystemEvents.dll [C:\Users\ultra\warewolf\Dev\Dev2.Intellisense\Dev2.Intellisense.csproj]
C:\Program Files\dotnet\sdk\10.0.201\Microsoft.Common.CurrentVersion.targets(2451,5): warning MSB3277:           Project file item includes which caused reference "C:\Users\ultra\.nuget\packages\microsoft.win32.systemevents\6.0.0\lib\net6.0\Microsoft.Win32.SystemEvents.dll". [C:\Users\ultra\warewolf\Dev\Dev2.Intellisense\Dev2.Intellisense.csproj]
C:\Program Files\dotnet\sdk\10.0.201\Microsoft.Common.CurrentVersion.targets(2451,5): warning MSB3277:             C:\Users\ultra\.nuget\packages\microsoft.win32.systemevents\6.0.0\lib\net6.0\Microsoft.Win32.SystemEvents.dll [C:\Users\ultra\warewolf\Dev\Dev2.Intellisense\Dev2.Intellisense.csproj]
C:\Program Files\dotnet\sdk\10.0.201\Microsoft.Common.CurrentVersion.targets(2451,5): warning MSB3277:     References which depend on or have been unified to "Microsoft.Win32.SystemEvents, Version=7.0.0.0, Culture=neutral, PublicKeyToken=cc7b13ffcd2ddd51" []. [C:\Users\ultra\warewolf\Dev\Dev2.Intellisense\Dev2.Intellisense.csproj]
C:\Program Files\dotnet\sdk\10.0.201\Microsoft.Common.CurrentVersion.targets(2451,5): warning MSB3277:         C:\Users\ultra\warewolf\Dev\Dev2.Common\bin\Debug\net8.0\Dev2.Common.dll [C:\Users\ultra\warewolf\Dev\Dev2.Intellisense\Dev2.Intellisense.csproj]
C:\Program Files\dotnet\sdk\10.0.201\Microsoft.Common.CurrentVersion.targets(2451,5): warning MSB3277:           Project file item includes which caused reference "C:\Users\ultra\warewolf\Dev\Dev2.Common\bin\Debug\net8.0\Dev2.Common.dll". [C:\Users\ultra\warewolf\Dev\Dev2.Intellisense\Dev2.Intellisense.csproj]
C:\Program Files\dotnet\sdk\10.0.201\Microsoft.Common.CurrentVersion.targets(2451,5): warning MSB3277:             C:\Users\ultra\warewolf\Dev\Dev2.Common\bin\Debug\net8.0\Dev2.Common.dll [C:\Users\ultra\warewolf\Dev\Dev2.Intellisense\Dev2.Intellisense.csproj]
C:\Program Files\dotnet\sdk\10.0.201\Microsoft.Common.CurrentVersion.targets(2451,5): warning MSB3277:             C:\Users\ultra\warewolf\Dev\Dev2.Activities\bin\Debug\net8.0\Dev2.Activities.dll [C:\Users\ultra\warewolf\Dev\Dev2.Intellisense\Dev2.Intellisense.csproj]
C:\Program Files\dotnet\sdk\10.0.201\Microsoft.Common.CurrentVersion.targets(2451,5): warning MSB3277:             C:\Users\ultra\warewolf\Dev\Dev2.Core\bin\Debug\net8.0\Dev2.Core.dll [C:\Users\ultra\warewolf\Dev\Dev2.Intellisense\Dev2.Intellisense.csproj]
C:\Program Files\dotnet\sdk\10.0.201\Microsoft.Common.CurrentVersion.targets(2451,5): warning MSB3277:             C:\Users\ultra\warewolf\Dev\Dev2.Data\bin\Debug\net8.0\Dev2.Data.dll [C:\Users\ultra\warewolf\Dev\Dev2.Intellisense\Dev2.Intellisense.csproj]
C:\Program Files\dotnet\sdk\10.0.201\Microsoft.Common.CurrentVersion.targets(2451,5): warning MSB3277:             C:\Users\ultra\warewolf\Dev\Dev2.Infrastructure\bin\Debug\net8.0\Dev2.Infrastructure.dll [C:\Users\ultra\warewolf\Dev\Dev2.Intellisense\Dev2.Intellisense.csproj]
C:\Program Files\dotnet\sdk\10.0.201\Microsoft.Common.CurrentVersion.targets(2451,5): warning MSB3277:             C:\Users\ultra\warewolf\Dev\Dev2.Studio.Core\bin\Debug\net8.0\Dev2.Studio.Core.dll [C:\Users\ultra\warewolf\Dev\Dev2.Intellisense\Dev2.Intellisense.csproj]
C:\Program Files\dotnet\sdk\10.0.201\Microsoft.Common.CurrentVersion.targets(2451,5): warning MSB3277:             C:\Users\ultra\warewolf\Dev\Dev2.Studio.Interfaces\bin\Debug\net8.0\Dev2.Studio.Interfaces.dll [C:\Users\ultra\warewolf\Dev\Dev2.Intellisense\Dev2.Intellisense.csproj]
C:\Program Files\dotnet\sdk\10.0.201\Microsoft.Common.CurrentVersion.targets(2451,5): warning MSB3277:             C:\Users\ultra\warewolf\Dev\Warewolf.Studio.Core\bin\Debug\net8.0\Warewolf.Studio.Core.dll [C:\Users\ultra\warewolf\Dev\Dev2.Intellisense\Dev2.Intellisense.csproj]
C:\Program Files\dotnet\sdk\10.0.201\Microsoft.Common.CurrentVersion.targets(2451,5): warning MSB3277:             C:\Users\ultra\warewolf\Dev\Dev2.Development.Languages\bin\Debug\net8.0\Dev2.Development.Languages.dll [C:\Users\ultra\warewolf\Dev\Dev2.Intellisense\Dev2.Intellisense.csproj]
C:\Program Files\dotnet\sdk\10.0.201\Microsoft.Common.CurrentVersion.targets(2451,5): warning MSB3277:             C:\Users\ultra\warewolf\Dev\Dev2.Diagnostics\bin\Debug\net8.0\Dev2.Diagnostics.dll [C:\Users\ultra\warewolf\Dev\Dev2.Intellisense\Dev2.Intellisense.csproj]
C:\Program Files\dotnet\sdk\10.0.201\Microsoft.Common.CurrentVersion.targets(2451,5): warning MSB3277:             C:\Users\ultra\warewolf\Dev\Dev2.Runtime.Services\bin\Debug\net8.0\Dev2.Runtime.Services.dll [C:\Users\ultra\warewolf\Dev\Dev2.Intellisense\Dev2.Intellisense.csproj]
C:\Program Files\dotnet\sdk\10.0.201\Microsoft.Common.CurrentVersion.targets(2451,5): warning MSB3277:             C:\Users\ultra\warewolf\Dev\Dev2.Scheduler\bin\Debug\net8.0\Dev2.Scheduler.dll [C:\Users\ultra\warewolf\Dev\Dev2.Intellisense\Dev2.Intellisense.csproj]
C:\Program Files\dotnet\sdk\10.0.201\Microsoft.Common.CurrentVersion.targets(2451,5): warning MSB3277:             C:\Users\ultra\warewolf\Dev\Dev2.Services.Execution\bin\Debug\net8.0\Dev2.Services.Execution.dll [C:\Users\ultra\warewolf\Dev\Dev2.Intellisense\Dev2.Intellisense.csproj]
C:\Program Files\dotnet\sdk\10.0.201\Microsoft.Common.CurrentVersion.targets(2451,5): warning MSB3277:             C:\Users\ultra\warewolf\Dev\Dev2.Services.Sql\bin\Debug\net8.0\Dev2.Services.Sql.dll [C:\Users\ultra\warewolf\Dev\Dev2.Intellisense\Dev2.Intellisense.csproj]
C:\Program Files\dotnet\sdk\10.0.201\Microsoft.Common.CurrentVersion.targets(2451,5): warning MSB3277:             C:\Users\ultra\warewolf\Dev\Dev2.TaskScheduler.Wrappers\bin\Debug\net8.0\Dev2.TaskScheduler.Wrappers.dll [C:\Users\ultra\warewolf\Dev\Dev2.Intellisense\Dev2.Intellisense.csproj]
C:\Program Files\dotnet\sdk\10.0.201\Microsoft.Common.CurrentVersion.targets(2451,5): warning MSB3277:             C:\Users\ultra\warewolf\Dev\Dev2.Util\bin\Debug\net8.0\Dev2.Util.dll [C:\Users\ultra\warewolf\Dev\Dev2.Intellisense\Dev2.Intellisense.csproj]
C:\Program Files\dotnet\sdk\10.0.201\Microsoft.Common.CurrentVersion.targets(2451,5): warning MSB3277:             C:\Users\ultra\warewolf\Dev\Warewolf.AI.Harness\bin\Debug\net8.0\Warewolf.AI.Harness.dll [C:\Users\ultra\warewolf\Dev\Dev2.Intellisense\Dev2.Intellisense.csproj]
C:\Program Files\dotnet\sdk\10.0.201\Microsoft.Common.CurrentVersion.targets(2451,5): warning MSB3277:             C:\Users\ultra\warewolf\Dev\Warewolf.Auditing\bin\Debug\net8.0\Warewolf.Auditing.dll [C:\Users\ultra\warewolf\Dev\Dev2.Intellisense\Dev2.Intellisense.csproj]
C:\Program Files\dotnet\sdk\10.0.201\Microsoft.Common.CurrentVersion.targets(2451,5): warning MSB3277:             C:\Users\ultra\warewolf\Dev\Warewolf.Common.NetStandard20\bin\Debug\net8.0\Warewolf.Common.NetStandard20.dll [C:\Users\ultra\warewolf\Dev\Dev2.Intellisense\Dev2.Intellisense.csproj]
C:\Program Files\dotnet\sdk\10.0.201\Microsoft.Common.CurrentVersion.targets(2451,5): warning MSB3277:             C:\Users\ultra\warewolf\Dev\Warewolf.Core\bin\Debug\net8.0\Warewolf.Core.dll [C:\Users\ultra\warewolf\Dev\Dev2.Intellisense\Dev2.Intellisense.csproj]
C:\Program Files\dotnet\sdk\10.0.201\Microsoft.Common.CurrentVersion.targets(2451,5): warning MSB3277:             C:\Users\ultra\warewolf\Dev\Warewolf.Driver.Persistence\bin\Debug\net8.0\Warewolf.Driver.Persistence.dll [C:\Users\ultra\warewolf\Dev\Dev2.Intellisense\Dev2.Intellisense.csproj]
C:\Program Files\dotnet\sdk\10.0.201\Microsoft.Common.CurrentVersion.targets(2451,5): warning MSB3277:             C:\Users\ultra\warewolf\Dev\Warewolf.Driver.Serilog\bin\Debug\net8.0\Warewolf.Driver.Serilog.dll [C:\Users\ultra\warewolf\Dev\Dev2.Intellisense\Dev2.Intellisense.csproj]
C:\Program Files\dotnet\sdk\10.0.201\Microsoft.Common.CurrentVersion.targets(2451,5): warning MSB3277:             C:\Users\ultra\warewolf\Dev\Warewolf.Exchange.Email.Wrapper\bin\Debug\net8.0\Warewolf.Exchange.Email.Wrapper.dll [C:\Users\ultra\warewolf\Dev\Dev2.Intellisense\Dev2.Intellisense.csproj]
C:\Program Files\dotnet\sdk\10.0.201\Microsoft.Common.CurrentVersion.targets(2451,5): warning MSB3277:             C:\Users\ultra\warewolf\Dev\Warewolf.ResourceManagement\bin\Debug\net8.0\Warewolf.ResourceManagement.dll [C:\Users\ultra\warewolf\Dev\Dev2.Intellisense\Dev2.Intellisense.csproj]
C:\Program Files\dotnet\sdk\10.0.201\Microsoft.Common.CurrentVersion.targets(2451,5): warning MSB3277:             C:\Users\ultra\warewolf\Dev\Warewolf.Sharepoint\bin\Debug\net8.0\Warewolf.Sharepoint.dll [C:\Users\ultra\warewolf\Dev\Dev2.Intellisense\Dev2.Intellisense.csproj]
C:\Program Files\dotnet\sdk\10.0.201\Microsoft.Common.CurrentVersion.targets(2451,5): warning MSB3277:             C:\Users\ultra\warewolf\Dev\Warewolf.Storage\bin\Debug\net8.0\Warewolf.Storage.dll [C:\Users\ultra\warewolf\Dev\Dev2.Intellisense\Dev2.Intellisense.csproj]
C:\Program Files\dotnet\sdk\10.0.201\Microsoft.Common.CurrentVersion.targets(2451,5): warning MSB3277:         C:\Users\ultra\warewolf\Dev\Binaries\Infragistcs_Net6\InfragisticsWPF4.v15.1.dll [C:\Users\ultra\warewolf\Dev\Dev2.Intellisense\Dev2.Intellisense.csproj]
C:\Program Files\dotnet\sdk\10.0.201\Microsoft.Common.CurrentVersion.targets(2451,5): warning MSB3277:           Project file item includes which caused reference "C:\Users\ultra\warewolf\Dev\Binaries\Infragistcs_Net6\InfragisticsWPF4.v15.1.dll". [C:\Users\ultra\warewolf\Dev\Dev2.Intellisense\Dev2.Intellisense.csproj]
C:\Program Files\dotnet\sdk\10.0.201\Microsoft.Common.CurrentVersion.targets(2451,5): warning MSB3277:             InfragisticsWPF4.v15.1, Version=15.1.20151.2055, Culture=neutral, PublicKeyToken=7dd5c3163f2cd0cb, processorArchitecture=MSIL [C:\Users\ultra\warewolf\Dev\Dev2.Intellisense\Dev2.Intellisense.csproj]
C:\Program Files\dotnet\sdk\10.0.201\Microsoft.Common.CurrentVersion.targets(2451,5): warning MSB3277:             CalculationManager.WPF [C:\Users\ultra\warewolf\Dev\Dev2.Intellisense\Dev2.Intellisense.csproj]
C:\Program Files\dotnet\sdk\10.0.201\Microsoft.Common.CurrentVersion.targets(2451,5): warning MSB3277:             InfragisticsWPF4.Math.Calculators.v15.1, Version=15.1.20151.2055, Culture=neutral, PublicKeyToken=7dd5c3163f2cd0cb, processorArchitecture=MSIL [C:\Users\ultra\warewolf\Dev\Dev2.Intellisense\Dev2.Intellisense.csproj]
C:\Program Files\dotnet\sdk\10.0.201\Microsoft.Common.CurrentVersion.targets(2451,5): warning MSB3277:         C:\Users\ultra\.nuget\packages\timespan2\2.4.2\lib\netcoreapp3.1\TimeSpan2.dll [C:\Users\ultra\warewolf\Dev\Dev2.Intellisense\Dev2.Intellisense.csproj]
C:\Program Files\dotnet\sdk\10.0.201\Microsoft.Common.CurrentVersion.targets(2451,5): warning MSB3277:           Project file item includes which caused reference "C:\Users\ultra\.nuget\packages\timespan2\2.4.2\lib\netcoreapp3.1\TimeSpan2.dll". [C:\Users\ultra\warewolf\Dev\Dev2.Intellisense\Dev2.Intellisense.csproj]
C:\Program Files\dotnet\sdk\10.0.201\Microsoft.Common.CurrentVersion.targets(2451,5): warning MSB3277:             C:\Users\ultra\.nuget\packages\timespan2\2.4.2\lib\netcoreapp3.1\TimeSpan2.dll [C:\Users\ultra\warewolf\Dev\Dev2.Intellisense\Dev2.Intellisense.csproj]
C:\Program Files\dotnet\sdk\10.0.201\Microsoft.Common.CurrentVersion.targets(2451,5): warning MSB3277:             C:\Users\ultra\.nuget\packages\taskschedulereditor\2.10.1\lib\net452\Microsoft.Win32.TaskSchedulerEditor.dll [C:\Users\ultra\warewolf\Dev\Dev2.Intellisense\Dev2.Intellisense.csproj]
C:\Program Files\dotnet\sdk\10.0.201\Microsoft.Common.CurrentVersion.targets(2451,5): warning MSB3277:         C:\Program Files\dotnet\packs\Microsoft.NETCore.App.Ref\8.0.25\ref\net8.0\System.dll [C:\Users\ultra\warewolf\Dev\Dev2.Intellisense\Dev2.Intellisense.csproj]
C:\Program Files\dotnet\sdk\10.0.201\Microsoft.Common.CurrentVersion.targets(2451,5): warning MSB3277:           Project file item includes which caused reference "C:\Program Files\dotnet\packs\Microsoft.NETCore.App.Ref\8.0.25\ref\net8.0\System.dll". [C:\Users\ultra\warewolf\Dev\Dev2.Intellisense\Dev2.Intellisense.csproj]
C:\Program Files\dotnet\sdk\10.0.201\Microsoft.Common.CurrentVersion.targets(2451,5): warning MSB3277:             C:\Program Files\dotnet\packs\Microsoft.NETCore.App.Ref\8.0.25\ref/net8.0/System.dll [C:\Users\ultra\warewolf\Dev\Dev2.Intellisense\Dev2.Intellisense.csproj]
C:\Program Files\dotnet\sdk\10.0.201\Microsoft.Common.CurrentVersion.targets(2451,5): warning MSB3277:             C:\Users\ultra\.nuget\packages\aerowizard\2.3.1\lib\net45\AeroWizard.dll [C:\Users\ultra\warewolf\Dev\Dev2.Intellisense\Dev2.Intellisense.csproj]
C:\Program Files\dotnet\sdk\10.0.201\Microsoft.Common.CurrentVersion.targets(2451,5): warning MSB3277:             C:\Users\ultra\.nuget\packages\groupcontrols\1.9.0\lib\net45\GroupControls.dll [C:\Users\ultra\warewolf\Dev\Dev2.Intellisense\Dev2.Intellisense.csproj]
C:\Program Files\dotnet\sdk\10.0.201\Microsoft.Common.CurrentVersion.targets(2451,5): warning MSB3277:             C:\Users\ultra\.nuget\packages\microsoft.xaml.behaviors.wpf\1.1.122\lib\net462\Microsoft.Xaml.Behaviors.dll [C:\Users\ultra\warewolf\Dev\Dev2.Intellisense\Dev2.Intellisense.csproj]
C:\Program Files\dotnet\sdk\10.0.201\Microsoft.Common.CurrentVersion.targets(2451,5): warning MSB3277:             C:\Users\ultra\.nuget\packages\caliburn.micro\4.0.212\lib\netcoreapp3.1\Caliburn.Micro.Platform.dll [C:\Users\ultra\warewolf\Dev\Dev2.Intellisense\Dev2.Intellisense.csproj]
C:\Program Files\dotnet\sdk\10.0.201\Microsoft.Common.CurrentVersion.targets(2451,5): warning MSB3277:             C:\Users\ultra\.nuget\packages\prism.wpf\9.0.537\lib\net462\Prism.Wpf.dll [C:\Users\ultra\warewolf\Dev\Dev2.Intellisense\Dev2.Intellisense.csproj]
C:\Program Files\dotnet\sdk\10.0.201\Microsoft.Common.CurrentVersion.targets(2451,5): warning MSB3277:             C:\Users\ultra\.nuget\packages\reactiveui.wpf\18.4.1\lib\net462\ReactiveUI.Wpf.dll [C:\Users\ultra\warewolf\Dev\Dev2.Intellisense\Dev2.Intellisense.csproj]
C:\Program Files\dotnet\sdk\10.0.201\Microsoft.Common.CurrentVersion.targets(2451,5): warning MSB3277:             C:\Users\ultra\.nuget\packages\taskschedulereditor\2.10.1\lib\net452\Microsoft.Win32.TaskSchedulerEditor.dll [C:\Users\ultra\warewolf\Dev\Dev2.Intellisense\Dev2.Intellisense.csproj]
C:\Program Files\dotnet\sdk\10.0.201\Microsoft.Common.CurrentVersion.targets(2451,5): warning MSB3277:             C:\Users\ultra\.nuget\packages\ttcue.netcore.sharepointonline.csom.16.1.8029.1200\16.1.8029.1200\lib\netcoreapp2.0\Microsoft.SharePoint.Client.Runtime.Windows.dll [C:\Users\ultra\warewolf\Dev\Dev2.Intellisense\Dev2.Intellisense.csproj]
C:\Program Files\dotnet\sdk\10.0.201\Microsoft.Common.CurrentVersion.targets(2451,5): warning MSB3277: Found conflicts between different versions of "System.Security.Permissions" that could not be resolved. [C:\Users\ultra\warewolf\Dev\Dev2.Intellisense\Dev2.Intellisense.csproj]
C:\Program Files\dotnet\sdk\10.0.201\Microsoft.Common.CurrentVersion.targets(2451,5): warning MSB3277: There was a conflict between "System.Security.Permissions, Version=6.0.0.0, Culture=neutral, PublicKeyToken=cc7b13ffcd2ddd51" and "System.Security.Permissions, Version=7.0.0.0, Culture=neutral, PublicKeyToken=cc7b13ffcd2ddd51". [C:\Users\ultra\warewolf\Dev\Dev2.Intellisense\Dev2.Intellisense.csproj]
C:\Program Files\dotnet\sdk\10.0.201\Microsoft.Common.CurrentVersion.targets(2451,5): warning MSB3277:     "System.Security.Permissions, Version=6.0.0.0, Culture=neutral, PublicKeyToken=cc7b13ffcd2ddd51" was chosen because it was primary and "System.Security.Permissions, Version=7.0.0.0, Culture=neutral, PublicKeyToken=cc7b13ffcd2ddd51" was not. [C:\Users\ultra\warewolf\Dev\Dev2.Intellisense\Dev2.Intellisense.csproj]
C:\Program Files\dotnet\sdk\10.0.201\Microsoft.Common.CurrentVersion.targets(2451,5): warning MSB3277:     References which depend on "System.Security.Permissions, Version=6.0.0.0, Culture=neutral, PublicKeyToken=cc7b13ffcd2ddd51" [C:\Users\ultra\.nuget\packages\system.security.permissions\6.0.0\lib\net6.0\System.Security.Permissions.dll]. [C:\Users\ultra\warewolf\Dev\Dev2.Intellisense\Dev2.Intellisense.csproj]
C:\Program Files\dotnet\sdk\10.0.201\Microsoft.Common.CurrentVersion.targets(2451,5): warning MSB3277:         C:\Users\ultra\.nuget\packages\system.security.permissions\6.0.0\lib\net6.0\System.Security.Permissions.dll [C:\Users\ultra\warewolf\Dev\Dev2.Intellisense\Dev2.Intellisense.csproj]
C:\Program Files\dotnet\sdk\10.0.201\Microsoft.Common.CurrentVersion.targets(2451,5): warning MSB3277:           Project file item includes which caused reference "C:\Users\ultra\.nuget\packages\system.security.permissions\6.0.0\lib\net6.0\System.Security.Permissions.dll". [C:\Users\ultra\warewolf\Dev\Dev2.Intellisense\Dev2.Intellisense.csproj]
C:\Program Files\dotnet\sdk\10.0.201\Microsoft.Common.CurrentVersion.targets(2451,5): warning MSB3277:             C:\Users\ultra\.nuget\packages\system.security.permissions\6.0.0\lib\net6.0\System.Security.Permissions.dll [C:\Users\ultra\warewolf\Dev\Dev2.Intellisense\Dev2.Intellisense.csproj]
C:\Program Files\dotnet\sdk\10.0.201\Microsoft.Common.CurrentVersion.targets(2451,5): warning MSB3277:     References which depend on or have been unified to "System.Security.Permissions, Version=7.0.0.0, Culture=neutral, PublicKeyToken=cc7b13ffcd2ddd51" []. [C:\Users\ultra\warewolf\Dev\Dev2.Intellisense\Dev2.Intellisense.csproj]
C:\Program Files\dotnet\sdk\10.0.201\Microsoft.Common.CurrentVersion.targets(2451,5): warning MSB3277:         C:\Users\ultra\warewolf\Dev\Dev2.Data\bin\Debug\net8.0\Dev2.Data.dll [C:\Users\ultra\warewolf\Dev\Dev2.Intellisense\Dev2.Intellisense.csproj]
C:\Program Files\dotnet\sdk\10.0.201\Microsoft.Common.CurrentVersion.targets(2451,5): warning MSB3277:           Project file item includes which caused reference "C:\Users\ultra\warewolf\Dev\Dev2.Data\bin\Debug\net8.0\Dev2.Data.dll". [C:\Users\ultra\warewolf\Dev\Dev2.Intellisense\Dev2.Intellisense.csproj]
C:\Program Files\dotnet\sdk\10.0.201\Microsoft.Common.CurrentVersion.targets(2451,5): warning MSB3277:             C:\Users\ultra\warewolf\Dev\Dev2.Data\bin\Debug\net8.0\Dev2.Data.dll [C:\Users\ultra\warewolf\Dev\Dev2.Intellisense\Dev2.Intellisense.csproj]
C:\Program Files\dotnet\sdk\10.0.201\Microsoft.Common.CurrentVersion.targets(2451,5): warning MSB3277:             C:\Users\ultra\warewolf\Dev\Dev2.Activities\bin\Debug\net8.0\Dev2.Activities.dll [C:\Users\ultra\warewolf\Dev\Dev2.Intellisense\Dev2.Intellisense.csproj]
C:\Program Files\dotnet\sdk\10.0.201\Microsoft.Common.CurrentVersion.targets(2451,5): warning MSB3277:             C:\Users\ultra\warewolf\Dev\Dev2.Core\bin\Debug\net8.0\Dev2.Core.dll [C:\Users\ultra\warewolf\Dev\Dev2.Intellisense\Dev2.Intellisense.csproj]
C:\Program Files\dotnet\sdk\10.0.201\Microsoft.Common.CurrentVersion.targets(2451,5): warning MSB3277:             C:\Users\ultra\warewolf\Dev\Dev2.Studio.Core\bin\Debug\net8.0\Dev2.Studio.Core.dll [C:\Users\ultra\warewolf\Dev\Dev2.Intellisense\Dev2.Intellisense.csproj]
C:\Program Files\dotnet\sdk\10.0.201\Microsoft.Common.CurrentVersion.targets(2451,5): warning MSB3277:             C:\Users\ultra\warewolf\Dev\Dev2.Studio.Interfaces\bin\Debug\net8.0\Dev2.Studio.Interfaces.dll [C:\Users\ultra\warewolf\Dev\Dev2.Intellisense\Dev2.Intellisense.csproj]
C:\Program Files\dotnet\sdk\10.0.201\Microsoft.Common.CurrentVersion.targets(2451,5): warning MSB3277:             C:\Users\ultra\warewolf\Dev\Warewolf.Studio.Core\bin\Debug\net8.0\Warewolf.Studio.Core.dll [C:\Users\ultra\warewolf\Dev\Dev2.Intellisense\Dev2.Intellisense.csproj]
C:\Program Files\dotnet\sdk\10.0.201\Microsoft.Common.CurrentVersion.targets(2451,5): warning MSB3277:             C:\Users\ultra\warewolf\Dev\Dev2.Runtime.Services\bin\Debug\net8.0\Dev2.Runtime.Services.dll [C:\Users\ultra\warewolf\Dev\Dev2.Intellisense\Dev2.Intellisense.csproj]
C:\Program Files\dotnet\sdk\10.0.201\Microsoft.Common.CurrentVersion.targets(2451,5): warning MSB3277:             C:\Users\ultra\warewolf\Dev\Dev2.Scheduler\bin\Debug\net8.0\Dev2.Scheduler.dll [C:\Users\ultra\warewolf\Dev\Dev2.Intellisense\Dev2.Intellisense.csproj]
C:\Program Files\dotnet\sdk\10.0.201\Microsoft.Common.CurrentVersion.targets(2451,5): warning MSB3277:             C:\Users\ultra\warewolf\Dev\Dev2.Services.Execution\bin\Debug\net8.0\Dev2.Services.Execution.dll [C:\Users\ultra\warewolf\Dev\Dev2.Intellisense\Dev2.Intellisense.csproj]
C:\Program Files\dotnet\sdk\10.0.201\Microsoft.Common.CurrentVersion.targets(2451,5): warning MSB3277:             C:\Users\ultra\warewolf\Dev\Warewolf.Auditing\bin\Debug\net8.0\Warewolf.Auditing.dll [C:\Users\ultra\warewolf\Dev\Dev2.Intellisense\Dev2.Intellisense.csproj]
C:\Program Files\dotnet\sdk\10.0.201\Microsoft.Common.CurrentVersion.targets(2451,5): warning MSB3277:             C:\Users\ultra\warewolf\Dev\Warewolf.Common.NetStandard20\bin\Debug\net8.0\Warewolf.Common.NetStandard20.dll [C:\Users\ultra\warewolf\Dev\Dev2.Intellisense\Dev2.Intellisense.csproj]
C:\Program Files\dotnet\sdk\10.0.201\Microsoft.Common.CurrentVersion.targets(2451,5): warning MSB3277:             C:\Users\ultra\warewolf\Dev\Warewolf.Core\bin\Debug\net8.0\Warewolf.Core.dll [C:\Users\ultra\warewolf\Dev\Dev2.Intellisense\Dev2.Intellisense.csproj]
C:\Program Files\dotnet\sdk\10.0.201\Microsoft.Common.CurrentVersion.targets(2451,5): warning MSB3277:             C:\Users\ultra\warewolf\Dev\Warewolf.Driver.Persistence\bin\Debug\net8.0\Warewolf.Driver.Persistence.dll [C:\Users\ultra\warewolf\Dev\Dev2.Intellisense\Dev2.Intellisense.csproj]
C:\Program Files\dotnet\sdk\10.0.201\Microsoft.Common.CurrentVersion.targets(2451,5): warning MSB3277:             C:\Users\ultra\warewolf\Dev\Warewolf.Exchange.Email.Wrapper\bin\Debug\net8.0\Warewolf.Exchange.Email.Wrapper.dll [C:\Users\ultra\warewolf\Dev\Dev2.Intellisense\Dev2.Intellisense.csproj]
C:\Program Files\dotnet\sdk\10.0.201\Microsoft.Common.CurrentVersion.targets(2451,5): warning MSB3277:             C:\Users\ultra\warewolf\Dev\Warewolf.ResourceManagement\bin\Debug\net8.0\Warewolf.ResourceManagement.dll [C:\Users\ultra\warewolf\Dev\Dev2.Intellisense\Dev2.Intellisense.csproj]
C:\Program Files\dotnet\sdk\10.0.201\Microsoft.Common.CurrentVersion.targets(2451,5): warning MSB3277:         C:\Users\ultra\warewolf\Dev\Binaries\Infragistcs_Net6\InfragisticsWPF4.v15.1.dll [C:\Users\ultra\warewolf\Dev\Dev2.Intellisense\Dev2.Intellisense.csproj]
C:\Program Files\dotnet\sdk\10.0.201\Microsoft.Common.CurrentVersion.targets(2451,5): warning MSB3277:           Project file item includes which caused reference "C:\Users\ultra\warewolf\Dev\Binaries\Infragistcs_Net6\InfragisticsWPF4.v15.1.dll". [C:\Users\ultra\warewolf\Dev\Dev2.Intellisense\Dev2.Intellisense.csproj]
C:\Program Files\dotnet\sdk\10.0.201\Microsoft.Common.CurrentVersion.targets(2451,5): warning MSB3277:             InfragisticsWPF4.v15.1, Version=15.1.20151.2055, Culture=neutral, PublicKeyToken=7dd5c3163f2cd0cb, processorArchitecture=MSIL [C:\Users\ultra\warewolf\Dev\Dev2.Intellisense\Dev2.Intellisense.csproj]
C:\Program Files\dotnet\sdk\10.0.201\Microsoft.Common.CurrentVersion.targets(2451,5): warning MSB3277:             CalculationManager.WPF [C:\Users\ultra\warewolf\Dev\Dev2.Intellisense\Dev2.Intellisense.csproj]
C:\Program Files\dotnet\sdk\10.0.201\Microsoft.Common.CurrentVersion.targets(2451,5): warning MSB3277:             InfragisticsWPF4.Math.Calculators.v15.1, Version=15.1.20151.2055, Culture=neutral, PublicKeyToken=7dd5c3163f2cd0cb, processorArchitecture=MSIL [C:\Users\ultra\warewolf\Dev\Dev2.Intellisense\Dev2.Intellisense.csproj]
C:\Program Files\dotnet\sdk\10.0.201\Microsoft.Common.CurrentVersion.targets(2451,5): warning MSB3277:         C:\Users\ultra\.nuget\packages\dotnetzip\1.16.0\lib\netstandard2.0\DotNetZip.dll [C:\Users\ultra\warewolf\Dev\Dev2.Intellisense\Dev2.Intellisense.csproj]
C:\Program Files\dotnet\sdk\10.0.201\Microsoft.Common.CurrentVersion.targets(2451,5): warning MSB3277:           Project file item includes which caused reference "C:\Users\ultra\.nuget\packages\dotnetzip\1.16.0\lib\netstandard2.0\DotNetZip.dll". [C:\Users\ultra\warewolf\Dev\Dev2.Intellisense\Dev2.Intellisense.csproj]
C:\Program Files\dotnet\sdk\10.0.201\Microsoft.Common.CurrentVersion.targets(2451,5): warning MSB3277:             C:\Users\ultra\.nuget\packages\dotnetzip\1.16.0\lib\netstandard2.0\DotNetZip.dll [C:\Users\ultra\warewolf\Dev\Dev2.Intellisense\Dev2.Intellisense.csproj]
C:\Program Files\dotnet\sdk\10.0.201\Microsoft.Common.CurrentVersion.targets(2451,5): warning MSB3277:             C:\Users\ultra\warewolf\Dev\Dev2.Common\bin\Debug\net8.0\Dev2.Common.dll [C:\Users\ultra\warewolf\Dev\Dev2.Intellisense\Dev2.Intellisense.csproj]
C:\Program Files\dotnet\sdk\10.0.201\Microsoft.Common.CurrentVersion.targets(2451,5): warning MSB3277:             C:\Users\ultra\warewolf\Dev\Dev2.Activities\bin\Debug\net8.0\Dev2.Activities.dll [C:\Users\ultra\warewolf\Dev\Dev2.Intellisense\Dev2.Intellisense.csproj]
C:\Program Files\dotnet\sdk\10.0.201\Microsoft.Common.CurrentVersion.targets(2451,5): warning MSB3277:             C:\Users\ultra\warewolf\Dev\Dev2.Core\bin\Debug\net8.0\Dev2.Core.dll [C:\Users\ultra\warewolf\Dev\Dev2.Intellisense\Dev2.Intellisense.csproj]
C:\Program Files\dotnet\sdk\10.0.201\Microsoft.Common.CurrentVersion.targets(2451,5): warning MSB3277:             C:\Users\ultra\warewolf\Dev\Dev2.Data.Interfaces\bin\Debug\net8.0\Dev2.Data.Interfaces.dll [C:\Users\ultra\warewolf\Dev\Dev2.Intellisense\Dev2.Intellisense.csproj]
C:\Program Files\dotnet\sdk\10.0.201\Microsoft.Common.CurrentVersion.targets(2451,5): warning MSB3277:             C:\Users\ultra\warewolf\Dev\Dev2.Data\bin\Debug\net8.0\Dev2.Data.dll [C:\Users\ultra\warewolf\Dev\Dev2.Intellisense\Dev2.Intellisense.csproj]
C:\Program Files\dotnet\sdk\10.0.201\Microsoft.Common.CurrentVersion.targets(2451,5): warning MSB3277:             C:\Users\ultra\warewolf\Dev\Dev2.Infrastructure\bin\Debug\net8.0\Dev2.Infrastructure.dll [C:\Users\ultra\warewolf\Dev\Dev2.Intellisense\Dev2.Intellisense.csproj]
C:\Program Files\dotnet\sdk\10.0.201\Microsoft.Common.CurrentVersion.targets(2451,5): warning MSB3277:             C:\Users\ultra\warewolf\Dev\Dev2.Studio.Core\bin\Debug\net8.0\Dev2.Studio.Core.dll [C:\Users\ultra\warewolf\Dev\Dev2.Intellisense\Dev2.Intellisense.csproj]
C:\Program Files\dotnet\sdk\10.0.201\Microsoft.Common.CurrentVersion.targets(2451,5): warning MSB3277:             C:\Users\ultra\warewolf\Dev\Dev2.Studio.Interfaces\bin\Debug\net8.0\Dev2.Studio.Interfaces.dll [C:\Users\ultra\warewolf\Dev\Dev2.Intellisense\Dev2.Intellisense.csproj]
C:\Program Files\dotnet\sdk\10.0.201\Microsoft.Common.CurrentVersion.targets(2451,5): warning MSB3277:             C:\Users\ultra\warewolf\Dev\Warewolf.Studio.Core\bin\Debug\net8.0\Warewolf.Studio.Core.dll [C:\Users\ultra\warewolf\Dev\Dev2.Intellisense\Dev2.Intellisense.csproj]
C:\Program Files\dotnet\sdk\10.0.201\Microsoft.Common.CurrentVersion.targets(2451,5): warning MSB3277:             C:\Users\ultra\warewolf\Dev\Dev2.Development.Languages\bin\Debug\net8.0\Dev2.Development.Languages.dll [C:\Users\ultra\warewolf\Dev\Dev2.Intellisense\Dev2.Intellisense.csproj]
C:\Program Files\dotnet\sdk\10.0.201\Microsoft.Common.CurrentVersion.targets(2451,5): warning MSB3277:             C:\Users\ultra\warewolf\Dev\Dev2.Diagnostics\bin\Debug\net8.0\Dev2.Diagnostics.dll [C:\Users\ultra\warewolf\Dev\Dev2.Intellisense\Dev2.Intellisense.csproj]
C:\Program Files\dotnet\sdk\10.0.201\Microsoft.Common.CurrentVersion.targets(2451,5): warning MSB3277:             C:\Users\ultra\warewolf\Dev\Dev2.Runtime.Services\bin\Debug\net8.0\Dev2.Runtime.Services.dll [C:\Users\ultra\warewolf\Dev\Dev2.Intellisense\Dev2.Intellisense.csproj]
C:\Program Files\dotnet\sdk\10.0.201\Microsoft.Common.CurrentVersion.targets(2451,5): warning MSB3277:             C:\Users\ultra\warewolf\Dev\Dev2.Scheduler\bin\Debug\net8.0\Dev2.Scheduler.dll [C:\Users\ultra\warewolf\Dev\Dev2.Intellisense\Dev2.Intellisense.csproj]
C:\Program Files\dotnet\sdk\10.0.201\Microsoft.Common.CurrentVersion.targets(2451,5): warning MSB3277:             C:\Users\ultra\warewolf\Dev\Dev2.Services.Execution\bin\Debug\net8.0\Dev2.Services.Execution.dll [C:\Users\ultra\warewolf\Dev\Dev2.Intellisense\Dev2.Intellisense.csproj]
C:\Program Files\dotnet\sdk\10.0.201\Microsoft.Common.CurrentVersion.targets(2451,5): warning MSB3277:             C:\Users\ultra\warewolf\Dev\Dev2.Services.Sql\bin\Debug\net8.0\Dev2.Services.Sql.dll [C:\Users\ultra\warewolf\Dev\Dev2.Intellisense\Dev2.Intellisense.csproj]
C:\Program Files\dotnet\sdk\10.0.201\Microsoft.Common.CurrentVersion.targets(2451,5): warning MSB3277:             C:\Users\ultra\warewolf\Dev\Dev2.TaskScheduler.Wrappers\bin\Debug\net8.0\Dev2.TaskScheduler.Wrappers.dll [C:\Users\ultra\warewolf\Dev\Dev2.Intellisense\Dev2.Intellisense.csproj]
C:\Program Files\dotnet\sdk\10.0.201\Microsoft.Common.CurrentVersion.targets(2451,5): warning MSB3277:             C:\Users\ultra\warewolf\Dev\Dev2.Util\bin\Debug\net8.0\Dev2.Util.dll [C:\Users\ultra\warewolf\Dev\Dev2.Intellisense\Dev2.Intellisense.csproj]
C:\Program Files\dotnet\sdk\10.0.201\Microsoft.Common.CurrentVersion.targets(2451,5): warning MSB3277:             C:\Users\ultra\warewolf\Dev\Warewolf.AI.Harness\bin\Debug\net8.0\Warewolf.AI.Harness.dll [C:\Users\ultra\warewolf\Dev\Dev2.Intellisense\Dev2.Intellisense.csproj]
C:\Program Files\dotnet\sdk\10.0.201\Microsoft.Common.CurrentVersion.targets(2451,5): warning MSB3277:             C:\Users\ultra\warewolf\Dev\Warewolf.Auditing\bin\Debug\net8.0\Warewolf.Auditing.dll [C:\Users\ultra\warewolf\Dev\Dev2.Intellisense\Dev2.Intellisense.csproj]
C:\Program Files\dotnet\sdk\10.0.201\Microsoft.Common.CurrentVersion.targets(2451,5): warning MSB3277:             C:\Users\ultra\warewolf\Dev\Warewolf.Common.NetStandard20\bin\Debug\net8.0\Warewolf.Common.NetStandard20.dll [C:\Users\ultra\warewolf\Dev\Dev2.Intellisense\Dev2.Intellisense.csproj]
C:\Program Files\dotnet\sdk\10.0.201\Microsoft.Common.CurrentVersion.targets(2451,5): warning MSB3277:             C:\Users\ultra\warewolf\Dev\Warewolf.Core\bin\Debug\net8.0\Warewolf.Core.dll [C:\Users\ultra\warewolf\Dev\Dev2.Intellisense\Dev2.Intellisense.csproj]
C:\Program Files\dotnet\sdk\10.0.201\Microsoft.Common.CurrentVersion.targets(2451,5): warning MSB3277:             C:\Users\ultra\warewolf\Dev\Warewolf.Driver.Persistence\bin\Debug\net8.0\Warewolf.Driver.Persistence.dll [C:\Users\ultra\warewolf\Dev\Dev2.Intellisense\Dev2.Intellisense.csproj]
C:\Program Files\dotnet\sdk\10.0.201\Microsoft.Common.CurrentVersion.targets(2451,5): warning MSB3277:             C:\Users\ultra\warewolf\Dev\Warewolf.Driver.Serilog\bin\Debug\net8.0\Warewolf.Driver.Serilog.dll [C:\Users\ultra\warewolf\Dev\Dev2.Intellisense\Dev2.Intellisense.csproj]
C:\Program Files\dotnet\sdk\10.0.201\Microsoft.Common.CurrentVersion.targets(2451,5): warning MSB3277:             C:\Users\ultra\warewolf\Dev\Warewolf.Exchange.Email.Wrapper\bin\Debug\net8.0\Warewolf.Exchange.Email.Wrapper.dll [C:\Users\ultra\warewolf\Dev\Dev2.Intellisense\Dev2.Intellisense.csproj]
C:\Program Files\dotnet\sdk\10.0.201\Microsoft.Common.CurrentVersion.targets(2451,5): warning MSB3277:             C:\Users\ultra\warewolf\Dev\Warewolf.ResourceManagement\bin\Debug\net8.0\Warewolf.ResourceManagement.dll [C:\Users\ultra\warewolf\Dev\Dev2.Intellisense\Dev2.Intellisense.csproj]
C:\Program Files\dotnet\sdk\10.0.201\Microsoft.Common.CurrentVersion.targets(2451,5): warning MSB3277:             C:\Users\ultra\warewolf\Dev\Warewolf.Sharepoint\bin\Debug\net8.0\Warewolf.Sharepoint.dll [C:\Users\ultra\warewolf\Dev\Dev2.Intellisense\Dev2.Intellisense.csproj]
C:\Program Files\dotnet\sdk\10.0.201\Microsoft.Common.CurrentVersion.targets(2451,5): warning MSB3277:             C:\Users\ultra\warewolf\Dev\Warewolf.Storage\bin\Debug\net8.0\Warewolf.Storage.dll [C:\Users\ultra\warewolf\Dev\Dev2.Intellisense\Dev2.Intellisense.csproj]
C:\Program Files\dotnet\sdk\10.0.201\Microsoft.Common.CurrentVersion.targets(2451,5): warning MSB3277:         C:\Users\ultra\.nuget\packages\mindbox.data.linq\5.0.0\lib\netstandard2.0\Mindbox.Data.Linq.dll [C:\Users\ultra\warewolf\Dev\Dev2.Intellisense\Dev2.Intellisense.csproj]
C:\Program Files\dotnet\sdk\10.0.201\Microsoft.Common.CurrentVersion.targets(2451,5): warning MSB3277:           Project file item includes which caused reference "C:\Users\ultra\.nuget\packages\mindbox.data.linq\5.0.0\lib\netstandard2.0\Mindbox.Data.Linq.dll". [C:\Users\ultra\warewolf\Dev\Dev2.Intellisense\Dev2.Intellisense.csproj]
C:\Program Files\dotnet\sdk\10.0.201\Microsoft.Common.CurrentVersion.targets(2451,5): warning MSB3277:             C:\Users\ultra\.nuget\packages\mindbox.data.linq\5.0.0\lib\netstandard2.0\Mindbox.Data.Linq.dll [C:\Users\ultra\warewolf\Dev\Dev2.Intellisense\Dev2.Intellisense.csproj]
C:\Program Files\dotnet\sdk\10.0.201\Microsoft.Common.CurrentVersion.targets(2451,5): warning MSB3277:             C:\Users\ultra\warewolf\Dev\Warewolf.Auditing\bin\Debug\net8.0\Warewolf.Auditing.dll [C:\Users\ultra\warewolf\Dev\Dev2.Intellisense\Dev2.Intellisense.csproj]
C:\Program Files\dotnet\sdk\10.0.201\Microsoft.Common.CurrentVersion.targets(2451,5): warning MSB3277:             C:\Users\ultra\warewolf\Dev\Dev2.Activities\bin\Debug\net8.0\Dev2.Activities.dll [C:\Users\ultra\warewolf\Dev\Dev2.Intellisense\Dev2.Intellisense.csproj]
C:\Program Files\dotnet\sdk\10.0.201\Microsoft.Common.CurrentVersion.targets(2451,5): warning MSB3277:             C:\Users\ultra\warewolf\Dev\Dev2.Studio.Core\bin\Debug\net8.0\Dev2.Studio.Core.dll [C:\Users\ultra\warewolf\Dev\Dev2.Intellisense\Dev2.Intellisense.csproj]
C:\Program Files\dotnet\sdk\10.0.201\Microsoft.Common.CurrentVersion.targets(2451,5): warning MSB3277:             C:\Users\ultra\warewolf\Dev\Dev2.Runtime.Services\bin\Debug\net8.0\Dev2.Runtime.Services.dll [C:\Users\ultra\warewolf\Dev\Dev2.Intellisense\Dev2.Intellisense.csproj]
C:\Program Files\dotnet\sdk\10.0.201\Microsoft.Common.CurrentVersion.targets(2451,5): warning MSB3277:             C:\Users\ultra\warewolf\Dev\Dev2.Studio.Interfaces\bin\Debug\net8.0\Dev2.Studio.Interfaces.dll [C:\Users\ultra\warewolf\Dev\Dev2.Intellisense\Dev2.Intellisense.csproj]
C:\Program Files\dotnet\sdk\10.0.201\Microsoft.Common.CurrentVersion.targets(2451,5): warning MSB3277:             C:\Users\ultra\warewolf\Dev\Warewolf.Studio.Core\bin\Debug\net8.0\Warewolf.Studio.Core.dll [C:\Users\ultra\warewolf\Dev\Dev2.Intellisense\Dev2.Intellisense.csproj]
C:\Program Files\dotnet\sdk\10.0.201\Microsoft.Common.CurrentVersion.targets(2451,5): warning MSB3277:             C:\Users\ultra\warewolf\Dev\Dev2.Services.Execution\bin\Debug\net8.0\Dev2.Services.Execution.dll [C:\Users\ultra\warewolf\Dev\Dev2.Intellisense\Dev2.Intellisense.csproj]
C:\Program Files\dotnet\sdk\10.0.201\Microsoft.Common.CurrentVersion.targets(2451,5): warning MSB3277:             C:\Users\ultra\warewolf\Dev\Warewolf.Common.NetStandard20\bin\Debug\net8.0\Warewolf.Common.NetStandard20.dll [C:\Users\ultra\warewolf\Dev\Dev2.Intellisense\Dev2.Intellisense.csproj]
C:\Program Files\dotnet\sdk\10.0.201\Microsoft.Common.CurrentVersion.targets(2451,5): warning MSB3277:             C:\Users\ultra\warewolf\Dev\Warewolf.Driver.Persistence\bin\Debug\net8.0\Warewolf.Driver.Persistence.dll [C:\Users\ultra\warewolf\Dev\Dev2.Intellisense\Dev2.Intellisense.csproj]
C:\Program Files\dotnet\sdk\10.0.201\Microsoft.Common.CurrentVersion.targets(2451,5): warning MSB3277:         C:\Users\ultra\.nuget\packages\mysql.data\8.4.0\lib\net8.0\MySql.Data.dll [C:\Users\ultra\warewolf\Dev\Dev2.Intellisense\Dev2.Intellisense.csproj]
C:\Program Files\dotnet\sdk\10.0.201\Microsoft.Common.CurrentVersion.targets(2451,5): warning MSB3277:           Project file item includes which caused reference "C:\Users\ultra\.nuget\packages\mysql.data\8.4.0\lib\net8.0\MySql.Data.dll". [C:\Users\ultra\warewolf\Dev\Dev2.Intellisense\Dev2.Intellisense.csproj]
C:\Program Files\dotnet\sdk\10.0.201\Microsoft.Common.CurrentVersion.targets(2451,5): warning MSB3277:             C:\Users\ultra\.nuget\packages\mysql.data\8.4.0\lib\net8.0\MySql.Data.dll [C:\Users\ultra\warewolf\Dev\Dev2.Intellisense\Dev2.Intellisense.csproj]
C:\Program Files\dotnet\sdk\10.0.201\Microsoft.Common.CurrentVersion.targets(2451,5): warning MSB3277:             C:\Users\ultra\warewolf\Dev\Dev2.Activities\bin\Debug\net8.0\Dev2.Activities.dll [C:\Users\ultra\warewolf\Dev\Dev2.Intellisense\Dev2.Intellisense.csproj]
C:\Program Files\dotnet\sdk\10.0.201\Microsoft.Common.CurrentVersion.targets(2451,5): warning MSB3277:             C:\Users\ultra\warewolf\Dev\Dev2.Studio.Core\bin\Debug\net8.0\Dev2.Studio.Core.dll [C:\Users\ultra\warewolf\Dev\Dev2.Intellisense\Dev2.Intellisense.csproj]
C:\Program Files\dotnet\sdk\10.0.201\Microsoft.Common.CurrentVersion.targets(2451,5): warning MSB3277:             C:\Users\ultra\warewolf\Dev\Dev2.Runtime.Services\bin\Debug\net8.0\Dev2.Runtime.Services.dll [C:\Users\ultra\warewolf\Dev\Dev2.Intellisense\Dev2.Intellisense.csproj]
C:\Program Files\dotnet\sdk\10.0.201\Microsoft.Common.CurrentVersion.targets(2451,5): warning MSB3277:             C:\Users\ultra\warewolf\Dev\Dev2.Studio.Interfaces\bin\Debug\net8.0\Dev2.Studio.Interfaces.dll [C:\Users\ultra\warewolf\Dev\Dev2.Intellisense\Dev2.Intellisense.csproj]
C:\Program Files\dotnet\sdk\10.0.201\Microsoft.Common.CurrentVersion.targets(2451,5): warning MSB3277:             C:\Users\ultra\warewolf\Dev\Warewolf.Studio.Core\bin\Debug\net8.0\Warewolf.Studio.Core.dll [C:\Users\ultra\warewolf\Dev\Dev2.Intellisense\Dev2.Intellisense.csproj]
C:\Program Files\dotnet\sdk\10.0.201\Microsoft.Common.CurrentVersion.targets(2451,5): warning MSB3277:             C:\Users\ultra\warewolf\Dev\Dev2.Services.Execution\bin\Debug\net8.0\Dev2.Services.Execution.dll [C:\Users\ultra\warewolf\Dev\Dev2.Intellisense\Dev2.Intellisense.csproj]
C:\Program Files\dotnet\sdk\10.0.201\Microsoft.Common.CurrentVersion.targets(2451,5): warning MSB3277:             C:\Users\ultra\warewolf\Dev\Dev2.Services.Sql\bin\Debug\net8.0\Dev2.Services.Sql.dll [C:\Users\ultra\warewolf\Dev\Dev2.Intellisense\Dev2.Intellisense.csproj]
C:\Program Files\dotnet\sdk\10.0.201\Microsoft.Common.CurrentVersion.targets(2451,5): warning MSB3277:             C:\Users\ultra\warewolf\Dev\Warewolf.Driver.Persistence\bin\Debug\net8.0\Warewolf.Driver.Persistence.dll [C:\Users\ultra\warewolf\Dev\Dev2.Intellisense\Dev2.Intellisense.csproj]
C:\Program Files\dotnet\sdk\10.0.201\Microsoft.Common.CurrentVersion.targets(2451,5): warning MSB3277:         C:\Users\ultra\.nuget\packages\oracle.manageddataaccess.core\3.21.70\lib\netstandard2.1\Oracle.ManagedDataAccess.dll [C:\Users\ultra\warewolf\Dev\Dev2.Intellisense\Dev2.Intellisense.csproj]
C:\Program Files\dotnet\sdk\10.0.201\Microsoft.Common.CurrentVersion.targets(2451,5): warning MSB3277:           Project file item includes which caused reference "C:\Users\ultra\.nuget\packages\oracle.manageddataaccess.core\3.21.70\lib\netstandard2.1\Oracle.ManagedDataAccess.dll". [C:\Users\ultra\warewolf\Dev\Dev2.Intellisense\Dev2.Intellisense.csproj]
C:\Program Files\dotnet\sdk\10.0.201\Microsoft.Common.CurrentVersion.targets(2451,5): warning MSB3277:             C:\Users\ultra\.nuget\packages\oracle.manageddataaccess.core\3.21.70\lib\netstandard2.1\Oracle.ManagedDataAccess.dll [C:\Users\ultra\warewolf\Dev\Dev2.Intellisense\Dev2.Intellisense.csproj]
C:\Program Files\dotnet\sdk\10.0.201\Microsoft.Common.CurrentVersion.targets(2451,5): warning MSB3277:             C:\Users\ultra\warewolf\Dev\Dev2.Runtime.Services\bin\Debug\net8.0\Dev2.Runtime.Services.dll [C:\Users\ultra\warewolf\Dev\Dev2.Intellisense\Dev2.Intellisense.csproj]
C:\Program Files\dotnet\sdk\10.0.201\Microsoft.Common.CurrentVersion.targets(2451,5): warning MSB3277:             C:\Users\ultra\warewolf\Dev\Dev2.Activities\bin\Debug\net8.0\Dev2.Activities.dll [C:\Users\ultra\warewolf\Dev\Dev2.Intellisense\Dev2.Intellisense.csproj]
C:\Program Files\dotnet\sdk\10.0.201\Microsoft.Common.CurrentVersion.targets(2451,5): warning MSB3277:             C:\Users\ultra\warewolf\Dev\Dev2.Studio.Core\bin\Debug\net8.0\Dev2.Studio.Core.dll [C:\Users\ultra\warewolf\Dev\Dev2.Intellisense\Dev2.Intellisense.csproj]
C:\Program Files\dotnet\sdk\10.0.201\Microsoft.Common.CurrentVersion.targets(2451,5): warning MSB3277:             C:\Users\ultra\warewolf\Dev\Dev2.Studio.Interfaces\bin\Debug\net8.0\Dev2.Studio.Interfaces.dll [C:\Users\ultra\warewolf\Dev\Dev2.Intellisense\Dev2.Intellisense.csproj]
C:\Program Files\dotnet\sdk\10.0.201\Microsoft.Common.CurrentVersion.targets(2451,5): warning MSB3277:             C:\Users\ultra\warewolf\Dev\Warewolf.Studio.Core\bin\Debug\net8.0\Warewolf.Studio.Core.dll [C:\Users\ultra\warewolf\Dev\Dev2.Intellisense\Dev2.Intellisense.csproj]
C:\Program Files\dotnet\sdk\10.0.201\Microsoft.Common.CurrentVersion.targets(2451,5): warning MSB3277:             C:\Users\ultra\warewolf\Dev\Dev2.Services.Execution\bin\Debug\net8.0\Dev2.Services.Execution.dll [C:\Users\ultra\warewolf\Dev\Dev2.Intellisense\Dev2.Intellisense.csproj]
C:\Program Files\dotnet\sdk\10.0.201\Microsoft.Common.CurrentVersion.targets(2451,5): warning MSB3277:             C:\Users\ultra\warewolf\Dev\Dev2.Services.Sql\bin\Debug\net8.0\Dev2.Services.Sql.dll [C:\Users\ultra\warewolf\Dev\Dev2.Intellisense\Dev2.Intellisense.csproj]
C:\Program Files\dotnet\sdk\10.0.201\Microsoft.Common.CurrentVersion.targets(2451,5): warning MSB3277:             C:\Users\ultra\warewolf\Dev\Warewolf.Driver.Persistence\bin\Debug\net8.0\Warewolf.Driver.Persistence.dll [C:\Users\ultra\warewolf\Dev\Dev2.Intellisense\Dev2.Intellisense.csproj]
C:\Program Files\dotnet\sdk\10.0.201\Microsoft.Common.CurrentVersion.targets(2451,5): warning MSB3277:         C:\Users\ultra\.nuget\packages\system.directoryservices\6.0.0\lib\net6.0\System.DirectoryServices.dll [C:\Users\ultra\warewolf\Dev\Dev2.Intellisense\Dev2.Intellisense.csproj]
C:\Program Files\dotnet\sdk\10.0.201\Microsoft.Common.CurrentVersion.targets(2451,5): warning MSB3277:           Project file item includes which caused reference "C:\Users\ultra\.nuget\packages\system.directoryservices\6.0.0\lib\net6.0\System.DirectoryServices.dll". [C:\Users\ultra\warewolf\Dev\Dev2.Intellisense\Dev2.Intellisense.csproj]
C:\Program Files\dotnet\sdk\10.0.201\Microsoft.Common.CurrentVersion.targets(2451,5): warning MSB3277:             C:\Users\ultra\.nuget\packages\system.directoryservices\6.0.0\lib\net6.0\System.DirectoryServices.dll [C:\Users\ultra\warewolf\Dev\Dev2.Intellisense\Dev2.Intellisense.csproj]
C:\Program Files\dotnet\sdk\10.0.201\Microsoft.Common.CurrentVersion.targets(2451,5): warning MSB3277:             C:\Users\ultra\.nuget\packages\corewcf.primitives\1.2.1\lib\netstandard2.0\CoreWCF.Primitives.dll [C:\Users\ultra\warewolf\Dev\Dev2.Intellisense\Dev2.Intellisense.csproj]
C:\Program Files\dotnet\sdk\10.0.201\Microsoft.Common.CurrentVersion.targets(2451,5): warning MSB3277:             C:\Users\ultra\warewolf\Dev\Dev2.Runtime.Services\bin\Debug\net8.0\Dev2.Runtime.Services.dll [C:\Users\ultra\warewolf\Dev\Dev2.Intellisense\Dev2.Intellisense.csproj]
C:\Program Files\dotnet\sdk\10.0.201\Microsoft.Common.CurrentVersion.targets(2451,5): warning MSB3277:             C:\Users\ultra\warewolf\Dev\Dev2.Activities\bin\Debug\net8.0\Dev2.Activities.dll [C:\Users\ultra\warewolf\Dev\Dev2.Intellisense\Dev2.Intellisense.csproj]
C:\Program Files\dotnet\sdk\10.0.201\Microsoft.Common.CurrentVersion.targets(2451,5): warning MSB3277:             C:\Users\ultra\warewolf\Dev\Dev2.Studio.Core\bin\Debug\net8.0\Dev2.Studio.Core.dll [C:\Users\ultra\warewolf\Dev\Dev2.Intellisense\Dev2.Intellisense.csproj]
C:\Program Files\dotnet\sdk\10.0.201\Microsoft.Common.CurrentVersion.targets(2451,5): warning MSB3277:             C:\Users\ultra\warewolf\Dev\Dev2.Studio.Interfaces\bin\Debug\net8.0\Dev2.Studio.Interfaces.dll [C:\Users\ultra\warewolf\Dev\Dev2.Intellisense\Dev2.Intellisense.csproj]
C:\Program Files\dotnet\sdk\10.0.201\Microsoft.Common.CurrentVersion.targets(2451,5): warning MSB3277:             C:\Users\ultra\warewolf\Dev\Warewolf.Studio.Core\bin\Debug\net8.0\Warewolf.Studio.Core.dll [C:\Users\ultra\warewolf\Dev\Dev2.Intellisense\Dev2.Intellisense.csproj]
C:\Program Files\dotnet\sdk\10.0.201\Microsoft.Common.CurrentVersion.targets(2451,5): warning MSB3277:             C:\Users\ultra\warewolf\Dev\Dev2.Services.Execution\bin\Debug\net8.0\Dev2.Services.Execution.dll [C:\Users\ultra\warewolf\Dev\Dev2.Intellisense\Dev2.Intellisense.csproj]
C:\Program Files\dotnet\sdk\10.0.201\Microsoft.Common.CurrentVersion.targets(2451,5): warning MSB3277:             C:\Users\ultra\warewolf\Dev\Warewolf.Driver.Persistence\bin\Debug\net8.0\Warewolf.Driver.Persistence.dll [C:\Users\ultra\warewolf\Dev\Dev2.Intellisense\Dev2.Intellisense.csproj]
C:\Program Files\dotnet\sdk\10.0.201\Microsoft.Common.CurrentVersion.targets(2451,5): warning MSB3277:             C:\Users\ultra\.nuget\packages\corewcf.http\1.2.1\lib\netstandard2.0\CoreWCF.Http.dll [C:\Users\ultra\warewolf\Dev\Dev2.Intellisense\Dev2.Intellisense.csproj]
C:\Program Files\dotnet\sdk\10.0.201\Microsoft.Common.CurrentVersion.targets(2451,5): warning MSB3277:             C:\Users\ultra\.nuget\packages\corewcf.nettcp\1.2.1\lib\netstandard2.0\CoreWCF.NetTcp.dll [C:\Users\ultra\warewolf\Dev\Dev2.Intellisense\Dev2.Intellisense.csproj]
C:\Program Files\dotnet\sdk\10.0.201\Microsoft.Common.CurrentVersion.targets(2451,5): warning MSB3277:             C:\Users\ultra\.nuget\packages\corewcf.webhttp\1.2.1\lib\netstandard2.0\CoreWCF.WebHttp.dll [C:\Users\ultra\warewolf\Dev\Dev2.Intellisense\Dev2.Intellisense.csproj]
C:\Program Files\dotnet\sdk\10.0.201\Microsoft.Common.CurrentVersion.targets(2451,5): warning MSB3277:         C:\Program Files\dotnet\packs\Microsoft.NETCore.App.Ref\8.0.25\ref\net8.0\System.Configuration.dll [C:\Users\ultra\warewolf\Dev\Dev2.Intellisense\Dev2.Intellisense.csproj]
C:\Program Files\dotnet\sdk\10.0.201\Microsoft.Common.CurrentVersion.targets(2451,5): warning MSB3277:           Project file item includes which caused reference "C:\Program Files\dotnet\packs\Microsoft.NETCore.App.Ref\8.0.25\ref\net8.0\System.Configuration.dll". [C:\Users\ultra\warewolf\Dev\Dev2.Intellisense\Dev2.Intellisense.csproj]
C:\Program Files\dotnet\sdk\10.0.201\Microsoft.Common.CurrentVersion.targets(2451,5): warning MSB3277:             C:\Program Files\dotnet\packs\Microsoft.NETCore.App.Ref\8.0.25\ref/net8.0/System.Configuration.dll [C:\Users\ultra\warewolf\Dev\Dev2.Intellisense\Dev2.Intellisense.csproj]
C:\Program Files\dotnet\sdk\10.0.201\Microsoft.Common.CurrentVersion.targets(2451,5): warning MSB3277:             C:\Users\ultra\.nuget\packages\prism.wpf\9.0.537\lib\net462\Prism.Wpf.dll [C:\Users\ultra\warewolf\Dev\Dev2.Intellisense\Dev2.Intellisense.csproj]
C:\Program Files\dotnet\sdk\10.0.201\Microsoft.Common.CurrentVersion.targets(2451,5): warning MSB3277:         C:\Program Files\dotnet\packs\Microsoft.NETCore.App.Ref\8.0.25\ref\net8.0\System.Data.dll [C:\Users\ultra\warewolf\Dev\Dev2.Intellisense\Dev2.Intellisense.csproj]
C:\Program Files\dotnet\sdk\10.0.201\Microsoft.Common.CurrentVersion.targets(2451,5): warning MSB3277:           Project file item includes which caused reference "C:\Program Files\dotnet\packs\Microsoft.NETCore.App.Ref\8.0.25\ref\net8.0\System.Data.dll". [C:\Users\ultra\warewolf\Dev\Dev2.Intellisense\Dev2.Intellisense.csproj]
C:\Program Files\dotnet\sdk\10.0.201\Microsoft.Common.CurrentVersion.targets(2451,5): warning MSB3277:             C:\Program Files\dotnet\packs\Microsoft.NETCore.App.Ref\8.0.25\ref/net8.0/System.Data.dll [C:\Users\ultra\warewolf\Dev\Dev2.Intellisense\Dev2.Intellisense.csproj]
C:\Program Files\dotnet\sdk\10.0.201\Microsoft.Common.CurrentVersion.targets(2451,5): warning MSB3277:             C:\Users\ultra\.nuget\packages\taskschedulereditor\2.10.1\lib\net452\Microsoft.Win32.TaskSchedulerEditor.dll [C:\Users\ultra\warewolf\Dev\Dev2.Intellisense\Dev2.Intellisense.csproj]
C:\Program Files\dotnet\sdk\10.0.201\Microsoft.Common.CurrentVersion.targets(2451,5): warning MSB3277:         C:\Program Files\dotnet\packs\Microsoft.NETCore.App.Ref\8.0.25\ref\net8.0\System.Drawing.dll [C:\Users\ultra\warewolf\Dev\Dev2.Intellisense\Dev2.Intellisense.csproj]
C:\Program Files\dotnet\sdk\10.0.201\Microsoft.Common.CurrentVersion.targets(2451,5): warning MSB3277:           Project file item includes which caused reference "C:\Program Files\dotnet\packs\Microsoft.NETCore.App.Ref\8.0.25\ref\net8.0\System.Drawing.dll". [C:\Users\ultra\warewolf\Dev\Dev2.Intellisense\Dev2.Intellisense.csproj]
C:\Program Files\dotnet\sdk\10.0.201\Microsoft.Common.CurrentVersion.targets(2451,5): warning MSB3277:             C:\Program Files\dotnet\packs\Microsoft.NETCore.App.Ref\8.0.25\ref/net8.0/System.Drawing.dll [C:\Users\ultra\warewolf\Dev\Dev2.Intellisense\Dev2.Intellisense.csproj]
C:\Program Files\dotnet\sdk\10.0.201\Microsoft.Common.CurrentVersion.targets(2451,5): warning MSB3277:             C:\Users\ultra\.nuget\packages\aerowizard\2.3.1\lib\net45\AeroWizard.dll [C:\Users\ultra\warewolf\Dev\Dev2.Intellisense\Dev2.Intellisense.csproj]
C:\Program Files\dotnet\sdk\10.0.201\Microsoft.Common.CurrentVersion.targets(2451,5): warning MSB3277:             C:\Users\ultra\.nuget\packages\groupcontrols\1.9.0\lib\net45\GroupControls.dll [C:\Users\ultra\warewolf\Dev\Dev2.Intellisense\Dev2.Intellisense.csproj]
C:\Program Files\dotnet\sdk\10.0.201\Microsoft.Common.CurrentVersion.targets(2451,5): warning MSB3277:             C:\Users\ultra\.nuget\packages\taskschedulereditor\2.10.1\lib\net452\Microsoft.Win32.TaskSchedulerEditor.dll [C:\Users\ultra\warewolf\Dev\Dev2.Intellisense\Dev2.Intellisense.csproj]
C:\Program Files\dotnet\sdk\10.0.201\Microsoft.Common.CurrentVersion.targets(2451,5): warning MSB3277:         C:\Program Files\dotnet\packs\Microsoft.NETCore.App.Ref\8.0.25\ref\net8.0\System.Net.dll [C:\Users\ultra\warewolf\Dev\Dev2.Intellisense\Dev2.Intellisense.csproj]
C:\Program Files\dotnet\sdk\10.0.201\Microsoft.Common.CurrentVersion.targets(2451,5): warning MSB3277:           Project file item includes which caused reference "C:\Program Files\dotnet\packs\Microsoft.NETCore.App.Ref\8.0.25\ref\net8.0\System.Net.dll". [C:\Users\ultra\warewolf\Dev\Dev2.Intellisense\Dev2.Intellisense.csproj]
C:\Program Files\dotnet\sdk\10.0.201\Microsoft.Common.CurrentVersion.targets(2451,5): warning MSB3277:             C:\Program Files\dotnet\packs\Microsoft.NETCore.App.Ref\8.0.25\ref/net8.0/System.Net.dll [C:\Users\ultra\warewolf\Dev\Dev2.Intellisense\Dev2.Intellisense.csproj]
C:\Program Files\dotnet\sdk\10.0.201\Microsoft.Common.CurrentVersion.targets(2451,5): warning MSB3277:         C:\Program Files\dotnet\packs\Microsoft.NETCore.App.Ref\8.0.25\ref\net8.0\System.Security.dll [C:\Users\ultra\warewolf\Dev\Dev2.Intellisense\Dev2.Intellisense.csproj]
C:\Program Files\dotnet\sdk\10.0.201\Microsoft.Common.CurrentVersion.targets(2451,5): warning MSB3277:           Project file item includes which caused reference "C:\Program Files\dotnet\packs\Microsoft.NETCore.App.Ref\8.0.25\ref\net8.0\System.Security.dll". [C:\Users\ultra\warewolf\Dev\Dev2.Intellisense\Dev2.Intellisense.csproj]
C:\Program Files\dotnet\sdk\10.0.201\Microsoft.Common.CurrentVersion.targets(2451,5): warning MSB3277:             C:\Program Files\dotnet\packs\Microsoft.NETCore.App.Ref\8.0.25\ref/net8.0/System.Security.dll [C:\Users\ultra\warewolf\Dev\Dev2.Intellisense\Dev2.Intellisense.csproj]
C:\Program Files\dotnet\sdk\10.0.201\Microsoft.Common.CurrentVersion.targets(2451,5): warning MSB3277:         C:\Program Files\dotnet\packs\Microsoft.NETCore.App.Ref\8.0.25\ref\net8.0\System.ServiceProcess.dll [C:\Users\ultra\warewolf\Dev\Dev2.Intellisense\Dev2.Intellisense.csproj]
C:\Program Files\dotnet\sdk\10.0.201\Microsoft.Common.CurrentVersion.targets(2451,5): warning MSB3277:           Project file item includes which caused reference "C:\Program Files\dotnet\packs\Microsoft.NETCore.App.Ref\8.0.25\ref\net8.0\System.ServiceProcess.dll". [C:\Users\ultra\warewolf\Dev\Dev2.Intellisense\Dev2.Intellisense.csproj]
C:\Program Files\dotnet\sdk\10.0.201\Microsoft.Common.CurrentVersion.targets(2451,5): warning MSB3277:             C:\Program Files\dotnet\packs\Microsoft.NETCore.App.Ref\8.0.25\ref/net8.0/System.ServiceProcess.dll [C:\Users\ultra\warewolf\Dev\Dev2.Intellisense\Dev2.Intellisense.csproj]
C:\Program Files\dotnet\sdk\10.0.201\Microsoft.Common.CurrentVersion.targets(2451,5): warning MSB3277:         C:\Program Files\dotnet\packs\Microsoft.NETCore.App.Ref\8.0.25\ref\net8.0\System.Transactions.dll [C:\Users\ultra\warewolf\Dev\Dev2.Intellisense\Dev2.Intellisense.csproj]
C:\Program Files\dotnet\sdk\10.0.201\Microsoft.Common.CurrentVersion.targets(2451,5): warning MSB3277:           Project file item includes which caused reference "C:\Program Files\dotnet\packs\Microsoft.NETCore.App.Ref\8.0.25\ref\net8.0\System.Transactions.dll". [C:\Users\ultra\warewolf\Dev\Dev2.Intellisense\Dev2.Intellisense.csproj]
C:\Program Files\dotnet\sdk\10.0.201\Microsoft.Common.CurrentVersion.targets(2451,5): warning MSB3277:             C:\Program Files\dotnet\packs\Microsoft.NETCore.App.Ref\8.0.25\ref/net8.0/System.Transactions.dll [C:\Users\ultra\warewolf\Dev\Dev2.Intellisense\Dev2.Intellisense.csproj]
C:\Program Files\dotnet\sdk\10.0.201\Microsoft.Common.CurrentVersion.targets(2451,5): warning MSB3277:         C:\Program Files\dotnet\packs\Microsoft.NETCore.App.Ref\8.0.25\ref\net8.0\System.dll [C:\Users\ultra\warewolf\Dev\Dev2.Intellisense\Dev2.Intellisense.csproj]
C:\Program Files\dotnet\sdk\10.0.201\Microsoft.Common.CurrentVersion.targets(2451,5): warning MSB3277:           Project file item includes which caused reference "C:\Program Files\dotnet\packs\Microsoft.NETCore.App.Ref\8.0.25\ref\net8.0\System.dll". [C:\Users\ultra\warewolf\Dev\Dev2.Intellisense\Dev2.Intellisense.csproj]
C:\Program Files\dotnet\sdk\10.0.201\Microsoft.Common.CurrentVersion.targets(2451,5): warning MSB3277:             C:\Program Files\dotnet\packs\Microsoft.NETCore.App.Ref\8.0.25\ref/net8.0/System.dll [C:\Users\ultra\warewolf\Dev\Dev2.Intellisense\Dev2.Intellisense.csproj]
C:\Program Files\dotnet\sdk\10.0.201\Microsoft.Common.CurrentVersion.targets(2451,5): warning MSB3277:             C:\Users\ultra\.nuget\packages\aerowizard\2.3.1\lib\net45\AeroWizard.dll [C:\Users\ultra\warewolf\Dev\Dev2.Intellisense\Dev2.Intellisense.csproj]
C:\Program Files\dotnet\sdk\10.0.201\Microsoft.Common.CurrentVersion.targets(2451,5): warning MSB3277:             C:\Users\ultra\.nuget\packages\groupcontrols\1.9.0\lib\net45\GroupControls.dll [C:\Users\ultra\warewolf\Dev\Dev2.Intellisense\Dev2.Intellisense.csproj]
C:\Program Files\dotnet\sdk\10.0.201\Microsoft.Common.CurrentVersion.targets(2451,5): warning MSB3277:             C:\Users\ultra\.nuget\packages\microsoft.xaml.behaviors.wpf\1.1.122\lib\net462\Microsoft.Xaml.Behaviors.dll [C:\Users\ultra\warewolf\Dev\Dev2.Intellisense\Dev2.Intellisense.csproj]
C:\Program Files\dotnet\sdk\10.0.201\Microsoft.Common.CurrentVersion.targets(2451,5): warning MSB3277:             C:\Users\ultra\.nuget\packages\caliburn.micro\4.0.212\lib\netcoreapp3.1\Caliburn.Micro.Platform.dll [C:\Users\ultra\warewolf\Dev\Dev2.Intellisense\Dev2.Intellisense.csproj]
C:\Program Files\dotnet\sdk\10.0.201\Microsoft.Common.CurrentVersion.targets(2451,5): warning MSB3277:             C:\Users\ultra\.nuget\packages\prism.wpf\9.0.537\lib\net462\Prism.Wpf.dll [C:\Users\ultra\warewolf\Dev\Dev2.Intellisense\Dev2.Intellisense.csproj]
C:\Program Files\dotnet\sdk\10.0.201\Microsoft.Common.CurrentVersion.targets(2451,5): warning MSB3277:             C:\Users\ultra\.nuget\packages\reactiveui.wpf\18.4.1\lib\net462\ReactiveUI.Wpf.dll [C:\Users\ultra\warewolf\Dev\Dev2.Intellisense\Dev2.Intellisense.csproj]
C:\Program Files\dotnet\sdk\10.0.201\Microsoft.Common.CurrentVersion.targets(2451,5): warning MSB3277:             C:\Users\ultra\.nuget\packages\taskschedulereditor\2.10.1\lib\net452\Microsoft.Win32.TaskSchedulerEditor.dll [C:\Users\ultra\warewolf\Dev\Dev2.Intellisense\Dev2.Intellisense.csproj]
C:\Program Files\dotnet\sdk\10.0.201\Microsoft.Common.CurrentVersion.targets(2451,5): warning MSB3277:             C:\Users\ultra\.nuget\packages\ttcue.netcore.sharepointonline.csom.16.1.8029.1200\16.1.8029.1200\lib\netcoreapp2.0\Microsoft.SharePoint.Client.Runtime.Windows.dll [C:\Users\ultra\warewolf\Dev\Dev2.Intellisense\Dev2.Intellisense.csproj]
C:\Program Files\dotnet\sdk\10.0.201\Microsoft.Common.CurrentVersion.targets(2451,5): warning MSB3277:         C:\Program Files\dotnet\packs\Microsoft.NETCore.App.Ref\8.0.25\ref\net8.0\WindowsBase.dll [C:\Users\ultra\warewolf\Dev\Dev2.Intellisense\Dev2.Intellisense.csproj]
C:\Program Files\dotnet\sdk\10.0.201\Microsoft.Common.CurrentVersion.targets(2451,5): warning MSB3277:           Project file item includes which caused reference "C:\Program Files\dotnet\packs\Microsoft.NETCore.App.Ref\8.0.25\ref\net8.0\WindowsBase.dll". [C:\Users\ultra\warewolf\Dev\Dev2.Intellisense\Dev2.Intellisense.csproj]
C:\Program Files\dotnet\sdk\10.0.201\Microsoft.Common.CurrentVersion.targets(2451,5): warning MSB3277:             C:\Program Files\dotnet\packs\Microsoft.NETCore.App.Ref\8.0.25\ref/net8.0/WindowsBase.dll [C:\Users\ultra\warewolf\Dev\Dev2.Intellisense\Dev2.Intellisense.csproj]
C:\Program Files\dotnet\sdk\10.0.201\Microsoft.Common.CurrentVersion.targets(2451,5): warning MSB3277:         C:\Program Files\dotnet\packs\Microsoft.NETCore.App.Ref\8.0.25\ref\net8.0\mscorlib.dll [C:\Users\ultra\warewolf\Dev\Dev2.Intellisense\Dev2.Intellisense.csproj]
C:\Program Files\dotnet\sdk\10.0.201\Microsoft.Common.CurrentVersion.targets(2451,5): warning MSB3277:           Project file item includes which caused reference "C:\Program Files\dotnet\packs\Microsoft.NETCore.App.Ref\8.0.25\ref\net8.0\mscorlib.dll". [C:\Users\ultra\warewolf\Dev\Dev2.Intellisense\Dev2.Intellisense.csproj]
C:\Program Files\dotnet\sdk\10.0.201\Microsoft.Common.CurrentVersion.targets(2451,5): warning MSB3277:             C:\Program Files\dotnet\packs\Microsoft.NETCore.App.Ref\8.0.25\ref/net8.0/mscorlib.dll [C:\Users\ultra\warewolf\Dev\Dev2.Intellisense\Dev2.Intellisense.csproj]
C:\Program Files\dotnet\sdk\10.0.201\Microsoft.Common.CurrentVersion.targets(2451,5): warning MSB3277:             C:\Users\ultra\.nuget\packages\aerowizard\2.3.1\lib\net45\AeroWizard.dll [C:\Users\ultra\warewolf\Dev\Dev2.Intellisense\Dev2.Intellisense.csproj]
C:\Program Files\dotnet\sdk\10.0.201\Microsoft.Common.CurrentVersion.targets(2451,5): warning MSB3277:             C:\Users\ultra\.nuget\packages\groupcontrols\1.9.0\lib\net45\GroupControls.dll [C:\Users\ultra\warewolf\Dev\Dev2.Intellisense\Dev2.Intellisense.csproj]
C:\Program Files\dotnet\sdk\10.0.201\Microsoft.Common.CurrentVersion.targets(2451,5): warning MSB3277:             C:\Users\ultra\.nuget\packages\hangfire.core\1.7.32\lib\netstandard2.0\Hangfire.Core.dll [C:\Users\ultra\warewolf\Dev\Dev2.Intellisense\Dev2.Intellisense.csproj]
C:\Program Files\dotnet\sdk\10.0.201\Microsoft.Common.CurrentVersion.targets(2451,5): warning MSB3277:             C:\Users\ultra\warewolf\Dev\Dev2.Activities\bin\Debug\net8.0\Dev2.Activities.dll [C:\Users\ultra\warewolf\Dev\Dev2.Intellisense\Dev2.Intellisense.csproj]
C:\Program Files\dotnet\sdk\10.0.201\Microsoft.Common.CurrentVersion.targets(2451,5): warning MSB3277:             C:\Users\ultra\warewolf\Dev\Dev2.Studio.Core\bin\Debug\net8.0\Dev2.Studio.Core.dll [C:\Users\ultra\warewolf\Dev\Dev2.Intellisense\Dev2.Intellisense.csproj]
C:\Program Files\dotnet\sdk\10.0.201\Microsoft.Common.CurrentVersion.targets(2451,5): warning MSB3277:             C:\Users\ultra\warewolf\Dev\Warewolf.Driver.Persistence\bin\Debug\net8.0\Warewolf.Driver.Persistence.dll [C:\Users\ultra\warewolf\Dev\Dev2.Intellisense\Dev2.Intellisense.csproj]
C:\Program Files\dotnet\sdk\10.0.201\Microsoft.Common.CurrentVersion.targets(2451,5): warning MSB3277:             C:\Users\ultra\.nuget\packages\hangfire.sqlserver\1.7.32\lib\netstandard2.0\Hangfire.SqlServer.dll [C:\Users\ultra\warewolf\Dev\Dev2.Intellisense\Dev2.Intellisense.csproj]
C:\Program Files\dotnet\sdk\10.0.201\Microsoft.Common.CurrentVersion.targets(2451,5): warning MSB3277:             C:\Users\ultra\.nuget\packages\microsoft.xaml.behaviors.wpf\1.1.122\lib\net462\Microsoft.Xaml.Behaviors.dll [C:\Users\ultra\warewolf\Dev\Dev2.Intellisense\Dev2.Intellisense.csproj]
C:\Program Files\dotnet\sdk\10.0.201\Microsoft.Common.CurrentVersion.targets(2451,5): warning MSB3277:             C:\Users\ultra\.nuget\packages\caliburn.micro\4.0.212\lib\netcoreapp3.1\Caliburn.Micro.Platform.dll [C:\Users\ultra\warewolf\Dev\Dev2.Intellisense\Dev2.Intellisense.csproj]
C:\Program Files\dotnet\sdk\10.0.201\Microsoft.Common.CurrentVersion.targets(2451,5): warning MSB3277:             C:\Users\ultra\.nuget\packages\oracle.manageddataaccess.core\3.21.70\lib\netstandard2.1\Oracle.ManagedDataAccess.dll [C:\Users\ultra\warewolf\Dev\Dev2.Intellisense\Dev2.Intellisense.csproj]
C:\Program Files\dotnet\sdk\10.0.201\Microsoft.Common.CurrentVersion.targets(2451,5): warning MSB3277:             C:\Users\ultra\warewolf\Dev\Dev2.Runtime.Services\bin\Debug\net8.0\Dev2.Runtime.Services.dll [C:\Users\ultra\warewolf\Dev\Dev2.Intellisense\Dev2.Intellisense.csproj]
C:\Program Files\dotnet\sdk\10.0.201\Microsoft.Common.CurrentVersion.targets(2451,5): warning MSB3277:             C:\Users\ultra\warewolf\Dev\Dev2.Studio.Interfaces\bin\Debug\net8.0\Dev2.Studio.Interfaces.dll [C:\Users\ultra\warewolf\Dev\Dev2.Intellisense\Dev2.Intellisense.csproj]
C:\Program Files\dotnet\sdk\10.0.201\Microsoft.Common.CurrentVersion.targets(2451,5): warning MSB3277:             C:\Users\ultra\warewolf\Dev\Warewolf.Studio.Core\bin\Debug\net8.0\Warewolf.Studio.Core.dll [C:\Users\ultra\warewolf\Dev\Dev2.Intellisense\Dev2.Intellisense.csproj]
C:\Program Files\dotnet\sdk\10.0.201\Microsoft.Common.CurrentVersion.targets(2451,5): warning MSB3277:             C:\Users\ultra\warewolf\Dev\Dev2.Services.Execution\bin\Debug\net8.0\Dev2.Services.Execution.dll [C:\Users\ultra\warewolf\Dev\Dev2.Intellisense\Dev2.Intellisense.csproj]
C:\Program Files\dotnet\sdk\10.0.201\Microsoft.Common.CurrentVersion.targets(2451,5): warning MSB3277:             C:\Users\ultra\warewolf\Dev\Dev2.Services.Sql\bin\Debug\net8.0\Dev2.Services.Sql.dll [C:\Users\ultra\warewolf\Dev\Dev2.Intellisense\Dev2.Intellisense.csproj]
C:\Program Files\dotnet\sdk\10.0.201\Microsoft.Common.CurrentVersion.targets(2451,5): warning MSB3277:             C:\Users\ultra\.nuget\packages\prism.wpf\9.0.537\lib\net462\Prism.Wpf.dll [C:\Users\ultra\warewolf\Dev\Dev2.Intellisense\Dev2.Intellisense.csproj]
C:\Program Files\dotnet\sdk\10.0.201\Microsoft.Common.CurrentVersion.targets(2451,5): warning MSB3277:             C:\Users\ultra\.nuget\packages\reactiveui.wpf\18.4.1\lib\net462\ReactiveUI.Wpf.dll [C:\Users\ultra\warewolf\Dev\Dev2.Intellisense\Dev2.Intellisense.csproj]
C:\Program Files\dotnet\sdk\10.0.201\Microsoft.Common.CurrentVersion.targets(2451,5): warning MSB3277:             C:\Users\ultra\.nuget\packages\taskschedulereditor\2.10.1\lib\net452\Microsoft.Win32.TaskSchedulerEditor.dll [C:\Users\ultra\warewolf\Dev\Dev2.Intellisense\Dev2.Intellisense.csproj]
C:\Program Files\dotnet\sdk\10.0.201\Microsoft.Common.CurrentVersion.targets(2451,5): warning MSB3277:             C:\Users\ultra\.nuget\packages\ttcue.netcore.sharepointonline.csom.16.1.8029.1200\16.1.8029.1200\lib\netcoreapp2.0\Microsoft.SharePoint.Client.Runtime.Windows.dll [C:\Users\ultra\warewolf\Dev\Dev2.Intellisense\Dev2.Intellisense.csproj]
C:\Program Files\dotnet\sdk\10.0.201\Microsoft.Common.CurrentVersion.targets(2451,5): warning MSB3277:         C:\Users\ultra\warewolf\Dev\Dev2.Development.Languages\bin\Debug\net8.0\IronRuby.dll [C:\Users\ultra\warewolf\Dev\Dev2.Intellisense\Dev2.Intellisense.csproj]
C:\Program Files\dotnet\sdk\10.0.201\Microsoft.Common.CurrentVersion.targets(2451,5): warning MSB3277:           Project file item includes which caused reference "C:\Users\ultra\warewolf\Dev\Dev2.Development.Languages\bin\Debug\net8.0\IronRuby.dll". [C:\Users\ultra\warewolf\Dev\Dev2.Intellisense\Dev2.Intellisense.csproj]
C:\Program Files\dotnet\sdk\10.0.201\Microsoft.Common.CurrentVersion.targets(2451,5): warning MSB3277:             C:\Users\ultra\warewolf\Dev\Dev2.Development.Languages\bin\Debug\net8.0\Dev2.Development.Languages.dll [C:\Users\ultra\warewolf\Dev\Dev2.Intellisense\Dev2.Intellisense.csproj]
C:\Program Files\dotnet\sdk\10.0.201\Microsoft.Common.CurrentVersion.targets(2451,5): warning MSB3277:             C:\Users\ultra\warewolf\Dev\Dev2.Activities\bin\Debug\net8.0\Dev2.Activities.dll [C:\Users\ultra\warewolf\Dev\Dev2.Intellisense\Dev2.Intellisense.csproj]
C:\Program Files\dotnet\sdk\10.0.201\Microsoft.Common.CurrentVersion.targets(2451,5): warning MSB3277:             C:\Users\ultra\warewolf\Dev\Dev2.Studio.Core\bin\Debug\net8.0\Dev2.Studio.Core.dll [C:\Users\ultra\warewolf\Dev\Dev2.Intellisense\Dev2.Intellisense.csproj]
C:\Program Files\dotnet\sdk\10.0.201\Microsoft.Common.CurrentVersion.targets(2451,5): warning MSB3277:         C:\Users\ultra\warewolf\Dev\Dev2.Development.Languages\bin\Debug\net8.0\IronRuby.Libraries.dll [C:\Users\ultra\warewolf\Dev\Dev2.Intellisense\Dev2.Intellisense.csproj]
C:\Program Files\dotnet\sdk\10.0.201\Microsoft.Common.CurrentVersion.targets(2451,5): warning MSB3277:           Project file item includes which caused reference "C:\Users\ultra\warewolf\Dev\Dev2.Development.Languages\bin\Debug\net8.0\IronRuby.Libraries.dll". [C:\Users\ultra\warewolf\Dev\Dev2.Intellisense\Dev2.Intellisense.csproj]
C:\Program Files\dotnet\sdk\10.0.201\Microsoft.Common.CurrentVersion.targets(2451,5): warning MSB3277:             C:\Users\ultra\warewolf\Dev\Dev2.Development.Languages\bin\Debug\net8.0\Dev2.Development.Languages.dll [C:\Users\ultra\warewolf\Dev\Dev2.Intellisense\Dev2.Intellisense.csproj]
C:\Program Files\dotnet\sdk\10.0.201\Microsoft.Common.CurrentVersion.targets(2451,5): warning MSB3277:             C:\Users\ultra\warewolf\Dev\Dev2.Activities\bin\Debug\net8.0\Dev2.Activities.dll [C:\Users\ultra\warewolf\Dev\Dev2.Intellisense\Dev2.Intellisense.csproj]
C:\Program Files\dotnet\sdk\10.0.201\Microsoft.Common.CurrentVersion.targets(2451,5): warning MSB3277:             C:\Users\ultra\warewolf\Dev\Dev2.Studio.Core\bin\Debug\net8.0\Dev2.Studio.Core.dll [C:\Users\ultra\warewolf\Dev\Dev2.Intellisense\Dev2.Intellisense.csproj]
C:\Program Files\dotnet\sdk\10.0.201\Microsoft.Common.CurrentVersion.targets(2451,5): warning MSB3277:         C:\Users\ultra\warewolf\Dev\Binaries\Infragistcs_Net6\InfragisticsWPF4.DataVisualization.v15.1.dll [C:\Users\ultra\warewolf\Dev\Dev2.Intellisense\Dev2.Intellisense.csproj]
C:\Program Files\dotnet\sdk\10.0.201\Microsoft.Common.CurrentVersion.targets(2451,5): warning MSB3277:           Project file item includes which caused reference "C:\Users\ultra\warewolf\Dev\Binaries\Infragistcs_Net6\InfragisticsWPF4.DataVisualization.v15.1.dll". [C:\Users\ultra\warewolf\Dev\Dev2.Intellisense\Dev2.Intellisense.csproj]
C:\Program Files\dotnet\sdk\10.0.201\Microsoft.Common.CurrentVersion.targets(2451,5): warning MSB3277:             InfragisticsWPF4.Math.Calculators.v15.1, Version=15.1.20151.2055, Culture=neutral, PublicKeyToken=7dd5c3163f2cd0cb, processorArchitecture=MSIL [C:\Users\ultra\warewolf\Dev\Dev2.Intellisense\Dev2.Intellisense.csproj]
C:\Program Files\dotnet\sdk\10.0.201\Microsoft.Common.CurrentVersion.targets(2451,5): warning MSB3277: Found conflicts between different versions of "WindowsBase" that could not be resolved. [C:\Users\ultra\warewolf\Dev\Dev2.Intellisense\Dev2.Intellisense.csproj]
C:\Program Files\dotnet\sdk\10.0.201\Microsoft.Common.CurrentVersion.targets(2451,5): warning MSB3277: There was a conflict between "WindowsBase, Version=4.0.0.0, Culture=neutral, PublicKeyToken=31bf3856ad364e35" and "WindowsBase, Version=6.0.2.0, Culture=neutral, PublicKeyToken=31bf3856ad364e35". [C:\Users\ultra\warewolf\Dev\Dev2.Intellisense\Dev2.Intellisense.csproj]
C:\Program Files\dotnet\sdk\10.0.201\Microsoft.Common.CurrentVersion.targets(2451,5): warning MSB3277:     "WindowsBase, Version=4.0.0.0, Culture=neutral, PublicKeyToken=31bf3856ad364e35" was chosen because it was primary and "WindowsBase, Version=6.0.2.0, Culture=neutral, PublicKeyToken=31bf3856ad364e35" was not. [C:\Users\ultra\warewolf\Dev\Dev2.Intellisense\Dev2.Intellisense.csproj]
C:\Program Files\dotnet\sdk\10.0.201\Microsoft.Common.CurrentVersion.targets(2451,5): warning MSB3277:     References which depend on "WindowsBase, Version=4.0.0.0, Culture=neutral, PublicKeyToken=31bf3856ad364e35" [C:\Program Files\dotnet\packs\Microsoft.NETCore.App.Ref\8.0.25\ref\net8.0\WindowsBase.dll]. [C:\Users\ultra\warewolf\Dev\Dev2.Intellisense\Dev2.Intellisense.csproj]
C:\Program Files\dotnet\sdk\10.0.201\Microsoft.Common.CurrentVersion.targets(2451,5): warning MSB3277:         C:\Program Files\dotnet\packs\Microsoft.NETCore.App.Ref\8.0.25\ref\net8.0\WindowsBase.dll [C:\Users\ultra\warewolf\Dev\Dev2.Intellisense\Dev2.Intellisense.csproj]
C:\Program Files\dotnet\sdk\10.0.201\Microsoft.Common.CurrentVersion.targets(2451,5): warning MSB3277:           Project file item includes which caused reference "C:\Program Files\dotnet\packs\Microsoft.NETCore.App.Ref\8.0.25\ref\net8.0\WindowsBase.dll". [C:\Users\ultra\warewolf\Dev\Dev2.Intellisense\Dev2.Intellisense.csproj]
C:\Program Files\dotnet\sdk\10.0.201\Microsoft.Common.CurrentVersion.targets(2451,5): warning MSB3277:             C:\Program Files\dotnet\packs\Microsoft.NETCore.App.Ref\8.0.25\ref/net8.0/WindowsBase.dll [C:\Users\ultra\warewolf\Dev\Dev2.Intellisense\Dev2.Intellisense.csproj]
C:\Program Files\dotnet\sdk\10.0.201\Microsoft.Common.CurrentVersion.targets(2451,5): warning MSB3277:     References which depend on or have been unified to "WindowsBase, Version=6.0.2.0, Culture=neutral, PublicKeyToken=31bf3856ad364e35" []. [C:\Users\ultra\warewolf\Dev\Dev2.Intellisense\Dev2.Intellisense.csproj]
C:\Program Files\dotnet\sdk\10.0.201\Microsoft.Common.CurrentVersion.targets(2451,5): warning MSB3277:         C:\Users\ultra\warewolf\Dev\Binaries\Infragistcs_Net6\Infragistics.Calculations.dll [C:\Users\ultra\warewolf\Dev\Dev2.Intellisense\Dev2.Intellisense.csproj]
C:\Program Files\dotnet\sdk\10.0.201\Microsoft.Common.CurrentVersion.targets(2451,5): warning MSB3277:           Project file item includes which caused reference "C:\Users\ultra\warewolf\Dev\Binaries\Infragistcs_Net6\Infragistics.Calculations.dll". [C:\Users\ultra\warewolf\Dev\Dev2.Intellisense\Dev2.Intellisense.csproj]
C:\Program Files\dotnet\sdk\10.0.201\Microsoft.Common.CurrentVersion.targets(2451,5): warning MSB3277:             CalculationManager.WPF [C:\Users\ultra\warewolf\Dev\Dev2.Intellisense\Dev2.Intellisense.csproj]
C:\Program Files\dotnet\sdk\10.0.201\Microsoft.Common.CurrentVersion.targets(2451,5): warning MSB3277:         C:\Users\ultra\warewolf\Dev\Binaries\Infragistcs_Net6\InfragisticsWPF4.Math.Calculators.v15.1.dll [C:\Users\ultra\warewolf\Dev\Dev2.Intellisense\Dev2.Intellisense.csproj]
C:\Program Files\dotnet\sdk\10.0.201\Microsoft.Common.CurrentVersion.targets(2451,5): warning MSB3277:           Project file item includes which caused reference "C:\Users\ultra\warewolf\Dev\Binaries\Infragistcs_Net6\InfragisticsWPF4.Math.Calculators.v15.1.dll". [C:\Users\ultra\warewolf\Dev\Dev2.Intellisense\Dev2.Intellisense.csproj]
C:\Program Files\dotnet\sdk\10.0.201\Microsoft.Common.CurrentVersion.targets(2451,5): warning MSB3277:             InfragisticsWPF4.Math.Calculators.v15.1, Version=15.1.20151.2055, Culture=neutral, PublicKeyToken=7dd5c3163f2cd0cb, processorArchitecture=MSIL [C:\Users\ultra\warewolf\Dev\Dev2.Intellisense\Dev2.Intellisense.csproj]
C:\Program Files\dotnet\sdk\10.0.201\Microsoft.Common.CurrentVersion.targets(2451,5): warning MSB3277:         C:\Users\ultra\warewolf\Dev\Binaries\Infragistcs_Net6\InfragisticsWPF4.v15.1.dll [C:\Users\ultra\warewolf\Dev\Dev2.Intellisense\Dev2.Intellisense.csproj]
C:\Program Files\dotnet\sdk\10.0.201\Microsoft.Common.CurrentVersion.targets(2451,5): warning MSB3277:           Project file item includes which caused reference "C:\Users\ultra\warewolf\Dev\Binaries\Infragistcs_Net6\InfragisticsWPF4.v15.1.dll". [C:\Users\ultra\warewolf\Dev\Dev2.Intellisense\Dev2.Intellisense.csproj]
C:\Program Files\dotnet\sdk\10.0.201\Microsoft.Common.CurrentVersion.targets(2451,5): warning MSB3277:             InfragisticsWPF4.v15.1, Version=15.1.20151.2055, Culture=neutral, PublicKeyToken=7dd5c3163f2cd0cb, processorArchitecture=MSIL [C:\Users\ultra\warewolf\Dev\Dev2.Intellisense\Dev2.Intellisense.csproj]
C:\Program Files\dotnet\sdk\10.0.201\Microsoft.Common.CurrentVersion.targets(2451,5): warning MSB3277:             CalculationManager.WPF [C:\Users\ultra\warewolf\Dev\Dev2.Intellisense\Dev2.Intellisense.csproj]
C:\Program Files\dotnet\sdk\10.0.201\Microsoft.Common.CurrentVersion.targets(2451,5): warning MSB3277:             InfragisticsWPF4.Math.Calculators.v15.1, Version=15.1.20151.2055, Culture=neutral, PublicKeyToken=7dd5c3163f2cd0cb, processorArchitecture=MSIL [C:\Users\ultra\warewolf\Dev\Dev2.Intellisense\Dev2.Intellisense.csproj]
C:\Program Files\dotnet\sdk\10.0.201\Microsoft.Common.CurrentVersion.targets(2451,5): warning MSB3277:         C:\Users\ultra\.nuget\packages\caliburn.micro\4.0.212\lib\netcoreapp3.1\Caliburn.Micro.Platform.dll [C:\Users\ultra\warewolf\Dev\Dev2.Intellisense\Dev2.Intellisense.csproj]
C:\Program Files\dotnet\sdk\10.0.201\Microsoft.Common.CurrentVersion.targets(2451,5): warning MSB3277:           Project file item includes which caused reference "C:\Users\ultra\.nuget\packages\caliburn.micro\4.0.212\lib\netcoreapp3.1\Caliburn.Micro.Platform.dll". [C:\Users\ultra\warewolf\Dev\Dev2.Intellisense\Dev2.Intellisense.csproj]
C:\Program Files\dotnet\sdk\10.0.201\Microsoft.Common.CurrentVersion.targets(2451,5): warning MSB3277:             C:\Users\ultra\.nuget\packages\caliburn.micro\4.0.212\lib\netcoreapp3.1\Caliburn.Micro.Platform.dll [C:\Users\ultra\warewolf\Dev\Dev2.Intellisense\Dev2.Intellisense.csproj]
C:\Program Files\dotnet\sdk\10.0.201\Microsoft.Common.CurrentVersion.targets(2451,5): warning MSB3277:         C:\Users\ultra\.nuget\packages\ironpython\3.4.0\lib\net6.0\IronPython.Wpf.dll [C:\Users\ultra\warewolf\Dev\Dev2.Intellisense\Dev2.Intellisense.csproj]
C:\Program Files\dotnet\sdk\10.0.201\Microsoft.Common.CurrentVersion.targets(2451,5): warning MSB3277:           Project file item includes which caused reference "C:\Users\ultra\.nuget\packages\ironpython\3.4.0\lib\net6.0\IronPython.Wpf.dll". [C:\Users\ultra\warewolf\Dev\Dev2.Intellisense\Dev2.Intellisense.csproj]
C:\Program Files\dotnet\sdk\10.0.201\Microsoft.Common.CurrentVersion.targets(2451,5): warning MSB3277:             C:\Users\ultra\.nuget\packages\ironpython\3.4.0\lib\net6.0\IronPython.Wpf.dll [C:\Users\ultra\warewolf\Dev\Dev2.Intellisense\Dev2.Intellisense.csproj]
C:\Program Files\dotnet\sdk\10.0.201\Microsoft.Common.CurrentVersion.targets(2451,5): warning MSB3277:         C:\Users\ultra\.nuget\packages\microsoft.xaml.behaviors.wpf\1.1.122\lib\net462\Microsoft.Xaml.Behaviors.dll [C:\Users\ultra\warewolf\Dev\Dev2.Intellisense\Dev2.Intellisense.csproj]
C:\Program Files\dotnet\sdk\10.0.201\Microsoft.Common.CurrentVersion.targets(2451,5): warning MSB3277:           Project file item includes which caused reference "C:\Users\ultra\.nuget\packages\microsoft.xaml.behaviors.wpf\1.1.122\lib\net462\Microsoft.Xaml.Behaviors.dll". [C:\Users\ultra\warewolf\Dev\Dev2.Intellisense\Dev2.Intellisense.csproj]
C:\Program Files\dotnet\sdk\10.0.201\Microsoft.Common.CurrentVersion.targets(2451,5): warning MSB3277:             C:\Users\ultra\.nuget\packages\microsoft.xaml.behaviors.wpf\1.1.122\lib\net462\Microsoft.Xaml.Behaviors.dll [C:\Users\ultra\warewolf\Dev\Dev2.Intellisense\Dev2.Intellisense.csproj]
C:\Program Files\dotnet\sdk\10.0.201\Microsoft.Common.CurrentVersion.targets(2451,5): warning MSB3277:             C:\Users\ultra\.nuget\packages\caliburn.micro\4.0.212\lib\netcoreapp3.1\Caliburn.Micro.Platform.dll [C:\Users\ultra\warewolf\Dev\Dev2.Intellisense\Dev2.Intellisense.csproj]
C:\Program Files\dotnet\sdk\10.0.201\Microsoft.Common.CurrentVersion.targets(2451,5): warning MSB3277:             C:\Users\ultra\.nuget\packages\prism.wpf\9.0.537\lib\net462\Prism.Wpf.dll [C:\Users\ultra\warewolf\Dev\Dev2.Intellisense\Dev2.Intellisense.csproj]
C:\Program Files\dotnet\sdk\10.0.201\Microsoft.Common.CurrentVersion.targets(2451,5): warning MSB3277:         C:\Users\ultra\.nuget\packages\prism.wpf\9.0.537\lib\net462\Prism.Wpf.dll [C:\Users\ultra\warewolf\Dev\Dev2.Intellisense\Dev2.Intellisense.csproj]
C:\Program Files\dotnet\sdk\10.0.201\Microsoft.Common.CurrentVersion.targets(2451,5): warning MSB3277:           Project file item includes which caused reference "C:\Users\ultra\.nuget\packages\prism.wpf\9.0.537\lib\net462\Prism.Wpf.dll". [C:\Users\ultra\warewolf\Dev\Dev2.Intellisense\Dev2.Intellisense.csproj]
C:\Program Files\dotnet\sdk\10.0.201\Microsoft.Common.CurrentVersion.targets(2451,5): warning MSB3277:             C:\Users\ultra\.nuget\packages\prism.wpf\9.0.537\lib\net462\Prism.Wpf.dll [C:\Users\ultra\warewolf\Dev\Dev2.Intellisense\Dev2.Intellisense.csproj]
C:\Program Files\dotnet\sdk\10.0.201\Microsoft.Common.CurrentVersion.targets(2451,5): warning MSB3277:         C:\Users\ultra\.nuget\packages\reactiveui.wpf\18.4.1\lib\net462\ReactiveUI.Wpf.dll [C:\Users\ultra\warewolf\Dev\Dev2.Intellisense\Dev2.Intellisense.csproj]
C:\Program Files\dotnet\sdk\10.0.201\Microsoft.Common.CurrentVersion.targets(2451,5): warning MSB3277:           Project file item includes which caused reference "C:\Users\ultra\.nuget\packages\reactiveui.wpf\18.4.1\lib\net462\ReactiveUI.Wpf.dll". [C:\Users\ultra\warewolf\Dev\Dev2.Intellisense\Dev2.Intellisense.csproj]
C:\Program Files\dotnet\sdk\10.0.201\Microsoft.Common.CurrentVersion.targets(2451,5): warning MSB3277:             C:\Users\ultra\.nuget\packages\reactiveui.wpf\18.4.1\lib\net462\ReactiveUI.Wpf.dll [C:\Users\ultra\warewolf\Dev\Dev2.Intellisense\Dev2.Intellisense.csproj]
C:\Program Files\dotnet\sdk\10.0.201\Microsoft.Common.CurrentVersion.targets(2451,5): warning MSB3277:         C:\Users\ultra\warewolf\Dev\Binaries\Infragistcs_Net6\InfragisticsWPF4.DataVisualization.v15.1.dll [C:\Users\ultra\warewolf\Dev\Dev2.Intellisense\Dev2.Intellisense.csproj]
C:\Program Files\dotnet\sdk\10.0.201\Microsoft.Common.CurrentVersion.targets(2451,5): warning MSB3277:           Project file item includes which caused reference "C:\Users\ultra\warewolf\Dev\Binaries\Infragistcs_Net6\InfragisticsWPF4.DataVisualization.v15.1.dll". [C:\Users\ultra\warewolf\Dev\Dev2.Intellisense\Dev2.Intellisense.csproj]
C:\Program Files\dotnet\sdk\10.0.201\Microsoft.Common.CurrentVersion.targets(2451,5): warning MSB3277:             InfragisticsWPF4.Math.Calculators.v15.1, Version=15.1.20151.2055, Culture=neutral, PublicKeyToken=7dd5c3163f2cd0cb, processorArchitecture=MSIL [C:\Users\ultra\warewolf\Dev\Dev2.Intellisense\Dev2.Intellisense.csproj]
  Warewolf.Common.Framework48 -> C:\Users\ultra\warewolf\Dev\Warewolf.Common.Framework48\bin\Debug\net8.0\Warewolf.Common.Framework48.dll
C:\Program Files\dotnet\sdk\10.0.201\Microsoft.Common.CurrentVersion.targets(2451,5): warning MSB3245: Could not resolve this reference. Could not locate the assembly "System.Web". Check to make sure the assembly exists on disk. If this reference is required by your code, you may get compilation errors. [C:\Users\ultra\warewolf\Dev\Dev2.Runtime.WebServer\Dev2.Runtime.WebServer.csproj]
  Dev2.Intellisense -> C:\Users\ultra\warewolf\Dev\Dev2.Intellisense\bin\Debug\net8.0\Dev2.Intellisense.dll
C:\Program Files\dotnet\sdk\10.0.201\Microsoft.Common.CurrentVersion.targets(2451,5): warning MSB3243: No way to resolve conflict between "System.Web, Version=4.0.0.0, Culture=neutral, PublicKeyToken=b03f5f7f11d50a3a" and "System.Web". Choosing "System.Web, Version=4.0.0.0, Culture=neutral, PublicKeyToken=b03f5f7f11d50a3a" arbitrarily. [C:\Users\ultra\warewolf\Dev\Dev2.Runtime.WebServer\Dev2.Runtime.WebServer.csproj]
C:\Program Files\dotnet\sdk\10.0.201\Microsoft.Common.CurrentVersion.targets(2451,5): warning MSB3277: Found conflicts between different versions of "WindowsBase" that could not be resolved. [C:\Users\ultra\warewolf\Dev\Dev2.Runtime.WebServer\Dev2.Runtime.WebServer.csproj]
C:\Program Files\dotnet\sdk\10.0.201\Microsoft.Common.CurrentVersion.targets(2451,5): warning MSB3277: There was a conflict between "WindowsBase, Version=4.0.0.0, Culture=neutral, PublicKeyToken=31bf3856ad364e35" and "WindowsBase, Version=6.0.2.0, Culture=neutral, PublicKeyToken=31bf3856ad364e35". [C:\Users\ultra\warewolf\Dev\Dev2.Runtime.WebServer\Dev2.Runtime.WebServer.csproj]
C:\Program Files\dotnet\sdk\10.0.201\Microsoft.Common.CurrentVersion.targets(2451,5): warning MSB3277:     "WindowsBase, Version=4.0.0.0, Culture=neutral, PublicKeyToken=31bf3856ad364e35" was chosen because it was primary and "WindowsBase, Version=6.0.2.0, Culture=neutral, PublicKeyToken=31bf3856ad364e35" was not. [C:\Users\ultra\warewolf\Dev\Dev2.Runtime.WebServer\Dev2.Runtime.WebServer.csproj]
C:\Program Files\dotnet\sdk\10.0.201\Microsoft.Common.CurrentVersion.targets(2451,5): warning MSB3277:     References which depend on "WindowsBase, Version=4.0.0.0, Culture=neutral, PublicKeyToken=31bf3856ad364e35" [C:\Program Files\dotnet\packs\Microsoft.NETCore.App.Ref\8.0.25\ref\net8.0\WindowsBase.dll]. [C:\Users\ultra\warewolf\Dev\Dev2.Runtime.WebServer\Dev2.Runtime.WebServer.csproj]
C:\Program Files\dotnet\sdk\10.0.201\Microsoft.Common.CurrentVersion.targets(2451,5): warning MSB3277:         C:\Program Files\dotnet\packs\Microsoft.NETCore.App.Ref\8.0.25\ref\net8.0\WindowsBase.dll [C:\Users\ultra\warewolf\Dev\Dev2.Runtime.WebServer\Dev2.Runtime.WebServer.csproj]
C:\Program Files\dotnet\sdk\10.0.201\Microsoft.Common.CurrentVersion.targets(2451,5): warning MSB3277:           Project file item includes which caused reference "C:\Program Files\dotnet\packs\Microsoft.NETCore.App.Ref\8.0.25\ref\net8.0\WindowsBase.dll". [C:\Users\ultra\warewolf\Dev\Dev2.Runtime.WebServer\Dev2.Runtime.WebServer.csproj]
C:\Program Files\dotnet\sdk\10.0.201\Microsoft.Common.CurrentVersion.targets(2451,5): warning MSB3277:             C:\Program Files\dotnet\packs\Microsoft.NETCore.App.Ref\8.0.25\ref/net8.0/WindowsBase.dll [C:\Users\ultra\warewolf\Dev\Dev2.Runtime.WebServer\Dev2.Runtime.WebServer.csproj]
C:\Program Files\dotnet\sdk\10.0.201\Microsoft.Common.CurrentVersion.targets(2451,5): warning MSB3277:     References which depend on or have been unified to "WindowsBase, Version=6.0.2.0, Culture=neutral, PublicKeyToken=31bf3856ad364e35" []. [C:\Users\ultra\warewolf\Dev\Dev2.Runtime.WebServer\Dev2.Runtime.WebServer.csproj]
C:\Program Files\dotnet\sdk\10.0.201\Microsoft.Common.CurrentVersion.targets(2451,5): warning MSB3277:         C:\Users\ultra\.nuget\packages\caliburn.micro\4.0.212\lib\netcoreapp3.1\Caliburn.Micro.Platform.dll [C:\Users\ultra\warewolf\Dev\Dev2.Runtime.WebServer\Dev2.Runtime.WebServer.csproj]
C:\Program Files\dotnet\sdk\10.0.201\Microsoft.Common.CurrentVersion.targets(2451,5): warning MSB3277:           Project file item includes which caused reference "C:\Users\ultra\.nuget\packages\caliburn.micro\4.0.212\lib\netcoreapp3.1\Caliburn.Micro.Platform.dll". [C:\Users\ultra\warewolf\Dev\Dev2.Runtime.WebServer\Dev2.Runtime.WebServer.csproj]
C:\Program Files\dotnet\sdk\10.0.201\Microsoft.Common.CurrentVersion.targets(2451,5): warning MSB3277:             C:\Users\ultra\.nuget\packages\caliburn.micro\4.0.212\lib\netcoreapp3.1\Caliburn.Micro.Platform.dll [C:\Users\ultra\warewolf\Dev\Dev2.Runtime.WebServer\Dev2.Runtime.WebServer.csproj]
C:\Program Files\dotnet\sdk\10.0.201\Microsoft.Common.CurrentVersion.targets(2451,5): warning MSB3277:         C:\Users\ultra\.nuget\packages\ironpython\3.4.0\lib\net6.0\IronPython.Wpf.dll [C:\Users\ultra\warewolf\Dev\Dev2.Runtime.WebServer\Dev2.Runtime.WebServer.csproj]
C:\Program Files\dotnet\sdk\10.0.201\Microsoft.Common.CurrentVersion.targets(2451,5): warning MSB3277:           Project file item includes which caused reference "C:\Users\ultra\.nuget\packages\ironpython\3.4.0\lib\net6.0\IronPython.Wpf.dll". [C:\Users\ultra\warewolf\Dev\Dev2.Runtime.WebServer\Dev2.Runtime.WebServer.csproj]
C:\Program Files\dotnet\sdk\10.0.201\Microsoft.Common.CurrentVersion.targets(2451,5): warning MSB3277:             C:\Users\ultra\.nuget\packages\ironpython\3.4.0\lib\net6.0\IronPython.Wpf.dll [C:\Users\ultra\warewolf\Dev\Dev2.Runtime.WebServer\Dev2.Runtime.WebServer.csproj]
C:\Program Files\dotnet\sdk\10.0.201\Microsoft.Common.CurrentVersion.targets(2451,5): warning MSB3277:         C:\Users\ultra\.nuget\packages\microsoft.xaml.behaviors.wpf\1.1.122\lib\net462\Microsoft.Xaml.Behaviors.dll [C:\Users\ultra\warewolf\Dev\Dev2.Runtime.WebServer\Dev2.Runtime.WebServer.csproj]
C:\Program Files\dotnet\sdk\10.0.201\Microsoft.Common.CurrentVersion.targets(2451,5): warning MSB3277:           Project file item includes which caused reference "C:\Users\ultra\.nuget\packages\microsoft.xaml.behaviors.wpf\1.1.122\lib\net462\Microsoft.Xaml.Behaviors.dll". [C:\Users\ultra\warewolf\Dev\Dev2.Runtime.WebServer\Dev2.Runtime.WebServer.csproj]
C:\Program Files\dotnet\sdk\10.0.201\Microsoft.Common.CurrentVersion.targets(2451,5): warning MSB3277:             C:\Users\ultra\.nuget\packages\microsoft.xaml.behaviors.wpf\1.1.122\lib\net462\Microsoft.Xaml.Behaviors.dll [C:\Users\ultra\warewolf\Dev\Dev2.Runtime.WebServer\Dev2.Runtime.WebServer.csproj]
C:\Program Files\dotnet\sdk\10.0.201\Microsoft.Common.CurrentVersion.targets(2451,5): warning MSB3277:             C:\Users\ultra\.nuget\packages\caliburn.micro\4.0.212\lib\netcoreapp3.1\Caliburn.Micro.Platform.dll [C:\Users\ultra\warewolf\Dev\Dev2.Runtime.WebServer\Dev2.Runtime.WebServer.csproj]
C:\Program Files\dotnet\sdk\10.0.201\Microsoft.Common.CurrentVersion.targets(2451,5): warning MSB3277:             C:\Users\ultra\.nuget\packages\prism.wpf\9.0.537\lib\net462\Prism.Wpf.dll [C:\Users\ultra\warewolf\Dev\Dev2.Runtime.WebServer\Dev2.Runtime.WebServer.csproj]
C:\Program Files\dotnet\sdk\10.0.201\Microsoft.Common.CurrentVersion.targets(2451,5): warning MSB3277:         C:\Users\ultra\.nuget\packages\prism.wpf\9.0.537\lib\net462\Prism.Wpf.dll [C:\Users\ultra\warewolf\Dev\Dev2.Runtime.WebServer\Dev2.Runtime.WebServer.csproj]
C:\Program Files\dotnet\sdk\10.0.201\Microsoft.Common.CurrentVersion.targets(2451,5): warning MSB3277:           Project file item includes which caused reference "C:\Users\ultra\.nuget\packages\prism.wpf\9.0.537\lib\net462\Prism.Wpf.dll". [C:\Users\ultra\warewolf\Dev\Dev2.Runtime.WebServer\Dev2.Runtime.WebServer.csproj]
C:\Program Files\dotnet\sdk\10.0.201\Microsoft.Common.CurrentVersion.targets(2451,5): warning MSB3277:             C:\Users\ultra\.nuget\packages\prism.wpf\9.0.537\lib\net462\Prism.Wpf.dll [C:\Users\ultra\warewolf\Dev\Dev2.Runtime.WebServer\Dev2.Runtime.WebServer.csproj]
C:\Program Files\dotnet\sdk\10.0.201\Microsoft.Common.CurrentVersion.targets(2451,5): warning MSB3277:         C:\Users\ultra\.nuget\packages\reactiveui.wpf\18.4.1\lib\net462\ReactiveUI.Wpf.dll [C:\Users\ultra\warewolf\Dev\Dev2.Runtime.WebServer\Dev2.Runtime.WebServer.csproj]
C:\Program Files\dotnet\sdk\10.0.201\Microsoft.Common.CurrentVersion.targets(2451,5): warning MSB3277:           Project file item includes which caused reference "C:\Users\ultra\.nuget\packages\reactiveui.wpf\18.4.1\lib\net462\ReactiveUI.Wpf.dll". [C:\Users\ultra\warewolf\Dev\Dev2.Runtime.WebServer\Dev2.Runtime.WebServer.csproj]
C:\Program Files\dotnet\sdk\10.0.201\Microsoft.Common.CurrentVersion.targets(2451,5): warning MSB3277:             C:\Users\ultra\.nuget\packages\reactiveui.wpf\18.4.1\lib\net462\ReactiveUI.Wpf.dll [C:\Users\ultra\warewolf\Dev\Dev2.Runtime.WebServer\Dev2.Runtime.WebServer.csproj]
C:\Program Files\dotnet\sdk\10.0.201\Microsoft.Common.CurrentVersion.targets(2451,5): warning MSB3277: Found conflicts between different versions of "WindowsBase" that could not be resolved. [C:\Users\ultra\warewolf\Dev\Warewolf.MergeParser\Warewolf.MergeParser.csproj]
C:\Program Files\dotnet\sdk\10.0.201\Microsoft.Common.CurrentVersion.targets(2451,5): warning MSB3277: There was a conflict between "WindowsBase, Version=4.0.0.0, Culture=neutral, PublicKeyToken=31bf3856ad364e35" and "WindowsBase, Version=6.0.2.0, Culture=neutral, PublicKeyToken=31bf3856ad364e35". [C:\Users\ultra\warewolf\Dev\Warewolf.MergeParser\Warewolf.MergeParser.csproj]
C:\Program Files\dotnet\sdk\10.0.201\Microsoft.Common.CurrentVersion.targets(2451,5): warning MSB3277:     "WindowsBase, Version=4.0.0.0, Culture=neutral, PublicKeyToken=31bf3856ad364e35" was chosen because it was primary and "WindowsBase, Version=6.0.2.0, Culture=neutral, PublicKeyToken=31bf3856ad364e35" was not. [C:\Users\ultra\warewolf\Dev\Warewolf.MergeParser\Warewolf.MergeParser.csproj]
C:\Program Files\dotnet\sdk\10.0.201\Microsoft.Common.CurrentVersion.targets(2451,5): warning MSB3277:     References which depend on "WindowsBase, Version=4.0.0.0, Culture=neutral, PublicKeyToken=31bf3856ad364e35" [C:\Program Files\dotnet\packs\Microsoft.NETCore.App.Ref\8.0.25\ref\net8.0\WindowsBase.dll]. [C:\Users\ultra\warewolf\Dev\Warewolf.MergeParser\Warewolf.MergeParser.csproj]
C:\Program Files\dotnet\sdk\10.0.201\Microsoft.Common.CurrentVersion.targets(2451,5): warning MSB3277:         C:\Program Files\dotnet\packs\Microsoft.NETCore.App.Ref\8.0.25\ref\net8.0\WindowsBase.dll [C:\Users\ultra\warewolf\Dev\Warewolf.MergeParser\Warewolf.MergeParser.csproj]
C:\Program Files\dotnet\sdk\10.0.201\Microsoft.Common.CurrentVersion.targets(2451,5): warning MSB3277:           Project file item includes which caused reference "C:\Program Files\dotnet\packs\Microsoft.NETCore.App.Ref\8.0.25\ref\net8.0\WindowsBase.dll". [C:\Users\ultra\warewolf\Dev\Warewolf.MergeParser\Warewolf.MergeParser.csproj]
C:\Program Files\dotnet\sdk\10.0.201\Microsoft.Common.CurrentVersion.targets(2451,5): warning MSB3277:             C:\Program Files\dotnet\packs\Microsoft.NETCore.App.Ref\8.0.25\ref/net8.0/WindowsBase.dll [C:\Users\ultra\warewolf\Dev\Warewolf.MergeParser\Warewolf.MergeParser.csproj]
C:\Program Files\dotnet\sdk\10.0.201\Microsoft.Common.CurrentVersion.targets(2451,5): warning MSB3277:     References which depend on or have been unified to "WindowsBase, Version=6.0.2.0, Culture=neutral, PublicKeyToken=31bf3856ad364e35" []. [C:\Users\ultra\warewolf\Dev\Warewolf.MergeParser\Warewolf.MergeParser.csproj]
C:\Program Files\dotnet\sdk\10.0.201\Microsoft.Common.CurrentVersion.targets(2451,5): warning MSB3277:         C:\Users\ultra\.nuget\packages\caliburn.micro\4.0.212\lib\netcoreapp3.1\Caliburn.Micro.Platform.dll [C:\Users\ultra\warewolf\Dev\Warewolf.MergeParser\Warewolf.MergeParser.csproj]
C:\Program Files\dotnet\sdk\10.0.201\Microsoft.Common.CurrentVersion.targets(2451,5): warning MSB3277:           Project file item includes which caused reference "C:\Users\ultra\.nuget\packages\caliburn.micro\4.0.212\lib\netcoreapp3.1\Caliburn.Micro.Platform.dll". [C:\Users\ultra\warewolf\Dev\Warewolf.MergeParser\Warewolf.MergeParser.csproj]
C:\Program Files\dotnet\sdk\10.0.201\Microsoft.Common.CurrentVersion.targets(2451,5): warning MSB3277:             C:\Users\ultra\.nuget\packages\caliburn.micro\4.0.212\lib\netcoreapp3.1\Caliburn.Micro.Platform.dll [C:\Users\ultra\warewolf\Dev\Warewolf.MergeParser\Warewolf.MergeParser.csproj]
C:\Program Files\dotnet\sdk\10.0.201\Microsoft.Common.CurrentVersion.targets(2451,5): warning MSB3277:         C:\Users\ultra\.nuget\packages\ironpython\3.4.0\lib\net6.0\IronPython.Wpf.dll [C:\Users\ultra\warewolf\Dev\Warewolf.MergeParser\Warewolf.MergeParser.csproj]
C:\Program Files\dotnet\sdk\10.0.201\Microsoft.Common.CurrentVersion.targets(2451,5): warning MSB3277:           Project file item includes which caused reference "C:\Users\ultra\.nuget\packages\ironpython\3.4.0\lib\net6.0\IronPython.Wpf.dll". [C:\Users\ultra\warewolf\Dev\Warewolf.MergeParser\Warewolf.MergeParser.csproj]
C:\Program Files\dotnet\sdk\10.0.201\Microsoft.Common.CurrentVersion.targets(2451,5): warning MSB3277:             C:\Users\ultra\.nuget\packages\ironpython\3.4.0\lib\net6.0\IronPython.Wpf.dll [C:\Users\ultra\warewolf\Dev\Warewolf.MergeParser\Warewolf.MergeParser.csproj]
C:\Program Files\dotnet\sdk\10.0.201\Microsoft.Common.CurrentVersion.targets(2451,5): warning MSB3277:         C:\Users\ultra\.nuget\packages\microsoft.xaml.behaviors.wpf\1.1.122\lib\net462\Microsoft.Xaml.Behaviors.dll [C:\Users\ultra\warewolf\Dev\Warewolf.MergeParser\Warewolf.MergeParser.csproj]
C:\Program Files\dotnet\sdk\10.0.201\Microsoft.Common.CurrentVersion.targets(2451,5): warning MSB3277:           Project file item includes which caused reference "C:\Users\ultra\.nuget\packages\microsoft.xaml.behaviors.wpf\1.1.122\lib\net462\Microsoft.Xaml.Behaviors.dll". [C:\Users\ultra\warewolf\Dev\Warewolf.MergeParser\Warewolf.MergeParser.csproj]
C:\Program Files\dotnet\sdk\10.0.201\Microsoft.Common.CurrentVersion.targets(2451,5): warning MSB3277:             C:\Users\ultra\.nuget\packages\microsoft.xaml.behaviors.wpf\1.1.122\lib\net462\Microsoft.Xaml.Behaviors.dll [C:\Users\ultra\warewolf\Dev\Warewolf.MergeParser\Warewolf.MergeParser.csproj]
C:\Program Files\dotnet\sdk\10.0.201\Microsoft.Common.CurrentVersion.targets(2451,5): warning MSB3277:             C:\Users\ultra\.nuget\packages\caliburn.micro\4.0.212\lib\netcoreapp3.1\Caliburn.Micro.Platform.dll [C:\Users\ultra\warewolf\Dev\Warewolf.MergeParser\Warewolf.MergeParser.csproj]
C:\Program Files\dotnet\sdk\10.0.201\Microsoft.Common.CurrentVersion.targets(2451,5): warning MSB3277:             C:\Users\ultra\.nuget\packages\prism.wpf\9.0.537\lib\net462\Prism.Wpf.dll [C:\Users\ultra\warewolf\Dev\Warewolf.MergeParser\Warewolf.MergeParser.csproj]
C:\Program Files\dotnet\sdk\10.0.201\Microsoft.Common.CurrentVersion.targets(2451,5): warning MSB3277:         C:\Users\ultra\.nuget\packages\prism.wpf\9.0.537\lib\net462\Prism.Wpf.dll [C:\Users\ultra\warewolf\Dev\Warewolf.MergeParser\Warewolf.MergeParser.csproj]
C:\Program Files\dotnet\sdk\10.0.201\Microsoft.Common.CurrentVersion.targets(2451,5): warning MSB3277:           Project file item includes which caused reference "C:\Users\ultra\.nuget\packages\prism.wpf\9.0.537\lib\net462\Prism.Wpf.dll". [C:\Users\ultra\warewolf\Dev\Warewolf.MergeParser\Warewolf.MergeParser.csproj]
C:\Program Files\dotnet\sdk\10.0.201\Microsoft.Common.CurrentVersion.targets(2451,5): warning MSB3277:             C:\Users\ultra\.nuget\packages\prism.wpf\9.0.537\lib\net462\Prism.Wpf.dll [C:\Users\ultra\warewolf\Dev\Warewolf.MergeParser\Warewolf.MergeParser.csproj]
C:\Program Files\dotnet\sdk\10.0.201\Microsoft.Common.CurrentVersion.targets(2451,5): warning MSB3277:         C:\Users\ultra\.nuget\packages\reactiveui.wpf\18.4.1\lib\net462\ReactiveUI.Wpf.dll [C:\Users\ultra\warewolf\Dev\Warewolf.MergeParser\Warewolf.MergeParser.csproj]
C:\Program Files\dotnet\sdk\10.0.201\Microsoft.Common.CurrentVersion.targets(2451,5): warning MSB3277:           Project file item includes which caused reference "C:\Users\ultra\.nuget\packages\reactiveui.wpf\18.4.1\lib\net462\ReactiveUI.Wpf.dll". [C:\Users\ultra\warewolf\Dev\Warewolf.MergeParser\Warewolf.MergeParser.csproj]
C:\Program Files\dotnet\sdk\10.0.201\Microsoft.Common.CurrentVersion.targets(2451,5): warning MSB3277:             C:\Users\ultra\.nuget\packages\reactiveui.wpf\18.4.1\lib\net462\ReactiveUI.Wpf.dll [C:\Users\ultra\warewolf\Dev\Warewolf.MergeParser\Warewolf.MergeParser.csproj]
  Warewolf.Logger -> C:\Users\ultra\warewolf\Dev\Warewolf.Logger\bin\Debug\net8.0\linux-x64\WarewolfLogger.dll
  Warewolf.MergeParser -> C:\Users\ultra\warewolf\Dev\Warewolf.MergeParser\bin\Debug\net8.0\Warewolf.MergeParser.dll
C:\Users\ultra\warewolf\Dev\Dev2.Runtime.WebServer\AnonymousAuthenticationHandler.cs(15,9): warning CS0618: 'ISystemClock' is obsolete: 'Use TimeProvider instead.' [C:\Users\ultra\warewolf\Dev\Dev2.Runtime.WebServer\Dev2.Runtime.WebServer.csproj]
C:\Users\ultra\warewolf\Dev\Dev2.Runtime.WebServer\BasicAuthenticationHandler.cs(20,13): warning CS0618: 'ISystemClock' is obsolete: 'Use TimeProvider instead.' [C:\Users\ultra\warewolf\Dev\Dev2.Runtime.WebServer\Dev2.Runtime.WebServer.csproj]
C:\Users\ultra\warewolf\Dev\Dev2.Runtime.WebServer\BasicAuthenticationHandler.cs(21,13): warning CS0618: 'AuthenticationHandler<AuthenticationSchemeOptions>.AuthenticationHandler(IOptionsMonitor<AuthenticationSchemeOptions>, ILoggerFactory, UrlEncoder, ISystemClock)' is obsolete: 'ISystemClock is obsolete, use TimeProvider on AuthenticationSchemeOptions instead.' [C:\Users\ultra\warewolf\Dev\Dev2.Runtime.WebServer\Dev2.Runtime.WebServer.csproj]
C:\Users\ultra\warewolf\Dev\Dev2.Runtime.WebServer\AnonymousAuthenticationHandler.cs(16,9): warning CS0618: 'AuthenticationHandler<AuthenticationSchemeOptions>.AuthenticationHandler(IOptionsMonitor<AuthenticationSchemeOptions>, ILoggerFactory, UrlEncoder, ISystemClock)' is obsolete: 'ISystemClock is obsolete, use TimeProvider on AuthenticationSchemeOptions instead.' [C:\Users\ultra\warewolf\Dev\Dev2.Runtime.WebServer\Dev2.Runtime.WebServer.csproj]
C:\Users\ultra\warewolf\Dev\Dev2.Runtime.WebServer\Executor\ExecutionDtoExtensions.cs(119,13): warning CC0105: Use 'var' instead of specifying the type name. (https://code-cracker.github.io/diagnostics/CC0105.html) [C:\Users\ultra\warewolf\Dev\Dev2.Runtime.WebServer\Dev2.Runtime.WebServer.csproj]
C:\Users\ultra\warewolf\Dev\Dev2.Runtime.WebServer\BasicAuthenticationHandler.cs(70,13): warning CC0003: Consider adding an Exception to the catch. (https://code-cracker.github.io/diagnostics/CC0003.html) [C:\Users\ultra\warewolf\Dev\Dev2.Runtime.WebServer\Dev2.Runtime.WebServer.csproj]
C:\Users\ultra\warewolf\Dev\Dev2.Runtime.WebServer\Handlers\GetLogFileServiceHandler.cs(129,21): warning CC0105: Use 'var' instead of specifying the type name. (https://code-cracker.github.io/diagnostics/CC0105.html) [C:\Users\ultra\warewolf\Dev\Dev2.Runtime.WebServer\Dev2.Runtime.WebServer.csproj]
C:\Users\ultra\warewolf\Dev\Dev2.Runtime.WebServer\ServiceTesting\ServiceTestCoverageModelHTMLResultBuilder.cs(138,13): warning CC0105: Use 'var' instead of specifying the type name. (https://code-cracker.github.io/diagnostics/CC0105.html) [C:\Users\ultra\warewolf\Dev\Dev2.Runtime.WebServer\Dev2.Runtime.WebServer.csproj]
C:\Users\ultra\warewolf\Dev\Dev2.Runtime.WebServer\ServiceTesting\ServiceTestCoverageModelHTMLResultBuilder.cs(139,13): warning CC0105: Use 'var' instead of specifying the type name. (https://code-cracker.github.io/diagnostics/CC0105.html) [C:\Users\ultra\warewolf\Dev\Dev2.Runtime.WebServer\Dev2.Runtime.WebServer.csproj]
C:\Users\ultra\warewolf\Dev\Dev2.Runtime.WebServer\ServiceTesting\ServiceTestModelJObjectResultBuilder.cs(101,13): warning CC0105: Use 'var' instead of specifying the type name. (https://code-cracker.github.io/diagnostics/CC0105.html) [C:\Users\ultra\warewolf\Dev\Dev2.Runtime.WebServer\Dev2.Runtime.WebServer.csproj]
C:\Program Files\dotnet\sdk\10.0.201\Microsoft.Common.CurrentVersion.targets(2451,5): warning MSB3277: Found conflicts between different versions of "WindowsBase" that could not be resolved. [C:\Users\ultra\warewolf\Dev\Warewolf.UI\Warewolf.UI.csproj]
C:\Program Files\dotnet\sdk\10.0.201\Microsoft.Common.CurrentVersion.targets(2451,5): warning MSB3277: There was a conflict between "WindowsBase, Version=4.0.0.0, Culture=neutral, PublicKeyToken=31bf3856ad364e35" and "WindowsBase, Version=6.0.2.0, Culture=neutral, PublicKeyToken=31bf3856ad364e35". [C:\Users\ultra\warewolf\Dev\Warewolf.UI\Warewolf.UI.csproj]
C:\Program Files\dotnet\sdk\10.0.201\Microsoft.Common.CurrentVersion.targets(2451,5): warning MSB3277:     "WindowsBase, Version=4.0.0.0, Culture=neutral, PublicKeyToken=31bf3856ad364e35" was chosen because it was primary and "WindowsBase, Version=6.0.2.0, Culture=neutral, PublicKeyToken=31bf3856ad364e35" was not. [C:\Users\ultra\warewolf\Dev\Warewolf.UI\Warewolf.UI.csproj]
C:\Program Files\dotnet\sdk\10.0.201\Microsoft.Common.CurrentVersion.targets(2451,5): warning MSB3277:     References which depend on "WindowsBase, Version=4.0.0.0, Culture=neutral, PublicKeyToken=31bf3856ad364e35" [C:\Program Files\dotnet\packs\Microsoft.NETCore.App.Ref\8.0.25\ref\net8.0\WindowsBase.dll]. [C:\Users\ultra\warewolf\Dev\Warewolf.UI\Warewolf.UI.csproj]
C:\Program Files\dotnet\sdk\10.0.201\Microsoft.Common.CurrentVersion.targets(2451,5): warning MSB3277:         C:\Program Files\dotnet\packs\Microsoft.NETCore.App.Ref\8.0.25\ref\net8.0\WindowsBase.dll [C:\Users\ultra\warewolf\Dev\Warewolf.UI\Warewolf.UI.csproj]
C:\Program Files\dotnet\sdk\10.0.201\Microsoft.Common.CurrentVersion.targets(2451,5): warning MSB3277:           Project file item includes which caused reference "C:\Program Files\dotnet\packs\Microsoft.NETCore.App.Ref\8.0.25\ref\net8.0\WindowsBase.dll". [C:\Users\ultra\warewolf\Dev\Warewolf.UI\Warewolf.UI.csproj]
C:\Program Files\dotnet\sdk\10.0.201\Microsoft.Common.CurrentVersion.targets(2451,5): warning MSB3277:             C:\Program Files\dotnet\packs\Microsoft.NETCore.App.Ref\8.0.25\ref/net8.0/WindowsBase.dll [C:\Users\ultra\warewolf\Dev\Warewolf.UI\Warewolf.UI.csproj]
C:\Program Files\dotnet\sdk\10.0.201\Microsoft.Common.CurrentVersion.targets(2451,5): warning MSB3277:     References which depend on or have been unified to "WindowsBase, Version=6.0.2.0, Culture=neutral, PublicKeyToken=31bf3856ad364e35" []. [C:\Users\ultra\warewolf\Dev\Warewolf.UI\Warewolf.UI.csproj]
C:\Program Files\dotnet\sdk\10.0.201\Microsoft.Common.CurrentVersion.targets(2451,5): warning MSB3277:         C:\Users\ultra\.nuget\packages\caliburn.micro\4.0.212\lib\netcoreapp3.1\Caliburn.Micro.Platform.dll [C:\Users\ultra\warewolf\Dev\Warewolf.UI\Warewolf.UI.csproj]
C:\Program Files\dotnet\sdk\10.0.201\Microsoft.Common.CurrentVersion.targets(2451,5): warning MSB3277:           Project file item includes which caused reference "C:\Users\ultra\.nuget\packages\caliburn.micro\4.0.212\lib\netcoreapp3.1\Caliburn.Micro.Platform.dll". [C:\Users\ultra\warewolf\Dev\Warewolf.UI\Warewolf.UI.csproj]
C:\Program Files\dotnet\sdk\10.0.201\Microsoft.Common.CurrentVersion.targets(2451,5): warning MSB3277:             C:\Users\ultra\.nuget\packages\caliburn.micro\4.0.212\lib\netcoreapp3.1\Caliburn.Micro.Platform.dll [C:\Users\ultra\warewolf\Dev\Warewolf.UI\Warewolf.UI.csproj]
C:\Program Files\dotnet\sdk\10.0.201\Microsoft.Common.CurrentVersion.targets(2451,5): warning MSB3277:         C:\Users\ultra\.nuget\packages\ironpython\3.4.0\lib\net6.0\IronPython.Wpf.dll [C:\Users\ultra\warewolf\Dev\Warewolf.UI\Warewolf.UI.csproj]
C:\Program Files\dotnet\sdk\10.0.201\Microsoft.Common.CurrentVersion.targets(2451,5): warning MSB3277:           Project file item includes which caused reference "C:\Users\ultra\.nuget\packages\ironpython\3.4.0\lib\net6.0\IronPython.Wpf.dll". [C:\Users\ultra\warewolf\Dev\Warewolf.UI\Warewolf.UI.csproj]
C:\Program Files\dotnet\sdk\10.0.201\Microsoft.Common.CurrentVersion.targets(2451,5): warning MSB3277:             C:\Users\ultra\.nuget\packages\ironpython\3.4.0\lib\net6.0\IronPython.Wpf.dll [C:\Users\ultra\warewolf\Dev\Warewolf.UI\Warewolf.UI.csproj]
C:\Program Files\dotnet\sdk\10.0.201\Microsoft.Common.CurrentVersion.targets(2451,5): warning MSB3277:         C:\Users\ultra\.nuget\packages\microsoft.xaml.behaviors.wpf\1.1.122\lib\net462\Microsoft.Xaml.Behaviors.dll [C:\Users\ultra\warewolf\Dev\Warewolf.UI\Warewolf.UI.csproj]
C:\Program Files\dotnet\sdk\10.0.201\Microsoft.Common.CurrentVersion.targets(2451,5): warning MSB3277:           Project file item includes which caused reference "C:\Users\ultra\.nuget\packages\microsoft.xaml.behaviors.wpf\1.1.122\lib\net462\Microsoft.Xaml.Behaviors.dll". [C:\Users\ultra\warewolf\Dev\Warewolf.UI\Warewolf.UI.csproj]
C:\Program Files\dotnet\sdk\10.0.201\Microsoft.Common.CurrentVersion.targets(2451,5): warning MSB3277:             C:\Users\ultra\.nuget\packages\microsoft.xaml.behaviors.wpf\1.1.122\lib\net462\Microsoft.Xaml.Behaviors.dll [C:\Users\ultra\warewolf\Dev\Warewolf.UI\Warewolf.UI.csproj]
C:\Program Files\dotnet\sdk\10.0.201\Microsoft.Common.CurrentVersion.targets(2451,5): warning MSB3277:             C:\Users\ultra\.nuget\packages\caliburn.micro\4.0.212\lib\netcoreapp3.1\Caliburn.Micro.Platform.dll [C:\Users\ultra\warewolf\Dev\Warewolf.UI\Warewolf.UI.csproj]
C:\Program Files\dotnet\sdk\10.0.201\Microsoft.Common.CurrentVersion.targets(2451,5): warning MSB3277:             C:\Users\ultra\.nuget\packages\prism.wpf\9.0.537\lib\net462\Prism.Wpf.dll [C:\Users\ultra\warewolf\Dev\Warewolf.UI\Warewolf.UI.csproj]
C:\Program Files\dotnet\sdk\10.0.201\Microsoft.Common.CurrentVersion.targets(2451,5): warning MSB3277:         C:\Users\ultra\.nuget\packages\prism.wpf\9.0.537\lib\net462\Prism.Wpf.dll [C:\Users\ultra\warewolf\Dev\Warewolf.UI\Warewolf.UI.csproj]
C:\Program Files\dotnet\sdk\10.0.201\Microsoft.Common.CurrentVersion.targets(2451,5): warning MSB3277:           Project file item includes which caused reference "C:\Users\ultra\.nuget\packages\prism.wpf\9.0.537\lib\net462\Prism.Wpf.dll". [C:\Users\ultra\warewolf\Dev\Warewolf.UI\Warewolf.UI.csproj]
C:\Program Files\dotnet\sdk\10.0.201\Microsoft.Common.CurrentVersion.targets(2451,5): warning MSB3277:             C:\Users\ultra\.nuget\packages\prism.wpf\9.0.537\lib\net462\Prism.Wpf.dll [C:\Users\ultra\warewolf\Dev\Warewolf.UI\Warewolf.UI.csproj]
C:\Program Files\dotnet\sdk\10.0.201\Microsoft.Common.CurrentVersion.targets(2451,5): warning MSB3277:         C:\Users\ultra\.nuget\packages\reactiveui.wpf\18.4.1\lib\net462\ReactiveUI.Wpf.dll [C:\Users\ultra\warewolf\Dev\Warewolf.UI\Warewolf.UI.csproj]
C:\Program Files\dotnet\sdk\10.0.201\Microsoft.Common.CurrentVersion.targets(2451,5): warning MSB3277:           Project file item includes which caused reference "C:\Users\ultra\.nuget\packages\reactiveui.wpf\18.4.1\lib\net462\ReactiveUI.Wpf.dll". [C:\Users\ultra\warewolf\Dev\Warewolf.UI\Warewolf.UI.csproj]
C:\Program Files\dotnet\sdk\10.0.201\Microsoft.Common.CurrentVersion.targets(2451,5): warning MSB3277:             C:\Users\ultra\.nuget\packages\reactiveui.wpf\18.4.1\lib\net462\ReactiveUI.Wpf.dll [C:\Users\ultra\warewolf\Dev\Warewolf.UI\Warewolf.UI.csproj]
C:\Program Files\dotnet\sdk\10.0.201\Microsoft.Common.CurrentVersion.targets(2451,5): warning MSB3277: Found conflicts between different versions of "Microsoft.Win32.SystemEvents" that could not be resolved. [C:\Users\ultra\warewolf\Dev\Warewolf.Studio.CustomControls\Warewolf.Studio.CustomControls.csproj]
C:\Program Files\dotnet\sdk\10.0.201\Microsoft.Common.CurrentVersion.targets(2451,5): warning MSB3277: There was a conflict between "Microsoft.Win32.SystemEvents, Version=6.0.0.0, Culture=neutral, PublicKeyToken=cc7b13ffcd2ddd51" and "Microsoft.Win32.SystemEvents, Version=7.0.0.0, Culture=neutral, PublicKeyToken=cc7b13ffcd2ddd51". [C:\Users\ultra\warewolf\Dev\Warewolf.Studio.CustomControls\Warewolf.Studio.CustomControls.csproj]
C:\Program Files\dotnet\sdk\10.0.201\Microsoft.Common.CurrentVersion.targets(2451,5): warning MSB3277:     "Microsoft.Win32.SystemEvents, Version=6.0.0.0, Culture=neutral, PublicKeyToken=cc7b13ffcd2ddd51" was chosen because it was primary and "Microsoft.Win32.SystemEvents, Version=7.0.0.0, Culture=neutral, PublicKeyToken=cc7b13ffcd2ddd51" was not. [C:\Users\ultra\warewolf\Dev\Warewolf.Studio.CustomControls\Warewolf.Studio.CustomControls.csproj]
C:\Program Files\dotnet\sdk\10.0.201\Microsoft.Common.CurrentVersion.targets(2451,5): warning MSB3277:     References which depend on "Microsoft.Win32.SystemEvents, Version=6.0.0.0, Culture=neutral, PublicKeyToken=cc7b13ffcd2ddd51" [C:\Users\ultra\.nuget\packages\microsoft.win32.systemevents\6.0.0\lib\net6.0\Microsoft.Win32.SystemEvents.dll]. [C:\Users\ultra\warewolf\Dev\Warewolf.Studio.CustomControls\Warewolf.Studio.CustomControls.csproj]
C:\Program Files\dotnet\sdk\10.0.201\Microsoft.Common.CurrentVersion.targets(2451,5): warning MSB3277:         C:\Users\ultra\.nuget\packages\microsoft.win32.systemevents\6.0.0\lib\net6.0\Microsoft.Win32.SystemEvents.dll [C:\Users\ultra\warewolf\Dev\Warewolf.Studio.CustomControls\Warewolf.Studio.CustomControls.csproj]
C:\Program Files\dotnet\sdk\10.0.201\Microsoft.Common.CurrentVersion.targets(2451,5): warning MSB3277:           Project file item includes which caused reference "C:\Users\ultra\.nuget\packages\microsoft.win32.systemevents\6.0.0\lib\net6.0\Microsoft.Win32.SystemEvents.dll". [C:\Users\ultra\warewolf\Dev\Warewolf.Studio.CustomControls\Warewolf.Studio.CustomControls.csproj]
C:\Program Files\dotnet\sdk\10.0.201\Microsoft.Common.CurrentVersion.targets(2451,5): warning MSB3277:             C:\Users\ultra\.nuget\packages\microsoft.win32.systemevents\6.0.0\lib\net6.0\Microsoft.Win32.SystemEvents.dll [C:\Users\ultra\warewolf\Dev\Warewolf.Studio.CustomControls\Warewolf.Studio.CustomControls.csproj]
C:\Program Files\dotnet\sdk\10.0.201\Microsoft.Common.CurrentVersion.targets(2451,5): warning MSB3277:     References which depend on or have been unified to "Microsoft.Win32.SystemEvents, Version=7.0.0.0, Culture=neutral, PublicKeyToken=cc7b13ffcd2ddd51" []. [C:\Users\ultra\warewolf\Dev\Warewolf.Studio.CustomControls\Warewolf.Studio.CustomControls.csproj]
C:\Program Files\dotnet\sdk\10.0.201\Microsoft.Common.CurrentVersion.targets(2451,5): warning MSB3277:         C:\Users\ultra\warewolf\Dev\Dev2.Common\bin\Debug\net8.0\Dev2.Common.dll [C:\Users\ultra\warewolf\Dev\Warewolf.Studio.CustomControls\Warewolf.Studio.CustomControls.csproj]
C:\Program Files\dotnet\sdk\10.0.201\Microsoft.Common.CurrentVersion.targets(2451,5): warning MSB3277:           Project file item includes which caused reference "C:\Users\ultra\warewolf\Dev\Dev2.Common\bin\Debug\net8.0\Dev2.Common.dll". [C:\Users\ultra\warewolf\Dev\Warewolf.Studio.CustomControls\Warewolf.Studio.CustomControls.csproj]
C:\Program Files\dotnet\sdk\10.0.201\Microsoft.Common.CurrentVersion.targets(2451,5): warning MSB3277:             C:\Users\ultra\warewolf\Dev\Dev2.Common\bin\Debug\net8.0\Dev2.Common.dll [C:\Users\ultra\warewolf\Dev\Warewolf.Studio.CustomControls\Warewolf.Studio.CustomControls.csproj]
C:\Program Files\dotnet\sdk\10.0.201\Microsoft.Common.CurrentVersion.targets(2451,5): warning MSB3277:             C:\Users\ultra\warewolf\Dev\Dev2.Infrastructure\bin\Debug\net8.0\Dev2.Infrastructure.dll [C:\Users\ultra\warewolf\Dev\Warewolf.Studio.CustomControls\Warewolf.Studio.CustomControls.csproj]
C:\Program Files\dotnet\sdk\10.0.201\Microsoft.Common.CurrentVersion.targets(2451,5): warning MSB3277:             C:\Users\ultra\warewolf\Dev\Dev2.Intellisense\bin\Debug\net8.0\Dev2.Intellisense.dll [C:\Users\ultra\warewolf\Dev\Warewolf.Studio.CustomControls\Warewolf.Studio.CustomControls.csproj]
C:\Program Files\dotnet\sdk\10.0.201\Microsoft.Common.CurrentVersion.targets(2451,5): warning MSB3277:             C:\Users\ultra\warewolf\Dev\Dev2.Studio.Core\bin\Debug\net8.0\Dev2.Studio.Core.dll [C:\Users\ultra\warewolf\Dev\Warewolf.Studio.CustomControls\Warewolf.Studio.CustomControls.csproj]
C:\Program Files\dotnet\sdk\10.0.201\Microsoft.Common.CurrentVersion.targets(2451,5): warning MSB3277:             C:\Users\ultra\warewolf\Dev\Dev2.Studio.Interfaces\bin\Debug\net8.0\Dev2.Studio.Interfaces.dll [C:\Users\ultra\warewolf\Dev\Warewolf.Studio.CustomControls\Warewolf.Studio.CustomControls.csproj]
C:\Program Files\dotnet\sdk\10.0.201\Microsoft.Common.CurrentVersion.targets(2451,5): warning MSB3277:             C:\Users\ultra\warewolf\Dev\Dev2.Activities\bin\Debug\net8.0\Dev2.Activities.dll [C:\Users\ultra\warewolf\Dev\Warewolf.Studio.CustomControls\Warewolf.Studio.CustomControls.csproj]
C:\Program Files\dotnet\sdk\10.0.201\Microsoft.Common.CurrentVersion.targets(2451,5): warning MSB3277:             C:\Users\ultra\warewolf\Dev\Dev2.Core\bin\Debug\net8.0\Dev2.Core.dll [C:\Users\ultra\warewolf\Dev\Warewolf.Studio.CustomControls\Warewolf.Studio.CustomControls.csproj]
C:\Program Files\dotnet\sdk\10.0.201\Microsoft.Common.CurrentVersion.targets(2451,5): warning MSB3277:             C:\Users\ultra\warewolf\Dev\Dev2.Data\bin\Debug\net8.0\Dev2.Data.dll [C:\Users\ultra\warewolf\Dev\Warewolf.Studio.CustomControls\Warewolf.Studio.CustomControls.csproj]
C:\Program Files\dotnet\sdk\10.0.201\Microsoft.Common.CurrentVersion.targets(2451,5): warning MSB3277:             C:\Users\ultra\warewolf\Dev\Dev2.Development.Languages\bin\Debug\net8.0\Dev2.Development.Languages.dll [C:\Users\ultra\warewolf\Dev\Warewolf.Studio.CustomControls\Warewolf.Studio.CustomControls.csproj]
C:\Program Files\dotnet\sdk\10.0.201\Microsoft.Common.CurrentVersion.targets(2451,5): warning MSB3277:             C:\Users\ultra\warewolf\Dev\Dev2.Diagnostics\bin\Debug\net8.0\Dev2.Diagnostics.dll [C:\Users\ultra\warewolf\Dev\Warewolf.Studio.CustomControls\Warewolf.Studio.CustomControls.csproj]
C:\Program Files\dotnet\sdk\10.0.201\Microsoft.Common.CurrentVersion.targets(2451,5): warning MSB3277:             C:\Users\ultra\warewolf\Dev\Dev2.Runtime.Services\bin\Debug\net8.0\Dev2.Runtime.Services.dll [C:\Users\ultra\warewolf\Dev\Warewolf.Studio.CustomControls\Warewolf.Studio.CustomControls.csproj]
C:\Program Files\dotnet\sdk\10.0.201\Microsoft.Common.CurrentVersion.targets(2451,5): warning MSB3277:             C:\Users\ultra\warewolf\Dev\Dev2.Scheduler\bin\Debug\net8.0\Dev2.Scheduler.dll [C:\Users\ultra\warewolf\Dev\Warewolf.Studio.CustomControls\Warewolf.Studio.CustomControls.csproj]
C:\Program Files\dotnet\sdk\10.0.201\Microsoft.Common.CurrentVersion.targets(2451,5): warning MSB3277:             C:\Users\ultra\warewolf\Dev\Dev2.Services.Execution\bin\Debug\net8.0\Dev2.Services.Execution.dll [C:\Users\ultra\warewolf\Dev\Warewolf.Studio.CustomControls\Warewolf.Studio.CustomControls.csproj]
C:\Program Files\dotnet\sdk\10.0.201\Microsoft.Common.CurrentVersion.targets(2451,5): warning MSB3277:             C:\Users\ultra\warewolf\Dev\Dev2.Services.Sql\bin\Debug\net8.0\Dev2.Services.Sql.dll [C:\Users\ultra\warewolf\Dev\Warewolf.Studio.CustomControls\Warewolf.Studio.CustomControls.csproj]
C:\Program Files\dotnet\sdk\10.0.201\Microsoft.Common.CurrentVersion.targets(2451,5): warning MSB3277:             C:\Users\ultra\warewolf\Dev\Dev2.TaskScheduler.Wrappers\bin\Debug\net8.0\Dev2.TaskScheduler.Wrappers.dll [C:\Users\ultra\warewolf\Dev\Warewolf.Studio.CustomControls\Warewolf.Studio.CustomControls.csproj]
C:\Program Files\dotnet\sdk\10.0.201\Microsoft.Common.CurrentVersion.targets(2451,5): warning MSB3277:             C:\Users\ultra\warewolf\Dev\Dev2.Util\bin\Debug\net8.0\Dev2.Util.dll [C:\Users\ultra\warewolf\Dev\Warewolf.Studio.CustomControls\Warewolf.Studio.CustomControls.csproj]
C:\Program Files\dotnet\sdk\10.0.201\Microsoft.Common.CurrentVersion.targets(2451,5): warning MSB3277:             C:\Users\ultra\warewolf\Dev\Warewolf.AI.Harness\bin\Debug\net8.0\Warewolf.AI.Harness.dll [C:\Users\ultra\warewolf\Dev\Warewolf.Studio.CustomControls\Warewolf.Studio.CustomControls.csproj]
C:\Program Files\dotnet\sdk\10.0.201\Microsoft.Common.CurrentVersion.targets(2451,5): warning MSB3277:             C:\Users\ultra\warewolf\Dev\Warewolf.Auditing\bin\Debug\net8.0\Warewolf.Auditing.dll [C:\Users\ultra\warewolf\Dev\Warewolf.Studio.CustomControls\Warewolf.Studio.CustomControls.csproj]
C:\Program Files\dotnet\sdk\10.0.201\Microsoft.Common.CurrentVersion.targets(2451,5): warning MSB3277:             C:\Users\ultra\warewolf\Dev\Warewolf.Common.NetStandard20\bin\Debug\net8.0\Warewolf.Common.NetStandard20.dll [C:\Users\ultra\warewolf\Dev\Warewolf.Studio.CustomControls\Warewolf.Studio.CustomControls.csproj]
C:\Program Files\dotnet\sdk\10.0.201\Microsoft.Common.CurrentVersion.targets(2451,5): warning MSB3277:             C:\Users\ultra\warewolf\Dev\Warewolf.Core\bin\Debug\net8.0\Warewolf.Core.dll [C:\Users\ultra\warewolf\Dev\Warewolf.Studio.CustomControls\Warewolf.Studio.CustomControls.csproj]
C:\Program Files\dotnet\sdk\10.0.201\Microsoft.Common.CurrentVersion.targets(2451,5): warning MSB3277:             C:\Users\ultra\warewolf\Dev\Warewolf.Driver.Persistence\bin\Debug\net8.0\Warewolf.Driver.Persistence.dll [C:\Users\ultra\warewolf\Dev\Warewolf.Studio.CustomControls\Warewolf.Studio.CustomControls.csproj]
C:\Program Files\dotnet\sdk\10.0.201\Microsoft.Common.CurrentVersion.targets(2451,5): warning MSB3277:             C:\Users\ultra\warewolf\Dev\Warewolf.Driver.Serilog\bin\Debug\net8.0\Warewolf.Driver.Serilog.dll [C:\Users\ultra\warewolf\Dev\Warewolf.Studio.CustomControls\Warewolf.Studio.CustomControls.csproj]
C:\Program Files\dotnet\sdk\10.0.201\Microsoft.Common.CurrentVersion.targets(2451,5): warning MSB3277:             C:\Users\ultra\warewolf\Dev\Warewolf.Exchange.Email.Wrapper\bin\Debug\net8.0\Warewolf.Exchange.Email.Wrapper.dll [C:\Users\ultra\warewolf\Dev\Warewolf.Studio.CustomControls\Warewolf.Studio.CustomControls.csproj]
C:\Program Files\dotnet\sdk\10.0.201\Microsoft.Common.CurrentVersion.targets(2451,5): warning MSB3277:             C:\Users\ultra\warewolf\Dev\Warewolf.ResourceManagement\bin\Debug\net8.0\Warewolf.ResourceManagement.dll [C:\Users\ultra\warewolf\Dev\Warewolf.Studio.CustomControls\Warewolf.Studio.CustomControls.csproj]
C:\Program Files\dotnet\sdk\10.0.201\Microsoft.Common.CurrentVersion.targets(2451,5): warning MSB3277:             C:\Users\ultra\warewolf\Dev\Warewolf.Sharepoint\bin\Debug\net8.0\Warewolf.Sharepoint.dll [C:\Users\ultra\warewolf\Dev\Warewolf.Studio.CustomControls\Warewolf.Studio.CustomControls.csproj]
C:\Program Files\dotnet\sdk\10.0.201\Microsoft.Common.CurrentVersion.targets(2451,5): warning MSB3277:             C:\Users\ultra\warewolf\Dev\Warewolf.Storage\bin\Debug\net8.0\Warewolf.Storage.dll [C:\Users\ultra\warewolf\Dev\Warewolf.Studio.CustomControls\Warewolf.Studio.CustomControls.csproj]
C:\Program Files\dotnet\sdk\10.0.201\Microsoft.Common.CurrentVersion.targets(2451,5): warning MSB3277:             C:\Users\ultra\warewolf\Dev\Warewolf.Studio.Core\bin\Debug\net8.0\Warewolf.Studio.Core.dll [C:\Users\ultra\warewolf\Dev\Warewolf.Studio.CustomControls\Warewolf.Studio.CustomControls.csproj]
C:\Program Files\dotnet\sdk\10.0.201\Microsoft.Common.CurrentVersion.targets(2451,5): warning MSB3277:         C:\Users\ultra\warewolf\Dev\Binaries\Infragistcs_Net6\InfragisticsWPF4.v15.1.dll [C:\Users\ultra\warewolf\Dev\Warewolf.Studio.CustomControls\Warewolf.Studio.CustomControls.csproj]
C:\Program Files\dotnet\sdk\10.0.201\Microsoft.Common.CurrentVersion.targets(2451,5): warning MSB3277:           Project file item includes which caused reference "C:\Users\ultra\warewolf\Dev\Binaries\Infragistcs_Net6\InfragisticsWPF4.v15.1.dll". [C:\Users\ultra\warewolf\Dev\Warewolf.Studio.CustomControls\Warewolf.Studio.CustomControls.csproj]
C:\Program Files\dotnet\sdk\10.0.201\Microsoft.Common.CurrentVersion.targets(2451,5): warning MSB3277:             InfragisticsWPF4.v15.1, Version=15.1.20151.2055, Culture=neutral, processorArchitecture=MSIL [C:\Users\ultra\warewolf\Dev\Warewolf.Studio.CustomControls\Warewolf.Studio.CustomControls.csproj]
C:\Program Files\dotnet\sdk\10.0.201\Microsoft.Common.CurrentVersion.targets(2451,5): warning MSB3277:             InfragisticsWPF4.Controls.Grids.XamGrid.v15.1 [C:\Users\ultra\warewolf\Dev\Warewolf.Studio.CustomControls\Warewolf.Studio.CustomControls.csproj]
C:\Program Files\dotnet\sdk\10.0.201\Microsoft.Common.CurrentVersion.targets(2451,5): warning MSB3277:             InfragisticsWPF4.Controls.Menus.XamDataTree.v15.1, Version=15.1.20151.2055, Culture=neutral, PublicKeyToken=7dd5c3163f2cd0cb, processorArchitecture=MSIL [C:\Users\ultra\warewolf\Dev\Warewolf.Studio.CustomControls\Warewolf.Studio.CustomControls.csproj]
C:\Program Files\dotnet\sdk\10.0.201\Microsoft.Common.CurrentVersion.targets(2451,5): warning MSB3277:             InfragisticsWPF4.DataManager.v15.1, Version=15.1.20151.2055, Culture=neutral, processorArchitecture=MSIL [C:\Users\ultra\warewolf\Dev\Warewolf.Studio.CustomControls\Warewolf.Studio.CustomControls.csproj]
C:\Program Files\dotnet\sdk\10.0.201\Microsoft.Common.CurrentVersion.targets(2451,5): warning MSB3277:             InfragisticsWPF4.DataPresenter.v15.1 [C:\Users\ultra\warewolf\Dev\Warewolf.Studio.CustomControls\Warewolf.Studio.CustomControls.csproj]
C:\Program Files\dotnet\sdk\10.0.201\Microsoft.Common.CurrentVersion.targets(2451,5): warning MSB3277:         C:\Users\ultra\.nuget\packages\timespan2\2.4.2\lib\netcoreapp3.1\TimeSpan2.dll [C:\Users\ultra\warewolf\Dev\Warewolf.Studio.CustomControls\Warewolf.Studio.CustomControls.csproj]
C:\Program Files\dotnet\sdk\10.0.201\Microsoft.Common.CurrentVersion.targets(2451,5): warning MSB3277:           Project file item includes which caused reference "C:\Users\ultra\.nuget\packages\timespan2\2.4.2\lib\netcoreapp3.1\TimeSpan2.dll". [C:\Users\ultra\warewolf\Dev\Warewolf.Studio.CustomControls\Warewolf.Studio.CustomControls.csproj]
C:\Program Files\dotnet\sdk\10.0.201\Microsoft.Common.CurrentVersion.targets(2451,5): warning MSB3277:             C:\Users\ultra\.nuget\packages\timespan2\2.4.2\lib\netcoreapp3.1\TimeSpan2.dll [C:\Users\ultra\warewolf\Dev\Warewolf.Studio.CustomControls\Warewolf.Studio.CustomControls.csproj]
C:\Program Files\dotnet\sdk\10.0.201\Microsoft.Common.CurrentVersion.targets(2451,5): warning MSB3277:             C:\Users\ultra\.nuget\packages\taskschedulereditor\2.10.1\lib\net452\Microsoft.Win32.TaskSchedulerEditor.dll [C:\Users\ultra\warewolf\Dev\Warewolf.Studio.CustomControls\Warewolf.Studio.CustomControls.csproj]
C:\Program Files\dotnet\sdk\10.0.201\Microsoft.Common.CurrentVersion.targets(2451,5): warning MSB3277:         C:\Program Files\dotnet\packs\Microsoft.NETCore.App.Ref\8.0.25\ref\net8.0\System.dll [C:\Users\ultra\warewolf\Dev\Warewolf.Studio.CustomControls\Warewolf.Studio.CustomControls.csproj]
C:\Program Files\dotnet\sdk\10.0.201\Microsoft.Common.CurrentVersion.targets(2451,5): warning MSB3277:           Project file item includes which caused reference "C:\Program Files\dotnet\packs\Microsoft.NETCore.App.Ref\8.0.25\ref\net8.0\System.dll". [C:\Users\ultra\warewolf\Dev\Warewolf.Studio.CustomControls\Warewolf.Studio.CustomControls.csproj]
C:\Program Files\dotnet\sdk\10.0.201\Microsoft.Common.CurrentVersion.targets(2451,5): warning MSB3277:             C:\Program Files\dotnet\packs\Microsoft.NETCore.App.Ref\8.0.25\ref/net8.0/System.dll [C:\Users\ultra\warewolf\Dev\Warewolf.Studio.CustomControls\Warewolf.Studio.CustomControls.csproj]
C:\Program Files\dotnet\sdk\10.0.201\Microsoft.Common.CurrentVersion.targets(2451,5): warning MSB3277:             C:\Users\ultra\.nuget\packages\aerowizard\2.3.1\lib\net45\AeroWizard.dll [C:\Users\ultra\warewolf\Dev\Warewolf.Studio.CustomControls\Warewolf.Studio.CustomControls.csproj]
C:\Program Files\dotnet\sdk\10.0.201\Microsoft.Common.CurrentVersion.targets(2451,5): warning MSB3277:             C:\Users\ultra\.nuget\packages\groupcontrols\1.9.0\lib\net45\GroupControls.dll [C:\Users\ultra\warewolf\Dev\Warewolf.Studio.CustomControls\Warewolf.Studio.CustomControls.csproj]
C:\Program Files\dotnet\sdk\10.0.201\Microsoft.Common.CurrentVersion.targets(2451,5): warning MSB3277:             C:\Users\ultra\.nuget\packages\microsoft.xaml.behaviors.wpf\1.1.122\lib\net462\Microsoft.Xaml.Behaviors.dll [C:\Users\ultra\warewolf\Dev\Warewolf.Studio.CustomControls\Warewolf.Studio.CustomControls.csproj]
C:\Program Files\dotnet\sdk\10.0.201\Microsoft.Common.CurrentVersion.targets(2451,5): warning MSB3277:             C:\Users\ultra\.nuget\packages\caliburn.micro\4.0.212\lib\netcoreapp3.1\Caliburn.Micro.Platform.dll [C:\Users\ultra\warewolf\Dev\Warewolf.Studio.CustomControls\Warewolf.Studio.CustomControls.csproj]
C:\Program Files\dotnet\sdk\10.0.201\Microsoft.Common.CurrentVersion.targets(2451,5): warning MSB3277:             C:\Users\ultra\.nuget\packages\prism.wpf\9.0.537\lib\net462\Prism.Wpf.dll [C:\Users\ultra\warewolf\Dev\Warewolf.Studio.CustomControls\Warewolf.Studio.CustomControls.csproj]
C:\Program Files\dotnet\sdk\10.0.201\Microsoft.Common.CurrentVersion.targets(2451,5): warning MSB3277:             C:\Users\ultra\.nuget\packages\reactiveui.wpf\18.4.1\lib\net462\ReactiveUI.Wpf.dll [C:\Users\ultra\warewolf\Dev\Warewolf.Studio.CustomControls\Warewolf.Studio.CustomControls.csproj]
C:\Program Files\dotnet\sdk\10.0.201\Microsoft.Common.CurrentVersion.targets(2451,5): warning MSB3277:             C:\Users\ultra\.nuget\packages\taskschedulereditor\2.10.1\lib\net452\Microsoft.Win32.TaskSchedulerEditor.dll [C:\Users\ultra\warewolf\Dev\Warewolf.Studio.CustomControls\Warewolf.Studio.CustomControls.csproj]
C:\Program Files\dotnet\sdk\10.0.201\Microsoft.Common.CurrentVersion.targets(2451,5): warning MSB3277:             C:\Users\ultra\.nuget\packages\ttcue.netcore.sharepointonline.csom.16.1.8029.1200\16.1.8029.1200\lib\netcoreapp2.0\Microsoft.SharePoint.Client.Runtime.Windows.dll [C:\Users\ultra\warewolf\Dev\Warewolf.Studio.CustomControls\Warewolf.Studio.CustomControls.csproj]
C:\Program Files\dotnet\sdk\10.0.201\Microsoft.Common.CurrentVersion.targets(2451,5): warning MSB3277:         C:\Users\ultra\warewolf\Dev\Binaries\Infragistcs_Net6\InfragisticsWPF4.Editors.v15.1.dll [C:\Users\ultra\warewolf\Dev\Warewolf.Studio.CustomControls\Warewolf.Studio.CustomControls.csproj]
C:\Program Files\dotnet\sdk\10.0.201\Microsoft.Common.CurrentVersion.targets(2451,5): warning MSB3277:           Project file item includes which caused reference "C:\Users\ultra\warewolf\Dev\Binaries\Infragistcs_Net6\InfragisticsWPF4.Editors.v15.1.dll". [C:\Users\ultra\warewolf\Dev\Warewolf.Studio.CustomControls\Warewolf.Studio.CustomControls.csproj]
C:\Program Files\dotnet\sdk\10.0.201\Microsoft.Common.CurrentVersion.targets(2451,5): warning MSB3277:             InfragisticsWPF4.DataPresenter.v15.1 [C:\Users\ultra\warewolf\Dev\Warewolf.Studio.CustomControls\Warewolf.Studio.CustomControls.csproj]
C:\Program Files\dotnet\sdk\10.0.201\Microsoft.Common.CurrentVersion.targets(2451,5): warning MSB3277: Found conflicts between different versions of "System.Security.Permissions" that could not be resolved. [C:\Users\ultra\warewolf\Dev\Warewolf.Studio.CustomControls\Warewolf.Studio.CustomControls.csproj]
C:\Program Files\dotnet\sdk\10.0.201\Microsoft.Common.CurrentVersion.targets(2451,5): warning MSB3277: There was a conflict between "System.Security.Permissions, Version=6.0.0.0, Culture=neutral, PublicKeyToken=cc7b13ffcd2ddd51" and "System.Security.Permissions, Version=7.0.0.0, Culture=neutral, PublicKeyToken=cc7b13ffcd2ddd51". [C:\Users\ultra\warewolf\Dev\Warewolf.Studio.CustomControls\Warewolf.Studio.CustomControls.csproj]
C:\Program Files\dotnet\sdk\10.0.201\Microsoft.Common.CurrentVersion.targets(2451,5): warning MSB3277:     "System.Security.Permissions, Version=6.0.0.0, Culture=neutral, PublicKeyToken=cc7b13ffcd2ddd51" was chosen because it was primary and "System.Security.Permissions, Version=7.0.0.0, Culture=neutral, PublicKeyToken=cc7b13ffcd2ddd51" was not. [C:\Users\ultra\warewolf\Dev\Warewolf.Studio.CustomControls\Warewolf.Studio.CustomControls.csproj]
C:\Program Files\dotnet\sdk\10.0.201\Microsoft.Common.CurrentVersion.targets(2451,5): warning MSB3277:     References which depend on "System.Security.Permissions, Version=6.0.0.0, Culture=neutral, PublicKeyToken=cc7b13ffcd2ddd51" [C:\Users\ultra\.nuget\packages\system.security.permissions\6.0.0\lib\net6.0\System.Security.Permissions.dll]. [C:\Users\ultra\warewolf\Dev\Warewolf.Studio.CustomControls\Warewolf.Studio.CustomControls.csproj]
C:\Program Files\dotnet\sdk\10.0.201\Microsoft.Common.CurrentVersion.targets(2451,5): warning MSB3277:         C:\Users\ultra\.nuget\packages\system.security.permissions\6.0.0\lib\net6.0\System.Security.Permissions.dll [C:\Users\ultra\warewolf\Dev\Warewolf.Studio.CustomControls\Warewolf.Studio.CustomControls.csproj]
C:\Program Files\dotnet\sdk\10.0.201\Microsoft.Common.CurrentVersion.targets(2451,5): warning MSB3277:           Project file item includes which caused reference "C:\Users\ultra\.nuget\packages\system.security.permissions\6.0.0\lib\net6.0\System.Security.Permissions.dll". [C:\Users\ultra\warewolf\Dev\Warewolf.Studio.CustomControls\Warewolf.Studio.CustomControls.csproj]
C:\Program Files\dotnet\sdk\10.0.201\Microsoft.Common.CurrentVersion.targets(2451,5): warning MSB3277:             C:\Users\ultra\.nuget\packages\system.security.permissions\6.0.0\lib\net6.0\System.Security.Permissions.dll [C:\Users\ultra\warewolf\Dev\Warewolf.Studio.CustomControls\Warewolf.Studio.CustomControls.csproj]
C:\Program Files\dotnet\sdk\10.0.201\Microsoft.Common.CurrentVersion.targets(2451,5): warning MSB3277:     References which depend on or have been unified to "System.Security.Permissions, Version=7.0.0.0, Culture=neutral, PublicKeyToken=cc7b13ffcd2ddd51" []. [C:\Users\ultra\warewolf\Dev\Warewolf.Studio.CustomControls\Warewolf.Studio.CustomControls.csproj]
C:\Program Files\dotnet\sdk\10.0.201\Microsoft.Common.CurrentVersion.targets(2451,5): warning MSB3277:         C:\Users\ultra\warewolf\Dev\Dev2.Data\bin\Debug\net8.0\Dev2.Data.dll [C:\Users\ultra\warewolf\Dev\Warewolf.Studio.CustomControls\Warewolf.Studio.CustomControls.csproj]
C:\Program Files\dotnet\sdk\10.0.201\Microsoft.Common.CurrentVersion.targets(2451,5): warning MSB3277:           Project file item includes which caused reference "C:\Users\ultra\warewolf\Dev\Dev2.Data\bin\Debug\net8.0\Dev2.Data.dll". [C:\Users\ultra\warewolf\Dev\Warewolf.Studio.CustomControls\Warewolf.Studio.CustomControls.csproj]
C:\Program Files\dotnet\sdk\10.0.201\Microsoft.Common.CurrentVersion.targets(2451,5): warning MSB3277:             C:\Users\ultra\warewolf\Dev\Dev2.Data\bin\Debug\net8.0\Dev2.Data.dll [C:\Users\ultra\warewolf\Dev\Warewolf.Studio.CustomControls\Warewolf.Studio.CustomControls.csproj]
C:\Program Files\dotnet\sdk\10.0.201\Microsoft.Common.CurrentVersion.targets(2451,5): warning MSB3277:             C:\Users\ultra\warewolf\Dev\Dev2.Intellisense\bin\Debug\net8.0\Dev2.Intellisense.dll [C:\Users\ultra\warewolf\Dev\Warewolf.Studio.CustomControls\Warewolf.Studio.CustomControls.csproj]
C:\Program Files\dotnet\sdk\10.0.201\Microsoft.Common.CurrentVersion.targets(2451,5): warning MSB3277:             C:\Users\ultra\warewolf\Dev\Dev2.Studio.Core\bin\Debug\net8.0\Dev2.Studio.Core.dll [C:\Users\ultra\warewolf\Dev\Warewolf.Studio.CustomControls\Warewolf.Studio.CustomControls.csproj]
C:\Program Files\dotnet\sdk\10.0.201\Microsoft.Common.CurrentVersion.targets(2451,5): warning MSB3277:             C:\Users\ultra\warewolf\Dev\Dev2.Studio.Interfaces\bin\Debug\net8.0\Dev2.Studio.Interfaces.dll [C:\Users\ultra\warewolf\Dev\Warewolf.Studio.CustomControls\Warewolf.Studio.CustomControls.csproj]
C:\Program Files\dotnet\sdk\10.0.201\Microsoft.Common.CurrentVersion.targets(2451,5): warning MSB3277:             C:\Users\ultra\warewolf\Dev\Dev2.Activities\bin\Debug\net8.0\Dev2.Activities.dll [C:\Users\ultra\warewolf\Dev\Warewolf.Studio.CustomControls\Warewolf.Studio.CustomControls.csproj]
C:\Program Files\dotnet\sdk\10.0.201\Microsoft.Common.CurrentVersion.targets(2451,5): warning MSB3277:             C:\Users\ultra\warewolf\Dev\Dev2.Core\bin\Debug\net8.0\Dev2.Core.dll [C:\Users\ultra\warewolf\Dev\Warewolf.Studio.CustomControls\Warewolf.Studio.CustomControls.csproj]
C:\Program Files\dotnet\sdk\10.0.201\Microsoft.Common.CurrentVersion.targets(2451,5): warning MSB3277:             C:\Users\ultra\warewolf\Dev\Dev2.Runtime.Services\bin\Debug\net8.0\Dev2.Runtime.Services.dll [C:\Users\ultra\warewolf\Dev\Warewolf.Studio.CustomControls\Warewolf.Studio.CustomControls.csproj]
C:\Program Files\dotnet\sdk\10.0.201\Microsoft.Common.CurrentVersion.targets(2451,5): warning MSB3277:             C:\Users\ultra\warewolf\Dev\Dev2.Scheduler\bin\Debug\net8.0\Dev2.Scheduler.dll [C:\Users\ultra\warewolf\Dev\Warewolf.Studio.CustomControls\Warewolf.Studio.CustomControls.csproj]
C:\Program Files\dotnet\sdk\10.0.201\Microsoft.Common.CurrentVersion.targets(2451,5): warning MSB3277:             C:\Users\ultra\warewolf\Dev\Dev2.Services.Execution\bin\Debug\net8.0\Dev2.Services.Execution.dll [C:\Users\ultra\warewolf\Dev\Warewolf.Studio.CustomControls\Warewolf.Studio.CustomControls.csproj]
C:\Program Files\dotnet\sdk\10.0.201\Microsoft.Common.CurrentVersion.targets(2451,5): warning MSB3277:             C:\Users\ultra\warewolf\Dev\Warewolf.Auditing\bin\Debug\net8.0\Warewolf.Auditing.dll [C:\Users\ultra\warewolf\Dev\Warewolf.Studio.CustomControls\Warewolf.Studio.CustomControls.csproj]
C:\Program Files\dotnet\sdk\10.0.201\Microsoft.Common.CurrentVersion.targets(2451,5): warning MSB3277:             C:\Users\ultra\warewolf\Dev\Warewolf.Common.NetStandard20\bin\Debug\net8.0\Warewolf.Common.NetStandard20.dll [C:\Users\ultra\warewolf\Dev\Warewolf.Studio.CustomControls\Warewolf.Studio.CustomControls.csproj]
C:\Program Files\dotnet\sdk\10.0.201\Microsoft.Common.CurrentVersion.targets(2451,5): warning MSB3277:             C:\Users\ultra\warewolf\Dev\Warewolf.Core\bin\Debug\net8.0\Warewolf.Core.dll [C:\Users\ultra\warewolf\Dev\Warewolf.Studio.CustomControls\Warewolf.Studio.CustomControls.csproj]
C:\Program Files\dotnet\sdk\10.0.201\Microsoft.Common.CurrentVersion.targets(2451,5): warning MSB3277:             C:\Users\ultra\warewolf\Dev\Warewolf.Driver.Persistence\bin\Debug\net8.0\Warewolf.Driver.Persistence.dll [C:\Users\ultra\warewolf\Dev\Warewolf.Studio.CustomControls\Warewolf.Studio.CustomControls.csproj]
C:\Program Files\dotnet\sdk\10.0.201\Microsoft.Common.CurrentVersion.targets(2451,5): warning MSB3277:             C:\Users\ultra\warewolf\Dev\Warewolf.Exchange.Email.Wrapper\bin\Debug\net8.0\Warewolf.Exchange.Email.Wrapper.dll [C:\Users\ultra\warewolf\Dev\Warewolf.Studio.CustomControls\Warewolf.Studio.CustomControls.csproj]
C:\Program Files\dotnet\sdk\10.0.201\Microsoft.Common.CurrentVersion.targets(2451,5): warning MSB3277:             C:\Users\ultra\warewolf\Dev\Warewolf.ResourceManagement\bin\Debug\net8.0\Warewolf.ResourceManagement.dll [C:\Users\ultra\warewolf\Dev\Warewolf.Studio.CustomControls\Warewolf.Studio.CustomControls.csproj]
C:\Program Files\dotnet\sdk\10.0.201\Microsoft.Common.CurrentVersion.targets(2451,5): warning MSB3277:             C:\Users\ultra\warewolf\Dev\Warewolf.Studio.Core\bin\Debug\net8.0\Warewolf.Studio.Core.dll [C:\Users\ultra\warewolf\Dev\Warewolf.Studio.CustomControls\Warewolf.Studio.CustomControls.csproj]
C:\Program Files\dotnet\sdk\10.0.201\Microsoft.Common.CurrentVersion.targets(2451,5): warning MSB3277:         C:\Users\ultra\warewolf\Dev\Binaries\Infragistcs_Net6\InfragisticsWPF4.v15.1.dll [C:\Users\ultra\warewolf\Dev\Warewolf.Studio.CustomControls\Warewolf.Studio.CustomControls.csproj]
C:\Program Files\dotnet\sdk\10.0.201\Microsoft.Common.CurrentVersion.targets(2451,5): warning MSB3277:           Project file item includes which caused reference "C:\Users\ultra\warewolf\Dev\Binaries\Infragistcs_Net6\InfragisticsWPF4.v15.1.dll". [C:\Users\ultra\warewolf\Dev\Warewolf.Studio.CustomControls\Warewolf.Studio.CustomControls.csproj]
C:\Program Files\dotnet\sdk\10.0.201\Microsoft.Common.CurrentVersion.targets(2451,5): warning MSB3277:             InfragisticsWPF4.v15.1, Version=15.1.20151.2055, Culture=neutral, processorArchitecture=MSIL [C:\Users\ultra\warewolf\Dev\Warewolf.Studio.CustomControls\Warewolf.Studio.CustomControls.csproj]
C:\Program Files\dotnet\sdk\10.0.201\Microsoft.Common.CurrentVersion.targets(2451,5): warning MSB3277:             InfragisticsWPF4.Controls.Grids.XamGrid.v15.1 [C:\Users\ultra\warewolf\Dev\Warewolf.Studio.CustomControls\Warewolf.Studio.CustomControls.csproj]
C:\Program Files\dotnet\sdk\10.0.201\Microsoft.Common.CurrentVersion.targets(2451,5): warning MSB3277:             InfragisticsWPF4.Controls.Menus.XamDataTree.v15.1, Version=15.1.20151.2055, Culture=neutral, PublicKeyToken=7dd5c3163f2cd0cb, processorArchitecture=MSIL [C:\Users\ultra\warewolf\Dev\Warewolf.Studio.CustomControls\Warewolf.Studio.CustomControls.csproj]
C:\Program Files\dotnet\sdk\10.0.201\Microsoft.Common.CurrentVersion.targets(2451,5): warning MSB3277:             InfragisticsWPF4.DataManager.v15.1, Version=15.1.20151.2055, Culture=neutral, processorArchitecture=MSIL [C:\Users\ultra\warewolf\Dev\Warewolf.Studio.CustomControls\Warewolf.Studio.CustomControls.csproj]
C:\Program Files\dotnet\sdk\10.0.201\Microsoft.Common.CurrentVersion.targets(2451,5): warning MSB3277:             InfragisticsWPF4.DataPresenter.v15.1 [C:\Users\ultra\warewolf\Dev\Warewolf.Studio.CustomControls\Warewolf.Studio.CustomControls.csproj]
C:\Program Files\dotnet\sdk\10.0.201\Microsoft.Common.CurrentVersion.targets(2451,5): warning MSB3277:         C:\Users\ultra\.nuget\packages\dotnetzip\1.16.0\lib\netstandard2.0\DotNetZip.dll [C:\Users\ultra\warewolf\Dev\Warewolf.Studio.CustomControls\Warewolf.Studio.CustomControls.csproj]
C:\Program Files\dotnet\sdk\10.0.201\Microsoft.Common.CurrentVersion.targets(2451,5): warning MSB3277:           Project file item includes which caused reference "C:\Users\ultra\.nuget\packages\dotnetzip\1.16.0\lib\netstandard2.0\DotNetZip.dll". [C:\Users\ultra\warewolf\Dev\Warewolf.Studio.CustomControls\Warewolf.Studio.CustomControls.csproj]
C:\Program Files\dotnet\sdk\10.0.201\Microsoft.Common.CurrentVersion.targets(2451,5): warning MSB3277:             C:\Users\ultra\.nuget\packages\dotnetzip\1.16.0\lib\netstandard2.0\DotNetZip.dll [C:\Users\ultra\warewolf\Dev\Warewolf.Studio.CustomControls\Warewolf.Studio.CustomControls.csproj]
C:\Program Files\dotnet\sdk\10.0.201\Microsoft.Common.CurrentVersion.targets(2451,5): warning MSB3277:             C:\Users\ultra\warewolf\Dev\Dev2.Common\bin\Debug\net8.0\Dev2.Common.dll [C:\Users\ultra\warewolf\Dev\Warewolf.Studio.CustomControls\Warewolf.Studio.CustomControls.csproj]
C:\Program Files\dotnet\sdk\10.0.201\Microsoft.Common.CurrentVersion.targets(2451,5): warning MSB3277:             C:\Users\ultra\warewolf\Dev\Dev2.Infrastructure\bin\Debug\net8.0\Dev2.Infrastructure.dll [C:\Users\ultra\warewolf\Dev\Warewolf.Studio.CustomControls\Warewolf.Studio.CustomControls.csproj]
C:\Program Files\dotnet\sdk\10.0.201\Microsoft.Common.CurrentVersion.targets(2451,5): warning MSB3277:             C:\Users\ultra\warewolf\Dev\Dev2.Intellisense\bin\Debug\net8.0\Dev2.Intellisense.dll [C:\Users\ultra\warewolf\Dev\Warewolf.Studio.CustomControls\Warewolf.Studio.CustomControls.csproj]
C:\Program Files\dotnet\sdk\10.0.201\Microsoft.Common.CurrentVersion.targets(2451,5): warning MSB3277:             C:\Users\ultra\warewolf\Dev\Dev2.Studio.Core\bin\Debug\net8.0\Dev2.Studio.Core.dll [C:\Users\ultra\warewolf\Dev\Warewolf.Studio.CustomControls\Warewolf.Studio.CustomControls.csproj]
C:\Program Files\dotnet\sdk\10.0.201\Microsoft.Common.CurrentVersion.targets(2451,5): warning MSB3277:             C:\Users\ultra\warewolf\Dev\Dev2.Studio.Interfaces\bin\Debug\net8.0\Dev2.Studio.Interfaces.dll [C:\Users\ultra\warewolf\Dev\Warewolf.Studio.CustomControls\Warewolf.Studio.CustomControls.csproj]
C:\Program Files\dotnet\sdk\10.0.201\Microsoft.Common.CurrentVersion.targets(2451,5): warning MSB3277:             C:\Users\ultra\warewolf\Dev\Dev2.Activities\bin\Debug\net8.0\Dev2.Activities.dll [C:\Users\ultra\warewolf\Dev\Warewolf.Studio.CustomControls\Warewolf.Studio.CustomControls.csproj]
C:\Program Files\dotnet\sdk\10.0.201\Microsoft.Common.CurrentVersion.targets(2451,5): warning MSB3277:             C:\Users\ultra\warewolf\Dev\Dev2.Core\bin\Debug\net8.0\Dev2.Core.dll [C:\Users\ultra\warewolf\Dev\Warewolf.Studio.CustomControls\Warewolf.Studio.CustomControls.csproj]
C:\Program Files\dotnet\sdk\10.0.201\Microsoft.Common.CurrentVersion.targets(2451,5): warning MSB3277:             C:\Users\ultra\warewolf\Dev\Dev2.Data\bin\Debug\net8.0\Dev2.Data.dll [C:\Users\ultra\warewolf\Dev\Warewolf.Studio.CustomControls\Warewolf.Studio.CustomControls.csproj]
C:\Program Files\dotnet\sdk\10.0.201\Microsoft.Common.CurrentVersion.targets(2451,5): warning MSB3277:             C:\Users\ultra\warewolf\Dev\Dev2.Data.Interfaces\bin\Debug\net8.0\Dev2.Data.Interfaces.dll [C:\Users\ultra\warewolf\Dev\Warewolf.Studio.CustomControls\Warewolf.Studio.CustomControls.csproj]
C:\Program Files\dotnet\sdk\10.0.201\Microsoft.Common.CurrentVersion.targets(2451,5): warning MSB3277:             C:\Users\ultra\warewolf\Dev\Dev2.Development.Languages\bin\Debug\net8.0\Dev2.Development.Languages.dll [C:\Users\ultra\warewolf\Dev\Warewolf.Studio.CustomControls\Warewolf.Studio.CustomControls.csproj]
C:\Program Files\dotnet\sdk\10.0.201\Microsoft.Common.CurrentVersion.targets(2451,5): warning MSB3277:             C:\Users\ultra\warewolf\Dev\Dev2.Diagnostics\bin\Debug\net8.0\Dev2.Diagnostics.dll [C:\Users\ultra\warewolf\Dev\Warewolf.Studio.CustomControls\Warewolf.Studio.CustomControls.csproj]
C:\Program Files\dotnet\sdk\10.0.201\Microsoft.Common.CurrentVersion.targets(2451,5): warning MSB3277:             C:\Users\ultra\warewolf\Dev\Dev2.Runtime.Services\bin\Debug\net8.0\Dev2.Runtime.Services.dll [C:\Users\ultra\warewolf\Dev\Warewolf.Studio.CustomControls\Warewolf.Studio.CustomControls.csproj]
C:\Program Files\dotnet\sdk\10.0.201\Microsoft.Common.CurrentVersion.targets(2451,5): warning MSB3277:             C:\Users\ultra\warewolf\Dev\Dev2.Scheduler\bin\Debug\net8.0\Dev2.Scheduler.dll [C:\Users\ultra\warewolf\Dev\Warewolf.Studio.CustomControls\Warewolf.Studio.CustomControls.csproj]
C:\Program Files\dotnet\sdk\10.0.201\Microsoft.Common.CurrentVersion.targets(2451,5): warning MSB3277:             C:\Users\ultra\warewolf\Dev\Dev2.Services.Execution\bin\Debug\net8.0\Dev2.Services.Execution.dll [C:\Users\ultra\warewolf\Dev\Warewolf.Studio.CustomControls\Warewolf.Studio.CustomControls.csproj]
C:\Program Files\dotnet\sdk\10.0.201\Microsoft.Common.CurrentVersion.targets(2451,5): warning MSB3277:             C:\Users\ultra\warewolf\Dev\Dev2.Services.Sql\bin\Debug\net8.0\Dev2.Services.Sql.dll [C:\Users\ultra\warewolf\Dev\Warewolf.Studio.CustomControls\Warewolf.Studio.CustomControls.csproj]
C:\Program Files\dotnet\sdk\10.0.201\Microsoft.Common.CurrentVersion.targets(2451,5): warning MSB3277:             C:\Users\ultra\warewolf\Dev\Dev2.TaskScheduler.Wrappers\bin\Debug\net8.0\Dev2.TaskScheduler.Wrappers.dll [C:\Users\ultra\warewolf\Dev\Warewolf.Studio.CustomControls\Warewolf.Studio.CustomControls.csproj]
C:\Program Files\dotnet\sdk\10.0.201\Microsoft.Common.CurrentVersion.targets(2451,5): warning MSB3277:             C:\Users\ultra\warewolf\Dev\Dev2.Util\bin\Debug\net8.0\Dev2.Util.dll [C:\Users\ultra\warewolf\Dev\Warewolf.Studio.CustomControls\Warewolf.Studio.CustomControls.csproj]
C:\Program Files\dotnet\sdk\10.0.201\Microsoft.Common.CurrentVersion.targets(2451,5): warning MSB3277:             C:\Users\ultra\warewolf\Dev\Warewolf.AI.Harness\bin\Debug\net8.0\Warewolf.AI.Harness.dll [C:\Users\ultra\warewolf\Dev\Warewolf.Studio.CustomControls\Warewolf.Studio.CustomControls.csproj]
C:\Program Files\dotnet\sdk\10.0.201\Microsoft.Common.CurrentVersion.targets(2451,5): warning MSB3277:             C:\Users\ultra\warewolf\Dev\Warewolf.Auditing\bin\Debug\net8.0\Warewolf.Auditing.dll [C:\Users\ultra\warewolf\Dev\Warewolf.Studio.CustomControls\Warewolf.Studio.CustomControls.csproj]
C:\Program Files\dotnet\sdk\10.0.201\Microsoft.Common.CurrentVersion.targets(2451,5): warning MSB3277:             C:\Users\ultra\warewolf\Dev\Warewolf.Common.NetStandard20\bin\Debug\net8.0\Warewolf.Common.NetStandard20.dll [C:\Users\ultra\warewolf\Dev\Warewolf.Studio.CustomControls\Warewolf.Studio.CustomControls.csproj]
C:\Program Files\dotnet\sdk\10.0.201\Microsoft.Common.CurrentVersion.targets(2451,5): warning MSB3277:             C:\Users\ultra\warewolf\Dev\Warewolf.Core\bin\Debug\net8.0\Warewolf.Core.dll [C:\Users\ultra\warewolf\Dev\Warewolf.Studio.CustomControls\Warewolf.Studio.CustomControls.csproj]
C:\Program Files\dotnet\sdk\10.0.201\Microsoft.Common.CurrentVersion.targets(2451,5): warning MSB3277:             C:\Users\ultra\warewolf\Dev\Warewolf.Driver.Persistence\bin\Debug\net8.0\Warewolf.Driver.Persistence.dll [C:\Users\ultra\warewolf\Dev\Warewolf.Studio.CustomControls\Warewolf.Studio.CustomControls.csproj]
C:\Program Files\dotnet\sdk\10.0.201\Microsoft.Common.CurrentVersion.targets(2451,5): warning MSB3277:             C:\Users\ultra\warewolf\Dev\Warewolf.Driver.Serilog\bin\Debug\net8.0\Warewolf.Driver.Serilog.dll [C:\Users\ultra\warewolf\Dev\Warewolf.Studio.CustomControls\Warewolf.Studio.CustomControls.csproj]
C:\Program Files\dotnet\sdk\10.0.201\Microsoft.Common.CurrentVersion.targets(2451,5): warning MSB3277:             C:\Users\ultra\warewolf\Dev\Warewolf.Exchange.Email.Wrapper\bin\Debug\net8.0\Warewolf.Exchange.Email.Wrapper.dll [C:\Users\ultra\warewolf\Dev\Warewolf.Studio.CustomControls\Warewolf.Studio.CustomControls.csproj]
C:\Program Files\dotnet\sdk\10.0.201\Microsoft.Common.CurrentVersion.targets(2451,5): warning MSB3277:             C:\Users\ultra\warewolf\Dev\Warewolf.ResourceManagement\bin\Debug\net8.0\Warewolf.ResourceManagement.dll [C:\Users\ultra\warewolf\Dev\Warewolf.Studio.CustomControls\Warewolf.Studio.CustomControls.csproj]
C:\Program Files\dotnet\sdk\10.0.201\Microsoft.Common.CurrentVersion.targets(2451,5): warning MSB3277:             C:\Users\ultra\warewolf\Dev\Warewolf.Sharepoint\bin\Debug\net8.0\Warewolf.Sharepoint.dll [C:\Users\ultra\warewolf\Dev\Warewolf.Studio.CustomControls\Warewolf.Studio.CustomControls.csproj]
C:\Program Files\dotnet\sdk\10.0.201\Microsoft.Common.CurrentVersion.targets(2451,5): warning MSB3277:             C:\Users\ultra\warewolf\Dev\Warewolf.Storage\bin\Debug\net8.0\Warewolf.Storage.dll [C:\Users\ultra\warewolf\Dev\Warewolf.Studio.CustomControls\Warewolf.Studio.CustomControls.csproj]
C:\Program Files\dotnet\sdk\10.0.201\Microsoft.Common.CurrentVersion.targets(2451,5): warning MSB3277:             C:\Users\ultra\warewolf\Dev\Warewolf.Studio.Core\bin\Debug\net8.0\Warewolf.Studio.Core.dll [C:\Users\ultra\warewolf\Dev\Warewolf.Studio.CustomControls\Warewolf.Studio.CustomControls.csproj]
C:\Program Files\dotnet\sdk\10.0.201\Microsoft.Common.CurrentVersion.targets(2451,5): warning MSB3277:         C:\Users\ultra\.nuget\packages\mindbox.data.linq\5.0.0\lib\netstandard2.0\Mindbox.Data.Linq.dll [C:\Users\ultra\warewolf\Dev\Warewolf.Studio.CustomControls\Warewolf.Studio.CustomControls.csproj]
C:\Program Files\dotnet\sdk\10.0.201\Microsoft.Common.CurrentVersion.targets(2451,5): warning MSB3277:           Project file item includes which caused reference "C:\Users\ultra\.nuget\packages\mindbox.data.linq\5.0.0\lib\netstandard2.0\Mindbox.Data.Linq.dll". [C:\Users\ultra\warewolf\Dev\Warewolf.Studio.CustomControls\Warewolf.Studio.CustomControls.csproj]
C:\Program Files\dotnet\sdk\10.0.201\Microsoft.Common.CurrentVersion.targets(2451,5): warning MSB3277:             C:\Users\ultra\.nuget\packages\mindbox.data.linq\5.0.0\lib\netstandard2.0\Mindbox.Data.Linq.dll [C:\Users\ultra\warewolf\Dev\Warewolf.Studio.CustomControls\Warewolf.Studio.CustomControls.csproj]
C:\Program Files\dotnet\sdk\10.0.201\Microsoft.Common.CurrentVersion.targets(2451,5): warning MSB3277:             C:\Users\ultra\warewolf\Dev\Warewolf.Auditing\bin\Debug\net8.0\Warewolf.Auditing.dll [C:\Users\ultra\warewolf\Dev\Warewolf.Studio.CustomControls\Warewolf.Studio.CustomControls.csproj]
C:\Program Files\dotnet\sdk\10.0.201\Microsoft.Common.CurrentVersion.targets(2451,5): warning MSB3277:             C:\Users\ultra\warewolf\Dev\Dev2.Activities\bin\Debug\net8.0\Dev2.Activities.dll [C:\Users\ultra\warewolf\Dev\Warewolf.Studio.CustomControls\Warewolf.Studio.CustomControls.csproj]
C:\Program Files\dotnet\sdk\10.0.201\Microsoft.Common.CurrentVersion.targets(2451,5): warning MSB3277:             C:\Users\ultra\warewolf\Dev\Dev2.Studio.Core\bin\Debug\net8.0\Dev2.Studio.Core.dll [C:\Users\ultra\warewolf\Dev\Warewolf.Studio.CustomControls\Warewolf.Studio.CustomControls.csproj]
C:\Program Files\dotnet\sdk\10.0.201\Microsoft.Common.CurrentVersion.targets(2451,5): warning MSB3277:             C:\Users\ultra\warewolf\Dev\Dev2.Intellisense\bin\Debug\net8.0\Dev2.Intellisense.dll [C:\Users\ultra\warewolf\Dev\Warewolf.Studio.CustomControls\Warewolf.Studio.CustomControls.csproj]
C:\Program Files\dotnet\sdk\10.0.201\Microsoft.Common.CurrentVersion.targets(2451,5): warning MSB3277:             C:\Users\ultra\warewolf\Dev\Dev2.Runtime.Services\bin\Debug\net8.0\Dev2.Runtime.Services.dll [C:\Users\ultra\warewolf\Dev\Warewolf.Studio.CustomControls\Warewolf.Studio.CustomControls.csproj]
C:\Program Files\dotnet\sdk\10.0.201\Microsoft.Common.CurrentVersion.targets(2451,5): warning MSB3277:             C:\Users\ultra\warewolf\Dev\Dev2.Studio.Interfaces\bin\Debug\net8.0\Dev2.Studio.Interfaces.dll [C:\Users\ultra\warewolf\Dev\Warewolf.Studio.CustomControls\Warewolf.Studio.CustomControls.csproj]
C:\Program Files\dotnet\sdk\10.0.201\Microsoft.Common.CurrentVersion.targets(2451,5): warning MSB3277:             C:\Users\ultra\warewolf\Dev\Dev2.Services.Execution\bin\Debug\net8.0\Dev2.Services.Execution.dll [C:\Users\ultra\warewolf\Dev\Warewolf.Studio.CustomControls\Warewolf.Studio.CustomControls.csproj]
C:\Program Files\dotnet\sdk\10.0.201\Microsoft.Common.CurrentVersion.targets(2451,5): warning MSB3277:             C:\Users\ultra\warewolf\Dev\Warewolf.Common.NetStandard20\bin\Debug\net8.0\Warewolf.Common.NetStandard20.dll [C:\Users\ultra\warewolf\Dev\Warewolf.Studio.CustomControls\Warewolf.Studio.CustomControls.csproj]
C:\Program Files\dotnet\sdk\10.0.201\Microsoft.Common.CurrentVersion.targets(2451,5): warning MSB3277:             C:\Users\ultra\warewolf\Dev\Warewolf.Driver.Persistence\bin\Debug\net8.0\Warewolf.Driver.Persistence.dll [C:\Users\ultra\warewolf\Dev\Warewolf.Studio.CustomControls\Warewolf.Studio.CustomControls.csproj]
C:\Program Files\dotnet\sdk\10.0.201\Microsoft.Common.CurrentVersion.targets(2451,5): warning MSB3277:             C:\Users\ultra\warewolf\Dev\Warewolf.Studio.Core\bin\Debug\net8.0\Warewolf.Studio.Core.dll [C:\Users\ultra\warewolf\Dev\Warewolf.Studio.CustomControls\Warewolf.Studio.CustomControls.csproj]
C:\Program Files\dotnet\sdk\10.0.201\Microsoft.Common.CurrentVersion.targets(2451,5): warning MSB3277:         C:\Users\ultra\.nuget\packages\mysql.data\8.4.0\lib\net8.0\MySql.Data.dll [C:\Users\ultra\warewolf\Dev\Warewolf.Studio.CustomControls\Warewolf.Studio.CustomControls.csproj]
C:\Program Files\dotnet\sdk\10.0.201\Microsoft.Common.CurrentVersion.targets(2451,5): warning MSB3277:           Project file item includes which caused reference "C:\Users\ultra\.nuget\packages\mysql.data\8.4.0\lib\net8.0\MySql.Data.dll". [C:\Users\ultra\warewolf\Dev\Warewolf.Studio.CustomControls\Warewolf.Studio.CustomControls.csproj]
C:\Program Files\dotnet\sdk\10.0.201\Microsoft.Common.CurrentVersion.targets(2451,5): warning MSB3277:             C:\Users\ultra\.nuget\packages\mysql.data\8.4.0\lib\net8.0\MySql.Data.dll [C:\Users\ultra\warewolf\Dev\Warewolf.Studio.CustomControls\Warewolf.Studio.CustomControls.csproj]
C:\Program Files\dotnet\sdk\10.0.201\Microsoft.Common.CurrentVersion.targets(2451,5): warning MSB3277:             C:\Users\ultra\warewolf\Dev\Dev2.Activities\bin\Debug\net8.0\Dev2.Activities.dll [C:\Users\ultra\warewolf\Dev\Warewolf.Studio.CustomControls\Warewolf.Studio.CustomControls.csproj]
C:\Program Files\dotnet\sdk\10.0.201\Microsoft.Common.CurrentVersion.targets(2451,5): warning MSB3277:             C:\Users\ultra\warewolf\Dev\Dev2.Studio.Core\bin\Debug\net8.0\Dev2.Studio.Core.dll [C:\Users\ultra\warewolf\Dev\Warewolf.Studio.CustomControls\Warewolf.Studio.CustomControls.csproj]
C:\Program Files\dotnet\sdk\10.0.201\Microsoft.Common.CurrentVersion.targets(2451,5): warning MSB3277:             C:\Users\ultra\warewolf\Dev\Dev2.Intellisense\bin\Debug\net8.0\Dev2.Intellisense.dll [C:\Users\ultra\warewolf\Dev\Warewolf.Studio.CustomControls\Warewolf.Studio.CustomControls.csproj]
C:\Program Files\dotnet\sdk\10.0.201\Microsoft.Common.CurrentVersion.targets(2451,5): warning MSB3277:             C:\Users\ultra\warewolf\Dev\Dev2.Runtime.Services\bin\Debug\net8.0\Dev2.Runtime.Services.dll [C:\Users\ultra\warewolf\Dev\Warewolf.Studio.CustomControls\Warewolf.Studio.CustomControls.csproj]
C:\Program Files\dotnet\sdk\10.0.201\Microsoft.Common.CurrentVersion.targets(2451,5): warning MSB3277:             C:\Users\ultra\warewolf\Dev\Dev2.Studio.Interfaces\bin\Debug\net8.0\Dev2.Studio.Interfaces.dll [C:\Users\ultra\warewolf\Dev\Warewolf.Studio.CustomControls\Warewolf.Studio.CustomControls.csproj]
C:\Program Files\dotnet\sdk\10.0.201\Microsoft.Common.CurrentVersion.targets(2451,5): warning MSB3277:             C:\Users\ultra\warewolf\Dev\Dev2.Services.Execution\bin\Debug\net8.0\Dev2.Services.Execution.dll [C:\Users\ultra\warewolf\Dev\Warewolf.Studio.CustomControls\Warewolf.Studio.CustomControls.csproj]
C:\Program Files\dotnet\sdk\10.0.201\Microsoft.Common.CurrentVersion.targets(2451,5): warning MSB3277:             C:\Users\ultra\warewolf\Dev\Dev2.Services.Sql\bin\Debug\net8.0\Dev2.Services.Sql.dll [C:\Users\ultra\warewolf\Dev\Warewolf.Studio.CustomControls\Warewolf.Studio.CustomControls.csproj]
C:\Program Files\dotnet\sdk\10.0.201\Microsoft.Common.CurrentVersion.targets(2451,5): warning MSB3277:             C:\Users\ultra\warewolf\Dev\Warewolf.Driver.Persistence\bin\Debug\net8.0\Warewolf.Driver.Persistence.dll [C:\Users\ultra\warewolf\Dev\Warewolf.Studio.CustomControls\Warewolf.Studio.CustomControls.csproj]
C:\Program Files\dotnet\sdk\10.0.201\Microsoft.Common.CurrentVersion.targets(2451,5): warning MSB3277:             C:\Users\ultra\warewolf\Dev\Warewolf.Studio.Core\bin\Debug\net8.0\Warewolf.Studio.Core.dll [C:\Users\ultra\warewolf\Dev\Warewolf.Studio.CustomControls\Warewolf.Studio.CustomControls.csproj]
C:\Program Files\dotnet\sdk\10.0.201\Microsoft.Common.CurrentVersion.targets(2451,5): warning MSB3277:         C:\Users\ultra\.nuget\packages\oracle.manageddataaccess.core\3.21.70\lib\netstandard2.1\Oracle.ManagedDataAccess.dll [C:\Users\ultra\warewolf\Dev\Warewolf.Studio.CustomControls\Warewolf.Studio.CustomControls.csproj]
C:\Program Files\dotnet\sdk\10.0.201\Microsoft.Common.CurrentVersion.targets(2451,5): warning MSB3277:           Project file item includes which caused reference "C:\Users\ultra\.nuget\packages\oracle.manageddataaccess.core\3.21.70\lib\netstandard2.1\Oracle.ManagedDataAccess.dll". [C:\Users\ultra\warewolf\Dev\Warewolf.Studio.CustomControls\Warewolf.Studio.CustomControls.csproj]
C:\Program Files\dotnet\sdk\10.0.201\Microsoft.Common.CurrentVersion.targets(2451,5): warning MSB3277:             C:\Users\ultra\.nuget\packages\oracle.manageddataaccess.core\3.21.70\lib\netstandard2.1\Oracle.ManagedDataAccess.dll [C:\Users\ultra\warewolf\Dev\Warewolf.Studio.CustomControls\Warewolf.Studio.CustomControls.csproj]
C:\Program Files\dotnet\sdk\10.0.201\Microsoft.Common.CurrentVersion.targets(2451,5): warning MSB3277:             C:\Users\ultra\warewolf\Dev\Dev2.Runtime.Services\bin\Debug\net8.0\Dev2.Runtime.Services.dll [C:\Users\ultra\warewolf\Dev\Warewolf.Studio.CustomControls\Warewolf.Studio.CustomControls.csproj]
C:\Program Files\dotnet\sdk\10.0.201\Microsoft.Common.CurrentVersion.targets(2451,5): warning MSB3277:             C:\Users\ultra\warewolf\Dev\Dev2.Studio.Core\bin\Debug\net8.0\Dev2.Studio.Core.dll [C:\Users\ultra\warewolf\Dev\Warewolf.Studio.CustomControls\Warewolf.Studio.CustomControls.csproj]
C:\Program Files\dotnet\sdk\10.0.201\Microsoft.Common.CurrentVersion.targets(2451,5): warning MSB3277:             C:\Users\ultra\warewolf\Dev\Dev2.Intellisense\bin\Debug\net8.0\Dev2.Intellisense.dll [C:\Users\ultra\warewolf\Dev\Warewolf.Studio.CustomControls\Warewolf.Studio.CustomControls.csproj]
C:\Program Files\dotnet\sdk\10.0.201\Microsoft.Common.CurrentVersion.targets(2451,5): warning MSB3277:             C:\Users\ultra\warewolf\Dev\Dev2.Studio.Interfaces\bin\Debug\net8.0\Dev2.Studio.Interfaces.dll [C:\Users\ultra\warewolf\Dev\Warewolf.Studio.CustomControls\Warewolf.Studio.CustomControls.csproj]
C:\Program Files\dotnet\sdk\10.0.201\Microsoft.Common.CurrentVersion.targets(2451,5): warning MSB3277:             C:\Users\ultra\warewolf\Dev\Dev2.Activities\bin\Debug\net8.0\Dev2.Activities.dll [C:\Users\ultra\warewolf\Dev\Warewolf.Studio.CustomControls\Warewolf.Studio.CustomControls.csproj]
C:\Program Files\dotnet\sdk\10.0.201\Microsoft.Common.CurrentVersion.targets(2451,5): warning MSB3277:             C:\Users\ultra\warewolf\Dev\Dev2.Services.Execution\bin\Debug\net8.0\Dev2.Services.Execution.dll [C:\Users\ultra\warewolf\Dev\Warewolf.Studio.CustomControls\Warewolf.Studio.CustomControls.csproj]
C:\Program Files\dotnet\sdk\10.0.201\Microsoft.Common.CurrentVersion.targets(2451,5): warning MSB3277:             C:\Users\ultra\warewolf\Dev\Dev2.Services.Sql\bin\Debug\net8.0\Dev2.Services.Sql.dll [C:\Users\ultra\warewolf\Dev\Warewolf.Studio.CustomControls\Warewolf.Studio.CustomControls.csproj]
C:\Program Files\dotnet\sdk\10.0.201\Microsoft.Common.CurrentVersion.targets(2451,5): warning MSB3277:             C:\Users\ultra\warewolf\Dev\Warewolf.Driver.Persistence\bin\Debug\net8.0\Warewolf.Driver.Persistence.dll [C:\Users\ultra\warewolf\Dev\Warewolf.Studio.CustomControls\Warewolf.Studio.CustomControls.csproj]
C:\Program Files\dotnet\sdk\10.0.201\Microsoft.Common.CurrentVersion.targets(2451,5): warning MSB3277:             C:\Users\ultra\warewolf\Dev\Warewolf.Studio.Core\bin\Debug\net8.0\Warewolf.Studio.Core.dll [C:\Users\ultra\warewolf\Dev\Warewolf.Studio.CustomControls\Warewolf.Studio.CustomControls.csproj]
C:\Program Files\dotnet\sdk\10.0.201\Microsoft.Common.CurrentVersion.targets(2451,5): warning MSB3277:         C:\Users\ultra\.nuget\packages\system.directoryservices\6.0.0\lib\net6.0\System.DirectoryServices.dll [C:\Users\ultra\warewolf\Dev\Warewolf.Studio.CustomControls\Warewolf.Studio.CustomControls.csproj]
C:\Program Files\dotnet\sdk\10.0.201\Microsoft.Common.CurrentVersion.targets(2451,5): warning MSB3277:           Project file item includes which caused reference "C:\Users\ultra\.nuget\packages\system.directoryservices\6.0.0\lib\net6.0\System.DirectoryServices.dll". [C:\Users\ultra\warewolf\Dev\Warewolf.Studio.CustomControls\Warewolf.Studio.CustomControls.csproj]
C:\Program Files\dotnet\sdk\10.0.201\Microsoft.Common.CurrentVersion.targets(2451,5): warning MSB3277:             C:\Users\ultra\.nuget\packages\system.directoryservices\6.0.0\lib\net6.0\System.DirectoryServices.dll [C:\Users\ultra\warewolf\Dev\Warewolf.Studio.CustomControls\Warewolf.Studio.CustomControls.csproj]
C:\Program Files\dotnet\sdk\10.0.201\Microsoft.Common.CurrentVersion.targets(2451,5): warning MSB3277:             C:\Users\ultra\.nuget\packages\corewcf.primitives\1.2.1\lib\netstandard2.0\CoreWCF.Primitives.dll [C:\Users\ultra\warewolf\Dev\Warewolf.Studio.CustomControls\Warewolf.Studio.CustomControls.csproj]
C:\Program Files\dotnet\sdk\10.0.201\Microsoft.Common.CurrentVersion.targets(2451,5): warning MSB3277:             C:\Users\ultra\warewolf\Dev\Dev2.Runtime.Services\bin\Debug\net8.0\Dev2.Runtime.Services.dll [C:\Users\ultra\warewolf\Dev\Warewolf.Studio.CustomControls\Warewolf.Studio.CustomControls.csproj]
C:\Program Files\dotnet\sdk\10.0.201\Microsoft.Common.CurrentVersion.targets(2451,5): warning MSB3277:             C:\Users\ultra\warewolf\Dev\Dev2.Studio.Core\bin\Debug\net8.0\Dev2.Studio.Core.dll [C:\Users\ultra\warewolf\Dev\Warewolf.Studio.CustomControls\Warewolf.Studio.CustomControls.csproj]
C:\Program Files\dotnet\sdk\10.0.201\Microsoft.Common.CurrentVersion.targets(2451,5): warning MSB3277:             C:\Users\ultra\warewolf\Dev\Dev2.Intellisense\bin\Debug\net8.0\Dev2.Intellisense.dll [C:\Users\ultra\warewolf\Dev\Warewolf.Studio.CustomControls\Warewolf.Studio.CustomControls.csproj]
C:\Program Files\dotnet\sdk\10.0.201\Microsoft.Common.CurrentVersion.targets(2451,5): warning MSB3277:             C:\Users\ultra\warewolf\Dev\Dev2.Studio.Interfaces\bin\Debug\net8.0\Dev2.Studio.Interfaces.dll [C:\Users\ultra\warewolf\Dev\Warewolf.Studio.CustomControls\Warewolf.Studio.CustomControls.csproj]
C:\Program Files\dotnet\sdk\10.0.201\Microsoft.Common.CurrentVersion.targets(2451,5): warning MSB3277:             C:\Users\ultra\warewolf\Dev\Dev2.Activities\bin\Debug\net8.0\Dev2.Activities.dll [C:\Users\ultra\warewolf\Dev\Warewolf.Studio.CustomControls\Warewolf.Studio.CustomControls.csproj]
C:\Program Files\dotnet\sdk\10.0.201\Microsoft.Common.CurrentVersion.targets(2451,5): warning MSB3277:             C:\Users\ultra\warewolf\Dev\Dev2.Services.Execution\bin\Debug\net8.0\Dev2.Services.Execution.dll [C:\Users\ultra\warewolf\Dev\Warewolf.Studio.CustomControls\Warewolf.Studio.CustomControls.csproj]
C:\Program Files\dotnet\sdk\10.0.201\Microsoft.Common.CurrentVersion.targets(2451,5): warning MSB3277:             C:\Users\ultra\warewolf\Dev\Warewolf.Driver.Persistence\bin\Debug\net8.0\Warewolf.Driver.Persistence.dll [C:\Users\ultra\warewolf\Dev\Warewolf.Studio.CustomControls\Warewolf.Studio.CustomControls.csproj]
C:\Program Files\dotnet\sdk\10.0.201\Microsoft.Common.CurrentVersion.targets(2451,5): warning MSB3277:             C:\Users\ultra\warewolf\Dev\Warewolf.Studio.Core\bin\Debug\net8.0\Warewolf.Studio.Core.dll [C:\Users\ultra\warewolf\Dev\Warewolf.Studio.CustomControls\Warewolf.Studio.CustomControls.csproj]
C:\Program Files\dotnet\sdk\10.0.201\Microsoft.Common.CurrentVersion.targets(2451,5): warning MSB3277:             C:\Users\ultra\.nuget\packages\corewcf.http\1.2.1\lib\netstandard2.0\CoreWCF.Http.dll [C:\Users\ultra\warewolf\Dev\Warewolf.Studio.CustomControls\Warewolf.Studio.CustomControls.csproj]
C:\Program Files\dotnet\sdk\10.0.201\Microsoft.Common.CurrentVersion.targets(2451,5): warning MSB3277:             C:\Users\ultra\.nuget\packages\corewcf.nettcp\1.2.1\lib\netstandard2.0\CoreWCF.NetTcp.dll [C:\Users\ultra\warewolf\Dev\Warewolf.Studio.CustomControls\Warewolf.Studio.CustomControls.csproj]
C:\Program Files\dotnet\sdk\10.0.201\Microsoft.Common.CurrentVersion.targets(2451,5): warning MSB3277:             C:\Users\ultra\.nuget\packages\corewcf.webhttp\1.2.1\lib\netstandard2.0\CoreWCF.WebHttp.dll [C:\Users\ultra\warewolf\Dev\Warewolf.Studio.CustomControls\Warewolf.Studio.CustomControls.csproj]
C:\Program Files\dotnet\sdk\10.0.201\Microsoft.Common.CurrentVersion.targets(2451,5): warning MSB3277:         C:\Program Files\dotnet\packs\Microsoft.NETCore.App.Ref\8.0.25\ref\net8.0\System.Configuration.dll [C:\Users\ultra\warewolf\Dev\Warewolf.Studio.CustomControls\Warewolf.Studio.CustomControls.csproj]
C:\Program Files\dotnet\sdk\10.0.201\Microsoft.Common.CurrentVersion.targets(2451,5): warning MSB3277:           Project file item includes which caused reference "C:\Program Files\dotnet\packs\Microsoft.NETCore.App.Ref\8.0.25\ref\net8.0\System.Configuration.dll". [C:\Users\ultra\warewolf\Dev\Warewolf.Studio.CustomControls\Warewolf.Studio.CustomControls.csproj]
C:\Program Files\dotnet\sdk\10.0.201\Microsoft.Common.CurrentVersion.targets(2451,5): warning MSB3277:             C:\Program Files\dotnet\packs\Microsoft.NETCore.App.Ref\8.0.25\ref/net8.0/System.Configuration.dll [C:\Users\ultra\warewolf\Dev\Warewolf.Studio.CustomControls\Warewolf.Studio.CustomControls.csproj]
C:\Program Files\dotnet\sdk\10.0.201\Microsoft.Common.CurrentVersion.targets(2451,5): warning MSB3277:             C:\Users\ultra\.nuget\packages\prism.wpf\9.0.537\lib\net462\Prism.Wpf.dll [C:\Users\ultra\warewolf\Dev\Warewolf.Studio.CustomControls\Warewolf.Studio.CustomControls.csproj]
C:\Program Files\dotnet\sdk\10.0.201\Microsoft.Common.CurrentVersion.targets(2451,5): warning MSB3277:         C:\Program Files\dotnet\packs\Microsoft.NETCore.App.Ref\8.0.25\ref\net8.0\System.Data.dll [C:\Users\ultra\warewolf\Dev\Warewolf.Studio.CustomControls\Warewolf.Studio.CustomControls.csproj]
C:\Program Files\dotnet\sdk\10.0.201\Microsoft.Common.CurrentVersion.targets(2451,5): warning MSB3277:           Project file item includes which caused reference "C:\Program Files\dotnet\packs\Microsoft.NETCore.App.Ref\8.0.25\ref\net8.0\System.Data.dll". [C:\Users\ultra\warewolf\Dev\Warewolf.Studio.CustomControls\Warewolf.Studio.CustomControls.csproj]
C:\Program Files\dotnet\sdk\10.0.201\Microsoft.Common.CurrentVersion.targets(2451,5): warning MSB3277:             C:\Program Files\dotnet\packs\Microsoft.NETCore.App.Ref\8.0.25\ref/net8.0/System.Data.dll [C:\Users\ultra\warewolf\Dev\Warewolf.Studio.CustomControls\Warewolf.Studio.CustomControls.csproj]
C:\Program Files\dotnet\sdk\10.0.201\Microsoft.Common.CurrentVersion.targets(2451,5): warning MSB3277:             C:\Users\ultra\.nuget\packages\taskschedulereditor\2.10.1\lib\net452\Microsoft.Win32.TaskSchedulerEditor.dll [C:\Users\ultra\warewolf\Dev\Warewolf.Studio.CustomControls\Warewolf.Studio.CustomControls.csproj]
C:\Program Files\dotnet\sdk\10.0.201\Microsoft.Common.CurrentVersion.targets(2451,5): warning MSB3277:         C:\Program Files\dotnet\packs\Microsoft.NETCore.App.Ref\8.0.25\ref\net8.0\System.Drawing.dll [C:\Users\ultra\warewolf\Dev\Warewolf.Studio.CustomControls\Warewolf.Studio.CustomControls.csproj]
C:\Program Files\dotnet\sdk\10.0.201\Microsoft.Common.CurrentVersion.targets(2451,5): warning MSB3277:           Project file item includes which caused reference "C:\Program Files\dotnet\packs\Microsoft.NETCore.App.Ref\8.0.25\ref\net8.0\System.Drawing.dll". [C:\Users\ultra\warewolf\Dev\Warewolf.Studio.CustomControls\Warewolf.Studio.CustomControls.csproj]
C:\Program Files\dotnet\sdk\10.0.201\Microsoft.Common.CurrentVersion.targets(2451,5): warning MSB3277:             C:\Program Files\dotnet\packs\Microsoft.NETCore.App.Ref\8.0.25\ref/net8.0/System.Drawing.dll [C:\Users\ultra\warewolf\Dev\Warewolf.Studio.CustomControls\Warewolf.Studio.CustomControls.csproj]
C:\Program Files\dotnet\sdk\10.0.201\Microsoft.Common.CurrentVersion.targets(2451,5): warning MSB3277:             C:\Users\ultra\.nuget\packages\aerowizard\2.3.1\lib\net45\AeroWizard.dll [C:\Users\ultra\warewolf\Dev\Warewolf.Studio.CustomControls\Warewolf.Studio.CustomControls.csproj]
C:\Program Files\dotnet\sdk\10.0.201\Microsoft.Common.CurrentVersion.targets(2451,5): warning MSB3277:             C:\Users\ultra\.nuget\packages\groupcontrols\1.9.0\lib\net45\GroupControls.dll [C:\Users\ultra\warewolf\Dev\Warewolf.Studio.CustomControls\Warewolf.Studio.CustomControls.csproj]
C:\Program Files\dotnet\sdk\10.0.201\Microsoft.Common.CurrentVersion.targets(2451,5): warning MSB3277:             C:\Users\ultra\.nuget\packages\taskschedulereditor\2.10.1\lib\net452\Microsoft.Win32.TaskSchedulerEditor.dll [C:\Users\ultra\warewolf\Dev\Warewolf.Studio.CustomControls\Warewolf.Studio.CustomControls.csproj]
C:\Program Files\dotnet\sdk\10.0.201\Microsoft.Common.CurrentVersion.targets(2451,5): warning MSB3277:         C:\Program Files\dotnet\packs\Microsoft.NETCore.App.Ref\8.0.25\ref\net8.0\System.Net.dll [C:\Users\ultra\warewolf\Dev\Warewolf.Studio.CustomControls\Warewolf.Studio.CustomControls.csproj]
C:\Program Files\dotnet\sdk\10.0.201\Microsoft.Common.CurrentVersion.targets(2451,5): warning MSB3277:           Project file item includes which caused reference "C:\Program Files\dotnet\packs\Microsoft.NETCore.App.Ref\8.0.25\ref\net8.0\System.Net.dll". [C:\Users\ultra\warewolf\Dev\Warewolf.Studio.CustomControls\Warewolf.Studio.CustomControls.csproj]
C:\Program Files\dotnet\sdk\10.0.201\Microsoft.Common.CurrentVersion.targets(2451,5): warning MSB3277:             C:\Program Files\dotnet\packs\Microsoft.NETCore.App.Ref\8.0.25\ref/net8.0/System.Net.dll [C:\Users\ultra\warewolf\Dev\Warewolf.Studio.CustomControls\Warewolf.Studio.CustomControls.csproj]
C:\Program Files\dotnet\sdk\10.0.201\Microsoft.Common.CurrentVersion.targets(2451,5): warning MSB3277:         C:\Program Files\dotnet\packs\Microsoft.NETCore.App.Ref\8.0.25\ref\net8.0\System.Security.dll [C:\Users\ultra\warewolf\Dev\Warewolf.Studio.CustomControls\Warewolf.Studio.CustomControls.csproj]
C:\Program Files\dotnet\sdk\10.0.201\Microsoft.Common.CurrentVersion.targets(2451,5): warning MSB3277:           Project file item includes which caused reference "C:\Program Files\dotnet\packs\Microsoft.NETCore.App.Ref\8.0.25\ref\net8.0\System.Security.dll". [C:\Users\ultra\warewolf\Dev\Warewolf.Studio.CustomControls\Warewolf.Studio.CustomControls.csproj]
C:\Program Files\dotnet\sdk\10.0.201\Microsoft.Common.CurrentVersion.targets(2451,5): warning MSB3277:             C:\Program Files\dotnet\packs\Microsoft.NETCore.App.Ref\8.0.25\ref/net8.0/System.Security.dll [C:\Users\ultra\warewolf\Dev\Warewolf.Studio.CustomControls\Warewolf.Studio.CustomControls.csproj]
C:\Program Files\dotnet\sdk\10.0.201\Microsoft.Common.CurrentVersion.targets(2451,5): warning MSB3277:         C:\Program Files\dotnet\packs\Microsoft.NETCore.App.Ref\8.0.25\ref\net8.0\System.ServiceProcess.dll [C:\Users\ultra\warewolf\Dev\Warewolf.Studio.CustomControls\Warewolf.Studio.CustomControls.csproj]
C:\Program Files\dotnet\sdk\10.0.201\Microsoft.Common.CurrentVersion.targets(2451,5): warning MSB3277:           Project file item includes which caused reference "C:\Program Files\dotnet\packs\Microsoft.NETCore.App.Ref\8.0.25\ref\net8.0\System.ServiceProcess.dll". [C:\Users\ultra\warewolf\Dev\Warewolf.Studio.CustomControls\Warewolf.Studio.CustomControls.csproj]
C:\Program Files\dotnet\sdk\10.0.201\Microsoft.Common.CurrentVersion.targets(2451,5): warning MSB3277:             C:\Program Files\dotnet\packs\Microsoft.NETCore.App.Ref\8.0.25\ref/net8.0/System.ServiceProcess.dll [C:\Users\ultra\warewolf\Dev\Warewolf.Studio.CustomControls\Warewolf.Studio.CustomControls.csproj]
C:\Program Files\dotnet\sdk\10.0.201\Microsoft.Common.CurrentVersion.targets(2451,5): warning MSB3277:         C:\Program Files\dotnet\packs\Microsoft.NETCore.App.Ref\8.0.25\ref\net8.0\System.Transactions.dll [C:\Users\ultra\warewolf\Dev\Warewolf.Studio.CustomControls\Warewolf.Studio.CustomControls.csproj]
C:\Program Files\dotnet\sdk\10.0.201\Microsoft.Common.CurrentVersion.targets(2451,5): warning MSB3277:           Project file item includes which caused reference "C:\Program Files\dotnet\packs\Microsoft.NETCore.App.Ref\8.0.25\ref\net8.0\System.Transactions.dll". [C:\Users\ultra\warewolf\Dev\Warewolf.Studio.CustomControls\Warewolf.Studio.CustomControls.csproj]
C:\Program Files\dotnet\sdk\10.0.201\Microsoft.Common.CurrentVersion.targets(2451,5): warning MSB3277:             C:\Program Files\dotnet\packs\Microsoft.NETCore.App.Ref\8.0.25\ref/net8.0/System.Transactions.dll [C:\Users\ultra\warewolf\Dev\Warewolf.Studio.CustomControls\Warewolf.Studio.CustomControls.csproj]
C:\Program Files\dotnet\sdk\10.0.201\Microsoft.Common.CurrentVersion.targets(2451,5): warning MSB3277:         C:\Program Files\dotnet\packs\Microsoft.NETCore.App.Ref\8.0.25\ref\net8.0\System.dll [C:\Users\ultra\warewolf\Dev\Warewolf.Studio.CustomControls\Warewolf.Studio.CustomControls.csproj]
C:\Program Files\dotnet\sdk\10.0.201\Microsoft.Common.CurrentVersion.targets(2451,5): warning MSB3277:           Project file item includes which caused reference "C:\Program Files\dotnet\packs\Microsoft.NETCore.App.Ref\8.0.25\ref\net8.0\System.dll". [C:\Users\ultra\warewolf\Dev\Warewolf.Studio.CustomControls\Warewolf.Studio.CustomControls.csproj]
C:\Program Files\dotnet\sdk\10.0.201\Microsoft.Common.CurrentVersion.targets(2451,5): warning MSB3277:             C:\Program Files\dotnet\packs\Microsoft.NETCore.App.Ref\8.0.25\ref/net8.0/System.dll [C:\Users\ultra\warewolf\Dev\Warewolf.Studio.CustomControls\Warewolf.Studio.CustomControls.csproj]
C:\Program Files\dotnet\sdk\10.0.201\Microsoft.Common.CurrentVersion.targets(2451,5): warning MSB3277:             C:\Users\ultra\.nuget\packages\aerowizard\2.3.1\lib\net45\AeroWizard.dll [C:\Users\ultra\warewolf\Dev\Warewolf.Studio.CustomControls\Warewolf.Studio.CustomControls.csproj]
C:\Program Files\dotnet\sdk\10.0.201\Microsoft.Common.CurrentVersion.targets(2451,5): warning MSB3277:             C:\Users\ultra\.nuget\packages\groupcontrols\1.9.0\lib\net45\GroupControls.dll [C:\Users\ultra\warewolf\Dev\Warewolf.Studio.CustomControls\Warewolf.Studio.CustomControls.csproj]
C:\Program Files\dotnet\sdk\10.0.201\Microsoft.Common.CurrentVersion.targets(2451,5): warning MSB3277:             C:\Users\ultra\.nuget\packages\microsoft.xaml.behaviors.wpf\1.1.122\lib\net462\Microsoft.Xaml.Behaviors.dll [C:\Users\ultra\warewolf\Dev\Warewolf.Studio.CustomControls\Warewolf.Studio.CustomControls.csproj]
C:\Program Files\dotnet\sdk\10.0.201\Microsoft.Common.CurrentVersion.targets(2451,5): warning MSB3277:             C:\Users\ultra\.nuget\packages\caliburn.micro\4.0.212\lib\netcoreapp3.1\Caliburn.Micro.Platform.dll [C:\Users\ultra\warewolf\Dev\Warewolf.Studio.CustomControls\Warewolf.Studio.CustomControls.csproj]
C:\Program Files\dotnet\sdk\10.0.201\Microsoft.Common.CurrentVersion.targets(2451,5): warning MSB3277:             C:\Users\ultra\.nuget\packages\prism.wpf\9.0.537\lib\net462\Prism.Wpf.dll [C:\Users\ultra\warewolf\Dev\Warewolf.Studio.CustomControls\Warewolf.Studio.CustomControls.csproj]
C:\Program Files\dotnet\sdk\10.0.201\Microsoft.Common.CurrentVersion.targets(2451,5): warning MSB3277:             C:\Users\ultra\.nuget\packages\reactiveui.wpf\18.4.1\lib\net462\ReactiveUI.Wpf.dll [C:\Users\ultra\warewolf\Dev\Warewolf.Studio.CustomControls\Warewolf.Studio.CustomControls.csproj]
C:\Program Files\dotnet\sdk\10.0.201\Microsoft.Common.CurrentVersion.targets(2451,5): warning MSB3277:             C:\Users\ultra\.nuget\packages\taskschedulereditor\2.10.1\lib\net452\Microsoft.Win32.TaskSchedulerEditor.dll [C:\Users\ultra\warewolf\Dev\Warewolf.Studio.CustomControls\Warewolf.Studio.CustomControls.csproj]
C:\Program Files\dotnet\sdk\10.0.201\Microsoft.Common.CurrentVersion.targets(2451,5): warning MSB3277:             C:\Users\ultra\.nuget\packages\ttcue.netcore.sharepointonline.csom.16.1.8029.1200\16.1.8029.1200\lib\netcoreapp2.0\Microsoft.SharePoint.Client.Runtime.Windows.dll [C:\Users\ultra\warewolf\Dev\Warewolf.Studio.CustomControls\Warewolf.Studio.CustomControls.csproj]
C:\Program Files\dotnet\sdk\10.0.201\Microsoft.Common.CurrentVersion.targets(2451,5): warning MSB3277:         C:\Program Files\dotnet\packs\Microsoft.NETCore.App.Ref\8.0.25\ref\net8.0\WindowsBase.dll [C:\Users\ultra\warewolf\Dev\Warewolf.Studio.CustomControls\Warewolf.Studio.CustomControls.csproj]
C:\Program Files\dotnet\sdk\10.0.201\Microsoft.Common.CurrentVersion.targets(2451,5): warning MSB3277:           Project file item includes which caused reference "C:\Program Files\dotnet\packs\Microsoft.NETCore.App.Ref\8.0.25\ref\net8.0\WindowsBase.dll". [C:\Users\ultra\warewolf\Dev\Warewolf.Studio.CustomControls\Warewolf.Studio.CustomControls.csproj]
C:\Program Files\dotnet\sdk\10.0.201\Microsoft.Common.CurrentVersion.targets(2451,5): warning MSB3277:             C:\Program Files\dotnet\packs\Microsoft.NETCore.App.Ref\8.0.25\ref/net8.0/WindowsBase.dll [C:\Users\ultra\warewolf\Dev\Warewolf.Studio.CustomControls\Warewolf.Studio.CustomControls.csproj]
C:\Program Files\dotnet\sdk\10.0.201\Microsoft.Common.CurrentVersion.targets(2451,5): warning MSB3277:         C:\Program Files\dotnet\packs\Microsoft.NETCore.App.Ref\8.0.25\ref\net8.0\mscorlib.dll [C:\Users\ultra\warewolf\Dev\Warewolf.Studio.CustomControls\Warewolf.Studio.CustomControls.csproj]
C:\Program Files\dotnet\sdk\10.0.201\Microsoft.Common.CurrentVersion.targets(2451,5): warning MSB3277:           Project file item includes which caused reference "C:\Program Files\dotnet\packs\Microsoft.NETCore.App.Ref\8.0.25\ref\net8.0\mscorlib.dll". [C:\Users\ultra\warewolf\Dev\Warewolf.Studio.CustomControls\Warewolf.Studio.CustomControls.csproj]
C:\Program Files\dotnet\sdk\10.0.201\Microsoft.Common.CurrentVersion.targets(2451,5): warning MSB3277:             C:\Program Files\dotnet\packs\Microsoft.NETCore.App.Ref\8.0.25\ref/net8.0/mscorlib.dll [C:\Users\ultra\warewolf\Dev\Warewolf.Studio.CustomControls\Warewolf.Studio.CustomControls.csproj]
C:\Program Files\dotnet\sdk\10.0.201\Microsoft.Common.CurrentVersion.targets(2451,5): warning MSB3277:             C:\Users\ultra\.nuget\packages\aerowizard\2.3.1\lib\net45\AeroWizard.dll [C:\Users\ultra\warewolf\Dev\Warewolf.Studio.CustomControls\Warewolf.Studio.CustomControls.csproj]
C:\Program Files\dotnet\sdk\10.0.201\Microsoft.Common.CurrentVersion.targets(2451,5): warning MSB3277:             C:\Users\ultra\.nuget\packages\groupcontrols\1.9.0\lib\net45\GroupControls.dll [C:\Users\ultra\warewolf\Dev\Warewolf.Studio.CustomControls\Warewolf.Studio.CustomControls.csproj]
C:\Program Files\dotnet\sdk\10.0.201\Microsoft.Common.CurrentVersion.targets(2451,5): warning MSB3277:             C:\Users\ultra\.nuget\packages\hangfire.core\1.7.32\lib\netstandard2.0\Hangfire.Core.dll [C:\Users\ultra\warewolf\Dev\Warewolf.Studio.CustomControls\Warewolf.Studio.CustomControls.csproj]
C:\Program Files\dotnet\sdk\10.0.201\Microsoft.Common.CurrentVersion.targets(2451,5): warning MSB3277:             C:\Users\ultra\warewolf\Dev\Dev2.Activities\bin\Debug\net8.0\Dev2.Activities.dll [C:\Users\ultra\warewolf\Dev\Warewolf.Studio.CustomControls\Warewolf.Studio.CustomControls.csproj]
C:\Program Files\dotnet\sdk\10.0.201\Microsoft.Common.CurrentVersion.targets(2451,5): warning MSB3277:             C:\Users\ultra\warewolf\Dev\Dev2.Studio.Core\bin\Debug\net8.0\Dev2.Studio.Core.dll [C:\Users\ultra\warewolf\Dev\Warewolf.Studio.CustomControls\Warewolf.Studio.CustomControls.csproj]
C:\Program Files\dotnet\sdk\10.0.201\Microsoft.Common.CurrentVersion.targets(2451,5): warning MSB3277:             C:\Users\ultra\warewolf\Dev\Dev2.Intellisense\bin\Debug\net8.0\Dev2.Intellisense.dll [C:\Users\ultra\warewolf\Dev\Warewolf.Studio.CustomControls\Warewolf.Studio.CustomControls.csproj]
C:\Program Files\dotnet\sdk\10.0.201\Microsoft.Common.CurrentVersion.targets(2451,5): warning MSB3277:             C:\Users\ultra\warewolf\Dev\Warewolf.Driver.Persistence\bin\Debug\net8.0\Warewolf.Driver.Persistence.dll [C:\Users\ultra\warewolf\Dev\Warewolf.Studio.CustomControls\Warewolf.Studio.CustomControls.csproj]
C:\Program Files\dotnet\sdk\10.0.201\Microsoft.Common.CurrentVersion.targets(2451,5): warning MSB3277:             C:\Users\ultra\.nuget\packages\hangfire.sqlserver\1.7.32\lib\netstandard2.0\Hangfire.SqlServer.dll [C:\Users\ultra\warewolf\Dev\Warewolf.Studio.CustomControls\Warewolf.Studio.CustomControls.csproj]
C:\Program Files\dotnet\sdk\10.0.201\Microsoft.Common.CurrentVersion.targets(2451,5): warning MSB3277:             C:\Users\ultra\.nuget\packages\microsoft.xaml.behaviors.wpf\1.1.122\lib\net462\Microsoft.Xaml.Behaviors.dll [C:\Users\ultra\warewolf\Dev\Warewolf.Studio.CustomControls\Warewolf.Studio.CustomControls.csproj]
C:\Program Files\dotnet\sdk\10.0.201\Microsoft.Common.CurrentVersion.targets(2451,5): warning MSB3277:             C:\Users\ultra\.nuget\packages\caliburn.micro\4.0.212\lib\netcoreapp3.1\Caliburn.Micro.Platform.dll [C:\Users\ultra\warewolf\Dev\Warewolf.Studio.CustomControls\Warewolf.Studio.CustomControls.csproj]
C:\Program Files\dotnet\sdk\10.0.201\Microsoft.Common.CurrentVersion.targets(2451,5): warning MSB3277:             C:\Users\ultra\.nuget\packages\oracle.manageddataaccess.core\3.21.70\lib\netstandard2.1\Oracle.ManagedDataAccess.dll [C:\Users\ultra\warewolf\Dev\Warewolf.Studio.CustomControls\Warewolf.Studio.CustomControls.csproj]
C:\Program Files\dotnet\sdk\10.0.201\Microsoft.Common.CurrentVersion.targets(2451,5): warning MSB3277:             C:\Users\ultra\warewolf\Dev\Dev2.Runtime.Services\bin\Debug\net8.0\Dev2.Runtime.Services.dll [C:\Users\ultra\warewolf\Dev\Warewolf.Studio.CustomControls\Warewolf.Studio.CustomControls.csproj]
C:\Program Files\dotnet\sdk\10.0.201\Microsoft.Common.CurrentVersion.targets(2451,5): warning MSB3277:             C:\Users\ultra\warewolf\Dev\Dev2.Studio.Interfaces\bin\Debug\net8.0\Dev2.Studio.Interfaces.dll [C:\Users\ultra\warewolf\Dev\Warewolf.Studio.CustomControls\Warewolf.Studio.CustomControls.csproj]
C:\Program Files\dotnet\sdk\10.0.201\Microsoft.Common.CurrentVersion.targets(2451,5): warning MSB3277:             C:\Users\ultra\warewolf\Dev\Dev2.Services.Execution\bin\Debug\net8.0\Dev2.Services.Execution.dll [C:\Users\ultra\warewolf\Dev\Warewolf.Studio.CustomControls\Warewolf.Studio.CustomControls.csproj]
C:\Program Files\dotnet\sdk\10.0.201\Microsoft.Common.CurrentVersion.targets(2451,5): warning MSB3277:             C:\Users\ultra\warewolf\Dev\Dev2.Services.Sql\bin\Debug\net8.0\Dev2.Services.Sql.dll [C:\Users\ultra\warewolf\Dev\Warewolf.Studio.CustomControls\Warewolf.Studio.CustomControls.csproj]
C:\Program Files\dotnet\sdk\10.0.201\Microsoft.Common.CurrentVersion.targets(2451,5): warning MSB3277:             C:\Users\ultra\warewolf\Dev\Warewolf.Studio.Core\bin\Debug\net8.0\Warewolf.Studio.Core.dll [C:\Users\ultra\warewolf\Dev\Warewolf.Studio.CustomControls\Warewolf.Studio.CustomControls.csproj]
C:\Program Files\dotnet\sdk\10.0.201\Microsoft.Common.CurrentVersion.targets(2451,5): warning MSB3277:             C:\Users\ultra\.nuget\packages\prism.wpf\9.0.537\lib\net462\Prism.Wpf.dll [C:\Users\ultra\warewolf\Dev\Warewolf.Studio.CustomControls\Warewolf.Studio.CustomControls.csproj]
C:\Program Files\dotnet\sdk\10.0.201\Microsoft.Common.CurrentVersion.targets(2451,5): warning MSB3277:             C:\Users\ultra\.nuget\packages\reactiveui.wpf\18.4.1\lib\net462\ReactiveUI.Wpf.dll [C:\Users\ultra\warewolf\Dev\Warewolf.Studio.CustomControls\Warewolf.Studio.CustomControls.csproj]
C:\Program Files\dotnet\sdk\10.0.201\Microsoft.Common.CurrentVersion.targets(2451,5): warning MSB3277:             C:\Users\ultra\.nuget\packages\taskschedulereditor\2.10.1\lib\net452\Microsoft.Win32.TaskSchedulerEditor.dll [C:\Users\ultra\warewolf\Dev\Warewolf.Studio.CustomControls\Warewolf.Studio.CustomControls.csproj]
C:\Program Files\dotnet\sdk\10.0.201\Microsoft.Common.CurrentVersion.targets(2451,5): warning MSB3277:             C:\Users\ultra\.nuget\packages\ttcue.netcore.sharepointonline.csom.16.1.8029.1200\16.1.8029.1200\lib\netcoreapp2.0\Microsoft.SharePoint.Client.Runtime.Windows.dll [C:\Users\ultra\warewolf\Dev\Warewolf.Studio.CustomControls\Warewolf.Studio.CustomControls.csproj]
C:\Program Files\dotnet\sdk\10.0.201\Microsoft.Common.CurrentVersion.targets(2451,5): warning MSB3277:         C:\Users\ultra\warewolf\Dev\Dev2.Development.Languages\bin\Debug\net8.0\IronRuby.dll [C:\Users\ultra\warewolf\Dev\Warewolf.Studio.CustomControls\Warewolf.Studio.CustomControls.csproj]
C:\Program Files\dotnet\sdk\10.0.201\Microsoft.Common.CurrentVersion.targets(2451,5): warning MSB3277:           Project file item includes which caused reference "C:\Users\ultra\warewolf\Dev\Dev2.Development.Languages\bin\Debug\net8.0\IronRuby.dll". [C:\Users\ultra\warewolf\Dev\Warewolf.Studio.CustomControls\Warewolf.Studio.CustomControls.csproj]
C:\Program Files\dotnet\sdk\10.0.201\Microsoft.Common.CurrentVersion.targets(2451,5): warning MSB3277:             C:\Users\ultra\warewolf\Dev\Dev2.Development.Languages\bin\Debug\net8.0\Dev2.Development.Languages.dll [C:\Users\ultra\warewolf\Dev\Warewolf.Studio.CustomControls\Warewolf.Studio.CustomControls.csproj]
C:\Program Files\dotnet\sdk\10.0.201\Microsoft.Common.CurrentVersion.targets(2451,5): warning MSB3277:             C:\Users\ultra\warewolf\Dev\Dev2.Activities\bin\Debug\net8.0\Dev2.Activities.dll [C:\Users\ultra\warewolf\Dev\Warewolf.Studio.CustomControls\Warewolf.Studio.CustomControls.csproj]
C:\Program Files\dotnet\sdk\10.0.201\Microsoft.Common.CurrentVersion.targets(2451,5): warning MSB3277:             C:\Users\ultra\warewolf\Dev\Dev2.Studio.Core\bin\Debug\net8.0\Dev2.Studio.Core.dll [C:\Users\ultra\warewolf\Dev\Warewolf.Studio.CustomControls\Warewolf.Studio.CustomControls.csproj]
C:\Program Files\dotnet\sdk\10.0.201\Microsoft.Common.CurrentVersion.targets(2451,5): warning MSB3277:             C:\Users\ultra\warewolf\Dev\Dev2.Intellisense\bin\Debug\net8.0\Dev2.Intellisense.dll [C:\Users\ultra\warewolf\Dev\Warewolf.Studio.CustomControls\Warewolf.Studio.CustomControls.csproj]
C:\Program Files\dotnet\sdk\10.0.201\Microsoft.Common.CurrentVersion.targets(2451,5): warning MSB3277:         C:\Users\ultra\warewolf\Dev\Dev2.Development.Languages\bin\Debug\net8.0\IronRuby.Libraries.dll [C:\Users\ultra\warewolf\Dev\Warewolf.Studio.CustomControls\Warewolf.Studio.CustomControls.csproj]
C:\Program Files\dotnet\sdk\10.0.201\Microsoft.Common.CurrentVersion.targets(2451,5): warning MSB3277:           Project file item includes which caused reference "C:\Users\ultra\warewolf\Dev\Dev2.Development.Languages\bin\Debug\net8.0\IronRuby.Libraries.dll". [C:\Users\ultra\warewolf\Dev\Warewolf.Studio.CustomControls\Warewolf.Studio.CustomControls.csproj]
C:\Program Files\dotnet\sdk\10.0.201\Microsoft.Common.CurrentVersion.targets(2451,5): warning MSB3277:             C:\Users\ultra\warewolf\Dev\Dev2.Development.Languages\bin\Debug\net8.0\Dev2.Development.Languages.dll [C:\Users\ultra\warewolf\Dev\Warewolf.Studio.CustomControls\Warewolf.Studio.CustomControls.csproj]
C:\Program Files\dotnet\sdk\10.0.201\Microsoft.Common.CurrentVersion.targets(2451,5): warning MSB3277:             C:\Users\ultra\warewolf\Dev\Dev2.Activities\bin\Debug\net8.0\Dev2.Activities.dll [C:\Users\ultra\warewolf\Dev\Warewolf.Studio.CustomControls\Warewolf.Studio.CustomControls.csproj]
C:\Program Files\dotnet\sdk\10.0.201\Microsoft.Common.CurrentVersion.targets(2451,5): warning MSB3277:             C:\Users\ultra\warewolf\Dev\Dev2.Studio.Core\bin\Debug\net8.0\Dev2.Studio.Core.dll [C:\Users\ultra\warewolf\Dev\Warewolf.Studio.CustomControls\Warewolf.Studio.CustomControls.csproj]
C:\Program Files\dotnet\sdk\10.0.201\Microsoft.Common.CurrentVersion.targets(2451,5): warning MSB3277:             C:\Users\ultra\warewolf\Dev\Dev2.Intellisense\bin\Debug\net8.0\Dev2.Intellisense.dll [C:\Users\ultra\warewolf\Dev\Warewolf.Studio.CustomControls\Warewolf.Studio.CustomControls.csproj]
C:\Program Files\dotnet\sdk\10.0.201\Microsoft.Common.CurrentVersion.targets(2451,5): warning MSB3277: Found conflicts between different versions of "WindowsBase" that could not be resolved. [C:\Users\ultra\warewolf\Dev\Warewolf.Studio.CustomControls\Warewolf.Studio.CustomControls.csproj]
C:\Program Files\dotnet\sdk\10.0.201\Microsoft.Common.CurrentVersion.targets(2451,5): warning MSB3277: There was a conflict between "WindowsBase, Version=4.0.0.0, Culture=neutral, PublicKeyToken=31bf3856ad364e35" and "WindowsBase, Version=6.0.2.0, Culture=neutral, PublicKeyToken=31bf3856ad364e35". [C:\Users\ultra\warewolf\Dev\Warewolf.Studio.CustomControls\Warewolf.Studio.CustomControls.csproj]
C:\Program Files\dotnet\sdk\10.0.201\Microsoft.Common.CurrentVersion.targets(2451,5): warning MSB3277:     "WindowsBase, Version=4.0.0.0, Culture=neutral, PublicKeyToken=31bf3856ad364e35" was chosen because it was primary and "WindowsBase, Version=6.0.2.0, Culture=neutral, PublicKeyToken=31bf3856ad364e35" was not. [C:\Users\ultra\warewolf\Dev\Warewolf.Studio.CustomControls\Warewolf.Studio.CustomControls.csproj]
C:\Program Files\dotnet\sdk\10.0.201\Microsoft.Common.CurrentVersion.targets(2451,5): warning MSB3277:     References which depend on "WindowsBase, Version=4.0.0.0, Culture=neutral, PublicKeyToken=31bf3856ad364e35" [C:\Program Files\dotnet\packs\Microsoft.NETCore.App.Ref\8.0.25\ref\net8.0\WindowsBase.dll]. [C:\Users\ultra\warewolf\Dev\Warewolf.Studio.CustomControls\Warewolf.Studio.CustomControls.csproj]
C:\Program Files\dotnet\sdk\10.0.201\Microsoft.Common.CurrentVersion.targets(2451,5): warning MSB3277:         C:\Program Files\dotnet\packs\Microsoft.NETCore.App.Ref\8.0.25\ref\net8.0\WindowsBase.dll [C:\Users\ultra\warewolf\Dev\Warewolf.Studio.CustomControls\Warewolf.Studio.CustomControls.csproj]
C:\Program Files\dotnet\sdk\10.0.201\Microsoft.Common.CurrentVersion.targets(2451,5): warning MSB3277:           Project file item includes which caused reference "C:\Program Files\dotnet\packs\Microsoft.NETCore.App.Ref\8.0.25\ref\net8.0\WindowsBase.dll". [C:\Users\ultra\warewolf\Dev\Warewolf.Studio.CustomControls\Warewolf.Studio.CustomControls.csproj]
C:\Program Files\dotnet\sdk\10.0.201\Microsoft.Common.CurrentVersion.targets(2451,5): warning MSB3277:             C:\Program Files\dotnet\packs\Microsoft.NETCore.App.Ref\8.0.25\ref/net8.0/WindowsBase.dll [C:\Users\ultra\warewolf\Dev\Warewolf.Studio.CustomControls\Warewolf.Studio.CustomControls.csproj]
C:\Program Files\dotnet\sdk\10.0.201\Microsoft.Common.CurrentVersion.targets(2451,5): warning MSB3277:     References which depend on or have been unified to "WindowsBase, Version=6.0.2.0, Culture=neutral, PublicKeyToken=31bf3856ad364e35" []. [C:\Users\ultra\warewolf\Dev\Warewolf.Studio.CustomControls\Warewolf.Studio.CustomControls.csproj]
C:\Program Files\dotnet\sdk\10.0.201\Microsoft.Common.CurrentVersion.targets(2451,5): warning MSB3277:         C:\Users\ultra\warewolf\Dev\Binaries\Infragistcs_Net6\InfragisticsWPF4.Controls.Grids.XamGrid.v15.1.dll [C:\Users\ultra\warewolf\Dev\Warewolf.Studio.CustomControls\Warewolf.Studio.CustomControls.csproj]
C:\Program Files\dotnet\sdk\10.0.201\Microsoft.Common.CurrentVersion.targets(2451,5): warning MSB3277:           Project file item includes which caused reference "C:\Users\ultra\warewolf\Dev\Binaries\Infragistcs_Net6\InfragisticsWPF4.Controls.Grids.XamGrid.v15.1.dll". [C:\Users\ultra\warewolf\Dev\Warewolf.Studio.CustomControls\Warewolf.Studio.CustomControls.csproj]
C:\Program Files\dotnet\sdk\10.0.201\Microsoft.Common.CurrentVersion.targets(2451,5): warning MSB3277:             InfragisticsWPF4.Controls.Grids.XamGrid.v15.1 [C:\Users\ultra\warewolf\Dev\Warewolf.Studio.CustomControls\Warewolf.Studio.CustomControls.csproj]
C:\Program Files\dotnet\sdk\10.0.201\Microsoft.Common.CurrentVersion.targets(2451,5): warning MSB3277:         C:\Users\ultra\warewolf\Dev\Binaries\Infragistcs_Net6\InfragisticsWPF4.Controls.Menus.XamDataTree.v15.1.dll [C:\Users\ultra\warewolf\Dev\Warewolf.Studio.CustomControls\Warewolf.Studio.CustomControls.csproj]
C:\Program Files\dotnet\sdk\10.0.201\Microsoft.Common.CurrentVersion.targets(2451,5): warning MSB3277:           Project file item includes which caused reference "C:\Users\ultra\warewolf\Dev\Binaries\Infragistcs_Net6\InfragisticsWPF4.Controls.Menus.XamDataTree.v15.1.dll". [C:\Users\ultra\warewolf\Dev\Warewolf.Studio.CustomControls\Warewolf.Studio.CustomControls.csproj]
C:\Program Files\dotnet\sdk\10.0.201\Microsoft.Common.CurrentVersion.targets(2451,5): warning MSB3277:             InfragisticsWPF4.Controls.Menus.XamDataTree.v15.1, Version=15.1.20151.2055, Culture=neutral, PublicKeyToken=7dd5c3163f2cd0cb, processorArchitecture=MSIL [C:\Users\ultra\warewolf\Dev\Warewolf.Studio.CustomControls\Warewolf.Studio.CustomControls.csproj]
C:\Program Files\dotnet\sdk\10.0.201\Microsoft.Common.CurrentVersion.targets(2451,5): warning MSB3277:         C:\Users\ultra\warewolf\Dev\Binaries\Infragistcs_Net6\InfragisticsWPF4.DataManager.v15.1.dll [C:\Users\ultra\warewolf\Dev\Warewolf.Studio.CustomControls\Warewolf.Studio.CustomControls.csproj]
C:\Program Files\dotnet\sdk\10.0.201\Microsoft.Common.CurrentVersion.targets(2451,5): warning MSB3277:           Project file item includes which caused reference "C:\Users\ultra\warewolf\Dev\Binaries\Infragistcs_Net6\InfragisticsWPF4.DataManager.v15.1.dll". [C:\Users\ultra\warewolf\Dev\Warewolf.Studio.CustomControls\Warewolf.Studio.CustomControls.csproj]
C:\Program Files\dotnet\sdk\10.0.201\Microsoft.Common.CurrentVersion.targets(2451,5): warning MSB3277:             InfragisticsWPF4.DataManager.v15.1, Version=15.1.20151.2055, Culture=neutral, processorArchitecture=MSIL [C:\Users\ultra\warewolf\Dev\Warewolf.Studio.CustomControls\Warewolf.Studio.CustomControls.csproj]
C:\Program Files\dotnet\sdk\10.0.201\Microsoft.Common.CurrentVersion.targets(2451,5): warning MSB3277:             InfragisticsWPF4.Controls.Grids.XamGrid.v15.1 [C:\Users\ultra\warewolf\Dev\Warewolf.Studio.CustomControls\Warewolf.Studio.CustomControls.csproj]
C:\Program Files\dotnet\sdk\10.0.201\Microsoft.Common.CurrentVersion.targets(2451,5): warning MSB3277:             InfragisticsWPF4.Controls.Menus.XamDataTree.v15.1, Version=15.1.20151.2055, Culture=neutral, PublicKeyToken=7dd5c3163f2cd0cb, processorArchitecture=MSIL [C:\Users\ultra\warewolf\Dev\Warewolf.Studio.CustomControls\Warewolf.Studio.CustomControls.csproj]
C:\Program Files\dotnet\sdk\10.0.201\Microsoft.Common.CurrentVersion.targets(2451,5): warning MSB3277:         C:\Users\ultra\warewolf\Dev\Binaries\Infragistcs_Net6\InfragisticsWPF4.DataPresenter.v15.1.dll [C:\Users\ultra\warewolf\Dev\Warewolf.Studio.CustomControls\Warewolf.Studio.CustomControls.csproj]
C:\Program Files\dotnet\sdk\10.0.201\Microsoft.Common.CurrentVersion.targets(2451,5): warning MSB3277:           Project file item includes which caused reference "C:\Users\ultra\warewolf\Dev\Binaries\Infragistcs_Net6\InfragisticsWPF4.DataPresenter.v15.1.dll". [C:\Users\ultra\warewolf\Dev\Warewolf.Studio.CustomControls\Warewolf.Studio.CustomControls.csproj]
C:\Program Files\dotnet\sdk\10.0.201\Microsoft.Common.CurrentVersion.targets(2451,5): warning MSB3277:             InfragisticsWPF4.DataPresenter.v15.1 [C:\Users\ultra\warewolf\Dev\Warewolf.Studio.CustomControls\Warewolf.Studio.CustomControls.csproj]
C:\Program Files\dotnet\sdk\10.0.201\Microsoft.Common.CurrentVersion.targets(2451,5): warning MSB3277:         C:\Users\ultra\warewolf\Dev\Binaries\Infragistcs_Net6\InfragisticsWPF4.DragDrop.v15.1.dll [C:\Users\ultra\warewolf\Dev\Warewolf.Studio.CustomControls\Warewolf.Studio.CustomControls.csproj]
C:\Program Files\dotnet\sdk\10.0.201\Microsoft.Common.CurrentVersion.targets(2451,5): warning MSB3277:           Project file item includes which caused reference "C:\Users\ultra\warewolf\Dev\Binaries\Infragistcs_Net6\InfragisticsWPF4.DragDrop.v15.1.dll". [C:\Users\ultra\warewolf\Dev\Warewolf.Studio.CustomControls\Warewolf.Studio.CustomControls.csproj]
C:\Program Files\dotnet\sdk\10.0.201\Microsoft.Common.CurrentVersion.targets(2451,5): warning MSB3277:             InfragisticsWPF4.DragDrop.v15.1, Version=15.1.20151.2055, Culture=neutral, PublicKeyToken=7dd5c3163f2cd0cb, processorArchitecture=MSIL [C:\Users\ultra\warewolf\Dev\Warewolf.Studio.CustomControls\Warewolf.Studio.CustomControls.csproj]
C:\Program Files\dotnet\sdk\10.0.201\Microsoft.Common.CurrentVersion.targets(2451,5): warning MSB3277:             InfragisticsWPF4.Controls.Menus.XamDataTree.v15.1, Version=15.1.20151.2055, Culture=neutral, PublicKeyToken=7dd5c3163f2cd0cb, processorArchitecture=MSIL [C:\Users\ultra\warewolf\Dev\Warewolf.Studio.CustomControls\Warewolf.Studio.CustomControls.csproj]
C:\Program Files\dotnet\sdk\10.0.201\Microsoft.Common.CurrentVersion.targets(2451,5): warning MSB3277:         C:\Users\ultra\warewolf\Dev\Binaries\Infragistcs_Net6\InfragisticsWPF4.v15.1.dll [C:\Users\ultra\warewolf\Dev\Warewolf.Studio.CustomControls\Warewolf.Studio.CustomControls.csproj]
C:\Program Files\dotnet\sdk\10.0.201\Microsoft.Common.CurrentVersion.targets(2451,5): warning MSB3277:           Project file item includes which caused reference "C:\Users\ultra\warewolf\Dev\Binaries\Infragistcs_Net6\InfragisticsWPF4.v15.1.dll". [C:\Users\ultra\warewolf\Dev\Warewolf.Studio.CustomControls\Warewolf.Studio.CustomControls.csproj]
C:\Program Files\dotnet\sdk\10.0.201\Microsoft.Common.CurrentVersion.targets(2451,5): warning MSB3277:             InfragisticsWPF4.v15.1, Version=15.1.20151.2055, Culture=neutral, processorArchitecture=MSIL [C:\Users\ultra\warewolf\Dev\Warewolf.Studio.CustomControls\Warewolf.Studio.CustomControls.csproj]
C:\Program Files\dotnet\sdk\10.0.201\Microsoft.Common.CurrentVersion.targets(2451,5): warning MSB3277:             InfragisticsWPF4.Controls.Grids.XamGrid.v15.1 [C:\Users\ultra\warewolf\Dev\Warewolf.Studio.CustomControls\Warewolf.Studio.CustomControls.csproj]
C:\Program Files\dotnet\sdk\10.0.201\Microsoft.Common.CurrentVersion.targets(2451,5): warning MSB3277:             InfragisticsWPF4.Controls.Menus.XamDataTree.v15.1, Version=15.1.20151.2055, Culture=neutral, PublicKeyToken=7dd5c3163f2cd0cb, processorArchitecture=MSIL [C:\Users\ultra\warewolf\Dev\Warewolf.Studio.CustomControls\Warewolf.Studio.CustomControls.csproj]
C:\Program Files\dotnet\sdk\10.0.201\Microsoft.Common.CurrentVersion.targets(2451,5): warning MSB3277:             InfragisticsWPF4.DataManager.v15.1, Version=15.1.20151.2055, Culture=neutral, processorArchitecture=MSIL [C:\Users\ultra\warewolf\Dev\Warewolf.Studio.CustomControls\Warewolf.Studio.CustomControls.csproj]
C:\Program Files\dotnet\sdk\10.0.201\Microsoft.Common.CurrentVersion.targets(2451,5): warning MSB3277:             InfragisticsWPF4.DataPresenter.v15.1 [C:\Users\ultra\warewolf\Dev\Warewolf.Studio.CustomControls\Warewolf.Studio.CustomControls.csproj]
C:\Program Files\dotnet\sdk\10.0.201\Microsoft.Common.CurrentVersion.targets(2451,5): warning MSB3277:         C:\Users\ultra\.nuget\packages\caliburn.micro\4.0.212\lib\netcoreapp3.1\Caliburn.Micro.Platform.dll [C:\Users\ultra\warewolf\Dev\Warewolf.Studio.CustomControls\Warewolf.Studio.CustomControls.csproj]
C:\Program Files\dotnet\sdk\10.0.201\Microsoft.Common.CurrentVersion.targets(2451,5): warning MSB3277:           Project file item includes which caused reference "C:\Users\ultra\.nuget\packages\caliburn.micro\4.0.212\lib\netcoreapp3.1\Caliburn.Micro.Platform.dll". [C:\Users\ultra\warewolf\Dev\Warewolf.Studio.CustomControls\Warewolf.Studio.CustomControls.csproj]
C:\Program Files\dotnet\sdk\10.0.201\Microsoft.Common.CurrentVersion.targets(2451,5): warning MSB3277:             C:\Users\ultra\.nuget\packages\caliburn.micro\4.0.212\lib\netcoreapp3.1\Caliburn.Micro.Platform.dll [C:\Users\ultra\warewolf\Dev\Warewolf.Studio.CustomControls\Warewolf.Studio.CustomControls.csproj]
C:\Program Files\dotnet\sdk\10.0.201\Microsoft.Common.CurrentVersion.targets(2451,5): warning MSB3277:         C:\Users\ultra\.nuget\packages\extended.wpf.toolkit\4.4.0\lib\net5.0\Xceed.Wpf.AvalonDock.NET5.dll [C:\Users\ultra\warewolf\Dev\Warewolf.Studio.CustomControls\Warewolf.Studio.CustomControls.csproj]
C:\Program Files\dotnet\sdk\10.0.201\Microsoft.Common.CurrentVersion.targets(2451,5): warning MSB3277:           Project file item includes which caused reference "C:\Users\ultra\.nuget\packages\extended.wpf.toolkit\4.4.0\lib\net5.0\Xceed.Wpf.AvalonDock.NET5.dll". [C:\Users\ultra\warewolf\Dev\Warewolf.Studio.CustomControls\Warewolf.Studio.CustomControls.csproj]
C:\Program Files\dotnet\sdk\10.0.201\Microsoft.Common.CurrentVersion.targets(2451,5): warning MSB3277:             C:\Users\ultra\.nuget\packages\extended.wpf.toolkit\4.4.0\lib\net5.0\Xceed.Wpf.AvalonDock.NET5.dll [C:\Users\ultra\warewolf\Dev\Warewolf.Studio.CustomControls\Warewolf.Studio.CustomControls.csproj]
C:\Program Files\dotnet\sdk\10.0.201\Microsoft.Common.CurrentVersion.targets(2451,5): warning MSB3277:             C:\Users\ultra\.nuget\packages\extended.wpf.toolkit\4.4.0\lib\net5.0\Xceed.Wpf.AvalonDock.Themes.Aero.NET5.dll [C:\Users\ultra\warewolf\Dev\Warewolf.Studio.CustomControls\Warewolf.Studio.CustomControls.csproj]
C:\Program Files\dotnet\sdk\10.0.201\Microsoft.Common.CurrentVersion.targets(2451,5): warning MSB3277:             C:\Users\ultra\.nuget\packages\extended.wpf.toolkit\4.4.0\lib\net5.0\Xceed.Wpf.AvalonDock.Themes.Metro.NET5.dll [C:\Users\ultra\warewolf\Dev\Warewolf.Studio.CustomControls\Warewolf.Studio.CustomControls.csproj]
C:\Program Files\dotnet\sdk\10.0.201\Microsoft.Common.CurrentVersion.targets(2451,5): warning MSB3277:             C:\Users\ultra\.nuget\packages\extended.wpf.toolkit\4.4.0\lib\net5.0\Xceed.Wpf.AvalonDock.Themes.VS2010.NET5.dll [C:\Users\ultra\warewolf\Dev\Warewolf.Studio.CustomControls\Warewolf.Studio.CustomControls.csproj]
C:\Program Files\dotnet\sdk\10.0.201\Microsoft.Common.CurrentVersion.targets(2451,5): warning MSB3277:         C:\Users\ultra\.nuget\packages\extended.wpf.toolkit\4.4.0\lib\net5.0\Xceed.Wpf.AvalonDock.Themes.Aero.NET5.dll [C:\Users\ultra\warewolf\Dev\Warewolf.Studio.CustomControls\Warewolf.Studio.CustomControls.csproj]
C:\Program Files\dotnet\sdk\10.0.201\Microsoft.Common.CurrentVersion.targets(2451,5): warning MSB3277:           Project file item includes which caused reference "C:\Users\ultra\.nuget\packages\extended.wpf.toolkit\4.4.0\lib\net5.0\Xceed.Wpf.AvalonDock.Themes.Aero.NET5.dll". [C:\Users\ultra\warewolf\Dev\Warewolf.Studio.CustomControls\Warewolf.Studio.CustomControls.csproj]
C:\Program Files\dotnet\sdk\10.0.201\Microsoft.Common.CurrentVersion.targets(2451,5): warning MSB3277:             C:\Users\ultra\.nuget\packages\extended.wpf.toolkit\4.4.0\lib\net5.0\Xceed.Wpf.AvalonDock.Themes.Aero.NET5.dll [C:\Users\ultra\warewolf\Dev\Warewolf.Studio.CustomControls\Warewolf.Studio.CustomControls.csproj]
C:\Program Files\dotnet\sdk\10.0.201\Microsoft.Common.CurrentVersion.targets(2451,5): warning MSB3277:         C:\Users\ultra\.nuget\packages\extended.wpf.toolkit\4.4.0\lib\net5.0\Xceed.Wpf.Toolkit.NET5.dll [C:\Users\ultra\warewolf\Dev\Warewolf.Studio.CustomControls\Warewolf.Studio.CustomControls.csproj]
C:\Program Files\dotnet\sdk\10.0.201\Microsoft.Common.CurrentVersion.targets(2451,5): warning MSB3277:           Project file item includes which caused reference "C:\Users\ultra\.nuget\packages\extended.wpf.toolkit\4.4.0\lib\net5.0\Xceed.Wpf.Toolkit.NET5.dll". [C:\Users\ultra\warewolf\Dev\Warewolf.Studio.CustomControls\Warewolf.Studio.CustomControls.csproj]
C:\Program Files\dotnet\sdk\10.0.201\Microsoft.Common.CurrentVersion.targets(2451,5): warning MSB3277:             C:\Users\ultra\.nuget\packages\extended.wpf.toolkit\4.4.0\lib\net5.0\Xceed.Wpf.Toolkit.NET5.dll [C:\Users\ultra\warewolf\Dev\Warewolf.Studio.CustomControls\Warewolf.Studio.CustomControls.csproj]
C:\Program Files\dotnet\sdk\10.0.201\Microsoft.Common.CurrentVersion.targets(2451,5): warning MSB3277:         C:\Users\ultra\.nuget\packages\ironpython\3.4.0\lib\net6.0\IronPython.Wpf.dll [C:\Users\ultra\warewolf\Dev\Warewolf.Studio.CustomControls\Warewolf.Studio.CustomControls.csproj]
C:\Program Files\dotnet\sdk\10.0.201\Microsoft.Common.CurrentVersion.targets(2451,5): warning MSB3277:           Project file item includes which caused reference "C:\Users\ultra\.nuget\packages\ironpython\3.4.0\lib\net6.0\IronPython.Wpf.dll". [C:\Users\ultra\warewolf\Dev\Warewolf.Studio.CustomControls\Warewolf.Studio.CustomControls.csproj]
C:\Program Files\dotnet\sdk\10.0.201\Microsoft.Common.CurrentVersion.targets(2451,5): warning MSB3277:             C:\Users\ultra\.nuget\packages\ironpython\3.4.0\lib\net6.0\IronPython.Wpf.dll [C:\Users\ultra\warewolf\Dev\Warewolf.Studio.CustomControls\Warewolf.Studio.CustomControls.csproj]
C:\Program Files\dotnet\sdk\10.0.201\Microsoft.Common.CurrentVersion.targets(2451,5): warning MSB3277:         C:\Users\ultra\.nuget\packages\microsoft.xaml.behaviors.wpf\1.1.122\lib\net462\Microsoft.Xaml.Behaviors.dll [C:\Users\ultra\warewolf\Dev\Warewolf.Studio.CustomControls\Warewolf.Studio.CustomControls.csproj]
C:\Program Files\dotnet\sdk\10.0.201\Microsoft.Common.CurrentVersion.targets(2451,5): warning MSB3277:           Project file item includes which caused reference "C:\Users\ultra\.nuget\packages\microsoft.xaml.behaviors.wpf\1.1.122\lib\net462\Microsoft.Xaml.Behaviors.dll". [C:\Users\ultra\warewolf\Dev\Warewolf.Studio.CustomControls\Warewolf.Studio.CustomControls.csproj]
C:\Program Files\dotnet\sdk\10.0.201\Microsoft.Common.CurrentVersion.targets(2451,5): warning MSB3277:             C:\Users\ultra\.nuget\packages\microsoft.xaml.behaviors.wpf\1.1.122\lib\net462\Microsoft.Xaml.Behaviors.dll [C:\Users\ultra\warewolf\Dev\Warewolf.Studio.CustomControls\Warewolf.Studio.CustomControls.csproj]
C:\Program Files\dotnet\sdk\10.0.201\Microsoft.Common.CurrentVersion.targets(2451,5): warning MSB3277:             C:\Users\ultra\.nuget\packages\caliburn.micro\4.0.212\lib\netcoreapp3.1\Caliburn.Micro.Platform.dll [C:\Users\ultra\warewolf\Dev\Warewolf.Studio.CustomControls\Warewolf.Studio.CustomControls.csproj]
C:\Program Files\dotnet\sdk\10.0.201\Microsoft.Common.CurrentVersion.targets(2451,5): warning MSB3277:             C:\Users\ultra\.nuget\packages\prism.wpf\9.0.537\lib\net462\Prism.Wpf.dll [C:\Users\ultra\warewolf\Dev\Warewolf.Studio.CustomControls\Warewolf.Studio.CustomControls.csproj]
C:\Program Files\dotnet\sdk\10.0.201\Microsoft.Common.CurrentVersion.targets(2451,5): warning MSB3277:         C:\Users\ultra\.nuget\packages\prism.wpf\9.0.537\lib\net462\Prism.Wpf.dll [C:\Users\ultra\warewolf\Dev\Warewolf.Studio.CustomControls\Warewolf.Studio.CustomControls.csproj]
C:\Program Files\dotnet\sdk\10.0.201\Microsoft.Common.CurrentVersion.targets(2451,5): warning MSB3277:           Project file item includes which caused reference "C:\Users\ultra\.nuget\packages\prism.wpf\9.0.537\lib\net462\Prism.Wpf.dll". [C:\Users\ultra\warewolf\Dev\Warewolf.Studio.CustomControls\Warewolf.Studio.CustomControls.csproj]
C:\Program Files\dotnet\sdk\10.0.201\Microsoft.Common.CurrentVersion.targets(2451,5): warning MSB3277:             C:\Users\ultra\.nuget\packages\prism.wpf\9.0.537\lib\net462\Prism.Wpf.dll [C:\Users\ultra\warewolf\Dev\Warewolf.Studio.CustomControls\Warewolf.Studio.CustomControls.csproj]
C:\Program Files\dotnet\sdk\10.0.201\Microsoft.Common.CurrentVersion.targets(2451,5): warning MSB3277:         C:\Users\ultra\.nuget\packages\reactiveui.wpf\18.4.1\lib\net462\ReactiveUI.Wpf.dll [C:\Users\ultra\warewolf\Dev\Warewolf.Studio.CustomControls\Warewolf.Studio.CustomControls.csproj]
C:\Program Files\dotnet\sdk\10.0.201\Microsoft.Common.CurrentVersion.targets(2451,5): warning MSB3277:           Project file item includes which caused reference "C:\Users\ultra\.nuget\packages\reactiveui.wpf\18.4.1\lib\net462\ReactiveUI.Wpf.dll". [C:\Users\ultra\warewolf\Dev\Warewolf.Studio.CustomControls\Warewolf.Studio.CustomControls.csproj]
C:\Program Files\dotnet\sdk\10.0.201\Microsoft.Common.CurrentVersion.targets(2451,5): warning MSB3277:             C:\Users\ultra\.nuget\packages\reactiveui.wpf\18.4.1\lib\net462\ReactiveUI.Wpf.dll [C:\Users\ultra\warewolf\Dev\Warewolf.Studio.CustomControls\Warewolf.Studio.CustomControls.csproj]
C:\Program Files\dotnet\sdk\10.0.201\Microsoft.Common.CurrentVersion.targets(2451,5): warning MSB3277:         C:\Users\ultra\warewolf\Dev\Binaries\Infragistcs_Net6\InfragisticsWPF4.Controls.Menus.XamMenu.v15.1.dll [C:\Users\ultra\warewolf\Dev\Warewolf.Studio.CustomControls\Warewolf.Studio.CustomControls.csproj]
C:\Program Files\dotnet\sdk\10.0.201\Microsoft.Common.CurrentVersion.targets(2451,5): warning MSB3277:           Project file item includes which caused reference "C:\Users\ultra\warewolf\Dev\Binaries\Infragistcs_Net6\InfragisticsWPF4.Controls.Menus.XamMenu.v15.1.dll". [C:\Users\ultra\warewolf\Dev\Warewolf.Studio.CustomControls\Warewolf.Studio.CustomControls.csproj]
C:\Program Files\dotnet\sdk\10.0.201\Microsoft.Common.CurrentVersion.targets(2451,5): warning MSB3277:             InfragisticsWPF4.Controls.Grids.XamGrid.v15.1 [C:\Users\ultra\warewolf\Dev\Warewolf.Studio.CustomControls\Warewolf.Studio.CustomControls.csproj]
C:\Program Files\dotnet\sdk\10.0.201\Microsoft.Common.CurrentVersion.targets(2451,5): warning MSB3277:         C:\Users\ultra\warewolf\Dev\Binaries\Infragistcs_Net6\InfragisticsWPF4.Editors.v15.1.dll [C:\Users\ultra\warewolf\Dev\Warewolf.Studio.CustomControls\Warewolf.Studio.CustomControls.csproj]
C:\Program Files\dotnet\sdk\10.0.201\Microsoft.Common.CurrentVersion.targets(2451,5): warning MSB3277:           Project file item includes which caused reference "C:\Users\ultra\warewolf\Dev\Binaries\Infragistcs_Net6\InfragisticsWPF4.Editors.v15.1.dll". [C:\Users\ultra\warewolf\Dev\Warewolf.Studio.CustomControls\Warewolf.Studio.CustomControls.csproj]
C:\Program Files\dotnet\sdk\10.0.201\Microsoft.Common.CurrentVersion.targets(2451,5): warning MSB3277:             InfragisticsWPF4.DataPresenter.v15.1 [C:\Users\ultra\warewolf\Dev\Warewolf.Studio.CustomControls\Warewolf.Studio.CustomControls.csproj]
C:\Program Files\dotnet\sdk\10.0.201\Microsoft.Common.CurrentVersion.targets(2451,5): warning MSB3277: Found conflicts between different versions of "System.Windows.Extensions" that could not be resolved. [C:\Users\ultra\warewolf\Dev\Warewolf.Studio.CustomControls\Warewolf.Studio.CustomControls.csproj]
C:\Program Files\dotnet\sdk\10.0.201\Microsoft.Common.CurrentVersion.targets(2451,5): warning MSB3277: There was a conflict between "System.Windows.Extensions, Version=6.0.0.0, Culture=neutral, PublicKeyToken=cc7b13ffcd2ddd51" and "System.Windows.Extensions, Version=7.0.0.0, Culture=neutral, PublicKeyToken=cc7b13ffcd2ddd51". [C:\Users\ultra\warewolf\Dev\Warewolf.Studio.CustomControls\Warewolf.Studio.CustomControls.csproj]
C:\Program Files\dotnet\sdk\10.0.201\Microsoft.Common.CurrentVersion.targets(2451,5): warning MSB3277:     "System.Windows.Extensions, Version=6.0.0.0, Culture=neutral, PublicKeyToken=cc7b13ffcd2ddd51" was chosen because it was primary and "System.Windows.Extensions, Version=7.0.0.0, Culture=neutral, PublicKeyToken=cc7b13ffcd2ddd51" was not. [C:\Users\ultra\warewolf\Dev\Warewolf.Studio.CustomControls\Warewolf.Studio.CustomControls.csproj]
C:\Program Files\dotnet\sdk\10.0.201\Microsoft.Common.CurrentVersion.targets(2451,5): warning MSB3277:     References which depend on "System.Windows.Extensions, Version=6.0.0.0, Culture=neutral, PublicKeyToken=cc7b13ffcd2ddd51" [C:\Users\ultra\.nuget\packages\system.windows.extensions\6.0.0\lib\net6.0\System.Windows.Extensions.dll]. [C:\Users\ultra\warewolf\Dev\Warewolf.Studio.CustomControls\Warewolf.Studio.CustomControls.csproj]
C:\Program Files\dotnet\sdk\10.0.201\Microsoft.Common.CurrentVersion.targets(2451,5): warning MSB3277:         C:\Users\ultra\.nuget\packages\system.windows.extensions\6.0.0\lib\net6.0\System.Windows.Extensions.dll [C:\Users\ultra\warewolf\Dev\Warewolf.Studio.CustomControls\Warewolf.Studio.CustomControls.csproj]
C:\Program Files\dotnet\sdk\10.0.201\Microsoft.Common.CurrentVersion.targets(2451,5): warning MSB3277:           Project file item includes which caused reference "C:\Users\ultra\.nuget\packages\system.windows.extensions\6.0.0\lib\net6.0\System.Windows.Extensions.dll". [C:\Users\ultra\warewolf\Dev\Warewolf.Studio.CustomControls\Warewolf.Studio.CustomControls.csproj]
C:\Program Files\dotnet\sdk\10.0.201\Microsoft.Common.CurrentVersion.targets(2451,5): warning MSB3277:             C:\Users\ultra\.nuget\packages\system.windows.extensions\6.0.0\lib\net6.0\System.Windows.Extensions.dll [C:\Users\ultra\warewolf\Dev\Warewolf.Studio.CustomControls\Warewolf.Studio.CustomControls.csproj]
C:\Program Files\dotnet\sdk\10.0.201\Microsoft.Common.CurrentVersion.targets(2451,5): warning MSB3277:     References which depend on or have been unified to "System.Windows.Extensions, Version=7.0.0.0, Culture=neutral, PublicKeyToken=cc7b13ffcd2ddd51" []. [C:\Users\ultra\warewolf\Dev\Warewolf.Studio.CustomControls\Warewolf.Studio.CustomControls.csproj]
C:\Program Files\dotnet\sdk\10.0.201\Microsoft.Common.CurrentVersion.targets(2451,5): warning MSB3277:         C:\Users\ultra\.nuget\packages\extended.wpf.toolkit\4.4.0\lib\net5.0\Xceed.Wpf.Toolkit.NET5.dll [C:\Users\ultra\warewolf\Dev\Warewolf.Studio.CustomControls\Warewolf.Studio.CustomControls.csproj]
C:\Program Files\dotnet\sdk\10.0.201\Microsoft.Common.CurrentVersion.targets(2451,5): warning MSB3277:           Project file item includes which caused reference "C:\Users\ultra\.nuget\packages\extended.wpf.toolkit\4.4.0\lib\net5.0\Xceed.Wpf.Toolkit.NET5.dll". [C:\Users\ultra\warewolf\Dev\Warewolf.Studio.CustomControls\Warewolf.Studio.CustomControls.csproj]
C:\Program Files\dotnet\sdk\10.0.201\Microsoft.Common.CurrentVersion.targets(2451,5): warning MSB3277:             C:\Users\ultra\.nuget\packages\extended.wpf.toolkit\4.4.0\lib\net5.0\Xceed.Wpf.Toolkit.NET5.dll [C:\Users\ultra\warewolf\Dev\Warewolf.Studio.CustomControls\Warewolf.Studio.CustomControls.csproj]
C:\Program Files\dotnet\sdk\10.0.201\Microsoft.Common.CurrentVersion.targets(2451,5): warning MSB3277:         C:\Users\ultra\.nuget\packages\system.security.permissions\6.0.0\lib\net6.0\System.Security.Permissions.dll [C:\Users\ultra\warewolf\Dev\Warewolf.Studio.CustomControls\Warewolf.Studio.CustomControls.csproj]
C:\Program Files\dotnet\sdk\10.0.201\Microsoft.Common.CurrentVersion.targets(2451,5): warning MSB3277:           Project file item includes which caused reference "C:\Users\ultra\.nuget\packages\system.security.permissions\6.0.0\lib\net6.0\System.Security.Permissions.dll". [C:\Users\ultra\warewolf\Dev\Warewolf.Studio.CustomControls\Warewolf.Studio.CustomControls.csproj]
C:\Program Files\dotnet\sdk\10.0.201\Microsoft.Common.CurrentVersion.targets(2451,5): warning MSB3277:             C:\Users\ultra\.nuget\packages\system.security.permissions\6.0.0\lib\net6.0\System.Security.Permissions.dll [C:\Users\ultra\warewolf\Dev\Warewolf.Studio.CustomControls\Warewolf.Studio.CustomControls.csproj]
C:\Program Files\dotnet\sdk\10.0.201\Microsoft.Common.CurrentVersion.targets(2451,5): warning MSB3277:         C:\Program Files\dotnet\packs\Microsoft.NETCore.App.Ref\8.0.25\ref\net8.0\System.Security.dll [C:\Users\ultra\warewolf\Dev\Warewolf.Studio.CustomControls\Warewolf.Studio.CustomControls.csproj]
C:\Program Files\dotnet\sdk\10.0.201\Microsoft.Common.CurrentVersion.targets(2451,5): warning MSB3277:           Project file item includes which caused reference "C:\Program Files\dotnet\packs\Microsoft.NETCore.App.Ref\8.0.25\ref\net8.0\System.Security.dll". [C:\Users\ultra\warewolf\Dev\Warewolf.Studio.CustomControls\Warewolf.Studio.CustomControls.csproj]
C:\Program Files\dotnet\sdk\10.0.201\Microsoft.Common.CurrentVersion.targets(2451,5): warning MSB3277:             C:\Program Files\dotnet\packs\Microsoft.NETCore.App.Ref\8.0.25\ref/net8.0/System.Security.dll [C:\Users\ultra\warewolf\Dev\Warewolf.Studio.CustomControls\Warewolf.Studio.CustomControls.csproj]
C:\Program Files\dotnet\sdk\10.0.201\Microsoft.Common.CurrentVersion.targets(2451,5): warning MSB3277:         C:\Program Files\dotnet\packs\Microsoft.NETCore.App.Ref\8.0.25\ref\net8.0\System.dll [C:\Users\ultra\warewolf\Dev\Warewolf.Studio.CustomControls\Warewolf.Studio.CustomControls.csproj]
C:\Program Files\dotnet\sdk\10.0.201\Microsoft.Common.CurrentVersion.targets(2451,5): warning MSB3277:           Project file item includes which caused reference "C:\Program Files\dotnet\packs\Microsoft.NETCore.App.Ref\8.0.25\ref\net8.0\System.dll". [C:\Users\ultra\warewolf\Dev\Warewolf.Studio.CustomControls\Warewolf.Studio.CustomControls.csproj]
C:\Program Files\dotnet\sdk\10.0.201\Microsoft.Common.CurrentVersion.targets(2451,5): warning MSB3277:             C:\Program Files\dotnet\packs\Microsoft.NETCore.App.Ref\8.0.25\ref/net8.0/System.dll [C:\Users\ultra\warewolf\Dev\Warewolf.Studio.CustomControls\Warewolf.Studio.CustomControls.csproj]
C:\Program Files\dotnet\sdk\10.0.201\Microsoft.Common.CurrentVersion.targets(2451,5): warning MSB3277:             C:\Users\ultra\.nuget\packages\aerowizard\2.3.1\lib\net45\AeroWizard.dll [C:\Users\ultra\warewolf\Dev\Warewolf.Studio.CustomControls\Warewolf.Studio.CustomControls.csproj]
C:\Program Files\dotnet\sdk\10.0.201\Microsoft.Common.CurrentVersion.targets(2451,5): warning MSB3277:             C:\Users\ultra\.nuget\packages\groupcontrols\1.9.0\lib\net45\GroupControls.dll [C:\Users\ultra\warewolf\Dev\Warewolf.Studio.CustomControls\Warewolf.Studio.CustomControls.csproj]
C:\Program Files\dotnet\sdk\10.0.201\Microsoft.Common.CurrentVersion.targets(2451,5): warning MSB3277:             C:\Users\ultra\.nuget\packages\microsoft.xaml.behaviors.wpf\1.1.122\lib\net462\Microsoft.Xaml.Behaviors.dll [C:\Users\ultra\warewolf\Dev\Warewolf.Studio.CustomControls\Warewolf.Studio.CustomControls.csproj]
C:\Program Files\dotnet\sdk\10.0.201\Microsoft.Common.CurrentVersion.targets(2451,5): warning MSB3277:             C:\Users\ultra\.nuget\packages\caliburn.micro\4.0.212\lib\netcoreapp3.1\Caliburn.Micro.Platform.dll [C:\Users\ultra\warewolf\Dev\Warewolf.Studio.CustomControls\Warewolf.Studio.CustomControls.csproj]
C:\Program Files\dotnet\sdk\10.0.201\Microsoft.Common.CurrentVersion.targets(2451,5): warning MSB3277:             C:\Users\ultra\.nuget\packages\prism.wpf\9.0.537\lib\net462\Prism.Wpf.dll [C:\Users\ultra\warewolf\Dev\Warewolf.Studio.CustomControls\Warewolf.Studio.CustomControls.csproj]
C:\Program Files\dotnet\sdk\10.0.201\Microsoft.Common.CurrentVersion.targets(2451,5): warning MSB3277:             C:\Users\ultra\.nuget\packages\reactiveui.wpf\18.4.1\lib\net462\ReactiveUI.Wpf.dll [C:\Users\ultra\warewolf\Dev\Warewolf.Studio.CustomControls\Warewolf.Studio.CustomControls.csproj]
C:\Program Files\dotnet\sdk\10.0.201\Microsoft.Common.CurrentVersion.targets(2451,5): warning MSB3277:             C:\Users\ultra\.nuget\packages\taskschedulereditor\2.10.1\lib\net452\Microsoft.Win32.TaskSchedulerEditor.dll [C:\Users\ultra\warewolf\Dev\Warewolf.Studio.CustomControls\Warewolf.Studio.CustomControls.csproj]
C:\Program Files\dotnet\sdk\10.0.201\Microsoft.Common.CurrentVersion.targets(2451,5): warning MSB3277:             C:\Users\ultra\.nuget\packages\ttcue.netcore.sharepointonline.csom.16.1.8029.1200\16.1.8029.1200\lib\netcoreapp2.0\Microsoft.SharePoint.Client.Runtime.Windows.dll [C:\Users\ultra\warewolf\Dev\Warewolf.Studio.CustomControls\Warewolf.Studio.CustomControls.csproj]
C:\Program Files\dotnet\sdk\10.0.201\Microsoft.Common.CurrentVersion.targets(2451,5): warning MSB3277:         C:\Users\ultra\warewolf\Dev\Binaries\Infragistcs_Net6\InfragisticsWPF4.Editors.v15.1.dll [C:\Users\ultra\warewolf\Dev\Warewolf.Studio.CustomControls\Warewolf.Studio.CustomControls.csproj]
C:\Program Files\dotnet\sdk\10.0.201\Microsoft.Common.CurrentVersion.targets(2451,5): warning MSB3277:           Project file item includes which caused reference "C:\Users\ultra\warewolf\Dev\Binaries\Infragistcs_Net6\InfragisticsWPF4.Editors.v15.1.dll". [C:\Users\ultra\warewolf\Dev\Warewolf.Studio.CustomControls\Warewolf.Studio.CustomControls.csproj]
C:\Program Files\dotnet\sdk\10.0.201\Microsoft.Common.CurrentVersion.targets(2451,5): warning MSB3277:             InfragisticsWPF4.DataPresenter.v15.1 [C:\Users\ultra\warewolf\Dev\Warewolf.Studio.CustomControls\Warewolf.Studio.CustomControls.csproj]
  Dev2.Runtime.WebServer -> C:\Users\ultra\warewolf\Dev\Dev2.Runtime.WebServer\bin\Debug\net8.0\Dev2.Runtime.WebServer.dll
C:\Program Files\dotnet\sdk\10.0.201\Microsoft.Common.CurrentVersion.targets(2451,5): warning MSB3277: Found conflicts between different versions of "WindowsBase" that could not be resolved. [C:\Users\ultra\warewolf\Dev\Dev2.Infrastructure.Tests\Dev2.Infrastructure.Tests.csproj]
C:\Program Files\dotnet\sdk\10.0.201\Microsoft.Common.CurrentVersion.targets(2451,5): warning MSB3277: There was a conflict between "WindowsBase, Version=4.0.0.0, Culture=neutral, PublicKeyToken=31bf3856ad364e35" and "WindowsBase, Version=6.0.2.0, Culture=neutral, PublicKeyToken=31bf3856ad364e35". [C:\Users\ultra\warewolf\Dev\Dev2.Infrastructure.Tests\Dev2.Infrastructure.Tests.csproj]
C:\Program Files\dotnet\sdk\10.0.201\Microsoft.Common.CurrentVersion.targets(2451,5): warning MSB3277:     "WindowsBase, Version=4.0.0.0, Culture=neutral, PublicKeyToken=31bf3856ad364e35" was chosen because it was primary and "WindowsBase, Version=6.0.2.0, Culture=neutral, PublicKeyToken=31bf3856ad364e35" was not. [C:\Users\ultra\warewolf\Dev\Dev2.Infrastructure.Tests\Dev2.Infrastructure.Tests.csproj]
C:\Program Files\dotnet\sdk\10.0.201\Microsoft.Common.CurrentVersion.targets(2451,5): warning MSB3277:     References which depend on "WindowsBase, Version=4.0.0.0, Culture=neutral, PublicKeyToken=31bf3856ad364e35" [C:\Program Files\dotnet\packs\Microsoft.NETCore.App.Ref\8.0.25\ref\net8.0\WindowsBase.dll]. [C:\Users\ultra\warewolf\Dev\Dev2.Infrastructure.Tests\Dev2.Infrastructure.Tests.csproj]
C:\Program Files\dotnet\sdk\10.0.201\Microsoft.Common.CurrentVersion.targets(2451,5): warning MSB3277:         C:\Program Files\dotnet\packs\Microsoft.NETCore.App.Ref\8.0.25\ref\net8.0\WindowsBase.dll [C:\Users\ultra\warewolf\Dev\Dev2.Infrastructure.Tests\Dev2.Infrastructure.Tests.csproj]
C:\Program Files\dotnet\sdk\10.0.201\Microsoft.Common.CurrentVersion.targets(2451,5): warning MSB3277:           Project file item includes which caused reference "C:\Program Files\dotnet\packs\Microsoft.NETCore.App.Ref\8.0.25\ref\net8.0\WindowsBase.dll". [C:\Users\ultra\warewolf\Dev\Dev2.Infrastructure.Tests\Dev2.Infrastructure.Tests.csproj]
C:\Program Files\dotnet\sdk\10.0.201\Microsoft.Common.CurrentVersion.targets(2451,5): warning MSB3277:             C:\Program Files\dotnet\packs\Microsoft.NETCore.App.Ref\8.0.25\ref/net8.0/WindowsBase.dll [C:\Users\ultra\warewolf\Dev\Dev2.Infrastructure.Tests\Dev2.Infrastructure.Tests.csproj]
C:\Program Files\dotnet\sdk\10.0.201\Microsoft.Common.CurrentVersion.targets(2451,5): warning MSB3277:     References which depend on or have been unified to "WindowsBase, Version=6.0.2.0, Culture=neutral, PublicKeyToken=31bf3856ad364e35" []. [C:\Users\ultra\warewolf\Dev\Dev2.Infrastructure.Tests\Dev2.Infrastructure.Tests.csproj]
C:\Program Files\dotnet\sdk\10.0.201\Microsoft.Common.CurrentVersion.targets(2451,5): warning MSB3277:         C:\Users\ultra\.nuget\packages\caliburn.micro\4.0.212\lib\netcoreapp3.1\Caliburn.Micro.Platform.dll [C:\Users\ultra\warewolf\Dev\Dev2.Infrastructure.Tests\Dev2.Infrastructure.Tests.csproj]
C:\Program Files\dotnet\sdk\10.0.201\Microsoft.Common.CurrentVersion.targets(2451,5): warning MSB3277:           Project file item includes which caused reference "C:\Users\ultra\.nuget\packages\caliburn.micro\4.0.212\lib\netcoreapp3.1\Caliburn.Micro.Platform.dll". [C:\Users\ultra\warewolf\Dev\Dev2.Infrastructure.Tests\Dev2.Infrastructure.Tests.csproj]
C:\Program Files\dotnet\sdk\10.0.201\Microsoft.Common.CurrentVersion.targets(2451,5): warning MSB3277:             C:\Users\ultra\.nuget\packages\caliburn.micro\4.0.212\lib\netcoreapp3.1\Caliburn.Micro.Platform.dll [C:\Users\ultra\warewolf\Dev\Dev2.Infrastructure.Tests\Dev2.Infrastructure.Tests.csproj]
C:\Program Files\dotnet\sdk\10.0.201\Microsoft.Common.CurrentVersion.targets(2451,5): warning MSB3277:         C:\Users\ultra\.nuget\packages\ironpython\3.4.0\lib\net6.0\IronPython.Wpf.dll [C:\Users\ultra\warewolf\Dev\Dev2.Infrastructure.Tests\Dev2.Infrastructure.Tests.csproj]
C:\Program Files\dotnet\sdk\10.0.201\Microsoft.Common.CurrentVersion.targets(2451,5): warning MSB3277:           Project file item includes which caused reference "C:\Users\ultra\.nuget\packages\ironpython\3.4.0\lib\net6.0\IronPython.Wpf.dll". [C:\Users\ultra\warewolf\Dev\Dev2.Infrastructure.Tests\Dev2.Infrastructure.Tests.csproj]
C:\Program Files\dotnet\sdk\10.0.201\Microsoft.Common.CurrentVersion.targets(2451,5): warning MSB3277:             C:\Users\ultra\.nuget\packages\ironpython\3.4.0\lib\net6.0\IronPython.Wpf.dll [C:\Users\ultra\warewolf\Dev\Dev2.Infrastructure.Tests\Dev2.Infrastructure.Tests.csproj]
C:\Program Files\dotnet\sdk\10.0.201\Microsoft.Common.CurrentVersion.targets(2451,5): warning MSB3277:         C:\Users\ultra\.nuget\packages\microsoft.xaml.behaviors.wpf\1.1.122\lib\net462\Microsoft.Xaml.Behaviors.dll [C:\Users\ultra\warewolf\Dev\Dev2.Infrastructure.Tests\Dev2.Infrastructure.Tests.csproj]
C:\Program Files\dotnet\sdk\10.0.201\Microsoft.Common.CurrentVersion.targets(2451,5): warning MSB3277:           Project file item includes which caused reference "C:\Users\ultra\.nuget\packages\microsoft.xaml.behaviors.wpf\1.1.122\lib\net462\Microsoft.Xaml.Behaviors.dll". [C:\Users\ultra\warewolf\Dev\Dev2.Infrastructure.Tests\Dev2.Infrastructure.Tests.csproj]
C:\Program Files\dotnet\sdk\10.0.201\Microsoft.Common.CurrentVersion.targets(2451,5): warning MSB3277:             C:\Users\ultra\.nuget\packages\microsoft.xaml.behaviors.wpf\1.1.122\lib\net462\Microsoft.Xaml.Behaviors.dll [C:\Users\ultra\warewolf\Dev\Dev2.Infrastructure.Tests\Dev2.Infrastructure.Tests.csproj]
C:\Program Files\dotnet\sdk\10.0.201\Microsoft.Common.CurrentVersion.targets(2451,5): warning MSB3277:             C:\Users\ultra\.nuget\packages\caliburn.micro\4.0.212\lib\netcoreapp3.1\Caliburn.Micro.Platform.dll [C:\Users\ultra\warewolf\Dev\Dev2.Infrastructure.Tests\Dev2.Infrastructure.Tests.csproj]
C:\Program Files\dotnet\sdk\10.0.201\Microsoft.Common.CurrentVersion.targets(2451,5): warning MSB3277:             C:\Users\ultra\.nuget\packages\prism.wpf\9.0.537\lib\net462\Prism.Wpf.dll [C:\Users\ultra\warewolf\Dev\Dev2.Infrastructure.Tests\Dev2.Infrastructure.Tests.csproj]
C:\Program Files\dotnet\sdk\10.0.201\Microsoft.Common.CurrentVersion.targets(2451,5): warning MSB3277:         C:\Users\ultra\.nuget\packages\prism.wpf\9.0.537\lib\net462\Prism.Wpf.dll [C:\Users\ultra\warewolf\Dev\Dev2.Infrastructure.Tests\Dev2.Infrastructure.Tests.csproj]
C:\Program Files\dotnet\sdk\10.0.201\Microsoft.Common.CurrentVersion.targets(2451,5): warning MSB3277:           Project file item includes which caused reference "C:\Users\ultra\.nuget\packages\prism.wpf\9.0.537\lib\net462\Prism.Wpf.dll". [C:\Users\ultra\warewolf\Dev\Dev2.Infrastructure.Tests\Dev2.Infrastructure.Tests.csproj]
C:\Program Files\dotnet\sdk\10.0.201\Microsoft.Common.CurrentVersion.targets(2451,5): warning MSB3277:             C:\Users\ultra\.nuget\packages\prism.wpf\9.0.537\lib\net462\Prism.Wpf.dll [C:\Users\ultra\warewolf\Dev\Dev2.Infrastructure.Tests\Dev2.Infrastructure.Tests.csproj]
C:\Program Files\dotnet\sdk\10.0.201\Microsoft.Common.CurrentVersion.targets(2451,5): warning MSB3277:         C:\Users\ultra\.nuget\packages\reactiveui.wpf\18.4.1\lib\net462\ReactiveUI.Wpf.dll [C:\Users\ultra\warewolf\Dev\Dev2.Infrastructure.Tests\Dev2.Infrastructure.Tests.csproj]
C:\Program Files\dotnet\sdk\10.0.201\Microsoft.Common.CurrentVersion.targets(2451,5): warning MSB3277:           Project file item includes which caused reference "C:\Users\ultra\.nuget\packages\reactiveui.wpf\18.4.1\lib\net462\ReactiveUI.Wpf.dll". [C:\Users\ultra\warewolf\Dev\Dev2.Infrastructure.Tests\Dev2.Infrastructure.Tests.csproj]
C:\Program Files\dotnet\sdk\10.0.201\Microsoft.Common.CurrentVersion.targets(2451,5): warning MSB3277:             C:\Users\ultra\.nuget\packages\reactiveui.wpf\18.4.1\lib\net462\ReactiveUI.Wpf.dll [C:\Users\ultra\warewolf\Dev\Dev2.Infrastructure.Tests\Dev2.Infrastructure.Tests.csproj]
C:\Users\ultra\warewolf\Dev\Warewolf.Studio.CustomControls\ScriptManager.cs(36,6): warning SYSLIB0003: 'PermissionSetAttribute' is obsolete: 'Code Access Security is not supported or honored by the runtime.' (https://aka.ms/dotnet-warnings/SYSLIB0003) [C:\Users\ultra\warewolf\Dev\Warewolf.Studio.CustomControls\Warewolf.Studio.CustomControls.csproj]
C:\Users\ultra\warewolf\Dev\Warewolf.Studio.CustomControls\ScriptManager.cs(36,20): warning SYSLIB0003: 'SecurityAction' is obsolete: 'Code Access Security is not supported or honored by the runtime.' (https://aka.ms/dotnet-warnings/SYSLIB0003) [C:\Users\ultra\warewolf\Dev\Warewolf.Studio.CustomControls\Warewolf.Studio.CustomControls.csproj]
C:\Users\ultra\warewolf\Dev\Warewolf.Studio.CustomControls\ScriptManager.cs(53,48): warning SYSLIB0044: 'AssemblyName.CodeBase' is obsolete: 'AssemblyName.CodeBase and AssemblyName.EscapedCodeBase are obsolete. Using them for loading an assembly is not supported.' (https://aka.ms/dotnet-warnings/SYSLIB0044) [C:\Users\ultra\warewolf\Dev\Warewolf.Studio.CustomControls\Warewolf.Studio.CustomControls.csproj]
C:\Users\ultra\warewolf\Dev\Warewolf.Studio.CustomControls\ScriptManager.cs(153,33): warning CC0022: ManagementObjectSearcher should be disposed. (https://code-cracker.github.io/diagnostics/CC0022.html) [C:\Users\ultra\warewolf\Dev\Warewolf.Studio.CustomControls\Warewolf.Studio.CustomControls.csproj]
C:\Users\ultra\warewolf\Dev\Warewolf.Studio.CustomControls\ScriptManager.cs(153,33): warning CA1416: This call site is reachable on all platforms. 'ManagementObjectSearcher.Get()' is only supported on: 'windows'. (https://learn.microsoft.com/dotnet/fundamentals/code-analysis/quality-rules/ca1416) [C:\Users\ultra\warewolf\Dev\Warewolf.Studio.CustomControls\Warewolf.Studio.CustomControls.csproj]
C:\Users\ultra\warewolf\Dev\Warewolf.Studio.CustomControls\ScriptManager.cs(155,40): warning CA1416: This call site is reachable on all platforms. 'ManagementBaseObject.this[string]' is only supported on: 'windows'. (https://learn.microsoft.com/dotnet/fundamentals/code-analysis/quality-rules/ca1416) [C:\Users\ultra\warewolf\Dev\Warewolf.Studio.CustomControls\Warewolf.Studio.CustomControls.csproj]
C:\Users\ultra\warewolf\Dev\Warewolf.Studio.CustomControls\ScriptManager.cs(153,33): warning CA1416: This call site is reachable on all platforms. 'ManagementObjectSearcher' is only supported on: 'windows'. (https://learn.microsoft.com/dotnet/fundamentals/code-analysis/quality-rules/ca1416) [C:\Users\ultra\warewolf\Dev\Warewolf.Studio.CustomControls\Warewolf.Studio.CustomControls.csproj]
  Warewolf.Studio.CustomControls -> C:\Users\ultra\warewolf\Dev\Warewolf.Studio.CustomControls\bin\Debug\net8.0\Warewolf.Studio.CustomControls.dll
  Warewolf.UI -> C:\Users\ultra\warewolf\Dev\Warewolf.UI\bin\Debug\net8.0\Warewolf.UI.dll
C:\Program Files\dotnet\sdk\10.0.201\Microsoft.Common.CurrentVersion.targets(2451,5): warning MSB3277: Found conflicts between different versions of "WindowsBase" that could not be resolved. [C:\Users\ultra\warewolf\Dev\Warewolf.MergeParser.Tests\Warewolf.MergeParser.Tests.csproj]
C:\Program Files\dotnet\sdk\10.0.201\Microsoft.Common.CurrentVersion.targets(2451,5): warning MSB3277: There was a conflict between "WindowsBase, Version=4.0.0.0, Culture=neutral, PublicKeyToken=31bf3856ad364e35" and "WindowsBase, Version=6.0.2.0, Culture=neutral, PublicKeyToken=31bf3856ad364e35". [C:\Users\ultra\warewolf\Dev\Warewolf.MergeParser.Tests\Warewolf.MergeParser.Tests.csproj]
C:\Program Files\dotnet\sdk\10.0.201\Microsoft.Common.CurrentVersion.targets(2451,5): warning MSB3277:     "WindowsBase, Version=4.0.0.0, Culture=neutral, PublicKeyToken=31bf3856ad364e35" was chosen because it was primary and "WindowsBase, Version=6.0.2.0, Culture=neutral, PublicKeyToken=31bf3856ad364e35" was not. [C:\Users\ultra\warewolf\Dev\Warewolf.MergeParser.Tests\Warewolf.MergeParser.Tests.csproj]
C:\Program Files\dotnet\sdk\10.0.201\Microsoft.Common.CurrentVersion.targets(2451,5): warning MSB3277:     References which depend on "WindowsBase, Version=4.0.0.0, Culture=neutral, PublicKeyToken=31bf3856ad364e35" [C:\Program Files\dotnet\packs\Microsoft.NETCore.App.Ref\8.0.25\ref\net8.0\WindowsBase.dll]. [C:\Users\ultra\warewolf\Dev\Warewolf.MergeParser.Tests\Warewolf.MergeParser.Tests.csproj]
C:\Program Files\dotnet\sdk\10.0.201\Microsoft.Common.CurrentVersion.targets(2451,5): warning MSB3277:         C:\Program Files\dotnet\packs\Microsoft.NETCore.App.Ref\8.0.25\ref\net8.0\WindowsBase.dll [C:\Users\ultra\warewolf\Dev\Warewolf.MergeParser.Tests\Warewolf.MergeParser.Tests.csproj]
C:\Program Files\dotnet\sdk\10.0.201\Microsoft.Common.CurrentVersion.targets(2451,5): warning MSB3277:           Project file item includes which caused reference "C:\Program Files\dotnet\packs\Microsoft.NETCore.App.Ref\8.0.25\ref\net8.0\WindowsBase.dll". [C:\Users\ultra\warewolf\Dev\Warewolf.MergeParser.Tests\Warewolf.MergeParser.Tests.csproj]
C:\Program Files\dotnet\sdk\10.0.201\Microsoft.Common.CurrentVersion.targets(2451,5): warning MSB3277:             C:\Program Files\dotnet\packs\Microsoft.NETCore.App.Ref\8.0.25\ref/net8.0/WindowsBase.dll [C:\Users\ultra\warewolf\Dev\Warewolf.MergeParser.Tests\Warewolf.MergeParser.Tests.csproj]
C:\Program Files\dotnet\sdk\10.0.201\Microsoft.Common.CurrentVersion.targets(2451,5): warning MSB3277:     References which depend on or have been unified to "WindowsBase, Version=6.0.2.0, Culture=neutral, PublicKeyToken=31bf3856ad364e35" []. [C:\Users\ultra\warewolf\Dev\Warewolf.MergeParser.Tests\Warewolf.MergeParser.Tests.csproj]
C:\Program Files\dotnet\sdk\10.0.201\Microsoft.Common.CurrentVersion.targets(2451,5): warning MSB3277:         C:\Users\ultra\.nuget\packages\caliburn.micro\4.0.212\lib\netcoreapp3.1\Caliburn.Micro.Platform.dll [C:\Users\ultra\warewolf\Dev\Warewolf.MergeParser.Tests\Warewolf.MergeParser.Tests.csproj]
C:\Program Files\dotnet\sdk\10.0.201\Microsoft.Common.CurrentVersion.targets(2451,5): warning MSB3277:           Project file item includes which caused reference "C:\Users\ultra\.nuget\packages\caliburn.micro\4.0.212\lib\netcoreapp3.1\Caliburn.Micro.Platform.dll". [C:\Users\ultra\warewolf\Dev\Warewolf.MergeParser.Tests\Warewolf.MergeParser.Tests.csproj]
C:\Program Files\dotnet\sdk\10.0.201\Microsoft.Common.CurrentVersion.targets(2451,5): warning MSB3277:             C:\Users\ultra\.nuget\packages\caliburn.micro\4.0.212\lib\netcoreapp3.1\Caliburn.Micro.Platform.dll [C:\Users\ultra\warewolf\Dev\Warewolf.MergeParser.Tests\Warewolf.MergeParser.Tests.csproj]
C:\Program Files\dotnet\sdk\10.0.201\Microsoft.Common.CurrentVersion.targets(2451,5): warning MSB3277:         C:\Users\ultra\.nuget\packages\ironpython\3.4.0\lib\net6.0\IronPython.Wpf.dll [C:\Users\ultra\warewolf\Dev\Warewolf.MergeParser.Tests\Warewolf.MergeParser.Tests.csproj]
C:\Program Files\dotnet\sdk\10.0.201\Microsoft.Common.CurrentVersion.targets(2451,5): warning MSB3277:           Project file item includes which caused reference "C:\Users\ultra\.nuget\packages\ironpython\3.4.0\lib\net6.0\IronPython.Wpf.dll". [C:\Users\ultra\warewolf\Dev\Warewolf.MergeParser.Tests\Warewolf.MergeParser.Tests.csproj]
C:\Program Files\dotnet\sdk\10.0.201\Microsoft.Common.CurrentVersion.targets(2451,5): warning MSB3277:             C:\Users\ultra\.nuget\packages\ironpython\3.4.0\lib\net6.0\IronPython.Wpf.dll [C:\Users\ultra\warewolf\Dev\Warewolf.MergeParser.Tests\Warewolf.MergeParser.Tests.csproj]
C:\Program Files\dotnet\sdk\10.0.201\Microsoft.Common.CurrentVersion.targets(2451,5): warning MSB3277:         C:\Users\ultra\.nuget\packages\microsoft.xaml.behaviors.wpf\1.1.122\lib\net462\Microsoft.Xaml.Behaviors.dll [C:\Users\ultra\warewolf\Dev\Warewolf.MergeParser.Tests\Warewolf.MergeParser.Tests.csproj]
C:\Program Files\dotnet\sdk\10.0.201\Microsoft.Common.CurrentVersion.targets(2451,5): warning MSB3277:           Project file item includes which caused reference "C:\Users\ultra\.nuget\packages\microsoft.xaml.behaviors.wpf\1.1.122\lib\net462\Microsoft.Xaml.Behaviors.dll". [C:\Users\ultra\warewolf\Dev\Warewolf.MergeParser.Tests\Warewolf.MergeParser.Tests.csproj]
C:\Program Files\dotnet\sdk\10.0.201\Microsoft.Common.CurrentVersion.targets(2451,5): warning MSB3277:             C:\Users\ultra\.nuget\packages\microsoft.xaml.behaviors.wpf\1.1.122\lib\net462\Microsoft.Xaml.Behaviors.dll [C:\Users\ultra\warewolf\Dev\Warewolf.MergeParser.Tests\Warewolf.MergeParser.Tests.csproj]
C:\Program Files\dotnet\sdk\10.0.201\Microsoft.Common.CurrentVersion.targets(2451,5): warning MSB3277:             C:\Users\ultra\.nuget\packages\caliburn.micro\4.0.212\lib\netcoreapp3.1\Caliburn.Micro.Platform.dll [C:\Users\ultra\warewolf\Dev\Warewolf.MergeParser.Tests\Warewolf.MergeParser.Tests.csproj]
C:\Program Files\dotnet\sdk\10.0.201\Microsoft.Common.CurrentVersion.targets(2451,5): warning MSB3277:             C:\Users\ultra\.nuget\packages\prism.wpf\9.0.537\lib\net462\Prism.Wpf.dll [C:\Users\ultra\warewolf\Dev\Warewolf.MergeParser.Tests\Warewolf.MergeParser.Tests.csproj]
C:\Program Files\dotnet\sdk\10.0.201\Microsoft.Common.CurrentVersion.targets(2451,5): warning MSB3277:         C:\Users\ultra\.nuget\packages\prism.wpf\9.0.537\lib\net462\Prism.Wpf.dll [C:\Users\ultra\warewolf\Dev\Warewolf.MergeParser.Tests\Warewolf.MergeParser.Tests.csproj]
C:\Program Files\dotnet\sdk\10.0.201\Microsoft.Common.CurrentVersion.targets(2451,5): warning MSB3277:           Project file item includes which caused reference "C:\Users\ultra\.nuget\packages\prism.wpf\9.0.537\lib\net462\Prism.Wpf.dll". [C:\Users\ultra\warewolf\Dev\Warewolf.MergeParser.Tests\Warewolf.MergeParser.Tests.csproj]
C:\Program Files\dotnet\sdk\10.0.201\Microsoft.Common.CurrentVersion.targets(2451,5): warning MSB3277:             C:\Users\ultra\.nuget\packages\prism.wpf\9.0.537\lib\net462\Prism.Wpf.dll [C:\Users\ultra\warewolf\Dev\Warewolf.MergeParser.Tests\Warewolf.MergeParser.Tests.csproj]
C:\Program Files\dotnet\sdk\10.0.201\Microsoft.Common.CurrentVersion.targets(2451,5): warning MSB3277:         C:\Users\ultra\.nuget\packages\reactiveui.wpf\18.4.1\lib\net462\ReactiveUI.Wpf.dll [C:\Users\ultra\warewolf\Dev\Warewolf.MergeParser.Tests\Warewolf.MergeParser.Tests.csproj]
C:\Program Files\dotnet\sdk\10.0.201\Microsoft.Common.CurrentVersion.targets(2451,5): warning MSB3277:           Project file item includes which caused reference "C:\Users\ultra\.nuget\packages\reactiveui.wpf\18.4.1\lib\net462\ReactiveUI.Wpf.dll". [C:\Users\ultra\warewolf\Dev\Warewolf.MergeParser.Tests\Warewolf.MergeParser.Tests.csproj]
C:\Program Files\dotnet\sdk\10.0.201\Microsoft.Common.CurrentVersion.targets(2451,5): warning MSB3277:             C:\Users\ultra\.nuget\packages\reactiveui.wpf\18.4.1\lib\net462\ReactiveUI.Wpf.dll [C:\Users\ultra\warewolf\Dev\Warewolf.MergeParser.Tests\Warewolf.MergeParser.Tests.csproj]
C:\Program Files\dotnet\sdk\10.0.201\Microsoft.Common.CurrentVersion.targets(2451,5): warning MSB3277: Found conflicts between different versions of "Microsoft.Win32.SystemEvents" that could not be resolved. [C:\Users\ultra\warewolf\Dev\Warewolf.Studio.Themes.Luna\Warewolf.Studio.Themes.Luna.csproj]
C:\Program Files\dotnet\sdk\10.0.201\Microsoft.Common.CurrentVersion.targets(2451,5): warning MSB3277: There was a conflict between "Microsoft.Win32.SystemEvents, Version=6.0.0.0, Culture=neutral, PublicKeyToken=cc7b13ffcd2ddd51" and "Microsoft.Win32.SystemEvents, Version=7.0.0.0, Culture=neutral, PublicKeyToken=cc7b13ffcd2ddd51". [C:\Users\ultra\warewolf\Dev\Warewolf.Studio.Themes.Luna\Warewolf.Studio.Themes.Luna.csproj]
C:\Program Files\dotnet\sdk\10.0.201\Microsoft.Common.CurrentVersion.targets(2451,5): warning MSB3277:     "Microsoft.Win32.SystemEvents, Version=6.0.0.0, Culture=neutral, PublicKeyToken=cc7b13ffcd2ddd51" was chosen because it was primary and "Microsoft.Win32.SystemEvents, Version=7.0.0.0, Culture=neutral, PublicKeyToken=cc7b13ffcd2ddd51" was not. [C:\Users\ultra\warewolf\Dev\Warewolf.Studio.Themes.Luna\Warewolf.Studio.Themes.Luna.csproj]
C:\Program Files\dotnet\sdk\10.0.201\Microsoft.Common.CurrentVersion.targets(2451,5): warning MSB3277:     References which depend on "Microsoft.Win32.SystemEvents, Version=6.0.0.0, Culture=neutral, PublicKeyToken=cc7b13ffcd2ddd51" [C:\Users\ultra\.nuget\packages\microsoft.win32.systemevents\6.0.0\lib\net6.0\Microsoft.Win32.SystemEvents.dll]. [C:\Users\ultra\warewolf\Dev\Warewolf.Studio.Themes.Luna\Warewolf.Studio.Themes.Luna.csproj]
C:\Program Files\dotnet\sdk\10.0.201\Microsoft.Common.CurrentVersion.targets(2451,5): warning MSB3277:         C:\Users\ultra\.nuget\packages\microsoft.win32.systemevents\6.0.0\lib\net6.0\Microsoft.Win32.SystemEvents.dll [C:\Users\ultra\warewolf\Dev\Warewolf.Studio.Themes.Luna\Warewolf.Studio.Themes.Luna.csproj]
C:\Program Files\dotnet\sdk\10.0.201\Microsoft.Common.CurrentVersion.targets(2451,5): warning MSB3277:           Project file item includes which caused reference "C:\Users\ultra\.nuget\packages\microsoft.win32.systemevents\6.0.0\lib\net6.0\Microsoft.Win32.SystemEvents.dll". [C:\Users\ultra\warewolf\Dev\Warewolf.Studio.Themes.Luna\Warewolf.Studio.Themes.Luna.csproj]
C:\Program Files\dotnet\sdk\10.0.201\Microsoft.Common.CurrentVersion.targets(2451,5): warning MSB3277:             C:\Users\ultra\.nuget\packages\microsoft.win32.systemevents\6.0.0\lib\net6.0\Microsoft.Win32.SystemEvents.dll [C:\Users\ultra\warewolf\Dev\Warewolf.Studio.Themes.Luna\Warewolf.Studio.Themes.Luna.csproj]
C:\Program Files\dotnet\sdk\10.0.201\Microsoft.Common.CurrentVersion.targets(2451,5): warning MSB3277:     References which depend on or have been unified to "Microsoft.Win32.SystemEvents, Version=7.0.0.0, Culture=neutral, PublicKeyToken=cc7b13ffcd2ddd51" []. [C:\Users\ultra\warewolf\Dev\Warewolf.Studio.Themes.Luna\Warewolf.Studio.Themes.Luna.csproj]
C:\Program Files\dotnet\sdk\10.0.201\Microsoft.Common.CurrentVersion.targets(2451,5): warning MSB3277:         C:\Users\ultra\warewolf\Dev\Dev2.Common\bin\Debug\net8.0\Dev2.Common.dll [C:\Users\ultra\warewolf\Dev\Warewolf.Studio.Themes.Luna\Warewolf.Studio.Themes.Luna.csproj]
C:\Program Files\dotnet\sdk\10.0.201\Microsoft.Common.CurrentVersion.targets(2451,5): warning MSB3277:           Project file item includes which caused reference "C:\Users\ultra\warewolf\Dev\Dev2.Common\bin\Debug\net8.0\Dev2.Common.dll". [C:\Users\ultra\warewolf\Dev\Warewolf.Studio.Themes.Luna\Warewolf.Studio.Themes.Luna.csproj]
C:\Program Files\dotnet\sdk\10.0.201\Microsoft.Common.CurrentVersion.targets(2451,5): warning MSB3277:             C:\Users\ultra\warewolf\Dev\Dev2.Common\bin\Debug\net8.0\Dev2.Common.dll [C:\Users\ultra\warewolf\Dev\Warewolf.Studio.Themes.Luna\Warewolf.Studio.Themes.Luna.csproj]
C:\Program Files\dotnet\sdk\10.0.201\Microsoft.Common.CurrentVersion.targets(2451,5): warning MSB3277:             C:\Users\ultra\warewolf\Dev\Dev2.Intellisense\bin\Debug\net8.0\Dev2.Intellisense.dll [C:\Users\ultra\warewolf\Dev\Warewolf.Studio.Themes.Luna\Warewolf.Studio.Themes.Luna.csproj]
C:\Program Files\dotnet\sdk\10.0.201\Microsoft.Common.CurrentVersion.targets(2451,5): warning MSB3277:             C:\Users\ultra\warewolf\Dev\Dev2.Studio.Core\bin\Debug\net8.0\Dev2.Studio.Core.dll [C:\Users\ultra\warewolf\Dev\Warewolf.Studio.Themes.Luna\Warewolf.Studio.Themes.Luna.csproj]
C:\Program Files\dotnet\sdk\10.0.201\Microsoft.Common.CurrentVersion.targets(2451,5): warning MSB3277:             C:\Users\ultra\warewolf\Dev\Dev2.Studio.Interfaces\bin\Debug\net8.0\Dev2.Studio.Interfaces.dll [C:\Users\ultra\warewolf\Dev\Warewolf.Studio.Themes.Luna\Warewolf.Studio.Themes.Luna.csproj]
C:\Program Files\dotnet\sdk\10.0.201\Microsoft.Common.CurrentVersion.targets(2451,5): warning MSB3277:             C:\Users\ultra\warewolf\Dev\Warewolf.Studio.Core\bin\Debug\net8.0\Warewolf.Studio.Core.dll [C:\Users\ultra\warewolf\Dev\Warewolf.Studio.Themes.Luna\Warewolf.Studio.Themes.Luna.csproj]
C:\Program Files\dotnet\sdk\10.0.201\Microsoft.Common.CurrentVersion.targets(2451,5): warning MSB3277:             C:\Users\ultra\warewolf\Dev\Warewolf.Studio.CustomControls\bin\Debug\net8.0\Warewolf.Studio.CustomControls.dll [C:\Users\ultra\warewolf\Dev\Warewolf.Studio.Themes.Luna\Warewolf.Studio.Themes.Luna.csproj]
C:\Program Files\dotnet\sdk\10.0.201\Microsoft.Common.CurrentVersion.targets(2451,5): warning MSB3277:             C:\Users\ultra\warewolf\Dev\Dev2.Activities\bin\Debug\net8.0\Dev2.Activities.dll [C:\Users\ultra\warewolf\Dev\Warewolf.Studio.Themes.Luna\Warewolf.Studio.Themes.Luna.csproj]
C:\Program Files\dotnet\sdk\10.0.201\Microsoft.Common.CurrentVersion.targets(2451,5): warning MSB3277:             C:\Users\ultra\warewolf\Dev\Dev2.Core\bin\Debug\net8.0\Dev2.Core.dll [C:\Users\ultra\warewolf\Dev\Warewolf.Studio.Themes.Luna\Warewolf.Studio.Themes.Luna.csproj]
C:\Program Files\dotnet\sdk\10.0.201\Microsoft.Common.CurrentVersion.targets(2451,5): warning MSB3277:             C:\Users\ultra\warewolf\Dev\Warewolf.UI\bin\Debug\net8.0\Warewolf.UI.dll [C:\Users\ultra\warewolf\Dev\Warewolf.Studio.Themes.Luna\Warewolf.Studio.Themes.Luna.csproj]
C:\Program Files\dotnet\sdk\10.0.201\Microsoft.Common.CurrentVersion.targets(2451,5): warning MSB3277:             C:\Users\ultra\warewolf\Dev\Dev2.Data\bin\Debug\net8.0\Dev2.Data.dll [C:\Users\ultra\warewolf\Dev\Warewolf.Studio.Themes.Luna\Warewolf.Studio.Themes.Luna.csproj]
C:\Program Files\dotnet\sdk\10.0.201\Microsoft.Common.CurrentVersion.targets(2451,5): warning MSB3277:             C:\Users\ultra\warewolf\Dev\Dev2.Development.Languages\bin\Debug\net8.0\Dev2.Development.Languages.dll [C:\Users\ultra\warewolf\Dev\Warewolf.Studio.Themes.Luna\Warewolf.Studio.Themes.Luna.csproj]
C:\Program Files\dotnet\sdk\10.0.201\Microsoft.Common.CurrentVersion.targets(2451,5): warning MSB3277:             C:\Users\ultra\warewolf\Dev\Dev2.Diagnostics\bin\Debug\net8.0\Dev2.Diagnostics.dll [C:\Users\ultra\warewolf\Dev\Warewolf.Studio.Themes.Luna\Warewolf.Studio.Themes.Luna.csproj]
C:\Program Files\dotnet\sdk\10.0.201\Microsoft.Common.CurrentVersion.targets(2451,5): warning MSB3277:             C:\Users\ultra\warewolf\Dev\Dev2.Infrastructure\bin\Debug\net8.0\Dev2.Infrastructure.dll [C:\Users\ultra\warewolf\Dev\Warewolf.Studio.Themes.Luna\Warewolf.Studio.Themes.Luna.csproj]
C:\Program Files\dotnet\sdk\10.0.201\Microsoft.Common.CurrentVersion.targets(2451,5): warning MSB3277:             C:\Users\ultra\warewolf\Dev\Dev2.Runtime.Services\bin\Debug\net8.0\Dev2.Runtime.Services.dll [C:\Users\ultra\warewolf\Dev\Warewolf.Studio.Themes.Luna\Warewolf.Studio.Themes.Luna.csproj]
C:\Program Files\dotnet\sdk\10.0.201\Microsoft.Common.CurrentVersion.targets(2451,5): warning MSB3277:             C:\Users\ultra\warewolf\Dev\Dev2.Scheduler\bin\Debug\net8.0\Dev2.Scheduler.dll [C:\Users\ultra\warewolf\Dev\Warewolf.Studio.Themes.Luna\Warewolf.Studio.Themes.Luna.csproj]
C:\Program Files\dotnet\sdk\10.0.201\Microsoft.Common.CurrentVersion.targets(2451,5): warning MSB3277:             C:\Users\ultra\warewolf\Dev\Dev2.Services.Execution\bin\Debug\net8.0\Dev2.Services.Execution.dll [C:\Users\ultra\warewolf\Dev\Warewolf.Studio.Themes.Luna\Warewolf.Studio.Themes.Luna.csproj]
C:\Program Files\dotnet\sdk\10.0.201\Microsoft.Common.CurrentVersion.targets(2451,5): warning MSB3277:             C:\Users\ultra\warewolf\Dev\Dev2.Services.Sql\bin\Debug\net8.0\Dev2.Services.Sql.dll [C:\Users\ultra\warewolf\Dev\Warewolf.Studio.Themes.Luna\Warewolf.Studio.Themes.Luna.csproj]
C:\Program Files\dotnet\sdk\10.0.201\Microsoft.Common.CurrentVersion.targets(2451,5): warning MSB3277:             C:\Users\ultra\warewolf\Dev\Dev2.TaskScheduler.Wrappers\bin\Debug\net8.0\Dev2.TaskScheduler.Wrappers.dll [C:\Users\ultra\warewolf\Dev\Warewolf.Studio.Themes.Luna\Warewolf.Studio.Themes.Luna.csproj]
C:\Program Files\dotnet\sdk\10.0.201\Microsoft.Common.CurrentVersion.targets(2451,5): warning MSB3277:             C:\Users\ultra\warewolf\Dev\Dev2.Util\bin\Debug\net8.0\Dev2.Util.dll [C:\Users\ultra\warewolf\Dev\Warewolf.Studio.Themes.Luna\Warewolf.Studio.Themes.Luna.csproj]
C:\Program Files\dotnet\sdk\10.0.201\Microsoft.Common.CurrentVersion.targets(2451,5): warning MSB3277:             C:\Users\ultra\warewolf\Dev\Warewolf.AI.Harness\bin\Debug\net8.0\Warewolf.AI.Harness.dll [C:\Users\ultra\warewolf\Dev\Warewolf.Studio.Themes.Luna\Warewolf.Studio.Themes.Luna.csproj]
C:\Program Files\dotnet\sdk\10.0.201\Microsoft.Common.CurrentVersion.targets(2451,5): warning MSB3277:             C:\Users\ultra\warewolf\Dev\Warewolf.Auditing\bin\Debug\net8.0\Warewolf.Auditing.dll [C:\Users\ultra\warewolf\Dev\Warewolf.Studio.Themes.Luna\Warewolf.Studio.Themes.Luna.csproj]
C:\Program Files\dotnet\sdk\10.0.201\Microsoft.Common.CurrentVersion.targets(2451,5): warning MSB3277:             C:\Users\ultra\warewolf\Dev\Warewolf.Common.NetStandard20\bin\Debug\net8.0\Warewolf.Common.NetStandard20.dll [C:\Users\ultra\warewolf\Dev\Warewolf.Studio.Themes.Luna\Warewolf.Studio.Themes.Luna.csproj]
C:\Program Files\dotnet\sdk\10.0.201\Microsoft.Common.CurrentVersion.targets(2451,5): warning MSB3277:             C:\Users\ultra\warewolf\Dev\Warewolf.Core\bin\Debug\net8.0\Warewolf.Core.dll [C:\Users\ultra\warewolf\Dev\Warewolf.Studio.Themes.Luna\Warewolf.Studio.Themes.Luna.csproj]
C:\Program Files\dotnet\sdk\10.0.201\Microsoft.Common.CurrentVersion.targets(2451,5): warning MSB3277:             C:\Users\ultra\warewolf\Dev\Warewolf.Driver.Persistence\bin\Debug\net8.0\Warewolf.Driver.Persistence.dll [C:\Users\ultra\warewolf\Dev\Warewolf.Studio.Themes.Luna\Warewolf.Studio.Themes.Luna.csproj]
C:\Program Files\dotnet\sdk\10.0.201\Microsoft.Common.CurrentVersion.targets(2451,5): warning MSB3277:             C:\Users\ultra\warewolf\Dev\Warewolf.Driver.Serilog\bin\Debug\net8.0\Warewolf.Driver.Serilog.dll [C:\Users\ultra\warewolf\Dev\Warewolf.Studio.Themes.Luna\Warewolf.Studio.Themes.Luna.csproj]
C:\Program Files\dotnet\sdk\10.0.201\Microsoft.Common.CurrentVersion.targets(2451,5): warning MSB3277:             C:\Users\ultra\warewolf\Dev\Warewolf.Exchange.Email.Wrapper\bin\Debug\net8.0\Warewolf.Exchange.Email.Wrapper.dll [C:\Users\ultra\warewolf\Dev\Warewolf.Studio.Themes.Luna\Warewolf.Studio.Themes.Luna.csproj]
C:\Program Files\dotnet\sdk\10.0.201\Microsoft.Common.CurrentVersion.targets(2451,5): warning MSB3277:             C:\Users\ultra\warewolf\Dev\Warewolf.ResourceManagement\bin\Debug\net8.0\Warewolf.ResourceManagement.dll [C:\Users\ultra\warewolf\Dev\Warewolf.Studio.Themes.Luna\Warewolf.Studio.Themes.Luna.csproj]
C:\Program Files\dotnet\sdk\10.0.201\Microsoft.Common.CurrentVersion.targets(2451,5): warning MSB3277:             C:\Users\ultra\warewolf\Dev\Warewolf.Sharepoint\bin\Debug\net8.0\Warewolf.Sharepoint.dll [C:\Users\ultra\warewolf\Dev\Warewolf.Studio.Themes.Luna\Warewolf.Studio.Themes.Luna.csproj]
C:\Program Files\dotnet\sdk\10.0.201\Microsoft.Common.CurrentVersion.targets(2451,5): warning MSB3277:             C:\Users\ultra\warewolf\Dev\Warewolf.Storage\bin\Debug\net8.0\Warewolf.Storage.dll [C:\Users\ultra\warewolf\Dev\Warewolf.Studio.Themes.Luna\Warewolf.Studio.Themes.Luna.csproj]
C:\Program Files\dotnet\sdk\10.0.201\Microsoft.Common.CurrentVersion.targets(2451,5): warning MSB3277:         C:\Users\ultra\warewolf\Dev\Binaries\Infragistcs_Net6\InfragisticsWPF4.Editors.v15.1.dll [C:\Users\ultra\warewolf\Dev\Warewolf.Studio.Themes.Luna\Warewolf.Studio.Themes.Luna.csproj]
C:\Program Files\dotnet\sdk\10.0.201\Microsoft.Common.CurrentVersion.targets(2451,5): warning MSB3277:           Project file item includes which caused reference "C:\Users\ultra\warewolf\Dev\Binaries\Infragistcs_Net6\InfragisticsWPF4.Editors.v15.1.dll". [C:\Users\ultra\warewolf\Dev\Warewolf.Studio.Themes.Luna\Warewolf.Studio.Themes.Luna.csproj]
C:\Program Files\dotnet\sdk\10.0.201\Microsoft.Common.CurrentVersion.targets(2451,5): warning MSB3277:             InfragisticsWPF4.Editors.v15.1, Version=15.1.20151.2055, Culture=neutral, PublicKeyToken=7dd5c3163f2cd0cb, processorArchitecture=MSIL [C:\Users\ultra\warewolf\Dev\Warewolf.Studio.Themes.Luna\Warewolf.Studio.Themes.Luna.csproj]
C:\Program Files\dotnet\sdk\10.0.201\Microsoft.Common.CurrentVersion.targets(2451,5): warning MSB3277:             InfragisticsWPF4.DataPresenter.v15.1, Version=15.1.20151.2055, Culture=neutral, PublicKeyToken=7dd5c3163f2cd0cb, processorArchitecture=MSIL [C:\Users\ultra\warewolf\Dev\Warewolf.Studio.Themes.Luna\Warewolf.Studio.Themes.Luna.csproj]
C:\Program Files\dotnet\sdk\10.0.201\Microsoft.Common.CurrentVersion.targets(2451,5): warning MSB3277:         C:\Users\ultra\warewolf\Dev\Binaries\Infragistcs_Net6\InfragisticsWPF4.v15.1.dll [C:\Users\ultra\warewolf\Dev\Warewolf.Studio.Themes.Luna\Warewolf.Studio.Themes.Luna.csproj]
C:\Program Files\dotnet\sdk\10.0.201\Microsoft.Common.CurrentVersion.targets(2451,5): warning MSB3277:           Project file item includes which caused reference "C:\Users\ultra\warewolf\Dev\Binaries\Infragistcs_Net6\InfragisticsWPF4.v15.1.dll". [C:\Users\ultra\warewolf\Dev\Warewolf.Studio.Themes.Luna\Warewolf.Studio.Themes.Luna.csproj]
C:\Program Files\dotnet\sdk\10.0.201\Microsoft.Common.CurrentVersion.targets(2451,5): warning MSB3277:             InfragisticsWPF4.v15.1, Version=15.1.20151.2055, Culture=neutral, PublicKeyToken=7dd5c3163f2cd0cb, processorArchitecture=MSIL [C:\Users\ultra\warewolf\Dev\Warewolf.Studio.Themes.Luna\Warewolf.Studio.Themes.Luna.csproj]
C:\Program Files\dotnet\sdk\10.0.201\Microsoft.Common.CurrentVersion.targets(2451,5): warning MSB3277:             CalculationManager.WPF [C:\Users\ultra\warewolf\Dev\Warewolf.Studio.Themes.Luna\Warewolf.Studio.Themes.Luna.csproj]
C:\Program Files\dotnet\sdk\10.0.201\Microsoft.Common.CurrentVersion.targets(2451,5): warning MSB3277:             InfragisticsWPF4.Controls.Editors.XamComboEditor.v15.1, Version=15.1.20151.2055, Culture=neutral, PublicKeyToken=7dd5c3163f2cd0cb, processorArchitecture=MSIL [C:\Users\ultra\warewolf\Dev\Warewolf.Studio.Themes.Luna\Warewolf.Studio.Themes.Luna.csproj]
C:\Program Files\dotnet\sdk\10.0.201\Microsoft.Common.CurrentVersion.targets(2451,5): warning MSB3277:             InfragisticsWPF4.Controls.Editors.XamRichTextEditor.v15.1, Version=15.1.20151.2055, Culture=neutral, PublicKeyToken=7dd5c3163f2cd0cb, processorArchitecture=MSIL [C:\Users\ultra\warewolf\Dev\Warewolf.Studio.Themes.Luna\Warewolf.Studio.Themes.Luna.csproj]
C:\Program Files\dotnet\sdk\10.0.201\Microsoft.Common.CurrentVersion.targets(2451,5): warning MSB3277:             InfragisticsWPF4.Controls.Editors.XamSyntaxEditor.v15.1, Version=15.1.20151.2055, Culture=neutral, PublicKeyToken=7dd5c3163f2cd0cb, processorArchitecture=MSIL [C:\Users\ultra\warewolf\Dev\Warewolf.Studio.Themes.Luna\Warewolf.Studio.Themes.Luna.csproj]
C:\Program Files\dotnet\sdk\10.0.201\Microsoft.Common.CurrentVersion.targets(2451,5): warning MSB3277:             InfragisticsWPF4.Controls.Grids.DateTimeColumn.v15.1, Version=15.1.20151.2055, Culture=neutral, PublicKeyToken=7dd5c3163f2cd0cb, processorArchitecture=MSIL [C:\Users\ultra\warewolf\Dev\Warewolf.Studio.Themes.Luna\Warewolf.Studio.Themes.Luna.csproj]
C:\Program Files\dotnet\sdk\10.0.201\Microsoft.Common.CurrentVersion.targets(2451,5): warning MSB3277:             InfragisticsWPF4.Controls.Grids.MultiColumnComboColumn.v15.1, Version=15.1.20151.2055, Culture=neutral, PublicKeyToken=7dd5c3163f2cd0cb, processorArchitecture=MSIL [C:\Users\ultra\warewolf\Dev\Warewolf.Studio.Themes.Luna\Warewolf.Studio.Themes.Luna.csproj]
C:\Program Files\dotnet\sdk\10.0.201\Microsoft.Common.CurrentVersion.targets(2451,5): warning MSB3277:             InfragisticsWPF4.Controls.Grids.XamGrid.v15.1, Version=15.1.20151.2055, Culture=neutral, PublicKeyToken=7dd5c3163f2cd0cb, processorArchitecture=MSIL [C:\Users\ultra\warewolf\Dev\Warewolf.Studio.Themes.Luna\Warewolf.Studio.Themes.Luna.csproj]
C:\Program Files\dotnet\sdk\10.0.201\Microsoft.Common.CurrentVersion.targets(2451,5): warning MSB3277:             InfragisticsWPF4.Controls.Interactions.XamDialogWindow.v15.1, Version=15.1.20151.2055, Culture=neutral, PublicKeyToken=7dd5c3163f2cd0cb, processorArchitecture=MSIL [C:\Users\ultra\warewolf\Dev\Warewolf.Studio.Themes.Luna\Warewolf.Studio.Themes.Luna.csproj]
C:\Program Files\dotnet\sdk\10.0.201\Microsoft.Common.CurrentVersion.targets(2451,5): warning MSB3277:             InfragisticsWPF4.Controls.Interactions.XamSpellChecker.v15.1, Version=15.1.20151.2055, Culture=neutral, PublicKeyToken=7dd5c3163f2cd0cb, processorArchitecture=MSIL [C:\Users\ultra\warewolf\Dev\Warewolf.Studio.Themes.Luna\Warewolf.Studio.Themes.Luna.csproj]
C:\Program Files\dotnet\sdk\10.0.201\Microsoft.Common.CurrentVersion.targets(2451,5): warning MSB3277:             InfragisticsWPF4.Controls.Maps.XamNetworkNode.v15.1, Version=15.1.20151.2055, Culture=neutral, PublicKeyToken=7dd5c3163f2cd0cb, processorArchitecture=MSIL [C:\Users\ultra\warewolf\Dev\Warewolf.Studio.Themes.Luna\Warewolf.Studio.Themes.Luna.csproj]
C:\Program Files\dotnet\sdk\10.0.201\Microsoft.Common.CurrentVersion.targets(2451,5): warning MSB3277:             InfragisticsWPF4.Controls.Menus.XamDataTree.v15.1 [C:\Users\ultra\warewolf\Dev\Warewolf.Studio.Themes.Luna\Warewolf.Studio.Themes.Luna.csproj]
C:\Program Files\dotnet\sdk\10.0.201\Microsoft.Common.CurrentVersion.targets(2451,5): warning MSB3277:             InfragisticsWPF4.Controls.Menus.XamMenu.v15.1, Version=15.1.20151.2055, Culture=neutral, PublicKeyToken=7dd5c3163f2cd0cb, processorArchitecture=MSIL [C:\Users\ultra\warewolf\Dev\Warewolf.Studio.Themes.Luna\Warewolf.Studio.Themes.Luna.csproj]
C:\Program Files\dotnet\sdk\10.0.201\Microsoft.Common.CurrentVersion.targets(2451,5): warning MSB3277:             InfragisticsWPF4.DataManager.v15.1, Version=15.1.20151.2055, Culture=neutral, PublicKeyToken=7dd5c3163f2cd0cb, processorArchitecture=MSIL [C:\Users\ultra\warewolf\Dev\Warewolf.Studio.Themes.Luna\Warewolf.Studio.Themes.Luna.csproj]
C:\Program Files\dotnet\sdk\10.0.201\Microsoft.Common.CurrentVersion.targets(2451,5): warning MSB3277:             InfragisticsWPF4.DataPresenter.v15.1, Version=15.1.20151.2055, Culture=neutral, PublicKeyToken=7dd5c3163f2cd0cb, processorArchitecture=MSIL [C:\Users\ultra\warewolf\Dev\Warewolf.Studio.Themes.Luna\Warewolf.Studio.Themes.Luna.csproj]
C:\Program Files\dotnet\sdk\10.0.201\Microsoft.Common.CurrentVersion.targets(2451,5): warning MSB3277:             InfragisticsWPF4.DataVisualization.v15.1, Version=15.1.20151.2055, Culture=neutral, PublicKeyToken=7dd5c3163f2cd0cb, processorArchitecture=MSIL [C:\Users\ultra\warewolf\Dev\Warewolf.Studio.Themes.Luna\Warewolf.Studio.Themes.Luna.csproj]
C:\Program Files\dotnet\sdk\10.0.201\Microsoft.Common.CurrentVersion.targets(2451,5): warning MSB3277:             InfragisticsWPF4.DockManager.v15.1, Version=15.1.20151.2055, Culture=neutral, PublicKeyToken=7dd5c3163f2cd0cb, processorArchitecture=MSIL [C:\Users\ultra\warewolf\Dev\Warewolf.Studio.Themes.Luna\Warewolf.Studio.Themes.Luna.csproj]
C:\Program Files\dotnet\sdk\10.0.201\Microsoft.Common.CurrentVersion.targets(2451,5): warning MSB3277:             InfragisticsWPF4.Documents.RichTextDocument.Html.v15.1, Version=15.1.20151.2055, Culture=neutral, PublicKeyToken=7dd5c3163f2cd0cb, processorArchitecture=MSIL [C:\Users\ultra\warewolf\Dev\Warewolf.Studio.Themes.Luna\Warewolf.Studio.Themes.Luna.csproj]
C:\Program Files\dotnet\sdk\10.0.201\Microsoft.Common.CurrentVersion.targets(2451,5): warning MSB3277:             InfragisticsWPF4.Documents.RichTextDocument.v15.1, Version=15.1.20151.2055, Culture=neutral, PublicKeyToken=7dd5c3163f2cd0cb, processorArchitecture=MSIL [C:\Users\ultra\warewolf\Dev\Warewolf.Studio.Themes.Luna\Warewolf.Studio.Themes.Luna.csproj]
C:\Program Files\dotnet\sdk\10.0.201\Microsoft.Common.CurrentVersion.targets(2451,5): warning MSB3277:             InfragisticsWPF4.Editors.v15.1, Version=15.1.20151.2055, Culture=neutral, PublicKeyToken=7dd5c3163f2cd0cb, processorArchitecture=MSIL [C:\Users\ultra\warewolf\Dev\Warewolf.Studio.Themes.Luna\Warewolf.Studio.Themes.Luna.csproj]
C:\Program Files\dotnet\sdk\10.0.201\Microsoft.Common.CurrentVersion.targets(2451,5): warning MSB3277:         C:\Users\ultra\.nuget\packages\timespan2\2.4.2\lib\netcoreapp3.1\TimeSpan2.dll [C:\Users\ultra\warewolf\Dev\Warewolf.Studio.Themes.Luna\Warewolf.Studio.Themes.Luna.csproj]
C:\Program Files\dotnet\sdk\10.0.201\Microsoft.Common.CurrentVersion.targets(2451,5): warning MSB3277:           Project file item includes which caused reference "C:\Users\ultra\.nuget\packages\timespan2\2.4.2\lib\netcoreapp3.1\TimeSpan2.dll". [C:\Users\ultra\warewolf\Dev\Warewolf.Studio.Themes.Luna\Warewolf.Studio.Themes.Luna.csproj]
C:\Program Files\dotnet\sdk\10.0.201\Microsoft.Common.CurrentVersion.targets(2451,5): warning MSB3277:             C:\Users\ultra\.nuget\packages\timespan2\2.4.2\lib\netcoreapp3.1\TimeSpan2.dll [C:\Users\ultra\warewolf\Dev\Warewolf.Studio.Themes.Luna\Warewolf.Studio.Themes.Luna.csproj]
C:\Program Files\dotnet\sdk\10.0.201\Microsoft.Common.CurrentVersion.targets(2451,5): warning MSB3277:             C:\Users\ultra\.nuget\packages\taskschedulereditor\2.10.1\lib\net452\Microsoft.Win32.TaskSchedulerEditor.dll [C:\Users\ultra\warewolf\Dev\Warewolf.Studio.Themes.Luna\Warewolf.Studio.Themes.Luna.csproj]
C:\Program Files\dotnet\sdk\10.0.201\Microsoft.Common.CurrentVersion.targets(2451,5): warning MSB3277:         C:\Program Files\dotnet\packs\Microsoft.NETCore.App.Ref\8.0.25\ref\net8.0\System.dll [C:\Users\ultra\warewolf\Dev\Warewolf.Studio.Themes.Luna\Warewolf.Studio.Themes.Luna.csproj]
C:\Program Files\dotnet\sdk\10.0.201\Microsoft.Common.CurrentVersion.targets(2451,5): warning MSB3277:           Project file item includes which caused reference "C:\Program Files\dotnet\packs\Microsoft.NETCore.App.Ref\8.0.25\ref\net8.0\System.dll". [C:\Users\ultra\warewolf\Dev\Warewolf.Studio.Themes.Luna\Warewolf.Studio.Themes.Luna.csproj]
C:\Program Files\dotnet\sdk\10.0.201\Microsoft.Common.CurrentVersion.targets(2451,5): warning MSB3277:             C:\Program Files\dotnet\packs\Microsoft.NETCore.App.Ref\8.0.25\ref/net8.0/System.dll [C:\Users\ultra\warewolf\Dev\Warewolf.Studio.Themes.Luna\Warewolf.Studio.Themes.Luna.csproj]
C:\Program Files\dotnet\sdk\10.0.201\Microsoft.Common.CurrentVersion.targets(2451,5): warning MSB3277:             C:\Users\ultra\.nuget\packages\aerowizard\2.3.1\lib\net45\AeroWizard.dll [C:\Users\ultra\warewolf\Dev\Warewolf.Studio.Themes.Luna\Warewolf.Studio.Themes.Luna.csproj]
C:\Program Files\dotnet\sdk\10.0.201\Microsoft.Common.CurrentVersion.targets(2451,5): warning MSB3277:             C:\Users\ultra\.nuget\packages\groupcontrols\1.9.0\lib\net45\GroupControls.dll [C:\Users\ultra\warewolf\Dev\Warewolf.Studio.Themes.Luna\Warewolf.Studio.Themes.Luna.csproj]
C:\Program Files\dotnet\sdk\10.0.201\Microsoft.Common.CurrentVersion.targets(2451,5): warning MSB3277:             C:\Users\ultra\.nuget\packages\microsoft.xaml.behaviors.wpf\1.1.122\lib\net462\Microsoft.Xaml.Behaviors.dll [C:\Users\ultra\warewolf\Dev\Warewolf.Studio.Themes.Luna\Warewolf.Studio.Themes.Luna.csproj]
C:\Program Files\dotnet\sdk\10.0.201\Microsoft.Common.CurrentVersion.targets(2451,5): warning MSB3277:             C:\Users\ultra\.nuget\packages\caliburn.micro\4.0.212\lib\netcoreapp3.1\Caliburn.Micro.Platform.dll [C:\Users\ultra\warewolf\Dev\Warewolf.Studio.Themes.Luna\Warewolf.Studio.Themes.Luna.csproj]
C:\Program Files\dotnet\sdk\10.0.201\Microsoft.Common.CurrentVersion.targets(2451,5): warning MSB3277:             C:\Users\ultra\.nuget\packages\prism.wpf\9.0.537\lib\net462\Prism.Wpf.dll [C:\Users\ultra\warewolf\Dev\Warewolf.Studio.Themes.Luna\Warewolf.Studio.Themes.Luna.csproj]
C:\Program Files\dotnet\sdk\10.0.201\Microsoft.Common.CurrentVersion.targets(2451,5): warning MSB3277:             C:\Users\ultra\.nuget\packages\reactiveui.wpf\18.4.1\lib\net462\ReactiveUI.Wpf.dll [C:\Users\ultra\warewolf\Dev\Warewolf.Studio.Themes.Luna\Warewolf.Studio.Themes.Luna.csproj]
C:\Program Files\dotnet\sdk\10.0.201\Microsoft.Common.CurrentVersion.targets(2451,5): warning MSB3277:             C:\Users\ultra\.nuget\packages\taskschedulereditor\2.10.1\lib\net452\Microsoft.Win32.TaskSchedulerEditor.dll [C:\Users\ultra\warewolf\Dev\Warewolf.Studio.Themes.Luna\Warewolf.Studio.Themes.Luna.csproj]
C:\Program Files\dotnet\sdk\10.0.201\Microsoft.Common.CurrentVersion.targets(2451,5): warning MSB3277:             C:\Users\ultra\.nuget\packages\ttcue.netcore.sharepointonline.csom.16.1.8029.1200\16.1.8029.1200\lib\netcoreapp2.0\Microsoft.SharePoint.Client.Runtime.Windows.dll [C:\Users\ultra\warewolf\Dev\Warewolf.Studio.Themes.Luna\Warewolf.Studio.Themes.Luna.csproj]
C:\Program Files\dotnet\sdk\10.0.201\Microsoft.Common.CurrentVersion.targets(2451,5): warning MSB3277: Found conflicts between different versions of "System.Security.Permissions" that could not be resolved. [C:\Users\ultra\warewolf\Dev\Warewolf.Studio.Themes.Luna\Warewolf.Studio.Themes.Luna.csproj]
C:\Program Files\dotnet\sdk\10.0.201\Microsoft.Common.CurrentVersion.targets(2451,5): warning MSB3277: There was a conflict between "System.Security.Permissions, Version=6.0.0.0, Culture=neutral, PublicKeyToken=cc7b13ffcd2ddd51" and "System.Security.Permissions, Version=7.0.0.0, Culture=neutral, PublicKeyToken=cc7b13ffcd2ddd51". [C:\Users\ultra\warewolf\Dev\Warewolf.Studio.Themes.Luna\Warewolf.Studio.Themes.Luna.csproj]
C:\Program Files\dotnet\sdk\10.0.201\Microsoft.Common.CurrentVersion.targets(2451,5): warning MSB3277:     "System.Security.Permissions, Version=6.0.0.0, Culture=neutral, PublicKeyToken=cc7b13ffcd2ddd51" was chosen because it was primary and "System.Security.Permissions, Version=7.0.0.0, Culture=neutral, PublicKeyToken=cc7b13ffcd2ddd51" was not. [C:\Users\ultra\warewolf\Dev\Warewolf.Studio.Themes.Luna\Warewolf.Studio.Themes.Luna.csproj]
C:\Program Files\dotnet\sdk\10.0.201\Microsoft.Common.CurrentVersion.targets(2451,5): warning MSB3277:     References which depend on "System.Security.Permissions, Version=6.0.0.0, Culture=neutral, PublicKeyToken=cc7b13ffcd2ddd51" [C:\Users\ultra\.nuget\packages\system.security.permissions\6.0.0\lib\net6.0\System.Security.Permissions.dll]. [C:\Users\ultra\warewolf\Dev\Warewolf.Studio.Themes.Luna\Warewolf.Studio.Themes.Luna.csproj]
C:\Program Files\dotnet\sdk\10.0.201\Microsoft.Common.CurrentVersion.targets(2451,5): warning MSB3277:         C:\Users\ultra\.nuget\packages\system.security.permissions\6.0.0\lib\net6.0\System.Security.Permissions.dll [C:\Users\ultra\warewolf\Dev\Warewolf.Studio.Themes.Luna\Warewolf.Studio.Themes.Luna.csproj]
C:\Program Files\dotnet\sdk\10.0.201\Microsoft.Common.CurrentVersion.targets(2451,5): warning MSB3277:           Project file item includes which caused reference "C:\Users\ultra\.nuget\packages\system.security.permissions\6.0.0\lib\net6.0\System.Security.Permissions.dll". [C:\Users\ultra\warewolf\Dev\Warewolf.Studio.Themes.Luna\Warewolf.Studio.Themes.Luna.csproj]
C:\Program Files\dotnet\sdk\10.0.201\Microsoft.Common.CurrentVersion.targets(2451,5): warning MSB3277:             C:\Users\ultra\.nuget\packages\system.security.permissions\6.0.0\lib\net6.0\System.Security.Permissions.dll [C:\Users\ultra\warewolf\Dev\Warewolf.Studio.Themes.Luna\Warewolf.Studio.Themes.Luna.csproj]
C:\Program Files\dotnet\sdk\10.0.201\Microsoft.Common.CurrentVersion.targets(2451,5): warning MSB3277:     References which depend on or have been unified to "System.Security.Permissions, Version=7.0.0.0, Culture=neutral, PublicKeyToken=cc7b13ffcd2ddd51" []. [C:\Users\ultra\warewolf\Dev\Warewolf.Studio.Themes.Luna\Warewolf.Studio.Themes.Luna.csproj]
C:\Program Files\dotnet\sdk\10.0.201\Microsoft.Common.CurrentVersion.targets(2451,5): warning MSB3277:         C:\Users\ultra\warewolf\Dev\Warewolf.Studio.CustomControls\bin\Debug\net8.0\Warewolf.Studio.CustomControls.dll [C:\Users\ultra\warewolf\Dev\Warewolf.Studio.Themes.Luna\Warewolf.Studio.Themes.Luna.csproj]
C:\Program Files\dotnet\sdk\10.0.201\Microsoft.Common.CurrentVersion.targets(2451,5): warning MSB3277:           Project file item includes which caused reference "C:\Users\ultra\warewolf\Dev\Warewolf.Studio.CustomControls\bin\Debug\net8.0\Warewolf.Studio.CustomControls.dll". [C:\Users\ultra\warewolf\Dev\Warewolf.Studio.Themes.Luna\Warewolf.Studio.Themes.Luna.csproj]
C:\Program Files\dotnet\sdk\10.0.201\Microsoft.Common.CurrentVersion.targets(2451,5): warning MSB3277:             C:\Users\ultra\warewolf\Dev\Warewolf.Studio.CustomControls\bin\Debug\net8.0\Warewolf.Studio.CustomControls.dll [C:\Users\ultra\warewolf\Dev\Warewolf.Studio.Themes.Luna\Warewolf.Studio.Themes.Luna.csproj]
C:\Program Files\dotnet\sdk\10.0.201\Microsoft.Common.CurrentVersion.targets(2451,5): warning MSB3277:         C:\Users\ultra\warewolf\Dev\Dev2.Data\bin\Debug\net8.0\Dev2.Data.dll [C:\Users\ultra\warewolf\Dev\Warewolf.Studio.Themes.Luna\Warewolf.Studio.Themes.Luna.csproj]
C:\Program Files\dotnet\sdk\10.0.201\Microsoft.Common.CurrentVersion.targets(2451,5): warning MSB3277:           Project file item includes which caused reference "C:\Users\ultra\warewolf\Dev\Dev2.Data\bin\Debug\net8.0\Dev2.Data.dll". [C:\Users\ultra\warewolf\Dev\Warewolf.Studio.Themes.Luna\Warewolf.Studio.Themes.Luna.csproj]
C:\Program Files\dotnet\sdk\10.0.201\Microsoft.Common.CurrentVersion.targets(2451,5): warning MSB3277:             C:\Users\ultra\warewolf\Dev\Dev2.Data\bin\Debug\net8.0\Dev2.Data.dll [C:\Users\ultra\warewolf\Dev\Warewolf.Studio.Themes.Luna\Warewolf.Studio.Themes.Luna.csproj]
C:\Program Files\dotnet\sdk\10.0.201\Microsoft.Common.CurrentVersion.targets(2451,5): warning MSB3277:             C:\Users\ultra\warewolf\Dev\Dev2.Intellisense\bin\Debug\net8.0\Dev2.Intellisense.dll [C:\Users\ultra\warewolf\Dev\Warewolf.Studio.Themes.Luna\Warewolf.Studio.Themes.Luna.csproj]
C:\Program Files\dotnet\sdk\10.0.201\Microsoft.Common.CurrentVersion.targets(2451,5): warning MSB3277:             C:\Users\ultra\warewolf\Dev\Dev2.Studio.Core\bin\Debug\net8.0\Dev2.Studio.Core.dll [C:\Users\ultra\warewolf\Dev\Warewolf.Studio.Themes.Luna\Warewolf.Studio.Themes.Luna.csproj]
C:\Program Files\dotnet\sdk\10.0.201\Microsoft.Common.CurrentVersion.targets(2451,5): warning MSB3277:             C:\Users\ultra\warewolf\Dev\Dev2.Studio.Interfaces\bin\Debug\net8.0\Dev2.Studio.Interfaces.dll [C:\Users\ultra\warewolf\Dev\Warewolf.Studio.Themes.Luna\Warewolf.Studio.Themes.Luna.csproj]
C:\Program Files\dotnet\sdk\10.0.201\Microsoft.Common.CurrentVersion.targets(2451,5): warning MSB3277:             C:\Users\ultra\warewolf\Dev\Warewolf.Studio.Core\bin\Debug\net8.0\Warewolf.Studio.Core.dll [C:\Users\ultra\warewolf\Dev\Warewolf.Studio.Themes.Luna\Warewolf.Studio.Themes.Luna.csproj]
C:\Program Files\dotnet\sdk\10.0.201\Microsoft.Common.CurrentVersion.targets(2451,5): warning MSB3277:             C:\Users\ultra\warewolf\Dev\Warewolf.Studio.CustomControls\bin\Debug\net8.0\Warewolf.Studio.CustomControls.dll [C:\Users\ultra\warewolf\Dev\Warewolf.Studio.Themes.Luna\Warewolf.Studio.Themes.Luna.csproj]
C:\Program Files\dotnet\sdk\10.0.201\Microsoft.Common.CurrentVersion.targets(2451,5): warning MSB3277:             C:\Users\ultra\warewolf\Dev\Dev2.Activities\bin\Debug\net8.0\Dev2.Activities.dll [C:\Users\ultra\warewolf\Dev\Warewolf.Studio.Themes.Luna\Warewolf.Studio.Themes.Luna.csproj]
C:\Program Files\dotnet\sdk\10.0.201\Microsoft.Common.CurrentVersion.targets(2451,5): warning MSB3277:             C:\Users\ultra\warewolf\Dev\Dev2.Core\bin\Debug\net8.0\Dev2.Core.dll [C:\Users\ultra\warewolf\Dev\Warewolf.Studio.Themes.Luna\Warewolf.Studio.Themes.Luna.csproj]
C:\Program Files\dotnet\sdk\10.0.201\Microsoft.Common.CurrentVersion.targets(2451,5): warning MSB3277:             C:\Users\ultra\warewolf\Dev\Warewolf.UI\bin\Debug\net8.0\Warewolf.UI.dll [C:\Users\ultra\warewolf\Dev\Warewolf.Studio.Themes.Luna\Warewolf.Studio.Themes.Luna.csproj]
C:\Program Files\dotnet\sdk\10.0.201\Microsoft.Common.CurrentVersion.targets(2451,5): warning MSB3277:             C:\Users\ultra\warewolf\Dev\Dev2.Runtime.Services\bin\Debug\net8.0\Dev2.Runtime.Services.dll [C:\Users\ultra\warewolf\Dev\Warewolf.Studio.Themes.Luna\Warewolf.Studio.Themes.Luna.csproj]
C:\Program Files\dotnet\sdk\10.0.201\Microsoft.Common.CurrentVersion.targets(2451,5): warning MSB3277:             C:\Users\ultra\warewolf\Dev\Dev2.Scheduler\bin\Debug\net8.0\Dev2.Scheduler.dll [C:\Users\ultra\warewolf\Dev\Warewolf.Studio.Themes.Luna\Warewolf.Studio.Themes.Luna.csproj]
C:\Program Files\dotnet\sdk\10.0.201\Microsoft.Common.CurrentVersion.targets(2451,5): warning MSB3277:             C:\Users\ultra\warewolf\Dev\Dev2.Services.Execution\bin\Debug\net8.0\Dev2.Services.Execution.dll [C:\Users\ultra\warewolf\Dev\Warewolf.Studio.Themes.Luna\Warewolf.Studio.Themes.Luna.csproj]
C:\Program Files\dotnet\sdk\10.0.201\Microsoft.Common.CurrentVersion.targets(2451,5): warning MSB3277:             C:\Users\ultra\warewolf\Dev\Warewolf.Auditing\bin\Debug\net8.0\Warewolf.Auditing.dll [C:\Users\ultra\warewolf\Dev\Warewolf.Studio.Themes.Luna\Warewolf.Studio.Themes.Luna.csproj]
C:\Program Files\dotnet\sdk\10.0.201\Microsoft.Common.CurrentVersion.targets(2451,5): warning MSB3277:             C:\Users\ultra\warewolf\Dev\Warewolf.Common.NetStandard20\bin\Debug\net8.0\Warewolf.Common.NetStandard20.dll [C:\Users\ultra\warewolf\Dev\Warewolf.Studio.Themes.Luna\Warewolf.Studio.Themes.Luna.csproj]
C:\Program Files\dotnet\sdk\10.0.201\Microsoft.Common.CurrentVersion.targets(2451,5): warning MSB3277:             C:\Users\ultra\warewolf\Dev\Warewolf.Core\bin\Debug\net8.0\Warewolf.Core.dll [C:\Users\ultra\warewolf\Dev\Warewolf.Studio.Themes.Luna\Warewolf.Studio.Themes.Luna.csproj]
C:\Program Files\dotnet\sdk\10.0.201\Microsoft.Common.CurrentVersion.targets(2451,5): warning MSB3277:             C:\Users\ultra\warewolf\Dev\Warewolf.Driver.Persistence\bin\Debug\net8.0\Warewolf.Driver.Persistence.dll [C:\Users\ultra\warewolf\Dev\Warewolf.Studio.Themes.Luna\Warewolf.Studio.Themes.Luna.csproj]
C:\Program Files\dotnet\sdk\10.0.201\Microsoft.Common.CurrentVersion.targets(2451,5): warning MSB3277:             C:\Users\ultra\warewolf\Dev\Warewolf.Exchange.Email.Wrapper\bin\Debug\net8.0\Warewolf.Exchange.Email.Wrapper.dll [C:\Users\ultra\warewolf\Dev\Warewolf.Studio.Themes.Luna\Warewolf.Studio.Themes.Luna.csproj]
C:\Program Files\dotnet\sdk\10.0.201\Microsoft.Common.CurrentVersion.targets(2451,5): warning MSB3277:             C:\Users\ultra\warewolf\Dev\Warewolf.ResourceManagement\bin\Debug\net8.0\Warewolf.ResourceManagement.dll [C:\Users\ultra\warewolf\Dev\Warewolf.Studio.Themes.Luna\Warewolf.Studio.Themes.Luna.csproj]
C:\Program Files\dotnet\sdk\10.0.201\Microsoft.Common.CurrentVersion.targets(2451,5): warning MSB3277:         C:\Users\ultra\warewolf\Dev\Binaries\Infragistcs_Net6\InfragisticsWPF4.DataVisualization.v15.1.dll [C:\Users\ultra\warewolf\Dev\Warewolf.Studio.Themes.Luna\Warewolf.Studio.Themes.Luna.csproj]
C:\Program Files\dotnet\sdk\10.0.201\Microsoft.Common.CurrentVersion.targets(2451,5): warning MSB3277:           Project file item includes which caused reference "C:\Users\ultra\warewolf\Dev\Binaries\Infragistcs_Net6\InfragisticsWPF4.DataVisualization.v15.1.dll". [C:\Users\ultra\warewolf\Dev\Warewolf.Studio.Themes.Luna\Warewolf.Studio.Themes.Luna.csproj]
C:\Program Files\dotnet\sdk\10.0.201\Microsoft.Common.CurrentVersion.targets(2451,5): warning MSB3277:             InfragisticsWPF4.DataVisualization.v15.1, Version=15.1.20151.2055, Culture=neutral, PublicKeyToken=7dd5c3163f2cd0cb, processorArchitecture=MSIL [C:\Users\ultra\warewolf\Dev\Warewolf.Studio.Themes.Luna\Warewolf.Studio.Themes.Luna.csproj]
C:\Program Files\dotnet\sdk\10.0.201\Microsoft.Common.CurrentVersion.targets(2451,5): warning MSB3277:             InfragisticsWPF4.Controls.Maps.XamNetworkNode.v15.1, Version=15.1.20151.2055, Culture=neutral, PublicKeyToken=7dd5c3163f2cd0cb, processorArchitecture=MSIL [C:\Users\ultra\warewolf\Dev\Warewolf.Studio.Themes.Luna\Warewolf.Studio.Themes.Luna.csproj]
C:\Program Files\dotnet\sdk\10.0.201\Microsoft.Common.CurrentVersion.targets(2451,5): warning MSB3277:         C:\Users\ultra\warewolf\Dev\Binaries\Infragistcs_Net6\InfragisticsWPF4.DockManager.v15.1.dll [C:\Users\ultra\warewolf\Dev\Warewolf.Studio.Themes.Luna\Warewolf.Studio.Themes.Luna.csproj]
C:\Program Files\dotnet\sdk\10.0.201\Microsoft.Common.CurrentVersion.targets(2451,5): warning MSB3277:           Project file item includes which caused reference "C:\Users\ultra\warewolf\Dev\Binaries\Infragistcs_Net6\InfragisticsWPF4.DockManager.v15.1.dll". [C:\Users\ultra\warewolf\Dev\Warewolf.Studio.Themes.Luna\Warewolf.Studio.Themes.Luna.csproj]
C:\Program Files\dotnet\sdk\10.0.201\Microsoft.Common.CurrentVersion.targets(2451,5): warning MSB3277:             InfragisticsWPF4.DockManager.v15.1, Version=15.1.20151.2055, Culture=neutral, PublicKeyToken=7dd5c3163f2cd0cb, processorArchitecture=MSIL [C:\Users\ultra\warewolf\Dev\Warewolf.Studio.Themes.Luna\Warewolf.Studio.Themes.Luna.csproj]
C:\Program Files\dotnet\sdk\10.0.201\Microsoft.Common.CurrentVersion.targets(2451,5): warning MSB3277:         C:\Users\ultra\warewolf\Dev\Binaries\Infragistcs_Net6\InfragisticsWPF4.v15.1.dll [C:\Users\ultra\warewolf\Dev\Warewolf.Studio.Themes.Luna\Warewolf.Studio.Themes.Luna.csproj]
C:\Program Files\dotnet\sdk\10.0.201\Microsoft.Common.CurrentVersion.targets(2451,5): warning MSB3277:           Project file item includes which caused reference "C:\Users\ultra\warewolf\Dev\Binaries\Infragistcs_Net6\InfragisticsWPF4.v15.1.dll". [C:\Users\ultra\warewolf\Dev\Warewolf.Studio.Themes.Luna\Warewolf.Studio.Themes.Luna.csproj]
C:\Program Files\dotnet\sdk\10.0.201\Microsoft.Common.CurrentVersion.targets(2451,5): warning MSB3277:             InfragisticsWPF4.v15.1, Version=15.1.20151.2055, Culture=neutral, PublicKeyToken=7dd5c3163f2cd0cb, processorArchitecture=MSIL [C:\Users\ultra\warewolf\Dev\Warewolf.Studio.Themes.Luna\Warewolf.Studio.Themes.Luna.csproj]
C:\Program Files\dotnet\sdk\10.0.201\Microsoft.Common.CurrentVersion.targets(2451,5): warning MSB3277:             CalculationManager.WPF [C:\Users\ultra\warewolf\Dev\Warewolf.Studio.Themes.Luna\Warewolf.Studio.Themes.Luna.csproj]
C:\Program Files\dotnet\sdk\10.0.201\Microsoft.Common.CurrentVersion.targets(2451,5): warning MSB3277:             InfragisticsWPF4.Controls.Editors.XamComboEditor.v15.1, Version=15.1.20151.2055, Culture=neutral, PublicKeyToken=7dd5c3163f2cd0cb, processorArchitecture=MSIL [C:\Users\ultra\warewolf\Dev\Warewolf.Studio.Themes.Luna\Warewolf.Studio.Themes.Luna.csproj]
C:\Program Files\dotnet\sdk\10.0.201\Microsoft.Common.CurrentVersion.targets(2451,5): warning MSB3277:             InfragisticsWPF4.Controls.Editors.XamRichTextEditor.v15.1, Version=15.1.20151.2055, Culture=neutral, PublicKeyToken=7dd5c3163f2cd0cb, processorArchitecture=MSIL [C:\Users\ultra\warewolf\Dev\Warewolf.Studio.Themes.Luna\Warewolf.Studio.Themes.Luna.csproj]
C:\Program Files\dotnet\sdk\10.0.201\Microsoft.Common.CurrentVersion.targets(2451,5): warning MSB3277:             InfragisticsWPF4.Controls.Editors.XamSyntaxEditor.v15.1, Version=15.1.20151.2055, Culture=neutral, PublicKeyToken=7dd5c3163f2cd0cb, processorArchitecture=MSIL [C:\Users\ultra\warewolf\Dev\Warewolf.Studio.Themes.Luna\Warewolf.Studio.Themes.Luna.csproj]
C:\Program Files\dotnet\sdk\10.0.201\Microsoft.Common.CurrentVersion.targets(2451,5): warning MSB3277:             InfragisticsWPF4.Controls.Grids.DateTimeColumn.v15.1, Version=15.1.20151.2055, Culture=neutral, PublicKeyToken=7dd5c3163f2cd0cb, processorArchitecture=MSIL [C:\Users\ultra\warewolf\Dev\Warewolf.Studio.Themes.Luna\Warewolf.Studio.Themes.Luna.csproj]
C:\Program Files\dotnet\sdk\10.0.201\Microsoft.Common.CurrentVersion.targets(2451,5): warning MSB3277:             InfragisticsWPF4.Controls.Grids.MultiColumnComboColumn.v15.1, Version=15.1.20151.2055, Culture=neutral, PublicKeyToken=7dd5c3163f2cd0cb, processorArchitecture=MSIL [C:\Users\ultra\warewolf\Dev\Warewolf.Studio.Themes.Luna\Warewolf.Studio.Themes.Luna.csproj]
C:\Program Files\dotnet\sdk\10.0.201\Microsoft.Common.CurrentVersion.targets(2451,5): warning MSB3277:             InfragisticsWPF4.Controls.Grids.XamGrid.v15.1, Version=15.1.20151.2055, Culture=neutral, PublicKeyToken=7dd5c3163f2cd0cb, processorArchitecture=MSIL [C:\Users\ultra\warewolf\Dev\Warewolf.Studio.Themes.Luna\Warewolf.Studio.Themes.Luna.csproj]
C:\Program Files\dotnet\sdk\10.0.201\Microsoft.Common.CurrentVersion.targets(2451,5): warning MSB3277:             InfragisticsWPF4.Controls.Interactions.XamDialogWindow.v15.1, Version=15.1.20151.2055, Culture=neutral, PublicKeyToken=7dd5c3163f2cd0cb, processorArchitecture=MSIL [C:\Users\ultra\warewolf\Dev\Warewolf.Studio.Themes.Luna\Warewolf.Studio.Themes.Luna.csproj]
C:\Program Files\dotnet\sdk\10.0.201\Microsoft.Common.CurrentVersion.targets(2451,5): warning MSB3277:             InfragisticsWPF4.Controls.Interactions.XamSpellChecker.v15.1, Version=15.1.20151.2055, Culture=neutral, PublicKeyToken=7dd5c3163f2cd0cb, processorArchitecture=MSIL [C:\Users\ultra\warewolf\Dev\Warewolf.Studio.Themes.Luna\Warewolf.Studio.Themes.Luna.csproj]
C:\Program Files\dotnet\sdk\10.0.201\Microsoft.Common.CurrentVersion.targets(2451,5): warning MSB3277:             InfragisticsWPF4.Controls.Maps.XamNetworkNode.v15.1, Version=15.1.20151.2055, Culture=neutral, PublicKeyToken=7dd5c3163f2cd0cb, processorArchitecture=MSIL [C:\Users\ultra\warewolf\Dev\Warewolf.Studio.Themes.Luna\Warewolf.Studio.Themes.Luna.csproj]
C:\Program Files\dotnet\sdk\10.0.201\Microsoft.Common.CurrentVersion.targets(2451,5): warning MSB3277:             InfragisticsWPF4.Controls.Menus.XamDataTree.v15.1 [C:\Users\ultra\warewolf\Dev\Warewolf.Studio.Themes.Luna\Warewolf.Studio.Themes.Luna.csproj]
C:\Program Files\dotnet\sdk\10.0.201\Microsoft.Common.CurrentVersion.targets(2451,5): warning MSB3277:             InfragisticsWPF4.Controls.Menus.XamMenu.v15.1, Version=15.1.20151.2055, Culture=neutral, PublicKeyToken=7dd5c3163f2cd0cb, processorArchitecture=MSIL [C:\Users\ultra\warewolf\Dev\Warewolf.Studio.Themes.Luna\Warewolf.Studio.Themes.Luna.csproj]
C:\Program Files\dotnet\sdk\10.0.201\Microsoft.Common.CurrentVersion.targets(2451,5): warning MSB3277:             InfragisticsWPF4.DataManager.v15.1, Version=15.1.20151.2055, Culture=neutral, PublicKeyToken=7dd5c3163f2cd0cb, processorArchitecture=MSIL [C:\Users\ultra\warewolf\Dev\Warewolf.Studio.Themes.Luna\Warewolf.Studio.Themes.Luna.csproj]
C:\Program Files\dotnet\sdk\10.0.201\Microsoft.Common.CurrentVersion.targets(2451,5): warning MSB3277:             InfragisticsWPF4.DataPresenter.v15.1, Version=15.1.20151.2055, Culture=neutral, PublicKeyToken=7dd5c3163f2cd0cb, processorArchitecture=MSIL [C:\Users\ultra\warewolf\Dev\Warewolf.Studio.Themes.Luna\Warewolf.Studio.Themes.Luna.csproj]
C:\Program Files\dotnet\sdk\10.0.201\Microsoft.Common.CurrentVersion.targets(2451,5): warning MSB3277:             InfragisticsWPF4.DataVisualization.v15.1, Version=15.1.20151.2055, Culture=neutral, PublicKeyToken=7dd5c3163f2cd0cb, processorArchitecture=MSIL [C:\Users\ultra\warewolf\Dev\Warewolf.Studio.Themes.Luna\Warewolf.Studio.Themes.Luna.csproj]
C:\Program Files\dotnet\sdk\10.0.201\Microsoft.Common.CurrentVersion.targets(2451,5): warning MSB3277:             InfragisticsWPF4.DockManager.v15.1, Version=15.1.20151.2055, Culture=neutral, PublicKeyToken=7dd5c3163f2cd0cb, processorArchitecture=MSIL [C:\Users\ultra\warewolf\Dev\Warewolf.Studio.Themes.Luna\Warewolf.Studio.Themes.Luna.csproj]
C:\Program Files\dotnet\sdk\10.0.201\Microsoft.Common.CurrentVersion.targets(2451,5): warning MSB3277:             InfragisticsWPF4.Documents.RichTextDocument.Html.v15.1, Version=15.1.20151.2055, Culture=neutral, PublicKeyToken=7dd5c3163f2cd0cb, processorArchitecture=MSIL [C:\Users\ultra\warewolf\Dev\Warewolf.Studio.Themes.Luna\Warewolf.Studio.Themes.Luna.csproj]
C:\Program Files\dotnet\sdk\10.0.201\Microsoft.Common.CurrentVersion.targets(2451,5): warning MSB3277:             InfragisticsWPF4.Documents.RichTextDocument.v15.1, Version=15.1.20151.2055, Culture=neutral, PublicKeyToken=7dd5c3163f2cd0cb, processorArchitecture=MSIL [C:\Users\ultra\warewolf\Dev\Warewolf.Studio.Themes.Luna\Warewolf.Studio.Themes.Luna.csproj]
C:\Program Files\dotnet\sdk\10.0.201\Microsoft.Common.CurrentVersion.targets(2451,5): warning MSB3277:             InfragisticsWPF4.Editors.v15.1, Version=15.1.20151.2055, Culture=neutral, PublicKeyToken=7dd5c3163f2cd0cb, processorArchitecture=MSIL [C:\Users\ultra\warewolf\Dev\Warewolf.Studio.Themes.Luna\Warewolf.Studio.Themes.Luna.csproj]
C:\Program Files\dotnet\sdk\10.0.201\Microsoft.Common.CurrentVersion.targets(2451,5): warning MSB3277:         C:\Users\ultra\.nuget\packages\dotnetzip\1.16.0\lib\netstandard2.0\DotNetZip.dll [C:\Users\ultra\warewolf\Dev\Warewolf.Studio.Themes.Luna\Warewolf.Studio.Themes.Luna.csproj]
C:\Program Files\dotnet\sdk\10.0.201\Microsoft.Common.CurrentVersion.targets(2451,5): warning MSB3277:           Project file item includes which caused reference "C:\Users\ultra\.nuget\packages\dotnetzip\1.16.0\lib\netstandard2.0\DotNetZip.dll". [C:\Users\ultra\warewolf\Dev\Warewolf.Studio.Themes.Luna\Warewolf.Studio.Themes.Luna.csproj]
C:\Program Files\dotnet\sdk\10.0.201\Microsoft.Common.CurrentVersion.targets(2451,5): warning MSB3277:             C:\Users\ultra\.nuget\packages\dotnetzip\1.16.0\lib\netstandard2.0\DotNetZip.dll [C:\Users\ultra\warewolf\Dev\Warewolf.Studio.Themes.Luna\Warewolf.Studio.Themes.Luna.csproj]
C:\Program Files\dotnet\sdk\10.0.201\Microsoft.Common.CurrentVersion.targets(2451,5): warning MSB3277:             C:\Users\ultra\warewolf\Dev\Dev2.Common\bin\Debug\net8.0\Dev2.Common.dll [C:\Users\ultra\warewolf\Dev\Warewolf.Studio.Themes.Luna\Warewolf.Studio.Themes.Luna.csproj]
C:\Program Files\dotnet\sdk\10.0.201\Microsoft.Common.CurrentVersion.targets(2451,5): warning MSB3277:             C:\Users\ultra\warewolf\Dev\Dev2.Intellisense\bin\Debug\net8.0\Dev2.Intellisense.dll [C:\Users\ultra\warewolf\Dev\Warewolf.Studio.Themes.Luna\Warewolf.Studio.Themes.Luna.csproj]
C:\Program Files\dotnet\sdk\10.0.201\Microsoft.Common.CurrentVersion.targets(2451,5): warning MSB3277:             C:\Users\ultra\warewolf\Dev\Dev2.Studio.Core\bin\Debug\net8.0\Dev2.Studio.Core.dll [C:\Users\ultra\warewolf\Dev\Warewolf.Studio.Themes.Luna\Warewolf.Studio.Themes.Luna.csproj]
C:\Program Files\dotnet\sdk\10.0.201\Microsoft.Common.CurrentVersion.targets(2451,5): warning MSB3277:             C:\Users\ultra\warewolf\Dev\Dev2.Studio.Interfaces\bin\Debug\net8.0\Dev2.Studio.Interfaces.dll [C:\Users\ultra\warewolf\Dev\Warewolf.Studio.Themes.Luna\Warewolf.Studio.Themes.Luna.csproj]
C:\Program Files\dotnet\sdk\10.0.201\Microsoft.Common.CurrentVersion.targets(2451,5): warning MSB3277:             C:\Users\ultra\warewolf\Dev\Warewolf.Studio.Core\bin\Debug\net8.0\Warewolf.Studio.Core.dll [C:\Users\ultra\warewolf\Dev\Warewolf.Studio.Themes.Luna\Warewolf.Studio.Themes.Luna.csproj]
C:\Program Files\dotnet\sdk\10.0.201\Microsoft.Common.CurrentVersion.targets(2451,5): warning MSB3277:             C:\Users\ultra\warewolf\Dev\Warewolf.Studio.CustomControls\bin\Debug\net8.0\Warewolf.Studio.CustomControls.dll [C:\Users\ultra\warewolf\Dev\Warewolf.Studio.Themes.Luna\Warewolf.Studio.Themes.Luna.csproj]
C:\Program Files\dotnet\sdk\10.0.201\Microsoft.Common.CurrentVersion.targets(2451,5): warning MSB3277:             C:\Users\ultra\warewolf\Dev\Dev2.Activities\bin\Debug\net8.0\Dev2.Activities.dll [C:\Users\ultra\warewolf\Dev\Warewolf.Studio.Themes.Luna\Warewolf.Studio.Themes.Luna.csproj]
C:\Program Files\dotnet\sdk\10.0.201\Microsoft.Common.CurrentVersion.targets(2451,5): warning MSB3277:             C:\Users\ultra\warewolf\Dev\Dev2.Core\bin\Debug\net8.0\Dev2.Core.dll [C:\Users\ultra\warewolf\Dev\Warewolf.Studio.Themes.Luna\Warewolf.Studio.Themes.Luna.csproj]
C:\Program Files\dotnet\sdk\10.0.201\Microsoft.Common.CurrentVersion.targets(2451,5): warning MSB3277:             C:\Users\ultra\warewolf\Dev\Warewolf.UI\bin\Debug\net8.0\Warewolf.UI.dll [C:\Users\ultra\warewolf\Dev\Warewolf.Studio.Themes.Luna\Warewolf.Studio.Themes.Luna.csproj]
C:\Program Files\dotnet\sdk\10.0.201\Microsoft.Common.CurrentVersion.targets(2451,5): warning MSB3277:             C:\Users\ultra\warewolf\Dev\Dev2.Data\bin\Debug\net8.0\Dev2.Data.dll [C:\Users\ultra\warewolf\Dev\Warewolf.Studio.Themes.Luna\Warewolf.Studio.Themes.Luna.csproj]
C:\Program Files\dotnet\sdk\10.0.201\Microsoft.Common.CurrentVersion.targets(2451,5): warning MSB3277:             C:\Users\ultra\warewolf\Dev\Dev2.Data.Interfaces\bin\Debug\net8.0\Dev2.Data.Interfaces.dll [C:\Users\ultra\warewolf\Dev\Warewolf.Studio.Themes.Luna\Warewolf.Studio.Themes.Luna.csproj]
C:\Program Files\dotnet\sdk\10.0.201\Microsoft.Common.CurrentVersion.targets(2451,5): warning MSB3277:             C:\Users\ultra\warewolf\Dev\Dev2.Development.Languages\bin\Debug\net8.0\Dev2.Development.Languages.dll [C:\Users\ultra\warewolf\Dev\Warewolf.Studio.Themes.Luna\Warewolf.Studio.Themes.Luna.csproj]
C:\Program Files\dotnet\sdk\10.0.201\Microsoft.Common.CurrentVersion.targets(2451,5): warning MSB3277:             C:\Users\ultra\warewolf\Dev\Dev2.Diagnostics\bin\Debug\net8.0\Dev2.Diagnostics.dll [C:\Users\ultra\warewolf\Dev\Warewolf.Studio.Themes.Luna\Warewolf.Studio.Themes.Luna.csproj]
C:\Program Files\dotnet\sdk\10.0.201\Microsoft.Common.CurrentVersion.targets(2451,5): warning MSB3277:             C:\Users\ultra\warewolf\Dev\Dev2.Infrastructure\bin\Debug\net8.0\Dev2.Infrastructure.dll [C:\Users\ultra\warewolf\Dev\Warewolf.Studio.Themes.Luna\Warewolf.Studio.Themes.Luna.csproj]
C:\Program Files\dotnet\sdk\10.0.201\Microsoft.Common.CurrentVersion.targets(2451,5): warning MSB3277:             C:\Users\ultra\warewolf\Dev\Dev2.Runtime.Services\bin\Debug\net8.0\Dev2.Runtime.Services.dll [C:\Users\ultra\warewolf\Dev\Warewolf.Studio.Themes.Luna\Warewolf.Studio.Themes.Luna.csproj]
C:\Program Files\dotnet\sdk\10.0.201\Microsoft.Common.CurrentVersion.targets(2451,5): warning MSB3277:             C:\Users\ultra\warewolf\Dev\Dev2.Scheduler\bin\Debug\net8.0\Dev2.Scheduler.dll [C:\Users\ultra\warewolf\Dev\Warewolf.Studio.Themes.Luna\Warewolf.Studio.Themes.Luna.csproj]
C:\Program Files\dotnet\sdk\10.0.201\Microsoft.Common.CurrentVersion.targets(2451,5): warning MSB3277:             C:\Users\ultra\warewolf\Dev\Dev2.Services.Execution\bin\Debug\net8.0\Dev2.Services.Execution.dll [C:\Users\ultra\warewolf\Dev\Warewolf.Studio.Themes.Luna\Warewolf.Studio.Themes.Luna.csproj]
C:\Program Files\dotnet\sdk\10.0.201\Microsoft.Common.CurrentVersion.targets(2451,5): warning MSB3277:             C:\Users\ultra\warewolf\Dev\Dev2.Services.Sql\bin\Debug\net8.0\Dev2.Services.Sql.dll [C:\Users\ultra\warewolf\Dev\Warewolf.Studio.Themes.Luna\Warewolf.Studio.Themes.Luna.csproj]
C:\Program Files\dotnet\sdk\10.0.201\Microsoft.Common.CurrentVersion.targets(2451,5): warning MSB3277:             C:\Users\ultra\warewolf\Dev\Dev2.TaskScheduler.Wrappers\bin\Debug\net8.0\Dev2.TaskScheduler.Wrappers.dll [C:\Users\ultra\warewolf\Dev\Warewolf.Studio.Themes.Luna\Warewolf.Studio.Themes.Luna.csproj]
C:\Program Files\dotnet\sdk\10.0.201\Microsoft.Common.CurrentVersion.targets(2451,5): warning MSB3277:             C:\Users\ultra\warewolf\Dev\Dev2.Util\bin\Debug\net8.0\Dev2.Util.dll [C:\Users\ultra\warewolf\Dev\Warewolf.Studio.Themes.Luna\Warewolf.Studio.Themes.Luna.csproj]
C:\Program Files\dotnet\sdk\10.0.201\Microsoft.Common.CurrentVersion.targets(2451,5): warning MSB3277:             C:\Users\ultra\warewolf\Dev\Warewolf.AI.Harness\bin\Debug\net8.0\Warewolf.AI.Harness.dll [C:\Users\ultra\warewolf\Dev\Warewolf.Studio.Themes.Luna\Warewolf.Studio.Themes.Luna.csproj]
C:\Program Files\dotnet\sdk\10.0.201\Microsoft.Common.CurrentVersion.targets(2451,5): warning MSB3277:             C:\Users\ultra\warewolf\Dev\Warewolf.Auditing\bin\Debug\net8.0\Warewolf.Auditing.dll [C:\Users\ultra\warewolf\Dev\Warewolf.Studio.Themes.Luna\Warewolf.Studio.Themes.Luna.csproj]
C:\Program Files\dotnet\sdk\10.0.201\Microsoft.Common.CurrentVersion.targets(2451,5): warning MSB3277:             C:\Users\ultra\warewolf\Dev\Warewolf.Common.NetStandard20\bin\Debug\net8.0\Warewolf.Common.NetStandard20.dll [C:\Users\ultra\warewolf\Dev\Warewolf.Studio.Themes.Luna\Warewolf.Studio.Themes.Luna.csproj]
C:\Program Files\dotnet\sdk\10.0.201\Microsoft.Common.CurrentVersion.targets(2451,5): warning MSB3277:             C:\Users\ultra\warewolf\Dev\Warewolf.Core\bin\Debug\net8.0\Warewolf.Core.dll [C:\Users\ultra\warewolf\Dev\Warewolf.Studio.Themes.Luna\Warewolf.Studio.Themes.Luna.csproj]
C:\Program Files\dotnet\sdk\10.0.201\Microsoft.Common.CurrentVersion.targets(2451,5): warning MSB3277:             C:\Users\ultra\warewolf\Dev\Warewolf.Driver.Persistence\bin\Debug\net8.0\Warewolf.Driver.Persistence.dll [C:\Users\ultra\warewolf\Dev\Warewolf.Studio.Themes.Luna\Warewolf.Studio.Themes.Luna.csproj]
C:\Program Files\dotnet\sdk\10.0.201\Microsoft.Common.CurrentVersion.targets(2451,5): warning MSB3277:             C:\Users\ultra\warewolf\Dev\Warewolf.Driver.Serilog\bin\Debug\net8.0\Warewolf.Driver.Serilog.dll [C:\Users\ultra\warewolf\Dev\Warewolf.Studio.Themes.Luna\Warewolf.Studio.Themes.Luna.csproj]
C:\Program Files\dotnet\sdk\10.0.201\Microsoft.Common.CurrentVersion.targets(2451,5): warning MSB3277:             C:\Users\ultra\warewolf\Dev\Warewolf.Exchange.Email.Wrapper\bin\Debug\net8.0\Warewolf.Exchange.Email.Wrapper.dll [C:\Users\ultra\warewolf\Dev\Warewolf.Studio.Themes.Luna\Warewolf.Studio.Themes.Luna.csproj]
C:\Program Files\dotnet\sdk\10.0.201\Microsoft.Common.CurrentVersion.targets(2451,5): warning MSB3277:             C:\Users\ultra\warewolf\Dev\Warewolf.ResourceManagement\bin\Debug\net8.0\Warewolf.ResourceManagement.dll [C:\Users\ultra\warewolf\Dev\Warewolf.Studio.Themes.Luna\Warewolf.Studio.Themes.Luna.csproj]
C:\Program Files\dotnet\sdk\10.0.201\Microsoft.Common.CurrentVersion.targets(2451,5): warning MSB3277:             C:\Users\ultra\warewolf\Dev\Warewolf.Sharepoint\bin\Debug\net8.0\Warewolf.Sharepoint.dll [C:\Users\ultra\warewolf\Dev\Warewolf.Studio.Themes.Luna\Warewolf.Studio.Themes.Luna.csproj]
C:\Program Files\dotnet\sdk\10.0.201\Microsoft.Common.CurrentVersion.targets(2451,5): warning MSB3277:             C:\Users\ultra\warewolf\Dev\Warewolf.Storage\bin\Debug\net8.0\Warewolf.Storage.dll [C:\Users\ultra\warewolf\Dev\Warewolf.Studio.Themes.Luna\Warewolf.Studio.Themes.Luna.csproj]
C:\Program Files\dotnet\sdk\10.0.201\Microsoft.Common.CurrentVersion.targets(2451,5): warning MSB3277:         C:\Users\ultra\.nuget\packages\mindbox.data.linq\5.0.0\lib\netstandard2.0\Mindbox.Data.Linq.dll [C:\Users\ultra\warewolf\Dev\Warewolf.Studio.Themes.Luna\Warewolf.Studio.Themes.Luna.csproj]
C:\Program Files\dotnet\sdk\10.0.201\Microsoft.Common.CurrentVersion.targets(2451,5): warning MSB3277:           Project file item includes which caused reference "C:\Users\ultra\.nuget\packages\mindbox.data.linq\5.0.0\lib\netstandard2.0\Mindbox.Data.Linq.dll". [C:\Users\ultra\warewolf\Dev\Warewolf.Studio.Themes.Luna\Warewolf.Studio.Themes.Luna.csproj]
C:\Program Files\dotnet\sdk\10.0.201\Microsoft.Common.CurrentVersion.targets(2451,5): warning MSB3277:             C:\Users\ultra\.nuget\packages\mindbox.data.linq\5.0.0\lib\netstandard2.0\Mindbox.Data.Linq.dll [C:\Users\ultra\warewolf\Dev\Warewolf.Studio.Themes.Luna\Warewolf.Studio.Themes.Luna.csproj]
C:\Program Files\dotnet\sdk\10.0.201\Microsoft.Common.CurrentVersion.targets(2451,5): warning MSB3277:             C:\Users\ultra\warewolf\Dev\Warewolf.Auditing\bin\Debug\net8.0\Warewolf.Auditing.dll [C:\Users\ultra\warewolf\Dev\Warewolf.Studio.Themes.Luna\Warewolf.Studio.Themes.Luna.csproj]
C:\Program Files\dotnet\sdk\10.0.201\Microsoft.Common.CurrentVersion.targets(2451,5): warning MSB3277:             C:\Users\ultra\warewolf\Dev\Dev2.Activities\bin\Debug\net8.0\Dev2.Activities.dll [C:\Users\ultra\warewolf\Dev\Warewolf.Studio.Themes.Luna\Warewolf.Studio.Themes.Luna.csproj]
C:\Program Files\dotnet\sdk\10.0.201\Microsoft.Common.CurrentVersion.targets(2451,5): warning MSB3277:             C:\Users\ultra\warewolf\Dev\Dev2.Studio.Core\bin\Debug\net8.0\Dev2.Studio.Core.dll [C:\Users\ultra\warewolf\Dev\Warewolf.Studio.Themes.Luna\Warewolf.Studio.Themes.Luna.csproj]
C:\Program Files\dotnet\sdk\10.0.201\Microsoft.Common.CurrentVersion.targets(2451,5): warning MSB3277:             C:\Users\ultra\warewolf\Dev\Dev2.Intellisense\bin\Debug\net8.0\Dev2.Intellisense.dll [C:\Users\ultra\warewolf\Dev\Warewolf.Studio.Themes.Luna\Warewolf.Studio.Themes.Luna.csproj]
C:\Program Files\dotnet\sdk\10.0.201\Microsoft.Common.CurrentVersion.targets(2451,5): warning MSB3277:             C:\Users\ultra\warewolf\Dev\Dev2.Runtime.Services\bin\Debug\net8.0\Dev2.Runtime.Services.dll [C:\Users\ultra\warewolf\Dev\Warewolf.Studio.Themes.Luna\Warewolf.Studio.Themes.Luna.csproj]
C:\Program Files\dotnet\sdk\10.0.201\Microsoft.Common.CurrentVersion.targets(2451,5): warning MSB3277:             C:\Users\ultra\warewolf\Dev\Dev2.Studio.Interfaces\bin\Debug\net8.0\Dev2.Studio.Interfaces.dll [C:\Users\ultra\warewolf\Dev\Warewolf.Studio.Themes.Luna\Warewolf.Studio.Themes.Luna.csproj]
C:\Program Files\dotnet\sdk\10.0.201\Microsoft.Common.CurrentVersion.targets(2451,5): warning MSB3277:             C:\Users\ultra\warewolf\Dev\Warewolf.Studio.Core\bin\Debug\net8.0\Warewolf.Studio.Core.dll [C:\Users\ultra\warewolf\Dev\Warewolf.Studio.Themes.Luna\Warewolf.Studio.Themes.Luna.csproj]
C:\Program Files\dotnet\sdk\10.0.201\Microsoft.Common.CurrentVersion.targets(2451,5): warning MSB3277:             C:\Users\ultra\warewolf\Dev\Warewolf.Studio.CustomControls\bin\Debug\net8.0\Warewolf.Studio.CustomControls.dll [C:\Users\ultra\warewolf\Dev\Warewolf.Studio.Themes.Luna\Warewolf.Studio.Themes.Luna.csproj]
C:\Program Files\dotnet\sdk\10.0.201\Microsoft.Common.CurrentVersion.targets(2451,5): warning MSB3277:             C:\Users\ultra\warewolf\Dev\Dev2.Services.Execution\bin\Debug\net8.0\Dev2.Services.Execution.dll [C:\Users\ultra\warewolf\Dev\Warewolf.Studio.Themes.Luna\Warewolf.Studio.Themes.Luna.csproj]
C:\Program Files\dotnet\sdk\10.0.201\Microsoft.Common.CurrentVersion.targets(2451,5): warning MSB3277:             C:\Users\ultra\warewolf\Dev\Warewolf.Common.NetStandard20\bin\Debug\net8.0\Warewolf.Common.NetStandard20.dll [C:\Users\ultra\warewolf\Dev\Warewolf.Studio.Themes.Luna\Warewolf.Studio.Themes.Luna.csproj]
C:\Program Files\dotnet\sdk\10.0.201\Microsoft.Common.CurrentVersion.targets(2451,5): warning MSB3277:             C:\Users\ultra\warewolf\Dev\Warewolf.Driver.Persistence\bin\Debug\net8.0\Warewolf.Driver.Persistence.dll [C:\Users\ultra\warewolf\Dev\Warewolf.Studio.Themes.Luna\Warewolf.Studio.Themes.Luna.csproj]
C:\Program Files\dotnet\sdk\10.0.201\Microsoft.Common.CurrentVersion.targets(2451,5): warning MSB3277:         C:\Users\ultra\.nuget\packages\mysql.data\8.4.0\lib\net8.0\MySql.Data.dll [C:\Users\ultra\warewolf\Dev\Warewolf.Studio.Themes.Luna\Warewolf.Studio.Themes.Luna.csproj]
C:\Program Files\dotnet\sdk\10.0.201\Microsoft.Common.CurrentVersion.targets(2451,5): warning MSB3277:           Project file item includes which caused reference "C:\Users\ultra\.nuget\packages\mysql.data\8.4.0\lib\net8.0\MySql.Data.dll". [C:\Users\ultra\warewolf\Dev\Warewolf.Studio.Themes.Luna\Warewolf.Studio.Themes.Luna.csproj]
C:\Program Files\dotnet\sdk\10.0.201\Microsoft.Common.CurrentVersion.targets(2451,5): warning MSB3277:             C:\Users\ultra\.nuget\packages\mysql.data\8.4.0\lib\net8.0\MySql.Data.dll [C:\Users\ultra\warewolf\Dev\Warewolf.Studio.Themes.Luna\Warewolf.Studio.Themes.Luna.csproj]
C:\Program Files\dotnet\sdk\10.0.201\Microsoft.Common.CurrentVersion.targets(2451,5): warning MSB3277:             C:\Users\ultra\warewolf\Dev\Dev2.Activities\bin\Debug\net8.0\Dev2.Activities.dll [C:\Users\ultra\warewolf\Dev\Warewolf.Studio.Themes.Luna\Warewolf.Studio.Themes.Luna.csproj]
C:\Program Files\dotnet\sdk\10.0.201\Microsoft.Common.CurrentVersion.targets(2451,5): warning MSB3277:             C:\Users\ultra\warewolf\Dev\Dev2.Studio.Core\bin\Debug\net8.0\Dev2.Studio.Core.dll [C:\Users\ultra\warewolf\Dev\Warewolf.Studio.Themes.Luna\Warewolf.Studio.Themes.Luna.csproj]
C:\Program Files\dotnet\sdk\10.0.201\Microsoft.Common.CurrentVersion.targets(2451,5): warning MSB3277:             C:\Users\ultra\warewolf\Dev\Dev2.Intellisense\bin\Debug\net8.0\Dev2.Intellisense.dll [C:\Users\ultra\warewolf\Dev\Warewolf.Studio.Themes.Luna\Warewolf.Studio.Themes.Luna.csproj]
C:\Program Files\dotnet\sdk\10.0.201\Microsoft.Common.CurrentVersion.targets(2451,5): warning MSB3277:             C:\Users\ultra\warewolf\Dev\Dev2.Runtime.Services\bin\Debug\net8.0\Dev2.Runtime.Services.dll [C:\Users\ultra\warewolf\Dev\Warewolf.Studio.Themes.Luna\Warewolf.Studio.Themes.Luna.csproj]
C:\Program Files\dotnet\sdk\10.0.201\Microsoft.Common.CurrentVersion.targets(2451,5): warning MSB3277:             C:\Users\ultra\warewolf\Dev\Dev2.Studio.Interfaces\bin\Debug\net8.0\Dev2.Studio.Interfaces.dll [C:\Users\ultra\warewolf\Dev\Warewolf.Studio.Themes.Luna\Warewolf.Studio.Themes.Luna.csproj]
C:\Program Files\dotnet\sdk\10.0.201\Microsoft.Common.CurrentVersion.targets(2451,5): warning MSB3277:             C:\Users\ultra\warewolf\Dev\Warewolf.Studio.Core\bin\Debug\net8.0\Warewolf.Studio.Core.dll [C:\Users\ultra\warewolf\Dev\Warewolf.Studio.Themes.Luna\Warewolf.Studio.Themes.Luna.csproj]
C:\Program Files\dotnet\sdk\10.0.201\Microsoft.Common.CurrentVersion.targets(2451,5): warning MSB3277:             C:\Users\ultra\warewolf\Dev\Warewolf.Studio.CustomControls\bin\Debug\net8.0\Warewolf.Studio.CustomControls.dll [C:\Users\ultra\warewolf\Dev\Warewolf.Studio.Themes.Luna\Warewolf.Studio.Themes.Luna.csproj]
C:\Program Files\dotnet\sdk\10.0.201\Microsoft.Common.CurrentVersion.targets(2451,5): warning MSB3277:             C:\Users\ultra\warewolf\Dev\Dev2.Services.Execution\bin\Debug\net8.0\Dev2.Services.Execution.dll [C:\Users\ultra\warewolf\Dev\Warewolf.Studio.Themes.Luna\Warewolf.Studio.Themes.Luna.csproj]
C:\Program Files\dotnet\sdk\10.0.201\Microsoft.Common.CurrentVersion.targets(2451,5): warning MSB3277:             C:\Users\ultra\warewolf\Dev\Dev2.Services.Sql\bin\Debug\net8.0\Dev2.Services.Sql.dll [C:\Users\ultra\warewolf\Dev\Warewolf.Studio.Themes.Luna\Warewolf.Studio.Themes.Luna.csproj]
C:\Program Files\dotnet\sdk\10.0.201\Microsoft.Common.CurrentVersion.targets(2451,5): warning MSB3277:             C:\Users\ultra\warewolf\Dev\Warewolf.Driver.Persistence\bin\Debug\net8.0\Warewolf.Driver.Persistence.dll [C:\Users\ultra\warewolf\Dev\Warewolf.Studio.Themes.Luna\Warewolf.Studio.Themes.Luna.csproj]
C:\Program Files\dotnet\sdk\10.0.201\Microsoft.Common.CurrentVersion.targets(2451,5): warning MSB3277:         C:\Users\ultra\.nuget\packages\oracle.manageddataaccess.core\3.21.70\lib\netstandard2.1\Oracle.ManagedDataAccess.dll [C:\Users\ultra\warewolf\Dev\Warewolf.Studio.Themes.Luna\Warewolf.Studio.Themes.Luna.csproj]
C:\Program Files\dotnet\sdk\10.0.201\Microsoft.Common.CurrentVersion.targets(2451,5): warning MSB3277:           Project file item includes which caused reference "C:\Users\ultra\.nuget\packages\oracle.manageddataaccess.core\3.21.70\lib\netstandard2.1\Oracle.ManagedDataAccess.dll". [C:\Users\ultra\warewolf\Dev\Warewolf.Studio.Themes.Luna\Warewolf.Studio.Themes.Luna.csproj]
C:\Program Files\dotnet\sdk\10.0.201\Microsoft.Common.CurrentVersion.targets(2451,5): warning MSB3277:             C:\Users\ultra\.nuget\packages\oracle.manageddataaccess.core\3.21.70\lib\netstandard2.1\Oracle.ManagedDataAccess.dll [C:\Users\ultra\warewolf\Dev\Warewolf.Studio.Themes.Luna\Warewolf.Studio.Themes.Luna.csproj]
C:\Program Files\dotnet\sdk\10.0.201\Microsoft.Common.CurrentVersion.targets(2451,5): warning MSB3277:             C:\Users\ultra\warewolf\Dev\Dev2.Runtime.Services\bin\Debug\net8.0\Dev2.Runtime.Services.dll [C:\Users\ultra\warewolf\Dev\Warewolf.Studio.Themes.Luna\Warewolf.Studio.Themes.Luna.csproj]
C:\Program Files\dotnet\sdk\10.0.201\Microsoft.Common.CurrentVersion.targets(2451,5): warning MSB3277:             C:\Users\ultra\warewolf\Dev\Dev2.Studio.Core\bin\Debug\net8.0\Dev2.Studio.Core.dll [C:\Users\ultra\warewolf\Dev\Warewolf.Studio.Themes.Luna\Warewolf.Studio.Themes.Luna.csproj]
C:\Program Files\dotnet\sdk\10.0.201\Microsoft.Common.CurrentVersion.targets(2451,5): warning MSB3277:             C:\Users\ultra\warewolf\Dev\Dev2.Intellisense\bin\Debug\net8.0\Dev2.Intellisense.dll [C:\Users\ultra\warewolf\Dev\Warewolf.Studio.Themes.Luna\Warewolf.Studio.Themes.Luna.csproj]
C:\Program Files\dotnet\sdk\10.0.201\Microsoft.Common.CurrentVersion.targets(2451,5): warning MSB3277:             C:\Users\ultra\warewolf\Dev\Dev2.Studio.Interfaces\bin\Debug\net8.0\Dev2.Studio.Interfaces.dll [C:\Users\ultra\warewolf\Dev\Warewolf.Studio.Themes.Luna\Warewolf.Studio.Themes.Luna.csproj]
C:\Program Files\dotnet\sdk\10.0.201\Microsoft.Common.CurrentVersion.targets(2451,5): warning MSB3277:             C:\Users\ultra\warewolf\Dev\Warewolf.Studio.Core\bin\Debug\net8.0\Warewolf.Studio.Core.dll [C:\Users\ultra\warewolf\Dev\Warewolf.Studio.Themes.Luna\Warewolf.Studio.Themes.Luna.csproj]
C:\Program Files\dotnet\sdk\10.0.201\Microsoft.Common.CurrentVersion.targets(2451,5): warning MSB3277:             C:\Users\ultra\warewolf\Dev\Warewolf.Studio.CustomControls\bin\Debug\net8.0\Warewolf.Studio.CustomControls.dll [C:\Users\ultra\warewolf\Dev\Warewolf.Studio.Themes.Luna\Warewolf.Studio.Themes.Luna.csproj]
C:\Program Files\dotnet\sdk\10.0.201\Microsoft.Common.CurrentVersion.targets(2451,5): warning MSB3277:             C:\Users\ultra\warewolf\Dev\Dev2.Activities\bin\Debug\net8.0\Dev2.Activities.dll [C:\Users\ultra\warewolf\Dev\Warewolf.Studio.Themes.Luna\Warewolf.Studio.Themes.Luna.csproj]
C:\Program Files\dotnet\sdk\10.0.201\Microsoft.Common.CurrentVersion.targets(2451,5): warning MSB3277:             C:\Users\ultra\warewolf\Dev\Dev2.Services.Execution\bin\Debug\net8.0\Dev2.Services.Execution.dll [C:\Users\ultra\warewolf\Dev\Warewolf.Studio.Themes.Luna\Warewolf.Studio.Themes.Luna.csproj]
C:\Program Files\dotnet\sdk\10.0.201\Microsoft.Common.CurrentVersion.targets(2451,5): warning MSB3277:             C:\Users\ultra\warewolf\Dev\Dev2.Services.Sql\bin\Debug\net8.0\Dev2.Services.Sql.dll [C:\Users\ultra\warewolf\Dev\Warewolf.Studio.Themes.Luna\Warewolf.Studio.Themes.Luna.csproj]
C:\Program Files\dotnet\sdk\10.0.201\Microsoft.Common.CurrentVersion.targets(2451,5): warning MSB3277:             C:\Users\ultra\warewolf\Dev\Warewolf.Driver.Persistence\bin\Debug\net8.0\Warewolf.Driver.Persistence.dll [C:\Users\ultra\warewolf\Dev\Warewolf.Studio.Themes.Luna\Warewolf.Studio.Themes.Luna.csproj]
C:\Program Files\dotnet\sdk\10.0.201\Microsoft.Common.CurrentVersion.targets(2451,5): warning MSB3277:         C:\Users\ultra\.nuget\packages\system.directoryservices\6.0.0\lib\net6.0\System.DirectoryServices.dll [C:\Users\ultra\warewolf\Dev\Warewolf.Studio.Themes.Luna\Warewolf.Studio.Themes.Luna.csproj]
C:\Program Files\dotnet\sdk\10.0.201\Microsoft.Common.CurrentVersion.targets(2451,5): warning MSB3277:           Project file item includes which caused reference "C:\Users\ultra\.nuget\packages\system.directoryservices\6.0.0\lib\net6.0\System.DirectoryServices.dll". [C:\Users\ultra\warewolf\Dev\Warewolf.Studio.Themes.Luna\Warewolf.Studio.Themes.Luna.csproj]
C:\Program Files\dotnet\sdk\10.0.201\Microsoft.Common.CurrentVersion.targets(2451,5): warning MSB3277:             C:\Users\ultra\.nuget\packages\system.directoryservices\6.0.0\lib\net6.0\System.DirectoryServices.dll [C:\Users\ultra\warewolf\Dev\Warewolf.Studio.Themes.Luna\Warewolf.Studio.Themes.Luna.csproj]
C:\Program Files\dotnet\sdk\10.0.201\Microsoft.Common.CurrentVersion.targets(2451,5): warning MSB3277:             C:\Users\ultra\.nuget\packages\corewcf.primitives\1.2.1\lib\netstandard2.0\CoreWCF.Primitives.dll [C:\Users\ultra\warewolf\Dev\Warewolf.Studio.Themes.Luna\Warewolf.Studio.Themes.Luna.csproj]
C:\Program Files\dotnet\sdk\10.0.201\Microsoft.Common.CurrentVersion.targets(2451,5): warning MSB3277:             C:\Users\ultra\warewolf\Dev\Dev2.Runtime.Services\bin\Debug\net8.0\Dev2.Runtime.Services.dll [C:\Users\ultra\warewolf\Dev\Warewolf.Studio.Themes.Luna\Warewolf.Studio.Themes.Luna.csproj]
C:\Program Files\dotnet\sdk\10.0.201\Microsoft.Common.CurrentVersion.targets(2451,5): warning MSB3277:             C:\Users\ultra\warewolf\Dev\Dev2.Studio.Core\bin\Debug\net8.0\Dev2.Studio.Core.dll [C:\Users\ultra\warewolf\Dev\Warewolf.Studio.Themes.Luna\Warewolf.Studio.Themes.Luna.csproj]
C:\Program Files\dotnet\sdk\10.0.201\Microsoft.Common.CurrentVersion.targets(2451,5): warning MSB3277:             C:\Users\ultra\warewolf\Dev\Dev2.Intellisense\bin\Debug\net8.0\Dev2.Intellisense.dll [C:\Users\ultra\warewolf\Dev\Warewolf.Studio.Themes.Luna\Warewolf.Studio.Themes.Luna.csproj]
C:\Program Files\dotnet\sdk\10.0.201\Microsoft.Common.CurrentVersion.targets(2451,5): warning MSB3277:             C:\Users\ultra\warewolf\Dev\Dev2.Studio.Interfaces\bin\Debug\net8.0\Dev2.Studio.Interfaces.dll [C:\Users\ultra\warewolf\Dev\Warewolf.Studio.Themes.Luna\Warewolf.Studio.Themes.Luna.csproj]
C:\Program Files\dotnet\sdk\10.0.201\Microsoft.Common.CurrentVersion.targets(2451,5): warning MSB3277:             C:\Users\ultra\warewolf\Dev\Warewolf.Studio.Core\bin\Debug\net8.0\Warewolf.Studio.Core.dll [C:\Users\ultra\warewolf\Dev\Warewolf.Studio.Themes.Luna\Warewolf.Studio.Themes.Luna.csproj]
C:\Program Files\dotnet\sdk\10.0.201\Microsoft.Common.CurrentVersion.targets(2451,5): warning MSB3277:             C:\Users\ultra\warewolf\Dev\Warewolf.Studio.CustomControls\bin\Debug\net8.0\Warewolf.Studio.CustomControls.dll [C:\Users\ultra\warewolf\Dev\Warewolf.Studio.Themes.Luna\Warewolf.Studio.Themes.Luna.csproj]
C:\Program Files\dotnet\sdk\10.0.201\Microsoft.Common.CurrentVersion.targets(2451,5): warning MSB3277:             C:\Users\ultra\warewolf\Dev\Dev2.Activities\bin\Debug\net8.0\Dev2.Activities.dll [C:\Users\ultra\warewolf\Dev\Warewolf.Studio.Themes.Luna\Warewolf.Studio.Themes.Luna.csproj]
C:\Program Files\dotnet\sdk\10.0.201\Microsoft.Common.CurrentVersion.targets(2451,5): warning MSB3277:             C:\Users\ultra\warewolf\Dev\Dev2.Services.Execution\bin\Debug\net8.0\Dev2.Services.Execution.dll [C:\Users\ultra\warewolf\Dev\Warewolf.Studio.Themes.Luna\Warewolf.Studio.Themes.Luna.csproj]
C:\Program Files\dotnet\sdk\10.0.201\Microsoft.Common.CurrentVersion.targets(2451,5): warning MSB3277:             C:\Users\ultra\warewolf\Dev\Warewolf.Driver.Persistence\bin\Debug\net8.0\Warewolf.Driver.Persistence.dll [C:\Users\ultra\warewolf\Dev\Warewolf.Studio.Themes.Luna\Warewolf.Studio.Themes.Luna.csproj]
C:\Program Files\dotnet\sdk\10.0.201\Microsoft.Common.CurrentVersion.targets(2451,5): warning MSB3277:             C:\Users\ultra\.nuget\packages\corewcf.http\1.2.1\lib\netstandard2.0\CoreWCF.Http.dll [C:\Users\ultra\warewolf\Dev\Warewolf.Studio.Themes.Luna\Warewolf.Studio.Themes.Luna.csproj]
C:\Program Files\dotnet\sdk\10.0.201\Microsoft.Common.CurrentVersion.targets(2451,5): warning MSB3277:             C:\Users\ultra\.nuget\packages\corewcf.nettcp\1.2.1\lib\netstandard2.0\CoreWCF.NetTcp.dll [C:\Users\ultra\warewolf\Dev\Warewolf.Studio.Themes.Luna\Warewolf.Studio.Themes.Luna.csproj]
C:\Program Files\dotnet\sdk\10.0.201\Microsoft.Common.CurrentVersion.targets(2451,5): warning MSB3277:             C:\Users\ultra\.nuget\packages\corewcf.webhttp\1.2.1\lib\netstandard2.0\CoreWCF.WebHttp.dll [C:\Users\ultra\warewolf\Dev\Warewolf.Studio.Themes.Luna\Warewolf.Studio.Themes.Luna.csproj]
C:\Program Files\dotnet\sdk\10.0.201\Microsoft.Common.CurrentVersion.targets(2451,5): warning MSB3277:         C:\Program Files\dotnet\packs\Microsoft.NETCore.App.Ref\8.0.25\ref\net8.0\System.Configuration.dll [C:\Users\ultra\warewolf\Dev\Warewolf.Studio.Themes.Luna\Warewolf.Studio.Themes.Luna.csproj]
C:\Program Files\dotnet\sdk\10.0.201\Microsoft.Common.CurrentVersion.targets(2451,5): warning MSB3277:           Project file item includes which caused reference "C:\Program Files\dotnet\packs\Microsoft.NETCore.App.Ref\8.0.25\ref\net8.0\System.Configuration.dll". [C:\Users\ultra\warewolf\Dev\Warewolf.Studio.Themes.Luna\Warewolf.Studio.Themes.Luna.csproj]
C:\Program Files\dotnet\sdk\10.0.201\Microsoft.Common.CurrentVersion.targets(2451,5): warning MSB3277:             C:\Program Files\dotnet\packs\Microsoft.NETCore.App.Ref\8.0.25\ref/net8.0/System.Configuration.dll [C:\Users\ultra\warewolf\Dev\Warewolf.Studio.Themes.Luna\Warewolf.Studio.Themes.Luna.csproj]
C:\Program Files\dotnet\sdk\10.0.201\Microsoft.Common.CurrentVersion.targets(2451,5): warning MSB3277:             C:\Users\ultra\.nuget\packages\prism.wpf\9.0.537\lib\net462\Prism.Wpf.dll [C:\Users\ultra\warewolf\Dev\Warewolf.Studio.Themes.Luna\Warewolf.Studio.Themes.Luna.csproj]
C:\Program Files\dotnet\sdk\10.0.201\Microsoft.Common.CurrentVersion.targets(2451,5): warning MSB3277:         C:\Program Files\dotnet\packs\Microsoft.NETCore.App.Ref\8.0.25\ref\net8.0\System.Data.dll [C:\Users\ultra\warewolf\Dev\Warewolf.Studio.Themes.Luna\Warewolf.Studio.Themes.Luna.csproj]
C:\Program Files\dotnet\sdk\10.0.201\Microsoft.Common.CurrentVersion.targets(2451,5): warning MSB3277:           Project file item includes which caused reference "C:\Program Files\dotnet\packs\Microsoft.NETCore.App.Ref\8.0.25\ref\net8.0\System.Data.dll". [C:\Users\ultra\warewolf\Dev\Warewolf.Studio.Themes.Luna\Warewolf.Studio.Themes.Luna.csproj]
C:\Program Files\dotnet\sdk\10.0.201\Microsoft.Common.CurrentVersion.targets(2451,5): warning MSB3277:             C:\Program Files\dotnet\packs\Microsoft.NETCore.App.Ref\8.0.25\ref/net8.0/System.Data.dll [C:\Users\ultra\warewolf\Dev\Warewolf.Studio.Themes.Luna\Warewolf.Studio.Themes.Luna.csproj]
C:\Program Files\dotnet\sdk\10.0.201\Microsoft.Common.CurrentVersion.targets(2451,5): warning MSB3277:             C:\Users\ultra\.nuget\packages\taskschedulereditor\2.10.1\lib\net452\Microsoft.Win32.TaskSchedulerEditor.dll [C:\Users\ultra\warewolf\Dev\Warewolf.Studio.Themes.Luna\Warewolf.Studio.Themes.Luna.csproj]
C:\Program Files\dotnet\sdk\10.0.201\Microsoft.Common.CurrentVersion.targets(2451,5): warning MSB3277:         C:\Program Files\dotnet\packs\Microsoft.NETCore.App.Ref\8.0.25\ref\net8.0\System.Drawing.dll [C:\Users\ultra\warewolf\Dev\Warewolf.Studio.Themes.Luna\Warewolf.Studio.Themes.Luna.csproj]
C:\Program Files\dotnet\sdk\10.0.201\Microsoft.Common.CurrentVersion.targets(2451,5): warning MSB3277:           Project file item includes which caused reference "C:\Program Files\dotnet\packs\Microsoft.NETCore.App.Ref\8.0.25\ref\net8.0\System.Drawing.dll". [C:\Users\ultra\warewolf\Dev\Warewolf.Studio.Themes.Luna\Warewolf.Studio.Themes.Luna.csproj]
C:\Program Files\dotnet\sdk\10.0.201\Microsoft.Common.CurrentVersion.targets(2451,5): warning MSB3277:             C:\Program Files\dotnet\packs\Microsoft.NETCore.App.Ref\8.0.25\ref/net8.0/System.Drawing.dll [C:\Users\ultra\warewolf\Dev\Warewolf.Studio.Themes.Luna\Warewolf.Studio.Themes.Luna.csproj]
C:\Program Files\dotnet\sdk\10.0.201\Microsoft.Common.CurrentVersion.targets(2451,5): warning MSB3277:             C:\Users\ultra\.nuget\packages\aerowizard\2.3.1\lib\net45\AeroWizard.dll [C:\Users\ultra\warewolf\Dev\Warewolf.Studio.Themes.Luna\Warewolf.Studio.Themes.Luna.csproj]
C:\Program Files\dotnet\sdk\10.0.201\Microsoft.Common.CurrentVersion.targets(2451,5): warning MSB3277:             C:\Users\ultra\.nuget\packages\groupcontrols\1.9.0\lib\net45\GroupControls.dll [C:\Users\ultra\warewolf\Dev\Warewolf.Studio.Themes.Luna\Warewolf.Studio.Themes.Luna.csproj]
C:\Program Files\dotnet\sdk\10.0.201\Microsoft.Common.CurrentVersion.targets(2451,5): warning MSB3277:             C:\Users\ultra\.nuget\packages\taskschedulereditor\2.10.1\lib\net452\Microsoft.Win32.TaskSchedulerEditor.dll [C:\Users\ultra\warewolf\Dev\Warewolf.Studio.Themes.Luna\Warewolf.Studio.Themes.Luna.csproj]
C:\Program Files\dotnet\sdk\10.0.201\Microsoft.Common.CurrentVersion.targets(2451,5): warning MSB3277:         C:\Program Files\dotnet\packs\Microsoft.NETCore.App.Ref\8.0.25\ref\net8.0\System.Net.dll [C:\Users\ultra\warewolf\Dev\Warewolf.Studio.Themes.Luna\Warewolf.Studio.Themes.Luna.csproj]
C:\Program Files\dotnet\sdk\10.0.201\Microsoft.Common.CurrentVersion.targets(2451,5): warning MSB3277:           Project file item includes which caused reference "C:\Program Files\dotnet\packs\Microsoft.NETCore.App.Ref\8.0.25\ref\net8.0\System.Net.dll". [C:\Users\ultra\warewolf\Dev\Warewolf.Studio.Themes.Luna\Warewolf.Studio.Themes.Luna.csproj]
C:\Program Files\dotnet\sdk\10.0.201\Microsoft.Common.CurrentVersion.targets(2451,5): warning MSB3277:             C:\Program Files\dotnet\packs\Microsoft.NETCore.App.Ref\8.0.25\ref/net8.0/System.Net.dll [C:\Users\ultra\warewolf\Dev\Warewolf.Studio.Themes.Luna\Warewolf.Studio.Themes.Luna.csproj]
C:\Program Files\dotnet\sdk\10.0.201\Microsoft.Common.CurrentVersion.targets(2451,5): warning MSB3277:         C:\Program Files\dotnet\packs\Microsoft.NETCore.App.Ref\8.0.25\ref\net8.0\System.Security.dll [C:\Users\ultra\warewolf\Dev\Warewolf.Studio.Themes.Luna\Warewolf.Studio.Themes.Luna.csproj]
C:\Program Files\dotnet\sdk\10.0.201\Microsoft.Common.CurrentVersion.targets(2451,5): warning MSB3277:           Project file item includes which caused reference "C:\Program Files\dotnet\packs\Microsoft.NETCore.App.Ref\8.0.25\ref\net8.0\System.Security.dll". [C:\Users\ultra\warewolf\Dev\Warewolf.Studio.Themes.Luna\Warewolf.Studio.Themes.Luna.csproj]
C:\Program Files\dotnet\sdk\10.0.201\Microsoft.Common.CurrentVersion.targets(2451,5): warning MSB3277:             C:\Program Files\dotnet\packs\Microsoft.NETCore.App.Ref\8.0.25\ref/net8.0/System.Security.dll [C:\Users\ultra\warewolf\Dev\Warewolf.Studio.Themes.Luna\Warewolf.Studio.Themes.Luna.csproj]
C:\Program Files\dotnet\sdk\10.0.201\Microsoft.Common.CurrentVersion.targets(2451,5): warning MSB3277:         C:\Program Files\dotnet\packs\Microsoft.NETCore.App.Ref\8.0.25\ref\net8.0\System.ServiceProcess.dll [C:\Users\ultra\warewolf\Dev\Warewolf.Studio.Themes.Luna\Warewolf.Studio.Themes.Luna.csproj]
C:\Program Files\dotnet\sdk\10.0.201\Microsoft.Common.CurrentVersion.targets(2451,5): warning MSB3277:           Project file item includes which caused reference "C:\Program Files\dotnet\packs\Microsoft.NETCore.App.Ref\8.0.25\ref\net8.0\System.ServiceProcess.dll". [C:\Users\ultra\warewolf\Dev\Warewolf.Studio.Themes.Luna\Warewolf.Studio.Themes.Luna.csproj]
C:\Program Files\dotnet\sdk\10.0.201\Microsoft.Common.CurrentVersion.targets(2451,5): warning MSB3277:             C:\Program Files\dotnet\packs\Microsoft.NETCore.App.Ref\8.0.25\ref/net8.0/System.ServiceProcess.dll [C:\Users\ultra\warewolf\Dev\Warewolf.Studio.Themes.Luna\Warewolf.Studio.Themes.Luna.csproj]
C:\Program Files\dotnet\sdk\10.0.201\Microsoft.Common.CurrentVersion.targets(2451,5): warning MSB3277:         C:\Program Files\dotnet\packs\Microsoft.NETCore.App.Ref\8.0.25\ref\net8.0\System.Transactions.dll [C:\Users\ultra\warewolf\Dev\Warewolf.Studio.Themes.Luna\Warewolf.Studio.Themes.Luna.csproj]
C:\Program Files\dotnet\sdk\10.0.201\Microsoft.Common.CurrentVersion.targets(2451,5): warning MSB3277:           Project file item includes which caused reference "C:\Program Files\dotnet\packs\Microsoft.NETCore.App.Ref\8.0.25\ref\net8.0\System.Transactions.dll". [C:\Users\ultra\warewolf\Dev\Warewolf.Studio.Themes.Luna\Warewolf.Studio.Themes.Luna.csproj]
C:\Program Files\dotnet\sdk\10.0.201\Microsoft.Common.CurrentVersion.targets(2451,5): warning MSB3277:             C:\Program Files\dotnet\packs\Microsoft.NETCore.App.Ref\8.0.25\ref/net8.0/System.Transactions.dll [C:\Users\ultra\warewolf\Dev\Warewolf.Studio.Themes.Luna\Warewolf.Studio.Themes.Luna.csproj]
C:\Program Files\dotnet\sdk\10.0.201\Microsoft.Common.CurrentVersion.targets(2451,5): warning MSB3277:         C:\Program Files\dotnet\packs\Microsoft.NETCore.App.Ref\8.0.25\ref\net8.0\System.dll [C:\Users\ultra\warewolf\Dev\Warewolf.Studio.Themes.Luna\Warewolf.Studio.Themes.Luna.csproj]
C:\Program Files\dotnet\sdk\10.0.201\Microsoft.Common.CurrentVersion.targets(2451,5): warning MSB3277:           Project file item includes which caused reference "C:\Program Files\dotnet\packs\Microsoft.NETCore.App.Ref\8.0.25\ref\net8.0\System.dll". [C:\Users\ultra\warewolf\Dev\Warewolf.Studio.Themes.Luna\Warewolf.Studio.Themes.Luna.csproj]
C:\Program Files\dotnet\sdk\10.0.201\Microsoft.Common.CurrentVersion.targets(2451,5): warning MSB3277:             C:\Program Files\dotnet\packs\Microsoft.NETCore.App.Ref\8.0.25\ref/net8.0/System.dll [C:\Users\ultra\warewolf\Dev\Warewolf.Studio.Themes.Luna\Warewolf.Studio.Themes.Luna.csproj]
C:\Program Files\dotnet\sdk\10.0.201\Microsoft.Common.CurrentVersion.targets(2451,5): warning MSB3277:             C:\Users\ultra\.nuget\packages\aerowizard\2.3.1\lib\net45\AeroWizard.dll [C:\Users\ultra\warewolf\Dev\Warewolf.Studio.Themes.Luna\Warewolf.Studio.Themes.Luna.csproj]
C:\Program Files\dotnet\sdk\10.0.201\Microsoft.Common.CurrentVersion.targets(2451,5): warning MSB3277:             C:\Users\ultra\.nuget\packages\groupcontrols\1.9.0\lib\net45\GroupControls.dll [C:\Users\ultra\warewolf\Dev\Warewolf.Studio.Themes.Luna\Warewolf.Studio.Themes.Luna.csproj]
C:\Program Files\dotnet\sdk\10.0.201\Microsoft.Common.CurrentVersion.targets(2451,5): warning MSB3277:             C:\Users\ultra\.nuget\packages\microsoft.xaml.behaviors.wpf\1.1.122\lib\net462\Microsoft.Xaml.Behaviors.dll [C:\Users\ultra\warewolf\Dev\Warewolf.Studio.Themes.Luna\Warewolf.Studio.Themes.Luna.csproj]
C:\Program Files\dotnet\sdk\10.0.201\Microsoft.Common.CurrentVersion.targets(2451,5): warning MSB3277:             C:\Users\ultra\.nuget\packages\caliburn.micro\4.0.212\lib\netcoreapp3.1\Caliburn.Micro.Platform.dll [C:\Users\ultra\warewolf\Dev\Warewolf.Studio.Themes.Luna\Warewolf.Studio.Themes.Luna.csproj]
C:\Program Files\dotnet\sdk\10.0.201\Microsoft.Common.CurrentVersion.targets(2451,5): warning MSB3277:             C:\Users\ultra\.nuget\packages\prism.wpf\9.0.537\lib\net462\Prism.Wpf.dll [C:\Users\ultra\warewolf\Dev\Warewolf.Studio.Themes.Luna\Warewolf.Studio.Themes.Luna.csproj]
C:\Program Files\dotnet\sdk\10.0.201\Microsoft.Common.CurrentVersion.targets(2451,5): warning MSB3277:             C:\Users\ultra\.nuget\packages\reactiveui.wpf\18.4.1\lib\net462\ReactiveUI.Wpf.dll [C:\Users\ultra\warewolf\Dev\Warewolf.Studio.Themes.Luna\Warewolf.Studio.Themes.Luna.csproj]
C:\Program Files\dotnet\sdk\10.0.201\Microsoft.Common.CurrentVersion.targets(2451,5): warning MSB3277:             C:\Users\ultra\.nuget\packages\taskschedulereditor\2.10.1\lib\net452\Microsoft.Win32.TaskSchedulerEditor.dll [C:\Users\ultra\warewolf\Dev\Warewolf.Studio.Themes.Luna\Warewolf.Studio.Themes.Luna.csproj]
C:\Program Files\dotnet\sdk\10.0.201\Microsoft.Common.CurrentVersion.targets(2451,5): warning MSB3277:             C:\Users\ultra\.nuget\packages\ttcue.netcore.sharepointonline.csom.16.1.8029.1200\16.1.8029.1200\lib\netcoreapp2.0\Microsoft.SharePoint.Client.Runtime.Windows.dll [C:\Users\ultra\warewolf\Dev\Warewolf.Studio.Themes.Luna\Warewolf.Studio.Themes.Luna.csproj]
C:\Program Files\dotnet\sdk\10.0.201\Microsoft.Common.CurrentVersion.targets(2451,5): warning MSB3277:         C:\Program Files\dotnet\packs\Microsoft.NETCore.App.Ref\8.0.25\ref\net8.0\WindowsBase.dll [C:\Users\ultra\warewolf\Dev\Warewolf.Studio.Themes.Luna\Warewolf.Studio.Themes.Luna.csproj]
C:\Program Files\dotnet\sdk\10.0.201\Microsoft.Common.CurrentVersion.targets(2451,5): warning MSB3277:           Project file item includes which caused reference "C:\Program Files\dotnet\packs\Microsoft.NETCore.App.Ref\8.0.25\ref\net8.0\WindowsBase.dll". [C:\Users\ultra\warewolf\Dev\Warewolf.Studio.Themes.Luna\Warewolf.Studio.Themes.Luna.csproj]
C:\Program Files\dotnet\sdk\10.0.201\Microsoft.Common.CurrentVersion.targets(2451,5): warning MSB3277:             C:\Program Files\dotnet\packs\Microsoft.NETCore.App.Ref\8.0.25\ref/net8.0/WindowsBase.dll [C:\Users\ultra\warewolf\Dev\Warewolf.Studio.Themes.Luna\Warewolf.Studio.Themes.Luna.csproj]
C:\Program Files\dotnet\sdk\10.0.201\Microsoft.Common.CurrentVersion.targets(2451,5): warning MSB3277:         C:\Program Files\dotnet\packs\Microsoft.NETCore.App.Ref\8.0.25\ref\net8.0\mscorlib.dll [C:\Users\ultra\warewolf\Dev\Warewolf.Studio.Themes.Luna\Warewolf.Studio.Themes.Luna.csproj]
C:\Program Files\dotnet\sdk\10.0.201\Microsoft.Common.CurrentVersion.targets(2451,5): warning MSB3277:           Project file item includes which caused reference "C:\Program Files\dotnet\packs\Microsoft.NETCore.App.Ref\8.0.25\ref\net8.0\mscorlib.dll". [C:\Users\ultra\warewolf\Dev\Warewolf.Studio.Themes.Luna\Warewolf.Studio.Themes.Luna.csproj]
C:\Program Files\dotnet\sdk\10.0.201\Microsoft.Common.CurrentVersion.targets(2451,5): warning MSB3277:             C:\Program Files\dotnet\packs\Microsoft.NETCore.App.Ref\8.0.25\ref/net8.0/mscorlib.dll [C:\Users\ultra\warewolf\Dev\Warewolf.Studio.Themes.Luna\Warewolf.Studio.Themes.Luna.csproj]
C:\Program Files\dotnet\sdk\10.0.201\Microsoft.Common.CurrentVersion.targets(2451,5): warning MSB3277:             C:\Users\ultra\.nuget\packages\aerowizard\2.3.1\lib\net45\AeroWizard.dll [C:\Users\ultra\warewolf\Dev\Warewolf.Studio.Themes.Luna\Warewolf.Studio.Themes.Luna.csproj]
C:\Program Files\dotnet\sdk\10.0.201\Microsoft.Common.CurrentVersion.targets(2451,5): warning MSB3277:             C:\Users\ultra\.nuget\packages\groupcontrols\1.9.0\lib\net45\GroupControls.dll [C:\Users\ultra\warewolf\Dev\Warewolf.Studio.Themes.Luna\Warewolf.Studio.Themes.Luna.csproj]
C:\Program Files\dotnet\sdk\10.0.201\Microsoft.Common.CurrentVersion.targets(2451,5): warning MSB3277:             C:\Users\ultra\.nuget\packages\hangfire.core\1.7.32\lib\netstandard2.0\Hangfire.Core.dll [C:\Users\ultra\warewolf\Dev\Warewolf.Studio.Themes.Luna\Warewolf.Studio.Themes.Luna.csproj]
C:\Program Files\dotnet\sdk\10.0.201\Microsoft.Common.CurrentVersion.targets(2451,5): warning MSB3277:             C:\Users\ultra\warewolf\Dev\Dev2.Activities\bin\Debug\net8.0\Dev2.Activities.dll [C:\Users\ultra\warewolf\Dev\Warewolf.Studio.Themes.Luna\Warewolf.Studio.Themes.Luna.csproj]
C:\Program Files\dotnet\sdk\10.0.201\Microsoft.Common.CurrentVersion.targets(2451,5): warning MSB3277:             C:\Users\ultra\warewolf\Dev\Dev2.Studio.Core\bin\Debug\net8.0\Dev2.Studio.Core.dll [C:\Users\ultra\warewolf\Dev\Warewolf.Studio.Themes.Luna\Warewolf.Studio.Themes.Luna.csproj]
C:\Program Files\dotnet\sdk\10.0.201\Microsoft.Common.CurrentVersion.targets(2451,5): warning MSB3277:             C:\Users\ultra\warewolf\Dev\Dev2.Intellisense\bin\Debug\net8.0\Dev2.Intellisense.dll [C:\Users\ultra\warewolf\Dev\Warewolf.Studio.Themes.Luna\Warewolf.Studio.Themes.Luna.csproj]
C:\Program Files\dotnet\sdk\10.0.201\Microsoft.Common.CurrentVersion.targets(2451,5): warning MSB3277:             C:\Users\ultra\warewolf\Dev\Warewolf.Driver.Persistence\bin\Debug\net8.0\Warewolf.Driver.Persistence.dll [C:\Users\ultra\warewolf\Dev\Warewolf.Studio.Themes.Luna\Warewolf.Studio.Themes.Luna.csproj]
C:\Program Files\dotnet\sdk\10.0.201\Microsoft.Common.CurrentVersion.targets(2451,5): warning MSB3277:             C:\Users\ultra\.nuget\packages\hangfire.sqlserver\1.7.32\lib\netstandard2.0\Hangfire.SqlServer.dll [C:\Users\ultra\warewolf\Dev\Warewolf.Studio.Themes.Luna\Warewolf.Studio.Themes.Luna.csproj]
C:\Program Files\dotnet\sdk\10.0.201\Microsoft.Common.CurrentVersion.targets(2451,5): warning MSB3277:             C:\Users\ultra\.nuget\packages\microsoft.xaml.behaviors.wpf\1.1.122\lib\net462\Microsoft.Xaml.Behaviors.dll [C:\Users\ultra\warewolf\Dev\Warewolf.Studio.Themes.Luna\Warewolf.Studio.Themes.Luna.csproj]
C:\Program Files\dotnet\sdk\10.0.201\Microsoft.Common.CurrentVersion.targets(2451,5): warning MSB3277:             C:\Users\ultra\.nuget\packages\caliburn.micro\4.0.212\lib\netcoreapp3.1\Caliburn.Micro.Platform.dll [C:\Users\ultra\warewolf\Dev\Warewolf.Studio.Themes.Luna\Warewolf.Studio.Themes.Luna.csproj]
C:\Program Files\dotnet\sdk\10.0.201\Microsoft.Common.CurrentVersion.targets(2451,5): warning MSB3277:             C:\Users\ultra\.nuget\packages\oracle.manageddataaccess.core\3.21.70\lib\netstandard2.1\Oracle.ManagedDataAccess.dll [C:\Users\ultra\warewolf\Dev\Warewolf.Studio.Themes.Luna\Warewolf.Studio.Themes.Luna.csproj]
C:\Program Files\dotnet\sdk\10.0.201\Microsoft.Common.CurrentVersion.targets(2451,5): warning MSB3277:             C:\Users\ultra\warewolf\Dev\Dev2.Runtime.Services\bin\Debug\net8.0\Dev2.Runtime.Services.dll [C:\Users\ultra\warewolf\Dev\Warewolf.Studio.Themes.Luna\Warewolf.Studio.Themes.Luna.csproj]
C:\Program Files\dotnet\sdk\10.0.201\Microsoft.Common.CurrentVersion.targets(2451,5): warning MSB3277:             C:\Users\ultra\warewolf\Dev\Dev2.Studio.Interfaces\bin\Debug\net8.0\Dev2.Studio.Interfaces.dll [C:\Users\ultra\warewolf\Dev\Warewolf.Studio.Themes.Luna\Warewolf.Studio.Themes.Luna.csproj]
C:\Program Files\dotnet\sdk\10.0.201\Microsoft.Common.CurrentVersion.targets(2451,5): warning MSB3277:             C:\Users\ultra\warewolf\Dev\Warewolf.Studio.Core\bin\Debug\net8.0\Warewolf.Studio.Core.dll [C:\Users\ultra\warewolf\Dev\Warewolf.Studio.Themes.Luna\Warewolf.Studio.Themes.Luna.csproj]
C:\Program Files\dotnet\sdk\10.0.201\Microsoft.Common.CurrentVersion.targets(2451,5): warning MSB3277:             C:\Users\ultra\warewolf\Dev\Warewolf.Studio.CustomControls\bin\Debug\net8.0\Warewolf.Studio.CustomControls.dll [C:\Users\ultra\warewolf\Dev\Warewolf.Studio.Themes.Luna\Warewolf.Studio.Themes.Luna.csproj]
C:\Program Files\dotnet\sdk\10.0.201\Microsoft.Common.CurrentVersion.targets(2451,5): warning MSB3277:             C:\Users\ultra\warewolf\Dev\Dev2.Services.Execution\bin\Debug\net8.0\Dev2.Services.Execution.dll [C:\Users\ultra\warewolf\Dev\Warewolf.Studio.Themes.Luna\Warewolf.Studio.Themes.Luna.csproj]
C:\Program Files\dotnet\sdk\10.0.201\Microsoft.Common.CurrentVersion.targets(2451,5): warning MSB3277:             C:\Users\ultra\warewolf\Dev\Dev2.Services.Sql\bin\Debug\net8.0\Dev2.Services.Sql.dll [C:\Users\ultra\warewolf\Dev\Warewolf.Studio.Themes.Luna\Warewolf.Studio.Themes.Luna.csproj]
C:\Program Files\dotnet\sdk\10.0.201\Microsoft.Common.CurrentVersion.targets(2451,5): warning MSB3277:             C:\Users\ultra\.nuget\packages\prism.wpf\9.0.537\lib\net462\Prism.Wpf.dll [C:\Users\ultra\warewolf\Dev\Warewolf.Studio.Themes.Luna\Warewolf.Studio.Themes.Luna.csproj]
C:\Program Files\dotnet\sdk\10.0.201\Microsoft.Common.CurrentVersion.targets(2451,5): warning MSB3277:             C:\Users\ultra\.nuget\packages\reactiveui.wpf\18.4.1\lib\net462\ReactiveUI.Wpf.dll [C:\Users\ultra\warewolf\Dev\Warewolf.Studio.Themes.Luna\Warewolf.Studio.Themes.Luna.csproj]
C:\Program Files\dotnet\sdk\10.0.201\Microsoft.Common.CurrentVersion.targets(2451,5): warning MSB3277:             C:\Users\ultra\.nuget\packages\taskschedulereditor\2.10.1\lib\net452\Microsoft.Win32.TaskSchedulerEditor.dll [C:\Users\ultra\warewolf\Dev\Warewolf.Studio.Themes.Luna\Warewolf.Studio.Themes.Luna.csproj]
C:\Program Files\dotnet\sdk\10.0.201\Microsoft.Common.CurrentVersion.targets(2451,5): warning MSB3277:             C:\Users\ultra\.nuget\packages\ttcue.netcore.sharepointonline.csom.16.1.8029.1200\16.1.8029.1200\lib\netcoreapp2.0\Microsoft.SharePoint.Client.Runtime.Windows.dll [C:\Users\ultra\warewolf\Dev\Warewolf.Studio.Themes.Luna\Warewolf.Studio.Themes.Luna.csproj]
C:\Program Files\dotnet\sdk\10.0.201\Microsoft.Common.CurrentVersion.targets(2451,5): warning MSB3277:         C:\Users\ultra\warewolf\Dev\Dev2.Development.Languages\bin\Debug\net8.0\IronRuby.dll [C:\Users\ultra\warewolf\Dev\Warewolf.Studio.Themes.Luna\Warewolf.Studio.Themes.Luna.csproj]
C:\Program Files\dotnet\sdk\10.0.201\Microsoft.Common.CurrentVersion.targets(2451,5): warning MSB3277:           Project file item includes which caused reference "C:\Users\ultra\warewolf\Dev\Dev2.Development.Languages\bin\Debug\net8.0\IronRuby.dll". [C:\Users\ultra\warewolf\Dev\Warewolf.Studio.Themes.Luna\Warewolf.Studio.Themes.Luna.csproj]
C:\Program Files\dotnet\sdk\10.0.201\Microsoft.Common.CurrentVersion.targets(2451,5): warning MSB3277:             C:\Users\ultra\warewolf\Dev\Dev2.Development.Languages\bin\Debug\net8.0\Dev2.Development.Languages.dll [C:\Users\ultra\warewolf\Dev\Warewolf.Studio.Themes.Luna\Warewolf.Studio.Themes.Luna.csproj]
C:\Program Files\dotnet\sdk\10.0.201\Microsoft.Common.CurrentVersion.targets(2451,5): warning MSB3277:             C:\Users\ultra\warewolf\Dev\Dev2.Activities\bin\Debug\net8.0\Dev2.Activities.dll [C:\Users\ultra\warewolf\Dev\Warewolf.Studio.Themes.Luna\Warewolf.Studio.Themes.Luna.csproj]
C:\Program Files\dotnet\sdk\10.0.201\Microsoft.Common.CurrentVersion.targets(2451,5): warning MSB3277:             C:\Users\ultra\warewolf\Dev\Dev2.Studio.Core\bin\Debug\net8.0\Dev2.Studio.Core.dll [C:\Users\ultra\warewolf\Dev\Warewolf.Studio.Themes.Luna\Warewolf.Studio.Themes.Luna.csproj]
C:\Program Files\dotnet\sdk\10.0.201\Microsoft.Common.CurrentVersion.targets(2451,5): warning MSB3277:             C:\Users\ultra\warewolf\Dev\Dev2.Intellisense\bin\Debug\net8.0\Dev2.Intellisense.dll [C:\Users\ultra\warewolf\Dev\Warewolf.Studio.Themes.Luna\Warewolf.Studio.Themes.Luna.csproj]
C:\Program Files\dotnet\sdk\10.0.201\Microsoft.Common.CurrentVersion.targets(2451,5): warning MSB3277:         C:\Users\ultra\warewolf\Dev\Dev2.Development.Languages\bin\Debug\net8.0\IronRuby.Libraries.dll [C:\Users\ultra\warewolf\Dev\Warewolf.Studio.Themes.Luna\Warewolf.Studio.Themes.Luna.csproj]
C:\Program Files\dotnet\sdk\10.0.201\Microsoft.Common.CurrentVersion.targets(2451,5): warning MSB3277:           Project file item includes which caused reference "C:\Users\ultra\warewolf\Dev\Dev2.Development.Languages\bin\Debug\net8.0\IronRuby.Libraries.dll". [C:\Users\ultra\warewolf\Dev\Warewolf.Studio.Themes.Luna\Warewolf.Studio.Themes.Luna.csproj]
C:\Program Files\dotnet\sdk\10.0.201\Microsoft.Common.CurrentVersion.targets(2451,5): warning MSB3277:             C:\Users\ultra\warewolf\Dev\Dev2.Development.Languages\bin\Debug\net8.0\Dev2.Development.Languages.dll [C:\Users\ultra\warewolf\Dev\Warewolf.Studio.Themes.Luna\Warewolf.Studio.Themes.Luna.csproj]
C:\Program Files\dotnet\sdk\10.0.201\Microsoft.Common.CurrentVersion.targets(2451,5): warning MSB3277:             C:\Users\ultra\warewolf\Dev\Dev2.Activities\bin\Debug\net8.0\Dev2.Activities.dll [C:\Users\ultra\warewolf\Dev\Warewolf.Studio.Themes.Luna\Warewolf.Studio.Themes.Luna.csproj]
C:\Program Files\dotnet\sdk\10.0.201\Microsoft.Common.CurrentVersion.targets(2451,5): warning MSB3277:             C:\Users\ultra\warewolf\Dev\Dev2.Studio.Core\bin\Debug\net8.0\Dev2.Studio.Core.dll [C:\Users\ultra\warewolf\Dev\Warewolf.Studio.Themes.Luna\Warewolf.Studio.Themes.Luna.csproj]
C:\Program Files\dotnet\sdk\10.0.201\Microsoft.Common.CurrentVersion.targets(2451,5): warning MSB3277:             C:\Users\ultra\warewolf\Dev\Dev2.Intellisense\bin\Debug\net8.0\Dev2.Intellisense.dll [C:\Users\ultra\warewolf\Dev\Warewolf.Studio.Themes.Luna\Warewolf.Studio.Themes.Luna.csproj]
C:\Program Files\dotnet\sdk\10.0.201\Microsoft.Common.CurrentVersion.targets(2451,5): warning MSB3277: Found conflicts between different versions of "WindowsBase" that could not be resolved. [C:\Users\ultra\warewolf\Dev\Warewolf.Studio.Themes.Luna\Warewolf.Studio.Themes.Luna.csproj]
C:\Program Files\dotnet\sdk\10.0.201\Microsoft.Common.CurrentVersion.targets(2451,5): warning MSB3277: There was a conflict between "WindowsBase, Version=4.0.0.0, Culture=neutral, PublicKeyToken=31bf3856ad364e35" and "WindowsBase, Version=6.0.2.0, Culture=neutral, PublicKeyToken=31bf3856ad364e35". [C:\Users\ultra\warewolf\Dev\Warewolf.Studio.Themes.Luna\Warewolf.Studio.Themes.Luna.csproj]
C:\Program Files\dotnet\sdk\10.0.201\Microsoft.Common.CurrentVersion.targets(2451,5): warning MSB3277:     "WindowsBase, Version=4.0.0.0, Culture=neutral, PublicKeyToken=31bf3856ad364e35" was chosen because it was primary and "WindowsBase, Version=6.0.2.0, Culture=neutral, PublicKeyToken=31bf3856ad364e35" was not. [C:\Users\ultra\warewolf\Dev\Warewolf.Studio.Themes.Luna\Warewolf.Studio.Themes.Luna.csproj]
C:\Program Files\dotnet\sdk\10.0.201\Microsoft.Common.CurrentVersion.targets(2451,5): warning MSB3277:     References which depend on "WindowsBase, Version=4.0.0.0, Culture=neutral, PublicKeyToken=31bf3856ad364e35" [C:\Program Files\dotnet\packs\Microsoft.NETCore.App.Ref\8.0.25\ref\net8.0\WindowsBase.dll]. [C:\Users\ultra\warewolf\Dev\Warewolf.Studio.Themes.Luna\Warewolf.Studio.Themes.Luna.csproj]
C:\Program Files\dotnet\sdk\10.0.201\Microsoft.Common.CurrentVersion.targets(2451,5): warning MSB3277:         C:\Program Files\dotnet\packs\Microsoft.NETCore.App.Ref\8.0.25\ref\net8.0\WindowsBase.dll [C:\Users\ultra\warewolf\Dev\Warewolf.Studio.Themes.Luna\Warewolf.Studio.Themes.Luna.csproj]
C:\Program Files\dotnet\sdk\10.0.201\Microsoft.Common.CurrentVersion.targets(2451,5): warning MSB3277:           Project file item includes which caused reference "C:\Program Files\dotnet\packs\Microsoft.NETCore.App.Ref\8.0.25\ref\net8.0\WindowsBase.dll". [C:\Users\ultra\warewolf\Dev\Warewolf.Studio.Themes.Luna\Warewolf.Studio.Themes.Luna.csproj]
C:\Program Files\dotnet\sdk\10.0.201\Microsoft.Common.CurrentVersion.targets(2451,5): warning MSB3277:             C:\Program Files\dotnet\packs\Microsoft.NETCore.App.Ref\8.0.25\ref/net8.0/WindowsBase.dll [C:\Users\ultra\warewolf\Dev\Warewolf.Studio.Themes.Luna\Warewolf.Studio.Themes.Luna.csproj]
C:\Program Files\dotnet\sdk\10.0.201\Microsoft.Common.CurrentVersion.targets(2451,5): warning MSB3277:     References which depend on or have been unified to "WindowsBase, Version=6.0.2.0, Culture=neutral, PublicKeyToken=31bf3856ad364e35" []. [C:\Users\ultra\warewolf\Dev\Warewolf.Studio.Themes.Luna\Warewolf.Studio.Themes.Luna.csproj]
C:\Program Files\dotnet\sdk\10.0.201\Microsoft.Common.CurrentVersion.targets(2451,5): warning MSB3277:         C:\Users\ultra\warewolf\Dev\Binaries\Infragistcs_Net6\Infragistics.Calculations.dll [C:\Users\ultra\warewolf\Dev\Warewolf.Studio.Themes.Luna\Warewolf.Studio.Themes.Luna.csproj]
C:\Program Files\dotnet\sdk\10.0.201\Microsoft.Common.CurrentVersion.targets(2451,5): warning MSB3277:           Project file item includes which caused reference "C:\Users\ultra\warewolf\Dev\Binaries\Infragistcs_Net6\Infragistics.Calculations.dll". [C:\Users\ultra\warewolf\Dev\Warewolf.Studio.Themes.Luna\Warewolf.Studio.Themes.Luna.csproj]
C:\Program Files\dotnet\sdk\10.0.201\Microsoft.Common.CurrentVersion.targets(2451,5): warning MSB3277:             CalculationManager.WPF [C:\Users\ultra\warewolf\Dev\Warewolf.Studio.Themes.Luna\Warewolf.Studio.Themes.Luna.csproj]
C:\Program Files\dotnet\sdk\10.0.201\Microsoft.Common.CurrentVersion.targets(2451,5): warning MSB3277:         C:\Users\ultra\warewolf\Dev\Binaries\Infragistcs_Net6\InfragisticsWPF4.Controls.Editors.XamComboEditor.v15.1.dll [C:\Users\ultra\warewolf\Dev\Warewolf.Studio.Themes.Luna\Warewolf.Studio.Themes.Luna.csproj]
C:\Program Files\dotnet\sdk\10.0.201\Microsoft.Common.CurrentVersion.targets(2451,5): warning MSB3277:           Project file item includes which caused reference "C:\Users\ultra\warewolf\Dev\Binaries\Infragistcs_Net6\InfragisticsWPF4.Controls.Editors.XamComboEditor.v15.1.dll". [C:\Users\ultra\warewolf\Dev\Warewolf.Studio.Themes.Luna\Warewolf.Studio.Themes.Luna.csproj]
C:\Program Files\dotnet\sdk\10.0.201\Microsoft.Common.CurrentVersion.targets(2451,5): warning MSB3277:             InfragisticsWPF4.Controls.Editors.XamComboEditor.v15.1, Version=15.1.20151.2055, Culture=neutral, PublicKeyToken=7dd5c3163f2cd0cb, processorArchitecture=MSIL [C:\Users\ultra\warewolf\Dev\Warewolf.Studio.Themes.Luna\Warewolf.Studio.Themes.Luna.csproj]
C:\Program Files\dotnet\sdk\10.0.201\Microsoft.Common.CurrentVersion.targets(2451,5): warning MSB3277:             InfragisticsWPF4.Controls.Grids.MultiColumnComboColumn.v15.1, Version=15.1.20151.2055, Culture=neutral, PublicKeyToken=7dd5c3163f2cd0cb, processorArchitecture=MSIL [C:\Users\ultra\warewolf\Dev\Warewolf.Studio.Themes.Luna\Warewolf.Studio.Themes.Luna.csproj]
C:\Program Files\dotnet\sdk\10.0.201\Microsoft.Common.CurrentVersion.targets(2451,5): warning MSB3277:         C:\Users\ultra\warewolf\Dev\Binaries\Infragistcs_Net6\InfragisticsWPF4.Controls.Editors.XamRichTextEditor.v15.1.dll [C:\Users\ultra\warewolf\Dev\Warewolf.Studio.Themes.Luna\Warewolf.Studio.Themes.Luna.csproj]
C:\Program Files\dotnet\sdk\10.0.201\Microsoft.Common.CurrentVersion.targets(2451,5): warning MSB3277:           Project file item includes which caused reference "C:\Users\ultra\warewolf\Dev\Binaries\Infragistcs_Net6\InfragisticsWPF4.Controls.Editors.XamRichTextEditor.v15.1.dll". [C:\Users\ultra\warewolf\Dev\Warewolf.Studio.Themes.Luna\Warewolf.Studio.Themes.Luna.csproj]
C:\Program Files\dotnet\sdk\10.0.201\Microsoft.Common.CurrentVersion.targets(2451,5): warning MSB3277:             InfragisticsWPF4.Controls.Editors.XamRichTextEditor.v15.1, Version=15.1.20151.2055, Culture=neutral, PublicKeyToken=7dd5c3163f2cd0cb, processorArchitecture=MSIL [C:\Users\ultra\warewolf\Dev\Warewolf.Studio.Themes.Luna\Warewolf.Studio.Themes.Luna.csproj]
C:\Program Files\dotnet\sdk\10.0.201\Microsoft.Common.CurrentVersion.targets(2451,5): warning MSB3277:         C:\Users\ultra\warewolf\Dev\Binaries\Infragistcs_Net6\InfragisticsWPF4.Controls.Editors.XamSyntaxEditor.v15.1.dll [C:\Users\ultra\warewolf\Dev\Warewolf.Studio.Themes.Luna\Warewolf.Studio.Themes.Luna.csproj]
C:\Program Files\dotnet\sdk\10.0.201\Microsoft.Common.CurrentVersion.targets(2451,5): warning MSB3277:           Project file item includes which caused reference "C:\Users\ultra\warewolf\Dev\Binaries\Infragistcs_Net6\InfragisticsWPF4.Controls.Editors.XamSyntaxEditor.v15.1.dll". [C:\Users\ultra\warewolf\Dev\Warewolf.Studio.Themes.Luna\Warewolf.Studio.Themes.Luna.csproj]
C:\Program Files\dotnet\sdk\10.0.201\Microsoft.Common.CurrentVersion.targets(2451,5): warning MSB3277:             InfragisticsWPF4.Controls.Editors.XamSyntaxEditor.v15.1, Version=15.1.20151.2055, Culture=neutral, PublicKeyToken=7dd5c3163f2cd0cb, processorArchitecture=MSIL [C:\Users\ultra\warewolf\Dev\Warewolf.Studio.Themes.Luna\Warewolf.Studio.Themes.Luna.csproj]
C:\Program Files\dotnet\sdk\10.0.201\Microsoft.Common.CurrentVersion.targets(2451,5): warning MSB3277:         C:\Users\ultra\warewolf\Dev\Binaries\Infragistcs_Net6\InfragisticsWPF4.Controls.Grids.DateTimeColumn.v15.1.dll [C:\Users\ultra\warewolf\Dev\Warewolf.Studio.Themes.Luna\Warewolf.Studio.Themes.Luna.csproj]
C:\Program Files\dotnet\sdk\10.0.201\Microsoft.Common.CurrentVersion.targets(2451,5): warning MSB3277:           Project file item includes which caused reference "C:\Users\ultra\warewolf\Dev\Binaries\Infragistcs_Net6\InfragisticsWPF4.Controls.Grids.DateTimeColumn.v15.1.dll". [C:\Users\ultra\warewolf\Dev\Warewolf.Studio.Themes.Luna\Warewolf.Studio.Themes.Luna.csproj]
C:\Program Files\dotnet\sdk\10.0.201\Microsoft.Common.CurrentVersion.targets(2451,5): warning MSB3277:             InfragisticsWPF4.Controls.Grids.DateTimeColumn.v15.1, Version=15.1.20151.2055, Culture=neutral, PublicKeyToken=7dd5c3163f2cd0cb, processorArchitecture=MSIL [C:\Users\ultra\warewolf\Dev\Warewolf.Studio.Themes.Luna\Warewolf.Studio.Themes.Luna.csproj]
C:\Program Files\dotnet\sdk\10.0.201\Microsoft.Common.CurrentVersion.targets(2451,5): warning MSB3277:         C:\Users\ultra\warewolf\Dev\Binaries\Infragistcs_Net6\InfragisticsWPF4.Controls.Grids.MultiColumnComboColumn.v15.1.dll [C:\Users\ultra\warewolf\Dev\Warewolf.Studio.Themes.Luna\Warewolf.Studio.Themes.Luna.csproj]
C:\Program Files\dotnet\sdk\10.0.201\Microsoft.Common.CurrentVersion.targets(2451,5): warning MSB3277:           Project file item includes which caused reference "C:\Users\ultra\warewolf\Dev\Binaries\Infragistcs_Net6\InfragisticsWPF4.Controls.Grids.MultiColumnComboColumn.v15.1.dll". [C:\Users\ultra\warewolf\Dev\Warewolf.Studio.Themes.Luna\Warewolf.Studio.Themes.Luna.csproj]
C:\Program Files\dotnet\sdk\10.0.201\Microsoft.Common.CurrentVersion.targets(2451,5): warning MSB3277:             InfragisticsWPF4.Controls.Grids.MultiColumnComboColumn.v15.1, Version=15.1.20151.2055, Culture=neutral, PublicKeyToken=7dd5c3163f2cd0cb, processorArchitecture=MSIL [C:\Users\ultra\warewolf\Dev\Warewolf.Studio.Themes.Luna\Warewolf.Studio.Themes.Luna.csproj]
C:\Program Files\dotnet\sdk\10.0.201\Microsoft.Common.CurrentVersion.targets(2451,5): warning MSB3277:         C:\Users\ultra\warewolf\Dev\Binaries\Infragistcs_Net6\InfragisticsWPF4.Controls.Grids.XamGrid.v15.1.dll [C:\Users\ultra\warewolf\Dev\Warewolf.Studio.Themes.Luna\Warewolf.Studio.Themes.Luna.csproj]
C:\Program Files\dotnet\sdk\10.0.201\Microsoft.Common.CurrentVersion.targets(2451,5): warning MSB3277:           Project file item includes which caused reference "C:\Users\ultra\warewolf\Dev\Binaries\Infragistcs_Net6\InfragisticsWPF4.Controls.Grids.XamGrid.v15.1.dll". [C:\Users\ultra\warewolf\Dev\Warewolf.Studio.Themes.Luna\Warewolf.Studio.Themes.Luna.csproj]
C:\Program Files\dotnet\sdk\10.0.201\Microsoft.Common.CurrentVersion.targets(2451,5): warning MSB3277:             InfragisticsWPF4.Controls.Grids.XamGrid.v15.1, Version=15.1.20151.2055, Culture=neutral, PublicKeyToken=7dd5c3163f2cd0cb, processorArchitecture=MSIL [C:\Users\ultra\warewolf\Dev\Warewolf.Studio.Themes.Luna\Warewolf.Studio.Themes.Luna.csproj]
C:\Program Files\dotnet\sdk\10.0.201\Microsoft.Common.CurrentVersion.targets(2451,5): warning MSB3277:             InfragisticsWPF4.Controls.Grids.DateTimeColumn.v15.1, Version=15.1.20151.2055, Culture=neutral, PublicKeyToken=7dd5c3163f2cd0cb, processorArchitecture=MSIL [C:\Users\ultra\warewolf\Dev\Warewolf.Studio.Themes.Luna\Warewolf.Studio.Themes.Luna.csproj]
C:\Program Files\dotnet\sdk\10.0.201\Microsoft.Common.CurrentVersion.targets(2451,5): warning MSB3277:             InfragisticsWPF4.Controls.Grids.MultiColumnComboColumn.v15.1, Version=15.1.20151.2055, Culture=neutral, PublicKeyToken=7dd5c3163f2cd0cb, processorArchitecture=MSIL [C:\Users\ultra\warewolf\Dev\Warewolf.Studio.Themes.Luna\Warewolf.Studio.Themes.Luna.csproj]
C:\Program Files\dotnet\sdk\10.0.201\Microsoft.Common.CurrentVersion.targets(2451,5): warning MSB3277:         C:\Users\ultra\warewolf\Dev\Binaries\Infragistcs_Net6\InfragisticsWPF4.Controls.Interactions.XamDialogWindow.v15.1.dll [C:\Users\ultra\warewolf\Dev\Warewolf.Studio.Themes.Luna\Warewolf.Studio.Themes.Luna.csproj]
C:\Program Files\dotnet\sdk\10.0.201\Microsoft.Common.CurrentVersion.targets(2451,5): warning MSB3277:           Project file item includes which caused reference "C:\Users\ultra\warewolf\Dev\Binaries\Infragistcs_Net6\InfragisticsWPF4.Controls.Interactions.XamDialogWindow.v15.1.dll". [C:\Users\ultra\warewolf\Dev\Warewolf.Studio.Themes.Luna\Warewolf.Studio.Themes.Luna.csproj]
C:\Program Files\dotnet\sdk\10.0.201\Microsoft.Common.CurrentVersion.targets(2451,5): warning MSB3277:             InfragisticsWPF4.Controls.Interactions.XamDialogWindow.v15.1, Version=15.1.20151.2055, Culture=neutral, PublicKeyToken=7dd5c3163f2cd0cb, processorArchitecture=MSIL [C:\Users\ultra\warewolf\Dev\Warewolf.Studio.Themes.Luna\Warewolf.Studio.Themes.Luna.csproj]
C:\Program Files\dotnet\sdk\10.0.201\Microsoft.Common.CurrentVersion.targets(2451,5): warning MSB3277:             InfragisticsWPF4.Controls.Interactions.XamSpellChecker.v15.1, Version=15.1.20151.2055, Culture=neutral, PublicKeyToken=7dd5c3163f2cd0cb, processorArchitecture=MSIL [C:\Users\ultra\warewolf\Dev\Warewolf.Studio.Themes.Luna\Warewolf.Studio.Themes.Luna.csproj]
C:\Program Files\dotnet\sdk\10.0.201\Microsoft.Common.CurrentVersion.targets(2451,5): warning MSB3277:         C:\Users\ultra\warewolf\Dev\Binaries\Infragistcs_Net6\InfragisticsWPF4.Controls.Interactions.XamSpellChecker.v15.1.dll [C:\Users\ultra\warewolf\Dev\Warewolf.Studio.Themes.Luna\Warewolf.Studio.Themes.Luna.csproj]
C:\Program Files\dotnet\sdk\10.0.201\Microsoft.Common.CurrentVersion.targets(2451,5): warning MSB3277:           Project file item includes which caused reference "C:\Users\ultra\warewolf\Dev\Binaries\Infragistcs_Net6\InfragisticsWPF4.Controls.Interactions.XamSpellChecker.v15.1.dll". [C:\Users\ultra\warewolf\Dev\Warewolf.Studio.Themes.Luna\Warewolf.Studio.Themes.Luna.csproj]
C:\Program Files\dotnet\sdk\10.0.201\Microsoft.Common.CurrentVersion.targets(2451,5): warning MSB3277:             InfragisticsWPF4.Controls.Interactions.XamSpellChecker.v15.1, Version=15.1.20151.2055, Culture=neutral, PublicKeyToken=7dd5c3163f2cd0cb, processorArchitecture=MSIL [C:\Users\ultra\warewolf\Dev\Warewolf.Studio.Themes.Luna\Warewolf.Studio.Themes.Luna.csproj]
C:\Program Files\dotnet\sdk\10.0.201\Microsoft.Common.CurrentVersion.targets(2451,5): warning MSB3277:         C:\Users\ultra\warewolf\Dev\Binaries\Infragistcs_Net6\InfragisticsWPF4.Controls.Maps.XamNetworkNode.v15.1.dll [C:\Users\ultra\warewolf\Dev\Warewolf.Studio.Themes.Luna\Warewolf.Studio.Themes.Luna.csproj]
C:\Program Files\dotnet\sdk\10.0.201\Microsoft.Common.CurrentVersion.targets(2451,5): warning MSB3277:           Project file item includes which caused reference "C:\Users\ultra\warewolf\Dev\Binaries\Infragistcs_Net6\InfragisticsWPF4.Controls.Maps.XamNetworkNode.v15.1.dll". [C:\Users\ultra\warewolf\Dev\Warewolf.Studio.Themes.Luna\Warewolf.Studio.Themes.Luna.csproj]
C:\Program Files\dotnet\sdk\10.0.201\Microsoft.Common.CurrentVersion.targets(2451,5): warning MSB3277:             InfragisticsWPF4.Controls.Maps.XamNetworkNode.v15.1, Version=15.1.20151.2055, Culture=neutral, PublicKeyToken=7dd5c3163f2cd0cb, processorArchitecture=MSIL [C:\Users\ultra\warewolf\Dev\Warewolf.Studio.Themes.Luna\Warewolf.Studio.Themes.Luna.csproj]
C:\Program Files\dotnet\sdk\10.0.201\Microsoft.Common.CurrentVersion.targets(2451,5): warning MSB3277:         C:\Users\ultra\warewolf\Dev\Binaries\Infragistcs_Net6\InfragisticsWPF4.Controls.Menus.XamDataTree.v15.1.dll [C:\Users\ultra\warewolf\Dev\Warewolf.Studio.Themes.Luna\Warewolf.Studio.Themes.Luna.csproj]
C:\Program Files\dotnet\sdk\10.0.201\Microsoft.Common.CurrentVersion.targets(2451,5): warning MSB3277:           Project file item includes which caused reference "C:\Users\ultra\warewolf\Dev\Binaries\Infragistcs_Net6\InfragisticsWPF4.Controls.Menus.XamDataTree.v15.1.dll". [C:\Users\ultra\warewolf\Dev\Warewolf.Studio.Themes.Luna\Warewolf.Studio.Themes.Luna.csproj]
C:\Program Files\dotnet\sdk\10.0.201\Microsoft.Common.CurrentVersion.targets(2451,5): warning MSB3277:             InfragisticsWPF4.Controls.Menus.XamDataTree.v15.1 [C:\Users\ultra\warewolf\Dev\Warewolf.Studio.Themes.Luna\Warewolf.Studio.Themes.Luna.csproj]
C:\Program Files\dotnet\sdk\10.0.201\Microsoft.Common.CurrentVersion.targets(2451,5): warning MSB3277:         C:\Users\ultra\warewolf\Dev\Binaries\Infragistcs_Net6\InfragisticsWPF4.Controls.Menus.XamMenu.v15.1.dll [C:\Users\ultra\warewolf\Dev\Warewolf.Studio.Themes.Luna\Warewolf.Studio.Themes.Luna.csproj]
C:\Program Files\dotnet\sdk\10.0.201\Microsoft.Common.CurrentVersion.targets(2451,5): warning MSB3277:           Project file item includes which caused reference "C:\Users\ultra\warewolf\Dev\Binaries\Infragistcs_Net6\InfragisticsWPF4.Controls.Menus.XamMenu.v15.1.dll". [C:\Users\ultra\warewolf\Dev\Warewolf.Studio.Themes.Luna\Warewolf.Studio.Themes.Luna.csproj]
C:\Program Files\dotnet\sdk\10.0.201\Microsoft.Common.CurrentVersion.targets(2451,5): warning MSB3277:             InfragisticsWPF4.Controls.Menus.XamMenu.v15.1, Version=15.1.20151.2055, Culture=neutral, PublicKeyToken=7dd5c3163f2cd0cb, processorArchitecture=MSIL [C:\Users\ultra\warewolf\Dev\Warewolf.Studio.Themes.Luna\Warewolf.Studio.Themes.Luna.csproj]
C:\Program Files\dotnet\sdk\10.0.201\Microsoft.Common.CurrentVersion.targets(2451,5): warning MSB3277:             InfragisticsWPF4.Controls.Editors.XamRichTextEditor.v15.1, Version=15.1.20151.2055, Culture=neutral, PublicKeyToken=7dd5c3163f2cd0cb, processorArchitecture=MSIL [C:\Users\ultra\warewolf\Dev\Warewolf.Studio.Themes.Luna\Warewolf.Studio.Themes.Luna.csproj]
C:\Program Files\dotnet\sdk\10.0.201\Microsoft.Common.CurrentVersion.targets(2451,5): warning MSB3277:             InfragisticsWPF4.Controls.Grids.XamGrid.v15.1, Version=15.1.20151.2055, Culture=neutral, PublicKeyToken=7dd5c3163f2cd0cb, processorArchitecture=MSIL [C:\Users\ultra\warewolf\Dev\Warewolf.Studio.Themes.Luna\Warewolf.Studio.Themes.Luna.csproj]
C:\Program Files\dotnet\sdk\10.0.201\Microsoft.Common.CurrentVersion.targets(2451,5): warning MSB3277:             InfragisticsWPF4.Controls.Grids.DateTimeColumn.v15.1, Version=15.1.20151.2055, Culture=neutral, PublicKeyToken=7dd5c3163f2cd0cb, processorArchitecture=MSIL [C:\Users\ultra\warewolf\Dev\Warewolf.Studio.Themes.Luna\Warewolf.Studio.Themes.Luna.csproj]
C:\Program Files\dotnet\sdk\10.0.201\Microsoft.Common.CurrentVersion.targets(2451,5): warning MSB3277:             InfragisticsWPF4.Controls.Grids.MultiColumnComboColumn.v15.1, Version=15.1.20151.2055, Culture=neutral, PublicKeyToken=7dd5c3163f2cd0cb, processorArchitecture=MSIL [C:\Users\ultra\warewolf\Dev\Warewolf.Studio.Themes.Luna\Warewolf.Studio.Themes.Luna.csproj]
C:\Program Files\dotnet\sdk\10.0.201\Microsoft.Common.CurrentVersion.targets(2451,5): warning MSB3277:         C:\Users\ultra\warewolf\Dev\Binaries\Infragistcs_Net6\InfragisticsWPF4.DataManager.v15.1.dll [C:\Users\ultra\warewolf\Dev\Warewolf.Studio.Themes.Luna\Warewolf.Studio.Themes.Luna.csproj]
C:\Program Files\dotnet\sdk\10.0.201\Microsoft.Common.CurrentVersion.targets(2451,5): warning MSB3277:           Project file item includes which caused reference "C:\Users\ultra\warewolf\Dev\Binaries\Infragistcs_Net6\InfragisticsWPF4.DataManager.v15.1.dll". [C:\Users\ultra\warewolf\Dev\Warewolf.Studio.Themes.Luna\Warewolf.Studio.Themes.Luna.csproj]
C:\Program Files\dotnet\sdk\10.0.201\Microsoft.Common.CurrentVersion.targets(2451,5): warning MSB3277:             InfragisticsWPF4.DataManager.v15.1, Version=15.1.20151.2055, Culture=neutral, PublicKeyToken=7dd5c3163f2cd0cb, processorArchitecture=MSIL [C:\Users\ultra\warewolf\Dev\Warewolf.Studio.Themes.Luna\Warewolf.Studio.Themes.Luna.csproj]
C:\Program Files\dotnet\sdk\10.0.201\Microsoft.Common.CurrentVersion.targets(2451,5): warning MSB3277:             InfragisticsWPF4.Controls.Editors.XamComboEditor.v15.1, Version=15.1.20151.2055, Culture=neutral, PublicKeyToken=7dd5c3163f2cd0cb, processorArchitecture=MSIL [C:\Users\ultra\warewolf\Dev\Warewolf.Studio.Themes.Luna\Warewolf.Studio.Themes.Luna.csproj]
C:\Program Files\dotnet\sdk\10.0.201\Microsoft.Common.CurrentVersion.targets(2451,5): warning MSB3277:             InfragisticsWPF4.Controls.Grids.DateTimeColumn.v15.1, Version=15.1.20151.2055, Culture=neutral, PublicKeyToken=7dd5c3163f2cd0cb, processorArchitecture=MSIL [C:\Users\ultra\warewolf\Dev\Warewolf.Studio.Themes.Luna\Warewolf.Studio.Themes.Luna.csproj]
C:\Program Files\dotnet\sdk\10.0.201\Microsoft.Common.CurrentVersion.targets(2451,5): warning MSB3277:             InfragisticsWPF4.Controls.Grids.MultiColumnComboColumn.v15.1, Version=15.1.20151.2055, Culture=neutral, PublicKeyToken=7dd5c3163f2cd0cb, processorArchitecture=MSIL [C:\Users\ultra\warewolf\Dev\Warewolf.Studio.Themes.Luna\Warewolf.Studio.Themes.Luna.csproj]
C:\Program Files\dotnet\sdk\10.0.201\Microsoft.Common.CurrentVersion.targets(2451,5): warning MSB3277:             InfragisticsWPF4.Controls.Grids.XamGrid.v15.1, Version=15.1.20151.2055, Culture=neutral, PublicKeyToken=7dd5c3163f2cd0cb, processorArchitecture=MSIL [C:\Users\ultra\warewolf\Dev\Warewolf.Studio.Themes.Luna\Warewolf.Studio.Themes.Luna.csproj]
C:\Program Files\dotnet\sdk\10.0.201\Microsoft.Common.CurrentVersion.targets(2451,5): warning MSB3277:             InfragisticsWPF4.Controls.Menus.XamDataTree.v15.1 [C:\Users\ultra\warewolf\Dev\Warewolf.Studio.Themes.Luna\Warewolf.Studio.Themes.Luna.csproj]
C:\Program Files\dotnet\sdk\10.0.201\Microsoft.Common.CurrentVersion.targets(2451,5): warning MSB3277:         C:\Users\ultra\warewolf\Dev\Binaries\Infragistcs_Net6\InfragisticsWPF4.DataPresenter.v15.1.dll [C:\Users\ultra\warewolf\Dev\Warewolf.Studio.Themes.Luna\Warewolf.Studio.Themes.Luna.csproj]
C:\Program Files\dotnet\sdk\10.0.201\Microsoft.Common.CurrentVersion.targets(2451,5): warning MSB3277:           Project file item includes which caused reference "C:\Users\ultra\warewolf\Dev\Binaries\Infragistcs_Net6\InfragisticsWPF4.DataPresenter.v15.1.dll". [C:\Users\ultra\warewolf\Dev\Warewolf.Studio.Themes.Luna\Warewolf.Studio.Themes.Luna.csproj]
C:\Program Files\dotnet\sdk\10.0.201\Microsoft.Common.CurrentVersion.targets(2451,5): warning MSB3277:             InfragisticsWPF4.DataPresenter.v15.1, Version=15.1.20151.2055, Culture=neutral, PublicKeyToken=7dd5c3163f2cd0cb, processorArchitecture=MSIL [C:\Users\ultra\warewolf\Dev\Warewolf.Studio.Themes.Luna\Warewolf.Studio.Themes.Luna.csproj]
C:\Program Files\dotnet\sdk\10.0.201\Microsoft.Common.CurrentVersion.targets(2451,5): warning MSB3277:         C:\Users\ultra\warewolf\Dev\Binaries\Infragistcs_Net6\InfragisticsWPF4.DataVisualization.v15.1.dll [C:\Users\ultra\warewolf\Dev\Warewolf.Studio.Themes.Luna\Warewolf.Studio.Themes.Luna.csproj]
C:\Program Files\dotnet\sdk\10.0.201\Microsoft.Common.CurrentVersion.targets(2451,5): warning MSB3277:           Project file item includes which caused reference "C:\Users\ultra\warewolf\Dev\Binaries\Infragistcs_Net6\InfragisticsWPF4.DataVisualization.v15.1.dll". [C:\Users\ultra\warewolf\Dev\Warewolf.Studio.Themes.Luna\Warewolf.Studio.Themes.Luna.csproj]
C:\Program Files\dotnet\sdk\10.0.201\Microsoft.Common.CurrentVersion.targets(2451,5): warning MSB3277:             InfragisticsWPF4.DataVisualization.v15.1, Version=15.1.20151.2055, Culture=neutral, PublicKeyToken=7dd5c3163f2cd0cb, processorArchitecture=MSIL [C:\Users\ultra\warewolf\Dev\Warewolf.Studio.Themes.Luna\Warewolf.Studio.Themes.Luna.csproj]
C:\Program Files\dotnet\sdk\10.0.201\Microsoft.Common.CurrentVersion.targets(2451,5): warning MSB3277:             InfragisticsWPF4.Controls.Maps.XamNetworkNode.v15.1, Version=15.1.20151.2055, Culture=neutral, PublicKeyToken=7dd5c3163f2cd0cb, processorArchitecture=MSIL [C:\Users\ultra\warewolf\Dev\Warewolf.Studio.Themes.Luna\Warewolf.Studio.Themes.Luna.csproj]
C:\Program Files\dotnet\sdk\10.0.201\Microsoft.Common.CurrentVersion.targets(2451,5): warning MSB3277:         C:\Users\ultra\warewolf\Dev\Binaries\Infragistcs_Net6\InfragisticsWPF4.DockManager.v15.1.dll [C:\Users\ultra\warewolf\Dev\Warewolf.Studio.Themes.Luna\Warewolf.Studio.Themes.Luna.csproj]
C:\Program Files\dotnet\sdk\10.0.201\Microsoft.Common.CurrentVersion.targets(2451,5): warning MSB3277:           Project file item includes which caused reference "C:\Users\ultra\warewolf\Dev\Binaries\Infragistcs_Net6\InfragisticsWPF4.DockManager.v15.1.dll". [C:\Users\ultra\warewolf\Dev\Warewolf.Studio.Themes.Luna\Warewolf.Studio.Themes.Luna.csproj]
C:\Program Files\dotnet\sdk\10.0.201\Microsoft.Common.CurrentVersion.targets(2451,5): warning MSB3277:             InfragisticsWPF4.DockManager.v15.1, Version=15.1.20151.2055, Culture=neutral, PublicKeyToken=7dd5c3163f2cd0cb, processorArchitecture=MSIL [C:\Users\ultra\warewolf\Dev\Warewolf.Studio.Themes.Luna\Warewolf.Studio.Themes.Luna.csproj]
C:\Program Files\dotnet\sdk\10.0.201\Microsoft.Common.CurrentVersion.targets(2451,5): warning MSB3277:         C:\Users\ultra\warewolf\Dev\Binaries\Infragistcs_Net6\InfragisticsWPF4.Documents.RichTextDocument.Html.v15.1.dll [C:\Users\ultra\warewolf\Dev\Warewolf.Studio.Themes.Luna\Warewolf.Studio.Themes.Luna.csproj]
C:\Program Files\dotnet\sdk\10.0.201\Microsoft.Common.CurrentVersion.targets(2451,5): warning MSB3277:           Project file item includes which caused reference "C:\Users\ultra\warewolf\Dev\Binaries\Infragistcs_Net6\InfragisticsWPF4.Documents.RichTextDocument.Html.v15.1.dll". [C:\Users\ultra\warewolf\Dev\Warewolf.Studio.Themes.Luna\Warewolf.Studio.Themes.Luna.csproj]
C:\Program Files\dotnet\sdk\10.0.201\Microsoft.Common.CurrentVersion.targets(2451,5): warning MSB3277:             InfragisticsWPF4.Documents.RichTextDocument.Html.v15.1, Version=15.1.20151.2055, Culture=neutral, PublicKeyToken=7dd5c3163f2cd0cb, processorArchitecture=MSIL [C:\Users\ultra\warewolf\Dev\Warewolf.Studio.Themes.Luna\Warewolf.Studio.Themes.Luna.csproj]
C:\Program Files\dotnet\sdk\10.0.201\Microsoft.Common.CurrentVersion.targets(2451,5): warning MSB3277:         C:\Users\ultra\warewolf\Dev\Binaries\Infragistcs_Net6\InfragisticsWPF4.Documents.RichTextDocument.v15.1.dll [C:\Users\ultra\warewolf\Dev\Warewolf.Studio.Themes.Luna\Warewolf.Studio.Themes.Luna.csproj]
C:\Program Files\dotnet\sdk\10.0.201\Microsoft.Common.CurrentVersion.targets(2451,5): warning MSB3277:           Project file item includes which caused reference "C:\Users\ultra\warewolf\Dev\Binaries\Infragistcs_Net6\InfragisticsWPF4.Documents.RichTextDocument.v15.1.dll". [C:\Users\ultra\warewolf\Dev\Warewolf.Studio.Themes.Luna\Warewolf.Studio.Themes.Luna.csproj]
C:\Program Files\dotnet\sdk\10.0.201\Microsoft.Common.CurrentVersion.targets(2451,5): warning MSB3277:             InfragisticsWPF4.Documents.RichTextDocument.v15.1, Version=15.1.20151.2055, Culture=neutral, PublicKeyToken=7dd5c3163f2cd0cb, processorArchitecture=MSIL [C:\Users\ultra\warewolf\Dev\Warewolf.Studio.Themes.Luna\Warewolf.Studio.Themes.Luna.csproj]
C:\Program Files\dotnet\sdk\10.0.201\Microsoft.Common.CurrentVersion.targets(2451,5): warning MSB3277:             InfragisticsWPF4.Controls.Editors.XamRichTextEditor.v15.1, Version=15.1.20151.2055, Culture=neutral, PublicKeyToken=7dd5c3163f2cd0cb, processorArchitecture=MSIL [C:\Users\ultra\warewolf\Dev\Warewolf.Studio.Themes.Luna\Warewolf.Studio.Themes.Luna.csproj]
C:\Program Files\dotnet\sdk\10.0.201\Microsoft.Common.CurrentVersion.targets(2451,5): warning MSB3277:             InfragisticsWPF4.Documents.RichTextDocument.Html.v15.1, Version=15.1.20151.2055, Culture=neutral, PublicKeyToken=7dd5c3163f2cd0cb, processorArchitecture=MSIL [C:\Users\ultra\warewolf\Dev\Warewolf.Studio.Themes.Luna\Warewolf.Studio.Themes.Luna.csproj]
C:\Program Files\dotnet\sdk\10.0.201\Microsoft.Common.CurrentVersion.targets(2451,5): warning MSB3277:         C:\Users\ultra\warewolf\Dev\Binaries\Infragistcs_Net6\InfragisticsWPF4.Editors.v15.1.dll [C:\Users\ultra\warewolf\Dev\Warewolf.Studio.Themes.Luna\Warewolf.Studio.Themes.Luna.csproj]
C:\Program Files\dotnet\sdk\10.0.201\Microsoft.Common.CurrentVersion.targets(2451,5): warning MSB3277:           Project file item includes which caused reference "C:\Users\ultra\warewolf\Dev\Binaries\Infragistcs_Net6\InfragisticsWPF4.Editors.v15.1.dll". [C:\Users\ultra\warewolf\Dev\Warewolf.Studio.Themes.Luna\Warewolf.Studio.Themes.Luna.csproj]
C:\Program Files\dotnet\sdk\10.0.201\Microsoft.Common.CurrentVersion.targets(2451,5): warning MSB3277:             InfragisticsWPF4.Editors.v15.1, Version=15.1.20151.2055, Culture=neutral, PublicKeyToken=7dd5c3163f2cd0cb, processorArchitecture=MSIL [C:\Users\ultra\warewolf\Dev\Warewolf.Studio.Themes.Luna\Warewolf.Studio.Themes.Luna.csproj]
C:\Program Files\dotnet\sdk\10.0.201\Microsoft.Common.CurrentVersion.targets(2451,5): warning MSB3277:             InfragisticsWPF4.DataPresenter.v15.1, Version=15.1.20151.2055, Culture=neutral, PublicKeyToken=7dd5c3163f2cd0cb, processorArchitecture=MSIL [C:\Users\ultra\warewolf\Dev\Warewolf.Studio.Themes.Luna\Warewolf.Studio.Themes.Luna.csproj]
C:\Program Files\dotnet\sdk\10.0.201\Microsoft.Common.CurrentVersion.targets(2451,5): warning MSB3277:         C:\Users\ultra\warewolf\Dev\Binaries\Infragistcs_Net6\InfragisticsWPF4.v15.1.dll [C:\Users\ultra\warewolf\Dev\Warewolf.Studio.Themes.Luna\Warewolf.Studio.Themes.Luna.csproj]
C:\Program Files\dotnet\sdk\10.0.201\Microsoft.Common.CurrentVersion.targets(2451,5): warning MSB3277:           Project file item includes which caused reference "C:\Users\ultra\warewolf\Dev\Binaries\Infragistcs_Net6\InfragisticsWPF4.v15.1.dll". [C:\Users\ultra\warewolf\Dev\Warewolf.Studio.Themes.Luna\Warewolf.Studio.Themes.Luna.csproj]
C:\Program Files\dotnet\sdk\10.0.201\Microsoft.Common.CurrentVersion.targets(2451,5): warning MSB3277:             InfragisticsWPF4.v15.1, Version=15.1.20151.2055, Culture=neutral, PublicKeyToken=7dd5c3163f2cd0cb, processorArchitecture=MSIL [C:\Users\ultra\warewolf\Dev\Warewolf.Studio.Themes.Luna\Warewolf.Studio.Themes.Luna.csproj]
C:\Program Files\dotnet\sdk\10.0.201\Microsoft.Common.CurrentVersion.targets(2451,5): warning MSB3277:             CalculationManager.WPF [C:\Users\ultra\warewolf\Dev\Warewolf.Studio.Themes.Luna\Warewolf.Studio.Themes.Luna.csproj]
C:\Program Files\dotnet\sdk\10.0.201\Microsoft.Common.CurrentVersion.targets(2451,5): warning MSB3277:             InfragisticsWPF4.Controls.Editors.XamComboEditor.v15.1, Version=15.1.20151.2055, Culture=neutral, PublicKeyToken=7dd5c3163f2cd0cb, processorArchitecture=MSIL [C:\Users\ultra\warewolf\Dev\Warewolf.Studio.Themes.Luna\Warewolf.Studio.Themes.Luna.csproj]
C:\Program Files\dotnet\sdk\10.0.201\Microsoft.Common.CurrentVersion.targets(2451,5): warning MSB3277:             InfragisticsWPF4.Controls.Editors.XamRichTextEditor.v15.1, Version=15.1.20151.2055, Culture=neutral, PublicKeyToken=7dd5c3163f2cd0cb, processorArchitecture=MSIL [C:\Users\ultra\warewolf\Dev\Warewolf.Studio.Themes.Luna\Warewolf.Studio.Themes.Luna.csproj]
C:\Program Files\dotnet\sdk\10.0.201\Microsoft.Common.CurrentVersion.targets(2451,5): warning MSB3277:             InfragisticsWPF4.Controls.Editors.XamSyntaxEditor.v15.1, Version=15.1.20151.2055, Culture=neutral, PublicKeyToken=7dd5c3163f2cd0cb, processorArchitecture=MSIL [C:\Users\ultra\warewolf\Dev\Warewolf.Studio.Themes.Luna\Warewolf.Studio.Themes.Luna.csproj]
C:\Program Files\dotnet\sdk\10.0.201\Microsoft.Common.CurrentVersion.targets(2451,5): warning MSB3277:             InfragisticsWPF4.Controls.Grids.DateTimeColumn.v15.1, Version=15.1.20151.2055, Culture=neutral, PublicKeyToken=7dd5c3163f2cd0cb, processorArchitecture=MSIL [C:\Users\ultra\warewolf\Dev\Warewolf.Studio.Themes.Luna\Warewolf.Studio.Themes.Luna.csproj]
C:\Program Files\dotnet\sdk\10.0.201\Microsoft.Common.CurrentVersion.targets(2451,5): warning MSB3277:             InfragisticsWPF4.Controls.Grids.MultiColumnComboColumn.v15.1, Version=15.1.20151.2055, Culture=neutral, PublicKeyToken=7dd5c3163f2cd0cb, processorArchitecture=MSIL [C:\Users\ultra\warewolf\Dev\Warewolf.Studio.Themes.Luna\Warewolf.Studio.Themes.Luna.csproj]
C:\Program Files\dotnet\sdk\10.0.201\Microsoft.Common.CurrentVersion.targets(2451,5): warning MSB3277:             InfragisticsWPF4.Controls.Grids.XamGrid.v15.1, Version=15.1.20151.2055, Culture=neutral, PublicKeyToken=7dd5c3163f2cd0cb, processorArchitecture=MSIL [C:\Users\ultra\warewolf\Dev\Warewolf.Studio.Themes.Luna\Warewolf.Studio.Themes.Luna.csproj]
C:\Program Files\dotnet\sdk\10.0.201\Microsoft.Common.CurrentVersion.targets(2451,5): warning MSB3277:             InfragisticsWPF4.Controls.Interactions.XamDialogWindow.v15.1, Version=15.1.20151.2055, Culture=neutral, PublicKeyToken=7dd5c3163f2cd0cb, processorArchitecture=MSIL [C:\Users\ultra\warewolf\Dev\Warewolf.Studio.Themes.Luna\Warewolf.Studio.Themes.Luna.csproj]
C:\Program Files\dotnet\sdk\10.0.201\Microsoft.Common.CurrentVersion.targets(2451,5): warning MSB3277:             InfragisticsWPF4.Controls.Interactions.XamSpellChecker.v15.1, Version=15.1.20151.2055, Culture=neutral, PublicKeyToken=7dd5c3163f2cd0cb, processorArchitecture=MSIL [C:\Users\ultra\warewolf\Dev\Warewolf.Studio.Themes.Luna\Warewolf.Studio.Themes.Luna.csproj]
C:\Program Files\dotnet\sdk\10.0.201\Microsoft.Common.CurrentVersion.targets(2451,5): warning MSB3277:             InfragisticsWPF4.Controls.Maps.XamNetworkNode.v15.1, Version=15.1.20151.2055, Culture=neutral, PublicKeyToken=7dd5c3163f2cd0cb, processorArchitecture=MSIL [C:\Users\ultra\warewolf\Dev\Warewolf.Studio.Themes.Luna\Warewolf.Studio.Themes.Luna.csproj]
C:\Program Files\dotnet\sdk\10.0.201\Microsoft.Common.CurrentVersion.targets(2451,5): warning MSB3277:             InfragisticsWPF4.Controls.Menus.XamDataTree.v15.1 [C:\Users\ultra\warewolf\Dev\Warewolf.Studio.Themes.Luna\Warewolf.Studio.Themes.Luna.csproj]
C:\Program Files\dotnet\sdk\10.0.201\Microsoft.Common.CurrentVersion.targets(2451,5): warning MSB3277:             InfragisticsWPF4.Controls.Menus.XamMenu.v15.1, Version=15.1.20151.2055, Culture=neutral, PublicKeyToken=7dd5c3163f2cd0cb, processorArchitecture=MSIL [C:\Users\ultra\warewolf\Dev\Warewolf.Studio.Themes.Luna\Warewolf.Studio.Themes.Luna.csproj]
C:\Program Files\dotnet\sdk\10.0.201\Microsoft.Common.CurrentVersion.targets(2451,5): warning MSB3277:             InfragisticsWPF4.DataManager.v15.1, Version=15.1.20151.2055, Culture=neutral, PublicKeyToken=7dd5c3163f2cd0cb, processorArchitecture=MSIL [C:\Users\ultra\warewolf\Dev\Warewolf.Studio.Themes.Luna\Warewolf.Studio.Themes.Luna.csproj]
C:\Program Files\dotnet\sdk\10.0.201\Microsoft.Common.CurrentVersion.targets(2451,5): warning MSB3277:             InfragisticsWPF4.DataPresenter.v15.1, Version=15.1.20151.2055, Culture=neutral, PublicKeyToken=7dd5c3163f2cd0cb, processorArchitecture=MSIL [C:\Users\ultra\warewolf\Dev\Warewolf.Studio.Themes.Luna\Warewolf.Studio.Themes.Luna.csproj]
C:\Program Files\dotnet\sdk\10.0.201\Microsoft.Common.CurrentVersion.targets(2451,5): warning MSB3277:             InfragisticsWPF4.DataVisualization.v15.1, Version=15.1.20151.2055, Culture=neutral, PublicKeyToken=7dd5c3163f2cd0cb, processorArchitecture=MSIL [C:\Users\ultra\warewolf\Dev\Warewolf.Studio.Themes.Luna\Warewolf.Studio.Themes.Luna.csproj]
C:\Program Files\dotnet\sdk\10.0.201\Microsoft.Common.CurrentVersion.targets(2451,5): warning MSB3277:             InfragisticsWPF4.DockManager.v15.1, Version=15.1.20151.2055, Culture=neutral, PublicKeyToken=7dd5c3163f2cd0cb, processorArchitecture=MSIL [C:\Users\ultra\warewolf\Dev\Warewolf.Studio.Themes.Luna\Warewolf.Studio.Themes.Luna.csproj]
C:\Program Files\dotnet\sdk\10.0.201\Microsoft.Common.CurrentVersion.targets(2451,5): warning MSB3277:             InfragisticsWPF4.Documents.RichTextDocument.Html.v15.1, Version=15.1.20151.2055, Culture=neutral, PublicKeyToken=7dd5c3163f2cd0cb, processorArchitecture=MSIL [C:\Users\ultra\warewolf\Dev\Warewolf.Studio.Themes.Luna\Warewolf.Studio.Themes.Luna.csproj]
C:\Program Files\dotnet\sdk\10.0.201\Microsoft.Common.CurrentVersion.targets(2451,5): warning MSB3277:             InfragisticsWPF4.Documents.RichTextDocument.v15.1, Version=15.1.20151.2055, Culture=neutral, PublicKeyToken=7dd5c3163f2cd0cb, processorArchitecture=MSIL [C:\Users\ultra\warewolf\Dev\Warewolf.Studio.Themes.Luna\Warewolf.Studio.Themes.Luna.csproj]
C:\Program Files\dotnet\sdk\10.0.201\Microsoft.Common.CurrentVersion.targets(2451,5): warning MSB3277:             InfragisticsWPF4.Editors.v15.1, Version=15.1.20151.2055, Culture=neutral, PublicKeyToken=7dd5c3163f2cd0cb, processorArchitecture=MSIL [C:\Users\ultra\warewolf\Dev\Warewolf.Studio.Themes.Luna\Warewolf.Studio.Themes.Luna.csproj]
C:\Program Files\dotnet\sdk\10.0.201\Microsoft.Common.CurrentVersion.targets(2451,5): warning MSB3277:         C:\Users\ultra\.nuget\packages\caliburn.micro\4.0.212\lib\netcoreapp3.1\Caliburn.Micro.Platform.dll [C:\Users\ultra\warewolf\Dev\Warewolf.Studio.Themes.Luna\Warewolf.Studio.Themes.Luna.csproj]
C:\Program Files\dotnet\sdk\10.0.201\Microsoft.Common.CurrentVersion.targets(2451,5): warning MSB3277:           Project file item includes which caused reference "C:\Users\ultra\.nuget\packages\caliburn.micro\4.0.212\lib\netcoreapp3.1\Caliburn.Micro.Platform.dll". [C:\Users\ultra\warewolf\Dev\Warewolf.Studio.Themes.Luna\Warewolf.Studio.Themes.Luna.csproj]
C:\Program Files\dotnet\sdk\10.0.201\Microsoft.Common.CurrentVersion.targets(2451,5): warning MSB3277:             C:\Users\ultra\.nuget\packages\caliburn.micro\4.0.212\lib\netcoreapp3.1\Caliburn.Micro.Platform.dll [C:\Users\ultra\warewolf\Dev\Warewolf.Studio.Themes.Luna\Warewolf.Studio.Themes.Luna.csproj]
C:\Program Files\dotnet\sdk\10.0.201\Microsoft.Common.CurrentVersion.targets(2451,5): warning MSB3277:         C:\Users\ultra\.nuget\packages\extended.wpf.toolkit\4.4.0\lib\net5.0\Xceed.Wpf.AvalonDock.NET5.dll [C:\Users\ultra\warewolf\Dev\Warewolf.Studio.Themes.Luna\Warewolf.Studio.Themes.Luna.csproj]
C:\Program Files\dotnet\sdk\10.0.201\Microsoft.Common.CurrentVersion.targets(2451,5): warning MSB3277:           Project file item includes which caused reference "C:\Users\ultra\.nuget\packages\extended.wpf.toolkit\4.4.0\lib\net5.0\Xceed.Wpf.AvalonDock.NET5.dll". [C:\Users\ultra\warewolf\Dev\Warewolf.Studio.Themes.Luna\Warewolf.Studio.Themes.Luna.csproj]
C:\Program Files\dotnet\sdk\10.0.201\Microsoft.Common.CurrentVersion.targets(2451,5): warning MSB3277:             C:\Users\ultra\.nuget\packages\extended.wpf.toolkit\4.4.0\lib\net5.0\Xceed.Wpf.AvalonDock.NET5.dll [C:\Users\ultra\warewolf\Dev\Warewolf.Studio.Themes.Luna\Warewolf.Studio.Themes.Luna.csproj]
C:\Program Files\dotnet\sdk\10.0.201\Microsoft.Common.CurrentVersion.targets(2451,5): warning MSB3277:             C:\Users\ultra\.nuget\packages\extended.wpf.toolkit\4.4.0\lib\net5.0\Xceed.Wpf.AvalonDock.Themes.Aero.NET5.dll [C:\Users\ultra\warewolf\Dev\Warewolf.Studio.Themes.Luna\Warewolf.Studio.Themes.Luna.csproj]
C:\Program Files\dotnet\sdk\10.0.201\Microsoft.Common.CurrentVersion.targets(2451,5): warning MSB3277:             C:\Users\ultra\.nuget\packages\extended.wpf.toolkit\4.4.0\lib\net5.0\Xceed.Wpf.AvalonDock.Themes.Metro.NET5.dll [C:\Users\ultra\warewolf\Dev\Warewolf.Studio.Themes.Luna\Warewolf.Studio.Themes.Luna.csproj]
C:\Program Files\dotnet\sdk\10.0.201\Microsoft.Common.CurrentVersion.targets(2451,5): warning MSB3277:             C:\Users\ultra\.nuget\packages\extended.wpf.toolkit\4.4.0\lib\net5.0\Xceed.Wpf.AvalonDock.Themes.VS2010.NET5.dll [C:\Users\ultra\warewolf\Dev\Warewolf.Studio.Themes.Luna\Warewolf.Studio.Themes.Luna.csproj]
C:\Program Files\dotnet\sdk\10.0.201\Microsoft.Common.CurrentVersion.targets(2451,5): warning MSB3277:         C:\Users\ultra\.nuget\packages\extended.wpf.toolkit\4.4.0\lib\net5.0\Xceed.Wpf.AvalonDock.Themes.Aero.NET5.dll [C:\Users\ultra\warewolf\Dev\Warewolf.Studio.Themes.Luna\Warewolf.Studio.Themes.Luna.csproj]
C:\Program Files\dotnet\sdk\10.0.201\Microsoft.Common.CurrentVersion.targets(2451,5): warning MSB3277:           Project file item includes which caused reference "C:\Users\ultra\.nuget\packages\extended.wpf.toolkit\4.4.0\lib\net5.0\Xceed.Wpf.AvalonDock.Themes.Aero.NET5.dll". [C:\Users\ultra\warewolf\Dev\Warewolf.Studio.Themes.Luna\Warewolf.Studio.Themes.Luna.csproj]
C:\Program Files\dotnet\sdk\10.0.201\Microsoft.Common.CurrentVersion.targets(2451,5): warning MSB3277:             C:\Users\ultra\.nuget\packages\extended.wpf.toolkit\4.4.0\lib\net5.0\Xceed.Wpf.AvalonDock.Themes.Aero.NET5.dll [C:\Users\ultra\warewolf\Dev\Warewolf.Studio.Themes.Luna\Warewolf.Studio.Themes.Luna.csproj]
C:\Program Files\dotnet\sdk\10.0.201\Microsoft.Common.CurrentVersion.targets(2451,5): warning MSB3277:         C:\Users\ultra\.nuget\packages\extended.wpf.toolkit\4.4.0\lib\net5.0\Xceed.Wpf.Toolkit.NET5.dll [C:\Users\ultra\warewolf\Dev\Warewolf.Studio.Themes.Luna\Warewolf.Studio.Themes.Luna.csproj]
C:\Program Files\dotnet\sdk\10.0.201\Microsoft.Common.CurrentVersion.targets(2451,5): warning MSB3277:           Project file item includes which caused reference "C:\Users\ultra\.nuget\packages\extended.wpf.toolkit\4.4.0\lib\net5.0\Xceed.Wpf.Toolkit.NET5.dll". [C:\Users\ultra\warewolf\Dev\Warewolf.Studio.Themes.Luna\Warewolf.Studio.Themes.Luna.csproj]
C:\Program Files\dotnet\sdk\10.0.201\Microsoft.Common.CurrentVersion.targets(2451,5): warning MSB3277:             C:\Users\ultra\.nuget\packages\extended.wpf.toolkit\4.4.0\lib\net5.0\Xceed.Wpf.Toolkit.NET5.dll [C:\Users\ultra\warewolf\Dev\Warewolf.Studio.Themes.Luna\Warewolf.Studio.Themes.Luna.csproj]
C:\Program Files\dotnet\sdk\10.0.201\Microsoft.Common.CurrentVersion.targets(2451,5): warning MSB3277:         C:\Users\ultra\.nuget\packages\ironpython\3.4.0\lib\net6.0\IronPython.Wpf.dll [C:\Users\ultra\warewolf\Dev\Warewolf.Studio.Themes.Luna\Warewolf.Studio.Themes.Luna.csproj]
C:\Program Files\dotnet\sdk\10.0.201\Microsoft.Common.CurrentVersion.targets(2451,5): warning MSB3277:           Project file item includes which caused reference "C:\Users\ultra\.nuget\packages\ironpython\3.4.0\lib\net6.0\IronPython.Wpf.dll". [C:\Users\ultra\warewolf\Dev\Warewolf.Studio.Themes.Luna\Warewolf.Studio.Themes.Luna.csproj]
C:\Program Files\dotnet\sdk\10.0.201\Microsoft.Common.CurrentVersion.targets(2451,5): warning MSB3277:             C:\Users\ultra\.nuget\packages\ironpython\3.4.0\lib\net6.0\IronPython.Wpf.dll [C:\Users\ultra\warewolf\Dev\Warewolf.Studio.Themes.Luna\Warewolf.Studio.Themes.Luna.csproj]
C:\Program Files\dotnet\sdk\10.0.201\Microsoft.Common.CurrentVersion.targets(2451,5): warning MSB3277:         C:\Users\ultra\.nuget\packages\microsoft.xaml.behaviors.wpf\1.1.122\lib\net462\Microsoft.Xaml.Behaviors.dll [C:\Users\ultra\warewolf\Dev\Warewolf.Studio.Themes.Luna\Warewolf.Studio.Themes.Luna.csproj]
C:\Program Files\dotnet\sdk\10.0.201\Microsoft.Common.CurrentVersion.targets(2451,5): warning MSB3277:           Project file item includes which caused reference "C:\Users\ultra\.nuget\packages\microsoft.xaml.behaviors.wpf\1.1.122\lib\net462\Microsoft.Xaml.Behaviors.dll". [C:\Users\ultra\warewolf\Dev\Warewolf.Studio.Themes.Luna\Warewolf.Studio.Themes.Luna.csproj]
C:\Program Files\dotnet\sdk\10.0.201\Microsoft.Common.CurrentVersion.targets(2451,5): warning MSB3277:             C:\Users\ultra\.nuget\packages\microsoft.xaml.behaviors.wpf\1.1.122\lib\net462\Microsoft.Xaml.Behaviors.dll [C:\Users\ultra\warewolf\Dev\Warewolf.Studio.Themes.Luna\Warewolf.Studio.Themes.Luna.csproj]
C:\Program Files\dotnet\sdk\10.0.201\Microsoft.Common.CurrentVersion.targets(2451,5): warning MSB3277:             C:\Users\ultra\.nuget\packages\caliburn.micro\4.0.212\lib\netcoreapp3.1\Caliburn.Micro.Platform.dll [C:\Users\ultra\warewolf\Dev\Warewolf.Studio.Themes.Luna\Warewolf.Studio.Themes.Luna.csproj]
C:\Program Files\dotnet\sdk\10.0.201\Microsoft.Common.CurrentVersion.targets(2451,5): warning MSB3277:             C:\Users\ultra\.nuget\packages\prism.wpf\9.0.537\lib\net462\Prism.Wpf.dll [C:\Users\ultra\warewolf\Dev\Warewolf.Studio.Themes.Luna\Warewolf.Studio.Themes.Luna.csproj]
C:\Program Files\dotnet\sdk\10.0.201\Microsoft.Common.CurrentVersion.targets(2451,5): warning MSB3277:         C:\Users\ultra\.nuget\packages\prism.wpf\9.0.537\lib\net462\Prism.Wpf.dll [C:\Users\ultra\warewolf\Dev\Warewolf.Studio.Themes.Luna\Warewolf.Studio.Themes.Luna.csproj]
C:\Program Files\dotnet\sdk\10.0.201\Microsoft.Common.CurrentVersion.targets(2451,5): warning MSB3277:           Project file item includes which caused reference "C:\Users\ultra\.nuget\packages\prism.wpf\9.0.537\lib\net462\Prism.Wpf.dll". [C:\Users\ultra\warewolf\Dev\Warewolf.Studio.Themes.Luna\Warewolf.Studio.Themes.Luna.csproj]
C:\Program Files\dotnet\sdk\10.0.201\Microsoft.Common.CurrentVersion.targets(2451,5): warning MSB3277:             C:\Users\ultra\.nuget\packages\prism.wpf\9.0.537\lib\net462\Prism.Wpf.dll [C:\Users\ultra\warewolf\Dev\Warewolf.Studio.Themes.Luna\Warewolf.Studio.Themes.Luna.csproj]
C:\Program Files\dotnet\sdk\10.0.201\Microsoft.Common.CurrentVersion.targets(2451,5): warning MSB3277:         C:\Users\ultra\.nuget\packages\reactiveui.wpf\18.4.1\lib\net462\ReactiveUI.Wpf.dll [C:\Users\ultra\warewolf\Dev\Warewolf.Studio.Themes.Luna\Warewolf.Studio.Themes.Luna.csproj]
C:\Program Files\dotnet\sdk\10.0.201\Microsoft.Common.CurrentVersion.targets(2451,5): warning MSB3277:           Project file item includes which caused reference "C:\Users\ultra\.nuget\packages\reactiveui.wpf\18.4.1\lib\net462\ReactiveUI.Wpf.dll". [C:\Users\ultra\warewolf\Dev\Warewolf.Studio.Themes.Luna\Warewolf.Studio.Themes.Luna.csproj]
C:\Program Files\dotnet\sdk\10.0.201\Microsoft.Common.CurrentVersion.targets(2451,5): warning MSB3277:             C:\Users\ultra\.nuget\packages\reactiveui.wpf\18.4.1\lib\net462\ReactiveUI.Wpf.dll [C:\Users\ultra\warewolf\Dev\Warewolf.Studio.Themes.Luna\Warewolf.Studio.Themes.Luna.csproj]
C:\Program Files\dotnet\sdk\10.0.201\Microsoft.Common.CurrentVersion.targets(2451,5): warning MSB3277:         C:\Users\ultra\warewolf\Dev\Binaries\Infragistcs_Net6\InfragisticsWPF4.Undo.v15.1.dll [C:\Users\ultra\warewolf\Dev\Warewolf.Studio.Themes.Luna\Warewolf.Studio.Themes.Luna.csproj]
C:\Program Files\dotnet\sdk\10.0.201\Microsoft.Common.CurrentVersion.targets(2451,5): warning MSB3277:           Project file item includes which caused reference "C:\Users\ultra\warewolf\Dev\Binaries\Infragistcs_Net6\InfragisticsWPF4.Undo.v15.1.dll". [C:\Users\ultra\warewolf\Dev\Warewolf.Studio.Themes.Luna\Warewolf.Studio.Themes.Luna.csproj]
C:\Program Files\dotnet\sdk\10.0.201\Microsoft.Common.CurrentVersion.targets(2451,5): warning MSB3277:             InfragisticsWPF4.Controls.Editors.XamRichTextEditor.v15.1, Version=15.1.20151.2055, Culture=neutral, PublicKeyToken=7dd5c3163f2cd0cb, processorArchitecture=MSIL [C:\Users\ultra\warewolf\Dev\Warewolf.Studio.Themes.Luna\Warewolf.Studio.Themes.Luna.csproj]
C:\Program Files\dotnet\sdk\10.0.201\Microsoft.Common.CurrentVersion.targets(2451,5): warning MSB3277:             InfragisticsWPF4.Controls.Editors.XamSyntaxEditor.v15.1, Version=15.1.20151.2055, Culture=neutral, PublicKeyToken=7dd5c3163f2cd0cb, processorArchitecture=MSIL [C:\Users\ultra\warewolf\Dev\Warewolf.Studio.Themes.Luna\Warewolf.Studio.Themes.Luna.csproj]
C:\Program Files\dotnet\sdk\10.0.201\Microsoft.Common.CurrentVersion.targets(2451,5): warning MSB3277:             InfragisticsWPF4.Documents.RichTextDocument.v15.1, Version=15.1.20151.2055, Culture=neutral, PublicKeyToken=7dd5c3163f2cd0cb, processorArchitecture=MSIL [C:\Users\ultra\warewolf\Dev\Warewolf.Studio.Themes.Luna\Warewolf.Studio.Themes.Luna.csproj]
C:\Program Files\dotnet\sdk\10.0.201\Microsoft.Common.CurrentVersion.targets(2451,5): warning MSB3277:             InfragisticsWPF4.Documents.RichTextDocument.Html.v15.1, Version=15.1.20151.2055, Culture=neutral, PublicKeyToken=7dd5c3163f2cd0cb, processorArchitecture=MSIL [C:\Users\ultra\warewolf\Dev\Warewolf.Studio.Themes.Luna\Warewolf.Studio.Themes.Luna.csproj]
C:\Program Files\dotnet\sdk\10.0.201\Microsoft.Common.CurrentVersion.targets(2451,5): warning MSB3277:         C:\Users\ultra\warewolf\Dev\Binaries\Infragistcs_Net6\InfragisticsWPF4.Controls.Editors.XamDateTimeInput.v15.1.dll [C:\Users\ultra\warewolf\Dev\Warewolf.Studio.Themes.Luna\Warewolf.Studio.Themes.Luna.csproj]
C:\Program Files\dotnet\sdk\10.0.201\Microsoft.Common.CurrentVersion.targets(2451,5): warning MSB3277:           Project file item includes which caused reference "C:\Users\ultra\warewolf\Dev\Binaries\Infragistcs_Net6\InfragisticsWPF4.Controls.Editors.XamDateTimeInput.v15.1.dll". [C:\Users\ultra\warewolf\Dev\Warewolf.Studio.Themes.Luna\Warewolf.Studio.Themes.Luna.csproj]
C:\Program Files\dotnet\sdk\10.0.201\Microsoft.Common.CurrentVersion.targets(2451,5): warning MSB3277:             InfragisticsWPF4.Controls.Grids.DateTimeColumn.v15.1, Version=15.1.20151.2055, Culture=neutral, PublicKeyToken=7dd5c3163f2cd0cb, processorArchitecture=MSIL [C:\Users\ultra\warewolf\Dev\Warewolf.Studio.Themes.Luna\Warewolf.Studio.Themes.Luna.csproj]
C:\Program Files\dotnet\sdk\10.0.201\Microsoft.Common.CurrentVersion.targets(2451,5): warning MSB3277:         C:\Users\ultra\warewolf\Dev\Binaries\Infragistcs_Net6\InfragisticsWPF4.Controls.Editors.XamMaskedInput.v15.1.dll [C:\Users\ultra\warewolf\Dev\Warewolf.Studio.Themes.Luna\Warewolf.Studio.Themes.Luna.csproj]
C:\Program Files\dotnet\sdk\10.0.201\Microsoft.Common.CurrentVersion.targets(2451,5): warning MSB3277:           Project file item includes which caused reference "C:\Users\ultra\warewolf\Dev\Binaries\Infragistcs_Net6\InfragisticsWPF4.Controls.Editors.XamMaskedInput.v15.1.dll". [C:\Users\ultra\warewolf\Dev\Warewolf.Studio.Themes.Luna\Warewolf.Studio.Themes.Luna.csproj]
C:\Program Files\dotnet\sdk\10.0.201\Microsoft.Common.CurrentVersion.targets(2451,5): warning MSB3277:             InfragisticsWPF4.Controls.Grids.DateTimeColumn.v15.1, Version=15.1.20151.2055, Culture=neutral, PublicKeyToken=7dd5c3163f2cd0cb, processorArchitecture=MSIL [C:\Users\ultra\warewolf\Dev\Warewolf.Studio.Themes.Luna\Warewolf.Studio.Themes.Luna.csproj]
C:\Program Files\dotnet\sdk\10.0.201\Microsoft.Common.CurrentVersion.targets(2451,5): warning MSB3277:         C:\Users\ultra\warewolf\Dev\Binaries\Infragistcs_Net6\InfragisticsWPF4.DragDrop.v15.1.dll [C:\Users\ultra\warewolf\Dev\Warewolf.Studio.Themes.Luna\Warewolf.Studio.Themes.Luna.csproj]
C:\Program Files\dotnet\sdk\10.0.201\Microsoft.Common.CurrentVersion.targets(2451,5): warning MSB3277:           Project file item includes which caused reference "C:\Users\ultra\warewolf\Dev\Binaries\Infragistcs_Net6\InfragisticsWPF4.DragDrop.v15.1.dll". [C:\Users\ultra\warewolf\Dev\Warewolf.Studio.Themes.Luna\Warewolf.Studio.Themes.Luna.csproj]
C:\Program Files\dotnet\sdk\10.0.201\Microsoft.Common.CurrentVersion.targets(2451,5): warning MSB3277:             InfragisticsWPF4.Controls.Menus.XamDataTree.v15.1 [C:\Users\ultra\warewolf\Dev\Warewolf.Studio.Themes.Luna\Warewolf.Studio.Themes.Luna.csproj]
C:\Program Files\dotnet\sdk\10.0.201\Microsoft.Common.CurrentVersion.targets(2451,5): warning MSB3277:         C:\Users\ultra\warewolf\Dev\Binaries\Infragistcs_Net6\InfragisticsWPF4.Controls.Editors.XamCalendar.v15.1.dll [C:\Users\ultra\warewolf\Dev\Warewolf.Studio.Themes.Luna\Warewolf.Studio.Themes.Luna.csproj]
C:\Program Files\dotnet\sdk\10.0.201\Microsoft.Common.CurrentVersion.targets(2451,5): warning MSB3277:           Project file item includes which caused reference "C:\Users\ultra\warewolf\Dev\Binaries\Infragistcs_Net6\InfragisticsWPF4.Controls.Editors.XamCalendar.v15.1.dll". [C:\Users\ultra\warewolf\Dev\Warewolf.Studio.Themes.Luna\Warewolf.Studio.Themes.Luna.csproj]
C:\Program Files\dotnet\sdk\10.0.201\Microsoft.Common.CurrentVersion.targets(2451,5): warning MSB3277:             InfragisticsWPF4.Controls.Grids.DateTimeColumn.v15.1, Version=15.1.20151.2055, Culture=neutral, PublicKeyToken=7dd5c3163f2cd0cb, processorArchitecture=MSIL [C:\Users\ultra\warewolf\Dev\Warewolf.Studio.Themes.Luna\Warewolf.Studio.Themes.Luna.csproj]
C:\Program Files\dotnet\sdk\10.0.201\Microsoft.Common.CurrentVersion.targets(2451,5): warning MSB3277: Found conflicts between different versions of "System.IO.Packaging" that could not be resolved. [C:\Users\ultra\warewolf\Dev\Warewolf.Studio.Themes.Luna\Warewolf.Studio.Themes.Luna.csproj]
C:\Program Files\dotnet\sdk\10.0.201\Microsoft.Common.CurrentVersion.targets(2451,5): warning MSB3277: There was a conflict between "System.IO.Packaging, Version=6.0.0.0, Culture=neutral, PublicKeyToken=b03f5f7f11d50a3a" and "System.IO.Packaging, Version=7.0.0.0, Culture=neutral, PublicKeyToken=b03f5f7f11d50a3a". [C:\Users\ultra\warewolf\Dev\Warewolf.Studio.Themes.Luna\Warewolf.Studio.Themes.Luna.csproj]
C:\Program Files\dotnet\sdk\10.0.201\Microsoft.Common.CurrentVersion.targets(2451,5): warning MSB3277:     "System.IO.Packaging, Version=6.0.0.0, Culture=neutral, PublicKeyToken=b03f5f7f11d50a3a" was chosen because it was primary and "System.IO.Packaging, Version=7.0.0.0, Culture=neutral, PublicKeyToken=b03f5f7f11d50a3a" was not. [C:\Users\ultra\warewolf\Dev\Warewolf.Studio.Themes.Luna\Warewolf.Studio.Themes.Luna.csproj]
C:\Program Files\dotnet\sdk\10.0.201\Microsoft.Common.CurrentVersion.targets(2451,5): warning MSB3277:     References which depend on "System.IO.Packaging, Version=6.0.0.0, Culture=neutral, PublicKeyToken=b03f5f7f11d50a3a" [C:\Users\ultra\.nuget\packages\system.io.packaging\6.0.0\lib\net6.0\System.IO.Packaging.dll]. [C:\Users\ultra\warewolf\Dev\Warewolf.Studio.Themes.Luna\Warewolf.Studio.Themes.Luna.csproj]
C:\Program Files\dotnet\sdk\10.0.201\Microsoft.Common.CurrentVersion.targets(2451,5): warning MSB3277:         C:\Users\ultra\.nuget\packages\system.io.packaging\6.0.0\lib\net6.0\System.IO.Packaging.dll [C:\Users\ultra\warewolf\Dev\Warewolf.Studio.Themes.Luna\Warewolf.Studio.Themes.Luna.csproj]
C:\Program Files\dotnet\sdk\10.0.201\Microsoft.Common.CurrentVersion.targets(2451,5): warning MSB3277:           Project file item includes which caused reference "C:\Users\ultra\.nuget\packages\system.io.packaging\6.0.0\lib\net6.0\System.IO.Packaging.dll". [C:\Users\ultra\warewolf\Dev\Warewolf.Studio.Themes.Luna\Warewolf.Studio.Themes.Luna.csproj]
C:\Program Files\dotnet\sdk\10.0.201\Microsoft.Common.CurrentVersion.targets(2451,5): warning MSB3277:             C:\Users\ultra\.nuget\packages\system.io.packaging\6.0.0\lib\net6.0\System.IO.Packaging.dll [C:\Users\ultra\warewolf\Dev\Warewolf.Studio.Themes.Luna\Warewolf.Studio.Themes.Luna.csproj]
C:\Program Files\dotnet\sdk\10.0.201\Microsoft.Common.CurrentVersion.targets(2451,5): warning MSB3277:     References which depend on or have been unified to "System.IO.Packaging, Version=7.0.0.0, Culture=neutral, PublicKeyToken=b03f5f7f11d50a3a" []. [C:\Users\ultra\warewolf\Dev\Warewolf.Studio.Themes.Luna\Warewolf.Studio.Themes.Luna.csproj]
C:\Program Files\dotnet\sdk\10.0.201\Microsoft.Common.CurrentVersion.targets(2451,5): warning MSB3277:         C:\Users\ultra\warewolf\Dev\Binaries\Infragistcs_Net6\InfragisticsWPF4.Documents.RichTextDocument.v15.1.dll [C:\Users\ultra\warewolf\Dev\Warewolf.Studio.Themes.Luna\Warewolf.Studio.Themes.Luna.csproj]
C:\Program Files\dotnet\sdk\10.0.201\Microsoft.Common.CurrentVersion.targets(2451,5): warning MSB3277:           Project file item includes which caused reference "C:\Users\ultra\warewolf\Dev\Binaries\Infragistcs_Net6\InfragisticsWPF4.Documents.RichTextDocument.v15.1.dll". [C:\Users\ultra\warewolf\Dev\Warewolf.Studio.Themes.Luna\Warewolf.Studio.Themes.Luna.csproj]
C:\Program Files\dotnet\sdk\10.0.201\Microsoft.Common.CurrentVersion.targets(2451,5): warning MSB3277:             InfragisticsWPF4.Documents.RichTextDocument.v15.1, Version=15.1.20151.2055, Culture=neutral, PublicKeyToken=7dd5c3163f2cd0cb, processorArchitecture=MSIL [C:\Users\ultra\warewolf\Dev\Warewolf.Studio.Themes.Luna\Warewolf.Studio.Themes.Luna.csproj]
C:\Program Files\dotnet\sdk\10.0.201\Microsoft.Common.CurrentVersion.targets(2451,5): warning MSB3277:             InfragisticsWPF4.Controls.Editors.XamRichTextEditor.v15.1, Version=15.1.20151.2055, Culture=neutral, PublicKeyToken=7dd5c3163f2cd0cb, processorArchitecture=MSIL [C:\Users\ultra\warewolf\Dev\Warewolf.Studio.Themes.Luna\Warewolf.Studio.Themes.Luna.csproj]
C:\Program Files\dotnet\sdk\10.0.201\Microsoft.Common.CurrentVersion.targets(2451,5): warning MSB3277:             InfragisticsWPF4.Documents.RichTextDocument.Html.v15.1, Version=15.1.20151.2055, Culture=neutral, PublicKeyToken=7dd5c3163f2cd0cb, processorArchitecture=MSIL [C:\Users\ultra\warewolf\Dev\Warewolf.Studio.Themes.Luna\Warewolf.Studio.Themes.Luna.csproj]
C:\Program Files\dotnet\sdk\10.0.201\Microsoft.Common.CurrentVersion.targets(2451,5): warning MSB3277:         C:\Program Files\dotnet\packs\Microsoft.NETCore.App.Ref\8.0.25\ref\net8.0\WindowsBase.dll [C:\Users\ultra\warewolf\Dev\Warewolf.Studio.Themes.Luna\Warewolf.Studio.Themes.Luna.csproj]
C:\Program Files\dotnet\sdk\10.0.201\Microsoft.Common.CurrentVersion.targets(2451,5): warning MSB3277:           Project file item includes which caused reference "C:\Program Files\dotnet\packs\Microsoft.NETCore.App.Ref\8.0.25\ref\net8.0\WindowsBase.dll". [C:\Users\ultra\warewolf\Dev\Warewolf.Studio.Themes.Luna\Warewolf.Studio.Themes.Luna.csproj]
C:\Program Files\dotnet\sdk\10.0.201\Microsoft.Common.CurrentVersion.targets(2451,5): warning MSB3277:             C:\Program Files\dotnet\packs\Microsoft.NETCore.App.Ref\8.0.25\ref/net8.0/WindowsBase.dll [C:\Users\ultra\warewolf\Dev\Warewolf.Studio.Themes.Luna\Warewolf.Studio.Themes.Luna.csproj]
C:\Program Files\dotnet\sdk\10.0.201\Microsoft.Common.CurrentVersion.targets(2451,5): warning MSB3277:         C:\Users\ultra\warewolf\Dev\Binaries\Infragistcs_Net6\InfragisticsWPF4.Documents.Core.v15.1.dll [C:\Users\ultra\warewolf\Dev\Warewolf.Studio.Themes.Luna\Warewolf.Studio.Themes.Luna.csproj]
C:\Program Files\dotnet\sdk\10.0.201\Microsoft.Common.CurrentVersion.targets(2451,5): warning MSB3277:           Project file item includes which caused reference "C:\Users\ultra\warewolf\Dev\Binaries\Infragistcs_Net6\InfragisticsWPF4.Documents.Core.v15.1.dll". [C:\Users\ultra\warewolf\Dev\Warewolf.Studio.Themes.Luna\Warewolf.Studio.Themes.Luna.csproj]
C:\Program Files\dotnet\sdk\10.0.201\Microsoft.Common.CurrentVersion.targets(2451,5): warning MSB3277:             InfragisticsWPF4.Documents.RichTextDocument.Html.v15.1, Version=15.1.20151.2055, Culture=neutral, PublicKeyToken=7dd5c3163f2cd0cb, processorArchitecture=MSIL [C:\Users\ultra\warewolf\Dev\Warewolf.Studio.Themes.Luna\Warewolf.Studio.Themes.Luna.csproj]
C:\Program Files\dotnet\sdk\10.0.201\Microsoft.Common.CurrentVersion.targets(2451,5): warning MSB3277: Found conflicts between different versions of "System.Windows.Extensions" that could not be resolved. [C:\Users\ultra\warewolf\Dev\Warewolf.Studio.Themes.Luna\Warewolf.Studio.Themes.Luna.csproj]
C:\Program Files\dotnet\sdk\10.0.201\Microsoft.Common.CurrentVersion.targets(2451,5): warning MSB3277: There was a conflict between "System.Windows.Extensions, Version=6.0.0.0, Culture=neutral, PublicKeyToken=cc7b13ffcd2ddd51" and "System.Windows.Extensions, Version=7.0.0.0, Culture=neutral, PublicKeyToken=cc7b13ffcd2ddd51". [C:\Users\ultra\warewolf\Dev\Warewolf.Studio.Themes.Luna\Warewolf.Studio.Themes.Luna.csproj]
C:\Program Files\dotnet\sdk\10.0.201\Microsoft.Common.CurrentVersion.targets(2451,5): warning MSB3277:     "System.Windows.Extensions, Version=6.0.0.0, Culture=neutral, PublicKeyToken=cc7b13ffcd2ddd51" was chosen because it was primary and "System.Windows.Extensions, Version=7.0.0.0, Culture=neutral, PublicKeyToken=cc7b13ffcd2ddd51" was not. [C:\Users\ultra\warewolf\Dev\Warewolf.Studio.Themes.Luna\Warewolf.Studio.Themes.Luna.csproj]
C:\Program Files\dotnet\sdk\10.0.201\Microsoft.Common.CurrentVersion.targets(2451,5): warning MSB3277:     References which depend on "System.Windows.Extensions, Version=6.0.0.0, Culture=neutral, PublicKeyToken=cc7b13ffcd2ddd51" [C:\Users\ultra\.nuget\packages\system.windows.extensions\6.0.0\lib\net6.0\System.Windows.Extensions.dll]. [C:\Users\ultra\warewolf\Dev\Warewolf.Studio.Themes.Luna\Warewolf.Studio.Themes.Luna.csproj]
C:\Program Files\dotnet\sdk\10.0.201\Microsoft.Common.CurrentVersion.targets(2451,5): warning MSB3277:         C:\Users\ultra\.nuget\packages\system.windows.extensions\6.0.0\lib\net6.0\System.Windows.Extensions.dll [C:\Users\ultra\warewolf\Dev\Warewolf.Studio.Themes.Luna\Warewolf.Studio.Themes.Luna.csproj]
C:\Program Files\dotnet\sdk\10.0.201\Microsoft.Common.CurrentVersion.targets(2451,5): warning MSB3277:           Project file item includes which caused reference "C:\Users\ultra\.nuget\packages\system.windows.extensions\6.0.0\lib\net6.0\System.Windows.Extensions.dll". [C:\Users\ultra\warewolf\Dev\Warewolf.Studio.Themes.Luna\Warewolf.Studio.Themes.Luna.csproj]
C:\Program Files\dotnet\sdk\10.0.201\Microsoft.Common.CurrentVersion.targets(2451,5): warning MSB3277:             C:\Users\ultra\.nuget\packages\system.windows.extensions\6.0.0\lib\net6.0\System.Windows.Extensions.dll [C:\Users\ultra\warewolf\Dev\Warewolf.Studio.Themes.Luna\Warewolf.Studio.Themes.Luna.csproj]
C:\Program Files\dotnet\sdk\10.0.201\Microsoft.Common.CurrentVersion.targets(2451,5): warning MSB3277:     References which depend on or have been unified to "System.Windows.Extensions, Version=7.0.0.0, Culture=neutral, PublicKeyToken=cc7b13ffcd2ddd51" []. [C:\Users\ultra\warewolf\Dev\Warewolf.Studio.Themes.Luna\Warewolf.Studio.Themes.Luna.csproj]
C:\Program Files\dotnet\sdk\10.0.201\Microsoft.Common.CurrentVersion.targets(2451,5): warning MSB3277:         C:\Users\ultra\warewolf\Dev\Binaries\Infragistcs_Net6\InfragisticsWPF4.Editors.v15.1.dll [C:\Users\ultra\warewolf\Dev\Warewolf.Studio.Themes.Luna\Warewolf.Studio.Themes.Luna.csproj]
C:\Program Files\dotnet\sdk\10.0.201\Microsoft.Common.CurrentVersion.targets(2451,5): warning MSB3277:           Project file item includes which caused reference "C:\Users\ultra\warewolf\Dev\Binaries\Infragistcs_Net6\InfragisticsWPF4.Editors.v15.1.dll". [C:\Users\ultra\warewolf\Dev\Warewolf.Studio.Themes.Luna\Warewolf.Studio.Themes.Luna.csproj]
C:\Program Files\dotnet\sdk\10.0.201\Microsoft.Common.CurrentVersion.targets(2451,5): warning MSB3277:             InfragisticsWPF4.Editors.v15.1, Version=15.1.20151.2055, Culture=neutral, PublicKeyToken=7dd5c3163f2cd0cb, processorArchitecture=MSIL [C:\Users\ultra\warewolf\Dev\Warewolf.Studio.Themes.Luna\Warewolf.Studio.Themes.Luna.csproj]
C:\Program Files\dotnet\sdk\10.0.201\Microsoft.Common.CurrentVersion.targets(2451,5): warning MSB3277:             InfragisticsWPF4.DataPresenter.v15.1, Version=15.1.20151.2055, Culture=neutral, PublicKeyToken=7dd5c3163f2cd0cb, processorArchitecture=MSIL [C:\Users\ultra\warewolf\Dev\Warewolf.Studio.Themes.Luna\Warewolf.Studio.Themes.Luna.csproj]
C:\Program Files\dotnet\sdk\10.0.201\Microsoft.Common.CurrentVersion.targets(2451,5): warning MSB3277:         C:\Users\ultra\.nuget\packages\extended.wpf.toolkit\4.4.0\lib\net5.0\Xceed.Wpf.Toolkit.NET5.dll [C:\Users\ultra\warewolf\Dev\Warewolf.Studio.Themes.Luna\Warewolf.Studio.Themes.Luna.csproj]
C:\Program Files\dotnet\sdk\10.0.201\Microsoft.Common.CurrentVersion.targets(2451,5): warning MSB3277:           Project file item includes which caused reference "C:\Users\ultra\.nuget\packages\extended.wpf.toolkit\4.4.0\lib\net5.0\Xceed.Wpf.Toolkit.NET5.dll". [C:\Users\ultra\warewolf\Dev\Warewolf.Studio.Themes.Luna\Warewolf.Studio.Themes.Luna.csproj]
C:\Program Files\dotnet\sdk\10.0.201\Microsoft.Common.CurrentVersion.targets(2451,5): warning MSB3277:             C:\Users\ultra\.nuget\packages\extended.wpf.toolkit\4.4.0\lib\net5.0\Xceed.Wpf.Toolkit.NET5.dll [C:\Users\ultra\warewolf\Dev\Warewolf.Studio.Themes.Luna\Warewolf.Studio.Themes.Luna.csproj]
C:\Program Files\dotnet\sdk\10.0.201\Microsoft.Common.CurrentVersion.targets(2451,5): warning MSB3277:         C:\Users\ultra\.nuget\packages\system.security.permissions\6.0.0\lib\net6.0\System.Security.Permissions.dll [C:\Users\ultra\warewolf\Dev\Warewolf.Studio.Themes.Luna\Warewolf.Studio.Themes.Luna.csproj]
C:\Program Files\dotnet\sdk\10.0.201\Microsoft.Common.CurrentVersion.targets(2451,5): warning MSB3277:           Project file item includes which caused reference "C:\Users\ultra\.nuget\packages\system.security.permissions\6.0.0\lib\net6.0\System.Security.Permissions.dll". [C:\Users\ultra\warewolf\Dev\Warewolf.Studio.Themes.Luna\Warewolf.Studio.Themes.Luna.csproj]
C:\Program Files\dotnet\sdk\10.0.201\Microsoft.Common.CurrentVersion.targets(2451,5): warning MSB3277:             C:\Users\ultra\.nuget\packages\system.security.permissions\6.0.0\lib\net6.0\System.Security.Permissions.dll [C:\Users\ultra\warewolf\Dev\Warewolf.Studio.Themes.Luna\Warewolf.Studio.Themes.Luna.csproj]
C:\Program Files\dotnet\sdk\10.0.201\Microsoft.Common.CurrentVersion.targets(2451,5): warning MSB3277:         C:\Program Files\dotnet\packs\Microsoft.NETCore.App.Ref\8.0.25\ref\net8.0\System.Security.dll [C:\Users\ultra\warewolf\Dev\Warewolf.Studio.Themes.Luna\Warewolf.Studio.Themes.Luna.csproj]
C:\Program Files\dotnet\sdk\10.0.201\Microsoft.Common.CurrentVersion.targets(2451,5): warning MSB3277:           Project file item includes which caused reference "C:\Program Files\dotnet\packs\Microsoft.NETCore.App.Ref\8.0.25\ref\net8.0\System.Security.dll". [C:\Users\ultra\warewolf\Dev\Warewolf.Studio.Themes.Luna\Warewolf.Studio.Themes.Luna.csproj]
C:\Program Files\dotnet\sdk\10.0.201\Microsoft.Common.CurrentVersion.targets(2451,5): warning MSB3277:             C:\Program Files\dotnet\packs\Microsoft.NETCore.App.Ref\8.0.25\ref/net8.0/System.Security.dll [C:\Users\ultra\warewolf\Dev\Warewolf.Studio.Themes.Luna\Warewolf.Studio.Themes.Luna.csproj]
C:\Program Files\dotnet\sdk\10.0.201\Microsoft.Common.CurrentVersion.targets(2451,5): warning MSB3277:         C:\Program Files\dotnet\packs\Microsoft.NETCore.App.Ref\8.0.25\ref\net8.0\System.dll [C:\Users\ultra\warewolf\Dev\Warewolf.Studio.Themes.Luna\Warewolf.Studio.Themes.Luna.csproj]
C:\Program Files\dotnet\sdk\10.0.201\Microsoft.Common.CurrentVersion.targets(2451,5): warning MSB3277:           Project file item includes which caused reference "C:\Program Files\dotnet\packs\Microsoft.NETCore.App.Ref\8.0.25\ref\net8.0\System.dll". [C:\Users\ultra\warewolf\Dev\Warewolf.Studio.Themes.Luna\Warewolf.Studio.Themes.Luna.csproj]
C:\Program Files\dotnet\sdk\10.0.201\Microsoft.Common.CurrentVersion.targets(2451,5): warning MSB3277:             C:\Program Files\dotnet\packs\Microsoft.NETCore.App.Ref\8.0.25\ref/net8.0/System.dll [C:\Users\ultra\warewolf\Dev\Warewolf.Studio.Themes.Luna\Warewolf.Studio.Themes.Luna.csproj]
C:\Program Files\dotnet\sdk\10.0.201\Microsoft.Common.CurrentVersion.targets(2451,5): warning MSB3277:             C:\Users\ultra\.nuget\packages\aerowizard\2.3.1\lib\net45\AeroWizard.dll [C:\Users\ultra\warewolf\Dev\Warewolf.Studio.Themes.Luna\Warewolf.Studio.Themes.Luna.csproj]
C:\Program Files\dotnet\sdk\10.0.201\Microsoft.Common.CurrentVersion.targets(2451,5): warning MSB3277:             C:\Users\ultra\.nuget\packages\groupcontrols\1.9.0\lib\net45\GroupControls.dll [C:\Users\ultra\warewolf\Dev\Warewolf.Studio.Themes.Luna\Warewolf.Studio.Themes.Luna.csproj]
C:\Program Files\dotnet\sdk\10.0.201\Microsoft.Common.CurrentVersion.targets(2451,5): warning MSB3277:             C:\Users\ultra\.nuget\packages\microsoft.xaml.behaviors.wpf\1.1.122\lib\net462\Microsoft.Xaml.Behaviors.dll [C:\Users\ultra\warewolf\Dev\Warewolf.Studio.Themes.Luna\Warewolf.Studio.Themes.Luna.csproj]
C:\Program Files\dotnet\sdk\10.0.201\Microsoft.Common.CurrentVersion.targets(2451,5): warning MSB3277:             C:\Users\ultra\.nuget\packages\caliburn.micro\4.0.212\lib\netcoreapp3.1\Caliburn.Micro.Platform.dll [C:\Users\ultra\warewolf\Dev\Warewolf.Studio.Themes.Luna\Warewolf.Studio.Themes.Luna.csproj]
C:\Program Files\dotnet\sdk\10.0.201\Microsoft.Common.CurrentVersion.targets(2451,5): warning MSB3277:             C:\Users\ultra\.nuget\packages\prism.wpf\9.0.537\lib\net462\Prism.Wpf.dll [C:\Users\ultra\warewolf\Dev\Warewolf.Studio.Themes.Luna\Warewolf.Studio.Themes.Luna.csproj]
C:\Program Files\dotnet\sdk\10.0.201\Microsoft.Common.CurrentVersion.targets(2451,5): warning MSB3277:             C:\Users\ultra\.nuget\packages\reactiveui.wpf\18.4.1\lib\net462\ReactiveUI.Wpf.dll [C:\Users\ultra\warewolf\Dev\Warewolf.Studio.Themes.Luna\Warewolf.Studio.Themes.Luna.csproj]
C:\Program Files\dotnet\sdk\10.0.201\Microsoft.Common.CurrentVersion.targets(2451,5): warning MSB3277:             C:\Users\ultra\.nuget\packages\taskschedulereditor\2.10.1\lib\net452\Microsoft.Win32.TaskSchedulerEditor.dll [C:\Users\ultra\warewolf\Dev\Warewolf.Studio.Themes.Luna\Warewolf.Studio.Themes.Luna.csproj]
C:\Program Files\dotnet\sdk\10.0.201\Microsoft.Common.CurrentVersion.targets(2451,5): warning MSB3277:             C:\Users\ultra\.nuget\packages\ttcue.netcore.sharepointonline.csom.16.1.8029.1200\16.1.8029.1200\lib\netcoreapp2.0\Microsoft.SharePoint.Client.Runtime.Windows.dll [C:\Users\ultra\warewolf\Dev\Warewolf.Studio.Themes.Luna\Warewolf.Studio.Themes.Luna.csproj]
C:\Program Files\dotnet\sdk\10.0.201\Microsoft.Common.CurrentVersion.targets(2451,5): warning MSB3277:         C:\Users\ultra\warewolf\Dev\Binaries\Infragistcs_Net6\InfragisticsWPF4.Controls.Editors.XamMaskedInput.v15.1.dll [C:\Users\ultra\warewolf\Dev\Warewolf.Studio.Themes.Luna\Warewolf.Studio.Themes.Luna.csproj]
C:\Program Files\dotnet\sdk\10.0.201\Microsoft.Common.CurrentVersion.targets(2451,5): warning MSB3277:           Project file item includes which caused reference "C:\Users\ultra\warewolf\Dev\Binaries\Infragistcs_Net6\InfragisticsWPF4.Controls.Editors.XamMaskedInput.v15.1.dll". [C:\Users\ultra\warewolf\Dev\Warewolf.Studio.Themes.Luna\Warewolf.Studio.Themes.Luna.csproj]
C:\Program Files\dotnet\sdk\10.0.201\Microsoft.Common.CurrentVersion.targets(2451,5): warning MSB3277:             InfragisticsWPF4.Controls.Grids.DateTimeColumn.v15.1, Version=15.1.20151.2055, Culture=neutral, PublicKeyToken=7dd5c3163f2cd0cb, processorArchitecture=MSIL [C:\Users\ultra\warewolf\Dev\Warewolf.Studio.Themes.Luna\Warewolf.Studio.Themes.Luna.csproj]
  Consider app.config remapping of assembly "System.Data.SQLite, Culture=neutral, PublicKeyToken=db937bc2d44ff139" from Version "1.0.117.0" [] to Version "1.0.118.0" [C:\Users\ultra\.nuget\packages\stub.system.data.sqlite.core.netstandard\1.0.118\lib\netstandard2.1\System.Data.SQLite.dll] to solve conflict and get rid of warning.
  Warewolf.Trigger.Queue -> C:\Users\ultra\warewolf\Dev\Warewolf.Trigger.Queue\bin\Debug\net8.0\Warewolf.Trigger.Queue.dll
  Warewolf.Studio.Themes.Luna -> C:\Users\ultra\warewolf\Dev\Warewolf.Studio.Themes.Luna\bin\Debug\net8.0\Warewolf.Studio.Themes.Luna.dll
C:\Program Files\dotnet\sdk\10.0.201\Microsoft.Common.CurrentVersion.targets(2451,5): warning MSB3277: Found conflicts between different versions of "Microsoft.Win32.SystemEvents" that could not be resolved. [C:\Users\ultra\warewolf\Dev\Dev2.Activities.Designers\Dev2.Activities.Designers.csproj]
C:\Program Files\dotnet\sdk\10.0.201\Microsoft.Common.CurrentVersion.targets(2451,5): warning MSB3277: There was a conflict between "Microsoft.Win32.SystemEvents, Version=6.0.0.0, Culture=neutral, PublicKeyToken=cc7b13ffcd2ddd51" and "Microsoft.Win32.SystemEvents, Version=7.0.0.0, Culture=neutral, PublicKeyToken=cc7b13ffcd2ddd51". [C:\Users\ultra\warewolf\Dev\Dev2.Activities.Designers\Dev2.Activities.Designers.csproj]
C:\Program Files\dotnet\sdk\10.0.201\Microsoft.Common.CurrentVersion.targets(2451,5): warning MSB3277:     "Microsoft.Win32.SystemEvents, Version=6.0.0.0, Culture=neutral, PublicKeyToken=cc7b13ffcd2ddd51" was chosen because it was primary and "Microsoft.Win32.SystemEvents, Version=7.0.0.0, Culture=neutral, PublicKeyToken=cc7b13ffcd2ddd51" was not. [C:\Users\ultra\warewolf\Dev\Dev2.Activities.Designers\Dev2.Activities.Designers.csproj]
C:\Program Files\dotnet\sdk\10.0.201\Microsoft.Common.CurrentVersion.targets(2451,5): warning MSB3277:     References which depend on "Microsoft.Win32.SystemEvents, Version=6.0.0.0, Culture=neutral, PublicKeyToken=cc7b13ffcd2ddd51" [C:\Users\ultra\.nuget\packages\microsoft.win32.systemevents\6.0.0\lib\net6.0\Microsoft.Win32.SystemEvents.dll]. [C:\Users\ultra\warewolf\Dev\Dev2.Activities.Designers\Dev2.Activities.Designers.csproj]
C:\Program Files\dotnet\sdk\10.0.201\Microsoft.Common.CurrentVersion.targets(2451,5): warning MSB3277:         C:\Users\ultra\.nuget\packages\microsoft.win32.systemevents\6.0.0\lib\net6.0\Microsoft.Win32.SystemEvents.dll [C:\Users\ultra\warewolf\Dev\Dev2.Activities.Designers\Dev2.Activities.Designers.csproj]
C:\Program Files\dotnet\sdk\10.0.201\Microsoft.Common.CurrentVersion.targets(2451,5): warning MSB3277:           Project file item includes which caused reference "C:\Users\ultra\.nuget\packages\microsoft.win32.systemevents\6.0.0\lib\net6.0\Microsoft.Win32.SystemEvents.dll". [C:\Users\ultra\warewolf\Dev\Dev2.Activities.Designers\Dev2.Activities.Designers.csproj]
C:\Program Files\dotnet\sdk\10.0.201\Microsoft.Common.CurrentVersion.targets(2451,5): warning MSB3277:             C:\Users\ultra\.nuget\packages\microsoft.win32.systemevents\6.0.0\lib\net6.0\Microsoft.Win32.SystemEvents.dll [C:\Users\ultra\warewolf\Dev\Dev2.Activities.Designers\Dev2.Activities.Designers.csproj]
C:\Program Files\dotnet\sdk\10.0.201\Microsoft.Common.CurrentVersion.targets(2451,5): warning MSB3277:     References which depend on or have been unified to "Microsoft.Win32.SystemEvents, Version=7.0.0.0, Culture=neutral, PublicKeyToken=cc7b13ffcd2ddd51" []. [C:\Users\ultra\warewolf\Dev\Dev2.Activities.Designers\Dev2.Activities.Designers.csproj]
C:\Program Files\dotnet\sdk\10.0.201\Microsoft.Common.CurrentVersion.targets(2451,5): warning MSB3277:         C:\Users\ultra\warewolf\Dev\Dev2.Common\bin\Debug\net8.0\Dev2.Common.dll [C:\Users\ultra\warewolf\Dev\Dev2.Activities.Designers\Dev2.Activities.Designers.csproj]
C:\Program Files\dotnet\sdk\10.0.201\Microsoft.Common.CurrentVersion.targets(2451,5): warning MSB3277:           Project file item includes which caused reference "C:\Users\ultra\warewolf\Dev\Dev2.Common\bin\Debug\net8.0\Dev2.Common.dll". [C:\Users\ultra\warewolf\Dev\Dev2.Activities.Designers\Dev2.Activities.Designers.csproj]
C:\Program Files\dotnet\sdk\10.0.201\Microsoft.Common.CurrentVersion.targets(2451,5): warning MSB3277:             C:\Users\ultra\warewolf\Dev\Dev2.Common\bin\Debug\net8.0\Dev2.Common.dll [C:\Users\ultra\warewolf\Dev\Dev2.Activities.Designers\Dev2.Activities.Designers.csproj]
C:\Program Files\dotnet\sdk\10.0.201\Microsoft.Common.CurrentVersion.targets(2451,5): warning MSB3277:             C:\Users\ultra\warewolf\Dev\Dev2.Activities\bin\Debug\net8.0\Dev2.Activities.dll [C:\Users\ultra\warewolf\Dev\Dev2.Activities.Designers\Dev2.Activities.Designers.csproj]
C:\Program Files\dotnet\sdk\10.0.201\Microsoft.Common.CurrentVersion.targets(2451,5): warning MSB3277:             C:\Users\ultra\warewolf\Dev\Dev2.Core\bin\Debug\net8.0\Dev2.Core.dll [C:\Users\ultra\warewolf\Dev\Dev2.Activities.Designers\Dev2.Activities.Designers.csproj]
C:\Program Files\dotnet\sdk\10.0.201\Microsoft.Common.CurrentVersion.targets(2451,5): warning MSB3277:             C:\Users\ultra\warewolf\Dev\Dev2.Data\bin\Debug\net8.0\Dev2.Data.dll [C:\Users\ultra\warewolf\Dev\Dev2.Activities.Designers\Dev2.Activities.Designers.csproj]
C:\Program Files\dotnet\sdk\10.0.201\Microsoft.Common.CurrentVersion.targets(2451,5): warning MSB3277:             C:\Users\ultra\warewolf\Dev\Dev2.Diagnostics\bin\Debug\net8.0\Dev2.Diagnostics.dll [C:\Users\ultra\warewolf\Dev\Dev2.Activities.Designers\Dev2.Activities.Designers.csproj]
C:\Program Files\dotnet\sdk\10.0.201\Microsoft.Common.CurrentVersion.targets(2451,5): warning MSB3277:             C:\Users\ultra\warewolf\Dev\Dev2.Infrastructure\bin\Debug\net8.0\Dev2.Infrastructure.dll [C:\Users\ultra\warewolf\Dev\Dev2.Activities.Designers\Dev2.Activities.Designers.csproj]
C:\Program Files\dotnet\sdk\10.0.201\Microsoft.Common.CurrentVersion.targets(2451,5): warning MSB3277:             C:\Users\ultra\warewolf\Dev\Dev2.Intellisense\bin\Debug\net8.0\Dev2.Intellisense.dll [C:\Users\ultra\warewolf\Dev\Dev2.Activities.Designers\Dev2.Activities.Designers.csproj]
C:\Program Files\dotnet\sdk\10.0.201\Microsoft.Common.CurrentVersion.targets(2451,5): warning MSB3277:             C:\Users\ultra\warewolf\Dev\Dev2.Runtime.Services\bin\Debug\net8.0\Dev2.Runtime.Services.dll [C:\Users\ultra\warewolf\Dev\Dev2.Activities.Designers\Dev2.Activities.Designers.csproj]
C:\Program Files\dotnet\sdk\10.0.201\Microsoft.Common.CurrentVersion.targets(2451,5): warning MSB3277:             C:\Users\ultra\warewolf\Dev\Dev2.Studio.Core\bin\Debug\net8.0\Dev2.Studio.Core.dll [C:\Users\ultra\warewolf\Dev\Dev2.Activities.Designers\Dev2.Activities.Designers.csproj]
C:\Program Files\dotnet\sdk\10.0.201\Microsoft.Common.CurrentVersion.targets(2451,5): warning MSB3277:             C:\Users\ultra\warewolf\Dev\Dev2.Studio.Interfaces\bin\Debug\net8.0\Dev2.Studio.Interfaces.dll [C:\Users\ultra\warewolf\Dev\Dev2.Activities.Designers\Dev2.Activities.Designers.csproj]
C:\Program Files\dotnet\sdk\10.0.201\Microsoft.Common.CurrentVersion.targets(2451,5): warning MSB3277:             C:\Users\ultra\warewolf\Dev\Dev2.Util\bin\Debug\net8.0\Dev2.Util.dll [C:\Users\ultra\warewolf\Dev\Dev2.Activities.Designers\Dev2.Activities.Designers.csproj]
C:\Program Files\dotnet\sdk\10.0.201\Microsoft.Common.CurrentVersion.targets(2451,5): warning MSB3277:             C:\Users\ultra\warewolf\Dev\Warewolf.Storage\bin\Debug\net8.0\Warewolf.Storage.dll [C:\Users\ultra\warewolf\Dev\Dev2.Activities.Designers\Dev2.Activities.Designers.csproj]
C:\Program Files\dotnet\sdk\10.0.201\Microsoft.Common.CurrentVersion.targets(2451,5): warning MSB3277:             C:\Users\ultra\warewolf\Dev\Warewolf.Core\bin\Debug\net8.0\Warewolf.Core.dll [C:\Users\ultra\warewolf\Dev\Dev2.Activities.Designers\Dev2.Activities.Designers.csproj]
C:\Program Files\dotnet\sdk\10.0.201\Microsoft.Common.CurrentVersion.targets(2451,5): warning MSB3277:             C:\Users\ultra\warewolf\Dev\Warewolf.Studio.Core\bin\Debug\net8.0\Warewolf.Studio.Core.dll [C:\Users\ultra\warewolf\Dev\Dev2.Activities.Designers\Dev2.Activities.Designers.csproj]
C:\Program Files\dotnet\sdk\10.0.201\Microsoft.Common.CurrentVersion.targets(2451,5): warning MSB3277:             C:\Users\ultra\warewolf\Dev\Warewolf.Studio.CustomControls\bin\Debug\net8.0\Warewolf.Studio.CustomControls.dll [C:\Users\ultra\warewolf\Dev\Dev2.Activities.Designers\Dev2.Activities.Designers.csproj]
C:\Program Files\dotnet\sdk\10.0.201\Microsoft.Common.CurrentVersion.targets(2451,5): warning MSB3277:             C:\Users\ultra\warewolf\Dev\Warewolf.Studio.Models\bin\Debug\net8.0\Warewolf.Studio.Models.dll [C:\Users\ultra\warewolf\Dev\Dev2.Activities.Designers\Dev2.Activities.Designers.csproj]
C:\Program Files\dotnet\sdk\10.0.201\Microsoft.Common.CurrentVersion.targets(2451,5): warning MSB3277:             C:\Users\ultra\warewolf\Dev\Warewolf.UI\bin\Debug\net8.0\Warewolf.UI.dll [C:\Users\ultra\warewolf\Dev\Dev2.Activities.Designers\Dev2.Activities.Designers.csproj]
C:\Program Files\dotnet\sdk\10.0.201\Microsoft.Common.CurrentVersion.targets(2451,5): warning MSB3277:             C:\Users\ultra\warewolf\Dev\Dev2.Development.Languages\bin\Debug\net8.0\Dev2.Development.Languages.dll [C:\Users\ultra\warewolf\Dev\Dev2.Activities.Designers\Dev2.Activities.Designers.csproj]
C:\Program Files\dotnet\sdk\10.0.201\Microsoft.Common.CurrentVersion.targets(2451,5): warning MSB3277:             C:\Users\ultra\warewolf\Dev\Dev2.Scheduler\bin\Debug\net8.0\Dev2.Scheduler.dll [C:\Users\ultra\warewolf\Dev\Dev2.Activities.Designers\Dev2.Activities.Designers.csproj]
C:\Program Files\dotnet\sdk\10.0.201\Microsoft.Common.CurrentVersion.targets(2451,5): warning MSB3277:             C:\Users\ultra\warewolf\Dev\Dev2.Services.Execution\bin\Debug\net8.0\Dev2.Services.Execution.dll [C:\Users\ultra\warewolf\Dev\Dev2.Activities.Designers\Dev2.Activities.Designers.csproj]
C:\Program Files\dotnet\sdk\10.0.201\Microsoft.Common.CurrentVersion.targets(2451,5): warning MSB3277:             C:\Users\ultra\warewolf\Dev\Dev2.Services.Sql\bin\Debug\net8.0\Dev2.Services.Sql.dll [C:\Users\ultra\warewolf\Dev\Dev2.Activities.Designers\Dev2.Activities.Designers.csproj]
C:\Program Files\dotnet\sdk\10.0.201\Microsoft.Common.CurrentVersion.targets(2451,5): warning MSB3277:             C:\Users\ultra\warewolf\Dev\Dev2.TaskScheduler.Wrappers\bin\Debug\net8.0\Dev2.TaskScheduler.Wrappers.dll [C:\Users\ultra\warewolf\Dev\Dev2.Activities.Designers\Dev2.Activities.Designers.csproj]
C:\Program Files\dotnet\sdk\10.0.201\Microsoft.Common.CurrentVersion.targets(2451,5): warning MSB3277:             C:\Users\ultra\warewolf\Dev\Warewolf.AI.Harness\bin\Debug\net8.0\Warewolf.AI.Harness.dll [C:\Users\ultra\warewolf\Dev\Dev2.Activities.Designers\Dev2.Activities.Designers.csproj]
C:\Program Files\dotnet\sdk\10.0.201\Microsoft.Common.CurrentVersion.targets(2451,5): warning MSB3277:             C:\Users\ultra\warewolf\Dev\Warewolf.Auditing\bin\Debug\net8.0\Warewolf.Auditing.dll [C:\Users\ultra\warewolf\Dev\Dev2.Activities.Designers\Dev2.Activities.Designers.csproj]
C:\Program Files\dotnet\sdk\10.0.201\Microsoft.Common.CurrentVersion.targets(2451,5): warning MSB3277:             C:\Users\ultra\warewolf\Dev\Warewolf.Common.NetStandard20\bin\Debug\net8.0\Warewolf.Common.NetStandard20.dll [C:\Users\ultra\warewolf\Dev\Dev2.Activities.Designers\Dev2.Activities.Designers.csproj]
C:\Program Files\dotnet\sdk\10.0.201\Microsoft.Common.CurrentVersion.targets(2451,5): warning MSB3277:             C:\Users\ultra\warewolf\Dev\Warewolf.Driver.Persistence\bin\Debug\net8.0\Warewolf.Driver.Persistence.dll [C:\Users\ultra\warewolf\Dev\Dev2.Activities.Designers\Dev2.Activities.Designers.csproj]
C:\Program Files\dotnet\sdk\10.0.201\Microsoft.Common.CurrentVersion.targets(2451,5): warning MSB3277:             C:\Users\ultra\warewolf\Dev\Warewolf.Driver.Serilog\bin\Debug\net8.0\Warewolf.Driver.Serilog.dll [C:\Users\ultra\warewolf\Dev\Dev2.Activities.Designers\Dev2.Activities.Designers.csproj]
C:\Program Files\dotnet\sdk\10.0.201\Microsoft.Common.CurrentVersion.targets(2451,5): warning MSB3277:             C:\Users\ultra\warewolf\Dev\Warewolf.Exchange.Email.Wrapper\bin\Debug\net8.0\Warewolf.Exchange.Email.Wrapper.dll [C:\Users\ultra\warewolf\Dev\Dev2.Activities.Designers\Dev2.Activities.Designers.csproj]
C:\Program Files\dotnet\sdk\10.0.201\Microsoft.Common.CurrentVersion.targets(2451,5): warning MSB3277:             C:\Users\ultra\warewolf\Dev\Warewolf.ResourceManagement\bin\Debug\net8.0\Warewolf.ResourceManagement.dll [C:\Users\ultra\warewolf\Dev\Dev2.Activities.Designers\Dev2.Activities.Designers.csproj]
C:\Program Files\dotnet\sdk\10.0.201\Microsoft.Common.CurrentVersion.targets(2451,5): warning MSB3277:             C:\Users\ultra\warewolf\Dev\Warewolf.Sharepoint\bin\Debug\net8.0\Warewolf.Sharepoint.dll [C:\Users\ultra\warewolf\Dev\Dev2.Activities.Designers\Dev2.Activities.Designers.csproj]
C:\Program Files\dotnet\sdk\10.0.201\Microsoft.Common.CurrentVersion.targets(2451,5): warning MSB3277:         C:\Users\ultra\warewolf\Dev\Binaries\Infragistcs_Net6\InfragisticsWPF4.Editors.v15.1.dll [C:\Users\ultra\warewolf\Dev\Dev2.Activities.Designers\Dev2.Activities.Designers.csproj]
C:\Program Files\dotnet\sdk\10.0.201\Microsoft.Common.CurrentVersion.targets(2451,5): warning MSB3277:           Project file item includes which caused reference "C:\Users\ultra\warewolf\Dev\Binaries\Infragistcs_Net6\InfragisticsWPF4.Editors.v15.1.dll". [C:\Users\ultra\warewolf\Dev\Dev2.Activities.Designers\Dev2.Activities.Designers.csproj]
C:\Program Files\dotnet\sdk\10.0.201\Microsoft.Common.CurrentVersion.targets(2451,5): warning MSB3277:             InfragisticsWPF4.Editors.v15.1, Version=15.1.20151.2055, Culture=neutral, processorArchitecture=MSIL [C:\Users\ultra\warewolf\Dev\Dev2.Activities.Designers\Dev2.Activities.Designers.csproj]
C:\Program Files\dotnet\sdk\10.0.201\Microsoft.Common.CurrentVersion.targets(2451,5): warning MSB3277:         C:\Users\ultra\warewolf\Dev\Binaries\Infragistcs_Net6\InfragisticsWPF4.v15.1.dll [C:\Users\ultra\warewolf\Dev\Dev2.Activities.Designers\Dev2.Activities.Designers.csproj]
C:\Program Files\dotnet\sdk\10.0.201\Microsoft.Common.CurrentVersion.targets(2451,5): warning MSB3277:           Project file item includes which caused reference "C:\Users\ultra\warewolf\Dev\Binaries\Infragistcs_Net6\InfragisticsWPF4.v15.1.dll". [C:\Users\ultra\warewolf\Dev\Dev2.Activities.Designers\Dev2.Activities.Designers.csproj]
C:\Program Files\dotnet\sdk\10.0.201\Microsoft.Common.CurrentVersion.targets(2451,5): warning MSB3277:             InfragisticsWPF4.v15.1, Version=15.1.20151.2055, Culture=neutral, PublicKeyToken=7dd5c3163f2cd0cb, processorArchitecture=MSIL [C:\Users\ultra\warewolf\Dev\Dev2.Activities.Designers\Dev2.Activities.Designers.csproj]
C:\Program Files\dotnet\sdk\10.0.201\Microsoft.Common.CurrentVersion.targets(2451,5): warning MSB3277:             InfragisticsWPF4.Controls.Editors.XamComboEditor.v15.1, Version=15.1.20151.2055, Culture=neutral, processorArchitecture=MSIL [C:\Users\ultra\warewolf\Dev\Dev2.Activities.Designers\Dev2.Activities.Designers.csproj]
C:\Program Files\dotnet\sdk\10.0.201\Microsoft.Common.CurrentVersion.targets(2451,5): warning MSB3277:             InfragisticsWPF4.Controls.Grids.XamGrid.v15.1 [C:\Users\ultra\warewolf\Dev\Dev2.Activities.Designers\Dev2.Activities.Designers.csproj]
C:\Program Files\dotnet\sdk\10.0.201\Microsoft.Common.CurrentVersion.targets(2451,5): warning MSB3277:             InfragisticsWPF4.Controls.Interactions.XamDialogWindow.v15.1, Version=15.1.20151.2055, Culture=neutral, PublicKeyToken=7dd5c3163f2cd0cb, processorArchitecture=MSIL [C:\Users\ultra\warewolf\Dev\Dev2.Activities.Designers\Dev2.Activities.Designers.csproj]
C:\Program Files\dotnet\sdk\10.0.201\Microsoft.Common.CurrentVersion.targets(2451,5): warning MSB3277:             InfragisticsWPF4.Controls.Menus.XamDataTree.v15.1 [C:\Users\ultra\warewolf\Dev\Dev2.Activities.Designers\Dev2.Activities.Designers.csproj]
C:\Program Files\dotnet\sdk\10.0.201\Microsoft.Common.CurrentVersion.targets(2451,5): warning MSB3277:             InfragisticsWPF4.Controls.Menus.XamMenu.v15.1, Version=15.1.20151.2055, Culture=neutral, processorArchitecture=MSIL [C:\Users\ultra\warewolf\Dev\Dev2.Activities.Designers\Dev2.Activities.Designers.csproj]
C:\Program Files\dotnet\sdk\10.0.201\Microsoft.Common.CurrentVersion.targets(2451,5): warning MSB3277:             InfragisticsWPF4.DataManager.v15.1, Version=15.1.20151.2188, Culture=neutral, PublicKeyToken=7dd5c3163f2cd0cb, processorArchitecture=MSIL [C:\Users\ultra\warewolf\Dev\Dev2.Activities.Designers\Dev2.Activities.Designers.csproj]
C:\Program Files\dotnet\sdk\10.0.201\Microsoft.Common.CurrentVersion.targets(2451,5): warning MSB3277:             InfragisticsWPF4.Editors.v15.1, Version=15.1.20151.2055, Culture=neutral, processorArchitecture=MSIL [C:\Users\ultra\warewolf\Dev\Dev2.Activities.Designers\Dev2.Activities.Designers.csproj]
C:\Program Files\dotnet\sdk\10.0.201\Microsoft.Common.CurrentVersion.targets(2451,5): warning MSB3277:         C:\Users\ultra\.nuget\packages\timespan2\2.4.2\lib\netcoreapp3.1\TimeSpan2.dll [C:\Users\ultra\warewolf\Dev\Dev2.Activities.Designers\Dev2.Activities.Designers.csproj]
C:\Program Files\dotnet\sdk\10.0.201\Microsoft.Common.CurrentVersion.targets(2451,5): warning MSB3277:           Project file item includes which caused reference "C:\Users\ultra\.nuget\packages\timespan2\2.4.2\lib\netcoreapp3.1\TimeSpan2.dll". [C:\Users\ultra\warewolf\Dev\Dev2.Activities.Designers\Dev2.Activities.Designers.csproj]
C:\Program Files\dotnet\sdk\10.0.201\Microsoft.Common.CurrentVersion.targets(2451,5): warning MSB3277:             C:\Users\ultra\.nuget\packages\timespan2\2.4.2\lib\netcoreapp3.1\TimeSpan2.dll [C:\Users\ultra\warewolf\Dev\Dev2.Activities.Designers\Dev2.Activities.Designers.csproj]
C:\Program Files\dotnet\sdk\10.0.201\Microsoft.Common.CurrentVersion.targets(2451,5): warning MSB3277:             C:\Users\ultra\.nuget\packages\taskschedulereditor\2.10.1\lib\net452\Microsoft.Win32.TaskSchedulerEditor.dll [C:\Users\ultra\warewolf\Dev\Dev2.Activities.Designers\Dev2.Activities.Designers.csproj]
C:\Program Files\dotnet\sdk\10.0.201\Microsoft.Common.CurrentVersion.targets(2451,5): warning MSB3277:         C:\Program Files\dotnet\packs\Microsoft.NETCore.App.Ref\8.0.25\ref\net8.0\System.dll [C:\Users\ultra\warewolf\Dev\Dev2.Activities.Designers\Dev2.Activities.Designers.csproj]
C:\Program Files\dotnet\sdk\10.0.201\Microsoft.Common.CurrentVersion.targets(2451,5): warning MSB3277:           Project file item includes which caused reference "C:\Program Files\dotnet\packs\Microsoft.NETCore.App.Ref\8.0.25\ref\net8.0\System.dll". [C:\Users\ultra\warewolf\Dev\Dev2.Activities.Designers\Dev2.Activities.Designers.csproj]
C:\Program Files\dotnet\sdk\10.0.201\Microsoft.Common.CurrentVersion.targets(2451,5): warning MSB3277:             C:\Program Files\dotnet\packs\Microsoft.NETCore.App.Ref\8.0.25\ref/net8.0/System.dll [C:\Users\ultra\warewolf\Dev\Dev2.Activities.Designers\Dev2.Activities.Designers.csproj]
C:\Program Files\dotnet\sdk\10.0.201\Microsoft.Common.CurrentVersion.targets(2451,5): warning MSB3277:             C:\Users\ultra\.nuget\packages\aerowizard\2.3.1\lib\net45\AeroWizard.dll [C:\Users\ultra\warewolf\Dev\Dev2.Activities.Designers\Dev2.Activities.Designers.csproj]
C:\Program Files\dotnet\sdk\10.0.201\Microsoft.Common.CurrentVersion.targets(2451,5): warning MSB3277:             C:\Users\ultra\.nuget\packages\groupcontrols\1.9.0\lib\net45\GroupControls.dll [C:\Users\ultra\warewolf\Dev\Dev2.Activities.Designers\Dev2.Activities.Designers.csproj]
C:\Program Files\dotnet\sdk\10.0.201\Microsoft.Common.CurrentVersion.targets(2451,5): warning MSB3277:             C:\Users\ultra\.nuget\packages\microsoft.xaml.behaviors.wpf\1.1.122\lib\net462\Microsoft.Xaml.Behaviors.dll [C:\Users\ultra\warewolf\Dev\Dev2.Activities.Designers\Dev2.Activities.Designers.csproj]
C:\Program Files\dotnet\sdk\10.0.201\Microsoft.Common.CurrentVersion.targets(2451,5): warning MSB3277:             C:\Users\ultra\.nuget\packages\caliburn.micro\4.0.212\lib\netcoreapp3.1\Caliburn.Micro.Platform.dll [C:\Users\ultra\warewolf\Dev\Dev2.Activities.Designers\Dev2.Activities.Designers.csproj]
C:\Program Files\dotnet\sdk\10.0.201\Microsoft.Common.CurrentVersion.targets(2451,5): warning MSB3277:             C:\Users\ultra\.nuget\packages\prism.wpf\9.0.537\lib\net462\Prism.Wpf.dll [C:\Users\ultra\warewolf\Dev\Dev2.Activities.Designers\Dev2.Activities.Designers.csproj]
C:\Program Files\dotnet\sdk\10.0.201\Microsoft.Common.CurrentVersion.targets(2451,5): warning MSB3277:             C:\Users\ultra\.nuget\packages\reactiveui.wpf\18.4.1\lib\net462\ReactiveUI.Wpf.dll [C:\Users\ultra\warewolf\Dev\Dev2.Activities.Designers\Dev2.Activities.Designers.csproj]
C:\Program Files\dotnet\sdk\10.0.201\Microsoft.Common.CurrentVersion.targets(2451,5): warning MSB3277:             C:\Users\ultra\.nuget\packages\taskschedulereditor\2.10.1\lib\net452\Microsoft.Win32.TaskSchedulerEditor.dll [C:\Users\ultra\warewolf\Dev\Dev2.Activities.Designers\Dev2.Activities.Designers.csproj]
C:\Program Files\dotnet\sdk\10.0.201\Microsoft.Common.CurrentVersion.targets(2451,5): warning MSB3277:             C:\Users\ultra\.nuget\packages\ttcue.netcore.sharepointonline.csom.16.1.8029.1200\16.1.8029.1200\lib\netcoreapp2.0\Microsoft.SharePoint.Client.Runtime.Windows.dll [C:\Users\ultra\warewolf\Dev\Dev2.Activities.Designers\Dev2.Activities.Designers.csproj]
C:\Program Files\dotnet\sdk\10.0.201\Microsoft.Common.CurrentVersion.targets(2451,5): warning MSB3277: Found conflicts between different versions of "System.Security.Permissions" that could not be resolved. [C:\Users\ultra\warewolf\Dev\Dev2.Activities.Designers\Dev2.Activities.Designers.csproj]
C:\Program Files\dotnet\sdk\10.0.201\Microsoft.Common.CurrentVersion.targets(2451,5): warning MSB3277: There was a conflict between "System.Security.Permissions, Version=6.0.0.0, Culture=neutral, PublicKeyToken=cc7b13ffcd2ddd51" and "System.Security.Permissions, Version=7.0.0.0, Culture=neutral, PublicKeyToken=cc7b13ffcd2ddd51". [C:\Users\ultra\warewolf\Dev\Dev2.Activities.Designers\Dev2.Activities.Designers.csproj]
C:\Program Files\dotnet\sdk\10.0.201\Microsoft.Common.CurrentVersion.targets(2451,5): warning MSB3277:     "System.Security.Permissions, Version=6.0.0.0, Culture=neutral, PublicKeyToken=cc7b13ffcd2ddd51" was chosen because it was primary and "System.Security.Permissions, Version=7.0.0.0, Culture=neutral, PublicKeyToken=cc7b13ffcd2ddd51" was not. [C:\Users\ultra\warewolf\Dev\Dev2.Activities.Designers\Dev2.Activities.Designers.csproj]
C:\Program Files\dotnet\sdk\10.0.201\Microsoft.Common.CurrentVersion.targets(2451,5): warning MSB3277:     References which depend on "System.Security.Permissions, Version=6.0.0.0, Culture=neutral, PublicKeyToken=cc7b13ffcd2ddd51" [C:\Users\ultra\.nuget\packages\system.security.permissions\6.0.0\lib\net6.0\System.Security.Permissions.dll]. [C:\Users\ultra\warewolf\Dev\Dev2.Activities.Designers\Dev2.Activities.Designers.csproj]
C:\Program Files\dotnet\sdk\10.0.201\Microsoft.Common.CurrentVersion.targets(2451,5): warning MSB3277:         C:\Users\ultra\.nuget\packages\system.security.permissions\6.0.0\lib\net6.0\System.Security.Permissions.dll [C:\Users\ultra\warewolf\Dev\Dev2.Activities.Designers\Dev2.Activities.Designers.csproj]
C:\Program Files\dotnet\sdk\10.0.201\Microsoft.Common.CurrentVersion.targets(2451,5): warning MSB3277:           Project file item includes which caused reference "C:\Users\ultra\.nuget\packages\system.security.permissions\6.0.0\lib\net6.0\System.Security.Permissions.dll". [C:\Users\ultra\warewolf\Dev\Dev2.Activities.Designers\Dev2.Activities.Designers.csproj]
C:\Program Files\dotnet\sdk\10.0.201\Microsoft.Common.CurrentVersion.targets(2451,5): warning MSB3277:             C:\Users\ultra\.nuget\packages\system.security.permissions\6.0.0\lib\net6.0\System.Security.Permissions.dll [C:\Users\ultra\warewolf\Dev\Dev2.Activities.Designers\Dev2.Activities.Designers.csproj]
C:\Program Files\dotnet\sdk\10.0.201\Microsoft.Common.CurrentVersion.targets(2451,5): warning MSB3277:     References which depend on or have been unified to "System.Security.Permissions, Version=7.0.0.0, Culture=neutral, PublicKeyToken=cc7b13ffcd2ddd51" []. [C:\Users\ultra\warewolf\Dev\Dev2.Activities.Designers\Dev2.Activities.Designers.csproj]
C:\Program Files\dotnet\sdk\10.0.201\Microsoft.Common.CurrentVersion.targets(2451,5): warning MSB3277:         C:\Users\ultra\warewolf\Dev\Dev2.Data\bin\Debug\net8.0\Dev2.Data.dll [C:\Users\ultra\warewolf\Dev\Dev2.Activities.Designers\Dev2.Activities.Designers.csproj]
C:\Program Files\dotnet\sdk\10.0.201\Microsoft.Common.CurrentVersion.targets(2451,5): warning MSB3277:           Project file item includes which caused reference "C:\Users\ultra\warewolf\Dev\Dev2.Data\bin\Debug\net8.0\Dev2.Data.dll". [C:\Users\ultra\warewolf\Dev\Dev2.Activities.Designers\Dev2.Activities.Designers.csproj]
C:\Program Files\dotnet\sdk\10.0.201\Microsoft.Common.CurrentVersion.targets(2451,5): warning MSB3277:             C:\Users\ultra\warewolf\Dev\Dev2.Data\bin\Debug\net8.0\Dev2.Data.dll [C:\Users\ultra\warewolf\Dev\Dev2.Activities.Designers\Dev2.Activities.Designers.csproj]
C:\Program Files\dotnet\sdk\10.0.201\Microsoft.Common.CurrentVersion.targets(2451,5): warning MSB3277:             C:\Users\ultra\warewolf\Dev\Dev2.Activities\bin\Debug\net8.0\Dev2.Activities.dll [C:\Users\ultra\warewolf\Dev\Dev2.Activities.Designers\Dev2.Activities.Designers.csproj]
C:\Program Files\dotnet\sdk\10.0.201\Microsoft.Common.CurrentVersion.targets(2451,5): warning MSB3277:             C:\Users\ultra\warewolf\Dev\Dev2.Core\bin\Debug\net8.0\Dev2.Core.dll [C:\Users\ultra\warewolf\Dev\Dev2.Activities.Designers\Dev2.Activities.Designers.csproj]
C:\Program Files\dotnet\sdk\10.0.201\Microsoft.Common.CurrentVersion.targets(2451,5): warning MSB3277:             C:\Users\ultra\warewolf\Dev\Dev2.Intellisense\bin\Debug\net8.0\Dev2.Intellisense.dll [C:\Users\ultra\warewolf\Dev\Dev2.Activities.Designers\Dev2.Activities.Designers.csproj]
C:\Program Files\dotnet\sdk\10.0.201\Microsoft.Common.CurrentVersion.targets(2451,5): warning MSB3277:             C:\Users\ultra\warewolf\Dev\Dev2.Runtime.Services\bin\Debug\net8.0\Dev2.Runtime.Services.dll [C:\Users\ultra\warewolf\Dev\Dev2.Activities.Designers\Dev2.Activities.Designers.csproj]
C:\Program Files\dotnet\sdk\10.0.201\Microsoft.Common.CurrentVersion.targets(2451,5): warning MSB3277:             C:\Users\ultra\warewolf\Dev\Dev2.Studio.Core\bin\Debug\net8.0\Dev2.Studio.Core.dll [C:\Users\ultra\warewolf\Dev\Dev2.Activities.Designers\Dev2.Activities.Designers.csproj]
C:\Program Files\dotnet\sdk\10.0.201\Microsoft.Common.CurrentVersion.targets(2451,5): warning MSB3277:             C:\Users\ultra\warewolf\Dev\Dev2.Studio.Interfaces\bin\Debug\net8.0\Dev2.Studio.Interfaces.dll [C:\Users\ultra\warewolf\Dev\Dev2.Activities.Designers\Dev2.Activities.Designers.csproj]
C:\Program Files\dotnet\sdk\10.0.201\Microsoft.Common.CurrentVersion.targets(2451,5): warning MSB3277:             C:\Users\ultra\warewolf\Dev\Warewolf.Core\bin\Debug\net8.0\Warewolf.Core.dll [C:\Users\ultra\warewolf\Dev\Dev2.Activities.Designers\Dev2.Activities.Designers.csproj]
C:\Program Files\dotnet\sdk\10.0.201\Microsoft.Common.CurrentVersion.targets(2451,5): warning MSB3277:             C:\Users\ultra\warewolf\Dev\Warewolf.Studio.Core\bin\Debug\net8.0\Warewolf.Studio.Core.dll [C:\Users\ultra\warewolf\Dev\Dev2.Activities.Designers\Dev2.Activities.Designers.csproj]
C:\Program Files\dotnet\sdk\10.0.201\Microsoft.Common.CurrentVersion.targets(2451,5): warning MSB3277:             C:\Users\ultra\warewolf\Dev\Warewolf.Studio.CustomControls\bin\Debug\net8.0\Warewolf.Studio.CustomControls.dll [C:\Users\ultra\warewolf\Dev\Dev2.Activities.Designers\Dev2.Activities.Designers.csproj]
C:\Program Files\dotnet\sdk\10.0.201\Microsoft.Common.CurrentVersion.targets(2451,5): warning MSB3277:             C:\Users\ultra\warewolf\Dev\Warewolf.Studio.Models\bin\Debug\net8.0\Warewolf.Studio.Models.dll [C:\Users\ultra\warewolf\Dev\Dev2.Activities.Designers\Dev2.Activities.Designers.csproj]
C:\Program Files\dotnet\sdk\10.0.201\Microsoft.Common.CurrentVersion.targets(2451,5): warning MSB3277:             C:\Users\ultra\warewolf\Dev\Warewolf.UI\bin\Debug\net8.0\Warewolf.UI.dll [C:\Users\ultra\warewolf\Dev\Dev2.Activities.Designers\Dev2.Activities.Designers.csproj]
C:\Program Files\dotnet\sdk\10.0.201\Microsoft.Common.CurrentVersion.targets(2451,5): warning MSB3277:             C:\Users\ultra\warewolf\Dev\Dev2.Scheduler\bin\Debug\net8.0\Dev2.Scheduler.dll [C:\Users\ultra\warewolf\Dev\Dev2.Activities.Designers\Dev2.Activities.Designers.csproj]
C:\Program Files\dotnet\sdk\10.0.201\Microsoft.Common.CurrentVersion.targets(2451,5): warning MSB3277:             C:\Users\ultra\warewolf\Dev\Dev2.Services.Execution\bin\Debug\net8.0\Dev2.Services.Execution.dll [C:\Users\ultra\warewolf\Dev\Dev2.Activities.Designers\Dev2.Activities.Designers.csproj]
C:\Program Files\dotnet\sdk\10.0.201\Microsoft.Common.CurrentVersion.targets(2451,5): warning MSB3277:             C:\Users\ultra\warewolf\Dev\Warewolf.Auditing\bin\Debug\net8.0\Warewolf.Auditing.dll [C:\Users\ultra\warewolf\Dev\Dev2.Activities.Designers\Dev2.Activities.Designers.csproj]
C:\Program Files\dotnet\sdk\10.0.201\Microsoft.Common.CurrentVersion.targets(2451,5): warning MSB3277:             C:\Users\ultra\warewolf\Dev\Warewolf.Common.NetStandard20\bin\Debug\net8.0\Warewolf.Common.NetStandard20.dll [C:\Users\ultra\warewolf\Dev\Dev2.Activities.Designers\Dev2.Activities.Designers.csproj]
C:\Program Files\dotnet\sdk\10.0.201\Microsoft.Common.CurrentVersion.targets(2451,5): warning MSB3277:             C:\Users\ultra\warewolf\Dev\Warewolf.Driver.Persistence\bin\Debug\net8.0\Warewolf.Driver.Persistence.dll [C:\Users\ultra\warewolf\Dev\Dev2.Activities.Designers\Dev2.Activities.Designers.csproj]
C:\Program Files\dotnet\sdk\10.0.201\Microsoft.Common.CurrentVersion.targets(2451,5): warning MSB3277:             C:\Users\ultra\warewolf\Dev\Warewolf.Exchange.Email.Wrapper\bin\Debug\net8.0\Warewolf.Exchange.Email.Wrapper.dll [C:\Users\ultra\warewolf\Dev\Dev2.Activities.Designers\Dev2.Activities.Designers.csproj]
C:\Program Files\dotnet\sdk\10.0.201\Microsoft.Common.CurrentVersion.targets(2451,5): warning MSB3277:             C:\Users\ultra\warewolf\Dev\Warewolf.ResourceManagement\bin\Debug\net8.0\Warewolf.ResourceManagement.dll [C:\Users\ultra\warewolf\Dev\Dev2.Activities.Designers\Dev2.Activities.Designers.csproj]
C:\Program Files\dotnet\sdk\10.0.201\Microsoft.Common.CurrentVersion.targets(2451,5): warning MSB3277:         C:\Users\ultra\warewolf\Dev\Warewolf.Studio.CustomControls\bin\Debug\net8.0\Warewolf.Studio.CustomControls.dll [C:\Users\ultra\warewolf\Dev\Dev2.Activities.Designers\Dev2.Activities.Designers.csproj]
C:\Program Files\dotnet\sdk\10.0.201\Microsoft.Common.CurrentVersion.targets(2451,5): warning MSB3277:           Project file item includes which caused reference "C:\Users\ultra\warewolf\Dev\Warewolf.Studio.CustomControls\bin\Debug\net8.0\Warewolf.Studio.CustomControls.dll". [C:\Users\ultra\warewolf\Dev\Dev2.Activities.Designers\Dev2.Activities.Designers.csproj]
C:\Program Files\dotnet\sdk\10.0.201\Microsoft.Common.CurrentVersion.targets(2451,5): warning MSB3277:             C:\Users\ultra\warewolf\Dev\Warewolf.Studio.CustomControls\bin\Debug\net8.0\Warewolf.Studio.CustomControls.dll [C:\Users\ultra\warewolf\Dev\Dev2.Activities.Designers\Dev2.Activities.Designers.csproj]
C:\Program Files\dotnet\sdk\10.0.201\Microsoft.Common.CurrentVersion.targets(2451,5): warning MSB3277:         C:\Users\ultra\warewolf\Dev\Binaries\Infragistcs_Net6\InfragisticsWPF4.v15.1.dll [C:\Users\ultra\warewolf\Dev\Dev2.Activities.Designers\Dev2.Activities.Designers.csproj]
C:\Program Files\dotnet\sdk\10.0.201\Microsoft.Common.CurrentVersion.targets(2451,5): warning MSB3277:           Project file item includes which caused reference "C:\Users\ultra\warewolf\Dev\Binaries\Infragistcs_Net6\InfragisticsWPF4.v15.1.dll". [C:\Users\ultra\warewolf\Dev\Dev2.Activities.Designers\Dev2.Activities.Designers.csproj]
C:\Program Files\dotnet\sdk\10.0.201\Microsoft.Common.CurrentVersion.targets(2451,5): warning MSB3277:             InfragisticsWPF4.v15.1, Version=15.1.20151.2055, Culture=neutral, PublicKeyToken=7dd5c3163f2cd0cb, processorArchitecture=MSIL [C:\Users\ultra\warewolf\Dev\Dev2.Activities.Designers\Dev2.Activities.Designers.csproj]
C:\Program Files\dotnet\sdk\10.0.201\Microsoft.Common.CurrentVersion.targets(2451,5): warning MSB3277:             InfragisticsWPF4.Controls.Editors.XamComboEditor.v15.1, Version=15.1.20151.2055, Culture=neutral, processorArchitecture=MSIL [C:\Users\ultra\warewolf\Dev\Dev2.Activities.Designers\Dev2.Activities.Designers.csproj]
C:\Program Files\dotnet\sdk\10.0.201\Microsoft.Common.CurrentVersion.targets(2451,5): warning MSB3277:             InfragisticsWPF4.Controls.Grids.XamGrid.v15.1 [C:\Users\ultra\warewolf\Dev\Dev2.Activities.Designers\Dev2.Activities.Designers.csproj]
C:\Program Files\dotnet\sdk\10.0.201\Microsoft.Common.CurrentVersion.targets(2451,5): warning MSB3277:             InfragisticsWPF4.Controls.Interactions.XamDialogWindow.v15.1, Version=15.1.20151.2055, Culture=neutral, PublicKeyToken=7dd5c3163f2cd0cb, processorArchitecture=MSIL [C:\Users\ultra\warewolf\Dev\Dev2.Activities.Designers\Dev2.Activities.Designers.csproj]
C:\Program Files\dotnet\sdk\10.0.201\Microsoft.Common.CurrentVersion.targets(2451,5): warning MSB3277:             InfragisticsWPF4.Controls.Menus.XamDataTree.v15.1 [C:\Users\ultra\warewolf\Dev\Dev2.Activities.Designers\Dev2.Activities.Designers.csproj]
C:\Program Files\dotnet\sdk\10.0.201\Microsoft.Common.CurrentVersion.targets(2451,5): warning MSB3277:             InfragisticsWPF4.Controls.Menus.XamMenu.v15.1, Version=15.1.20151.2055, Culture=neutral, processorArchitecture=MSIL [C:\Users\ultra\warewolf\Dev\Dev2.Activities.Designers\Dev2.Activities.Designers.csproj]
C:\Program Files\dotnet\sdk\10.0.201\Microsoft.Common.CurrentVersion.targets(2451,5): warning MSB3277:             InfragisticsWPF4.DataManager.v15.1, Version=15.1.20151.2188, Culture=neutral, PublicKeyToken=7dd5c3163f2cd0cb, processorArchitecture=MSIL [C:\Users\ultra\warewolf\Dev\Dev2.Activities.Designers\Dev2.Activities.Designers.csproj]
C:\Program Files\dotnet\sdk\10.0.201\Microsoft.Common.CurrentVersion.targets(2451,5): warning MSB3277:             InfragisticsWPF4.Editors.v15.1, Version=15.1.20151.2055, Culture=neutral, processorArchitecture=MSIL [C:\Users\ultra\warewolf\Dev\Dev2.Activities.Designers\Dev2.Activities.Designers.csproj]
C:\Program Files\dotnet\sdk\10.0.201\Microsoft.Common.CurrentVersion.targets(2451,5): warning MSB3277:         C:\Users\ultra\.nuget\packages\dotnetzip\1.16.0\lib\netstandard2.0\DotNetZip.dll [C:\Users\ultra\warewolf\Dev\Dev2.Activities.Designers\Dev2.Activities.Designers.csproj]
C:\Program Files\dotnet\sdk\10.0.201\Microsoft.Common.CurrentVersion.targets(2451,5): warning MSB3277:           Project file item includes which caused reference "C:\Users\ultra\.nuget\packages\dotnetzip\1.16.0\lib\netstandard2.0\DotNetZip.dll". [C:\Users\ultra\warewolf\Dev\Dev2.Activities.Designers\Dev2.Activities.Designers.csproj]
C:\Program Files\dotnet\sdk\10.0.201\Microsoft.Common.CurrentVersion.targets(2451,5): warning MSB3277:             C:\Users\ultra\.nuget\packages\dotnetzip\1.16.0\lib\netstandard2.0\DotNetZip.dll [C:\Users\ultra\warewolf\Dev\Dev2.Activities.Designers\Dev2.Activities.Designers.csproj]
C:\Program Files\dotnet\sdk\10.0.201\Microsoft.Common.CurrentVersion.targets(2451,5): warning MSB3277:             C:\Users\ultra\warewolf\Dev\Dev2.Common\bin\Debug\net8.0\Dev2.Common.dll [C:\Users\ultra\warewolf\Dev\Dev2.Activities.Designers\Dev2.Activities.Designers.csproj]
C:\Program Files\dotnet\sdk\10.0.201\Microsoft.Common.CurrentVersion.targets(2451,5): warning MSB3277:             C:\Users\ultra\warewolf\Dev\Dev2.Activities\bin\Debug\net8.0\Dev2.Activities.dll [C:\Users\ultra\warewolf\Dev\Dev2.Activities.Designers\Dev2.Activities.Designers.csproj]
C:\Program Files\dotnet\sdk\10.0.201\Microsoft.Common.CurrentVersion.targets(2451,5): warning MSB3277:             C:\Users\ultra\warewolf\Dev\Dev2.Core\bin\Debug\net8.0\Dev2.Core.dll [C:\Users\ultra\warewolf\Dev\Dev2.Activities.Designers\Dev2.Activities.Designers.csproj]
C:\Program Files\dotnet\sdk\10.0.201\Microsoft.Common.CurrentVersion.targets(2451,5): warning MSB3277:             C:\Users\ultra\warewolf\Dev\Dev2.Data.Interfaces\bin\Debug\net8.0\Dev2.Data.Interfaces.dll [C:\Users\ultra\warewolf\Dev\Dev2.Activities.Designers\Dev2.Activities.Designers.csproj]
C:\Program Files\dotnet\sdk\10.0.201\Microsoft.Common.CurrentVersion.targets(2451,5): warning MSB3277:             C:\Users\ultra\warewolf\Dev\Dev2.Data\bin\Debug\net8.0\Dev2.Data.dll [C:\Users\ultra\warewolf\Dev\Dev2.Activities.Designers\Dev2.Activities.Designers.csproj]
C:\Program Files\dotnet\sdk\10.0.201\Microsoft.Common.CurrentVersion.targets(2451,5): warning MSB3277:             C:\Users\ultra\warewolf\Dev\Dev2.Diagnostics\bin\Debug\net8.0\Dev2.Diagnostics.dll [C:\Users\ultra\warewolf\Dev\Dev2.Activities.Designers\Dev2.Activities.Designers.csproj]
C:\Program Files\dotnet\sdk\10.0.201\Microsoft.Common.CurrentVersion.targets(2451,5): warning MSB3277:             C:\Users\ultra\warewolf\Dev\Dev2.Infrastructure\bin\Debug\net8.0\Dev2.Infrastructure.dll [C:\Users\ultra\warewolf\Dev\Dev2.Activities.Designers\Dev2.Activities.Designers.csproj]
C:\Program Files\dotnet\sdk\10.0.201\Microsoft.Common.CurrentVersion.targets(2451,5): warning MSB3277:             C:\Users\ultra\warewolf\Dev\Dev2.Intellisense\bin\Debug\net8.0\Dev2.Intellisense.dll [C:\Users\ultra\warewolf\Dev\Dev2.Activities.Designers\Dev2.Activities.Designers.csproj]
C:\Program Files\dotnet\sdk\10.0.201\Microsoft.Common.CurrentVersion.targets(2451,5): warning MSB3277:             C:\Users\ultra\warewolf\Dev\Dev2.Runtime.Services\bin\Debug\net8.0\Dev2.Runtime.Services.dll [C:\Users\ultra\warewolf\Dev\Dev2.Activities.Designers\Dev2.Activities.Designers.csproj]
C:\Program Files\dotnet\sdk\10.0.201\Microsoft.Common.CurrentVersion.targets(2451,5): warning MSB3277:             C:\Users\ultra\warewolf\Dev\Dev2.Studio.Core\bin\Debug\net8.0\Dev2.Studio.Core.dll [C:\Users\ultra\warewolf\Dev\Dev2.Activities.Designers\Dev2.Activities.Designers.csproj]
C:\Program Files\dotnet\sdk\10.0.201\Microsoft.Common.CurrentVersion.targets(2451,5): warning MSB3277:             C:\Users\ultra\warewolf\Dev\Dev2.Studio.Interfaces\bin\Debug\net8.0\Dev2.Studio.Interfaces.dll [C:\Users\ultra\warewolf\Dev\Dev2.Activities.Designers\Dev2.Activities.Designers.csproj]
C:\Program Files\dotnet\sdk\10.0.201\Microsoft.Common.CurrentVersion.targets(2451,5): warning MSB3277:             C:\Users\ultra\warewolf\Dev\Dev2.Util\bin\Debug\net8.0\Dev2.Util.dll [C:\Users\ultra\warewolf\Dev\Dev2.Activities.Designers\Dev2.Activities.Designers.csproj]
C:\Program Files\dotnet\sdk\10.0.201\Microsoft.Common.CurrentVersion.targets(2451,5): warning MSB3277:             C:\Users\ultra\warewolf\Dev\Warewolf.Storage\bin\Debug\net8.0\Warewolf.Storage.dll [C:\Users\ultra\warewolf\Dev\Dev2.Activities.Designers\Dev2.Activities.Designers.csproj]
C:\Program Files\dotnet\sdk\10.0.201\Microsoft.Common.CurrentVersion.targets(2451,5): warning MSB3277:             C:\Users\ultra\warewolf\Dev\Warewolf.Core\bin\Debug\net8.0\Warewolf.Core.dll [C:\Users\ultra\warewolf\Dev\Dev2.Activities.Designers\Dev2.Activities.Designers.csproj]
C:\Program Files\dotnet\sdk\10.0.201\Microsoft.Common.CurrentVersion.targets(2451,5): warning MSB3277:             C:\Users\ultra\warewolf\Dev\Warewolf.Studio.Core\bin\Debug\net8.0\Warewolf.Studio.Core.dll [C:\Users\ultra\warewolf\Dev\Dev2.Activities.Designers\Dev2.Activities.Designers.csproj]
C:\Program Files\dotnet\sdk\10.0.201\Microsoft.Common.CurrentVersion.targets(2451,5): warning MSB3277:             C:\Users\ultra\warewolf\Dev\Warewolf.Studio.CustomControls\bin\Debug\net8.0\Warewolf.Studio.CustomControls.dll [C:\Users\ultra\warewolf\Dev\Dev2.Activities.Designers\Dev2.Activities.Designers.csproj]
C:\Program Files\dotnet\sdk\10.0.201\Microsoft.Common.CurrentVersion.targets(2451,5): warning MSB3277:             C:\Users\ultra\warewolf\Dev\Warewolf.Studio.Models\bin\Debug\net8.0\Warewolf.Studio.Models.dll [C:\Users\ultra\warewolf\Dev\Dev2.Activities.Designers\Dev2.Activities.Designers.csproj]
C:\Program Files\dotnet\sdk\10.0.201\Microsoft.Common.CurrentVersion.targets(2451,5): warning MSB3277:             C:\Users\ultra\warewolf\Dev\Warewolf.UI\bin\Debug\net8.0\Warewolf.UI.dll [C:\Users\ultra\warewolf\Dev\Dev2.Activities.Designers\Dev2.Activities.Designers.csproj]
C:\Program Files\dotnet\sdk\10.0.201\Microsoft.Common.CurrentVersion.targets(2451,5): warning MSB3277:             C:\Users\ultra\warewolf\Dev\Dev2.Development.Languages\bin\Debug\net8.0\Dev2.Development.Languages.dll [C:\Users\ultra\warewolf\Dev\Dev2.Activities.Designers\Dev2.Activities.Designers.csproj]
C:\Program Files\dotnet\sdk\10.0.201\Microsoft.Common.CurrentVersion.targets(2451,5): warning MSB3277:             C:\Users\ultra\warewolf\Dev\Dev2.Scheduler\bin\Debug\net8.0\Dev2.Scheduler.dll [C:\Users\ultra\warewolf\Dev\Dev2.Activities.Designers\Dev2.Activities.Designers.csproj]
C:\Program Files\dotnet\sdk\10.0.201\Microsoft.Common.CurrentVersion.targets(2451,5): warning MSB3277:             C:\Users\ultra\warewolf\Dev\Dev2.Services.Execution\bin\Debug\net8.0\Dev2.Services.Execution.dll [C:\Users\ultra\warewolf\Dev\Dev2.Activities.Designers\Dev2.Activities.Designers.csproj]
C:\Program Files\dotnet\sdk\10.0.201\Microsoft.Common.CurrentVersion.targets(2451,5): warning MSB3277:             C:\Users\ultra\warewolf\Dev\Dev2.Services.Sql\bin\Debug\net8.0\Dev2.Services.Sql.dll [C:\Users\ultra\warewolf\Dev\Dev2.Activities.Designers\Dev2.Activities.Designers.csproj]
C:\Program Files\dotnet\sdk\10.0.201\Microsoft.Common.CurrentVersion.targets(2451,5): warning MSB3277:             C:\Users\ultra\warewolf\Dev\Dev2.TaskScheduler.Wrappers\bin\Debug\net8.0\Dev2.TaskScheduler.Wrappers.dll [C:\Users\ultra\warewolf\Dev\Dev2.Activities.Designers\Dev2.Activities.Designers.csproj]
C:\Program Files\dotnet\sdk\10.0.201\Microsoft.Common.CurrentVersion.targets(2451,5): warning MSB3277:             C:\Users\ultra\warewolf\Dev\Warewolf.AI.Harness\bin\Debug\net8.0\Warewolf.AI.Harness.dll [C:\Users\ultra\warewolf\Dev\Dev2.Activities.Designers\Dev2.Activities.Designers.csproj]
C:\Program Files\dotnet\sdk\10.0.201\Microsoft.Common.CurrentVersion.targets(2451,5): warning MSB3277:             C:\Users\ultra\warewolf\Dev\Warewolf.Auditing\bin\Debug\net8.0\Warewolf.Auditing.dll [C:\Users\ultra\warewolf\Dev\Dev2.Activities.Designers\Dev2.Activities.Designers.csproj]
C:\Program Files\dotnet\sdk\10.0.201\Microsoft.Common.CurrentVersion.targets(2451,5): warning MSB3277:             C:\Users\ultra\warewolf\Dev\Warewolf.Common.NetStandard20\bin\Debug\net8.0\Warewolf.Common.NetStandard20.dll [C:\Users\ultra\warewolf\Dev\Dev2.Activities.Designers\Dev2.Activities.Designers.csproj]
C:\Program Files\dotnet\sdk\10.0.201\Microsoft.Common.CurrentVersion.targets(2451,5): warning MSB3277:             C:\Users\ultra\warewolf\Dev\Warewolf.Driver.Persistence\bin\Debug\net8.0\Warewolf.Driver.Persistence.dll [C:\Users\ultra\warewolf\Dev\Dev2.Activities.Designers\Dev2.Activities.Designers.csproj]
C:\Program Files\dotnet\sdk\10.0.201\Microsoft.Common.CurrentVersion.targets(2451,5): warning MSB3277:             C:\Users\ultra\warewolf\Dev\Warewolf.Driver.Serilog\bin\Debug\net8.0\Warewolf.Driver.Serilog.dll [C:\Users\ultra\warewolf\Dev\Dev2.Activities.Designers\Dev2.Activities.Designers.csproj]
C:\Program Files\dotnet\sdk\10.0.201\Microsoft.Common.CurrentVersion.targets(2451,5): warning MSB3277:             C:\Users\ultra\warewolf\Dev\Warewolf.Exchange.Email.Wrapper\bin\Debug\net8.0\Warewolf.Exchange.Email.Wrapper.dll [C:\Users\ultra\warewolf\Dev\Dev2.Activities.Designers\Dev2.Activities.Designers.csproj]
C:\Program Files\dotnet\sdk\10.0.201\Microsoft.Common.CurrentVersion.targets(2451,5): warning MSB3277:             C:\Users\ultra\warewolf\Dev\Warewolf.ResourceManagement\bin\Debug\net8.0\Warewolf.ResourceManagement.dll [C:\Users\ultra\warewolf\Dev\Dev2.Activities.Designers\Dev2.Activities.Designers.csproj]
C:\Program Files\dotnet\sdk\10.0.201\Microsoft.Common.CurrentVersion.targets(2451,5): warning MSB3277:             C:\Users\ultra\warewolf\Dev\Warewolf.Sharepoint\bin\Debug\net8.0\Warewolf.Sharepoint.dll [C:\Users\ultra\warewolf\Dev\Dev2.Activities.Designers\Dev2.Activities.Designers.csproj]
C:\Program Files\dotnet\sdk\10.0.201\Microsoft.Common.CurrentVersion.targets(2451,5): warning MSB3277:         C:\Users\ultra\.nuget\packages\mindbox.data.linq\5.0.0\lib\netstandard2.0\Mindbox.Data.Linq.dll [C:\Users\ultra\warewolf\Dev\Dev2.Activities.Designers\Dev2.Activities.Designers.csproj]
C:\Program Files\dotnet\sdk\10.0.201\Microsoft.Common.CurrentVersion.targets(2451,5): warning MSB3277:           Project file item includes which caused reference "C:\Users\ultra\.nuget\packages\mindbox.data.linq\5.0.0\lib\netstandard2.0\Mindbox.Data.Linq.dll". [C:\Users\ultra\warewolf\Dev\Dev2.Activities.Designers\Dev2.Activities.Designers.csproj]
C:\Program Files\dotnet\sdk\10.0.201\Microsoft.Common.CurrentVersion.targets(2451,5): warning MSB3277:             C:\Users\ultra\.nuget\packages\mindbox.data.linq\5.0.0\lib\netstandard2.0\Mindbox.Data.Linq.dll [C:\Users\ultra\warewolf\Dev\Dev2.Activities.Designers\Dev2.Activities.Designers.csproj]
C:\Program Files\dotnet\sdk\10.0.201\Microsoft.Common.CurrentVersion.targets(2451,5): warning MSB3277:             C:\Users\ultra\warewolf\Dev\Warewolf.Auditing\bin\Debug\net8.0\Warewolf.Auditing.dll [C:\Users\ultra\warewolf\Dev\Dev2.Activities.Designers\Dev2.Activities.Designers.csproj]
C:\Program Files\dotnet\sdk\10.0.201\Microsoft.Common.CurrentVersion.targets(2451,5): warning MSB3277:             C:\Users\ultra\warewolf\Dev\Dev2.Activities\bin\Debug\net8.0\Dev2.Activities.dll [C:\Users\ultra\warewolf\Dev\Dev2.Activities.Designers\Dev2.Activities.Designers.csproj]
C:\Program Files\dotnet\sdk\10.0.201\Microsoft.Common.CurrentVersion.targets(2451,5): warning MSB3277:             C:\Users\ultra\warewolf\Dev\Dev2.Runtime.Services\bin\Debug\net8.0\Dev2.Runtime.Services.dll [C:\Users\ultra\warewolf\Dev\Dev2.Activities.Designers\Dev2.Activities.Designers.csproj]
C:\Program Files\dotnet\sdk\10.0.201\Microsoft.Common.CurrentVersion.targets(2451,5): warning MSB3277:             C:\Users\ultra\warewolf\Dev\Dev2.Studio.Core\bin\Debug\net8.0\Dev2.Studio.Core.dll [C:\Users\ultra\warewolf\Dev\Dev2.Activities.Designers\Dev2.Activities.Designers.csproj]
C:\Program Files\dotnet\sdk\10.0.201\Microsoft.Common.CurrentVersion.targets(2451,5): warning MSB3277:             C:\Users\ultra\warewolf\Dev\Dev2.Intellisense\bin\Debug\net8.0\Dev2.Intellisense.dll [C:\Users\ultra\warewolf\Dev\Dev2.Activities.Designers\Dev2.Activities.Designers.csproj]
C:\Program Files\dotnet\sdk\10.0.201\Microsoft.Common.CurrentVersion.targets(2451,5): warning MSB3277:             C:\Users\ultra\warewolf\Dev\Dev2.Studio.Interfaces\bin\Debug\net8.0\Dev2.Studio.Interfaces.dll [C:\Users\ultra\warewolf\Dev\Dev2.Activities.Designers\Dev2.Activities.Designers.csproj]
C:\Program Files\dotnet\sdk\10.0.201\Microsoft.Common.CurrentVersion.targets(2451,5): warning MSB3277:             C:\Users\ultra\warewolf\Dev\Warewolf.Studio.Core\bin\Debug\net8.0\Warewolf.Studio.Core.dll [C:\Users\ultra\warewolf\Dev\Dev2.Activities.Designers\Dev2.Activities.Designers.csproj]
C:\Program Files\dotnet\sdk\10.0.201\Microsoft.Common.CurrentVersion.targets(2451,5): warning MSB3277:             C:\Users\ultra\warewolf\Dev\Warewolf.Studio.CustomControls\bin\Debug\net8.0\Warewolf.Studio.CustomControls.dll [C:\Users\ultra\warewolf\Dev\Dev2.Activities.Designers\Dev2.Activities.Designers.csproj]
C:\Program Files\dotnet\sdk\10.0.201\Microsoft.Common.CurrentVersion.targets(2451,5): warning MSB3277:             C:\Users\ultra\warewolf\Dev\Warewolf.Studio.Models\bin\Debug\net8.0\Warewolf.Studio.Models.dll [C:\Users\ultra\warewolf\Dev\Dev2.Activities.Designers\Dev2.Activities.Designers.csproj]
C:\Program Files\dotnet\sdk\10.0.201\Microsoft.Common.CurrentVersion.targets(2451,5): warning MSB3277:             C:\Users\ultra\warewolf\Dev\Dev2.Services.Execution\bin\Debug\net8.0\Dev2.Services.Execution.dll [C:\Users\ultra\warewolf\Dev\Dev2.Activities.Designers\Dev2.Activities.Designers.csproj]
C:\Program Files\dotnet\sdk\10.0.201\Microsoft.Common.CurrentVersion.targets(2451,5): warning MSB3277:             C:\Users\ultra\warewolf\Dev\Warewolf.Common.NetStandard20\bin\Debug\net8.0\Warewolf.Common.NetStandard20.dll [C:\Users\ultra\warewolf\Dev\Dev2.Activities.Designers\Dev2.Activities.Designers.csproj]
C:\Program Files\dotnet\sdk\10.0.201\Microsoft.Common.CurrentVersion.targets(2451,5): warning MSB3277:             C:\Users\ultra\warewolf\Dev\Warewolf.Driver.Persistence\bin\Debug\net8.0\Warewolf.Driver.Persistence.dll [C:\Users\ultra\warewolf\Dev\Dev2.Activities.Designers\Dev2.Activities.Designers.csproj]
C:\Program Files\dotnet\sdk\10.0.201\Microsoft.Common.CurrentVersion.targets(2451,5): warning MSB3277:         C:\Users\ultra\.nuget\packages\mysql.data\8.4.0\lib\net8.0\MySql.Data.dll [C:\Users\ultra\warewolf\Dev\Dev2.Activities.Designers\Dev2.Activities.Designers.csproj]
C:\Program Files\dotnet\sdk\10.0.201\Microsoft.Common.CurrentVersion.targets(2451,5): warning MSB3277:           Project file item includes which caused reference "C:\Users\ultra\.nuget\packages\mysql.data\8.4.0\lib\net8.0\MySql.Data.dll". [C:\Users\ultra\warewolf\Dev\Dev2.Activities.Designers\Dev2.Activities.Designers.csproj]
C:\Program Files\dotnet\sdk\10.0.201\Microsoft.Common.CurrentVersion.targets(2451,5): warning MSB3277:             C:\Users\ultra\.nuget\packages\mysql.data\8.4.0\lib\net8.0\MySql.Data.dll [C:\Users\ultra\warewolf\Dev\Dev2.Activities.Designers\Dev2.Activities.Designers.csproj]
C:\Program Files\dotnet\sdk\10.0.201\Microsoft.Common.CurrentVersion.targets(2451,5): warning MSB3277:             C:\Users\ultra\warewolf\Dev\Dev2.Activities\bin\Debug\net8.0\Dev2.Activities.dll [C:\Users\ultra\warewolf\Dev\Dev2.Activities.Designers\Dev2.Activities.Designers.csproj]
C:\Program Files\dotnet\sdk\10.0.201\Microsoft.Common.CurrentVersion.targets(2451,5): warning MSB3277:             C:\Users\ultra\warewolf\Dev\Dev2.Runtime.Services\bin\Debug\net8.0\Dev2.Runtime.Services.dll [C:\Users\ultra\warewolf\Dev\Dev2.Activities.Designers\Dev2.Activities.Designers.csproj]
C:\Program Files\dotnet\sdk\10.0.201\Microsoft.Common.CurrentVersion.targets(2451,5): warning MSB3277:             C:\Users\ultra\warewolf\Dev\Dev2.Studio.Core\bin\Debug\net8.0\Dev2.Studio.Core.dll [C:\Users\ultra\warewolf\Dev\Dev2.Activities.Designers\Dev2.Activities.Designers.csproj]
C:\Program Files\dotnet\sdk\10.0.201\Microsoft.Common.CurrentVersion.targets(2451,5): warning MSB3277:             C:\Users\ultra\warewolf\Dev\Dev2.Intellisense\bin\Debug\net8.0\Dev2.Intellisense.dll [C:\Users\ultra\warewolf\Dev\Dev2.Activities.Designers\Dev2.Activities.Designers.csproj]
C:\Program Files\dotnet\sdk\10.0.201\Microsoft.Common.CurrentVersion.targets(2451,5): warning MSB3277:             C:\Users\ultra\warewolf\Dev\Dev2.Studio.Interfaces\bin\Debug\net8.0\Dev2.Studio.Interfaces.dll [C:\Users\ultra\warewolf\Dev\Dev2.Activities.Designers\Dev2.Activities.Designers.csproj]
C:\Program Files\dotnet\sdk\10.0.201\Microsoft.Common.CurrentVersion.targets(2451,5): warning MSB3277:             C:\Users\ultra\warewolf\Dev\Warewolf.Studio.Core\bin\Debug\net8.0\Warewolf.Studio.Core.dll [C:\Users\ultra\warewolf\Dev\Dev2.Activities.Designers\Dev2.Activities.Designers.csproj]
C:\Program Files\dotnet\sdk\10.0.201\Microsoft.Common.CurrentVersion.targets(2451,5): warning MSB3277:             C:\Users\ultra\warewolf\Dev\Warewolf.Studio.CustomControls\bin\Debug\net8.0\Warewolf.Studio.CustomControls.dll [C:\Users\ultra\warewolf\Dev\Dev2.Activities.Designers\Dev2.Activities.Designers.csproj]
C:\Program Files\dotnet\sdk\10.0.201\Microsoft.Common.CurrentVersion.targets(2451,5): warning MSB3277:             C:\Users\ultra\warewolf\Dev\Warewolf.Studio.Models\bin\Debug\net8.0\Warewolf.Studio.Models.dll [C:\Users\ultra\warewolf\Dev\Dev2.Activities.Designers\Dev2.Activities.Designers.csproj]
C:\Program Files\dotnet\sdk\10.0.201\Microsoft.Common.CurrentVersion.targets(2451,5): warning MSB3277:             C:\Users\ultra\warewolf\Dev\Dev2.Services.Execution\bin\Debug\net8.0\Dev2.Services.Execution.dll [C:\Users\ultra\warewolf\Dev\Dev2.Activities.Designers\Dev2.Activities.Designers.csproj]
C:\Program Files\dotnet\sdk\10.0.201\Microsoft.Common.CurrentVersion.targets(2451,5): warning MSB3277:             C:\Users\ultra\warewolf\Dev\Dev2.Services.Sql\bin\Debug\net8.0\Dev2.Services.Sql.dll [C:\Users\ultra\warewolf\Dev\Dev2.Activities.Designers\Dev2.Activities.Designers.csproj]
C:\Program Files\dotnet\sdk\10.0.201\Microsoft.Common.CurrentVersion.targets(2451,5): warning MSB3277:             C:\Users\ultra\warewolf\Dev\Warewolf.Driver.Persistence\bin\Debug\net8.0\Warewolf.Driver.Persistence.dll [C:\Users\ultra\warewolf\Dev\Dev2.Activities.Designers\Dev2.Activities.Designers.csproj]
C:\Program Files\dotnet\sdk\10.0.201\Microsoft.Common.CurrentVersion.targets(2451,5): warning MSB3277:         C:\Users\ultra\.nuget\packages\oracle.manageddataaccess.core\3.21.70\lib\netstandard2.1\Oracle.ManagedDataAccess.dll [C:\Users\ultra\warewolf\Dev\Dev2.Activities.Designers\Dev2.Activities.Designers.csproj]
C:\Program Files\dotnet\sdk\10.0.201\Microsoft.Common.CurrentVersion.targets(2451,5): warning MSB3277:           Project file item includes which caused reference "C:\Users\ultra\.nuget\packages\oracle.manageddataaccess.core\3.21.70\lib\netstandard2.1\Oracle.ManagedDataAccess.dll". [C:\Users\ultra\warewolf\Dev\Dev2.Activities.Designers\Dev2.Activities.Designers.csproj]
C:\Program Files\dotnet\sdk\10.0.201\Microsoft.Common.CurrentVersion.targets(2451,5): warning MSB3277:             C:\Users\ultra\.nuget\packages\oracle.manageddataaccess.core\3.21.70\lib\netstandard2.1\Oracle.ManagedDataAccess.dll [C:\Users\ultra\warewolf\Dev\Dev2.Activities.Designers\Dev2.Activities.Designers.csproj]
C:\Program Files\dotnet\sdk\10.0.201\Microsoft.Common.CurrentVersion.targets(2451,5): warning MSB3277:             C:\Users\ultra\warewolf\Dev\Dev2.Runtime.Services\bin\Debug\net8.0\Dev2.Runtime.Services.dll [C:\Users\ultra\warewolf\Dev\Dev2.Activities.Designers\Dev2.Activities.Designers.csproj]
C:\Program Files\dotnet\sdk\10.0.201\Microsoft.Common.CurrentVersion.targets(2451,5): warning MSB3277:             C:\Users\ultra\warewolf\Dev\Dev2.Activities\bin\Debug\net8.0\Dev2.Activities.dll [C:\Users\ultra\warewolf\Dev\Dev2.Activities.Designers\Dev2.Activities.Designers.csproj]
C:\Program Files\dotnet\sdk\10.0.201\Microsoft.Common.CurrentVersion.targets(2451,5): warning MSB3277:             C:\Users\ultra\warewolf\Dev\Dev2.Studio.Core\bin\Debug\net8.0\Dev2.Studio.Core.dll [C:\Users\ultra\warewolf\Dev\Dev2.Activities.Designers\Dev2.Activities.Designers.csproj]
C:\Program Files\dotnet\sdk\10.0.201\Microsoft.Common.CurrentVersion.targets(2451,5): warning MSB3277:             C:\Users\ultra\warewolf\Dev\Dev2.Intellisense\bin\Debug\net8.0\Dev2.Intellisense.dll [C:\Users\ultra\warewolf\Dev\Dev2.Activities.Designers\Dev2.Activities.Designers.csproj]
C:\Program Files\dotnet\sdk\10.0.201\Microsoft.Common.CurrentVersion.targets(2451,5): warning MSB3277:             C:\Users\ultra\warewolf\Dev\Dev2.Studio.Interfaces\bin\Debug\net8.0\Dev2.Studio.Interfaces.dll [C:\Users\ultra\warewolf\Dev\Dev2.Activities.Designers\Dev2.Activities.Designers.csproj]
C:\Program Files\dotnet\sdk\10.0.201\Microsoft.Common.CurrentVersion.targets(2451,5): warning MSB3277:             C:\Users\ultra\warewolf\Dev\Warewolf.Studio.Core\bin\Debug\net8.0\Warewolf.Studio.Core.dll [C:\Users\ultra\warewolf\Dev\Dev2.Activities.Designers\Dev2.Activities.Designers.csproj]
C:\Program Files\dotnet\sdk\10.0.201\Microsoft.Common.CurrentVersion.targets(2451,5): warning MSB3277:             C:\Users\ultra\warewolf\Dev\Warewolf.Studio.CustomControls\bin\Debug\net8.0\Warewolf.Studio.CustomControls.dll [C:\Users\ultra\warewolf\Dev\Dev2.Activities.Designers\Dev2.Activities.Designers.csproj]
C:\Program Files\dotnet\sdk\10.0.201\Microsoft.Common.CurrentVersion.targets(2451,5): warning MSB3277:             C:\Users\ultra\warewolf\Dev\Warewolf.Studio.Models\bin\Debug\net8.0\Warewolf.Studio.Models.dll [C:\Users\ultra\warewolf\Dev\Dev2.Activities.Designers\Dev2.Activities.Designers.csproj]
C:\Program Files\dotnet\sdk\10.0.201\Microsoft.Common.CurrentVersion.targets(2451,5): warning MSB3277:             C:\Users\ultra\warewolf\Dev\Dev2.Services.Execution\bin\Debug\net8.0\Dev2.Services.Execution.dll [C:\Users\ultra\warewolf\Dev\Dev2.Activities.Designers\Dev2.Activities.Designers.csproj]
C:\Program Files\dotnet\sdk\10.0.201\Microsoft.Common.CurrentVersion.targets(2451,5): warning MSB3277:             C:\Users\ultra\warewolf\Dev\Dev2.Services.Sql\bin\Debug\net8.0\Dev2.Services.Sql.dll [C:\Users\ultra\warewolf\Dev\Dev2.Activities.Designers\Dev2.Activities.Designers.csproj]
C:\Program Files\dotnet\sdk\10.0.201\Microsoft.Common.CurrentVersion.targets(2451,5): warning MSB3277:             C:\Users\ultra\warewolf\Dev\Warewolf.Driver.Persistence\bin\Debug\net8.0\Warewolf.Driver.Persistence.dll [C:\Users\ultra\warewolf\Dev\Dev2.Activities.Designers\Dev2.Activities.Designers.csproj]
C:\Program Files\dotnet\sdk\10.0.201\Microsoft.Common.CurrentVersion.targets(2451,5): warning MSB3277:         C:\Users\ultra\.nuget\packages\system.directoryservices\6.0.0\lib\net6.0\System.DirectoryServices.dll [C:\Users\ultra\warewolf\Dev\Dev2.Activities.Designers\Dev2.Activities.Designers.csproj]
C:\Program Files\dotnet\sdk\10.0.201\Microsoft.Common.CurrentVersion.targets(2451,5): warning MSB3277:           Project file item includes which caused reference "C:\Users\ultra\.nuget\packages\system.directoryservices\6.0.0\lib\net6.0\System.DirectoryServices.dll". [C:\Users\ultra\warewolf\Dev\Dev2.Activities.Designers\Dev2.Activities.Designers.csproj]
C:\Program Files\dotnet\sdk\10.0.201\Microsoft.Common.CurrentVersion.targets(2451,5): warning MSB3277:             C:\Users\ultra\.nuget\packages\system.directoryservices\6.0.0\lib\net6.0\System.DirectoryServices.dll [C:\Users\ultra\warewolf\Dev\Dev2.Activities.Designers\Dev2.Activities.Designers.csproj]
C:\Program Files\dotnet\sdk\10.0.201\Microsoft.Common.CurrentVersion.targets(2451,5): warning MSB3277:             C:\Users\ultra\.nuget\packages\corewcf.primitives\1.2.1\lib\netstandard2.0\CoreWCF.Primitives.dll [C:\Users\ultra\warewolf\Dev\Dev2.Activities.Designers\Dev2.Activities.Designers.csproj]
C:\Program Files\dotnet\sdk\10.0.201\Microsoft.Common.CurrentVersion.targets(2451,5): warning MSB3277:             C:\Users\ultra\warewolf\Dev\Dev2.Runtime.Services\bin\Debug\net8.0\Dev2.Runtime.Services.dll [C:\Users\ultra\warewolf\Dev\Dev2.Activities.Designers\Dev2.Activities.Designers.csproj]
C:\Program Files\dotnet\sdk\10.0.201\Microsoft.Common.CurrentVersion.targets(2451,5): warning MSB3277:             C:\Users\ultra\warewolf\Dev\Dev2.Activities\bin\Debug\net8.0\Dev2.Activities.dll [C:\Users\ultra\warewolf\Dev\Dev2.Activities.Designers\Dev2.Activities.Designers.csproj]
C:\Program Files\dotnet\sdk\10.0.201\Microsoft.Common.CurrentVersion.targets(2451,5): warning MSB3277:             C:\Users\ultra\warewolf\Dev\Dev2.Studio.Core\bin\Debug\net8.0\Dev2.Studio.Core.dll [C:\Users\ultra\warewolf\Dev\Dev2.Activities.Designers\Dev2.Activities.Designers.csproj]
C:\Program Files\dotnet\sdk\10.0.201\Microsoft.Common.CurrentVersion.targets(2451,5): warning MSB3277:             C:\Users\ultra\warewolf\Dev\Dev2.Intellisense\bin\Debug\net8.0\Dev2.Intellisense.dll [C:\Users\ultra\warewolf\Dev\Dev2.Activities.Designers\Dev2.Activities.Designers.csproj]
C:\Program Files\dotnet\sdk\10.0.201\Microsoft.Common.CurrentVersion.targets(2451,5): warning MSB3277:             C:\Users\ultra\warewolf\Dev\Dev2.Studio.Interfaces\bin\Debug\net8.0\Dev2.Studio.Interfaces.dll [C:\Users\ultra\warewolf\Dev\Dev2.Activities.Designers\Dev2.Activities.Designers.csproj]
C:\Program Files\dotnet\sdk\10.0.201\Microsoft.Common.CurrentVersion.targets(2451,5): warning MSB3277:             C:\Users\ultra\warewolf\Dev\Warewolf.Studio.Core\bin\Debug\net8.0\Warewolf.Studio.Core.dll [C:\Users\ultra\warewolf\Dev\Dev2.Activities.Designers\Dev2.Activities.Designers.csproj]
C:\Program Files\dotnet\sdk\10.0.201\Microsoft.Common.CurrentVersion.targets(2451,5): warning MSB3277:             C:\Users\ultra\warewolf\Dev\Warewolf.Studio.CustomControls\bin\Debug\net8.0\Warewolf.Studio.CustomControls.dll [C:\Users\ultra\warewolf\Dev\Dev2.Activities.Designers\Dev2.Activities.Designers.csproj]
C:\Program Files\dotnet\sdk\10.0.201\Microsoft.Common.CurrentVersion.targets(2451,5): warning MSB3277:             C:\Users\ultra\warewolf\Dev\Warewolf.Studio.Models\bin\Debug\net8.0\Warewolf.Studio.Models.dll [C:\Users\ultra\warewolf\Dev\Dev2.Activities.Designers\Dev2.Activities.Designers.csproj]
C:\Program Files\dotnet\sdk\10.0.201\Microsoft.Common.CurrentVersion.targets(2451,5): warning MSB3277:             C:\Users\ultra\warewolf\Dev\Dev2.Services.Execution\bin\Debug\net8.0\Dev2.Services.Execution.dll [C:\Users\ultra\warewolf\Dev\Dev2.Activities.Designers\Dev2.Activities.Designers.csproj]
C:\Program Files\dotnet\sdk\10.0.201\Microsoft.Common.CurrentVersion.targets(2451,5): warning MSB3277:             C:\Users\ultra\warewolf\Dev\Warewolf.Driver.Persistence\bin\Debug\net8.0\Warewolf.Driver.Persistence.dll [C:\Users\ultra\warewolf\Dev\Dev2.Activities.Designers\Dev2.Activities.Designers.csproj]
C:\Program Files\dotnet\sdk\10.0.201\Microsoft.Common.CurrentVersion.targets(2451,5): warning MSB3277:             C:\Users\ultra\.nuget\packages\corewcf.http\1.2.1\lib\netstandard2.0\CoreWCF.Http.dll [C:\Users\ultra\warewolf\Dev\Dev2.Activities.Designers\Dev2.Activities.Designers.csproj]
C:\Program Files\dotnet\sdk\10.0.201\Microsoft.Common.CurrentVersion.targets(2451,5): warning MSB3277:             C:\Users\ultra\.nuget\packages\corewcf.nettcp\1.2.1\lib\netstandard2.0\CoreWCF.NetTcp.dll [C:\Users\ultra\warewolf\Dev\Dev2.Activities.Designers\Dev2.Activities.Designers.csproj]
C:\Program Files\dotnet\sdk\10.0.201\Microsoft.Common.CurrentVersion.targets(2451,5): warning MSB3277:             C:\Users\ultra\.nuget\packages\corewcf.webhttp\1.2.1\lib\netstandard2.0\CoreWCF.WebHttp.dll [C:\Users\ultra\warewolf\Dev\Dev2.Activities.Designers\Dev2.Activities.Designers.csproj]
C:\Program Files\dotnet\sdk\10.0.201\Microsoft.Common.CurrentVersion.targets(2451,5): warning MSB3277:         C:\Program Files\dotnet\packs\Microsoft.NETCore.App.Ref\8.0.25\ref\net8.0\System.Configuration.dll [C:\Users\ultra\warewolf\Dev\Dev2.Activities.Designers\Dev2.Activities.Designers.csproj]
C:\Program Files\dotnet\sdk\10.0.201\Microsoft.Common.CurrentVersion.targets(2451,5): warning MSB3277:           Project file item includes which caused reference "C:\Program Files\dotnet\packs\Microsoft.NETCore.App.Ref\8.0.25\ref\net8.0\System.Configuration.dll". [C:\Users\ultra\warewolf\Dev\Dev2.Activities.Designers\Dev2.Activities.Designers.csproj]
C:\Program Files\dotnet\sdk\10.0.201\Microsoft.Common.CurrentVersion.targets(2451,5): warning MSB3277:             C:\Program Files\dotnet\packs\Microsoft.NETCore.App.Ref\8.0.25\ref/net8.0/System.Configuration.dll [C:\Users\ultra\warewolf\Dev\Dev2.Activities.Designers\Dev2.Activities.Designers.csproj]
C:\Program Files\dotnet\sdk\10.0.201\Microsoft.Common.CurrentVersion.targets(2451,5): warning MSB3277:             C:\Users\ultra\.nuget\packages\prism.wpf\9.0.537\lib\net462\Prism.Wpf.dll [C:\Users\ultra\warewolf\Dev\Dev2.Activities.Designers\Dev2.Activities.Designers.csproj]
C:\Program Files\dotnet\sdk\10.0.201\Microsoft.Common.CurrentVersion.targets(2451,5): warning MSB3277:         C:\Program Files\dotnet\packs\Microsoft.NETCore.App.Ref\8.0.25\ref\net8.0\System.Data.dll [C:\Users\ultra\warewolf\Dev\Dev2.Activities.Designers\Dev2.Activities.Designers.csproj]
C:\Program Files\dotnet\sdk\10.0.201\Microsoft.Common.CurrentVersion.targets(2451,5): warning MSB3277:           Project file item includes which caused reference "C:\Program Files\dotnet\packs\Microsoft.NETCore.App.Ref\8.0.25\ref\net8.0\System.Data.dll". [C:\Users\ultra\warewolf\Dev\Dev2.Activities.Designers\Dev2.Activities.Designers.csproj]
C:\Program Files\dotnet\sdk\10.0.201\Microsoft.Common.CurrentVersion.targets(2451,5): warning MSB3277:             C:\Program Files\dotnet\packs\Microsoft.NETCore.App.Ref\8.0.25\ref/net8.0/System.Data.dll [C:\Users\ultra\warewolf\Dev\Dev2.Activities.Designers\Dev2.Activities.Designers.csproj]
C:\Program Files\dotnet\sdk\10.0.201\Microsoft.Common.CurrentVersion.targets(2451,5): warning MSB3277:             C:\Users\ultra\.nuget\packages\taskschedulereditor\2.10.1\lib\net452\Microsoft.Win32.TaskSchedulerEditor.dll [C:\Users\ultra\warewolf\Dev\Dev2.Activities.Designers\Dev2.Activities.Designers.csproj]
C:\Program Files\dotnet\sdk\10.0.201\Microsoft.Common.CurrentVersion.targets(2451,5): warning MSB3277:         C:\Program Files\dotnet\packs\Microsoft.NETCore.App.Ref\8.0.25\ref\net8.0\System.Drawing.dll [C:\Users\ultra\warewolf\Dev\Dev2.Activities.Designers\Dev2.Activities.Designers.csproj]
C:\Program Files\dotnet\sdk\10.0.201\Microsoft.Common.CurrentVersion.targets(2451,5): warning MSB3277:           Project file item includes which caused reference "C:\Program Files\dotnet\packs\Microsoft.NETCore.App.Ref\8.0.25\ref\net8.0\System.Drawing.dll". [C:\Users\ultra\warewolf\Dev\Dev2.Activities.Designers\Dev2.Activities.Designers.csproj]
C:\Program Files\dotnet\sdk\10.0.201\Microsoft.Common.CurrentVersion.targets(2451,5): warning MSB3277:             C:\Program Files\dotnet\packs\Microsoft.NETCore.App.Ref\8.0.25\ref/net8.0/System.Drawing.dll [C:\Users\ultra\warewolf\Dev\Dev2.Activities.Designers\Dev2.Activities.Designers.csproj]
C:\Program Files\dotnet\sdk\10.0.201\Microsoft.Common.CurrentVersion.targets(2451,5): warning MSB3277:             C:\Users\ultra\.nuget\packages\aerowizard\2.3.1\lib\net45\AeroWizard.dll [C:\Users\ultra\warewolf\Dev\Dev2.Activities.Designers\Dev2.Activities.Designers.csproj]
C:\Program Files\dotnet\sdk\10.0.201\Microsoft.Common.CurrentVersion.targets(2451,5): warning MSB3277:             C:\Users\ultra\.nuget\packages\groupcontrols\1.9.0\lib\net45\GroupControls.dll [C:\Users\ultra\warewolf\Dev\Dev2.Activities.Designers\Dev2.Activities.Designers.csproj]
C:\Program Files\dotnet\sdk\10.0.201\Microsoft.Common.CurrentVersion.targets(2451,5): warning MSB3277:             C:\Users\ultra\.nuget\packages\taskschedulereditor\2.10.1\lib\net452\Microsoft.Win32.TaskSchedulerEditor.dll [C:\Users\ultra\warewolf\Dev\Dev2.Activities.Designers\Dev2.Activities.Designers.csproj]
C:\Program Files\dotnet\sdk\10.0.201\Microsoft.Common.CurrentVersion.targets(2451,5): warning MSB3277:         C:\Program Files\dotnet\packs\Microsoft.NETCore.App.Ref\8.0.25\ref\net8.0\System.Net.dll [C:\Users\ultra\warewolf\Dev\Dev2.Activities.Designers\Dev2.Activities.Designers.csproj]
C:\Program Files\dotnet\sdk\10.0.201\Microsoft.Common.CurrentVersion.targets(2451,5): warning MSB3277:           Project file item includes which caused reference "C:\Program Files\dotnet\packs\Microsoft.NETCore.App.Ref\8.0.25\ref\net8.0\System.Net.dll". [C:\Users\ultra\warewolf\Dev\Dev2.Activities.Designers\Dev2.Activities.Designers.csproj]
C:\Program Files\dotnet\sdk\10.0.201\Microsoft.Common.CurrentVersion.targets(2451,5): warning MSB3277:             C:\Program Files\dotnet\packs\Microsoft.NETCore.App.Ref\8.0.25\ref/net8.0/System.Net.dll [C:\Users\ultra\warewolf\Dev\Dev2.Activities.Designers\Dev2.Activities.Designers.csproj]
C:\Program Files\dotnet\sdk\10.0.201\Microsoft.Common.CurrentVersion.targets(2451,5): warning MSB3277:         C:\Program Files\dotnet\packs\Microsoft.NETCore.App.Ref\8.0.25\ref\net8.0\System.Security.dll [C:\Users\ultra\warewolf\Dev\Dev2.Activities.Designers\Dev2.Activities.Designers.csproj]
C:\Program Files\dotnet\sdk\10.0.201\Microsoft.Common.CurrentVersion.targets(2451,5): warning MSB3277:           Project file item includes which caused reference "C:\Program Files\dotnet\packs\Microsoft.NETCore.App.Ref\8.0.25\ref\net8.0\System.Security.dll". [C:\Users\ultra\warewolf\Dev\Dev2.Activities.Designers\Dev2.Activities.Designers.csproj]
C:\Program Files\dotnet\sdk\10.0.201\Microsoft.Common.CurrentVersion.targets(2451,5): warning MSB3277:             C:\Program Files\dotnet\packs\Microsoft.NETCore.App.Ref\8.0.25\ref/net8.0/System.Security.dll [C:\Users\ultra\warewolf\Dev\Dev2.Activities.Designers\Dev2.Activities.Designers.csproj]
C:\Program Files\dotnet\sdk\10.0.201\Microsoft.Common.CurrentVersion.targets(2451,5): warning MSB3277:         C:\Program Files\dotnet\packs\Microsoft.NETCore.App.Ref\8.0.25\ref\net8.0\System.ServiceProcess.dll [C:\Users\ultra\warewolf\Dev\Dev2.Activities.Designers\Dev2.Activities.Designers.csproj]
C:\Program Files\dotnet\sdk\10.0.201\Microsoft.Common.CurrentVersion.targets(2451,5): warning MSB3277:           Project file item includes which caused reference "C:\Program Files\dotnet\packs\Microsoft.NETCore.App.Ref\8.0.25\ref\net8.0\System.ServiceProcess.dll". [C:\Users\ultra\warewolf\Dev\Dev2.Activities.Designers\Dev2.Activities.Designers.csproj]
C:\Program Files\dotnet\sdk\10.0.201\Microsoft.Common.CurrentVersion.targets(2451,5): warning MSB3277:             C:\Program Files\dotnet\packs\Microsoft.NETCore.App.Ref\8.0.25\ref/net8.0/System.ServiceProcess.dll [C:\Users\ultra\warewolf\Dev\Dev2.Activities.Designers\Dev2.Activities.Designers.csproj]
C:\Program Files\dotnet\sdk\10.0.201\Microsoft.Common.CurrentVersion.targets(2451,5): warning MSB3277:         C:\Program Files\dotnet\packs\Microsoft.NETCore.App.Ref\8.0.25\ref\net8.0\System.Transactions.dll [C:\Users\ultra\warewolf\Dev\Dev2.Activities.Designers\Dev2.Activities.Designers.csproj]
C:\Program Files\dotnet\sdk\10.0.201\Microsoft.Common.CurrentVersion.targets(2451,5): warning MSB3277:           Project file item includes which caused reference "C:\Program Files\dotnet\packs\Microsoft.NETCore.App.Ref\8.0.25\ref\net8.0\System.Transactions.dll". [C:\Users\ultra\warewolf\Dev\Dev2.Activities.Designers\Dev2.Activities.Designers.csproj]
C:\Program Files\dotnet\sdk\10.0.201\Microsoft.Common.CurrentVersion.targets(2451,5): warning MSB3277:             C:\Program Files\dotnet\packs\Microsoft.NETCore.App.Ref\8.0.25\ref/net8.0/System.Transactions.dll [C:\Users\ultra\warewolf\Dev\Dev2.Activities.Designers\Dev2.Activities.Designers.csproj]
C:\Program Files\dotnet\sdk\10.0.201\Microsoft.Common.CurrentVersion.targets(2451,5): warning MSB3277:         C:\Program Files\dotnet\packs\Microsoft.NETCore.App.Ref\8.0.25\ref\net8.0\System.dll [C:\Users\ultra\warewolf\Dev\Dev2.Activities.Designers\Dev2.Activities.Designers.csproj]
C:\Program Files\dotnet\sdk\10.0.201\Microsoft.Common.CurrentVersion.targets(2451,5): warning MSB3277:           Project file item includes which caused reference "C:\Program Files\dotnet\packs\Microsoft.NETCore.App.Ref\8.0.25\ref\net8.0\System.dll". [C:\Users\ultra\warewolf\Dev\Dev2.Activities.Designers\Dev2.Activities.Designers.csproj]
C:\Program Files\dotnet\sdk\10.0.201\Microsoft.Common.CurrentVersion.targets(2451,5): warning MSB3277:             C:\Program Files\dotnet\packs\Microsoft.NETCore.App.Ref\8.0.25\ref/net8.0/System.dll [C:\Users\ultra\warewolf\Dev\Dev2.Activities.Designers\Dev2.Activities.Designers.csproj]
C:\Program Files\dotnet\sdk\10.0.201\Microsoft.Common.CurrentVersion.targets(2451,5): warning MSB3277:             C:\Users\ultra\.nuget\packages\aerowizard\2.3.1\lib\net45\AeroWizard.dll [C:\Users\ultra\warewolf\Dev\Dev2.Activities.Designers\Dev2.Activities.Designers.csproj]
C:\Program Files\dotnet\sdk\10.0.201\Microsoft.Common.CurrentVersion.targets(2451,5): warning MSB3277:             C:\Users\ultra\.nuget\packages\groupcontrols\1.9.0\lib\net45\GroupControls.dll [C:\Users\ultra\warewolf\Dev\Dev2.Activities.Designers\Dev2.Activities.Designers.csproj]
C:\Program Files\dotnet\sdk\10.0.201\Microsoft.Common.CurrentVersion.targets(2451,5): warning MSB3277:             C:\Users\ultra\.nuget\packages\microsoft.xaml.behaviors.wpf\1.1.122\lib\net462\Microsoft.Xaml.Behaviors.dll [C:\Users\ultra\warewolf\Dev\Dev2.Activities.Designers\Dev2.Activities.Designers.csproj]
C:\Program Files\dotnet\sdk\10.0.201\Microsoft.Common.CurrentVersion.targets(2451,5): warning MSB3277:             C:\Users\ultra\.nuget\packages\caliburn.micro\4.0.212\lib\netcoreapp3.1\Caliburn.Micro.Platform.dll [C:\Users\ultra\warewolf\Dev\Dev2.Activities.Designers\Dev2.Activities.Designers.csproj]
C:\Program Files\dotnet\sdk\10.0.201\Microsoft.Common.CurrentVersion.targets(2451,5): warning MSB3277:             C:\Users\ultra\.nuget\packages\prism.wpf\9.0.537\lib\net462\Prism.Wpf.dll [C:\Users\ultra\warewolf\Dev\Dev2.Activities.Designers\Dev2.Activities.Designers.csproj]
C:\Program Files\dotnet\sdk\10.0.201\Microsoft.Common.CurrentVersion.targets(2451,5): warning MSB3277:             C:\Users\ultra\.nuget\packages\reactiveui.wpf\18.4.1\lib\net462\ReactiveUI.Wpf.dll [C:\Users\ultra\warewolf\Dev\Dev2.Activities.Designers\Dev2.Activities.Designers.csproj]
C:\Program Files\dotnet\sdk\10.0.201\Microsoft.Common.CurrentVersion.targets(2451,5): warning MSB3277:             C:\Users\ultra\.nuget\packages\taskschedulereditor\2.10.1\lib\net452\Microsoft.Win32.TaskSchedulerEditor.dll [C:\Users\ultra\warewolf\Dev\Dev2.Activities.Designers\Dev2.Activities.Designers.csproj]
C:\Program Files\dotnet\sdk\10.0.201\Microsoft.Common.CurrentVersion.targets(2451,5): warning MSB3277:             C:\Users\ultra\.nuget\packages\ttcue.netcore.sharepointonline.csom.16.1.8029.1200\16.1.8029.1200\lib\netcoreapp2.0\Microsoft.SharePoint.Client.Runtime.Windows.dll [C:\Users\ultra\warewolf\Dev\Dev2.Activities.Designers\Dev2.Activities.Designers.csproj]
C:\Program Files\dotnet\sdk\10.0.201\Microsoft.Common.CurrentVersion.targets(2451,5): warning MSB3277:         C:\Program Files\dotnet\packs\Microsoft.NETCore.App.Ref\8.0.25\ref\net8.0\WindowsBase.dll [C:\Users\ultra\warewolf\Dev\Dev2.Activities.Designers\Dev2.Activities.Designers.csproj]
C:\Program Files\dotnet\sdk\10.0.201\Microsoft.Common.CurrentVersion.targets(2451,5): warning MSB3277:           Project file item includes which caused reference "C:\Program Files\dotnet\packs\Microsoft.NETCore.App.Ref\8.0.25\ref\net8.0\WindowsBase.dll". [C:\Users\ultra\warewolf\Dev\Dev2.Activities.Designers\Dev2.Activities.Designers.csproj]
C:\Program Files\dotnet\sdk\10.0.201\Microsoft.Common.CurrentVersion.targets(2451,5): warning MSB3277:             C:\Program Files\dotnet\packs\Microsoft.NETCore.App.Ref\8.0.25\ref/net8.0/WindowsBase.dll [C:\Users\ultra\warewolf\Dev\Dev2.Activities.Designers\Dev2.Activities.Designers.csproj]
C:\Program Files\dotnet\sdk\10.0.201\Microsoft.Common.CurrentVersion.targets(2451,5): warning MSB3277:         C:\Program Files\dotnet\packs\Microsoft.NETCore.App.Ref\8.0.25\ref\net8.0\mscorlib.dll [C:\Users\ultra\warewolf\Dev\Dev2.Activities.Designers\Dev2.Activities.Designers.csproj]
C:\Program Files\dotnet\sdk\10.0.201\Microsoft.Common.CurrentVersion.targets(2451,5): warning MSB3277:           Project file item includes which caused reference "C:\Program Files\dotnet\packs\Microsoft.NETCore.App.Ref\8.0.25\ref\net8.0\mscorlib.dll". [C:\Users\ultra\warewolf\Dev\Dev2.Activities.Designers\Dev2.Activities.Designers.csproj]
C:\Program Files\dotnet\sdk\10.0.201\Microsoft.Common.CurrentVersion.targets(2451,5): warning MSB3277:             C:\Program Files\dotnet\packs\Microsoft.NETCore.App.Ref\8.0.25\ref/net8.0/mscorlib.dll [C:\Users\ultra\warewolf\Dev\Dev2.Activities.Designers\Dev2.Activities.Designers.csproj]
C:\Program Files\dotnet\sdk\10.0.201\Microsoft.Common.CurrentVersion.targets(2451,5): warning MSB3277:             C:\Users\ultra\.nuget\packages\aerowizard\2.3.1\lib\net45\AeroWizard.dll [C:\Users\ultra\warewolf\Dev\Dev2.Activities.Designers\Dev2.Activities.Designers.csproj]
C:\Program Files\dotnet\sdk\10.0.201\Microsoft.Common.CurrentVersion.targets(2451,5): warning MSB3277:             C:\Users\ultra\.nuget\packages\groupcontrols\1.9.0\lib\net45\GroupControls.dll [C:\Users\ultra\warewolf\Dev\Dev2.Activities.Designers\Dev2.Activities.Designers.csproj]
C:\Program Files\dotnet\sdk\10.0.201\Microsoft.Common.CurrentVersion.targets(2451,5): warning MSB3277:             C:\Users\ultra\.nuget\packages\hangfire.core\1.7.32\lib\netstandard2.0\Hangfire.Core.dll [C:\Users\ultra\warewolf\Dev\Dev2.Activities.Designers\Dev2.Activities.Designers.csproj]
C:\Program Files\dotnet\sdk\10.0.201\Microsoft.Common.CurrentVersion.targets(2451,5): warning MSB3277:             C:\Users\ultra\warewolf\Dev\Dev2.Activities\bin\Debug\net8.0\Dev2.Activities.dll [C:\Users\ultra\warewolf\Dev\Dev2.Activities.Designers\Dev2.Activities.Designers.csproj]
C:\Program Files\dotnet\sdk\10.0.201\Microsoft.Common.CurrentVersion.targets(2451,5): warning MSB3277:             C:\Users\ultra\warewolf\Dev\Dev2.Studio.Core\bin\Debug\net8.0\Dev2.Studio.Core.dll [C:\Users\ultra\warewolf\Dev\Dev2.Activities.Designers\Dev2.Activities.Designers.csproj]
C:\Program Files\dotnet\sdk\10.0.201\Microsoft.Common.CurrentVersion.targets(2451,5): warning MSB3277:             C:\Users\ultra\warewolf\Dev\Dev2.Intellisense\bin\Debug\net8.0\Dev2.Intellisense.dll [C:\Users\ultra\warewolf\Dev\Dev2.Activities.Designers\Dev2.Activities.Designers.csproj]
C:\Program Files\dotnet\sdk\10.0.201\Microsoft.Common.CurrentVersion.targets(2451,5): warning MSB3277:             C:\Users\ultra\warewolf\Dev\Warewolf.Driver.Persistence\bin\Debug\net8.0\Warewolf.Driver.Persistence.dll [C:\Users\ultra\warewolf\Dev\Dev2.Activities.Designers\Dev2.Activities.Designers.csproj]
C:\Program Files\dotnet\sdk\10.0.201\Microsoft.Common.CurrentVersion.targets(2451,5): warning MSB3277:             C:\Users\ultra\.nuget\packages\hangfire.sqlserver\1.7.32\lib\netstandard2.0\Hangfire.SqlServer.dll [C:\Users\ultra\warewolf\Dev\Dev2.Activities.Designers\Dev2.Activities.Designers.csproj]
C:\Program Files\dotnet\sdk\10.0.201\Microsoft.Common.CurrentVersion.targets(2451,5): warning MSB3277:             C:\Users\ultra\.nuget\packages\microsoft.xaml.behaviors.wpf\1.1.122\lib\net462\Microsoft.Xaml.Behaviors.dll [C:\Users\ultra\warewolf\Dev\Dev2.Activities.Designers\Dev2.Activities.Designers.csproj]
C:\Program Files\dotnet\sdk\10.0.201\Microsoft.Common.CurrentVersion.targets(2451,5): warning MSB3277:             C:\Users\ultra\.nuget\packages\caliburn.micro\4.0.212\lib\netcoreapp3.1\Caliburn.Micro.Platform.dll [C:\Users\ultra\warewolf\Dev\Dev2.Activities.Designers\Dev2.Activities.Designers.csproj]
C:\Program Files\dotnet\sdk\10.0.201\Microsoft.Common.CurrentVersion.targets(2451,5): warning MSB3277:             C:\Users\ultra\.nuget\packages\oracle.manageddataaccess.core\3.21.70\lib\netstandard2.1\Oracle.ManagedDataAccess.dll [C:\Users\ultra\warewolf\Dev\Dev2.Activities.Designers\Dev2.Activities.Designers.csproj]
C:\Program Files\dotnet\sdk\10.0.201\Microsoft.Common.CurrentVersion.targets(2451,5): warning MSB3277:             C:\Users\ultra\warewolf\Dev\Dev2.Runtime.Services\bin\Debug\net8.0\Dev2.Runtime.Services.dll [C:\Users\ultra\warewolf\Dev\Dev2.Activities.Designers\Dev2.Activities.Designers.csproj]
C:\Program Files\dotnet\sdk\10.0.201\Microsoft.Common.CurrentVersion.targets(2451,5): warning MSB3277:             C:\Users\ultra\warewolf\Dev\Dev2.Studio.Interfaces\bin\Debug\net8.0\Dev2.Studio.Interfaces.dll [C:\Users\ultra\warewolf\Dev\Dev2.Activities.Designers\Dev2.Activities.Designers.csproj]
C:\Program Files\dotnet\sdk\10.0.201\Microsoft.Common.CurrentVersion.targets(2451,5): warning MSB3277:             C:\Users\ultra\warewolf\Dev\Warewolf.Studio.Core\bin\Debug\net8.0\Warewolf.Studio.Core.dll [C:\Users\ultra\warewolf\Dev\Dev2.Activities.Designers\Dev2.Activities.Designers.csproj]
C:\Program Files\dotnet\sdk\10.0.201\Microsoft.Common.CurrentVersion.targets(2451,5): warning MSB3277:             C:\Users\ultra\warewolf\Dev\Warewolf.Studio.CustomControls\bin\Debug\net8.0\Warewolf.Studio.CustomControls.dll [C:\Users\ultra\warewolf\Dev\Dev2.Activities.Designers\Dev2.Activities.Designers.csproj]
C:\Program Files\dotnet\sdk\10.0.201\Microsoft.Common.CurrentVersion.targets(2451,5): warning MSB3277:             C:\Users\ultra\warewolf\Dev\Warewolf.Studio.Models\bin\Debug\net8.0\Warewolf.Studio.Models.dll [C:\Users\ultra\warewolf\Dev\Dev2.Activities.Designers\Dev2.Activities.Designers.csproj]
C:\Program Files\dotnet\sdk\10.0.201\Microsoft.Common.CurrentVersion.targets(2451,5): warning MSB3277:             C:\Users\ultra\warewolf\Dev\Dev2.Services.Execution\bin\Debug\net8.0\Dev2.Services.Execution.dll [C:\Users\ultra\warewolf\Dev\Dev2.Activities.Designers\Dev2.Activities.Designers.csproj]
C:\Program Files\dotnet\sdk\10.0.201\Microsoft.Common.CurrentVersion.targets(2451,5): warning MSB3277:             C:\Users\ultra\warewolf\Dev\Dev2.Services.Sql\bin\Debug\net8.0\Dev2.Services.Sql.dll [C:\Users\ultra\warewolf\Dev\Dev2.Activities.Designers\Dev2.Activities.Designers.csproj]
C:\Program Files\dotnet\sdk\10.0.201\Microsoft.Common.CurrentVersion.targets(2451,5): warning MSB3277:             C:\Users\ultra\.nuget\packages\prism.wpf\9.0.537\lib\net462\Prism.Wpf.dll [C:\Users\ultra\warewolf\Dev\Dev2.Activities.Designers\Dev2.Activities.Designers.csproj]
C:\Program Files\dotnet\sdk\10.0.201\Microsoft.Common.CurrentVersion.targets(2451,5): warning MSB3277:             C:\Users\ultra\.nuget\packages\reactiveui.wpf\18.4.1\lib\net462\ReactiveUI.Wpf.dll [C:\Users\ultra\warewolf\Dev\Dev2.Activities.Designers\Dev2.Activities.Designers.csproj]
C:\Program Files\dotnet\sdk\10.0.201\Microsoft.Common.CurrentVersion.targets(2451,5): warning MSB3277:             C:\Users\ultra\.nuget\packages\taskschedulereditor\2.10.1\lib\net452\Microsoft.Win32.TaskSchedulerEditor.dll [C:\Users\ultra\warewolf\Dev\Dev2.Activities.Designers\Dev2.Activities.Designers.csproj]
C:\Program Files\dotnet\sdk\10.0.201\Microsoft.Common.CurrentVersion.targets(2451,5): warning MSB3277:             C:\Users\ultra\.nuget\packages\ttcue.netcore.sharepointonline.csom.16.1.8029.1200\16.1.8029.1200\lib\netcoreapp2.0\Microsoft.SharePoint.Client.Runtime.Windows.dll [C:\Users\ultra\warewolf\Dev\Dev2.Activities.Designers\Dev2.Activities.Designers.csproj]
C:\Program Files\dotnet\sdk\10.0.201\Microsoft.Common.CurrentVersion.targets(2451,5): warning MSB3277:         C:\Users\ultra\warewolf\Dev\Dev2.Development.Languages\bin\Debug\net8.0\IronRuby.dll [C:\Users\ultra\warewolf\Dev\Dev2.Activities.Designers\Dev2.Activities.Designers.csproj]
C:\Program Files\dotnet\sdk\10.0.201\Microsoft.Common.CurrentVersion.targets(2451,5): warning MSB3277:           Project file item includes which caused reference "C:\Users\ultra\warewolf\Dev\Dev2.Development.Languages\bin\Debug\net8.0\IronRuby.dll". [C:\Users\ultra\warewolf\Dev\Dev2.Activities.Designers\Dev2.Activities.Designers.csproj]
C:\Program Files\dotnet\sdk\10.0.201\Microsoft.Common.CurrentVersion.targets(2451,5): warning MSB3277:             C:\Users\ultra\warewolf\Dev\Dev2.Development.Languages\bin\Debug\net8.0\Dev2.Development.Languages.dll [C:\Users\ultra\warewolf\Dev\Dev2.Activities.Designers\Dev2.Activities.Designers.csproj]
C:\Program Files\dotnet\sdk\10.0.201\Microsoft.Common.CurrentVersion.targets(2451,5): warning MSB3277:             C:\Users\ultra\warewolf\Dev\Dev2.Activities\bin\Debug\net8.0\Dev2.Activities.dll [C:\Users\ultra\warewolf\Dev\Dev2.Activities.Designers\Dev2.Activities.Designers.csproj]
C:\Program Files\dotnet\sdk\10.0.201\Microsoft.Common.CurrentVersion.targets(2451,5): warning MSB3277:             C:\Users\ultra\warewolf\Dev\Dev2.Studio.Core\bin\Debug\net8.0\Dev2.Studio.Core.dll [C:\Users\ultra\warewolf\Dev\Dev2.Activities.Designers\Dev2.Activities.Designers.csproj]
C:\Program Files\dotnet\sdk\10.0.201\Microsoft.Common.CurrentVersion.targets(2451,5): warning MSB3277:             C:\Users\ultra\warewolf\Dev\Dev2.Intellisense\bin\Debug\net8.0\Dev2.Intellisense.dll [C:\Users\ultra\warewolf\Dev\Dev2.Activities.Designers\Dev2.Activities.Designers.csproj]
C:\Program Files\dotnet\sdk\10.0.201\Microsoft.Common.CurrentVersion.targets(2451,5): warning MSB3277:         C:\Users\ultra\warewolf\Dev\Dev2.Development.Languages\bin\Debug\net8.0\IronRuby.Libraries.dll [C:\Users\ultra\warewolf\Dev\Dev2.Activities.Designers\Dev2.Activities.Designers.csproj]
C:\Program Files\dotnet\sdk\10.0.201\Microsoft.Common.CurrentVersion.targets(2451,5): warning MSB3277:           Project file item includes which caused reference "C:\Users\ultra\warewolf\Dev\Dev2.Development.Languages\bin\Debug\net8.0\IronRuby.Libraries.dll". [C:\Users\ultra\warewolf\Dev\Dev2.Activities.Designers\Dev2.Activities.Designers.csproj]
C:\Program Files\dotnet\sdk\10.0.201\Microsoft.Common.CurrentVersion.targets(2451,5): warning MSB3277:             C:\Users\ultra\warewolf\Dev\Dev2.Development.Languages\bin\Debug\net8.0\Dev2.Development.Languages.dll [C:\Users\ultra\warewolf\Dev\Dev2.Activities.Designers\Dev2.Activities.Designers.csproj]
C:\Program Files\dotnet\sdk\10.0.201\Microsoft.Common.CurrentVersion.targets(2451,5): warning MSB3277:             C:\Users\ultra\warewolf\Dev\Dev2.Activities\bin\Debug\net8.0\Dev2.Activities.dll [C:\Users\ultra\warewolf\Dev\Dev2.Activities.Designers\Dev2.Activities.Designers.csproj]
C:\Program Files\dotnet\sdk\10.0.201\Microsoft.Common.CurrentVersion.targets(2451,5): warning MSB3277:             C:\Users\ultra\warewolf\Dev\Dev2.Studio.Core\bin\Debug\net8.0\Dev2.Studio.Core.dll [C:\Users\ultra\warewolf\Dev\Dev2.Activities.Designers\Dev2.Activities.Designers.csproj]
C:\Program Files\dotnet\sdk\10.0.201\Microsoft.Common.CurrentVersion.targets(2451,5): warning MSB3277:             C:\Users\ultra\warewolf\Dev\Dev2.Intellisense\bin\Debug\net8.0\Dev2.Intellisense.dll [C:\Users\ultra\warewolf\Dev\Dev2.Activities.Designers\Dev2.Activities.Designers.csproj]
C:\Program Files\dotnet\sdk\10.0.201\Microsoft.Common.CurrentVersion.targets(2451,5): warning MSB3277: Found conflicts between different versions of "WindowsBase" that could not be resolved. [C:\Users\ultra\warewolf\Dev\Dev2.Activities.Designers\Dev2.Activities.Designers.csproj]
C:\Program Files\dotnet\sdk\10.0.201\Microsoft.Common.CurrentVersion.targets(2451,5): warning MSB3277: There was a conflict between "WindowsBase, Version=4.0.0.0, Culture=neutral, PublicKeyToken=31bf3856ad364e35" and "WindowsBase, Version=6.0.2.0, Culture=neutral, PublicKeyToken=31bf3856ad364e35". [C:\Users\ultra\warewolf\Dev\Dev2.Activities.Designers\Dev2.Activities.Designers.csproj]
C:\Program Files\dotnet\sdk\10.0.201\Microsoft.Common.CurrentVersion.targets(2451,5): warning MSB3277:     "WindowsBase, Version=4.0.0.0, Culture=neutral, PublicKeyToken=31bf3856ad364e35" was chosen because it was primary and "WindowsBase, Version=6.0.2.0, Culture=neutral, PublicKeyToken=31bf3856ad364e35" was not. [C:\Users\ultra\warewolf\Dev\Dev2.Activities.Designers\Dev2.Activities.Designers.csproj]
C:\Program Files\dotnet\sdk\10.0.201\Microsoft.Common.CurrentVersion.targets(2451,5): warning MSB3277:     References which depend on "WindowsBase, Version=4.0.0.0, Culture=neutral, PublicKeyToken=31bf3856ad364e35" [C:\Program Files\dotnet\packs\Microsoft.NETCore.App.Ref\8.0.25\ref\net8.0\WindowsBase.dll]. [C:\Users\ultra\warewolf\Dev\Dev2.Activities.Designers\Dev2.Activities.Designers.csproj]
C:\Program Files\dotnet\sdk\10.0.201\Microsoft.Common.CurrentVersion.targets(2451,5): warning MSB3277:         C:\Program Files\dotnet\packs\Microsoft.NETCore.App.Ref\8.0.25\ref\net8.0\WindowsBase.dll [C:\Users\ultra\warewolf\Dev\Dev2.Activities.Designers\Dev2.Activities.Designers.csproj]
C:\Program Files\dotnet\sdk\10.0.201\Microsoft.Common.CurrentVersion.targets(2451,5): warning MSB3277:           Project file item includes which caused reference "C:\Program Files\dotnet\packs\Microsoft.NETCore.App.Ref\8.0.25\ref\net8.0\WindowsBase.dll". [C:\Users\ultra\warewolf\Dev\Dev2.Activities.Designers\Dev2.Activities.Designers.csproj]
C:\Program Files\dotnet\sdk\10.0.201\Microsoft.Common.CurrentVersion.targets(2451,5): warning MSB3277:             C:\Program Files\dotnet\packs\Microsoft.NETCore.App.Ref\8.0.25\ref/net8.0/WindowsBase.dll [C:\Users\ultra\warewolf\Dev\Dev2.Activities.Designers\Dev2.Activities.Designers.csproj]
C:\Program Files\dotnet\sdk\10.0.201\Microsoft.Common.CurrentVersion.targets(2451,5): warning MSB3277:     References which depend on or have been unified to "WindowsBase, Version=6.0.2.0, Culture=neutral, PublicKeyToken=31bf3856ad364e35" []. [C:\Users\ultra\warewolf\Dev\Dev2.Activities.Designers\Dev2.Activities.Designers.csproj]
C:\Program Files\dotnet\sdk\10.0.201\Microsoft.Common.CurrentVersion.targets(2451,5): warning MSB3277:         C:\Users\ultra\warewolf\Dev\Binaries\Infragistcs_Net6\InfragisticsWPF4.Controls.Editors.XamComboEditor.v15.1.dll [C:\Users\ultra\warewolf\Dev\Dev2.Activities.Designers\Dev2.Activities.Designers.csproj]
C:\Program Files\dotnet\sdk\10.0.201\Microsoft.Common.CurrentVersion.targets(2451,5): warning MSB3277:           Project file item includes which caused reference "C:\Users\ultra\warewolf\Dev\Binaries\Infragistcs_Net6\InfragisticsWPF4.Controls.Editors.XamComboEditor.v15.1.dll". [C:\Users\ultra\warewolf\Dev\Dev2.Activities.Designers\Dev2.Activities.Designers.csproj]
C:\Program Files\dotnet\sdk\10.0.201\Microsoft.Common.CurrentVersion.targets(2451,5): warning MSB3277:             InfragisticsWPF4.Controls.Editors.XamComboEditor.v15.1, Version=15.1.20151.2055, Culture=neutral, processorArchitecture=MSIL [C:\Users\ultra\warewolf\Dev\Dev2.Activities.Designers\Dev2.Activities.Designers.csproj]
C:\Program Files\dotnet\sdk\10.0.201\Microsoft.Common.CurrentVersion.targets(2451,5): warning MSB3277:         C:\Users\ultra\warewolf\Dev\Binaries\Infragistcs_Net6\InfragisticsWPF4.Controls.Grids.XamGrid.v15.1.dll [C:\Users\ultra\warewolf\Dev\Dev2.Activities.Designers\Dev2.Activities.Designers.csproj]
C:\Program Files\dotnet\sdk\10.0.201\Microsoft.Common.CurrentVersion.targets(2451,5): warning MSB3277:           Project file item includes which caused reference "C:\Users\ultra\warewolf\Dev\Binaries\Infragistcs_Net6\InfragisticsWPF4.Controls.Grids.XamGrid.v15.1.dll". [C:\Users\ultra\warewolf\Dev\Dev2.Activities.Designers\Dev2.Activities.Designers.csproj]
C:\Program Files\dotnet\sdk\10.0.201\Microsoft.Common.CurrentVersion.targets(2451,5): warning MSB3277:             InfragisticsWPF4.Controls.Grids.XamGrid.v15.1 [C:\Users\ultra\warewolf\Dev\Dev2.Activities.Designers\Dev2.Activities.Designers.csproj]
C:\Program Files\dotnet\sdk\10.0.201\Microsoft.Common.CurrentVersion.targets(2451,5): warning MSB3277:         C:\Users\ultra\warewolf\Dev\Binaries\Infragistcs_Net6\InfragisticsWPF4.Controls.Interactions.XamDialogWindow.v15.1.dll [C:\Users\ultra\warewolf\Dev\Dev2.Activities.Designers\Dev2.Activities.Designers.csproj]
C:\Program Files\dotnet\sdk\10.0.201\Microsoft.Common.CurrentVersion.targets(2451,5): warning MSB3277:           Project file item includes which caused reference "C:\Users\ultra\warewolf\Dev\Binaries\Infragistcs_Net6\InfragisticsWPF4.Controls.Interactions.XamDialogWindow.v15.1.dll". [C:\Users\ultra\warewolf\Dev\Dev2.Activities.Designers\Dev2.Activities.Designers.csproj]
C:\Program Files\dotnet\sdk\10.0.201\Microsoft.Common.CurrentVersion.targets(2451,5): warning MSB3277:             InfragisticsWPF4.Controls.Interactions.XamDialogWindow.v15.1, Version=15.1.20151.2055, Culture=neutral, PublicKeyToken=7dd5c3163f2cd0cb, processorArchitecture=MSIL [C:\Users\ultra\warewolf\Dev\Dev2.Activities.Designers\Dev2.Activities.Designers.csproj]
C:\Program Files\dotnet\sdk\10.0.201\Microsoft.Common.CurrentVersion.targets(2451,5): warning MSB3277:         C:\Users\ultra\warewolf\Dev\Binaries\Infragistcs_Net6\InfragisticsWPF4.Controls.Menus.XamDataTree.v15.1.dll [C:\Users\ultra\warewolf\Dev\Dev2.Activities.Designers\Dev2.Activities.Designers.csproj]
C:\Program Files\dotnet\sdk\10.0.201\Microsoft.Common.CurrentVersion.targets(2451,5): warning MSB3277:           Project file item includes which caused reference "C:\Users\ultra\warewolf\Dev\Binaries\Infragistcs_Net6\InfragisticsWPF4.Controls.Menus.XamDataTree.v15.1.dll". [C:\Users\ultra\warewolf\Dev\Dev2.Activities.Designers\Dev2.Activities.Designers.csproj]
C:\Program Files\dotnet\sdk\10.0.201\Microsoft.Common.CurrentVersion.targets(2451,5): warning MSB3277:             InfragisticsWPF4.Controls.Menus.XamDataTree.v15.1 [C:\Users\ultra\warewolf\Dev\Dev2.Activities.Designers\Dev2.Activities.Designers.csproj]
C:\Program Files\dotnet\sdk\10.0.201\Microsoft.Common.CurrentVersion.targets(2451,5): warning MSB3277:         C:\Users\ultra\warewolf\Dev\Binaries\Infragistcs_Net6\InfragisticsWPF4.Controls.Menus.XamMenu.v15.1.dll [C:\Users\ultra\warewolf\Dev\Dev2.Activities.Designers\Dev2.Activities.Designers.csproj]
C:\Program Files\dotnet\sdk\10.0.201\Microsoft.Common.CurrentVersion.targets(2451,5): warning MSB3277:           Project file item includes which caused reference "C:\Users\ultra\warewolf\Dev\Binaries\Infragistcs_Net6\InfragisticsWPF4.Controls.Menus.XamMenu.v15.1.dll". [C:\Users\ultra\warewolf\Dev\Dev2.Activities.Designers\Dev2.Activities.Designers.csproj]
C:\Program Files\dotnet\sdk\10.0.201\Microsoft.Common.CurrentVersion.targets(2451,5): warning MSB3277:             InfragisticsWPF4.Controls.Menus.XamMenu.v15.1, Version=15.1.20151.2055, Culture=neutral, processorArchitecture=MSIL [C:\Users\ultra\warewolf\Dev\Dev2.Activities.Designers\Dev2.Activities.Designers.csproj]
C:\Program Files\dotnet\sdk\10.0.201\Microsoft.Common.CurrentVersion.targets(2451,5): warning MSB3277:             InfragisticsWPF4.Controls.Grids.XamGrid.v15.1 [C:\Users\ultra\warewolf\Dev\Dev2.Activities.Designers\Dev2.Activities.Designers.csproj]
C:\Program Files\dotnet\sdk\10.0.201\Microsoft.Common.CurrentVersion.targets(2451,5): warning MSB3277:         C:\Users\ultra\warewolf\Dev\Binaries\Infragistcs_Net6\InfragisticsWPF4.DataManager.v15.1.dll [C:\Users\ultra\warewolf\Dev\Dev2.Activities.Designers\Dev2.Activities.Designers.csproj]
C:\Program Files\dotnet\sdk\10.0.201\Microsoft.Common.CurrentVersion.targets(2451,5): warning MSB3277:           Project file item includes which caused reference "C:\Users\ultra\warewolf\Dev\Binaries\Infragistcs_Net6\InfragisticsWPF4.DataManager.v15.1.dll". [C:\Users\ultra\warewolf\Dev\Dev2.Activities.Designers\Dev2.Activities.Designers.csproj]
C:\Program Files\dotnet\sdk\10.0.201\Microsoft.Common.CurrentVersion.targets(2451,5): warning MSB3277:             InfragisticsWPF4.DataManager.v15.1, Version=15.1.20151.2188, Culture=neutral, PublicKeyToken=7dd5c3163f2cd0cb, processorArchitecture=MSIL [C:\Users\ultra\warewolf\Dev\Dev2.Activities.Designers\Dev2.Activities.Designers.csproj]
C:\Program Files\dotnet\sdk\10.0.201\Microsoft.Common.CurrentVersion.targets(2451,5): warning MSB3277:             InfragisticsWPF4.Controls.Editors.XamComboEditor.v15.1, Version=15.1.20151.2055, Culture=neutral, processorArchitecture=MSIL [C:\Users\ultra\warewolf\Dev\Dev2.Activities.Designers\Dev2.Activities.Designers.csproj]
C:\Program Files\dotnet\sdk\10.0.201\Microsoft.Common.CurrentVersion.targets(2451,5): warning MSB3277:             InfragisticsWPF4.Controls.Grids.XamGrid.v15.1 [C:\Users\ultra\warewolf\Dev\Dev2.Activities.Designers\Dev2.Activities.Designers.csproj]
C:\Program Files\dotnet\sdk\10.0.201\Microsoft.Common.CurrentVersion.targets(2451,5): warning MSB3277:             InfragisticsWPF4.Controls.Menus.XamDataTree.v15.1 [C:\Users\ultra\warewolf\Dev\Dev2.Activities.Designers\Dev2.Activities.Designers.csproj]
C:\Program Files\dotnet\sdk\10.0.201\Microsoft.Common.CurrentVersion.targets(2451,5): warning MSB3277:         C:\Users\ultra\warewolf\Dev\Binaries\Infragistcs_Net6\InfragisticsWPF4.Editors.v15.1.dll [C:\Users\ultra\warewolf\Dev\Dev2.Activities.Designers\Dev2.Activities.Designers.csproj]
C:\Program Files\dotnet\sdk\10.0.201\Microsoft.Common.CurrentVersion.targets(2451,5): warning MSB3277:           Project file item includes which caused reference "C:\Users\ultra\warewolf\Dev\Binaries\Infragistcs_Net6\InfragisticsWPF4.Editors.v15.1.dll". [C:\Users\ultra\warewolf\Dev\Dev2.Activities.Designers\Dev2.Activities.Designers.csproj]
C:\Program Files\dotnet\sdk\10.0.201\Microsoft.Common.CurrentVersion.targets(2451,5): warning MSB3277:             InfragisticsWPF4.Editors.v15.1, Version=15.1.20151.2055, Culture=neutral, processorArchitecture=MSIL [C:\Users\ultra\warewolf\Dev\Dev2.Activities.Designers\Dev2.Activities.Designers.csproj]
C:\Program Files\dotnet\sdk\10.0.201\Microsoft.Common.CurrentVersion.targets(2451,5): warning MSB3277:         C:\Users\ultra\warewolf\Dev\Binaries\Infragistcs_Net6\InfragisticsWPF4.v15.1.dll [C:\Users\ultra\warewolf\Dev\Dev2.Activities.Designers\Dev2.Activities.Designers.csproj]
C:\Program Files\dotnet\sdk\10.0.201\Microsoft.Common.CurrentVersion.targets(2451,5): warning MSB3277:           Project file item includes which caused reference "C:\Users\ultra\warewolf\Dev\Binaries\Infragistcs_Net6\InfragisticsWPF4.v15.1.dll". [C:\Users\ultra\warewolf\Dev\Dev2.Activities.Designers\Dev2.Activities.Designers.csproj]
C:\Program Files\dotnet\sdk\10.0.201\Microsoft.Common.CurrentVersion.targets(2451,5): warning MSB3277:             InfragisticsWPF4.v15.1, Version=15.1.20151.2055, Culture=neutral, PublicKeyToken=7dd5c3163f2cd0cb, processorArchitecture=MSIL [C:\Users\ultra\warewolf\Dev\Dev2.Activities.Designers\Dev2.Activities.Designers.csproj]
C:\Program Files\dotnet\sdk\10.0.201\Microsoft.Common.CurrentVersion.targets(2451,5): warning MSB3277:             InfragisticsWPF4.Controls.Editors.XamComboEditor.v15.1, Version=15.1.20151.2055, Culture=neutral, processorArchitecture=MSIL [C:\Users\ultra\warewolf\Dev\Dev2.Activities.Designers\Dev2.Activities.Designers.csproj]
C:\Program Files\dotnet\sdk\10.0.201\Microsoft.Common.CurrentVersion.targets(2451,5): warning MSB3277:             InfragisticsWPF4.Controls.Grids.XamGrid.v15.1 [C:\Users\ultra\warewolf\Dev\Dev2.Activities.Designers\Dev2.Activities.Designers.csproj]
C:\Program Files\dotnet\sdk\10.0.201\Microsoft.Common.CurrentVersion.targets(2451,5): warning MSB3277:             InfragisticsWPF4.Controls.Interactions.XamDialogWindow.v15.1, Version=15.1.20151.2055, Culture=neutral, PublicKeyToken=7dd5c3163f2cd0cb, processorArchitecture=MSIL [C:\Users\ultra\warewolf\Dev\Dev2.Activities.Designers\Dev2.Activities.Designers.csproj]
C:\Program Files\dotnet\sdk\10.0.201\Microsoft.Common.CurrentVersion.targets(2451,5): warning MSB3277:             InfragisticsWPF4.Controls.Menus.XamDataTree.v15.1 [C:\Users\ultra\warewolf\Dev\Dev2.Activities.Designers\Dev2.Activities.Designers.csproj]
C:\Program Files\dotnet\sdk\10.0.201\Microsoft.Common.CurrentVersion.targets(2451,5): warning MSB3277:             InfragisticsWPF4.Controls.Menus.XamMenu.v15.1, Version=15.1.20151.2055, Culture=neutral, processorArchitecture=MSIL [C:\Users\ultra\warewolf\Dev\Dev2.Activities.Designers\Dev2.Activities.Designers.csproj]
C:\Program Files\dotnet\sdk\10.0.201\Microsoft.Common.CurrentVersion.targets(2451,5): warning MSB3277:             InfragisticsWPF4.DataManager.v15.1, Version=15.1.20151.2188, Culture=neutral, PublicKeyToken=7dd5c3163f2cd0cb, processorArchitecture=MSIL [C:\Users\ultra\warewolf\Dev\Dev2.Activities.Designers\Dev2.Activities.Designers.csproj]
C:\Program Files\dotnet\sdk\10.0.201\Microsoft.Common.CurrentVersion.targets(2451,5): warning MSB3277:             InfragisticsWPF4.Editors.v15.1, Version=15.1.20151.2055, Culture=neutral, processorArchitecture=MSIL [C:\Users\ultra\warewolf\Dev\Dev2.Activities.Designers\Dev2.Activities.Designers.csproj]
C:\Program Files\dotnet\sdk\10.0.201\Microsoft.Common.CurrentVersion.targets(2451,5): warning MSB3277:         C:\Users\ultra\.nuget\packages\caliburn.micro\4.0.212\lib\netcoreapp3.1\Caliburn.Micro.Platform.dll [C:\Users\ultra\warewolf\Dev\Dev2.Activities.Designers\Dev2.Activities.Designers.csproj]
C:\Program Files\dotnet\sdk\10.0.201\Microsoft.Common.CurrentVersion.targets(2451,5): warning MSB3277:           Project file item includes which caused reference "C:\Users\ultra\.nuget\packages\caliburn.micro\4.0.212\lib\netcoreapp3.1\Caliburn.Micro.Platform.dll". [C:\Users\ultra\warewolf\Dev\Dev2.Activities.Designers\Dev2.Activities.Designers.csproj]
C:\Program Files\dotnet\sdk\10.0.201\Microsoft.Common.CurrentVersion.targets(2451,5): warning MSB3277:             C:\Users\ultra\.nuget\packages\caliburn.micro\4.0.212\lib\netcoreapp3.1\Caliburn.Micro.Platform.dll [C:\Users\ultra\warewolf\Dev\Dev2.Activities.Designers\Dev2.Activities.Designers.csproj]
C:\Program Files\dotnet\sdk\10.0.201\Microsoft.Common.CurrentVersion.targets(2451,5): warning MSB3277:         C:\Users\ultra\.nuget\packages\extended.wpf.toolkit\4.4.0\lib\net5.0\Xceed.Wpf.AvalonDock.NET5.dll [C:\Users\ultra\warewolf\Dev\Dev2.Activities.Designers\Dev2.Activities.Designers.csproj]
C:\Program Files\dotnet\sdk\10.0.201\Microsoft.Common.CurrentVersion.targets(2451,5): warning MSB3277:           Project file item includes which caused reference "C:\Users\ultra\.nuget\packages\extended.wpf.toolkit\4.4.0\lib\net5.0\Xceed.Wpf.AvalonDock.NET5.dll". [C:\Users\ultra\warewolf\Dev\Dev2.Activities.Designers\Dev2.Activities.Designers.csproj]
C:\Program Files\dotnet\sdk\10.0.201\Microsoft.Common.CurrentVersion.targets(2451,5): warning MSB3277:             C:\Users\ultra\.nuget\packages\extended.wpf.toolkit\4.4.0\lib\net5.0\Xceed.Wpf.AvalonDock.NET5.dll [C:\Users\ultra\warewolf\Dev\Dev2.Activities.Designers\Dev2.Activities.Designers.csproj]
C:\Program Files\dotnet\sdk\10.0.201\Microsoft.Common.CurrentVersion.targets(2451,5): warning MSB3277:             C:\Users\ultra\.nuget\packages\extended.wpf.toolkit\4.4.0\lib\net5.0\Xceed.Wpf.AvalonDock.Themes.Aero.NET5.dll [C:\Users\ultra\warewolf\Dev\Dev2.Activities.Designers\Dev2.Activities.Designers.csproj]
C:\Program Files\dotnet\sdk\10.0.201\Microsoft.Common.CurrentVersion.targets(2451,5): warning MSB3277:             C:\Users\ultra\.nuget\packages\extended.wpf.toolkit\4.4.0\lib\net5.0\Xceed.Wpf.AvalonDock.Themes.Metro.NET5.dll [C:\Users\ultra\warewolf\Dev\Dev2.Activities.Designers\Dev2.Activities.Designers.csproj]
C:\Program Files\dotnet\sdk\10.0.201\Microsoft.Common.CurrentVersion.targets(2451,5): warning MSB3277:             C:\Users\ultra\.nuget\packages\extended.wpf.toolkit\4.4.0\lib\net5.0\Xceed.Wpf.AvalonDock.Themes.VS2010.NET5.dll [C:\Users\ultra\warewolf\Dev\Dev2.Activities.Designers\Dev2.Activities.Designers.csproj]
C:\Program Files\dotnet\sdk\10.0.201\Microsoft.Common.CurrentVersion.targets(2451,5): warning MSB3277:         C:\Users\ultra\.nuget\packages\extended.wpf.toolkit\4.4.0\lib\net5.0\Xceed.Wpf.AvalonDock.Themes.Aero.NET5.dll [C:\Users\ultra\warewolf\Dev\Dev2.Activities.Designers\Dev2.Activities.Designers.csproj]
C:\Program Files\dotnet\sdk\10.0.201\Microsoft.Common.CurrentVersion.targets(2451,5): warning MSB3277:           Project file item includes which caused reference "C:\Users\ultra\.nuget\packages\extended.wpf.toolkit\4.4.0\lib\net5.0\Xceed.Wpf.AvalonDock.Themes.Aero.NET5.dll". [C:\Users\ultra\warewolf\Dev\Dev2.Activities.Designers\Dev2.Activities.Designers.csproj]
C:\Program Files\dotnet\sdk\10.0.201\Microsoft.Common.CurrentVersion.targets(2451,5): warning MSB3277:             C:\Users\ultra\.nuget\packages\extended.wpf.toolkit\4.4.0\lib\net5.0\Xceed.Wpf.AvalonDock.Themes.Aero.NET5.dll [C:\Users\ultra\warewolf\Dev\Dev2.Activities.Designers\Dev2.Activities.Designers.csproj]
C:\Program Files\dotnet\sdk\10.0.201\Microsoft.Common.CurrentVersion.targets(2451,5): warning MSB3277:         C:\Users\ultra\.nuget\packages\extended.wpf.toolkit\4.4.0\lib\net5.0\Xceed.Wpf.Toolkit.NET5.dll [C:\Users\ultra\warewolf\Dev\Dev2.Activities.Designers\Dev2.Activities.Designers.csproj]
C:\Program Files\dotnet\sdk\10.0.201\Microsoft.Common.CurrentVersion.targets(2451,5): warning MSB3277:           Project file item includes which caused reference "C:\Users\ultra\.nuget\packages\extended.wpf.toolkit\4.4.0\lib\net5.0\Xceed.Wpf.Toolkit.NET5.dll". [C:\Users\ultra\warewolf\Dev\Dev2.Activities.Designers\Dev2.Activities.Designers.csproj]
C:\Program Files\dotnet\sdk\10.0.201\Microsoft.Common.CurrentVersion.targets(2451,5): warning MSB3277:             C:\Users\ultra\.nuget\packages\extended.wpf.toolkit\4.4.0\lib\net5.0\Xceed.Wpf.Toolkit.NET5.dll [C:\Users\ultra\warewolf\Dev\Dev2.Activities.Designers\Dev2.Activities.Designers.csproj]
C:\Program Files\dotnet\sdk\10.0.201\Microsoft.Common.CurrentVersion.targets(2451,5): warning MSB3277:         C:\Users\ultra\.nuget\packages\ironpython\3.4.0\lib\net6.0\IronPython.Wpf.dll [C:\Users\ultra\warewolf\Dev\Dev2.Activities.Designers\Dev2.Activities.Designers.csproj]
C:\Program Files\dotnet\sdk\10.0.201\Microsoft.Common.CurrentVersion.targets(2451,5): warning MSB3277:           Project file item includes which caused reference "C:\Users\ultra\.nuget\packages\ironpython\3.4.0\lib\net6.0\IronPython.Wpf.dll". [C:\Users\ultra\warewolf\Dev\Dev2.Activities.Designers\Dev2.Activities.Designers.csproj]
C:\Program Files\dotnet\sdk\10.0.201\Microsoft.Common.CurrentVersion.targets(2451,5): warning MSB3277:             C:\Users\ultra\.nuget\packages\ironpython\3.4.0\lib\net6.0\IronPython.Wpf.dll [C:\Users\ultra\warewolf\Dev\Dev2.Activities.Designers\Dev2.Activities.Designers.csproj]
C:\Program Files\dotnet\sdk\10.0.201\Microsoft.Common.CurrentVersion.targets(2451,5): warning MSB3277:         C:\Users\ultra\.nuget\packages\microsoft.xaml.behaviors.wpf\1.1.122\lib\net462\Microsoft.Xaml.Behaviors.dll [C:\Users\ultra\warewolf\Dev\Dev2.Activities.Designers\Dev2.Activities.Designers.csproj]
C:\Program Files\dotnet\sdk\10.0.201\Microsoft.Common.CurrentVersion.targets(2451,5): warning MSB3277:           Project file item includes which caused reference "C:\Users\ultra\.nuget\packages\microsoft.xaml.behaviors.wpf\1.1.122\lib\net462\Microsoft.Xaml.Behaviors.dll". [C:\Users\ultra\warewolf\Dev\Dev2.Activities.Designers\Dev2.Activities.Designers.csproj]
C:\Program Files\dotnet\sdk\10.0.201\Microsoft.Common.CurrentVersion.targets(2451,5): warning MSB3277:             C:\Users\ultra\.nuget\packages\microsoft.xaml.behaviors.wpf\1.1.122\lib\net462\Microsoft.Xaml.Behaviors.dll [C:\Users\ultra\warewolf\Dev\Dev2.Activities.Designers\Dev2.Activities.Designers.csproj]
C:\Program Files\dotnet\sdk\10.0.201\Microsoft.Common.CurrentVersion.targets(2451,5): warning MSB3277:             C:\Users\ultra\.nuget\packages\caliburn.micro\4.0.212\lib\netcoreapp3.1\Caliburn.Micro.Platform.dll [C:\Users\ultra\warewolf\Dev\Dev2.Activities.Designers\Dev2.Activities.Designers.csproj]
C:\Program Files\dotnet\sdk\10.0.201\Microsoft.Common.CurrentVersion.targets(2451,5): warning MSB3277:             C:\Users\ultra\.nuget\packages\prism.wpf\9.0.537\lib\net462\Prism.Wpf.dll [C:\Users\ultra\warewolf\Dev\Dev2.Activities.Designers\Dev2.Activities.Designers.csproj]
C:\Program Files\dotnet\sdk\10.0.201\Microsoft.Common.CurrentVersion.targets(2451,5): warning MSB3277:         C:\Users\ultra\.nuget\packages\prism.wpf\9.0.537\lib\net462\Prism.Wpf.dll [C:\Users\ultra\warewolf\Dev\Dev2.Activities.Designers\Dev2.Activities.Designers.csproj]
C:\Program Files\dotnet\sdk\10.0.201\Microsoft.Common.CurrentVersion.targets(2451,5): warning MSB3277:           Project file item includes which caused reference "C:\Users\ultra\.nuget\packages\prism.wpf\9.0.537\lib\net462\Prism.Wpf.dll". [C:\Users\ultra\warewolf\Dev\Dev2.Activities.Designers\Dev2.Activities.Designers.csproj]
C:\Program Files\dotnet\sdk\10.0.201\Microsoft.Common.CurrentVersion.targets(2451,5): warning MSB3277:             C:\Users\ultra\.nuget\packages\prism.wpf\9.0.537\lib\net462\Prism.Wpf.dll [C:\Users\ultra\warewolf\Dev\Dev2.Activities.Designers\Dev2.Activities.Designers.csproj]
C:\Program Files\dotnet\sdk\10.0.201\Microsoft.Common.CurrentVersion.targets(2451,5): warning MSB3277:         C:\Users\ultra\.nuget\packages\reactiveui.wpf\18.4.1\lib\net462\ReactiveUI.Wpf.dll [C:\Users\ultra\warewolf\Dev\Dev2.Activities.Designers\Dev2.Activities.Designers.csproj]
C:\Program Files\dotnet\sdk\10.0.201\Microsoft.Common.CurrentVersion.targets(2451,5): warning MSB3277:           Project file item includes which caused reference "C:\Users\ultra\.nuget\packages\reactiveui.wpf\18.4.1\lib\net462\ReactiveUI.Wpf.dll". [C:\Users\ultra\warewolf\Dev\Dev2.Activities.Designers\Dev2.Activities.Designers.csproj]
C:\Program Files\dotnet\sdk\10.0.201\Microsoft.Common.CurrentVersion.targets(2451,5): warning MSB3277:             C:\Users\ultra\.nuget\packages\reactiveui.wpf\18.4.1\lib\net462\ReactiveUI.Wpf.dll [C:\Users\ultra\warewolf\Dev\Dev2.Activities.Designers\Dev2.Activities.Designers.csproj]
C:\Program Files\dotnet\sdk\10.0.201\Microsoft.Common.CurrentVersion.targets(2451,5): warning MSB3277:         C:\Users\ultra\warewolf\Dev\Binaries\Infragistcs_Net6\InfragisticsWPF4.DragDrop.v15.1.dll [C:\Users\ultra\warewolf\Dev\Dev2.Activities.Designers\Dev2.Activities.Designers.csproj]
C:\Program Files\dotnet\sdk\10.0.201\Microsoft.Common.CurrentVersion.targets(2451,5): warning MSB3277:           Project file item includes which caused reference "C:\Users\ultra\warewolf\Dev\Binaries\Infragistcs_Net6\InfragisticsWPF4.DragDrop.v15.1.dll". [C:\Users\ultra\warewolf\Dev\Dev2.Activities.Designers\Dev2.Activities.Designers.csproj]
C:\Program Files\dotnet\sdk\10.0.201\Microsoft.Common.CurrentVersion.targets(2451,5): warning MSB3277:             InfragisticsWPF4.Controls.Menus.XamDataTree.v15.1 [C:\Users\ultra\warewolf\Dev\Dev2.Activities.Designers\Dev2.Activities.Designers.csproj]
C:\Program Files\dotnet\sdk\10.0.201\Microsoft.Common.CurrentVersion.targets(2451,5): warning MSB3277: Found conflicts between different versions of "System.Windows.Extensions" that could not be resolved. [C:\Users\ultra\warewolf\Dev\Dev2.Activities.Designers\Dev2.Activities.Designers.csproj]
C:\Program Files\dotnet\sdk\10.0.201\Microsoft.Common.CurrentVersion.targets(2451,5): warning MSB3277: There was a conflict between "System.Windows.Extensions, Version=6.0.0.0, Culture=neutral, PublicKeyToken=cc7b13ffcd2ddd51" and "System.Windows.Extensions, Version=7.0.0.0, Culture=neutral, PublicKeyToken=cc7b13ffcd2ddd51". [C:\Users\ultra\warewolf\Dev\Dev2.Activities.Designers\Dev2.Activities.Designers.csproj]
C:\Program Files\dotnet\sdk\10.0.201\Microsoft.Common.CurrentVersion.targets(2451,5): warning MSB3277:     "System.Windows.Extensions, Version=6.0.0.0, Culture=neutral, PublicKeyToken=cc7b13ffcd2ddd51" was chosen because it was primary and "System.Windows.Extensions, Version=7.0.0.0, Culture=neutral, PublicKeyToken=cc7b13ffcd2ddd51" was not. [C:\Users\ultra\warewolf\Dev\Dev2.Activities.Designers\Dev2.Activities.Designers.csproj]
C:\Program Files\dotnet\sdk\10.0.201\Microsoft.Common.CurrentVersion.targets(2451,5): warning MSB3277:     References which depend on "System.Windows.Extensions, Version=6.0.0.0, Culture=neutral, PublicKeyToken=cc7b13ffcd2ddd51" [C:\Users\ultra\.nuget\packages\system.windows.extensions\6.0.0\lib\net6.0\System.Windows.Extensions.dll]. [C:\Users\ultra\warewolf\Dev\Dev2.Activities.Designers\Dev2.Activities.Designers.csproj]
C:\Program Files\dotnet\sdk\10.0.201\Microsoft.Common.CurrentVersion.targets(2451,5): warning MSB3277:         C:\Users\ultra\.nuget\packages\system.windows.extensions\6.0.0\lib\net6.0\System.Windows.Extensions.dll [C:\Users\ultra\warewolf\Dev\Dev2.Activities.Designers\Dev2.Activities.Designers.csproj]
C:\Program Files\dotnet\sdk\10.0.201\Microsoft.Common.CurrentVersion.targets(2451,5): warning MSB3277:           Project file item includes which caused reference "C:\Users\ultra\.nuget\packages\system.windows.extensions\6.0.0\lib\net6.0\System.Windows.Extensions.dll". [C:\Users\ultra\warewolf\Dev\Dev2.Activities.Designers\Dev2.Activities.Designers.csproj]
C:\Program Files\dotnet\sdk\10.0.201\Microsoft.Common.CurrentVersion.targets(2451,5): warning MSB3277:             C:\Users\ultra\.nuget\packages\system.windows.extensions\6.0.0\lib\net6.0\System.Windows.Extensions.dll [C:\Users\ultra\warewolf\Dev\Dev2.Activities.Designers\Dev2.Activities.Designers.csproj]
C:\Program Files\dotnet\sdk\10.0.201\Microsoft.Common.CurrentVersion.targets(2451,5): warning MSB3277:     References which depend on or have been unified to "System.Windows.Extensions, Version=7.0.0.0, Culture=neutral, PublicKeyToken=cc7b13ffcd2ddd51" []. [C:\Users\ultra\warewolf\Dev\Dev2.Activities.Designers\Dev2.Activities.Designers.csproj]
C:\Program Files\dotnet\sdk\10.0.201\Microsoft.Common.CurrentVersion.targets(2451,5): warning MSB3277:         C:\Users\ultra\warewolf\Dev\Binaries\Infragistcs_Net6\InfragisticsWPF4.Editors.v15.1.dll [C:\Users\ultra\warewolf\Dev\Dev2.Activities.Designers\Dev2.Activities.Designers.csproj]
C:\Program Files\dotnet\sdk\10.0.201\Microsoft.Common.CurrentVersion.targets(2451,5): warning MSB3277:           Project file item includes which caused reference "C:\Users\ultra\warewolf\Dev\Binaries\Infragistcs_Net6\InfragisticsWPF4.Editors.v15.1.dll". [C:\Users\ultra\warewolf\Dev\Dev2.Activities.Designers\Dev2.Activities.Designers.csproj]
C:\Program Files\dotnet\sdk\10.0.201\Microsoft.Common.CurrentVersion.targets(2451,5): warning MSB3277:             InfragisticsWPF4.Editors.v15.1, Version=15.1.20151.2055, Culture=neutral, processorArchitecture=MSIL [C:\Users\ultra\warewolf\Dev\Dev2.Activities.Designers\Dev2.Activities.Designers.csproj]
C:\Program Files\dotnet\sdk\10.0.201\Microsoft.Common.CurrentVersion.targets(2451,5): warning MSB3277:         C:\Users\ultra\.nuget\packages\extended.wpf.toolkit\4.4.0\lib\net5.0\Xceed.Wpf.Toolkit.NET5.dll [C:\Users\ultra\warewolf\Dev\Dev2.Activities.Designers\Dev2.Activities.Designers.csproj]
C:\Program Files\dotnet\sdk\10.0.201\Microsoft.Common.CurrentVersion.targets(2451,5): warning MSB3277:           Project file item includes which caused reference "C:\Users\ultra\.nuget\packages\extended.wpf.toolkit\4.4.0\lib\net5.0\Xceed.Wpf.Toolkit.NET5.dll". [C:\Users\ultra\warewolf\Dev\Dev2.Activities.Designers\Dev2.Activities.Designers.csproj]
C:\Program Files\dotnet\sdk\10.0.201\Microsoft.Common.CurrentVersion.targets(2451,5): warning MSB3277:             C:\Users\ultra\.nuget\packages\extended.wpf.toolkit\4.4.0\lib\net5.0\Xceed.Wpf.Toolkit.NET5.dll [C:\Users\ultra\warewolf\Dev\Dev2.Activities.Designers\Dev2.Activities.Designers.csproj]
C:\Program Files\dotnet\sdk\10.0.201\Microsoft.Common.CurrentVersion.targets(2451,5): warning MSB3277:         C:\Users\ultra\.nuget\packages\system.security.permissions\6.0.0\lib\net6.0\System.Security.Permissions.dll [C:\Users\ultra\warewolf\Dev\Dev2.Activities.Designers\Dev2.Activities.Designers.csproj]
C:\Program Files\dotnet\sdk\10.0.201\Microsoft.Common.CurrentVersion.targets(2451,5): warning MSB3277:           Project file item includes which caused reference "C:\Users\ultra\.nuget\packages\system.security.permissions\6.0.0\lib\net6.0\System.Security.Permissions.dll". [C:\Users\ultra\warewolf\Dev\Dev2.Activities.Designers\Dev2.Activities.Designers.csproj]
C:\Program Files\dotnet\sdk\10.0.201\Microsoft.Common.CurrentVersion.targets(2451,5): warning MSB3277:             C:\Users\ultra\.nuget\packages\system.security.permissions\6.0.0\lib\net6.0\System.Security.Permissions.dll [C:\Users\ultra\warewolf\Dev\Dev2.Activities.Designers\Dev2.Activities.Designers.csproj]
C:\Program Files\dotnet\sdk\10.0.201\Microsoft.Common.CurrentVersion.targets(2451,5): warning MSB3277:         C:\Program Files\dotnet\packs\Microsoft.NETCore.App.Ref\8.0.25\ref\net8.0\System.Security.dll [C:\Users\ultra\warewolf\Dev\Dev2.Activities.Designers\Dev2.Activities.Designers.csproj]
C:\Program Files\dotnet\sdk\10.0.201\Microsoft.Common.CurrentVersion.targets(2451,5): warning MSB3277:           Project file item includes which caused reference "C:\Program Files\dotnet\packs\Microsoft.NETCore.App.Ref\8.0.25\ref\net8.0\System.Security.dll". [C:\Users\ultra\warewolf\Dev\Dev2.Activities.Designers\Dev2.Activities.Designers.csproj]
C:\Program Files\dotnet\sdk\10.0.201\Microsoft.Common.CurrentVersion.targets(2451,5): warning MSB3277:             C:\Program Files\dotnet\packs\Microsoft.NETCore.App.Ref\8.0.25\ref/net8.0/System.Security.dll [C:\Users\ultra\warewolf\Dev\Dev2.Activities.Designers\Dev2.Activities.Designers.csproj]
C:\Program Files\dotnet\sdk\10.0.201\Microsoft.Common.CurrentVersion.targets(2451,5): warning MSB3277:         C:\Program Files\dotnet\packs\Microsoft.NETCore.App.Ref\8.0.25\ref\net8.0\System.dll [C:\Users\ultra\warewolf\Dev\Dev2.Activities.Designers\Dev2.Activities.Designers.csproj]
C:\Program Files\dotnet\sdk\10.0.201\Microsoft.Common.CurrentVersion.targets(2451,5): warning MSB3277:           Project file item includes which caused reference "C:\Program Files\dotnet\packs\Microsoft.NETCore.App.Ref\8.0.25\ref\net8.0\System.dll". [C:\Users\ultra\warewolf\Dev\Dev2.Activities.Designers\Dev2.Activities.Designers.csproj]
C:\Program Files\dotnet\sdk\10.0.201\Microsoft.Common.CurrentVersion.targets(2451,5): warning MSB3277:             C:\Program Files\dotnet\packs\Microsoft.NETCore.App.Ref\8.0.25\ref/net8.0/System.dll [C:\Users\ultra\warewolf\Dev\Dev2.Activities.Designers\Dev2.Activities.Designers.csproj]
C:\Program Files\dotnet\sdk\10.0.201\Microsoft.Common.CurrentVersion.targets(2451,5): warning MSB3277:             C:\Users\ultra\.nuget\packages\aerowizard\2.3.1\lib\net45\AeroWizard.dll [C:\Users\ultra\warewolf\Dev\Dev2.Activities.Designers\Dev2.Activities.Designers.csproj]
C:\Program Files\dotnet\sdk\10.0.201\Microsoft.Common.CurrentVersion.targets(2451,5): warning MSB3277:             C:\Users\ultra\.nuget\packages\groupcontrols\1.9.0\lib\net45\GroupControls.dll [C:\Users\ultra\warewolf\Dev\Dev2.Activities.Designers\Dev2.Activities.Designers.csproj]
C:\Program Files\dotnet\sdk\10.0.201\Microsoft.Common.CurrentVersion.targets(2451,5): warning MSB3277:             C:\Users\ultra\.nuget\packages\microsoft.xaml.behaviors.wpf\1.1.122\lib\net462\Microsoft.Xaml.Behaviors.dll [C:\Users\ultra\warewolf\Dev\Dev2.Activities.Designers\Dev2.Activities.Designers.csproj]
C:\Program Files\dotnet\sdk\10.0.201\Microsoft.Common.CurrentVersion.targets(2451,5): warning MSB3277:             C:\Users\ultra\.nuget\packages\caliburn.micro\4.0.212\lib\netcoreapp3.1\Caliburn.Micro.Platform.dll [C:\Users\ultra\warewolf\Dev\Dev2.Activities.Designers\Dev2.Activities.Designers.csproj]
C:\Program Files\dotnet\sdk\10.0.201\Microsoft.Common.CurrentVersion.targets(2451,5): warning MSB3277:             C:\Users\ultra\.nuget\packages\prism.wpf\9.0.537\lib\net462\Prism.Wpf.dll [C:\Users\ultra\warewolf\Dev\Dev2.Activities.Designers\Dev2.Activities.Designers.csproj]
C:\Program Files\dotnet\sdk\10.0.201\Microsoft.Common.CurrentVersion.targets(2451,5): warning MSB3277:             C:\Users\ultra\.nuget\packages\reactiveui.wpf\18.4.1\lib\net462\ReactiveUI.Wpf.dll [C:\Users\ultra\warewolf\Dev\Dev2.Activities.Designers\Dev2.Activities.Designers.csproj]
C:\Program Files\dotnet\sdk\10.0.201\Microsoft.Common.CurrentVersion.targets(2451,5): warning MSB3277:             C:\Users\ultra\.nuget\packages\taskschedulereditor\2.10.1\lib\net452\Microsoft.Win32.TaskSchedulerEditor.dll [C:\Users\ultra\warewolf\Dev\Dev2.Activities.Designers\Dev2.Activities.Designers.csproj]
C:\Program Files\dotnet\sdk\10.0.201\Microsoft.Common.CurrentVersion.targets(2451,5): warning MSB3277:             C:\Users\ultra\.nuget\packages\ttcue.netcore.sharepointonline.csom.16.1.8029.1200\16.1.8029.1200\lib\netcoreapp2.0\Microsoft.SharePoint.Client.Runtime.Windows.dll [C:\Users\ultra\warewolf\Dev\Dev2.Activities.Designers\Dev2.Activities.Designers.csproj]
  Consider app.config remapping of assembly "System.Data.SQLite, Culture=neutral, PublicKeyToken=db937bc2d44ff139" from Version "1.0.117.0" [] to Version "1.0.118.0" [C:\Users\ultra\.nuget\packages\stub.system.data.sqlite.core.netstandard\1.0.118\lib\netstandard2.1\System.Data.SQLite.dll] to solve conflict and get rid of warning.
  Dev2.Activities.Designers -> C:\Users\ultra\warewolf\Dev\Dev2.Activities.Designers\bin\Debug\net8.0\Dev2.Activities.Designers.dll
C:\Program Files\dotnet\sdk\10.0.201\Microsoft.Common.CurrentVersion.targets(2451,5): warning MSB3245: Could not resolve this reference. Could not locate the assembly "System.Activities.Core.Presentation". Check to make sure the assembly exists on disk. If this reference is required by your code, you may get compilation errors. [C:\Users\ultra\warewolf\Dev\Warewolf.Studio.AntiCorruptionLayer\Warewolf.Studio.AntiCorruptionLayer.csproj]
C:\Users\ultra\warewolf\Dev\Warewolf.UnitTestAttributes\Depends.cs(587,5): warning SYSLIB0014: 'WebClient.WebClient()' is obsolete: 'WebRequest, HttpWebRequest, ServicePoint, and WebClient are obsolete. Use HttpClient instead.' (https://aka.ms/dotnet-warnings/SYSLIB0014) [C:\Users\ultra\warewolf\Dev\Dev2.Infrastructure.Tests\Dev2.Infrastructure.Tests.csproj]
C:\Users\ultra\warewolf\Dev\Warewolf.UnitTestAttributes\Depends.cs(309,33): warning SYSLIB0014: 'WebClient.WebClient()' is obsolete: 'WebRequest, HttpWebRequest, ServicePoint, and WebClient are obsolete. Use HttpClient instead.' (https://aka.ms/dotnet-warnings/SYSLIB0014) [C:\Users\ultra\warewolf\Dev\Dev2.Infrastructure.Tests\Dev2.Infrastructure.Tests.csproj]
C:\Users\ultra\warewolf\Dev\Warewolf.UnitTestAttributes\Depends.cs(523,30): warning SYSLIB0014: 'WebClient.WebClient()' is obsolete: 'WebRequest, HttpWebRequest, ServicePoint, and WebClient are obsolete. Use HttpClient instead.' (https://aka.ms/dotnet-warnings/SYSLIB0014) [C:\Users\ultra\warewolf\Dev\Dev2.Infrastructure.Tests\Dev2.Infrastructure.Tests.csproj]
C:\Users\ultra\warewolf\Dev\Dev2.Infrastructure.Tests\MoqInstallerActions\IntallerActionsForDevelopmentTest.cs(57,31): warning CA1416: This call site is reachable on all platforms. 'WindowsIdentity.GetCurrent(bool)' is only supported on: 'windows'. (https://learn.microsoft.com/dotnet/fundamentals/code-analysis/quality-rules/ca1416) [C:\Users\ultra\warewolf\Dev\Dev2.Infrastructure.Tests\Dev2.Infrastructure.Tests.csproj]
C:\Users\ultra\warewolf\Dev\Dev2.Infrastructure.Tests\MoqInstallerActions\IntallerActionsForDevelopmentTest.cs(40,57): warning CA1416: This call site is reachable on all platforms. 'WindowsIdentity.Name' is only supported on: 'windows'. (https://learn.microsoft.com/dotnet/fundamentals/code-analysis/quality-rules/ca1416) [C:\Users\ultra\warewolf\Dev\Dev2.Infrastructure.Tests\Dev2.Infrastructure.Tests.csproj]
C:\Users\ultra\warewolf\Dev\Dev2.Infrastructure.Tests\MoqInstallerActions\IntallerActionsForDevelopmentTest.cs(67,57): warning CA1416: This call site is reachable on all platforms. 'WindowsIdentity.Name' is only supported on: 'windows'. (https://learn.microsoft.com/dotnet/fundamentals/code-analysis/quality-rules/ca1416) [C:\Users\ultra\warewolf\Dev\Dev2.Infrastructure.Tests\Dev2.Infrastructure.Tests.csproj]
C:\Users\ultra\warewolf\Dev\Dev2.Infrastructure.Tests\MoqInstallerActions\IntallerActionsForDevelopmentTest.cs(30,31): warning CA1416: This call site is reachable on all platforms. 'WindowsIdentity.GetCurrent(bool)' is only supported on: 'windows'. (https://learn.microsoft.com/dotnet/fundamentals/code-analysis/quality-rules/ca1416) [C:\Users\ultra\warewolf\Dev\Dev2.Infrastructure.Tests\Dev2.Infrastructure.Tests.csproj]
C:\Program Files\dotnet\sdk\10.0.201\Microsoft.Common.CurrentVersion.targets(2451,5): warning MSB3277: Found conflicts between different versions of "WindowsBase" that could not be resolved. [C:\Users\ultra\warewolf\Dev\Warewolf.Studio.AntiCorruptionLayer\Warewolf.Studio.AntiCorruptionLayer.csproj]
C:\Program Files\dotnet\sdk\10.0.201\Microsoft.Common.CurrentVersion.targets(2451,5): warning MSB3277: There was a conflict between "WindowsBase, Version=4.0.0.0, Culture=neutral, PublicKeyToken=31bf3856ad364e35" and "WindowsBase, Version=6.0.2.0, Culture=neutral, PublicKeyToken=31bf3856ad364e35". [C:\Users\ultra\warewolf\Dev\Warewolf.Studio.AntiCorruptionLayer\Warewolf.Studio.AntiCorruptionLayer.csproj]
C:\Program Files\dotnet\sdk\10.0.201\Microsoft.Common.CurrentVersion.targets(2451,5): warning MSB3277:     "WindowsBase, Version=4.0.0.0, Culture=neutral, PublicKeyToken=31bf3856ad364e35" was chosen because it was primary and "WindowsBase, Version=6.0.2.0, Culture=neutral, PublicKeyToken=31bf3856ad364e35" was not. [C:\Users\ultra\warewolf\Dev\Warewolf.Studio.AntiCorruptionLayer\Warewolf.Studio.AntiCorruptionLayer.csproj]
C:\Program Files\dotnet\sdk\10.0.201\Microsoft.Common.CurrentVersion.targets(2451,5): warning MSB3277:     References which depend on "WindowsBase, Version=4.0.0.0, Culture=neutral, PublicKeyToken=31bf3856ad364e35" [C:\Program Files\dotnet\packs\Microsoft.NETCore.App.Ref\8.0.25\ref\net8.0\WindowsBase.dll]. [C:\Users\ultra\warewolf\Dev\Warewolf.Studio.AntiCorruptionLayer\Warewolf.Studio.AntiCorruptionLayer.csproj]
C:\Program Files\dotnet\sdk\10.0.201\Microsoft.Common.CurrentVersion.targets(2451,5): warning MSB3277:         C:\Program Files\dotnet\packs\Microsoft.NETCore.App.Ref\8.0.25\ref\net8.0\WindowsBase.dll [C:\Users\ultra\warewolf\Dev\Warewolf.Studio.AntiCorruptionLayer\Warewolf.Studio.AntiCorruptionLayer.csproj]
C:\Program Files\dotnet\sdk\10.0.201\Microsoft.Common.CurrentVersion.targets(2451,5): warning MSB3277:           Project file item includes which caused reference "C:\Program Files\dotnet\packs\Microsoft.NETCore.App.Ref\8.0.25\ref\net8.0\WindowsBase.dll". [C:\Users\ultra\warewolf\Dev\Warewolf.Studio.AntiCorruptionLayer\Warewolf.Studio.AntiCorruptionLayer.csproj]
C:\Program Files\dotnet\sdk\10.0.201\Microsoft.Common.CurrentVersion.targets(2451,5): warning MSB3277:             C:\Program Files\dotnet\packs\Microsoft.NETCore.App.Ref\8.0.25\ref/net8.0/WindowsBase.dll [C:\Users\ultra\warewolf\Dev\Warewolf.Studio.AntiCorruptionLayer\Warewolf.Studio.AntiCorruptionLayer.csproj]
C:\Program Files\dotnet\sdk\10.0.201\Microsoft.Common.CurrentVersion.targets(2451,5): warning MSB3277:     References which depend on or have been unified to "WindowsBase, Version=6.0.2.0, Culture=neutral, PublicKeyToken=31bf3856ad364e35" []. [C:\Users\ultra\warewolf\Dev\Warewolf.Studio.AntiCorruptionLayer\Warewolf.Studio.AntiCorruptionLayer.csproj]
C:\Program Files\dotnet\sdk\10.0.201\Microsoft.Common.CurrentVersion.targets(2451,5): warning MSB3277:         C:\Users\ultra\.nuget\packages\caliburn.micro\4.0.212\lib\netcoreapp3.1\Caliburn.Micro.Platform.dll [C:\Users\ultra\warewolf\Dev\Warewolf.Studio.AntiCorruptionLayer\Warewolf.Studio.AntiCorruptionLayer.csproj]
C:\Program Files\dotnet\sdk\10.0.201\Microsoft.Common.CurrentVersion.targets(2451,5): warning MSB3277:           Project file item includes which caused reference "C:\Users\ultra\.nuget\packages\caliburn.micro\4.0.212\lib\netcoreapp3.1\Caliburn.Micro.Platform.dll". [C:\Users\ultra\warewolf\Dev\Warewolf.Studio.AntiCorruptionLayer\Warewolf.Studio.AntiCorruptionLayer.csproj]
C:\Program Files\dotnet\sdk\10.0.201\Microsoft.Common.CurrentVersion.targets(2451,5): warning MSB3277:             C:\Users\ultra\.nuget\packages\caliburn.micro\4.0.212\lib\netcoreapp3.1\Caliburn.Micro.Platform.dll [C:\Users\ultra\warewolf\Dev\Warewolf.Studio.AntiCorruptionLayer\Warewolf.Studio.AntiCorruptionLayer.csproj]
C:\Program Files\dotnet\sdk\10.0.201\Microsoft.Common.CurrentVersion.targets(2451,5): warning MSB3277:         C:\Users\ultra\.nuget\packages\extended.wpf.toolkit\4.4.0\lib\net5.0\Xceed.Wpf.AvalonDock.NET5.dll [C:\Users\ultra\warewolf\Dev\Warewolf.Studio.AntiCorruptionLayer\Warewolf.Studio.AntiCorruptionLayer.csproj]
C:\Program Files\dotnet\sdk\10.0.201\Microsoft.Common.CurrentVersion.targets(2451,5): warning MSB3277:           Project file item includes which caused reference "C:\Users\ultra\.nuget\packages\extended.wpf.toolkit\4.4.0\lib\net5.0\Xceed.Wpf.AvalonDock.NET5.dll". [C:\Users\ultra\warewolf\Dev\Warewolf.Studio.AntiCorruptionLayer\Warewolf.Studio.AntiCorruptionLayer.csproj]
C:\Program Files\dotnet\sdk\10.0.201\Microsoft.Common.CurrentVersion.targets(2451,5): warning MSB3277:             C:\Users\ultra\.nuget\packages\extended.wpf.toolkit\4.4.0\lib\net5.0\Xceed.Wpf.AvalonDock.NET5.dll [C:\Users\ultra\warewolf\Dev\Warewolf.Studio.AntiCorruptionLayer\Warewolf.Studio.AntiCorruptionLayer.csproj]
C:\Program Files\dotnet\sdk\10.0.201\Microsoft.Common.CurrentVersion.targets(2451,5): warning MSB3277:             C:\Users\ultra\.nuget\packages\extended.wpf.toolkit\4.4.0\lib\net5.0\Xceed.Wpf.AvalonDock.Themes.Aero.NET5.dll [C:\Users\ultra\warewolf\Dev\Warewolf.Studio.AntiCorruptionLayer\Warewolf.Studio.AntiCorruptionLayer.csproj]
C:\Program Files\dotnet\sdk\10.0.201\Microsoft.Common.CurrentVersion.targets(2451,5): warning MSB3277:             C:\Users\ultra\.nuget\packages\extended.wpf.toolkit\4.4.0\lib\net5.0\Xceed.Wpf.AvalonDock.Themes.Metro.NET5.dll [C:\Users\ultra\warewolf\Dev\Warewolf.Studio.AntiCorruptionLayer\Warewolf.Studio.AntiCorruptionLayer.csproj]
C:\Program Files\dotnet\sdk\10.0.201\Microsoft.Common.CurrentVersion.targets(2451,5): warning MSB3277:             C:\Users\ultra\.nuget\packages\extended.wpf.toolkit\4.4.0\lib\net5.0\Xceed.Wpf.AvalonDock.Themes.VS2010.NET5.dll [C:\Users\ultra\warewolf\Dev\Warewolf.Studio.AntiCorruptionLayer\Warewolf.Studio.AntiCorruptionLayer.csproj]
C:\Program Files\dotnet\sdk\10.0.201\Microsoft.Common.CurrentVersion.targets(2451,5): warning MSB3277:         C:\Users\ultra\.nuget\packages\extended.wpf.toolkit\4.4.0\lib\net5.0\Xceed.Wpf.AvalonDock.Themes.Aero.NET5.dll [C:\Users\ultra\warewolf\Dev\Warewolf.Studio.AntiCorruptionLayer\Warewolf.Studio.AntiCorruptionLayer.csproj]
C:\Program Files\dotnet\sdk\10.0.201\Microsoft.Common.CurrentVersion.targets(2451,5): warning MSB3277:           Project file item includes which caused reference "C:\Users\ultra\.nuget\packages\extended.wpf.toolkit\4.4.0\lib\net5.0\Xceed.Wpf.AvalonDock.Themes.Aero.NET5.dll". [C:\Users\ultra\warewolf\Dev\Warewolf.Studio.AntiCorruptionLayer\Warewolf.Studio.AntiCorruptionLayer.csproj]
C:\Program Files\dotnet\sdk\10.0.201\Microsoft.Common.CurrentVersion.targets(2451,5): warning MSB3277:             C:\Users\ultra\.nuget\packages\extended.wpf.toolkit\4.4.0\lib\net5.0\Xceed.Wpf.AvalonDock.Themes.Aero.NET5.dll [C:\Users\ultra\warewolf\Dev\Warewolf.Studio.AntiCorruptionLayer\Warewolf.Studio.AntiCorruptionLayer.csproj]
C:\Program Files\dotnet\sdk\10.0.201\Microsoft.Common.CurrentVersion.targets(2451,5): warning MSB3277:         C:\Users\ultra\.nuget\packages\extended.wpf.toolkit\4.4.0\lib\net5.0\Xceed.Wpf.Toolkit.NET5.dll [C:\Users\ultra\warewolf\Dev\Warewolf.Studio.AntiCorruptionLayer\Warewolf.Studio.AntiCorruptionLayer.csproj]
C:\Program Files\dotnet\sdk\10.0.201\Microsoft.Common.CurrentVersion.targets(2451,5): warning MSB3277:           Project file item includes which caused reference "C:\Users\ultra\.nuget\packages\extended.wpf.toolkit\4.4.0\lib\net5.0\Xceed.Wpf.Toolkit.NET5.dll". [C:\Users\ultra\warewolf\Dev\Warewolf.Studio.AntiCorruptionLayer\Warewolf.Studio.AntiCorruptionLayer.csproj]
C:\Program Files\dotnet\sdk\10.0.201\Microsoft.Common.CurrentVersion.targets(2451,5): warning MSB3277:             C:\Users\ultra\.nuget\packages\extended.wpf.toolkit\4.4.0\lib\net5.0\Xceed.Wpf.Toolkit.NET5.dll [C:\Users\ultra\warewolf\Dev\Warewolf.Studio.AntiCorruptionLayer\Warewolf.Studio.AntiCorruptionLayer.csproj]
C:\Program Files\dotnet\sdk\10.0.201\Microsoft.Common.CurrentVersion.targets(2451,5): warning MSB3277:         C:\Users\ultra\.nuget\packages\ironpython\3.4.0\lib\net6.0\IronPython.Wpf.dll [C:\Users\ultra\warewolf\Dev\Warewolf.Studio.AntiCorruptionLayer\Warewolf.Studio.AntiCorruptionLayer.csproj]
C:\Program Files\dotnet\sdk\10.0.201\Microsoft.Common.CurrentVersion.targets(2451,5): warning MSB3277:           Project file item includes which caused reference "C:\Users\ultra\.nuget\packages\ironpython\3.4.0\lib\net6.0\IronPython.Wpf.dll". [C:\Users\ultra\warewolf\Dev\Warewolf.Studio.AntiCorruptionLayer\Warewolf.Studio.AntiCorruptionLayer.csproj]
C:\Program Files\dotnet\sdk\10.0.201\Microsoft.Common.CurrentVersion.targets(2451,5): warning MSB3277:             C:\Users\ultra\.nuget\packages\ironpython\3.4.0\lib\net6.0\IronPython.Wpf.dll [C:\Users\ultra\warewolf\Dev\Warewolf.Studio.AntiCorruptionLayer\Warewolf.Studio.AntiCorruptionLayer.csproj]
C:\Program Files\dotnet\sdk\10.0.201\Microsoft.Common.CurrentVersion.targets(2451,5): warning MSB3277:         C:\Users\ultra\.nuget\packages\microsoft.xaml.behaviors.wpf\1.1.122\lib\net462\Microsoft.Xaml.Behaviors.dll [C:\Users\ultra\warewolf\Dev\Warewolf.Studio.AntiCorruptionLayer\Warewolf.Studio.AntiCorruptionLayer.csproj]
C:\Program Files\dotnet\sdk\10.0.201\Microsoft.Common.CurrentVersion.targets(2451,5): warning MSB3277:           Project file item includes which caused reference "C:\Users\ultra\.nuget\packages\microsoft.xaml.behaviors.wpf\1.1.122\lib\net462\Microsoft.Xaml.Behaviors.dll". [C:\Users\ultra\warewolf\Dev\Warewolf.Studio.AntiCorruptionLayer\Warewolf.Studio.AntiCorruptionLayer.csproj]
C:\Program Files\dotnet\sdk\10.0.201\Microsoft.Common.CurrentVersion.targets(2451,5): warning MSB3277:             C:\Users\ultra\.nuget\packages\microsoft.xaml.behaviors.wpf\1.1.122\lib\net462\Microsoft.Xaml.Behaviors.dll [C:\Users\ultra\warewolf\Dev\Warewolf.Studio.AntiCorruptionLayer\Warewolf.Studio.AntiCorruptionLayer.csproj]
C:\Program Files\dotnet\sdk\10.0.201\Microsoft.Common.CurrentVersion.targets(2451,5): warning MSB3277:             C:\Users\ultra\.nuget\packages\caliburn.micro\4.0.212\lib\netcoreapp3.1\Caliburn.Micro.Platform.dll [C:\Users\ultra\warewolf\Dev\Warewolf.Studio.AntiCorruptionLayer\Warewolf.Studio.AntiCorruptionLayer.csproj]
C:\Program Files\dotnet\sdk\10.0.201\Microsoft.Common.CurrentVersion.targets(2451,5): warning MSB3277:             C:\Users\ultra\.nuget\packages\prism.wpf\9.0.537\lib\net462\Prism.Wpf.dll [C:\Users\ultra\warewolf\Dev\Warewolf.Studio.AntiCorruptionLayer\Warewolf.Studio.AntiCorruptionLayer.csproj]
C:\Program Files\dotnet\sdk\10.0.201\Microsoft.Common.CurrentVersion.targets(2451,5): warning MSB3277:         C:\Users\ultra\.nuget\packages\prism.wpf\9.0.537\lib\net462\Prism.Wpf.dll [C:\Users\ultra\warewolf\Dev\Warewolf.Studio.AntiCorruptionLayer\Warewolf.Studio.AntiCorruptionLayer.csproj]
C:\Program Files\dotnet\sdk\10.0.201\Microsoft.Common.CurrentVersion.targets(2451,5): warning MSB3277:           Project file item includes which caused reference "C:\Users\ultra\.nuget\packages\prism.wpf\9.0.537\lib\net462\Prism.Wpf.dll". [C:\Users\ultra\warewolf\Dev\Warewolf.Studio.AntiCorruptionLayer\Warewolf.Studio.AntiCorruptionLayer.csproj]
C:\Program Files\dotnet\sdk\10.0.201\Microsoft.Common.CurrentVersion.targets(2451,5): warning MSB3277:             C:\Users\ultra\.nuget\packages\prism.wpf\9.0.537\lib\net462\Prism.Wpf.dll [C:\Users\ultra\warewolf\Dev\Warewolf.Studio.AntiCorruptionLayer\Warewolf.Studio.AntiCorruptionLayer.csproj]
C:\Program Files\dotnet\sdk\10.0.201\Microsoft.Common.CurrentVersion.targets(2451,5): warning MSB3277:         C:\Users\ultra\.nuget\packages\reactiveui.wpf\18.4.1\lib\net462\ReactiveUI.Wpf.dll [C:\Users\ultra\warewolf\Dev\Warewolf.Studio.AntiCorruptionLayer\Warewolf.Studio.AntiCorruptionLayer.csproj]
C:\Program Files\dotnet\sdk\10.0.201\Microsoft.Common.CurrentVersion.targets(2451,5): warning MSB3277:           Project file item includes which caused reference "C:\Users\ultra\.nuget\packages\reactiveui.wpf\18.4.1\lib\net462\ReactiveUI.Wpf.dll". [C:\Users\ultra\warewolf\Dev\Warewolf.Studio.AntiCorruptionLayer\Warewolf.Studio.AntiCorruptionLayer.csproj]
C:\Program Files\dotnet\sdk\10.0.201\Microsoft.Common.CurrentVersion.targets(2451,5): warning MSB3277:             C:\Users\ultra\.nuget\packages\reactiveui.wpf\18.4.1\lib\net462\ReactiveUI.Wpf.dll [C:\Users\ultra\warewolf\Dev\Warewolf.Studio.AntiCorruptionLayer\Warewolf.Studio.AntiCorruptionLayer.csproj]
  Consider app.config remapping of assembly "System.Data.SQLite, Culture=neutral, PublicKeyToken=db937bc2d44ff139" from Version "1.0.117.0" [] to Version "1.0.118.0" [C:\Users\ultra\.nuget\packages\stub.system.data.sqlite.core.netstandard\1.0.118\lib\netstandard2.1\System.Data.SQLite.dll] to solve conflict and get rid of warning.
  Dev2.Infrastructure.Tests -> C:\Users\ultra\warewolf\Dev\Dev2.Infrastructure.Tests\bin\Debug\net8.0\linux-x64\Dev2.Infrastructure.Tests.dll
  Warewolf.QueueWorker -> C:\Users\ultra\warewolf\Dev\Warewolf.QueueWorker\bin\Debug\net8.0\linux-x64\QueueWorker.dll
  Warewolf.MergeParser.Tests -> C:\Users\ultra\warewolf\Dev\Warewolf.MergeParser.Tests\bin\Debug\net8.0\linux-x64\Warewolf.MergeParser.Tests.dll
C:\Program Files\dotnet\sdk\10.0.201\Microsoft.Common.CurrentVersion.targets(2451,5): warning MSB3277: Found conflicts between different versions of "WindowsBase" that could not be resolved. [C:\Users\ultra\warewolf\Dev\Dev2.Server\Dev2.Server.csproj]
C:\Program Files\dotnet\sdk\10.0.201\Microsoft.Common.CurrentVersion.targets(2451,5): warning MSB3277: There was a conflict between "WindowsBase, Version=4.0.0.0, Culture=neutral, PublicKeyToken=31bf3856ad364e35" and "WindowsBase, Version=6.0.2.0, Culture=neutral, PublicKeyToken=31bf3856ad364e35". [C:\Users\ultra\warewolf\Dev\Dev2.Server\Dev2.Server.csproj]
C:\Program Files\dotnet\sdk\10.0.201\Microsoft.Common.CurrentVersion.targets(2451,5): warning MSB3277:     "WindowsBase, Version=4.0.0.0, Culture=neutral, PublicKeyToken=31bf3856ad364e35" was chosen because it was primary and "WindowsBase, Version=6.0.2.0, Culture=neutral, PublicKeyToken=31bf3856ad364e35" was not. [C:\Users\ultra\warewolf\Dev\Dev2.Server\Dev2.Server.csproj]
C:\Program Files\dotnet\sdk\10.0.201\Microsoft.Common.CurrentVersion.targets(2451,5): warning MSB3277:     References which depend on "WindowsBase, Version=4.0.0.0, Culture=neutral, PublicKeyToken=31bf3856ad364e35" [C:\Program Files\dotnet\packs\Microsoft.NETCore.App.Ref\8.0.25\ref\net8.0\WindowsBase.dll]. [C:\Users\ultra\warewolf\Dev\Dev2.Server\Dev2.Server.csproj]
C:\Program Files\dotnet\sdk\10.0.201\Microsoft.Common.CurrentVersion.targets(2451,5): warning MSB3277:         C:\Program Files\dotnet\packs\Microsoft.NETCore.App.Ref\8.0.25\ref\net8.0\WindowsBase.dll [C:\Users\ultra\warewolf\Dev\Dev2.Server\Dev2.Server.csproj]
C:\Program Files\dotnet\sdk\10.0.201\Microsoft.Common.CurrentVersion.targets(2451,5): warning MSB3277:           Project file item includes which caused reference "C:\Program Files\dotnet\packs\Microsoft.NETCore.App.Ref\8.0.25\ref\net8.0\WindowsBase.dll". [C:\Users\ultra\warewolf\Dev\Dev2.Server\Dev2.Server.csproj]
C:\Program Files\dotnet\sdk\10.0.201\Microsoft.Common.CurrentVersion.targets(2451,5): warning MSB3277:             C:\Program Files\dotnet\packs\Microsoft.NETCore.App.Ref\8.0.25\ref/net8.0/WindowsBase.dll [C:\Users\ultra\warewolf\Dev\Dev2.Server\Dev2.Server.csproj]
C:\Program Files\dotnet\sdk\10.0.201\Microsoft.Common.CurrentVersion.targets(2451,5): warning MSB3277:     References which depend on or have been unified to "WindowsBase, Version=6.0.2.0, Culture=neutral, PublicKeyToken=31bf3856ad364e35" []. [C:\Users\ultra\warewolf\Dev\Dev2.Server\Dev2.Server.csproj]
C:\Program Files\dotnet\sdk\10.0.201\Microsoft.Common.CurrentVersion.targets(2451,5): warning MSB3277:         C:\Users\ultra\.nuget\packages\caliburn.micro\4.0.212\lib\netcoreapp3.1\Caliburn.Micro.Platform.dll [C:\Users\ultra\warewolf\Dev\Dev2.Server\Dev2.Server.csproj]
C:\Program Files\dotnet\sdk\10.0.201\Microsoft.Common.CurrentVersion.targets(2451,5): warning MSB3277:           Project file item includes which caused reference "C:\Users\ultra\.nuget\packages\caliburn.micro\4.0.212\lib\netcoreapp3.1\Caliburn.Micro.Platform.dll". [C:\Users\ultra\warewolf\Dev\Dev2.Server\Dev2.Server.csproj]
C:\Program Files\dotnet\sdk\10.0.201\Microsoft.Common.CurrentVersion.targets(2451,5): warning MSB3277:             C:\Users\ultra\.nuget\packages\caliburn.micro\4.0.212\lib\netcoreapp3.1\Caliburn.Micro.Platform.dll [C:\Users\ultra\warewolf\Dev\Dev2.Server\Dev2.Server.csproj]
C:\Program Files\dotnet\sdk\10.0.201\Microsoft.Common.CurrentVersion.targets(2451,5): warning MSB3277:         C:\Users\ultra\.nuget\packages\ironpython\3.4.0\lib\net6.0\IronPython.Wpf.dll [C:\Users\ultra\warewolf\Dev\Dev2.Server\Dev2.Server.csproj]
C:\Program Files\dotnet\sdk\10.0.201\Microsoft.Common.CurrentVersion.targets(2451,5): warning MSB3277:           Project file item includes which caused reference "C:\Users\ultra\.nuget\packages\ironpython\3.4.0\lib\net6.0\IronPython.Wpf.dll". [C:\Users\ultra\warewolf\Dev\Dev2.Server\Dev2.Server.csproj]
C:\Program Files\dotnet\sdk\10.0.201\Microsoft.Common.CurrentVersion.targets(2451,5): warning MSB3277:             C:\Users\ultra\.nuget\packages\ironpython\3.4.0\lib\net6.0\IronPython.Wpf.dll [C:\Users\ultra\warewolf\Dev\Dev2.Server\Dev2.Server.csproj]
C:\Program Files\dotnet\sdk\10.0.201\Microsoft.Common.CurrentVersion.targets(2451,5): warning MSB3277:         C:\Users\ultra\.nuget\packages\microsoft.xaml.behaviors.wpf\1.1.122\lib\net462\Microsoft.Xaml.Behaviors.dll [C:\Users\ultra\warewolf\Dev\Dev2.Server\Dev2.Server.csproj]
C:\Program Files\dotnet\sdk\10.0.201\Microsoft.Common.CurrentVersion.targets(2451,5): warning MSB3277:           Project file item includes which caused reference "C:\Users\ultra\.nuget\packages\microsoft.xaml.behaviors.wpf\1.1.122\lib\net462\Microsoft.Xaml.Behaviors.dll". [C:\Users\ultra\warewolf\Dev\Dev2.Server\Dev2.Server.csproj]
C:\Program Files\dotnet\sdk\10.0.201\Microsoft.Common.CurrentVersion.targets(2451,5): warning MSB3277:             C:\Users\ultra\.nuget\packages\microsoft.xaml.behaviors.wpf\1.1.122\lib\net462\Microsoft.Xaml.Behaviors.dll [C:\Users\ultra\warewolf\Dev\Dev2.Server\Dev2.Server.csproj]
C:\Program Files\dotnet\sdk\10.0.201\Microsoft.Common.CurrentVersion.targets(2451,5): warning MSB3277:             C:\Users\ultra\.nuget\packages\caliburn.micro\4.0.212\lib\netcoreapp3.1\Caliburn.Micro.Platform.dll [C:\Users\ultra\warewolf\Dev\Dev2.Server\Dev2.Server.csproj]
C:\Program Files\dotnet\sdk\10.0.201\Microsoft.Common.CurrentVersion.targets(2451,5): warning MSB3277:             C:\Users\ultra\.nuget\packages\prism.wpf\9.0.537\lib\net462\Prism.Wpf.dll [C:\Users\ultra\warewolf\Dev\Dev2.Server\Dev2.Server.csproj]
C:\Program Files\dotnet\sdk\10.0.201\Microsoft.Common.CurrentVersion.targets(2451,5): warning MSB3277:         C:\Users\ultra\.nuget\packages\prism.wpf\9.0.537\lib\net462\Prism.Wpf.dll [C:\Users\ultra\warewolf\Dev\Dev2.Server\Dev2.Server.csproj]
C:\Program Files\dotnet\sdk\10.0.201\Microsoft.Common.CurrentVersion.targets(2451,5): warning MSB3277:           Project file item includes which caused reference "C:\Users\ultra\.nuget\packages\prism.wpf\9.0.537\lib\net462\Prism.Wpf.dll". [C:\Users\ultra\warewolf\Dev\Dev2.Server\Dev2.Server.csproj]
C:\Program Files\dotnet\sdk\10.0.201\Microsoft.Common.CurrentVersion.targets(2451,5): warning MSB3277:             C:\Users\ultra\.nuget\packages\prism.wpf\9.0.537\lib\net462\Prism.Wpf.dll [C:\Users\ultra\warewolf\Dev\Dev2.Server\Dev2.Server.csproj]
C:\Program Files\dotnet\sdk\10.0.201\Microsoft.Common.CurrentVersion.targets(2451,5): warning MSB3277:         C:\Users\ultra\.nuget\packages\reactiveui.wpf\18.4.1\lib\net462\ReactiveUI.Wpf.dll [C:\Users\ultra\warewolf\Dev\Dev2.Server\Dev2.Server.csproj]
C:\Program Files\dotnet\sdk\10.0.201\Microsoft.Common.CurrentVersion.targets(2451,5): warning MSB3277:           Project file item includes which caused reference "C:\Users\ultra\.nuget\packages\reactiveui.wpf\18.4.1\lib\net462\ReactiveUI.Wpf.dll". [C:\Users\ultra\warewolf\Dev\Dev2.Server\Dev2.Server.csproj]
C:\Program Files\dotnet\sdk\10.0.201\Microsoft.Common.CurrentVersion.targets(2451,5): warning MSB3277:             C:\Users\ultra\.nuget\packages\reactiveui.wpf\18.4.1\lib\net462\ReactiveUI.Wpf.dll [C:\Users\ultra\warewolf\Dev\Dev2.Server\Dev2.Server.csproj]
C:\Program Files\dotnet\sdk\10.0.201\Microsoft.Common.CurrentVersion.targets(2451,5): warning MSB3277: Found conflicts between different versions of "System.Drawing.Common" that could not be resolved. [C:\Users\ultra\warewolf\Dev\Dev2.Server\Dev2.Server.csproj]
C:\Program Files\dotnet\sdk\10.0.201\Microsoft.Common.CurrentVersion.targets(2451,5): warning MSB3277: There was a conflict between "System.Drawing.Common, Version=6.0.0.0, Culture=neutral, PublicKeyToken=cc7b13ffcd2ddd51" and "System.Drawing.Common, Version=8.0.0.0, Culture=neutral, PublicKeyToken=cc7b13ffcd2ddd51". [C:\Users\ultra\warewolf\Dev\Dev2.Server\Dev2.Server.csproj]
C:\Program Files\dotnet\sdk\10.0.201\Microsoft.Common.CurrentVersion.targets(2451,5): warning MSB3277:     "System.Drawing.Common, Version=6.0.0.0, Culture=neutral, PublicKeyToken=cc7b13ffcd2ddd51" was chosen because it was primary and "System.Drawing.Common, Version=8.0.0.0, Culture=neutral, PublicKeyToken=cc7b13ffcd2ddd51" was not. [C:\Users\ultra\warewolf\Dev\Dev2.Server\Dev2.Server.csproj]
C:\Program Files\dotnet\sdk\10.0.201\Microsoft.Common.CurrentVersion.targets(2451,5): warning MSB3277:     References which depend on "System.Drawing.Common, Version=6.0.0.0, Culture=neutral, PublicKeyToken=cc7b13ffcd2ddd51" [C:\Users\ultra\.nuget\packages\system.drawing.common\6.0.0\lib\net6.0\System.Drawing.Common.dll]. [C:\Users\ultra\warewolf\Dev\Dev2.Server\Dev2.Server.csproj]
C:\Program Files\dotnet\sdk\10.0.201\Microsoft.Common.CurrentVersion.targets(2451,5): warning MSB3277:         C:\Users\ultra\.nuget\packages\system.drawing.common\6.0.0\lib\net6.0\System.Drawing.Common.dll [C:\Users\ultra\warewolf\Dev\Dev2.Server\Dev2.Server.csproj]
C:\Program Files\dotnet\sdk\10.0.201\Microsoft.Common.CurrentVersion.targets(2451,5): warning MSB3277:           Project file item includes which caused reference "C:\Users\ultra\.nuget\packages\system.drawing.common\6.0.0\lib\net6.0\System.Drawing.Common.dll". [C:\Users\ultra\warewolf\Dev\Dev2.Server\Dev2.Server.csproj]
C:\Program Files\dotnet\sdk\10.0.201\Microsoft.Common.CurrentVersion.targets(2451,5): warning MSB3277:             C:\Users\ultra\.nuget\packages\system.drawing.common\6.0.0\lib\net6.0\System.Drawing.Common.dll [C:\Users\ultra\warewolf\Dev\Dev2.Server\Dev2.Server.csproj]
C:\Program Files\dotnet\sdk\10.0.201\Microsoft.Common.CurrentVersion.targets(2451,5): warning MSB3277:     References which depend on or have been unified to "System.Drawing.Common, Version=8.0.0.0, Culture=neutral, PublicKeyToken=cc7b13ffcd2ddd51" []. [C:\Users\ultra\warewolf\Dev\Dev2.Server\Dev2.Server.csproj]
C:\Program Files\dotnet\sdk\10.0.201\Microsoft.Common.CurrentVersion.targets(2451,5): warning MSB3277:         C:\Users\ultra\.nuget\packages\servicestack\6.3.0\lib\net6.0\ServiceStack.dll [C:\Users\ultra\warewolf\Dev\Dev2.Server\Dev2.Server.csproj]
C:\Program Files\dotnet\sdk\10.0.201\Microsoft.Common.CurrentVersion.targets(2451,5): warning MSB3277:           Project file item includes which caused reference "C:\Users\ultra\.nuget\packages\servicestack\6.3.0\lib\net6.0\ServiceStack.dll". [C:\Users\ultra\warewolf\Dev\Dev2.Server\Dev2.Server.csproj]
C:\Program Files\dotnet\sdk\10.0.201\Microsoft.Common.CurrentVersion.targets(2451,5): warning MSB3277:             C:\Users\ultra\.nuget\packages\servicestack\6.3.0\lib\net6.0\ServiceStack.dll [C:\Users\ultra\warewolf\Dev\Dev2.Server\Dev2.Server.csproj]
C:\Program Files\dotnet\sdk\10.0.201\Microsoft.Common.CurrentVersion.targets(2451,5): warning MSB3277:         C:\Users\ultra\.nuget\packages\system.windows.extensions\8.0.0\lib\net8.0\System.Windows.Extensions.dll [C:\Users\ultra\warewolf\Dev\Dev2.Server\Dev2.Server.csproj]
C:\Program Files\dotnet\sdk\10.0.201\Microsoft.Common.CurrentVersion.targets(2451,5): warning MSB3277:           Project file item includes which caused reference "C:\Users\ultra\.nuget\packages\system.windows.extensions\8.0.0\lib\net8.0\System.Windows.Extensions.dll". [C:\Users\ultra\warewolf\Dev\Dev2.Server\Dev2.Server.csproj]
C:\Program Files\dotnet\sdk\10.0.201\Microsoft.Common.CurrentVersion.targets(2451,5): warning MSB3277:             C:\Users\ultra\.nuget\packages\system.windows.extensions\8.0.0\lib\net8.0\System.Windows.Extensions.dll [C:\Users\ultra\warewolf\Dev\Dev2.Server\Dev2.Server.csproj]
C:\Program Files\dotnet\sdk\10.0.201\Microsoft.Common.CurrentVersion.targets(2451,5): warning MSB3277:             C:\Users\ultra\.nuget\packages\system.security.permissions\8.0.0\lib\net8.0\System.Security.Permissions.dll [C:\Users\ultra\warewolf\Dev\Dev2.Server\Dev2.Server.csproj]
C:\Program Files\dotnet\sdk\10.0.201\Microsoft.Common.CurrentVersion.targets(2451,5): warning MSB3277:             C:\Users\ultra\warewolf\Dev\Dev2.Data\bin\Debug\net8.0\Dev2.Data.dll [C:\Users\ultra\warewolf\Dev\Dev2.Server\Dev2.Server.csproj]
C:\Program Files\dotnet\sdk\10.0.201\Microsoft.Common.CurrentVersion.targets(2451,5): warning MSB3277:             C:\Users\ultra\warewolf\Dev\Dev2.Activities\bin\Debug\net8.0\Dev2.Activities.dll [C:\Users\ultra\warewolf\Dev\Dev2.Server\Dev2.Server.csproj]
C:\Program Files\dotnet\sdk\10.0.201\Microsoft.Common.CurrentVersion.targets(2451,5): warning MSB3277:             C:\Users\ultra\warewolf\Dev\Dev2.Core\bin\Debug\net8.0\Dev2.Core.dll [C:\Users\ultra\warewolf\Dev\Dev2.Server\Dev2.Server.csproj]
C:\Program Files\dotnet\sdk\10.0.201\Microsoft.Common.CurrentVersion.targets(2451,5): warning MSB3277:             C:\Users\ultra\warewolf\Dev\Dev2.Runtime.Services\bin\Debug\net8.0\Dev2.Runtime.Services.dll [C:\Users\ultra\warewolf\Dev\Dev2.Server\Dev2.Server.csproj]
C:\Program Files\dotnet\sdk\10.0.201\Microsoft.Common.CurrentVersion.targets(2451,5): warning MSB3277:             C:\Users\ultra\warewolf\Dev\Dev2.Runtime.WebServer\bin\Debug\net8.0\Dev2.Runtime.WebServer.dll [C:\Users\ultra\warewolf\Dev\Dev2.Server\Dev2.Server.csproj]
C:\Program Files\dotnet\sdk\10.0.201\Microsoft.Common.CurrentVersion.targets(2451,5): warning MSB3277:             C:\Users\ultra\warewolf\Dev\Dev2.Runtime\bin\Debug\net8.0\Dev2.Runtime.dll [C:\Users\ultra\warewolf\Dev\Dev2.Server\Dev2.Server.csproj]
C:\Program Files\dotnet\sdk\10.0.201\Microsoft.Common.CurrentVersion.targets(2451,5): warning MSB3277:             C:\Users\ultra\warewolf\Dev\Dev2.Scheduler\bin\Debug\net8.0\Dev2.Scheduler.dll [C:\Users\ultra\warewolf\Dev\Dev2.Server\Dev2.Server.csproj]
C:\Program Files\dotnet\sdk\10.0.201\Microsoft.Common.CurrentVersion.targets(2451,5): warning MSB3277:             C:\Users\ultra\warewolf\Dev\Dev2.Services.Execution\bin\Debug\net8.0\Dev2.Services.Execution.dll [C:\Users\ultra\warewolf\Dev\Dev2.Server\Dev2.Server.csproj]
C:\Program Files\dotnet\sdk\10.0.201\Microsoft.Common.CurrentVersion.targets(2451,5): warning MSB3277:             C:\Users\ultra\warewolf\Dev\Warewolf.Auditing\bin\Debug\net8.0\Warewolf.Auditing.dll [C:\Users\ultra\warewolf\Dev\Dev2.Server\Dev2.Server.csproj]
C:\Program Files\dotnet\sdk\10.0.201\Microsoft.Common.CurrentVersion.targets(2451,5): warning MSB3277:             C:\Users\ultra\warewolf\Dev\Warewolf.HangfireServer\bin\Debug\net8.0\linux-x64\HangfireServer.dll [C:\Users\ultra\warewolf\Dev\Dev2.Server\Dev2.Server.csproj]
C:\Program Files\dotnet\sdk\10.0.201\Microsoft.Common.CurrentVersion.targets(2451,5): warning MSB3277:             C:\Users\ultra\warewolf\Dev\Warewolf.Logger\bin\Debug\net8.0\linux-x64\WarewolfLogger.dll [C:\Users\ultra\warewolf\Dev\Dev2.Server\Dev2.Server.csproj]
C:\Program Files\dotnet\sdk\10.0.201\Microsoft.Common.CurrentVersion.targets(2451,5): warning MSB3277:             C:\Users\ultra\warewolf\Dev\Warewolf.QueueWorker\bin\Debug\net8.0\linux-x64\QueueWorker.dll [C:\Users\ultra\warewolf\Dev\Dev2.Server\Dev2.Server.csproj]
C:\Program Files\dotnet\sdk\10.0.201\Microsoft.Common.CurrentVersion.targets(2451,5): warning MSB3277:             C:\Users\ultra\warewolf\Dev\Warewolf.Core\bin\Debug\net8.0\Warewolf.Core.dll [C:\Users\ultra\warewolf\Dev\Dev2.Server\Dev2.Server.csproj]
C:\Program Files\dotnet\sdk\10.0.201\Microsoft.Common.CurrentVersion.targets(2451,5): warning MSB3277:             C:\Users\ultra\warewolf\Dev\Warewolf.ResourceManagement\bin\Debug\net8.0\Warewolf.ResourceManagement.dll [C:\Users\ultra\warewolf\Dev\Dev2.Server\Dev2.Server.csproj]
C:\Program Files\dotnet\sdk\10.0.201\Microsoft.Common.CurrentVersion.targets(2451,5): warning MSB3277:             C:\Users\ultra\warewolf\Dev\Warewolf.Trigger.Queue\bin\Debug\net8.0\Warewolf.Trigger.Queue.dll [C:\Users\ultra\warewolf\Dev\Dev2.Server\Dev2.Server.csproj]
C:\Program Files\dotnet\sdk\10.0.201\Microsoft.Common.CurrentVersion.targets(2451,5): warning MSB3277:             C:\Users\ultra\warewolf\Dev\Dev2.Intellisense\bin\Debug\net8.0\Dev2.Intellisense.dll [C:\Users\ultra\warewolf\Dev\Dev2.Server\Dev2.Server.csproj]
C:\Program Files\dotnet\sdk\10.0.201\Microsoft.Common.CurrentVersion.targets(2451,5): warning MSB3277:             C:\Users\ultra\warewolf\Dev\Dev2.Studio.Core\bin\Debug\net8.0\Dev2.Studio.Core.dll [C:\Users\ultra\warewolf\Dev\Dev2.Server\Dev2.Server.csproj]
C:\Program Files\dotnet\sdk\10.0.201\Microsoft.Common.CurrentVersion.targets(2451,5): warning MSB3277:             C:\Users\ultra\warewolf\Dev\Dev2.Studio.Interfaces\bin\Debug\net8.0\Dev2.Studio.Interfaces.dll [C:\Users\ultra\warewolf\Dev\Dev2.Server\Dev2.Server.csproj]
C:\Program Files\dotnet\sdk\10.0.201\Microsoft.Common.CurrentVersion.targets(2451,5): warning MSB3277:             C:\Users\ultra\warewolf\Dev\Warewolf.Common.Framework48\bin\Debug\net8.0\Warewolf.Common.Framework48.dll [C:\Users\ultra\warewolf\Dev\Dev2.Server\Dev2.Server.csproj]
C:\Program Files\dotnet\sdk\10.0.201\Microsoft.Common.CurrentVersion.targets(2451,5): warning MSB3277:             C:\Users\ultra\warewolf\Dev\Warewolf.Common.NetStandard20\bin\Debug\net8.0\Warewolf.Common.NetStandard20.dll [C:\Users\ultra\warewolf\Dev\Dev2.Server\Dev2.Server.csproj]
C:\Program Files\dotnet\sdk\10.0.201\Microsoft.Common.CurrentVersion.targets(2451,5): warning MSB3277:             C:\Users\ultra\warewolf\Dev\Warewolf.Driver.Persistence\bin\Debug\net8.0\Warewolf.Driver.Persistence.dll [C:\Users\ultra\warewolf\Dev\Dev2.Server\Dev2.Server.csproj]
C:\Program Files\dotnet\sdk\10.0.201\Microsoft.Common.CurrentVersion.targets(2451,5): warning MSB3277:             C:\Users\ultra\warewolf\Dev\Warewolf.Exchange.Email.Wrapper\bin\Debug\net8.0\Warewolf.Exchange.Email.Wrapper.dll [C:\Users\ultra\warewolf\Dev\Dev2.Server\Dev2.Server.csproj]
C:\Program Files\dotnet\sdk\10.0.201\Microsoft.Common.CurrentVersion.targets(2451,5): warning MSB3277:             C:\Users\ultra\warewolf\Dev\Warewolf.Studio.Core\bin\Debug\net8.0\Warewolf.Studio.Core.dll [C:\Users\ultra\warewolf\Dev\Dev2.Server\Dev2.Server.csproj]
C:\Program Files\dotnet\sdk\10.0.201\Microsoft.Common.CurrentVersion.targets(2451,5): warning MSB3277:             C:\Users\ultra\warewolf\Dev\Warewolf.UI\bin\Debug\net8.0\Warewolf.UI.dll [C:\Users\ultra\warewolf\Dev\Dev2.Server\Dev2.Server.csproj]
C:\Program Files\dotnet\sdk\10.0.201\Microsoft.Common.CurrentVersion.targets(2451,5): warning MSB3277:             C:\Users\ultra\.nuget\packages\dotnetzip\1.16.0\lib\netstandard2.0\DotNetZip.dll [C:\Users\ultra\warewolf\Dev\Dev2.Server\Dev2.Server.csproj]
C:\Program Files\dotnet\sdk\10.0.201\Microsoft.Common.CurrentVersion.targets(2451,5): warning MSB3277:             C:\Users\ultra\warewolf\Dev\Dev2.Common\bin\Debug\net8.0\Dev2.Common.dll [C:\Users\ultra\warewolf\Dev\Dev2.Server\Dev2.Server.csproj]
C:\Program Files\dotnet\sdk\10.0.201\Microsoft.Common.CurrentVersion.targets(2451,5): warning MSB3277:             C:\Users\ultra\warewolf\Dev\Dev2.Development.Languages\bin\Debug\net8.0\Dev2.Development.Languages.dll [C:\Users\ultra\warewolf\Dev\Dev2.Server\Dev2.Server.csproj]
C:\Program Files\dotnet\sdk\10.0.201\Microsoft.Common.CurrentVersion.targets(2451,5): warning MSB3277:             C:\Users\ultra\warewolf\Dev\Dev2.Diagnostics\bin\Debug\net8.0\Dev2.Diagnostics.dll [C:\Users\ultra\warewolf\Dev\Dev2.Server\Dev2.Server.csproj]
C:\Program Files\dotnet\sdk\10.0.201\Microsoft.Common.CurrentVersion.targets(2451,5): warning MSB3277:             C:\Users\ultra\warewolf\Dev\Dev2.Infrastructure\bin\Debug\net8.0\Dev2.Infrastructure.dll [C:\Users\ultra\warewolf\Dev\Dev2.Server\Dev2.Server.csproj]
C:\Program Files\dotnet\sdk\10.0.201\Microsoft.Common.CurrentVersion.targets(2451,5): warning MSB3277:             C:\Users\ultra\warewolf\Dev\Dev2.Util\bin\Debug\net8.0\Dev2.Util.dll [C:\Users\ultra\warewolf\Dev\Dev2.Server\Dev2.Server.csproj]
C:\Program Files\dotnet\sdk\10.0.201\Microsoft.Common.CurrentVersion.targets(2451,5): warning MSB3277:             C:\Users\ultra\warewolf\Dev\Warewolf.PerfMon\bin\Debug\net8.0\linux-x64\Warewolf.PerfMon.dll [C:\Users\ultra\warewolf\Dev\Dev2.Server\Dev2.Server.csproj]
C:\Program Files\dotnet\sdk\10.0.201\Microsoft.Common.CurrentVersion.targets(2451,5): warning MSB3277:             C:\Users\ultra\warewolf\Dev\Warewolf.Sharepoint\bin\Debug\net8.0\Warewolf.Sharepoint.dll [C:\Users\ultra\warewolf\Dev\Dev2.Server\Dev2.Server.csproj]
C:\Program Files\dotnet\sdk\10.0.201\Microsoft.Common.CurrentVersion.targets(2451,5): warning MSB3277:             C:\Users\ultra\warewolf\Dev\Warewolf.Storage\bin\Debug\net8.0\Warewolf.Storage.dll [C:\Users\ultra\warewolf\Dev\Dev2.Server\Dev2.Server.csproj]
C:\Program Files\dotnet\sdk\10.0.201\Microsoft.Common.CurrentVersion.targets(2451,5): warning MSB3277:             C:\Users\ultra\warewolf\Dev\Dev2.Data.Interfaces\bin\Debug\net8.0\Dev2.Data.Interfaces.dll [C:\Users\ultra\warewolf\Dev\Dev2.Server\Dev2.Server.csproj]
C:\Program Files\dotnet\sdk\10.0.201\Microsoft.Common.CurrentVersion.targets(2451,5): warning MSB3277:             C:\Users\ultra\warewolf\Dev\Dev2.Services.Sql\bin\Debug\net8.0\Dev2.Services.Sql.dll [C:\Users\ultra\warewolf\Dev\Dev2.Server\Dev2.Server.csproj]
C:\Program Files\dotnet\sdk\10.0.201\Microsoft.Common.CurrentVersion.targets(2451,5): warning MSB3277:             C:\Users\ultra\warewolf\Dev\Dev2.TaskScheduler.Wrappers\bin\Debug\net8.0\Dev2.TaskScheduler.Wrappers.dll [C:\Users\ultra\warewolf\Dev\Dev2.Server\Dev2.Server.csproj]
C:\Program Files\dotnet\sdk\10.0.201\Microsoft.Common.CurrentVersion.targets(2451,5): warning MSB3277:             C:\Users\ultra\warewolf\Dev\Warewolf.AI.Harness\bin\Debug\net8.0\Warewolf.AI.Harness.dll [C:\Users\ultra\warewolf\Dev\Dev2.Server\Dev2.Server.csproj]
C:\Program Files\dotnet\sdk\10.0.201\Microsoft.Common.CurrentVersion.targets(2451,5): warning MSB3277:             C:\Users\ultra\warewolf\Dev\Warewolf.Driver.Serilog\bin\Debug\net8.0\Warewolf.Driver.Serilog.dll [C:\Users\ultra\warewolf\Dev\Dev2.Server\Dev2.Server.csproj]
C:\Program Files\dotnet\sdk\10.0.201\Microsoft.Common.CurrentVersion.targets(2451,5): warning MSB3277:             C:\Users\ultra\.nuget\packages\mindbox.data.linq\5.0.0\lib\netstandard2.0\Mindbox.Data.Linq.dll [C:\Users\ultra\warewolf\Dev\Dev2.Server\Dev2.Server.csproj]
C:\Program Files\dotnet\sdk\10.0.201\Microsoft.Common.CurrentVersion.targets(2451,5): warning MSB3277:             C:\Users\ultra\.nuget\packages\mysql.data\8.4.0\lib\net8.0\MySql.Data.dll [C:\Users\ultra\warewolf\Dev\Dev2.Server\Dev2.Server.csproj]
C:\Program Files\dotnet\sdk\10.0.201\Microsoft.Common.CurrentVersion.targets(2451,5): warning MSB3277:             C:\Users\ultra\.nuget\packages\oracle.manageddataaccess.core\3.21.70\lib\netstandard2.1\Oracle.ManagedDataAccess.dll [C:\Users\ultra\warewolf\Dev\Dev2.Server\Dev2.Server.csproj]
C:\Program Files\dotnet\sdk\10.0.201\Microsoft.Common.CurrentVersion.targets(2451,5): warning MSB3277:             C:\Users\ultra\.nuget\packages\system.directoryservices\6.0.0\lib\net6.0\System.DirectoryServices.dll [C:\Users\ultra\warewolf\Dev\Dev2.Server\Dev2.Server.csproj]
C:\Program Files\dotnet\sdk\10.0.201\Microsoft.Common.CurrentVersion.targets(2451,5): warning MSB3277:             C:\Users\ultra\.nuget\packages\corewcf.primitives\1.2.1\lib\netstandard2.0\CoreWCF.Primitives.dll [C:\Users\ultra\warewolf\Dev\Dev2.Server\Dev2.Server.csproj]
C:\Program Files\dotnet\sdk\10.0.201\Microsoft.Common.CurrentVersion.targets(2451,5): warning MSB3277:             C:\Users\ultra\.nuget\packages\corewcf.http\1.2.1\lib\netstandard2.0\CoreWCF.Http.dll [C:\Users\ultra\warewolf\Dev\Dev2.Server\Dev2.Server.csproj]
C:\Program Files\dotnet\sdk\10.0.201\Microsoft.Common.CurrentVersion.targets(2451,5): warning MSB3277:             C:\Users\ultra\.nuget\packages\corewcf.nettcp\1.2.1\lib\netstandard2.0\CoreWCF.NetTcp.dll [C:\Users\ultra\warewolf\Dev\Dev2.Server\Dev2.Server.csproj]
C:\Program Files\dotnet\sdk\10.0.201\Microsoft.Common.CurrentVersion.targets(2451,5): warning MSB3277:             C:\Users\ultra\.nuget\packages\corewcf.webhttp\1.2.1\lib\netstandard2.0\CoreWCF.WebHttp.dll [C:\Users\ultra\warewolf\Dev\Dev2.Server\Dev2.Server.csproj]
C:\Program Files\dotnet\sdk\10.0.201\Microsoft.Common.CurrentVersion.targets(2451,5): warning MSB3277:             C:\Program Files\dotnet\packs\Microsoft.NETCore.App.Ref\8.0.25\ref/net8.0/System.Configuration.dll [C:\Users\ultra\warewolf\Dev\Dev2.Server\Dev2.Server.csproj]
C:\Program Files\dotnet\sdk\10.0.201\Microsoft.Common.CurrentVersion.targets(2451,5): warning MSB3277:             C:\Users\ultra\.nuget\packages\prism.wpf\9.0.537\lib\net462\Prism.Wpf.dll [C:\Users\ultra\warewolf\Dev\Dev2.Server\Dev2.Server.csproj]
C:\Program Files\dotnet\sdk\10.0.201\Microsoft.Common.CurrentVersion.targets(2451,5): warning MSB3277:             C:\Program Files\dotnet\packs\Microsoft.NETCore.App.Ref\8.0.25\ref/net8.0/System.Data.dll [C:\Users\ultra\warewolf\Dev\Dev2.Server\Dev2.Server.csproj]
C:\Program Files\dotnet\sdk\10.0.201\Microsoft.Common.CurrentVersion.targets(2451,5): warning MSB3277:             C:\Users\ultra\.nuget\packages\taskschedulereditor\2.10.1\lib\net452\Microsoft.Win32.TaskSchedulerEditor.dll [C:\Users\ultra\warewolf\Dev\Dev2.Server\Dev2.Server.csproj]
C:\Program Files\dotnet\sdk\10.0.201\Microsoft.Common.CurrentVersion.targets(2451,5): warning MSB3277:             C:\Program Files\dotnet\packs\Microsoft.NETCore.App.Ref\8.0.25\ref/net8.0/System.Drawing.dll [C:\Users\ultra\warewolf\Dev\Dev2.Server\Dev2.Server.csproj]
C:\Program Files\dotnet\sdk\10.0.201\Microsoft.Common.CurrentVersion.targets(2451,5): warning MSB3277:             C:\Users\ultra\.nuget\packages\aerowizard\2.3.1\lib\net45\AeroWizard.dll [C:\Users\ultra\warewolf\Dev\Dev2.Server\Dev2.Server.csproj]
C:\Program Files\dotnet\sdk\10.0.201\Microsoft.Common.CurrentVersion.targets(2451,5): warning MSB3277:             C:\Users\ultra\.nuget\packages\groupcontrols\1.9.0\lib\net45\GroupControls.dll [C:\Users\ultra\warewolf\Dev\Dev2.Server\Dev2.Server.csproj]
C:\Program Files\dotnet\sdk\10.0.201\Microsoft.Common.CurrentVersion.targets(2451,5): warning MSB3277:             C:\Program Files\dotnet\packs\Microsoft.NETCore.App.Ref\8.0.25\ref/net8.0/System.Net.dll [C:\Users\ultra\warewolf\Dev\Dev2.Server\Dev2.Server.csproj]
C:\Program Files\dotnet\sdk\10.0.201\Microsoft.Common.CurrentVersion.targets(2451,5): warning MSB3277:             C:\Program Files\dotnet\packs\Microsoft.NETCore.App.Ref\8.0.25\ref/net8.0/System.Security.dll [C:\Users\ultra\warewolf\Dev\Dev2.Server\Dev2.Server.csproj]
C:\Program Files\dotnet\sdk\10.0.201\Microsoft.Common.CurrentVersion.targets(2451,5): warning MSB3277:             C:\Program Files\dotnet\packs\Microsoft.NETCore.App.Ref\8.0.25\ref/net8.0/System.ServiceProcess.dll [C:\Users\ultra\warewolf\Dev\Dev2.Server\Dev2.Server.csproj]
C:\Program Files\dotnet\sdk\10.0.201\Microsoft.Common.CurrentVersion.targets(2451,5): warning MSB3277:             C:\Program Files\dotnet\packs\Microsoft.NETCore.App.Ref\8.0.25\ref/net8.0/System.Transactions.dll [C:\Users\ultra\warewolf\Dev\Dev2.Server\Dev2.Server.csproj]
C:\Program Files\dotnet\sdk\10.0.201\Microsoft.Common.CurrentVersion.targets(2451,5): warning MSB3277:             C:\Program Files\dotnet\packs\Microsoft.NETCore.App.Ref\8.0.25\ref/net8.0/System.dll [C:\Users\ultra\warewolf\Dev\Dev2.Server\Dev2.Server.csproj]
C:\Program Files\dotnet\sdk\10.0.201\Microsoft.Common.CurrentVersion.targets(2451,5): warning MSB3277:             C:\Users\ultra\.nuget\packages\microsoft.xaml.behaviors.wpf\1.1.122\lib\net462\Microsoft.Xaml.Behaviors.dll [C:\Users\ultra\warewolf\Dev\Dev2.Server\Dev2.Server.csproj]
C:\Program Files\dotnet\sdk\10.0.201\Microsoft.Common.CurrentVersion.targets(2451,5): warning MSB3277:             C:\Users\ultra\.nuget\packages\caliburn.micro\4.0.212\lib\netcoreapp3.1\Caliburn.Micro.Platform.dll [C:\Users\ultra\warewolf\Dev\Dev2.Server\Dev2.Server.csproj]
C:\Program Files\dotnet\sdk\10.0.201\Microsoft.Common.CurrentVersion.targets(2451,5): warning MSB3277:             C:\Users\ultra\.nuget\packages\reactiveui.wpf\18.4.1\lib\net462\ReactiveUI.Wpf.dll [C:\Users\ultra\warewolf\Dev\Dev2.Server\Dev2.Server.csproj]
C:\Program Files\dotnet\sdk\10.0.201\Microsoft.Common.CurrentVersion.targets(2451,5): warning MSB3277:             C:\Users\ultra\.nuget\packages\ttcue.netcore.sharepointonline.csom.16.1.8029.1200\16.1.8029.1200\lib\netcoreapp2.0\Microsoft.SharePoint.Client.Runtime.Windows.dll [C:\Users\ultra\warewolf\Dev\Dev2.Server\Dev2.Server.csproj]
C:\Program Files\dotnet\sdk\10.0.201\Microsoft.Common.CurrentVersion.targets(2451,5): warning MSB3277:             C:\Program Files\dotnet\packs\Microsoft.NETCore.App.Ref\8.0.25\ref/net8.0/WindowsBase.dll [C:\Users\ultra\warewolf\Dev\Dev2.Server\Dev2.Server.csproj]
C:\Program Files\dotnet\sdk\10.0.201\Microsoft.Common.CurrentVersion.targets(2451,5): warning MSB3277:             C:\Program Files\dotnet\packs\Microsoft.NETCore.App.Ref\8.0.25\ref/net8.0/mscorlib.dll [C:\Users\ultra\warewolf\Dev\Dev2.Server\Dev2.Server.csproj]
C:\Program Files\dotnet\sdk\10.0.201\Microsoft.Common.CurrentVersion.targets(2451,5): warning MSB3277:             Warewolf.Usage, Version=1.0.0.0, Culture=neutral, PublicKeyToken=null [C:\Users\ultra\warewolf\Dev\Dev2.Server\Dev2.Server.csproj]
C:\Program Files\dotnet\sdk\10.0.201\Microsoft.Common.CurrentVersion.targets(2451,5): warning MSB3277:             C:\Users\ultra\.nuget\packages\hangfire.core\1.7.32\lib\netstandard2.0\Hangfire.Core.dll [C:\Users\ultra\warewolf\Dev\Dev2.Server\Dev2.Server.csproj]
C:\Program Files\dotnet\sdk\10.0.201\Microsoft.Common.CurrentVersion.targets(2451,5): warning MSB3277:             C:\Users\ultra\.nuget\packages\hangfire.aspnetcore\1.7.32\lib\netcoreapp3.0\Hangfire.AspNetCore.dll [C:\Users\ultra\warewolf\Dev\Dev2.Server\Dev2.Server.csproj]
C:\Program Files\dotnet\sdk\10.0.201\Microsoft.Common.CurrentVersion.targets(2451,5): warning MSB3277:             C:\Users\ultra\.nuget\packages\hangfire.sqlserver\1.7.32\lib\netstandard2.0\Hangfire.SqlServer.dll [C:\Users\ultra\warewolf\Dev\Dev2.Server\Dev2.Server.csproj]
C:\Program Files\dotnet\sdk\10.0.201\Microsoft.Common.CurrentVersion.targets(2451,5): warning MSB3277:         C:\Program Files\dotnet\packs\Microsoft.NETCore.App.Ref\8.0.25\ref\net8.0\System.Drawing.dll [C:\Users\ultra\warewolf\Dev\Dev2.Server\Dev2.Server.csproj]
C:\Program Files\dotnet\sdk\10.0.201\Microsoft.Common.CurrentVersion.targets(2451,5): warning MSB3277:           Project file item includes which caused reference "C:\Program Files\dotnet\packs\Microsoft.NETCore.App.Ref\8.0.25\ref\net8.0\System.Drawing.dll". [C:\Users\ultra\warewolf\Dev\Dev2.Server\Dev2.Server.csproj]
C:\Program Files\dotnet\sdk\10.0.201\Microsoft.Common.CurrentVersion.targets(2451,5): warning MSB3277:             C:\Program Files\dotnet\packs\Microsoft.NETCore.App.Ref\8.0.25\ref/net8.0/System.Drawing.dll [C:\Users\ultra\warewolf\Dev\Dev2.Server\Dev2.Server.csproj]
C:\Program Files\dotnet\sdk\10.0.201\Microsoft.Common.CurrentVersion.targets(2451,5): warning MSB3277:             C:\Users\ultra\.nuget\packages\aerowizard\2.3.1\lib\net45\AeroWizard.dll [C:\Users\ultra\warewolf\Dev\Dev2.Server\Dev2.Server.csproj]
C:\Program Files\dotnet\sdk\10.0.201\Microsoft.Common.CurrentVersion.targets(2451,5): warning MSB3277:             C:\Users\ultra\.nuget\packages\groupcontrols\1.9.0\lib\net45\GroupControls.dll [C:\Users\ultra\warewolf\Dev\Dev2.Server\Dev2.Server.csproj]
C:\Program Files\dotnet\sdk\10.0.201\Microsoft.Common.CurrentVersion.targets(2451,5): warning MSB3277:             C:\Users\ultra\.nuget\packages\taskschedulereditor\2.10.1\lib\net452\Microsoft.Win32.TaskSchedulerEditor.dll [C:\Users\ultra\warewolf\Dev\Dev2.Server\Dev2.Server.csproj]
  Warewolf.Studio.AntiCorruptionLayer -> C:\Users\ultra\warewolf\Dev\Warewolf.Studio.AntiCorruptionLayer\bin\Debug\net8.0\Warewolf.Studio.AntiCorruptionLayer.dll
C:\Program Files\dotnet\sdk\10.0.201\Microsoft.Common.CurrentVersion.targets(2451,5): warning MSB3277: Found conflicts between different versions of "Microsoft.Win32.SystemEvents" that could not be resolved. [C:\Users\ultra\warewolf\Dev\Warewolf.Studio.ViewModels\Warewolf.Studio.ViewModels.csproj]
C:\Program Files\dotnet\sdk\10.0.201\Microsoft.Common.CurrentVersion.targets(2451,5): warning MSB3277: There was a conflict between "Microsoft.Win32.SystemEvents, Version=6.0.0.0, Culture=neutral, PublicKeyToken=cc7b13ffcd2ddd51" and "Microsoft.Win32.SystemEvents, Version=7.0.0.0, Culture=neutral, PublicKeyToken=cc7b13ffcd2ddd51". [C:\Users\ultra\warewolf\Dev\Warewolf.Studio.ViewModels\Warewolf.Studio.ViewModels.csproj]
C:\Program Files\dotnet\sdk\10.0.201\Microsoft.Common.CurrentVersion.targets(2451,5): warning MSB3277:     "Microsoft.Win32.SystemEvents, Version=6.0.0.0, Culture=neutral, PublicKeyToken=cc7b13ffcd2ddd51" was chosen because it was primary and "Microsoft.Win32.SystemEvents, Version=7.0.0.0, Culture=neutral, PublicKeyToken=cc7b13ffcd2ddd51" was not. [C:\Users\ultra\warewolf\Dev\Warewolf.Studio.ViewModels\Warewolf.Studio.ViewModels.csproj]
C:\Program Files\dotnet\sdk\10.0.201\Microsoft.Common.CurrentVersion.targets(2451,5): warning MSB3277:     References which depend on "Microsoft.Win32.SystemEvents, Version=6.0.0.0, Culture=neutral, PublicKeyToken=cc7b13ffcd2ddd51" [C:\Users\ultra\.nuget\packages\microsoft.win32.systemevents\6.0.0\lib\net6.0\Microsoft.Win32.SystemEvents.dll]. [C:\Users\ultra\warewolf\Dev\Warewolf.Studio.ViewModels\Warewolf.Studio.ViewModels.csproj]
C:\Program Files\dotnet\sdk\10.0.201\Microsoft.Common.CurrentVersion.targets(2451,5): warning MSB3277:         C:\Users\ultra\.nuget\packages\microsoft.win32.systemevents\6.0.0\lib\net6.0\Microsoft.Win32.SystemEvents.dll [C:\Users\ultra\warewolf\Dev\Warewolf.Studio.ViewModels\Warewolf.Studio.ViewModels.csproj]
C:\Program Files\dotnet\sdk\10.0.201\Microsoft.Common.CurrentVersion.targets(2451,5): warning MSB3277:           Project file item includes which caused reference "C:\Users\ultra\.nuget\packages\microsoft.win32.systemevents\6.0.0\lib\net6.0\Microsoft.Win32.SystemEvents.dll". [C:\Users\ultra\warewolf\Dev\Warewolf.Studio.ViewModels\Warewolf.Studio.ViewModels.csproj]
C:\Program Files\dotnet\sdk\10.0.201\Microsoft.Common.CurrentVersion.targets(2451,5): warning MSB3277:             C:\Users\ultra\.nuget\packages\microsoft.win32.systemevents\6.0.0\lib\net6.0\Microsoft.Win32.SystemEvents.dll [C:\Users\ultra\warewolf\Dev\Warewolf.Studio.ViewModels\Warewolf.Studio.ViewModels.csproj]
C:\Program Files\dotnet\sdk\10.0.201\Microsoft.Common.CurrentVersion.targets(2451,5): warning MSB3277:     References which depend on or have been unified to "Microsoft.Win32.SystemEvents, Version=7.0.0.0, Culture=neutral, PublicKeyToken=cc7b13ffcd2ddd51" []. [C:\Users\ultra\warewolf\Dev\Warewolf.Studio.ViewModels\Warewolf.Studio.ViewModels.csproj]
C:\Program Files\dotnet\sdk\10.0.201\Microsoft.Common.CurrentVersion.targets(2451,5): warning MSB3277:         C:\Users\ultra\warewolf\Dev\Dev2.Common\bin\Debug\net8.0\Dev2.Common.dll [C:\Users\ultra\warewolf\Dev\Warewolf.Studio.ViewModels\Warewolf.Studio.ViewModels.csproj]
C:\Program Files\dotnet\sdk\10.0.201\Microsoft.Common.CurrentVersion.targets(2451,5): warning MSB3277:           Project file item includes which caused reference "C:\Users\ultra\warewolf\Dev\Dev2.Common\bin\Debug\net8.0\Dev2.Common.dll". [C:\Users\ultra\warewolf\Dev\Warewolf.Studio.ViewModels\Warewolf.Studio.ViewModels.csproj]
C:\Program Files\dotnet\sdk\10.0.201\Microsoft.Common.CurrentVersion.targets(2451,5): warning MSB3277:             C:\Users\ultra\warewolf\Dev\Dev2.Common\bin\Debug\net8.0\Dev2.Common.dll [C:\Users\ultra\warewolf\Dev\Warewolf.Studio.ViewModels\Warewolf.Studio.ViewModels.csproj]
C:\Program Files\dotnet\sdk\10.0.201\Microsoft.Common.CurrentVersion.targets(2451,5): warning MSB3277:             C:\Users\ultra\warewolf\Dev\Dev2.Activities\bin\Debug\net8.0\Dev2.Activities.dll [C:\Users\ultra\warewolf\Dev\Warewolf.Studio.ViewModels\Warewolf.Studio.ViewModels.csproj]
C:\Program Files\dotnet\sdk\10.0.201\Microsoft.Common.CurrentVersion.targets(2451,5): warning MSB3277:             C:\Users\ultra\warewolf\Dev\Dev2.Core\bin\Debug\net8.0\Dev2.Core.dll [C:\Users\ultra\warewolf\Dev\Warewolf.Studio.ViewModels\Warewolf.Studio.ViewModels.csproj]
C:\Program Files\dotnet\sdk\10.0.201\Microsoft.Common.CurrentVersion.targets(2451,5): warning MSB3277:             C:\Users\ultra\warewolf\Dev\Dev2.Data\bin\Debug\net8.0\Dev2.Data.dll [C:\Users\ultra\warewolf\Dev\Warewolf.Studio.ViewModels\Warewolf.Studio.ViewModels.csproj]
C:\Program Files\dotnet\sdk\10.0.201\Microsoft.Common.CurrentVersion.targets(2451,5): warning MSB3277:             C:\Users\ultra\warewolf\Dev\Dev2.Diagnostics\bin\Debug\net8.0\Dev2.Diagnostics.dll [C:\Users\ultra\warewolf\Dev\Warewolf.Studio.ViewModels\Warewolf.Studio.ViewModels.csproj]
C:\Program Files\dotnet\sdk\10.0.201\Microsoft.Common.CurrentVersion.targets(2451,5): warning MSB3277:             C:\Users\ultra\warewolf\Dev\Dev2.Infrastructure\bin\Debug\net8.0\Dev2.Infrastructure.dll [C:\Users\ultra\warewolf\Dev\Warewolf.Studio.ViewModels\Warewolf.Studio.ViewModels.csproj]
C:\Program Files\dotnet\sdk\10.0.201\Microsoft.Common.CurrentVersion.targets(2451,5): warning MSB3277:             C:\Users\ultra\warewolf\Dev\Dev2.Studio.Core\bin\Debug\net8.0\Dev2.Studio.Core.dll [C:\Users\ultra\warewolf\Dev\Warewolf.Studio.ViewModels\Warewolf.Studio.ViewModels.csproj]
C:\Program Files\dotnet\sdk\10.0.201\Microsoft.Common.CurrentVersion.targets(2451,5): warning MSB3277:             C:\Users\ultra\warewolf\Dev\Dev2.Studio.Interfaces\bin\Debug\net8.0\Dev2.Studio.Interfaces.dll [C:\Users\ultra\warewolf\Dev\Warewolf.Studio.ViewModels\Warewolf.Studio.ViewModels.csproj]
C:\Program Files\dotnet\sdk\10.0.201\Microsoft.Common.CurrentVersion.targets(2451,5): warning MSB3277:             C:\Users\ultra\warewolf\Dev\Warewolf.Core\bin\Debug\net8.0\Warewolf.Core.dll [C:\Users\ultra\warewolf\Dev\Warewolf.Studio.ViewModels\Warewolf.Studio.ViewModels.csproj]
C:\Program Files\dotnet\sdk\10.0.201\Microsoft.Common.CurrentVersion.targets(2451,5): warning MSB3277:             C:\Users\ultra\warewolf\Dev\Warewolf.ResourceManagement\bin\Debug\net8.0\Warewolf.ResourceManagement.dll [C:\Users\ultra\warewolf\Dev\Warewolf.Studio.ViewModels\Warewolf.Studio.ViewModels.csproj]
C:\Program Files\dotnet\sdk\10.0.201\Microsoft.Common.CurrentVersion.targets(2451,5): warning MSB3277:             C:\Users\ultra\warewolf\Dev\Warewolf.Studio.Core\bin\Debug\net8.0\Warewolf.Studio.Core.dll [C:\Users\ultra\warewolf\Dev\Warewolf.Studio.ViewModels\Warewolf.Studio.ViewModels.csproj]
C:\Program Files\dotnet\sdk\10.0.201\Microsoft.Common.CurrentVersion.targets(2451,5): warning MSB3277:             C:\Users\ultra\warewolf\Dev\Warewolf.Studio.CustomControls\bin\Debug\net8.0\Warewolf.Studio.CustomControls.dll [C:\Users\ultra\warewolf\Dev\Warewolf.Studio.ViewModels\Warewolf.Studio.ViewModels.csproj]
C:\Program Files\dotnet\sdk\10.0.201\Microsoft.Common.CurrentVersion.targets(2451,5): warning MSB3277:             C:\Users\ultra\warewolf\Dev\Warewolf.Studio.Models\bin\Debug\net8.0\Warewolf.Studio.Models.dll [C:\Users\ultra\warewolf\Dev\Warewolf.Studio.ViewModels\Warewolf.Studio.ViewModels.csproj]
C:\Program Files\dotnet\sdk\10.0.201\Microsoft.Common.CurrentVersion.targets(2451,5): warning MSB3277:             C:\Users\ultra\warewolf\Dev\Dev2.Development.Languages\bin\Debug\net8.0\Dev2.Development.Languages.dll [C:\Users\ultra\warewolf\Dev\Warewolf.Studio.ViewModels\Warewolf.Studio.ViewModels.csproj]
C:\Program Files\dotnet\sdk\10.0.201\Microsoft.Common.CurrentVersion.targets(2451,5): warning MSB3277:             C:\Users\ultra\warewolf\Dev\Dev2.Intellisense\bin\Debug\net8.0\Dev2.Intellisense.dll [C:\Users\ultra\warewolf\Dev\Warewolf.Studio.ViewModels\Warewolf.Studio.ViewModels.csproj]
C:\Program Files\dotnet\sdk\10.0.201\Microsoft.Common.CurrentVersion.targets(2451,5): warning MSB3277:             C:\Users\ultra\warewolf\Dev\Dev2.Runtime.Services\bin\Debug\net8.0\Dev2.Runtime.Services.dll [C:\Users\ultra\warewolf\Dev\Warewolf.Studio.ViewModels\Warewolf.Studio.ViewModels.csproj]
C:\Program Files\dotnet\sdk\10.0.201\Microsoft.Common.CurrentVersion.targets(2451,5): warning MSB3277:             C:\Users\ultra\warewolf\Dev\Dev2.Scheduler\bin\Debug\net8.0\Dev2.Scheduler.dll [C:\Users\ultra\warewolf\Dev\Warewolf.Studio.ViewModels\Warewolf.Studio.ViewModels.csproj]
C:\Program Files\dotnet\sdk\10.0.201\Microsoft.Common.CurrentVersion.targets(2451,5): warning MSB3277:             C:\Users\ultra\warewolf\Dev\Dev2.Services.Execution\bin\Debug\net8.0\Dev2.Services.Execution.dll [C:\Users\ultra\warewolf\Dev\Warewolf.Studio.ViewModels\Warewolf.Studio.ViewModels.csproj]
C:\Program Files\dotnet\sdk\10.0.201\Microsoft.Common.CurrentVersion.targets(2451,5): warning MSB3277:             C:\Users\ultra\warewolf\Dev\Dev2.Services.Sql\bin\Debug\net8.0\Dev2.Services.Sql.dll [C:\Users\ultra\warewolf\Dev\Warewolf.Studio.ViewModels\Warewolf.Studio.ViewModels.csproj]
C:\Program Files\dotnet\sdk\10.0.201\Microsoft.Common.CurrentVersion.targets(2451,5): warning MSB3277:             C:\Users\ultra\warewolf\Dev\Dev2.TaskScheduler.Wrappers\bin\Debug\net8.0\Dev2.TaskScheduler.Wrappers.dll [C:\Users\ultra\warewolf\Dev\Warewolf.Studio.ViewModels\Warewolf.Studio.ViewModels.csproj]
C:\Program Files\dotnet\sdk\10.0.201\Microsoft.Common.CurrentVersion.targets(2451,5): warning MSB3277:             C:\Users\ultra\warewolf\Dev\Dev2.Util\bin\Debug\net8.0\Dev2.Util.dll [C:\Users\ultra\warewolf\Dev\Warewolf.Studio.ViewModels\Warewolf.Studio.ViewModels.csproj]
C:\Program Files\dotnet\sdk\10.0.201\Microsoft.Common.CurrentVersion.targets(2451,5): warning MSB3277:             C:\Users\ultra\warewolf\Dev\Warewolf.AI.Harness\bin\Debug\net8.0\Warewolf.AI.Harness.dll [C:\Users\ultra\warewolf\Dev\Warewolf.Studio.ViewModels\Warewolf.Studio.ViewModels.csproj]
C:\Program Files\dotnet\sdk\10.0.201\Microsoft.Common.CurrentVersion.targets(2451,5): warning MSB3277:             C:\Users\ultra\warewolf\Dev\Warewolf.Auditing\bin\Debug\net8.0\Warewolf.Auditing.dll [C:\Users\ultra\warewolf\Dev\Warewolf.Studio.ViewModels\Warewolf.Studio.ViewModels.csproj]
C:\Program Files\dotnet\sdk\10.0.201\Microsoft.Common.CurrentVersion.targets(2451,5): warning MSB3277:             C:\Users\ultra\warewolf\Dev\Warewolf.Common.NetStandard20\bin\Debug\net8.0\Warewolf.Common.NetStandard20.dll [C:\Users\ultra\warewolf\Dev\Warewolf.Studio.ViewModels\Warewolf.Studio.ViewModels.csproj]
C:\Program Files\dotnet\sdk\10.0.201\Microsoft.Common.CurrentVersion.targets(2451,5): warning MSB3277:             C:\Users\ultra\warewolf\Dev\Warewolf.Driver.Persistence\bin\Debug\net8.0\Warewolf.Driver.Persistence.dll [C:\Users\ultra\warewolf\Dev\Warewolf.Studio.ViewModels\Warewolf.Studio.ViewModels.csproj]
C:\Program Files\dotnet\sdk\10.0.201\Microsoft.Common.CurrentVersion.targets(2451,5): warning MSB3277:             C:\Users\ultra\warewolf\Dev\Warewolf.Driver.Serilog\bin\Debug\net8.0\Warewolf.Driver.Serilog.dll [C:\Users\ultra\warewolf\Dev\Warewolf.Studio.ViewModels\Warewolf.Studio.ViewModels.csproj]
C:\Program Files\dotnet\sdk\10.0.201\Microsoft.Common.CurrentVersion.targets(2451,5): warning MSB3277:             C:\Users\ultra\warewolf\Dev\Warewolf.Exchange.Email.Wrapper\bin\Debug\net8.0\Warewolf.Exchange.Email.Wrapper.dll [C:\Users\ultra\warewolf\Dev\Warewolf.Studio.ViewModels\Warewolf.Studio.ViewModels.csproj]
C:\Program Files\dotnet\sdk\10.0.201\Microsoft.Common.CurrentVersion.targets(2451,5): warning MSB3277:             C:\Users\ultra\warewolf\Dev\Warewolf.Sharepoint\bin\Debug\net8.0\Warewolf.Sharepoint.dll [C:\Users\ultra\warewolf\Dev\Warewolf.Studio.ViewModels\Warewolf.Studio.ViewModels.csproj]
C:\Program Files\dotnet\sdk\10.0.201\Microsoft.Common.CurrentVersion.targets(2451,5): warning MSB3277:             C:\Users\ultra\warewolf\Dev\Warewolf.Storage\bin\Debug\net8.0\Warewolf.Storage.dll [C:\Users\ultra\warewolf\Dev\Warewolf.Studio.ViewModels\Warewolf.Studio.ViewModels.csproj]
C:\Program Files\dotnet\sdk\10.0.201\Microsoft.Common.CurrentVersion.targets(2451,5): warning MSB3277:             C:\Users\ultra\warewolf\Dev\Warewolf.UI\bin\Debug\net8.0\Warewolf.UI.dll [C:\Users\ultra\warewolf\Dev\Warewolf.Studio.ViewModels\Warewolf.Studio.ViewModels.csproj]
C:\Program Files\dotnet\sdk\10.0.201\Microsoft.Common.CurrentVersion.targets(2451,5): warning MSB3277:         C:\Users\ultra\warewolf\Dev\Binaries\Infragistcs_Net6\InfragisticsWPF4.v15.1.dll [C:\Users\ultra\warewolf\Dev\Warewolf.Studio.ViewModels\Warewolf.Studio.ViewModels.csproj]
C:\Program Files\dotnet\sdk\10.0.201\Microsoft.Common.CurrentVersion.targets(2451,5): warning MSB3277:           Project file item includes which caused reference "C:\Users\ultra\warewolf\Dev\Binaries\Infragistcs_Net6\InfragisticsWPF4.v15.1.dll". [C:\Users\ultra\warewolf\Dev\Warewolf.Studio.ViewModels\Warewolf.Studio.ViewModels.csproj]
C:\Program Files\dotnet\sdk\10.0.201\Microsoft.Common.CurrentVersion.targets(2451,5): warning MSB3277:             InfragisticsWPF4.v15.1, Version=15.1.20151.2055, Culture=neutral, processorArchitecture=MSIL [C:\Users\ultra\warewolf\Dev\Warewolf.Studio.ViewModels\Warewolf.Studio.ViewModels.csproj]
C:\Program Files\dotnet\sdk\10.0.201\Microsoft.Common.CurrentVersion.targets(2451,5): warning MSB3277:             InfragisticsWPF4.Controls.Editors.XamComboEditor.v15.1, Version=15.1.20151.2055, Culture=neutral, processorArchitecture=MSIL [C:\Users\ultra\warewolf\Dev\Warewolf.Studio.ViewModels\Warewolf.Studio.ViewModels.csproj]
C:\Program Files\dotnet\sdk\10.0.201\Microsoft.Common.CurrentVersion.targets(2451,5): warning MSB3277:             InfragisticsWPF4.DataManager.v15.1, Version=15.1.20151.2055, Culture=neutral, processorArchitecture=MSIL [C:\Users\ultra\warewolf\Dev\Warewolf.Studio.ViewModels\Warewolf.Studio.ViewModels.csproj]
C:\Program Files\dotnet\sdk\10.0.201\Microsoft.Common.CurrentVersion.targets(2451,5): warning MSB3277:         C:\Users\ultra\.nuget\packages\timespan2\2.4.2\lib\netcoreapp3.1\TimeSpan2.dll [C:\Users\ultra\warewolf\Dev\Warewolf.Studio.ViewModels\Warewolf.Studio.ViewModels.csproj]
C:\Program Files\dotnet\sdk\10.0.201\Microsoft.Common.CurrentVersion.targets(2451,5): warning MSB3277:           Project file item includes which caused reference "C:\Users\ultra\.nuget\packages\timespan2\2.4.2\lib\netcoreapp3.1\TimeSpan2.dll". [C:\Users\ultra\warewolf\Dev\Warewolf.Studio.ViewModels\Warewolf.Studio.ViewModels.csproj]
C:\Program Files\dotnet\sdk\10.0.201\Microsoft.Common.CurrentVersion.targets(2451,5): warning MSB3277:             C:\Users\ultra\.nuget\packages\timespan2\2.4.2\lib\netcoreapp3.1\TimeSpan2.dll [C:\Users\ultra\warewolf\Dev\Warewolf.Studio.ViewModels\Warewolf.Studio.ViewModels.csproj]
C:\Program Files\dotnet\sdk\10.0.201\Microsoft.Common.CurrentVersion.targets(2451,5): warning MSB3277:             C:\Users\ultra\.nuget\packages\taskschedulereditor\2.10.1\lib\net452\Microsoft.Win32.TaskSchedulerEditor.dll [C:\Users\ultra\warewolf\Dev\Warewolf.Studio.ViewModels\Warewolf.Studio.ViewModels.csproj]
C:\Program Files\dotnet\sdk\10.0.201\Microsoft.Common.CurrentVersion.targets(2451,5): warning MSB3277:         C:\Program Files\dotnet\packs\Microsoft.NETCore.App.Ref\8.0.25\ref\net8.0\System.dll [C:\Users\ultra\warewolf\Dev\Warewolf.Studio.ViewModels\Warewolf.Studio.ViewModels.csproj]
C:\Program Files\dotnet\sdk\10.0.201\Microsoft.Common.CurrentVersion.targets(2451,5): warning MSB3277:           Project file item includes which caused reference "C:\Program Files\dotnet\packs\Microsoft.NETCore.App.Ref\8.0.25\ref\net8.0\System.dll". [C:\Users\ultra\warewolf\Dev\Warewolf.Studio.ViewModels\Warewolf.Studio.ViewModels.csproj]
C:\Program Files\dotnet\sdk\10.0.201\Microsoft.Common.CurrentVersion.targets(2451,5): warning MSB3277:             C:\Program Files\dotnet\packs\Microsoft.NETCore.App.Ref\8.0.25\ref/net8.0/System.dll [C:\Users\ultra\warewolf\Dev\Warewolf.Studio.ViewModels\Warewolf.Studio.ViewModels.csproj]
C:\Program Files\dotnet\sdk\10.0.201\Microsoft.Common.CurrentVersion.targets(2451,5): warning MSB3277:             C:\Users\ultra\.nuget\packages\aerowizard\2.3.1\lib\net45\AeroWizard.dll [C:\Users\ultra\warewolf\Dev\Warewolf.Studio.ViewModels\Warewolf.Studio.ViewModels.csproj]
C:\Program Files\dotnet\sdk\10.0.201\Microsoft.Common.CurrentVersion.targets(2451,5): warning MSB3277:             C:\Users\ultra\.nuget\packages\groupcontrols\1.9.0\lib\net45\GroupControls.dll [C:\Users\ultra\warewolf\Dev\Warewolf.Studio.ViewModels\Warewolf.Studio.ViewModels.csproj]
C:\Program Files\dotnet\sdk\10.0.201\Microsoft.Common.CurrentVersion.targets(2451,5): warning MSB3277:             C:\Users\ultra\.nuget\packages\microsoft.xaml.behaviors.wpf\1.1.122\lib\net462\Microsoft.Xaml.Behaviors.dll [C:\Users\ultra\warewolf\Dev\Warewolf.Studio.ViewModels\Warewolf.Studio.ViewModels.csproj]
C:\Program Files\dotnet\sdk\10.0.201\Microsoft.Common.CurrentVersion.targets(2451,5): warning MSB3277:             C:\Users\ultra\.nuget\packages\caliburn.micro\4.0.212\lib\netcoreapp3.1\Caliburn.Micro.Platform.dll [C:\Users\ultra\warewolf\Dev\Warewolf.Studio.ViewModels\Warewolf.Studio.ViewModels.csproj]
C:\Program Files\dotnet\sdk\10.0.201\Microsoft.Common.CurrentVersion.targets(2451,5): warning MSB3277:             C:\Users\ultra\.nuget\packages\prism.wpf\9.0.537\lib\net462\Prism.Wpf.dll [C:\Users\ultra\warewolf\Dev\Warewolf.Studio.ViewModels\Warewolf.Studio.ViewModels.csproj]
C:\Program Files\dotnet\sdk\10.0.201\Microsoft.Common.CurrentVersion.targets(2451,5): warning MSB3277:             C:\Users\ultra\.nuget\packages\reactiveui.wpf\18.4.1\lib\net462\ReactiveUI.Wpf.dll [C:\Users\ultra\warewolf\Dev\Warewolf.Studio.ViewModels\Warewolf.Studio.ViewModels.csproj]
C:\Program Files\dotnet\sdk\10.0.201\Microsoft.Common.CurrentVersion.targets(2451,5): warning MSB3277:             C:\Users\ultra\.nuget\packages\taskschedulereditor\2.10.1\lib\net452\Microsoft.Win32.TaskSchedulerEditor.dll [C:\Users\ultra\warewolf\Dev\Warewolf.Studio.ViewModels\Warewolf.Studio.ViewModels.csproj]
C:\Program Files\dotnet\sdk\10.0.201\Microsoft.Common.CurrentVersion.targets(2451,5): warning MSB3277:             C:\Users\ultra\.nuget\packages\ttcue.netcore.sharepointonline.csom.16.1.8029.1200\16.1.8029.1200\lib\netcoreapp2.0\Microsoft.SharePoint.Client.Runtime.Windows.dll [C:\Users\ultra\warewolf\Dev\Warewolf.Studio.ViewModels\Warewolf.Studio.ViewModels.csproj]
C:\Program Files\dotnet\sdk\10.0.201\Microsoft.Common.CurrentVersion.targets(2451,5): warning MSB3277: Found conflicts between different versions of "System.Security.Permissions" that could not be resolved. [C:\Users\ultra\warewolf\Dev\Warewolf.Studio.ViewModels\Warewolf.Studio.ViewModels.csproj]
C:\Program Files\dotnet\sdk\10.0.201\Microsoft.Common.CurrentVersion.targets(2451,5): warning MSB3277: There was a conflict between "System.Security.Permissions, Version=6.0.0.0, Culture=neutral, PublicKeyToken=cc7b13ffcd2ddd51" and "System.Security.Permissions, Version=7.0.0.0, Culture=neutral, PublicKeyToken=cc7b13ffcd2ddd51". [C:\Users\ultra\warewolf\Dev\Warewolf.Studio.ViewModels\Warewolf.Studio.ViewModels.csproj]
C:\Program Files\dotnet\sdk\10.0.201\Microsoft.Common.CurrentVersion.targets(2451,5): warning MSB3277:     "System.Security.Permissions, Version=6.0.0.0, Culture=neutral, PublicKeyToken=cc7b13ffcd2ddd51" was chosen because it was primary and "System.Security.Permissions, Version=7.0.0.0, Culture=neutral, PublicKeyToken=cc7b13ffcd2ddd51" was not. [C:\Users\ultra\warewolf\Dev\Warewolf.Studio.ViewModels\Warewolf.Studio.ViewModels.csproj]
C:\Program Files\dotnet\sdk\10.0.201\Microsoft.Common.CurrentVersion.targets(2451,5): warning MSB3277:     References which depend on "System.Security.Permissions, Version=6.0.0.0, Culture=neutral, PublicKeyToken=cc7b13ffcd2ddd51" [C:\Users\ultra\.nuget\packages\system.security.permissions\6.0.0\lib\net6.0\System.Security.Permissions.dll]. [C:\Users\ultra\warewolf\Dev\Warewolf.Studio.ViewModels\Warewolf.Studio.ViewModels.csproj]
C:\Program Files\dotnet\sdk\10.0.201\Microsoft.Common.CurrentVersion.targets(2451,5): warning MSB3277:         C:\Users\ultra\.nuget\packages\system.security.permissions\6.0.0\lib\net6.0\System.Security.Permissions.dll [C:\Users\ultra\warewolf\Dev\Warewolf.Studio.ViewModels\Warewolf.Studio.ViewModels.csproj]
C:\Program Files\dotnet\sdk\10.0.201\Microsoft.Common.CurrentVersion.targets(2451,5): warning MSB3277:           Project file item includes which caused reference "C:\Users\ultra\.nuget\packages\system.security.permissions\6.0.0\lib\net6.0\System.Security.Permissions.dll". [C:\Users\ultra\warewolf\Dev\Warewolf.Studio.ViewModels\Warewolf.Studio.ViewModels.csproj]
C:\Program Files\dotnet\sdk\10.0.201\Microsoft.Common.CurrentVersion.targets(2451,5): warning MSB3277:             C:\Users\ultra\.nuget\packages\system.security.permissions\6.0.0\lib\net6.0\System.Security.Permissions.dll [C:\Users\ultra\warewolf\Dev\Warewolf.Studio.ViewModels\Warewolf.Studio.ViewModels.csproj]
C:\Program Files\dotnet\sdk\10.0.201\Microsoft.Common.CurrentVersion.targets(2451,5): warning MSB3277:     References which depend on or have been unified to "System.Security.Permissions, Version=7.0.0.0, Culture=neutral, PublicKeyToken=cc7b13ffcd2ddd51" []. [C:\Users\ultra\warewolf\Dev\Warewolf.Studio.ViewModels\Warewolf.Studio.ViewModels.csproj]
C:\Program Files\dotnet\sdk\10.0.201\Microsoft.Common.CurrentVersion.targets(2451,5): warning MSB3277:         C:\Users\ultra\warewolf\Dev\Dev2.Data\bin\Debug\net8.0\Dev2.Data.dll [C:\Users\ultra\warewolf\Dev\Warewolf.Studio.ViewModels\Warewolf.Studio.ViewModels.csproj]
C:\Program Files\dotnet\sdk\10.0.201\Microsoft.Common.CurrentVersion.targets(2451,5): warning MSB3277:           Project file item includes which caused reference "C:\Users\ultra\warewolf\Dev\Dev2.Data\bin\Debug\net8.0\Dev2.Data.dll". [C:\Users\ultra\warewolf\Dev\Warewolf.Studio.ViewModels\Warewolf.Studio.ViewModels.csproj]
C:\Program Files\dotnet\sdk\10.0.201\Microsoft.Common.CurrentVersion.targets(2451,5): warning MSB3277:             C:\Users\ultra\warewolf\Dev\Dev2.Data\bin\Debug\net8.0\Dev2.Data.dll [C:\Users\ultra\warewolf\Dev\Warewolf.Studio.ViewModels\Warewolf.Studio.ViewModels.csproj]
C:\Program Files\dotnet\sdk\10.0.201\Microsoft.Common.CurrentVersion.targets(2451,5): warning MSB3277:             C:\Users\ultra\warewolf\Dev\Dev2.Activities\bin\Debug\net8.0\Dev2.Activities.dll [C:\Users\ultra\warewolf\Dev\Warewolf.Studio.ViewModels\Warewolf.Studio.ViewModels.csproj]
C:\Program Files\dotnet\sdk\10.0.201\Microsoft.Common.CurrentVersion.targets(2451,5): warning MSB3277:             C:\Users\ultra\warewolf\Dev\Dev2.Core\bin\Debug\net8.0\Dev2.Core.dll [C:\Users\ultra\warewolf\Dev\Warewolf.Studio.ViewModels\Warewolf.Studio.ViewModels.csproj]
C:\Program Files\dotnet\sdk\10.0.201\Microsoft.Common.CurrentVersion.targets(2451,5): warning MSB3277:             C:\Users\ultra\warewolf\Dev\Dev2.Studio.Core\bin\Debug\net8.0\Dev2.Studio.Core.dll [C:\Users\ultra\warewolf\Dev\Warewolf.Studio.ViewModels\Warewolf.Studio.ViewModels.csproj]
C:\Program Files\dotnet\sdk\10.0.201\Microsoft.Common.CurrentVersion.targets(2451,5): warning MSB3277:             C:\Users\ultra\warewolf\Dev\Dev2.Studio.Interfaces\bin\Debug\net8.0\Dev2.Studio.Interfaces.dll [C:\Users\ultra\warewolf\Dev\Warewolf.Studio.ViewModels\Warewolf.Studio.ViewModels.csproj]
C:\Program Files\dotnet\sdk\10.0.201\Microsoft.Common.CurrentVersion.targets(2451,5): warning MSB3277:             C:\Users\ultra\warewolf\Dev\Warewolf.Core\bin\Debug\net8.0\Warewolf.Core.dll [C:\Users\ultra\warewolf\Dev\Warewolf.Studio.ViewModels\Warewolf.Studio.ViewModels.csproj]
C:\Program Files\dotnet\sdk\10.0.201\Microsoft.Common.CurrentVersion.targets(2451,5): warning MSB3277:             C:\Users\ultra\warewolf\Dev\Warewolf.ResourceManagement\bin\Debug\net8.0\Warewolf.ResourceManagement.dll [C:\Users\ultra\warewolf\Dev\Warewolf.Studio.ViewModels\Warewolf.Studio.ViewModels.csproj]
C:\Program Files\dotnet\sdk\10.0.201\Microsoft.Common.CurrentVersion.targets(2451,5): warning MSB3277:             C:\Users\ultra\warewolf\Dev\Warewolf.Studio.Core\bin\Debug\net8.0\Warewolf.Studio.Core.dll [C:\Users\ultra\warewolf\Dev\Warewolf.Studio.ViewModels\Warewolf.Studio.ViewModels.csproj]
C:\Program Files\dotnet\sdk\10.0.201\Microsoft.Common.CurrentVersion.targets(2451,5): warning MSB3277:             C:\Users\ultra\warewolf\Dev\Warewolf.Studio.CustomControls\bin\Debug\net8.0\Warewolf.Studio.CustomControls.dll [C:\Users\ultra\warewolf\Dev\Warewolf.Studio.ViewModels\Warewolf.Studio.ViewModels.csproj]
C:\Program Files\dotnet\sdk\10.0.201\Microsoft.Common.CurrentVersion.targets(2451,5): warning MSB3277:             C:\Users\ultra\warewolf\Dev\Warewolf.Studio.Models\bin\Debug\net8.0\Warewolf.Studio.Models.dll [C:\Users\ultra\warewolf\Dev\Warewolf.Studio.ViewModels\Warewolf.Studio.ViewModels.csproj]
C:\Program Files\dotnet\sdk\10.0.201\Microsoft.Common.CurrentVersion.targets(2451,5): warning MSB3277:             C:\Users\ultra\warewolf\Dev\Dev2.Intellisense\bin\Debug\net8.0\Dev2.Intellisense.dll [C:\Users\ultra\warewolf\Dev\Warewolf.Studio.ViewModels\Warewolf.Studio.ViewModels.csproj]
C:\Program Files\dotnet\sdk\10.0.201\Microsoft.Common.CurrentVersion.targets(2451,5): warning MSB3277:             C:\Users\ultra\warewolf\Dev\Dev2.Runtime.Services\bin\Debug\net8.0\Dev2.Runtime.Services.dll [C:\Users\ultra\warewolf\Dev\Warewolf.Studio.ViewModels\Warewolf.Studio.ViewModels.csproj]
C:\Program Files\dotnet\sdk\10.0.201\Microsoft.Common.CurrentVersion.targets(2451,5): warning MSB3277:             C:\Users\ultra\warewolf\Dev\Dev2.Scheduler\bin\Debug\net8.0\Dev2.Scheduler.dll [C:\Users\ultra\warewolf\Dev\Warewolf.Studio.ViewModels\Warewolf.Studio.ViewModels.csproj]
C:\Program Files\dotnet\sdk\10.0.201\Microsoft.Common.CurrentVersion.targets(2451,5): warning MSB3277:             C:\Users\ultra\warewolf\Dev\Dev2.Services.Execution\bin\Debug\net8.0\Dev2.Services.Execution.dll [C:\Users\ultra\warewolf\Dev\Warewolf.Studio.ViewModels\Warewolf.Studio.ViewModels.csproj]
C:\Program Files\dotnet\sdk\10.0.201\Microsoft.Common.CurrentVersion.targets(2451,5): warning MSB3277:             C:\Users\ultra\warewolf\Dev\Warewolf.Auditing\bin\Debug\net8.0\Warewolf.Auditing.dll [C:\Users\ultra\warewolf\Dev\Warewolf.Studio.ViewModels\Warewolf.Studio.ViewModels.csproj]
C:\Program Files\dotnet\sdk\10.0.201\Microsoft.Common.CurrentVersion.targets(2451,5): warning MSB3277:             C:\Users\ultra\warewolf\Dev\Warewolf.Common.NetStandard20\bin\Debug\net8.0\Warewolf.Common.NetStandard20.dll [C:\Users\ultra\warewolf\Dev\Warewolf.Studio.ViewModels\Warewolf.Studio.ViewModels.csproj]
C:\Program Files\dotnet\sdk\10.0.201\Microsoft.Common.CurrentVersion.targets(2451,5): warning MSB3277:             C:\Users\ultra\warewolf\Dev\Warewolf.Driver.Persistence\bin\Debug\net8.0\Warewolf.Driver.Persistence.dll [C:\Users\ultra\warewolf\Dev\Warewolf.Studio.ViewModels\Warewolf.Studio.ViewModels.csproj]
C:\Program Files\dotnet\sdk\10.0.201\Microsoft.Common.CurrentVersion.targets(2451,5): warning MSB3277:             C:\Users\ultra\warewolf\Dev\Warewolf.Exchange.Email.Wrapper\bin\Debug\net8.0\Warewolf.Exchange.Email.Wrapper.dll [C:\Users\ultra\warewolf\Dev\Warewolf.Studio.ViewModels\Warewolf.Studio.ViewModels.csproj]
C:\Program Files\dotnet\sdk\10.0.201\Microsoft.Common.CurrentVersion.targets(2451,5): warning MSB3277:             C:\Users\ultra\warewolf\Dev\Warewolf.UI\bin\Debug\net8.0\Warewolf.UI.dll [C:\Users\ultra\warewolf\Dev\Warewolf.Studio.ViewModels\Warewolf.Studio.ViewModels.csproj]
C:\Program Files\dotnet\sdk\10.0.201\Microsoft.Common.CurrentVersion.targets(2451,5): warning MSB3277:         C:\Users\ultra\warewolf\Dev\Warewolf.Studio.CustomControls\bin\Debug\net8.0\Warewolf.Studio.CustomControls.dll [C:\Users\ultra\warewolf\Dev\Warewolf.Studio.ViewModels\Warewolf.Studio.ViewModels.csproj]
C:\Program Files\dotnet\sdk\10.0.201\Microsoft.Common.CurrentVersion.targets(2451,5): warning MSB3277:           Project file item includes which caused reference "C:\Users\ultra\warewolf\Dev\Warewolf.Studio.CustomControls\bin\Debug\net8.0\Warewolf.Studio.CustomControls.dll". [C:\Users\ultra\warewolf\Dev\Warewolf.Studio.ViewModels\Warewolf.Studio.ViewModels.csproj]
C:\Program Files\dotnet\sdk\10.0.201\Microsoft.Common.CurrentVersion.targets(2451,5): warning MSB3277:             C:\Users\ultra\warewolf\Dev\Warewolf.Studio.CustomControls\bin\Debug\net8.0\Warewolf.Studio.CustomControls.dll [C:\Users\ultra\warewolf\Dev\Warewolf.Studio.ViewModels\Warewolf.Studio.ViewModels.csproj]
C:\Program Files\dotnet\sdk\10.0.201\Microsoft.Common.CurrentVersion.targets(2451,5): warning MSB3277:         C:\Users\ultra\warewolf\Dev\Binaries\Infragistcs_Net6\InfragisticsWPF4.v15.1.dll [C:\Users\ultra\warewolf\Dev\Warewolf.Studio.ViewModels\Warewolf.Studio.ViewModels.csproj]
C:\Program Files\dotnet\sdk\10.0.201\Microsoft.Common.CurrentVersion.targets(2451,5): warning MSB3277:           Project file item includes which caused reference "C:\Users\ultra\warewolf\Dev\Binaries\Infragistcs_Net6\InfragisticsWPF4.v15.1.dll". [C:\Users\ultra\warewolf\Dev\Warewolf.Studio.ViewModels\Warewolf.Studio.ViewModels.csproj]
C:\Program Files\dotnet\sdk\10.0.201\Microsoft.Common.CurrentVersion.targets(2451,5): warning MSB3277:             InfragisticsWPF4.v15.1, Version=15.1.20151.2055, Culture=neutral, processorArchitecture=MSIL [C:\Users\ultra\warewolf\Dev\Warewolf.Studio.ViewModels\Warewolf.Studio.ViewModels.csproj]
C:\Program Files\dotnet\sdk\10.0.201\Microsoft.Common.CurrentVersion.targets(2451,5): warning MSB3277:             InfragisticsWPF4.Controls.Editors.XamComboEditor.v15.1, Version=15.1.20151.2055, Culture=neutral, processorArchitecture=MSIL [C:\Users\ultra\warewolf\Dev\Warewolf.Studio.ViewModels\Warewolf.Studio.ViewModels.csproj]
C:\Program Files\dotnet\sdk\10.0.201\Microsoft.Common.CurrentVersion.targets(2451,5): warning MSB3277:             InfragisticsWPF4.DataManager.v15.1, Version=15.1.20151.2055, Culture=neutral, processorArchitecture=MSIL [C:\Users\ultra\warewolf\Dev\Warewolf.Studio.ViewModels\Warewolf.Studio.ViewModels.csproj]
C:\Program Files\dotnet\sdk\10.0.201\Microsoft.Common.CurrentVersion.targets(2451,5): warning MSB3277:         C:\Users\ultra\.nuget\packages\dotnetzip\1.16.0\lib\netstandard2.0\DotNetZip.dll [C:\Users\ultra\warewolf\Dev\Warewolf.Studio.ViewModels\Warewolf.Studio.ViewModels.csproj]
C:\Program Files\dotnet\sdk\10.0.201\Microsoft.Common.CurrentVersion.targets(2451,5): warning MSB3277:           Project file item includes which caused reference "C:\Users\ultra\.nuget\packages\dotnetzip\1.16.0\lib\netstandard2.0\DotNetZip.dll". [C:\Users\ultra\warewolf\Dev\Warewolf.Studio.ViewModels\Warewolf.Studio.ViewModels.csproj]
C:\Program Files\dotnet\sdk\10.0.201\Microsoft.Common.CurrentVersion.targets(2451,5): warning MSB3277:             C:\Users\ultra\.nuget\packages\dotnetzip\1.16.0\lib\netstandard2.0\DotNetZip.dll [C:\Users\ultra\warewolf\Dev\Warewolf.Studio.ViewModels\Warewolf.Studio.ViewModels.csproj]
C:\Program Files\dotnet\sdk\10.0.201\Microsoft.Common.CurrentVersion.targets(2451,5): warning MSB3277:             C:\Users\ultra\warewolf\Dev\Dev2.Common\bin\Debug\net8.0\Dev2.Common.dll [C:\Users\ultra\warewolf\Dev\Warewolf.Studio.ViewModels\Warewolf.Studio.ViewModels.csproj]
C:\Program Files\dotnet\sdk\10.0.201\Microsoft.Common.CurrentVersion.targets(2451,5): warning MSB3277:             C:\Users\ultra\warewolf\Dev\Dev2.Activities\bin\Debug\net8.0\Dev2.Activities.dll [C:\Users\ultra\warewolf\Dev\Warewolf.Studio.ViewModels\Warewolf.Studio.ViewModels.csproj]
C:\Program Files\dotnet\sdk\10.0.201\Microsoft.Common.CurrentVersion.targets(2451,5): warning MSB3277:             C:\Users\ultra\warewolf\Dev\Dev2.Core\bin\Debug\net8.0\Dev2.Core.dll [C:\Users\ultra\warewolf\Dev\Warewolf.Studio.ViewModels\Warewolf.Studio.ViewModels.csproj]
C:\Program Files\dotnet\sdk\10.0.201\Microsoft.Common.CurrentVersion.targets(2451,5): warning MSB3277:             C:\Users\ultra\warewolf\Dev\Dev2.Data.Interfaces\bin\Debug\net8.0\Dev2.Data.Interfaces.dll [C:\Users\ultra\warewolf\Dev\Warewolf.Studio.ViewModels\Warewolf.Studio.ViewModels.csproj]
C:\Program Files\dotnet\sdk\10.0.201\Microsoft.Common.CurrentVersion.targets(2451,5): warning MSB3277:             C:\Users\ultra\warewolf\Dev\Dev2.Data\bin\Debug\net8.0\Dev2.Data.dll [C:\Users\ultra\warewolf\Dev\Warewolf.Studio.ViewModels\Warewolf.Studio.ViewModels.csproj]
C:\Program Files\dotnet\sdk\10.0.201\Microsoft.Common.CurrentVersion.targets(2451,5): warning MSB3277:             C:\Users\ultra\warewolf\Dev\Dev2.Diagnostics\bin\Debug\net8.0\Dev2.Diagnostics.dll [C:\Users\ultra\warewolf\Dev\Warewolf.Studio.ViewModels\Warewolf.Studio.ViewModels.csproj]
C:\Program Files\dotnet\sdk\10.0.201\Microsoft.Common.CurrentVersion.targets(2451,5): warning MSB3277:             C:\Users\ultra\warewolf\Dev\Dev2.Infrastructure\bin\Debug\net8.0\Dev2.Infrastructure.dll [C:\Users\ultra\warewolf\Dev\Warewolf.Studio.ViewModels\Warewolf.Studio.ViewModels.csproj]
C:\Program Files\dotnet\sdk\10.0.201\Microsoft.Common.CurrentVersion.targets(2451,5): warning MSB3277:             C:\Users\ultra\warewolf\Dev\Dev2.Studio.Core\bin\Debug\net8.0\Dev2.Studio.Core.dll [C:\Users\ultra\warewolf\Dev\Warewolf.Studio.ViewModels\Warewolf.Studio.ViewModels.csproj]
C:\Program Files\dotnet\sdk\10.0.201\Microsoft.Common.CurrentVersion.targets(2451,5): warning MSB3277:             C:\Users\ultra\warewolf\Dev\Dev2.Studio.Interfaces\bin\Debug\net8.0\Dev2.Studio.Interfaces.dll [C:\Users\ultra\warewolf\Dev\Warewolf.Studio.ViewModels\Warewolf.Studio.ViewModels.csproj]
C:\Program Files\dotnet\sdk\10.0.201\Microsoft.Common.CurrentVersion.targets(2451,5): warning MSB3277:             C:\Users\ultra\warewolf\Dev\Warewolf.Core\bin\Debug\net8.0\Warewolf.Core.dll [C:\Users\ultra\warewolf\Dev\Warewolf.Studio.ViewModels\Warewolf.Studio.ViewModels.csproj]
C:\Program Files\dotnet\sdk\10.0.201\Microsoft.Common.CurrentVersion.targets(2451,5): warning MSB3277:             C:\Users\ultra\warewolf\Dev\Warewolf.ResourceManagement\bin\Debug\net8.0\Warewolf.ResourceManagement.dll [C:\Users\ultra\warewolf\Dev\Warewolf.Studio.ViewModels\Warewolf.Studio.ViewModels.csproj]
C:\Program Files\dotnet\sdk\10.0.201\Microsoft.Common.CurrentVersion.targets(2451,5): warning MSB3277:             C:\Users\ultra\warewolf\Dev\Warewolf.Studio.Core\bin\Debug\net8.0\Warewolf.Studio.Core.dll [C:\Users\ultra\warewolf\Dev\Warewolf.Studio.ViewModels\Warewolf.Studio.ViewModels.csproj]
C:\Program Files\dotnet\sdk\10.0.201\Microsoft.Common.CurrentVersion.targets(2451,5): warning MSB3277:             C:\Users\ultra\warewolf\Dev\Warewolf.Studio.CustomControls\bin\Debug\net8.0\Warewolf.Studio.CustomControls.dll [C:\Users\ultra\warewolf\Dev\Warewolf.Studio.ViewModels\Warewolf.Studio.ViewModels.csproj]
C:\Program Files\dotnet\sdk\10.0.201\Microsoft.Common.CurrentVersion.targets(2451,5): warning MSB3277:             C:\Users\ultra\warewolf\Dev\Warewolf.Studio.Models\bin\Debug\net8.0\Warewolf.Studio.Models.dll [C:\Users\ultra\warewolf\Dev\Warewolf.Studio.ViewModels\Warewolf.Studio.ViewModels.csproj]
C:\Program Files\dotnet\sdk\10.0.201\Microsoft.Common.CurrentVersion.targets(2451,5): warning MSB3277:             C:\Users\ultra\warewolf\Dev\Dev2.Development.Languages\bin\Debug\net8.0\Dev2.Development.Languages.dll [C:\Users\ultra\warewolf\Dev\Warewolf.Studio.ViewModels\Warewolf.Studio.ViewModels.csproj]
C:\Program Files\dotnet\sdk\10.0.201\Microsoft.Common.CurrentVersion.targets(2451,5): warning MSB3277:             C:\Users\ultra\warewolf\Dev\Dev2.Intellisense\bin\Debug\net8.0\Dev2.Intellisense.dll [C:\Users\ultra\warewolf\Dev\Warewolf.Studio.ViewModels\Warewolf.Studio.ViewModels.csproj]
C:\Program Files\dotnet\sdk\10.0.201\Microsoft.Common.CurrentVersion.targets(2451,5): warning MSB3277:             C:\Users\ultra\warewolf\Dev\Dev2.Runtime.Services\bin\Debug\net8.0\Dev2.Runtime.Services.dll [C:\Users\ultra\warewolf\Dev\Warewolf.Studio.ViewModels\Warewolf.Studio.ViewModels.csproj]
C:\Program Files\dotnet\sdk\10.0.201\Microsoft.Common.CurrentVersion.targets(2451,5): warning MSB3277:             C:\Users\ultra\warewolf\Dev\Dev2.Scheduler\bin\Debug\net8.0\Dev2.Scheduler.dll [C:\Users\ultra\warewolf\Dev\Warewolf.Studio.ViewModels\Warewolf.Studio.ViewModels.csproj]
C:\Program Files\dotnet\sdk\10.0.201\Microsoft.Common.CurrentVersion.targets(2451,5): warning MSB3277:             C:\Users\ultra\warewolf\Dev\Dev2.Services.Execution\bin\Debug\net8.0\Dev2.Services.Execution.dll [C:\Users\ultra\warewolf\Dev\Warewolf.Studio.ViewModels\Warewolf.Studio.ViewModels.csproj]
C:\Program Files\dotnet\sdk\10.0.201\Microsoft.Common.CurrentVersion.targets(2451,5): warning MSB3277:             C:\Users\ultra\warewolf\Dev\Dev2.Services.Sql\bin\Debug\net8.0\Dev2.Services.Sql.dll [C:\Users\ultra\warewolf\Dev\Warewolf.Studio.ViewModels\Warewolf.Studio.ViewModels.csproj]
C:\Program Files\dotnet\sdk\10.0.201\Microsoft.Common.CurrentVersion.targets(2451,5): warning MSB3277:             C:\Users\ultra\warewolf\Dev\Dev2.TaskScheduler.Wrappers\bin\Debug\net8.0\Dev2.TaskScheduler.Wrappers.dll [C:\Users\ultra\warewolf\Dev\Warewolf.Studio.ViewModels\Warewolf.Studio.ViewModels.csproj]
C:\Program Files\dotnet\sdk\10.0.201\Microsoft.Common.CurrentVersion.targets(2451,5): warning MSB3277:             C:\Users\ultra\warewolf\Dev\Dev2.Util\bin\Debug\net8.0\Dev2.Util.dll [C:\Users\ultra\warewolf\Dev\Warewolf.Studio.ViewModels\Warewolf.Studio.ViewModels.csproj]
C:\Program Files\dotnet\sdk\10.0.201\Microsoft.Common.CurrentVersion.targets(2451,5): warning MSB3277:             C:\Users\ultra\warewolf\Dev\Warewolf.AI.Harness\bin\Debug\net8.0\Warewolf.AI.Harness.dll [C:\Users\ultra\warewolf\Dev\Warewolf.Studio.ViewModels\Warewolf.Studio.ViewModels.csproj]
C:\Program Files\dotnet\sdk\10.0.201\Microsoft.Common.CurrentVersion.targets(2451,5): warning MSB3277:             C:\Users\ultra\warewolf\Dev\Warewolf.Auditing\bin\Debug\net8.0\Warewolf.Auditing.dll [C:\Users\ultra\warewolf\Dev\Warewolf.Studio.ViewModels\Warewolf.Studio.ViewModels.csproj]
C:\Program Files\dotnet\sdk\10.0.201\Microsoft.Common.CurrentVersion.targets(2451,5): warning MSB3277:             C:\Users\ultra\warewolf\Dev\Warewolf.Common.NetStandard20\bin\Debug\net8.0\Warewolf.Common.NetStandard20.dll [C:\Users\ultra\warewolf\Dev\Warewolf.Studio.ViewModels\Warewolf.Studio.ViewModels.csproj]
C:\Program Files\dotnet\sdk\10.0.201\Microsoft.Common.CurrentVersion.targets(2451,5): warning MSB3277:             C:\Users\ultra\warewolf\Dev\Warewolf.Driver.Persistence\bin\Debug\net8.0\Warewolf.Driver.Persistence.dll [C:\Users\ultra\warewolf\Dev\Warewolf.Studio.ViewModels\Warewolf.Studio.ViewModels.csproj]
C:\Program Files\dotnet\sdk\10.0.201\Microsoft.Common.CurrentVersion.targets(2451,5): warning MSB3277:             C:\Users\ultra\warewolf\Dev\Warewolf.Driver.Serilog\bin\Debug\net8.0\Warewolf.Driver.Serilog.dll [C:\Users\ultra\warewolf\Dev\Warewolf.Studio.ViewModels\Warewolf.Studio.ViewModels.csproj]
C:\Program Files\dotnet\sdk\10.0.201\Microsoft.Common.CurrentVersion.targets(2451,5): warning MSB3277:             C:\Users\ultra\warewolf\Dev\Warewolf.Exchange.Email.Wrapper\bin\Debug\net8.0\Warewolf.Exchange.Email.Wrapper.dll [C:\Users\ultra\warewolf\Dev\Warewolf.Studio.ViewModels\Warewolf.Studio.ViewModels.csproj]
C:\Program Files\dotnet\sdk\10.0.201\Microsoft.Common.CurrentVersion.targets(2451,5): warning MSB3277:             C:\Users\ultra\warewolf\Dev\Warewolf.Sharepoint\bin\Debug\net8.0\Warewolf.Sharepoint.dll [C:\Users\ultra\warewolf\Dev\Warewolf.Studio.ViewModels\Warewolf.Studio.ViewModels.csproj]
C:\Program Files\dotnet\sdk\10.0.201\Microsoft.Common.CurrentVersion.targets(2451,5): warning MSB3277:             C:\Users\ultra\warewolf\Dev\Warewolf.Storage\bin\Debug\net8.0\Warewolf.Storage.dll [C:\Users\ultra\warewolf\Dev\Warewolf.Studio.ViewModels\Warewolf.Studio.ViewModels.csproj]
C:\Program Files\dotnet\sdk\10.0.201\Microsoft.Common.CurrentVersion.targets(2451,5): warning MSB3277:             C:\Users\ultra\warewolf\Dev\Warewolf.UI\bin\Debug\net8.0\Warewolf.UI.dll [C:\Users\ultra\warewolf\Dev\Warewolf.Studio.ViewModels\Warewolf.Studio.ViewModels.csproj]
C:\Program Files\dotnet\sdk\10.0.201\Microsoft.Common.CurrentVersion.targets(2451,5): warning MSB3277:         C:\Users\ultra\.nuget\packages\mindbox.data.linq\5.0.0\lib\netstandard2.0\Mindbox.Data.Linq.dll [C:\Users\ultra\warewolf\Dev\Warewolf.Studio.ViewModels\Warewolf.Studio.ViewModels.csproj]
C:\Program Files\dotnet\sdk\10.0.201\Microsoft.Common.CurrentVersion.targets(2451,5): warning MSB3277:           Project file item includes which caused reference "C:\Users\ultra\.nuget\packages\mindbox.data.linq\5.0.0\lib\netstandard2.0\Mindbox.Data.Linq.dll". [C:\Users\ultra\warewolf\Dev\Warewolf.Studio.ViewModels\Warewolf.Studio.ViewModels.csproj]
C:\Program Files\dotnet\sdk\10.0.201\Microsoft.Common.CurrentVersion.targets(2451,5): warning MSB3277:             C:\Users\ultra\.nuget\packages\mindbox.data.linq\5.0.0\lib\netstandard2.0\Mindbox.Data.Linq.dll [C:\Users\ultra\warewolf\Dev\Warewolf.Studio.ViewModels\Warewolf.Studio.ViewModels.csproj]
C:\Program Files\dotnet\sdk\10.0.201\Microsoft.Common.CurrentVersion.targets(2451,5): warning MSB3277:             C:\Users\ultra\warewolf\Dev\Warewolf.Auditing\bin\Debug\net8.0\Warewolf.Auditing.dll [C:\Users\ultra\warewolf\Dev\Warewolf.Studio.ViewModels\Warewolf.Studio.ViewModels.csproj]
C:\Program Files\dotnet\sdk\10.0.201\Microsoft.Common.CurrentVersion.targets(2451,5): warning MSB3277:             C:\Users\ultra\warewolf\Dev\Dev2.Activities\bin\Debug\net8.0\Dev2.Activities.dll [C:\Users\ultra\warewolf\Dev\Warewolf.Studio.ViewModels\Warewolf.Studio.ViewModels.csproj]
C:\Program Files\dotnet\sdk\10.0.201\Microsoft.Common.CurrentVersion.targets(2451,5): warning MSB3277:             C:\Users\ultra\warewolf\Dev\Dev2.Studio.Core\bin\Debug\net8.0\Dev2.Studio.Core.dll [C:\Users\ultra\warewolf\Dev\Warewolf.Studio.ViewModels\Warewolf.Studio.ViewModels.csproj]
C:\Program Files\dotnet\sdk\10.0.201\Microsoft.Common.CurrentVersion.targets(2451,5): warning MSB3277:             C:\Users\ultra\warewolf\Dev\Dev2.Intellisense\bin\Debug\net8.0\Dev2.Intellisense.dll [C:\Users\ultra\warewolf\Dev\Warewolf.Studio.ViewModels\Warewolf.Studio.ViewModels.csproj]
C:\Program Files\dotnet\sdk\10.0.201\Microsoft.Common.CurrentVersion.targets(2451,5): warning MSB3277:             C:\Users\ultra\warewolf\Dev\Dev2.Runtime.Services\bin\Debug\net8.0\Dev2.Runtime.Services.dll [C:\Users\ultra\warewolf\Dev\Warewolf.Studio.ViewModels\Warewolf.Studio.ViewModels.csproj]
C:\Program Files\dotnet\sdk\10.0.201\Microsoft.Common.CurrentVersion.targets(2451,5): warning MSB3277:             C:\Users\ultra\warewolf\Dev\Dev2.Studio.Interfaces\bin\Debug\net8.0\Dev2.Studio.Interfaces.dll [C:\Users\ultra\warewolf\Dev\Warewolf.Studio.ViewModels\Warewolf.Studio.ViewModels.csproj]
C:\Program Files\dotnet\sdk\10.0.201\Microsoft.Common.CurrentVersion.targets(2451,5): warning MSB3277:             C:\Users\ultra\warewolf\Dev\Warewolf.Studio.Core\bin\Debug\net8.0\Warewolf.Studio.Core.dll [C:\Users\ultra\warewolf\Dev\Warewolf.Studio.ViewModels\Warewolf.Studio.ViewModels.csproj]
C:\Program Files\dotnet\sdk\10.0.201\Microsoft.Common.CurrentVersion.targets(2451,5): warning MSB3277:             C:\Users\ultra\warewolf\Dev\Warewolf.Studio.CustomControls\bin\Debug\net8.0\Warewolf.Studio.CustomControls.dll [C:\Users\ultra\warewolf\Dev\Warewolf.Studio.ViewModels\Warewolf.Studio.ViewModels.csproj]
C:\Program Files\dotnet\sdk\10.0.201\Microsoft.Common.CurrentVersion.targets(2451,5): warning MSB3277:             C:\Users\ultra\warewolf\Dev\Warewolf.Studio.Models\bin\Debug\net8.0\Warewolf.Studio.Models.dll [C:\Users\ultra\warewolf\Dev\Warewolf.Studio.ViewModels\Warewolf.Studio.ViewModels.csproj]
C:\Program Files\dotnet\sdk\10.0.201\Microsoft.Common.CurrentVersion.targets(2451,5): warning MSB3277:             C:\Users\ultra\warewolf\Dev\Dev2.Services.Execution\bin\Debug\net8.0\Dev2.Services.Execution.dll [C:\Users\ultra\warewolf\Dev\Warewolf.Studio.ViewModels\Warewolf.Studio.ViewModels.csproj]
C:\Program Files\dotnet\sdk\10.0.201\Microsoft.Common.CurrentVersion.targets(2451,5): warning MSB3277:             C:\Users\ultra\warewolf\Dev\Warewolf.Common.NetStandard20\bin\Debug\net8.0\Warewolf.Common.NetStandard20.dll [C:\Users\ultra\warewolf\Dev\Warewolf.Studio.ViewModels\Warewolf.Studio.ViewModels.csproj]
C:\Program Files\dotnet\sdk\10.0.201\Microsoft.Common.CurrentVersion.targets(2451,5): warning MSB3277:             C:\Users\ultra\warewolf\Dev\Warewolf.Driver.Persistence\bin\Debug\net8.0\Warewolf.Driver.Persistence.dll [C:\Users\ultra\warewolf\Dev\Warewolf.Studio.ViewModels\Warewolf.Studio.ViewModels.csproj]
C:\Program Files\dotnet\sdk\10.0.201\Microsoft.Common.CurrentVersion.targets(2451,5): warning MSB3277:         C:\Users\ultra\.nuget\packages\mysql.data\8.4.0\lib\net8.0\MySql.Data.dll [C:\Users\ultra\warewolf\Dev\Warewolf.Studio.ViewModels\Warewolf.Studio.ViewModels.csproj]
C:\Program Files\dotnet\sdk\10.0.201\Microsoft.Common.CurrentVersion.targets(2451,5): warning MSB3277:           Project file item includes which caused reference "C:\Users\ultra\.nuget\packages\mysql.data\8.4.0\lib\net8.0\MySql.Data.dll". [C:\Users\ultra\warewolf\Dev\Warewolf.Studio.ViewModels\Warewolf.Studio.ViewModels.csproj]
C:\Program Files\dotnet\sdk\10.0.201\Microsoft.Common.CurrentVersion.targets(2451,5): warning MSB3277:             C:\Users\ultra\.nuget\packages\mysql.data\8.4.0\lib\net8.0\MySql.Data.dll [C:\Users\ultra\warewolf\Dev\Warewolf.Studio.ViewModels\Warewolf.Studio.ViewModels.csproj]
C:\Program Files\dotnet\sdk\10.0.201\Microsoft.Common.CurrentVersion.targets(2451,5): warning MSB3277:             C:\Users\ultra\warewolf\Dev\Dev2.Activities\bin\Debug\net8.0\Dev2.Activities.dll [C:\Users\ultra\warewolf\Dev\Warewolf.Studio.ViewModels\Warewolf.Studio.ViewModels.csproj]
C:\Program Files\dotnet\sdk\10.0.201\Microsoft.Common.CurrentVersion.targets(2451,5): warning MSB3277:             C:\Users\ultra\warewolf\Dev\Dev2.Studio.Core\bin\Debug\net8.0\Dev2.Studio.Core.dll [C:\Users\ultra\warewolf\Dev\Warewolf.Studio.ViewModels\Warewolf.Studio.ViewModels.csproj]
C:\Program Files\dotnet\sdk\10.0.201\Microsoft.Common.CurrentVersion.targets(2451,5): warning MSB3277:             C:\Users\ultra\warewolf\Dev\Dev2.Intellisense\bin\Debug\net8.0\Dev2.Intellisense.dll [C:\Users\ultra\warewolf\Dev\Warewolf.Studio.ViewModels\Warewolf.Studio.ViewModels.csproj]
C:\Program Files\dotnet\sdk\10.0.201\Microsoft.Common.CurrentVersion.targets(2451,5): warning MSB3277:             C:\Users\ultra\warewolf\Dev\Dev2.Runtime.Services\bin\Debug\net8.0\Dev2.Runtime.Services.dll [C:\Users\ultra\warewolf\Dev\Warewolf.Studio.ViewModels\Warewolf.Studio.ViewModels.csproj]
C:\Program Files\dotnet\sdk\10.0.201\Microsoft.Common.CurrentVersion.targets(2451,5): warning MSB3277:             C:\Users\ultra\warewolf\Dev\Dev2.Studio.Interfaces\bin\Debug\net8.0\Dev2.Studio.Interfaces.dll [C:\Users\ultra\warewolf\Dev\Warewolf.Studio.ViewModels\Warewolf.Studio.ViewModels.csproj]
C:\Program Files\dotnet\sdk\10.0.201\Microsoft.Common.CurrentVersion.targets(2451,5): warning MSB3277:             C:\Users\ultra\warewolf\Dev\Warewolf.Studio.Core\bin\Debug\net8.0\Warewolf.Studio.Core.dll [C:\Users\ultra\warewolf\Dev\Warewolf.Studio.ViewModels\Warewolf.Studio.ViewModels.csproj]
C:\Program Files\dotnet\sdk\10.0.201\Microsoft.Common.CurrentVersion.targets(2451,5): warning MSB3277:             C:\Users\ultra\warewolf\Dev\Warewolf.Studio.CustomControls\bin\Debug\net8.0\Warewolf.Studio.CustomControls.dll [C:\Users\ultra\warewolf\Dev\Warewolf.Studio.ViewModels\Warewolf.Studio.ViewModels.csproj]
C:\Program Files\dotnet\sdk\10.0.201\Microsoft.Common.CurrentVersion.targets(2451,5): warning MSB3277:             C:\Users\ultra\warewolf\Dev\Warewolf.Studio.Models\bin\Debug\net8.0\Warewolf.Studio.Models.dll [C:\Users\ultra\warewolf\Dev\Warewolf.Studio.ViewModels\Warewolf.Studio.ViewModels.csproj]
C:\Program Files\dotnet\sdk\10.0.201\Microsoft.Common.CurrentVersion.targets(2451,5): warning MSB3277:             C:\Users\ultra\warewolf\Dev\Dev2.Services.Execution\bin\Debug\net8.0\Dev2.Services.Execution.dll [C:\Users\ultra\warewolf\Dev\Warewolf.Studio.ViewModels\Warewolf.Studio.ViewModels.csproj]
C:\Program Files\dotnet\sdk\10.0.201\Microsoft.Common.CurrentVersion.targets(2451,5): warning MSB3277:             C:\Users\ultra\warewolf\Dev\Dev2.Services.Sql\bin\Debug\net8.0\Dev2.Services.Sql.dll [C:\Users\ultra\warewolf\Dev\Warewolf.Studio.ViewModels\Warewolf.Studio.ViewModels.csproj]
C:\Program Files\dotnet\sdk\10.0.201\Microsoft.Common.CurrentVersion.targets(2451,5): warning MSB3277:             C:\Users\ultra\warewolf\Dev\Warewolf.Driver.Persistence\bin\Debug\net8.0\Warewolf.Driver.Persistence.dll [C:\Users\ultra\warewolf\Dev\Warewolf.Studio.ViewModels\Warewolf.Studio.ViewModels.csproj]
C:\Program Files\dotnet\sdk\10.0.201\Microsoft.Common.CurrentVersion.targets(2451,5): warning MSB3277:         C:\Users\ultra\.nuget\packages\oracle.manageddataaccess.core\3.21.70\lib\netstandard2.1\Oracle.ManagedDataAccess.dll [C:\Users\ultra\warewolf\Dev\Warewolf.Studio.ViewModels\Warewolf.Studio.ViewModels.csproj]
C:\Program Files\dotnet\sdk\10.0.201\Microsoft.Common.CurrentVersion.targets(2451,5): warning MSB3277:           Project file item includes which caused reference "C:\Users\ultra\.nuget\packages\oracle.manageddataaccess.core\3.21.70\lib\netstandard2.1\Oracle.ManagedDataAccess.dll". [C:\Users\ultra\warewolf\Dev\Warewolf.Studio.ViewModels\Warewolf.Studio.ViewModels.csproj]
C:\Program Files\dotnet\sdk\10.0.201\Microsoft.Common.CurrentVersion.targets(2451,5): warning MSB3277:             C:\Users\ultra\.nuget\packages\oracle.manageddataaccess.core\3.21.70\lib\netstandard2.1\Oracle.ManagedDataAccess.dll [C:\Users\ultra\warewolf\Dev\Warewolf.Studio.ViewModels\Warewolf.Studio.ViewModels.csproj]
C:\Program Files\dotnet\sdk\10.0.201\Microsoft.Common.CurrentVersion.targets(2451,5): warning MSB3277:             C:\Users\ultra\warewolf\Dev\Dev2.Runtime.Services\bin\Debug\net8.0\Dev2.Runtime.Services.dll [C:\Users\ultra\warewolf\Dev\Warewolf.Studio.ViewModels\Warewolf.Studio.ViewModels.csproj]
C:\Program Files\dotnet\sdk\10.0.201\Microsoft.Common.CurrentVersion.targets(2451,5): warning MSB3277:             C:\Users\ultra\warewolf\Dev\Dev2.Activities\bin\Debug\net8.0\Dev2.Activities.dll [C:\Users\ultra\warewolf\Dev\Warewolf.Studio.ViewModels\Warewolf.Studio.ViewModels.csproj]
C:\Program Files\dotnet\sdk\10.0.201\Microsoft.Common.CurrentVersion.targets(2451,5): warning MSB3277:             C:\Users\ultra\warewolf\Dev\Dev2.Studio.Core\bin\Debug\net8.0\Dev2.Studio.Core.dll [C:\Users\ultra\warewolf\Dev\Warewolf.Studio.ViewModels\Warewolf.Studio.ViewModels.csproj]
C:\Program Files\dotnet\sdk\10.0.201\Microsoft.Common.CurrentVersion.targets(2451,5): warning MSB3277:             C:\Users\ultra\warewolf\Dev\Dev2.Studio.Interfaces\bin\Debug\net8.0\Dev2.Studio.Interfaces.dll [C:\Users\ultra\warewolf\Dev\Warewolf.Studio.ViewModels\Warewolf.Studio.ViewModels.csproj]
C:\Program Files\dotnet\sdk\10.0.201\Microsoft.Common.CurrentVersion.targets(2451,5): warning MSB3277:             C:\Users\ultra\warewolf\Dev\Warewolf.Studio.Core\bin\Debug\net8.0\Warewolf.Studio.Core.dll [C:\Users\ultra\warewolf\Dev\Warewolf.Studio.ViewModels\Warewolf.Studio.ViewModels.csproj]
C:\Program Files\dotnet\sdk\10.0.201\Microsoft.Common.CurrentVersion.targets(2451,5): warning MSB3277:             C:\Users\ultra\warewolf\Dev\Warewolf.Studio.CustomControls\bin\Debug\net8.0\Warewolf.Studio.CustomControls.dll [C:\Users\ultra\warewolf\Dev\Warewolf.Studio.ViewModels\Warewolf.Studio.ViewModels.csproj]
C:\Program Files\dotnet\sdk\10.0.201\Microsoft.Common.CurrentVersion.targets(2451,5): warning MSB3277:             C:\Users\ultra\warewolf\Dev\Warewolf.Studio.Models\bin\Debug\net8.0\Warewolf.Studio.Models.dll [C:\Users\ultra\warewolf\Dev\Warewolf.Studio.ViewModels\Warewolf.Studio.ViewModels.csproj]
C:\Program Files\dotnet\sdk\10.0.201\Microsoft.Common.CurrentVersion.targets(2451,5): warning MSB3277:             C:\Users\ultra\warewolf\Dev\Dev2.Intellisense\bin\Debug\net8.0\Dev2.Intellisense.dll [C:\Users\ultra\warewolf\Dev\Warewolf.Studio.ViewModels\Warewolf.Studio.ViewModels.csproj]
C:\Program Files\dotnet\sdk\10.0.201\Microsoft.Common.CurrentVersion.targets(2451,5): warning MSB3277:             C:\Users\ultra\warewolf\Dev\Dev2.Services.Execution\bin\Debug\net8.0\Dev2.Services.Execution.dll [C:\Users\ultra\warewolf\Dev\Warewolf.Studio.ViewModels\Warewolf.Studio.ViewModels.csproj]
C:\Program Files\dotnet\sdk\10.0.201\Microsoft.Common.CurrentVersion.targets(2451,5): warning MSB3277:             C:\Users\ultra\warewolf\Dev\Dev2.Services.Sql\bin\Debug\net8.0\Dev2.Services.Sql.dll [C:\Users\ultra\warewolf\Dev\Warewolf.Studio.ViewModels\Warewolf.Studio.ViewModels.csproj]
C:\Program Files\dotnet\sdk\10.0.201\Microsoft.Common.CurrentVersion.targets(2451,5): warning MSB3277:             C:\Users\ultra\warewolf\Dev\Warewolf.Driver.Persistence\bin\Debug\net8.0\Warewolf.Driver.Persistence.dll [C:\Users\ultra\warewolf\Dev\Warewolf.Studio.ViewModels\Warewolf.Studio.ViewModels.csproj]
C:\Program Files\dotnet\sdk\10.0.201\Microsoft.Common.CurrentVersion.targets(2451,5): warning MSB3277:         C:\Users\ultra\.nuget\packages\system.directoryservices\6.0.0\lib\net6.0\System.DirectoryServices.dll [C:\Users\ultra\warewolf\Dev\Warewolf.Studio.ViewModels\Warewolf.Studio.ViewModels.csproj]
C:\Program Files\dotnet\sdk\10.0.201\Microsoft.Common.CurrentVersion.targets(2451,5): warning MSB3277:           Project file item includes which caused reference "C:\Users\ultra\.nuget\packages\system.directoryservices\6.0.0\lib\net6.0\System.DirectoryServices.dll". [C:\Users\ultra\warewolf\Dev\Warewolf.Studio.ViewModels\Warewolf.Studio.ViewModels.csproj]
C:\Program Files\dotnet\sdk\10.0.201\Microsoft.Common.CurrentVersion.targets(2451,5): warning MSB3277:             C:\Users\ultra\.nuget\packages\system.directoryservices\6.0.0\lib\net6.0\System.DirectoryServices.dll [C:\Users\ultra\warewolf\Dev\Warewolf.Studio.ViewModels\Warewolf.Studio.ViewModels.csproj]
C:\Program Files\dotnet\sdk\10.0.201\Microsoft.Common.CurrentVersion.targets(2451,5): warning MSB3277:             C:\Users\ultra\.nuget\packages\corewcf.primitives\1.2.1\lib\netstandard2.0\CoreWCF.Primitives.dll [C:\Users\ultra\warewolf\Dev\Warewolf.Studio.ViewModels\Warewolf.Studio.ViewModels.csproj]
C:\Program Files\dotnet\sdk\10.0.201\Microsoft.Common.CurrentVersion.targets(2451,5): warning MSB3277:             C:\Users\ultra\warewolf\Dev\Dev2.Runtime.Services\bin\Debug\net8.0\Dev2.Runtime.Services.dll [C:\Users\ultra\warewolf\Dev\Warewolf.Studio.ViewModels\Warewolf.Studio.ViewModels.csproj]
C:\Program Files\dotnet\sdk\10.0.201\Microsoft.Common.CurrentVersion.targets(2451,5): warning MSB3277:             C:\Users\ultra\warewolf\Dev\Dev2.Activities\bin\Debug\net8.0\Dev2.Activities.dll [C:\Users\ultra\warewolf\Dev\Warewolf.Studio.ViewModels\Warewolf.Studio.ViewModels.csproj]
C:\Program Files\dotnet\sdk\10.0.201\Microsoft.Common.CurrentVersion.targets(2451,5): warning MSB3277:             C:\Users\ultra\warewolf\Dev\Dev2.Studio.Core\bin\Debug\net8.0\Dev2.Studio.Core.dll [C:\Users\ultra\warewolf\Dev\Warewolf.Studio.ViewModels\Warewolf.Studio.ViewModels.csproj]
C:\Program Files\dotnet\sdk\10.0.201\Microsoft.Common.CurrentVersion.targets(2451,5): warning MSB3277:             C:\Users\ultra\warewolf\Dev\Dev2.Studio.Interfaces\bin\Debug\net8.0\Dev2.Studio.Interfaces.dll [C:\Users\ultra\warewolf\Dev\Warewolf.Studio.ViewModels\Warewolf.Studio.ViewModels.csproj]
C:\Program Files\dotnet\sdk\10.0.201\Microsoft.Common.CurrentVersion.targets(2451,5): warning MSB3277:             C:\Users\ultra\warewolf\Dev\Warewolf.Studio.Core\bin\Debug\net8.0\Warewolf.Studio.Core.dll [C:\Users\ultra\warewolf\Dev\Warewolf.Studio.ViewModels\Warewolf.Studio.ViewModels.csproj]
C:\Program Files\dotnet\sdk\10.0.201\Microsoft.Common.CurrentVersion.targets(2451,5): warning MSB3277:             C:\Users\ultra\warewolf\Dev\Warewolf.Studio.CustomControls\bin\Debug\net8.0\Warewolf.Studio.CustomControls.dll [C:\Users\ultra\warewolf\Dev\Warewolf.Studio.ViewModels\Warewolf.Studio.ViewModels.csproj]
C:\Program Files\dotnet\sdk\10.0.201\Microsoft.Common.CurrentVersion.targets(2451,5): warning MSB3277:             C:\Users\ultra\warewolf\Dev\Warewolf.Studio.Models\bin\Debug\net8.0\Warewolf.Studio.Models.dll [C:\Users\ultra\warewolf\Dev\Warewolf.Studio.ViewModels\Warewolf.Studio.ViewModels.csproj]
C:\Program Files\dotnet\sdk\10.0.201\Microsoft.Common.CurrentVersion.targets(2451,5): warning MSB3277:             C:\Users\ultra\warewolf\Dev\Dev2.Intellisense\bin\Debug\net8.0\Dev2.Intellisense.dll [C:\Users\ultra\warewolf\Dev\Warewolf.Studio.ViewModels\Warewolf.Studio.ViewModels.csproj]
C:\Program Files\dotnet\sdk\10.0.201\Microsoft.Common.CurrentVersion.targets(2451,5): warning MSB3277:             C:\Users\ultra\warewolf\Dev\Dev2.Services.Execution\bin\Debug\net8.0\Dev2.Services.Execution.dll [C:\Users\ultra\warewolf\Dev\Warewolf.Studio.ViewModels\Warewolf.Studio.ViewModels.csproj]
C:\Program Files\dotnet\sdk\10.0.201\Microsoft.Common.CurrentVersion.targets(2451,5): warning MSB3277:             C:\Users\ultra\warewolf\Dev\Warewolf.Driver.Persistence\bin\Debug\net8.0\Warewolf.Driver.Persistence.dll [C:\Users\ultra\warewolf\Dev\Warewolf.Studio.ViewModels\Warewolf.Studio.ViewModels.csproj]
C:\Program Files\dotnet\sdk\10.0.201\Microsoft.Common.CurrentVersion.targets(2451,5): warning MSB3277:             C:\Users\ultra\.nuget\packages\corewcf.http\1.2.1\lib\netstandard2.0\CoreWCF.Http.dll [C:\Users\ultra\warewolf\Dev\Warewolf.Studio.ViewModels\Warewolf.Studio.ViewModels.csproj]
C:\Program Files\dotnet\sdk\10.0.201\Microsoft.Common.CurrentVersion.targets(2451,5): warning MSB3277:             C:\Users\ultra\.nuget\packages\corewcf.nettcp\1.2.1\lib\netstandard2.0\CoreWCF.NetTcp.dll [C:\Users\ultra\warewolf\Dev\Warewolf.Studio.ViewModels\Warewolf.Studio.ViewModels.csproj]
C:\Program Files\dotnet\sdk\10.0.201\Microsoft.Common.CurrentVersion.targets(2451,5): warning MSB3277:             C:\Users\ultra\.nuget\packages\corewcf.webhttp\1.2.1\lib\netstandard2.0\CoreWCF.WebHttp.dll [C:\Users\ultra\warewolf\Dev\Warewolf.Studio.ViewModels\Warewolf.Studio.ViewModels.csproj]
C:\Program Files\dotnet\sdk\10.0.201\Microsoft.Common.CurrentVersion.targets(2451,5): warning MSB3277:         C:\Program Files\dotnet\packs\Microsoft.NETCore.App.Ref\8.0.25\ref\net8.0\System.Configuration.dll [C:\Users\ultra\warewolf\Dev\Warewolf.Studio.ViewModels\Warewolf.Studio.ViewModels.csproj]
C:\Program Files\dotnet\sdk\10.0.201\Microsoft.Common.CurrentVersion.targets(2451,5): warning MSB3277:           Project file item includes which caused reference "C:\Program Files\dotnet\packs\Microsoft.NETCore.App.Ref\8.0.25\ref\net8.0\System.Configuration.dll". [C:\Users\ultra\warewolf\Dev\Warewolf.Studio.ViewModels\Warewolf.Studio.ViewModels.csproj]
C:\Program Files\dotnet\sdk\10.0.201\Microsoft.Common.CurrentVersion.targets(2451,5): warning MSB3277:             C:\Program Files\dotnet\packs\Microsoft.NETCore.App.Ref\8.0.25\ref/net8.0/System.Configuration.dll [C:\Users\ultra\warewolf\Dev\Warewolf.Studio.ViewModels\Warewolf.Studio.ViewModels.csproj]
C:\Program Files\dotnet\sdk\10.0.201\Microsoft.Common.CurrentVersion.targets(2451,5): warning MSB3277:             C:\Users\ultra\.nuget\packages\prism.wpf\9.0.537\lib\net462\Prism.Wpf.dll [C:\Users\ultra\warewolf\Dev\Warewolf.Studio.ViewModels\Warewolf.Studio.ViewModels.csproj]
C:\Program Files\dotnet\sdk\10.0.201\Microsoft.Common.CurrentVersion.targets(2451,5): warning MSB3277:         C:\Program Files\dotnet\packs\Microsoft.NETCore.App.Ref\8.0.25\ref\net8.0\System.Data.dll [C:\Users\ultra\warewolf\Dev\Warewolf.Studio.ViewModels\Warewolf.Studio.ViewModels.csproj]
C:\Program Files\dotnet\sdk\10.0.201\Microsoft.Common.CurrentVersion.targets(2451,5): warning MSB3277:           Project file item includes which caused reference "C:\Program Files\dotnet\packs\Microsoft.NETCore.App.Ref\8.0.25\ref\net8.0\System.Data.dll". [C:\Users\ultra\warewolf\Dev\Warewolf.Studio.ViewModels\Warewolf.Studio.ViewModels.csproj]
C:\Program Files\dotnet\sdk\10.0.201\Microsoft.Common.CurrentVersion.targets(2451,5): warning MSB3277:             C:\Program Files\dotnet\packs\Microsoft.NETCore.App.Ref\8.0.25\ref/net8.0/System.Data.dll [C:\Users\ultra\warewolf\Dev\Warewolf.Studio.ViewModels\Warewolf.Studio.ViewModels.csproj]
C:\Program Files\dotnet\sdk\10.0.201\Microsoft.Common.CurrentVersion.targets(2451,5): warning MSB3277:             C:\Users\ultra\.nuget\packages\taskschedulereditor\2.10.1\lib\net452\Microsoft.Win32.TaskSchedulerEditor.dll [C:\Users\ultra\warewolf\Dev\Warewolf.Studio.ViewModels\Warewolf.Studio.ViewModels.csproj]
C:\Program Files\dotnet\sdk\10.0.201\Microsoft.Common.CurrentVersion.targets(2451,5): warning MSB3277:         C:\Program Files\dotnet\packs\Microsoft.NETCore.App.Ref\8.0.25\ref\net8.0\System.Drawing.dll [C:\Users\ultra\warewolf\Dev\Warewolf.Studio.ViewModels\Warewolf.Studio.ViewModels.csproj]
C:\Program Files\dotnet\sdk\10.0.201\Microsoft.Common.CurrentVersion.targets(2451,5): warning MSB3277:           Project file item includes which caused reference "C:\Program Files\dotnet\packs\Microsoft.NETCore.App.Ref\8.0.25\ref\net8.0\System.Drawing.dll". [C:\Users\ultra\warewolf\Dev\Warewolf.Studio.ViewModels\Warewolf.Studio.ViewModels.csproj]
C:\Program Files\dotnet\sdk\10.0.201\Microsoft.Common.CurrentVersion.targets(2451,5): warning MSB3277:             C:\Program Files\dotnet\packs\Microsoft.NETCore.App.Ref\8.0.25\ref/net8.0/System.Drawing.dll [C:\Users\ultra\warewolf\Dev\Warewolf.Studio.ViewModels\Warewolf.Studio.ViewModels.csproj]
C:\Program Files\dotnet\sdk\10.0.201\Microsoft.Common.CurrentVersion.targets(2451,5): warning MSB3277:             C:\Users\ultra\.nuget\packages\aerowizard\2.3.1\lib\net45\AeroWizard.dll [C:\Users\ultra\warewolf\Dev\Warewolf.Studio.ViewModels\Warewolf.Studio.ViewModels.csproj]
C:\Program Files\dotnet\sdk\10.0.201\Microsoft.Common.CurrentVersion.targets(2451,5): warning MSB3277:             C:\Users\ultra\.nuget\packages\groupcontrols\1.9.0\lib\net45\GroupControls.dll [C:\Users\ultra\warewolf\Dev\Warewolf.Studio.ViewModels\Warewolf.Studio.ViewModels.csproj]
C:\Program Files\dotnet\sdk\10.0.201\Microsoft.Common.CurrentVersion.targets(2451,5): warning MSB3277:             C:\Users\ultra\.nuget\packages\taskschedulereditor\2.10.1\lib\net452\Microsoft.Win32.TaskSchedulerEditor.dll [C:\Users\ultra\warewolf\Dev\Warewolf.Studio.ViewModels\Warewolf.Studio.ViewModels.csproj]
C:\Program Files\dotnet\sdk\10.0.201\Microsoft.Common.CurrentVersion.targets(2451,5): warning MSB3277:         C:\Program Files\dotnet\packs\Microsoft.NETCore.App.Ref\8.0.25\ref\net8.0\System.Net.dll [C:\Users\ultra\warewolf\Dev\Warewolf.Studio.ViewModels\Warewolf.Studio.ViewModels.csproj]
C:\Program Files\dotnet\sdk\10.0.201\Microsoft.Common.CurrentVersion.targets(2451,5): warning MSB3277:           Project file item includes which caused reference "C:\Program Files\dotnet\packs\Microsoft.NETCore.App.Ref\8.0.25\ref\net8.0\System.Net.dll". [C:\Users\ultra\warewolf\Dev\Warewolf.Studio.ViewModels\Warewolf.Studio.ViewModels.csproj]
C:\Program Files\dotnet\sdk\10.0.201\Microsoft.Common.CurrentVersion.targets(2451,5): warning MSB3277:             C:\Program Files\dotnet\packs\Microsoft.NETCore.App.Ref\8.0.25\ref/net8.0/System.Net.dll [C:\Users\ultra\warewolf\Dev\Warewolf.Studio.ViewModels\Warewolf.Studio.ViewModels.csproj]
C:\Program Files\dotnet\sdk\10.0.201\Microsoft.Common.CurrentVersion.targets(2451,5): warning MSB3277:         C:\Program Files\dotnet\packs\Microsoft.NETCore.App.Ref\8.0.25\ref\net8.0\System.Security.dll [C:\Users\ultra\warewolf\Dev\Warewolf.Studio.ViewModels\Warewolf.Studio.ViewModels.csproj]
C:\Program Files\dotnet\sdk\10.0.201\Microsoft.Common.CurrentVersion.targets(2451,5): warning MSB3277:           Project file item includes which caused reference "C:\Program Files\dotnet\packs\Microsoft.NETCore.App.Ref\8.0.25\ref\net8.0\System.Security.dll". [C:\Users\ultra\warewolf\Dev\Warewolf.Studio.ViewModels\Warewolf.Studio.ViewModels.csproj]
C:\Program Files\dotnet\sdk\10.0.201\Microsoft.Common.CurrentVersion.targets(2451,5): warning MSB3277:             C:\Program Files\dotnet\packs\Microsoft.NETCore.App.Ref\8.0.25\ref/net8.0/System.Security.dll [C:\Users\ultra\warewolf\Dev\Warewolf.Studio.ViewModels\Warewolf.Studio.ViewModels.csproj]
C:\Program Files\dotnet\sdk\10.0.201\Microsoft.Common.CurrentVersion.targets(2451,5): warning MSB3277:         C:\Program Files\dotnet\packs\Microsoft.NETCore.App.Ref\8.0.25\ref\net8.0\System.ServiceProcess.dll [C:\Users\ultra\warewolf\Dev\Warewolf.Studio.ViewModels\Warewolf.Studio.ViewModels.csproj]
C:\Program Files\dotnet\sdk\10.0.201\Microsoft.Common.CurrentVersion.targets(2451,5): warning MSB3277:           Project file item includes which caused reference "C:\Program Files\dotnet\packs\Microsoft.NETCore.App.Ref\8.0.25\ref\net8.0\System.ServiceProcess.dll". [C:\Users\ultra\warewolf\Dev\Warewolf.Studio.ViewModels\Warewolf.Studio.ViewModels.csproj]
C:\Program Files\dotnet\sdk\10.0.201\Microsoft.Common.CurrentVersion.targets(2451,5): warning MSB3277:             C:\Program Files\dotnet\packs\Microsoft.NETCore.App.Ref\8.0.25\ref/net8.0/System.ServiceProcess.dll [C:\Users\ultra\warewolf\Dev\Warewolf.Studio.ViewModels\Warewolf.Studio.ViewModels.csproj]
C:\Program Files\dotnet\sdk\10.0.201\Microsoft.Common.CurrentVersion.targets(2451,5): warning MSB3277:         C:\Program Files\dotnet\packs\Microsoft.NETCore.App.Ref\8.0.25\ref\net8.0\System.Transactions.dll [C:\Users\ultra\warewolf\Dev\Warewolf.Studio.ViewModels\Warewolf.Studio.ViewModels.csproj]
C:\Program Files\dotnet\sdk\10.0.201\Microsoft.Common.CurrentVersion.targets(2451,5): warning MSB3277:           Project file item includes which caused reference "C:\Program Files\dotnet\packs\Microsoft.NETCore.App.Ref\8.0.25\ref\net8.0\System.Transactions.dll". [C:\Users\ultra\warewolf\Dev\Warewolf.Studio.ViewModels\Warewolf.Studio.ViewModels.csproj]
C:\Program Files\dotnet\sdk\10.0.201\Microsoft.Common.CurrentVersion.targets(2451,5): warning MSB3277:             C:\Program Files\dotnet\packs\Microsoft.NETCore.App.Ref\8.0.25\ref/net8.0/System.Transactions.dll [C:\Users\ultra\warewolf\Dev\Warewolf.Studio.ViewModels\Warewolf.Studio.ViewModels.csproj]
C:\Program Files\dotnet\sdk\10.0.201\Microsoft.Common.CurrentVersion.targets(2451,5): warning MSB3277:         C:\Program Files\dotnet\packs\Microsoft.NETCore.App.Ref\8.0.25\ref\net8.0\System.dll [C:\Users\ultra\warewolf\Dev\Warewolf.Studio.ViewModels\Warewolf.Studio.ViewModels.csproj]
C:\Program Files\dotnet\sdk\10.0.201\Microsoft.Common.CurrentVersion.targets(2451,5): warning MSB3277:           Project file item includes which caused reference "C:\Program Files\dotnet\packs\Microsoft.NETCore.App.Ref\8.0.25\ref\net8.0\System.dll". [C:\Users\ultra\warewolf\Dev\Warewolf.Studio.ViewModels\Warewolf.Studio.ViewModels.csproj]
C:\Program Files\dotnet\sdk\10.0.201\Microsoft.Common.CurrentVersion.targets(2451,5): warning MSB3277:             C:\Program Files\dotnet\packs\Microsoft.NETCore.App.Ref\8.0.25\ref/net8.0/System.dll [C:\Users\ultra\warewolf\Dev\Warewolf.Studio.ViewModels\Warewolf.Studio.ViewModels.csproj]
C:\Program Files\dotnet\sdk\10.0.201\Microsoft.Common.CurrentVersion.targets(2451,5): warning MSB3277:             C:\Users\ultra\.nuget\packages\aerowizard\2.3.1\lib\net45\AeroWizard.dll [C:\Users\ultra\warewolf\Dev\Warewolf.Studio.ViewModels\Warewolf.Studio.ViewModels.csproj]
C:\Program Files\dotnet\sdk\10.0.201\Microsoft.Common.CurrentVersion.targets(2451,5): warning MSB3277:             C:\Users\ultra\.nuget\packages\groupcontrols\1.9.0\lib\net45\GroupControls.dll [C:\Users\ultra\warewolf\Dev\Warewolf.Studio.ViewModels\Warewolf.Studio.ViewModels.csproj]
C:\Program Files\dotnet\sdk\10.0.201\Microsoft.Common.CurrentVersion.targets(2451,5): warning MSB3277:             C:\Users\ultra\.nuget\packages\microsoft.xaml.behaviors.wpf\1.1.122\lib\net462\Microsoft.Xaml.Behaviors.dll [C:\Users\ultra\warewolf\Dev\Warewolf.Studio.ViewModels\Warewolf.Studio.ViewModels.csproj]
C:\Program Files\dotnet\sdk\10.0.201\Microsoft.Common.CurrentVersion.targets(2451,5): warning MSB3277:             C:\Users\ultra\.nuget\packages\caliburn.micro\4.0.212\lib\netcoreapp3.1\Caliburn.Micro.Platform.dll [C:\Users\ultra\warewolf\Dev\Warewolf.Studio.ViewModels\Warewolf.Studio.ViewModels.csproj]
C:\Program Files\dotnet\sdk\10.0.201\Microsoft.Common.CurrentVersion.targets(2451,5): warning MSB3277:             C:\Users\ultra\.nuget\packages\prism.wpf\9.0.537\lib\net462\Prism.Wpf.dll [C:\Users\ultra\warewolf\Dev\Warewolf.Studio.ViewModels\Warewolf.Studio.ViewModels.csproj]
C:\Program Files\dotnet\sdk\10.0.201\Microsoft.Common.CurrentVersion.targets(2451,5): warning MSB3277:             C:\Users\ultra\.nuget\packages\reactiveui.wpf\18.4.1\lib\net462\ReactiveUI.Wpf.dll [C:\Users\ultra\warewolf\Dev\Warewolf.Studio.ViewModels\Warewolf.Studio.ViewModels.csproj]
C:\Program Files\dotnet\sdk\10.0.201\Microsoft.Common.CurrentVersion.targets(2451,5): warning MSB3277:             C:\Users\ultra\.nuget\packages\taskschedulereditor\2.10.1\lib\net452\Microsoft.Win32.TaskSchedulerEditor.dll [C:\Users\ultra\warewolf\Dev\Warewolf.Studio.ViewModels\Warewolf.Studio.ViewModels.csproj]
C:\Program Files\dotnet\sdk\10.0.201\Microsoft.Common.CurrentVersion.targets(2451,5): warning MSB3277:             C:\Users\ultra\.nuget\packages\ttcue.netcore.sharepointonline.csom.16.1.8029.1200\16.1.8029.1200\lib\netcoreapp2.0\Microsoft.SharePoint.Client.Runtime.Windows.dll [C:\Users\ultra\warewolf\Dev\Warewolf.Studio.ViewModels\Warewolf.Studio.ViewModels.csproj]
C:\Program Files\dotnet\sdk\10.0.201\Microsoft.Common.CurrentVersion.targets(2451,5): warning MSB3277:         C:\Program Files\dotnet\packs\Microsoft.NETCore.App.Ref\8.0.25\ref\net8.0\WindowsBase.dll [C:\Users\ultra\warewolf\Dev\Warewolf.Studio.ViewModels\Warewolf.Studio.ViewModels.csproj]
C:\Program Files\dotnet\sdk\10.0.201\Microsoft.Common.CurrentVersion.targets(2451,5): warning MSB3277:           Project file item includes which caused reference "C:\Program Files\dotnet\packs\Microsoft.NETCore.App.Ref\8.0.25\ref\net8.0\WindowsBase.dll". [C:\Users\ultra\warewolf\Dev\Warewolf.Studio.ViewModels\Warewolf.Studio.ViewModels.csproj]
C:\Program Files\dotnet\sdk\10.0.201\Microsoft.Common.CurrentVersion.targets(2451,5): warning MSB3277:             C:\Program Files\dotnet\packs\Microsoft.NETCore.App.Ref\8.0.25\ref/net8.0/WindowsBase.dll [C:\Users\ultra\warewolf\Dev\Warewolf.Studio.ViewModels\Warewolf.Studio.ViewModels.csproj]
C:\Program Files\dotnet\sdk\10.0.201\Microsoft.Common.CurrentVersion.targets(2451,5): warning MSB3277:         C:\Program Files\dotnet\packs\Microsoft.NETCore.App.Ref\8.0.25\ref\net8.0\mscorlib.dll [C:\Users\ultra\warewolf\Dev\Warewolf.Studio.ViewModels\Warewolf.Studio.ViewModels.csproj]
C:\Program Files\dotnet\sdk\10.0.201\Microsoft.Common.CurrentVersion.targets(2451,5): warning MSB3277:           Project file item includes which caused reference "C:\Program Files\dotnet\packs\Microsoft.NETCore.App.Ref\8.0.25\ref\net8.0\mscorlib.dll". [C:\Users\ultra\warewolf\Dev\Warewolf.Studio.ViewModels\Warewolf.Studio.ViewModels.csproj]
C:\Program Files\dotnet\sdk\10.0.201\Microsoft.Common.CurrentVersion.targets(2451,5): warning MSB3277:             C:\Program Files\dotnet\packs\Microsoft.NETCore.App.Ref\8.0.25\ref/net8.0/mscorlib.dll [C:\Users\ultra\warewolf\Dev\Warewolf.Studio.ViewModels\Warewolf.Studio.ViewModels.csproj]
C:\Program Files\dotnet\sdk\10.0.201\Microsoft.Common.CurrentVersion.targets(2451,5): warning MSB3277:             C:\Users\ultra\.nuget\packages\aerowizard\2.3.1\lib\net45\AeroWizard.dll [C:\Users\ultra\warewolf\Dev\Warewolf.Studio.ViewModels\Warewolf.Studio.ViewModels.csproj]
C:\Program Files\dotnet\sdk\10.0.201\Microsoft.Common.CurrentVersion.targets(2451,5): warning MSB3277:             C:\Users\ultra\.nuget\packages\groupcontrols\1.9.0\lib\net45\GroupControls.dll [C:\Users\ultra\warewolf\Dev\Warewolf.Studio.ViewModels\Warewolf.Studio.ViewModels.csproj]
C:\Program Files\dotnet\sdk\10.0.201\Microsoft.Common.CurrentVersion.targets(2451,5): warning MSB3277:             C:\Users\ultra\.nuget\packages\hangfire.core\1.7.32\lib\netstandard2.0\Hangfire.Core.dll [C:\Users\ultra\warewolf\Dev\Warewolf.Studio.ViewModels\Warewolf.Studio.ViewModels.csproj]
C:\Program Files\dotnet\sdk\10.0.201\Microsoft.Common.CurrentVersion.targets(2451,5): warning MSB3277:             C:\Users\ultra\warewolf\Dev\Dev2.Activities\bin\Debug\net8.0\Dev2.Activities.dll [C:\Users\ultra\warewolf\Dev\Warewolf.Studio.ViewModels\Warewolf.Studio.ViewModels.csproj]
C:\Program Files\dotnet\sdk\10.0.201\Microsoft.Common.CurrentVersion.targets(2451,5): warning MSB3277:             C:\Users\ultra\warewolf\Dev\Dev2.Studio.Core\bin\Debug\net8.0\Dev2.Studio.Core.dll [C:\Users\ultra\warewolf\Dev\Warewolf.Studio.ViewModels\Warewolf.Studio.ViewModels.csproj]
C:\Program Files\dotnet\sdk\10.0.201\Microsoft.Common.CurrentVersion.targets(2451,5): warning MSB3277:             C:\Users\ultra\warewolf\Dev\Dev2.Intellisense\bin\Debug\net8.0\Dev2.Intellisense.dll [C:\Users\ultra\warewolf\Dev\Warewolf.Studio.ViewModels\Warewolf.Studio.ViewModels.csproj]
C:\Program Files\dotnet\sdk\10.0.201\Microsoft.Common.CurrentVersion.targets(2451,5): warning MSB3277:             C:\Users\ultra\warewolf\Dev\Warewolf.Driver.Persistence\bin\Debug\net8.0\Warewolf.Driver.Persistence.dll [C:\Users\ultra\warewolf\Dev\Warewolf.Studio.ViewModels\Warewolf.Studio.ViewModels.csproj]
C:\Program Files\dotnet\sdk\10.0.201\Microsoft.Common.CurrentVersion.targets(2451,5): warning MSB3277:             C:\Users\ultra\.nuget\packages\hangfire.sqlserver\1.7.32\lib\netstandard2.0\Hangfire.SqlServer.dll [C:\Users\ultra\warewolf\Dev\Warewolf.Studio.ViewModels\Warewolf.Studio.ViewModels.csproj]
C:\Program Files\dotnet\sdk\10.0.201\Microsoft.Common.CurrentVersion.targets(2451,5): warning MSB3277:             C:\Users\ultra\.nuget\packages\microsoft.xaml.behaviors.wpf\1.1.122\lib\net462\Microsoft.Xaml.Behaviors.dll [C:\Users\ultra\warewolf\Dev\Warewolf.Studio.ViewModels\Warewolf.Studio.ViewModels.csproj]
C:\Program Files\dotnet\sdk\10.0.201\Microsoft.Common.CurrentVersion.targets(2451,5): warning MSB3277:             C:\Users\ultra\.nuget\packages\caliburn.micro\4.0.212\lib\netcoreapp3.1\Caliburn.Micro.Platform.dll [C:\Users\ultra\warewolf\Dev\Warewolf.Studio.ViewModels\Warewolf.Studio.ViewModels.csproj]
C:\Program Files\dotnet\sdk\10.0.201\Microsoft.Common.CurrentVersion.targets(2451,5): warning MSB3277:             C:\Users\ultra\.nuget\packages\oracle.manageddataaccess.core\3.21.70\lib\netstandard2.1\Oracle.ManagedDataAccess.dll [C:\Users\ultra\warewolf\Dev\Warewolf.Studio.ViewModels\Warewolf.Studio.ViewModels.csproj]
C:\Program Files\dotnet\sdk\10.0.201\Microsoft.Common.CurrentVersion.targets(2451,5): warning MSB3277:             C:\Users\ultra\warewolf\Dev\Dev2.Runtime.Services\bin\Debug\net8.0\Dev2.Runtime.Services.dll [C:\Users\ultra\warewolf\Dev\Warewolf.Studio.ViewModels\Warewolf.Studio.ViewModels.csproj]
C:\Program Files\dotnet\sdk\10.0.201\Microsoft.Common.CurrentVersion.targets(2451,5): warning MSB3277:             C:\Users\ultra\warewolf\Dev\Dev2.Studio.Interfaces\bin\Debug\net8.0\Dev2.Studio.Interfaces.dll [C:\Users\ultra\warewolf\Dev\Warewolf.Studio.ViewModels\Warewolf.Studio.ViewModels.csproj]
C:\Program Files\dotnet\sdk\10.0.201\Microsoft.Common.CurrentVersion.targets(2451,5): warning MSB3277:             C:\Users\ultra\warewolf\Dev\Warewolf.Studio.Core\bin\Debug\net8.0\Warewolf.Studio.Core.dll [C:\Users\ultra\warewolf\Dev\Warewolf.Studio.ViewModels\Warewolf.Studio.ViewModels.csproj]
C:\Program Files\dotnet\sdk\10.0.201\Microsoft.Common.CurrentVersion.targets(2451,5): warning MSB3277:             C:\Users\ultra\warewolf\Dev\Warewolf.Studio.CustomControls\bin\Debug\net8.0\Warewolf.Studio.CustomControls.dll [C:\Users\ultra\warewolf\Dev\Warewolf.Studio.ViewModels\Warewolf.Studio.ViewModels.csproj]
C:\Program Files\dotnet\sdk\10.0.201\Microsoft.Common.CurrentVersion.targets(2451,5): warning MSB3277:             C:\Users\ultra\warewolf\Dev\Warewolf.Studio.Models\bin\Debug\net8.0\Warewolf.Studio.Models.dll [C:\Users\ultra\warewolf\Dev\Warewolf.Studio.ViewModels\Warewolf.Studio.ViewModels.csproj]
C:\Program Files\dotnet\sdk\10.0.201\Microsoft.Common.CurrentVersion.targets(2451,5): warning MSB3277:             C:\Users\ultra\warewolf\Dev\Dev2.Services.Execution\bin\Debug\net8.0\Dev2.Services.Execution.dll [C:\Users\ultra\warewolf\Dev\Warewolf.Studio.ViewModels\Warewolf.Studio.ViewModels.csproj]
C:\Program Files\dotnet\sdk\10.0.201\Microsoft.Common.CurrentVersion.targets(2451,5): warning MSB3277:             C:\Users\ultra\warewolf\Dev\Dev2.Services.Sql\bin\Debug\net8.0\Dev2.Services.Sql.dll [C:\Users\ultra\warewolf\Dev\Warewolf.Studio.ViewModels\Warewolf.Studio.ViewModels.csproj]
C:\Program Files\dotnet\sdk\10.0.201\Microsoft.Common.CurrentVersion.targets(2451,5): warning MSB3277:             C:\Users\ultra\.nuget\packages\prism.wpf\9.0.537\lib\net462\Prism.Wpf.dll [C:\Users\ultra\warewolf\Dev\Warewolf.Studio.ViewModels\Warewolf.Studio.ViewModels.csproj]
C:\Program Files\dotnet\sdk\10.0.201\Microsoft.Common.CurrentVersion.targets(2451,5): warning MSB3277:             C:\Users\ultra\.nuget\packages\reactiveui.wpf\18.4.1\lib\net462\ReactiveUI.Wpf.dll [C:\Users\ultra\warewolf\Dev\Warewolf.Studio.ViewModels\Warewolf.Studio.ViewModels.csproj]
C:\Program Files\dotnet\sdk\10.0.201\Microsoft.Common.CurrentVersion.targets(2451,5): warning MSB3277:             C:\Users\ultra\.nuget\packages\taskschedulereditor\2.10.1\lib\net452\Microsoft.Win32.TaskSchedulerEditor.dll [C:\Users\ultra\warewolf\Dev\Warewolf.Studio.ViewModels\Warewolf.Studio.ViewModels.csproj]
C:\Program Files\dotnet\sdk\10.0.201\Microsoft.Common.CurrentVersion.targets(2451,5): warning MSB3277:             C:\Users\ultra\.nuget\packages\ttcue.netcore.sharepointonline.csom.16.1.8029.1200\16.1.8029.1200\lib\netcoreapp2.0\Microsoft.SharePoint.Client.Runtime.Windows.dll [C:\Users\ultra\warewolf\Dev\Warewolf.Studio.ViewModels\Warewolf.Studio.ViewModels.csproj]
C:\Program Files\dotnet\sdk\10.0.201\Microsoft.Common.CurrentVersion.targets(2451,5): warning MSB3277:         C:\Users\ultra\warewolf\Dev\Dev2.Development.Languages\bin\Debug\net8.0\IronRuby.dll [C:\Users\ultra\warewolf\Dev\Warewolf.Studio.ViewModels\Warewolf.Studio.ViewModels.csproj]
C:\Program Files\dotnet\sdk\10.0.201\Microsoft.Common.CurrentVersion.targets(2451,5): warning MSB3277:           Project file item includes which caused reference "C:\Users\ultra\warewolf\Dev\Dev2.Development.Languages\bin\Debug\net8.0\IronRuby.dll". [C:\Users\ultra\warewolf\Dev\Warewolf.Studio.ViewModels\Warewolf.Studio.ViewModels.csproj]
C:\Program Files\dotnet\sdk\10.0.201\Microsoft.Common.CurrentVersion.targets(2451,5): warning MSB3277:             C:\Users\ultra\warewolf\Dev\Dev2.Development.Languages\bin\Debug\net8.0\Dev2.Development.Languages.dll [C:\Users\ultra\warewolf\Dev\Warewolf.Studio.ViewModels\Warewolf.Studio.ViewModels.csproj]
C:\Program Files\dotnet\sdk\10.0.201\Microsoft.Common.CurrentVersion.targets(2451,5): warning MSB3277:             C:\Users\ultra\warewolf\Dev\Dev2.Activities\bin\Debug\net8.0\Dev2.Activities.dll [C:\Users\ultra\warewolf\Dev\Warewolf.Studio.ViewModels\Warewolf.Studio.ViewModels.csproj]
C:\Program Files\dotnet\sdk\10.0.201\Microsoft.Common.CurrentVersion.targets(2451,5): warning MSB3277:             C:\Users\ultra\warewolf\Dev\Dev2.Studio.Core\bin\Debug\net8.0\Dev2.Studio.Core.dll [C:\Users\ultra\warewolf\Dev\Warewolf.Studio.ViewModels\Warewolf.Studio.ViewModels.csproj]
C:\Program Files\dotnet\sdk\10.0.201\Microsoft.Common.CurrentVersion.targets(2451,5): warning MSB3277:             C:\Users\ultra\warewolf\Dev\Dev2.Intellisense\bin\Debug\net8.0\Dev2.Intellisense.dll [C:\Users\ultra\warewolf\Dev\Warewolf.Studio.ViewModels\Warewolf.Studio.ViewModels.csproj]
C:\Program Files\dotnet\sdk\10.0.201\Microsoft.Common.CurrentVersion.targets(2451,5): warning MSB3277:         C:\Users\ultra\warewolf\Dev\Dev2.Development.Languages\bin\Debug\net8.0\IronRuby.Libraries.dll [C:\Users\ultra\warewolf\Dev\Warewolf.Studio.ViewModels\Warewolf.Studio.ViewModels.csproj]
C:\Program Files\dotnet\sdk\10.0.201\Microsoft.Common.CurrentVersion.targets(2451,5): warning MSB3277:           Project file item includes which caused reference "C:\Users\ultra\warewolf\Dev\Dev2.Development.Languages\bin\Debug\net8.0\IronRuby.Libraries.dll". [C:\Users\ultra\warewolf\Dev\Warewolf.Studio.ViewModels\Warewolf.Studio.ViewModels.csproj]
C:\Program Files\dotnet\sdk\10.0.201\Microsoft.Common.CurrentVersion.targets(2451,5): warning MSB3277:             C:\Users\ultra\warewolf\Dev\Dev2.Development.Languages\bin\Debug\net8.0\Dev2.Development.Languages.dll [C:\Users\ultra\warewolf\Dev\Warewolf.Studio.ViewModels\Warewolf.Studio.ViewModels.csproj]
C:\Program Files\dotnet\sdk\10.0.201\Microsoft.Common.CurrentVersion.targets(2451,5): warning MSB3277:             C:\Users\ultra\warewolf\Dev\Dev2.Activities\bin\Debug\net8.0\Dev2.Activities.dll [C:\Users\ultra\warewolf\Dev\Warewolf.Studio.ViewModels\Warewolf.Studio.ViewModels.csproj]
C:\Program Files\dotnet\sdk\10.0.201\Microsoft.Common.CurrentVersion.targets(2451,5): warning MSB3277:             C:\Users\ultra\warewolf\Dev\Dev2.Studio.Core\bin\Debug\net8.0\Dev2.Studio.Core.dll [C:\Users\ultra\warewolf\Dev\Warewolf.Studio.ViewModels\Warewolf.Studio.ViewModels.csproj]
C:\Program Files\dotnet\sdk\10.0.201\Microsoft.Common.CurrentVersion.targets(2451,5): warning MSB3277:             C:\Users\ultra\warewolf\Dev\Dev2.Intellisense\bin\Debug\net8.0\Dev2.Intellisense.dll [C:\Users\ultra\warewolf\Dev\Warewolf.Studio.ViewModels\Warewolf.Studio.ViewModels.csproj]
C:\Program Files\dotnet\sdk\10.0.201\Microsoft.Common.CurrentVersion.targets(2451,5): warning MSB3277: Found conflicts between different versions of "WindowsBase" that could not be resolved. [C:\Users\ultra\warewolf\Dev\Warewolf.Studio.ViewModels\Warewolf.Studio.ViewModels.csproj]
C:\Program Files\dotnet\sdk\10.0.201\Microsoft.Common.CurrentVersion.targets(2451,5): warning MSB3277: There was a conflict between "WindowsBase, Version=4.0.0.0, Culture=neutral, PublicKeyToken=31bf3856ad364e35" and "WindowsBase, Version=6.0.2.0, Culture=neutral, PublicKeyToken=31bf3856ad364e35". [C:\Users\ultra\warewolf\Dev\Warewolf.Studio.ViewModels\Warewolf.Studio.ViewModels.csproj]
C:\Program Files\dotnet\sdk\10.0.201\Microsoft.Common.CurrentVersion.targets(2451,5): warning MSB3277:     "WindowsBase, Version=4.0.0.0, Culture=neutral, PublicKeyToken=31bf3856ad364e35" was chosen because it was primary and "WindowsBase, Version=6.0.2.0, Culture=neutral, PublicKeyToken=31bf3856ad364e35" was not. [C:\Users\ultra\warewolf\Dev\Warewolf.Studio.ViewModels\Warewolf.Studio.ViewModels.csproj]
C:\Program Files\dotnet\sdk\10.0.201\Microsoft.Common.CurrentVersion.targets(2451,5): warning MSB3277:     References which depend on "WindowsBase, Version=4.0.0.0, Culture=neutral, PublicKeyToken=31bf3856ad364e35" [C:\Program Files\dotnet\packs\Microsoft.NETCore.App.Ref\8.0.25\ref\net8.0\WindowsBase.dll]. [C:\Users\ultra\warewolf\Dev\Warewolf.Studio.ViewModels\Warewolf.Studio.ViewModels.csproj]
C:\Program Files\dotnet\sdk\10.0.201\Microsoft.Common.CurrentVersion.targets(2451,5): warning MSB3277:         C:\Program Files\dotnet\packs\Microsoft.NETCore.App.Ref\8.0.25\ref\net8.0\WindowsBase.dll [C:\Users\ultra\warewolf\Dev\Warewolf.Studio.ViewModels\Warewolf.Studio.ViewModels.csproj]
C:\Program Files\dotnet\sdk\10.0.201\Microsoft.Common.CurrentVersion.targets(2451,5): warning MSB3277:           Project file item includes which caused reference "C:\Program Files\dotnet\packs\Microsoft.NETCore.App.Ref\8.0.25\ref\net8.0\WindowsBase.dll". [C:\Users\ultra\warewolf\Dev\Warewolf.Studio.ViewModels\Warewolf.Studio.ViewModels.csproj]
C:\Program Files\dotnet\sdk\10.0.201\Microsoft.Common.CurrentVersion.targets(2451,5): warning MSB3277:             C:\Program Files\dotnet\packs\Microsoft.NETCore.App.Ref\8.0.25\ref/net8.0/WindowsBase.dll [C:\Users\ultra\warewolf\Dev\Warewolf.Studio.ViewModels\Warewolf.Studio.ViewModels.csproj]
C:\Program Files\dotnet\sdk\10.0.201\Microsoft.Common.CurrentVersion.targets(2451,5): warning MSB3277:     References which depend on or have been unified to "WindowsBase, Version=6.0.2.0, Culture=neutral, PublicKeyToken=31bf3856ad364e35" []. [C:\Users\ultra\warewolf\Dev\Warewolf.Studio.ViewModels\Warewolf.Studio.ViewModels.csproj]
C:\Program Files\dotnet\sdk\10.0.201\Microsoft.Common.CurrentVersion.targets(2451,5): warning MSB3277:         C:\Users\ultra\warewolf\Dev\Binaries\Infragistcs_Net6\InfragisticsWPF4.Controls.Editors.XamComboEditor.v15.1.dll [C:\Users\ultra\warewolf\Dev\Warewolf.Studio.ViewModels\Warewolf.Studio.ViewModels.csproj]
C:\Program Files\dotnet\sdk\10.0.201\Microsoft.Common.CurrentVersion.targets(2451,5): warning MSB3277:           Project file item includes which caused reference "C:\Users\ultra\warewolf\Dev\Binaries\Infragistcs_Net6\InfragisticsWPF4.Controls.Editors.XamComboEditor.v15.1.dll". [C:\Users\ultra\warewolf\Dev\Warewolf.Studio.ViewModels\Warewolf.Studio.ViewModels.csproj]
C:\Program Files\dotnet\sdk\10.0.201\Microsoft.Common.CurrentVersion.targets(2451,5): warning MSB3277:             InfragisticsWPF4.Controls.Editors.XamComboEditor.v15.1, Version=15.1.20151.2055, Culture=neutral, processorArchitecture=MSIL [C:\Users\ultra\warewolf\Dev\Warewolf.Studio.ViewModels\Warewolf.Studio.ViewModels.csproj]
C:\Program Files\dotnet\sdk\10.0.201\Microsoft.Common.CurrentVersion.targets(2451,5): warning MSB3277:         C:\Users\ultra\warewolf\Dev\Binaries\Infragistcs_Net6\InfragisticsWPF4.DataManager.v15.1.dll [C:\Users\ultra\warewolf\Dev\Warewolf.Studio.ViewModels\Warewolf.Studio.ViewModels.csproj]
C:\Program Files\dotnet\sdk\10.0.201\Microsoft.Common.CurrentVersion.targets(2451,5): warning MSB3277:           Project file item includes which caused reference "C:\Users\ultra\warewolf\Dev\Binaries\Infragistcs_Net6\InfragisticsWPF4.DataManager.v15.1.dll". [C:\Users\ultra\warewolf\Dev\Warewolf.Studio.ViewModels\Warewolf.Studio.ViewModels.csproj]
C:\Program Files\dotnet\sdk\10.0.201\Microsoft.Common.CurrentVersion.targets(2451,5): warning MSB3277:             InfragisticsWPF4.DataManager.v15.1, Version=15.1.20151.2055, Culture=neutral, processorArchitecture=MSIL [C:\Users\ultra\warewolf\Dev\Warewolf.Studio.ViewModels\Warewolf.Studio.ViewModels.csproj]
C:\Program Files\dotnet\sdk\10.0.201\Microsoft.Common.CurrentVersion.targets(2451,5): warning MSB3277:             InfragisticsWPF4.Controls.Editors.XamComboEditor.v15.1, Version=15.1.20151.2055, Culture=neutral, processorArchitecture=MSIL [C:\Users\ultra\warewolf\Dev\Warewolf.Studio.ViewModels\Warewolf.Studio.ViewModels.csproj]
C:\Program Files\dotnet\sdk\10.0.201\Microsoft.Common.CurrentVersion.targets(2451,5): warning MSB3277:         C:\Users\ultra\warewolf\Dev\Binaries\Infragistcs_Net6\InfragisticsWPF4.v15.1.dll [C:\Users\ultra\warewolf\Dev\Warewolf.Studio.ViewModels\Warewolf.Studio.ViewModels.csproj]
C:\Program Files\dotnet\sdk\10.0.201\Microsoft.Common.CurrentVersion.targets(2451,5): warning MSB3277:           Project file item includes which caused reference "C:\Users\ultra\warewolf\Dev\Binaries\Infragistcs_Net6\InfragisticsWPF4.v15.1.dll". [C:\Users\ultra\warewolf\Dev\Warewolf.Studio.ViewModels\Warewolf.Studio.ViewModels.csproj]
C:\Program Files\dotnet\sdk\10.0.201\Microsoft.Common.CurrentVersion.targets(2451,5): warning MSB3277:             InfragisticsWPF4.v15.1, Version=15.1.20151.2055, Culture=neutral, processorArchitecture=MSIL [C:\Users\ultra\warewolf\Dev\Warewolf.Studio.ViewModels\Warewolf.Studio.ViewModels.csproj]
C:\Program Files\dotnet\sdk\10.0.201\Microsoft.Common.CurrentVersion.targets(2451,5): warning MSB3277:             InfragisticsWPF4.Controls.Editors.XamComboEditor.v15.1, Version=15.1.20151.2055, Culture=neutral, processorArchitecture=MSIL [C:\Users\ultra\warewolf\Dev\Warewolf.Studio.ViewModels\Warewolf.Studio.ViewModels.csproj]
C:\Program Files\dotnet\sdk\10.0.201\Microsoft.Common.CurrentVersion.targets(2451,5): warning MSB3277:             InfragisticsWPF4.DataManager.v15.1, Version=15.1.20151.2055, Culture=neutral, processorArchitecture=MSIL [C:\Users\ultra\warewolf\Dev\Warewolf.Studio.ViewModels\Warewolf.Studio.ViewModels.csproj]
C:\Program Files\dotnet\sdk\10.0.201\Microsoft.Common.CurrentVersion.targets(2451,5): warning MSB3277:         C:\Users\ultra\.nuget\packages\caliburn.micro\4.0.212\lib\netcoreapp3.1\Caliburn.Micro.Platform.dll [C:\Users\ultra\warewolf\Dev\Warewolf.Studio.ViewModels\Warewolf.Studio.ViewModels.csproj]
C:\Program Files\dotnet\sdk\10.0.201\Microsoft.Common.CurrentVersion.targets(2451,5): warning MSB3277:           Project file item includes which caused reference "C:\Users\ultra\.nuget\packages\caliburn.micro\4.0.212\lib\netcoreapp3.1\Caliburn.Micro.Platform.dll". [C:\Users\ultra\warewolf\Dev\Warewolf.Studio.ViewModels\Warewolf.Studio.ViewModels.csproj]
C:\Program Files\dotnet\sdk\10.0.201\Microsoft.Common.CurrentVersion.targets(2451,5): warning MSB3277:             C:\Users\ultra\.nuget\packages\caliburn.micro\4.0.212\lib\netcoreapp3.1\Caliburn.Micro.Platform.dll [C:\Users\ultra\warewolf\Dev\Warewolf.Studio.ViewModels\Warewolf.Studio.ViewModels.csproj]
C:\Program Files\dotnet\sdk\10.0.201\Microsoft.Common.CurrentVersion.targets(2451,5): warning MSB3277:         C:\Users\ultra\.nuget\packages\extended.wpf.toolkit\4.4.0\lib\net5.0\Xceed.Wpf.AvalonDock.NET5.dll [C:\Users\ultra\warewolf\Dev\Warewolf.Studio.ViewModels\Warewolf.Studio.ViewModels.csproj]
C:\Program Files\dotnet\sdk\10.0.201\Microsoft.Common.CurrentVersion.targets(2451,5): warning MSB3277:           Project file item includes which caused reference "C:\Users\ultra\.nuget\packages\extended.wpf.toolkit\4.4.0\lib\net5.0\Xceed.Wpf.AvalonDock.NET5.dll". [C:\Users\ultra\warewolf\Dev\Warewolf.Studio.ViewModels\Warewolf.Studio.ViewModels.csproj]
C:\Program Files\dotnet\sdk\10.0.201\Microsoft.Common.CurrentVersion.targets(2451,5): warning MSB3277:             C:\Users\ultra\.nuget\packages\extended.wpf.toolkit\4.4.0\lib\net5.0\Xceed.Wpf.AvalonDock.NET5.dll [C:\Users\ultra\warewolf\Dev\Warewolf.Studio.ViewModels\Warewolf.Studio.ViewModels.csproj]
C:\Program Files\dotnet\sdk\10.0.201\Microsoft.Common.CurrentVersion.targets(2451,5): warning MSB3277:             C:\Users\ultra\.nuget\packages\extended.wpf.toolkit\4.4.0\lib\net5.0\Xceed.Wpf.AvalonDock.Themes.Aero.NET5.dll [C:\Users\ultra\warewolf\Dev\Warewolf.Studio.ViewModels\Warewolf.Studio.ViewModels.csproj]
C:\Program Files\dotnet\sdk\10.0.201\Microsoft.Common.CurrentVersion.targets(2451,5): warning MSB3277:             C:\Users\ultra\.nuget\packages\extended.wpf.toolkit\4.4.0\lib\net5.0\Xceed.Wpf.AvalonDock.Themes.Metro.NET5.dll [C:\Users\ultra\warewolf\Dev\Warewolf.Studio.ViewModels\Warewolf.Studio.ViewModels.csproj]
C:\Program Files\dotnet\sdk\10.0.201\Microsoft.Common.CurrentVersion.targets(2451,5): warning MSB3277:             C:\Users\ultra\.nuget\packages\extended.wpf.toolkit\4.4.0\lib\net5.0\Xceed.Wpf.AvalonDock.Themes.VS2010.NET5.dll [C:\Users\ultra\warewolf\Dev\Warewolf.Studio.ViewModels\Warewolf.Studio.ViewModels.csproj]
C:\Program Files\dotnet\sdk\10.0.201\Microsoft.Common.CurrentVersion.targets(2451,5): warning MSB3277:         C:\Users\ultra\.nuget\packages\extended.wpf.toolkit\4.4.0\lib\net5.0\Xceed.Wpf.AvalonDock.Themes.Aero.NET5.dll [C:\Users\ultra\warewolf\Dev\Warewolf.Studio.ViewModels\Warewolf.Studio.ViewModels.csproj]
C:\Program Files\dotnet\sdk\10.0.201\Microsoft.Common.CurrentVersion.targets(2451,5): warning MSB3277:           Project file item includes which caused reference "C:\Users\ultra\.nuget\packages\extended.wpf.toolkit\4.4.0\lib\net5.0\Xceed.Wpf.AvalonDock.Themes.Aero.NET5.dll". [C:\Users\ultra\warewolf\Dev\Warewolf.Studio.ViewModels\Warewolf.Studio.ViewModels.csproj]
C:\Program Files\dotnet\sdk\10.0.201\Microsoft.Common.CurrentVersion.targets(2451,5): warning MSB3277:             C:\Users\ultra\.nuget\packages\extended.wpf.toolkit\4.4.0\lib\net5.0\Xceed.Wpf.AvalonDock.Themes.Aero.NET5.dll [C:\Users\ultra\warewolf\Dev\Warewolf.Studio.ViewModels\Warewolf.Studio.ViewModels.csproj]
C:\Program Files\dotnet\sdk\10.0.201\Microsoft.Common.CurrentVersion.targets(2451,5): warning MSB3277:         C:\Users\ultra\.nuget\packages\extended.wpf.toolkit\4.4.0\lib\net5.0\Xceed.Wpf.Toolkit.NET5.dll [C:\Users\ultra\warewolf\Dev\Warewolf.Studio.ViewModels\Warewolf.Studio.ViewModels.csproj]
C:\Program Files\dotnet\sdk\10.0.201\Microsoft.Common.CurrentVersion.targets(2451,5): warning MSB3277:           Project file item includes which caused reference "C:\Users\ultra\.nuget\packages\extended.wpf.toolkit\4.4.0\lib\net5.0\Xceed.Wpf.Toolkit.NET5.dll". [C:\Users\ultra\warewolf\Dev\Warewolf.Studio.ViewModels\Warewolf.Studio.ViewModels.csproj]
C:\Program Files\dotnet\sdk\10.0.201\Microsoft.Common.CurrentVersion.targets(2451,5): warning MSB3277:             C:\Users\ultra\.nuget\packages\extended.wpf.toolkit\4.4.0\lib\net5.0\Xceed.Wpf.Toolkit.NET5.dll [C:\Users\ultra\warewolf\Dev\Warewolf.Studio.ViewModels\Warewolf.Studio.ViewModels.csproj]
C:\Program Files\dotnet\sdk\10.0.201\Microsoft.Common.CurrentVersion.targets(2451,5): warning MSB3277:         C:\Users\ultra\.nuget\packages\ironpython\3.4.0\lib\net6.0\IronPython.Wpf.dll [C:\Users\ultra\warewolf\Dev\Warewolf.Studio.ViewModels\Warewolf.Studio.ViewModels.csproj]
C:\Program Files\dotnet\sdk\10.0.201\Microsoft.Common.CurrentVersion.targets(2451,5): warning MSB3277:           Project file item includes which caused reference "C:\Users\ultra\.nuget\packages\ironpython\3.4.0\lib\net6.0\IronPython.Wpf.dll". [C:\Users\ultra\warewolf\Dev\Warewolf.Studio.ViewModels\Warewolf.Studio.ViewModels.csproj]
C:\Program Files\dotnet\sdk\10.0.201\Microsoft.Common.CurrentVersion.targets(2451,5): warning MSB3277:             C:\Users\ultra\.nuget\packages\ironpython\3.4.0\lib\net6.0\IronPython.Wpf.dll [C:\Users\ultra\warewolf\Dev\Warewolf.Studio.ViewModels\Warewolf.Studio.ViewModels.csproj]
C:\Program Files\dotnet\sdk\10.0.201\Microsoft.Common.CurrentVersion.targets(2451,5): warning MSB3277:         C:\Users\ultra\.nuget\packages\microsoft.xaml.behaviors.wpf\1.1.122\lib\net462\Microsoft.Xaml.Behaviors.dll [C:\Users\ultra\warewolf\Dev\Warewolf.Studio.ViewModels\Warewolf.Studio.ViewModels.csproj]
C:\Program Files\dotnet\sdk\10.0.201\Microsoft.Common.CurrentVersion.targets(2451,5): warning MSB3277:           Project file item includes which caused reference "C:\Users\ultra\.nuget\packages\microsoft.xaml.behaviors.wpf\1.1.122\lib\net462\Microsoft.Xaml.Behaviors.dll". [C:\Users\ultra\warewolf\Dev\Warewolf.Studio.ViewModels\Warewolf.Studio.ViewModels.csproj]
C:\Program Files\dotnet\sdk\10.0.201\Microsoft.Common.CurrentVersion.targets(2451,5): warning MSB3277:             C:\Users\ultra\.nuget\packages\microsoft.xaml.behaviors.wpf\1.1.122\lib\net462\Microsoft.Xaml.Behaviors.dll [C:\Users\ultra\warewolf\Dev\Warewolf.Studio.ViewModels\Warewolf.Studio.ViewModels.csproj]
C:\Program Files\dotnet\sdk\10.0.201\Microsoft.Common.CurrentVersion.targets(2451,5): warning MSB3277:             C:\Users\ultra\.nuget\packages\caliburn.micro\4.0.212\lib\netcoreapp3.1\Caliburn.Micro.Platform.dll [C:\Users\ultra\warewolf\Dev\Warewolf.Studio.ViewModels\Warewolf.Studio.ViewModels.csproj]
C:\Program Files\dotnet\sdk\10.0.201\Microsoft.Common.CurrentVersion.targets(2451,5): warning MSB3277:             C:\Users\ultra\.nuget\packages\prism.wpf\9.0.537\lib\net462\Prism.Wpf.dll [C:\Users\ultra\warewolf\Dev\Warewolf.Studio.ViewModels\Warewolf.Studio.ViewModels.csproj]
C:\Program Files\dotnet\sdk\10.0.201\Microsoft.Common.CurrentVersion.targets(2451,5): warning MSB3277:         C:\Users\ultra\.nuget\packages\prism.wpf\9.0.537\lib\net462\Prism.Wpf.dll [C:\Users\ultra\warewolf\Dev\Warewolf.Studio.ViewModels\Warewolf.Studio.ViewModels.csproj]
C:\Program Files\dotnet\sdk\10.0.201\Microsoft.Common.CurrentVersion.targets(2451,5): warning MSB3277:           Project file item includes which caused reference "C:\Users\ultra\.nuget\packages\prism.wpf\9.0.537\lib\net462\Prism.Wpf.dll". [C:\Users\ultra\warewolf\Dev\Warewolf.Studio.ViewModels\Warewolf.Studio.ViewModels.csproj]
C:\Program Files\dotnet\sdk\10.0.201\Microsoft.Common.CurrentVersion.targets(2451,5): warning MSB3277:             C:\Users\ultra\.nuget\packages\prism.wpf\9.0.537\lib\net462\Prism.Wpf.dll [C:\Users\ultra\warewolf\Dev\Warewolf.Studio.ViewModels\Warewolf.Studio.ViewModels.csproj]
C:\Program Files\dotnet\sdk\10.0.201\Microsoft.Common.CurrentVersion.targets(2451,5): warning MSB3277:         C:\Users\ultra\.nuget\packages\reactiveui.wpf\18.4.1\lib\net462\ReactiveUI.Wpf.dll [C:\Users\ultra\warewolf\Dev\Warewolf.Studio.ViewModels\Warewolf.Studio.ViewModels.csproj]
C:\Program Files\dotnet\sdk\10.0.201\Microsoft.Common.CurrentVersion.targets(2451,5): warning MSB3277:           Project file item includes which caused reference "C:\Users\ultra\.nuget\packages\reactiveui.wpf\18.4.1\lib\net462\ReactiveUI.Wpf.dll". [C:\Users\ultra\warewolf\Dev\Warewolf.Studio.ViewModels\Warewolf.Studio.ViewModels.csproj]
C:\Program Files\dotnet\sdk\10.0.201\Microsoft.Common.CurrentVersion.targets(2451,5): warning MSB3277:             C:\Users\ultra\.nuget\packages\reactiveui.wpf\18.4.1\lib\net462\ReactiveUI.Wpf.dll [C:\Users\ultra\warewolf\Dev\Warewolf.Studio.ViewModels\Warewolf.Studio.ViewModels.csproj]
  Consider app.config remapping of assembly "System.Data.SQLite, Culture=neutral, PublicKeyToken=db937bc2d44ff139" from Version "1.0.117.0" [] to Version "1.0.118.0" [C:\Users\ultra\.nuget\packages\stub.system.data.sqlite.core.netstandard\1.0.118\lib\netstandard2.1\System.Data.SQLite.dll] to solve conflict and get rid of warning.
  Consider app.config remapping of assembly "System.Runtime.CompilerServices.Unsafe, Culture=neutral, PublicKeyToken=b03f5f7f11d50a3a" from Version "6.0.0.0" [] to Version "8.0.0.0" [C:\Program Files\dotnet\packs\Microsoft.NETCore.App.Ref\8.0.25\ref\net8.0\System.Runtime.CompilerServices.Unsafe.dll] to solve conflict and get rid of warning.
C:\Program Files\dotnet\sdk\10.0.201\Microsoft.CSharp.CurrentVersion.targets(130,9): warning MSB3884: Could not find rule set file "..\.sonarlint\warewolf_dotnet_frameworkcsharp.ruleset". [C:\Users\ultra\warewolf\Dev\Warewolf.Studio.ViewModels\Warewolf.Studio.ViewModels.csproj]
C:\Users\ultra\warewolf\Dev\Dev2.Server\Startup.cs(59,95): warning CC0004: Empty Catch Block. (https://code-cracker.github.io/diagnostics/CC0004.html) [C:\Users\ultra\warewolf\Dev\Dev2.Server\Dev2.Server.csproj]
  Warewolf.Studio.ViewModels -> C:\Users\ultra\warewolf\Dev\Warewolf.Studio.ViewModels\bin\Debug\net8.0\Warewolf.Studio.ViewModels.dll
  Dev2.Server -> C:\Users\ultra\warewolf\Dev\Dev2.Server\bin\Debug\net8.0\linux-x64\Warewolf Server.dll
C:\Program Files\dotnet\sdk\10.0.201\Microsoft.Common.CurrentVersion.targets(2451,5): warning MSB3245: Could not resolve this reference. Could not locate the assembly "System.ServiceModel.Activities". Check to make sure the assembly exists on disk. If this reference is required by your code, you may get compilation errors. [C:\Users\ultra\warewolf\Dev\Warewolf.Studio.Views\Warewolf.Studio.Views.csproj]
  
  INFO: No tasks running with the specified criteria.
C:\Program Files\dotnet\sdk\10.0.201\Microsoft.Common.CurrentVersion.targets(2451,5): warning MSB3277: Found conflicts between different versions of "Microsoft.Win32.SystemEvents" that could not be resolved. [C:\Users\ultra\warewolf\Dev\Warewolf.Studio.Views\Warewolf.Studio.Views.csproj]
C:\Program Files\dotnet\sdk\10.0.201\Microsoft.Common.CurrentVersion.targets(2451,5): warning MSB3277: There was a conflict between "Microsoft.Win32.SystemEvents, Version=6.0.0.0, Culture=neutral, PublicKeyToken=cc7b13ffcd2ddd51" and "Microsoft.Win32.SystemEvents, Version=7.0.0.0, Culture=neutral, PublicKeyToken=cc7b13ffcd2ddd51". [C:\Users\ultra\warewolf\Dev\Warewolf.Studio.Views\Warewolf.Studio.Views.csproj]
C:\Program Files\dotnet\sdk\10.0.201\Microsoft.Common.CurrentVersion.targets(2451,5): warning MSB3277:     "Microsoft.Win32.SystemEvents, Version=6.0.0.0, Culture=neutral, PublicKeyToken=cc7b13ffcd2ddd51" was chosen because it was primary and "Microsoft.Win32.SystemEvents, Version=7.0.0.0, Culture=neutral, PublicKeyToken=cc7b13ffcd2ddd51" was not. [C:\Users\ultra\warewolf\Dev\Warewolf.Studio.Views\Warewolf.Studio.Views.csproj]
C:\Program Files\dotnet\sdk\10.0.201\Microsoft.Common.CurrentVersion.targets(2451,5): warning MSB3277:     References which depend on "Microsoft.Win32.SystemEvents, Version=6.0.0.0, Culture=neutral, PublicKeyToken=cc7b13ffcd2ddd51" [C:\Users\ultra\.nuget\packages\microsoft.win32.systemevents\6.0.0\lib\net6.0\Microsoft.Win32.SystemEvents.dll]. [C:\Users\ultra\warewolf\Dev\Warewolf.Studio.Views\Warewolf.Studio.Views.csproj]
C:\Program Files\dotnet\sdk\10.0.201\Microsoft.Common.CurrentVersion.targets(2451,5): warning MSB3277:         C:\Users\ultra\.nuget\packages\microsoft.win32.systemevents\6.0.0\lib\net6.0\Microsoft.Win32.SystemEvents.dll [C:\Users\ultra\warewolf\Dev\Warewolf.Studio.Views\Warewolf.Studio.Views.csproj]
C:\Program Files\dotnet\sdk\10.0.201\Microsoft.Common.CurrentVersion.targets(2451,5): warning MSB3277:           Project file item includes which caused reference "C:\Users\ultra\.nuget\packages\microsoft.win32.systemevents\6.0.0\lib\net6.0\Microsoft.Win32.SystemEvents.dll". [C:\Users\ultra\warewolf\Dev\Warewolf.Studio.Views\Warewolf.Studio.Views.csproj]
C:\Program Files\dotnet\sdk\10.0.201\Microsoft.Common.CurrentVersion.targets(2451,5): warning MSB3277:             C:\Users\ultra\.nuget\packages\microsoft.win32.systemevents\6.0.0\lib\net6.0\Microsoft.Win32.SystemEvents.dll [C:\Users\ultra\warewolf\Dev\Warewolf.Studio.Views\Warewolf.Studio.Views.csproj]
C:\Program Files\dotnet\sdk\10.0.201\Microsoft.Common.CurrentVersion.targets(2451,5): warning MSB3277:     References which depend on or have been unified to "Microsoft.Win32.SystemEvents, Version=7.0.0.0, Culture=neutral, PublicKeyToken=cc7b13ffcd2ddd51" []. [C:\Users\ultra\warewolf\Dev\Warewolf.Studio.Views\Warewolf.Studio.Views.csproj]
C:\Program Files\dotnet\sdk\10.0.201\Microsoft.Common.CurrentVersion.targets(2451,5): warning MSB3277:         C:\Users\ultra\warewolf\Dev\Dev2.Common\bin\Debug\net8.0\Dev2.Common.dll [C:\Users\ultra\warewolf\Dev\Warewolf.Studio.Views\Warewolf.Studio.Views.csproj]
C:\Program Files\dotnet\sdk\10.0.201\Microsoft.Common.CurrentVersion.targets(2451,5): warning MSB3277:           Project file item includes which caused reference "C:\Users\ultra\warewolf\Dev\Dev2.Common\bin\Debug\net8.0\Dev2.Common.dll". [C:\Users\ultra\warewolf\Dev\Warewolf.Studio.Views\Warewolf.Studio.Views.csproj]
C:\Program Files\dotnet\sdk\10.0.201\Microsoft.Common.CurrentVersion.targets(2451,5): warning MSB3277:             C:\Users\ultra\warewolf\Dev\Dev2.Common\bin\Debug\net8.0\Dev2.Common.dll [C:\Users\ultra\warewolf\Dev\Warewolf.Studio.Views\Warewolf.Studio.Views.csproj]
C:\Program Files\dotnet\sdk\10.0.201\Microsoft.Common.CurrentVersion.targets(2451,5): warning MSB3277:             C:\Users\ultra\warewolf\Dev\Dev2.Activities\bin\Debug\net8.0\Dev2.Activities.dll [C:\Users\ultra\warewolf\Dev\Warewolf.Studio.Views\Warewolf.Studio.Views.csproj]
C:\Program Files\dotnet\sdk\10.0.201\Microsoft.Common.CurrentVersion.targets(2451,5): warning MSB3277:             C:\Users\ultra\warewolf\Dev\Dev2.Core\bin\Debug\net8.0\Dev2.Core.dll [C:\Users\ultra\warewolf\Dev\Warewolf.Studio.Views\Warewolf.Studio.Views.csproj]
C:\Program Files\dotnet\sdk\10.0.201\Microsoft.Common.CurrentVersion.targets(2451,5): warning MSB3277:             C:\Users\ultra\warewolf\Dev\Dev2.Diagnostics\bin\Debug\net8.0\Dev2.Diagnostics.dll [C:\Users\ultra\warewolf\Dev\Warewolf.Studio.Views\Warewolf.Studio.Views.csproj]
C:\Program Files\dotnet\sdk\10.0.201\Microsoft.Common.CurrentVersion.targets(2451,5): warning MSB3277:             C:\Users\ultra\warewolf\Dev\Dev2.Infrastructure\bin\Debug\net8.0\Dev2.Infrastructure.dll [C:\Users\ultra\warewolf\Dev\Warewolf.Studio.Views\Warewolf.Studio.Views.csproj]
C:\Program Files\dotnet\sdk\10.0.201\Microsoft.Common.CurrentVersion.targets(2451,5): warning MSB3277:             C:\Users\ultra\warewolf\Dev\Dev2.Intellisense\bin\Debug\net8.0\Dev2.Intellisense.dll [C:\Users\ultra\warewolf\Dev\Warewolf.Studio.Views\Warewolf.Studio.Views.csproj]
C:\Program Files\dotnet\sdk\10.0.201\Microsoft.Common.CurrentVersion.targets(2451,5): warning MSB3277:             C:\Users\ultra\warewolf\Dev\Dev2.Studio.Core\bin\Debug\net8.0\Dev2.Studio.Core.dll [C:\Users\ultra\warewolf\Dev\Warewolf.Studio.Views\Warewolf.Studio.Views.csproj]
C:\Program Files\dotnet\sdk\10.0.201\Microsoft.Common.CurrentVersion.targets(2451,5): warning MSB3277:             C:\Users\ultra\warewolf\Dev\Dev2.Studio.Interfaces\bin\Debug\net8.0\Dev2.Studio.Interfaces.dll [C:\Users\ultra\warewolf\Dev\Warewolf.Studio.Views\Warewolf.Studio.Views.csproj]
C:\Program Files\dotnet\sdk\10.0.201\Microsoft.Common.CurrentVersion.targets(2451,5): warning MSB3277:             C:\Users\ultra\warewolf\Dev\Warewolf.Studio.Core\bin\Debug\net8.0\Warewolf.Studio.Core.dll [C:\Users\ultra\warewolf\Dev\Warewolf.Studio.Views\Warewolf.Studio.Views.csproj]
C:\Program Files\dotnet\sdk\10.0.201\Microsoft.Common.CurrentVersion.targets(2451,5): warning MSB3277:             C:\Users\ultra\warewolf\Dev\Warewolf.Studio.CustomControls\bin\Debug\net8.0\Warewolf.Studio.CustomControls.dll [C:\Users\ultra\warewolf\Dev\Warewolf.Studio.Views\Warewolf.Studio.Views.csproj]
C:\Program Files\dotnet\sdk\10.0.201\Microsoft.Common.CurrentVersion.targets(2451,5): warning MSB3277:             C:\Users\ultra\warewolf\Dev\Warewolf.Studio.ViewModels\bin\Debug\net8.0\Warewolf.Studio.ViewModels.dll [C:\Users\ultra\warewolf\Dev\Warewolf.Studio.Views\Warewolf.Studio.Views.csproj]
C:\Program Files\dotnet\sdk\10.0.201\Microsoft.Common.CurrentVersion.targets(2451,5): warning MSB3277:             C:\Users\ultra\warewolf\Dev\Dev2.Data\bin\Debug\net8.0\Dev2.Data.dll [C:\Users\ultra\warewolf\Dev\Warewolf.Studio.Views\Warewolf.Studio.Views.csproj]
C:\Program Files\dotnet\sdk\10.0.201\Microsoft.Common.CurrentVersion.targets(2451,5): warning MSB3277:             C:\Users\ultra\warewolf\Dev\Dev2.Development.Languages\bin\Debug\net8.0\Dev2.Development.Languages.dll [C:\Users\ultra\warewolf\Dev\Warewolf.Studio.Views\Warewolf.Studio.Views.csproj]
C:\Program Files\dotnet\sdk\10.0.201\Microsoft.Common.CurrentVersion.targets(2451,5): warning MSB3277:             C:\Users\ultra\warewolf\Dev\Dev2.Runtime.Services\bin\Debug\net8.0\Dev2.Runtime.Services.dll [C:\Users\ultra\warewolf\Dev\Warewolf.Studio.Views\Warewolf.Studio.Views.csproj]
C:\Program Files\dotnet\sdk\10.0.201\Microsoft.Common.CurrentVersion.targets(2451,5): warning MSB3277:             C:\Users\ultra\warewolf\Dev\Dev2.Scheduler\bin\Debug\net8.0\Dev2.Scheduler.dll [C:\Users\ultra\warewolf\Dev\Warewolf.Studio.Views\Warewolf.Studio.Views.csproj]
C:\Program Files\dotnet\sdk\10.0.201\Microsoft.Common.CurrentVersion.targets(2451,5): warning MSB3277:             C:\Users\ultra\warewolf\Dev\Dev2.Services.Execution\bin\Debug\net8.0\Dev2.Services.Execution.dll [C:\Users\ultra\warewolf\Dev\Warewolf.Studio.Views\Warewolf.Studio.Views.csproj]
C:\Program Files\dotnet\sdk\10.0.201\Microsoft.Common.CurrentVersion.targets(2451,5): warning MSB3277:             C:\Users\ultra\warewolf\Dev\Dev2.Services.Sql\bin\Debug\net8.0\Dev2.Services.Sql.dll [C:\Users\ultra\warewolf\Dev\Warewolf.Studio.Views\Warewolf.Studio.Views.csproj]
C:\Program Files\dotnet\sdk\10.0.201\Microsoft.Common.CurrentVersion.targets(2451,5): warning MSB3277:             C:\Users\ultra\warewolf\Dev\Dev2.TaskScheduler.Wrappers\bin\Debug\net8.0\Dev2.TaskScheduler.Wrappers.dll [C:\Users\ultra\warewolf\Dev\Warewolf.Studio.Views\Warewolf.Studio.Views.csproj]
C:\Program Files\dotnet\sdk\10.0.201\Microsoft.Common.CurrentVersion.targets(2451,5): warning MSB3277:             C:\Users\ultra\warewolf\Dev\Dev2.Util\bin\Debug\net8.0\Dev2.Util.dll [C:\Users\ultra\warewolf\Dev\Warewolf.Studio.Views\Warewolf.Studio.Views.csproj]
C:\Program Files\dotnet\sdk\10.0.201\Microsoft.Common.CurrentVersion.targets(2451,5): warning MSB3277:             C:\Users\ultra\warewolf\Dev\Warewolf.AI.Harness\bin\Debug\net8.0\Warewolf.AI.Harness.dll [C:\Users\ultra\warewolf\Dev\Warewolf.Studio.Views\Warewolf.Studio.Views.csproj]
C:\Program Files\dotnet\sdk\10.0.201\Microsoft.Common.CurrentVersion.targets(2451,5): warning MSB3277:             C:\Users\ultra\warewolf\Dev\Warewolf.Auditing\bin\Debug\net8.0\Warewolf.Auditing.dll [C:\Users\ultra\warewolf\Dev\Warewolf.Studio.Views\Warewolf.Studio.Views.csproj]
C:\Program Files\dotnet\sdk\10.0.201\Microsoft.Common.CurrentVersion.targets(2451,5): warning MSB3277:             C:\Users\ultra\warewolf\Dev\Warewolf.Common.NetStandard20\bin\Debug\net8.0\Warewolf.Common.NetStandard20.dll [C:\Users\ultra\warewolf\Dev\Warewolf.Studio.Views\Warewolf.Studio.Views.csproj]
C:\Program Files\dotnet\sdk\10.0.201\Microsoft.Common.CurrentVersion.targets(2451,5): warning MSB3277:             C:\Users\ultra\warewolf\Dev\Warewolf.Core\bin\Debug\net8.0\Warewolf.Core.dll [C:\Users\ultra\warewolf\Dev\Warewolf.Studio.Views\Warewolf.Studio.Views.csproj]
C:\Program Files\dotnet\sdk\10.0.201\Microsoft.Common.CurrentVersion.targets(2451,5): warning MSB3277:             C:\Users\ultra\warewolf\Dev\Warewolf.Driver.Persistence\bin\Debug\net8.0\Warewolf.Driver.Persistence.dll [C:\Users\ultra\warewolf\Dev\Warewolf.Studio.Views\Warewolf.Studio.Views.csproj]
C:\Program Files\dotnet\sdk\10.0.201\Microsoft.Common.CurrentVersion.targets(2451,5): warning MSB3277:             C:\Users\ultra\warewolf\Dev\Warewolf.Driver.Serilog\bin\Debug\net8.0\Warewolf.Driver.Serilog.dll [C:\Users\ultra\warewolf\Dev\Warewolf.Studio.Views\Warewolf.Studio.Views.csproj]
C:\Program Files\dotnet\sdk\10.0.201\Microsoft.Common.CurrentVersion.targets(2451,5): warning MSB3277:             C:\Users\ultra\warewolf\Dev\Warewolf.Exchange.Email.Wrapper\bin\Debug\net8.0\Warewolf.Exchange.Email.Wrapper.dll [C:\Users\ultra\warewolf\Dev\Warewolf.Studio.Views\Warewolf.Studio.Views.csproj]
C:\Program Files\dotnet\sdk\10.0.201\Microsoft.Common.CurrentVersion.targets(2451,5): warning MSB3277:             C:\Users\ultra\warewolf\Dev\Warewolf.ResourceManagement\bin\Debug\net8.0\Warewolf.ResourceManagement.dll [C:\Users\ultra\warewolf\Dev\Warewolf.Studio.Views\Warewolf.Studio.Views.csproj]
C:\Program Files\dotnet\sdk\10.0.201\Microsoft.Common.CurrentVersion.targets(2451,5): warning MSB3277:             C:\Users\ultra\warewolf\Dev\Warewolf.Sharepoint\bin\Debug\net8.0\Warewolf.Sharepoint.dll [C:\Users\ultra\warewolf\Dev\Warewolf.Studio.Views\Warewolf.Studio.Views.csproj]
C:\Program Files\dotnet\sdk\10.0.201\Microsoft.Common.CurrentVersion.targets(2451,5): warning MSB3277:             C:\Users\ultra\warewolf\Dev\Warewolf.Storage\bin\Debug\net8.0\Warewolf.Storage.dll [C:\Users\ultra\warewolf\Dev\Warewolf.Studio.Views\Warewolf.Studio.Views.csproj]
C:\Program Files\dotnet\sdk\10.0.201\Microsoft.Common.CurrentVersion.targets(2451,5): warning MSB3277:             C:\Users\ultra\warewolf\Dev\Warewolf.Studio.Models\bin\Debug\net8.0\Warewolf.Studio.Models.dll [C:\Users\ultra\warewolf\Dev\Warewolf.Studio.Views\Warewolf.Studio.Views.csproj]
C:\Program Files\dotnet\sdk\10.0.201\Microsoft.Common.CurrentVersion.targets(2451,5): warning MSB3277:             C:\Users\ultra\warewolf\Dev\Warewolf.UI\bin\Debug\net8.0\Warewolf.UI.dll [C:\Users\ultra\warewolf\Dev\Warewolf.Studio.Views\Warewolf.Studio.Views.csproj]
C:\Program Files\dotnet\sdk\10.0.201\Microsoft.Common.CurrentVersion.targets(2451,5): warning MSB3277:         C:\Users\ultra\warewolf\Dev\Binaries\Infragistcs_Net6\InfragisticsWPF4.Editors.v15.1.dll [C:\Users\ultra\warewolf\Dev\Warewolf.Studio.Views\Warewolf.Studio.Views.csproj]
C:\Program Files\dotnet\sdk\10.0.201\Microsoft.Common.CurrentVersion.targets(2451,5): warning MSB3277:           Project file item includes which caused reference "C:\Users\ultra\warewolf\Dev\Binaries\Infragistcs_Net6\InfragisticsWPF4.Editors.v15.1.dll". [C:\Users\ultra\warewolf\Dev\Warewolf.Studio.Views\Warewolf.Studio.Views.csproj]
C:\Program Files\dotnet\sdk\10.0.201\Microsoft.Common.CurrentVersion.targets(2451,5): warning MSB3277:             InfragisticsWPF4.Editors.v15.1 [C:\Users\ultra\warewolf\Dev\Warewolf.Studio.Views\Warewolf.Studio.Views.csproj]
C:\Program Files\dotnet\sdk\10.0.201\Microsoft.Common.CurrentVersion.targets(2451,5): warning MSB3277:         C:\Users\ultra\warewolf\Dev\Binaries\Infragistcs_Net6\InfragisticsWPF4.v15.1.dll [C:\Users\ultra\warewolf\Dev\Warewolf.Studio.Views\Warewolf.Studio.Views.csproj]
C:\Program Files\dotnet\sdk\10.0.201\Microsoft.Common.CurrentVersion.targets(2451,5): warning MSB3277:           Project file item includes which caused reference "C:\Users\ultra\warewolf\Dev\Binaries\Infragistcs_Net6\InfragisticsWPF4.v15.1.dll". [C:\Users\ultra\warewolf\Dev\Warewolf.Studio.Views\Warewolf.Studio.Views.csproj]
C:\Program Files\dotnet\sdk\10.0.201\Microsoft.Common.CurrentVersion.targets(2451,5): warning MSB3277:             InfragisticsWPF4.v15.1 [C:\Users\ultra\warewolf\Dev\Warewolf.Studio.Views\Warewolf.Studio.Views.csproj]
C:\Program Files\dotnet\sdk\10.0.201\Microsoft.Common.CurrentVersion.targets(2451,5): warning MSB3277:             InfragisticsWPF4.Controls.Editors.XamComboEditor.v15.1 [C:\Users\ultra\warewolf\Dev\Warewolf.Studio.Views\Warewolf.Studio.Views.csproj]
C:\Program Files\dotnet\sdk\10.0.201\Microsoft.Common.CurrentVersion.targets(2451,5): warning MSB3277:             InfragisticsWPF4.Controls.Editors.XamRichTextEditor.v15.1 [C:\Users\ultra\warewolf\Dev\Warewolf.Studio.Views\Warewolf.Studio.Views.csproj]
C:\Program Files\dotnet\sdk\10.0.201\Microsoft.Common.CurrentVersion.targets(2451,5): warning MSB3277:             InfragisticsWPF4.Controls.Grids.XamGrid.v15.1 [C:\Users\ultra\warewolf\Dev\Warewolf.Studio.Views\Warewolf.Studio.Views.csproj]
C:\Program Files\dotnet\sdk\10.0.201\Microsoft.Common.CurrentVersion.targets(2451,5): warning MSB3277:             InfragisticsWPF4.Controls.Interactions.XamDialogWindow.v15.1 [C:\Users\ultra\warewolf\Dev\Warewolf.Studio.Views\Warewolf.Studio.Views.csproj]
C:\Program Files\dotnet\sdk\10.0.201\Microsoft.Common.CurrentVersion.targets(2451,5): warning MSB3277:             InfragisticsWPF4.Controls.Menus.XamDataTree.v15.1 [C:\Users\ultra\warewolf\Dev\Warewolf.Studio.Views\Warewolf.Studio.Views.csproj]
C:\Program Files\dotnet\sdk\10.0.201\Microsoft.Common.CurrentVersion.targets(2451,5): warning MSB3277:             InfragisticsWPF4.Controls.Menus.XamMenu.v15.1 [C:\Users\ultra\warewolf\Dev\Warewolf.Studio.Views\Warewolf.Studio.Views.csproj]
C:\Program Files\dotnet\sdk\10.0.201\Microsoft.Common.CurrentVersion.targets(2451,5): warning MSB3277:             InfragisticsWPF4.DataManager.v15.1 [C:\Users\ultra\warewolf\Dev\Warewolf.Studio.Views\Warewolf.Studio.Views.csproj]
C:\Program Files\dotnet\sdk\10.0.201\Microsoft.Common.CurrentVersion.targets(2451,5): warning MSB3277:             InfragisticsWPF4.DockManager.v15.1 [C:\Users\ultra\warewolf\Dev\Warewolf.Studio.Views\Warewolf.Studio.Views.csproj]
C:\Program Files\dotnet\sdk\10.0.201\Microsoft.Common.CurrentVersion.targets(2451,5): warning MSB3277:             InfragisticsWPF4.Documents.RichTextDocument.Html.v15.1 [C:\Users\ultra\warewolf\Dev\Warewolf.Studio.Views\Warewolf.Studio.Views.csproj]
C:\Program Files\dotnet\sdk\10.0.201\Microsoft.Common.CurrentVersion.targets(2451,5): warning MSB3277:             InfragisticsWPF4.Documents.RichTextDocument.v15.1 [C:\Users\ultra\warewolf\Dev\Warewolf.Studio.Views\Warewolf.Studio.Views.csproj]
C:\Program Files\dotnet\sdk\10.0.201\Microsoft.Common.CurrentVersion.targets(2451,5): warning MSB3277:             InfragisticsWPF4.Editors.v15.1 [C:\Users\ultra\warewolf\Dev\Warewolf.Studio.Views\Warewolf.Studio.Views.csproj]
C:\Program Files\dotnet\sdk\10.0.201\Microsoft.Common.CurrentVersion.targets(2451,5): warning MSB3277:         C:\Users\ultra\.nuget\packages\timespan2\2.4.2\lib\netcoreapp3.1\TimeSpan2.dll [C:\Users\ultra\warewolf\Dev\Warewolf.Studio.Views\Warewolf.Studio.Views.csproj]
C:\Program Files\dotnet\sdk\10.0.201\Microsoft.Common.CurrentVersion.targets(2451,5): warning MSB3277:           Project file item includes which caused reference "C:\Users\ultra\.nuget\packages\timespan2\2.4.2\lib\netcoreapp3.1\TimeSpan2.dll". [C:\Users\ultra\warewolf\Dev\Warewolf.Studio.Views\Warewolf.Studio.Views.csproj]
C:\Program Files\dotnet\sdk\10.0.201\Microsoft.Common.CurrentVersion.targets(2451,5): warning MSB3277:             C:\Users\ultra\.nuget\packages\timespan2\2.4.2\lib\netcoreapp3.1\TimeSpan2.dll [C:\Users\ultra\warewolf\Dev\Warewolf.Studio.Views\Warewolf.Studio.Views.csproj]
C:\Program Files\dotnet\sdk\10.0.201\Microsoft.Common.CurrentVersion.targets(2451,5): warning MSB3277:             C:\Users\ultra\.nuget\packages\taskschedulereditor\2.10.1\lib\net452\Microsoft.Win32.TaskSchedulerEditor.dll [C:\Users\ultra\warewolf\Dev\Warewolf.Studio.Views\Warewolf.Studio.Views.csproj]
C:\Program Files\dotnet\sdk\10.0.201\Microsoft.Common.CurrentVersion.targets(2451,5): warning MSB3277:         C:\Program Files\dotnet\packs\Microsoft.NETCore.App.Ref\8.0.25\ref\net8.0\System.dll [C:\Users\ultra\warewolf\Dev\Warewolf.Studio.Views\Warewolf.Studio.Views.csproj]
C:\Program Files\dotnet\sdk\10.0.201\Microsoft.Common.CurrentVersion.targets(2451,5): warning MSB3277:           Project file item includes which caused reference "C:\Program Files\dotnet\packs\Microsoft.NETCore.App.Ref\8.0.25\ref\net8.0\System.dll". [C:\Users\ultra\warewolf\Dev\Warewolf.Studio.Views\Warewolf.Studio.Views.csproj]
C:\Program Files\dotnet\sdk\10.0.201\Microsoft.Common.CurrentVersion.targets(2451,5): warning MSB3277:             C:\Program Files\dotnet\packs\Microsoft.NETCore.App.Ref\8.0.25\ref/net8.0/System.dll [C:\Users\ultra\warewolf\Dev\Warewolf.Studio.Views\Warewolf.Studio.Views.csproj]
C:\Program Files\dotnet\sdk\10.0.201\Microsoft.Common.CurrentVersion.targets(2451,5): warning MSB3277:             C:\Users\ultra\.nuget\packages\aerowizard\2.3.1\lib\net45\AeroWizard.dll [C:\Users\ultra\warewolf\Dev\Warewolf.Studio.Views\Warewolf.Studio.Views.csproj]
C:\Program Files\dotnet\sdk\10.0.201\Microsoft.Common.CurrentVersion.targets(2451,5): warning MSB3277:             C:\Users\ultra\.nuget\packages\groupcontrols\1.9.0\lib\net45\GroupControls.dll [C:\Users\ultra\warewolf\Dev\Warewolf.Studio.Views\Warewolf.Studio.Views.csproj]
C:\Program Files\dotnet\sdk\10.0.201\Microsoft.Common.CurrentVersion.targets(2451,5): warning MSB3277:             C:\Users\ultra\.nuget\packages\microsoft.xaml.behaviors.wpf\1.1.122\lib\net462\Microsoft.Xaml.Behaviors.dll [C:\Users\ultra\warewolf\Dev\Warewolf.Studio.Views\Warewolf.Studio.Views.csproj]
C:\Program Files\dotnet\sdk\10.0.201\Microsoft.Common.CurrentVersion.targets(2451,5): warning MSB3277:             C:\Users\ultra\.nuget\packages\caliburn.micro\4.0.212\lib\netcoreapp3.1\Caliburn.Micro.Platform.dll [C:\Users\ultra\warewolf\Dev\Warewolf.Studio.Views\Warewolf.Studio.Views.csproj]
C:\Program Files\dotnet\sdk\10.0.201\Microsoft.Common.CurrentVersion.targets(2451,5): warning MSB3277:             C:\Users\ultra\.nuget\packages\prism.wpf\9.0.537\lib\net462\Prism.Wpf.dll [C:\Users\ultra\warewolf\Dev\Warewolf.Studio.Views\Warewolf.Studio.Views.csproj]
C:\Program Files\dotnet\sdk\10.0.201\Microsoft.Common.CurrentVersion.targets(2451,5): warning MSB3277:             C:\Users\ultra\.nuget\packages\reactiveui.wpf\18.4.1\lib\net462\ReactiveUI.Wpf.dll [C:\Users\ultra\warewolf\Dev\Warewolf.Studio.Views\Warewolf.Studio.Views.csproj]
C:\Program Files\dotnet\sdk\10.0.201\Microsoft.Common.CurrentVersion.targets(2451,5): warning MSB3277:             C:\Users\ultra\.nuget\packages\taskschedulereditor\2.10.1\lib\net452\Microsoft.Win32.TaskSchedulerEditor.dll [C:\Users\ultra\warewolf\Dev\Warewolf.Studio.Views\Warewolf.Studio.Views.csproj]
C:\Program Files\dotnet\sdk\10.0.201\Microsoft.Common.CurrentVersion.targets(2451,5): warning MSB3277:             C:\Users\ultra\.nuget\packages\ttcue.netcore.sharepointonline.csom.16.1.8029.1200\16.1.8029.1200\lib\netcoreapp2.0\Microsoft.SharePoint.Client.Runtime.Windows.dll [C:\Users\ultra\warewolf\Dev\Warewolf.Studio.Views\Warewolf.Studio.Views.csproj]
C:\Program Files\dotnet\sdk\10.0.201\Microsoft.Common.CurrentVersion.targets(2451,5): warning MSB3277: Found conflicts between different versions of "System.Security.Permissions" that could not be resolved. [C:\Users\ultra\warewolf\Dev\Warewolf.Studio.Views\Warewolf.Studio.Views.csproj]
C:\Program Files\dotnet\sdk\10.0.201\Microsoft.Common.CurrentVersion.targets(2451,5): warning MSB3277: There was a conflict between "System.Security.Permissions, Version=6.0.0.0, Culture=neutral, PublicKeyToken=cc7b13ffcd2ddd51" and "System.Security.Permissions, Version=7.0.0.0, Culture=neutral, PublicKeyToken=cc7b13ffcd2ddd51". [C:\Users\ultra\warewolf\Dev\Warewolf.Studio.Views\Warewolf.Studio.Views.csproj]
C:\Program Files\dotnet\sdk\10.0.201\Microsoft.Common.CurrentVersion.targets(2451,5): warning MSB3277:     "System.Security.Permissions, Version=6.0.0.0, Culture=neutral, PublicKeyToken=cc7b13ffcd2ddd51" was chosen because it was primary and "System.Security.Permissions, Version=7.0.0.0, Culture=neutral, PublicKeyToken=cc7b13ffcd2ddd51" was not. [C:\Users\ultra\warewolf\Dev\Warewolf.Studio.Views\Warewolf.Studio.Views.csproj]
C:\Program Files\dotnet\sdk\10.0.201\Microsoft.Common.CurrentVersion.targets(2451,5): warning MSB3277:     References which depend on "System.Security.Permissions, Version=6.0.0.0, Culture=neutral, PublicKeyToken=cc7b13ffcd2ddd51" [C:\Users\ultra\.nuget\packages\system.security.permissions\6.0.0\lib\net6.0\System.Security.Permissions.dll]. [C:\Users\ultra\warewolf\Dev\Warewolf.Studio.Views\Warewolf.Studio.Views.csproj]
C:\Program Files\dotnet\sdk\10.0.201\Microsoft.Common.CurrentVersion.targets(2451,5): warning MSB3277:         C:\Users\ultra\.nuget\packages\system.security.permissions\6.0.0\lib\net6.0\System.Security.Permissions.dll [C:\Users\ultra\warewolf\Dev\Warewolf.Studio.Views\Warewolf.Studio.Views.csproj]
C:\Program Files\dotnet\sdk\10.0.201\Microsoft.Common.CurrentVersion.targets(2451,5): warning MSB3277:           Project file item includes which caused reference "C:\Users\ultra\.nuget\packages\system.security.permissions\6.0.0\lib\net6.0\System.Security.Permissions.dll". [C:\Users\ultra\warewolf\Dev\Warewolf.Studio.Views\Warewolf.Studio.Views.csproj]
C:\Program Files\dotnet\sdk\10.0.201\Microsoft.Common.CurrentVersion.targets(2451,5): warning MSB3277:             C:\Users\ultra\.nuget\packages\system.security.permissions\6.0.0\lib\net6.0\System.Security.Permissions.dll [C:\Users\ultra\warewolf\Dev\Warewolf.Studio.Views\Warewolf.Studio.Views.csproj]
C:\Program Files\dotnet\sdk\10.0.201\Microsoft.Common.CurrentVersion.targets(2451,5): warning MSB3277:     References which depend on or have been unified to "System.Security.Permissions, Version=7.0.0.0, Culture=neutral, PublicKeyToken=cc7b13ffcd2ddd51" []. [C:\Users\ultra\warewolf\Dev\Warewolf.Studio.Views\Warewolf.Studio.Views.csproj]
C:\Program Files\dotnet\sdk\10.0.201\Microsoft.Common.CurrentVersion.targets(2451,5): warning MSB3277:         C:\Users\ultra\warewolf\Dev\Warewolf.Studio.CustomControls\bin\Debug\net8.0\Warewolf.Studio.CustomControls.dll [C:\Users\ultra\warewolf\Dev\Warewolf.Studio.Views\Warewolf.Studio.Views.csproj]
C:\Program Files\dotnet\sdk\10.0.201\Microsoft.Common.CurrentVersion.targets(2451,5): warning MSB3277:           Project file item includes which caused reference "C:\Users\ultra\warewolf\Dev\Warewolf.Studio.CustomControls\bin\Debug\net8.0\Warewolf.Studio.CustomControls.dll". [C:\Users\ultra\warewolf\Dev\Warewolf.Studio.Views\Warewolf.Studio.Views.csproj]
C:\Program Files\dotnet\sdk\10.0.201\Microsoft.Common.CurrentVersion.targets(2451,5): warning MSB3277:             C:\Users\ultra\warewolf\Dev\Warewolf.Studio.CustomControls\bin\Debug\net8.0\Warewolf.Studio.CustomControls.dll [C:\Users\ultra\warewolf\Dev\Warewolf.Studio.Views\Warewolf.Studio.Views.csproj]
C:\Program Files\dotnet\sdk\10.0.201\Microsoft.Common.CurrentVersion.targets(2451,5): warning MSB3277:         C:\Users\ultra\warewolf\Dev\Dev2.Data\bin\Debug\net8.0\Dev2.Data.dll [C:\Users\ultra\warewolf\Dev\Warewolf.Studio.Views\Warewolf.Studio.Views.csproj]
C:\Program Files\dotnet\sdk\10.0.201\Microsoft.Common.CurrentVersion.targets(2451,5): warning MSB3277:           Project file item includes which caused reference "C:\Users\ultra\warewolf\Dev\Dev2.Data\bin\Debug\net8.0\Dev2.Data.dll". [C:\Users\ultra\warewolf\Dev\Warewolf.Studio.Views\Warewolf.Studio.Views.csproj]
C:\Program Files\dotnet\sdk\10.0.201\Microsoft.Common.CurrentVersion.targets(2451,5): warning MSB3277:             C:\Users\ultra\warewolf\Dev\Dev2.Data\bin\Debug\net8.0\Dev2.Data.dll [C:\Users\ultra\warewolf\Dev\Warewolf.Studio.Views\Warewolf.Studio.Views.csproj]
C:\Program Files\dotnet\sdk\10.0.201\Microsoft.Common.CurrentVersion.targets(2451,5): warning MSB3277:             C:\Users\ultra\warewolf\Dev\Dev2.Activities\bin\Debug\net8.0\Dev2.Activities.dll [C:\Users\ultra\warewolf\Dev\Warewolf.Studio.Views\Warewolf.Studio.Views.csproj]
C:\Program Files\dotnet\sdk\10.0.201\Microsoft.Common.CurrentVersion.targets(2451,5): warning MSB3277:             C:\Users\ultra\warewolf\Dev\Dev2.Core\bin\Debug\net8.0\Dev2.Core.dll [C:\Users\ultra\warewolf\Dev\Warewolf.Studio.Views\Warewolf.Studio.Views.csproj]
C:\Program Files\dotnet\sdk\10.0.201\Microsoft.Common.CurrentVersion.targets(2451,5): warning MSB3277:             C:\Users\ultra\warewolf\Dev\Dev2.Intellisense\bin\Debug\net8.0\Dev2.Intellisense.dll [C:\Users\ultra\warewolf\Dev\Warewolf.Studio.Views\Warewolf.Studio.Views.csproj]
C:\Program Files\dotnet\sdk\10.0.201\Microsoft.Common.CurrentVersion.targets(2451,5): warning MSB3277:             C:\Users\ultra\warewolf\Dev\Dev2.Studio.Core\bin\Debug\net8.0\Dev2.Studio.Core.dll [C:\Users\ultra\warewolf\Dev\Warewolf.Studio.Views\Warewolf.Studio.Views.csproj]
C:\Program Files\dotnet\sdk\10.0.201\Microsoft.Common.CurrentVersion.targets(2451,5): warning MSB3277:             C:\Users\ultra\warewolf\Dev\Dev2.Studio.Interfaces\bin\Debug\net8.0\Dev2.Studio.Interfaces.dll [C:\Users\ultra\warewolf\Dev\Warewolf.Studio.Views\Warewolf.Studio.Views.csproj]
C:\Program Files\dotnet\sdk\10.0.201\Microsoft.Common.CurrentVersion.targets(2451,5): warning MSB3277:             C:\Users\ultra\warewolf\Dev\Warewolf.Studio.Core\bin\Debug\net8.0\Warewolf.Studio.Core.dll [C:\Users\ultra\warewolf\Dev\Warewolf.Studio.Views\Warewolf.Studio.Views.csproj]
C:\Program Files\dotnet\sdk\10.0.201\Microsoft.Common.CurrentVersion.targets(2451,5): warning MSB3277:             C:\Users\ultra\warewolf\Dev\Warewolf.Studio.CustomControls\bin\Debug\net8.0\Warewolf.Studio.CustomControls.dll [C:\Users\ultra\warewolf\Dev\Warewolf.Studio.Views\Warewolf.Studio.Views.csproj]
C:\Program Files\dotnet\sdk\10.0.201\Microsoft.Common.CurrentVersion.targets(2451,5): warning MSB3277:             C:\Users\ultra\warewolf\Dev\Warewolf.Studio.ViewModels\bin\Debug\net8.0\Warewolf.Studio.ViewModels.dll [C:\Users\ultra\warewolf\Dev\Warewolf.Studio.Views\Warewolf.Studio.Views.csproj]
C:\Program Files\dotnet\sdk\10.0.201\Microsoft.Common.CurrentVersion.targets(2451,5): warning MSB3277:             C:\Users\ultra\warewolf\Dev\Dev2.Runtime.Services\bin\Debug\net8.0\Dev2.Runtime.Services.dll [C:\Users\ultra\warewolf\Dev\Warewolf.Studio.Views\Warewolf.Studio.Views.csproj]
C:\Program Files\dotnet\sdk\10.0.201\Microsoft.Common.CurrentVersion.targets(2451,5): warning MSB3277:             C:\Users\ultra\warewolf\Dev\Dev2.Scheduler\bin\Debug\net8.0\Dev2.Scheduler.dll [C:\Users\ultra\warewolf\Dev\Warewolf.Studio.Views\Warewolf.Studio.Views.csproj]
C:\Program Files\dotnet\sdk\10.0.201\Microsoft.Common.CurrentVersion.targets(2451,5): warning MSB3277:             C:\Users\ultra\warewolf\Dev\Dev2.Services.Execution\bin\Debug\net8.0\Dev2.Services.Execution.dll [C:\Users\ultra\warewolf\Dev\Warewolf.Studio.Views\Warewolf.Studio.Views.csproj]
C:\Program Files\dotnet\sdk\10.0.201\Microsoft.Common.CurrentVersion.targets(2451,5): warning MSB3277:             C:\Users\ultra\warewolf\Dev\Warewolf.Auditing\bin\Debug\net8.0\Warewolf.Auditing.dll [C:\Users\ultra\warewolf\Dev\Warewolf.Studio.Views\Warewolf.Studio.Views.csproj]
C:\Program Files\dotnet\sdk\10.0.201\Microsoft.Common.CurrentVersion.targets(2451,5): warning MSB3277:             C:\Users\ultra\warewolf\Dev\Warewolf.Common.NetStandard20\bin\Debug\net8.0\Warewolf.Common.NetStandard20.dll [C:\Users\ultra\warewolf\Dev\Warewolf.Studio.Views\Warewolf.Studio.Views.csproj]
C:\Program Files\dotnet\sdk\10.0.201\Microsoft.Common.CurrentVersion.targets(2451,5): warning MSB3277:             C:\Users\ultra\warewolf\Dev\Warewolf.Core\bin\Debug\net8.0\Warewolf.Core.dll [C:\Users\ultra\warewolf\Dev\Warewolf.Studio.Views\Warewolf.Studio.Views.csproj]
C:\Program Files\dotnet\sdk\10.0.201\Microsoft.Common.CurrentVersion.targets(2451,5): warning MSB3277:             C:\Users\ultra\warewolf\Dev\Warewolf.Driver.Persistence\bin\Debug\net8.0\Warewolf.Driver.Persistence.dll [C:\Users\ultra\warewolf\Dev\Warewolf.Studio.Views\Warewolf.Studio.Views.csproj]
C:\Program Files\dotnet\sdk\10.0.201\Microsoft.Common.CurrentVersion.targets(2451,5): warning MSB3277:             C:\Users\ultra\warewolf\Dev\Warewolf.Exchange.Email.Wrapper\bin\Debug\net8.0\Warewolf.Exchange.Email.Wrapper.dll [C:\Users\ultra\warewolf\Dev\Warewolf.Studio.Views\Warewolf.Studio.Views.csproj]
C:\Program Files\dotnet\sdk\10.0.201\Microsoft.Common.CurrentVersion.targets(2451,5): warning MSB3277:             C:\Users\ultra\warewolf\Dev\Warewolf.ResourceManagement\bin\Debug\net8.0\Warewolf.ResourceManagement.dll [C:\Users\ultra\warewolf\Dev\Warewolf.Studio.Views\Warewolf.Studio.Views.csproj]
C:\Program Files\dotnet\sdk\10.0.201\Microsoft.Common.CurrentVersion.targets(2451,5): warning MSB3277:             C:\Users\ultra\warewolf\Dev\Warewolf.Studio.Models\bin\Debug\net8.0\Warewolf.Studio.Models.dll [C:\Users\ultra\warewolf\Dev\Warewolf.Studio.Views\Warewolf.Studio.Views.csproj]
C:\Program Files\dotnet\sdk\10.0.201\Microsoft.Common.CurrentVersion.targets(2451,5): warning MSB3277:             C:\Users\ultra\warewolf\Dev\Warewolf.UI\bin\Debug\net8.0\Warewolf.UI.dll [C:\Users\ultra\warewolf\Dev\Warewolf.Studio.Views\Warewolf.Studio.Views.csproj]
C:\Program Files\dotnet\sdk\10.0.201\Microsoft.Common.CurrentVersion.targets(2451,5): warning MSB3277:         C:\Users\ultra\warewolf\Dev\Binaries\Infragistcs_Net6\InfragisticsWPF4.DockManager.v15.1.dll [C:\Users\ultra\warewolf\Dev\Warewolf.Studio.Views\Warewolf.Studio.Views.csproj]
C:\Program Files\dotnet\sdk\10.0.201\Microsoft.Common.CurrentVersion.targets(2451,5): warning MSB3277:           Project file item includes which caused reference "C:\Users\ultra\warewolf\Dev\Binaries\Infragistcs_Net6\InfragisticsWPF4.DockManager.v15.1.dll". [C:\Users\ultra\warewolf\Dev\Warewolf.Studio.Views\Warewolf.Studio.Views.csproj]
C:\Program Files\dotnet\sdk\10.0.201\Microsoft.Common.CurrentVersion.targets(2451,5): warning MSB3277:             InfragisticsWPF4.DockManager.v15.1 [C:\Users\ultra\warewolf\Dev\Warewolf.Studio.Views\Warewolf.Studio.Views.csproj]
C:\Program Files\dotnet\sdk\10.0.201\Microsoft.Common.CurrentVersion.targets(2451,5): warning MSB3277:         C:\Users\ultra\warewolf\Dev\Binaries\Infragistcs_Net6\InfragisticsWPF4.v15.1.dll [C:\Users\ultra\warewolf\Dev\Warewolf.Studio.Views\Warewolf.Studio.Views.csproj]
C:\Program Files\dotnet\sdk\10.0.201\Microsoft.Common.CurrentVersion.targets(2451,5): warning MSB3277:           Project file item includes which caused reference "C:\Users\ultra\warewolf\Dev\Binaries\Infragistcs_Net6\InfragisticsWPF4.v15.1.dll". [C:\Users\ultra\warewolf\Dev\Warewolf.Studio.Views\Warewolf.Studio.Views.csproj]
C:\Program Files\dotnet\sdk\10.0.201\Microsoft.Common.CurrentVersion.targets(2451,5): warning MSB3277:             InfragisticsWPF4.v15.1 [C:\Users\ultra\warewolf\Dev\Warewolf.Studio.Views\Warewolf.Studio.Views.csproj]
C:\Program Files\dotnet\sdk\10.0.201\Microsoft.Common.CurrentVersion.targets(2451,5): warning MSB3277:             InfragisticsWPF4.Controls.Editors.XamComboEditor.v15.1 [C:\Users\ultra\warewolf\Dev\Warewolf.Studio.Views\Warewolf.Studio.Views.csproj]
C:\Program Files\dotnet\sdk\10.0.201\Microsoft.Common.CurrentVersion.targets(2451,5): warning MSB3277:             InfragisticsWPF4.Controls.Editors.XamRichTextEditor.v15.1 [C:\Users\ultra\warewolf\Dev\Warewolf.Studio.Views\Warewolf.Studio.Views.csproj]
C:\Program Files\dotnet\sdk\10.0.201\Microsoft.Common.CurrentVersion.targets(2451,5): warning MSB3277:             InfragisticsWPF4.Controls.Grids.XamGrid.v15.1 [C:\Users\ultra\warewolf\Dev\Warewolf.Studio.Views\Warewolf.Studio.Views.csproj]
C:\Program Files\dotnet\sdk\10.0.201\Microsoft.Common.CurrentVersion.targets(2451,5): warning MSB3277:             InfragisticsWPF4.Controls.Interactions.XamDialogWindow.v15.1 [C:\Users\ultra\warewolf\Dev\Warewolf.Studio.Views\Warewolf.Studio.Views.csproj]
C:\Program Files\dotnet\sdk\10.0.201\Microsoft.Common.CurrentVersion.targets(2451,5): warning MSB3277:             InfragisticsWPF4.Controls.Menus.XamDataTree.v15.1 [C:\Users\ultra\warewolf\Dev\Warewolf.Studio.Views\Warewolf.Studio.Views.csproj]
C:\Program Files\dotnet\sdk\10.0.201\Microsoft.Common.CurrentVersion.targets(2451,5): warning MSB3277:             InfragisticsWPF4.Controls.Menus.XamMenu.v15.1 [C:\Users\ultra\warewolf\Dev\Warewolf.Studio.Views\Warewolf.Studio.Views.csproj]
C:\Program Files\dotnet\sdk\10.0.201\Microsoft.Common.CurrentVersion.targets(2451,5): warning MSB3277:             InfragisticsWPF4.DataManager.v15.1 [C:\Users\ultra\warewolf\Dev\Warewolf.Studio.Views\Warewolf.Studio.Views.csproj]
C:\Program Files\dotnet\sdk\10.0.201\Microsoft.Common.CurrentVersion.targets(2451,5): warning MSB3277:             InfragisticsWPF4.DockManager.v15.1 [C:\Users\ultra\warewolf\Dev\Warewolf.Studio.Views\Warewolf.Studio.Views.csproj]
C:\Program Files\dotnet\sdk\10.0.201\Microsoft.Common.CurrentVersion.targets(2451,5): warning MSB3277:             InfragisticsWPF4.Documents.RichTextDocument.Html.v15.1 [C:\Users\ultra\warewolf\Dev\Warewolf.Studio.Views\Warewolf.Studio.Views.csproj]
C:\Program Files\dotnet\sdk\10.0.201\Microsoft.Common.CurrentVersion.targets(2451,5): warning MSB3277:             InfragisticsWPF4.Documents.RichTextDocument.v15.1 [C:\Users\ultra\warewolf\Dev\Warewolf.Studio.Views\Warewolf.Studio.Views.csproj]
C:\Program Files\dotnet\sdk\10.0.201\Microsoft.Common.CurrentVersion.targets(2451,5): warning MSB3277:             InfragisticsWPF4.Editors.v15.1 [C:\Users\ultra\warewolf\Dev\Warewolf.Studio.Views\Warewolf.Studio.Views.csproj]
C:\Program Files\dotnet\sdk\10.0.201\Microsoft.Common.CurrentVersion.targets(2451,5): warning MSB3277:         C:\Users\ultra\.nuget\packages\dotnetzip\1.16.0\lib\netstandard2.0\DotNetZip.dll [C:\Users\ultra\warewolf\Dev\Warewolf.Studio.Views\Warewolf.Studio.Views.csproj]
C:\Program Files\dotnet\sdk\10.0.201\Microsoft.Common.CurrentVersion.targets(2451,5): warning MSB3277:           Project file item includes which caused reference "C:\Users\ultra\.nuget\packages\dotnetzip\1.16.0\lib\netstandard2.0\DotNetZip.dll". [C:\Users\ultra\warewolf\Dev\Warewolf.Studio.Views\Warewolf.Studio.Views.csproj]
C:\Program Files\dotnet\sdk\10.0.201\Microsoft.Common.CurrentVersion.targets(2451,5): warning MSB3277:             C:\Users\ultra\.nuget\packages\dotnetzip\1.16.0\lib\netstandard2.0\DotNetZip.dll [C:\Users\ultra\warewolf\Dev\Warewolf.Studio.Views\Warewolf.Studio.Views.csproj]
C:\Program Files\dotnet\sdk\10.0.201\Microsoft.Common.CurrentVersion.targets(2451,5): warning MSB3277:             C:\Users\ultra\warewolf\Dev\Dev2.Common\bin\Debug\net8.0\Dev2.Common.dll [C:\Users\ultra\warewolf\Dev\Warewolf.Studio.Views\Warewolf.Studio.Views.csproj]
C:\Program Files\dotnet\sdk\10.0.201\Microsoft.Common.CurrentVersion.targets(2451,5): warning MSB3277:             C:\Users\ultra\warewolf\Dev\Dev2.Activities\bin\Debug\net8.0\Dev2.Activities.dll [C:\Users\ultra\warewolf\Dev\Warewolf.Studio.Views\Warewolf.Studio.Views.csproj]
C:\Program Files\dotnet\sdk\10.0.201\Microsoft.Common.CurrentVersion.targets(2451,5): warning MSB3277:             C:\Users\ultra\warewolf\Dev\Dev2.Core\bin\Debug\net8.0\Dev2.Core.dll [C:\Users\ultra\warewolf\Dev\Warewolf.Studio.Views\Warewolf.Studio.Views.csproj]
C:\Program Files\dotnet\sdk\10.0.201\Microsoft.Common.CurrentVersion.targets(2451,5): warning MSB3277:             C:\Users\ultra\warewolf\Dev\Dev2.Diagnostics\bin\Debug\net8.0\Dev2.Diagnostics.dll [C:\Users\ultra\warewolf\Dev\Warewolf.Studio.Views\Warewolf.Studio.Views.csproj]
C:\Program Files\dotnet\sdk\10.0.201\Microsoft.Common.CurrentVersion.targets(2451,5): warning MSB3277:             C:\Users\ultra\warewolf\Dev\Dev2.Infrastructure\bin\Debug\net8.0\Dev2.Infrastructure.dll [C:\Users\ultra\warewolf\Dev\Warewolf.Studio.Views\Warewolf.Studio.Views.csproj]
C:\Program Files\dotnet\sdk\10.0.201\Microsoft.Common.CurrentVersion.targets(2451,5): warning MSB3277:             C:\Users\ultra\warewolf\Dev\Dev2.Intellisense\bin\Debug\net8.0\Dev2.Intellisense.dll [C:\Users\ultra\warewolf\Dev\Warewolf.Studio.Views\Warewolf.Studio.Views.csproj]
C:\Program Files\dotnet\sdk\10.0.201\Microsoft.Common.CurrentVersion.targets(2451,5): warning MSB3277:             C:\Users\ultra\warewolf\Dev\Dev2.Studio.Core\bin\Debug\net8.0\Dev2.Studio.Core.dll [C:\Users\ultra\warewolf\Dev\Warewolf.Studio.Views\Warewolf.Studio.Views.csproj]
C:\Program Files\dotnet\sdk\10.0.201\Microsoft.Common.CurrentVersion.targets(2451,5): warning MSB3277:             C:\Users\ultra\warewolf\Dev\Dev2.Studio.Interfaces\bin\Debug\net8.0\Dev2.Studio.Interfaces.dll [C:\Users\ultra\warewolf\Dev\Warewolf.Studio.Views\Warewolf.Studio.Views.csproj]
C:\Program Files\dotnet\sdk\10.0.201\Microsoft.Common.CurrentVersion.targets(2451,5): warning MSB3277:             C:\Users\ultra\warewolf\Dev\Warewolf.Studio.Core\bin\Debug\net8.0\Warewolf.Studio.Core.dll [C:\Users\ultra\warewolf\Dev\Warewolf.Studio.Views\Warewolf.Studio.Views.csproj]
C:\Program Files\dotnet\sdk\10.0.201\Microsoft.Common.CurrentVersion.targets(2451,5): warning MSB3277:             C:\Users\ultra\warewolf\Dev\Warewolf.Studio.CustomControls\bin\Debug\net8.0\Warewolf.Studio.CustomControls.dll [C:\Users\ultra\warewolf\Dev\Warewolf.Studio.Views\Warewolf.Studio.Views.csproj]
C:\Program Files\dotnet\sdk\10.0.201\Microsoft.Common.CurrentVersion.targets(2451,5): warning MSB3277:             C:\Users\ultra\warewolf\Dev\Warewolf.Studio.ViewModels\bin\Debug\net8.0\Warewolf.Studio.ViewModels.dll [C:\Users\ultra\warewolf\Dev\Warewolf.Studio.Views\Warewolf.Studio.Views.csproj]
C:\Program Files\dotnet\sdk\10.0.201\Microsoft.Common.CurrentVersion.targets(2451,5): warning MSB3277:             C:\Users\ultra\warewolf\Dev\Dev2.Data\bin\Debug\net8.0\Dev2.Data.dll [C:\Users\ultra\warewolf\Dev\Warewolf.Studio.Views\Warewolf.Studio.Views.csproj]
C:\Program Files\dotnet\sdk\10.0.201\Microsoft.Common.CurrentVersion.targets(2451,5): warning MSB3277:             C:\Users\ultra\warewolf\Dev\Dev2.Data.Interfaces\bin\Debug\net8.0\Dev2.Data.Interfaces.dll [C:\Users\ultra\warewolf\Dev\Warewolf.Studio.Views\Warewolf.Studio.Views.csproj]
C:\Program Files\dotnet\sdk\10.0.201\Microsoft.Common.CurrentVersion.targets(2451,5): warning MSB3277:             C:\Users\ultra\warewolf\Dev\Dev2.Development.Languages\bin\Debug\net8.0\Dev2.Development.Languages.dll [C:\Users\ultra\warewolf\Dev\Warewolf.Studio.Views\Warewolf.Studio.Views.csproj]
C:\Program Files\dotnet\sdk\10.0.201\Microsoft.Common.CurrentVersion.targets(2451,5): warning MSB3277:             C:\Users\ultra\warewolf\Dev\Dev2.Runtime.Services\bin\Debug\net8.0\Dev2.Runtime.Services.dll [C:\Users\ultra\warewolf\Dev\Warewolf.Studio.Views\Warewolf.Studio.Views.csproj]
C:\Program Files\dotnet\sdk\10.0.201\Microsoft.Common.CurrentVersion.targets(2451,5): warning MSB3277:             C:\Users\ultra\warewolf\Dev\Dev2.Scheduler\bin\Debug\net8.0\Dev2.Scheduler.dll [C:\Users\ultra\warewolf\Dev\Warewolf.Studio.Views\Warewolf.Studio.Views.csproj]
C:\Program Files\dotnet\sdk\10.0.201\Microsoft.Common.CurrentVersion.targets(2451,5): warning MSB3277:             C:\Users\ultra\warewolf\Dev\Dev2.Services.Execution\bin\Debug\net8.0\Dev2.Services.Execution.dll [C:\Users\ultra\warewolf\Dev\Warewolf.Studio.Views\Warewolf.Studio.Views.csproj]
C:\Program Files\dotnet\sdk\10.0.201\Microsoft.Common.CurrentVersion.targets(2451,5): warning MSB3277:             C:\Users\ultra\warewolf\Dev\Dev2.Services.Sql\bin\Debug\net8.0\Dev2.Services.Sql.dll [C:\Users\ultra\warewolf\Dev\Warewolf.Studio.Views\Warewolf.Studio.Views.csproj]
C:\Program Files\dotnet\sdk\10.0.201\Microsoft.Common.CurrentVersion.targets(2451,5): warning MSB3277:             C:\Users\ultra\warewolf\Dev\Dev2.TaskScheduler.Wrappers\bin\Debug\net8.0\Dev2.TaskScheduler.Wrappers.dll [C:\Users\ultra\warewolf\Dev\Warewolf.Studio.Views\Warewolf.Studio.Views.csproj]
C:\Program Files\dotnet\sdk\10.0.201\Microsoft.Common.CurrentVersion.targets(2451,5): warning MSB3277:             C:\Users\ultra\warewolf\Dev\Dev2.Util\bin\Debug\net8.0\Dev2.Util.dll [C:\Users\ultra\warewolf\Dev\Warewolf.Studio.Views\Warewolf.Studio.Views.csproj]
C:\Program Files\dotnet\sdk\10.0.201\Microsoft.Common.CurrentVersion.targets(2451,5): warning MSB3277:             C:\Users\ultra\warewolf\Dev\Warewolf.AI.Harness\bin\Debug\net8.0\Warewolf.AI.Harness.dll [C:\Users\ultra\warewolf\Dev\Warewolf.Studio.Views\Warewolf.Studio.Views.csproj]
C:\Program Files\dotnet\sdk\10.0.201\Microsoft.Common.CurrentVersion.targets(2451,5): warning MSB3277:             C:\Users\ultra\warewolf\Dev\Warewolf.Auditing\bin\Debug\net8.0\Warewolf.Auditing.dll [C:\Users\ultra\warewolf\Dev\Warewolf.Studio.Views\Warewolf.Studio.Views.csproj]
C:\Program Files\dotnet\sdk\10.0.201\Microsoft.Common.CurrentVersion.targets(2451,5): warning MSB3277:             C:\Users\ultra\warewolf\Dev\Warewolf.Common.NetStandard20\bin\Debug\net8.0\Warewolf.Common.NetStandard20.dll [C:\Users\ultra\warewolf\Dev\Warewolf.Studio.Views\Warewolf.Studio.Views.csproj]
C:\Program Files\dotnet\sdk\10.0.201\Microsoft.Common.CurrentVersion.targets(2451,5): warning MSB3277:             C:\Users\ultra\warewolf\Dev\Warewolf.Core\bin\Debug\net8.0\Warewolf.Core.dll [C:\Users\ultra\warewolf\Dev\Warewolf.Studio.Views\Warewolf.Studio.Views.csproj]
C:\Program Files\dotnet\sdk\10.0.201\Microsoft.Common.CurrentVersion.targets(2451,5): warning MSB3277:             C:\Users\ultra\warewolf\Dev\Warewolf.Driver.Persistence\bin\Debug\net8.0\Warewolf.Driver.Persistence.dll [C:\Users\ultra\warewolf\Dev\Warewolf.Studio.Views\Warewolf.Studio.Views.csproj]
C:\Program Files\dotnet\sdk\10.0.201\Microsoft.Common.CurrentVersion.targets(2451,5): warning MSB3277:             C:\Users\ultra\warewolf\Dev\Warewolf.Driver.Serilog\bin\Debug\net8.0\Warewolf.Driver.Serilog.dll [C:\Users\ultra\warewolf\Dev\Warewolf.Studio.Views\Warewolf.Studio.Views.csproj]
C:\Program Files\dotnet\sdk\10.0.201\Microsoft.Common.CurrentVersion.targets(2451,5): warning MSB3277:             C:\Users\ultra\warewolf\Dev\Warewolf.Exchange.Email.Wrapper\bin\Debug\net8.0\Warewolf.Exchange.Email.Wrapper.dll [C:\Users\ultra\warewolf\Dev\Warewolf.Studio.Views\Warewolf.Studio.Views.csproj]
C:\Program Files\dotnet\sdk\10.0.201\Microsoft.Common.CurrentVersion.targets(2451,5): warning MSB3277:             C:\Users\ultra\warewolf\Dev\Warewolf.ResourceManagement\bin\Debug\net8.0\Warewolf.ResourceManagement.dll [C:\Users\ultra\warewolf\Dev\Warewolf.Studio.Views\Warewolf.Studio.Views.csproj]
C:\Program Files\dotnet\sdk\10.0.201\Microsoft.Common.CurrentVersion.targets(2451,5): warning MSB3277:             C:\Users\ultra\warewolf\Dev\Warewolf.Sharepoint\bin\Debug\net8.0\Warewolf.Sharepoint.dll [C:\Users\ultra\warewolf\Dev\Warewolf.Studio.Views\Warewolf.Studio.Views.csproj]
C:\Program Files\dotnet\sdk\10.0.201\Microsoft.Common.CurrentVersion.targets(2451,5): warning MSB3277:             C:\Users\ultra\warewolf\Dev\Warewolf.Storage\bin\Debug\net8.0\Warewolf.Storage.dll [C:\Users\ultra\warewolf\Dev\Warewolf.Studio.Views\Warewolf.Studio.Views.csproj]
C:\Program Files\dotnet\sdk\10.0.201\Microsoft.Common.CurrentVersion.targets(2451,5): warning MSB3277:             C:\Users\ultra\warewolf\Dev\Warewolf.Studio.Models\bin\Debug\net8.0\Warewolf.Studio.Models.dll [C:\Users\ultra\warewolf\Dev\Warewolf.Studio.Views\Warewolf.Studio.Views.csproj]
C:\Program Files\dotnet\sdk\10.0.201\Microsoft.Common.CurrentVersion.targets(2451,5): warning MSB3277:             C:\Users\ultra\warewolf\Dev\Warewolf.UI\bin\Debug\net8.0\Warewolf.UI.dll [C:\Users\ultra\warewolf\Dev\Warewolf.Studio.Views\Warewolf.Studio.Views.csproj]
C:\Program Files\dotnet\sdk\10.0.201\Microsoft.Common.CurrentVersion.targets(2451,5): warning MSB3277:         C:\Users\ultra\.nuget\packages\mindbox.data.linq\5.0.0\lib\netstandard2.0\Mindbox.Data.Linq.dll [C:\Users\ultra\warewolf\Dev\Warewolf.Studio.Views\Warewolf.Studio.Views.csproj]
C:\Program Files\dotnet\sdk\10.0.201\Microsoft.Common.CurrentVersion.targets(2451,5): warning MSB3277:           Project file item includes which caused reference "C:\Users\ultra\.nuget\packages\mindbox.data.linq\5.0.0\lib\netstandard2.0\Mindbox.Data.Linq.dll". [C:\Users\ultra\warewolf\Dev\Warewolf.Studio.Views\Warewolf.Studio.Views.csproj]
C:\Program Files\dotnet\sdk\10.0.201\Microsoft.Common.CurrentVersion.targets(2451,5): warning MSB3277:             C:\Users\ultra\.nuget\packages\mindbox.data.linq\5.0.0\lib\netstandard2.0\Mindbox.Data.Linq.dll [C:\Users\ultra\warewolf\Dev\Warewolf.Studio.Views\Warewolf.Studio.Views.csproj]
C:\Program Files\dotnet\sdk\10.0.201\Microsoft.Common.CurrentVersion.targets(2451,5): warning MSB3277:             C:\Users\ultra\warewolf\Dev\Warewolf.Auditing\bin\Debug\net8.0\Warewolf.Auditing.dll [C:\Users\ultra\warewolf\Dev\Warewolf.Studio.Views\Warewolf.Studio.Views.csproj]
C:\Program Files\dotnet\sdk\10.0.201\Microsoft.Common.CurrentVersion.targets(2451,5): warning MSB3277:             C:\Users\ultra\warewolf\Dev\Dev2.Activities\bin\Debug\net8.0\Dev2.Activities.dll [C:\Users\ultra\warewolf\Dev\Warewolf.Studio.Views\Warewolf.Studio.Views.csproj]
C:\Program Files\dotnet\sdk\10.0.201\Microsoft.Common.CurrentVersion.targets(2451,5): warning MSB3277:             C:\Users\ultra\warewolf\Dev\Dev2.Studio.Core\bin\Debug\net8.0\Dev2.Studio.Core.dll [C:\Users\ultra\warewolf\Dev\Warewolf.Studio.Views\Warewolf.Studio.Views.csproj]
C:\Program Files\dotnet\sdk\10.0.201\Microsoft.Common.CurrentVersion.targets(2451,5): warning MSB3277:             C:\Users\ultra\warewolf\Dev\Dev2.Intellisense\bin\Debug\net8.0\Dev2.Intellisense.dll [C:\Users\ultra\warewolf\Dev\Warewolf.Studio.Views\Warewolf.Studio.Views.csproj]
C:\Program Files\dotnet\sdk\10.0.201\Microsoft.Common.CurrentVersion.targets(2451,5): warning MSB3277:             C:\Users\ultra\warewolf\Dev\Warewolf.Studio.ViewModels\bin\Debug\net8.0\Warewolf.Studio.ViewModels.dll [C:\Users\ultra\warewolf\Dev\Warewolf.Studio.Views\Warewolf.Studio.Views.csproj]
C:\Program Files\dotnet\sdk\10.0.201\Microsoft.Common.CurrentVersion.targets(2451,5): warning MSB3277:             C:\Users\ultra\warewolf\Dev\Dev2.Runtime.Services\bin\Debug\net8.0\Dev2.Runtime.Services.dll [C:\Users\ultra\warewolf\Dev\Warewolf.Studio.Views\Warewolf.Studio.Views.csproj]
C:\Program Files\dotnet\sdk\10.0.201\Microsoft.Common.CurrentVersion.targets(2451,5): warning MSB3277:             C:\Users\ultra\warewolf\Dev\Dev2.Studio.Interfaces\bin\Debug\net8.0\Dev2.Studio.Interfaces.dll [C:\Users\ultra\warewolf\Dev\Warewolf.Studio.Views\Warewolf.Studio.Views.csproj]
C:\Program Files\dotnet\sdk\10.0.201\Microsoft.Common.CurrentVersion.targets(2451,5): warning MSB3277:             C:\Users\ultra\warewolf\Dev\Warewolf.Studio.Core\bin\Debug\net8.0\Warewolf.Studio.Core.dll [C:\Users\ultra\warewolf\Dev\Warewolf.Studio.Views\Warewolf.Studio.Views.csproj]
C:\Program Files\dotnet\sdk\10.0.201\Microsoft.Common.CurrentVersion.targets(2451,5): warning MSB3277:             C:\Users\ultra\warewolf\Dev\Warewolf.Studio.CustomControls\bin\Debug\net8.0\Warewolf.Studio.CustomControls.dll [C:\Users\ultra\warewolf\Dev\Warewolf.Studio.Views\Warewolf.Studio.Views.csproj]
C:\Program Files\dotnet\sdk\10.0.201\Microsoft.Common.CurrentVersion.targets(2451,5): warning MSB3277:             C:\Users\ultra\warewolf\Dev\Dev2.Services.Execution\bin\Debug\net8.0\Dev2.Services.Execution.dll [C:\Users\ultra\warewolf\Dev\Warewolf.Studio.Views\Warewolf.Studio.Views.csproj]
C:\Program Files\dotnet\sdk\10.0.201\Microsoft.Common.CurrentVersion.targets(2451,5): warning MSB3277:             C:\Users\ultra\warewolf\Dev\Warewolf.Common.NetStandard20\bin\Debug\net8.0\Warewolf.Common.NetStandard20.dll [C:\Users\ultra\warewolf\Dev\Warewolf.Studio.Views\Warewolf.Studio.Views.csproj]
C:\Program Files\dotnet\sdk\10.0.201\Microsoft.Common.CurrentVersion.targets(2451,5): warning MSB3277:             C:\Users\ultra\warewolf\Dev\Warewolf.Driver.Persistence\bin\Debug\net8.0\Warewolf.Driver.Persistence.dll [C:\Users\ultra\warewolf\Dev\Warewolf.Studio.Views\Warewolf.Studio.Views.csproj]
C:\Program Files\dotnet\sdk\10.0.201\Microsoft.Common.CurrentVersion.targets(2451,5): warning MSB3277:             C:\Users\ultra\warewolf\Dev\Warewolf.Studio.Models\bin\Debug\net8.0\Warewolf.Studio.Models.dll [C:\Users\ultra\warewolf\Dev\Warewolf.Studio.Views\Warewolf.Studio.Views.csproj]
C:\Program Files\dotnet\sdk\10.0.201\Microsoft.Common.CurrentVersion.targets(2451,5): warning MSB3277:         C:\Users\ultra\.nuget\packages\mysql.data\8.4.0\lib\net8.0\MySql.Data.dll [C:\Users\ultra\warewolf\Dev\Warewolf.Studio.Views\Warewolf.Studio.Views.csproj]
C:\Program Files\dotnet\sdk\10.0.201\Microsoft.Common.CurrentVersion.targets(2451,5): warning MSB3277:           Project file item includes which caused reference "C:\Users\ultra\.nuget\packages\mysql.data\8.4.0\lib\net8.0\MySql.Data.dll". [C:\Users\ultra\warewolf\Dev\Warewolf.Studio.Views\Warewolf.Studio.Views.csproj]
C:\Program Files\dotnet\sdk\10.0.201\Microsoft.Common.CurrentVersion.targets(2451,5): warning MSB3277:             C:\Users\ultra\.nuget\packages\mysql.data\8.4.0\lib\net8.0\MySql.Data.dll [C:\Users\ultra\warewolf\Dev\Warewolf.Studio.Views\Warewolf.Studio.Views.csproj]
C:\Program Files\dotnet\sdk\10.0.201\Microsoft.Common.CurrentVersion.targets(2451,5): warning MSB3277:             C:\Users\ultra\warewolf\Dev\Dev2.Activities\bin\Debug\net8.0\Dev2.Activities.dll [C:\Users\ultra\warewolf\Dev\Warewolf.Studio.Views\Warewolf.Studio.Views.csproj]
C:\Program Files\dotnet\sdk\10.0.201\Microsoft.Common.CurrentVersion.targets(2451,5): warning MSB3277:             C:\Users\ultra\warewolf\Dev\Dev2.Studio.Core\bin\Debug\net8.0\Dev2.Studio.Core.dll [C:\Users\ultra\warewolf\Dev\Warewolf.Studio.Views\Warewolf.Studio.Views.csproj]
C:\Program Files\dotnet\sdk\10.0.201\Microsoft.Common.CurrentVersion.targets(2451,5): warning MSB3277:             C:\Users\ultra\warewolf\Dev\Dev2.Intellisense\bin\Debug\net8.0\Dev2.Intellisense.dll [C:\Users\ultra\warewolf\Dev\Warewolf.Studio.Views\Warewolf.Studio.Views.csproj]
C:\Program Files\dotnet\sdk\10.0.201\Microsoft.Common.CurrentVersion.targets(2451,5): warning MSB3277:             C:\Users\ultra\warewolf\Dev\Warewolf.Studio.ViewModels\bin\Debug\net8.0\Warewolf.Studio.ViewModels.dll [C:\Users\ultra\warewolf\Dev\Warewolf.Studio.Views\Warewolf.Studio.Views.csproj]
C:\Program Files\dotnet\sdk\10.0.201\Microsoft.Common.CurrentVersion.targets(2451,5): warning MSB3277:             C:\Users\ultra\warewolf\Dev\Dev2.Runtime.Services\bin\Debug\net8.0\Dev2.Runtime.Services.dll [C:\Users\ultra\warewolf\Dev\Warewolf.Studio.Views\Warewolf.Studio.Views.csproj]
C:\Program Files\dotnet\sdk\10.0.201\Microsoft.Common.CurrentVersion.targets(2451,5): warning MSB3277:             C:\Users\ultra\warewolf\Dev\Dev2.Studio.Interfaces\bin\Debug\net8.0\Dev2.Studio.Interfaces.dll [C:\Users\ultra\warewolf\Dev\Warewolf.Studio.Views\Warewolf.Studio.Views.csproj]
C:\Program Files\dotnet\sdk\10.0.201\Microsoft.Common.CurrentVersion.targets(2451,5): warning MSB3277:             C:\Users\ultra\warewolf\Dev\Warewolf.Studio.Core\bin\Debug\net8.0\Warewolf.Studio.Core.dll [C:\Users\ultra\warewolf\Dev\Warewolf.Studio.Views\Warewolf.Studio.Views.csproj]
C:\Program Files\dotnet\sdk\10.0.201\Microsoft.Common.CurrentVersion.targets(2451,5): warning MSB3277:             C:\Users\ultra\warewolf\Dev\Warewolf.Studio.CustomControls\bin\Debug\net8.0\Warewolf.Studio.CustomControls.dll [C:\Users\ultra\warewolf\Dev\Warewolf.Studio.Views\Warewolf.Studio.Views.csproj]
C:\Program Files\dotnet\sdk\10.0.201\Microsoft.Common.CurrentVersion.targets(2451,5): warning MSB3277:             C:\Users\ultra\warewolf\Dev\Dev2.Services.Execution\bin\Debug\net8.0\Dev2.Services.Execution.dll [C:\Users\ultra\warewolf\Dev\Warewolf.Studio.Views\Warewolf.Studio.Views.csproj]
C:\Program Files\dotnet\sdk\10.0.201\Microsoft.Common.CurrentVersion.targets(2451,5): warning MSB3277:             C:\Users\ultra\warewolf\Dev\Dev2.Services.Sql\bin\Debug\net8.0\Dev2.Services.Sql.dll [C:\Users\ultra\warewolf\Dev\Warewolf.Studio.Views\Warewolf.Studio.Views.csproj]
C:\Program Files\dotnet\sdk\10.0.201\Microsoft.Common.CurrentVersion.targets(2451,5): warning MSB3277:             C:\Users\ultra\warewolf\Dev\Warewolf.Driver.Persistence\bin\Debug\net8.0\Warewolf.Driver.Persistence.dll [C:\Users\ultra\warewolf\Dev\Warewolf.Studio.Views\Warewolf.Studio.Views.csproj]
C:\Program Files\dotnet\sdk\10.0.201\Microsoft.Common.CurrentVersion.targets(2451,5): warning MSB3277:             C:\Users\ultra\warewolf\Dev\Warewolf.Studio.Models\bin\Debug\net8.0\Warewolf.Studio.Models.dll [C:\Users\ultra\warewolf\Dev\Warewolf.Studio.Views\Warewolf.Studio.Views.csproj]
C:\Program Files\dotnet\sdk\10.0.201\Microsoft.Common.CurrentVersion.targets(2451,5): warning MSB3277:         C:\Users\ultra\.nuget\packages\oracle.manageddataaccess.core\3.21.70\lib\netstandard2.1\Oracle.ManagedDataAccess.dll [C:\Users\ultra\warewolf\Dev\Warewolf.Studio.Views\Warewolf.Studio.Views.csproj]
C:\Program Files\dotnet\sdk\10.0.201\Microsoft.Common.CurrentVersion.targets(2451,5): warning MSB3277:           Project file item includes which caused reference "C:\Users\ultra\.nuget\packages\oracle.manageddataaccess.core\3.21.70\lib\netstandard2.1\Oracle.ManagedDataAccess.dll". [C:\Users\ultra\warewolf\Dev\Warewolf.Studio.Views\Warewolf.Studio.Views.csproj]
C:\Program Files\dotnet\sdk\10.0.201\Microsoft.Common.CurrentVersion.targets(2451,5): warning MSB3277:             C:\Users\ultra\.nuget\packages\oracle.manageddataaccess.core\3.21.70\lib\netstandard2.1\Oracle.ManagedDataAccess.dll [C:\Users\ultra\warewolf\Dev\Warewolf.Studio.Views\Warewolf.Studio.Views.csproj]
C:\Program Files\dotnet\sdk\10.0.201\Microsoft.Common.CurrentVersion.targets(2451,5): warning MSB3277:             C:\Users\ultra\warewolf\Dev\Dev2.Runtime.Services\bin\Debug\net8.0\Dev2.Runtime.Services.dll [C:\Users\ultra\warewolf\Dev\Warewolf.Studio.Views\Warewolf.Studio.Views.csproj]
C:\Program Files\dotnet\sdk\10.0.201\Microsoft.Common.CurrentVersion.targets(2451,5): warning MSB3277:             C:\Users\ultra\warewolf\Dev\Dev2.Activities\bin\Debug\net8.0\Dev2.Activities.dll [C:\Users\ultra\warewolf\Dev\Warewolf.Studio.Views\Warewolf.Studio.Views.csproj]
C:\Program Files\dotnet\sdk\10.0.201\Microsoft.Common.CurrentVersion.targets(2451,5): warning MSB3277:             C:\Users\ultra\warewolf\Dev\Dev2.Studio.Core\bin\Debug\net8.0\Dev2.Studio.Core.dll [C:\Users\ultra\warewolf\Dev\Warewolf.Studio.Views\Warewolf.Studio.Views.csproj]
C:\Program Files\dotnet\sdk\10.0.201\Microsoft.Common.CurrentVersion.targets(2451,5): warning MSB3277:             C:\Users\ultra\warewolf\Dev\Dev2.Intellisense\bin\Debug\net8.0\Dev2.Intellisense.dll [C:\Users\ultra\warewolf\Dev\Warewolf.Studio.Views\Warewolf.Studio.Views.csproj]
C:\Program Files\dotnet\sdk\10.0.201\Microsoft.Common.CurrentVersion.targets(2451,5): warning MSB3277:             C:\Users\ultra\warewolf\Dev\Dev2.Studio.Interfaces\bin\Debug\net8.0\Dev2.Studio.Interfaces.dll [C:\Users\ultra\warewolf\Dev\Warewolf.Studio.Views\Warewolf.Studio.Views.csproj]
C:\Program Files\dotnet\sdk\10.0.201\Microsoft.Common.CurrentVersion.targets(2451,5): warning MSB3277:             C:\Users\ultra\warewolf\Dev\Warewolf.Studio.Core\bin\Debug\net8.0\Warewolf.Studio.Core.dll [C:\Users\ultra\warewolf\Dev\Warewolf.Studio.Views\Warewolf.Studio.Views.csproj]
C:\Program Files\dotnet\sdk\10.0.201\Microsoft.Common.CurrentVersion.targets(2451,5): warning MSB3277:             C:\Users\ultra\warewolf\Dev\Warewolf.Studio.CustomControls\bin\Debug\net8.0\Warewolf.Studio.CustomControls.dll [C:\Users\ultra\warewolf\Dev\Warewolf.Studio.Views\Warewolf.Studio.Views.csproj]
C:\Program Files\dotnet\sdk\10.0.201\Microsoft.Common.CurrentVersion.targets(2451,5): warning MSB3277:             C:\Users\ultra\warewolf\Dev\Warewolf.Studio.ViewModels\bin\Debug\net8.0\Warewolf.Studio.ViewModels.dll [C:\Users\ultra\warewolf\Dev\Warewolf.Studio.Views\Warewolf.Studio.Views.csproj]
C:\Program Files\dotnet\sdk\10.0.201\Microsoft.Common.CurrentVersion.targets(2451,5): warning MSB3277:             C:\Users\ultra\warewolf\Dev\Dev2.Services.Execution\bin\Debug\net8.0\Dev2.Services.Execution.dll [C:\Users\ultra\warewolf\Dev\Warewolf.Studio.Views\Warewolf.Studio.Views.csproj]
C:\Program Files\dotnet\sdk\10.0.201\Microsoft.Common.CurrentVersion.targets(2451,5): warning MSB3277:             C:\Users\ultra\warewolf\Dev\Dev2.Services.Sql\bin\Debug\net8.0\Dev2.Services.Sql.dll [C:\Users\ultra\warewolf\Dev\Warewolf.Studio.Views\Warewolf.Studio.Views.csproj]
C:\Program Files\dotnet\sdk\10.0.201\Microsoft.Common.CurrentVersion.targets(2451,5): warning MSB3277:             C:\Users\ultra\warewolf\Dev\Warewolf.Driver.Persistence\bin\Debug\net8.0\Warewolf.Driver.Persistence.dll [C:\Users\ultra\warewolf\Dev\Warewolf.Studio.Views\Warewolf.Studio.Views.csproj]
C:\Program Files\dotnet\sdk\10.0.201\Microsoft.Common.CurrentVersion.targets(2451,5): warning MSB3277:             C:\Users\ultra\warewolf\Dev\Warewolf.Studio.Models\bin\Debug\net8.0\Warewolf.Studio.Models.dll [C:\Users\ultra\warewolf\Dev\Warewolf.Studio.Views\Warewolf.Studio.Views.csproj]
C:\Program Files\dotnet\sdk\10.0.201\Microsoft.Common.CurrentVersion.targets(2451,5): warning MSB3277:         C:\Users\ultra\.nuget\packages\system.directoryservices\6.0.0\lib\net6.0\System.DirectoryServices.dll [C:\Users\ultra\warewolf\Dev\Warewolf.Studio.Views\Warewolf.Studio.Views.csproj]
C:\Program Files\dotnet\sdk\10.0.201\Microsoft.Common.CurrentVersion.targets(2451,5): warning MSB3277:           Project file item includes which caused reference "C:\Users\ultra\.nuget\packages\system.directoryservices\6.0.0\lib\net6.0\System.DirectoryServices.dll". [C:\Users\ultra\warewolf\Dev\Warewolf.Studio.Views\Warewolf.Studio.Views.csproj]
C:\Program Files\dotnet\sdk\10.0.201\Microsoft.Common.CurrentVersion.targets(2451,5): warning MSB3277:             C:\Users\ultra\.nuget\packages\system.directoryservices\6.0.0\lib\net6.0\System.DirectoryServices.dll [C:\Users\ultra\warewolf\Dev\Warewolf.Studio.Views\Warewolf.Studio.Views.csproj]
C:\Program Files\dotnet\sdk\10.0.201\Microsoft.Common.CurrentVersion.targets(2451,5): warning MSB3277:             C:\Users\ultra\.nuget\packages\corewcf.primitives\1.2.1\lib\netstandard2.0\CoreWCF.Primitives.dll [C:\Users\ultra\warewolf\Dev\Warewolf.Studio.Views\Warewolf.Studio.Views.csproj]
C:\Program Files\dotnet\sdk\10.0.201\Microsoft.Common.CurrentVersion.targets(2451,5): warning MSB3277:             C:\Users\ultra\warewolf\Dev\Dev2.Runtime.Services\bin\Debug\net8.0\Dev2.Runtime.Services.dll [C:\Users\ultra\warewolf\Dev\Warewolf.Studio.Views\Warewolf.Studio.Views.csproj]
C:\Program Files\dotnet\sdk\10.0.201\Microsoft.Common.CurrentVersion.targets(2451,5): warning MSB3277:             C:\Users\ultra\warewolf\Dev\Dev2.Activities\bin\Debug\net8.0\Dev2.Activities.dll [C:\Users\ultra\warewolf\Dev\Warewolf.Studio.Views\Warewolf.Studio.Views.csproj]
C:\Program Files\dotnet\sdk\10.0.201\Microsoft.Common.CurrentVersion.targets(2451,5): warning MSB3277:             C:\Users\ultra\warewolf\Dev\Dev2.Studio.Core\bin\Debug\net8.0\Dev2.Studio.Core.dll [C:\Users\ultra\warewolf\Dev\Warewolf.Studio.Views\Warewolf.Studio.Views.csproj]
C:\Program Files\dotnet\sdk\10.0.201\Microsoft.Common.CurrentVersion.targets(2451,5): warning MSB3277:             C:\Users\ultra\warewolf\Dev\Dev2.Intellisense\bin\Debug\net8.0\Dev2.Intellisense.dll [C:\Users\ultra\warewolf\Dev\Warewolf.Studio.Views\Warewolf.Studio.Views.csproj]
C:\Program Files\dotnet\sdk\10.0.201\Microsoft.Common.CurrentVersion.targets(2451,5): warning MSB3277:             C:\Users\ultra\warewolf\Dev\Dev2.Studio.Interfaces\bin\Debug\net8.0\Dev2.Studio.Interfaces.dll [C:\Users\ultra\warewolf\Dev\Warewolf.Studio.Views\Warewolf.Studio.Views.csproj]
C:\Program Files\dotnet\sdk\10.0.201\Microsoft.Common.CurrentVersion.targets(2451,5): warning MSB3277:             C:\Users\ultra\warewolf\Dev\Warewolf.Studio.Core\bin\Debug\net8.0\Warewolf.Studio.Core.dll [C:\Users\ultra\warewolf\Dev\Warewolf.Studio.Views\Warewolf.Studio.Views.csproj]
C:\Program Files\dotnet\sdk\10.0.201\Microsoft.Common.CurrentVersion.targets(2451,5): warning MSB3277:             C:\Users\ultra\warewolf\Dev\Warewolf.Studio.CustomControls\bin\Debug\net8.0\Warewolf.Studio.CustomControls.dll [C:\Users\ultra\warewolf\Dev\Warewolf.Studio.Views\Warewolf.Studio.Views.csproj]
C:\Program Files\dotnet\sdk\10.0.201\Microsoft.Common.CurrentVersion.targets(2451,5): warning MSB3277:             C:\Users\ultra\warewolf\Dev\Warewolf.Studio.ViewModels\bin\Debug\net8.0\Warewolf.Studio.ViewModels.dll [C:\Users\ultra\warewolf\Dev\Warewolf.Studio.Views\Warewolf.Studio.Views.csproj]
C:\Program Files\dotnet\sdk\10.0.201\Microsoft.Common.CurrentVersion.targets(2451,5): warning MSB3277:             C:\Users\ultra\warewolf\Dev\Dev2.Services.Execution\bin\Debug\net8.0\Dev2.Services.Execution.dll [C:\Users\ultra\warewolf\Dev\Warewolf.Studio.Views\Warewolf.Studio.Views.csproj]
C:\Program Files\dotnet\sdk\10.0.201\Microsoft.Common.CurrentVersion.targets(2451,5): warning MSB3277:             C:\Users\ultra\warewolf\Dev\Warewolf.Driver.Persistence\bin\Debug\net8.0\Warewolf.Driver.Persistence.dll [C:\Users\ultra\warewolf\Dev\Warewolf.Studio.Views\Warewolf.Studio.Views.csproj]
C:\Program Files\dotnet\sdk\10.0.201\Microsoft.Common.CurrentVersion.targets(2451,5): warning MSB3277:             C:\Users\ultra\warewolf\Dev\Warewolf.Studio.Models\bin\Debug\net8.0\Warewolf.Studio.Models.dll [C:\Users\ultra\warewolf\Dev\Warewolf.Studio.Views\Warewolf.Studio.Views.csproj]
C:\Program Files\dotnet\sdk\10.0.201\Microsoft.Common.CurrentVersion.targets(2451,5): warning MSB3277:             C:\Users\ultra\.nuget\packages\corewcf.http\1.2.1\lib\netstandard2.0\CoreWCF.Http.dll [C:\Users\ultra\warewolf\Dev\Warewolf.Studio.Views\Warewolf.Studio.Views.csproj]
C:\Program Files\dotnet\sdk\10.0.201\Microsoft.Common.CurrentVersion.targets(2451,5): warning MSB3277:             C:\Users\ultra\.nuget\packages\corewcf.nettcp\1.2.1\lib\netstandard2.0\CoreWCF.NetTcp.dll [C:\Users\ultra\warewolf\Dev\Warewolf.Studio.Views\Warewolf.Studio.Views.csproj]
C:\Program Files\dotnet\sdk\10.0.201\Microsoft.Common.CurrentVersion.targets(2451,5): warning MSB3277:             C:\Users\ultra\.nuget\packages\corewcf.webhttp\1.2.1\lib\netstandard2.0\CoreWCF.WebHttp.dll [C:\Users\ultra\warewolf\Dev\Warewolf.Studio.Views\Warewolf.Studio.Views.csproj]
C:\Program Files\dotnet\sdk\10.0.201\Microsoft.Common.CurrentVersion.targets(2451,5): warning MSB3277:         C:\Program Files\dotnet\packs\Microsoft.NETCore.App.Ref\8.0.25\ref\net8.0\System.Configuration.dll [C:\Users\ultra\warewolf\Dev\Warewolf.Studio.Views\Warewolf.Studio.Views.csproj]
C:\Program Files\dotnet\sdk\10.0.201\Microsoft.Common.CurrentVersion.targets(2451,5): warning MSB3277:           Project file item includes which caused reference "C:\Program Files\dotnet\packs\Microsoft.NETCore.App.Ref\8.0.25\ref\net8.0\System.Configuration.dll". [C:\Users\ultra\warewolf\Dev\Warewolf.Studio.Views\Warewolf.Studio.Views.csproj]
C:\Program Files\dotnet\sdk\10.0.201\Microsoft.Common.CurrentVersion.targets(2451,5): warning MSB3277:             C:\Program Files\dotnet\packs\Microsoft.NETCore.App.Ref\8.0.25\ref/net8.0/System.Configuration.dll [C:\Users\ultra\warewolf\Dev\Warewolf.Studio.Views\Warewolf.Studio.Views.csproj]
C:\Program Files\dotnet\sdk\10.0.201\Microsoft.Common.CurrentVersion.targets(2451,5): warning MSB3277:             C:\Users\ultra\.nuget\packages\prism.wpf\9.0.537\lib\net462\Prism.Wpf.dll [C:\Users\ultra\warewolf\Dev\Warewolf.Studio.Views\Warewolf.Studio.Views.csproj]
C:\Program Files\dotnet\sdk\10.0.201\Microsoft.Common.CurrentVersion.targets(2451,5): warning MSB3277:         C:\Program Files\dotnet\packs\Microsoft.NETCore.App.Ref\8.0.25\ref\net8.0\System.Data.dll [C:\Users\ultra\warewolf\Dev\Warewolf.Studio.Views\Warewolf.Studio.Views.csproj]
C:\Program Files\dotnet\sdk\10.0.201\Microsoft.Common.CurrentVersion.targets(2451,5): warning MSB3277:           Project file item includes which caused reference "C:\Program Files\dotnet\packs\Microsoft.NETCore.App.Ref\8.0.25\ref\net8.0\System.Data.dll". [C:\Users\ultra\warewolf\Dev\Warewolf.Studio.Views\Warewolf.Studio.Views.csproj]
C:\Program Files\dotnet\sdk\10.0.201\Microsoft.Common.CurrentVersion.targets(2451,5): warning MSB3277:             C:\Program Files\dotnet\packs\Microsoft.NETCore.App.Ref\8.0.25\ref/net8.0/System.Data.dll [C:\Users\ultra\warewolf\Dev\Warewolf.Studio.Views\Warewolf.Studio.Views.csproj]
C:\Program Files\dotnet\sdk\10.0.201\Microsoft.Common.CurrentVersion.targets(2451,5): warning MSB3277:             C:\Users\ultra\.nuget\packages\taskschedulereditor\2.10.1\lib\net452\Microsoft.Win32.TaskSchedulerEditor.dll [C:\Users\ultra\warewolf\Dev\Warewolf.Studio.Views\Warewolf.Studio.Views.csproj]
C:\Program Files\dotnet\sdk\10.0.201\Microsoft.Common.CurrentVersion.targets(2451,5): warning MSB3277:         C:\Program Files\dotnet\packs\Microsoft.NETCore.App.Ref\8.0.25\ref\net8.0\System.Drawing.dll [C:\Users\ultra\warewolf\Dev\Warewolf.Studio.Views\Warewolf.Studio.Views.csproj]
C:\Program Files\dotnet\sdk\10.0.201\Microsoft.Common.CurrentVersion.targets(2451,5): warning MSB3277:           Project file item includes which caused reference "C:\Program Files\dotnet\packs\Microsoft.NETCore.App.Ref\8.0.25\ref\net8.0\System.Drawing.dll". [C:\Users\ultra\warewolf\Dev\Warewolf.Studio.Views\Warewolf.Studio.Views.csproj]
C:\Program Files\dotnet\sdk\10.0.201\Microsoft.Common.CurrentVersion.targets(2451,5): warning MSB3277:             C:\Program Files\dotnet\packs\Microsoft.NETCore.App.Ref\8.0.25\ref/net8.0/System.Drawing.dll [C:\Users\ultra\warewolf\Dev\Warewolf.Studio.Views\Warewolf.Studio.Views.csproj]
C:\Program Files\dotnet\sdk\10.0.201\Microsoft.Common.CurrentVersion.targets(2451,5): warning MSB3277:             C:\Users\ultra\.nuget\packages\aerowizard\2.3.1\lib\net45\AeroWizard.dll [C:\Users\ultra\warewolf\Dev\Warewolf.Studio.Views\Warewolf.Studio.Views.csproj]
C:\Program Files\dotnet\sdk\10.0.201\Microsoft.Common.CurrentVersion.targets(2451,5): warning MSB3277:             C:\Users\ultra\.nuget\packages\groupcontrols\1.9.0\lib\net45\GroupControls.dll [C:\Users\ultra\warewolf\Dev\Warewolf.Studio.Views\Warewolf.Studio.Views.csproj]
C:\Program Files\dotnet\sdk\10.0.201\Microsoft.Common.CurrentVersion.targets(2451,5): warning MSB3277:             C:\Users\ultra\.nuget\packages\taskschedulereditor\2.10.1\lib\net452\Microsoft.Win32.TaskSchedulerEditor.dll [C:\Users\ultra\warewolf\Dev\Warewolf.Studio.Views\Warewolf.Studio.Views.csproj]
C:\Program Files\dotnet\sdk\10.0.201\Microsoft.Common.CurrentVersion.targets(2451,5): warning MSB3277:         C:\Program Files\dotnet\packs\Microsoft.NETCore.App.Ref\8.0.25\ref\net8.0\System.Net.dll [C:\Users\ultra\warewolf\Dev\Warewolf.Studio.Views\Warewolf.Studio.Views.csproj]
C:\Program Files\dotnet\sdk\10.0.201\Microsoft.Common.CurrentVersion.targets(2451,5): warning MSB3277:           Project file item includes which caused reference "C:\Program Files\dotnet\packs\Microsoft.NETCore.App.Ref\8.0.25\ref\net8.0\System.Net.dll". [C:\Users\ultra\warewolf\Dev\Warewolf.Studio.Views\Warewolf.Studio.Views.csproj]
C:\Program Files\dotnet\sdk\10.0.201\Microsoft.Common.CurrentVersion.targets(2451,5): warning MSB3277:             C:\Program Files\dotnet\packs\Microsoft.NETCore.App.Ref\8.0.25\ref/net8.0/System.Net.dll [C:\Users\ultra\warewolf\Dev\Warewolf.Studio.Views\Warewolf.Studio.Views.csproj]
C:\Program Files\dotnet\sdk\10.0.201\Microsoft.Common.CurrentVersion.targets(2451,5): warning MSB3277:         C:\Program Files\dotnet\packs\Microsoft.NETCore.App.Ref\8.0.25\ref\net8.0\System.Security.dll [C:\Users\ultra\warewolf\Dev\Warewolf.Studio.Views\Warewolf.Studio.Views.csproj]
C:\Program Files\dotnet\sdk\10.0.201\Microsoft.Common.CurrentVersion.targets(2451,5): warning MSB3277:           Project file item includes which caused reference "C:\Program Files\dotnet\packs\Microsoft.NETCore.App.Ref\8.0.25\ref\net8.0\System.Security.dll". [C:\Users\ultra\warewolf\Dev\Warewolf.Studio.Views\Warewolf.Studio.Views.csproj]
C:\Program Files\dotnet\sdk\10.0.201\Microsoft.Common.CurrentVersion.targets(2451,5): warning MSB3277:             C:\Program Files\dotnet\packs\Microsoft.NETCore.App.Ref\8.0.25\ref/net8.0/System.Security.dll [C:\Users\ultra\warewolf\Dev\Warewolf.Studio.Views\Warewolf.Studio.Views.csproj]
C:\Program Files\dotnet\sdk\10.0.201\Microsoft.Common.CurrentVersion.targets(2451,5): warning MSB3277:         C:\Program Files\dotnet\packs\Microsoft.NETCore.App.Ref\8.0.25\ref\net8.0\System.ServiceProcess.dll [C:\Users\ultra\warewolf\Dev\Warewolf.Studio.Views\Warewolf.Studio.Views.csproj]
C:\Program Files\dotnet\sdk\10.0.201\Microsoft.Common.CurrentVersion.targets(2451,5): warning MSB3277:           Project file item includes which caused reference "C:\Program Files\dotnet\packs\Microsoft.NETCore.App.Ref\8.0.25\ref\net8.0\System.ServiceProcess.dll". [C:\Users\ultra\warewolf\Dev\Warewolf.Studio.Views\Warewolf.Studio.Views.csproj]
C:\Program Files\dotnet\sdk\10.0.201\Microsoft.Common.CurrentVersion.targets(2451,5): warning MSB3277:             C:\Program Files\dotnet\packs\Microsoft.NETCore.App.Ref\8.0.25\ref/net8.0/System.ServiceProcess.dll [C:\Users\ultra\warewolf\Dev\Warewolf.Studio.Views\Warewolf.Studio.Views.csproj]
C:\Program Files\dotnet\sdk\10.0.201\Microsoft.Common.CurrentVersion.targets(2451,5): warning MSB3277:         C:\Program Files\dotnet\packs\Microsoft.NETCore.App.Ref\8.0.25\ref\net8.0\System.Transactions.dll [C:\Users\ultra\warewolf\Dev\Warewolf.Studio.Views\Warewolf.Studio.Views.csproj]
C:\Program Files\dotnet\sdk\10.0.201\Microsoft.Common.CurrentVersion.targets(2451,5): warning MSB3277:           Project file item includes which caused reference "C:\Program Files\dotnet\packs\Microsoft.NETCore.App.Ref\8.0.25\ref\net8.0\System.Transactions.dll". [C:\Users\ultra\warewolf\Dev\Warewolf.Studio.Views\Warewolf.Studio.Views.csproj]
C:\Program Files\dotnet\sdk\10.0.201\Microsoft.Common.CurrentVersion.targets(2451,5): warning MSB3277:             C:\Program Files\dotnet\packs\Microsoft.NETCore.App.Ref\8.0.25\ref/net8.0/System.Transactions.dll [C:\Users\ultra\warewolf\Dev\Warewolf.Studio.Views\Warewolf.Studio.Views.csproj]
C:\Program Files\dotnet\sdk\10.0.201\Microsoft.Common.CurrentVersion.targets(2451,5): warning MSB3277:         C:\Program Files\dotnet\packs\Microsoft.NETCore.App.Ref\8.0.25\ref\net8.0\System.dll [C:\Users\ultra\warewolf\Dev\Warewolf.Studio.Views\Warewolf.Studio.Views.csproj]
C:\Program Files\dotnet\sdk\10.0.201\Microsoft.Common.CurrentVersion.targets(2451,5): warning MSB3277:           Project file item includes which caused reference "C:\Program Files\dotnet\packs\Microsoft.NETCore.App.Ref\8.0.25\ref\net8.0\System.dll". [C:\Users\ultra\warewolf\Dev\Warewolf.Studio.Views\Warewolf.Studio.Views.csproj]
C:\Program Files\dotnet\sdk\10.0.201\Microsoft.Common.CurrentVersion.targets(2451,5): warning MSB3277:             C:\Program Files\dotnet\packs\Microsoft.NETCore.App.Ref\8.0.25\ref/net8.0/System.dll [C:\Users\ultra\warewolf\Dev\Warewolf.Studio.Views\Warewolf.Studio.Views.csproj]
C:\Program Files\dotnet\sdk\10.0.201\Microsoft.Common.CurrentVersion.targets(2451,5): warning MSB3277:             C:\Users\ultra\.nuget\packages\aerowizard\2.3.1\lib\net45\AeroWizard.dll [C:\Users\ultra\warewolf\Dev\Warewolf.Studio.Views\Warewolf.Studio.Views.csproj]
C:\Program Files\dotnet\sdk\10.0.201\Microsoft.Common.CurrentVersion.targets(2451,5): warning MSB3277:             C:\Users\ultra\.nuget\packages\groupcontrols\1.9.0\lib\net45\GroupControls.dll [C:\Users\ultra\warewolf\Dev\Warewolf.Studio.Views\Warewolf.Studio.Views.csproj]
C:\Program Files\dotnet\sdk\10.0.201\Microsoft.Common.CurrentVersion.targets(2451,5): warning MSB3277:             C:\Users\ultra\.nuget\packages\microsoft.xaml.behaviors.wpf\1.1.122\lib\net462\Microsoft.Xaml.Behaviors.dll [C:\Users\ultra\warewolf\Dev\Warewolf.Studio.Views\Warewolf.Studio.Views.csproj]
C:\Program Files\dotnet\sdk\10.0.201\Microsoft.Common.CurrentVersion.targets(2451,5): warning MSB3277:             C:\Users\ultra\.nuget\packages\caliburn.micro\4.0.212\lib\netcoreapp3.1\Caliburn.Micro.Platform.dll [C:\Users\ultra\warewolf\Dev\Warewolf.Studio.Views\Warewolf.Studio.Views.csproj]
C:\Program Files\dotnet\sdk\10.0.201\Microsoft.Common.CurrentVersion.targets(2451,5): warning MSB3277:             C:\Users\ultra\.nuget\packages\prism.wpf\9.0.537\lib\net462\Prism.Wpf.dll [C:\Users\ultra\warewolf\Dev\Warewolf.Studio.Views\Warewolf.Studio.Views.csproj]
C:\Program Files\dotnet\sdk\10.0.201\Microsoft.Common.CurrentVersion.targets(2451,5): warning MSB3277:             C:\Users\ultra\.nuget\packages\reactiveui.wpf\18.4.1\lib\net462\ReactiveUI.Wpf.dll [C:\Users\ultra\warewolf\Dev\Warewolf.Studio.Views\Warewolf.Studio.Views.csproj]
C:\Program Files\dotnet\sdk\10.0.201\Microsoft.Common.CurrentVersion.targets(2451,5): warning MSB3277:             C:\Users\ultra\.nuget\packages\taskschedulereditor\2.10.1\lib\net452\Microsoft.Win32.TaskSchedulerEditor.dll [C:\Users\ultra\warewolf\Dev\Warewolf.Studio.Views\Warewolf.Studio.Views.csproj]
C:\Program Files\dotnet\sdk\10.0.201\Microsoft.Common.CurrentVersion.targets(2451,5): warning MSB3277:             C:\Users\ultra\.nuget\packages\ttcue.netcore.sharepointonline.csom.16.1.8029.1200\16.1.8029.1200\lib\netcoreapp2.0\Microsoft.SharePoint.Client.Runtime.Windows.dll [C:\Users\ultra\warewolf\Dev\Warewolf.Studio.Views\Warewolf.Studio.Views.csproj]
C:\Program Files\dotnet\sdk\10.0.201\Microsoft.Common.CurrentVersion.targets(2451,5): warning MSB3277:         C:\Program Files\dotnet\packs\Microsoft.NETCore.App.Ref\8.0.25\ref\net8.0\WindowsBase.dll [C:\Users\ultra\warewolf\Dev\Warewolf.Studio.Views\Warewolf.Studio.Views.csproj]
C:\Program Files\dotnet\sdk\10.0.201\Microsoft.Common.CurrentVersion.targets(2451,5): warning MSB3277:           Project file item includes which caused reference "C:\Program Files\dotnet\packs\Microsoft.NETCore.App.Ref\8.0.25\ref\net8.0\WindowsBase.dll". [C:\Users\ultra\warewolf\Dev\Warewolf.Studio.Views\Warewolf.Studio.Views.csproj]
C:\Program Files\dotnet\sdk\10.0.201\Microsoft.Common.CurrentVersion.targets(2451,5): warning MSB3277:             C:\Program Files\dotnet\packs\Microsoft.NETCore.App.Ref\8.0.25\ref/net8.0/WindowsBase.dll [C:\Users\ultra\warewolf\Dev\Warewolf.Studio.Views\Warewolf.Studio.Views.csproj]
C:\Program Files\dotnet\sdk\10.0.201\Microsoft.Common.CurrentVersion.targets(2451,5): warning MSB3277:         C:\Program Files\dotnet\packs\Microsoft.NETCore.App.Ref\8.0.25\ref\net8.0\mscorlib.dll [C:\Users\ultra\warewolf\Dev\Warewolf.Studio.Views\Warewolf.Studio.Views.csproj]
C:\Program Files\dotnet\sdk\10.0.201\Microsoft.Common.CurrentVersion.targets(2451,5): warning MSB3277:           Project file item includes which caused reference "C:\Program Files\dotnet\packs\Microsoft.NETCore.App.Ref\8.0.25\ref\net8.0\mscorlib.dll". [C:\Users\ultra\warewolf\Dev\Warewolf.Studio.Views\Warewolf.Studio.Views.csproj]
C:\Program Files\dotnet\sdk\10.0.201\Microsoft.Common.CurrentVersion.targets(2451,5): warning MSB3277:             C:\Program Files\dotnet\packs\Microsoft.NETCore.App.Ref\8.0.25\ref/net8.0/mscorlib.dll [C:\Users\ultra\warewolf\Dev\Warewolf.Studio.Views\Warewolf.Studio.Views.csproj]
C:\Program Files\dotnet\sdk\10.0.201\Microsoft.Common.CurrentVersion.targets(2451,5): warning MSB3277:             C:\Users\ultra\.nuget\packages\aerowizard\2.3.1\lib\net45\AeroWizard.dll [C:\Users\ultra\warewolf\Dev\Warewolf.Studio.Views\Warewolf.Studio.Views.csproj]
C:\Program Files\dotnet\sdk\10.0.201\Microsoft.Common.CurrentVersion.targets(2451,5): warning MSB3277:             C:\Users\ultra\.nuget\packages\groupcontrols\1.9.0\lib\net45\GroupControls.dll [C:\Users\ultra\warewolf\Dev\Warewolf.Studio.Views\Warewolf.Studio.Views.csproj]
C:\Program Files\dotnet\sdk\10.0.201\Microsoft.Common.CurrentVersion.targets(2451,5): warning MSB3277:             C:\Users\ultra\.nuget\packages\hangfire.core\1.7.32\lib\netstandard2.0\Hangfire.Core.dll [C:\Users\ultra\warewolf\Dev\Warewolf.Studio.Views\Warewolf.Studio.Views.csproj]
C:\Program Files\dotnet\sdk\10.0.201\Microsoft.Common.CurrentVersion.targets(2451,5): warning MSB3277:             C:\Users\ultra\warewolf\Dev\Dev2.Activities\bin\Debug\net8.0\Dev2.Activities.dll [C:\Users\ultra\warewolf\Dev\Warewolf.Studio.Views\Warewolf.Studio.Views.csproj]
C:\Program Files\dotnet\sdk\10.0.201\Microsoft.Common.CurrentVersion.targets(2451,5): warning MSB3277:             C:\Users\ultra\warewolf\Dev\Dev2.Studio.Core\bin\Debug\net8.0\Dev2.Studio.Core.dll [C:\Users\ultra\warewolf\Dev\Warewolf.Studio.Views\Warewolf.Studio.Views.csproj]
C:\Program Files\dotnet\sdk\10.0.201\Microsoft.Common.CurrentVersion.targets(2451,5): warning MSB3277:             C:\Users\ultra\warewolf\Dev\Dev2.Intellisense\bin\Debug\net8.0\Dev2.Intellisense.dll [C:\Users\ultra\warewolf\Dev\Warewolf.Studio.Views\Warewolf.Studio.Views.csproj]
C:\Program Files\dotnet\sdk\10.0.201\Microsoft.Common.CurrentVersion.targets(2451,5): warning MSB3277:             C:\Users\ultra\warewolf\Dev\Warewolf.Studio.ViewModels\bin\Debug\net8.0\Warewolf.Studio.ViewModels.dll [C:\Users\ultra\warewolf\Dev\Warewolf.Studio.Views\Warewolf.Studio.Views.csproj]
C:\Program Files\dotnet\sdk\10.0.201\Microsoft.Common.CurrentVersion.targets(2451,5): warning MSB3277:             C:\Users\ultra\warewolf\Dev\Warewolf.Driver.Persistence\bin\Debug\net8.0\Warewolf.Driver.Persistence.dll [C:\Users\ultra\warewolf\Dev\Warewolf.Studio.Views\Warewolf.Studio.Views.csproj]
C:\Program Files\dotnet\sdk\10.0.201\Microsoft.Common.CurrentVersion.targets(2451,5): warning MSB3277:             C:\Users\ultra\.nuget\packages\hangfire.sqlserver\1.7.32\lib\netstandard2.0\Hangfire.SqlServer.dll [C:\Users\ultra\warewolf\Dev\Warewolf.Studio.Views\Warewolf.Studio.Views.csproj]
C:\Program Files\dotnet\sdk\10.0.201\Microsoft.Common.CurrentVersion.targets(2451,5): warning MSB3277:             C:\Users\ultra\.nuget\packages\microsoft.xaml.behaviors.wpf\1.1.122\lib\net462\Microsoft.Xaml.Behaviors.dll [C:\Users\ultra\warewolf\Dev\Warewolf.Studio.Views\Warewolf.Studio.Views.csproj]
C:\Program Files\dotnet\sdk\10.0.201\Microsoft.Common.CurrentVersion.targets(2451,5): warning MSB3277:             C:\Users\ultra\.nuget\packages\caliburn.micro\4.0.212\lib\netcoreapp3.1\Caliburn.Micro.Platform.dll [C:\Users\ultra\warewolf\Dev\Warewolf.Studio.Views\Warewolf.Studio.Views.csproj]
C:\Program Files\dotnet\sdk\10.0.201\Microsoft.Common.CurrentVersion.targets(2451,5): warning MSB3277:             C:\Users\ultra\.nuget\packages\oracle.manageddataaccess.core\3.21.70\lib\netstandard2.1\Oracle.ManagedDataAccess.dll [C:\Users\ultra\warewolf\Dev\Warewolf.Studio.Views\Warewolf.Studio.Views.csproj]
C:\Program Files\dotnet\sdk\10.0.201\Microsoft.Common.CurrentVersion.targets(2451,5): warning MSB3277:             C:\Users\ultra\warewolf\Dev\Dev2.Runtime.Services\bin\Debug\net8.0\Dev2.Runtime.Services.dll [C:\Users\ultra\warewolf\Dev\Warewolf.Studio.Views\Warewolf.Studio.Views.csproj]
C:\Program Files\dotnet\sdk\10.0.201\Microsoft.Common.CurrentVersion.targets(2451,5): warning MSB3277:             C:\Users\ultra\warewolf\Dev\Dev2.Studio.Interfaces\bin\Debug\net8.0\Dev2.Studio.Interfaces.dll [C:\Users\ultra\warewolf\Dev\Warewolf.Studio.Views\Warewolf.Studio.Views.csproj]
C:\Program Files\dotnet\sdk\10.0.201\Microsoft.Common.CurrentVersion.targets(2451,5): warning MSB3277:             C:\Users\ultra\warewolf\Dev\Warewolf.Studio.Core\bin\Debug\net8.0\Warewolf.Studio.Core.dll [C:\Users\ultra\warewolf\Dev\Warewolf.Studio.Views\Warewolf.Studio.Views.csproj]
C:\Program Files\dotnet\sdk\10.0.201\Microsoft.Common.CurrentVersion.targets(2451,5): warning MSB3277:             C:\Users\ultra\warewolf\Dev\Warewolf.Studio.CustomControls\bin\Debug\net8.0\Warewolf.Studio.CustomControls.dll [C:\Users\ultra\warewolf\Dev\Warewolf.Studio.Views\Warewolf.Studio.Views.csproj]
C:\Program Files\dotnet\sdk\10.0.201\Microsoft.Common.CurrentVersion.targets(2451,5): warning MSB3277:             C:\Users\ultra\warewolf\Dev\Dev2.Services.Execution\bin\Debug\net8.0\Dev2.Services.Execution.dll [C:\Users\ultra\warewolf\Dev\Warewolf.Studio.Views\Warewolf.Studio.Views.csproj]
C:\Program Files\dotnet\sdk\10.0.201\Microsoft.Common.CurrentVersion.targets(2451,5): warning MSB3277:             C:\Users\ultra\warewolf\Dev\Dev2.Services.Sql\bin\Debug\net8.0\Dev2.Services.Sql.dll [C:\Users\ultra\warewolf\Dev\Warewolf.Studio.Views\Warewolf.Studio.Views.csproj]
C:\Program Files\dotnet\sdk\10.0.201\Microsoft.Common.CurrentVersion.targets(2451,5): warning MSB3277:             C:\Users\ultra\warewolf\Dev\Warewolf.Studio.Models\bin\Debug\net8.0\Warewolf.Studio.Models.dll [C:\Users\ultra\warewolf\Dev\Warewolf.Studio.Views\Warewolf.Studio.Views.csproj]
C:\Program Files\dotnet\sdk\10.0.201\Microsoft.Common.CurrentVersion.targets(2451,5): warning MSB3277:             C:\Users\ultra\.nuget\packages\prism.wpf\9.0.537\lib\net462\Prism.Wpf.dll [C:\Users\ultra\warewolf\Dev\Warewolf.Studio.Views\Warewolf.Studio.Views.csproj]
C:\Program Files\dotnet\sdk\10.0.201\Microsoft.Common.CurrentVersion.targets(2451,5): warning MSB3277:             C:\Users\ultra\.nuget\packages\reactiveui.wpf\18.4.1\lib\net462\ReactiveUI.Wpf.dll [C:\Users\ultra\warewolf\Dev\Warewolf.Studio.Views\Warewolf.Studio.Views.csproj]
C:\Program Files\dotnet\sdk\10.0.201\Microsoft.Common.CurrentVersion.targets(2451,5): warning MSB3277:             C:\Users\ultra\.nuget\packages\taskschedulereditor\2.10.1\lib\net452\Microsoft.Win32.TaskSchedulerEditor.dll [C:\Users\ultra\warewolf\Dev\Warewolf.Studio.Views\Warewolf.Studio.Views.csproj]
C:\Program Files\dotnet\sdk\10.0.201\Microsoft.Common.CurrentVersion.targets(2451,5): warning MSB3277:             C:\Users\ultra\.nuget\packages\ttcue.netcore.sharepointonline.csom.16.1.8029.1200\16.1.8029.1200\lib\netcoreapp2.0\Microsoft.SharePoint.Client.Runtime.Windows.dll [C:\Users\ultra\warewolf\Dev\Warewolf.Studio.Views\Warewolf.Studio.Views.csproj]
C:\Program Files\dotnet\sdk\10.0.201\Microsoft.Common.CurrentVersion.targets(2451,5): warning MSB3277:             C:\Users\ultra\.nuget\packages\unofficial.microsoft.mshtml\7.0.3300\lib\net40\Microsoft.mshtml.dll [C:\Users\ultra\warewolf\Dev\Warewolf.Studio.Views\Warewolf.Studio.Views.csproj]
C:\Program Files\dotnet\sdk\10.0.201\Microsoft.Common.CurrentVersion.targets(2451,5): warning MSB3277:         C:\Users\ultra\warewolf\Dev\Dev2.Development.Languages\bin\Debug\net8.0\IronRuby.dll [C:\Users\ultra\warewolf\Dev\Warewolf.Studio.Views\Warewolf.Studio.Views.csproj]
C:\Program Files\dotnet\sdk\10.0.201\Microsoft.Common.CurrentVersion.targets(2451,5): warning MSB3277:           Project file item includes which caused reference "C:\Users\ultra\warewolf\Dev\Dev2.Development.Languages\bin\Debug\net8.0\IronRuby.dll". [C:\Users\ultra\warewolf\Dev\Warewolf.Studio.Views\Warewolf.Studio.Views.csproj]
C:\Program Files\dotnet\sdk\10.0.201\Microsoft.Common.CurrentVersion.targets(2451,5): warning MSB3277:             C:\Users\ultra\warewolf\Dev\Dev2.Development.Languages\bin\Debug\net8.0\Dev2.Development.Languages.dll [C:\Users\ultra\warewolf\Dev\Warewolf.Studio.Views\Warewolf.Studio.Views.csproj]
C:\Program Files\dotnet\sdk\10.0.201\Microsoft.Common.CurrentVersion.targets(2451,5): warning MSB3277:             C:\Users\ultra\warewolf\Dev\Dev2.Activities\bin\Debug\net8.0\Dev2.Activities.dll [C:\Users\ultra\warewolf\Dev\Warewolf.Studio.Views\Warewolf.Studio.Views.csproj]
C:\Program Files\dotnet\sdk\10.0.201\Microsoft.Common.CurrentVersion.targets(2451,5): warning MSB3277:             C:\Users\ultra\warewolf\Dev\Dev2.Studio.Core\bin\Debug\net8.0\Dev2.Studio.Core.dll [C:\Users\ultra\warewolf\Dev\Warewolf.Studio.Views\Warewolf.Studio.Views.csproj]
C:\Program Files\dotnet\sdk\10.0.201\Microsoft.Common.CurrentVersion.targets(2451,5): warning MSB3277:             C:\Users\ultra\warewolf\Dev\Dev2.Intellisense\bin\Debug\net8.0\Dev2.Intellisense.dll [C:\Users\ultra\warewolf\Dev\Warewolf.Studio.Views\Warewolf.Studio.Views.csproj]
C:\Program Files\dotnet\sdk\10.0.201\Microsoft.Common.CurrentVersion.targets(2451,5): warning MSB3277:             C:\Users\ultra\warewolf\Dev\Warewolf.Studio.ViewModels\bin\Debug\net8.0\Warewolf.Studio.ViewModels.dll [C:\Users\ultra\warewolf\Dev\Warewolf.Studio.Views\Warewolf.Studio.Views.csproj]
C:\Program Files\dotnet\sdk\10.0.201\Microsoft.Common.CurrentVersion.targets(2451,5): warning MSB3277:         C:\Users\ultra\warewolf\Dev\Dev2.Development.Languages\bin\Debug\net8.0\IronRuby.Libraries.dll [C:\Users\ultra\warewolf\Dev\Warewolf.Studio.Views\Warewolf.Studio.Views.csproj]
C:\Program Files\dotnet\sdk\10.0.201\Microsoft.Common.CurrentVersion.targets(2451,5): warning MSB3277:           Project file item includes which caused reference "C:\Users\ultra\warewolf\Dev\Dev2.Development.Languages\bin\Debug\net8.0\IronRuby.Libraries.dll". [C:\Users\ultra\warewolf\Dev\Warewolf.Studio.Views\Warewolf.Studio.Views.csproj]
C:\Program Files\dotnet\sdk\10.0.201\Microsoft.Common.CurrentVersion.targets(2451,5): warning MSB3277:             C:\Users\ultra\warewolf\Dev\Dev2.Development.Languages\bin\Debug\net8.0\Dev2.Development.Languages.dll [C:\Users\ultra\warewolf\Dev\Warewolf.Studio.Views\Warewolf.Studio.Views.csproj]
C:\Program Files\dotnet\sdk\10.0.201\Microsoft.Common.CurrentVersion.targets(2451,5): warning MSB3277:             C:\Users\ultra\warewolf\Dev\Dev2.Activities\bin\Debug\net8.0\Dev2.Activities.dll [C:\Users\ultra\warewolf\Dev\Warewolf.Studio.Views\Warewolf.Studio.Views.csproj]
C:\Program Files\dotnet\sdk\10.0.201\Microsoft.Common.CurrentVersion.targets(2451,5): warning MSB3277:             C:\Users\ultra\warewolf\Dev\Dev2.Studio.Core\bin\Debug\net8.0\Dev2.Studio.Core.dll [C:\Users\ultra\warewolf\Dev\Warewolf.Studio.Views\Warewolf.Studio.Views.csproj]
C:\Program Files\dotnet\sdk\10.0.201\Microsoft.Common.CurrentVersion.targets(2451,5): warning MSB3277:             C:\Users\ultra\warewolf\Dev\Dev2.Intellisense\bin\Debug\net8.0\Dev2.Intellisense.dll [C:\Users\ultra\warewolf\Dev\Warewolf.Studio.Views\Warewolf.Studio.Views.csproj]
C:\Program Files\dotnet\sdk\10.0.201\Microsoft.Common.CurrentVersion.targets(2451,5): warning MSB3277:             C:\Users\ultra\warewolf\Dev\Warewolf.Studio.ViewModels\bin\Debug\net8.0\Warewolf.Studio.ViewModels.dll [C:\Users\ultra\warewolf\Dev\Warewolf.Studio.Views\Warewolf.Studio.Views.csproj]
C:\Program Files\dotnet\sdk\10.0.201\Microsoft.Common.CurrentVersion.targets(2451,5): warning MSB3277: Found conflicts between different versions of "WindowsBase" that could not be resolved. [C:\Users\ultra\warewolf\Dev\Warewolf.Studio.Views\Warewolf.Studio.Views.csproj]
C:\Program Files\dotnet\sdk\10.0.201\Microsoft.Common.CurrentVersion.targets(2451,5): warning MSB3277: There was a conflict between "WindowsBase, Version=4.0.0.0, Culture=neutral, PublicKeyToken=31bf3856ad364e35" and "WindowsBase, Version=6.0.2.0, Culture=neutral, PublicKeyToken=31bf3856ad364e35". [C:\Users\ultra\warewolf\Dev\Warewolf.Studio.Views\Warewolf.Studio.Views.csproj]
C:\Program Files\dotnet\sdk\10.0.201\Microsoft.Common.CurrentVersion.targets(2451,5): warning MSB3277:     "WindowsBase, Version=4.0.0.0, Culture=neutral, PublicKeyToken=31bf3856ad364e35" was chosen because it was primary and "WindowsBase, Version=6.0.2.0, Culture=neutral, PublicKeyToken=31bf3856ad364e35" was not. [C:\Users\ultra\warewolf\Dev\Warewolf.Studio.Views\Warewolf.Studio.Views.csproj]
C:\Program Files\dotnet\sdk\10.0.201\Microsoft.Common.CurrentVersion.targets(2451,5): warning MSB3277:     References which depend on "WindowsBase, Version=4.0.0.0, Culture=neutral, PublicKeyToken=31bf3856ad364e35" [C:\Program Files\dotnet\packs\Microsoft.NETCore.App.Ref\8.0.25\ref\net8.0\WindowsBase.dll]. [C:\Users\ultra\warewolf\Dev\Warewolf.Studio.Views\Warewolf.Studio.Views.csproj]
C:\Program Files\dotnet\sdk\10.0.201\Microsoft.Common.CurrentVersion.targets(2451,5): warning MSB3277:         C:\Program Files\dotnet\packs\Microsoft.NETCore.App.Ref\8.0.25\ref\net8.0\WindowsBase.dll [C:\Users\ultra\warewolf\Dev\Warewolf.Studio.Views\Warewolf.Studio.Views.csproj]
C:\Program Files\dotnet\sdk\10.0.201\Microsoft.Common.CurrentVersion.targets(2451,5): warning MSB3277:           Project file item includes which caused reference "C:\Program Files\dotnet\packs\Microsoft.NETCore.App.Ref\8.0.25\ref\net8.0\WindowsBase.dll". [C:\Users\ultra\warewolf\Dev\Warewolf.Studio.Views\Warewolf.Studio.Views.csproj]
C:\Program Files\dotnet\sdk\10.0.201\Microsoft.Common.CurrentVersion.targets(2451,5): warning MSB3277:             C:\Program Files\dotnet\packs\Microsoft.NETCore.App.Ref\8.0.25\ref/net8.0/WindowsBase.dll [C:\Users\ultra\warewolf\Dev\Warewolf.Studio.Views\Warewolf.Studio.Views.csproj]
C:\Program Files\dotnet\sdk\10.0.201\Microsoft.Common.CurrentVersion.targets(2451,5): warning MSB3277:     References which depend on or have been unified to "WindowsBase, Version=6.0.2.0, Culture=neutral, PublicKeyToken=31bf3856ad364e35" []. [C:\Users\ultra\warewolf\Dev\Warewolf.Studio.Views\Warewolf.Studio.Views.csproj]
C:\Program Files\dotnet\sdk\10.0.201\Microsoft.Common.CurrentVersion.targets(2451,5): warning MSB3277:         C:\Users\ultra\warewolf\Dev\Binaries\Infragistcs_Net6\InfragisticsWPF4.Controls.Editors.XamComboEditor.v15.1.dll [C:\Users\ultra\warewolf\Dev\Warewolf.Studio.Views\Warewolf.Studio.Views.csproj]
C:\Program Files\dotnet\sdk\10.0.201\Microsoft.Common.CurrentVersion.targets(2451,5): warning MSB3277:           Project file item includes which caused reference "C:\Users\ultra\warewolf\Dev\Binaries\Infragistcs_Net6\InfragisticsWPF4.Controls.Editors.XamComboEditor.v15.1.dll". [C:\Users\ultra\warewolf\Dev\Warewolf.Studio.Views\Warewolf.Studio.Views.csproj]
C:\Program Files\dotnet\sdk\10.0.201\Microsoft.Common.CurrentVersion.targets(2451,5): warning MSB3277:             InfragisticsWPF4.Controls.Editors.XamComboEditor.v15.1 [C:\Users\ultra\warewolf\Dev\Warewolf.Studio.Views\Warewolf.Studio.Views.csproj]
C:\Program Files\dotnet\sdk\10.0.201\Microsoft.Common.CurrentVersion.targets(2451,5): warning MSB3277:         C:\Users\ultra\warewolf\Dev\Binaries\Infragistcs_Net6\InfragisticsWPF4.Controls.Editors.XamRichTextEditor.v15.1.dll [C:\Users\ultra\warewolf\Dev\Warewolf.Studio.Views\Warewolf.Studio.Views.csproj]
C:\Program Files\dotnet\sdk\10.0.201\Microsoft.Common.CurrentVersion.targets(2451,5): warning MSB3277:           Project file item includes which caused reference "C:\Users\ultra\warewolf\Dev\Binaries\Infragistcs_Net6\InfragisticsWPF4.Controls.Editors.XamRichTextEditor.v15.1.dll". [C:\Users\ultra\warewolf\Dev\Warewolf.Studio.Views\Warewolf.Studio.Views.csproj]
C:\Program Files\dotnet\sdk\10.0.201\Microsoft.Common.CurrentVersion.targets(2451,5): warning MSB3277:             InfragisticsWPF4.Controls.Editors.XamRichTextEditor.v15.1 [C:\Users\ultra\warewolf\Dev\Warewolf.Studio.Views\Warewolf.Studio.Views.csproj]
C:\Program Files\dotnet\sdk\10.0.201\Microsoft.Common.CurrentVersion.targets(2451,5): warning MSB3277:         C:\Users\ultra\warewolf\Dev\Binaries\Infragistcs_Net6\InfragisticsWPF4.Controls.Grids.XamGrid.v15.1.dll [C:\Users\ultra\warewolf\Dev\Warewolf.Studio.Views\Warewolf.Studio.Views.csproj]
C:\Program Files\dotnet\sdk\10.0.201\Microsoft.Common.CurrentVersion.targets(2451,5): warning MSB3277:           Project file item includes which caused reference "C:\Users\ultra\warewolf\Dev\Binaries\Infragistcs_Net6\InfragisticsWPF4.Controls.Grids.XamGrid.v15.1.dll". [C:\Users\ultra\warewolf\Dev\Warewolf.Studio.Views\Warewolf.Studio.Views.csproj]
C:\Program Files\dotnet\sdk\10.0.201\Microsoft.Common.CurrentVersion.targets(2451,5): warning MSB3277:             InfragisticsWPF4.Controls.Grids.XamGrid.v15.1 [C:\Users\ultra\warewolf\Dev\Warewolf.Studio.Views\Warewolf.Studio.Views.csproj]
C:\Program Files\dotnet\sdk\10.0.201\Microsoft.Common.CurrentVersion.targets(2451,5): warning MSB3277:         C:\Users\ultra\warewolf\Dev\Binaries\Infragistcs_Net6\InfragisticsWPF4.Controls.Interactions.XamDialogWindow.v15.1.dll [C:\Users\ultra\warewolf\Dev\Warewolf.Studio.Views\Warewolf.Studio.Views.csproj]
C:\Program Files\dotnet\sdk\10.0.201\Microsoft.Common.CurrentVersion.targets(2451,5): warning MSB3277:           Project file item includes which caused reference "C:\Users\ultra\warewolf\Dev\Binaries\Infragistcs_Net6\InfragisticsWPF4.Controls.Interactions.XamDialogWindow.v15.1.dll". [C:\Users\ultra\warewolf\Dev\Warewolf.Studio.Views\Warewolf.Studio.Views.csproj]
C:\Program Files\dotnet\sdk\10.0.201\Microsoft.Common.CurrentVersion.targets(2451,5): warning MSB3277:             InfragisticsWPF4.Controls.Interactions.XamDialogWindow.v15.1 [C:\Users\ultra\warewolf\Dev\Warewolf.Studio.Views\Warewolf.Studio.Views.csproj]
C:\Program Files\dotnet\sdk\10.0.201\Microsoft.Common.CurrentVersion.targets(2451,5): warning MSB3277:         C:\Users\ultra\warewolf\Dev\Binaries\Infragistcs_Net6\InfragisticsWPF4.Controls.Menus.XamDataTree.v15.1.dll [C:\Users\ultra\warewolf\Dev\Warewolf.Studio.Views\Warewolf.Studio.Views.csproj]
C:\Program Files\dotnet\sdk\10.0.201\Microsoft.Common.CurrentVersion.targets(2451,5): warning MSB3277:           Project file item includes which caused reference "C:\Users\ultra\warewolf\Dev\Binaries\Infragistcs_Net6\InfragisticsWPF4.Controls.Menus.XamDataTree.v15.1.dll". [C:\Users\ultra\warewolf\Dev\Warewolf.Studio.Views\Warewolf.Studio.Views.csproj]
C:\Program Files\dotnet\sdk\10.0.201\Microsoft.Common.CurrentVersion.targets(2451,5): warning MSB3277:             InfragisticsWPF4.Controls.Menus.XamDataTree.v15.1 [C:\Users\ultra\warewolf\Dev\Warewolf.Studio.Views\Warewolf.Studio.Views.csproj]
C:\Program Files\dotnet\sdk\10.0.201\Microsoft.Common.CurrentVersion.targets(2451,5): warning MSB3277:         C:\Users\ultra\warewolf\Dev\Binaries\Infragistcs_Net6\InfragisticsWPF4.Controls.Menus.XamMenu.v15.1.dll [C:\Users\ultra\warewolf\Dev\Warewolf.Studio.Views\Warewolf.Studio.Views.csproj]
C:\Program Files\dotnet\sdk\10.0.201\Microsoft.Common.CurrentVersion.targets(2451,5): warning MSB3277:           Project file item includes which caused reference "C:\Users\ultra\warewolf\Dev\Binaries\Infragistcs_Net6\InfragisticsWPF4.Controls.Menus.XamMenu.v15.1.dll". [C:\Users\ultra\warewolf\Dev\Warewolf.Studio.Views\Warewolf.Studio.Views.csproj]
C:\Program Files\dotnet\sdk\10.0.201\Microsoft.Common.CurrentVersion.targets(2451,5): warning MSB3277:             InfragisticsWPF4.Controls.Menus.XamMenu.v15.1 [C:\Users\ultra\warewolf\Dev\Warewolf.Studio.Views\Warewolf.Studio.Views.csproj]
C:\Program Files\dotnet\sdk\10.0.201\Microsoft.Common.CurrentVersion.targets(2451,5): warning MSB3277:             InfragisticsWPF4.Controls.Editors.XamRichTextEditor.v15.1 [C:\Users\ultra\warewolf\Dev\Warewolf.Studio.Views\Warewolf.Studio.Views.csproj]
C:\Program Files\dotnet\sdk\10.0.201\Microsoft.Common.CurrentVersion.targets(2451,5): warning MSB3277:             InfragisticsWPF4.Controls.Grids.XamGrid.v15.1 [C:\Users\ultra\warewolf\Dev\Warewolf.Studio.Views\Warewolf.Studio.Views.csproj]
C:\Program Files\dotnet\sdk\10.0.201\Microsoft.Common.CurrentVersion.targets(2451,5): warning MSB3277:         C:\Users\ultra\warewolf\Dev\Binaries\Infragistcs_Net6\InfragisticsWPF4.DataManager.v15.1.dll [C:\Users\ultra\warewolf\Dev\Warewolf.Studio.Views\Warewolf.Studio.Views.csproj]
C:\Program Files\dotnet\sdk\10.0.201\Microsoft.Common.CurrentVersion.targets(2451,5): warning MSB3277:           Project file item includes which caused reference "C:\Users\ultra\warewolf\Dev\Binaries\Infragistcs_Net6\InfragisticsWPF4.DataManager.v15.1.dll". [C:\Users\ultra\warewolf\Dev\Warewolf.Studio.Views\Warewolf.Studio.Views.csproj]
C:\Program Files\dotnet\sdk\10.0.201\Microsoft.Common.CurrentVersion.targets(2451,5): warning MSB3277:             InfragisticsWPF4.DataManager.v15.1 [C:\Users\ultra\warewolf\Dev\Warewolf.Studio.Views\Warewolf.Studio.Views.csproj]
C:\Program Files\dotnet\sdk\10.0.201\Microsoft.Common.CurrentVersion.targets(2451,5): warning MSB3277:             InfragisticsWPF4.Controls.Editors.XamComboEditor.v15.1 [C:\Users\ultra\warewolf\Dev\Warewolf.Studio.Views\Warewolf.Studio.Views.csproj]
C:\Program Files\dotnet\sdk\10.0.201\Microsoft.Common.CurrentVersion.targets(2451,5): warning MSB3277:             InfragisticsWPF4.Controls.Grids.XamGrid.v15.1 [C:\Users\ultra\warewolf\Dev\Warewolf.Studio.Views\Warewolf.Studio.Views.csproj]
C:\Program Files\dotnet\sdk\10.0.201\Microsoft.Common.CurrentVersion.targets(2451,5): warning MSB3277:             InfragisticsWPF4.Controls.Menus.XamDataTree.v15.1 [C:\Users\ultra\warewolf\Dev\Warewolf.Studio.Views\Warewolf.Studio.Views.csproj]
C:\Program Files\dotnet\sdk\10.0.201\Microsoft.Common.CurrentVersion.targets(2451,5): warning MSB3277:         C:\Users\ultra\warewolf\Dev\Binaries\Infragistcs_Net6\InfragisticsWPF4.DockManager.v15.1.dll [C:\Users\ultra\warewolf\Dev\Warewolf.Studio.Views\Warewolf.Studio.Views.csproj]
C:\Program Files\dotnet\sdk\10.0.201\Microsoft.Common.CurrentVersion.targets(2451,5): warning MSB3277:           Project file item includes which caused reference "C:\Users\ultra\warewolf\Dev\Binaries\Infragistcs_Net6\InfragisticsWPF4.DockManager.v15.1.dll". [C:\Users\ultra\warewolf\Dev\Warewolf.Studio.Views\Warewolf.Studio.Views.csproj]
C:\Program Files\dotnet\sdk\10.0.201\Microsoft.Common.CurrentVersion.targets(2451,5): warning MSB3277:             InfragisticsWPF4.DockManager.v15.1 [C:\Users\ultra\warewolf\Dev\Warewolf.Studio.Views\Warewolf.Studio.Views.csproj]
C:\Program Files\dotnet\sdk\10.0.201\Microsoft.Common.CurrentVersion.targets(2451,5): warning MSB3277:         C:\Users\ultra\warewolf\Dev\Binaries\Infragistcs_Net6\InfragisticsWPF4.Documents.RichTextDocument.Html.v15.1.dll [C:\Users\ultra\warewolf\Dev\Warewolf.Studio.Views\Warewolf.Studio.Views.csproj]
C:\Program Files\dotnet\sdk\10.0.201\Microsoft.Common.CurrentVersion.targets(2451,5): warning MSB3277:           Project file item includes which caused reference "C:\Users\ultra\warewolf\Dev\Binaries\Infragistcs_Net6\InfragisticsWPF4.Documents.RichTextDocument.Html.v15.1.dll". [C:\Users\ultra\warewolf\Dev\Warewolf.Studio.Views\Warewolf.Studio.Views.csproj]
C:\Program Files\dotnet\sdk\10.0.201\Microsoft.Common.CurrentVersion.targets(2451,5): warning MSB3277:             InfragisticsWPF4.Documents.RichTextDocument.Html.v15.1 [C:\Users\ultra\warewolf\Dev\Warewolf.Studio.Views\Warewolf.Studio.Views.csproj]
C:\Program Files\dotnet\sdk\10.0.201\Microsoft.Common.CurrentVersion.targets(2451,5): warning MSB3277:         C:\Users\ultra\warewolf\Dev\Binaries\Infragistcs_Net6\InfragisticsWPF4.Documents.RichTextDocument.v15.1.dll [C:\Users\ultra\warewolf\Dev\Warewolf.Studio.Views\Warewolf.Studio.Views.csproj]
C:\Program Files\dotnet\sdk\10.0.201\Microsoft.Common.CurrentVersion.targets(2451,5): warning MSB3277:           Project file item includes which caused reference "C:\Users\ultra\warewolf\Dev\Binaries\Infragistcs_Net6\InfragisticsWPF4.Documents.RichTextDocument.v15.1.dll". [C:\Users\ultra\warewolf\Dev\Warewolf.Studio.Views\Warewolf.Studio.Views.csproj]
C:\Program Files\dotnet\sdk\10.0.201\Microsoft.Common.CurrentVersion.targets(2451,5): warning MSB3277:             InfragisticsWPF4.Documents.RichTextDocument.v15.1 [C:\Users\ultra\warewolf\Dev\Warewolf.Studio.Views\Warewolf.Studio.Views.csproj]
C:\Program Files\dotnet\sdk\10.0.201\Microsoft.Common.CurrentVersion.targets(2451,5): warning MSB3277:             InfragisticsWPF4.Controls.Editors.XamRichTextEditor.v15.1 [C:\Users\ultra\warewolf\Dev\Warewolf.Studio.Views\Warewolf.Studio.Views.csproj]
C:\Program Files\dotnet\sdk\10.0.201\Microsoft.Common.CurrentVersion.targets(2451,5): warning MSB3277:             InfragisticsWPF4.Documents.RichTextDocument.Html.v15.1 [C:\Users\ultra\warewolf\Dev\Warewolf.Studio.Views\Warewolf.Studio.Views.csproj]
C:\Program Files\dotnet\sdk\10.0.201\Microsoft.Common.CurrentVersion.targets(2451,5): warning MSB3277:         C:\Users\ultra\warewolf\Dev\Binaries\Infragistcs_Net6\InfragisticsWPF4.DragDrop.v15.1.dll [C:\Users\ultra\warewolf\Dev\Warewolf.Studio.Views\Warewolf.Studio.Views.csproj]
C:\Program Files\dotnet\sdk\10.0.201\Microsoft.Common.CurrentVersion.targets(2451,5): warning MSB3277:           Project file item includes which caused reference "C:\Users\ultra\warewolf\Dev\Binaries\Infragistcs_Net6\InfragisticsWPF4.DragDrop.v15.1.dll". [C:\Users\ultra\warewolf\Dev\Warewolf.Studio.Views\Warewolf.Studio.Views.csproj]
C:\Program Files\dotnet\sdk\10.0.201\Microsoft.Common.CurrentVersion.targets(2451,5): warning MSB3277:             InfragisticsWPF4.DragDrop.v15.1 [C:\Users\ultra\warewolf\Dev\Warewolf.Studio.Views\Warewolf.Studio.Views.csproj]
C:\Program Files\dotnet\sdk\10.0.201\Microsoft.Common.CurrentVersion.targets(2451,5): warning MSB3277:             InfragisticsWPF4.Controls.Menus.XamDataTree.v15.1 [C:\Users\ultra\warewolf\Dev\Warewolf.Studio.Views\Warewolf.Studio.Views.csproj]
C:\Program Files\dotnet\sdk\10.0.201\Microsoft.Common.CurrentVersion.targets(2451,5): warning MSB3277:         C:\Users\ultra\warewolf\Dev\Binaries\Infragistcs_Net6\InfragisticsWPF4.Editors.v15.1.dll [C:\Users\ultra\warewolf\Dev\Warewolf.Studio.Views\Warewolf.Studio.Views.csproj]
C:\Program Files\dotnet\sdk\10.0.201\Microsoft.Common.CurrentVersion.targets(2451,5): warning MSB3277:           Project file item includes which caused reference "C:\Users\ultra\warewolf\Dev\Binaries\Infragistcs_Net6\InfragisticsWPF4.Editors.v15.1.dll". [C:\Users\ultra\warewolf\Dev\Warewolf.Studio.Views\Warewolf.Studio.Views.csproj]
C:\Program Files\dotnet\sdk\10.0.201\Microsoft.Common.CurrentVersion.targets(2451,5): warning MSB3277:             InfragisticsWPF4.Editors.v15.1 [C:\Users\ultra\warewolf\Dev\Warewolf.Studio.Views\Warewolf.Studio.Views.csproj]
C:\Program Files\dotnet\sdk\10.0.201\Microsoft.Common.CurrentVersion.targets(2451,5): warning MSB3277:         C:\Users\ultra\warewolf\Dev\Binaries\Infragistcs_Net6\InfragisticsWPF4.v15.1.dll [C:\Users\ultra\warewolf\Dev\Warewolf.Studio.Views\Warewolf.Studio.Views.csproj]
C:\Program Files\dotnet\sdk\10.0.201\Microsoft.Common.CurrentVersion.targets(2451,5): warning MSB3277:           Project file item includes which caused reference "C:\Users\ultra\warewolf\Dev\Binaries\Infragistcs_Net6\InfragisticsWPF4.v15.1.dll". [C:\Users\ultra\warewolf\Dev\Warewolf.Studio.Views\Warewolf.Studio.Views.csproj]
C:\Program Files\dotnet\sdk\10.0.201\Microsoft.Common.CurrentVersion.targets(2451,5): warning MSB3277:             InfragisticsWPF4.v15.1 [C:\Users\ultra\warewolf\Dev\Warewolf.Studio.Views\Warewolf.Studio.Views.csproj]
C:\Program Files\dotnet\sdk\10.0.201\Microsoft.Common.CurrentVersion.targets(2451,5): warning MSB3277:             InfragisticsWPF4.Controls.Editors.XamComboEditor.v15.1 [C:\Users\ultra\warewolf\Dev\Warewolf.Studio.Views\Warewolf.Studio.Views.csproj]
C:\Program Files\dotnet\sdk\10.0.201\Microsoft.Common.CurrentVersion.targets(2451,5): warning MSB3277:             InfragisticsWPF4.Controls.Editors.XamRichTextEditor.v15.1 [C:\Users\ultra\warewolf\Dev\Warewolf.Studio.Views\Warewolf.Studio.Views.csproj]
C:\Program Files\dotnet\sdk\10.0.201\Microsoft.Common.CurrentVersion.targets(2451,5): warning MSB3277:             InfragisticsWPF4.Controls.Grids.XamGrid.v15.1 [C:\Users\ultra\warewolf\Dev\Warewolf.Studio.Views\Warewolf.Studio.Views.csproj]
C:\Program Files\dotnet\sdk\10.0.201\Microsoft.Common.CurrentVersion.targets(2451,5): warning MSB3277:             InfragisticsWPF4.Controls.Interactions.XamDialogWindow.v15.1 [C:\Users\ultra\warewolf\Dev\Warewolf.Studio.Views\Warewolf.Studio.Views.csproj]
C:\Program Files\dotnet\sdk\10.0.201\Microsoft.Common.CurrentVersion.targets(2451,5): warning MSB3277:             InfragisticsWPF4.Controls.Menus.XamDataTree.v15.1 [C:\Users\ultra\warewolf\Dev\Warewolf.Studio.Views\Warewolf.Studio.Views.csproj]
C:\Program Files\dotnet\sdk\10.0.201\Microsoft.Common.CurrentVersion.targets(2451,5): warning MSB3277:             InfragisticsWPF4.Controls.Menus.XamMenu.v15.1 [C:\Users\ultra\warewolf\Dev\Warewolf.Studio.Views\Warewolf.Studio.Views.csproj]
C:\Program Files\dotnet\sdk\10.0.201\Microsoft.Common.CurrentVersion.targets(2451,5): warning MSB3277:             InfragisticsWPF4.DataManager.v15.1 [C:\Users\ultra\warewolf\Dev\Warewolf.Studio.Views\Warewolf.Studio.Views.csproj]
C:\Program Files\dotnet\sdk\10.0.201\Microsoft.Common.CurrentVersion.targets(2451,5): warning MSB3277:             InfragisticsWPF4.DockManager.v15.1 [C:\Users\ultra\warewolf\Dev\Warewolf.Studio.Views\Warewolf.Studio.Views.csproj]
C:\Program Files\dotnet\sdk\10.0.201\Microsoft.Common.CurrentVersion.targets(2451,5): warning MSB3277:             InfragisticsWPF4.Documents.RichTextDocument.Html.v15.1 [C:\Users\ultra\warewolf\Dev\Warewolf.Studio.Views\Warewolf.Studio.Views.csproj]
C:\Program Files\dotnet\sdk\10.0.201\Microsoft.Common.CurrentVersion.targets(2451,5): warning MSB3277:             InfragisticsWPF4.Documents.RichTextDocument.v15.1 [C:\Users\ultra\warewolf\Dev\Warewolf.Studio.Views\Warewolf.Studio.Views.csproj]
C:\Program Files\dotnet\sdk\10.0.201\Microsoft.Common.CurrentVersion.targets(2451,5): warning MSB3277:             InfragisticsWPF4.Editors.v15.1 [C:\Users\ultra\warewolf\Dev\Warewolf.Studio.Views\Warewolf.Studio.Views.csproj]
C:\Program Files\dotnet\sdk\10.0.201\Microsoft.Common.CurrentVersion.targets(2451,5): warning MSB3277:         C:\Users\ultra\.nuget\packages\caliburn.micro\4.0.212\lib\netcoreapp3.1\Caliburn.Micro.Platform.dll [C:\Users\ultra\warewolf\Dev\Warewolf.Studio.Views\Warewolf.Studio.Views.csproj]
C:\Program Files\dotnet\sdk\10.0.201\Microsoft.Common.CurrentVersion.targets(2451,5): warning MSB3277:           Project file item includes which caused reference "C:\Users\ultra\.nuget\packages\caliburn.micro\4.0.212\lib\netcoreapp3.1\Caliburn.Micro.Platform.dll". [C:\Users\ultra\warewolf\Dev\Warewolf.Studio.Views\Warewolf.Studio.Views.csproj]
C:\Program Files\dotnet\sdk\10.0.201\Microsoft.Common.CurrentVersion.targets(2451,5): warning MSB3277:             C:\Users\ultra\.nuget\packages\caliburn.micro\4.0.212\lib\netcoreapp3.1\Caliburn.Micro.Platform.dll [C:\Users\ultra\warewolf\Dev\Warewolf.Studio.Views\Warewolf.Studio.Views.csproj]
C:\Program Files\dotnet\sdk\10.0.201\Microsoft.Common.CurrentVersion.targets(2451,5): warning MSB3277:         C:\Users\ultra\.nuget\packages\extended.wpf.toolkit\4.4.0\lib\net5.0\Xceed.Wpf.AvalonDock.NET5.dll [C:\Users\ultra\warewolf\Dev\Warewolf.Studio.Views\Warewolf.Studio.Views.csproj]
C:\Program Files\dotnet\sdk\10.0.201\Microsoft.Common.CurrentVersion.targets(2451,5): warning MSB3277:           Project file item includes which caused reference "C:\Users\ultra\.nuget\packages\extended.wpf.toolkit\4.4.0\lib\net5.0\Xceed.Wpf.AvalonDock.NET5.dll". [C:\Users\ultra\warewolf\Dev\Warewolf.Studio.Views\Warewolf.Studio.Views.csproj]
C:\Program Files\dotnet\sdk\10.0.201\Microsoft.Common.CurrentVersion.targets(2451,5): warning MSB3277:             C:\Users\ultra\.nuget\packages\extended.wpf.toolkit\4.4.0\lib\net5.0\Xceed.Wpf.AvalonDock.NET5.dll [C:\Users\ultra\warewolf\Dev\Warewolf.Studio.Views\Warewolf.Studio.Views.csproj]
C:\Program Files\dotnet\sdk\10.0.201\Microsoft.Common.CurrentVersion.targets(2451,5): warning MSB3277:             C:\Users\ultra\.nuget\packages\extended.wpf.toolkit\4.4.0\lib\net5.0\Xceed.Wpf.AvalonDock.Themes.Aero.NET5.dll [C:\Users\ultra\warewolf\Dev\Warewolf.Studio.Views\Warewolf.Studio.Views.csproj]
C:\Program Files\dotnet\sdk\10.0.201\Microsoft.Common.CurrentVersion.targets(2451,5): warning MSB3277:             C:\Users\ultra\.nuget\packages\extended.wpf.toolkit\4.4.0\lib\net5.0\Xceed.Wpf.AvalonDock.Themes.Metro.NET5.dll [C:\Users\ultra\warewolf\Dev\Warewolf.Studio.Views\Warewolf.Studio.Views.csproj]
C:\Program Files\dotnet\sdk\10.0.201\Microsoft.Common.CurrentVersion.targets(2451,5): warning MSB3277:             C:\Users\ultra\.nuget\packages\extended.wpf.toolkit\4.4.0\lib\net5.0\Xceed.Wpf.AvalonDock.Themes.VS2010.NET5.dll [C:\Users\ultra\warewolf\Dev\Warewolf.Studio.Views\Warewolf.Studio.Views.csproj]
C:\Program Files\dotnet\sdk\10.0.201\Microsoft.Common.CurrentVersion.targets(2451,5): warning MSB3277:         C:\Users\ultra\.nuget\packages\extended.wpf.toolkit\4.4.0\lib\net5.0\Xceed.Wpf.AvalonDock.Themes.Aero.NET5.dll [C:\Users\ultra\warewolf\Dev\Warewolf.Studio.Views\Warewolf.Studio.Views.csproj]
C:\Program Files\dotnet\sdk\10.0.201\Microsoft.Common.CurrentVersion.targets(2451,5): warning MSB3277:           Project file item includes which caused reference "C:\Users\ultra\.nuget\packages\extended.wpf.toolkit\4.4.0\lib\net5.0\Xceed.Wpf.AvalonDock.Themes.Aero.NET5.dll". [C:\Users\ultra\warewolf\Dev\Warewolf.Studio.Views\Warewolf.Studio.Views.csproj]
C:\Program Files\dotnet\sdk\10.0.201\Microsoft.Common.CurrentVersion.targets(2451,5): warning MSB3277:             C:\Users\ultra\.nuget\packages\extended.wpf.toolkit\4.4.0\lib\net5.0\Xceed.Wpf.AvalonDock.Themes.Aero.NET5.dll [C:\Users\ultra\warewolf\Dev\Warewolf.Studio.Views\Warewolf.Studio.Views.csproj]
C:\Program Files\dotnet\sdk\10.0.201\Microsoft.Common.CurrentVersion.targets(2451,5): warning MSB3277:         C:\Users\ultra\.nuget\packages\extended.wpf.toolkit\4.4.0\lib\net5.0\Xceed.Wpf.Toolkit.NET5.dll [C:\Users\ultra\warewolf\Dev\Warewolf.Studio.Views\Warewolf.Studio.Views.csproj]
C:\Program Files\dotnet\sdk\10.0.201\Microsoft.Common.CurrentVersion.targets(2451,5): warning MSB3277:           Project file item includes which caused reference "C:\Users\ultra\.nuget\packages\extended.wpf.toolkit\4.4.0\lib\net5.0\Xceed.Wpf.Toolkit.NET5.dll". [C:\Users\ultra\warewolf\Dev\Warewolf.Studio.Views\Warewolf.Studio.Views.csproj]
C:\Program Files\dotnet\sdk\10.0.201\Microsoft.Common.CurrentVersion.targets(2451,5): warning MSB3277:             C:\Users\ultra\.nuget\packages\extended.wpf.toolkit\4.4.0\lib\net5.0\Xceed.Wpf.Toolkit.NET5.dll [C:\Users\ultra\warewolf\Dev\Warewolf.Studio.Views\Warewolf.Studio.Views.csproj]
C:\Program Files\dotnet\sdk\10.0.201\Microsoft.Common.CurrentVersion.targets(2451,5): warning MSB3277:         C:\Users\ultra\.nuget\packages\ironpython\3.4.0\lib\net6.0\IronPython.Wpf.dll [C:\Users\ultra\warewolf\Dev\Warewolf.Studio.Views\Warewolf.Studio.Views.csproj]
C:\Program Files\dotnet\sdk\10.0.201\Microsoft.Common.CurrentVersion.targets(2451,5): warning MSB3277:           Project file item includes which caused reference "C:\Users\ultra\.nuget\packages\ironpython\3.4.0\lib\net6.0\IronPython.Wpf.dll". [C:\Users\ultra\warewolf\Dev\Warewolf.Studio.Views\Warewolf.Studio.Views.csproj]
C:\Program Files\dotnet\sdk\10.0.201\Microsoft.Common.CurrentVersion.targets(2451,5): warning MSB3277:             C:\Users\ultra\.nuget\packages\ironpython\3.4.0\lib\net6.0\IronPython.Wpf.dll [C:\Users\ultra\warewolf\Dev\Warewolf.Studio.Views\Warewolf.Studio.Views.csproj]
C:\Program Files\dotnet\sdk\10.0.201\Microsoft.Common.CurrentVersion.targets(2451,5): warning MSB3277:         C:\Users\ultra\.nuget\packages\microsoft.xaml.behaviors.wpf\1.1.122\lib\net462\Microsoft.Xaml.Behaviors.dll [C:\Users\ultra\warewolf\Dev\Warewolf.Studio.Views\Warewolf.Studio.Views.csproj]
C:\Program Files\dotnet\sdk\10.0.201\Microsoft.Common.CurrentVersion.targets(2451,5): warning MSB3277:           Project file item includes which caused reference "C:\Users\ultra\.nuget\packages\microsoft.xaml.behaviors.wpf\1.1.122\lib\net462\Microsoft.Xaml.Behaviors.dll". [C:\Users\ultra\warewolf\Dev\Warewolf.Studio.Views\Warewolf.Studio.Views.csproj]
C:\Program Files\dotnet\sdk\10.0.201\Microsoft.Common.CurrentVersion.targets(2451,5): warning MSB3277:             C:\Users\ultra\.nuget\packages\microsoft.xaml.behaviors.wpf\1.1.122\lib\net462\Microsoft.Xaml.Behaviors.dll [C:\Users\ultra\warewolf\Dev\Warewolf.Studio.Views\Warewolf.Studio.Views.csproj]
C:\Program Files\dotnet\sdk\10.0.201\Microsoft.Common.CurrentVersion.targets(2451,5): warning MSB3277:             C:\Users\ultra\.nuget\packages\caliburn.micro\4.0.212\lib\netcoreapp3.1\Caliburn.Micro.Platform.dll [C:\Users\ultra\warewolf\Dev\Warewolf.Studio.Views\Warewolf.Studio.Views.csproj]
C:\Program Files\dotnet\sdk\10.0.201\Microsoft.Common.CurrentVersion.targets(2451,5): warning MSB3277:             C:\Users\ultra\.nuget\packages\prism.wpf\9.0.537\lib\net462\Prism.Wpf.dll [C:\Users\ultra\warewolf\Dev\Warewolf.Studio.Views\Warewolf.Studio.Views.csproj]
C:\Program Files\dotnet\sdk\10.0.201\Microsoft.Common.CurrentVersion.targets(2451,5): warning MSB3277:         C:\Users\ultra\.nuget\packages\prism.wpf\9.0.537\lib\net462\Prism.Wpf.dll [C:\Users\ultra\warewolf\Dev\Warewolf.Studio.Views\Warewolf.Studio.Views.csproj]
C:\Program Files\dotnet\sdk\10.0.201\Microsoft.Common.CurrentVersion.targets(2451,5): warning MSB3277:           Project file item includes which caused reference "C:\Users\ultra\.nuget\packages\prism.wpf\9.0.537\lib\net462\Prism.Wpf.dll". [C:\Users\ultra\warewolf\Dev\Warewolf.Studio.Views\Warewolf.Studio.Views.csproj]
C:\Program Files\dotnet\sdk\10.0.201\Microsoft.Common.CurrentVersion.targets(2451,5): warning MSB3277:             C:\Users\ultra\.nuget\packages\prism.wpf\9.0.537\lib\net462\Prism.Wpf.dll [C:\Users\ultra\warewolf\Dev\Warewolf.Studio.Views\Warewolf.Studio.Views.csproj]
C:\Program Files\dotnet\sdk\10.0.201\Microsoft.Common.CurrentVersion.targets(2451,5): warning MSB3277:         C:\Users\ultra\.nuget\packages\reactiveui.wpf\18.4.1\lib\net462\ReactiveUI.Wpf.dll [C:\Users\ultra\warewolf\Dev\Warewolf.Studio.Views\Warewolf.Studio.Views.csproj]
C:\Program Files\dotnet\sdk\10.0.201\Microsoft.Common.CurrentVersion.targets(2451,5): warning MSB3277:           Project file item includes which caused reference "C:\Users\ultra\.nuget\packages\reactiveui.wpf\18.4.1\lib\net462\ReactiveUI.Wpf.dll". [C:\Users\ultra\warewolf\Dev\Warewolf.Studio.Views\Warewolf.Studio.Views.csproj]
C:\Program Files\dotnet\sdk\10.0.201\Microsoft.Common.CurrentVersion.targets(2451,5): warning MSB3277:             C:\Users\ultra\.nuget\packages\reactiveui.wpf\18.4.1\lib\net462\ReactiveUI.Wpf.dll [C:\Users\ultra\warewolf\Dev\Warewolf.Studio.Views\Warewolf.Studio.Views.csproj]
C:\Program Files\dotnet\sdk\10.0.201\Microsoft.Common.CurrentVersion.targets(2451,5): warning MSB3277:         C:\Users\ultra\warewolf\Dev\Binaries\Infragistcs_Net6\InfragisticsWPF4.Undo.v15.1.dll [C:\Users\ultra\warewolf\Dev\Warewolf.Studio.Views\Warewolf.Studio.Views.csproj]
C:\Program Files\dotnet\sdk\10.0.201\Microsoft.Common.CurrentVersion.targets(2451,5): warning MSB3277:           Project file item includes which caused reference "C:\Users\ultra\warewolf\Dev\Binaries\Infragistcs_Net6\InfragisticsWPF4.Undo.v15.1.dll". [C:\Users\ultra\warewolf\Dev\Warewolf.Studio.Views\Warewolf.Studio.Views.csproj]
C:\Program Files\dotnet\sdk\10.0.201\Microsoft.Common.CurrentVersion.targets(2451,5): warning MSB3277:             InfragisticsWPF4.Controls.Editors.XamRichTextEditor.v15.1 [C:\Users\ultra\warewolf\Dev\Warewolf.Studio.Views\Warewolf.Studio.Views.csproj]
C:\Program Files\dotnet\sdk\10.0.201\Microsoft.Common.CurrentVersion.targets(2451,5): warning MSB3277:             InfragisticsWPF4.Documents.RichTextDocument.v15.1 [C:\Users\ultra\warewolf\Dev\Warewolf.Studio.Views\Warewolf.Studio.Views.csproj]
C:\Program Files\dotnet\sdk\10.0.201\Microsoft.Common.CurrentVersion.targets(2451,5): warning MSB3277:             InfragisticsWPF4.Documents.RichTextDocument.Html.v15.1 [C:\Users\ultra\warewolf\Dev\Warewolf.Studio.Views\Warewolf.Studio.Views.csproj]
C:\Program Files\dotnet\sdk\10.0.201\Microsoft.Common.CurrentVersion.targets(2451,5): warning MSB3277: Found conflicts between different versions of "System.IO.Packaging" that could not be resolved. [C:\Users\ultra\warewolf\Dev\Warewolf.Studio.Views\Warewolf.Studio.Views.csproj]
C:\Program Files\dotnet\sdk\10.0.201\Microsoft.Common.CurrentVersion.targets(2451,5): warning MSB3277: There was a conflict between "System.IO.Packaging, Version=6.0.0.0, Culture=neutral, PublicKeyToken=b03f5f7f11d50a3a" and "System.IO.Packaging, Version=7.0.0.0, Culture=neutral, PublicKeyToken=b03f5f7f11d50a3a". [C:\Users\ultra\warewolf\Dev\Warewolf.Studio.Views\Warewolf.Studio.Views.csproj]
C:\Program Files\dotnet\sdk\10.0.201\Microsoft.Common.CurrentVersion.targets(2451,5): warning MSB3277:     "System.IO.Packaging, Version=6.0.0.0, Culture=neutral, PublicKeyToken=b03f5f7f11d50a3a" was chosen because it was primary and "System.IO.Packaging, Version=7.0.0.0, Culture=neutral, PublicKeyToken=b03f5f7f11d50a3a" was not. [C:\Users\ultra\warewolf\Dev\Warewolf.Studio.Views\Warewolf.Studio.Views.csproj]
C:\Program Files\dotnet\sdk\10.0.201\Microsoft.Common.CurrentVersion.targets(2451,5): warning MSB3277:     References which depend on "System.IO.Packaging, Version=6.0.0.0, Culture=neutral, PublicKeyToken=b03f5f7f11d50a3a" [C:\Users\ultra\.nuget\packages\system.io.packaging\6.0.0\lib\net6.0\System.IO.Packaging.dll]. [C:\Users\ultra\warewolf\Dev\Warewolf.Studio.Views\Warewolf.Studio.Views.csproj]
C:\Program Files\dotnet\sdk\10.0.201\Microsoft.Common.CurrentVersion.targets(2451,5): warning MSB3277:         C:\Users\ultra\.nuget\packages\system.io.packaging\6.0.0\lib\net6.0\System.IO.Packaging.dll [C:\Users\ultra\warewolf\Dev\Warewolf.Studio.Views\Warewolf.Studio.Views.csproj]
C:\Program Files\dotnet\sdk\10.0.201\Microsoft.Common.CurrentVersion.targets(2451,5): warning MSB3277:           Project file item includes which caused reference "C:\Users\ultra\.nuget\packages\system.io.packaging\6.0.0\lib\net6.0\System.IO.Packaging.dll". [C:\Users\ultra\warewolf\Dev\Warewolf.Studio.Views\Warewolf.Studio.Views.csproj]
C:\Program Files\dotnet\sdk\10.0.201\Microsoft.Common.CurrentVersion.targets(2451,5): warning MSB3277:             C:\Users\ultra\.nuget\packages\system.io.packaging\6.0.0\lib\net6.0\System.IO.Packaging.dll [C:\Users\ultra\warewolf\Dev\Warewolf.Studio.Views\Warewolf.Studio.Views.csproj]
C:\Program Files\dotnet\sdk\10.0.201\Microsoft.Common.CurrentVersion.targets(2451,5): warning MSB3277:     References which depend on or have been unified to "System.IO.Packaging, Version=7.0.0.0, Culture=neutral, PublicKeyToken=b03f5f7f11d50a3a" []. [C:\Users\ultra\warewolf\Dev\Warewolf.Studio.Views\Warewolf.Studio.Views.csproj]
C:\Program Files\dotnet\sdk\10.0.201\Microsoft.Common.CurrentVersion.targets(2451,5): warning MSB3277:         C:\Users\ultra\warewolf\Dev\Binaries\Infragistcs_Net6\InfragisticsWPF4.Documents.RichTextDocument.v15.1.dll [C:\Users\ultra\warewolf\Dev\Warewolf.Studio.Views\Warewolf.Studio.Views.csproj]
C:\Program Files\dotnet\sdk\10.0.201\Microsoft.Common.CurrentVersion.targets(2451,5): warning MSB3277:           Project file item includes which caused reference "C:\Users\ultra\warewolf\Dev\Binaries\Infragistcs_Net6\InfragisticsWPF4.Documents.RichTextDocument.v15.1.dll". [C:\Users\ultra\warewolf\Dev\Warewolf.Studio.Views\Warewolf.Studio.Views.csproj]
C:\Program Files\dotnet\sdk\10.0.201\Microsoft.Common.CurrentVersion.targets(2451,5): warning MSB3277:             InfragisticsWPF4.Documents.RichTextDocument.v15.1 [C:\Users\ultra\warewolf\Dev\Warewolf.Studio.Views\Warewolf.Studio.Views.csproj]
C:\Program Files\dotnet\sdk\10.0.201\Microsoft.Common.CurrentVersion.targets(2451,5): warning MSB3277:             InfragisticsWPF4.Controls.Editors.XamRichTextEditor.v15.1 [C:\Users\ultra\warewolf\Dev\Warewolf.Studio.Views\Warewolf.Studio.Views.csproj]
C:\Program Files\dotnet\sdk\10.0.201\Microsoft.Common.CurrentVersion.targets(2451,5): warning MSB3277:             InfragisticsWPF4.Documents.RichTextDocument.Html.v15.1 [C:\Users\ultra\warewolf\Dev\Warewolf.Studio.Views\Warewolf.Studio.Views.csproj]
C:\Program Files\dotnet\sdk\10.0.201\Microsoft.Common.CurrentVersion.targets(2451,5): warning MSB3277:         C:\Program Files\dotnet\packs\Microsoft.NETCore.App.Ref\8.0.25\ref\net8.0\WindowsBase.dll [C:\Users\ultra\warewolf\Dev\Warewolf.Studio.Views\Warewolf.Studio.Views.csproj]
C:\Program Files\dotnet\sdk\10.0.201\Microsoft.Common.CurrentVersion.targets(2451,5): warning MSB3277:           Project file item includes which caused reference "C:\Program Files\dotnet\packs\Microsoft.NETCore.App.Ref\8.0.25\ref\net8.0\WindowsBase.dll". [C:\Users\ultra\warewolf\Dev\Warewolf.Studio.Views\Warewolf.Studio.Views.csproj]
C:\Program Files\dotnet\sdk\10.0.201\Microsoft.Common.CurrentVersion.targets(2451,5): warning MSB3277:             C:\Program Files\dotnet\packs\Microsoft.NETCore.App.Ref\8.0.25\ref/net8.0/WindowsBase.dll [C:\Users\ultra\warewolf\Dev\Warewolf.Studio.Views\Warewolf.Studio.Views.csproj]
C:\Program Files\dotnet\sdk\10.0.201\Microsoft.Common.CurrentVersion.targets(2451,5): warning MSB3277:         C:\Users\ultra\warewolf\Dev\Binaries\Infragistcs_Net6\InfragisticsWPF4.Documents.Core.v15.1.dll [C:\Users\ultra\warewolf\Dev\Warewolf.Studio.Views\Warewolf.Studio.Views.csproj]
C:\Program Files\dotnet\sdk\10.0.201\Microsoft.Common.CurrentVersion.targets(2451,5): warning MSB3277:           Project file item includes which caused reference "C:\Users\ultra\warewolf\Dev\Binaries\Infragistcs_Net6\InfragisticsWPF4.Documents.Core.v15.1.dll". [C:\Users\ultra\warewolf\Dev\Warewolf.Studio.Views\Warewolf.Studio.Views.csproj]
C:\Program Files\dotnet\sdk\10.0.201\Microsoft.Common.CurrentVersion.targets(2451,5): warning MSB3277:             InfragisticsWPF4.Documents.RichTextDocument.Html.v15.1 [C:\Users\ultra\warewolf\Dev\Warewolf.Studio.Views\Warewolf.Studio.Views.csproj]
C:\Program Files\dotnet\sdk\10.0.201\Microsoft.Common.CurrentVersion.targets(2451,5): warning MSB3277: Found conflicts between different versions of "System.Windows.Extensions" that could not be resolved. [C:\Users\ultra\warewolf\Dev\Warewolf.Studio.Views\Warewolf.Studio.Views.csproj]
C:\Program Files\dotnet\sdk\10.0.201\Microsoft.Common.CurrentVersion.targets(2451,5): warning MSB3277: There was a conflict between "System.Windows.Extensions, Version=6.0.0.0, Culture=neutral, PublicKeyToken=cc7b13ffcd2ddd51" and "System.Windows.Extensions, Version=7.0.0.0, Culture=neutral, PublicKeyToken=cc7b13ffcd2ddd51". [C:\Users\ultra\warewolf\Dev\Warewolf.Studio.Views\Warewolf.Studio.Views.csproj]
C:\Program Files\dotnet\sdk\10.0.201\Microsoft.Common.CurrentVersion.targets(2451,5): warning MSB3277:     "System.Windows.Extensions, Version=6.0.0.0, Culture=neutral, PublicKeyToken=cc7b13ffcd2ddd51" was chosen because it was primary and "System.Windows.Extensions, Version=7.0.0.0, Culture=neutral, PublicKeyToken=cc7b13ffcd2ddd51" was not. [C:\Users\ultra\warewolf\Dev\Warewolf.Studio.Views\Warewolf.Studio.Views.csproj]
C:\Program Files\dotnet\sdk\10.0.201\Microsoft.Common.CurrentVersion.targets(2451,5): warning MSB3277:     References which depend on "System.Windows.Extensions, Version=6.0.0.0, Culture=neutral, PublicKeyToken=cc7b13ffcd2ddd51" [C:\Users\ultra\.nuget\packages\system.windows.extensions\6.0.0\lib\net6.0\System.Windows.Extensions.dll]. [C:\Users\ultra\warewolf\Dev\Warewolf.Studio.Views\Warewolf.Studio.Views.csproj]
C:\Program Files\dotnet\sdk\10.0.201\Microsoft.Common.CurrentVersion.targets(2451,5): warning MSB3277:         C:\Users\ultra\.nuget\packages\system.windows.extensions\6.0.0\lib\net6.0\System.Windows.Extensions.dll [C:\Users\ultra\warewolf\Dev\Warewolf.Studio.Views\Warewolf.Studio.Views.csproj]
C:\Program Files\dotnet\sdk\10.0.201\Microsoft.Common.CurrentVersion.targets(2451,5): warning MSB3277:           Project file item includes which caused reference "C:\Users\ultra\.nuget\packages\system.windows.extensions\6.0.0\lib\net6.0\System.Windows.Extensions.dll". [C:\Users\ultra\warewolf\Dev\Warewolf.Studio.Views\Warewolf.Studio.Views.csproj]
C:\Program Files\dotnet\sdk\10.0.201\Microsoft.Common.CurrentVersion.targets(2451,5): warning MSB3277:             C:\Users\ultra\.nuget\packages\system.windows.extensions\6.0.0\lib\net6.0\System.Windows.Extensions.dll [C:\Users\ultra\warewolf\Dev\Warewolf.Studio.Views\Warewolf.Studio.Views.csproj]
C:\Program Files\dotnet\sdk\10.0.201\Microsoft.Common.CurrentVersion.targets(2451,5): warning MSB3277:     References which depend on or have been unified to "System.Windows.Extensions, Version=7.0.0.0, Culture=neutral, PublicKeyToken=cc7b13ffcd2ddd51" []. [C:\Users\ultra\warewolf\Dev\Warewolf.Studio.Views\Warewolf.Studio.Views.csproj]
C:\Program Files\dotnet\sdk\10.0.201\Microsoft.Common.CurrentVersion.targets(2451,5): warning MSB3277:         C:\Users\ultra\warewolf\Dev\Binaries\Infragistcs_Net6\InfragisticsWPF4.Editors.v15.1.dll [C:\Users\ultra\warewolf\Dev\Warewolf.Studio.Views\Warewolf.Studio.Views.csproj]
C:\Program Files\dotnet\sdk\10.0.201\Microsoft.Common.CurrentVersion.targets(2451,5): warning MSB3277:           Project file item includes which caused reference "C:\Users\ultra\warewolf\Dev\Binaries\Infragistcs_Net6\InfragisticsWPF4.Editors.v15.1.dll". [C:\Users\ultra\warewolf\Dev\Warewolf.Studio.Views\Warewolf.Studio.Views.csproj]
C:\Program Files\dotnet\sdk\10.0.201\Microsoft.Common.CurrentVersion.targets(2451,5): warning MSB3277:             InfragisticsWPF4.Editors.v15.1 [C:\Users\ultra\warewolf\Dev\Warewolf.Studio.Views\Warewolf.Studio.Views.csproj]
C:\Program Files\dotnet\sdk\10.0.201\Microsoft.Common.CurrentVersion.targets(2451,5): warning MSB3277:         C:\Users\ultra\.nuget\packages\extended.wpf.toolkit\4.4.0\lib\net5.0\Xceed.Wpf.Toolkit.NET5.dll [C:\Users\ultra\warewolf\Dev\Warewolf.Studio.Views\Warewolf.Studio.Views.csproj]
C:\Program Files\dotnet\sdk\10.0.201\Microsoft.Common.CurrentVersion.targets(2451,5): warning MSB3277:           Project file item includes which caused reference "C:\Users\ultra\.nuget\packages\extended.wpf.toolkit\4.4.0\lib\net5.0\Xceed.Wpf.Toolkit.NET5.dll". [C:\Users\ultra\warewolf\Dev\Warewolf.Studio.Views\Warewolf.Studio.Views.csproj]
C:\Program Files\dotnet\sdk\10.0.201\Microsoft.Common.CurrentVersion.targets(2451,5): warning MSB3277:             C:\Users\ultra\.nuget\packages\extended.wpf.toolkit\4.4.0\lib\net5.0\Xceed.Wpf.Toolkit.NET5.dll [C:\Users\ultra\warewolf\Dev\Warewolf.Studio.Views\Warewolf.Studio.Views.csproj]
C:\Program Files\dotnet\sdk\10.0.201\Microsoft.Common.CurrentVersion.targets(2451,5): warning MSB3277:         C:\Users\ultra\.nuget\packages\system.security.permissions\6.0.0\lib\net6.0\System.Security.Permissions.dll [C:\Users\ultra\warewolf\Dev\Warewolf.Studio.Views\Warewolf.Studio.Views.csproj]
C:\Program Files\dotnet\sdk\10.0.201\Microsoft.Common.CurrentVersion.targets(2451,5): warning MSB3277:           Project file item includes which caused reference "C:\Users\ultra\.nuget\packages\system.security.permissions\6.0.0\lib\net6.0\System.Security.Permissions.dll". [C:\Users\ultra\warewolf\Dev\Warewolf.Studio.Views\Warewolf.Studio.Views.csproj]
C:\Program Files\dotnet\sdk\10.0.201\Microsoft.Common.CurrentVersion.targets(2451,5): warning MSB3277:             C:\Users\ultra\.nuget\packages\system.security.permissions\6.0.0\lib\net6.0\System.Security.Permissions.dll [C:\Users\ultra\warewolf\Dev\Warewolf.Studio.Views\Warewolf.Studio.Views.csproj]
C:\Program Files\dotnet\sdk\10.0.201\Microsoft.Common.CurrentVersion.targets(2451,5): warning MSB3277:         C:\Program Files\dotnet\packs\Microsoft.NETCore.App.Ref\8.0.25\ref\net8.0\System.Security.dll [C:\Users\ultra\warewolf\Dev\Warewolf.Studio.Views\Warewolf.Studio.Views.csproj]
C:\Program Files\dotnet\sdk\10.0.201\Microsoft.Common.CurrentVersion.targets(2451,5): warning MSB3277:           Project file item includes which caused reference "C:\Program Files\dotnet\packs\Microsoft.NETCore.App.Ref\8.0.25\ref\net8.0\System.Security.dll". [C:\Users\ultra\warewolf\Dev\Warewolf.Studio.Views\Warewolf.Studio.Views.csproj]
C:\Program Files\dotnet\sdk\10.0.201\Microsoft.Common.CurrentVersion.targets(2451,5): warning MSB3277:             C:\Program Files\dotnet\packs\Microsoft.NETCore.App.Ref\8.0.25\ref/net8.0/System.Security.dll [C:\Users\ultra\warewolf\Dev\Warewolf.Studio.Views\Warewolf.Studio.Views.csproj]
C:\Program Files\dotnet\sdk\10.0.201\Microsoft.Common.CurrentVersion.targets(2451,5): warning MSB3277:         C:\Program Files\dotnet\packs\Microsoft.NETCore.App.Ref\8.0.25\ref\net8.0\System.dll [C:\Users\ultra\warewolf\Dev\Warewolf.Studio.Views\Warewolf.Studio.Views.csproj]
C:\Program Files\dotnet\sdk\10.0.201\Microsoft.Common.CurrentVersion.targets(2451,5): warning MSB3277:           Project file item includes which caused reference "C:\Program Files\dotnet\packs\Microsoft.NETCore.App.Ref\8.0.25\ref\net8.0\System.dll". [C:\Users\ultra\warewolf\Dev\Warewolf.Studio.Views\Warewolf.Studio.Views.csproj]
C:\Program Files\dotnet\sdk\10.0.201\Microsoft.Common.CurrentVersion.targets(2451,5): warning MSB3277:             C:\Program Files\dotnet\packs\Microsoft.NETCore.App.Ref\8.0.25\ref/net8.0/System.dll [C:\Users\ultra\warewolf\Dev\Warewolf.Studio.Views\Warewolf.Studio.Views.csproj]
C:\Program Files\dotnet\sdk\10.0.201\Microsoft.Common.CurrentVersion.targets(2451,5): warning MSB3277:             C:\Users\ultra\.nuget\packages\aerowizard\2.3.1\lib\net45\AeroWizard.dll [C:\Users\ultra\warewolf\Dev\Warewolf.Studio.Views\Warewolf.Studio.Views.csproj]
C:\Program Files\dotnet\sdk\10.0.201\Microsoft.Common.CurrentVersion.targets(2451,5): warning MSB3277:             C:\Users\ultra\.nuget\packages\groupcontrols\1.9.0\lib\net45\GroupControls.dll [C:\Users\ultra\warewolf\Dev\Warewolf.Studio.Views\Warewolf.Studio.Views.csproj]
C:\Program Files\dotnet\sdk\10.0.201\Microsoft.Common.CurrentVersion.targets(2451,5): warning MSB3277:             C:\Users\ultra\.nuget\packages\microsoft.xaml.behaviors.wpf\1.1.122\lib\net462\Microsoft.Xaml.Behaviors.dll [C:\Users\ultra\warewolf\Dev\Warewolf.Studio.Views\Warewolf.Studio.Views.csproj]
C:\Program Files\dotnet\sdk\10.0.201\Microsoft.Common.CurrentVersion.targets(2451,5): warning MSB3277:             C:\Users\ultra\.nuget\packages\caliburn.micro\4.0.212\lib\netcoreapp3.1\Caliburn.Micro.Platform.dll [C:\Users\ultra\warewolf\Dev\Warewolf.Studio.Views\Warewolf.Studio.Views.csproj]
C:\Program Files\dotnet\sdk\10.0.201\Microsoft.Common.CurrentVersion.targets(2451,5): warning MSB3277:             C:\Users\ultra\.nuget\packages\prism.wpf\9.0.537\lib\net462\Prism.Wpf.dll [C:\Users\ultra\warewolf\Dev\Warewolf.Studio.Views\Warewolf.Studio.Views.csproj]
C:\Program Files\dotnet\sdk\10.0.201\Microsoft.Common.CurrentVersion.targets(2451,5): warning MSB3277:             C:\Users\ultra\.nuget\packages\reactiveui.wpf\18.4.1\lib\net462\ReactiveUI.Wpf.dll [C:\Users\ultra\warewolf\Dev\Warewolf.Studio.Views\Warewolf.Studio.Views.csproj]
C:\Program Files\dotnet\sdk\10.0.201\Microsoft.Common.CurrentVersion.targets(2451,5): warning MSB3277:             C:\Users\ultra\.nuget\packages\taskschedulereditor\2.10.1\lib\net452\Microsoft.Win32.TaskSchedulerEditor.dll [C:\Users\ultra\warewolf\Dev\Warewolf.Studio.Views\Warewolf.Studio.Views.csproj]
C:\Program Files\dotnet\sdk\10.0.201\Microsoft.Common.CurrentVersion.targets(2451,5): warning MSB3277:             C:\Users\ultra\.nuget\packages\ttcue.netcore.sharepointonline.csom.16.1.8029.1200\16.1.8029.1200\lib\netcoreapp2.0\Microsoft.SharePoint.Client.Runtime.Windows.dll [C:\Users\ultra\warewolf\Dev\Warewolf.Studio.Views\Warewolf.Studio.Views.csproj]
  Consider app.config remapping of assembly "System.Data.SQLite, Culture=neutral, PublicKeyToken=db937bc2d44ff139" from Version "1.0.117.0" [] to Version "1.0.118.0" [C:\Users\ultra\.nuget\packages\stub.system.data.sqlite.core.netstandard\1.0.118\lib\netstandard2.1\System.Data.SQLite.dll] to solve conflict and get rid of warning.
C:\Program Files\dotnet\sdk\10.0.201\Microsoft.CSharp.CurrentVersion.targets(130,9): warning MSB3884: Could not find rule set file "..\.sonarlint\warewolf_dotnet_frameworkcsharp.ruleset". [C:\Users\ultra\warewolf\Dev\Warewolf.Studio.Views\Warewolf.Studio.Views.csproj]
  
  INFO: No tasks running with the specified criteria.
C:\Program Files\dotnet\sdk\10.0.201\Microsoft.Common.CurrentVersion.targets(2451,5): warning MSB3277: Found conflicts between different versions of "WindowsBase" that could not be resolved. [C:\Users\ultra\warewolf\Dev\Dev2.Diagnostics.Tests\Dev2.Diagnostics.Tests.csproj]
C:\Program Files\dotnet\sdk\10.0.201\Microsoft.Common.CurrentVersion.targets(2451,5): warning MSB3277: There was a conflict between "WindowsBase, Version=4.0.0.0, Culture=neutral, PublicKeyToken=31bf3856ad364e35" and "WindowsBase, Version=6.0.2.0, Culture=neutral, PublicKeyToken=31bf3856ad364e35". [C:\Users\ultra\warewolf\Dev\Dev2.Diagnostics.Tests\Dev2.Diagnostics.Tests.csproj]
C:\Program Files\dotnet\sdk\10.0.201\Microsoft.Common.CurrentVersion.targets(2451,5): warning MSB3277:     "WindowsBase, Version=4.0.0.0, Culture=neutral, PublicKeyToken=31bf3856ad364e35" was chosen because it was primary and "WindowsBase, Version=6.0.2.0, Culture=neutral, PublicKeyToken=31bf3856ad364e35" was not. [C:\Users\ultra\warewolf\Dev\Dev2.Diagnostics.Tests\Dev2.Diagnostics.Tests.csproj]
C:\Program Files\dotnet\sdk\10.0.201\Microsoft.Common.CurrentVersion.targets(2451,5): warning MSB3277:     References which depend on "WindowsBase, Version=4.0.0.0, Culture=neutral, PublicKeyToken=31bf3856ad364e35" [C:\Program Files\dotnet\packs\Microsoft.NETCore.App.Ref\8.0.25\ref\net8.0\WindowsBase.dll]. [C:\Users\ultra\warewolf\Dev\Dev2.Diagnostics.Tests\Dev2.Diagnostics.Tests.csproj]
C:\Program Files\dotnet\sdk\10.0.201\Microsoft.Common.CurrentVersion.targets(2451,5): warning MSB3277:         C:\Program Files\dotnet\packs\Microsoft.NETCore.App.Ref\8.0.25\ref\net8.0\WindowsBase.dll [C:\Users\ultra\warewolf\Dev\Dev2.Diagnostics.Tests\Dev2.Diagnostics.Tests.csproj]
C:\Program Files\dotnet\sdk\10.0.201\Microsoft.Common.CurrentVersion.targets(2451,5): warning MSB3277:           Project file item includes which caused reference "C:\Program Files\dotnet\packs\Microsoft.NETCore.App.Ref\8.0.25\ref\net8.0\WindowsBase.dll". [C:\Users\ultra\warewolf\Dev\Dev2.Diagnostics.Tests\Dev2.Diagnostics.Tests.csproj]
C:\Program Files\dotnet\sdk\10.0.201\Microsoft.Common.CurrentVersion.targets(2451,5): warning MSB3277:             C:\Program Files\dotnet\packs\Microsoft.NETCore.App.Ref\8.0.25\ref/net8.0/WindowsBase.dll [C:\Users\ultra\warewolf\Dev\Dev2.Diagnostics.Tests\Dev2.Diagnostics.Tests.csproj]
C:\Program Files\dotnet\sdk\10.0.201\Microsoft.Common.CurrentVersion.targets(2451,5): warning MSB3277:     References which depend on or have been unified to "WindowsBase, Version=6.0.2.0, Culture=neutral, PublicKeyToken=31bf3856ad364e35" []. [C:\Users\ultra\warewolf\Dev\Dev2.Diagnostics.Tests\Dev2.Diagnostics.Tests.csproj]
C:\Program Files\dotnet\sdk\10.0.201\Microsoft.Common.CurrentVersion.targets(2451,5): warning MSB3277:         C:\Users\ultra\.nuget\packages\caliburn.micro\4.0.212\lib\netcoreapp3.1\Caliburn.Micro.Platform.dll [C:\Users\ultra\warewolf\Dev\Dev2.Diagnostics.Tests\Dev2.Diagnostics.Tests.csproj]
C:\Program Files\dotnet\sdk\10.0.201\Microsoft.Common.CurrentVersion.targets(2451,5): warning MSB3277:           Project file item includes which caused reference "C:\Users\ultra\.nuget\packages\caliburn.micro\4.0.212\lib\netcoreapp3.1\Caliburn.Micro.Platform.dll". [C:\Users\ultra\warewolf\Dev\Dev2.Diagnostics.Tests\Dev2.Diagnostics.Tests.csproj]
C:\Program Files\dotnet\sdk\10.0.201\Microsoft.Common.CurrentVersion.targets(2451,5): warning MSB3277:             C:\Users\ultra\.nuget\packages\caliburn.micro\4.0.212\lib\netcoreapp3.1\Caliburn.Micro.Platform.dll [C:\Users\ultra\warewolf\Dev\Dev2.Diagnostics.Tests\Dev2.Diagnostics.Tests.csproj]
C:\Program Files\dotnet\sdk\10.0.201\Microsoft.Common.CurrentVersion.targets(2451,5): warning MSB3277:         C:\Users\ultra\.nuget\packages\ironpython\3.4.0\lib\net6.0\IronPython.Wpf.dll [C:\Users\ultra\warewolf\Dev\Dev2.Diagnostics.Tests\Dev2.Diagnostics.Tests.csproj]
C:\Program Files\dotnet\sdk\10.0.201\Microsoft.Common.CurrentVersion.targets(2451,5): warning MSB3277:           Project file item includes which caused reference "C:\Users\ultra\.nuget\packages\ironpython\3.4.0\lib\net6.0\IronPython.Wpf.dll". [C:\Users\ultra\warewolf\Dev\Dev2.Diagnostics.Tests\Dev2.Diagnostics.Tests.csproj]
C:\Program Files\dotnet\sdk\10.0.201\Microsoft.Common.CurrentVersion.targets(2451,5): warning MSB3277:             C:\Users\ultra\.nuget\packages\ironpython\3.4.0\lib\net6.0\IronPython.Wpf.dll [C:\Users\ultra\warewolf\Dev\Dev2.Diagnostics.Tests\Dev2.Diagnostics.Tests.csproj]
C:\Program Files\dotnet\sdk\10.0.201\Microsoft.Common.CurrentVersion.targets(2451,5): warning MSB3277:         C:\Users\ultra\.nuget\packages\microsoft.xaml.behaviors.wpf\1.1.122\lib\net462\Microsoft.Xaml.Behaviors.dll [C:\Users\ultra\warewolf\Dev\Dev2.Diagnostics.Tests\Dev2.Diagnostics.Tests.csproj]
C:\Program Files\dotnet\sdk\10.0.201\Microsoft.Common.CurrentVersion.targets(2451,5): warning MSB3277:           Project file item includes which caused reference "C:\Users\ultra\.nuget\packages\microsoft.xaml.behaviors.wpf\1.1.122\lib\net462\Microsoft.Xaml.Behaviors.dll". [C:\Users\ultra\warewolf\Dev\Dev2.Diagnostics.Tests\Dev2.Diagnostics.Tests.csproj]
C:\Program Files\dotnet\sdk\10.0.201\Microsoft.Common.CurrentVersion.targets(2451,5): warning MSB3277:             C:\Users\ultra\.nuget\packages\microsoft.xaml.behaviors.wpf\1.1.122\lib\net462\Microsoft.Xaml.Behaviors.dll [C:\Users\ultra\warewolf\Dev\Dev2.Diagnostics.Tests\Dev2.Diagnostics.Tests.csproj]
C:\Program Files\dotnet\sdk\10.0.201\Microsoft.Common.CurrentVersion.targets(2451,5): warning MSB3277:             C:\Users\ultra\.nuget\packages\caliburn.micro\4.0.212\lib\netcoreapp3.1\Caliburn.Micro.Platform.dll [C:\Users\ultra\warewolf\Dev\Dev2.Diagnostics.Tests\Dev2.Diagnostics.Tests.csproj]
C:\Program Files\dotnet\sdk\10.0.201\Microsoft.Common.CurrentVersion.targets(2451,5): warning MSB3277:             C:\Users\ultra\.nuget\packages\prism.wpf\9.0.537\lib\net462\Prism.Wpf.dll [C:\Users\ultra\warewolf\Dev\Dev2.Diagnostics.Tests\Dev2.Diagnostics.Tests.csproj]
C:\Program Files\dotnet\sdk\10.0.201\Microsoft.Common.CurrentVersion.targets(2451,5): warning MSB3277:         C:\Users\ultra\.nuget\packages\prism.wpf\9.0.537\lib\net462\Prism.Wpf.dll [C:\Users\ultra\warewolf\Dev\Dev2.Diagnostics.Tests\Dev2.Diagnostics.Tests.csproj]
C:\Program Files\dotnet\sdk\10.0.201\Microsoft.Common.CurrentVersion.targets(2451,5): warning MSB3277:           Project file item includes which caused reference "C:\Users\ultra\.nuget\packages\prism.wpf\9.0.537\lib\net462\Prism.Wpf.dll". [C:\Users\ultra\warewolf\Dev\Dev2.Diagnostics.Tests\Dev2.Diagnostics.Tests.csproj]
C:\Program Files\dotnet\sdk\10.0.201\Microsoft.Common.CurrentVersion.targets(2451,5): warning MSB3277:             C:\Users\ultra\.nuget\packages\prism.wpf\9.0.537\lib\net462\Prism.Wpf.dll [C:\Users\ultra\warewolf\Dev\Dev2.Diagnostics.Tests\Dev2.Diagnostics.Tests.csproj]
C:\Program Files\dotnet\sdk\10.0.201\Microsoft.Common.CurrentVersion.targets(2451,5): warning MSB3277:         C:\Users\ultra\.nuget\packages\reactiveui.wpf\18.4.1\lib\net462\ReactiveUI.Wpf.dll [C:\Users\ultra\warewolf\Dev\Dev2.Diagnostics.Tests\Dev2.Diagnostics.Tests.csproj]
C:\Program Files\dotnet\sdk\10.0.201\Microsoft.Common.CurrentVersion.targets(2451,5): warning MSB3277:           Project file item includes which caused reference "C:\Users\ultra\.nuget\packages\reactiveui.wpf\18.4.1\lib\net462\ReactiveUI.Wpf.dll". [C:\Users\ultra\warewolf\Dev\Dev2.Diagnostics.Tests\Dev2.Diagnostics.Tests.csproj]
C:\Program Files\dotnet\sdk\10.0.201\Microsoft.Common.CurrentVersion.targets(2451,5): warning MSB3277:             C:\Users\ultra\.nuget\packages\reactiveui.wpf\18.4.1\lib\net462\ReactiveUI.Wpf.dll [C:\Users\ultra\warewolf\Dev\Dev2.Diagnostics.Tests\Dev2.Diagnostics.Tests.csproj]
C:\Program Files\dotnet\sdk\10.0.201\Microsoft.Common.CurrentVersion.targets(2451,5): warning MSB3277: Found conflicts between different versions of "System.Drawing.Common" that could not be resolved. [C:\Users\ultra\warewolf\Dev\Dev2.Diagnostics.Tests\Dev2.Diagnostics.Tests.csproj]
C:\Program Files\dotnet\sdk\10.0.201\Microsoft.Common.CurrentVersion.targets(2451,5): warning MSB3277: There was a conflict between "System.Drawing.Common, Version=6.0.0.0, Culture=neutral, PublicKeyToken=cc7b13ffcd2ddd51" and "System.Drawing.Common, Version=8.0.0.0, Culture=neutral, PublicKeyToken=cc7b13ffcd2ddd51". [C:\Users\ultra\warewolf\Dev\Dev2.Diagnostics.Tests\Dev2.Diagnostics.Tests.csproj]
C:\Program Files\dotnet\sdk\10.0.201\Microsoft.Common.CurrentVersion.targets(2451,5): warning MSB3277:     "System.Drawing.Common, Version=6.0.0.0, Culture=neutral, PublicKeyToken=cc7b13ffcd2ddd51" was chosen because it was primary and "System.Drawing.Common, Version=8.0.0.0, Culture=neutral, PublicKeyToken=cc7b13ffcd2ddd51" was not. [C:\Users\ultra\warewolf\Dev\Dev2.Diagnostics.Tests\Dev2.Diagnostics.Tests.csproj]
C:\Program Files\dotnet\sdk\10.0.201\Microsoft.Common.CurrentVersion.targets(2451,5): warning MSB3277:     References which depend on "System.Drawing.Common, Version=6.0.0.0, Culture=neutral, PublicKeyToken=cc7b13ffcd2ddd51" [C:\Users\ultra\.nuget\packages\system.drawing.common\6.0.0\lib\net6.0\System.Drawing.Common.dll]. [C:\Users\ultra\warewolf\Dev\Dev2.Diagnostics.Tests\Dev2.Diagnostics.Tests.csproj]
C:\Program Files\dotnet\sdk\10.0.201\Microsoft.Common.CurrentVersion.targets(2451,5): warning MSB3277:         C:\Users\ultra\.nuget\packages\system.drawing.common\6.0.0\lib\net6.0\System.Drawing.Common.dll [C:\Users\ultra\warewolf\Dev\Dev2.Diagnostics.Tests\Dev2.Diagnostics.Tests.csproj]
C:\Program Files\dotnet\sdk\10.0.201\Microsoft.Common.CurrentVersion.targets(2451,5): warning MSB3277:           Project file item includes which caused reference "C:\Users\ultra\.nuget\packages\system.drawing.common\6.0.0\lib\net6.0\System.Drawing.Common.dll". [C:\Users\ultra\warewolf\Dev\Dev2.Diagnostics.Tests\Dev2.Diagnostics.Tests.csproj]
C:\Program Files\dotnet\sdk\10.0.201\Microsoft.Common.CurrentVersion.targets(2451,5): warning MSB3277:             C:\Users\ultra\.nuget\packages\system.drawing.common\6.0.0\lib\net6.0\System.Drawing.Common.dll [C:\Users\ultra\warewolf\Dev\Dev2.Diagnostics.Tests\Dev2.Diagnostics.Tests.csproj]
C:\Program Files\dotnet\sdk\10.0.201\Microsoft.Common.CurrentVersion.targets(2451,5): warning MSB3277:     References which depend on or have been unified to "System.Drawing.Common, Version=8.0.0.0, Culture=neutral, PublicKeyToken=cc7b13ffcd2ddd51" []. [C:\Users\ultra\warewolf\Dev\Dev2.Diagnostics.Tests\Dev2.Diagnostics.Tests.csproj]
C:\Program Files\dotnet\sdk\10.0.201\Microsoft.Common.CurrentVersion.targets(2451,5): warning MSB3277:         C:\Users\ultra\.nuget\packages\servicestack\6.3.0\lib\net6.0\ServiceStack.dll [C:\Users\ultra\warewolf\Dev\Dev2.Diagnostics.Tests\Dev2.Diagnostics.Tests.csproj]
C:\Program Files\dotnet\sdk\10.0.201\Microsoft.Common.CurrentVersion.targets(2451,5): warning MSB3277:           Project file item includes which caused reference "C:\Users\ultra\.nuget\packages\servicestack\6.3.0\lib\net6.0\ServiceStack.dll". [C:\Users\ultra\warewolf\Dev\Dev2.Diagnostics.Tests\Dev2.Diagnostics.Tests.csproj]
C:\Program Files\dotnet\sdk\10.0.201\Microsoft.Common.CurrentVersion.targets(2451,5): warning MSB3277:             C:\Users\ultra\.nuget\packages\servicestack\6.3.0\lib\net6.0\ServiceStack.dll [C:\Users\ultra\warewolf\Dev\Dev2.Diagnostics.Tests\Dev2.Diagnostics.Tests.csproj]
C:\Program Files\dotnet\sdk\10.0.201\Microsoft.Common.CurrentVersion.targets(2451,5): warning MSB3277:         C:\Users\ultra\.nuget\packages\system.windows.extensions\8.0.0\lib\net8.0\System.Windows.Extensions.dll [C:\Users\ultra\warewolf\Dev\Dev2.Diagnostics.Tests\Dev2.Diagnostics.Tests.csproj]
C:\Program Files\dotnet\sdk\10.0.201\Microsoft.Common.CurrentVersion.targets(2451,5): warning MSB3277:           Project file item includes which caused reference "C:\Users\ultra\.nuget\packages\system.windows.extensions\8.0.0\lib\net8.0\System.Windows.Extensions.dll". [C:\Users\ultra\warewolf\Dev\Dev2.Diagnostics.Tests\Dev2.Diagnostics.Tests.csproj]
C:\Program Files\dotnet\sdk\10.0.201\Microsoft.Common.CurrentVersion.targets(2451,5): warning MSB3277:             C:\Users\ultra\.nuget\packages\system.windows.extensions\8.0.0\lib\net8.0\System.Windows.Extensions.dll [C:\Users\ultra\warewolf\Dev\Dev2.Diagnostics.Tests\Dev2.Diagnostics.Tests.csproj]
C:\Program Files\dotnet\sdk\10.0.201\Microsoft.Common.CurrentVersion.targets(2451,5): warning MSB3277:             C:\Users\ultra\.nuget\packages\system.security.permissions\8.0.0\lib\net8.0\System.Security.Permissions.dll [C:\Users\ultra\warewolf\Dev\Dev2.Diagnostics.Tests\Dev2.Diagnostics.Tests.csproj]
C:\Program Files\dotnet\sdk\10.0.201\Microsoft.Common.CurrentVersion.targets(2451,5): warning MSB3277:             C:\Users\ultra\warewolf\Dev\Dev2.Data\bin\Debug\net8.0\Dev2.Data.dll [C:\Users\ultra\warewolf\Dev\Dev2.Diagnostics.Tests\Dev2.Diagnostics.Tests.csproj]
C:\Program Files\dotnet\sdk\10.0.201\Microsoft.Common.CurrentVersion.targets(2451,5): warning MSB3277:             C:\Users\ultra\warewolf\Dev\Dev2.Core\bin\Debug\net8.0\Dev2.Core.dll [C:\Users\ultra\warewolf\Dev\Dev2.Diagnostics.Tests\Dev2.Diagnostics.Tests.csproj]
C:\Program Files\dotnet\sdk\10.0.201\Microsoft.Common.CurrentVersion.targets(2451,5): warning MSB3277:             C:\Users\ultra\warewolf\Dev\Dev2.Runtime.Services\bin\Debug\net8.0\Dev2.Runtime.Services.dll [C:\Users\ultra\warewolf\Dev\Dev2.Diagnostics.Tests\Dev2.Diagnostics.Tests.csproj]
C:\Program Files\dotnet\sdk\10.0.201\Microsoft.Common.CurrentVersion.targets(2451,5): warning MSB3277:             C:\Users\ultra\warewolf\Dev\Dev2.Runtime\bin\Debug\net8.0\Dev2.Runtime.dll [C:\Users\ultra\warewolf\Dev\Dev2.Diagnostics.Tests\Dev2.Diagnostics.Tests.csproj]
C:\Program Files\dotnet\sdk\10.0.201\Microsoft.Common.CurrentVersion.targets(2451,5): warning MSB3277:             C:\Users\ultra\warewolf\Dev\Dev2.Server\bin\Debug\net8.0\linux-x64\Warewolf Server.dll [C:\Users\ultra\warewolf\Dev\Dev2.Diagnostics.Tests\Dev2.Diagnostics.Tests.csproj]
C:\Program Files\dotnet\sdk\10.0.201\Microsoft.Common.CurrentVersion.targets(2451,5): warning MSB3277:             C:\Users\ultra\warewolf\Dev\Warewolf.Testing\bin\Debug\net8.0\Warewolf.Testing.dll [C:\Users\ultra\warewolf\Dev\Dev2.Diagnostics.Tests\Dev2.Diagnostics.Tests.csproj]
C:\Program Files\dotnet\sdk\10.0.201\Microsoft.Common.CurrentVersion.targets(2451,5): warning MSB3277:             C:\Users\ultra\warewolf\Dev\Dev2.Activities\bin\Debug\net8.0\Dev2.Activities.dll [C:\Users\ultra\warewolf\Dev\Dev2.Diagnostics.Tests\Dev2.Diagnostics.Tests.csproj]
C:\Program Files\dotnet\sdk\10.0.201\Microsoft.Common.CurrentVersion.targets(2451,5): warning MSB3277:             C:\Users\ultra\warewolf\Dev\Dev2.Intellisense\bin\Debug\net8.0\Dev2.Intellisense.dll [C:\Users\ultra\warewolf\Dev\Dev2.Diagnostics.Tests\Dev2.Diagnostics.Tests.csproj]
C:\Program Files\dotnet\sdk\10.0.201\Microsoft.Common.CurrentVersion.targets(2451,5): warning MSB3277:             C:\Users\ultra\warewolf\Dev\Dev2.Runtime.WebServer\bin\Debug\net8.0\Dev2.Runtime.WebServer.dll [C:\Users\ultra\warewolf\Dev\Dev2.Diagnostics.Tests\Dev2.Diagnostics.Tests.csproj]
C:\Program Files\dotnet\sdk\10.0.201\Microsoft.Common.CurrentVersion.targets(2451,5): warning MSB3277:             C:\Users\ultra\warewolf\Dev\Dev2.Scheduler\bin\Debug\net8.0\Dev2.Scheduler.dll [C:\Users\ultra\warewolf\Dev\Dev2.Diagnostics.Tests\Dev2.Diagnostics.Tests.csproj]
C:\Program Files\dotnet\sdk\10.0.201\Microsoft.Common.CurrentVersion.targets(2451,5): warning MSB3277:             C:\Users\ultra\warewolf\Dev\Dev2.Services.Execution\bin\Debug\net8.0\Dev2.Services.Execution.dll [C:\Users\ultra\warewolf\Dev\Dev2.Diagnostics.Tests\Dev2.Diagnostics.Tests.csproj]
C:\Program Files\dotnet\sdk\10.0.201\Microsoft.Common.CurrentVersion.targets(2451,5): warning MSB3277:             C:\Users\ultra\warewolf\Dev\Dev2.Studio.Core\bin\Debug\net8.0\Dev2.Studio.Core.dll [C:\Users\ultra\warewolf\Dev\Dev2.Diagnostics.Tests\Dev2.Diagnostics.Tests.csproj]
C:\Program Files\dotnet\sdk\10.0.201\Microsoft.Common.CurrentVersion.targets(2451,5): warning MSB3277:             C:\Users\ultra\warewolf\Dev\Dev2.Studio.Interfaces\bin\Debug\net8.0\Dev2.Studio.Interfaces.dll [C:\Users\ultra\warewolf\Dev\Dev2.Diagnostics.Tests\Dev2.Diagnostics.Tests.csproj]
C:\Program Files\dotnet\sdk\10.0.201\Microsoft.Common.CurrentVersion.targets(2451,5): warning MSB3277:             C:\Users\ultra\warewolf\Dev\Warewolf.HangfireServer\bin\Debug\net8.0\linux-x64\HangfireServer.dll [C:\Users\ultra\warewolf\Dev\Dev2.Diagnostics.Tests\Dev2.Diagnostics.Tests.csproj]
C:\Program Files\dotnet\sdk\10.0.201\Microsoft.Common.CurrentVersion.targets(2451,5): warning MSB3277:             C:\Users\ultra\warewolf\Dev\Warewolf.QueueWorker\bin\Debug\net8.0\linux-x64\QueueWorker.dll [C:\Users\ultra\warewolf\Dev\Dev2.Diagnostics.Tests\Dev2.Diagnostics.Tests.csproj]
C:\Program Files\dotnet\sdk\10.0.201\Microsoft.Common.CurrentVersion.targets(2451,5): warning MSB3277:             C:\Users\ultra\warewolf\Dev\Warewolf.Auditing\bin\Debug\net8.0\Warewolf.Auditing.dll [C:\Users\ultra\warewolf\Dev\Dev2.Diagnostics.Tests\Dev2.Diagnostics.Tests.csproj]
C:\Program Files\dotnet\sdk\10.0.201\Microsoft.Common.CurrentVersion.targets(2451,5): warning MSB3277:             C:\Users\ultra\warewolf\Dev\Warewolf.Common.Framework48\bin\Debug\net8.0\Warewolf.Common.Framework48.dll [C:\Users\ultra\warewolf\Dev\Dev2.Diagnostics.Tests\Dev2.Diagnostics.Tests.csproj]
C:\Program Files\dotnet\sdk\10.0.201\Microsoft.Common.CurrentVersion.targets(2451,5): warning MSB3277:             C:\Users\ultra\warewolf\Dev\Warewolf.Common.NetStandard20\bin\Debug\net8.0\Warewolf.Common.NetStandard20.dll [C:\Users\ultra\warewolf\Dev\Dev2.Diagnostics.Tests\Dev2.Diagnostics.Tests.csproj]
C:\Program Files\dotnet\sdk\10.0.201\Microsoft.Common.CurrentVersion.targets(2451,5): warning MSB3277:             C:\Users\ultra\warewolf\Dev\Warewolf.Core\bin\Debug\net8.0\Warewolf.Core.dll [C:\Users\ultra\warewolf\Dev\Dev2.Diagnostics.Tests\Dev2.Diagnostics.Tests.csproj]
C:\Program Files\dotnet\sdk\10.0.201\Microsoft.Common.CurrentVersion.targets(2451,5): warning MSB3277:             C:\Users\ultra\warewolf\Dev\Warewolf.Driver.Persistence\bin\Debug\net8.0\Warewolf.Driver.Persistence.dll [C:\Users\ultra\warewolf\Dev\Dev2.Diagnostics.Tests\Dev2.Diagnostics.Tests.csproj]
C:\Program Files\dotnet\sdk\10.0.201\Microsoft.Common.CurrentVersion.targets(2451,5): warning MSB3277:             C:\Users\ultra\warewolf\Dev\Warewolf.Exchange.Email.Wrapper\bin\Debug\net8.0\Warewolf.Exchange.Email.Wrapper.dll [C:\Users\ultra\warewolf\Dev\Dev2.Diagnostics.Tests\Dev2.Diagnostics.Tests.csproj]
C:\Program Files\dotnet\sdk\10.0.201\Microsoft.Common.CurrentVersion.targets(2451,5): warning MSB3277:             C:\Users\ultra\warewolf\Dev\Warewolf.ResourceManagement\bin\Debug\net8.0\Warewolf.ResourceManagement.dll [C:\Users\ultra\warewolf\Dev\Dev2.Diagnostics.Tests\Dev2.Diagnostics.Tests.csproj]
C:\Program Files\dotnet\sdk\10.0.201\Microsoft.Common.CurrentVersion.targets(2451,5): warning MSB3277:             C:\Users\ultra\warewolf\Dev\Warewolf.Studio.Core\bin\Debug\net8.0\Warewolf.Studio.Core.dll [C:\Users\ultra\warewolf\Dev\Dev2.Diagnostics.Tests\Dev2.Diagnostics.Tests.csproj]
C:\Program Files\dotnet\sdk\10.0.201\Microsoft.Common.CurrentVersion.targets(2451,5): warning MSB3277:             C:\Users\ultra\warewolf\Dev\Warewolf.Trigger.Queue\bin\Debug\net8.0\Warewolf.Trigger.Queue.dll [C:\Users\ultra\warewolf\Dev\Dev2.Diagnostics.Tests\Dev2.Diagnostics.Tests.csproj]
C:\Program Files\dotnet\sdk\10.0.201\Microsoft.Common.CurrentVersion.targets(2451,5): warning MSB3277:             C:\Users\ultra\warewolf\Dev\Warewolf.UI\bin\Debug\net8.0\Warewolf.UI.dll [C:\Users\ultra\warewolf\Dev\Dev2.Diagnostics.Tests\Dev2.Diagnostics.Tests.csproj]
C:\Program Files\dotnet\sdk\10.0.201\Microsoft.Common.CurrentVersion.targets(2451,5): warning MSB3277:             C:\Users\ultra\warewolf\Dev\Warewolf.Logger\bin\Debug\net8.0\linux-x64\WarewolfLogger.dll [C:\Users\ultra\warewolf\Dev\Dev2.Diagnostics.Tests\Dev2.Diagnostics.Tests.csproj]
C:\Program Files\dotnet\sdk\10.0.201\Microsoft.Common.CurrentVersion.targets(2451,5): warning MSB3277:             C:\Users\ultra\.nuget\packages\dotnetzip\1.16.0\lib\netstandard2.0\DotNetZip.dll [C:\Users\ultra\warewolf\Dev\Dev2.Diagnostics.Tests\Dev2.Diagnostics.Tests.csproj]
C:\Program Files\dotnet\sdk\10.0.201\Microsoft.Common.CurrentVersion.targets(2451,5): warning MSB3277:             C:\Users\ultra\warewolf\Dev\Dev2.Common\bin\Debug\net8.0\Dev2.Common.dll [C:\Users\ultra\warewolf\Dev\Dev2.Diagnostics.Tests\Dev2.Diagnostics.Tests.csproj]
C:\Program Files\dotnet\sdk\10.0.201\Microsoft.Common.CurrentVersion.targets(2451,5): warning MSB3277:             C:\Users\ultra\warewolf\Dev\Dev2.Diagnostics\bin\Debug\net8.0\Dev2.Diagnostics.dll [C:\Users\ultra\warewolf\Dev\Dev2.Diagnostics.Tests\Dev2.Diagnostics.Tests.csproj]
C:\Program Files\dotnet\sdk\10.0.201\Microsoft.Common.CurrentVersion.targets(2451,5): warning MSB3277:             C:\Users\ultra\warewolf\Dev\Dev2.Infrastructure\bin\Debug\net8.0\Dev2.Infrastructure.dll [C:\Users\ultra\warewolf\Dev\Dev2.Diagnostics.Tests\Dev2.Diagnostics.Tests.csproj]
C:\Program Files\dotnet\sdk\10.0.201\Microsoft.Common.CurrentVersion.targets(2451,5): warning MSB3277:             C:\Users\ultra\warewolf\Dev\Dev2.Data.Interfaces\bin\Debug\net8.0\Dev2.Data.Interfaces.dll [C:\Users\ultra\warewolf\Dev\Dev2.Diagnostics.Tests\Dev2.Diagnostics.Tests.csproj]
C:\Program Files\dotnet\sdk\10.0.201\Microsoft.Common.CurrentVersion.targets(2451,5): warning MSB3277:             C:\Users\ultra\warewolf\Dev\Dev2.Development.Languages\bin\Debug\net8.0\Dev2.Development.Languages.dll [C:\Users\ultra\warewolf\Dev\Dev2.Diagnostics.Tests\Dev2.Diagnostics.Tests.csproj]
C:\Program Files\dotnet\sdk\10.0.201\Microsoft.Common.CurrentVersion.targets(2451,5): warning MSB3277:             C:\Users\ultra\warewolf\Dev\Dev2.Services.Sql\bin\Debug\net8.0\Dev2.Services.Sql.dll [C:\Users\ultra\warewolf\Dev\Dev2.Diagnostics.Tests\Dev2.Diagnostics.Tests.csproj]
C:\Program Files\dotnet\sdk\10.0.201\Microsoft.Common.CurrentVersion.targets(2451,5): warning MSB3277:             C:\Users\ultra\warewolf\Dev\Dev2.TaskScheduler.Wrappers\bin\Debug\net8.0\Dev2.TaskScheduler.Wrappers.dll [C:\Users\ultra\warewolf\Dev\Dev2.Diagnostics.Tests\Dev2.Diagnostics.Tests.csproj]
C:\Program Files\dotnet\sdk\10.0.201\Microsoft.Common.CurrentVersion.targets(2451,5): warning MSB3277:             C:\Users\ultra\warewolf\Dev\Dev2.Util\bin\Debug\net8.0\Dev2.Util.dll [C:\Users\ultra\warewolf\Dev\Dev2.Diagnostics.Tests\Dev2.Diagnostics.Tests.csproj]
C:\Program Files\dotnet\sdk\10.0.201\Microsoft.Common.CurrentVersion.targets(2451,5): warning MSB3277:             C:\Users\ultra\warewolf\Dev\Warewolf.AI.Harness\bin\Debug\net8.0\Warewolf.AI.Harness.dll [C:\Users\ultra\warewolf\Dev\Dev2.Diagnostics.Tests\Dev2.Diagnostics.Tests.csproj]
C:\Program Files\dotnet\sdk\10.0.201\Microsoft.Common.CurrentVersion.targets(2451,5): warning MSB3277:             C:\Users\ultra\warewolf\Dev\Warewolf.Driver.Serilog\bin\Debug\net8.0\Warewolf.Driver.Serilog.dll [C:\Users\ultra\warewolf\Dev\Dev2.Diagnostics.Tests\Dev2.Diagnostics.Tests.csproj]
C:\Program Files\dotnet\sdk\10.0.201\Microsoft.Common.CurrentVersion.targets(2451,5): warning MSB3277:             C:\Users\ultra\warewolf\Dev\Warewolf.PerfMon\bin\Debug\net8.0\linux-x64\Warewolf.PerfMon.dll [C:\Users\ultra\warewolf\Dev\Dev2.Diagnostics.Tests\Dev2.Diagnostics.Tests.csproj]
C:\Program Files\dotnet\sdk\10.0.201\Microsoft.Common.CurrentVersion.targets(2451,5): warning MSB3277:             C:\Users\ultra\warewolf\Dev\Warewolf.Sharepoint\bin\Debug\net8.0\Warewolf.Sharepoint.dll [C:\Users\ultra\warewolf\Dev\Dev2.Diagnostics.Tests\Dev2.Diagnostics.Tests.csproj]
C:\Program Files\dotnet\sdk\10.0.201\Microsoft.Common.CurrentVersion.targets(2451,5): warning MSB3277:             C:\Users\ultra\warewolf\Dev\Warewolf.Storage\bin\Debug\net8.0\Warewolf.Storage.dll [C:\Users\ultra\warewolf\Dev\Dev2.Diagnostics.Tests\Dev2.Diagnostics.Tests.csproj]
C:\Program Files\dotnet\sdk\10.0.201\Microsoft.Common.CurrentVersion.targets(2451,5): warning MSB3277:             C:\Users\ultra\.nuget\packages\mindbox.data.linq\5.0.0\lib\netstandard2.0\Mindbox.Data.Linq.dll [C:\Users\ultra\warewolf\Dev\Dev2.Diagnostics.Tests\Dev2.Diagnostics.Tests.csproj]
C:\Program Files\dotnet\sdk\10.0.201\Microsoft.Common.CurrentVersion.targets(2451,5): warning MSB3277:             C:\Users\ultra\.nuget\packages\mysql.data\8.4.0\lib\net8.0\MySql.Data.dll [C:\Users\ultra\warewolf\Dev\Dev2.Diagnostics.Tests\Dev2.Diagnostics.Tests.csproj]
C:\Program Files\dotnet\sdk\10.0.201\Microsoft.Common.CurrentVersion.targets(2451,5): warning MSB3277:             C:\Users\ultra\.nuget\packages\oracle.manageddataaccess.core\3.21.70\lib\netstandard2.1\Oracle.ManagedDataAccess.dll [C:\Users\ultra\warewolf\Dev\Dev2.Diagnostics.Tests\Dev2.Diagnostics.Tests.csproj]
C:\Program Files\dotnet\sdk\10.0.201\Microsoft.Common.CurrentVersion.targets(2451,5): warning MSB3277:             C:\Users\ultra\.nuget\packages\system.directoryservices\6.0.0\lib\net6.0\System.DirectoryServices.dll [C:\Users\ultra\warewolf\Dev\Dev2.Diagnostics.Tests\Dev2.Diagnostics.Tests.csproj]
C:\Program Files\dotnet\sdk\10.0.201\Microsoft.Common.CurrentVersion.targets(2451,5): warning MSB3277:             C:\Users\ultra\.nuget\packages\corewcf.primitives\1.2.1\lib\netstandard2.0\CoreWCF.Primitives.dll [C:\Users\ultra\warewolf\Dev\Dev2.Diagnostics.Tests\Dev2.Diagnostics.Tests.csproj]
C:\Program Files\dotnet\sdk\10.0.201\Microsoft.Common.CurrentVersion.targets(2451,5): warning MSB3277:             C:\Users\ultra\.nuget\packages\corewcf.http\1.2.1\lib\netstandard2.0\CoreWCF.Http.dll [C:\Users\ultra\warewolf\Dev\Dev2.Diagnostics.Tests\Dev2.Diagnostics.Tests.csproj]
C:\Program Files\dotnet\sdk\10.0.201\Microsoft.Common.CurrentVersion.targets(2451,5): warning MSB3277:             C:\Users\ultra\.nuget\packages\corewcf.nettcp\1.2.1\lib\netstandard2.0\CoreWCF.NetTcp.dll [C:\Users\ultra\warewolf\Dev\Dev2.Diagnostics.Tests\Dev2.Diagnostics.Tests.csproj]
C:\Program Files\dotnet\sdk\10.0.201\Microsoft.Common.CurrentVersion.targets(2451,5): warning MSB3277:             C:\Users\ultra\.nuget\packages\corewcf.webhttp\1.2.1\lib\netstandard2.0\CoreWCF.WebHttp.dll [C:\Users\ultra\warewolf\Dev\Dev2.Diagnostics.Tests\Dev2.Diagnostics.Tests.csproj]
C:\Program Files\dotnet\sdk\10.0.201\Microsoft.Common.CurrentVersion.targets(2451,5): warning MSB3277:             C:\Program Files\dotnet\packs\Microsoft.NETCore.App.Ref\8.0.25\ref/net8.0/System.Configuration.dll [C:\Users\ultra\warewolf\Dev\Dev2.Diagnostics.Tests\Dev2.Diagnostics.Tests.csproj]
C:\Program Files\dotnet\sdk\10.0.201\Microsoft.Common.CurrentVersion.targets(2451,5): warning MSB3277:             C:\Users\ultra\.nuget\packages\prism.wpf\9.0.537\lib\net462\Prism.Wpf.dll [C:\Users\ultra\warewolf\Dev\Dev2.Diagnostics.Tests\Dev2.Diagnostics.Tests.csproj]
C:\Program Files\dotnet\sdk\10.0.201\Microsoft.Common.CurrentVersion.targets(2451,5): warning MSB3277:             C:\Program Files\dotnet\packs\Microsoft.NETCore.App.Ref\8.0.25\ref/net8.0/System.Data.dll [C:\Users\ultra\warewolf\Dev\Dev2.Diagnostics.Tests\Dev2.Diagnostics.Tests.csproj]
C:\Program Files\dotnet\sdk\10.0.201\Microsoft.Common.CurrentVersion.targets(2451,5): warning MSB3277:             C:\Users\ultra\.nuget\packages\taskschedulereditor\2.10.1\lib\net452\Microsoft.Win32.TaskSchedulerEditor.dll [C:\Users\ultra\warewolf\Dev\Dev2.Diagnostics.Tests\Dev2.Diagnostics.Tests.csproj]
C:\Program Files\dotnet\sdk\10.0.201\Microsoft.Common.CurrentVersion.targets(2451,5): warning MSB3277:             C:\Program Files\dotnet\packs\Microsoft.NETCore.App.Ref\8.0.25\ref/net8.0/System.Drawing.dll [C:\Users\ultra\warewolf\Dev\Dev2.Diagnostics.Tests\Dev2.Diagnostics.Tests.csproj]
C:\Program Files\dotnet\sdk\10.0.201\Microsoft.Common.CurrentVersion.targets(2451,5): warning MSB3277:             C:\Users\ultra\.nuget\packages\aerowizard\2.3.1\lib\net45\AeroWizard.dll [C:\Users\ultra\warewolf\Dev\Dev2.Diagnostics.Tests\Dev2.Diagnostics.Tests.csproj]
C:\Program Files\dotnet\sdk\10.0.201\Microsoft.Common.CurrentVersion.targets(2451,5): warning MSB3277:             C:\Users\ultra\.nuget\packages\groupcontrols\1.9.0\lib\net45\GroupControls.dll [C:\Users\ultra\warewolf\Dev\Dev2.Diagnostics.Tests\Dev2.Diagnostics.Tests.csproj]
C:\Program Files\dotnet\sdk\10.0.201\Microsoft.Common.CurrentVersion.targets(2451,5): warning MSB3277:             C:\Program Files\dotnet\packs\Microsoft.NETCore.App.Ref\8.0.25\ref/net8.0/System.Net.dll [C:\Users\ultra\warewolf\Dev\Dev2.Diagnostics.Tests\Dev2.Diagnostics.Tests.csproj]
C:\Program Files\dotnet\sdk\10.0.201\Microsoft.Common.CurrentVersion.targets(2451,5): warning MSB3277:             C:\Program Files\dotnet\packs\Microsoft.NETCore.App.Ref\8.0.25\ref/net8.0/System.Security.dll [C:\Users\ultra\warewolf\Dev\Dev2.Diagnostics.Tests\Dev2.Diagnostics.Tests.csproj]
C:\Program Files\dotnet\sdk\10.0.201\Microsoft.Common.CurrentVersion.targets(2451,5): warning MSB3277:             C:\Program Files\dotnet\packs\Microsoft.NETCore.App.Ref\8.0.25\ref/net8.0/System.ServiceProcess.dll [C:\Users\ultra\warewolf\Dev\Dev2.Diagnostics.Tests\Dev2.Diagnostics.Tests.csproj]
C:\Program Files\dotnet\sdk\10.0.201\Microsoft.Common.CurrentVersion.targets(2451,5): warning MSB3277:             C:\Program Files\dotnet\packs\Microsoft.NETCore.App.Ref\8.0.25\ref/net8.0/System.Transactions.dll [C:\Users\ultra\warewolf\Dev\Dev2.Diagnostics.Tests\Dev2.Diagnostics.Tests.csproj]
C:\Program Files\dotnet\sdk\10.0.201\Microsoft.Common.CurrentVersion.targets(2451,5): warning MSB3277:             C:\Program Files\dotnet\packs\Microsoft.NETCore.App.Ref\8.0.25\ref/net8.0/System.dll [C:\Users\ultra\warewolf\Dev\Dev2.Diagnostics.Tests\Dev2.Diagnostics.Tests.csproj]
C:\Program Files\dotnet\sdk\10.0.201\Microsoft.Common.CurrentVersion.targets(2451,5): warning MSB3277:             C:\Users\ultra\.nuget\packages\microsoft.xaml.behaviors.wpf\1.1.122\lib\net462\Microsoft.Xaml.Behaviors.dll [C:\Users\ultra\warewolf\Dev\Dev2.Diagnostics.Tests\Dev2.Diagnostics.Tests.csproj]
C:\Program Files\dotnet\sdk\10.0.201\Microsoft.Common.CurrentVersion.targets(2451,5): warning MSB3277:             C:\Users\ultra\.nuget\packages\caliburn.micro\4.0.212\lib\netcoreapp3.1\Caliburn.Micro.Platform.dll [C:\Users\ultra\warewolf\Dev\Dev2.Diagnostics.Tests\Dev2.Diagnostics.Tests.csproj]
C:\Program Files\dotnet\sdk\10.0.201\Microsoft.Common.CurrentVersion.targets(2451,5): warning MSB3277:             C:\Users\ultra\.nuget\packages\reactiveui.wpf\18.4.1\lib\net462\ReactiveUI.Wpf.dll [C:\Users\ultra\warewolf\Dev\Dev2.Diagnostics.Tests\Dev2.Diagnostics.Tests.csproj]
C:\Program Files\dotnet\sdk\10.0.201\Microsoft.Common.CurrentVersion.targets(2451,5): warning MSB3277:             C:\Users\ultra\.nuget\packages\ttcue.netcore.sharepointonline.csom.16.1.8029.1200\16.1.8029.1200\lib\netcoreapp2.0\Microsoft.SharePoint.Client.Runtime.Windows.dll [C:\Users\ultra\warewolf\Dev\Dev2.Diagnostics.Tests\Dev2.Diagnostics.Tests.csproj]
C:\Program Files\dotnet\sdk\10.0.201\Microsoft.Common.CurrentVersion.targets(2451,5): warning MSB3277:             C:\Program Files\dotnet\packs\Microsoft.NETCore.App.Ref\8.0.25\ref/net8.0/WindowsBase.dll [C:\Users\ultra\warewolf\Dev\Dev2.Diagnostics.Tests\Dev2.Diagnostics.Tests.csproj]
C:\Program Files\dotnet\sdk\10.0.201\Microsoft.Common.CurrentVersion.targets(2451,5): warning MSB3277:             C:\Program Files\dotnet\packs\Microsoft.NETCore.App.Ref\8.0.25\ref/net8.0/mscorlib.dll [C:\Users\ultra\warewolf\Dev\Dev2.Diagnostics.Tests\Dev2.Diagnostics.Tests.csproj]
C:\Program Files\dotnet\sdk\10.0.201\Microsoft.Common.CurrentVersion.targets(2451,5): warning MSB3277:             C:\Users\ultra\.nuget\packages\hangfire.core\1.7.32\lib\netstandard2.0\Hangfire.Core.dll [C:\Users\ultra\warewolf\Dev\Dev2.Diagnostics.Tests\Dev2.Diagnostics.Tests.csproj]
C:\Program Files\dotnet\sdk\10.0.201\Microsoft.Common.CurrentVersion.targets(2451,5): warning MSB3277:             C:\Users\ultra\.nuget\packages\hangfire.aspnetcore\1.7.32\lib\netcoreapp3.0\Hangfire.AspNetCore.dll [C:\Users\ultra\warewolf\Dev\Dev2.Diagnostics.Tests\Dev2.Diagnostics.Tests.csproj]
C:\Program Files\dotnet\sdk\10.0.201\Microsoft.Common.CurrentVersion.targets(2451,5): warning MSB3277:             C:\Users\ultra\.nuget\packages\hangfire.sqlserver\1.7.32\lib\netstandard2.0\Hangfire.SqlServer.dll [C:\Users\ultra\warewolf\Dev\Dev2.Diagnostics.Tests\Dev2.Diagnostics.Tests.csproj]
C:\Program Files\dotnet\sdk\10.0.201\Microsoft.Common.CurrentVersion.targets(2451,5): warning MSB3277:             C:\Users\ultra\.nuget\packages\microsoft.codecoverage\17.13.0\lib\netcoreapp3.1\Microsoft.VisualStudio.CodeCoverage.Shim.dll [C:\Users\ultra\warewolf\Dev\Dev2.Diagnostics.Tests\Dev2.Diagnostics.Tests.csproj]
C:\Program Files\dotnet\sdk\10.0.201\Microsoft.Common.CurrentVersion.targets(2451,5): warning MSB3277:         C:\Program Files\dotnet\packs\Microsoft.NETCore.App.Ref\8.0.25\ref\net8.0\System.Drawing.dll [C:\Users\ultra\warewolf\Dev\Dev2.Diagnostics.Tests\Dev2.Diagnostics.Tests.csproj]
C:\Program Files\dotnet\sdk\10.0.201\Microsoft.Common.CurrentVersion.targets(2451,5): warning MSB3277:           Project file item includes which caused reference "C:\Program Files\dotnet\packs\Microsoft.NETCore.App.Ref\8.0.25\ref\net8.0\System.Drawing.dll". [C:\Users\ultra\warewolf\Dev\Dev2.Diagnostics.Tests\Dev2.Diagnostics.Tests.csproj]
C:\Program Files\dotnet\sdk\10.0.201\Microsoft.Common.CurrentVersion.targets(2451,5): warning MSB3277:             C:\Program Files\dotnet\packs\Microsoft.NETCore.App.Ref\8.0.25\ref/net8.0/System.Drawing.dll [C:\Users\ultra\warewolf\Dev\Dev2.Diagnostics.Tests\Dev2.Diagnostics.Tests.csproj]
C:\Program Files\dotnet\sdk\10.0.201\Microsoft.Common.CurrentVersion.targets(2451,5): warning MSB3277:             C:\Users\ultra\.nuget\packages\aerowizard\2.3.1\lib\net45\AeroWizard.dll [C:\Users\ultra\warewolf\Dev\Dev2.Diagnostics.Tests\Dev2.Diagnostics.Tests.csproj]
C:\Program Files\dotnet\sdk\10.0.201\Microsoft.Common.CurrentVersion.targets(2451,5): warning MSB3277:             C:\Users\ultra\.nuget\packages\groupcontrols\1.9.0\lib\net45\GroupControls.dll [C:\Users\ultra\warewolf\Dev\Dev2.Diagnostics.Tests\Dev2.Diagnostics.Tests.csproj]
C:\Program Files\dotnet\sdk\10.0.201\Microsoft.Common.CurrentVersion.targets(2451,5): warning MSB3277:             C:\Users\ultra\.nuget\packages\taskschedulereditor\2.10.1\lib\net452\Microsoft.Win32.TaskSchedulerEditor.dll [C:\Users\ultra\warewolf\Dev\Dev2.Diagnostics.Tests\Dev2.Diagnostics.Tests.csproj]
  Warewolf.Studio.Views -> C:\Users\ultra\warewolf\Dev\Warewolf.Studio.Views\bin\Debug\net8.0\Warewolf.Studio.Views.dll
C:\Program Files\dotnet\sdk\10.0.201\Microsoft.Common.CurrentVersion.targets(2451,5): warning MSB3277: Found conflicts between different versions of "Microsoft.Win32.SystemEvents" that could not be resolved. [C:\Users\ultra\warewolf\Dev\Dev2.Studio\Dev2.Studio.csproj]
C:\Program Files\dotnet\sdk\10.0.201\Microsoft.Common.CurrentVersion.targets(2451,5): warning MSB3277: There was a conflict between "Microsoft.Win32.SystemEvents, Version=6.0.0.0, Culture=neutral, PublicKeyToken=cc7b13ffcd2ddd51" and "Microsoft.Win32.SystemEvents, Version=7.0.0.0, Culture=neutral, PublicKeyToken=cc7b13ffcd2ddd51". [C:\Users\ultra\warewolf\Dev\Dev2.Studio\Dev2.Studio.csproj]
C:\Program Files\dotnet\sdk\10.0.201\Microsoft.Common.CurrentVersion.targets(2451,5): warning MSB3277:     "Microsoft.Win32.SystemEvents, Version=6.0.0.0, Culture=neutral, PublicKeyToken=cc7b13ffcd2ddd51" was chosen because it was primary and "Microsoft.Win32.SystemEvents, Version=7.0.0.0, Culture=neutral, PublicKeyToken=cc7b13ffcd2ddd51" was not. [C:\Users\ultra\warewolf\Dev\Dev2.Studio\Dev2.Studio.csproj]
C:\Program Files\dotnet\sdk\10.0.201\Microsoft.Common.CurrentVersion.targets(2451,5): warning MSB3277:     References which depend on "Microsoft.Win32.SystemEvents, Version=6.0.0.0, Culture=neutral, PublicKeyToken=cc7b13ffcd2ddd51" [C:\Users\ultra\.nuget\packages\microsoft.win32.systemevents\6.0.0\lib\net6.0\Microsoft.Win32.SystemEvents.dll]. [C:\Users\ultra\warewolf\Dev\Dev2.Studio\Dev2.Studio.csproj]
C:\Program Files\dotnet\sdk\10.0.201\Microsoft.Common.CurrentVersion.targets(2451,5): warning MSB3277:         C:\Users\ultra\.nuget\packages\microsoft.win32.systemevents\6.0.0\lib\net6.0\Microsoft.Win32.SystemEvents.dll [C:\Users\ultra\warewolf\Dev\Dev2.Studio\Dev2.Studio.csproj]
C:\Program Files\dotnet\sdk\10.0.201\Microsoft.Common.CurrentVersion.targets(2451,5): warning MSB3277:           Project file item includes which caused reference "C:\Users\ultra\.nuget\packages\microsoft.win32.systemevents\6.0.0\lib\net6.0\Microsoft.Win32.SystemEvents.dll". [C:\Users\ultra\warewolf\Dev\Dev2.Studio\Dev2.Studio.csproj]
C:\Program Files\dotnet\sdk\10.0.201\Microsoft.Common.CurrentVersion.targets(2451,5): warning MSB3277:             C:\Users\ultra\.nuget\packages\microsoft.win32.systemevents\6.0.0\lib\net6.0\Microsoft.Win32.SystemEvents.dll [C:\Users\ultra\warewolf\Dev\Dev2.Studio\Dev2.Studio.csproj]
C:\Program Files\dotnet\sdk\10.0.201\Microsoft.Common.CurrentVersion.targets(2451,5): warning MSB3277:     References which depend on or have been unified to "Microsoft.Win32.SystemEvents, Version=7.0.0.0, Culture=neutral, PublicKeyToken=cc7b13ffcd2ddd51" []. [C:\Users\ultra\warewolf\Dev\Dev2.Studio\Dev2.Studio.csproj]
C:\Program Files\dotnet\sdk\10.0.201\Microsoft.Common.CurrentVersion.targets(2451,5): warning MSB3277:         C:\Users\ultra\warewolf\Dev\Dev2.Common\bin\Debug\net8.0\Dev2.Common.dll [C:\Users\ultra\warewolf\Dev\Dev2.Studio\Dev2.Studio.csproj]
C:\Program Files\dotnet\sdk\10.0.201\Microsoft.Common.CurrentVersion.targets(2451,5): warning MSB3277:           Project file item includes which caused reference "C:\Users\ultra\warewolf\Dev\Dev2.Common\bin\Debug\net8.0\Dev2.Common.dll". [C:\Users\ultra\warewolf\Dev\Dev2.Studio\Dev2.Studio.csproj]
C:\Program Files\dotnet\sdk\10.0.201\Microsoft.Common.CurrentVersion.targets(2451,5): warning MSB3277:             C:\Users\ultra\warewolf\Dev\Dev2.Common\bin\Debug\net8.0\Dev2.Common.dll [C:\Users\ultra\warewolf\Dev\Dev2.Studio\Dev2.Studio.csproj]
C:\Program Files\dotnet\sdk\10.0.201\Microsoft.Common.CurrentVersion.targets(2451,5): warning MSB3277:             C:\Users\ultra\warewolf\Dev\Dev2.Activities\bin\Debug\net8.0\Dev2.Activities.dll [C:\Users\ultra\warewolf\Dev\Dev2.Studio\Dev2.Studio.csproj]
C:\Program Files\dotnet\sdk\10.0.201\Microsoft.Common.CurrentVersion.targets(2451,5): warning MSB3277:             C:\Users\ultra\warewolf\Dev\Dev2.Core\bin\Debug\net8.0\Dev2.Core.dll [C:\Users\ultra\warewolf\Dev\Dev2.Studio\Dev2.Studio.csproj]
C:\Program Files\dotnet\sdk\10.0.201\Microsoft.Common.CurrentVersion.targets(2451,5): warning MSB3277:             C:\Users\ultra\warewolf\Dev\Dev2.Data\bin\Debug\net8.0\Dev2.Data.dll [C:\Users\ultra\warewolf\Dev\Dev2.Studio\Dev2.Studio.csproj]
C:\Program Files\dotnet\sdk\10.0.201\Microsoft.Common.CurrentVersion.targets(2451,5): warning MSB3277:             C:\Users\ultra\warewolf\Dev\Dev2.Diagnostics\bin\Debug\net8.0\Dev2.Diagnostics.dll [C:\Users\ultra\warewolf\Dev\Dev2.Studio\Dev2.Studio.csproj]
C:\Program Files\dotnet\sdk\10.0.201\Microsoft.Common.CurrentVersion.targets(2451,5): warning MSB3277:             C:\Users\ultra\warewolf\Dev\Dev2.Infrastructure\bin\Debug\net8.0\Dev2.Infrastructure.dll [C:\Users\ultra\warewolf\Dev\Dev2.Studio\Dev2.Studio.csproj]
C:\Program Files\dotnet\sdk\10.0.201\Microsoft.Common.CurrentVersion.targets(2451,5): warning MSB3277:             C:\Users\ultra\warewolf\Dev\Dev2.Intellisense\bin\Debug\net8.0\Dev2.Intellisense.dll [C:\Users\ultra\warewolf\Dev\Dev2.Studio\Dev2.Studio.csproj]
C:\Program Files\dotnet\sdk\10.0.201\Microsoft.Common.CurrentVersion.targets(2451,5): warning MSB3277:             C:\Users\ultra\warewolf\Dev\Dev2.Scheduler\bin\Debug\net8.0\Dev2.Scheduler.dll [C:\Users\ultra\warewolf\Dev\Dev2.Studio\Dev2.Studio.csproj]
C:\Program Files\dotnet\sdk\10.0.201\Microsoft.Common.CurrentVersion.targets(2451,5): warning MSB3277:             C:\Users\ultra\warewolf\Dev\Dev2.Services.Execution\bin\Debug\net8.0\Dev2.Services.Execution.dll [C:\Users\ultra\warewolf\Dev\Dev2.Studio\Dev2.Studio.csproj]
C:\Program Files\dotnet\sdk\10.0.201\Microsoft.Common.CurrentVersion.targets(2451,5): warning MSB3277:             C:\Users\ultra\warewolf\Dev\Dev2.Studio.Core\bin\Debug\net8.0\Dev2.Studio.Core.dll [C:\Users\ultra\warewolf\Dev\Dev2.Studio\Dev2.Studio.csproj]
C:\Program Files\dotnet\sdk\10.0.201\Microsoft.Common.CurrentVersion.targets(2451,5): warning MSB3277:             C:\Users\ultra\warewolf\Dev\Dev2.Studio.Interfaces\bin\Debug\net8.0\Dev2.Studio.Interfaces.dll [C:\Users\ultra\warewolf\Dev\Dev2.Studio\Dev2.Studio.csproj]
C:\Program Files\dotnet\sdk\10.0.201\Microsoft.Common.CurrentVersion.targets(2451,5): warning MSB3277:             C:\Users\ultra\warewolf\Dev\Dev2.TaskScheduler.Wrappers\bin\Debug\net8.0\Dev2.TaskScheduler.Wrappers.dll [C:\Users\ultra\warewolf\Dev\Dev2.Studio\Dev2.Studio.csproj]
C:\Program Files\dotnet\sdk\10.0.201\Microsoft.Common.CurrentVersion.targets(2451,5): warning MSB3277:             C:\Users\ultra\warewolf\Dev\Dev2.Util\bin\Debug\net8.0\Dev2.Util.dll [C:\Users\ultra\warewolf\Dev\Dev2.Studio\Dev2.Studio.csproj]
C:\Program Files\dotnet\sdk\10.0.201\Microsoft.Common.CurrentVersion.targets(2451,5): warning MSB3277:             C:\Users\ultra\warewolf\Dev\Warewolf.Core\bin\Debug\net8.0\Warewolf.Core.dll [C:\Users\ultra\warewolf\Dev\Dev2.Studio\Dev2.Studio.csproj]
C:\Program Files\dotnet\sdk\10.0.201\Microsoft.Common.CurrentVersion.targets(2451,5): warning MSB3277:             C:\Users\ultra\warewolf\Dev\Warewolf.ResourceManagement\bin\Debug\net8.0\Warewolf.ResourceManagement.dll [C:\Users\ultra\warewolf\Dev\Dev2.Studio\Dev2.Studio.csproj]
C:\Program Files\dotnet\sdk\10.0.201\Microsoft.Common.CurrentVersion.targets(2451,5): warning MSB3277:             C:\Users\ultra\warewolf\Dev\Warewolf.Sharepoint\bin\Debug\net8.0\Warewolf.Sharepoint.dll [C:\Users\ultra\warewolf\Dev\Dev2.Studio\Dev2.Studio.csproj]
C:\Program Files\dotnet\sdk\10.0.201\Microsoft.Common.CurrentVersion.targets(2451,5): warning MSB3277:             C:\Users\ultra\warewolf\Dev\Warewolf.Storage\bin\Debug\net8.0\Warewolf.Storage.dll [C:\Users\ultra\warewolf\Dev\Dev2.Studio\Dev2.Studio.csproj]
C:\Program Files\dotnet\sdk\10.0.201\Microsoft.Common.CurrentVersion.targets(2451,5): warning MSB3277:             C:\Users\ultra\warewolf\Dev\Warewolf.Studio.Core\bin\Debug\net8.0\Warewolf.Studio.Core.dll [C:\Users\ultra\warewolf\Dev\Dev2.Studio\Dev2.Studio.csproj]
C:\Program Files\dotnet\sdk\10.0.201\Microsoft.Common.CurrentVersion.targets(2451,5): warning MSB3277:             C:\Users\ultra\warewolf\Dev\Warewolf.Studio.Models\bin\Debug\net8.0\Warewolf.Studio.Models.dll [C:\Users\ultra\warewolf\Dev\Dev2.Studio\Dev2.Studio.csproj]
C:\Program Files\dotnet\sdk\10.0.201\Microsoft.Common.CurrentVersion.targets(2451,5): warning MSB3277:             C:\Users\ultra\warewolf\Dev\Warewolf.Studio.CustomControls\bin\Debug\net8.0\Warewolf.Studio.CustomControls.dll [C:\Users\ultra\warewolf\Dev\Dev2.Studio\Dev2.Studio.csproj]
C:\Program Files\dotnet\sdk\10.0.201\Microsoft.Common.CurrentVersion.targets(2451,5): warning MSB3277:             C:\Users\ultra\warewolf\Dev\Warewolf.Studio.ViewModels\bin\Debug\net8.0\Warewolf.Studio.ViewModels.dll [C:\Users\ultra\warewolf\Dev\Dev2.Studio\Dev2.Studio.csproj]
C:\Program Files\dotnet\sdk\10.0.201\Microsoft.Common.CurrentVersion.targets(2451,5): warning MSB3277:             C:\Users\ultra\warewolf\Dev\Warewolf.Trigger.Queue\bin\Debug\net8.0\Warewolf.Trigger.Queue.dll [C:\Users\ultra\warewolf\Dev\Dev2.Studio\Dev2.Studio.csproj]
C:\Program Files\dotnet\sdk\10.0.201\Microsoft.Common.CurrentVersion.targets(2451,5): warning MSB3277:             C:\Users\ultra\warewolf\Dev\Warewolf.UI\bin\Debug\net8.0\Warewolf.UI.dll [C:\Users\ultra\warewolf\Dev\Dev2.Studio\Dev2.Studio.csproj]
C:\Program Files\dotnet\sdk\10.0.201\Microsoft.Common.CurrentVersion.targets(2451,5): warning MSB3277:             C:\Users\ultra\warewolf\Dev\Dev2.Development.Languages\bin\Debug\net8.0\Dev2.Development.Languages.dll [C:\Users\ultra\warewolf\Dev\Dev2.Studio\Dev2.Studio.csproj]
C:\Program Files\dotnet\sdk\10.0.201\Microsoft.Common.CurrentVersion.targets(2451,5): warning MSB3277:             C:\Users\ultra\warewolf\Dev\Dev2.Runtime.Services\bin\Debug\net8.0\Dev2.Runtime.Services.dll [C:\Users\ultra\warewolf\Dev\Dev2.Studio\Dev2.Studio.csproj]
C:\Program Files\dotnet\sdk\10.0.201\Microsoft.Common.CurrentVersion.targets(2451,5): warning MSB3277:             C:\Users\ultra\warewolf\Dev\Dev2.Services.Sql\bin\Debug\net8.0\Dev2.Services.Sql.dll [C:\Users\ultra\warewolf\Dev\Dev2.Studio\Dev2.Studio.csproj]
C:\Program Files\dotnet\sdk\10.0.201\Microsoft.Common.CurrentVersion.targets(2451,5): warning MSB3277:             C:\Users\ultra\warewolf\Dev\Warewolf.AI.Harness\bin\Debug\net8.0\Warewolf.AI.Harness.dll [C:\Users\ultra\warewolf\Dev\Dev2.Studio\Dev2.Studio.csproj]
C:\Program Files\dotnet\sdk\10.0.201\Microsoft.Common.CurrentVersion.targets(2451,5): warning MSB3277:             C:\Users\ultra\warewolf\Dev\Warewolf.Auditing\bin\Debug\net8.0\Warewolf.Auditing.dll [C:\Users\ultra\warewolf\Dev\Dev2.Studio\Dev2.Studio.csproj]
C:\Program Files\dotnet\sdk\10.0.201\Microsoft.Common.CurrentVersion.targets(2451,5): warning MSB3277:             C:\Users\ultra\warewolf\Dev\Warewolf.Common.NetStandard20\bin\Debug\net8.0\Warewolf.Common.NetStandard20.dll [C:\Users\ultra\warewolf\Dev\Dev2.Studio\Dev2.Studio.csproj]
C:\Program Files\dotnet\sdk\10.0.201\Microsoft.Common.CurrentVersion.targets(2451,5): warning MSB3277:             C:\Users\ultra\warewolf\Dev\Warewolf.Driver.Persistence\bin\Debug\net8.0\Warewolf.Driver.Persistence.dll [C:\Users\ultra\warewolf\Dev\Dev2.Studio\Dev2.Studio.csproj]
C:\Program Files\dotnet\sdk\10.0.201\Microsoft.Common.CurrentVersion.targets(2451,5): warning MSB3277:             C:\Users\ultra\warewolf\Dev\Warewolf.Driver.Serilog\bin\Debug\net8.0\Warewolf.Driver.Serilog.dll [C:\Users\ultra\warewolf\Dev\Dev2.Studio\Dev2.Studio.csproj]
C:\Program Files\dotnet\sdk\10.0.201\Microsoft.Common.CurrentVersion.targets(2451,5): warning MSB3277:             C:\Users\ultra\warewolf\Dev\Warewolf.Exchange.Email.Wrapper\bin\Debug\net8.0\Warewolf.Exchange.Email.Wrapper.dll [C:\Users\ultra\warewolf\Dev\Dev2.Studio\Dev2.Studio.csproj]
C:\Program Files\dotnet\sdk\10.0.201\Microsoft.Common.CurrentVersion.targets(2451,5): warning MSB3277:         C:\Users\ultra\warewolf\Dev\Binaries\Infragistcs_Net6\InfragisticsWPF4.Editors.v15.1.dll [C:\Users\ultra\warewolf\Dev\Dev2.Studio\Dev2.Studio.csproj]
C:\Program Files\dotnet\sdk\10.0.201\Microsoft.Common.CurrentVersion.targets(2451,5): warning MSB3277:           Project file item includes which caused reference "C:\Users\ultra\warewolf\Dev\Binaries\Infragistcs_Net6\InfragisticsWPF4.Editors.v15.1.dll". [C:\Users\ultra\warewolf\Dev\Dev2.Studio\Dev2.Studio.csproj]
C:\Program Files\dotnet\sdk\10.0.201\Microsoft.Common.CurrentVersion.targets(2451,5): warning MSB3277:             InfragisticsWPF4.Editors.v15.1, Version=15.1.20151.2055, Culture=neutral, processorArchitecture=MSIL [C:\Users\ultra\warewolf\Dev\Dev2.Studio\Dev2.Studio.csproj]
C:\Program Files\dotnet\sdk\10.0.201\Microsoft.Common.CurrentVersion.targets(2451,5): warning MSB3277:             InfragisticsWPF4.DataPresenter.v15.1 [C:\Users\ultra\warewolf\Dev\Dev2.Studio\Dev2.Studio.csproj]
C:\Program Files\dotnet\sdk\10.0.201\Microsoft.Common.CurrentVersion.targets(2451,5): warning MSB3277:         C:\Users\ultra\warewolf\Dev\Binaries\Infragistcs_Net6\InfragisticsWPF4.v15.1.dll [C:\Users\ultra\warewolf\Dev\Dev2.Studio\Dev2.Studio.csproj]
C:\Program Files\dotnet\sdk\10.0.201\Microsoft.Common.CurrentVersion.targets(2451,5): warning MSB3277:           Project file item includes which caused reference "C:\Users\ultra\warewolf\Dev\Binaries\Infragistcs_Net6\InfragisticsWPF4.v15.1.dll". [C:\Users\ultra\warewolf\Dev\Dev2.Studio\Dev2.Studio.csproj]
C:\Program Files\dotnet\sdk\10.0.201\Microsoft.Common.CurrentVersion.targets(2451,5): warning MSB3277:             InfragisticsWPF4.v15.1, Version=15.1.20151.2055, Culture=neutral, PublicKeyToken=7dd5c3163f2cd0cb, processorArchitecture=MSIL [C:\Users\ultra\warewolf\Dev\Dev2.Studio\Dev2.Studio.csproj]
C:\Program Files\dotnet\sdk\10.0.201\Microsoft.Common.CurrentVersion.targets(2451,5): warning MSB3277:             InfragisticsWPF4.Controls.Editors.XamComboEditor.v15.1, Version=15.1.20151.2055, Culture=neutral, processorArchitecture=MSIL [C:\Users\ultra\warewolf\Dev\Dev2.Studio\Dev2.Studio.csproj]
C:\Program Files\dotnet\sdk\10.0.201\Microsoft.Common.CurrentVersion.targets(2451,5): warning MSB3277:             InfragisticsWPF4.Controls.Grids.XamGrid.v15.1, Version=15.1.20151.2055, Culture=neutral, PublicKeyToken=7dd5c3163f2cd0cb, processorArchitecture=MSIL [C:\Users\ultra\warewolf\Dev\Dev2.Studio\Dev2.Studio.csproj]
C:\Program Files\dotnet\sdk\10.0.201\Microsoft.Common.CurrentVersion.targets(2451,5): warning MSB3277:             CalculationManager.WPF [C:\Users\ultra\warewolf\Dev\Dev2.Studio\Dev2.Studio.csproj]
C:\Program Files\dotnet\sdk\10.0.201\Microsoft.Common.CurrentVersion.targets(2451,5): warning MSB3277:             InfragisticsWPF4.Controls.Interactions.XamDialogWindow.v15.1, Version=15.1.20151.2055, Culture=neutral, PublicKeyToken=7dd5c3163f2cd0cb, processorArchitecture=MSIL [C:\Users\ultra\warewolf\Dev\Dev2.Studio\Dev2.Studio.csproj]
C:\Program Files\dotnet\sdk\10.0.201\Microsoft.Common.CurrentVersion.targets(2451,5): warning MSB3277:             InfragisticsWPF4.Controls.Maps.XamNetworkNode.v15.1, Version=15.1.20151.2055, Culture=neutral, PublicKeyToken=7dd5c3163f2cd0cb, processorArchitecture=MSIL [C:\Users\ultra\warewolf\Dev\Dev2.Studio\Dev2.Studio.csproj]
C:\Program Files\dotnet\sdk\10.0.201\Microsoft.Common.CurrentVersion.targets(2451,5): warning MSB3277:             InfragisticsWPF4.Controls.Menus.XamDataTree.v15.1, Version=15.1.20151.2055, Culture=neutral, processorArchitecture=MSIL [C:\Users\ultra\warewolf\Dev\Dev2.Studio\Dev2.Studio.csproj]
C:\Program Files\dotnet\sdk\10.0.201\Microsoft.Common.CurrentVersion.targets(2451,5): warning MSB3277:             InfragisticsWPF4.Controls.Menus.XamMenu.v15.1, Version=15.1.20151.2055, Culture=neutral, processorArchitecture=MSIL [C:\Users\ultra\warewolf\Dev\Dev2.Studio\Dev2.Studio.csproj]
C:\Program Files\dotnet\sdk\10.0.201\Microsoft.Common.CurrentVersion.targets(2451,5): warning MSB3277:             InfragisticsWPF4.DataManager.v15.1, Version=15.1.20151.2055, Culture=neutral, processorArchitecture=MSIL [C:\Users\ultra\warewolf\Dev\Dev2.Studio\Dev2.Studio.csproj]
C:\Program Files\dotnet\sdk\10.0.201\Microsoft.Common.CurrentVersion.targets(2451,5): warning MSB3277:             InfragisticsWPF4.DataPresenter.v15.1 [C:\Users\ultra\warewolf\Dev\Dev2.Studio\Dev2.Studio.csproj]
C:\Program Files\dotnet\sdk\10.0.201\Microsoft.Common.CurrentVersion.targets(2451,5): warning MSB3277:             InfragisticsWPF4.DataVisualization.v15.1, Version=15.1.20151.2055, Culture=neutral, PublicKeyToken=7dd5c3163f2cd0cb, processorArchitecture=MSIL [C:\Users\ultra\warewolf\Dev\Dev2.Studio\Dev2.Studio.csproj]
C:\Program Files\dotnet\sdk\10.0.201\Microsoft.Common.CurrentVersion.targets(2451,5): warning MSB3277:             InfragisticsWPF4.DockManager.v15.1, Version=15.1.20151.2055, Culture=neutral, PublicKeyToken=7dd5c3163f2cd0cb, processorArchitecture=MSIL [C:\Users\ultra\warewolf\Dev\Dev2.Studio\Dev2.Studio.csproj]
C:\Program Files\dotnet\sdk\10.0.201\Microsoft.Common.CurrentVersion.targets(2451,5): warning MSB3277:             InfragisticsWPF4.Editors.v15.1, Version=15.1.20151.2055, Culture=neutral, processorArchitecture=MSIL [C:\Users\ultra\warewolf\Dev\Dev2.Studio\Dev2.Studio.csproj]
C:\Program Files\dotnet\sdk\10.0.201\Microsoft.Common.CurrentVersion.targets(2451,5): warning MSB3277:             InfragisticsWPF4.Math.Calculators.v15.1, Version=15.1.20151.2055, Culture=neutral, PublicKeyToken=7dd5c3163f2cd0cb, processorArchitecture=MSIL [C:\Users\ultra\warewolf\Dev\Dev2.Studio\Dev2.Studio.csproj]
C:\Program Files\dotnet\sdk\10.0.201\Microsoft.Common.CurrentVersion.targets(2451,5): warning MSB3277:             InfragisticsWPF4.Math.v15.1, Version=15.1.20151.2055, Culture=neutral, PublicKeyToken=7dd5c3163f2cd0cb, processorArchitecture=MSIL [C:\Users\ultra\warewolf\Dev\Dev2.Studio\Dev2.Studio.csproj]
C:\Program Files\dotnet\sdk\10.0.201\Microsoft.Common.CurrentVersion.targets(2451,5): warning MSB3277:         C:\Users\ultra\.nuget\packages\timespan2\2.4.2\lib\netcoreapp3.1\TimeSpan2.dll [C:\Users\ultra\warewolf\Dev\Dev2.Studio\Dev2.Studio.csproj]
C:\Program Files\dotnet\sdk\10.0.201\Microsoft.Common.CurrentVersion.targets(2451,5): warning MSB3277:           Project file item includes which caused reference "C:\Users\ultra\.nuget\packages\timespan2\2.4.2\lib\netcoreapp3.1\TimeSpan2.dll". [C:\Users\ultra\warewolf\Dev\Dev2.Studio\Dev2.Studio.csproj]
C:\Program Files\dotnet\sdk\10.0.201\Microsoft.Common.CurrentVersion.targets(2451,5): warning MSB3277:             C:\Users\ultra\.nuget\packages\timespan2\2.4.2\lib\netcoreapp3.1\TimeSpan2.dll [C:\Users\ultra\warewolf\Dev\Dev2.Studio\Dev2.Studio.csproj]
C:\Program Files\dotnet\sdk\10.0.201\Microsoft.Common.CurrentVersion.targets(2451,5): warning MSB3277:             C:\Users\ultra\.nuget\packages\taskschedulereditor\2.10.1\lib\net452\Microsoft.Win32.TaskSchedulerEditor.dll [C:\Users\ultra\warewolf\Dev\Dev2.Studio\Dev2.Studio.csproj]
C:\Program Files\dotnet\sdk\10.0.201\Microsoft.Common.CurrentVersion.targets(2451,5): warning MSB3277:         C:\Program Files\dotnet\packs\Microsoft.NETCore.App.Ref\8.0.25\ref\net8.0\System.dll [C:\Users\ultra\warewolf\Dev\Dev2.Studio\Dev2.Studio.csproj]
C:\Program Files\dotnet\sdk\10.0.201\Microsoft.Common.CurrentVersion.targets(2451,5): warning MSB3277:           Project file item includes which caused reference "C:\Program Files\dotnet\packs\Microsoft.NETCore.App.Ref\8.0.25\ref\net8.0\System.dll". [C:\Users\ultra\warewolf\Dev\Dev2.Studio\Dev2.Studio.csproj]
C:\Program Files\dotnet\sdk\10.0.201\Microsoft.Common.CurrentVersion.targets(2451,5): warning MSB3277:             C:\Program Files\dotnet\packs\Microsoft.NETCore.App.Ref\8.0.25\ref/net8.0/System.dll [C:\Users\ultra\warewolf\Dev\Dev2.Studio\Dev2.Studio.csproj]
C:\Program Files\dotnet\sdk\10.0.201\Microsoft.Common.CurrentVersion.targets(2451,5): warning MSB3277:             C:\Users\ultra\.nuget\packages\aerowizard\2.3.1\lib\net45\AeroWizard.dll [C:\Users\ultra\warewolf\Dev\Dev2.Studio\Dev2.Studio.csproj]
C:\Program Files\dotnet\sdk\10.0.201\Microsoft.Common.CurrentVersion.targets(2451,5): warning MSB3277:             C:\Users\ultra\.nuget\packages\avalonedit\6.3.0.90\lib\net462\ICSharpCode.AvalonEdit.dll [C:\Users\ultra\warewolf\Dev\Dev2.Studio\Dev2.Studio.csproj]
C:\Program Files\dotnet\sdk\10.0.201\Microsoft.Common.CurrentVersion.targets(2451,5): warning MSB3277:             C:\Users\ultra\.nuget\packages\fontawesome.wpf\4.7.0.9\lib\net40\FontAwesome.WPF.dll [C:\Users\ultra\warewolf\Dev\Dev2.Studio\Dev2.Studio.csproj]
C:\Program Files\dotnet\sdk\10.0.201\Microsoft.Common.CurrentVersion.targets(2451,5): warning MSB3277:             C:\Users\ultra\.nuget\packages\groupcontrols\1.9.0\lib\net45\GroupControls.dll [C:\Users\ultra\warewolf\Dev\Dev2.Studio\Dev2.Studio.csproj]
C:\Program Files\dotnet\sdk\10.0.201\Microsoft.Common.CurrentVersion.targets(2451,5): warning MSB3277:             C:\Users\ultra\.nuget\packages\log4net.async\2.0.4\lib\net40\Log4Net.Async.dll [C:\Users\ultra\warewolf\Dev\Dev2.Studio\Dev2.Studio.csproj]
C:\Program Files\dotnet\sdk\10.0.201\Microsoft.Common.CurrentVersion.targets(2451,5): warning MSB3277:             C:\Users\ultra\.nuget\packages\microsoft.xaml.behaviors.wpf\1.1.122\lib\net462\Microsoft.Xaml.Behaviors.dll [C:\Users\ultra\warewolf\Dev\Dev2.Studio\Dev2.Studio.csproj]
C:\Program Files\dotnet\sdk\10.0.201\Microsoft.Common.CurrentVersion.targets(2451,5): warning MSB3277:             C:\Users\ultra\.nuget\packages\caliburn.micro\4.0.212\lib\netcoreapp3.1\Caliburn.Micro.Platform.dll [C:\Users\ultra\warewolf\Dev\Dev2.Studio\Dev2.Studio.csproj]
C:\Program Files\dotnet\sdk\10.0.201\Microsoft.Common.CurrentVersion.targets(2451,5): warning MSB3277:             C:\Users\ultra\.nuget\packages\prism.composition\5.0.0\lib\NET45\Microsoft.Practices.Prism.Composition.dll [C:\Users\ultra\warewolf\Dev\Dev2.Studio\Dev2.Studio.csproj]
C:\Program Files\dotnet\sdk\10.0.201\Microsoft.Common.CurrentVersion.targets(2451,5): warning MSB3277:             C:\Users\ultra\.nuget\packages\prism.interactivity\5.0.0\lib\NET45\Microsoft.Practices.Prism.Interactivity.dll [C:\Users\ultra\warewolf\Dev\Dev2.Studio\Dev2.Studio.csproj]
C:\Program Files\dotnet\sdk\10.0.201\Microsoft.Common.CurrentVersion.targets(2451,5): warning MSB3277:             C:\Users\ultra\.nuget\packages\prism.mvvm\1.0.0\lib\net45\Microsoft.Practices.Prism.Mvvm.Desktop.dll [C:\Users\ultra\warewolf\Dev\Dev2.Studio\Dev2.Studio.csproj]
C:\Program Files\dotnet\sdk\10.0.201\Microsoft.Common.CurrentVersion.targets(2451,5): warning MSB3277:             C:\Users\ultra\.nuget\packages\prism.unityextensions\5.0.1\lib\NET45\Microsoft.Practices.Prism.UnityExtensions.dll [C:\Users\ultra\warewolf\Dev\Dev2.Studio\Dev2.Studio.csproj]
C:\Program Files\dotnet\sdk\10.0.201\Microsoft.Common.CurrentVersion.targets(2451,5): warning MSB3277:             C:\Users\ultra\.nuget\packages\prism.wpf\9.0.537\lib\net462\Prism.Wpf.dll [C:\Users\ultra\warewolf\Dev\Dev2.Studio\Dev2.Studio.csproj]
C:\Program Files\dotnet\sdk\10.0.201\Microsoft.Common.CurrentVersion.targets(2451,5): warning MSB3277:             C:\Users\ultra\.nuget\packages\reactiveui.wpf\18.4.1\lib\net462\ReactiveUI.Wpf.dll [C:\Users\ultra\warewolf\Dev\Dev2.Studio\Dev2.Studio.csproj]
C:\Program Files\dotnet\sdk\10.0.201\Microsoft.Common.CurrentVersion.targets(2451,5): warning MSB3277:             C:\Users\ultra\.nuget\packages\taskschedulereditor\2.10.1\lib\net452\Microsoft.Win32.TaskSchedulerEditor.dll [C:\Users\ultra\warewolf\Dev\Dev2.Studio\Dev2.Studio.csproj]
C:\Program Files\dotnet\sdk\10.0.201\Microsoft.Common.CurrentVersion.targets(2451,5): warning MSB3277:             C:\Users\ultra\.nuget\packages\ttcue.netcore.sharepointonline.csom.16.1.8029.1200\16.1.8029.1200\lib\netcoreapp2.0\Microsoft.SharePoint.Client.Runtime.Windows.dll [C:\Users\ultra\warewolf\Dev\Dev2.Studio\Dev2.Studio.csproj]
C:\Program Files\dotnet\sdk\10.0.201\Microsoft.Common.CurrentVersion.targets(2451,5): warning MSB3277: Found conflicts between different versions of "WindowsBase" that could not be resolved. [C:\Users\ultra\warewolf\Dev\Dev2.Studio\Dev2.Studio.csproj]
C:\Program Files\dotnet\sdk\10.0.201\Microsoft.Common.CurrentVersion.targets(2451,5): warning MSB3277: There was a conflict between "WindowsBase, Version=4.0.0.0, Culture=neutral, PublicKeyToken=31bf3856ad364e35" and "WindowsBase, Version=6.0.2.0, Culture=neutral, PublicKeyToken=31bf3856ad364e35". [C:\Users\ultra\warewolf\Dev\Dev2.Studio\Dev2.Studio.csproj]
C:\Program Files\dotnet\sdk\10.0.201\Microsoft.Common.CurrentVersion.targets(2451,5): warning MSB3277:     "WindowsBase, Version=4.0.0.0, Culture=neutral, PublicKeyToken=31bf3856ad364e35" was chosen because it was primary and "WindowsBase, Version=6.0.2.0, Culture=neutral, PublicKeyToken=31bf3856ad364e35" was not. [C:\Users\ultra\warewolf\Dev\Dev2.Studio\Dev2.Studio.csproj]
C:\Program Files\dotnet\sdk\10.0.201\Microsoft.Common.CurrentVersion.targets(2451,5): warning MSB3277:     References which depend on "WindowsBase, Version=4.0.0.0, Culture=neutral, PublicKeyToken=31bf3856ad364e35" [C:\Program Files\dotnet\packs\Microsoft.NETCore.App.Ref\8.0.25\ref\net8.0\WindowsBase.dll]. [C:\Users\ultra\warewolf\Dev\Dev2.Studio\Dev2.Studio.csproj]
C:\Program Files\dotnet\sdk\10.0.201\Microsoft.Common.CurrentVersion.targets(2451,5): warning MSB3277:         C:\Program Files\dotnet\packs\Microsoft.NETCore.App.Ref\8.0.25\ref\net8.0\WindowsBase.dll [C:\Users\ultra\warewolf\Dev\Dev2.Studio\Dev2.Studio.csproj]
C:\Program Files\dotnet\sdk\10.0.201\Microsoft.Common.CurrentVersion.targets(2451,5): warning MSB3277:           Project file item includes which caused reference "C:\Program Files\dotnet\packs\Microsoft.NETCore.App.Ref\8.0.25\ref\net8.0\WindowsBase.dll". [C:\Users\ultra\warewolf\Dev\Dev2.Studio\Dev2.Studio.csproj]
C:\Program Files\dotnet\sdk\10.0.201\Microsoft.Common.CurrentVersion.targets(2451,5): warning MSB3277:             C:\Program Files\dotnet\packs\Microsoft.NETCore.App.Ref\8.0.25\ref/net8.0/WindowsBase.dll [C:\Users\ultra\warewolf\Dev\Dev2.Studio\Dev2.Studio.csproj]
C:\Program Files\dotnet\sdk\10.0.201\Microsoft.Common.CurrentVersion.targets(2451,5): warning MSB3277:     References which depend on or have been unified to "WindowsBase, Version=6.0.2.0, Culture=neutral, PublicKeyToken=31bf3856ad364e35" []. [C:\Users\ultra\warewolf\Dev\Dev2.Studio\Dev2.Studio.csproj]
C:\Program Files\dotnet\sdk\10.0.201\Microsoft.Common.CurrentVersion.targets(2451,5): warning MSB3277:         C:\Users\ultra\warewolf\Dev\Binaries\Infragistcs_Net6\InfragisticsWPF4.Controls.Editors.XamComboEditor.v15.1.dll [C:\Users\ultra\warewolf\Dev\Dev2.Studio\Dev2.Studio.csproj]
C:\Program Files\dotnet\sdk\10.0.201\Microsoft.Common.CurrentVersion.targets(2451,5): warning MSB3277:           Project file item includes which caused reference "C:\Users\ultra\warewolf\Dev\Binaries\Infragistcs_Net6\InfragisticsWPF4.Controls.Editors.XamComboEditor.v15.1.dll". [C:\Users\ultra\warewolf\Dev\Dev2.Studio\Dev2.Studio.csproj]
C:\Program Files\dotnet\sdk\10.0.201\Microsoft.Common.CurrentVersion.targets(2451,5): warning MSB3277:             InfragisticsWPF4.Controls.Editors.XamComboEditor.v15.1, Version=15.1.20151.2055, Culture=neutral, processorArchitecture=MSIL [C:\Users\ultra\warewolf\Dev\Dev2.Studio\Dev2.Studio.csproj]
C:\Program Files\dotnet\sdk\10.0.201\Microsoft.Common.CurrentVersion.targets(2451,5): warning MSB3277:         C:\Users\ultra\warewolf\Dev\Binaries\Infragistcs_Net6\InfragisticsWPF4.Controls.Grids.XamGrid.v15.1.dll [C:\Users\ultra\warewolf\Dev\Dev2.Studio\Dev2.Studio.csproj]
C:\Program Files\dotnet\sdk\10.0.201\Microsoft.Common.CurrentVersion.targets(2451,5): warning MSB3277:           Project file item includes which caused reference "C:\Users\ultra\warewolf\Dev\Binaries\Infragistcs_Net6\InfragisticsWPF4.Controls.Grids.XamGrid.v15.1.dll". [C:\Users\ultra\warewolf\Dev\Dev2.Studio\Dev2.Studio.csproj]
C:\Program Files\dotnet\sdk\10.0.201\Microsoft.Common.CurrentVersion.targets(2451,5): warning MSB3277:             InfragisticsWPF4.Controls.Grids.XamGrid.v15.1, Version=15.1.20151.2055, Culture=neutral, PublicKeyToken=7dd5c3163f2cd0cb, processorArchitecture=MSIL [C:\Users\ultra\warewolf\Dev\Dev2.Studio\Dev2.Studio.csproj]
C:\Program Files\dotnet\sdk\10.0.201\Microsoft.Common.CurrentVersion.targets(2451,5): warning MSB3277:         C:\Users\ultra\warewolf\Dev\Binaries\Infragistcs_Net6\Infragistics.Calculations.dll [C:\Users\ultra\warewolf\Dev\Dev2.Studio\Dev2.Studio.csproj]
C:\Program Files\dotnet\sdk\10.0.201\Microsoft.Common.CurrentVersion.targets(2451,5): warning MSB3277:           Project file item includes which caused reference "C:\Users\ultra\warewolf\Dev\Binaries\Infragistcs_Net6\Infragistics.Calculations.dll". [C:\Users\ultra\warewolf\Dev\Dev2.Studio\Dev2.Studio.csproj]
C:\Program Files\dotnet\sdk\10.0.201\Microsoft.Common.CurrentVersion.targets(2451,5): warning MSB3277:             CalculationManager.WPF [C:\Users\ultra\warewolf\Dev\Dev2.Studio\Dev2.Studio.csproj]
C:\Program Files\dotnet\sdk\10.0.201\Microsoft.Common.CurrentVersion.targets(2451,5): warning MSB3277:         C:\Users\ultra\warewolf\Dev\Binaries\Infragistcs_Net6\InfragisticsWPF4.Controls.Interactions.XamDialogWindow.v15.1.dll [C:\Users\ultra\warewolf\Dev\Dev2.Studio\Dev2.Studio.csproj]
C:\Program Files\dotnet\sdk\10.0.201\Microsoft.Common.CurrentVersion.targets(2451,5): warning MSB3277:           Project file item includes which caused reference "C:\Users\ultra\warewolf\Dev\Binaries\Infragistcs_Net6\InfragisticsWPF4.Controls.Interactions.XamDialogWindow.v15.1.dll". [C:\Users\ultra\warewolf\Dev\Dev2.Studio\Dev2.Studio.csproj]
C:\Program Files\dotnet\sdk\10.0.201\Microsoft.Common.CurrentVersion.targets(2451,5): warning MSB3277:             InfragisticsWPF4.Controls.Interactions.XamDialogWindow.v15.1, Version=15.1.20151.2055, Culture=neutral, PublicKeyToken=7dd5c3163f2cd0cb, processorArchitecture=MSIL [C:\Users\ultra\warewolf\Dev\Dev2.Studio\Dev2.Studio.csproj]
C:\Program Files\dotnet\sdk\10.0.201\Microsoft.Common.CurrentVersion.targets(2451,5): warning MSB3277:         C:\Users\ultra\warewolf\Dev\Binaries\Infragistcs_Net6\InfragisticsWPF4.Controls.Maps.XamNetworkNode.v15.1.dll [C:\Users\ultra\warewolf\Dev\Dev2.Studio\Dev2.Studio.csproj]
C:\Program Files\dotnet\sdk\10.0.201\Microsoft.Common.CurrentVersion.targets(2451,5): warning MSB3277:           Project file item includes which caused reference "C:\Users\ultra\warewolf\Dev\Binaries\Infragistcs_Net6\InfragisticsWPF4.Controls.Maps.XamNetworkNode.v15.1.dll". [C:\Users\ultra\warewolf\Dev\Dev2.Studio\Dev2.Studio.csproj]
C:\Program Files\dotnet\sdk\10.0.201\Microsoft.Common.CurrentVersion.targets(2451,5): warning MSB3277:             InfragisticsWPF4.Controls.Maps.XamNetworkNode.v15.1, Version=15.1.20151.2055, Culture=neutral, PublicKeyToken=7dd5c3163f2cd0cb, processorArchitecture=MSIL [C:\Users\ultra\warewolf\Dev\Dev2.Studio\Dev2.Studio.csproj]
C:\Program Files\dotnet\sdk\10.0.201\Microsoft.Common.CurrentVersion.targets(2451,5): warning MSB3277:         C:\Users\ultra\warewolf\Dev\Binaries\Infragistcs_Net6\InfragisticsWPF4.Controls.Menus.XamDataTree.v15.1.dll [C:\Users\ultra\warewolf\Dev\Dev2.Studio\Dev2.Studio.csproj]
C:\Program Files\dotnet\sdk\10.0.201\Microsoft.Common.CurrentVersion.targets(2451,5): warning MSB3277:           Project file item includes which caused reference "C:\Users\ultra\warewolf\Dev\Binaries\Infragistcs_Net6\InfragisticsWPF4.Controls.Menus.XamDataTree.v15.1.dll". [C:\Users\ultra\warewolf\Dev\Dev2.Studio\Dev2.Studio.csproj]
C:\Program Files\dotnet\sdk\10.0.201\Microsoft.Common.CurrentVersion.targets(2451,5): warning MSB3277:             InfragisticsWPF4.Controls.Menus.XamDataTree.v15.1, Version=15.1.20151.2055, Culture=neutral, processorArchitecture=MSIL [C:\Users\ultra\warewolf\Dev\Dev2.Studio\Dev2.Studio.csproj]
C:\Program Files\dotnet\sdk\10.0.201\Microsoft.Common.CurrentVersion.targets(2451,5): warning MSB3277:         C:\Users\ultra\warewolf\Dev\Binaries\Infragistcs_Net6\InfragisticsWPF4.Controls.Menus.XamMenu.v15.1.dll [C:\Users\ultra\warewolf\Dev\Dev2.Studio\Dev2.Studio.csproj]
C:\Program Files\dotnet\sdk\10.0.201\Microsoft.Common.CurrentVersion.targets(2451,5): warning MSB3277:           Project file item includes which caused reference "C:\Users\ultra\warewolf\Dev\Binaries\Infragistcs_Net6\InfragisticsWPF4.Controls.Menus.XamMenu.v15.1.dll". [C:\Users\ultra\warewolf\Dev\Dev2.Studio\Dev2.Studio.csproj]
C:\Program Files\dotnet\sdk\10.0.201\Microsoft.Common.CurrentVersion.targets(2451,5): warning MSB3277:             InfragisticsWPF4.Controls.Menus.XamMenu.v15.1, Version=15.1.20151.2055, Culture=neutral, processorArchitecture=MSIL [C:\Users\ultra\warewolf\Dev\Dev2.Studio\Dev2.Studio.csproj]
C:\Program Files\dotnet\sdk\10.0.201\Microsoft.Common.CurrentVersion.targets(2451,5): warning MSB3277:             InfragisticsWPF4.Controls.Grids.XamGrid.v15.1, Version=15.1.20151.2055, Culture=neutral, PublicKeyToken=7dd5c3163f2cd0cb, processorArchitecture=MSIL [C:\Users\ultra\warewolf\Dev\Dev2.Studio\Dev2.Studio.csproj]
C:\Program Files\dotnet\sdk\10.0.201\Microsoft.Common.CurrentVersion.targets(2451,5): warning MSB3277:         C:\Users\ultra\warewolf\Dev\Binaries\Infragistcs_Net6\InfragisticsWPF4.DataManager.v15.1.dll [C:\Users\ultra\warewolf\Dev\Dev2.Studio\Dev2.Studio.csproj]
C:\Program Files\dotnet\sdk\10.0.201\Microsoft.Common.CurrentVersion.targets(2451,5): warning MSB3277:           Project file item includes which caused reference "C:\Users\ultra\warewolf\Dev\Binaries\Infragistcs_Net6\InfragisticsWPF4.DataManager.v15.1.dll". [C:\Users\ultra\warewolf\Dev\Dev2.Studio\Dev2.Studio.csproj]
C:\Program Files\dotnet\sdk\10.0.201\Microsoft.Common.CurrentVersion.targets(2451,5): warning MSB3277:             InfragisticsWPF4.DataManager.v15.1, Version=15.1.20151.2055, Culture=neutral, processorArchitecture=MSIL [C:\Users\ultra\warewolf\Dev\Dev2.Studio\Dev2.Studio.csproj]
C:\Program Files\dotnet\sdk\10.0.201\Microsoft.Common.CurrentVersion.targets(2451,5): warning MSB3277:             InfragisticsWPF4.Controls.Editors.XamComboEditor.v15.1, Version=15.1.20151.2055, Culture=neutral, processorArchitecture=MSIL [C:\Users\ultra\warewolf\Dev\Dev2.Studio\Dev2.Studio.csproj]
C:\Program Files\dotnet\sdk\10.0.201\Microsoft.Common.CurrentVersion.targets(2451,5): warning MSB3277:             InfragisticsWPF4.Controls.Grids.XamGrid.v15.1, Version=15.1.20151.2055, Culture=neutral, PublicKeyToken=7dd5c3163f2cd0cb, processorArchitecture=MSIL [C:\Users\ultra\warewolf\Dev\Dev2.Studio\Dev2.Studio.csproj]
C:\Program Files\dotnet\sdk\10.0.201\Microsoft.Common.CurrentVersion.targets(2451,5): warning MSB3277:             InfragisticsWPF4.Controls.Menus.XamDataTree.v15.1, Version=15.1.20151.2055, Culture=neutral, processorArchitecture=MSIL [C:\Users\ultra\warewolf\Dev\Dev2.Studio\Dev2.Studio.csproj]
C:\Program Files\dotnet\sdk\10.0.201\Microsoft.Common.CurrentVersion.targets(2451,5): warning MSB3277:         C:\Users\ultra\warewolf\Dev\Binaries\Infragistcs_Net6\InfragisticsWPF4.DataPresenter.v15.1.dll [C:\Users\ultra\warewolf\Dev\Dev2.Studio\Dev2.Studio.csproj]
C:\Program Files\dotnet\sdk\10.0.201\Microsoft.Common.CurrentVersion.targets(2451,5): warning MSB3277:           Project file item includes which caused reference "C:\Users\ultra\warewolf\Dev\Binaries\Infragistcs_Net6\InfragisticsWPF4.DataPresenter.v15.1.dll". [C:\Users\ultra\warewolf\Dev\Dev2.Studio\Dev2.Studio.csproj]
C:\Program Files\dotnet\sdk\10.0.201\Microsoft.Common.CurrentVersion.targets(2451,5): warning MSB3277:             InfragisticsWPF4.DataPresenter.v15.1 [C:\Users\ultra\warewolf\Dev\Dev2.Studio\Dev2.Studio.csproj]
C:\Program Files\dotnet\sdk\10.0.201\Microsoft.Common.CurrentVersion.targets(2451,5): warning MSB3277:         C:\Users\ultra\warewolf\Dev\Binaries\Infragistcs_Net6\InfragisticsWPF4.DataVisualization.v15.1.dll [C:\Users\ultra\warewolf\Dev\Dev2.Studio\Dev2.Studio.csproj]
C:\Program Files\dotnet\sdk\10.0.201\Microsoft.Common.CurrentVersion.targets(2451,5): warning MSB3277:           Project file item includes which caused reference "C:\Users\ultra\warewolf\Dev\Binaries\Infragistcs_Net6\InfragisticsWPF4.DataVisualization.v15.1.dll". [C:\Users\ultra\warewolf\Dev\Dev2.Studio\Dev2.Studio.csproj]
C:\Program Files\dotnet\sdk\10.0.201\Microsoft.Common.CurrentVersion.targets(2451,5): warning MSB3277:             InfragisticsWPF4.DataVisualization.v15.1, Version=15.1.20151.2055, Culture=neutral, PublicKeyToken=7dd5c3163f2cd0cb, processorArchitecture=MSIL [C:\Users\ultra\warewolf\Dev\Dev2.Studio\Dev2.Studio.csproj]
C:\Program Files\dotnet\sdk\10.0.201\Microsoft.Common.CurrentVersion.targets(2451,5): warning MSB3277:             InfragisticsWPF4.Controls.Maps.XamNetworkNode.v15.1, Version=15.1.20151.2055, Culture=neutral, PublicKeyToken=7dd5c3163f2cd0cb, processorArchitecture=MSIL [C:\Users\ultra\warewolf\Dev\Dev2.Studio\Dev2.Studio.csproj]
C:\Program Files\dotnet\sdk\10.0.201\Microsoft.Common.CurrentVersion.targets(2451,5): warning MSB3277:             InfragisticsWPF4.Math.Calculators.v15.1, Version=15.1.20151.2055, Culture=neutral, PublicKeyToken=7dd5c3163f2cd0cb, processorArchitecture=MSIL [C:\Users\ultra\warewolf\Dev\Dev2.Studio\Dev2.Studio.csproj]
C:\Program Files\dotnet\sdk\10.0.201\Microsoft.Common.CurrentVersion.targets(2451,5): warning MSB3277:         C:\Users\ultra\warewolf\Dev\Binaries\Infragistcs_Net6\InfragisticsWPF4.DockManager.v15.1.dll [C:\Users\ultra\warewolf\Dev\Dev2.Studio\Dev2.Studio.csproj]
C:\Program Files\dotnet\sdk\10.0.201\Microsoft.Common.CurrentVersion.targets(2451,5): warning MSB3277:           Project file item includes which caused reference "C:\Users\ultra\warewolf\Dev\Binaries\Infragistcs_Net6\InfragisticsWPF4.DockManager.v15.1.dll". [C:\Users\ultra\warewolf\Dev\Dev2.Studio\Dev2.Studio.csproj]
C:\Program Files\dotnet\sdk\10.0.201\Microsoft.Common.CurrentVersion.targets(2451,5): warning MSB3277:             InfragisticsWPF4.DockManager.v15.1, Version=15.1.20151.2055, Culture=neutral, PublicKeyToken=7dd5c3163f2cd0cb, processorArchitecture=MSIL [C:\Users\ultra\warewolf\Dev\Dev2.Studio\Dev2.Studio.csproj]
C:\Program Files\dotnet\sdk\10.0.201\Microsoft.Common.CurrentVersion.targets(2451,5): warning MSB3277:         C:\Users\ultra\warewolf\Dev\Binaries\Infragistcs_Net6\InfragisticsWPF4.DragDrop.v15.1.dll [C:\Users\ultra\warewolf\Dev\Dev2.Studio\Dev2.Studio.csproj]
C:\Program Files\dotnet\sdk\10.0.201\Microsoft.Common.CurrentVersion.targets(2451,5): warning MSB3277:           Project file item includes which caused reference "C:\Users\ultra\warewolf\Dev\Binaries\Infragistcs_Net6\InfragisticsWPF4.DragDrop.v15.1.dll". [C:\Users\ultra\warewolf\Dev\Dev2.Studio\Dev2.Studio.csproj]
C:\Program Files\dotnet\sdk\10.0.201\Microsoft.Common.CurrentVersion.targets(2451,5): warning MSB3277:             InfragisticsWPF4.DragDrop.v15.1, Version=15.1.20151.2055, Culture=neutral, PublicKeyToken=7dd5c3163f2cd0cb, processorArchitecture=MSIL [C:\Users\ultra\warewolf\Dev\Dev2.Studio\Dev2.Studio.csproj]
C:\Program Files\dotnet\sdk\10.0.201\Microsoft.Common.CurrentVersion.targets(2451,5): warning MSB3277:             InfragisticsWPF4.Controls.Menus.XamDataTree.v15.1, Version=15.1.20151.2055, Culture=neutral, processorArchitecture=MSIL [C:\Users\ultra\warewolf\Dev\Dev2.Studio\Dev2.Studio.csproj]
C:\Program Files\dotnet\sdk\10.0.201\Microsoft.Common.CurrentVersion.targets(2451,5): warning MSB3277:         C:\Users\ultra\warewolf\Dev\Binaries\Infragistcs_Net6\InfragisticsWPF4.Editors.v15.1.dll [C:\Users\ultra\warewolf\Dev\Dev2.Studio\Dev2.Studio.csproj]
C:\Program Files\dotnet\sdk\10.0.201\Microsoft.Common.CurrentVersion.targets(2451,5): warning MSB3277:           Project file item includes which caused reference "C:\Users\ultra\warewolf\Dev\Binaries\Infragistcs_Net6\InfragisticsWPF4.Editors.v15.1.dll". [C:\Users\ultra\warewolf\Dev\Dev2.Studio\Dev2.Studio.csproj]
C:\Program Files\dotnet\sdk\10.0.201\Microsoft.Common.CurrentVersion.targets(2451,5): warning MSB3277:             InfragisticsWPF4.Editors.v15.1, Version=15.1.20151.2055, Culture=neutral, processorArchitecture=MSIL [C:\Users\ultra\warewolf\Dev\Dev2.Studio\Dev2.Studio.csproj]
C:\Program Files\dotnet\sdk\10.0.201\Microsoft.Common.CurrentVersion.targets(2451,5): warning MSB3277:             InfragisticsWPF4.DataPresenter.v15.1 [C:\Users\ultra\warewolf\Dev\Dev2.Studio\Dev2.Studio.csproj]
C:\Program Files\dotnet\sdk\10.0.201\Microsoft.Common.CurrentVersion.targets(2451,5): warning MSB3277:         C:\Users\ultra\warewolf\Dev\Binaries\Infragistcs_Net6\InfragisticsWPF4.Math.Calculators.v15.1.dll [C:\Users\ultra\warewolf\Dev\Dev2.Studio\Dev2.Studio.csproj]
C:\Program Files\dotnet\sdk\10.0.201\Microsoft.Common.CurrentVersion.targets(2451,5): warning MSB3277:           Project file item includes which caused reference "C:\Users\ultra\warewolf\Dev\Binaries\Infragistcs_Net6\InfragisticsWPF4.Math.Calculators.v15.1.dll". [C:\Users\ultra\warewolf\Dev\Dev2.Studio\Dev2.Studio.csproj]
C:\Program Files\dotnet\sdk\10.0.201\Microsoft.Common.CurrentVersion.targets(2451,5): warning MSB3277:             InfragisticsWPF4.Math.Calculators.v15.1, Version=15.1.20151.2055, Culture=neutral, PublicKeyToken=7dd5c3163f2cd0cb, processorArchitecture=MSIL [C:\Users\ultra\warewolf\Dev\Dev2.Studio\Dev2.Studio.csproj]
C:\Program Files\dotnet\sdk\10.0.201\Microsoft.Common.CurrentVersion.targets(2451,5): warning MSB3277:         C:\Users\ultra\warewolf\Dev\Binaries\Infragistcs_Net6\InfragisticsWPF4.v15.1.dll [C:\Users\ultra\warewolf\Dev\Dev2.Studio\Dev2.Studio.csproj]
C:\Program Files\dotnet\sdk\10.0.201\Microsoft.Common.CurrentVersion.targets(2451,5): warning MSB3277:           Project file item includes which caused reference "C:\Users\ultra\warewolf\Dev\Binaries\Infragistcs_Net6\InfragisticsWPF4.v15.1.dll". [C:\Users\ultra\warewolf\Dev\Dev2.Studio\Dev2.Studio.csproj]
C:\Program Files\dotnet\sdk\10.0.201\Microsoft.Common.CurrentVersion.targets(2451,5): warning MSB3277:             InfragisticsWPF4.v15.1, Version=15.1.20151.2055, Culture=neutral, PublicKeyToken=7dd5c3163f2cd0cb, processorArchitecture=MSIL [C:\Users\ultra\warewolf\Dev\Dev2.Studio\Dev2.Studio.csproj]
C:\Program Files\dotnet\sdk\10.0.201\Microsoft.Common.CurrentVersion.targets(2451,5): warning MSB3277:             InfragisticsWPF4.Controls.Editors.XamComboEditor.v15.1, Version=15.1.20151.2055, Culture=neutral, processorArchitecture=MSIL [C:\Users\ultra\warewolf\Dev\Dev2.Studio\Dev2.Studio.csproj]
C:\Program Files\dotnet\sdk\10.0.201\Microsoft.Common.CurrentVersion.targets(2451,5): warning MSB3277:             InfragisticsWPF4.Controls.Grids.XamGrid.v15.1, Version=15.1.20151.2055, Culture=neutral, PublicKeyToken=7dd5c3163f2cd0cb, processorArchitecture=MSIL [C:\Users\ultra\warewolf\Dev\Dev2.Studio\Dev2.Studio.csproj]
C:\Program Files\dotnet\sdk\10.0.201\Microsoft.Common.CurrentVersion.targets(2451,5): warning MSB3277:             CalculationManager.WPF [C:\Users\ultra\warewolf\Dev\Dev2.Studio\Dev2.Studio.csproj]
C:\Program Files\dotnet\sdk\10.0.201\Microsoft.Common.CurrentVersion.targets(2451,5): warning MSB3277:             InfragisticsWPF4.Controls.Interactions.XamDialogWindow.v15.1, Version=15.1.20151.2055, Culture=neutral, PublicKeyToken=7dd5c3163f2cd0cb, processorArchitecture=MSIL [C:\Users\ultra\warewolf\Dev\Dev2.Studio\Dev2.Studio.csproj]
C:\Program Files\dotnet\sdk\10.0.201\Microsoft.Common.CurrentVersion.targets(2451,5): warning MSB3277:             InfragisticsWPF4.Controls.Maps.XamNetworkNode.v15.1, Version=15.1.20151.2055, Culture=neutral, PublicKeyToken=7dd5c3163f2cd0cb, processorArchitecture=MSIL [C:\Users\ultra\warewolf\Dev\Dev2.Studio\Dev2.Studio.csproj]
C:\Program Files\dotnet\sdk\10.0.201\Microsoft.Common.CurrentVersion.targets(2451,5): warning MSB3277:             InfragisticsWPF4.Controls.Menus.XamDataTree.v15.1, Version=15.1.20151.2055, Culture=neutral, processorArchitecture=MSIL [C:\Users\ultra\warewolf\Dev\Dev2.Studio\Dev2.Studio.csproj]
C:\Program Files\dotnet\sdk\10.0.201\Microsoft.Common.CurrentVersion.targets(2451,5): warning MSB3277:             InfragisticsWPF4.Controls.Menus.XamMenu.v15.1, Version=15.1.20151.2055, Culture=neutral, processorArchitecture=MSIL [C:\Users\ultra\warewolf\Dev\Dev2.Studio\Dev2.Studio.csproj]
C:\Program Files\dotnet\sdk\10.0.201\Microsoft.Common.CurrentVersion.targets(2451,5): warning MSB3277:             InfragisticsWPF4.DataManager.v15.1, Version=15.1.20151.2055, Culture=neutral, processorArchitecture=MSIL [C:\Users\ultra\warewolf\Dev\Dev2.Studio\Dev2.Studio.csproj]
C:\Program Files\dotnet\sdk\10.0.201\Microsoft.Common.CurrentVersion.targets(2451,5): warning MSB3277:             InfragisticsWPF4.DataPresenter.v15.1 [C:\Users\ultra\warewolf\Dev\Dev2.Studio\Dev2.Studio.csproj]
C:\Program Files\dotnet\sdk\10.0.201\Microsoft.Common.CurrentVersion.targets(2451,5): warning MSB3277:             InfragisticsWPF4.DataVisualization.v15.1, Version=15.1.20151.2055, Culture=neutral, PublicKeyToken=7dd5c3163f2cd0cb, processorArchitecture=MSIL [C:\Users\ultra\warewolf\Dev\Dev2.Studio\Dev2.Studio.csproj]
C:\Program Files\dotnet\sdk\10.0.201\Microsoft.Common.CurrentVersion.targets(2451,5): warning MSB3277:             InfragisticsWPF4.DockManager.v15.1, Version=15.1.20151.2055, Culture=neutral, PublicKeyToken=7dd5c3163f2cd0cb, processorArchitecture=MSIL [C:\Users\ultra\warewolf\Dev\Dev2.Studio\Dev2.Studio.csproj]
C:\Program Files\dotnet\sdk\10.0.201\Microsoft.Common.CurrentVersion.targets(2451,5): warning MSB3277:             InfragisticsWPF4.Editors.v15.1, Version=15.1.20151.2055, Culture=neutral, processorArchitecture=MSIL [C:\Users\ultra\warewolf\Dev\Dev2.Studio\Dev2.Studio.csproj]
C:\Program Files\dotnet\sdk\10.0.201\Microsoft.Common.CurrentVersion.targets(2451,5): warning MSB3277:             InfragisticsWPF4.Math.Calculators.v15.1, Version=15.1.20151.2055, Culture=neutral, PublicKeyToken=7dd5c3163f2cd0cb, processorArchitecture=MSIL [C:\Users\ultra\warewolf\Dev\Dev2.Studio\Dev2.Studio.csproj]
C:\Program Files\dotnet\sdk\10.0.201\Microsoft.Common.CurrentVersion.targets(2451,5): warning MSB3277:             InfragisticsWPF4.Math.v15.1, Version=15.1.20151.2055, Culture=neutral, PublicKeyToken=7dd5c3163f2cd0cb, processorArchitecture=MSIL [C:\Users\ultra\warewolf\Dev\Dev2.Studio\Dev2.Studio.csproj]
C:\Program Files\dotnet\sdk\10.0.201\Microsoft.Common.CurrentVersion.targets(2451,5): warning MSB3277:         C:\Users\ultra\.nuget\packages\avalonedit\6.3.0.90\lib\net462\ICSharpCode.AvalonEdit.dll [C:\Users\ultra\warewolf\Dev\Dev2.Studio\Dev2.Studio.csproj]
C:\Program Files\dotnet\sdk\10.0.201\Microsoft.Common.CurrentVersion.targets(2451,5): warning MSB3277:           Project file item includes which caused reference "C:\Users\ultra\.nuget\packages\avalonedit\6.3.0.90\lib\net462\ICSharpCode.AvalonEdit.dll". [C:\Users\ultra\warewolf\Dev\Dev2.Studio\Dev2.Studio.csproj]
C:\Program Files\dotnet\sdk\10.0.201\Microsoft.Common.CurrentVersion.targets(2451,5): warning MSB3277:             C:\Users\ultra\.nuget\packages\avalonedit\6.3.0.90\lib\net462\ICSharpCode.AvalonEdit.dll [C:\Users\ultra\warewolf\Dev\Dev2.Studio\Dev2.Studio.csproj]
C:\Program Files\dotnet\sdk\10.0.201\Microsoft.Common.CurrentVersion.targets(2451,5): warning MSB3277:         C:\Users\ultra\.nuget\packages\caliburn.micro\4.0.212\lib\netcoreapp3.1\Caliburn.Micro.Platform.dll [C:\Users\ultra\warewolf\Dev\Dev2.Studio\Dev2.Studio.csproj]
C:\Program Files\dotnet\sdk\10.0.201\Microsoft.Common.CurrentVersion.targets(2451,5): warning MSB3277:           Project file item includes which caused reference "C:\Users\ultra\.nuget\packages\caliburn.micro\4.0.212\lib\netcoreapp3.1\Caliburn.Micro.Platform.dll". [C:\Users\ultra\warewolf\Dev\Dev2.Studio\Dev2.Studio.csproj]
C:\Program Files\dotnet\sdk\10.0.201\Microsoft.Common.CurrentVersion.targets(2451,5): warning MSB3277:             C:\Users\ultra\.nuget\packages\caliburn.micro\4.0.212\lib\netcoreapp3.1\Caliburn.Micro.Platform.dll [C:\Users\ultra\warewolf\Dev\Dev2.Studio\Dev2.Studio.csproj]
C:\Program Files\dotnet\sdk\10.0.201\Microsoft.Common.CurrentVersion.targets(2451,5): warning MSB3277:         C:\Users\ultra\.nuget\packages\extended.wpf.toolkit\4.4.0\lib\net5.0\Xceed.Wpf.AvalonDock.NET5.dll [C:\Users\ultra\warewolf\Dev\Dev2.Studio\Dev2.Studio.csproj]
C:\Program Files\dotnet\sdk\10.0.201\Microsoft.Common.CurrentVersion.targets(2451,5): warning MSB3277:           Project file item includes which caused reference "C:\Users\ultra\.nuget\packages\extended.wpf.toolkit\4.4.0\lib\net5.0\Xceed.Wpf.AvalonDock.NET5.dll". [C:\Users\ultra\warewolf\Dev\Dev2.Studio\Dev2.Studio.csproj]
C:\Program Files\dotnet\sdk\10.0.201\Microsoft.Common.CurrentVersion.targets(2451,5): warning MSB3277:             C:\Users\ultra\.nuget\packages\extended.wpf.toolkit\4.4.0\lib\net5.0\Xceed.Wpf.AvalonDock.NET5.dll [C:\Users\ultra\warewolf\Dev\Dev2.Studio\Dev2.Studio.csproj]
C:\Program Files\dotnet\sdk\10.0.201\Microsoft.Common.CurrentVersion.targets(2451,5): warning MSB3277:             C:\Users\ultra\.nuget\packages\extended.wpf.toolkit\4.4.0\lib\net5.0\Xceed.Wpf.AvalonDock.Themes.Aero.NET5.dll [C:\Users\ultra\warewolf\Dev\Dev2.Studio\Dev2.Studio.csproj]
C:\Program Files\dotnet\sdk\10.0.201\Microsoft.Common.CurrentVersion.targets(2451,5): warning MSB3277:             C:\Users\ultra\.nuget\packages\extended.wpf.toolkit\4.4.0\lib\net5.0\Xceed.Wpf.AvalonDock.Themes.Metro.NET5.dll [C:\Users\ultra\warewolf\Dev\Dev2.Studio\Dev2.Studio.csproj]
C:\Program Files\dotnet\sdk\10.0.201\Microsoft.Common.CurrentVersion.targets(2451,5): warning MSB3277:             C:\Users\ultra\.nuget\packages\extended.wpf.toolkit\4.4.0\lib\net5.0\Xceed.Wpf.AvalonDock.Themes.VS2010.NET5.dll [C:\Users\ultra\warewolf\Dev\Dev2.Studio\Dev2.Studio.csproj]
C:\Program Files\dotnet\sdk\10.0.201\Microsoft.Common.CurrentVersion.targets(2451,5): warning MSB3277:         C:\Users\ultra\.nuget\packages\extended.wpf.toolkit\4.4.0\lib\net5.0\Xceed.Wpf.AvalonDock.Themes.Aero.NET5.dll [C:\Users\ultra\warewolf\Dev\Dev2.Studio\Dev2.Studio.csproj]
C:\Program Files\dotnet\sdk\10.0.201\Microsoft.Common.CurrentVersion.targets(2451,5): warning MSB3277:           Project file item includes which caused reference "C:\Users\ultra\.nuget\packages\extended.wpf.toolkit\4.4.0\lib\net5.0\Xceed.Wpf.AvalonDock.Themes.Aero.NET5.dll". [C:\Users\ultra\warewolf\Dev\Dev2.Studio\Dev2.Studio.csproj]
C:\Program Files\dotnet\sdk\10.0.201\Microsoft.Common.CurrentVersion.targets(2451,5): warning MSB3277:             C:\Users\ultra\.nuget\packages\extended.wpf.toolkit\4.4.0\lib\net5.0\Xceed.Wpf.AvalonDock.Themes.Aero.NET5.dll [C:\Users\ultra\warewolf\Dev\Dev2.Studio\Dev2.Studio.csproj]
C:\Program Files\dotnet\sdk\10.0.201\Microsoft.Common.CurrentVersion.targets(2451,5): warning MSB3277:         C:\Users\ultra\.nuget\packages\extended.wpf.toolkit\4.4.0\lib\net5.0\Xceed.Wpf.Toolkit.NET5.dll [C:\Users\ultra\warewolf\Dev\Dev2.Studio\Dev2.Studio.csproj]
C:\Program Files\dotnet\sdk\10.0.201\Microsoft.Common.CurrentVersion.targets(2451,5): warning MSB3277:           Project file item includes which caused reference "C:\Users\ultra\.nuget\packages\extended.wpf.toolkit\4.4.0\lib\net5.0\Xceed.Wpf.Toolkit.NET5.dll". [C:\Users\ultra\warewolf\Dev\Dev2.Studio\Dev2.Studio.csproj]
C:\Program Files\dotnet\sdk\10.0.201\Microsoft.Common.CurrentVersion.targets(2451,5): warning MSB3277:             C:\Users\ultra\.nuget\packages\extended.wpf.toolkit\4.4.0\lib\net5.0\Xceed.Wpf.Toolkit.NET5.dll [C:\Users\ultra\warewolf\Dev\Dev2.Studio\Dev2.Studio.csproj]
C:\Program Files\dotnet\sdk\10.0.201\Microsoft.Common.CurrentVersion.targets(2451,5): warning MSB3277:         C:\Users\ultra\.nuget\packages\fontawesome.wpf\4.7.0.9\lib\net40\FontAwesome.WPF.dll [C:\Users\ultra\warewolf\Dev\Dev2.Studio\Dev2.Studio.csproj]
C:\Program Files\dotnet\sdk\10.0.201\Microsoft.Common.CurrentVersion.targets(2451,5): warning MSB3277:           Project file item includes which caused reference "C:\Users\ultra\.nuget\packages\fontawesome.wpf\4.7.0.9\lib\net40\FontAwesome.WPF.dll". [C:\Users\ultra\warewolf\Dev\Dev2.Studio\Dev2.Studio.csproj]
C:\Program Files\dotnet\sdk\10.0.201\Microsoft.Common.CurrentVersion.targets(2451,5): warning MSB3277:             C:\Users\ultra\.nuget\packages\fontawesome.wpf\4.7.0.9\lib\net40\FontAwesome.WPF.dll [C:\Users\ultra\warewolf\Dev\Dev2.Studio\Dev2.Studio.csproj]
C:\Program Files\dotnet\sdk\10.0.201\Microsoft.Common.CurrentVersion.targets(2451,5): warning MSB3277:         C:\Users\ultra\.nuget\packages\ironpython\3.4.0\lib\net6.0\IronPython.Wpf.dll [C:\Users\ultra\warewolf\Dev\Dev2.Studio\Dev2.Studio.csproj]
C:\Program Files\dotnet\sdk\10.0.201\Microsoft.Common.CurrentVersion.targets(2451,5): warning MSB3277:           Project file item includes which caused reference "C:\Users\ultra\.nuget\packages\ironpython\3.4.0\lib\net6.0\IronPython.Wpf.dll". [C:\Users\ultra\warewolf\Dev\Dev2.Studio\Dev2.Studio.csproj]
C:\Program Files\dotnet\sdk\10.0.201\Microsoft.Common.CurrentVersion.targets(2451,5): warning MSB3277:             C:\Users\ultra\.nuget\packages\ironpython\3.4.0\lib\net6.0\IronPython.Wpf.dll [C:\Users\ultra\warewolf\Dev\Dev2.Studio\Dev2.Studio.csproj]
C:\Program Files\dotnet\sdk\10.0.201\Microsoft.Common.CurrentVersion.targets(2451,5): warning MSB3277:         C:\Users\ultra\.nuget\packages\microsoft.xaml.behaviors.wpf\1.1.122\lib\net462\Microsoft.Xaml.Behaviors.dll [C:\Users\ultra\warewolf\Dev\Dev2.Studio\Dev2.Studio.csproj]
C:\Program Files\dotnet\sdk\10.0.201\Microsoft.Common.CurrentVersion.targets(2451,5): warning MSB3277:           Project file item includes which caused reference "C:\Users\ultra\.nuget\packages\microsoft.xaml.behaviors.wpf\1.1.122\lib\net462\Microsoft.Xaml.Behaviors.dll". [C:\Users\ultra\warewolf\Dev\Dev2.Studio\Dev2.Studio.csproj]
C:\Program Files\dotnet\sdk\10.0.201\Microsoft.Common.CurrentVersion.targets(2451,5): warning MSB3277:             C:\Users\ultra\.nuget\packages\microsoft.xaml.behaviors.wpf\1.1.122\lib\net462\Microsoft.Xaml.Behaviors.dll [C:\Users\ultra\warewolf\Dev\Dev2.Studio\Dev2.Studio.csproj]
C:\Program Files\dotnet\sdk\10.0.201\Microsoft.Common.CurrentVersion.targets(2451,5): warning MSB3277:             C:\Users\ultra\.nuget\packages\caliburn.micro\4.0.212\lib\netcoreapp3.1\Caliburn.Micro.Platform.dll [C:\Users\ultra\warewolf\Dev\Dev2.Studio\Dev2.Studio.csproj]
C:\Program Files\dotnet\sdk\10.0.201\Microsoft.Common.CurrentVersion.targets(2451,5): warning MSB3277:             C:\Users\ultra\.nuget\packages\prism.wpf\9.0.537\lib\net462\Prism.Wpf.dll [C:\Users\ultra\warewolf\Dev\Dev2.Studio\Dev2.Studio.csproj]
C:\Program Files\dotnet\sdk\10.0.201\Microsoft.Common.CurrentVersion.targets(2451,5): warning MSB3277:         C:\Users\ultra\.nuget\packages\prism.composition\5.0.0\lib\NET45\Microsoft.Practices.Prism.Composition.dll [C:\Users\ultra\warewolf\Dev\Dev2.Studio\Dev2.Studio.csproj]
C:\Program Files\dotnet\sdk\10.0.201\Microsoft.Common.CurrentVersion.targets(2451,5): warning MSB3277:           Project file item includes which caused reference "C:\Users\ultra\.nuget\packages\prism.composition\5.0.0\lib\NET45\Microsoft.Practices.Prism.Composition.dll". [C:\Users\ultra\warewolf\Dev\Dev2.Studio\Dev2.Studio.csproj]
C:\Program Files\dotnet\sdk\10.0.201\Microsoft.Common.CurrentVersion.targets(2451,5): warning MSB3277:             C:\Users\ultra\.nuget\packages\prism.composition\5.0.0\lib\NET45\Microsoft.Practices.Prism.Composition.dll [C:\Users\ultra\warewolf\Dev\Dev2.Studio\Dev2.Studio.csproj]
C:\Program Files\dotnet\sdk\10.0.201\Microsoft.Common.CurrentVersion.targets(2451,5): warning MSB3277:             C:\Users\ultra\.nuget\packages\prism.unityextensions\5.0.1\lib\NET45\Microsoft.Practices.Prism.UnityExtensions.dll [C:\Users\ultra\warewolf\Dev\Dev2.Studio\Dev2.Studio.csproj]
C:\Program Files\dotnet\sdk\10.0.201\Microsoft.Common.CurrentVersion.targets(2451,5): warning MSB3277:         C:\Users\ultra\.nuget\packages\prism.interactivity\5.0.0\lib\NET45\Microsoft.Practices.Prism.Interactivity.dll [C:\Users\ultra\warewolf\Dev\Dev2.Studio\Dev2.Studio.csproj]
C:\Program Files\dotnet\sdk\10.0.201\Microsoft.Common.CurrentVersion.targets(2451,5): warning MSB3277:           Project file item includes which caused reference "C:\Users\ultra\.nuget\packages\prism.interactivity\5.0.0\lib\NET45\Microsoft.Practices.Prism.Interactivity.dll". [C:\Users\ultra\warewolf\Dev\Dev2.Studio\Dev2.Studio.csproj]
C:\Program Files\dotnet\sdk\10.0.201\Microsoft.Common.CurrentVersion.targets(2451,5): warning MSB3277:             C:\Users\ultra\.nuget\packages\prism.interactivity\5.0.0\lib\NET45\Microsoft.Practices.Prism.Interactivity.dll [C:\Users\ultra\warewolf\Dev\Dev2.Studio\Dev2.Studio.csproj]
C:\Program Files\dotnet\sdk\10.0.201\Microsoft.Common.CurrentVersion.targets(2451,5): warning MSB3277:         C:\Users\ultra\.nuget\packages\prism.mvvm\1.0.0\lib\net45\Microsoft.Practices.Prism.Mvvm.Desktop.dll [C:\Users\ultra\warewolf\Dev\Dev2.Studio\Dev2.Studio.csproj]
C:\Program Files\dotnet\sdk\10.0.201\Microsoft.Common.CurrentVersion.targets(2451,5): warning MSB3277:           Project file item includes which caused reference "C:\Users\ultra\.nuget\packages\prism.mvvm\1.0.0\lib\net45\Microsoft.Practices.Prism.Mvvm.Desktop.dll". [C:\Users\ultra\warewolf\Dev\Dev2.Studio\Dev2.Studio.csproj]
C:\Program Files\dotnet\sdk\10.0.201\Microsoft.Common.CurrentVersion.targets(2451,5): warning MSB3277:             C:\Users\ultra\.nuget\packages\prism.mvvm\1.0.0\lib\net45\Microsoft.Practices.Prism.Mvvm.Desktop.dll [C:\Users\ultra\warewolf\Dev\Dev2.Studio\Dev2.Studio.csproj]
C:\Program Files\dotnet\sdk\10.0.201\Microsoft.Common.CurrentVersion.targets(2451,5): warning MSB3277:         C:\Users\ultra\.nuget\packages\prism.unityextensions\5.0.1\lib\NET45\Microsoft.Practices.Prism.UnityExtensions.dll [C:\Users\ultra\warewolf\Dev\Dev2.Studio\Dev2.Studio.csproj]
C:\Program Files\dotnet\sdk\10.0.201\Microsoft.Common.CurrentVersion.targets(2451,5): warning MSB3277:           Project file item includes which caused reference "C:\Users\ultra\.nuget\packages\prism.unityextensions\5.0.1\lib\NET45\Microsoft.Practices.Prism.UnityExtensions.dll". [C:\Users\ultra\warewolf\Dev\Dev2.Studio\Dev2.Studio.csproj]
C:\Program Files\dotnet\sdk\10.0.201\Microsoft.Common.CurrentVersion.targets(2451,5): warning MSB3277:             C:\Users\ultra\.nuget\packages\prism.unityextensions\5.0.1\lib\NET45\Microsoft.Practices.Prism.UnityExtensions.dll [C:\Users\ultra\warewolf\Dev\Dev2.Studio\Dev2.Studio.csproj]
C:\Program Files\dotnet\sdk\10.0.201\Microsoft.Common.CurrentVersion.targets(2451,5): warning MSB3277:         C:\Users\ultra\.nuget\packages\prism.wpf\9.0.537\lib\net462\Prism.Wpf.dll [C:\Users\ultra\warewolf\Dev\Dev2.Studio\Dev2.Studio.csproj]
C:\Program Files\dotnet\sdk\10.0.201\Microsoft.Common.CurrentVersion.targets(2451,5): warning MSB3277:           Project file item includes which caused reference "C:\Users\ultra\.nuget\packages\prism.wpf\9.0.537\lib\net462\Prism.Wpf.dll". [C:\Users\ultra\warewolf\Dev\Dev2.Studio\Dev2.Studio.csproj]
C:\Program Files\dotnet\sdk\10.0.201\Microsoft.Common.CurrentVersion.targets(2451,5): warning MSB3277:             C:\Users\ultra\.nuget\packages\prism.wpf\9.0.537\lib\net462\Prism.Wpf.dll [C:\Users\ultra\warewolf\Dev\Dev2.Studio\Dev2.Studio.csproj]
C:\Program Files\dotnet\sdk\10.0.201\Microsoft.Common.CurrentVersion.targets(2451,5): warning MSB3277:         C:\Users\ultra\.nuget\packages\reactiveui.wpf\18.4.1\lib\net462\ReactiveUI.Wpf.dll [C:\Users\ultra\warewolf\Dev\Dev2.Studio\Dev2.Studio.csproj]
C:\Program Files\dotnet\sdk\10.0.201\Microsoft.Common.CurrentVersion.targets(2451,5): warning MSB3277:           Project file item includes which caused reference "C:\Users\ultra\.nuget\packages\reactiveui.wpf\18.4.1\lib\net462\ReactiveUI.Wpf.dll". [C:\Users\ultra\warewolf\Dev\Dev2.Studio\Dev2.Studio.csproj]
C:\Program Files\dotnet\sdk\10.0.201\Microsoft.Common.CurrentVersion.targets(2451,5): warning MSB3277:             C:\Users\ultra\.nuget\packages\reactiveui.wpf\18.4.1\lib\net462\ReactiveUI.Wpf.dll [C:\Users\ultra\warewolf\Dev\Dev2.Studio\Dev2.Studio.csproj]
C:\Program Files\dotnet\sdk\10.0.201\Microsoft.Common.CurrentVersion.targets(2451,5): warning MSB3277: Found conflicts between different versions of "System.Drawing.Common" that could not be resolved. [C:\Users\ultra\warewolf\Dev\Dev2.Studio\Dev2.Studio.csproj]
C:\Program Files\dotnet\sdk\10.0.201\Microsoft.Common.CurrentVersion.targets(2451,5): warning MSB3277: There was a conflict between "System.Drawing.Common, Version=6.0.0.0, Culture=neutral, PublicKeyToken=cc7b13ffcd2ddd51" and "System.Drawing.Common, Version=8.0.0.0, Culture=neutral, PublicKeyToken=cc7b13ffcd2ddd51". [C:\Users\ultra\warewolf\Dev\Dev2.Studio\Dev2.Studio.csproj]
C:\Program Files\dotnet\sdk\10.0.201\Microsoft.Common.CurrentVersion.targets(2451,5): warning MSB3277:     "System.Drawing.Common, Version=6.0.0.0, Culture=neutral, PublicKeyToken=cc7b13ffcd2ddd51" was chosen because it was primary and "System.Drawing.Common, Version=8.0.0.0, Culture=neutral, PublicKeyToken=cc7b13ffcd2ddd51" was not. [C:\Users\ultra\warewolf\Dev\Dev2.Studio\Dev2.Studio.csproj]
C:\Program Files\dotnet\sdk\10.0.201\Microsoft.Common.CurrentVersion.targets(2451,5): warning MSB3277:     References which depend on "System.Drawing.Common, Version=6.0.0.0, Culture=neutral, PublicKeyToken=cc7b13ffcd2ddd51" [C:\Users\ultra\.nuget\packages\system.drawing.common\6.0.0\lib\net6.0\System.Drawing.Common.dll]. [C:\Users\ultra\warewolf\Dev\Dev2.Studio\Dev2.Studio.csproj]
C:\Program Files\dotnet\sdk\10.0.201\Microsoft.Common.CurrentVersion.targets(2451,5): warning MSB3277:         C:\Users\ultra\.nuget\packages\system.drawing.common\6.0.0\lib\net6.0\System.Drawing.Common.dll [C:\Users\ultra\warewolf\Dev\Dev2.Studio\Dev2.Studio.csproj]
C:\Program Files\dotnet\sdk\10.0.201\Microsoft.Common.CurrentVersion.targets(2451,5): warning MSB3277:           Project file item includes which caused reference "C:\Users\ultra\.nuget\packages\system.drawing.common\6.0.0\lib\net6.0\System.Drawing.Common.dll". [C:\Users\ultra\warewolf\Dev\Dev2.Studio\Dev2.Studio.csproj]
C:\Program Files\dotnet\sdk\10.0.201\Microsoft.Common.CurrentVersion.targets(2451,5): warning MSB3277:             C:\Users\ultra\.nuget\packages\system.drawing.common\6.0.0\lib\net6.0\System.Drawing.Common.dll [C:\Users\ultra\warewolf\Dev\Dev2.Studio\Dev2.Studio.csproj]
C:\Program Files\dotnet\sdk\10.0.201\Microsoft.Common.CurrentVersion.targets(2451,5): warning MSB3277:     References which depend on or have been unified to "System.Drawing.Common, Version=8.0.0.0, Culture=neutral, PublicKeyToken=cc7b13ffcd2ddd51" []. [C:\Users\ultra\warewolf\Dev\Dev2.Studio\Dev2.Studio.csproj]
C:\Program Files\dotnet\sdk\10.0.201\Microsoft.Common.CurrentVersion.targets(2451,5): warning MSB3277:         C:\Users\ultra\.nuget\packages\servicestack\6.3.0\lib\net6.0\ServiceStack.dll [C:\Users\ultra\warewolf\Dev\Dev2.Studio\Dev2.Studio.csproj]
C:\Program Files\dotnet\sdk\10.0.201\Microsoft.Common.CurrentVersion.targets(2451,5): warning MSB3277:           Project file item includes which caused reference "C:\Users\ultra\.nuget\packages\servicestack\6.3.0\lib\net6.0\ServiceStack.dll". [C:\Users\ultra\warewolf\Dev\Dev2.Studio\Dev2.Studio.csproj]
C:\Program Files\dotnet\sdk\10.0.201\Microsoft.Common.CurrentVersion.targets(2451,5): warning MSB3277:             C:\Users\ultra\.nuget\packages\servicestack\6.3.0\lib\net6.0\ServiceStack.dll [C:\Users\ultra\warewolf\Dev\Dev2.Studio\Dev2.Studio.csproj]
C:\Program Files\dotnet\sdk\10.0.201\Microsoft.Common.CurrentVersion.targets(2451,5): warning MSB3277:         C:\Users\ultra\.nuget\packages\system.windows.extensions\8.0.0\lib\net8.0\System.Windows.Extensions.dll [C:\Users\ultra\warewolf\Dev\Dev2.Studio\Dev2.Studio.csproj]
C:\Program Files\dotnet\sdk\10.0.201\Microsoft.Common.CurrentVersion.targets(2451,5): warning MSB3277:           Project file item includes which caused reference "C:\Users\ultra\.nuget\packages\system.windows.extensions\8.0.0\lib\net8.0\System.Windows.Extensions.dll". [C:\Users\ultra\warewolf\Dev\Dev2.Studio\Dev2.Studio.csproj]
C:\Program Files\dotnet\sdk\10.0.201\Microsoft.Common.CurrentVersion.targets(2451,5): warning MSB3277:             C:\Users\ultra\.nuget\packages\system.windows.extensions\8.0.0\lib\net8.0\System.Windows.Extensions.dll [C:\Users\ultra\warewolf\Dev\Dev2.Studio\Dev2.Studio.csproj]
C:\Program Files\dotnet\sdk\10.0.201\Microsoft.Common.CurrentVersion.targets(2451,5): warning MSB3277:             InfragisticsWPF4.Editors.v15.1, Version=15.1.20151.2055, Culture=neutral, processorArchitecture=MSIL [C:\Users\ultra\warewolf\Dev\Dev2.Studio\Dev2.Studio.csproj]
C:\Program Files\dotnet\sdk\10.0.201\Microsoft.Common.CurrentVersion.targets(2451,5): warning MSB3277:             InfragisticsWPF4.DataPresenter.v15.1 [C:\Users\ultra\warewolf\Dev\Dev2.Studio\Dev2.Studio.csproj]
C:\Program Files\dotnet\sdk\10.0.201\Microsoft.Common.CurrentVersion.targets(2451,5): warning MSB3277:             C:\Users\ultra\.nuget\packages\extended.wpf.toolkit\4.4.0\lib\net5.0\Xceed.Wpf.Toolkit.NET5.dll [C:\Users\ultra\warewolf\Dev\Dev2.Studio\Dev2.Studio.csproj]
C:\Program Files\dotnet\sdk\10.0.201\Microsoft.Common.CurrentVersion.targets(2451,5): warning MSB3277:             C:\Users\ultra\.nuget\packages\system.security.permissions\8.0.0\lib\net8.0\System.Security.Permissions.dll [C:\Users\ultra\warewolf\Dev\Dev2.Studio\Dev2.Studio.csproj]
C:\Program Files\dotnet\sdk\10.0.201\Microsoft.Common.CurrentVersion.targets(2451,5): warning MSB3277:             C:\Users\ultra\warewolf\Dev\Dev2.Data\bin\Debug\net8.0\Dev2.Data.dll [C:\Users\ultra\warewolf\Dev\Dev2.Studio\Dev2.Studio.csproj]
C:\Program Files\dotnet\sdk\10.0.201\Microsoft.Common.CurrentVersion.targets(2451,5): warning MSB3277:             C:\Users\ultra\warewolf\Dev\Dev2.Activities\bin\Debug\net8.0\Dev2.Activities.dll [C:\Users\ultra\warewolf\Dev\Dev2.Studio\Dev2.Studio.csproj]
C:\Program Files\dotnet\sdk\10.0.201\Microsoft.Common.CurrentVersion.targets(2451,5): warning MSB3277:             C:\Users\ultra\warewolf\Dev\Dev2.Core\bin\Debug\net8.0\Dev2.Core.dll [C:\Users\ultra\warewolf\Dev\Dev2.Studio\Dev2.Studio.csproj]
C:\Program Files\dotnet\sdk\10.0.201\Microsoft.Common.CurrentVersion.targets(2451,5): warning MSB3277:             C:\Users\ultra\warewolf\Dev\Dev2.Intellisense\bin\Debug\net8.0\Dev2.Intellisense.dll [C:\Users\ultra\warewolf\Dev\Dev2.Studio\Dev2.Studio.csproj]
C:\Program Files\dotnet\sdk\10.0.201\Microsoft.Common.CurrentVersion.targets(2451,5): warning MSB3277:             C:\Users\ultra\warewolf\Dev\Dev2.Scheduler\bin\Debug\net8.0\Dev2.Scheduler.dll [C:\Users\ultra\warewolf\Dev\Dev2.Studio\Dev2.Studio.csproj]
C:\Program Files\dotnet\sdk\10.0.201\Microsoft.Common.CurrentVersion.targets(2451,5): warning MSB3277:             C:\Users\ultra\warewolf\Dev\Dev2.Services.Execution\bin\Debug\net8.0\Dev2.Services.Execution.dll [C:\Users\ultra\warewolf\Dev\Dev2.Studio\Dev2.Studio.csproj]
C:\Program Files\dotnet\sdk\10.0.201\Microsoft.Common.CurrentVersion.targets(2451,5): warning MSB3277:             C:\Users\ultra\warewolf\Dev\Dev2.Studio.Core\bin\Debug\net8.0\Dev2.Studio.Core.dll [C:\Users\ultra\warewolf\Dev\Dev2.Studio\Dev2.Studio.csproj]
C:\Program Files\dotnet\sdk\10.0.201\Microsoft.Common.CurrentVersion.targets(2451,5): warning MSB3277:             C:\Users\ultra\warewolf\Dev\Dev2.Studio.Interfaces\bin\Debug\net8.0\Dev2.Studio.Interfaces.dll [C:\Users\ultra\warewolf\Dev\Dev2.Studio\Dev2.Studio.csproj]
C:\Program Files\dotnet\sdk\10.0.201\Microsoft.Common.CurrentVersion.targets(2451,5): warning MSB3277:             C:\Users\ultra\warewolf\Dev\Warewolf.Core\bin\Debug\net8.0\Warewolf.Core.dll [C:\Users\ultra\warewolf\Dev\Dev2.Studio\Dev2.Studio.csproj]
C:\Program Files\dotnet\sdk\10.0.201\Microsoft.Common.CurrentVersion.targets(2451,5): warning MSB3277:             C:\Users\ultra\warewolf\Dev\Warewolf.ResourceManagement\bin\Debug\net8.0\Warewolf.ResourceManagement.dll [C:\Users\ultra\warewolf\Dev\Dev2.Studio\Dev2.Studio.csproj]
C:\Program Files\dotnet\sdk\10.0.201\Microsoft.Common.CurrentVersion.targets(2451,5): warning MSB3277:             C:\Users\ultra\warewolf\Dev\Warewolf.Studio.Core\bin\Debug\net8.0\Warewolf.Studio.Core.dll [C:\Users\ultra\warewolf\Dev\Dev2.Studio\Dev2.Studio.csproj]
C:\Program Files\dotnet\sdk\10.0.201\Microsoft.Common.CurrentVersion.targets(2451,5): warning MSB3277:             C:\Users\ultra\warewolf\Dev\Warewolf.Studio.Models\bin\Debug\net8.0\Warewolf.Studio.Models.dll [C:\Users\ultra\warewolf\Dev\Dev2.Studio\Dev2.Studio.csproj]
C:\Program Files\dotnet\sdk\10.0.201\Microsoft.Common.CurrentVersion.targets(2451,5): warning MSB3277:             C:\Users\ultra\warewolf\Dev\Warewolf.Studio.CustomControls\bin\Debug\net8.0\Warewolf.Studio.CustomControls.dll [C:\Users\ultra\warewolf\Dev\Dev2.Studio\Dev2.Studio.csproj]
C:\Program Files\dotnet\sdk\10.0.201\Microsoft.Common.CurrentVersion.targets(2451,5): warning MSB3277:             C:\Users\ultra\warewolf\Dev\Warewolf.Studio.ViewModels\bin\Debug\net8.0\Warewolf.Studio.ViewModels.dll [C:\Users\ultra\warewolf\Dev\Dev2.Studio\Dev2.Studio.csproj]
C:\Program Files\dotnet\sdk\10.0.201\Microsoft.Common.CurrentVersion.targets(2451,5): warning MSB3277:             C:\Users\ultra\warewolf\Dev\Warewolf.Trigger.Queue\bin\Debug\net8.0\Warewolf.Trigger.Queue.dll [C:\Users\ultra\warewolf\Dev\Dev2.Studio\Dev2.Studio.csproj]
C:\Program Files\dotnet\sdk\10.0.201\Microsoft.Common.CurrentVersion.targets(2451,5): warning MSB3277:             C:\Users\ultra\warewolf\Dev\Warewolf.UI\bin\Debug\net8.0\Warewolf.UI.dll [C:\Users\ultra\warewolf\Dev\Dev2.Studio\Dev2.Studio.csproj]
C:\Program Files\dotnet\sdk\10.0.201\Microsoft.Common.CurrentVersion.targets(2451,5): warning MSB3277:             C:\Users\ultra\warewolf\Dev\Dev2.Runtime.Services\bin\Debug\net8.0\Dev2.Runtime.Services.dll [C:\Users\ultra\warewolf\Dev\Dev2.Studio\Dev2.Studio.csproj]
C:\Program Files\dotnet\sdk\10.0.201\Microsoft.Common.CurrentVersion.targets(2451,5): warning MSB3277:             C:\Users\ultra\warewolf\Dev\Warewolf.Auditing\bin\Debug\net8.0\Warewolf.Auditing.dll [C:\Users\ultra\warewolf\Dev\Dev2.Studio\Dev2.Studio.csproj]
C:\Program Files\dotnet\sdk\10.0.201\Microsoft.Common.CurrentVersion.targets(2451,5): warning MSB3277:             C:\Users\ultra\warewolf\Dev\Warewolf.Common.NetStandard20\bin\Debug\net8.0\Warewolf.Common.NetStandard20.dll [C:\Users\ultra\warewolf\Dev\Dev2.Studio\Dev2.Studio.csproj]
C:\Program Files\dotnet\sdk\10.0.201\Microsoft.Common.CurrentVersion.targets(2451,5): warning MSB3277:             C:\Users\ultra\warewolf\Dev\Warewolf.Driver.Persistence\bin\Debug\net8.0\Warewolf.Driver.Persistence.dll [C:\Users\ultra\warewolf\Dev\Dev2.Studio\Dev2.Studio.csproj]
C:\Program Files\dotnet\sdk\10.0.201\Microsoft.Common.CurrentVersion.targets(2451,5): warning MSB3277:             C:\Users\ultra\warewolf\Dev\Warewolf.Exchange.Email.Wrapper\bin\Debug\net8.0\Warewolf.Exchange.Email.Wrapper.dll [C:\Users\ultra\warewolf\Dev\Dev2.Studio\Dev2.Studio.csproj]
C:\Program Files\dotnet\sdk\10.0.201\Microsoft.Common.CurrentVersion.targets(2451,5): warning MSB3277:             InfragisticsWPF4.DataVisualization.v15.1, Version=15.1.20151.2055, Culture=neutral, PublicKeyToken=7dd5c3163f2cd0cb, processorArchitecture=MSIL [C:\Users\ultra\warewolf\Dev\Dev2.Studio\Dev2.Studio.csproj]
C:\Program Files\dotnet\sdk\10.0.201\Microsoft.Common.CurrentVersion.targets(2451,5): warning MSB3277:             InfragisticsWPF4.Controls.Maps.XamNetworkNode.v15.1, Version=15.1.20151.2055, Culture=neutral, PublicKeyToken=7dd5c3163f2cd0cb, processorArchitecture=MSIL [C:\Users\ultra\warewolf\Dev\Dev2.Studio\Dev2.Studio.csproj]
C:\Program Files\dotnet\sdk\10.0.201\Microsoft.Common.CurrentVersion.targets(2451,5): warning MSB3277:             InfragisticsWPF4.DockManager.v15.1, Version=15.1.20151.2055, Culture=neutral, PublicKeyToken=7dd5c3163f2cd0cb, processorArchitecture=MSIL [C:\Users\ultra\warewolf\Dev\Dev2.Studio\Dev2.Studio.csproj]
C:\Program Files\dotnet\sdk\10.0.201\Microsoft.Common.CurrentVersion.targets(2451,5): warning MSB3277:             InfragisticsWPF4.Math.Calculators.v15.1, Version=15.1.20151.2055, Culture=neutral, PublicKeyToken=7dd5c3163f2cd0cb, processorArchitecture=MSIL [C:\Users\ultra\warewolf\Dev\Dev2.Studio\Dev2.Studio.csproj]
C:\Program Files\dotnet\sdk\10.0.201\Microsoft.Common.CurrentVersion.targets(2451,5): warning MSB3277:             InfragisticsWPF4.v15.1, Version=15.1.20151.2055, Culture=neutral, PublicKeyToken=7dd5c3163f2cd0cb, processorArchitecture=MSIL [C:\Users\ultra\warewolf\Dev\Dev2.Studio\Dev2.Studio.csproj]
C:\Program Files\dotnet\sdk\10.0.201\Microsoft.Common.CurrentVersion.targets(2451,5): warning MSB3277:             InfragisticsWPF4.Controls.Editors.XamComboEditor.v15.1, Version=15.1.20151.2055, Culture=neutral, processorArchitecture=MSIL [C:\Users\ultra\warewolf\Dev\Dev2.Studio\Dev2.Studio.csproj]
C:\Program Files\dotnet\sdk\10.0.201\Microsoft.Common.CurrentVersion.targets(2451,5): warning MSB3277:             InfragisticsWPF4.Controls.Grids.XamGrid.v15.1, Version=15.1.20151.2055, Culture=neutral, PublicKeyToken=7dd5c3163f2cd0cb, processorArchitecture=MSIL [C:\Users\ultra\warewolf\Dev\Dev2.Studio\Dev2.Studio.csproj]
C:\Program Files\dotnet\sdk\10.0.201\Microsoft.Common.CurrentVersion.targets(2451,5): warning MSB3277:             CalculationManager.WPF [C:\Users\ultra\warewolf\Dev\Dev2.Studio\Dev2.Studio.csproj]
C:\Program Files\dotnet\sdk\10.0.201\Microsoft.Common.CurrentVersion.targets(2451,5): warning MSB3277:             InfragisticsWPF4.Controls.Interactions.XamDialogWindow.v15.1, Version=15.1.20151.2055, Culture=neutral, PublicKeyToken=7dd5c3163f2cd0cb, processorArchitecture=MSIL [C:\Users\ultra\warewolf\Dev\Dev2.Studio\Dev2.Studio.csproj]
C:\Program Files\dotnet\sdk\10.0.201\Microsoft.Common.CurrentVersion.targets(2451,5): warning MSB3277:             InfragisticsWPF4.Controls.Menus.XamDataTree.v15.1, Version=15.1.20151.2055, Culture=neutral, processorArchitecture=MSIL [C:\Users\ultra\warewolf\Dev\Dev2.Studio\Dev2.Studio.csproj]
C:\Program Files\dotnet\sdk\10.0.201\Microsoft.Common.CurrentVersion.targets(2451,5): warning MSB3277:             InfragisticsWPF4.Controls.Menus.XamMenu.v15.1, Version=15.1.20151.2055, Culture=neutral, processorArchitecture=MSIL [C:\Users\ultra\warewolf\Dev\Dev2.Studio\Dev2.Studio.csproj]
C:\Program Files\dotnet\sdk\10.0.201\Microsoft.Common.CurrentVersion.targets(2451,5): warning MSB3277:             InfragisticsWPF4.DataManager.v15.1, Version=15.1.20151.2055, Culture=neutral, processorArchitecture=MSIL [C:\Users\ultra\warewolf\Dev\Dev2.Studio\Dev2.Studio.csproj]
C:\Program Files\dotnet\sdk\10.0.201\Microsoft.Common.CurrentVersion.targets(2451,5): warning MSB3277:             InfragisticsWPF4.Math.v15.1, Version=15.1.20151.2055, Culture=neutral, PublicKeyToken=7dd5c3163f2cd0cb, processorArchitecture=MSIL [C:\Users\ultra\warewolf\Dev\Dev2.Studio\Dev2.Studio.csproj]
C:\Program Files\dotnet\sdk\10.0.201\Microsoft.Common.CurrentVersion.targets(2451,5): warning MSB3277:             C:\Users\ultra\.nuget\packages\dotnetzip\1.16.0\lib\netstandard2.0\DotNetZip.dll [C:\Users\ultra\warewolf\Dev\Dev2.Studio\Dev2.Studio.csproj]
C:\Program Files\dotnet\sdk\10.0.201\Microsoft.Common.CurrentVersion.targets(2451,5): warning MSB3277:             C:\Users\ultra\warewolf\Dev\Dev2.Data.Interfaces\bin\Debug\net8.0\Dev2.Data.Interfaces.dll [C:\Users\ultra\warewolf\Dev\Dev2.Studio\Dev2.Studio.csproj]
C:\Program Files\dotnet\sdk\10.0.201\Microsoft.Common.CurrentVersion.targets(2451,5): warning MSB3277:             C:\Users\ultra\warewolf\Dev\Dev2.Diagnostics\bin\Debug\net8.0\Dev2.Diagnostics.dll [C:\Users\ultra\warewolf\Dev\Dev2.Studio\Dev2.Studio.csproj]
C:\Program Files\dotnet\sdk\10.0.201\Microsoft.Common.CurrentVersion.targets(2451,5): warning MSB3277:             C:\Users\ultra\warewolf\Dev\Dev2.Infrastructure\bin\Debug\net8.0\Dev2.Infrastructure.dll [C:\Users\ultra\warewolf\Dev\Dev2.Studio\Dev2.Studio.csproj]
C:\Program Files\dotnet\sdk\10.0.201\Microsoft.Common.CurrentVersion.targets(2451,5): warning MSB3277:             C:\Users\ultra\warewolf\Dev\Dev2.Common\bin\Debug\net8.0\Dev2.Common.dll [C:\Users\ultra\warewolf\Dev\Dev2.Studio\Dev2.Studio.csproj]
C:\Program Files\dotnet\sdk\10.0.201\Microsoft.Common.CurrentVersion.targets(2451,5): warning MSB3277:             C:\Users\ultra\warewolf\Dev\Dev2.TaskScheduler.Wrappers\bin\Debug\net8.0\Dev2.TaskScheduler.Wrappers.dll [C:\Users\ultra\warewolf\Dev\Dev2.Studio\Dev2.Studio.csproj]
C:\Program Files\dotnet\sdk\10.0.201\Microsoft.Common.CurrentVersion.targets(2451,5): warning MSB3277:             C:\Users\ultra\warewolf\Dev\Dev2.Util\bin\Debug\net8.0\Dev2.Util.dll [C:\Users\ultra\warewolf\Dev\Dev2.Studio\Dev2.Studio.csproj]
C:\Program Files\dotnet\sdk\10.0.201\Microsoft.Common.CurrentVersion.targets(2451,5): warning MSB3277:             C:\Users\ultra\warewolf\Dev\Warewolf.Sharepoint\bin\Debug\net8.0\Warewolf.Sharepoint.dll [C:\Users\ultra\warewolf\Dev\Dev2.Studio\Dev2.Studio.csproj]
C:\Program Files\dotnet\sdk\10.0.201\Microsoft.Common.CurrentVersion.targets(2451,5): warning MSB3277:             C:\Users\ultra\warewolf\Dev\Warewolf.Storage\bin\Debug\net8.0\Warewolf.Storage.dll [C:\Users\ultra\warewolf\Dev\Dev2.Studio\Dev2.Studio.csproj]
C:\Program Files\dotnet\sdk\10.0.201\Microsoft.Common.CurrentVersion.targets(2451,5): warning MSB3277:             C:\Users\ultra\warewolf\Dev\Dev2.Development.Languages\bin\Debug\net8.0\Dev2.Development.Languages.dll [C:\Users\ultra\warewolf\Dev\Dev2.Studio\Dev2.Studio.csproj]
C:\Program Files\dotnet\sdk\10.0.201\Microsoft.Common.CurrentVersion.targets(2451,5): warning MSB3277:             C:\Users\ultra\warewolf\Dev\Dev2.Services.Sql\bin\Debug\net8.0\Dev2.Services.Sql.dll [C:\Users\ultra\warewolf\Dev\Dev2.Studio\Dev2.Studio.csproj]
C:\Program Files\dotnet\sdk\10.0.201\Microsoft.Common.CurrentVersion.targets(2451,5): warning MSB3277:             C:\Users\ultra\warewolf\Dev\Warewolf.AI.Harness\bin\Debug\net8.0\Warewolf.AI.Harness.dll [C:\Users\ultra\warewolf\Dev\Dev2.Studio\Dev2.Studio.csproj]
C:\Program Files\dotnet\sdk\10.0.201\Microsoft.Common.CurrentVersion.targets(2451,5): warning MSB3277:             C:\Users\ultra\warewolf\Dev\Warewolf.Driver.Serilog\bin\Debug\net8.0\Warewolf.Driver.Serilog.dll [C:\Users\ultra\warewolf\Dev\Dev2.Studio\Dev2.Studio.csproj]
C:\Program Files\dotnet\sdk\10.0.201\Microsoft.Common.CurrentVersion.targets(2451,5): warning MSB3277:             C:\Users\ultra\.nuget\packages\mindbox.data.linq\5.0.0\lib\netstandard2.0\Mindbox.Data.Linq.dll [C:\Users\ultra\warewolf\Dev\Dev2.Studio\Dev2.Studio.csproj]
C:\Program Files\dotnet\sdk\10.0.201\Microsoft.Common.CurrentVersion.targets(2451,5): warning MSB3277:             C:\Users\ultra\.nuget\packages\mysql.data\8.4.0\lib\net8.0\MySql.Data.dll [C:\Users\ultra\warewolf\Dev\Dev2.Studio\Dev2.Studio.csproj]
C:\Program Files\dotnet\sdk\10.0.201\Microsoft.Common.CurrentVersion.targets(2451,5): warning MSB3277:             C:\Users\ultra\.nuget\packages\oracle.manageddataaccess.core\3.21.70\lib\netstandard2.1\Oracle.ManagedDataAccess.dll [C:\Users\ultra\warewolf\Dev\Dev2.Studio\Dev2.Studio.csproj]
C:\Program Files\dotnet\sdk\10.0.201\Microsoft.Common.CurrentVersion.targets(2451,5): warning MSB3277:             C:\Users\ultra\.nuget\packages\system.directoryservices\6.0.0\lib\net6.0\System.DirectoryServices.dll [C:\Users\ultra\warewolf\Dev\Dev2.Studio\Dev2.Studio.csproj]
C:\Program Files\dotnet\sdk\10.0.201\Microsoft.Common.CurrentVersion.targets(2451,5): warning MSB3277:             C:\Users\ultra\.nuget\packages\corewcf.primitives\1.2.1\lib\netstandard2.0\CoreWCF.Primitives.dll [C:\Users\ultra\warewolf\Dev\Dev2.Studio\Dev2.Studio.csproj]
C:\Program Files\dotnet\sdk\10.0.201\Microsoft.Common.CurrentVersion.targets(2451,5): warning MSB3277:             C:\Users\ultra\.nuget\packages\corewcf.http\1.2.1\lib\netstandard2.0\CoreWCF.Http.dll [C:\Users\ultra\warewolf\Dev\Dev2.Studio\Dev2.Studio.csproj]
C:\Program Files\dotnet\sdk\10.0.201\Microsoft.Common.CurrentVersion.targets(2451,5): warning MSB3277:             C:\Users\ultra\.nuget\packages\corewcf.nettcp\1.2.1\lib\netstandard2.0\CoreWCF.NetTcp.dll [C:\Users\ultra\warewolf\Dev\Dev2.Studio\Dev2.Studio.csproj]
C:\Program Files\dotnet\sdk\10.0.201\Microsoft.Common.CurrentVersion.targets(2451,5): warning MSB3277:             C:\Users\ultra\.nuget\packages\corewcf.webhttp\1.2.1\lib\netstandard2.0\CoreWCF.WebHttp.dll [C:\Users\ultra\warewolf\Dev\Dev2.Studio\Dev2.Studio.csproj]
C:\Program Files\dotnet\sdk\10.0.201\Microsoft.Common.CurrentVersion.targets(2451,5): warning MSB3277:             C:\Program Files\dotnet\packs\Microsoft.NETCore.App.Ref\8.0.25\ref/net8.0/System.Configuration.dll [C:\Users\ultra\warewolf\Dev\Dev2.Studio\Dev2.Studio.csproj]
C:\Program Files\dotnet\sdk\10.0.201\Microsoft.Common.CurrentVersion.targets(2451,5): warning MSB3277:             C:\Users\ultra\.nuget\packages\prism.composition\5.0.0\lib\NET45\Microsoft.Practices.Prism.Composition.dll [C:\Users\ultra\warewolf\Dev\Dev2.Studio\Dev2.Studio.csproj]
C:\Program Files\dotnet\sdk\10.0.201\Microsoft.Common.CurrentVersion.targets(2451,5): warning MSB3277:             C:\Users\ultra\.nuget\packages\prism.unityextensions\5.0.1\lib\NET45\Microsoft.Practices.Prism.UnityExtensions.dll [C:\Users\ultra\warewolf\Dev\Dev2.Studio\Dev2.Studio.csproj]
C:\Program Files\dotnet\sdk\10.0.201\Microsoft.Common.CurrentVersion.targets(2451,5): warning MSB3277:             C:\Users\ultra\.nuget\packages\prism.wpf\9.0.537\lib\net462\Prism.Wpf.dll [C:\Users\ultra\warewolf\Dev\Dev2.Studio\Dev2.Studio.csproj]
C:\Program Files\dotnet\sdk\10.0.201\Microsoft.Common.CurrentVersion.targets(2451,5): warning MSB3277:             C:\Program Files\dotnet\packs\Microsoft.NETCore.App.Ref\8.0.25\ref/net8.0/System.Data.dll [C:\Users\ultra\warewolf\Dev\Dev2.Studio\Dev2.Studio.csproj]
C:\Program Files\dotnet\sdk\10.0.201\Microsoft.Common.CurrentVersion.targets(2451,5): warning MSB3277:             C:\Users\ultra\.nuget\packages\taskschedulereditor\2.10.1\lib\net452\Microsoft.Win32.TaskSchedulerEditor.dll [C:\Users\ultra\warewolf\Dev\Dev2.Studio\Dev2.Studio.csproj]
C:\Program Files\dotnet\sdk\10.0.201\Microsoft.Common.CurrentVersion.targets(2451,5): warning MSB3277:             C:\Program Files\dotnet\packs\Microsoft.NETCore.App.Ref\8.0.25\ref/net8.0/System.Drawing.dll [C:\Users\ultra\warewolf\Dev\Dev2.Studio\Dev2.Studio.csproj]
C:\Program Files\dotnet\sdk\10.0.201\Microsoft.Common.CurrentVersion.targets(2451,5): warning MSB3277:             C:\Users\ultra\.nuget\packages\aerowizard\2.3.1\lib\net45\AeroWizard.dll [C:\Users\ultra\warewolf\Dev\Dev2.Studio\Dev2.Studio.csproj]
C:\Program Files\dotnet\sdk\10.0.201\Microsoft.Common.CurrentVersion.targets(2451,5): warning MSB3277:             C:\Users\ultra\.nuget\packages\avalonedit\6.3.0.90\lib\net462\ICSharpCode.AvalonEdit.dll [C:\Users\ultra\warewolf\Dev\Dev2.Studio\Dev2.Studio.csproj]
C:\Program Files\dotnet\sdk\10.0.201\Microsoft.Common.CurrentVersion.targets(2451,5): warning MSB3277:             C:\Users\ultra\.nuget\packages\groupcontrols\1.9.0\lib\net45\GroupControls.dll [C:\Users\ultra\warewolf\Dev\Dev2.Studio\Dev2.Studio.csproj]
C:\Program Files\dotnet\sdk\10.0.201\Microsoft.Common.CurrentVersion.targets(2451,5): warning MSB3277:             C:\Program Files\dotnet\packs\Microsoft.NETCore.App.Ref\8.0.25\ref/net8.0/System.Net.dll [C:\Users\ultra\warewolf\Dev\Dev2.Studio\Dev2.Studio.csproj]
C:\Program Files\dotnet\sdk\10.0.201\Microsoft.Common.CurrentVersion.targets(2451,5): warning MSB3277:             C:\Program Files\dotnet\packs\Microsoft.NETCore.App.Ref\8.0.25\ref/net8.0/System.Security.dll [C:\Users\ultra\warewolf\Dev\Dev2.Studio\Dev2.Studio.csproj]
C:\Program Files\dotnet\sdk\10.0.201\Microsoft.Common.CurrentVersion.targets(2451,5): warning MSB3277:             C:\Program Files\dotnet\packs\Microsoft.NETCore.App.Ref\8.0.25\ref/net8.0/System.ServiceProcess.dll [C:\Users\ultra\warewolf\Dev\Dev2.Studio\Dev2.Studio.csproj]
C:\Program Files\dotnet\sdk\10.0.201\Microsoft.Common.CurrentVersion.targets(2451,5): warning MSB3277:             C:\Program Files\dotnet\packs\Microsoft.NETCore.App.Ref\8.0.25\ref/net8.0/System.Transactions.dll [C:\Users\ultra\warewolf\Dev\Dev2.Studio\Dev2.Studio.csproj]
C:\Program Files\dotnet\sdk\10.0.201\Microsoft.Common.CurrentVersion.targets(2451,5): warning MSB3277:             C:\Program Files\dotnet\packs\Microsoft.NETCore.App.Ref\8.0.25\ref/net8.0/System.dll [C:\Users\ultra\warewolf\Dev\Dev2.Studio\Dev2.Studio.csproj]
C:\Program Files\dotnet\sdk\10.0.201\Microsoft.Common.CurrentVersion.targets(2451,5): warning MSB3277:             C:\Users\ultra\.nuget\packages\fontawesome.wpf\4.7.0.9\lib\net40\FontAwesome.WPF.dll [C:\Users\ultra\warewolf\Dev\Dev2.Studio\Dev2.Studio.csproj]
C:\Program Files\dotnet\sdk\10.0.201\Microsoft.Common.CurrentVersion.targets(2451,5): warning MSB3277:             C:\Users\ultra\.nuget\packages\log4net.async\2.0.4\lib\net40\Log4Net.Async.dll [C:\Users\ultra\warewolf\Dev\Dev2.Studio\Dev2.Studio.csproj]
C:\Program Files\dotnet\sdk\10.0.201\Microsoft.Common.CurrentVersion.targets(2451,5): warning MSB3277:             C:\Users\ultra\.nuget\packages\microsoft.xaml.behaviors.wpf\1.1.122\lib\net462\Microsoft.Xaml.Behaviors.dll [C:\Users\ultra\warewolf\Dev\Dev2.Studio\Dev2.Studio.csproj]
C:\Program Files\dotnet\sdk\10.0.201\Microsoft.Common.CurrentVersion.targets(2451,5): warning MSB3277:             C:\Users\ultra\.nuget\packages\caliburn.micro\4.0.212\lib\netcoreapp3.1\Caliburn.Micro.Platform.dll [C:\Users\ultra\warewolf\Dev\Dev2.Studio\Dev2.Studio.csproj]
C:\Program Files\dotnet\sdk\10.0.201\Microsoft.Common.CurrentVersion.targets(2451,5): warning MSB3277:             C:\Users\ultra\.nuget\packages\prism.interactivity\5.0.0\lib\NET45\Microsoft.Practices.Prism.Interactivity.dll [C:\Users\ultra\warewolf\Dev\Dev2.Studio\Dev2.Studio.csproj]
C:\Program Files\dotnet\sdk\10.0.201\Microsoft.Common.CurrentVersion.targets(2451,5): warning MSB3277:             C:\Users\ultra\.nuget\packages\prism.mvvm\1.0.0\lib\net45\Microsoft.Practices.Prism.Mvvm.Desktop.dll [C:\Users\ultra\warewolf\Dev\Dev2.Studio\Dev2.Studio.csproj]
C:\Program Files\dotnet\sdk\10.0.201\Microsoft.Common.CurrentVersion.targets(2451,5): warning MSB3277:             C:\Users\ultra\.nuget\packages\reactiveui.wpf\18.4.1\lib\net462\ReactiveUI.Wpf.dll [C:\Users\ultra\warewolf\Dev\Dev2.Studio\Dev2.Studio.csproj]
C:\Program Files\dotnet\sdk\10.0.201\Microsoft.Common.CurrentVersion.targets(2451,5): warning MSB3277:             C:\Users\ultra\.nuget\packages\ttcue.netcore.sharepointonline.csom.16.1.8029.1200\16.1.8029.1200\lib\netcoreapp2.0\Microsoft.SharePoint.Client.Runtime.Windows.dll [C:\Users\ultra\warewolf\Dev\Dev2.Studio\Dev2.Studio.csproj]
C:\Program Files\dotnet\sdk\10.0.201\Microsoft.Common.CurrentVersion.targets(2451,5): warning MSB3277:             C:\Program Files\dotnet\packs\Microsoft.NETCore.App.Ref\8.0.25\ref/net8.0/WindowsBase.dll [C:\Users\ultra\warewolf\Dev\Dev2.Studio\Dev2.Studio.csproj]
C:\Program Files\dotnet\sdk\10.0.201\Microsoft.Common.CurrentVersion.targets(2451,5): warning MSB3277:             C:\Program Files\dotnet\packs\Microsoft.NETCore.App.Ref\8.0.25\ref/net8.0/mscorlib.dll [C:\Users\ultra\warewolf\Dev\Dev2.Studio\Dev2.Studio.csproj]
C:\Program Files\dotnet\sdk\10.0.201\Microsoft.Common.CurrentVersion.targets(2451,5): warning MSB3277:             C:\Users\ultra\.nuget\packages\hangfire.core\1.7.32\lib\netstandard2.0\Hangfire.Core.dll [C:\Users\ultra\warewolf\Dev\Dev2.Studio\Dev2.Studio.csproj]
C:\Program Files\dotnet\sdk\10.0.201\Microsoft.Common.CurrentVersion.targets(2451,5): warning MSB3277:             C:\Users\ultra\.nuget\packages\hangfire.sqlserver\1.7.32\lib\netstandard2.0\Hangfire.SqlServer.dll [C:\Users\ultra\warewolf\Dev\Dev2.Studio\Dev2.Studio.csproj]
C:\Program Files\dotnet\sdk\10.0.201\Microsoft.Common.CurrentVersion.targets(2451,5): warning MSB3277:             C:\Users\ultra\.nuget\packages\unofficial.microsoft.mshtml\7.0.3300\lib\net40\Microsoft.mshtml.dll [C:\Users\ultra\warewolf\Dev\Dev2.Studio\Dev2.Studio.csproj]
C:\Program Files\dotnet\sdk\10.0.201\Microsoft.Common.CurrentVersion.targets(2451,5): warning MSB3277:         C:\Program Files\dotnet\packs\Microsoft.NETCore.App.Ref\8.0.25\ref\net8.0\System.Drawing.dll [C:\Users\ultra\warewolf\Dev\Dev2.Studio\Dev2.Studio.csproj]
C:\Program Files\dotnet\sdk\10.0.201\Microsoft.Common.CurrentVersion.targets(2451,5): warning MSB3277:           Project file item includes which caused reference "C:\Program Files\dotnet\packs\Microsoft.NETCore.App.Ref\8.0.25\ref\net8.0\System.Drawing.dll". [C:\Users\ultra\warewolf\Dev\Dev2.Studio\Dev2.Studio.csproj]
C:\Program Files\dotnet\sdk\10.0.201\Microsoft.Common.CurrentVersion.targets(2451,5): warning MSB3277:             C:\Program Files\dotnet\packs\Microsoft.NETCore.App.Ref\8.0.25\ref/net8.0/System.Drawing.dll [C:\Users\ultra\warewolf\Dev\Dev2.Studio\Dev2.Studio.csproj]
C:\Program Files\dotnet\sdk\10.0.201\Microsoft.Common.CurrentVersion.targets(2451,5): warning MSB3277:             C:\Users\ultra\.nuget\packages\aerowizard\2.3.1\lib\net45\AeroWizard.dll [C:\Users\ultra\warewolf\Dev\Dev2.Studio\Dev2.Studio.csproj]
C:\Program Files\dotnet\sdk\10.0.201\Microsoft.Common.CurrentVersion.targets(2451,5): warning MSB3277:             C:\Users\ultra\.nuget\packages\avalonedit\6.3.0.90\lib\net462\ICSharpCode.AvalonEdit.dll [C:\Users\ultra\warewolf\Dev\Dev2.Studio\Dev2.Studio.csproj]
C:\Program Files\dotnet\sdk\10.0.201\Microsoft.Common.CurrentVersion.targets(2451,5): warning MSB3277:             C:\Users\ultra\.nuget\packages\groupcontrols\1.9.0\lib\net45\GroupControls.dll [C:\Users\ultra\warewolf\Dev\Dev2.Studio\Dev2.Studio.csproj]
C:\Program Files\dotnet\sdk\10.0.201\Microsoft.Common.CurrentVersion.targets(2451,5): warning MSB3277:             C:\Users\ultra\.nuget\packages\taskschedulereditor\2.10.1\lib\net452\Microsoft.Win32.TaskSchedulerEditor.dll [C:\Users\ultra\warewolf\Dev\Dev2.Studio\Dev2.Studio.csproj]
C:\Program Files\dotnet\sdk\10.0.201\Microsoft.CSharp.CurrentVersion.targets(130,9): warning MSB3884: Could not find rule set file "..\.sonarlint\warewolf_dotnet_frameworkcsharp.ruleset". [C:\Users\ultra\warewolf\Dev\Dev2.Studio\Dev2.Studio.csproj]
C:\Users\ultra\warewolf\Dev\Dev2.Diagnostics.Tests\TestPerfCounterManager.cs(24,21): warning CA1416: This call site is reachable on all platforms. 'PerformanceCounterCategory.Delete(string)' is only supported on: 'windows'. (https://learn.microsoft.com/dotnet/fundamentals/code-analysis/quality-rules/ca1416) [C:\Users\ultra\warewolf\Dev\Dev2.Diagnostics.Tests\Dev2.Diagnostics.Tests.csproj]
C:\Users\ultra\warewolf\Dev\Dev2.Diagnostics.Tests\PerfCountersOpsTests.cs(27,21): warning CA1416: This call site is reachable on all platforms. 'PerformanceCounterCategory.Delete(string)' is only supported on: 'windows'. (https://learn.microsoft.com/dotnet/fundamentals/code-analysis/quality-rules/ca1416) [C:\Users\ultra\warewolf\Dev\Dev2.Diagnostics.Tests\Dev2.Diagnostics.Tests.csproj]
C:\Users\ultra\warewolf\Dev\Dev2.Diagnostics.Tests\TestExecutionContainer.cs(31,17): warning CA1416: This call site is reachable on all platforms. 'PerformanceCounterCategory.Delete(string)' is only supported on: 'windows'. (https://learn.microsoft.com/dotnet/fundamentals/code-analysis/quality-rules/ca1416) [C:\Users\ultra\warewolf\Dev\Dev2.Diagnostics.Tests\Dev2.Diagnostics.Tests.csproj]
C:\Users\ultra\warewolf\Dev\Dev2.Diagnostics.Tests\PerfCountersOpsTests.cs(26,21): warning CA1416: This call site is reachable on all platforms. 'PerformanceCounterCategory.Delete(string)' is only supported on: 'windows'. (https://learn.microsoft.com/dotnet/fundamentals/code-analysis/quality-rules/ca1416) [C:\Users\ultra\warewolf\Dev\Dev2.Diagnostics.Tests\Dev2.Diagnostics.Tests.csproj]
C:\Users\ultra\warewolf\Dev\Dev2.Diagnostics.Tests\PerfCounterBuilderTest.cs(25,17): warning CA1416: This call site is reachable on all platforms. 'PerformanceCounterCategory.Delete(string)' is only supported on: 'windows'. (https://learn.microsoft.com/dotnet/fundamentals/code-analysis/quality-rules/ca1416) [C:\Users\ultra\warewolf\Dev\Dev2.Diagnostics.Tests\Dev2.Diagnostics.Tests.csproj]
C:\Users\ultra\warewolf\Dev\Dev2.Diagnostics.Tests\PerfCounterBuilderTest.cs(88,17): warning CA1416: This call site is reachable on all platforms. 'PerformanceCounterCategory.Delete(string)' is only supported on: 'windows'. (https://learn.microsoft.com/dotnet/fundamentals/code-analysis/quality-rules/ca1416) [C:\Users\ultra\warewolf\Dev\Dev2.Diagnostics.Tests\Dev2.Diagnostics.Tests.csproj]
  Dev2.Studio -> C:\Users\ultra\warewolf\Dev\Dev2.Studio\bin\Debug\net8.0\linux-x64\Warewolf Studio.dll
  Dev2.Diagnostics.Tests -> C:\Users\ultra\warewolf\Dev\Dev2.Diagnostics.Tests\bin\Debug\net8.0\linux-x64\Dev2.Diagnostics.Tests.dll
C:\Program Files\dotnet\sdk\10.0.201\Microsoft.Common.CurrentVersion.targets(2451,5): warning MSB3245: Could not resolve this reference. Could not locate the assembly "System.Activities.Core.Presentation". Check to make sure the assembly exists on disk. If this reference is required by your code, you may get compilation errors. [C:\Users\ultra\warewolf\Dev\Dev2.Studio.Core.Tests\Dev2.Studio.Core.Tests.csproj]
C:\Program Files\dotnet\sdk\10.0.201\Microsoft.Common.CurrentVersion.targets(2451,5): warning MSB3277: Found conflicts between different versions of "Microsoft.Win32.SystemEvents" that could not be resolved. [C:\Users\ultra\warewolf\Dev\Dev2.Studio.Core.Tests\Dev2.Studio.Core.Tests.csproj]
C:\Program Files\dotnet\sdk\10.0.201\Microsoft.Common.CurrentVersion.targets(2451,5): warning MSB3277: There was a conflict between "Microsoft.Win32.SystemEvents, Version=6.0.0.0, Culture=neutral, PublicKeyToken=cc7b13ffcd2ddd51" and "Microsoft.Win32.SystemEvents, Version=7.0.0.0, Culture=neutral, PublicKeyToken=cc7b13ffcd2ddd51". [C:\Users\ultra\warewolf\Dev\Dev2.Studio.Core.Tests\Dev2.Studio.Core.Tests.csproj]
C:\Program Files\dotnet\sdk\10.0.201\Microsoft.Common.CurrentVersion.targets(2451,5): warning MSB3277:     "Microsoft.Win32.SystemEvents, Version=6.0.0.0, Culture=neutral, PublicKeyToken=cc7b13ffcd2ddd51" was chosen because it was primary and "Microsoft.Win32.SystemEvents, Version=7.0.0.0, Culture=neutral, PublicKeyToken=cc7b13ffcd2ddd51" was not. [C:\Users\ultra\warewolf\Dev\Dev2.Studio.Core.Tests\Dev2.Studio.Core.Tests.csproj]
C:\Program Files\dotnet\sdk\10.0.201\Microsoft.Common.CurrentVersion.targets(2451,5): warning MSB3277:     References which depend on "Microsoft.Win32.SystemEvents, Version=6.0.0.0, Culture=neutral, PublicKeyToken=cc7b13ffcd2ddd51" [C:\Users\ultra\.nuget\packages\microsoft.win32.systemevents\6.0.0\lib\net6.0\Microsoft.Win32.SystemEvents.dll]. [C:\Users\ultra\warewolf\Dev\Dev2.Studio.Core.Tests\Dev2.Studio.Core.Tests.csproj]
C:\Program Files\dotnet\sdk\10.0.201\Microsoft.Common.CurrentVersion.targets(2451,5): warning MSB3277:         C:\Users\ultra\.nuget\packages\microsoft.win32.systemevents\6.0.0\lib\net6.0\Microsoft.Win32.SystemEvents.dll [C:\Users\ultra\warewolf\Dev\Dev2.Studio.Core.Tests\Dev2.Studio.Core.Tests.csproj]
C:\Program Files\dotnet\sdk\10.0.201\Microsoft.Common.CurrentVersion.targets(2451,5): warning MSB3277:           Project file item includes which caused reference "C:\Users\ultra\.nuget\packages\microsoft.win32.systemevents\6.0.0\lib\net6.0\Microsoft.Win32.SystemEvents.dll". [C:\Users\ultra\warewolf\Dev\Dev2.Studio.Core.Tests\Dev2.Studio.Core.Tests.csproj]
C:\Program Files\dotnet\sdk\10.0.201\Microsoft.Common.CurrentVersion.targets(2451,5): warning MSB3277:             C:\Users\ultra\.nuget\packages\microsoft.win32.systemevents\6.0.0\lib\net6.0\Microsoft.Win32.SystemEvents.dll [C:\Users\ultra\warewolf\Dev\Dev2.Studio.Core.Tests\Dev2.Studio.Core.Tests.csproj]
C:\Program Files\dotnet\sdk\10.0.201\Microsoft.Common.CurrentVersion.targets(2451,5): warning MSB3277:     References which depend on or have been unified to "Microsoft.Win32.SystemEvents, Version=7.0.0.0, Culture=neutral, PublicKeyToken=cc7b13ffcd2ddd51" []. [C:\Users\ultra\warewolf\Dev\Dev2.Studio.Core.Tests\Dev2.Studio.Core.Tests.csproj]
C:\Program Files\dotnet\sdk\10.0.201\Microsoft.Common.CurrentVersion.targets(2451,5): warning MSB3277:         C:\Users\ultra\warewolf\Dev\Dev2.Common\bin\Debug\net8.0\Dev2.Common.dll [C:\Users\ultra\warewolf\Dev\Dev2.Studio.Core.Tests\Dev2.Studio.Core.Tests.csproj]
C:\Program Files\dotnet\sdk\10.0.201\Microsoft.Common.CurrentVersion.targets(2451,5): warning MSB3277:           Project file item includes which caused reference "C:\Users\ultra\warewolf\Dev\Dev2.Common\bin\Debug\net8.0\Dev2.Common.dll". [C:\Users\ultra\warewolf\Dev\Dev2.Studio.Core.Tests\Dev2.Studio.Core.Tests.csproj]
C:\Program Files\dotnet\sdk\10.0.201\Microsoft.Common.CurrentVersion.targets(2451,5): warning MSB3277:             C:\Users\ultra\warewolf\Dev\Dev2.Common\bin\Debug\net8.0\Dev2.Common.dll [C:\Users\ultra\warewolf\Dev\Dev2.Studio.Core.Tests\Dev2.Studio.Core.Tests.csproj]
C:\Program Files\dotnet\sdk\10.0.201\Microsoft.Common.CurrentVersion.targets(2451,5): warning MSB3277:             C:\Users\ultra\warewolf\Dev\Dev2.Data\bin\Debug\net8.0\Dev2.Data.dll [C:\Users\ultra\warewolf\Dev\Dev2.Studio.Core.Tests\Dev2.Studio.Core.Tests.csproj]
C:\Program Files\dotnet\sdk\10.0.201\Microsoft.Common.CurrentVersion.targets(2451,5): warning MSB3277:             C:\Users\ultra\warewolf\Dev\Dev2.Diagnostics.Tests\bin\Debug\net8.0\linux-x64\Dev2.Diagnostics.Tests.dll [C:\Users\ultra\warewolf\Dev\Dev2.Studio.Core.Tests\Dev2.Studio.Core.Tests.csproj]
C:\Program Files\dotnet\sdk\10.0.201\Microsoft.Common.CurrentVersion.targets(2451,5): warning MSB3277:             C:\Users\ultra\warewolf\Dev\Dev2.Diagnostics\bin\Debug\net8.0\Dev2.Diagnostics.dll [C:\Users\ultra\warewolf\Dev\Dev2.Studio.Core.Tests\Dev2.Studio.Core.Tests.csproj]
C:\Program Files\dotnet\sdk\10.0.201\Microsoft.Common.CurrentVersion.targets(2451,5): warning MSB3277:             C:\Users\ultra\warewolf\Dev\Dev2.Infrastructure.Tests\bin\Debug\net8.0\linux-x64\Dev2.Infrastructure.Tests.dll [C:\Users\ultra\warewolf\Dev\Dev2.Studio.Core.Tests\Dev2.Studio.Core.Tests.csproj]
C:\Program Files\dotnet\sdk\10.0.201\Microsoft.Common.CurrentVersion.targets(2451,5): warning MSB3277:             C:\Users\ultra\warewolf\Dev\Dev2.Infrastructure\bin\Debug\net8.0\Dev2.Infrastructure.dll [C:\Users\ultra\warewolf\Dev\Dev2.Studio.Core.Tests\Dev2.Studio.Core.Tests.csproj]
C:\Program Files\dotnet\sdk\10.0.201\Microsoft.Common.CurrentVersion.targets(2451,5): warning MSB3277:             C:\Users\ultra\warewolf\Dev\Dev2.Intellisense\bin\Debug\net8.0\Dev2.Intellisense.dll [C:\Users\ultra\warewolf\Dev\Dev2.Studio.Core.Tests\Dev2.Studio.Core.Tests.csproj]
C:\Program Files\dotnet\sdk\10.0.201\Microsoft.Common.CurrentVersion.targets(2451,5): warning MSB3277:             C:\Users\ultra\warewolf\Dev\Dev2.Runtime.Services\bin\Debug\net8.0\Dev2.Runtime.Services.dll [C:\Users\ultra\warewolf\Dev\Dev2.Studio.Core.Tests\Dev2.Studio.Core.Tests.csproj]
C:\Program Files\dotnet\sdk\10.0.201\Microsoft.Common.CurrentVersion.targets(2451,5): warning MSB3277:             C:\Users\ultra\warewolf\Dev\Dev2.Runtime\bin\Debug\net8.0\Dev2.Runtime.dll [C:\Users\ultra\warewolf\Dev\Dev2.Studio.Core.Tests\Dev2.Studio.Core.Tests.csproj]
C:\Program Files\dotnet\sdk\10.0.201\Microsoft.Common.CurrentVersion.targets(2451,5): warning MSB3277:             C:\Users\ultra\warewolf\Dev\Dev2.Scheduler\bin\Debug\net8.0\Dev2.Scheduler.dll [C:\Users\ultra\warewolf\Dev\Dev2.Studio.Core.Tests\Dev2.Studio.Core.Tests.csproj]
C:\Program Files\dotnet\sdk\10.0.201\Microsoft.Common.CurrentVersion.targets(2451,5): warning MSB3277:             C:\Users\ultra\warewolf\Dev\Dev2.Studio.Core\bin\Debug\net8.0\Dev2.Studio.Core.dll [C:\Users\ultra\warewolf\Dev\Dev2.Studio.Core.Tests\Dev2.Studio.Core.Tests.csproj]
C:\Program Files\dotnet\sdk\10.0.201\Microsoft.Common.CurrentVersion.targets(2451,5): warning MSB3277:             C:\Users\ultra\warewolf\Dev\Dev2.Studio.Interfaces\bin\Debug\net8.0\Dev2.Studio.Interfaces.dll [C:\Users\ultra\warewolf\Dev\Dev2.Studio.Core.Tests\Dev2.Studio.Core.Tests.csproj]
C:\Program Files\dotnet\sdk\10.0.201\Microsoft.Common.CurrentVersion.targets(2451,5): warning MSB3277:             C:\Users\ultra\warewolf\Dev\Dev2.Studio\bin\Debug\net8.0\linux-x64\Warewolf Studio.dll [C:\Users\ultra\warewolf\Dev\Dev2.Studio.Core.Tests\Dev2.Studio.Core.Tests.csproj]
C:\Program Files\dotnet\sdk\10.0.201\Microsoft.Common.CurrentVersion.targets(2451,5): warning MSB3277:             C:\Users\ultra\warewolf\Dev\Dev2.Activities\bin\Debug\net8.0\Dev2.Activities.dll [C:\Users\ultra\warewolf\Dev\Dev2.Studio.Core.Tests\Dev2.Studio.Core.Tests.csproj]
C:\Program Files\dotnet\sdk\10.0.201\Microsoft.Common.CurrentVersion.targets(2451,5): warning MSB3277:             C:\Users\ultra\warewolf\Dev\Dev2.Core\bin\Debug\net8.0\Dev2.Core.dll [C:\Users\ultra\warewolf\Dev\Dev2.Studio.Core.Tests\Dev2.Studio.Core.Tests.csproj]
C:\Program Files\dotnet\sdk\10.0.201\Microsoft.Common.CurrentVersion.targets(2451,5): warning MSB3277:             C:\Users\ultra\warewolf\Dev\Dev2.TaskScheduler.Wrappers\bin\Debug\net8.0\Dev2.TaskScheduler.Wrappers.dll [C:\Users\ultra\warewolf\Dev\Dev2.Studio.Core.Tests\Dev2.Studio.Core.Tests.csproj]
C:\Program Files\dotnet\sdk\10.0.201\Microsoft.Common.CurrentVersion.targets(2451,5): warning MSB3277:             C:\Users\ultra\warewolf\Dev\Dev2.Util\bin\Debug\net8.0\Dev2.Util.dll [C:\Users\ultra\warewolf\Dev\Dev2.Studio.Core.Tests\Dev2.Studio.Core.Tests.csproj]
C:\Program Files\dotnet\sdk\10.0.201\Microsoft.Common.CurrentVersion.targets(2451,5): warning MSB3277:             C:\Users\ultra\warewolf\Dev\Warewolf.Core\bin\Debug\net8.0\Warewolf.Core.dll [C:\Users\ultra\warewolf\Dev\Dev2.Studio.Core.Tests\Dev2.Studio.Core.Tests.csproj]
C:\Program Files\dotnet\sdk\10.0.201\Microsoft.Common.CurrentVersion.targets(2451,5): warning MSB3277:             C:\Users\ultra\warewolf\Dev\Warewolf.MergeParser.Tests\bin\Debug\net8.0\linux-x64\Warewolf.MergeParser.Tests.dll [C:\Users\ultra\warewolf\Dev\Dev2.Studio.Core.Tests\Dev2.Studio.Core.Tests.csproj]
C:\Program Files\dotnet\sdk\10.0.201\Microsoft.Common.CurrentVersion.targets(2451,5): warning MSB3277:             C:\Users\ultra\warewolf\Dev\Warewolf.Studio.Core\bin\Debug\net8.0\Warewolf.Studio.Core.dll [C:\Users\ultra\warewolf\Dev\Dev2.Studio.Core.Tests\Dev2.Studio.Core.Tests.csproj]
C:\Program Files\dotnet\sdk\10.0.201\Microsoft.Common.CurrentVersion.targets(2451,5): warning MSB3277:             C:\Users\ultra\warewolf\Dev\Warewolf.Studio.ViewModels\bin\Debug\net8.0\Warewolf.Studio.ViewModels.dll [C:\Users\ultra\warewolf\Dev\Dev2.Studio.Core.Tests\Dev2.Studio.Core.Tests.csproj]
C:\Program Files\dotnet\sdk\10.0.201\Microsoft.Common.CurrentVersion.targets(2451,5): warning MSB3277:             C:\Users\ultra\warewolf\Dev\Warewolf.Testing\bin\Debug\net8.0\Warewolf.Testing.dll [C:\Users\ultra\warewolf\Dev\Dev2.Studio.Core.Tests\Dev2.Studio.Core.Tests.csproj]
C:\Program Files\dotnet\sdk\10.0.201\Microsoft.Common.CurrentVersion.targets(2451,5): warning MSB3277:             C:\Users\ultra\warewolf\Dev\Warewolf.Trigger.Queue\bin\Debug\net8.0\Warewolf.Trigger.Queue.dll [C:\Users\ultra\warewolf\Dev\Dev2.Studio.Core.Tests\Dev2.Studio.Core.Tests.csproj]
C:\Program Files\dotnet\sdk\10.0.201\Microsoft.Common.CurrentVersion.targets(2451,5): warning MSB3277:             C:\Users\ultra\warewolf\Dev\Warewolf.UI\bin\Debug\net8.0\Warewolf.UI.dll [C:\Users\ultra\warewolf\Dev\Dev2.Studio.Core.Tests\Dev2.Studio.Core.Tests.csproj]
C:\Program Files\dotnet\sdk\10.0.201\Microsoft.Common.CurrentVersion.targets(2451,5): warning MSB3277:             C:\Users\ultra\warewolf\Dev\Dev2.Development.Languages\bin\Debug\net8.0\Dev2.Development.Languages.dll [C:\Users\ultra\warewolf\Dev\Dev2.Studio.Core.Tests\Dev2.Studio.Core.Tests.csproj]
C:\Program Files\dotnet\sdk\10.0.201\Microsoft.Common.CurrentVersion.targets(2451,5): warning MSB3277:             C:\Users\ultra\warewolf\Dev\Dev2.Runtime.WebServer\bin\Debug\net8.0\Dev2.Runtime.WebServer.dll [C:\Users\ultra\warewolf\Dev\Dev2.Studio.Core.Tests\Dev2.Studio.Core.Tests.csproj]
C:\Program Files\dotnet\sdk\10.0.201\Microsoft.Common.CurrentVersion.targets(2451,5): warning MSB3277:             C:\Users\ultra\warewolf\Dev\Dev2.Services.Execution\bin\Debug\net8.0\Dev2.Services.Execution.dll [C:\Users\ultra\warewolf\Dev\Dev2.Studio.Core.Tests\Dev2.Studio.Core.Tests.csproj]
C:\Program Files\dotnet\sdk\10.0.201\Microsoft.Common.CurrentVersion.targets(2451,5): warning MSB3277:             C:\Users\ultra\warewolf\Dev\Dev2.Services.Sql\bin\Debug\net8.0\Dev2.Services.Sql.dll [C:\Users\ultra\warewolf\Dev\Dev2.Studio.Core.Tests\Dev2.Studio.Core.Tests.csproj]
C:\Program Files\dotnet\sdk\10.0.201\Microsoft.Common.CurrentVersion.targets(2451,5): warning MSB3277:             C:\Users\ultra\warewolf\Dev\Warewolf.HangfireServer\bin\Debug\net8.0\linux-x64\HangfireServer.dll [C:\Users\ultra\warewolf\Dev\Dev2.Studio.Core.Tests\Dev2.Studio.Core.Tests.csproj]
C:\Program Files\dotnet\sdk\10.0.201\Microsoft.Common.CurrentVersion.targets(2451,5): warning MSB3277:             C:\Users\ultra\warewolf\Dev\Warewolf.QueueWorker\bin\Debug\net8.0\linux-x64\QueueWorker.dll [C:\Users\ultra\warewolf\Dev\Dev2.Studio.Core.Tests\Dev2.Studio.Core.Tests.csproj]
C:\Program Files\dotnet\sdk\10.0.201\Microsoft.Common.CurrentVersion.targets(2451,5): warning MSB3277:             C:\Users\ultra\warewolf\Dev\Dev2.Server\bin\Debug\net8.0\linux-x64\Warewolf Server.dll [C:\Users\ultra\warewolf\Dev\Dev2.Studio.Core.Tests\Dev2.Studio.Core.Tests.csproj]
C:\Program Files\dotnet\sdk\10.0.201\Microsoft.Common.CurrentVersion.targets(2451,5): warning MSB3277:             C:\Users\ultra\warewolf\Dev\Warewolf.AI.Harness\bin\Debug\net8.0\Warewolf.AI.Harness.dll [C:\Users\ultra\warewolf\Dev\Dev2.Studio.Core.Tests\Dev2.Studio.Core.Tests.csproj]
C:\Program Files\dotnet\sdk\10.0.201\Microsoft.Common.CurrentVersion.targets(2451,5): warning MSB3277:             C:\Users\ultra\warewolf\Dev\Warewolf.Auditing\bin\Debug\net8.0\Warewolf.Auditing.dll [C:\Users\ultra\warewolf\Dev\Dev2.Studio.Core.Tests\Dev2.Studio.Core.Tests.csproj]
C:\Program Files\dotnet\sdk\10.0.201\Microsoft.Common.CurrentVersion.targets(2451,5): warning MSB3277:             C:\Users\ultra\warewolf\Dev\Warewolf.Common.Framework48\bin\Debug\net8.0\Warewolf.Common.Framework48.dll [C:\Users\ultra\warewolf\Dev\Dev2.Studio.Core.Tests\Dev2.Studio.Core.Tests.csproj]
C:\Program Files\dotnet\sdk\10.0.201\Microsoft.Common.CurrentVersion.targets(2451,5): warning MSB3277:             C:\Users\ultra\warewolf\Dev\Warewolf.Common.NetStandard20\bin\Debug\net8.0\Warewolf.Common.NetStandard20.dll [C:\Users\ultra\warewolf\Dev\Dev2.Studio.Core.Tests\Dev2.Studio.Core.Tests.csproj]
C:\Program Files\dotnet\sdk\10.0.201\Microsoft.Common.CurrentVersion.targets(2451,5): warning MSB3277:             C:\Users\ultra\warewolf\Dev\Warewolf.Driver.Persistence\bin\Debug\net8.0\Warewolf.Driver.Persistence.dll [C:\Users\ultra\warewolf\Dev\Dev2.Studio.Core.Tests\Dev2.Studio.Core.Tests.csproj]
C:\Program Files\dotnet\sdk\10.0.201\Microsoft.Common.CurrentVersion.targets(2451,5): warning MSB3277:             C:\Users\ultra\warewolf\Dev\Warewolf.Driver.Serilog\bin\Debug\net8.0\Warewolf.Driver.Serilog.dll [C:\Users\ultra\warewolf\Dev\Dev2.Studio.Core.Tests\Dev2.Studio.Core.Tests.csproj]
C:\Program Files\dotnet\sdk\10.0.201\Microsoft.Common.CurrentVersion.targets(2451,5): warning MSB3277:             C:\Users\ultra\warewolf\Dev\Warewolf.Exchange.Email.Wrapper\bin\Debug\net8.0\Warewolf.Exchange.Email.Wrapper.dll [C:\Users\ultra\warewolf\Dev\Dev2.Studio.Core.Tests\Dev2.Studio.Core.Tests.csproj]
C:\Program Files\dotnet\sdk\10.0.201\Microsoft.Common.CurrentVersion.targets(2451,5): warning MSB3277:             C:\Users\ultra\warewolf\Dev\Warewolf.PerfMon\bin\Debug\net8.0\linux-x64\Warewolf.PerfMon.dll [C:\Users\ultra\warewolf\Dev\Dev2.Studio.Core.Tests\Dev2.Studio.Core.Tests.csproj]
C:\Program Files\dotnet\sdk\10.0.201\Microsoft.Common.CurrentVersion.targets(2451,5): warning MSB3277:             C:\Users\ultra\warewolf\Dev\Warewolf.ResourceManagement\bin\Debug\net8.0\Warewolf.ResourceManagement.dll [C:\Users\ultra\warewolf\Dev\Dev2.Studio.Core.Tests\Dev2.Studio.Core.Tests.csproj]
C:\Program Files\dotnet\sdk\10.0.201\Microsoft.Common.CurrentVersion.targets(2451,5): warning MSB3277:             C:\Users\ultra\warewolf\Dev\Warewolf.Sharepoint\bin\Debug\net8.0\Warewolf.Sharepoint.dll [C:\Users\ultra\warewolf\Dev\Dev2.Studio.Core.Tests\Dev2.Studio.Core.Tests.csproj]
C:\Program Files\dotnet\sdk\10.0.201\Microsoft.Common.CurrentVersion.targets(2451,5): warning MSB3277:             C:\Users\ultra\warewolf\Dev\Warewolf.Storage\bin\Debug\net8.0\Warewolf.Storage.dll [C:\Users\ultra\warewolf\Dev\Dev2.Studio.Core.Tests\Dev2.Studio.Core.Tests.csproj]
C:\Program Files\dotnet\sdk\10.0.201\Microsoft.Common.CurrentVersion.targets(2451,5): warning MSB3277:             C:\Users\ultra\warewolf\Dev\Warewolf.Studio.CustomControls\bin\Debug\net8.0\Warewolf.Studio.CustomControls.dll [C:\Users\ultra\warewolf\Dev\Dev2.Studio.Core.Tests\Dev2.Studio.Core.Tests.csproj]
C:\Program Files\dotnet\sdk\10.0.201\Microsoft.Common.CurrentVersion.targets(2451,5): warning MSB3277:             C:\Users\ultra\warewolf\Dev\Warewolf.Studio.Models\bin\Debug\net8.0\Warewolf.Studio.Models.dll [C:\Users\ultra\warewolf\Dev\Dev2.Studio.Core.Tests\Dev2.Studio.Core.Tests.csproj]
C:\Program Files\dotnet\sdk\10.0.201\Microsoft.Common.CurrentVersion.targets(2451,5): warning MSB3277:             C:\Users\ultra\warewolf\Dev\Warewolf.Logger\bin\Debug\net8.0\linux-x64\WarewolfLogger.dll [C:\Users\ultra\warewolf\Dev\Dev2.Studio.Core.Tests\Dev2.Studio.Core.Tests.csproj]
C:\Program Files\dotnet\sdk\10.0.201\Microsoft.Common.CurrentVersion.targets(2451,5): warning MSB3277:         C:\Users\ultra\warewolf\Dev\Binaries\Infragistcs_Net6\InfragisticsWPF4.v15.1.dll [C:\Users\ultra\warewolf\Dev\Dev2.Studio.Core.Tests\Dev2.Studio.Core.Tests.csproj]
C:\Program Files\dotnet\sdk\10.0.201\Microsoft.Common.CurrentVersion.targets(2451,5): warning MSB3277:           Project file item includes which caused reference "C:\Users\ultra\warewolf\Dev\Binaries\Infragistcs_Net6\InfragisticsWPF4.v15.1.dll". [C:\Users\ultra\warewolf\Dev\Dev2.Studio.Core.Tests\Dev2.Studio.Core.Tests.csproj]
C:\Program Files\dotnet\sdk\10.0.201\Microsoft.Common.CurrentVersion.targets(2451,5): warning MSB3277:             InfragisticsWPF4.v15.1, Version=15.1.20151.2055, Culture=neutral, PublicKeyToken=7dd5c3163f2cd0cb, processorArchitecture=MSIL [C:\Users\ultra\warewolf\Dev\Dev2.Studio.Core.Tests\Dev2.Studio.Core.Tests.csproj]
C:\Program Files\dotnet\sdk\10.0.201\Microsoft.Common.CurrentVersion.targets(2451,5): warning MSB3277:             InfragisticsWPF4.Controls.Interactions.XamDialogWindow.v15.1 [C:\Users\ultra\warewolf\Dev\Dev2.Studio.Core.Tests\Dev2.Studio.Core.Tests.csproj]
C:\Program Files\dotnet\sdk\10.0.201\Microsoft.Common.CurrentVersion.targets(2451,5): warning MSB3277:             InfragisticsWPF4.DockManager.v15.1, Version=15.1.20151.2055, Culture=neutral, PublicKeyToken=7dd5c3163f2cd0cb, processorArchitecture=MSIL [C:\Users\ultra\warewolf\Dev\Dev2.Studio.Core.Tests\Dev2.Studio.Core.Tests.csproj]
C:\Program Files\dotnet\sdk\10.0.201\Microsoft.Common.CurrentVersion.targets(2451,5): warning MSB3277:             InfragisticsWPF4.DataPresenter.v15.1 [C:\Users\ultra\warewolf\Dev\Dev2.Studio.Core.Tests\Dev2.Studio.Core.Tests.csproj]
C:\Program Files\dotnet\sdk\10.0.201\Microsoft.Common.CurrentVersion.targets(2451,5): warning MSB3277:         C:\Users\ultra\.nuget\packages\timespan2\2.4.2\lib\netcoreapp3.1\TimeSpan2.dll [C:\Users\ultra\warewolf\Dev\Dev2.Studio.Core.Tests\Dev2.Studio.Core.Tests.csproj]
C:\Program Files\dotnet\sdk\10.0.201\Microsoft.Common.CurrentVersion.targets(2451,5): warning MSB3277:           Project file item includes which caused reference "C:\Users\ultra\.nuget\packages\timespan2\2.4.2\lib\netcoreapp3.1\TimeSpan2.dll". [C:\Users\ultra\warewolf\Dev\Dev2.Studio.Core.Tests\Dev2.Studio.Core.Tests.csproj]
C:\Program Files\dotnet\sdk\10.0.201\Microsoft.Common.CurrentVersion.targets(2451,5): warning MSB3277:             C:\Users\ultra\.nuget\packages\timespan2\2.4.2\lib\netcoreapp3.1\TimeSpan2.dll [C:\Users\ultra\warewolf\Dev\Dev2.Studio.Core.Tests\Dev2.Studio.Core.Tests.csproj]
C:\Program Files\dotnet\sdk\10.0.201\Microsoft.Common.CurrentVersion.targets(2451,5): warning MSB3277:             C:\Users\ultra\.nuget\packages\taskschedulereditor\2.10.1\lib\net452\Microsoft.Win32.TaskSchedulerEditor.dll [C:\Users\ultra\warewolf\Dev\Dev2.Studio.Core.Tests\Dev2.Studio.Core.Tests.csproj]
C:\Program Files\dotnet\sdk\10.0.201\Microsoft.Common.CurrentVersion.targets(2451,5): warning MSB3277:         C:\Program Files\dotnet\packs\Microsoft.NETCore.App.Ref\8.0.25\ref\net8.0\System.dll [C:\Users\ultra\warewolf\Dev\Dev2.Studio.Core.Tests\Dev2.Studio.Core.Tests.csproj]
C:\Program Files\dotnet\sdk\10.0.201\Microsoft.Common.CurrentVersion.targets(2451,5): warning MSB3277:           Project file item includes which caused reference "C:\Program Files\dotnet\packs\Microsoft.NETCore.App.Ref\8.0.25\ref\net8.0\System.dll". [C:\Users\ultra\warewolf\Dev\Dev2.Studio.Core.Tests\Dev2.Studio.Core.Tests.csproj]
C:\Program Files\dotnet\sdk\10.0.201\Microsoft.Common.CurrentVersion.targets(2451,5): warning MSB3277:             C:\Program Files\dotnet\packs\Microsoft.NETCore.App.Ref\8.0.25\ref/net8.0/System.dll [C:\Users\ultra\warewolf\Dev\Dev2.Studio.Core.Tests\Dev2.Studio.Core.Tests.csproj]
C:\Program Files\dotnet\sdk\10.0.201\Microsoft.Common.CurrentVersion.targets(2451,5): warning MSB3277:             C:\Users\ultra\.nuget\packages\aerowizard\2.3.1\lib\net45\AeroWizard.dll [C:\Users\ultra\warewolf\Dev\Dev2.Studio.Core.Tests\Dev2.Studio.Core.Tests.csproj]
C:\Program Files\dotnet\sdk\10.0.201\Microsoft.Common.CurrentVersion.targets(2451,5): warning MSB3277:             C:\Users\ultra\.nuget\packages\avalonedit\6.3.0.90\lib\net462\ICSharpCode.AvalonEdit.dll [C:\Users\ultra\warewolf\Dev\Dev2.Studio.Core.Tests\Dev2.Studio.Core.Tests.csproj]
C:\Program Files\dotnet\sdk\10.0.201\Microsoft.Common.CurrentVersion.targets(2451,5): warning MSB3277:             C:\Users\ultra\.nuget\packages\fontawesome.wpf\4.7.0.9\lib\net40\FontAwesome.WPF.dll [C:\Users\ultra\warewolf\Dev\Dev2.Studio.Core.Tests\Dev2.Studio.Core.Tests.csproj]
C:\Program Files\dotnet\sdk\10.0.201\Microsoft.Common.CurrentVersion.targets(2451,5): warning MSB3277:             C:\Users\ultra\.nuget\packages\groupcontrols\1.9.0\lib\net45\GroupControls.dll [C:\Users\ultra\warewolf\Dev\Dev2.Studio.Core.Tests\Dev2.Studio.Core.Tests.csproj]
C:\Program Files\dotnet\sdk\10.0.201\Microsoft.Common.CurrentVersion.targets(2451,5): warning MSB3277:             C:\Users\ultra\.nuget\packages\log4net.async\2.0.4\lib\net40\Log4Net.Async.dll [C:\Users\ultra\warewolf\Dev\Dev2.Studio.Core.Tests\Dev2.Studio.Core.Tests.csproj]
C:\Program Files\dotnet\sdk\10.0.201\Microsoft.Common.CurrentVersion.targets(2451,5): warning MSB3277:             C:\Users\ultra\.nuget\packages\microsoft.xaml.behaviors.wpf\1.1.122\lib\net462\Microsoft.Xaml.Behaviors.dll [C:\Users\ultra\warewolf\Dev\Dev2.Studio.Core.Tests\Dev2.Studio.Core.Tests.csproj]
C:\Program Files\dotnet\sdk\10.0.201\Microsoft.Common.CurrentVersion.targets(2451,5): warning MSB3277:             C:\Users\ultra\.nuget\packages\caliburn.micro\4.0.212\lib\netcoreapp3.1\Caliburn.Micro.Platform.dll [C:\Users\ultra\warewolf\Dev\Dev2.Studio.Core.Tests\Dev2.Studio.Core.Tests.csproj]
C:\Program Files\dotnet\sdk\10.0.201\Microsoft.Common.CurrentVersion.targets(2451,5): warning MSB3277:             C:\Users\ultra\.nuget\packages\prism.composition\5.0.0\lib\NET45\Microsoft.Practices.Prism.Composition.dll [C:\Users\ultra\warewolf\Dev\Dev2.Studio.Core.Tests\Dev2.Studio.Core.Tests.csproj]
C:\Program Files\dotnet\sdk\10.0.201\Microsoft.Common.CurrentVersion.targets(2451,5): warning MSB3277:             C:\Users\ultra\.nuget\packages\prism.interactivity\5.0.0\lib\NET45\Microsoft.Practices.Prism.Interactivity.dll [C:\Users\ultra\warewolf\Dev\Dev2.Studio.Core.Tests\Dev2.Studio.Core.Tests.csproj]
C:\Program Files\dotnet\sdk\10.0.201\Microsoft.Common.CurrentVersion.targets(2451,5): warning MSB3277:             C:\Users\ultra\.nuget\packages\prism.mvvm\1.0.0\lib\net45\Microsoft.Practices.Prism.Mvvm.Desktop.dll [C:\Users\ultra\warewolf\Dev\Dev2.Studio.Core.Tests\Dev2.Studio.Core.Tests.csproj]
C:\Program Files\dotnet\sdk\10.0.201\Microsoft.Common.CurrentVersion.targets(2451,5): warning MSB3277:             C:\Users\ultra\.nuget\packages\prism.unityextensions\5.0.1\lib\NET45\Microsoft.Practices.Prism.UnityExtensions.dll [C:\Users\ultra\warewolf\Dev\Dev2.Studio.Core.Tests\Dev2.Studio.Core.Tests.csproj]
C:\Program Files\dotnet\sdk\10.0.201\Microsoft.Common.CurrentVersion.targets(2451,5): warning MSB3277:             C:\Users\ultra\.nuget\packages\prism.wpf\9.0.537\lib\net462\Prism.Wpf.dll [C:\Users\ultra\warewolf\Dev\Dev2.Studio.Core.Tests\Dev2.Studio.Core.Tests.csproj]
C:\Program Files\dotnet\sdk\10.0.201\Microsoft.Common.CurrentVersion.targets(2451,5): warning MSB3277:             C:\Users\ultra\.nuget\packages\reactiveui.wpf\18.4.1\lib\net462\ReactiveUI.Wpf.dll [C:\Users\ultra\warewolf\Dev\Dev2.Studio.Core.Tests\Dev2.Studio.Core.Tests.csproj]
C:\Program Files\dotnet\sdk\10.0.201\Microsoft.Common.CurrentVersion.targets(2451,5): warning MSB3277:             C:\Users\ultra\.nuget\packages\taskschedulereditor\2.10.1\lib\net452\Microsoft.Win32.TaskSchedulerEditor.dll [C:\Users\ultra\warewolf\Dev\Dev2.Studio.Core.Tests\Dev2.Studio.Core.Tests.csproj]
C:\Program Files\dotnet\sdk\10.0.201\Microsoft.Common.CurrentVersion.targets(2451,5): warning MSB3277:             C:\Users\ultra\.nuget\packages\ttcue.netcore.sharepointonline.csom.16.1.8029.1200\16.1.8029.1200\lib\netcoreapp2.0\Microsoft.SharePoint.Client.Runtime.Windows.dll [C:\Users\ultra\warewolf\Dev\Dev2.Studio.Core.Tests\Dev2.Studio.Core.Tests.csproj]
C:\Program Files\dotnet\sdk\10.0.201\Microsoft.Common.CurrentVersion.targets(2451,5): warning MSB3277:         C:\Users\ultra\warewolf\Dev\Binaries\Infragistcs_Net6\InfragisticsWPF4.Editors.v15.1.dll [C:\Users\ultra\warewolf\Dev\Dev2.Studio.Core.Tests\Dev2.Studio.Core.Tests.csproj]
C:\Program Files\dotnet\sdk\10.0.201\Microsoft.Common.CurrentVersion.targets(2451,5): warning MSB3277:           Project file item includes which caused reference "C:\Users\ultra\warewolf\Dev\Binaries\Infragistcs_Net6\InfragisticsWPF4.Editors.v15.1.dll". [C:\Users\ultra\warewolf\Dev\Dev2.Studio.Core.Tests\Dev2.Studio.Core.Tests.csproj]
C:\Program Files\dotnet\sdk\10.0.201\Microsoft.Common.CurrentVersion.targets(2451,5): warning MSB3277:             InfragisticsWPF4.DataPresenter.v15.1 [C:\Users\ultra\warewolf\Dev\Dev2.Studio.Core.Tests\Dev2.Studio.Core.Tests.csproj]
C:\Program Files\dotnet\sdk\10.0.201\Microsoft.Common.CurrentVersion.targets(2451,5): warning MSB3277: Found conflicts between different versions of "WindowsBase" that could not be resolved. [C:\Users\ultra\warewolf\Dev\Dev2.Studio.Core.Tests\Dev2.Studio.Core.Tests.csproj]
C:\Program Files\dotnet\sdk\10.0.201\Microsoft.Common.CurrentVersion.targets(2451,5): warning MSB3277: There was a conflict between "WindowsBase, Version=4.0.0.0, Culture=neutral, PublicKeyToken=31bf3856ad364e35" and "WindowsBase, Version=6.0.2.0, Culture=neutral, PublicKeyToken=31bf3856ad364e35". [C:\Users\ultra\warewolf\Dev\Dev2.Studio.Core.Tests\Dev2.Studio.Core.Tests.csproj]
C:\Program Files\dotnet\sdk\10.0.201\Microsoft.Common.CurrentVersion.targets(2451,5): warning MSB3277:     "WindowsBase, Version=4.0.0.0, Culture=neutral, PublicKeyToken=31bf3856ad364e35" was chosen because it was primary and "WindowsBase, Version=6.0.2.0, Culture=neutral, PublicKeyToken=31bf3856ad364e35" was not. [C:\Users\ultra\warewolf\Dev\Dev2.Studio.Core.Tests\Dev2.Studio.Core.Tests.csproj]
C:\Program Files\dotnet\sdk\10.0.201\Microsoft.Common.CurrentVersion.targets(2451,5): warning MSB3277:     References which depend on "WindowsBase, Version=4.0.0.0, Culture=neutral, PublicKeyToken=31bf3856ad364e35" [C:\Program Files\dotnet\packs\Microsoft.NETCore.App.Ref\8.0.25\ref\net8.0\WindowsBase.dll]. [C:\Users\ultra\warewolf\Dev\Dev2.Studio.Core.Tests\Dev2.Studio.Core.Tests.csproj]
C:\Program Files\dotnet\sdk\10.0.201\Microsoft.Common.CurrentVersion.targets(2451,5): warning MSB3277:         C:\Program Files\dotnet\packs\Microsoft.NETCore.App.Ref\8.0.25\ref\net8.0\WindowsBase.dll [C:\Users\ultra\warewolf\Dev\Dev2.Studio.Core.Tests\Dev2.Studio.Core.Tests.csproj]
C:\Program Files\dotnet\sdk\10.0.201\Microsoft.Common.CurrentVersion.targets(2451,5): warning MSB3277:           Project file item includes which caused reference "C:\Program Files\dotnet\packs\Microsoft.NETCore.App.Ref\8.0.25\ref\net8.0\WindowsBase.dll". [C:\Users\ultra\warewolf\Dev\Dev2.Studio.Core.Tests\Dev2.Studio.Core.Tests.csproj]
C:\Program Files\dotnet\sdk\10.0.201\Microsoft.Common.CurrentVersion.targets(2451,5): warning MSB3277:             C:\Program Files\dotnet\packs\Microsoft.NETCore.App.Ref\8.0.25\ref/net8.0/WindowsBase.dll [C:\Users\ultra\warewolf\Dev\Dev2.Studio.Core.Tests\Dev2.Studio.Core.Tests.csproj]
C:\Program Files\dotnet\sdk\10.0.201\Microsoft.Common.CurrentVersion.targets(2451,5): warning MSB3277:     References which depend on or have been unified to "WindowsBase, Version=6.0.2.0, Culture=neutral, PublicKeyToken=31bf3856ad364e35" []. [C:\Users\ultra\warewolf\Dev\Dev2.Studio.Core.Tests\Dev2.Studio.Core.Tests.csproj]
C:\Program Files\dotnet\sdk\10.0.201\Microsoft.Common.CurrentVersion.targets(2451,5): warning MSB3277:         C:\Users\ultra\warewolf\Dev\Binaries\Infragistcs_Net6\InfragisticsWPF4.Controls.Interactions.XamDialogWindow.v15.1.dll [C:\Users\ultra\warewolf\Dev\Dev2.Studio.Core.Tests\Dev2.Studio.Core.Tests.csproj]
C:\Program Files\dotnet\sdk\10.0.201\Microsoft.Common.CurrentVersion.targets(2451,5): warning MSB3277:           Project file item includes which caused reference "C:\Users\ultra\warewolf\Dev\Binaries\Infragistcs_Net6\InfragisticsWPF4.Controls.Interactions.XamDialogWindow.v15.1.dll". [C:\Users\ultra\warewolf\Dev\Dev2.Studio.Core.Tests\Dev2.Studio.Core.Tests.csproj]
C:\Program Files\dotnet\sdk\10.0.201\Microsoft.Common.CurrentVersion.targets(2451,5): warning MSB3277:             InfragisticsWPF4.Controls.Interactions.XamDialogWindow.v15.1 [C:\Users\ultra\warewolf\Dev\Dev2.Studio.Core.Tests\Dev2.Studio.Core.Tests.csproj]
C:\Program Files\dotnet\sdk\10.0.201\Microsoft.Common.CurrentVersion.targets(2451,5): warning MSB3277:         C:\Users\ultra\warewolf\Dev\Binaries\Infragistcs_Net6\InfragisticsWPF4.DockManager.v15.1.dll [C:\Users\ultra\warewolf\Dev\Dev2.Studio.Core.Tests\Dev2.Studio.Core.Tests.csproj]
C:\Program Files\dotnet\sdk\10.0.201\Microsoft.Common.CurrentVersion.targets(2451,5): warning MSB3277:           Project file item includes which caused reference "C:\Users\ultra\warewolf\Dev\Binaries\Infragistcs_Net6\InfragisticsWPF4.DockManager.v15.1.dll". [C:\Users\ultra\warewolf\Dev\Dev2.Studio.Core.Tests\Dev2.Studio.Core.Tests.csproj]
C:\Program Files\dotnet\sdk\10.0.201\Microsoft.Common.CurrentVersion.targets(2451,5): warning MSB3277:             InfragisticsWPF4.DockManager.v15.1, Version=15.1.20151.2055, Culture=neutral, PublicKeyToken=7dd5c3163f2cd0cb, processorArchitecture=MSIL [C:\Users\ultra\warewolf\Dev\Dev2.Studio.Core.Tests\Dev2.Studio.Core.Tests.csproj]
C:\Program Files\dotnet\sdk\10.0.201\Microsoft.Common.CurrentVersion.targets(2451,5): warning MSB3277:         C:\Users\ultra\warewolf\Dev\Binaries\Infragistcs_Net6\InfragisticsWPF4.v15.1.dll [C:\Users\ultra\warewolf\Dev\Dev2.Studio.Core.Tests\Dev2.Studio.Core.Tests.csproj]
C:\Program Files\dotnet\sdk\10.0.201\Microsoft.Common.CurrentVersion.targets(2451,5): warning MSB3277:           Project file item includes which caused reference "C:\Users\ultra\warewolf\Dev\Binaries\Infragistcs_Net6\InfragisticsWPF4.v15.1.dll". [C:\Users\ultra\warewolf\Dev\Dev2.Studio.Core.Tests\Dev2.Studio.Core.Tests.csproj]
C:\Program Files\dotnet\sdk\10.0.201\Microsoft.Common.CurrentVersion.targets(2451,5): warning MSB3277:             InfragisticsWPF4.v15.1, Version=15.1.20151.2055, Culture=neutral, PublicKeyToken=7dd5c3163f2cd0cb, processorArchitecture=MSIL [C:\Users\ultra\warewolf\Dev\Dev2.Studio.Core.Tests\Dev2.Studio.Core.Tests.csproj]
C:\Program Files\dotnet\sdk\10.0.201\Microsoft.Common.CurrentVersion.targets(2451,5): warning MSB3277:             InfragisticsWPF4.Controls.Interactions.XamDialogWindow.v15.1 [C:\Users\ultra\warewolf\Dev\Dev2.Studio.Core.Tests\Dev2.Studio.Core.Tests.csproj]
C:\Program Files\dotnet\sdk\10.0.201\Microsoft.Common.CurrentVersion.targets(2451,5): warning MSB3277:             InfragisticsWPF4.DockManager.v15.1, Version=15.1.20151.2055, Culture=neutral, PublicKeyToken=7dd5c3163f2cd0cb, processorArchitecture=MSIL [C:\Users\ultra\warewolf\Dev\Dev2.Studio.Core.Tests\Dev2.Studio.Core.Tests.csproj]
C:\Program Files\dotnet\sdk\10.0.201\Microsoft.Common.CurrentVersion.targets(2451,5): warning MSB3277:             InfragisticsWPF4.DataPresenter.v15.1 [C:\Users\ultra\warewolf\Dev\Dev2.Studio.Core.Tests\Dev2.Studio.Core.Tests.csproj]
C:\Program Files\dotnet\sdk\10.0.201\Microsoft.Common.CurrentVersion.targets(2451,5): warning MSB3277:         C:\Users\ultra\warewolf\Dev\Binaries\Infragistcs_Net6\InfragisticsWPF4.DataPresenter.v15.1.dll [C:\Users\ultra\warewolf\Dev\Dev2.Studio.Core.Tests\Dev2.Studio.Core.Tests.csproj]
C:\Program Files\dotnet\sdk\10.0.201\Microsoft.Common.CurrentVersion.targets(2451,5): warning MSB3277:           Project file item includes which caused reference "C:\Users\ultra\warewolf\Dev\Binaries\Infragistcs_Net6\InfragisticsWPF4.DataPresenter.v15.1.dll". [C:\Users\ultra\warewolf\Dev\Dev2.Studio.Core.Tests\Dev2.Studio.Core.Tests.csproj]
C:\Program Files\dotnet\sdk\10.0.201\Microsoft.Common.CurrentVersion.targets(2451,5): warning MSB3277:             InfragisticsWPF4.DataPresenter.v15.1 [C:\Users\ultra\warewolf\Dev\Dev2.Studio.Core.Tests\Dev2.Studio.Core.Tests.csproj]
C:\Program Files\dotnet\sdk\10.0.201\Microsoft.Common.CurrentVersion.targets(2451,5): warning MSB3277:         C:\Users\ultra\.nuget\packages\avalonedit\6.3.0.90\lib\net462\ICSharpCode.AvalonEdit.dll [C:\Users\ultra\warewolf\Dev\Dev2.Studio.Core.Tests\Dev2.Studio.Core.Tests.csproj]
C:\Program Files\dotnet\sdk\10.0.201\Microsoft.Common.CurrentVersion.targets(2451,5): warning MSB3277:           Project file item includes which caused reference "C:\Users\ultra\.nuget\packages\avalonedit\6.3.0.90\lib\net462\ICSharpCode.AvalonEdit.dll". [C:\Users\ultra\warewolf\Dev\Dev2.Studio.Core.Tests\Dev2.Studio.Core.Tests.csproj]
C:\Program Files\dotnet\sdk\10.0.201\Microsoft.Common.CurrentVersion.targets(2451,5): warning MSB3277:             C:\Users\ultra\.nuget\packages\avalonedit\6.3.0.90\lib\net462\ICSharpCode.AvalonEdit.dll [C:\Users\ultra\warewolf\Dev\Dev2.Studio.Core.Tests\Dev2.Studio.Core.Tests.csproj]
C:\Program Files\dotnet\sdk\10.0.201\Microsoft.Common.CurrentVersion.targets(2451,5): warning MSB3277:         C:\Users\ultra\.nuget\packages\caliburn.micro\4.0.212\lib\netcoreapp3.1\Caliburn.Micro.Platform.dll [C:\Users\ultra\warewolf\Dev\Dev2.Studio.Core.Tests\Dev2.Studio.Core.Tests.csproj]
C:\Program Files\dotnet\sdk\10.0.201\Microsoft.Common.CurrentVersion.targets(2451,5): warning MSB3277:           Project file item includes which caused reference "C:\Users\ultra\.nuget\packages\caliburn.micro\4.0.212\lib\netcoreapp3.1\Caliburn.Micro.Platform.dll". [C:\Users\ultra\warewolf\Dev\Dev2.Studio.Core.Tests\Dev2.Studio.Core.Tests.csproj]
C:\Program Files\dotnet\sdk\10.0.201\Microsoft.Common.CurrentVersion.targets(2451,5): warning MSB3277:             C:\Users\ultra\.nuget\packages\caliburn.micro\4.0.212\lib\netcoreapp3.1\Caliburn.Micro.Platform.dll [C:\Users\ultra\warewolf\Dev\Dev2.Studio.Core.Tests\Dev2.Studio.Core.Tests.csproj]
C:\Program Files\dotnet\sdk\10.0.201\Microsoft.Common.CurrentVersion.targets(2451,5): warning MSB3277:         C:\Users\ultra\.nuget\packages\extended.wpf.toolkit\4.4.0\lib\net5.0\Xceed.Wpf.AvalonDock.NET5.dll [C:\Users\ultra\warewolf\Dev\Dev2.Studio.Core.Tests\Dev2.Studio.Core.Tests.csproj]
C:\Program Files\dotnet\sdk\10.0.201\Microsoft.Common.CurrentVersion.targets(2451,5): warning MSB3277:           Project file item includes which caused reference "C:\Users\ultra\.nuget\packages\extended.wpf.toolkit\4.4.0\lib\net5.0\Xceed.Wpf.AvalonDock.NET5.dll". [C:\Users\ultra\warewolf\Dev\Dev2.Studio.Core.Tests\Dev2.Studio.Core.Tests.csproj]
C:\Program Files\dotnet\sdk\10.0.201\Microsoft.Common.CurrentVersion.targets(2451,5): warning MSB3277:             C:\Users\ultra\.nuget\packages\extended.wpf.toolkit\4.4.0\lib\net5.0\Xceed.Wpf.AvalonDock.NET5.dll [C:\Users\ultra\warewolf\Dev\Dev2.Studio.Core.Tests\Dev2.Studio.Core.Tests.csproj]
C:\Program Files\dotnet\sdk\10.0.201\Microsoft.Common.CurrentVersion.targets(2451,5): warning MSB3277:             C:\Users\ultra\.nuget\packages\extended.wpf.toolkit\4.4.0\lib\net5.0\Xceed.Wpf.AvalonDock.Themes.Aero.NET5.dll [C:\Users\ultra\warewolf\Dev\Dev2.Studio.Core.Tests\Dev2.Studio.Core.Tests.csproj]
C:\Program Files\dotnet\sdk\10.0.201\Microsoft.Common.CurrentVersion.targets(2451,5): warning MSB3277:             C:\Users\ultra\.nuget\packages\extended.wpf.toolkit\4.4.0\lib\net5.0\Xceed.Wpf.AvalonDock.Themes.Metro.NET5.dll [C:\Users\ultra\warewolf\Dev\Dev2.Studio.Core.Tests\Dev2.Studio.Core.Tests.csproj]
C:\Program Files\dotnet\sdk\10.0.201\Microsoft.Common.CurrentVersion.targets(2451,5): warning MSB3277:             C:\Users\ultra\.nuget\packages\extended.wpf.toolkit\4.4.0\lib\net5.0\Xceed.Wpf.AvalonDock.Themes.VS2010.NET5.dll [C:\Users\ultra\warewolf\Dev\Dev2.Studio.Core.Tests\Dev2.Studio.Core.Tests.csproj]
C:\Program Files\dotnet\sdk\10.0.201\Microsoft.Common.CurrentVersion.targets(2451,5): warning MSB3277:         C:\Users\ultra\.nuget\packages\extended.wpf.toolkit\4.4.0\lib\net5.0\Xceed.Wpf.AvalonDock.Themes.Aero.NET5.dll [C:\Users\ultra\warewolf\Dev\Dev2.Studio.Core.Tests\Dev2.Studio.Core.Tests.csproj]
C:\Program Files\dotnet\sdk\10.0.201\Microsoft.Common.CurrentVersion.targets(2451,5): warning MSB3277:           Project file item includes which caused reference "C:\Users\ultra\.nuget\packages\extended.wpf.toolkit\4.4.0\lib\net5.0\Xceed.Wpf.AvalonDock.Themes.Aero.NET5.dll". [C:\Users\ultra\warewolf\Dev\Dev2.Studio.Core.Tests\Dev2.Studio.Core.Tests.csproj]
C:\Program Files\dotnet\sdk\10.0.201\Microsoft.Common.CurrentVersion.targets(2451,5): warning MSB3277:             C:\Users\ultra\.nuget\packages\extended.wpf.toolkit\4.4.0\lib\net5.0\Xceed.Wpf.AvalonDock.Themes.Aero.NET5.dll [C:\Users\ultra\warewolf\Dev\Dev2.Studio.Core.Tests\Dev2.Studio.Core.Tests.csproj]
C:\Program Files\dotnet\sdk\10.0.201\Microsoft.Common.CurrentVersion.targets(2451,5): warning MSB3277:         C:\Users\ultra\.nuget\packages\extended.wpf.toolkit\4.4.0\lib\net5.0\Xceed.Wpf.Toolkit.NET5.dll [C:\Users\ultra\warewolf\Dev\Dev2.Studio.Core.Tests\Dev2.Studio.Core.Tests.csproj]
C:\Program Files\dotnet\sdk\10.0.201\Microsoft.Common.CurrentVersion.targets(2451,5): warning MSB3277:           Project file item includes which caused reference "C:\Users\ultra\.nuget\packages\extended.wpf.toolkit\4.4.0\lib\net5.0\Xceed.Wpf.Toolkit.NET5.dll". [C:\Users\ultra\warewolf\Dev\Dev2.Studio.Core.Tests\Dev2.Studio.Core.Tests.csproj]
C:\Program Files\dotnet\sdk\10.0.201\Microsoft.Common.CurrentVersion.targets(2451,5): warning MSB3277:             C:\Users\ultra\.nuget\packages\extended.wpf.toolkit\4.4.0\lib\net5.0\Xceed.Wpf.Toolkit.NET5.dll [C:\Users\ultra\warewolf\Dev\Dev2.Studio.Core.Tests\Dev2.Studio.Core.Tests.csproj]
C:\Program Files\dotnet\sdk\10.0.201\Microsoft.Common.CurrentVersion.targets(2451,5): warning MSB3277:         C:\Users\ultra\.nuget\packages\fontawesome.wpf\4.7.0.9\lib\net40\FontAwesome.WPF.dll [C:\Users\ultra\warewolf\Dev\Dev2.Studio.Core.Tests\Dev2.Studio.Core.Tests.csproj]
C:\Program Files\dotnet\sdk\10.0.201\Microsoft.Common.CurrentVersion.targets(2451,5): warning MSB3277:           Project file item includes which caused reference "C:\Users\ultra\.nuget\packages\fontawesome.wpf\4.7.0.9\lib\net40\FontAwesome.WPF.dll". [C:\Users\ultra\warewolf\Dev\Dev2.Studio.Core.Tests\Dev2.Studio.Core.Tests.csproj]
C:\Program Files\dotnet\sdk\10.0.201\Microsoft.Common.CurrentVersion.targets(2451,5): warning MSB3277:             C:\Users\ultra\.nuget\packages\fontawesome.wpf\4.7.0.9\lib\net40\FontAwesome.WPF.dll [C:\Users\ultra\warewolf\Dev\Dev2.Studio.Core.Tests\Dev2.Studio.Core.Tests.csproj]
C:\Program Files\dotnet\sdk\10.0.201\Microsoft.Common.CurrentVersion.targets(2451,5): warning MSB3277:         C:\Users\ultra\.nuget\packages\ironpython\3.4.0\lib\net6.0\IronPython.Wpf.dll [C:\Users\ultra\warewolf\Dev\Dev2.Studio.Core.Tests\Dev2.Studio.Core.Tests.csproj]
C:\Program Files\dotnet\sdk\10.0.201\Microsoft.Common.CurrentVersion.targets(2451,5): warning MSB3277:           Project file item includes which caused reference "C:\Users\ultra\.nuget\packages\ironpython\3.4.0\lib\net6.0\IronPython.Wpf.dll". [C:\Users\ultra\warewolf\Dev\Dev2.Studio.Core.Tests\Dev2.Studio.Core.Tests.csproj]
C:\Program Files\dotnet\sdk\10.0.201\Microsoft.Common.CurrentVersion.targets(2451,5): warning MSB3277:             C:\Users\ultra\.nuget\packages\ironpython\3.4.0\lib\net6.0\IronPython.Wpf.dll [C:\Users\ultra\warewolf\Dev\Dev2.Studio.Core.Tests\Dev2.Studio.Core.Tests.csproj]
C:\Program Files\dotnet\sdk\10.0.201\Microsoft.Common.CurrentVersion.targets(2451,5): warning MSB3277:         C:\Users\ultra\.nuget\packages\microsoft.xaml.behaviors.wpf\1.1.122\lib\net462\Microsoft.Xaml.Behaviors.dll [C:\Users\ultra\warewolf\Dev\Dev2.Studio.Core.Tests\Dev2.Studio.Core.Tests.csproj]
C:\Program Files\dotnet\sdk\10.0.201\Microsoft.Common.CurrentVersion.targets(2451,5): warning MSB3277:           Project file item includes which caused reference "C:\Users\ultra\.nuget\packages\microsoft.xaml.behaviors.wpf\1.1.122\lib\net462\Microsoft.Xaml.Behaviors.dll". [C:\Users\ultra\warewolf\Dev\Dev2.Studio.Core.Tests\Dev2.Studio.Core.Tests.csproj]
C:\Program Files\dotnet\sdk\10.0.201\Microsoft.Common.CurrentVersion.targets(2451,5): warning MSB3277:             C:\Users\ultra\.nuget\packages\microsoft.xaml.behaviors.wpf\1.1.122\lib\net462\Microsoft.Xaml.Behaviors.dll [C:\Users\ultra\warewolf\Dev\Dev2.Studio.Core.Tests\Dev2.Studio.Core.Tests.csproj]
C:\Program Files\dotnet\sdk\10.0.201\Microsoft.Common.CurrentVersion.targets(2451,5): warning MSB3277:             C:\Users\ultra\.nuget\packages\caliburn.micro\4.0.212\lib\netcoreapp3.1\Caliburn.Micro.Platform.dll [C:\Users\ultra\warewolf\Dev\Dev2.Studio.Core.Tests\Dev2.Studio.Core.Tests.csproj]
C:\Program Files\dotnet\sdk\10.0.201\Microsoft.Common.CurrentVersion.targets(2451,5): warning MSB3277:             C:\Users\ultra\.nuget\packages\prism.wpf\9.0.537\lib\net462\Prism.Wpf.dll [C:\Users\ultra\warewolf\Dev\Dev2.Studio.Core.Tests\Dev2.Studio.Core.Tests.csproj]
C:\Program Files\dotnet\sdk\10.0.201\Microsoft.Common.CurrentVersion.targets(2451,5): warning MSB3277:         C:\Users\ultra\.nuget\packages\prism.composition\5.0.0\lib\NET45\Microsoft.Practices.Prism.Composition.dll [C:\Users\ultra\warewolf\Dev\Dev2.Studio.Core.Tests\Dev2.Studio.Core.Tests.csproj]
C:\Program Files\dotnet\sdk\10.0.201\Microsoft.Common.CurrentVersion.targets(2451,5): warning MSB3277:           Project file item includes which caused reference "C:\Users\ultra\.nuget\packages\prism.composition\5.0.0\lib\NET45\Microsoft.Practices.Prism.Composition.dll". [C:\Users\ultra\warewolf\Dev\Dev2.Studio.Core.Tests\Dev2.Studio.Core.Tests.csproj]
C:\Program Files\dotnet\sdk\10.0.201\Microsoft.Common.CurrentVersion.targets(2451,5): warning MSB3277:             C:\Users\ultra\.nuget\packages\prism.composition\5.0.0\lib\NET45\Microsoft.Practices.Prism.Composition.dll [C:\Users\ultra\warewolf\Dev\Dev2.Studio.Core.Tests\Dev2.Studio.Core.Tests.csproj]
C:\Program Files\dotnet\sdk\10.0.201\Microsoft.Common.CurrentVersion.targets(2451,5): warning MSB3277:             C:\Users\ultra\.nuget\packages\prism.unityextensions\5.0.1\lib\NET45\Microsoft.Practices.Prism.UnityExtensions.dll [C:\Users\ultra\warewolf\Dev\Dev2.Studio.Core.Tests\Dev2.Studio.Core.Tests.csproj]
C:\Program Files\dotnet\sdk\10.0.201\Microsoft.Common.CurrentVersion.targets(2451,5): warning MSB3277:         C:\Users\ultra\.nuget\packages\prism.interactivity\5.0.0\lib\NET45\Microsoft.Practices.Prism.Interactivity.dll [C:\Users\ultra\warewolf\Dev\Dev2.Studio.Core.Tests\Dev2.Studio.Core.Tests.csproj]
C:\Program Files\dotnet\sdk\10.0.201\Microsoft.Common.CurrentVersion.targets(2451,5): warning MSB3277:           Project file item includes which caused reference "C:\Users\ultra\.nuget\packages\prism.interactivity\5.0.0\lib\NET45\Microsoft.Practices.Prism.Interactivity.dll". [C:\Users\ultra\warewolf\Dev\Dev2.Studio.Core.Tests\Dev2.Studio.Core.Tests.csproj]
C:\Program Files\dotnet\sdk\10.0.201\Microsoft.Common.CurrentVersion.targets(2451,5): warning MSB3277:             C:\Users\ultra\.nuget\packages\prism.interactivity\5.0.0\lib\NET45\Microsoft.Practices.Prism.Interactivity.dll [C:\Users\ultra\warewolf\Dev\Dev2.Studio.Core.Tests\Dev2.Studio.Core.Tests.csproj]
C:\Program Files\dotnet\sdk\10.0.201\Microsoft.Common.CurrentVersion.targets(2451,5): warning MSB3277:         C:\Users\ultra\.nuget\packages\prism.mvvm\1.0.0\lib\net45\Microsoft.Practices.Prism.Mvvm.Desktop.dll [C:\Users\ultra\warewolf\Dev\Dev2.Studio.Core.Tests\Dev2.Studio.Core.Tests.csproj]
C:\Program Files\dotnet\sdk\10.0.201\Microsoft.Common.CurrentVersion.targets(2451,5): warning MSB3277:           Project file item includes which caused reference "C:\Users\ultra\.nuget\packages\prism.mvvm\1.0.0\lib\net45\Microsoft.Practices.Prism.Mvvm.Desktop.dll". [C:\Users\ultra\warewolf\Dev\Dev2.Studio.Core.Tests\Dev2.Studio.Core.Tests.csproj]
C:\Program Files\dotnet\sdk\10.0.201\Microsoft.Common.CurrentVersion.targets(2451,5): warning MSB3277:             C:\Users\ultra\.nuget\packages\prism.mvvm\1.0.0\lib\net45\Microsoft.Practices.Prism.Mvvm.Desktop.dll [C:\Users\ultra\warewolf\Dev\Dev2.Studio.Core.Tests\Dev2.Studio.Core.Tests.csproj]
C:\Program Files\dotnet\sdk\10.0.201\Microsoft.Common.CurrentVersion.targets(2451,5): warning MSB3277:         C:\Users\ultra\.nuget\packages\prism.unityextensions\5.0.1\lib\NET45\Microsoft.Practices.Prism.UnityExtensions.dll [C:\Users\ultra\warewolf\Dev\Dev2.Studio.Core.Tests\Dev2.Studio.Core.Tests.csproj]
C:\Program Files\dotnet\sdk\10.0.201\Microsoft.Common.CurrentVersion.targets(2451,5): warning MSB3277:           Project file item includes which caused reference "C:\Users\ultra\.nuget\packages\prism.unityextensions\5.0.1\lib\NET45\Microsoft.Practices.Prism.UnityExtensions.dll". [C:\Users\ultra\warewolf\Dev\Dev2.Studio.Core.Tests\Dev2.Studio.Core.Tests.csproj]
C:\Program Files\dotnet\sdk\10.0.201\Microsoft.Common.CurrentVersion.targets(2451,5): warning MSB3277:             C:\Users\ultra\.nuget\packages\prism.unityextensions\5.0.1\lib\NET45\Microsoft.Practices.Prism.UnityExtensions.dll [C:\Users\ultra\warewolf\Dev\Dev2.Studio.Core.Tests\Dev2.Studio.Core.Tests.csproj]
C:\Program Files\dotnet\sdk\10.0.201\Microsoft.Common.CurrentVersion.targets(2451,5): warning MSB3277:         C:\Users\ultra\.nuget\packages\prism.wpf\9.0.537\lib\net462\Prism.Wpf.dll [C:\Users\ultra\warewolf\Dev\Dev2.Studio.Core.Tests\Dev2.Studio.Core.Tests.csproj]
C:\Program Files\dotnet\sdk\10.0.201\Microsoft.Common.CurrentVersion.targets(2451,5): warning MSB3277:           Project file item includes which caused reference "C:\Users\ultra\.nuget\packages\prism.wpf\9.0.537\lib\net462\Prism.Wpf.dll". [C:\Users\ultra\warewolf\Dev\Dev2.Studio.Core.Tests\Dev2.Studio.Core.Tests.csproj]
C:\Program Files\dotnet\sdk\10.0.201\Microsoft.Common.CurrentVersion.targets(2451,5): warning MSB3277:             C:\Users\ultra\.nuget\packages\prism.wpf\9.0.537\lib\net462\Prism.Wpf.dll [C:\Users\ultra\warewolf\Dev\Dev2.Studio.Core.Tests\Dev2.Studio.Core.Tests.csproj]
C:\Program Files\dotnet\sdk\10.0.201\Microsoft.Common.CurrentVersion.targets(2451,5): warning MSB3277:         C:\Users\ultra\.nuget\packages\reactiveui.wpf\18.4.1\lib\net462\ReactiveUI.Wpf.dll [C:\Users\ultra\warewolf\Dev\Dev2.Studio.Core.Tests\Dev2.Studio.Core.Tests.csproj]
C:\Program Files\dotnet\sdk\10.0.201\Microsoft.Common.CurrentVersion.targets(2451,5): warning MSB3277:           Project file item includes which caused reference "C:\Users\ultra\.nuget\packages\reactiveui.wpf\18.4.1\lib\net462\ReactiveUI.Wpf.dll". [C:\Users\ultra\warewolf\Dev\Dev2.Studio.Core.Tests\Dev2.Studio.Core.Tests.csproj]
C:\Program Files\dotnet\sdk\10.0.201\Microsoft.Common.CurrentVersion.targets(2451,5): warning MSB3277:             C:\Users\ultra\.nuget\packages\reactiveui.wpf\18.4.1\lib\net462\ReactiveUI.Wpf.dll [C:\Users\ultra\warewolf\Dev\Dev2.Studio.Core.Tests\Dev2.Studio.Core.Tests.csproj]
C:\Program Files\dotnet\sdk\10.0.201\Microsoft.Common.CurrentVersion.targets(2451,5): warning MSB3277:         C:\Users\ultra\warewolf\Dev\Binaries\Infragistcs_Net6\InfragisticsWPF4.Editors.v15.1.dll [C:\Users\ultra\warewolf\Dev\Dev2.Studio.Core.Tests\Dev2.Studio.Core.Tests.csproj]
C:\Program Files\dotnet\sdk\10.0.201\Microsoft.Common.CurrentVersion.targets(2451,5): warning MSB3277:           Project file item includes which caused reference "C:\Users\ultra\warewolf\Dev\Binaries\Infragistcs_Net6\InfragisticsWPF4.Editors.v15.1.dll". [C:\Users\ultra\warewolf\Dev\Dev2.Studio.Core.Tests\Dev2.Studio.Core.Tests.csproj]
C:\Program Files\dotnet\sdk\10.0.201\Microsoft.Common.CurrentVersion.targets(2451,5): warning MSB3277:             InfragisticsWPF4.DataPresenter.v15.1 [C:\Users\ultra\warewolf\Dev\Dev2.Studio.Core.Tests\Dev2.Studio.Core.Tests.csproj]
C:\Program Files\dotnet\sdk\10.0.201\Microsoft.Common.CurrentVersion.targets(2451,5): warning MSB3277: Found conflicts between different versions of "System.Drawing.Common" that could not be resolved. [C:\Users\ultra\warewolf\Dev\Dev2.Studio.Core.Tests\Dev2.Studio.Core.Tests.csproj]
C:\Program Files\dotnet\sdk\10.0.201\Microsoft.Common.CurrentVersion.targets(2451,5): warning MSB3277: There was a conflict between "System.Drawing.Common, Version=6.0.0.0, Culture=neutral, PublicKeyToken=cc7b13ffcd2ddd51" and "System.Drawing.Common, Version=8.0.0.0, Culture=neutral, PublicKeyToken=cc7b13ffcd2ddd51". [C:\Users\ultra\warewolf\Dev\Dev2.Studio.Core.Tests\Dev2.Studio.Core.Tests.csproj]
C:\Program Files\dotnet\sdk\10.0.201\Microsoft.Common.CurrentVersion.targets(2451,5): warning MSB3277:     "System.Drawing.Common, Version=6.0.0.0, Culture=neutral, PublicKeyToken=cc7b13ffcd2ddd51" was chosen because it was primary and "System.Drawing.Common, Version=8.0.0.0, Culture=neutral, PublicKeyToken=cc7b13ffcd2ddd51" was not. [C:\Users\ultra\warewolf\Dev\Dev2.Studio.Core.Tests\Dev2.Studio.Core.Tests.csproj]
C:\Program Files\dotnet\sdk\10.0.201\Microsoft.Common.CurrentVersion.targets(2451,5): warning MSB3277:     References which depend on "System.Drawing.Common, Version=6.0.0.0, Culture=neutral, PublicKeyToken=cc7b13ffcd2ddd51" [C:\Users\ultra\.nuget\packages\system.drawing.common\6.0.0\lib\net6.0\System.Drawing.Common.dll]. [C:\Users\ultra\warewolf\Dev\Dev2.Studio.Core.Tests\Dev2.Studio.Core.Tests.csproj]
C:\Program Files\dotnet\sdk\10.0.201\Microsoft.Common.CurrentVersion.targets(2451,5): warning MSB3277:         C:\Users\ultra\.nuget\packages\system.drawing.common\6.0.0\lib\net6.0\System.Drawing.Common.dll [C:\Users\ultra\warewolf\Dev\Dev2.Studio.Core.Tests\Dev2.Studio.Core.Tests.csproj]
C:\Program Files\dotnet\sdk\10.0.201\Microsoft.Common.CurrentVersion.targets(2451,5): warning MSB3277:           Project file item includes which caused reference "C:\Users\ultra\.nuget\packages\system.drawing.common\6.0.0\lib\net6.0\System.Drawing.Common.dll". [C:\Users\ultra\warewolf\Dev\Dev2.Studio.Core.Tests\Dev2.Studio.Core.Tests.csproj]
C:\Program Files\dotnet\sdk\10.0.201\Microsoft.Common.CurrentVersion.targets(2451,5): warning MSB3277:             C:\Users\ultra\.nuget\packages\system.drawing.common\6.0.0\lib\net6.0\System.Drawing.Common.dll [C:\Users\ultra\warewolf\Dev\Dev2.Studio.Core.Tests\Dev2.Studio.Core.Tests.csproj]
C:\Program Files\dotnet\sdk\10.0.201\Microsoft.Common.CurrentVersion.targets(2451,5): warning MSB3277:     References which depend on or have been unified to "System.Drawing.Common, Version=8.0.0.0, Culture=neutral, PublicKeyToken=cc7b13ffcd2ddd51" []. [C:\Users\ultra\warewolf\Dev\Dev2.Studio.Core.Tests\Dev2.Studio.Core.Tests.csproj]
C:\Program Files\dotnet\sdk\10.0.201\Microsoft.Common.CurrentVersion.targets(2451,5): warning MSB3277:         C:\Users\ultra\.nuget\packages\servicestack\6.3.0\lib\net6.0\ServiceStack.dll [C:\Users\ultra\warewolf\Dev\Dev2.Studio.Core.Tests\Dev2.Studio.Core.Tests.csproj]
C:\Program Files\dotnet\sdk\10.0.201\Microsoft.Common.CurrentVersion.targets(2451,5): warning MSB3277:           Project file item includes which caused reference "C:\Users\ultra\.nuget\packages\servicestack\6.3.0\lib\net6.0\ServiceStack.dll". [C:\Users\ultra\warewolf\Dev\Dev2.Studio.Core.Tests\Dev2.Studio.Core.Tests.csproj]
C:\Program Files\dotnet\sdk\10.0.201\Microsoft.Common.CurrentVersion.targets(2451,5): warning MSB3277:             C:\Users\ultra\.nuget\packages\servicestack\6.3.0\lib\net6.0\ServiceStack.dll [C:\Users\ultra\warewolf\Dev\Dev2.Studio.Core.Tests\Dev2.Studio.Core.Tests.csproj]
C:\Program Files\dotnet\sdk\10.0.201\Microsoft.Common.CurrentVersion.targets(2451,5): warning MSB3277:         C:\Users\ultra\.nuget\packages\system.windows.extensions\8.0.0\lib\net8.0\System.Windows.Extensions.dll [C:\Users\ultra\warewolf\Dev\Dev2.Studio.Core.Tests\Dev2.Studio.Core.Tests.csproj]
C:\Program Files\dotnet\sdk\10.0.201\Microsoft.Common.CurrentVersion.targets(2451,5): warning MSB3277:           Project file item includes which caused reference "C:\Users\ultra\.nuget\packages\system.windows.extensions\8.0.0\lib\net8.0\System.Windows.Extensions.dll". [C:\Users\ultra\warewolf\Dev\Dev2.Studio.Core.Tests\Dev2.Studio.Core.Tests.csproj]
C:\Program Files\dotnet\sdk\10.0.201\Microsoft.Common.CurrentVersion.targets(2451,5): warning MSB3277:             C:\Users\ultra\.nuget\packages\system.windows.extensions\8.0.0\lib\net8.0\System.Windows.Extensions.dll [C:\Users\ultra\warewolf\Dev\Dev2.Studio.Core.Tests\Dev2.Studio.Core.Tests.csproj]
C:\Program Files\dotnet\sdk\10.0.201\Microsoft.Common.CurrentVersion.targets(2451,5): warning MSB3277:             C:\Users\ultra\.nuget\packages\extended.wpf.toolkit\4.4.0\lib\net5.0\Xceed.Wpf.Toolkit.NET5.dll [C:\Users\ultra\warewolf\Dev\Dev2.Studio.Core.Tests\Dev2.Studio.Core.Tests.csproj]
C:\Program Files\dotnet\sdk\10.0.201\Microsoft.Common.CurrentVersion.targets(2451,5): warning MSB3277:             C:\Users\ultra\.nuget\packages\system.security.permissions\8.0.0\lib\net8.0\System.Security.Permissions.dll [C:\Users\ultra\warewolf\Dev\Dev2.Studio.Core.Tests\Dev2.Studio.Core.Tests.csproj]
C:\Program Files\dotnet\sdk\10.0.201\Microsoft.Common.CurrentVersion.targets(2451,5): warning MSB3277:             C:\Users\ultra\warewolf\Dev\Dev2.Data\bin\Debug\net8.0\Dev2.Data.dll [C:\Users\ultra\warewolf\Dev\Dev2.Studio.Core.Tests\Dev2.Studio.Core.Tests.csproj]
C:\Program Files\dotnet\sdk\10.0.201\Microsoft.Common.CurrentVersion.targets(2451,5): warning MSB3277:             C:\Users\ultra\warewolf\Dev\Dev2.Diagnostics.Tests\bin\Debug\net8.0\linux-x64\Dev2.Diagnostics.Tests.dll [C:\Users\ultra\warewolf\Dev\Dev2.Studio.Core.Tests\Dev2.Studio.Core.Tests.csproj]
C:\Program Files\dotnet\sdk\10.0.201\Microsoft.Common.CurrentVersion.targets(2451,5): warning MSB3277:             C:\Users\ultra\warewolf\Dev\Dev2.Infrastructure.Tests\bin\Debug\net8.0\linux-x64\Dev2.Infrastructure.Tests.dll [C:\Users\ultra\warewolf\Dev\Dev2.Studio.Core.Tests\Dev2.Studio.Core.Tests.csproj]
C:\Program Files\dotnet\sdk\10.0.201\Microsoft.Common.CurrentVersion.targets(2451,5): warning MSB3277:             C:\Users\ultra\warewolf\Dev\Dev2.Intellisense\bin\Debug\net8.0\Dev2.Intellisense.dll [C:\Users\ultra\warewolf\Dev\Dev2.Studio.Core.Tests\Dev2.Studio.Core.Tests.csproj]
C:\Program Files\dotnet\sdk\10.0.201\Microsoft.Common.CurrentVersion.targets(2451,5): warning MSB3277:             C:\Users\ultra\warewolf\Dev\Dev2.Runtime.Services\bin\Debug\net8.0\Dev2.Runtime.Services.dll [C:\Users\ultra\warewolf\Dev\Dev2.Studio.Core.Tests\Dev2.Studio.Core.Tests.csproj]
C:\Program Files\dotnet\sdk\10.0.201\Microsoft.Common.CurrentVersion.targets(2451,5): warning MSB3277:             C:\Users\ultra\warewolf\Dev\Dev2.Runtime\bin\Debug\net8.0\Dev2.Runtime.dll [C:\Users\ultra\warewolf\Dev\Dev2.Studio.Core.Tests\Dev2.Studio.Core.Tests.csproj]
C:\Program Files\dotnet\sdk\10.0.201\Microsoft.Common.CurrentVersion.targets(2451,5): warning MSB3277:             C:\Users\ultra\warewolf\Dev\Dev2.Scheduler\bin\Debug\net8.0\Dev2.Scheduler.dll [C:\Users\ultra\warewolf\Dev\Dev2.Studio.Core.Tests\Dev2.Studio.Core.Tests.csproj]
C:\Program Files\dotnet\sdk\10.0.201\Microsoft.Common.CurrentVersion.targets(2451,5): warning MSB3277:             C:\Users\ultra\warewolf\Dev\Dev2.Studio.Core\bin\Debug\net8.0\Dev2.Studio.Core.dll [C:\Users\ultra\warewolf\Dev\Dev2.Studio.Core.Tests\Dev2.Studio.Core.Tests.csproj]
C:\Program Files\dotnet\sdk\10.0.201\Microsoft.Common.CurrentVersion.targets(2451,5): warning MSB3277:             C:\Users\ultra\warewolf\Dev\Dev2.Studio.Interfaces\bin\Debug\net8.0\Dev2.Studio.Interfaces.dll [C:\Users\ultra\warewolf\Dev\Dev2.Studio.Core.Tests\Dev2.Studio.Core.Tests.csproj]
C:\Program Files\dotnet\sdk\10.0.201\Microsoft.Common.CurrentVersion.targets(2451,5): warning MSB3277:             C:\Users\ultra\warewolf\Dev\Dev2.Studio\bin\Debug\net8.0\linux-x64\Warewolf Studio.dll [C:\Users\ultra\warewolf\Dev\Dev2.Studio.Core.Tests\Dev2.Studio.Core.Tests.csproj]
C:\Program Files\dotnet\sdk\10.0.201\Microsoft.Common.CurrentVersion.targets(2451,5): warning MSB3277:             C:\Users\ultra\warewolf\Dev\Dev2.Activities\bin\Debug\net8.0\Dev2.Activities.dll [C:\Users\ultra\warewolf\Dev\Dev2.Studio.Core.Tests\Dev2.Studio.Core.Tests.csproj]
C:\Program Files\dotnet\sdk\10.0.201\Microsoft.Common.CurrentVersion.targets(2451,5): warning MSB3277:             C:\Users\ultra\warewolf\Dev\Dev2.Core\bin\Debug\net8.0\Dev2.Core.dll [C:\Users\ultra\warewolf\Dev\Dev2.Studio.Core.Tests\Dev2.Studio.Core.Tests.csproj]
C:\Program Files\dotnet\sdk\10.0.201\Microsoft.Common.CurrentVersion.targets(2451,5): warning MSB3277:             C:\Users\ultra\warewolf\Dev\Warewolf.Core\bin\Debug\net8.0\Warewolf.Core.dll [C:\Users\ultra\warewolf\Dev\Dev2.Studio.Core.Tests\Dev2.Studio.Core.Tests.csproj]
C:\Program Files\dotnet\sdk\10.0.201\Microsoft.Common.CurrentVersion.targets(2451,5): warning MSB3277:             C:\Users\ultra\warewolf\Dev\Warewolf.MergeParser.Tests\bin\Debug\net8.0\linux-x64\Warewolf.MergeParser.Tests.dll [C:\Users\ultra\warewolf\Dev\Dev2.Studio.Core.Tests\Dev2.Studio.Core.Tests.csproj]
C:\Program Files\dotnet\sdk\10.0.201\Microsoft.Common.CurrentVersion.targets(2451,5): warning MSB3277:             C:\Users\ultra\warewolf\Dev\Warewolf.Studio.Core\bin\Debug\net8.0\Warewolf.Studio.Core.dll [C:\Users\ultra\warewolf\Dev\Dev2.Studio.Core.Tests\Dev2.Studio.Core.Tests.csproj]
C:\Program Files\dotnet\sdk\10.0.201\Microsoft.Common.CurrentVersion.targets(2451,5): warning MSB3277:             C:\Users\ultra\warewolf\Dev\Warewolf.Studio.ViewModels\bin\Debug\net8.0\Warewolf.Studio.ViewModels.dll [C:\Users\ultra\warewolf\Dev\Dev2.Studio.Core.Tests\Dev2.Studio.Core.Tests.csproj]
C:\Program Files\dotnet\sdk\10.0.201\Microsoft.Common.CurrentVersion.targets(2451,5): warning MSB3277:             C:\Users\ultra\warewolf\Dev\Warewolf.Testing\bin\Debug\net8.0\Warewolf.Testing.dll [C:\Users\ultra\warewolf\Dev\Dev2.Studio.Core.Tests\Dev2.Studio.Core.Tests.csproj]
C:\Program Files\dotnet\sdk\10.0.201\Microsoft.Common.CurrentVersion.targets(2451,5): warning MSB3277:             C:\Users\ultra\warewolf\Dev\Warewolf.Trigger.Queue\bin\Debug\net8.0\Warewolf.Trigger.Queue.dll [C:\Users\ultra\warewolf\Dev\Dev2.Studio.Core.Tests\Dev2.Studio.Core.Tests.csproj]
C:\Program Files\dotnet\sdk\10.0.201\Microsoft.Common.CurrentVersion.targets(2451,5): warning MSB3277:             C:\Users\ultra\warewolf\Dev\Warewolf.UI\bin\Debug\net8.0\Warewolf.UI.dll [C:\Users\ultra\warewolf\Dev\Dev2.Studio.Core.Tests\Dev2.Studio.Core.Tests.csproj]
C:\Program Files\dotnet\sdk\10.0.201\Microsoft.Common.CurrentVersion.targets(2451,5): warning MSB3277:             C:\Users\ultra\warewolf\Dev\Dev2.Runtime.WebServer\bin\Debug\net8.0\Dev2.Runtime.WebServer.dll [C:\Users\ultra\warewolf\Dev\Dev2.Studio.Core.Tests\Dev2.Studio.Core.Tests.csproj]
C:\Program Files\dotnet\sdk\10.0.201\Microsoft.Common.CurrentVersion.targets(2451,5): warning MSB3277:             C:\Users\ultra\warewolf\Dev\Dev2.Services.Execution\bin\Debug\net8.0\Dev2.Services.Execution.dll [C:\Users\ultra\warewolf\Dev\Dev2.Studio.Core.Tests\Dev2.Studio.Core.Tests.csproj]
C:\Program Files\dotnet\sdk\10.0.201\Microsoft.Common.CurrentVersion.targets(2451,5): warning MSB3277:             C:\Users\ultra\warewolf\Dev\Warewolf.HangfireServer\bin\Debug\net8.0\linux-x64\HangfireServer.dll [C:\Users\ultra\warewolf\Dev\Dev2.Studio.Core.Tests\Dev2.Studio.Core.Tests.csproj]
C:\Program Files\dotnet\sdk\10.0.201\Microsoft.Common.CurrentVersion.targets(2451,5): warning MSB3277:             C:\Users\ultra\warewolf\Dev\Warewolf.QueueWorker\bin\Debug\net8.0\linux-x64\QueueWorker.dll [C:\Users\ultra\warewolf\Dev\Dev2.Studio.Core.Tests\Dev2.Studio.Core.Tests.csproj]
C:\Program Files\dotnet\sdk\10.0.201\Microsoft.Common.CurrentVersion.targets(2451,5): warning MSB3277:             C:\Users\ultra\warewolf\Dev\Dev2.Server\bin\Debug\net8.0\linux-x64\Warewolf Server.dll [C:\Users\ultra\warewolf\Dev\Dev2.Studio.Core.Tests\Dev2.Studio.Core.Tests.csproj]
C:\Program Files\dotnet\sdk\10.0.201\Microsoft.Common.CurrentVersion.targets(2451,5): warning MSB3277:             C:\Users\ultra\warewolf\Dev\Warewolf.Auditing\bin\Debug\net8.0\Warewolf.Auditing.dll [C:\Users\ultra\warewolf\Dev\Dev2.Studio.Core.Tests\Dev2.Studio.Core.Tests.csproj]
C:\Program Files\dotnet\sdk\10.0.201\Microsoft.Common.CurrentVersion.targets(2451,5): warning MSB3277:             C:\Users\ultra\warewolf\Dev\Warewolf.Common.Framework48\bin\Debug\net8.0\Warewolf.Common.Framework48.dll [C:\Users\ultra\warewolf\Dev\Dev2.Studio.Core.Tests\Dev2.Studio.Core.Tests.csproj]
C:\Program Files\dotnet\sdk\10.0.201\Microsoft.Common.CurrentVersion.targets(2451,5): warning MSB3277:             C:\Users\ultra\warewolf\Dev\Warewolf.Common.NetStandard20\bin\Debug\net8.0\Warewolf.Common.NetStandard20.dll [C:\Users\ultra\warewolf\Dev\Dev2.Studio.Core.Tests\Dev2.Studio.Core.Tests.csproj]
C:\Program Files\dotnet\sdk\10.0.201\Microsoft.Common.CurrentVersion.targets(2451,5): warning MSB3277:             C:\Users\ultra\warewolf\Dev\Warewolf.Driver.Persistence\bin\Debug\net8.0\Warewolf.Driver.Persistence.dll [C:\Users\ultra\warewolf\Dev\Dev2.Studio.Core.Tests\Dev2.Studio.Core.Tests.csproj]
C:\Program Files\dotnet\sdk\10.0.201\Microsoft.Common.CurrentVersion.targets(2451,5): warning MSB3277:             C:\Users\ultra\warewolf\Dev\Warewolf.Exchange.Email.Wrapper\bin\Debug\net8.0\Warewolf.Exchange.Email.Wrapper.dll [C:\Users\ultra\warewolf\Dev\Dev2.Studio.Core.Tests\Dev2.Studio.Core.Tests.csproj]
C:\Program Files\dotnet\sdk\10.0.201\Microsoft.Common.CurrentVersion.targets(2451,5): warning MSB3277:             C:\Users\ultra\warewolf\Dev\Warewolf.ResourceManagement\bin\Debug\net8.0\Warewolf.ResourceManagement.dll [C:\Users\ultra\warewolf\Dev\Dev2.Studio.Core.Tests\Dev2.Studio.Core.Tests.csproj]
C:\Program Files\dotnet\sdk\10.0.201\Microsoft.Common.CurrentVersion.targets(2451,5): warning MSB3277:             C:\Users\ultra\warewolf\Dev\Warewolf.Studio.CustomControls\bin\Debug\net8.0\Warewolf.Studio.CustomControls.dll [C:\Users\ultra\warewolf\Dev\Dev2.Studio.Core.Tests\Dev2.Studio.Core.Tests.csproj]
C:\Program Files\dotnet\sdk\10.0.201\Microsoft.Common.CurrentVersion.targets(2451,5): warning MSB3277:             C:\Users\ultra\warewolf\Dev\Warewolf.Studio.Models\bin\Debug\net8.0\Warewolf.Studio.Models.dll [C:\Users\ultra\warewolf\Dev\Dev2.Studio.Core.Tests\Dev2.Studio.Core.Tests.csproj]
C:\Program Files\dotnet\sdk\10.0.201\Microsoft.Common.CurrentVersion.targets(2451,5): warning MSB3277:             C:\Users\ultra\warewolf\Dev\Warewolf.Logger\bin\Debug\net8.0\linux-x64\WarewolfLogger.dll [C:\Users\ultra\warewolf\Dev\Dev2.Studio.Core.Tests\Dev2.Studio.Core.Tests.csproj]
C:\Program Files\dotnet\sdk\10.0.201\Microsoft.Common.CurrentVersion.targets(2451,5): warning MSB3277:             InfragisticsWPF4.DockManager.v15.1, Version=15.1.20151.2055, Culture=neutral, PublicKeyToken=7dd5c3163f2cd0cb, processorArchitecture=MSIL [C:\Users\ultra\warewolf\Dev\Dev2.Studio.Core.Tests\Dev2.Studio.Core.Tests.csproj]
C:\Program Files\dotnet\sdk\10.0.201\Microsoft.Common.CurrentVersion.targets(2451,5): warning MSB3277:             InfragisticsWPF4.v15.1, Version=15.1.20151.2055, Culture=neutral, PublicKeyToken=7dd5c3163f2cd0cb, processorArchitecture=MSIL [C:\Users\ultra\warewolf\Dev\Dev2.Studio.Core.Tests\Dev2.Studio.Core.Tests.csproj]
C:\Program Files\dotnet\sdk\10.0.201\Microsoft.Common.CurrentVersion.targets(2451,5): warning MSB3277:             InfragisticsWPF4.Controls.Interactions.XamDialogWindow.v15.1 [C:\Users\ultra\warewolf\Dev\Dev2.Studio.Core.Tests\Dev2.Studio.Core.Tests.csproj]
C:\Program Files\dotnet\sdk\10.0.201\Microsoft.Common.CurrentVersion.targets(2451,5): warning MSB3277:             InfragisticsWPF4.DataPresenter.v15.1 [C:\Users\ultra\warewolf\Dev\Dev2.Studio.Core.Tests\Dev2.Studio.Core.Tests.csproj]
C:\Program Files\dotnet\sdk\10.0.201\Microsoft.Common.CurrentVersion.targets(2451,5): warning MSB3277:             C:\Users\ultra\.nuget\packages\dotnetzip\1.16.0\lib\netstandard2.0\DotNetZip.dll [C:\Users\ultra\warewolf\Dev\Dev2.Studio.Core.Tests\Dev2.Studio.Core.Tests.csproj]
C:\Program Files\dotnet\sdk\10.0.201\Microsoft.Common.CurrentVersion.targets(2451,5): warning MSB3277:             C:\Users\ultra\warewolf\Dev\Dev2.Common\bin\Debug\net8.0\Dev2.Common.dll [C:\Users\ultra\warewolf\Dev\Dev2.Studio.Core.Tests\Dev2.Studio.Core.Tests.csproj]
C:\Program Files\dotnet\sdk\10.0.201\Microsoft.Common.CurrentVersion.targets(2451,5): warning MSB3277:             C:\Users\ultra\warewolf\Dev\Dev2.Data.Interfaces\bin\Debug\net8.0\Dev2.Data.Interfaces.dll [C:\Users\ultra\warewolf\Dev\Dev2.Studio.Core.Tests\Dev2.Studio.Core.Tests.csproj]
C:\Program Files\dotnet\sdk\10.0.201\Microsoft.Common.CurrentVersion.targets(2451,5): warning MSB3277:             C:\Users\ultra\warewolf\Dev\Dev2.Diagnostics\bin\Debug\net8.0\Dev2.Diagnostics.dll [C:\Users\ultra\warewolf\Dev\Dev2.Studio.Core.Tests\Dev2.Studio.Core.Tests.csproj]
C:\Program Files\dotnet\sdk\10.0.201\Microsoft.Common.CurrentVersion.targets(2451,5): warning MSB3277:             C:\Users\ultra\warewolf\Dev\Dev2.Infrastructure\bin\Debug\net8.0\Dev2.Infrastructure.dll [C:\Users\ultra\warewolf\Dev\Dev2.Studio.Core.Tests\Dev2.Studio.Core.Tests.csproj]
C:\Program Files\dotnet\sdk\10.0.201\Microsoft.Common.CurrentVersion.targets(2451,5): warning MSB3277:             C:\Users\ultra\warewolf\Dev\Dev2.TaskScheduler.Wrappers\bin\Debug\net8.0\Dev2.TaskScheduler.Wrappers.dll [C:\Users\ultra\warewolf\Dev\Dev2.Studio.Core.Tests\Dev2.Studio.Core.Tests.csproj]
C:\Program Files\dotnet\sdk\10.0.201\Microsoft.Common.CurrentVersion.targets(2451,5): warning MSB3277:             C:\Users\ultra\warewolf\Dev\Dev2.Util\bin\Debug\net8.0\Dev2.Util.dll [C:\Users\ultra\warewolf\Dev\Dev2.Studio.Core.Tests\Dev2.Studio.Core.Tests.csproj]
C:\Program Files\dotnet\sdk\10.0.201\Microsoft.Common.CurrentVersion.targets(2451,5): warning MSB3277:             C:\Users\ultra\warewolf\Dev\Dev2.Development.Languages\bin\Debug\net8.0\Dev2.Development.Languages.dll [C:\Users\ultra\warewolf\Dev\Dev2.Studio.Core.Tests\Dev2.Studio.Core.Tests.csproj]
C:\Program Files\dotnet\sdk\10.0.201\Microsoft.Common.CurrentVersion.targets(2451,5): warning MSB3277:             C:\Users\ultra\warewolf\Dev\Dev2.Services.Sql\bin\Debug\net8.0\Dev2.Services.Sql.dll [C:\Users\ultra\warewolf\Dev\Dev2.Studio.Core.Tests\Dev2.Studio.Core.Tests.csproj]
C:\Program Files\dotnet\sdk\10.0.201\Microsoft.Common.CurrentVersion.targets(2451,5): warning MSB3277:             C:\Users\ultra\warewolf\Dev\Warewolf.AI.Harness\bin\Debug\net8.0\Warewolf.AI.Harness.dll [C:\Users\ultra\warewolf\Dev\Dev2.Studio.Core.Tests\Dev2.Studio.Core.Tests.csproj]
C:\Program Files\dotnet\sdk\10.0.201\Microsoft.Common.CurrentVersion.targets(2451,5): warning MSB3277:             C:\Users\ultra\warewolf\Dev\Warewolf.Driver.Serilog\bin\Debug\net8.0\Warewolf.Driver.Serilog.dll [C:\Users\ultra\warewolf\Dev\Dev2.Studio.Core.Tests\Dev2.Studio.Core.Tests.csproj]
C:\Program Files\dotnet\sdk\10.0.201\Microsoft.Common.CurrentVersion.targets(2451,5): warning MSB3277:             C:\Users\ultra\warewolf\Dev\Warewolf.PerfMon\bin\Debug\net8.0\linux-x64\Warewolf.PerfMon.dll [C:\Users\ultra\warewolf\Dev\Dev2.Studio.Core.Tests\Dev2.Studio.Core.Tests.csproj]
C:\Program Files\dotnet\sdk\10.0.201\Microsoft.Common.CurrentVersion.targets(2451,5): warning MSB3277:             C:\Users\ultra\warewolf\Dev\Warewolf.Sharepoint\bin\Debug\net8.0\Warewolf.Sharepoint.dll [C:\Users\ultra\warewolf\Dev\Dev2.Studio.Core.Tests\Dev2.Studio.Core.Tests.csproj]
C:\Program Files\dotnet\sdk\10.0.201\Microsoft.Common.CurrentVersion.targets(2451,5): warning MSB3277:             C:\Users\ultra\warewolf\Dev\Warewolf.Storage\bin\Debug\net8.0\Warewolf.Storage.dll [C:\Users\ultra\warewolf\Dev\Dev2.Studio.Core.Tests\Dev2.Studio.Core.Tests.csproj]
C:\Program Files\dotnet\sdk\10.0.201\Microsoft.Common.CurrentVersion.targets(2451,5): warning MSB3277:             C:\Users\ultra\.nuget\packages\mindbox.data.linq\5.0.0\lib\netstandard2.0\Mindbox.Data.Linq.dll [C:\Users\ultra\warewolf\Dev\Dev2.Studio.Core.Tests\Dev2.Studio.Core.Tests.csproj]
C:\Program Files\dotnet\sdk\10.0.201\Microsoft.Common.CurrentVersion.targets(2451,5): warning MSB3277:             C:\Users\ultra\.nuget\packages\mysql.data\8.4.0\lib\net8.0\MySql.Data.dll [C:\Users\ultra\warewolf\Dev\Dev2.Studio.Core.Tests\Dev2.Studio.Core.Tests.csproj]
C:\Program Files\dotnet\sdk\10.0.201\Microsoft.Common.CurrentVersion.targets(2451,5): warning MSB3277:             C:\Users\ultra\.nuget\packages\oracle.manageddataaccess.core\3.21.70\lib\netstandard2.1\Oracle.ManagedDataAccess.dll [C:\Users\ultra\warewolf\Dev\Dev2.Studio.Core.Tests\Dev2.Studio.Core.Tests.csproj]
C:\Program Files\dotnet\sdk\10.0.201\Microsoft.Common.CurrentVersion.targets(2451,5): warning MSB3277:             C:\Users\ultra\.nuget\packages\system.directoryservices\6.0.0\lib\net6.0\System.DirectoryServices.dll [C:\Users\ultra\warewolf\Dev\Dev2.Studio.Core.Tests\Dev2.Studio.Core.Tests.csproj]
C:\Program Files\dotnet\sdk\10.0.201\Microsoft.Common.CurrentVersion.targets(2451,5): warning MSB3277:             C:\Users\ultra\.nuget\packages\corewcf.primitives\1.2.1\lib\netstandard2.0\CoreWCF.Primitives.dll [C:\Users\ultra\warewolf\Dev\Dev2.Studio.Core.Tests\Dev2.Studio.Core.Tests.csproj]
C:\Program Files\dotnet\sdk\10.0.201\Microsoft.Common.CurrentVersion.targets(2451,5): warning MSB3277:             C:\Users\ultra\.nuget\packages\corewcf.http\1.2.1\lib\netstandard2.0\CoreWCF.Http.dll [C:\Users\ultra\warewolf\Dev\Dev2.Studio.Core.Tests\Dev2.Studio.Core.Tests.csproj]
C:\Program Files\dotnet\sdk\10.0.201\Microsoft.Common.CurrentVersion.targets(2451,5): warning MSB3277:             C:\Users\ultra\.nuget\packages\corewcf.nettcp\1.2.1\lib\netstandard2.0\CoreWCF.NetTcp.dll [C:\Users\ultra\warewolf\Dev\Dev2.Studio.Core.Tests\Dev2.Studio.Core.Tests.csproj]
C:\Program Files\dotnet\sdk\10.0.201\Microsoft.Common.CurrentVersion.targets(2451,5): warning MSB3277:             C:\Users\ultra\.nuget\packages\corewcf.webhttp\1.2.1\lib\netstandard2.0\CoreWCF.WebHttp.dll [C:\Users\ultra\warewolf\Dev\Dev2.Studio.Core.Tests\Dev2.Studio.Core.Tests.csproj]
C:\Program Files\dotnet\sdk\10.0.201\Microsoft.Common.CurrentVersion.targets(2451,5): warning MSB3277:             C:\Program Files\dotnet\packs\Microsoft.NETCore.App.Ref\8.0.25\ref/net8.0/System.Configuration.dll [C:\Users\ultra\warewolf\Dev\Dev2.Studio.Core.Tests\Dev2.Studio.Core.Tests.csproj]
C:\Program Files\dotnet\sdk\10.0.201\Microsoft.Common.CurrentVersion.targets(2451,5): warning MSB3277:             C:\Users\ultra\.nuget\packages\prism.composition\5.0.0\lib\NET45\Microsoft.Practices.Prism.Composition.dll [C:\Users\ultra\warewolf\Dev\Dev2.Studio.Core.Tests\Dev2.Studio.Core.Tests.csproj]
C:\Program Files\dotnet\sdk\10.0.201\Microsoft.Common.CurrentVersion.targets(2451,5): warning MSB3277:             C:\Users\ultra\.nuget\packages\prism.unityextensions\5.0.1\lib\NET45\Microsoft.Practices.Prism.UnityExtensions.dll [C:\Users\ultra\warewolf\Dev\Dev2.Studio.Core.Tests\Dev2.Studio.Core.Tests.csproj]
C:\Program Files\dotnet\sdk\10.0.201\Microsoft.Common.CurrentVersion.targets(2451,5): warning MSB3277:             C:\Users\ultra\.nuget\packages\prism.wpf\9.0.537\lib\net462\Prism.Wpf.dll [C:\Users\ultra\warewolf\Dev\Dev2.Studio.Core.Tests\Dev2.Studio.Core.Tests.csproj]
C:\Program Files\dotnet\sdk\10.0.201\Microsoft.Common.CurrentVersion.targets(2451,5): warning MSB3277:             C:\Program Files\dotnet\packs\Microsoft.NETCore.App.Ref\8.0.25\ref/net8.0/System.Data.dll [C:\Users\ultra\warewolf\Dev\Dev2.Studio.Core.Tests\Dev2.Studio.Core.Tests.csproj]
C:\Program Files\dotnet\sdk\10.0.201\Microsoft.Common.CurrentVersion.targets(2451,5): warning MSB3277:             C:\Users\ultra\.nuget\packages\taskschedulereditor\2.10.1\lib\net452\Microsoft.Win32.TaskSchedulerEditor.dll [C:\Users\ultra\warewolf\Dev\Dev2.Studio.Core.Tests\Dev2.Studio.Core.Tests.csproj]
C:\Program Files\dotnet\sdk\10.0.201\Microsoft.Common.CurrentVersion.targets(2451,5): warning MSB3277:             C:\Program Files\dotnet\packs\Microsoft.NETCore.App.Ref\8.0.25\ref/net8.0/System.Drawing.dll [C:\Users\ultra\warewolf\Dev\Dev2.Studio.Core.Tests\Dev2.Studio.Core.Tests.csproj]
C:\Program Files\dotnet\sdk\10.0.201\Microsoft.Common.CurrentVersion.targets(2451,5): warning MSB3277:             C:\Users\ultra\.nuget\packages\aerowizard\2.3.1\lib\net45\AeroWizard.dll [C:\Users\ultra\warewolf\Dev\Dev2.Studio.Core.Tests\Dev2.Studio.Core.Tests.csproj]
C:\Program Files\dotnet\sdk\10.0.201\Microsoft.Common.CurrentVersion.targets(2451,5): warning MSB3277:             C:\Users\ultra\.nuget\packages\avalonedit\6.3.0.90\lib\net462\ICSharpCode.AvalonEdit.dll [C:\Users\ultra\warewolf\Dev\Dev2.Studio.Core.Tests\Dev2.Studio.Core.Tests.csproj]
C:\Program Files\dotnet\sdk\10.0.201\Microsoft.Common.CurrentVersion.targets(2451,5): warning MSB3277:             C:\Users\ultra\.nuget\packages\groupcontrols\1.9.0\lib\net45\GroupControls.dll [C:\Users\ultra\warewolf\Dev\Dev2.Studio.Core.Tests\Dev2.Studio.Core.Tests.csproj]
C:\Program Files\dotnet\sdk\10.0.201\Microsoft.Common.CurrentVersion.targets(2451,5): warning MSB3277:             C:\Program Files\dotnet\packs\Microsoft.NETCore.App.Ref\8.0.25\ref/net8.0/System.Net.dll [C:\Users\ultra\warewolf\Dev\Dev2.Studio.Core.Tests\Dev2.Studio.Core.Tests.csproj]
C:\Program Files\dotnet\sdk\10.0.201\Microsoft.Common.CurrentVersion.targets(2451,5): warning MSB3277:             C:\Program Files\dotnet\packs\Microsoft.NETCore.App.Ref\8.0.25\ref/net8.0/System.Security.dll [C:\Users\ultra\warewolf\Dev\Dev2.Studio.Core.Tests\Dev2.Studio.Core.Tests.csproj]
C:\Program Files\dotnet\sdk\10.0.201\Microsoft.Common.CurrentVersion.targets(2451,5): warning MSB3277:             C:\Program Files\dotnet\packs\Microsoft.NETCore.App.Ref\8.0.25\ref/net8.0/System.ServiceProcess.dll [C:\Users\ultra\warewolf\Dev\Dev2.Studio.Core.Tests\Dev2.Studio.Core.Tests.csproj]
C:\Program Files\dotnet\sdk\10.0.201\Microsoft.Common.CurrentVersion.targets(2451,5): warning MSB3277:             C:\Program Files\dotnet\packs\Microsoft.NETCore.App.Ref\8.0.25\ref/net8.0/System.Transactions.dll [C:\Users\ultra\warewolf\Dev\Dev2.Studio.Core.Tests\Dev2.Studio.Core.Tests.csproj]
C:\Program Files\dotnet\sdk\10.0.201\Microsoft.Common.CurrentVersion.targets(2451,5): warning MSB3277:             C:\Program Files\dotnet\packs\Microsoft.NETCore.App.Ref\8.0.25\ref/net8.0/System.dll [C:\Users\ultra\warewolf\Dev\Dev2.Studio.Core.Tests\Dev2.Studio.Core.Tests.csproj]
C:\Program Files\dotnet\sdk\10.0.201\Microsoft.Common.CurrentVersion.targets(2451,5): warning MSB3277:             C:\Users\ultra\.nuget\packages\fontawesome.wpf\4.7.0.9\lib\net40\FontAwesome.WPF.dll [C:\Users\ultra\warewolf\Dev\Dev2.Studio.Core.Tests\Dev2.Studio.Core.Tests.csproj]
C:\Program Files\dotnet\sdk\10.0.201\Microsoft.Common.CurrentVersion.targets(2451,5): warning MSB3277:             C:\Users\ultra\.nuget\packages\log4net.async\2.0.4\lib\net40\Log4Net.Async.dll [C:\Users\ultra\warewolf\Dev\Dev2.Studio.Core.Tests\Dev2.Studio.Core.Tests.csproj]
C:\Program Files\dotnet\sdk\10.0.201\Microsoft.Common.CurrentVersion.targets(2451,5): warning MSB3277:             C:\Users\ultra\.nuget\packages\microsoft.xaml.behaviors.wpf\1.1.122\lib\net462\Microsoft.Xaml.Behaviors.dll [C:\Users\ultra\warewolf\Dev\Dev2.Studio.Core.Tests\Dev2.Studio.Core.Tests.csproj]
C:\Program Files\dotnet\sdk\10.0.201\Microsoft.Common.CurrentVersion.targets(2451,5): warning MSB3277:             C:\Users\ultra\.nuget\packages\caliburn.micro\4.0.212\lib\netcoreapp3.1\Caliburn.Micro.Platform.dll [C:\Users\ultra\warewolf\Dev\Dev2.Studio.Core.Tests\Dev2.Studio.Core.Tests.csproj]
C:\Program Files\dotnet\sdk\10.0.201\Microsoft.Common.CurrentVersion.targets(2451,5): warning MSB3277:             C:\Users\ultra\.nuget\packages\prism.interactivity\5.0.0\lib\NET45\Microsoft.Practices.Prism.Interactivity.dll [C:\Users\ultra\warewolf\Dev\Dev2.Studio.Core.Tests\Dev2.Studio.Core.Tests.csproj]
C:\Program Files\dotnet\sdk\10.0.201\Microsoft.Common.CurrentVersion.targets(2451,5): warning MSB3277:             C:\Users\ultra\.nuget\packages\prism.mvvm\1.0.0\lib\net45\Microsoft.Practices.Prism.Mvvm.Desktop.dll [C:\Users\ultra\warewolf\Dev\Dev2.Studio.Core.Tests\Dev2.Studio.Core.Tests.csproj]
C:\Program Files\dotnet\sdk\10.0.201\Microsoft.Common.CurrentVersion.targets(2451,5): warning MSB3277:             C:\Users\ultra\.nuget\packages\reactiveui.wpf\18.4.1\lib\net462\ReactiveUI.Wpf.dll [C:\Users\ultra\warewolf\Dev\Dev2.Studio.Core.Tests\Dev2.Studio.Core.Tests.csproj]
C:\Program Files\dotnet\sdk\10.0.201\Microsoft.Common.CurrentVersion.targets(2451,5): warning MSB3277:             C:\Users\ultra\.nuget\packages\ttcue.netcore.sharepointonline.csom.16.1.8029.1200\16.1.8029.1200\lib\netcoreapp2.0\Microsoft.SharePoint.Client.Runtime.Windows.dll [C:\Users\ultra\warewolf\Dev\Dev2.Studio.Core.Tests\Dev2.Studio.Core.Tests.csproj]
C:\Program Files\dotnet\sdk\10.0.201\Microsoft.Common.CurrentVersion.targets(2451,5): warning MSB3277:             C:\Program Files\dotnet\packs\Microsoft.NETCore.App.Ref\8.0.25\ref/net8.0/WindowsBase.dll [C:\Users\ultra\warewolf\Dev\Dev2.Studio.Core.Tests\Dev2.Studio.Core.Tests.csproj]
C:\Program Files\dotnet\sdk\10.0.201\Microsoft.Common.CurrentVersion.targets(2451,5): warning MSB3277:             C:\Program Files\dotnet\packs\Microsoft.NETCore.App.Ref\8.0.25\ref/net8.0/mscorlib.dll [C:\Users\ultra\warewolf\Dev\Dev2.Studio.Core.Tests\Dev2.Studio.Core.Tests.csproj]
C:\Program Files\dotnet\sdk\10.0.201\Microsoft.Common.CurrentVersion.targets(2451,5): warning MSB3277:             C:\Users\ultra\.nuget\packages\hangfire.core\1.7.32\lib\netstandard2.0\Hangfire.Core.dll [C:\Users\ultra\warewolf\Dev\Dev2.Studio.Core.Tests\Dev2.Studio.Core.Tests.csproj]
C:\Program Files\dotnet\sdk\10.0.201\Microsoft.Common.CurrentVersion.targets(2451,5): warning MSB3277:             C:\Users\ultra\.nuget\packages\hangfire.aspnetcore\1.7.32\lib\netcoreapp3.0\Hangfire.AspNetCore.dll [C:\Users\ultra\warewolf\Dev\Dev2.Studio.Core.Tests\Dev2.Studio.Core.Tests.csproj]
C:\Program Files\dotnet\sdk\10.0.201\Microsoft.Common.CurrentVersion.targets(2451,5): warning MSB3277:             C:\Users\ultra\.nuget\packages\hangfire.sqlserver\1.7.32\lib\netstandard2.0\Hangfire.SqlServer.dll [C:\Users\ultra\warewolf\Dev\Dev2.Studio.Core.Tests\Dev2.Studio.Core.Tests.csproj]
C:\Program Files\dotnet\sdk\10.0.201\Microsoft.Common.CurrentVersion.targets(2451,5): warning MSB3277:             C:\Users\ultra\.nuget\packages\microsoft.codecoverage\17.13.0\lib\netcoreapp3.1\Microsoft.VisualStudio.CodeCoverage.Shim.dll [C:\Users\ultra\warewolf\Dev\Dev2.Studio.Core.Tests\Dev2.Studio.Core.Tests.csproj]
C:\Program Files\dotnet\sdk\10.0.201\Microsoft.Common.CurrentVersion.targets(2451,5): warning MSB3277:             C:\Users\ultra\.nuget\packages\unofficial.microsoft.mshtml\7.0.3300\lib\net40\Microsoft.mshtml.dll [C:\Users\ultra\warewolf\Dev\Dev2.Studio.Core.Tests\Dev2.Studio.Core.Tests.csproj]
C:\Program Files\dotnet\sdk\10.0.201\Microsoft.Common.CurrentVersion.targets(2451,5): warning MSB3277:         C:\Program Files\dotnet\packs\Microsoft.NETCore.App.Ref\8.0.25\ref\net8.0\System.Drawing.dll [C:\Users\ultra\warewolf\Dev\Dev2.Studio.Core.Tests\Dev2.Studio.Core.Tests.csproj]
C:\Program Files\dotnet\sdk\10.0.201\Microsoft.Common.CurrentVersion.targets(2451,5): warning MSB3277:           Project file item includes which caused reference "C:\Program Files\dotnet\packs\Microsoft.NETCore.App.Ref\8.0.25\ref\net8.0\System.Drawing.dll". [C:\Users\ultra\warewolf\Dev\Dev2.Studio.Core.Tests\Dev2.Studio.Core.Tests.csproj]
C:\Program Files\dotnet\sdk\10.0.201\Microsoft.Common.CurrentVersion.targets(2451,5): warning MSB3277:             C:\Program Files\dotnet\packs\Microsoft.NETCore.App.Ref\8.0.25\ref/net8.0/System.Drawing.dll [C:\Users\ultra\warewolf\Dev\Dev2.Studio.Core.Tests\Dev2.Studio.Core.Tests.csproj]
C:\Program Files\dotnet\sdk\10.0.201\Microsoft.Common.CurrentVersion.targets(2451,5): warning MSB3277:             C:\Users\ultra\.nuget\packages\aerowizard\2.3.1\lib\net45\AeroWizard.dll [C:\Users\ultra\warewolf\Dev\Dev2.Studio.Core.Tests\Dev2.Studio.Core.Tests.csproj]
C:\Program Files\dotnet\sdk\10.0.201\Microsoft.Common.CurrentVersion.targets(2451,5): warning MSB3277:             C:\Users\ultra\.nuget\packages\avalonedit\6.3.0.90\lib\net462\ICSharpCode.AvalonEdit.dll [C:\Users\ultra\warewolf\Dev\Dev2.Studio.Core.Tests\Dev2.Studio.Core.Tests.csproj]
C:\Program Files\dotnet\sdk\10.0.201\Microsoft.Common.CurrentVersion.targets(2451,5): warning MSB3277:             C:\Users\ultra\.nuget\packages\groupcontrols\1.9.0\lib\net45\GroupControls.dll [C:\Users\ultra\warewolf\Dev\Dev2.Studio.Core.Tests\Dev2.Studio.Core.Tests.csproj]
C:\Program Files\dotnet\sdk\10.0.201\Microsoft.Common.CurrentVersion.targets(2451,5): warning MSB3277:             C:\Users\ultra\.nuget\packages\taskschedulereditor\2.10.1\lib\net452\Microsoft.Win32.TaskSchedulerEditor.dll [C:\Users\ultra\warewolf\Dev\Dev2.Studio.Core.Tests\Dev2.Studio.Core.Tests.csproj]
  Dev2.Studio.Core.Tests -> C:\Users\ultra\warewolf\Dev\Dev2.Studio.Core.Tests\bin\Debug\net8.0\linux-x64\Dev2.Studio.Core.Tests.dll
  Dev2.Studio.Core.Tests -> C:\Users\ultra\warewolf\Bin\ServerTests-Linux\Dev2.Studio.Core.Tests\
Publishing Dev2.Services.Execution.Tests for linux-x64...
  Determining projects to restore...
C:\Users\ultra\warewolf\Dev\Dev2.CustomControls\Dev2.CustomControls.csproj(135,14): warning MSB4130: The condition "'$(TargetFramework)' != '' and ($(TargetFramework.EndsWith('-windows')) or '$(TargetFramework)' == 'net48') Or '$(TargetFrameworkIdentifier)' == '.NETFramework'" may have been evaluated incorrectly in an earlier version of MSBuild. Please verify that the order of the AND and OR clauses is written as intended. To avoid this warning, add parentheses to make the evaluation order explicit.
C:\Users\ultra\warewolf\Dev\Warewolf.Language.Parser\Warewolf.Language.Parser.fsproj : warning NU1504: Duplicate 'PackageReference' items found. Remove the duplicate items or use the Update functionality to ensure a consistent restore behavior. The duplicate 'PackageReference' items are: FSharp.Core 10.1.201, FSharp.Core 4.6.2.
C:\Users\ultra\warewolf\Dev\Dev2.TaskScheduler.Wrappers\Dev2.TaskScheduler.Wrappers.csproj : warning NU1701: Package 'AeroWizard 2.3.1' was restored using '.NETFramework,Version=v4.6.1, .NETFramework,Version=v4.6.2, .NETFramework,Version=v4.7, .NETFramework,Version=v4.7.1, .NETFramework,Version=v4.7.2, .NETFramework,Version=v4.8, .NETFramework,Version=v4.8.1' instead of the project target framework 'net8.0'. This package may not be fully compatible with your project. [C:\Users\ultra\warewolf\Dev\Dev2.Services.Execution.Tests\Dev2.Services.Execution.Tests.csproj]
C:\Users\ultra\warewolf\Dev\Warewolf.ResourceManagement\Warewolf.ResourceManagement.csproj : warning NU1701: Package 'AeroWizard 2.3.1' was restored using '.NETFramework,Version=v4.6.1, .NETFramework,Version=v4.6.2, .NETFramework,Version=v4.7, .NETFramework,Version=v4.7.1, .NETFramework,Version=v4.7.2, .NETFramework,Version=v4.8, .NETFramework,Version=v4.8.1' instead of the project target framework 'net8.0'. This package may not be fully compatible with your project. [C:\Users\ultra\warewolf\Dev\Dev2.Services.Execution.Tests\Dev2.Services.Execution.Tests.csproj]
C:\Users\ultra\warewolf\Dev\Warewolf.Common.NetStandard20\Warewolf.Common.NetStandard20.csproj : warning NU1701: Package 'AeroWizard 2.3.1' was restored using '.NETFramework,Version=v4.6.1, .NETFramework,Version=v4.6.2, .NETFramework,Version=v4.7, .NETFramework,Version=v4.7.1, .NETFramework,Version=v4.7.2, .NETFramework,Version=v4.8, .NETFramework,Version=v4.8.1' instead of the project target framework 'net8.0'. This package may not be fully compatible with your project. [C:\Users\ultra\warewolf\Dev\Dev2.Services.Execution.Tests\Dev2.Services.Execution.Tests.csproj]
C:\Users\ultra\warewolf\Dev\Warewolf.Core\Warewolf.Core.csproj : warning NU1903: Package 'Microsoft.Windows.Compatibility' 6.0.0 has a known high severity vulnerability, https://github.com/advisories/GHSA-555c-2p6r-68mm [C:\Users\ultra\warewolf\Dev\Dev2.Services.Execution.Tests\Dev2.Services.Execution.Tests.csproj]
C:\Users\ultra\warewolf\Dev\Dev2.Util\Dev2.Util.csproj : warning NU1903: Package 'Microsoft.Windows.Compatibility' 6.0.0 has a known high severity vulnerability, https://github.com/advisories/GHSA-555c-2p6r-68mm [C:\Users\ultra\warewolf\Dev\Dev2.Services.Execution.Tests\Dev2.Services.Execution.Tests.csproj]
C:\Users\ultra\warewolf\Dev\Warewolf.Licensing\Warewolf.Licensing.csproj : warning NU1701: Package 'AeroWizard 2.3.1' was restored using '.NETFramework,Version=v4.6.1, .NETFramework,Version=v4.6.2, .NETFramework,Version=v4.7, .NETFramework,Version=v4.7.1, .NETFramework,Version=v4.7.2, .NETFramework,Version=v4.8, .NETFramework,Version=v4.8.1' instead of the project target framework 'net8.0'. This package may not be fully compatible with your project. [C:\Users\ultra\warewolf\Dev\Dev2.Services.Execution.Tests\Dev2.Services.Execution.Tests.csproj]
C:\Users\ultra\warewolf\Dev\Dev2.Util\Dev2.Util.csproj : warning NU1701: Package 'AeroWizard 2.3.1' was restored using '.NETFramework,Version=v4.6.1, .NETFramework,Version=v4.6.2, .NETFramework,Version=v4.7, .NETFramework,Version=v4.7.1, .NETFramework,Version=v4.7.2, .NETFramework,Version=v4.8, .NETFramework,Version=v4.8.1' instead of the project target framework 'net8.0'. This package may not be fully compatible with your project. [C:\Users\ultra\warewolf\Dev\Dev2.Services.Execution.Tests\Dev2.Services.Execution.Tests.csproj]
C:\Users\ultra\warewolf\Dev\Warewolf.Core\Warewolf.Core.csproj : warning NU1701: Package 'AeroWizard 2.3.1' was restored using '.NETFramework,Version=v4.6.1, .NETFramework,Version=v4.6.2, .NETFramework,Version=v4.7, .NETFramework,Version=v4.7.1, .NETFramework,Version=v4.7.2, .NETFramework,Version=v4.8, .NETFramework,Version=v4.8.1' instead of the project target framework 'net8.0'. This package may not be fully compatible with your project. [C:\Users\ultra\warewolf\Dev\Dev2.Services.Execution.Tests\Dev2.Services.Execution.Tests.csproj]
C:\Users\ultra\warewolf\Dev\Warewolf.Common.NetStandard20\Warewolf.Common.NetStandard20.csproj : warning NU1701: Package 'GroupControls 1.9.0' was restored using '.NETFramework,Version=v4.6.1, .NETFramework,Version=v4.6.2, .NETFramework,Version=v4.7, .NETFramework,Version=v4.7.1, .NETFramework,Version=v4.7.2, .NETFramework,Version=v4.8, .NETFramework,Version=v4.8.1' instead of the project target framework 'net8.0'. This package may not be fully compatible with your project. [C:\Users\ultra\warewolf\Dev\Dev2.Services.Execution.Tests\Dev2.Services.Execution.Tests.csproj]
C:\Users\ultra\warewolf\Dev\Dev2.TaskScheduler.Wrappers\Dev2.TaskScheduler.Wrappers.csproj : warning NU1701: Package 'GroupControls 1.9.0' was restored using '.NETFramework,Version=v4.6.1, .NETFramework,Version=v4.6.2, .NETFramework,Version=v4.7, .NETFramework,Version=v4.7.1, .NETFramework,Version=v4.7.2, .NETFramework,Version=v4.8, .NETFramework,Version=v4.8.1' instead of the project target framework 'net8.0'. This package may not be fully compatible with your project. [C:\Users\ultra\warewolf\Dev\Dev2.Services.Execution.Tests\Dev2.Services.Execution.Tests.csproj]
C:\Users\ultra\warewolf\Dev\Dev2.Util\Dev2.Util.csproj : warning NU1701: Package 'GroupControls 1.9.0' was restored using '.NETFramework,Version=v4.6.1, .NETFramework,Version=v4.6.2, .NETFramework,Version=v4.7, .NETFramework,Version=v4.7.1, .NETFramework,Version=v4.7.2, .NETFramework,Version=v4.8, .NETFramework,Version=v4.8.1' instead of the project target framework 'net8.0'. This package may not be fully compatible with your project. [C:\Users\ultra\warewolf\Dev\Dev2.Services.Execution.Tests\Dev2.Services.Execution.Tests.csproj]
C:\Users\ultra\warewolf\Dev\Dev2.Runtime.Configuration\Dev2.Runtime.Configuration.csproj : warning NU1903: Package 'Microsoft.Windows.Compatibility' 6.0.0 has a known high severity vulnerability, https://github.com/advisories/GHSA-555c-2p6r-68mm [C:\Users\ultra\warewolf\Dev\Dev2.Services.Execution.Tests\Dev2.Services.Execution.Tests.csproj]
C:\Users\ultra\warewolf\Dev\Dev2.Util\Dev2.Util.csproj : warning NU1701: Package 'TaskSchedulerEditor 2.10.1' was restored using '.NETFramework,Version=v4.6.1, .NETFramework,Version=v4.6.2, .NETFramework,Version=v4.7, .NETFramework,Version=v4.7.1, .NETFramework,Version=v4.7.2, .NETFramework,Version=v4.8, .NETFramework,Version=v4.8.1' instead of the project target framework 'net8.0'. This package may not be fully compatible with your project. [C:\Users\ultra\warewolf\Dev\Dev2.Services.Execution.Tests\Dev2.Services.Execution.Tests.csproj]
C:\Users\ultra\warewolf\Dev\Warewolf.Licensing\Warewolf.Licensing.csproj : warning NU1701: Package 'GroupControls 1.9.0' was restored using '.NETFramework,Version=v4.6.1, .NETFramework,Version=v4.6.2, .NETFramework,Version=v4.7, .NETFramework,Version=v4.7.1, .NETFramework,Version=v4.7.2, .NETFramework,Version=v4.8, .NETFramework,Version=v4.8.1' instead of the project target framework 'net8.0'. This package may not be fully compatible with your project. [C:\Users\ultra\warewolf\Dev\Dev2.Services.Execution.Tests\Dev2.Services.Execution.Tests.csproj]
C:\Users\ultra\warewolf\Dev\Dev2.TaskScheduler.Wrappers\Dev2.TaskScheduler.Wrappers.csproj : warning NU1701: Package 'TaskSchedulerEditor 2.10.1' was restored using '.NETFramework,Version=v4.6.1, .NETFramework,Version=v4.6.2, .NETFramework,Version=v4.7, .NETFramework,Version=v4.7.1, .NETFramework,Version=v4.7.2, .NETFramework,Version=v4.8, .NETFramework,Version=v4.8.1' instead of the project target framework 'net8.0'. This package may not be fully compatible with your project. [C:\Users\ultra\warewolf\Dev\Dev2.Services.Execution.Tests\Dev2.Services.Execution.Tests.csproj]
C:\Users\ultra\warewolf\Dev\Warewolf.ResourceManagement\Warewolf.ResourceManagement.csproj : warning NU1701: Package 'GroupControls 1.9.0' was restored using '.NETFramework,Version=v4.6.1, .NETFramework,Version=v4.6.2, .NETFramework,Version=v4.7, .NETFramework,Version=v4.7.1, .NETFramework,Version=v4.7.2, .NETFramework,Version=v4.8, .NETFramework,Version=v4.8.1' instead of the project target framework 'net8.0'. This package may not be fully compatible with your project. [C:\Users\ultra\warewolf\Dev\Dev2.Services.Execution.Tests\Dev2.Services.Execution.Tests.csproj]
C:\Users\ultra\warewolf\Dev\Warewolf.Core\Warewolf.Core.csproj : warning NU1701: Package 'GroupControls 1.9.0' was restored using '.NETFramework,Version=v4.6.1, .NETFramework,Version=v4.6.2, .NETFramework,Version=v4.7, .NETFramework,Version=v4.7.1, .NETFramework,Version=v4.7.2, .NETFramework,Version=v4.8, .NETFramework,Version=v4.8.1' instead of the project target framework 'net8.0'. This package may not be fully compatible with your project. [C:\Users\ultra\warewolf\Dev\Dev2.Services.Execution.Tests\Dev2.Services.Execution.Tests.csproj]
C:\Users\ultra\warewolf\Dev\Warewolf.Licensing\Warewolf.Licensing.csproj : warning NU1701: Package 'TaskSchedulerEditor 2.10.1' was restored using '.NETFramework,Version=v4.6.1, .NETFramework,Version=v4.6.2, .NETFramework,Version=v4.7, .NETFramework,Version=v4.7.1, .NETFramework,Version=v4.7.2, .NETFramework,Version=v4.8, .NETFramework,Version=v4.8.1' instead of the project target framework 'net8.0'. This package may not be fully compatible with your project. [C:\Users\ultra\warewolf\Dev\Dev2.Services.Execution.Tests\Dev2.Services.Execution.Tests.csproj]
C:\Users\ultra\warewolf\Dev\Warewolf.ResourceManagement\Warewolf.ResourceManagement.csproj : warning NU1701: Package 'ReactiveUI.WPF 18.4.1' was restored using '.NETFramework,Version=v4.6.1, .NETFramework,Version=v4.6.2, .NETFramework,Version=v4.7, .NETFramework,Version=v4.7.1, .NETFramework,Version=v4.7.2, .NETFramework,Version=v4.8, .NETFramework,Version=v4.8.1' instead of the project target framework 'net8.0'. This package may not be fully compatible with your project. [C:\Users\ultra\warewolf\Dev\Dev2.Services.Execution.Tests\Dev2.Services.Execution.Tests.csproj]
C:\Users\ultra\warewolf\Dev\Warewolf.Core\Warewolf.Core.csproj : warning NU1701: Package 'ReactiveUI.WPF 18.4.1' was restored using '.NETFramework,Version=v4.6.1, .NETFramework,Version=v4.6.2, .NETFramework,Version=v4.7, .NETFramework,Version=v4.7.1, .NETFramework,Version=v4.7.2, .NETFramework,Version=v4.8, .NETFramework,Version=v4.8.1' instead of the project target framework 'net8.0'. This package may not be fully compatible with your project. [C:\Users\ultra\warewolf\Dev\Dev2.Services.Execution.Tests\Dev2.Services.Execution.Tests.csproj]
C:\Users\ultra\warewolf\Dev\Dev2.Runtime.Configuration\Dev2.Runtime.Configuration.csproj : warning NU1701: Package 'AeroWizard 2.3.1' was restored using '.NETFramework,Version=v4.6.1, .NETFramework,Version=v4.6.2, .NETFramework,Version=v4.7, .NETFramework,Version=v4.7.1, .NETFramework,Version=v4.7.2, .NETFramework,Version=v4.8, .NETFramework,Version=v4.8.1' instead of the project target framework 'net8.0'. This package may not be fully compatible with your project. [C:\Users\ultra\warewolf\Dev\Dev2.Services.Execution.Tests\Dev2.Services.Execution.Tests.csproj]
C:\Users\ultra\warewolf\Dev\Warewolf.ResourceManagement\Warewolf.ResourceManagement.csproj : warning NU1701: Package 'TaskSchedulerEditor 2.10.1' was restored using '.NETFramework,Version=v4.6.1, .NETFramework,Version=v4.6.2, .NETFramework,Version=v4.7, .NETFramework,Version=v4.7.1, .NETFramework,Version=v4.7.2, .NETFramework,Version=v4.8, .NETFramework,Version=v4.8.1' instead of the project target framework 'net8.0'. This package may not be fully compatible with your project. [C:\Users\ultra\warewolf\Dev\Dev2.Services.Execution.Tests\Dev2.Services.Execution.Tests.csproj]
C:\Users\ultra\warewolf\Dev\Warewolf.Core\Warewolf.Core.csproj : warning NU1701: Package 'TaskSchedulerEditor 2.10.1' was restored using '.NETFramework,Version=v4.6.1, .NETFramework,Version=v4.6.2, .NETFramework,Version=v4.7, .NETFramework,Version=v4.7.1, .NETFramework,Version=v4.7.2, .NETFramework,Version=v4.8, .NETFramework,Version=v4.8.1' instead of the project target framework 'net8.0'. This package may not be fully compatible with your project. [C:\Users\ultra\warewolf\Dev\Dev2.Services.Execution.Tests\Dev2.Services.Execution.Tests.csproj]
C:\Users\ultra\warewolf\Dev\Dev2.Runtime.Configuration\Dev2.Runtime.Configuration.csproj : warning NU1701: Package 'GroupControls 1.9.0' was restored using '.NETFramework,Version=v4.6.1, .NETFramework,Version=v4.6.2, .NETFramework,Version=v4.7, .NETFramework,Version=v4.7.1, .NETFramework,Version=v4.7.2, .NETFramework,Version=v4.8, .NETFramework,Version=v4.8.1' instead of the project target framework 'net8.0'. This package may not be fully compatible with your project. [C:\Users\ultra\warewolf\Dev\Dev2.Services.Execution.Tests\Dev2.Services.Execution.Tests.csproj]
C:\Users\ultra\warewolf\Dev\Dev2.Runtime.Configuration\Dev2.Runtime.Configuration.csproj : warning NU1701: Package 'TaskSchedulerEditor 2.10.1' was restored using '.NETFramework,Version=v4.6.1, .NETFramework,Version=v4.6.2, .NETFramework,Version=v4.7, .NETFramework,Version=v4.7.1, .NETFramework,Version=v4.7.2, .NETFramework,Version=v4.8, .NETFramework,Version=v4.8.1' instead of the project target framework 'net8.0'. This package may not be fully compatible with your project. [C:\Users\ultra\warewolf\Dev\Dev2.Services.Execution.Tests\Dev2.Services.Execution.Tests.csproj]
C:\Users\ultra\warewolf\Dev\Dev2.Runtime.Services\Dev2.Runtime.Services.csproj : warning NU1902: Package 'MessagePack' 2.4.59 has a known moderate severity vulnerability, https://github.com/advisories/GHSA-4qm4-8hg2-g2xm [C:\Users\ultra\warewolf\Dev\Dev2.Services.Execution.Tests\Dev2.Services.Execution.Tests.csproj]
C:\Users\ultra\warewolf\Dev\Dev2.Runtime.Services\Dev2.Runtime.Services.csproj : warning NU1903: Package 'Microsoft.Windows.Compatibility' 6.0.0 has a known high severity vulnerability, https://github.com/advisories/GHSA-555c-2p6r-68mm [C:\Users\ultra\warewolf\Dev\Dev2.Services.Execution.Tests\Dev2.Services.Execution.Tests.csproj]
C:\Users\ultra\warewolf\Dev\Dev2.Runtime.Services\Dev2.Runtime.Services.csproj : warning NU1701: Package 'AeroWizard 2.3.1' was restored using '.NETFramework,Version=v4.6.1, .NETFramework,Version=v4.6.2, .NETFramework,Version=v4.7, .NETFramework,Version=v4.7.1, .NETFramework,Version=v4.7.2, .NETFramework,Version=v4.8, .NETFramework,Version=v4.8.1' instead of the project target framework 'net8.0'. This package may not be fully compatible with your project. [C:\Users\ultra\warewolf\Dev\Dev2.Services.Execution.Tests\Dev2.Services.Execution.Tests.csproj]
C:\Users\ultra\warewolf\Dev\Warewolf.Common\Warewolf.Common.csproj : warning NU1701: Package 'AeroWizard 2.3.1' was restored using '.NETFramework,Version=v4.6.1, .NETFramework,Version=v4.6.2, .NETFramework,Version=v4.7, .NETFramework,Version=v4.7.1, .NETFramework,Version=v4.7.2, .NETFramework,Version=v4.8, .NETFramework,Version=v4.8.1' instead of the project target framework 'net8.0'. This package may not be fully compatible with your project. [C:\Users\ultra\warewolf\Dev\Dev2.Services.Execution.Tests\Dev2.Services.Execution.Tests.csproj]
C:\Users\ultra\warewolf\Dev\Dev2.Runtime.Services\Dev2.Runtime.Services.csproj : warning NU1701: Package 'GroupControls 1.9.0' was restored using '.NETFramework,Version=v4.6.1, .NETFramework,Version=v4.6.2, .NETFramework,Version=v4.7, .NETFramework,Version=v4.7.1, .NETFramework,Version=v4.7.2, .NETFramework,Version=v4.8, .NETFramework,Version=v4.8.1' instead of the project target framework 'net8.0'. This package may not be fully compatible with your project. [C:\Users\ultra\warewolf\Dev\Dev2.Services.Execution.Tests\Dev2.Services.Execution.Tests.csproj]
C:\Users\ultra\warewolf\Dev\Dev2.Runtime.Services\Dev2.Runtime.Services.csproj : warning NU1701: Package 'ReactiveUI.WPF 18.4.1' was restored using '.NETFramework,Version=v4.6.1, .NETFramework,Version=v4.6.2, .NETFramework,Version=v4.7, .NETFramework,Version=v4.7.1, .NETFramework,Version=v4.7.2, .NETFramework,Version=v4.8, .NETFramework,Version=v4.8.1' instead of the project target framework 'net8.0'. This package may not be fully compatible with your project. [C:\Users\ultra\warewolf\Dev\Dev2.Services.Execution.Tests\Dev2.Services.Execution.Tests.csproj]
C:\Users\ultra\warewolf\Dev\Dev2.Runtime.Services\Dev2.Runtime.Services.csproj : warning NU1701: Package 'TaskSchedulerEditor 2.10.1' was restored using '.NETFramework,Version=v4.6.1, .NETFramework,Version=v4.6.2, .NETFramework,Version=v4.7, .NETFramework,Version=v4.7.1, .NETFramework,Version=v4.7.2, .NETFramework,Version=v4.8, .NETFramework,Version=v4.8.1' instead of the project target framework 'net8.0'. This package may not be fully compatible with your project. [C:\Users\ultra\warewolf\Dev\Dev2.Services.Execution.Tests\Dev2.Services.Execution.Tests.csproj]
C:\Users\ultra\warewolf\Dev\Warewolf.Common\Warewolf.Common.csproj : warning NU1701: Package 'GroupControls 1.9.0' was restored using '.NETFramework,Version=v4.6.1, .NETFramework,Version=v4.6.2, .NETFramework,Version=v4.7, .NETFramework,Version=v4.7.1, .NETFramework,Version=v4.7.2, .NETFramework,Version=v4.8, .NETFramework,Version=v4.8.1' instead of the project target framework 'net8.0'. This package may not be fully compatible with your project. [C:\Users\ultra\warewolf\Dev\Dev2.Services.Execution.Tests\Dev2.Services.Execution.Tests.csproj]
C:\Users\ultra\warewolf\Dev\Warewolf.Common\Warewolf.Common.csproj : warning NU1701: Package 'TaskSchedulerEditor 2.10.1' was restored using '.NETFramework,Version=v4.6.1, .NETFramework,Version=v4.6.2, .NETFramework,Version=v4.7, .NETFramework,Version=v4.7.1, .NETFramework,Version=v4.7.2, .NETFramework,Version=v4.8, .NETFramework,Version=v4.8.1' instead of the project target framework 'net8.0'. This package may not be fully compatible with your project. [C:\Users\ultra\warewolf\Dev\Dev2.Services.Execution.Tests\Dev2.Services.Execution.Tests.csproj]
C:\Users\ultra\warewolf\Dev\Warewolf.Auditing\Warewolf.Auditing.csproj : warning NU1701: Package 'AeroWizard 2.3.1' was restored using '.NETFramework,Version=v4.6.1, .NETFramework,Version=v4.6.2, .NETFramework,Version=v4.7, .NETFramework,Version=v4.7.1, .NETFramework,Version=v4.7.2, .NETFramework,Version=v4.8, .NETFramework,Version=v4.8.1' instead of the project target framework 'net8.0'. This package may not be fully compatible with your project. [C:\Users\ultra\warewolf\Dev\Dev2.Services.Execution.Tests\Dev2.Services.Execution.Tests.csproj]
C:\Users\ultra\warewolf\Dev\Warewolf.Auditing\Warewolf.Auditing.csproj : warning NU1701: Package 'GroupControls 1.9.0' was restored using '.NETFramework,Version=v4.6.1, .NETFramework,Version=v4.6.2, .NETFramework,Version=v4.7, .NETFramework,Version=v4.7.1, .NETFramework,Version=v4.7.2, .NETFramework,Version=v4.8, .NETFramework,Version=v4.8.1' instead of the project target framework 'net8.0'. This package may not be fully compatible with your project. [C:\Users\ultra\warewolf\Dev\Dev2.Services.Execution.Tests\Dev2.Services.Execution.Tests.csproj]
C:\Users\ultra\warewolf\Dev\Warewolf.Auditing\Warewolf.Auditing.csproj : warning NU1701: Package 'ReactiveUI.WPF 18.4.1' was restored using '.NETFramework,Version=v4.6.1, .NETFramework,Version=v4.6.2, .NETFramework,Version=v4.7, .NETFramework,Version=v4.7.1, .NETFramework,Version=v4.7.2, .NETFramework,Version=v4.8, .NETFramework,Version=v4.8.1' instead of the project target framework 'net8.0'. This package may not be fully compatible with your project. [C:\Users\ultra\warewolf\Dev\Dev2.Services.Execution.Tests\Dev2.Services.Execution.Tests.csproj]
C:\Users\ultra\warewolf\Dev\Warewolf.Data\Warewolf.Data.csproj : warning NU1701: Package 'AeroWizard 2.3.1' was restored using '.NETFramework,Version=v4.6.1, .NETFramework,Version=v4.6.2, .NETFramework,Version=v4.7, .NETFramework,Version=v4.7.1, .NETFramework,Version=v4.7.2, .NETFramework,Version=v4.8, .NETFramework,Version=v4.8.1' instead of the project target framework 'net8.0'. This package may not be fully compatible with your project. [C:\Users\ultra\warewolf\Dev\Dev2.Services.Execution.Tests\Dev2.Services.Execution.Tests.csproj]
C:\Users\ultra\warewolf\Dev\Warewolf.Auditing\Warewolf.Auditing.csproj : warning NU1701: Package 'TaskSchedulerEditor 2.10.1' was restored using '.NETFramework,Version=v4.6.1, .NETFramework,Version=v4.6.2, .NETFramework,Version=v4.7, .NETFramework,Version=v4.7.1, .NETFramework,Version=v4.7.2, .NETFramework,Version=v4.8, .NETFramework,Version=v4.8.1' instead of the project target framework 'net8.0'. This package may not be fully compatible with your project. [C:\Users\ultra\warewolf\Dev\Dev2.Services.Execution.Tests\Dev2.Services.Execution.Tests.csproj]
C:\Users\ultra\warewolf\Dev\Warewolf.Data\Warewolf.Data.csproj : warning NU1701: Package 'GroupControls 1.9.0' was restored using '.NETFramework,Version=v4.6.1, .NETFramework,Version=v4.6.2, .NETFramework,Version=v4.7, .NETFramework,Version=v4.7.1, .NETFramework,Version=v4.7.2, .NETFramework,Version=v4.8, .NETFramework,Version=v4.8.1' instead of the project target framework 'net8.0'. This package may not be fully compatible with your project. [C:\Users\ultra\warewolf\Dev\Dev2.Services.Execution.Tests\Dev2.Services.Execution.Tests.csproj]
C:\Users\ultra\warewolf\Dev\Dev2.Scheduler\Dev2.Scheduler.csproj : warning NU1701: Package 'AeroWizard 2.3.1' was restored using '.NETFramework,Version=v4.6.1, .NETFramework,Version=v4.6.2, .NETFramework,Version=v4.7, .NETFramework,Version=v4.7.1, .NETFramework,Version=v4.7.2, .NETFramework,Version=v4.8, .NETFramework,Version=v4.8.1' instead of the project target framework 'net8.0'. This package may not be fully compatible with your project. [C:\Users\ultra\warewolf\Dev\Dev2.Services.Execution.Tests\Dev2.Services.Execution.Tests.csproj]
C:\Users\ultra\warewolf\Dev\Warewolf.Data\Warewolf.Data.csproj : warning NU1701: Package 'TaskSchedulerEditor 2.10.1' was restored using '.NETFramework,Version=v4.6.1, .NETFramework,Version=v4.6.2, .NETFramework,Version=v4.7, .NETFramework,Version=v4.7.1, .NETFramework,Version=v4.7.2, .NETFramework,Version=v4.8, .NETFramework,Version=v4.8.1' instead of the project target framework 'net8.0'. This package may not be fully compatible with your project. [C:\Users\ultra\warewolf\Dev\Dev2.Services.Execution.Tests\Dev2.Services.Execution.Tests.csproj]
C:\Users\ultra\warewolf\Dev\Dev2.Scheduler\Dev2.Scheduler.csproj : warning NU1701: Package 'GroupControls 1.9.0' was restored using '.NETFramework,Version=v4.6.1, .NETFramework,Version=v4.6.2, .NETFramework,Version=v4.7, .NETFramework,Version=v4.7.1, .NETFramework,Version=v4.7.2, .NETFramework,Version=v4.8, .NETFramework,Version=v4.8.1' instead of the project target framework 'net8.0'. This package may not be fully compatible with your project. [C:\Users\ultra\warewolf\Dev\Dev2.Services.Execution.Tests\Dev2.Services.Execution.Tests.csproj]
C:\Users\ultra\warewolf\Dev\Warewolf.Common.NetStandard20\Warewolf.Common.NetStandard20.csproj : warning NU1701: Package 'ReactiveUI.WPF 18.4.1' was restored using '.NETFramework,Version=v4.6.1, .NETFramework,Version=v4.6.2, .NETFramework,Version=v4.7, .NETFramework,Version=v4.7.1, .NETFramework,Version=v4.7.2, .NETFramework,Version=v4.8, .NETFramework,Version=v4.8.1' instead of the project target framework 'net8.0'. This package may not be fully compatible with your project. [C:\Users\ultra\warewolf\Dev\Dev2.Services.Execution.Tests\Dev2.Services.Execution.Tests.csproj]
C:\Users\ultra\warewolf\Dev\Dev2.Scheduler\Dev2.Scheduler.csproj : warning NU1701: Package 'ReactiveUI.WPF 18.4.1' was restored using '.NETFramework,Version=v4.6.1, .NETFramework,Version=v4.6.2, .NETFramework,Version=v4.7, .NETFramework,Version=v4.7.1, .NETFramework,Version=v4.7.2, .NETFramework,Version=v4.8, .NETFramework,Version=v4.8.1' instead of the project target framework 'net8.0'. This package may not be fully compatible with your project. [C:\Users\ultra\warewolf\Dev\Dev2.Services.Execution.Tests\Dev2.Services.Execution.Tests.csproj]
C:\Users\ultra\warewolf\Dev\Warewolf.Common.NetStandard20\Warewolf.Common.NetStandard20.csproj : warning NU1701: Package 'TaskSchedulerEditor 2.10.1' was restored using '.NETFramework,Version=v4.6.1, .NETFramework,Version=v4.6.2, .NETFramework,Version=v4.7, .NETFramework,Version=v4.7.1, .NETFramework,Version=v4.7.2, .NETFramework,Version=v4.8, .NETFramework,Version=v4.8.1' instead of the project target framework 'net8.0'. This package may not be fully compatible with your project. [C:\Users\ultra\warewolf\Dev\Dev2.Services.Execution.Tests\Dev2.Services.Execution.Tests.csproj]
C:\Users\ultra\warewolf\Dev\Dev2.Scheduler\Dev2.Scheduler.csproj : warning NU1701: Package 'TaskSchedulerEditor 2.10.1' was restored using '.NETFramework,Version=v4.6.1, .NETFramework,Version=v4.6.2, .NETFramework,Version=v4.7, .NETFramework,Version=v4.7.1, .NETFramework,Version=v4.7.2, .NETFramework,Version=v4.8, .NETFramework,Version=v4.8.1' instead of the project target framework 'net8.0'. This package may not be fully compatible with your project. [C:\Users\ultra\warewolf\Dev\Dev2.Services.Execution.Tests\Dev2.Services.Execution.Tests.csproj]
C:\Users\ultra\warewolf\Dev\Warewolf.Security\Warewolf.Security.csproj : warning NU1904: Package 'System.Drawing.Common' 4.5.1 has a known critical severity vulnerability, https://github.com/advisories/GHSA-rxg9-xrhp-64gj [C:\Users\ultra\warewolf\Dev\Dev2.Services.Execution.Tests\Dev2.Services.Execution.Tests.csproj]
C:\Users\ultra\warewolf\Dev\Dev2.Data.Interfaces\Dev2.Data.Interfaces.csproj : warning NU1903: Package 'DotNetZip' 1.16.0 has a known high severity vulnerability, https://github.com/advisories/GHSA-xhg6-9j5j-w4vf [C:\Users\ultra\warewolf\Dev\Dev2.Services.Execution.Tests\Dev2.Services.Execution.Tests.csproj]
C:\Users\ultra\warewolf\Dev\Dev2.Data.Interfaces\Dev2.Data.Interfaces.csproj : warning NU1701: Package 'AeroWizard 2.3.1' was restored using '.NETFramework,Version=v4.6.1, .NETFramework,Version=v4.6.2, .NETFramework,Version=v4.7, .NETFramework,Version=v4.7.1, .NETFramework,Version=v4.7.2, .NETFramework,Version=v4.8, .NETFramework,Version=v4.8.1' instead of the project target framework 'net8.0'. This package may not be fully compatible with your project. [C:\Users\ultra\warewolf\Dev\Dev2.Services.Execution.Tests\Dev2.Services.Execution.Tests.csproj]
C:\Users\ultra\warewolf\Dev\Dev2.Data.Interfaces\Dev2.Data.Interfaces.csproj : warning NU1701: Package 'GroupControls 1.9.0' was restored using '.NETFramework,Version=v4.6.1, .NETFramework,Version=v4.6.2, .NETFramework,Version=v4.7, .NETFramework,Version=v4.7.1, .NETFramework,Version=v4.7.2, .NETFramework,Version=v4.8, .NETFramework,Version=v4.8.1' instead of the project target framework 'net8.0'. This package may not be fully compatible with your project. [C:\Users\ultra\warewolf\Dev\Dev2.Services.Execution.Tests\Dev2.Services.Execution.Tests.csproj]
C:\Users\ultra\warewolf\Dev\Dev2.Data.Interfaces\Dev2.Data.Interfaces.csproj : warning NU1701: Package 'TaskSchedulerEditor 2.10.1' was restored using '.NETFramework,Version=v4.6.1, .NETFramework,Version=v4.6.2, .NETFramework,Version=v4.7, .NETFramework,Version=v4.7.1, .NETFramework,Version=v4.7.2, .NETFramework,Version=v4.8, .NETFramework,Version=v4.8.1' instead of the project target framework 'net8.0'. This package may not be fully compatible with your project. [C:\Users\ultra\warewolf\Dev\Dev2.Services.Execution.Tests\Dev2.Services.Execution.Tests.csproj]
C:\Users\ultra\warewolf\Dev\Warewolf.Storage.Interfaces\Warewolf.Storage.Interfaces.csproj : warning NU1701: Package 'AeroWizard 2.3.1' was restored using '.NETFramework,Version=v4.6.1, .NETFramework,Version=v4.6.2, .NETFramework,Version=v4.7, .NETFramework,Version=v4.7.1, .NETFramework,Version=v4.7.2, .NETFramework,Version=v4.8, .NETFramework,Version=v4.8.1' instead of the project target framework 'net8.0'. This package may not be fully compatible with your project. [C:\Users\ultra\warewolf\Dev\Dev2.Services.Execution.Tests\Dev2.Services.Execution.Tests.csproj]
C:\Users\ultra\warewolf\Dev\Warewolf.Storage.Interfaces\Warewolf.Storage.Interfaces.csproj : warning NU1701: Package 'GroupControls 1.9.0' was restored using '.NETFramework,Version=v4.6.1, .NETFramework,Version=v4.6.2, .NETFramework,Version=v4.7, .NETFramework,Version=v4.7.1, .NETFramework,Version=v4.7.2, .NETFramework,Version=v4.8, .NETFramework,Version=v4.8.1' instead of the project target framework 'net8.0'. This package may not be fully compatible with your project. [C:\Users\ultra\warewolf\Dev\Dev2.Services.Execution.Tests\Dev2.Services.Execution.Tests.csproj]
C:\Users\ultra\warewolf\Dev\Warewolf.Storage.Interfaces\Warewolf.Storage.Interfaces.csproj : warning NU1701: Package 'TaskSchedulerEditor 2.10.1' was restored using '.NETFramework,Version=v4.6.1, .NETFramework,Version=v4.6.2, .NETFramework,Version=v4.7, .NETFramework,Version=v4.7.1, .NETFramework,Version=v4.7.2, .NETFramework,Version=v4.8, .NETFramework,Version=v4.8.1' instead of the project target framework 'net8.0'. This package may not be fully compatible with your project. [C:\Users\ultra\warewolf\Dev\Dev2.Services.Execution.Tests\Dev2.Services.Execution.Tests.csproj]
C:\Users\ultra\warewolf\Dev\Dev2.Diagnostics\Dev2.Diagnostics.csproj : warning NU1701: Package 'AeroWizard 2.3.1' was restored using '.NETFramework,Version=v4.6.1, .NETFramework,Version=v4.6.2, .NETFramework,Version=v4.7, .NETFramework,Version=v4.7.1, .NETFramework,Version=v4.7.2, .NETFramework,Version=v4.8, .NETFramework,Version=v4.8.1' instead of the project target framework 'net8.0'. This package may not be fully compatible with your project. [C:\Users\ultra\warewolf\Dev\Dev2.Services.Execution.Tests\Dev2.Services.Execution.Tests.csproj]
C:\Users\ultra\warewolf\Dev\Dev2.Diagnostics\Dev2.Diagnostics.csproj : warning NU1701: Package 'GroupControls 1.9.0' was restored using '.NETFramework,Version=v4.6.1, .NETFramework,Version=v4.6.2, .NETFramework,Version=v4.7, .NETFramework,Version=v4.7.1, .NETFramework,Version=v4.7.2, .NETFramework,Version=v4.8, .NETFramework,Version=v4.8.1' instead of the project target framework 'net8.0'. This package may not be fully compatible with your project. [C:\Users\ultra\warewolf\Dev\Dev2.Services.Execution.Tests\Dev2.Services.Execution.Tests.csproj]
C:\Users\ultra\warewolf\Dev\Dev2.Diagnostics\Dev2.Diagnostics.csproj : warning NU1701: Package 'TaskSchedulerEditor 2.10.1' was restored using '.NETFramework,Version=v4.6.1, .NETFramework,Version=v4.6.2, .NETFramework,Version=v4.7, .NETFramework,Version=v4.7.1, .NETFramework,Version=v4.7.2, .NETFramework,Version=v4.8, .NETFramework,Version=v4.8.1' instead of the project target framework 'net8.0'. This package may not be fully compatible with your project. [C:\Users\ultra\warewolf\Dev\Dev2.Services.Execution.Tests\Dev2.Services.Execution.Tests.csproj]
C:\Users\ultra\warewolf\Dev\Dev2.CustomControls\Dev2.CustomControls.csproj : warning NU1903: Package 'Microsoft.Windows.Compatibility' 6.0.0 has a known high severity vulnerability, https://github.com/advisories/GHSA-555c-2p6r-68mm [C:\Users\ultra\warewolf\Dev\Dev2.Services.Execution.Tests\Dev2.Services.Execution.Tests.csproj]
C:\Users\ultra\warewolf\Dev\Dev2.CustomControls\Dev2.CustomControls.csproj : warning NU1701: Package 'AeroWizard 2.3.1' was restored using '.NETFramework,Version=v4.6.1, .NETFramework,Version=v4.6.2, .NETFramework,Version=v4.7, .NETFramework,Version=v4.7.1, .NETFramework,Version=v4.7.2, .NETFramework,Version=v4.8, .NETFramework,Version=v4.8.1' instead of the project target framework 'net8.0'. This package may not be fully compatible with your project. [C:\Users\ultra\warewolf\Dev\Dev2.Services.Execution.Tests\Dev2.Services.Execution.Tests.csproj]
C:\Users\ultra\warewolf\Dev\Dev2.CustomControls\Dev2.CustomControls.csproj : warning NU1701: Package 'GroupControls 1.9.0' was restored using '.NETFramework,Version=v4.6.1, .NETFramework,Version=v4.6.2, .NETFramework,Version=v4.7, .NETFramework,Version=v4.7.1, .NETFramework,Version=v4.7.2, .NETFramework,Version=v4.8, .NETFramework,Version=v4.8.1' instead of the project target framework 'net8.0'. This package may not be fully compatible with your project. [C:\Users\ultra\warewolf\Dev\Dev2.Services.Execution.Tests\Dev2.Services.Execution.Tests.csproj]
C:\Users\ultra\warewolf\Dev\Dev2.CustomControls\Dev2.CustomControls.csproj : warning NU1701: Package 'TaskSchedulerEditor 2.10.1' was restored using '.NETFramework,Version=v4.6.1, .NETFramework,Version=v4.6.2, .NETFramework,Version=v4.7, .NETFramework,Version=v4.7.1, .NETFramework,Version=v4.7.2, .NETFramework,Version=v4.8, .NETFramework,Version=v4.8.1' instead of the project target framework 'net8.0'. This package may not be fully compatible with your project. [C:\Users\ultra\warewolf\Dev\Dev2.Services.Execution.Tests\Dev2.Services.Execution.Tests.csproj]
C:\Users\ultra\warewolf\Dev\Warewolf.Sharepoint\Warewolf.Sharepoint.csproj : warning NU1701: Package 'AeroWizard 2.3.1' was restored using '.NETFramework,Version=v4.6.1, .NETFramework,Version=v4.6.2, .NETFramework,Version=v4.7, .NETFramework,Version=v4.7.1, .NETFramework,Version=v4.7.2, .NETFramework,Version=v4.8, .NETFramework,Version=v4.8.1' instead of the project target framework 'net8.0'. This package may not be fully compatible with your project. [C:\Users\ultra\warewolf\Dev\Dev2.Services.Execution.Tests\Dev2.Services.Execution.Tests.csproj]
C:\Users\ultra\warewolf\Dev\Warewolf.Sharepoint\Warewolf.Sharepoint.csproj : warning NU1701: Package 'GroupControls 1.9.0' was restored using '.NETFramework,Version=v4.6.1, .NETFramework,Version=v4.6.2, .NETFramework,Version=v4.7, .NETFramework,Version=v4.7.1, .NETFramework,Version=v4.7.2, .NETFramework,Version=v4.8, .NETFramework,Version=v4.8.1' instead of the project target framework 'net8.0'. This package may not be fully compatible with your project. [C:\Users\ultra\warewolf\Dev\Dev2.Services.Execution.Tests\Dev2.Services.Execution.Tests.csproj]
C:\Users\ultra\warewolf\Dev\Warewolf.Sharepoint\Warewolf.Sharepoint.csproj : warning NU1701: Package 'ReactiveUI.WPF 18.4.1' was restored using '.NETFramework,Version=v4.6.1, .NETFramework,Version=v4.6.2, .NETFramework,Version=v4.7, .NETFramework,Version=v4.7.1, .NETFramework,Version=v4.7.2, .NETFramework,Version=v4.8, .NETFramework,Version=v4.8.1' instead of the project target framework 'net8.0'. This package may not be fully compatible with your project. [C:\Users\ultra\warewolf\Dev\Dev2.Services.Execution.Tests\Dev2.Services.Execution.Tests.csproj]
C:\Users\ultra\warewolf\Dev\Dev2.Infrastructure\Dev2.Infrastructure.csproj : warning NU1903: Package 'Microsoft.Windows.Compatibility' 6.0.0 has a known high severity vulnerability, https://github.com/advisories/GHSA-555c-2p6r-68mm [C:\Users\ultra\warewolf\Dev\Dev2.Services.Execution.Tests\Dev2.Services.Execution.Tests.csproj]
C:\Users\ultra\warewolf\Dev\Warewolf.Sharepoint\Warewolf.Sharepoint.csproj : warning NU1701: Package 'TaskSchedulerEditor 2.10.1' was restored using '.NETFramework,Version=v4.6.1, .NETFramework,Version=v4.6.2, .NETFramework,Version=v4.7, .NETFramework,Version=v4.7.1, .NETFramework,Version=v4.7.2, .NETFramework,Version=v4.8, .NETFramework,Version=v4.8.1' instead of the project target framework 'net8.0'. This package may not be fully compatible with your project. [C:\Users\ultra\warewolf\Dev\Dev2.Services.Execution.Tests\Dev2.Services.Execution.Tests.csproj]
C:\Users\ultra\warewolf\Dev\Dev2.Infrastructure\Dev2.Infrastructure.csproj : warning NU1701: Package 'AeroWizard 2.3.1' was restored using '.NETFramework,Version=v4.6.1, .NETFramework,Version=v4.6.2, .NETFramework,Version=v4.7, .NETFramework,Version=v4.7.1, .NETFramework,Version=v4.7.2, .NETFramework,Version=v4.8, .NETFramework,Version=v4.8.1' instead of the project target framework 'net8.0'. This package may not be fully compatible with your project. [C:\Users\ultra\warewolf\Dev\Dev2.Services.Execution.Tests\Dev2.Services.Execution.Tests.csproj]
C:\Users\ultra\warewolf\Dev\Dev2.Services.Sql\Dev2.Services.Sql.csproj : warning NU1903: Package 'Oracle.ManagedDataAccess.Core' 3.21.70 has a known high severity vulnerability, https://github.com/advisories/GHSA-5pm2-9mr2-3frq [C:\Users\ultra\warewolf\Dev\Dev2.Services.Execution.Tests\Dev2.Services.Execution.Tests.csproj]
C:\Users\ultra\warewolf\Dev\Dev2.Infrastructure\Dev2.Infrastructure.csproj : warning NU1701: Package 'GroupControls 1.9.0' was restored using '.NETFramework,Version=v4.6.1, .NETFramework,Version=v4.6.2, .NETFramework,Version=v4.7, .NETFramework,Version=v4.7.1, .NETFramework,Version=v4.7.2, .NETFramework,Version=v4.8, .NETFramework,Version=v4.8.1' instead of the project target framework 'net8.0'. This package may not be fully compatible with your project. [C:\Users\ultra\warewolf\Dev\Dev2.Services.Execution.Tests\Dev2.Services.Execution.Tests.csproj]
C:\Users\ultra\warewolf\Dev\Dev2.Services.Sql\Dev2.Services.Sql.csproj : warning NU1701: Package 'AeroWizard 2.3.1' was restored using '.NETFramework,Version=v4.6.1, .NETFramework,Version=v4.6.2, .NETFramework,Version=v4.7, .NETFramework,Version=v4.7.1, .NETFramework,Version=v4.7.2, .NETFramework,Version=v4.8, .NETFramework,Version=v4.8.1' instead of the project target framework 'net8.0'. This package may not be fully compatible with your project. [C:\Users\ultra\warewolf\Dev\Dev2.Services.Execution.Tests\Dev2.Services.Execution.Tests.csproj]
C:\Users\ultra\warewolf\Dev\Dev2.Infrastructure\Dev2.Infrastructure.csproj : warning NU1701: Package 'ReactiveUI.WPF 18.4.1' was restored using '.NETFramework,Version=v4.6.1, .NETFramework,Version=v4.6.2, .NETFramework,Version=v4.7, .NETFramework,Version=v4.7.1, .NETFramework,Version=v4.7.2, .NETFramework,Version=v4.8, .NETFramework,Version=v4.8.1' instead of the project target framework 'net8.0'. This package may not be fully compatible with your project. [C:\Users\ultra\warewolf\Dev\Dev2.Services.Execution.Tests\Dev2.Services.Execution.Tests.csproj]
C:\Users\ultra\warewolf\Dev\Dev2.Services.Sql\Dev2.Services.Sql.csproj : warning NU1701: Package 'GroupControls 1.9.0' was restored using '.NETFramework,Version=v4.6.1, .NETFramework,Version=v4.6.2, .NETFramework,Version=v4.7, .NETFramework,Version=v4.7.1, .NETFramework,Version=v4.7.2, .NETFramework,Version=v4.8, .NETFramework,Version=v4.8.1' instead of the project target framework 'net8.0'. This package may not be fully compatible with your project. [C:\Users\ultra\warewolf\Dev\Dev2.Services.Execution.Tests\Dev2.Services.Execution.Tests.csproj]
C:\Users\ultra\warewolf\Dev\Dev2.Infrastructure\Dev2.Infrastructure.csproj : warning NU1701: Package 'TaskSchedulerEditor 2.10.1' was restored using '.NETFramework,Version=v4.6.1, .NETFramework,Version=v4.6.2, .NETFramework,Version=v4.7, .NETFramework,Version=v4.7.1, .NETFramework,Version=v4.7.2, .NETFramework,Version=v4.8, .NETFramework,Version=v4.8.1' instead of the project target framework 'net8.0'. This package may not be fully compatible with your project. [C:\Users\ultra\warewolf\Dev\Dev2.Services.Execution.Tests\Dev2.Services.Execution.Tests.csproj]
C:\Users\ultra\warewolf\Dev\Dev2.Services.Sql\Dev2.Services.Sql.csproj : warning NU1701: Package 'ReactiveUI.WPF 18.4.1' was restored using '.NETFramework,Version=v4.6.1, .NETFramework,Version=v4.6.2, .NETFramework,Version=v4.7, .NETFramework,Version=v4.7.1, .NETFramework,Version=v4.7.2, .NETFramework,Version=v4.8, .NETFramework,Version=v4.8.1' instead of the project target framework 'net8.0'. This package may not be fully compatible with your project. [C:\Users\ultra\warewolf\Dev\Dev2.Services.Execution.Tests\Dev2.Services.Execution.Tests.csproj]
C:\Users\ultra\warewolf\Dev\Dev2.Services.Sql\Dev2.Services.Sql.csproj : warning NU1701: Package 'TaskSchedulerEditor 2.10.1' was restored using '.NETFramework,Version=v4.6.1, .NETFramework,Version=v4.6.2, .NETFramework,Version=v4.7, .NETFramework,Version=v4.7.1, .NETFramework,Version=v4.7.2, .NETFramework,Version=v4.8, .NETFramework,Version=v4.8.1' instead of the project target framework 'net8.0'. This package may not be fully compatible with your project. [C:\Users\ultra\warewolf\Dev\Dev2.Services.Execution.Tests\Dev2.Services.Execution.Tests.csproj]
C:\Users\ultra\warewolf\Dev\Dev2.Data\Dev2.Data.csproj : warning NU1701: Package 'AeroWizard 2.3.1' was restored using '.NETFramework,Version=v4.6.1, .NETFramework,Version=v4.6.2, .NETFramework,Version=v4.7, .NETFramework,Version=v4.7.1, .NETFramework,Version=v4.7.2, .NETFramework,Version=v4.8, .NETFramework,Version=v4.8.1' instead of the project target framework 'net8.0'. This package may not be fully compatible with your project. [C:\Users\ultra\warewolf\Dev\Dev2.Services.Execution.Tests\Dev2.Services.Execution.Tests.csproj]
C:\Users\ultra\warewolf\Dev\Dev2.Data\Dev2.Data.csproj : warning NU1701: Package 'GroupControls 1.9.0' was restored using '.NETFramework,Version=v4.6.1, .NETFramework,Version=v4.6.2, .NETFramework,Version=v4.7, .NETFramework,Version=v4.7.1, .NETFramework,Version=v4.7.2, .NETFramework,Version=v4.8, .NETFramework,Version=v4.8.1' instead of the project target framework 'net8.0'. This package may not be fully compatible with your project. [C:\Users\ultra\warewolf\Dev\Dev2.Services.Execution.Tests\Dev2.Services.Execution.Tests.csproj]
C:\Users\ultra\warewolf\Dev\Dev2.Data\Dev2.Data.csproj : warning NU1701: Package 'ReactiveUI.WPF 18.4.1' was restored using '.NETFramework,Version=v4.6.1, .NETFramework,Version=v4.6.2, .NETFramework,Version=v4.7, .NETFramework,Version=v4.7.1, .NETFramework,Version=v4.7.2, .NETFramework,Version=v4.8, .NETFramework,Version=v4.8.1' instead of the project target framework 'net8.0'. This package may not be fully compatible with your project. [C:\Users\ultra\warewolf\Dev\Dev2.Services.Execution.Tests\Dev2.Services.Execution.Tests.csproj]
C:\Users\ultra\warewolf\Dev\Dev2.Data\Dev2.Data.csproj : warning NU1701: Package 'TaskSchedulerEditor 2.10.1' was restored using '.NETFramework,Version=v4.6.1, .NETFramework,Version=v4.6.2, .NETFramework,Version=v4.7, .NETFramework,Version=v4.7.1, .NETFramework,Version=v4.7.2, .NETFramework,Version=v4.8, .NETFramework,Version=v4.8.1' instead of the project target framework 'net8.0'. This package may not be fully compatible with your project. [C:\Users\ultra\warewolf\Dev\Dev2.Services.Execution.Tests\Dev2.Services.Execution.Tests.csproj]
C:\Users\ultra\warewolf\Dev\Warewolf.Driver.Serilog\Warewolf.Driver.Serilog.csproj : warning NU1701: Package 'AeroWizard 2.3.1' was restored using '.NETFramework,Version=v4.6.1, .NETFramework,Version=v4.6.2, .NETFramework,Version=v4.7, .NETFramework,Version=v4.7.1, .NETFramework,Version=v4.7.2, .NETFramework,Version=v4.8, .NETFramework,Version=v4.8.1' instead of the project target framework 'net8.0'. This package may not be fully compatible with your project. [C:\Users\ultra\warewolf\Dev\Dev2.Services.Execution.Tests\Dev2.Services.Execution.Tests.csproj]
C:\Users\ultra\warewolf\Dev\Warewolf.Driver.Serilog\Warewolf.Driver.Serilog.csproj : warning NU1701: Package 'GroupControls 1.9.0' was restored using '.NETFramework,Version=v4.6.1, .NETFramework,Version=v4.6.2, .NETFramework,Version=v4.7, .NETFramework,Version=v4.7.1, .NETFramework,Version=v4.7.2, .NETFramework,Version=v4.8, .NETFramework,Version=v4.8.1' instead of the project target framework 'net8.0'. This package may not be fully compatible with your project. [C:\Users\ultra\warewolf\Dev\Dev2.Services.Execution.Tests\Dev2.Services.Execution.Tests.csproj]
C:\Users\ultra\warewolf\Dev\Warewolf.Driver.Serilog\Warewolf.Driver.Serilog.csproj : warning NU1701: Package 'ReactiveUI.WPF 18.4.1' was restored using '.NETFramework,Version=v4.6.1, .NETFramework,Version=v4.6.2, .NETFramework,Version=v4.7, .NETFramework,Version=v4.7.1, .NETFramework,Version=v4.7.2, .NETFramework,Version=v4.8, .NETFramework,Version=v4.8.1' instead of the project target framework 'net8.0'. This package may not be fully compatible with your project. [C:\Users\ultra\warewolf\Dev\Dev2.Services.Execution.Tests\Dev2.Services.Execution.Tests.csproj]
C:\Users\ultra\warewolf\Dev\Warewolf.Driver.Serilog\Warewolf.Driver.Serilog.csproj : warning NU1701: Package 'TaskSchedulerEditor 2.10.1' was restored using '.NETFramework,Version=v4.6.1, .NETFramework,Version=v4.6.2, .NETFramework,Version=v4.7, .NETFramework,Version=v4.7.1, .NETFramework,Version=v4.7.2, .NETFramework,Version=v4.8, .NETFramework,Version=v4.8.1' instead of the project target framework 'net8.0'. This package may not be fully compatible with your project. [C:\Users\ultra\warewolf\Dev\Dev2.Services.Execution.Tests\Dev2.Services.Execution.Tests.csproj]
C:\Users\ultra\warewolf\Dev\Warewolf.Storage\Warewolf.Storage.csproj : warning NU1701: Package 'AeroWizard 2.3.1' was restored using '.NETFramework,Version=v4.6.1, .NETFramework,Version=v4.6.2, .NETFramework,Version=v4.7, .NETFramework,Version=v4.7.1, .NETFramework,Version=v4.7.2, .NETFramework,Version=v4.8, .NETFramework,Version=v4.8.1' instead of the project target framework 'net8.0'. This package may not be fully compatible with your project. [C:\Users\ultra\warewolf\Dev\Dev2.Services.Execution.Tests\Dev2.Services.Execution.Tests.csproj]
C:\Users\ultra\warewolf\Dev\Warewolf.Storage\Warewolf.Storage.csproj : warning NU1701: Package 'GroupControls 1.9.0' was restored using '.NETFramework,Version=v4.6.1, .NETFramework,Version=v4.6.2, .NETFramework,Version=v4.7, .NETFramework,Version=v4.7.1, .NETFramework,Version=v4.7.2, .NETFramework,Version=v4.8, .NETFramework,Version=v4.8.1' instead of the project target framework 'net8.0'. This package may not be fully compatible with your project. [C:\Users\ultra\warewolf\Dev\Dev2.Services.Execution.Tests\Dev2.Services.Execution.Tests.csproj]
C:\Users\ultra\warewolf\Dev\Warewolf.Storage\Warewolf.Storage.csproj : warning NU1701: Package 'ReactiveUI.WPF 18.4.1' was restored using '.NETFramework,Version=v4.6.1, .NETFramework,Version=v4.6.2, .NETFramework,Version=v4.7, .NETFramework,Version=v4.7.1, .NETFramework,Version=v4.7.2, .NETFramework,Version=v4.8, .NETFramework,Version=v4.8.1' instead of the project target framework 'net8.0'. This package may not be fully compatible with your project. [C:\Users\ultra\warewolf\Dev\Dev2.Services.Execution.Tests\Dev2.Services.Execution.Tests.csproj]
C:\Users\ultra\warewolf\Dev\Warewolf.Storage\Warewolf.Storage.csproj : warning NU1701: Package 'TaskSchedulerEditor 2.10.1' was restored using '.NETFramework,Version=v4.6.1, .NETFramework,Version=v4.6.2, .NETFramework,Version=v4.7, .NETFramework,Version=v4.7.1, .NETFramework,Version=v4.7.2, .NETFramework,Version=v4.8, .NETFramework,Version=v4.8.1' instead of the project target framework 'net8.0'. This package may not be fully compatible with your project. [C:\Users\ultra\warewolf\Dev\Dev2.Services.Execution.Tests\Dev2.Services.Execution.Tests.csproj]
C:\Users\ultra\warewolf\Dev\Dev2.Common.Interfaces\Dev2.Common.Interfaces.csproj : warning NU1903: Package 'Microsoft.Windows.Compatibility' 6.0.0 has a known high severity vulnerability, https://github.com/advisories/GHSA-555c-2p6r-68mm [C:\Users\ultra\warewolf\Dev\Dev2.Services.Execution.Tests\Dev2.Services.Execution.Tests.csproj]
C:\Users\ultra\warewolf\Dev\Dev2.Common.Interfaces\Dev2.Common.Interfaces.csproj : warning NU1701: Package 'AeroWizard 2.3.1' was restored using '.NETFramework,Version=v4.6.1, .NETFramework,Version=v4.6.2, .NETFramework,Version=v4.7, .NETFramework,Version=v4.7.1, .NETFramework,Version=v4.7.2, .NETFramework,Version=v4.8, .NETFramework,Version=v4.8.1' instead of the project target framework 'net8.0'. This package may not be fully compatible with your project. [C:\Users\ultra\warewolf\Dev\Dev2.Services.Execution.Tests\Dev2.Services.Execution.Tests.csproj]
C:\Users\ultra\warewolf\Dev\Dev2.Common.Interfaces\Dev2.Common.Interfaces.csproj : warning NU1701: Package 'GroupControls 1.9.0' was restored using '.NETFramework,Version=v4.6.1, .NETFramework,Version=v4.6.2, .NETFramework,Version=v4.7, .NETFramework,Version=v4.7.1, .NETFramework,Version=v4.7.2, .NETFramework,Version=v4.8, .NETFramework,Version=v4.8.1' instead of the project target framework 'net8.0'. This package may not be fully compatible with your project. [C:\Users\ultra\warewolf\Dev\Dev2.Services.Execution.Tests\Dev2.Services.Execution.Tests.csproj]
C:\Users\ultra\warewolf\Dev\Dev2.Common.Interfaces\Dev2.Common.Interfaces.csproj : warning NU1701: Package 'TaskSchedulerEditor 2.10.1' was restored using '.NETFramework,Version=v4.6.1, .NETFramework,Version=v4.6.2, .NETFramework,Version=v4.7, .NETFramework,Version=v4.7.1, .NETFramework,Version=v4.7.2, .NETFramework,Version=v4.8, .NETFramework,Version=v4.8.1' instead of the project target framework 'net8.0'. This package may not be fully compatible with your project. [C:\Users\ultra\warewolf\Dev\Dev2.Services.Execution.Tests\Dev2.Services.Execution.Tests.csproj]
C:\Users\ultra\warewolf\Dev\Warewolf.AI.Harness\Warewolf.AI.Harness.csproj : warning NU1701: Package 'AeroWizard 2.3.1' was restored using '.NETFramework,Version=v4.6.1, .NETFramework,Version=v4.6.2, .NETFramework,Version=v4.7, .NETFramework,Version=v4.7.1, .NETFramework,Version=v4.7.2, .NETFramework,Version=v4.8, .NETFramework,Version=v4.8.1' instead of the project target framework 'net8.0'. This package may not be fully compatible with your project. [C:\Users\ultra\warewolf\Dev\Dev2.Services.Execution.Tests\Dev2.Services.Execution.Tests.csproj]
C:\Users\ultra\warewolf\Dev\Warewolf.AI.Harness\Warewolf.AI.Harness.csproj : warning NU1701: Package 'GroupControls 1.9.0' was restored using '.NETFramework,Version=v4.6.1, .NETFramework,Version=v4.6.2, .NETFramework,Version=v4.7, .NETFramework,Version=v4.7.1, .NETFramework,Version=v4.7.2, .NETFramework,Version=v4.8, .NETFramework,Version=v4.8.1' instead of the project target framework 'net8.0'. This package may not be fully compatible with your project. [C:\Users\ultra\warewolf\Dev\Dev2.Services.Execution.Tests\Dev2.Services.Execution.Tests.csproj]
C:\Users\ultra\warewolf\Dev\Warewolf.AI.Harness\Warewolf.AI.Harness.csproj : warning NU1701: Package 'TaskSchedulerEditor 2.10.1' was restored using '.NETFramework,Version=v4.6.1, .NETFramework,Version=v4.6.2, .NETFramework,Version=v4.7, .NETFramework,Version=v4.7.1, .NETFramework,Version=v4.7.2, .NETFramework,Version=v4.8, .NETFramework,Version=v4.8.1' instead of the project target framework 'net8.0'. This package may not be fully compatible with your project. [C:\Users\ultra\warewolf\Dev\Dev2.Services.Execution.Tests\Dev2.Services.Execution.Tests.csproj]
C:\Users\ultra\warewolf\Dev\Dev2.Services.Execution\Dev2.Services.Execution.csproj : warning NU1701: Package 'AeroWizard 2.3.1' was restored using '.NETFramework,Version=v4.6.1, .NETFramework,Version=v4.6.2, .NETFramework,Version=v4.7, .NETFramework,Version=v4.7.1, .NETFramework,Version=v4.7.2, .NETFramework,Version=v4.8, .NETFramework,Version=v4.8.1' instead of the project target framework 'net8.0'. This package may not be fully compatible with your project. [C:\Users\ultra\warewolf\Dev\Dev2.Services.Execution.Tests\Dev2.Services.Execution.Tests.csproj]
C:\Users\ultra\warewolf\Dev\Dev2.Services.Execution\Dev2.Services.Execution.csproj : warning NU1701: Package 'GroupControls 1.9.0' was restored using '.NETFramework,Version=v4.6.1, .NETFramework,Version=v4.6.2, .NETFramework,Version=v4.7, .NETFramework,Version=v4.7.1, .NETFramework,Version=v4.7.2, .NETFramework,Version=v4.8, .NETFramework,Version=v4.8.1' instead of the project target framework 'net8.0'. This package may not be fully compatible with your project. [C:\Users\ultra\warewolf\Dev\Dev2.Services.Execution.Tests\Dev2.Services.Execution.Tests.csproj]
C:\Users\ultra\warewolf\Dev\Dev2.Services.Execution\Dev2.Services.Execution.csproj : warning NU1701: Package 'ReactiveUI.WPF 18.4.1' was restored using '.NETFramework,Version=v4.6.1, .NETFramework,Version=v4.6.2, .NETFramework,Version=v4.7, .NETFramework,Version=v4.7.1, .NETFramework,Version=v4.7.2, .NETFramework,Version=v4.8, .NETFramework,Version=v4.8.1' instead of the project target framework 'net8.0'. This package may not be fully compatible with your project. [C:\Users\ultra\warewolf\Dev\Dev2.Services.Execution.Tests\Dev2.Services.Execution.Tests.csproj]
C:\Users\ultra\warewolf\Dev\Dev2.Services.Execution\Dev2.Services.Execution.csproj : warning NU1701: Package 'TaskSchedulerEditor 2.10.1' was restored using '.NETFramework,Version=v4.6.1, .NETFramework,Version=v4.6.2, .NETFramework,Version=v4.7, .NETFramework,Version=v4.7.1, .NETFramework,Version=v4.7.2, .NETFramework,Version=v4.8, .NETFramework,Version=v4.8.1' instead of the project target framework 'net8.0'. This package may not be fully compatible with your project. [C:\Users\ultra\warewolf\Dev\Dev2.Services.Execution.Tests\Dev2.Services.Execution.Tests.csproj]
C:\Users\ultra\warewolf\Dev\Dev2.Common\Dev2.Common.csproj : warning NU1903: Package 'Microsoft.Windows.Compatibility' 6.0.0 has a known high severity vulnerability, https://github.com/advisories/GHSA-555c-2p6r-68mm [C:\Users\ultra\warewolf\Dev\Dev2.Services.Execution.Tests\Dev2.Services.Execution.Tests.csproj]
C:\Users\ultra\warewolf\Dev\Dev2.Common\Dev2.Common.csproj : warning NU1701: Package 'AeroWizard 2.3.1' was restored using '.NETFramework,Version=v4.6.1, .NETFramework,Version=v4.6.2, .NETFramework,Version=v4.7, .NETFramework,Version=v4.7.1, .NETFramework,Version=v4.7.2, .NETFramework,Version=v4.8, .NETFramework,Version=v4.8.1' instead of the project target framework 'net8.0'. This package may not be fully compatible with your project. [C:\Users\ultra\warewolf\Dev\Dev2.Services.Execution.Tests\Dev2.Services.Execution.Tests.csproj]
C:\Users\ultra\warewolf\Dev\Dev2.Common\Dev2.Common.csproj : warning NU1701: Package 'GroupControls 1.9.0' was restored using '.NETFramework,Version=v4.6.1, .NETFramework,Version=v4.6.2, .NETFramework,Version=v4.7, .NETFramework,Version=v4.7.1, .NETFramework,Version=v4.7.2, .NETFramework,Version=v4.8, .NETFramework,Version=v4.8.1' instead of the project target framework 'net8.0'. This package may not be fully compatible with your project. [C:\Users\ultra\warewolf\Dev\Dev2.Services.Execution.Tests\Dev2.Services.Execution.Tests.csproj]
C:\Users\ultra\warewolf\Dev\Dev2.Common\Dev2.Common.csproj : warning NU1701: Package 'TaskSchedulerEditor 2.10.1' was restored using '.NETFramework,Version=v4.6.1, .NETFramework,Version=v4.6.2, .NETFramework,Version=v4.7, .NETFramework,Version=v4.7.1, .NETFramework,Version=v4.7.2, .NETFramework,Version=v4.8, .NETFramework,Version=v4.8.1' instead of the project target framework 'net8.0'. This package may not be fully compatible with your project. [C:\Users\ultra\warewolf\Dev\Dev2.Services.Execution.Tests\Dev2.Services.Execution.Tests.csproj]
C:\Users\ultra\warewolf\Dev\Dev2.Core\Dev2.Core.csproj : warning NU1903: Package 'Microsoft.Windows.Compatibility' 6.0.0 has a known high severity vulnerability, https://github.com/advisories/GHSA-555c-2p6r-68mm [C:\Users\ultra\warewolf\Dev\Dev2.Services.Execution.Tests\Dev2.Services.Execution.Tests.csproj]
C:\Users\ultra\warewolf\Dev\Dev2.Core\Dev2.Core.csproj : warning NU1701: Package 'AeroWizard 2.3.1' was restored using '.NETFramework,Version=v4.6.1, .NETFramework,Version=v4.6.2, .NETFramework,Version=v4.7, .NETFramework,Version=v4.7.1, .NETFramework,Version=v4.7.2, .NETFramework,Version=v4.8, .NETFramework,Version=v4.8.1' instead of the project target framework 'net8.0'. This package may not be fully compatible with your project. [C:\Users\ultra\warewolf\Dev\Dev2.Services.Execution.Tests\Dev2.Services.Execution.Tests.csproj]
C:\Users\ultra\warewolf\Dev\Dev2.Core\Dev2.Core.csproj : warning NU1701: Package 'GroupControls 1.9.0' was restored using '.NETFramework,Version=v4.6.1, .NETFramework,Version=v4.6.2, .NETFramework,Version=v4.7, .NETFramework,Version=v4.7.1, .NETFramework,Version=v4.7.2, .NETFramework,Version=v4.8, .NETFramework,Version=v4.8.1' instead of the project target framework 'net8.0'. This package may not be fully compatible with your project. [C:\Users\ultra\warewolf\Dev\Dev2.Services.Execution.Tests\Dev2.Services.Execution.Tests.csproj]
C:\Users\ultra\warewolf\Dev\Dev2.Core\Dev2.Core.csproj : warning NU1701: Package 'ReactiveUI.WPF 18.4.1' was restored using '.NETFramework,Version=v4.6.1, .NETFramework,Version=v4.6.2, .NETFramework,Version=v4.7, .NETFramework,Version=v4.7.1, .NETFramework,Version=v4.7.2, .NETFramework,Version=v4.8, .NETFramework,Version=v4.8.1' instead of the project target framework 'net8.0'. This package may not be fully compatible with your project. [C:\Users\ultra\warewolf\Dev\Dev2.Services.Execution.Tests\Dev2.Services.Execution.Tests.csproj]
C:\Users\ultra\warewolf\Dev\Dev2.Core\Dev2.Core.csproj : warning NU1701: Package 'TaskSchedulerEditor 2.10.1' was restored using '.NETFramework,Version=v4.6.1, .NETFramework,Version=v4.6.2, .NETFramework,Version=v4.7, .NETFramework,Version=v4.7.1, .NETFramework,Version=v4.7.2, .NETFramework,Version=v4.8, .NETFramework,Version=v4.8.1' instead of the project target framework 'net8.0'. This package may not be fully compatible with your project. [C:\Users\ultra\warewolf\Dev\Dev2.Services.Execution.Tests\Dev2.Services.Execution.Tests.csproj]
C:\Users\ultra\warewolf\Dev\Dev2.Services.Execution.Tests\Dev2.Services.Execution.Tests.csproj : warning NU1701: Package 'AeroWizard 2.3.1' was restored using '.NETFramework,Version=v4.6.1, .NETFramework,Version=v4.6.2, .NETFramework,Version=v4.7, .NETFramework,Version=v4.7.1, .NETFramework,Version=v4.7.2, .NETFramework,Version=v4.8, .NETFramework,Version=v4.8.1' instead of the project target framework 'net8.0'. This package may not be fully compatible with your project.
C:\Users\ultra\warewolf\Dev\Dev2.Services.Execution.Tests\Dev2.Services.Execution.Tests.csproj : warning NU1701: Package 'GroupControls 1.9.0' was restored using '.NETFramework,Version=v4.6.1, .NETFramework,Version=v4.6.2, .NETFramework,Version=v4.7, .NETFramework,Version=v4.7.1, .NETFramework,Version=v4.7.2, .NETFramework,Version=v4.8, .NETFramework,Version=v4.8.1' instead of the project target framework 'net8.0'. This package may not be fully compatible with your project.
C:\Users\ultra\warewolf\Dev\Dev2.Services.Execution.Tests\Dev2.Services.Execution.Tests.csproj : warning NU1701: Package 'ReactiveUI.WPF 18.4.1' was restored using '.NETFramework,Version=v4.6.1, .NETFramework,Version=v4.6.2, .NETFramework,Version=v4.7, .NETFramework,Version=v4.7.1, .NETFramework,Version=v4.7.2, .NETFramework,Version=v4.8, .NETFramework,Version=v4.8.1' instead of the project target framework 'net8.0'. This package may not be fully compatible with your project.
C:\Users\ultra\warewolf\Dev\Dev2.Services.Execution.Tests\Dev2.Services.Execution.Tests.csproj : warning NU1701: Package 'TaskSchedulerEditor 2.10.1' was restored using '.NETFramework,Version=v4.6.1, .NETFramework,Version=v4.6.2, .NETFramework,Version=v4.7, .NETFramework,Version=v4.7.1, .NETFramework,Version=v4.7.2, .NETFramework,Version=v4.8, .NETFramework,Version=v4.8.1' instead of the project target framework 'net8.0'. This package may not be fully compatible with your project.
  Restored C:\Users\ultra\warewolf\Dev\Dev2.Services.Execution.Tests\Dev2.Services.Execution.Tests.csproj (in 565 ms).
  42 of 43 projects are up-to-date for restore.
C:\Users\ultra\warewolf\Dev\Dev2.Services.Execution.Tests\Dev2.Services.Execution.Tests.csproj : warning NU1701: Package 'AeroWizard 2.3.1' was restored using '.NETFramework,Version=v4.6.1, .NETFramework,Version=v4.6.2, .NETFramework,Version=v4.7, .NETFramework,Version=v4.7.1, .NETFramework,Version=v4.7.2, .NETFramework,Version=v4.8, .NETFramework,Version=v4.8.1' instead of the project target framework 'net8.0'. This package may not be fully compatible with your project.
C:\Users\ultra\warewolf\Dev\Dev2.Services.Execution.Tests\Dev2.Services.Execution.Tests.csproj : warning NU1701: Package 'GroupControls 1.9.0' was restored using '.NETFramework,Version=v4.6.1, .NETFramework,Version=v4.6.2, .NETFramework,Version=v4.7, .NETFramework,Version=v4.7.1, .NETFramework,Version=v4.7.2, .NETFramework,Version=v4.8, .NETFramework,Version=v4.8.1' instead of the project target framework 'net8.0'. This package may not be fully compatible with your project.
C:\Users\ultra\warewolf\Dev\Dev2.Services.Execution.Tests\Dev2.Services.Execution.Tests.csproj : warning NU1701: Package 'ReactiveUI.WPF 18.4.1' was restored using '.NETFramework,Version=v4.6.1, .NETFramework,Version=v4.6.2, .NETFramework,Version=v4.7, .NETFramework,Version=v4.7.1, .NETFramework,Version=v4.7.2, .NETFramework,Version=v4.8, .NETFramework,Version=v4.8.1' instead of the project target framework 'net8.0'. This package may not be fully compatible with your project.
C:\Users\ultra\warewolf\Dev\Dev2.Services.Execution.Tests\Dev2.Services.Execution.Tests.csproj : warning NU1701: Package 'TaskSchedulerEditor 2.10.1' was restored using '.NETFramework,Version=v4.6.1, .NETFramework,Version=v4.6.2, .NETFramework,Version=v4.7, .NETFramework,Version=v4.7.1, .NETFramework,Version=v4.7.2, .NETFramework,Version=v4.8, .NETFramework,Version=v4.8.1' instead of the project target framework 'net8.0'. This package may not be fully compatible with your project.
C:\Users\ultra\warewolf\Dev\Dev2.CustomControls\Dev2.CustomControls.csproj(135,14): warning MSB4130: The condition "'$(TargetFramework)' != '' and ($(TargetFramework.EndsWith('-windows')) or '$(TargetFramework)' == 'net48') Or '$(TargetFrameworkIdentifier)' == '.NETFramework'" may have been evaluated incorrectly in an earlier version of MSBuild. Please verify that the order of the AND and OR clauses is written as intended. To avoid this warning, add parentheses to make the evaluation order explicit.
C:\Users\ultra\warewolf\Dev\Dev2.Common\Dev2.Common.csproj : warning NU1903: Package 'Microsoft.Windows.Compatibility' 6.0.0 has a known high severity vulnerability, https://github.com/advisories/GHSA-555c-2p6r-68mm
C:\Users\ultra\warewolf\Dev\Dev2.Common\Dev2.Common.csproj : warning NU1701: Package 'AeroWizard 2.3.1' was restored using '.NETFramework,Version=v4.6.1, .NETFramework,Version=v4.6.2, .NETFramework,Version=v4.7, .NETFramework,Version=v4.7.1, .NETFramework,Version=v4.7.2, .NETFramework,Version=v4.8, .NETFramework,Version=v4.8.1' instead of the project target framework 'net8.0'. This package may not be fully compatible with your project.
C:\Users\ultra\warewolf\Dev\Dev2.Common\Dev2.Common.csproj : warning NU1701: Package 'GroupControls 1.9.0' was restored using '.NETFramework,Version=v4.6.1, .NETFramework,Version=v4.6.2, .NETFramework,Version=v4.7, .NETFramework,Version=v4.7.1, .NETFramework,Version=v4.7.2, .NETFramework,Version=v4.8, .NETFramework,Version=v4.8.1' instead of the project target framework 'net8.0'. This package may not be fully compatible with your project.
C:\Users\ultra\warewolf\Dev\Dev2.Common\Dev2.Common.csproj : warning NU1701: Package 'TaskSchedulerEditor 2.10.1' was restored using '.NETFramework,Version=v4.6.1, .NETFramework,Version=v4.6.2, .NETFramework,Version=v4.7, .NETFramework,Version=v4.7.1, .NETFramework,Version=v4.7.2, .NETFramework,Version=v4.8, .NETFramework,Version=v4.8.1' instead of the project target framework 'net8.0'. This package may not be fully compatible with your project.
C:\Users\ultra\warewolf\Dev\Dev2.Services.Sql\Dev2.Services.Sql.csproj : warning NU1903: Package 'Oracle.ManagedDataAccess.Core' 3.21.70 has a known high severity vulnerability, https://github.com/advisories/GHSA-5pm2-9mr2-3frq
C:\Users\ultra\warewolf\Dev\Dev2.Core\Dev2.Core.csproj : warning NU1903: Package 'Microsoft.Windows.Compatibility' 6.0.0 has a known high severity vulnerability, https://github.com/advisories/GHSA-555c-2p6r-68mm
C:\Users\ultra\warewolf\Dev\Dev2.Services.Sql\Dev2.Services.Sql.csproj : warning NU1701: Package 'AeroWizard 2.3.1' was restored using '.NETFramework,Version=v4.6.1, .NETFramework,Version=v4.6.2, .NETFramework,Version=v4.7, .NETFramework,Version=v4.7.1, .NETFramework,Version=v4.7.2, .NETFramework,Version=v4.8, .NETFramework,Version=v4.8.1' instead of the project target framework 'net8.0'. This package may not be fully compatible with your project.
C:\Users\ultra\warewolf\Dev\Dev2.Core\Dev2.Core.csproj : warning NU1701: Package 'AeroWizard 2.3.1' was restored using '.NETFramework,Version=v4.6.1, .NETFramework,Version=v4.6.2, .NETFramework,Version=v4.7, .NETFramework,Version=v4.7.1, .NETFramework,Version=v4.7.2, .NETFramework,Version=v4.8, .NETFramework,Version=v4.8.1' instead of the project target framework 'net8.0'. This package may not be fully compatible with your project.
C:\Users\ultra\warewolf\Dev\Dev2.Services.Sql\Dev2.Services.Sql.csproj : warning NU1701: Package 'GroupControls 1.9.0' was restored using '.NETFramework,Version=v4.6.1, .NETFramework,Version=v4.6.2, .NETFramework,Version=v4.7, .NETFramework,Version=v4.7.1, .NETFramework,Version=v4.7.2, .NETFramework,Version=v4.8, .NETFramework,Version=v4.8.1' instead of the project target framework 'net8.0'. This package may not be fully compatible with your project.
C:\Users\ultra\warewolf\Dev\Dev2.Core\Dev2.Core.csproj : warning NU1701: Package 'GroupControls 1.9.0' was restored using '.NETFramework,Version=v4.6.1, .NETFramework,Version=v4.6.2, .NETFramework,Version=v4.7, .NETFramework,Version=v4.7.1, .NETFramework,Version=v4.7.2, .NETFramework,Version=v4.8, .NETFramework,Version=v4.8.1' instead of the project target framework 'net8.0'. This package may not be fully compatible with your project.
C:\Users\ultra\warewolf\Dev\Dev2.Services.Sql\Dev2.Services.Sql.csproj : warning NU1701: Package 'ReactiveUI.WPF 18.4.1' was restored using '.NETFramework,Version=v4.6.1, .NETFramework,Version=v4.6.2, .NETFramework,Version=v4.7, .NETFramework,Version=v4.7.1, .NETFramework,Version=v4.7.2, .NETFramework,Version=v4.8, .NETFramework,Version=v4.8.1' instead of the project target framework 'net8.0'. This package may not be fully compatible with your project.
C:\Users\ultra\warewolf\Dev\Dev2.Core\Dev2.Core.csproj : warning NU1701: Package 'ReactiveUI.WPF 18.4.1' was restored using '.NETFramework,Version=v4.6.1, .NETFramework,Version=v4.6.2, .NETFramework,Version=v4.7, .NETFramework,Version=v4.7.1, .NETFramework,Version=v4.7.2, .NETFramework,Version=v4.8, .NETFramework,Version=v4.8.1' instead of the project target framework 'net8.0'. This package may not be fully compatible with your project.
C:\Users\ultra\warewolf\Dev\Dev2.Services.Execution\Dev2.Services.Execution.csproj : warning NU1701: Package 'AeroWizard 2.3.1' was restored using '.NETFramework,Version=v4.6.1, .NETFramework,Version=v4.6.2, .NETFramework,Version=v4.7, .NETFramework,Version=v4.7.1, .NETFramework,Version=v4.7.2, .NETFramework,Version=v4.8, .NETFramework,Version=v4.8.1' instead of the project target framework 'net8.0'. This package may not be fully compatible with your project.
C:\Users\ultra\warewolf\Dev\Dev2.Services.Sql\Dev2.Services.Sql.csproj : warning NU1701: Package 'TaskSchedulerEditor 2.10.1' was restored using '.NETFramework,Version=v4.6.1, .NETFramework,Version=v4.6.2, .NETFramework,Version=v4.7, .NETFramework,Version=v4.7.1, .NETFramework,Version=v4.7.2, .NETFramework,Version=v4.8, .NETFramework,Version=v4.8.1' instead of the project target framework 'net8.0'. This package may not be fully compatible with your project.
C:\Users\ultra\warewolf\Dev\Warewolf.Storage.Interfaces\Warewolf.Storage.Interfaces.csproj : warning NU1701: Package 'AeroWizard 2.3.1' was restored using '.NETFramework,Version=v4.6.1, .NETFramework,Version=v4.6.2, .NETFramework,Version=v4.7, .NETFramework,Version=v4.7.1, .NETFramework,Version=v4.7.2, .NETFramework,Version=v4.8, .NETFramework,Version=v4.8.1' instead of the project target framework 'net8.0'. This package may not be fully compatible with your project.
C:\Users\ultra\warewolf\Dev\Dev2.Common.Interfaces\Dev2.Common.Interfaces.csproj : warning NU1903: Package 'Microsoft.Windows.Compatibility' 6.0.0 has a known high severity vulnerability, https://github.com/advisories/GHSA-555c-2p6r-68mm
C:\Users\ultra\warewolf\Dev\Dev2.Core\Dev2.Core.csproj : warning NU1701: Package 'TaskSchedulerEditor 2.10.1' was restored using '.NETFramework,Version=v4.6.1, .NETFramework,Version=v4.6.2, .NETFramework,Version=v4.7, .NETFramework,Version=v4.7.1, .NETFramework,Version=v4.7.2, .NETFramework,Version=v4.8, .NETFramework,Version=v4.8.1' instead of the project target framework 'net8.0'. This package may not be fully compatible with your project.
C:\Users\ultra\warewolf\Dev\Dev2.Services.Execution\Dev2.Services.Execution.csproj : warning NU1701: Package 'GroupControls 1.9.0' was restored using '.NETFramework,Version=v4.6.1, .NETFramework,Version=v4.6.2, .NETFramework,Version=v4.7, .NETFramework,Version=v4.7.1, .NETFramework,Version=v4.7.2, .NETFramework,Version=v4.8, .NETFramework,Version=v4.8.1' instead of the project target framework 'net8.0'. This package may not be fully compatible with your project.
C:\Users\ultra\warewolf\Dev\Warewolf.Storage.Interfaces\Warewolf.Storage.Interfaces.csproj : warning NU1701: Package 'GroupControls 1.9.0' was restored using '.NETFramework,Version=v4.6.1, .NETFramework,Version=v4.6.2, .NETFramework,Version=v4.7, .NETFramework,Version=v4.7.1, .NETFramework,Version=v4.7.2, .NETFramework,Version=v4.8, .NETFramework,Version=v4.8.1' instead of the project target framework 'net8.0'. This package may not be fully compatible with your project.
C:\Users\ultra\warewolf\Dev\Dev2.Common.Interfaces\Dev2.Common.Interfaces.csproj : warning NU1701: Package 'AeroWizard 2.3.1' was restored using '.NETFramework,Version=v4.6.1, .NETFramework,Version=v4.6.2, .NETFramework,Version=v4.7, .NETFramework,Version=v4.7.1, .NETFramework,Version=v4.7.2, .NETFramework,Version=v4.8, .NETFramework,Version=v4.8.1' instead of the project target framework 'net8.0'. This package may not be fully compatible with your project.
C:\Users\ultra\warewolf\Dev\Dev2.Services.Execution\Dev2.Services.Execution.csproj : warning NU1701: Package 'ReactiveUI.WPF 18.4.1' was restored using '.NETFramework,Version=v4.6.1, .NETFramework,Version=v4.6.2, .NETFramework,Version=v4.7, .NETFramework,Version=v4.7.1, .NETFramework,Version=v4.7.2, .NETFramework,Version=v4.8, .NETFramework,Version=v4.8.1' instead of the project target framework 'net8.0'. This package may not be fully compatible with your project.
C:\Users\ultra\warewolf\Dev\Warewolf.Storage\Warewolf.Storage.csproj : warning NU1701: Package 'AeroWizard 2.3.1' was restored using '.NETFramework,Version=v4.6.1, .NETFramework,Version=v4.6.2, .NETFramework,Version=v4.7, .NETFramework,Version=v4.7.1, .NETFramework,Version=v4.7.2, .NETFramework,Version=v4.8, .NETFramework,Version=v4.8.1' instead of the project target framework 'net8.0'. This package may not be fully compatible with your project.
C:\Users\ultra\warewolf\Dev\Warewolf.Storage.Interfaces\Warewolf.Storage.Interfaces.csproj : warning NU1701: Package 'TaskSchedulerEditor 2.10.1' was restored using '.NETFramework,Version=v4.6.1, .NETFramework,Version=v4.6.2, .NETFramework,Version=v4.7, .NETFramework,Version=v4.7.1, .NETFramework,Version=v4.7.2, .NETFramework,Version=v4.8, .NETFramework,Version=v4.8.1' instead of the project target framework 'net8.0'. This package may not be fully compatible with your project.
C:\Users\ultra\warewolf\Dev\Dev2.Services.Execution\Dev2.Services.Execution.csproj : warning NU1701: Package 'TaskSchedulerEditor 2.10.1' was restored using '.NETFramework,Version=v4.6.1, .NETFramework,Version=v4.6.2, .NETFramework,Version=v4.7, .NETFramework,Version=v4.7.1, .NETFramework,Version=v4.7.2, .NETFramework,Version=v4.8, .NETFramework,Version=v4.8.1' instead of the project target framework 'net8.0'. This package may not be fully compatible with your project.
C:\Users\ultra\warewolf\Dev\Warewolf.Storage\Warewolf.Storage.csproj : warning NU1701: Package 'GroupControls 1.9.0' was restored using '.NETFramework,Version=v4.6.1, .NETFramework,Version=v4.6.2, .NETFramework,Version=v4.7, .NETFramework,Version=v4.7.1, .NETFramework,Version=v4.7.2, .NETFramework,Version=v4.8, .NETFramework,Version=v4.8.1' instead of the project target framework 'net8.0'. This package may not be fully compatible with your project.
C:\Users\ultra\warewolf\Dev\Warewolf.Storage\Warewolf.Storage.csproj : warning NU1701: Package 'ReactiveUI.WPF 18.4.1' was restored using '.NETFramework,Version=v4.6.1, .NETFramework,Version=v4.6.2, .NETFramework,Version=v4.7, .NETFramework,Version=v4.7.1, .NETFramework,Version=v4.7.2, .NETFramework,Version=v4.8, .NETFramework,Version=v4.8.1' instead of the project target framework 'net8.0'. This package may not be fully compatible with your project.
C:\Users\ultra\warewolf\Dev\Dev2.Common.Interfaces\Dev2.Common.Interfaces.csproj : warning NU1701: Package 'GroupControls 1.9.0' was restored using '.NETFramework,Version=v4.6.1, .NETFramework,Version=v4.6.2, .NETFramework,Version=v4.7, .NETFramework,Version=v4.7.1, .NETFramework,Version=v4.7.2, .NETFramework,Version=v4.8, .NETFramework,Version=v4.8.1' instead of the project target framework 'net8.0'. This package may not be fully compatible with your project.
C:\Users\ultra\warewolf\Dev\Dev2.Common.Interfaces\Dev2.Common.Interfaces.csproj : warning NU1701: Package 'TaskSchedulerEditor 2.10.1' was restored using '.NETFramework,Version=v4.6.1, .NETFramework,Version=v4.6.2, .NETFramework,Version=v4.7, .NETFramework,Version=v4.7.1, .NETFramework,Version=v4.7.2, .NETFramework,Version=v4.8, .NETFramework,Version=v4.8.1' instead of the project target framework 'net8.0'. This package may not be fully compatible with your project.
C:\Users\ultra\warewolf\Dev\Warewolf.Storage\Warewolf.Storage.csproj : warning NU1701: Package 'TaskSchedulerEditor 2.10.1' was restored using '.NETFramework,Version=v4.6.1, .NETFramework,Version=v4.6.2, .NETFramework,Version=v4.7, .NETFramework,Version=v4.7.1, .NETFramework,Version=v4.7.2, .NETFramework,Version=v4.8, .NETFramework,Version=v4.8.1' instead of the project target framework 'net8.0'. This package may not be fully compatible with your project.
C:\Users\ultra\warewolf\Dev\Warewolf.Core\Warewolf.Core.csproj : warning NU1903: Package 'Microsoft.Windows.Compatibility' 6.0.0 has a known high severity vulnerability, https://github.com/advisories/GHSA-555c-2p6r-68mm
C:\Users\ultra\warewolf\Dev\Warewolf.Core\Warewolf.Core.csproj : warning NU1701: Package 'AeroWizard 2.3.1' was restored using '.NETFramework,Version=v4.6.1, .NETFramework,Version=v4.6.2, .NETFramework,Version=v4.7, .NETFramework,Version=v4.7.1, .NETFramework,Version=v4.7.2, .NETFramework,Version=v4.8, .NETFramework,Version=v4.8.1' instead of the project target framework 'net8.0'. This package may not be fully compatible with your project.
C:\Users\ultra\warewolf\Dev\Warewolf.Core\Warewolf.Core.csproj : warning NU1701: Package 'GroupControls 1.9.0' was restored using '.NETFramework,Version=v4.6.1, .NETFramework,Version=v4.6.2, .NETFramework,Version=v4.7, .NETFramework,Version=v4.7.1, .NETFramework,Version=v4.7.2, .NETFramework,Version=v4.8, .NETFramework,Version=v4.8.1' instead of the project target framework 'net8.0'. This package may not be fully compatible with your project.
C:\Users\ultra\warewolf\Dev\Warewolf.Core\Warewolf.Core.csproj : warning NU1701: Package 'ReactiveUI.WPF 18.4.1' was restored using '.NETFramework,Version=v4.6.1, .NETFramework,Version=v4.6.2, .NETFramework,Version=v4.7, .NETFramework,Version=v4.7.1, .NETFramework,Version=v4.7.2, .NETFramework,Version=v4.8, .NETFramework,Version=v4.8.1' instead of the project target framework 'net8.0'. This package may not be fully compatible with your project.
C:\Users\ultra\warewolf\Dev\Warewolf.Core\Warewolf.Core.csproj : warning NU1701: Package 'TaskSchedulerEditor 2.10.1' was restored using '.NETFramework,Version=v4.6.1, .NETFramework,Version=v4.6.2, .NETFramework,Version=v4.7, .NETFramework,Version=v4.7.1, .NETFramework,Version=v4.7.2, .NETFramework,Version=v4.8, .NETFramework,Version=v4.8.1' instead of the project target framework 'net8.0'. This package may not be fully compatible with your project.
C:\Program Files\dotnet\sdk\10.0.201\Sdks\Microsoft.NET.Sdk\targets\Microsoft.NET.Sdk.DefaultItems.targets(162,5): warning NETSDK1137: It is no longer necessary to use the Microsoft.NET.Sdk.WindowsDesktop SDK. Consider changing the Sdk attribute of the root Project element to 'Microsoft.NET.Sdk'. [C:\Users\ultra\warewolf\Dev\Dev2.CustomControls\Dev2.CustomControls.csproj]
C:\Program Files\dotnet\sdk\10.0.201\Sdks\Microsoft.NET.Sdk.WindowsDesktop\targets\Microsoft.NET.Sdk.WindowsDesktop.targets(138,5): warning NETSDK1106: Microsoft.NET.Sdk.WindowsDesktop requires 'UseWpf' or 'UseWindowsForms' to be set to 'true' [C:\Users\ultra\warewolf\Dev\Dev2.CustomControls\Dev2.CustomControls.csproj]
C:\Users\ultra\warewolf\Dev\Dev2.CustomControls\Dev2.CustomControls.csproj : warning NU1903: Package 'Microsoft.Windows.Compatibility' 6.0.0 has a known high severity vulnerability, https://github.com/advisories/GHSA-555c-2p6r-68mm
C:\Users\ultra\warewolf\Dev\Dev2.CustomControls\Dev2.CustomControls.csproj : warning NU1701: Package 'AeroWizard 2.3.1' was restored using '.NETFramework,Version=v4.6.1, .NETFramework,Version=v4.6.2, .NETFramework,Version=v4.7, .NETFramework,Version=v4.7.1, .NETFramework,Version=v4.7.2, .NETFramework,Version=v4.8, .NETFramework,Version=v4.8.1' instead of the project target framework 'net8.0'. This package may not be fully compatible with your project.
C:\Users\ultra\warewolf\Dev\Dev2.CustomControls\Dev2.CustomControls.csproj : warning NU1701: Package 'GroupControls 1.9.0' was restored using '.NETFramework,Version=v4.6.1, .NETFramework,Version=v4.6.2, .NETFramework,Version=v4.7, .NETFramework,Version=v4.7.1, .NETFramework,Version=v4.7.2, .NETFramework,Version=v4.8, .NETFramework,Version=v4.8.1' instead of the project target framework 'net8.0'. This package may not be fully compatible with your project.
C:\Users\ultra\warewolf\Dev\Dev2.CustomControls\Dev2.CustomControls.csproj : warning NU1701: Package 'TaskSchedulerEditor 2.10.1' was restored using '.NETFramework,Version=v4.6.1, .NETFramework,Version=v4.6.2, .NETFramework,Version=v4.7, .NETFramework,Version=v4.7.1, .NETFramework,Version=v4.7.2, .NETFramework,Version=v4.8, .NETFramework,Version=v4.8.1' instead of the project target framework 'net8.0'. This package may not be fully compatible with your project.
C:\Users\ultra\warewolf\Dev\Dev2.Runtime.Services\Dev2.Runtime.Services.csproj : warning NU1902: Package 'MessagePack' 2.4.59 has a known moderate severity vulnerability, https://github.com/advisories/GHSA-4qm4-8hg2-g2xm
C:\Users\ultra\warewolf\Dev\Dev2.Runtime.Services\Dev2.Runtime.Services.csproj : warning NU1903: Package 'Microsoft.Windows.Compatibility' 6.0.0 has a known high severity vulnerability, https://github.com/advisories/GHSA-555c-2p6r-68mm
C:\Users\ultra\warewolf\Dev\Dev2.Runtime.Services\Dev2.Runtime.Services.csproj : warning NU1701: Package 'AeroWizard 2.3.1' was restored using '.NETFramework,Version=v4.6.1, .NETFramework,Version=v4.6.2, .NETFramework,Version=v4.7, .NETFramework,Version=v4.7.1, .NETFramework,Version=v4.7.2, .NETFramework,Version=v4.8, .NETFramework,Version=v4.8.1' instead of the project target framework 'net8.0'. This package may not be fully compatible with your project.
C:\Users\ultra\warewolf\Dev\Dev2.Runtime.Services\Dev2.Runtime.Services.csproj : warning NU1701: Package 'GroupControls 1.9.0' was restored using '.NETFramework,Version=v4.6.1, .NETFramework,Version=v4.6.2, .NETFramework,Version=v4.7, .NETFramework,Version=v4.7.1, .NETFramework,Version=v4.7.2, .NETFramework,Version=v4.8, .NETFramework,Version=v4.8.1' instead of the project target framework 'net8.0'. This package may not be fully compatible with your project.
C:\Users\ultra\warewolf\Dev\Dev2.Runtime.Services\Dev2.Runtime.Services.csproj : warning NU1701: Package 'ReactiveUI.WPF 18.4.1' was restored using '.NETFramework,Version=v4.6.1, .NETFramework,Version=v4.6.2, .NETFramework,Version=v4.7, .NETFramework,Version=v4.7.1, .NETFramework,Version=v4.7.2, .NETFramework,Version=v4.8, .NETFramework,Version=v4.8.1' instead of the project target framework 'net8.0'. This package may not be fully compatible with your project.
C:\Users\ultra\warewolf\Dev\Dev2.Runtime.Services\Dev2.Runtime.Services.csproj : warning NU1701: Package 'TaskSchedulerEditor 2.10.1' was restored using '.NETFramework,Version=v4.6.1, .NETFramework,Version=v4.6.2, .NETFramework,Version=v4.7, .NETFramework,Version=v4.7.1, .NETFramework,Version=v4.7.2, .NETFramework,Version=v4.8, .NETFramework,Version=v4.8.1' instead of the project target framework 'net8.0'. This package may not be fully compatible with your project.
C:\Users\ultra\warewolf\Dev\Dev2.Infrastructure\Dev2.Infrastructure.csproj : warning NU1903: Package 'Microsoft.Windows.Compatibility' 6.0.0 has a known high severity vulnerability, https://github.com/advisories/GHSA-555c-2p6r-68mm
C:\Users\ultra\warewolf\Dev\Dev2.Infrastructure\Dev2.Infrastructure.csproj : warning NU1701: Package 'AeroWizard 2.3.1' was restored using '.NETFramework,Version=v4.6.1, .NETFramework,Version=v4.6.2, .NETFramework,Version=v4.7, .NETFramework,Version=v4.7.1, .NETFramework,Version=v4.7.2, .NETFramework,Version=v4.8, .NETFramework,Version=v4.8.1' instead of the project target framework 'net8.0'. This package may not be fully compatible with your project.
C:\Users\ultra\warewolf\Dev\Dev2.Infrastructure\Dev2.Infrastructure.csproj : warning NU1701: Package 'GroupControls 1.9.0' was restored using '.NETFramework,Version=v4.6.1, .NETFramework,Version=v4.6.2, .NETFramework,Version=v4.7, .NETFramework,Version=v4.7.1, .NETFramework,Version=v4.7.2, .NETFramework,Version=v4.8, .NETFramework,Version=v4.8.1' instead of the project target framework 'net8.0'. This package may not be fully compatible with your project.
C:\Users\ultra\warewolf\Dev\Dev2.Infrastructure\Dev2.Infrastructure.csproj : warning NU1701: Package 'ReactiveUI.WPF 18.4.1' was restored using '.NETFramework,Version=v4.6.1, .NETFramework,Version=v4.6.2, .NETFramework,Version=v4.7, .NETFramework,Version=v4.7.1, .NETFramework,Version=v4.7.2, .NETFramework,Version=v4.8, .NETFramework,Version=v4.8.1' instead of the project target framework 'net8.0'. This package may not be fully compatible with your project.
C:\Users\ultra\warewolf\Dev\Dev2.Infrastructure\Dev2.Infrastructure.csproj : warning NU1701: Package 'TaskSchedulerEditor 2.10.1' was restored using '.NETFramework,Version=v4.6.1, .NETFramework,Version=v4.6.2, .NETFramework,Version=v4.7, .NETFramework,Version=v4.7.1, .NETFramework,Version=v4.7.2, .NETFramework,Version=v4.8, .NETFramework,Version=v4.8.1' instead of the project target framework 'net8.0'. This package may not be fully compatible with your project.
C:\Users\ultra\warewolf\Dev\Dev2.Data\Dev2.Data.csproj : warning NU1701: Package 'AeroWizard 2.3.1' was restored using '.NETFramework,Version=v4.6.1, .NETFramework,Version=v4.6.2, .NETFramework,Version=v4.7, .NETFramework,Version=v4.7.1, .NETFramework,Version=v4.7.2, .NETFramework,Version=v4.8, .NETFramework,Version=v4.8.1' instead of the project target framework 'net8.0'. This package may not be fully compatible with your project.
C:\Users\ultra\warewolf\Dev\Dev2.Data\Dev2.Data.csproj : warning NU1701: Package 'GroupControls 1.9.0' was restored using '.NETFramework,Version=v4.6.1, .NETFramework,Version=v4.6.2, .NETFramework,Version=v4.7, .NETFramework,Version=v4.7.1, .NETFramework,Version=v4.7.2, .NETFramework,Version=v4.8, .NETFramework,Version=v4.8.1' instead of the project target framework 'net8.0'. This package may not be fully compatible with your project.
C:\Users\ultra\warewolf\Dev\Dev2.Data\Dev2.Data.csproj : warning NU1701: Package 'ReactiveUI.WPF 18.4.1' was restored using '.NETFramework,Version=v4.6.1, .NETFramework,Version=v4.6.2, .NETFramework,Version=v4.7, .NETFramework,Version=v4.7.1, .NETFramework,Version=v4.7.2, .NETFramework,Version=v4.8, .NETFramework,Version=v4.8.1' instead of the project target framework 'net8.0'. This package may not be fully compatible with your project.
C:\Users\ultra\warewolf\Dev\Dev2.Data\Dev2.Data.csproj : warning NU1701: Package 'TaskSchedulerEditor 2.10.1' was restored using '.NETFramework,Version=v4.6.1, .NETFramework,Version=v4.6.2, .NETFramework,Version=v4.7, .NETFramework,Version=v4.7.1, .NETFramework,Version=v4.7.2, .NETFramework,Version=v4.8, .NETFramework,Version=v4.8.1' instead of the project target framework 'net8.0'. This package may not be fully compatible with your project.
C:\Users\ultra\warewolf\Dev\Dev2.Data.Interfaces\Dev2.Data.Interfaces.csproj : warning NU1903: Package 'DotNetZip' 1.16.0 has a known high severity vulnerability, https://github.com/advisories/GHSA-xhg6-9j5j-w4vf
C:\Users\ultra\warewolf\Dev\Dev2.Data.Interfaces\Dev2.Data.Interfaces.csproj : warning NU1701: Package 'AeroWizard 2.3.1' was restored using '.NETFramework,Version=v4.6.1, .NETFramework,Version=v4.6.2, .NETFramework,Version=v4.7, .NETFramework,Version=v4.7.1, .NETFramework,Version=v4.7.2, .NETFramework,Version=v4.8, .NETFramework,Version=v4.8.1' instead of the project target framework 'net8.0'. This package may not be fully compatible with your project.
C:\Users\ultra\warewolf\Dev\Dev2.Data.Interfaces\Dev2.Data.Interfaces.csproj : warning NU1701: Package 'GroupControls 1.9.0' was restored using '.NETFramework,Version=v4.6.1, .NETFramework,Version=v4.6.2, .NETFramework,Version=v4.7, .NETFramework,Version=v4.7.1, .NETFramework,Version=v4.7.2, .NETFramework,Version=v4.8, .NETFramework,Version=v4.8.1' instead of the project target framework 'net8.0'. This package may not be fully compatible with your project.
C:\Users\ultra\warewolf\Dev\Dev2.Data.Interfaces\Dev2.Data.Interfaces.csproj : warning NU1701: Package 'TaskSchedulerEditor 2.10.1' was restored using '.NETFramework,Version=v4.6.1, .NETFramework,Version=v4.6.2, .NETFramework,Version=v4.7, .NETFramework,Version=v4.7.1, .NETFramework,Version=v4.7.2, .NETFramework,Version=v4.8, .NETFramework,Version=v4.8.1' instead of the project target framework 'net8.0'. This package may not be fully compatible with your project.
C:\Users\ultra\warewolf\Dev\Dev2.Diagnostics\Dev2.Diagnostics.csproj : warning NU1701: Package 'AeroWizard 2.3.1' was restored using '.NETFramework,Version=v4.6.1, .NETFramework,Version=v4.6.2, .NETFramework,Version=v4.7, .NETFramework,Version=v4.7.1, .NETFramework,Version=v4.7.2, .NETFramework,Version=v4.8, .NETFramework,Version=v4.8.1' instead of the project target framework 'net8.0'. This package may not be fully compatible with your project.
C:\Users\ultra\warewolf\Dev\Dev2.Diagnostics\Dev2.Diagnostics.csproj : warning NU1701: Package 'GroupControls 1.9.0' was restored using '.NETFramework,Version=v4.6.1, .NETFramework,Version=v4.6.2, .NETFramework,Version=v4.7, .NETFramework,Version=v4.7.1, .NETFramework,Version=v4.7.2, .NETFramework,Version=v4.8, .NETFramework,Version=v4.8.1' instead of the project target framework 'net8.0'. This package may not be fully compatible with your project.
C:\Users\ultra\warewolf\Dev\Dev2.Diagnostics\Dev2.Diagnostics.csproj : warning NU1701: Package 'TaskSchedulerEditor 2.10.1' was restored using '.NETFramework,Version=v4.6.1, .NETFramework,Version=v4.6.2, .NETFramework,Version=v4.7, .NETFramework,Version=v4.7.1, .NETFramework,Version=v4.7.2, .NETFramework,Version=v4.8, .NETFramework,Version=v4.8.1' instead of the project target framework 'net8.0'. This package may not be fully compatible with your project.
C:\Users\ultra\warewolf\Dev\Dev2.TaskScheduler.Wrappers\Dev2.TaskScheduler.Wrappers.csproj : warning NU1701: Package 'AeroWizard 2.3.1' was restored using '.NETFramework,Version=v4.6.1, .NETFramework,Version=v4.6.2, .NETFramework,Version=v4.7, .NETFramework,Version=v4.7.1, .NETFramework,Version=v4.7.2, .NETFramework,Version=v4.8, .NETFramework,Version=v4.8.1' instead of the project target framework 'net8.0'. This package may not be fully compatible with your project.
C:\Users\ultra\warewolf\Dev\Dev2.TaskScheduler.Wrappers\Dev2.TaskScheduler.Wrappers.csproj : warning NU1701: Package 'GroupControls 1.9.0' was restored using '.NETFramework,Version=v4.6.1, .NETFramework,Version=v4.6.2, .NETFramework,Version=v4.7, .NETFramework,Version=v4.7.1, .NETFramework,Version=v4.7.2, .NETFramework,Version=v4.8, .NETFramework,Version=v4.8.1' instead of the project target framework 'net8.0'. This package may not be fully compatible with your project.
C:\Users\ultra\warewolf\Dev\Dev2.TaskScheduler.Wrappers\Dev2.TaskScheduler.Wrappers.csproj : warning NU1701: Package 'TaskSchedulerEditor 2.10.1' was restored using '.NETFramework,Version=v4.6.1, .NETFramework,Version=v4.6.2, .NETFramework,Version=v4.7, .NETFramework,Version=v4.7.1, .NETFramework,Version=v4.7.2, .NETFramework,Version=v4.8, .NETFramework,Version=v4.8.1' instead of the project target framework 'net8.0'. This package may not be fully compatible with your project.
C:\Users\ultra\warewolf\Dev\Warewolf.Data\Warewolf.Data.csproj : warning NU1701: Package 'AeroWizard 2.3.1' was restored using '.NETFramework,Version=v4.6.1, .NETFramework,Version=v4.6.2, .NETFramework,Version=v4.7, .NETFramework,Version=v4.7.1, .NETFramework,Version=v4.7.2, .NETFramework,Version=v4.8, .NETFramework,Version=v4.8.1' instead of the project target framework 'net8.0'. This package may not be fully compatible with your project.
C:\Users\ultra\warewolf\Dev\Warewolf.Data\Warewolf.Data.csproj : warning NU1701: Package 'GroupControls 1.9.0' was restored using '.NETFramework,Version=v4.6.1, .NETFramework,Version=v4.6.2, .NETFramework,Version=v4.7, .NETFramework,Version=v4.7.1, .NETFramework,Version=v4.7.2, .NETFramework,Version=v4.8, .NETFramework,Version=v4.8.1' instead of the project target framework 'net8.0'. This package may not be fully compatible with your project.
C:\Users\ultra\warewolf\Dev\Warewolf.Data\Warewolf.Data.csproj : warning NU1701: Package 'TaskSchedulerEditor 2.10.1' was restored using '.NETFramework,Version=v4.6.1, .NETFramework,Version=v4.6.2, .NETFramework,Version=v4.7, .NETFramework,Version=v4.7.1, .NETFramework,Version=v4.7.2, .NETFramework,Version=v4.8, .NETFramework,Version=v4.8.1' instead of the project target framework 'net8.0'. This package may not be fully compatible with your project.
C:\Users\ultra\warewolf\Dev\Dev2.Util\Dev2.Util.csproj : warning NU1903: Package 'Microsoft.Windows.Compatibility' 6.0.0 has a known high severity vulnerability, https://github.com/advisories/GHSA-555c-2p6r-68mm
C:\Users\ultra\warewolf\Dev\Dev2.Util\Dev2.Util.csproj : warning NU1701: Package 'AeroWizard 2.3.1' was restored using '.NETFramework,Version=v4.6.1, .NETFramework,Version=v4.6.2, .NETFramework,Version=v4.7, .NETFramework,Version=v4.7.1, .NETFramework,Version=v4.7.2, .NETFramework,Version=v4.8, .NETFramework,Version=v4.8.1' instead of the project target framework 'net8.0'. This package may not be fully compatible with your project.
C:\Users\ultra\warewolf\Dev\Dev2.Util\Dev2.Util.csproj : warning NU1701: Package 'GroupControls 1.9.0' was restored using '.NETFramework,Version=v4.6.1, .NETFramework,Version=v4.6.2, .NETFramework,Version=v4.7, .NETFramework,Version=v4.7.1, .NETFramework,Version=v4.7.2, .NETFramework,Version=v4.8, .NETFramework,Version=v4.8.1' instead of the project target framework 'net8.0'. This package may not be fully compatible with your project.
C:\Users\ultra\warewolf\Dev\Dev2.Util\Dev2.Util.csproj : warning NU1701: Package 'TaskSchedulerEditor 2.10.1' was restored using '.NETFramework,Version=v4.6.1, .NETFramework,Version=v4.6.2, .NETFramework,Version=v4.7, .NETFramework,Version=v4.7.1, .NETFramework,Version=v4.7.2, .NETFramework,Version=v4.8, .NETFramework,Version=v4.8.1' instead of the project target framework 'net8.0'. This package may not be fully compatible with your project.
C:\Users\ultra\warewolf\Dev\Warewolf.Language.Parser\Warewolf.Language.Parser.fsproj : warning NU1504: Duplicate 'PackageReference' items found. Remove the duplicate items or use the Update functionality to ensure a consistent restore behavior. The duplicate 'PackageReference' items are: FSharp.Core 10.1.201, FSharp.Core 4.6.2.
C:\Users\ultra\warewolf\Dev\Dev2.Runtime.Configuration\Dev2.Runtime.Configuration.csproj : warning NU1903: Package 'Microsoft.Windows.Compatibility' 6.0.0 has a known high severity vulnerability, https://github.com/advisories/GHSA-555c-2p6r-68mm
C:\Users\ultra\warewolf\Dev\Dev2.Runtime.Configuration\Dev2.Runtime.Configuration.csproj : warning NU1701: Package 'AeroWizard 2.3.1' was restored using '.NETFramework,Version=v4.6.1, .NETFramework,Version=v4.6.2, .NETFramework,Version=v4.7, .NETFramework,Version=v4.7.1, .NETFramework,Version=v4.7.2, .NETFramework,Version=v4.8, .NETFramework,Version=v4.8.1' instead of the project target framework 'net8.0'. This package may not be fully compatible with your project.
C:\Users\ultra\warewolf\Dev\Dev2.Runtime.Configuration\Dev2.Runtime.Configuration.csproj : warning NU1701: Package 'GroupControls 1.9.0' was restored using '.NETFramework,Version=v4.6.1, .NETFramework,Version=v4.6.2, .NETFramework,Version=v4.7, .NETFramework,Version=v4.7.1, .NETFramework,Version=v4.7.2, .NETFramework,Version=v4.8, .NETFramework,Version=v4.8.1' instead of the project target framework 'net8.0'. This package may not be fully compatible with your project.
C:\Users\ultra\warewolf\Dev\Dev2.Runtime.Configuration\Dev2.Runtime.Configuration.csproj : warning NU1701: Package 'TaskSchedulerEditor 2.10.1' was restored using '.NETFramework,Version=v4.6.1, .NETFramework,Version=v4.6.2, .NETFramework,Version=v4.7, .NETFramework,Version=v4.7.1, .NETFramework,Version=v4.7.2, .NETFramework,Version=v4.8, .NETFramework,Version=v4.8.1' instead of the project target framework 'net8.0'. This package may not be fully compatible with your project.
C:\Users\ultra\warewolf\Dev\Warewolf.Sharepoint\Warewolf.Sharepoint.csproj : warning NU1701: Package 'AeroWizard 2.3.1' was restored using '.NETFramework,Version=v4.6.1, .NETFramework,Version=v4.6.2, .NETFramework,Version=v4.7, .NETFramework,Version=v4.7.1, .NETFramework,Version=v4.7.2, .NETFramework,Version=v4.8, .NETFramework,Version=v4.8.1' instead of the project target framework 'net8.0'. This package may not be fully compatible with your project.
C:\Users\ultra\warewolf\Dev\Warewolf.Sharepoint\Warewolf.Sharepoint.csproj : warning NU1701: Package 'GroupControls 1.9.0' was restored using '.NETFramework,Version=v4.6.1, .NETFramework,Version=v4.6.2, .NETFramework,Version=v4.7, .NETFramework,Version=v4.7.1, .NETFramework,Version=v4.7.2, .NETFramework,Version=v4.8, .NETFramework,Version=v4.8.1' instead of the project target framework 'net8.0'. This package may not be fully compatible with your project.
C:\Users\ultra\warewolf\Dev\Warewolf.Sharepoint\Warewolf.Sharepoint.csproj : warning NU1701: Package 'ReactiveUI.WPF 18.4.1' was restored using '.NETFramework,Version=v4.6.1, .NETFramework,Version=v4.6.2, .NETFramework,Version=v4.7, .NETFramework,Version=v4.7.1, .NETFramework,Version=v4.7.2, .NETFramework,Version=v4.8, .NETFramework,Version=v4.8.1' instead of the project target framework 'net8.0'. This package may not be fully compatible with your project.
C:\Users\ultra\warewolf\Dev\Warewolf.Sharepoint\Warewolf.Sharepoint.csproj : warning NU1701: Package 'TaskSchedulerEditor 2.10.1' was restored using '.NETFramework,Version=v4.6.1, .NETFramework,Version=v4.6.2, .NETFramework,Version=v4.7, .NETFramework,Version=v4.7.1, .NETFramework,Version=v4.7.2, .NETFramework,Version=v4.8, .NETFramework,Version=v4.8.1' instead of the project target framework 'net8.0'. This package may not be fully compatible with your project.
C:\Users\ultra\warewolf\Dev\Warewolf.Common\Warewolf.Common.csproj : warning NU1701: Package 'AeroWizard 2.3.1' was restored using '.NETFramework,Version=v4.6.1, .NETFramework,Version=v4.6.2, .NETFramework,Version=v4.7, .NETFramework,Version=v4.7.1, .NETFramework,Version=v4.7.2, .NETFramework,Version=v4.8, .NETFramework,Version=v4.8.1' instead of the project target framework 'net8.0'. This package may not be fully compatible with your project.
C:\Users\ultra\warewolf\Dev\Warewolf.Common\Warewolf.Common.csproj : warning NU1701: Package 'GroupControls 1.9.0' was restored using '.NETFramework,Version=v4.6.1, .NETFramework,Version=v4.6.2, .NETFramework,Version=v4.7, .NETFramework,Version=v4.7.1, .NETFramework,Version=v4.7.2, .NETFramework,Version=v4.8, .NETFramework,Version=v4.8.1' instead of the project target framework 'net8.0'. This package may not be fully compatible with your project.
C:\Users\ultra\warewolf\Dev\Warewolf.Common\Warewolf.Common.csproj : warning NU1701: Package 'TaskSchedulerEditor 2.10.1' was restored using '.NETFramework,Version=v4.6.1, .NETFramework,Version=v4.6.2, .NETFramework,Version=v4.7, .NETFramework,Version=v4.7.1, .NETFramework,Version=v4.7.2, .NETFramework,Version=v4.8, .NETFramework,Version=v4.8.1' instead of the project target framework 'net8.0'. This package may not be fully compatible with your project.
C:\Users\ultra\warewolf\Dev\Warewolf.Auditing\Warewolf.Auditing.csproj : warning NU1701: Package 'AeroWizard 2.3.1' was restored using '.NETFramework,Version=v4.6.1, .NETFramework,Version=v4.6.2, .NETFramework,Version=v4.7, .NETFramework,Version=v4.7.1, .NETFramework,Version=v4.7.2, .NETFramework,Version=v4.8, .NETFramework,Version=v4.8.1' instead of the project target framework 'net8.0'. This package may not be fully compatible with your project.
C:\Users\ultra\warewolf\Dev\Warewolf.Auditing\Warewolf.Auditing.csproj : warning NU1701: Package 'GroupControls 1.9.0' was restored using '.NETFramework,Version=v4.6.1, .NETFramework,Version=v4.6.2, .NETFramework,Version=v4.7, .NETFramework,Version=v4.7.1, .NETFramework,Version=v4.7.2, .NETFramework,Version=v4.8, .NETFramework,Version=v4.8.1' instead of the project target framework 'net8.0'. This package may not be fully compatible with your project.
C:\Users\ultra\warewolf\Dev\Warewolf.Auditing\Warewolf.Auditing.csproj : warning NU1701: Package 'ReactiveUI.WPF 18.4.1' was restored using '.NETFramework,Version=v4.6.1, .NETFramework,Version=v4.6.2, .NETFramework,Version=v4.7, .NETFramework,Version=v4.7.1, .NETFramework,Version=v4.7.2, .NETFramework,Version=v4.8, .NETFramework,Version=v4.8.1' instead of the project target framework 'net8.0'. This package may not be fully compatible with your project.
C:\Users\ultra\warewolf\Dev\Warewolf.Auditing\Warewolf.Auditing.csproj : warning NU1701: Package 'TaskSchedulerEditor 2.10.1' was restored using '.NETFramework,Version=v4.6.1, .NETFramework,Version=v4.6.2, .NETFramework,Version=v4.7, .NETFramework,Version=v4.7.1, .NETFramework,Version=v4.7.2, .NETFramework,Version=v4.8, .NETFramework,Version=v4.8.1' instead of the project target framework 'net8.0'. This package may not be fully compatible with your project.
C:\Users\ultra\warewolf\Dev\Warewolf.Common.NetStandard20\Warewolf.Common.NetStandard20.csproj : warning NU1701: Package 'AeroWizard 2.3.1' was restored using '.NETFramework,Version=v4.6.1, .NETFramework,Version=v4.6.2, .NETFramework,Version=v4.7, .NETFramework,Version=v4.7.1, .NETFramework,Version=v4.7.2, .NETFramework,Version=v4.8, .NETFramework,Version=v4.8.1' instead of the project target framework 'net8.0'. This package may not be fully compatible with your project.
C:\Users\ultra\warewolf\Dev\Warewolf.Common.NetStandard20\Warewolf.Common.NetStandard20.csproj : warning NU1701: Package 'GroupControls 1.9.0' was restored using '.NETFramework,Version=v4.6.1, .NETFramework,Version=v4.6.2, .NETFramework,Version=v4.7, .NETFramework,Version=v4.7.1, .NETFramework,Version=v4.7.2, .NETFramework,Version=v4.8, .NETFramework,Version=v4.8.1' instead of the project target framework 'net8.0'. This package may not be fully compatible with your project.
C:\Users\ultra\warewolf\Dev\Warewolf.Common.NetStandard20\Warewolf.Common.NetStandard20.csproj : warning NU1701: Package 'ReactiveUI.WPF 18.4.1' was restored using '.NETFramework,Version=v4.6.1, .NETFramework,Version=v4.6.2, .NETFramework,Version=v4.7, .NETFramework,Version=v4.7.1, .NETFramework,Version=v4.7.2, .NETFramework,Version=v4.8, .NETFramework,Version=v4.8.1' instead of the project target framework 'net8.0'. This package may not be fully compatible with your project.
C:\Users\ultra\warewolf\Dev\Warewolf.Common.NetStandard20\Warewolf.Common.NetStandard20.csproj : warning NU1701: Package 'TaskSchedulerEditor 2.10.1' was restored using '.NETFramework,Version=v4.6.1, .NETFramework,Version=v4.6.2, .NETFramework,Version=v4.7, .NETFramework,Version=v4.7.1, .NETFramework,Version=v4.7.2, .NETFramework,Version=v4.8, .NETFramework,Version=v4.8.1' instead of the project target framework 'net8.0'. This package may not be fully compatible with your project.
C:\Users\ultra\warewolf\Dev\Warewolf.Licensing\Warewolf.Licensing.csproj : warning NU1701: Package 'AeroWizard 2.3.1' was restored using '.NETFramework,Version=v4.6.1, .NETFramework,Version=v4.6.2, .NETFramework,Version=v4.7, .NETFramework,Version=v4.7.1, .NETFramework,Version=v4.7.2, .NETFramework,Version=v4.8, .NETFramework,Version=v4.8.1' instead of the project target framework 'net8.0'. This package may not be fully compatible with your project.
C:\Users\ultra\warewolf\Dev\Warewolf.Licensing\Warewolf.Licensing.csproj : warning NU1701: Package 'GroupControls 1.9.0' was restored using '.NETFramework,Version=v4.6.1, .NETFramework,Version=v4.6.2, .NETFramework,Version=v4.7, .NETFramework,Version=v4.7.1, .NETFramework,Version=v4.7.2, .NETFramework,Version=v4.8, .NETFramework,Version=v4.8.1' instead of the project target framework 'net8.0'. This package may not be fully compatible with your project.
C:\Users\ultra\warewolf\Dev\Warewolf.Licensing\Warewolf.Licensing.csproj : warning NU1701: Package 'TaskSchedulerEditor 2.10.1' was restored using '.NETFramework,Version=v4.6.1, .NETFramework,Version=v4.6.2, .NETFramework,Version=v4.7, .NETFramework,Version=v4.7.1, .NETFramework,Version=v4.7.2, .NETFramework,Version=v4.8, .NETFramework,Version=v4.8.1' instead of the project target framework 'net8.0'. This package may not be fully compatible with your project.
C:\Users\ultra\warewolf\Dev\Warewolf.ResourceManagement\Warewolf.ResourceManagement.csproj : warning NU1701: Package 'AeroWizard 2.3.1' was restored using '.NETFramework,Version=v4.6.1, .NETFramework,Version=v4.6.2, .NETFramework,Version=v4.7, .NETFramework,Version=v4.7.1, .NETFramework,Version=v4.7.2, .NETFramework,Version=v4.8, .NETFramework,Version=v4.8.1' instead of the project target framework 'net8.0'. This package may not be fully compatible with your project.
C:\Users\ultra\warewolf\Dev\Warewolf.ResourceManagement\Warewolf.ResourceManagement.csproj : warning NU1701: Package 'GroupControls 1.9.0' was restored using '.NETFramework,Version=v4.6.1, .NETFramework,Version=v4.6.2, .NETFramework,Version=v4.7, .NETFramework,Version=v4.7.1, .NETFramework,Version=v4.7.2, .NETFramework,Version=v4.8, .NETFramework,Version=v4.8.1' instead of the project target framework 'net8.0'. This package may not be fully compatible with your project.
C:\Users\ultra\warewolf\Dev\Warewolf.ResourceManagement\Warewolf.ResourceManagement.csproj : warning NU1701: Package 'ReactiveUI.WPF 18.4.1' was restored using '.NETFramework,Version=v4.6.1, .NETFramework,Version=v4.6.2, .NETFramework,Version=v4.7, .NETFramework,Version=v4.7.1, .NETFramework,Version=v4.7.2, .NETFramework,Version=v4.8, .NETFramework,Version=v4.8.1' instead of the project target framework 'net8.0'. This package may not be fully compatible with your project.
C:\Users\ultra\warewolf\Dev\Warewolf.ResourceManagement\Warewolf.ResourceManagement.csproj : warning NU1701: Package 'TaskSchedulerEditor 2.10.1' was restored using '.NETFramework,Version=v4.6.1, .NETFramework,Version=v4.6.2, .NETFramework,Version=v4.7, .NETFramework,Version=v4.7.1, .NETFramework,Version=v4.7.2, .NETFramework,Version=v4.8, .NETFramework,Version=v4.8.1' instead of the project target framework 'net8.0'. This package may not be fully compatible with your project.
C:\Users\ultra\warewolf\Dev\Warewolf.Driver.Serilog\Warewolf.Driver.Serilog.csproj : warning NU1701: Package 'AeroWizard 2.3.1' was restored using '.NETFramework,Version=v4.6.1, .NETFramework,Version=v4.6.2, .NETFramework,Version=v4.7, .NETFramework,Version=v4.7.1, .NETFramework,Version=v4.7.2, .NETFramework,Version=v4.8, .NETFramework,Version=v4.8.1' instead of the project target framework 'net8.0'. This package may not be fully compatible with your project.
C:\Users\ultra\warewolf\Dev\Warewolf.Driver.Serilog\Warewolf.Driver.Serilog.csproj : warning NU1701: Package 'GroupControls 1.9.0' was restored using '.NETFramework,Version=v4.6.1, .NETFramework,Version=v4.6.2, .NETFramework,Version=v4.7, .NETFramework,Version=v4.7.1, .NETFramework,Version=v4.7.2, .NETFramework,Version=v4.8, .NETFramework,Version=v4.8.1' instead of the project target framework 'net8.0'. This package may not be fully compatible with your project.
C:\Users\ultra\warewolf\Dev\Warewolf.Driver.Serilog\Warewolf.Driver.Serilog.csproj : warning NU1701: Package 'ReactiveUI.WPF 18.4.1' was restored using '.NETFramework,Version=v4.6.1, .NETFramework,Version=v4.6.2, .NETFramework,Version=v4.7, .NETFramework,Version=v4.7.1, .NETFramework,Version=v4.7.2, .NETFramework,Version=v4.8, .NETFramework,Version=v4.8.1' instead of the project target framework 'net8.0'. This package may not be fully compatible with your project.
C:\Users\ultra\warewolf\Dev\Warewolf.Driver.Serilog\Warewolf.Driver.Serilog.csproj : warning NU1701: Package 'TaskSchedulerEditor 2.10.1' was restored using '.NETFramework,Version=v4.6.1, .NETFramework,Version=v4.6.2, .NETFramework,Version=v4.7, .NETFramework,Version=v4.7.1, .NETFramework,Version=v4.7.2, .NETFramework,Version=v4.8, .NETFramework,Version=v4.8.1' instead of the project target framework 'net8.0'. This package may not be fully compatible with your project.
C:\Users\ultra\warewolf\Dev\Dev2.Scheduler\Dev2.Scheduler.csproj : warning NU1701: Package 'AeroWizard 2.3.1' was restored using '.NETFramework,Version=v4.6.1, .NETFramework,Version=v4.6.2, .NETFramework,Version=v4.7, .NETFramework,Version=v4.7.1, .NETFramework,Version=v4.7.2, .NETFramework,Version=v4.8, .NETFramework,Version=v4.8.1' instead of the project target framework 'net8.0'. This package may not be fully compatible with your project.
C:\Users\ultra\warewolf\Dev\Dev2.Scheduler\Dev2.Scheduler.csproj : warning NU1701: Package 'GroupControls 1.9.0' was restored using '.NETFramework,Version=v4.6.1, .NETFramework,Version=v4.6.2, .NETFramework,Version=v4.7, .NETFramework,Version=v4.7.1, .NETFramework,Version=v4.7.2, .NETFramework,Version=v4.8, .NETFramework,Version=v4.8.1' instead of the project target framework 'net8.0'. This package may not be fully compatible with your project.
C:\Users\ultra\warewolf\Dev\Dev2.Scheduler\Dev2.Scheduler.csproj : warning NU1701: Package 'ReactiveUI.WPF 18.4.1' was restored using '.NETFramework,Version=v4.6.1, .NETFramework,Version=v4.6.2, .NETFramework,Version=v4.7, .NETFramework,Version=v4.7.1, .NETFramework,Version=v4.7.2, .NETFramework,Version=v4.8, .NETFramework,Version=v4.8.1' instead of the project target framework 'net8.0'. This package may not be fully compatible with your project.
C:\Users\ultra\warewolf\Dev\Dev2.Scheduler\Dev2.Scheduler.csproj : warning NU1701: Package 'TaskSchedulerEditor 2.10.1' was restored using '.NETFramework,Version=v4.6.1, .NETFramework,Version=v4.6.2, .NETFramework,Version=v4.7, .NETFramework,Version=v4.7.1, .NETFramework,Version=v4.7.2, .NETFramework,Version=v4.8, .NETFramework,Version=v4.8.1' instead of the project target framework 'net8.0'. This package may not be fully compatible with your project.
  Warewolf.Weave -> C:\Users\ultra\warewolf\Dev\Warewolf.Weave\bin\Debug\net8.0\Warewolf.Weave.dll
  GACManagerApi -> C:\Users\ultra\warewolf\Dev\GACManagerApi\bin\Debug\net8.0\GACManagerApi.dll
  Log4Net.Async -> C:\Users\ultra\warewolf\Dev\Log4Net.Async\bin\Debug\net8.0\Log4Net.Async.dll
  Warewolf.Common.Interfaces.NetStandard20 -> C:\Users\ultra\warewolf\Dev\Warewolf.Common.Interfaces.NetStandard20\bin\Debug\net8.0\Warewolf.Common.Interfaces.NetStandard20.dll
C:\Users\ultra\warewolf\Dev\Warewolf.Security\Warewolf.Security.csproj : warning NU1904: Package 'System.Drawing.Common' 4.5.1 has a known critical severity vulnerability, https://github.com/advisories/GHSA-rxg9-xrhp-64gj
C:\Users\ultra\warewolf\Dev\Warewolf.Interfaces\Data\ChatbotSettingsData.cs(20,23): warning CS0169: The field 'ChatbotSettingsData._encryptDataSource' is never used [C:\Users\ultra\warewolf\Dev\Warewolf.Interfaces\Warewolf.Interfaces.csproj]
C:\Users\ultra\warewolf\Dev\Warewolf.Interfaces\Auditing\SerializableException.cs(15,7): warning CS0414: The field 'SerializableException.HResult' is assigned but its value is never used [C:\Users\ultra\warewolf\Dev\Warewolf.Interfaces\Warewolf.Interfaces.csproj]
  Warewolf.Interfaces -> C:\Users\ultra\warewolf\Dev\Warewolf.Interfaces\bin\Debug\net8.0\Warewolf.Interfaces.dll
  Warewolf.Resource -> C:\Users\ultra\warewolf\Dev\Warewolf.Resource\bin\Debug\net8.0\Warewolf.Resource.dll
C:\Users\ultra\warewolf\Dev\Warewolf.AI.Harness\Warewolf.AI.Harness.csproj : warning NU1701: Package 'AeroWizard 2.3.1' was restored using '.NETFramework,Version=v4.6.1, .NETFramework,Version=v4.6.2, .NETFramework,Version=v4.7, .NETFramework,Version=v4.7.1, .NETFramework,Version=v4.7.2, .NETFramework,Version=v4.8, .NETFramework,Version=v4.8.1' instead of the project target framework 'net8.0'. This package may not be fully compatible with your project.
C:\Users\ultra\warewolf\Dev\Warewolf.AI.Harness\Warewolf.AI.Harness.csproj : warning NU1701: Package 'GroupControls 1.9.0' was restored using '.NETFramework,Version=v4.6.1, .NETFramework,Version=v4.6.2, .NETFramework,Version=v4.7, .NETFramework,Version=v4.7.1, .NETFramework,Version=v4.7.2, .NETFramework,Version=v4.8, .NETFramework,Version=v4.8.1' instead of the project target framework 'net8.0'. This package may not be fully compatible with your project.
C:\Users\ultra\warewolf\Dev\Warewolf.AI.Harness\Warewolf.AI.Harness.csproj : warning NU1701: Package 'TaskSchedulerEditor 2.10.1' was restored using '.NETFramework,Version=v4.6.1, .NETFramework,Version=v4.6.2, .NETFramework,Version=v4.7, .NETFramework,Version=v4.7.1, .NETFramework,Version=v4.7.2, .NETFramework,Version=v4.8, .NETFramework,Version=v4.8.1' instead of the project target framework 'net8.0'. This package may not be fully compatible with your project.
  Dev2.Net6.Compatibility -> C:\Users\ultra\warewolf\Dev\Dev2.Net6.Compatibility\bin\Debug\net8.0\Dev2.Net6.Compatibility.dll
  Warewolf.ServiceDefinitions -> C:\Users\ultra\warewolf\Dev\Warewolf.ServiceDefinitions\bin\Debug\net8.0\Warewolf.ServiceDefinitions.dll
  Warewolf.Studio.Resources -> C:\Users\ultra\warewolf\Dev\Warewolf.Studio.Resources\bin\Debug\net8.0\Warewolf.Studio.Resources.dll
C:\Users\ultra\warewolf\Dev\Warewolf.Security\Encryption\AESThenHMAC.cs(168,34): warning SYSLIB0021: 'AesManaged' is obsolete: 'Derived cryptographic types are obsolete. Use the Create method on the base type instead.' (https://aka.ms/dotnet-warnings/SYSLIB0021) [C:\Users\ultra\warewolf\Dev\Warewolf.Security\Warewolf.Security.csproj]
C:\Users\ultra\warewolf\Dev\Warewolf.Security\Encryption\AESThenHMAC.cs(264,38): warning SYSLIB0021: 'AesManaged' is obsolete: 'Derived cryptographic types are obsolete. Use the Create method on the base type instead.' (https://aka.ms/dotnet-warnings/SYSLIB0021) [C:\Users\ultra\warewolf\Dev\Warewolf.Security\Warewolf.Security.csproj]
C:\Users\ultra\warewolf\Dev\Warewolf.Security\Encryption\AESThenHMAC.cs(331,36): warning SYSLIB0041: 'Rfc2898DeriveBytes.Rfc2898DeriveBytes(string, int, int)' is obsolete: 'The default hash algorithm and iteration counts in Rfc2898DeriveBytes constructors are outdated and insecure. Use a constructor that accepts the hash algorithm and the number of iterations.' (https://aka.ms/dotnet-warnings/SYSLIB0041) [C:\Users\ultra\warewolf\Dev\Warewolf.Security\Warewolf.Security.csproj]
C:\Users\ultra\warewolf\Dev\Warewolf.Security\Encryption\AESThenHMAC.cs(345,36): warning SYSLIB0041: 'Rfc2898DeriveBytes.Rfc2898DeriveBytes(string, int, int)' is obsolete: 'The default hash algorithm and iteration counts in Rfc2898DeriveBytes constructors are outdated and insecure. Use a constructor that accepts the hash algorithm and the number of iterations.' (https://aka.ms/dotnet-warnings/SYSLIB0041) [C:\Users\ultra\warewolf\Dev\Warewolf.Security\Warewolf.Security.csproj]
C:\Users\ultra\warewolf\Dev\Warewolf.Security\Encryption\AESThenHMAC.cs(393,36): warning SYSLIB0041: 'Rfc2898DeriveBytes.Rfc2898DeriveBytes(string, byte[], int)' is obsolete: 'The default hash algorithm and iteration counts in Rfc2898DeriveBytes constructors are outdated and insecure. Use a constructor that accepts the hash algorithm and the number of iterations.' (https://aka.ms/dotnet-warnings/SYSLIB0041) [C:\Users\ultra\warewolf\Dev\Warewolf.Security\Warewolf.Security.csproj]
C:\Users\ultra\warewolf\Dev\Warewolf.Security\Encryption\AESThenHMAC.cs(398,36): warning SYSLIB0041: 'Rfc2898DeriveBytes.Rfc2898DeriveBytes(string, byte[], int)' is obsolete: 'The default hash algorithm and iteration counts in Rfc2898DeriveBytes constructors are outdated and insecure. Use a constructor that accepts the hash algorithm and the number of iterations.' (https://aka.ms/dotnet-warnings/SYSLIB0041) [C:\Users\ultra\warewolf\Dev\Warewolf.Security\Warewolf.Security.csproj]
  Warewolf.Security -> C:\Users\ultra\warewolf\Dev\Warewolf.Security\bin\Debug\net8.0\Warewolf.Security.dll
  Warewolf.Driver.RabbitMQ -> C:\Users\ultra\warewolf\Dev\Warewolf.Driver.RabbitMQ\bin\Debug\net8.0\Warewolf.Driver.RabbitMQ.dll
  Consider app.config remapping of assembly "System.Runtime.CompilerServices.Unsafe, Culture=neutral, PublicKeyToken=b03f5f7f11d50a3a" from Version "6.0.0.0" [] to Version "8.0.0.0" [C:\Program Files\dotnet\packs\Microsoft.NETCore.App.Ref\8.0.25\ref\net8.0\System.Runtime.CompilerServices.Unsafe.dll] to solve conflict and get rid of warning.
  Dev2.SignalR.Wrappers.Interfaces -> C:\Users\ultra\warewolf\Dev\Dev2.SignalR.Wrappers\bin\Debug\net8.0\Dev2.SignalR.Wrappers.dll
  Warewolf.Driver.Redis -> C:\Users\ultra\warewolf\Dev\Warewolf.Driver.Redis\bin\Debug\net8.0\Warewolf.Driver.Redis.dll
  Warewolf.Parser.Interop -> C:\Users\ultra\warewolf\Dev\Warewolf.Parser.Interop\bin\Debug\net8.0\WarewolfParserInterop.dll
C:\Users\ultra\warewolf\Dev\Dev2.Common.Interfaces\Attribute\ReasonAttribute.cs(13,18): warning CC0023: Mark 'ReasonAttribute' as sealed. (https://code-cracker.github.io/diagnostics/CC0023.html) [C:\Users\ultra\warewolf\Dev\Dev2.Common.Interfaces\Dev2.Common.Interfaces.csproj]
C:\Users\ultra\warewolf\Dev\Dev2.Common.Interfaces\Wrappers\IDirectoryEntry.cs(190,35): warning CC0057: Parameter 'path' is not used. (https://code-cracker.github.io/diagnostics/CC0057.html) [C:\Users\ultra\warewolf\Dev\Dev2.Common.Interfaces\Dev2.Common.Interfaces.csproj]
C:\Users\ultra\warewolf\Dev\Dev2.Common.Interfaces\DllListing.cs(97,17): warning CC0105: Use 'var' instead of specifying the type name. (https://code-cracker.github.io/diagnostics/CC0105.html) [C:\Users\ultra\warewolf\Dev\Dev2.Common.Interfaces\Dev2.Common.Interfaces.csproj]
C:\Users\ultra\warewolf\Dev\Dev2.Common.Interfaces\DllListing.cs(98,17): warning CC0105: Use 'var' instead of specifying the type name. (https://code-cracker.github.io/diagnostics/CC0105.html) [C:\Users\ultra\warewolf\Dev\Dev2.Common.Interfaces\Dev2.Common.Interfaces.csproj]
C:\Users\ultra\warewolf\Dev\Dev2.Common.Interfaces\Runtime\Services\IStreamContentFactory.cs(48,21): warning CC0029: 'StreamContentWrapper' should call GC.SuppressFinalize inside the Dispose method. (https://code-cracker.github.io/diagnostics/CC0029.html) [C:\Users\ultra\warewolf\Dev\Dev2.Common.Interfaces\Dev2.Common.Interfaces.csproj]
  Dev2.Common.Interfaces -> C:\Users\ultra\warewolf\Dev\Dev2.Common.Interfaces\bin\Debug\net8.0\Dev2.Common.Interfaces.dll
C:\Users\ultra\warewolf\Dev\Warewolf.Language.Parser\EvaluationFunctions.fs(277,15): warning FS3548: Pattern discard is not allowed for union case that takes no data. [C:\Users\ultra\warewolf\Dev\Warewolf.Language.Parser\Warewolf.Language.Parser.fsproj]
C:\Users\ultra\warewolf\Dev\Warewolf.Language.Parser\EvaluationFunctions.fs(305,15): warning FS3548: Pattern discard is not allowed for union case that takes no data. [C:\Users\ultra\warewolf\Dev\Warewolf.Language.Parser\Warewolf.Language.Parser.fsproj]
C:\Users\ultra\warewolf\Dev\Warewolf.Language.Parser\EvaluationFunctions.fs(748,21): warning FS3873: This construct is deprecated. Sequence expressions should be of the form 'seq { ... }' [C:\Users\ultra\warewolf\Dev\Warewolf.Language.Parser\Warewolf.Language.Parser.fsproj]
C:\Users\ultra\warewolf\Dev\Warewolf.Language.Parser\EvaluationFunctions.fs(751,28): warning FS3873: This construct is deprecated. Sequence expressions should be of the form 'seq { ... }' [C:\Users\ultra\warewolf\Dev\Warewolf.Language.Parser\Warewolf.Language.Parser.fsproj]
C:\Users\ultra\warewolf\Dev\Warewolf.Language.Parser\WarewolfDataEvaluationCommon.fs(593,21): warning FS3873: This construct is deprecated. Sequence expressions should be of the form 'seq { ... }' [C:\Users\ultra\warewolf\Dev\Warewolf.Language.Parser\Warewolf.Language.Parser.fsproj]
C:\Users\ultra\warewolf\Dev\Warewolf.Language.Parser\WarewolfDataEvaluationCommon.fs(596,28): warning FS3873: This construct is deprecated. Sequence expressions should be of the form 'seq { ... }' [C:\Users\ultra\warewolf\Dev\Warewolf.Language.Parser\Warewolf.Language.Parser.fsproj]
  Warewolf.Language.Parser -> C:\Users\ultra\warewolf\Dev\Warewolf.Language.Parser\bin\Debug\net8.0\Warewolf.Language.Parser.dll
C:\Users\ultra\warewolf\Dev\Warewolf.Data\NamedInt.cs(160,21): warning CA2200: Re-throwing caught exception changes stack information (https://learn.microsoft.com/dotnet/fundamentals/code-analysis/quality-rules/ca2200) [C:\Users\ultra\warewolf\Dev\Warewolf.Data\Warewolf.Data.csproj]
  Warewolf.Data -> C:\Users\ultra\warewolf\Dev\Warewolf.Data\bin\Debug\net8.0\Warewolf.Data.dll
  Warewolf.Storage.Interfaces -> C:\Users\ultra\warewolf\Dev\Warewolf.Storage.Interfaces\bin\Debug\net8.0\Warewolf.Storage.Interfaces.dll
  Dev2.Data.Interfaces -> C:\Users\ultra\warewolf\Dev\Dev2.Data.Interfaces\bin\Debug\net8.0\Dev2.Data.Interfaces.dll
  Warewolf.Common -> C:\Users\ultra\warewolf\Dev\Warewolf.Common\bin\Debug\net8.0\Warewolf.Common.dll
C:\Users\ultra\warewolf\Dev\Dev2.Common\ExtMethods\StringExtension.cs(302,13): warning CC0004: Empty Catch Block. (https://code-cracker.github.io/diagnostics/CC0004.html) [C:\Users\ultra\warewolf\Dev\Dev2.Common\Dev2.Common.csproj]
  Dev2.Common -> C:\Users\ultra\warewolf\Dev\Dev2.Common\bin\Debug\net8.0\Dev2.Common.dll
  Dev2.Util -> C:\Users\ultra\warewolf\Dev\Dev2.Util\bin\Debug\net8.0\Dev2.Util.dll
C:\Users\ultra\warewolf\Dev\Dev2.TaskScheduler.Wrappers\Dev2TaskEvent.cs(47,33): warning CA1416: This call site is reachable on all platforms. 'SecurityIdentifier.Value' is only supported on: 'windows'. (https://learn.microsoft.com/dotnet/fundamentals/code-analysis/quality-rules/ca1416) [C:\Users\ultra\warewolf\Dev\Dev2.TaskScheduler.Wrappers\Dev2.TaskScheduler.Wrappers.csproj]
  Dev2.TaskScheduler.Wrappers -> C:\Users\ultra\warewolf\Dev\Dev2.TaskScheduler.Wrappers\bin\Debug\net8.0\Dev2.TaskScheduler.Wrappers.dll
  Warewolf.Licensing -> C:\Users\ultra\warewolf\Dev\Warewolf.Licensing\bin\Debug\net8.0\Warewolf.Licensing.dll
  Dev2.CustomControls -> C:\Users\ultra\warewolf\Dev\Dev2.CustomControls\bin\Debug\net8.0\Dev2.CustomControls.dll
  Consider app.config remapping of assembly "Newtonsoft.Json, Culture=neutral, PublicKeyToken=30ad4fe6b2a6aeed" from Version "12.0.0.0" [] to Version "13.0.0.0" [C:\Users\ultra\.nuget\packages\newtonsoft.json\13.0.2\lib\net6.0\Newtonsoft.Json.dll] to solve conflict and get rid of warning.
  Dev2.Runtime.Configuration -> C:\Users\ultra\warewolf\Dev\Dev2.Runtime.Configuration\bin\Debug\net8.0\Dev2.Runtime.Configuration.dll
C:\Users\ultra\warewolf\Dev\Dev2.Diagnostics\Debug\DebugDispatcher.cs(209,35): warning CC0057: Parameter 'previous' is not used. (https://code-cracker.github.io/diagnostics/CC0057.html) [C:\Users\ultra\warewolf\Dev\Dev2.Diagnostics\Dev2.Diagnostics.csproj]
  Dev2.Diagnostics -> C:\Users\ultra\warewolf\Dev\Dev2.Diagnostics\bin\Debug\net8.0\Dev2.Diagnostics.dll
C:\Users\ultra\warewolf\Dev\Warewolf.AI.Harness\ChatbotApiService.cs(11,7): warning CS0105: The using directive for 'System.Text' appeared previously in this namespace [C:\Users\ultra\warewolf\Dev\Warewolf.AI.Harness\Warewolf.AI.Harness.csproj]
C:\Users\ultra\warewolf\Dev\Warewolf.AI.Harness\ChatbotApiService.cs(12,7): warning CS0105: The using directive for 'Newtonsoft.Json' appeared previously in this namespace [C:\Users\ultra\warewolf\Dev\Warewolf.AI.Harness\Warewolf.AI.Harness.csproj]
C:\Users\ultra\warewolf\Dev\Warewolf.AI.Harness\ChatbotApiService.cs(641,23): warning CS8618: Non-nullable property 'Model' must contain a non-null value when exiting constructor. Consider adding the 'required' modifier or declaring the property as nullable. [C:\Users\ultra\warewolf\Dev\Warewolf.AI.Harness\Warewolf.AI.Harness.csproj]
C:\Users\ultra\warewolf\Dev\Warewolf.AI.Harness\ChatbotApiService.cs(659,23): warning CS8618: Non-nullable property 'FinishReason' must contain a non-null value when exiting constructor. Consider adding the 'required' modifier or declaring the property as nullable. [C:\Users\ultra\warewolf\Dev\Warewolf.AI.Harness\Warewolf.AI.Harness.csproj]
C:\Users\ultra\warewolf\Dev\Warewolf.AI.Harness\ChatbotApiService.cs(201,34): warning CS8600: Converting null literal or possible null value to non-nullable type. [C:\Users\ultra\warewolf\Dev\Warewolf.AI.Harness\Warewolf.AI.Harness.csproj]
C:\Users\ultra\warewolf\Dev\Warewolf.AI.Harness\ChatbotApiService.cs(215,51): warning CS8602: Dereference of a possibly null reference. [C:\Users\ultra\warewolf\Dev\Warewolf.AI.Harness\Warewolf.AI.Harness.csproj]
C:\Users\ultra\warewolf\Dev\Warewolf.AI.Harness\ChatbotApiService.cs(218,25): warning CS8602: Dereference of a possibly null reference. [C:\Users\ultra\warewolf\Dev\Warewolf.AI.Harness\Warewolf.AI.Harness.csproj]
C:\Users\ultra\warewolf\Dev\Warewolf.AI.Harness\ChatbotApiService.cs(303,34): warning CS8600: Converting null literal or possible null value to non-nullable type. [C:\Users\ultra\warewolf\Dev\Warewolf.AI.Harness\Warewolf.AI.Harness.csproj]
C:\Users\ultra\warewolf\Dev\Warewolf.AI.Harness\ChatbotApiService.cs(312,51): warning CS8602: Dereference of a possibly null reference. [C:\Users\ultra\warewolf\Dev\Warewolf.AI.Harness\Warewolf.AI.Harness.csproj]
C:\Users\ultra\warewolf\Dev\Warewolf.AI.Harness\ChatbotApiService.cs(314,30): warning CS8602: Dereference of a possibly null reference. [C:\Users\ultra\warewolf\Dev\Warewolf.AI.Harness\Warewolf.AI.Harness.csproj]
C:\Users\ultra\warewolf\Dev\Warewolf.AI.Harness\ChatbotApiService.cs(477,32): warning CS8600: Converting null literal or possible null value to non-nullable type. [C:\Users\ultra\warewolf\Dev\Warewolf.AI.Harness\Warewolf.AI.Harness.csproj]
C:\Users\ultra\warewolf\Dev\Warewolf.AI.Harness\ChatbotApiService.cs(478,32): warning CS8600: Converting null literal or possible null value to non-nullable type. [C:\Users\ultra\warewolf\Dev\Warewolf.AI.Harness\Warewolf.AI.Harness.csproj]
C:\Users\ultra\warewolf\Dev\Warewolf.AI.Harness\ChatbotApiService.cs(481,73): warning CS8625: Cannot convert null literal to non-nullable reference type. [C:\Users\ultra\warewolf\Dev\Warewolf.AI.Harness\Warewolf.AI.Harness.csproj]
C:\Users\ultra\warewolf\Dev\Warewolf.AI.Harness\ChatbotApiService.cs(482,60): warning CS8604: Possible null reference argument for parameter 'authHeaderName' in 'HttpResponseMessage ChatbotApiService.PostWithAuth(string endpoint, object payload, string authHeaderName, string authHeaderValue, string additionalHeaders)'. [C:\Users\ultra\warewolf\Dev\Warewolf.AI.Harness\Warewolf.AI.Harness.csproj]
C:\Users\ultra\warewolf\Dev\Warewolf.AI.Harness\ChatbotApiService.cs(482,70): warning CS8604: Possible null reference argument for parameter 'authHeaderValue' in 'HttpResponseMessage ChatbotApiService.PostWithAuth(string endpoint, object payload, string authHeaderName, string authHeaderValue, string additionalHeaders)'. [C:\Users\ultra\warewolf\Dev\Warewolf.AI.Harness\Warewolf.AI.Harness.csproj]
C:\Users\ultra\warewolf\Dev\Warewolf.AI.Harness\ChatbotApiService.cs(482,81): warning CS8625: Cannot convert null literal to non-nullable reference type. [C:\Users\ultra\warewolf\Dev\Warewolf.AI.Harness\Warewolf.AI.Harness.csproj]
C:\Users\ultra\warewolf\Dev\Warewolf.AI.Harness\ChatbotApiService.cs(496,73): warning CS8625: Cannot convert null literal to non-nullable reference type. [C:\Users\ultra\warewolf\Dev\Warewolf.AI.Harness\Warewolf.AI.Harness.csproj]
C:\Users\ultra\warewolf\Dev\Warewolf.AI.Harness\ChatbotApiService.cs(497,81): warning CS8625: Cannot convert null literal to non-nullable reference type. [C:\Users\ultra\warewolf\Dev\Warewolf.AI.Harness\Warewolf.AI.Harness.csproj]
C:\Users\ultra\warewolf\Dev\Warewolf.AI.Harness\ChatbotApiService.cs(514,73): warning CS8625: Cannot convert null literal to non-nullable reference type. [C:\Users\ultra\warewolf\Dev\Warewolf.AI.Harness\Warewolf.AI.Harness.csproj]
C:\Users\ultra\warewolf\Dev\Warewolf.AI.Harness\ChatbotApiService.cs(515,114): warning CS8625: Cannot convert null literal to non-nullable reference type. [C:\Users\ultra\warewolf\Dev\Warewolf.AI.Harness\Warewolf.AI.Harness.csproj]
C:\Users\ultra\warewolf\Dev\Warewolf.AI.Harness\ChatbotApiService.cs(521,36): warning CS8600: Converting null literal or possible null value to non-nullable type. [C:\Users\ultra\warewolf\Dev\Warewolf.AI.Harness\Warewolf.AI.Harness.csproj]
C:\Users\ultra\warewolf\Dev\Warewolf.AI.Harness\ChatbotApiService.cs(538,82): warning CS8604: Possible null reference argument for parameter 'systemMessage' in 'Dictionary<string, object> ChatbotApiService.CreatePayload(string model, object messages, string systemMessage, bool useMaxCompletionTokens, bool includeTemperature)'. [C:\Users\ultra\warewolf\Dev\Warewolf.AI.Harness\Warewolf.AI.Harness.csproj]
C:\Users\ultra\warewolf\Dev\Warewolf.AI.Harness\ChatbotApiService.cs(545,35): warning CS8600: Converting null literal or possible null value to non-nullable type. [C:\Users\ultra\warewolf\Dev\Warewolf.AI.Harness\Warewolf.AI.Harness.csproj]
C:\Users\ultra\warewolf\Dev\Warewolf.AI.Harness\ChatbotApiService.cs(589,68): warning CS8625: Cannot convert null literal to non-nullable reference type. [C:\Users\ultra\warewolf\Dev\Warewolf.AI.Harness\Warewolf.AI.Harness.csproj]
C:\Users\ultra\warewolf\Dev\Warewolf.AI.Harness\ChatbotApiService.cs(589,74): warning CS8625: Cannot convert null literal to non-nullable reference type. [C:\Users\ultra\warewolf\Dev\Warewolf.AI.Harness\Warewolf.AI.Harness.csproj]
C:\Users\ultra\warewolf\Dev\Warewolf.AI.Harness\ChatbotApiService.cs(589,80): warning CS8625: Cannot convert null literal to non-nullable reference type. [C:\Users\ultra\warewolf\Dev\Warewolf.AI.Harness\Warewolf.AI.Harness.csproj]
  Warewolf.AI.Harness -> C:\Users\ultra\warewolf\Dev\Warewolf.AI.Harness\bin\Debug\net8.0\Warewolf.AI.Harness.dll
C:\Users\ultra\warewolf\Dev\Dev2.Infrastructure\PerformanceCounters\Management\PerformanceCounterPersistence.cs(48,81): warning CC0057: Parameter 'resourcePerformanceCounters' is not used. (https://code-cracker.github.io/diagnostics/CC0057.html) [C:\Users\ultra\warewolf\Dev\Dev2.Infrastructure\Dev2.Infrastructure.csproj]
C:\Users\ultra\warewolf\Dev\Dev2.Infrastructure\PerformanceCounters\Management\WarewolfPerformanceCounterManager.cs(22,140): warning CC0057: Parameter 'register' is not used. (https://code-cracker.github.io/diagnostics/CC0057.html) [C:\Users\ultra\warewolf\Dev\Dev2.Infrastructure\Dev2.Infrastructure.csproj]
C:\Users\ultra\warewolf\Dev\Dev2.Infrastructure\PerformanceCounters\Management\WarewolfPerformanceCounterManager.cs(67,83): warning CC0057: Parameter 'name' is not used. (https://code-cracker.github.io/diagnostics/CC0057.html) [C:\Users\ultra\warewolf\Dev\Dev2.Infrastructure\Dev2.Infrastructure.csproj]
C:\Users\ultra\warewolf\Dev\Dev2.Infrastructure\PerformanceCounters\PerformanceCounterCategoryWrapper.cs(38,29): warning CA1416: This call site is reachable on all platforms. 'PerformanceCounterCategory' is only supported on: 'windows'. (https://learn.microsoft.com/dotnet/fundamentals/code-analysis/quality-rules/ca1416) [C:\Users\ultra\warewolf\Dev\Dev2.Infrastructure\Dev2.Infrastructure.csproj]
C:\Users\ultra\warewolf\Dev\Dev2.Infrastructure\PerformanceCounters\PerformanceCounterCategoryWrapper.cs(33,48): warning CA1416: This call site is reachable on all platforms. 'PerformanceCounterCategory.Exists(string)' is only supported on: 'windows'. (https://learn.microsoft.com/dotnet/fundamentals/code-analysis/quality-rules/ca1416) [C:\Users\ultra\warewolf\Dev\Dev2.Infrastructure\Dev2.Infrastructure.csproj]
C:\Users\ultra\warewolf\Dev\Dev2.Infrastructure\PerformanceCounters\PerformanceCounterCategoryWrapper.cs(32,48): warning CA1416: This call site is reachable on all platforms. 'PerformanceCounterCategory.Delete(string)' is only supported on: 'windows'. (https://learn.microsoft.com/dotnet/fundamentals/code-analysis/quality-rules/ca1416) [C:\Users\ultra\warewolf\Dev\Dev2.Infrastructure\Dev2.Infrastructure.csproj]
C:\Users\ultra\warewolf\Dev\Dev2.Infrastructure\PerformanceCounters\PerformanceCounterCategoryWrapper.cs(12,51): warning CA1416: This call site is reachable on all platforms. 'PerformanceCounterCategory.CounterExists(string)' is only supported on: 'windows'. (https://learn.microsoft.com/dotnet/fundamentals/code-analysis/quality-rules/ca1416) [C:\Users\ultra\warewolf\Dev\Dev2.Infrastructure\Dev2.Infrastructure.csproj]
C:\Users\ultra\warewolf\Dev\Dev2.Infrastructure\PerformanceCounters\PerformanceCounterCategoryWrapper.cs(29,13): warning CA1416: This call site is reachable on all platforms. 'PerformanceCounterCategory.Create(string, string, PerformanceCounterCategoryType, CounterCreationDataCollection)' is only supported on: 'windows'. (https://learn.microsoft.com/dotnet/fundamentals/code-analysis/quality-rules/ca1416) [C:\Users\ultra\warewolf\Dev\Dev2.Infrastructure\Dev2.Infrastructure.csproj]
C:\Users\ultra\warewolf\Dev\Dev2.Infrastructure\PerformanceCounters\PerformanceCounterCategoryWrapper.cs(14,49): warning CA1416: This call site is reachable on all platforms. 'CounterCreationDataCollection' is only supported on: 'windows'. (https://learn.microsoft.com/dotnet/fundamentals/code-analysis/quality-rules/ca1416) [C:\Users\ultra\warewolf\Dev\Dev2.Infrastructure\Dev2.Infrastructure.csproj]
C:\Users\ultra\warewolf\Dev\Dev2.Infrastructure\PerformanceCounters\PerformanceCounterCategoryWrapper.cs(19,45): warning CA1416: This call site is reachable on all platforms. 'CounterCreationData' is only supported on: 'windows'. (https://learn.microsoft.com/dotnet/fundamentals/code-analysis/quality-rules/ca1416) [C:\Users\ultra\warewolf\Dev\Dev2.Infrastructure\Dev2.Infrastructure.csproj]
C:\Users\ultra\warewolf\Dev\Dev2.Infrastructure\PerformanceCounters\PerformanceCounterCategoryWrapper.cs(25,21): warning CA1416: This call site is reachable on all platforms. 'CounterCreationDataCollection.Add(CounterCreationData)' is only supported on: 'windows'. (https://learn.microsoft.com/dotnet/fundamentals/code-analysis/quality-rules/ca1416) [C:\Users\ultra\warewolf\Dev\Dev2.Infrastructure\Dev2.Infrastructure.csproj]
C:\Users\ultra\warewolf\Dev\Dev2.Infrastructure\PerformanceCounters\PerformanceCounterCategoryWrapper.cs(29,71): warning CA1416: This call site is reachable on all platforms. 'PerformanceCounterCategoryType.MultiInstance' is only supported on: 'windows'. (https://learn.microsoft.com/dotnet/fundamentals/code-analysis/quality-rules/ca1416) [C:\Users\ultra\warewolf\Dev\Dev2.Infrastructure\Dev2.Infrastructure.csproj]
C:\Users\ultra\warewolf\Dev\Dev2.Infrastructure\PerformanceCounters\PerformanceCounterCategoryWrapper.cs(50,28): warning CA1416: This call site is reachable on all platforms. 'PerformanceCounterType.AverageTimer32' is only supported on: 'windows'. (https://learn.microsoft.com/dotnet/fundamentals/code-analysis/quality-rules/ca1416) [C:\Users\ultra\warewolf\Dev\Dev2.Infrastructure\Dev2.Infrastructure.csproj]
C:\Users\ultra\warewolf\Dev\Dev2.Infrastructure\PerformanceCounters\PerformanceCounterCategoryWrapper.cs(52,28): warning CA1416: This call site is reachable on all platforms. 'PerformanceCounterType.NumberOfItems32' is only supported on: 'windows'. (https://learn.microsoft.com/dotnet/fundamentals/code-analysis/quality-rules/ca1416) [C:\Users\ultra\warewolf\Dev\Dev2.Infrastructure\Dev2.Infrastructure.csproj]
C:\Users\ultra\warewolf\Dev\Dev2.Infrastructure\PerformanceCounters\PerformanceCounterCategoryWrapper.cs(54,28): warning CA1416: This call site is reachable on all platforms. 'PerformanceCounterType.RateOfCountsPerSecond32' is only supported on: 'windows'. (https://learn.microsoft.com/dotnet/fundamentals/code-analysis/quality-rules/ca1416) [C:\Users\ultra\warewolf\Dev\Dev2.Infrastructure\Dev2.Infrastructure.csproj]
C:\Users\ultra\warewolf\Dev\Dev2.Infrastructure\PerformanceCounters\PerformanceCounterCategoryWrapper.cs(48,28): warning CA1416: This call site is reachable on all platforms. 'PerformanceCounterType.AverageBase' is only supported on: 'windows'. (https://learn.microsoft.com/dotnet/fundamentals/code-analysis/quality-rules/ca1416) [C:\Users\ultra\warewolf\Dev\Dev2.Infrastructure\Dev2.Infrastructure.csproj]
C:\Users\ultra\warewolf\Dev\Dev2.Infrastructure\Services\Security\MoqInstallerActions\InstallerActionsForDevelopment.cs(57,31): warning CA1416: This call site is reachable on all platforms. 'WindowsIdentity.GetCurrent(bool)' is only supported on: 'windows'. (https://learn.microsoft.com/dotnet/fundamentals/code-analysis/quality-rules/ca1416) [C:\Users\ultra\warewolf\Dev\Dev2.Infrastructure\Dev2.Infrastructure.csproj]
C:\Users\ultra\warewolf\Dev\Dev2.Infrastructure\Services\Security\MoqInstallerActions\InstallerActionsForDevelopment.cs(59,57): warning CA1416: This call site is reachable on all platforms. 'WindowsIdentity.Name' is only supported on: 'windows'. (https://learn.microsoft.com/dotnet/fundamentals/code-analysis/quality-rules/ca1416) [C:\Users\ultra\warewolf\Dev\Dev2.Infrastructure\Dev2.Infrastructure.csproj]
C:\Users\ultra\warewolf\Dev\Dev2.Infrastructure\Services\Security\SecuritySettings.cs(92,28): warning CC0022: HMACSHA256 should be disposed. (https://code-cracker.github.io/diagnostics/CC0022.html) [C:\Users\ultra\warewolf\Dev\Dev2.Infrastructure\Dev2.Infrastructure.csproj]
CSC : warning AD0001: Analyzer 'CodeCracker.CSharp.Design.UseInvokeMethodToFireEventAnalyzer' threw an exception of type 'System.ArgumentException' with message 'Syntax node is not within syntax tree'. [C:\Users\ultra\warewolf\Dev\Dev2.Infrastructure\Dev2.Infrastructure.csproj]
CSC : warning AD0001: Analyzer 'CodeCracker.CSharp.Design.UseInvokeMethodToFireEventAnalyzer' threw an exception of type 'System.ArgumentException' with message 'Syntax node is not within syntax tree'. [C:\Users\ultra\warewolf\Dev\Dev2.Infrastructure\Dev2.Infrastructure.csproj]
CSC : warning AD0001: Analyzer 'CodeCracker.CSharp.Design.UseInvokeMethodToFireEventAnalyzer' threw an exception of type 'System.ArgumentException' with message 'Syntax node is not within syntax tree'. [C:\Users\ultra\warewolf\Dev\Dev2.Infrastructure\Dev2.Infrastructure.csproj]
CSC : warning AD0001: Analyzer 'CodeCracker.CSharp.Design.UseInvokeMethodToFireEventAnalyzer' threw an exception of type 'System.ArgumentException' with message 'Syntax node is not within syntax tree'. [C:\Users\ultra\warewolf\Dev\Dev2.Infrastructure\Dev2.Infrastructure.csproj]
CSC : warning AD0001: Analyzer 'CodeCracker.CSharp.Design.UseInvokeMethodToFireEventAnalyzer' threw an exception of type 'System.ArgumentException' with message 'Syntax node is not within syntax tree'. [C:\Users\ultra\warewolf\Dev\Dev2.Infrastructure\Dev2.Infrastructure.csproj]
CSC : warning AD0001: Analyzer 'CodeCracker.CSharp.Design.UseInvokeMethodToFireEventAnalyzer' threw an exception of type 'System.ArgumentException' with message 'Syntax node is not within syntax tree'. [C:\Users\ultra\warewolf\Dev\Dev2.Infrastructure\Dev2.Infrastructure.csproj]
CSC : warning AD0001: Analyzer 'CodeCracker.CSharp.Design.UseInvokeMethodToFireEventAnalyzer' threw an exception of type 'System.ArgumentException' with message 'Syntax node is not within syntax tree'. [C:\Users\ultra\warewolf\Dev\Dev2.Infrastructure\Dev2.Infrastructure.csproj]
CSC : warning AD0001: Analyzer 'CodeCracker.CSharp.Design.UseInvokeMethodToFireEventAnalyzer' threw an exception of type 'System.ArgumentException' with message 'Syntax node is not within syntax tree'. [C:\Users\ultra\warewolf\Dev\Dev2.Infrastructure\Dev2.Infrastructure.csproj]
CSC : warning AD0001: Analyzer 'CodeCracker.CSharp.Design.UseInvokeMethodToFireEventAnalyzer' threw an exception of type 'System.ArgumentException' with message 'Syntax node is not within syntax tree'. [C:\Users\ultra\warewolf\Dev\Dev2.Infrastructure\Dev2.Infrastructure.csproj]
CSC : warning AD0001: Analyzer 'CodeCracker.CSharp.Design.UseInvokeMethodToFireEventAnalyzer' threw an exception of type 'System.ArgumentException' with message 'Syntax node is not within syntax tree'. [C:\Users\ultra\warewolf\Dev\Dev2.Infrastructure\Dev2.Infrastructure.csproj]
CSC : warning AD0001: Analyzer 'CodeCracker.CSharp.Design.UseInvokeMethodToFireEventAnalyzer' threw an exception of type 'System.ArgumentException' with message 'Syntax node is not within syntax tree'. [C:\Users\ultra\warewolf\Dev\Dev2.Infrastructure\Dev2.Infrastructure.csproj]
CSC : warning AD0001: Analyzer 'CodeCracker.CSharp.Design.UseInvokeMethodToFireEventAnalyzer' threw an exception of type 'System.ArgumentException' with message 'Syntax node is not within syntax tree'. [C:\Users\ultra\warewolf\Dev\Dev2.Infrastructure\Dev2.Infrastructure.csproj]
CSC : warning AD0001: Analyzer 'CodeCracker.CSharp.Design.UseInvokeMethodToFireEventAnalyzer' threw an exception of type 'System.ArgumentException' with message 'Syntax node is not within syntax tree'. [C:\Users\ultra\warewolf\Dev\Dev2.Infrastructure\Dev2.Infrastructure.csproj]
CSC : warning AD0001: Analyzer 'CodeCracker.CSharp.Design.UseInvokeMethodToFireEventAnalyzer' threw an exception of type 'System.ArgumentException' with message 'Syntax node is not within syntax tree'. [C:\Users\ultra\warewolf\Dev\Dev2.Infrastructure\Dev2.Infrastructure.csproj]
  Dev2.Infrastructure -> C:\Users\ultra\warewolf\Dev\Dev2.Infrastructure\bin\Debug\net8.0\Dev2.Infrastructure.dll
  Warewolf.Storage -> C:\Users\ultra\warewolf\Dev\Warewolf.Storage\bin\Debug\net8.0\Warewolf.Storage.dll
C:\Users\ultra\warewolf\Dev\Dev2.Services.Sql\ConnectionBuilder.cs(44,21): warning CC0029: 'ConnectionBuilder' should call GC.SuppressFinalize inside the Dispose method. (https://code-cracker.github.io/diagnostics/CC0029.html) [C:\Users\ultra\warewolf\Dev\Dev2.Services.Sql\Dev2.Services.Sql.csproj]
  Dev2.Services.Sql -> C:\Users\ultra\warewolf\Dev\Dev2.Services.Sql\bin\Debug\net8.0\Dev2.Services.Sql.dll
C:\Program Files\dotnet\sdk\10.0.201\Microsoft.CSharp.CurrentVersion.targets(130,9): warning MSB3884: Could not find rule set file "..\.sonarlint\warewolf_dotnet_frameworkcsharp.ruleset". [C:\Users\ultra\warewolf\Dev\Warewolf.Sharepoint\Warewolf.Sharepoint.csproj]
  Warewolf.Sharepoint -> C:\Users\ultra\warewolf\Dev\Warewolf.Sharepoint\bin\Debug\net8.0\Warewolf.Sharepoint.dll
C:\Program Files\dotnet\sdk\10.0.201\Microsoft.Common.CurrentVersion.targets(2451,5): warning MSB3245: Could not resolve this reference. Could not locate the assembly "System.Web". Check to make sure the assembly exists on disk. If this reference is required by your code, you may get compilation errors. [C:\Users\ultra\warewolf\Dev\Dev2.Data\Dev2.Data.csproj]
C:\Program Files\dotnet\sdk\10.0.201\Microsoft.Common.CurrentVersion.targets(2451,5): warning MSB3245: Could not resolve this reference. Could not locate the assembly "System.Web.Extensions". Check to make sure the assembly exists on disk. If this reference is required by your code, you may get compilation errors. [C:\Users\ultra\warewolf\Dev\Dev2.Data\Dev2.Data.csproj]
C:\Program Files\dotnet\sdk\10.0.201\Microsoft.Common.CurrentVersion.targets(2451,5): warning MSB3245: Could not resolve this reference. Could not locate the assembly "System.Xml.Linq". Check to make sure the assembly exists on disk. If this reference is required by your code, you may get compilation errors. [C:\Users\ultra\warewolf\Dev\Dev2.Data\Dev2.Data.csproj]
C:\Program Files\dotnet\sdk\10.0.201\Microsoft.Common.CurrentVersion.targets(2451,5): warning MSB3245: Could not resolve this reference. Could not locate the assembly "System.Data.DataSetExtensions". Check to make sure the assembly exists on disk. If this reference is required by your code, you may get compilation errors. [C:\Users\ultra\warewolf\Dev\Dev2.Data\Dev2.Data.csproj]
C:\Program Files\dotnet\sdk\10.0.201\Microsoft.Common.CurrentVersion.targets(2451,5): warning MSB3245: Could not resolve this reference. Could not locate the assembly "Microsoft.CSharp". Check to make sure the assembly exists on disk. If this reference is required by your code, you may get compilation errors. [C:\Users\ultra\warewolf\Dev\Dev2.Data\Dev2.Data.csproj]
C:\Program Files\dotnet\sdk\10.0.201\Microsoft.Common.CurrentVersion.targets(2451,5): warning MSB3245: Could not resolve this reference. Could not locate the assembly "System.Data". Check to make sure the assembly exists on disk. If this reference is required by your code, you may get compilation errors. [C:\Users\ultra\warewolf\Dev\Dev2.Data\Dev2.Data.csproj]
C:\Program Files\dotnet\sdk\10.0.201\Microsoft.Common.CurrentVersion.targets(2451,5): warning MSB3245: Could not resolve this reference. Could not locate the assembly "System.Xml". Check to make sure the assembly exists on disk. If this reference is required by your code, you may get compilation errors. [C:\Users\ultra\warewolf\Dev\Dev2.Data\Dev2.Data.csproj]
C:\Program Files\dotnet\sdk\10.0.201\Microsoft.Common.CurrentVersion.targets(2451,5): warning MSB3243: No way to resolve conflict between "System.Web, Version=4.0.0.0, Culture=neutral, PublicKeyToken=b03f5f7f11d50a3a" and "System.Web". Choosing "System.Web, Version=4.0.0.0, Culture=neutral, PublicKeyToken=b03f5f7f11d50a3a" arbitrarily. [C:\Users\ultra\warewolf\Dev\Dev2.Data\Dev2.Data.csproj]
C:\Program Files\dotnet\sdk\10.0.201\Microsoft.Common.CurrentVersion.targets(2451,5): warning MSB3243: No way to resolve conflict between "System.Xml.Linq, Version=4.0.0.0, Culture=neutral, PublicKeyToken=b77a5c561934e089" and "System.Xml.Linq". Choosing "System.Xml.Linq, Version=4.0.0.0, Culture=neutral, PublicKeyToken=b77a5c561934e089" arbitrarily. [C:\Users\ultra\warewolf\Dev\Dev2.Data\Dev2.Data.csproj]
C:\Program Files\dotnet\sdk\10.0.201\Microsoft.Common.CurrentVersion.targets(2451,5): warning MSB3243: No way to resolve conflict between "System.Data.DataSetExtensions, Version=8.0.0.0, Culture=neutral, PublicKeyToken=b77a5c561934e089" and "System.Data.DataSetExtensions". Choosing "System.Data.DataSetExtensions, Version=8.0.0.0, Culture=neutral, PublicKeyToken=b77a5c561934e089" arbitrarily. [C:\Users\ultra\warewolf\Dev\Dev2.Data\Dev2.Data.csproj]
C:\Program Files\dotnet\sdk\10.0.201\Microsoft.Common.CurrentVersion.targets(2451,5): warning MSB3243: No way to resolve conflict between "Microsoft.CSharp, Version=8.0.0.0, Culture=neutral, PublicKeyToken=b03f5f7f11d50a3a" and "Microsoft.CSharp". Choosing "Microsoft.CSharp, Version=8.0.0.0, Culture=neutral, PublicKeyToken=b03f5f7f11d50a3a" arbitrarily. [C:\Users\ultra\warewolf\Dev\Dev2.Data\Dev2.Data.csproj]
C:\Program Files\dotnet\sdk\10.0.201\Microsoft.Common.CurrentVersion.targets(2451,5): warning MSB3243: No way to resolve conflict between "System.Data, Version=4.0.0.0, Culture=neutral, PublicKeyToken=b77a5c561934e089" and "System.Data". Choosing "System.Data, Version=4.0.0.0, Culture=neutral, PublicKeyToken=b77a5c561934e089" arbitrarily. [C:\Users\ultra\warewolf\Dev\Dev2.Data\Dev2.Data.csproj]
C:\Program Files\dotnet\sdk\10.0.201\Microsoft.Common.CurrentVersion.targets(2451,5): warning MSB3243: No way to resolve conflict between "System.Xml, Version=4.0.0.0, Culture=neutral, PublicKeyToken=b77a5c561934e089" and "System.Xml". Choosing "System.Xml, Version=4.0.0.0, Culture=neutral, PublicKeyToken=b77a5c561934e089" arbitrarily. [C:\Users\ultra\warewolf\Dev\Dev2.Data\Dev2.Data.csproj]
CSC : warning CS2002: Source file 'C:\Users\ultra\warewolf\Dev\Dev2.Data\MathOperations\NCalc\NCalcExpressionBuilder.cs' specified multiple times [C:\Users\ultra\warewolf\Dev\Dev2.Data\Dev2.Data.csproj]
CSC : warning CS2002: Source file 'C:\Users\ultra\warewolf\Dev\Dev2.Data\MathOperations\NCalc\NCalcFunctionArgHelper.cs' specified multiple times [C:\Users\ultra\warewolf\Dev\Dev2.Data\Dev2.Data.csproj]
CSC : warning CS2002: Source file 'C:\Users\ultra\warewolf\Dev\Dev2.Data\MathOperations\NCalc\Functions\BaseConversionFunctions.cs' specified multiple times [C:\Users\ultra\warewolf\Dev\Dev2.Data\Dev2.Data.csproj]
CSC : warning CS2002: Source file 'C:\Users\ultra\warewolf\Dev\Dev2.Data\MathOperations\NCalc\Functions\ComplexFunctions.cs' specified multiple times [C:\Users\ultra\warewolf\Dev\Dev2.Data\Dev2.Data.csproj]
CSC : warning CS2002: Source file 'C:\Users\ultra\warewolf\Dev\Dev2.Data\MathOperations\NCalc\Functions\DateTimeFunctions.cs' specified multiple times [C:\Users\ultra\warewolf\Dev\Dev2.Data\Dev2.Data.csproj]
CSC : warning CS2002: Source file 'C:\Users\ultra\warewolf\Dev\Dev2.Data\MathOperations\NCalc\Functions\FinancialFunctions.cs' specified multiple times [C:\Users\ultra\warewolf\Dev\Dev2.Data\Dev2.Data.csproj]
CSC : warning CS2002: Source file 'C:\Users\ultra\warewolf\Dev\Dev2.Data\MathOperations\NCalc\Functions\InformationFunctions.cs' specified multiple times [C:\Users\ultra\warewolf\Dev\Dev2.Data\Dev2.Data.csproj]
CSC : warning CS2002: Source file 'C:\Users\ultra\warewolf\Dev\Dev2.Data\MathOperations\NCalc\Functions\MathFunctions.cs' specified multiple times [C:\Users\ultra\warewolf\Dev\Dev2.Data\Dev2.Data.csproj]
CSC : warning CS2002: Source file 'C:\Users\ultra\warewolf\Dev\Dev2.Data\MathOperations\NCalc\Functions\StringFunctions.cs' specified multiple times [C:\Users\ultra\warewolf\Dev\Dev2.Data\Dev2.Data.csproj]
C:\Users\ultra\warewolf\Dev\Dev2.Data\MathOperations\NCalc\Functions\MathFunctions.cs(22,30): warning CS8632: The annotation for nullable reference types should only be used in code within a '#nullable' annotations context. [C:\Users\ultra\warewolf\Dev\Dev2.Data\Dev2.Data.csproj]
C:\Users\ultra\warewolf\Dev\Dev2.Data\MathOperations\NCalc\NCalcFunctionArgHelper.cs(51,47): warning CS8632: The annotation for nullable reference types should only be used in code within a '#nullable' annotations context. [C:\Users\ultra\warewolf\Dev\Dev2.Data\Dev2.Data.csproj]
C:\Users\ultra\warewolf\Dev\Dev2.Data\MathOperations\NCalc\Functions\StringFunctions.cs(94,59): warning CS8632: The annotation for nullable reference types should only be used in code within a '#nullable' annotations context. [C:\Users\ultra\warewolf\Dev\Dev2.Data\Dev2.Data.csproj]
C:\Users\ultra\warewolf\Dev\Dev2.Data\NativeMethods.cs(66,59): warning CS0472: The result of the expression is always 'false' since a value of type 'nint' is never equal to 'null' of type 'nint?' [C:\Users\ultra\warewolf\Dev\Dev2.Data\Dev2.Data.csproj]
C:\Users\ultra\warewolf\Dev\Dev2.Data\NativeMethods.cs(88,8): warning CS0472: The result of the expression is always 'false' since a value of type 'nint' is never equal to 'null' of type 'nint?' [C:\Users\ultra\warewolf\Dev\Dev2.Data\Dev2.Data.csproj]
C:\Users\ultra\warewolf\Dev\Dev2.Data\Security\WindowsIdentityExtensions.cs(41,24): warning CA1416: This call site is reachable on all platforms. 'WindowsIdentity.RunImpersonated<T>(SafeAccessTokenHandle, Func<T>)' is only supported on: 'windows'. (https://learn.microsoft.com/dotnet/fundamentals/code-analysis/quality-rules/ca1416) [C:\Users\ultra\warewolf\Dev\Dev2.Data\Dev2.Data.csproj]
C:\Users\ultra\warewolf\Dev\Dev2.Data\Security\WindowsIdentityExtensions.cs(28,17): warning CA1416: This call site is reachable on all platforms. 'WindowsIdentity.RunImpersonated(SafeAccessTokenHandle, Action)' is only supported on: 'windows'. (https://learn.microsoft.com/dotnet/fundamentals/code-analysis/quality-rules/ca1416) [C:\Users\ultra\warewolf\Dev\Dev2.Data\Dev2.Data.csproj]
C:\Users\ultra\warewolf\Dev\Dev2.Data\Security\WindowsIdentityExtensions.cs(41,59): warning CA1416: This call site is reachable on all platforms. 'WindowsIdentity.AccessToken' is only supported on: 'windows'. (https://learn.microsoft.com/dotnet/fundamentals/code-analysis/quality-rules/ca1416) [C:\Users\ultra\warewolf\Dev\Dev2.Data\Dev2.Data.csproj]
C:\Users\ultra\warewolf\Dev\Dev2.Data\Security\WindowsIdentityExtensions.cs(28,49): warning CA1416: This call site is reachable on all platforms. 'WindowsIdentity.AccessToken' is only supported on: 'windows'. (https://learn.microsoft.com/dotnet/fundamentals/code-analysis/quality-rules/ca1416) [C:\Users\ultra\warewolf\Dev\Dev2.Data\Dev2.Data.csproj]
C:\Users\ultra\warewolf\Dev\Dev2.Data\PathOperations\ValidateAuthorization.cs(73,33): warning CA1416: This call site is reachable on all platforms. 'WindowsIdentity' is only supported on: 'windows'. (https://learn.microsoft.com/dotnet/fundamentals/code-analysis/quality-rules/ca1416) [C:\Users\ultra\warewolf\Dev\Dev2.Data\Dev2.Data.csproj]
  Dev2.Data -> C:\Users\ultra\warewolf\Dev\Dev2.Data\bin\Debug\net8.0\Dev2.Data.dll
  Warewolf.Driver.Serilog -> C:\Users\ultra\warewolf\Dev\Warewolf.Driver.Serilog\bin\Debug\net8.0\Warewolf.Driver.Serilog.dll
  Dev2.Core -> C:\Users\ultra\warewolf\Dev\Dev2.Core\bin\Debug\net8.0\Dev2.Core.dll
  Dev2.Scheduler -> C:\Users\ultra\warewolf\Dev\Dev2.Scheduler\bin\Debug\net8.0\Dev2.Scheduler.dll
C:\Users\ultra\warewolf\Dev\Warewolf.Auditing\Audit.cs(189,26): warning CS8073: The result of the expression is always 'false' since a value of type 'DateTime' is never equal to 'null' of type 'DateTime?' [C:\Users\ultra\warewolf\Dev\Warewolf.Auditing\Warewolf.Auditing.csproj]
C:\Users\ultra\warewolf\Dev\Warewolf.Auditing\Drivers\AuditQueryableElastic.cs(360,33): warning CS0618: 'ElasticsearchClient.Search<TDocument>(SearchRequestDescriptor<TDocument>)' is obsolete: 'Synchronous methods are deprecated and could be removed in the future.' [C:\Users\ultra\warewolf\Dev\Warewolf.Auditing\Warewolf.Auditing.csproj]
C:\Users\ultra\warewolf\Dev\Warewolf.Auditing\Drivers\AuditQueryableElastic.cs(384,26): warning CS0618: 'ElasticsearchClient.Ping()' is obsolete: 'Synchronous methods are deprecated and could be removed in the future.' [C:\Users\ultra\warewolf\Dev\Warewolf.Auditing\Warewolf.Auditing.csproj]
C:\Users\ultra\warewolf\Dev\Warewolf.Core\InputsFromJson.cs(99,21): warning CC0105: Use 'var' instead of specifying the type name. (https://code-cracker.github.io/diagnostics/CC0105.html) [C:\Users\ultra\warewolf\Dev\Warewolf.Core\Warewolf.Core.csproj]
  Warewolf.Core -> C:\Users\ultra\warewolf\Dev\Warewolf.Core\bin\Debug\net8.0\Warewolf.Core.dll
  Warewolf.ResourceManagement -> C:\Users\ultra\warewolf\Dev\Warewolf.ResourceManagement\bin\Debug\net8.0\Warewolf.ResourceManagement.dll
  Warewolf.Auditing -> C:\Users\ultra\warewolf\Dev\Warewolf.Auditing\bin\Debug\net8.0\Warewolf.Auditing.dll
C:\Users\ultra\warewolf\Dev\Warewolf.Common.NetStandard20\Wrappers\WebClientWrapper.cs(26,26): warning SYSLIB0014: 'WebClient.WebClient()' is obsolete: 'WebRequest, HttpWebRequest, ServicePoint, and WebClient are obsolete. Use HttpClient instead.' (https://aka.ms/dotnet-warnings/SYSLIB0014) [C:\Users\ultra\warewolf\Dev\Warewolf.Common.NetStandard20\Warewolf.Common.NetStandard20.csproj]
C:\Users\ultra\warewolf\Dev\Warewolf.Common.NetStandard20\Wrappers\WebRequestWrapper.cs(26,24): warning SYSLIB0014: 'WebRequest.Create(string)' is obsolete: 'WebRequest, HttpWebRequest, ServicePoint, and WebClient are obsolete. Use HttpClient instead.' (https://aka.ms/dotnet-warnings/SYSLIB0014) [C:\Users\ultra\warewolf\Dev\Warewolf.Common.NetStandard20\Warewolf.Common.NetStandard20.csproj]
C:\Users\ultra\warewolf\Dev\Warewolf.Common.NetStandard20\Wrappers\WebClientWrapper.cs(31,26): warning SYSLIB0014: 'WebClient.WebClient()' is obsolete: 'WebRequest, HttpWebRequest, ServicePoint, and WebClient are obsolete. Use HttpClient instead.' (https://aka.ms/dotnet-warnings/SYSLIB0014) [C:\Users\ultra\warewolf\Dev\Warewolf.Common.NetStandard20\Warewolf.Common.NetStandard20.csproj]
  Warewolf.Common.NetStandard20 -> C:\Users\ultra\warewolf\Dev\Warewolf.Common.NetStandard20\bin\Debug\net8.0\Warewolf.Common.NetStandard20.dll
C:\Users\ultra\warewolf\Dev\Dev2.Runtime.Services\ServiceModel\ElasticsearchSources.cs(110,34): warning CS0618: 'ElasticsearchClient.Ping()' is obsolete: 'Synchronous methods are deprecated and could be removed in the future.' [C:\Users\ultra\warewolf\Dev\Dev2.Runtime.Services\Dev2.Runtime.Services.csproj]
C:\Users\ultra\warewolf\Dev\Dev2.Runtime.Services\ESB\Management\Services\FetchTestsAndTriggers.cs(45,17): warning CC0105: Use 'var' instead of specifying the type name. (https://code-cracker.github.io/diagnostics/CC0105.html) [C:\Users\ultra\warewolf\Dev\Dev2.Runtime.Services\Dev2.Runtime.Services.csproj]
C:\Users\ultra\warewolf\Dev\Dev2.Runtime.Services\UsageLogger.cs(66,33): warning CC0022: ManagementObjectSearcher should be disposed. (https://code-cracker.github.io/diagnostics/CC0022.html) [C:\Users\ultra\warewolf\Dev\Dev2.Runtime.Services\Dev2.Runtime.Services.csproj]
C:\Users\ultra\warewolf\Dev\Dev2.Runtime.Services\ServiceModel\WebSources.cs(532,7): warning CC0004: Empty Catch Block. (https://code-cracker.github.io/diagnostics/CC0004.html) [C:\Users\ultra\warewolf\Dev\Dev2.Runtime.Services\Dev2.Runtime.Services.csproj]
C:\Users\ultra\warewolf\Dev\Dev2.Runtime.Services\ServiceModel\WebSources.cs(751,38): warning CC0022: StringContent should be disposed. (https://code-cracker.github.io/diagnostics/CC0022.html) [C:\Users\ultra\warewolf\Dev\Dev2.Runtime.Services\Dev2.Runtime.Services.csproj]
C:\Users\ultra\warewolf\Dev\Dev2.Runtime.Services\ESB\Management\Services\TestChatbotSource.cs(44,17): warning CC0105: Use 'var' instead of specifying the type name. (https://code-cracker.github.io/diagnostics/CC0105.html) [C:\Users\ultra\warewolf\Dev\Dev2.Runtime.Services\Dev2.Runtime.Services.csproj]
C:\Users\ultra\warewolf\Dev\Dev2.Runtime.Services\ESB\Management\Services\TestChatbotSource.cs(45,17): warning CC0105: Use 'var' instead of specifying the type name. (https://code-cracker.github.io/diagnostics/CC0105.html) [C:\Users\ultra\warewolf\Dev\Dev2.Runtime.Services\Dev2.Runtime.Services.csproj]
C:\Users\ultra\warewolf\Dev\Dev2.Runtime.Services\ESB\Management\Services\ChatbotToolNormalizer.cs(80,17): warning CC0003: Consider adding an Exception to the catch. (https://code-cracker.github.io/diagnostics/CC0003.html) [C:\Users\ultra\warewolf\Dev\Dev2.Runtime.Services\Dev2.Runtime.Services.csproj]
C:\Users\ultra\warewolf\Dev\Dev2.Runtime.Services\ESB\Management\Services\ChatbotToolNormalizer.cs(101,21): warning CC0004: Empty Catch Block. (https://code-cracker.github.io/diagnostics/CC0004.html) [C:\Users\ultra\warewolf\Dev\Dev2.Runtime.Services\Dev2.Runtime.Services.csproj]
C:\Users\ultra\warewolf\Dev\Dev2.Runtime.Services\ESB\Management\Services\ChatbotToolNormalizer.cs(226,21): warning CC0105: Use 'var' instead of specifying the type name. (https://code-cracker.github.io/diagnostics/CC0105.html) [C:\Users\ultra\warewolf\Dev\Dev2.Runtime.Services\Dev2.Runtime.Services.csproj]
C:\Users\ultra\warewolf\Dev\Dev2.Runtime.Services\ESB\Management\Services\ChatbotToolNormalizer.cs(279,21): warning CC0105: Use 'var' instead of specifying the type name. (https://code-cracker.github.io/diagnostics/CC0105.html) [C:\Users\ultra\warewolf\Dev\Dev2.Runtime.Services\Dev2.Runtime.Services.csproj]
  Dev2.Runtime.Services -> C:\Users\ultra\warewolf\Dev\Dev2.Runtime.Services\bin\Debug\net8.0\Dev2.Runtime.Services.dll
  Dev2.Services.Execution -> C:\Users\ultra\warewolf\Dev\Dev2.Services.Execution\bin\Debug\net8.0\Dev2.Services.Execution.dll
C:\Program Files\dotnet\sdk\10.0.201\Microsoft.Common.CurrentVersion.targets(2451,5): warning MSB3277: Found conflicts between different versions of "System.Drawing.Common" that could not be resolved. [C:\Users\ultra\warewolf\Dev\Dev2.Services.Execution.Tests\Dev2.Services.Execution.Tests.csproj]
C:\Program Files\dotnet\sdk\10.0.201\Microsoft.Common.CurrentVersion.targets(2451,5): warning MSB3277: There was a conflict between "System.Drawing.Common, Version=6.0.0.0, Culture=neutral, PublicKeyToken=cc7b13ffcd2ddd51" and "System.Drawing.Common, Version=8.0.0.0, Culture=neutral, PublicKeyToken=cc7b13ffcd2ddd51". [C:\Users\ultra\warewolf\Dev\Dev2.Services.Execution.Tests\Dev2.Services.Execution.Tests.csproj]
C:\Program Files\dotnet\sdk\10.0.201\Microsoft.Common.CurrentVersion.targets(2451,5): warning MSB3277:     "System.Drawing.Common, Version=6.0.0.0, Culture=neutral, PublicKeyToken=cc7b13ffcd2ddd51" was chosen because it was primary and "System.Drawing.Common, Version=8.0.0.0, Culture=neutral, PublicKeyToken=cc7b13ffcd2ddd51" was not. [C:\Users\ultra\warewolf\Dev\Dev2.Services.Execution.Tests\Dev2.Services.Execution.Tests.csproj]
C:\Program Files\dotnet\sdk\10.0.201\Microsoft.Common.CurrentVersion.targets(2451,5): warning MSB3277:     References which depend on "System.Drawing.Common, Version=6.0.0.0, Culture=neutral, PublicKeyToken=cc7b13ffcd2ddd51" [C:\Users\ultra\.nuget\packages\system.drawing.common\6.0.0\lib\net6.0\System.Drawing.Common.dll]. [C:\Users\ultra\warewolf\Dev\Dev2.Services.Execution.Tests\Dev2.Services.Execution.Tests.csproj]
C:\Program Files\dotnet\sdk\10.0.201\Microsoft.Common.CurrentVersion.targets(2451,5): warning MSB3277:         C:\Users\ultra\.nuget\packages\system.drawing.common\6.0.0\lib\net6.0\System.Drawing.Common.dll [C:\Users\ultra\warewolf\Dev\Dev2.Services.Execution.Tests\Dev2.Services.Execution.Tests.csproj]
C:\Program Files\dotnet\sdk\10.0.201\Microsoft.Common.CurrentVersion.targets(2451,5): warning MSB3277:           Project file item includes which caused reference "C:\Users\ultra\.nuget\packages\system.drawing.common\6.0.0\lib\net6.0\System.Drawing.Common.dll". [C:\Users\ultra\warewolf\Dev\Dev2.Services.Execution.Tests\Dev2.Services.Execution.Tests.csproj]
C:\Program Files\dotnet\sdk\10.0.201\Microsoft.Common.CurrentVersion.targets(2451,5): warning MSB3277:             C:\Users\ultra\.nuget\packages\system.drawing.common\6.0.0\lib\net6.0\System.Drawing.Common.dll [C:\Users\ultra\warewolf\Dev\Dev2.Services.Execution.Tests\Dev2.Services.Execution.Tests.csproj]
C:\Program Files\dotnet\sdk\10.0.201\Microsoft.Common.CurrentVersion.targets(2451,5): warning MSB3277:     References which depend on or have been unified to "System.Drawing.Common, Version=8.0.0.0, Culture=neutral, PublicKeyToken=cc7b13ffcd2ddd51" []. [C:\Users\ultra\warewolf\Dev\Dev2.Services.Execution.Tests\Dev2.Services.Execution.Tests.csproj]
C:\Program Files\dotnet\sdk\10.0.201\Microsoft.Common.CurrentVersion.targets(2451,5): warning MSB3277:         C:\Users\ultra\.nuget\packages\servicestack\6.3.0\lib\net6.0\ServiceStack.dll [C:\Users\ultra\warewolf\Dev\Dev2.Services.Execution.Tests\Dev2.Services.Execution.Tests.csproj]
C:\Program Files\dotnet\sdk\10.0.201\Microsoft.Common.CurrentVersion.targets(2451,5): warning MSB3277:           Project file item includes which caused reference "C:\Users\ultra\.nuget\packages\servicestack\6.3.0\lib\net6.0\ServiceStack.dll". [C:\Users\ultra\warewolf\Dev\Dev2.Services.Execution.Tests\Dev2.Services.Execution.Tests.csproj]
C:\Program Files\dotnet\sdk\10.0.201\Microsoft.Common.CurrentVersion.targets(2451,5): warning MSB3277:             C:\Users\ultra\.nuget\packages\servicestack\6.3.0\lib\net6.0\ServiceStack.dll [C:\Users\ultra\warewolf\Dev\Dev2.Services.Execution.Tests\Dev2.Services.Execution.Tests.csproj]
C:\Program Files\dotnet\sdk\10.0.201\Microsoft.Common.CurrentVersion.targets(2451,5): warning MSB3277:         C:\Users\ultra\.nuget\packages\system.windows.extensions\8.0.0\lib\net8.0\System.Windows.Extensions.dll [C:\Users\ultra\warewolf\Dev\Dev2.Services.Execution.Tests\Dev2.Services.Execution.Tests.csproj]
C:\Program Files\dotnet\sdk\10.0.201\Microsoft.Common.CurrentVersion.targets(2451,5): warning MSB3277:           Project file item includes which caused reference "C:\Users\ultra\.nuget\packages\system.windows.extensions\8.0.0\lib\net8.0\System.Windows.Extensions.dll". [C:\Users\ultra\warewolf\Dev\Dev2.Services.Execution.Tests\Dev2.Services.Execution.Tests.csproj]
C:\Program Files\dotnet\sdk\10.0.201\Microsoft.Common.CurrentVersion.targets(2451,5): warning MSB3277:             C:\Users\ultra\.nuget\packages\system.windows.extensions\8.0.0\lib\net8.0\System.Windows.Extensions.dll [C:\Users\ultra\warewolf\Dev\Dev2.Services.Execution.Tests\Dev2.Services.Execution.Tests.csproj]
C:\Program Files\dotnet\sdk\10.0.201\Microsoft.Common.CurrentVersion.targets(2451,5): warning MSB3277:             C:\Users\ultra\.nuget\packages\system.security.permissions\8.0.0\lib\net8.0\System.Security.Permissions.dll [C:\Users\ultra\warewolf\Dev\Dev2.Services.Execution.Tests\Dev2.Services.Execution.Tests.csproj]
C:\Program Files\dotnet\sdk\10.0.201\Microsoft.Common.CurrentVersion.targets(2451,5): warning MSB3277:             C:\Users\ultra\warewolf\Dev\Dev2.Data\bin\Debug\net8.0\Dev2.Data.dll [C:\Users\ultra\warewolf\Dev\Dev2.Services.Execution.Tests\Dev2.Services.Execution.Tests.csproj]
C:\Program Files\dotnet\sdk\10.0.201\Microsoft.Common.CurrentVersion.targets(2451,5): warning MSB3277:             C:\Users\ultra\warewolf\Dev\Dev2.Core\bin\Debug\net8.0\Dev2.Core.dll [C:\Users\ultra\warewolf\Dev\Dev2.Services.Execution.Tests\Dev2.Services.Execution.Tests.csproj]
C:\Program Files\dotnet\sdk\10.0.201\Microsoft.Common.CurrentVersion.targets(2451,5): warning MSB3277:             C:\Users\ultra\warewolf\Dev\Dev2.Runtime.Services\bin\Debug\net8.0\Dev2.Runtime.Services.dll [C:\Users\ultra\warewolf\Dev\Dev2.Services.Execution.Tests\Dev2.Services.Execution.Tests.csproj]
C:\Program Files\dotnet\sdk\10.0.201\Microsoft.Common.CurrentVersion.targets(2451,5): warning MSB3277:             C:\Users\ultra\warewolf\Dev\Dev2.Services.Execution\bin\Debug\net8.0\Dev2.Services.Execution.dll [C:\Users\ultra\warewolf\Dev\Dev2.Services.Execution.Tests\Dev2.Services.Execution.Tests.csproj]
C:\Program Files\dotnet\sdk\10.0.201\Microsoft.Common.CurrentVersion.targets(2451,5): warning MSB3277:             C:\Users\ultra\warewolf\Dev\Warewolf.Core\bin\Debug\net8.0\Warewolf.Core.dll [C:\Users\ultra\warewolf\Dev\Dev2.Services.Execution.Tests\Dev2.Services.Execution.Tests.csproj]
C:\Program Files\dotnet\sdk\10.0.201\Microsoft.Common.CurrentVersion.targets(2451,5): warning MSB3277:             C:\Users\ultra\warewolf\Dev\Dev2.Scheduler\bin\Debug\net8.0\Dev2.Scheduler.dll [C:\Users\ultra\warewolf\Dev\Dev2.Services.Execution.Tests\Dev2.Services.Execution.Tests.csproj]
C:\Program Files\dotnet\sdk\10.0.201\Microsoft.Common.CurrentVersion.targets(2451,5): warning MSB3277:             C:\Users\ultra\warewolf\Dev\Warewolf.Auditing\bin\Debug\net8.0\Warewolf.Auditing.dll [C:\Users\ultra\warewolf\Dev\Dev2.Services.Execution.Tests\Dev2.Services.Execution.Tests.csproj]
C:\Program Files\dotnet\sdk\10.0.201\Microsoft.Common.CurrentVersion.targets(2451,5): warning MSB3277:             C:\Users\ultra\warewolf\Dev\Warewolf.Common.NetStandard20\bin\Debug\net8.0\Warewolf.Common.NetStandard20.dll [C:\Users\ultra\warewolf\Dev\Dev2.Services.Execution.Tests\Dev2.Services.Execution.Tests.csproj]
C:\Program Files\dotnet\sdk\10.0.201\Microsoft.Common.CurrentVersion.targets(2451,5): warning MSB3277:             C:\Users\ultra\warewolf\Dev\Warewolf.ResourceManagement\bin\Debug\net8.0\Warewolf.ResourceManagement.dll [C:\Users\ultra\warewolf\Dev\Dev2.Services.Execution.Tests\Dev2.Services.Execution.Tests.csproj]
C:\Program Files\dotnet\sdk\10.0.201\Microsoft.Common.CurrentVersion.targets(2451,5): warning MSB3277:             C:\Users\ultra\.nuget\packages\dotnetzip\1.16.0\lib\netstandard2.0\DotNetZip.dll [C:\Users\ultra\warewolf\Dev\Dev2.Services.Execution.Tests\Dev2.Services.Execution.Tests.csproj]
C:\Program Files\dotnet\sdk\10.0.201\Microsoft.Common.CurrentVersion.targets(2451,5): warning MSB3277:             C:\Users\ultra\warewolf\Dev\Dev2.Common\bin\Debug\net8.0\Dev2.Common.dll [C:\Users\ultra\warewolf\Dev\Dev2.Services.Execution.Tests\Dev2.Services.Execution.Tests.csproj]
C:\Program Files\dotnet\sdk\10.0.201\Microsoft.Common.CurrentVersion.targets(2451,5): warning MSB3277:             C:\Users\ultra\warewolf\Dev\Dev2.Infrastructure\bin\Debug\net8.0\Dev2.Infrastructure.dll [C:\Users\ultra\warewolf\Dev\Dev2.Services.Execution.Tests\Dev2.Services.Execution.Tests.csproj]
C:\Program Files\dotnet\sdk\10.0.201\Microsoft.Common.CurrentVersion.targets(2451,5): warning MSB3277:             C:\Users\ultra\warewolf\Dev\Dev2.Services.Sql\bin\Debug\net8.0\Dev2.Services.Sql.dll [C:\Users\ultra\warewolf\Dev\Dev2.Services.Execution.Tests\Dev2.Services.Execution.Tests.csproj]
C:\Program Files\dotnet\sdk\10.0.201\Microsoft.Common.CurrentVersion.targets(2451,5): warning MSB3277:             C:\Users\ultra\warewolf\Dev\Warewolf.Storage\bin\Debug\net8.0\Warewolf.Storage.dll [C:\Users\ultra\warewolf\Dev\Dev2.Services.Execution.Tests\Dev2.Services.Execution.Tests.csproj]
C:\Program Files\dotnet\sdk\10.0.201\Microsoft.Common.CurrentVersion.targets(2451,5): warning MSB3277:             C:\Users\ultra\warewolf\Dev\Dev2.Data.Interfaces\bin\Debug\net8.0\Dev2.Data.Interfaces.dll [C:\Users\ultra\warewolf\Dev\Dev2.Services.Execution.Tests\Dev2.Services.Execution.Tests.csproj]
C:\Program Files\dotnet\sdk\10.0.201\Microsoft.Common.CurrentVersion.targets(2451,5): warning MSB3277:             C:\Users\ultra\warewolf\Dev\Dev2.Diagnostics\bin\Debug\net8.0\Dev2.Diagnostics.dll [C:\Users\ultra\warewolf\Dev\Dev2.Services.Execution.Tests\Dev2.Services.Execution.Tests.csproj]
C:\Program Files\dotnet\sdk\10.0.201\Microsoft.Common.CurrentVersion.targets(2451,5): warning MSB3277:             C:\Users\ultra\warewolf\Dev\Dev2.TaskScheduler.Wrappers\bin\Debug\net8.0\Dev2.TaskScheduler.Wrappers.dll [C:\Users\ultra\warewolf\Dev\Dev2.Services.Execution.Tests\Dev2.Services.Execution.Tests.csproj]
C:\Program Files\dotnet\sdk\10.0.201\Microsoft.Common.CurrentVersion.targets(2451,5): warning MSB3277:             C:\Users\ultra\warewolf\Dev\Dev2.Util\bin\Debug\net8.0\Dev2.Util.dll [C:\Users\ultra\warewolf\Dev\Dev2.Services.Execution.Tests\Dev2.Services.Execution.Tests.csproj]
C:\Program Files\dotnet\sdk\10.0.201\Microsoft.Common.CurrentVersion.targets(2451,5): warning MSB3277:             C:\Users\ultra\warewolf\Dev\Warewolf.AI.Harness\bin\Debug\net8.0\Warewolf.AI.Harness.dll [C:\Users\ultra\warewolf\Dev\Dev2.Services.Execution.Tests\Dev2.Services.Execution.Tests.csproj]
C:\Program Files\dotnet\sdk\10.0.201\Microsoft.Common.CurrentVersion.targets(2451,5): warning MSB3277:             C:\Users\ultra\warewolf\Dev\Warewolf.Driver.Serilog\bin\Debug\net8.0\Warewolf.Driver.Serilog.dll [C:\Users\ultra\warewolf\Dev\Dev2.Services.Execution.Tests\Dev2.Services.Execution.Tests.csproj]
C:\Program Files\dotnet\sdk\10.0.201\Microsoft.Common.CurrentVersion.targets(2451,5): warning MSB3277:             C:\Users\ultra\warewolf\Dev\Warewolf.Sharepoint\bin\Debug\net8.0\Warewolf.Sharepoint.dll [C:\Users\ultra\warewolf\Dev\Dev2.Services.Execution.Tests\Dev2.Services.Execution.Tests.csproj]
C:\Program Files\dotnet\sdk\10.0.201\Microsoft.Common.CurrentVersion.targets(2451,5): warning MSB3277:             C:\Users\ultra\.nuget\packages\mindbox.data.linq\5.0.0\lib\netstandard2.0\Mindbox.Data.Linq.dll [C:\Users\ultra\warewolf\Dev\Dev2.Services.Execution.Tests\Dev2.Services.Execution.Tests.csproj]
C:\Program Files\dotnet\sdk\10.0.201\Microsoft.Common.CurrentVersion.targets(2451,5): warning MSB3277:             C:\Users\ultra\.nuget\packages\mysql.data\8.4.0\lib\net8.0\MySql.Data.dll [C:\Users\ultra\warewolf\Dev\Dev2.Services.Execution.Tests\Dev2.Services.Execution.Tests.csproj]
C:\Program Files\dotnet\sdk\10.0.201\Microsoft.Common.CurrentVersion.targets(2451,5): warning MSB3277:             C:\Users\ultra\.nuget\packages\oracle.manageddataaccess.core\3.21.70\lib\netstandard2.1\Oracle.ManagedDataAccess.dll [C:\Users\ultra\warewolf\Dev\Dev2.Services.Execution.Tests\Dev2.Services.Execution.Tests.csproj]
C:\Program Files\dotnet\sdk\10.0.201\Microsoft.Common.CurrentVersion.targets(2451,5): warning MSB3277:             C:\Users\ultra\.nuget\packages\system.directoryservices\6.0.0\lib\net6.0\System.DirectoryServices.dll [C:\Users\ultra\warewolf\Dev\Dev2.Services.Execution.Tests\Dev2.Services.Execution.Tests.csproj]
C:\Program Files\dotnet\sdk\10.0.201\Microsoft.Common.CurrentVersion.targets(2451,5): warning MSB3277:             C:\Users\ultra\.nuget\packages\corewcf.primitives\1.2.1\lib\netstandard2.0\CoreWCF.Primitives.dll [C:\Users\ultra\warewolf\Dev\Dev2.Services.Execution.Tests\Dev2.Services.Execution.Tests.csproj]
C:\Program Files\dotnet\sdk\10.0.201\Microsoft.Common.CurrentVersion.targets(2451,5): warning MSB3277:             C:\Users\ultra\.nuget\packages\corewcf.http\1.2.1\lib\netstandard2.0\CoreWCF.Http.dll [C:\Users\ultra\warewolf\Dev\Dev2.Services.Execution.Tests\Dev2.Services.Execution.Tests.csproj]
C:\Program Files\dotnet\sdk\10.0.201\Microsoft.Common.CurrentVersion.targets(2451,5): warning MSB3277:             C:\Users\ultra\.nuget\packages\corewcf.nettcp\1.2.1\lib\netstandard2.0\CoreWCF.NetTcp.dll [C:\Users\ultra\warewolf\Dev\Dev2.Services.Execution.Tests\Dev2.Services.Execution.Tests.csproj]
C:\Program Files\dotnet\sdk\10.0.201\Microsoft.Common.CurrentVersion.targets(2451,5): warning MSB3277:             C:\Users\ultra\.nuget\packages\corewcf.webhttp\1.2.1\lib\netstandard2.0\CoreWCF.WebHttp.dll [C:\Users\ultra\warewolf\Dev\Dev2.Services.Execution.Tests\Dev2.Services.Execution.Tests.csproj]
C:\Program Files\dotnet\sdk\10.0.201\Microsoft.Common.CurrentVersion.targets(2451,5): warning MSB3277:             C:\Program Files\dotnet\packs\Microsoft.NETCore.App.Ref\8.0.25\ref/net8.0/System.Configuration.dll [C:\Users\ultra\warewolf\Dev\Dev2.Services.Execution.Tests\Dev2.Services.Execution.Tests.csproj]
C:\Program Files\dotnet\sdk\10.0.201\Microsoft.Common.CurrentVersion.targets(2451,5): warning MSB3277:             C:\Program Files\dotnet\packs\Microsoft.NETCore.App.Ref\8.0.25\ref/net8.0/System.Data.dll [C:\Users\ultra\warewolf\Dev\Dev2.Services.Execution.Tests\Dev2.Services.Execution.Tests.csproj]
C:\Program Files\dotnet\sdk\10.0.201\Microsoft.Common.CurrentVersion.targets(2451,5): warning MSB3277:             C:\Users\ultra\.nuget\packages\taskschedulereditor\2.10.1\lib\net452\Microsoft.Win32.TaskSchedulerEditor.dll [C:\Users\ultra\warewolf\Dev\Dev2.Services.Execution.Tests\Dev2.Services.Execution.Tests.csproj]
C:\Program Files\dotnet\sdk\10.0.201\Microsoft.Common.CurrentVersion.targets(2451,5): warning MSB3277:             C:\Program Files\dotnet\packs\Microsoft.NETCore.App.Ref\8.0.25\ref/net8.0/System.Drawing.dll [C:\Users\ultra\warewolf\Dev\Dev2.Services.Execution.Tests\Dev2.Services.Execution.Tests.csproj]
C:\Program Files\dotnet\sdk\10.0.201\Microsoft.Common.CurrentVersion.targets(2451,5): warning MSB3277:             C:\Users\ultra\.nuget\packages\aerowizard\2.3.1\lib\net45\AeroWizard.dll [C:\Users\ultra\warewolf\Dev\Dev2.Services.Execution.Tests\Dev2.Services.Execution.Tests.csproj]
C:\Program Files\dotnet\sdk\10.0.201\Microsoft.Common.CurrentVersion.targets(2451,5): warning MSB3277:             C:\Users\ultra\.nuget\packages\groupcontrols\1.9.0\lib\net45\GroupControls.dll [C:\Users\ultra\warewolf\Dev\Dev2.Services.Execution.Tests\Dev2.Services.Execution.Tests.csproj]
C:\Program Files\dotnet\sdk\10.0.201\Microsoft.Common.CurrentVersion.targets(2451,5): warning MSB3277:             C:\Program Files\dotnet\packs\Microsoft.NETCore.App.Ref\8.0.25\ref/net8.0/System.Net.dll [C:\Users\ultra\warewolf\Dev\Dev2.Services.Execution.Tests\Dev2.Services.Execution.Tests.csproj]
C:\Program Files\dotnet\sdk\10.0.201\Microsoft.Common.CurrentVersion.targets(2451,5): warning MSB3277:             C:\Program Files\dotnet\packs\Microsoft.NETCore.App.Ref\8.0.25\ref/net8.0/System.Security.dll [C:\Users\ultra\warewolf\Dev\Dev2.Services.Execution.Tests\Dev2.Services.Execution.Tests.csproj]
C:\Program Files\dotnet\sdk\10.0.201\Microsoft.Common.CurrentVersion.targets(2451,5): warning MSB3277:             C:\Program Files\dotnet\packs\Microsoft.NETCore.App.Ref\8.0.25\ref/net8.0/System.ServiceProcess.dll [C:\Users\ultra\warewolf\Dev\Dev2.Services.Execution.Tests\Dev2.Services.Execution.Tests.csproj]
C:\Program Files\dotnet\sdk\10.0.201\Microsoft.Common.CurrentVersion.targets(2451,5): warning MSB3277:             C:\Program Files\dotnet\packs\Microsoft.NETCore.App.Ref\8.0.25\ref/net8.0/System.Transactions.dll [C:\Users\ultra\warewolf\Dev\Dev2.Services.Execution.Tests\Dev2.Services.Execution.Tests.csproj]
C:\Program Files\dotnet\sdk\10.0.201\Microsoft.Common.CurrentVersion.targets(2451,5): warning MSB3277:             C:\Program Files\dotnet\packs\Microsoft.NETCore.App.Ref\8.0.25\ref/net8.0/System.dll [C:\Users\ultra\warewolf\Dev\Dev2.Services.Execution.Tests\Dev2.Services.Execution.Tests.csproj]
C:\Program Files\dotnet\sdk\10.0.201\Microsoft.Common.CurrentVersion.targets(2451,5): warning MSB3277:             C:\Users\ultra\.nuget\packages\reactiveui.wpf\18.4.1\lib\net462\ReactiveUI.Wpf.dll [C:\Users\ultra\warewolf\Dev\Dev2.Services.Execution.Tests\Dev2.Services.Execution.Tests.csproj]
C:\Program Files\dotnet\sdk\10.0.201\Microsoft.Common.CurrentVersion.targets(2451,5): warning MSB3277:             C:\Users\ultra\.nuget\packages\ttcue.netcore.sharepointonline.csom.16.1.8029.1200\16.1.8029.1200\lib\netcoreapp2.0\Microsoft.SharePoint.Client.Runtime.Windows.dll [C:\Users\ultra\warewolf\Dev\Dev2.Services.Execution.Tests\Dev2.Services.Execution.Tests.csproj]
C:\Program Files\dotnet\sdk\10.0.201\Microsoft.Common.CurrentVersion.targets(2451,5): warning MSB3277:             C:\Program Files\dotnet\packs\Microsoft.NETCore.App.Ref\8.0.25\ref/net8.0/WindowsBase.dll [C:\Users\ultra\warewolf\Dev\Dev2.Services.Execution.Tests\Dev2.Services.Execution.Tests.csproj]
C:\Program Files\dotnet\sdk\10.0.201\Microsoft.Common.CurrentVersion.targets(2451,5): warning MSB3277:             C:\Users\ultra\.nuget\packages\caliburn.micro\4.0.212\lib\netcoreapp3.1\Caliburn.Micro.Platform.dll [C:\Users\ultra\warewolf\Dev\Dev2.Services.Execution.Tests\Dev2.Services.Execution.Tests.csproj]
C:\Program Files\dotnet\sdk\10.0.201\Microsoft.Common.CurrentVersion.targets(2451,5): warning MSB3277:             C:\Users\ultra\.nuget\packages\microsoft.xaml.behaviors.wpf\1.1.19\lib\netcoreapp3.0\Microsoft.Xaml.Behaviors.dll [C:\Users\ultra\warewolf\Dev\Dev2.Services.Execution.Tests\Dev2.Services.Execution.Tests.csproj]
C:\Program Files\dotnet\sdk\10.0.201\Microsoft.Common.CurrentVersion.targets(2451,5): warning MSB3277:             C:\Program Files\dotnet\packs\Microsoft.NETCore.App.Ref\8.0.25\ref/net8.0/mscorlib.dll [C:\Users\ultra\warewolf\Dev\Dev2.Services.Execution.Tests\Dev2.Services.Execution.Tests.csproj]
C:\Program Files\dotnet\sdk\10.0.201\Microsoft.Common.CurrentVersion.targets(2451,5): warning MSB3277:             C:\Users\ultra\.nuget\packages\microsoft.codecoverage\17.13.0\lib\netcoreapp3.1\Microsoft.VisualStudio.CodeCoverage.Shim.dll [C:\Users\ultra\warewolf\Dev\Dev2.Services.Execution.Tests\Dev2.Services.Execution.Tests.csproj]
C:\Program Files\dotnet\sdk\10.0.201\Microsoft.Common.CurrentVersion.targets(2451,5): warning MSB3277:         C:\Program Files\dotnet\packs\Microsoft.NETCore.App.Ref\8.0.25\ref\net8.0\System.Drawing.dll [C:\Users\ultra\warewolf\Dev\Dev2.Services.Execution.Tests\Dev2.Services.Execution.Tests.csproj]
C:\Program Files\dotnet\sdk\10.0.201\Microsoft.Common.CurrentVersion.targets(2451,5): warning MSB3277:           Project file item includes which caused reference "C:\Program Files\dotnet\packs\Microsoft.NETCore.App.Ref\8.0.25\ref\net8.0\System.Drawing.dll". [C:\Users\ultra\warewolf\Dev\Dev2.Services.Execution.Tests\Dev2.Services.Execution.Tests.csproj]
C:\Program Files\dotnet\sdk\10.0.201\Microsoft.Common.CurrentVersion.targets(2451,5): warning MSB3277:             C:\Program Files\dotnet\packs\Microsoft.NETCore.App.Ref\8.0.25\ref/net8.0/System.Drawing.dll [C:\Users\ultra\warewolf\Dev\Dev2.Services.Execution.Tests\Dev2.Services.Execution.Tests.csproj]
C:\Program Files\dotnet\sdk\10.0.201\Microsoft.Common.CurrentVersion.targets(2451,5): warning MSB3277:             C:\Users\ultra\.nuget\packages\aerowizard\2.3.1\lib\net45\AeroWizard.dll [C:\Users\ultra\warewolf\Dev\Dev2.Services.Execution.Tests\Dev2.Services.Execution.Tests.csproj]
C:\Program Files\dotnet\sdk\10.0.201\Microsoft.Common.CurrentVersion.targets(2451,5): warning MSB3277:             C:\Users\ultra\.nuget\packages\groupcontrols\1.9.0\lib\net45\GroupControls.dll [C:\Users\ultra\warewolf\Dev\Dev2.Services.Execution.Tests\Dev2.Services.Execution.Tests.csproj]
C:\Program Files\dotnet\sdk\10.0.201\Microsoft.Common.CurrentVersion.targets(2451,5): warning MSB3277:             C:\Users\ultra\.nuget\packages\taskschedulereditor\2.10.1\lib\net452\Microsoft.Win32.TaskSchedulerEditor.dll [C:\Users\ultra\warewolf\Dev\Dev2.Services.Execution.Tests\Dev2.Services.Execution.Tests.csproj]
  Dev2.Services.Execution.Tests -> C:\Users\ultra\warewolf\Dev\Dev2.Services.Execution.Tests\bin\Debug\net8.0\linux-x64\Dev2.Services.Execution.Tests.dll
  Dev2.Services.Execution.Tests -> C:\Users\ultra\warewolf\Bin\ServerTests-Linux\Dev2.Services.Execution.Tests\
Publishing Dev2.TaskScheduler.Wrappers.Tests for linux-x64...
  Determining projects to restore...
C:\Users\ultra\warewolf\Dev\Warewolf.Language.Parser\Warewolf.Language.Parser.fsproj : warning NU1504: Duplicate 'PackageReference' items found. Remove the duplicate items or use the Update functionality to ensure a consistent restore behavior. The duplicate 'PackageReference' items are: FSharp.Core 10.1.201, FSharp.Core 4.6.2.
C:\Users\ultra\warewolf\Dev\Warewolf.Security\Warewolf.Security.csproj : warning NU1904: Package 'System.Drawing.Common' 4.5.1 has a known critical severity vulnerability, https://github.com/advisories/GHSA-rxg9-xrhp-64gj [C:\Users\ultra\warewolf\Dev\Dev2.TaskScheduler.Wrappers.Tests\Dev2.TaskScheduler.Wrappers.Tests.csproj]
C:\Users\ultra\warewolf\Dev\Dev2.Common.Interfaces\Dev2.Common.Interfaces.csproj : warning NU1903: Package 'Microsoft.Windows.Compatibility' 6.0.0 has a known high severity vulnerability, https://github.com/advisories/GHSA-555c-2p6r-68mm [C:\Users\ultra\warewolf\Dev\Dev2.TaskScheduler.Wrappers.Tests\Dev2.TaskScheduler.Wrappers.Tests.csproj]
C:\Users\ultra\warewolf\Dev\Dev2.Common\Dev2.Common.csproj : warning NU1903: Package 'Microsoft.Windows.Compatibility' 6.0.0 has a known high severity vulnerability, https://github.com/advisories/GHSA-555c-2p6r-68mm [C:\Users\ultra\warewolf\Dev\Dev2.TaskScheduler.Wrappers.Tests\Dev2.TaskScheduler.Wrappers.Tests.csproj]
C:\Users\ultra\warewolf\Dev\Dev2.Data.Interfaces\Dev2.Data.Interfaces.csproj : warning NU1903: Package 'DotNetZip' 1.16.0 has a known high severity vulnerability, https://github.com/advisories/GHSA-xhg6-9j5j-w4vf [C:\Users\ultra\warewolf\Dev\Dev2.TaskScheduler.Wrappers.Tests\Dev2.TaskScheduler.Wrappers.Tests.csproj]
C:\Users\ultra\warewolf\Dev\Warewolf.Data\Warewolf.Data.csproj : warning NU1701: Package 'AeroWizard 2.3.1' was restored using '.NETFramework,Version=v4.6.1, .NETFramework,Version=v4.6.2, .NETFramework,Version=v4.7, .NETFramework,Version=v4.7.1, .NETFramework,Version=v4.7.2, .NETFramework,Version=v4.8, .NETFramework,Version=v4.8.1' instead of the project target framework 'net8.0'. This package may not be fully compatible with your project. [C:\Users\ultra\warewolf\Dev\Dev2.TaskScheduler.Wrappers.Tests\Dev2.TaskScheduler.Wrappers.Tests.csproj]
C:\Users\ultra\warewolf\Dev\Warewolf.Storage.Interfaces\Warewolf.Storage.Interfaces.csproj : warning NU1701: Package 'AeroWizard 2.3.1' was restored using '.NETFramework,Version=v4.6.1, .NETFramework,Version=v4.6.2, .NETFramework,Version=v4.7, .NETFramework,Version=v4.7.1, .NETFramework,Version=v4.7.2, .NETFramework,Version=v4.8, .NETFramework,Version=v4.8.1' instead of the project target framework 'net8.0'. This package may not be fully compatible with your project. [C:\Users\ultra\warewolf\Dev\Dev2.TaskScheduler.Wrappers.Tests\Dev2.TaskScheduler.Wrappers.Tests.csproj]
C:\Users\ultra\warewolf\Dev\Dev2.Common.Interfaces\Dev2.Common.Interfaces.csproj : warning NU1701: Package 'AeroWizard 2.3.1' was restored using '.NETFramework,Version=v4.6.1, .NETFramework,Version=v4.6.2, .NETFramework,Version=v4.7, .NETFramework,Version=v4.7.1, .NETFramework,Version=v4.7.2, .NETFramework,Version=v4.8, .NETFramework,Version=v4.8.1' instead of the project target framework 'net8.0'. This package may not be fully compatible with your project. [C:\Users\ultra\warewolf\Dev\Dev2.TaskScheduler.Wrappers.Tests\Dev2.TaskScheduler.Wrappers.Tests.csproj]
C:\Users\ultra\warewolf\Dev\Warewolf.Data\Warewolf.Data.csproj : warning NU1701: Package 'GroupControls 1.9.0' was restored using '.NETFramework,Version=v4.6.1, .NETFramework,Version=v4.6.2, .NETFramework,Version=v4.7, .NETFramework,Version=v4.7.1, .NETFramework,Version=v4.7.2, .NETFramework,Version=v4.8, .NETFramework,Version=v4.8.1' instead of the project target framework 'net8.0'. This package may not be fully compatible with your project. [C:\Users\ultra\warewolf\Dev\Dev2.TaskScheduler.Wrappers.Tests\Dev2.TaskScheduler.Wrappers.Tests.csproj]
C:\Users\ultra\warewolf\Dev\Dev2.Common\Dev2.Common.csproj : warning NU1701: Package 'AeroWizard 2.3.1' was restored using '.NETFramework,Version=v4.6.1, .NETFramework,Version=v4.6.2, .NETFramework,Version=v4.7, .NETFramework,Version=v4.7.1, .NETFramework,Version=v4.7.2, .NETFramework,Version=v4.8, .NETFramework,Version=v4.8.1' instead of the project target framework 'net8.0'. This package may not be fully compatible with your project. [C:\Users\ultra\warewolf\Dev\Dev2.TaskScheduler.Wrappers.Tests\Dev2.TaskScheduler.Wrappers.Tests.csproj]
C:\Users\ultra\warewolf\Dev\Dev2.Common.Interfaces\Dev2.Common.Interfaces.csproj : warning NU1701: Package 'GroupControls 1.9.0' was restored using '.NETFramework,Version=v4.6.1, .NETFramework,Version=v4.6.2, .NETFramework,Version=v4.7, .NETFramework,Version=v4.7.1, .NETFramework,Version=v4.7.2, .NETFramework,Version=v4.8, .NETFramework,Version=v4.8.1' instead of the project target framework 'net8.0'. This package may not be fully compatible with your project. [C:\Users\ultra\warewolf\Dev\Dev2.TaskScheduler.Wrappers.Tests\Dev2.TaskScheduler.Wrappers.Tests.csproj]
C:\Users\ultra\warewolf\Dev\Warewolf.Data\Warewolf.Data.csproj : warning NU1701: Package 'TaskSchedulerEditor 2.10.1' was restored using '.NETFramework,Version=v4.6.1, .NETFramework,Version=v4.6.2, .NETFramework,Version=v4.7, .NETFramework,Version=v4.7.1, .NETFramework,Version=v4.7.2, .NETFramework,Version=v4.8, .NETFramework,Version=v4.8.1' instead of the project target framework 'net8.0'. This package may not be fully compatible with your project. [C:\Users\ultra\warewolf\Dev\Dev2.TaskScheduler.Wrappers.Tests\Dev2.TaskScheduler.Wrappers.Tests.csproj]
C:\Users\ultra\warewolf\Dev\Dev2.Common\Dev2.Common.csproj : warning NU1701: Package 'GroupControls 1.9.0' was restored using '.NETFramework,Version=v4.6.1, .NETFramework,Version=v4.6.2, .NETFramework,Version=v4.7, .NETFramework,Version=v4.7.1, .NETFramework,Version=v4.7.2, .NETFramework,Version=v4.8, .NETFramework,Version=v4.8.1' instead of the project target framework 'net8.0'. This package may not be fully compatible with your project. [C:\Users\ultra\warewolf\Dev\Dev2.TaskScheduler.Wrappers.Tests\Dev2.TaskScheduler.Wrappers.Tests.csproj]
C:\Users\ultra\warewolf\Dev\Dev2.Common.Interfaces\Dev2.Common.Interfaces.csproj : warning NU1701: Package 'TaskSchedulerEditor 2.10.1' was restored using '.NETFramework,Version=v4.6.1, .NETFramework,Version=v4.6.2, .NETFramework,Version=v4.7, .NETFramework,Version=v4.7.1, .NETFramework,Version=v4.7.2, .NETFramework,Version=v4.8, .NETFramework,Version=v4.8.1' instead of the project target framework 'net8.0'. This package may not be fully compatible with your project. [C:\Users\ultra\warewolf\Dev\Dev2.TaskScheduler.Wrappers.Tests\Dev2.TaskScheduler.Wrappers.Tests.csproj]
C:\Users\ultra\warewolf\Dev\Warewolf.Storage.Interfaces\Warewolf.Storage.Interfaces.csproj : warning NU1701: Package 'GroupControls 1.9.0' was restored using '.NETFramework,Version=v4.6.1, .NETFramework,Version=v4.6.2, .NETFramework,Version=v4.7, .NETFramework,Version=v4.7.1, .NETFramework,Version=v4.7.2, .NETFramework,Version=v4.8, .NETFramework,Version=v4.8.1' instead of the project target framework 'net8.0'. This package may not be fully compatible with your project. [C:\Users\ultra\warewolf\Dev\Dev2.TaskScheduler.Wrappers.Tests\Dev2.TaskScheduler.Wrappers.Tests.csproj]
C:\Users\ultra\warewolf\Dev\Dev2.Data.Interfaces\Dev2.Data.Interfaces.csproj : warning NU1701: Package 'AeroWizard 2.3.1' was restored using '.NETFramework,Version=v4.6.1, .NETFramework,Version=v4.6.2, .NETFramework,Version=v4.7, .NETFramework,Version=v4.7.1, .NETFramework,Version=v4.7.2, .NETFramework,Version=v4.8, .NETFramework,Version=v4.8.1' instead of the project target framework 'net8.0'. This package may not be fully compatible with your project. [C:\Users\ultra\warewolf\Dev\Dev2.TaskScheduler.Wrappers.Tests\Dev2.TaskScheduler.Wrappers.Tests.csproj]
C:\Users\ultra\warewolf\Dev\Warewolf.Common\Warewolf.Common.csproj : warning NU1701: Package 'AeroWizard 2.3.1' was restored using '.NETFramework,Version=v4.6.1, .NETFramework,Version=v4.6.2, .NETFramework,Version=v4.7, .NETFramework,Version=v4.7.1, .NETFramework,Version=v4.7.2, .NETFramework,Version=v4.8, .NETFramework,Version=v4.8.1' instead of the project target framework 'net8.0'. This package may not be fully compatible with your project. [C:\Users\ultra\warewolf\Dev\Dev2.TaskScheduler.Wrappers.Tests\Dev2.TaskScheduler.Wrappers.Tests.csproj]
C:\Users\ultra\warewolf\Dev\Dev2.Common\Dev2.Common.csproj : warning NU1701: Package 'TaskSchedulerEditor 2.10.1' was restored using '.NETFramework,Version=v4.6.1, .NETFramework,Version=v4.6.2, .NETFramework,Version=v4.7, .NETFramework,Version=v4.7.1, .NETFramework,Version=v4.7.2, .NETFramework,Version=v4.8, .NETFramework,Version=v4.8.1' instead of the project target framework 'net8.0'. This package may not be fully compatible with your project. [C:\Users\ultra\warewolf\Dev\Dev2.TaskScheduler.Wrappers.Tests\Dev2.TaskScheduler.Wrappers.Tests.csproj]
C:\Users\ultra\warewolf\Dev\Dev2.Data.Interfaces\Dev2.Data.Interfaces.csproj : warning NU1701: Package 'GroupControls 1.9.0' was restored using '.NETFramework,Version=v4.6.1, .NETFramework,Version=v4.6.2, .NETFramework,Version=v4.7, .NETFramework,Version=v4.7.1, .NETFramework,Version=v4.7.2, .NETFramework,Version=v4.8, .NETFramework,Version=v4.8.1' instead of the project target framework 'net8.0'. This package may not be fully compatible with your project. [C:\Users\ultra\warewolf\Dev\Dev2.TaskScheduler.Wrappers.Tests\Dev2.TaskScheduler.Wrappers.Tests.csproj]
C:\Users\ultra\warewolf\Dev\Warewolf.Storage.Interfaces\Warewolf.Storage.Interfaces.csproj : warning NU1701: Package 'TaskSchedulerEditor 2.10.1' was restored using '.NETFramework,Version=v4.6.1, .NETFramework,Version=v4.6.2, .NETFramework,Version=v4.7, .NETFramework,Version=v4.7.1, .NETFramework,Version=v4.7.2, .NETFramework,Version=v4.8, .NETFramework,Version=v4.8.1' instead of the project target framework 'net8.0'. This package may not be fully compatible with your project. [C:\Users\ultra\warewolf\Dev\Dev2.TaskScheduler.Wrappers.Tests\Dev2.TaskScheduler.Wrappers.Tests.csproj]
C:\Users\ultra\warewolf\Dev\Dev2.Data.Interfaces\Dev2.Data.Interfaces.csproj : warning NU1701: Package 'TaskSchedulerEditor 2.10.1' was restored using '.NETFramework,Version=v4.6.1, .NETFramework,Version=v4.6.2, .NETFramework,Version=v4.7, .NETFramework,Version=v4.7.1, .NETFramework,Version=v4.7.2, .NETFramework,Version=v4.8, .NETFramework,Version=v4.8.1' instead of the project target framework 'net8.0'. This package may not be fully compatible with your project. [C:\Users\ultra\warewolf\Dev\Dev2.TaskScheduler.Wrappers.Tests\Dev2.TaskScheduler.Wrappers.Tests.csproj]
C:\Users\ultra\warewolf\Dev\Warewolf.Common\Warewolf.Common.csproj : warning NU1701: Package 'GroupControls 1.9.0' was restored using '.NETFramework,Version=v4.6.1, .NETFramework,Version=v4.6.2, .NETFramework,Version=v4.7, .NETFramework,Version=v4.7.1, .NETFramework,Version=v4.7.2, .NETFramework,Version=v4.8, .NETFramework,Version=v4.8.1' instead of the project target framework 'net8.0'. This package may not be fully compatible with your project. [C:\Users\ultra\warewolf\Dev\Dev2.TaskScheduler.Wrappers.Tests\Dev2.TaskScheduler.Wrappers.Tests.csproj]
C:\Users\ultra\warewolf\Dev\Warewolf.Common\Warewolf.Common.csproj : warning NU1701: Package 'TaskSchedulerEditor 2.10.1' was restored using '.NETFramework,Version=v4.6.1, .NETFramework,Version=v4.6.2, .NETFramework,Version=v4.7, .NETFramework,Version=v4.7.1, .NETFramework,Version=v4.7.2, .NETFramework,Version=v4.8, .NETFramework,Version=v4.8.1' instead of the project target framework 'net8.0'. This package may not be fully compatible with your project. [C:\Users\ultra\warewolf\Dev\Dev2.TaskScheduler.Wrappers.Tests\Dev2.TaskScheduler.Wrappers.Tests.csproj]
C:\Users\ultra\warewolf\Dev\Dev2.TaskScheduler.Wrappers\Dev2.TaskScheduler.Wrappers.csproj : warning NU1701: Package 'AeroWizard 2.3.1' was restored using '.NETFramework,Version=v4.6.1, .NETFramework,Version=v4.6.2, .NETFramework,Version=v4.7, .NETFramework,Version=v4.7.1, .NETFramework,Version=v4.7.2, .NETFramework,Version=v4.8, .NETFramework,Version=v4.8.1' instead of the project target framework 'net8.0'. This package may not be fully compatible with your project. [C:\Users\ultra\warewolf\Dev\Dev2.TaskScheduler.Wrappers.Tests\Dev2.TaskScheduler.Wrappers.Tests.csproj]
C:\Users\ultra\warewolf\Dev\Dev2.TaskScheduler.Wrappers\Dev2.TaskScheduler.Wrappers.csproj : warning NU1701: Package 'GroupControls 1.9.0' was restored using '.NETFramework,Version=v4.6.1, .NETFramework,Version=v4.6.2, .NETFramework,Version=v4.7, .NETFramework,Version=v4.7.1, .NETFramework,Version=v4.7.2, .NETFramework,Version=v4.8, .NETFramework,Version=v4.8.1' instead of the project target framework 'net8.0'. This package may not be fully compatible with your project. [C:\Users\ultra\warewolf\Dev\Dev2.TaskScheduler.Wrappers.Tests\Dev2.TaskScheduler.Wrappers.Tests.csproj]
C:\Users\ultra\warewolf\Dev\Dev2.TaskScheduler.Wrappers\Dev2.TaskScheduler.Wrappers.csproj : warning NU1701: Package 'TaskSchedulerEditor 2.10.1' was restored using '.NETFramework,Version=v4.6.1, .NETFramework,Version=v4.6.2, .NETFramework,Version=v4.7, .NETFramework,Version=v4.7.1, .NETFramework,Version=v4.7.2, .NETFramework,Version=v4.8, .NETFramework,Version=v4.8.1' instead of the project target framework 'net8.0'. This package may not be fully compatible with your project. [C:\Users\ultra\warewolf\Dev\Dev2.TaskScheduler.Wrappers.Tests\Dev2.TaskScheduler.Wrappers.Tests.csproj]
C:\Users\ultra\warewolf\Dev\Dev2.TaskScheduler.Wrappers.Tests\Dev2.TaskScheduler.Wrappers.Tests.csproj : warning NU1701: Package 'AeroWizard 2.3.1' was restored using '.NETFramework,Version=v4.6.1, .NETFramework,Version=v4.6.2, .NETFramework,Version=v4.7, .NETFramework,Version=v4.7.1, .NETFramework,Version=v4.7.2, .NETFramework,Version=v4.8, .NETFramework,Version=v4.8.1' instead of the project target framework 'net8.0'. This package may not be fully compatible with your project.
C:\Users\ultra\warewolf\Dev\Dev2.TaskScheduler.Wrappers.Tests\Dev2.TaskScheduler.Wrappers.Tests.csproj : warning NU1701: Package 'GroupControls 1.9.0' was restored using '.NETFramework,Version=v4.6.1, .NETFramework,Version=v4.6.2, .NETFramework,Version=v4.7, .NETFramework,Version=v4.7.1, .NETFramework,Version=v4.7.2, .NETFramework,Version=v4.8, .NETFramework,Version=v4.8.1' instead of the project target framework 'net8.0'. This package may not be fully compatible with your project.
C:\Users\ultra\warewolf\Dev\Dev2.TaskScheduler.Wrappers.Tests\Dev2.TaskScheduler.Wrappers.Tests.csproj : warning NU1701: Package 'TaskSchedulerEditor 2.10.1' was restored using '.NETFramework,Version=v4.6.1, .NETFramework,Version=v4.6.2, .NETFramework,Version=v4.7, .NETFramework,Version=v4.7.1, .NETFramework,Version=v4.7.2, .NETFramework,Version=v4.8, .NETFramework,Version=v4.8.1' instead of the project target framework 'net8.0'. This package may not be fully compatible with your project.
  Restored C:\Users\ultra\warewolf\Dev\Dev2.TaskScheduler.Wrappers.Tests\Dev2.TaskScheduler.Wrappers.Tests.csproj (in 485 ms).
  16 of 17 projects are up-to-date for restore.
C:\Users\ultra\warewolf\Dev\Dev2.TaskScheduler.Wrappers.Tests\Dev2.TaskScheduler.Wrappers.Tests.csproj : warning NU1701: Package 'AeroWizard 2.3.1' was restored using '.NETFramework,Version=v4.6.1, .NETFramework,Version=v4.6.2, .NETFramework,Version=v4.7, .NETFramework,Version=v4.7.1, .NETFramework,Version=v4.7.2, .NETFramework,Version=v4.8, .NETFramework,Version=v4.8.1' instead of the project target framework 'net8.0'. This package may not be fully compatible with your project.
C:\Users\ultra\warewolf\Dev\Dev2.TaskScheduler.Wrappers.Tests\Dev2.TaskScheduler.Wrappers.Tests.csproj : warning NU1701: Package 'GroupControls 1.9.0' was restored using '.NETFramework,Version=v4.6.1, .NETFramework,Version=v4.6.2, .NETFramework,Version=v4.7, .NETFramework,Version=v4.7.1, .NETFramework,Version=v4.7.2, .NETFramework,Version=v4.8, .NETFramework,Version=v4.8.1' instead of the project target framework 'net8.0'. This package may not be fully compatible with your project.
C:\Users\ultra\warewolf\Dev\Dev2.TaskScheduler.Wrappers.Tests\Dev2.TaskScheduler.Wrappers.Tests.csproj : warning NU1701: Package 'TaskSchedulerEditor 2.10.1' was restored using '.NETFramework,Version=v4.6.1, .NETFramework,Version=v4.6.2, .NETFramework,Version=v4.7, .NETFramework,Version=v4.7.1, .NETFramework,Version=v4.7.2, .NETFramework,Version=v4.8, .NETFramework,Version=v4.8.1' instead of the project target framework 'net8.0'. This package may not be fully compatible with your project.
C:\Users\ultra\warewolf\Dev\Dev2.Data.Interfaces\Dev2.Data.Interfaces.csproj : warning NU1903: Package 'DotNetZip' 1.16.0 has a known high severity vulnerability, https://github.com/advisories/GHSA-xhg6-9j5j-w4vf
C:\Users\ultra\warewolf\Dev\Dev2.Data.Interfaces\Dev2.Data.Interfaces.csproj : warning NU1701: Package 'AeroWizard 2.3.1' was restored using '.NETFramework,Version=v4.6.1, .NETFramework,Version=v4.6.2, .NETFramework,Version=v4.7, .NETFramework,Version=v4.7.1, .NETFramework,Version=v4.7.2, .NETFramework,Version=v4.8, .NETFramework,Version=v4.8.1' instead of the project target framework 'net8.0'. This package may not be fully compatible with your project.
C:\Users\ultra\warewolf\Dev\Dev2.Data.Interfaces\Dev2.Data.Interfaces.csproj : warning NU1701: Package 'GroupControls 1.9.0' was restored using '.NETFramework,Version=v4.6.1, .NETFramework,Version=v4.6.2, .NETFramework,Version=v4.7, .NETFramework,Version=v4.7.1, .NETFramework,Version=v4.7.2, .NETFramework,Version=v4.8, .NETFramework,Version=v4.8.1' instead of the project target framework 'net8.0'. This package may not be fully compatible with your project.
C:\Users\ultra\warewolf\Dev\Dev2.Data.Interfaces\Dev2.Data.Interfaces.csproj : warning NU1701: Package 'TaskSchedulerEditor 2.10.1' was restored using '.NETFramework,Version=v4.6.1, .NETFramework,Version=v4.6.2, .NETFramework,Version=v4.7, .NETFramework,Version=v4.7.1, .NETFramework,Version=v4.7.2, .NETFramework,Version=v4.8, .NETFramework,Version=v4.8.1' instead of the project target framework 'net8.0'. This package may not be fully compatible with your project.
C:\Users\ultra\warewolf\Dev\Warewolf.Language.Parser\Warewolf.Language.Parser.fsproj : warning NU1504: Duplicate 'PackageReference' items found. Remove the duplicate items or use the Update functionality to ensure a consistent restore behavior. The duplicate 'PackageReference' items are: FSharp.Core 10.1.201, FSharp.Core 4.6.2.
C:\Users\ultra\warewolf\Dev\Warewolf.Common\Warewolf.Common.csproj : warning NU1701: Package 'AeroWizard 2.3.1' was restored using '.NETFramework,Version=v4.6.1, .NETFramework,Version=v4.6.2, .NETFramework,Version=v4.7, .NETFramework,Version=v4.7.1, .NETFramework,Version=v4.7.2, .NETFramework,Version=v4.8, .NETFramework,Version=v4.8.1' instead of the project target framework 'net8.0'. This package may not be fully compatible with your project.
C:\Users\ultra\warewolf\Dev\Warewolf.Common\Warewolf.Common.csproj : warning NU1701: Package 'GroupControls 1.9.0' was restored using '.NETFramework,Version=v4.6.1, .NETFramework,Version=v4.6.2, .NETFramework,Version=v4.7, .NETFramework,Version=v4.7.1, .NETFramework,Version=v4.7.2, .NETFramework,Version=v4.8, .NETFramework,Version=v4.8.1' instead of the project target framework 'net8.0'. This package may not be fully compatible with your project.
C:\Users\ultra\warewolf\Dev\Warewolf.Common\Warewolf.Common.csproj : warning NU1701: Package 'TaskSchedulerEditor 2.10.1' was restored using '.NETFramework,Version=v4.6.1, .NETFramework,Version=v4.6.2, .NETFramework,Version=v4.7, .NETFramework,Version=v4.7.1, .NETFramework,Version=v4.7.2, .NETFramework,Version=v4.8, .NETFramework,Version=v4.8.1' instead of the project target framework 'net8.0'. This package may not be fully compatible with your project.
C:\Users\ultra\warewolf\Dev\Warewolf.Data\Warewolf.Data.csproj : warning NU1701: Package 'AeroWizard 2.3.1' was restored using '.NETFramework,Version=v4.6.1, .NETFramework,Version=v4.6.2, .NETFramework,Version=v4.7, .NETFramework,Version=v4.7.1, .NETFramework,Version=v4.7.2, .NETFramework,Version=v4.8, .NETFramework,Version=v4.8.1' instead of the project target framework 'net8.0'. This package may not be fully compatible with your project.
C:\Users\ultra\warewolf\Dev\Warewolf.Data\Warewolf.Data.csproj : warning NU1701: Package 'GroupControls 1.9.0' was restored using '.NETFramework,Version=v4.6.1, .NETFramework,Version=v4.6.2, .NETFramework,Version=v4.7, .NETFramework,Version=v4.7.1, .NETFramework,Version=v4.7.2, .NETFramework,Version=v4.8, .NETFramework,Version=v4.8.1' instead of the project target framework 'net8.0'. This package may not be fully compatible with your project.
C:\Users\ultra\warewolf\Dev\Warewolf.Data\Warewolf.Data.csproj : warning NU1701: Package 'TaskSchedulerEditor 2.10.1' was restored using '.NETFramework,Version=v4.6.1, .NETFramework,Version=v4.6.2, .NETFramework,Version=v4.7, .NETFramework,Version=v4.7.1, .NETFramework,Version=v4.7.2, .NETFramework,Version=v4.8, .NETFramework,Version=v4.8.1' instead of the project target framework 'net8.0'. This package may not be fully compatible with your project.
C:\Users\ultra\warewolf\Dev\Dev2.TaskScheduler.Wrappers\Dev2.TaskScheduler.Wrappers.csproj : warning NU1701: Package 'AeroWizard 2.3.1' was restored using '.NETFramework,Version=v4.6.1, .NETFramework,Version=v4.6.2, .NETFramework,Version=v4.7, .NETFramework,Version=v4.7.1, .NETFramework,Version=v4.7.2, .NETFramework,Version=v4.8, .NETFramework,Version=v4.8.1' instead of the project target framework 'net8.0'. This package may not be fully compatible with your project.
C:\Users\ultra\warewolf\Dev\Dev2.TaskScheduler.Wrappers\Dev2.TaskScheduler.Wrappers.csproj : warning NU1701: Package 'GroupControls 1.9.0' was restored using '.NETFramework,Version=v4.6.1, .NETFramework,Version=v4.6.2, .NETFramework,Version=v4.7, .NETFramework,Version=v4.7.1, .NETFramework,Version=v4.7.2, .NETFramework,Version=v4.8, .NETFramework,Version=v4.8.1' instead of the project target framework 'net8.0'. This package may not be fully compatible with your project.
C:\Users\ultra\warewolf\Dev\Dev2.TaskScheduler.Wrappers\Dev2.TaskScheduler.Wrappers.csproj : warning NU1701: Package 'TaskSchedulerEditor 2.10.1' was restored using '.NETFramework,Version=v4.6.1, .NETFramework,Version=v4.6.2, .NETFramework,Version=v4.7, .NETFramework,Version=v4.7.1, .NETFramework,Version=v4.7.2, .NETFramework,Version=v4.8, .NETFramework,Version=v4.8.1' instead of the project target framework 'net8.0'. This package may not be fully compatible with your project.
C:\Users\ultra\warewolf\Dev\Warewolf.Storage.Interfaces\Warewolf.Storage.Interfaces.csproj : warning NU1701: Package 'AeroWizard 2.3.1' was restored using '.NETFramework,Version=v4.6.1, .NETFramework,Version=v4.6.2, .NETFramework,Version=v4.7, .NETFramework,Version=v4.7.1, .NETFramework,Version=v4.7.2, .NETFramework,Version=v4.8, .NETFramework,Version=v4.8.1' instead of the project target framework 'net8.0'. This package may not be fully compatible with your project.
C:\Users\ultra\warewolf\Dev\Warewolf.Storage.Interfaces\Warewolf.Storage.Interfaces.csproj : warning NU1701: Package 'GroupControls 1.9.0' was restored using '.NETFramework,Version=v4.6.1, .NETFramework,Version=v4.6.2, .NETFramework,Version=v4.7, .NETFramework,Version=v4.7.1, .NETFramework,Version=v4.7.2, .NETFramework,Version=v4.8, .NETFramework,Version=v4.8.1' instead of the project target framework 'net8.0'. This package may not be fully compatible with your project.
C:\Users\ultra\warewolf\Dev\Warewolf.Storage.Interfaces\Warewolf.Storage.Interfaces.csproj : warning NU1701: Package 'TaskSchedulerEditor 2.10.1' was restored using '.NETFramework,Version=v4.6.1, .NETFramework,Version=v4.6.2, .NETFramework,Version=v4.7, .NETFramework,Version=v4.7.1, .NETFramework,Version=v4.7.2, .NETFramework,Version=v4.8, .NETFramework,Version=v4.8.1' instead of the project target framework 'net8.0'. This package may not be fully compatible with your project.
C:\Users\ultra\warewolf\Dev\Dev2.Common\Dev2.Common.csproj : warning NU1903: Package 'Microsoft.Windows.Compatibility' 6.0.0 has a known high severity vulnerability, https://github.com/advisories/GHSA-555c-2p6r-68mm
C:\Users\ultra\warewolf\Dev\Dev2.Common\Dev2.Common.csproj : warning NU1701: Package 'AeroWizard 2.3.1' was restored using '.NETFramework,Version=v4.6.1, .NETFramework,Version=v4.6.2, .NETFramework,Version=v4.7, .NETFramework,Version=v4.7.1, .NETFramework,Version=v4.7.2, .NETFramework,Version=v4.8, .NETFramework,Version=v4.8.1' instead of the project target framework 'net8.0'. This package may not be fully compatible with your project.
C:\Users\ultra\warewolf\Dev\Dev2.Common\Dev2.Common.csproj : warning NU1701: Package 'GroupControls 1.9.0' was restored using '.NETFramework,Version=v4.6.1, .NETFramework,Version=v4.6.2, .NETFramework,Version=v4.7, .NETFramework,Version=v4.7.1, .NETFramework,Version=v4.7.2, .NETFramework,Version=v4.8, .NETFramework,Version=v4.8.1' instead of the project target framework 'net8.0'. This package may not be fully compatible with your project.
C:\Users\ultra\warewolf\Dev\Dev2.Common\Dev2.Common.csproj : warning NU1701: Package 'TaskSchedulerEditor 2.10.1' was restored using '.NETFramework,Version=v4.6.1, .NETFramework,Version=v4.6.2, .NETFramework,Version=v4.7, .NETFramework,Version=v4.7.1, .NETFramework,Version=v4.7.2, .NETFramework,Version=v4.8, .NETFramework,Version=v4.8.1' instead of the project target framework 'net8.0'. This package may not be fully compatible with your project.
  Dev2.Net6.Compatibility -> C:\Users\ultra\warewolf\Dev\Dev2.Net6.Compatibility\bin\Debug\net8.0\Dev2.Net6.Compatibility.dll
C:\Users\ultra\warewolf\Dev\Dev2.Common.Interfaces\Dev2.Common.Interfaces.csproj : warning NU1903: Package 'Microsoft.Windows.Compatibility' 6.0.0 has a known high severity vulnerability, https://github.com/advisories/GHSA-555c-2p6r-68mm
C:\Users\ultra\warewolf\Dev\Dev2.Common.Interfaces\Dev2.Common.Interfaces.csproj : warning NU1701: Package 'AeroWizard 2.3.1' was restored using '.NETFramework,Version=v4.6.1, .NETFramework,Version=v4.6.2, .NETFramework,Version=v4.7, .NETFramework,Version=v4.7.1, .NETFramework,Version=v4.7.2, .NETFramework,Version=v4.8, .NETFramework,Version=v4.8.1' instead of the project target framework 'net8.0'. This package may not be fully compatible with your project.
C:\Users\ultra\warewolf\Dev\Dev2.Common.Interfaces\Dev2.Common.Interfaces.csproj : warning NU1701: Package 'GroupControls 1.9.0' was restored using '.NETFramework,Version=v4.6.1, .NETFramework,Version=v4.6.2, .NETFramework,Version=v4.7, .NETFramework,Version=v4.7.1, .NETFramework,Version=v4.7.2, .NETFramework,Version=v4.8, .NETFramework,Version=v4.8.1' instead of the project target framework 'net8.0'. This package may not be fully compatible with your project.
C:\Users\ultra\warewolf\Dev\Dev2.Common.Interfaces\Dev2.Common.Interfaces.csproj : warning NU1701: Package 'TaskSchedulerEditor 2.10.1' was restored using '.NETFramework,Version=v4.6.1, .NETFramework,Version=v4.6.2, .NETFramework,Version=v4.7, .NETFramework,Version=v4.7.1, .NETFramework,Version=v4.7.2, .NETFramework,Version=v4.8, .NETFramework,Version=v4.8.1' instead of the project target framework 'net8.0'. This package may not be fully compatible with your project.
  Log4Net.Async -> C:\Users\ultra\warewolf\Dev\Log4Net.Async\bin\Debug\net8.0\Log4Net.Async.dll
C:\Users\ultra\warewolf\Dev\Warewolf.Security\Warewolf.Security.csproj : warning NU1904: Package 'System.Drawing.Common' 4.5.1 has a known critical severity vulnerability, https://github.com/advisories/GHSA-rxg9-xrhp-64gj
C:\Users\ultra\warewolf\Dev\Warewolf.Interfaces\Data\ChatbotSettingsData.cs(20,23): warning CS0169: The field 'ChatbotSettingsData._encryptDataSource' is never used [C:\Users\ultra\warewolf\Dev\Warewolf.Interfaces\Warewolf.Interfaces.csproj]
C:\Users\ultra\warewolf\Dev\Warewolf.Interfaces\Auditing\SerializableException.cs(15,7): warning CS0414: The field 'SerializableException.HResult' is assigned but its value is never used [C:\Users\ultra\warewolf\Dev\Warewolf.Interfaces\Warewolf.Interfaces.csproj]
  Warewolf.Resource -> C:\Users\ultra\warewolf\Dev\Warewolf.Resource\bin\Debug\net8.0\Warewolf.Resource.dll
  Warewolf.Interfaces -> C:\Users\ultra\warewolf\Dev\Warewolf.Interfaces\bin\Debug\net8.0\Warewolf.Interfaces.dll
  Warewolf.Common.Interfaces.NetStandard20 -> C:\Users\ultra\warewolf\Dev\Warewolf.Common.Interfaces.NetStandard20\bin\Debug\net8.0\Warewolf.Common.Interfaces.NetStandard20.dll
C:\Users\ultra\warewolf\Dev\Warewolf.Security\Encryption\AESThenHMAC.cs(168,34): warning SYSLIB0021: 'AesManaged' is obsolete: 'Derived cryptographic types are obsolete. Use the Create method on the base type instead.' (https://aka.ms/dotnet-warnings/SYSLIB0021) [C:\Users\ultra\warewolf\Dev\Warewolf.Security\Warewolf.Security.csproj]
C:\Users\ultra\warewolf\Dev\Warewolf.Security\Encryption\AESThenHMAC.cs(264,38): warning SYSLIB0021: 'AesManaged' is obsolete: 'Derived cryptographic types are obsolete. Use the Create method on the base type instead.' (https://aka.ms/dotnet-warnings/SYSLIB0021) [C:\Users\ultra\warewolf\Dev\Warewolf.Security\Warewolf.Security.csproj]
C:\Users\ultra\warewolf\Dev\Warewolf.Security\Encryption\AESThenHMAC.cs(331,36): warning SYSLIB0041: 'Rfc2898DeriveBytes.Rfc2898DeriveBytes(string, int, int)' is obsolete: 'The default hash algorithm and iteration counts in Rfc2898DeriveBytes constructors are outdated and insecure. Use a constructor that accepts the hash algorithm and the number of iterations.' (https://aka.ms/dotnet-warnings/SYSLIB0041) [C:\Users\ultra\warewolf\Dev\Warewolf.Security\Warewolf.Security.csproj]
C:\Users\ultra\warewolf\Dev\Warewolf.Security\Encryption\AESThenHMAC.cs(345,36): warning SYSLIB0041: 'Rfc2898DeriveBytes.Rfc2898DeriveBytes(string, int, int)' is obsolete: 'The default hash algorithm and iteration counts in Rfc2898DeriveBytes constructors are outdated and insecure. Use a constructor that accepts the hash algorithm and the number of iterations.' (https://aka.ms/dotnet-warnings/SYSLIB0041) [C:\Users\ultra\warewolf\Dev\Warewolf.Security\Warewolf.Security.csproj]
C:\Users\ultra\warewolf\Dev\Warewolf.Security\Encryption\AESThenHMAC.cs(393,36): warning SYSLIB0041: 'Rfc2898DeriveBytes.Rfc2898DeriveBytes(string, byte[], int)' is obsolete: 'The default hash algorithm and iteration counts in Rfc2898DeriveBytes constructors are outdated and insecure. Use a constructor that accepts the hash algorithm and the number of iterations.' (https://aka.ms/dotnet-warnings/SYSLIB0041) [C:\Users\ultra\warewolf\Dev\Warewolf.Security\Warewolf.Security.csproj]
C:\Users\ultra\warewolf\Dev\Warewolf.Security\Encryption\AESThenHMAC.cs(398,36): warning SYSLIB0041: 'Rfc2898DeriveBytes.Rfc2898DeriveBytes(string, byte[], int)' is obsolete: 'The default hash algorithm and iteration counts in Rfc2898DeriveBytes constructors are outdated and insecure. Use a constructor that accepts the hash algorithm and the number of iterations.' (https://aka.ms/dotnet-warnings/SYSLIB0041) [C:\Users\ultra\warewolf\Dev\Warewolf.Security\Warewolf.Security.csproj]
  Warewolf.Security -> C:\Users\ultra\warewolf\Dev\Warewolf.Security\bin\Debug\net8.0\Warewolf.Security.dll
  Warewolf.Studio.Resources -> C:\Users\ultra\warewolf\Dev\Warewolf.Studio.Resources\bin\Debug\net8.0\Warewolf.Studio.Resources.dll
  Warewolf.Parser.Interop -> C:\Users\ultra\warewolf\Dev\Warewolf.Parser.Interop\bin\Debug\net8.0\WarewolfParserInterop.dll
C:\Users\ultra\warewolf\Dev\Dev2.Common.Interfaces\Attribute\ReasonAttribute.cs(13,18): warning CC0023: Mark 'ReasonAttribute' as sealed. (https://code-cracker.github.io/diagnostics/CC0023.html) [C:\Users\ultra\warewolf\Dev\Dev2.Common.Interfaces\Dev2.Common.Interfaces.csproj]
C:\Users\ultra\warewolf\Dev\Dev2.Common.Interfaces\Wrappers\IDirectoryEntry.cs(190,35): warning CC0057: Parameter 'path' is not used. (https://code-cracker.github.io/diagnostics/CC0057.html) [C:\Users\ultra\warewolf\Dev\Dev2.Common.Interfaces\Dev2.Common.Interfaces.csproj]
C:\Users\ultra\warewolf\Dev\Dev2.Common.Interfaces\DllListing.cs(97,17): warning CC0105: Use 'var' instead of specifying the type name. (https://code-cracker.github.io/diagnostics/CC0105.html) [C:\Users\ultra\warewolf\Dev\Dev2.Common.Interfaces\Dev2.Common.Interfaces.csproj]
C:\Users\ultra\warewolf\Dev\Dev2.Common.Interfaces\DllListing.cs(98,17): warning CC0105: Use 'var' instead of specifying the type name. (https://code-cracker.github.io/diagnostics/CC0105.html) [C:\Users\ultra\warewolf\Dev\Dev2.Common.Interfaces\Dev2.Common.Interfaces.csproj]
C:\Users\ultra\warewolf\Dev\Dev2.Common.Interfaces\Runtime\Services\IStreamContentFactory.cs(48,21): warning CC0029: 'StreamContentWrapper' should call GC.SuppressFinalize inside the Dispose method. (https://code-cracker.github.io/diagnostics/CC0029.html) [C:\Users\ultra\warewolf\Dev\Dev2.Common.Interfaces\Dev2.Common.Interfaces.csproj]
  Dev2.Common.Interfaces -> C:\Users\ultra\warewolf\Dev\Dev2.Common.Interfaces\bin\Debug\net8.0\Dev2.Common.Interfaces.dll
C:\Users\ultra\warewolf\Dev\Warewolf.Language.Parser\EvaluationFunctions.fs(277,15): warning FS3548: Pattern discard is not allowed for union case that takes no data. [C:\Users\ultra\warewolf\Dev\Warewolf.Language.Parser\Warewolf.Language.Parser.fsproj]
C:\Users\ultra\warewolf\Dev\Warewolf.Language.Parser\EvaluationFunctions.fs(305,15): warning FS3548: Pattern discard is not allowed for union case that takes no data. [C:\Users\ultra\warewolf\Dev\Warewolf.Language.Parser\Warewolf.Language.Parser.fsproj]
C:\Users\ultra\warewolf\Dev\Warewolf.Language.Parser\EvaluationFunctions.fs(748,21): warning FS3873: This construct is deprecated. Sequence expressions should be of the form 'seq { ... }' [C:\Users\ultra\warewolf\Dev\Warewolf.Language.Parser\Warewolf.Language.Parser.fsproj]
C:\Users\ultra\warewolf\Dev\Warewolf.Language.Parser\EvaluationFunctions.fs(751,28): warning FS3873: This construct is deprecated. Sequence expressions should be of the form 'seq { ... }' [C:\Users\ultra\warewolf\Dev\Warewolf.Language.Parser\Warewolf.Language.Parser.fsproj]
C:\Users\ultra\warewolf\Dev\Warewolf.Language.Parser\WarewolfDataEvaluationCommon.fs(593,21): warning FS3873: This construct is deprecated. Sequence expressions should be of the form 'seq { ... }' [C:\Users\ultra\warewolf\Dev\Warewolf.Language.Parser\Warewolf.Language.Parser.fsproj]
C:\Users\ultra\warewolf\Dev\Warewolf.Language.Parser\WarewolfDataEvaluationCommon.fs(596,28): warning FS3873: This construct is deprecated. Sequence expressions should be of the form 'seq { ... }' [C:\Users\ultra\warewolf\Dev\Warewolf.Language.Parser\Warewolf.Language.Parser.fsproj]
  Warewolf.Language.Parser -> C:\Users\ultra\warewolf\Dev\Warewolf.Language.Parser\bin\Debug\net8.0\Warewolf.Language.Parser.dll
C:\Users\ultra\warewolf\Dev\Warewolf.Data\NamedInt.cs(160,21): warning CA2200: Re-throwing caught exception changes stack information (https://learn.microsoft.com/dotnet/fundamentals/code-analysis/quality-rules/ca2200) [C:\Users\ultra\warewolf\Dev\Warewolf.Data\Warewolf.Data.csproj]
  Warewolf.Data -> C:\Users\ultra\warewolf\Dev\Warewolf.Data\bin\Debug\net8.0\Warewolf.Data.dll
  Warewolf.Storage.Interfaces -> C:\Users\ultra\warewolf\Dev\Warewolf.Storage.Interfaces\bin\Debug\net8.0\Warewolf.Storage.Interfaces.dll
  Warewolf.Common -> C:\Users\ultra\warewolf\Dev\Warewolf.Common\bin\Debug\net8.0\Warewolf.Common.dll
  Dev2.Data.Interfaces -> C:\Users\ultra\warewolf\Dev\Dev2.Data.Interfaces\bin\Debug\net8.0\Dev2.Data.Interfaces.dll
C:\Users\ultra\warewolf\Dev\Dev2.Common\ExtMethods\StringExtension.cs(302,13): warning CC0004: Empty Catch Block. (https://code-cracker.github.io/diagnostics/CC0004.html) [C:\Users\ultra\warewolf\Dev\Dev2.Common\Dev2.Common.csproj]
  Dev2.Common -> C:\Users\ultra\warewolf\Dev\Dev2.Common\bin\Debug\net8.0\Dev2.Common.dll
C:\Users\ultra\warewolf\Dev\Dev2.TaskScheduler.Wrappers\Dev2TaskEvent.cs(47,33): warning CA1416: This call site is reachable on all platforms. 'SecurityIdentifier.Value' is only supported on: 'windows'. (https://learn.microsoft.com/dotnet/fundamentals/code-analysis/quality-rules/ca1416) [C:\Users\ultra\warewolf\Dev\Dev2.TaskScheduler.Wrappers\Dev2.TaskScheduler.Wrappers.csproj]
  Dev2.TaskScheduler.Wrappers -> C:\Users\ultra\warewolf\Dev\Dev2.TaskScheduler.Wrappers\bin\Debug\net8.0\Dev2.TaskScheduler.Wrappers.dll
C:\Program Files\dotnet\sdk\10.0.201\Microsoft.Common.CurrentVersion.targets(2451,5): warning MSB3277: Found conflicts between different versions of "System.Drawing.Common" that could not be resolved. [C:\Users\ultra\warewolf\Dev\Dev2.TaskScheduler.Wrappers.Tests\Dev2.TaskScheduler.Wrappers.Tests.csproj]
C:\Program Files\dotnet\sdk\10.0.201\Microsoft.Common.CurrentVersion.targets(2451,5): warning MSB3277: There was a conflict between "System.Drawing.Common, Version=6.0.0.0, Culture=neutral, PublicKeyToken=cc7b13ffcd2ddd51" and "System.Drawing.Common, Version=8.0.0.0, Culture=neutral, PublicKeyToken=cc7b13ffcd2ddd51". [C:\Users\ultra\warewolf\Dev\Dev2.TaskScheduler.Wrappers.Tests\Dev2.TaskScheduler.Wrappers.Tests.csproj]
C:\Program Files\dotnet\sdk\10.0.201\Microsoft.Common.CurrentVersion.targets(2451,5): warning MSB3277:     "System.Drawing.Common, Version=6.0.0.0, Culture=neutral, PublicKeyToken=cc7b13ffcd2ddd51" was chosen because it was primary and "System.Drawing.Common, Version=8.0.0.0, Culture=neutral, PublicKeyToken=cc7b13ffcd2ddd51" was not. [C:\Users\ultra\warewolf\Dev\Dev2.TaskScheduler.Wrappers.Tests\Dev2.TaskScheduler.Wrappers.Tests.csproj]
C:\Program Files\dotnet\sdk\10.0.201\Microsoft.Common.CurrentVersion.targets(2451,5): warning MSB3277:     References which depend on "System.Drawing.Common, Version=6.0.0.0, Culture=neutral, PublicKeyToken=cc7b13ffcd2ddd51" [C:\Users\ultra\.nuget\packages\system.drawing.common\6.0.0\lib\net6.0\System.Drawing.Common.dll]. [C:\Users\ultra\warewolf\Dev\Dev2.TaskScheduler.Wrappers.Tests\Dev2.TaskScheduler.Wrappers.Tests.csproj]
C:\Program Files\dotnet\sdk\10.0.201\Microsoft.Common.CurrentVersion.targets(2451,5): warning MSB3277:         C:\Users\ultra\.nuget\packages\system.drawing.common\6.0.0\lib\net6.0\System.Drawing.Common.dll [C:\Users\ultra\warewolf\Dev\Dev2.TaskScheduler.Wrappers.Tests\Dev2.TaskScheduler.Wrappers.Tests.csproj]
C:\Program Files\dotnet\sdk\10.0.201\Microsoft.Common.CurrentVersion.targets(2451,5): warning MSB3277:           Project file item includes which caused reference "C:\Users\ultra\.nuget\packages\system.drawing.common\6.0.0\lib\net6.0\System.Drawing.Common.dll". [C:\Users\ultra\warewolf\Dev\Dev2.TaskScheduler.Wrappers.Tests\Dev2.TaskScheduler.Wrappers.Tests.csproj]
C:\Program Files\dotnet\sdk\10.0.201\Microsoft.Common.CurrentVersion.targets(2451,5): warning MSB3277:             C:\Users\ultra\.nuget\packages\system.drawing.common\6.0.0\lib\net6.0\System.Drawing.Common.dll [C:\Users\ultra\warewolf\Dev\Dev2.TaskScheduler.Wrappers.Tests\Dev2.TaskScheduler.Wrappers.Tests.csproj]
C:\Program Files\dotnet\sdk\10.0.201\Microsoft.Common.CurrentVersion.targets(2451,5): warning MSB3277:     References which depend on or have been unified to "System.Drawing.Common, Version=8.0.0.0, Culture=neutral, PublicKeyToken=cc7b13ffcd2ddd51" []. [C:\Users\ultra\warewolf\Dev\Dev2.TaskScheduler.Wrappers.Tests\Dev2.TaskScheduler.Wrappers.Tests.csproj]
C:\Program Files\dotnet\sdk\10.0.201\Microsoft.Common.CurrentVersion.targets(2451,5): warning MSB3277:         C:\Users\ultra\.nuget\packages\system.windows.extensions\8.0.0\lib\net8.0\System.Windows.Extensions.dll [C:\Users\ultra\warewolf\Dev\Dev2.TaskScheduler.Wrappers.Tests\Dev2.TaskScheduler.Wrappers.Tests.csproj]
C:\Program Files\dotnet\sdk\10.0.201\Microsoft.Common.CurrentVersion.targets(2451,5): warning MSB3277:           Project file item includes which caused reference "C:\Users\ultra\.nuget\packages\system.windows.extensions\8.0.0\lib\net8.0\System.Windows.Extensions.dll". [C:\Users\ultra\warewolf\Dev\Dev2.TaskScheduler.Wrappers.Tests\Dev2.TaskScheduler.Wrappers.Tests.csproj]
C:\Program Files\dotnet\sdk\10.0.201\Microsoft.Common.CurrentVersion.targets(2451,5): warning MSB3277:             C:\Users\ultra\.nuget\packages\system.windows.extensions\8.0.0\lib\net8.0\System.Windows.Extensions.dll [C:\Users\ultra\warewolf\Dev\Dev2.TaskScheduler.Wrappers.Tests\Dev2.TaskScheduler.Wrappers.Tests.csproj]
C:\Program Files\dotnet\sdk\10.0.201\Microsoft.Common.CurrentVersion.targets(2451,5): warning MSB3277:             C:\Users\ultra\.nuget\packages\system.security.permissions\8.0.0\lib\net8.0\System.Security.Permissions.dll [C:\Users\ultra\warewolf\Dev\Dev2.TaskScheduler.Wrappers.Tests\Dev2.TaskScheduler.Wrappers.Tests.csproj]
C:\Program Files\dotnet\sdk\10.0.201\Microsoft.Common.CurrentVersion.targets(2451,5): warning MSB3277:             C:\Users\ultra\.nuget\packages\dotnetzip\1.16.0\lib\netstandard2.0\DotNetZip.dll [C:\Users\ultra\warewolf\Dev\Dev2.TaskScheduler.Wrappers.Tests\Dev2.TaskScheduler.Wrappers.Tests.csproj]
C:\Program Files\dotnet\sdk\10.0.201\Microsoft.Common.CurrentVersion.targets(2451,5): warning MSB3277:             C:\Users\ultra\warewolf\Dev\Dev2.Common\bin\Debug\net8.0\Dev2.Common.dll [C:\Users\ultra\warewolf\Dev\Dev2.TaskScheduler.Wrappers.Tests\Dev2.TaskScheduler.Wrappers.Tests.csproj]
C:\Program Files\dotnet\sdk\10.0.201\Microsoft.Common.CurrentVersion.targets(2451,5): warning MSB3277:             C:\Users\ultra\warewolf\Dev\Dev2.TaskScheduler.Wrappers\bin\Debug\net8.0\Dev2.TaskScheduler.Wrappers.dll [C:\Users\ultra\warewolf\Dev\Dev2.TaskScheduler.Wrappers.Tests\Dev2.TaskScheduler.Wrappers.Tests.csproj]
C:\Program Files\dotnet\sdk\10.0.201\Microsoft.Common.CurrentVersion.targets(2451,5): warning MSB3277:             C:\Users\ultra\warewolf\Dev\Dev2.Data.Interfaces\bin\Debug\net8.0\Dev2.Data.Interfaces.dll [C:\Users\ultra\warewolf\Dev\Dev2.TaskScheduler.Wrappers.Tests\Dev2.TaskScheduler.Wrappers.Tests.csproj]
C:\Program Files\dotnet\sdk\10.0.201\Microsoft.Common.CurrentVersion.targets(2451,5): warning MSB3277:             C:\Users\ultra\.nuget\packages\system.directoryservices\6.0.0\lib\net6.0\System.DirectoryServices.dll [C:\Users\ultra\warewolf\Dev\Dev2.TaskScheduler.Wrappers.Tests\Dev2.TaskScheduler.Wrappers.Tests.csproj]
C:\Program Files\dotnet\sdk\10.0.201\Microsoft.Common.CurrentVersion.targets(2451,5): warning MSB3277:             C:\Program Files\dotnet\packs\Microsoft.NETCore.App.Ref\8.0.25\ref/net8.0/System.Configuration.dll [C:\Users\ultra\warewolf\Dev\Dev2.TaskScheduler.Wrappers.Tests\Dev2.TaskScheduler.Wrappers.Tests.csproj]
C:\Program Files\dotnet\sdk\10.0.201\Microsoft.Common.CurrentVersion.targets(2451,5): warning MSB3277:             C:\Program Files\dotnet\packs\Microsoft.NETCore.App.Ref\8.0.25\ref/net8.0/System.Data.dll [C:\Users\ultra\warewolf\Dev\Dev2.TaskScheduler.Wrappers.Tests\Dev2.TaskScheduler.Wrappers.Tests.csproj]
C:\Program Files\dotnet\sdk\10.0.201\Microsoft.Common.CurrentVersion.targets(2451,5): warning MSB3277:             C:\Users\ultra\.nuget\packages\taskschedulereditor\2.10.1\lib\net452\Microsoft.Win32.TaskSchedulerEditor.dll [C:\Users\ultra\warewolf\Dev\Dev2.TaskScheduler.Wrappers.Tests\Dev2.TaskScheduler.Wrappers.Tests.csproj]
C:\Program Files\dotnet\sdk\10.0.201\Microsoft.Common.CurrentVersion.targets(2451,5): warning MSB3277:             C:\Program Files\dotnet\packs\Microsoft.NETCore.App.Ref\8.0.25\ref/net8.0/System.Drawing.dll [C:\Users\ultra\warewolf\Dev\Dev2.TaskScheduler.Wrappers.Tests\Dev2.TaskScheduler.Wrappers.Tests.csproj]
C:\Program Files\dotnet\sdk\10.0.201\Microsoft.Common.CurrentVersion.targets(2451,5): warning MSB3277:             C:\Users\ultra\.nuget\packages\aerowizard\2.3.1\lib\net45\AeroWizard.dll [C:\Users\ultra\warewolf\Dev\Dev2.TaskScheduler.Wrappers.Tests\Dev2.TaskScheduler.Wrappers.Tests.csproj]
C:\Program Files\dotnet\sdk\10.0.201\Microsoft.Common.CurrentVersion.targets(2451,5): warning MSB3277:             C:\Users\ultra\.nuget\packages\groupcontrols\1.9.0\lib\net45\GroupControls.dll [C:\Users\ultra\warewolf\Dev\Dev2.TaskScheduler.Wrappers.Tests\Dev2.TaskScheduler.Wrappers.Tests.csproj]
C:\Program Files\dotnet\sdk\10.0.201\Microsoft.Common.CurrentVersion.targets(2451,5): warning MSB3277:             C:\Program Files\dotnet\packs\Microsoft.NETCore.App.Ref\8.0.25\ref/net8.0/System.Net.dll [C:\Users\ultra\warewolf\Dev\Dev2.TaskScheduler.Wrappers.Tests\Dev2.TaskScheduler.Wrappers.Tests.csproj]
C:\Program Files\dotnet\sdk\10.0.201\Microsoft.Common.CurrentVersion.targets(2451,5): warning MSB3277:             C:\Program Files\dotnet\packs\Microsoft.NETCore.App.Ref\8.0.25\ref/net8.0/System.Security.dll [C:\Users\ultra\warewolf\Dev\Dev2.TaskScheduler.Wrappers.Tests\Dev2.TaskScheduler.Wrappers.Tests.csproj]
C:\Program Files\dotnet\sdk\10.0.201\Microsoft.Common.CurrentVersion.targets(2451,5): warning MSB3277:             C:\Program Files\dotnet\packs\Microsoft.NETCore.App.Ref\8.0.25\ref/net8.0/System.ServiceProcess.dll [C:\Users\ultra\warewolf\Dev\Dev2.TaskScheduler.Wrappers.Tests\Dev2.TaskScheduler.Wrappers.Tests.csproj]
C:\Program Files\dotnet\sdk\10.0.201\Microsoft.Common.CurrentVersion.targets(2451,5): warning MSB3277:             C:\Program Files\dotnet\packs\Microsoft.NETCore.App.Ref\8.0.25\ref/net8.0/System.Transactions.dll [C:\Users\ultra\warewolf\Dev\Dev2.TaskScheduler.Wrappers.Tests\Dev2.TaskScheduler.Wrappers.Tests.csproj]
C:\Program Files\dotnet\sdk\10.0.201\Microsoft.Common.CurrentVersion.targets(2451,5): warning MSB3277:             C:\Program Files\dotnet\packs\Microsoft.NETCore.App.Ref\8.0.25\ref/net8.0/System.dll [C:\Users\ultra\warewolf\Dev\Dev2.TaskScheduler.Wrappers.Tests\Dev2.TaskScheduler.Wrappers.Tests.csproj]
C:\Program Files\dotnet\sdk\10.0.201\Microsoft.Common.CurrentVersion.targets(2451,5): warning MSB3277:             C:\Users\ultra\.nuget\packages\ttcue.netcore.sharepointonline.csom.16.1.8029.1200\16.1.8029.1200\lib\netcoreapp2.0\Microsoft.SharePoint.Client.Runtime.Windows.dll [C:\Users\ultra\warewolf\Dev\Dev2.TaskScheduler.Wrappers.Tests\Dev2.TaskScheduler.Wrappers.Tests.csproj]
C:\Program Files\dotnet\sdk\10.0.201\Microsoft.Common.CurrentVersion.targets(2451,5): warning MSB3277:             C:\Program Files\dotnet\packs\Microsoft.NETCore.App.Ref\8.0.25\ref/net8.0/WindowsBase.dll [C:\Users\ultra\warewolf\Dev\Dev2.TaskScheduler.Wrappers.Tests\Dev2.TaskScheduler.Wrappers.Tests.csproj]
C:\Program Files\dotnet\sdk\10.0.201\Microsoft.Common.CurrentVersion.targets(2451,5): warning MSB3277:             C:\Users\ultra\.nuget\packages\caliburn.micro\4.0.212\lib\netcoreapp3.1\Caliburn.Micro.Platform.dll [C:\Users\ultra\warewolf\Dev\Dev2.TaskScheduler.Wrappers.Tests\Dev2.TaskScheduler.Wrappers.Tests.csproj]
C:\Program Files\dotnet\sdk\10.0.201\Microsoft.Common.CurrentVersion.targets(2451,5): warning MSB3277:             C:\Users\ultra\.nuget\packages\microsoft.xaml.behaviors.wpf\1.1.19\lib\netcoreapp3.0\Microsoft.Xaml.Behaviors.dll [C:\Users\ultra\warewolf\Dev\Dev2.TaskScheduler.Wrappers.Tests\Dev2.TaskScheduler.Wrappers.Tests.csproj]
C:\Program Files\dotnet\sdk\10.0.201\Microsoft.Common.CurrentVersion.targets(2451,5): warning MSB3277:             C:\Program Files\dotnet\packs\Microsoft.NETCore.App.Ref\8.0.25\ref/net8.0/mscorlib.dll [C:\Users\ultra\warewolf\Dev\Dev2.TaskScheduler.Wrappers.Tests\Dev2.TaskScheduler.Wrappers.Tests.csproj]
C:\Program Files\dotnet\sdk\10.0.201\Microsoft.Common.CurrentVersion.targets(2451,5): warning MSB3277:             C:\Users\ultra\.nuget\packages\microsoft.codecoverage\17.13.0\lib\netcoreapp3.1\Microsoft.VisualStudio.CodeCoverage.Shim.dll [C:\Users\ultra\warewolf\Dev\Dev2.TaskScheduler.Wrappers.Tests\Dev2.TaskScheduler.Wrappers.Tests.csproj]
C:\Program Files\dotnet\sdk\10.0.201\Microsoft.Common.CurrentVersion.targets(2451,5): warning MSB3277:         C:\Program Files\dotnet\packs\Microsoft.NETCore.App.Ref\8.0.25\ref\net8.0\System.Drawing.dll [C:\Users\ultra\warewolf\Dev\Dev2.TaskScheduler.Wrappers.Tests\Dev2.TaskScheduler.Wrappers.Tests.csproj]
C:\Program Files\dotnet\sdk\10.0.201\Microsoft.Common.CurrentVersion.targets(2451,5): warning MSB3277:           Project file item includes which caused reference "C:\Program Files\dotnet\packs\Microsoft.NETCore.App.Ref\8.0.25\ref\net8.0\System.Drawing.dll". [C:\Users\ultra\warewolf\Dev\Dev2.TaskScheduler.Wrappers.Tests\Dev2.TaskScheduler.Wrappers.Tests.csproj]
C:\Program Files\dotnet\sdk\10.0.201\Microsoft.Common.CurrentVersion.targets(2451,5): warning MSB3277:             C:\Program Files\dotnet\packs\Microsoft.NETCore.App.Ref\8.0.25\ref/net8.0/System.Drawing.dll [C:\Users\ultra\warewolf\Dev\Dev2.TaskScheduler.Wrappers.Tests\Dev2.TaskScheduler.Wrappers.Tests.csproj]
C:\Program Files\dotnet\sdk\10.0.201\Microsoft.Common.CurrentVersion.targets(2451,5): warning MSB3277:             C:\Users\ultra\.nuget\packages\aerowizard\2.3.1\lib\net45\AeroWizard.dll [C:\Users\ultra\warewolf\Dev\Dev2.TaskScheduler.Wrappers.Tests\Dev2.TaskScheduler.Wrappers.Tests.csproj]
C:\Program Files\dotnet\sdk\10.0.201\Microsoft.Common.CurrentVersion.targets(2451,5): warning MSB3277:             C:\Users\ultra\.nuget\packages\groupcontrols\1.9.0\lib\net45\GroupControls.dll [C:\Users\ultra\warewolf\Dev\Dev2.TaskScheduler.Wrappers.Tests\Dev2.TaskScheduler.Wrappers.Tests.csproj]
C:\Program Files\dotnet\sdk\10.0.201\Microsoft.Common.CurrentVersion.targets(2451,5): warning MSB3277:             C:\Users\ultra\.nuget\packages\taskschedulereditor\2.10.1\lib\net452\Microsoft.Win32.TaskSchedulerEditor.dll [C:\Users\ultra\warewolf\Dev\Dev2.TaskScheduler.Wrappers.Tests\Dev2.TaskScheduler.Wrappers.Tests.csproj]
  Dev2.TaskScheduler.Wrappers.Tests -> C:\Users\ultra\warewolf\Dev\Dev2.TaskScheduler.Wrappers.Tests\bin\Debug\net8.0\linux-x64\Dev2.TaskScheduler.Wrappers.Tests.dll
  Dev2.TaskScheduler.Wrappers.Tests -> C:\Users\ultra\warewolf\Bin\ServerTests-Linux\Dev2.TaskScheduler.Wrappers.Tests\
Publishing Dev2.Utils.Tests for linux-x64...
  Determining projects to restore...
C:\Users\ultra\warewolf\Dev\Warewolf.Language.Parser\Warewolf.Language.Parser.fsproj : warning NU1504: Duplicate 'PackageReference' items found. Remove the duplicate items or use the Update functionality to ensure a consistent restore behavior. The duplicate 'PackageReference' items are: FSharp.Core 10.1.201, FSharp.Core 4.6.2.
C:\Users\ultra\warewolf\Dev\Warewolf.Security\Warewolf.Security.csproj : warning NU1904: Package 'System.Drawing.Common' 4.5.1 has a known critical severity vulnerability, https://github.com/advisories/GHSA-rxg9-xrhp-64gj [C:\Users\ultra\warewolf\Dev\Dev2.Utils.Tests\Dev2.Utils.Tests.csproj]
C:\Users\ultra\warewolf\Dev\Dev2.Runtime.Configuration\Dev2.Runtime.Configuration.csproj : warning NU1903: Package 'Microsoft.Windows.Compatibility' 6.0.0 has a known high severity vulnerability, https://github.com/advisories/GHSA-555c-2p6r-68mm [C:\Users\ultra\warewolf\Dev\Dev2.Utils.Tests\Dev2.Utils.Tests.csproj]
C:\Users\ultra\warewolf\Dev\Warewolf.Sharepoint\Warewolf.Sharepoint.csproj : warning NU1701: Package 'AeroWizard 2.3.1' was restored using '.NETFramework,Version=v4.6.1, .NETFramework,Version=v4.6.2, .NETFramework,Version=v4.7, .NETFramework,Version=v4.7.1, .NETFramework,Version=v4.7.2, .NETFramework,Version=v4.8, .NETFramework,Version=v4.8.1' instead of the project target framework 'net8.0'. This package may not be fully compatible with your project. [C:\Users\ultra\warewolf\Dev\Dev2.Utils.Tests\Dev2.Utils.Tests.csproj]
C:\Users\ultra\warewolf\Dev\Dev2.Core\Dev2.Core.csproj : warning NU1903: Package 'Microsoft.Windows.Compatibility' 6.0.0 has a known high severity vulnerability, https://github.com/advisories/GHSA-555c-2p6r-68mm [C:\Users\ultra\warewolf\Dev\Dev2.Utils.Tests\Dev2.Utils.Tests.csproj]
C:\Users\ultra\warewolf\Dev\Dev2.Infrastructure\Dev2.Infrastructure.csproj : warning NU1903: Package 'Microsoft.Windows.Compatibility' 6.0.0 has a known high severity vulnerability, https://github.com/advisories/GHSA-555c-2p6r-68mm [C:\Users\ultra\warewolf\Dev\Dev2.Utils.Tests\Dev2.Utils.Tests.csproj]
C:\Users\ultra\warewolf\Dev\Dev2.Data.Interfaces\Dev2.Data.Interfaces.csproj : warning NU1903: Package 'DotNetZip' 1.16.0 has a known high severity vulnerability, https://github.com/advisories/GHSA-xhg6-9j5j-w4vf [C:\Users\ultra\warewolf\Dev\Dev2.Utils.Tests\Dev2.Utils.Tests.csproj]
C:\Users\ultra\warewolf\Dev\Dev2.CustomControls\Dev2.CustomControls.csproj : warning NU1903: Package 'Microsoft.Windows.Compatibility' 6.0.0 has a known high severity vulnerability, https://github.com/advisories/GHSA-555c-2p6r-68mm [C:\Users\ultra\warewolf\Dev\Dev2.Utils.Tests\Dev2.Utils.Tests.csproj]
C:\Users\ultra\warewolf\Dev\Dev2.Common\Dev2.Common.csproj : warning NU1903: Package 'Microsoft.Windows.Compatibility' 6.0.0 has a known high severity vulnerability, https://github.com/advisories/GHSA-555c-2p6r-68mm [C:\Users\ultra\warewolf\Dev\Dev2.Utils.Tests\Dev2.Utils.Tests.csproj]
C:\Users\ultra\warewolf\Dev\Dev2.Infrastructure\Dev2.Infrastructure.csproj : warning NU1701: Package 'AeroWizard 2.3.1' was restored using '.NETFramework,Version=v4.6.1, .NETFramework,Version=v4.6.2, .NETFramework,Version=v4.7, .NETFramework,Version=v4.7.1, .NETFramework,Version=v4.7.2, .NETFramework,Version=v4.8, .NETFramework,Version=v4.8.1' instead of the project target framework 'net8.0'. This package may not be fully compatible with your project. [C:\Users\ultra\warewolf\Dev\Dev2.Utils.Tests\Dev2.Utils.Tests.csproj]
C:\Users\ultra\warewolf\Dev\Dev2.Runtime.Configuration\Dev2.Runtime.Configuration.csproj : warning NU1701: Package 'AeroWizard 2.3.1' was restored using '.NETFramework,Version=v4.6.1, .NETFramework,Version=v4.6.2, .NETFramework,Version=v4.7, .NETFramework,Version=v4.7.1, .NETFramework,Version=v4.7.2, .NETFramework,Version=v4.8, .NETFramework,Version=v4.8.1' instead of the project target framework 'net8.0'. This package may not be fully compatible with your project. [C:\Users\ultra\warewolf\Dev\Dev2.Utils.Tests\Dev2.Utils.Tests.csproj]
C:\Users\ultra\warewolf\Dev\Dev2.Data.Interfaces\Dev2.Data.Interfaces.csproj : warning NU1701: Package 'AeroWizard 2.3.1' was restored using '.NETFramework,Version=v4.6.1, .NETFramework,Version=v4.6.2, .NETFramework,Version=v4.7, .NETFramework,Version=v4.7.1, .NETFramework,Version=v4.7.2, .NETFramework,Version=v4.8, .NETFramework,Version=v4.8.1' instead of the project target framework 'net8.0'. This package may not be fully compatible with your project. [C:\Users\ultra\warewolf\Dev\Dev2.Utils.Tests\Dev2.Utils.Tests.csproj]
C:\Users\ultra\warewolf\Dev\Warewolf.Sharepoint\Warewolf.Sharepoint.csproj : warning NU1701: Package 'GroupControls 1.9.0' was restored using '.NETFramework,Version=v4.6.1, .NETFramework,Version=v4.6.2, .NETFramework,Version=v4.7, .NETFramework,Version=v4.7.1, .NETFramework,Version=v4.7.2, .NETFramework,Version=v4.8, .NETFramework,Version=v4.8.1' instead of the project target framework 'net8.0'. This package may not be fully compatible with your project. [C:\Users\ultra\warewolf\Dev\Dev2.Utils.Tests\Dev2.Utils.Tests.csproj]
C:\Users\ultra\warewolf\Dev\Dev2.CustomControls\Dev2.CustomControls.csproj : warning NU1701: Package 'AeroWizard 2.3.1' was restored using '.NETFramework,Version=v4.6.1, .NETFramework,Version=v4.6.2, .NETFramework,Version=v4.7, .NETFramework,Version=v4.7.1, .NETFramework,Version=v4.7.2, .NETFramework,Version=v4.8, .NETFramework,Version=v4.8.1' instead of the project target framework 'net8.0'. This package may not be fully compatible with your project. [C:\Users\ultra\warewolf\Dev\Dev2.Utils.Tests\Dev2.Utils.Tests.csproj]
C:\Users\ultra\warewolf\Dev\Dev2.Core\Dev2.Core.csproj : warning NU1701: Package 'AeroWizard 2.3.1' was restored using '.NETFramework,Version=v4.6.1, .NETFramework,Version=v4.6.2, .NETFramework,Version=v4.7, .NETFramework,Version=v4.7.1, .NETFramework,Version=v4.7.2, .NETFramework,Version=v4.8, .NETFramework,Version=v4.8.1' instead of the project target framework 'net8.0'. This package may not be fully compatible with your project. [C:\Users\ultra\warewolf\Dev\Dev2.Utils.Tests\Dev2.Utils.Tests.csproj]
C:\Users\ultra\warewolf\Dev\Warewolf.Sharepoint\Warewolf.Sharepoint.csproj : warning NU1701: Package 'ReactiveUI.WPF 18.4.1' was restored using '.NETFramework,Version=v4.6.1, .NETFramework,Version=v4.6.2, .NETFramework,Version=v4.7, .NETFramework,Version=v4.7.1, .NETFramework,Version=v4.7.2, .NETFramework,Version=v4.8, .NETFramework,Version=v4.8.1' instead of the project target framework 'net8.0'. This package may not be fully compatible with your project. [C:\Users\ultra\warewolf\Dev\Dev2.Utils.Tests\Dev2.Utils.Tests.csproj]
C:\Users\ultra\warewolf\Dev\Dev2.Infrastructure\Dev2.Infrastructure.csproj : warning NU1701: Package 'GroupControls 1.9.0' was restored using '.NETFramework,Version=v4.6.1, .NETFramework,Version=v4.6.2, .NETFramework,Version=v4.7, .NETFramework,Version=v4.7.1, .NETFramework,Version=v4.7.2, .NETFramework,Version=v4.8, .NETFramework,Version=v4.8.1' instead of the project target framework 'net8.0'. This package may not be fully compatible with your project. [C:\Users\ultra\warewolf\Dev\Dev2.Utils.Tests\Dev2.Utils.Tests.csproj]
C:\Users\ultra\warewolf\Dev\Dev2.Common\Dev2.Common.csproj : warning NU1701: Package 'AeroWizard 2.3.1' was restored using '.NETFramework,Version=v4.6.1, .NETFramework,Version=v4.6.2, .NETFramework,Version=v4.7, .NETFramework,Version=v4.7.1, .NETFramework,Version=v4.7.2, .NETFramework,Version=v4.8, .NETFramework,Version=v4.8.1' instead of the project target framework 'net8.0'. This package may not be fully compatible with your project. [C:\Users\ultra\warewolf\Dev\Dev2.Utils.Tests\Dev2.Utils.Tests.csproj]
C:\Users\ultra\warewolf\Dev\Dev2.Runtime.Configuration\Dev2.Runtime.Configuration.csproj : warning NU1701: Package 'GroupControls 1.9.0' was restored using '.NETFramework,Version=v4.6.1, .NETFramework,Version=v4.6.2, .NETFramework,Version=v4.7, .NETFramework,Version=v4.7.1, .NETFramework,Version=v4.7.2, .NETFramework,Version=v4.8, .NETFramework,Version=v4.8.1' instead of the project target framework 'net8.0'. This package may not be fully compatible with your project. [C:\Users\ultra\warewolf\Dev\Dev2.Utils.Tests\Dev2.Utils.Tests.csproj]
C:\Users\ultra\warewolf\Dev\Dev2.Data\Dev2.Data.csproj : warning NU1701: Package 'AeroWizard 2.3.1' was restored using '.NETFramework,Version=v4.6.1, .NETFramework,Version=v4.6.2, .NETFramework,Version=v4.7, .NETFramework,Version=v4.7.1, .NETFramework,Version=v4.7.2, .NETFramework,Version=v4.8, .NETFramework,Version=v4.8.1' instead of the project target framework 'net8.0'. This package may not be fully compatible with your project. [C:\Users\ultra\warewolf\Dev\Dev2.Utils.Tests\Dev2.Utils.Tests.csproj]
C:\Users\ultra\warewolf\Dev\Dev2.CustomControls\Dev2.CustomControls.csproj : warning NU1701: Package 'GroupControls 1.9.0' was restored using '.NETFramework,Version=v4.6.1, .NETFramework,Version=v4.6.2, .NETFramework,Version=v4.7, .NETFramework,Version=v4.7.1, .NETFramework,Version=v4.7.2, .NETFramework,Version=v4.8, .NETFramework,Version=v4.8.1' instead of the project target framework 'net8.0'. This package may not be fully compatible with your project. [C:\Users\ultra\warewolf\Dev\Dev2.Utils.Tests\Dev2.Utils.Tests.csproj]
C:\Users\ultra\warewolf\Dev\Warewolf.Sharepoint\Warewolf.Sharepoint.csproj : warning NU1701: Package 'TaskSchedulerEditor 2.10.1' was restored using '.NETFramework,Version=v4.6.1, .NETFramework,Version=v4.6.2, .NETFramework,Version=v4.7, .NETFramework,Version=v4.7.1, .NETFramework,Version=v4.7.2, .NETFramework,Version=v4.8, .NETFramework,Version=v4.8.1' instead of the project target framework 'net8.0'. This package may not be fully compatible with your project. [C:\Users\ultra\warewolf\Dev\Dev2.Utils.Tests\Dev2.Utils.Tests.csproj]
C:\Users\ultra\warewolf\Dev\Dev2.Core\Dev2.Core.csproj : warning NU1701: Package 'GroupControls 1.9.0' was restored using '.NETFramework,Version=v4.6.1, .NETFramework,Version=v4.6.2, .NETFramework,Version=v4.7, .NETFramework,Version=v4.7.1, .NETFramework,Version=v4.7.2, .NETFramework,Version=v4.8, .NETFramework,Version=v4.8.1' instead of the project target framework 'net8.0'. This package may not be fully compatible with your project. [C:\Users\ultra\warewolf\Dev\Dev2.Utils.Tests\Dev2.Utils.Tests.csproj]
C:\Users\ultra\warewolf\Dev\Dev2.Runtime.Configuration\Dev2.Runtime.Configuration.csproj : warning NU1701: Package 'TaskSchedulerEditor 2.10.1' was restored using '.NETFramework,Version=v4.6.1, .NETFramework,Version=v4.6.2, .NETFramework,Version=v4.7, .NETFramework,Version=v4.7.1, .NETFramework,Version=v4.7.2, .NETFramework,Version=v4.8, .NETFramework,Version=v4.8.1' instead of the project target framework 'net8.0'. This package may not be fully compatible with your project. [C:\Users\ultra\warewolf\Dev\Dev2.Utils.Tests\Dev2.Utils.Tests.csproj]
C:\Users\ultra\warewolf\Dev\Dev2.Infrastructure\Dev2.Infrastructure.csproj : warning NU1701: Package 'ReactiveUI.WPF 18.4.1' was restored using '.NETFramework,Version=v4.6.1, .NETFramework,Version=v4.6.2, .NETFramework,Version=v4.7, .NETFramework,Version=v4.7.1, .NETFramework,Version=v4.7.2, .NETFramework,Version=v4.8, .NETFramework,Version=v4.8.1' instead of the project target framework 'net8.0'. This package may not be fully compatible with your project. [C:\Users\ultra\warewolf\Dev\Dev2.Utils.Tests\Dev2.Utils.Tests.csproj]
C:\Users\ultra\warewolf\Dev\Dev2.Common\Dev2.Common.csproj : warning NU1701: Package 'GroupControls 1.9.0' was restored using '.NETFramework,Version=v4.6.1, .NETFramework,Version=v4.6.2, .NETFramework,Version=v4.7, .NETFramework,Version=v4.7.1, .NETFramework,Version=v4.7.2, .NETFramework,Version=v4.8, .NETFramework,Version=v4.8.1' instead of the project target framework 'net8.0'. This package may not be fully compatible with your project. [C:\Users\ultra\warewolf\Dev\Dev2.Utils.Tests\Dev2.Utils.Tests.csproj]
C:\Users\ultra\warewolf\Dev\Dev2.CustomControls\Dev2.CustomControls.csproj : warning NU1701: Package 'TaskSchedulerEditor 2.10.1' was restored using '.NETFramework,Version=v4.6.1, .NETFramework,Version=v4.6.2, .NETFramework,Version=v4.7, .NETFramework,Version=v4.7.1, .NETFramework,Version=v4.7.2, .NETFramework,Version=v4.8, .NETFramework,Version=v4.8.1' instead of the project target framework 'net8.0'. This package may not be fully compatible with your project. [C:\Users\ultra\warewolf\Dev\Dev2.Utils.Tests\Dev2.Utils.Tests.csproj]
C:\Users\ultra\warewolf\Dev\Dev2.Core\Dev2.Core.csproj : warning NU1701: Package 'ReactiveUI.WPF 18.4.1' was restored using '.NETFramework,Version=v4.6.1, .NETFramework,Version=v4.6.2, .NETFramework,Version=v4.7, .NETFramework,Version=v4.7.1, .NETFramework,Version=v4.7.2, .NETFramework,Version=v4.8, .NETFramework,Version=v4.8.1' instead of the project target framework 'net8.0'. This package may not be fully compatible with your project. [C:\Users\ultra\warewolf\Dev\Dev2.Utils.Tests\Dev2.Utils.Tests.csproj]
C:\Users\ultra\warewolf\Dev\Dev2.Data\Dev2.Data.csproj : warning NU1701: Package 'GroupControls 1.9.0' was restored using '.NETFramework,Version=v4.6.1, .NETFramework,Version=v4.6.2, .NETFramework,Version=v4.7, .NETFramework,Version=v4.7.1, .NETFramework,Version=v4.7.2, .NETFramework,Version=v4.8, .NETFramework,Version=v4.8.1' instead of the project target framework 'net8.0'. This package may not be fully compatible with your project. [C:\Users\ultra\warewolf\Dev\Dev2.Utils.Tests\Dev2.Utils.Tests.csproj]
C:\Users\ultra\warewolf\Dev\Dev2.Common\Dev2.Common.csproj : warning NU1701: Package 'TaskSchedulerEditor 2.10.1' was restored using '.NETFramework,Version=v4.6.1, .NETFramework,Version=v4.6.2, .NETFramework,Version=v4.7, .NETFramework,Version=v4.7.1, .NETFramework,Version=v4.7.2, .NETFramework,Version=v4.8, .NETFramework,Version=v4.8.1' instead of the project target framework 'net8.0'. This package may not be fully compatible with your project. [C:\Users\ultra\warewolf\Dev\Dev2.Utils.Tests\Dev2.Utils.Tests.csproj]
C:\Users\ultra\warewolf\Dev\Dev2.Infrastructure\Dev2.Infrastructure.csproj : warning NU1701: Package 'TaskSchedulerEditor 2.10.1' was restored using '.NETFramework,Version=v4.6.1, .NETFramework,Version=v4.6.2, .NETFramework,Version=v4.7, .NETFramework,Version=v4.7.1, .NETFramework,Version=v4.7.2, .NETFramework,Version=v4.8, .NETFramework,Version=v4.8.1' instead of the project target framework 'net8.0'. This package may not be fully compatible with your project. [C:\Users\ultra\warewolf\Dev\Dev2.Utils.Tests\Dev2.Utils.Tests.csproj]
C:\Users\ultra\warewolf\Dev\Dev2.Core\Dev2.Core.csproj : warning NU1701: Package 'TaskSchedulerEditor 2.10.1' was restored using '.NETFramework,Version=v4.6.1, .NETFramework,Version=v4.6.2, .NETFramework,Version=v4.7, .NETFramework,Version=v4.7.1, .NETFramework,Version=v4.7.2, .NETFramework,Version=v4.8, .NETFramework,Version=v4.8.1' instead of the project target framework 'net8.0'. This package may not be fully compatible with your project. [C:\Users\ultra\warewolf\Dev\Dev2.Utils.Tests\Dev2.Utils.Tests.csproj]
C:\Users\ultra\warewolf\Dev\Dev2.Data\Dev2.Data.csproj : warning NU1701: Package 'ReactiveUI.WPF 18.4.1' was restored using '.NETFramework,Version=v4.6.1, .NETFramework,Version=v4.6.2, .NETFramework,Version=v4.7, .NETFramework,Version=v4.7.1, .NETFramework,Version=v4.7.2, .NETFramework,Version=v4.8, .NETFramework,Version=v4.8.1' instead of the project target framework 'net8.0'. This package may not be fully compatible with your project. [C:\Users\ultra\warewolf\Dev\Dev2.Utils.Tests\Dev2.Utils.Tests.csproj]
C:\Users\ultra\warewolf\Dev\Dev2.Data\Dev2.Data.csproj : warning NU1701: Package 'TaskSchedulerEditor 2.10.1' was restored using '.NETFramework,Version=v4.6.1, .NETFramework,Version=v4.6.2, .NETFramework,Version=v4.7, .NETFramework,Version=v4.7.1, .NETFramework,Version=v4.7.2, .NETFramework,Version=v4.8, .NETFramework,Version=v4.8.1' instead of the project target framework 'net8.0'. This package may not be fully compatible with your project. [C:\Users\ultra\warewolf\Dev\Dev2.Utils.Tests\Dev2.Utils.Tests.csproj]
C:\Users\ultra\warewolf\Dev\Dev2.Diagnostics\Dev2.Diagnostics.csproj : warning NU1701: Package 'AeroWizard 2.3.1' was restored using '.NETFramework,Version=v4.6.1, .NETFramework,Version=v4.6.2, .NETFramework,Version=v4.7, .NETFramework,Version=v4.7.1, .NETFramework,Version=v4.7.2, .NETFramework,Version=v4.8, .NETFramework,Version=v4.8.1' instead of the project target framework 'net8.0'. This package may not be fully compatible with your project. [C:\Users\ultra\warewolf\Dev\Dev2.Utils.Tests\Dev2.Utils.Tests.csproj]
C:\Users\ultra\warewolf\Dev\Dev2.Diagnostics\Dev2.Diagnostics.csproj : warning NU1701: Package 'GroupControls 1.9.0' was restored using '.NETFramework,Version=v4.6.1, .NETFramework,Version=v4.6.2, .NETFramework,Version=v4.7, .NETFramework,Version=v4.7.1, .NETFramework,Version=v4.7.2, .NETFramework,Version=v4.8, .NETFramework,Version=v4.8.1' instead of the project target framework 'net8.0'. This package may not be fully compatible with your project. [C:\Users\ultra\warewolf\Dev\Dev2.Utils.Tests\Dev2.Utils.Tests.csproj]
C:\Users\ultra\warewolf\Dev\Dev2.Diagnostics\Dev2.Diagnostics.csproj : warning NU1701: Package 'TaskSchedulerEditor 2.10.1' was restored using '.NETFramework,Version=v4.6.1, .NETFramework,Version=v4.6.2, .NETFramework,Version=v4.7, .NETFramework,Version=v4.7.1, .NETFramework,Version=v4.7.2, .NETFramework,Version=v4.8, .NETFramework,Version=v4.8.1' instead of the project target framework 'net8.0'. This package may not be fully compatible with your project. [C:\Users\ultra\warewolf\Dev\Dev2.Utils.Tests\Dev2.Utils.Tests.csproj]
C:\Users\ultra\warewolf\Dev\Dev2.Util\Dev2.Util.csproj : warning NU1903: Package 'Microsoft.Windows.Compatibility' 6.0.0 has a known high severity vulnerability, https://github.com/advisories/GHSA-555c-2p6r-68mm [C:\Users\ultra\warewolf\Dev\Dev2.Utils.Tests\Dev2.Utils.Tests.csproj]
C:\Users\ultra\warewolf\Dev\Dev2.Util\Dev2.Util.csproj : warning NU1701: Package 'AeroWizard 2.3.1' was restored using '.NETFramework,Version=v4.6.1, .NETFramework,Version=v4.6.2, .NETFramework,Version=v4.7, .NETFramework,Version=v4.7.1, .NETFramework,Version=v4.7.2, .NETFramework,Version=v4.8, .NETFramework,Version=v4.8.1' instead of the project target framework 'net8.0'. This package may not be fully compatible with your project. [C:\Users\ultra\warewolf\Dev\Dev2.Utils.Tests\Dev2.Utils.Tests.csproj]
C:\Users\ultra\warewolf\Dev\Dev2.Util\Dev2.Util.csproj : warning NU1701: Package 'GroupControls 1.9.0' was restored using '.NETFramework,Version=v4.6.1, .NETFramework,Version=v4.6.2, .NETFramework,Version=v4.7, .NETFramework,Version=v4.7.1, .NETFramework,Version=v4.7.2, .NETFramework,Version=v4.8, .NETFramework,Version=v4.8.1' instead of the project target framework 'net8.0'. This package may not be fully compatible with your project. [C:\Users\ultra\warewolf\Dev\Dev2.Utils.Tests\Dev2.Utils.Tests.csproj]
C:\Users\ultra\warewolf\Dev\Dev2.Common.Interfaces\Dev2.Common.Interfaces.csproj : warning NU1903: Package 'Microsoft.Windows.Compatibility' 6.0.0 has a known high severity vulnerability, https://github.com/advisories/GHSA-555c-2p6r-68mm [C:\Users\ultra\warewolf\Dev\Dev2.Utils.Tests\Dev2.Utils.Tests.csproj]
C:\Users\ultra\warewolf\Dev\Dev2.Util\Dev2.Util.csproj : warning NU1701: Package 'TaskSchedulerEditor 2.10.1' was restored using '.NETFramework,Version=v4.6.1, .NETFramework,Version=v4.6.2, .NETFramework,Version=v4.7, .NETFramework,Version=v4.7.1, .NETFramework,Version=v4.7.2, .NETFramework,Version=v4.8, .NETFramework,Version=v4.8.1' instead of the project target framework 'net8.0'. This package may not be fully compatible with your project. [C:\Users\ultra\warewolf\Dev\Dev2.Utils.Tests\Dev2.Utils.Tests.csproj]
C:\Users\ultra\warewolf\Dev\Dev2.Data.Interfaces\Dev2.Data.Interfaces.csproj : warning NU1701: Package 'GroupControls 1.9.0' was restored using '.NETFramework,Version=v4.6.1, .NETFramework,Version=v4.6.2, .NETFramework,Version=v4.7, .NETFramework,Version=v4.7.1, .NETFramework,Version=v4.7.2, .NETFramework,Version=v4.8, .NETFramework,Version=v4.8.1' instead of the project target framework 'net8.0'. This package may not be fully compatible with your project. [C:\Users\ultra\warewolf\Dev\Dev2.Utils.Tests\Dev2.Utils.Tests.csproj]
C:\Users\ultra\warewolf\Dev\Dev2.Common.Interfaces\Dev2.Common.Interfaces.csproj : warning NU1701: Package 'AeroWizard 2.3.1' was restored using '.NETFramework,Version=v4.6.1, .NETFramework,Version=v4.6.2, .NETFramework,Version=v4.7, .NETFramework,Version=v4.7.1, .NETFramework,Version=v4.7.2, .NETFramework,Version=v4.8, .NETFramework,Version=v4.8.1' instead of the project target framework 'net8.0'. This package may not be fully compatible with your project. [C:\Users\ultra\warewolf\Dev\Dev2.Utils.Tests\Dev2.Utils.Tests.csproj]
C:\Users\ultra\warewolf\Dev\Dev2.Common.Interfaces\Dev2.Common.Interfaces.csproj : warning NU1701: Package 'GroupControls 1.9.0' was restored using '.NETFramework,Version=v4.6.1, .NETFramework,Version=v4.6.2, .NETFramework,Version=v4.7, .NETFramework,Version=v4.7.1, .NETFramework,Version=v4.7.2, .NETFramework,Version=v4.8, .NETFramework,Version=v4.8.1' instead of the project target framework 'net8.0'. This package may not be fully compatible with your project. [C:\Users\ultra\warewolf\Dev\Dev2.Utils.Tests\Dev2.Utils.Tests.csproj]
C:\Users\ultra\warewolf\Dev\Dev2.Data.Interfaces\Dev2.Data.Interfaces.csproj : warning NU1701: Package 'TaskSchedulerEditor 2.10.1' was restored using '.NETFramework,Version=v4.6.1, .NETFramework,Version=v4.6.2, .NETFramework,Version=v4.7, .NETFramework,Version=v4.7.1, .NETFramework,Version=v4.7.2, .NETFramework,Version=v4.8, .NETFramework,Version=v4.8.1' instead of the project target framework 'net8.0'. This package may not be fully compatible with your project. [C:\Users\ultra\warewolf\Dev\Dev2.Utils.Tests\Dev2.Utils.Tests.csproj]
C:\Users\ultra\warewolf\Dev\Dev2.Common.Interfaces\Dev2.Common.Interfaces.csproj : warning NU1701: Package 'TaskSchedulerEditor 2.10.1' was restored using '.NETFramework,Version=v4.6.1, .NETFramework,Version=v4.6.2, .NETFramework,Version=v4.7, .NETFramework,Version=v4.7.1, .NETFramework,Version=v4.7.2, .NETFramework,Version=v4.8, .NETFramework,Version=v4.8.1' instead of the project target framework 'net8.0'. This package may not be fully compatible with your project. [C:\Users\ultra\warewolf\Dev\Dev2.Utils.Tests\Dev2.Utils.Tests.csproj]
C:\Users\ultra\warewolf\Dev\Warewolf.Data\Warewolf.Data.csproj : warning NU1701: Package 'AeroWizard 2.3.1' was restored using '.NETFramework,Version=v4.6.1, .NETFramework,Version=v4.6.2, .NETFramework,Version=v4.7, .NETFramework,Version=v4.7.1, .NETFramework,Version=v4.7.2, .NETFramework,Version=v4.8, .NETFramework,Version=v4.8.1' instead of the project target framework 'net8.0'. This package may not be fully compatible with your project. [C:\Users\ultra\warewolf\Dev\Dev2.Utils.Tests\Dev2.Utils.Tests.csproj]
C:\Users\ultra\warewolf\Dev\Warewolf.Data\Warewolf.Data.csproj : warning NU1701: Package 'GroupControls 1.9.0' was restored using '.NETFramework,Version=v4.6.1, .NETFramework,Version=v4.6.2, .NETFramework,Version=v4.7, .NETFramework,Version=v4.7.1, .NETFramework,Version=v4.7.2, .NETFramework,Version=v4.8, .NETFramework,Version=v4.8.1' instead of the project target framework 'net8.0'. This package may not be fully compatible with your project. [C:\Users\ultra\warewolf\Dev\Dev2.Utils.Tests\Dev2.Utils.Tests.csproj]
C:\Users\ultra\warewolf\Dev\Warewolf.Data\Warewolf.Data.csproj : warning NU1701: Package 'TaskSchedulerEditor 2.10.1' was restored using '.NETFramework,Version=v4.6.1, .NETFramework,Version=v4.6.2, .NETFramework,Version=v4.7, .NETFramework,Version=v4.7.1, .NETFramework,Version=v4.7.2, .NETFramework,Version=v4.8, .NETFramework,Version=v4.8.1' instead of the project target framework 'net8.0'. This package may not be fully compatible with your project. [C:\Users\ultra\warewolf\Dev\Dev2.Utils.Tests\Dev2.Utils.Tests.csproj]
C:\Users\ultra\warewolf\Dev\Warewolf.Common\Warewolf.Common.csproj : warning NU1701: Package 'AeroWizard 2.3.1' was restored using '.NETFramework,Version=v4.6.1, .NETFramework,Version=v4.6.2, .NETFramework,Version=v4.7, .NETFramework,Version=v4.7.1, .NETFramework,Version=v4.7.2, .NETFramework,Version=v4.8, .NETFramework,Version=v4.8.1' instead of the project target framework 'net8.0'. This package may not be fully compatible with your project. [C:\Users\ultra\warewolf\Dev\Dev2.Utils.Tests\Dev2.Utils.Tests.csproj]
C:\Users\ultra\warewolf\Dev\Warewolf.Common\Warewolf.Common.csproj : warning NU1701: Package 'GroupControls 1.9.0' was restored using '.NETFramework,Version=v4.6.1, .NETFramework,Version=v4.6.2, .NETFramework,Version=v4.7, .NETFramework,Version=v4.7.1, .NETFramework,Version=v4.7.2, .NETFramework,Version=v4.8, .NETFramework,Version=v4.8.1' instead of the project target framework 'net8.0'. This package may not be fully compatible with your project. [C:\Users\ultra\warewolf\Dev\Dev2.Utils.Tests\Dev2.Utils.Tests.csproj]
C:\Users\ultra\warewolf\Dev\Warewolf.Common\Warewolf.Common.csproj : warning NU1701: Package 'TaskSchedulerEditor 2.10.1' was restored using '.NETFramework,Version=v4.6.1, .NETFramework,Version=v4.6.2, .NETFramework,Version=v4.7, .NETFramework,Version=v4.7.1, .NETFramework,Version=v4.7.2, .NETFramework,Version=v4.8, .NETFramework,Version=v4.8.1' instead of the project target framework 'net8.0'. This package may not be fully compatible with your project. [C:\Users\ultra\warewolf\Dev\Dev2.Utils.Tests\Dev2.Utils.Tests.csproj]
C:\Users\ultra\warewolf\Dev\Warewolf.Storage.Interfaces\Warewolf.Storage.Interfaces.csproj : warning NU1701: Package 'AeroWizard 2.3.1' was restored using '.NETFramework,Version=v4.6.1, .NETFramework,Version=v4.6.2, .NETFramework,Version=v4.7, .NETFramework,Version=v4.7.1, .NETFramework,Version=v4.7.2, .NETFramework,Version=v4.8, .NETFramework,Version=v4.8.1' instead of the project target framework 'net8.0'. This package may not be fully compatible with your project. [C:\Users\ultra\warewolf\Dev\Dev2.Utils.Tests\Dev2.Utils.Tests.csproj]
C:\Users\ultra\warewolf\Dev\Warewolf.Storage.Interfaces\Warewolf.Storage.Interfaces.csproj : warning NU1701: Package 'GroupControls 1.9.0' was restored using '.NETFramework,Version=v4.6.1, .NETFramework,Version=v4.6.2, .NETFramework,Version=v4.7, .NETFramework,Version=v4.7.1, .NETFramework,Version=v4.7.2, .NETFramework,Version=v4.8, .NETFramework,Version=v4.8.1' instead of the project target framework 'net8.0'. This package may not be fully compatible with your project. [C:\Users\ultra\warewolf\Dev\Dev2.Utils.Tests\Dev2.Utils.Tests.csproj]
C:\Users\ultra\warewolf\Dev\Warewolf.Storage.Interfaces\Warewolf.Storage.Interfaces.csproj : warning NU1701: Package 'TaskSchedulerEditor 2.10.1' was restored using '.NETFramework,Version=v4.6.1, .NETFramework,Version=v4.6.2, .NETFramework,Version=v4.7, .NETFramework,Version=v4.7.1, .NETFramework,Version=v4.7.2, .NETFramework,Version=v4.8, .NETFramework,Version=v4.8.1' instead of the project target framework 'net8.0'. This package may not be fully compatible with your project. [C:\Users\ultra\warewolf\Dev\Dev2.Utils.Tests\Dev2.Utils.Tests.csproj]
C:\Users\ultra\warewolf\Dev\Warewolf.Storage\Warewolf.Storage.csproj : warning NU1701: Package 'AeroWizard 2.3.1' was restored using '.NETFramework,Version=v4.6.1, .NETFramework,Version=v4.6.2, .NETFramework,Version=v4.7, .NETFramework,Version=v4.7.1, .NETFramework,Version=v4.7.2, .NETFramework,Version=v4.8, .NETFramework,Version=v4.8.1' instead of the project target framework 'net8.0'. This package may not be fully compatible with your project. [C:\Users\ultra\warewolf\Dev\Dev2.Utils.Tests\Dev2.Utils.Tests.csproj]
C:\Users\ultra\warewolf\Dev\Warewolf.Storage\Warewolf.Storage.csproj : warning NU1701: Package 'GroupControls 1.9.0' was restored using '.NETFramework,Version=v4.6.1, .NETFramework,Version=v4.6.2, .NETFramework,Version=v4.7, .NETFramework,Version=v4.7.1, .NETFramework,Version=v4.7.2, .NETFramework,Version=v4.8, .NETFramework,Version=v4.8.1' instead of the project target framework 'net8.0'. This package may not be fully compatible with your project. [C:\Users\ultra\warewolf\Dev\Dev2.Utils.Tests\Dev2.Utils.Tests.csproj]
C:\Users\ultra\warewolf\Dev\Warewolf.Storage\Warewolf.Storage.csproj : warning NU1701: Package 'ReactiveUI.WPF 18.4.1' was restored using '.NETFramework,Version=v4.6.1, .NETFramework,Version=v4.6.2, .NETFramework,Version=v4.7, .NETFramework,Version=v4.7.1, .NETFramework,Version=v4.7.2, .NETFramework,Version=v4.8, .NETFramework,Version=v4.8.1' instead of the project target framework 'net8.0'. This package may not be fully compatible with your project. [C:\Users\ultra\warewolf\Dev\Dev2.Utils.Tests\Dev2.Utils.Tests.csproj]
C:\Users\ultra\warewolf\Dev\Warewolf.Storage\Warewolf.Storage.csproj : warning NU1701: Package 'TaskSchedulerEditor 2.10.1' was restored using '.NETFramework,Version=v4.6.1, .NETFramework,Version=v4.6.2, .NETFramework,Version=v4.7, .NETFramework,Version=v4.7.1, .NETFramework,Version=v4.7.2, .NETFramework,Version=v4.8, .NETFramework,Version=v4.8.1' instead of the project target framework 'net8.0'. This package may not be fully compatible with your project. [C:\Users\ultra\warewolf\Dev\Dev2.Utils.Tests\Dev2.Utils.Tests.csproj]
C:\Users\ultra\warewolf\Dev\Dev2.Utils.Tests\Dev2.Utils.Tests.csproj : warning NU1701: Package 'AeroWizard 2.3.1' was restored using '.NETFramework,Version=v4.6.1, .NETFramework,Version=v4.6.2, .NETFramework,Version=v4.7, .NETFramework,Version=v4.7.1, .NETFramework,Version=v4.7.2, .NETFramework,Version=v4.8, .NETFramework,Version=v4.8.1' instead of the project target framework 'net8.0'. This package may not be fully compatible with your project.
C:\Users\ultra\warewolf\Dev\Dev2.Utils.Tests\Dev2.Utils.Tests.csproj : warning NU1701: Package 'GroupControls 1.9.0' was restored using '.NETFramework,Version=v4.6.1, .NETFramework,Version=v4.6.2, .NETFramework,Version=v4.7, .NETFramework,Version=v4.7.1, .NETFramework,Version=v4.7.2, .NETFramework,Version=v4.8, .NETFramework,Version=v4.8.1' instead of the project target framework 'net8.0'. This package may not be fully compatible with your project.
C:\Users\ultra\warewolf\Dev\Dev2.Utils.Tests\Dev2.Utils.Tests.csproj : warning NU1701: Package 'ReactiveUI.WPF 18.4.1' was restored using '.NETFramework,Version=v4.6.1, .NETFramework,Version=v4.6.2, .NETFramework,Version=v4.7, .NETFramework,Version=v4.7.1, .NETFramework,Version=v4.7.2, .NETFramework,Version=v4.8, .NETFramework,Version=v4.8.1' instead of the project target framework 'net8.0'. This package may not be fully compatible with your project.
C:\Users\ultra\warewolf\Dev\Dev2.Utils.Tests\Dev2.Utils.Tests.csproj : warning NU1701: Package 'TaskSchedulerEditor 2.10.1' was restored using '.NETFramework,Version=v4.6.1, .NETFramework,Version=v4.6.2, .NETFramework,Version=v4.7, .NETFramework,Version=v4.7.1, .NETFramework,Version=v4.7.2, .NETFramework,Version=v4.8, .NETFramework,Version=v4.8.1' instead of the project target framework 'net8.0'. This package may not be fully compatible with your project.
  Restored C:\Users\ultra\warewolf\Dev\Dev2.Utils.Tests\Dev2.Utils.Tests.csproj (in 456 ms).
  27 of 28 projects are up-to-date for restore.
C:\Users\ultra\warewolf\Dev\Dev2.Utils.Tests\Dev2.Utils.Tests.csproj : warning NU1701: Package 'AeroWizard 2.3.1' was restored using '.NETFramework,Version=v4.6.1, .NETFramework,Version=v4.6.2, .NETFramework,Version=v4.7, .NETFramework,Version=v4.7.1, .NETFramework,Version=v4.7.2, .NETFramework,Version=v4.8, .NETFramework,Version=v4.8.1' instead of the project target framework 'net8.0'. This package may not be fully compatible with your project.
C:\Users\ultra\warewolf\Dev\Dev2.Utils.Tests\Dev2.Utils.Tests.csproj : warning NU1701: Package 'GroupControls 1.9.0' was restored using '.NETFramework,Version=v4.6.1, .NETFramework,Version=v4.6.2, .NETFramework,Version=v4.7, .NETFramework,Version=v4.7.1, .NETFramework,Version=v4.7.2, .NETFramework,Version=v4.8, .NETFramework,Version=v4.8.1' instead of the project target framework 'net8.0'. This package may not be fully compatible with your project.
C:\Users\ultra\warewolf\Dev\Dev2.Utils.Tests\Dev2.Utils.Tests.csproj : warning NU1701: Package 'ReactiveUI.WPF 18.4.1' was restored using '.NETFramework,Version=v4.6.1, .NETFramework,Version=v4.6.2, .NETFramework,Version=v4.7, .NETFramework,Version=v4.7.1, .NETFramework,Version=v4.7.2, .NETFramework,Version=v4.8, .NETFramework,Version=v4.8.1' instead of the project target framework 'net8.0'. This package may not be fully compatible with your project.
C:\Users\ultra\warewolf\Dev\Dev2.Utils.Tests\Dev2.Utils.Tests.csproj : warning NU1701: Package 'TaskSchedulerEditor 2.10.1' was restored using '.NETFramework,Version=v4.6.1, .NETFramework,Version=v4.6.2, .NETFramework,Version=v4.7, .NETFramework,Version=v4.7.1, .NETFramework,Version=v4.7.2, .NETFramework,Version=v4.8, .NETFramework,Version=v4.8.1' instead of the project target framework 'net8.0'. This package may not be fully compatible with your project.
C:\Program Files\dotnet\sdk\10.0.201\Sdks\Microsoft.NET.Sdk\targets\Microsoft.NET.Sdk.DefaultItems.targets(162,5): warning NETSDK1137: It is no longer necessary to use the Microsoft.NET.Sdk.WindowsDesktop SDK. Consider changing the Sdk attribute of the root Project element to 'Microsoft.NET.Sdk'. [C:\Users\ultra\warewolf\Dev\Dev2.CustomControls\Dev2.CustomControls.csproj]
C:\Program Files\dotnet\sdk\10.0.201\Sdks\Microsoft.NET.Sdk.WindowsDesktop\targets\Microsoft.NET.Sdk.WindowsDesktop.targets(138,5): warning NETSDK1106: Microsoft.NET.Sdk.WindowsDesktop requires 'UseWpf' or 'UseWindowsForms' to be set to 'true' [C:\Users\ultra\warewolf\Dev\Dev2.CustomControls\Dev2.CustomControls.csproj]
C:\Users\ultra\warewolf\Dev\Dev2.Runtime.Configuration\Dev2.Runtime.Configuration.csproj : warning NU1903: Package 'Microsoft.Windows.Compatibility' 6.0.0 has a known high severity vulnerability, https://github.com/advisories/GHSA-555c-2p6r-68mm
C:\Users\ultra\warewolf\Dev\Dev2.Runtime.Configuration\Dev2.Runtime.Configuration.csproj : warning NU1701: Package 'AeroWizard 2.3.1' was restored using '.NETFramework,Version=v4.6.1, .NETFramework,Version=v4.6.2, .NETFramework,Version=v4.7, .NETFramework,Version=v4.7.1, .NETFramework,Version=v4.7.2, .NETFramework,Version=v4.8, .NETFramework,Version=v4.8.1' instead of the project target framework 'net8.0'. This package may not be fully compatible with your project.
C:\Users\ultra\warewolf\Dev\Dev2.Runtime.Configuration\Dev2.Runtime.Configuration.csproj : warning NU1701: Package 'GroupControls 1.9.0' was restored using '.NETFramework,Version=v4.6.1, .NETFramework,Version=v4.6.2, .NETFramework,Version=v4.7, .NETFramework,Version=v4.7.1, .NETFramework,Version=v4.7.2, .NETFramework,Version=v4.8, .NETFramework,Version=v4.8.1' instead of the project target framework 'net8.0'. This package may not be fully compatible with your project.
C:\Users\ultra\warewolf\Dev\Dev2.Runtime.Configuration\Dev2.Runtime.Configuration.csproj : warning NU1701: Package 'TaskSchedulerEditor 2.10.1' was restored using '.NETFramework,Version=v4.6.1, .NETFramework,Version=v4.6.2, .NETFramework,Version=v4.7, .NETFramework,Version=v4.7.1, .NETFramework,Version=v4.7.2, .NETFramework,Version=v4.8, .NETFramework,Version=v4.8.1' instead of the project target framework 'net8.0'. This package may not be fully compatible with your project.
C:\Users\ultra\warewolf\Dev\Dev2.CustomControls\Dev2.CustomControls.csproj : warning NU1903: Package 'Microsoft.Windows.Compatibility' 6.0.0 has a known high severity vulnerability, https://github.com/advisories/GHSA-555c-2p6r-68mm
C:\Users\ultra\warewolf\Dev\Dev2.CustomControls\Dev2.CustomControls.csproj : warning NU1701: Package 'AeroWizard 2.3.1' was restored using '.NETFramework,Version=v4.6.1, .NETFramework,Version=v4.6.2, .NETFramework,Version=v4.7, .NETFramework,Version=v4.7.1, .NETFramework,Version=v4.7.2, .NETFramework,Version=v4.8, .NETFramework,Version=v4.8.1' instead of the project target framework 'net8.0'. This package may not be fully compatible with your project.
C:\Users\ultra\warewolf\Dev\Dev2.CustomControls\Dev2.CustomControls.csproj : warning NU1701: Package 'GroupControls 1.9.0' was restored using '.NETFramework,Version=v4.6.1, .NETFramework,Version=v4.6.2, .NETFramework,Version=v4.7, .NETFramework,Version=v4.7.1, .NETFramework,Version=v4.7.2, .NETFramework,Version=v4.8, .NETFramework,Version=v4.8.1' instead of the project target framework 'net8.0'. This package may not be fully compatible with your project.
C:\Users\ultra\warewolf\Dev\Dev2.CustomControls\Dev2.CustomControls.csproj : warning NU1701: Package 'TaskSchedulerEditor 2.10.1' was restored using '.NETFramework,Version=v4.6.1, .NETFramework,Version=v4.6.2, .NETFramework,Version=v4.7, .NETFramework,Version=v4.7.1, .NETFramework,Version=v4.7.2, .NETFramework,Version=v4.8, .NETFramework,Version=v4.8.1' instead of the project target framework 'net8.0'. This package may not be fully compatible with your project.
C:\Users\ultra\warewolf\Dev\Dev2.Core\Dev2.Core.csproj : warning NU1903: Package 'Microsoft.Windows.Compatibility' 6.0.0 has a known high severity vulnerability, https://github.com/advisories/GHSA-555c-2p6r-68mm
C:\Users\ultra\warewolf\Dev\Dev2.Core\Dev2.Core.csproj : warning NU1701: Package 'AeroWizard 2.3.1' was restored using '.NETFramework,Version=v4.6.1, .NETFramework,Version=v4.6.2, .NETFramework,Version=v4.7, .NETFramework,Version=v4.7.1, .NETFramework,Version=v4.7.2, .NETFramework,Version=v4.8, .NETFramework,Version=v4.8.1' instead of the project target framework 'net8.0'. This package may not be fully compatible with your project.
C:\Users\ultra\warewolf\Dev\Dev2.Core\Dev2.Core.csproj : warning NU1701: Package 'GroupControls 1.9.0' was restored using '.NETFramework,Version=v4.6.1, .NETFramework,Version=v4.6.2, .NETFramework,Version=v4.7, .NETFramework,Version=v4.7.1, .NETFramework,Version=v4.7.2, .NETFramework,Version=v4.8, .NETFramework,Version=v4.8.1' instead of the project target framework 'net8.0'. This package may not be fully compatible with your project.
C:\Users\ultra\warewolf\Dev\Dev2.Core\Dev2.Core.csproj : warning NU1701: Package 'ReactiveUI.WPF 18.4.1' was restored using '.NETFramework,Version=v4.6.1, .NETFramework,Version=v4.6.2, .NETFramework,Version=v4.7, .NETFramework,Version=v4.7.1, .NETFramework,Version=v4.7.2, .NETFramework,Version=v4.8, .NETFramework,Version=v4.8.1' instead of the project target framework 'net8.0'. This package may not be fully compatible with your project.
C:\Users\ultra\warewolf\Dev\Dev2.Core\Dev2.Core.csproj : warning NU1701: Package 'TaskSchedulerEditor 2.10.1' was restored using '.NETFramework,Version=v4.6.1, .NETFramework,Version=v4.6.2, .NETFramework,Version=v4.7, .NETFramework,Version=v4.7.1, .NETFramework,Version=v4.7.2, .NETFramework,Version=v4.8, .NETFramework,Version=v4.8.1' instead of the project target framework 'net8.0'. This package may not be fully compatible with your project.
C:\Users\ultra\warewolf\Dev\Dev2.Data\Dev2.Data.csproj : warning NU1701: Package 'AeroWizard 2.3.1' was restored using '.NETFramework,Version=v4.6.1, .NETFramework,Version=v4.6.2, .NETFramework,Version=v4.7, .NETFramework,Version=v4.7.1, .NETFramework,Version=v4.7.2, .NETFramework,Version=v4.8, .NETFramework,Version=v4.8.1' instead of the project target framework 'net8.0'. This package may not be fully compatible with your project.
C:\Users\ultra\warewolf\Dev\Dev2.Data\Dev2.Data.csproj : warning NU1701: Package 'GroupControls 1.9.0' was restored using '.NETFramework,Version=v4.6.1, .NETFramework,Version=v4.6.2, .NETFramework,Version=v4.7, .NETFramework,Version=v4.7.1, .NETFramework,Version=v4.7.2, .NETFramework,Version=v4.8, .NETFramework,Version=v4.8.1' instead of the project target framework 'net8.0'. This package may not be fully compatible with your project.
C:\Users\ultra\warewolf\Dev\Dev2.Data\Dev2.Data.csproj : warning NU1701: Package 'ReactiveUI.WPF 18.4.1' was restored using '.NETFramework,Version=v4.6.1, .NETFramework,Version=v4.6.2, .NETFramework,Version=v4.7, .NETFramework,Version=v4.7.1, .NETFramework,Version=v4.7.2, .NETFramework,Version=v4.8, .NETFramework,Version=v4.8.1' instead of the project target framework 'net8.0'. This package may not be fully compatible with your project.
C:\Users\ultra\warewolf\Dev\Dev2.Data\Dev2.Data.csproj : warning NU1701: Package 'TaskSchedulerEditor 2.10.1' was restored using '.NETFramework,Version=v4.6.1, .NETFramework,Version=v4.6.2, .NETFramework,Version=v4.7, .NETFramework,Version=v4.7.1, .NETFramework,Version=v4.7.2, .NETFramework,Version=v4.8, .NETFramework,Version=v4.8.1' instead of the project target framework 'net8.0'. This package may not be fully compatible with your project.
C:\Users\ultra\warewolf\Dev\Dev2.Common.Interfaces\Dev2.Common.Interfaces.csproj : warning NU1903: Package 'Microsoft.Windows.Compatibility' 6.0.0 has a known high severity vulnerability, https://github.com/advisories/GHSA-555c-2p6r-68mm
C:\Users\ultra\warewolf\Dev\Dev2.Common.Interfaces\Dev2.Common.Interfaces.csproj : warning NU1701: Package 'AeroWizard 2.3.1' was restored using '.NETFramework,Version=v4.6.1, .NETFramework,Version=v4.6.2, .NETFramework,Version=v4.7, .NETFramework,Version=v4.7.1, .NETFramework,Version=v4.7.2, .NETFramework,Version=v4.8, .NETFramework,Version=v4.8.1' instead of the project target framework 'net8.0'. This package may not be fully compatible with your project.
C:\Users\ultra\warewolf\Dev\Dev2.Common.Interfaces\Dev2.Common.Interfaces.csproj : warning NU1701: Package 'GroupControls 1.9.0' was restored using '.NETFramework,Version=v4.6.1, .NETFramework,Version=v4.6.2, .NETFramework,Version=v4.7, .NETFramework,Version=v4.7.1, .NETFramework,Version=v4.7.2, .NETFramework,Version=v4.8, .NETFramework,Version=v4.8.1' instead of the project target framework 'net8.0'. This package may not be fully compatible with your project.
C:\Users\ultra\warewolf\Dev\Dev2.Common.Interfaces\Dev2.Common.Interfaces.csproj : warning NU1701: Package 'TaskSchedulerEditor 2.10.1' was restored using '.NETFramework,Version=v4.6.1, .NETFramework,Version=v4.6.2, .NETFramework,Version=v4.7, .NETFramework,Version=v4.7.1, .NETFramework,Version=v4.7.2, .NETFramework,Version=v4.8, .NETFramework,Version=v4.8.1' instead of the project target framework 'net8.0'. This package may not be fully compatible with your project.
C:\Users\ultra\warewolf\Dev\Dev2.Diagnostics\Dev2.Diagnostics.csproj : warning NU1701: Package 'AeroWizard 2.3.1' was restored using '.NETFramework,Version=v4.6.1, .NETFramework,Version=v4.6.2, .NETFramework,Version=v4.7, .NETFramework,Version=v4.7.1, .NETFramework,Version=v4.7.2, .NETFramework,Version=v4.8, .NETFramework,Version=v4.8.1' instead of the project target framework 'net8.0'. This package may not be fully compatible with your project.
C:\Users\ultra\warewolf\Dev\Dev2.Data.Interfaces\Dev2.Data.Interfaces.csproj : warning NU1903: Package 'DotNetZip' 1.16.0 has a known high severity vulnerability, https://github.com/advisories/GHSA-xhg6-9j5j-w4vf
C:\Users\ultra\warewolf\Dev\Dev2.Diagnostics\Dev2.Diagnostics.csproj : warning NU1701: Package 'GroupControls 1.9.0' was restored using '.NETFramework,Version=v4.6.1, .NETFramework,Version=v4.6.2, .NETFramework,Version=v4.7, .NETFramework,Version=v4.7.1, .NETFramework,Version=v4.7.2, .NETFramework,Version=v4.8, .NETFramework,Version=v4.8.1' instead of the project target framework 'net8.0'. This package may not be fully compatible with your project.
C:\Users\ultra\warewolf\Dev\Dev2.Data.Interfaces\Dev2.Data.Interfaces.csproj : warning NU1701: Package 'AeroWizard 2.3.1' was restored using '.NETFramework,Version=v4.6.1, .NETFramework,Version=v4.6.2, .NETFramework,Version=v4.7, .NETFramework,Version=v4.7.1, .NETFramework,Version=v4.7.2, .NETFramework,Version=v4.8, .NETFramework,Version=v4.8.1' instead of the project target framework 'net8.0'. This package may not be fully compatible with your project.
C:\Users\ultra\warewolf\Dev\Dev2.Diagnostics\Dev2.Diagnostics.csproj : warning NU1701: Package 'TaskSchedulerEditor 2.10.1' was restored using '.NETFramework,Version=v4.6.1, .NETFramework,Version=v4.6.2, .NETFramework,Version=v4.7, .NETFramework,Version=v4.7.1, .NETFramework,Version=v4.7.2, .NETFramework,Version=v4.8, .NETFramework,Version=v4.8.1' instead of the project target framework 'net8.0'. This package may not be fully compatible with your project.
C:\Users\ultra\warewolf\Dev\Dev2.Data.Interfaces\Dev2.Data.Interfaces.csproj : warning NU1701: Package 'GroupControls 1.9.0' was restored using '.NETFramework,Version=v4.6.1, .NETFramework,Version=v4.6.2, .NETFramework,Version=v4.7, .NETFramework,Version=v4.7.1, .NETFramework,Version=v4.7.2, .NETFramework,Version=v4.8, .NETFramework,Version=v4.8.1' instead of the project target framework 'net8.0'. This package may not be fully compatible with your project.
C:\Users\ultra\warewolf\Dev\Dev2.Data.Interfaces\Dev2.Data.Interfaces.csproj : warning NU1701: Package 'TaskSchedulerEditor 2.10.1' was restored using '.NETFramework,Version=v4.6.1, .NETFramework,Version=v4.6.2, .NETFramework,Version=v4.7, .NETFramework,Version=v4.7.1, .NETFramework,Version=v4.7.2, .NETFramework,Version=v4.8, .NETFramework,Version=v4.8.1' instead of the project target framework 'net8.0'. This package may not be fully compatible with your project.
C:\Users\ultra\warewolf\Dev\Dev2.Util\Dev2.Util.csproj : warning NU1903: Package 'Microsoft.Windows.Compatibility' 6.0.0 has a known high severity vulnerability, https://github.com/advisories/GHSA-555c-2p6r-68mm
C:\Users\ultra\warewolf\Dev\Dev2.Util\Dev2.Util.csproj : warning NU1701: Package 'AeroWizard 2.3.1' was restored using '.NETFramework,Version=v4.6.1, .NETFramework,Version=v4.6.2, .NETFramework,Version=v4.7, .NETFramework,Version=v4.7.1, .NETFramework,Version=v4.7.2, .NETFramework,Version=v4.8, .NETFramework,Version=v4.8.1' instead of the project target framework 'net8.0'. This package may not be fully compatible with your project.
C:\Users\ultra\warewolf\Dev\Dev2.Util\Dev2.Util.csproj : warning NU1701: Package 'GroupControls 1.9.0' was restored using '.NETFramework,Version=v4.6.1, .NETFramework,Version=v4.6.2, .NETFramework,Version=v4.7, .NETFramework,Version=v4.7.1, .NETFramework,Version=v4.7.2, .NETFramework,Version=v4.8, .NETFramework,Version=v4.8.1' instead of the project target framework 'net8.0'. This package may not be fully compatible with your project.
C:\Users\ultra\warewolf\Dev\Dev2.Util\Dev2.Util.csproj : warning NU1701: Package 'TaskSchedulerEditor 2.10.1' was restored using '.NETFramework,Version=v4.6.1, .NETFramework,Version=v4.6.2, .NETFramework,Version=v4.7, .NETFramework,Version=v4.7.1, .NETFramework,Version=v4.7.2, .NETFramework,Version=v4.8, .NETFramework,Version=v4.8.1' instead of the project target framework 'net8.0'. This package may not be fully compatible with your project.
C:\Users\ultra\warewolf\Dev\Dev2.Common\Dev2.Common.csproj : warning NU1903: Package 'Microsoft.Windows.Compatibility' 6.0.0 has a known high severity vulnerability, https://github.com/advisories/GHSA-555c-2p6r-68mm
C:\Users\ultra\warewolf\Dev\Dev2.Common\Dev2.Common.csproj : warning NU1701: Package 'AeroWizard 2.3.1' was restored using '.NETFramework,Version=v4.6.1, .NETFramework,Version=v4.6.2, .NETFramework,Version=v4.7, .NETFramework,Version=v4.7.1, .NETFramework,Version=v4.7.2, .NETFramework,Version=v4.8, .NETFramework,Version=v4.8.1' instead of the project target framework 'net8.0'. This package may not be fully compatible with your project.
C:\Users\ultra\warewolf\Dev\Dev2.Common\Dev2.Common.csproj : warning NU1701: Package 'GroupControls 1.9.0' was restored using '.NETFramework,Version=v4.6.1, .NETFramework,Version=v4.6.2, .NETFramework,Version=v4.7, .NETFramework,Version=v4.7.1, .NETFramework,Version=v4.7.2, .NETFramework,Version=v4.8, .NETFramework,Version=v4.8.1' instead of the project target framework 'net8.0'. This package may not be fully compatible with your project.
C:\Users\ultra\warewolf\Dev\Dev2.Common\Dev2.Common.csproj : warning NU1701: Package 'TaskSchedulerEditor 2.10.1' was restored using '.NETFramework,Version=v4.6.1, .NETFramework,Version=v4.6.2, .NETFramework,Version=v4.7, .NETFramework,Version=v4.7.1, .NETFramework,Version=v4.7.2, .NETFramework,Version=v4.8, .NETFramework,Version=v4.8.1' instead of the project target framework 'net8.0'. This package may not be fully compatible with your project.
C:\Users\ultra\warewolf\Dev\Dev2.Infrastructure\Dev2.Infrastructure.csproj : warning NU1903: Package 'Microsoft.Windows.Compatibility' 6.0.0 has a known high severity vulnerability, https://github.com/advisories/GHSA-555c-2p6r-68mm
C:\Users\ultra\warewolf\Dev\Dev2.Infrastructure\Dev2.Infrastructure.csproj : warning NU1701: Package 'AeroWizard 2.3.1' was restored using '.NETFramework,Version=v4.6.1, .NETFramework,Version=v4.6.2, .NETFramework,Version=v4.7, .NETFramework,Version=v4.7.1, .NETFramework,Version=v4.7.2, .NETFramework,Version=v4.8, .NETFramework,Version=v4.8.1' instead of the project target framework 'net8.0'. This package may not be fully compatible with your project.
C:\Users\ultra\warewolf\Dev\Dev2.Infrastructure\Dev2.Infrastructure.csproj : warning NU1701: Package 'GroupControls 1.9.0' was restored using '.NETFramework,Version=v4.6.1, .NETFramework,Version=v4.6.2, .NETFramework,Version=v4.7, .NETFramework,Version=v4.7.1, .NETFramework,Version=v4.7.2, .NETFramework,Version=v4.8, .NETFramework,Version=v4.8.1' instead of the project target framework 'net8.0'. This package may not be fully compatible with your project.
C:\Users\ultra\warewolf\Dev\Dev2.Infrastructure\Dev2.Infrastructure.csproj : warning NU1701: Package 'ReactiveUI.WPF 18.4.1' was restored using '.NETFramework,Version=v4.6.1, .NETFramework,Version=v4.6.2, .NETFramework,Version=v4.7, .NETFramework,Version=v4.7.1, .NETFramework,Version=v4.7.2, .NETFramework,Version=v4.8, .NETFramework,Version=v4.8.1' instead of the project target framework 'net8.0'. This package may not be fully compatible with your project.
C:\Users\ultra\warewolf\Dev\Dev2.Infrastructure\Dev2.Infrastructure.csproj : warning NU1701: Package 'TaskSchedulerEditor 2.10.1' was restored using '.NETFramework,Version=v4.6.1, .NETFramework,Version=v4.6.2, .NETFramework,Version=v4.7, .NETFramework,Version=v4.7.1, .NETFramework,Version=v4.7.2, .NETFramework,Version=v4.8, .NETFramework,Version=v4.8.1' instead of the project target framework 'net8.0'. This package may not be fully compatible with your project.
C:\Users\ultra\warewolf\Dev\Warewolf.Data\Warewolf.Data.csproj : warning NU1701: Package 'AeroWizard 2.3.1' was restored using '.NETFramework,Version=v4.6.1, .NETFramework,Version=v4.6.2, .NETFramework,Version=v4.7, .NETFramework,Version=v4.7.1, .NETFramework,Version=v4.7.2, .NETFramework,Version=v4.8, .NETFramework,Version=v4.8.1' instead of the project target framework 'net8.0'. This package may not be fully compatible with your project.
C:\Users\ultra\warewolf\Dev\Warewolf.Data\Warewolf.Data.csproj : warning NU1701: Package 'GroupControls 1.9.0' was restored using '.NETFramework,Version=v4.6.1, .NETFramework,Version=v4.6.2, .NETFramework,Version=v4.7, .NETFramework,Version=v4.7.1, .NETFramework,Version=v4.7.2, .NETFramework,Version=v4.8, .NETFramework,Version=v4.8.1' instead of the project target framework 'net8.0'. This package may not be fully compatible with your project.
C:\Users\ultra\warewolf\Dev\Warewolf.Data\Warewolf.Data.csproj : warning NU1701: Package 'TaskSchedulerEditor 2.10.1' was restored using '.NETFramework,Version=v4.6.1, .NETFramework,Version=v4.6.2, .NETFramework,Version=v4.7, .NETFramework,Version=v4.7.1, .NETFramework,Version=v4.7.2, .NETFramework,Version=v4.8, .NETFramework,Version=v4.8.1' instead of the project target framework 'net8.0'. This package may not be fully compatible with your project.
C:\Users\ultra\warewolf\Dev\Warewolf.Language.Parser\Warewolf.Language.Parser.fsproj : warning NU1504: Duplicate 'PackageReference' items found. Remove the duplicate items or use the Update functionality to ensure a consistent restore behavior. The duplicate 'PackageReference' items are: FSharp.Core 10.1.201, FSharp.Core 4.6.2.
C:\Users\ultra\warewolf\Dev\Warewolf.Storage\Warewolf.Storage.csproj : warning NU1701: Package 'AeroWizard 2.3.1' was restored using '.NETFramework,Version=v4.6.1, .NETFramework,Version=v4.6.2, .NETFramework,Version=v4.7, .NETFramework,Version=v4.7.1, .NETFramework,Version=v4.7.2, .NETFramework,Version=v4.8, .NETFramework,Version=v4.8.1' instead of the project target framework 'net8.0'. This package may not be fully compatible with your project.
C:\Users\ultra\warewolf\Dev\Warewolf.Storage\Warewolf.Storage.csproj : warning NU1701: Package 'GroupControls 1.9.0' was restored using '.NETFramework,Version=v4.6.1, .NETFramework,Version=v4.6.2, .NETFramework,Version=v4.7, .NETFramework,Version=v4.7.1, .NETFramework,Version=v4.7.2, .NETFramework,Version=v4.8, .NETFramework,Version=v4.8.1' instead of the project target framework 'net8.0'. This package may not be fully compatible with your project.
C:\Users\ultra\warewolf\Dev\Warewolf.Storage\Warewolf.Storage.csproj : warning NU1701: Package 'ReactiveUI.WPF 18.4.1' was restored using '.NETFramework,Version=v4.6.1, .NETFramework,Version=v4.6.2, .NETFramework,Version=v4.7, .NETFramework,Version=v4.7.1, .NETFramework,Version=v4.7.2, .NETFramework,Version=v4.8, .NETFramework,Version=v4.8.1' instead of the project target framework 'net8.0'. This package may not be fully compatible with your project.
C:\Users\ultra\warewolf\Dev\Warewolf.Storage\Warewolf.Storage.csproj : warning NU1701: Package 'TaskSchedulerEditor 2.10.1' was restored using '.NETFramework,Version=v4.6.1, .NETFramework,Version=v4.6.2, .NETFramework,Version=v4.7, .NETFramework,Version=v4.7.1, .NETFramework,Version=v4.7.2, .NETFramework,Version=v4.8, .NETFramework,Version=v4.8.1' instead of the project target framework 'net8.0'. This package may not be fully compatible with your project.
C:\Users\ultra\warewolf\Dev\Warewolf.Storage.Interfaces\Warewolf.Storage.Interfaces.csproj : warning NU1701: Package 'AeroWizard 2.3.1' was restored using '.NETFramework,Version=v4.6.1, .NETFramework,Version=v4.6.2, .NETFramework,Version=v4.7, .NETFramework,Version=v4.7.1, .NETFramework,Version=v4.7.2, .NETFramework,Version=v4.8, .NETFramework,Version=v4.8.1' instead of the project target framework 'net8.0'. This package may not be fully compatible with your project.
C:\Users\ultra\warewolf\Dev\Warewolf.Storage.Interfaces\Warewolf.Storage.Interfaces.csproj : warning NU1701: Package 'GroupControls 1.9.0' was restored using '.NETFramework,Version=v4.6.1, .NETFramework,Version=v4.6.2, .NETFramework,Version=v4.7, .NETFramework,Version=v4.7.1, .NETFramework,Version=v4.7.2, .NETFramework,Version=v4.8, .NETFramework,Version=v4.8.1' instead of the project target framework 'net8.0'. This package may not be fully compatible with your project.
C:\Users\ultra\warewolf\Dev\Warewolf.Storage.Interfaces\Warewolf.Storage.Interfaces.csproj : warning NU1701: Package 'TaskSchedulerEditor 2.10.1' was restored using '.NETFramework,Version=v4.6.1, .NETFramework,Version=v4.6.2, .NETFramework,Version=v4.7, .NETFramework,Version=v4.7.1, .NETFramework,Version=v4.7.2, .NETFramework,Version=v4.8, .NETFramework,Version=v4.8.1' instead of the project target framework 'net8.0'. This package may not be fully compatible with your project.
C:\Users\ultra\warewolf\Dev\Warewolf.Sharepoint\Warewolf.Sharepoint.csproj : warning NU1701: Package 'AeroWizard 2.3.1' was restored using '.NETFramework,Version=v4.6.1, .NETFramework,Version=v4.6.2, .NETFramework,Version=v4.7, .NETFramework,Version=v4.7.1, .NETFramework,Version=v4.7.2, .NETFramework,Version=v4.8, .NETFramework,Version=v4.8.1' instead of the project target framework 'net8.0'. This package may not be fully compatible with your project.
C:\Users\ultra\warewolf\Dev\Warewolf.Sharepoint\Warewolf.Sharepoint.csproj : warning NU1701: Package 'GroupControls 1.9.0' was restored using '.NETFramework,Version=v4.6.1, .NETFramework,Version=v4.6.2, .NETFramework,Version=v4.7, .NETFramework,Version=v4.7.1, .NETFramework,Version=v4.7.2, .NETFramework,Version=v4.8, .NETFramework,Version=v4.8.1' instead of the project target framework 'net8.0'. This package may not be fully compatible with your project.
C:\Users\ultra\warewolf\Dev\Warewolf.Sharepoint\Warewolf.Sharepoint.csproj : warning NU1701: Package 'ReactiveUI.WPF 18.4.1' was restored using '.NETFramework,Version=v4.6.1, .NETFramework,Version=v4.6.2, .NETFramework,Version=v4.7, .NETFramework,Version=v4.7.1, .NETFramework,Version=v4.7.2, .NETFramework,Version=v4.8, .NETFramework,Version=v4.8.1' instead of the project target framework 'net8.0'. This package may not be fully compatible with your project.
C:\Users\ultra\warewolf\Dev\Warewolf.Sharepoint\Warewolf.Sharepoint.csproj : warning NU1701: Package 'TaskSchedulerEditor 2.10.1' was restored using '.NETFramework,Version=v4.6.1, .NETFramework,Version=v4.6.2, .NETFramework,Version=v4.7, .NETFramework,Version=v4.7.1, .NETFramework,Version=v4.7.2, .NETFramework,Version=v4.8, .NETFramework,Version=v4.8.1' instead of the project target framework 'net8.0'. This package may not be fully compatible with your project.
C:\Users\ultra\warewolf\Dev\Warewolf.Common\Warewolf.Common.csproj : warning NU1701: Package 'AeroWizard 2.3.1' was restored using '.NETFramework,Version=v4.6.1, .NETFramework,Version=v4.6.2, .NETFramework,Version=v4.7, .NETFramework,Version=v4.7.1, .NETFramework,Version=v4.7.2, .NETFramework,Version=v4.8, .NETFramework,Version=v4.8.1' instead of the project target framework 'net8.0'. This package may not be fully compatible with your project.
C:\Users\ultra\warewolf\Dev\Warewolf.Common\Warewolf.Common.csproj : warning NU1701: Package 'GroupControls 1.9.0' was restored using '.NETFramework,Version=v4.6.1, .NETFramework,Version=v4.6.2, .NETFramework,Version=v4.7, .NETFramework,Version=v4.7.1, .NETFramework,Version=v4.7.2, .NETFramework,Version=v4.8, .NETFramework,Version=v4.8.1' instead of the project target framework 'net8.0'. This package may not be fully compatible with your project.
C:\Users\ultra\warewolf\Dev\Warewolf.Common\Warewolf.Common.csproj : warning NU1701: Package 'TaskSchedulerEditor 2.10.1' was restored using '.NETFramework,Version=v4.6.1, .NETFramework,Version=v4.6.2, .NETFramework,Version=v4.7, .NETFramework,Version=v4.7.1, .NETFramework,Version=v4.7.2, .NETFramework,Version=v4.8, .NETFramework,Version=v4.8.1' instead of the project target framework 'net8.0'. This package may not be fully compatible with your project.
  Dev2.Net6.Compatibility -> C:\Users\ultra\warewolf\Dev\Dev2.Net6.Compatibility\bin\Debug\net8.0\Dev2.Net6.Compatibility.dll
C:\Users\ultra\warewolf\Dev\Warewolf.Security\Warewolf.Security.csproj : warning NU1904: Package 'System.Drawing.Common' 4.5.1 has a known critical severity vulnerability, https://github.com/advisories/GHSA-rxg9-xrhp-64gj
  Warewolf.Weave -> C:\Users\ultra\warewolf\Dev\Warewolf.Weave\bin\Debug\net8.0\Warewolf.Weave.dll
  Log4Net.Async -> C:\Users\ultra\warewolf\Dev\Log4Net.Async\bin\Debug\net8.0\Log4Net.Async.dll
  Warewolf.Common.Interfaces.NetStandard20 -> C:\Users\ultra\warewolf\Dev\Warewolf.Common.Interfaces.NetStandard20\bin\Debug\net8.0\Warewolf.Common.Interfaces.NetStandard20.dll
C:\Users\ultra\warewolf\Dev\Warewolf.Interfaces\Data\ChatbotSettingsData.cs(20,23): warning CS0169: The field 'ChatbotSettingsData._encryptDataSource' is never used [C:\Users\ultra\warewolf\Dev\Warewolf.Interfaces\Warewolf.Interfaces.csproj]
C:\Users\ultra\warewolf\Dev\Warewolf.Interfaces\Auditing\SerializableException.cs(15,7): warning CS0414: The field 'SerializableException.HResult' is assigned but its value is never used [C:\Users\ultra\warewolf\Dev\Warewolf.Interfaces\Warewolf.Interfaces.csproj]
  Warewolf.Interfaces -> C:\Users\ultra\warewolf\Dev\Warewolf.Interfaces\bin\Debug\net8.0\Warewolf.Interfaces.dll
C:\Users\ultra\warewolf\Dev\Warewolf.Security\Encryption\AESThenHMAC.cs(168,34): warning SYSLIB0021: 'AesManaged' is obsolete: 'Derived cryptographic types are obsolete. Use the Create method on the base type instead.' (https://aka.ms/dotnet-warnings/SYSLIB0021) [C:\Users\ultra\warewolf\Dev\Warewolf.Security\Warewolf.Security.csproj]
C:\Users\ultra\warewolf\Dev\Warewolf.Security\Encryption\AESThenHMAC.cs(264,38): warning SYSLIB0021: 'AesManaged' is obsolete: 'Derived cryptographic types are obsolete. Use the Create method on the base type instead.' (https://aka.ms/dotnet-warnings/SYSLIB0021) [C:\Users\ultra\warewolf\Dev\Warewolf.Security\Warewolf.Security.csproj]
C:\Users\ultra\warewolf\Dev\Warewolf.Security\Encryption\AESThenHMAC.cs(331,36): warning SYSLIB0041: 'Rfc2898DeriveBytes.Rfc2898DeriveBytes(string, int, int)' is obsolete: 'The default hash algorithm and iteration counts in Rfc2898DeriveBytes constructors are outdated and insecure. Use a constructor that accepts the hash algorithm and the number of iterations.' (https://aka.ms/dotnet-warnings/SYSLIB0041) [C:\Users\ultra\warewolf\Dev\Warewolf.Security\Warewolf.Security.csproj]
C:\Users\ultra\warewolf\Dev\Warewolf.Security\Encryption\AESThenHMAC.cs(345,36): warning SYSLIB0041: 'Rfc2898DeriveBytes.Rfc2898DeriveBytes(string, int, int)' is obsolete: 'The default hash algorithm and iteration counts in Rfc2898DeriveBytes constructors are outdated and insecure. Use a constructor that accepts the hash algorithm and the number of iterations.' (https://aka.ms/dotnet-warnings/SYSLIB0041) [C:\Users\ultra\warewolf\Dev\Warewolf.Security\Warewolf.Security.csproj]
C:\Users\ultra\warewolf\Dev\Warewolf.Security\Encryption\AESThenHMAC.cs(393,36): warning SYSLIB0041: 'Rfc2898DeriveBytes.Rfc2898DeriveBytes(string, byte[], int)' is obsolete: 'The default hash algorithm and iteration counts in Rfc2898DeriveBytes constructors are outdated and insecure. Use a constructor that accepts the hash algorithm and the number of iterations.' (https://aka.ms/dotnet-warnings/SYSLIB0041) [C:\Users\ultra\warewolf\Dev\Warewolf.Security\Warewolf.Security.csproj]
C:\Users\ultra\warewolf\Dev\Warewolf.Security\Encryption\AESThenHMAC.cs(398,36): warning SYSLIB0041: 'Rfc2898DeriveBytes.Rfc2898DeriveBytes(string, byte[], int)' is obsolete: 'The default hash algorithm and iteration counts in Rfc2898DeriveBytes constructors are outdated and insecure. Use a constructor that accepts the hash algorithm and the number of iterations.' (https://aka.ms/dotnet-warnings/SYSLIB0041) [C:\Users\ultra\warewolf\Dev\Warewolf.Security\Warewolf.Security.csproj]
  Warewolf.Security -> C:\Users\ultra\warewolf\Dev\Warewolf.Security\bin\Debug\net8.0\Warewolf.Security.dll
  Warewolf.Studio.Resources -> C:\Users\ultra\warewolf\Dev\Warewolf.Studio.Resources\bin\Debug\net8.0\Warewolf.Studio.Resources.dll
  Consider app.config remapping of assembly "System.Runtime.CompilerServices.Unsafe, Culture=neutral, PublicKeyToken=b03f5f7f11d50a3a" from Version "6.0.0.0" [] to Version "8.0.0.0" [C:\Program Files\dotnet\packs\Microsoft.NETCore.App.Ref\8.0.25\ref\net8.0\System.Runtime.CompilerServices.Unsafe.dll] to solve conflict and get rid of warning.
  Warewolf.Resource -> C:\Users\ultra\warewolf\Dev\Warewolf.Resource\bin\Debug\net8.0\Warewolf.Resource.dll
  Warewolf.Driver.RabbitMQ -> C:\Users\ultra\warewolf\Dev\Warewolf.Driver.RabbitMQ\bin\Debug\net8.0\Warewolf.Driver.RabbitMQ.dll
  Warewolf.Driver.Redis -> C:\Users\ultra\warewolf\Dev\Warewolf.Driver.Redis\bin\Debug\net8.0\Warewolf.Driver.Redis.dll
  Warewolf.Parser.Interop -> C:\Users\ultra\warewolf\Dev\Warewolf.Parser.Interop\bin\Debug\net8.0\WarewolfParserInterop.dll
C:\Users\ultra\warewolf\Dev\Dev2.Common.Interfaces\Attribute\ReasonAttribute.cs(13,18): warning CC0023: Mark 'ReasonAttribute' as sealed. (https://code-cracker.github.io/diagnostics/CC0023.html) [C:\Users\ultra\warewolf\Dev\Dev2.Common.Interfaces\Dev2.Common.Interfaces.csproj]
C:\Users\ultra\warewolf\Dev\Dev2.Common.Interfaces\Wrappers\IDirectoryEntry.cs(190,35): warning CC0057: Parameter 'path' is not used. (https://code-cracker.github.io/diagnostics/CC0057.html) [C:\Users\ultra\warewolf\Dev\Dev2.Common.Interfaces\Dev2.Common.Interfaces.csproj]
C:\Users\ultra\warewolf\Dev\Dev2.Common.Interfaces\DllListing.cs(97,17): warning CC0105: Use 'var' instead of specifying the type name. (https://code-cracker.github.io/diagnostics/CC0105.html) [C:\Users\ultra\warewolf\Dev\Dev2.Common.Interfaces\Dev2.Common.Interfaces.csproj]
C:\Users\ultra\warewolf\Dev\Dev2.Common.Interfaces\DllListing.cs(98,17): warning CC0105: Use 'var' instead of specifying the type name. (https://code-cracker.github.io/diagnostics/CC0105.html) [C:\Users\ultra\warewolf\Dev\Dev2.Common.Interfaces\Dev2.Common.Interfaces.csproj]
C:\Users\ultra\warewolf\Dev\Dev2.Common.Interfaces\Runtime\Services\IStreamContentFactory.cs(48,21): warning CC0029: 'StreamContentWrapper' should call GC.SuppressFinalize inside the Dispose method. (https://code-cracker.github.io/diagnostics/CC0029.html) [C:\Users\ultra\warewolf\Dev\Dev2.Common.Interfaces\Dev2.Common.Interfaces.csproj]
  Dev2.Common.Interfaces -> C:\Users\ultra\warewolf\Dev\Dev2.Common.Interfaces\bin\Debug\net8.0\Dev2.Common.Interfaces.dll
C:\Users\ultra\warewolf\Dev\Warewolf.Language.Parser\EvaluationFunctions.fs(277,15): warning FS3548: Pattern discard is not allowed for union case that takes no data. [C:\Users\ultra\warewolf\Dev\Warewolf.Language.Parser\Warewolf.Language.Parser.fsproj]
C:\Users\ultra\warewolf\Dev\Warewolf.Language.Parser\EvaluationFunctions.fs(305,15): warning FS3548: Pattern discard is not allowed for union case that takes no data. [C:\Users\ultra\warewolf\Dev\Warewolf.Language.Parser\Warewolf.Language.Parser.fsproj]
C:\Users\ultra\warewolf\Dev\Warewolf.Language.Parser\EvaluationFunctions.fs(748,21): warning FS3873: This construct is deprecated. Sequence expressions should be of the form 'seq { ... }' [C:\Users\ultra\warewolf\Dev\Warewolf.Language.Parser\Warewolf.Language.Parser.fsproj]
C:\Users\ultra\warewolf\Dev\Warewolf.Language.Parser\EvaluationFunctions.fs(751,28): warning FS3873: This construct is deprecated. Sequence expressions should be of the form 'seq { ... }' [C:\Users\ultra\warewolf\Dev\Warewolf.Language.Parser\Warewolf.Language.Parser.fsproj]
C:\Users\ultra\warewolf\Dev\Warewolf.Language.Parser\WarewolfDataEvaluationCommon.fs(593,21): warning FS3873: This construct is deprecated. Sequence expressions should be of the form 'seq { ... }' [C:\Users\ultra\warewolf\Dev\Warewolf.Language.Parser\Warewolf.Language.Parser.fsproj]
C:\Users\ultra\warewolf\Dev\Warewolf.Language.Parser\WarewolfDataEvaluationCommon.fs(596,28): warning FS3873: This construct is deprecated. Sequence expressions should be of the form 'seq { ... }' [C:\Users\ultra\warewolf\Dev\Warewolf.Language.Parser\Warewolf.Language.Parser.fsproj]
  Warewolf.Language.Parser -> C:\Users\ultra\warewolf\Dev\Warewolf.Language.Parser\bin\Debug\net8.0\Warewolf.Language.Parser.dll
C:\Users\ultra\warewolf\Dev\Warewolf.Data\NamedInt.cs(160,21): warning CA2200: Re-throwing caught exception changes stack information (https://learn.microsoft.com/dotnet/fundamentals/code-analysis/quality-rules/ca2200) [C:\Users\ultra\warewolf\Dev\Warewolf.Data\Warewolf.Data.csproj]
  Warewolf.Data -> C:\Users\ultra\warewolf\Dev\Warewolf.Data\bin\Debug\net8.0\Warewolf.Data.dll
  Warewolf.Storage.Interfaces -> C:\Users\ultra\warewolf\Dev\Warewolf.Storage.Interfaces\bin\Debug\net8.0\Warewolf.Storage.Interfaces.dll
  Warewolf.Common -> C:\Users\ultra\warewolf\Dev\Warewolf.Common\bin\Debug\net8.0\Warewolf.Common.dll
  Dev2.Data.Interfaces -> C:\Users\ultra\warewolf\Dev\Dev2.Data.Interfaces\bin\Debug\net8.0\Dev2.Data.Interfaces.dll
C:\Users\ultra\warewolf\Dev\Dev2.Common\ExtMethods\StringExtension.cs(302,13): warning CC0004: Empty Catch Block. (https://code-cracker.github.io/diagnostics/CC0004.html) [C:\Users\ultra\warewolf\Dev\Dev2.Common\Dev2.Common.csproj]
  Dev2.Common -> C:\Users\ultra\warewolf\Dev\Dev2.Common\bin\Debug\net8.0\Dev2.Common.dll
  Dev2.Util -> C:\Users\ultra\warewolf\Dev\Dev2.Util\bin\Debug\net8.0\Dev2.Util.dll
  Dev2.CustomControls -> C:\Users\ultra\warewolf\Dev\Dev2.CustomControls\bin\Debug\net8.0\Dev2.CustomControls.dll
  Consider app.config remapping of assembly "Newtonsoft.Json, Culture=neutral, PublicKeyToken=30ad4fe6b2a6aeed" from Version "12.0.0.0" [] to Version "13.0.0.0" [C:\Users\ultra\.nuget\packages\newtonsoft.json\13.0.2\lib\net6.0\Newtonsoft.Json.dll] to solve conflict and get rid of warning.
  Dev2.Runtime.Configuration -> C:\Users\ultra\warewolf\Dev\Dev2.Runtime.Configuration\bin\Debug\net8.0\Dev2.Runtime.Configuration.dll
C:\Users\ultra\warewolf\Dev\Dev2.Diagnostics\Debug\DebugDispatcher.cs(209,35): warning CC0057: Parameter 'previous' is not used. (https://code-cracker.github.io/diagnostics/CC0057.html) [C:\Users\ultra\warewolf\Dev\Dev2.Diagnostics\Dev2.Diagnostics.csproj]
  Dev2.Diagnostics -> C:\Users\ultra\warewolf\Dev\Dev2.Diagnostics\bin\Debug\net8.0\Dev2.Diagnostics.dll
C:\Users\ultra\warewolf\Dev\Dev2.Infrastructure\PerformanceCounters\Management\WarewolfPerformanceCounterManager.cs(22,140): warning CC0057: Parameter 'register' is not used. (https://code-cracker.github.io/diagnostics/CC0057.html) [C:\Users\ultra\warewolf\Dev\Dev2.Infrastructure\Dev2.Infrastructure.csproj]
C:\Users\ultra\warewolf\Dev\Dev2.Infrastructure\PerformanceCounters\Management\PerformanceCounterPersistence.cs(48,81): warning CC0057: Parameter 'resourcePerformanceCounters' is not used. (https://code-cracker.github.io/diagnostics/CC0057.html) [C:\Users\ultra\warewolf\Dev\Dev2.Infrastructure\Dev2.Infrastructure.csproj]
C:\Users\ultra\warewolf\Dev\Dev2.Infrastructure\PerformanceCounters\Management\WarewolfPerformanceCounterManager.cs(67,83): warning CC0057: Parameter 'name' is not used. (https://code-cracker.github.io/diagnostics/CC0057.html) [C:\Users\ultra\warewolf\Dev\Dev2.Infrastructure\Dev2.Infrastructure.csproj]
C:\Users\ultra\warewolf\Dev\Dev2.Infrastructure\PerformanceCounters\PerformanceCounterCategoryWrapper.cs(38,29): warning CA1416: This call site is reachable on all platforms. 'PerformanceCounterCategory' is only supported on: 'windows'. (https://learn.microsoft.com/dotnet/fundamentals/code-analysis/quality-rules/ca1416) [C:\Users\ultra\warewolf\Dev\Dev2.Infrastructure\Dev2.Infrastructure.csproj]
C:\Users\ultra\warewolf\Dev\Dev2.Infrastructure\PerformanceCounters\PerformanceCounterCategoryWrapper.cs(33,48): warning CA1416: This call site is reachable on all platforms. 'PerformanceCounterCategory.Exists(string)' is only supported on: 'windows'. (https://learn.microsoft.com/dotnet/fundamentals/code-analysis/quality-rules/ca1416) [C:\Users\ultra\warewolf\Dev\Dev2.Infrastructure\Dev2.Infrastructure.csproj]
C:\Users\ultra\warewolf\Dev\Dev2.Infrastructure\PerformanceCounters\PerformanceCounterCategoryWrapper.cs(32,48): warning CA1416: This call site is reachable on all platforms. 'PerformanceCounterCategory.Delete(string)' is only supported on: 'windows'. (https://learn.microsoft.com/dotnet/fundamentals/code-analysis/quality-rules/ca1416) [C:\Users\ultra\warewolf\Dev\Dev2.Infrastructure\Dev2.Infrastructure.csproj]
C:\Users\ultra\warewolf\Dev\Dev2.Infrastructure\PerformanceCounters\PerformanceCounterCategoryWrapper.cs(12,51): warning CA1416: This call site is reachable on all platforms. 'PerformanceCounterCategory.CounterExists(string)' is only supported on: 'windows'. (https://learn.microsoft.com/dotnet/fundamentals/code-analysis/quality-rules/ca1416) [C:\Users\ultra\warewolf\Dev\Dev2.Infrastructure\Dev2.Infrastructure.csproj]
C:\Users\ultra\warewolf\Dev\Dev2.Infrastructure\PerformanceCounters\PerformanceCounterCategoryWrapper.cs(54,28): warning CA1416: This call site is reachable on all platforms. 'PerformanceCounterType.RateOfCountsPerSecond32' is only supported on: 'windows'. (https://learn.microsoft.com/dotnet/fundamentals/code-analysis/quality-rules/ca1416) [C:\Users\ultra\warewolf\Dev\Dev2.Infrastructure\Dev2.Infrastructure.csproj]
C:\Users\ultra\warewolf\Dev\Dev2.Infrastructure\PerformanceCounters\PerformanceCounterCategoryWrapper.cs(50,28): warning CA1416: This call site is reachable on all platforms. 'PerformanceCounterType.AverageTimer32' is only supported on: 'windows'. (https://learn.microsoft.com/dotnet/fundamentals/code-analysis/quality-rules/ca1416) [C:\Users\ultra\warewolf\Dev\Dev2.Infrastructure\Dev2.Infrastructure.csproj]
C:\Users\ultra\warewolf\Dev\Dev2.Infrastructure\PerformanceCounters\PerformanceCounterCategoryWrapper.cs(48,28): warning CA1416: This call site is reachable on all platforms. 'PerformanceCounterType.AverageBase' is only supported on: 'windows'. (https://learn.microsoft.com/dotnet/fundamentals/code-analysis/quality-rules/ca1416) [C:\Users\ultra\warewolf\Dev\Dev2.Infrastructure\Dev2.Infrastructure.csproj]
C:\Users\ultra\warewolf\Dev\Dev2.Infrastructure\PerformanceCounters\PerformanceCounterCategoryWrapper.cs(52,28): warning CA1416: This call site is reachable on all platforms. 'PerformanceCounterType.NumberOfItems32' is only supported on: 'windows'. (https://learn.microsoft.com/dotnet/fundamentals/code-analysis/quality-rules/ca1416) [C:\Users\ultra\warewolf\Dev\Dev2.Infrastructure\Dev2.Infrastructure.csproj]
C:\Users\ultra\warewolf\Dev\Dev2.Infrastructure\PerformanceCounters\PerformanceCounterCategoryWrapper.cs(29,71): warning CA1416: This call site is reachable on all platforms. 'PerformanceCounterCategoryType.MultiInstance' is only supported on: 'windows'. (https://learn.microsoft.com/dotnet/fundamentals/code-analysis/quality-rules/ca1416) [C:\Users\ultra\warewolf\Dev\Dev2.Infrastructure\Dev2.Infrastructure.csproj]
C:\Users\ultra\warewolf\Dev\Dev2.Infrastructure\PerformanceCounters\PerformanceCounterCategoryWrapper.cs(29,13): warning CA1416: This call site is reachable on all platforms. 'PerformanceCounterCategory.Create(string, string, PerformanceCounterCategoryType, CounterCreationDataCollection)' is only supported on: 'windows'. (https://learn.microsoft.com/dotnet/fundamentals/code-analysis/quality-rules/ca1416) [C:\Users\ultra\warewolf\Dev\Dev2.Infrastructure\Dev2.Infrastructure.csproj]
C:\Users\ultra\warewolf\Dev\Dev2.Infrastructure\PerformanceCounters\PerformanceCounterCategoryWrapper.cs(14,49): warning CA1416: This call site is reachable on all platforms. 'CounterCreationDataCollection' is only supported on: 'windows'. (https://learn.microsoft.com/dotnet/fundamentals/code-analysis/quality-rules/ca1416) [C:\Users\ultra\warewolf\Dev\Dev2.Infrastructure\Dev2.Infrastructure.csproj]
C:\Users\ultra\warewolf\Dev\Dev2.Infrastructure\PerformanceCounters\PerformanceCounterCategoryWrapper.cs(25,21): warning CA1416: This call site is reachable on all platforms. 'CounterCreationDataCollection.Add(CounterCreationData)' is only supported on: 'windows'. (https://learn.microsoft.com/dotnet/fundamentals/code-analysis/quality-rules/ca1416) [C:\Users\ultra\warewolf\Dev\Dev2.Infrastructure\Dev2.Infrastructure.csproj]
C:\Users\ultra\warewolf\Dev\Dev2.Infrastructure\PerformanceCounters\PerformanceCounterCategoryWrapper.cs(19,45): warning CA1416: This call site is reachable on all platforms. 'CounterCreationData' is only supported on: 'windows'. (https://learn.microsoft.com/dotnet/fundamentals/code-analysis/quality-rules/ca1416) [C:\Users\ultra\warewolf\Dev\Dev2.Infrastructure\Dev2.Infrastructure.csproj]
C:\Users\ultra\warewolf\Dev\Dev2.Infrastructure\Services\Security\MoqInstallerActions\InstallerActionsForDevelopment.cs(59,57): warning CA1416: This call site is reachable on all platforms. 'WindowsIdentity.Name' is only supported on: 'windows'. (https://learn.microsoft.com/dotnet/fundamentals/code-analysis/quality-rules/ca1416) [C:\Users\ultra\warewolf\Dev\Dev2.Infrastructure\Dev2.Infrastructure.csproj]
C:\Users\ultra\warewolf\Dev\Dev2.Infrastructure\Services\Security\MoqInstallerActions\InstallerActionsForDevelopment.cs(57,31): warning CA1416: This call site is reachable on all platforms. 'WindowsIdentity.GetCurrent(bool)' is only supported on: 'windows'. (https://learn.microsoft.com/dotnet/fundamentals/code-analysis/quality-rules/ca1416) [C:\Users\ultra\warewolf\Dev\Dev2.Infrastructure\Dev2.Infrastructure.csproj]
C:\Users\ultra\warewolf\Dev\Dev2.Infrastructure\Services\Security\SecuritySettings.cs(92,28): warning CC0022: HMACSHA256 should be disposed. (https://code-cracker.github.io/diagnostics/CC0022.html) [C:\Users\ultra\warewolf\Dev\Dev2.Infrastructure\Dev2.Infrastructure.csproj]
CSC : warning AD0001: Analyzer 'CodeCracker.CSharp.Design.UseInvokeMethodToFireEventAnalyzer' threw an exception of type 'System.ArgumentException' with message 'Syntax node is not within syntax tree'. [C:\Users\ultra\warewolf\Dev\Dev2.Infrastructure\Dev2.Infrastructure.csproj]
CSC : warning AD0001: Analyzer 'CodeCracker.CSharp.Design.UseInvokeMethodToFireEventAnalyzer' threw an exception of type 'System.ArgumentException' with message 'Syntax node is not within syntax tree'. [C:\Users\ultra\warewolf\Dev\Dev2.Infrastructure\Dev2.Infrastructure.csproj]
CSC : warning AD0001: Analyzer 'CodeCracker.CSharp.Design.UseInvokeMethodToFireEventAnalyzer' threw an exception of type 'System.ArgumentException' with message 'Syntax node is not within syntax tree'. [C:\Users\ultra\warewolf\Dev\Dev2.Infrastructure\Dev2.Infrastructure.csproj]
CSC : warning AD0001: Analyzer 'CodeCracker.CSharp.Design.UseInvokeMethodToFireEventAnalyzer' threw an exception of type 'System.ArgumentException' with message 'Syntax node is not within syntax tree'. [C:\Users\ultra\warewolf\Dev\Dev2.Infrastructure\Dev2.Infrastructure.csproj]
CSC : warning AD0001: Analyzer 'CodeCracker.CSharp.Design.UseInvokeMethodToFireEventAnalyzer' threw an exception of type 'System.ArgumentException' with message 'Syntax node is not within syntax tree'. [C:\Users\ultra\warewolf\Dev\Dev2.Infrastructure\Dev2.Infrastructure.csproj]
CSC : warning AD0001: Analyzer 'CodeCracker.CSharp.Design.UseInvokeMethodToFireEventAnalyzer' threw an exception of type 'System.ArgumentException' with message 'Syntax node is not within syntax tree'. [C:\Users\ultra\warewolf\Dev\Dev2.Infrastructure\Dev2.Infrastructure.csproj]
CSC : warning AD0001: Analyzer 'CodeCracker.CSharp.Design.UseInvokeMethodToFireEventAnalyzer' threw an exception of type 'System.ArgumentException' with message 'Syntax node is not within syntax tree'. [C:\Users\ultra\warewolf\Dev\Dev2.Infrastructure\Dev2.Infrastructure.csproj]
CSC : warning AD0001: Analyzer 'CodeCracker.CSharp.Design.UseInvokeMethodToFireEventAnalyzer' threw an exception of type 'System.ArgumentException' with message 'Syntax node is not within syntax tree'. [C:\Users\ultra\warewolf\Dev\Dev2.Infrastructure\Dev2.Infrastructure.csproj]
CSC : warning AD0001: Analyzer 'CodeCracker.CSharp.Design.UseInvokeMethodToFireEventAnalyzer' threw an exception of type 'System.ArgumentException' with message 'Syntax node is not within syntax tree'. [C:\Users\ultra\warewolf\Dev\Dev2.Infrastructure\Dev2.Infrastructure.csproj]
CSC : warning AD0001: Analyzer 'CodeCracker.CSharp.Design.UseInvokeMethodToFireEventAnalyzer' threw an exception of type 'System.ArgumentException' with message 'Syntax node is not within syntax tree'. [C:\Users\ultra\warewolf\Dev\Dev2.Infrastructure\Dev2.Infrastructure.csproj]
CSC : warning AD0001: Analyzer 'CodeCracker.CSharp.Design.UseInvokeMethodToFireEventAnalyzer' threw an exception of type 'System.ArgumentException' with message 'Syntax node is not within syntax tree'. [C:\Users\ultra\warewolf\Dev\Dev2.Infrastructure\Dev2.Infrastructure.csproj]
CSC : warning AD0001: Analyzer 'CodeCracker.CSharp.Design.UseInvokeMethodToFireEventAnalyzer' threw an exception of type 'System.ArgumentException' with message 'Syntax node is not within syntax tree'. [C:\Users\ultra\warewolf\Dev\Dev2.Infrastructure\Dev2.Infrastructure.csproj]
CSC : warning AD0001: Analyzer 'CodeCracker.CSharp.Design.UseInvokeMethodToFireEventAnalyzer' threw an exception of type 'System.ArgumentException' with message 'Syntax node is not within syntax tree'. [C:\Users\ultra\warewolf\Dev\Dev2.Infrastructure\Dev2.Infrastructure.csproj]
CSC : warning AD0001: Analyzer 'CodeCracker.CSharp.Design.UseInvokeMethodToFireEventAnalyzer' threw an exception of type 'System.ArgumentException' with message 'Syntax node is not within syntax tree'. [C:\Users\ultra\warewolf\Dev\Dev2.Infrastructure\Dev2.Infrastructure.csproj]
  Dev2.Infrastructure -> C:\Users\ultra\warewolf\Dev\Dev2.Infrastructure\bin\Debug\net8.0\Dev2.Infrastructure.dll
C:\Program Files\dotnet\sdk\10.0.201\Microsoft.CSharp.CurrentVersion.targets(130,9): warning MSB3884: Could not find rule set file "..\.sonarlint\warewolf_dotnet_frameworkcsharp.ruleset". [C:\Users\ultra\warewolf\Dev\Warewolf.Sharepoint\Warewolf.Sharepoint.csproj]
  Warewolf.Storage -> C:\Users\ultra\warewolf\Dev\Warewolf.Storage\bin\Debug\net8.0\Warewolf.Storage.dll
  Warewolf.Sharepoint -> C:\Users\ultra\warewolf\Dev\Warewolf.Sharepoint\bin\Debug\net8.0\Warewolf.Sharepoint.dll
C:\Program Files\dotnet\sdk\10.0.201\Microsoft.Common.CurrentVersion.targets(2451,5): warning MSB3245: Could not resolve this reference. Could not locate the assembly "System.Web". Check to make sure the assembly exists on disk. If this reference is required by your code, you may get compilation errors. [C:\Users\ultra\warewolf\Dev\Dev2.Data\Dev2.Data.csproj]
C:\Program Files\dotnet\sdk\10.0.201\Microsoft.Common.CurrentVersion.targets(2451,5): warning MSB3245: Could not resolve this reference. Could not locate the assembly "System.Web.Extensions". Check to make sure the assembly exists on disk. If this reference is required by your code, you may get compilation errors. [C:\Users\ultra\warewolf\Dev\Dev2.Data\Dev2.Data.csproj]
C:\Program Files\dotnet\sdk\10.0.201\Microsoft.Common.CurrentVersion.targets(2451,5): warning MSB3245: Could not resolve this reference. Could not locate the assembly "System.Xml.Linq". Check to make sure the assembly exists on disk. If this reference is required by your code, you may get compilation errors. [C:\Users\ultra\warewolf\Dev\Dev2.Data\Dev2.Data.csproj]
C:\Program Files\dotnet\sdk\10.0.201\Microsoft.Common.CurrentVersion.targets(2451,5): warning MSB3245: Could not resolve this reference. Could not locate the assembly "System.Data.DataSetExtensions". Check to make sure the assembly exists on disk. If this reference is required by your code, you may get compilation errors. [C:\Users\ultra\warewolf\Dev\Dev2.Data\Dev2.Data.csproj]
C:\Program Files\dotnet\sdk\10.0.201\Microsoft.Common.CurrentVersion.targets(2451,5): warning MSB3245: Could not resolve this reference. Could not locate the assembly "Microsoft.CSharp". Check to make sure the assembly exists on disk. If this reference is required by your code, you may get compilation errors. [C:\Users\ultra\warewolf\Dev\Dev2.Data\Dev2.Data.csproj]
C:\Program Files\dotnet\sdk\10.0.201\Microsoft.Common.CurrentVersion.targets(2451,5): warning MSB3245: Could not resolve this reference. Could not locate the assembly "System.Data". Check to make sure the assembly exists on disk. If this reference is required by your code, you may get compilation errors. [C:\Users\ultra\warewolf\Dev\Dev2.Data\Dev2.Data.csproj]
C:\Program Files\dotnet\sdk\10.0.201\Microsoft.Common.CurrentVersion.targets(2451,5): warning MSB3245: Could not resolve this reference. Could not locate the assembly "System.Xml". Check to make sure the assembly exists on disk. If this reference is required by your code, you may get compilation errors. [C:\Users\ultra\warewolf\Dev\Dev2.Data\Dev2.Data.csproj]
C:\Program Files\dotnet\sdk\10.0.201\Microsoft.Common.CurrentVersion.targets(2451,5): warning MSB3243: No way to resolve conflict between "System.Web, Version=4.0.0.0, Culture=neutral, PublicKeyToken=b03f5f7f11d50a3a" and "System.Web". Choosing "System.Web, Version=4.0.0.0, Culture=neutral, PublicKeyToken=b03f5f7f11d50a3a" arbitrarily. [C:\Users\ultra\warewolf\Dev\Dev2.Data\Dev2.Data.csproj]
C:\Program Files\dotnet\sdk\10.0.201\Microsoft.Common.CurrentVersion.targets(2451,5): warning MSB3243: No way to resolve conflict between "System.Xml.Linq, Version=4.0.0.0, Culture=neutral, PublicKeyToken=b77a5c561934e089" and "System.Xml.Linq". Choosing "System.Xml.Linq, Version=4.0.0.0, Culture=neutral, PublicKeyToken=b77a5c561934e089" arbitrarily. [C:\Users\ultra\warewolf\Dev\Dev2.Data\Dev2.Data.csproj]
C:\Program Files\dotnet\sdk\10.0.201\Microsoft.Common.CurrentVersion.targets(2451,5): warning MSB3243: No way to resolve conflict between "System.Data.DataSetExtensions, Version=8.0.0.0, Culture=neutral, PublicKeyToken=b77a5c561934e089" and "System.Data.DataSetExtensions". Choosing "System.Data.DataSetExtensions, Version=8.0.0.0, Culture=neutral, PublicKeyToken=b77a5c561934e089" arbitrarily. [C:\Users\ultra\warewolf\Dev\Dev2.Data\Dev2.Data.csproj]
C:\Program Files\dotnet\sdk\10.0.201\Microsoft.Common.CurrentVersion.targets(2451,5): warning MSB3243: No way to resolve conflict between "Microsoft.CSharp, Version=8.0.0.0, Culture=neutral, PublicKeyToken=b03f5f7f11d50a3a" and "Microsoft.CSharp". Choosing "Microsoft.CSharp, Version=8.0.0.0, Culture=neutral, PublicKeyToken=b03f5f7f11d50a3a" arbitrarily. [C:\Users\ultra\warewolf\Dev\Dev2.Data\Dev2.Data.csproj]
C:\Program Files\dotnet\sdk\10.0.201\Microsoft.Common.CurrentVersion.targets(2451,5): warning MSB3243: No way to resolve conflict between "System.Data, Version=4.0.0.0, Culture=neutral, PublicKeyToken=b77a5c561934e089" and "System.Data". Choosing "System.Data, Version=4.0.0.0, Culture=neutral, PublicKeyToken=b77a5c561934e089" arbitrarily. [C:\Users\ultra\warewolf\Dev\Dev2.Data\Dev2.Data.csproj]
C:\Program Files\dotnet\sdk\10.0.201\Microsoft.Common.CurrentVersion.targets(2451,5): warning MSB3243: No way to resolve conflict between "System.Xml, Version=4.0.0.0, Culture=neutral, PublicKeyToken=b77a5c561934e089" and "System.Xml". Choosing "System.Xml, Version=4.0.0.0, Culture=neutral, PublicKeyToken=b77a5c561934e089" arbitrarily. [C:\Users\ultra\warewolf\Dev\Dev2.Data\Dev2.Data.csproj]
CSC : warning CS2002: Source file 'C:\Users\ultra\warewolf\Dev\Dev2.Data\MathOperations\NCalc\NCalcExpressionBuilder.cs' specified multiple times [C:\Users\ultra\warewolf\Dev\Dev2.Data\Dev2.Data.csproj]
CSC : warning CS2002: Source file 'C:\Users\ultra\warewolf\Dev\Dev2.Data\MathOperations\NCalc\NCalcFunctionArgHelper.cs' specified multiple times [C:\Users\ultra\warewolf\Dev\Dev2.Data\Dev2.Data.csproj]
CSC : warning CS2002: Source file 'C:\Users\ultra\warewolf\Dev\Dev2.Data\MathOperations\NCalc\Functions\BaseConversionFunctions.cs' specified multiple times [C:\Users\ultra\warewolf\Dev\Dev2.Data\Dev2.Data.csproj]
CSC : warning CS2002: Source file 'C:\Users\ultra\warewolf\Dev\Dev2.Data\MathOperations\NCalc\Functions\ComplexFunctions.cs' specified multiple times [C:\Users\ultra\warewolf\Dev\Dev2.Data\Dev2.Data.csproj]
CSC : warning CS2002: Source file 'C:\Users\ultra\warewolf\Dev\Dev2.Data\MathOperations\NCalc\Functions\DateTimeFunctions.cs' specified multiple times [C:\Users\ultra\warewolf\Dev\Dev2.Data\Dev2.Data.csproj]
CSC : warning CS2002: Source file 'C:\Users\ultra\warewolf\Dev\Dev2.Data\MathOperations\NCalc\Functions\FinancialFunctions.cs' specified multiple times [C:\Users\ultra\warewolf\Dev\Dev2.Data\Dev2.Data.csproj]
CSC : warning CS2002: Source file 'C:\Users\ultra\warewolf\Dev\Dev2.Data\MathOperations\NCalc\Functions\InformationFunctions.cs' specified multiple times [C:\Users\ultra\warewolf\Dev\Dev2.Data\Dev2.Data.csproj]
CSC : warning CS2002: Source file 'C:\Users\ultra\warewolf\Dev\Dev2.Data\MathOperations\NCalc\Functions\MathFunctions.cs' specified multiple times [C:\Users\ultra\warewolf\Dev\Dev2.Data\Dev2.Data.csproj]
CSC : warning CS2002: Source file 'C:\Users\ultra\warewolf\Dev\Dev2.Data\MathOperations\NCalc\Functions\StringFunctions.cs' specified multiple times [C:\Users\ultra\warewolf\Dev\Dev2.Data\Dev2.Data.csproj]
C:\Users\ultra\warewolf\Dev\Dev2.Data\MathOperations\NCalc\Functions\MathFunctions.cs(22,30): warning CS8632: The annotation for nullable reference types should only be used in code within a '#nullable' annotations context. [C:\Users\ultra\warewolf\Dev\Dev2.Data\Dev2.Data.csproj]
C:\Users\ultra\warewolf\Dev\Dev2.Data\MathOperations\NCalc\NCalcFunctionArgHelper.cs(51,47): warning CS8632: The annotation for nullable reference types should only be used in code within a '#nullable' annotations context. [C:\Users\ultra\warewolf\Dev\Dev2.Data\Dev2.Data.csproj]
C:\Users\ultra\warewolf\Dev\Dev2.Data\MathOperations\NCalc\Functions\StringFunctions.cs(94,59): warning CS8632: The annotation for nullable reference types should only be used in code within a '#nullable' annotations context. [C:\Users\ultra\warewolf\Dev\Dev2.Data\Dev2.Data.csproj]
C:\Users\ultra\warewolf\Dev\Dev2.Data\NativeMethods.cs(66,59): warning CS0472: The result of the expression is always 'false' since a value of type 'nint' is never equal to 'null' of type 'nint?' [C:\Users\ultra\warewolf\Dev\Dev2.Data\Dev2.Data.csproj]
C:\Users\ultra\warewolf\Dev\Dev2.Data\NativeMethods.cs(88,8): warning CS0472: The result of the expression is always 'false' since a value of type 'nint' is never equal to 'null' of type 'nint?' [C:\Users\ultra\warewolf\Dev\Dev2.Data\Dev2.Data.csproj]
C:\Users\ultra\warewolf\Dev\Dev2.Data\Security\WindowsIdentityExtensions.cs(28,17): warning CA1416: This call site is reachable on all platforms. 'WindowsIdentity.RunImpersonated(SafeAccessTokenHandle, Action)' is only supported on: 'windows'. (https://learn.microsoft.com/dotnet/fundamentals/code-analysis/quality-rules/ca1416) [C:\Users\ultra\warewolf\Dev\Dev2.Data\Dev2.Data.csproj]
C:\Users\ultra\warewolf\Dev\Dev2.Data\Security\WindowsIdentityExtensions.cs(41,24): warning CA1416: This call site is reachable on all platforms. 'WindowsIdentity.RunImpersonated<T>(SafeAccessTokenHandle, Func<T>)' is only supported on: 'windows'. (https://learn.microsoft.com/dotnet/fundamentals/code-analysis/quality-rules/ca1416) [C:\Users\ultra\warewolf\Dev\Dev2.Data\Dev2.Data.csproj]
C:\Users\ultra\warewolf\Dev\Dev2.Data\Security\WindowsIdentityExtensions.cs(28,49): warning CA1416: This call site is reachable on all platforms. 'WindowsIdentity.AccessToken' is only supported on: 'windows'. (https://learn.microsoft.com/dotnet/fundamentals/code-analysis/quality-rules/ca1416) [C:\Users\ultra\warewolf\Dev\Dev2.Data\Dev2.Data.csproj]
C:\Users\ultra\warewolf\Dev\Dev2.Data\Security\WindowsIdentityExtensions.cs(41,59): warning CA1416: This call site is reachable on all platforms. 'WindowsIdentity.AccessToken' is only supported on: 'windows'. (https://learn.microsoft.com/dotnet/fundamentals/code-analysis/quality-rules/ca1416) [C:\Users\ultra\warewolf\Dev\Dev2.Data\Dev2.Data.csproj]
C:\Users\ultra\warewolf\Dev\Dev2.Data\PathOperations\ValidateAuthorization.cs(73,33): warning CA1416: This call site is reachable on all platforms. 'WindowsIdentity' is only supported on: 'windows'. (https://learn.microsoft.com/dotnet/fundamentals/code-analysis/quality-rules/ca1416) [C:\Users\ultra\warewolf\Dev\Dev2.Data\Dev2.Data.csproj]
  Dev2.Data -> C:\Users\ultra\warewolf\Dev\Dev2.Data\bin\Debug\net8.0\Dev2.Data.dll
  Dev2.Core -> C:\Users\ultra\warewolf\Dev\Dev2.Core\bin\Debug\net8.0\Dev2.Core.dll
  Dev2.Utils.Tests -> C:\Users\ultra\warewolf\Dev\Dev2.Utils.Tests\bin\Debug\net8.0\linux-x64\Dev2.Utils.Tests.dll
  Dev2.Utils.Tests -> C:\Users\ultra\warewolf\Bin\ServerTests-Linux\Dev2.Utils.Tests\
Publishing Warewolf.Auditing.Tests for linux-x64...
  Determining projects to restore...
C:\Users\ultra\warewolf\Dev\Warewolf.Language.Parser\Warewolf.Language.Parser.fsproj : warning NU1504: Duplicate 'PackageReference' items found. Remove the duplicate items or use the Update functionality to ensure a consistent restore behavior. The duplicate 'PackageReference' items are: FSharp.Core 10.1.201, FSharp.Core 4.6.2.
C:\Users\ultra\warewolf\Dev\Dev2.Infrastructure\Dev2.Infrastructure.csproj : warning NU1903: Package 'Microsoft.Windows.Compatibility' 6.0.0 has a known high severity vulnerability, https://github.com/advisories/GHSA-555c-2p6r-68mm [C:\Users\ultra\warewolf\Dev\Warewolf.Auditing.Tests\Warewolf.Auditing.Tests.csproj]
C:\Users\ultra\warewolf\Dev\Dev2.Diagnostics\Dev2.Diagnostics.csproj : warning NU1701: Package 'AeroWizard 2.3.1' was restored using '.NETFramework,Version=v4.6.1, .NETFramework,Version=v4.6.2, .NETFramework,Version=v4.7, .NETFramework,Version=v4.7.1, .NETFramework,Version=v4.7.2, .NETFramework,Version=v4.8, .NETFramework,Version=v4.8.1' instead of the project target framework 'net8.0'. This package may not be fully compatible with your project. [C:\Users\ultra\warewolf\Dev\Warewolf.Auditing.Tests\Warewolf.Auditing.Tests.csproj]
C:\Users\ultra\warewolf\Dev\Warewolf.Testing\Warewolf.Testing.csproj : warning NU1701: Package 'AeroWizard 2.3.1' was restored using '.NETFramework,Version=v4.6.1, .NETFramework,Version=v4.6.2, .NETFramework,Version=v4.7, .NETFramework,Version=v4.7.1, .NETFramework,Version=v4.7.2, .NETFramework,Version=v4.8, .NETFramework,Version=v4.8.1' instead of the project target framework 'net8.0'. This package may not be fully compatible with your project. [C:\Users\ultra\warewolf\Dev\Warewolf.Auditing.Tests\Warewolf.Auditing.Tests.csproj]
C:\Users\ultra\warewolf\Dev\Warewolf.Core\Warewolf.Core.csproj : warning NU1903: Package 'Microsoft.Windows.Compatibility' 6.0.0 has a known high severity vulnerability, https://github.com/advisories/GHSA-555c-2p6r-68mm [C:\Users\ultra\warewolf\Dev\Warewolf.Auditing.Tests\Warewolf.Auditing.Tests.csproj]
C:\Users\ultra\warewolf\Dev\Warewolf.Exchange.Email.Wrapper\Warewolf.Exchange.Email.Wrapper.csproj : warning NU1701: Package 'AeroWizard 2.3.1' was restored using '.NETFramework,Version=v4.6.1, .NETFramework,Version=v4.6.2, .NETFramework,Version=v4.7, .NETFramework,Version=v4.7.1, .NETFramework,Version=v4.7.2, .NETFramework,Version=v4.8, .NETFramework,Version=v4.8.1' instead of the project target framework 'net8.0'. This package may not be fully compatible with your project. [C:\Users\ultra\warewolf\Dev\Warewolf.Auditing.Tests\Warewolf.Auditing.Tests.csproj]
C:\Users\ultra\warewolf\Dev\Warewolf.Driver.Persistence\Warewolf.Driver.Persistence.csproj : warning NU1701: Package 'AeroWizard 2.3.1' was restored using '.NETFramework,Version=v4.6.1, .NETFramework,Version=v4.6.2, .NETFramework,Version=v4.7, .NETFramework,Version=v4.7.1, .NETFramework,Version=v4.7.2, .NETFramework,Version=v4.8, .NETFramework,Version=v4.8.1' instead of the project target framework 'net8.0'. This package may not be fully compatible with your project. [C:\Users\ultra\warewolf\Dev\Warewolf.Auditing.Tests\Warewolf.Auditing.Tests.csproj]
C:\Users\ultra\warewolf\Dev\Warewolf.Studio.Core\Warewolf.Studio.Core.csproj : warning NU1701: Package 'AeroWizard 2.3.1' was restored using '.NETFramework,Version=v4.6.1, .NETFramework,Version=v4.6.2, .NETFramework,Version=v4.7, .NETFramework,Version=v4.7.1, .NETFramework,Version=v4.7.2, .NETFramework,Version=v4.8, .NETFramework,Version=v4.8.1' instead of the project target framework 'net8.0'. This package may not be fully compatible with your project. [C:\Users\ultra\warewolf\Dev\Warewolf.Auditing.Tests\Warewolf.Auditing.Tests.csproj]
C:\Users\ultra\warewolf\Dev\Warewolf.Driver.Serilog\Warewolf.Driver.Serilog.csproj : warning NU1701: Package 'AeroWizard 2.3.1' was restored using '.NETFramework,Version=v4.6.1, .NETFramework,Version=v4.6.2, .NETFramework,Version=v4.7, .NETFramework,Version=v4.7.1, .NETFramework,Version=v4.7.2, .NETFramework,Version=v4.8, .NETFramework,Version=v4.8.1' instead of the project target framework 'net8.0'. This package may not be fully compatible with your project. [C:\Users\ultra\warewolf\Dev\Warewolf.Auditing.Tests\Warewolf.Auditing.Tests.csproj]
C:\Users\ultra\warewolf\Dev\Warewolf.Driver.Serilog\Warewolf.Driver.Serilog.csproj : warning NU1701: Package 'GroupControls 1.9.0' was restored using '.NETFramework,Version=v4.6.1, .NETFramework,Version=v4.6.2, .NETFramework,Version=v4.7, .NETFramework,Version=v4.7.1, .NETFramework,Version=v4.7.2, .NETFramework,Version=v4.8, .NETFramework,Version=v4.8.1' instead of the project target framework 'net8.0'. This package may not be fully compatible with your project. [C:\Users\ultra\warewolf\Dev\Warewolf.Auditing.Tests\Warewolf.Auditing.Tests.csproj]
C:\Users\ultra\warewolf\Dev\Dev2.Infrastructure\Dev2.Infrastructure.csproj : warning NU1701: Package 'AeroWizard 2.3.1' was restored using '.NETFramework,Version=v4.6.1, .NETFramework,Version=v4.6.2, .NETFramework,Version=v4.7, .NETFramework,Version=v4.7.1, .NETFramework,Version=v4.7.2, .NETFramework,Version=v4.8, .NETFramework,Version=v4.8.1' instead of the project target framework 'net8.0'. This package may not be fully compatible with your project. [C:\Users\ultra\warewolf\Dev\Warewolf.Auditing.Tests\Warewolf.Auditing.Tests.csproj]
C:\Users\ultra\warewolf\Dev\Dev2.Diagnostics\Dev2.Diagnostics.csproj : warning NU1701: Package 'GroupControls 1.9.0' was restored using '.NETFramework,Version=v4.6.1, .NETFramework,Version=v4.6.2, .NETFramework,Version=v4.7, .NETFramework,Version=v4.7.1, .NETFramework,Version=v4.7.2, .NETFramework,Version=v4.8, .NETFramework,Version=v4.8.1' instead of the project target framework 'net8.0'. This package may not be fully compatible with your project. [C:\Users\ultra\warewolf\Dev\Warewolf.Auditing.Tests\Warewolf.Auditing.Tests.csproj]
C:\Users\ultra\warewolf\Dev\Warewolf.Exchange.Email.Wrapper\Warewolf.Exchange.Email.Wrapper.csproj : warning NU1701: Package 'GroupControls 1.9.0' was restored using '.NETFramework,Version=v4.6.1, .NETFramework,Version=v4.6.2, .NETFramework,Version=v4.7, .NETFramework,Version=v4.7.1, .NETFramework,Version=v4.7.2, .NETFramework,Version=v4.8, .NETFramework,Version=v4.8.1' instead of the project target framework 'net8.0'. This package may not be fully compatible with your project. [C:\Users\ultra\warewolf\Dev\Warewolf.Auditing.Tests\Warewolf.Auditing.Tests.csproj]
C:\Users\ultra\warewolf\Dev\Warewolf.Driver.Persistence\Warewolf.Driver.Persistence.csproj : warning NU1701: Package 'GroupControls 1.9.0' was restored using '.NETFramework,Version=v4.6.1, .NETFramework,Version=v4.6.2, .NETFramework,Version=v4.7, .NETFramework,Version=v4.7.1, .NETFramework,Version=v4.7.2, .NETFramework,Version=v4.8, .NETFramework,Version=v4.8.1' instead of the project target framework 'net8.0'. This package may not be fully compatible with your project. [C:\Users\ultra\warewolf\Dev\Warewolf.Auditing.Tests\Warewolf.Auditing.Tests.csproj]
C:\Users\ultra\warewolf\Dev\Warewolf.Testing\Warewolf.Testing.csproj : warning NU1701: Package 'GroupControls 1.9.0' was restored using '.NETFramework,Version=v4.6.1, .NETFramework,Version=v4.6.2, .NETFramework,Version=v4.7, .NETFramework,Version=v4.7.1, .NETFramework,Version=v4.7.2, .NETFramework,Version=v4.8, .NETFramework,Version=v4.8.1' instead of the project target framework 'net8.0'. This package may not be fully compatible with your project. [C:\Users\ultra\warewolf\Dev\Warewolf.Auditing.Tests\Warewolf.Auditing.Tests.csproj]
C:\Users\ultra\warewolf\Dev\Dev2.Diagnostics\Dev2.Diagnostics.csproj : warning NU1701: Package 'TaskSchedulerEditor 2.10.1' was restored using '.NETFramework,Version=v4.6.1, .NETFramework,Version=v4.6.2, .NETFramework,Version=v4.7, .NETFramework,Version=v4.7.1, .NETFramework,Version=v4.7.2, .NETFramework,Version=v4.8, .NETFramework,Version=v4.8.1' instead of the project target framework 'net8.0'. This package may not be fully compatible with your project. [C:\Users\ultra\warewolf\Dev\Warewolf.Auditing.Tests\Warewolf.Auditing.Tests.csproj]
C:\Users\ultra\warewolf\Dev\Warewolf.Exchange.Email.Wrapper\Warewolf.Exchange.Email.Wrapper.csproj : warning NU1701: Package 'ReactiveUI.WPF 18.4.1' was restored using '.NETFramework,Version=v4.6.1, .NETFramework,Version=v4.6.2, .NETFramework,Version=v4.7, .NETFramework,Version=v4.7.1, .NETFramework,Version=v4.7.2, .NETFramework,Version=v4.8, .NETFramework,Version=v4.8.1' instead of the project target framework 'net8.0'. This package may not be fully compatible with your project. [C:\Users\ultra\warewolf\Dev\Warewolf.Auditing.Tests\Warewolf.Auditing.Tests.csproj]
C:\Users\ultra\warewolf\Dev\Dev2.Infrastructure\Dev2.Infrastructure.csproj : warning NU1701: Package 'GroupControls 1.9.0' was restored using '.NETFramework,Version=v4.6.1, .NETFramework,Version=v4.6.2, .NETFramework,Version=v4.7, .NETFramework,Version=v4.7.1, .NETFramework,Version=v4.7.2, .NETFramework,Version=v4.8, .NETFramework,Version=v4.8.1' instead of the project target framework 'net8.0'. This package may not be fully compatible with your project. [C:\Users\ultra\warewolf\Dev\Warewolf.Auditing.Tests\Warewolf.Auditing.Tests.csproj]
C:\Users\ultra\warewolf\Dev\Warewolf.Driver.Persistence\Warewolf.Driver.Persistence.csproj : warning NU1701: Package 'ReactiveUI.WPF 18.4.1' was restored using '.NETFramework,Version=v4.6.1, .NETFramework,Version=v4.6.2, .NETFramework,Version=v4.7, .NETFramework,Version=v4.7.1, .NETFramework,Version=v4.7.2, .NETFramework,Version=v4.8, .NETFramework,Version=v4.8.1' instead of the project target framework 'net8.0'. This package may not be fully compatible with your project. [C:\Users\ultra\warewolf\Dev\Warewolf.Auditing.Tests\Warewolf.Auditing.Tests.csproj]
C:\Users\ultra\warewolf\Dev\Warewolf.Studio.Core\Warewolf.Studio.Core.csproj : warning NU1701: Package 'GroupControls 1.9.0' was restored using '.NETFramework,Version=v4.6.1, .NETFramework,Version=v4.6.2, .NETFramework,Version=v4.7, .NETFramework,Version=v4.7.1, .NETFramework,Version=v4.7.2, .NETFramework,Version=v4.8, .NETFramework,Version=v4.8.1' instead of the project target framework 'net8.0'. This package may not be fully compatible with your project. [C:\Users\ultra\warewolf\Dev\Warewolf.Auditing.Tests\Warewolf.Auditing.Tests.csproj]
C:\Users\ultra\warewolf\Dev\Warewolf.Common\Warewolf.Common.csproj : warning NU1701: Package 'AeroWizard 2.3.1' was restored using '.NETFramework,Version=v4.6.1, .NETFramework,Version=v4.6.2, .NETFramework,Version=v4.7, .NETFramework,Version=v4.7.1, .NETFramework,Version=v4.7.2, .NETFramework,Version=v4.8, .NETFramework,Version=v4.8.1' instead of the project target framework 'net8.0'. This package may not be fully compatible with your project. [C:\Users\ultra\warewolf\Dev\Warewolf.Auditing.Tests\Warewolf.Auditing.Tests.csproj]
C:\Users\ultra\warewolf\Dev\Warewolf.Studio.Core\Warewolf.Studio.Core.csproj : warning NU1701: Package 'Microsoft.Xaml.Behaviors.Wpf 1.1.122' was restored using '.NETFramework,Version=v4.6.1, .NETFramework,Version=v4.6.2, .NETFramework,Version=v4.7, .NETFramework,Version=v4.7.1, .NETFramework,Version=v4.7.2, .NETFramework,Version=v4.8, .NETFramework,Version=v4.8.1' instead of the project target framework 'net8.0'. This package may not be fully compatible with your project. [C:\Users\ultra\warewolf\Dev\Warewolf.Auditing.Tests\Warewolf.Auditing.Tests.csproj]
C:\Users\ultra\warewolf\Dev\Warewolf.Testing\Warewolf.Testing.csproj : warning NU1701: Package 'Microsoft.Xaml.Behaviors.Wpf 1.1.122' was restored using '.NETFramework,Version=v4.6.1, .NETFramework,Version=v4.6.2, .NETFramework,Version=v4.7, .NETFramework,Version=v4.7.1, .NETFramework,Version=v4.7.2, .NETFramework,Version=v4.8, .NETFramework,Version=v4.8.1' instead of the project target framework 'net8.0'. This package may not be fully compatible with your project. [C:\Users\ultra\warewolf\Dev\Warewolf.Auditing.Tests\Warewolf.Auditing.Tests.csproj]
C:\Users\ultra\warewolf\Dev\Warewolf.Driver.Persistence\Warewolf.Driver.Persistence.csproj : warning NU1701: Package 'TaskSchedulerEditor 2.10.1' was restored using '.NETFramework,Version=v4.6.1, .NETFramework,Version=v4.6.2, .NETFramework,Version=v4.7, .NETFramework,Version=v4.7.1, .NETFramework,Version=v4.7.2, .NETFramework,Version=v4.8, .NETFramework,Version=v4.8.1' instead of the project target framework 'net8.0'. This package may not be fully compatible with your project. [C:\Users\ultra\warewolf\Dev\Warewolf.Auditing.Tests\Warewolf.Auditing.Tests.csproj]
C:\Users\ultra\warewolf\Dev\Dev2.Infrastructure.Tests\Dev2.Infrastructure.Tests.csproj : warning NU1701: Package 'AeroWizard 2.3.1' was restored using '.NETFramework,Version=v4.6.1, .NETFramework,Version=v4.6.2, .NETFramework,Version=v4.7, .NETFramework,Version=v4.7.1, .NETFramework,Version=v4.7.2, .NETFramework,Version=v4.8, .NETFramework,Version=v4.8.1' instead of the project target framework 'net8.0'. This package may not be fully compatible with your project. [C:\Users\ultra\warewolf\Dev\Warewolf.Auditing.Tests\Warewolf.Auditing.Tests.csproj]
C:\Users\ultra\warewolf\Dev\Dev2.Infrastructure\Dev2.Infrastructure.csproj : warning NU1701: Package 'ReactiveUI.WPF 18.4.1' was restored using '.NETFramework,Version=v4.6.1, .NETFramework,Version=v4.6.2, .NETFramework,Version=v4.7, .NETFramework,Version=v4.7.1, .NETFramework,Version=v4.7.2, .NETFramework,Version=v4.8, .NETFramework,Version=v4.8.1' instead of the project target framework 'net8.0'. This package may not be fully compatible with your project. [C:\Users\ultra\warewolf\Dev\Warewolf.Auditing.Tests\Warewolf.Auditing.Tests.csproj]
C:\Users\ultra\warewolf\Dev\Warewolf.Studio.Core\Warewolf.Studio.Core.csproj : warning NU1701: Package 'Prism.Wpf 9.0.537' was restored using '.NETFramework,Version=v4.6.1, .NETFramework,Version=v4.6.2, .NETFramework,Version=v4.7, .NETFramework,Version=v4.7.1, .NETFramework,Version=v4.7.2, .NETFramework,Version=v4.8, .NETFramework,Version=v4.8.1' instead of the project target framework 'net8.0'. This package may not be fully compatible with your project. [C:\Users\ultra\warewolf\Dev\Warewolf.Auditing.Tests\Warewolf.Auditing.Tests.csproj]
C:\Users\ultra\warewolf\Dev\Warewolf.Testing\Warewolf.Testing.csproj : warning NU1701: Package 'Prism.Wpf 9.0.537' was restored using '.NETFramework,Version=v4.6.1, .NETFramework,Version=v4.6.2, .NETFramework,Version=v4.7, .NETFramework,Version=v4.7.1, .NETFramework,Version=v4.7.2, .NETFramework,Version=v4.8, .NETFramework,Version=v4.8.1' instead of the project target framework 'net8.0'. This package may not be fully compatible with your project. [C:\Users\ultra\warewolf\Dev\Warewolf.Auditing.Tests\Warewolf.Auditing.Tests.csproj]
C:\Users\ultra\warewolf\Dev\Dev2.Infrastructure.Tests\Dev2.Infrastructure.Tests.csproj : warning NU1701: Package 'GroupControls 1.9.0' was restored using '.NETFramework,Version=v4.6.1, .NETFramework,Version=v4.6.2, .NETFramework,Version=v4.7, .NETFramework,Version=v4.7.1, .NETFramework,Version=v4.7.2, .NETFramework,Version=v4.8, .NETFramework,Version=v4.8.1' instead of the project target framework 'net8.0'. This package may not be fully compatible with your project. [C:\Users\ultra\warewolf\Dev\Warewolf.Auditing.Tests\Warewolf.Auditing.Tests.csproj]
C:\Users\ultra\warewolf\Dev\Dev2.Infrastructure\Dev2.Infrastructure.csproj : warning NU1701: Package 'TaskSchedulerEditor 2.10.1' was restored using '.NETFramework,Version=v4.6.1, .NETFramework,Version=v4.6.2, .NETFramework,Version=v4.7, .NETFramework,Version=v4.7.1, .NETFramework,Version=v4.7.2, .NETFramework,Version=v4.8, .NETFramework,Version=v4.8.1' instead of the project target framework 'net8.0'. This package may not be fully compatible with your project. [C:\Users\ultra\warewolf\Dev\Warewolf.Auditing.Tests\Warewolf.Auditing.Tests.csproj]
C:\Users\ultra\warewolf\Dev\Warewolf.Studio.Core\Warewolf.Studio.Core.csproj : warning NU1701: Package 'ReactiveUI.WPF 18.4.1' was restored using '.NETFramework,Version=v4.6.1, .NETFramework,Version=v4.6.2, .NETFramework,Version=v4.7, .NETFramework,Version=v4.7.1, .NETFramework,Version=v4.7.2, .NETFramework,Version=v4.8, .NETFramework,Version=v4.8.1' instead of the project target framework 'net8.0'. This package may not be fully compatible with your project. [C:\Users\ultra\warewolf\Dev\Warewolf.Auditing.Tests\Warewolf.Auditing.Tests.csproj]
C:\Users\ultra\warewolf\Dev\Dev2.Infrastructure.Tests\Dev2.Infrastructure.Tests.csproj : warning NU1701: Package 'Microsoft.Xaml.Behaviors.Wpf 1.1.122' was restored using '.NETFramework,Version=v4.6.1, .NETFramework,Version=v4.6.2, .NETFramework,Version=v4.7, .NETFramework,Version=v4.7.1, .NETFramework,Version=v4.7.2, .NETFramework,Version=v4.8, .NETFramework,Version=v4.8.1' instead of the project target framework 'net8.0'. This package may not be fully compatible with your project. [C:\Users\ultra\warewolf\Dev\Warewolf.Auditing.Tests\Warewolf.Auditing.Tests.csproj]
C:\Users\ultra\warewolf\Dev\Warewolf.Testing\Warewolf.Testing.csproj : warning NU1701: Package 'ReactiveUI.WPF 18.4.1' was restored using '.NETFramework,Version=v4.6.1, .NETFramework,Version=v4.6.2, .NETFramework,Version=v4.7, .NETFramework,Version=v4.7.1, .NETFramework,Version=v4.7.2, .NETFramework,Version=v4.8, .NETFramework,Version=v4.8.1' instead of the project target framework 'net8.0'. This package may not be fully compatible with your project. [C:\Users\ultra\warewolf\Dev\Warewolf.Auditing.Tests\Warewolf.Auditing.Tests.csproj]
C:\Users\ultra\warewolf\Dev\Dev2.SignalR.Wrappers.New\Dev2.SignalR.Wrappers.New.csproj : warning NU1701: Package 'AeroWizard 2.3.1' was restored using '.NETFramework,Version=v4.6.1, .NETFramework,Version=v4.6.2, .NETFramework,Version=v4.7, .NETFramework,Version=v4.7.1, .NETFramework,Version=v4.7.2, .NETFramework,Version=v4.8, .NETFramework,Version=v4.8.1' instead of the project target framework 'net8.0'. This package may not be fully compatible with your project. [C:\Users\ultra\warewolf\Dev\Warewolf.Auditing.Tests\Warewolf.Auditing.Tests.csproj]
C:\Users\ultra\warewolf\Dev\Warewolf.Studio.Core\Warewolf.Studio.Core.csproj : warning NU1701: Package 'TaskSchedulerEditor 2.10.1' was restored using '.NETFramework,Version=v4.6.1, .NETFramework,Version=v4.6.2, .NETFramework,Version=v4.7, .NETFramework,Version=v4.7.1, .NETFramework,Version=v4.7.2, .NETFramework,Version=v4.8, .NETFramework,Version=v4.8.1' instead of the project target framework 'net8.0'. This package may not be fully compatible with your project. [C:\Users\ultra\warewolf\Dev\Warewolf.Auditing.Tests\Warewolf.Auditing.Tests.csproj]
C:\Users\ultra\warewolf\Dev\Warewolf.Testing\Warewolf.Testing.csproj : warning NU1701: Package 'TaskSchedulerEditor 2.10.1' was restored using '.NETFramework,Version=v4.6.1, .NETFramework,Version=v4.6.2, .NETFramework,Version=v4.7, .NETFramework,Version=v4.7.1, .NETFramework,Version=v4.7.2, .NETFramework,Version=v4.8, .NETFramework,Version=v4.8.1' instead of the project target framework 'net8.0'. This package may not be fully compatible with your project. [C:\Users\ultra\warewolf\Dev\Warewolf.Auditing.Tests\Warewolf.Auditing.Tests.csproj]
C:\Users\ultra\warewolf\Dev\Dev2.Infrastructure.Tests\Dev2.Infrastructure.Tests.csproj : warning NU1701: Package 'Prism.Wpf 9.0.537' was restored using '.NETFramework,Version=v4.6.1, .NETFramework,Version=v4.6.2, .NETFramework,Version=v4.7, .NETFramework,Version=v4.7.1, .NETFramework,Version=v4.7.2, .NETFramework,Version=v4.8, .NETFramework,Version=v4.8.1' instead of the project target framework 'net8.0'. This package may not be fully compatible with your project. [C:\Users\ultra\warewolf\Dev\Warewolf.Auditing.Tests\Warewolf.Auditing.Tests.csproj]
C:\Users\ultra\warewolf\Dev\Warewolf.Common\Warewolf.Common.csproj : warning NU1701: Package 'GroupControls 1.9.0' was restored using '.NETFramework,Version=v4.6.1, .NETFramework,Version=v4.6.2, .NETFramework,Version=v4.7, .NETFramework,Version=v4.7.1, .NETFramework,Version=v4.7.2, .NETFramework,Version=v4.8, .NETFramework,Version=v4.8.1' instead of the project target framework 'net8.0'. This package may not be fully compatible with your project. [C:\Users\ultra\warewolf\Dev\Warewolf.Auditing.Tests\Warewolf.Auditing.Tests.csproj]
C:\Users\ultra\warewolf\Dev\Dev2.SignalR.Wrappers.New\Dev2.SignalR.Wrappers.New.csproj : warning NU1701: Package 'GroupControls 1.9.0' was restored using '.NETFramework,Version=v4.6.1, .NETFramework,Version=v4.6.2, .NETFramework,Version=v4.7, .NETFramework,Version=v4.7.1, .NETFramework,Version=v4.7.2, .NETFramework,Version=v4.8, .NETFramework,Version=v4.8.1' instead of the project target framework 'net8.0'. This package may not be fully compatible with your project. [C:\Users\ultra\warewolf\Dev\Warewolf.Auditing.Tests\Warewolf.Auditing.Tests.csproj]
C:\Users\ultra\warewolf\Dev\Dev2.Infrastructure.Tests\Dev2.Infrastructure.Tests.csproj : warning NU1701: Package 'ReactiveUI.WPF 18.4.1' was restored using '.NETFramework,Version=v4.6.1, .NETFramework,Version=v4.6.2, .NETFramework,Version=v4.7, .NETFramework,Version=v4.7.1, .NETFramework,Version=v4.7.2, .NETFramework,Version=v4.8, .NETFramework,Version=v4.8.1' instead of the project target framework 'net8.0'. This package may not be fully compatible with your project. [C:\Users\ultra\warewolf\Dev\Warewolf.Auditing.Tests\Warewolf.Auditing.Tests.csproj]
C:\Users\ultra\warewolf\Dev\Warewolf.Common\Warewolf.Common.csproj : warning NU1701: Package 'TaskSchedulerEditor 2.10.1' was restored using '.NETFramework,Version=v4.6.1, .NETFramework,Version=v4.6.2, .NETFramework,Version=v4.7, .NETFramework,Version=v4.7.1, .NETFramework,Version=v4.7.2, .NETFramework,Version=v4.8, .NETFramework,Version=v4.8.1' instead of the project target framework 'net8.0'. This package may not be fully compatible with your project. [C:\Users\ultra\warewolf\Dev\Warewolf.Auditing.Tests\Warewolf.Auditing.Tests.csproj]
C:\Users\ultra\warewolf\Dev\Dev2.SignalR.Wrappers.New\Dev2.SignalR.Wrappers.New.csproj : warning NU1701: Package 'ReactiveUI.WPF 18.4.1' was restored using '.NETFramework,Version=v4.6.1, .NETFramework,Version=v4.6.2, .NETFramework,Version=v4.7, .NETFramework,Version=v4.7.1, .NETFramework,Version=v4.7.2, .NETFramework,Version=v4.8, .NETFramework,Version=v4.8.1' instead of the project target framework 'net8.0'. This package may not be fully compatible with your project. [C:\Users\ultra\warewolf\Dev\Warewolf.Auditing.Tests\Warewolf.Auditing.Tests.csproj]
C:\Users\ultra\warewolf\Dev\Dev2.Infrastructure.Tests\Dev2.Infrastructure.Tests.csproj : warning NU1701: Package 'TaskSchedulerEditor 2.10.1' was restored using '.NETFramework,Version=v4.6.1, .NETFramework,Version=v4.6.2, .NETFramework,Version=v4.7, .NETFramework,Version=v4.7.1, .NETFramework,Version=v4.7.2, .NETFramework,Version=v4.8, .NETFramework,Version=v4.8.1' instead of the project target framework 'net8.0'. This package may not be fully compatible with your project. [C:\Users\ultra\warewolf\Dev\Warewolf.Auditing.Tests\Warewolf.Auditing.Tests.csproj]
C:\Users\ultra\warewolf\Dev\Dev2.SignalR.Wrappers.New\Dev2.SignalR.Wrappers.New.csproj : warning NU1701: Package 'TaskSchedulerEditor 2.10.1' was restored using '.NETFramework,Version=v4.6.1, .NETFramework,Version=v4.6.2, .NETFramework,Version=v4.7, .NETFramework,Version=v4.7.1, .NETFramework,Version=v4.7.2, .NETFramework,Version=v4.8, .NETFramework,Version=v4.8.1' instead of the project target framework 'net8.0'. This package may not be fully compatible with your project. [C:\Users\ultra\warewolf\Dev\Warewolf.Auditing.Tests\Warewolf.Auditing.Tests.csproj]
C:\Users\ultra\warewolf\Dev\Warewolf.Core\Warewolf.Core.csproj : warning NU1701: Package 'AeroWizard 2.3.1' was restored using '.NETFramework,Version=v4.6.1, .NETFramework,Version=v4.6.2, .NETFramework,Version=v4.7, .NETFramework,Version=v4.7.1, .NETFramework,Version=v4.7.2, .NETFramework,Version=v4.8, .NETFramework,Version=v4.8.1' instead of the project target framework 'net8.0'. This package may not be fully compatible with your project. [C:\Users\ultra\warewolf\Dev\Warewolf.Auditing.Tests\Warewolf.Auditing.Tests.csproj]
C:\Users\ultra\warewolf\Dev\Warewolf.Common.NetStandard20\Warewolf.Common.NetStandard20.csproj : warning NU1701: Package 'AeroWizard 2.3.1' was restored using '.NETFramework,Version=v4.6.1, .NETFramework,Version=v4.6.2, .NETFramework,Version=v4.7, .NETFramework,Version=v4.7.1, .NETFramework,Version=v4.7.2, .NETFramework,Version=v4.8, .NETFramework,Version=v4.8.1' instead of the project target framework 'net8.0'. This package may not be fully compatible with your project. [C:\Users\ultra\warewolf\Dev\Warewolf.Auditing.Tests\Warewolf.Auditing.Tests.csproj]
C:\Users\ultra\warewolf\Dev\Warewolf.Core\Warewolf.Core.csproj : warning NU1701: Package 'GroupControls 1.9.0' was restored using '.NETFramework,Version=v4.6.1, .NETFramework,Version=v4.6.2, .NETFramework,Version=v4.7, .NETFramework,Version=v4.7.1, .NETFramework,Version=v4.7.2, .NETFramework,Version=v4.8, .NETFramework,Version=v4.8.1' instead of the project target framework 'net8.0'. This package may not be fully compatible with your project. [C:\Users\ultra\warewolf\Dev\Warewolf.Auditing.Tests\Warewolf.Auditing.Tests.csproj]
C:\Users\ultra\warewolf\Dev\Warewolf.Core\Warewolf.Core.csproj : warning NU1701: Package 'ReactiveUI.WPF 18.4.1' was restored using '.NETFramework,Version=v4.6.1, .NETFramework,Version=v4.6.2, .NETFramework,Version=v4.7, .NETFramework,Version=v4.7.1, .NETFramework,Version=v4.7.2, .NETFramework,Version=v4.8, .NETFramework,Version=v4.8.1' instead of the project target framework 'net8.0'. This package may not be fully compatible with your project. [C:\Users\ultra\warewolf\Dev\Warewolf.Auditing.Tests\Warewolf.Auditing.Tests.csproj]
C:\Users\ultra\warewolf\Dev\Warewolf.Core\Warewolf.Core.csproj : warning NU1701: Package 'TaskSchedulerEditor 2.10.1' was restored using '.NETFramework,Version=v4.6.1, .NETFramework,Version=v4.6.2, .NETFramework,Version=v4.7, .NETFramework,Version=v4.7.1, .NETFramework,Version=v4.7.2, .NETFramework,Version=v4.8, .NETFramework,Version=v4.8.1' instead of the project target framework 'net8.0'. This package may not be fully compatible with your project. [C:\Users\ultra\warewolf\Dev\Warewolf.Auditing.Tests\Warewolf.Auditing.Tests.csproj]
C:\Users\ultra\warewolf\Dev\Warewolf.Common.NetStandard20\Warewolf.Common.NetStandard20.csproj : warning NU1701: Package 'GroupControls 1.9.0' was restored using '.NETFramework,Version=v4.6.1, .NETFramework,Version=v4.6.2, .NETFramework,Version=v4.7, .NETFramework,Version=v4.7.1, .NETFramework,Version=v4.7.2, .NETFramework,Version=v4.8, .NETFramework,Version=v4.8.1' instead of the project target framework 'net8.0'. This package may not be fully compatible with your project. [C:\Users\ultra\warewolf\Dev\Warewolf.Auditing.Tests\Warewolf.Auditing.Tests.csproj]
C:\Users\ultra\warewolf\Dev\Warewolf.Common.NetStandard20\Warewolf.Common.NetStandard20.csproj : warning NU1701: Package 'ReactiveUI.WPF 18.4.1' was restored using '.NETFramework,Version=v4.6.1, .NETFramework,Version=v4.6.2, .NETFramework,Version=v4.7, .NETFramework,Version=v4.7.1, .NETFramework,Version=v4.7.2, .NETFramework,Version=v4.8, .NETFramework,Version=v4.8.1' instead of the project target framework 'net8.0'. This package may not be fully compatible with your project. [C:\Users\ultra\warewolf\Dev\Warewolf.Auditing.Tests\Warewolf.Auditing.Tests.csproj]
C:\Users\ultra\warewolf\Dev\Warewolf.Common.NetStandard20\Warewolf.Common.NetStandard20.csproj : warning NU1701: Package 'TaskSchedulerEditor 2.10.1' was restored using '.NETFramework,Version=v4.6.1, .NETFramework,Version=v4.6.2, .NETFramework,Version=v4.7, .NETFramework,Version=v4.7.1, .NETFramework,Version=v4.7.2, .NETFramework,Version=v4.8, .NETFramework,Version=v4.8.1' instead of the project target framework 'net8.0'. This package may not be fully compatible with your project. [C:\Users\ultra\warewolf\Dev\Warewolf.Auditing.Tests\Warewolf.Auditing.Tests.csproj]
C:\Users\ultra\warewolf\Dev\Warewolf.Driver.Serilog\Warewolf.Driver.Serilog.csproj : warning NU1701: Package 'ReactiveUI.WPF 18.4.1' was restored using '.NETFramework,Version=v4.6.1, .NETFramework,Version=v4.6.2, .NETFramework,Version=v4.7, .NETFramework,Version=v4.7.1, .NETFramework,Version=v4.7.2, .NETFramework,Version=v4.8, .NETFramework,Version=v4.8.1' instead of the project target framework 'net8.0'. This package may not be fully compatible with your project. [C:\Users\ultra\warewolf\Dev\Warewolf.Auditing.Tests\Warewolf.Auditing.Tests.csproj]
C:\Users\ultra\warewolf\Dev\Warewolf.Driver.Serilog\Warewolf.Driver.Serilog.csproj : warning NU1701: Package 'TaskSchedulerEditor 2.10.1' was restored using '.NETFramework,Version=v4.6.1, .NETFramework,Version=v4.6.2, .NETFramework,Version=v4.7, .NETFramework,Version=v4.7.1, .NETFramework,Version=v4.7.2, .NETFramework,Version=v4.8, .NETFramework,Version=v4.8.1' instead of the project target framework 'net8.0'. This package may not be fully compatible with your project. [C:\Users\ultra\warewolf\Dev\Warewolf.Auditing.Tests\Warewolf.Auditing.Tests.csproj]
C:\Users\ultra\warewolf\Dev\Warewolf.Exchange.Email.Wrapper\Warewolf.Exchange.Email.Wrapper.csproj : warning NU1701: Package 'TaskSchedulerEditor 2.10.1' was restored using '.NETFramework,Version=v4.6.1, .NETFramework,Version=v4.6.2, .NETFramework,Version=v4.7, .NETFramework,Version=v4.7.1, .NETFramework,Version=v4.7.2, .NETFramework,Version=v4.8, .NETFramework,Version=v4.8.1' instead of the project target framework 'net8.0'. This package may not be fully compatible with your project. [C:\Users\ultra\warewolf\Dev\Warewolf.Auditing.Tests\Warewolf.Auditing.Tests.csproj]
C:\Users\ultra\warewolf\Dev\Dev2.Data.Interfaces\Dev2.Data.Interfaces.csproj : warning NU1903: Package 'DotNetZip' 1.16.0 has a known high severity vulnerability, https://github.com/advisories/GHSA-xhg6-9j5j-w4vf [C:\Users\ultra\warewolf\Dev\Warewolf.Auditing.Tests\Warewolf.Auditing.Tests.csproj]
C:\Users\ultra\warewolf\Dev\Dev2.Data.Interfaces\Dev2.Data.Interfaces.csproj : warning NU1701: Package 'AeroWizard 2.3.1' was restored using '.NETFramework,Version=v4.6.1, .NETFramework,Version=v4.6.2, .NETFramework,Version=v4.7, .NETFramework,Version=v4.7.1, .NETFramework,Version=v4.7.2, .NETFramework,Version=v4.8, .NETFramework,Version=v4.8.1' instead of the project target framework 'net8.0'. This package may not be fully compatible with your project. [C:\Users\ultra\warewolf\Dev\Warewolf.Auditing.Tests\Warewolf.Auditing.Tests.csproj]
C:\Users\ultra\warewolf\Dev\Dev2.Data.Interfaces\Dev2.Data.Interfaces.csproj : warning NU1701: Package 'GroupControls 1.9.0' was restored using '.NETFramework,Version=v4.6.1, .NETFramework,Version=v4.6.2, .NETFramework,Version=v4.7, .NETFramework,Version=v4.7.1, .NETFramework,Version=v4.7.2, .NETFramework,Version=v4.8, .NETFramework,Version=v4.8.1' instead of the project target framework 'net8.0'. This package may not be fully compatible with your project. [C:\Users\ultra\warewolf\Dev\Warewolf.Auditing.Tests\Warewolf.Auditing.Tests.csproj]
C:\Users\ultra\warewolf\Dev\Dev2.Data.Interfaces\Dev2.Data.Interfaces.csproj : warning NU1701: Package 'TaskSchedulerEditor 2.10.1' was restored using '.NETFramework,Version=v4.6.1, .NETFramework,Version=v4.6.2, .NETFramework,Version=v4.7, .NETFramework,Version=v4.7.1, .NETFramework,Version=v4.7.2, .NETFramework,Version=v4.8, .NETFramework,Version=v4.8.1' instead of the project target framework 'net8.0'. This package may not be fully compatible with your project. [C:\Users\ultra\warewolf\Dev\Warewolf.Auditing.Tests\Warewolf.Auditing.Tests.csproj]
C:\Users\ultra\warewolf\Dev\Dev2.Development.Languages\Dev2.Development.Languages.csproj : warning NU1701: Package 'AeroWizard 2.3.1' was restored using '.NETFramework,Version=v4.6.1, .NETFramework,Version=v4.6.2, .NETFramework,Version=v4.7, .NETFramework,Version=v4.7.1, .NETFramework,Version=v4.7.2, .NETFramework,Version=v4.8, .NETFramework,Version=v4.8.1' instead of the project target framework 'net8.0'. This package may not be fully compatible with your project. [C:\Users\ultra\warewolf\Dev\Warewolf.Auditing.Tests\Warewolf.Auditing.Tests.csproj]
C:\Users\ultra\warewolf\Dev\Dev2.Development.Languages\Dev2.Development.Languages.csproj : warning NU1701: Package 'GroupControls 1.9.0' was restored using '.NETFramework,Version=v4.6.1, .NETFramework,Version=v4.6.2, .NETFramework,Version=v4.7, .NETFramework,Version=v4.7.1, .NETFramework,Version=v4.7.2, .NETFramework,Version=v4.8, .NETFramework,Version=v4.8.1' instead of the project target framework 'net8.0'. This package may not be fully compatible with your project. [C:\Users\ultra\warewolf\Dev\Warewolf.Auditing.Tests\Warewolf.Auditing.Tests.csproj]
C:\Users\ultra\warewolf\Dev\Dev2.Development.Languages\Dev2.Development.Languages.csproj : warning NU1701: Package 'TaskSchedulerEditor 2.10.1' was restored using '.NETFramework,Version=v4.6.1, .NETFramework,Version=v4.6.2, .NETFramework,Version=v4.7, .NETFramework,Version=v4.7.1, .NETFramework,Version=v4.7.2, .NETFramework,Version=v4.8, .NETFramework,Version=v4.8.1' instead of the project target framework 'net8.0'. This package may not be fully compatible with your project. [C:\Users\ultra\warewolf\Dev\Warewolf.Auditing.Tests\Warewolf.Auditing.Tests.csproj]
C:\Users\ultra\warewolf\Dev\Dev2.CustomControls\Dev2.CustomControls.csproj : warning NU1903: Package 'Microsoft.Windows.Compatibility' 6.0.0 has a known high severity vulnerability, https://github.com/advisories/GHSA-555c-2p6r-68mm [C:\Users\ultra\warewolf\Dev\Warewolf.Auditing.Tests\Warewolf.Auditing.Tests.csproj]
C:\Users\ultra\warewolf\Dev\Dev2.CustomControls\Dev2.CustomControls.csproj : warning NU1701: Package 'AeroWizard 2.3.1' was restored using '.NETFramework,Version=v4.6.1, .NETFramework,Version=v4.6.2, .NETFramework,Version=v4.7, .NETFramework,Version=v4.7.1, .NETFramework,Version=v4.7.2, .NETFramework,Version=v4.8, .NETFramework,Version=v4.8.1' instead of the project target framework 'net8.0'. This package may not be fully compatible with your project. [C:\Users\ultra\warewolf\Dev\Warewolf.Auditing.Tests\Warewolf.Auditing.Tests.csproj]
C:\Users\ultra\warewolf\Dev\Dev2.CustomControls\Dev2.CustomControls.csproj : warning NU1701: Package 'GroupControls 1.9.0' was restored using '.NETFramework,Version=v4.6.1, .NETFramework,Version=v4.6.2, .NETFramework,Version=v4.7, .NETFramework,Version=v4.7.1, .NETFramework,Version=v4.7.2, .NETFramework,Version=v4.8, .NETFramework,Version=v4.8.1' instead of the project target framework 'net8.0'. This package may not be fully compatible with your project. [C:\Users\ultra\warewolf\Dev\Warewolf.Auditing.Tests\Warewolf.Auditing.Tests.csproj]
C:\Users\ultra\warewolf\Dev\Dev2.CustomControls\Dev2.CustomControls.csproj : warning NU1701: Package 'TaskSchedulerEditor 2.10.1' was restored using '.NETFramework,Version=v4.6.1, .NETFramework,Version=v4.6.2, .NETFramework,Version=v4.7, .NETFramework,Version=v4.7.1, .NETFramework,Version=v4.7.2, .NETFramework,Version=v4.8, .NETFramework,Version=v4.8.1' instead of the project target framework 'net8.0'. This package may not be fully compatible with your project. [C:\Users\ultra\warewolf\Dev\Warewolf.Auditing.Tests\Warewolf.Auditing.Tests.csproj]
C:\Users\ultra\warewolf\Dev\Dev2.Data\Dev2.Data.csproj : warning NU1701: Package 'AeroWizard 2.3.1' was restored using '.NETFramework,Version=v4.6.1, .NETFramework,Version=v4.6.2, .NETFramework,Version=v4.7, .NETFramework,Version=v4.7.1, .NETFramework,Version=v4.7.2, .NETFramework,Version=v4.8, .NETFramework,Version=v4.8.1' instead of the project target framework 'net8.0'. This package may not be fully compatible with your project. [C:\Users\ultra\warewolf\Dev\Warewolf.Auditing.Tests\Warewolf.Auditing.Tests.csproj]
C:\Users\ultra\warewolf\Dev\Dev2.Data\Dev2.Data.csproj : warning NU1701: Package 'GroupControls 1.9.0' was restored using '.NETFramework,Version=v4.6.1, .NETFramework,Version=v4.6.2, .NETFramework,Version=v4.7, .NETFramework,Version=v4.7.1, .NETFramework,Version=v4.7.2, .NETFramework,Version=v4.8, .NETFramework,Version=v4.8.1' instead of the project target framework 'net8.0'. This package may not be fully compatible with your project. [C:\Users\ultra\warewolf\Dev\Warewolf.Auditing.Tests\Warewolf.Auditing.Tests.csproj]
C:\Users\ultra\warewolf\Dev\Dev2.Data\Dev2.Data.csproj : warning NU1701: Package 'ReactiveUI.WPF 18.4.1' was restored using '.NETFramework,Version=v4.6.1, .NETFramework,Version=v4.6.2, .NETFramework,Version=v4.7, .NETFramework,Version=v4.7.1, .NETFramework,Version=v4.7.2, .NETFramework,Version=v4.8, .NETFramework,Version=v4.8.1' instead of the project target framework 'net8.0'. This package may not be fully compatible with your project. [C:\Users\ultra\warewolf\Dev\Warewolf.Auditing.Tests\Warewolf.Auditing.Tests.csproj]
C:\Users\ultra\warewolf\Dev\Dev2.Data\Dev2.Data.csproj : warning NU1701: Package 'TaskSchedulerEditor 2.10.1' was restored using '.NETFramework,Version=v4.6.1, .NETFramework,Version=v4.6.2, .NETFramework,Version=v4.7, .NETFramework,Version=v4.7.1, .NETFramework,Version=v4.7.2, .NETFramework,Version=v4.8, .NETFramework,Version=v4.8.1' instead of the project target framework 'net8.0'. This package may not be fully compatible with your project. [C:\Users\ultra\warewolf\Dev\Warewolf.Auditing.Tests\Warewolf.Auditing.Tests.csproj]
C:\Users\ultra\warewolf\Dev\Dev2.Services.Sql\Dev2.Services.Sql.csproj : warning NU1903: Package 'Oracle.ManagedDataAccess.Core' 3.21.70 has a known high severity vulnerability, https://github.com/advisories/GHSA-5pm2-9mr2-3frq [C:\Users\ultra\warewolf\Dev\Warewolf.Auditing.Tests\Warewolf.Auditing.Tests.csproj]
C:\Users\ultra\warewolf\Dev\Dev2.Services.Sql\Dev2.Services.Sql.csproj : warning NU1701: Package 'AeroWizard 2.3.1' was restored using '.NETFramework,Version=v4.6.1, .NETFramework,Version=v4.6.2, .NETFramework,Version=v4.7, .NETFramework,Version=v4.7.1, .NETFramework,Version=v4.7.2, .NETFramework,Version=v4.8, .NETFramework,Version=v4.8.1' instead of the project target framework 'net8.0'. This package may not be fully compatible with your project. [C:\Users\ultra\warewolf\Dev\Warewolf.Auditing.Tests\Warewolf.Auditing.Tests.csproj]
C:\Users\ultra\warewolf\Dev\Dev2.Services.Sql\Dev2.Services.Sql.csproj : warning NU1701: Package 'GroupControls 1.9.0' was restored using '.NETFramework,Version=v4.6.1, .NETFramework,Version=v4.6.2, .NETFramework,Version=v4.7, .NETFramework,Version=v4.7.1, .NETFramework,Version=v4.7.2, .NETFramework,Version=v4.8, .NETFramework,Version=v4.8.1' instead of the project target framework 'net8.0'. This package may not be fully compatible with your project. [C:\Users\ultra\warewolf\Dev\Warewolf.Auditing.Tests\Warewolf.Auditing.Tests.csproj]
C:\Users\ultra\warewolf\Dev\Dev2.Services.Sql\Dev2.Services.Sql.csproj : warning NU1701: Package 'ReactiveUI.WPF 18.4.1' was restored using '.NETFramework,Version=v4.6.1, .NETFramework,Version=v4.6.2, .NETFramework,Version=v4.7, .NETFramework,Version=v4.7.1, .NETFramework,Version=v4.7.2, .NETFramework,Version=v4.8, .NETFramework,Version=v4.8.1' instead of the project target framework 'net8.0'. This package may not be fully compatible with your project. [C:\Users\ultra\warewolf\Dev\Warewolf.Auditing.Tests\Warewolf.Auditing.Tests.csproj]
C:\Users\ultra\warewolf\Dev\Dev2.Services.Sql\Dev2.Services.Sql.csproj : warning NU1701: Package 'TaskSchedulerEditor 2.10.1' was restored using '.NETFramework,Version=v4.6.1, .NETFramework,Version=v4.6.2, .NETFramework,Version=v4.7, .NETFramework,Version=v4.7.1, .NETFramework,Version=v4.7.2, .NETFramework,Version=v4.8, .NETFramework,Version=v4.8.1' instead of the project target framework 'net8.0'. This package may not be fully compatible with your project. [C:\Users\ultra\warewolf\Dev\Warewolf.Auditing.Tests\Warewolf.Auditing.Tests.csproj]
C:\Users\ultra\warewolf\Dev\Warewolf.Auditing\Warewolf.Auditing.csproj : warning NU1701: Package 'AeroWizard 2.3.1' was restored using '.NETFramework,Version=v4.6.1, .NETFramework,Version=v4.6.2, .NETFramework,Version=v4.7, .NETFramework,Version=v4.7.1, .NETFramework,Version=v4.7.2, .NETFramework,Version=v4.8, .NETFramework,Version=v4.8.1' instead of the project target framework 'net8.0'. This package may not be fully compatible with your project. [C:\Users\ultra\warewolf\Dev\Warewolf.Auditing.Tests\Warewolf.Auditing.Tests.csproj]
C:\Users\ultra\warewolf\Dev\Warewolf.Auditing\Warewolf.Auditing.csproj : warning NU1701: Package 'GroupControls 1.9.0' was restored using '.NETFramework,Version=v4.6.1, .NETFramework,Version=v4.6.2, .NETFramework,Version=v4.7, .NETFramework,Version=v4.7.1, .NETFramework,Version=v4.7.2, .NETFramework,Version=v4.8, .NETFramework,Version=v4.8.1' instead of the project target framework 'net8.0'. This package may not be fully compatible with your project. [C:\Users\ultra\warewolf\Dev\Warewolf.Auditing.Tests\Warewolf.Auditing.Tests.csproj]
C:\Users\ultra\warewolf\Dev\Warewolf.Auditing\Warewolf.Auditing.csproj : warning NU1701: Package 'ReactiveUI.WPF 18.4.1' was restored using '.NETFramework,Version=v4.6.1, .NETFramework,Version=v4.6.2, .NETFramework,Version=v4.7, .NETFramework,Version=v4.7.1, .NETFramework,Version=v4.7.2, .NETFramework,Version=v4.8, .NETFramework,Version=v4.8.1' instead of the project target framework 'net8.0'. This package may not be fully compatible with your project. [C:\Users\ultra\warewolf\Dev\Warewolf.Auditing.Tests\Warewolf.Auditing.Tests.csproj]
C:\Users\ultra\warewolf\Dev\Warewolf.Auditing\Warewolf.Auditing.csproj : warning NU1701: Package 'TaskSchedulerEditor 2.10.1' was restored using '.NETFramework,Version=v4.6.1, .NETFramework,Version=v4.6.2, .NETFramework,Version=v4.7, .NETFramework,Version=v4.7.1, .NETFramework,Version=v4.7.2, .NETFramework,Version=v4.8, .NETFramework,Version=v4.8.1' instead of the project target framework 'net8.0'. This package may not be fully compatible with your project. [C:\Users\ultra\warewolf\Dev\Warewolf.Auditing.Tests\Warewolf.Auditing.Tests.csproj]
C:\Users\ultra\warewolf\Dev\Dev2.Runtime.Configuration\Dev2.Runtime.Configuration.csproj : warning NU1903: Package 'Microsoft.Windows.Compatibility' 6.0.0 has a known high severity vulnerability, https://github.com/advisories/GHSA-555c-2p6r-68mm [C:\Users\ultra\warewolf\Dev\Warewolf.Auditing.Tests\Warewolf.Auditing.Tests.csproj]
C:\Users\ultra\warewolf\Dev\Dev2.Runtime.Configuration\Dev2.Runtime.Configuration.csproj : warning NU1701: Package 'AeroWizard 2.3.1' was restored using '.NETFramework,Version=v4.6.1, .NETFramework,Version=v4.6.2, .NETFramework,Version=v4.7, .NETFramework,Version=v4.7.1, .NETFramework,Version=v4.7.2, .NETFramework,Version=v4.8, .NETFramework,Version=v4.8.1' instead of the project target framework 'net8.0'. This package may not be fully compatible with your project. [C:\Users\ultra\warewolf\Dev\Warewolf.Auditing.Tests\Warewolf.Auditing.Tests.csproj]
C:\Users\ultra\warewolf\Dev\Dev2.Runtime.Configuration\Dev2.Runtime.Configuration.csproj : warning NU1701: Package 'GroupControls 1.9.0' was restored using '.NETFramework,Version=v4.6.1, .NETFramework,Version=v4.6.2, .NETFramework,Version=v4.7, .NETFramework,Version=v4.7.1, .NETFramework,Version=v4.7.2, .NETFramework,Version=v4.8, .NETFramework,Version=v4.8.1' instead of the project target framework 'net8.0'. This package may not be fully compatible with your project. [C:\Users\ultra\warewolf\Dev\Warewolf.Auditing.Tests\Warewolf.Auditing.Tests.csproj]
C:\Users\ultra\warewolf\Dev\Dev2.Runtime.Configuration\Dev2.Runtime.Configuration.csproj : warning NU1701: Package 'TaskSchedulerEditor 2.10.1' was restored using '.NETFramework,Version=v4.6.1, .NETFramework,Version=v4.6.2, .NETFramework,Version=v4.7, .NETFramework,Version=v4.7.1, .NETFramework,Version=v4.7.2, .NETFramework,Version=v4.8, .NETFramework,Version=v4.8.1' instead of the project target framework 'net8.0'. This package may not be fully compatible with your project. [C:\Users\ultra\warewolf\Dev\Warewolf.Auditing.Tests\Warewolf.Auditing.Tests.csproj]
C:\Users\ultra\warewolf\Dev\Dev2.Runtime.Services\Dev2.Runtime.Services.csproj : warning NU1902: Package 'MessagePack' 2.4.59 has a known moderate severity vulnerability, https://github.com/advisories/GHSA-4qm4-8hg2-g2xm [C:\Users\ultra\warewolf\Dev\Warewolf.Auditing.Tests\Warewolf.Auditing.Tests.csproj]
C:\Users\ultra\warewolf\Dev\Dev2.Runtime.Services\Dev2.Runtime.Services.csproj : warning NU1903: Package 'Microsoft.Windows.Compatibility' 6.0.0 has a known high severity vulnerability, https://github.com/advisories/GHSA-555c-2p6r-68mm [C:\Users\ultra\warewolf\Dev\Warewolf.Auditing.Tests\Warewolf.Auditing.Tests.csproj]
C:\Users\ultra\warewolf\Dev\Dev2.Runtime.Services\Dev2.Runtime.Services.csproj : warning NU1701: Package 'AeroWizard 2.3.1' was restored using '.NETFramework,Version=v4.6.1, .NETFramework,Version=v4.6.2, .NETFramework,Version=v4.7, .NETFramework,Version=v4.7.1, .NETFramework,Version=v4.7.2, .NETFramework,Version=v4.8, .NETFramework,Version=v4.8.1' instead of the project target framework 'net8.0'. This package may not be fully compatible with your project. [C:\Users\ultra\warewolf\Dev\Warewolf.Auditing.Tests\Warewolf.Auditing.Tests.csproj]
C:\Users\ultra\warewolf\Dev\Dev2.Runtime.Services\Dev2.Runtime.Services.csproj : warning NU1701: Package 'GroupControls 1.9.0' was restored using '.NETFramework,Version=v4.6.1, .NETFramework,Version=v4.6.2, .NETFramework,Version=v4.7, .NETFramework,Version=v4.7.1, .NETFramework,Version=v4.7.2, .NETFramework,Version=v4.8, .NETFramework,Version=v4.8.1' instead of the project target framework 'net8.0'. This package may not be fully compatible with your project. [C:\Users\ultra\warewolf\Dev\Warewolf.Auditing.Tests\Warewolf.Auditing.Tests.csproj]
C:\Users\ultra\warewolf\Dev\Dev2.Runtime.Services\Dev2.Runtime.Services.csproj : warning NU1701: Package 'ReactiveUI.WPF 18.4.1' was restored using '.NETFramework,Version=v4.6.1, .NETFramework,Version=v4.6.2, .NETFramework,Version=v4.7, .NETFramework,Version=v4.7.1, .NETFramework,Version=v4.7.2, .NETFramework,Version=v4.8, .NETFramework,Version=v4.8.1' instead of the project target framework 'net8.0'. This package may not be fully compatible with your project. [C:\Users\ultra\warewolf\Dev\Warewolf.Auditing.Tests\Warewolf.Auditing.Tests.csproj]
C:\Users\ultra\warewolf\Dev\Dev2.Runtime.Services\Dev2.Runtime.Services.csproj : warning NU1701: Package 'TaskSchedulerEditor 2.10.1' was restored using '.NETFramework,Version=v4.6.1, .NETFramework,Version=v4.6.2, .NETFramework,Version=v4.7, .NETFramework,Version=v4.7.1, .NETFramework,Version=v4.7.2, .NETFramework,Version=v4.8, .NETFramework,Version=v4.8.1' instead of the project target framework 'net8.0'. This package may not be fully compatible with your project. [C:\Users\ultra\warewolf\Dev\Warewolf.Auditing.Tests\Warewolf.Auditing.Tests.csproj]
C:\Users\ultra\warewolf\Dev\Dev2.Scheduler\Dev2.Scheduler.csproj : warning NU1701: Package 'AeroWizard 2.3.1' was restored using '.NETFramework,Version=v4.6.1, .NETFramework,Version=v4.6.2, .NETFramework,Version=v4.7, .NETFramework,Version=v4.7.1, .NETFramework,Version=v4.7.2, .NETFramework,Version=v4.8, .NETFramework,Version=v4.8.1' instead of the project target framework 'net8.0'. This package may not be fully compatible with your project. [C:\Users\ultra\warewolf\Dev\Warewolf.Auditing.Tests\Warewolf.Auditing.Tests.csproj]
C:\Users\ultra\warewolf\Dev\Dev2.Scheduler\Dev2.Scheduler.csproj : warning NU1701: Package 'GroupControls 1.9.0' was restored using '.NETFramework,Version=v4.6.1, .NETFramework,Version=v4.6.2, .NETFramework,Version=v4.7, .NETFramework,Version=v4.7.1, .NETFramework,Version=v4.7.2, .NETFramework,Version=v4.8, .NETFramework,Version=v4.8.1' instead of the project target framework 'net8.0'. This package may not be fully compatible with your project. [C:\Users\ultra\warewolf\Dev\Warewolf.Auditing.Tests\Warewolf.Auditing.Tests.csproj]
C:\Users\ultra\warewolf\Dev\Dev2.Scheduler\Dev2.Scheduler.csproj : warning NU1701: Package 'ReactiveUI.WPF 18.4.1' was restored using '.NETFramework,Version=v4.6.1, .NETFramework,Version=v4.6.2, .NETFramework,Version=v4.7, .NETFramework,Version=v4.7.1, .NETFramework,Version=v4.7.2, .NETFramework,Version=v4.8, .NETFramework,Version=v4.8.1' instead of the project target framework 'net8.0'. This package may not be fully compatible with your project. [C:\Users\ultra\warewolf\Dev\Warewolf.Auditing.Tests\Warewolf.Auditing.Tests.csproj]
C:\Users\ultra\warewolf\Dev\Dev2.Scheduler\Dev2.Scheduler.csproj : warning NU1701: Package 'TaskSchedulerEditor 2.10.1' was restored using '.NETFramework,Version=v4.6.1, .NETFramework,Version=v4.6.2, .NETFramework,Version=v4.7, .NETFramework,Version=v4.7.1, .NETFramework,Version=v4.7.2, .NETFramework,Version=v4.8, .NETFramework,Version=v4.8.1' instead of the project target framework 'net8.0'. This package may not be fully compatible with your project. [C:\Users\ultra\warewolf\Dev\Warewolf.Auditing.Tests\Warewolf.Auditing.Tests.csproj]
C:\Users\ultra\warewolf\Dev\Dev2.Services.Execution\Dev2.Services.Execution.csproj : warning NU1701: Package 'AeroWizard 2.3.1' was restored using '.NETFramework,Version=v4.6.1, .NETFramework,Version=v4.6.2, .NETFramework,Version=v4.7, .NETFramework,Version=v4.7.1, .NETFramework,Version=v4.7.2, .NETFramework,Version=v4.8, .NETFramework,Version=v4.8.1' instead of the project target framework 'net8.0'. This package may not be fully compatible with your project. [C:\Users\ultra\warewolf\Dev\Warewolf.Auditing.Tests\Warewolf.Auditing.Tests.csproj]
C:\Users\ultra\warewolf\Dev\Dev2.Services.Execution\Dev2.Services.Execution.csproj : warning NU1701: Package 'GroupControls 1.9.0' was restored using '.NETFramework,Version=v4.6.1, .NETFramework,Version=v4.6.2, .NETFramework,Version=v4.7, .NETFramework,Version=v4.7.1, .NETFramework,Version=v4.7.2, .NETFramework,Version=v4.8, .NETFramework,Version=v4.8.1' instead of the project target framework 'net8.0'. This package may not be fully compatible with your project. [C:\Users\ultra\warewolf\Dev\Warewolf.Auditing.Tests\Warewolf.Auditing.Tests.csproj]
C:\Users\ultra\warewolf\Dev\Dev2.Services.Execution\Dev2.Services.Execution.csproj : warning NU1701: Package 'ReactiveUI.WPF 18.4.1' was restored using '.NETFramework,Version=v4.6.1, .NETFramework,Version=v4.6.2, .NETFramework,Version=v4.7, .NETFramework,Version=v4.7.1, .NETFramework,Version=v4.7.2, .NETFramework,Version=v4.8, .NETFramework,Version=v4.8.1' instead of the project target framework 'net8.0'. This package may not be fully compatible with your project. [C:\Users\ultra\warewolf\Dev\Warewolf.Auditing.Tests\Warewolf.Auditing.Tests.csproj]
C:\Users\ultra\warewolf\Dev\Dev2.Services.Execution\Dev2.Services.Execution.csproj : warning NU1701: Package 'TaskSchedulerEditor 2.10.1' was restored using '.NETFramework,Version=v4.6.1, .NETFramework,Version=v4.6.2, .NETFramework,Version=v4.7, .NETFramework,Version=v4.7.1, .NETFramework,Version=v4.7.2, .NETFramework,Version=v4.8, .NETFramework,Version=v4.8.1' instead of the project target framework 'net8.0'. This package may not be fully compatible with your project. [C:\Users\ultra\warewolf\Dev\Warewolf.Auditing.Tests\Warewolf.Auditing.Tests.csproj]
C:\Users\ultra\warewolf\Dev\Warewolf.Common.Framework48\Warewolf.Common.Framework48.csproj : warning NU1902: Package 'System.IdentityModel.Tokens.Jwt' 5.1.0 has a known moderate severity vulnerability, https://github.com/advisories/GHSA-59j7-ghrg-fj52 [C:\Users\ultra\warewolf\Dev\Warewolf.Auditing.Tests\Warewolf.Auditing.Tests.csproj]
C:\Users\ultra\warewolf\Dev\Warewolf.Common.Framework48\Warewolf.Common.Framework48.csproj : warning NU1701: Package 'AeroWizard 2.3.1' was restored using '.NETFramework,Version=v4.6.1, .NETFramework,Version=v4.6.2, .NETFramework,Version=v4.7, .NETFramework,Version=v4.7.1, .NETFramework,Version=v4.7.2, .NETFramework,Version=v4.8, .NETFramework,Version=v4.8.1' instead of the project target framework 'net8.0'. This package may not be fully compatible with your project. [C:\Users\ultra\warewolf\Dev\Warewolf.Auditing.Tests\Warewolf.Auditing.Tests.csproj]
C:\Users\ultra\warewolf\Dev\Warewolf.Common.Framework48\Warewolf.Common.Framework48.csproj : warning NU1701: Package 'GroupControls 1.9.0' was restored using '.NETFramework,Version=v4.6.1, .NETFramework,Version=v4.6.2, .NETFramework,Version=v4.7, .NETFramework,Version=v4.7.1, .NETFramework,Version=v4.7.2, .NETFramework,Version=v4.8, .NETFramework,Version=v4.8.1' instead of the project target framework 'net8.0'. This package may not be fully compatible with your project. [C:\Users\ultra\warewolf\Dev\Warewolf.Auditing.Tests\Warewolf.Auditing.Tests.csproj]
C:\Users\ultra\warewolf\Dev\Warewolf.Common.Framework48\Warewolf.Common.Framework48.csproj : warning NU1701: Package 'Microsoft.Xaml.Behaviors.Wpf 1.1.122' was restored using '.NETFramework,Version=v4.6.1, .NETFramework,Version=v4.6.2, .NETFramework,Version=v4.7, .NETFramework,Version=v4.7.1, .NETFramework,Version=v4.7.2, .NETFramework,Version=v4.8, .NETFramework,Version=v4.8.1' instead of the project target framework 'net8.0'. This package may not be fully compatible with your project. [C:\Users\ultra\warewolf\Dev\Warewolf.Auditing.Tests\Warewolf.Auditing.Tests.csproj]
C:\Users\ultra\warewolf\Dev\Warewolf.Common.Framework48\Warewolf.Common.Framework48.csproj : warning NU1701: Package 'Prism.Wpf 9.0.537' was restored using '.NETFramework,Version=v4.6.1, .NETFramework,Version=v4.6.2, .NETFramework,Version=v4.7, .NETFramework,Version=v4.7.1, .NETFramework,Version=v4.7.2, .NETFramework,Version=v4.8, .NETFramework,Version=v4.8.1' instead of the project target framework 'net8.0'. This package may not be fully compatible with your project. [C:\Users\ultra\warewolf\Dev\Warewolf.Auditing.Tests\Warewolf.Auditing.Tests.csproj]
C:\Users\ultra\warewolf\Dev\Warewolf.Common.Framework48\Warewolf.Common.Framework48.csproj : warning NU1701: Package 'ReactiveUI.WPF 18.4.1' was restored using '.NETFramework,Version=v4.6.1, .NETFramework,Version=v4.6.2, .NETFramework,Version=v4.7, .NETFramework,Version=v4.7.1, .NETFramework,Version=v4.7.2, .NETFramework,Version=v4.8, .NETFramework,Version=v4.8.1' instead of the project target framework 'net8.0'. This package may not be fully compatible with your project. [C:\Users\ultra\warewolf\Dev\Warewolf.Auditing.Tests\Warewolf.Auditing.Tests.csproj]
C:\Users\ultra\warewolf\Dev\Warewolf.Common.Framework48\Warewolf.Common.Framework48.csproj : warning NU1701: Package 'TaskSchedulerEditor 2.10.1' was restored using '.NETFramework,Version=v4.6.1, .NETFramework,Version=v4.6.2, .NETFramework,Version=v4.7, .NETFramework,Version=v4.7.1, .NETFramework,Version=v4.7.2, .NETFramework,Version=v4.8, .NETFramework,Version=v4.8.1' instead of the project target framework 'net8.0'. This package may not be fully compatible with your project. [C:\Users\ultra\warewolf\Dev\Warewolf.Auditing.Tests\Warewolf.Auditing.Tests.csproj]
C:\Users\ultra\warewolf\Dev\Dev2.Common.Interfaces\Dev2.Common.Interfaces.csproj : warning NU1903: Package 'Microsoft.Windows.Compatibility' 6.0.0 has a known high severity vulnerability, https://github.com/advisories/GHSA-555c-2p6r-68mm [C:\Users\ultra\warewolf\Dev\Warewolf.Auditing.Tests\Warewolf.Auditing.Tests.csproj]
C:\Users\ultra\warewolf\Dev\Dev2.Common.Interfaces\Dev2.Common.Interfaces.csproj : warning NU1701: Package 'AeroWizard 2.3.1' was restored using '.NETFramework,Version=v4.6.1, .NETFramework,Version=v4.6.2, .NETFramework,Version=v4.7, .NETFramework,Version=v4.7.1, .NETFramework,Version=v4.7.2, .NETFramework,Version=v4.8, .NETFramework,Version=v4.8.1' instead of the project target framework 'net8.0'. This package may not be fully compatible with your project. [C:\Users\ultra\warewolf\Dev\Warewolf.Auditing.Tests\Warewolf.Auditing.Tests.csproj]
C:\Users\ultra\warewolf\Dev\Dev2.Common.Interfaces\Dev2.Common.Interfaces.csproj : warning NU1701: Package 'GroupControls 1.9.0' was restored using '.NETFramework,Version=v4.6.1, .NETFramework,Version=v4.6.2, .NETFramework,Version=v4.7, .NETFramework,Version=v4.7.1, .NETFramework,Version=v4.7.2, .NETFramework,Version=v4.8, .NETFramework,Version=v4.8.1' instead of the project target framework 'net8.0'. This package may not be fully compatible with your project. [C:\Users\ultra\warewolf\Dev\Warewolf.Auditing.Tests\Warewolf.Auditing.Tests.csproj]
C:\Users\ultra\warewolf\Dev\Dev2.Common.Interfaces\Dev2.Common.Interfaces.csproj : warning NU1701: Package 'TaskSchedulerEditor 2.10.1' was restored using '.NETFramework,Version=v4.6.1, .NETFramework,Version=v4.6.2, .NETFramework,Version=v4.7, .NETFramework,Version=v4.7.1, .NETFramework,Version=v4.7.2, .NETFramework,Version=v4.8, .NETFramework,Version=v4.8.1' instead of the project target framework 'net8.0'. This package may not be fully compatible with your project. [C:\Users\ultra\warewolf\Dev\Warewolf.Auditing.Tests\Warewolf.Auditing.Tests.csproj]
C:\Users\ultra\warewolf\Dev\Dev2.Core\Dev2.Core.csproj : warning NU1903: Package 'Microsoft.Windows.Compatibility' 6.0.0 has a known high severity vulnerability, https://github.com/advisories/GHSA-555c-2p6r-68mm [C:\Users\ultra\warewolf\Dev\Warewolf.Auditing.Tests\Warewolf.Auditing.Tests.csproj]
C:\Users\ultra\warewolf\Dev\Dev2.Core\Dev2.Core.csproj : warning NU1701: Package 'AeroWizard 2.3.1' was restored using '.NETFramework,Version=v4.6.1, .NETFramework,Version=v4.6.2, .NETFramework,Version=v4.7, .NETFramework,Version=v4.7.1, .NETFramework,Version=v4.7.2, .NETFramework,Version=v4.8, .NETFramework,Version=v4.8.1' instead of the project target framework 'net8.0'. This package may not be fully compatible with your project. [C:\Users\ultra\warewolf\Dev\Warewolf.Auditing.Tests\Warewolf.Auditing.Tests.csproj]
C:\Users\ultra\warewolf\Dev\Dev2.Core\Dev2.Core.csproj : warning NU1701: Package 'GroupControls 1.9.0' was restored using '.NETFramework,Version=v4.6.1, .NETFramework,Version=v4.6.2, .NETFramework,Version=v4.7, .NETFramework,Version=v4.7.1, .NETFramework,Version=v4.7.2, .NETFramework,Version=v4.8, .NETFramework,Version=v4.8.1' instead of the project target framework 'net8.0'. This package may not be fully compatible with your project. [C:\Users\ultra\warewolf\Dev\Warewolf.Auditing.Tests\Warewolf.Auditing.Tests.csproj]
C:\Users\ultra\warewolf\Dev\Dev2.Core\Dev2.Core.csproj : warning NU1701: Package 'ReactiveUI.WPF 18.4.1' was restored using '.NETFramework,Version=v4.6.1, .NETFramework,Version=v4.6.2, .NETFramework,Version=v4.7, .NETFramework,Version=v4.7.1, .NETFramework,Version=v4.7.2, .NETFramework,Version=v4.8, .NETFramework,Version=v4.8.1' instead of the project target framework 'net8.0'. This package may not be fully compatible with your project. [C:\Users\ultra\warewolf\Dev\Warewolf.Auditing.Tests\Warewolf.Auditing.Tests.csproj]
C:\Users\ultra\warewolf\Dev\Dev2.Core\Dev2.Core.csproj : warning NU1701: Package 'TaskSchedulerEditor 2.10.1' was restored using '.NETFramework,Version=v4.6.1, .NETFramework,Version=v4.6.2, .NETFramework,Version=v4.7, .NETFramework,Version=v4.7.1, .NETFramework,Version=v4.7.2, .NETFramework,Version=v4.8, .NETFramework,Version=v4.8.1' instead of the project target framework 'net8.0'. This package may not be fully compatible with your project. [C:\Users\ultra\warewolf\Dev\Warewolf.Auditing.Tests\Warewolf.Auditing.Tests.csproj]
C:\Users\ultra\warewolf\Dev\Dev2.Common\Dev2.Common.csproj : warning NU1903: Package 'Microsoft.Windows.Compatibility' 6.0.0 has a known high severity vulnerability, https://github.com/advisories/GHSA-555c-2p6r-68mm [C:\Users\ultra\warewolf\Dev\Warewolf.Auditing.Tests\Warewolf.Auditing.Tests.csproj]
C:\Users\ultra\warewolf\Dev\Dev2.Common\Dev2.Common.csproj : warning NU1701: Package 'AeroWizard 2.3.1' was restored using '.NETFramework,Version=v4.6.1, .NETFramework,Version=v4.6.2, .NETFramework,Version=v4.7, .NETFramework,Version=v4.7.1, .NETFramework,Version=v4.7.2, .NETFramework,Version=v4.8, .NETFramework,Version=v4.8.1' instead of the project target framework 'net8.0'. This package may not be fully compatible with your project. [C:\Users\ultra\warewolf\Dev\Warewolf.Auditing.Tests\Warewolf.Auditing.Tests.csproj]
C:\Users\ultra\warewolf\Dev\Dev2.Common\Dev2.Common.csproj : warning NU1701: Package 'GroupControls 1.9.0' was restored using '.NETFramework,Version=v4.6.1, .NETFramework,Version=v4.6.2, .NETFramework,Version=v4.7, .NETFramework,Version=v4.7.1, .NETFramework,Version=v4.7.2, .NETFramework,Version=v4.8, .NETFramework,Version=v4.8.1' instead of the project target framework 'net8.0'. This package may not be fully compatible with your project. [C:\Users\ultra\warewolf\Dev\Warewolf.Auditing.Tests\Warewolf.Auditing.Tests.csproj]
C:\Users\ultra\warewolf\Dev\Dev2.Common\Dev2.Common.csproj : warning NU1701: Package 'TaskSchedulerEditor 2.10.1' was restored using '.NETFramework,Version=v4.6.1, .NETFramework,Version=v4.6.2, .NETFramework,Version=v4.7, .NETFramework,Version=v4.7.1, .NETFramework,Version=v4.7.2, .NETFramework,Version=v4.8, .NETFramework,Version=v4.8.1' instead of the project target framework 'net8.0'. This package may not be fully compatible with your project. [C:\Users\ultra\warewolf\Dev\Warewolf.Auditing.Tests\Warewolf.Auditing.Tests.csproj]
C:\Users\ultra\warewolf\Dev\Warewolf.Storage.Interfaces\Warewolf.Storage.Interfaces.csproj : warning NU1701: Package 'AeroWizard 2.3.1' was restored using '.NETFramework,Version=v4.6.1, .NETFramework,Version=v4.6.2, .NETFramework,Version=v4.7, .NETFramework,Version=v4.7.1, .NETFramework,Version=v4.7.2, .NETFramework,Version=v4.8, .NETFramework,Version=v4.8.1' instead of the project target framework 'net8.0'. This package may not be fully compatible with your project. [C:\Users\ultra\warewolf\Dev\Warewolf.Auditing.Tests\Warewolf.Auditing.Tests.csproj]
C:\Users\ultra\warewolf\Dev\Warewolf.Storage.Interfaces\Warewolf.Storage.Interfaces.csproj : warning NU1701: Package 'GroupControls 1.9.0' was restored using '.NETFramework,Version=v4.6.1, .NETFramework,Version=v4.6.2, .NETFramework,Version=v4.7, .NETFramework,Version=v4.7.1, .NETFramework,Version=v4.7.2, .NETFramework,Version=v4.8, .NETFramework,Version=v4.8.1' instead of the project target framework 'net8.0'. This package may not be fully compatible with your project. [C:\Users\ultra\warewolf\Dev\Warewolf.Auditing.Tests\Warewolf.Auditing.Tests.csproj]
C:\Users\ultra\warewolf\Dev\Warewolf.Storage.Interfaces\Warewolf.Storage.Interfaces.csproj : warning NU1701: Package 'TaskSchedulerEditor 2.10.1' was restored using '.NETFramework,Version=v4.6.1, .NETFramework,Version=v4.6.2, .NETFramework,Version=v4.7, .NETFramework,Version=v4.7.1, .NETFramework,Version=v4.7.2, .NETFramework,Version=v4.8, .NETFramework,Version=v4.8.1' instead of the project target framework 'net8.0'. This package may not be fully compatible with your project. [C:\Users\ultra\warewolf\Dev\Warewolf.Auditing.Tests\Warewolf.Auditing.Tests.csproj]
C:\Users\ultra\warewolf\Dev\Warewolf.Security\Warewolf.Security.csproj : warning NU1904: Package 'System.Drawing.Common' 4.5.1 has a known critical severity vulnerability, https://github.com/advisories/GHSA-rxg9-xrhp-64gj [C:\Users\ultra\warewolf\Dev\Warewolf.Auditing.Tests\Warewolf.Auditing.Tests.csproj]
C:\Users\ultra\warewolf\Dev\Warewolf.Storage\Warewolf.Storage.csproj : warning NU1701: Package 'AeroWizard 2.3.1' was restored using '.NETFramework,Version=v4.6.1, .NETFramework,Version=v4.6.2, .NETFramework,Version=v4.7, .NETFramework,Version=v4.7.1, .NETFramework,Version=v4.7.2, .NETFramework,Version=v4.8, .NETFramework,Version=v4.8.1' instead of the project target framework 'net8.0'. This package may not be fully compatible with your project. [C:\Users\ultra\warewolf\Dev\Warewolf.Auditing.Tests\Warewolf.Auditing.Tests.csproj]
C:\Users\ultra\warewolf\Dev\Warewolf.Storage\Warewolf.Storage.csproj : warning NU1701: Package 'GroupControls 1.9.0' was restored using '.NETFramework,Version=v4.6.1, .NETFramework,Version=v4.6.2, .NETFramework,Version=v4.7, .NETFramework,Version=v4.7.1, .NETFramework,Version=v4.7.2, .NETFramework,Version=v4.8, .NETFramework,Version=v4.8.1' instead of the project target framework 'net8.0'. This package may not be fully compatible with your project. [C:\Users\ultra\warewolf\Dev\Warewolf.Auditing.Tests\Warewolf.Auditing.Tests.csproj]
C:\Users\ultra\warewolf\Dev\Warewolf.Storage\Warewolf.Storage.csproj : warning NU1701: Package 'ReactiveUI.WPF 18.4.1' was restored using '.NETFramework,Version=v4.6.1, .NETFramework,Version=v4.6.2, .NETFramework,Version=v4.7, .NETFramework,Version=v4.7.1, .NETFramework,Version=v4.7.2, .NETFramework,Version=v4.8, .NETFramework,Version=v4.8.1' instead of the project target framework 'net8.0'. This package may not be fully compatible with your project. [C:\Users\ultra\warewolf\Dev\Warewolf.Auditing.Tests\Warewolf.Auditing.Tests.csproj]
C:\Users\ultra\warewolf\Dev\Warewolf.Storage\Warewolf.Storage.csproj : warning NU1701: Package 'TaskSchedulerEditor 2.10.1' was restored using '.NETFramework,Version=v4.6.1, .NETFramework,Version=v4.6.2, .NETFramework,Version=v4.7, .NETFramework,Version=v4.7.1, .NETFramework,Version=v4.7.2, .NETFramework,Version=v4.8, .NETFramework,Version=v4.8.1' instead of the project target framework 'net8.0'. This package may not be fully compatible with your project. [C:\Users\ultra\warewolf\Dev\Warewolf.Auditing.Tests\Warewolf.Auditing.Tests.csproj]
C:\Users\ultra\warewolf\Dev\Dev2.Runtime\Dev2.Runtime.csproj : warning NU1903: Package 'Microsoft.Windows.Compatibility' 6.0.0 has a known high severity vulnerability, https://github.com/advisories/GHSA-555c-2p6r-68mm [C:\Users\ultra\warewolf\Dev\Warewolf.Auditing.Tests\Warewolf.Auditing.Tests.csproj]
C:\Users\ultra\warewolf\Dev\Dev2.Runtime\Dev2.Runtime.csproj : warning NU1701: Package 'AeroWizard 2.3.1' was restored using '.NETFramework,Version=v4.6.1, .NETFramework,Version=v4.6.2, .NETFramework,Version=v4.7, .NETFramework,Version=v4.7.1, .NETFramework,Version=v4.7.2, .NETFramework,Version=v4.8, .NETFramework,Version=v4.8.1' instead of the project target framework 'net8.0'. This package may not be fully compatible with your project. [C:\Users\ultra\warewolf\Dev\Warewolf.Auditing.Tests\Warewolf.Auditing.Tests.csproj]
C:\Users\ultra\warewolf\Dev\Dev2.Runtime\Dev2.Runtime.csproj : warning NU1701: Package 'GroupControls 1.9.0' was restored using '.NETFramework,Version=v4.6.1, .NETFramework,Version=v4.6.2, .NETFramework,Version=v4.7, .NETFramework,Version=v4.7.1, .NETFramework,Version=v4.7.2, .NETFramework,Version=v4.8, .NETFramework,Version=v4.8.1' instead of the project target framework 'net8.0'. This package may not be fully compatible with your project. [C:\Users\ultra\warewolf\Dev\Warewolf.Auditing.Tests\Warewolf.Auditing.Tests.csproj]
C:\Users\ultra\warewolf\Dev\Dev2.Runtime\Dev2.Runtime.csproj : warning NU1701: Package 'ReactiveUI.WPF 18.4.1' was restored using '.NETFramework,Version=v4.6.1, .NETFramework,Version=v4.6.2, .NETFramework,Version=v4.7, .NETFramework,Version=v4.7.1, .NETFramework,Version=v4.7.2, .NETFramework,Version=v4.8, .NETFramework,Version=v4.8.1' instead of the project target framework 'net8.0'. This package may not be fully compatible with your project. [C:\Users\ultra\warewolf\Dev\Warewolf.Auditing.Tests\Warewolf.Auditing.Tests.csproj]
C:\Users\ultra\warewolf\Dev\Dev2.Runtime\Dev2.Runtime.csproj : warning NU1701: Package 'TaskSchedulerEditor 2.10.1' was restored using '.NETFramework,Version=v4.6.1, .NETFramework,Version=v4.6.2, .NETFramework,Version=v4.7, .NETFramework,Version=v4.7.1, .NETFramework,Version=v4.7.2, .NETFramework,Version=v4.8, .NETFramework,Version=v4.8.1' instead of the project target framework 'net8.0'. This package may not be fully compatible with your project. [C:\Users\ultra\warewolf\Dev\Warewolf.Auditing.Tests\Warewolf.Auditing.Tests.csproj]
C:\Users\ultra\warewolf\Dev\Warewolf.Sharepoint\Warewolf.Sharepoint.csproj : warning NU1701: Package 'AeroWizard 2.3.1' was restored using '.NETFramework,Version=v4.6.1, .NETFramework,Version=v4.6.2, .NETFramework,Version=v4.7, .NETFramework,Version=v4.7.1, .NETFramework,Version=v4.7.2, .NETFramework,Version=v4.8, .NETFramework,Version=v4.8.1' instead of the project target framework 'net8.0'. This package may not be fully compatible with your project. [C:\Users\ultra\warewolf\Dev\Warewolf.Auditing.Tests\Warewolf.Auditing.Tests.csproj]
C:\Users\ultra\warewolf\Dev\Warewolf.Sharepoint\Warewolf.Sharepoint.csproj : warning NU1701: Package 'GroupControls 1.9.0' was restored using '.NETFramework,Version=v4.6.1, .NETFramework,Version=v4.6.2, .NETFramework,Version=v4.7, .NETFramework,Version=v4.7.1, .NETFramework,Version=v4.7.2, .NETFramework,Version=v4.8, .NETFramework,Version=v4.8.1' instead of the project target framework 'net8.0'. This package may not be fully compatible with your project. [C:\Users\ultra\warewolf\Dev\Warewolf.Auditing.Tests\Warewolf.Auditing.Tests.csproj]
C:\Users\ultra\warewolf\Dev\Warewolf.Sharepoint\Warewolf.Sharepoint.csproj : warning NU1701: Package 'ReactiveUI.WPF 18.4.1' was restored using '.NETFramework,Version=v4.6.1, .NETFramework,Version=v4.6.2, .NETFramework,Version=v4.7, .NETFramework,Version=v4.7.1, .NETFramework,Version=v4.7.2, .NETFramework,Version=v4.8, .NETFramework,Version=v4.8.1' instead of the project target framework 'net8.0'. This package may not be fully compatible with your project. [C:\Users\ultra\warewolf\Dev\Warewolf.Auditing.Tests\Warewolf.Auditing.Tests.csproj]
C:\Users\ultra\warewolf\Dev\Warewolf.Sharepoint\Warewolf.Sharepoint.csproj : warning NU1701: Package 'TaskSchedulerEditor 2.10.1' was restored using '.NETFramework,Version=v4.6.1, .NETFramework,Version=v4.6.2, .NETFramework,Version=v4.7, .NETFramework,Version=v4.7.1, .NETFramework,Version=v4.7.2, .NETFramework,Version=v4.8, .NETFramework,Version=v4.8.1' instead of the project target framework 'net8.0'. This package may not be fully compatible with your project. [C:\Users\ultra\warewolf\Dev\Warewolf.Auditing.Tests\Warewolf.Auditing.Tests.csproj]
C:\Users\ultra\warewolf\Dev\Dev2.Runtime.WebServer\Dev2.Runtime.WebServer.csproj : warning NU1902: Package 'System.IdentityModel.Tokens.Jwt' 5.1.0 has a known moderate severity vulnerability, https://github.com/advisories/GHSA-59j7-ghrg-fj52 [C:\Users\ultra\warewolf\Dev\Warewolf.Auditing.Tests\Warewolf.Auditing.Tests.csproj]
C:\Users\ultra\warewolf\Dev\Dev2.Runtime.WebServer\Dev2.Runtime.WebServer.csproj : warning NU1701: Package 'AeroWizard 2.3.1' was restored using '.NETFramework,Version=v4.6.1, .NETFramework,Version=v4.6.2, .NETFramework,Version=v4.7, .NETFramework,Version=v4.7.1, .NETFramework,Version=v4.7.2, .NETFramework,Version=v4.8, .NETFramework,Version=v4.8.1' instead of the project target framework 'net8.0'. This package may not be fully compatible with your project. [C:\Users\ultra\warewolf\Dev\Warewolf.Auditing.Tests\Warewolf.Auditing.Tests.csproj]
C:\Users\ultra\warewolf\Dev\Dev2.Runtime.WebServer\Dev2.Runtime.WebServer.csproj : warning NU1701: Package 'GroupControls 1.9.0' was restored using '.NETFramework,Version=v4.6.1, .NETFramework,Version=v4.6.2, .NETFramework,Version=v4.7, .NETFramework,Version=v4.7.1, .NETFramework,Version=v4.7.2, .NETFramework,Version=v4.8, .NETFramework,Version=v4.8.1' instead of the project target framework 'net8.0'. This package may not be fully compatible with your project. [C:\Users\ultra\warewolf\Dev\Warewolf.Auditing.Tests\Warewolf.Auditing.Tests.csproj]
C:\Users\ultra\warewolf\Dev\Dev2.Runtime.WebServer\Dev2.Runtime.WebServer.csproj : warning NU1701: Package 'Microsoft.Xaml.Behaviors.Wpf 1.1.122' was restored using '.NETFramework,Version=v4.6.1, .NETFramework,Version=v4.6.2, .NETFramework,Version=v4.7, .NETFramework,Version=v4.7.1, .NETFramework,Version=v4.7.2, .NETFramework,Version=v4.8, .NETFramework,Version=v4.8.1' instead of the project target framework 'net8.0'. This package may not be fully compatible with your project. [C:\Users\ultra\warewolf\Dev\Warewolf.Auditing.Tests\Warewolf.Auditing.Tests.csproj]
C:\Users\ultra\warewolf\Dev\Dev2.Runtime.WebServer\Dev2.Runtime.WebServer.csproj : warning NU1701: Package 'Prism.Wpf 9.0.537' was restored using '.NETFramework,Version=v4.6.1, .NETFramework,Version=v4.6.2, .NETFramework,Version=v4.7, .NETFramework,Version=v4.7.1, .NETFramework,Version=v4.7.2, .NETFramework,Version=v4.8, .NETFramework,Version=v4.8.1' instead of the project target framework 'net8.0'. This package may not be fully compatible with your project. [C:\Users\ultra\warewolf\Dev\Warewolf.Auditing.Tests\Warewolf.Auditing.Tests.csproj]
C:\Users\ultra\warewolf\Dev\Dev2.Runtime.WebServer\Dev2.Runtime.WebServer.csproj : warning NU1701: Package 'ReactiveUI.WPF 18.4.1' was restored using '.NETFramework,Version=v4.6.1, .NETFramework,Version=v4.6.2, .NETFramework,Version=v4.7, .NETFramework,Version=v4.7.1, .NETFramework,Version=v4.7.2, .NETFramework,Version=v4.8, .NETFramework,Version=v4.8.1' instead of the project target framework 'net8.0'. This package may not be fully compatible with your project. [C:\Users\ultra\warewolf\Dev\Warewolf.Auditing.Tests\Warewolf.Auditing.Tests.csproj]
C:\Users\ultra\warewolf\Dev\Dev2.Runtime.WebServer\Dev2.Runtime.WebServer.csproj : warning NU1701: Package 'TaskSchedulerEditor 2.10.1' was restored using '.NETFramework,Version=v4.6.1, .NETFramework,Version=v4.6.2, .NETFramework,Version=v4.7, .NETFramework,Version=v4.7.1, .NETFramework,Version=v4.7.2, .NETFramework,Version=v4.8, .NETFramework,Version=v4.8.1' instead of the project target framework 'net8.0'. This package may not be fully compatible with your project. [C:\Users\ultra\warewolf\Dev\Warewolf.Auditing.Tests\Warewolf.Auditing.Tests.csproj]
C:\Users\ultra\warewolf\Dev\Dev2.TaskScheduler.Wrappers\Dev2.TaskScheduler.Wrappers.csproj : warning NU1701: Package 'AeroWizard 2.3.1' was restored using '.NETFramework,Version=v4.6.1, .NETFramework,Version=v4.6.2, .NETFramework,Version=v4.7, .NETFramework,Version=v4.7.1, .NETFramework,Version=v4.7.2, .NETFramework,Version=v4.8, .NETFramework,Version=v4.8.1' instead of the project target framework 'net8.0'. This package may not be fully compatible with your project. [C:\Users\ultra\warewolf\Dev\Warewolf.Auditing.Tests\Warewolf.Auditing.Tests.csproj]
C:\Users\ultra\warewolf\Dev\Dev2.TaskScheduler.Wrappers\Dev2.TaskScheduler.Wrappers.csproj : warning NU1701: Package 'GroupControls 1.9.0' was restored using '.NETFramework,Version=v4.6.1, .NETFramework,Version=v4.6.2, .NETFramework,Version=v4.7, .NETFramework,Version=v4.7.1, .NETFramework,Version=v4.7.2, .NETFramework,Version=v4.8, .NETFramework,Version=v4.8.1' instead of the project target framework 'net8.0'. This package may not be fully compatible with your project. [C:\Users\ultra\warewolf\Dev\Warewolf.Auditing.Tests\Warewolf.Auditing.Tests.csproj]
C:\Users\ultra\warewolf\Dev\Dev2.TaskScheduler.Wrappers\Dev2.TaskScheduler.Wrappers.csproj : warning NU1701: Package 'TaskSchedulerEditor 2.10.1' was restored using '.NETFramework,Version=v4.6.1, .NETFramework,Version=v4.6.2, .NETFramework,Version=v4.7, .NETFramework,Version=v4.7.1, .NETFramework,Version=v4.7.2, .NETFramework,Version=v4.8, .NETFramework,Version=v4.8.1' instead of the project target framework 'net8.0'. This package may not be fully compatible with your project. [C:\Users\ultra\warewolf\Dev\Warewolf.Auditing.Tests\Warewolf.Auditing.Tests.csproj]
C:\Users\ultra\warewolf\Dev\Warewolf.Data\Warewolf.Data.csproj : warning NU1701: Package 'AeroWizard 2.3.1' was restored using '.NETFramework,Version=v4.6.1, .NETFramework,Version=v4.6.2, .NETFramework,Version=v4.7, .NETFramework,Version=v4.7.1, .NETFramework,Version=v4.7.2, .NETFramework,Version=v4.8, .NETFramework,Version=v4.8.1' instead of the project target framework 'net8.0'. This package may not be fully compatible with your project. [C:\Users\ultra\warewolf\Dev\Warewolf.Auditing.Tests\Warewolf.Auditing.Tests.csproj]
C:\Users\ultra\warewolf\Dev\Warewolf.Data\Warewolf.Data.csproj : warning NU1701: Package 'GroupControls 1.9.0' was restored using '.NETFramework,Version=v4.6.1, .NETFramework,Version=v4.6.2, .NETFramework,Version=v4.7, .NETFramework,Version=v4.7.1, .NETFramework,Version=v4.7.2, .NETFramework,Version=v4.8, .NETFramework,Version=v4.8.1' instead of the project target framework 'net8.0'. This package may not be fully compatible with your project. [C:\Users\ultra\warewolf\Dev\Warewolf.Auditing.Tests\Warewolf.Auditing.Tests.csproj]
C:\Users\ultra\warewolf\Dev\Warewolf.Data\Warewolf.Data.csproj : warning NU1701: Package 'TaskSchedulerEditor 2.10.1' was restored using '.NETFramework,Version=v4.6.1, .NETFramework,Version=v4.6.2, .NETFramework,Version=v4.7, .NETFramework,Version=v4.7.1, .NETFramework,Version=v4.7.2, .NETFramework,Version=v4.8, .NETFramework,Version=v4.8.1' instead of the project target framework 'net8.0'. This package may not be fully compatible with your project. [C:\Users\ultra\warewolf\Dev\Warewolf.Auditing.Tests\Warewolf.Auditing.Tests.csproj]
C:\Users\ultra\warewolf\Dev\Dev2.Activities\Dev2.Activities.csproj : warning NU1903: Package 'Microsoft.Windows.Compatibility' 6.0.0 has a known high severity vulnerability, https://github.com/advisories/GHSA-555c-2p6r-68mm [C:\Users\ultra\warewolf\Dev\Warewolf.Auditing.Tests\Warewolf.Auditing.Tests.csproj]
C:\Users\ultra\warewolf\Dev\Dev2.Activities\Dev2.Activities.csproj : warning NU1701: Package 'AeroWizard 2.3.1' was restored using '.NETFramework,Version=v4.6.1, .NETFramework,Version=v4.6.2, .NETFramework,Version=v4.7, .NETFramework,Version=v4.7.1, .NETFramework,Version=v4.7.2, .NETFramework,Version=v4.8, .NETFramework,Version=v4.8.1' instead of the project target framework 'net8.0'. This package may not be fully compatible with your project. [C:\Users\ultra\warewolf\Dev\Warewolf.Auditing.Tests\Warewolf.Auditing.Tests.csproj]
C:\Users\ultra\warewolf\Dev\Dev2.Activities\Dev2.Activities.csproj : warning NU1701: Package 'GroupControls 1.9.0' was restored using '.NETFramework,Version=v4.6.1, .NETFramework,Version=v4.6.2, .NETFramework,Version=v4.7, .NETFramework,Version=v4.7.1, .NETFramework,Version=v4.7.2, .NETFramework,Version=v4.8, .NETFramework,Version=v4.8.1' instead of the project target framework 'net8.0'. This package may not be fully compatible with your project. [C:\Users\ultra\warewolf\Dev\Warewolf.Auditing.Tests\Warewolf.Auditing.Tests.csproj]
C:\Users\ultra\warewolf\Dev\Dev2.Activities\Dev2.Activities.csproj : warning NU1701: Package 'ReactiveUI.WPF 18.4.1' was restored using '.NETFramework,Version=v4.6.1, .NETFramework,Version=v4.6.2, .NETFramework,Version=v4.7, .NETFramework,Version=v4.7.1, .NETFramework,Version=v4.7.2, .NETFramework,Version=v4.8, .NETFramework,Version=v4.8.1' instead of the project target framework 'net8.0'. This package may not be fully compatible with your project. [C:\Users\ultra\warewolf\Dev\Warewolf.Auditing.Tests\Warewolf.Auditing.Tests.csproj]
C:\Users\ultra\warewolf\Dev\Dev2.Activities\Dev2.Activities.csproj : warning NU1701: Package 'TaskSchedulerEditor 2.10.1' was restored using '.NETFramework,Version=v4.6.1, .NETFramework,Version=v4.6.2, .NETFramework,Version=v4.7, .NETFramework,Version=v4.7.1, .NETFramework,Version=v4.7.2, .NETFramework,Version=v4.8, .NETFramework,Version=v4.8.1' instead of the project target framework 'net8.0'. This package may not be fully compatible with your project. [C:\Users\ultra\warewolf\Dev\Warewolf.Auditing.Tests\Warewolf.Auditing.Tests.csproj]
C:\Users\ultra\warewolf\Dev\Warewolf.ResourceManagement\Warewolf.ResourceManagement.csproj : warning NU1701: Package 'AeroWizard 2.3.1' was restored using '.NETFramework,Version=v4.6.1, .NETFramework,Version=v4.6.2, .NETFramework,Version=v4.7, .NETFramework,Version=v4.7.1, .NETFramework,Version=v4.7.2, .NETFramework,Version=v4.8, .NETFramework,Version=v4.8.1' instead of the project target framework 'net8.0'. This package may not be fully compatible with your project. [C:\Users\ultra\warewolf\Dev\Warewolf.Auditing.Tests\Warewolf.Auditing.Tests.csproj]
C:\Users\ultra\warewolf\Dev\Warewolf.ResourceManagement\Warewolf.ResourceManagement.csproj : warning NU1701: Package 'GroupControls 1.9.0' was restored using '.NETFramework,Version=v4.6.1, .NETFramework,Version=v4.6.2, .NETFramework,Version=v4.7, .NETFramework,Version=v4.7.1, .NETFramework,Version=v4.7.2, .NETFramework,Version=v4.8, .NETFramework,Version=v4.8.1' instead of the project target framework 'net8.0'. This package may not be fully compatible with your project. [C:\Users\ultra\warewolf\Dev\Warewolf.Auditing.Tests\Warewolf.Auditing.Tests.csproj]
C:\Users\ultra\warewolf\Dev\Warewolf.ResourceManagement\Warewolf.ResourceManagement.csproj : warning NU1701: Package 'ReactiveUI.WPF 18.4.1' was restored using '.NETFramework,Version=v4.6.1, .NETFramework,Version=v4.6.2, .NETFramework,Version=v4.7, .NETFramework,Version=v4.7.1, .NETFramework,Version=v4.7.2, .NETFramework,Version=v4.8, .NETFramework,Version=v4.8.1' instead of the project target framework 'net8.0'. This package may not be fully compatible with your project. [C:\Users\ultra\warewolf\Dev\Warewolf.Auditing.Tests\Warewolf.Auditing.Tests.csproj]
C:\Users\ultra\warewolf\Dev\Warewolf.ResourceManagement\Warewolf.ResourceManagement.csproj : warning NU1701: Package 'TaskSchedulerEditor 2.10.1' was restored using '.NETFramework,Version=v4.6.1, .NETFramework,Version=v4.6.2, .NETFramework,Version=v4.7, .NETFramework,Version=v4.7.1, .NETFramework,Version=v4.7.2, .NETFramework,Version=v4.8, .NETFramework,Version=v4.8.1' instead of the project target framework 'net8.0'. This package may not be fully compatible with your project. [C:\Users\ultra\warewolf\Dev\Warewolf.Auditing.Tests\Warewolf.Auditing.Tests.csproj]
C:\Users\ultra\warewolf\Dev\Warewolf.Licensing\Warewolf.Licensing.csproj : warning NU1701: Package 'AeroWizard 2.3.1' was restored using '.NETFramework,Version=v4.6.1, .NETFramework,Version=v4.6.2, .NETFramework,Version=v4.7, .NETFramework,Version=v4.7.1, .NETFramework,Version=v4.7.2, .NETFramework,Version=v4.8, .NETFramework,Version=v4.8.1' instead of the project target framework 'net8.0'. This package may not be fully compatible with your project. [C:\Users\ultra\warewolf\Dev\Warewolf.Auditing.Tests\Warewolf.Auditing.Tests.csproj]
C:\Users\ultra\warewolf\Dev\Warewolf.Licensing\Warewolf.Licensing.csproj : warning NU1701: Package 'GroupControls 1.9.0' was restored using '.NETFramework,Version=v4.6.1, .NETFramework,Version=v4.6.2, .NETFramework,Version=v4.7, .NETFramework,Version=v4.7.1, .NETFramework,Version=v4.7.2, .NETFramework,Version=v4.8, .NETFramework,Version=v4.8.1' instead of the project target framework 'net8.0'. This package may not be fully compatible with your project. [C:\Users\ultra\warewolf\Dev\Warewolf.Auditing.Tests\Warewolf.Auditing.Tests.csproj]
C:\Users\ultra\warewolf\Dev\Warewolf.Licensing\Warewolf.Licensing.csproj : warning NU1701: Package 'TaskSchedulerEditor 2.10.1' was restored using '.NETFramework,Version=v4.6.1, .NETFramework,Version=v4.6.2, .NETFramework,Version=v4.7, .NETFramework,Version=v4.7.1, .NETFramework,Version=v4.7.2, .NETFramework,Version=v4.8, .NETFramework,Version=v4.8.1' instead of the project target framework 'net8.0'. This package may not be fully compatible with your project. [C:\Users\ultra\warewolf\Dev\Warewolf.Auditing.Tests\Warewolf.Auditing.Tests.csproj]
C:\Users\ultra\warewolf\Dev\Dev2.Util\Dev2.Util.csproj : warning NU1903: Package 'Microsoft.Windows.Compatibility' 6.0.0 has a known high severity vulnerability, https://github.com/advisories/GHSA-555c-2p6r-68mm [C:\Users\ultra\warewolf\Dev\Warewolf.Auditing.Tests\Warewolf.Auditing.Tests.csproj]
C:\Users\ultra\warewolf\Dev\Dev2.Util\Dev2.Util.csproj : warning NU1701: Package 'AeroWizard 2.3.1' was restored using '.NETFramework,Version=v4.6.1, .NETFramework,Version=v4.6.2, .NETFramework,Version=v4.7, .NETFramework,Version=v4.7.1, .NETFramework,Version=v4.7.2, .NETFramework,Version=v4.8, .NETFramework,Version=v4.8.1' instead of the project target framework 'net8.0'. This package may not be fully compatible with your project. [C:\Users\ultra\warewolf\Dev\Warewolf.Auditing.Tests\Warewolf.Auditing.Tests.csproj]
C:\Users\ultra\warewolf\Dev\Dev2.Util\Dev2.Util.csproj : warning NU1701: Package 'GroupControls 1.9.0' was restored using '.NETFramework,Version=v4.6.1, .NETFramework,Version=v4.6.2, .NETFramework,Version=v4.7, .NETFramework,Version=v4.7.1, .NETFramework,Version=v4.7.2, .NETFramework,Version=v4.8, .NETFramework,Version=v4.8.1' instead of the project target framework 'net8.0'. This package may not be fully compatible with your project. [C:\Users\ultra\warewolf\Dev\Warewolf.Auditing.Tests\Warewolf.Auditing.Tests.csproj]
C:\Users\ultra\warewolf\Dev\Dev2.Util\Dev2.Util.csproj : warning NU1701: Package 'TaskSchedulerEditor 2.10.1' was restored using '.NETFramework,Version=v4.6.1, .NETFramework,Version=v4.6.2, .NETFramework,Version=v4.7, .NETFramework,Version=v4.7.1, .NETFramework,Version=v4.7.2, .NETFramework,Version=v4.8, .NETFramework,Version=v4.8.1' instead of the project target framework 'net8.0'. This package may not be fully compatible with your project. [C:\Users\ultra\warewolf\Dev\Warewolf.Auditing.Tests\Warewolf.Auditing.Tests.csproj]
C:\Users\ultra\warewolf\Dev\Warewolf.AI.Harness\Warewolf.AI.Harness.csproj : warning NU1701: Package 'AeroWizard 2.3.1' was restored using '.NETFramework,Version=v4.6.1, .NETFramework,Version=v4.6.2, .NETFramework,Version=v4.7, .NETFramework,Version=v4.7.1, .NETFramework,Version=v4.7.2, .NETFramework,Version=v4.8, .NETFramework,Version=v4.8.1' instead of the project target framework 'net8.0'. This package may not be fully compatible with your project. [C:\Users\ultra\warewolf\Dev\Warewolf.Auditing.Tests\Warewolf.Auditing.Tests.csproj]
C:\Users\ultra\warewolf\Dev\Warewolf.AI.Harness\Warewolf.AI.Harness.csproj : warning NU1701: Package 'GroupControls 1.9.0' was restored using '.NETFramework,Version=v4.6.1, .NETFramework,Version=v4.6.2, .NETFramework,Version=v4.7, .NETFramework,Version=v4.7.1, .NETFramework,Version=v4.7.2, .NETFramework,Version=v4.8, .NETFramework,Version=v4.8.1' instead of the project target framework 'net8.0'. This package may not be fully compatible with your project. [C:\Users\ultra\warewolf\Dev\Warewolf.Auditing.Tests\Warewolf.Auditing.Tests.csproj]
C:\Users\ultra\warewolf\Dev\Warewolf.AI.Harness\Warewolf.AI.Harness.csproj : warning NU1701: Package 'TaskSchedulerEditor 2.10.1' was restored using '.NETFramework,Version=v4.6.1, .NETFramework,Version=v4.6.2, .NETFramework,Version=v4.7, .NETFramework,Version=v4.7.1, .NETFramework,Version=v4.7.2, .NETFramework,Version=v4.8, .NETFramework,Version=v4.8.1' instead of the project target framework 'net8.0'. This package may not be fully compatible with your project. [C:\Users\ultra\warewolf\Dev\Warewolf.Auditing.Tests\Warewolf.Auditing.Tests.csproj]
C:\Users\ultra\warewolf\Dev\Dev2.Studio.Interfaces\Dev2.Studio.Interfaces.csproj : warning NU1701: Package 'AeroWizard 2.3.1' was restored using '.NETFramework,Version=v4.6.1, .NETFramework,Version=v4.6.2, .NETFramework,Version=v4.7, .NETFramework,Version=v4.7.1, .NETFramework,Version=v4.7.2, .NETFramework,Version=v4.8, .NETFramework,Version=v4.8.1' instead of the project target framework 'net8.0'. This package may not be fully compatible with your project. [C:\Users\ultra\warewolf\Dev\Warewolf.Auditing.Tests\Warewolf.Auditing.Tests.csproj]
C:\Users\ultra\warewolf\Dev\Dev2.Studio.Interfaces\Dev2.Studio.Interfaces.csproj : warning NU1701: Package 'GroupControls 1.9.0' was restored using '.NETFramework,Version=v4.6.1, .NETFramework,Version=v4.6.2, .NETFramework,Version=v4.7, .NETFramework,Version=v4.7.1, .NETFramework,Version=v4.7.2, .NETFramework,Version=v4.8, .NETFramework,Version=v4.8.1' instead of the project target framework 'net8.0'. This package may not be fully compatible with your project. [C:\Users\ultra\warewolf\Dev\Warewolf.Auditing.Tests\Warewolf.Auditing.Tests.csproj]
C:\Users\ultra\warewolf\Dev\Dev2.Studio.Interfaces\Dev2.Studio.Interfaces.csproj : warning NU1701: Package 'Microsoft.Xaml.Behaviors.Wpf 1.1.122' was restored using '.NETFramework,Version=v4.6.1, .NETFramework,Version=v4.6.2, .NETFramework,Version=v4.7, .NETFramework,Version=v4.7.1, .NETFramework,Version=v4.7.2, .NETFramework,Version=v4.8, .NETFramework,Version=v4.8.1' instead of the project target framework 'net8.0'. This package may not be fully compatible with your project. [C:\Users\ultra\warewolf\Dev\Warewolf.Auditing.Tests\Warewolf.Auditing.Tests.csproj]
C:\Users\ultra\warewolf\Dev\Dev2.Studio.Interfaces\Dev2.Studio.Interfaces.csproj : warning NU1701: Package 'Prism.Wpf 9.0.537' was restored using '.NETFramework,Version=v4.6.1, .NETFramework,Version=v4.6.2, .NETFramework,Version=v4.7, .NETFramework,Version=v4.7.1, .NETFramework,Version=v4.7.2, .NETFramework,Version=v4.8, .NETFramework,Version=v4.8.1' instead of the project target framework 'net8.0'. This package may not be fully compatible with your project. [C:\Users\ultra\warewolf\Dev\Warewolf.Auditing.Tests\Warewolf.Auditing.Tests.csproj]
C:\Users\ultra\warewolf\Dev\Dev2.Studio.Interfaces\Dev2.Studio.Interfaces.csproj : warning NU1701: Package 'ReactiveUI.WPF 18.4.1' was restored using '.NETFramework,Version=v4.6.1, .NETFramework,Version=v4.6.2, .NETFramework,Version=v4.7, .NETFramework,Version=v4.7.1, .NETFramework,Version=v4.7.2, .NETFramework,Version=v4.8, .NETFramework,Version=v4.8.1' instead of the project target framework 'net8.0'. This package may not be fully compatible with your project. [C:\Users\ultra\warewolf\Dev\Warewolf.Auditing.Tests\Warewolf.Auditing.Tests.csproj]
C:\Users\ultra\warewolf\Dev\Dev2.Studio.Interfaces\Dev2.Studio.Interfaces.csproj : warning NU1701: Package 'TaskSchedulerEditor 2.10.1' was restored using '.NETFramework,Version=v4.6.1, .NETFramework,Version=v4.6.2, .NETFramework,Version=v4.7, .NETFramework,Version=v4.7.1, .NETFramework,Version=v4.7.2, .NETFramework,Version=v4.8, .NETFramework,Version=v4.8.1' instead of the project target framework 'net8.0'. This package may not be fully compatible with your project. [C:\Users\ultra\warewolf\Dev\Warewolf.Auditing.Tests\Warewolf.Auditing.Tests.csproj]
C:\Users\ultra\warewolf\Dev\Dev2.Studio.Core\Dev2.Studio.Core.csproj : warning NU1701: Package 'AeroWizard 2.3.1' was restored using '.NETFramework,Version=v4.6.1, .NETFramework,Version=v4.6.2, .NETFramework,Version=v4.7, .NETFramework,Version=v4.7.1, .NETFramework,Version=v4.7.2, .NETFramework,Version=v4.8, .NETFramework,Version=v4.8.1' instead of the project target framework 'net8.0'. This package may not be fully compatible with your project. [C:\Users\ultra\warewolf\Dev\Warewolf.Auditing.Tests\Warewolf.Auditing.Tests.csproj]
C:\Users\ultra\warewolf\Dev\Dev2.Studio.Core\Dev2.Studio.Core.csproj : warning NU1701: Package 'GroupControls 1.9.0' was restored using '.NETFramework,Version=v4.6.1, .NETFramework,Version=v4.6.2, .NETFramework,Version=v4.7, .NETFramework,Version=v4.7.1, .NETFramework,Version=v4.7.2, .NETFramework,Version=v4.8, .NETFramework,Version=v4.8.1' instead of the project target framework 'net8.0'. This package may not be fully compatible with your project. [C:\Users\ultra\warewolf\Dev\Warewolf.Auditing.Tests\Warewolf.Auditing.Tests.csproj]
C:\Users\ultra\warewolf\Dev\Dev2.Studio.Core\Dev2.Studio.Core.csproj : warning NU1701: Package 'Microsoft.Xaml.Behaviors.Wpf 1.1.122' was restored using '.NETFramework,Version=v4.6.1, .NETFramework,Version=v4.6.2, .NETFramework,Version=v4.7, .NETFramework,Version=v4.7.1, .NETFramework,Version=v4.7.2, .NETFramework,Version=v4.8, .NETFramework,Version=v4.8.1' instead of the project target framework 'net8.0'. This package may not be fully compatible with your project. [C:\Users\ultra\warewolf\Dev\Warewolf.Auditing.Tests\Warewolf.Auditing.Tests.csproj]
C:\Users\ultra\warewolf\Dev\Dev2.Studio.Core\Dev2.Studio.Core.csproj : warning NU1701: Package 'Prism.Wpf 9.0.537' was restored using '.NETFramework,Version=v4.6.1, .NETFramework,Version=v4.6.2, .NETFramework,Version=v4.7, .NETFramework,Version=v4.7.1, .NETFramework,Version=v4.7.2, .NETFramework,Version=v4.8, .NETFramework,Version=v4.8.1' instead of the project target framework 'net8.0'. This package may not be fully compatible with your project. [C:\Users\ultra\warewolf\Dev\Warewolf.Auditing.Tests\Warewolf.Auditing.Tests.csproj]
C:\Users\ultra\warewolf\Dev\Dev2.Studio.Core\Dev2.Studio.Core.csproj : warning NU1701: Package 'ReactiveUI.WPF 18.4.1' was restored using '.NETFramework,Version=v4.6.1, .NETFramework,Version=v4.6.2, .NETFramework,Version=v4.7, .NETFramework,Version=v4.7.1, .NETFramework,Version=v4.7.2, .NETFramework,Version=v4.8, .NETFramework,Version=v4.8.1' instead of the project target framework 'net8.0'. This package may not be fully compatible with your project. [C:\Users\ultra\warewolf\Dev\Warewolf.Auditing.Tests\Warewolf.Auditing.Tests.csproj]
C:\Users\ultra\warewolf\Dev\Dev2.Studio.Core\Dev2.Studio.Core.csproj : warning NU1701: Package 'TaskSchedulerEditor 2.10.1' was restored using '.NETFramework,Version=v4.6.1, .NETFramework,Version=v4.6.2, .NETFramework,Version=v4.7, .NETFramework,Version=v4.7.1, .NETFramework,Version=v4.7.2, .NETFramework,Version=v4.8, .NETFramework,Version=v4.8.1' instead of the project target framework 'net8.0'. This package may not be fully compatible with your project. [C:\Users\ultra\warewolf\Dev\Warewolf.Auditing.Tests\Warewolf.Auditing.Tests.csproj]
C:\Users\ultra\warewolf\Dev\Warewolf.Auditing.Tests\Warewolf.Auditing.Tests.csproj : warning NU1701: Package 'AeroWizard 2.3.1' was restored using '.NETFramework,Version=v4.6.1, .NETFramework,Version=v4.6.2, .NETFramework,Version=v4.7, .NETFramework,Version=v4.7.1, .NETFramework,Version=v4.7.2, .NETFramework,Version=v4.8, .NETFramework,Version=v4.8.1' instead of the project target framework 'net8.0'. This package may not be fully compatible with your project.
C:\Users\ultra\warewolf\Dev\Warewolf.Auditing.Tests\Warewolf.Auditing.Tests.csproj : warning NU1701: Package 'GroupControls 1.9.0' was restored using '.NETFramework,Version=v4.6.1, .NETFramework,Version=v4.6.2, .NETFramework,Version=v4.7, .NETFramework,Version=v4.7.1, .NETFramework,Version=v4.7.2, .NETFramework,Version=v4.8, .NETFramework,Version=v4.8.1' instead of the project target framework 'net8.0'. This package may not be fully compatible with your project.
C:\Users\ultra\warewolf\Dev\Warewolf.Auditing.Tests\Warewolf.Auditing.Tests.csproj : warning NU1701: Package 'Microsoft.Xaml.Behaviors.Wpf 1.1.122' was restored using '.NETFramework,Version=v4.6.1, .NETFramework,Version=v4.6.2, .NETFramework,Version=v4.7, .NETFramework,Version=v4.7.1, .NETFramework,Version=v4.7.2, .NETFramework,Version=v4.8, .NETFramework,Version=v4.8.1' instead of the project target framework 'net8.0'. This package may not be fully compatible with your project.
C:\Users\ultra\warewolf\Dev\Warewolf.Auditing.Tests\Warewolf.Auditing.Tests.csproj : warning NU1701: Package 'Prism.Wpf 9.0.537' was restored using '.NETFramework,Version=v4.6.1, .NETFramework,Version=v4.6.2, .NETFramework,Version=v4.7, .NETFramework,Version=v4.7.1, .NETFramework,Version=v4.7.2, .NETFramework,Version=v4.8, .NETFramework,Version=v4.8.1' instead of the project target framework 'net8.0'. This package may not be fully compatible with your project.
C:\Users\ultra\warewolf\Dev\Warewolf.Auditing.Tests\Warewolf.Auditing.Tests.csproj : warning NU1701: Package 'ReactiveUI.WPF 18.4.1' was restored using '.NETFramework,Version=v4.6.1, .NETFramework,Version=v4.6.2, .NETFramework,Version=v4.7, .NETFramework,Version=v4.7.1, .NETFramework,Version=v4.7.2, .NETFramework,Version=v4.8, .NETFramework,Version=v4.8.1' instead of the project target framework 'net8.0'. This package may not be fully compatible with your project.
C:\Users\ultra\warewolf\Dev\Warewolf.Auditing.Tests\Warewolf.Auditing.Tests.csproj : warning NU1701: Package 'TaskSchedulerEditor 2.10.1' was restored using '.NETFramework,Version=v4.6.1, .NETFramework,Version=v4.6.2, .NETFramework,Version=v4.7, .NETFramework,Version=v4.7.1, .NETFramework,Version=v4.7.2, .NETFramework,Version=v4.8, .NETFramework,Version=v4.8.1' instead of the project target framework 'net8.0'. This package may not be fully compatible with your project.
  Restored C:\Users\ultra\warewolf\Dev\Warewolf.Auditing.Tests\Warewolf.Auditing.Tests.csproj (in 699 ms).
  55 of 56 projects are up-to-date for restore.
C:\Users\ultra\warewolf\Dev\Warewolf.Auditing.Tests\Warewolf.Auditing.Tests.csproj : warning NU1701: Package 'AeroWizard 2.3.1' was restored using '.NETFramework,Version=v4.6.1, .NETFramework,Version=v4.6.2, .NETFramework,Version=v4.7, .NETFramework,Version=v4.7.1, .NETFramework,Version=v4.7.2, .NETFramework,Version=v4.8, .NETFramework,Version=v4.8.1' instead of the project target framework 'net8.0'. This package may not be fully compatible with your project.
C:\Users\ultra\warewolf\Dev\Warewolf.Auditing.Tests\Warewolf.Auditing.Tests.csproj : warning NU1701: Package 'GroupControls 1.9.0' was restored using '.NETFramework,Version=v4.6.1, .NETFramework,Version=v4.6.2, .NETFramework,Version=v4.7, .NETFramework,Version=v4.7.1, .NETFramework,Version=v4.7.2, .NETFramework,Version=v4.8, .NETFramework,Version=v4.8.1' instead of the project target framework 'net8.0'. This package may not be fully compatible with your project.
C:\Users\ultra\warewolf\Dev\Warewolf.Auditing.Tests\Warewolf.Auditing.Tests.csproj : warning NU1701: Package 'Microsoft.Xaml.Behaviors.Wpf 1.1.122' was restored using '.NETFramework,Version=v4.6.1, .NETFramework,Version=v4.6.2, .NETFramework,Version=v4.7, .NETFramework,Version=v4.7.1, .NETFramework,Version=v4.7.2, .NETFramework,Version=v4.8, .NETFramework,Version=v4.8.1' instead of the project target framework 'net8.0'. This package may not be fully compatible with your project.
C:\Users\ultra\warewolf\Dev\Warewolf.Auditing.Tests\Warewolf.Auditing.Tests.csproj : warning NU1701: Package 'Prism.Wpf 9.0.537' was restored using '.NETFramework,Version=v4.6.1, .NETFramework,Version=v4.6.2, .NETFramework,Version=v4.7, .NETFramework,Version=v4.7.1, .NETFramework,Version=v4.7.2, .NETFramework,Version=v4.8, .NETFramework,Version=v4.8.1' instead of the project target framework 'net8.0'. This package may not be fully compatible with your project.
C:\Users\ultra\warewolf\Dev\Warewolf.Auditing.Tests\Warewolf.Auditing.Tests.csproj : warning NU1701: Package 'ReactiveUI.WPF 18.4.1' was restored using '.NETFramework,Version=v4.6.1, .NETFramework,Version=v4.6.2, .NETFramework,Version=v4.7, .NETFramework,Version=v4.7.1, .NETFramework,Version=v4.7.2, .NETFramework,Version=v4.8, .NETFramework,Version=v4.8.1' instead of the project target framework 'net8.0'. This package may not be fully compatible with your project.
C:\Users\ultra\warewolf\Dev\Warewolf.Auditing.Tests\Warewolf.Auditing.Tests.csproj : warning NU1701: Package 'TaskSchedulerEditor 2.10.1' was restored using '.NETFramework,Version=v4.6.1, .NETFramework,Version=v4.6.2, .NETFramework,Version=v4.7, .NETFramework,Version=v4.7.1, .NETFramework,Version=v4.7.2, .NETFramework,Version=v4.8, .NETFramework,Version=v4.8.1' instead of the project target framework 'net8.0'. This package may not be fully compatible with your project.
C:\Users\ultra\warewolf\Dev\Dev2.Infrastructure\Dev2.Infrastructure.csproj : warning NU1903: Package 'Microsoft.Windows.Compatibility' 6.0.0 has a known high severity vulnerability, https://github.com/advisories/GHSA-555c-2p6r-68mm
C:\Users\ultra\warewolf\Dev\Dev2.Infrastructure\Dev2.Infrastructure.csproj : warning NU1701: Package 'AeroWizard 2.3.1' was restored using '.NETFramework,Version=v4.6.1, .NETFramework,Version=v4.6.2, .NETFramework,Version=v4.7, .NETFramework,Version=v4.7.1, .NETFramework,Version=v4.7.2, .NETFramework,Version=v4.8, .NETFramework,Version=v4.8.1' instead of the project target framework 'net8.0'. This package may not be fully compatible with your project.
C:\Users\ultra\warewolf\Dev\Dev2.Infrastructure\Dev2.Infrastructure.csproj : warning NU1701: Package 'GroupControls 1.9.0' was restored using '.NETFramework,Version=v4.6.1, .NETFramework,Version=v4.6.2, .NETFramework,Version=v4.7, .NETFramework,Version=v4.7.1, .NETFramework,Version=v4.7.2, .NETFramework,Version=v4.8, .NETFramework,Version=v4.8.1' instead of the project target framework 'net8.0'. This package may not be fully compatible with your project.
C:\Users\ultra\warewolf\Dev\Dev2.Infrastructure\Dev2.Infrastructure.csproj : warning NU1701: Package 'ReactiveUI.WPF 18.4.1' was restored using '.NETFramework,Version=v4.6.1, .NETFramework,Version=v4.6.2, .NETFramework,Version=v4.7, .NETFramework,Version=v4.7.1, .NETFramework,Version=v4.7.2, .NETFramework,Version=v4.8, .NETFramework,Version=v4.8.1' instead of the project target framework 'net8.0'. This package may not be fully compatible with your project.
C:\Users\ultra\warewolf\Dev\Dev2.Infrastructure\Dev2.Infrastructure.csproj : warning NU1701: Package 'TaskSchedulerEditor 2.10.1' was restored using '.NETFramework,Version=v4.6.1, .NETFramework,Version=v4.6.2, .NETFramework,Version=v4.7, .NETFramework,Version=v4.7.1, .NETFramework,Version=v4.7.2, .NETFramework,Version=v4.8, .NETFramework,Version=v4.8.1' instead of the project target framework 'net8.0'. This package may not be fully compatible with your project.
C:\Users\ultra\warewolf\Dev\Dev2.Diagnostics\Dev2.Diagnostics.csproj : warning NU1701: Package 'AeroWizard 2.3.1' was restored using '.NETFramework,Version=v4.6.1, .NETFramework,Version=v4.6.2, .NETFramework,Version=v4.7, .NETFramework,Version=v4.7.1, .NETFramework,Version=v4.7.2, .NETFramework,Version=v4.8, .NETFramework,Version=v4.8.1' instead of the project target framework 'net8.0'. This package may not be fully compatible with your project.
C:\Users\ultra\warewolf\Dev\Dev2.Diagnostics\Dev2.Diagnostics.csproj : warning NU1701: Package 'GroupControls 1.9.0' was restored using '.NETFramework,Version=v4.6.1, .NETFramework,Version=v4.6.2, .NETFramework,Version=v4.7, .NETFramework,Version=v4.7.1, .NETFramework,Version=v4.7.2, .NETFramework,Version=v4.8, .NETFramework,Version=v4.8.1' instead of the project target framework 'net8.0'. This package may not be fully compatible with your project.
C:\Users\ultra\warewolf\Dev\Dev2.Diagnostics\Dev2.Diagnostics.csproj : warning NU1701: Package 'TaskSchedulerEditor 2.10.1' was restored using '.NETFramework,Version=v4.6.1, .NETFramework,Version=v4.6.2, .NETFramework,Version=v4.7, .NETFramework,Version=v4.7.1, .NETFramework,Version=v4.7.2, .NETFramework,Version=v4.8, .NETFramework,Version=v4.8.1' instead of the project target framework 'net8.0'. This package may not be fully compatible with your project.
C:\Users\ultra\warewolf\Dev\Dev2.Data.Interfaces\Dev2.Data.Interfaces.csproj : warning NU1903: Package 'DotNetZip' 1.16.0 has a known high severity vulnerability, https://github.com/advisories/GHSA-xhg6-9j5j-w4vf
C:\Users\ultra\warewolf\Dev\Dev2.Data.Interfaces\Dev2.Data.Interfaces.csproj : warning NU1701: Package 'AeroWizard 2.3.1' was restored using '.NETFramework,Version=v4.6.1, .NETFramework,Version=v4.6.2, .NETFramework,Version=v4.7, .NETFramework,Version=v4.7.1, .NETFramework,Version=v4.7.2, .NETFramework,Version=v4.8, .NETFramework,Version=v4.8.1' instead of the project target framework 'net8.0'. This package may not be fully compatible with your project.
C:\Users\ultra\warewolf\Dev\Dev2.Data.Interfaces\Dev2.Data.Interfaces.csproj : warning NU1701: Package 'GroupControls 1.9.0' was restored using '.NETFramework,Version=v4.6.1, .NETFramework,Version=v4.6.2, .NETFramework,Version=v4.7, .NETFramework,Version=v4.7.1, .NETFramework,Version=v4.7.2, .NETFramework,Version=v4.8, .NETFramework,Version=v4.8.1' instead of the project target framework 'net8.0'. This package may not be fully compatible with your project.
C:\Users\ultra\warewolf\Dev\Dev2.Data.Interfaces\Dev2.Data.Interfaces.csproj : warning NU1701: Package 'TaskSchedulerEditor 2.10.1' was restored using '.NETFramework,Version=v4.6.1, .NETFramework,Version=v4.6.2, .NETFramework,Version=v4.7, .NETFramework,Version=v4.7.1, .NETFramework,Version=v4.7.2, .NETFramework,Version=v4.8, .NETFramework,Version=v4.8.1' instead of the project target framework 'net8.0'. This package may not be fully compatible with your project.
C:\Users\ultra\warewolf\Dev\Dev2.Development.Languages\Dev2.Development.Languages.csproj : warning NU1701: Package 'AeroWizard 2.3.1' was restored using '.NETFramework,Version=v4.6.1, .NETFramework,Version=v4.6.2, .NETFramework,Version=v4.7, .NETFramework,Version=v4.7.1, .NETFramework,Version=v4.7.2, .NETFramework,Version=v4.8, .NETFramework,Version=v4.8.1' instead of the project target framework 'net8.0'. This package may not be fully compatible with your project.
C:\Users\ultra\warewolf\Dev\Dev2.Development.Languages\Dev2.Development.Languages.csproj : warning NU1701: Package 'GroupControls 1.9.0' was restored using '.NETFramework,Version=v4.6.1, .NETFramework,Version=v4.6.2, .NETFramework,Version=v4.7, .NETFramework,Version=v4.7.1, .NETFramework,Version=v4.7.2, .NETFramework,Version=v4.8, .NETFramework,Version=v4.8.1' instead of the project target framework 'net8.0'. This package may not be fully compatible with your project.
C:\Users\ultra\warewolf\Dev\Dev2.Development.Languages\Dev2.Development.Languages.csproj : warning NU1701: Package 'TaskSchedulerEditor 2.10.1' was restored using '.NETFramework,Version=v4.6.1, .NETFramework,Version=v4.6.2, .NETFramework,Version=v4.7, .NETFramework,Version=v4.7.1, .NETFramework,Version=v4.7.2, .NETFramework,Version=v4.8, .NETFramework,Version=v4.8.1' instead of the project target framework 'net8.0'. This package may not be fully compatible with your project.
C:\Program Files\dotnet\sdk\10.0.201\Sdks\Microsoft.NET.Sdk\targets\Microsoft.NET.Sdk.DefaultItems.targets(162,5): warning NETSDK1137: It is no longer necessary to use the Microsoft.NET.Sdk.WindowsDesktop SDK. Consider changing the Sdk attribute of the root Project element to 'Microsoft.NET.Sdk'. [C:\Users\ultra\warewolf\Dev\Dev2.CustomControls\Dev2.CustomControls.csproj]
C:\Program Files\dotnet\sdk\10.0.201\Sdks\Microsoft.NET.Sdk.WindowsDesktop\targets\Microsoft.NET.Sdk.WindowsDesktop.targets(138,5): warning NETSDK1106: Microsoft.NET.Sdk.WindowsDesktop requires 'UseWpf' or 'UseWindowsForms' to be set to 'true' [C:\Users\ultra\warewolf\Dev\Dev2.CustomControls\Dev2.CustomControls.csproj]
C:\Users\ultra\warewolf\Dev\Dev2.Core\Dev2.Core.csproj : warning NU1903: Package 'Microsoft.Windows.Compatibility' 6.0.0 has a known high severity vulnerability, https://github.com/advisories/GHSA-555c-2p6r-68mm
C:\Users\ultra\warewolf\Dev\Dev2.Core\Dev2.Core.csproj : warning NU1701: Package 'AeroWizard 2.3.1' was restored using '.NETFramework,Version=v4.6.1, .NETFramework,Version=v4.6.2, .NETFramework,Version=v4.7, .NETFramework,Version=v4.7.1, .NETFramework,Version=v4.7.2, .NETFramework,Version=v4.8, .NETFramework,Version=v4.8.1' instead of the project target framework 'net8.0'. This package may not be fully compatible with your project.
C:\Users\ultra\warewolf\Dev\Dev2.Core\Dev2.Core.csproj : warning NU1701: Package 'GroupControls 1.9.0' was restored using '.NETFramework,Version=v4.6.1, .NETFramework,Version=v4.6.2, .NETFramework,Version=v4.7, .NETFramework,Version=v4.7.1, .NETFramework,Version=v4.7.2, .NETFramework,Version=v4.8, .NETFramework,Version=v4.8.1' instead of the project target framework 'net8.0'. This package may not be fully compatible with your project.
C:\Users\ultra\warewolf\Dev\Dev2.Common.Interfaces\Dev2.Common.Interfaces.csproj : warning NU1903: Package 'Microsoft.Windows.Compatibility' 6.0.0 has a known high severity vulnerability, https://github.com/advisories/GHSA-555c-2p6r-68mm
C:\Users\ultra\warewolf\Dev\Dev2.Common\Dev2.Common.csproj : warning NU1903: Package 'Microsoft.Windows.Compatibility' 6.0.0 has a known high severity vulnerability, https://github.com/advisories/GHSA-555c-2p6r-68mm
C:\Users\ultra\warewolf\Dev\Dev2.Core\Dev2.Core.csproj : warning NU1701: Package 'ReactiveUI.WPF 18.4.1' was restored using '.NETFramework,Version=v4.6.1, .NETFramework,Version=v4.6.2, .NETFramework,Version=v4.7, .NETFramework,Version=v4.7.1, .NETFramework,Version=v4.7.2, .NETFramework,Version=v4.8, .NETFramework,Version=v4.8.1' instead of the project target framework 'net8.0'. This package may not be fully compatible with your project.
C:\Users\ultra\warewolf\Dev\Dev2.Common.Interfaces\Dev2.Common.Interfaces.csproj : warning NU1701: Package 'AeroWizard 2.3.1' was restored using '.NETFramework,Version=v4.6.1, .NETFramework,Version=v4.6.2, .NETFramework,Version=v4.7, .NETFramework,Version=v4.7.1, .NETFramework,Version=v4.7.2, .NETFramework,Version=v4.8, .NETFramework,Version=v4.8.1' instead of the project target framework 'net8.0'. This package may not be fully compatible with your project.
C:\Users\ultra\warewolf\Dev\Dev2.Common\Dev2.Common.csproj : warning NU1701: Package 'AeroWizard 2.3.1' was restored using '.NETFramework,Version=v4.6.1, .NETFramework,Version=v4.6.2, .NETFramework,Version=v4.7, .NETFramework,Version=v4.7.1, .NETFramework,Version=v4.7.2, .NETFramework,Version=v4.8, .NETFramework,Version=v4.8.1' instead of the project target framework 'net8.0'. This package may not be fully compatible with your project.
C:\Users\ultra\warewolf\Dev\Dev2.Core\Dev2.Core.csproj : warning NU1701: Package 'TaskSchedulerEditor 2.10.1' was restored using '.NETFramework,Version=v4.6.1, .NETFramework,Version=v4.6.2, .NETFramework,Version=v4.7, .NETFramework,Version=v4.7.1, .NETFramework,Version=v4.7.2, .NETFramework,Version=v4.8, .NETFramework,Version=v4.8.1' instead of the project target framework 'net8.0'. This package may not be fully compatible with your project.
C:\Users\ultra\warewolf\Dev\Dev2.Common.Interfaces\Dev2.Common.Interfaces.csproj : warning NU1701: Package 'GroupControls 1.9.0' was restored using '.NETFramework,Version=v4.6.1, .NETFramework,Version=v4.6.2, .NETFramework,Version=v4.7, .NETFramework,Version=v4.7.1, .NETFramework,Version=v4.7.2, .NETFramework,Version=v4.8, .NETFramework,Version=v4.8.1' instead of the project target framework 'net8.0'. This package may not be fully compatible with your project.
C:\Users\ultra\warewolf\Dev\Dev2.Activities\Dev2.Activities.csproj : warning NU1903: Package 'Microsoft.Windows.Compatibility' 6.0.0 has a known high severity vulnerability, https://github.com/advisories/GHSA-555c-2p6r-68mm
C:\Users\ultra\warewolf\Dev\Dev2.Common\Dev2.Common.csproj : warning NU1701: Package 'GroupControls 1.9.0' was restored using '.NETFramework,Version=v4.6.1, .NETFramework,Version=v4.6.2, .NETFramework,Version=v4.7, .NETFramework,Version=v4.7.1, .NETFramework,Version=v4.7.2, .NETFramework,Version=v4.8, .NETFramework,Version=v4.8.1' instead of the project target framework 'net8.0'. This package may not be fully compatible with your project.
C:\Users\ultra\warewolf\Dev\Warewolf.Auditing\Warewolf.Auditing.csproj : warning NU1701: Package 'AeroWizard 2.3.1' was restored using '.NETFramework,Version=v4.6.1, .NETFramework,Version=v4.6.2, .NETFramework,Version=v4.7, .NETFramework,Version=v4.7.1, .NETFramework,Version=v4.7.2, .NETFramework,Version=v4.8, .NETFramework,Version=v4.8.1' instead of the project target framework 'net8.0'. This package may not be fully compatible with your project.
C:\Users\ultra\warewolf\Dev\Dev2.Common.Interfaces\Dev2.Common.Interfaces.csproj : warning NU1701: Package 'TaskSchedulerEditor 2.10.1' was restored using '.NETFramework,Version=v4.6.1, .NETFramework,Version=v4.6.2, .NETFramework,Version=v4.7, .NETFramework,Version=v4.7.1, .NETFramework,Version=v4.7.2, .NETFramework,Version=v4.8, .NETFramework,Version=v4.8.1' instead of the project target framework 'net8.0'. This package may not be fully compatible with your project.
C:\Users\ultra\warewolf\Dev\Dev2.Activities\Dev2.Activities.csproj : warning NU1701: Package 'AeroWizard 2.3.1' was restored using '.NETFramework,Version=v4.6.1, .NETFramework,Version=v4.6.2, .NETFramework,Version=v4.7, .NETFramework,Version=v4.7.1, .NETFramework,Version=v4.7.2, .NETFramework,Version=v4.8, .NETFramework,Version=v4.8.1' instead of the project target framework 'net8.0'. This package may not be fully compatible with your project.
C:\Users\ultra\warewolf\Dev\Warewolf.Auditing\Warewolf.Auditing.csproj : warning NU1701: Package 'GroupControls 1.9.0' was restored using '.NETFramework,Version=v4.6.1, .NETFramework,Version=v4.6.2, .NETFramework,Version=v4.7, .NETFramework,Version=v4.7.1, .NETFramework,Version=v4.7.2, .NETFramework,Version=v4.8, .NETFramework,Version=v4.8.1' instead of the project target framework 'net8.0'. This package may not be fully compatible with your project.
C:\Users\ultra\warewolf\Dev\Dev2.Common\Dev2.Common.csproj : warning NU1701: Package 'TaskSchedulerEditor 2.10.1' was restored using '.NETFramework,Version=v4.6.1, .NETFramework,Version=v4.6.2, .NETFramework,Version=v4.7, .NETFramework,Version=v4.7.1, .NETFramework,Version=v4.7.2, .NETFramework,Version=v4.8, .NETFramework,Version=v4.8.1' instead of the project target framework 'net8.0'. This package may not be fully compatible with your project.
C:\Users\ultra\warewolf\Dev\Warewolf.Auditing\Warewolf.Auditing.csproj : warning NU1701: Package 'ReactiveUI.WPF 18.4.1' was restored using '.NETFramework,Version=v4.6.1, .NETFramework,Version=v4.6.2, .NETFramework,Version=v4.7, .NETFramework,Version=v4.7.1, .NETFramework,Version=v4.7.2, .NETFramework,Version=v4.8, .NETFramework,Version=v4.8.1' instead of the project target framework 'net8.0'. This package may not be fully compatible with your project.
C:\Users\ultra\warewolf\Dev\Dev2.Activities\Dev2.Activities.csproj : warning NU1701: Package 'GroupControls 1.9.0' was restored using '.NETFramework,Version=v4.6.1, .NETFramework,Version=v4.6.2, .NETFramework,Version=v4.7, .NETFramework,Version=v4.7.1, .NETFramework,Version=v4.7.2, .NETFramework,Version=v4.8, .NETFramework,Version=v4.8.1' instead of the project target framework 'net8.0'. This package may not be fully compatible with your project.
C:\Users\ultra\warewolf\Dev\Warewolf.Auditing\Warewolf.Auditing.csproj : warning NU1701: Package 'TaskSchedulerEditor 2.10.1' was restored using '.NETFramework,Version=v4.6.1, .NETFramework,Version=v4.6.2, .NETFramework,Version=v4.7, .NETFramework,Version=v4.7.1, .NETFramework,Version=v4.7.2, .NETFramework,Version=v4.8, .NETFramework,Version=v4.8.1' instead of the project target framework 'net8.0'. This package may not be fully compatible with your project.
C:\Users\ultra\warewolf\Dev\Dev2.Activities\Dev2.Activities.csproj : warning NU1701: Package 'ReactiveUI.WPF 18.4.1' was restored using '.NETFramework,Version=v4.6.1, .NETFramework,Version=v4.6.2, .NETFramework,Version=v4.7, .NETFramework,Version=v4.7.1, .NETFramework,Version=v4.7.2, .NETFramework,Version=v4.8, .NETFramework,Version=v4.8.1' instead of the project target framework 'net8.0'. This package may not be fully compatible with your project.
C:\Users\ultra\warewolf\Dev\Dev2.Activities\Dev2.Activities.csproj : warning NU1701: Package 'TaskSchedulerEditor 2.10.1' was restored using '.NETFramework,Version=v4.6.1, .NETFramework,Version=v4.6.2, .NETFramework,Version=v4.7, .NETFramework,Version=v4.7.1, .NETFramework,Version=v4.7.2, .NETFramework,Version=v4.8, .NETFramework,Version=v4.8.1' instead of the project target framework 'net8.0'. This package may not be fully compatible with your project.
C:\Users\ultra\warewolf\Dev\Dev2.Data\Dev2.Data.csproj : warning NU1701: Package 'AeroWizard 2.3.1' was restored using '.NETFramework,Version=v4.6.1, .NETFramework,Version=v4.6.2, .NETFramework,Version=v4.7, .NETFramework,Version=v4.7.1, .NETFramework,Version=v4.7.2, .NETFramework,Version=v4.8, .NETFramework,Version=v4.8.1' instead of the project target framework 'net8.0'. This package may not be fully compatible with your project.
C:\Users\ultra\warewolf\Dev\Dev2.Data\Dev2.Data.csproj : warning NU1701: Package 'GroupControls 1.9.0' was restored using '.NETFramework,Version=v4.6.1, .NETFramework,Version=v4.6.2, .NETFramework,Version=v4.7, .NETFramework,Version=v4.7.1, .NETFramework,Version=v4.7.2, .NETFramework,Version=v4.8, .NETFramework,Version=v4.8.1' instead of the project target framework 'net8.0'. This package may not be fully compatible with your project.
C:\Users\ultra\warewolf\Dev\Dev2.Data\Dev2.Data.csproj : warning NU1701: Package 'ReactiveUI.WPF 18.4.1' was restored using '.NETFramework,Version=v4.6.1, .NETFramework,Version=v4.6.2, .NETFramework,Version=v4.7, .NETFramework,Version=v4.7.1, .NETFramework,Version=v4.7.2, .NETFramework,Version=v4.8, .NETFramework,Version=v4.8.1' instead of the project target framework 'net8.0'. This package may not be fully compatible with your project.
C:\Users\ultra\warewolf\Dev\Dev2.Data\Dev2.Data.csproj : warning NU1701: Package 'TaskSchedulerEditor 2.10.1' was restored using '.NETFramework,Version=v4.6.1, .NETFramework,Version=v4.6.2, .NETFramework,Version=v4.7, .NETFramework,Version=v4.7.1, .NETFramework,Version=v4.7.2, .NETFramework,Version=v4.8, .NETFramework,Version=v4.8.1' instead of the project target framework 'net8.0'. This package may not be fully compatible with your project.
C:\Users\ultra\warewolf\Dev\Dev2.CustomControls\Dev2.CustomControls.csproj : warning NU1903: Package 'Microsoft.Windows.Compatibility' 6.0.0 has a known high severity vulnerability, https://github.com/advisories/GHSA-555c-2p6r-68mm
C:\Users\ultra\warewolf\Dev\Dev2.CustomControls\Dev2.CustomControls.csproj : warning NU1701: Package 'AeroWizard 2.3.1' was restored using '.NETFramework,Version=v4.6.1, .NETFramework,Version=v4.6.2, .NETFramework,Version=v4.7, .NETFramework,Version=v4.7.1, .NETFramework,Version=v4.7.2, .NETFramework,Version=v4.8, .NETFramework,Version=v4.8.1' instead of the project target framework 'net8.0'. This package may not be fully compatible with your project.
C:\Users\ultra\warewolf\Dev\Dev2.CustomControls\Dev2.CustomControls.csproj : warning NU1701: Package 'GroupControls 1.9.0' was restored using '.NETFramework,Version=v4.6.1, .NETFramework,Version=v4.6.2, .NETFramework,Version=v4.7, .NETFramework,Version=v4.7.1, .NETFramework,Version=v4.7.2, .NETFramework,Version=v4.8, .NETFramework,Version=v4.8.1' instead of the project target framework 'net8.0'. This package may not be fully compatible with your project.
C:\Users\ultra\warewolf\Dev\Dev2.CustomControls\Dev2.CustomControls.csproj : warning NU1701: Package 'TaskSchedulerEditor 2.10.1' was restored using '.NETFramework,Version=v4.6.1, .NETFramework,Version=v4.6.2, .NETFramework,Version=v4.7, .NETFramework,Version=v4.7.1, .NETFramework,Version=v4.7.2, .NETFramework,Version=v4.8, .NETFramework,Version=v4.8.1' instead of the project target framework 'net8.0'. This package may not be fully compatible with your project.
C:\Users\ultra\warewolf\Dev\Warewolf.Language.Parser\Warewolf.Language.Parser.fsproj : warning NU1504: Duplicate 'PackageReference' items found. Remove the duplicate items or use the Update functionality to ensure a consistent restore behavior. The duplicate 'PackageReference' items are: FSharp.Core 10.1.201, FSharp.Core 4.6.2.
C:\Users\ultra\warewolf\Dev\Dev2.Studio.Interfaces\Dev2.Studio.Interfaces.csproj : warning NU1701: Package 'AeroWizard 2.3.1' was restored using '.NETFramework,Version=v4.6.1, .NETFramework,Version=v4.6.2, .NETFramework,Version=v4.7, .NETFramework,Version=v4.7.1, .NETFramework,Version=v4.7.2, .NETFramework,Version=v4.8, .NETFramework,Version=v4.8.1' instead of the project target framework 'net8.0'. This package may not be fully compatible with your project.
C:\Users\ultra\warewolf\Dev\Dev2.Studio.Interfaces\Dev2.Studio.Interfaces.csproj : warning NU1701: Package 'GroupControls 1.9.0' was restored using '.NETFramework,Version=v4.6.1, .NETFramework,Version=v4.6.2, .NETFramework,Version=v4.7, .NETFramework,Version=v4.7.1, .NETFramework,Version=v4.7.2, .NETFramework,Version=v4.8, .NETFramework,Version=v4.8.1' instead of the project target framework 'net8.0'. This package may not be fully compatible with your project.
C:\Users\ultra\warewolf\Dev\Dev2.Studio.Interfaces\Dev2.Studio.Interfaces.csproj : warning NU1701: Package 'Microsoft.Xaml.Behaviors.Wpf 1.1.122' was restored using '.NETFramework,Version=v4.6.1, .NETFramework,Version=v4.6.2, .NETFramework,Version=v4.7, .NETFramework,Version=v4.7.1, .NETFramework,Version=v4.7.2, .NETFramework,Version=v4.8, .NETFramework,Version=v4.8.1' instead of the project target framework 'net8.0'. This package may not be fully compatible with your project.
C:\Users\ultra\warewolf\Dev\Dev2.Studio.Interfaces\Dev2.Studio.Interfaces.csproj : warning NU1701: Package 'Prism.Wpf 9.0.537' was restored using '.NETFramework,Version=v4.6.1, .NETFramework,Version=v4.6.2, .NETFramework,Version=v4.7, .NETFramework,Version=v4.7.1, .NETFramework,Version=v4.7.2, .NETFramework,Version=v4.8, .NETFramework,Version=v4.8.1' instead of the project target framework 'net8.0'. This package may not be fully compatible with your project.
C:\Users\ultra\warewolf\Dev\Dev2.Studio.Interfaces\Dev2.Studio.Interfaces.csproj : warning NU1701: Package 'ReactiveUI.WPF 18.4.1' was restored using '.NETFramework,Version=v4.6.1, .NETFramework,Version=v4.6.2, .NETFramework,Version=v4.7, .NETFramework,Version=v4.7.1, .NETFramework,Version=v4.7.2, .NETFramework,Version=v4.8, .NETFramework,Version=v4.8.1' instead of the project target framework 'net8.0'. This package may not be fully compatible with your project.
C:\Users\ultra\warewolf\Dev\Dev2.Studio.Interfaces\Dev2.Studio.Interfaces.csproj : warning NU1701: Package 'TaskSchedulerEditor 2.10.1' was restored using '.NETFramework,Version=v4.6.1, .NETFramework,Version=v4.6.2, .NETFramework,Version=v4.7, .NETFramework,Version=v4.7.1, .NETFramework,Version=v4.7.2, .NETFramework,Version=v4.8, .NETFramework,Version=v4.8.1' instead of the project target framework 'net8.0'. This package may not be fully compatible with your project.
C:\Users\ultra\warewolf\Dev\Dev2.Infrastructure.Tests\Dev2.Infrastructure.Tests.csproj : warning NU1701: Package 'AeroWizard 2.3.1' was restored using '.NETFramework,Version=v4.6.1, .NETFramework,Version=v4.6.2, .NETFramework,Version=v4.7, .NETFramework,Version=v4.7.1, .NETFramework,Version=v4.7.2, .NETFramework,Version=v4.8, .NETFramework,Version=v4.8.1' instead of the project target framework 'net8.0'. This package may not be fully compatible with your project.
C:\Users\ultra\warewolf\Dev\Dev2.Infrastructure.Tests\Dev2.Infrastructure.Tests.csproj : warning NU1701: Package 'GroupControls 1.9.0' was restored using '.NETFramework,Version=v4.6.1, .NETFramework,Version=v4.6.2, .NETFramework,Version=v4.7, .NETFramework,Version=v4.7.1, .NETFramework,Version=v4.7.2, .NETFramework,Version=v4.8, .NETFramework,Version=v4.8.1' instead of the project target framework 'net8.0'. This package may not be fully compatible with your project.
C:\Users\ultra\warewolf\Dev\Dev2.Infrastructure.Tests\Dev2.Infrastructure.Tests.csproj : warning NU1701: Package 'Microsoft.Xaml.Behaviors.Wpf 1.1.122' was restored using '.NETFramework,Version=v4.6.1, .NETFramework,Version=v4.6.2, .NETFramework,Version=v4.7, .NETFramework,Version=v4.7.1, .NETFramework,Version=v4.7.2, .NETFramework,Version=v4.8, .NETFramework,Version=v4.8.1' instead of the project target framework 'net8.0'. This package may not be fully compatible with your project.
C:\Users\ultra\warewolf\Dev\Dev2.Infrastructure.Tests\Dev2.Infrastructure.Tests.csproj : warning NU1701: Package 'Prism.Wpf 9.0.537' was restored using '.NETFramework,Version=v4.6.1, .NETFramework,Version=v4.6.2, .NETFramework,Version=v4.7, .NETFramework,Version=v4.7.1, .NETFramework,Version=v4.7.2, .NETFramework,Version=v4.8, .NETFramework,Version=v4.8.1' instead of the project target framework 'net8.0'. This package may not be fully compatible with your project.
C:\Users\ultra\warewolf\Dev\Dev2.Infrastructure.Tests\Dev2.Infrastructure.Tests.csproj : warning NU1701: Package 'ReactiveUI.WPF 18.4.1' was restored using '.NETFramework,Version=v4.6.1, .NETFramework,Version=v4.6.2, .NETFramework,Version=v4.7, .NETFramework,Version=v4.7.1, .NETFramework,Version=v4.7.2, .NETFramework,Version=v4.8, .NETFramework,Version=v4.8.1' instead of the project target framework 'net8.0'. This package may not be fully compatible with your project.
C:\Users\ultra\warewolf\Dev\Dev2.Infrastructure.Tests\Dev2.Infrastructure.Tests.csproj : warning NU1701: Package 'TaskSchedulerEditor 2.10.1' was restored using '.NETFramework,Version=v4.6.1, .NETFramework,Version=v4.6.2, .NETFramework,Version=v4.7, .NETFramework,Version=v4.7.1, .NETFramework,Version=v4.7.2, .NETFramework,Version=v4.8, .NETFramework,Version=v4.8.1' instead of the project target framework 'net8.0'. This package may not be fully compatible with your project.
C:\Users\ultra\warewolf\Dev\Warewolf.Storage\Warewolf.Storage.csproj : warning NU1701: Package 'AeroWizard 2.3.1' was restored using '.NETFramework,Version=v4.6.1, .NETFramework,Version=v4.6.2, .NETFramework,Version=v4.7, .NETFramework,Version=v4.7.1, .NETFramework,Version=v4.7.2, .NETFramework,Version=v4.8, .NETFramework,Version=v4.8.1' instead of the project target framework 'net8.0'. This package may not be fully compatible with your project.
C:\Users\ultra\warewolf\Dev\Warewolf.Storage\Warewolf.Storage.csproj : warning NU1701: Package 'GroupControls 1.9.0' was restored using '.NETFramework,Version=v4.6.1, .NETFramework,Version=v4.6.2, .NETFramework,Version=v4.7, .NETFramework,Version=v4.7.1, .NETFramework,Version=v4.7.2, .NETFramework,Version=v4.8, .NETFramework,Version=v4.8.1' instead of the project target framework 'net8.0'. This package may not be fully compatible with your project.
C:\Users\ultra\warewolf\Dev\Warewolf.Storage\Warewolf.Storage.csproj : warning NU1701: Package 'ReactiveUI.WPF 18.4.1' was restored using '.NETFramework,Version=v4.6.1, .NETFramework,Version=v4.6.2, .NETFramework,Version=v4.7, .NETFramework,Version=v4.7.1, .NETFramework,Version=v4.7.2, .NETFramework,Version=v4.8, .NETFramework,Version=v4.8.1' instead of the project target framework 'net8.0'. This package may not be fully compatible with your project.
C:\Users\ultra\warewolf\Dev\Warewolf.Storage\Warewolf.Storage.csproj : warning NU1701: Package 'TaskSchedulerEditor 2.10.1' was restored using '.NETFramework,Version=v4.6.1, .NETFramework,Version=v4.6.2, .NETFramework,Version=v4.7, .NETFramework,Version=v4.7.1, .NETFramework,Version=v4.7.2, .NETFramework,Version=v4.8, .NETFramework,Version=v4.8.1' instead of the project target framework 'net8.0'. This package may not be fully compatible with your project.
C:\Users\ultra\warewolf\Dev\Warewolf.Common\Warewolf.Common.csproj : warning NU1701: Package 'AeroWizard 2.3.1' was restored using '.NETFramework,Version=v4.6.1, .NETFramework,Version=v4.6.2, .NETFramework,Version=v4.7, .NETFramework,Version=v4.7.1, .NETFramework,Version=v4.7.2, .NETFramework,Version=v4.8, .NETFramework,Version=v4.8.1' instead of the project target framework 'net8.0'. This package may not be fully compatible with your project.
C:\Users\ultra\warewolf\Dev\Warewolf.Common\Warewolf.Common.csproj : warning NU1701: Package 'GroupControls 1.9.0' was restored using '.NETFramework,Version=v4.6.1, .NETFramework,Version=v4.6.2, .NETFramework,Version=v4.7, .NETFramework,Version=v4.7.1, .NETFramework,Version=v4.7.2, .NETFramework,Version=v4.8, .NETFramework,Version=v4.8.1' instead of the project target framework 'net8.0'. This package may not be fully compatible with your project.
C:\Users\ultra\warewolf\Dev\Warewolf.Common\Warewolf.Common.csproj : warning NU1701: Package 'TaskSchedulerEditor 2.10.1' was restored using '.NETFramework,Version=v4.6.1, .NETFramework,Version=v4.6.2, .NETFramework,Version=v4.7, .NETFramework,Version=v4.7.1, .NETFramework,Version=v4.7.2, .NETFramework,Version=v4.8, .NETFramework,Version=v4.8.1' instead of the project target framework 'net8.0'. This package may not be fully compatible with your project.
C:\Users\ultra\warewolf\Dev\Dev2.Scheduler\Dev2.Scheduler.csproj : warning NU1701: Package 'AeroWizard 2.3.1' was restored using '.NETFramework,Version=v4.6.1, .NETFramework,Version=v4.6.2, .NETFramework,Version=v4.7, .NETFramework,Version=v4.7.1, .NETFramework,Version=v4.7.2, .NETFramework,Version=v4.8, .NETFramework,Version=v4.8.1' instead of the project target framework 'net8.0'. This package may not be fully compatible with your project.
C:\Users\ultra\warewolf\Dev\Dev2.Scheduler\Dev2.Scheduler.csproj : warning NU1701: Package 'GroupControls 1.9.0' was restored using '.NETFramework,Version=v4.6.1, .NETFramework,Version=v4.6.2, .NETFramework,Version=v4.7, .NETFramework,Version=v4.7.1, .NETFramework,Version=v4.7.2, .NETFramework,Version=v4.8, .NETFramework,Version=v4.8.1' instead of the project target framework 'net8.0'. This package may not be fully compatible with your project.
C:\Users\ultra\warewolf\Dev\Dev2.Scheduler\Dev2.Scheduler.csproj : warning NU1701: Package 'ReactiveUI.WPF 18.4.1' was restored using '.NETFramework,Version=v4.6.1, .NETFramework,Version=v4.6.2, .NETFramework,Version=v4.7, .NETFramework,Version=v4.7.1, .NETFramework,Version=v4.7.2, .NETFramework,Version=v4.8, .NETFramework,Version=v4.8.1' instead of the project target framework 'net8.0'. This package may not be fully compatible with your project.
C:\Users\ultra\warewolf\Dev\Dev2.Scheduler\Dev2.Scheduler.csproj : warning NU1701: Package 'TaskSchedulerEditor 2.10.1' was restored using '.NETFramework,Version=v4.6.1, .NETFramework,Version=v4.6.2, .NETFramework,Version=v4.7, .NETFramework,Version=v4.7.1, .NETFramework,Version=v4.7.2, .NETFramework,Version=v4.8, .NETFramework,Version=v4.8.1' instead of the project target framework 'net8.0'. This package may not be fully compatible with your project.
C:\Users\ultra\warewolf\Dev\Dev2.Runtime.Configuration\Dev2.Runtime.Configuration.csproj : warning NU1903: Package 'Microsoft.Windows.Compatibility' 6.0.0 has a known high severity vulnerability, https://github.com/advisories/GHSA-555c-2p6r-68mm
C:\Users\ultra\warewolf\Dev\Dev2.Runtime.Configuration\Dev2.Runtime.Configuration.csproj : warning NU1701: Package 'AeroWizard 2.3.1' was restored using '.NETFramework,Version=v4.6.1, .NETFramework,Version=v4.6.2, .NETFramework,Version=v4.7, .NETFramework,Version=v4.7.1, .NETFramework,Version=v4.7.2, .NETFramework,Version=v4.8, .NETFramework,Version=v4.8.1' instead of the project target framework 'net8.0'. This package may not be fully compatible with your project.
C:\Users\ultra\warewolf\Dev\Dev2.Runtime.Configuration\Dev2.Runtime.Configuration.csproj : warning NU1701: Package 'GroupControls 1.9.0' was restored using '.NETFramework,Version=v4.6.1, .NETFramework,Version=v4.6.2, .NETFramework,Version=v4.7, .NETFramework,Version=v4.7.1, .NETFramework,Version=v4.7.2, .NETFramework,Version=v4.8, .NETFramework,Version=v4.8.1' instead of the project target framework 'net8.0'. This package may not be fully compatible with your project.
C:\Users\ultra\warewolf\Dev\Warewolf.Common.Framework48\Warewolf.Common.Framework48.csproj : warning NU1902: Package 'System.IdentityModel.Tokens.Jwt' 5.1.0 has a known moderate severity vulnerability, https://github.com/advisories/GHSA-59j7-ghrg-fj52
C:\Users\ultra\warewolf\Dev\Warewolf.Common.Framework48\Warewolf.Common.Framework48.csproj : warning NU1701: Package 'AeroWizard 2.3.1' was restored using '.NETFramework,Version=v4.6.1, .NETFramework,Version=v4.6.2, .NETFramework,Version=v4.7, .NETFramework,Version=v4.7.1, .NETFramework,Version=v4.7.2, .NETFramework,Version=v4.8, .NETFramework,Version=v4.8.1' instead of the project target framework 'net8.0'. This package may not be fully compatible with your project.
C:\Users\ultra\warewolf\Dev\Dev2.Runtime.Configuration\Dev2.Runtime.Configuration.csproj : warning NU1701: Package 'TaskSchedulerEditor 2.10.1' was restored using '.NETFramework,Version=v4.6.1, .NETFramework,Version=v4.6.2, .NETFramework,Version=v4.7, .NETFramework,Version=v4.7.1, .NETFramework,Version=v4.7.2, .NETFramework,Version=v4.8, .NETFramework,Version=v4.8.1' instead of the project target framework 'net8.0'. This package may not be fully compatible with your project.
C:\Users\ultra\warewolf\Dev\Warewolf.Common.Framework48\Warewolf.Common.Framework48.csproj : warning NU1701: Package 'GroupControls 1.9.0' was restored using '.NETFramework,Version=v4.6.1, .NETFramework,Version=v4.6.2, .NETFramework,Version=v4.7, .NETFramework,Version=v4.7.1, .NETFramework,Version=v4.7.2, .NETFramework,Version=v4.8, .NETFramework,Version=v4.8.1' instead of the project target framework 'net8.0'. This package may not be fully compatible with your project.
C:\Users\ultra\warewolf\Dev\Warewolf.Common.Framework48\Warewolf.Common.Framework48.csproj : warning NU1701: Package 'Microsoft.Xaml.Behaviors.Wpf 1.1.122' was restored using '.NETFramework,Version=v4.6.1, .NETFramework,Version=v4.6.2, .NETFramework,Version=v4.7, .NETFramework,Version=v4.7.1, .NETFramework,Version=v4.7.2, .NETFramework,Version=v4.8, .NETFramework,Version=v4.8.1' instead of the project target framework 'net8.0'. This package may not be fully compatible with your project.
C:\Users\ultra\warewolf\Dev\Warewolf.Common.Framework48\Warewolf.Common.Framework48.csproj : warning NU1701: Package 'Prism.Wpf 9.0.537' was restored using '.NETFramework,Version=v4.6.1, .NETFramework,Version=v4.6.2, .NETFramework,Version=v4.7, .NETFramework,Version=v4.7.1, .NETFramework,Version=v4.7.2, .NETFramework,Version=v4.8, .NETFramework,Version=v4.8.1' instead of the project target framework 'net8.0'. This package may not be fully compatible with your project.
C:\Users\ultra\warewolf\Dev\Warewolf.Common.Framework48\Warewolf.Common.Framework48.csproj : warning NU1701: Package 'ReactiveUI.WPF 18.4.1' was restored using '.NETFramework,Version=v4.6.1, .NETFramework,Version=v4.6.2, .NETFramework,Version=v4.7, .NETFramework,Version=v4.7.1, .NETFramework,Version=v4.7.2, .NETFramework,Version=v4.8, .NETFramework,Version=v4.8.1' instead of the project target framework 'net8.0'. This package may not be fully compatible with your project.
C:\Users\ultra\warewolf\Dev\Warewolf.Common.Framework48\Warewolf.Common.Framework48.csproj : warning NU1701: Package 'TaskSchedulerEditor 2.10.1' was restored using '.NETFramework,Version=v4.6.1, .NETFramework,Version=v4.6.2, .NETFramework,Version=v4.7, .NETFramework,Version=v4.7.1, .NETFramework,Version=v4.7.2, .NETFramework,Version=v4.8, .NETFramework,Version=v4.8.1' instead of the project target framework 'net8.0'. This package may not be fully compatible with your project.
  Log4Net.Async -> C:\Users\ultra\warewolf\Dev\Log4Net.Async\bin\Debug\net8.0\Log4Net.Async.dll
C:\Users\ultra\warewolf\Dev\Warewolf.Core\Warewolf.Core.csproj : warning NU1903: Package 'Microsoft.Windows.Compatibility' 6.0.0 has a known high severity vulnerability, https://github.com/advisories/GHSA-555c-2p6r-68mm
C:\Users\ultra\warewolf\Dev\Warewolf.Core\Warewolf.Core.csproj : warning NU1701: Package 'AeroWizard 2.3.1' was restored using '.NETFramework,Version=v4.6.1, .NETFramework,Version=v4.6.2, .NETFramework,Version=v4.7, .NETFramework,Version=v4.7.1, .NETFramework,Version=v4.7.2, .NETFramework,Version=v4.8, .NETFramework,Version=v4.8.1' instead of the project target framework 'net8.0'. This package may not be fully compatible with your project.
C:\Users\ultra\warewolf\Dev\Warewolf.Core\Warewolf.Core.csproj : warning NU1701: Package 'GroupControls 1.9.0' was restored using '.NETFramework,Version=v4.6.1, .NETFramework,Version=v4.6.2, .NETFramework,Version=v4.7, .NETFramework,Version=v4.7.1, .NETFramework,Version=v4.7.2, .NETFramework,Version=v4.8, .NETFramework,Version=v4.8.1' instead of the project target framework 'net8.0'. This package may not be fully compatible with your project.
C:\Users\ultra\warewolf\Dev\Warewolf.Core\Warewolf.Core.csproj : warning NU1701: Package 'ReactiveUI.WPF 18.4.1' was restored using '.NETFramework,Version=v4.6.1, .NETFramework,Version=v4.6.2, .NETFramework,Version=v4.7, .NETFramework,Version=v4.7.1, .NETFramework,Version=v4.7.2, .NETFramework,Version=v4.8, .NETFramework,Version=v4.8.1' instead of the project target framework 'net8.0'. This package may not be fully compatible with your project.
C:\Users\ultra\warewolf\Dev\Dev2.Runtime.Services\Dev2.Runtime.Services.csproj : warning NU1902: Package 'MessagePack' 2.4.59 has a known moderate severity vulnerability, https://github.com/advisories/GHSA-4qm4-8hg2-g2xm
C:\Users\ultra\warewolf\Dev\Dev2.Runtime.Services\Dev2.Runtime.Services.csproj : warning NU1903: Package 'Microsoft.Windows.Compatibility' 6.0.0 has a known high severity vulnerability, https://github.com/advisories/GHSA-555c-2p6r-68mm
C:\Users\ultra\warewolf\Dev\Dev2.Runtime.Services\Dev2.Runtime.Services.csproj : warning NU1701: Package 'AeroWizard 2.3.1' was restored using '.NETFramework,Version=v4.6.1, .NETFramework,Version=v4.6.2, .NETFramework,Version=v4.7, .NETFramework,Version=v4.7.1, .NETFramework,Version=v4.7.2, .NETFramework,Version=v4.8, .NETFramework,Version=v4.8.1' instead of the project target framework 'net8.0'. This package may not be fully compatible with your project.
C:\Users\ultra\warewolf\Dev\Dev2.Runtime.Services\Dev2.Runtime.Services.csproj : warning NU1701: Package 'GroupControls 1.9.0' was restored using '.NETFramework,Version=v4.6.1, .NETFramework,Version=v4.6.2, .NETFramework,Version=v4.7, .NETFramework,Version=v4.7.1, .NETFramework,Version=v4.7.2, .NETFramework,Version=v4.8, .NETFramework,Version=v4.8.1' instead of the project target framework 'net8.0'. This package may not be fully compatible with your project.
C:\Users\ultra\warewolf\Dev\Dev2.Runtime.Services\Dev2.Runtime.Services.csproj : warning NU1701: Package 'ReactiveUI.WPF 18.4.1' was restored using '.NETFramework,Version=v4.6.1, .NETFramework,Version=v4.6.2, .NETFramework,Version=v4.7, .NETFramework,Version=v4.7.1, .NETFramework,Version=v4.7.2, .NETFramework,Version=v4.8, .NETFramework,Version=v4.8.1' instead of the project target framework 'net8.0'. This package may not be fully compatible with your project.
C:\Users\ultra\warewolf\Dev\Dev2.Runtime.Services\Dev2.Runtime.Services.csproj : warning NU1701: Package 'TaskSchedulerEditor 2.10.1' was restored using '.NETFramework,Version=v4.6.1, .NETFramework,Version=v4.6.2, .NETFramework,Version=v4.7, .NETFramework,Version=v4.7.1, .NETFramework,Version=v4.7.2, .NETFramework,Version=v4.8, .NETFramework,Version=v4.8.1' instead of the project target framework 'net8.0'. This package may not be fully compatible with your project.
C:\Users\ultra\warewolf\Dev\Warewolf.Driver.Persistence\Warewolf.Driver.Persistence.csproj : warning NU1701: Package 'AeroWizard 2.3.1' was restored using '.NETFramework,Version=v4.6.1, .NETFramework,Version=v4.6.2, .NETFramework,Version=v4.7, .NETFramework,Version=v4.7.1, .NETFramework,Version=v4.7.2, .NETFramework,Version=v4.8, .NETFramework,Version=v4.8.1' instead of the project target framework 'net8.0'. This package may not be fully compatible with your project.
C:\Users\ultra\warewolf\Dev\Warewolf.Driver.Persistence\Warewolf.Driver.Persistence.csproj : warning NU1701: Package 'GroupControls 1.9.0' was restored using '.NETFramework,Version=v4.6.1, .NETFramework,Version=v4.6.2, .NETFramework,Version=v4.7, .NETFramework,Version=v4.7.1, .NETFramework,Version=v4.7.2, .NETFramework,Version=v4.8, .NETFramework,Version=v4.8.1' instead of the project target framework 'net8.0'. This package may not be fully compatible with your project.
C:\Users\ultra\warewolf\Dev\Warewolf.Driver.Persistence\Warewolf.Driver.Persistence.csproj : warning NU1701: Package 'ReactiveUI.WPF 18.4.1' was restored using '.NETFramework,Version=v4.6.1, .NETFramework,Version=v4.6.2, .NETFramework,Version=v4.7, .NETFramework,Version=v4.7.1, .NETFramework,Version=v4.7.2, .NETFramework,Version=v4.8, .NETFramework,Version=v4.8.1' instead of the project target framework 'net8.0'. This package may not be fully compatible with your project.
C:\Users\ultra\warewolf\Dev\Warewolf.Driver.Persistence\Warewolf.Driver.Persistence.csproj : warning NU1701: Package 'TaskSchedulerEditor 2.10.1' was restored using '.NETFramework,Version=v4.6.1, .NETFramework,Version=v4.6.2, .NETFramework,Version=v4.7, .NETFramework,Version=v4.7.1, .NETFramework,Version=v4.7.2, .NETFramework,Version=v4.8, .NETFramework,Version=v4.8.1' instead of the project target framework 'net8.0'. This package may not be fully compatible with your project.
C:\Users\ultra\warewolf\Dev\Warewolf.Common.NetStandard20\Warewolf.Common.NetStandard20.csproj : warning NU1701: Package 'AeroWizard 2.3.1' was restored using '.NETFramework,Version=v4.6.1, .NETFramework,Version=v4.6.2, .NETFramework,Version=v4.7, .NETFramework,Version=v4.7.1, .NETFramework,Version=v4.7.2, .NETFramework,Version=v4.8, .NETFramework,Version=v4.8.1' instead of the project target framework 'net8.0'. This package may not be fully compatible with your project.
C:\Users\ultra\warewolf\Dev\Warewolf.Common.NetStandard20\Warewolf.Common.NetStandard20.csproj : warning NU1701: Package 'GroupControls 1.9.0' was restored using '.NETFramework,Version=v4.6.1, .NETFramework,Version=v4.6.2, .NETFramework,Version=v4.7, .NETFramework,Version=v4.7.1, .NETFramework,Version=v4.7.2, .NETFramework,Version=v4.8, .NETFramework,Version=v4.8.1' instead of the project target framework 'net8.0'. This package may not be fully compatible with your project.
C:\Users\ultra\warewolf\Dev\Warewolf.Common.NetStandard20\Warewolf.Common.NetStandard20.csproj : warning NU1701: Package 'ReactiveUI.WPF 18.4.1' was restored using '.NETFramework,Version=v4.6.1, .NETFramework,Version=v4.6.2, .NETFramework,Version=v4.7, .NETFramework,Version=v4.7.1, .NETFramework,Version=v4.7.2, .NETFramework,Version=v4.8, .NETFramework,Version=v4.8.1' instead of the project target framework 'net8.0'. This package may not be fully compatible with your project.
C:\Users\ultra\warewolf\Dev\Warewolf.Common.NetStandard20\Warewolf.Common.NetStandard20.csproj : warning NU1701: Package 'TaskSchedulerEditor 2.10.1' was restored using '.NETFramework,Version=v4.6.1, .NETFramework,Version=v4.6.2, .NETFramework,Version=v4.7, .NETFramework,Version=v4.7.1, .NETFramework,Version=v4.7.2, .NETFramework,Version=v4.8, .NETFramework,Version=v4.8.1' instead of the project target framework 'net8.0'. This package may not be fully compatible with your project.
C:\Users\ultra\warewolf\Dev\Warewolf.Core\Warewolf.Core.csproj : warning NU1701: Package 'TaskSchedulerEditor 2.10.1' was restored using '.NETFramework,Version=v4.6.1, .NETFramework,Version=v4.6.2, .NETFramework,Version=v4.7, .NETFramework,Version=v4.7.1, .NETFramework,Version=v4.7.2, .NETFramework,Version=v4.8, .NETFramework,Version=v4.8.1' instead of the project target framework 'net8.0'. This package may not be fully compatible with your project.
C:\Users\ultra\warewolf\Dev\Dev2.Services.Execution\Dev2.Services.Execution.csproj : warning NU1701: Package 'AeroWizard 2.3.1' was restored using '.NETFramework,Version=v4.6.1, .NETFramework,Version=v4.6.2, .NETFramework,Version=v4.7, .NETFramework,Version=v4.7.1, .NETFramework,Version=v4.7.2, .NETFramework,Version=v4.8, .NETFramework,Version=v4.8.1' instead of the project target framework 'net8.0'. This package may not be fully compatible with your project.
C:\Users\ultra\warewolf\Dev\Dev2.Services.Execution\Dev2.Services.Execution.csproj : warning NU1701: Package 'GroupControls 1.9.0' was restored using '.NETFramework,Version=v4.6.1, .NETFramework,Version=v4.6.2, .NETFramework,Version=v4.7, .NETFramework,Version=v4.7.1, .NETFramework,Version=v4.7.2, .NETFramework,Version=v4.8, .NETFramework,Version=v4.8.1' instead of the project target framework 'net8.0'. This package may not be fully compatible with your project.
C:\Users\ultra\warewolf\Dev\Dev2.Services.Execution\Dev2.Services.Execution.csproj : warning NU1701: Package 'ReactiveUI.WPF 18.4.1' was restored using '.NETFramework,Version=v4.6.1, .NETFramework,Version=v4.6.2, .NETFramework,Version=v4.7, .NETFramework,Version=v4.7.1, .NETFramework,Version=v4.7.2, .NETFramework,Version=v4.8, .NETFramework,Version=v4.8.1' instead of the project target framework 'net8.0'. This package may not be fully compatible with your project.
C:\Users\ultra\warewolf\Dev\Dev2.Services.Execution\Dev2.Services.Execution.csproj : warning NU1701: Package 'TaskSchedulerEditor 2.10.1' was restored using '.NETFramework,Version=v4.6.1, .NETFramework,Version=v4.6.2, .NETFramework,Version=v4.7, .NETFramework,Version=v4.7.1, .NETFramework,Version=v4.7.2, .NETFramework,Version=v4.8, .NETFramework,Version=v4.8.1' instead of the project target framework 'net8.0'. This package may not be fully compatible with your project.
C:\Users\ultra\warewolf\Dev\Warewolf.ResourceManagement\Warewolf.ResourceManagement.csproj : warning NU1701: Package 'AeroWizard 2.3.1' was restored using '.NETFramework,Version=v4.6.1, .NETFramework,Version=v4.6.2, .NETFramework,Version=v4.7, .NETFramework,Version=v4.7.1, .NETFramework,Version=v4.7.2, .NETFramework,Version=v4.8, .NETFramework,Version=v4.8.1' instead of the project target framework 'net8.0'. This package may not be fully compatible with your project.
C:\Users\ultra\warewolf\Dev\Warewolf.ResourceManagement\Warewolf.ResourceManagement.csproj : warning NU1701: Package 'GroupControls 1.9.0' was restored using '.NETFramework,Version=v4.6.1, .NETFramework,Version=v4.6.2, .NETFramework,Version=v4.7, .NETFramework,Version=v4.7.1, .NETFramework,Version=v4.7.2, .NETFramework,Version=v4.8, .NETFramework,Version=v4.8.1' instead of the project target framework 'net8.0'. This package may not be fully compatible with your project.
C:\Users\ultra\warewolf\Dev\Warewolf.ResourceManagement\Warewolf.ResourceManagement.csproj : warning NU1701: Package 'ReactiveUI.WPF 18.4.1' was restored using '.NETFramework,Version=v4.6.1, .NETFramework,Version=v4.6.2, .NETFramework,Version=v4.7, .NETFramework,Version=v4.7.1, .NETFramework,Version=v4.7.2, .NETFramework,Version=v4.8, .NETFramework,Version=v4.8.1' instead of the project target framework 'net8.0'. This package may not be fully compatible with your project.
C:\Users\ultra\warewolf\Dev\Warewolf.ResourceManagement\Warewolf.ResourceManagement.csproj : warning NU1701: Package 'TaskSchedulerEditor 2.10.1' was restored using '.NETFramework,Version=v4.6.1, .NETFramework,Version=v4.6.2, .NETFramework,Version=v4.7, .NETFramework,Version=v4.7.1, .NETFramework,Version=v4.7.2, .NETFramework,Version=v4.8, .NETFramework,Version=v4.8.1' instead of the project target framework 'net8.0'. This package may not be fully compatible with your project.
C:\Users\ultra\warewolf\Dev\Warewolf.Driver.Serilog\Warewolf.Driver.Serilog.csproj : warning NU1701: Package 'AeroWizard 2.3.1' was restored using '.NETFramework,Version=v4.6.1, .NETFramework,Version=v4.6.2, .NETFramework,Version=v4.7, .NETFramework,Version=v4.7.1, .NETFramework,Version=v4.7.2, .NETFramework,Version=v4.8, .NETFramework,Version=v4.8.1' instead of the project target framework 'net8.0'. This package may not be fully compatible with your project.
C:\Users\ultra\warewolf\Dev\Warewolf.Driver.Serilog\Warewolf.Driver.Serilog.csproj : warning NU1701: Package 'GroupControls 1.9.0' was restored using '.NETFramework,Version=v4.6.1, .NETFramework,Version=v4.6.2, .NETFramework,Version=v4.7, .NETFramework,Version=v4.7.1, .NETFramework,Version=v4.7.2, .NETFramework,Version=v4.8, .NETFramework,Version=v4.8.1' instead of the project target framework 'net8.0'. This package may not be fully compatible with your project.
C:\Users\ultra\warewolf\Dev\Warewolf.Driver.Serilog\Warewolf.Driver.Serilog.csproj : warning NU1701: Package 'ReactiveUI.WPF 18.4.1' was restored using '.NETFramework,Version=v4.6.1, .NETFramework,Version=v4.6.2, .NETFramework,Version=v4.7, .NETFramework,Version=v4.7.1, .NETFramework,Version=v4.7.2, .NETFramework,Version=v4.8, .NETFramework,Version=v4.8.1' instead of the project target framework 'net8.0'. This package may not be fully compatible with your project.
C:\Users\ultra\warewolf\Dev\Warewolf.Driver.Serilog\Warewolf.Driver.Serilog.csproj : warning NU1701: Package 'TaskSchedulerEditor 2.10.1' was restored using '.NETFramework,Version=v4.6.1, .NETFramework,Version=v4.6.2, .NETFramework,Version=v4.7, .NETFramework,Version=v4.7.1, .NETFramework,Version=v4.7.2, .NETFramework,Version=v4.8, .NETFramework,Version=v4.8.1' instead of the project target framework 'net8.0'. This package may not be fully compatible with your project.
C:\Users\ultra\warewolf\Dev\Warewolf.Storage.Interfaces\Warewolf.Storage.Interfaces.csproj : warning NU1701: Package 'AeroWizard 2.3.1' was restored using '.NETFramework,Version=v4.6.1, .NETFramework,Version=v4.6.2, .NETFramework,Version=v4.7, .NETFramework,Version=v4.7.1, .NETFramework,Version=v4.7.2, .NETFramework,Version=v4.8, .NETFramework,Version=v4.8.1' instead of the project target framework 'net8.0'. This package may not be fully compatible with your project.
C:\Users\ultra\warewolf\Dev\Warewolf.Storage.Interfaces\Warewolf.Storage.Interfaces.csproj : warning NU1701: Package 'GroupControls 1.9.0' was restored using '.NETFramework,Version=v4.6.1, .NETFramework,Version=v4.6.2, .NETFramework,Version=v4.7, .NETFramework,Version=v4.7.1, .NETFramework,Version=v4.7.2, .NETFramework,Version=v4.8, .NETFramework,Version=v4.8.1' instead of the project target framework 'net8.0'. This package may not be fully compatible with your project.
C:\Users\ultra\warewolf\Dev\Warewolf.Storage.Interfaces\Warewolf.Storage.Interfaces.csproj : warning NU1701: Package 'TaskSchedulerEditor 2.10.1' was restored using '.NETFramework,Version=v4.6.1, .NETFramework,Version=v4.6.2, .NETFramework,Version=v4.7, .NETFramework,Version=v4.7.1, .NETFramework,Version=v4.7.2, .NETFramework,Version=v4.8, .NETFramework,Version=v4.8.1' instead of the project target framework 'net8.0'. This package may not be fully compatible with your project.
C:\Users\ultra\warewolf\Dev\Dev2.TaskScheduler.Wrappers\Dev2.TaskScheduler.Wrappers.csproj : warning NU1701: Package 'AeroWizard 2.3.1' was restored using '.NETFramework,Version=v4.6.1, .NETFramework,Version=v4.6.2, .NETFramework,Version=v4.7, .NETFramework,Version=v4.7.1, .NETFramework,Version=v4.7.2, .NETFramework,Version=v4.8, .NETFramework,Version=v4.8.1' instead of the project target framework 'net8.0'. This package may not be fully compatible with your project.
C:\Users\ultra\warewolf\Dev\Dev2.TaskScheduler.Wrappers\Dev2.TaskScheduler.Wrappers.csproj : warning NU1701: Package 'GroupControls 1.9.0' was restored using '.NETFramework,Version=v4.6.1, .NETFramework,Version=v4.6.2, .NETFramework,Version=v4.7, .NETFramework,Version=v4.7.1, .NETFramework,Version=v4.7.2, .NETFramework,Version=v4.8, .NETFramework,Version=v4.8.1' instead of the project target framework 'net8.0'. This package may not be fully compatible with your project.
C:\Users\ultra\warewolf\Dev\Dev2.TaskScheduler.Wrappers\Dev2.TaskScheduler.Wrappers.csproj : warning NU1701: Package 'TaskSchedulerEditor 2.10.1' was restored using '.NETFramework,Version=v4.6.1, .NETFramework,Version=v4.6.2, .NETFramework,Version=v4.7, .NETFramework,Version=v4.7.1, .NETFramework,Version=v4.7.2, .NETFramework,Version=v4.8, .NETFramework,Version=v4.8.1' instead of the project target framework 'net8.0'. This package may not be fully compatible with your project.
C:\Users\ultra\warewolf\Dev\Warewolf.Licensing\Warewolf.Licensing.csproj : warning NU1701: Package 'AeroWizard 2.3.1' was restored using '.NETFramework,Version=v4.6.1, .NETFramework,Version=v4.6.2, .NETFramework,Version=v4.7, .NETFramework,Version=v4.7.1, .NETFramework,Version=v4.7.2, .NETFramework,Version=v4.8, .NETFramework,Version=v4.8.1' instead of the project target framework 'net8.0'. This package may not be fully compatible with your project.
C:\Users\ultra\warewolf\Dev\Warewolf.Licensing\Warewolf.Licensing.csproj : warning NU1701: Package 'GroupControls 1.9.0' was restored using '.NETFramework,Version=v4.6.1, .NETFramework,Version=v4.6.2, .NETFramework,Version=v4.7, .NETFramework,Version=v4.7.1, .NETFramework,Version=v4.7.2, .NETFramework,Version=v4.8, .NETFramework,Version=v4.8.1' instead of the project target framework 'net8.0'. This package may not be fully compatible with your project.
C:\Users\ultra\warewolf\Dev\Warewolf.Licensing\Warewolf.Licensing.csproj : warning NU1701: Package 'TaskSchedulerEditor 2.10.1' was restored using '.NETFramework,Version=v4.6.1, .NETFramework,Version=v4.6.2, .NETFramework,Version=v4.7, .NETFramework,Version=v4.7.1, .NETFramework,Version=v4.7.2, .NETFramework,Version=v4.8, .NETFramework,Version=v4.8.1' instead of the project target framework 'net8.0'. This package may not be fully compatible with your project.
C:\Users\ultra\warewolf\Dev\Warewolf.Testing\Warewolf.Testing.csproj : warning NU1701: Package 'AeroWizard 2.3.1' was restored using '.NETFramework,Version=v4.6.1, .NETFramework,Version=v4.6.2, .NETFramework,Version=v4.7, .NETFramework,Version=v4.7.1, .NETFramework,Version=v4.7.2, .NETFramework,Version=v4.8, .NETFramework,Version=v4.8.1' instead of the project target framework 'net8.0'. This package may not be fully compatible with your project.
C:\Users\ultra\warewolf\Dev\Warewolf.Testing\Warewolf.Testing.csproj : warning NU1701: Package 'GroupControls 1.9.0' was restored using '.NETFramework,Version=v4.6.1, .NETFramework,Version=v4.6.2, .NETFramework,Version=v4.7, .NETFramework,Version=v4.7.1, .NETFramework,Version=v4.7.2, .NETFramework,Version=v4.8, .NETFramework,Version=v4.8.1' instead of the project target framework 'net8.0'. This package may not be fully compatible with your project.
C:\Users\ultra\warewolf\Dev\Warewolf.Testing\Warewolf.Testing.csproj : warning NU1701: Package 'Microsoft.Xaml.Behaviors.Wpf 1.1.122' was restored using '.NETFramework,Version=v4.6.1, .NETFramework,Version=v4.6.2, .NETFramework,Version=v4.7, .NETFramework,Version=v4.7.1, .NETFramework,Version=v4.7.2, .NETFramework,Version=v4.8, .NETFramework,Version=v4.8.1' instead of the project target framework 'net8.0'. This package may not be fully compatible with your project.
C:\Users\ultra\warewolf\Dev\Warewolf.Testing\Warewolf.Testing.csproj : warning NU1701: Package 'Prism.Wpf 9.0.537' was restored using '.NETFramework,Version=v4.6.1, .NETFramework,Version=v4.6.2, .NETFramework,Version=v4.7, .NETFramework,Version=v4.7.1, .NETFramework,Version=v4.7.2, .NETFramework,Version=v4.8, .NETFramework,Version=v4.8.1' instead of the project target framework 'net8.0'. This package may not be fully compatible with your project.
C:\Users\ultra\warewolf\Dev\Warewolf.Testing\Warewolf.Testing.csproj : warning NU1701: Package 'ReactiveUI.WPF 18.4.1' was restored using '.NETFramework,Version=v4.6.1, .NETFramework,Version=v4.6.2, .NETFramework,Version=v4.7, .NETFramework,Version=v4.7.1, .NETFramework,Version=v4.7.2, .NETFramework,Version=v4.8, .NETFramework,Version=v4.8.1' instead of the project target framework 'net8.0'. This package may not be fully compatible with your project.
C:\Users\ultra\warewolf\Dev\Warewolf.Testing\Warewolf.Testing.csproj : warning NU1701: Package 'TaskSchedulerEditor 2.10.1' was restored using '.NETFramework,Version=v4.6.1, .NETFramework,Version=v4.6.2, .NETFramework,Version=v4.7, .NETFramework,Version=v4.7.1, .NETFramework,Version=v4.7.2, .NETFramework,Version=v4.8, .NETFramework,Version=v4.8.1' instead of the project target framework 'net8.0'. This package may not be fully compatible with your project.
C:\Users\ultra\warewolf\Dev\Warewolf.Security\Warewolf.Security.csproj : warning NU1904: Package 'System.Drawing.Common' 4.5.1 has a known critical severity vulnerability, https://github.com/advisories/GHSA-rxg9-xrhp-64gj
  GACManagerApi -> C:\Users\ultra\warewolf\Dev\GACManagerApi\bin\Debug\net8.0\GACManagerApi.dll
  Warewolf.Weave -> C:\Users\ultra\warewolf\Dev\Warewolf.Weave\bin\Debug\net8.0\Warewolf.Weave.dll
  Warewolf.Common.Interfaces.NetStandard20 -> C:\Users\ultra\warewolf\Dev\Warewolf.Common.Interfaces.NetStandard20\bin\Debug\net8.0\Warewolf.Common.Interfaces.NetStandard20.dll
  Dev2.Net6.Compatibility -> C:\Users\ultra\warewolf\Dev\Dev2.Net6.Compatibility\bin\Debug\net8.0\Dev2.Net6.Compatibility.dll
  Warewolf.Resource -> C:\Users\ultra\warewolf\Dev\Warewolf.Resource\bin\Debug\net8.0\Warewolf.Resource.dll
C:\Users\ultra\warewolf\Dev\Dev2.Services.Sql\Dev2.Services.Sql.csproj : warning NU1903: Package 'Oracle.ManagedDataAccess.Core' 3.21.70 has a known high severity vulnerability, https://github.com/advisories/GHSA-5pm2-9mr2-3frq
C:\Users\ultra\warewolf\Dev\Dev2.Services.Sql\Dev2.Services.Sql.csproj : warning NU1701: Package 'AeroWizard 2.3.1' was restored using '.NETFramework,Version=v4.6.1, .NETFramework,Version=v4.6.2, .NETFramework,Version=v4.7, .NETFramework,Version=v4.7.1, .NETFramework,Version=v4.7.2, .NETFramework,Version=v4.8, .NETFramework,Version=v4.8.1' instead of the project target framework 'net8.0'. This package may not be fully compatible with your project.
C:\Users\ultra\warewolf\Dev\Dev2.Services.Sql\Dev2.Services.Sql.csproj : warning NU1701: Package 'GroupControls 1.9.0' was restored using '.NETFramework,Version=v4.6.1, .NETFramework,Version=v4.6.2, .NETFramework,Version=v4.7, .NETFramework,Version=v4.7.1, .NETFramework,Version=v4.7.2, .NETFramework,Version=v4.8, .NETFramework,Version=v4.8.1' instead of the project target framework 'net8.0'. This package may not be fully compatible with your project.
C:\Users\ultra\warewolf\Dev\Dev2.Services.Sql\Dev2.Services.Sql.csproj : warning NU1701: Package 'ReactiveUI.WPF 18.4.1' was restored using '.NETFramework,Version=v4.6.1, .NETFramework,Version=v4.6.2, .NETFramework,Version=v4.7, .NETFramework,Version=v4.7.1, .NETFramework,Version=v4.7.2, .NETFramework,Version=v4.8, .NETFramework,Version=v4.8.1' instead of the project target framework 'net8.0'. This package may not be fully compatible with your project.
C:\Users\ultra\warewolf\Dev\Dev2.Services.Sql\Dev2.Services.Sql.csproj : warning NU1701: Package 'TaskSchedulerEditor 2.10.1' was restored using '.NETFramework,Version=v4.6.1, .NETFramework,Version=v4.6.2, .NETFramework,Version=v4.7, .NETFramework,Version=v4.7.1, .NETFramework,Version=v4.7.2, .NETFramework,Version=v4.8, .NETFramework,Version=v4.8.1' instead of the project target framework 'net8.0'. This package may not be fully compatible with your project.
C:\Users\ultra\warewolf\Dev\Warewolf.Interfaces\Data\ChatbotSettingsData.cs(20,23): warning CS0169: The field 'ChatbotSettingsData._encryptDataSource' is never used [C:\Users\ultra\warewolf\Dev\Warewolf.Interfaces\Warewolf.Interfaces.csproj]
C:\Users\ultra\warewolf\Dev\Warewolf.Interfaces\Auditing\SerializableException.cs(15,7): warning CS0414: The field 'SerializableException.HResult' is assigned but its value is never used [C:\Users\ultra\warewolf\Dev\Warewolf.Interfaces\Warewolf.Interfaces.csproj]
  Dev2.SignalR.Wrappers.Interfaces -> C:\Users\ultra\warewolf\Dev\Dev2.SignalR.Wrappers\bin\Debug\net8.0\Dev2.SignalR.Wrappers.dll
  Warewolf.Interfaces -> C:\Users\ultra\warewolf\Dev\Warewolf.Interfaces\bin\Debug\net8.0\Warewolf.Interfaces.dll
C:\Users\ultra\warewolf\Dev\Warewolf.Data\Warewolf.Data.csproj : warning NU1701: Package 'AeroWizard 2.3.1' was restored using '.NETFramework,Version=v4.6.1, .NETFramework,Version=v4.6.2, .NETFramework,Version=v4.7, .NETFramework,Version=v4.7.1, .NETFramework,Version=v4.7.2, .NETFramework,Version=v4.8, .NETFramework,Version=v4.8.1' instead of the project target framework 'net8.0'. This package may not be fully compatible with your project.
C:\Users\ultra\warewolf\Dev\Warewolf.Data\Warewolf.Data.csproj : warning NU1701: Package 'GroupControls 1.9.0' was restored using '.NETFramework,Version=v4.6.1, .NETFramework,Version=v4.6.2, .NETFramework,Version=v4.7, .NETFramework,Version=v4.7.1, .NETFramework,Version=v4.7.2, .NETFramework,Version=v4.8, .NETFramework,Version=v4.8.1' instead of the project target framework 'net8.0'. This package may not be fully compatible with your project.
C:\Users\ultra\warewolf\Dev\Warewolf.Data\Warewolf.Data.csproj : warning NU1701: Package 'TaskSchedulerEditor 2.10.1' was restored using '.NETFramework,Version=v4.6.1, .NETFramework,Version=v4.6.2, .NETFramework,Version=v4.7, .NETFramework,Version=v4.7.1, .NETFramework,Version=v4.7.2, .NETFramework,Version=v4.8, .NETFramework,Version=v4.8.1' instead of the project target framework 'net8.0'. This package may not be fully compatible with your project.
C:\Users\ultra\warewolf\Dev\Dev2.Util\Dev2.Util.csproj : warning NU1903: Package 'Microsoft.Windows.Compatibility' 6.0.0 has a known high severity vulnerability, https://github.com/advisories/GHSA-555c-2p6r-68mm
C:\Users\ultra\warewolf\Dev\Dev2.Util\Dev2.Util.csproj : warning NU1701: Package 'AeroWizard 2.3.1' was restored using '.NETFramework,Version=v4.6.1, .NETFramework,Version=v4.6.2, .NETFramework,Version=v4.7, .NETFramework,Version=v4.7.1, .NETFramework,Version=v4.7.2, .NETFramework,Version=v4.8, .NETFramework,Version=v4.8.1' instead of the project target framework 'net8.0'. This package may not be fully compatible with your project.
C:\Users\ultra\warewolf\Dev\Dev2.Util\Dev2.Util.csproj : warning NU1701: Package 'GroupControls 1.9.0' was restored using '.NETFramework,Version=v4.6.1, .NETFramework,Version=v4.6.2, .NETFramework,Version=v4.7, .NETFramework,Version=v4.7.1, .NETFramework,Version=v4.7.2, .NETFramework,Version=v4.8, .NETFramework,Version=v4.8.1' instead of the project target framework 'net8.0'. This package may not be fully compatible with your project.
C:\Users\ultra\warewolf\Dev\Dev2.Util\Dev2.Util.csproj : warning NU1701: Package 'TaskSchedulerEditor 2.10.1' was restored using '.NETFramework,Version=v4.6.1, .NETFramework,Version=v4.6.2, .NETFramework,Version=v4.7, .NETFramework,Version=v4.7.1, .NETFramework,Version=v4.7.2, .NETFramework,Version=v4.8, .NETFramework,Version=v4.8.1' instead of the project target framework 'net8.0'. This package may not be fully compatible with your project.
C:\Users\ultra\warewolf\Dev\Warewolf.AI.Harness\Warewolf.AI.Harness.csproj : warning NU1701: Package 'AeroWizard 2.3.1' was restored using '.NETFramework,Version=v4.6.1, .NETFramework,Version=v4.6.2, .NETFramework,Version=v4.7, .NETFramework,Version=v4.7.1, .NETFramework,Version=v4.7.2, .NETFramework,Version=v4.8, .NETFramework,Version=v4.8.1' instead of the project target framework 'net8.0'. This package may not be fully compatible with your project.
C:\Users\ultra\warewolf\Dev\Warewolf.AI.Harness\Warewolf.AI.Harness.csproj : warning NU1701: Package 'GroupControls 1.9.0' was restored using '.NETFramework,Version=v4.6.1, .NETFramework,Version=v4.6.2, .NETFramework,Version=v4.7, .NETFramework,Version=v4.7.1, .NETFramework,Version=v4.7.2, .NETFramework,Version=v4.8, .NETFramework,Version=v4.8.1' instead of the project target framework 'net8.0'. This package may not be fully compatible with your project.
C:\Users\ultra\warewolf\Dev\Warewolf.AI.Harness\Warewolf.AI.Harness.csproj : warning NU1701: Package 'TaskSchedulerEditor 2.10.1' was restored using '.NETFramework,Version=v4.6.1, .NETFramework,Version=v4.6.2, .NETFramework,Version=v4.7, .NETFramework,Version=v4.7.1, .NETFramework,Version=v4.7.2, .NETFramework,Version=v4.8, .NETFramework,Version=v4.8.1' instead of the project target framework 'net8.0'. This package may not be fully compatible with your project.
  Warewolf.ServiceDefinitions -> C:\Users\ultra\warewolf\Dev\Warewolf.ServiceDefinitions\bin\Debug\net8.0\Warewolf.ServiceDefinitions.dll
C:\Users\ultra\warewolf\Dev\Dev2.Runtime.WebServer\Dev2.Runtime.WebServer.csproj : warning NU1902: Package 'System.IdentityModel.Tokens.Jwt' 5.1.0 has a known moderate severity vulnerability, https://github.com/advisories/GHSA-59j7-ghrg-fj52
C:\Users\ultra\warewolf\Dev\Dev2.Runtime.WebServer\Dev2.Runtime.WebServer.csproj : warning NU1701: Package 'AeroWizard 2.3.1' was restored using '.NETFramework,Version=v4.6.1, .NETFramework,Version=v4.6.2, .NETFramework,Version=v4.7, .NETFramework,Version=v4.7.1, .NETFramework,Version=v4.7.2, .NETFramework,Version=v4.8, .NETFramework,Version=v4.8.1' instead of the project target framework 'net8.0'. This package may not be fully compatible with your project.
C:\Users\ultra\warewolf\Dev\Dev2.Runtime.WebServer\Dev2.Runtime.WebServer.csproj : warning NU1701: Package 'GroupControls 1.9.0' was restored using '.NETFramework,Version=v4.6.1, .NETFramework,Version=v4.6.2, .NETFramework,Version=v4.7, .NETFramework,Version=v4.7.1, .NETFramework,Version=v4.7.2, .NETFramework,Version=v4.8, .NETFramework,Version=v4.8.1' instead of the project target framework 'net8.0'. This package may not be fully compatible with your project.
C:\Users\ultra\warewolf\Dev\Dev2.Runtime.WebServer\Dev2.Runtime.WebServer.csproj : warning NU1701: Package 'Microsoft.Xaml.Behaviors.Wpf 1.1.122' was restored using '.NETFramework,Version=v4.6.1, .NETFramework,Version=v4.6.2, .NETFramework,Version=v4.7, .NETFramework,Version=v4.7.1, .NETFramework,Version=v4.7.2, .NETFramework,Version=v4.8, .NETFramework,Version=v4.8.1' instead of the project target framework 'net8.0'. This package may not be fully compatible with your project.
C:\Users\ultra\warewolf\Dev\Dev2.Runtime.WebServer\Dev2.Runtime.WebServer.csproj : warning NU1701: Package 'Prism.Wpf 9.0.537' was restored using '.NETFramework,Version=v4.6.1, .NETFramework,Version=v4.6.2, .NETFramework,Version=v4.7, .NETFramework,Version=v4.7.1, .NETFramework,Version=v4.7.2, .NETFramework,Version=v4.8, .NETFramework,Version=v4.8.1' instead of the project target framework 'net8.0'. This package may not be fully compatible with your project.
C:\Users\ultra\warewolf\Dev\Dev2.Runtime.WebServer\Dev2.Runtime.WebServer.csproj : warning NU1701: Package 'ReactiveUI.WPF 18.4.1' was restored using '.NETFramework,Version=v4.6.1, .NETFramework,Version=v4.6.2, .NETFramework,Version=v4.7, .NETFramework,Version=v4.7.1, .NETFramework,Version=v4.7.2, .NETFramework,Version=v4.8, .NETFramework,Version=v4.8.1' instead of the project target framework 'net8.0'. This package may not be fully compatible with your project.
C:\Users\ultra\warewolf\Dev\Dev2.Runtime.WebServer\Dev2.Runtime.WebServer.csproj : warning NU1701: Package 'TaskSchedulerEditor 2.10.1' was restored using '.NETFramework,Version=v4.6.1, .NETFramework,Version=v4.6.2, .NETFramework,Version=v4.7, .NETFramework,Version=v4.7.1, .NETFramework,Version=v4.7.2, .NETFramework,Version=v4.8, .NETFramework,Version=v4.8.1' instead of the project target framework 'net8.0'. This package may not be fully compatible with your project.
C:\Users\ultra\warewolf\Dev\Dev2.Runtime\Dev2.Runtime.csproj : warning NU1903: Package 'Microsoft.Windows.Compatibility' 6.0.0 has a known high severity vulnerability, https://github.com/advisories/GHSA-555c-2p6r-68mm
C:\Users\ultra\warewolf\Dev\Dev2.Runtime\Dev2.Runtime.csproj : warning NU1701: Package 'AeroWizard 2.3.1' was restored using '.NETFramework,Version=v4.6.1, .NETFramework,Version=v4.6.2, .NETFramework,Version=v4.7, .NETFramework,Version=v4.7.1, .NETFramework,Version=v4.7.2, .NETFramework,Version=v4.8, .NETFramework,Version=v4.8.1' instead of the project target framework 'net8.0'. This package may not be fully compatible with your project.
C:\Users\ultra\warewolf\Dev\Dev2.Runtime\Dev2.Runtime.csproj : warning NU1701: Package 'GroupControls 1.9.0' was restored using '.NETFramework,Version=v4.6.1, .NETFramework,Version=v4.6.2, .NETFramework,Version=v4.7, .NETFramework,Version=v4.7.1, .NETFramework,Version=v4.7.2, .NETFramework,Version=v4.8, .NETFramework,Version=v4.8.1' instead of the project target framework 'net8.0'. This package may not be fully compatible with your project.
C:\Users\ultra\warewolf\Dev\Dev2.Runtime\Dev2.Runtime.csproj : warning NU1701: Package 'ReactiveUI.WPF 18.4.1' was restored using '.NETFramework,Version=v4.6.1, .NETFramework,Version=v4.6.2, .NETFramework,Version=v4.7, .NETFramework,Version=v4.7.1, .NETFramework,Version=v4.7.2, .NETFramework,Version=v4.8, .NETFramework,Version=v4.8.1' instead of the project target framework 'net8.0'. This package may not be fully compatible with your project.
C:\Users\ultra\warewolf\Dev\Dev2.Runtime\Dev2.Runtime.csproj : warning NU1701: Package 'TaskSchedulerEditor 2.10.1' was restored using '.NETFramework,Version=v4.6.1, .NETFramework,Version=v4.6.2, .NETFramework,Version=v4.7, .NETFramework,Version=v4.7.1, .NETFramework,Version=v4.7.2, .NETFramework,Version=v4.8, .NETFramework,Version=v4.8.1' instead of the project target framework 'net8.0'. This package may not be fully compatible with your project.
C:\Users\ultra\warewolf\Dev\Warewolf.Sharepoint\Warewolf.Sharepoint.csproj : warning NU1701: Package 'AeroWizard 2.3.1' was restored using '.NETFramework,Version=v4.6.1, .NETFramework,Version=v4.6.2, .NETFramework,Version=v4.7, .NETFramework,Version=v4.7.1, .NETFramework,Version=v4.7.2, .NETFramework,Version=v4.8, .NETFramework,Version=v4.8.1' instead of the project target framework 'net8.0'. This package may not be fully compatible with your project.
C:\Users\ultra\warewolf\Dev\Warewolf.Sharepoint\Warewolf.Sharepoint.csproj : warning NU1701: Package 'GroupControls 1.9.0' was restored using '.NETFramework,Version=v4.6.1, .NETFramework,Version=v4.6.2, .NETFramework,Version=v4.7, .NETFramework,Version=v4.7.1, .NETFramework,Version=v4.7.2, .NETFramework,Version=v4.8, .NETFramework,Version=v4.8.1' instead of the project target framework 'net8.0'. This package may not be fully compatible with your project.
C:\Users\ultra\warewolf\Dev\Warewolf.Sharepoint\Warewolf.Sharepoint.csproj : warning NU1701: Package 'ReactiveUI.WPF 18.4.1' was restored using '.NETFramework,Version=v4.6.1, .NETFramework,Version=v4.6.2, .NETFramework,Version=v4.7, .NETFramework,Version=v4.7.1, .NETFramework,Version=v4.7.2, .NETFramework,Version=v4.8, .NETFramework,Version=v4.8.1' instead of the project target framework 'net8.0'. This package may not be fully compatible with your project.
C:\Users\ultra\warewolf\Dev\Warewolf.Sharepoint\Warewolf.Sharepoint.csproj : warning NU1701: Package 'TaskSchedulerEditor 2.10.1' was restored using '.NETFramework,Version=v4.6.1, .NETFramework,Version=v4.6.2, .NETFramework,Version=v4.7, .NETFramework,Version=v4.7.1, .NETFramework,Version=v4.7.2, .NETFramework,Version=v4.8, .NETFramework,Version=v4.8.1' instead of the project target framework 'net8.0'. This package may not be fully compatible with your project.
C:\Users\ultra\warewolf\Dev\Dev2.Studio.Core\Dev2.Studio.Core.csproj : warning NU1701: Package 'AeroWizard 2.3.1' was restored using '.NETFramework,Version=v4.6.1, .NETFramework,Version=v4.6.2, .NETFramework,Version=v4.7, .NETFramework,Version=v4.7.1, .NETFramework,Version=v4.7.2, .NETFramework,Version=v4.8, .NETFramework,Version=v4.8.1' instead of the project target framework 'net8.0'. This package may not be fully compatible with your project.
C:\Users\ultra\warewolf\Dev\Dev2.Studio.Core\Dev2.Studio.Core.csproj : warning NU1701: Package 'GroupControls 1.9.0' was restored using '.NETFramework,Version=v4.6.1, .NETFramework,Version=v4.6.2, .NETFramework,Version=v4.7, .NETFramework,Version=v4.7.1, .NETFramework,Version=v4.7.2, .NETFramework,Version=v4.8, .NETFramework,Version=v4.8.1' instead of the project target framework 'net8.0'. This package may not be fully compatible with your project.
C:\Users\ultra\warewolf\Dev\Dev2.Studio.Core\Dev2.Studio.Core.csproj : warning NU1701: Package 'Microsoft.Xaml.Behaviors.Wpf 1.1.122' was restored using '.NETFramework,Version=v4.6.1, .NETFramework,Version=v4.6.2, .NETFramework,Version=v4.7, .NETFramework,Version=v4.7.1, .NETFramework,Version=v4.7.2, .NETFramework,Version=v4.8, .NETFramework,Version=v4.8.1' instead of the project target framework 'net8.0'. This package may not be fully compatible with your project.
C:\Users\ultra\warewolf\Dev\Dev2.Studio.Core\Dev2.Studio.Core.csproj : warning NU1701: Package 'Prism.Wpf 9.0.537' was restored using '.NETFramework,Version=v4.6.1, .NETFramework,Version=v4.6.2, .NETFramework,Version=v4.7, .NETFramework,Version=v4.7.1, .NETFramework,Version=v4.7.2, .NETFramework,Version=v4.8, .NETFramework,Version=v4.8.1' instead of the project target framework 'net8.0'. This package may not be fully compatible with your project.
C:\Users\ultra\warewolf\Dev\Dev2.Studio.Core\Dev2.Studio.Core.csproj : warning NU1701: Package 'ReactiveUI.WPF 18.4.1' was restored using '.NETFramework,Version=v4.6.1, .NETFramework,Version=v4.6.2, .NETFramework,Version=v4.7, .NETFramework,Version=v4.7.1, .NETFramework,Version=v4.7.2, .NETFramework,Version=v4.8, .NETFramework,Version=v4.8.1' instead of the project target framework 'net8.0'. This package may not be fully compatible with your project.
C:\Users\ultra\warewolf\Dev\Dev2.Studio.Core\Dev2.Studio.Core.csproj : warning NU1701: Package 'TaskSchedulerEditor 2.10.1' was restored using '.NETFramework,Version=v4.6.1, .NETFramework,Version=v4.6.2, .NETFramework,Version=v4.7, .NETFramework,Version=v4.7.1, .NETFramework,Version=v4.7.2, .NETFramework,Version=v4.8, .NETFramework,Version=v4.8.1' instead of the project target framework 'net8.0'. This package may not be fully compatible with your project.
C:\Program Files\dotnet\sdk\10.0.201\Sdks\Microsoft.NET.Sdk\targets\Microsoft.NET.Sdk.DefaultItems.targets(162,5): warning NETSDK1137: It is no longer necessary to use the Microsoft.NET.Sdk.WindowsDesktop SDK. Consider changing the Sdk attribute of the root Project element to 'Microsoft.NET.Sdk'. [C:\Users\ultra\warewolf\Dev\Warewolf.Studio.Core\Warewolf.Studio.Core.csproj]
C:\Program Files\dotnet\sdk\10.0.201\Sdks\Microsoft.NET.Sdk.WindowsDesktop\targets\Microsoft.NET.Sdk.WindowsDesktop.targets(138,5): warning NETSDK1106: Microsoft.NET.Sdk.WindowsDesktop requires 'UseWpf' or 'UseWindowsForms' to be set to 'true' [C:\Users\ultra\warewolf\Dev\Warewolf.Studio.Core\Warewolf.Studio.Core.csproj]
C:\Users\ultra\warewolf\Dev\Warewolf.Studio.Core\Warewolf.Studio.Core.csproj : warning NU1701: Package 'AeroWizard 2.3.1' was restored using '.NETFramework,Version=v4.6.1, .NETFramework,Version=v4.6.2, .NETFramework,Version=v4.7, .NETFramework,Version=v4.7.1, .NETFramework,Version=v4.7.2, .NETFramework,Version=v4.8, .NETFramework,Version=v4.8.1' instead of the project target framework 'net8.0'. This package may not be fully compatible with your project.
C:\Users\ultra\warewolf\Dev\Warewolf.Studio.Core\Warewolf.Studio.Core.csproj : warning NU1701: Package 'GroupControls 1.9.0' was restored using '.NETFramework,Version=v4.6.1, .NETFramework,Version=v4.6.2, .NETFramework,Version=v4.7, .NETFramework,Version=v4.7.1, .NETFramework,Version=v4.7.2, .NETFramework,Version=v4.8, .NETFramework,Version=v4.8.1' instead of the project target framework 'net8.0'. This package may not be fully compatible with your project.
C:\Users\ultra\warewolf\Dev\Warewolf.Studio.Core\Warewolf.Studio.Core.csproj : warning NU1701: Package 'Microsoft.Xaml.Behaviors.Wpf 1.1.122' was restored using '.NETFramework,Version=v4.6.1, .NETFramework,Version=v4.6.2, .NETFramework,Version=v4.7, .NETFramework,Version=v4.7.1, .NETFramework,Version=v4.7.2, .NETFramework,Version=v4.8, .NETFramework,Version=v4.8.1' instead of the project target framework 'net8.0'. This package may not be fully compatible with your project.
C:\Users\ultra\warewolf\Dev\Warewolf.Studio.Core\Warewolf.Studio.Core.csproj : warning NU1701: Package 'Prism.Wpf 9.0.537' was restored using '.NETFramework,Version=v4.6.1, .NETFramework,Version=v4.6.2, .NETFramework,Version=v4.7, .NETFramework,Version=v4.7.1, .NETFramework,Version=v4.7.2, .NETFramework,Version=v4.8, .NETFramework,Version=v4.8.1' instead of the project target framework 'net8.0'. This package may not be fully compatible with your project.
C:\Users\ultra\warewolf\Dev\Warewolf.Studio.Core\Warewolf.Studio.Core.csproj : warning NU1701: Package 'ReactiveUI.WPF 18.4.1' was restored using '.NETFramework,Version=v4.6.1, .NETFramework,Version=v4.6.2, .NETFramework,Version=v4.7, .NETFramework,Version=v4.7.1, .NETFramework,Version=v4.7.2, .NETFramework,Version=v4.8, .NETFramework,Version=v4.8.1' instead of the project target framework 'net8.0'. This package may not be fully compatible with your project.
C:\Users\ultra\warewolf\Dev\Warewolf.Studio.Core\Warewolf.Studio.Core.csproj : warning NU1701: Package 'TaskSchedulerEditor 2.10.1' was restored using '.NETFramework,Version=v4.6.1, .NETFramework,Version=v4.6.2, .NETFramework,Version=v4.7, .NETFramework,Version=v4.7.1, .NETFramework,Version=v4.7.2, .NETFramework,Version=v4.8, .NETFramework,Version=v4.8.1' instead of the project target framework 'net8.0'. This package may not be fully compatible with your project.
  Consider app.config remapping of assembly "System.Runtime.CompilerServices.Unsafe, Culture=neutral, PublicKeyToken=b03f5f7f11d50a3a" from Version "6.0.0.0" [] to Version "8.0.0.0" [C:\Program Files\dotnet\packs\Microsoft.NETCore.App.Ref\8.0.25\ref\net8.0\System.Runtime.CompilerServices.Unsafe.dll] to solve conflict and get rid of warning.
C:\Users\ultra\warewolf\Dev\Warewolf.Security\Encryption\AESThenHMAC.cs(168,34): warning SYSLIB0021: 'AesManaged' is obsolete: 'Derived cryptographic types are obsolete. Use the Create method on the base type instead.' (https://aka.ms/dotnet-warnings/SYSLIB0021) [C:\Users\ultra\warewolf\Dev\Warewolf.Security\Warewolf.Security.csproj]
C:\Users\ultra\warewolf\Dev\Warewolf.Security\Encryption\AESThenHMAC.cs(264,38): warning SYSLIB0021: 'AesManaged' is obsolete: 'Derived cryptographic types are obsolete. Use the Create method on the base type instead.' (https://aka.ms/dotnet-warnings/SYSLIB0021) [C:\Users\ultra\warewolf\Dev\Warewolf.Security\Warewolf.Security.csproj]
C:\Users\ultra\warewolf\Dev\Warewolf.Security\Encryption\AESThenHMAC.cs(331,36): warning SYSLIB0041: 'Rfc2898DeriveBytes.Rfc2898DeriveBytes(string, int, int)' is obsolete: 'The default hash algorithm and iteration counts in Rfc2898DeriveBytes constructors are outdated and insecure. Use a constructor that accepts the hash algorithm and the number of iterations.' (https://aka.ms/dotnet-warnings/SYSLIB0041) [C:\Users\ultra\warewolf\Dev\Warewolf.Security\Warewolf.Security.csproj]
C:\Users\ultra\warewolf\Dev\Warewolf.Security\Encryption\AESThenHMAC.cs(345,36): warning SYSLIB0041: 'Rfc2898DeriveBytes.Rfc2898DeriveBytes(string, int, int)' is obsolete: 'The default hash algorithm and iteration counts in Rfc2898DeriveBytes constructors are outdated and insecure. Use a constructor that accepts the hash algorithm and the number of iterations.' (https://aka.ms/dotnet-warnings/SYSLIB0041) [C:\Users\ultra\warewolf\Dev\Warewolf.Security\Warewolf.Security.csproj]
C:\Users\ultra\warewolf\Dev\Warewolf.Security\Encryption\AESThenHMAC.cs(393,36): warning SYSLIB0041: 'Rfc2898DeriveBytes.Rfc2898DeriveBytes(string, byte[], int)' is obsolete: 'The default hash algorithm and iteration counts in Rfc2898DeriveBytes constructors are outdated and insecure. Use a constructor that accepts the hash algorithm and the number of iterations.' (https://aka.ms/dotnet-warnings/SYSLIB0041) [C:\Users\ultra\warewolf\Dev\Warewolf.Security\Warewolf.Security.csproj]
C:\Users\ultra\warewolf\Dev\Warewolf.Security\Encryption\AESThenHMAC.cs(398,36): warning SYSLIB0041: 'Rfc2898DeriveBytes.Rfc2898DeriveBytes(string, byte[], int)' is obsolete: 'The default hash algorithm and iteration counts in Rfc2898DeriveBytes constructors are outdated and insecure. Use a constructor that accepts the hash algorithm and the number of iterations.' (https://aka.ms/dotnet-warnings/SYSLIB0041) [C:\Users\ultra\warewolf\Dev\Warewolf.Security\Warewolf.Security.csproj]
  Warewolf.Security -> C:\Users\ultra\warewolf\Dev\Warewolf.Security\bin\Debug\net8.0\Warewolf.Security.dll
  Warewolf.Driver.Redis -> C:\Users\ultra\warewolf\Dev\Warewolf.Driver.Redis\bin\Debug\net8.0\Warewolf.Driver.Redis.dll
  Warewolf.Driver.RabbitMQ -> C:\Users\ultra\warewolf\Dev\Warewolf.Driver.RabbitMQ\bin\Debug\net8.0\Warewolf.Driver.RabbitMQ.dll
  Warewolf.Parser.Interop -> C:\Users\ultra\warewolf\Dev\Warewolf.Parser.Interop\bin\Debug\net8.0\WarewolfParserInterop.dll
  Warewolf.Studio.Resources -> C:\Users\ultra\warewolf\Dev\Warewolf.Studio.Resources\bin\Debug\net8.0\Warewolf.Studio.Resources.dll
C:\Users\ultra\warewolf\Dev\Dev2.SignalR.Wrappers.New\Dev2.SignalR.Wrappers.New.csproj : warning NU1701: Package 'AeroWizard 2.3.1' was restored using '.NETFramework,Version=v4.6.1, .NETFramework,Version=v4.6.2, .NETFramework,Version=v4.7, .NETFramework,Version=v4.7.1, .NETFramework,Version=v4.7.2, .NETFramework,Version=v4.8, .NETFramework,Version=v4.8.1' instead of the project target framework 'net8.0'. This package may not be fully compatible with your project.
C:\Users\ultra\warewolf\Dev\Dev2.SignalR.Wrappers.New\Dev2.SignalR.Wrappers.New.csproj : warning NU1701: Package 'GroupControls 1.9.0' was restored using '.NETFramework,Version=v4.6.1, .NETFramework,Version=v4.6.2, .NETFramework,Version=v4.7, .NETFramework,Version=v4.7.1, .NETFramework,Version=v4.7.2, .NETFramework,Version=v4.8, .NETFramework,Version=v4.8.1' instead of the project target framework 'net8.0'. This package may not be fully compatible with your project.
C:\Users\ultra\warewolf\Dev\Dev2.SignalR.Wrappers.New\Dev2.SignalR.Wrappers.New.csproj : warning NU1701: Package 'ReactiveUI.WPF 18.4.1' was restored using '.NETFramework,Version=v4.6.1, .NETFramework,Version=v4.6.2, .NETFramework,Version=v4.7, .NETFramework,Version=v4.7.1, .NETFramework,Version=v4.7.2, .NETFramework,Version=v4.8, .NETFramework,Version=v4.8.1' instead of the project target framework 'net8.0'. This package may not be fully compatible with your project.
C:\Users\ultra\warewolf\Dev\Dev2.SignalR.Wrappers.New\Dev2.SignalR.Wrappers.New.csproj : warning NU1701: Package 'TaskSchedulerEditor 2.10.1' was restored using '.NETFramework,Version=v4.6.1, .NETFramework,Version=v4.6.2, .NETFramework,Version=v4.7, .NETFramework,Version=v4.7.1, .NETFramework,Version=v4.7.2, .NETFramework,Version=v4.8, .NETFramework,Version=v4.8.1' instead of the project target framework 'net8.0'. This package may not be fully compatible with your project.
C:\Users\ultra\warewolf\Dev\Warewolf.Exchange.Email.Wrapper\Warewolf.Exchange.Email.Wrapper.csproj : warning NU1701: Package 'AeroWizard 2.3.1' was restored using '.NETFramework,Version=v4.6.1, .NETFramework,Version=v4.6.2, .NETFramework,Version=v4.7, .NETFramework,Version=v4.7.1, .NETFramework,Version=v4.7.2, .NETFramework,Version=v4.8, .NETFramework,Version=v4.8.1' instead of the project target framework 'net8.0'. This package may not be fully compatible with your project.
C:\Users\ultra\warewolf\Dev\Warewolf.Exchange.Email.Wrapper\Warewolf.Exchange.Email.Wrapper.csproj : warning NU1701: Package 'GroupControls 1.9.0' was restored using '.NETFramework,Version=v4.6.1, .NETFramework,Version=v4.6.2, .NETFramework,Version=v4.7, .NETFramework,Version=v4.7.1, .NETFramework,Version=v4.7.2, .NETFramework,Version=v4.8, .NETFramework,Version=v4.8.1' instead of the project target framework 'net8.0'. This package may not be fully compatible with your project.
C:\Users\ultra\warewolf\Dev\Warewolf.Exchange.Email.Wrapper\Warewolf.Exchange.Email.Wrapper.csproj : warning NU1701: Package 'ReactiveUI.WPF 18.4.1' was restored using '.NETFramework,Version=v4.6.1, .NETFramework,Version=v4.6.2, .NETFramework,Version=v4.7, .NETFramework,Version=v4.7.1, .NETFramework,Version=v4.7.2, .NETFramework,Version=v4.8, .NETFramework,Version=v4.8.1' instead of the project target framework 'net8.0'. This package may not be fully compatible with your project.
C:\Users\ultra\warewolf\Dev\Warewolf.Exchange.Email.Wrapper\Warewolf.Exchange.Email.Wrapper.csproj : warning NU1701: Package 'TaskSchedulerEditor 2.10.1' was restored using '.NETFramework,Version=v4.6.1, .NETFramework,Version=v4.6.2, .NETFramework,Version=v4.7, .NETFramework,Version=v4.7.1, .NETFramework,Version=v4.7.2, .NETFramework,Version=v4.8, .NETFramework,Version=v4.8.1' instead of the project target framework 'net8.0'. This package may not be fully compatible with your project.
C:\Users\ultra\warewolf\Dev\Warewolf.Language.Parser\EvaluationFunctions.fs(277,15): warning FS3548: Pattern discard is not allowed for union case that takes no data. [C:\Users\ultra\warewolf\Dev\Warewolf.Language.Parser\Warewolf.Language.Parser.fsproj]
C:\Users\ultra\warewolf\Dev\Warewolf.Language.Parser\EvaluationFunctions.fs(305,15): warning FS3548: Pattern discard is not allowed for union case that takes no data. [C:\Users\ultra\warewolf\Dev\Warewolf.Language.Parser\Warewolf.Language.Parser.fsproj]
C:\Users\ultra\warewolf\Dev\Warewolf.Language.Parser\EvaluationFunctions.fs(748,21): warning FS3873: This construct is deprecated. Sequence expressions should be of the form 'seq { ... }' [C:\Users\ultra\warewolf\Dev\Warewolf.Language.Parser\Warewolf.Language.Parser.fsproj]
C:\Users\ultra\warewolf\Dev\Warewolf.Language.Parser\EvaluationFunctions.fs(751,28): warning FS3873: This construct is deprecated. Sequence expressions should be of the form 'seq { ... }' [C:\Users\ultra\warewolf\Dev\Warewolf.Language.Parser\Warewolf.Language.Parser.fsproj]
C:\Users\ultra\warewolf\Dev\Warewolf.Language.Parser\WarewolfDataEvaluationCommon.fs(593,21): warning FS3873: This construct is deprecated. Sequence expressions should be of the form 'seq { ... }' [C:\Users\ultra\warewolf\Dev\Warewolf.Language.Parser\Warewolf.Language.Parser.fsproj]
C:\Users\ultra\warewolf\Dev\Warewolf.Language.Parser\WarewolfDataEvaluationCommon.fs(596,28): warning FS3873: This construct is deprecated. Sequence expressions should be of the form 'seq { ... }' [C:\Users\ultra\warewolf\Dev\Warewolf.Language.Parser\Warewolf.Language.Parser.fsproj]
C:\Users\ultra\warewolf\Dev\Dev2.Common.Interfaces\Attribute\ReasonAttribute.cs(13,18): warning CC0023: Mark 'ReasonAttribute' as sealed. (https://code-cracker.github.io/diagnostics/CC0023.html) [C:\Users\ultra\warewolf\Dev\Dev2.Common.Interfaces\Dev2.Common.Interfaces.csproj]
C:\Users\ultra\warewolf\Dev\Dev2.Common.Interfaces\Wrappers\IDirectoryEntry.cs(190,35): warning CC0057: Parameter 'path' is not used. (https://code-cracker.github.io/diagnostics/CC0057.html) [C:\Users\ultra\warewolf\Dev\Dev2.Common.Interfaces\Dev2.Common.Interfaces.csproj]
C:\Users\ultra\warewolf\Dev\Dev2.Common.Interfaces\DllListing.cs(97,17): warning CC0105: Use 'var' instead of specifying the type name. (https://code-cracker.github.io/diagnostics/CC0105.html) [C:\Users\ultra\warewolf\Dev\Dev2.Common.Interfaces\Dev2.Common.Interfaces.csproj]
C:\Users\ultra\warewolf\Dev\Dev2.Common.Interfaces\DllListing.cs(98,17): warning CC0105: Use 'var' instead of specifying the type name. (https://code-cracker.github.io/diagnostics/CC0105.html) [C:\Users\ultra\warewolf\Dev\Dev2.Common.Interfaces\Dev2.Common.Interfaces.csproj]
C:\Users\ultra\warewolf\Dev\Dev2.Common.Interfaces\Runtime\Services\IStreamContentFactory.cs(48,21): warning CC0029: 'StreamContentWrapper' should call GC.SuppressFinalize inside the Dispose method. (https://code-cracker.github.io/diagnostics/CC0029.html) [C:\Users\ultra\warewolf\Dev\Dev2.Common.Interfaces\Dev2.Common.Interfaces.csproj]
  Warewolf.Language.Parser -> C:\Users\ultra\warewolf\Dev\Warewolf.Language.Parser\bin\Debug\net8.0\Warewolf.Language.Parser.dll
  Dev2.Common.Interfaces -> C:\Users\ultra\warewolf\Dev\Dev2.Common.Interfaces\bin\Debug\net8.0\Dev2.Common.Interfaces.dll
C:\Users\ultra\warewolf\Dev\Warewolf.Data\NamedInt.cs(160,21): warning CA2200: Re-throwing caught exception changes stack information (https://learn.microsoft.com/dotnet/fundamentals/code-analysis/quality-rules/ca2200) [C:\Users\ultra\warewolf\Dev\Warewolf.Data\Warewolf.Data.csproj]
  Warewolf.Data -> C:\Users\ultra\warewolf\Dev\Warewolf.Data\bin\Debug\net8.0\Warewolf.Data.dll
  Warewolf.Storage.Interfaces -> C:\Users\ultra\warewolf\Dev\Warewolf.Storage.Interfaces\bin\Debug\net8.0\Warewolf.Storage.Interfaces.dll
  Warewolf.Common -> C:\Users\ultra\warewolf\Dev\Warewolf.Common\bin\Debug\net8.0\Warewolf.Common.dll
  Dev2.Data.Interfaces -> C:\Users\ultra\warewolf\Dev\Dev2.Data.Interfaces\bin\Debug\net8.0\Dev2.Data.Interfaces.dll
C:\Users\ultra\warewolf\Dev\Dev2.Common\ExtMethods\StringExtension.cs(302,13): warning CC0004: Empty Catch Block. (https://code-cracker.github.io/diagnostics/CC0004.html) [C:\Users\ultra\warewolf\Dev\Dev2.Common\Dev2.Common.csproj]
  Dev2.Common -> C:\Users\ultra\warewolf\Dev\Dev2.Common\bin\Debug\net8.0\Dev2.Common.dll
C:\Program Files\dotnet\sdk\10.0.201\Microsoft.Common.CurrentVersion.targets(2451,5): warning MSB3277: Found conflicts between different versions of "WindowsBase" that could not be resolved. [C:\Users\ultra\warewolf\Dev\Dev2.Development.Languages\Dev2.Development.Languages.csproj]
C:\Program Files\dotnet\sdk\10.0.201\Microsoft.Common.CurrentVersion.targets(2451,5): warning MSB3277: There was a conflict between "WindowsBase, Version=4.0.0.0, Culture=neutral, PublicKeyToken=31bf3856ad364e35" and "WindowsBase, Version=6.0.2.0, Culture=neutral, PublicKeyToken=31bf3856ad364e35". [C:\Users\ultra\warewolf\Dev\Dev2.Development.Languages\Dev2.Development.Languages.csproj]
C:\Program Files\dotnet\sdk\10.0.201\Microsoft.Common.CurrentVersion.targets(2451,5): warning MSB3277:     "WindowsBase, Version=4.0.0.0, Culture=neutral, PublicKeyToken=31bf3856ad364e35" was chosen because it was primary and "WindowsBase, Version=6.0.2.0, Culture=neutral, PublicKeyToken=31bf3856ad364e35" was not. [C:\Users\ultra\warewolf\Dev\Dev2.Development.Languages\Dev2.Development.Languages.csproj]
C:\Program Files\dotnet\sdk\10.0.201\Microsoft.Common.CurrentVersion.targets(2451,5): warning MSB3277:     References which depend on "WindowsBase, Version=4.0.0.0, Culture=neutral, PublicKeyToken=31bf3856ad364e35" [C:\Program Files\dotnet\packs\Microsoft.NETCore.App.Ref\8.0.25\ref\net8.0\WindowsBase.dll]. [C:\Users\ultra\warewolf\Dev\Dev2.Development.Languages\Dev2.Development.Languages.csproj]
C:\Program Files\dotnet\sdk\10.0.201\Microsoft.Common.CurrentVersion.targets(2451,5): warning MSB3277:         C:\Program Files\dotnet\packs\Microsoft.NETCore.App.Ref\8.0.25\ref\net8.0\WindowsBase.dll [C:\Users\ultra\warewolf\Dev\Dev2.Development.Languages\Dev2.Development.Languages.csproj]
C:\Program Files\dotnet\sdk\10.0.201\Microsoft.Common.CurrentVersion.targets(2451,5): warning MSB3277:           Project file item includes which caused reference "C:\Program Files\dotnet\packs\Microsoft.NETCore.App.Ref\8.0.25\ref\net8.0\WindowsBase.dll". [C:\Users\ultra\warewolf\Dev\Dev2.Development.Languages\Dev2.Development.Languages.csproj]
C:\Program Files\dotnet\sdk\10.0.201\Microsoft.Common.CurrentVersion.targets(2451,5): warning MSB3277:             C:\Program Files\dotnet\packs\Microsoft.NETCore.App.Ref\8.0.25\ref/net8.0/WindowsBase.dll [C:\Users\ultra\warewolf\Dev\Dev2.Development.Languages\Dev2.Development.Languages.csproj]
C:\Program Files\dotnet\sdk\10.0.201\Microsoft.Common.CurrentVersion.targets(2451,5): warning MSB3277:     References which depend on or have been unified to "WindowsBase, Version=6.0.2.0, Culture=neutral, PublicKeyToken=31bf3856ad364e35" []. [C:\Users\ultra\warewolf\Dev\Dev2.Development.Languages\Dev2.Development.Languages.csproj]
C:\Program Files\dotnet\sdk\10.0.201\Microsoft.Common.CurrentVersion.targets(2451,5): warning MSB3277:         C:\Users\ultra\.nuget\packages\caliburn.micro\4.0.212\lib\netcoreapp3.1\Caliburn.Micro.Platform.dll [C:\Users\ultra\warewolf\Dev\Dev2.Development.Languages\Dev2.Development.Languages.csproj]
C:\Program Files\dotnet\sdk\10.0.201\Microsoft.Common.CurrentVersion.targets(2451,5): warning MSB3277:           Project file item includes which caused reference "C:\Users\ultra\.nuget\packages\caliburn.micro\4.0.212\lib\netcoreapp3.1\Caliburn.Micro.Platform.dll". [C:\Users\ultra\warewolf\Dev\Dev2.Development.Languages\Dev2.Development.Languages.csproj]
C:\Program Files\dotnet\sdk\10.0.201\Microsoft.Common.CurrentVersion.targets(2451,5): warning MSB3277:             C:\Users\ultra\.nuget\packages\caliburn.micro\4.0.212\lib\netcoreapp3.1\Caliburn.Micro.Platform.dll [C:\Users\ultra\warewolf\Dev\Dev2.Development.Languages\Dev2.Development.Languages.csproj]
C:\Program Files\dotnet\sdk\10.0.201\Microsoft.Common.CurrentVersion.targets(2451,5): warning MSB3277:         C:\Users\ultra\.nuget\packages\ironpython\3.4.0\lib\net6.0\IronPython.Wpf.dll [C:\Users\ultra\warewolf\Dev\Dev2.Development.Languages\Dev2.Development.Languages.csproj]
C:\Program Files\dotnet\sdk\10.0.201\Microsoft.Common.CurrentVersion.targets(2451,5): warning MSB3277:           Project file item includes which caused reference "C:\Users\ultra\.nuget\packages\ironpython\3.4.0\lib\net6.0\IronPython.Wpf.dll". [C:\Users\ultra\warewolf\Dev\Dev2.Development.Languages\Dev2.Development.Languages.csproj]
C:\Program Files\dotnet\sdk\10.0.201\Microsoft.Common.CurrentVersion.targets(2451,5): warning MSB3277:             C:\Users\ultra\.nuget\packages\ironpython\3.4.0\lib\net6.0\IronPython.Wpf.dll [C:\Users\ultra\warewolf\Dev\Dev2.Development.Languages\Dev2.Development.Languages.csproj]
C:\Program Files\dotnet\sdk\10.0.201\Microsoft.Common.CurrentVersion.targets(2451,5): warning MSB3277:         C:\Users\ultra\.nuget\packages\microsoft.xaml.behaviors.wpf\1.1.19\lib\netcoreapp3.0\Microsoft.Xaml.Behaviors.dll [C:\Users\ultra\warewolf\Dev\Dev2.Development.Languages\Dev2.Development.Languages.csproj]
C:\Program Files\dotnet\sdk\10.0.201\Microsoft.Common.CurrentVersion.targets(2451,5): warning MSB3277:           Project file item includes which caused reference "C:\Users\ultra\.nuget\packages\microsoft.xaml.behaviors.wpf\1.1.19\lib\netcoreapp3.0\Microsoft.Xaml.Behaviors.dll". [C:\Users\ultra\warewolf\Dev\Dev2.Development.Languages\Dev2.Development.Languages.csproj]
C:\Program Files\dotnet\sdk\10.0.201\Microsoft.Common.CurrentVersion.targets(2451,5): warning MSB3277:             C:\Users\ultra\.nuget\packages\microsoft.xaml.behaviors.wpf\1.1.19\lib\netcoreapp3.0\Microsoft.Xaml.Behaviors.dll [C:\Users\ultra\warewolf\Dev\Dev2.Development.Languages\Dev2.Development.Languages.csproj]
C:\Program Files\dotnet\sdk\10.0.201\Microsoft.Common.CurrentVersion.targets(2451,5): warning MSB3277:             C:\Users\ultra\.nuget\packages\caliburn.micro\4.0.212\lib\netcoreapp3.1\Caliburn.Micro.Platform.dll [C:\Users\ultra\warewolf\Dev\Dev2.Development.Languages\Dev2.Development.Languages.csproj]
  Dev2.Util -> C:\Users\ultra\warewolf\Dev\Dev2.Util\bin\Debug\net8.0\Dev2.Util.dll
  Dev2.Development.Languages -> C:\Users\ultra\warewolf\Dev\Dev2.Development.Languages\bin\Debug\net8.0\Dev2.Development.Languages.dll
C:\Users\ultra\warewolf\Dev\Dev2.TaskScheduler.Wrappers\Dev2TaskEvent.cs(47,33): warning CA1416: This call site is reachable on all platforms. 'SecurityIdentifier.Value' is only supported on: 'windows'. (https://learn.microsoft.com/dotnet/fundamentals/code-analysis/quality-rules/ca1416) [C:\Users\ultra\warewolf\Dev\Dev2.TaskScheduler.Wrappers\Dev2.TaskScheduler.Wrappers.csproj]
  Dev2.TaskScheduler.Wrappers -> C:\Users\ultra\warewolf\Dev\Dev2.TaskScheduler.Wrappers\bin\Debug\net8.0\Dev2.TaskScheduler.Wrappers.dll
  Warewolf.Licensing -> C:\Users\ultra\warewolf\Dev\Warewolf.Licensing\bin\Debug\net8.0\Warewolf.Licensing.dll
  Dev2.CustomControls -> C:\Users\ultra\warewolf\Dev\Dev2.CustomControls\bin\Debug\net8.0\Dev2.CustomControls.dll
  Consider app.config remapping of assembly "Newtonsoft.Json, Culture=neutral, PublicKeyToken=30ad4fe6b2a6aeed" from Version "12.0.0.0" [] to Version "13.0.0.0" [C:\Users\ultra\.nuget\packages\newtonsoft.json\13.0.2\lib\net6.0\Newtonsoft.Json.dll] to solve conflict and get rid of warning.
  Dev2.Runtime.Configuration -> C:\Users\ultra\warewolf\Dev\Dev2.Runtime.Configuration\bin\Debug\net8.0\Dev2.Runtime.Configuration.dll
C:\Users\ultra\warewolf\Dev\Dev2.Diagnostics\Debug\DebugDispatcher.cs(209,35): warning CC0057: Parameter 'previous' is not used. (https://code-cracker.github.io/diagnostics/CC0057.html) [C:\Users\ultra\warewolf\Dev\Dev2.Diagnostics\Dev2.Diagnostics.csproj]
  Dev2.Diagnostics -> C:\Users\ultra\warewolf\Dev\Dev2.Diagnostics\bin\Debug\net8.0\Dev2.Diagnostics.dll
C:\Users\ultra\warewolf\Dev\Warewolf.AI.Harness\ChatbotApiService.cs(11,7): warning CS0105: The using directive for 'System.Text' appeared previously in this namespace [C:\Users\ultra\warewolf\Dev\Warewolf.AI.Harness\Warewolf.AI.Harness.csproj]
C:\Users\ultra\warewolf\Dev\Warewolf.AI.Harness\ChatbotApiService.cs(12,7): warning CS0105: The using directive for 'Newtonsoft.Json' appeared previously in this namespace [C:\Users\ultra\warewolf\Dev\Warewolf.AI.Harness\Warewolf.AI.Harness.csproj]
C:\Users\ultra\warewolf\Dev\Warewolf.AI.Harness\ChatbotApiService.cs(641,23): warning CS8618: Non-nullable property 'Model' must contain a non-null value when exiting constructor. Consider adding the 'required' modifier or declaring the property as nullable. [C:\Users\ultra\warewolf\Dev\Warewolf.AI.Harness\Warewolf.AI.Harness.csproj]
C:\Users\ultra\warewolf\Dev\Warewolf.AI.Harness\ChatbotApiService.cs(659,23): warning CS8618: Non-nullable property 'FinishReason' must contain a non-null value when exiting constructor. Consider adding the 'required' modifier or declaring the property as nullable. [C:\Users\ultra\warewolf\Dev\Warewolf.AI.Harness\Warewolf.AI.Harness.csproj]
C:\Users\ultra\warewolf\Dev\Warewolf.AI.Harness\ChatbotApiService.cs(201,34): warning CS8600: Converting null literal or possible null value to non-nullable type. [C:\Users\ultra\warewolf\Dev\Warewolf.AI.Harness\Warewolf.AI.Harness.csproj]
C:\Users\ultra\warewolf\Dev\Warewolf.AI.Harness\ChatbotApiService.cs(215,51): warning CS8602: Dereference of a possibly null reference. [C:\Users\ultra\warewolf\Dev\Warewolf.AI.Harness\Warewolf.AI.Harness.csproj]
C:\Users\ultra\warewolf\Dev\Warewolf.AI.Harness\ChatbotApiService.cs(218,25): warning CS8602: Dereference of a possibly null reference. [C:\Users\ultra\warewolf\Dev\Warewolf.AI.Harness\Warewolf.AI.Harness.csproj]
C:\Users\ultra\warewolf\Dev\Warewolf.AI.Harness\ChatbotApiService.cs(303,34): warning CS8600: Converting null literal or possible null value to non-nullable type. [C:\Users\ultra\warewolf\Dev\Warewolf.AI.Harness\Warewolf.AI.Harness.csproj]
C:\Users\ultra\warewolf\Dev\Warewolf.AI.Harness\ChatbotApiService.cs(312,51): warning CS8602: Dereference of a possibly null reference. [C:\Users\ultra\warewolf\Dev\Warewolf.AI.Harness\Warewolf.AI.Harness.csproj]
C:\Users\ultra\warewolf\Dev\Warewolf.AI.Harness\ChatbotApiService.cs(314,30): warning CS8602: Dereference of a possibly null reference. [C:\Users\ultra\warewolf\Dev\Warewolf.AI.Harness\Warewolf.AI.Harness.csproj]
C:\Users\ultra\warewolf\Dev\Warewolf.AI.Harness\ChatbotApiService.cs(477,32): warning CS8600: Converting null literal or possible null value to non-nullable type. [C:\Users\ultra\warewolf\Dev\Warewolf.AI.Harness\Warewolf.AI.Harness.csproj]
C:\Users\ultra\warewolf\Dev\Warewolf.AI.Harness\ChatbotApiService.cs(478,32): warning CS8600: Converting null literal or possible null value to non-nullable type. [C:\Users\ultra\warewolf\Dev\Warewolf.AI.Harness\Warewolf.AI.Harness.csproj]
C:\Users\ultra\warewolf\Dev\Warewolf.AI.Harness\ChatbotApiService.cs(481,73): warning CS8625: Cannot convert null literal to non-nullable reference type. [C:\Users\ultra\warewolf\Dev\Warewolf.AI.Harness\Warewolf.AI.Harness.csproj]
C:\Users\ultra\warewolf\Dev\Warewolf.AI.Harness\ChatbotApiService.cs(482,60): warning CS8604: Possible null reference argument for parameter 'authHeaderName' in 'HttpResponseMessage ChatbotApiService.PostWithAuth(string endpoint, object payload, string authHeaderName, string authHeaderValue, string additionalHeaders)'. [C:\Users\ultra\warewolf\Dev\Warewolf.AI.Harness\Warewolf.AI.Harness.csproj]
C:\Users\ultra\warewolf\Dev\Warewolf.AI.Harness\ChatbotApiService.cs(482,70): warning CS8604: Possible null reference argument for parameter 'authHeaderValue' in 'HttpResponseMessage ChatbotApiService.PostWithAuth(string endpoint, object payload, string authHeaderName, string authHeaderValue, string additionalHeaders)'. [C:\Users\ultra\warewolf\Dev\Warewolf.AI.Harness\Warewolf.AI.Harness.csproj]
C:\Users\ultra\warewolf\Dev\Warewolf.AI.Harness\ChatbotApiService.cs(482,81): warning CS8625: Cannot convert null literal to non-nullable reference type. [C:\Users\ultra\warewolf\Dev\Warewolf.AI.Harness\Warewolf.AI.Harness.csproj]
C:\Users\ultra\warewolf\Dev\Warewolf.AI.Harness\ChatbotApiService.cs(496,73): warning CS8625: Cannot convert null literal to non-nullable reference type. [C:\Users\ultra\warewolf\Dev\Warewolf.AI.Harness\Warewolf.AI.Harness.csproj]
C:\Users\ultra\warewolf\Dev\Warewolf.AI.Harness\ChatbotApiService.cs(497,81): warning CS8625: Cannot convert null literal to non-nullable reference type. [C:\Users\ultra\warewolf\Dev\Warewolf.AI.Harness\Warewolf.AI.Harness.csproj]
C:\Users\ultra\warewolf\Dev\Warewolf.AI.Harness\ChatbotApiService.cs(514,73): warning CS8625: Cannot convert null literal to non-nullable reference type. [C:\Users\ultra\warewolf\Dev\Warewolf.AI.Harness\Warewolf.AI.Harness.csproj]
C:\Users\ultra\warewolf\Dev\Warewolf.AI.Harness\ChatbotApiService.cs(515,114): warning CS8625: Cannot convert null literal to non-nullable reference type. [C:\Users\ultra\warewolf\Dev\Warewolf.AI.Harness\Warewolf.AI.Harness.csproj]
C:\Users\ultra\warewolf\Dev\Warewolf.AI.Harness\ChatbotApiService.cs(521,36): warning CS8600: Converting null literal or possible null value to non-nullable type. [C:\Users\ultra\warewolf\Dev\Warewolf.AI.Harness\Warewolf.AI.Harness.csproj]
C:\Users\ultra\warewolf\Dev\Warewolf.AI.Harness\ChatbotApiService.cs(538,82): warning CS8604: Possible null reference argument for parameter 'systemMessage' in 'Dictionary<string, object> ChatbotApiService.CreatePayload(string model, object messages, string systemMessage, bool useMaxCompletionTokens, bool includeTemperature)'. [C:\Users\ultra\warewolf\Dev\Warewolf.AI.Harness\Warewolf.AI.Harness.csproj]
C:\Users\ultra\warewolf\Dev\Warewolf.AI.Harness\ChatbotApiService.cs(545,35): warning CS8600: Converting null literal or possible null value to non-nullable type. [C:\Users\ultra\warewolf\Dev\Warewolf.AI.Harness\Warewolf.AI.Harness.csproj]
C:\Users\ultra\warewolf\Dev\Warewolf.AI.Harness\ChatbotApiService.cs(589,68): warning CS8625: Cannot convert null literal to non-nullable reference type. [C:\Users\ultra\warewolf\Dev\Warewolf.AI.Harness\Warewolf.AI.Harness.csproj]
C:\Users\ultra\warewolf\Dev\Warewolf.AI.Harness\ChatbotApiService.cs(589,74): warning CS8625: Cannot convert null literal to non-nullable reference type. [C:\Users\ultra\warewolf\Dev\Warewolf.AI.Harness\Warewolf.AI.Harness.csproj]
C:\Users\ultra\warewolf\Dev\Warewolf.AI.Harness\ChatbotApiService.cs(589,80): warning CS8625: Cannot convert null literal to non-nullable reference type. [C:\Users\ultra\warewolf\Dev\Warewolf.AI.Harness\Warewolf.AI.Harness.csproj]
  Warewolf.AI.Harness -> C:\Users\ultra\warewolf\Dev\Warewolf.AI.Harness\bin\Debug\net8.0\Warewolf.AI.Harness.dll
C:\Users\ultra\warewolf\Dev\Dev2.Infrastructure\PerformanceCounters\Management\PerformanceCounterPersistence.cs(48,81): warning CC0057: Parameter 'resourcePerformanceCounters' is not used. (https://code-cracker.github.io/diagnostics/CC0057.html) [C:\Users\ultra\warewolf\Dev\Dev2.Infrastructure\Dev2.Infrastructure.csproj]
C:\Users\ultra\warewolf\Dev\Dev2.Infrastructure\PerformanceCounters\Management\WarewolfPerformanceCounterManager.cs(22,140): warning CC0057: Parameter 'register' is not used. (https://code-cracker.github.io/diagnostics/CC0057.html) [C:\Users\ultra\warewolf\Dev\Dev2.Infrastructure\Dev2.Infrastructure.csproj]
C:\Users\ultra\warewolf\Dev\Dev2.Infrastructure\PerformanceCounters\PerformanceCounterCategoryWrapper.cs(12,51): warning CA1416: This call site is reachable on all platforms. 'PerformanceCounterCategory.CounterExists(string)' is only supported on: 'windows'. (https://learn.microsoft.com/dotnet/fundamentals/code-analysis/quality-rules/ca1416) [C:\Users\ultra\warewolf\Dev\Dev2.Infrastructure\Dev2.Infrastructure.csproj]
C:\Users\ultra\warewolf\Dev\Dev2.Infrastructure\PerformanceCounters\PerformanceCounterCategoryWrapper.cs(38,29): warning CA1416: This call site is reachable on all platforms. 'PerformanceCounterCategory' is only supported on: 'windows'. (https://learn.microsoft.com/dotnet/fundamentals/code-analysis/quality-rules/ca1416) [C:\Users\ultra\warewolf\Dev\Dev2.Infrastructure\Dev2.Infrastructure.csproj]
C:\Users\ultra\warewolf\Dev\Dev2.Infrastructure\PerformanceCounters\PerformanceCounterCategoryWrapper.cs(33,48): warning CA1416: This call site is reachable on all platforms. 'PerformanceCounterCategory.Exists(string)' is only supported on: 'windows'. (https://learn.microsoft.com/dotnet/fundamentals/code-analysis/quality-rules/ca1416) [C:\Users\ultra\warewolf\Dev\Dev2.Infrastructure\Dev2.Infrastructure.csproj]
C:\Users\ultra\warewolf\Dev\Dev2.Infrastructure\PerformanceCounters\PerformanceCounterCategoryWrapper.cs(32,48): warning CA1416: This call site is reachable on all platforms. 'PerformanceCounterCategory.Delete(string)' is only supported on: 'windows'. (https://learn.microsoft.com/dotnet/fundamentals/code-analysis/quality-rules/ca1416) [C:\Users\ultra\warewolf\Dev\Dev2.Infrastructure\Dev2.Infrastructure.csproj]
C:\Users\ultra\warewolf\Dev\Dev2.Infrastructure\PerformanceCounters\PerformanceCounterCategoryWrapper.cs(29,71): warning CA1416: This call site is reachable on all platforms. 'PerformanceCounterCategoryType.MultiInstance' is only supported on: 'windows'. (https://learn.microsoft.com/dotnet/fundamentals/code-analysis/quality-rules/ca1416) [C:\Users\ultra\warewolf\Dev\Dev2.Infrastructure\Dev2.Infrastructure.csproj]
C:\Users\ultra\warewolf\Dev\Dev2.Infrastructure\PerformanceCounters\PerformanceCounterCategoryWrapper.cs(19,45): warning CA1416: This call site is reachable on all platforms. 'CounterCreationData' is only supported on: 'windows'. (https://learn.microsoft.com/dotnet/fundamentals/code-analysis/quality-rules/ca1416) [C:\Users\ultra\warewolf\Dev\Dev2.Infrastructure\Dev2.Infrastructure.csproj]
C:\Users\ultra\warewolf\Dev\Dev2.Infrastructure\PerformanceCounters\PerformanceCounterCategoryWrapper.cs(29,13): warning CA1416: This call site is reachable on all platforms. 'PerformanceCounterCategory.Create(string, string, PerformanceCounterCategoryType, CounterCreationDataCollection)' is only supported on: 'windows'. (https://learn.microsoft.com/dotnet/fundamentals/code-analysis/quality-rules/ca1416) [C:\Users\ultra\warewolf\Dev\Dev2.Infrastructure\Dev2.Infrastructure.csproj]
C:\Users\ultra\warewolf\Dev\Dev2.Infrastructure\PerformanceCounters\PerformanceCounterCategoryWrapper.cs(14,49): warning CA1416: This call site is reachable on all platforms. 'CounterCreationDataCollection' is only supported on: 'windows'. (https://learn.microsoft.com/dotnet/fundamentals/code-analysis/quality-rules/ca1416) [C:\Users\ultra\warewolf\Dev\Dev2.Infrastructure\Dev2.Infrastructure.csproj]
C:\Users\ultra\warewolf\Dev\Dev2.Infrastructure\PerformanceCounters\PerformanceCounterCategoryWrapper.cs(25,21): warning CA1416: This call site is reachable on all platforms. 'CounterCreationDataCollection.Add(CounterCreationData)' is only supported on: 'windows'. (https://learn.microsoft.com/dotnet/fundamentals/code-analysis/quality-rules/ca1416) [C:\Users\ultra\warewolf\Dev\Dev2.Infrastructure\Dev2.Infrastructure.csproj]
C:\Users\ultra\warewolf\Dev\Dev2.Infrastructure\PerformanceCounters\Management\WarewolfPerformanceCounterManager.cs(67,83): warning CC0057: Parameter 'name' is not used. (https://code-cracker.github.io/diagnostics/CC0057.html) [C:\Users\ultra\warewolf\Dev\Dev2.Infrastructure\Dev2.Infrastructure.csproj]
C:\Users\ultra\warewolf\Dev\Dev2.Infrastructure\PerformanceCounters\PerformanceCounterCategoryWrapper.cs(50,28): warning CA1416: This call site is reachable on all platforms. 'PerformanceCounterType.AverageTimer32' is only supported on: 'windows'. (https://learn.microsoft.com/dotnet/fundamentals/code-analysis/quality-rules/ca1416) [C:\Users\ultra\warewolf\Dev\Dev2.Infrastructure\Dev2.Infrastructure.csproj]
C:\Users\ultra\warewolf\Dev\Dev2.Infrastructure\PerformanceCounters\PerformanceCounterCategoryWrapper.cs(54,28): warning CA1416: This call site is reachable on all platforms. 'PerformanceCounterType.RateOfCountsPerSecond32' is only supported on: 'windows'. (https://learn.microsoft.com/dotnet/fundamentals/code-analysis/quality-rules/ca1416) [C:\Users\ultra\warewolf\Dev\Dev2.Infrastructure\Dev2.Infrastructure.csproj]
C:\Users\ultra\warewolf\Dev\Dev2.Infrastructure\PerformanceCounters\PerformanceCounterCategoryWrapper.cs(48,28): warning CA1416: This call site is reachable on all platforms. 'PerformanceCounterType.AverageBase' is only supported on: 'windows'. (https://learn.microsoft.com/dotnet/fundamentals/code-analysis/quality-rules/ca1416) [C:\Users\ultra\warewolf\Dev\Dev2.Infrastructure\Dev2.Infrastructure.csproj]
C:\Users\ultra\warewolf\Dev\Dev2.Infrastructure\PerformanceCounters\PerformanceCounterCategoryWrapper.cs(52,28): warning CA1416: This call site is reachable on all platforms. 'PerformanceCounterType.NumberOfItems32' is only supported on: 'windows'. (https://learn.microsoft.com/dotnet/fundamentals/code-analysis/quality-rules/ca1416) [C:\Users\ultra\warewolf\Dev\Dev2.Infrastructure\Dev2.Infrastructure.csproj]
C:\Users\ultra\warewolf\Dev\Dev2.Infrastructure\Services\Security\MoqInstallerActions\InstallerActionsForDevelopment.cs(59,57): warning CA1416: This call site is reachable on all platforms. 'WindowsIdentity.Name' is only supported on: 'windows'. (https://learn.microsoft.com/dotnet/fundamentals/code-analysis/quality-rules/ca1416) [C:\Users\ultra\warewolf\Dev\Dev2.Infrastructure\Dev2.Infrastructure.csproj]
C:\Users\ultra\warewolf\Dev\Dev2.Infrastructure\Services\Security\MoqInstallerActions\InstallerActionsForDevelopment.cs(57,31): warning CA1416: This call site is reachable on all platforms. 'WindowsIdentity.GetCurrent(bool)' is only supported on: 'windows'. (https://learn.microsoft.com/dotnet/fundamentals/code-analysis/quality-rules/ca1416) [C:\Users\ultra\warewolf\Dev\Dev2.Infrastructure\Dev2.Infrastructure.csproj]
C:\Users\ultra\warewolf\Dev\Dev2.Infrastructure\Services\Security\SecuritySettings.cs(92,28): warning CC0022: HMACSHA256 should be disposed. (https://code-cracker.github.io/diagnostics/CC0022.html) [C:\Users\ultra\warewolf\Dev\Dev2.Infrastructure\Dev2.Infrastructure.csproj]
CSC : warning AD0001: Analyzer 'CodeCracker.CSharp.Design.UseInvokeMethodToFireEventAnalyzer' threw an exception of type 'System.ArgumentException' with message 'Syntax node is not within syntax tree'. [C:\Users\ultra\warewolf\Dev\Dev2.Infrastructure\Dev2.Infrastructure.csproj]
CSC : warning AD0001: Analyzer 'CodeCracker.CSharp.Design.UseInvokeMethodToFireEventAnalyzer' threw an exception of type 'System.ArgumentException' with message 'Syntax node is not within syntax tree'. [C:\Users\ultra\warewolf\Dev\Dev2.Infrastructure\Dev2.Infrastructure.csproj]
CSC : warning AD0001: Analyzer 'CodeCracker.CSharp.Design.UseInvokeMethodToFireEventAnalyzer' threw an exception of type 'System.ArgumentException' with message 'Syntax node is not within syntax tree'. [C:\Users\ultra\warewolf\Dev\Dev2.Infrastructure\Dev2.Infrastructure.csproj]
CSC : warning AD0001: Analyzer 'CodeCracker.CSharp.Design.UseInvokeMethodToFireEventAnalyzer' threw an exception of type 'System.ArgumentException' with message 'Syntax node is not within syntax tree'. [C:\Users\ultra\warewolf\Dev\Dev2.Infrastructure\Dev2.Infrastructure.csproj]
CSC : warning AD0001: Analyzer 'CodeCracker.CSharp.Design.UseInvokeMethodToFireEventAnalyzer' threw an exception of type 'System.ArgumentException' with message 'Syntax node is not within syntax tree'. [C:\Users\ultra\warewolf\Dev\Dev2.Infrastructure\Dev2.Infrastructure.csproj]
CSC : warning AD0001: Analyzer 'CodeCracker.CSharp.Design.UseInvokeMethodToFireEventAnalyzer' threw an exception of type 'System.ArgumentException' with message 'Syntax node is not within syntax tree'. [C:\Users\ultra\warewolf\Dev\Dev2.Infrastructure\Dev2.Infrastructure.csproj]
CSC : warning AD0001: Analyzer 'CodeCracker.CSharp.Design.UseInvokeMethodToFireEventAnalyzer' threw an exception of type 'System.ArgumentException' with message 'Syntax node is not within syntax tree'. [C:\Users\ultra\warewolf\Dev\Dev2.Infrastructure\Dev2.Infrastructure.csproj]
CSC : warning AD0001: Analyzer 'CodeCracker.CSharp.Design.UseInvokeMethodToFireEventAnalyzer' threw an exception of type 'System.ArgumentException' with message 'Syntax node is not within syntax tree'. [C:\Users\ultra\warewolf\Dev\Dev2.Infrastructure\Dev2.Infrastructure.csproj]
CSC : warning AD0001: Analyzer 'CodeCracker.CSharp.Design.UseInvokeMethodToFireEventAnalyzer' threw an exception of type 'System.ArgumentException' with message 'Syntax node is not within syntax tree'. [C:\Users\ultra\warewolf\Dev\Dev2.Infrastructure\Dev2.Infrastructure.csproj]
CSC : warning AD0001: Analyzer 'CodeCracker.CSharp.Design.UseInvokeMethodToFireEventAnalyzer' threw an exception of type 'System.ArgumentException' with message 'Syntax node is not within syntax tree'. [C:\Users\ultra\warewolf\Dev\Dev2.Infrastructure\Dev2.Infrastructure.csproj]
CSC : warning AD0001: Analyzer 'CodeCracker.CSharp.Design.UseInvokeMethodToFireEventAnalyzer' threw an exception of type 'System.ArgumentException' with message 'Syntax node is not within syntax tree'. [C:\Users\ultra\warewolf\Dev\Dev2.Infrastructure\Dev2.Infrastructure.csproj]
CSC : warning AD0001: Analyzer 'CodeCracker.CSharp.Design.UseInvokeMethodToFireEventAnalyzer' threw an exception of type 'System.ArgumentException' with message 'Syntax node is not within syntax tree'. [C:\Users\ultra\warewolf\Dev\Dev2.Infrastructure\Dev2.Infrastructure.csproj]
CSC : warning AD0001: Analyzer 'CodeCracker.CSharp.Design.UseInvokeMethodToFireEventAnalyzer' threw an exception of type 'System.ArgumentException' with message 'Syntax node is not within syntax tree'. [C:\Users\ultra\warewolf\Dev\Dev2.Infrastructure\Dev2.Infrastructure.csproj]
CSC : warning AD0001: Analyzer 'CodeCracker.CSharp.Design.UseInvokeMethodToFireEventAnalyzer' threw an exception of type 'System.ArgumentException' with message 'Syntax node is not within syntax tree'. [C:\Users\ultra\warewolf\Dev\Dev2.Infrastructure\Dev2.Infrastructure.csproj]
  Dev2.Infrastructure -> C:\Users\ultra\warewolf\Dev\Dev2.Infrastructure\bin\Debug\net8.0\Dev2.Infrastructure.dll
C:\Program Files\dotnet\sdk\10.0.201\Microsoft.CSharp.CurrentVersion.targets(130,9): warning MSB3884: Could not find rule set file "..\.sonarlint\warewolf_dotnet_frameworkcsharp.ruleset". [C:\Users\ultra\warewolf\Dev\Warewolf.Sharepoint\Warewolf.Sharepoint.csproj]
  Warewolf.Sharepoint -> C:\Users\ultra\warewolf\Dev\Warewolf.Sharepoint\bin\Debug\net8.0\Warewolf.Sharepoint.dll
  Warewolf.Storage -> C:\Users\ultra\warewolf\Dev\Warewolf.Storage\bin\Debug\net8.0\Warewolf.Storage.dll
C:\Program Files\dotnet\sdk\10.0.201\Microsoft.Common.CurrentVersion.targets(2451,5): warning MSB3245: Could not resolve this reference. Could not locate the assembly "System.Web". Check to make sure the assembly exists on disk. If this reference is required by your code, you may get compilation errors. [C:\Users\ultra\warewolf\Dev\Dev2.Data\Dev2.Data.csproj]
C:\Program Files\dotnet\sdk\10.0.201\Microsoft.Common.CurrentVersion.targets(2451,5): warning MSB3245: Could not resolve this reference. Could not locate the assembly "System.Web.Extensions". Check to make sure the assembly exists on disk. If this reference is required by your code, you may get compilation errors. [C:\Users\ultra\warewolf\Dev\Dev2.Data\Dev2.Data.csproj]
C:\Program Files\dotnet\sdk\10.0.201\Microsoft.Common.CurrentVersion.targets(2451,5): warning MSB3245: Could not resolve this reference. Could not locate the assembly "System.Xml.Linq". Check to make sure the assembly exists on disk. If this reference is required by your code, you may get compilation errors. [C:\Users\ultra\warewolf\Dev\Dev2.Data\Dev2.Data.csproj]
C:\Program Files\dotnet\sdk\10.0.201\Microsoft.Common.CurrentVersion.targets(2451,5): warning MSB3245: Could not resolve this reference. Could not locate the assembly "System.Data.DataSetExtensions". Check to make sure the assembly exists on disk. If this reference is required by your code, you may get compilation errors. [C:\Users\ultra\warewolf\Dev\Dev2.Data\Dev2.Data.csproj]
C:\Program Files\dotnet\sdk\10.0.201\Microsoft.Common.CurrentVersion.targets(2451,5): warning MSB3245: Could not resolve this reference. Could not locate the assembly "Microsoft.CSharp". Check to make sure the assembly exists on disk. If this reference is required by your code, you may get compilation errors. [C:\Users\ultra\warewolf\Dev\Dev2.Data\Dev2.Data.csproj]
C:\Program Files\dotnet\sdk\10.0.201\Microsoft.Common.CurrentVersion.targets(2451,5): warning MSB3245: Could not resolve this reference. Could not locate the assembly "System.Data". Check to make sure the assembly exists on disk. If this reference is required by your code, you may get compilation errors. [C:\Users\ultra\warewolf\Dev\Dev2.Data\Dev2.Data.csproj]
C:\Program Files\dotnet\sdk\10.0.201\Microsoft.Common.CurrentVersion.targets(2451,5): warning MSB3245: Could not resolve this reference. Could not locate the assembly "System.Xml". Check to make sure the assembly exists on disk. If this reference is required by your code, you may get compilation errors. [C:\Users\ultra\warewolf\Dev\Dev2.Data\Dev2.Data.csproj]
C:\Users\ultra\warewolf\Dev\Dev2.Services.Sql\ConnectionBuilder.cs(44,21): warning CC0029: 'ConnectionBuilder' should call GC.SuppressFinalize inside the Dispose method. (https://code-cracker.github.io/diagnostics/CC0029.html) [C:\Users\ultra\warewolf\Dev\Dev2.Services.Sql\Dev2.Services.Sql.csproj]
  Dev2.Services.Sql -> C:\Users\ultra\warewolf\Dev\Dev2.Services.Sql\bin\Debug\net8.0\Dev2.Services.Sql.dll
C:\Program Files\dotnet\sdk\10.0.201\Microsoft.Common.CurrentVersion.targets(2451,5): warning MSB3243: No way to resolve conflict between "System.Web, Version=4.0.0.0, Culture=neutral, PublicKeyToken=b03f5f7f11d50a3a" and "System.Web". Choosing "System.Web, Version=4.0.0.0, Culture=neutral, PublicKeyToken=b03f5f7f11d50a3a" arbitrarily. [C:\Users\ultra\warewolf\Dev\Dev2.Data\Dev2.Data.csproj]
C:\Program Files\dotnet\sdk\10.0.201\Microsoft.Common.CurrentVersion.targets(2451,5): warning MSB3243: No way to resolve conflict between "System.Xml.Linq, Version=4.0.0.0, Culture=neutral, PublicKeyToken=b77a5c561934e089" and "System.Xml.Linq". Choosing "System.Xml.Linq, Version=4.0.0.0, Culture=neutral, PublicKeyToken=b77a5c561934e089" arbitrarily. [C:\Users\ultra\warewolf\Dev\Dev2.Data\Dev2.Data.csproj]
C:\Program Files\dotnet\sdk\10.0.201\Microsoft.Common.CurrentVersion.targets(2451,5): warning MSB3243: No way to resolve conflict between "System.Data.DataSetExtensions, Version=8.0.0.0, Culture=neutral, PublicKeyToken=b77a5c561934e089" and "System.Data.DataSetExtensions". Choosing "System.Data.DataSetExtensions, Version=8.0.0.0, Culture=neutral, PublicKeyToken=b77a5c561934e089" arbitrarily. [C:\Users\ultra\warewolf\Dev\Dev2.Data\Dev2.Data.csproj]
C:\Program Files\dotnet\sdk\10.0.201\Microsoft.Common.CurrentVersion.targets(2451,5): warning MSB3243: No way to resolve conflict between "Microsoft.CSharp, Version=8.0.0.0, Culture=neutral, PublicKeyToken=b03f5f7f11d50a3a" and "Microsoft.CSharp". Choosing "Microsoft.CSharp, Version=8.0.0.0, Culture=neutral, PublicKeyToken=b03f5f7f11d50a3a" arbitrarily. [C:\Users\ultra\warewolf\Dev\Dev2.Data\Dev2.Data.csproj]
C:\Program Files\dotnet\sdk\10.0.201\Microsoft.Common.CurrentVersion.targets(2451,5): warning MSB3243: No way to resolve conflict between "System.Data, Version=4.0.0.0, Culture=neutral, PublicKeyToken=b77a5c561934e089" and "System.Data". Choosing "System.Data, Version=4.0.0.0, Culture=neutral, PublicKeyToken=b77a5c561934e089" arbitrarily. [C:\Users\ultra\warewolf\Dev\Dev2.Data\Dev2.Data.csproj]
C:\Program Files\dotnet\sdk\10.0.201\Microsoft.Common.CurrentVersion.targets(2451,5): warning MSB3243: No way to resolve conflict between "System.Xml, Version=4.0.0.0, Culture=neutral, PublicKeyToken=b77a5c561934e089" and "System.Xml". Choosing "System.Xml, Version=4.0.0.0, Culture=neutral, PublicKeyToken=b77a5c561934e089" arbitrarily. [C:\Users\ultra\warewolf\Dev\Dev2.Data\Dev2.Data.csproj]
CSC : warning CS2002: Source file 'C:\Users\ultra\warewolf\Dev\Dev2.Data\MathOperations\NCalc\NCalcExpressionBuilder.cs' specified multiple times [C:\Users\ultra\warewolf\Dev\Dev2.Data\Dev2.Data.csproj]
CSC : warning CS2002: Source file 'C:\Users\ultra\warewolf\Dev\Dev2.Data\MathOperations\NCalc\NCalcFunctionArgHelper.cs' specified multiple times [C:\Users\ultra\warewolf\Dev\Dev2.Data\Dev2.Data.csproj]
CSC : warning CS2002: Source file 'C:\Users\ultra\warewolf\Dev\Dev2.Data\MathOperations\NCalc\Functions\BaseConversionFunctions.cs' specified multiple times [C:\Users\ultra\warewolf\Dev\Dev2.Data\Dev2.Data.csproj]
CSC : warning CS2002: Source file 'C:\Users\ultra\warewolf\Dev\Dev2.Data\MathOperations\NCalc\Functions\ComplexFunctions.cs' specified multiple times [C:\Users\ultra\warewolf\Dev\Dev2.Data\Dev2.Data.csproj]
CSC : warning CS2002: Source file 'C:\Users\ultra\warewolf\Dev\Dev2.Data\MathOperations\NCalc\Functions\DateTimeFunctions.cs' specified multiple times [C:\Users\ultra\warewolf\Dev\Dev2.Data\Dev2.Data.csproj]
CSC : warning CS2002: Source file 'C:\Users\ultra\warewolf\Dev\Dev2.Data\MathOperations\NCalc\Functions\FinancialFunctions.cs' specified multiple times [C:\Users\ultra\warewolf\Dev\Dev2.Data\Dev2.Data.csproj]
CSC : warning CS2002: Source file 'C:\Users\ultra\warewolf\Dev\Dev2.Data\MathOperations\NCalc\Functions\InformationFunctions.cs' specified multiple times [C:\Users\ultra\warewolf\Dev\Dev2.Data\Dev2.Data.csproj]
CSC : warning CS2002: Source file 'C:\Users\ultra\warewolf\Dev\Dev2.Data\MathOperations\NCalc\Functions\MathFunctions.cs' specified multiple times [C:\Users\ultra\warewolf\Dev\Dev2.Data\Dev2.Data.csproj]
CSC : warning CS2002: Source file 'C:\Users\ultra\warewolf\Dev\Dev2.Data\MathOperations\NCalc\Functions\StringFunctions.cs' specified multiple times [C:\Users\ultra\warewolf\Dev\Dev2.Data\Dev2.Data.csproj]
C:\Users\ultra\warewolf\Dev\Dev2.SignalR.Wrappers.New\HubConnectionWrapper.cs(431,21): warning SYSLIB0006: 'Thread.Abort()' is obsolete: 'Thread.Abort is not supported and throws PlatformNotSupportedException.' (https://aka.ms/dotnet-warnings/SYSLIB0006) [C:\Users\ultra\warewolf\Dev\Dev2.SignalR.Wrappers.New\Dev2.SignalR.Wrappers.New.csproj]
C:\Users\ultra\warewolf\Dev\Dev2.SignalR.Wrappers.New\HubConnectionWrapper.cs(205,21): warning CC0029: 'HubConnectionWrapper' should call GC.SuppressFinalize inside the Dispose method. (https://code-cracker.github.io/diagnostics/CC0029.html) [C:\Users\ultra\warewolf\Dev\Dev2.SignalR.Wrappers.New\Dev2.SignalR.Wrappers.New.csproj]
C:\Users\ultra\warewolf\Dev\Dev2.SignalR.Wrappers.New\HubConnectionWrapper.cs(383,17): warning CC0105: Use 'var' instead of specifying the type name. (https://code-cracker.github.io/diagnostics/CC0105.html) [C:\Users\ultra\warewolf\Dev\Dev2.SignalR.Wrappers.New\Dev2.SignalR.Wrappers.New.csproj]
  Dev2.SignalR.Wrappers.New -> C:\Users\ultra\warewolf\Dev\Dev2.SignalR.Wrappers.New\bin\Debug\net8.0\Dev2.SignalR.Wrappers.New.dll
C:\Users\ultra\warewolf\Dev\Dev2.Data\MathOperations\NCalc\Functions\MathFunctions.cs(22,30): warning CS8632: The annotation for nullable reference types should only be used in code within a '#nullable' annotations context. [C:\Users\ultra\warewolf\Dev\Dev2.Data\Dev2.Data.csproj]
C:\Users\ultra\warewolf\Dev\Dev2.Data\MathOperations\NCalc\NCalcFunctionArgHelper.cs(51,47): warning CS8632: The annotation for nullable reference types should only be used in code within a '#nullable' annotations context. [C:\Users\ultra\warewolf\Dev\Dev2.Data\Dev2.Data.csproj]
C:\Users\ultra\warewolf\Dev\Dev2.Data\MathOperations\NCalc\Functions\StringFunctions.cs(94,59): warning CS8632: The annotation for nullable reference types should only be used in code within a '#nullable' annotations context. [C:\Users\ultra\warewolf\Dev\Dev2.Data\Dev2.Data.csproj]
C:\Users\ultra\warewolf\Dev\Dev2.Data\NativeMethods.cs(66,59): warning CS0472: The result of the expression is always 'false' since a value of type 'nint' is never equal to 'null' of type 'nint?' [C:\Users\ultra\warewolf\Dev\Dev2.Data\Dev2.Data.csproj]
C:\Users\ultra\warewolf\Dev\Dev2.Data\NativeMethods.cs(88,8): warning CS0472: The result of the expression is always 'false' since a value of type 'nint' is never equal to 'null' of type 'nint?' [C:\Users\ultra\warewolf\Dev\Dev2.Data\Dev2.Data.csproj]
C:\Users\ultra\warewolf\Dev\Dev2.Data\Security\WindowsIdentityExtensions.cs(28,17): warning CA1416: This call site is reachable on all platforms. 'WindowsIdentity.RunImpersonated(SafeAccessTokenHandle, Action)' is only supported on: 'windows'. (https://learn.microsoft.com/dotnet/fundamentals/code-analysis/quality-rules/ca1416) [C:\Users\ultra\warewolf\Dev\Dev2.Data\Dev2.Data.csproj]
C:\Users\ultra\warewolf\Dev\Dev2.Data\Security\WindowsIdentityExtensions.cs(41,59): warning CA1416: This call site is reachable on all platforms. 'WindowsIdentity.AccessToken' is only supported on: 'windows'. (https://learn.microsoft.com/dotnet/fundamentals/code-analysis/quality-rules/ca1416) [C:\Users\ultra\warewolf\Dev\Dev2.Data\Dev2.Data.csproj]
C:\Users\ultra\warewolf\Dev\Dev2.Data\Security\WindowsIdentityExtensions.cs(28,49): warning CA1416: This call site is reachable on all platforms. 'WindowsIdentity.AccessToken' is only supported on: 'windows'. (https://learn.microsoft.com/dotnet/fundamentals/code-analysis/quality-rules/ca1416) [C:\Users\ultra\warewolf\Dev\Dev2.Data\Dev2.Data.csproj]
C:\Users\ultra\warewolf\Dev\Dev2.Data\Security\WindowsIdentityExtensions.cs(41,24): warning CA1416: This call site is reachable on all platforms. 'WindowsIdentity.RunImpersonated<T>(SafeAccessTokenHandle, Func<T>)' is only supported on: 'windows'. (https://learn.microsoft.com/dotnet/fundamentals/code-analysis/quality-rules/ca1416) [C:\Users\ultra\warewolf\Dev\Dev2.Data\Dev2.Data.csproj]
C:\Users\ultra\warewolf\Dev\Dev2.Data\PathOperations\ValidateAuthorization.cs(73,33): warning CA1416: This call site is reachable on all platforms. 'WindowsIdentity' is only supported on: 'windows'. (https://learn.microsoft.com/dotnet/fundamentals/code-analysis/quality-rules/ca1416) [C:\Users\ultra\warewolf\Dev\Dev2.Data\Dev2.Data.csproj]
  Dev2.Data -> C:\Users\ultra\warewolf\Dev\Dev2.Data\bin\Debug\net8.0\Dev2.Data.dll
  Warewolf.Driver.Serilog -> C:\Users\ultra\warewolf\Dev\Warewolf.Driver.Serilog\bin\Debug\net8.0\Warewolf.Driver.Serilog.dll
  Dev2.Scheduler -> C:\Users\ultra\warewolf\Dev\Dev2.Scheduler\bin\Debug\net8.0\Dev2.Scheduler.dll
  Dev2.Core -> C:\Users\ultra\warewolf\Dev\Dev2.Core\bin\Debug\net8.0\Dev2.Core.dll
  Warewolf.Exchange.Email.Wrapper -> C:\Users\ultra\warewolf\Dev\Warewolf.Exchange.Email.Wrapper\bin\Debug\net8.0\Warewolf.Exchange.Email.Wrapper.dll
  Warewolf.ResourceManagement -> C:\Users\ultra\warewolf\Dev\Warewolf.ResourceManagement\bin\Debug\net8.0\Warewolf.ResourceManagement.dll
C:\Users\ultra\warewolf\Dev\Warewolf.Core\InputsFromJson.cs(99,21): warning CC0105: Use 'var' instead of specifying the type name. (https://code-cracker.github.io/diagnostics/CC0105.html) [C:\Users\ultra\warewolf\Dev\Warewolf.Core\Warewolf.Core.csproj]
  Warewolf.Core -> C:\Users\ultra\warewolf\Dev\Warewolf.Core\bin\Debug\net8.0\Warewolf.Core.dll
C:\Users\ultra\warewolf\Dev\Warewolf.Auditing\Audit.cs(189,26): warning CS8073: The result of the expression is always 'false' since a value of type 'DateTime' is never equal to 'null' of type 'DateTime?' [C:\Users\ultra\warewolf\Dev\Warewolf.Auditing\Warewolf.Auditing.csproj]
C:\Users\ultra\warewolf\Dev\Warewolf.Auditing\Drivers\AuditQueryableElastic.cs(360,33): warning CS0618: 'ElasticsearchClient.Search<TDocument>(SearchRequestDescriptor<TDocument>)' is obsolete: 'Synchronous methods are deprecated and could be removed in the future.' [C:\Users\ultra\warewolf\Dev\Warewolf.Auditing\Warewolf.Auditing.csproj]
C:\Users\ultra\warewolf\Dev\Warewolf.Auditing\Drivers\AuditQueryableElastic.cs(384,26): warning CS0618: 'ElasticsearchClient.Ping()' is obsolete: 'Synchronous methods are deprecated and could be removed in the future.' [C:\Users\ultra\warewolf\Dev\Warewolf.Auditing\Warewolf.Auditing.csproj]
  Warewolf.Auditing -> C:\Users\ultra\warewolf\Dev\Warewolf.Auditing\bin\Debug\net8.0\Warewolf.Auditing.dll
C:\Users\ultra\warewolf\Dev\Warewolf.Common.NetStandard20\Wrappers\WebClientWrapper.cs(26,26): warning SYSLIB0014: 'WebClient.WebClient()' is obsolete: 'WebRequest, HttpWebRequest, ServicePoint, and WebClient are obsolete. Use HttpClient instead.' (https://aka.ms/dotnet-warnings/SYSLIB0014) [C:\Users\ultra\warewolf\Dev\Warewolf.Common.NetStandard20\Warewolf.Common.NetStandard20.csproj]
C:\Users\ultra\warewolf\Dev\Warewolf.Common.NetStandard20\Wrappers\WebRequestWrapper.cs(26,24): warning SYSLIB0014: 'WebRequest.Create(string)' is obsolete: 'WebRequest, HttpWebRequest, ServicePoint, and WebClient are obsolete. Use HttpClient instead.' (https://aka.ms/dotnet-warnings/SYSLIB0014) [C:\Users\ultra\warewolf\Dev\Warewolf.Common.NetStandard20\Warewolf.Common.NetStandard20.csproj]
C:\Users\ultra\warewolf\Dev\Warewolf.Common.NetStandard20\Wrappers\WebClientWrapper.cs(31,26): warning SYSLIB0014: 'WebClient.WebClient()' is obsolete: 'WebRequest, HttpWebRequest, ServicePoint, and WebClient are obsolete. Use HttpClient instead.' (https://aka.ms/dotnet-warnings/SYSLIB0014) [C:\Users\ultra\warewolf\Dev\Warewolf.Common.NetStandard20\Warewolf.Common.NetStandard20.csproj]
  Warewolf.Common.NetStandard20 -> C:\Users\ultra\warewolf\Dev\Warewolf.Common.NetStandard20\bin\Debug\net8.0\Warewolf.Common.NetStandard20.dll
C:\Users\ultra\warewolf\Dev\Dev2.Runtime.Services\ServiceModel\ElasticsearchSources.cs(110,34): warning CS0618: 'ElasticsearchClient.Ping()' is obsolete: 'Synchronous methods are deprecated and could be removed in the future.' [C:\Users\ultra\warewolf\Dev\Dev2.Runtime.Services\Dev2.Runtime.Services.csproj]
C:\Users\ultra\warewolf\Dev\Dev2.Runtime.Services\ESB\Management\Services\FetchTestsAndTriggers.cs(45,17): warning CC0105: Use 'var' instead of specifying the type name. (https://code-cracker.github.io/diagnostics/CC0105.html) [C:\Users\ultra\warewolf\Dev\Dev2.Runtime.Services\Dev2.Runtime.Services.csproj]
C:\Users\ultra\warewolf\Dev\Dev2.Runtime.Services\UsageLogger.cs(66,33): warning CC0022: ManagementObjectSearcher should be disposed. (https://code-cracker.github.io/diagnostics/CC0022.html) [C:\Users\ultra\warewolf\Dev\Dev2.Runtime.Services\Dev2.Runtime.Services.csproj]
C:\Users\ultra\warewolf\Dev\Dev2.Runtime.Services\ServiceModel\WebSources.cs(532,7): warning CC0004: Empty Catch Block. (https://code-cracker.github.io/diagnostics/CC0004.html) [C:\Users\ultra\warewolf\Dev\Dev2.Runtime.Services\Dev2.Runtime.Services.csproj]
C:\Users\ultra\warewolf\Dev\Dev2.Runtime.Services\ServiceModel\WebSources.cs(751,38): warning CC0022: StringContent should be disposed. (https://code-cracker.github.io/diagnostics/CC0022.html) [C:\Users\ultra\warewolf\Dev\Dev2.Runtime.Services\Dev2.Runtime.Services.csproj]
C:\Users\ultra\warewolf\Dev\Dev2.Runtime.Services\ESB\Management\Services\TestChatbotSource.cs(44,17): warning CC0105: Use 'var' instead of specifying the type name. (https://code-cracker.github.io/diagnostics/CC0105.html) [C:\Users\ultra\warewolf\Dev\Dev2.Runtime.Services\Dev2.Runtime.Services.csproj]
C:\Users\ultra\warewolf\Dev\Dev2.Runtime.Services\ESB\Management\Services\TestChatbotSource.cs(45,17): warning CC0105: Use 'var' instead of specifying the type name. (https://code-cracker.github.io/diagnostics/CC0105.html) [C:\Users\ultra\warewolf\Dev\Dev2.Runtime.Services\Dev2.Runtime.Services.csproj]
C:\Users\ultra\warewolf\Dev\Dev2.Runtime.Services\ESB\Management\Services\ChatbotToolNormalizer.cs(80,17): warning CC0003: Consider adding an Exception to the catch. (https://code-cracker.github.io/diagnostics/CC0003.html) [C:\Users\ultra\warewolf\Dev\Dev2.Runtime.Services\Dev2.Runtime.Services.csproj]
C:\Users\ultra\warewolf\Dev\Dev2.Runtime.Services\ESB\Management\Services\ChatbotToolNormalizer.cs(101,21): warning CC0004: Empty Catch Block. (https://code-cracker.github.io/diagnostics/CC0004.html) [C:\Users\ultra\warewolf\Dev\Dev2.Runtime.Services\Dev2.Runtime.Services.csproj]
C:\Users\ultra\warewolf\Dev\Dev2.Runtime.Services\ESB\Management\Services\ChatbotToolNormalizer.cs(226,21): warning CC0105: Use 'var' instead of specifying the type name. (https://code-cracker.github.io/diagnostics/CC0105.html) [C:\Users\ultra\warewolf\Dev\Dev2.Runtime.Services\Dev2.Runtime.Services.csproj]
C:\Users\ultra\warewolf\Dev\Dev2.Runtime.Services\ESB\Management\Services\ChatbotToolNormalizer.cs(279,21): warning CC0105: Use 'var' instead of specifying the type name. (https://code-cracker.github.io/diagnostics/CC0105.html) [C:\Users\ultra\warewolf\Dev\Dev2.Runtime.Services\Dev2.Runtime.Services.csproj]
  Dev2.Runtime.Services -> C:\Users\ultra\warewolf\Dev\Dev2.Runtime.Services\bin\Debug\net8.0\Dev2.Runtime.Services.dll
C:\Users\ultra\warewolf\Dev\Warewolf.Driver.Persistence\Drivers\HangfireScheduler.cs(397,17): warning CA2200: Re-throwing caught exception changes stack information (https://learn.microsoft.com/dotnet/fundamentals/code-analysis/quality-rules/ca2200) [C:\Users\ultra\warewolf\Dev\Warewolf.Driver.Persistence\Warewolf.Driver.Persistence.csproj]
C:\Users\ultra\warewolf\Dev\Warewolf.Driver.Persistence\Drivers\HangfireScheduler.cs(320,17): warning CA2200: Re-throwing caught exception changes stack information (https://learn.microsoft.com/dotnet/fundamentals/code-analysis/quality-rules/ca2200) [C:\Users\ultra\warewolf\Dev\Warewolf.Driver.Persistence\Warewolf.Driver.Persistence.csproj]
C:\Users\ultra\warewolf\Dev\Warewolf.Driver.Persistence\Drivers\HangfireScheduler.cs(376,17): warning CA2200: Re-throwing caught exception changes stack information (https://learn.microsoft.com/dotnet/fundamentals/code-analysis/quality-rules/ca2200) [C:\Users\ultra\warewolf\Dev\Warewolf.Driver.Persistence\Warewolf.Driver.Persistence.csproj]
  Warewolf.Driver.Persistence -> C:\Users\ultra\warewolf\Dev\Warewolf.Driver.Persistence\bin\Debug\net8.0\Warewolf.Driver.Persistence.dll
  Dev2.Studio.Interfaces -> C:\Users\ultra\warewolf\Dev\Dev2.Studio.Interfaces\bin\Debug\net8.0\Dev2.Studio.Interfaces.dll
  Dev2.Services.Execution -> C:\Users\ultra\warewolf\Dev\Dev2.Services.Execution\bin\Debug\net8.0\Dev2.Services.Execution.dll
C:\Program Files\dotnet\sdk\10.0.201\Microsoft.Common.CurrentVersion.targets(2451,5): warning MSB3245: Could not resolve this reference. Could not locate the assembly "System.ServiceModel.Activities". Check to make sure the assembly exists on disk. If this reference is required by your code, you may get compilation errors. [C:\Users\ultra\warewolf\Dev\Dev2.Activities\Dev2.Activities.csproj]
C:\Program Files\dotnet\sdk\10.0.201\Microsoft.Common.CurrentVersion.targets(2451,5): warning MSB3277: Found conflicts between different versions of "Microsoft.Win32.SystemEvents" that could not be resolved. [C:\Users\ultra\warewolf\Dev\Warewolf.Studio.Core\Warewolf.Studio.Core.csproj]
C:\Program Files\dotnet\sdk\10.0.201\Microsoft.Common.CurrentVersion.targets(2451,5): warning MSB3277: There was a conflict between "Microsoft.Win32.SystemEvents, Version=6.0.0.0, Culture=neutral, PublicKeyToken=cc7b13ffcd2ddd51" and "Microsoft.Win32.SystemEvents, Version=7.0.0.0, Culture=neutral, PublicKeyToken=cc7b13ffcd2ddd51". [C:\Users\ultra\warewolf\Dev\Warewolf.Studio.Core\Warewolf.Studio.Core.csproj]
C:\Program Files\dotnet\sdk\10.0.201\Microsoft.Common.CurrentVersion.targets(2451,5): warning MSB3277:     "Microsoft.Win32.SystemEvents, Version=6.0.0.0, Culture=neutral, PublicKeyToken=cc7b13ffcd2ddd51" was chosen because it was primary and "Microsoft.Win32.SystemEvents, Version=7.0.0.0, Culture=neutral, PublicKeyToken=cc7b13ffcd2ddd51" was not. [C:\Users\ultra\warewolf\Dev\Warewolf.Studio.Core\Warewolf.Studio.Core.csproj]
C:\Program Files\dotnet\sdk\10.0.201\Microsoft.Common.CurrentVersion.targets(2451,5): warning MSB3277:     References which depend on "Microsoft.Win32.SystemEvents, Version=6.0.0.0, Culture=neutral, PublicKeyToken=cc7b13ffcd2ddd51" [C:\Users\ultra\.nuget\packages\microsoft.win32.systemevents\6.0.0\lib\net6.0\Microsoft.Win32.SystemEvents.dll]. [C:\Users\ultra\warewolf\Dev\Warewolf.Studio.Core\Warewolf.Studio.Core.csproj]
C:\Program Files\dotnet\sdk\10.0.201\Microsoft.Common.CurrentVersion.targets(2451,5): warning MSB3277:         C:\Users\ultra\.nuget\packages\microsoft.win32.systemevents\6.0.0\lib\net6.0\Microsoft.Win32.SystemEvents.dll [C:\Users\ultra\warewolf\Dev\Warewolf.Studio.Core\Warewolf.Studio.Core.csproj]
C:\Program Files\dotnet\sdk\10.0.201\Microsoft.Common.CurrentVersion.targets(2451,5): warning MSB3277:           Project file item includes which caused reference "C:\Users\ultra\.nuget\packages\microsoft.win32.systemevents\6.0.0\lib\net6.0\Microsoft.Win32.SystemEvents.dll". [C:\Users\ultra\warewolf\Dev\Warewolf.Studio.Core\Warewolf.Studio.Core.csproj]
C:\Program Files\dotnet\sdk\10.0.201\Microsoft.Common.CurrentVersion.targets(2451,5): warning MSB3277:             C:\Users\ultra\.nuget\packages\microsoft.win32.systemevents\6.0.0\lib\net6.0\Microsoft.Win32.SystemEvents.dll [C:\Users\ultra\warewolf\Dev\Warewolf.Studio.Core\Warewolf.Studio.Core.csproj]
C:\Program Files\dotnet\sdk\10.0.201\Microsoft.Common.CurrentVersion.targets(2451,5): warning MSB3277:     References which depend on or have been unified to "Microsoft.Win32.SystemEvents, Version=7.0.0.0, Culture=neutral, PublicKeyToken=cc7b13ffcd2ddd51" []. [C:\Users\ultra\warewolf\Dev\Warewolf.Studio.Core\Warewolf.Studio.Core.csproj]
C:\Program Files\dotnet\sdk\10.0.201\Microsoft.Common.CurrentVersion.targets(2451,5): warning MSB3277:         C:\Users\ultra\warewolf\Dev\Dev2.Common\bin\Debug\net8.0\Dev2.Common.dll [C:\Users\ultra\warewolf\Dev\Warewolf.Studio.Core\Warewolf.Studio.Core.csproj]
C:\Program Files\dotnet\sdk\10.0.201\Microsoft.Common.CurrentVersion.targets(2451,5): warning MSB3277:           Project file item includes which caused reference "C:\Users\ultra\warewolf\Dev\Dev2.Common\bin\Debug\net8.0\Dev2.Common.dll". [C:\Users\ultra\warewolf\Dev\Warewolf.Studio.Core\Warewolf.Studio.Core.csproj]
C:\Program Files\dotnet\sdk\10.0.201\Microsoft.Common.CurrentVersion.targets(2451,5): warning MSB3277:             C:\Users\ultra\warewolf\Dev\Dev2.Common\bin\Debug\net8.0\Dev2.Common.dll [C:\Users\ultra\warewolf\Dev\Warewolf.Studio.Core\Warewolf.Studio.Core.csproj]
C:\Program Files\dotnet\sdk\10.0.201\Microsoft.Common.CurrentVersion.targets(2451,5): warning MSB3277:             C:\Users\ultra\warewolf\Dev\Dev2.Core\bin\Debug\net8.0\Dev2.Core.dll [C:\Users\ultra\warewolf\Dev\Warewolf.Studio.Core\Warewolf.Studio.Core.csproj]
C:\Program Files\dotnet\sdk\10.0.201\Microsoft.Common.CurrentVersion.targets(2451,5): warning MSB3277:             C:\Users\ultra\warewolf\Dev\Dev2.Infrastructure\bin\Debug\net8.0\Dev2.Infrastructure.dll [C:\Users\ultra\warewolf\Dev\Warewolf.Studio.Core\Warewolf.Studio.Core.csproj]
C:\Program Files\dotnet\sdk\10.0.201\Microsoft.Common.CurrentVersion.targets(2451,5): warning MSB3277:             C:\Users\ultra\warewolf\Dev\Dev2.Studio.Interfaces\bin\Debug\net8.0\Dev2.Studio.Interfaces.dll [C:\Users\ultra\warewolf\Dev\Warewolf.Studio.Core\Warewolf.Studio.Core.csproj]
C:\Program Files\dotnet\sdk\10.0.201\Microsoft.Common.CurrentVersion.targets(2451,5): warning MSB3277:             C:\Users\ultra\warewolf\Dev\Dev2.Data\bin\Debug\net8.0\Dev2.Data.dll [C:\Users\ultra\warewolf\Dev\Warewolf.Studio.Core\Warewolf.Studio.Core.csproj]
C:\Program Files\dotnet\sdk\10.0.201\Microsoft.Common.CurrentVersion.targets(2451,5): warning MSB3277:             C:\Users\ultra\warewolf\Dev\Dev2.Diagnostics\bin\Debug\net8.0\Dev2.Diagnostics.dll [C:\Users\ultra\warewolf\Dev\Warewolf.Studio.Core\Warewolf.Studio.Core.csproj]
C:\Program Files\dotnet\sdk\10.0.201\Microsoft.Common.CurrentVersion.targets(2451,5): warning MSB3277:             C:\Users\ultra\warewolf\Dev\Dev2.Runtime.Services\bin\Debug\net8.0\Dev2.Runtime.Services.dll [C:\Users\ultra\warewolf\Dev\Warewolf.Studio.Core\Warewolf.Studio.Core.csproj]
C:\Program Files\dotnet\sdk\10.0.201\Microsoft.Common.CurrentVersion.targets(2451,5): warning MSB3277:             C:\Users\ultra\warewolf\Dev\Dev2.Scheduler\bin\Debug\net8.0\Dev2.Scheduler.dll [C:\Users\ultra\warewolf\Dev\Warewolf.Studio.Core\Warewolf.Studio.Core.csproj]
C:\Program Files\dotnet\sdk\10.0.201\Microsoft.Common.CurrentVersion.targets(2451,5): warning MSB3277:             C:\Users\ultra\warewolf\Dev\Dev2.Services.Sql\bin\Debug\net8.0\Dev2.Services.Sql.dll [C:\Users\ultra\warewolf\Dev\Warewolf.Studio.Core\Warewolf.Studio.Core.csproj]
C:\Program Files\dotnet\sdk\10.0.201\Microsoft.Common.CurrentVersion.targets(2451,5): warning MSB3277:             C:\Users\ultra\warewolf\Dev\Dev2.TaskScheduler.Wrappers\bin\Debug\net8.0\Dev2.TaskScheduler.Wrappers.dll [C:\Users\ultra\warewolf\Dev\Warewolf.Studio.Core\Warewolf.Studio.Core.csproj]
C:\Program Files\dotnet\sdk\10.0.201\Microsoft.Common.CurrentVersion.targets(2451,5): warning MSB3277:             C:\Users\ultra\warewolf\Dev\Dev2.Util\bin\Debug\net8.0\Dev2.Util.dll [C:\Users\ultra\warewolf\Dev\Warewolf.Studio.Core\Warewolf.Studio.Core.csproj]
C:\Program Files\dotnet\sdk\10.0.201\Microsoft.Common.CurrentVersion.targets(2451,5): warning MSB3277:             C:\Users\ultra\warewolf\Dev\Warewolf.AI.Harness\bin\Debug\net8.0\Warewolf.AI.Harness.dll [C:\Users\ultra\warewolf\Dev\Warewolf.Studio.Core\Warewolf.Studio.Core.csproj]
C:\Program Files\dotnet\sdk\10.0.201\Microsoft.Common.CurrentVersion.targets(2451,5): warning MSB3277:             C:\Users\ultra\warewolf\Dev\Warewolf.Auditing\bin\Debug\net8.0\Warewolf.Auditing.dll [C:\Users\ultra\warewolf\Dev\Warewolf.Studio.Core\Warewolf.Studio.Core.csproj]
C:\Program Files\dotnet\sdk\10.0.201\Microsoft.Common.CurrentVersion.targets(2451,5): warning MSB3277:             C:\Users\ultra\warewolf\Dev\Warewolf.Common.NetStandard20\bin\Debug\net8.0\Warewolf.Common.NetStandard20.dll [C:\Users\ultra\warewolf\Dev\Warewolf.Studio.Core\Warewolf.Studio.Core.csproj]
C:\Program Files\dotnet\sdk\10.0.201\Microsoft.Common.CurrentVersion.targets(2451,5): warning MSB3277:             C:\Users\ultra\warewolf\Dev\Warewolf.Core\bin\Debug\net8.0\Warewolf.Core.dll [C:\Users\ultra\warewolf\Dev\Warewolf.Studio.Core\Warewolf.Studio.Core.csproj]
C:\Program Files\dotnet\sdk\10.0.201\Microsoft.Common.CurrentVersion.targets(2451,5): warning MSB3277:             C:\Users\ultra\warewolf\Dev\Warewolf.Driver.Serilog\bin\Debug\net8.0\Warewolf.Driver.Serilog.dll [C:\Users\ultra\warewolf\Dev\Warewolf.Studio.Core\Warewolf.Studio.Core.csproj]
C:\Program Files\dotnet\sdk\10.0.201\Microsoft.Common.CurrentVersion.targets(2451,5): warning MSB3277:             C:\Users\ultra\warewolf\Dev\Warewolf.ResourceManagement\bin\Debug\net8.0\Warewolf.ResourceManagement.dll [C:\Users\ultra\warewolf\Dev\Warewolf.Studio.Core\Warewolf.Studio.Core.csproj]
C:\Program Files\dotnet\sdk\10.0.201\Microsoft.Common.CurrentVersion.targets(2451,5): warning MSB3277:             C:\Users\ultra\warewolf\Dev\Warewolf.Sharepoint\bin\Debug\net8.0\Warewolf.Sharepoint.dll [C:\Users\ultra\warewolf\Dev\Warewolf.Studio.Core\Warewolf.Studio.Core.csproj]
C:\Program Files\dotnet\sdk\10.0.201\Microsoft.Common.CurrentVersion.targets(2451,5): warning MSB3277:             C:\Users\ultra\warewolf\Dev\Warewolf.Storage\bin\Debug\net8.0\Warewolf.Storage.dll [C:\Users\ultra\warewolf\Dev\Warewolf.Studio.Core\Warewolf.Studio.Core.csproj]
C:\Program Files\dotnet\sdk\10.0.201\Microsoft.Common.CurrentVersion.targets(2451,5): warning MSB3277:         C:\Users\ultra\warewolf\Dev\Binaries\Infragistcs_Net6\InfragisticsWPF4.v15.1.dll [C:\Users\ultra\warewolf\Dev\Warewolf.Studio.Core\Warewolf.Studio.Core.csproj]
C:\Program Files\dotnet\sdk\10.0.201\Microsoft.Common.CurrentVersion.targets(2451,5): warning MSB3277:           Project file item includes which caused reference "C:\Users\ultra\warewolf\Dev\Binaries\Infragistcs_Net6\InfragisticsWPF4.v15.1.dll". [C:\Users\ultra\warewolf\Dev\Warewolf.Studio.Core\Warewolf.Studio.Core.csproj]
C:\Program Files\dotnet\sdk\10.0.201\Microsoft.Common.CurrentVersion.targets(2451,5): warning MSB3277:             InfragisticsWPF4.v15.1, Version=15.1.20151.2055, Culture=neutral, PublicKeyToken=7dd5c3163f2cd0cb, processorArchitecture=MSIL [C:\Users\ultra\warewolf\Dev\Warewolf.Studio.Core\Warewolf.Studio.Core.csproj]
C:\Program Files\dotnet\sdk\10.0.201\Microsoft.Common.CurrentVersion.targets(2451,5): warning MSB3277:             InfragisticsWPF4.Controls.Menus.XamDataTree.v15.1, Version=15.1.20151.2055, Culture=neutral, PublicKeyToken=7dd5c3163f2cd0cb, processorArchitecture=MSIL [C:\Users\ultra\warewolf\Dev\Warewolf.Studio.Core\Warewolf.Studio.Core.csproj]
C:\Program Files\dotnet\sdk\10.0.201\Microsoft.Common.CurrentVersion.targets(2451,5): warning MSB3277:             InfragisticsWPF4.DataManager.v15.1, Version=15.1.20151.2055, Culture=neutral, PublicKeyToken=7dd5c3163f2cd0cb, processorArchitecture=MSIL [C:\Users\ultra\warewolf\Dev\Warewolf.Studio.Core\Warewolf.Studio.Core.csproj]
C:\Program Files\dotnet\sdk\10.0.201\Microsoft.Common.CurrentVersion.targets(2451,5): warning MSB3277:             InfragisticsWPF4.DockManager.v15.1, Version=15.1.20151.2055, Culture=neutral, PublicKeyToken=7dd5c3163f2cd0cb, processorArchitecture=MSIL [C:\Users\ultra\warewolf\Dev\Warewolf.Studio.Core\Warewolf.Studio.Core.csproj]
C:\Program Files\dotnet\sdk\10.0.201\Microsoft.Common.CurrentVersion.targets(2451,5): warning MSB3277:         C:\Users\ultra\.nuget\packages\timespan2\2.4.2\lib\netcoreapp3.1\TimeSpan2.dll [C:\Users\ultra\warewolf\Dev\Warewolf.Studio.Core\Warewolf.Studio.Core.csproj]
C:\Program Files\dotnet\sdk\10.0.201\Microsoft.Common.CurrentVersion.targets(2451,5): warning MSB3277:           Project file item includes which caused reference "C:\Users\ultra\.nuget\packages\timespan2\2.4.2\lib\netcoreapp3.1\TimeSpan2.dll". [C:\Users\ultra\warewolf\Dev\Warewolf.Studio.Core\Warewolf.Studio.Core.csproj]
C:\Program Files\dotnet\sdk\10.0.201\Microsoft.Common.CurrentVersion.targets(2451,5): warning MSB3277:             C:\Users\ultra\.nuget\packages\timespan2\2.4.2\lib\netcoreapp3.1\TimeSpan2.dll [C:\Users\ultra\warewolf\Dev\Warewolf.Studio.Core\Warewolf.Studio.Core.csproj]
C:\Program Files\dotnet\sdk\10.0.201\Microsoft.Common.CurrentVersion.targets(2451,5): warning MSB3277:             C:\Users\ultra\.nuget\packages\taskschedulereditor\2.10.1\lib\net452\Microsoft.Win32.TaskSchedulerEditor.dll [C:\Users\ultra\warewolf\Dev\Warewolf.Studio.Core\Warewolf.Studio.Core.csproj]
C:\Program Files\dotnet\sdk\10.0.201\Microsoft.Common.CurrentVersion.targets(2451,5): warning MSB3277:         C:\Program Files\dotnet\packs\Microsoft.NETCore.App.Ref\8.0.25\ref\net8.0\System.dll [C:\Users\ultra\warewolf\Dev\Warewolf.Studio.Core\Warewolf.Studio.Core.csproj]
C:\Program Files\dotnet\sdk\10.0.201\Microsoft.Common.CurrentVersion.targets(2451,5): warning MSB3277:           Project file item includes which caused reference "C:\Program Files\dotnet\packs\Microsoft.NETCore.App.Ref\8.0.25\ref\net8.0\System.dll". [C:\Users\ultra\warewolf\Dev\Warewolf.Studio.Core\Warewolf.Studio.Core.csproj]
C:\Program Files\dotnet\sdk\10.0.201\Microsoft.Common.CurrentVersion.targets(2451,5): warning MSB3277:             C:\Program Files\dotnet\packs\Microsoft.NETCore.App.Ref\8.0.25\ref/net8.0/System.dll [C:\Users\ultra\warewolf\Dev\Warewolf.Studio.Core\Warewolf.Studio.Core.csproj]
C:\Program Files\dotnet\sdk\10.0.201\Microsoft.Common.CurrentVersion.targets(2451,5): warning MSB3277:             C:\Users\ultra\.nuget\packages\aerowizard\2.3.1\lib\net45\AeroWizard.dll [C:\Users\ultra\warewolf\Dev\Warewolf.Studio.Core\Warewolf.Studio.Core.csproj]
C:\Program Files\dotnet\sdk\10.0.201\Microsoft.Common.CurrentVersion.targets(2451,5): warning MSB3277:             C:\Users\ultra\.nuget\packages\groupcontrols\1.9.0\lib\net45\GroupControls.dll [C:\Users\ultra\warewolf\Dev\Warewolf.Studio.Core\Warewolf.Studio.Core.csproj]
C:\Program Files\dotnet\sdk\10.0.201\Microsoft.Common.CurrentVersion.targets(2451,5): warning MSB3277:             C:\Users\ultra\.nuget\packages\microsoft.xaml.behaviors.wpf\1.1.122\lib\net462\Microsoft.Xaml.Behaviors.dll [C:\Users\ultra\warewolf\Dev\Warewolf.Studio.Core\Warewolf.Studio.Core.csproj]
C:\Program Files\dotnet\sdk\10.0.201\Microsoft.Common.CurrentVersion.targets(2451,5): warning MSB3277:             C:\Users\ultra\.nuget\packages\caliburn.micro\4.0.212\lib\netcoreapp3.1\Caliburn.Micro.Platform.dll [C:\Users\ultra\warewolf\Dev\Warewolf.Studio.Core\Warewolf.Studio.Core.csproj]
C:\Program Files\dotnet\sdk\10.0.201\Microsoft.Common.CurrentVersion.targets(2451,5): warning MSB3277:             C:\Users\ultra\.nuget\packages\prism.wpf\9.0.537\lib\net462\Prism.Wpf.dll [C:\Users\ultra\warewolf\Dev\Warewolf.Studio.Core\Warewolf.Studio.Core.csproj]
C:\Program Files\dotnet\sdk\10.0.201\Microsoft.Common.CurrentVersion.targets(2451,5): warning MSB3277:             C:\Users\ultra\.nuget\packages\reactiveui.wpf\18.4.1\lib\net462\ReactiveUI.Wpf.dll [C:\Users\ultra\warewolf\Dev\Warewolf.Studio.Core\Warewolf.Studio.Core.csproj]
C:\Program Files\dotnet\sdk\10.0.201\Microsoft.Common.CurrentVersion.targets(2451,5): warning MSB3277:             C:\Users\ultra\.nuget\packages\taskschedulereditor\2.10.1\lib\net452\Microsoft.Win32.TaskSchedulerEditor.dll [C:\Users\ultra\warewolf\Dev\Warewolf.Studio.Core\Warewolf.Studio.Core.csproj]
C:\Program Files\dotnet\sdk\10.0.201\Microsoft.Common.CurrentVersion.targets(2451,5): warning MSB3277:             C:\Users\ultra\.nuget\packages\ttcue.netcore.sharepointonline.csom.16.1.8029.1200\16.1.8029.1200\lib\netcoreapp2.0\Microsoft.SharePoint.Client.Runtime.Windows.dll [C:\Users\ultra\warewolf\Dev\Warewolf.Studio.Core\Warewolf.Studio.Core.csproj]
C:\Program Files\dotnet\sdk\10.0.201\Microsoft.Common.CurrentVersion.targets(2451,5): warning MSB3277: Found conflicts between different versions of "System.Security.Permissions" that could not be resolved. [C:\Users\ultra\warewolf\Dev\Warewolf.Studio.Core\Warewolf.Studio.Core.csproj]
C:\Program Files\dotnet\sdk\10.0.201\Microsoft.Common.CurrentVersion.targets(2451,5): warning MSB3277: There was a conflict between "System.Security.Permissions, Version=6.0.0.0, Culture=neutral, PublicKeyToken=cc7b13ffcd2ddd51" and "System.Security.Permissions, Version=7.0.0.0, Culture=neutral, PublicKeyToken=cc7b13ffcd2ddd51". [C:\Users\ultra\warewolf\Dev\Warewolf.Studio.Core\Warewolf.Studio.Core.csproj]
C:\Program Files\dotnet\sdk\10.0.201\Microsoft.Common.CurrentVersion.targets(2451,5): warning MSB3277:     "System.Security.Permissions, Version=6.0.0.0, Culture=neutral, PublicKeyToken=cc7b13ffcd2ddd51" was chosen because it was primary and "System.Security.Permissions, Version=7.0.0.0, Culture=neutral, PublicKeyToken=cc7b13ffcd2ddd51" was not. [C:\Users\ultra\warewolf\Dev\Warewolf.Studio.Core\Warewolf.Studio.Core.csproj]
C:\Program Files\dotnet\sdk\10.0.201\Microsoft.Common.CurrentVersion.targets(2451,5): warning MSB3277:     References which depend on "System.Security.Permissions, Version=6.0.0.0, Culture=neutral, PublicKeyToken=cc7b13ffcd2ddd51" [C:\Users\ultra\.nuget\packages\system.security.permissions\6.0.0\lib\net6.0\System.Security.Permissions.dll]. [C:\Users\ultra\warewolf\Dev\Warewolf.Studio.Core\Warewolf.Studio.Core.csproj]
C:\Program Files\dotnet\sdk\10.0.201\Microsoft.Common.CurrentVersion.targets(2451,5): warning MSB3277:         C:\Users\ultra\.nuget\packages\system.security.permissions\6.0.0\lib\net6.0\System.Security.Permissions.dll [C:\Users\ultra\warewolf\Dev\Warewolf.Studio.Core\Warewolf.Studio.Core.csproj]
C:\Program Files\dotnet\sdk\10.0.201\Microsoft.Common.CurrentVersion.targets(2451,5): warning MSB3277:           Project file item includes which caused reference "C:\Users\ultra\.nuget\packages\system.security.permissions\6.0.0\lib\net6.0\System.Security.Permissions.dll". [C:\Users\ultra\warewolf\Dev\Warewolf.Studio.Core\Warewolf.Studio.Core.csproj]
C:\Program Files\dotnet\sdk\10.0.201\Microsoft.Common.CurrentVersion.targets(2451,5): warning MSB3277:             C:\Users\ultra\.nuget\packages\system.security.permissions\6.0.0\lib\net6.0\System.Security.Permissions.dll [C:\Users\ultra\warewolf\Dev\Warewolf.Studio.Core\Warewolf.Studio.Core.csproj]
C:\Program Files\dotnet\sdk\10.0.201\Microsoft.Common.CurrentVersion.targets(2451,5): warning MSB3277:     References which depend on or have been unified to "System.Security.Permissions, Version=7.0.0.0, Culture=neutral, PublicKeyToken=cc7b13ffcd2ddd51" []. [C:\Users\ultra\warewolf\Dev\Warewolf.Studio.Core\Warewolf.Studio.Core.csproj]
C:\Program Files\dotnet\sdk\10.0.201\Microsoft.Common.CurrentVersion.targets(2451,5): warning MSB3277:         C:\Users\ultra\warewolf\Dev\Dev2.Data\bin\Debug\net8.0\Dev2.Data.dll [C:\Users\ultra\warewolf\Dev\Warewolf.Studio.Core\Warewolf.Studio.Core.csproj]
C:\Program Files\dotnet\sdk\10.0.201\Microsoft.Common.CurrentVersion.targets(2451,5): warning MSB3277:           Project file item includes which caused reference "C:\Users\ultra\warewolf\Dev\Dev2.Data\bin\Debug\net8.0\Dev2.Data.dll". [C:\Users\ultra\warewolf\Dev\Warewolf.Studio.Core\Warewolf.Studio.Core.csproj]
C:\Program Files\dotnet\sdk\10.0.201\Microsoft.Common.CurrentVersion.targets(2451,5): warning MSB3277:             C:\Users\ultra\warewolf\Dev\Dev2.Data\bin\Debug\net8.0\Dev2.Data.dll [C:\Users\ultra\warewolf\Dev\Warewolf.Studio.Core\Warewolf.Studio.Core.csproj]
C:\Program Files\dotnet\sdk\10.0.201\Microsoft.Common.CurrentVersion.targets(2451,5): warning MSB3277:             C:\Users\ultra\warewolf\Dev\Dev2.Core\bin\Debug\net8.0\Dev2.Core.dll [C:\Users\ultra\warewolf\Dev\Warewolf.Studio.Core\Warewolf.Studio.Core.csproj]
C:\Program Files\dotnet\sdk\10.0.201\Microsoft.Common.CurrentVersion.targets(2451,5): warning MSB3277:             C:\Users\ultra\warewolf\Dev\Dev2.Studio.Interfaces\bin\Debug\net8.0\Dev2.Studio.Interfaces.dll [C:\Users\ultra\warewolf\Dev\Warewolf.Studio.Core\Warewolf.Studio.Core.csproj]
C:\Program Files\dotnet\sdk\10.0.201\Microsoft.Common.CurrentVersion.targets(2451,5): warning MSB3277:             C:\Users\ultra\warewolf\Dev\Dev2.Runtime.Services\bin\Debug\net8.0\Dev2.Runtime.Services.dll [C:\Users\ultra\warewolf\Dev\Warewolf.Studio.Core\Warewolf.Studio.Core.csproj]
C:\Program Files\dotnet\sdk\10.0.201\Microsoft.Common.CurrentVersion.targets(2451,5): warning MSB3277:             C:\Users\ultra\warewolf\Dev\Dev2.Scheduler\bin\Debug\net8.0\Dev2.Scheduler.dll [C:\Users\ultra\warewolf\Dev\Warewolf.Studio.Core\Warewolf.Studio.Core.csproj]
C:\Program Files\dotnet\sdk\10.0.201\Microsoft.Common.CurrentVersion.targets(2451,5): warning MSB3277:             C:\Users\ultra\warewolf\Dev\Warewolf.Auditing\bin\Debug\net8.0\Warewolf.Auditing.dll [C:\Users\ultra\warewolf\Dev\Warewolf.Studio.Core\Warewolf.Studio.Core.csproj]
C:\Program Files\dotnet\sdk\10.0.201\Microsoft.Common.CurrentVersion.targets(2451,5): warning MSB3277:             C:\Users\ultra\warewolf\Dev\Warewolf.Common.NetStandard20\bin\Debug\net8.0\Warewolf.Common.NetStandard20.dll [C:\Users\ultra\warewolf\Dev\Warewolf.Studio.Core\Warewolf.Studio.Core.csproj]
C:\Program Files\dotnet\sdk\10.0.201\Microsoft.Common.CurrentVersion.targets(2451,5): warning MSB3277:             C:\Users\ultra\warewolf\Dev\Warewolf.Core\bin\Debug\net8.0\Warewolf.Core.dll [C:\Users\ultra\warewolf\Dev\Warewolf.Studio.Core\Warewolf.Studio.Core.csproj]
C:\Program Files\dotnet\sdk\10.0.201\Microsoft.Common.CurrentVersion.targets(2451,5): warning MSB3277:             C:\Users\ultra\warewolf\Dev\Warewolf.ResourceManagement\bin\Debug\net8.0\Warewolf.ResourceManagement.dll [C:\Users\ultra\warewolf\Dev\Warewolf.Studio.Core\Warewolf.Studio.Core.csproj]
C:\Program Files\dotnet\sdk\10.0.201\Microsoft.Common.CurrentVersion.targets(2451,5): warning MSB3277:         C:\Users\ultra\warewolf\Dev\Binaries\Infragistcs_Net6\InfragisticsWPF4.DockManager.v15.1.dll [C:\Users\ultra\warewolf\Dev\Warewolf.Studio.Core\Warewolf.Studio.Core.csproj]
C:\Program Files\dotnet\sdk\10.0.201\Microsoft.Common.CurrentVersion.targets(2451,5): warning MSB3277:           Project file item includes which caused reference "C:\Users\ultra\warewolf\Dev\Binaries\Infragistcs_Net6\InfragisticsWPF4.DockManager.v15.1.dll". [C:\Users\ultra\warewolf\Dev\Warewolf.Studio.Core\Warewolf.Studio.Core.csproj]
C:\Program Files\dotnet\sdk\10.0.201\Microsoft.Common.CurrentVersion.targets(2451,5): warning MSB3277:             InfragisticsWPF4.DockManager.v15.1, Version=15.1.20151.2055, Culture=neutral, PublicKeyToken=7dd5c3163f2cd0cb, processorArchitecture=MSIL [C:\Users\ultra\warewolf\Dev\Warewolf.Studio.Core\Warewolf.Studio.Core.csproj]
C:\Program Files\dotnet\sdk\10.0.201\Microsoft.Common.CurrentVersion.targets(2451,5): warning MSB3277:         C:\Users\ultra\warewolf\Dev\Binaries\Infragistcs_Net6\InfragisticsWPF4.v15.1.dll [C:\Users\ultra\warewolf\Dev\Warewolf.Studio.Core\Warewolf.Studio.Core.csproj]
C:\Program Files\dotnet\sdk\10.0.201\Microsoft.Common.CurrentVersion.targets(2451,5): warning MSB3277:           Project file item includes which caused reference "C:\Users\ultra\warewolf\Dev\Binaries\Infragistcs_Net6\InfragisticsWPF4.v15.1.dll". [C:\Users\ultra\warewolf\Dev\Warewolf.Studio.Core\Warewolf.Studio.Core.csproj]
C:\Program Files\dotnet\sdk\10.0.201\Microsoft.Common.CurrentVersion.targets(2451,5): warning MSB3277:             InfragisticsWPF4.v15.1, Version=15.1.20151.2055, Culture=neutral, PublicKeyToken=7dd5c3163f2cd0cb, processorArchitecture=MSIL [C:\Users\ultra\warewolf\Dev\Warewolf.Studio.Core\Warewolf.Studio.Core.csproj]
C:\Program Files\dotnet\sdk\10.0.201\Microsoft.Common.CurrentVersion.targets(2451,5): warning MSB3277:             InfragisticsWPF4.Controls.Menus.XamDataTree.v15.1, Version=15.1.20151.2055, Culture=neutral, PublicKeyToken=7dd5c3163f2cd0cb, processorArchitecture=MSIL [C:\Users\ultra\warewolf\Dev\Warewolf.Studio.Core\Warewolf.Studio.Core.csproj]
C:\Program Files\dotnet\sdk\10.0.201\Microsoft.Common.CurrentVersion.targets(2451,5): warning MSB3277:             InfragisticsWPF4.DataManager.v15.1, Version=15.1.20151.2055, Culture=neutral, PublicKeyToken=7dd5c3163f2cd0cb, processorArchitecture=MSIL [C:\Users\ultra\warewolf\Dev\Warewolf.Studio.Core\Warewolf.Studio.Core.csproj]
C:\Program Files\dotnet\sdk\10.0.201\Microsoft.Common.CurrentVersion.targets(2451,5): warning MSB3277:             InfragisticsWPF4.DockManager.v15.1, Version=15.1.20151.2055, Culture=neutral, PublicKeyToken=7dd5c3163f2cd0cb, processorArchitecture=MSIL [C:\Users\ultra\warewolf\Dev\Warewolf.Studio.Core\Warewolf.Studio.Core.csproj]
C:\Program Files\dotnet\sdk\10.0.201\Microsoft.Common.CurrentVersion.targets(2451,5): warning MSB3277:         C:\Users\ultra\.nuget\packages\dotnetzip\1.16.0\lib\netstandard2.0\DotNetZip.dll [C:\Users\ultra\warewolf\Dev\Warewolf.Studio.Core\Warewolf.Studio.Core.csproj]
C:\Program Files\dotnet\sdk\10.0.201\Microsoft.Common.CurrentVersion.targets(2451,5): warning MSB3277:           Project file item includes which caused reference "C:\Users\ultra\.nuget\packages\dotnetzip\1.16.0\lib\netstandard2.0\DotNetZip.dll". [C:\Users\ultra\warewolf\Dev\Warewolf.Studio.Core\Warewolf.Studio.Core.csproj]
C:\Program Files\dotnet\sdk\10.0.201\Microsoft.Common.CurrentVersion.targets(2451,5): warning MSB3277:             C:\Users\ultra\.nuget\packages\dotnetzip\1.16.0\lib\netstandard2.0\DotNetZip.dll [C:\Users\ultra\warewolf\Dev\Warewolf.Studio.Core\Warewolf.Studio.Core.csproj]
C:\Program Files\dotnet\sdk\10.0.201\Microsoft.Common.CurrentVersion.targets(2451,5): warning MSB3277:             C:\Users\ultra\warewolf\Dev\Dev2.Common\bin\Debug\net8.0\Dev2.Common.dll [C:\Users\ultra\warewolf\Dev\Warewolf.Studio.Core\Warewolf.Studio.Core.csproj]
C:\Program Files\dotnet\sdk\10.0.201\Microsoft.Common.CurrentVersion.targets(2451,5): warning MSB3277:             C:\Users\ultra\warewolf\Dev\Dev2.Core\bin\Debug\net8.0\Dev2.Core.dll [C:\Users\ultra\warewolf\Dev\Warewolf.Studio.Core\Warewolf.Studio.Core.csproj]
C:\Program Files\dotnet\sdk\10.0.201\Microsoft.Common.CurrentVersion.targets(2451,5): warning MSB3277:             C:\Users\ultra\warewolf\Dev\Dev2.Infrastructure\bin\Debug\net8.0\Dev2.Infrastructure.dll [C:\Users\ultra\warewolf\Dev\Warewolf.Studio.Core\Warewolf.Studio.Core.csproj]
C:\Program Files\dotnet\sdk\10.0.201\Microsoft.Common.CurrentVersion.targets(2451,5): warning MSB3277:             C:\Users\ultra\warewolf\Dev\Dev2.Studio.Interfaces\bin\Debug\net8.0\Dev2.Studio.Interfaces.dll [C:\Users\ultra\warewolf\Dev\Warewolf.Studio.Core\Warewolf.Studio.Core.csproj]
C:\Program Files\dotnet\sdk\10.0.201\Microsoft.Common.CurrentVersion.targets(2451,5): warning MSB3277:             C:\Users\ultra\warewolf\Dev\Dev2.Data\bin\Debug\net8.0\Dev2.Data.dll [C:\Users\ultra\warewolf\Dev\Warewolf.Studio.Core\Warewolf.Studio.Core.csproj]
C:\Program Files\dotnet\sdk\10.0.201\Microsoft.Common.CurrentVersion.targets(2451,5): warning MSB3277:             C:\Users\ultra\warewolf\Dev\Dev2.Data.Interfaces\bin\Debug\net8.0\Dev2.Data.Interfaces.dll [C:\Users\ultra\warewolf\Dev\Warewolf.Studio.Core\Warewolf.Studio.Core.csproj]
C:\Program Files\dotnet\sdk\10.0.201\Microsoft.Common.CurrentVersion.targets(2451,5): warning MSB3277:             C:\Users\ultra\warewolf\Dev\Dev2.Diagnostics\bin\Debug\net8.0\Dev2.Diagnostics.dll [C:\Users\ultra\warewolf\Dev\Warewolf.Studio.Core\Warewolf.Studio.Core.csproj]
C:\Program Files\dotnet\sdk\10.0.201\Microsoft.Common.CurrentVersion.targets(2451,5): warning MSB3277:             C:\Users\ultra\warewolf\Dev\Dev2.Runtime.Services\bin\Debug\net8.0\Dev2.Runtime.Services.dll [C:\Users\ultra\warewolf\Dev\Warewolf.Studio.Core\Warewolf.Studio.Core.csproj]
C:\Program Files\dotnet\sdk\10.0.201\Microsoft.Common.CurrentVersion.targets(2451,5): warning MSB3277:             C:\Users\ultra\warewolf\Dev\Dev2.Scheduler\bin\Debug\net8.0\Dev2.Scheduler.dll [C:\Users\ultra\warewolf\Dev\Warewolf.Studio.Core\Warewolf.Studio.Core.csproj]
C:\Program Files\dotnet\sdk\10.0.201\Microsoft.Common.CurrentVersion.targets(2451,5): warning MSB3277:             C:\Users\ultra\warewolf\Dev\Dev2.Services.Sql\bin\Debug\net8.0\Dev2.Services.Sql.dll [C:\Users\ultra\warewolf\Dev\Warewolf.Studio.Core\Warewolf.Studio.Core.csproj]
C:\Program Files\dotnet\sdk\10.0.201\Microsoft.Common.CurrentVersion.targets(2451,5): warning MSB3277:             C:\Users\ultra\warewolf\Dev\Dev2.TaskScheduler.Wrappers\bin\Debug\net8.0\Dev2.TaskScheduler.Wrappers.dll [C:\Users\ultra\warewolf\Dev\Warewolf.Studio.Core\Warewolf.Studio.Core.csproj]
C:\Program Files\dotnet\sdk\10.0.201\Microsoft.Common.CurrentVersion.targets(2451,5): warning MSB3277:             C:\Users\ultra\warewolf\Dev\Dev2.Util\bin\Debug\net8.0\Dev2.Util.dll [C:\Users\ultra\warewolf\Dev\Warewolf.Studio.Core\Warewolf.Studio.Core.csproj]
C:\Program Files\dotnet\sdk\10.0.201\Microsoft.Common.CurrentVersion.targets(2451,5): warning MSB3277:             C:\Users\ultra\warewolf\Dev\Warewolf.AI.Harness\bin\Debug\net8.0\Warewolf.AI.Harness.dll [C:\Users\ultra\warewolf\Dev\Warewolf.Studio.Core\Warewolf.Studio.Core.csproj]
C:\Program Files\dotnet\sdk\10.0.201\Microsoft.Common.CurrentVersion.targets(2451,5): warning MSB3277:             C:\Users\ultra\warewolf\Dev\Warewolf.Auditing\bin\Debug\net8.0\Warewolf.Auditing.dll [C:\Users\ultra\warewolf\Dev\Warewolf.Studio.Core\Warewolf.Studio.Core.csproj]
C:\Program Files\dotnet\sdk\10.0.201\Microsoft.Common.CurrentVersion.targets(2451,5): warning MSB3277:             C:\Users\ultra\warewolf\Dev\Warewolf.Common.NetStandard20\bin\Debug\net8.0\Warewolf.Common.NetStandard20.dll [C:\Users\ultra\warewolf\Dev\Warewolf.Studio.Core\Warewolf.Studio.Core.csproj]
C:\Program Files\dotnet\sdk\10.0.201\Microsoft.Common.CurrentVersion.targets(2451,5): warning MSB3277:             C:\Users\ultra\warewolf\Dev\Warewolf.Core\bin\Debug\net8.0\Warewolf.Core.dll [C:\Users\ultra\warewolf\Dev\Warewolf.Studio.Core\Warewolf.Studio.Core.csproj]
C:\Program Files\dotnet\sdk\10.0.201\Microsoft.Common.CurrentVersion.targets(2451,5): warning MSB3277:             C:\Users\ultra\warewolf\Dev\Warewolf.Driver.Serilog\bin\Debug\net8.0\Warewolf.Driver.Serilog.dll [C:\Users\ultra\warewolf\Dev\Warewolf.Studio.Core\Warewolf.Studio.Core.csproj]
C:\Program Files\dotnet\sdk\10.0.201\Microsoft.Common.CurrentVersion.targets(2451,5): warning MSB3277:             C:\Users\ultra\warewolf\Dev\Warewolf.ResourceManagement\bin\Debug\net8.0\Warewolf.ResourceManagement.dll [C:\Users\ultra\warewolf\Dev\Warewolf.Studio.Core\Warewolf.Studio.Core.csproj]
C:\Program Files\dotnet\sdk\10.0.201\Microsoft.Common.CurrentVersion.targets(2451,5): warning MSB3277:             C:\Users\ultra\warewolf\Dev\Warewolf.Sharepoint\bin\Debug\net8.0\Warewolf.Sharepoint.dll [C:\Users\ultra\warewolf\Dev\Warewolf.Studio.Core\Warewolf.Studio.Core.csproj]
C:\Program Files\dotnet\sdk\10.0.201\Microsoft.Common.CurrentVersion.targets(2451,5): warning MSB3277:             C:\Users\ultra\warewolf\Dev\Warewolf.Storage\bin\Debug\net8.0\Warewolf.Storage.dll [C:\Users\ultra\warewolf\Dev\Warewolf.Studio.Core\Warewolf.Studio.Core.csproj]
C:\Program Files\dotnet\sdk\10.0.201\Microsoft.Common.CurrentVersion.targets(2451,5): warning MSB3277:         C:\Users\ultra\.nuget\packages\mindbox.data.linq\5.0.0\lib\netstandard2.0\Mindbox.Data.Linq.dll [C:\Users\ultra\warewolf\Dev\Warewolf.Studio.Core\Warewolf.Studio.Core.csproj]
C:\Program Files\dotnet\sdk\10.0.201\Microsoft.Common.CurrentVersion.targets(2451,5): warning MSB3277:           Project file item includes which caused reference "C:\Users\ultra\.nuget\packages\mindbox.data.linq\5.0.0\lib\netstandard2.0\Mindbox.Data.Linq.dll". [C:\Users\ultra\warewolf\Dev\Warewolf.Studio.Core\Warewolf.Studio.Core.csproj]
C:\Program Files\dotnet\sdk\10.0.201\Microsoft.Common.CurrentVersion.targets(2451,5): warning MSB3277:             C:\Users\ultra\.nuget\packages\mindbox.data.linq\5.0.0\lib\netstandard2.0\Mindbox.Data.Linq.dll [C:\Users\ultra\warewolf\Dev\Warewolf.Studio.Core\Warewolf.Studio.Core.csproj]
C:\Program Files\dotnet\sdk\10.0.201\Microsoft.Common.CurrentVersion.targets(2451,5): warning MSB3277:             C:\Users\ultra\warewolf\Dev\Warewolf.Auditing\bin\Debug\net8.0\Warewolf.Auditing.dll [C:\Users\ultra\warewolf\Dev\Warewolf.Studio.Core\Warewolf.Studio.Core.csproj]
C:\Program Files\dotnet\sdk\10.0.201\Microsoft.Common.CurrentVersion.targets(2451,5): warning MSB3277:             C:\Users\ultra\warewolf\Dev\Dev2.Runtime.Services\bin\Debug\net8.0\Dev2.Runtime.Services.dll [C:\Users\ultra\warewolf\Dev\Warewolf.Studio.Core\Warewolf.Studio.Core.csproj]
C:\Program Files\dotnet\sdk\10.0.201\Microsoft.Common.CurrentVersion.targets(2451,5): warning MSB3277:             C:\Users\ultra\warewolf\Dev\Dev2.Studio.Interfaces\bin\Debug\net8.0\Dev2.Studio.Interfaces.dll [C:\Users\ultra\warewolf\Dev\Warewolf.Studio.Core\Warewolf.Studio.Core.csproj]
C:\Program Files\dotnet\sdk\10.0.201\Microsoft.Common.CurrentVersion.targets(2451,5): warning MSB3277:             C:\Users\ultra\warewolf\Dev\Warewolf.Common.NetStandard20\bin\Debug\net8.0\Warewolf.Common.NetStandard20.dll [C:\Users\ultra\warewolf\Dev\Warewolf.Studio.Core\Warewolf.Studio.Core.csproj]
C:\Program Files\dotnet\sdk\10.0.201\Microsoft.Common.CurrentVersion.targets(2451,5): warning MSB3277:         C:\Users\ultra\.nuget\packages\mysql.data\8.4.0\lib\net8.0\MySql.Data.dll [C:\Users\ultra\warewolf\Dev\Warewolf.Studio.Core\Warewolf.Studio.Core.csproj]
C:\Program Files\dotnet\sdk\10.0.201\Microsoft.Common.CurrentVersion.targets(2451,5): warning MSB3277:           Project file item includes which caused reference "C:\Users\ultra\.nuget\packages\mysql.data\8.4.0\lib\net8.0\MySql.Data.dll". [C:\Users\ultra\warewolf\Dev\Warewolf.Studio.Core\Warewolf.Studio.Core.csproj]
C:\Program Files\dotnet\sdk\10.0.201\Microsoft.Common.CurrentVersion.targets(2451,5): warning MSB3277:             C:\Users\ultra\.nuget\packages\mysql.data\8.4.0\lib\net8.0\MySql.Data.dll [C:\Users\ultra\warewolf\Dev\Warewolf.Studio.Core\Warewolf.Studio.Core.csproj]
C:\Program Files\dotnet\sdk\10.0.201\Microsoft.Common.CurrentVersion.targets(2451,5): warning MSB3277:             C:\Users\ultra\warewolf\Dev\Dev2.Runtime.Services\bin\Debug\net8.0\Dev2.Runtime.Services.dll [C:\Users\ultra\warewolf\Dev\Warewolf.Studio.Core\Warewolf.Studio.Core.csproj]
C:\Program Files\dotnet\sdk\10.0.201\Microsoft.Common.CurrentVersion.targets(2451,5): warning MSB3277:             C:\Users\ultra\warewolf\Dev\Dev2.Studio.Interfaces\bin\Debug\net8.0\Dev2.Studio.Interfaces.dll [C:\Users\ultra\warewolf\Dev\Warewolf.Studio.Core\Warewolf.Studio.Core.csproj]
C:\Program Files\dotnet\sdk\10.0.201\Microsoft.Common.CurrentVersion.targets(2451,5): warning MSB3277:             C:\Users\ultra\warewolf\Dev\Dev2.Services.Sql\bin\Debug\net8.0\Dev2.Services.Sql.dll [C:\Users\ultra\warewolf\Dev\Warewolf.Studio.Core\Warewolf.Studio.Core.csproj]
C:\Program Files\dotnet\sdk\10.0.201\Microsoft.Common.CurrentVersion.targets(2451,5): warning MSB3277:         C:\Users\ultra\.nuget\packages\oracle.manageddataaccess.core\3.21.70\lib\netstandard2.1\Oracle.ManagedDataAccess.dll [C:\Users\ultra\warewolf\Dev\Warewolf.Studio.Core\Warewolf.Studio.Core.csproj]
C:\Program Files\dotnet\sdk\10.0.201\Microsoft.Common.CurrentVersion.targets(2451,5): warning MSB3277:           Project file item includes which caused reference "C:\Users\ultra\.nuget\packages\oracle.manageddataaccess.core\3.21.70\lib\netstandard2.1\Oracle.ManagedDataAccess.dll". [C:\Users\ultra\warewolf\Dev\Warewolf.Studio.Core\Warewolf.Studio.Core.csproj]
C:\Program Files\dotnet\sdk\10.0.201\Microsoft.Common.CurrentVersion.targets(2451,5): warning MSB3277:             C:\Users\ultra\.nuget\packages\oracle.manageddataaccess.core\3.21.70\lib\netstandard2.1\Oracle.ManagedDataAccess.dll [C:\Users\ultra\warewolf\Dev\Warewolf.Studio.Core\Warewolf.Studio.Core.csproj]
C:\Program Files\dotnet\sdk\10.0.201\Microsoft.Common.CurrentVersion.targets(2451,5): warning MSB3277:             C:\Users\ultra\warewolf\Dev\Dev2.Runtime.Services\bin\Debug\net8.0\Dev2.Runtime.Services.dll [C:\Users\ultra\warewolf\Dev\Warewolf.Studio.Core\Warewolf.Studio.Core.csproj]
C:\Program Files\dotnet\sdk\10.0.201\Microsoft.Common.CurrentVersion.targets(2451,5): warning MSB3277:             C:\Users\ultra\warewolf\Dev\Dev2.Studio.Interfaces\bin\Debug\net8.0\Dev2.Studio.Interfaces.dll [C:\Users\ultra\warewolf\Dev\Warewolf.Studio.Core\Warewolf.Studio.Core.csproj]
C:\Program Files\dotnet\sdk\10.0.201\Microsoft.Common.CurrentVersion.targets(2451,5): warning MSB3277:             C:\Users\ultra\warewolf\Dev\Dev2.Services.Sql\bin\Debug\net8.0\Dev2.Services.Sql.dll [C:\Users\ultra\warewolf\Dev\Warewolf.Studio.Core\Warewolf.Studio.Core.csproj]
C:\Program Files\dotnet\sdk\10.0.201\Microsoft.Common.CurrentVersion.targets(2451,5): warning MSB3277:         C:\Users\ultra\.nuget\packages\system.directoryservices\6.0.0\lib\net6.0\System.DirectoryServices.dll [C:\Users\ultra\warewolf\Dev\Warewolf.Studio.Core\Warewolf.Studio.Core.csproj]
C:\Program Files\dotnet\sdk\10.0.201\Microsoft.Common.CurrentVersion.targets(2451,5): warning MSB3277:           Project file item includes which caused reference "C:\Users\ultra\.nuget\packages\system.directoryservices\6.0.0\lib\net6.0\System.DirectoryServices.dll". [C:\Users\ultra\warewolf\Dev\Warewolf.Studio.Core\Warewolf.Studio.Core.csproj]
C:\Program Files\dotnet\sdk\10.0.201\Microsoft.Common.CurrentVersion.targets(2451,5): warning MSB3277:             C:\Users\ultra\.nuget\packages\system.directoryservices\6.0.0\lib\net6.0\System.DirectoryServices.dll [C:\Users\ultra\warewolf\Dev\Warewolf.Studio.Core\Warewolf.Studio.Core.csproj]
C:\Program Files\dotnet\sdk\10.0.201\Microsoft.Common.CurrentVersion.targets(2451,5): warning MSB3277:             C:\Users\ultra\.nuget\packages\corewcf.primitives\1.2.1\lib\netstandard2.0\CoreWCF.Primitives.dll [C:\Users\ultra\warewolf\Dev\Warewolf.Studio.Core\Warewolf.Studio.Core.csproj]
C:\Program Files\dotnet\sdk\10.0.201\Microsoft.Common.CurrentVersion.targets(2451,5): warning MSB3277:             C:\Users\ultra\warewolf\Dev\Dev2.Runtime.Services\bin\Debug\net8.0\Dev2.Runtime.Services.dll [C:\Users\ultra\warewolf\Dev\Warewolf.Studio.Core\Warewolf.Studio.Core.csproj]
C:\Program Files\dotnet\sdk\10.0.201\Microsoft.Common.CurrentVersion.targets(2451,5): warning MSB3277:             C:\Users\ultra\warewolf\Dev\Dev2.Studio.Interfaces\bin\Debug\net8.0\Dev2.Studio.Interfaces.dll [C:\Users\ultra\warewolf\Dev\Warewolf.Studio.Core\Warewolf.Studio.Core.csproj]
C:\Program Files\dotnet\sdk\10.0.201\Microsoft.Common.CurrentVersion.targets(2451,5): warning MSB3277:             C:\Users\ultra\.nuget\packages\corewcf.http\1.2.1\lib\netstandard2.0\CoreWCF.Http.dll [C:\Users\ultra\warewolf\Dev\Warewolf.Studio.Core\Warewolf.Studio.Core.csproj]
C:\Program Files\dotnet\sdk\10.0.201\Microsoft.Common.CurrentVersion.targets(2451,5): warning MSB3277:             C:\Users\ultra\.nuget\packages\corewcf.nettcp\1.2.1\lib\netstandard2.0\CoreWCF.NetTcp.dll [C:\Users\ultra\warewolf\Dev\Warewolf.Studio.Core\Warewolf.Studio.Core.csproj]
C:\Program Files\dotnet\sdk\10.0.201\Microsoft.Common.CurrentVersion.targets(2451,5): warning MSB3277:             C:\Users\ultra\.nuget\packages\corewcf.webhttp\1.2.1\lib\netstandard2.0\CoreWCF.WebHttp.dll [C:\Users\ultra\warewolf\Dev\Warewolf.Studio.Core\Warewolf.Studio.Core.csproj]
C:\Program Files\dotnet\sdk\10.0.201\Microsoft.Common.CurrentVersion.targets(2451,5): warning MSB3277:         C:\Program Files\dotnet\packs\Microsoft.NETCore.App.Ref\8.0.25\ref\net8.0\System.Configuration.dll [C:\Users\ultra\warewolf\Dev\Warewolf.Studio.Core\Warewolf.Studio.Core.csproj]
C:\Program Files\dotnet\sdk\10.0.201\Microsoft.Common.CurrentVersion.targets(2451,5): warning MSB3277:           Project file item includes which caused reference "C:\Program Files\dotnet\packs\Microsoft.NETCore.App.Ref\8.0.25\ref\net8.0\System.Configuration.dll". [C:\Users\ultra\warewolf\Dev\Warewolf.Studio.Core\Warewolf.Studio.Core.csproj]
C:\Program Files\dotnet\sdk\10.0.201\Microsoft.Common.CurrentVersion.targets(2451,5): warning MSB3277:             C:\Program Files\dotnet\packs\Microsoft.NETCore.App.Ref\8.0.25\ref/net8.0/System.Configuration.dll [C:\Users\ultra\warewolf\Dev\Warewolf.Studio.Core\Warewolf.Studio.Core.csproj]
C:\Program Files\dotnet\sdk\10.0.201\Microsoft.Common.CurrentVersion.targets(2451,5): warning MSB3277:             C:\Users\ultra\.nuget\packages\prism.wpf\9.0.537\lib\net462\Prism.Wpf.dll [C:\Users\ultra\warewolf\Dev\Warewolf.Studio.Core\Warewolf.Studio.Core.csproj]
C:\Program Files\dotnet\sdk\10.0.201\Microsoft.Common.CurrentVersion.targets(2451,5): warning MSB3277:         C:\Program Files\dotnet\packs\Microsoft.NETCore.App.Ref\8.0.25\ref\net8.0\System.Data.dll [C:\Users\ultra\warewolf\Dev\Warewolf.Studio.Core\Warewolf.Studio.Core.csproj]
C:\Program Files\dotnet\sdk\10.0.201\Microsoft.Common.CurrentVersion.targets(2451,5): warning MSB3277:           Project file item includes which caused reference "C:\Program Files\dotnet\packs\Microsoft.NETCore.App.Ref\8.0.25\ref\net8.0\System.Data.dll". [C:\Users\ultra\warewolf\Dev\Warewolf.Studio.Core\Warewolf.Studio.Core.csproj]
C:\Program Files\dotnet\sdk\10.0.201\Microsoft.Common.CurrentVersion.targets(2451,5): warning MSB3277:             C:\Program Files\dotnet\packs\Microsoft.NETCore.App.Ref\8.0.25\ref/net8.0/System.Data.dll [C:\Users\ultra\warewolf\Dev\Warewolf.Studio.Core\Warewolf.Studio.Core.csproj]
C:\Program Files\dotnet\sdk\10.0.201\Microsoft.Common.CurrentVersion.targets(2451,5): warning MSB3277:             C:\Users\ultra\.nuget\packages\taskschedulereditor\2.10.1\lib\net452\Microsoft.Win32.TaskSchedulerEditor.dll [C:\Users\ultra\warewolf\Dev\Warewolf.Studio.Core\Warewolf.Studio.Core.csproj]
C:\Program Files\dotnet\sdk\10.0.201\Microsoft.Common.CurrentVersion.targets(2451,5): warning MSB3277:         C:\Program Files\dotnet\packs\Microsoft.NETCore.App.Ref\8.0.25\ref\net8.0\System.Drawing.dll [C:\Users\ultra\warewolf\Dev\Warewolf.Studio.Core\Warewolf.Studio.Core.csproj]
C:\Program Files\dotnet\sdk\10.0.201\Microsoft.Common.CurrentVersion.targets(2451,5): warning MSB3277:           Project file item includes which caused reference "C:\Program Files\dotnet\packs\Microsoft.NETCore.App.Ref\8.0.25\ref\net8.0\System.Drawing.dll". [C:\Users\ultra\warewolf\Dev\Warewolf.Studio.Core\Warewolf.Studio.Core.csproj]
C:\Program Files\dotnet\sdk\10.0.201\Microsoft.Common.CurrentVersion.targets(2451,5): warning MSB3277:             C:\Program Files\dotnet\packs\Microsoft.NETCore.App.Ref\8.0.25\ref/net8.0/System.Drawing.dll [C:\Users\ultra\warewolf\Dev\Warewolf.Studio.Core\Warewolf.Studio.Core.csproj]
C:\Program Files\dotnet\sdk\10.0.201\Microsoft.Common.CurrentVersion.targets(2451,5): warning MSB3277:             C:\Users\ultra\.nuget\packages\aerowizard\2.3.1\lib\net45\AeroWizard.dll [C:\Users\ultra\warewolf\Dev\Warewolf.Studio.Core\Warewolf.Studio.Core.csproj]
C:\Program Files\dotnet\sdk\10.0.201\Microsoft.Common.CurrentVersion.targets(2451,5): warning MSB3277:             C:\Users\ultra\.nuget\packages\groupcontrols\1.9.0\lib\net45\GroupControls.dll [C:\Users\ultra\warewolf\Dev\Warewolf.Studio.Core\Warewolf.Studio.Core.csproj]
C:\Program Files\dotnet\sdk\10.0.201\Microsoft.Common.CurrentVersion.targets(2451,5): warning MSB3277:             C:\Users\ultra\.nuget\packages\taskschedulereditor\2.10.1\lib\net452\Microsoft.Win32.TaskSchedulerEditor.dll [C:\Users\ultra\warewolf\Dev\Warewolf.Studio.Core\Warewolf.Studio.Core.csproj]
C:\Program Files\dotnet\sdk\10.0.201\Microsoft.Common.CurrentVersion.targets(2451,5): warning MSB3277:         C:\Program Files\dotnet\packs\Microsoft.NETCore.App.Ref\8.0.25\ref\net8.0\System.Net.dll [C:\Users\ultra\warewolf\Dev\Warewolf.Studio.Core\Warewolf.Studio.Core.csproj]
C:\Program Files\dotnet\sdk\10.0.201\Microsoft.Common.CurrentVersion.targets(2451,5): warning MSB3277:           Project file item includes which caused reference "C:\Program Files\dotnet\packs\Microsoft.NETCore.App.Ref\8.0.25\ref\net8.0\System.Net.dll". [C:\Users\ultra\warewolf\Dev\Warewolf.Studio.Core\Warewolf.Studio.Core.csproj]
C:\Program Files\dotnet\sdk\10.0.201\Microsoft.Common.CurrentVersion.targets(2451,5): warning MSB3277:             C:\Program Files\dotnet\packs\Microsoft.NETCore.App.Ref\8.0.25\ref/net8.0/System.Net.dll [C:\Users\ultra\warewolf\Dev\Warewolf.Studio.Core\Warewolf.Studio.Core.csproj]
C:\Program Files\dotnet\sdk\10.0.201\Microsoft.Common.CurrentVersion.targets(2451,5): warning MSB3277:         C:\Program Files\dotnet\packs\Microsoft.NETCore.App.Ref\8.0.25\ref\net8.0\System.Security.dll [C:\Users\ultra\warewolf\Dev\Warewolf.Studio.Core\Warewolf.Studio.Core.csproj]
C:\Program Files\dotnet\sdk\10.0.201\Microsoft.Common.CurrentVersion.targets(2451,5): warning MSB3277:           Project file item includes which caused reference "C:\Program Files\dotnet\packs\Microsoft.NETCore.App.Ref\8.0.25\ref\net8.0\System.Security.dll". [C:\Users\ultra\warewolf\Dev\Warewolf.Studio.Core\Warewolf.Studio.Core.csproj]
C:\Program Files\dotnet\sdk\10.0.201\Microsoft.Common.CurrentVersion.targets(2451,5): warning MSB3277:             C:\Program Files\dotnet\packs\Microsoft.NETCore.App.Ref\8.0.25\ref/net8.0/System.Security.dll [C:\Users\ultra\warewolf\Dev\Warewolf.Studio.Core\Warewolf.Studio.Core.csproj]
C:\Program Files\dotnet\sdk\10.0.201\Microsoft.Common.CurrentVersion.targets(2451,5): warning MSB3277:         C:\Program Files\dotnet\packs\Microsoft.NETCore.App.Ref\8.0.25\ref\net8.0\System.ServiceProcess.dll [C:\Users\ultra\warewolf\Dev\Warewolf.Studio.Core\Warewolf.Studio.Core.csproj]
C:\Program Files\dotnet\sdk\10.0.201\Microsoft.Common.CurrentVersion.targets(2451,5): warning MSB3277:           Project file item includes which caused reference "C:\Program Files\dotnet\packs\Microsoft.NETCore.App.Ref\8.0.25\ref\net8.0\System.ServiceProcess.dll". [C:\Users\ultra\warewolf\Dev\Warewolf.Studio.Core\Warewolf.Studio.Core.csproj]
C:\Program Files\dotnet\sdk\10.0.201\Microsoft.Common.CurrentVersion.targets(2451,5): warning MSB3277:             C:\Program Files\dotnet\packs\Microsoft.NETCore.App.Ref\8.0.25\ref/net8.0/System.ServiceProcess.dll [C:\Users\ultra\warewolf\Dev\Warewolf.Studio.Core\Warewolf.Studio.Core.csproj]
C:\Program Files\dotnet\sdk\10.0.201\Microsoft.Common.CurrentVersion.targets(2451,5): warning MSB3277:         C:\Program Files\dotnet\packs\Microsoft.NETCore.App.Ref\8.0.25\ref\net8.0\System.Transactions.dll [C:\Users\ultra\warewolf\Dev\Warewolf.Studio.Core\Warewolf.Studio.Core.csproj]
C:\Program Files\dotnet\sdk\10.0.201\Microsoft.Common.CurrentVersion.targets(2451,5): warning MSB3277:           Project file item includes which caused reference "C:\Program Files\dotnet\packs\Microsoft.NETCore.App.Ref\8.0.25\ref\net8.0\System.Transactions.dll". [C:\Users\ultra\warewolf\Dev\Warewolf.Studio.Core\Warewolf.Studio.Core.csproj]
C:\Program Files\dotnet\sdk\10.0.201\Microsoft.Common.CurrentVersion.targets(2451,5): warning MSB3277:             C:\Program Files\dotnet\packs\Microsoft.NETCore.App.Ref\8.0.25\ref/net8.0/System.Transactions.dll [C:\Users\ultra\warewolf\Dev\Warewolf.Studio.Core\Warewolf.Studio.Core.csproj]
C:\Program Files\dotnet\sdk\10.0.201\Microsoft.Common.CurrentVersion.targets(2451,5): warning MSB3277:         C:\Program Files\dotnet\packs\Microsoft.NETCore.App.Ref\8.0.25\ref\net8.0\System.dll [C:\Users\ultra\warewolf\Dev\Warewolf.Studio.Core\Warewolf.Studio.Core.csproj]
C:\Program Files\dotnet\sdk\10.0.201\Microsoft.Common.CurrentVersion.targets(2451,5): warning MSB3277:           Project file item includes which caused reference "C:\Program Files\dotnet\packs\Microsoft.NETCore.App.Ref\8.0.25\ref\net8.0\System.dll". [C:\Users\ultra\warewolf\Dev\Warewolf.Studio.Core\Warewolf.Studio.Core.csproj]
C:\Program Files\dotnet\sdk\10.0.201\Microsoft.Common.CurrentVersion.targets(2451,5): warning MSB3277:             C:\Program Files\dotnet\packs\Microsoft.NETCore.App.Ref\8.0.25\ref/net8.0/System.dll [C:\Users\ultra\warewolf\Dev\Warewolf.Studio.Core\Warewolf.Studio.Core.csproj]
C:\Program Files\dotnet\sdk\10.0.201\Microsoft.Common.CurrentVersion.targets(2451,5): warning MSB3277:             C:\Users\ultra\.nuget\packages\aerowizard\2.3.1\lib\net45\AeroWizard.dll [C:\Users\ultra\warewolf\Dev\Warewolf.Studio.Core\Warewolf.Studio.Core.csproj]
C:\Program Files\dotnet\sdk\10.0.201\Microsoft.Common.CurrentVersion.targets(2451,5): warning MSB3277:             C:\Users\ultra\.nuget\packages\groupcontrols\1.9.0\lib\net45\GroupControls.dll [C:\Users\ultra\warewolf\Dev\Warewolf.Studio.Core\Warewolf.Studio.Core.csproj]
C:\Program Files\dotnet\sdk\10.0.201\Microsoft.Common.CurrentVersion.targets(2451,5): warning MSB3277:             C:\Users\ultra\.nuget\packages\microsoft.xaml.behaviors.wpf\1.1.122\lib\net462\Microsoft.Xaml.Behaviors.dll [C:\Users\ultra\warewolf\Dev\Warewolf.Studio.Core\Warewolf.Studio.Core.csproj]
C:\Program Files\dotnet\sdk\10.0.201\Microsoft.Common.CurrentVersion.targets(2451,5): warning MSB3277:             C:\Users\ultra\.nuget\packages\caliburn.micro\4.0.212\lib\netcoreapp3.1\Caliburn.Micro.Platform.dll [C:\Users\ultra\warewolf\Dev\Warewolf.Studio.Core\Warewolf.Studio.Core.csproj]
C:\Program Files\dotnet\sdk\10.0.201\Microsoft.Common.CurrentVersion.targets(2451,5): warning MSB3277:             C:\Users\ultra\.nuget\packages\prism.wpf\9.0.537\lib\net462\Prism.Wpf.dll [C:\Users\ultra\warewolf\Dev\Warewolf.Studio.Core\Warewolf.Studio.Core.csproj]
C:\Program Files\dotnet\sdk\10.0.201\Microsoft.Common.CurrentVersion.targets(2451,5): warning MSB3277:             C:\Users\ultra\.nuget\packages\reactiveui.wpf\18.4.1\lib\net462\ReactiveUI.Wpf.dll [C:\Users\ultra\warewolf\Dev\Warewolf.Studio.Core\Warewolf.Studio.Core.csproj]
C:\Program Files\dotnet\sdk\10.0.201\Microsoft.Common.CurrentVersion.targets(2451,5): warning MSB3277:             C:\Users\ultra\.nuget\packages\taskschedulereditor\2.10.1\lib\net452\Microsoft.Win32.TaskSchedulerEditor.dll [C:\Users\ultra\warewolf\Dev\Warewolf.Studio.Core\Warewolf.Studio.Core.csproj]
C:\Program Files\dotnet\sdk\10.0.201\Microsoft.Common.CurrentVersion.targets(2451,5): warning MSB3277:             C:\Users\ultra\.nuget\packages\ttcue.netcore.sharepointonline.csom.16.1.8029.1200\16.1.8029.1200\lib\netcoreapp2.0\Microsoft.SharePoint.Client.Runtime.Windows.dll [C:\Users\ultra\warewolf\Dev\Warewolf.Studio.Core\Warewolf.Studio.Core.csproj]
C:\Program Files\dotnet\sdk\10.0.201\Microsoft.Common.CurrentVersion.targets(2451,5): warning MSB3277:         C:\Program Files\dotnet\packs\Microsoft.NETCore.App.Ref\8.0.25\ref\net8.0\WindowsBase.dll [C:\Users\ultra\warewolf\Dev\Warewolf.Studio.Core\Warewolf.Studio.Core.csproj]
C:\Program Files\dotnet\sdk\10.0.201\Microsoft.Common.CurrentVersion.targets(2451,5): warning MSB3277:           Project file item includes which caused reference "C:\Program Files\dotnet\packs\Microsoft.NETCore.App.Ref\8.0.25\ref\net8.0\WindowsBase.dll". [C:\Users\ultra\warewolf\Dev\Warewolf.Studio.Core\Warewolf.Studio.Core.csproj]
C:\Program Files\dotnet\sdk\10.0.201\Microsoft.Common.CurrentVersion.targets(2451,5): warning MSB3277:             C:\Program Files\dotnet\packs\Microsoft.NETCore.App.Ref\8.0.25\ref/net8.0/WindowsBase.dll [C:\Users\ultra\warewolf\Dev\Warewolf.Studio.Core\Warewolf.Studio.Core.csproj]
C:\Program Files\dotnet\sdk\10.0.201\Microsoft.Common.CurrentVersion.targets(2451,5): warning MSB3277:         C:\Program Files\dotnet\packs\Microsoft.NETCore.App.Ref\8.0.25\ref\net8.0\mscorlib.dll [C:\Users\ultra\warewolf\Dev\Warewolf.Studio.Core\Warewolf.Studio.Core.csproj]
C:\Program Files\dotnet\sdk\10.0.201\Microsoft.Common.CurrentVersion.targets(2451,5): warning MSB3277:           Project file item includes which caused reference "C:\Program Files\dotnet\packs\Microsoft.NETCore.App.Ref\8.0.25\ref\net8.0\mscorlib.dll". [C:\Users\ultra\warewolf\Dev\Warewolf.Studio.Core\Warewolf.Studio.Core.csproj]
C:\Program Files\dotnet\sdk\10.0.201\Microsoft.Common.CurrentVersion.targets(2451,5): warning MSB3277:             C:\Program Files\dotnet\packs\Microsoft.NETCore.App.Ref\8.0.25\ref/net8.0/mscorlib.dll [C:\Users\ultra\warewolf\Dev\Warewolf.Studio.Core\Warewolf.Studio.Core.csproj]
C:\Program Files\dotnet\sdk\10.0.201\Microsoft.Common.CurrentVersion.targets(2451,5): warning MSB3277:             C:\Users\ultra\.nuget\packages\aerowizard\2.3.1\lib\net45\AeroWizard.dll [C:\Users\ultra\warewolf\Dev\Warewolf.Studio.Core\Warewolf.Studio.Core.csproj]
C:\Program Files\dotnet\sdk\10.0.201\Microsoft.Common.CurrentVersion.targets(2451,5): warning MSB3277:             C:\Users\ultra\.nuget\packages\groupcontrols\1.9.0\lib\net45\GroupControls.dll [C:\Users\ultra\warewolf\Dev\Warewolf.Studio.Core\Warewolf.Studio.Core.csproj]
C:\Program Files\dotnet\sdk\10.0.201\Microsoft.Common.CurrentVersion.targets(2451,5): warning MSB3277:             C:\Users\ultra\.nuget\packages\microsoft.xaml.behaviors.wpf\1.1.122\lib\net462\Microsoft.Xaml.Behaviors.dll [C:\Users\ultra\warewolf\Dev\Warewolf.Studio.Core\Warewolf.Studio.Core.csproj]
C:\Program Files\dotnet\sdk\10.0.201\Microsoft.Common.CurrentVersion.targets(2451,5): warning MSB3277:             C:\Users\ultra\.nuget\packages\caliburn.micro\4.0.212\lib\netcoreapp3.1\Caliburn.Micro.Platform.dll [C:\Users\ultra\warewolf\Dev\Warewolf.Studio.Core\Warewolf.Studio.Core.csproj]
C:\Program Files\dotnet\sdk\10.0.201\Microsoft.Common.CurrentVersion.targets(2451,5): warning MSB3277:             C:\Users\ultra\.nuget\packages\oracle.manageddataaccess.core\3.21.70\lib\netstandard2.1\Oracle.ManagedDataAccess.dll [C:\Users\ultra\warewolf\Dev\Warewolf.Studio.Core\Warewolf.Studio.Core.csproj]
C:\Program Files\dotnet\sdk\10.0.201\Microsoft.Common.CurrentVersion.targets(2451,5): warning MSB3277:             C:\Users\ultra\warewolf\Dev\Dev2.Runtime.Services\bin\Debug\net8.0\Dev2.Runtime.Services.dll [C:\Users\ultra\warewolf\Dev\Warewolf.Studio.Core\Warewolf.Studio.Core.csproj]
C:\Program Files\dotnet\sdk\10.0.201\Microsoft.Common.CurrentVersion.targets(2451,5): warning MSB3277:             C:\Users\ultra\warewolf\Dev\Dev2.Studio.Interfaces\bin\Debug\net8.0\Dev2.Studio.Interfaces.dll [C:\Users\ultra\warewolf\Dev\Warewolf.Studio.Core\Warewolf.Studio.Core.csproj]
C:\Program Files\dotnet\sdk\10.0.201\Microsoft.Common.CurrentVersion.targets(2451,5): warning MSB3277:             C:\Users\ultra\warewolf\Dev\Dev2.Services.Sql\bin\Debug\net8.0\Dev2.Services.Sql.dll [C:\Users\ultra\warewolf\Dev\Warewolf.Studio.Core\Warewolf.Studio.Core.csproj]
C:\Program Files\dotnet\sdk\10.0.201\Microsoft.Common.CurrentVersion.targets(2451,5): warning MSB3277:             C:\Users\ultra\.nuget\packages\prism.wpf\9.0.537\lib\net462\Prism.Wpf.dll [C:\Users\ultra\warewolf\Dev\Warewolf.Studio.Core\Warewolf.Studio.Core.csproj]
C:\Program Files\dotnet\sdk\10.0.201\Microsoft.Common.CurrentVersion.targets(2451,5): warning MSB3277:             C:\Users\ultra\.nuget\packages\reactiveui.wpf\18.4.1\lib\net462\ReactiveUI.Wpf.dll [C:\Users\ultra\warewolf\Dev\Warewolf.Studio.Core\Warewolf.Studio.Core.csproj]
C:\Program Files\dotnet\sdk\10.0.201\Microsoft.Common.CurrentVersion.targets(2451,5): warning MSB3277:             C:\Users\ultra\.nuget\packages\taskschedulereditor\2.10.1\lib\net452\Microsoft.Win32.TaskSchedulerEditor.dll [C:\Users\ultra\warewolf\Dev\Warewolf.Studio.Core\Warewolf.Studio.Core.csproj]
C:\Program Files\dotnet\sdk\10.0.201\Microsoft.Common.CurrentVersion.targets(2451,5): warning MSB3277:             C:\Users\ultra\.nuget\packages\ttcue.netcore.sharepointonline.csom.16.1.8029.1200\16.1.8029.1200\lib\netcoreapp2.0\Microsoft.SharePoint.Client.Runtime.Windows.dll [C:\Users\ultra\warewolf\Dev\Warewolf.Studio.Core\Warewolf.Studio.Core.csproj]
C:\Program Files\dotnet\sdk\10.0.201\Microsoft.Common.CurrentVersion.targets(2451,5): warning MSB3277: Found conflicts between different versions of "WindowsBase" that could not be resolved. [C:\Users\ultra\warewolf\Dev\Warewolf.Studio.Core\Warewolf.Studio.Core.csproj]
C:\Program Files\dotnet\sdk\10.0.201\Microsoft.Common.CurrentVersion.targets(2451,5): warning MSB3277: There was a conflict between "WindowsBase, Version=4.0.0.0, Culture=neutral, PublicKeyToken=31bf3856ad364e35" and "WindowsBase, Version=6.0.2.0, Culture=neutral, PublicKeyToken=31bf3856ad364e35". [C:\Users\ultra\warewolf\Dev\Warewolf.Studio.Core\Warewolf.Studio.Core.csproj]
C:\Program Files\dotnet\sdk\10.0.201\Microsoft.Common.CurrentVersion.targets(2451,5): warning MSB3277:     "WindowsBase, Version=4.0.0.0, Culture=neutral, PublicKeyToken=31bf3856ad364e35" was chosen because it was primary and "WindowsBase, Version=6.0.2.0, Culture=neutral, PublicKeyToken=31bf3856ad364e35" was not. [C:\Users\ultra\warewolf\Dev\Warewolf.Studio.Core\Warewolf.Studio.Core.csproj]
C:\Program Files\dotnet\sdk\10.0.201\Microsoft.Common.CurrentVersion.targets(2451,5): warning MSB3277:     References which depend on "WindowsBase, Version=4.0.0.0, Culture=neutral, PublicKeyToken=31bf3856ad364e35" [C:\Program Files\dotnet\packs\Microsoft.NETCore.App.Ref\8.0.25\ref\net8.0\WindowsBase.dll]. [C:\Users\ultra\warewolf\Dev\Warewolf.Studio.Core\Warewolf.Studio.Core.csproj]
C:\Program Files\dotnet\sdk\10.0.201\Microsoft.Common.CurrentVersion.targets(2451,5): warning MSB3277:         C:\Program Files\dotnet\packs\Microsoft.NETCore.App.Ref\8.0.25\ref\net8.0\WindowsBase.dll [C:\Users\ultra\warewolf\Dev\Warewolf.Studio.Core\Warewolf.Studio.Core.csproj]
C:\Program Files\dotnet\sdk\10.0.201\Microsoft.Common.CurrentVersion.targets(2451,5): warning MSB3277:           Project file item includes which caused reference "C:\Program Files\dotnet\packs\Microsoft.NETCore.App.Ref\8.0.25\ref\net8.0\WindowsBase.dll". [C:\Users\ultra\warewolf\Dev\Warewolf.Studio.Core\Warewolf.Studio.Core.csproj]
C:\Program Files\dotnet\sdk\10.0.201\Microsoft.Common.CurrentVersion.targets(2451,5): warning MSB3277:             C:\Program Files\dotnet\packs\Microsoft.NETCore.App.Ref\8.0.25\ref/net8.0/WindowsBase.dll [C:\Users\ultra\warewolf\Dev\Warewolf.Studio.Core\Warewolf.Studio.Core.csproj]
C:\Program Files\dotnet\sdk\10.0.201\Microsoft.Common.CurrentVersion.targets(2451,5): warning MSB3277:     References which depend on or have been unified to "WindowsBase, Version=6.0.2.0, Culture=neutral, PublicKeyToken=31bf3856ad364e35" []. [C:\Users\ultra\warewolf\Dev\Warewolf.Studio.Core\Warewolf.Studio.Core.csproj]
C:\Program Files\dotnet\sdk\10.0.201\Microsoft.Common.CurrentVersion.targets(2451,5): warning MSB3277:         C:\Users\ultra\warewolf\Dev\Binaries\Infragistcs_Net6\InfragisticsWPF4.Controls.Menus.XamDataTree.v15.1.dll [C:\Users\ultra\warewolf\Dev\Warewolf.Studio.Core\Warewolf.Studio.Core.csproj]
C:\Program Files\dotnet\sdk\10.0.201\Microsoft.Common.CurrentVersion.targets(2451,5): warning MSB3277:           Project file item includes which caused reference "C:\Users\ultra\warewolf\Dev\Binaries\Infragistcs_Net6\InfragisticsWPF4.Controls.Menus.XamDataTree.v15.1.dll". [C:\Users\ultra\warewolf\Dev\Warewolf.Studio.Core\Warewolf.Studio.Core.csproj]
C:\Program Files\dotnet\sdk\10.0.201\Microsoft.Common.CurrentVersion.targets(2451,5): warning MSB3277:             InfragisticsWPF4.Controls.Menus.XamDataTree.v15.1, Version=15.1.20151.2055, Culture=neutral, PublicKeyToken=7dd5c3163f2cd0cb, processorArchitecture=MSIL [C:\Users\ultra\warewolf\Dev\Warewolf.Studio.Core\Warewolf.Studio.Core.csproj]
C:\Program Files\dotnet\sdk\10.0.201\Microsoft.Common.CurrentVersion.targets(2451,5): warning MSB3277:         C:\Users\ultra\warewolf\Dev\Binaries\Infragistcs_Net6\InfragisticsWPF4.DataManager.v15.1.dll [C:\Users\ultra\warewolf\Dev\Warewolf.Studio.Core\Warewolf.Studio.Core.csproj]
C:\Program Files\dotnet\sdk\10.0.201\Microsoft.Common.CurrentVersion.targets(2451,5): warning MSB3277:           Project file item includes which caused reference "C:\Users\ultra\warewolf\Dev\Binaries\Infragistcs_Net6\InfragisticsWPF4.DataManager.v15.1.dll". [C:\Users\ultra\warewolf\Dev\Warewolf.Studio.Core\Warewolf.Studio.Core.csproj]
C:\Program Files\dotnet\sdk\10.0.201\Microsoft.Common.CurrentVersion.targets(2451,5): warning MSB3277:             InfragisticsWPF4.DataManager.v15.1, Version=15.1.20151.2055, Culture=neutral, PublicKeyToken=7dd5c3163f2cd0cb, processorArchitecture=MSIL [C:\Users\ultra\warewolf\Dev\Warewolf.Studio.Core\Warewolf.Studio.Core.csproj]
C:\Program Files\dotnet\sdk\10.0.201\Microsoft.Common.CurrentVersion.targets(2451,5): warning MSB3277:             InfragisticsWPF4.Controls.Menus.XamDataTree.v15.1, Version=15.1.20151.2055, Culture=neutral, PublicKeyToken=7dd5c3163f2cd0cb, processorArchitecture=MSIL [C:\Users\ultra\warewolf\Dev\Warewolf.Studio.Core\Warewolf.Studio.Core.csproj]
C:\Program Files\dotnet\sdk\10.0.201\Microsoft.Common.CurrentVersion.targets(2451,5): warning MSB3277:         C:\Users\ultra\warewolf\Dev\Binaries\Infragistcs_Net6\InfragisticsWPF4.DockManager.v15.1.dll [C:\Users\ultra\warewolf\Dev\Warewolf.Studio.Core\Warewolf.Studio.Core.csproj]
C:\Program Files\dotnet\sdk\10.0.201\Microsoft.Common.CurrentVersion.targets(2451,5): warning MSB3277:           Project file item includes which caused reference "C:\Users\ultra\warewolf\Dev\Binaries\Infragistcs_Net6\InfragisticsWPF4.DockManager.v15.1.dll". [C:\Users\ultra\warewolf\Dev\Warewolf.Studio.Core\Warewolf.Studio.Core.csproj]
C:\Program Files\dotnet\sdk\10.0.201\Microsoft.Common.CurrentVersion.targets(2451,5): warning MSB3277:             InfragisticsWPF4.DockManager.v15.1, Version=15.1.20151.2055, Culture=neutral, PublicKeyToken=7dd5c3163f2cd0cb, processorArchitecture=MSIL [C:\Users\ultra\warewolf\Dev\Warewolf.Studio.Core\Warewolf.Studio.Core.csproj]
C:\Program Files\dotnet\sdk\10.0.201\Microsoft.Common.CurrentVersion.targets(2451,5): warning MSB3277:         C:\Users\ultra\warewolf\Dev\Binaries\Infragistcs_Net6\InfragisticsWPF4.v15.1.dll [C:\Users\ultra\warewolf\Dev\Warewolf.Studio.Core\Warewolf.Studio.Core.csproj]
C:\Program Files\dotnet\sdk\10.0.201\Microsoft.Common.CurrentVersion.targets(2451,5): warning MSB3277:           Project file item includes which caused reference "C:\Users\ultra\warewolf\Dev\Binaries\Infragistcs_Net6\InfragisticsWPF4.v15.1.dll". [C:\Users\ultra\warewolf\Dev\Warewolf.Studio.Core\Warewolf.Studio.Core.csproj]
C:\Program Files\dotnet\sdk\10.0.201\Microsoft.Common.CurrentVersion.targets(2451,5): warning MSB3277:             InfragisticsWPF4.v15.1, Version=15.1.20151.2055, Culture=neutral, PublicKeyToken=7dd5c3163f2cd0cb, processorArchitecture=MSIL [C:\Users\ultra\warewolf\Dev\Warewolf.Studio.Core\Warewolf.Studio.Core.csproj]
C:\Program Files\dotnet\sdk\10.0.201\Microsoft.Common.CurrentVersion.targets(2451,5): warning MSB3277:             InfragisticsWPF4.Controls.Menus.XamDataTree.v15.1, Version=15.1.20151.2055, Culture=neutral, PublicKeyToken=7dd5c3163f2cd0cb, processorArchitecture=MSIL [C:\Users\ultra\warewolf\Dev\Warewolf.Studio.Core\Warewolf.Studio.Core.csproj]
C:\Program Files\dotnet\sdk\10.0.201\Microsoft.Common.CurrentVersion.targets(2451,5): warning MSB3277:             InfragisticsWPF4.DataManager.v15.1, Version=15.1.20151.2055, Culture=neutral, PublicKeyToken=7dd5c3163f2cd0cb, processorArchitecture=MSIL [C:\Users\ultra\warewolf\Dev\Warewolf.Studio.Core\Warewolf.Studio.Core.csproj]
C:\Program Files\dotnet\sdk\10.0.201\Microsoft.Common.CurrentVersion.targets(2451,5): warning MSB3277:             InfragisticsWPF4.DockManager.v15.1, Version=15.1.20151.2055, Culture=neutral, PublicKeyToken=7dd5c3163f2cd0cb, processorArchitecture=MSIL [C:\Users\ultra\warewolf\Dev\Warewolf.Studio.Core\Warewolf.Studio.Core.csproj]
C:\Program Files\dotnet\sdk\10.0.201\Microsoft.Common.CurrentVersion.targets(2451,5): warning MSB3277:         C:\Users\ultra\.nuget\packages\caliburn.micro\4.0.212\lib\netcoreapp3.1\Caliburn.Micro.Platform.dll [C:\Users\ultra\warewolf\Dev\Warewolf.Studio.Core\Warewolf.Studio.Core.csproj]
C:\Program Files\dotnet\sdk\10.0.201\Microsoft.Common.CurrentVersion.targets(2451,5): warning MSB3277:           Project file item includes which caused reference "C:\Users\ultra\.nuget\packages\caliburn.micro\4.0.212\lib\netcoreapp3.1\Caliburn.Micro.Platform.dll". [C:\Users\ultra\warewolf\Dev\Warewolf.Studio.Core\Warewolf.Studio.Core.csproj]
C:\Program Files\dotnet\sdk\10.0.201\Microsoft.Common.CurrentVersion.targets(2451,5): warning MSB3277:             C:\Users\ultra\.nuget\packages\caliburn.micro\4.0.212\lib\netcoreapp3.1\Caliburn.Micro.Platform.dll [C:\Users\ultra\warewolf\Dev\Warewolf.Studio.Core\Warewolf.Studio.Core.csproj]
C:\Program Files\dotnet\sdk\10.0.201\Microsoft.Common.CurrentVersion.targets(2451,5): warning MSB3277:         C:\Users\ultra\.nuget\packages\microsoft.xaml.behaviors.wpf\1.1.122\lib\net462\Microsoft.Xaml.Behaviors.dll [C:\Users\ultra\warewolf\Dev\Warewolf.Studio.Core\Warewolf.Studio.Core.csproj]
C:\Program Files\dotnet\sdk\10.0.201\Microsoft.Common.CurrentVersion.targets(2451,5): warning MSB3277:           Project file item includes which caused reference "C:\Users\ultra\.nuget\packages\microsoft.xaml.behaviors.wpf\1.1.122\lib\net462\Microsoft.Xaml.Behaviors.dll". [C:\Users\ultra\warewolf\Dev\Warewolf.Studio.Core\Warewolf.Studio.Core.csproj]
C:\Program Files\dotnet\sdk\10.0.201\Microsoft.Common.CurrentVersion.targets(2451,5): warning MSB3277:             C:\Users\ultra\.nuget\packages\microsoft.xaml.behaviors.wpf\1.1.122\lib\net462\Microsoft.Xaml.Behaviors.dll [C:\Users\ultra\warewolf\Dev\Warewolf.Studio.Core\Warewolf.Studio.Core.csproj]
C:\Program Files\dotnet\sdk\10.0.201\Microsoft.Common.CurrentVersion.targets(2451,5): warning MSB3277:             C:\Users\ultra\.nuget\packages\caliburn.micro\4.0.212\lib\netcoreapp3.1\Caliburn.Micro.Platform.dll [C:\Users\ultra\warewolf\Dev\Warewolf.Studio.Core\Warewolf.Studio.Core.csproj]
C:\Program Files\dotnet\sdk\10.0.201\Microsoft.Common.CurrentVersion.targets(2451,5): warning MSB3277:             C:\Users\ultra\.nuget\packages\prism.wpf\9.0.537\lib\net462\Prism.Wpf.dll [C:\Users\ultra\warewolf\Dev\Warewolf.Studio.Core\Warewolf.Studio.Core.csproj]
C:\Program Files\dotnet\sdk\10.0.201\Microsoft.Common.CurrentVersion.targets(2451,5): warning MSB3277:         C:\Users\ultra\.nuget\packages\prism.wpf\9.0.537\lib\net462\Prism.Wpf.dll [C:\Users\ultra\warewolf\Dev\Warewolf.Studio.Core\Warewolf.Studio.Core.csproj]
C:\Program Files\dotnet\sdk\10.0.201\Microsoft.Common.CurrentVersion.targets(2451,5): warning MSB3277:           Project file item includes which caused reference "C:\Users\ultra\.nuget\packages\prism.wpf\9.0.537\lib\net462\Prism.Wpf.dll". [C:\Users\ultra\warewolf\Dev\Warewolf.Studio.Core\Warewolf.Studio.Core.csproj]
C:\Program Files\dotnet\sdk\10.0.201\Microsoft.Common.CurrentVersion.targets(2451,5): warning MSB3277:             C:\Users\ultra\.nuget\packages\prism.wpf\9.0.537\lib\net462\Prism.Wpf.dll [C:\Users\ultra\warewolf\Dev\Warewolf.Studio.Core\Warewolf.Studio.Core.csproj]
C:\Program Files\dotnet\sdk\10.0.201\Microsoft.Common.CurrentVersion.targets(2451,5): warning MSB3277:         C:\Users\ultra\.nuget\packages\reactiveui.wpf\18.4.1\lib\net462\ReactiveUI.Wpf.dll [C:\Users\ultra\warewolf\Dev\Warewolf.Studio.Core\Warewolf.Studio.Core.csproj]
C:\Program Files\dotnet\sdk\10.0.201\Microsoft.Common.CurrentVersion.targets(2451,5): warning MSB3277:           Project file item includes which caused reference "C:\Users\ultra\.nuget\packages\reactiveui.wpf\18.4.1\lib\net462\ReactiveUI.Wpf.dll". [C:\Users\ultra\warewolf\Dev\Warewolf.Studio.Core\Warewolf.Studio.Core.csproj]
C:\Program Files\dotnet\sdk\10.0.201\Microsoft.Common.CurrentVersion.targets(2451,5): warning MSB3277:             C:\Users\ultra\.nuget\packages\reactiveui.wpf\18.4.1\lib\net462\ReactiveUI.Wpf.dll [C:\Users\ultra\warewolf\Dev\Warewolf.Studio.Core\Warewolf.Studio.Core.csproj]
C:\Program Files\dotnet\sdk\10.0.201\Microsoft.Common.CurrentVersion.targets(2451,5): warning MSB3277:         C:\Users\ultra\warewolf\Dev\Binaries\Infragistcs_Net6\InfragisticsWPF4.DragDrop.v15.1.dll [C:\Users\ultra\warewolf\Dev\Warewolf.Studio.Core\Warewolf.Studio.Core.csproj]
C:\Program Files\dotnet\sdk\10.0.201\Microsoft.Common.CurrentVersion.targets(2451,5): warning MSB3277:           Project file item includes which caused reference "C:\Users\ultra\warewolf\Dev\Binaries\Infragistcs_Net6\InfragisticsWPF4.DragDrop.v15.1.dll". [C:\Users\ultra\warewolf\Dev\Warewolf.Studio.Core\Warewolf.Studio.Core.csproj]
C:\Program Files\dotnet\sdk\10.0.201\Microsoft.Common.CurrentVersion.targets(2451,5): warning MSB3277:             InfragisticsWPF4.Controls.Menus.XamDataTree.v15.1, Version=15.1.20151.2055, Culture=neutral, PublicKeyToken=7dd5c3163f2cd0cb, processorArchitecture=MSIL [C:\Users\ultra\warewolf\Dev\Warewolf.Studio.Core\Warewolf.Studio.Core.csproj]
C:\Program Files\dotnet\sdk\10.0.201\Microsoft.Common.CurrentVersion.targets(2451,5): warning MSB3277: Found conflicts between different versions of "WindowsBase" that could not be resolved. [C:\Users\ultra\warewolf\Dev\Dev2.Activities\Dev2.Activities.csproj]
C:\Program Files\dotnet\sdk\10.0.201\Microsoft.Common.CurrentVersion.targets(2451,5): warning MSB3277: There was a conflict between "WindowsBase, Version=4.0.0.0, Culture=neutral, PublicKeyToken=31bf3856ad364e35" and "WindowsBase, Version=6.0.2.0, Culture=neutral, PublicKeyToken=31bf3856ad364e35". [C:\Users\ultra\warewolf\Dev\Dev2.Activities\Dev2.Activities.csproj]
C:\Program Files\dotnet\sdk\10.0.201\Microsoft.Common.CurrentVersion.targets(2451,5): warning MSB3277:     "WindowsBase, Version=4.0.0.0, Culture=neutral, PublicKeyToken=31bf3856ad364e35" was chosen because it was primary and "WindowsBase, Version=6.0.2.0, Culture=neutral, PublicKeyToken=31bf3856ad364e35" was not. [C:\Users\ultra\warewolf\Dev\Dev2.Activities\Dev2.Activities.csproj]
C:\Program Files\dotnet\sdk\10.0.201\Microsoft.Common.CurrentVersion.targets(2451,5): warning MSB3277:     References which depend on "WindowsBase, Version=4.0.0.0, Culture=neutral, PublicKeyToken=31bf3856ad364e35" [C:\Program Files\dotnet\packs\Microsoft.NETCore.App.Ref\8.0.25\ref\net8.0\WindowsBase.dll]. [C:\Users\ultra\warewolf\Dev\Dev2.Activities\Dev2.Activities.csproj]
C:\Program Files\dotnet\sdk\10.0.201\Microsoft.Common.CurrentVersion.targets(2451,5): warning MSB3277:         C:\Program Files\dotnet\packs\Microsoft.NETCore.App.Ref\8.0.25\ref\net8.0\WindowsBase.dll [C:\Users\ultra\warewolf\Dev\Dev2.Activities\Dev2.Activities.csproj]
C:\Program Files\dotnet\sdk\10.0.201\Microsoft.Common.CurrentVersion.targets(2451,5): warning MSB3277:           Project file item includes which caused reference "C:\Program Files\dotnet\packs\Microsoft.NETCore.App.Ref\8.0.25\ref\net8.0\WindowsBase.dll". [C:\Users\ultra\warewolf\Dev\Dev2.Activities\Dev2.Activities.csproj]
C:\Program Files\dotnet\sdk\10.0.201\Microsoft.Common.CurrentVersion.targets(2451,5): warning MSB3277:             C:\Program Files\dotnet\packs\Microsoft.NETCore.App.Ref\8.0.25\ref/net8.0/WindowsBase.dll [C:\Users\ultra\warewolf\Dev\Dev2.Activities\Dev2.Activities.csproj]
C:\Program Files\dotnet\sdk\10.0.201\Microsoft.Common.CurrentVersion.targets(2451,5): warning MSB3277:     References which depend on or have been unified to "WindowsBase, Version=6.0.2.0, Culture=neutral, PublicKeyToken=31bf3856ad364e35" []. [C:\Users\ultra\warewolf\Dev\Dev2.Activities\Dev2.Activities.csproj]
C:\Program Files\dotnet\sdk\10.0.201\Microsoft.Common.CurrentVersion.targets(2451,5): warning MSB3277:         C:\Users\ultra\.nuget\packages\caliburn.micro\4.0.212\lib\netcoreapp3.1\Caliburn.Micro.Platform.dll [C:\Users\ultra\warewolf\Dev\Dev2.Activities\Dev2.Activities.csproj]
C:\Program Files\dotnet\sdk\10.0.201\Microsoft.Common.CurrentVersion.targets(2451,5): warning MSB3277:           Project file item includes which caused reference "C:\Users\ultra\.nuget\packages\caliburn.micro\4.0.212\lib\netcoreapp3.1\Caliburn.Micro.Platform.dll". [C:\Users\ultra\warewolf\Dev\Dev2.Activities\Dev2.Activities.csproj]
C:\Program Files\dotnet\sdk\10.0.201\Microsoft.Common.CurrentVersion.targets(2451,5): warning MSB3277:             C:\Users\ultra\.nuget\packages\caliburn.micro\4.0.212\lib\netcoreapp3.1\Caliburn.Micro.Platform.dll [C:\Users\ultra\warewolf\Dev\Dev2.Activities\Dev2.Activities.csproj]
C:\Program Files\dotnet\sdk\10.0.201\Microsoft.Common.CurrentVersion.targets(2451,5): warning MSB3277:         C:\Users\ultra\.nuget\packages\ironpython\3.4.0\lib\net6.0\IronPython.Wpf.dll [C:\Users\ultra\warewolf\Dev\Dev2.Activities\Dev2.Activities.csproj]
C:\Program Files\dotnet\sdk\10.0.201\Microsoft.Common.CurrentVersion.targets(2451,5): warning MSB3277:           Project file item includes which caused reference "C:\Users\ultra\.nuget\packages\ironpython\3.4.0\lib\net6.0\IronPython.Wpf.dll". [C:\Users\ultra\warewolf\Dev\Dev2.Activities\Dev2.Activities.csproj]
C:\Program Files\dotnet\sdk\10.0.201\Microsoft.Common.CurrentVersion.targets(2451,5): warning MSB3277:             C:\Users\ultra\.nuget\packages\ironpython\3.4.0\lib\net6.0\IronPython.Wpf.dll [C:\Users\ultra\warewolf\Dev\Dev2.Activities\Dev2.Activities.csproj]
C:\Program Files\dotnet\sdk\10.0.201\Microsoft.Common.CurrentVersion.targets(2451,5): warning MSB3277:         C:\Users\ultra\.nuget\packages\microsoft.xaml.behaviors.wpf\1.1.19\lib\netcoreapp3.0\Microsoft.Xaml.Behaviors.dll [C:\Users\ultra\warewolf\Dev\Dev2.Activities\Dev2.Activities.csproj]
C:\Program Files\dotnet\sdk\10.0.201\Microsoft.Common.CurrentVersion.targets(2451,5): warning MSB3277:           Project file item includes which caused reference "C:\Users\ultra\.nuget\packages\microsoft.xaml.behaviors.wpf\1.1.19\lib\netcoreapp3.0\Microsoft.Xaml.Behaviors.dll". [C:\Users\ultra\warewolf\Dev\Dev2.Activities\Dev2.Activities.csproj]
C:\Program Files\dotnet\sdk\10.0.201\Microsoft.Common.CurrentVersion.targets(2451,5): warning MSB3277:             C:\Users\ultra\.nuget\packages\microsoft.xaml.behaviors.wpf\1.1.19\lib\netcoreapp3.0\Microsoft.Xaml.Behaviors.dll [C:\Users\ultra\warewolf\Dev\Dev2.Activities\Dev2.Activities.csproj]
C:\Program Files\dotnet\sdk\10.0.201\Microsoft.Common.CurrentVersion.targets(2451,5): warning MSB3277:             C:\Users\ultra\.nuget\packages\caliburn.micro\4.0.212\lib\netcoreapp3.1\Caliburn.Micro.Platform.dll [C:\Users\ultra\warewolf\Dev\Dev2.Activities\Dev2.Activities.csproj]
C:\Program Files\dotnet\sdk\10.0.201\Microsoft.Common.CurrentVersion.targets(2451,5): warning MSB3277:         C:\Users\ultra\.nuget\packages\reactiveui.wpf\18.4.1\lib\net462\ReactiveUI.Wpf.dll [C:\Users\ultra\warewolf\Dev\Dev2.Activities\Dev2.Activities.csproj]
C:\Program Files\dotnet\sdk\10.0.201\Microsoft.Common.CurrentVersion.targets(2451,5): warning MSB3277:           Project file item includes which caused reference "C:\Users\ultra\.nuget\packages\reactiveui.wpf\18.4.1\lib\net462\ReactiveUI.Wpf.dll". [C:\Users\ultra\warewolf\Dev\Dev2.Activities\Dev2.Activities.csproj]
C:\Program Files\dotnet\sdk\10.0.201\Microsoft.Common.CurrentVersion.targets(2451,5): warning MSB3277:             C:\Users\ultra\.nuget\packages\reactiveui.wpf\18.4.1\lib\net462\ReactiveUI.Wpf.dll [C:\Users\ultra\warewolf\Dev\Dev2.Activities\Dev2.Activities.csproj]
  Consider app.config remapping of assembly "System.Runtime.CompilerServices.Unsafe, Culture=neutral, PublicKeyToken=b03f5f7f11d50a3a" from Version "6.0.0.0" [] to Version "8.0.0.0" [C:\Program Files\dotnet\packs\Microsoft.NETCore.App.Ref\8.0.25\ref\net8.0\System.Runtime.CompilerServices.Unsafe.dll] to solve conflict and get rid of warning.
  Warewolf.Testing -> C:\Users\ultra\warewolf\Dev\Warewolf.Testing\bin\Debug\net8.0\Warewolf.Testing.dll
  Warewolf.Studio.Core -> C:\Users\ultra\warewolf\Dev\Warewolf.Studio.Core\bin\Debug\net8.0\Warewolf.Studio.Core.dll
C:\Users\ultra\warewolf\Dev\Dev2.Activities\WorkflowConverters\ActivityPropertiesReaderHelper.cs(54,45): warning CS8632: The annotation for nullable reference types should only be used in code within a '#nullable' annotations context. [C:\Users\ultra\warewolf\Dev\Dev2.Activities\Dev2.Activities.csproj]
C:\Users\ultra\warewolf\Dev\Dev2.Activities\WorkflowConverters\SwitchActivityDataHelper.cs(106,58): warning CS8632: The annotation for nullable reference types should only be used in code within a '#nullable' annotations context. [C:\Users\ultra\warewolf\Dev\Dev2.Activities\Dev2.Activities.csproj]
C:\Users\ultra\warewolf\Dev\Dev2.Activities\WorkflowConverters\SwitchActivityDataHelper.cs(225,65): warning CS8632: The annotation for nullable reference types should only be used in code within a '#nullable' annotations context. [C:\Users\ultra\warewolf\Dev\Dev2.Activities\Dev2.Activities.csproj]
C:\Users\ultra\warewolf\Dev\Dev2.Activities\WorkflowConverters\SwitchActivityDataHelper.cs(225,25): warning CS8632: The annotation for nullable reference types should only be used in code within a '#nullable' annotations context. [C:\Users\ultra\warewolf\Dev\Dev2.Activities\Dev2.Activities.csproj]
C:\Users\ultra\warewolf\Dev\Dev2.Activities\WorkflowConverters\SwitchActivityDataHelper.cs(342,61): warning CS8632: The annotation for nullable reference types should only be used in code within a '#nullable' annotations context. [C:\Users\ultra\warewolf\Dev\Dev2.Activities\Dev2.Activities.csproj]
C:\Users\ultra\warewolf\Dev\Dev2.Activities\WorkflowConverters\SwitchActivityDataHelper.cs(342,30): warning CS8632: The annotation for nullable reference types should only be used in code within a '#nullable' annotations context. [C:\Users\ultra\warewolf\Dev\Dev2.Activities\Dev2.Activities.csproj]
C:\Users\ultra\warewolf\Dev\Dev2.Activities\WorkflowConverters\SwitchActivityDataHelper.cs(32,25): warning CS8632: The annotation for nullable reference types should only be used in code within a '#nullable' annotations context. [C:\Users\ultra\warewolf\Dev\Dev2.Activities\Dev2.Activities.csproj]
C:\Users\ultra\warewolf\Dev\Dev2.Activities\WorkflowConverters\SwitchActivityDataHelper.cs(33,25): warning CS8632: The annotation for nullable reference types should only be used in code within a '#nullable' annotations context. [C:\Users\ultra\warewolf\Dev\Dev2.Activities\Dev2.Activities.csproj]
C:\Users\ultra\warewolf\Dev\Dev2.Activities\WorkflowConverters\SwitchActivityDataHelper.cs(34,25): warning CS8632: The annotation for nullable reference types should only be used in code within a '#nullable' annotations context. [C:\Users\ultra\warewolf\Dev\Dev2.Activities\Dev2.Activities.csproj]
C:\Users\ultra\warewolf\Dev\Dev2.Activities\WorkflowConverters\SwitchActivityDataHelper.cs(35,25): warning CS8632: The annotation for nullable reference types should only be used in code within a '#nullable' annotations context. [C:\Users\ultra\warewolf\Dev\Dev2.Activities\Dev2.Activities.csproj]
C:\Users\ultra\warewolf\Dev\Dev2.Activities\WorkflowConverters\SwitchActivityDataHelper.cs(36,25): warning CS8632: The annotation for nullable reference types should only be used in code within a '#nullable' annotations context. [C:\Users\ultra\warewolf\Dev\Dev2.Activities\Dev2.Activities.csproj]
C:\Users\ultra\warewolf\Dev\Dev2.Activities\WorkflowConverters\SwitchActivityDataHelper.cs(37,25): warning CS8632: The annotation for nullable reference types should only be used in code within a '#nullable' annotations context. [C:\Users\ultra\warewolf\Dev\Dev2.Activities\Dev2.Activities.csproj]
C:\Users\ultra\warewolf\Dev\Dev2.Activities\WorkflowConverters\SwitchActivityDataHelper.cs(108,19): warning CS8632: The annotation for nullable reference types should only be used in code within a '#nullable' annotations context. [C:\Users\ultra\warewolf\Dev\Dev2.Activities\Dev2.Activities.csproj]
C:\Users\ultra\warewolf\Dev\Dev2.Activities\WorkflowConverters\ActivityPropertiesReaderHelper.cs(60,59): warning CS8632: The annotation for nullable reference types should only be used in code within a '#nullable' annotations context. [C:\Users\ultra\warewolf\Dev\Dev2.Activities\Dev2.Activities.csproj]
C:\Users\ultra\warewolf\Dev\Dev2.Activities\Activities\GateActivity.cs(733,24): warning CC0022: WarewolfListIterator should be disposed. (https://code-cracker.github.io/diagnostics/CC0022.html) [C:\Users\ultra\warewolf\Dev\Dev2.Activities\Dev2.Activities.csproj]
C:\Users\ultra\warewolf\Dev\Dev2.Activities\Activities\GateActivity.cs(639,21): warning CC0003: Consider adding an Exception to the catch. (https://code-cracker.github.io/diagnostics/CC0003.html) [C:\Users\ultra\warewolf\Dev\Dev2.Activities\Dev2.Activities.csproj]
C:\Users\ultra\warewolf\Dev\Dev2.Activities\Activities\GateActivity.cs(656,21): warning CC0003: Consider adding an Exception to the catch. (https://code-cracker.github.io/diagnostics/CC0003.html) [C:\Users\ultra\warewolf\Dev\Dev2.Activities\Dev2.Activities.csproj]
C:\Users\ultra\warewolf\Dev\Dev2.Activities\WorkflowConverters\X6ToWorkflowConverter.cs(375,13): warning CC0003: Consider adding an Exception to the catch. (https://code-cracker.github.io/diagnostics/CC0003.html) [C:\Users\ultra\warewolf\Dev\Dev2.Activities\Dev2.Activities.csproj]
C:\Users\ultra\warewolf\Dev\Dev2.Activities\Activities\WebPostActivity.cs(238,28): warning CC0022: WarewolfListIterator should be disposed. (https://code-cracker.github.io/diagnostics/CC0022.html) [C:\Users\ultra\warewolf\Dev\Dev2.Activities\Dev2.Activities.csproj]
C:\Users\ultra\warewolf\Dev\Dev2.Activities\Activities\WebPostActivityNew.cs(281,28): warning CC0022: WarewolfListIterator should be disposed. (https://code-cracker.github.io/diagnostics/CC0022.html) [C:\Users\ultra\warewolf\Dev\Dev2.Activities\Dev2.Activities.csproj]
C:\Users\ultra\warewolf\Dev\Dev2.Activities\WorkflowConverters\X6ToWorkflowConverter.cs(833,17): warning CC0120: Consider put an default clause in Switch. (https://code-cracker.github.io/diagnostics/CC0120.html) [C:\Users\ultra\warewolf\Dev\Dev2.Activities\Dev2.Activities.csproj]
C:\Users\ultra\warewolf\Dev\Dev2.Activities\WorkflowConverters\X6ToWorkflowConverter.cs(958,13): warning CC0004: Empty Catch Block. (https://code-cracker.github.io/diagnostics/CC0004.html) [C:\Users\ultra\warewolf\Dev\Dev2.Activities\Dev2.Activities.csproj]
C:\Users\ultra\warewolf\Dev\Dev2.Activities\Activities\PathOperations\FileWriteActivity.cs(54,26): warning CC0022: WarewolfListIterator should be disposed. (https://code-cracker.github.io/diagnostics/CC0022.html) [C:\Users\ultra\warewolf\Dev\Dev2.Activities\Dev2.Activities.csproj]
C:\Users\ultra\warewolf\Dev\Dev2.Activities\WorkflowConverters\WorkflowToX6Converter.cs(567,13): warning CC0105: Use 'var' instead of specifying the type name. (https://code-cracker.github.io/diagnostics/CC0105.html) [C:\Users\ultra\warewolf\Dev\Dev2.Activities\Dev2.Activities.csproj]
C:\Users\ultra\warewolf\Dev\Dev2.Activities\WorkflowConverters\WorkflowToX6Converter.cs(998,13): warning CC0004: Empty Catch Block. (https://code-cracker.github.io/diagnostics/CC0004.html) [C:\Users\ultra\warewolf\Dev\Dev2.Activities\Dev2.Activities.csproj]
C:\Users\ultra\warewolf\Dev\Dev2.Activities\WorkflowConverters\WorkflowToX6Converter.cs(1376,17): warning CC0004: Empty Catch Block. (https://code-cracker.github.io/diagnostics/CC0004.html) [C:\Users\ultra\warewolf\Dev\Dev2.Activities\Dev2.Activities.csproj]
C:\Users\ultra\warewolf\Dev\Dev2.Activities\WorkflowConverters\WorkflowToX6Converter.cs(1365,13): warning CC0006: You can use foreach instead of for. (https://code-cracker.github.io/diagnostics/CC0006.html) [C:\Users\ultra\warewolf\Dev\Dev2.Activities\Dev2.Activities.csproj]
C:\Users\ultra\warewolf\Dev\Dev2.Activities\Activities\DsfWebActivityBase.cs(136,96): warning CC0022: StringContent should be disposed. (https://code-cracker.github.io/diagnostics/CC0022.html) [C:\Users\ultra\warewolf\Dev\Dev2.Activities\Dev2.Activities.csproj]
C:\Users\ultra\warewolf\Dev\Dev2.Activities\Activities\DsfWebActivityBase.cs(158,42): warning CC0022: StreamReader should be disposed. (https://code-cracker.github.io/diagnostics/CC0022.html) [C:\Users\ultra\warewolf\Dev\Dev2.Activities\Dev2.Activities.csproj]
C:\Users\ultra\warewolf\Dev\Dev2.Activities\Activities\DsfWebActivityBase.cs(175,35): warning CC0022: ByteArrayContent should be disposed. (https://code-cracker.github.io/diagnostics/CC0022.html) [C:\Users\ultra\warewolf\Dev\Dev2.Activities\Dev2.Activities.csproj]
C:\Users\ultra\warewolf\Dev\Dev2.Activities\Activities\DsfWebActivityBase.cs(184,31): warning CC0022: StringContent should be disposed. (https://code-cracker.github.io/diagnostics/CC0022.html) [C:\Users\ultra\warewolf\Dev\Dev2.Activities\Dev2.Activities.csproj]
C:\Users\ultra\warewolf\Dev\Dev2.Activities\Activities\GetSystemInformationHelper.cs(95,36): warning CA1416: This call site is reachable on all platforms. 'ManagementBaseObject.GetPropertyValue(string)' is only supported on: 'windows'. (https://learn.microsoft.com/dotnet/fundamentals/code-analysis/quality-rules/ca1416) [C:\Users\ultra\warewolf\Dev\Dev2.Activities\Dev2.Activities.csproj]
C:\Users\ultra\warewolf\Dev\Dev2.Activities\Activities\GetSystemInformationHelper.cs(327,28): warning CA1416: This call site is reachable on all platforms. 'ManagementObjectSearcher' is only supported on: 'windows'. (https://learn.microsoft.com/dotnet/fundamentals/code-analysis/quality-rules/ca1416) [C:\Users\ultra\warewolf\Dev\Dev2.Activities\Dev2.Activities.csproj]
C:\Users\ultra\warewolf\Dev\Dev2.Activities\Activities\GetSystemInformationHelper.cs(329,31): warning CA1416: This call site is reachable on all platforms. 'ManagementObjectSearcher.Get()' is only supported on: 'windows'. (https://learn.microsoft.com/dotnet/fundamentals/code-analysis/quality-rules/ca1416) [C:\Users\ultra\warewolf\Dev\Dev2.Activities\Dev2.Activities.csproj]
C:\Users\ultra\warewolf\Dev\Dev2.Activities\Activities\GetSystemInformationHelper.cs(326,28): warning CA1416: This call site is reachable on all platforms. 'ObjectQuery' is only supported on: 'windows'. (https://learn.microsoft.com/dotnet/fundamentals/code-analysis/quality-rules/ca1416) [C:\Users\ultra\warewolf\Dev\Dev2.Activities\Dev2.Activities.csproj]
C:\Users\ultra\warewolf\Dev\Dev2.Activities\Activities\GetSystemInformationHelper.cs(332,60): warning CA1416: This call site is reachable on all platforms. 'ManagementBaseObject.this[string]' is only supported on: 'windows'. (https://learn.microsoft.com/dotnet/fundamentals/code-analysis/quality-rules/ca1416) [C:\Users\ultra\warewolf\Dev\Dev2.Activities\Dev2.Activities.csproj]
C:\Users\ultra\warewolf\Dev\Dev2.Activities\Activities\GetSystemInformationHelper.cs(345,53): warning CA1416: This call site is reachable on all platforms. 'ManagementBaseObject.this[string]' is only supported on: 'windows'. (https://learn.microsoft.com/dotnet/fundamentals/code-analysis/quality-rules/ca1416) [C:\Users\ultra\warewolf\Dev\Dev2.Activities\Dev2.Activities.csproj]
C:\Users\ultra\warewolf\Dev\Dev2.Activities\Activities\GetSystemInformationHelper.cs(342,31): warning CA1416: This call site is reachable on all platforms. 'ManagementObjectSearcher.Get()' is only supported on: 'windows'. (https://learn.microsoft.com/dotnet/fundamentals/code-analysis/quality-rules/ca1416) [C:\Users\ultra\warewolf\Dev\Dev2.Activities\Dev2.Activities.csproj]
C:\Users\ultra\warewolf\Dev\Dev2.Activities\Activities\GetSystemInformationHelper.cs(341,28): warning CA1416: This call site is reachable on all platforms. 'ManagementObjectSearcher' is only supported on: 'windows'. (https://learn.microsoft.com/dotnet/fundamentals/code-analysis/quality-rules/ca1416) [C:\Users\ultra\warewolf\Dev\Dev2.Activities\Dev2.Activities.csproj]
C:\Users\ultra\warewolf\Dev\Dev2.Activities\Activities\GetSystemInformationHelper.cs(346,58): warning CA1416: This call site is reachable on all platforms. 'ManagementBaseObject.this[string]' is only supported on: 'windows'. (https://learn.microsoft.com/dotnet/fundamentals/code-analysis/quality-rules/ca1416) [C:\Users\ultra\warewolf\Dev\Dev2.Activities\Dev2.Activities.csproj]
C:\Users\ultra\warewolf\Dev\Dev2.Activities\Activities\GetSystemInformationHelper.cs(340,28): warning CA1416: This call site is reachable on all platforms. 'ObjectQuery' is only supported on: 'windows'. (https://learn.microsoft.com/dotnet/fundamentals/code-analysis/quality-rules/ca1416) [C:\Users\ultra\warewolf\Dev\Dev2.Activities\Dev2.Activities.csproj]
C:\Users\ultra\warewolf\Dev\Dev2.Activities\Activities\GetSystemInformationHelper.cs(370,92): warning CA1416: This call site is reachable on all platforms. 'WindowsIdentity.GetCurrent()' is only supported on: 'windows'. (https://learn.microsoft.com/dotnet/fundamentals/code-analysis/quality-rules/ca1416) [C:\Users\ultra\warewolf\Dev\Dev2.Activities\Dev2.Activities.csproj]
C:\Users\ultra\warewolf\Dev\Dev2.Activities\Activities\GetSystemInformationHelper.cs(372,17): warning CA1416: This call site is reachable on all platforms. 'WindowsIdentity.Groups' is only supported on: 'windows'. (https://learn.microsoft.com/dotnet/fundamentals/code-analysis/quality-rules/ca1416) [C:\Users\ultra\warewolf\Dev\Dev2.Activities\Dev2.Activities.csproj]
C:\Users\ultra\warewolf\Dev\Dev2.Activities\Activities\GetSystemInformationHelper.cs(374,37): warning CA1416: This call site is reachable on all platforms. 'WindowsIdentity.Groups' is only supported on: 'windows'. (https://learn.microsoft.com/dotnet/fundamentals/code-analysis/quality-rules/ca1416) [C:\Users\ultra\warewolf\Dev\Dev2.Activities\Dev2.Activities.csproj]
C:\Users\ultra\warewolf\Dev\Dev2.Activities\Activities\GetSystemInformationHelper.cs(392,32): warning CA1416: This call site is reachable on all platforms. 'ObjectQuery' is only supported on: 'windows'. (https://learn.microsoft.com/dotnet/fundamentals/code-analysis/quality-rules/ca1416) [C:\Users\ultra\warewolf\Dev\Dev2.Activities\Dev2.Activities.csproj]
C:\Users\ultra\warewolf\Dev\Dev2.Activities\Activities\GetSystemInformationHelper.cs(387,28): warning CA1416: This call site is reachable on all platforms. 'IdentityReference.Value' is only supported on: 'windows'. (https://learn.microsoft.com/dotnet/fundamentals/code-analysis/quality-rules/ca1416) [C:\Users\ultra\warewolf\Dev\Dev2.Activities\Dev2.Activities.csproj]
C:\Users\ultra\warewolf\Dev\Dev2.Activities\Activities\GetSystemInformationHelper.cs(393,32): warning CA1416: This call site is reachable on all platforms. 'ManagementObjectSearcher' is only supported on: 'windows'. (https://learn.microsoft.com/dotnet/fundamentals/code-analysis/quality-rules/ca1416) [C:\Users\ultra\warewolf\Dev\Dev2.Activities\Dev2.Activities.csproj]
C:\Users\ultra\warewolf\Dev\Dev2.Activities\Activities\GetSystemInformationHelper.cs(392,90): warning CA1416: This call site is reachable on all platforms. 'IdentityReference.Value' is only supported on: 'windows'. (https://learn.microsoft.com/dotnet/fundamentals/code-analysis/quality-rules/ca1416) [C:\Users\ultra\warewolf\Dev\Dev2.Activities\Dev2.Activities.csproj]
C:\Users\ultra\warewolf\Dev\Dev2.Activities\Activities\GetSystemInformationHelper.cs(397,49): warning CA1416: This call site is reachable on all platforms. 'ManagementBaseObject.this[string]' is only supported on: 'windows'. (https://learn.microsoft.com/dotnet/fundamentals/code-analysis/quality-rules/ca1416) [C:\Users\ultra\warewolf\Dev\Dev2.Activities\Dev2.Activities.csproj]
C:\Users\ultra\warewolf\Dev\Dev2.Activities\Activities\GetSystemInformationHelper.cs(394,35): warning CA1416: This call site is reachable on all platforms. 'ManagementObjectSearcher.Get()' is only supported on: 'windows'. (https://learn.microsoft.com/dotnet/fundamentals/code-analysis/quality-rules/ca1416) [C:\Users\ultra\warewolf\Dev\Dev2.Activities\Dev2.Activities.csproj]
C:\Users\ultra\warewolf\Dev\Dev2.Activities\Activities\GetSystemInformationHelper.cs(386,39): warning CA1416: This call site is reachable on all platforms. 'IdentityReference.Translate(Type)' is only supported on: 'windows'. (https://learn.microsoft.com/dotnet/fundamentals/code-analysis/quality-rules/ca1416) [C:\Users\ultra\warewolf\Dev\Dev2.Activities\Dev2.Activities.csproj]
C:\Users\ultra\warewolf\Dev\Dev2.Activities\Activities\GetSystemInformationHelper.cs(431,57): warning CA1416: This call site is reachable on all platforms. 'ManagementBaseObject.this[string]' is only supported on: 'windows'. (https://learn.microsoft.com/dotnet/fundamentals/code-analysis/quality-rules/ca1416) [C:\Users\ultra\warewolf\Dev\Dev2.Activities\Dev2.Activities.csproj]
C:\Users\ultra\warewolf\Dev\Dev2.Activities\Activities\GetSystemInformationHelper.cs(427,32): warning CA1416: This call site is reachable on all platforms. 'ManagementObjectSearcher' is only supported on: 'windows'. (https://learn.microsoft.com/dotnet/fundamentals/code-analysis/quality-rules/ca1416) [C:\Users\ultra\warewolf\Dev\Dev2.Activities\Dev2.Activities.csproj]
C:\Users\ultra\warewolf\Dev\Dev2.Activities\Activities\GetSystemInformationHelper.cs(426,32): warning CA1416: This call site is reachable on all platforms. 'ObjectQuery' is only supported on: 'windows'. (https://learn.microsoft.com/dotnet/fundamentals/code-analysis/quality-rules/ca1416) [C:\Users\ultra\warewolf\Dev\Dev2.Activities\Dev2.Activities.csproj]
C:\Users\ultra\warewolf\Dev\Dev2.Activities\Activities\GetSystemInformationHelper.cs(428,35): warning CA1416: This call site is reachable on all platforms. 'ManagementObjectSearcher.Get()' is only supported on: 'windows'. (https://learn.microsoft.com/dotnet/fundamentals/code-analysis/quality-rules/ca1416) [C:\Users\ultra\warewolf\Dev\Dev2.Activities\Dev2.Activities.csproj]
  Dev2.Activities -> C:\Users\ultra\warewolf\Dev\Dev2.Activities\bin\Debug\net8.0\Dev2.Activities.dll
C:\Program Files\dotnet\sdk\10.0.201\Microsoft.Common.CurrentVersion.targets(2451,5): warning MSB3277: Found conflicts between different versions of "WindowsBase" that could not be resolved. [C:\Users\ultra\warewolf\Dev\Dev2.Runtime\Dev2.Runtime.csproj]
C:\Program Files\dotnet\sdk\10.0.201\Microsoft.Common.CurrentVersion.targets(2451,5): warning MSB3277: There was a conflict between "WindowsBase, Version=4.0.0.0, Culture=neutral, PublicKeyToken=31bf3856ad364e35" and "WindowsBase, Version=6.0.2.0, Culture=neutral, PublicKeyToken=31bf3856ad364e35". [C:\Users\ultra\warewolf\Dev\Dev2.Runtime\Dev2.Runtime.csproj]
C:\Program Files\dotnet\sdk\10.0.201\Microsoft.Common.CurrentVersion.targets(2451,5): warning MSB3277:     "WindowsBase, Version=4.0.0.0, Culture=neutral, PublicKeyToken=31bf3856ad364e35" was chosen because it was primary and "WindowsBase, Version=6.0.2.0, Culture=neutral, PublicKeyToken=31bf3856ad364e35" was not. [C:\Users\ultra\warewolf\Dev\Dev2.Runtime\Dev2.Runtime.csproj]
C:\Program Files\dotnet\sdk\10.0.201\Microsoft.Common.CurrentVersion.targets(2451,5): warning MSB3277:     References which depend on "WindowsBase, Version=4.0.0.0, Culture=neutral, PublicKeyToken=31bf3856ad364e35" [C:\Program Files\dotnet\packs\Microsoft.NETCore.App.Ref\8.0.25\ref\net8.0\WindowsBase.dll]. [C:\Users\ultra\warewolf\Dev\Dev2.Runtime\Dev2.Runtime.csproj]
C:\Program Files\dotnet\sdk\10.0.201\Microsoft.Common.CurrentVersion.targets(2451,5): warning MSB3277:         C:\Program Files\dotnet\packs\Microsoft.NETCore.App.Ref\8.0.25\ref\net8.0\WindowsBase.dll [C:\Users\ultra\warewolf\Dev\Dev2.Runtime\Dev2.Runtime.csproj]
C:\Program Files\dotnet\sdk\10.0.201\Microsoft.Common.CurrentVersion.targets(2451,5): warning MSB3277:           Project file item includes which caused reference "C:\Program Files\dotnet\packs\Microsoft.NETCore.App.Ref\8.0.25\ref\net8.0\WindowsBase.dll". [C:\Users\ultra\warewolf\Dev\Dev2.Runtime\Dev2.Runtime.csproj]
C:\Program Files\dotnet\sdk\10.0.201\Microsoft.Common.CurrentVersion.targets(2451,5): warning MSB3277:             C:\Program Files\dotnet\packs\Microsoft.NETCore.App.Ref\8.0.25\ref/net8.0/WindowsBase.dll [C:\Users\ultra\warewolf\Dev\Dev2.Runtime\Dev2.Runtime.csproj]
C:\Program Files\dotnet\sdk\10.0.201\Microsoft.Common.CurrentVersion.targets(2451,5): warning MSB3277:     References which depend on or have been unified to "WindowsBase, Version=6.0.2.0, Culture=neutral, PublicKeyToken=31bf3856ad364e35" []. [C:\Users\ultra\warewolf\Dev\Dev2.Runtime\Dev2.Runtime.csproj]
C:\Program Files\dotnet\sdk\10.0.201\Microsoft.Common.CurrentVersion.targets(2451,5): warning MSB3277:         C:\Users\ultra\.nuget\packages\caliburn.micro\4.0.212\lib\netcoreapp3.1\Caliburn.Micro.Platform.dll [C:\Users\ultra\warewolf\Dev\Dev2.Runtime\Dev2.Runtime.csproj]
C:\Program Files\dotnet\sdk\10.0.201\Microsoft.Common.CurrentVersion.targets(2451,5): warning MSB3277:           Project file item includes which caused reference "C:\Users\ultra\.nuget\packages\caliburn.micro\4.0.212\lib\netcoreapp3.1\Caliburn.Micro.Platform.dll". [C:\Users\ultra\warewolf\Dev\Dev2.Runtime\Dev2.Runtime.csproj]
C:\Program Files\dotnet\sdk\10.0.201\Microsoft.Common.CurrentVersion.targets(2451,5): warning MSB3277:             C:\Users\ultra\.nuget\packages\caliburn.micro\4.0.212\lib\netcoreapp3.1\Caliburn.Micro.Platform.dll [C:\Users\ultra\warewolf\Dev\Dev2.Runtime\Dev2.Runtime.csproj]
C:\Program Files\dotnet\sdk\10.0.201\Microsoft.Common.CurrentVersion.targets(2451,5): warning MSB3277:         C:\Users\ultra\.nuget\packages\ironpython\3.4.0\lib\net6.0\IronPython.Wpf.dll [C:\Users\ultra\warewolf\Dev\Dev2.Runtime\Dev2.Runtime.csproj]
C:\Program Files\dotnet\sdk\10.0.201\Microsoft.Common.CurrentVersion.targets(2451,5): warning MSB3277:           Project file item includes which caused reference "C:\Users\ultra\.nuget\packages\ironpython\3.4.0\lib\net6.0\IronPython.Wpf.dll". [C:\Users\ultra\warewolf\Dev\Dev2.Runtime\Dev2.Runtime.csproj]
C:\Program Files\dotnet\sdk\10.0.201\Microsoft.Common.CurrentVersion.targets(2451,5): warning MSB3277:             C:\Users\ultra\.nuget\packages\ironpython\3.4.0\lib\net6.0\IronPython.Wpf.dll [C:\Users\ultra\warewolf\Dev\Dev2.Runtime\Dev2.Runtime.csproj]
C:\Program Files\dotnet\sdk\10.0.201\Microsoft.Common.CurrentVersion.targets(2451,5): warning MSB3277:         C:\Users\ultra\.nuget\packages\microsoft.xaml.behaviors.wpf\1.1.19\lib\netcoreapp3.0\Microsoft.Xaml.Behaviors.dll [C:\Users\ultra\warewolf\Dev\Dev2.Runtime\Dev2.Runtime.csproj]
C:\Program Files\dotnet\sdk\10.0.201\Microsoft.Common.CurrentVersion.targets(2451,5): warning MSB3277:           Project file item includes which caused reference "C:\Users\ultra\.nuget\packages\microsoft.xaml.behaviors.wpf\1.1.19\lib\netcoreapp3.0\Microsoft.Xaml.Behaviors.dll". [C:\Users\ultra\warewolf\Dev\Dev2.Runtime\Dev2.Runtime.csproj]
C:\Program Files\dotnet\sdk\10.0.201\Microsoft.Common.CurrentVersion.targets(2451,5): warning MSB3277:             C:\Users\ultra\.nuget\packages\microsoft.xaml.behaviors.wpf\1.1.19\lib\netcoreapp3.0\Microsoft.Xaml.Behaviors.dll [C:\Users\ultra\warewolf\Dev\Dev2.Runtime\Dev2.Runtime.csproj]
C:\Program Files\dotnet\sdk\10.0.201\Microsoft.Common.CurrentVersion.targets(2451,5): warning MSB3277:             C:\Users\ultra\.nuget\packages\caliburn.micro\4.0.212\lib\netcoreapp3.1\Caliburn.Micro.Platform.dll [C:\Users\ultra\warewolf\Dev\Dev2.Runtime\Dev2.Runtime.csproj]
C:\Program Files\dotnet\sdk\10.0.201\Microsoft.Common.CurrentVersion.targets(2451,5): warning MSB3277:         C:\Users\ultra\.nuget\packages\reactiveui.wpf\18.4.1\lib\net462\ReactiveUI.Wpf.dll [C:\Users\ultra\warewolf\Dev\Dev2.Runtime\Dev2.Runtime.csproj]
C:\Program Files\dotnet\sdk\10.0.201\Microsoft.Common.CurrentVersion.targets(2451,5): warning MSB3277:           Project file item includes which caused reference "C:\Users\ultra\.nuget\packages\reactiveui.wpf\18.4.1\lib\net462\ReactiveUI.Wpf.dll". [C:\Users\ultra\warewolf\Dev\Dev2.Runtime\Dev2.Runtime.csproj]
C:\Program Files\dotnet\sdk\10.0.201\Microsoft.Common.CurrentVersion.targets(2451,5): warning MSB3277:             C:\Users\ultra\.nuget\packages\reactiveui.wpf\18.4.1\lib\net462\ReactiveUI.Wpf.dll [C:\Users\ultra\warewolf\Dev\Dev2.Runtime\Dev2.Runtime.csproj]
C:\Users\ultra\warewolf\Dev\Dev2.Runtime\ESB\Execution\RemoteWorkflowExecutionContainer.cs(235,35): warning SYSLIB0013: 'Uri.EscapeUriString(string)' is obsolete: 'Uri.EscapeUriString can corrupt the Uri string in some cases. Consider using Uri.EscapeDataString for query string components instead.' (https://aka.ms/dotnet-warnings/SYSLIB0013) [C:\Users\ultra\warewolf\Dev\Dev2.Runtime\Dev2.Runtime.csproj]
C:\Users\ultra\warewolf\Dev\Dev2.Runtime\ESB\Execution\RemoteWorkflowExecutionContainer.cs(301,39): warning SYSLIB0013: 'Uri.EscapeUriString(string)' is obsolete: 'Uri.EscapeUriString can corrupt the Uri string in some cases. Consider using Uri.EscapeDataString for query string components instead.' (https://aka.ms/dotnet-warnings/SYSLIB0013) [C:\Users\ultra\warewolf\Dev\Dev2.Runtime\Dev2.Runtime.csproj]
C:\Users\ultra\warewolf\Dev\Dev2.Runtime\ESB\WF\XamlActivityHelper.cs(66,13): warning CC0004: Empty Catch Block. (https://code-cracker.github.io/diagnostics/CC0004.html) [C:\Users\ultra\warewolf\Dev\Dev2.Runtime\Dev2.Runtime.csproj]
C:\Users\ultra\warewolf\Dev\Dev2.Runtime\ESB\WF\XamlActivityHelper.cs(133,13): warning CC0004: Empty Catch Block. (https://code-cracker.github.io/diagnostics/CC0004.html) [C:\Users\ultra\warewolf\Dev\Dev2.Runtime\Dev2.Runtime.csproj]
C:\Users\ultra\warewolf\Dev\Dev2.Runtime\ESB\Execution\WfExecutionContainer.cs(63,35): warning CC0067: Do not call overridable methods in constructors (https://code-cracker.github.io/diagnostics/CC0067.html) [C:\Users\ultra\warewolf\Dev\Dev2.Runtime\Dev2.Runtime.csproj]
C:\Users\ultra\warewolf\Dev\Dev2.Runtime\ESB\WF\XamlActivityHelper.cs(179,17): warning CC0004: Empty Catch Block. (https://code-cracker.github.io/diagnostics/CC0004.html) [C:\Users\ultra\warewolf\Dev\Dev2.Runtime\Dev2.Runtime.csproj]
C:\Users\ultra\warewolf\Dev\Dev2.Runtime\ESB\WF\XamlActivityHelper.cs(230,17): warning CC0004: Empty Catch Block. (https://code-cracker.github.io/diagnostics/CC0004.html) [C:\Users\ultra\warewolf\Dev\Dev2.Runtime\Dev2.Runtime.csproj]
C:\Users\ultra\warewolf\Dev\Dev2.Runtime\ESB\WF\XamlActivityHelper.cs(240,43): warning CC0057: Parameter 'instance' is not used. (https://code-cracker.github.io/diagnostics/CC0057.html) [C:\Users\ultra\warewolf\Dev\Dev2.Runtime\Dev2.Runtime.csproj]
C:\Users\ultra\warewolf\Dev\Dev2.Runtime\ESB\Execution\WfExecutionContainer.cs(774,37): warning CC0022: StateAuditLogger should be disposed. (https://code-cracker.github.io/diagnostics/CC0022.html) [C:\Users\ultra\warewolf\Dev\Dev2.Runtime\Dev2.Runtime.csproj]
C:\Users\ultra\warewolf\Dev\Dev2.Runtime\ESB\Execution\WfExecutionContainer.cs(578,33): warning CC0003: Consider adding an Exception to the catch. (https://code-cracker.github.io/diagnostics/CC0003.html) [C:\Users\ultra\warewolf\Dev\Dev2.Runtime\Dev2.Runtime.csproj]
C:\Users\ultra\warewolf\Dev\Dev2.Runtime\ESB\Execution\WfExecutionContainer.cs(819,17): warning CC0004: Empty Catch Block. (https://code-cracker.github.io/diagnostics/CC0004.html) [C:\Users\ultra\warewolf\Dev\Dev2.Runtime\Dev2.Runtime.csproj]
C:\Users\ultra\warewolf\Dev\Dev2.Runtime\ESB\Execution\WfExecutionContainer.cs(864,21): warning CC0004: Empty Catch Block. (https://code-cracker.github.io/diagnostics/CC0004.html) [C:\Users\ultra\warewolf\Dev\Dev2.Runtime\Dev2.Runtime.csproj]
C:\Users\ultra\warewolf\Dev\Dev2.Studio.Core\Activities\Services\DesignerManagementService.cs(75,13): warning CS0618: 'EventAggregatorExtensions.Subscribe(IEventAggregator, object)' is obsolete: 'Use SubscribeOnPublishedThread' [C:\Users\ultra\warewolf\Dev\Dev2.Studio.Core\Dev2.Studio.Core.csproj]
C:\Users\ultra\warewolf\Dev\Dev2.Studio.Core\AppResources\Converters\NullableBoolToBoolConverter.cs(31,45): warning CC0057: Parameter 'targetType' is not used. (https://code-cracker.github.io/diagnostics/CC0057.html) [C:\Users\ultra\warewolf\Dev\Dev2.Studio.Core\Dev2.Studio.Core.csproj]
C:\Users\ultra\warewolf\Dev\Dev2.Studio.Core\AppResources\Converters\NullableBoolToBoolConverter.cs(31,62): warning CC0057: Parameter 'parameter' is not used. (https://code-cracker.github.io/diagnostics/CC0057.html) [C:\Users\ultra\warewolf\Dev\Dev2.Studio.Core\Dev2.Studio.Core.csproj]
C:\Users\ultra\warewolf\Dev\Dev2.Studio.Core\AppResources\Converters\NullableBoolToBoolConverter.cs(31,80): warning CC0057: Parameter 'culture' is not used. (https://code-cracker.github.io/diagnostics/CC0057.html) [C:\Users\ultra\warewolf\Dev\Dev2.Studio.Core\Dev2.Studio.Core.csproj]
C:\Users\ultra\warewolf\Dev\Dev2.Studio.Core\AppResources\Converters\NullableBoolToBoolConverter.cs(41,23): warning CC0057: Parameter 'value' is not used. (https://code-cracker.github.io/diagnostics/CC0057.html) [C:\Users\ultra\warewolf\Dev\Dev2.Studio.Core\Dev2.Studio.Core.csproj]
C:\Users\ultra\warewolf\Dev\Dev2.Studio.Core\AppResources\Converters\NullableBoolToBoolConverter.cs(41,37): warning CC0057: Parameter 'targetType' is not used. (https://code-cracker.github.io/diagnostics/CC0057.html) [C:\Users\ultra\warewolf\Dev\Dev2.Studio.Core\Dev2.Studio.Core.csproj]
C:\Users\ultra\warewolf\Dev\Dev2.Studio.Core\AppResources\Converters\NullableBoolToBoolConverter.cs(41,54): warning CC0057: Parameter 'parameter' is not used. (https://code-cracker.github.io/diagnostics/CC0057.html) [C:\Users\ultra\warewolf\Dev\Dev2.Studio.Core\Dev2.Studio.Core.csproj]
C:\Users\ultra\warewolf\Dev\Dev2.Studio.Core\AppResources\Converters\NullableBoolToBoolConverter.cs(41,72): warning CC0057: Parameter 'culture' is not used. (https://code-cracker.github.io/diagnostics/CC0057.html) [C:\Users\ultra\warewolf\Dev\Dev2.Studio.Core\Dev2.Studio.Core.csproj]
C:\Users\ultra\warewolf\Dev\Dev2.Studio.Core\AppResources\Converters\ModelItemToActivityConverter.cs(31,42): warning CC0057: Parameter 'targetType' is not used. (https://code-cracker.github.io/diagnostics/CC0057.html) [C:\Users\ultra\warewolf\Dev\Dev2.Studio.Core\Dev2.Studio.Core.csproj]
C:\Users\ultra\warewolf\Dev\Dev2.Studio.Core\AppResources\Converters\ModelItemToActivityConverter.cs(31,59): warning CC0057: Parameter 'parameter' is not used. (https://code-cracker.github.io/diagnostics/CC0057.html) [C:\Users\ultra\warewolf\Dev\Dev2.Studio.Core\Dev2.Studio.Core.csproj]
C:\Users\ultra\warewolf\Dev\Dev2.Studio.Core\AppResources\Converters\ModelItemToActivityConverter.cs(31,77): warning CC0057: Parameter 'culture' is not used. (https://code-cracker.github.io/diagnostics/CC0057.html) [C:\Users\ultra\warewolf\Dev\Dev2.Studio.Core\Dev2.Studio.Core.csproj]
C:\Users\ultra\warewolf\Dev\Dev2.Studio.Core\AppResources\Converters\ModelItemToActivityConverter.cs(45,46): warning CC0057: Parameter 'targetType' is not used. (https://code-cracker.github.io/diagnostics/CC0057.html) [C:\Users\ultra\warewolf\Dev\Dev2.Studio.Core\Dev2.Studio.Core.csproj]
C:\Users\ultra\warewolf\Dev\Dev2.Studio.Core\AppResources\Converters\ModelItemToActivityConverter.cs(45,81): warning CC0057: Parameter 'culture' is not used. (https://code-cracker.github.io/diagnostics/CC0057.html) [C:\Users\ultra\warewolf\Dev\Dev2.Studio.Core\Dev2.Studio.Core.csproj]
C:\Users\ultra\warewolf\Dev\Dev2.Studio.Core\Diagnostics\DebugStateTreeViewItemViewModel.cs(119,13): warning CC0105: Use 'var' instead of specifying the type name. (https://code-cracker.github.io/diagnostics/CC0105.html) [C:\Users\ultra\warewolf\Dev\Dev2.Studio.Core\Dev2.Studio.Core.csproj]
C:\Users\ultra\warewolf\Dev\Dev2.Studio.Core\DataList\Dev2TrieSuggestionProvider.cs(180,13): warning CC0004: Empty Catch Block. (https://code-cracker.github.io/diagnostics/CC0004.html) [C:\Users\ultra\warewolf\Dev\Dev2.Studio.Core\Dev2.Studio.Core.csproj]
  Dev2.Runtime -> C:\Users\ultra\warewolf\Dev\Dev2.Runtime\bin\Debug\net8.0\Dev2.Runtime.dll
  Dev2.Studio.Core -> C:\Users\ultra\warewolf\Dev\Dev2.Studio.Core\bin\Debug\net8.0\Dev2.Studio.Core.dll
  Warewolf.Common.Framework48 -> C:\Users\ultra\warewolf\Dev\Warewolf.Common.Framework48\bin\Debug\net8.0\Warewolf.Common.Framework48.dll
C:\Program Files\dotnet\sdk\10.0.201\Microsoft.Common.CurrentVersion.targets(2451,5): warning MSB3245: Could not resolve this reference. Could not locate the assembly "System.Web". Check to make sure the assembly exists on disk. If this reference is required by your code, you may get compilation errors. [C:\Users\ultra\warewolf\Dev\Dev2.Runtime.WebServer\Dev2.Runtime.WebServer.csproj]
C:\Program Files\dotnet\sdk\10.0.201\Microsoft.Common.CurrentVersion.targets(2451,5): warning MSB3243: No way to resolve conflict between "System.Web, Version=4.0.0.0, Culture=neutral, PublicKeyToken=b03f5f7f11d50a3a" and "System.Web". Choosing "System.Web, Version=4.0.0.0, Culture=neutral, PublicKeyToken=b03f5f7f11d50a3a" arbitrarily. [C:\Users\ultra\warewolf\Dev\Dev2.Runtime.WebServer\Dev2.Runtime.WebServer.csproj]
C:\Program Files\dotnet\sdk\10.0.201\Microsoft.Common.CurrentVersion.targets(2451,5): warning MSB3277: Found conflicts between different versions of "WindowsBase" that could not be resolved. [C:\Users\ultra\warewolf\Dev\Dev2.Runtime.WebServer\Dev2.Runtime.WebServer.csproj]
C:\Program Files\dotnet\sdk\10.0.201\Microsoft.Common.CurrentVersion.targets(2451,5): warning MSB3277: There was a conflict between "WindowsBase, Version=4.0.0.0, Culture=neutral, PublicKeyToken=31bf3856ad364e35" and "WindowsBase, Version=6.0.2.0, Culture=neutral, PublicKeyToken=31bf3856ad364e35". [C:\Users\ultra\warewolf\Dev\Dev2.Runtime.WebServer\Dev2.Runtime.WebServer.csproj]
C:\Program Files\dotnet\sdk\10.0.201\Microsoft.Common.CurrentVersion.targets(2451,5): warning MSB3277:     "WindowsBase, Version=4.0.0.0, Culture=neutral, PublicKeyToken=31bf3856ad364e35" was chosen because it was primary and "WindowsBase, Version=6.0.2.0, Culture=neutral, PublicKeyToken=31bf3856ad364e35" was not. [C:\Users\ultra\warewolf\Dev\Dev2.Runtime.WebServer\Dev2.Runtime.WebServer.csproj]
C:\Program Files\dotnet\sdk\10.0.201\Microsoft.Common.CurrentVersion.targets(2451,5): warning MSB3277:     References which depend on "WindowsBase, Version=4.0.0.0, Culture=neutral, PublicKeyToken=31bf3856ad364e35" [C:\Program Files\dotnet\packs\Microsoft.NETCore.App.Ref\8.0.25\ref\net8.0\WindowsBase.dll]. [C:\Users\ultra\warewolf\Dev\Dev2.Runtime.WebServer\Dev2.Runtime.WebServer.csproj]
C:\Program Files\dotnet\sdk\10.0.201\Microsoft.Common.CurrentVersion.targets(2451,5): warning MSB3277:         C:\Program Files\dotnet\packs\Microsoft.NETCore.App.Ref\8.0.25\ref\net8.0\WindowsBase.dll [C:\Users\ultra\warewolf\Dev\Dev2.Runtime.WebServer\Dev2.Runtime.WebServer.csproj]
C:\Program Files\dotnet\sdk\10.0.201\Microsoft.Common.CurrentVersion.targets(2451,5): warning MSB3277:           Project file item includes which caused reference "C:\Program Files\dotnet\packs\Microsoft.NETCore.App.Ref\8.0.25\ref\net8.0\WindowsBase.dll". [C:\Users\ultra\warewolf\Dev\Dev2.Runtime.WebServer\Dev2.Runtime.WebServer.csproj]
C:\Program Files\dotnet\sdk\10.0.201\Microsoft.Common.CurrentVersion.targets(2451,5): warning MSB3277:             C:\Program Files\dotnet\packs\Microsoft.NETCore.App.Ref\8.0.25\ref/net8.0/WindowsBase.dll [C:\Users\ultra\warewolf\Dev\Dev2.Runtime.WebServer\Dev2.Runtime.WebServer.csproj]
C:\Program Files\dotnet\sdk\10.0.201\Microsoft.Common.CurrentVersion.targets(2451,5): warning MSB3277:     References which depend on or have been unified to "WindowsBase, Version=6.0.2.0, Culture=neutral, PublicKeyToken=31bf3856ad364e35" []. [C:\Users\ultra\warewolf\Dev\Dev2.Runtime.WebServer\Dev2.Runtime.WebServer.csproj]
C:\Program Files\dotnet\sdk\10.0.201\Microsoft.Common.CurrentVersion.targets(2451,5): warning MSB3277:         C:\Users\ultra\.nuget\packages\caliburn.micro\4.0.212\lib\netcoreapp3.1\Caliburn.Micro.Platform.dll [C:\Users\ultra\warewolf\Dev\Dev2.Runtime.WebServer\Dev2.Runtime.WebServer.csproj]
C:\Program Files\dotnet\sdk\10.0.201\Microsoft.Common.CurrentVersion.targets(2451,5): warning MSB3277:           Project file item includes which caused reference "C:\Users\ultra\.nuget\packages\caliburn.micro\4.0.212\lib\netcoreapp3.1\Caliburn.Micro.Platform.dll". [C:\Users\ultra\warewolf\Dev\Dev2.Runtime.WebServer\Dev2.Runtime.WebServer.csproj]
C:\Program Files\dotnet\sdk\10.0.201\Microsoft.Common.CurrentVersion.targets(2451,5): warning MSB3277:             C:\Users\ultra\.nuget\packages\caliburn.micro\4.0.212\lib\netcoreapp3.1\Caliburn.Micro.Platform.dll [C:\Users\ultra\warewolf\Dev\Dev2.Runtime.WebServer\Dev2.Runtime.WebServer.csproj]
C:\Program Files\dotnet\sdk\10.0.201\Microsoft.Common.CurrentVersion.targets(2451,5): warning MSB3277:         C:\Users\ultra\.nuget\packages\ironpython\3.4.0\lib\net6.0\IronPython.Wpf.dll [C:\Users\ultra\warewolf\Dev\Dev2.Runtime.WebServer\Dev2.Runtime.WebServer.csproj]
C:\Program Files\dotnet\sdk\10.0.201\Microsoft.Common.CurrentVersion.targets(2451,5): warning MSB3277:           Project file item includes which caused reference "C:\Users\ultra\.nuget\packages\ironpython\3.4.0\lib\net6.0\IronPython.Wpf.dll". [C:\Users\ultra\warewolf\Dev\Dev2.Runtime.WebServer\Dev2.Runtime.WebServer.csproj]
C:\Program Files\dotnet\sdk\10.0.201\Microsoft.Common.CurrentVersion.targets(2451,5): warning MSB3277:             C:\Users\ultra\.nuget\packages\ironpython\3.4.0\lib\net6.0\IronPython.Wpf.dll [C:\Users\ultra\warewolf\Dev\Dev2.Runtime.WebServer\Dev2.Runtime.WebServer.csproj]
C:\Program Files\dotnet\sdk\10.0.201\Microsoft.Common.CurrentVersion.targets(2451,5): warning MSB3277:         C:\Users\ultra\.nuget\packages\microsoft.xaml.behaviors.wpf\1.1.122\lib\net462\Microsoft.Xaml.Behaviors.dll [C:\Users\ultra\warewolf\Dev\Dev2.Runtime.WebServer\Dev2.Runtime.WebServer.csproj]
C:\Program Files\dotnet\sdk\10.0.201\Microsoft.Common.CurrentVersion.targets(2451,5): warning MSB3277:           Project file item includes which caused reference "C:\Users\ultra\.nuget\packages\microsoft.xaml.behaviors.wpf\1.1.122\lib\net462\Microsoft.Xaml.Behaviors.dll". [C:\Users\ultra\warewolf\Dev\Dev2.Runtime.WebServer\Dev2.Runtime.WebServer.csproj]
C:\Program Files\dotnet\sdk\10.0.201\Microsoft.Common.CurrentVersion.targets(2451,5): warning MSB3277:             C:\Users\ultra\.nuget\packages\microsoft.xaml.behaviors.wpf\1.1.122\lib\net462\Microsoft.Xaml.Behaviors.dll [C:\Users\ultra\warewolf\Dev\Dev2.Runtime.WebServer\Dev2.Runtime.WebServer.csproj]
C:\Program Files\dotnet\sdk\10.0.201\Microsoft.Common.CurrentVersion.targets(2451,5): warning MSB3277:             C:\Users\ultra\.nuget\packages\caliburn.micro\4.0.212\lib\netcoreapp3.1\Caliburn.Micro.Platform.dll [C:\Users\ultra\warewolf\Dev\Dev2.Runtime.WebServer\Dev2.Runtime.WebServer.csproj]
C:\Program Files\dotnet\sdk\10.0.201\Microsoft.Common.CurrentVersion.targets(2451,5): warning MSB3277:             C:\Users\ultra\.nuget\packages\prism.wpf\9.0.537\lib\net462\Prism.Wpf.dll [C:\Users\ultra\warewolf\Dev\Dev2.Runtime.WebServer\Dev2.Runtime.WebServer.csproj]
C:\Program Files\dotnet\sdk\10.0.201\Microsoft.Common.CurrentVersion.targets(2451,5): warning MSB3277:         C:\Users\ultra\.nuget\packages\prism.wpf\9.0.537\lib\net462\Prism.Wpf.dll [C:\Users\ultra\warewolf\Dev\Dev2.Runtime.WebServer\Dev2.Runtime.WebServer.csproj]
C:\Program Files\dotnet\sdk\10.0.201\Microsoft.Common.CurrentVersion.targets(2451,5): warning MSB3277:           Project file item includes which caused reference "C:\Users\ultra\.nuget\packages\prism.wpf\9.0.537\lib\net462\Prism.Wpf.dll". [C:\Users\ultra\warewolf\Dev\Dev2.Runtime.WebServer\Dev2.Runtime.WebServer.csproj]
C:\Program Files\dotnet\sdk\10.0.201\Microsoft.Common.CurrentVersion.targets(2451,5): warning MSB3277:             C:\Users\ultra\.nuget\packages\prism.wpf\9.0.537\lib\net462\Prism.Wpf.dll [C:\Users\ultra\warewolf\Dev\Dev2.Runtime.WebServer\Dev2.Runtime.WebServer.csproj]
C:\Program Files\dotnet\sdk\10.0.201\Microsoft.Common.CurrentVersion.targets(2451,5): warning MSB3277:         C:\Users\ultra\.nuget\packages\reactiveui.wpf\18.4.1\lib\net462\ReactiveUI.Wpf.dll [C:\Users\ultra\warewolf\Dev\Dev2.Runtime.WebServer\Dev2.Runtime.WebServer.csproj]
C:\Program Files\dotnet\sdk\10.0.201\Microsoft.Common.CurrentVersion.targets(2451,5): warning MSB3277:           Project file item includes which caused reference "C:\Users\ultra\.nuget\packages\reactiveui.wpf\18.4.1\lib\net462\ReactiveUI.Wpf.dll". [C:\Users\ultra\warewolf\Dev\Dev2.Runtime.WebServer\Dev2.Runtime.WebServer.csproj]
C:\Program Files\dotnet\sdk\10.0.201\Microsoft.Common.CurrentVersion.targets(2451,5): warning MSB3277:             C:\Users\ultra\.nuget\packages\reactiveui.wpf\18.4.1\lib\net462\ReactiveUI.Wpf.dll [C:\Users\ultra\warewolf\Dev\Dev2.Runtime.WebServer\Dev2.Runtime.WebServer.csproj]
C:\Users\ultra\warewolf\Dev\Dev2.Runtime.WebServer\AnonymousAuthenticationHandler.cs(15,9): warning CS0618: 'ISystemClock' is obsolete: 'Use TimeProvider instead.' [C:\Users\ultra\warewolf\Dev\Dev2.Runtime.WebServer\Dev2.Runtime.WebServer.csproj]
C:\Users\ultra\warewolf\Dev\Dev2.Runtime.WebServer\BasicAuthenticationHandler.cs(20,13): warning CS0618: 'ISystemClock' is obsolete: 'Use TimeProvider instead.' [C:\Users\ultra\warewolf\Dev\Dev2.Runtime.WebServer\Dev2.Runtime.WebServer.csproj]
C:\Users\ultra\warewolf\Dev\Dev2.Runtime.WebServer\BasicAuthenticationHandler.cs(21,13): warning CS0618: 'AuthenticationHandler<AuthenticationSchemeOptions>.AuthenticationHandler(IOptionsMonitor<AuthenticationSchemeOptions>, ILoggerFactory, UrlEncoder, ISystemClock)' is obsolete: 'ISystemClock is obsolete, use TimeProvider on AuthenticationSchemeOptions instead.' [C:\Users\ultra\warewolf\Dev\Dev2.Runtime.WebServer\Dev2.Runtime.WebServer.csproj]
C:\Users\ultra\warewolf\Dev\Dev2.Runtime.WebServer\AnonymousAuthenticationHandler.cs(16,9): warning CS0618: 'AuthenticationHandler<AuthenticationSchemeOptions>.AuthenticationHandler(IOptionsMonitor<AuthenticationSchemeOptions>, ILoggerFactory, UrlEncoder, ISystemClock)' is obsolete: 'ISystemClock is obsolete, use TimeProvider on AuthenticationSchemeOptions instead.' [C:\Users\ultra\warewolf\Dev\Dev2.Runtime.WebServer\Dev2.Runtime.WebServer.csproj]
C:\Users\ultra\warewolf\Dev\Dev2.Runtime.WebServer\Executor\ExecutionDtoExtensions.cs(119,13): warning CC0105: Use 'var' instead of specifying the type name. (https://code-cracker.github.io/diagnostics/CC0105.html) [C:\Users\ultra\warewolf\Dev\Dev2.Runtime.WebServer\Dev2.Runtime.WebServer.csproj]
C:\Users\ultra\warewolf\Dev\Dev2.Runtime.WebServer\BasicAuthenticationHandler.cs(70,13): warning CC0003: Consider adding an Exception to the catch. (https://code-cracker.github.io/diagnostics/CC0003.html) [C:\Users\ultra\warewolf\Dev\Dev2.Runtime.WebServer\Dev2.Runtime.WebServer.csproj]
C:\Users\ultra\warewolf\Dev\Dev2.Runtime.WebServer\Handlers\GetLogFileServiceHandler.cs(129,21): warning CC0105: Use 'var' instead of specifying the type name. (https://code-cracker.github.io/diagnostics/CC0105.html) [C:\Users\ultra\warewolf\Dev\Dev2.Runtime.WebServer\Dev2.Runtime.WebServer.csproj]
C:\Users\ultra\warewolf\Dev\Dev2.Runtime.WebServer\ServiceTesting\ServiceTestCoverageModelHTMLResultBuilder.cs(138,13): warning CC0105: Use 'var' instead of specifying the type name. (https://code-cracker.github.io/diagnostics/CC0105.html) [C:\Users\ultra\warewolf\Dev\Dev2.Runtime.WebServer\Dev2.Runtime.WebServer.csproj]
C:\Users\ultra\warewolf\Dev\Dev2.Runtime.WebServer\ServiceTesting\ServiceTestCoverageModelHTMLResultBuilder.cs(139,13): warning CC0105: Use 'var' instead of specifying the type name. (https://code-cracker.github.io/diagnostics/CC0105.html) [C:\Users\ultra\warewolf\Dev\Dev2.Runtime.WebServer\Dev2.Runtime.WebServer.csproj]
C:\Users\ultra\warewolf\Dev\Dev2.Runtime.WebServer\ServiceTesting\ServiceTestModelJObjectResultBuilder.cs(101,13): warning CC0105: Use 'var' instead of specifying the type name. (https://code-cracker.github.io/diagnostics/CC0105.html) [C:\Users\ultra\warewolf\Dev\Dev2.Runtime.WebServer\Dev2.Runtime.WebServer.csproj]
  Dev2.Runtime.WebServer -> C:\Users\ultra\warewolf\Dev\Dev2.Runtime.WebServer\bin\Debug\net8.0\Dev2.Runtime.WebServer.dll
C:\Program Files\dotnet\sdk\10.0.201\Microsoft.Common.CurrentVersion.targets(2451,5): warning MSB3277: Found conflicts between different versions of "WindowsBase" that could not be resolved. [C:\Users\ultra\warewolf\Dev\Dev2.Infrastructure.Tests\Dev2.Infrastructure.Tests.csproj]
C:\Program Files\dotnet\sdk\10.0.201\Microsoft.Common.CurrentVersion.targets(2451,5): warning MSB3277: There was a conflict between "WindowsBase, Version=4.0.0.0, Culture=neutral, PublicKeyToken=31bf3856ad364e35" and "WindowsBase, Version=6.0.2.0, Culture=neutral, PublicKeyToken=31bf3856ad364e35". [C:\Users\ultra\warewolf\Dev\Dev2.Infrastructure.Tests\Dev2.Infrastructure.Tests.csproj]
C:\Program Files\dotnet\sdk\10.0.201\Microsoft.Common.CurrentVersion.targets(2451,5): warning MSB3277:     "WindowsBase, Version=4.0.0.0, Culture=neutral, PublicKeyToken=31bf3856ad364e35" was chosen because it was primary and "WindowsBase, Version=6.0.2.0, Culture=neutral, PublicKeyToken=31bf3856ad364e35" was not. [C:\Users\ultra\warewolf\Dev\Dev2.Infrastructure.Tests\Dev2.Infrastructure.Tests.csproj]
C:\Program Files\dotnet\sdk\10.0.201\Microsoft.Common.CurrentVersion.targets(2451,5): warning MSB3277:     References which depend on "WindowsBase, Version=4.0.0.0, Culture=neutral, PublicKeyToken=31bf3856ad364e35" [C:\Program Files\dotnet\packs\Microsoft.NETCore.App.Ref\8.0.25\ref\net8.0\WindowsBase.dll]. [C:\Users\ultra\warewolf\Dev\Dev2.Infrastructure.Tests\Dev2.Infrastructure.Tests.csproj]
C:\Program Files\dotnet\sdk\10.0.201\Microsoft.Common.CurrentVersion.targets(2451,5): warning MSB3277:         C:\Program Files\dotnet\packs\Microsoft.NETCore.App.Ref\8.0.25\ref\net8.0\WindowsBase.dll [C:\Users\ultra\warewolf\Dev\Dev2.Infrastructure.Tests\Dev2.Infrastructure.Tests.csproj]
C:\Program Files\dotnet\sdk\10.0.201\Microsoft.Common.CurrentVersion.targets(2451,5): warning MSB3277:           Project file item includes which caused reference "C:\Program Files\dotnet\packs\Microsoft.NETCore.App.Ref\8.0.25\ref\net8.0\WindowsBase.dll". [C:\Users\ultra\warewolf\Dev\Dev2.Infrastructure.Tests\Dev2.Infrastructure.Tests.csproj]
C:\Program Files\dotnet\sdk\10.0.201\Microsoft.Common.CurrentVersion.targets(2451,5): warning MSB3277:             C:\Program Files\dotnet\packs\Microsoft.NETCore.App.Ref\8.0.25\ref/net8.0/WindowsBase.dll [C:\Users\ultra\warewolf\Dev\Dev2.Infrastructure.Tests\Dev2.Infrastructure.Tests.csproj]
C:\Program Files\dotnet\sdk\10.0.201\Microsoft.Common.CurrentVersion.targets(2451,5): warning MSB3277:     References which depend on or have been unified to "WindowsBase, Version=6.0.2.0, Culture=neutral, PublicKeyToken=31bf3856ad364e35" []. [C:\Users\ultra\warewolf\Dev\Dev2.Infrastructure.Tests\Dev2.Infrastructure.Tests.csproj]
C:\Program Files\dotnet\sdk\10.0.201\Microsoft.Common.CurrentVersion.targets(2451,5): warning MSB3277:         C:\Users\ultra\.nuget\packages\caliburn.micro\4.0.212\lib\netcoreapp3.1\Caliburn.Micro.Platform.dll [C:\Users\ultra\warewolf\Dev\Dev2.Infrastructure.Tests\Dev2.Infrastructure.Tests.csproj]
C:\Program Files\dotnet\sdk\10.0.201\Microsoft.Common.CurrentVersion.targets(2451,5): warning MSB3277:           Project file item includes which caused reference "C:\Users\ultra\.nuget\packages\caliburn.micro\4.0.212\lib\netcoreapp3.1\Caliburn.Micro.Platform.dll". [C:\Users\ultra\warewolf\Dev\Dev2.Infrastructure.Tests\Dev2.Infrastructure.Tests.csproj]
C:\Program Files\dotnet\sdk\10.0.201\Microsoft.Common.CurrentVersion.targets(2451,5): warning MSB3277:             C:\Users\ultra\.nuget\packages\caliburn.micro\4.0.212\lib\netcoreapp3.1\Caliburn.Micro.Platform.dll [C:\Users\ultra\warewolf\Dev\Dev2.Infrastructure.Tests\Dev2.Infrastructure.Tests.csproj]
C:\Program Files\dotnet\sdk\10.0.201\Microsoft.Common.CurrentVersion.targets(2451,5): warning MSB3277:         C:\Users\ultra\.nuget\packages\ironpython\3.4.0\lib\net6.0\IronPython.Wpf.dll [C:\Users\ultra\warewolf\Dev\Dev2.Infrastructure.Tests\Dev2.Infrastructure.Tests.csproj]
C:\Program Files\dotnet\sdk\10.0.201\Microsoft.Common.CurrentVersion.targets(2451,5): warning MSB3277:           Project file item includes which caused reference "C:\Users\ultra\.nuget\packages\ironpython\3.4.0\lib\net6.0\IronPython.Wpf.dll". [C:\Users\ultra\warewolf\Dev\Dev2.Infrastructure.Tests\Dev2.Infrastructure.Tests.csproj]
C:\Program Files\dotnet\sdk\10.0.201\Microsoft.Common.CurrentVersion.targets(2451,5): warning MSB3277:             C:\Users\ultra\.nuget\packages\ironpython\3.4.0\lib\net6.0\IronPython.Wpf.dll [C:\Users\ultra\warewolf\Dev\Dev2.Infrastructure.Tests\Dev2.Infrastructure.Tests.csproj]
C:\Program Files\dotnet\sdk\10.0.201\Microsoft.Common.CurrentVersion.targets(2451,5): warning MSB3277:         C:\Users\ultra\.nuget\packages\microsoft.xaml.behaviors.wpf\1.1.122\lib\net462\Microsoft.Xaml.Behaviors.dll [C:\Users\ultra\warewolf\Dev\Dev2.Infrastructure.Tests\Dev2.Infrastructure.Tests.csproj]
C:\Program Files\dotnet\sdk\10.0.201\Microsoft.Common.CurrentVersion.targets(2451,5): warning MSB3277:           Project file item includes which caused reference "C:\Users\ultra\.nuget\packages\microsoft.xaml.behaviors.wpf\1.1.122\lib\net462\Microsoft.Xaml.Behaviors.dll". [C:\Users\ultra\warewolf\Dev\Dev2.Infrastructure.Tests\Dev2.Infrastructure.Tests.csproj]
C:\Program Files\dotnet\sdk\10.0.201\Microsoft.Common.CurrentVersion.targets(2451,5): warning MSB3277:             C:\Users\ultra\.nuget\packages\microsoft.xaml.behaviors.wpf\1.1.122\lib\net462\Microsoft.Xaml.Behaviors.dll [C:\Users\ultra\warewolf\Dev\Dev2.Infrastructure.Tests\Dev2.Infrastructure.Tests.csproj]
C:\Program Files\dotnet\sdk\10.0.201\Microsoft.Common.CurrentVersion.targets(2451,5): warning MSB3277:             C:\Users\ultra\.nuget\packages\caliburn.micro\4.0.212\lib\netcoreapp3.1\Caliburn.Micro.Platform.dll [C:\Users\ultra\warewolf\Dev\Dev2.Infrastructure.Tests\Dev2.Infrastructure.Tests.csproj]
C:\Program Files\dotnet\sdk\10.0.201\Microsoft.Common.CurrentVersion.targets(2451,5): warning MSB3277:             C:\Users\ultra\.nuget\packages\prism.wpf\9.0.537\lib\net462\Prism.Wpf.dll [C:\Users\ultra\warewolf\Dev\Dev2.Infrastructure.Tests\Dev2.Infrastructure.Tests.csproj]
C:\Program Files\dotnet\sdk\10.0.201\Microsoft.Common.CurrentVersion.targets(2451,5): warning MSB3277:         C:\Users\ultra\.nuget\packages\prism.wpf\9.0.537\lib\net462\Prism.Wpf.dll [C:\Users\ultra\warewolf\Dev\Dev2.Infrastructure.Tests\Dev2.Infrastructure.Tests.csproj]
C:\Program Files\dotnet\sdk\10.0.201\Microsoft.Common.CurrentVersion.targets(2451,5): warning MSB3277:           Project file item includes which caused reference "C:\Users\ultra\.nuget\packages\prism.wpf\9.0.537\lib\net462\Prism.Wpf.dll". [C:\Users\ultra\warewolf\Dev\Dev2.Infrastructure.Tests\Dev2.Infrastructure.Tests.csproj]
C:\Program Files\dotnet\sdk\10.0.201\Microsoft.Common.CurrentVersion.targets(2451,5): warning MSB3277:             C:\Users\ultra\.nuget\packages\prism.wpf\9.0.537\lib\net462\Prism.Wpf.dll [C:\Users\ultra\warewolf\Dev\Dev2.Infrastructure.Tests\Dev2.Infrastructure.Tests.csproj]
C:\Program Files\dotnet\sdk\10.0.201\Microsoft.Common.CurrentVersion.targets(2451,5): warning MSB3277:         C:\Users\ultra\.nuget\packages\reactiveui.wpf\18.4.1\lib\net462\ReactiveUI.Wpf.dll [C:\Users\ultra\warewolf\Dev\Dev2.Infrastructure.Tests\Dev2.Infrastructure.Tests.csproj]
C:\Program Files\dotnet\sdk\10.0.201\Microsoft.Common.CurrentVersion.targets(2451,5): warning MSB3277:           Project file item includes which caused reference "C:\Users\ultra\.nuget\packages\reactiveui.wpf\18.4.1\lib\net462\ReactiveUI.Wpf.dll". [C:\Users\ultra\warewolf\Dev\Dev2.Infrastructure.Tests\Dev2.Infrastructure.Tests.csproj]
C:\Program Files\dotnet\sdk\10.0.201\Microsoft.Common.CurrentVersion.targets(2451,5): warning MSB3277:             C:\Users\ultra\.nuget\packages\reactiveui.wpf\18.4.1\lib\net462\ReactiveUI.Wpf.dll [C:\Users\ultra\warewolf\Dev\Dev2.Infrastructure.Tests\Dev2.Infrastructure.Tests.csproj]
C:\Users\ultra\warewolf\Dev\Warewolf.UnitTestAttributes\Depends.cs(587,5): warning SYSLIB0014: 'WebClient.WebClient()' is obsolete: 'WebRequest, HttpWebRequest, ServicePoint, and WebClient are obsolete. Use HttpClient instead.' (https://aka.ms/dotnet-warnings/SYSLIB0014) [C:\Users\ultra\warewolf\Dev\Dev2.Infrastructure.Tests\Dev2.Infrastructure.Tests.csproj]
C:\Users\ultra\warewolf\Dev\Warewolf.UnitTestAttributes\Depends.cs(309,33): warning SYSLIB0014: 'WebClient.WebClient()' is obsolete: 'WebRequest, HttpWebRequest, ServicePoint, and WebClient are obsolete. Use HttpClient instead.' (https://aka.ms/dotnet-warnings/SYSLIB0014) [C:\Users\ultra\warewolf\Dev\Dev2.Infrastructure.Tests\Dev2.Infrastructure.Tests.csproj]
C:\Users\ultra\warewolf\Dev\Warewolf.UnitTestAttributes\Depends.cs(523,30): warning SYSLIB0014: 'WebClient.WebClient()' is obsolete: 'WebRequest, HttpWebRequest, ServicePoint, and WebClient are obsolete. Use HttpClient instead.' (https://aka.ms/dotnet-warnings/SYSLIB0014) [C:\Users\ultra\warewolf\Dev\Dev2.Infrastructure.Tests\Dev2.Infrastructure.Tests.csproj]
C:\Users\ultra\warewolf\Dev\Dev2.Infrastructure.Tests\MoqInstallerActions\IntallerActionsForDevelopmentTest.cs(30,31): warning CA1416: This call site is reachable on all platforms. 'WindowsIdentity.GetCurrent(bool)' is only supported on: 'windows'. (https://learn.microsoft.com/dotnet/fundamentals/code-analysis/quality-rules/ca1416) [C:\Users\ultra\warewolf\Dev\Dev2.Infrastructure.Tests\Dev2.Infrastructure.Tests.csproj]
C:\Users\ultra\warewolf\Dev\Dev2.Infrastructure.Tests\MoqInstallerActions\IntallerActionsForDevelopmentTest.cs(67,57): warning CA1416: This call site is reachable on all platforms. 'WindowsIdentity.Name' is only supported on: 'windows'. (https://learn.microsoft.com/dotnet/fundamentals/code-analysis/quality-rules/ca1416) [C:\Users\ultra\warewolf\Dev\Dev2.Infrastructure.Tests\Dev2.Infrastructure.Tests.csproj]
C:\Users\ultra\warewolf\Dev\Dev2.Infrastructure.Tests\MoqInstallerActions\IntallerActionsForDevelopmentTest.cs(40,57): warning CA1416: This call site is reachable on all platforms. 'WindowsIdentity.Name' is only supported on: 'windows'. (https://learn.microsoft.com/dotnet/fundamentals/code-analysis/quality-rules/ca1416) [C:\Users\ultra\warewolf\Dev\Dev2.Infrastructure.Tests\Dev2.Infrastructure.Tests.csproj]
C:\Users\ultra\warewolf\Dev\Dev2.Infrastructure.Tests\MoqInstallerActions\IntallerActionsForDevelopmentTest.cs(57,31): warning CA1416: This call site is reachable on all platforms. 'WindowsIdentity.GetCurrent(bool)' is only supported on: 'windows'. (https://learn.microsoft.com/dotnet/fundamentals/code-analysis/quality-rules/ca1416) [C:\Users\ultra\warewolf\Dev\Dev2.Infrastructure.Tests\Dev2.Infrastructure.Tests.csproj]
  Dev2.Infrastructure.Tests -> C:\Users\ultra\warewolf\Dev\Dev2.Infrastructure.Tests\bin\Debug\net8.0\linux-x64\Dev2.Infrastructure.Tests.dll
C:\Users\ultra\warewolf\Dev\Warewolf.Auditing.Tests\AuditQueryableElasticsearchTests.cs(399,20): warning CS0618: 'ElasticsearchClient.Search<TDocument>(SearchRequest)' is obsolete: 'Synchronous methods are deprecated and could be removed in the future.' [C:\Users\ultra\warewolf\Dev\Warewolf.Auditing.Tests\Warewolf.Auditing.Tests.csproj]
C:\Users\ultra\warewolf\Dev\Warewolf.Auditing.Tests\AuditQueryableElasticsearchTests.cs(152,29): warning CS0618: 'ElasticsearchClient.Search<TDocument>(SearchRequestDescriptor<TDocument>)' is obsolete: 'Synchronous methods are deprecated and could be removed in the future.' [C:\Users\ultra\warewolf\Dev\Warewolf.Auditing.Tests\Warewolf.Auditing.Tests.csproj]
C:\Users\ultra\warewolf\Dev\Warewolf.Auditing.Tests\AuditQueryableElasticsearchTests.cs(288,42): warning CS0618: 'ElasticsearchClient.Search<TDocument>(SearchRequestDescriptor<TDocument>)' is obsolete: 'Synchronous methods are deprecated and could be removed in the future.' [C:\Users\ultra\warewolf\Dev\Warewolf.Auditing.Tests\Warewolf.Auditing.Tests.csproj]
  Warewolf.Auditing.Tests -> C:\Users\ultra\warewolf\Dev\Warewolf.Auditing.Tests\bin\Debug\net8.0\linux-x64\Warewolf.Auditing.Tests.dll
  Warewolf.Auditing.Tests -> C:\Users\ultra\warewolf\Bin\ServerTests-Linux\Warewolf.Auditing.Tests\
Publishing Warewolf.Common.Framework48.Tests for linux-x64...
  Determining projects to restore...
C:\Users\ultra\warewolf\Dev\Dev2.CustomControls\Dev2.CustomControls.csproj(135,14): warning MSB4130: The condition "'$(TargetFramework)' != '' and ($(TargetFramework.EndsWith('-windows')) or '$(TargetFramework)' == 'net48') Or '$(TargetFrameworkIdentifier)' == '.NETFramework'" may have been evaluated incorrectly in an earlier version of MSBuild. Please verify that the order of the AND and OR clauses is written as intended. To avoid this warning, add parentheses to make the evaluation order explicit.
C:\Users\ultra\warewolf\Dev\Warewolf.Language.Parser\Warewolf.Language.Parser.fsproj : warning NU1504: Duplicate 'PackageReference' items found. Remove the duplicate items or use the Update functionality to ensure a consistent restore behavior. The duplicate 'PackageReference' items are: FSharp.Core 10.1.201, FSharp.Core 4.6.2.
C:\Users\ultra\warewolf\Dev\Dev2.Data.Interfaces\Dev2.Data.Interfaces.csproj : warning NU1903: Package 'DotNetZip' 1.16.0 has a known high severity vulnerability, https://github.com/advisories/GHSA-xhg6-9j5j-w4vf [C:\Users\ultra\warewolf\Dev\Warewolf.Common.Framework48.Tests\Warewolf.Common.Framework48.Tests.csproj]
C:\Users\ultra\warewolf\Dev\Dev2.CustomControls\Dev2.CustomControls.csproj : warning NU1903: Package 'Microsoft.Windows.Compatibility' 6.0.0 has a known high severity vulnerability, https://github.com/advisories/GHSA-555c-2p6r-68mm [C:\Users\ultra\warewolf\Dev\Warewolf.Common.Framework48.Tests\Warewolf.Common.Framework48.Tests.csproj]
C:\Users\ultra\warewolf\Dev\Dev2.Development.Languages\Dev2.Development.Languages.csproj : warning NU1701: Package 'AeroWizard 2.3.1' was restored using '.NETFramework,Version=v4.6.1, .NETFramework,Version=v4.6.2, .NETFramework,Version=v4.7, .NETFramework,Version=v4.7.1, .NETFramework,Version=v4.7.2, .NETFramework,Version=v4.8, .NETFramework,Version=v4.8.1' instead of the project target framework 'net8.0'. This package may not be fully compatible with your project. [C:\Users\ultra\warewolf\Dev\Warewolf.Common.Framework48.Tests\Warewolf.Common.Framework48.Tests.csproj]
C:\Users\ultra\warewolf\Dev\Dev2.Common.Interfaces\Dev2.Common.Interfaces.csproj : warning NU1903: Package 'Microsoft.Windows.Compatibility' 6.0.0 has a known high severity vulnerability, https://github.com/advisories/GHSA-555c-2p6r-68mm [C:\Users\ultra\warewolf\Dev\Warewolf.Common.Framework48.Tests\Warewolf.Common.Framework48.Tests.csproj]
C:\Users\ultra\warewolf\Dev\Dev2.Activities\Dev2.Activities.csproj : warning NU1903: Package 'Microsoft.Windows.Compatibility' 6.0.0 has a known high severity vulnerability, https://github.com/advisories/GHSA-555c-2p6r-68mm [C:\Users\ultra\warewolf\Dev\Warewolf.Common.Framework48.Tests\Warewolf.Common.Framework48.Tests.csproj]
C:\Users\ultra\warewolf\Dev\Dev2.Scheduler\Dev2.Scheduler.csproj : warning NU1701: Package 'AeroWizard 2.3.1' was restored using '.NETFramework,Version=v4.6.1, .NETFramework,Version=v4.6.2, .NETFramework,Version=v4.7, .NETFramework,Version=v4.7.1, .NETFramework,Version=v4.7.2, .NETFramework,Version=v4.8, .NETFramework,Version=v4.8.1' instead of the project target framework 'net8.0'. This package may not be fully compatible with your project. [C:\Users\ultra\warewolf\Dev\Warewolf.Common.Framework48.Tests\Warewolf.Common.Framework48.Tests.csproj]
C:\Users\ultra\warewolf\Dev\Dev2.Common\Dev2.Common.csproj : warning NU1903: Package 'Microsoft.Windows.Compatibility' 6.0.0 has a known high severity vulnerability, https://github.com/advisories/GHSA-555c-2p6r-68mm [C:\Users\ultra\warewolf\Dev\Warewolf.Common.Framework48.Tests\Warewolf.Common.Framework48.Tests.csproj]
C:\Users\ultra\warewolf\Dev\Dev2.Data\Dev2.Data.csproj : warning NU1701: Package 'AeroWizard 2.3.1' was restored using '.NETFramework,Version=v4.6.1, .NETFramework,Version=v4.6.2, .NETFramework,Version=v4.7, .NETFramework,Version=v4.7.1, .NETFramework,Version=v4.7.2, .NETFramework,Version=v4.8, .NETFramework,Version=v4.8.1' instead of the project target framework 'net8.0'. This package may not be fully compatible with your project. [C:\Users\ultra\warewolf\Dev\Warewolf.Common.Framework48.Tests\Warewolf.Common.Framework48.Tests.csproj]
C:\Users\ultra\warewolf\Dev\Dev2.Core\Dev2.Core.csproj : warning NU1903: Package 'Microsoft.Windows.Compatibility' 6.0.0 has a known high severity vulnerability, https://github.com/advisories/GHSA-555c-2p6r-68mm [C:\Users\ultra\warewolf\Dev\Warewolf.Common.Framework48.Tests\Warewolf.Common.Framework48.Tests.csproj]
C:\Users\ultra\warewolf\Dev\Dev2.Common\Dev2.Common.csproj : warning NU1701: Package 'AeroWizard 2.3.1' was restored using '.NETFramework,Version=v4.6.1, .NETFramework,Version=v4.6.2, .NETFramework,Version=v4.7, .NETFramework,Version=v4.7.1, .NETFramework,Version=v4.7.2, .NETFramework,Version=v4.8, .NETFramework,Version=v4.8.1' instead of the project target framework 'net8.0'. This package may not be fully compatible with your project. [C:\Users\ultra\warewolf\Dev\Warewolf.Common.Framework48.Tests\Warewolf.Common.Framework48.Tests.csproj]
C:\Users\ultra\warewolf\Dev\Dev2.Scheduler\Dev2.Scheduler.csproj : warning NU1701: Package 'GroupControls 1.9.0' was restored using '.NETFramework,Version=v4.6.1, .NETFramework,Version=v4.6.2, .NETFramework,Version=v4.7, .NETFramework,Version=v4.7.1, .NETFramework,Version=v4.7.2, .NETFramework,Version=v4.8, .NETFramework,Version=v4.8.1' instead of the project target framework 'net8.0'. This package may not be fully compatible with your project. [C:\Users\ultra\warewolf\Dev\Warewolf.Common.Framework48.Tests\Warewolf.Common.Framework48.Tests.csproj]
C:\Users\ultra\warewolf\Dev\Dev2.CustomControls\Dev2.CustomControls.csproj : warning NU1701: Package 'AeroWizard 2.3.1' was restored using '.NETFramework,Version=v4.6.1, .NETFramework,Version=v4.6.2, .NETFramework,Version=v4.7, .NETFramework,Version=v4.7.1, .NETFramework,Version=v4.7.2, .NETFramework,Version=v4.8, .NETFramework,Version=v4.8.1' instead of the project target framework 'net8.0'. This package may not be fully compatible with your project. [C:\Users\ultra\warewolf\Dev\Warewolf.Common.Framework48.Tests\Warewolf.Common.Framework48.Tests.csproj]
C:\Users\ultra\warewolf\Dev\Dev2.Activities\Dev2.Activities.csproj : warning NU1701: Package 'AeroWizard 2.3.1' was restored using '.NETFramework,Version=v4.6.1, .NETFramework,Version=v4.6.2, .NETFramework,Version=v4.7, .NETFramework,Version=v4.7.1, .NETFramework,Version=v4.7.2, .NETFramework,Version=v4.8, .NETFramework,Version=v4.8.1' instead of the project target framework 'net8.0'. This package may not be fully compatible with your project. [C:\Users\ultra\warewolf\Dev\Warewolf.Common.Framework48.Tests\Warewolf.Common.Framework48.Tests.csproj]
C:\Users\ultra\warewolf\Dev\Dev2.Development.Languages\Dev2.Development.Languages.csproj : warning NU1701: Package 'GroupControls 1.9.0' was restored using '.NETFramework,Version=v4.6.1, .NETFramework,Version=v4.6.2, .NETFramework,Version=v4.7, .NETFramework,Version=v4.7.1, .NETFramework,Version=v4.7.2, .NETFramework,Version=v4.8, .NETFramework,Version=v4.8.1' instead of the project target framework 'net8.0'. This package may not be fully compatible with your project. [C:\Users\ultra\warewolf\Dev\Warewolf.Common.Framework48.Tests\Warewolf.Common.Framework48.Tests.csproj]
C:\Users\ultra\warewolf\Dev\Dev2.Data\Dev2.Data.csproj : warning NU1701: Package 'GroupControls 1.9.0' was restored using '.NETFramework,Version=v4.6.1, .NETFramework,Version=v4.6.2, .NETFramework,Version=v4.7, .NETFramework,Version=v4.7.1, .NETFramework,Version=v4.7.2, .NETFramework,Version=v4.8, .NETFramework,Version=v4.8.1' instead of the project target framework 'net8.0'. This package may not be fully compatible with your project. [C:\Users\ultra\warewolf\Dev\Warewolf.Common.Framework48.Tests\Warewolf.Common.Framework48.Tests.csproj]
C:\Users\ultra\warewolf\Dev\Dev2.Common\Dev2.Common.csproj : warning NU1701: Package 'GroupControls 1.9.0' was restored using '.NETFramework,Version=v4.6.1, .NETFramework,Version=v4.6.2, .NETFramework,Version=v4.7, .NETFramework,Version=v4.7.1, .NETFramework,Version=v4.7.2, .NETFramework,Version=v4.8, .NETFramework,Version=v4.8.1' instead of the project target framework 'net8.0'. This package may not be fully compatible with your project. [C:\Users\ultra\warewolf\Dev\Warewolf.Common.Framework48.Tests\Warewolf.Common.Framework48.Tests.csproj]
C:\Users\ultra\warewolf\Dev\Dev2.Activities\Dev2.Activities.csproj : warning NU1701: Package 'GroupControls 1.9.0' was restored using '.NETFramework,Version=v4.6.1, .NETFramework,Version=v4.6.2, .NETFramework,Version=v4.7, .NETFramework,Version=v4.7.1, .NETFramework,Version=v4.7.2, .NETFramework,Version=v4.8, .NETFramework,Version=v4.8.1' instead of the project target framework 'net8.0'. This package may not be fully compatible with your project. [C:\Users\ultra\warewolf\Dev\Warewolf.Common.Framework48.Tests\Warewolf.Common.Framework48.Tests.csproj]
C:\Users\ultra\warewolf\Dev\Dev2.Core\Dev2.Core.csproj : warning NU1701: Package 'AeroWizard 2.3.1' was restored using '.NETFramework,Version=v4.6.1, .NETFramework,Version=v4.6.2, .NETFramework,Version=v4.7, .NETFramework,Version=v4.7.1, .NETFramework,Version=v4.7.2, .NETFramework,Version=v4.8, .NETFramework,Version=v4.8.1' instead of the project target framework 'net8.0'. This package may not be fully compatible with your project. [C:\Users\ultra\warewolf\Dev\Warewolf.Common.Framework48.Tests\Warewolf.Common.Framework48.Tests.csproj]
C:\Users\ultra\warewolf\Dev\Dev2.Development.Languages\Dev2.Development.Languages.csproj : warning NU1701: Package 'TaskSchedulerEditor 2.10.1' was restored using '.NETFramework,Version=v4.6.1, .NETFramework,Version=v4.6.2, .NETFramework,Version=v4.7, .NETFramework,Version=v4.7.1, .NETFramework,Version=v4.7.2, .NETFramework,Version=v4.8, .NETFramework,Version=v4.8.1' instead of the project target framework 'net8.0'. This package may not be fully compatible with your project. [C:\Users\ultra\warewolf\Dev\Warewolf.Common.Framework48.Tests\Warewolf.Common.Framework48.Tests.csproj]
C:\Users\ultra\warewolf\Dev\Dev2.Data\Dev2.Data.csproj : warning NU1701: Package 'ReactiveUI.WPF 18.4.1' was restored using '.NETFramework,Version=v4.6.1, .NETFramework,Version=v4.6.2, .NETFramework,Version=v4.7, .NETFramework,Version=v4.7.1, .NETFramework,Version=v4.7.2, .NETFramework,Version=v4.8, .NETFramework,Version=v4.8.1' instead of the project target framework 'net8.0'. This package may not be fully compatible with your project. [C:\Users\ultra\warewolf\Dev\Warewolf.Common.Framework48.Tests\Warewolf.Common.Framework48.Tests.csproj]
C:\Users\ultra\warewolf\Dev\Dev2.CustomControls\Dev2.CustomControls.csproj : warning NU1701: Package 'GroupControls 1.9.0' was restored using '.NETFramework,Version=v4.6.1, .NETFramework,Version=v4.6.2, .NETFramework,Version=v4.7, .NETFramework,Version=v4.7.1, .NETFramework,Version=v4.7.2, .NETFramework,Version=v4.8, .NETFramework,Version=v4.8.1' instead of the project target framework 'net8.0'. This package may not be fully compatible with your project. [C:\Users\ultra\warewolf\Dev\Warewolf.Common.Framework48.Tests\Warewolf.Common.Framework48.Tests.csproj]
C:\Users\ultra\warewolf\Dev\Dev2.Core\Dev2.Core.csproj : warning NU1701: Package 'GroupControls 1.9.0' was restored using '.NETFramework,Version=v4.6.1, .NETFramework,Version=v4.6.2, .NETFramework,Version=v4.7, .NETFramework,Version=v4.7.1, .NETFramework,Version=v4.7.2, .NETFramework,Version=v4.8, .NETFramework,Version=v4.8.1' instead of the project target framework 'net8.0'. This package may not be fully compatible with your project. [C:\Users\ultra\warewolf\Dev\Warewolf.Common.Framework48.Tests\Warewolf.Common.Framework48.Tests.csproj]
C:\Users\ultra\warewolf\Dev\Dev2.Scheduler\Dev2.Scheduler.csproj : warning NU1701: Package 'ReactiveUI.WPF 18.4.1' was restored using '.NETFramework,Version=v4.6.1, .NETFramework,Version=v4.6.2, .NETFramework,Version=v4.7, .NETFramework,Version=v4.7.1, .NETFramework,Version=v4.7.2, .NETFramework,Version=v4.8, .NETFramework,Version=v4.8.1' instead of the project target framework 'net8.0'. This package may not be fully compatible with your project. [C:\Users\ultra\warewolf\Dev\Warewolf.Common.Framework48.Tests\Warewolf.Common.Framework48.Tests.csproj]
C:\Users\ultra\warewolf\Dev\Dev2.Data\Dev2.Data.csproj : warning NU1701: Package 'TaskSchedulerEditor 2.10.1' was restored using '.NETFramework,Version=v4.6.1, .NETFramework,Version=v4.6.2, .NETFramework,Version=v4.7, .NETFramework,Version=v4.7.1, .NETFramework,Version=v4.7.2, .NETFramework,Version=v4.8, .NETFramework,Version=v4.8.1' instead of the project target framework 'net8.0'. This package may not be fully compatible with your project. [C:\Users\ultra\warewolf\Dev\Warewolf.Common.Framework48.Tests\Warewolf.Common.Framework48.Tests.csproj]
C:\Users\ultra\warewolf\Dev\Dev2.Activities\Dev2.Activities.csproj : warning NU1701: Package 'ReactiveUI.WPF 18.4.1' was restored using '.NETFramework,Version=v4.6.1, .NETFramework,Version=v4.6.2, .NETFramework,Version=v4.7, .NETFramework,Version=v4.7.1, .NETFramework,Version=v4.7.2, .NETFramework,Version=v4.8, .NETFramework,Version=v4.8.1' instead of the project target framework 'net8.0'. This package may not be fully compatible with your project. [C:\Users\ultra\warewolf\Dev\Warewolf.Common.Framework48.Tests\Warewolf.Common.Framework48.Tests.csproj]
C:\Users\ultra\warewolf\Dev\Dev2.Common\Dev2.Common.csproj : warning NU1701: Package 'TaskSchedulerEditor 2.10.1' was restored using '.NETFramework,Version=v4.6.1, .NETFramework,Version=v4.6.2, .NETFramework,Version=v4.7, .NETFramework,Version=v4.7.1, .NETFramework,Version=v4.7.2, .NETFramework,Version=v4.8, .NETFramework,Version=v4.8.1' instead of the project target framework 'net8.0'. This package may not be fully compatible with your project. [C:\Users\ultra\warewolf\Dev\Warewolf.Common.Framework48.Tests\Warewolf.Common.Framework48.Tests.csproj]
C:\Users\ultra\warewolf\Dev\Dev2.Scheduler\Dev2.Scheduler.csproj : warning NU1701: Package 'TaskSchedulerEditor 2.10.1' was restored using '.NETFramework,Version=v4.6.1, .NETFramework,Version=v4.6.2, .NETFramework,Version=v4.7, .NETFramework,Version=v4.7.1, .NETFramework,Version=v4.7.2, .NETFramework,Version=v4.8, .NETFramework,Version=v4.8.1' instead of the project target framework 'net8.0'. This package may not be fully compatible with your project. [C:\Users\ultra\warewolf\Dev\Warewolf.Common.Framework48.Tests\Warewolf.Common.Framework48.Tests.csproj]
C:\Users\ultra\warewolf\Dev\Dev2.Core\Dev2.Core.csproj : warning NU1701: Package 'ReactiveUI.WPF 18.4.1' was restored using '.NETFramework,Version=v4.6.1, .NETFramework,Version=v4.6.2, .NETFramework,Version=v4.7, .NETFramework,Version=v4.7.1, .NETFramework,Version=v4.7.2, .NETFramework,Version=v4.8, .NETFramework,Version=v4.8.1' instead of the project target framework 'net8.0'. This package may not be fully compatible with your project. [C:\Users\ultra\warewolf\Dev\Warewolf.Common.Framework48.Tests\Warewolf.Common.Framework48.Tests.csproj]
C:\Users\ultra\warewolf\Dev\Dev2.Activities\Dev2.Activities.csproj : warning NU1701: Package 'TaskSchedulerEditor 2.10.1' was restored using '.NETFramework,Version=v4.6.1, .NETFramework,Version=v4.6.2, .NETFramework,Version=v4.7, .NETFramework,Version=v4.7.1, .NETFramework,Version=v4.7.2, .NETFramework,Version=v4.8, .NETFramework,Version=v4.8.1' instead of the project target framework 'net8.0'. This package may not be fully compatible with your project. [C:\Users\ultra\warewolf\Dev\Warewolf.Common.Framework48.Tests\Warewolf.Common.Framework48.Tests.csproj]
C:\Users\ultra\warewolf\Dev\Dev2.CustomControls\Dev2.CustomControls.csproj : warning NU1701: Package 'TaskSchedulerEditor 2.10.1' was restored using '.NETFramework,Version=v4.6.1, .NETFramework,Version=v4.6.2, .NETFramework,Version=v4.7, .NETFramework,Version=v4.7.1, .NETFramework,Version=v4.7.2, .NETFramework,Version=v4.8, .NETFramework,Version=v4.8.1' instead of the project target framework 'net8.0'. This package may not be fully compatible with your project. [C:\Users\ultra\warewolf\Dev\Warewolf.Common.Framework48.Tests\Warewolf.Common.Framework48.Tests.csproj]
C:\Users\ultra\warewolf\Dev\Dev2.Common.Interfaces\Dev2.Common.Interfaces.csproj : warning NU1701: Package 'AeroWizard 2.3.1' was restored using '.NETFramework,Version=v4.6.1, .NETFramework,Version=v4.6.2, .NETFramework,Version=v4.7, .NETFramework,Version=v4.7.1, .NETFramework,Version=v4.7.2, .NETFramework,Version=v4.8, .NETFramework,Version=v4.8.1' instead of the project target framework 'net8.0'. This package may not be fully compatible with your project. [C:\Users\ultra\warewolf\Dev\Warewolf.Common.Framework48.Tests\Warewolf.Common.Framework48.Tests.csproj]
C:\Users\ultra\warewolf\Dev\Dev2.Core\Dev2.Core.csproj : warning NU1701: Package 'TaskSchedulerEditor 2.10.1' was restored using '.NETFramework,Version=v4.6.1, .NETFramework,Version=v4.6.2, .NETFramework,Version=v4.7, .NETFramework,Version=v4.7.1, .NETFramework,Version=v4.7.2, .NETFramework,Version=v4.8, .NETFramework,Version=v4.8.1' instead of the project target framework 'net8.0'. This package may not be fully compatible with your project. [C:\Users\ultra\warewolf\Dev\Warewolf.Common.Framework48.Tests\Warewolf.Common.Framework48.Tests.csproj]
C:\Users\ultra\warewolf\Dev\Dev2.Common.Interfaces\Dev2.Common.Interfaces.csproj : warning NU1701: Package 'GroupControls 1.9.0' was restored using '.NETFramework,Version=v4.6.1, .NETFramework,Version=v4.6.2, .NETFramework,Version=v4.7, .NETFramework,Version=v4.7.1, .NETFramework,Version=v4.7.2, .NETFramework,Version=v4.8, .NETFramework,Version=v4.8.1' instead of the project target framework 'net8.0'. This package may not be fully compatible with your project. [C:\Users\ultra\warewolf\Dev\Warewolf.Common.Framework48.Tests\Warewolf.Common.Framework48.Tests.csproj]
C:\Users\ultra\warewolf\Dev\Dev2.Common.Interfaces\Dev2.Common.Interfaces.csproj : warning NU1701: Package 'TaskSchedulerEditor 2.10.1' was restored using '.NETFramework,Version=v4.6.1, .NETFramework,Version=v4.6.2, .NETFramework,Version=v4.7, .NETFramework,Version=v4.7.1, .NETFramework,Version=v4.7.2, .NETFramework,Version=v4.8, .NETFramework,Version=v4.8.1' instead of the project target framework 'net8.0'. This package may not be fully compatible with your project. [C:\Users\ultra\warewolf\Dev\Warewolf.Common.Framework48.Tests\Warewolf.Common.Framework48.Tests.csproj]
C:\Users\ultra\warewolf\Dev\Dev2.Runtime.Services\Dev2.Runtime.Services.csproj : warning NU1902: Package 'MessagePack' 2.4.59 has a known moderate severity vulnerability, https://github.com/advisories/GHSA-4qm4-8hg2-g2xm [C:\Users\ultra\warewolf\Dev\Warewolf.Common.Framework48.Tests\Warewolf.Common.Framework48.Tests.csproj]
C:\Users\ultra\warewolf\Dev\Dev2.Runtime.Services\Dev2.Runtime.Services.csproj : warning NU1903: Package 'Microsoft.Windows.Compatibility' 6.0.0 has a known high severity vulnerability, https://github.com/advisories/GHSA-555c-2p6r-68mm [C:\Users\ultra\warewolf\Dev\Warewolf.Common.Framework48.Tests\Warewolf.Common.Framework48.Tests.csproj]
C:\Users\ultra\warewolf\Dev\Dev2.Runtime.Services\Dev2.Runtime.Services.csproj : warning NU1701: Package 'AeroWizard 2.3.1' was restored using '.NETFramework,Version=v4.6.1, .NETFramework,Version=v4.6.2, .NETFramework,Version=v4.7, .NETFramework,Version=v4.7.1, .NETFramework,Version=v4.7.2, .NETFramework,Version=v4.8, .NETFramework,Version=v4.8.1' instead of the project target framework 'net8.0'. This package may not be fully compatible with your project. [C:\Users\ultra\warewolf\Dev\Warewolf.Common.Framework48.Tests\Warewolf.Common.Framework48.Tests.csproj]
C:\Users\ultra\warewolf\Dev\Dev2.Runtime.Services\Dev2.Runtime.Services.csproj : warning NU1701: Package 'GroupControls 1.9.0' was restored using '.NETFramework,Version=v4.6.1, .NETFramework,Version=v4.6.2, .NETFramework,Version=v4.7, .NETFramework,Version=v4.7.1, .NETFramework,Version=v4.7.2, .NETFramework,Version=v4.8, .NETFramework,Version=v4.8.1' instead of the project target framework 'net8.0'. This package may not be fully compatible with your project. [C:\Users\ultra\warewolf\Dev\Warewolf.Common.Framework48.Tests\Warewolf.Common.Framework48.Tests.csproj]
C:\Users\ultra\warewolf\Dev\Dev2.Runtime.Services\Dev2.Runtime.Services.csproj : warning NU1701: Package 'ReactiveUI.WPF 18.4.1' was restored using '.NETFramework,Version=v4.6.1, .NETFramework,Version=v4.6.2, .NETFramework,Version=v4.7, .NETFramework,Version=v4.7.1, .NETFramework,Version=v4.7.2, .NETFramework,Version=v4.8, .NETFramework,Version=v4.8.1' instead of the project target framework 'net8.0'. This package may not be fully compatible with your project. [C:\Users\ultra\warewolf\Dev\Warewolf.Common.Framework48.Tests\Warewolf.Common.Framework48.Tests.csproj]
C:\Users\ultra\warewolf\Dev\Warewolf.Studio.Core\Warewolf.Studio.Core.csproj : warning NU1701: Package 'AeroWizard 2.3.1' was restored using '.NETFramework,Version=v4.6.1, .NETFramework,Version=v4.6.2, .NETFramework,Version=v4.7, .NETFramework,Version=v4.7.1, .NETFramework,Version=v4.7.2, .NETFramework,Version=v4.8, .NETFramework,Version=v4.8.1' instead of the project target framework 'net8.0'. This package may not be fully compatible with your project. [C:\Users\ultra\warewolf\Dev\Warewolf.Common.Framework48.Tests\Warewolf.Common.Framework48.Tests.csproj]
C:\Users\ultra\warewolf\Dev\Dev2.Runtime.Services\Dev2.Runtime.Services.csproj : warning NU1701: Package 'TaskSchedulerEditor 2.10.1' was restored using '.NETFramework,Version=v4.6.1, .NETFramework,Version=v4.6.2, .NETFramework,Version=v4.7, .NETFramework,Version=v4.7.1, .NETFramework,Version=v4.7.2, .NETFramework,Version=v4.8, .NETFramework,Version=v4.8.1' instead of the project target framework 'net8.0'. This package may not be fully compatible with your project. [C:\Users\ultra\warewolf\Dev\Warewolf.Common.Framework48.Tests\Warewolf.Common.Framework48.Tests.csproj]
C:\Users\ultra\warewolf\Dev\Warewolf.Studio.Core\Warewolf.Studio.Core.csproj : warning NU1701: Package 'GroupControls 1.9.0' was restored using '.NETFramework,Version=v4.6.1, .NETFramework,Version=v4.6.2, .NETFramework,Version=v4.7, .NETFramework,Version=v4.7.1, .NETFramework,Version=v4.7.2, .NETFramework,Version=v4.8, .NETFramework,Version=v4.8.1' instead of the project target framework 'net8.0'. This package may not be fully compatible with your project. [C:\Users\ultra\warewolf\Dev\Warewolf.Common.Framework48.Tests\Warewolf.Common.Framework48.Tests.csproj]
C:\Users\ultra\warewolf\Dev\Warewolf.Studio.Core\Warewolf.Studio.Core.csproj : warning NU1701: Package 'Microsoft.Xaml.Behaviors.Wpf 1.1.122' was restored using '.NETFramework,Version=v4.6.1, .NETFramework,Version=v4.6.2, .NETFramework,Version=v4.7, .NETFramework,Version=v4.7.1, .NETFramework,Version=v4.7.2, .NETFramework,Version=v4.8, .NETFramework,Version=v4.8.1' instead of the project target framework 'net8.0'. This package may not be fully compatible with your project. [C:\Users\ultra\warewolf\Dev\Warewolf.Common.Framework48.Tests\Warewolf.Common.Framework48.Tests.csproj]
C:\Users\ultra\warewolf\Dev\Dev2.Services.Execution\Dev2.Services.Execution.csproj : warning NU1701: Package 'AeroWizard 2.3.1' was restored using '.NETFramework,Version=v4.6.1, .NETFramework,Version=v4.6.2, .NETFramework,Version=v4.7, .NETFramework,Version=v4.7.1, .NETFramework,Version=v4.7.2, .NETFramework,Version=v4.8, .NETFramework,Version=v4.8.1' instead of the project target framework 'net8.0'. This package may not be fully compatible with your project. [C:\Users\ultra\warewolf\Dev\Warewolf.Common.Framework48.Tests\Warewolf.Common.Framework48.Tests.csproj]
C:\Users\ultra\warewolf\Dev\Warewolf.Studio.Core\Warewolf.Studio.Core.csproj : warning NU1701: Package 'Prism.Wpf 9.0.537' was restored using '.NETFramework,Version=v4.6.1, .NETFramework,Version=v4.6.2, .NETFramework,Version=v4.7, .NETFramework,Version=v4.7.1, .NETFramework,Version=v4.7.2, .NETFramework,Version=v4.8, .NETFramework,Version=v4.8.1' instead of the project target framework 'net8.0'. This package may not be fully compatible with your project. [C:\Users\ultra\warewolf\Dev\Warewolf.Common.Framework48.Tests\Warewolf.Common.Framework48.Tests.csproj]
C:\Users\ultra\warewolf\Dev\Dev2.Services.Execution\Dev2.Services.Execution.csproj : warning NU1701: Package 'GroupControls 1.9.0' was restored using '.NETFramework,Version=v4.6.1, .NETFramework,Version=v4.6.2, .NETFramework,Version=v4.7, .NETFramework,Version=v4.7.1, .NETFramework,Version=v4.7.2, .NETFramework,Version=v4.8, .NETFramework,Version=v4.8.1' instead of the project target framework 'net8.0'. This package may not be fully compatible with your project. [C:\Users\ultra\warewolf\Dev\Warewolf.Common.Framework48.Tests\Warewolf.Common.Framework48.Tests.csproj]
C:\Users\ultra\warewolf\Dev\Warewolf.Studio.Core\Warewolf.Studio.Core.csproj : warning NU1701: Package 'ReactiveUI.WPF 18.4.1' was restored using '.NETFramework,Version=v4.6.1, .NETFramework,Version=v4.6.2, .NETFramework,Version=v4.7, .NETFramework,Version=v4.7.1, .NETFramework,Version=v4.7.2, .NETFramework,Version=v4.8, .NETFramework,Version=v4.8.1' instead of the project target framework 'net8.0'. This package may not be fully compatible with your project. [C:\Users\ultra\warewolf\Dev\Warewolf.Common.Framework48.Tests\Warewolf.Common.Framework48.Tests.csproj]
C:\Users\ultra\warewolf\Dev\Dev2.Services.Execution\Dev2.Services.Execution.csproj : warning NU1701: Package 'ReactiveUI.WPF 18.4.1' was restored using '.NETFramework,Version=v4.6.1, .NETFramework,Version=v4.6.2, .NETFramework,Version=v4.7, .NETFramework,Version=v4.7.1, .NETFramework,Version=v4.7.2, .NETFramework,Version=v4.8, .NETFramework,Version=v4.8.1' instead of the project target framework 'net8.0'. This package may not be fully compatible with your project. [C:\Users\ultra\warewolf\Dev\Warewolf.Common.Framework48.Tests\Warewolf.Common.Framework48.Tests.csproj]
C:\Users\ultra\warewolf\Dev\Warewolf.Studio.Core\Warewolf.Studio.Core.csproj : warning NU1701: Package 'TaskSchedulerEditor 2.10.1' was restored using '.NETFramework,Version=v4.6.1, .NETFramework,Version=v4.6.2, .NETFramework,Version=v4.7, .NETFramework,Version=v4.7.1, .NETFramework,Version=v4.7.2, .NETFramework,Version=v4.8, .NETFramework,Version=v4.8.1' instead of the project target framework 'net8.0'. This package may not be fully compatible with your project. [C:\Users\ultra\warewolf\Dev\Warewolf.Common.Framework48.Tests\Warewolf.Common.Framework48.Tests.csproj]
C:\Users\ultra\warewolf\Dev\Dev2.Services.Execution\Dev2.Services.Execution.csproj : warning NU1701: Package 'TaskSchedulerEditor 2.10.1' was restored using '.NETFramework,Version=v4.6.1, .NETFramework,Version=v4.6.2, .NETFramework,Version=v4.7, .NETFramework,Version=v4.7.1, .NETFramework,Version=v4.7.2, .NETFramework,Version=v4.8, .NETFramework,Version=v4.8.1' instead of the project target framework 'net8.0'. This package may not be fully compatible with your project. [C:\Users\ultra\warewolf\Dev\Warewolf.Common.Framework48.Tests\Warewolf.Common.Framework48.Tests.csproj]
C:\Users\ultra\warewolf\Dev\Dev2.Data.Interfaces\Dev2.Data.Interfaces.csproj : warning NU1701: Package 'AeroWizard 2.3.1' was restored using '.NETFramework,Version=v4.6.1, .NETFramework,Version=v4.6.2, .NETFramework,Version=v4.7, .NETFramework,Version=v4.7.1, .NETFramework,Version=v4.7.2, .NETFramework,Version=v4.8, .NETFramework,Version=v4.8.1' instead of the project target framework 'net8.0'. This package may not be fully compatible with your project. [C:\Users\ultra\warewolf\Dev\Warewolf.Common.Framework48.Tests\Warewolf.Common.Framework48.Tests.csproj]
C:\Users\ultra\warewolf\Dev\Dev2.Data.Interfaces\Dev2.Data.Interfaces.csproj : warning NU1701: Package 'GroupControls 1.9.0' was restored using '.NETFramework,Version=v4.6.1, .NETFramework,Version=v4.6.2, .NETFramework,Version=v4.7, .NETFramework,Version=v4.7.1, .NETFramework,Version=v4.7.2, .NETFramework,Version=v4.8, .NETFramework,Version=v4.8.1' instead of the project target framework 'net8.0'. This package may not be fully compatible with your project. [C:\Users\ultra\warewolf\Dev\Warewolf.Common.Framework48.Tests\Warewolf.Common.Framework48.Tests.csproj]
C:\Users\ultra\warewolf\Dev\Dev2.Data.Interfaces\Dev2.Data.Interfaces.csproj : warning NU1701: Package 'TaskSchedulerEditor 2.10.1' was restored using '.NETFramework,Version=v4.6.1, .NETFramework,Version=v4.6.2, .NETFramework,Version=v4.7, .NETFramework,Version=v4.7.1, .NETFramework,Version=v4.7.2, .NETFramework,Version=v4.8, .NETFramework,Version=v4.8.1' instead of the project target framework 'net8.0'. This package may not be fully compatible with your project. [C:\Users\ultra\warewolf\Dev\Warewolf.Common.Framework48.Tests\Warewolf.Common.Framework48.Tests.csproj]
C:\Users\ultra\warewolf\Dev\Warewolf.Security\Warewolf.Security.csproj : warning NU1904: Package 'System.Drawing.Common' 4.5.1 has a known critical severity vulnerability, https://github.com/advisories/GHSA-rxg9-xrhp-64gj [C:\Users\ultra\warewolf\Dev\Warewolf.Common.Framework48.Tests\Warewolf.Common.Framework48.Tests.csproj]
C:\Users\ultra\warewolf\Dev\Warewolf.Storage.Interfaces\Warewolf.Storage.Interfaces.csproj : warning NU1701: Package 'AeroWizard 2.3.1' was restored using '.NETFramework,Version=v4.6.1, .NETFramework,Version=v4.6.2, .NETFramework,Version=v4.7, .NETFramework,Version=v4.7.1, .NETFramework,Version=v4.7.2, .NETFramework,Version=v4.8, .NETFramework,Version=v4.8.1' instead of the project target framework 'net8.0'. This package may not be fully compatible with your project. [C:\Users\ultra\warewolf\Dev\Warewolf.Common.Framework48.Tests\Warewolf.Common.Framework48.Tests.csproj]
C:\Users\ultra\warewolf\Dev\Warewolf.Storage.Interfaces\Warewolf.Storage.Interfaces.csproj : warning NU1701: Package 'GroupControls 1.9.0' was restored using '.NETFramework,Version=v4.6.1, .NETFramework,Version=v4.6.2, .NETFramework,Version=v4.7, .NETFramework,Version=v4.7.1, .NETFramework,Version=v4.7.2, .NETFramework,Version=v4.8, .NETFramework,Version=v4.8.1' instead of the project target framework 'net8.0'. This package may not be fully compatible with your project. [C:\Users\ultra\warewolf\Dev\Warewolf.Common.Framework48.Tests\Warewolf.Common.Framework48.Tests.csproj]
C:\Users\ultra\warewolf\Dev\Warewolf.Storage.Interfaces\Warewolf.Storage.Interfaces.csproj : warning NU1701: Package 'TaskSchedulerEditor 2.10.1' was restored using '.NETFramework,Version=v4.6.1, .NETFramework,Version=v4.6.2, .NETFramework,Version=v4.7, .NETFramework,Version=v4.7.1, .NETFramework,Version=v4.7.2, .NETFramework,Version=v4.8, .NETFramework,Version=v4.8.1' instead of the project target framework 'net8.0'. This package may not be fully compatible with your project. [C:\Users\ultra\warewolf\Dev\Warewolf.Common.Framework48.Tests\Warewolf.Common.Framework48.Tests.csproj]
C:\Users\ultra\warewolf\Dev\Warewolf.Common\Warewolf.Common.csproj : warning NU1701: Package 'AeroWizard 2.3.1' was restored using '.NETFramework,Version=v4.6.1, .NETFramework,Version=v4.6.2, .NETFramework,Version=v4.7, .NETFramework,Version=v4.7.1, .NETFramework,Version=v4.7.2, .NETFramework,Version=v4.8, .NETFramework,Version=v4.8.1' instead of the project target framework 'net8.0'. This package may not be fully compatible with your project. [C:\Users\ultra\warewolf\Dev\Warewolf.Common.Framework48.Tests\Warewolf.Common.Framework48.Tests.csproj]
C:\Users\ultra\warewolf\Dev\Warewolf.Common\Warewolf.Common.csproj : warning NU1701: Package 'GroupControls 1.9.0' was restored using '.NETFramework,Version=v4.6.1, .NETFramework,Version=v4.6.2, .NETFramework,Version=v4.7, .NETFramework,Version=v4.7.1, .NETFramework,Version=v4.7.2, .NETFramework,Version=v4.8, .NETFramework,Version=v4.8.1' instead of the project target framework 'net8.0'. This package may not be fully compatible with your project. [C:\Users\ultra\warewolf\Dev\Warewolf.Common.Framework48.Tests\Warewolf.Common.Framework48.Tests.csproj]
C:\Users\ultra\warewolf\Dev\Warewolf.Common\Warewolf.Common.csproj : warning NU1701: Package 'TaskSchedulerEditor 2.10.1' was restored using '.NETFramework,Version=v4.6.1, .NETFramework,Version=v4.6.2, .NETFramework,Version=v4.7, .NETFramework,Version=v4.7.1, .NETFramework,Version=v4.7.2, .NETFramework,Version=v4.8, .NETFramework,Version=v4.8.1' instead of the project target framework 'net8.0'. This package may not be fully compatible with your project. [C:\Users\ultra\warewolf\Dev\Warewolf.Common.Framework48.Tests\Warewolf.Common.Framework48.Tests.csproj]
C:\Users\ultra\warewolf\Dev\Warewolf.Sharepoint\Warewolf.Sharepoint.csproj : warning NU1701: Package 'AeroWizard 2.3.1' was restored using '.NETFramework,Version=v4.6.1, .NETFramework,Version=v4.6.2, .NETFramework,Version=v4.7, .NETFramework,Version=v4.7.1, .NETFramework,Version=v4.7.2, .NETFramework,Version=v4.8, .NETFramework,Version=v4.8.1' instead of the project target framework 'net8.0'. This package may not be fully compatible with your project. [C:\Users\ultra\warewolf\Dev\Warewolf.Common.Framework48.Tests\Warewolf.Common.Framework48.Tests.csproj]
C:\Users\ultra\warewolf\Dev\Warewolf.Storage\Warewolf.Storage.csproj : warning NU1701: Package 'AeroWizard 2.3.1' was restored using '.NETFramework,Version=v4.6.1, .NETFramework,Version=v4.6.2, .NETFramework,Version=v4.7, .NETFramework,Version=v4.7.1, .NETFramework,Version=v4.7.2, .NETFramework,Version=v4.8, .NETFramework,Version=v4.8.1' instead of the project target framework 'net8.0'. This package may not be fully compatible with your project. [C:\Users\ultra\warewolf\Dev\Warewolf.Common.Framework48.Tests\Warewolf.Common.Framework48.Tests.csproj]
C:\Users\ultra\warewolf\Dev\Warewolf.Sharepoint\Warewolf.Sharepoint.csproj : warning NU1701: Package 'GroupControls 1.9.0' was restored using '.NETFramework,Version=v4.6.1, .NETFramework,Version=v4.6.2, .NETFramework,Version=v4.7, .NETFramework,Version=v4.7.1, .NETFramework,Version=v4.7.2, .NETFramework,Version=v4.8, .NETFramework,Version=v4.8.1' instead of the project target framework 'net8.0'. This package may not be fully compatible with your project. [C:\Users\ultra\warewolf\Dev\Warewolf.Common.Framework48.Tests\Warewolf.Common.Framework48.Tests.csproj]
C:\Users\ultra\warewolf\Dev\Warewolf.Storage\Warewolf.Storage.csproj : warning NU1701: Package 'GroupControls 1.9.0' was restored using '.NETFramework,Version=v4.6.1, .NETFramework,Version=v4.6.2, .NETFramework,Version=v4.7, .NETFramework,Version=v4.7.1, .NETFramework,Version=v4.7.2, .NETFramework,Version=v4.8, .NETFramework,Version=v4.8.1' instead of the project target framework 'net8.0'. This package may not be fully compatible with your project. [C:\Users\ultra\warewolf\Dev\Warewolf.Common.Framework48.Tests\Warewolf.Common.Framework48.Tests.csproj]
C:\Users\ultra\warewolf\Dev\Warewolf.Sharepoint\Warewolf.Sharepoint.csproj : warning NU1701: Package 'ReactiveUI.WPF 18.4.1' was restored using '.NETFramework,Version=v4.6.1, .NETFramework,Version=v4.6.2, .NETFramework,Version=v4.7, .NETFramework,Version=v4.7.1, .NETFramework,Version=v4.7.2, .NETFramework,Version=v4.8, .NETFramework,Version=v4.8.1' instead of the project target framework 'net8.0'. This package may not be fully compatible with your project. [C:\Users\ultra\warewolf\Dev\Warewolf.Common.Framework48.Tests\Warewolf.Common.Framework48.Tests.csproj]
C:\Users\ultra\warewolf\Dev\Warewolf.Storage\Warewolf.Storage.csproj : warning NU1701: Package 'ReactiveUI.WPF 18.4.1' was restored using '.NETFramework,Version=v4.6.1, .NETFramework,Version=v4.6.2, .NETFramework,Version=v4.7, .NETFramework,Version=v4.7.1, .NETFramework,Version=v4.7.2, .NETFramework,Version=v4.8, .NETFramework,Version=v4.8.1' instead of the project target framework 'net8.0'. This package may not be fully compatible with your project. [C:\Users\ultra\warewolf\Dev\Warewolf.Common.Framework48.Tests\Warewolf.Common.Framework48.Tests.csproj]
C:\Users\ultra\warewolf\Dev\Warewolf.Sharepoint\Warewolf.Sharepoint.csproj : warning NU1701: Package 'TaskSchedulerEditor 2.10.1' was restored using '.NETFramework,Version=v4.6.1, .NETFramework,Version=v4.6.2, .NETFramework,Version=v4.7, .NETFramework,Version=v4.7.1, .NETFramework,Version=v4.7.2, .NETFramework,Version=v4.8, .NETFramework,Version=v4.8.1' instead of the project target framework 'net8.0'. This package may not be fully compatible with your project. [C:\Users\ultra\warewolf\Dev\Warewolf.Common.Framework48.Tests\Warewolf.Common.Framework48.Tests.csproj]
C:\Users\ultra\warewolf\Dev\Warewolf.Storage\Warewolf.Storage.csproj : warning NU1701: Package 'TaskSchedulerEditor 2.10.1' was restored using '.NETFramework,Version=v4.6.1, .NETFramework,Version=v4.6.2, .NETFramework,Version=v4.7, .NETFramework,Version=v4.7.1, .NETFramework,Version=v4.7.2, .NETFramework,Version=v4.8, .NETFramework,Version=v4.8.1' instead of the project target framework 'net8.0'. This package may not be fully compatible with your project. [C:\Users\ultra\warewolf\Dev\Warewolf.Common.Framework48.Tests\Warewolf.Common.Framework48.Tests.csproj]
C:\Users\ultra\warewolf\Dev\Dev2.Runtime.Configuration\Dev2.Runtime.Configuration.csproj : warning NU1903: Package 'Microsoft.Windows.Compatibility' 6.0.0 has a known high severity vulnerability, https://github.com/advisories/GHSA-555c-2p6r-68mm [C:\Users\ultra\warewolf\Dev\Warewolf.Common.Framework48.Tests\Warewolf.Common.Framework48.Tests.csproj]
C:\Users\ultra\warewolf\Dev\Dev2.Runtime.Configuration\Dev2.Runtime.Configuration.csproj : warning NU1701: Package 'AeroWizard 2.3.1' was restored using '.NETFramework,Version=v4.6.1, .NETFramework,Version=v4.6.2, .NETFramework,Version=v4.7, .NETFramework,Version=v4.7.1, .NETFramework,Version=v4.7.2, .NETFramework,Version=v4.8, .NETFramework,Version=v4.8.1' instead of the project target framework 'net8.0'. This package may not be fully compatible with your project. [C:\Users\ultra\warewolf\Dev\Warewolf.Common.Framework48.Tests\Warewolf.Common.Framework48.Tests.csproj]
C:\Users\ultra\warewolf\Dev\Dev2.Runtime.Configuration\Dev2.Runtime.Configuration.csproj : warning NU1701: Package 'GroupControls 1.9.0' was restored using '.NETFramework,Version=v4.6.1, .NETFramework,Version=v4.6.2, .NETFramework,Version=v4.7, .NETFramework,Version=v4.7.1, .NETFramework,Version=v4.7.2, .NETFramework,Version=v4.8, .NETFramework,Version=v4.8.1' instead of the project target framework 'net8.0'. This package may not be fully compatible with your project. [C:\Users\ultra\warewolf\Dev\Warewolf.Common.Framework48.Tests\Warewolf.Common.Framework48.Tests.csproj]
C:\Users\ultra\warewolf\Dev\Dev2.Runtime.Configuration\Dev2.Runtime.Configuration.csproj : warning NU1701: Package 'TaskSchedulerEditor 2.10.1' was restored using '.NETFramework,Version=v4.6.1, .NETFramework,Version=v4.6.2, .NETFramework,Version=v4.7, .NETFramework,Version=v4.7.1, .NETFramework,Version=v4.7.2, .NETFramework,Version=v4.8, .NETFramework,Version=v4.8.1' instead of the project target framework 'net8.0'. This package may not be fully compatible with your project. [C:\Users\ultra\warewolf\Dev\Warewolf.Common.Framework48.Tests\Warewolf.Common.Framework48.Tests.csproj]
C:\Users\ultra\warewolf\Dev\Warewolf.Core\Warewolf.Core.csproj : warning NU1903: Package 'Microsoft.Windows.Compatibility' 6.0.0 has a known high severity vulnerability, https://github.com/advisories/GHSA-555c-2p6r-68mm [C:\Users\ultra\warewolf\Dev\Warewolf.Common.Framework48.Tests\Warewolf.Common.Framework48.Tests.csproj]
C:\Users\ultra\warewolf\Dev\Warewolf.Core\Warewolf.Core.csproj : warning NU1701: Package 'AeroWizard 2.3.1' was restored using '.NETFramework,Version=v4.6.1, .NETFramework,Version=v4.6.2, .NETFramework,Version=v4.7, .NETFramework,Version=v4.7.1, .NETFramework,Version=v4.7.2, .NETFramework,Version=v4.8, .NETFramework,Version=v4.8.1' instead of the project target framework 'net8.0'. This package may not be fully compatible with your project. [C:\Users\ultra\warewolf\Dev\Warewolf.Common.Framework48.Tests\Warewolf.Common.Framework48.Tests.csproj]
C:\Users\ultra\warewolf\Dev\Warewolf.Core\Warewolf.Core.csproj : warning NU1701: Package 'GroupControls 1.9.0' was restored using '.NETFramework,Version=v4.6.1, .NETFramework,Version=v4.6.2, .NETFramework,Version=v4.7, .NETFramework,Version=v4.7.1, .NETFramework,Version=v4.7.2, .NETFramework,Version=v4.8, .NETFramework,Version=v4.8.1' instead of the project target framework 'net8.0'. This package may not be fully compatible with your project. [C:\Users\ultra\warewolf\Dev\Warewolf.Common.Framework48.Tests\Warewolf.Common.Framework48.Tests.csproj]
C:\Users\ultra\warewolf\Dev\Warewolf.Core\Warewolf.Core.csproj : warning NU1701: Package 'ReactiveUI.WPF 18.4.1' was restored using '.NETFramework,Version=v4.6.1, .NETFramework,Version=v4.6.2, .NETFramework,Version=v4.7, .NETFramework,Version=v4.7.1, .NETFramework,Version=v4.7.2, .NETFramework,Version=v4.8, .NETFramework,Version=v4.8.1' instead of the project target framework 'net8.0'. This package may not be fully compatible with your project. [C:\Users\ultra\warewolf\Dev\Warewolf.Common.Framework48.Tests\Warewolf.Common.Framework48.Tests.csproj]
C:\Users\ultra\warewolf\Dev\Warewolf.Core\Warewolf.Core.csproj : warning NU1701: Package 'TaskSchedulerEditor 2.10.1' was restored using '.NETFramework,Version=v4.6.1, .NETFramework,Version=v4.6.2, .NETFramework,Version=v4.7, .NETFramework,Version=v4.7.1, .NETFramework,Version=v4.7.2, .NETFramework,Version=v4.8, .NETFramework,Version=v4.8.1' instead of the project target framework 'net8.0'. This package may not be fully compatible with your project. [C:\Users\ultra\warewolf\Dev\Warewolf.Common.Framework48.Tests\Warewolf.Common.Framework48.Tests.csproj]
C:\Users\ultra\warewolf\Dev\Dev2.Infrastructure\Dev2.Infrastructure.csproj : warning NU1903: Package 'Microsoft.Windows.Compatibility' 6.0.0 has a known high severity vulnerability, https://github.com/advisories/GHSA-555c-2p6r-68mm [C:\Users\ultra\warewolf\Dev\Warewolf.Common.Framework48.Tests\Warewolf.Common.Framework48.Tests.csproj]
C:\Users\ultra\warewolf\Dev\Dev2.Infrastructure\Dev2.Infrastructure.csproj : warning NU1701: Package 'AeroWizard 2.3.1' was restored using '.NETFramework,Version=v4.6.1, .NETFramework,Version=v4.6.2, .NETFramework,Version=v4.7, .NETFramework,Version=v4.7.1, .NETFramework,Version=v4.7.2, .NETFramework,Version=v4.8, .NETFramework,Version=v4.8.1' instead of the project target framework 'net8.0'. This package may not be fully compatible with your project. [C:\Users\ultra\warewolf\Dev\Warewolf.Common.Framework48.Tests\Warewolf.Common.Framework48.Tests.csproj]
C:\Users\ultra\warewolf\Dev\Dev2.Infrastructure\Dev2.Infrastructure.csproj : warning NU1701: Package 'GroupControls 1.9.0' was restored using '.NETFramework,Version=v4.6.1, .NETFramework,Version=v4.6.2, .NETFramework,Version=v4.7, .NETFramework,Version=v4.7.1, .NETFramework,Version=v4.7.2, .NETFramework,Version=v4.8, .NETFramework,Version=v4.8.1' instead of the project target framework 'net8.0'. This package may not be fully compatible with your project. [C:\Users\ultra\warewolf\Dev\Warewolf.Common.Framework48.Tests\Warewolf.Common.Framework48.Tests.csproj]
C:\Users\ultra\warewolf\Dev\Dev2.Infrastructure\Dev2.Infrastructure.csproj : warning NU1701: Package 'ReactiveUI.WPF 18.4.1' was restored using '.NETFramework,Version=v4.6.1, .NETFramework,Version=v4.6.2, .NETFramework,Version=v4.7, .NETFramework,Version=v4.7.1, .NETFramework,Version=v4.7.2, .NETFramework,Version=v4.8, .NETFramework,Version=v4.8.1' instead of the project target framework 'net8.0'. This package may not be fully compatible with your project. [C:\Users\ultra\warewolf\Dev\Warewolf.Common.Framework48.Tests\Warewolf.Common.Framework48.Tests.csproj]
C:\Users\ultra\warewolf\Dev\Dev2.Infrastructure\Dev2.Infrastructure.csproj : warning NU1701: Package 'TaskSchedulerEditor 2.10.1' was restored using '.NETFramework,Version=v4.6.1, .NETFramework,Version=v4.6.2, .NETFramework,Version=v4.7, .NETFramework,Version=v4.7.1, .NETFramework,Version=v4.7.2, .NETFramework,Version=v4.8, .NETFramework,Version=v4.8.1' instead of the project target framework 'net8.0'. This package may not be fully compatible with your project. [C:\Users\ultra\warewolf\Dev\Warewolf.Common.Framework48.Tests\Warewolf.Common.Framework48.Tests.csproj]
C:\Users\ultra\warewolf\Dev\Dev2.Services.Sql\Dev2.Services.Sql.csproj : warning NU1903: Package 'Oracle.ManagedDataAccess.Core' 3.21.70 has a known high severity vulnerability, https://github.com/advisories/GHSA-5pm2-9mr2-3frq [C:\Users\ultra\warewolf\Dev\Warewolf.Common.Framework48.Tests\Warewolf.Common.Framework48.Tests.csproj]
C:\Users\ultra\warewolf\Dev\Dev2.Services.Sql\Dev2.Services.Sql.csproj : warning NU1701: Package 'AeroWizard 2.3.1' was restored using '.NETFramework,Version=v4.6.1, .NETFramework,Version=v4.6.2, .NETFramework,Version=v4.7, .NETFramework,Version=v4.7.1, .NETFramework,Version=v4.7.2, .NETFramework,Version=v4.8, .NETFramework,Version=v4.8.1' instead of the project target framework 'net8.0'. This package may not be fully compatible with your project. [C:\Users\ultra\warewolf\Dev\Warewolf.Common.Framework48.Tests\Warewolf.Common.Framework48.Tests.csproj]
C:\Users\ultra\warewolf\Dev\Dev2.Services.Sql\Dev2.Services.Sql.csproj : warning NU1701: Package 'GroupControls 1.9.0' was restored using '.NETFramework,Version=v4.6.1, .NETFramework,Version=v4.6.2, .NETFramework,Version=v4.7, .NETFramework,Version=v4.7.1, .NETFramework,Version=v4.7.2, .NETFramework,Version=v4.8, .NETFramework,Version=v4.8.1' instead of the project target framework 'net8.0'. This package may not be fully compatible with your project. [C:\Users\ultra\warewolf\Dev\Warewolf.Common.Framework48.Tests\Warewolf.Common.Framework48.Tests.csproj]
C:\Users\ultra\warewolf\Dev\Dev2.Services.Sql\Dev2.Services.Sql.csproj : warning NU1701: Package 'ReactiveUI.WPF 18.4.1' was restored using '.NETFramework,Version=v4.6.1, .NETFramework,Version=v4.6.2, .NETFramework,Version=v4.7, .NETFramework,Version=v4.7.1, .NETFramework,Version=v4.7.2, .NETFramework,Version=v4.8, .NETFramework,Version=v4.8.1' instead of the project target framework 'net8.0'. This package may not be fully compatible with your project. [C:\Users\ultra\warewolf\Dev\Warewolf.Common.Framework48.Tests\Warewolf.Common.Framework48.Tests.csproj]
C:\Users\ultra\warewolf\Dev\Dev2.Services.Sql\Dev2.Services.Sql.csproj : warning NU1701: Package 'TaskSchedulerEditor 2.10.1' was restored using '.NETFramework,Version=v4.6.1, .NETFramework,Version=v4.6.2, .NETFramework,Version=v4.7, .NETFramework,Version=v4.7.1, .NETFramework,Version=v4.7.2, .NETFramework,Version=v4.8, .NETFramework,Version=v4.8.1' instead of the project target framework 'net8.0'. This package may not be fully compatible with your project. [C:\Users\ultra\warewolf\Dev\Warewolf.Common.Framework48.Tests\Warewolf.Common.Framework48.Tests.csproj]
C:\Users\ultra\warewolf\Dev\Warewolf.Common.NetStandard20\Warewolf.Common.NetStandard20.csproj : warning NU1701: Package 'AeroWizard 2.3.1' was restored using '.NETFramework,Version=v4.6.1, .NETFramework,Version=v4.6.2, .NETFramework,Version=v4.7, .NETFramework,Version=v4.7.1, .NETFramework,Version=v4.7.2, .NETFramework,Version=v4.8, .NETFramework,Version=v4.8.1' instead of the project target framework 'net8.0'. This package may not be fully compatible with your project. [C:\Users\ultra\warewolf\Dev\Warewolf.Common.Framework48.Tests\Warewolf.Common.Framework48.Tests.csproj]
C:\Users\ultra\warewolf\Dev\Warewolf.Common.NetStandard20\Warewolf.Common.NetStandard20.csproj : warning NU1701: Package 'GroupControls 1.9.0' was restored using '.NETFramework,Version=v4.6.1, .NETFramework,Version=v4.6.2, .NETFramework,Version=v4.7, .NETFramework,Version=v4.7.1, .NETFramework,Version=v4.7.2, .NETFramework,Version=v4.8, .NETFramework,Version=v4.8.1' instead of the project target framework 'net8.0'. This package may not be fully compatible with your project. [C:\Users\ultra\warewolf\Dev\Warewolf.Common.Framework48.Tests\Warewolf.Common.Framework48.Tests.csproj]
C:\Users\ultra\warewolf\Dev\Warewolf.Common.NetStandard20\Warewolf.Common.NetStandard20.csproj : warning NU1701: Package 'ReactiveUI.WPF 18.4.1' was restored using '.NETFramework,Version=v4.6.1, .NETFramework,Version=v4.6.2, .NETFramework,Version=v4.7, .NETFramework,Version=v4.7.1, .NETFramework,Version=v4.7.2, .NETFramework,Version=v4.8, .NETFramework,Version=v4.8.1' instead of the project target framework 'net8.0'. This package may not be fully compatible with your project. [C:\Users\ultra\warewolf\Dev\Warewolf.Common.Framework48.Tests\Warewolf.Common.Framework48.Tests.csproj]
C:\Users\ultra\warewolf\Dev\Warewolf.Common.NetStandard20\Warewolf.Common.NetStandard20.csproj : warning NU1701: Package 'TaskSchedulerEditor 2.10.1' was restored using '.NETFramework,Version=v4.6.1, .NETFramework,Version=v4.6.2, .NETFramework,Version=v4.7, .NETFramework,Version=v4.7.1, .NETFramework,Version=v4.7.2, .NETFramework,Version=v4.8, .NETFramework,Version=v4.8.1' instead of the project target framework 'net8.0'. This package may not be fully compatible with your project. [C:\Users\ultra\warewolf\Dev\Warewolf.Common.Framework48.Tests\Warewolf.Common.Framework48.Tests.csproj]
C:\Users\ultra\warewolf\Dev\Dev2.Diagnostics\Dev2.Diagnostics.csproj : warning NU1701: Package 'AeroWizard 2.3.1' was restored using '.NETFramework,Version=v4.6.1, .NETFramework,Version=v4.6.2, .NETFramework,Version=v4.7, .NETFramework,Version=v4.7.1, .NETFramework,Version=v4.7.2, .NETFramework,Version=v4.8, .NETFramework,Version=v4.8.1' instead of the project target framework 'net8.0'. This package may not be fully compatible with your project. [C:\Users\ultra\warewolf\Dev\Warewolf.Common.Framework48.Tests\Warewolf.Common.Framework48.Tests.csproj]
C:\Users\ultra\warewolf\Dev\Dev2.Diagnostics\Dev2.Diagnostics.csproj : warning NU1701: Package 'GroupControls 1.9.0' was restored using '.NETFramework,Version=v4.6.1, .NETFramework,Version=v4.6.2, .NETFramework,Version=v4.7, .NETFramework,Version=v4.7.1, .NETFramework,Version=v4.7.2, .NETFramework,Version=v4.8, .NETFramework,Version=v4.8.1' instead of the project target framework 'net8.0'. This package may not be fully compatible with your project. [C:\Users\ultra\warewolf\Dev\Warewolf.Common.Framework48.Tests\Warewolf.Common.Framework48.Tests.csproj]
C:\Users\ultra\warewolf\Dev\Dev2.Diagnostics\Dev2.Diagnostics.csproj : warning NU1701: Package 'TaskSchedulerEditor 2.10.1' was restored using '.NETFramework,Version=v4.6.1, .NETFramework,Version=v4.6.2, .NETFramework,Version=v4.7, .NETFramework,Version=v4.7.1, .NETFramework,Version=v4.7.2, .NETFramework,Version=v4.8, .NETFramework,Version=v4.8.1' instead of the project target framework 'net8.0'. This package may not be fully compatible with your project. [C:\Users\ultra\warewolf\Dev\Warewolf.Common.Framework48.Tests\Warewolf.Common.Framework48.Tests.csproj]
C:\Users\ultra\warewolf\Dev\Warewolf.AI.Harness\Warewolf.AI.Harness.csproj : warning NU1701: Package 'AeroWizard 2.3.1' was restored using '.NETFramework,Version=v4.6.1, .NETFramework,Version=v4.6.2, .NETFramework,Version=v4.7, .NETFramework,Version=v4.7.1, .NETFramework,Version=v4.7.2, .NETFramework,Version=v4.8, .NETFramework,Version=v4.8.1' instead of the project target framework 'net8.0'. This package may not be fully compatible with your project. [C:\Users\ultra\warewolf\Dev\Warewolf.Common.Framework48.Tests\Warewolf.Common.Framework48.Tests.csproj]
C:\Users\ultra\warewolf\Dev\Warewolf.AI.Harness\Warewolf.AI.Harness.csproj : warning NU1701: Package 'GroupControls 1.9.0' was restored using '.NETFramework,Version=v4.6.1, .NETFramework,Version=v4.6.2, .NETFramework,Version=v4.7, .NETFramework,Version=v4.7.1, .NETFramework,Version=v4.7.2, .NETFramework,Version=v4.8, .NETFramework,Version=v4.8.1' instead of the project target framework 'net8.0'. This package may not be fully compatible with your project. [C:\Users\ultra\warewolf\Dev\Warewolf.Common.Framework48.Tests\Warewolf.Common.Framework48.Tests.csproj]
C:\Users\ultra\warewolf\Dev\Warewolf.AI.Harness\Warewolf.AI.Harness.csproj : warning NU1701: Package 'TaskSchedulerEditor 2.10.1' was restored using '.NETFramework,Version=v4.6.1, .NETFramework,Version=v4.6.2, .NETFramework,Version=v4.7, .NETFramework,Version=v4.7.1, .NETFramework,Version=v4.7.2, .NETFramework,Version=v4.8, .NETFramework,Version=v4.8.1' instead of the project target framework 'net8.0'. This package may not be fully compatible with your project. [C:\Users\ultra\warewolf\Dev\Warewolf.Common.Framework48.Tests\Warewolf.Common.Framework48.Tests.csproj]
C:\Users\ultra\warewolf\Dev\Warewolf.Auditing\Warewolf.Auditing.csproj : warning NU1701: Package 'AeroWizard 2.3.1' was restored using '.NETFramework,Version=v4.6.1, .NETFramework,Version=v4.6.2, .NETFramework,Version=v4.7, .NETFramework,Version=v4.7.1, .NETFramework,Version=v4.7.2, .NETFramework,Version=v4.8, .NETFramework,Version=v4.8.1' instead of the project target framework 'net8.0'. This package may not be fully compatible with your project. [C:\Users\ultra\warewolf\Dev\Warewolf.Common.Framework48.Tests\Warewolf.Common.Framework48.Tests.csproj]
C:\Users\ultra\warewolf\Dev\Warewolf.Auditing\Warewolf.Auditing.csproj : warning NU1701: Package 'GroupControls 1.9.0' was restored using '.NETFramework,Version=v4.6.1, .NETFramework,Version=v4.6.2, .NETFramework,Version=v4.7, .NETFramework,Version=v4.7.1, .NETFramework,Version=v4.7.2, .NETFramework,Version=v4.8, .NETFramework,Version=v4.8.1' instead of the project target framework 'net8.0'. This package may not be fully compatible with your project. [C:\Users\ultra\warewolf\Dev\Warewolf.Common.Framework48.Tests\Warewolf.Common.Framework48.Tests.csproj]
C:\Users\ultra\warewolf\Dev\Warewolf.Auditing\Warewolf.Auditing.csproj : warning NU1701: Package 'ReactiveUI.WPF 18.4.1' was restored using '.NETFramework,Version=v4.6.1, .NETFramework,Version=v4.6.2, .NETFramework,Version=v4.7, .NETFramework,Version=v4.7.1, .NETFramework,Version=v4.7.2, .NETFramework,Version=v4.8, .NETFramework,Version=v4.8.1' instead of the project target framework 'net8.0'. This package may not be fully compatible with your project. [C:\Users\ultra\warewolf\Dev\Warewolf.Common.Framework48.Tests\Warewolf.Common.Framework48.Tests.csproj]
C:\Users\ultra\warewolf\Dev\Warewolf.Auditing\Warewolf.Auditing.csproj : warning NU1701: Package 'TaskSchedulerEditor 2.10.1' was restored using '.NETFramework,Version=v4.6.1, .NETFramework,Version=v4.6.2, .NETFramework,Version=v4.7, .NETFramework,Version=v4.7.1, .NETFramework,Version=v4.7.2, .NETFramework,Version=v4.8, .NETFramework,Version=v4.8.1' instead of the project target framework 'net8.0'. This package may not be fully compatible with your project. [C:\Users\ultra\warewolf\Dev\Warewolf.Common.Framework48.Tests\Warewolf.Common.Framework48.Tests.csproj]
C:\Users\ultra\warewolf\Dev\Warewolf.Licensing\Warewolf.Licensing.csproj : warning NU1701: Package 'AeroWizard 2.3.1' was restored using '.NETFramework,Version=v4.6.1, .NETFramework,Version=v4.6.2, .NETFramework,Version=v4.7, .NETFramework,Version=v4.7.1, .NETFramework,Version=v4.7.2, .NETFramework,Version=v4.8, .NETFramework,Version=v4.8.1' instead of the project target framework 'net8.0'. This package may not be fully compatible with your project. [C:\Users\ultra\warewolf\Dev\Warewolf.Common.Framework48.Tests\Warewolf.Common.Framework48.Tests.csproj]
C:\Users\ultra\warewolf\Dev\Warewolf.Licensing\Warewolf.Licensing.csproj : warning NU1701: Package 'GroupControls 1.9.0' was restored using '.NETFramework,Version=v4.6.1, .NETFramework,Version=v4.6.2, .NETFramework,Version=v4.7, .NETFramework,Version=v4.7.1, .NETFramework,Version=v4.7.2, .NETFramework,Version=v4.8, .NETFramework,Version=v4.8.1' instead of the project target framework 'net8.0'. This package may not be fully compatible with your project. [C:\Users\ultra\warewolf\Dev\Warewolf.Common.Framework48.Tests\Warewolf.Common.Framework48.Tests.csproj]
C:\Users\ultra\warewolf\Dev\Warewolf.Licensing\Warewolf.Licensing.csproj : warning NU1701: Package 'TaskSchedulerEditor 2.10.1' was restored using '.NETFramework,Version=v4.6.1, .NETFramework,Version=v4.6.2, .NETFramework,Version=v4.7, .NETFramework,Version=v4.7.1, .NETFramework,Version=v4.7.2, .NETFramework,Version=v4.8, .NETFramework,Version=v4.8.1' instead of the project target framework 'net8.0'. This package may not be fully compatible with your project. [C:\Users\ultra\warewolf\Dev\Warewolf.Common.Framework48.Tests\Warewolf.Common.Framework48.Tests.csproj]
C:\Users\ultra\warewolf\Dev\Warewolf.ResourceManagement\Warewolf.ResourceManagement.csproj : warning NU1701: Package 'AeroWizard 2.3.1' was restored using '.NETFramework,Version=v4.6.1, .NETFramework,Version=v4.6.2, .NETFramework,Version=v4.7, .NETFramework,Version=v4.7.1, .NETFramework,Version=v4.7.2, .NETFramework,Version=v4.8, .NETFramework,Version=v4.8.1' instead of the project target framework 'net8.0'. This package may not be fully compatible with your project. [C:\Users\ultra\warewolf\Dev\Warewolf.Common.Framework48.Tests\Warewolf.Common.Framework48.Tests.csproj]
C:\Users\ultra\warewolf\Dev\Warewolf.ResourceManagement\Warewolf.ResourceManagement.csproj : warning NU1701: Package 'GroupControls 1.9.0' was restored using '.NETFramework,Version=v4.6.1, .NETFramework,Version=v4.6.2, .NETFramework,Version=v4.7, .NETFramework,Version=v4.7.1, .NETFramework,Version=v4.7.2, .NETFramework,Version=v4.8, .NETFramework,Version=v4.8.1' instead of the project target framework 'net8.0'. This package may not be fully compatible with your project. [C:\Users\ultra\warewolf\Dev\Warewolf.Common.Framework48.Tests\Warewolf.Common.Framework48.Tests.csproj]
C:\Users\ultra\warewolf\Dev\Warewolf.ResourceManagement\Warewolf.ResourceManagement.csproj : warning NU1701: Package 'ReactiveUI.WPF 18.4.1' was restored using '.NETFramework,Version=v4.6.1, .NETFramework,Version=v4.6.2, .NETFramework,Version=v4.7, .NETFramework,Version=v4.7.1, .NETFramework,Version=v4.7.2, .NETFramework,Version=v4.8, .NETFramework,Version=v4.8.1' instead of the project target framework 'net8.0'. This package may not be fully compatible with your project. [C:\Users\ultra\warewolf\Dev\Warewolf.Common.Framework48.Tests\Warewolf.Common.Framework48.Tests.csproj]
C:\Users\ultra\warewolf\Dev\Warewolf.ResourceManagement\Warewolf.ResourceManagement.csproj : warning NU1701: Package 'TaskSchedulerEditor 2.10.1' was restored using '.NETFramework,Version=v4.6.1, .NETFramework,Version=v4.6.2, .NETFramework,Version=v4.7, .NETFramework,Version=v4.7.1, .NETFramework,Version=v4.7.2, .NETFramework,Version=v4.8, .NETFramework,Version=v4.8.1' instead of the project target framework 'net8.0'. This package may not be fully compatible with your project. [C:\Users\ultra\warewolf\Dev\Warewolf.Common.Framework48.Tests\Warewolf.Common.Framework48.Tests.csproj]
C:\Users\ultra\warewolf\Dev\Dev2.TaskScheduler.Wrappers\Dev2.TaskScheduler.Wrappers.csproj : warning NU1701: Package 'AeroWizard 2.3.1' was restored using '.NETFramework,Version=v4.6.1, .NETFramework,Version=v4.6.2, .NETFramework,Version=v4.7, .NETFramework,Version=v4.7.1, .NETFramework,Version=v4.7.2, .NETFramework,Version=v4.8, .NETFramework,Version=v4.8.1' instead of the project target framework 'net8.0'. This package may not be fully compatible with your project. [C:\Users\ultra\warewolf\Dev\Warewolf.Common.Framework48.Tests\Warewolf.Common.Framework48.Tests.csproj]
C:\Users\ultra\warewolf\Dev\Dev2.TaskScheduler.Wrappers\Dev2.TaskScheduler.Wrappers.csproj : warning NU1701: Package 'GroupControls 1.9.0' was restored using '.NETFramework,Version=v4.6.1, .NETFramework,Version=v4.6.2, .NETFramework,Version=v4.7, .NETFramework,Version=v4.7.1, .NETFramework,Version=v4.7.2, .NETFramework,Version=v4.8, .NETFramework,Version=v4.8.1' instead of the project target framework 'net8.0'. This package may not be fully compatible with your project. [C:\Users\ultra\warewolf\Dev\Warewolf.Common.Framework48.Tests\Warewolf.Common.Framework48.Tests.csproj]
C:\Users\ultra\warewolf\Dev\Dev2.TaskScheduler.Wrappers\Dev2.TaskScheduler.Wrappers.csproj : warning NU1701: Package 'TaskSchedulerEditor 2.10.1' was restored using '.NETFramework,Version=v4.6.1, .NETFramework,Version=v4.6.2, .NETFramework,Version=v4.7, .NETFramework,Version=v4.7.1, .NETFramework,Version=v4.7.2, .NETFramework,Version=v4.8, .NETFramework,Version=v4.8.1' instead of the project target framework 'net8.0'. This package may not be fully compatible with your project. [C:\Users\ultra\warewolf\Dev\Warewolf.Common.Framework48.Tests\Warewolf.Common.Framework48.Tests.csproj]
C:\Users\ultra\warewolf\Dev\Dev2.Util\Dev2.Util.csproj : warning NU1903: Package 'Microsoft.Windows.Compatibility' 6.0.0 has a known high severity vulnerability, https://github.com/advisories/GHSA-555c-2p6r-68mm [C:\Users\ultra\warewolf\Dev\Warewolf.Common.Framework48.Tests\Warewolf.Common.Framework48.Tests.csproj]
C:\Users\ultra\warewolf\Dev\Dev2.Util\Dev2.Util.csproj : warning NU1701: Package 'AeroWizard 2.3.1' was restored using '.NETFramework,Version=v4.6.1, .NETFramework,Version=v4.6.2, .NETFramework,Version=v4.7, .NETFramework,Version=v4.7.1, .NETFramework,Version=v4.7.2, .NETFramework,Version=v4.8, .NETFramework,Version=v4.8.1' instead of the project target framework 'net8.0'. This package may not be fully compatible with your project. [C:\Users\ultra\warewolf\Dev\Warewolf.Common.Framework48.Tests\Warewolf.Common.Framework48.Tests.csproj]
C:\Users\ultra\warewolf\Dev\Dev2.Util\Dev2.Util.csproj : warning NU1701: Package 'GroupControls 1.9.0' was restored using '.NETFramework,Version=v4.6.1, .NETFramework,Version=v4.6.2, .NETFramework,Version=v4.7, .NETFramework,Version=v4.7.1, .NETFramework,Version=v4.7.2, .NETFramework,Version=v4.8, .NETFramework,Version=v4.8.1' instead of the project target framework 'net8.0'. This package may not be fully compatible with your project. [C:\Users\ultra\warewolf\Dev\Warewolf.Common.Framework48.Tests\Warewolf.Common.Framework48.Tests.csproj]
C:\Users\ultra\warewolf\Dev\Dev2.Util\Dev2.Util.csproj : warning NU1701: Package 'TaskSchedulerEditor 2.10.1' was restored using '.NETFramework,Version=v4.6.1, .NETFramework,Version=v4.6.2, .NETFramework,Version=v4.7, .NETFramework,Version=v4.7.1, .NETFramework,Version=v4.7.2, .NETFramework,Version=v4.8, .NETFramework,Version=v4.8.1' instead of the project target framework 'net8.0'. This package may not be fully compatible with your project. [C:\Users\ultra\warewolf\Dev\Warewolf.Common.Framework48.Tests\Warewolf.Common.Framework48.Tests.csproj]
C:\Users\ultra\warewolf\Dev\Warewolf.Data\Warewolf.Data.csproj : warning NU1701: Package 'AeroWizard 2.3.1' was restored using '.NETFramework,Version=v4.6.1, .NETFramework,Version=v4.6.2, .NETFramework,Version=v4.7, .NETFramework,Version=v4.7.1, .NETFramework,Version=v4.7.2, .NETFramework,Version=v4.8, .NETFramework,Version=v4.8.1' instead of the project target framework 'net8.0'. This package may not be fully compatible with your project. [C:\Users\ultra\warewolf\Dev\Warewolf.Common.Framework48.Tests\Warewolf.Common.Framework48.Tests.csproj]
C:\Users\ultra\warewolf\Dev\Warewolf.Data\Warewolf.Data.csproj : warning NU1701: Package 'GroupControls 1.9.0' was restored using '.NETFramework,Version=v4.6.1, .NETFramework,Version=v4.6.2, .NETFramework,Version=v4.7, .NETFramework,Version=v4.7.1, .NETFramework,Version=v4.7.2, .NETFramework,Version=v4.8, .NETFramework,Version=v4.8.1' instead of the project target framework 'net8.0'. This package may not be fully compatible with your project. [C:\Users\ultra\warewolf\Dev\Warewolf.Common.Framework48.Tests\Warewolf.Common.Framework48.Tests.csproj]
C:\Users\ultra\warewolf\Dev\Warewolf.Data\Warewolf.Data.csproj : warning NU1701: Package 'TaskSchedulerEditor 2.10.1' was restored using '.NETFramework,Version=v4.6.1, .NETFramework,Version=v4.6.2, .NETFramework,Version=v4.7, .NETFramework,Version=v4.7.1, .NETFramework,Version=v4.7.2, .NETFramework,Version=v4.8, .NETFramework,Version=v4.8.1' instead of the project target framework 'net8.0'. This package may not be fully compatible with your project. [C:\Users\ultra\warewolf\Dev\Warewolf.Common.Framework48.Tests\Warewolf.Common.Framework48.Tests.csproj]
C:\Users\ultra\warewolf\Dev\Dev2.Studio.Interfaces\Dev2.Studio.Interfaces.csproj : warning NU1701: Package 'AeroWizard 2.3.1' was restored using '.NETFramework,Version=v4.6.1, .NETFramework,Version=v4.6.2, .NETFramework,Version=v4.7, .NETFramework,Version=v4.7.1, .NETFramework,Version=v4.7.2, .NETFramework,Version=v4.8, .NETFramework,Version=v4.8.1' instead of the project target framework 'net8.0'. This package may not be fully compatible with your project. [C:\Users\ultra\warewolf\Dev\Warewolf.Common.Framework48.Tests\Warewolf.Common.Framework48.Tests.csproj]
C:\Users\ultra\warewolf\Dev\Dev2.Studio.Interfaces\Dev2.Studio.Interfaces.csproj : warning NU1701: Package 'GroupControls 1.9.0' was restored using '.NETFramework,Version=v4.6.1, .NETFramework,Version=v4.6.2, .NETFramework,Version=v4.7, .NETFramework,Version=v4.7.1, .NETFramework,Version=v4.7.2, .NETFramework,Version=v4.8, .NETFramework,Version=v4.8.1' instead of the project target framework 'net8.0'. This package may not be fully compatible with your project. [C:\Users\ultra\warewolf\Dev\Warewolf.Common.Framework48.Tests\Warewolf.Common.Framework48.Tests.csproj]
C:\Users\ultra\warewolf\Dev\Dev2.Studio.Interfaces\Dev2.Studio.Interfaces.csproj : warning NU1701: Package 'Microsoft.Xaml.Behaviors.Wpf 1.1.122' was restored using '.NETFramework,Version=v4.6.1, .NETFramework,Version=v4.6.2, .NETFramework,Version=v4.7, .NETFramework,Version=v4.7.1, .NETFramework,Version=v4.7.2, .NETFramework,Version=v4.8, .NETFramework,Version=v4.8.1' instead of the project target framework 'net8.0'. This package may not be fully compatible with your project. [C:\Users\ultra\warewolf\Dev\Warewolf.Common.Framework48.Tests\Warewolf.Common.Framework48.Tests.csproj]
C:\Users\ultra\warewolf\Dev\Dev2.Studio.Interfaces\Dev2.Studio.Interfaces.csproj : warning NU1701: Package 'Prism.Wpf 9.0.537' was restored using '.NETFramework,Version=v4.6.1, .NETFramework,Version=v4.6.2, .NETFramework,Version=v4.7, .NETFramework,Version=v4.7.1, .NETFramework,Version=v4.7.2, .NETFramework,Version=v4.8, .NETFramework,Version=v4.8.1' instead of the project target framework 'net8.0'. This package may not be fully compatible with your project. [C:\Users\ultra\warewolf\Dev\Warewolf.Common.Framework48.Tests\Warewolf.Common.Framework48.Tests.csproj]
C:\Users\ultra\warewolf\Dev\Dev2.Studio.Interfaces\Dev2.Studio.Interfaces.csproj : warning NU1701: Package 'ReactiveUI.WPF 18.4.1' was restored using '.NETFramework,Version=v4.6.1, .NETFramework,Version=v4.6.2, .NETFramework,Version=v4.7, .NETFramework,Version=v4.7.1, .NETFramework,Version=v4.7.2, .NETFramework,Version=v4.8, .NETFramework,Version=v4.8.1' instead of the project target framework 'net8.0'. This package may not be fully compatible with your project. [C:\Users\ultra\warewolf\Dev\Warewolf.Common.Framework48.Tests\Warewolf.Common.Framework48.Tests.csproj]
C:\Users\ultra\warewolf\Dev\Dev2.Studio.Interfaces\Dev2.Studio.Interfaces.csproj : warning NU1701: Package 'TaskSchedulerEditor 2.10.1' was restored using '.NETFramework,Version=v4.6.1, .NETFramework,Version=v4.6.2, .NETFramework,Version=v4.7, .NETFramework,Version=v4.7.1, .NETFramework,Version=v4.7.2, .NETFramework,Version=v4.8, .NETFramework,Version=v4.8.1' instead of the project target framework 'net8.0'. This package may not be fully compatible with your project. [C:\Users\ultra\warewolf\Dev\Warewolf.Common.Framework48.Tests\Warewolf.Common.Framework48.Tests.csproj]
C:\Users\ultra\warewolf\Dev\Warewolf.Common.Framework48\Warewolf.Common.Framework48.csproj : warning NU1902: Package 'System.IdentityModel.Tokens.Jwt' 5.1.0 has a known moderate severity vulnerability, https://github.com/advisories/GHSA-59j7-ghrg-fj52 [C:\Users\ultra\warewolf\Dev\Warewolf.Common.Framework48.Tests\Warewolf.Common.Framework48.Tests.csproj]
C:\Users\ultra\warewolf\Dev\Warewolf.Common.Framework48\Warewolf.Common.Framework48.csproj : warning NU1701: Package 'AeroWizard 2.3.1' was restored using '.NETFramework,Version=v4.6.1, .NETFramework,Version=v4.6.2, .NETFramework,Version=v4.7, .NETFramework,Version=v4.7.1, .NETFramework,Version=v4.7.2, .NETFramework,Version=v4.8, .NETFramework,Version=v4.8.1' instead of the project target framework 'net8.0'. This package may not be fully compatible with your project. [C:\Users\ultra\warewolf\Dev\Warewolf.Common.Framework48.Tests\Warewolf.Common.Framework48.Tests.csproj]
C:\Users\ultra\warewolf\Dev\Warewolf.Common.Framework48\Warewolf.Common.Framework48.csproj : warning NU1701: Package 'GroupControls 1.9.0' was restored using '.NETFramework,Version=v4.6.1, .NETFramework,Version=v4.6.2, .NETFramework,Version=v4.7, .NETFramework,Version=v4.7.1, .NETFramework,Version=v4.7.2, .NETFramework,Version=v4.8, .NETFramework,Version=v4.8.1' instead of the project target framework 'net8.0'. This package may not be fully compatible with your project. [C:\Users\ultra\warewolf\Dev\Warewolf.Common.Framework48.Tests\Warewolf.Common.Framework48.Tests.csproj]
C:\Users\ultra\warewolf\Dev\Warewolf.Common.Framework48\Warewolf.Common.Framework48.csproj : warning NU1701: Package 'Microsoft.Xaml.Behaviors.Wpf 1.1.122' was restored using '.NETFramework,Version=v4.6.1, .NETFramework,Version=v4.6.2, .NETFramework,Version=v4.7, .NETFramework,Version=v4.7.1, .NETFramework,Version=v4.7.2, .NETFramework,Version=v4.8, .NETFramework,Version=v4.8.1' instead of the project target framework 'net8.0'. This package may not be fully compatible with your project. [C:\Users\ultra\warewolf\Dev\Warewolf.Common.Framework48.Tests\Warewolf.Common.Framework48.Tests.csproj]
C:\Users\ultra\warewolf\Dev\Warewolf.Common.Framework48\Warewolf.Common.Framework48.csproj : warning NU1701: Package 'Prism.Wpf 9.0.537' was restored using '.NETFramework,Version=v4.6.1, .NETFramework,Version=v4.6.2, .NETFramework,Version=v4.7, .NETFramework,Version=v4.7.1, .NETFramework,Version=v4.7.2, .NETFramework,Version=v4.8, .NETFramework,Version=v4.8.1' instead of the project target framework 'net8.0'. This package may not be fully compatible with your project. [C:\Users\ultra\warewolf\Dev\Warewolf.Common.Framework48.Tests\Warewolf.Common.Framework48.Tests.csproj]
C:\Users\ultra\warewolf\Dev\Warewolf.Common.Framework48\Warewolf.Common.Framework48.csproj : warning NU1701: Package 'ReactiveUI.WPF 18.4.1' was restored using '.NETFramework,Version=v4.6.1, .NETFramework,Version=v4.6.2, .NETFramework,Version=v4.7, .NETFramework,Version=v4.7.1, .NETFramework,Version=v4.7.2, .NETFramework,Version=v4.8, .NETFramework,Version=v4.8.1' instead of the project target framework 'net8.0'. This package may not be fully compatible with your project. [C:\Users\ultra\warewolf\Dev\Warewolf.Common.Framework48.Tests\Warewolf.Common.Framework48.Tests.csproj]
C:\Users\ultra\warewolf\Dev\Warewolf.Common.Framework48\Warewolf.Common.Framework48.csproj : warning NU1701: Package 'TaskSchedulerEditor 2.10.1' was restored using '.NETFramework,Version=v4.6.1, .NETFramework,Version=v4.6.2, .NETFramework,Version=v4.7, .NETFramework,Version=v4.7.1, .NETFramework,Version=v4.7.2, .NETFramework,Version=v4.8, .NETFramework,Version=v4.8.1' instead of the project target framework 'net8.0'. This package may not be fully compatible with your project. [C:\Users\ultra\warewolf\Dev\Warewolf.Common.Framework48.Tests\Warewolf.Common.Framework48.Tests.csproj]
C:\Users\ultra\warewolf\Dev\Warewolf.Exchange.Email.Wrapper\Warewolf.Exchange.Email.Wrapper.csproj : warning NU1701: Package 'AeroWizard 2.3.1' was restored using '.NETFramework,Version=v4.6.1, .NETFramework,Version=v4.6.2, .NETFramework,Version=v4.7, .NETFramework,Version=v4.7.1, .NETFramework,Version=v4.7.2, .NETFramework,Version=v4.8, .NETFramework,Version=v4.8.1' instead of the project target framework 'net8.0'. This package may not be fully compatible with your project. [C:\Users\ultra\warewolf\Dev\Warewolf.Common.Framework48.Tests\Warewolf.Common.Framework48.Tests.csproj]
C:\Users\ultra\warewolf\Dev\Warewolf.Exchange.Email.Wrapper\Warewolf.Exchange.Email.Wrapper.csproj : warning NU1701: Package 'GroupControls 1.9.0' was restored using '.NETFramework,Version=v4.6.1, .NETFramework,Version=v4.6.2, .NETFramework,Version=v4.7, .NETFramework,Version=v4.7.1, .NETFramework,Version=v4.7.2, .NETFramework,Version=v4.8, .NETFramework,Version=v4.8.1' instead of the project target framework 'net8.0'. This package may not be fully compatible with your project. [C:\Users\ultra\warewolf\Dev\Warewolf.Common.Framework48.Tests\Warewolf.Common.Framework48.Tests.csproj]
C:\Users\ultra\warewolf\Dev\Warewolf.Exchange.Email.Wrapper\Warewolf.Exchange.Email.Wrapper.csproj : warning NU1701: Package 'ReactiveUI.WPF 18.4.1' was restored using '.NETFramework,Version=v4.6.1, .NETFramework,Version=v4.6.2, .NETFramework,Version=v4.7, .NETFramework,Version=v4.7.1, .NETFramework,Version=v4.7.2, .NETFramework,Version=v4.8, .NETFramework,Version=v4.8.1' instead of the project target framework 'net8.0'. This package may not be fully compatible with your project. [C:\Users\ultra\warewolf\Dev\Warewolf.Common.Framework48.Tests\Warewolf.Common.Framework48.Tests.csproj]
C:\Users\ultra\warewolf\Dev\Warewolf.Exchange.Email.Wrapper\Warewolf.Exchange.Email.Wrapper.csproj : warning NU1701: Package 'TaskSchedulerEditor 2.10.1' was restored using '.NETFramework,Version=v4.6.1, .NETFramework,Version=v4.6.2, .NETFramework,Version=v4.7, .NETFramework,Version=v4.7.1, .NETFramework,Version=v4.7.2, .NETFramework,Version=v4.8, .NETFramework,Version=v4.8.1' instead of the project target framework 'net8.0'. This package may not be fully compatible with your project. [C:\Users\ultra\warewolf\Dev\Warewolf.Common.Framework48.Tests\Warewolf.Common.Framework48.Tests.csproj]
C:\Users\ultra\warewolf\Dev\Dev2.Studio.Core\Dev2.Studio.Core.csproj : warning NU1701: Package 'AeroWizard 2.3.1' was restored using '.NETFramework,Version=v4.6.1, .NETFramework,Version=v4.6.2, .NETFramework,Version=v4.7, .NETFramework,Version=v4.7.1, .NETFramework,Version=v4.7.2, .NETFramework,Version=v4.8, .NETFramework,Version=v4.8.1' instead of the project target framework 'net8.0'. This package may not be fully compatible with your project. [C:\Users\ultra\warewolf\Dev\Warewolf.Common.Framework48.Tests\Warewolf.Common.Framework48.Tests.csproj]
C:\Users\ultra\warewolf\Dev\Dev2.Studio.Core\Dev2.Studio.Core.csproj : warning NU1701: Package 'GroupControls 1.9.0' was restored using '.NETFramework,Version=v4.6.1, .NETFramework,Version=v4.6.2, .NETFramework,Version=v4.7, .NETFramework,Version=v4.7.1, .NETFramework,Version=v4.7.2, .NETFramework,Version=v4.8, .NETFramework,Version=v4.8.1' instead of the project target framework 'net8.0'. This package may not be fully compatible with your project. [C:\Users\ultra\warewolf\Dev\Warewolf.Common.Framework48.Tests\Warewolf.Common.Framework48.Tests.csproj]
C:\Users\ultra\warewolf\Dev\Dev2.Studio.Core\Dev2.Studio.Core.csproj : warning NU1701: Package 'Microsoft.Xaml.Behaviors.Wpf 1.1.122' was restored using '.NETFramework,Version=v4.6.1, .NETFramework,Version=v4.6.2, .NETFramework,Version=v4.7, .NETFramework,Version=v4.7.1, .NETFramework,Version=v4.7.2, .NETFramework,Version=v4.8, .NETFramework,Version=v4.8.1' instead of the project target framework 'net8.0'. This package may not be fully compatible with your project. [C:\Users\ultra\warewolf\Dev\Warewolf.Common.Framework48.Tests\Warewolf.Common.Framework48.Tests.csproj]
C:\Users\ultra\warewolf\Dev\Dev2.Studio.Core\Dev2.Studio.Core.csproj : warning NU1701: Package 'Prism.Wpf 9.0.537' was restored using '.NETFramework,Version=v4.6.1, .NETFramework,Version=v4.6.2, .NETFramework,Version=v4.7, .NETFramework,Version=v4.7.1, .NETFramework,Version=v4.7.2, .NETFramework,Version=v4.8, .NETFramework,Version=v4.8.1' instead of the project target framework 'net8.0'. This package may not be fully compatible with your project. [C:\Users\ultra\warewolf\Dev\Warewolf.Common.Framework48.Tests\Warewolf.Common.Framework48.Tests.csproj]
C:\Users\ultra\warewolf\Dev\Dev2.Studio.Core\Dev2.Studio.Core.csproj : warning NU1701: Package 'ReactiveUI.WPF 18.4.1' was restored using '.NETFramework,Version=v4.6.1, .NETFramework,Version=v4.6.2, .NETFramework,Version=v4.7, .NETFramework,Version=v4.7.1, .NETFramework,Version=v4.7.2, .NETFramework,Version=v4.8, .NETFramework,Version=v4.8.1' instead of the project target framework 'net8.0'. This package may not be fully compatible with your project. [C:\Users\ultra\warewolf\Dev\Warewolf.Common.Framework48.Tests\Warewolf.Common.Framework48.Tests.csproj]
C:\Users\ultra\warewolf\Dev\Dev2.Studio.Core\Dev2.Studio.Core.csproj : warning NU1701: Package 'TaskSchedulerEditor 2.10.1' was restored using '.NETFramework,Version=v4.6.1, .NETFramework,Version=v4.6.2, .NETFramework,Version=v4.7, .NETFramework,Version=v4.7.1, .NETFramework,Version=v4.7.2, .NETFramework,Version=v4.8, .NETFramework,Version=v4.8.1' instead of the project target framework 'net8.0'. This package may not be fully compatible with your project. [C:\Users\ultra\warewolf\Dev\Warewolf.Common.Framework48.Tests\Warewolf.Common.Framework48.Tests.csproj]
C:\Users\ultra\warewolf\Dev\Warewolf.Driver.Persistence\Warewolf.Driver.Persistence.csproj : warning NU1701: Package 'AeroWizard 2.3.1' was restored using '.NETFramework,Version=v4.6.1, .NETFramework,Version=v4.6.2, .NETFramework,Version=v4.7, .NETFramework,Version=v4.7.1, .NETFramework,Version=v4.7.2, .NETFramework,Version=v4.8, .NETFramework,Version=v4.8.1' instead of the project target framework 'net8.0'. This package may not be fully compatible with your project. [C:\Users\ultra\warewolf\Dev\Warewolf.Common.Framework48.Tests\Warewolf.Common.Framework48.Tests.csproj]
C:\Users\ultra\warewolf\Dev\Warewolf.Driver.Persistence\Warewolf.Driver.Persistence.csproj : warning NU1701: Package 'GroupControls 1.9.0' was restored using '.NETFramework,Version=v4.6.1, .NETFramework,Version=v4.6.2, .NETFramework,Version=v4.7, .NETFramework,Version=v4.7.1, .NETFramework,Version=v4.7.2, .NETFramework,Version=v4.8, .NETFramework,Version=v4.8.1' instead of the project target framework 'net8.0'. This package may not be fully compatible with your project. [C:\Users\ultra\warewolf\Dev\Warewolf.Common.Framework48.Tests\Warewolf.Common.Framework48.Tests.csproj]
C:\Users\ultra\warewolf\Dev\Warewolf.Driver.Persistence\Warewolf.Driver.Persistence.csproj : warning NU1701: Package 'ReactiveUI.WPF 18.4.1' was restored using '.NETFramework,Version=v4.6.1, .NETFramework,Version=v4.6.2, .NETFramework,Version=v4.7, .NETFramework,Version=v4.7.1, .NETFramework,Version=v4.7.2, .NETFramework,Version=v4.8, .NETFramework,Version=v4.8.1' instead of the project target framework 'net8.0'. This package may not be fully compatible with your project. [C:\Users\ultra\warewolf\Dev\Warewolf.Common.Framework48.Tests\Warewolf.Common.Framework48.Tests.csproj]
C:\Users\ultra\warewolf\Dev\Warewolf.Driver.Persistence\Warewolf.Driver.Persistence.csproj : warning NU1701: Package 'TaskSchedulerEditor 2.10.1' was restored using '.NETFramework,Version=v4.6.1, .NETFramework,Version=v4.6.2, .NETFramework,Version=v4.7, .NETFramework,Version=v4.7.1, .NETFramework,Version=v4.7.2, .NETFramework,Version=v4.8, .NETFramework,Version=v4.8.1' instead of the project target framework 'net8.0'. This package may not be fully compatible with your project. [C:\Users\ultra\warewolf\Dev\Warewolf.Common.Framework48.Tests\Warewolf.Common.Framework48.Tests.csproj]
C:\Users\ultra\warewolf\Dev\Warewolf.Driver.Serilog\Warewolf.Driver.Serilog.csproj : warning NU1701: Package 'AeroWizard 2.3.1' was restored using '.NETFramework,Version=v4.6.1, .NETFramework,Version=v4.6.2, .NETFramework,Version=v4.7, .NETFramework,Version=v4.7.1, .NETFramework,Version=v4.7.2, .NETFramework,Version=v4.8, .NETFramework,Version=v4.8.1' instead of the project target framework 'net8.0'. This package may not be fully compatible with your project. [C:\Users\ultra\warewolf\Dev\Warewolf.Common.Framework48.Tests\Warewolf.Common.Framework48.Tests.csproj]
C:\Users\ultra\warewolf\Dev\Warewolf.Driver.Serilog\Warewolf.Driver.Serilog.csproj : warning NU1701: Package 'GroupControls 1.9.0' was restored using '.NETFramework,Version=v4.6.1, .NETFramework,Version=v4.6.2, .NETFramework,Version=v4.7, .NETFramework,Version=v4.7.1, .NETFramework,Version=v4.7.2, .NETFramework,Version=v4.8, .NETFramework,Version=v4.8.1' instead of the project target framework 'net8.0'. This package may not be fully compatible with your project. [C:\Users\ultra\warewolf\Dev\Warewolf.Common.Framework48.Tests\Warewolf.Common.Framework48.Tests.csproj]
C:\Users\ultra\warewolf\Dev\Warewolf.Driver.Serilog\Warewolf.Driver.Serilog.csproj : warning NU1701: Package 'ReactiveUI.WPF 18.4.1' was restored using '.NETFramework,Version=v4.6.1, .NETFramework,Version=v4.6.2, .NETFramework,Version=v4.7, .NETFramework,Version=v4.7.1, .NETFramework,Version=v4.7.2, .NETFramework,Version=v4.8, .NETFramework,Version=v4.8.1' instead of the project target framework 'net8.0'. This package may not be fully compatible with your project. [C:\Users\ultra\warewolf\Dev\Warewolf.Common.Framework48.Tests\Warewolf.Common.Framework48.Tests.csproj]
C:\Users\ultra\warewolf\Dev\Warewolf.Driver.Serilog\Warewolf.Driver.Serilog.csproj : warning NU1701: Package 'TaskSchedulerEditor 2.10.1' was restored using '.NETFramework,Version=v4.6.1, .NETFramework,Version=v4.6.2, .NETFramework,Version=v4.7, .NETFramework,Version=v4.7.1, .NETFramework,Version=v4.7.2, .NETFramework,Version=v4.8, .NETFramework,Version=v4.8.1' instead of the project target framework 'net8.0'. This package may not be fully compatible with your project. [C:\Users\ultra\warewolf\Dev\Warewolf.Common.Framework48.Tests\Warewolf.Common.Framework48.Tests.csproj]
C:\Users\ultra\warewolf\Dev\Dev2.SignalR.Wrappers.New\Dev2.SignalR.Wrappers.New.csproj : warning NU1701: Package 'AeroWizard 2.3.1' was restored using '.NETFramework,Version=v4.6.1, .NETFramework,Version=v4.6.2, .NETFramework,Version=v4.7, .NETFramework,Version=v4.7.1, .NETFramework,Version=v4.7.2, .NETFramework,Version=v4.8, .NETFramework,Version=v4.8.1' instead of the project target framework 'net8.0'. This package may not be fully compatible with your project. [C:\Users\ultra\warewolf\Dev\Warewolf.Common.Framework48.Tests\Warewolf.Common.Framework48.Tests.csproj]
C:\Users\ultra\warewolf\Dev\Dev2.SignalR.Wrappers.New\Dev2.SignalR.Wrappers.New.csproj : warning NU1701: Package 'GroupControls 1.9.0' was restored using '.NETFramework,Version=v4.6.1, .NETFramework,Version=v4.6.2, .NETFramework,Version=v4.7, .NETFramework,Version=v4.7.1, .NETFramework,Version=v4.7.2, .NETFramework,Version=v4.8, .NETFramework,Version=v4.8.1' instead of the project target framework 'net8.0'. This package may not be fully compatible with your project. [C:\Users\ultra\warewolf\Dev\Warewolf.Common.Framework48.Tests\Warewolf.Common.Framework48.Tests.csproj]
C:\Users\ultra\warewolf\Dev\Dev2.SignalR.Wrappers.New\Dev2.SignalR.Wrappers.New.csproj : warning NU1701: Package 'ReactiveUI.WPF 18.4.1' was restored using '.NETFramework,Version=v4.6.1, .NETFramework,Version=v4.6.2, .NETFramework,Version=v4.7, .NETFramework,Version=v4.7.1, .NETFramework,Version=v4.7.2, .NETFramework,Version=v4.8, .NETFramework,Version=v4.8.1' instead of the project target framework 'net8.0'. This package may not be fully compatible with your project. [C:\Users\ultra\warewolf\Dev\Warewolf.Common.Framework48.Tests\Warewolf.Common.Framework48.Tests.csproj]
C:\Users\ultra\warewolf\Dev\Dev2.SignalR.Wrappers.New\Dev2.SignalR.Wrappers.New.csproj : warning NU1701: Package 'TaskSchedulerEditor 2.10.1' was restored using '.NETFramework,Version=v4.6.1, .NETFramework,Version=v4.6.2, .NETFramework,Version=v4.7, .NETFramework,Version=v4.7.1, .NETFramework,Version=v4.7.2, .NETFramework,Version=v4.8, .NETFramework,Version=v4.8.1' instead of the project target framework 'net8.0'. This package may not be fully compatible with your project. [C:\Users\ultra\warewolf\Dev\Warewolf.Common.Framework48.Tests\Warewolf.Common.Framework48.Tests.csproj]
C:\Users\ultra\warewolf\Dev\Warewolf.Common.Framework48.Tests\Warewolf.Common.Framework48.Tests.csproj : warning NU1701: Package 'AeroWizard 2.3.1' was restored using '.NETFramework,Version=v4.6.1, .NETFramework,Version=v4.6.2, .NETFramework,Version=v4.7, .NETFramework,Version=v4.7.1, .NETFramework,Version=v4.7.2, .NETFramework,Version=v4.8, .NETFramework,Version=v4.8.1' instead of the project target framework 'net8.0'. This package may not be fully compatible with your project.
C:\Users\ultra\warewolf\Dev\Warewolf.Common.Framework48.Tests\Warewolf.Common.Framework48.Tests.csproj : warning NU1701: Package 'GroupControls 1.9.0' was restored using '.NETFramework,Version=v4.6.1, .NETFramework,Version=v4.6.2, .NETFramework,Version=v4.7, .NETFramework,Version=v4.7.1, .NETFramework,Version=v4.7.2, .NETFramework,Version=v4.8, .NETFramework,Version=v4.8.1' instead of the project target framework 'net8.0'. This package may not be fully compatible with your project.
C:\Users\ultra\warewolf\Dev\Warewolf.Common.Framework48.Tests\Warewolf.Common.Framework48.Tests.csproj : warning NU1701: Package 'Microsoft.Xaml.Behaviors.Wpf 1.1.122' was restored using '.NETFramework,Version=v4.6.1, .NETFramework,Version=v4.6.2, .NETFramework,Version=v4.7, .NETFramework,Version=v4.7.1, .NETFramework,Version=v4.7.2, .NETFramework,Version=v4.8, .NETFramework,Version=v4.8.1' instead of the project target framework 'net8.0'. This package may not be fully compatible with your project.
C:\Users\ultra\warewolf\Dev\Warewolf.Common.Framework48.Tests\Warewolf.Common.Framework48.Tests.csproj : warning NU1701: Package 'Prism.Wpf 9.0.537' was restored using '.NETFramework,Version=v4.6.1, .NETFramework,Version=v4.6.2, .NETFramework,Version=v4.7, .NETFramework,Version=v4.7.1, .NETFramework,Version=v4.7.2, .NETFramework,Version=v4.8, .NETFramework,Version=v4.8.1' instead of the project target framework 'net8.0'. This package may not be fully compatible with your project.
C:\Users\ultra\warewolf\Dev\Warewolf.Common.Framework48.Tests\Warewolf.Common.Framework48.Tests.csproj : warning NU1701: Package 'ReactiveUI.WPF 18.4.1' was restored using '.NETFramework,Version=v4.6.1, .NETFramework,Version=v4.6.2, .NETFramework,Version=v4.7, .NETFramework,Version=v4.7.1, .NETFramework,Version=v4.7.2, .NETFramework,Version=v4.8, .NETFramework,Version=v4.8.1' instead of the project target framework 'net8.0'. This package may not be fully compatible with your project.
C:\Users\ultra\warewolf\Dev\Warewolf.Common.Framework48.Tests\Warewolf.Common.Framework48.Tests.csproj : warning NU1701: Package 'TaskSchedulerEditor 2.10.1' was restored using '.NETFramework,Version=v4.6.1, .NETFramework,Version=v4.6.2, .NETFramework,Version=v4.7, .NETFramework,Version=v4.7.1, .NETFramework,Version=v4.7.2, .NETFramework,Version=v4.8, .NETFramework,Version=v4.8.1' instead of the project target framework 'net8.0'. This package may not be fully compatible with your project.
  Restored C:\Users\ultra\warewolf\Dev\Warewolf.Common.Framework48.Tests\Warewolf.Common.Framework48.Tests.csproj (in 615 ms).
  51 of 52 projects are up-to-date for restore.
C:\Users\ultra\warewolf\Dev\Warewolf.Common.Framework48.Tests\Warewolf.Common.Framework48.Tests.csproj : warning NU1701: Package 'AeroWizard 2.3.1' was restored using '.NETFramework,Version=v4.6.1, .NETFramework,Version=v4.6.2, .NETFramework,Version=v4.7, .NETFramework,Version=v4.7.1, .NETFramework,Version=v4.7.2, .NETFramework,Version=v4.8, .NETFramework,Version=v4.8.1' instead of the project target framework 'net8.0'. This package may not be fully compatible with your project.
C:\Users\ultra\warewolf\Dev\Warewolf.Common.Framework48.Tests\Warewolf.Common.Framework48.Tests.csproj : warning NU1701: Package 'GroupControls 1.9.0' was restored using '.NETFramework,Version=v4.6.1, .NETFramework,Version=v4.6.2, .NETFramework,Version=v4.7, .NETFramework,Version=v4.7.1, .NETFramework,Version=v4.7.2, .NETFramework,Version=v4.8, .NETFramework,Version=v4.8.1' instead of the project target framework 'net8.0'. This package may not be fully compatible with your project.
C:\Users\ultra\warewolf\Dev\Warewolf.Common.Framework48.Tests\Warewolf.Common.Framework48.Tests.csproj : warning NU1701: Package 'Microsoft.Xaml.Behaviors.Wpf 1.1.122' was restored using '.NETFramework,Version=v4.6.1, .NETFramework,Version=v4.6.2, .NETFramework,Version=v4.7, .NETFramework,Version=v4.7.1, .NETFramework,Version=v4.7.2, .NETFramework,Version=v4.8, .NETFramework,Version=v4.8.1' instead of the project target framework 'net8.0'. This package may not be fully compatible with your project.
C:\Users\ultra\warewolf\Dev\Warewolf.Common.Framework48.Tests\Warewolf.Common.Framework48.Tests.csproj : warning NU1701: Package 'Prism.Wpf 9.0.537' was restored using '.NETFramework,Version=v4.6.1, .NETFramework,Version=v4.6.2, .NETFramework,Version=v4.7, .NETFramework,Version=v4.7.1, .NETFramework,Version=v4.7.2, .NETFramework,Version=v4.8, .NETFramework,Version=v4.8.1' instead of the project target framework 'net8.0'. This package may not be fully compatible with your project.
C:\Users\ultra\warewolf\Dev\Warewolf.Common.Framework48.Tests\Warewolf.Common.Framework48.Tests.csproj : warning NU1701: Package 'ReactiveUI.WPF 18.4.1' was restored using '.NETFramework,Version=v4.6.1, .NETFramework,Version=v4.6.2, .NETFramework,Version=v4.7, .NETFramework,Version=v4.7.1, .NETFramework,Version=v4.7.2, .NETFramework,Version=v4.8, .NETFramework,Version=v4.8.1' instead of the project target framework 'net8.0'. This package may not be fully compatible with your project.
C:\Users\ultra\warewolf\Dev\Warewolf.Common.Framework48.Tests\Warewolf.Common.Framework48.Tests.csproj : warning NU1701: Package 'TaskSchedulerEditor 2.10.1' was restored using '.NETFramework,Version=v4.6.1, .NETFramework,Version=v4.6.2, .NETFramework,Version=v4.7, .NETFramework,Version=v4.7.1, .NETFramework,Version=v4.7.2, .NETFramework,Version=v4.8, .NETFramework,Version=v4.8.1' instead of the project target framework 'net8.0'. This package may not be fully compatible with your project.
C:\Program Files\dotnet\sdk\10.0.201\Sdks\Microsoft.NET.Sdk\targets\Microsoft.NET.Sdk.DefaultItems.targets(162,5): warning NETSDK1137: It is no longer necessary to use the Microsoft.NET.Sdk.WindowsDesktop SDK. Consider changing the Sdk attribute of the root Project element to 'Microsoft.NET.Sdk'. [C:\Users\ultra\warewolf\Dev\Dev2.CustomControls\Dev2.CustomControls.csproj]
C:\Program Files\dotnet\sdk\10.0.201\Sdks\Microsoft.NET.Sdk.WindowsDesktop\targets\Microsoft.NET.Sdk.WindowsDesktop.targets(138,5): warning NETSDK1106: Microsoft.NET.Sdk.WindowsDesktop requires 'UseWpf' or 'UseWindowsForms' to be set to 'true' [C:\Users\ultra\warewolf\Dev\Dev2.CustomControls\Dev2.CustomControls.csproj]
C:\Users\ultra\warewolf\Dev\Warewolf.Common\Warewolf.Common.csproj : warning NU1701: Package 'AeroWizard 2.3.1' was restored using '.NETFramework,Version=v4.6.1, .NETFramework,Version=v4.6.2, .NETFramework,Version=v4.7, .NETFramework,Version=v4.7.1, .NETFramework,Version=v4.7.2, .NETFramework,Version=v4.8, .NETFramework,Version=v4.8.1' instead of the project target framework 'net8.0'. This package may not be fully compatible with your project.
C:\Users\ultra\warewolf\Dev\Warewolf.Common\Warewolf.Common.csproj : warning NU1701: Package 'GroupControls 1.9.0' was restored using '.NETFramework,Version=v4.6.1, .NETFramework,Version=v4.6.2, .NETFramework,Version=v4.7, .NETFramework,Version=v4.7.1, .NETFramework,Version=v4.7.2, .NETFramework,Version=v4.8, .NETFramework,Version=v4.8.1' instead of the project target framework 'net8.0'. This package may not be fully compatible with your project.
C:\Users\ultra\warewolf\Dev\Warewolf.Common\Warewolf.Common.csproj : warning NU1701: Package 'TaskSchedulerEditor 2.10.1' was restored using '.NETFramework,Version=v4.6.1, .NETFramework,Version=v4.6.2, .NETFramework,Version=v4.7, .NETFramework,Version=v4.7.1, .NETFramework,Version=v4.7.2, .NETFramework,Version=v4.8, .NETFramework,Version=v4.8.1' instead of the project target framework 'net8.0'. This package may not be fully compatible with your project.
C:\Users\ultra\warewolf\Dev\Dev2.Common.Interfaces\Dev2.Common.Interfaces.csproj : warning NU1903: Package 'Microsoft.Windows.Compatibility' 6.0.0 has a known high severity vulnerability, https://github.com/advisories/GHSA-555c-2p6r-68mm
C:\Users\ultra\warewolf\Dev\Dev2.Common.Interfaces\Dev2.Common.Interfaces.csproj : warning NU1701: Package 'AeroWizard 2.3.1' was restored using '.NETFramework,Version=v4.6.1, .NETFramework,Version=v4.6.2, .NETFramework,Version=v4.7, .NETFramework,Version=v4.7.1, .NETFramework,Version=v4.7.2, .NETFramework,Version=v4.8, .NETFramework,Version=v4.8.1' instead of the project target framework 'net8.0'. This package may not be fully compatible with your project.
C:\Users\ultra\warewolf\Dev\Warewolf.Core\Warewolf.Core.csproj : warning NU1903: Package 'Microsoft.Windows.Compatibility' 6.0.0 has a known high severity vulnerability, https://github.com/advisories/GHSA-555c-2p6r-68mm
C:\Users\ultra\warewolf\Dev\Dev2.Common.Interfaces\Dev2.Common.Interfaces.csproj : warning NU1701: Package 'GroupControls 1.9.0' was restored using '.NETFramework,Version=v4.6.1, .NETFramework,Version=v4.6.2, .NETFramework,Version=v4.7, .NETFramework,Version=v4.7.1, .NETFramework,Version=v4.7.2, .NETFramework,Version=v4.8, .NETFramework,Version=v4.8.1' instead of the project target framework 'net8.0'. This package may not be fully compatible with your project.
C:\Users\ultra\warewolf\Dev\Dev2.Common.Interfaces\Dev2.Common.Interfaces.csproj : warning NU1701: Package 'TaskSchedulerEditor 2.10.1' was restored using '.NETFramework,Version=v4.6.1, .NETFramework,Version=v4.6.2, .NETFramework,Version=v4.7, .NETFramework,Version=v4.7.1, .NETFramework,Version=v4.7.2, .NETFramework,Version=v4.8, .NETFramework,Version=v4.8.1' instead of the project target framework 'net8.0'. This package may not be fully compatible with your project.
C:\Users\ultra\warewolf\Dev\Warewolf.Core\Warewolf.Core.csproj : warning NU1701: Package 'AeroWizard 2.3.1' was restored using '.NETFramework,Version=v4.6.1, .NETFramework,Version=v4.6.2, .NETFramework,Version=v4.7, .NETFramework,Version=v4.7.1, .NETFramework,Version=v4.7.2, .NETFramework,Version=v4.8, .NETFramework,Version=v4.8.1' instead of the project target framework 'net8.0'. This package may not be fully compatible with your project.
C:\Users\ultra\warewolf\Dev\Warewolf.Core\Warewolf.Core.csproj : warning NU1701: Package 'GroupControls 1.9.0' was restored using '.NETFramework,Version=v4.6.1, .NETFramework,Version=v4.6.2, .NETFramework,Version=v4.7, .NETFramework,Version=v4.7.1, .NETFramework,Version=v4.7.2, .NETFramework,Version=v4.8, .NETFramework,Version=v4.8.1' instead of the project target framework 'net8.0'. This package may not be fully compatible with your project.
C:\Users\ultra\warewolf\Dev\Warewolf.Core\Warewolf.Core.csproj : warning NU1701: Package 'ReactiveUI.WPF 18.4.1' was restored using '.NETFramework,Version=v4.6.1, .NETFramework,Version=v4.6.2, .NETFramework,Version=v4.7, .NETFramework,Version=v4.7.1, .NETFramework,Version=v4.7.2, .NETFramework,Version=v4.8, .NETFramework,Version=v4.8.1' instead of the project target framework 'net8.0'. This package may not be fully compatible with your project.
C:\Users\ultra\warewolf\Dev\Warewolf.Core\Warewolf.Core.csproj : warning NU1701: Package 'TaskSchedulerEditor 2.10.1' was restored using '.NETFramework,Version=v4.6.1, .NETFramework,Version=v4.6.2, .NETFramework,Version=v4.7, .NETFramework,Version=v4.7.1, .NETFramework,Version=v4.7.2, .NETFramework,Version=v4.8, .NETFramework,Version=v4.8.1' instead of the project target framework 'net8.0'. This package may not be fully compatible with your project.
C:\Users\ultra\warewolf\Dev\Warewolf.Common.Framework48\Warewolf.Common.Framework48.csproj : warning NU1902: Package 'System.IdentityModel.Tokens.Jwt' 5.1.0 has a known moderate severity vulnerability, https://github.com/advisories/GHSA-59j7-ghrg-fj52
C:\Users\ultra\warewolf\Dev\Dev2.Data\Dev2.Data.csproj : warning NU1701: Package 'AeroWizard 2.3.1' was restored using '.NETFramework,Version=v4.6.1, .NETFramework,Version=v4.6.2, .NETFramework,Version=v4.7, .NETFramework,Version=v4.7.1, .NETFramework,Version=v4.7.2, .NETFramework,Version=v4.8, .NETFramework,Version=v4.8.1' instead of the project target framework 'net8.0'. This package may not be fully compatible with your project.
C:\Users\ultra\warewolf\Dev\Dev2.Data\Dev2.Data.csproj : warning NU1701: Package 'GroupControls 1.9.0' was restored using '.NETFramework,Version=v4.6.1, .NETFramework,Version=v4.6.2, .NETFramework,Version=v4.7, .NETFramework,Version=v4.7.1, .NETFramework,Version=v4.7.2, .NETFramework,Version=v4.8, .NETFramework,Version=v4.8.1' instead of the project target framework 'net8.0'. This package may not be fully compatible with your project.
C:\Users\ultra\warewolf\Dev\Warewolf.Common.Framework48\Warewolf.Common.Framework48.csproj : warning NU1701: Package 'AeroWizard 2.3.1' was restored using '.NETFramework,Version=v4.6.1, .NETFramework,Version=v4.6.2, .NETFramework,Version=v4.7, .NETFramework,Version=v4.7.1, .NETFramework,Version=v4.7.2, .NETFramework,Version=v4.8, .NETFramework,Version=v4.8.1' instead of the project target framework 'net8.0'. This package may not be fully compatible with your project.
C:\Users\ultra\warewolf\Dev\Dev2.Data\Dev2.Data.csproj : warning NU1701: Package 'ReactiveUI.WPF 18.4.1' was restored using '.NETFramework,Version=v4.6.1, .NETFramework,Version=v4.6.2, .NETFramework,Version=v4.7, .NETFramework,Version=v4.7.1, .NETFramework,Version=v4.7.2, .NETFramework,Version=v4.8, .NETFramework,Version=v4.8.1' instead of the project target framework 'net8.0'. This package may not be fully compatible with your project.
C:\Users\ultra\warewolf\Dev\Warewolf.Common.Framework48\Warewolf.Common.Framework48.csproj : warning NU1701: Package 'GroupControls 1.9.0' was restored using '.NETFramework,Version=v4.6.1, .NETFramework,Version=v4.6.2, .NETFramework,Version=v4.7, .NETFramework,Version=v4.7.1, .NETFramework,Version=v4.7.2, .NETFramework,Version=v4.8, .NETFramework,Version=v4.8.1' instead of the project target framework 'net8.0'. This package may not be fully compatible with your project.
C:\Users\ultra\warewolf\Dev\Dev2.Data\Dev2.Data.csproj : warning NU1701: Package 'TaskSchedulerEditor 2.10.1' was restored using '.NETFramework,Version=v4.6.1, .NETFramework,Version=v4.6.2, .NETFramework,Version=v4.7, .NETFramework,Version=v4.7.1, .NETFramework,Version=v4.7.2, .NETFramework,Version=v4.8, .NETFramework,Version=v4.8.1' instead of the project target framework 'net8.0'. This package may not be fully compatible with your project.
C:\Users\ultra\warewolf\Dev\Warewolf.Common.Framework48\Warewolf.Common.Framework48.csproj : warning NU1701: Package 'Microsoft.Xaml.Behaviors.Wpf 1.1.122' was restored using '.NETFramework,Version=v4.6.1, .NETFramework,Version=v4.6.2, .NETFramework,Version=v4.7, .NETFramework,Version=v4.7.1, .NETFramework,Version=v4.7.2, .NETFramework,Version=v4.8, .NETFramework,Version=v4.8.1' instead of the project target framework 'net8.0'. This package may not be fully compatible with your project.
C:\Users\ultra\warewolf\Dev\Dev2.Data.Interfaces\Dev2.Data.Interfaces.csproj : warning NU1903: Package 'DotNetZip' 1.16.0 has a known high severity vulnerability, https://github.com/advisories/GHSA-xhg6-9j5j-w4vf
C:\Users\ultra\warewolf\Dev\Warewolf.Common.Framework48\Warewolf.Common.Framework48.csproj : warning NU1701: Package 'Prism.Wpf 9.0.537' was restored using '.NETFramework,Version=v4.6.1, .NETFramework,Version=v4.6.2, .NETFramework,Version=v4.7, .NETFramework,Version=v4.7.1, .NETFramework,Version=v4.7.2, .NETFramework,Version=v4.8, .NETFramework,Version=v4.8.1' instead of the project target framework 'net8.0'. This package may not be fully compatible with your project.
C:\Users\ultra\warewolf\Dev\Dev2.Core\Dev2.Core.csproj : warning NU1903: Package 'Microsoft.Windows.Compatibility' 6.0.0 has a known high severity vulnerability, https://github.com/advisories/GHSA-555c-2p6r-68mm
C:\Users\ultra\warewolf\Dev\Dev2.Data.Interfaces\Dev2.Data.Interfaces.csproj : warning NU1701: Package 'AeroWizard 2.3.1' was restored using '.NETFramework,Version=v4.6.1, .NETFramework,Version=v4.6.2, .NETFramework,Version=v4.7, .NETFramework,Version=v4.7.1, .NETFramework,Version=v4.7.2, .NETFramework,Version=v4.8, .NETFramework,Version=v4.8.1' instead of the project target framework 'net8.0'. This package may not be fully compatible with your project.
C:\Users\ultra\warewolf\Dev\Warewolf.Common.Framework48\Warewolf.Common.Framework48.csproj : warning NU1701: Package 'ReactiveUI.WPF 18.4.1' was restored using '.NETFramework,Version=v4.6.1, .NETFramework,Version=v4.6.2, .NETFramework,Version=v4.7, .NETFramework,Version=v4.7.1, .NETFramework,Version=v4.7.2, .NETFramework,Version=v4.8, .NETFramework,Version=v4.8.1' instead of the project target framework 'net8.0'. This package may not be fully compatible with your project.
C:\Users\ultra\warewolf\Dev\Dev2.Core\Dev2.Core.csproj : warning NU1701: Package 'AeroWizard 2.3.1' was restored using '.NETFramework,Version=v4.6.1, .NETFramework,Version=v4.6.2, .NETFramework,Version=v4.7, .NETFramework,Version=v4.7.1, .NETFramework,Version=v4.7.2, .NETFramework,Version=v4.8, .NETFramework,Version=v4.8.1' instead of the project target framework 'net8.0'. This package may not be fully compatible with your project.
C:\Users\ultra\warewolf\Dev\Dev2.Data.Interfaces\Dev2.Data.Interfaces.csproj : warning NU1701: Package 'GroupControls 1.9.0' was restored using '.NETFramework,Version=v4.6.1, .NETFramework,Version=v4.6.2, .NETFramework,Version=v4.7, .NETFramework,Version=v4.7.1, .NETFramework,Version=v4.7.2, .NETFramework,Version=v4.8, .NETFramework,Version=v4.8.1' instead of the project target framework 'net8.0'. This package may not be fully compatible with your project.
C:\Users\ultra\warewolf\Dev\Dev2.CustomControls\Dev2.CustomControls.csproj : warning NU1903: Package 'Microsoft.Windows.Compatibility' 6.0.0 has a known high severity vulnerability, https://github.com/advisories/GHSA-555c-2p6r-68mm
C:\Users\ultra\warewolf\Dev\Warewolf.Common.Framework48\Warewolf.Common.Framework48.csproj : warning NU1701: Package 'TaskSchedulerEditor 2.10.1' was restored using '.NETFramework,Version=v4.6.1, .NETFramework,Version=v4.6.2, .NETFramework,Version=v4.7, .NETFramework,Version=v4.7.1, .NETFramework,Version=v4.7.2, .NETFramework,Version=v4.8, .NETFramework,Version=v4.8.1' instead of the project target framework 'net8.0'. This package may not be fully compatible with your project.
C:\Users\ultra\warewolf\Dev\Dev2.Core\Dev2.Core.csproj : warning NU1701: Package 'GroupControls 1.9.0' was restored using '.NETFramework,Version=v4.6.1, .NETFramework,Version=v4.6.2, .NETFramework,Version=v4.7, .NETFramework,Version=v4.7.1, .NETFramework,Version=v4.7.2, .NETFramework,Version=v4.8, .NETFramework,Version=v4.8.1' instead of the project target framework 'net8.0'. This package may not be fully compatible with your project.
C:\Users\ultra\warewolf\Dev\Dev2.Data.Interfaces\Dev2.Data.Interfaces.csproj : warning NU1701: Package 'TaskSchedulerEditor 2.10.1' was restored using '.NETFramework,Version=v4.6.1, .NETFramework,Version=v4.6.2, .NETFramework,Version=v4.7, .NETFramework,Version=v4.7.1, .NETFramework,Version=v4.7.2, .NETFramework,Version=v4.8, .NETFramework,Version=v4.8.1' instead of the project target framework 'net8.0'. This package may not be fully compatible with your project.
C:\Users\ultra\warewolf\Dev\Dev2.Core\Dev2.Core.csproj : warning NU1701: Package 'ReactiveUI.WPF 18.4.1' was restored using '.NETFramework,Version=v4.6.1, .NETFramework,Version=v4.6.2, .NETFramework,Version=v4.7, .NETFramework,Version=v4.7.1, .NETFramework,Version=v4.7.2, .NETFramework,Version=v4.8, .NETFramework,Version=v4.8.1' instead of the project target framework 'net8.0'. This package may not be fully compatible with your project.
C:\Users\ultra\warewolf\Dev\Dev2.CustomControls\Dev2.CustomControls.csproj : warning NU1701: Package 'AeroWizard 2.3.1' was restored using '.NETFramework,Version=v4.6.1, .NETFramework,Version=v4.6.2, .NETFramework,Version=v4.7, .NETFramework,Version=v4.7.1, .NETFramework,Version=v4.7.2, .NETFramework,Version=v4.8, .NETFramework,Version=v4.8.1' instead of the project target framework 'net8.0'. This package may not be fully compatible with your project.
C:\Users\ultra\warewolf\Dev\Dev2.Core\Dev2.Core.csproj : warning NU1701: Package 'TaskSchedulerEditor 2.10.1' was restored using '.NETFramework,Version=v4.6.1, .NETFramework,Version=v4.6.2, .NETFramework,Version=v4.7, .NETFramework,Version=v4.7.1, .NETFramework,Version=v4.7.2, .NETFramework,Version=v4.8, .NETFramework,Version=v4.8.1' instead of the project target framework 'net8.0'. This package may not be fully compatible with your project.
C:\Users\ultra\warewolf\Dev\Dev2.CustomControls\Dev2.CustomControls.csproj : warning NU1701: Package 'GroupControls 1.9.0' was restored using '.NETFramework,Version=v4.6.1, .NETFramework,Version=v4.6.2, .NETFramework,Version=v4.7, .NETFramework,Version=v4.7.1, .NETFramework,Version=v4.7.2, .NETFramework,Version=v4.8, .NETFramework,Version=v4.8.1' instead of the project target framework 'net8.0'. This package may not be fully compatible with your project.
C:\Users\ultra\warewolf\Dev\Dev2.CustomControls\Dev2.CustomControls.csproj : warning NU1701: Package 'TaskSchedulerEditor 2.10.1' was restored using '.NETFramework,Version=v4.6.1, .NETFramework,Version=v4.6.2, .NETFramework,Version=v4.7, .NETFramework,Version=v4.7.1, .NETFramework,Version=v4.7.2, .NETFramework,Version=v4.8, .NETFramework,Version=v4.8.1' instead of the project target framework 'net8.0'. This package may not be fully compatible with your project.
C:\Users\ultra\warewolf\Dev\Dev2.Development.Languages\Dev2.Development.Languages.csproj : warning NU1701: Package 'AeroWizard 2.3.1' was restored using '.NETFramework,Version=v4.6.1, .NETFramework,Version=v4.6.2, .NETFramework,Version=v4.7, .NETFramework,Version=v4.7.1, .NETFramework,Version=v4.7.2, .NETFramework,Version=v4.8, .NETFramework,Version=v4.8.1' instead of the project target framework 'net8.0'. This package may not be fully compatible with your project.
C:\Users\ultra\warewolf\Dev\Dev2.Development.Languages\Dev2.Development.Languages.csproj : warning NU1701: Package 'GroupControls 1.9.0' was restored using '.NETFramework,Version=v4.6.1, .NETFramework,Version=v4.6.2, .NETFramework,Version=v4.7, .NETFramework,Version=v4.7.1, .NETFramework,Version=v4.7.2, .NETFramework,Version=v4.8, .NETFramework,Version=v4.8.1' instead of the project target framework 'net8.0'. This package may not be fully compatible with your project.
C:\Users\ultra\warewolf\Dev\Dev2.Development.Languages\Dev2.Development.Languages.csproj : warning NU1701: Package 'TaskSchedulerEditor 2.10.1' was restored using '.NETFramework,Version=v4.6.1, .NETFramework,Version=v4.6.2, .NETFramework,Version=v4.7, .NETFramework,Version=v4.7.1, .NETFramework,Version=v4.7.2, .NETFramework,Version=v4.8, .NETFramework,Version=v4.8.1' instead of the project target framework 'net8.0'. This package may not be fully compatible with your project.
C:\Users\ultra\warewolf\Dev\Dev2.Activities\Dev2.Activities.csproj : warning NU1903: Package 'Microsoft.Windows.Compatibility' 6.0.0 has a known high severity vulnerability, https://github.com/advisories/GHSA-555c-2p6r-68mm
C:\Users\ultra\warewolf\Dev\Dev2.Activities\Dev2.Activities.csproj : warning NU1701: Package 'AeroWizard 2.3.1' was restored using '.NETFramework,Version=v4.6.1, .NETFramework,Version=v4.6.2, .NETFramework,Version=v4.7, .NETFramework,Version=v4.7.1, .NETFramework,Version=v4.7.2, .NETFramework,Version=v4.8, .NETFramework,Version=v4.8.1' instead of the project target framework 'net8.0'. This package may not be fully compatible with your project.
C:\Users\ultra\warewolf\Dev\Dev2.Activities\Dev2.Activities.csproj : warning NU1701: Package 'GroupControls 1.9.0' was restored using '.NETFramework,Version=v4.6.1, .NETFramework,Version=v4.6.2, .NETFramework,Version=v4.7, .NETFramework,Version=v4.7.1, .NETFramework,Version=v4.7.2, .NETFramework,Version=v4.8, .NETFramework,Version=v4.8.1' instead of the project target framework 'net8.0'. This package may not be fully compatible with your project.
C:\Users\ultra\warewolf\Dev\Dev2.Activities\Dev2.Activities.csproj : warning NU1701: Package 'ReactiveUI.WPF 18.4.1' was restored using '.NETFramework,Version=v4.6.1, .NETFramework,Version=v4.6.2, .NETFramework,Version=v4.7, .NETFramework,Version=v4.7.1, .NETFramework,Version=v4.7.2, .NETFramework,Version=v4.8, .NETFramework,Version=v4.8.1' instead of the project target framework 'net8.0'. This package may not be fully compatible with your project.
C:\Users\ultra\warewolf\Dev\Dev2.Activities\Dev2.Activities.csproj : warning NU1701: Package 'TaskSchedulerEditor 2.10.1' was restored using '.NETFramework,Version=v4.6.1, .NETFramework,Version=v4.6.2, .NETFramework,Version=v4.7, .NETFramework,Version=v4.7.1, .NETFramework,Version=v4.7.2, .NETFramework,Version=v4.8, .NETFramework,Version=v4.8.1' instead of the project target framework 'net8.0'. This package may not be fully compatible with your project.
C:\Users\ultra\warewolf\Dev\Dev2.Diagnostics\Dev2.Diagnostics.csproj : warning NU1701: Package 'AeroWizard 2.3.1' was restored using '.NETFramework,Version=v4.6.1, .NETFramework,Version=v4.6.2, .NETFramework,Version=v4.7, .NETFramework,Version=v4.7.1, .NETFramework,Version=v4.7.2, .NETFramework,Version=v4.8, .NETFramework,Version=v4.8.1' instead of the project target framework 'net8.0'. This package may not be fully compatible with your project.
C:\Users\ultra\warewolf\Dev\Dev2.Diagnostics\Dev2.Diagnostics.csproj : warning NU1701: Package 'GroupControls 1.9.0' was restored using '.NETFramework,Version=v4.6.1, .NETFramework,Version=v4.6.2, .NETFramework,Version=v4.7, .NETFramework,Version=v4.7.1, .NETFramework,Version=v4.7.2, .NETFramework,Version=v4.8, .NETFramework,Version=v4.8.1' instead of the project target framework 'net8.0'. This package may not be fully compatible with your project.
C:\Users\ultra\warewolf\Dev\Dev2.Diagnostics\Dev2.Diagnostics.csproj : warning NU1701: Package 'TaskSchedulerEditor 2.10.1' was restored using '.NETFramework,Version=v4.6.1, .NETFramework,Version=v4.6.2, .NETFramework,Version=v4.7, .NETFramework,Version=v4.7.1, .NETFramework,Version=v4.7.2, .NETFramework,Version=v4.8, .NETFramework,Version=v4.8.1' instead of the project target framework 'net8.0'. This package may not be fully compatible with your project.
C:\Users\ultra\warewolf\Dev\Dev2.Runtime.Configuration\Dev2.Runtime.Configuration.csproj : warning NU1903: Package 'Microsoft.Windows.Compatibility' 6.0.0 has a known high severity vulnerability, https://github.com/advisories/GHSA-555c-2p6r-68mm
C:\Users\ultra\warewolf\Dev\Dev2.Runtime.Configuration\Dev2.Runtime.Configuration.csproj : warning NU1701: Package 'AeroWizard 2.3.1' was restored using '.NETFramework,Version=v4.6.1, .NETFramework,Version=v4.6.2, .NETFramework,Version=v4.7, .NETFramework,Version=v4.7.1, .NETFramework,Version=v4.7.2, .NETFramework,Version=v4.8, .NETFramework,Version=v4.8.1' instead of the project target framework 'net8.0'. This package may not be fully compatible with your project.
C:\Users\ultra\warewolf\Dev\Dev2.Runtime.Configuration\Dev2.Runtime.Configuration.csproj : warning NU1701: Package 'GroupControls 1.9.0' was restored using '.NETFramework,Version=v4.6.1, .NETFramework,Version=v4.6.2, .NETFramework,Version=v4.7, .NETFramework,Version=v4.7.1, .NETFramework,Version=v4.7.2, .NETFramework,Version=v4.8, .NETFramework,Version=v4.8.1' instead of the project target framework 'net8.0'. This package may not be fully compatible with your project.
C:\Users\ultra\warewolf\Dev\Dev2.Runtime.Configuration\Dev2.Runtime.Configuration.csproj : warning NU1701: Package 'TaskSchedulerEditor 2.10.1' was restored using '.NETFramework,Version=v4.6.1, .NETFramework,Version=v4.6.2, .NETFramework,Version=v4.7, .NETFramework,Version=v4.7.1, .NETFramework,Version=v4.7.2, .NETFramework,Version=v4.8, .NETFramework,Version=v4.8.1' instead of the project target framework 'net8.0'. This package may not be fully compatible with your project.
C:\Users\ultra\warewolf\Dev\Dev2.Infrastructure\Dev2.Infrastructure.csproj : warning NU1903: Package 'Microsoft.Windows.Compatibility' 6.0.0 has a known high severity vulnerability, https://github.com/advisories/GHSA-555c-2p6r-68mm
C:\Users\ultra\warewolf\Dev\Dev2.Infrastructure\Dev2.Infrastructure.csproj : warning NU1701: Package 'AeroWizard 2.3.1' was restored using '.NETFramework,Version=v4.6.1, .NETFramework,Version=v4.6.2, .NETFramework,Version=v4.7, .NETFramework,Version=v4.7.1, .NETFramework,Version=v4.7.2, .NETFramework,Version=v4.8, .NETFramework,Version=v4.8.1' instead of the project target framework 'net8.0'. This package may not be fully compatible with your project.
C:\Users\ultra\warewolf\Dev\Dev2.Infrastructure\Dev2.Infrastructure.csproj : warning NU1701: Package 'GroupControls 1.9.0' was restored using '.NETFramework,Version=v4.6.1, .NETFramework,Version=v4.6.2, .NETFramework,Version=v4.7, .NETFramework,Version=v4.7.1, .NETFramework,Version=v4.7.2, .NETFramework,Version=v4.8, .NETFramework,Version=v4.8.1' instead of the project target framework 'net8.0'. This package may not be fully compatible with your project.
C:\Users\ultra\warewolf\Dev\Dev2.Infrastructure\Dev2.Infrastructure.csproj : warning NU1701: Package 'ReactiveUI.WPF 18.4.1' was restored using '.NETFramework,Version=v4.6.1, .NETFramework,Version=v4.6.2, .NETFramework,Version=v4.7, .NETFramework,Version=v4.7.1, .NETFramework,Version=v4.7.2, .NETFramework,Version=v4.8, .NETFramework,Version=v4.8.1' instead of the project target framework 'net8.0'. This package may not be fully compatible with your project.
C:\Users\ultra\warewolf\Dev\Dev2.Infrastructure\Dev2.Infrastructure.csproj : warning NU1701: Package 'TaskSchedulerEditor 2.10.1' was restored using '.NETFramework,Version=v4.6.1, .NETFramework,Version=v4.6.2, .NETFramework,Version=v4.7, .NETFramework,Version=v4.7.1, .NETFramework,Version=v4.7.2, .NETFramework,Version=v4.8, .NETFramework,Version=v4.8.1' instead of the project target framework 'net8.0'. This package may not be fully compatible with your project.
C:\Users\ultra\warewolf\Dev\Warewolf.Data\Warewolf.Data.csproj : warning NU1701: Package 'AeroWizard 2.3.1' was restored using '.NETFramework,Version=v4.6.1, .NETFramework,Version=v4.6.2, .NETFramework,Version=v4.7, .NETFramework,Version=v4.7.1, .NETFramework,Version=v4.7.2, .NETFramework,Version=v4.8, .NETFramework,Version=v4.8.1' instead of the project target framework 'net8.0'. This package may not be fully compatible with your project.
C:\Users\ultra\warewolf\Dev\Warewolf.Data\Warewolf.Data.csproj : warning NU1701: Package 'GroupControls 1.9.0' was restored using '.NETFramework,Version=v4.6.1, .NETFramework,Version=v4.6.2, .NETFramework,Version=v4.7, .NETFramework,Version=v4.7.1, .NETFramework,Version=v4.7.2, .NETFramework,Version=v4.8, .NETFramework,Version=v4.8.1' instead of the project target framework 'net8.0'. This package may not be fully compatible with your project.
C:\Users\ultra\warewolf\Dev\Warewolf.Data\Warewolf.Data.csproj : warning NU1701: Package 'TaskSchedulerEditor 2.10.1' was restored using '.NETFramework,Version=v4.6.1, .NETFramework,Version=v4.6.2, .NETFramework,Version=v4.7, .NETFramework,Version=v4.7.1, .NETFramework,Version=v4.7.2, .NETFramework,Version=v4.8, .NETFramework,Version=v4.8.1' instead of the project target framework 'net8.0'. This package may not be fully compatible with your project.
C:\Users\ultra\warewolf\Dev\Dev2.Studio.Core\Dev2.Studio.Core.csproj : warning NU1701: Package 'AeroWizard 2.3.1' was restored using '.NETFramework,Version=v4.6.1, .NETFramework,Version=v4.6.2, .NETFramework,Version=v4.7, .NETFramework,Version=v4.7.1, .NETFramework,Version=v4.7.2, .NETFramework,Version=v4.8, .NETFramework,Version=v4.8.1' instead of the project target framework 'net8.0'. This package may not be fully compatible with your project.
C:\Users\ultra\warewolf\Dev\Dev2.Studio.Core\Dev2.Studio.Core.csproj : warning NU1701: Package 'GroupControls 1.9.0' was restored using '.NETFramework,Version=v4.6.1, .NETFramework,Version=v4.6.2, .NETFramework,Version=v4.7, .NETFramework,Version=v4.7.1, .NETFramework,Version=v4.7.2, .NETFramework,Version=v4.8, .NETFramework,Version=v4.8.1' instead of the project target framework 'net8.0'. This package may not be fully compatible with your project.
C:\Users\ultra\warewolf\Dev\Dev2.Studio.Core\Dev2.Studio.Core.csproj : warning NU1701: Package 'Microsoft.Xaml.Behaviors.Wpf 1.1.122' was restored using '.NETFramework,Version=v4.6.1, .NETFramework,Version=v4.6.2, .NETFramework,Version=v4.7, .NETFramework,Version=v4.7.1, .NETFramework,Version=v4.7.2, .NETFramework,Version=v4.8, .NETFramework,Version=v4.8.1' instead of the project target framework 'net8.0'. This package may not be fully compatible with your project.
C:\Users\ultra\warewolf\Dev\Dev2.Studio.Core\Dev2.Studio.Core.csproj : warning NU1701: Package 'Prism.Wpf 9.0.537' was restored using '.NETFramework,Version=v4.6.1, .NETFramework,Version=v4.6.2, .NETFramework,Version=v4.7, .NETFramework,Version=v4.7.1, .NETFramework,Version=v4.7.2, .NETFramework,Version=v4.8, .NETFramework,Version=v4.8.1' instead of the project target framework 'net8.0'. This package may not be fully compatible with your project.
C:\Users\ultra\warewolf\Dev\Dev2.Studio.Core\Dev2.Studio.Core.csproj : warning NU1701: Package 'ReactiveUI.WPF 18.4.1' was restored using '.NETFramework,Version=v4.6.1, .NETFramework,Version=v4.6.2, .NETFramework,Version=v4.7, .NETFramework,Version=v4.7.1, .NETFramework,Version=v4.7.2, .NETFramework,Version=v4.8, .NETFramework,Version=v4.8.1' instead of the project target framework 'net8.0'. This package may not be fully compatible with your project.
C:\Users\ultra\warewolf\Dev\Dev2.Studio.Core\Dev2.Studio.Core.csproj : warning NU1701: Package 'TaskSchedulerEditor 2.10.1' was restored using '.NETFramework,Version=v4.6.1, .NETFramework,Version=v4.6.2, .NETFramework,Version=v4.7, .NETFramework,Version=v4.7.1, .NETFramework,Version=v4.7.2, .NETFramework,Version=v4.8, .NETFramework,Version=v4.8.1' instead of the project target framework 'net8.0'. This package may not be fully compatible with your project.
C:\Users\ultra\warewolf\Dev\Warewolf.Language.Parser\Warewolf.Language.Parser.fsproj : warning NU1504: Duplicate 'PackageReference' items found. Remove the duplicate items or use the Update functionality to ensure a consistent restore behavior. The duplicate 'PackageReference' items are: FSharp.Core 10.1.201, FSharp.Core 4.6.2.
C:\Users\ultra\warewolf\Dev\Warewolf.Auditing\Warewolf.Auditing.csproj : warning NU1701: Package 'AeroWizard 2.3.1' was restored using '.NETFramework,Version=v4.6.1, .NETFramework,Version=v4.6.2, .NETFramework,Version=v4.7, .NETFramework,Version=v4.7.1, .NETFramework,Version=v4.7.2, .NETFramework,Version=v4.8, .NETFramework,Version=v4.8.1' instead of the project target framework 'net8.0'. This package may not be fully compatible with your project.
C:\Users\ultra\warewolf\Dev\Warewolf.Auditing\Warewolf.Auditing.csproj : warning NU1701: Package 'GroupControls 1.9.0' was restored using '.NETFramework,Version=v4.6.1, .NETFramework,Version=v4.6.2, .NETFramework,Version=v4.7, .NETFramework,Version=v4.7.1, .NETFramework,Version=v4.7.2, .NETFramework,Version=v4.8, .NETFramework,Version=v4.8.1' instead of the project target framework 'net8.0'. This package may not be fully compatible with your project.
C:\Users\ultra\warewolf\Dev\Warewolf.Auditing\Warewolf.Auditing.csproj : warning NU1701: Package 'ReactiveUI.WPF 18.4.1' was restored using '.NETFramework,Version=v4.6.1, .NETFramework,Version=v4.6.2, .NETFramework,Version=v4.7, .NETFramework,Version=v4.7.1, .NETFramework,Version=v4.7.2, .NETFramework,Version=v4.8, .NETFramework,Version=v4.8.1' instead of the project target framework 'net8.0'. This package may not be fully compatible with your project.
C:\Users\ultra\warewolf\Dev\Warewolf.Auditing\Warewolf.Auditing.csproj : warning NU1701: Package 'TaskSchedulerEditor 2.10.1' was restored using '.NETFramework,Version=v4.6.1, .NETFramework,Version=v4.6.2, .NETFramework,Version=v4.7, .NETFramework,Version=v4.7.1, .NETFramework,Version=v4.7.2, .NETFramework,Version=v4.8, .NETFramework,Version=v4.8.1' instead of the project target framework 'net8.0'. This package may not be fully compatible with your project.
C:\Users\ultra\warewolf\Dev\Warewolf.Storage.Interfaces\Warewolf.Storage.Interfaces.csproj : warning NU1701: Package 'AeroWizard 2.3.1' was restored using '.NETFramework,Version=v4.6.1, .NETFramework,Version=v4.6.2, .NETFramework,Version=v4.7, .NETFramework,Version=v4.7.1, .NETFramework,Version=v4.7.2, .NETFramework,Version=v4.8, .NETFramework,Version=v4.8.1' instead of the project target framework 'net8.0'. This package may not be fully compatible with your project.
C:\Users\ultra\warewolf\Dev\Warewolf.Storage.Interfaces\Warewolf.Storage.Interfaces.csproj : warning NU1701: Package 'GroupControls 1.9.0' was restored using '.NETFramework,Version=v4.6.1, .NETFramework,Version=v4.6.2, .NETFramework,Version=v4.7, .NETFramework,Version=v4.7.1, .NETFramework,Version=v4.7.2, .NETFramework,Version=v4.8, .NETFramework,Version=v4.8.1' instead of the project target framework 'net8.0'. This package may not be fully compatible with your project.
C:\Users\ultra\warewolf\Dev\Warewolf.Storage.Interfaces\Warewolf.Storage.Interfaces.csproj : warning NU1701: Package 'TaskSchedulerEditor 2.10.1' was restored using '.NETFramework,Version=v4.6.1, .NETFramework,Version=v4.6.2, .NETFramework,Version=v4.7, .NETFramework,Version=v4.7.1, .NETFramework,Version=v4.7.2, .NETFramework,Version=v4.8, .NETFramework,Version=v4.8.1' instead of the project target framework 'net8.0'. This package may not be fully compatible with your project.
C:\Users\ultra\warewolf\Dev\Dev2.Common\Dev2.Common.csproj : warning NU1903: Package 'Microsoft.Windows.Compatibility' 6.0.0 has a known high severity vulnerability, https://github.com/advisories/GHSA-555c-2p6r-68mm
C:\Users\ultra\warewolf\Dev\Dev2.Common\Dev2.Common.csproj : warning NU1701: Package 'AeroWizard 2.3.1' was restored using '.NETFramework,Version=v4.6.1, .NETFramework,Version=v4.6.2, .NETFramework,Version=v4.7, .NETFramework,Version=v4.7.1, .NETFramework,Version=v4.7.2, .NETFramework,Version=v4.8, .NETFramework,Version=v4.8.1' instead of the project target framework 'net8.0'. This package may not be fully compatible with your project.
C:\Users\ultra\warewolf\Dev\Dev2.Common\Dev2.Common.csproj : warning NU1701: Package 'GroupControls 1.9.0' was restored using '.NETFramework,Version=v4.6.1, .NETFramework,Version=v4.6.2, .NETFramework,Version=v4.7, .NETFramework,Version=v4.7.1, .NETFramework,Version=v4.7.2, .NETFramework,Version=v4.8, .NETFramework,Version=v4.8.1' instead of the project target framework 'net8.0'. This package may not be fully compatible with your project.
C:\Users\ultra\warewolf\Dev\Dev2.Common\Dev2.Common.csproj : warning NU1701: Package 'TaskSchedulerEditor 2.10.1' was restored using '.NETFramework,Version=v4.6.1, .NETFramework,Version=v4.6.2, .NETFramework,Version=v4.7, .NETFramework,Version=v4.7.1, .NETFramework,Version=v4.7.2, .NETFramework,Version=v4.8, .NETFramework,Version=v4.8.1' instead of the project target framework 'net8.0'. This package may not be fully compatible with your project.
C:\Users\ultra\warewolf\Dev\Warewolf.Exchange.Email.Wrapper\Warewolf.Exchange.Email.Wrapper.csproj : warning NU1701: Package 'AeroWizard 2.3.1' was restored using '.NETFramework,Version=v4.6.1, .NETFramework,Version=v4.6.2, .NETFramework,Version=v4.7, .NETFramework,Version=v4.7.1, .NETFramework,Version=v4.7.2, .NETFramework,Version=v4.8, .NETFramework,Version=v4.8.1' instead of the project target framework 'net8.0'. This package may not be fully compatible with your project.
C:\Users\ultra\warewolf\Dev\Warewolf.Exchange.Email.Wrapper\Warewolf.Exchange.Email.Wrapper.csproj : warning NU1701: Package 'GroupControls 1.9.0' was restored using '.NETFramework,Version=v4.6.1, .NETFramework,Version=v4.6.2, .NETFramework,Version=v4.7, .NETFramework,Version=v4.7.1, .NETFramework,Version=v4.7.2, .NETFramework,Version=v4.8, .NETFramework,Version=v4.8.1' instead of the project target framework 'net8.0'. This package may not be fully compatible with your project.
C:\Users\ultra\warewolf\Dev\Warewolf.Exchange.Email.Wrapper\Warewolf.Exchange.Email.Wrapper.csproj : warning NU1701: Package 'ReactiveUI.WPF 18.4.1' was restored using '.NETFramework,Version=v4.6.1, .NETFramework,Version=v4.6.2, .NETFramework,Version=v4.7, .NETFramework,Version=v4.7.1, .NETFramework,Version=v4.7.2, .NETFramework,Version=v4.8, .NETFramework,Version=v4.8.1' instead of the project target framework 'net8.0'. This package may not be fully compatible with your project.
C:\Users\ultra\warewolf\Dev\Warewolf.Exchange.Email.Wrapper\Warewolf.Exchange.Email.Wrapper.csproj : warning NU1701: Package 'TaskSchedulerEditor 2.10.1' was restored using '.NETFramework,Version=v4.6.1, .NETFramework,Version=v4.6.2, .NETFramework,Version=v4.7, .NETFramework,Version=v4.7.1, .NETFramework,Version=v4.7.2, .NETFramework,Version=v4.8, .NETFramework,Version=v4.8.1' instead of the project target framework 'net8.0'. This package may not be fully compatible with your project.
C:\Users\ultra\warewolf\Dev\Warewolf.Common.NetStandard20\Warewolf.Common.NetStandard20.csproj : warning NU1701: Package 'AeroWizard 2.3.1' was restored using '.NETFramework,Version=v4.6.1, .NETFramework,Version=v4.6.2, .NETFramework,Version=v4.7, .NETFramework,Version=v4.7.1, .NETFramework,Version=v4.7.2, .NETFramework,Version=v4.8, .NETFramework,Version=v4.8.1' instead of the project target framework 'net8.0'. This package may not be fully compatible with your project.
C:\Users\ultra\warewolf\Dev\Warewolf.Common.NetStandard20\Warewolf.Common.NetStandard20.csproj : warning NU1701: Package 'GroupControls 1.9.0' was restored using '.NETFramework,Version=v4.6.1, .NETFramework,Version=v4.6.2, .NETFramework,Version=v4.7, .NETFramework,Version=v4.7.1, .NETFramework,Version=v4.7.2, .NETFramework,Version=v4.8, .NETFramework,Version=v4.8.1' instead of the project target framework 'net8.0'. This package may not be fully compatible with your project.
C:\Users\ultra\warewolf\Dev\Warewolf.Common.NetStandard20\Warewolf.Common.NetStandard20.csproj : warning NU1701: Package 'ReactiveUI.WPF 18.4.1' was restored using '.NETFramework,Version=v4.6.1, .NETFramework,Version=v4.6.2, .NETFramework,Version=v4.7, .NETFramework,Version=v4.7.1, .NETFramework,Version=v4.7.2, .NETFramework,Version=v4.8, .NETFramework,Version=v4.8.1' instead of the project target framework 'net8.0'. This package may not be fully compatible with your project.
C:\Users\ultra\warewolf\Dev\Warewolf.Common.NetStandard20\Warewolf.Common.NetStandard20.csproj : warning NU1701: Package 'TaskSchedulerEditor 2.10.1' was restored using '.NETFramework,Version=v4.6.1, .NETFramework,Version=v4.6.2, .NETFramework,Version=v4.7, .NETFramework,Version=v4.7.1, .NETFramework,Version=v4.7.2, .NETFramework,Version=v4.8, .NETFramework,Version=v4.8.1' instead of the project target framework 'net8.0'. This package may not be fully compatible with your project.
  Log4Net.Async -> C:\Users\ultra\warewolf\Dev\Log4Net.Async\bin\Debug\net8.0\Log4Net.Async.dll
C:\Users\ultra\warewolf\Dev\Warewolf.Driver.Serilog\Warewolf.Driver.Serilog.csproj : warning NU1701: Package 'AeroWizard 2.3.1' was restored using '.NETFramework,Version=v4.6.1, .NETFramework,Version=v4.6.2, .NETFramework,Version=v4.7, .NETFramework,Version=v4.7.1, .NETFramework,Version=v4.7.2, .NETFramework,Version=v4.8, .NETFramework,Version=v4.8.1' instead of the project target framework 'net8.0'. This package may not be fully compatible with your project.
C:\Users\ultra\warewolf\Dev\Warewolf.Driver.Serilog\Warewolf.Driver.Serilog.csproj : warning NU1701: Package 'GroupControls 1.9.0' was restored using '.NETFramework,Version=v4.6.1, .NETFramework,Version=v4.6.2, .NETFramework,Version=v4.7, .NETFramework,Version=v4.7.1, .NETFramework,Version=v4.7.2, .NETFramework,Version=v4.8, .NETFramework,Version=v4.8.1' instead of the project target framework 'net8.0'. This package may not be fully compatible with your project.
C:\Users\ultra\warewolf\Dev\Warewolf.Driver.Serilog\Warewolf.Driver.Serilog.csproj : warning NU1701: Package 'ReactiveUI.WPF 18.4.1' was restored using '.NETFramework,Version=v4.6.1, .NETFramework,Version=v4.6.2, .NETFramework,Version=v4.7, .NETFramework,Version=v4.7.1, .NETFramework,Version=v4.7.2, .NETFramework,Version=v4.8, .NETFramework,Version=v4.8.1' instead of the project target framework 'net8.0'. This package may not be fully compatible with your project.
C:\Users\ultra\warewolf\Dev\Warewolf.Driver.Serilog\Warewolf.Driver.Serilog.csproj : warning NU1701: Package 'TaskSchedulerEditor 2.10.1' was restored using '.NETFramework,Version=v4.6.1, .NETFramework,Version=v4.6.2, .NETFramework,Version=v4.7, .NETFramework,Version=v4.7.1, .NETFramework,Version=v4.7.2, .NETFramework,Version=v4.8, .NETFramework,Version=v4.8.1' instead of the project target framework 'net8.0'. This package may not be fully compatible with your project.
C:\Users\ultra\warewolf\Dev\Dev2.Scheduler\Dev2.Scheduler.csproj : warning NU1701: Package 'AeroWizard 2.3.1' was restored using '.NETFramework,Version=v4.6.1, .NETFramework,Version=v4.6.2, .NETFramework,Version=v4.7, .NETFramework,Version=v4.7.1, .NETFramework,Version=v4.7.2, .NETFramework,Version=v4.8, .NETFramework,Version=v4.8.1' instead of the project target framework 'net8.0'. This package may not be fully compatible with your project.
C:\Users\ultra\warewolf\Dev\Dev2.Scheduler\Dev2.Scheduler.csproj : warning NU1701: Package 'GroupControls 1.9.0' was restored using '.NETFramework,Version=v4.6.1, .NETFramework,Version=v4.6.2, .NETFramework,Version=v4.7, .NETFramework,Version=v4.7.1, .NETFramework,Version=v4.7.2, .NETFramework,Version=v4.8, .NETFramework,Version=v4.8.1' instead of the project target framework 'net8.0'. This package may not be fully compatible with your project.
C:\Users\ultra\warewolf\Dev\Dev2.Scheduler\Dev2.Scheduler.csproj : warning NU1701: Package 'ReactiveUI.WPF 18.4.1' was restored using '.NETFramework,Version=v4.6.1, .NETFramework,Version=v4.6.2, .NETFramework,Version=v4.7, .NETFramework,Version=v4.7.1, .NETFramework,Version=v4.7.2, .NETFramework,Version=v4.8, .NETFramework,Version=v4.8.1' instead of the project target framework 'net8.0'. This package may not be fully compatible with your project.
C:\Users\ultra\warewolf\Dev\Dev2.Scheduler\Dev2.Scheduler.csproj : warning NU1701: Package 'TaskSchedulerEditor 2.10.1' was restored using '.NETFramework,Version=v4.6.1, .NETFramework,Version=v4.6.2, .NETFramework,Version=v4.7, .NETFramework,Version=v4.7.1, .NETFramework,Version=v4.7.2, .NETFramework,Version=v4.8, .NETFramework,Version=v4.8.1' instead of the project target framework 'net8.0'. This package may not be fully compatible with your project.
  Warewolf.Weave -> C:\Users\ultra\warewolf\Dev\Warewolf.Weave\bin\Debug\net8.0\Warewolf.Weave.dll
C:\Users\ultra\warewolf\Dev\Dev2.SignalR.Wrappers.New\Dev2.SignalR.Wrappers.New.csproj : warning NU1701: Package 'AeroWizard 2.3.1' was restored using '.NETFramework,Version=v4.6.1, .NETFramework,Version=v4.6.2, .NETFramework,Version=v4.7, .NETFramework,Version=v4.7.1, .NETFramework,Version=v4.7.2, .NETFramework,Version=v4.8, .NETFramework,Version=v4.8.1' instead of the project target framework 'net8.0'. This package may not be fully compatible with your project.
C:\Users\ultra\warewolf\Dev\Dev2.SignalR.Wrappers.New\Dev2.SignalR.Wrappers.New.csproj : warning NU1701: Package 'GroupControls 1.9.0' was restored using '.NETFramework,Version=v4.6.1, .NETFramework,Version=v4.6.2, .NETFramework,Version=v4.7, .NETFramework,Version=v4.7.1, .NETFramework,Version=v4.7.2, .NETFramework,Version=v4.8, .NETFramework,Version=v4.8.1' instead of the project target framework 'net8.0'. This package may not be fully compatible with your project.
C:\Users\ultra\warewolf\Dev\Dev2.SignalR.Wrappers.New\Dev2.SignalR.Wrappers.New.csproj : warning NU1701: Package 'ReactiveUI.WPF 18.4.1' was restored using '.NETFramework,Version=v4.6.1, .NETFramework,Version=v4.6.2, .NETFramework,Version=v4.7, .NETFramework,Version=v4.7.1, .NETFramework,Version=v4.7.2, .NETFramework,Version=v4.8, .NETFramework,Version=v4.8.1' instead of the project target framework 'net8.0'. This package may not be fully compatible with your project.
C:\Users\ultra\warewolf\Dev\Dev2.SignalR.Wrappers.New\Dev2.SignalR.Wrappers.New.csproj : warning NU1701: Package 'TaskSchedulerEditor 2.10.1' was restored using '.NETFramework,Version=v4.6.1, .NETFramework,Version=v4.6.2, .NETFramework,Version=v4.7, .NETFramework,Version=v4.7.1, .NETFramework,Version=v4.7.2, .NETFramework,Version=v4.8, .NETFramework,Version=v4.8.1' instead of the project target framework 'net8.0'. This package may not be fully compatible with your project.
C:\Users\ultra\warewolf\Dev\Warewolf.Storage\Warewolf.Storage.csproj : warning NU1701: Package 'AeroWizard 2.3.1' was restored using '.NETFramework,Version=v4.6.1, .NETFramework,Version=v4.6.2, .NETFramework,Version=v4.7, .NETFramework,Version=v4.7.1, .NETFramework,Version=v4.7.2, .NETFramework,Version=v4.8, .NETFramework,Version=v4.8.1' instead of the project target framework 'net8.0'. This package may not be fully compatible with your project.
C:\Users\ultra\warewolf\Dev\Warewolf.Storage\Warewolf.Storage.csproj : warning NU1701: Package 'GroupControls 1.9.0' was restored using '.NETFramework,Version=v4.6.1, .NETFramework,Version=v4.6.2, .NETFramework,Version=v4.7, .NETFramework,Version=v4.7.1, .NETFramework,Version=v4.7.2, .NETFramework,Version=v4.8, .NETFramework,Version=v4.8.1' instead of the project target framework 'net8.0'. This package may not be fully compatible with your project.
C:\Users\ultra\warewolf\Dev\Warewolf.Storage\Warewolf.Storage.csproj : warning NU1701: Package 'ReactiveUI.WPF 18.4.1' was restored using '.NETFramework,Version=v4.6.1, .NETFramework,Version=v4.6.2, .NETFramework,Version=v4.7, .NETFramework,Version=v4.7.1, .NETFramework,Version=v4.7.2, .NETFramework,Version=v4.8, .NETFramework,Version=v4.8.1' instead of the project target framework 'net8.0'. This package may not be fully compatible with your project.
C:\Users\ultra\warewolf\Dev\Warewolf.Storage\Warewolf.Storage.csproj : warning NU1701: Package 'TaskSchedulerEditor 2.10.1' was restored using '.NETFramework,Version=v4.6.1, .NETFramework,Version=v4.6.2, .NETFramework,Version=v4.7, .NETFramework,Version=v4.7.1, .NETFramework,Version=v4.7.2, .NETFramework,Version=v4.8, .NETFramework,Version=v4.8.1' instead of the project target framework 'net8.0'. This package may not be fully compatible with your project.
C:\Users\ultra\warewolf\Dev\Dev2.Studio.Interfaces\Dev2.Studio.Interfaces.csproj : warning NU1701: Package 'AeroWizard 2.3.1' was restored using '.NETFramework,Version=v4.6.1, .NETFramework,Version=v4.6.2, .NETFramework,Version=v4.7, .NETFramework,Version=v4.7.1, .NETFramework,Version=v4.7.2, .NETFramework,Version=v4.8, .NETFramework,Version=v4.8.1' instead of the project target framework 'net8.0'. This package may not be fully compatible with your project.
C:\Users\ultra\warewolf\Dev\Dev2.Studio.Interfaces\Dev2.Studio.Interfaces.csproj : warning NU1701: Package 'GroupControls 1.9.0' was restored using '.NETFramework,Version=v4.6.1, .NETFramework,Version=v4.6.2, .NETFramework,Version=v4.7, .NETFramework,Version=v4.7.1, .NETFramework,Version=v4.7.2, .NETFramework,Version=v4.8, .NETFramework,Version=v4.8.1' instead of the project target framework 'net8.0'. This package may not be fully compatible with your project.
C:\Users\ultra\warewolf\Dev\Dev2.Studio.Interfaces\Dev2.Studio.Interfaces.csproj : warning NU1701: Package 'Microsoft.Xaml.Behaviors.Wpf 1.1.122' was restored using '.NETFramework,Version=v4.6.1, .NETFramework,Version=v4.6.2, .NETFramework,Version=v4.7, .NETFramework,Version=v4.7.1, .NETFramework,Version=v4.7.2, .NETFramework,Version=v4.8, .NETFramework,Version=v4.8.1' instead of the project target framework 'net8.0'. This package may not be fully compatible with your project.
C:\Users\ultra\warewolf\Dev\Dev2.Studio.Interfaces\Dev2.Studio.Interfaces.csproj : warning NU1701: Package 'Prism.Wpf 9.0.537' was restored using '.NETFramework,Version=v4.6.1, .NETFramework,Version=v4.6.2, .NETFramework,Version=v4.7, .NETFramework,Version=v4.7.1, .NETFramework,Version=v4.7.2, .NETFramework,Version=v4.8, .NETFramework,Version=v4.8.1' instead of the project target framework 'net8.0'. This package may not be fully compatible with your project.
C:\Users\ultra\warewolf\Dev\Dev2.Studio.Interfaces\Dev2.Studio.Interfaces.csproj : warning NU1701: Package 'ReactiveUI.WPF 18.4.1' was restored using '.NETFramework,Version=v4.6.1, .NETFramework,Version=v4.6.2, .NETFramework,Version=v4.7, .NETFramework,Version=v4.7.1, .NETFramework,Version=v4.7.2, .NETFramework,Version=v4.8, .NETFramework,Version=v4.8.1' instead of the project target framework 'net8.0'. This package may not be fully compatible with your project.
C:\Users\ultra\warewolf\Dev\Dev2.Studio.Interfaces\Dev2.Studio.Interfaces.csproj : warning NU1701: Package 'TaskSchedulerEditor 2.10.1' was restored using '.NETFramework,Version=v4.6.1, .NETFramework,Version=v4.6.2, .NETFramework,Version=v4.7, .NETFramework,Version=v4.7.1, .NETFramework,Version=v4.7.2, .NETFramework,Version=v4.8, .NETFramework,Version=v4.8.1' instead of the project target framework 'net8.0'. This package may not be fully compatible with your project.
C:\Users\ultra\warewolf\Dev\Dev2.Services.Execution\Dev2.Services.Execution.csproj : warning NU1701: Package 'AeroWizard 2.3.1' was restored using '.NETFramework,Version=v4.6.1, .NETFramework,Version=v4.6.2, .NETFramework,Version=v4.7, .NETFramework,Version=v4.7.1, .NETFramework,Version=v4.7.2, .NETFramework,Version=v4.8, .NETFramework,Version=v4.8.1' instead of the project target framework 'net8.0'. This package may not be fully compatible with your project.
C:\Users\ultra\warewolf\Dev\Dev2.Services.Execution\Dev2.Services.Execution.csproj : warning NU1701: Package 'GroupControls 1.9.0' was restored using '.NETFramework,Version=v4.6.1, .NETFramework,Version=v4.6.2, .NETFramework,Version=v4.7, .NETFramework,Version=v4.7.1, .NETFramework,Version=v4.7.2, .NETFramework,Version=v4.8, .NETFramework,Version=v4.8.1' instead of the project target framework 'net8.0'. This package may not be fully compatible with your project.
C:\Users\ultra\warewolf\Dev\Dev2.Services.Execution\Dev2.Services.Execution.csproj : warning NU1701: Package 'ReactiveUI.WPF 18.4.1' was restored using '.NETFramework,Version=v4.6.1, .NETFramework,Version=v4.6.2, .NETFramework,Version=v4.7, .NETFramework,Version=v4.7.1, .NETFramework,Version=v4.7.2, .NETFramework,Version=v4.8, .NETFramework,Version=v4.8.1' instead of the project target framework 'net8.0'. This package may not be fully compatible with your project.
C:\Users\ultra\warewolf\Dev\Dev2.Services.Execution\Dev2.Services.Execution.csproj : warning NU1701: Package 'TaskSchedulerEditor 2.10.1' was restored using '.NETFramework,Version=v4.6.1, .NETFramework,Version=v4.6.2, .NETFramework,Version=v4.7, .NETFramework,Version=v4.7.1, .NETFramework,Version=v4.7.2, .NETFramework,Version=v4.8, .NETFramework,Version=v4.8.1' instead of the project target framework 'net8.0'. This package may not be fully compatible with your project.
C:\Program Files\dotnet\sdk\10.0.201\Sdks\Microsoft.NET.Sdk\targets\Microsoft.NET.Sdk.DefaultItems.targets(162,5): warning NETSDK1137: It is no longer necessary to use the Microsoft.NET.Sdk.WindowsDesktop SDK. Consider changing the Sdk attribute of the root Project element to 'Microsoft.NET.Sdk'. [C:\Users\ultra\warewolf\Dev\Warewolf.Studio.Core\Warewolf.Studio.Core.csproj]
C:\Program Files\dotnet\sdk\10.0.201\Sdks\Microsoft.NET.Sdk.WindowsDesktop\targets\Microsoft.NET.Sdk.WindowsDesktop.targets(138,5): warning NETSDK1106: Microsoft.NET.Sdk.WindowsDesktop requires 'UseWpf' or 'UseWindowsForms' to be set to 'true' [C:\Users\ultra\warewolf\Dev\Warewolf.Studio.Core\Warewolf.Studio.Core.csproj]
C:\Users\ultra\warewolf\Dev\Warewolf.Licensing\Warewolf.Licensing.csproj : warning NU1701: Package 'AeroWizard 2.3.1' was restored using '.NETFramework,Version=v4.6.1, .NETFramework,Version=v4.6.2, .NETFramework,Version=v4.7, .NETFramework,Version=v4.7.1, .NETFramework,Version=v4.7.2, .NETFramework,Version=v4.8, .NETFramework,Version=v4.8.1' instead of the project target framework 'net8.0'. This package may not be fully compatible with your project.
C:\Users\ultra\warewolf\Dev\Warewolf.Licensing\Warewolf.Licensing.csproj : warning NU1701: Package 'GroupControls 1.9.0' was restored using '.NETFramework,Version=v4.6.1, .NETFramework,Version=v4.6.2, .NETFramework,Version=v4.7, .NETFramework,Version=v4.7.1, .NETFramework,Version=v4.7.2, .NETFramework,Version=v4.8, .NETFramework,Version=v4.8.1' instead of the project target framework 'net8.0'. This package may not be fully compatible with your project.
C:\Users\ultra\warewolf\Dev\Warewolf.Licensing\Warewolf.Licensing.csproj : warning NU1701: Package 'TaskSchedulerEditor 2.10.1' was restored using '.NETFramework,Version=v4.6.1, .NETFramework,Version=v4.6.2, .NETFramework,Version=v4.7, .NETFramework,Version=v4.7.1, .NETFramework,Version=v4.7.2, .NETFramework,Version=v4.8, .NETFramework,Version=v4.8.1' instead of the project target framework 'net8.0'. This package may not be fully compatible with your project.
C:\Users\ultra\warewolf\Dev\Dev2.Runtime.Services\Dev2.Runtime.Services.csproj : warning NU1902: Package 'MessagePack' 2.4.59 has a known moderate severity vulnerability, https://github.com/advisories/GHSA-4qm4-8hg2-g2xm
C:\Users\ultra\warewolf\Dev\Dev2.Runtime.Services\Dev2.Runtime.Services.csproj : warning NU1903: Package 'Microsoft.Windows.Compatibility' 6.0.0 has a known high severity vulnerability, https://github.com/advisories/GHSA-555c-2p6r-68mm
C:\Users\ultra\warewolf\Dev\Dev2.Runtime.Services\Dev2.Runtime.Services.csproj : warning NU1701: Package 'AeroWizard 2.3.1' was restored using '.NETFramework,Version=v4.6.1, .NETFramework,Version=v4.6.2, .NETFramework,Version=v4.7, .NETFramework,Version=v4.7.1, .NETFramework,Version=v4.7.2, .NETFramework,Version=v4.8, .NETFramework,Version=v4.8.1' instead of the project target framework 'net8.0'. This package may not be fully compatible with your project.
C:\Users\ultra\warewolf\Dev\Dev2.Runtime.Services\Dev2.Runtime.Services.csproj : warning NU1701: Package 'GroupControls 1.9.0' was restored using '.NETFramework,Version=v4.6.1, .NETFramework,Version=v4.6.2, .NETFramework,Version=v4.7, .NETFramework,Version=v4.7.1, .NETFramework,Version=v4.7.2, .NETFramework,Version=v4.8, .NETFramework,Version=v4.8.1' instead of the project target framework 'net8.0'. This package may not be fully compatible with your project.
C:\Users\ultra\warewolf\Dev\Dev2.Runtime.Services\Dev2.Runtime.Services.csproj : warning NU1701: Package 'ReactiveUI.WPF 18.4.1' was restored using '.NETFramework,Version=v4.6.1, .NETFramework,Version=v4.6.2, .NETFramework,Version=v4.7, .NETFramework,Version=v4.7.1, .NETFramework,Version=v4.7.2, .NETFramework,Version=v4.8, .NETFramework,Version=v4.8.1' instead of the project target framework 'net8.0'. This package may not be fully compatible with your project.
C:\Users\ultra\warewolf\Dev\Dev2.Runtime.Services\Dev2.Runtime.Services.csproj : warning NU1701: Package 'TaskSchedulerEditor 2.10.1' was restored using '.NETFramework,Version=v4.6.1, .NETFramework,Version=v4.6.2, .NETFramework,Version=v4.7, .NETFramework,Version=v4.7.1, .NETFramework,Version=v4.7.2, .NETFramework,Version=v4.8, .NETFramework,Version=v4.8.1' instead of the project target framework 'net8.0'. This package may not be fully compatible with your project.
C:\Users\ultra\warewolf\Dev\Warewolf.Studio.Core\Warewolf.Studio.Core.csproj : warning NU1701: Package 'AeroWizard 2.3.1' was restored using '.NETFramework,Version=v4.6.1, .NETFramework,Version=v4.6.2, .NETFramework,Version=v4.7, .NETFramework,Version=v4.7.1, .NETFramework,Version=v4.7.2, .NETFramework,Version=v4.8, .NETFramework,Version=v4.8.1' instead of the project target framework 'net8.0'. This package may not be fully compatible with your project.
C:\Users\ultra\warewolf\Dev\Warewolf.Studio.Core\Warewolf.Studio.Core.csproj : warning NU1701: Package 'GroupControls 1.9.0' was restored using '.NETFramework,Version=v4.6.1, .NETFramework,Version=v4.6.2, .NETFramework,Version=v4.7, .NETFramework,Version=v4.7.1, .NETFramework,Version=v4.7.2, .NETFramework,Version=v4.8, .NETFramework,Version=v4.8.1' instead of the project target framework 'net8.0'. This package may not be fully compatible with your project.
C:\Users\ultra\warewolf\Dev\Warewolf.Studio.Core\Warewolf.Studio.Core.csproj : warning NU1701: Package 'Microsoft.Xaml.Behaviors.Wpf 1.1.122' was restored using '.NETFramework,Version=v4.6.1, .NETFramework,Version=v4.6.2, .NETFramework,Version=v4.7, .NETFramework,Version=v4.7.1, .NETFramework,Version=v4.7.2, .NETFramework,Version=v4.8, .NETFramework,Version=v4.8.1' instead of the project target framework 'net8.0'. This package may not be fully compatible with your project.
C:\Users\ultra\warewolf\Dev\Warewolf.Studio.Core\Warewolf.Studio.Core.csproj : warning NU1701: Package 'Prism.Wpf 9.0.537' was restored using '.NETFramework,Version=v4.6.1, .NETFramework,Version=v4.6.2, .NETFramework,Version=v4.7, .NETFramework,Version=v4.7.1, .NETFramework,Version=v4.7.2, .NETFramework,Version=v4.8, .NETFramework,Version=v4.8.1' instead of the project target framework 'net8.0'. This package may not be fully compatible with your project.
C:\Users\ultra\warewolf\Dev\Warewolf.Studio.Core\Warewolf.Studio.Core.csproj : warning NU1701: Package 'ReactiveUI.WPF 18.4.1' was restored using '.NETFramework,Version=v4.6.1, .NETFramework,Version=v4.6.2, .NETFramework,Version=v4.7, .NETFramework,Version=v4.7.1, .NETFramework,Version=v4.7.2, .NETFramework,Version=v4.8, .NETFramework,Version=v4.8.1' instead of the project target framework 'net8.0'. This package may not be fully compatible with your project.
C:\Users\ultra\warewolf\Dev\Warewolf.Studio.Core\Warewolf.Studio.Core.csproj : warning NU1701: Package 'TaskSchedulerEditor 2.10.1' was restored using '.NETFramework,Version=v4.6.1, .NETFramework,Version=v4.6.2, .NETFramework,Version=v4.7, .NETFramework,Version=v4.7.1, .NETFramework,Version=v4.7.2, .NETFramework,Version=v4.8, .NETFramework,Version=v4.8.1' instead of the project target framework 'net8.0'. This package may not be fully compatible with your project.
C:\Users\ultra\warewolf\Dev\Warewolf.AI.Harness\Warewolf.AI.Harness.csproj : warning NU1701: Package 'AeroWizard 2.3.1' was restored using '.NETFramework,Version=v4.6.1, .NETFramework,Version=v4.6.2, .NETFramework,Version=v4.7, .NETFramework,Version=v4.7.1, .NETFramework,Version=v4.7.2, .NETFramework,Version=v4.8, .NETFramework,Version=v4.8.1' instead of the project target framework 'net8.0'. This package may not be fully compatible with your project.
C:\Users\ultra\warewolf\Dev\Warewolf.AI.Harness\Warewolf.AI.Harness.csproj : warning NU1701: Package 'GroupControls 1.9.0' was restored using '.NETFramework,Version=v4.6.1, .NETFramework,Version=v4.6.2, .NETFramework,Version=v4.7, .NETFramework,Version=v4.7.1, .NETFramework,Version=v4.7.2, .NETFramework,Version=v4.8, .NETFramework,Version=v4.8.1' instead of the project target framework 'net8.0'. This package may not be fully compatible with your project.
C:\Users\ultra\warewolf\Dev\Warewolf.AI.Harness\Warewolf.AI.Harness.csproj : warning NU1701: Package 'TaskSchedulerEditor 2.10.1' was restored using '.NETFramework,Version=v4.6.1, .NETFramework,Version=v4.6.2, .NETFramework,Version=v4.7, .NETFramework,Version=v4.7.1, .NETFramework,Version=v4.7.2, .NETFramework,Version=v4.8, .NETFramework,Version=v4.8.1' instead of the project target framework 'net8.0'. This package may not be fully compatible with your project.
C:\Users\ultra\warewolf\Dev\Warewolf.Security\Warewolf.Security.csproj : warning NU1904: Package 'System.Drawing.Common' 4.5.1 has a known critical severity vulnerability, https://github.com/advisories/GHSA-rxg9-xrhp-64gj
  Warewolf.ServiceDefinitions -> C:\Users\ultra\warewolf\Dev\Warewolf.ServiceDefinitions\bin\Debug\net8.0\Warewolf.ServiceDefinitions.dll
C:\Users\ultra\warewolf\Dev\Warewolf.Interfaces\Data\ChatbotSettingsData.cs(20,23): warning CS0169: The field 'ChatbotSettingsData._encryptDataSource' is never used [C:\Users\ultra\warewolf\Dev\Warewolf.Interfaces\Warewolf.Interfaces.csproj]
C:\Users\ultra\warewolf\Dev\Warewolf.Interfaces\Auditing\SerializableException.cs(15,7): warning CS0414: The field 'SerializableException.HResult' is assigned but its value is never used [C:\Users\ultra\warewolf\Dev\Warewolf.Interfaces\Warewolf.Interfaces.csproj]
  Warewolf.Resource -> C:\Users\ultra\warewolf\Dev\Warewolf.Resource\bin\Debug\net8.0\Warewolf.Resource.dll
  GACManagerApi -> C:\Users\ultra\warewolf\Dev\GACManagerApi\bin\Debug\net8.0\GACManagerApi.dll
  Warewolf.Interfaces -> C:\Users\ultra\warewolf\Dev\Warewolf.Interfaces\bin\Debug\net8.0\Warewolf.Interfaces.dll
C:\Users\ultra\warewolf\Dev\Dev2.Util\Dev2.Util.csproj : warning NU1903: Package 'Microsoft.Windows.Compatibility' 6.0.0 has a known high severity vulnerability, https://github.com/advisories/GHSA-555c-2p6r-68mm
C:\Users\ultra\warewolf\Dev\Dev2.Util\Dev2.Util.csproj : warning NU1701: Package 'AeroWizard 2.3.1' was restored using '.NETFramework,Version=v4.6.1, .NETFramework,Version=v4.6.2, .NETFramework,Version=v4.7, .NETFramework,Version=v4.7.1, .NETFramework,Version=v4.7.2, .NETFramework,Version=v4.8, .NETFramework,Version=v4.8.1' instead of the project target framework 'net8.0'. This package may not be fully compatible with your project.
C:\Users\ultra\warewolf\Dev\Dev2.Util\Dev2.Util.csproj : warning NU1701: Package 'GroupControls 1.9.0' was restored using '.NETFramework,Version=v4.6.1, .NETFramework,Version=v4.6.2, .NETFramework,Version=v4.7, .NETFramework,Version=v4.7.1, .NETFramework,Version=v4.7.2, .NETFramework,Version=v4.8, .NETFramework,Version=v4.8.1' instead of the project target framework 'net8.0'. This package may not be fully compatible with your project.
C:\Users\ultra\warewolf\Dev\Dev2.Util\Dev2.Util.csproj : warning NU1701: Package 'TaskSchedulerEditor 2.10.1' was restored using '.NETFramework,Version=v4.6.1, .NETFramework,Version=v4.6.2, .NETFramework,Version=v4.7, .NETFramework,Version=v4.7.1, .NETFramework,Version=v4.7.2, .NETFramework,Version=v4.8, .NETFramework,Version=v4.8.1' instead of the project target framework 'net8.0'. This package may not be fully compatible with your project.
C:\Users\ultra\warewolf\Dev\Warewolf.ResourceManagement\Warewolf.ResourceManagement.csproj : warning NU1701: Package 'AeroWizard 2.3.1' was restored using '.NETFramework,Version=v4.6.1, .NETFramework,Version=v4.6.2, .NETFramework,Version=v4.7, .NETFramework,Version=v4.7.1, .NETFramework,Version=v4.7.2, .NETFramework,Version=v4.8, .NETFramework,Version=v4.8.1' instead of the project target framework 'net8.0'. This package may not be fully compatible with your project.
C:\Users\ultra\warewolf\Dev\Warewolf.ResourceManagement\Warewolf.ResourceManagement.csproj : warning NU1701: Package 'GroupControls 1.9.0' was restored using '.NETFramework,Version=v4.6.1, .NETFramework,Version=v4.6.2, .NETFramework,Version=v4.7, .NETFramework,Version=v4.7.1, .NETFramework,Version=v4.7.2, .NETFramework,Version=v4.8, .NETFramework,Version=v4.8.1' instead of the project target framework 'net8.0'. This package may not be fully compatible with your project.
C:\Users\ultra\warewolf\Dev\Warewolf.ResourceManagement\Warewolf.ResourceManagement.csproj : warning NU1701: Package 'ReactiveUI.WPF 18.4.1' was restored using '.NETFramework,Version=v4.6.1, .NETFramework,Version=v4.6.2, .NETFramework,Version=v4.7, .NETFramework,Version=v4.7.1, .NETFramework,Version=v4.7.2, .NETFramework,Version=v4.8, .NETFramework,Version=v4.8.1' instead of the project target framework 'net8.0'. This package may not be fully compatible with your project.
C:\Users\ultra\warewolf\Dev\Warewolf.ResourceManagement\Warewolf.ResourceManagement.csproj : warning NU1701: Package 'TaskSchedulerEditor 2.10.1' was restored using '.NETFramework,Version=v4.6.1, .NETFramework,Version=v4.6.2, .NETFramework,Version=v4.7, .NETFramework,Version=v4.7.1, .NETFramework,Version=v4.7.2, .NETFramework,Version=v4.8, .NETFramework,Version=v4.8.1' instead of the project target framework 'net8.0'. This package may not be fully compatible with your project.
C:\Users\ultra\warewolf\Dev\Warewolf.Security\Encryption\AESThenHMAC.cs(168,34): warning SYSLIB0021: 'AesManaged' is obsolete: 'Derived cryptographic types are obsolete. Use the Create method on the base type instead.' (https://aka.ms/dotnet-warnings/SYSLIB0021) [C:\Users\ultra\warewolf\Dev\Warewolf.Security\Warewolf.Security.csproj]
C:\Users\ultra\warewolf\Dev\Warewolf.Security\Encryption\AESThenHMAC.cs(264,38): warning SYSLIB0021: 'AesManaged' is obsolete: 'Derived cryptographic types are obsolete. Use the Create method on the base type instead.' (https://aka.ms/dotnet-warnings/SYSLIB0021) [C:\Users\ultra\warewolf\Dev\Warewolf.Security\Warewolf.Security.csproj]
C:\Users\ultra\warewolf\Dev\Warewolf.Security\Encryption\AESThenHMAC.cs(331,36): warning SYSLIB0041: 'Rfc2898DeriveBytes.Rfc2898DeriveBytes(string, int, int)' is obsolete: 'The default hash algorithm and iteration counts in Rfc2898DeriveBytes constructors are outdated and insecure. Use a constructor that accepts the hash algorithm and the number of iterations.' (https://aka.ms/dotnet-warnings/SYSLIB0041) [C:\Users\ultra\warewolf\Dev\Warewolf.Security\Warewolf.Security.csproj]
C:\Users\ultra\warewolf\Dev\Warewolf.Security\Encryption\AESThenHMAC.cs(345,36): warning SYSLIB0041: 'Rfc2898DeriveBytes.Rfc2898DeriveBytes(string, int, int)' is obsolete: 'The default hash algorithm and iteration counts in Rfc2898DeriveBytes constructors are outdated and insecure. Use a constructor that accepts the hash algorithm and the number of iterations.' (https://aka.ms/dotnet-warnings/SYSLIB0041) [C:\Users\ultra\warewolf\Dev\Warewolf.Security\Warewolf.Security.csproj]
C:\Users\ultra\warewolf\Dev\Warewolf.Security\Encryption\AESThenHMAC.cs(393,36): warning SYSLIB0041: 'Rfc2898DeriveBytes.Rfc2898DeriveBytes(string, byte[], int)' is obsolete: 'The default hash algorithm and iteration counts in Rfc2898DeriveBytes constructors are outdated and insecure. Use a constructor that accepts the hash algorithm and the number of iterations.' (https://aka.ms/dotnet-warnings/SYSLIB0041) [C:\Users\ultra\warewolf\Dev\Warewolf.Security\Warewolf.Security.csproj]
C:\Users\ultra\warewolf\Dev\Warewolf.Security\Encryption\AESThenHMAC.cs(398,36): warning SYSLIB0041: 'Rfc2898DeriveBytes.Rfc2898DeriveBytes(string, byte[], int)' is obsolete: 'The default hash algorithm and iteration counts in Rfc2898DeriveBytes constructors are outdated and insecure. Use a constructor that accepts the hash algorithm and the number of iterations.' (https://aka.ms/dotnet-warnings/SYSLIB0041) [C:\Users\ultra\warewolf\Dev\Warewolf.Security\Warewolf.Security.csproj]
  Warewolf.Security -> C:\Users\ultra\warewolf\Dev\Warewolf.Security\bin\Debug\net8.0\Warewolf.Security.dll
C:\Users\ultra\warewolf\Dev\Dev2.Services.Sql\Dev2.Services.Sql.csproj : warning NU1903: Package 'Oracle.ManagedDataAccess.Core' 3.21.70 has a known high severity vulnerability, https://github.com/advisories/GHSA-5pm2-9mr2-3frq
C:\Users\ultra\warewolf\Dev\Dev2.Services.Sql\Dev2.Services.Sql.csproj : warning NU1701: Package 'AeroWizard 2.3.1' was restored using '.NETFramework,Version=v4.6.1, .NETFramework,Version=v4.6.2, .NETFramework,Version=v4.7, .NETFramework,Version=v4.7.1, .NETFramework,Version=v4.7.2, .NETFramework,Version=v4.8, .NETFramework,Version=v4.8.1' instead of the project target framework 'net8.0'. This package may not be fully compatible with your project.
C:\Users\ultra\warewolf\Dev\Dev2.Services.Sql\Dev2.Services.Sql.csproj : warning NU1701: Package 'GroupControls 1.9.0' was restored using '.NETFramework,Version=v4.6.1, .NETFramework,Version=v4.6.2, .NETFramework,Version=v4.7, .NETFramework,Version=v4.7.1, .NETFramework,Version=v4.7.2, .NETFramework,Version=v4.8, .NETFramework,Version=v4.8.1' instead of the project target framework 'net8.0'. This package may not be fully compatible with your project.
C:\Users\ultra\warewolf\Dev\Dev2.Services.Sql\Dev2.Services.Sql.csproj : warning NU1701: Package 'ReactiveUI.WPF 18.4.1' was restored using '.NETFramework,Version=v4.6.1, .NETFramework,Version=v4.6.2, .NETFramework,Version=v4.7, .NETFramework,Version=v4.7.1, .NETFramework,Version=v4.7.2, .NETFramework,Version=v4.8, .NETFramework,Version=v4.8.1' instead of the project target framework 'net8.0'. This package may not be fully compatible with your project.
C:\Users\ultra\warewolf\Dev\Dev2.Services.Sql\Dev2.Services.Sql.csproj : warning NU1701: Package 'TaskSchedulerEditor 2.10.1' was restored using '.NETFramework,Version=v4.6.1, .NETFramework,Version=v4.6.2, .NETFramework,Version=v4.7, .NETFramework,Version=v4.7.1, .NETFramework,Version=v4.7.2, .NETFramework,Version=v4.8, .NETFramework,Version=v4.8.1' instead of the project target framework 'net8.0'. This package may not be fully compatible with your project.
  Dev2.SignalR.Wrappers.Interfaces -> C:\Users\ultra\warewolf\Dev\Dev2.SignalR.Wrappers\bin\Debug\net8.0\Dev2.SignalR.Wrappers.dll
  Dev2.Net6.Compatibility -> C:\Users\ultra\warewolf\Dev\Dev2.Net6.Compatibility\bin\Debug\net8.0\Dev2.Net6.Compatibility.dll
C:\Users\ultra\warewolf\Dev\Warewolf.Sharepoint\Warewolf.Sharepoint.csproj : warning NU1701: Package 'AeroWizard 2.3.1' was restored using '.NETFramework,Version=v4.6.1, .NETFramework,Version=v4.6.2, .NETFramework,Version=v4.7, .NETFramework,Version=v4.7.1, .NETFramework,Version=v4.7.2, .NETFramework,Version=v4.8, .NETFramework,Version=v4.8.1' instead of the project target framework 'net8.0'. This package may not be fully compatible with your project.
C:\Users\ultra\warewolf\Dev\Warewolf.Sharepoint\Warewolf.Sharepoint.csproj : warning NU1701: Package 'GroupControls 1.9.0' was restored using '.NETFramework,Version=v4.6.1, .NETFramework,Version=v4.6.2, .NETFramework,Version=v4.7, .NETFramework,Version=v4.7.1, .NETFramework,Version=v4.7.2, .NETFramework,Version=v4.8, .NETFramework,Version=v4.8.1' instead of the project target framework 'net8.0'. This package may not be fully compatible with your project.
C:\Users\ultra\warewolf\Dev\Warewolf.Sharepoint\Warewolf.Sharepoint.csproj : warning NU1701: Package 'ReactiveUI.WPF 18.4.1' was restored using '.NETFramework,Version=v4.6.1, .NETFramework,Version=v4.6.2, .NETFramework,Version=v4.7, .NETFramework,Version=v4.7.1, .NETFramework,Version=v4.7.2, .NETFramework,Version=v4.8, .NETFramework,Version=v4.8.1' instead of the project target framework 'net8.0'. This package may not be fully compatible with your project.
C:\Users\ultra\warewolf\Dev\Warewolf.Sharepoint\Warewolf.Sharepoint.csproj : warning NU1701: Package 'TaskSchedulerEditor 2.10.1' was restored using '.NETFramework,Version=v4.6.1, .NETFramework,Version=v4.6.2, .NETFramework,Version=v4.7, .NETFramework,Version=v4.7.1, .NETFramework,Version=v4.7.2, .NETFramework,Version=v4.8, .NETFramework,Version=v4.8.1' instead of the project target framework 'net8.0'. This package may not be fully compatible with your project.
C:\Users\ultra\warewolf\Dev\Warewolf.Driver.Persistence\Warewolf.Driver.Persistence.csproj : warning NU1701: Package 'AeroWizard 2.3.1' was restored using '.NETFramework,Version=v4.6.1, .NETFramework,Version=v4.6.2, .NETFramework,Version=v4.7, .NETFramework,Version=v4.7.1, .NETFramework,Version=v4.7.2, .NETFramework,Version=v4.8, .NETFramework,Version=v4.8.1' instead of the project target framework 'net8.0'. This package may not be fully compatible with your project.
C:\Users\ultra\warewolf\Dev\Warewolf.Driver.Persistence\Warewolf.Driver.Persistence.csproj : warning NU1701: Package 'GroupControls 1.9.0' was restored using '.NETFramework,Version=v4.6.1, .NETFramework,Version=v4.6.2, .NETFramework,Version=v4.7, .NETFramework,Version=v4.7.1, .NETFramework,Version=v4.7.2, .NETFramework,Version=v4.8, .NETFramework,Version=v4.8.1' instead of the project target framework 'net8.0'. This package may not be fully compatible with your project.
C:\Users\ultra\warewolf\Dev\Warewolf.Driver.Persistence\Warewolf.Driver.Persistence.csproj : warning NU1701: Package 'ReactiveUI.WPF 18.4.1' was restored using '.NETFramework,Version=v4.6.1, .NETFramework,Version=v4.6.2, .NETFramework,Version=v4.7, .NETFramework,Version=v4.7.1, .NETFramework,Version=v4.7.2, .NETFramework,Version=v4.8, .NETFramework,Version=v4.8.1' instead of the project target framework 'net8.0'. This package may not be fully compatible with your project.
C:\Users\ultra\warewolf\Dev\Warewolf.Driver.Persistence\Warewolf.Driver.Persistence.csproj : warning NU1701: Package 'TaskSchedulerEditor 2.10.1' was restored using '.NETFramework,Version=v4.6.1, .NETFramework,Version=v4.6.2, .NETFramework,Version=v4.7, .NETFramework,Version=v4.7.1, .NETFramework,Version=v4.7.2, .NETFramework,Version=v4.8, .NETFramework,Version=v4.8.1' instead of the project target framework 'net8.0'. This package may not be fully compatible with your project.
  Warewolf.Common.Interfaces.NetStandard20 -> C:\Users\ultra\warewolf\Dev\Warewolf.Common.Interfaces.NetStandard20\bin\Debug\net8.0\Warewolf.Common.Interfaces.NetStandard20.dll
C:\Users\ultra\warewolf\Dev\Dev2.TaskScheduler.Wrappers\Dev2.TaskScheduler.Wrappers.csproj : warning NU1701: Package 'AeroWizard 2.3.1' was restored using '.NETFramework,Version=v4.6.1, .NETFramework,Version=v4.6.2, .NETFramework,Version=v4.7, .NETFramework,Version=v4.7.1, .NETFramework,Version=v4.7.2, .NETFramework,Version=v4.8, .NETFramework,Version=v4.8.1' instead of the project target framework 'net8.0'. This package may not be fully compatible with your project.
C:\Users\ultra\warewolf\Dev\Dev2.TaskScheduler.Wrappers\Dev2.TaskScheduler.Wrappers.csproj : warning NU1701: Package 'GroupControls 1.9.0' was restored using '.NETFramework,Version=v4.6.1, .NETFramework,Version=v4.6.2, .NETFramework,Version=v4.7, .NETFramework,Version=v4.7.1, .NETFramework,Version=v4.7.2, .NETFramework,Version=v4.8, .NETFramework,Version=v4.8.1' instead of the project target framework 'net8.0'. This package may not be fully compatible with your project.
C:\Users\ultra\warewolf\Dev\Dev2.TaskScheduler.Wrappers\Dev2.TaskScheduler.Wrappers.csproj : warning NU1701: Package 'TaskSchedulerEditor 2.10.1' was restored using '.NETFramework,Version=v4.6.1, .NETFramework,Version=v4.6.2, .NETFramework,Version=v4.7, .NETFramework,Version=v4.7.1, .NETFramework,Version=v4.7.2, .NETFramework,Version=v4.8, .NETFramework,Version=v4.8.1' instead of the project target framework 'net8.0'. This package may not be fully compatible with your project.
  Warewolf.Studio.Resources -> C:\Users\ultra\warewolf\Dev\Warewolf.Studio.Resources\bin\Debug\net8.0\Warewolf.Studio.Resources.dll
  Consider app.config remapping of assembly "System.Runtime.CompilerServices.Unsafe, Culture=neutral, PublicKeyToken=b03f5f7f11d50a3a" from Version "6.0.0.0" [] to Version "8.0.0.0" [C:\Program Files\dotnet\packs\Microsoft.NETCore.App.Ref\8.0.25\ref\net8.0\System.Runtime.CompilerServices.Unsafe.dll] to solve conflict and get rid of warning.
  Warewolf.Driver.Redis -> C:\Users\ultra\warewolf\Dev\Warewolf.Driver.Redis\bin\Debug\net8.0\Warewolf.Driver.Redis.dll
  Warewolf.Driver.RabbitMQ -> C:\Users\ultra\warewolf\Dev\Warewolf.Driver.RabbitMQ\bin\Debug\net8.0\Warewolf.Driver.RabbitMQ.dll
C:\Users\ultra\warewolf\Dev\Dev2.Common.Interfaces\Attribute\ReasonAttribute.cs(13,18): warning CC0023: Mark 'ReasonAttribute' as sealed. (https://code-cracker.github.io/diagnostics/CC0023.html) [C:\Users\ultra\warewolf\Dev\Dev2.Common.Interfaces\Dev2.Common.Interfaces.csproj]
C:\Users\ultra\warewolf\Dev\Dev2.Common.Interfaces\Wrappers\IDirectoryEntry.cs(190,35): warning CC0057: Parameter 'path' is not used. (https://code-cracker.github.io/diagnostics/CC0057.html) [C:\Users\ultra\warewolf\Dev\Dev2.Common.Interfaces\Dev2.Common.Interfaces.csproj]
C:\Users\ultra\warewolf\Dev\Dev2.Common.Interfaces\DllListing.cs(97,17): warning CC0105: Use 'var' instead of specifying the type name. (https://code-cracker.github.io/diagnostics/CC0105.html) [C:\Users\ultra\warewolf\Dev\Dev2.Common.Interfaces\Dev2.Common.Interfaces.csproj]
C:\Users\ultra\warewolf\Dev\Dev2.Common.Interfaces\DllListing.cs(98,17): warning CC0105: Use 'var' instead of specifying the type name. (https://code-cracker.github.io/diagnostics/CC0105.html) [C:\Users\ultra\warewolf\Dev\Dev2.Common.Interfaces\Dev2.Common.Interfaces.csproj]
C:\Users\ultra\warewolf\Dev\Dev2.Common.Interfaces\Runtime\Services\IStreamContentFactory.cs(48,21): warning CC0029: 'StreamContentWrapper' should call GC.SuppressFinalize inside the Dispose method. (https://code-cracker.github.io/diagnostics/CC0029.html) [C:\Users\ultra\warewolf\Dev\Dev2.Common.Interfaces\Dev2.Common.Interfaces.csproj]
  Warewolf.Parser.Interop -> C:\Users\ultra\warewolf\Dev\Warewolf.Parser.Interop\bin\Debug\net8.0\WarewolfParserInterop.dll
  Dev2.Common.Interfaces -> C:\Users\ultra\warewolf\Dev\Dev2.Common.Interfaces\bin\Debug\net8.0\Dev2.Common.Interfaces.dll
C:\Users\ultra\warewolf\Dev\Warewolf.Language.Parser\EvaluationFunctions.fs(277,15): warning FS3548: Pattern discard is not allowed for union case that takes no data. [C:\Users\ultra\warewolf\Dev\Warewolf.Language.Parser\Warewolf.Language.Parser.fsproj]
C:\Users\ultra\warewolf\Dev\Warewolf.Language.Parser\EvaluationFunctions.fs(305,15): warning FS3548: Pattern discard is not allowed for union case that takes no data. [C:\Users\ultra\warewolf\Dev\Warewolf.Language.Parser\Warewolf.Language.Parser.fsproj]
C:\Users\ultra\warewolf\Dev\Warewolf.Language.Parser\EvaluationFunctions.fs(748,21): warning FS3873: This construct is deprecated. Sequence expressions should be of the form 'seq { ... }' [C:\Users\ultra\warewolf\Dev\Warewolf.Language.Parser\Warewolf.Language.Parser.fsproj]
C:\Users\ultra\warewolf\Dev\Warewolf.Language.Parser\EvaluationFunctions.fs(751,28): warning FS3873: This construct is deprecated. Sequence expressions should be of the form 'seq { ... }' [C:\Users\ultra\warewolf\Dev\Warewolf.Language.Parser\Warewolf.Language.Parser.fsproj]
C:\Users\ultra\warewolf\Dev\Warewolf.Language.Parser\WarewolfDataEvaluationCommon.fs(593,21): warning FS3873: This construct is deprecated. Sequence expressions should be of the form 'seq { ... }' [C:\Users\ultra\warewolf\Dev\Warewolf.Language.Parser\Warewolf.Language.Parser.fsproj]
C:\Users\ultra\warewolf\Dev\Warewolf.Language.Parser\WarewolfDataEvaluationCommon.fs(596,28): warning FS3873: This construct is deprecated. Sequence expressions should be of the form 'seq { ... }' [C:\Users\ultra\warewolf\Dev\Warewolf.Language.Parser\Warewolf.Language.Parser.fsproj]
C:\Users\ultra\warewolf\Dev\Warewolf.Data\NamedInt.cs(160,21): warning CA2200: Re-throwing caught exception changes stack information (https://learn.microsoft.com/dotnet/fundamentals/code-analysis/quality-rules/ca2200) [C:\Users\ultra\warewolf\Dev\Warewolf.Data\Warewolf.Data.csproj]
  Warewolf.Data -> C:\Users\ultra\warewolf\Dev\Warewolf.Data\bin\Debug\net8.0\Warewolf.Data.dll
  Warewolf.Language.Parser -> C:\Users\ultra\warewolf\Dev\Warewolf.Language.Parser\bin\Debug\net8.0\Warewolf.Language.Parser.dll
  Warewolf.Common -> C:\Users\ultra\warewolf\Dev\Warewolf.Common\bin\Debug\net8.0\Warewolf.Common.dll
  Warewolf.Storage.Interfaces -> C:\Users\ultra\warewolf\Dev\Warewolf.Storage.Interfaces\bin\Debug\net8.0\Warewolf.Storage.Interfaces.dll
  Dev2.Data.Interfaces -> C:\Users\ultra\warewolf\Dev\Dev2.Data.Interfaces\bin\Debug\net8.0\Dev2.Data.Interfaces.dll
C:\Users\ultra\warewolf\Dev\Dev2.Common\ExtMethods\StringExtension.cs(302,13): warning CC0004: Empty Catch Block. (https://code-cracker.github.io/diagnostics/CC0004.html) [C:\Users\ultra\warewolf\Dev\Dev2.Common\Dev2.Common.csproj]
  Dev2.Common -> C:\Users\ultra\warewolf\Dev\Dev2.Common\bin\Debug\net8.0\Dev2.Common.dll
C:\Program Files\dotnet\sdk\10.0.201\Microsoft.Common.CurrentVersion.targets(2451,5): warning MSB3277: Found conflicts between different versions of "WindowsBase" that could not be resolved. [C:\Users\ultra\warewolf\Dev\Dev2.Development.Languages\Dev2.Development.Languages.csproj]
C:\Program Files\dotnet\sdk\10.0.201\Microsoft.Common.CurrentVersion.targets(2451,5): warning MSB3277: There was a conflict between "WindowsBase, Version=4.0.0.0, Culture=neutral, PublicKeyToken=31bf3856ad364e35" and "WindowsBase, Version=6.0.2.0, Culture=neutral, PublicKeyToken=31bf3856ad364e35". [C:\Users\ultra\warewolf\Dev\Dev2.Development.Languages\Dev2.Development.Languages.csproj]
C:\Program Files\dotnet\sdk\10.0.201\Microsoft.Common.CurrentVersion.targets(2451,5): warning MSB3277:     "WindowsBase, Version=4.0.0.0, Culture=neutral, PublicKeyToken=31bf3856ad364e35" was chosen because it was primary and "WindowsBase, Version=6.0.2.0, Culture=neutral, PublicKeyToken=31bf3856ad364e35" was not. [C:\Users\ultra\warewolf\Dev\Dev2.Development.Languages\Dev2.Development.Languages.csproj]
C:\Program Files\dotnet\sdk\10.0.201\Microsoft.Common.CurrentVersion.targets(2451,5): warning MSB3277:     References which depend on "WindowsBase, Version=4.0.0.0, Culture=neutral, PublicKeyToken=31bf3856ad364e35" [C:\Program Files\dotnet\packs\Microsoft.NETCore.App.Ref\8.0.25\ref\net8.0\WindowsBase.dll]. [C:\Users\ultra\warewolf\Dev\Dev2.Development.Languages\Dev2.Development.Languages.csproj]
C:\Program Files\dotnet\sdk\10.0.201\Microsoft.Common.CurrentVersion.targets(2451,5): warning MSB3277:         C:\Program Files\dotnet\packs\Microsoft.NETCore.App.Ref\8.0.25\ref\net8.0\WindowsBase.dll [C:\Users\ultra\warewolf\Dev\Dev2.Development.Languages\Dev2.Development.Languages.csproj]
C:\Program Files\dotnet\sdk\10.0.201\Microsoft.Common.CurrentVersion.targets(2451,5): warning MSB3277:           Project file item includes which caused reference "C:\Program Files\dotnet\packs\Microsoft.NETCore.App.Ref\8.0.25\ref\net8.0\WindowsBase.dll". [C:\Users\ultra\warewolf\Dev\Dev2.Development.Languages\Dev2.Development.Languages.csproj]
C:\Program Files\dotnet\sdk\10.0.201\Microsoft.Common.CurrentVersion.targets(2451,5): warning MSB3277:             C:\Program Files\dotnet\packs\Microsoft.NETCore.App.Ref\8.0.25\ref/net8.0/WindowsBase.dll [C:\Users\ultra\warewolf\Dev\Dev2.Development.Languages\Dev2.Development.Languages.csproj]
C:\Program Files\dotnet\sdk\10.0.201\Microsoft.Common.CurrentVersion.targets(2451,5): warning MSB3277:     References which depend on or have been unified to "WindowsBase, Version=6.0.2.0, Culture=neutral, PublicKeyToken=31bf3856ad364e35" []. [C:\Users\ultra\warewolf\Dev\Dev2.Development.Languages\Dev2.Development.Languages.csproj]
C:\Program Files\dotnet\sdk\10.0.201\Microsoft.Common.CurrentVersion.targets(2451,5): warning MSB3277:         C:\Users\ultra\.nuget\packages\caliburn.micro\4.0.212\lib\netcoreapp3.1\Caliburn.Micro.Platform.dll [C:\Users\ultra\warewolf\Dev\Dev2.Development.Languages\Dev2.Development.Languages.csproj]
C:\Program Files\dotnet\sdk\10.0.201\Microsoft.Common.CurrentVersion.targets(2451,5): warning MSB3277:           Project file item includes which caused reference "C:\Users\ultra\.nuget\packages\caliburn.micro\4.0.212\lib\netcoreapp3.1\Caliburn.Micro.Platform.dll". [C:\Users\ultra\warewolf\Dev\Dev2.Development.Languages\Dev2.Development.Languages.csproj]
C:\Program Files\dotnet\sdk\10.0.201\Microsoft.Common.CurrentVersion.targets(2451,5): warning MSB3277:             C:\Users\ultra\.nuget\packages\caliburn.micro\4.0.212\lib\netcoreapp3.1\Caliburn.Micro.Platform.dll [C:\Users\ultra\warewolf\Dev\Dev2.Development.Languages\Dev2.Development.Languages.csproj]
C:\Program Files\dotnet\sdk\10.0.201\Microsoft.Common.CurrentVersion.targets(2451,5): warning MSB3277:         C:\Users\ultra\.nuget\packages\ironpython\3.4.0\lib\net6.0\IronPython.Wpf.dll [C:\Users\ultra\warewolf\Dev\Dev2.Development.Languages\Dev2.Development.Languages.csproj]
C:\Program Files\dotnet\sdk\10.0.201\Microsoft.Common.CurrentVersion.targets(2451,5): warning MSB3277:           Project file item includes which caused reference "C:\Users\ultra\.nuget\packages\ironpython\3.4.0\lib\net6.0\IronPython.Wpf.dll". [C:\Users\ultra\warewolf\Dev\Dev2.Development.Languages\Dev2.Development.Languages.csproj]
C:\Program Files\dotnet\sdk\10.0.201\Microsoft.Common.CurrentVersion.targets(2451,5): warning MSB3277:             C:\Users\ultra\.nuget\packages\ironpython\3.4.0\lib\net6.0\IronPython.Wpf.dll [C:\Users\ultra\warewolf\Dev\Dev2.Development.Languages\Dev2.Development.Languages.csproj]
C:\Program Files\dotnet\sdk\10.0.201\Microsoft.Common.CurrentVersion.targets(2451,5): warning MSB3277:         C:\Users\ultra\.nuget\packages\microsoft.xaml.behaviors.wpf\1.1.19\lib\netcoreapp3.0\Microsoft.Xaml.Behaviors.dll [C:\Users\ultra\warewolf\Dev\Dev2.Development.Languages\Dev2.Development.Languages.csproj]
C:\Program Files\dotnet\sdk\10.0.201\Microsoft.Common.CurrentVersion.targets(2451,5): warning MSB3277:           Project file item includes which caused reference "C:\Users\ultra\.nuget\packages\microsoft.xaml.behaviors.wpf\1.1.19\lib\netcoreapp3.0\Microsoft.Xaml.Behaviors.dll". [C:\Users\ultra\warewolf\Dev\Dev2.Development.Languages\Dev2.Development.Languages.csproj]
C:\Program Files\dotnet\sdk\10.0.201\Microsoft.Common.CurrentVersion.targets(2451,5): warning MSB3277:             C:\Users\ultra\.nuget\packages\microsoft.xaml.behaviors.wpf\1.1.19\lib\netcoreapp3.0\Microsoft.Xaml.Behaviors.dll [C:\Users\ultra\warewolf\Dev\Dev2.Development.Languages\Dev2.Development.Languages.csproj]
C:\Program Files\dotnet\sdk\10.0.201\Microsoft.Common.CurrentVersion.targets(2451,5): warning MSB3277:             C:\Users\ultra\.nuget\packages\caliburn.micro\4.0.212\lib\netcoreapp3.1\Caliburn.Micro.Platform.dll [C:\Users\ultra\warewolf\Dev\Dev2.Development.Languages\Dev2.Development.Languages.csproj]
  Dev2.Util -> C:\Users\ultra\warewolf\Dev\Dev2.Util\bin\Debug\net8.0\Dev2.Util.dll
C:\Users\ultra\warewolf\Dev\Dev2.TaskScheduler.Wrappers\Dev2TaskEvent.cs(47,33): warning CA1416: This call site is reachable on all platforms. 'SecurityIdentifier.Value' is only supported on: 'windows'. (https://learn.microsoft.com/dotnet/fundamentals/code-analysis/quality-rules/ca1416) [C:\Users\ultra\warewolf\Dev\Dev2.TaskScheduler.Wrappers\Dev2.TaskScheduler.Wrappers.csproj]
  Dev2.TaskScheduler.Wrappers -> C:\Users\ultra\warewolf\Dev\Dev2.TaskScheduler.Wrappers\bin\Debug\net8.0\Dev2.TaskScheduler.Wrappers.dll
  Dev2.Development.Languages -> C:\Users\ultra\warewolf\Dev\Dev2.Development.Languages\bin\Debug\net8.0\Dev2.Development.Languages.dll
  Warewolf.Licensing -> C:\Users\ultra\warewolf\Dev\Warewolf.Licensing\bin\Debug\net8.0\Warewolf.Licensing.dll
  Dev2.CustomControls -> C:\Users\ultra\warewolf\Dev\Dev2.CustomControls\bin\Debug\net8.0\Dev2.CustomControls.dll
  Consider app.config remapping of assembly "Newtonsoft.Json, Culture=neutral, PublicKeyToken=30ad4fe6b2a6aeed" from Version "12.0.0.0" [] to Version "13.0.0.0" [C:\Users\ultra\.nuget\packages\newtonsoft.json\13.0.2\lib\net6.0\Newtonsoft.Json.dll] to solve conflict and get rid of warning.
  Dev2.Runtime.Configuration -> C:\Users\ultra\warewolf\Dev\Dev2.Runtime.Configuration\bin\Debug\net8.0\Dev2.Runtime.Configuration.dll
C:\Users\ultra\warewolf\Dev\Dev2.Diagnostics\Debug\DebugDispatcher.cs(209,35): warning CC0057: Parameter 'previous' is not used. (https://code-cracker.github.io/diagnostics/CC0057.html) [C:\Users\ultra\warewolf\Dev\Dev2.Diagnostics\Dev2.Diagnostics.csproj]
  Dev2.Diagnostics -> C:\Users\ultra\warewolf\Dev\Dev2.Diagnostics\bin\Debug\net8.0\Dev2.Diagnostics.dll
C:\Users\ultra\warewolf\Dev\Warewolf.AI.Harness\ChatbotApiService.cs(11,7): warning CS0105: The using directive for 'System.Text' appeared previously in this namespace [C:\Users\ultra\warewolf\Dev\Warewolf.AI.Harness\Warewolf.AI.Harness.csproj]
C:\Users\ultra\warewolf\Dev\Warewolf.AI.Harness\ChatbotApiService.cs(12,7): warning CS0105: The using directive for 'Newtonsoft.Json' appeared previously in this namespace [C:\Users\ultra\warewolf\Dev\Warewolf.AI.Harness\Warewolf.AI.Harness.csproj]
C:\Users\ultra\warewolf\Dev\Warewolf.AI.Harness\ChatbotApiService.cs(641,23): warning CS8618: Non-nullable property 'Model' must contain a non-null value when exiting constructor. Consider adding the 'required' modifier or declaring the property as nullable. [C:\Users\ultra\warewolf\Dev\Warewolf.AI.Harness\Warewolf.AI.Harness.csproj]
C:\Users\ultra\warewolf\Dev\Warewolf.AI.Harness\ChatbotApiService.cs(659,23): warning CS8618: Non-nullable property 'FinishReason' must contain a non-null value when exiting constructor. Consider adding the 'required' modifier or declaring the property as nullable. [C:\Users\ultra\warewolf\Dev\Warewolf.AI.Harness\Warewolf.AI.Harness.csproj]
C:\Users\ultra\warewolf\Dev\Warewolf.AI.Harness\ChatbotApiService.cs(201,34): warning CS8600: Converting null literal or possible null value to non-nullable type. [C:\Users\ultra\warewolf\Dev\Warewolf.AI.Harness\Warewolf.AI.Harness.csproj]
C:\Users\ultra\warewolf\Dev\Warewolf.AI.Harness\ChatbotApiService.cs(215,51): warning CS8602: Dereference of a possibly null reference. [C:\Users\ultra\warewolf\Dev\Warewolf.AI.Harness\Warewolf.AI.Harness.csproj]
C:\Users\ultra\warewolf\Dev\Warewolf.AI.Harness\ChatbotApiService.cs(218,25): warning CS8602: Dereference of a possibly null reference. [C:\Users\ultra\warewolf\Dev\Warewolf.AI.Harness\Warewolf.AI.Harness.csproj]
C:\Users\ultra\warewolf\Dev\Warewolf.AI.Harness\ChatbotApiService.cs(303,34): warning CS8600: Converting null literal or possible null value to non-nullable type. [C:\Users\ultra\warewolf\Dev\Warewolf.AI.Harness\Warewolf.AI.Harness.csproj]
C:\Users\ultra\warewolf\Dev\Warewolf.AI.Harness\ChatbotApiService.cs(312,51): warning CS8602: Dereference of a possibly null reference. [C:\Users\ultra\warewolf\Dev\Warewolf.AI.Harness\Warewolf.AI.Harness.csproj]
C:\Users\ultra\warewolf\Dev\Warewolf.AI.Harness\ChatbotApiService.cs(314,30): warning CS8602: Dereference of a possibly null reference. [C:\Users\ultra\warewolf\Dev\Warewolf.AI.Harness\Warewolf.AI.Harness.csproj]
C:\Users\ultra\warewolf\Dev\Warewolf.AI.Harness\ChatbotApiService.cs(477,32): warning CS8600: Converting null literal or possible null value to non-nullable type. [C:\Users\ultra\warewolf\Dev\Warewolf.AI.Harness\Warewolf.AI.Harness.csproj]
C:\Users\ultra\warewolf\Dev\Warewolf.AI.Harness\ChatbotApiService.cs(478,32): warning CS8600: Converting null literal or possible null value to non-nullable type. [C:\Users\ultra\warewolf\Dev\Warewolf.AI.Harness\Warewolf.AI.Harness.csproj]
C:\Users\ultra\warewolf\Dev\Warewolf.AI.Harness\ChatbotApiService.cs(481,73): warning CS8625: Cannot convert null literal to non-nullable reference type. [C:\Users\ultra\warewolf\Dev\Warewolf.AI.Harness\Warewolf.AI.Harness.csproj]
C:\Users\ultra\warewolf\Dev\Warewolf.AI.Harness\ChatbotApiService.cs(482,60): warning CS8604: Possible null reference argument for parameter 'authHeaderName' in 'HttpResponseMessage ChatbotApiService.PostWithAuth(string endpoint, object payload, string authHeaderName, string authHeaderValue, string additionalHeaders)'. [C:\Users\ultra\warewolf\Dev\Warewolf.AI.Harness\Warewolf.AI.Harness.csproj]
C:\Users\ultra\warewolf\Dev\Warewolf.AI.Harness\ChatbotApiService.cs(482,70): warning CS8604: Possible null reference argument for parameter 'authHeaderValue' in 'HttpResponseMessage ChatbotApiService.PostWithAuth(string endpoint, object payload, string authHeaderName, string authHeaderValue, string additionalHeaders)'. [C:\Users\ultra\warewolf\Dev\Warewolf.AI.Harness\Warewolf.AI.Harness.csproj]
C:\Users\ultra\warewolf\Dev\Warewolf.AI.Harness\ChatbotApiService.cs(482,81): warning CS8625: Cannot convert null literal to non-nullable reference type. [C:\Users\ultra\warewolf\Dev\Warewolf.AI.Harness\Warewolf.AI.Harness.csproj]
C:\Users\ultra\warewolf\Dev\Warewolf.AI.Harness\ChatbotApiService.cs(496,73): warning CS8625: Cannot convert null literal to non-nullable reference type. [C:\Users\ultra\warewolf\Dev\Warewolf.AI.Harness\Warewolf.AI.Harness.csproj]
C:\Users\ultra\warewolf\Dev\Warewolf.AI.Harness\ChatbotApiService.cs(497,81): warning CS8625: Cannot convert null literal to non-nullable reference type. [C:\Users\ultra\warewolf\Dev\Warewolf.AI.Harness\Warewolf.AI.Harness.csproj]
C:\Users\ultra\warewolf\Dev\Warewolf.AI.Harness\ChatbotApiService.cs(514,73): warning CS8625: Cannot convert null literal to non-nullable reference type. [C:\Users\ultra\warewolf\Dev\Warewolf.AI.Harness\Warewolf.AI.Harness.csproj]
C:\Users\ultra\warewolf\Dev\Warewolf.AI.Harness\ChatbotApiService.cs(515,114): warning CS8625: Cannot convert null literal to non-nullable reference type. [C:\Users\ultra\warewolf\Dev\Warewolf.AI.Harness\Warewolf.AI.Harness.csproj]
C:\Users\ultra\warewolf\Dev\Warewolf.AI.Harness\ChatbotApiService.cs(521,36): warning CS8600: Converting null literal or possible null value to non-nullable type. [C:\Users\ultra\warewolf\Dev\Warewolf.AI.Harness\Warewolf.AI.Harness.csproj]
C:\Users\ultra\warewolf\Dev\Warewolf.AI.Harness\ChatbotApiService.cs(538,82): warning CS8604: Possible null reference argument for parameter 'systemMessage' in 'Dictionary<string, object> ChatbotApiService.CreatePayload(string model, object messages, string systemMessage, bool useMaxCompletionTokens, bool includeTemperature)'. [C:\Users\ultra\warewolf\Dev\Warewolf.AI.Harness\Warewolf.AI.Harness.csproj]
C:\Users\ultra\warewolf\Dev\Warewolf.AI.Harness\ChatbotApiService.cs(545,35): warning CS8600: Converting null literal or possible null value to non-nullable type. [C:\Users\ultra\warewolf\Dev\Warewolf.AI.Harness\Warewolf.AI.Harness.csproj]
C:\Users\ultra\warewolf\Dev\Warewolf.AI.Harness\ChatbotApiService.cs(589,68): warning CS8625: Cannot convert null literal to non-nullable reference type. [C:\Users\ultra\warewolf\Dev\Warewolf.AI.Harness\Warewolf.AI.Harness.csproj]
C:\Users\ultra\warewolf\Dev\Warewolf.AI.Harness\ChatbotApiService.cs(589,74): warning CS8625: Cannot convert null literal to non-nullable reference type. [C:\Users\ultra\warewolf\Dev\Warewolf.AI.Harness\Warewolf.AI.Harness.csproj]
C:\Users\ultra\warewolf\Dev\Warewolf.AI.Harness\ChatbotApiService.cs(589,80): warning CS8625: Cannot convert null literal to non-nullable reference type. [C:\Users\ultra\warewolf\Dev\Warewolf.AI.Harness\Warewolf.AI.Harness.csproj]
  Warewolf.AI.Harness -> C:\Users\ultra\warewolf\Dev\Warewolf.AI.Harness\bin\Debug\net8.0\Warewolf.AI.Harness.dll
C:\Users\ultra\warewolf\Dev\Dev2.Infrastructure\PerformanceCounters\Management\PerformanceCounterPersistence.cs(48,81): warning CC0057: Parameter 'resourcePerformanceCounters' is not used. (https://code-cracker.github.io/diagnostics/CC0057.html) [C:\Users\ultra\warewolf\Dev\Dev2.Infrastructure\Dev2.Infrastructure.csproj]
C:\Users\ultra\warewolf\Dev\Dev2.Infrastructure\PerformanceCounters\Management\WarewolfPerformanceCounterManager.cs(22,140): warning CC0057: Parameter 'register' is not used. (https://code-cracker.github.io/diagnostics/CC0057.html) [C:\Users\ultra\warewolf\Dev\Dev2.Infrastructure\Dev2.Infrastructure.csproj]
C:\Users\ultra\warewolf\Dev\Dev2.Infrastructure\PerformanceCounters\PerformanceCounterCategoryWrapper.cs(32,48): warning CA1416: This call site is reachable on all platforms. 'PerformanceCounterCategory.Delete(string)' is only supported on: 'windows'. (https://learn.microsoft.com/dotnet/fundamentals/code-analysis/quality-rules/ca1416) [C:\Users\ultra\warewolf\Dev\Dev2.Infrastructure\Dev2.Infrastructure.csproj]
C:\Users\ultra\warewolf\Dev\Dev2.Infrastructure\PerformanceCounters\PerformanceCounterCategoryWrapper.cs(12,51): warning CA1416: This call site is reachable on all platforms. 'PerformanceCounterCategory.CounterExists(string)' is only supported on: 'windows'. (https://learn.microsoft.com/dotnet/fundamentals/code-analysis/quality-rules/ca1416) [C:\Users\ultra\warewolf\Dev\Dev2.Infrastructure\Dev2.Infrastructure.csproj]
C:\Users\ultra\warewolf\Dev\Dev2.Infrastructure\PerformanceCounters\PerformanceCounterCategoryWrapper.cs(33,48): warning CA1416: This call site is reachable on all platforms. 'PerformanceCounterCategory.Exists(string)' is only supported on: 'windows'. (https://learn.microsoft.com/dotnet/fundamentals/code-analysis/quality-rules/ca1416) [C:\Users\ultra\warewolf\Dev\Dev2.Infrastructure\Dev2.Infrastructure.csproj]
C:\Users\ultra\warewolf\Dev\Dev2.Infrastructure\PerformanceCounters\PerformanceCounterCategoryWrapper.cs(38,29): warning CA1416: This call site is reachable on all platforms. 'PerformanceCounterCategory' is only supported on: 'windows'. (https://learn.microsoft.com/dotnet/fundamentals/code-analysis/quality-rules/ca1416) [C:\Users\ultra\warewolf\Dev\Dev2.Infrastructure\Dev2.Infrastructure.csproj]
C:\Users\ultra\warewolf\Dev\Dev2.Infrastructure\PerformanceCounters\Management\WarewolfPerformanceCounterManager.cs(67,83): warning CC0057: Parameter 'name' is not used. (https://code-cracker.github.io/diagnostics/CC0057.html) [C:\Users\ultra\warewolf\Dev\Dev2.Infrastructure\Dev2.Infrastructure.csproj]
C:\Users\ultra\warewolf\Dev\Dev2.Infrastructure\PerformanceCounters\PerformanceCounterCategoryWrapper.cs(14,49): warning CA1416: This call site is reachable on all platforms. 'CounterCreationDataCollection' is only supported on: 'windows'. (https://learn.microsoft.com/dotnet/fundamentals/code-analysis/quality-rules/ca1416) [C:\Users\ultra\warewolf\Dev\Dev2.Infrastructure\Dev2.Infrastructure.csproj]
C:\Users\ultra\warewolf\Dev\Dev2.Infrastructure\PerformanceCounters\PerformanceCounterCategoryWrapper.cs(29,13): warning CA1416: This call site is reachable on all platforms. 'PerformanceCounterCategory.Create(string, string, PerformanceCounterCategoryType, CounterCreationDataCollection)' is only supported on: 'windows'. (https://learn.microsoft.com/dotnet/fundamentals/code-analysis/quality-rules/ca1416) [C:\Users\ultra\warewolf\Dev\Dev2.Infrastructure\Dev2.Infrastructure.csproj]
C:\Users\ultra\warewolf\Dev\Dev2.Infrastructure\PerformanceCounters\PerformanceCounterCategoryWrapper.cs(25,21): warning CA1416: This call site is reachable on all platforms. 'CounterCreationDataCollection.Add(CounterCreationData)' is only supported on: 'windows'. (https://learn.microsoft.com/dotnet/fundamentals/code-analysis/quality-rules/ca1416) [C:\Users\ultra\warewolf\Dev\Dev2.Infrastructure\Dev2.Infrastructure.csproj]
C:\Users\ultra\warewolf\Dev\Dev2.Infrastructure\PerformanceCounters\PerformanceCounterCategoryWrapper.cs(19,45): warning CA1416: This call site is reachable on all platforms. 'CounterCreationData' is only supported on: 'windows'. (https://learn.microsoft.com/dotnet/fundamentals/code-analysis/quality-rules/ca1416) [C:\Users\ultra\warewolf\Dev\Dev2.Infrastructure\Dev2.Infrastructure.csproj]
C:\Users\ultra\warewolf\Dev\Dev2.Infrastructure\PerformanceCounters\PerformanceCounterCategoryWrapper.cs(29,71): warning CA1416: This call site is reachable on all platforms. 'PerformanceCounterCategoryType.MultiInstance' is only supported on: 'windows'. (https://learn.microsoft.com/dotnet/fundamentals/code-analysis/quality-rules/ca1416) [C:\Users\ultra\warewolf\Dev\Dev2.Infrastructure\Dev2.Infrastructure.csproj]
C:\Users\ultra\warewolf\Dev\Dev2.Infrastructure\PerformanceCounters\PerformanceCounterCategoryWrapper.cs(54,28): warning CA1416: This call site is reachable on all platforms. 'PerformanceCounterType.RateOfCountsPerSecond32' is only supported on: 'windows'. (https://learn.microsoft.com/dotnet/fundamentals/code-analysis/quality-rules/ca1416) [C:\Users\ultra\warewolf\Dev\Dev2.Infrastructure\Dev2.Infrastructure.csproj]
C:\Users\ultra\warewolf\Dev\Dev2.Infrastructure\PerformanceCounters\PerformanceCounterCategoryWrapper.cs(52,28): warning CA1416: This call site is reachable on all platforms. 'PerformanceCounterType.NumberOfItems32' is only supported on: 'windows'. (https://learn.microsoft.com/dotnet/fundamentals/code-analysis/quality-rules/ca1416) [C:\Users\ultra\warewolf\Dev\Dev2.Infrastructure\Dev2.Infrastructure.csproj]
C:\Users\ultra\warewolf\Dev\Dev2.Infrastructure\PerformanceCounters\PerformanceCounterCategoryWrapper.cs(50,28): warning CA1416: This call site is reachable on all platforms. 'PerformanceCounterType.AverageTimer32' is only supported on: 'windows'. (https://learn.microsoft.com/dotnet/fundamentals/code-analysis/quality-rules/ca1416) [C:\Users\ultra\warewolf\Dev\Dev2.Infrastructure\Dev2.Infrastructure.csproj]
C:\Users\ultra\warewolf\Dev\Dev2.Infrastructure\PerformanceCounters\PerformanceCounterCategoryWrapper.cs(48,28): warning CA1416: This call site is reachable on all platforms. 'PerformanceCounterType.AverageBase' is only supported on: 'windows'. (https://learn.microsoft.com/dotnet/fundamentals/code-analysis/quality-rules/ca1416) [C:\Users\ultra\warewolf\Dev\Dev2.Infrastructure\Dev2.Infrastructure.csproj]
C:\Users\ultra\warewolf\Dev\Dev2.Infrastructure\Services\Security\MoqInstallerActions\InstallerActionsForDevelopment.cs(59,57): warning CA1416: This call site is reachable on all platforms. 'WindowsIdentity.Name' is only supported on: 'windows'. (https://learn.microsoft.com/dotnet/fundamentals/code-analysis/quality-rules/ca1416) [C:\Users\ultra\warewolf\Dev\Dev2.Infrastructure\Dev2.Infrastructure.csproj]
C:\Users\ultra\warewolf\Dev\Dev2.Infrastructure\Services\Security\MoqInstallerActions\InstallerActionsForDevelopment.cs(57,31): warning CA1416: This call site is reachable on all platforms. 'WindowsIdentity.GetCurrent(bool)' is only supported on: 'windows'. (https://learn.microsoft.com/dotnet/fundamentals/code-analysis/quality-rules/ca1416) [C:\Users\ultra\warewolf\Dev\Dev2.Infrastructure\Dev2.Infrastructure.csproj]
C:\Users\ultra\warewolf\Dev\Dev2.Infrastructure\Services\Security\SecuritySettings.cs(92,28): warning CC0022: HMACSHA256 should be disposed. (https://code-cracker.github.io/diagnostics/CC0022.html) [C:\Users\ultra\warewolf\Dev\Dev2.Infrastructure\Dev2.Infrastructure.csproj]
CSC : warning AD0001: Analyzer 'CodeCracker.CSharp.Design.UseInvokeMethodToFireEventAnalyzer' threw an exception of type 'System.ArgumentException' with message 'Syntax node is not within syntax tree'. [C:\Users\ultra\warewolf\Dev\Dev2.Infrastructure\Dev2.Infrastructure.csproj]
CSC : warning AD0001: Analyzer 'CodeCracker.CSharp.Design.UseInvokeMethodToFireEventAnalyzer' threw an exception of type 'System.ArgumentException' with message 'Syntax node is not within syntax tree'. [C:\Users\ultra\warewolf\Dev\Dev2.Infrastructure\Dev2.Infrastructure.csproj]
CSC : warning AD0001: Analyzer 'CodeCracker.CSharp.Design.UseInvokeMethodToFireEventAnalyzer' threw an exception of type 'System.ArgumentException' with message 'Syntax node is not within syntax tree'. [C:\Users\ultra\warewolf\Dev\Dev2.Infrastructure\Dev2.Infrastructure.csproj]
CSC : warning AD0001: Analyzer 'CodeCracker.CSharp.Design.UseInvokeMethodToFireEventAnalyzer' threw an exception of type 'System.ArgumentException' with message 'Syntax node is not within syntax tree'. [C:\Users\ultra\warewolf\Dev\Dev2.Infrastructure\Dev2.Infrastructure.csproj]
CSC : warning AD0001: Analyzer 'CodeCracker.CSharp.Design.UseInvokeMethodToFireEventAnalyzer' threw an exception of type 'System.ArgumentException' with message 'Syntax node is not within syntax tree'. [C:\Users\ultra\warewolf\Dev\Dev2.Infrastructure\Dev2.Infrastructure.csproj]
CSC : warning AD0001: Analyzer 'CodeCracker.CSharp.Design.UseInvokeMethodToFireEventAnalyzer' threw an exception of type 'System.ArgumentException' with message 'Syntax node is not within syntax tree'. [C:\Users\ultra\warewolf\Dev\Dev2.Infrastructure\Dev2.Infrastructure.csproj]
CSC : warning AD0001: Analyzer 'CodeCracker.CSharp.Design.UseInvokeMethodToFireEventAnalyzer' threw an exception of type 'System.ArgumentException' with message 'Syntax node is not within syntax tree'. [C:\Users\ultra\warewolf\Dev\Dev2.Infrastructure\Dev2.Infrastructure.csproj]
CSC : warning AD0001: Analyzer 'CodeCracker.CSharp.Design.UseInvokeMethodToFireEventAnalyzer' threw an exception of type 'System.ArgumentException' with message 'Syntax node is not within syntax tree'. [C:\Users\ultra\warewolf\Dev\Dev2.Infrastructure\Dev2.Infrastructure.csproj]
CSC : warning AD0001: Analyzer 'CodeCracker.CSharp.Design.UseInvokeMethodToFireEventAnalyzer' threw an exception of type 'System.ArgumentException' with message 'Syntax node is not within syntax tree'. [C:\Users\ultra\warewolf\Dev\Dev2.Infrastructure\Dev2.Infrastructure.csproj]
CSC : warning AD0001: Analyzer 'CodeCracker.CSharp.Design.UseInvokeMethodToFireEventAnalyzer' threw an exception of type 'System.ArgumentException' with message 'Syntax node is not within syntax tree'. [C:\Users\ultra\warewolf\Dev\Dev2.Infrastructure\Dev2.Infrastructure.csproj]
CSC : warning AD0001: Analyzer 'CodeCracker.CSharp.Design.UseInvokeMethodToFireEventAnalyzer' threw an exception of type 'System.ArgumentException' with message 'Syntax node is not within syntax tree'. [C:\Users\ultra\warewolf\Dev\Dev2.Infrastructure\Dev2.Infrastructure.csproj]
CSC : warning AD0001: Analyzer 'CodeCracker.CSharp.Design.UseInvokeMethodToFireEventAnalyzer' threw an exception of type 'System.ArgumentException' with message 'Syntax node is not within syntax tree'. [C:\Users\ultra\warewolf\Dev\Dev2.Infrastructure\Dev2.Infrastructure.csproj]
CSC : warning AD0001: Analyzer 'CodeCracker.CSharp.Design.UseInvokeMethodToFireEventAnalyzer' threw an exception of type 'System.ArgumentException' with message 'Syntax node is not within syntax tree'. [C:\Users\ultra\warewolf\Dev\Dev2.Infrastructure\Dev2.Infrastructure.csproj]
CSC : warning AD0001: Analyzer 'CodeCracker.CSharp.Design.UseInvokeMethodToFireEventAnalyzer' threw an exception of type 'System.ArgumentException' with message 'Syntax node is not within syntax tree'. [C:\Users\ultra\warewolf\Dev\Dev2.Infrastructure\Dev2.Infrastructure.csproj]
  Dev2.Infrastructure -> C:\Users\ultra\warewolf\Dev\Dev2.Infrastructure\bin\Debug\net8.0\Dev2.Infrastructure.dll
C:\Program Files\dotnet\sdk\10.0.201\Microsoft.CSharp.CurrentVersion.targets(130,9): warning MSB3884: Could not find rule set file "..\.sonarlint\warewolf_dotnet_frameworkcsharp.ruleset". [C:\Users\ultra\warewolf\Dev\Warewolf.Sharepoint\Warewolf.Sharepoint.csproj]
  Warewolf.Sharepoint -> C:\Users\ultra\warewolf\Dev\Warewolf.Sharepoint\bin\Debug\net8.0\Warewolf.Sharepoint.dll
  Warewolf.Storage -> C:\Users\ultra\warewolf\Dev\Warewolf.Storage\bin\Debug\net8.0\Warewolf.Storage.dll
C:\Users\ultra\warewolf\Dev\Dev2.Services.Sql\ConnectionBuilder.cs(44,21): warning CC0029: 'ConnectionBuilder' should call GC.SuppressFinalize inside the Dispose method. (https://code-cracker.github.io/diagnostics/CC0029.html) [C:\Users\ultra\warewolf\Dev\Dev2.Services.Sql\Dev2.Services.Sql.csproj]
C:\Program Files\dotnet\sdk\10.0.201\Microsoft.Common.CurrentVersion.targets(2451,5): warning MSB3245: Could not resolve this reference. Could not locate the assembly "System.Web". Check to make sure the assembly exists on disk. If this reference is required by your code, you may get compilation errors. [C:\Users\ultra\warewolf\Dev\Dev2.Data\Dev2.Data.csproj]
C:\Program Files\dotnet\sdk\10.0.201\Microsoft.Common.CurrentVersion.targets(2451,5): warning MSB3245: Could not resolve this reference. Could not locate the assembly "System.Web.Extensions". Check to make sure the assembly exists on disk. If this reference is required by your code, you may get compilation errors. [C:\Users\ultra\warewolf\Dev\Dev2.Data\Dev2.Data.csproj]
C:\Program Files\dotnet\sdk\10.0.201\Microsoft.Common.CurrentVersion.targets(2451,5): warning MSB3245: Could not resolve this reference. Could not locate the assembly "System.Xml.Linq". Check to make sure the assembly exists on disk. If this reference is required by your code, you may get compilation errors. [C:\Users\ultra\warewolf\Dev\Dev2.Data\Dev2.Data.csproj]
C:\Program Files\dotnet\sdk\10.0.201\Microsoft.Common.CurrentVersion.targets(2451,5): warning MSB3245: Could not resolve this reference. Could not locate the assembly "System.Data.DataSetExtensions". Check to make sure the assembly exists on disk. If this reference is required by your code, you may get compilation errors. [C:\Users\ultra\warewolf\Dev\Dev2.Data\Dev2.Data.csproj]
C:\Program Files\dotnet\sdk\10.0.201\Microsoft.Common.CurrentVersion.targets(2451,5): warning MSB3245: Could not resolve this reference. Could not locate the assembly "Microsoft.CSharp". Check to make sure the assembly exists on disk. If this reference is required by your code, you may get compilation errors. [C:\Users\ultra\warewolf\Dev\Dev2.Data\Dev2.Data.csproj]
C:\Program Files\dotnet\sdk\10.0.201\Microsoft.Common.CurrentVersion.targets(2451,5): warning MSB3245: Could not resolve this reference. Could not locate the assembly "System.Data". Check to make sure the assembly exists on disk. If this reference is required by your code, you may get compilation errors. [C:\Users\ultra\warewolf\Dev\Dev2.Data\Dev2.Data.csproj]
C:\Program Files\dotnet\sdk\10.0.201\Microsoft.Common.CurrentVersion.targets(2451,5): warning MSB3245: Could not resolve this reference. Could not locate the assembly "System.Xml". Check to make sure the assembly exists on disk. If this reference is required by your code, you may get compilation errors. [C:\Users\ultra\warewolf\Dev\Dev2.Data\Dev2.Data.csproj]
  Dev2.Services.Sql -> C:\Users\ultra\warewolf\Dev\Dev2.Services.Sql\bin\Debug\net8.0\Dev2.Services.Sql.dll
C:\Program Files\dotnet\sdk\10.0.201\Microsoft.Common.CurrentVersion.targets(2451,5): warning MSB3243: No way to resolve conflict between "System.Web, Version=4.0.0.0, Culture=neutral, PublicKeyToken=b03f5f7f11d50a3a" and "System.Web". Choosing "System.Web, Version=4.0.0.0, Culture=neutral, PublicKeyToken=b03f5f7f11d50a3a" arbitrarily. [C:\Users\ultra\warewolf\Dev\Dev2.Data\Dev2.Data.csproj]
C:\Program Files\dotnet\sdk\10.0.201\Microsoft.Common.CurrentVersion.targets(2451,5): warning MSB3243: No way to resolve conflict between "System.Xml.Linq, Version=4.0.0.0, Culture=neutral, PublicKeyToken=b77a5c561934e089" and "System.Xml.Linq". Choosing "System.Xml.Linq, Version=4.0.0.0, Culture=neutral, PublicKeyToken=b77a5c561934e089" arbitrarily. [C:\Users\ultra\warewolf\Dev\Dev2.Data\Dev2.Data.csproj]
C:\Program Files\dotnet\sdk\10.0.201\Microsoft.Common.CurrentVersion.targets(2451,5): warning MSB3243: No way to resolve conflict between "System.Data.DataSetExtensions, Version=8.0.0.0, Culture=neutral, PublicKeyToken=b77a5c561934e089" and "System.Data.DataSetExtensions". Choosing "System.Data.DataSetExtensions, Version=8.0.0.0, Culture=neutral, PublicKeyToken=b77a5c561934e089" arbitrarily. [C:\Users\ultra\warewolf\Dev\Dev2.Data\Dev2.Data.csproj]
C:\Program Files\dotnet\sdk\10.0.201\Microsoft.Common.CurrentVersion.targets(2451,5): warning MSB3243: No way to resolve conflict between "Microsoft.CSharp, Version=8.0.0.0, Culture=neutral, PublicKeyToken=b03f5f7f11d50a3a" and "Microsoft.CSharp". Choosing "Microsoft.CSharp, Version=8.0.0.0, Culture=neutral, PublicKeyToken=b03f5f7f11d50a3a" arbitrarily. [C:\Users\ultra\warewolf\Dev\Dev2.Data\Dev2.Data.csproj]
C:\Program Files\dotnet\sdk\10.0.201\Microsoft.Common.CurrentVersion.targets(2451,5): warning MSB3243: No way to resolve conflict between "System.Data, Version=4.0.0.0, Culture=neutral, PublicKeyToken=b77a5c561934e089" and "System.Data". Choosing "System.Data, Version=4.0.0.0, Culture=neutral, PublicKeyToken=b77a5c561934e089" arbitrarily. [C:\Users\ultra\warewolf\Dev\Dev2.Data\Dev2.Data.csproj]
C:\Program Files\dotnet\sdk\10.0.201\Microsoft.Common.CurrentVersion.targets(2451,5): warning MSB3243: No way to resolve conflict between "System.Xml, Version=4.0.0.0, Culture=neutral, PublicKeyToken=b77a5c561934e089" and "System.Xml". Choosing "System.Xml, Version=4.0.0.0, Culture=neutral, PublicKeyToken=b77a5c561934e089" arbitrarily. [C:\Users\ultra\warewolf\Dev\Dev2.Data\Dev2.Data.csproj]
CSC : warning CS2002: Source file 'C:\Users\ultra\warewolf\Dev\Dev2.Data\MathOperations\NCalc\NCalcExpressionBuilder.cs' specified multiple times [C:\Users\ultra\warewolf\Dev\Dev2.Data\Dev2.Data.csproj]
CSC : warning CS2002: Source file 'C:\Users\ultra\warewolf\Dev\Dev2.Data\MathOperations\NCalc\NCalcFunctionArgHelper.cs' specified multiple times [C:\Users\ultra\warewolf\Dev\Dev2.Data\Dev2.Data.csproj]
CSC : warning CS2002: Source file 'C:\Users\ultra\warewolf\Dev\Dev2.Data\MathOperations\NCalc\Functions\BaseConversionFunctions.cs' specified multiple times [C:\Users\ultra\warewolf\Dev\Dev2.Data\Dev2.Data.csproj]
CSC : warning CS2002: Source file 'C:\Users\ultra\warewolf\Dev\Dev2.Data\MathOperations\NCalc\Functions\ComplexFunctions.cs' specified multiple times [C:\Users\ultra\warewolf\Dev\Dev2.Data\Dev2.Data.csproj]
CSC : warning CS2002: Source file 'C:\Users\ultra\warewolf\Dev\Dev2.Data\MathOperations\NCalc\Functions\DateTimeFunctions.cs' specified multiple times [C:\Users\ultra\warewolf\Dev\Dev2.Data\Dev2.Data.csproj]
CSC : warning CS2002: Source file 'C:\Users\ultra\warewolf\Dev\Dev2.Data\MathOperations\NCalc\Functions\FinancialFunctions.cs' specified multiple times [C:\Users\ultra\warewolf\Dev\Dev2.Data\Dev2.Data.csproj]
CSC : warning CS2002: Source file 'C:\Users\ultra\warewolf\Dev\Dev2.Data\MathOperations\NCalc\Functions\InformationFunctions.cs' specified multiple times [C:\Users\ultra\warewolf\Dev\Dev2.Data\Dev2.Data.csproj]
CSC : warning CS2002: Source file 'C:\Users\ultra\warewolf\Dev\Dev2.Data\MathOperations\NCalc\Functions\MathFunctions.cs' specified multiple times [C:\Users\ultra\warewolf\Dev\Dev2.Data\Dev2.Data.csproj]
CSC : warning CS2002: Source file 'C:\Users\ultra\warewolf\Dev\Dev2.Data\MathOperations\NCalc\Functions\StringFunctions.cs' specified multiple times [C:\Users\ultra\warewolf\Dev\Dev2.Data\Dev2.Data.csproj]
C:\Users\ultra\warewolf\Dev\Dev2.SignalR.Wrappers.New\HubConnectionWrapper.cs(431,21): warning SYSLIB0006: 'Thread.Abort()' is obsolete: 'Thread.Abort is not supported and throws PlatformNotSupportedException.' (https://aka.ms/dotnet-warnings/SYSLIB0006) [C:\Users\ultra\warewolf\Dev\Dev2.SignalR.Wrappers.New\Dev2.SignalR.Wrappers.New.csproj]
C:\Users\ultra\warewolf\Dev\Dev2.SignalR.Wrappers.New\HubConnectionWrapper.cs(205,21): warning CC0029: 'HubConnectionWrapper' should call GC.SuppressFinalize inside the Dispose method. (https://code-cracker.github.io/diagnostics/CC0029.html) [C:\Users\ultra\warewolf\Dev\Dev2.SignalR.Wrappers.New\Dev2.SignalR.Wrappers.New.csproj]
C:\Users\ultra\warewolf\Dev\Dev2.SignalR.Wrappers.New\HubConnectionWrapper.cs(383,17): warning CC0105: Use 'var' instead of specifying the type name. (https://code-cracker.github.io/diagnostics/CC0105.html) [C:\Users\ultra\warewolf\Dev\Dev2.SignalR.Wrappers.New\Dev2.SignalR.Wrappers.New.csproj]
  Dev2.SignalR.Wrappers.New -> C:\Users\ultra\warewolf\Dev\Dev2.SignalR.Wrappers.New\bin\Debug\net8.0\Dev2.SignalR.Wrappers.New.dll
C:\Users\ultra\warewolf\Dev\Dev2.Data\MathOperations\NCalc\NCalcFunctionArgHelper.cs(51,47): warning CS8632: The annotation for nullable reference types should only be used in code within a '#nullable' annotations context. [C:\Users\ultra\warewolf\Dev\Dev2.Data\Dev2.Data.csproj]
C:\Users\ultra\warewolf\Dev\Dev2.Data\MathOperations\NCalc\Functions\MathFunctions.cs(22,30): warning CS8632: The annotation for nullable reference types should only be used in code within a '#nullable' annotations context. [C:\Users\ultra\warewolf\Dev\Dev2.Data\Dev2.Data.csproj]
C:\Users\ultra\warewolf\Dev\Dev2.Data\MathOperations\NCalc\Functions\StringFunctions.cs(94,59): warning CS8632: The annotation for nullable reference types should only be used in code within a '#nullable' annotations context. [C:\Users\ultra\warewolf\Dev\Dev2.Data\Dev2.Data.csproj]
C:\Users\ultra\warewolf\Dev\Dev2.Data\NativeMethods.cs(66,59): warning CS0472: The result of the expression is always 'false' since a value of type 'nint' is never equal to 'null' of type 'nint?' [C:\Users\ultra\warewolf\Dev\Dev2.Data\Dev2.Data.csproj]
C:\Users\ultra\warewolf\Dev\Dev2.Data\NativeMethods.cs(88,8): warning CS0472: The result of the expression is always 'false' since a value of type 'nint' is never equal to 'null' of type 'nint?' [C:\Users\ultra\warewolf\Dev\Dev2.Data\Dev2.Data.csproj]
C:\Users\ultra\warewolf\Dev\Dev2.Data\Security\WindowsIdentityExtensions.cs(28,49): warning CA1416: This call site is reachable on all platforms. 'WindowsIdentity.AccessToken' is only supported on: 'windows'. (https://learn.microsoft.com/dotnet/fundamentals/code-analysis/quality-rules/ca1416) [C:\Users\ultra\warewolf\Dev\Dev2.Data\Dev2.Data.csproj]
C:\Users\ultra\warewolf\Dev\Dev2.Data\Security\WindowsIdentityExtensions.cs(41,24): warning CA1416: This call site is reachable on all platforms. 'WindowsIdentity.RunImpersonated<T>(SafeAccessTokenHandle, Func<T>)' is only supported on: 'windows'. (https://learn.microsoft.com/dotnet/fundamentals/code-analysis/quality-rules/ca1416) [C:\Users\ultra\warewolf\Dev\Dev2.Data\Dev2.Data.csproj]
C:\Users\ultra\warewolf\Dev\Dev2.Data\Security\WindowsIdentityExtensions.cs(41,59): warning CA1416: This call site is reachable on all platforms. 'WindowsIdentity.AccessToken' is only supported on: 'windows'. (https://learn.microsoft.com/dotnet/fundamentals/code-analysis/quality-rules/ca1416) [C:\Users\ultra\warewolf\Dev\Dev2.Data\Dev2.Data.csproj]
C:\Users\ultra\warewolf\Dev\Dev2.Data\Security\WindowsIdentityExtensions.cs(28,17): warning CA1416: This call site is reachable on all platforms. 'WindowsIdentity.RunImpersonated(SafeAccessTokenHandle, Action)' is only supported on: 'windows'. (https://learn.microsoft.com/dotnet/fundamentals/code-analysis/quality-rules/ca1416) [C:\Users\ultra\warewolf\Dev\Dev2.Data\Dev2.Data.csproj]
C:\Users\ultra\warewolf\Dev\Dev2.Data\PathOperations\ValidateAuthorization.cs(73,33): warning CA1416: This call site is reachable on all platforms. 'WindowsIdentity' is only supported on: 'windows'. (https://learn.microsoft.com/dotnet/fundamentals/code-analysis/quality-rules/ca1416) [C:\Users\ultra\warewolf\Dev\Dev2.Data\Dev2.Data.csproj]
  Dev2.Data -> C:\Users\ultra\warewolf\Dev\Dev2.Data\bin\Debug\net8.0\Dev2.Data.dll
  Warewolf.Driver.Serilog -> C:\Users\ultra\warewolf\Dev\Warewolf.Driver.Serilog\bin\Debug\net8.0\Warewolf.Driver.Serilog.dll
  Dev2.Core -> C:\Users\ultra\warewolf\Dev\Dev2.Core\bin\Debug\net8.0\Dev2.Core.dll
C:\Users\ultra\warewolf\Dev\Warewolf.Auditing\Audit.cs(189,26): warning CS8073: The result of the expression is always 'false' since a value of type 'DateTime' is never equal to 'null' of type 'DateTime?' [C:\Users\ultra\warewolf\Dev\Warewolf.Auditing\Warewolf.Auditing.csproj]
C:\Users\ultra\warewolf\Dev\Warewolf.Auditing\Drivers\AuditQueryableElastic.cs(360,33): warning CS0618: 'ElasticsearchClient.Search<TDocument>(SearchRequestDescriptor<TDocument>)' is obsolete: 'Synchronous methods are deprecated and could be removed in the future.' [C:\Users\ultra\warewolf\Dev\Warewolf.Auditing\Warewolf.Auditing.csproj]
C:\Users\ultra\warewolf\Dev\Warewolf.Auditing\Drivers\AuditQueryableElastic.cs(384,26): warning CS0618: 'ElasticsearchClient.Ping()' is obsolete: 'Synchronous methods are deprecated and could be removed in the future.' [C:\Users\ultra\warewolf\Dev\Warewolf.Auditing\Warewolf.Auditing.csproj]
  Warewolf.Exchange.Email.Wrapper -> C:\Users\ultra\warewolf\Dev\Warewolf.Exchange.Email.Wrapper\bin\Debug\net8.0\Warewolf.Exchange.Email.Wrapper.dll
  Dev2.Scheduler -> C:\Users\ultra\warewolf\Dev\Dev2.Scheduler\bin\Debug\net8.0\Dev2.Scheduler.dll
  Warewolf.Auditing -> C:\Users\ultra\warewolf\Dev\Warewolf.Auditing\bin\Debug\net8.0\Warewolf.Auditing.dll
  Warewolf.ResourceManagement -> C:\Users\ultra\warewolf\Dev\Warewolf.ResourceManagement\bin\Debug\net8.0\Warewolf.ResourceManagement.dll
C:\Users\ultra\warewolf\Dev\Warewolf.Core\InputsFromJson.cs(99,21): warning CC0105: Use 'var' instead of specifying the type name. (https://code-cracker.github.io/diagnostics/CC0105.html) [C:\Users\ultra\warewolf\Dev\Warewolf.Core\Warewolf.Core.csproj]
  Warewolf.Core -> C:\Users\ultra\warewolf\Dev\Warewolf.Core\bin\Debug\net8.0\Warewolf.Core.dll
C:\Users\ultra\warewolf\Dev\Warewolf.Common.NetStandard20\Wrappers\WebClientWrapper.cs(26,26): warning SYSLIB0014: 'WebClient.WebClient()' is obsolete: 'WebRequest, HttpWebRequest, ServicePoint, and WebClient are obsolete. Use HttpClient instead.' (https://aka.ms/dotnet-warnings/SYSLIB0014) [C:\Users\ultra\warewolf\Dev\Warewolf.Common.NetStandard20\Warewolf.Common.NetStandard20.csproj]
C:\Users\ultra\warewolf\Dev\Warewolf.Common.NetStandard20\Wrappers\WebRequestWrapper.cs(26,24): warning SYSLIB0014: 'WebRequest.Create(string)' is obsolete: 'WebRequest, HttpWebRequest, ServicePoint, and WebClient are obsolete. Use HttpClient instead.' (https://aka.ms/dotnet-warnings/SYSLIB0014) [C:\Users\ultra\warewolf\Dev\Warewolf.Common.NetStandard20\Warewolf.Common.NetStandard20.csproj]
C:\Users\ultra\warewolf\Dev\Warewolf.Common.NetStandard20\Wrappers\WebClientWrapper.cs(31,26): warning SYSLIB0014: 'WebClient.WebClient()' is obsolete: 'WebRequest, HttpWebRequest, ServicePoint, and WebClient are obsolete. Use HttpClient instead.' (https://aka.ms/dotnet-warnings/SYSLIB0014) [C:\Users\ultra\warewolf\Dev\Warewolf.Common.NetStandard20\Warewolf.Common.NetStandard20.csproj]
  Warewolf.Common.NetStandard20 -> C:\Users\ultra\warewolf\Dev\Warewolf.Common.NetStandard20\bin\Debug\net8.0\Warewolf.Common.NetStandard20.dll
C:\Users\ultra\warewolf\Dev\Dev2.Runtime.Services\ServiceModel\ElasticsearchSources.cs(110,34): warning CS0618: 'ElasticsearchClient.Ping()' is obsolete: 'Synchronous methods are deprecated and could be removed in the future.' [C:\Users\ultra\warewolf\Dev\Dev2.Runtime.Services\Dev2.Runtime.Services.csproj]
C:\Users\ultra\warewolf\Dev\Dev2.Runtime.Services\ESB\Management\Services\FetchTestsAndTriggers.cs(45,17): warning CC0105: Use 'var' instead of specifying the type name. (https://code-cracker.github.io/diagnostics/CC0105.html) [C:\Users\ultra\warewolf\Dev\Dev2.Runtime.Services\Dev2.Runtime.Services.csproj]
C:\Users\ultra\warewolf\Dev\Dev2.Runtime.Services\UsageLogger.cs(66,33): warning CC0022: ManagementObjectSearcher should be disposed. (https://code-cracker.github.io/diagnostics/CC0022.html) [C:\Users\ultra\warewolf\Dev\Dev2.Runtime.Services\Dev2.Runtime.Services.csproj]
C:\Users\ultra\warewolf\Dev\Dev2.Runtime.Services\ESB\Management\Services\ChatbotToolNormalizer.cs(80,17): warning CC0003: Consider adding an Exception to the catch. (https://code-cracker.github.io/diagnostics/CC0003.html) [C:\Users\ultra\warewolf\Dev\Dev2.Runtime.Services\Dev2.Runtime.Services.csproj]
C:\Users\ultra\warewolf\Dev\Dev2.Runtime.Services\ESB\Management\Services\ChatbotToolNormalizer.cs(101,21): warning CC0004: Empty Catch Block. (https://code-cracker.github.io/diagnostics/CC0004.html) [C:\Users\ultra\warewolf\Dev\Dev2.Runtime.Services\Dev2.Runtime.Services.csproj]
C:\Users\ultra\warewolf\Dev\Dev2.Runtime.Services\ESB\Management\Services\TestChatbotSource.cs(44,17): warning CC0105: Use 'var' instead of specifying the type name. (https://code-cracker.github.io/diagnostics/CC0105.html) [C:\Users\ultra\warewolf\Dev\Dev2.Runtime.Services\Dev2.Runtime.Services.csproj]
C:\Users\ultra\warewolf\Dev\Dev2.Runtime.Services\ESB\Management\Services\TestChatbotSource.cs(45,17): warning CC0105: Use 'var' instead of specifying the type name. (https://code-cracker.github.io/diagnostics/CC0105.html) [C:\Users\ultra\warewolf\Dev\Dev2.Runtime.Services\Dev2.Runtime.Services.csproj]
C:\Users\ultra\warewolf\Dev\Dev2.Runtime.Services\ESB\Management\Services\ChatbotToolNormalizer.cs(226,21): warning CC0105: Use 'var' instead of specifying the type name. (https://code-cracker.github.io/diagnostics/CC0105.html) [C:\Users\ultra\warewolf\Dev\Dev2.Runtime.Services\Dev2.Runtime.Services.csproj]
C:\Users\ultra\warewolf\Dev\Dev2.Runtime.Services\ESB\Management\Services\ChatbotToolNormalizer.cs(279,21): warning CC0105: Use 'var' instead of specifying the type name. (https://code-cracker.github.io/diagnostics/CC0105.html) [C:\Users\ultra\warewolf\Dev\Dev2.Runtime.Services\Dev2.Runtime.Services.csproj]
C:\Users\ultra\warewolf\Dev\Dev2.Runtime.Services\ServiceModel\WebSources.cs(532,7): warning CC0004: Empty Catch Block. (https://code-cracker.github.io/diagnostics/CC0004.html) [C:\Users\ultra\warewolf\Dev\Dev2.Runtime.Services\Dev2.Runtime.Services.csproj]
C:\Users\ultra\warewolf\Dev\Dev2.Runtime.Services\ServiceModel\WebSources.cs(751,38): warning CC0022: StringContent should be disposed. (https://code-cracker.github.io/diagnostics/CC0022.html) [C:\Users\ultra\warewolf\Dev\Dev2.Runtime.Services\Dev2.Runtime.Services.csproj]
  Dev2.Runtime.Services -> C:\Users\ultra\warewolf\Dev\Dev2.Runtime.Services\bin\Debug\net8.0\Dev2.Runtime.Services.dll
C:\Users\ultra\warewolf\Dev\Warewolf.Driver.Persistence\Drivers\HangfireScheduler.cs(320,17): warning CA2200: Re-throwing caught exception changes stack information (https://learn.microsoft.com/dotnet/fundamentals/code-analysis/quality-rules/ca2200) [C:\Users\ultra\warewolf\Dev\Warewolf.Driver.Persistence\Warewolf.Driver.Persistence.csproj]
C:\Users\ultra\warewolf\Dev\Warewolf.Driver.Persistence\Drivers\HangfireScheduler.cs(376,17): warning CA2200: Re-throwing caught exception changes stack information (https://learn.microsoft.com/dotnet/fundamentals/code-analysis/quality-rules/ca2200) [C:\Users\ultra\warewolf\Dev\Warewolf.Driver.Persistence\Warewolf.Driver.Persistence.csproj]
C:\Users\ultra\warewolf\Dev\Warewolf.Driver.Persistence\Drivers\HangfireScheduler.cs(397,17): warning CA2200: Re-throwing caught exception changes stack information (https://learn.microsoft.com/dotnet/fundamentals/code-analysis/quality-rules/ca2200) [C:\Users\ultra\warewolf\Dev\Warewolf.Driver.Persistence\Warewolf.Driver.Persistence.csproj]
  Warewolf.Driver.Persistence -> C:\Users\ultra\warewolf\Dev\Warewolf.Driver.Persistence\bin\Debug\net8.0\Warewolf.Driver.Persistence.dll
  Dev2.Studio.Interfaces -> C:\Users\ultra\warewolf\Dev\Dev2.Studio.Interfaces\bin\Debug\net8.0\Dev2.Studio.Interfaces.dll
  Dev2.Services.Execution -> C:\Users\ultra\warewolf\Dev\Dev2.Services.Execution\bin\Debug\net8.0\Dev2.Services.Execution.dll
C:\Program Files\dotnet\sdk\10.0.201\Microsoft.Common.CurrentVersion.targets(2451,5): warning MSB3245: Could not resolve this reference. Could not locate the assembly "System.ServiceModel.Activities". Check to make sure the assembly exists on disk. If this reference is required by your code, you may get compilation errors. [C:\Users\ultra\warewolf\Dev\Dev2.Activities\Dev2.Activities.csproj]
C:\Program Files\dotnet\sdk\10.0.201\Microsoft.Common.CurrentVersion.targets(2451,5): warning MSB3277: Found conflicts between different versions of "Microsoft.Win32.SystemEvents" that could not be resolved. [C:\Users\ultra\warewolf\Dev\Warewolf.Studio.Core\Warewolf.Studio.Core.csproj]
C:\Program Files\dotnet\sdk\10.0.201\Microsoft.Common.CurrentVersion.targets(2451,5): warning MSB3277: There was a conflict between "Microsoft.Win32.SystemEvents, Version=6.0.0.0, Culture=neutral, PublicKeyToken=cc7b13ffcd2ddd51" and "Microsoft.Win32.SystemEvents, Version=7.0.0.0, Culture=neutral, PublicKeyToken=cc7b13ffcd2ddd51". [C:\Users\ultra\warewolf\Dev\Warewolf.Studio.Core\Warewolf.Studio.Core.csproj]
C:\Program Files\dotnet\sdk\10.0.201\Microsoft.Common.CurrentVersion.targets(2451,5): warning MSB3277:     "Microsoft.Win32.SystemEvents, Version=6.0.0.0, Culture=neutral, PublicKeyToken=cc7b13ffcd2ddd51" was chosen because it was primary and "Microsoft.Win32.SystemEvents, Version=7.0.0.0, Culture=neutral, PublicKeyToken=cc7b13ffcd2ddd51" was not. [C:\Users\ultra\warewolf\Dev\Warewolf.Studio.Core\Warewolf.Studio.Core.csproj]
C:\Program Files\dotnet\sdk\10.0.201\Microsoft.Common.CurrentVersion.targets(2451,5): warning MSB3277:     References which depend on "Microsoft.Win32.SystemEvents, Version=6.0.0.0, Culture=neutral, PublicKeyToken=cc7b13ffcd2ddd51" [C:\Users\ultra\.nuget\packages\microsoft.win32.systemevents\6.0.0\lib\net6.0\Microsoft.Win32.SystemEvents.dll]. [C:\Users\ultra\warewolf\Dev\Warewolf.Studio.Core\Warewolf.Studio.Core.csproj]
C:\Program Files\dotnet\sdk\10.0.201\Microsoft.Common.CurrentVersion.targets(2451,5): warning MSB3277:         C:\Users\ultra\.nuget\packages\microsoft.win32.systemevents\6.0.0\lib\net6.0\Microsoft.Win32.SystemEvents.dll [C:\Users\ultra\warewolf\Dev\Warewolf.Studio.Core\Warewolf.Studio.Core.csproj]
C:\Program Files\dotnet\sdk\10.0.201\Microsoft.Common.CurrentVersion.targets(2451,5): warning MSB3277:           Project file item includes which caused reference "C:\Users\ultra\.nuget\packages\microsoft.win32.systemevents\6.0.0\lib\net6.0\Microsoft.Win32.SystemEvents.dll". [C:\Users\ultra\warewolf\Dev\Warewolf.Studio.Core\Warewolf.Studio.Core.csproj]
C:\Program Files\dotnet\sdk\10.0.201\Microsoft.Common.CurrentVersion.targets(2451,5): warning MSB3277:             C:\Users\ultra\.nuget\packages\microsoft.win32.systemevents\6.0.0\lib\net6.0\Microsoft.Win32.SystemEvents.dll [C:\Users\ultra\warewolf\Dev\Warewolf.Studio.Core\Warewolf.Studio.Core.csproj]
C:\Program Files\dotnet\sdk\10.0.201\Microsoft.Common.CurrentVersion.targets(2451,5): warning MSB3277:     References which depend on or have been unified to "Microsoft.Win32.SystemEvents, Version=7.0.0.0, Culture=neutral, PublicKeyToken=cc7b13ffcd2ddd51" []. [C:\Users\ultra\warewolf\Dev\Warewolf.Studio.Core\Warewolf.Studio.Core.csproj]
C:\Program Files\dotnet\sdk\10.0.201\Microsoft.Common.CurrentVersion.targets(2451,5): warning MSB3277:         C:\Users\ultra\warewolf\Dev\Dev2.Common\bin\Debug\net8.0\Dev2.Common.dll [C:\Users\ultra\warewolf\Dev\Warewolf.Studio.Core\Warewolf.Studio.Core.csproj]
C:\Program Files\dotnet\sdk\10.0.201\Microsoft.Common.CurrentVersion.targets(2451,5): warning MSB3277:           Project file item includes which caused reference "C:\Users\ultra\warewolf\Dev\Dev2.Common\bin\Debug\net8.0\Dev2.Common.dll". [C:\Users\ultra\warewolf\Dev\Warewolf.Studio.Core\Warewolf.Studio.Core.csproj]
C:\Program Files\dotnet\sdk\10.0.201\Microsoft.Common.CurrentVersion.targets(2451,5): warning MSB3277:             C:\Users\ultra\warewolf\Dev\Dev2.Common\bin\Debug\net8.0\Dev2.Common.dll [C:\Users\ultra\warewolf\Dev\Warewolf.Studio.Core\Warewolf.Studio.Core.csproj]
C:\Program Files\dotnet\sdk\10.0.201\Microsoft.Common.CurrentVersion.targets(2451,5): warning MSB3277:             C:\Users\ultra\warewolf\Dev\Dev2.Core\bin\Debug\net8.0\Dev2.Core.dll [C:\Users\ultra\warewolf\Dev\Warewolf.Studio.Core\Warewolf.Studio.Core.csproj]
C:\Program Files\dotnet\sdk\10.0.201\Microsoft.Common.CurrentVersion.targets(2451,5): warning MSB3277:             C:\Users\ultra\warewolf\Dev\Dev2.Infrastructure\bin\Debug\net8.0\Dev2.Infrastructure.dll [C:\Users\ultra\warewolf\Dev\Warewolf.Studio.Core\Warewolf.Studio.Core.csproj]
C:\Program Files\dotnet\sdk\10.0.201\Microsoft.Common.CurrentVersion.targets(2451,5): warning MSB3277:             C:\Users\ultra\warewolf\Dev\Dev2.Studio.Interfaces\bin\Debug\net8.0\Dev2.Studio.Interfaces.dll [C:\Users\ultra\warewolf\Dev\Warewolf.Studio.Core\Warewolf.Studio.Core.csproj]
C:\Program Files\dotnet\sdk\10.0.201\Microsoft.Common.CurrentVersion.targets(2451,5): warning MSB3277:             C:\Users\ultra\warewolf\Dev\Dev2.Data\bin\Debug\net8.0\Dev2.Data.dll [C:\Users\ultra\warewolf\Dev\Warewolf.Studio.Core\Warewolf.Studio.Core.csproj]
C:\Program Files\dotnet\sdk\10.0.201\Microsoft.Common.CurrentVersion.targets(2451,5): warning MSB3277:             C:\Users\ultra\warewolf\Dev\Dev2.Diagnostics\bin\Debug\net8.0\Dev2.Diagnostics.dll [C:\Users\ultra\warewolf\Dev\Warewolf.Studio.Core\Warewolf.Studio.Core.csproj]
C:\Program Files\dotnet\sdk\10.0.201\Microsoft.Common.CurrentVersion.targets(2451,5): warning MSB3277:             C:\Users\ultra\warewolf\Dev\Dev2.Runtime.Services\bin\Debug\net8.0\Dev2.Runtime.Services.dll [C:\Users\ultra\warewolf\Dev\Warewolf.Studio.Core\Warewolf.Studio.Core.csproj]
C:\Program Files\dotnet\sdk\10.0.201\Microsoft.Common.CurrentVersion.targets(2451,5): warning MSB3277:             C:\Users\ultra\warewolf\Dev\Dev2.Scheduler\bin\Debug\net8.0\Dev2.Scheduler.dll [C:\Users\ultra\warewolf\Dev\Warewolf.Studio.Core\Warewolf.Studio.Core.csproj]
C:\Program Files\dotnet\sdk\10.0.201\Microsoft.Common.CurrentVersion.targets(2451,5): warning MSB3277:             C:\Users\ultra\warewolf\Dev\Dev2.Services.Sql\bin\Debug\net8.0\Dev2.Services.Sql.dll [C:\Users\ultra\warewolf\Dev\Warewolf.Studio.Core\Warewolf.Studio.Core.csproj]
C:\Program Files\dotnet\sdk\10.0.201\Microsoft.Common.CurrentVersion.targets(2451,5): warning MSB3277:             C:\Users\ultra\warewolf\Dev\Dev2.TaskScheduler.Wrappers\bin\Debug\net8.0\Dev2.TaskScheduler.Wrappers.dll [C:\Users\ultra\warewolf\Dev\Warewolf.Studio.Core\Warewolf.Studio.Core.csproj]
C:\Program Files\dotnet\sdk\10.0.201\Microsoft.Common.CurrentVersion.targets(2451,5): warning MSB3277:             C:\Users\ultra\warewolf\Dev\Dev2.Util\bin\Debug\net8.0\Dev2.Util.dll [C:\Users\ultra\warewolf\Dev\Warewolf.Studio.Core\Warewolf.Studio.Core.csproj]
C:\Program Files\dotnet\sdk\10.0.201\Microsoft.Common.CurrentVersion.targets(2451,5): warning MSB3277:             C:\Users\ultra\warewolf\Dev\Warewolf.AI.Harness\bin\Debug\net8.0\Warewolf.AI.Harness.dll [C:\Users\ultra\warewolf\Dev\Warewolf.Studio.Core\Warewolf.Studio.Core.csproj]
C:\Program Files\dotnet\sdk\10.0.201\Microsoft.Common.CurrentVersion.targets(2451,5): warning MSB3277:             C:\Users\ultra\warewolf\Dev\Warewolf.Auditing\bin\Debug\net8.0\Warewolf.Auditing.dll [C:\Users\ultra\warewolf\Dev\Warewolf.Studio.Core\Warewolf.Studio.Core.csproj]
C:\Program Files\dotnet\sdk\10.0.201\Microsoft.Common.CurrentVersion.targets(2451,5): warning MSB3277:             C:\Users\ultra\warewolf\Dev\Warewolf.Common.NetStandard20\bin\Debug\net8.0\Warewolf.Common.NetStandard20.dll [C:\Users\ultra\warewolf\Dev\Warewolf.Studio.Core\Warewolf.Studio.Core.csproj]
C:\Program Files\dotnet\sdk\10.0.201\Microsoft.Common.CurrentVersion.targets(2451,5): warning MSB3277:             C:\Users\ultra\warewolf\Dev\Warewolf.Core\bin\Debug\net8.0\Warewolf.Core.dll [C:\Users\ultra\warewolf\Dev\Warewolf.Studio.Core\Warewolf.Studio.Core.csproj]
C:\Program Files\dotnet\sdk\10.0.201\Microsoft.Common.CurrentVersion.targets(2451,5): warning MSB3277:             C:\Users\ultra\warewolf\Dev\Warewolf.Driver.Serilog\bin\Debug\net8.0\Warewolf.Driver.Serilog.dll [C:\Users\ultra\warewolf\Dev\Warewolf.Studio.Core\Warewolf.Studio.Core.csproj]
C:\Program Files\dotnet\sdk\10.0.201\Microsoft.Common.CurrentVersion.targets(2451,5): warning MSB3277:             C:\Users\ultra\warewolf\Dev\Warewolf.ResourceManagement\bin\Debug\net8.0\Warewolf.ResourceManagement.dll [C:\Users\ultra\warewolf\Dev\Warewolf.Studio.Core\Warewolf.Studio.Core.csproj]
C:\Program Files\dotnet\sdk\10.0.201\Microsoft.Common.CurrentVersion.targets(2451,5): warning MSB3277:             C:\Users\ultra\warewolf\Dev\Warewolf.Sharepoint\bin\Debug\net8.0\Warewolf.Sharepoint.dll [C:\Users\ultra\warewolf\Dev\Warewolf.Studio.Core\Warewolf.Studio.Core.csproj]
C:\Program Files\dotnet\sdk\10.0.201\Microsoft.Common.CurrentVersion.targets(2451,5): warning MSB3277:             C:\Users\ultra\warewolf\Dev\Warewolf.Storage\bin\Debug\net8.0\Warewolf.Storage.dll [C:\Users\ultra\warewolf\Dev\Warewolf.Studio.Core\Warewolf.Studio.Core.csproj]
C:\Program Files\dotnet\sdk\10.0.201\Microsoft.Common.CurrentVersion.targets(2451,5): warning MSB3277:         C:\Users\ultra\warewolf\Dev\Binaries\Infragistcs_Net6\InfragisticsWPF4.v15.1.dll [C:\Users\ultra\warewolf\Dev\Warewolf.Studio.Core\Warewolf.Studio.Core.csproj]
C:\Program Files\dotnet\sdk\10.0.201\Microsoft.Common.CurrentVersion.targets(2451,5): warning MSB3277:           Project file item includes which caused reference "C:\Users\ultra\warewolf\Dev\Binaries\Infragistcs_Net6\InfragisticsWPF4.v15.1.dll". [C:\Users\ultra\warewolf\Dev\Warewolf.Studio.Core\Warewolf.Studio.Core.csproj]
C:\Program Files\dotnet\sdk\10.0.201\Microsoft.Common.CurrentVersion.targets(2451,5): warning MSB3277:             InfragisticsWPF4.v15.1, Version=15.1.20151.2055, Culture=neutral, PublicKeyToken=7dd5c3163f2cd0cb, processorArchitecture=MSIL [C:\Users\ultra\warewolf\Dev\Warewolf.Studio.Core\Warewolf.Studio.Core.csproj]
C:\Program Files\dotnet\sdk\10.0.201\Microsoft.Common.CurrentVersion.targets(2451,5): warning MSB3277:             InfragisticsWPF4.Controls.Menus.XamDataTree.v15.1, Version=15.1.20151.2055, Culture=neutral, PublicKeyToken=7dd5c3163f2cd0cb, processorArchitecture=MSIL [C:\Users\ultra\warewolf\Dev\Warewolf.Studio.Core\Warewolf.Studio.Core.csproj]
C:\Program Files\dotnet\sdk\10.0.201\Microsoft.Common.CurrentVersion.targets(2451,5): warning MSB3277:             InfragisticsWPF4.DataManager.v15.1, Version=15.1.20151.2055, Culture=neutral, PublicKeyToken=7dd5c3163f2cd0cb, processorArchitecture=MSIL [C:\Users\ultra\warewolf\Dev\Warewolf.Studio.Core\Warewolf.Studio.Core.csproj]
C:\Program Files\dotnet\sdk\10.0.201\Microsoft.Common.CurrentVersion.targets(2451,5): warning MSB3277:             InfragisticsWPF4.DockManager.v15.1, Version=15.1.20151.2055, Culture=neutral, PublicKeyToken=7dd5c3163f2cd0cb, processorArchitecture=MSIL [C:\Users\ultra\warewolf\Dev\Warewolf.Studio.Core\Warewolf.Studio.Core.csproj]
C:\Program Files\dotnet\sdk\10.0.201\Microsoft.Common.CurrentVersion.targets(2451,5): warning MSB3277:         C:\Users\ultra\.nuget\packages\timespan2\2.4.2\lib\netcoreapp3.1\TimeSpan2.dll [C:\Users\ultra\warewolf\Dev\Warewolf.Studio.Core\Warewolf.Studio.Core.csproj]
C:\Program Files\dotnet\sdk\10.0.201\Microsoft.Common.CurrentVersion.targets(2451,5): warning MSB3277:           Project file item includes which caused reference "C:\Users\ultra\.nuget\packages\timespan2\2.4.2\lib\netcoreapp3.1\TimeSpan2.dll". [C:\Users\ultra\warewolf\Dev\Warewolf.Studio.Core\Warewolf.Studio.Core.csproj]
C:\Program Files\dotnet\sdk\10.0.201\Microsoft.Common.CurrentVersion.targets(2451,5): warning MSB3277:             C:\Users\ultra\.nuget\packages\timespan2\2.4.2\lib\netcoreapp3.1\TimeSpan2.dll [C:\Users\ultra\warewolf\Dev\Warewolf.Studio.Core\Warewolf.Studio.Core.csproj]
C:\Program Files\dotnet\sdk\10.0.201\Microsoft.Common.CurrentVersion.targets(2451,5): warning MSB3277:             C:\Users\ultra\.nuget\packages\taskschedulereditor\2.10.1\lib\net452\Microsoft.Win32.TaskSchedulerEditor.dll [C:\Users\ultra\warewolf\Dev\Warewolf.Studio.Core\Warewolf.Studio.Core.csproj]
C:\Program Files\dotnet\sdk\10.0.201\Microsoft.Common.CurrentVersion.targets(2451,5): warning MSB3277:         C:\Program Files\dotnet\packs\Microsoft.NETCore.App.Ref\8.0.25\ref\net8.0\System.dll [C:\Users\ultra\warewolf\Dev\Warewolf.Studio.Core\Warewolf.Studio.Core.csproj]
C:\Program Files\dotnet\sdk\10.0.201\Microsoft.Common.CurrentVersion.targets(2451,5): warning MSB3277:           Project file item includes which caused reference "C:\Program Files\dotnet\packs\Microsoft.NETCore.App.Ref\8.0.25\ref\net8.0\System.dll". [C:\Users\ultra\warewolf\Dev\Warewolf.Studio.Core\Warewolf.Studio.Core.csproj]
C:\Program Files\dotnet\sdk\10.0.201\Microsoft.Common.CurrentVersion.targets(2451,5): warning MSB3277:             C:\Program Files\dotnet\packs\Microsoft.NETCore.App.Ref\8.0.25\ref/net8.0/System.dll [C:\Users\ultra\warewolf\Dev\Warewolf.Studio.Core\Warewolf.Studio.Core.csproj]
C:\Program Files\dotnet\sdk\10.0.201\Microsoft.Common.CurrentVersion.targets(2451,5): warning MSB3277:             C:\Users\ultra\.nuget\packages\aerowizard\2.3.1\lib\net45\AeroWizard.dll [C:\Users\ultra\warewolf\Dev\Warewolf.Studio.Core\Warewolf.Studio.Core.csproj]
C:\Program Files\dotnet\sdk\10.0.201\Microsoft.Common.CurrentVersion.targets(2451,5): warning MSB3277:             C:\Users\ultra\.nuget\packages\groupcontrols\1.9.0\lib\net45\GroupControls.dll [C:\Users\ultra\warewolf\Dev\Warewolf.Studio.Core\Warewolf.Studio.Core.csproj]
C:\Program Files\dotnet\sdk\10.0.201\Microsoft.Common.CurrentVersion.targets(2451,5): warning MSB3277:             C:\Users\ultra\.nuget\packages\microsoft.xaml.behaviors.wpf\1.1.122\lib\net462\Microsoft.Xaml.Behaviors.dll [C:\Users\ultra\warewolf\Dev\Warewolf.Studio.Core\Warewolf.Studio.Core.csproj]
C:\Program Files\dotnet\sdk\10.0.201\Microsoft.Common.CurrentVersion.targets(2451,5): warning MSB3277:             C:\Users\ultra\.nuget\packages\caliburn.micro\4.0.212\lib\netcoreapp3.1\Caliburn.Micro.Platform.dll [C:\Users\ultra\warewolf\Dev\Warewolf.Studio.Core\Warewolf.Studio.Core.csproj]
C:\Program Files\dotnet\sdk\10.0.201\Microsoft.Common.CurrentVersion.targets(2451,5): warning MSB3277:             C:\Users\ultra\.nuget\packages\prism.wpf\9.0.537\lib\net462\Prism.Wpf.dll [C:\Users\ultra\warewolf\Dev\Warewolf.Studio.Core\Warewolf.Studio.Core.csproj]
C:\Program Files\dotnet\sdk\10.0.201\Microsoft.Common.CurrentVersion.targets(2451,5): warning MSB3277:             C:\Users\ultra\.nuget\packages\reactiveui.wpf\18.4.1\lib\net462\ReactiveUI.Wpf.dll [C:\Users\ultra\warewolf\Dev\Warewolf.Studio.Core\Warewolf.Studio.Core.csproj]
C:\Program Files\dotnet\sdk\10.0.201\Microsoft.Common.CurrentVersion.targets(2451,5): warning MSB3277:             C:\Users\ultra\.nuget\packages\taskschedulereditor\2.10.1\lib\net452\Microsoft.Win32.TaskSchedulerEditor.dll [C:\Users\ultra\warewolf\Dev\Warewolf.Studio.Core\Warewolf.Studio.Core.csproj]
C:\Program Files\dotnet\sdk\10.0.201\Microsoft.Common.CurrentVersion.targets(2451,5): warning MSB3277:             C:\Users\ultra\.nuget\packages\ttcue.netcore.sharepointonline.csom.16.1.8029.1200\16.1.8029.1200\lib\netcoreapp2.0\Microsoft.SharePoint.Client.Runtime.Windows.dll [C:\Users\ultra\warewolf\Dev\Warewolf.Studio.Core\Warewolf.Studio.Core.csproj]
C:\Program Files\dotnet\sdk\10.0.201\Microsoft.Common.CurrentVersion.targets(2451,5): warning MSB3277: Found conflicts between different versions of "System.Security.Permissions" that could not be resolved. [C:\Users\ultra\warewolf\Dev\Warewolf.Studio.Core\Warewolf.Studio.Core.csproj]
C:\Program Files\dotnet\sdk\10.0.201\Microsoft.Common.CurrentVersion.targets(2451,5): warning MSB3277: There was a conflict between "System.Security.Permissions, Version=6.0.0.0, Culture=neutral, PublicKeyToken=cc7b13ffcd2ddd51" and "System.Security.Permissions, Version=7.0.0.0, Culture=neutral, PublicKeyToken=cc7b13ffcd2ddd51". [C:\Users\ultra\warewolf\Dev\Warewolf.Studio.Core\Warewolf.Studio.Core.csproj]
C:\Program Files\dotnet\sdk\10.0.201\Microsoft.Common.CurrentVersion.targets(2451,5): warning MSB3277:     "System.Security.Permissions, Version=6.0.0.0, Culture=neutral, PublicKeyToken=cc7b13ffcd2ddd51" was chosen because it was primary and "System.Security.Permissions, Version=7.0.0.0, Culture=neutral, PublicKeyToken=cc7b13ffcd2ddd51" was not. [C:\Users\ultra\warewolf\Dev\Warewolf.Studio.Core\Warewolf.Studio.Core.csproj]
C:\Program Files\dotnet\sdk\10.0.201\Microsoft.Common.CurrentVersion.targets(2451,5): warning MSB3277:     References which depend on "System.Security.Permissions, Version=6.0.0.0, Culture=neutral, PublicKeyToken=cc7b13ffcd2ddd51" [C:\Users\ultra\.nuget\packages\system.security.permissions\6.0.0\lib\net6.0\System.Security.Permissions.dll]. [C:\Users\ultra\warewolf\Dev\Warewolf.Studio.Core\Warewolf.Studio.Core.csproj]
C:\Program Files\dotnet\sdk\10.0.201\Microsoft.Common.CurrentVersion.targets(2451,5): warning MSB3277:         C:\Users\ultra\.nuget\packages\system.security.permissions\6.0.0\lib\net6.0\System.Security.Permissions.dll [C:\Users\ultra\warewolf\Dev\Warewolf.Studio.Core\Warewolf.Studio.Core.csproj]
C:\Program Files\dotnet\sdk\10.0.201\Microsoft.Common.CurrentVersion.targets(2451,5): warning MSB3277:           Project file item includes which caused reference "C:\Users\ultra\.nuget\packages\system.security.permissions\6.0.0\lib\net6.0\System.Security.Permissions.dll". [C:\Users\ultra\warewolf\Dev\Warewolf.Studio.Core\Warewolf.Studio.Core.csproj]
C:\Program Files\dotnet\sdk\10.0.201\Microsoft.Common.CurrentVersion.targets(2451,5): warning MSB3277:             C:\Users\ultra\.nuget\packages\system.security.permissions\6.0.0\lib\net6.0\System.Security.Permissions.dll [C:\Users\ultra\warewolf\Dev\Warewolf.Studio.Core\Warewolf.Studio.Core.csproj]
C:\Program Files\dotnet\sdk\10.0.201\Microsoft.Common.CurrentVersion.targets(2451,5): warning MSB3277:     References which depend on or have been unified to "System.Security.Permissions, Version=7.0.0.0, Culture=neutral, PublicKeyToken=cc7b13ffcd2ddd51" []. [C:\Users\ultra\warewolf\Dev\Warewolf.Studio.Core\Warewolf.Studio.Core.csproj]
C:\Program Files\dotnet\sdk\10.0.201\Microsoft.Common.CurrentVersion.targets(2451,5): warning MSB3277:         C:\Users\ultra\warewolf\Dev\Dev2.Data\bin\Debug\net8.0\Dev2.Data.dll [C:\Users\ultra\warewolf\Dev\Warewolf.Studio.Core\Warewolf.Studio.Core.csproj]
C:\Program Files\dotnet\sdk\10.0.201\Microsoft.Common.CurrentVersion.targets(2451,5): warning MSB3277:           Project file item includes which caused reference "C:\Users\ultra\warewolf\Dev\Dev2.Data\bin\Debug\net8.0\Dev2.Data.dll". [C:\Users\ultra\warewolf\Dev\Warewolf.Studio.Core\Warewolf.Studio.Core.csproj]
C:\Program Files\dotnet\sdk\10.0.201\Microsoft.Common.CurrentVersion.targets(2451,5): warning MSB3277:             C:\Users\ultra\warewolf\Dev\Dev2.Data\bin\Debug\net8.0\Dev2.Data.dll [C:\Users\ultra\warewolf\Dev\Warewolf.Studio.Core\Warewolf.Studio.Core.csproj]
C:\Program Files\dotnet\sdk\10.0.201\Microsoft.Common.CurrentVersion.targets(2451,5): warning MSB3277:             C:\Users\ultra\warewolf\Dev\Dev2.Core\bin\Debug\net8.0\Dev2.Core.dll [C:\Users\ultra\warewolf\Dev\Warewolf.Studio.Core\Warewolf.Studio.Core.csproj]
C:\Program Files\dotnet\sdk\10.0.201\Microsoft.Common.CurrentVersion.targets(2451,5): warning MSB3277:             C:\Users\ultra\warewolf\Dev\Dev2.Studio.Interfaces\bin\Debug\net8.0\Dev2.Studio.Interfaces.dll [C:\Users\ultra\warewolf\Dev\Warewolf.Studio.Core\Warewolf.Studio.Core.csproj]
C:\Program Files\dotnet\sdk\10.0.201\Microsoft.Common.CurrentVersion.targets(2451,5): warning MSB3277:             C:\Users\ultra\warewolf\Dev\Dev2.Runtime.Services\bin\Debug\net8.0\Dev2.Runtime.Services.dll [C:\Users\ultra\warewolf\Dev\Warewolf.Studio.Core\Warewolf.Studio.Core.csproj]
C:\Program Files\dotnet\sdk\10.0.201\Microsoft.Common.CurrentVersion.targets(2451,5): warning MSB3277:             C:\Users\ultra\warewolf\Dev\Dev2.Scheduler\bin\Debug\net8.0\Dev2.Scheduler.dll [C:\Users\ultra\warewolf\Dev\Warewolf.Studio.Core\Warewolf.Studio.Core.csproj]
C:\Program Files\dotnet\sdk\10.0.201\Microsoft.Common.CurrentVersion.targets(2451,5): warning MSB3277:             C:\Users\ultra\warewolf\Dev\Warewolf.Auditing\bin\Debug\net8.0\Warewolf.Auditing.dll [C:\Users\ultra\warewolf\Dev\Warewolf.Studio.Core\Warewolf.Studio.Core.csproj]
C:\Program Files\dotnet\sdk\10.0.201\Microsoft.Common.CurrentVersion.targets(2451,5): warning MSB3277:             C:\Users\ultra\warewolf\Dev\Warewolf.Common.NetStandard20\bin\Debug\net8.0\Warewolf.Common.NetStandard20.dll [C:\Users\ultra\warewolf\Dev\Warewolf.Studio.Core\Warewolf.Studio.Core.csproj]
C:\Program Files\dotnet\sdk\10.0.201\Microsoft.Common.CurrentVersion.targets(2451,5): warning MSB3277:             C:\Users\ultra\warewolf\Dev\Warewolf.Core\bin\Debug\net8.0\Warewolf.Core.dll [C:\Users\ultra\warewolf\Dev\Warewolf.Studio.Core\Warewolf.Studio.Core.csproj]
C:\Program Files\dotnet\sdk\10.0.201\Microsoft.Common.CurrentVersion.targets(2451,5): warning MSB3277:             C:\Users\ultra\warewolf\Dev\Warewolf.ResourceManagement\bin\Debug\net8.0\Warewolf.ResourceManagement.dll [C:\Users\ultra\warewolf\Dev\Warewolf.Studio.Core\Warewolf.Studio.Core.csproj]
C:\Program Files\dotnet\sdk\10.0.201\Microsoft.Common.CurrentVersion.targets(2451,5): warning MSB3277:         C:\Users\ultra\warewolf\Dev\Binaries\Infragistcs_Net6\InfragisticsWPF4.DockManager.v15.1.dll [C:\Users\ultra\warewolf\Dev\Warewolf.Studio.Core\Warewolf.Studio.Core.csproj]
C:\Program Files\dotnet\sdk\10.0.201\Microsoft.Common.CurrentVersion.targets(2451,5): warning MSB3277:           Project file item includes which caused reference "C:\Users\ultra\warewolf\Dev\Binaries\Infragistcs_Net6\InfragisticsWPF4.DockManager.v15.1.dll". [C:\Users\ultra\warewolf\Dev\Warewolf.Studio.Core\Warewolf.Studio.Core.csproj]
C:\Program Files\dotnet\sdk\10.0.201\Microsoft.Common.CurrentVersion.targets(2451,5): warning MSB3277:             InfragisticsWPF4.DockManager.v15.1, Version=15.1.20151.2055, Culture=neutral, PublicKeyToken=7dd5c3163f2cd0cb, processorArchitecture=MSIL [C:\Users\ultra\warewolf\Dev\Warewolf.Studio.Core\Warewolf.Studio.Core.csproj]
C:\Program Files\dotnet\sdk\10.0.201\Microsoft.Common.CurrentVersion.targets(2451,5): warning MSB3277:         C:\Users\ultra\warewolf\Dev\Binaries\Infragistcs_Net6\InfragisticsWPF4.v15.1.dll [C:\Users\ultra\warewolf\Dev\Warewolf.Studio.Core\Warewolf.Studio.Core.csproj]
C:\Program Files\dotnet\sdk\10.0.201\Microsoft.Common.CurrentVersion.targets(2451,5): warning MSB3277:           Project file item includes which caused reference "C:\Users\ultra\warewolf\Dev\Binaries\Infragistcs_Net6\InfragisticsWPF4.v15.1.dll". [C:\Users\ultra\warewolf\Dev\Warewolf.Studio.Core\Warewolf.Studio.Core.csproj]
C:\Program Files\dotnet\sdk\10.0.201\Microsoft.Common.CurrentVersion.targets(2451,5): warning MSB3277:             InfragisticsWPF4.v15.1, Version=15.1.20151.2055, Culture=neutral, PublicKeyToken=7dd5c3163f2cd0cb, processorArchitecture=MSIL [C:\Users\ultra\warewolf\Dev\Warewolf.Studio.Core\Warewolf.Studio.Core.csproj]
C:\Program Files\dotnet\sdk\10.0.201\Microsoft.Common.CurrentVersion.targets(2451,5): warning MSB3277:             InfragisticsWPF4.Controls.Menus.XamDataTree.v15.1, Version=15.1.20151.2055, Culture=neutral, PublicKeyToken=7dd5c3163f2cd0cb, processorArchitecture=MSIL [C:\Users\ultra\warewolf\Dev\Warewolf.Studio.Core\Warewolf.Studio.Core.csproj]
C:\Program Files\dotnet\sdk\10.0.201\Microsoft.Common.CurrentVersion.targets(2451,5): warning MSB3277:             InfragisticsWPF4.DataManager.v15.1, Version=15.1.20151.2055, Culture=neutral, PublicKeyToken=7dd5c3163f2cd0cb, processorArchitecture=MSIL [C:\Users\ultra\warewolf\Dev\Warewolf.Studio.Core\Warewolf.Studio.Core.csproj]
C:\Program Files\dotnet\sdk\10.0.201\Microsoft.Common.CurrentVersion.targets(2451,5): warning MSB3277:             InfragisticsWPF4.DockManager.v15.1, Version=15.1.20151.2055, Culture=neutral, PublicKeyToken=7dd5c3163f2cd0cb, processorArchitecture=MSIL [C:\Users\ultra\warewolf\Dev\Warewolf.Studio.Core\Warewolf.Studio.Core.csproj]
C:\Program Files\dotnet\sdk\10.0.201\Microsoft.Common.CurrentVersion.targets(2451,5): warning MSB3277:         C:\Users\ultra\.nuget\packages\dotnetzip\1.16.0\lib\netstandard2.0\DotNetZip.dll [C:\Users\ultra\warewolf\Dev\Warewolf.Studio.Core\Warewolf.Studio.Core.csproj]
C:\Program Files\dotnet\sdk\10.0.201\Microsoft.Common.CurrentVersion.targets(2451,5): warning MSB3277:           Project file item includes which caused reference "C:\Users\ultra\.nuget\packages\dotnetzip\1.16.0\lib\netstandard2.0\DotNetZip.dll". [C:\Users\ultra\warewolf\Dev\Warewolf.Studio.Core\Warewolf.Studio.Core.csproj]
C:\Program Files\dotnet\sdk\10.0.201\Microsoft.Common.CurrentVersion.targets(2451,5): warning MSB3277:             C:\Users\ultra\.nuget\packages\dotnetzip\1.16.0\lib\netstandard2.0\DotNetZip.dll [C:\Users\ultra\warewolf\Dev\Warewolf.Studio.Core\Warewolf.Studio.Core.csproj]
C:\Program Files\dotnet\sdk\10.0.201\Microsoft.Common.CurrentVersion.targets(2451,5): warning MSB3277:             C:\Users\ultra\warewolf\Dev\Dev2.Common\bin\Debug\net8.0\Dev2.Common.dll [C:\Users\ultra\warewolf\Dev\Warewolf.Studio.Core\Warewolf.Studio.Core.csproj]
C:\Program Files\dotnet\sdk\10.0.201\Microsoft.Common.CurrentVersion.targets(2451,5): warning MSB3277:             C:\Users\ultra\warewolf\Dev\Dev2.Core\bin\Debug\net8.0\Dev2.Core.dll [C:\Users\ultra\warewolf\Dev\Warewolf.Studio.Core\Warewolf.Studio.Core.csproj]
C:\Program Files\dotnet\sdk\10.0.201\Microsoft.Common.CurrentVersion.targets(2451,5): warning MSB3277:             C:\Users\ultra\warewolf\Dev\Dev2.Infrastructure\bin\Debug\net8.0\Dev2.Infrastructure.dll [C:\Users\ultra\warewolf\Dev\Warewolf.Studio.Core\Warewolf.Studio.Core.csproj]
C:\Program Files\dotnet\sdk\10.0.201\Microsoft.Common.CurrentVersion.targets(2451,5): warning MSB3277:             C:\Users\ultra\warewolf\Dev\Dev2.Studio.Interfaces\bin\Debug\net8.0\Dev2.Studio.Interfaces.dll [C:\Users\ultra\warewolf\Dev\Warewolf.Studio.Core\Warewolf.Studio.Core.csproj]
C:\Program Files\dotnet\sdk\10.0.201\Microsoft.Common.CurrentVersion.targets(2451,5): warning MSB3277:             C:\Users\ultra\warewolf\Dev\Dev2.Data\bin\Debug\net8.0\Dev2.Data.dll [C:\Users\ultra\warewolf\Dev\Warewolf.Studio.Core\Warewolf.Studio.Core.csproj]
C:\Program Files\dotnet\sdk\10.0.201\Microsoft.Common.CurrentVersion.targets(2451,5): warning MSB3277:             C:\Users\ultra\warewolf\Dev\Dev2.Data.Interfaces\bin\Debug\net8.0\Dev2.Data.Interfaces.dll [C:\Users\ultra\warewolf\Dev\Warewolf.Studio.Core\Warewolf.Studio.Core.csproj]
C:\Program Files\dotnet\sdk\10.0.201\Microsoft.Common.CurrentVersion.targets(2451,5): warning MSB3277:             C:\Users\ultra\warewolf\Dev\Dev2.Diagnostics\bin\Debug\net8.0\Dev2.Diagnostics.dll [C:\Users\ultra\warewolf\Dev\Warewolf.Studio.Core\Warewolf.Studio.Core.csproj]
C:\Program Files\dotnet\sdk\10.0.201\Microsoft.Common.CurrentVersion.targets(2451,5): warning MSB3277:             C:\Users\ultra\warewolf\Dev\Dev2.Runtime.Services\bin\Debug\net8.0\Dev2.Runtime.Services.dll [C:\Users\ultra\warewolf\Dev\Warewolf.Studio.Core\Warewolf.Studio.Core.csproj]
C:\Program Files\dotnet\sdk\10.0.201\Microsoft.Common.CurrentVersion.targets(2451,5): warning MSB3277:             C:\Users\ultra\warewolf\Dev\Dev2.Scheduler\bin\Debug\net8.0\Dev2.Scheduler.dll [C:\Users\ultra\warewolf\Dev\Warewolf.Studio.Core\Warewolf.Studio.Core.csproj]
C:\Program Files\dotnet\sdk\10.0.201\Microsoft.Common.CurrentVersion.targets(2451,5): warning MSB3277:             C:\Users\ultra\warewolf\Dev\Dev2.Services.Sql\bin\Debug\net8.0\Dev2.Services.Sql.dll [C:\Users\ultra\warewolf\Dev\Warewolf.Studio.Core\Warewolf.Studio.Core.csproj]
C:\Program Files\dotnet\sdk\10.0.201\Microsoft.Common.CurrentVersion.targets(2451,5): warning MSB3277:             C:\Users\ultra\warewolf\Dev\Dev2.TaskScheduler.Wrappers\bin\Debug\net8.0\Dev2.TaskScheduler.Wrappers.dll [C:\Users\ultra\warewolf\Dev\Warewolf.Studio.Core\Warewolf.Studio.Core.csproj]
C:\Program Files\dotnet\sdk\10.0.201\Microsoft.Common.CurrentVersion.targets(2451,5): warning MSB3277:             C:\Users\ultra\warewolf\Dev\Dev2.Util\bin\Debug\net8.0\Dev2.Util.dll [C:\Users\ultra\warewolf\Dev\Warewolf.Studio.Core\Warewolf.Studio.Core.csproj]
C:\Program Files\dotnet\sdk\10.0.201\Microsoft.Common.CurrentVersion.targets(2451,5): warning MSB3277:             C:\Users\ultra\warewolf\Dev\Warewolf.AI.Harness\bin\Debug\net8.0\Warewolf.AI.Harness.dll [C:\Users\ultra\warewolf\Dev\Warewolf.Studio.Core\Warewolf.Studio.Core.csproj]
C:\Program Files\dotnet\sdk\10.0.201\Microsoft.Common.CurrentVersion.targets(2451,5): warning MSB3277:             C:\Users\ultra\warewolf\Dev\Warewolf.Auditing\bin\Debug\net8.0\Warewolf.Auditing.dll [C:\Users\ultra\warewolf\Dev\Warewolf.Studio.Core\Warewolf.Studio.Core.csproj]
C:\Program Files\dotnet\sdk\10.0.201\Microsoft.Common.CurrentVersion.targets(2451,5): warning MSB3277:             C:\Users\ultra\warewolf\Dev\Warewolf.Common.NetStandard20\bin\Debug\net8.0\Warewolf.Common.NetStandard20.dll [C:\Users\ultra\warewolf\Dev\Warewolf.Studio.Core\Warewolf.Studio.Core.csproj]
C:\Program Files\dotnet\sdk\10.0.201\Microsoft.Common.CurrentVersion.targets(2451,5): warning MSB3277:             C:\Users\ultra\warewolf\Dev\Warewolf.Core\bin\Debug\net8.0\Warewolf.Core.dll [C:\Users\ultra\warewolf\Dev\Warewolf.Studio.Core\Warewolf.Studio.Core.csproj]
C:\Program Files\dotnet\sdk\10.0.201\Microsoft.Common.CurrentVersion.targets(2451,5): warning MSB3277:             C:\Users\ultra\warewolf\Dev\Warewolf.Driver.Serilog\bin\Debug\net8.0\Warewolf.Driver.Serilog.dll [C:\Users\ultra\warewolf\Dev\Warewolf.Studio.Core\Warewolf.Studio.Core.csproj]
C:\Program Files\dotnet\sdk\10.0.201\Microsoft.Common.CurrentVersion.targets(2451,5): warning MSB3277:             C:\Users\ultra\warewolf\Dev\Warewolf.ResourceManagement\bin\Debug\net8.0\Warewolf.ResourceManagement.dll [C:\Users\ultra\warewolf\Dev\Warewolf.Studio.Core\Warewolf.Studio.Core.csproj]
C:\Program Files\dotnet\sdk\10.0.201\Microsoft.Common.CurrentVersion.targets(2451,5): warning MSB3277:             C:\Users\ultra\warewolf\Dev\Warewolf.Sharepoint\bin\Debug\net8.0\Warewolf.Sharepoint.dll [C:\Users\ultra\warewolf\Dev\Warewolf.Studio.Core\Warewolf.Studio.Core.csproj]
C:\Program Files\dotnet\sdk\10.0.201\Microsoft.Common.CurrentVersion.targets(2451,5): warning MSB3277:             C:\Users\ultra\warewolf\Dev\Warewolf.Storage\bin\Debug\net8.0\Warewolf.Storage.dll [C:\Users\ultra\warewolf\Dev\Warewolf.Studio.Core\Warewolf.Studio.Core.csproj]
C:\Program Files\dotnet\sdk\10.0.201\Microsoft.Common.CurrentVersion.targets(2451,5): warning MSB3277:         C:\Users\ultra\.nuget\packages\mindbox.data.linq\5.0.0\lib\netstandard2.0\Mindbox.Data.Linq.dll [C:\Users\ultra\warewolf\Dev\Warewolf.Studio.Core\Warewolf.Studio.Core.csproj]
C:\Program Files\dotnet\sdk\10.0.201\Microsoft.Common.CurrentVersion.targets(2451,5): warning MSB3277:           Project file item includes which caused reference "C:\Users\ultra\.nuget\packages\mindbox.data.linq\5.0.0\lib\netstandard2.0\Mindbox.Data.Linq.dll". [C:\Users\ultra\warewolf\Dev\Warewolf.Studio.Core\Warewolf.Studio.Core.csproj]
C:\Program Files\dotnet\sdk\10.0.201\Microsoft.Common.CurrentVersion.targets(2451,5): warning MSB3277:             C:\Users\ultra\.nuget\packages\mindbox.data.linq\5.0.0\lib\netstandard2.0\Mindbox.Data.Linq.dll [C:\Users\ultra\warewolf\Dev\Warewolf.Studio.Core\Warewolf.Studio.Core.csproj]
C:\Program Files\dotnet\sdk\10.0.201\Microsoft.Common.CurrentVersion.targets(2451,5): warning MSB3277:             C:\Users\ultra\warewolf\Dev\Warewolf.Auditing\bin\Debug\net8.0\Warewolf.Auditing.dll [C:\Users\ultra\warewolf\Dev\Warewolf.Studio.Core\Warewolf.Studio.Core.csproj]
C:\Program Files\dotnet\sdk\10.0.201\Microsoft.Common.CurrentVersion.targets(2451,5): warning MSB3277:             C:\Users\ultra\warewolf\Dev\Dev2.Runtime.Services\bin\Debug\net8.0\Dev2.Runtime.Services.dll [C:\Users\ultra\warewolf\Dev\Warewolf.Studio.Core\Warewolf.Studio.Core.csproj]
C:\Program Files\dotnet\sdk\10.0.201\Microsoft.Common.CurrentVersion.targets(2451,5): warning MSB3277:             C:\Users\ultra\warewolf\Dev\Dev2.Studio.Interfaces\bin\Debug\net8.0\Dev2.Studio.Interfaces.dll [C:\Users\ultra\warewolf\Dev\Warewolf.Studio.Core\Warewolf.Studio.Core.csproj]
C:\Program Files\dotnet\sdk\10.0.201\Microsoft.Common.CurrentVersion.targets(2451,5): warning MSB3277:             C:\Users\ultra\warewolf\Dev\Warewolf.Common.NetStandard20\bin\Debug\net8.0\Warewolf.Common.NetStandard20.dll [C:\Users\ultra\warewolf\Dev\Warewolf.Studio.Core\Warewolf.Studio.Core.csproj]
C:\Program Files\dotnet\sdk\10.0.201\Microsoft.Common.CurrentVersion.targets(2451,5): warning MSB3277:         C:\Users\ultra\.nuget\packages\mysql.data\8.4.0\lib\net8.0\MySql.Data.dll [C:\Users\ultra\warewolf\Dev\Warewolf.Studio.Core\Warewolf.Studio.Core.csproj]
C:\Program Files\dotnet\sdk\10.0.201\Microsoft.Common.CurrentVersion.targets(2451,5): warning MSB3277:           Project file item includes which caused reference "C:\Users\ultra\.nuget\packages\mysql.data\8.4.0\lib\net8.0\MySql.Data.dll". [C:\Users\ultra\warewolf\Dev\Warewolf.Studio.Core\Warewolf.Studio.Core.csproj]
C:\Program Files\dotnet\sdk\10.0.201\Microsoft.Common.CurrentVersion.targets(2451,5): warning MSB3277:             C:\Users\ultra\.nuget\packages\mysql.data\8.4.0\lib\net8.0\MySql.Data.dll [C:\Users\ultra\warewolf\Dev\Warewolf.Studio.Core\Warewolf.Studio.Core.csproj]
C:\Program Files\dotnet\sdk\10.0.201\Microsoft.Common.CurrentVersion.targets(2451,5): warning MSB3277:             C:\Users\ultra\warewolf\Dev\Dev2.Runtime.Services\bin\Debug\net8.0\Dev2.Runtime.Services.dll [C:\Users\ultra\warewolf\Dev\Warewolf.Studio.Core\Warewolf.Studio.Core.csproj]
C:\Program Files\dotnet\sdk\10.0.201\Microsoft.Common.CurrentVersion.targets(2451,5): warning MSB3277:             C:\Users\ultra\warewolf\Dev\Dev2.Studio.Interfaces\bin\Debug\net8.0\Dev2.Studio.Interfaces.dll [C:\Users\ultra\warewolf\Dev\Warewolf.Studio.Core\Warewolf.Studio.Core.csproj]
C:\Program Files\dotnet\sdk\10.0.201\Microsoft.Common.CurrentVersion.targets(2451,5): warning MSB3277:             C:\Users\ultra\warewolf\Dev\Dev2.Services.Sql\bin\Debug\net8.0\Dev2.Services.Sql.dll [C:\Users\ultra\warewolf\Dev\Warewolf.Studio.Core\Warewolf.Studio.Core.csproj]
C:\Program Files\dotnet\sdk\10.0.201\Microsoft.Common.CurrentVersion.targets(2451,5): warning MSB3277:         C:\Users\ultra\.nuget\packages\oracle.manageddataaccess.core\3.21.70\lib\netstandard2.1\Oracle.ManagedDataAccess.dll [C:\Users\ultra\warewolf\Dev\Warewolf.Studio.Core\Warewolf.Studio.Core.csproj]
C:\Program Files\dotnet\sdk\10.0.201\Microsoft.Common.CurrentVersion.targets(2451,5): warning MSB3277:           Project file item includes which caused reference "C:\Users\ultra\.nuget\packages\oracle.manageddataaccess.core\3.21.70\lib\netstandard2.1\Oracle.ManagedDataAccess.dll". [C:\Users\ultra\warewolf\Dev\Warewolf.Studio.Core\Warewolf.Studio.Core.csproj]
C:\Program Files\dotnet\sdk\10.0.201\Microsoft.Common.CurrentVersion.targets(2451,5): warning MSB3277:             C:\Users\ultra\.nuget\packages\oracle.manageddataaccess.core\3.21.70\lib\netstandard2.1\Oracle.ManagedDataAccess.dll [C:\Users\ultra\warewolf\Dev\Warewolf.Studio.Core\Warewolf.Studio.Core.csproj]
C:\Program Files\dotnet\sdk\10.0.201\Microsoft.Common.CurrentVersion.targets(2451,5): warning MSB3277:             C:\Users\ultra\warewolf\Dev\Dev2.Runtime.Services\bin\Debug\net8.0\Dev2.Runtime.Services.dll [C:\Users\ultra\warewolf\Dev\Warewolf.Studio.Core\Warewolf.Studio.Core.csproj]
C:\Program Files\dotnet\sdk\10.0.201\Microsoft.Common.CurrentVersion.targets(2451,5): warning MSB3277:             C:\Users\ultra\warewolf\Dev\Dev2.Studio.Interfaces\bin\Debug\net8.0\Dev2.Studio.Interfaces.dll [C:\Users\ultra\warewolf\Dev\Warewolf.Studio.Core\Warewolf.Studio.Core.csproj]
C:\Program Files\dotnet\sdk\10.0.201\Microsoft.Common.CurrentVersion.targets(2451,5): warning MSB3277:             C:\Users\ultra\warewolf\Dev\Dev2.Services.Sql\bin\Debug\net8.0\Dev2.Services.Sql.dll [C:\Users\ultra\warewolf\Dev\Warewolf.Studio.Core\Warewolf.Studio.Core.csproj]
C:\Program Files\dotnet\sdk\10.0.201\Microsoft.Common.CurrentVersion.targets(2451,5): warning MSB3277:         C:\Users\ultra\.nuget\packages\system.directoryservices\6.0.0\lib\net6.0\System.DirectoryServices.dll [C:\Users\ultra\warewolf\Dev\Warewolf.Studio.Core\Warewolf.Studio.Core.csproj]
C:\Program Files\dotnet\sdk\10.0.201\Microsoft.Common.CurrentVersion.targets(2451,5): warning MSB3277:           Project file item includes which caused reference "C:\Users\ultra\.nuget\packages\system.directoryservices\6.0.0\lib\net6.0\System.DirectoryServices.dll". [C:\Users\ultra\warewolf\Dev\Warewolf.Studio.Core\Warewolf.Studio.Core.csproj]
C:\Program Files\dotnet\sdk\10.0.201\Microsoft.Common.CurrentVersion.targets(2451,5): warning MSB3277:             C:\Users\ultra\.nuget\packages\system.directoryservices\6.0.0\lib\net6.0\System.DirectoryServices.dll [C:\Users\ultra\warewolf\Dev\Warewolf.Studio.Core\Warewolf.Studio.Core.csproj]
C:\Program Files\dotnet\sdk\10.0.201\Microsoft.Common.CurrentVersion.targets(2451,5): warning MSB3277:             C:\Users\ultra\.nuget\packages\corewcf.primitives\1.2.1\lib\netstandard2.0\CoreWCF.Primitives.dll [C:\Users\ultra\warewolf\Dev\Warewolf.Studio.Core\Warewolf.Studio.Core.csproj]
C:\Program Files\dotnet\sdk\10.0.201\Microsoft.Common.CurrentVersion.targets(2451,5): warning MSB3277:             C:\Users\ultra\warewolf\Dev\Dev2.Runtime.Services\bin\Debug\net8.0\Dev2.Runtime.Services.dll [C:\Users\ultra\warewolf\Dev\Warewolf.Studio.Core\Warewolf.Studio.Core.csproj]
C:\Program Files\dotnet\sdk\10.0.201\Microsoft.Common.CurrentVersion.targets(2451,5): warning MSB3277:             C:\Users\ultra\warewolf\Dev\Dev2.Studio.Interfaces\bin\Debug\net8.0\Dev2.Studio.Interfaces.dll [C:\Users\ultra\warewolf\Dev\Warewolf.Studio.Core\Warewolf.Studio.Core.csproj]
C:\Program Files\dotnet\sdk\10.0.201\Microsoft.Common.CurrentVersion.targets(2451,5): warning MSB3277:             C:\Users\ultra\.nuget\packages\corewcf.http\1.2.1\lib\netstandard2.0\CoreWCF.Http.dll [C:\Users\ultra\warewolf\Dev\Warewolf.Studio.Core\Warewolf.Studio.Core.csproj]
C:\Program Files\dotnet\sdk\10.0.201\Microsoft.Common.CurrentVersion.targets(2451,5): warning MSB3277:             C:\Users\ultra\.nuget\packages\corewcf.nettcp\1.2.1\lib\netstandard2.0\CoreWCF.NetTcp.dll [C:\Users\ultra\warewolf\Dev\Warewolf.Studio.Core\Warewolf.Studio.Core.csproj]
C:\Program Files\dotnet\sdk\10.0.201\Microsoft.Common.CurrentVersion.targets(2451,5): warning MSB3277:             C:\Users\ultra\.nuget\packages\corewcf.webhttp\1.2.1\lib\netstandard2.0\CoreWCF.WebHttp.dll [C:\Users\ultra\warewolf\Dev\Warewolf.Studio.Core\Warewolf.Studio.Core.csproj]
C:\Program Files\dotnet\sdk\10.0.201\Microsoft.Common.CurrentVersion.targets(2451,5): warning MSB3277:         C:\Program Files\dotnet\packs\Microsoft.NETCore.App.Ref\8.0.25\ref\net8.0\System.Configuration.dll [C:\Users\ultra\warewolf\Dev\Warewolf.Studio.Core\Warewolf.Studio.Core.csproj]
C:\Program Files\dotnet\sdk\10.0.201\Microsoft.Common.CurrentVersion.targets(2451,5): warning MSB3277:           Project file item includes which caused reference "C:\Program Files\dotnet\packs\Microsoft.NETCore.App.Ref\8.0.25\ref\net8.0\System.Configuration.dll". [C:\Users\ultra\warewolf\Dev\Warewolf.Studio.Core\Warewolf.Studio.Core.csproj]
C:\Program Files\dotnet\sdk\10.0.201\Microsoft.Common.CurrentVersion.targets(2451,5): warning MSB3277:             C:\Program Files\dotnet\packs\Microsoft.NETCore.App.Ref\8.0.25\ref/net8.0/System.Configuration.dll [C:\Users\ultra\warewolf\Dev\Warewolf.Studio.Core\Warewolf.Studio.Core.csproj]
C:\Program Files\dotnet\sdk\10.0.201\Microsoft.Common.CurrentVersion.targets(2451,5): warning MSB3277:             C:\Users\ultra\.nuget\packages\prism.wpf\9.0.537\lib\net462\Prism.Wpf.dll [C:\Users\ultra\warewolf\Dev\Warewolf.Studio.Core\Warewolf.Studio.Core.csproj]
C:\Program Files\dotnet\sdk\10.0.201\Microsoft.Common.CurrentVersion.targets(2451,5): warning MSB3277:         C:\Program Files\dotnet\packs\Microsoft.NETCore.App.Ref\8.0.25\ref\net8.0\System.Data.dll [C:\Users\ultra\warewolf\Dev\Warewolf.Studio.Core\Warewolf.Studio.Core.csproj]
C:\Program Files\dotnet\sdk\10.0.201\Microsoft.Common.CurrentVersion.targets(2451,5): warning MSB3277:           Project file item includes which caused reference "C:\Program Files\dotnet\packs\Microsoft.NETCore.App.Ref\8.0.25\ref\net8.0\System.Data.dll". [C:\Users\ultra\warewolf\Dev\Warewolf.Studio.Core\Warewolf.Studio.Core.csproj]
C:\Program Files\dotnet\sdk\10.0.201\Microsoft.Common.CurrentVersion.targets(2451,5): warning MSB3277:             C:\Program Files\dotnet\packs\Microsoft.NETCore.App.Ref\8.0.25\ref/net8.0/System.Data.dll [C:\Users\ultra\warewolf\Dev\Warewolf.Studio.Core\Warewolf.Studio.Core.csproj]
C:\Program Files\dotnet\sdk\10.0.201\Microsoft.Common.CurrentVersion.targets(2451,5): warning MSB3277:             C:\Users\ultra\.nuget\packages\taskschedulereditor\2.10.1\lib\net452\Microsoft.Win32.TaskSchedulerEditor.dll [C:\Users\ultra\warewolf\Dev\Warewolf.Studio.Core\Warewolf.Studio.Core.csproj]
C:\Program Files\dotnet\sdk\10.0.201\Microsoft.Common.CurrentVersion.targets(2451,5): warning MSB3277:         C:\Program Files\dotnet\packs\Microsoft.NETCore.App.Ref\8.0.25\ref\net8.0\System.Drawing.dll [C:\Users\ultra\warewolf\Dev\Warewolf.Studio.Core\Warewolf.Studio.Core.csproj]
C:\Program Files\dotnet\sdk\10.0.201\Microsoft.Common.CurrentVersion.targets(2451,5): warning MSB3277:           Project file item includes which caused reference "C:\Program Files\dotnet\packs\Microsoft.NETCore.App.Ref\8.0.25\ref\net8.0\System.Drawing.dll". [C:\Users\ultra\warewolf\Dev\Warewolf.Studio.Core\Warewolf.Studio.Core.csproj]
C:\Program Files\dotnet\sdk\10.0.201\Microsoft.Common.CurrentVersion.targets(2451,5): warning MSB3277:             C:\Program Files\dotnet\packs\Microsoft.NETCore.App.Ref\8.0.25\ref/net8.0/System.Drawing.dll [C:\Users\ultra\warewolf\Dev\Warewolf.Studio.Core\Warewolf.Studio.Core.csproj]
C:\Program Files\dotnet\sdk\10.0.201\Microsoft.Common.CurrentVersion.targets(2451,5): warning MSB3277:             C:\Users\ultra\.nuget\packages\aerowizard\2.3.1\lib\net45\AeroWizard.dll [C:\Users\ultra\warewolf\Dev\Warewolf.Studio.Core\Warewolf.Studio.Core.csproj]
C:\Program Files\dotnet\sdk\10.0.201\Microsoft.Common.CurrentVersion.targets(2451,5): warning MSB3277:             C:\Users\ultra\.nuget\packages\groupcontrols\1.9.0\lib\net45\GroupControls.dll [C:\Users\ultra\warewolf\Dev\Warewolf.Studio.Core\Warewolf.Studio.Core.csproj]
C:\Program Files\dotnet\sdk\10.0.201\Microsoft.Common.CurrentVersion.targets(2451,5): warning MSB3277:             C:\Users\ultra\.nuget\packages\taskschedulereditor\2.10.1\lib\net452\Microsoft.Win32.TaskSchedulerEditor.dll [C:\Users\ultra\warewolf\Dev\Warewolf.Studio.Core\Warewolf.Studio.Core.csproj]
C:\Program Files\dotnet\sdk\10.0.201\Microsoft.Common.CurrentVersion.targets(2451,5): warning MSB3277:         C:\Program Files\dotnet\packs\Microsoft.NETCore.App.Ref\8.0.25\ref\net8.0\System.Net.dll [C:\Users\ultra\warewolf\Dev\Warewolf.Studio.Core\Warewolf.Studio.Core.csproj]
C:\Program Files\dotnet\sdk\10.0.201\Microsoft.Common.CurrentVersion.targets(2451,5): warning MSB3277:           Project file item includes which caused reference "C:\Program Files\dotnet\packs\Microsoft.NETCore.App.Ref\8.0.25\ref\net8.0\System.Net.dll". [C:\Users\ultra\warewolf\Dev\Warewolf.Studio.Core\Warewolf.Studio.Core.csproj]
C:\Program Files\dotnet\sdk\10.0.201\Microsoft.Common.CurrentVersion.targets(2451,5): warning MSB3277:             C:\Program Files\dotnet\packs\Microsoft.NETCore.App.Ref\8.0.25\ref/net8.0/System.Net.dll [C:\Users\ultra\warewolf\Dev\Warewolf.Studio.Core\Warewolf.Studio.Core.csproj]
C:\Program Files\dotnet\sdk\10.0.201\Microsoft.Common.CurrentVersion.targets(2451,5): warning MSB3277:         C:\Program Files\dotnet\packs\Microsoft.NETCore.App.Ref\8.0.25\ref\net8.0\System.Security.dll [C:\Users\ultra\warewolf\Dev\Warewolf.Studio.Core\Warewolf.Studio.Core.csproj]
C:\Program Files\dotnet\sdk\10.0.201\Microsoft.Common.CurrentVersion.targets(2451,5): warning MSB3277:           Project file item includes which caused reference "C:\Program Files\dotnet\packs\Microsoft.NETCore.App.Ref\8.0.25\ref\net8.0\System.Security.dll". [C:\Users\ultra\warewolf\Dev\Warewolf.Studio.Core\Warewolf.Studio.Core.csproj]
C:\Program Files\dotnet\sdk\10.0.201\Microsoft.Common.CurrentVersion.targets(2451,5): warning MSB3277:             C:\Program Files\dotnet\packs\Microsoft.NETCore.App.Ref\8.0.25\ref/net8.0/System.Security.dll [C:\Users\ultra\warewolf\Dev\Warewolf.Studio.Core\Warewolf.Studio.Core.csproj]
C:\Program Files\dotnet\sdk\10.0.201\Microsoft.Common.CurrentVersion.targets(2451,5): warning MSB3277:         C:\Program Files\dotnet\packs\Microsoft.NETCore.App.Ref\8.0.25\ref\net8.0\System.ServiceProcess.dll [C:\Users\ultra\warewolf\Dev\Warewolf.Studio.Core\Warewolf.Studio.Core.csproj]
C:\Program Files\dotnet\sdk\10.0.201\Microsoft.Common.CurrentVersion.targets(2451,5): warning MSB3277:           Project file item includes which caused reference "C:\Program Files\dotnet\packs\Microsoft.NETCore.App.Ref\8.0.25\ref\net8.0\System.ServiceProcess.dll". [C:\Users\ultra\warewolf\Dev\Warewolf.Studio.Core\Warewolf.Studio.Core.csproj]
C:\Program Files\dotnet\sdk\10.0.201\Microsoft.Common.CurrentVersion.targets(2451,5): warning MSB3277:             C:\Program Files\dotnet\packs\Microsoft.NETCore.App.Ref\8.0.25\ref/net8.0/System.ServiceProcess.dll [C:\Users\ultra\warewolf\Dev\Warewolf.Studio.Core\Warewolf.Studio.Core.csproj]
C:\Program Files\dotnet\sdk\10.0.201\Microsoft.Common.CurrentVersion.targets(2451,5): warning MSB3277:         C:\Program Files\dotnet\packs\Microsoft.NETCore.App.Ref\8.0.25\ref\net8.0\System.Transactions.dll [C:\Users\ultra\warewolf\Dev\Warewolf.Studio.Core\Warewolf.Studio.Core.csproj]
C:\Program Files\dotnet\sdk\10.0.201\Microsoft.Common.CurrentVersion.targets(2451,5): warning MSB3277:           Project file item includes which caused reference "C:\Program Files\dotnet\packs\Microsoft.NETCore.App.Ref\8.0.25\ref\net8.0\System.Transactions.dll". [C:\Users\ultra\warewolf\Dev\Warewolf.Studio.Core\Warewolf.Studio.Core.csproj]
C:\Program Files\dotnet\sdk\10.0.201\Microsoft.Common.CurrentVersion.targets(2451,5): warning MSB3277:             C:\Program Files\dotnet\packs\Microsoft.NETCore.App.Ref\8.0.25\ref/net8.0/System.Transactions.dll [C:\Users\ultra\warewolf\Dev\Warewolf.Studio.Core\Warewolf.Studio.Core.csproj]
C:\Program Files\dotnet\sdk\10.0.201\Microsoft.Common.CurrentVersion.targets(2451,5): warning MSB3277:         C:\Program Files\dotnet\packs\Microsoft.NETCore.App.Ref\8.0.25\ref\net8.0\System.dll [C:\Users\ultra\warewolf\Dev\Warewolf.Studio.Core\Warewolf.Studio.Core.csproj]
C:\Program Files\dotnet\sdk\10.0.201\Microsoft.Common.CurrentVersion.targets(2451,5): warning MSB3277:           Project file item includes which caused reference "C:\Program Files\dotnet\packs\Microsoft.NETCore.App.Ref\8.0.25\ref\net8.0\System.dll". [C:\Users\ultra\warewolf\Dev\Warewolf.Studio.Core\Warewolf.Studio.Core.csproj]
C:\Program Files\dotnet\sdk\10.0.201\Microsoft.Common.CurrentVersion.targets(2451,5): warning MSB3277:             C:\Program Files\dotnet\packs\Microsoft.NETCore.App.Ref\8.0.25\ref/net8.0/System.dll [C:\Users\ultra\warewolf\Dev\Warewolf.Studio.Core\Warewolf.Studio.Core.csproj]
C:\Program Files\dotnet\sdk\10.0.201\Microsoft.Common.CurrentVersion.targets(2451,5): warning MSB3277:             C:\Users\ultra\.nuget\packages\aerowizard\2.3.1\lib\net45\AeroWizard.dll [C:\Users\ultra\warewolf\Dev\Warewolf.Studio.Core\Warewolf.Studio.Core.csproj]
C:\Program Files\dotnet\sdk\10.0.201\Microsoft.Common.CurrentVersion.targets(2451,5): warning MSB3277:             C:\Users\ultra\.nuget\packages\groupcontrols\1.9.0\lib\net45\GroupControls.dll [C:\Users\ultra\warewolf\Dev\Warewolf.Studio.Core\Warewolf.Studio.Core.csproj]
C:\Program Files\dotnet\sdk\10.0.201\Microsoft.Common.CurrentVersion.targets(2451,5): warning MSB3277:             C:\Users\ultra\.nuget\packages\microsoft.xaml.behaviors.wpf\1.1.122\lib\net462\Microsoft.Xaml.Behaviors.dll [C:\Users\ultra\warewolf\Dev\Warewolf.Studio.Core\Warewolf.Studio.Core.csproj]
C:\Program Files\dotnet\sdk\10.0.201\Microsoft.Common.CurrentVersion.targets(2451,5): warning MSB3277:             C:\Users\ultra\.nuget\packages\caliburn.micro\4.0.212\lib\netcoreapp3.1\Caliburn.Micro.Platform.dll [C:\Users\ultra\warewolf\Dev\Warewolf.Studio.Core\Warewolf.Studio.Core.csproj]
C:\Program Files\dotnet\sdk\10.0.201\Microsoft.Common.CurrentVersion.targets(2451,5): warning MSB3277:             C:\Users\ultra\.nuget\packages\prism.wpf\9.0.537\lib\net462\Prism.Wpf.dll [C:\Users\ultra\warewolf\Dev\Warewolf.Studio.Core\Warewolf.Studio.Core.csproj]
C:\Program Files\dotnet\sdk\10.0.201\Microsoft.Common.CurrentVersion.targets(2451,5): warning MSB3277:             C:\Users\ultra\.nuget\packages\reactiveui.wpf\18.4.1\lib\net462\ReactiveUI.Wpf.dll [C:\Users\ultra\warewolf\Dev\Warewolf.Studio.Core\Warewolf.Studio.Core.csproj]
C:\Program Files\dotnet\sdk\10.0.201\Microsoft.Common.CurrentVersion.targets(2451,5): warning MSB3277:             C:\Users\ultra\.nuget\packages\taskschedulereditor\2.10.1\lib\net452\Microsoft.Win32.TaskSchedulerEditor.dll [C:\Users\ultra\warewolf\Dev\Warewolf.Studio.Core\Warewolf.Studio.Core.csproj]
C:\Program Files\dotnet\sdk\10.0.201\Microsoft.Common.CurrentVersion.targets(2451,5): warning MSB3277:             C:\Users\ultra\.nuget\packages\ttcue.netcore.sharepointonline.csom.16.1.8029.1200\16.1.8029.1200\lib\netcoreapp2.0\Microsoft.SharePoint.Client.Runtime.Windows.dll [C:\Users\ultra\warewolf\Dev\Warewolf.Studio.Core\Warewolf.Studio.Core.csproj]
C:\Program Files\dotnet\sdk\10.0.201\Microsoft.Common.CurrentVersion.targets(2451,5): warning MSB3277:         C:\Program Files\dotnet\packs\Microsoft.NETCore.App.Ref\8.0.25\ref\net8.0\WindowsBase.dll [C:\Users\ultra\warewolf\Dev\Warewolf.Studio.Core\Warewolf.Studio.Core.csproj]
C:\Program Files\dotnet\sdk\10.0.201\Microsoft.Common.CurrentVersion.targets(2451,5): warning MSB3277:           Project file item includes which caused reference "C:\Program Files\dotnet\packs\Microsoft.NETCore.App.Ref\8.0.25\ref\net8.0\WindowsBase.dll". [C:\Users\ultra\warewolf\Dev\Warewolf.Studio.Core\Warewolf.Studio.Core.csproj]
C:\Program Files\dotnet\sdk\10.0.201\Microsoft.Common.CurrentVersion.targets(2451,5): warning MSB3277:             C:\Program Files\dotnet\packs\Microsoft.NETCore.App.Ref\8.0.25\ref/net8.0/WindowsBase.dll [C:\Users\ultra\warewolf\Dev\Warewolf.Studio.Core\Warewolf.Studio.Core.csproj]
C:\Program Files\dotnet\sdk\10.0.201\Microsoft.Common.CurrentVersion.targets(2451,5): warning MSB3277:         C:\Program Files\dotnet\packs\Microsoft.NETCore.App.Ref\8.0.25\ref\net8.0\mscorlib.dll [C:\Users\ultra\warewolf\Dev\Warewolf.Studio.Core\Warewolf.Studio.Core.csproj]
C:\Program Files\dotnet\sdk\10.0.201\Microsoft.Common.CurrentVersion.targets(2451,5): warning MSB3277:           Project file item includes which caused reference "C:\Program Files\dotnet\packs\Microsoft.NETCore.App.Ref\8.0.25\ref\net8.0\mscorlib.dll". [C:\Users\ultra\warewolf\Dev\Warewolf.Studio.Core\Warewolf.Studio.Core.csproj]
C:\Program Files\dotnet\sdk\10.0.201\Microsoft.Common.CurrentVersion.targets(2451,5): warning MSB3277:             C:\Program Files\dotnet\packs\Microsoft.NETCore.App.Ref\8.0.25\ref/net8.0/mscorlib.dll [C:\Users\ultra\warewolf\Dev\Warewolf.Studio.Core\Warewolf.Studio.Core.csproj]
C:\Program Files\dotnet\sdk\10.0.201\Microsoft.Common.CurrentVersion.targets(2451,5): warning MSB3277:             C:\Users\ultra\.nuget\packages\aerowizard\2.3.1\lib\net45\AeroWizard.dll [C:\Users\ultra\warewolf\Dev\Warewolf.Studio.Core\Warewolf.Studio.Core.csproj]
C:\Program Files\dotnet\sdk\10.0.201\Microsoft.Common.CurrentVersion.targets(2451,5): warning MSB3277:             C:\Users\ultra\.nuget\packages\groupcontrols\1.9.0\lib\net45\GroupControls.dll [C:\Users\ultra\warewolf\Dev\Warewolf.Studio.Core\Warewolf.Studio.Core.csproj]
C:\Program Files\dotnet\sdk\10.0.201\Microsoft.Common.CurrentVersion.targets(2451,5): warning MSB3277:             C:\Users\ultra\.nuget\packages\microsoft.xaml.behaviors.wpf\1.1.122\lib\net462\Microsoft.Xaml.Behaviors.dll [C:\Users\ultra\warewolf\Dev\Warewolf.Studio.Core\Warewolf.Studio.Core.csproj]
C:\Program Files\dotnet\sdk\10.0.201\Microsoft.Common.CurrentVersion.targets(2451,5): warning MSB3277:             C:\Users\ultra\.nuget\packages\caliburn.micro\4.0.212\lib\netcoreapp3.1\Caliburn.Micro.Platform.dll [C:\Users\ultra\warewolf\Dev\Warewolf.Studio.Core\Warewolf.Studio.Core.csproj]
C:\Program Files\dotnet\sdk\10.0.201\Microsoft.Common.CurrentVersion.targets(2451,5): warning MSB3277:             C:\Users\ultra\.nuget\packages\oracle.manageddataaccess.core\3.21.70\lib\netstandard2.1\Oracle.ManagedDataAccess.dll [C:\Users\ultra\warewolf\Dev\Warewolf.Studio.Core\Warewolf.Studio.Core.csproj]
C:\Program Files\dotnet\sdk\10.0.201\Microsoft.Common.CurrentVersion.targets(2451,5): warning MSB3277:             C:\Users\ultra\warewolf\Dev\Dev2.Runtime.Services\bin\Debug\net8.0\Dev2.Runtime.Services.dll [C:\Users\ultra\warewolf\Dev\Warewolf.Studio.Core\Warewolf.Studio.Core.csproj]
C:\Program Files\dotnet\sdk\10.0.201\Microsoft.Common.CurrentVersion.targets(2451,5): warning MSB3277:             C:\Users\ultra\warewolf\Dev\Dev2.Studio.Interfaces\bin\Debug\net8.0\Dev2.Studio.Interfaces.dll [C:\Users\ultra\warewolf\Dev\Warewolf.Studio.Core\Warewolf.Studio.Core.csproj]
C:\Program Files\dotnet\sdk\10.0.201\Microsoft.Common.CurrentVersion.targets(2451,5): warning MSB3277:             C:\Users\ultra\warewolf\Dev\Dev2.Services.Sql\bin\Debug\net8.0\Dev2.Services.Sql.dll [C:\Users\ultra\warewolf\Dev\Warewolf.Studio.Core\Warewolf.Studio.Core.csproj]
C:\Program Files\dotnet\sdk\10.0.201\Microsoft.Common.CurrentVersion.targets(2451,5): warning MSB3277:             C:\Users\ultra\.nuget\packages\prism.wpf\9.0.537\lib\net462\Prism.Wpf.dll [C:\Users\ultra\warewolf\Dev\Warewolf.Studio.Core\Warewolf.Studio.Core.csproj]
C:\Program Files\dotnet\sdk\10.0.201\Microsoft.Common.CurrentVersion.targets(2451,5): warning MSB3277:             C:\Users\ultra\.nuget\packages\reactiveui.wpf\18.4.1\lib\net462\ReactiveUI.Wpf.dll [C:\Users\ultra\warewolf\Dev\Warewolf.Studio.Core\Warewolf.Studio.Core.csproj]
C:\Program Files\dotnet\sdk\10.0.201\Microsoft.Common.CurrentVersion.targets(2451,5): warning MSB3277:             C:\Users\ultra\.nuget\packages\taskschedulereditor\2.10.1\lib\net452\Microsoft.Win32.TaskSchedulerEditor.dll [C:\Users\ultra\warewolf\Dev\Warewolf.Studio.Core\Warewolf.Studio.Core.csproj]
C:\Program Files\dotnet\sdk\10.0.201\Microsoft.Common.CurrentVersion.targets(2451,5): warning MSB3277:             C:\Users\ultra\.nuget\packages\ttcue.netcore.sharepointonline.csom.16.1.8029.1200\16.1.8029.1200\lib\netcoreapp2.0\Microsoft.SharePoint.Client.Runtime.Windows.dll [C:\Users\ultra\warewolf\Dev\Warewolf.Studio.Core\Warewolf.Studio.Core.csproj]
C:\Program Files\dotnet\sdk\10.0.201\Microsoft.Common.CurrentVersion.targets(2451,5): warning MSB3277: Found conflicts between different versions of "WindowsBase" that could not be resolved. [C:\Users\ultra\warewolf\Dev\Warewolf.Studio.Core\Warewolf.Studio.Core.csproj]
C:\Program Files\dotnet\sdk\10.0.201\Microsoft.Common.CurrentVersion.targets(2451,5): warning MSB3277: There was a conflict between "WindowsBase, Version=4.0.0.0, Culture=neutral, PublicKeyToken=31bf3856ad364e35" and "WindowsBase, Version=6.0.2.0, Culture=neutral, PublicKeyToken=31bf3856ad364e35". [C:\Users\ultra\warewolf\Dev\Warewolf.Studio.Core\Warewolf.Studio.Core.csproj]
C:\Program Files\dotnet\sdk\10.0.201\Microsoft.Common.CurrentVersion.targets(2451,5): warning MSB3277:     "WindowsBase, Version=4.0.0.0, Culture=neutral, PublicKeyToken=31bf3856ad364e35" was chosen because it was primary and "WindowsBase, Version=6.0.2.0, Culture=neutral, PublicKeyToken=31bf3856ad364e35" was not. [C:\Users\ultra\warewolf\Dev\Warewolf.Studio.Core\Warewolf.Studio.Core.csproj]
C:\Program Files\dotnet\sdk\10.0.201\Microsoft.Common.CurrentVersion.targets(2451,5): warning MSB3277:     References which depend on "WindowsBase, Version=4.0.0.0, Culture=neutral, PublicKeyToken=31bf3856ad364e35" [C:\Program Files\dotnet\packs\Microsoft.NETCore.App.Ref\8.0.25\ref\net8.0\WindowsBase.dll]. [C:\Users\ultra\warewolf\Dev\Warewolf.Studio.Core\Warewolf.Studio.Core.csproj]
C:\Program Files\dotnet\sdk\10.0.201\Microsoft.Common.CurrentVersion.targets(2451,5): warning MSB3277:         C:\Program Files\dotnet\packs\Microsoft.NETCore.App.Ref\8.0.25\ref\net8.0\WindowsBase.dll [C:\Users\ultra\warewolf\Dev\Warewolf.Studio.Core\Warewolf.Studio.Core.csproj]
C:\Program Files\dotnet\sdk\10.0.201\Microsoft.Common.CurrentVersion.targets(2451,5): warning MSB3277:           Project file item includes which caused reference "C:\Program Files\dotnet\packs\Microsoft.NETCore.App.Ref\8.0.25\ref\net8.0\WindowsBase.dll". [C:\Users\ultra\warewolf\Dev\Warewolf.Studio.Core\Warewolf.Studio.Core.csproj]
C:\Program Files\dotnet\sdk\10.0.201\Microsoft.Common.CurrentVersion.targets(2451,5): warning MSB3277:             C:\Program Files\dotnet\packs\Microsoft.NETCore.App.Ref\8.0.25\ref/net8.0/WindowsBase.dll [C:\Users\ultra\warewolf\Dev\Warewolf.Studio.Core\Warewolf.Studio.Core.csproj]
C:\Program Files\dotnet\sdk\10.0.201\Microsoft.Common.CurrentVersion.targets(2451,5): warning MSB3277:     References which depend on or have been unified to "WindowsBase, Version=6.0.2.0, Culture=neutral, PublicKeyToken=31bf3856ad364e35" []. [C:\Users\ultra\warewolf\Dev\Warewolf.Studio.Core\Warewolf.Studio.Core.csproj]
C:\Program Files\dotnet\sdk\10.0.201\Microsoft.Common.CurrentVersion.targets(2451,5): warning MSB3277:         C:\Users\ultra\warewolf\Dev\Binaries\Infragistcs_Net6\InfragisticsWPF4.Controls.Menus.XamDataTree.v15.1.dll [C:\Users\ultra\warewolf\Dev\Warewolf.Studio.Core\Warewolf.Studio.Core.csproj]
C:\Program Files\dotnet\sdk\10.0.201\Microsoft.Common.CurrentVersion.targets(2451,5): warning MSB3277:           Project file item includes which caused reference "C:\Users\ultra\warewolf\Dev\Binaries\Infragistcs_Net6\InfragisticsWPF4.Controls.Menus.XamDataTree.v15.1.dll". [C:\Users\ultra\warewolf\Dev\Warewolf.Studio.Core\Warewolf.Studio.Core.csproj]
C:\Program Files\dotnet\sdk\10.0.201\Microsoft.Common.CurrentVersion.targets(2451,5): warning MSB3277:             InfragisticsWPF4.Controls.Menus.XamDataTree.v15.1, Version=15.1.20151.2055, Culture=neutral, PublicKeyToken=7dd5c3163f2cd0cb, processorArchitecture=MSIL [C:\Users\ultra\warewolf\Dev\Warewolf.Studio.Core\Warewolf.Studio.Core.csproj]
C:\Program Files\dotnet\sdk\10.0.201\Microsoft.Common.CurrentVersion.targets(2451,5): warning MSB3277:         C:\Users\ultra\warewolf\Dev\Binaries\Infragistcs_Net6\InfragisticsWPF4.DataManager.v15.1.dll [C:\Users\ultra\warewolf\Dev\Warewolf.Studio.Core\Warewolf.Studio.Core.csproj]
C:\Program Files\dotnet\sdk\10.0.201\Microsoft.Common.CurrentVersion.targets(2451,5): warning MSB3277:           Project file item includes which caused reference "C:\Users\ultra\warewolf\Dev\Binaries\Infragistcs_Net6\InfragisticsWPF4.DataManager.v15.1.dll". [C:\Users\ultra\warewolf\Dev\Warewolf.Studio.Core\Warewolf.Studio.Core.csproj]
C:\Program Files\dotnet\sdk\10.0.201\Microsoft.Common.CurrentVersion.targets(2451,5): warning MSB3277:             InfragisticsWPF4.DataManager.v15.1, Version=15.1.20151.2055, Culture=neutral, PublicKeyToken=7dd5c3163f2cd0cb, processorArchitecture=MSIL [C:\Users\ultra\warewolf\Dev\Warewolf.Studio.Core\Warewolf.Studio.Core.csproj]
C:\Program Files\dotnet\sdk\10.0.201\Microsoft.Common.CurrentVersion.targets(2451,5): warning MSB3277:             InfragisticsWPF4.Controls.Menus.XamDataTree.v15.1, Version=15.1.20151.2055, Culture=neutral, PublicKeyToken=7dd5c3163f2cd0cb, processorArchitecture=MSIL [C:\Users\ultra\warewolf\Dev\Warewolf.Studio.Core\Warewolf.Studio.Core.csproj]
C:\Program Files\dotnet\sdk\10.0.201\Microsoft.Common.CurrentVersion.targets(2451,5): warning MSB3277:         C:\Users\ultra\warewolf\Dev\Binaries\Infragistcs_Net6\InfragisticsWPF4.DockManager.v15.1.dll [C:\Users\ultra\warewolf\Dev\Warewolf.Studio.Core\Warewolf.Studio.Core.csproj]
C:\Program Files\dotnet\sdk\10.0.201\Microsoft.Common.CurrentVersion.targets(2451,5): warning MSB3277:           Project file item includes which caused reference "C:\Users\ultra\warewolf\Dev\Binaries\Infragistcs_Net6\InfragisticsWPF4.DockManager.v15.1.dll". [C:\Users\ultra\warewolf\Dev\Warewolf.Studio.Core\Warewolf.Studio.Core.csproj]
C:\Program Files\dotnet\sdk\10.0.201\Microsoft.Common.CurrentVersion.targets(2451,5): warning MSB3277:             InfragisticsWPF4.DockManager.v15.1, Version=15.1.20151.2055, Culture=neutral, PublicKeyToken=7dd5c3163f2cd0cb, processorArchitecture=MSIL [C:\Users\ultra\warewolf\Dev\Warewolf.Studio.Core\Warewolf.Studio.Core.csproj]
C:\Program Files\dotnet\sdk\10.0.201\Microsoft.Common.CurrentVersion.targets(2451,5): warning MSB3277:         C:\Users\ultra\warewolf\Dev\Binaries\Infragistcs_Net6\InfragisticsWPF4.v15.1.dll [C:\Users\ultra\warewolf\Dev\Warewolf.Studio.Core\Warewolf.Studio.Core.csproj]
C:\Program Files\dotnet\sdk\10.0.201\Microsoft.Common.CurrentVersion.targets(2451,5): warning MSB3277:           Project file item includes which caused reference "C:\Users\ultra\warewolf\Dev\Binaries\Infragistcs_Net6\InfragisticsWPF4.v15.1.dll". [C:\Users\ultra\warewolf\Dev\Warewolf.Studio.Core\Warewolf.Studio.Core.csproj]
C:\Program Files\dotnet\sdk\10.0.201\Microsoft.Common.CurrentVersion.targets(2451,5): warning MSB3277:             InfragisticsWPF4.v15.1, Version=15.1.20151.2055, Culture=neutral, PublicKeyToken=7dd5c3163f2cd0cb, processorArchitecture=MSIL [C:\Users\ultra\warewolf\Dev\Warewolf.Studio.Core\Warewolf.Studio.Core.csproj]
C:\Program Files\dotnet\sdk\10.0.201\Microsoft.Common.CurrentVersion.targets(2451,5): warning MSB3277:             InfragisticsWPF4.Controls.Menus.XamDataTree.v15.1, Version=15.1.20151.2055, Culture=neutral, PublicKeyToken=7dd5c3163f2cd0cb, processorArchitecture=MSIL [C:\Users\ultra\warewolf\Dev\Warewolf.Studio.Core\Warewolf.Studio.Core.csproj]
C:\Program Files\dotnet\sdk\10.0.201\Microsoft.Common.CurrentVersion.targets(2451,5): warning MSB3277:             InfragisticsWPF4.DataManager.v15.1, Version=15.1.20151.2055, Culture=neutral, PublicKeyToken=7dd5c3163f2cd0cb, processorArchitecture=MSIL [C:\Users\ultra\warewolf\Dev\Warewolf.Studio.Core\Warewolf.Studio.Core.csproj]
C:\Program Files\dotnet\sdk\10.0.201\Microsoft.Common.CurrentVersion.targets(2451,5): warning MSB3277:             InfragisticsWPF4.DockManager.v15.1, Version=15.1.20151.2055, Culture=neutral, PublicKeyToken=7dd5c3163f2cd0cb, processorArchitecture=MSIL [C:\Users\ultra\warewolf\Dev\Warewolf.Studio.Core\Warewolf.Studio.Core.csproj]
C:\Program Files\dotnet\sdk\10.0.201\Microsoft.Common.CurrentVersion.targets(2451,5): warning MSB3277:         C:\Users\ultra\.nuget\packages\caliburn.micro\4.0.212\lib\netcoreapp3.1\Caliburn.Micro.Platform.dll [C:\Users\ultra\warewolf\Dev\Warewolf.Studio.Core\Warewolf.Studio.Core.csproj]
C:\Program Files\dotnet\sdk\10.0.201\Microsoft.Common.CurrentVersion.targets(2451,5): warning MSB3277:           Project file item includes which caused reference "C:\Users\ultra\.nuget\packages\caliburn.micro\4.0.212\lib\netcoreapp3.1\Caliburn.Micro.Platform.dll". [C:\Users\ultra\warewolf\Dev\Warewolf.Studio.Core\Warewolf.Studio.Core.csproj]
C:\Program Files\dotnet\sdk\10.0.201\Microsoft.Common.CurrentVersion.targets(2451,5): warning MSB3277:             C:\Users\ultra\.nuget\packages\caliburn.micro\4.0.212\lib\netcoreapp3.1\Caliburn.Micro.Platform.dll [C:\Users\ultra\warewolf\Dev\Warewolf.Studio.Core\Warewolf.Studio.Core.csproj]
C:\Program Files\dotnet\sdk\10.0.201\Microsoft.Common.CurrentVersion.targets(2451,5): warning MSB3277:         C:\Users\ultra\.nuget\packages\microsoft.xaml.behaviors.wpf\1.1.122\lib\net462\Microsoft.Xaml.Behaviors.dll [C:\Users\ultra\warewolf\Dev\Warewolf.Studio.Core\Warewolf.Studio.Core.csproj]
C:\Program Files\dotnet\sdk\10.0.201\Microsoft.Common.CurrentVersion.targets(2451,5): warning MSB3277:           Project file item includes which caused reference "C:\Users\ultra\.nuget\packages\microsoft.xaml.behaviors.wpf\1.1.122\lib\net462\Microsoft.Xaml.Behaviors.dll". [C:\Users\ultra\warewolf\Dev\Warewolf.Studio.Core\Warewolf.Studio.Core.csproj]
C:\Program Files\dotnet\sdk\10.0.201\Microsoft.Common.CurrentVersion.targets(2451,5): warning MSB3277:             C:\Users\ultra\.nuget\packages\microsoft.xaml.behaviors.wpf\1.1.122\lib\net462\Microsoft.Xaml.Behaviors.dll [C:\Users\ultra\warewolf\Dev\Warewolf.Studio.Core\Warewolf.Studio.Core.csproj]
C:\Program Files\dotnet\sdk\10.0.201\Microsoft.Common.CurrentVersion.targets(2451,5): warning MSB3277:             C:\Users\ultra\.nuget\packages\caliburn.micro\4.0.212\lib\netcoreapp3.1\Caliburn.Micro.Platform.dll [C:\Users\ultra\warewolf\Dev\Warewolf.Studio.Core\Warewolf.Studio.Core.csproj]
C:\Program Files\dotnet\sdk\10.0.201\Microsoft.Common.CurrentVersion.targets(2451,5): warning MSB3277:             C:\Users\ultra\.nuget\packages\prism.wpf\9.0.537\lib\net462\Prism.Wpf.dll [C:\Users\ultra\warewolf\Dev\Warewolf.Studio.Core\Warewolf.Studio.Core.csproj]
C:\Program Files\dotnet\sdk\10.0.201\Microsoft.Common.CurrentVersion.targets(2451,5): warning MSB3277:         C:\Users\ultra\.nuget\packages\prism.wpf\9.0.537\lib\net462\Prism.Wpf.dll [C:\Users\ultra\warewolf\Dev\Warewolf.Studio.Core\Warewolf.Studio.Core.csproj]
C:\Program Files\dotnet\sdk\10.0.201\Microsoft.Common.CurrentVersion.targets(2451,5): warning MSB3277:           Project file item includes which caused reference "C:\Users\ultra\.nuget\packages\prism.wpf\9.0.537\lib\net462\Prism.Wpf.dll". [C:\Users\ultra\warewolf\Dev\Warewolf.Studio.Core\Warewolf.Studio.Core.csproj]
C:\Program Files\dotnet\sdk\10.0.201\Microsoft.Common.CurrentVersion.targets(2451,5): warning MSB3277:             C:\Users\ultra\.nuget\packages\prism.wpf\9.0.537\lib\net462\Prism.Wpf.dll [C:\Users\ultra\warewolf\Dev\Warewolf.Studio.Core\Warewolf.Studio.Core.csproj]
C:\Program Files\dotnet\sdk\10.0.201\Microsoft.Common.CurrentVersion.targets(2451,5): warning MSB3277:         C:\Users\ultra\.nuget\packages\reactiveui.wpf\18.4.1\lib\net462\ReactiveUI.Wpf.dll [C:\Users\ultra\warewolf\Dev\Warewolf.Studio.Core\Warewolf.Studio.Core.csproj]
C:\Program Files\dotnet\sdk\10.0.201\Microsoft.Common.CurrentVersion.targets(2451,5): warning MSB3277:           Project file item includes which caused reference "C:\Users\ultra\.nuget\packages\reactiveui.wpf\18.4.1\lib\net462\ReactiveUI.Wpf.dll". [C:\Users\ultra\warewolf\Dev\Warewolf.Studio.Core\Warewolf.Studio.Core.csproj]
C:\Program Files\dotnet\sdk\10.0.201\Microsoft.Common.CurrentVersion.targets(2451,5): warning MSB3277:             C:\Users\ultra\.nuget\packages\reactiveui.wpf\18.4.1\lib\net462\ReactiveUI.Wpf.dll [C:\Users\ultra\warewolf\Dev\Warewolf.Studio.Core\Warewolf.Studio.Core.csproj]
C:\Program Files\dotnet\sdk\10.0.201\Microsoft.Common.CurrentVersion.targets(2451,5): warning MSB3277:         C:\Users\ultra\warewolf\Dev\Binaries\Infragistcs_Net6\InfragisticsWPF4.DragDrop.v15.1.dll [C:\Users\ultra\warewolf\Dev\Warewolf.Studio.Core\Warewolf.Studio.Core.csproj]
C:\Program Files\dotnet\sdk\10.0.201\Microsoft.Common.CurrentVersion.targets(2451,5): warning MSB3277:           Project file item includes which caused reference "C:\Users\ultra\warewolf\Dev\Binaries\Infragistcs_Net6\InfragisticsWPF4.DragDrop.v15.1.dll". [C:\Users\ultra\warewolf\Dev\Warewolf.Studio.Core\Warewolf.Studio.Core.csproj]
C:\Program Files\dotnet\sdk\10.0.201\Microsoft.Common.CurrentVersion.targets(2451,5): warning MSB3277:             InfragisticsWPF4.Controls.Menus.XamDataTree.v15.1, Version=15.1.20151.2055, Culture=neutral, PublicKeyToken=7dd5c3163f2cd0cb, processorArchitecture=MSIL [C:\Users\ultra\warewolf\Dev\Warewolf.Studio.Core\Warewolf.Studio.Core.csproj]
C:\Program Files\dotnet\sdk\10.0.201\Microsoft.Common.CurrentVersion.targets(2451,5): warning MSB3277: Found conflicts between different versions of "WindowsBase" that could not be resolved. [C:\Users\ultra\warewolf\Dev\Dev2.Activities\Dev2.Activities.csproj]
C:\Program Files\dotnet\sdk\10.0.201\Microsoft.Common.CurrentVersion.targets(2451,5): warning MSB3277: There was a conflict between "WindowsBase, Version=4.0.0.0, Culture=neutral, PublicKeyToken=31bf3856ad364e35" and "WindowsBase, Version=6.0.2.0, Culture=neutral, PublicKeyToken=31bf3856ad364e35". [C:\Users\ultra\warewolf\Dev\Dev2.Activities\Dev2.Activities.csproj]
C:\Program Files\dotnet\sdk\10.0.201\Microsoft.Common.CurrentVersion.targets(2451,5): warning MSB3277:     "WindowsBase, Version=4.0.0.0, Culture=neutral, PublicKeyToken=31bf3856ad364e35" was chosen because it was primary and "WindowsBase, Version=6.0.2.0, Culture=neutral, PublicKeyToken=31bf3856ad364e35" was not. [C:\Users\ultra\warewolf\Dev\Dev2.Activities\Dev2.Activities.csproj]
C:\Program Files\dotnet\sdk\10.0.201\Microsoft.Common.CurrentVersion.targets(2451,5): warning MSB3277:     References which depend on "WindowsBase, Version=4.0.0.0, Culture=neutral, PublicKeyToken=31bf3856ad364e35" [C:\Program Files\dotnet\packs\Microsoft.NETCore.App.Ref\8.0.25\ref\net8.0\WindowsBase.dll]. [C:\Users\ultra\warewolf\Dev\Dev2.Activities\Dev2.Activities.csproj]
C:\Program Files\dotnet\sdk\10.0.201\Microsoft.Common.CurrentVersion.targets(2451,5): warning MSB3277:         C:\Program Files\dotnet\packs\Microsoft.NETCore.App.Ref\8.0.25\ref\net8.0\WindowsBase.dll [C:\Users\ultra\warewolf\Dev\Dev2.Activities\Dev2.Activities.csproj]
C:\Program Files\dotnet\sdk\10.0.201\Microsoft.Common.CurrentVersion.targets(2451,5): warning MSB3277:           Project file item includes which caused reference "C:\Program Files\dotnet\packs\Microsoft.NETCore.App.Ref\8.0.25\ref\net8.0\WindowsBase.dll". [C:\Users\ultra\warewolf\Dev\Dev2.Activities\Dev2.Activities.csproj]
C:\Program Files\dotnet\sdk\10.0.201\Microsoft.Common.CurrentVersion.targets(2451,5): warning MSB3277:             C:\Program Files\dotnet\packs\Microsoft.NETCore.App.Ref\8.0.25\ref/net8.0/WindowsBase.dll [C:\Users\ultra\warewolf\Dev\Dev2.Activities\Dev2.Activities.csproj]
C:\Program Files\dotnet\sdk\10.0.201\Microsoft.Common.CurrentVersion.targets(2451,5): warning MSB3277:     References which depend on or have been unified to "WindowsBase, Version=6.0.2.0, Culture=neutral, PublicKeyToken=31bf3856ad364e35" []. [C:\Users\ultra\warewolf\Dev\Dev2.Activities\Dev2.Activities.csproj]
C:\Program Files\dotnet\sdk\10.0.201\Microsoft.Common.CurrentVersion.targets(2451,5): warning MSB3277:         C:\Users\ultra\.nuget\packages\caliburn.micro\4.0.212\lib\netcoreapp3.1\Caliburn.Micro.Platform.dll [C:\Users\ultra\warewolf\Dev\Dev2.Activities\Dev2.Activities.csproj]
C:\Program Files\dotnet\sdk\10.0.201\Microsoft.Common.CurrentVersion.targets(2451,5): warning MSB3277:           Project file item includes which caused reference "C:\Users\ultra\.nuget\packages\caliburn.micro\4.0.212\lib\netcoreapp3.1\Caliburn.Micro.Platform.dll". [C:\Users\ultra\warewolf\Dev\Dev2.Activities\Dev2.Activities.csproj]
C:\Program Files\dotnet\sdk\10.0.201\Microsoft.Common.CurrentVersion.targets(2451,5): warning MSB3277:             C:\Users\ultra\.nuget\packages\caliburn.micro\4.0.212\lib\netcoreapp3.1\Caliburn.Micro.Platform.dll [C:\Users\ultra\warewolf\Dev\Dev2.Activities\Dev2.Activities.csproj]
C:\Program Files\dotnet\sdk\10.0.201\Microsoft.Common.CurrentVersion.targets(2451,5): warning MSB3277:         C:\Users\ultra\.nuget\packages\ironpython\3.4.0\lib\net6.0\IronPython.Wpf.dll [C:\Users\ultra\warewolf\Dev\Dev2.Activities\Dev2.Activities.csproj]
C:\Program Files\dotnet\sdk\10.0.201\Microsoft.Common.CurrentVersion.targets(2451,5): warning MSB3277:           Project file item includes which caused reference "C:\Users\ultra\.nuget\packages\ironpython\3.4.0\lib\net6.0\IronPython.Wpf.dll". [C:\Users\ultra\warewolf\Dev\Dev2.Activities\Dev2.Activities.csproj]
C:\Program Files\dotnet\sdk\10.0.201\Microsoft.Common.CurrentVersion.targets(2451,5): warning MSB3277:             C:\Users\ultra\.nuget\packages\ironpython\3.4.0\lib\net6.0\IronPython.Wpf.dll [C:\Users\ultra\warewolf\Dev\Dev2.Activities\Dev2.Activities.csproj]
C:\Program Files\dotnet\sdk\10.0.201\Microsoft.Common.CurrentVersion.targets(2451,5): warning MSB3277:         C:\Users\ultra\.nuget\packages\microsoft.xaml.behaviors.wpf\1.1.19\lib\netcoreapp3.0\Microsoft.Xaml.Behaviors.dll [C:\Users\ultra\warewolf\Dev\Dev2.Activities\Dev2.Activities.csproj]
C:\Program Files\dotnet\sdk\10.0.201\Microsoft.Common.CurrentVersion.targets(2451,5): warning MSB3277:           Project file item includes which caused reference "C:\Users\ultra\.nuget\packages\microsoft.xaml.behaviors.wpf\1.1.19\lib\netcoreapp3.0\Microsoft.Xaml.Behaviors.dll". [C:\Users\ultra\warewolf\Dev\Dev2.Activities\Dev2.Activities.csproj]
C:\Program Files\dotnet\sdk\10.0.201\Microsoft.Common.CurrentVersion.targets(2451,5): warning MSB3277:             C:\Users\ultra\.nuget\packages\microsoft.xaml.behaviors.wpf\1.1.19\lib\netcoreapp3.0\Microsoft.Xaml.Behaviors.dll [C:\Users\ultra\warewolf\Dev\Dev2.Activities\Dev2.Activities.csproj]
C:\Program Files\dotnet\sdk\10.0.201\Microsoft.Common.CurrentVersion.targets(2451,5): warning MSB3277:             C:\Users\ultra\.nuget\packages\caliburn.micro\4.0.212\lib\netcoreapp3.1\Caliburn.Micro.Platform.dll [C:\Users\ultra\warewolf\Dev\Dev2.Activities\Dev2.Activities.csproj]
C:\Program Files\dotnet\sdk\10.0.201\Microsoft.Common.CurrentVersion.targets(2451,5): warning MSB3277:         C:\Users\ultra\.nuget\packages\reactiveui.wpf\18.4.1\lib\net462\ReactiveUI.Wpf.dll [C:\Users\ultra\warewolf\Dev\Dev2.Activities\Dev2.Activities.csproj]
C:\Program Files\dotnet\sdk\10.0.201\Microsoft.Common.CurrentVersion.targets(2451,5): warning MSB3277:           Project file item includes which caused reference "C:\Users\ultra\.nuget\packages\reactiveui.wpf\18.4.1\lib\net462\ReactiveUI.Wpf.dll". [C:\Users\ultra\warewolf\Dev\Dev2.Activities\Dev2.Activities.csproj]
C:\Program Files\dotnet\sdk\10.0.201\Microsoft.Common.CurrentVersion.targets(2451,5): warning MSB3277:             C:\Users\ultra\.nuget\packages\reactiveui.wpf\18.4.1\lib\net462\ReactiveUI.Wpf.dll [C:\Users\ultra\warewolf\Dev\Dev2.Activities\Dev2.Activities.csproj]
  Consider app.config remapping of assembly "System.Runtime.CompilerServices.Unsafe, Culture=neutral, PublicKeyToken=b03f5f7f11d50a3a" from Version "6.0.0.0" [] to Version "8.0.0.0" [C:\Program Files\dotnet\packs\Microsoft.NETCore.App.Ref\8.0.25\ref\net8.0\System.Runtime.CompilerServices.Unsafe.dll] to solve conflict and get rid of warning.
  Warewolf.Studio.Core -> C:\Users\ultra\warewolf\Dev\Warewolf.Studio.Core\bin\Debug\net8.0\Warewolf.Studio.Core.dll
C:\Users\ultra\warewolf\Dev\Dev2.Activities\WorkflowConverters\ActivityPropertiesReaderHelper.cs(54,45): warning CS8632: The annotation for nullable reference types should only be used in code within a '#nullable' annotations context. [C:\Users\ultra\warewolf\Dev\Dev2.Activities\Dev2.Activities.csproj]
C:\Users\ultra\warewolf\Dev\Dev2.Activities\WorkflowConverters\SwitchActivityDataHelper.cs(106,58): warning CS8632: The annotation for nullable reference types should only be used in code within a '#nullable' annotations context. [C:\Users\ultra\warewolf\Dev\Dev2.Activities\Dev2.Activities.csproj]
C:\Users\ultra\warewolf\Dev\Dev2.Activities\WorkflowConverters\SwitchActivityDataHelper.cs(225,65): warning CS8632: The annotation for nullable reference types should only be used in code within a '#nullable' annotations context. [C:\Users\ultra\warewolf\Dev\Dev2.Activities\Dev2.Activities.csproj]
C:\Users\ultra\warewolf\Dev\Dev2.Activities\WorkflowConverters\SwitchActivityDataHelper.cs(225,25): warning CS8632: The annotation for nullable reference types should only be used in code within a '#nullable' annotations context. [C:\Users\ultra\warewolf\Dev\Dev2.Activities\Dev2.Activities.csproj]
C:\Users\ultra\warewolf\Dev\Dev2.Activities\WorkflowConverters\SwitchActivityDataHelper.cs(342,61): warning CS8632: The annotation for nullable reference types should only be used in code within a '#nullable' annotations context. [C:\Users\ultra\warewolf\Dev\Dev2.Activities\Dev2.Activities.csproj]
C:\Users\ultra\warewolf\Dev\Dev2.Activities\WorkflowConverters\SwitchActivityDataHelper.cs(342,30): warning CS8632: The annotation for nullable reference types should only be used in code within a '#nullable' annotations context. [C:\Users\ultra\warewolf\Dev\Dev2.Activities\Dev2.Activities.csproj]
C:\Users\ultra\warewolf\Dev\Dev2.Activities\WorkflowConverters\SwitchActivityDataHelper.cs(32,25): warning CS8632: The annotation for nullable reference types should only be used in code within a '#nullable' annotations context. [C:\Users\ultra\warewolf\Dev\Dev2.Activities\Dev2.Activities.csproj]
C:\Users\ultra\warewolf\Dev\Dev2.Activities\WorkflowConverters\SwitchActivityDataHelper.cs(33,25): warning CS8632: The annotation for nullable reference types should only be used in code within a '#nullable' annotations context. [C:\Users\ultra\warewolf\Dev\Dev2.Activities\Dev2.Activities.csproj]
C:\Users\ultra\warewolf\Dev\Dev2.Activities\WorkflowConverters\SwitchActivityDataHelper.cs(34,25): warning CS8632: The annotation for nullable reference types should only be used in code within a '#nullable' annotations context. [C:\Users\ultra\warewolf\Dev\Dev2.Activities\Dev2.Activities.csproj]
C:\Users\ultra\warewolf\Dev\Dev2.Activities\WorkflowConverters\SwitchActivityDataHelper.cs(35,25): warning CS8632: The annotation for nullable reference types should only be used in code within a '#nullable' annotations context. [C:\Users\ultra\warewolf\Dev\Dev2.Activities\Dev2.Activities.csproj]
C:\Users\ultra\warewolf\Dev\Dev2.Activities\WorkflowConverters\SwitchActivityDataHelper.cs(36,25): warning CS8632: The annotation for nullable reference types should only be used in code within a '#nullable' annotations context. [C:\Users\ultra\warewolf\Dev\Dev2.Activities\Dev2.Activities.csproj]
C:\Users\ultra\warewolf\Dev\Dev2.Activities\WorkflowConverters\SwitchActivityDataHelper.cs(37,25): warning CS8632: The annotation for nullable reference types should only be used in code within a '#nullable' annotations context. [C:\Users\ultra\warewolf\Dev\Dev2.Activities\Dev2.Activities.csproj]
C:\Users\ultra\warewolf\Dev\Dev2.Activities\WorkflowConverters\SwitchActivityDataHelper.cs(108,19): warning CS8632: The annotation for nullable reference types should only be used in code within a '#nullable' annotations context. [C:\Users\ultra\warewolf\Dev\Dev2.Activities\Dev2.Activities.csproj]
C:\Users\ultra\warewolf\Dev\Dev2.Activities\WorkflowConverters\ActivityPropertiesReaderHelper.cs(60,59): warning CS8632: The annotation for nullable reference types should only be used in code within a '#nullable' annotations context. [C:\Users\ultra\warewolf\Dev\Dev2.Activities\Dev2.Activities.csproj]
C:\Users\ultra\warewolf\Dev\Dev2.Activities\Activities\GateActivity.cs(639,21): warning CC0003: Consider adding an Exception to the catch. (https://code-cracker.github.io/diagnostics/CC0003.html) [C:\Users\ultra\warewolf\Dev\Dev2.Activities\Dev2.Activities.csproj]
C:\Users\ultra\warewolf\Dev\Dev2.Activities\Activities\GateActivity.cs(656,21): warning CC0003: Consider adding an Exception to the catch. (https://code-cracker.github.io/diagnostics/CC0003.html) [C:\Users\ultra\warewolf\Dev\Dev2.Activities\Dev2.Activities.csproj]
C:\Users\ultra\warewolf\Dev\Dev2.Activities\Activities\GateActivity.cs(733,24): warning CC0022: WarewolfListIterator should be disposed. (https://code-cracker.github.io/diagnostics/CC0022.html) [C:\Users\ultra\warewolf\Dev\Dev2.Activities\Dev2.Activities.csproj]
C:\Users\ultra\warewolf\Dev\Dev2.Activities\WorkflowConverters\X6ToWorkflowConverter.cs(375,13): warning CC0003: Consider adding an Exception to the catch. (https://code-cracker.github.io/diagnostics/CC0003.html) [C:\Users\ultra\warewolf\Dev\Dev2.Activities\Dev2.Activities.csproj]
C:\Users\ultra\warewolf\Dev\Dev2.Activities\WorkflowConverters\X6ToWorkflowConverter.cs(833,17): warning CC0120: Consider put an default clause in Switch. (https://code-cracker.github.io/diagnostics/CC0120.html) [C:\Users\ultra\warewolf\Dev\Dev2.Activities\Dev2.Activities.csproj]
C:\Users\ultra\warewolf\Dev\Dev2.Activities\WorkflowConverters\X6ToWorkflowConverter.cs(958,13): warning CC0004: Empty Catch Block. (https://code-cracker.github.io/diagnostics/CC0004.html) [C:\Users\ultra\warewolf\Dev\Dev2.Activities\Dev2.Activities.csproj]
C:\Users\ultra\warewolf\Dev\Dev2.Activities\Activities\WebPostActivity.cs(238,28): warning CC0022: WarewolfListIterator should be disposed. (https://code-cracker.github.io/diagnostics/CC0022.html) [C:\Users\ultra\warewolf\Dev\Dev2.Activities\Dev2.Activities.csproj]
C:\Users\ultra\warewolf\Dev\Dev2.Activities\Activities\WebPostActivityNew.cs(281,28): warning CC0022: WarewolfListIterator should be disposed. (https://code-cracker.github.io/diagnostics/CC0022.html) [C:\Users\ultra\warewolf\Dev\Dev2.Activities\Dev2.Activities.csproj]
C:\Users\ultra\warewolf\Dev\Dev2.Activities\Activities\PathOperations\FileWriteActivity.cs(54,26): warning CC0022: WarewolfListIterator should be disposed. (https://code-cracker.github.io/diagnostics/CC0022.html) [C:\Users\ultra\warewolf\Dev\Dev2.Activities\Dev2.Activities.csproj]
C:\Users\ultra\warewolf\Dev\Dev2.Activities\WorkflowConverters\WorkflowToX6Converter.cs(567,13): warning CC0105: Use 'var' instead of specifying the type name. (https://code-cracker.github.io/diagnostics/CC0105.html) [C:\Users\ultra\warewolf\Dev\Dev2.Activities\Dev2.Activities.csproj]
C:\Users\ultra\warewolf\Dev\Dev2.Activities\WorkflowConverters\WorkflowToX6Converter.cs(998,13): warning CC0004: Empty Catch Block. (https://code-cracker.github.io/diagnostics/CC0004.html) [C:\Users\ultra\warewolf\Dev\Dev2.Activities\Dev2.Activities.csproj]
C:\Users\ultra\warewolf\Dev\Dev2.Activities\WorkflowConverters\WorkflowToX6Converter.cs(1376,17): warning CC0004: Empty Catch Block. (https://code-cracker.github.io/diagnostics/CC0004.html) [C:\Users\ultra\warewolf\Dev\Dev2.Activities\Dev2.Activities.csproj]
C:\Users\ultra\warewolf\Dev\Dev2.Activities\WorkflowConverters\WorkflowToX6Converter.cs(1365,13): warning CC0006: You can use foreach instead of for. (https://code-cracker.github.io/diagnostics/CC0006.html) [C:\Users\ultra\warewolf\Dev\Dev2.Activities\Dev2.Activities.csproj]
C:\Users\ultra\warewolf\Dev\Dev2.Activities\Activities\DsfWebActivityBase.cs(136,96): warning CC0022: StringContent should be disposed. (https://code-cracker.github.io/diagnostics/CC0022.html) [C:\Users\ultra\warewolf\Dev\Dev2.Activities\Dev2.Activities.csproj]
C:\Users\ultra\warewolf\Dev\Dev2.Activities\Activities\DsfWebActivityBase.cs(158,42): warning CC0022: StreamReader should be disposed. (https://code-cracker.github.io/diagnostics/CC0022.html) [C:\Users\ultra\warewolf\Dev\Dev2.Activities\Dev2.Activities.csproj]
C:\Users\ultra\warewolf\Dev\Dev2.Activities\Activities\DsfWebActivityBase.cs(175,35): warning CC0022: ByteArrayContent should be disposed. (https://code-cracker.github.io/diagnostics/CC0022.html) [C:\Users\ultra\warewolf\Dev\Dev2.Activities\Dev2.Activities.csproj]
C:\Users\ultra\warewolf\Dev\Dev2.Activities\Activities\DsfWebActivityBase.cs(184,31): warning CC0022: StringContent should be disposed. (https://code-cracker.github.io/diagnostics/CC0022.html) [C:\Users\ultra\warewolf\Dev\Dev2.Activities\Dev2.Activities.csproj]
C:\Users\ultra\warewolf\Dev\Dev2.Activities\Activities\GetSystemInformationHelper.cs(95,36): warning CA1416: This call site is reachable on all platforms. 'ManagementBaseObject.GetPropertyValue(string)' is only supported on: 'windows'. (https://learn.microsoft.com/dotnet/fundamentals/code-analysis/quality-rules/ca1416) [C:\Users\ultra\warewolf\Dev\Dev2.Activities\Dev2.Activities.csproj]
C:\Users\ultra\warewolf\Dev\Dev2.Activities\Activities\GetSystemInformationHelper.cs(326,28): warning CA1416: This call site is reachable on all platforms. 'ObjectQuery' is only supported on: 'windows'. (https://learn.microsoft.com/dotnet/fundamentals/code-analysis/quality-rules/ca1416) [C:\Users\ultra\warewolf\Dev\Dev2.Activities\Dev2.Activities.csproj]
C:\Users\ultra\warewolf\Dev\Dev2.Activities\Activities\GetSystemInformationHelper.cs(332,60): warning CA1416: This call site is reachable on all platforms. 'ManagementBaseObject.this[string]' is only supported on: 'windows'. (https://learn.microsoft.com/dotnet/fundamentals/code-analysis/quality-rules/ca1416) [C:\Users\ultra\warewolf\Dev\Dev2.Activities\Dev2.Activities.csproj]
C:\Users\ultra\warewolf\Dev\Dev2.Activities\Activities\GetSystemInformationHelper.cs(327,28): warning CA1416: This call site is reachable on all platforms. 'ManagementObjectSearcher' is only supported on: 'windows'. (https://learn.microsoft.com/dotnet/fundamentals/code-analysis/quality-rules/ca1416) [C:\Users\ultra\warewolf\Dev\Dev2.Activities\Dev2.Activities.csproj]
C:\Users\ultra\warewolf\Dev\Dev2.Activities\Activities\GetSystemInformationHelper.cs(329,31): warning CA1416: This call site is reachable on all platforms. 'ManagementObjectSearcher.Get()' is only supported on: 'windows'. (https://learn.microsoft.com/dotnet/fundamentals/code-analysis/quality-rules/ca1416) [C:\Users\ultra\warewolf\Dev\Dev2.Activities\Dev2.Activities.csproj]
C:\Users\ultra\warewolf\Dev\Dev2.Activities\Activities\GetSystemInformationHelper.cs(372,17): warning CA1416: This call site is reachable on all platforms. 'WindowsIdentity.Groups' is only supported on: 'windows'. (https://learn.microsoft.com/dotnet/fundamentals/code-analysis/quality-rules/ca1416) [C:\Users\ultra\warewolf\Dev\Dev2.Activities\Dev2.Activities.csproj]
C:\Users\ultra\warewolf\Dev\Dev2.Activities\Activities\GetSystemInformationHelper.cs(346,58): warning CA1416: This call site is reachable on all platforms. 'ManagementBaseObject.this[string]' is only supported on: 'windows'. (https://learn.microsoft.com/dotnet/fundamentals/code-analysis/quality-rules/ca1416) [C:\Users\ultra\warewolf\Dev\Dev2.Activities\Dev2.Activities.csproj]
C:\Users\ultra\warewolf\Dev\Dev2.Activities\Activities\GetSystemInformationHelper.cs(374,37): warning CA1416: This call site is reachable on all platforms. 'WindowsIdentity.Groups' is only supported on: 'windows'. (https://learn.microsoft.com/dotnet/fundamentals/code-analysis/quality-rules/ca1416) [C:\Users\ultra\warewolf\Dev\Dev2.Activities\Dev2.Activities.csproj]
C:\Users\ultra\warewolf\Dev\Dev2.Activities\Activities\GetSystemInformationHelper.cs(370,92): warning CA1416: This call site is reachable on all platforms. 'WindowsIdentity.GetCurrent()' is only supported on: 'windows'. (https://learn.microsoft.com/dotnet/fundamentals/code-analysis/quality-rules/ca1416) [C:\Users\ultra\warewolf\Dev\Dev2.Activities\Dev2.Activities.csproj]
C:\Users\ultra\warewolf\Dev\Dev2.Activities\Activities\GetSystemInformationHelper.cs(345,53): warning CA1416: This call site is reachable on all platforms. 'ManagementBaseObject.this[string]' is only supported on: 'windows'. (https://learn.microsoft.com/dotnet/fundamentals/code-analysis/quality-rules/ca1416) [C:\Users\ultra\warewolf\Dev\Dev2.Activities\Dev2.Activities.csproj]
C:\Users\ultra\warewolf\Dev\Dev2.Activities\Activities\GetSystemInformationHelper.cs(340,28): warning CA1416: This call site is reachable on all platforms. 'ObjectQuery' is only supported on: 'windows'. (https://learn.microsoft.com/dotnet/fundamentals/code-analysis/quality-rules/ca1416) [C:\Users\ultra\warewolf\Dev\Dev2.Activities\Dev2.Activities.csproj]
C:\Users\ultra\warewolf\Dev\Dev2.Activities\Activities\GetSystemInformationHelper.cs(341,28): warning CA1416: This call site is reachable on all platforms. 'ManagementObjectSearcher' is only supported on: 'windows'. (https://learn.microsoft.com/dotnet/fundamentals/code-analysis/quality-rules/ca1416) [C:\Users\ultra\warewolf\Dev\Dev2.Activities\Dev2.Activities.csproj]
C:\Users\ultra\warewolf\Dev\Dev2.Activities\Activities\GetSystemInformationHelper.cs(342,31): warning CA1416: This call site is reachable on all platforms. 'ManagementObjectSearcher.Get()' is only supported on: 'windows'. (https://learn.microsoft.com/dotnet/fundamentals/code-analysis/quality-rules/ca1416) [C:\Users\ultra\warewolf\Dev\Dev2.Activities\Dev2.Activities.csproj]
C:\Users\ultra\warewolf\Dev\Dev2.Activities\Activities\GetSystemInformationHelper.cs(392,90): warning CA1416: This call site is reachable on all platforms. 'IdentityReference.Value' is only supported on: 'windows'. (https://learn.microsoft.com/dotnet/fundamentals/code-analysis/quality-rules/ca1416) [C:\Users\ultra\warewolf\Dev\Dev2.Activities\Dev2.Activities.csproj]
C:\Users\ultra\warewolf\Dev\Dev2.Activities\Activities\GetSystemInformationHelper.cs(392,32): warning CA1416: This call site is reachable on all platforms. 'ObjectQuery' is only supported on: 'windows'. (https://learn.microsoft.com/dotnet/fundamentals/code-analysis/quality-rules/ca1416) [C:\Users\ultra\warewolf\Dev\Dev2.Activities\Dev2.Activities.csproj]
C:\Users\ultra\warewolf\Dev\Dev2.Activities\Activities\GetSystemInformationHelper.cs(397,49): warning CA1416: This call site is reachable on all platforms. 'ManagementBaseObject.this[string]' is only supported on: 'windows'. (https://learn.microsoft.com/dotnet/fundamentals/code-analysis/quality-rules/ca1416) [C:\Users\ultra\warewolf\Dev\Dev2.Activities\Dev2.Activities.csproj]
C:\Users\ultra\warewolf\Dev\Dev2.Activities\Activities\GetSystemInformationHelper.cs(386,39): warning CA1416: This call site is reachable on all platforms. 'IdentityReference.Translate(Type)' is only supported on: 'windows'. (https://learn.microsoft.com/dotnet/fundamentals/code-analysis/quality-rules/ca1416) [C:\Users\ultra\warewolf\Dev\Dev2.Activities\Dev2.Activities.csproj]
C:\Users\ultra\warewolf\Dev\Dev2.Activities\Activities\GetSystemInformationHelper.cs(393,32): warning CA1416: This call site is reachable on all platforms. 'ManagementObjectSearcher' is only supported on: 'windows'. (https://learn.microsoft.com/dotnet/fundamentals/code-analysis/quality-rules/ca1416) [C:\Users\ultra\warewolf\Dev\Dev2.Activities\Dev2.Activities.csproj]
C:\Users\ultra\warewolf\Dev\Dev2.Activities\Activities\GetSystemInformationHelper.cs(394,35): warning CA1416: This call site is reachable on all platforms. 'ManagementObjectSearcher.Get()' is only supported on: 'windows'. (https://learn.microsoft.com/dotnet/fundamentals/code-analysis/quality-rules/ca1416) [C:\Users\ultra\warewolf\Dev\Dev2.Activities\Dev2.Activities.csproj]
C:\Users\ultra\warewolf\Dev\Dev2.Activities\Activities\GetSystemInformationHelper.cs(387,28): warning CA1416: This call site is reachable on all platforms. 'IdentityReference.Value' is only supported on: 'windows'. (https://learn.microsoft.com/dotnet/fundamentals/code-analysis/quality-rules/ca1416) [C:\Users\ultra\warewolf\Dev\Dev2.Activities\Dev2.Activities.csproj]
C:\Users\ultra\warewolf\Dev\Dev2.Activities\Activities\GetSystemInformationHelper.cs(427,32): warning CA1416: This call site is reachable on all platforms. 'ManagementObjectSearcher' is only supported on: 'windows'. (https://learn.microsoft.com/dotnet/fundamentals/code-analysis/quality-rules/ca1416) [C:\Users\ultra\warewolf\Dev\Dev2.Activities\Dev2.Activities.csproj]
C:\Users\ultra\warewolf\Dev\Dev2.Activities\Activities\GetSystemInformationHelper.cs(426,32): warning CA1416: This call site is reachable on all platforms. 'ObjectQuery' is only supported on: 'windows'. (https://learn.microsoft.com/dotnet/fundamentals/code-analysis/quality-rules/ca1416) [C:\Users\ultra\warewolf\Dev\Dev2.Activities\Dev2.Activities.csproj]
C:\Users\ultra\warewolf\Dev\Dev2.Activities\Activities\GetSystemInformationHelper.cs(428,35): warning CA1416: This call site is reachable on all platforms. 'ManagementObjectSearcher.Get()' is only supported on: 'windows'. (https://learn.microsoft.com/dotnet/fundamentals/code-analysis/quality-rules/ca1416) [C:\Users\ultra\warewolf\Dev\Dev2.Activities\Dev2.Activities.csproj]
C:\Users\ultra\warewolf\Dev\Dev2.Activities\Activities\GetSystemInformationHelper.cs(431,57): warning CA1416: This call site is reachable on all platforms. 'ManagementBaseObject.this[string]' is only supported on: 'windows'. (https://learn.microsoft.com/dotnet/fundamentals/code-analysis/quality-rules/ca1416) [C:\Users\ultra\warewolf\Dev\Dev2.Activities\Dev2.Activities.csproj]
  Dev2.Activities -> C:\Users\ultra\warewolf\Dev\Dev2.Activities\bin\Debug\net8.0\Dev2.Activities.dll
C:\Users\ultra\warewolf\Dev\Dev2.Studio.Core\Activities\Services\DesignerManagementService.cs(75,13): warning CS0618: 'EventAggregatorExtensions.Subscribe(IEventAggregator, object)' is obsolete: 'Use SubscribeOnPublishedThread' [C:\Users\ultra\warewolf\Dev\Dev2.Studio.Core\Dev2.Studio.Core.csproj]
C:\Users\ultra\warewolf\Dev\Dev2.Studio.Core\AppResources\Converters\NullableBoolToBoolConverter.cs(31,45): warning CC0057: Parameter 'targetType' is not used. (https://code-cracker.github.io/diagnostics/CC0057.html) [C:\Users\ultra\warewolf\Dev\Dev2.Studio.Core\Dev2.Studio.Core.csproj]
C:\Users\ultra\warewolf\Dev\Dev2.Studio.Core\AppResources\Converters\NullableBoolToBoolConverter.cs(31,62): warning CC0057: Parameter 'parameter' is not used. (https://code-cracker.github.io/diagnostics/CC0057.html) [C:\Users\ultra\warewolf\Dev\Dev2.Studio.Core\Dev2.Studio.Core.csproj]
C:\Users\ultra\warewolf\Dev\Dev2.Studio.Core\AppResources\Converters\NullableBoolToBoolConverter.cs(31,80): warning CC0057: Parameter 'culture' is not used. (https://code-cracker.github.io/diagnostics/CC0057.html) [C:\Users\ultra\warewolf\Dev\Dev2.Studio.Core\Dev2.Studio.Core.csproj]
C:\Users\ultra\warewolf\Dev\Dev2.Studio.Core\AppResources\Converters\NullableBoolToBoolConverter.cs(41,23): warning CC0057: Parameter 'value' is not used. (https://code-cracker.github.io/diagnostics/CC0057.html) [C:\Users\ultra\warewolf\Dev\Dev2.Studio.Core\Dev2.Studio.Core.csproj]
C:\Users\ultra\warewolf\Dev\Dev2.Studio.Core\AppResources\Converters\NullableBoolToBoolConverter.cs(41,37): warning CC0057: Parameter 'targetType' is not used. (https://code-cracker.github.io/diagnostics/CC0057.html) [C:\Users\ultra\warewolf\Dev\Dev2.Studio.Core\Dev2.Studio.Core.csproj]
C:\Users\ultra\warewolf\Dev\Dev2.Studio.Core\AppResources\Converters\NullableBoolToBoolConverter.cs(41,54): warning CC0057: Parameter 'parameter' is not used. (https://code-cracker.github.io/diagnostics/CC0057.html) [C:\Users\ultra\warewolf\Dev\Dev2.Studio.Core\Dev2.Studio.Core.csproj]
C:\Users\ultra\warewolf\Dev\Dev2.Studio.Core\AppResources\Converters\NullableBoolToBoolConverter.cs(41,72): warning CC0057: Parameter 'culture' is not used. (https://code-cracker.github.io/diagnostics/CC0057.html) [C:\Users\ultra\warewolf\Dev\Dev2.Studio.Core\Dev2.Studio.Core.csproj]
C:\Users\ultra\warewolf\Dev\Dev2.Studio.Core\AppResources\Converters\ModelItemToActivityConverter.cs(31,42): warning CC0057: Parameter 'targetType' is not used. (https://code-cracker.github.io/diagnostics/CC0057.html) [C:\Users\ultra\warewolf\Dev\Dev2.Studio.Core\Dev2.Studio.Core.csproj]
C:\Users\ultra\warewolf\Dev\Dev2.Studio.Core\AppResources\Converters\ModelItemToActivityConverter.cs(31,59): warning CC0057: Parameter 'parameter' is not used. (https://code-cracker.github.io/diagnostics/CC0057.html) [C:\Users\ultra\warewolf\Dev\Dev2.Studio.Core\Dev2.Studio.Core.csproj]
C:\Users\ultra\warewolf\Dev\Dev2.Studio.Core\AppResources\Converters\ModelItemToActivityConverter.cs(31,77): warning CC0057: Parameter 'culture' is not used. (https://code-cracker.github.io/diagnostics/CC0057.html) [C:\Users\ultra\warewolf\Dev\Dev2.Studio.Core\Dev2.Studio.Core.csproj]
C:\Users\ultra\warewolf\Dev\Dev2.Studio.Core\AppResources\Converters\ModelItemToActivityConverter.cs(45,46): warning CC0057: Parameter 'targetType' is not used. (https://code-cracker.github.io/diagnostics/CC0057.html) [C:\Users\ultra\warewolf\Dev\Dev2.Studio.Core\Dev2.Studio.Core.csproj]
C:\Users\ultra\warewolf\Dev\Dev2.Studio.Core\AppResources\Converters\ModelItemToActivityConverter.cs(45,81): warning CC0057: Parameter 'culture' is not used. (https://code-cracker.github.io/diagnostics/CC0057.html) [C:\Users\ultra\warewolf\Dev\Dev2.Studio.Core\Dev2.Studio.Core.csproj]
C:\Users\ultra\warewolf\Dev\Dev2.Studio.Core\Diagnostics\DebugStateTreeViewItemViewModel.cs(119,13): warning CC0105: Use 'var' instead of specifying the type name. (https://code-cracker.github.io/diagnostics/CC0105.html) [C:\Users\ultra\warewolf\Dev\Dev2.Studio.Core\Dev2.Studio.Core.csproj]
C:\Users\ultra\warewolf\Dev\Dev2.Studio.Core\DataList\Dev2TrieSuggestionProvider.cs(180,13): warning CC0004: Empty Catch Block. (https://code-cracker.github.io/diagnostics/CC0004.html) [C:\Users\ultra\warewolf\Dev\Dev2.Studio.Core\Dev2.Studio.Core.csproj]
  Dev2.Studio.Core -> C:\Users\ultra\warewolf\Dev\Dev2.Studio.Core\bin\Debug\net8.0\Dev2.Studio.Core.dll
  Warewolf.Common.Framework48 -> C:\Users\ultra\warewolf\Dev\Warewolf.Common.Framework48\bin\Debug\net8.0\Warewolf.Common.Framework48.dll
  Warewolf.Common.Framework48.Tests -> C:\Users\ultra\warewolf\Dev\Warewolf.Common.Framework48.Tests\bin\Debug\net8.0\linux-x64\Warewolf.Common.Framework48.Tests.dll
  Warewolf.Common.Framework48.Tests -> C:\Users\ultra\warewolf\Bin\ServerTests-Linux\Warewolf.Common.Framework48.Tests\
Publishing Warewolf.Common.NetStandard20.Tests for linux-x64...
  Determining projects to restore...
C:\Users\ultra\warewolf\Dev\Warewolf.Language.Parser\Warewolf.Language.Parser.fsproj : warning NU1504: Duplicate 'PackageReference' items found. Remove the duplicate items or use the Update functionality to ensure a consistent restore behavior. The duplicate 'PackageReference' items are: FSharp.Core 10.1.201, FSharp.Core 4.6.2.
C:\Users\ultra\warewolf\Dev\Warewolf.Security\Warewolf.Security.csproj : warning NU1904: Package 'System.Drawing.Common' 4.5.1 has a known critical severity vulnerability, https://github.com/advisories/GHSA-rxg9-xrhp-64gj [C:\Users\ultra\warewolf\Dev\Warewolf.Common.NetStandard20.Tests\Warewolf.Common.NetStandard20.Tests.csproj]
C:\Users\ultra\warewolf\Dev\Warewolf.Storage\Warewolf.Storage.csproj : warning NU1701: Package 'AeroWizard 2.3.1' was restored using '.NETFramework,Version=v4.6.1, .NETFramework,Version=v4.6.2, .NETFramework,Version=v4.7, .NETFramework,Version=v4.7.1, .NETFramework,Version=v4.7.2, .NETFramework,Version=v4.8, .NETFramework,Version=v4.8.1' instead of the project target framework 'net8.0'. This package may not be fully compatible with your project. [C:\Users\ultra\warewolf\Dev\Warewolf.Common.NetStandard20.Tests\Warewolf.Common.NetStandard20.Tests.csproj]
C:\Users\ultra\warewolf\Dev\Warewolf.Data\Warewolf.Data.csproj : warning NU1701: Package 'AeroWizard 2.3.1' was restored using '.NETFramework,Version=v4.6.1, .NETFramework,Version=v4.6.2, .NETFramework,Version=v4.7, .NETFramework,Version=v4.7.1, .NETFramework,Version=v4.7.2, .NETFramework,Version=v4.8, .NETFramework,Version=v4.8.1' instead of the project target framework 'net8.0'. This package may not be fully compatible with your project. [C:\Users\ultra\warewolf\Dev\Warewolf.Common.NetStandard20.Tests\Warewolf.Common.NetStandard20.Tests.csproj]
C:\Users\ultra\warewolf\Dev\Dev2.Runtime.Configuration\Dev2.Runtime.Configuration.csproj : warning NU1903: Package 'Microsoft.Windows.Compatibility' 6.0.0 has a known high severity vulnerability, https://github.com/advisories/GHSA-555c-2p6r-68mm [C:\Users\ultra\warewolf\Dev\Warewolf.Common.NetStandard20.Tests\Warewolf.Common.NetStandard20.Tests.csproj]
C:\Users\ultra\warewolf\Dev\Warewolf.Common.NetStandard20\Warewolf.Common.NetStandard20.csproj : warning NU1701: Package 'AeroWizard 2.3.1' was restored using '.NETFramework,Version=v4.6.1, .NETFramework,Version=v4.6.2, .NETFramework,Version=v4.7, .NETFramework,Version=v4.7.1, .NETFramework,Version=v4.7.2, .NETFramework,Version=v4.8, .NETFramework,Version=v4.8.1' instead of the project target framework 'net8.0'. This package may not be fully compatible with your project. [C:\Users\ultra\warewolf\Dev\Warewolf.Common.NetStandard20.Tests\Warewolf.Common.NetStandard20.Tests.csproj]
C:\Users\ultra\warewolf\Dev\Dev2.Infrastructure\Dev2.Infrastructure.csproj : warning NU1903: Package 'Microsoft.Windows.Compatibility' 6.0.0 has a known high severity vulnerability, https://github.com/advisories/GHSA-555c-2p6r-68mm [C:\Users\ultra\warewolf\Dev\Warewolf.Common.NetStandard20.Tests\Warewolf.Common.NetStandard20.Tests.csproj]
C:\Users\ultra\warewolf\Dev\Warewolf.Auditing\Warewolf.Auditing.csproj : warning NU1701: Package 'AeroWizard 2.3.1' was restored using '.NETFramework,Version=v4.6.1, .NETFramework,Version=v4.6.2, .NETFramework,Version=v4.7, .NETFramework,Version=v4.7.1, .NETFramework,Version=v4.7.2, .NETFramework,Version=v4.8, .NETFramework,Version=v4.8.1' instead of the project target framework 'net8.0'. This package may not be fully compatible with your project. [C:\Users\ultra\warewolf\Dev\Warewolf.Common.NetStandard20.Tests\Warewolf.Common.NetStandard20.Tests.csproj]
C:\Users\ultra\warewolf\Dev\Dev2.Data\Dev2.Data.csproj : warning NU1701: Package 'AeroWizard 2.3.1' was restored using '.NETFramework,Version=v4.6.1, .NETFramework,Version=v4.6.2, .NETFramework,Version=v4.7, .NETFramework,Version=v4.7.1, .NETFramework,Version=v4.7.2, .NETFramework,Version=v4.8, .NETFramework,Version=v4.8.1' instead of the project target framework 'net8.0'. This package may not be fully compatible with your project. [C:\Users\ultra\warewolf\Dev\Warewolf.Common.NetStandard20.Tests\Warewolf.Common.NetStandard20.Tests.csproj]
C:\Users\ultra\warewolf\Dev\Warewolf.Storage\Warewolf.Storage.csproj : warning NU1701: Package 'GroupControls 1.9.0' was restored using '.NETFramework,Version=v4.6.1, .NETFramework,Version=v4.6.2, .NETFramework,Version=v4.7, .NETFramework,Version=v4.7.1, .NETFramework,Version=v4.7.2, .NETFramework,Version=v4.8, .NETFramework,Version=v4.8.1' instead of the project target framework 'net8.0'. This package may not be fully compatible with your project. [C:\Users\ultra\warewolf\Dev\Warewolf.Common.NetStandard20.Tests\Warewolf.Common.NetStandard20.Tests.csproj]
C:\Users\ultra\warewolf\Dev\Dev2.Infrastructure\Dev2.Infrastructure.csproj : warning NU1701: Package 'AeroWizard 2.3.1' was restored using '.NETFramework,Version=v4.6.1, .NETFramework,Version=v4.6.2, .NETFramework,Version=v4.7, .NETFramework,Version=v4.7.1, .NETFramework,Version=v4.7.2, .NETFramework,Version=v4.8, .NETFramework,Version=v4.8.1' instead of the project target framework 'net8.0'. This package may not be fully compatible with your project. [C:\Users\ultra\warewolf\Dev\Warewolf.Common.NetStandard20.Tests\Warewolf.Common.NetStandard20.Tests.csproj]
C:\Users\ultra\warewolf\Dev\Warewolf.Data\Warewolf.Data.csproj : warning NU1701: Package 'GroupControls 1.9.0' was restored using '.NETFramework,Version=v4.6.1, .NETFramework,Version=v4.6.2, .NETFramework,Version=v4.7, .NETFramework,Version=v4.7.1, .NETFramework,Version=v4.7.2, .NETFramework,Version=v4.8, .NETFramework,Version=v4.8.1' instead of the project target framework 'net8.0'. This package may not be fully compatible with your project. [C:\Users\ultra\warewolf\Dev\Warewolf.Common.NetStandard20.Tests\Warewolf.Common.NetStandard20.Tests.csproj]
C:\Users\ultra\warewolf\Dev\Warewolf.Common.NetStandard20\Warewolf.Common.NetStandard20.csproj : warning NU1701: Package 'GroupControls 1.9.0' was restored using '.NETFramework,Version=v4.6.1, .NETFramework,Version=v4.6.2, .NETFramework,Version=v4.7, .NETFramework,Version=v4.7.1, .NETFramework,Version=v4.7.2, .NETFramework,Version=v4.8, .NETFramework,Version=v4.8.1' instead of the project target framework 'net8.0'. This package may not be fully compatible with your project. [C:\Users\ultra\warewolf\Dev\Warewolf.Common.NetStandard20.Tests\Warewolf.Common.NetStandard20.Tests.csproj]
C:\Users\ultra\warewolf\Dev\Dev2.Runtime.Configuration\Dev2.Runtime.Configuration.csproj : warning NU1701: Package 'AeroWizard 2.3.1' was restored using '.NETFramework,Version=v4.6.1, .NETFramework,Version=v4.6.2, .NETFramework,Version=v4.7, .NETFramework,Version=v4.7.1, .NETFramework,Version=v4.7.2, .NETFramework,Version=v4.8, .NETFramework,Version=v4.8.1' instead of the project target framework 'net8.0'. This package may not be fully compatible with your project. [C:\Users\ultra\warewolf\Dev\Warewolf.Common.NetStandard20.Tests\Warewolf.Common.NetStandard20.Tests.csproj]
C:\Users\ultra\warewolf\Dev\Dev2.Data\Dev2.Data.csproj : warning NU1701: Package 'GroupControls 1.9.0' was restored using '.NETFramework,Version=v4.6.1, .NETFramework,Version=v4.6.2, .NETFramework,Version=v4.7, .NETFramework,Version=v4.7.1, .NETFramework,Version=v4.7.2, .NETFramework,Version=v4.8, .NETFramework,Version=v4.8.1' instead of the project target framework 'net8.0'. This package may not be fully compatible with your project. [C:\Users\ultra\warewolf\Dev\Warewolf.Common.NetStandard20.Tests\Warewolf.Common.NetStandard20.Tests.csproj]
C:\Users\ultra\warewolf\Dev\Warewolf.Auditing\Warewolf.Auditing.csproj : warning NU1701: Package 'GroupControls 1.9.0' was restored using '.NETFramework,Version=v4.6.1, .NETFramework,Version=v4.6.2, .NETFramework,Version=v4.7, .NETFramework,Version=v4.7.1, .NETFramework,Version=v4.7.2, .NETFramework,Version=v4.8, .NETFramework,Version=v4.8.1' instead of the project target framework 'net8.0'. This package may not be fully compatible with your project. [C:\Users\ultra\warewolf\Dev\Warewolf.Common.NetStandard20.Tests\Warewolf.Common.NetStandard20.Tests.csproj]
C:\Users\ultra\warewolf\Dev\Warewolf.Common.NetStandard20\Warewolf.Common.NetStandard20.csproj : warning NU1701: Package 'ReactiveUI.WPF 18.4.1' was restored using '.NETFramework,Version=v4.6.1, .NETFramework,Version=v4.6.2, .NETFramework,Version=v4.7, .NETFramework,Version=v4.7.1, .NETFramework,Version=v4.7.2, .NETFramework,Version=v4.8, .NETFramework,Version=v4.8.1' instead of the project target framework 'net8.0'. This package may not be fully compatible with your project. [C:\Users\ultra\warewolf\Dev\Warewolf.Common.NetStandard20.Tests\Warewolf.Common.NetStandard20.Tests.csproj]
C:\Users\ultra\warewolf\Dev\Warewolf.Data\Warewolf.Data.csproj : warning NU1701: Package 'TaskSchedulerEditor 2.10.1' was restored using '.NETFramework,Version=v4.6.1, .NETFramework,Version=v4.6.2, .NETFramework,Version=v4.7, .NETFramework,Version=v4.7.1, .NETFramework,Version=v4.7.2, .NETFramework,Version=v4.8, .NETFramework,Version=v4.8.1' instead of the project target framework 'net8.0'. This package may not be fully compatible with your project. [C:\Users\ultra\warewolf\Dev\Warewolf.Common.NetStandard20.Tests\Warewolf.Common.NetStandard20.Tests.csproj]
C:\Users\ultra\warewolf\Dev\Dev2.Runtime.Configuration\Dev2.Runtime.Configuration.csproj : warning NU1701: Package 'GroupControls 1.9.0' was restored using '.NETFramework,Version=v4.6.1, .NETFramework,Version=v4.6.2, .NETFramework,Version=v4.7, .NETFramework,Version=v4.7.1, .NETFramework,Version=v4.7.2, .NETFramework,Version=v4.8, .NETFramework,Version=v4.8.1' instead of the project target framework 'net8.0'. This package may not be fully compatible with your project. [C:\Users\ultra\warewolf\Dev\Warewolf.Common.NetStandard20.Tests\Warewolf.Common.NetStandard20.Tests.csproj]
C:\Users\ultra\warewolf\Dev\Warewolf.Storage\Warewolf.Storage.csproj : warning NU1701: Package 'ReactiveUI.WPF 18.4.1' was restored using '.NETFramework,Version=v4.6.1, .NETFramework,Version=v4.6.2, .NETFramework,Version=v4.7, .NETFramework,Version=v4.7.1, .NETFramework,Version=v4.7.2, .NETFramework,Version=v4.8, .NETFramework,Version=v4.8.1' instead of the project target framework 'net8.0'. This package may not be fully compatible with your project. [C:\Users\ultra\warewolf\Dev\Warewolf.Common.NetStandard20.Tests\Warewolf.Common.NetStandard20.Tests.csproj]
C:\Users\ultra\warewolf\Dev\Dev2.Data\Dev2.Data.csproj : warning NU1701: Package 'ReactiveUI.WPF 18.4.1' was restored using '.NETFramework,Version=v4.6.1, .NETFramework,Version=v4.6.2, .NETFramework,Version=v4.7, .NETFramework,Version=v4.7.1, .NETFramework,Version=v4.7.2, .NETFramework,Version=v4.8, .NETFramework,Version=v4.8.1' instead of the project target framework 'net8.0'. This package may not be fully compatible with your project. [C:\Users\ultra\warewolf\Dev\Warewolf.Common.NetStandard20.Tests\Warewolf.Common.NetStandard20.Tests.csproj]
C:\Users\ultra\warewolf\Dev\Warewolf.Common.NetStandard20\Warewolf.Common.NetStandard20.csproj : warning NU1701: Package 'TaskSchedulerEditor 2.10.1' was restored using '.NETFramework,Version=v4.6.1, .NETFramework,Version=v4.6.2, .NETFramework,Version=v4.7, .NETFramework,Version=v4.7.1, .NETFramework,Version=v4.7.2, .NETFramework,Version=v4.8, .NETFramework,Version=v4.8.1' instead of the project target framework 'net8.0'. This package may not be fully compatible with your project. [C:\Users\ultra\warewolf\Dev\Warewolf.Common.NetStandard20.Tests\Warewolf.Common.NetStandard20.Tests.csproj]
C:\Users\ultra\warewolf\Dev\Dev2.Infrastructure\Dev2.Infrastructure.csproj : warning NU1701: Package 'GroupControls 1.9.0' was restored using '.NETFramework,Version=v4.6.1, .NETFramework,Version=v4.6.2, .NETFramework,Version=v4.7, .NETFramework,Version=v4.7.1, .NETFramework,Version=v4.7.2, .NETFramework,Version=v4.8, .NETFramework,Version=v4.8.1' instead of the project target framework 'net8.0'. This package may not be fully compatible with your project. [C:\Users\ultra\warewolf\Dev\Warewolf.Common.NetStandard20.Tests\Warewolf.Common.NetStandard20.Tests.csproj]
C:\Users\ultra\warewolf\Dev\Warewolf.Auditing\Warewolf.Auditing.csproj : warning NU1701: Package 'ReactiveUI.WPF 18.4.1' was restored using '.NETFramework,Version=v4.6.1, .NETFramework,Version=v4.6.2, .NETFramework,Version=v4.7, .NETFramework,Version=v4.7.1, .NETFramework,Version=v4.7.2, .NETFramework,Version=v4.8, .NETFramework,Version=v4.8.1' instead of the project target framework 'net8.0'. This package may not be fully compatible with your project. [C:\Users\ultra\warewolf\Dev\Warewolf.Common.NetStandard20.Tests\Warewolf.Common.NetStandard20.Tests.csproj]
C:\Users\ultra\warewolf\Dev\Dev2.Data\Dev2.Data.csproj : warning NU1701: Package 'TaskSchedulerEditor 2.10.1' was restored using '.NETFramework,Version=v4.6.1, .NETFramework,Version=v4.6.2, .NETFramework,Version=v4.7, .NETFramework,Version=v4.7.1, .NETFramework,Version=v4.7.2, .NETFramework,Version=v4.8, .NETFramework,Version=v4.8.1' instead of the project target framework 'net8.0'. This package may not be fully compatible with your project. [C:\Users\ultra\warewolf\Dev\Warewolf.Common.NetStandard20.Tests\Warewolf.Common.NetStandard20.Tests.csproj]
C:\Users\ultra\warewolf\Dev\Dev2.Infrastructure\Dev2.Infrastructure.csproj : warning NU1701: Package 'ReactiveUI.WPF 18.4.1' was restored using '.NETFramework,Version=v4.6.1, .NETFramework,Version=v4.6.2, .NETFramework,Version=v4.7, .NETFramework,Version=v4.7.1, .NETFramework,Version=v4.7.2, .NETFramework,Version=v4.8, .NETFramework,Version=v4.8.1' instead of the project target framework 'net8.0'. This package may not be fully compatible with your project. [C:\Users\ultra\warewolf\Dev\Warewolf.Common.NetStandard20.Tests\Warewolf.Common.NetStandard20.Tests.csproj]
C:\Users\ultra\warewolf\Dev\Dev2.Data.Interfaces\Dev2.Data.Interfaces.csproj : warning NU1903: Package 'DotNetZip' 1.16.0 has a known high severity vulnerability, https://github.com/advisories/GHSA-xhg6-9j5j-w4vf [C:\Users\ultra\warewolf\Dev\Warewolf.Common.NetStandard20.Tests\Warewolf.Common.NetStandard20.Tests.csproj]
C:\Users\ultra\warewolf\Dev\Warewolf.Auditing\Warewolf.Auditing.csproj : warning NU1701: Package 'TaskSchedulerEditor 2.10.1' was restored using '.NETFramework,Version=v4.6.1, .NETFramework,Version=v4.6.2, .NETFramework,Version=v4.7, .NETFramework,Version=v4.7.1, .NETFramework,Version=v4.7.2, .NETFramework,Version=v4.8, .NETFramework,Version=v4.8.1' instead of the project target framework 'net8.0'. This package may not be fully compatible with your project. [C:\Users\ultra\warewolf\Dev\Warewolf.Common.NetStandard20.Tests\Warewolf.Common.NetStandard20.Tests.csproj]
C:\Users\ultra\warewolf\Dev\Warewolf.Storage\Warewolf.Storage.csproj : warning NU1701: Package 'TaskSchedulerEditor 2.10.1' was restored using '.NETFramework,Version=v4.6.1, .NETFramework,Version=v4.6.2, .NETFramework,Version=v4.7, .NETFramework,Version=v4.7.1, .NETFramework,Version=v4.7.2, .NETFramework,Version=v4.8, .NETFramework,Version=v4.8.1' instead of the project target framework 'net8.0'. This package may not be fully compatible with your project. [C:\Users\ultra\warewolf\Dev\Warewolf.Common.NetStandard20.Tests\Warewolf.Common.NetStandard20.Tests.csproj]
C:\Users\ultra\warewolf\Dev\Dev2.Util\Dev2.Util.csproj : warning NU1903: Package 'Microsoft.Windows.Compatibility' 6.0.0 has a known high severity vulnerability, https://github.com/advisories/GHSA-555c-2p6r-68mm [C:\Users\ultra\warewolf\Dev\Warewolf.Common.NetStandard20.Tests\Warewolf.Common.NetStandard20.Tests.csproj]
C:\Users\ultra\warewolf\Dev\Dev2.Infrastructure\Dev2.Infrastructure.csproj : warning NU1701: Package 'TaskSchedulerEditor 2.10.1' was restored using '.NETFramework,Version=v4.6.1, .NETFramework,Version=v4.6.2, .NETFramework,Version=v4.7, .NETFramework,Version=v4.7.1, .NETFramework,Version=v4.7.2, .NETFramework,Version=v4.8, .NETFramework,Version=v4.8.1' instead of the project target framework 'net8.0'. This package may not be fully compatible with your project. [C:\Users\ultra\warewolf\Dev\Warewolf.Common.NetStandard20.Tests\Warewolf.Common.NetStandard20.Tests.csproj]
C:\Users\ultra\warewolf\Dev\Dev2.Util\Dev2.Util.csproj : warning NU1701: Package 'AeroWizard 2.3.1' was restored using '.NETFramework,Version=v4.6.1, .NETFramework,Version=v4.6.2, .NETFramework,Version=v4.7, .NETFramework,Version=v4.7.1, .NETFramework,Version=v4.7.2, .NETFramework,Version=v4.8, .NETFramework,Version=v4.8.1' instead of the project target framework 'net8.0'. This package may not be fully compatible with your project. [C:\Users\ultra\warewolf\Dev\Warewolf.Common.NetStandard20.Tests\Warewolf.Common.NetStandard20.Tests.csproj]
C:\Users\ultra\warewolf\Dev\Warewolf.Common\Warewolf.Common.csproj : warning NU1701: Package 'AeroWizard 2.3.1' was restored using '.NETFramework,Version=v4.6.1, .NETFramework,Version=v4.6.2, .NETFramework,Version=v4.7, .NETFramework,Version=v4.7.1, .NETFramework,Version=v4.7.2, .NETFramework,Version=v4.8, .NETFramework,Version=v4.8.1' instead of the project target framework 'net8.0'. This package may not be fully compatible with your project. [C:\Users\ultra\warewolf\Dev\Warewolf.Common.NetStandard20.Tests\Warewolf.Common.NetStandard20.Tests.csproj]
C:\Users\ultra\warewolf\Dev\Dev2.Util\Dev2.Util.csproj : warning NU1701: Package 'GroupControls 1.9.0' was restored using '.NETFramework,Version=v4.6.1, .NETFramework,Version=v4.6.2, .NETFramework,Version=v4.7, .NETFramework,Version=v4.7.1, .NETFramework,Version=v4.7.2, .NETFramework,Version=v4.8, .NETFramework,Version=v4.8.1' instead of the project target framework 'net8.0'. This package may not be fully compatible with your project. [C:\Users\ultra\warewolf\Dev\Warewolf.Common.NetStandard20.Tests\Warewolf.Common.NetStandard20.Tests.csproj]
C:\Users\ultra\warewolf\Dev\Warewolf.Common\Warewolf.Common.csproj : warning NU1701: Package 'GroupControls 1.9.0' was restored using '.NETFramework,Version=v4.6.1, .NETFramework,Version=v4.6.2, .NETFramework,Version=v4.7, .NETFramework,Version=v4.7.1, .NETFramework,Version=v4.7.2, .NETFramework,Version=v4.8, .NETFramework,Version=v4.8.1' instead of the project target framework 'net8.0'. This package may not be fully compatible with your project. [C:\Users\ultra\warewolf\Dev\Warewolf.Common.NetStandard20.Tests\Warewolf.Common.NetStandard20.Tests.csproj]
C:\Users\ultra\warewolf\Dev\Warewolf.Common\Warewolf.Common.csproj : warning NU1701: Package 'TaskSchedulerEditor 2.10.1' was restored using '.NETFramework,Version=v4.6.1, .NETFramework,Version=v4.6.2, .NETFramework,Version=v4.7, .NETFramework,Version=v4.7.1, .NETFramework,Version=v4.7.2, .NETFramework,Version=v4.8, .NETFramework,Version=v4.8.1' instead of the project target framework 'net8.0'. This package may not be fully compatible with your project. [C:\Users\ultra\warewolf\Dev\Warewolf.Common.NetStandard20.Tests\Warewolf.Common.NetStandard20.Tests.csproj]
C:\Users\ultra\warewolf\Dev\Dev2.Util\Dev2.Util.csproj : warning NU1701: Package 'TaskSchedulerEditor 2.10.1' was restored using '.NETFramework,Version=v4.6.1, .NETFramework,Version=v4.6.2, .NETFramework,Version=v4.7, .NETFramework,Version=v4.7.1, .NETFramework,Version=v4.7.2, .NETFramework,Version=v4.8, .NETFramework,Version=v4.8.1' instead of the project target framework 'net8.0'. This package may not be fully compatible with your project. [C:\Users\ultra\warewolf\Dev\Warewolf.Common.NetStandard20.Tests\Warewolf.Common.NetStandard20.Tests.csproj]
C:\Users\ultra\warewolf\Dev\Warewolf.Driver.Serilog\Warewolf.Driver.Serilog.csproj : warning NU1701: Package 'AeroWizard 2.3.1' was restored using '.NETFramework,Version=v4.6.1, .NETFramework,Version=v4.6.2, .NETFramework,Version=v4.7, .NETFramework,Version=v4.7.1, .NETFramework,Version=v4.7.2, .NETFramework,Version=v4.8, .NETFramework,Version=v4.8.1' instead of the project target framework 'net8.0'. This package may not be fully compatible with your project. [C:\Users\ultra\warewolf\Dev\Warewolf.Common.NetStandard20.Tests\Warewolf.Common.NetStandard20.Tests.csproj]
C:\Users\ultra\warewolf\Dev\Warewolf.Driver.Serilog\Warewolf.Driver.Serilog.csproj : warning NU1701: Package 'GroupControls 1.9.0' was restored using '.NETFramework,Version=v4.6.1, .NETFramework,Version=v4.6.2, .NETFramework,Version=v4.7, .NETFramework,Version=v4.7.1, .NETFramework,Version=v4.7.2, .NETFramework,Version=v4.8, .NETFramework,Version=v4.8.1' instead of the project target framework 'net8.0'. This package may not be fully compatible with your project. [C:\Users\ultra\warewolf\Dev\Warewolf.Common.NetStandard20.Tests\Warewolf.Common.NetStandard20.Tests.csproj]
C:\Users\ultra\warewolf\Dev\Dev2.Runtime.Configuration\Dev2.Runtime.Configuration.csproj : warning NU1701: Package 'TaskSchedulerEditor 2.10.1' was restored using '.NETFramework,Version=v4.6.1, .NETFramework,Version=v4.6.2, .NETFramework,Version=v4.7, .NETFramework,Version=v4.7.1, .NETFramework,Version=v4.7.2, .NETFramework,Version=v4.8, .NETFramework,Version=v4.8.1' instead of the project target framework 'net8.0'. This package may not be fully compatible with your project. [C:\Users\ultra\warewolf\Dev\Warewolf.Common.NetStandard20.Tests\Warewolf.Common.NetStandard20.Tests.csproj]
C:\Users\ultra\warewolf\Dev\Warewolf.Driver.Serilog\Warewolf.Driver.Serilog.csproj : warning NU1701: Package 'ReactiveUI.WPF 18.4.1' was restored using '.NETFramework,Version=v4.6.1, .NETFramework,Version=v4.6.2, .NETFramework,Version=v4.7, .NETFramework,Version=v4.7.1, .NETFramework,Version=v4.7.2, .NETFramework,Version=v4.8, .NETFramework,Version=v4.8.1' instead of the project target framework 'net8.0'. This package may not be fully compatible with your project. [C:\Users\ultra\warewolf\Dev\Warewolf.Common.NetStandard20.Tests\Warewolf.Common.NetStandard20.Tests.csproj]
C:\Users\ultra\warewolf\Dev\Warewolf.Driver.Serilog\Warewolf.Driver.Serilog.csproj : warning NU1701: Package 'TaskSchedulerEditor 2.10.1' was restored using '.NETFramework,Version=v4.6.1, .NETFramework,Version=v4.6.2, .NETFramework,Version=v4.7, .NETFramework,Version=v4.7.1, .NETFramework,Version=v4.7.2, .NETFramework,Version=v4.8, .NETFramework,Version=v4.8.1' instead of the project target framework 'net8.0'. This package may not be fully compatible with your project. [C:\Users\ultra\warewolf\Dev\Warewolf.Common.NetStandard20.Tests\Warewolf.Common.NetStandard20.Tests.csproj]
C:\Users\ultra\warewolf\Dev\Dev2.Data.Interfaces\Dev2.Data.Interfaces.csproj : warning NU1701: Package 'AeroWizard 2.3.1' was restored using '.NETFramework,Version=v4.6.1, .NETFramework,Version=v4.6.2, .NETFramework,Version=v4.7, .NETFramework,Version=v4.7.1, .NETFramework,Version=v4.7.2, .NETFramework,Version=v4.8, .NETFramework,Version=v4.8.1' instead of the project target framework 'net8.0'. This package may not be fully compatible with your project. [C:\Users\ultra\warewolf\Dev\Warewolf.Common.NetStandard20.Tests\Warewolf.Common.NetStandard20.Tests.csproj]
C:\Users\ultra\warewolf\Dev\Dev2.Data.Interfaces\Dev2.Data.Interfaces.csproj : warning NU1701: Package 'GroupControls 1.9.0' was restored using '.NETFramework,Version=v4.6.1, .NETFramework,Version=v4.6.2, .NETFramework,Version=v4.7, .NETFramework,Version=v4.7.1, .NETFramework,Version=v4.7.2, .NETFramework,Version=v4.8, .NETFramework,Version=v4.8.1' instead of the project target framework 'net8.0'. This package may not be fully compatible with your project. [C:\Users\ultra\warewolf\Dev\Warewolf.Common.NetStandard20.Tests\Warewolf.Common.NetStandard20.Tests.csproj]
C:\Users\ultra\warewolf\Dev\Dev2.Data.Interfaces\Dev2.Data.Interfaces.csproj : warning NU1701: Package 'TaskSchedulerEditor 2.10.1' was restored using '.NETFramework,Version=v4.6.1, .NETFramework,Version=v4.6.2, .NETFramework,Version=v4.7, .NETFramework,Version=v4.7.1, .NETFramework,Version=v4.7.2, .NETFramework,Version=v4.8, .NETFramework,Version=v4.8.1' instead of the project target framework 'net8.0'. This package may not be fully compatible with your project. [C:\Users\ultra\warewolf\Dev\Warewolf.Common.NetStandard20.Tests\Warewolf.Common.NetStandard20.Tests.csproj]
C:\Users\ultra\warewolf\Dev\Dev2.Common.Interfaces\Dev2.Common.Interfaces.csproj : warning NU1903: Package 'Microsoft.Windows.Compatibility' 6.0.0 has a known high severity vulnerability, https://github.com/advisories/GHSA-555c-2p6r-68mm [C:\Users\ultra\warewolf\Dev\Warewolf.Common.NetStandard20.Tests\Warewolf.Common.NetStandard20.Tests.csproj]
C:\Users\ultra\warewolf\Dev\Dev2.Common.Interfaces\Dev2.Common.Interfaces.csproj : warning NU1701: Package 'AeroWizard 2.3.1' was restored using '.NETFramework,Version=v4.6.1, .NETFramework,Version=v4.6.2, .NETFramework,Version=v4.7, .NETFramework,Version=v4.7.1, .NETFramework,Version=v4.7.2, .NETFramework,Version=v4.8, .NETFramework,Version=v4.8.1' instead of the project target framework 'net8.0'. This package may not be fully compatible with your project. [C:\Users\ultra\warewolf\Dev\Warewolf.Common.NetStandard20.Tests\Warewolf.Common.NetStandard20.Tests.csproj]
C:\Users\ultra\warewolf\Dev\Dev2.Common.Interfaces\Dev2.Common.Interfaces.csproj : warning NU1701: Package 'GroupControls 1.9.0' was restored using '.NETFramework,Version=v4.6.1, .NETFramework,Version=v4.6.2, .NETFramework,Version=v4.7, .NETFramework,Version=v4.7.1, .NETFramework,Version=v4.7.2, .NETFramework,Version=v4.8, .NETFramework,Version=v4.8.1' instead of the project target framework 'net8.0'. This package may not be fully compatible with your project. [C:\Users\ultra\warewolf\Dev\Warewolf.Common.NetStandard20.Tests\Warewolf.Common.NetStandard20.Tests.csproj]
C:\Users\ultra\warewolf\Dev\Dev2.Common.Interfaces\Dev2.Common.Interfaces.csproj : warning NU1701: Package 'TaskSchedulerEditor 2.10.1' was restored using '.NETFramework,Version=v4.6.1, .NETFramework,Version=v4.6.2, .NETFramework,Version=v4.7, .NETFramework,Version=v4.7.1, .NETFramework,Version=v4.7.2, .NETFramework,Version=v4.8, .NETFramework,Version=v4.8.1' instead of the project target framework 'net8.0'. This package may not be fully compatible with your project. [C:\Users\ultra\warewolf\Dev\Warewolf.Common.NetStandard20.Tests\Warewolf.Common.NetStandard20.Tests.csproj]
C:\Users\ultra\warewolf\Dev\Warewolf.Storage.Interfaces\Warewolf.Storage.Interfaces.csproj : warning NU1701: Package 'AeroWizard 2.3.1' was restored using '.NETFramework,Version=v4.6.1, .NETFramework,Version=v4.6.2, .NETFramework,Version=v4.7, .NETFramework,Version=v4.7.1, .NETFramework,Version=v4.7.2, .NETFramework,Version=v4.8, .NETFramework,Version=v4.8.1' instead of the project target framework 'net8.0'. This package may not be fully compatible with your project. [C:\Users\ultra\warewolf\Dev\Warewolf.Common.NetStandard20.Tests\Warewolf.Common.NetStandard20.Tests.csproj]
C:\Users\ultra\warewolf\Dev\Warewolf.Storage.Interfaces\Warewolf.Storage.Interfaces.csproj : warning NU1701: Package 'GroupControls 1.9.0' was restored using '.NETFramework,Version=v4.6.1, .NETFramework,Version=v4.6.2, .NETFramework,Version=v4.7, .NETFramework,Version=v4.7.1, .NETFramework,Version=v4.7.2, .NETFramework,Version=v4.8, .NETFramework,Version=v4.8.1' instead of the project target framework 'net8.0'. This package may not be fully compatible with your project. [C:\Users\ultra\warewolf\Dev\Warewolf.Common.NetStandard20.Tests\Warewolf.Common.NetStandard20.Tests.csproj]
C:\Users\ultra\warewolf\Dev\Warewolf.Storage.Interfaces\Warewolf.Storage.Interfaces.csproj : warning NU1701: Package 'TaskSchedulerEditor 2.10.1' was restored using '.NETFramework,Version=v4.6.1, .NETFramework,Version=v4.6.2, .NETFramework,Version=v4.7, .NETFramework,Version=v4.7.1, .NETFramework,Version=v4.7.2, .NETFramework,Version=v4.8, .NETFramework,Version=v4.8.1' instead of the project target framework 'net8.0'. This package may not be fully compatible with your project. [C:\Users\ultra\warewolf\Dev\Warewolf.Common.NetStandard20.Tests\Warewolf.Common.NetStandard20.Tests.csproj]
C:\Users\ultra\warewolf\Dev\Dev2.Common\Dev2.Common.csproj : warning NU1903: Package 'Microsoft.Windows.Compatibility' 6.0.0 has a known high severity vulnerability, https://github.com/advisories/GHSA-555c-2p6r-68mm [C:\Users\ultra\warewolf\Dev\Warewolf.Common.NetStandard20.Tests\Warewolf.Common.NetStandard20.Tests.csproj]
C:\Users\ultra\warewolf\Dev\Dev2.Common\Dev2.Common.csproj : warning NU1701: Package 'AeroWizard 2.3.1' was restored using '.NETFramework,Version=v4.6.1, .NETFramework,Version=v4.6.2, .NETFramework,Version=v4.7, .NETFramework,Version=v4.7.1, .NETFramework,Version=v4.7.2, .NETFramework,Version=v4.8, .NETFramework,Version=v4.8.1' instead of the project target framework 'net8.0'. This package may not be fully compatible with your project. [C:\Users\ultra\warewolf\Dev\Warewolf.Common.NetStandard20.Tests\Warewolf.Common.NetStandard20.Tests.csproj]
C:\Users\ultra\warewolf\Dev\Dev2.Common\Dev2.Common.csproj : warning NU1701: Package 'GroupControls 1.9.0' was restored using '.NETFramework,Version=v4.6.1, .NETFramework,Version=v4.6.2, .NETFramework,Version=v4.7, .NETFramework,Version=v4.7.1, .NETFramework,Version=v4.7.2, .NETFramework,Version=v4.8, .NETFramework,Version=v4.8.1' instead of the project target framework 'net8.0'. This package may not be fully compatible with your project. [C:\Users\ultra\warewolf\Dev\Warewolf.Common.NetStandard20.Tests\Warewolf.Common.NetStandard20.Tests.csproj]
C:\Users\ultra\warewolf\Dev\Dev2.Common\Dev2.Common.csproj : warning NU1701: Package 'TaskSchedulerEditor 2.10.1' was restored using '.NETFramework,Version=v4.6.1, .NETFramework,Version=v4.6.2, .NETFramework,Version=v4.7, .NETFramework,Version=v4.7.1, .NETFramework,Version=v4.7.2, .NETFramework,Version=v4.8, .NETFramework,Version=v4.8.1' instead of the project target framework 'net8.0'. This package may not be fully compatible with your project. [C:\Users\ultra\warewolf\Dev\Warewolf.Common.NetStandard20.Tests\Warewolf.Common.NetStandard20.Tests.csproj]
C:\Users\ultra\warewolf\Dev\Dev2.Diagnostics\Dev2.Diagnostics.csproj : warning NU1701: Package 'AeroWizard 2.3.1' was restored using '.NETFramework,Version=v4.6.1, .NETFramework,Version=v4.6.2, .NETFramework,Version=v4.7, .NETFramework,Version=v4.7.1, .NETFramework,Version=v4.7.2, .NETFramework,Version=v4.8, .NETFramework,Version=v4.8.1' instead of the project target framework 'net8.0'. This package may not be fully compatible with your project. [C:\Users\ultra\warewolf\Dev\Warewolf.Common.NetStandard20.Tests\Warewolf.Common.NetStandard20.Tests.csproj]
C:\Users\ultra\warewolf\Dev\Dev2.Diagnostics\Dev2.Diagnostics.csproj : warning NU1701: Package 'GroupControls 1.9.0' was restored using '.NETFramework,Version=v4.6.1, .NETFramework,Version=v4.6.2, .NETFramework,Version=v4.7, .NETFramework,Version=v4.7.1, .NETFramework,Version=v4.7.2, .NETFramework,Version=v4.8, .NETFramework,Version=v4.8.1' instead of the project target framework 'net8.0'. This package may not be fully compatible with your project. [C:\Users\ultra\warewolf\Dev\Warewolf.Common.NetStandard20.Tests\Warewolf.Common.NetStandard20.Tests.csproj]
C:\Users\ultra\warewolf\Dev\Dev2.Diagnostics\Dev2.Diagnostics.csproj : warning NU1701: Package 'TaskSchedulerEditor 2.10.1' was restored using '.NETFramework,Version=v4.6.1, .NETFramework,Version=v4.6.2, .NETFramework,Version=v4.7, .NETFramework,Version=v4.7.1, .NETFramework,Version=v4.7.2, .NETFramework,Version=v4.8, .NETFramework,Version=v4.8.1' instead of the project target framework 'net8.0'. This package may not be fully compatible with your project. [C:\Users\ultra\warewolf\Dev\Warewolf.Common.NetStandard20.Tests\Warewolf.Common.NetStandard20.Tests.csproj]
C:\Users\ultra\warewolf\Dev\Dev2.CustomControls\Dev2.CustomControls.csproj : warning NU1903: Package 'Microsoft.Windows.Compatibility' 6.0.0 has a known high severity vulnerability, https://github.com/advisories/GHSA-555c-2p6r-68mm [C:\Users\ultra\warewolf\Dev\Warewolf.Common.NetStandard20.Tests\Warewolf.Common.NetStandard20.Tests.csproj]
C:\Users\ultra\warewolf\Dev\Dev2.CustomControls\Dev2.CustomControls.csproj : warning NU1701: Package 'AeroWizard 2.3.1' was restored using '.NETFramework,Version=v4.6.1, .NETFramework,Version=v4.6.2, .NETFramework,Version=v4.7, .NETFramework,Version=v4.7.1, .NETFramework,Version=v4.7.2, .NETFramework,Version=v4.8, .NETFramework,Version=v4.8.1' instead of the project target framework 'net8.0'. This package may not be fully compatible with your project. [C:\Users\ultra\warewolf\Dev\Warewolf.Common.NetStandard20.Tests\Warewolf.Common.NetStandard20.Tests.csproj]
C:\Users\ultra\warewolf\Dev\Dev2.CustomControls\Dev2.CustomControls.csproj : warning NU1701: Package 'GroupControls 1.9.0' was restored using '.NETFramework,Version=v4.6.1, .NETFramework,Version=v4.6.2, .NETFramework,Version=v4.7, .NETFramework,Version=v4.7.1, .NETFramework,Version=v4.7.2, .NETFramework,Version=v4.8, .NETFramework,Version=v4.8.1' instead of the project target framework 'net8.0'. This package may not be fully compatible with your project. [C:\Users\ultra\warewolf\Dev\Warewolf.Common.NetStandard20.Tests\Warewolf.Common.NetStandard20.Tests.csproj]
C:\Users\ultra\warewolf\Dev\Dev2.CustomControls\Dev2.CustomControls.csproj : warning NU1701: Package 'TaskSchedulerEditor 2.10.1' was restored using '.NETFramework,Version=v4.6.1, .NETFramework,Version=v4.6.2, .NETFramework,Version=v4.7, .NETFramework,Version=v4.7.1, .NETFramework,Version=v4.7.2, .NETFramework,Version=v4.8, .NETFramework,Version=v4.8.1' instead of the project target framework 'net8.0'. This package may not be fully compatible with your project. [C:\Users\ultra\warewolf\Dev\Warewolf.Common.NetStandard20.Tests\Warewolf.Common.NetStandard20.Tests.csproj]
C:\Users\ultra\warewolf\Dev\Warewolf.Sharepoint\Warewolf.Sharepoint.csproj : warning NU1701: Package 'AeroWizard 2.3.1' was restored using '.NETFramework,Version=v4.6.1, .NETFramework,Version=v4.6.2, .NETFramework,Version=v4.7, .NETFramework,Version=v4.7.1, .NETFramework,Version=v4.7.2, .NETFramework,Version=v4.8, .NETFramework,Version=v4.8.1' instead of the project target framework 'net8.0'. This package may not be fully compatible with your project. [C:\Users\ultra\warewolf\Dev\Warewolf.Common.NetStandard20.Tests\Warewolf.Common.NetStandard20.Tests.csproj]
C:\Users\ultra\warewolf\Dev\Warewolf.Sharepoint\Warewolf.Sharepoint.csproj : warning NU1701: Package 'GroupControls 1.9.0' was restored using '.NETFramework,Version=v4.6.1, .NETFramework,Version=v4.6.2, .NETFramework,Version=v4.7, .NETFramework,Version=v4.7.1, .NETFramework,Version=v4.7.2, .NETFramework,Version=v4.8, .NETFramework,Version=v4.8.1' instead of the project target framework 'net8.0'. This package may not be fully compatible with your project. [C:\Users\ultra\warewolf\Dev\Warewolf.Common.NetStandard20.Tests\Warewolf.Common.NetStandard20.Tests.csproj]
C:\Users\ultra\warewolf\Dev\Warewolf.Sharepoint\Warewolf.Sharepoint.csproj : warning NU1701: Package 'ReactiveUI.WPF 18.4.1' was restored using '.NETFramework,Version=v4.6.1, .NETFramework,Version=v4.6.2, .NETFramework,Version=v4.7, .NETFramework,Version=v4.7.1, .NETFramework,Version=v4.7.2, .NETFramework,Version=v4.8, .NETFramework,Version=v4.8.1' instead of the project target framework 'net8.0'. This package may not be fully compatible with your project. [C:\Users\ultra\warewolf\Dev\Warewolf.Common.NetStandard20.Tests\Warewolf.Common.NetStandard20.Tests.csproj]
C:\Users\ultra\warewolf\Dev\Warewolf.Sharepoint\Warewolf.Sharepoint.csproj : warning NU1701: Package 'TaskSchedulerEditor 2.10.1' was restored using '.NETFramework,Version=v4.6.1, .NETFramework,Version=v4.6.2, .NETFramework,Version=v4.7, .NETFramework,Version=v4.7.1, .NETFramework,Version=v4.7.2, .NETFramework,Version=v4.8, .NETFramework,Version=v4.8.1' instead of the project target framework 'net8.0'. This package may not be fully compatible with your project. [C:\Users\ultra\warewolf\Dev\Warewolf.Common.NetStandard20.Tests\Warewolf.Common.NetStandard20.Tests.csproj]
C:\Users\ultra\warewolf\Dev\Dev2.Core\Dev2.Core.csproj : warning NU1903: Package 'Microsoft.Windows.Compatibility' 6.0.0 has a known high severity vulnerability, https://github.com/advisories/GHSA-555c-2p6r-68mm [C:\Users\ultra\warewolf\Dev\Warewolf.Common.NetStandard20.Tests\Warewolf.Common.NetStandard20.Tests.csproj]
C:\Users\ultra\warewolf\Dev\Dev2.Core\Dev2.Core.csproj : warning NU1701: Package 'AeroWizard 2.3.1' was restored using '.NETFramework,Version=v4.6.1, .NETFramework,Version=v4.6.2, .NETFramework,Version=v4.7, .NETFramework,Version=v4.7.1, .NETFramework,Version=v4.7.2, .NETFramework,Version=v4.8, .NETFramework,Version=v4.8.1' instead of the project target framework 'net8.0'. This package may not be fully compatible with your project. [C:\Users\ultra\warewolf\Dev\Warewolf.Common.NetStandard20.Tests\Warewolf.Common.NetStandard20.Tests.csproj]
C:\Users\ultra\warewolf\Dev\Dev2.Core\Dev2.Core.csproj : warning NU1701: Package 'GroupControls 1.9.0' was restored using '.NETFramework,Version=v4.6.1, .NETFramework,Version=v4.6.2, .NETFramework,Version=v4.7, .NETFramework,Version=v4.7.1, .NETFramework,Version=v4.7.2, .NETFramework,Version=v4.8, .NETFramework,Version=v4.8.1' instead of the project target framework 'net8.0'. This package may not be fully compatible with your project. [C:\Users\ultra\warewolf\Dev\Warewolf.Common.NetStandard20.Tests\Warewolf.Common.NetStandard20.Tests.csproj]
C:\Users\ultra\warewolf\Dev\Dev2.Core\Dev2.Core.csproj : warning NU1701: Package 'ReactiveUI.WPF 18.4.1' was restored using '.NETFramework,Version=v4.6.1, .NETFramework,Version=v4.6.2, .NETFramework,Version=v4.7, .NETFramework,Version=v4.7.1, .NETFramework,Version=v4.7.2, .NETFramework,Version=v4.8, .NETFramework,Version=v4.8.1' instead of the project target framework 'net8.0'. This package may not be fully compatible with your project. [C:\Users\ultra\warewolf\Dev\Warewolf.Common.NetStandard20.Tests\Warewolf.Common.NetStandard20.Tests.csproj]
C:\Users\ultra\warewolf\Dev\Dev2.Core\Dev2.Core.csproj : warning NU1701: Package 'TaskSchedulerEditor 2.10.1' was restored using '.NETFramework,Version=v4.6.1, .NETFramework,Version=v4.6.2, .NETFramework,Version=v4.7, .NETFramework,Version=v4.7.1, .NETFramework,Version=v4.7.2, .NETFramework,Version=v4.8, .NETFramework,Version=v4.8.1' instead of the project target framework 'net8.0'. This package may not be fully compatible with your project. [C:\Users\ultra\warewolf\Dev\Warewolf.Common.NetStandard20.Tests\Warewolf.Common.NetStandard20.Tests.csproj]
C:\Users\ultra\warewolf\Dev\Warewolf.Common.NetStandard20.Tests\Warewolf.Common.NetStandard20.Tests.csproj : warning NU1701: Package 'AeroWizard 2.3.1' was restored using '.NETFramework,Version=v4.6.1, .NETFramework,Version=v4.6.2, .NETFramework,Version=v4.7, .NETFramework,Version=v4.7.1, .NETFramework,Version=v4.7.2, .NETFramework,Version=v4.8, .NETFramework,Version=v4.8.1' instead of the project target framework 'net8.0'. This package may not be fully compatible with your project.
C:\Users\ultra\warewolf\Dev\Warewolf.Common.NetStandard20.Tests\Warewolf.Common.NetStandard20.Tests.csproj : warning NU1701: Package 'GroupControls 1.9.0' was restored using '.NETFramework,Version=v4.6.1, .NETFramework,Version=v4.6.2, .NETFramework,Version=v4.7, .NETFramework,Version=v4.7.1, .NETFramework,Version=v4.7.2, .NETFramework,Version=v4.8, .NETFramework,Version=v4.8.1' instead of the project target framework 'net8.0'. This package may not be fully compatible with your project.
C:\Users\ultra\warewolf\Dev\Warewolf.Common.NetStandard20.Tests\Warewolf.Common.NetStandard20.Tests.csproj : warning NU1701: Package 'ReactiveUI.WPF 18.4.1' was restored using '.NETFramework,Version=v4.6.1, .NETFramework,Version=v4.6.2, .NETFramework,Version=v4.7, .NETFramework,Version=v4.7.1, .NETFramework,Version=v4.7.2, .NETFramework,Version=v4.8, .NETFramework,Version=v4.8.1' instead of the project target framework 'net8.0'. This package may not be fully compatible with your project.
C:\Users\ultra\warewolf\Dev\Warewolf.Common.NetStandard20.Tests\Warewolf.Common.NetStandard20.Tests.csproj : warning NU1701: Package 'TaskSchedulerEditor 2.10.1' was restored using '.NETFramework,Version=v4.6.1, .NETFramework,Version=v4.6.2, .NETFramework,Version=v4.7, .NETFramework,Version=v4.7.1, .NETFramework,Version=v4.7.2, .NETFramework,Version=v4.8, .NETFramework,Version=v4.8.1' instead of the project target framework 'net8.0'. This package may not be fully compatible with your project.
  Restored C:\Users\ultra\warewolf\Dev\Warewolf.Common.NetStandard20.Tests\Warewolf.Common.NetStandard20.Tests.csproj (in 541 ms).
  30 of 31 projects are up-to-date for restore.
C:\Users\ultra\warewolf\Dev\Warewolf.Common.NetStandard20.Tests\Warewolf.Common.NetStandard20.Tests.csproj : warning NU1701: Package 'AeroWizard 2.3.1' was restored using '.NETFramework,Version=v4.6.1, .NETFramework,Version=v4.6.2, .NETFramework,Version=v4.7, .NETFramework,Version=v4.7.1, .NETFramework,Version=v4.7.2, .NETFramework,Version=v4.8, .NETFramework,Version=v4.8.1' instead of the project target framework 'net8.0'. This package may not be fully compatible with your project.
C:\Users\ultra\warewolf\Dev\Warewolf.Common.NetStandard20.Tests\Warewolf.Common.NetStandard20.Tests.csproj : warning NU1701: Package 'GroupControls 1.9.0' was restored using '.NETFramework,Version=v4.6.1, .NETFramework,Version=v4.6.2, .NETFramework,Version=v4.7, .NETFramework,Version=v4.7.1, .NETFramework,Version=v4.7.2, .NETFramework,Version=v4.8, .NETFramework,Version=v4.8.1' instead of the project target framework 'net8.0'. This package may not be fully compatible with your project.
C:\Users\ultra\warewolf\Dev\Warewolf.Common.NetStandard20.Tests\Warewolf.Common.NetStandard20.Tests.csproj : warning NU1701: Package 'ReactiveUI.WPF 18.4.1' was restored using '.NETFramework,Version=v4.6.1, .NETFramework,Version=v4.6.2, .NETFramework,Version=v4.7, .NETFramework,Version=v4.7.1, .NETFramework,Version=v4.7.2, .NETFramework,Version=v4.8, .NETFramework,Version=v4.8.1' instead of the project target framework 'net8.0'. This package may not be fully compatible with your project.
C:\Users\ultra\warewolf\Dev\Warewolf.Common.NetStandard20.Tests\Warewolf.Common.NetStandard20.Tests.csproj : warning NU1701: Package 'TaskSchedulerEditor 2.10.1' was restored using '.NETFramework,Version=v4.6.1, .NETFramework,Version=v4.6.2, .NETFramework,Version=v4.7, .NETFramework,Version=v4.7.1, .NETFramework,Version=v4.7.2, .NETFramework,Version=v4.8, .NETFramework,Version=v4.8.1' instead of the project target framework 'net8.0'. This package may not be fully compatible with your project.
C:\Users\ultra\warewolf\Dev\Warewolf.Common.NetStandard20\Warewolf.Common.NetStandard20.csproj : warning NU1701: Package 'AeroWizard 2.3.1' was restored using '.NETFramework,Version=v4.6.1, .NETFramework,Version=v4.6.2, .NETFramework,Version=v4.7, .NETFramework,Version=v4.7.1, .NETFramework,Version=v4.7.2, .NETFramework,Version=v4.8, .NETFramework,Version=v4.8.1' instead of the project target framework 'net8.0'. This package may not be fully compatible with your project.
C:\Users\ultra\warewolf\Dev\Warewolf.Common.NetStandard20\Warewolf.Common.NetStandard20.csproj : warning NU1701: Package 'GroupControls 1.9.0' was restored using '.NETFramework,Version=v4.6.1, .NETFramework,Version=v4.6.2, .NETFramework,Version=v4.7, .NETFramework,Version=v4.7.1, .NETFramework,Version=v4.7.2, .NETFramework,Version=v4.8, .NETFramework,Version=v4.8.1' instead of the project target framework 'net8.0'. This package may not be fully compatible with your project.
C:\Users\ultra\warewolf\Dev\Warewolf.Common.NetStandard20\Warewolf.Common.NetStandard20.csproj : warning NU1701: Package 'ReactiveUI.WPF 18.4.1' was restored using '.NETFramework,Version=v4.6.1, .NETFramework,Version=v4.6.2, .NETFramework,Version=v4.7, .NETFramework,Version=v4.7.1, .NETFramework,Version=v4.7.2, .NETFramework,Version=v4.8, .NETFramework,Version=v4.8.1' instead of the project target framework 'net8.0'. This package may not be fully compatible with your project.
C:\Users\ultra\warewolf\Dev\Warewolf.Common.NetStandard20\Warewolf.Common.NetStandard20.csproj : warning NU1701: Package 'TaskSchedulerEditor 2.10.1' was restored using '.NETFramework,Version=v4.6.1, .NETFramework,Version=v4.6.2, .NETFramework,Version=v4.7, .NETFramework,Version=v4.7.1, .NETFramework,Version=v4.7.2, .NETFramework,Version=v4.8, .NETFramework,Version=v4.8.1' instead of the project target framework 'net8.0'. This package may not be fully compatible with your project.
C:\Program Files\dotnet\sdk\10.0.201\Sdks\Microsoft.NET.Sdk\targets\Microsoft.NET.Sdk.DefaultItems.targets(162,5): warning NETSDK1137: It is no longer necessary to use the Microsoft.NET.Sdk.WindowsDesktop SDK. Consider changing the Sdk attribute of the root Project element to 'Microsoft.NET.Sdk'. [C:\Users\ultra\warewolf\Dev\Dev2.CustomControls\Dev2.CustomControls.csproj]
C:\Users\ultra\warewolf\Dev\Dev2.Infrastructure\Dev2.Infrastructure.csproj : warning NU1903: Package 'Microsoft.Windows.Compatibility' 6.0.0 has a known high severity vulnerability, https://github.com/advisories/GHSA-555c-2p6r-68mm
C:\Users\ultra\warewolf\Dev\Dev2.Infrastructure\Dev2.Infrastructure.csproj : warning NU1701: Package 'AeroWizard 2.3.1' was restored using '.NETFramework,Version=v4.6.1, .NETFramework,Version=v4.6.2, .NETFramework,Version=v4.7, .NETFramework,Version=v4.7.1, .NETFramework,Version=v4.7.2, .NETFramework,Version=v4.8, .NETFramework,Version=v4.8.1' instead of the project target framework 'net8.0'. This package may not be fully compatible with your project.
C:\Users\ultra\warewolf\Dev\Dev2.Infrastructure\Dev2.Infrastructure.csproj : warning NU1701: Package 'GroupControls 1.9.0' was restored using '.NETFramework,Version=v4.6.1, .NETFramework,Version=v4.6.2, .NETFramework,Version=v4.7, .NETFramework,Version=v4.7.1, .NETFramework,Version=v4.7.2, .NETFramework,Version=v4.8, .NETFramework,Version=v4.8.1' instead of the project target framework 'net8.0'. This package may not be fully compatible with your project.
C:\Users\ultra\warewolf\Dev\Dev2.Infrastructure\Dev2.Infrastructure.csproj : warning NU1701: Package 'ReactiveUI.WPF 18.4.1' was restored using '.NETFramework,Version=v4.6.1, .NETFramework,Version=v4.6.2, .NETFramework,Version=v4.7, .NETFramework,Version=v4.7.1, .NETFramework,Version=v4.7.2, .NETFramework,Version=v4.8, .NETFramework,Version=v4.8.1' instead of the project target framework 'net8.0'. This package may not be fully compatible with your project.
C:\Users\ultra\warewolf\Dev\Dev2.Infrastructure\Dev2.Infrastructure.csproj : warning NU1701: Package 'TaskSchedulerEditor 2.10.1' was restored using '.NETFramework,Version=v4.6.1, .NETFramework,Version=v4.6.2, .NETFramework,Version=v4.7, .NETFramework,Version=v4.7.1, .NETFramework,Version=v4.7.2, .NETFramework,Version=v4.8, .NETFramework,Version=v4.8.1' instead of the project target framework 'net8.0'. This package may not be fully compatible with your project.
C:\Program Files\dotnet\sdk\10.0.201\Sdks\Microsoft.NET.Sdk.WindowsDesktop\targets\Microsoft.NET.Sdk.WindowsDesktop.targets(138,5): warning NETSDK1106: Microsoft.NET.Sdk.WindowsDesktop requires 'UseWpf' or 'UseWindowsForms' to be set to 'true' [C:\Users\ultra\warewolf\Dev\Dev2.CustomControls\Dev2.CustomControls.csproj]
C:\Users\ultra\warewolf\Dev\Dev2.Data\Dev2.Data.csproj : warning NU1701: Package 'AeroWizard 2.3.1' was restored using '.NETFramework,Version=v4.6.1, .NETFramework,Version=v4.6.2, .NETFramework,Version=v4.7, .NETFramework,Version=v4.7.1, .NETFramework,Version=v4.7.2, .NETFramework,Version=v4.8, .NETFramework,Version=v4.8.1' instead of the project target framework 'net8.0'. This package may not be fully compatible with your project.
C:\Users\ultra\warewolf\Dev\Dev2.Data\Dev2.Data.csproj : warning NU1701: Package 'GroupControls 1.9.0' was restored using '.NETFramework,Version=v4.6.1, .NETFramework,Version=v4.6.2, .NETFramework,Version=v4.7, .NETFramework,Version=v4.7.1, .NETFramework,Version=v4.7.2, .NETFramework,Version=v4.8, .NETFramework,Version=v4.8.1' instead of the project target framework 'net8.0'. This package may not be fully compatible with your project.
C:\Users\ultra\warewolf\Dev\Dev2.Data\Dev2.Data.csproj : warning NU1701: Package 'ReactiveUI.WPF 18.4.1' was restored using '.NETFramework,Version=v4.6.1, .NETFramework,Version=v4.6.2, .NETFramework,Version=v4.7, .NETFramework,Version=v4.7.1, .NETFramework,Version=v4.7.2, .NETFramework,Version=v4.8, .NETFramework,Version=v4.8.1' instead of the project target framework 'net8.0'. This package may not be fully compatible with your project.
C:\Users\ultra\warewolf\Dev\Dev2.Data\Dev2.Data.csproj : warning NU1701: Package 'TaskSchedulerEditor 2.10.1' was restored using '.NETFramework,Version=v4.6.1, .NETFramework,Version=v4.6.2, .NETFramework,Version=v4.7, .NETFramework,Version=v4.7.1, .NETFramework,Version=v4.7.2, .NETFramework,Version=v4.8, .NETFramework,Version=v4.8.1' instead of the project target framework 'net8.0'. This package may not be fully compatible with your project.
C:\Users\ultra\warewolf\Dev\Dev2.CustomControls\Dev2.CustomControls.csproj : warning NU1903: Package 'Microsoft.Windows.Compatibility' 6.0.0 has a known high severity vulnerability, https://github.com/advisories/GHSA-555c-2p6r-68mm
C:\Users\ultra\warewolf\Dev\Dev2.CustomControls\Dev2.CustomControls.csproj : warning NU1701: Package 'AeroWizard 2.3.1' was restored using '.NETFramework,Version=v4.6.1, .NETFramework,Version=v4.6.2, .NETFramework,Version=v4.7, .NETFramework,Version=v4.7.1, .NETFramework,Version=v4.7.2, .NETFramework,Version=v4.8, .NETFramework,Version=v4.8.1' instead of the project target framework 'net8.0'. This package may not be fully compatible with your project.
C:\Users\ultra\warewolf\Dev\Dev2.CustomControls\Dev2.CustomControls.csproj : warning NU1701: Package 'GroupControls 1.9.0' was restored using '.NETFramework,Version=v4.6.1, .NETFramework,Version=v4.6.2, .NETFramework,Version=v4.7, .NETFramework,Version=v4.7.1, .NETFramework,Version=v4.7.2, .NETFramework,Version=v4.8, .NETFramework,Version=v4.8.1' instead of the project target framework 'net8.0'. This package may not be fully compatible with your project.
C:\Users\ultra\warewolf\Dev\Dev2.CustomControls\Dev2.CustomControls.csproj : warning NU1701: Package 'TaskSchedulerEditor 2.10.1' was restored using '.NETFramework,Version=v4.6.1, .NETFramework,Version=v4.6.2, .NETFramework,Version=v4.7, .NETFramework,Version=v4.7.1, .NETFramework,Version=v4.7.2, .NETFramework,Version=v4.8, .NETFramework,Version=v4.8.1' instead of the project target framework 'net8.0'. This package may not be fully compatible with your project.
C:\Users\ultra\warewolf\Dev\Dev2.Data.Interfaces\Dev2.Data.Interfaces.csproj : warning NU1903: Package 'DotNetZip' 1.16.0 has a known high severity vulnerability, https://github.com/advisories/GHSA-xhg6-9j5j-w4vf
C:\Users\ultra\warewolf\Dev\Dev2.Data.Interfaces\Dev2.Data.Interfaces.csproj : warning NU1701: Package 'AeroWizard 2.3.1' was restored using '.NETFramework,Version=v4.6.1, .NETFramework,Version=v4.6.2, .NETFramework,Version=v4.7, .NETFramework,Version=v4.7.1, .NETFramework,Version=v4.7.2, .NETFramework,Version=v4.8, .NETFramework,Version=v4.8.1' instead of the project target framework 'net8.0'. This package may not be fully compatible with your project.
C:\Users\ultra\warewolf\Dev\Dev2.Data.Interfaces\Dev2.Data.Interfaces.csproj : warning NU1701: Package 'GroupControls 1.9.0' was restored using '.NETFramework,Version=v4.6.1, .NETFramework,Version=v4.6.2, .NETFramework,Version=v4.7, .NETFramework,Version=v4.7.1, .NETFramework,Version=v4.7.2, .NETFramework,Version=v4.8, .NETFramework,Version=v4.8.1' instead of the project target framework 'net8.0'. This package may not be fully compatible with your project.
C:\Users\ultra\warewolf\Dev\Dev2.Data.Interfaces\Dev2.Data.Interfaces.csproj : warning NU1701: Package 'TaskSchedulerEditor 2.10.1' was restored using '.NETFramework,Version=v4.6.1, .NETFramework,Version=v4.6.2, .NETFramework,Version=v4.7, .NETFramework,Version=v4.7.1, .NETFramework,Version=v4.7.2, .NETFramework,Version=v4.8, .NETFramework,Version=v4.8.1' instead of the project target framework 'net8.0'. This package may not be fully compatible with your project.
C:\Users\ultra\warewolf\Dev\Dev2.Common.Interfaces\Dev2.Common.Interfaces.csproj : warning NU1903: Package 'Microsoft.Windows.Compatibility' 6.0.0 has a known high severity vulnerability, https://github.com/advisories/GHSA-555c-2p6r-68mm
C:\Users\ultra\warewolf\Dev\Dev2.Diagnostics\Dev2.Diagnostics.csproj : warning NU1701: Package 'AeroWizard 2.3.1' was restored using '.NETFramework,Version=v4.6.1, .NETFramework,Version=v4.6.2, .NETFramework,Version=v4.7, .NETFramework,Version=v4.7.1, .NETFramework,Version=v4.7.2, .NETFramework,Version=v4.8, .NETFramework,Version=v4.8.1' instead of the project target framework 'net8.0'. This package may not be fully compatible with your project.
C:\Users\ultra\warewolf\Dev\Dev2.Common.Interfaces\Dev2.Common.Interfaces.csproj : warning NU1701: Package 'AeroWizard 2.3.1' was restored using '.NETFramework,Version=v4.6.1, .NETFramework,Version=v4.6.2, .NETFramework,Version=v4.7, .NETFramework,Version=v4.7.1, .NETFramework,Version=v4.7.2, .NETFramework,Version=v4.8, .NETFramework,Version=v4.8.1' instead of the project target framework 'net8.0'. This package may not be fully compatible with your project.
C:\Users\ultra\warewolf\Dev\Dev2.Diagnostics\Dev2.Diagnostics.csproj : warning NU1701: Package 'GroupControls 1.9.0' was restored using '.NETFramework,Version=v4.6.1, .NETFramework,Version=v4.6.2, .NETFramework,Version=v4.7, .NETFramework,Version=v4.7.1, .NETFramework,Version=v4.7.2, .NETFramework,Version=v4.8, .NETFramework,Version=v4.8.1' instead of the project target framework 'net8.0'. This package may not be fully compatible with your project.
C:\Users\ultra\warewolf\Dev\Dev2.Common.Interfaces\Dev2.Common.Interfaces.csproj : warning NU1701: Package 'GroupControls 1.9.0' was restored using '.NETFramework,Version=v4.6.1, .NETFramework,Version=v4.6.2, .NETFramework,Version=v4.7, .NETFramework,Version=v4.7.1, .NETFramework,Version=v4.7.2, .NETFramework,Version=v4.8, .NETFramework,Version=v4.8.1' instead of the project target framework 'net8.0'. This package may not be fully compatible with your project.
C:\Users\ultra\warewolf\Dev\Dev2.Diagnostics\Dev2.Diagnostics.csproj : warning NU1701: Package 'TaskSchedulerEditor 2.10.1' was restored using '.NETFramework,Version=v4.6.1, .NETFramework,Version=v4.6.2, .NETFramework,Version=v4.7, .NETFramework,Version=v4.7.1, .NETFramework,Version=v4.7.2, .NETFramework,Version=v4.8, .NETFramework,Version=v4.8.1' instead of the project target framework 'net8.0'. This package may not be fully compatible with your project.
C:\Users\ultra\warewolf\Dev\Dev2.Common\Dev2.Common.csproj : warning NU1903: Package 'Microsoft.Windows.Compatibility' 6.0.0 has a known high severity vulnerability, https://github.com/advisories/GHSA-555c-2p6r-68mm
C:\Users\ultra\warewolf\Dev\Dev2.Common.Interfaces\Dev2.Common.Interfaces.csproj : warning NU1701: Package 'TaskSchedulerEditor 2.10.1' was restored using '.NETFramework,Version=v4.6.1, .NETFramework,Version=v4.6.2, .NETFramework,Version=v4.7, .NETFramework,Version=v4.7.1, .NETFramework,Version=v4.7.2, .NETFramework,Version=v4.8, .NETFramework,Version=v4.8.1' instead of the project target framework 'net8.0'. This package may not be fully compatible with your project.
C:\Users\ultra\warewolf\Dev\Dev2.Common\Dev2.Common.csproj : warning NU1701: Package 'AeroWizard 2.3.1' was restored using '.NETFramework,Version=v4.6.1, .NETFramework,Version=v4.6.2, .NETFramework,Version=v4.7, .NETFramework,Version=v4.7.1, .NETFramework,Version=v4.7.2, .NETFramework,Version=v4.8, .NETFramework,Version=v4.8.1' instead of the project target framework 'net8.0'. This package may not be fully compatible with your project.
C:\Users\ultra\warewolf\Dev\Dev2.Common\Dev2.Common.csproj : warning NU1701: Package 'GroupControls 1.9.0' was restored using '.NETFramework,Version=v4.6.1, .NETFramework,Version=v4.6.2, .NETFramework,Version=v4.7, .NETFramework,Version=v4.7.1, .NETFramework,Version=v4.7.2, .NETFramework,Version=v4.8, .NETFramework,Version=v4.8.1' instead of the project target framework 'net8.0'. This package may not be fully compatible with your project.
C:\Users\ultra\warewolf\Dev\Warewolf.Auditing\Warewolf.Auditing.csproj : warning NU1701: Package 'AeroWizard 2.3.1' was restored using '.NETFramework,Version=v4.6.1, .NETFramework,Version=v4.6.2, .NETFramework,Version=v4.7, .NETFramework,Version=v4.7.1, .NETFramework,Version=v4.7.2, .NETFramework,Version=v4.8, .NETFramework,Version=v4.8.1' instead of the project target framework 'net8.0'. This package may not be fully compatible with your project.
C:\Users\ultra\warewolf\Dev\Dev2.Common\Dev2.Common.csproj : warning NU1701: Package 'TaskSchedulerEditor 2.10.1' was restored using '.NETFramework,Version=v4.6.1, .NETFramework,Version=v4.6.2, .NETFramework,Version=v4.7, .NETFramework,Version=v4.7.1, .NETFramework,Version=v4.7.2, .NETFramework,Version=v4.8, .NETFramework,Version=v4.8.1' instead of the project target framework 'net8.0'. This package may not be fully compatible with your project.
C:\Users\ultra\warewolf\Dev\Warewolf.Auditing\Warewolf.Auditing.csproj : warning NU1701: Package 'GroupControls 1.9.0' was restored using '.NETFramework,Version=v4.6.1, .NETFramework,Version=v4.6.2, .NETFramework,Version=v4.7, .NETFramework,Version=v4.7.1, .NETFramework,Version=v4.7.2, .NETFramework,Version=v4.8, .NETFramework,Version=v4.8.1' instead of the project target framework 'net8.0'. This package may not be fully compatible with your project.
C:\Users\ultra\warewolf\Dev\Warewolf.Auditing\Warewolf.Auditing.csproj : warning NU1701: Package 'ReactiveUI.WPF 18.4.1' was restored using '.NETFramework,Version=v4.6.1, .NETFramework,Version=v4.6.2, .NETFramework,Version=v4.7, .NETFramework,Version=v4.7.1, .NETFramework,Version=v4.7.2, .NETFramework,Version=v4.8, .NETFramework,Version=v4.8.1' instead of the project target framework 'net8.0'. This package may not be fully compatible with your project.
C:\Users\ultra\warewolf\Dev\Warewolf.Auditing\Warewolf.Auditing.csproj : warning NU1701: Package 'TaskSchedulerEditor 2.10.1' was restored using '.NETFramework,Version=v4.6.1, .NETFramework,Version=v4.6.2, .NETFramework,Version=v4.7, .NETFramework,Version=v4.7.1, .NETFramework,Version=v4.7.2, .NETFramework,Version=v4.8, .NETFramework,Version=v4.8.1' instead of the project target framework 'net8.0'. This package may not be fully compatible with your project.
C:\Users\ultra\warewolf\Dev\Dev2.Core\Dev2.Core.csproj : warning NU1903: Package 'Microsoft.Windows.Compatibility' 6.0.0 has a known high severity vulnerability, https://github.com/advisories/GHSA-555c-2p6r-68mm
C:\Users\ultra\warewolf\Dev\Dev2.Core\Dev2.Core.csproj : warning NU1701: Package 'AeroWizard 2.3.1' was restored using '.NETFramework,Version=v4.6.1, .NETFramework,Version=v4.6.2, .NETFramework,Version=v4.7, .NETFramework,Version=v4.7.1, .NETFramework,Version=v4.7.2, .NETFramework,Version=v4.8, .NETFramework,Version=v4.8.1' instead of the project target framework 'net8.0'. This package may not be fully compatible with your project.
C:\Users\ultra\warewolf\Dev\Dev2.Core\Dev2.Core.csproj : warning NU1701: Package 'GroupControls 1.9.0' was restored using '.NETFramework,Version=v4.6.1, .NETFramework,Version=v4.6.2, .NETFramework,Version=v4.7, .NETFramework,Version=v4.7.1, .NETFramework,Version=v4.7.2, .NETFramework,Version=v4.8, .NETFramework,Version=v4.8.1' instead of the project target framework 'net8.0'. This package may not be fully compatible with your project.
C:\Users\ultra\warewolf\Dev\Dev2.Core\Dev2.Core.csproj : warning NU1701: Package 'ReactiveUI.WPF 18.4.1' was restored using '.NETFramework,Version=v4.6.1, .NETFramework,Version=v4.6.2, .NETFramework,Version=v4.7, .NETFramework,Version=v4.7.1, .NETFramework,Version=v4.7.2, .NETFramework,Version=v4.8, .NETFramework,Version=v4.8.1' instead of the project target framework 'net8.0'. This package may not be fully compatible with your project.
C:\Users\ultra\warewolf\Dev\Dev2.Core\Dev2.Core.csproj : warning NU1701: Package 'TaskSchedulerEditor 2.10.1' was restored using '.NETFramework,Version=v4.6.1, .NETFramework,Version=v4.6.2, .NETFramework,Version=v4.7, .NETFramework,Version=v4.7.1, .NETFramework,Version=v4.7.2, .NETFramework,Version=v4.8, .NETFramework,Version=v4.8.1' instead of the project target framework 'net8.0'. This package may not be fully compatible with your project.
C:\Users\ultra\warewolf\Dev\Warewolf.Driver.Serilog\Warewolf.Driver.Serilog.csproj : warning NU1701: Package 'AeroWizard 2.3.1' was restored using '.NETFramework,Version=v4.6.1, .NETFramework,Version=v4.6.2, .NETFramework,Version=v4.7, .NETFramework,Version=v4.7.1, .NETFramework,Version=v4.7.2, .NETFramework,Version=v4.8, .NETFramework,Version=v4.8.1' instead of the project target framework 'net8.0'. This package may not be fully compatible with your project.
C:\Users\ultra\warewolf\Dev\Warewolf.Driver.Serilog\Warewolf.Driver.Serilog.csproj : warning NU1701: Package 'GroupControls 1.9.0' was restored using '.NETFramework,Version=v4.6.1, .NETFramework,Version=v4.6.2, .NETFramework,Version=v4.7, .NETFramework,Version=v4.7.1, .NETFramework,Version=v4.7.2, .NETFramework,Version=v4.8, .NETFramework,Version=v4.8.1' instead of the project target framework 'net8.0'. This package may not be fully compatible with your project.
C:\Users\ultra\warewolf\Dev\Warewolf.Driver.Serilog\Warewolf.Driver.Serilog.csproj : warning NU1701: Package 'ReactiveUI.WPF 18.4.1' was restored using '.NETFramework,Version=v4.6.1, .NETFramework,Version=v4.6.2, .NETFramework,Version=v4.7, .NETFramework,Version=v4.7.1, .NETFramework,Version=v4.7.2, .NETFramework,Version=v4.8, .NETFramework,Version=v4.8.1' instead of the project target framework 'net8.0'. This package may not be fully compatible with your project.
C:\Users\ultra\warewolf\Dev\Warewolf.Driver.Serilog\Warewolf.Driver.Serilog.csproj : warning NU1701: Package 'TaskSchedulerEditor 2.10.1' was restored using '.NETFramework,Version=v4.6.1, .NETFramework,Version=v4.6.2, .NETFramework,Version=v4.7, .NETFramework,Version=v4.7.1, .NETFramework,Version=v4.7.2, .NETFramework,Version=v4.8, .NETFramework,Version=v4.8.1' instead of the project target framework 'net8.0'. This package may not be fully compatible with your project.
C:\Users\ultra\warewolf\Dev\Warewolf.Sharepoint\Warewolf.Sharepoint.csproj : warning NU1701: Package 'AeroWizard 2.3.1' was restored using '.NETFramework,Version=v4.6.1, .NETFramework,Version=v4.6.2, .NETFramework,Version=v4.7, .NETFramework,Version=v4.7.1, .NETFramework,Version=v4.7.2, .NETFramework,Version=v4.8, .NETFramework,Version=v4.8.1' instead of the project target framework 'net8.0'. This package may not be fully compatible with your project.
C:\Users\ultra\warewolf\Dev\Warewolf.Sharepoint\Warewolf.Sharepoint.csproj : warning NU1701: Package 'GroupControls 1.9.0' was restored using '.NETFramework,Version=v4.6.1, .NETFramework,Version=v4.6.2, .NETFramework,Version=v4.7, .NETFramework,Version=v4.7.1, .NETFramework,Version=v4.7.2, .NETFramework,Version=v4.8, .NETFramework,Version=v4.8.1' instead of the project target framework 'net8.0'. This package may not be fully compatible with your project.
C:\Users\ultra\warewolf\Dev\Warewolf.Sharepoint\Warewolf.Sharepoint.csproj : warning NU1701: Package 'ReactiveUI.WPF 18.4.1' was restored using '.NETFramework,Version=v4.6.1, .NETFramework,Version=v4.6.2, .NETFramework,Version=v4.7, .NETFramework,Version=v4.7.1, .NETFramework,Version=v4.7.2, .NETFramework,Version=v4.8, .NETFramework,Version=v4.8.1' instead of the project target framework 'net8.0'. This package may not be fully compatible with your project.
C:\Users\ultra\warewolf\Dev\Warewolf.Sharepoint\Warewolf.Sharepoint.csproj : warning NU1701: Package 'TaskSchedulerEditor 2.10.1' was restored using '.NETFramework,Version=v4.6.1, .NETFramework,Version=v4.6.2, .NETFramework,Version=v4.7, .NETFramework,Version=v4.7.1, .NETFramework,Version=v4.7.2, .NETFramework,Version=v4.8, .NETFramework,Version=v4.8.1' instead of the project target framework 'net8.0'. This package may not be fully compatible with your project.
C:\Users\ultra\warewolf\Dev\Warewolf.Common\Warewolf.Common.csproj : warning NU1701: Package 'AeroWizard 2.3.1' was restored using '.NETFramework,Version=v4.6.1, .NETFramework,Version=v4.6.2, .NETFramework,Version=v4.7, .NETFramework,Version=v4.7.1, .NETFramework,Version=v4.7.2, .NETFramework,Version=v4.8, .NETFramework,Version=v4.8.1' instead of the project target framework 'net8.0'. This package may not be fully compatible with your project.
C:\Users\ultra\warewolf\Dev\Warewolf.Common\Warewolf.Common.csproj : warning NU1701: Package 'GroupControls 1.9.0' was restored using '.NETFramework,Version=v4.6.1, .NETFramework,Version=v4.6.2, .NETFramework,Version=v4.7, .NETFramework,Version=v4.7.1, .NETFramework,Version=v4.7.2, .NETFramework,Version=v4.8, .NETFramework,Version=v4.8.1' instead of the project target framework 'net8.0'. This package may not be fully compatible with your project.
C:\Users\ultra\warewolf\Dev\Warewolf.Common\Warewolf.Common.csproj : warning NU1701: Package 'TaskSchedulerEditor 2.10.1' was restored using '.NETFramework,Version=v4.6.1, .NETFramework,Version=v4.6.2, .NETFramework,Version=v4.7, .NETFramework,Version=v4.7.1, .NETFramework,Version=v4.7.2, .NETFramework,Version=v4.8, .NETFramework,Version=v4.8.1' instead of the project target framework 'net8.0'. This package may not be fully compatible with your project.
  Warewolf.Weave -> C:\Users\ultra\warewolf\Dev\Warewolf.Weave\bin\Debug\net8.0\Warewolf.Weave.dll
C:\Users\ultra\warewolf\Dev\Warewolf.Data\Warewolf.Data.csproj : warning NU1701: Package 'AeroWizard 2.3.1' was restored using '.NETFramework,Version=v4.6.1, .NETFramework,Version=v4.6.2, .NETFramework,Version=v4.7, .NETFramework,Version=v4.7.1, .NETFramework,Version=v4.7.2, .NETFramework,Version=v4.8, .NETFramework,Version=v4.8.1' instead of the project target framework 'net8.0'. This package may not be fully compatible with your project.
C:\Users\ultra\warewolf\Dev\Warewolf.Data\Warewolf.Data.csproj : warning NU1701: Package 'GroupControls 1.9.0' was restored using '.NETFramework,Version=v4.6.1, .NETFramework,Version=v4.6.2, .NETFramework,Version=v4.7, .NETFramework,Version=v4.7.1, .NETFramework,Version=v4.7.2, .NETFramework,Version=v4.8, .NETFramework,Version=v4.8.1' instead of the project target framework 'net8.0'. This package may not be fully compatible with your project.
C:\Users\ultra\warewolf\Dev\Warewolf.Data\Warewolf.Data.csproj : warning NU1701: Package 'TaskSchedulerEditor 2.10.1' was restored using '.NETFramework,Version=v4.6.1, .NETFramework,Version=v4.6.2, .NETFramework,Version=v4.7, .NETFramework,Version=v4.7.1, .NETFramework,Version=v4.7.2, .NETFramework,Version=v4.8, .NETFramework,Version=v4.8.1' instead of the project target framework 'net8.0'. This package may not be fully compatible with your project.
  Log4Net.Async -> C:\Users\ultra\warewolf\Dev\Log4Net.Async\bin\Debug\net8.0\Log4Net.Async.dll
  Warewolf.Common.Interfaces.NetStandard20 -> C:\Users\ultra\warewolf\Dev\Warewolf.Common.Interfaces.NetStandard20\bin\Debug\net8.0\Warewolf.Common.Interfaces.NetStandard20.dll
C:\Users\ultra\warewolf\Dev\Warewolf.Interfaces\Data\ChatbotSettingsData.cs(20,23): warning CS0169: The field 'ChatbotSettingsData._encryptDataSource' is never used [C:\Users\ultra\warewolf\Dev\Warewolf.Interfaces\Warewolf.Interfaces.csproj]
C:\Users\ultra\warewolf\Dev\Warewolf.Interfaces\Auditing\SerializableException.cs(15,7): warning CS0414: The field 'SerializableException.HResult' is assigned but its value is never used [C:\Users\ultra\warewolf\Dev\Warewolf.Interfaces\Warewolf.Interfaces.csproj]
  Warewolf.Interfaces -> C:\Users\ultra\warewolf\Dev\Warewolf.Interfaces\bin\Debug\net8.0\Warewolf.Interfaces.dll
C:\Users\ultra\warewolf\Dev\Dev2.Runtime.Configuration\Dev2.Runtime.Configuration.csproj : warning NU1903: Package 'Microsoft.Windows.Compatibility' 6.0.0 has a known high severity vulnerability, https://github.com/advisories/GHSA-555c-2p6r-68mm
C:\Users\ultra\warewolf\Dev\Dev2.Runtime.Configuration\Dev2.Runtime.Configuration.csproj : warning NU1701: Package 'AeroWizard 2.3.1' was restored using '.NETFramework,Version=v4.6.1, .NETFramework,Version=v4.6.2, .NETFramework,Version=v4.7, .NETFramework,Version=v4.7.1, .NETFramework,Version=v4.7.2, .NETFramework,Version=v4.8, .NETFramework,Version=v4.8.1' instead of the project target framework 'net8.0'. This package may not be fully compatible with your project.
C:\Users\ultra\warewolf\Dev\Dev2.Runtime.Configuration\Dev2.Runtime.Configuration.csproj : warning NU1701: Package 'GroupControls 1.9.0' was restored using '.NETFramework,Version=v4.6.1, .NETFramework,Version=v4.6.2, .NETFramework,Version=v4.7, .NETFramework,Version=v4.7.1, .NETFramework,Version=v4.7.2, .NETFramework,Version=v4.8, .NETFramework,Version=v4.8.1' instead of the project target framework 'net8.0'. This package may not be fully compatible with your project.
C:\Users\ultra\warewolf\Dev\Dev2.Runtime.Configuration\Dev2.Runtime.Configuration.csproj : warning NU1701: Package 'TaskSchedulerEditor 2.10.1' was restored using '.NETFramework,Version=v4.6.1, .NETFramework,Version=v4.6.2, .NETFramework,Version=v4.7, .NETFramework,Version=v4.7.1, .NETFramework,Version=v4.7.2, .NETFramework,Version=v4.8, .NETFramework,Version=v4.8.1' instead of the project target framework 'net8.0'. This package may not be fully compatible with your project.
C:\Users\ultra\warewolf\Dev\Warewolf.Language.Parser\Warewolf.Language.Parser.fsproj : warning NU1504: Duplicate 'PackageReference' items found. Remove the duplicate items or use the Update functionality to ensure a consistent restore behavior. The duplicate 'PackageReference' items are: FSharp.Core 10.1.201, FSharp.Core 4.6.2.
C:\Users\ultra\warewolf\Dev\Warewolf.Storage.Interfaces\Warewolf.Storage.Interfaces.csproj : warning NU1701: Package 'AeroWizard 2.3.1' was restored using '.NETFramework,Version=v4.6.1, .NETFramework,Version=v4.6.2, .NETFramework,Version=v4.7, .NETFramework,Version=v4.7.1, .NETFramework,Version=v4.7.2, .NETFramework,Version=v4.8, .NETFramework,Version=v4.8.1' instead of the project target framework 'net8.0'. This package may not be fully compatible with your project.
C:\Users\ultra\warewolf\Dev\Warewolf.Storage.Interfaces\Warewolf.Storage.Interfaces.csproj : warning NU1701: Package 'GroupControls 1.9.0' was restored using '.NETFramework,Version=v4.6.1, .NETFramework,Version=v4.6.2, .NETFramework,Version=v4.7, .NETFramework,Version=v4.7.1, .NETFramework,Version=v4.7.2, .NETFramework,Version=v4.8, .NETFramework,Version=v4.8.1' instead of the project target framework 'net8.0'. This package may not be fully compatible with your project.
C:\Users\ultra\warewolf\Dev\Warewolf.Storage.Interfaces\Warewolf.Storage.Interfaces.csproj : warning NU1701: Package 'TaskSchedulerEditor 2.10.1' was restored using '.NETFramework,Version=v4.6.1, .NETFramework,Version=v4.6.2, .NETFramework,Version=v4.7, .NETFramework,Version=v4.7.1, .NETFramework,Version=v4.7.2, .NETFramework,Version=v4.8, .NETFramework,Version=v4.8.1' instead of the project target framework 'net8.0'. This package may not be fully compatible with your project.
  Warewolf.Resource -> C:\Users\ultra\warewolf\Dev\Warewolf.Resource\bin\Debug\net8.0\Warewolf.Resource.dll
  Consider app.config remapping of assembly "System.Runtime.CompilerServices.Unsafe, Culture=neutral, PublicKeyToken=b03f5f7f11d50a3a" from Version "6.0.0.0" [] to Version "8.0.0.0" [C:\Program Files\dotnet\packs\Microsoft.NETCore.App.Ref\8.0.25\ref\net8.0\System.Runtime.CompilerServices.Unsafe.dll] to solve conflict and get rid of warning.
  Dev2.Net6.Compatibility -> C:\Users\ultra\warewolf\Dev\Dev2.Net6.Compatibility\bin\Debug\net8.0\Dev2.Net6.Compatibility.dll
C:\Users\ultra\warewolf\Dev\Warewolf.Storage\Warewolf.Storage.csproj : warning NU1701: Package 'AeroWizard 2.3.1' was restored using '.NETFramework,Version=v4.6.1, .NETFramework,Version=v4.6.2, .NETFramework,Version=v4.7, .NETFramework,Version=v4.7.1, .NETFramework,Version=v4.7.2, .NETFramework,Version=v4.8, .NETFramework,Version=v4.8.1' instead of the project target framework 'net8.0'. This package may not be fully compatible with your project.
C:\Users\ultra\warewolf\Dev\Warewolf.Storage\Warewolf.Storage.csproj : warning NU1701: Package 'GroupControls 1.9.0' was restored using '.NETFramework,Version=v4.6.1, .NETFramework,Version=v4.6.2, .NETFramework,Version=v4.7, .NETFramework,Version=v4.7.1, .NETFramework,Version=v4.7.2, .NETFramework,Version=v4.8, .NETFramework,Version=v4.8.1' instead of the project target framework 'net8.0'. This package may not be fully compatible with your project.
C:\Users\ultra\warewolf\Dev\Warewolf.Storage\Warewolf.Storage.csproj : warning NU1701: Package 'ReactiveUI.WPF 18.4.1' was restored using '.NETFramework,Version=v4.6.1, .NETFramework,Version=v4.6.2, .NETFramework,Version=v4.7, .NETFramework,Version=v4.7.1, .NETFramework,Version=v4.7.2, .NETFramework,Version=v4.8, .NETFramework,Version=v4.8.1' instead of the project target framework 'net8.0'. This package may not be fully compatible with your project.
C:\Users\ultra\warewolf\Dev\Warewolf.Storage\Warewolf.Storage.csproj : warning NU1701: Package 'TaskSchedulerEditor 2.10.1' was restored using '.NETFramework,Version=v4.6.1, .NETFramework,Version=v4.6.2, .NETFramework,Version=v4.7, .NETFramework,Version=v4.7.1, .NETFramework,Version=v4.7.2, .NETFramework,Version=v4.8, .NETFramework,Version=v4.8.1' instead of the project target framework 'net8.0'. This package may not be fully compatible with your project.
  Warewolf.Driver.Redis -> C:\Users\ultra\warewolf\Dev\Warewolf.Driver.Redis\bin\Debug\net8.0\Warewolf.Driver.Redis.dll
  Warewolf.Driver.RabbitMQ -> C:\Users\ultra\warewolf\Dev\Warewolf.Driver.RabbitMQ\bin\Debug\net8.0\Warewolf.Driver.RabbitMQ.dll
  Warewolf.Studio.Resources -> C:\Users\ultra\warewolf\Dev\Warewolf.Studio.Resources\bin\Debug\net8.0\Warewolf.Studio.Resources.dll
C:\Users\ultra\warewolf\Dev\Dev2.Util\Dev2.Util.csproj : warning NU1903: Package 'Microsoft.Windows.Compatibility' 6.0.0 has a known high severity vulnerability, https://github.com/advisories/GHSA-555c-2p6r-68mm
C:\Users\ultra\warewolf\Dev\Dev2.Util\Dev2.Util.csproj : warning NU1701: Package 'AeroWizard 2.3.1' was restored using '.NETFramework,Version=v4.6.1, .NETFramework,Version=v4.6.2, .NETFramework,Version=v4.7, .NETFramework,Version=v4.7.1, .NETFramework,Version=v4.7.2, .NETFramework,Version=v4.8, .NETFramework,Version=v4.8.1' instead of the project target framework 'net8.0'. This package may not be fully compatible with your project.
C:\Users\ultra\warewolf\Dev\Dev2.Util\Dev2.Util.csproj : warning NU1701: Package 'GroupControls 1.9.0' was restored using '.NETFramework,Version=v4.6.1, .NETFramework,Version=v4.6.2, .NETFramework,Version=v4.7, .NETFramework,Version=v4.7.1, .NETFramework,Version=v4.7.2, .NETFramework,Version=v4.8, .NETFramework,Version=v4.8.1' instead of the project target framework 'net8.0'. This package may not be fully compatible with your project.
C:\Users\ultra\warewolf\Dev\Dev2.Util\Dev2.Util.csproj : warning NU1701: Package 'TaskSchedulerEditor 2.10.1' was restored using '.NETFramework,Version=v4.6.1, .NETFramework,Version=v4.6.2, .NETFramework,Version=v4.7, .NETFramework,Version=v4.7.1, .NETFramework,Version=v4.7.2, .NETFramework,Version=v4.8, .NETFramework,Version=v4.8.1' instead of the project target framework 'net8.0'. This package may not be fully compatible with your project.
C:\Users\ultra\warewolf\Dev\Warewolf.Security\Warewolf.Security.csproj : warning NU1904: Package 'System.Drawing.Common' 4.5.1 has a known critical severity vulnerability, https://github.com/advisories/GHSA-rxg9-xrhp-64gj
  Warewolf.Parser.Interop -> C:\Users\ultra\warewolf\Dev\Warewolf.Parser.Interop\bin\Debug\net8.0\WarewolfParserInterop.dll
C:\Users\ultra\warewolf\Dev\Warewolf.Language.Parser\EvaluationFunctions.fs(277,15): warning FS3548: Pattern discard is not allowed for union case that takes no data. [C:\Users\ultra\warewolf\Dev\Warewolf.Language.Parser\Warewolf.Language.Parser.fsproj]
C:\Users\ultra\warewolf\Dev\Warewolf.Language.Parser\EvaluationFunctions.fs(305,15): warning FS3548: Pattern discard is not allowed for union case that takes no data. [C:\Users\ultra\warewolf\Dev\Warewolf.Language.Parser\Warewolf.Language.Parser.fsproj]
C:\Users\ultra\warewolf\Dev\Warewolf.Language.Parser\EvaluationFunctions.fs(748,21): warning FS3873: This construct is deprecated. Sequence expressions should be of the form 'seq { ... }' [C:\Users\ultra\warewolf\Dev\Warewolf.Language.Parser\Warewolf.Language.Parser.fsproj]
C:\Users\ultra\warewolf\Dev\Warewolf.Language.Parser\EvaluationFunctions.fs(751,28): warning FS3873: This construct is deprecated. Sequence expressions should be of the form 'seq { ... }' [C:\Users\ultra\warewolf\Dev\Warewolf.Language.Parser\Warewolf.Language.Parser.fsproj]
C:\Users\ultra\warewolf\Dev\Warewolf.Language.Parser\WarewolfDataEvaluationCommon.fs(593,21): warning FS3873: This construct is deprecated. Sequence expressions should be of the form 'seq { ... }' [C:\Users\ultra\warewolf\Dev\Warewolf.Language.Parser\Warewolf.Language.Parser.fsproj]
C:\Users\ultra\warewolf\Dev\Warewolf.Language.Parser\WarewolfDataEvaluationCommon.fs(596,28): warning FS3873: This construct is deprecated. Sequence expressions should be of the form 'seq { ... }' [C:\Users\ultra\warewolf\Dev\Warewolf.Language.Parser\Warewolf.Language.Parser.fsproj]
C:\Users\ultra\warewolf\Dev\Warewolf.Security\Encryption\AESThenHMAC.cs(168,34): warning SYSLIB0021: 'AesManaged' is obsolete: 'Derived cryptographic types are obsolete. Use the Create method on the base type instead.' (https://aka.ms/dotnet-warnings/SYSLIB0021) [C:\Users\ultra\warewolf\Dev\Warewolf.Security\Warewolf.Security.csproj]
C:\Users\ultra\warewolf\Dev\Warewolf.Security\Encryption\AESThenHMAC.cs(264,38): warning SYSLIB0021: 'AesManaged' is obsolete: 'Derived cryptographic types are obsolete. Use the Create method on the base type instead.' (https://aka.ms/dotnet-warnings/SYSLIB0021) [C:\Users\ultra\warewolf\Dev\Warewolf.Security\Warewolf.Security.csproj]
C:\Users\ultra\warewolf\Dev\Warewolf.Security\Encryption\AESThenHMAC.cs(331,36): warning SYSLIB0041: 'Rfc2898DeriveBytes.Rfc2898DeriveBytes(string, int, int)' is obsolete: 'The default hash algorithm and iteration counts in Rfc2898DeriveBytes constructors are outdated and insecure. Use a constructor that accepts the hash algorithm and the number of iterations.' (https://aka.ms/dotnet-warnings/SYSLIB0041) [C:\Users\ultra\warewolf\Dev\Warewolf.Security\Warewolf.Security.csproj]
C:\Users\ultra\warewolf\Dev\Warewolf.Security\Encryption\AESThenHMAC.cs(345,36): warning SYSLIB0041: 'Rfc2898DeriveBytes.Rfc2898DeriveBytes(string, int, int)' is obsolete: 'The default hash algorithm and iteration counts in Rfc2898DeriveBytes constructors are outdated and insecure. Use a constructor that accepts the hash algorithm and the number of iterations.' (https://aka.ms/dotnet-warnings/SYSLIB0041) [C:\Users\ultra\warewolf\Dev\Warewolf.Security\Warewolf.Security.csproj]
C:\Users\ultra\warewolf\Dev\Warewolf.Security\Encryption\AESThenHMAC.cs(393,36): warning SYSLIB0041: 'Rfc2898DeriveBytes.Rfc2898DeriveBytes(string, byte[], int)' is obsolete: 'The default hash algorithm and iteration counts in Rfc2898DeriveBytes constructors are outdated and insecure. Use a constructor that accepts the hash algorithm and the number of iterations.' (https://aka.ms/dotnet-warnings/SYSLIB0041) [C:\Users\ultra\warewolf\Dev\Warewolf.Security\Warewolf.Security.csproj]
C:\Users\ultra\warewolf\Dev\Warewolf.Security\Encryption\AESThenHMAC.cs(398,36): warning SYSLIB0041: 'Rfc2898DeriveBytes.Rfc2898DeriveBytes(string, byte[], int)' is obsolete: 'The default hash algorithm and iteration counts in Rfc2898DeriveBytes constructors are outdated and insecure. Use a constructor that accepts the hash algorithm and the number of iterations.' (https://aka.ms/dotnet-warnings/SYSLIB0041) [C:\Users\ultra\warewolf\Dev\Warewolf.Security\Warewolf.Security.csproj]
  Warewolf.Security -> C:\Users\ultra\warewolf\Dev\Warewolf.Security\bin\Debug\net8.0\Warewolf.Security.dll
  Warewolf.Language.Parser -> C:\Users\ultra\warewolf\Dev\Warewolf.Language.Parser\bin\Debug\net8.0\Warewolf.Language.Parser.dll
C:\Users\ultra\warewolf\Dev\Dev2.Common.Interfaces\Attribute\ReasonAttribute.cs(13,18): warning CC0023: Mark 'ReasonAttribute' as sealed. (https://code-cracker.github.io/diagnostics/CC0023.html) [C:\Users\ultra\warewolf\Dev\Dev2.Common.Interfaces\Dev2.Common.Interfaces.csproj]
C:\Users\ultra\warewolf\Dev\Dev2.Common.Interfaces\Wrappers\IDirectoryEntry.cs(190,35): warning CC0057: Parameter 'path' is not used. (https://code-cracker.github.io/diagnostics/CC0057.html) [C:\Users\ultra\warewolf\Dev\Dev2.Common.Interfaces\Dev2.Common.Interfaces.csproj]
C:\Users\ultra\warewolf\Dev\Dev2.Common.Interfaces\DllListing.cs(97,17): warning CC0105: Use 'var' instead of specifying the type name. (https://code-cracker.github.io/diagnostics/CC0105.html) [C:\Users\ultra\warewolf\Dev\Dev2.Common.Interfaces\Dev2.Common.Interfaces.csproj]
C:\Users\ultra\warewolf\Dev\Dev2.Common.Interfaces\DllListing.cs(98,17): warning CC0105: Use 'var' instead of specifying the type name. (https://code-cracker.github.io/diagnostics/CC0105.html) [C:\Users\ultra\warewolf\Dev\Dev2.Common.Interfaces\Dev2.Common.Interfaces.csproj]
C:\Users\ultra\warewolf\Dev\Dev2.Common.Interfaces\Runtime\Services\IStreamContentFactory.cs(48,21): warning CC0029: 'StreamContentWrapper' should call GC.SuppressFinalize inside the Dispose method. (https://code-cracker.github.io/diagnostics/CC0029.html) [C:\Users\ultra\warewolf\Dev\Dev2.Common.Interfaces\Dev2.Common.Interfaces.csproj]
  Dev2.Common.Interfaces -> C:\Users\ultra\warewolf\Dev\Dev2.Common.Interfaces\bin\Debug\net8.0\Dev2.Common.Interfaces.dll
  Warewolf.Storage.Interfaces -> C:\Users\ultra\warewolf\Dev\Warewolf.Storage.Interfaces\bin\Debug\net8.0\Warewolf.Storage.Interfaces.dll
C:\Users\ultra\warewolf\Dev\Warewolf.Data\NamedInt.cs(160,21): warning CA2200: Re-throwing caught exception changes stack information (https://learn.microsoft.com/dotnet/fundamentals/code-analysis/quality-rules/ca2200) [C:\Users\ultra\warewolf\Dev\Warewolf.Data\Warewolf.Data.csproj]
  Warewolf.Data -> C:\Users\ultra\warewolf\Dev\Warewolf.Data\bin\Debug\net8.0\Warewolf.Data.dll
  Warewolf.Common -> C:\Users\ultra\warewolf\Dev\Warewolf.Common\bin\Debug\net8.0\Warewolf.Common.dll
  Dev2.Data.Interfaces -> C:\Users\ultra\warewolf\Dev\Dev2.Data.Interfaces\bin\Debug\net8.0\Dev2.Data.Interfaces.dll
C:\Users\ultra\warewolf\Dev\Dev2.Common\ExtMethods\StringExtension.cs(302,13): warning CC0004: Empty Catch Block. (https://code-cracker.github.io/diagnostics/CC0004.html) [C:\Users\ultra\warewolf\Dev\Dev2.Common\Dev2.Common.csproj]
  Dev2.Common -> C:\Users\ultra\warewolf\Dev\Dev2.Common\bin\Debug\net8.0\Dev2.Common.dll
  Dev2.Util -> C:\Users\ultra\warewolf\Dev\Dev2.Util\bin\Debug\net8.0\Dev2.Util.dll
  Dev2.CustomControls -> C:\Users\ultra\warewolf\Dev\Dev2.CustomControls\bin\Debug\net8.0\Dev2.CustomControls.dll
  Consider app.config remapping of assembly "Newtonsoft.Json, Culture=neutral, PublicKeyToken=30ad4fe6b2a6aeed" from Version "12.0.0.0" [] to Version "13.0.0.0" [C:\Users\ultra\.nuget\packages\newtonsoft.json\13.0.2\lib\net6.0\Newtonsoft.Json.dll] to solve conflict and get rid of warning.
  Dev2.Runtime.Configuration -> C:\Users\ultra\warewolf\Dev\Dev2.Runtime.Configuration\bin\Debug\net8.0\Dev2.Runtime.Configuration.dll
C:\Users\ultra\warewolf\Dev\Dev2.Diagnostics\Debug\DebugDispatcher.cs(209,35): warning CC0057: Parameter 'previous' is not used. (https://code-cracker.github.io/diagnostics/CC0057.html) [C:\Users\ultra\warewolf\Dev\Dev2.Diagnostics\Dev2.Diagnostics.csproj]
  Dev2.Diagnostics -> C:\Users\ultra\warewolf\Dev\Dev2.Diagnostics\bin\Debug\net8.0\Dev2.Diagnostics.dll
C:\Users\ultra\warewolf\Dev\Dev2.Infrastructure\PerformanceCounters\PerformanceCounterCategoryWrapper.cs(12,51): warning CA1416: This call site is reachable on all platforms. 'PerformanceCounterCategory.CounterExists(string)' is only supported on: 'windows'. (https://learn.microsoft.com/dotnet/fundamentals/code-analysis/quality-rules/ca1416) [C:\Users\ultra\warewolf\Dev\Dev2.Infrastructure\Dev2.Infrastructure.csproj]
C:\Users\ultra\warewolf\Dev\Dev2.Infrastructure\PerformanceCounters\PerformanceCounterCategoryWrapper.cs(33,48): warning CA1416: This call site is reachable on all platforms. 'PerformanceCounterCategory.Exists(string)' is only supported on: 'windows'. (https://learn.microsoft.com/dotnet/fundamentals/code-analysis/quality-rules/ca1416) [C:\Users\ultra\warewolf\Dev\Dev2.Infrastructure\Dev2.Infrastructure.csproj]
C:\Users\ultra\warewolf\Dev\Dev2.Infrastructure\PerformanceCounters\PerformanceCounterCategoryWrapper.cs(38,29): warning CA1416: This call site is reachable on all platforms. 'PerformanceCounterCategory' is only supported on: 'windows'. (https://learn.microsoft.com/dotnet/fundamentals/code-analysis/quality-rules/ca1416) [C:\Users\ultra\warewolf\Dev\Dev2.Infrastructure\Dev2.Infrastructure.csproj]
C:\Users\ultra\warewolf\Dev\Dev2.Infrastructure\PerformanceCounters\PerformanceCounterCategoryWrapper.cs(32,48): warning CA1416: This call site is reachable on all platforms. 'PerformanceCounterCategory.Delete(string)' is only supported on: 'windows'. (https://learn.microsoft.com/dotnet/fundamentals/code-analysis/quality-rules/ca1416) [C:\Users\ultra\warewolf\Dev\Dev2.Infrastructure\Dev2.Infrastructure.csproj]
C:\Users\ultra\warewolf\Dev\Dev2.Infrastructure\PerformanceCounters\PerformanceCounterCategoryWrapper.cs(54,28): warning CA1416: This call site is reachable on all platforms. 'PerformanceCounterType.RateOfCountsPerSecond32' is only supported on: 'windows'. (https://learn.microsoft.com/dotnet/fundamentals/code-analysis/quality-rules/ca1416) [C:\Users\ultra\warewolf\Dev\Dev2.Infrastructure\Dev2.Infrastructure.csproj]
C:\Users\ultra\warewolf\Dev\Dev2.Infrastructure\PerformanceCounters\PerformanceCounterCategoryWrapper.cs(48,28): warning CA1416: This call site is reachable on all platforms. 'PerformanceCounterType.AverageBase' is only supported on: 'windows'. (https://learn.microsoft.com/dotnet/fundamentals/code-analysis/quality-rules/ca1416) [C:\Users\ultra\warewolf\Dev\Dev2.Infrastructure\Dev2.Infrastructure.csproj]
C:\Users\ultra\warewolf\Dev\Dev2.Infrastructure\PerformanceCounters\PerformanceCounterCategoryWrapper.cs(52,28): warning CA1416: This call site is reachable on all platforms. 'PerformanceCounterType.NumberOfItems32' is only supported on: 'windows'. (https://learn.microsoft.com/dotnet/fundamentals/code-analysis/quality-rules/ca1416) [C:\Users\ultra\warewolf\Dev\Dev2.Infrastructure\Dev2.Infrastructure.csproj]
C:\Users\ultra\warewolf\Dev\Dev2.Infrastructure\PerformanceCounters\PerformanceCounterCategoryWrapper.cs(50,28): warning CA1416: This call site is reachable on all platforms. 'PerformanceCounterType.AverageTimer32' is only supported on: 'windows'. (https://learn.microsoft.com/dotnet/fundamentals/code-analysis/quality-rules/ca1416) [C:\Users\ultra\warewolf\Dev\Dev2.Infrastructure\Dev2.Infrastructure.csproj]
C:\Users\ultra\warewolf\Dev\Dev2.Infrastructure\PerformanceCounters\PerformanceCounterCategoryWrapper.cs(29,71): warning CA1416: This call site is reachable on all platforms. 'PerformanceCounterCategoryType.MultiInstance' is only supported on: 'windows'. (https://learn.microsoft.com/dotnet/fundamentals/code-analysis/quality-rules/ca1416) [C:\Users\ultra\warewolf\Dev\Dev2.Infrastructure\Dev2.Infrastructure.csproj]
C:\Users\ultra\warewolf\Dev\Dev2.Infrastructure\PerformanceCounters\PerformanceCounterCategoryWrapper.cs(29,13): warning CA1416: This call site is reachable on all platforms. 'PerformanceCounterCategory.Create(string, string, PerformanceCounterCategoryType, CounterCreationDataCollection)' is only supported on: 'windows'. (https://learn.microsoft.com/dotnet/fundamentals/code-analysis/quality-rules/ca1416) [C:\Users\ultra\warewolf\Dev\Dev2.Infrastructure\Dev2.Infrastructure.csproj]
C:\Users\ultra\warewolf\Dev\Dev2.Infrastructure\PerformanceCounters\PerformanceCounterCategoryWrapper.cs(14,49): warning CA1416: This call site is reachable on all platforms. 'CounterCreationDataCollection' is only supported on: 'windows'. (https://learn.microsoft.com/dotnet/fundamentals/code-analysis/quality-rules/ca1416) [C:\Users\ultra\warewolf\Dev\Dev2.Infrastructure\Dev2.Infrastructure.csproj]
C:\Users\ultra\warewolf\Dev\Dev2.Infrastructure\PerformanceCounters\PerformanceCounterCategoryWrapper.cs(25,21): warning CA1416: This call site is reachable on all platforms. 'CounterCreationDataCollection.Add(CounterCreationData)' is only supported on: 'windows'. (https://learn.microsoft.com/dotnet/fundamentals/code-analysis/quality-rules/ca1416) [C:\Users\ultra\warewolf\Dev\Dev2.Infrastructure\Dev2.Infrastructure.csproj]
C:\Users\ultra\warewolf\Dev\Dev2.Infrastructure\PerformanceCounters\PerformanceCounterCategoryWrapper.cs(19,45): warning CA1416: This call site is reachable on all platforms. 'CounterCreationData' is only supported on: 'windows'. (https://learn.microsoft.com/dotnet/fundamentals/code-analysis/quality-rules/ca1416) [C:\Users\ultra\warewolf\Dev\Dev2.Infrastructure\Dev2.Infrastructure.csproj]
C:\Users\ultra\warewolf\Dev\Dev2.Infrastructure\PerformanceCounters\Management\WarewolfPerformanceCounterManager.cs(22,140): warning CC0057: Parameter 'register' is not used. (https://code-cracker.github.io/diagnostics/CC0057.html) [C:\Users\ultra\warewolf\Dev\Dev2.Infrastructure\Dev2.Infrastructure.csproj]
C:\Users\ultra\warewolf\Dev\Dev2.Infrastructure\PerformanceCounters\Management\PerformanceCounterPersistence.cs(48,81): warning CC0057: Parameter 'resourcePerformanceCounters' is not used. (https://code-cracker.github.io/diagnostics/CC0057.html) [C:\Users\ultra\warewolf\Dev\Dev2.Infrastructure\Dev2.Infrastructure.csproj]
C:\Users\ultra\warewolf\Dev\Dev2.Infrastructure\PerformanceCounters\Management\WarewolfPerformanceCounterManager.cs(67,83): warning CC0057: Parameter 'name' is not used. (https://code-cracker.github.io/diagnostics/CC0057.html) [C:\Users\ultra\warewolf\Dev\Dev2.Infrastructure\Dev2.Infrastructure.csproj]
C:\Users\ultra\warewolf\Dev\Dev2.Infrastructure\Services\Security\MoqInstallerActions\InstallerActionsForDevelopment.cs(57,31): warning CA1416: This call site is reachable on all platforms. 'WindowsIdentity.GetCurrent(bool)' is only supported on: 'windows'. (https://learn.microsoft.com/dotnet/fundamentals/code-analysis/quality-rules/ca1416) [C:\Users\ultra\warewolf\Dev\Dev2.Infrastructure\Dev2.Infrastructure.csproj]
C:\Users\ultra\warewolf\Dev\Dev2.Infrastructure\Services\Security\MoqInstallerActions\InstallerActionsForDevelopment.cs(59,57): warning CA1416: This call site is reachable on all platforms. 'WindowsIdentity.Name' is only supported on: 'windows'. (https://learn.microsoft.com/dotnet/fundamentals/code-analysis/quality-rules/ca1416) [C:\Users\ultra\warewolf\Dev\Dev2.Infrastructure\Dev2.Infrastructure.csproj]
C:\Users\ultra\warewolf\Dev\Dev2.Infrastructure\Services\Security\SecuritySettings.cs(92,28): warning CC0022: HMACSHA256 should be disposed. (https://code-cracker.github.io/diagnostics/CC0022.html) [C:\Users\ultra\warewolf\Dev\Dev2.Infrastructure\Dev2.Infrastructure.csproj]
CSC : warning AD0001: Analyzer 'CodeCracker.CSharp.Design.UseInvokeMethodToFireEventAnalyzer' threw an exception of type 'System.ArgumentException' with message 'Syntax node is not within syntax tree'. [C:\Users\ultra\warewolf\Dev\Dev2.Infrastructure\Dev2.Infrastructure.csproj]
CSC : warning AD0001: Analyzer 'CodeCracker.CSharp.Design.UseInvokeMethodToFireEventAnalyzer' threw an exception of type 'System.ArgumentException' with message 'Syntax node is not within syntax tree'. [C:\Users\ultra\warewolf\Dev\Dev2.Infrastructure\Dev2.Infrastructure.csproj]
CSC : warning AD0001: Analyzer 'CodeCracker.CSharp.Design.UseInvokeMethodToFireEventAnalyzer' threw an exception of type 'System.ArgumentException' with message 'Syntax node is not within syntax tree'. [C:\Users\ultra\warewolf\Dev\Dev2.Infrastructure\Dev2.Infrastructure.csproj]
CSC : warning AD0001: Analyzer 'CodeCracker.CSharp.Design.UseInvokeMethodToFireEventAnalyzer' threw an exception of type 'System.ArgumentException' with message 'Syntax node is not within syntax tree'. [C:\Users\ultra\warewolf\Dev\Dev2.Infrastructure\Dev2.Infrastructure.csproj]
CSC : warning AD0001: Analyzer 'CodeCracker.CSharp.Design.UseInvokeMethodToFireEventAnalyzer' threw an exception of type 'System.ArgumentException' with message 'Syntax node is not within syntax tree'. [C:\Users\ultra\warewolf\Dev\Dev2.Infrastructure\Dev2.Infrastructure.csproj]
CSC : warning AD0001: Analyzer 'CodeCracker.CSharp.Design.UseInvokeMethodToFireEventAnalyzer' threw an exception of type 'System.ArgumentException' with message 'Syntax node is not within syntax tree'. [C:\Users\ultra\warewolf\Dev\Dev2.Infrastructure\Dev2.Infrastructure.csproj]
CSC : warning AD0001: Analyzer 'CodeCracker.CSharp.Design.UseInvokeMethodToFireEventAnalyzer' threw an exception of type 'System.ArgumentException' with message 'Syntax node is not within syntax tree'. [C:\Users\ultra\warewolf\Dev\Dev2.Infrastructure\Dev2.Infrastructure.csproj]
CSC : warning AD0001: Analyzer 'CodeCracker.CSharp.Design.UseInvokeMethodToFireEventAnalyzer' threw an exception of type 'System.ArgumentException' with message 'Syntax node is not within syntax tree'. [C:\Users\ultra\warewolf\Dev\Dev2.Infrastructure\Dev2.Infrastructure.csproj]
CSC : warning AD0001: Analyzer 'CodeCracker.CSharp.Design.UseInvokeMethodToFireEventAnalyzer' threw an exception of type 'System.ArgumentException' with message 'Syntax node is not within syntax tree'. [C:\Users\ultra\warewolf\Dev\Dev2.Infrastructure\Dev2.Infrastructure.csproj]
CSC : warning AD0001: Analyzer 'CodeCracker.CSharp.Design.UseInvokeMethodToFireEventAnalyzer' threw an exception of type 'System.ArgumentException' with message 'Syntax node is not within syntax tree'. [C:\Users\ultra\warewolf\Dev\Dev2.Infrastructure\Dev2.Infrastructure.csproj]
CSC : warning AD0001: Analyzer 'CodeCracker.CSharp.Design.UseInvokeMethodToFireEventAnalyzer' threw an exception of type 'System.ArgumentException' with message 'Syntax node is not within syntax tree'. [C:\Users\ultra\warewolf\Dev\Dev2.Infrastructure\Dev2.Infrastructure.csproj]
CSC : warning AD0001: Analyzer 'CodeCracker.CSharp.Design.UseInvokeMethodToFireEventAnalyzer' threw an exception of type 'System.ArgumentException' with message 'Syntax node is not within syntax tree'. [C:\Users\ultra\warewolf\Dev\Dev2.Infrastructure\Dev2.Infrastructure.csproj]
CSC : warning AD0001: Analyzer 'CodeCracker.CSharp.Design.UseInvokeMethodToFireEventAnalyzer' threw an exception of type 'System.ArgumentException' with message 'Syntax node is not within syntax tree'. [C:\Users\ultra\warewolf\Dev\Dev2.Infrastructure\Dev2.Infrastructure.csproj]
CSC : warning AD0001: Analyzer 'CodeCracker.CSharp.Design.UseInvokeMethodToFireEventAnalyzer' threw an exception of type 'System.ArgumentException' with message 'Syntax node is not within syntax tree'. [C:\Users\ultra\warewolf\Dev\Dev2.Infrastructure\Dev2.Infrastructure.csproj]
  Dev2.Infrastructure -> C:\Users\ultra\warewolf\Dev\Dev2.Infrastructure\bin\Debug\net8.0\Dev2.Infrastructure.dll
C:\Program Files\dotnet\sdk\10.0.201\Microsoft.CSharp.CurrentVersion.targets(130,9): warning MSB3884: Could not find rule set file "..\.sonarlint\warewolf_dotnet_frameworkcsharp.ruleset". [C:\Users\ultra\warewolf\Dev\Warewolf.Sharepoint\Warewolf.Sharepoint.csproj]
  Warewolf.Sharepoint -> C:\Users\ultra\warewolf\Dev\Warewolf.Sharepoint\bin\Debug\net8.0\Warewolf.Sharepoint.dll
  Warewolf.Storage -> C:\Users\ultra\warewolf\Dev\Warewolf.Storage\bin\Debug\net8.0\Warewolf.Storage.dll
C:\Program Files\dotnet\sdk\10.0.201\Microsoft.Common.CurrentVersion.targets(2451,5): warning MSB3245: Could not resolve this reference. Could not locate the assembly "System.Web". Check to make sure the assembly exists on disk. If this reference is required by your code, you may get compilation errors. [C:\Users\ultra\warewolf\Dev\Dev2.Data\Dev2.Data.csproj]
C:\Program Files\dotnet\sdk\10.0.201\Microsoft.Common.CurrentVersion.targets(2451,5): warning MSB3245: Could not resolve this reference. Could not locate the assembly "System.Web.Extensions". Check to make sure the assembly exists on disk. If this reference is required by your code, you may get compilation errors. [C:\Users\ultra\warewolf\Dev\Dev2.Data\Dev2.Data.csproj]
C:\Program Files\dotnet\sdk\10.0.201\Microsoft.Common.CurrentVersion.targets(2451,5): warning MSB3245: Could not resolve this reference. Could not locate the assembly "System.Xml.Linq". Check to make sure the assembly exists on disk. If this reference is required by your code, you may get compilation errors. [C:\Users\ultra\warewolf\Dev\Dev2.Data\Dev2.Data.csproj]
C:\Program Files\dotnet\sdk\10.0.201\Microsoft.Common.CurrentVersion.targets(2451,5): warning MSB3245: Could not resolve this reference. Could not locate the assembly "System.Data.DataSetExtensions". Check to make sure the assembly exists on disk. If this reference is required by your code, you may get compilation errors. [C:\Users\ultra\warewolf\Dev\Dev2.Data\Dev2.Data.csproj]
C:\Program Files\dotnet\sdk\10.0.201\Microsoft.Common.CurrentVersion.targets(2451,5): warning MSB3245: Could not resolve this reference. Could not locate the assembly "Microsoft.CSharp". Check to make sure the assembly exists on disk. If this reference is required by your code, you may get compilation errors. [C:\Users\ultra\warewolf\Dev\Dev2.Data\Dev2.Data.csproj]
C:\Program Files\dotnet\sdk\10.0.201\Microsoft.Common.CurrentVersion.targets(2451,5): warning MSB3245: Could not resolve this reference. Could not locate the assembly "System.Data". Check to make sure the assembly exists on disk. If this reference is required by your code, you may get compilation errors. [C:\Users\ultra\warewolf\Dev\Dev2.Data\Dev2.Data.csproj]
C:\Program Files\dotnet\sdk\10.0.201\Microsoft.Common.CurrentVersion.targets(2451,5): warning MSB3245: Could not resolve this reference. Could not locate the assembly "System.Xml". Check to make sure the assembly exists on disk. If this reference is required by your code, you may get compilation errors. [C:\Users\ultra\warewolf\Dev\Dev2.Data\Dev2.Data.csproj]
C:\Program Files\dotnet\sdk\10.0.201\Microsoft.Common.CurrentVersion.targets(2451,5): warning MSB3243: No way to resolve conflict between "System.Web, Version=4.0.0.0, Culture=neutral, PublicKeyToken=b03f5f7f11d50a3a" and "System.Web". Choosing "System.Web, Version=4.0.0.0, Culture=neutral, PublicKeyToken=b03f5f7f11d50a3a" arbitrarily. [C:\Users\ultra\warewolf\Dev\Dev2.Data\Dev2.Data.csproj]
C:\Program Files\dotnet\sdk\10.0.201\Microsoft.Common.CurrentVersion.targets(2451,5): warning MSB3243: No way to resolve conflict between "System.Xml.Linq, Version=4.0.0.0, Culture=neutral, PublicKeyToken=b77a5c561934e089" and "System.Xml.Linq". Choosing "System.Xml.Linq, Version=4.0.0.0, Culture=neutral, PublicKeyToken=b77a5c561934e089" arbitrarily. [C:\Users\ultra\warewolf\Dev\Dev2.Data\Dev2.Data.csproj]
C:\Program Files\dotnet\sdk\10.0.201\Microsoft.Common.CurrentVersion.targets(2451,5): warning MSB3243: No way to resolve conflict between "System.Data.DataSetExtensions, Version=8.0.0.0, Culture=neutral, PublicKeyToken=b77a5c561934e089" and "System.Data.DataSetExtensions". Choosing "System.Data.DataSetExtensions, Version=8.0.0.0, Culture=neutral, PublicKeyToken=b77a5c561934e089" arbitrarily. [C:\Users\ultra\warewolf\Dev\Dev2.Data\Dev2.Data.csproj]
C:\Program Files\dotnet\sdk\10.0.201\Microsoft.Common.CurrentVersion.targets(2451,5): warning MSB3243: No way to resolve conflict between "Microsoft.CSharp, Version=8.0.0.0, Culture=neutral, PublicKeyToken=b03f5f7f11d50a3a" and "Microsoft.CSharp". Choosing "Microsoft.CSharp, Version=8.0.0.0, Culture=neutral, PublicKeyToken=b03f5f7f11d50a3a" arbitrarily. [C:\Users\ultra\warewolf\Dev\Dev2.Data\Dev2.Data.csproj]
C:\Program Files\dotnet\sdk\10.0.201\Microsoft.Common.CurrentVersion.targets(2451,5): warning MSB3243: No way to resolve conflict between "System.Data, Version=4.0.0.0, Culture=neutral, PublicKeyToken=b77a5c561934e089" and "System.Data". Choosing "System.Data, Version=4.0.0.0, Culture=neutral, PublicKeyToken=b77a5c561934e089" arbitrarily. [C:\Users\ultra\warewolf\Dev\Dev2.Data\Dev2.Data.csproj]
C:\Program Files\dotnet\sdk\10.0.201\Microsoft.Common.CurrentVersion.targets(2451,5): warning MSB3243: No way to resolve conflict between "System.Xml, Version=4.0.0.0, Culture=neutral, PublicKeyToken=b77a5c561934e089" and "System.Xml". Choosing "System.Xml, Version=4.0.0.0, Culture=neutral, PublicKeyToken=b77a5c561934e089" arbitrarily. [C:\Users\ultra\warewolf\Dev\Dev2.Data\Dev2.Data.csproj]
CSC : warning CS2002: Source file 'C:\Users\ultra\warewolf\Dev\Dev2.Data\MathOperations\NCalc\NCalcExpressionBuilder.cs' specified multiple times [C:\Users\ultra\warewolf\Dev\Dev2.Data\Dev2.Data.csproj]
CSC : warning CS2002: Source file 'C:\Users\ultra\warewolf\Dev\Dev2.Data\MathOperations\NCalc\NCalcFunctionArgHelper.cs' specified multiple times [C:\Users\ultra\warewolf\Dev\Dev2.Data\Dev2.Data.csproj]
CSC : warning CS2002: Source file 'C:\Users\ultra\warewolf\Dev\Dev2.Data\MathOperations\NCalc\Functions\BaseConversionFunctions.cs' specified multiple times [C:\Users\ultra\warewolf\Dev\Dev2.Data\Dev2.Data.csproj]
CSC : warning CS2002: Source file 'C:\Users\ultra\warewolf\Dev\Dev2.Data\MathOperations\NCalc\Functions\ComplexFunctions.cs' specified multiple times [C:\Users\ultra\warewolf\Dev\Dev2.Data\Dev2.Data.csproj]
CSC : warning CS2002: Source file 'C:\Users\ultra\warewolf\Dev\Dev2.Data\MathOperations\NCalc\Functions\DateTimeFunctions.cs' specified multiple times [C:\Users\ultra\warewolf\Dev\Dev2.Data\Dev2.Data.csproj]
CSC : warning CS2002: Source file 'C:\Users\ultra\warewolf\Dev\Dev2.Data\MathOperations\NCalc\Functions\FinancialFunctions.cs' specified multiple times [C:\Users\ultra\warewolf\Dev\Dev2.Data\Dev2.Data.csproj]
CSC : warning CS2002: Source file 'C:\Users\ultra\warewolf\Dev\Dev2.Data\MathOperations\NCalc\Functions\InformationFunctions.cs' specified multiple times [C:\Users\ultra\warewolf\Dev\Dev2.Data\Dev2.Data.csproj]
CSC : warning CS2002: Source file 'C:\Users\ultra\warewolf\Dev\Dev2.Data\MathOperations\NCalc\Functions\MathFunctions.cs' specified multiple times [C:\Users\ultra\warewolf\Dev\Dev2.Data\Dev2.Data.csproj]
CSC : warning CS2002: Source file 'C:\Users\ultra\warewolf\Dev\Dev2.Data\MathOperations\NCalc\Functions\StringFunctions.cs' specified multiple times [C:\Users\ultra\warewolf\Dev\Dev2.Data\Dev2.Data.csproj]
C:\Users\ultra\warewolf\Dev\Dev2.Data\MathOperations\NCalc\NCalcFunctionArgHelper.cs(51,47): warning CS8632: The annotation for nullable reference types should only be used in code within a '#nullable' annotations context. [C:\Users\ultra\warewolf\Dev\Dev2.Data\Dev2.Data.csproj]
C:\Users\ultra\warewolf\Dev\Dev2.Data\MathOperations\NCalc\Functions\MathFunctions.cs(22,30): warning CS8632: The annotation for nullable reference types should only be used in code within a '#nullable' annotations context. [C:\Users\ultra\warewolf\Dev\Dev2.Data\Dev2.Data.csproj]
C:\Users\ultra\warewolf\Dev\Dev2.Data\MathOperations\NCalc\Functions\StringFunctions.cs(94,59): warning CS8632: The annotation for nullable reference types should only be used in code within a '#nullable' annotations context. [C:\Users\ultra\warewolf\Dev\Dev2.Data\Dev2.Data.csproj]
C:\Users\ultra\warewolf\Dev\Dev2.Data\NativeMethods.cs(66,59): warning CS0472: The result of the expression is always 'false' since a value of type 'nint' is never equal to 'null' of type 'nint?' [C:\Users\ultra\warewolf\Dev\Dev2.Data\Dev2.Data.csproj]
C:\Users\ultra\warewolf\Dev\Dev2.Data\NativeMethods.cs(88,8): warning CS0472: The result of the expression is always 'false' since a value of type 'nint' is never equal to 'null' of type 'nint?' [C:\Users\ultra\warewolf\Dev\Dev2.Data\Dev2.Data.csproj]
C:\Users\ultra\warewolf\Dev\Dev2.Data\Security\WindowsIdentityExtensions.cs(41,24): warning CA1416: This call site is reachable on all platforms. 'WindowsIdentity.RunImpersonated<T>(SafeAccessTokenHandle, Func<T>)' is only supported on: 'windows'. (https://learn.microsoft.com/dotnet/fundamentals/code-analysis/quality-rules/ca1416) [C:\Users\ultra\warewolf\Dev\Dev2.Data\Dev2.Data.csproj]
C:\Users\ultra\warewolf\Dev\Dev2.Data\Security\WindowsIdentityExtensions.cs(28,49): warning CA1416: This call site is reachable on all platforms. 'WindowsIdentity.AccessToken' is only supported on: 'windows'. (https://learn.microsoft.com/dotnet/fundamentals/code-analysis/quality-rules/ca1416) [C:\Users\ultra\warewolf\Dev\Dev2.Data\Dev2.Data.csproj]
C:\Users\ultra\warewolf\Dev\Dev2.Data\Security\WindowsIdentityExtensions.cs(41,59): warning CA1416: This call site is reachable on all platforms. 'WindowsIdentity.AccessToken' is only supported on: 'windows'. (https://learn.microsoft.com/dotnet/fundamentals/code-analysis/quality-rules/ca1416) [C:\Users\ultra\warewolf\Dev\Dev2.Data\Dev2.Data.csproj]
C:\Users\ultra\warewolf\Dev\Dev2.Data\Security\WindowsIdentityExtensions.cs(28,17): warning CA1416: This call site is reachable on all platforms. 'WindowsIdentity.RunImpersonated(SafeAccessTokenHandle, Action)' is only supported on: 'windows'. (https://learn.microsoft.com/dotnet/fundamentals/code-analysis/quality-rules/ca1416) [C:\Users\ultra\warewolf\Dev\Dev2.Data\Dev2.Data.csproj]
C:\Users\ultra\warewolf\Dev\Dev2.Data\PathOperations\ValidateAuthorization.cs(73,33): warning CA1416: This call site is reachable on all platforms. 'WindowsIdentity' is only supported on: 'windows'. (https://learn.microsoft.com/dotnet/fundamentals/code-analysis/quality-rules/ca1416) [C:\Users\ultra\warewolf\Dev\Dev2.Data\Dev2.Data.csproj]
  Dev2.Data -> C:\Users\ultra\warewolf\Dev\Dev2.Data\bin\Debug\net8.0\Dev2.Data.dll
  Warewolf.Driver.Serilog -> C:\Users\ultra\warewolf\Dev\Warewolf.Driver.Serilog\bin\Debug\net8.0\Warewolf.Driver.Serilog.dll
  Dev2.Core -> C:\Users\ultra\warewolf\Dev\Dev2.Core\bin\Debug\net8.0\Dev2.Core.dll
C:\Users\ultra\warewolf\Dev\Warewolf.Auditing\Audit.cs(189,26): warning CS8073: The result of the expression is always 'false' since a value of type 'DateTime' is never equal to 'null' of type 'DateTime?' [C:\Users\ultra\warewolf\Dev\Warewolf.Auditing\Warewolf.Auditing.csproj]
C:\Users\ultra\warewolf\Dev\Warewolf.Auditing\Drivers\AuditQueryableElastic.cs(360,33): warning CS0618: 'ElasticsearchClient.Search<TDocument>(SearchRequestDescriptor<TDocument>)' is obsolete: 'Synchronous methods are deprecated and could be removed in the future.' [C:\Users\ultra\warewolf\Dev\Warewolf.Auditing\Warewolf.Auditing.csproj]
C:\Users\ultra\warewolf\Dev\Warewolf.Auditing\Drivers\AuditQueryableElastic.cs(384,26): warning CS0618: 'ElasticsearchClient.Ping()' is obsolete: 'Synchronous methods are deprecated and could be removed in the future.' [C:\Users\ultra\warewolf\Dev\Warewolf.Auditing\Warewolf.Auditing.csproj]
  Warewolf.Auditing -> C:\Users\ultra\warewolf\Dev\Warewolf.Auditing\bin\Debug\net8.0\Warewolf.Auditing.dll
C:\Users\ultra\warewolf\Dev\Warewolf.Common.NetStandard20\Wrappers\WebClientWrapper.cs(26,26): warning SYSLIB0014: 'WebClient.WebClient()' is obsolete: 'WebRequest, HttpWebRequest, ServicePoint, and WebClient are obsolete. Use HttpClient instead.' (https://aka.ms/dotnet-warnings/SYSLIB0014) [C:\Users\ultra\warewolf\Dev\Warewolf.Common.NetStandard20\Warewolf.Common.NetStandard20.csproj]
C:\Users\ultra\warewolf\Dev\Warewolf.Common.NetStandard20\Wrappers\WebRequestWrapper.cs(26,24): warning SYSLIB0014: 'WebRequest.Create(string)' is obsolete: 'WebRequest, HttpWebRequest, ServicePoint, and WebClient are obsolete. Use HttpClient instead.' (https://aka.ms/dotnet-warnings/SYSLIB0014) [C:\Users\ultra\warewolf\Dev\Warewolf.Common.NetStandard20\Warewolf.Common.NetStandard20.csproj]
C:\Users\ultra\warewolf\Dev\Warewolf.Common.NetStandard20\Wrappers\WebClientWrapper.cs(31,26): warning SYSLIB0014: 'WebClient.WebClient()' is obsolete: 'WebRequest, HttpWebRequest, ServicePoint, and WebClient are obsolete. Use HttpClient instead.' (https://aka.ms/dotnet-warnings/SYSLIB0014) [C:\Users\ultra\warewolf\Dev\Warewolf.Common.NetStandard20\Warewolf.Common.NetStandard20.csproj]
  Warewolf.Common.NetStandard20 -> C:\Users\ultra\warewolf\Dev\Warewolf.Common.NetStandard20\bin\Debug\net8.0\Warewolf.Common.NetStandard20.dll
  Warewolf.Common.NetStandard20.Tests -> C:\Users\ultra\warewolf\Dev\Warewolf.Common.NetStandard20.Tests\bin\Debug\net8.0\linux-x64\Warewolf.Common.NetStandard20.Tests.dll
  Warewolf.Common.NetStandard20.Tests -> C:\Users\ultra\warewolf\Bin\ServerTests-Linux\Warewolf.Common.NetStandard20.Tests\
Publishing Warewolf.Core.Tests for linux-x64...
  Determining projects to restore...
C:\Users\ultra\warewolf\Dev\Warewolf.Language.Parser\Warewolf.Language.Parser.fsproj : warning NU1504: Duplicate 'PackageReference' items found. Remove the duplicate items or use the Update functionality to ensure a consistent restore behavior. The duplicate 'PackageReference' items are: FSharp.Core 10.1.201, FSharp.Core 4.6.2.
C:\Users\ultra\warewolf\Dev\Dev2.Diagnostics\Dev2.Diagnostics.csproj : warning NU1701: Package 'AeroWizard 2.3.1' was restored using '.NETFramework,Version=v4.6.1, .NETFramework,Version=v4.6.2, .NETFramework,Version=v4.7, .NETFramework,Version=v4.7.1, .NETFramework,Version=v4.7.2, .NETFramework,Version=v4.8, .NETFramework,Version=v4.8.1' instead of the project target framework 'net8.0'. This package may not be fully compatible with your project. [C:\Users\ultra\warewolf\Dev\Warewolf.Core.Tests\Warewolf.Core.Tests.csproj]
C:\Users\ultra\warewolf\Dev\Warewolf.Testing\Warewolf.Testing.csproj : warning NU1701: Package 'AeroWizard 2.3.1' was restored using '.NETFramework,Version=v4.6.1, .NETFramework,Version=v4.6.2, .NETFramework,Version=v4.7, .NETFramework,Version=v4.7.1, .NETFramework,Version=v4.7.2, .NETFramework,Version=v4.8, .NETFramework,Version=v4.8.1' instead of the project target framework 'net8.0'. This package may not be fully compatible with your project. [C:\Users\ultra\warewolf\Dev\Warewolf.Core.Tests\Warewolf.Core.Tests.csproj]
C:\Users\ultra\warewolf\Dev\Dev2.Studio.Interfaces\Dev2.Studio.Interfaces.csproj : warning NU1701: Package 'AeroWizard 2.3.1' was restored using '.NETFramework,Version=v4.6.1, .NETFramework,Version=v4.6.2, .NETFramework,Version=v4.7, .NETFramework,Version=v4.7.1, .NETFramework,Version=v4.7.2, .NETFramework,Version=v4.8, .NETFramework,Version=v4.8.1' instead of the project target framework 'net8.0'. This package may not be fully compatible with your project. [C:\Users\ultra\warewolf\Dev\Warewolf.Core.Tests\Warewolf.Core.Tests.csproj]
C:\Users\ultra\warewolf\Dev\Dev2.Infrastructure\Dev2.Infrastructure.csproj : warning NU1903: Package 'Microsoft.Windows.Compatibility' 6.0.0 has a known high severity vulnerability, https://github.com/advisories/GHSA-555c-2p6r-68mm [C:\Users\ultra\warewolf\Dev\Warewolf.Core.Tests\Warewolf.Core.Tests.csproj]
C:\Users\ultra\warewolf\Dev\Warewolf.Core.Tests\Warewolf.Core.Tests.csproj : warning NU1701: Package 'AeroWizard 2.3.1' was restored using '.NETFramework,Version=v4.6.1, .NETFramework,Version=v4.6.2, .NETFramework,Version=v4.7, .NETFramework,Version=v4.7.1, .NETFramework,Version=v4.7.2, .NETFramework,Version=v4.8, .NETFramework,Version=v4.8.1' instead of the project target framework 'net8.0'. This package may not be fully compatible with your project.
C:\Users\ultra\warewolf\Dev\Warewolf.Driver.Serilog\Warewolf.Driver.Serilog.csproj : warning NU1701: Package 'AeroWizard 2.3.1' was restored using '.NETFramework,Version=v4.6.1, .NETFramework,Version=v4.6.2, .NETFramework,Version=v4.7, .NETFramework,Version=v4.7.1, .NETFramework,Version=v4.7.2, .NETFramework,Version=v4.8, .NETFramework,Version=v4.8.1' instead of the project target framework 'net8.0'. This package may not be fully compatible with your project. [C:\Users\ultra\warewolf\Dev\Warewolf.Core.Tests\Warewolf.Core.Tests.csproj]
C:\Users\ultra\warewolf\Dev\Warewolf.Testing\Warewolf.Testing.csproj : warning NU1701: Package 'GroupControls 1.9.0' was restored using '.NETFramework,Version=v4.6.1, .NETFramework,Version=v4.6.2, .NETFramework,Version=v4.7, .NETFramework,Version=v4.7.1, .NETFramework,Version=v4.7.2, .NETFramework,Version=v4.8, .NETFramework,Version=v4.8.1' instead of the project target framework 'net8.0'. This package may not be fully compatible with your project. [C:\Users\ultra\warewolf\Dev\Warewolf.Core.Tests\Warewolf.Core.Tests.csproj]
C:\Users\ultra\warewolf\Dev\Dev2.Diagnostics\Dev2.Diagnostics.csproj : warning NU1701: Package 'GroupControls 1.9.0' was restored using '.NETFramework,Version=v4.6.1, .NETFramework,Version=v4.6.2, .NETFramework,Version=v4.7, .NETFramework,Version=v4.7.1, .NETFramework,Version=v4.7.2, .NETFramework,Version=v4.8, .NETFramework,Version=v4.8.1' instead of the project target framework 'net8.0'. This package may not be fully compatible with your project. [C:\Users\ultra\warewolf\Dev\Warewolf.Core.Tests\Warewolf.Core.Tests.csproj]
C:\Users\ultra\warewolf\Dev\Dev2.Studio.Interfaces\Dev2.Studio.Interfaces.csproj : warning NU1701: Package 'GroupControls 1.9.0' was restored using '.NETFramework,Version=v4.6.1, .NETFramework,Version=v4.6.2, .NETFramework,Version=v4.7, .NETFramework,Version=v4.7.1, .NETFramework,Version=v4.7.2, .NETFramework,Version=v4.8, .NETFramework,Version=v4.8.1' instead of the project target framework 'net8.0'. This package may not be fully compatible with your project. [C:\Users\ultra\warewolf\Dev\Warewolf.Core.Tests\Warewolf.Core.Tests.csproj]
C:\Users\ultra\warewolf\Dev\Dev2.Diagnostics\Dev2.Diagnostics.csproj : warning NU1701: Package 'TaskSchedulerEditor 2.10.1' was restored using '.NETFramework,Version=v4.6.1, .NETFramework,Version=v4.6.2, .NETFramework,Version=v4.7, .NETFramework,Version=v4.7.1, .NETFramework,Version=v4.7.2, .NETFramework,Version=v4.8, .NETFramework,Version=v4.8.1' instead of the project target framework 'net8.0'. This package may not be fully compatible with your project. [C:\Users\ultra\warewolf\Dev\Warewolf.Core.Tests\Warewolf.Core.Tests.csproj]
C:\Users\ultra\warewolf\Dev\Dev2.Infrastructure\Dev2.Infrastructure.csproj : warning NU1701: Package 'AeroWizard 2.3.1' was restored using '.NETFramework,Version=v4.6.1, .NETFramework,Version=v4.6.2, .NETFramework,Version=v4.7, .NETFramework,Version=v4.7.1, .NETFramework,Version=v4.7.2, .NETFramework,Version=v4.8, .NETFramework,Version=v4.8.1' instead of the project target framework 'net8.0'. This package may not be fully compatible with your project. [C:\Users\ultra\warewolf\Dev\Warewolf.Core.Tests\Warewolf.Core.Tests.csproj]
C:\Users\ultra\warewolf\Dev\Warewolf.Testing\Warewolf.Testing.csproj : warning NU1701: Package 'Microsoft.Xaml.Behaviors.Wpf 1.1.122' was restored using '.NETFramework,Version=v4.6.1, .NETFramework,Version=v4.6.2, .NETFramework,Version=v4.7, .NETFramework,Version=v4.7.1, .NETFramework,Version=v4.7.2, .NETFramework,Version=v4.8, .NETFramework,Version=v4.8.1' instead of the project target framework 'net8.0'. This package may not be fully compatible with your project. [C:\Users\ultra\warewolf\Dev\Warewolf.Core.Tests\Warewolf.Core.Tests.csproj]
C:\Users\ultra\warewolf\Dev\Dev2.Studio.Interfaces\Dev2.Studio.Interfaces.csproj : warning NU1701: Package 'Microsoft.Xaml.Behaviors.Wpf 1.1.122' was restored using '.NETFramework,Version=v4.6.1, .NETFramework,Version=v4.6.2, .NETFramework,Version=v4.7, .NETFramework,Version=v4.7.1, .NETFramework,Version=v4.7.2, .NETFramework,Version=v4.8, .NETFramework,Version=v4.8.1' instead of the project target framework 'net8.0'. This package may not be fully compatible with your project. [C:\Users\ultra\warewolf\Dev\Warewolf.Core.Tests\Warewolf.Core.Tests.csproj]
C:\Users\ultra\warewolf\Dev\Warewolf.Driver.Serilog\Warewolf.Driver.Serilog.csproj : warning NU1701: Package 'GroupControls 1.9.0' was restored using '.NETFramework,Version=v4.6.1, .NETFramework,Version=v4.6.2, .NETFramework,Version=v4.7, .NETFramework,Version=v4.7.1, .NETFramework,Version=v4.7.2, .NETFramework,Version=v4.8, .NETFramework,Version=v4.8.1' instead of the project target framework 'net8.0'. This package may not be fully compatible with your project. [C:\Users\ultra\warewolf\Dev\Warewolf.Core.Tests\Warewolf.Core.Tests.csproj]
C:\Users\ultra\warewolf\Dev\Warewolf.Core\Warewolf.Core.csproj : warning NU1903: Package 'Microsoft.Windows.Compatibility' 6.0.0 has a known high severity vulnerability, https://github.com/advisories/GHSA-555c-2p6r-68mm [C:\Users\ultra\warewolf\Dev\Warewolf.Core.Tests\Warewolf.Core.Tests.csproj]
C:\Users\ultra\warewolf\Dev\Dev2.Infrastructure\Dev2.Infrastructure.csproj : warning NU1701: Package 'GroupControls 1.9.0' was restored using '.NETFramework,Version=v4.6.1, .NETFramework,Version=v4.6.2, .NETFramework,Version=v4.7, .NETFramework,Version=v4.7.1, .NETFramework,Version=v4.7.2, .NETFramework,Version=v4.8, .NETFramework,Version=v4.8.1' instead of the project target framework 'net8.0'. This package may not be fully compatible with your project. [C:\Users\ultra\warewolf\Dev\Warewolf.Core.Tests\Warewolf.Core.Tests.csproj]
C:\Users\ultra\warewolf\Dev\Warewolf.Testing\Warewolf.Testing.csproj : warning NU1701: Package 'Prism.Wpf 9.0.537' was restored using '.NETFramework,Version=v4.6.1, .NETFramework,Version=v4.6.2, .NETFramework,Version=v4.7, .NETFramework,Version=v4.7.1, .NETFramework,Version=v4.7.2, .NETFramework,Version=v4.8, .NETFramework,Version=v4.8.1' instead of the project target framework 'net8.0'. This package may not be fully compatible with your project. [C:\Users\ultra\warewolf\Dev\Warewolf.Core.Tests\Warewolf.Core.Tests.csproj]
C:\Users\ultra\warewolf\Dev\Warewolf.Driver.Serilog\Warewolf.Driver.Serilog.csproj : warning NU1701: Package 'ReactiveUI.WPF 18.4.1' was restored using '.NETFramework,Version=v4.6.1, .NETFramework,Version=v4.6.2, .NETFramework,Version=v4.7, .NETFramework,Version=v4.7.1, .NETFramework,Version=v4.7.2, .NETFramework,Version=v4.8, .NETFramework,Version=v4.8.1' instead of the project target framework 'net8.0'. This package may not be fully compatible with your project. [C:\Users\ultra\warewolf\Dev\Warewolf.Core.Tests\Warewolf.Core.Tests.csproj]
C:\Users\ultra\warewolf\Dev\Warewolf.Core.Tests\Warewolf.Core.Tests.csproj : warning NU1701: Package 'GroupControls 1.9.0' was restored using '.NETFramework,Version=v4.6.1, .NETFramework,Version=v4.6.2, .NETFramework,Version=v4.7, .NETFramework,Version=v4.7.1, .NETFramework,Version=v4.7.2, .NETFramework,Version=v4.8, .NETFramework,Version=v4.8.1' instead of the project target framework 'net8.0'. This package may not be fully compatible with your project.
C:\Users\ultra\warewolf\Dev\Dev2.Infrastructure\Dev2.Infrastructure.csproj : warning NU1701: Package 'ReactiveUI.WPF 18.4.1' was restored using '.NETFramework,Version=v4.6.1, .NETFramework,Version=v4.6.2, .NETFramework,Version=v4.7, .NETFramework,Version=v4.7.1, .NETFramework,Version=v4.7.2, .NETFramework,Version=v4.8, .NETFramework,Version=v4.8.1' instead of the project target framework 'net8.0'. This package may not be fully compatible with your project. [C:\Users\ultra\warewolf\Dev\Warewolf.Core.Tests\Warewolf.Core.Tests.csproj]
C:\Users\ultra\warewolf\Dev\Warewolf.Driver.Serilog\Warewolf.Driver.Serilog.csproj : warning NU1701: Package 'TaskSchedulerEditor 2.10.1' was restored using '.NETFramework,Version=v4.6.1, .NETFramework,Version=v4.6.2, .NETFramework,Version=v4.7, .NETFramework,Version=v4.7.1, .NETFramework,Version=v4.7.2, .NETFramework,Version=v4.8, .NETFramework,Version=v4.8.1' instead of the project target framework 'net8.0'. This package may not be fully compatible with your project. [C:\Users\ultra\warewolf\Dev\Warewolf.Core.Tests\Warewolf.Core.Tests.csproj]
C:\Users\ultra\warewolf\Dev\Warewolf.Core.Tests\Warewolf.Core.Tests.csproj : warning NU1701: Package 'Microsoft.Xaml.Behaviors.Wpf 1.1.122' was restored using '.NETFramework,Version=v4.6.1, .NETFramework,Version=v4.6.2, .NETFramework,Version=v4.7, .NETFramework,Version=v4.7.1, .NETFramework,Version=v4.7.2, .NETFramework,Version=v4.8, .NETFramework,Version=v4.8.1' instead of the project target framework 'net8.0'. This package may not be fully compatible with your project.
C:\Users\ultra\warewolf\Dev\Warewolf.Testing\Warewolf.Testing.csproj : warning NU1701: Package 'ReactiveUI.WPF 18.4.1' was restored using '.NETFramework,Version=v4.6.1, .NETFramework,Version=v4.6.2, .NETFramework,Version=v4.7, .NETFramework,Version=v4.7.1, .NETFramework,Version=v4.7.2, .NETFramework,Version=v4.8, .NETFramework,Version=v4.8.1' instead of the project target framework 'net8.0'. This package may not be fully compatible with your project. [C:\Users\ultra\warewolf\Dev\Warewolf.Core.Tests\Warewolf.Core.Tests.csproj]
C:\Users\ultra\warewolf\Dev\Dev2.Infrastructure\Dev2.Infrastructure.csproj : warning NU1701: Package 'TaskSchedulerEditor 2.10.1' was restored using '.NETFramework,Version=v4.6.1, .NETFramework,Version=v4.6.2, .NETFramework,Version=v4.7, .NETFramework,Version=v4.7.1, .NETFramework,Version=v4.7.2, .NETFramework,Version=v4.8, .NETFramework,Version=v4.8.1' instead of the project target framework 'net8.0'. This package may not be fully compatible with your project. [C:\Users\ultra\warewolf\Dev\Warewolf.Core.Tests\Warewolf.Core.Tests.csproj]
C:\Users\ultra\warewolf\Dev\Warewolf.Core.Tests\Warewolf.Core.Tests.csproj : warning NU1701: Package 'Prism.Wpf 9.0.537' was restored using '.NETFramework,Version=v4.6.1, .NETFramework,Version=v4.6.2, .NETFramework,Version=v4.7, .NETFramework,Version=v4.7.1, .NETFramework,Version=v4.7.2, .NETFramework,Version=v4.8, .NETFramework,Version=v4.8.1' instead of the project target framework 'net8.0'. This package may not be fully compatible with your project.
C:\Users\ultra\warewolf\Dev\Warewolf.Testing\Warewolf.Testing.csproj : warning NU1701: Package 'TaskSchedulerEditor 2.10.1' was restored using '.NETFramework,Version=v4.6.1, .NETFramework,Version=v4.6.2, .NETFramework,Version=v4.7, .NETFramework,Version=v4.7.1, .NETFramework,Version=v4.7.2, .NETFramework,Version=v4.8, .NETFramework,Version=v4.8.1' instead of the project target framework 'net8.0'. This package may not be fully compatible with your project. [C:\Users\ultra\warewolf\Dev\Warewolf.Core.Tests\Warewolf.Core.Tests.csproj]
C:\Users\ultra\warewolf\Dev\Warewolf.Core\Warewolf.Core.csproj : warning NU1701: Package 'AeroWizard 2.3.1' was restored using '.NETFramework,Version=v4.6.1, .NETFramework,Version=v4.6.2, .NETFramework,Version=v4.7, .NETFramework,Version=v4.7.1, .NETFramework,Version=v4.7.2, .NETFramework,Version=v4.8, .NETFramework,Version=v4.8.1' instead of the project target framework 'net8.0'. This package may not be fully compatible with your project. [C:\Users\ultra\warewolf\Dev\Warewolf.Core.Tests\Warewolf.Core.Tests.csproj]
C:\Users\ultra\warewolf\Dev\Warewolf.Core\Warewolf.Core.csproj : warning NU1701: Package 'GroupControls 1.9.0' was restored using '.NETFramework,Version=v4.6.1, .NETFramework,Version=v4.6.2, .NETFramework,Version=v4.7, .NETFramework,Version=v4.7.1, .NETFramework,Version=v4.7.2, .NETFramework,Version=v4.8, .NETFramework,Version=v4.8.1' instead of the project target framework 'net8.0'. This package may not be fully compatible with your project. [C:\Users\ultra\warewolf\Dev\Warewolf.Core.Tests\Warewolf.Core.Tests.csproj]
C:\Users\ultra\warewolf\Dev\Warewolf.Core.Tests\Warewolf.Core.Tests.csproj : warning NU1701: Package 'ReactiveUI.WPF 18.4.1' was restored using '.NETFramework,Version=v4.6.1, .NETFramework,Version=v4.6.2, .NETFramework,Version=v4.7, .NETFramework,Version=v4.7.1, .NETFramework,Version=v4.7.2, .NETFramework,Version=v4.8, .NETFramework,Version=v4.8.1' instead of the project target framework 'net8.0'. This package may not be fully compatible with your project.
C:\Users\ultra\warewolf\Dev\Warewolf.Core\Warewolf.Core.csproj : warning NU1701: Package 'ReactiveUI.WPF 18.4.1' was restored using '.NETFramework,Version=v4.6.1, .NETFramework,Version=v4.6.2, .NETFramework,Version=v4.7, .NETFramework,Version=v4.7.1, .NETFramework,Version=v4.7.2, .NETFramework,Version=v4.8, .NETFramework,Version=v4.8.1' instead of the project target framework 'net8.0'. This package may not be fully compatible with your project. [C:\Users\ultra\warewolf\Dev\Warewolf.Core.Tests\Warewolf.Core.Tests.csproj]
C:\Users\ultra\warewolf\Dev\Warewolf.Sharepoint\Warewolf.Sharepoint.csproj : warning NU1701: Package 'AeroWizard 2.3.1' was restored using '.NETFramework,Version=v4.6.1, .NETFramework,Version=v4.6.2, .NETFramework,Version=v4.7, .NETFramework,Version=v4.7.1, .NETFramework,Version=v4.7.2, .NETFramework,Version=v4.8, .NETFramework,Version=v4.8.1' instead of the project target framework 'net8.0'. This package may not be fully compatible with your project. [C:\Users\ultra\warewolf\Dev\Warewolf.Core.Tests\Warewolf.Core.Tests.csproj]
C:\Users\ultra\warewolf\Dev\Warewolf.Core\Warewolf.Core.csproj : warning NU1701: Package 'TaskSchedulerEditor 2.10.1' was restored using '.NETFramework,Version=v4.6.1, .NETFramework,Version=v4.6.2, .NETFramework,Version=v4.7, .NETFramework,Version=v4.7.1, .NETFramework,Version=v4.7.2, .NETFramework,Version=v4.8, .NETFramework,Version=v4.8.1' instead of the project target framework 'net8.0'. This package may not be fully compatible with your project. [C:\Users\ultra\warewolf\Dev\Warewolf.Core.Tests\Warewolf.Core.Tests.csproj]
C:\Users\ultra\warewolf\Dev\Warewolf.Core.Tests\Warewolf.Core.Tests.csproj : warning NU1701: Package 'TaskSchedulerEditor 2.10.1' was restored using '.NETFramework,Version=v4.6.1, .NETFramework,Version=v4.6.2, .NETFramework,Version=v4.7, .NETFramework,Version=v4.7.1, .NETFramework,Version=v4.7.2, .NETFramework,Version=v4.8, .NETFramework,Version=v4.8.1' instead of the project target framework 'net8.0'. This package may not be fully compatible with your project.
C:\Users\ultra\warewolf\Dev\Warewolf.Sharepoint\Warewolf.Sharepoint.csproj : warning NU1701: Package 'GroupControls 1.9.0' was restored using '.NETFramework,Version=v4.6.1, .NETFramework,Version=v4.6.2, .NETFramework,Version=v4.7, .NETFramework,Version=v4.7.1, .NETFramework,Version=v4.7.2, .NETFramework,Version=v4.8, .NETFramework,Version=v4.8.1' instead of the project target framework 'net8.0'. This package may not be fully compatible with your project. [C:\Users\ultra\warewolf\Dev\Warewolf.Core.Tests\Warewolf.Core.Tests.csproj]
C:\Users\ultra\warewolf\Dev\Warewolf.Sharepoint\Warewolf.Sharepoint.csproj : warning NU1701: Package 'ReactiveUI.WPF 18.4.1' was restored using '.NETFramework,Version=v4.6.1, .NETFramework,Version=v4.6.2, .NETFramework,Version=v4.7, .NETFramework,Version=v4.7.1, .NETFramework,Version=v4.7.2, .NETFramework,Version=v4.8, .NETFramework,Version=v4.8.1' instead of the project target framework 'net8.0'. This package may not be fully compatible with your project. [C:\Users\ultra\warewolf\Dev\Warewolf.Core.Tests\Warewolf.Core.Tests.csproj]
C:\Users\ultra\warewolf\Dev\Warewolf.Sharepoint\Warewolf.Sharepoint.csproj : warning NU1701: Package 'TaskSchedulerEditor 2.10.1' was restored using '.NETFramework,Version=v4.6.1, .NETFramework,Version=v4.6.2, .NETFramework,Version=v4.7, .NETFramework,Version=v4.7.1, .NETFramework,Version=v4.7.2, .NETFramework,Version=v4.8, .NETFramework,Version=v4.8.1' instead of the project target framework 'net8.0'. This package may not be fully compatible with your project. [C:\Users\ultra\warewolf\Dev\Warewolf.Core.Tests\Warewolf.Core.Tests.csproj]
C:\Users\ultra\warewolf\Dev\Warewolf.AI.Harness\Warewolf.AI.Harness.csproj : warning NU1701: Package 'AeroWizard 2.3.1' was restored using '.NETFramework,Version=v4.6.1, .NETFramework,Version=v4.6.2, .NETFramework,Version=v4.7, .NETFramework,Version=v4.7.1, .NETFramework,Version=v4.7.2, .NETFramework,Version=v4.8, .NETFramework,Version=v4.8.1' instead of the project target framework 'net8.0'. This package may not be fully compatible with your project. [C:\Users\ultra\warewolf\Dev\Warewolf.Core.Tests\Warewolf.Core.Tests.csproj]
C:\Users\ultra\warewolf\Dev\Warewolf.AI.Harness\Warewolf.AI.Harness.csproj : warning NU1701: Package 'GroupControls 1.9.0' was restored using '.NETFramework,Version=v4.6.1, .NETFramework,Version=v4.6.2, .NETFramework,Version=v4.7, .NETFramework,Version=v4.7.1, .NETFramework,Version=v4.7.2, .NETFramework,Version=v4.8, .NETFramework,Version=v4.8.1' instead of the project target framework 'net8.0'. This package may not be fully compatible with your project. [C:\Users\ultra\warewolf\Dev\Warewolf.Core.Tests\Warewolf.Core.Tests.csproj]
C:\Users\ultra\warewolf\Dev\Warewolf.Data\Warewolf.Data.csproj : warning NU1701: Package 'AeroWizard 2.3.1' was restored using '.NETFramework,Version=v4.6.1, .NETFramework,Version=v4.6.2, .NETFramework,Version=v4.7, .NETFramework,Version=v4.7.1, .NETFramework,Version=v4.7.2, .NETFramework,Version=v4.8, .NETFramework,Version=v4.8.1' instead of the project target framework 'net8.0'. This package may not be fully compatible with your project. [C:\Users\ultra\warewolf\Dev\Warewolf.Core.Tests\Warewolf.Core.Tests.csproj]
C:\Users\ultra\warewolf\Dev\Warewolf.AI.Harness\Warewolf.AI.Harness.csproj : warning NU1701: Package 'TaskSchedulerEditor 2.10.1' was restored using '.NETFramework,Version=v4.6.1, .NETFramework,Version=v4.6.2, .NETFramework,Version=v4.7, .NETFramework,Version=v4.7.1, .NETFramework,Version=v4.7.2, .NETFramework,Version=v4.8, .NETFramework,Version=v4.8.1' instead of the project target framework 'net8.0'. This package may not be fully compatible with your project. [C:\Users\ultra\warewolf\Dev\Warewolf.Core.Tests\Warewolf.Core.Tests.csproj]
C:\Users\ultra\warewolf\Dev\Warewolf.Data\Warewolf.Data.csproj : warning NU1701: Package 'GroupControls 1.9.0' was restored using '.NETFramework,Version=v4.6.1, .NETFramework,Version=v4.6.2, .NETFramework,Version=v4.7, .NETFramework,Version=v4.7.1, .NETFramework,Version=v4.7.2, .NETFramework,Version=v4.8, .NETFramework,Version=v4.8.1' instead of the project target framework 'net8.0'. This package may not be fully compatible with your project. [C:\Users\ultra\warewolf\Dev\Warewolf.Core.Tests\Warewolf.Core.Tests.csproj]
C:\Users\ultra\warewolf\Dev\Dev2.Services.Sql\Dev2.Services.Sql.csproj : warning NU1903: Package 'Oracle.ManagedDataAccess.Core' 3.21.70 has a known high severity vulnerability, https://github.com/advisories/GHSA-5pm2-9mr2-3frq [C:\Users\ultra\warewolf\Dev\Warewolf.Core.Tests\Warewolf.Core.Tests.csproj]
C:\Users\ultra\warewolf\Dev\Warewolf.Data\Warewolf.Data.csproj : warning NU1701: Package 'TaskSchedulerEditor 2.10.1' was restored using '.NETFramework,Version=v4.6.1, .NETFramework,Version=v4.6.2, .NETFramework,Version=v4.7, .NETFramework,Version=v4.7.1, .NETFramework,Version=v4.7.2, .NETFramework,Version=v4.8, .NETFramework,Version=v4.8.1' instead of the project target framework 'net8.0'. This package may not be fully compatible with your project. [C:\Users\ultra\warewolf\Dev\Warewolf.Core.Tests\Warewolf.Core.Tests.csproj]
C:\Users\ultra\warewolf\Dev\Warewolf.Auditing\Warewolf.Auditing.csproj : warning NU1701: Package 'AeroWizard 2.3.1' was restored using '.NETFramework,Version=v4.6.1, .NETFramework,Version=v4.6.2, .NETFramework,Version=v4.7, .NETFramework,Version=v4.7.1, .NETFramework,Version=v4.7.2, .NETFramework,Version=v4.8, .NETFramework,Version=v4.8.1' instead of the project target framework 'net8.0'. This package may not be fully compatible with your project. [C:\Users\ultra\warewolf\Dev\Warewolf.Core.Tests\Warewolf.Core.Tests.csproj]
C:\Users\ultra\warewolf\Dev\Dev2.Services.Sql\Dev2.Services.Sql.csproj : warning NU1701: Package 'AeroWizard 2.3.1' was restored using '.NETFramework,Version=v4.6.1, .NETFramework,Version=v4.6.2, .NETFramework,Version=v4.7, .NETFramework,Version=v4.7.1, .NETFramework,Version=v4.7.2, .NETFramework,Version=v4.8, .NETFramework,Version=v4.8.1' instead of the project target framework 'net8.0'. This package may not be fully compatible with your project. [C:\Users\ultra\warewolf\Dev\Warewolf.Core.Tests\Warewolf.Core.Tests.csproj]
C:\Users\ultra\warewolf\Dev\Warewolf.Auditing\Warewolf.Auditing.csproj : warning NU1701: Package 'GroupControls 1.9.0' was restored using '.NETFramework,Version=v4.6.1, .NETFramework,Version=v4.6.2, .NETFramework,Version=v4.7, .NETFramework,Version=v4.7.1, .NETFramework,Version=v4.7.2, .NETFramework,Version=v4.8, .NETFramework,Version=v4.8.1' instead of the project target framework 'net8.0'. This package may not be fully compatible with your project. [C:\Users\ultra\warewolf\Dev\Warewolf.Core.Tests\Warewolf.Core.Tests.csproj]
C:\Users\ultra\warewolf\Dev\Dev2.Services.Sql\Dev2.Services.Sql.csproj : warning NU1701: Package 'GroupControls 1.9.0' was restored using '.NETFramework,Version=v4.6.1, .NETFramework,Version=v4.6.2, .NETFramework,Version=v4.7, .NETFramework,Version=v4.7.1, .NETFramework,Version=v4.7.2, .NETFramework,Version=v4.8, .NETFramework,Version=v4.8.1' instead of the project target framework 'net8.0'. This package may not be fully compatible with your project. [C:\Users\ultra\warewolf\Dev\Warewolf.Core.Tests\Warewolf.Core.Tests.csproj]
C:\Users\ultra\warewolf\Dev\Warewolf.Auditing\Warewolf.Auditing.csproj : warning NU1701: Package 'ReactiveUI.WPF 18.4.1' was restored using '.NETFramework,Version=v4.6.1, .NETFramework,Version=v4.6.2, .NETFramework,Version=v4.7, .NETFramework,Version=v4.7.1, .NETFramework,Version=v4.7.2, .NETFramework,Version=v4.8, .NETFramework,Version=v4.8.1' instead of the project target framework 'net8.0'. This package may not be fully compatible with your project. [C:\Users\ultra\warewolf\Dev\Warewolf.Core.Tests\Warewolf.Core.Tests.csproj]
C:\Users\ultra\warewolf\Dev\Dev2.Services.Sql\Dev2.Services.Sql.csproj : warning NU1701: Package 'ReactiveUI.WPF 18.4.1' was restored using '.NETFramework,Version=v4.6.1, .NETFramework,Version=v4.6.2, .NETFramework,Version=v4.7, .NETFramework,Version=v4.7.1, .NETFramework,Version=v4.7.2, .NETFramework,Version=v4.8, .NETFramework,Version=v4.8.1' instead of the project target framework 'net8.0'. This package may not be fully compatible with your project. [C:\Users\ultra\warewolf\Dev\Warewolf.Core.Tests\Warewolf.Core.Tests.csproj]
C:\Users\ultra\warewolf\Dev\Warewolf.Auditing\Warewolf.Auditing.csproj : warning NU1701: Package 'TaskSchedulerEditor 2.10.1' was restored using '.NETFramework,Version=v4.6.1, .NETFramework,Version=v4.6.2, .NETFramework,Version=v4.7, .NETFramework,Version=v4.7.1, .NETFramework,Version=v4.7.2, .NETFramework,Version=v4.8, .NETFramework,Version=v4.8.1' instead of the project target framework 'net8.0'. This package may not be fully compatible with your project. [C:\Users\ultra\warewolf\Dev\Warewolf.Core.Tests\Warewolf.Core.Tests.csproj]
C:\Users\ultra\warewolf\Dev\Dev2.Services.Sql\Dev2.Services.Sql.csproj : warning NU1701: Package 'TaskSchedulerEditor 2.10.1' was restored using '.NETFramework,Version=v4.6.1, .NETFramework,Version=v4.6.2, .NETFramework,Version=v4.7, .NETFramework,Version=v4.7.1, .NETFramework,Version=v4.7.2, .NETFramework,Version=v4.8, .NETFramework,Version=v4.8.1' instead of the project target framework 'net8.0'. This package may not be fully compatible with your project. [C:\Users\ultra\warewolf\Dev\Warewolf.Core.Tests\Warewolf.Core.Tests.csproj]
C:\Users\ultra\warewolf\Dev\Dev2.Studio.Interfaces\Dev2.Studio.Interfaces.csproj : warning NU1701: Package 'Prism.Wpf 9.0.537' was restored using '.NETFramework,Version=v4.6.1, .NETFramework,Version=v4.6.2, .NETFramework,Version=v4.7, .NETFramework,Version=v4.7.1, .NETFramework,Version=v4.7.2, .NETFramework,Version=v4.8, .NETFramework,Version=v4.8.1' instead of the project target framework 'net8.0'. This package may not be fully compatible with your project. [C:\Users\ultra\warewolf\Dev\Warewolf.Core.Tests\Warewolf.Core.Tests.csproj]
C:\Users\ultra\warewolf\Dev\Dev2.Studio.Interfaces\Dev2.Studio.Interfaces.csproj : warning NU1701: Package 'ReactiveUI.WPF 18.4.1' was restored using '.NETFramework,Version=v4.6.1, .NETFramework,Version=v4.6.2, .NETFramework,Version=v4.7, .NETFramework,Version=v4.7.1, .NETFramework,Version=v4.7.2, .NETFramework,Version=v4.8, .NETFramework,Version=v4.8.1' instead of the project target framework 'net8.0'. This package may not be fully compatible with your project. [C:\Users\ultra\warewolf\Dev\Warewolf.Core.Tests\Warewolf.Core.Tests.csproj]
C:\Users\ultra\warewolf\Dev\Dev2.Studio.Interfaces\Dev2.Studio.Interfaces.csproj : warning NU1701: Package 'TaskSchedulerEditor 2.10.1' was restored using '.NETFramework,Version=v4.6.1, .NETFramework,Version=v4.6.2, .NETFramework,Version=v4.7, .NETFramework,Version=v4.7.1, .NETFramework,Version=v4.7.2, .NETFramework,Version=v4.8, .NETFramework,Version=v4.8.1' instead of the project target framework 'net8.0'. This package may not be fully compatible with your project. [C:\Users\ultra\warewolf\Dev\Warewolf.Core.Tests\Warewolf.Core.Tests.csproj]
C:\Users\ultra\warewolf\Dev\Warewolf.Security\Warewolf.Security.csproj : warning NU1904: Package 'System.Drawing.Common' 4.5.1 has a known critical severity vulnerability, https://github.com/advisories/GHSA-rxg9-xrhp-64gj [C:\Users\ultra\warewolf\Dev\Warewolf.Core.Tests\Warewolf.Core.Tests.csproj]
C:\Users\ultra\warewolf\Dev\Dev2.Common.Interfaces\Dev2.Common.Interfaces.csproj : warning NU1903: Package 'Microsoft.Windows.Compatibility' 6.0.0 has a known high severity vulnerability, https://github.com/advisories/GHSA-555c-2p6r-68mm [C:\Users\ultra\warewolf\Dev\Warewolf.Core.Tests\Warewolf.Core.Tests.csproj]
C:\Users\ultra\warewolf\Dev\Dev2.Common.Interfaces\Dev2.Common.Interfaces.csproj : warning NU1701: Package 'AeroWizard 2.3.1' was restored using '.NETFramework,Version=v4.6.1, .NETFramework,Version=v4.6.2, .NETFramework,Version=v4.7, .NETFramework,Version=v4.7.1, .NETFramework,Version=v4.7.2, .NETFramework,Version=v4.8, .NETFramework,Version=v4.8.1' instead of the project target framework 'net8.0'. This package may not be fully compatible with your project. [C:\Users\ultra\warewolf\Dev\Warewolf.Core.Tests\Warewolf.Core.Tests.csproj]
C:\Users\ultra\warewolf\Dev\Dev2.Common.Interfaces\Dev2.Common.Interfaces.csproj : warning NU1701: Package 'GroupControls 1.9.0' was restored using '.NETFramework,Version=v4.6.1, .NETFramework,Version=v4.6.2, .NETFramework,Version=v4.7, .NETFramework,Version=v4.7.1, .NETFramework,Version=v4.7.2, .NETFramework,Version=v4.8, .NETFramework,Version=v4.8.1' instead of the project target framework 'net8.0'. This package may not be fully compatible with your project. [C:\Users\ultra\warewolf\Dev\Warewolf.Core.Tests\Warewolf.Core.Tests.csproj]
C:\Users\ultra\warewolf\Dev\Dev2.Common.Interfaces\Dev2.Common.Interfaces.csproj : warning NU1701: Package 'TaskSchedulerEditor 2.10.1' was restored using '.NETFramework,Version=v4.6.1, .NETFramework,Version=v4.6.2, .NETFramework,Version=v4.7, .NETFramework,Version=v4.7.1, .NETFramework,Version=v4.7.2, .NETFramework,Version=v4.8, .NETFramework,Version=v4.8.1' instead of the project target framework 'net8.0'. This package may not be fully compatible with your project. [C:\Users\ultra\warewolf\Dev\Warewolf.Core.Tests\Warewolf.Core.Tests.csproj]
C:\Users\ultra\warewolf\Dev\Dev2.Data.Interfaces\Dev2.Data.Interfaces.csproj : warning NU1903: Package 'DotNetZip' 1.16.0 has a known high severity vulnerability, https://github.com/advisories/GHSA-xhg6-9j5j-w4vf [C:\Users\ultra\warewolf\Dev\Warewolf.Core.Tests\Warewolf.Core.Tests.csproj]
C:\Users\ultra\warewolf\Dev\Dev2.Data.Interfaces\Dev2.Data.Interfaces.csproj : warning NU1701: Package 'AeroWizard 2.3.1' was restored using '.NETFramework,Version=v4.6.1, .NETFramework,Version=v4.6.2, .NETFramework,Version=v4.7, .NETFramework,Version=v4.7.1, .NETFramework,Version=v4.7.2, .NETFramework,Version=v4.8, .NETFramework,Version=v4.8.1' instead of the project target framework 'net8.0'. This package may not be fully compatible with your project. [C:\Users\ultra\warewolf\Dev\Warewolf.Core.Tests\Warewolf.Core.Tests.csproj]
C:\Users\ultra\warewolf\Dev\Dev2.Data.Interfaces\Dev2.Data.Interfaces.csproj : warning NU1701: Package 'GroupControls 1.9.0' was restored using '.NETFramework,Version=v4.6.1, .NETFramework,Version=v4.6.2, .NETFramework,Version=v4.7, .NETFramework,Version=v4.7.1, .NETFramework,Version=v4.7.2, .NETFramework,Version=v4.8, .NETFramework,Version=v4.8.1' instead of the project target framework 'net8.0'. This package may not be fully compatible with your project. [C:\Users\ultra\warewolf\Dev\Warewolf.Core.Tests\Warewolf.Core.Tests.csproj]
C:\Users\ultra\warewolf\Dev\Dev2.Data.Interfaces\Dev2.Data.Interfaces.csproj : warning NU1701: Package 'TaskSchedulerEditor 2.10.1' was restored using '.NETFramework,Version=v4.6.1, .NETFramework,Version=v4.6.2, .NETFramework,Version=v4.7, .NETFramework,Version=v4.7.1, .NETFramework,Version=v4.7.2, .NETFramework,Version=v4.8, .NETFramework,Version=v4.8.1' instead of the project target framework 'net8.0'. This package may not be fully compatible with your project. [C:\Users\ultra\warewolf\Dev\Warewolf.Core.Tests\Warewolf.Core.Tests.csproj]
C:\Users\ultra\warewolf\Dev\Warewolf.Storage.Interfaces\Warewolf.Storage.Interfaces.csproj : warning NU1701: Package 'AeroWizard 2.3.1' was restored using '.NETFramework,Version=v4.6.1, .NETFramework,Version=v4.6.2, .NETFramework,Version=v4.7, .NETFramework,Version=v4.7.1, .NETFramework,Version=v4.7.2, .NETFramework,Version=v4.8, .NETFramework,Version=v4.8.1' instead of the project target framework 'net8.0'. This package may not be fully compatible with your project. [C:\Users\ultra\warewolf\Dev\Warewolf.Core.Tests\Warewolf.Core.Tests.csproj]
C:\Users\ultra\warewolf\Dev\Warewolf.Storage.Interfaces\Warewolf.Storage.Interfaces.csproj : warning NU1701: Package 'GroupControls 1.9.0' was restored using '.NETFramework,Version=v4.6.1, .NETFramework,Version=v4.6.2, .NETFramework,Version=v4.7, .NETFramework,Version=v4.7.1, .NETFramework,Version=v4.7.2, .NETFramework,Version=v4.8, .NETFramework,Version=v4.8.1' instead of the project target framework 'net8.0'. This package may not be fully compatible with your project. [C:\Users\ultra\warewolf\Dev\Warewolf.Core.Tests\Warewolf.Core.Tests.csproj]
C:\Users\ultra\warewolf\Dev\Warewolf.Storage.Interfaces\Warewolf.Storage.Interfaces.csproj : warning NU1701: Package 'TaskSchedulerEditor 2.10.1' was restored using '.NETFramework,Version=v4.6.1, .NETFramework,Version=v4.6.2, .NETFramework,Version=v4.7, .NETFramework,Version=v4.7.1, .NETFramework,Version=v4.7.2, .NETFramework,Version=v4.8, .NETFramework,Version=v4.8.1' instead of the project target framework 'net8.0'. This package may not be fully compatible with your project. [C:\Users\ultra\warewolf\Dev\Warewolf.Core.Tests\Warewolf.Core.Tests.csproj]
C:\Users\ultra\warewolf\Dev\Dev2.Common\Dev2.Common.csproj : warning NU1903: Package 'Microsoft.Windows.Compatibility' 6.0.0 has a known high severity vulnerability, https://github.com/advisories/GHSA-555c-2p6r-68mm [C:\Users\ultra\warewolf\Dev\Warewolf.Core.Tests\Warewolf.Core.Tests.csproj]
C:\Users\ultra\warewolf\Dev\Dev2.Common\Dev2.Common.csproj : warning NU1701: Package 'AeroWizard 2.3.1' was restored using '.NETFramework,Version=v4.6.1, .NETFramework,Version=v4.6.2, .NETFramework,Version=v4.7, .NETFramework,Version=v4.7.1, .NETFramework,Version=v4.7.2, .NETFramework,Version=v4.8, .NETFramework,Version=v4.8.1' instead of the project target framework 'net8.0'. This package may not be fully compatible with your project. [C:\Users\ultra\warewolf\Dev\Warewolf.Core.Tests\Warewolf.Core.Tests.csproj]
C:\Users\ultra\warewolf\Dev\Dev2.Common\Dev2.Common.csproj : warning NU1701: Package 'GroupControls 1.9.0' was restored using '.NETFramework,Version=v4.6.1, .NETFramework,Version=v4.6.2, .NETFramework,Version=v4.7, .NETFramework,Version=v4.7.1, .NETFramework,Version=v4.7.2, .NETFramework,Version=v4.8, .NETFramework,Version=v4.8.1' instead of the project target framework 'net8.0'. This package may not be fully compatible with your project. [C:\Users\ultra\warewolf\Dev\Warewolf.Core.Tests\Warewolf.Core.Tests.csproj]
C:\Users\ultra\warewolf\Dev\Dev2.Common\Dev2.Common.csproj : warning NU1701: Package 'TaskSchedulerEditor 2.10.1' was restored using '.NETFramework,Version=v4.6.1, .NETFramework,Version=v4.6.2, .NETFramework,Version=v4.7, .NETFramework,Version=v4.7.1, .NETFramework,Version=v4.7.2, .NETFramework,Version=v4.8, .NETFramework,Version=v4.8.1' instead of the project target framework 'net8.0'. This package may not be fully compatible with your project. [C:\Users\ultra\warewolf\Dev\Warewolf.Core.Tests\Warewolf.Core.Tests.csproj]
C:\Users\ultra\warewolf\Dev\Dev2.TaskScheduler.Wrappers\Dev2.TaskScheduler.Wrappers.csproj : warning NU1701: Package 'AeroWizard 2.3.1' was restored using '.NETFramework,Version=v4.6.1, .NETFramework,Version=v4.6.2, .NETFramework,Version=v4.7, .NETFramework,Version=v4.7.1, .NETFramework,Version=v4.7.2, .NETFramework,Version=v4.8, .NETFramework,Version=v4.8.1' instead of the project target framework 'net8.0'. This package may not be fully compatible with your project. [C:\Users\ultra\warewolf\Dev\Warewolf.Core.Tests\Warewolf.Core.Tests.csproj]
C:\Users\ultra\warewolf\Dev\Dev2.TaskScheduler.Wrappers\Dev2.TaskScheduler.Wrappers.csproj : warning NU1701: Package 'GroupControls 1.9.0' was restored using '.NETFramework,Version=v4.6.1, .NETFramework,Version=v4.6.2, .NETFramework,Version=v4.7, .NETFramework,Version=v4.7.1, .NETFramework,Version=v4.7.2, .NETFramework,Version=v4.8, .NETFramework,Version=v4.8.1' instead of the project target framework 'net8.0'. This package may not be fully compatible with your project. [C:\Users\ultra\warewolf\Dev\Warewolf.Core.Tests\Warewolf.Core.Tests.csproj]
C:\Users\ultra\warewolf\Dev\Dev2.TaskScheduler.Wrappers\Dev2.TaskScheduler.Wrappers.csproj : warning NU1701: Package 'TaskSchedulerEditor 2.10.1' was restored using '.NETFramework,Version=v4.6.1, .NETFramework,Version=v4.6.2, .NETFramework,Version=v4.7, .NETFramework,Version=v4.7.1, .NETFramework,Version=v4.7.2, .NETFramework,Version=v4.8, .NETFramework,Version=v4.8.1' instead of the project target framework 'net8.0'. This package may not be fully compatible with your project. [C:\Users\ultra\warewolf\Dev\Warewolf.Core.Tests\Warewolf.Core.Tests.csproj]
C:\Users\ultra\warewolf\Dev\Dev2.CustomControls\Dev2.CustomControls.csproj : warning NU1903: Package 'Microsoft.Windows.Compatibility' 6.0.0 has a known high severity vulnerability, https://github.com/advisories/GHSA-555c-2p6r-68mm [C:\Users\ultra\warewolf\Dev\Warewolf.Core.Tests\Warewolf.Core.Tests.csproj]
C:\Users\ultra\warewolf\Dev\Dev2.CustomControls\Dev2.CustomControls.csproj : warning NU1701: Package 'AeroWizard 2.3.1' was restored using '.NETFramework,Version=v4.6.1, .NETFramework,Version=v4.6.2, .NETFramework,Version=v4.7, .NETFramework,Version=v4.7.1, .NETFramework,Version=v4.7.2, .NETFramework,Version=v4.8, .NETFramework,Version=v4.8.1' instead of the project target framework 'net8.0'. This package may not be fully compatible with your project. [C:\Users\ultra\warewolf\Dev\Warewolf.Core.Tests\Warewolf.Core.Tests.csproj]
C:\Users\ultra\warewolf\Dev\Dev2.CustomControls\Dev2.CustomControls.csproj : warning NU1701: Package 'GroupControls 1.9.0' was restored using '.NETFramework,Version=v4.6.1, .NETFramework,Version=v4.6.2, .NETFramework,Version=v4.7, .NETFramework,Version=v4.7.1, .NETFramework,Version=v4.7.2, .NETFramework,Version=v4.8, .NETFramework,Version=v4.8.1' instead of the project target framework 'net8.0'. This package may not be fully compatible with your project. [C:\Users\ultra\warewolf\Dev\Warewolf.Core.Tests\Warewolf.Core.Tests.csproj]
C:\Users\ultra\warewolf\Dev\Dev2.CustomControls\Dev2.CustomControls.csproj : warning NU1701: Package 'TaskSchedulerEditor 2.10.1' was restored using '.NETFramework,Version=v4.6.1, .NETFramework,Version=v4.6.2, .NETFramework,Version=v4.7, .NETFramework,Version=v4.7.1, .NETFramework,Version=v4.7.2, .NETFramework,Version=v4.8, .NETFramework,Version=v4.8.1' instead of the project target framework 'net8.0'. This package may not be fully compatible with your project. [C:\Users\ultra\warewolf\Dev\Warewolf.Core.Tests\Warewolf.Core.Tests.csproj]
C:\Users\ultra\warewolf\Dev\Dev2.Util\Dev2.Util.csproj : warning NU1903: Package 'Microsoft.Windows.Compatibility' 6.0.0 has a known high severity vulnerability, https://github.com/advisories/GHSA-555c-2p6r-68mm [C:\Users\ultra\warewolf\Dev\Warewolf.Core.Tests\Warewolf.Core.Tests.csproj]
C:\Users\ultra\warewolf\Dev\Dev2.Util\Dev2.Util.csproj : warning NU1701: Package 'AeroWizard 2.3.1' was restored using '.NETFramework,Version=v4.6.1, .NETFramework,Version=v4.6.2, .NETFramework,Version=v4.7, .NETFramework,Version=v4.7.1, .NETFramework,Version=v4.7.2, .NETFramework,Version=v4.8, .NETFramework,Version=v4.8.1' instead of the project target framework 'net8.0'. This package may not be fully compatible with your project. [C:\Users\ultra\warewolf\Dev\Warewolf.Core.Tests\Warewolf.Core.Tests.csproj]
C:\Users\ultra\warewolf\Dev\Dev2.Util\Dev2.Util.csproj : warning NU1701: Package 'GroupControls 1.9.0' was restored using '.NETFramework,Version=v4.6.1, .NETFramework,Version=v4.6.2, .NETFramework,Version=v4.7, .NETFramework,Version=v4.7.1, .NETFramework,Version=v4.7.2, .NETFramework,Version=v4.8, .NETFramework,Version=v4.8.1' instead of the project target framework 'net8.0'. This package may not be fully compatible with your project. [C:\Users\ultra\warewolf\Dev\Warewolf.Core.Tests\Warewolf.Core.Tests.csproj]
C:\Users\ultra\warewolf\Dev\Dev2.Util\Dev2.Util.csproj : warning NU1701: Package 'TaskSchedulerEditor 2.10.1' was restored using '.NETFramework,Version=v4.6.1, .NETFramework,Version=v4.6.2, .NETFramework,Version=v4.7, .NETFramework,Version=v4.7.1, .NETFramework,Version=v4.7.2, .NETFramework,Version=v4.8, .NETFramework,Version=v4.8.1' instead of the project target framework 'net8.0'. This package may not be fully compatible with your project. [C:\Users\ultra\warewolf\Dev\Warewolf.Core.Tests\Warewolf.Core.Tests.csproj]
C:\Users\ultra\warewolf\Dev\Warewolf.Common\Warewolf.Common.csproj : warning NU1701: Package 'AeroWizard 2.3.1' was restored using '.NETFramework,Version=v4.6.1, .NETFramework,Version=v4.6.2, .NETFramework,Version=v4.7, .NETFramework,Version=v4.7.1, .NETFramework,Version=v4.7.2, .NETFramework,Version=v4.8, .NETFramework,Version=v4.8.1' instead of the project target framework 'net8.0'. This package may not be fully compatible with your project. [C:\Users\ultra\warewolf\Dev\Warewolf.Core.Tests\Warewolf.Core.Tests.csproj]
C:\Users\ultra\warewolf\Dev\Warewolf.Common\Warewolf.Common.csproj : warning NU1701: Package 'GroupControls 1.9.0' was restored using '.NETFramework,Version=v4.6.1, .NETFramework,Version=v4.6.2, .NETFramework,Version=v4.7, .NETFramework,Version=v4.7.1, .NETFramework,Version=v4.7.2, .NETFramework,Version=v4.8, .NETFramework,Version=v4.8.1' instead of the project target framework 'net8.0'. This package may not be fully compatible with your project. [C:\Users\ultra\warewolf\Dev\Warewolf.Core.Tests\Warewolf.Core.Tests.csproj]
C:\Users\ultra\warewolf\Dev\Warewolf.Common\Warewolf.Common.csproj : warning NU1701: Package 'TaskSchedulerEditor 2.10.1' was restored using '.NETFramework,Version=v4.6.1, .NETFramework,Version=v4.6.2, .NETFramework,Version=v4.7, .NETFramework,Version=v4.7.1, .NETFramework,Version=v4.7.2, .NETFramework,Version=v4.8, .NETFramework,Version=v4.8.1' instead of the project target framework 'net8.0'. This package may not be fully compatible with your project. [C:\Users\ultra\warewolf\Dev\Warewolf.Core.Tests\Warewolf.Core.Tests.csproj]
C:\Users\ultra\warewolf\Dev\Dev2.Data\Dev2.Data.csproj : warning NU1701: Package 'AeroWizard 2.3.1' was restored using '.NETFramework,Version=v4.6.1, .NETFramework,Version=v4.6.2, .NETFramework,Version=v4.7, .NETFramework,Version=v4.7.1, .NETFramework,Version=v4.7.2, .NETFramework,Version=v4.8, .NETFramework,Version=v4.8.1' instead of the project target framework 'net8.0'. This package may not be fully compatible with your project. [C:\Users\ultra\warewolf\Dev\Warewolf.Core.Tests\Warewolf.Core.Tests.csproj]
C:\Users\ultra\warewolf\Dev\Dev2.Data\Dev2.Data.csproj : warning NU1701: Package 'GroupControls 1.9.0' was restored using '.NETFramework,Version=v4.6.1, .NETFramework,Version=v4.6.2, .NETFramework,Version=v4.7, .NETFramework,Version=v4.7.1, .NETFramework,Version=v4.7.2, .NETFramework,Version=v4.8, .NETFramework,Version=v4.8.1' instead of the project target framework 'net8.0'. This package may not be fully compatible with your project. [C:\Users\ultra\warewolf\Dev\Warewolf.Core.Tests\Warewolf.Core.Tests.csproj]
C:\Users\ultra\warewolf\Dev\Dev2.Data\Dev2.Data.csproj : warning NU1701: Package 'ReactiveUI.WPF 18.4.1' was restored using '.NETFramework,Version=v4.6.1, .NETFramework,Version=v4.6.2, .NETFramework,Version=v4.7, .NETFramework,Version=v4.7.1, .NETFramework,Version=v4.7.2, .NETFramework,Version=v4.8, .NETFramework,Version=v4.8.1' instead of the project target framework 'net8.0'. This package may not be fully compatible with your project. [C:\Users\ultra\warewolf\Dev\Warewolf.Core.Tests\Warewolf.Core.Tests.csproj]
C:\Users\ultra\warewolf\Dev\Dev2.Data\Dev2.Data.csproj : warning NU1701: Package 'TaskSchedulerEditor 2.10.1' was restored using '.NETFramework,Version=v4.6.1, .NETFramework,Version=v4.6.2, .NETFramework,Version=v4.7, .NETFramework,Version=v4.7.1, .NETFramework,Version=v4.7.2, .NETFramework,Version=v4.8, .NETFramework,Version=v4.8.1' instead of the project target framework 'net8.0'. This package may not be fully compatible with your project. [C:\Users\ultra\warewolf\Dev\Warewolf.Core.Tests\Warewolf.Core.Tests.csproj]
C:\Users\ultra\warewolf\Dev\Warewolf.Storage\Warewolf.Storage.csproj : warning NU1701: Package 'AeroWizard 2.3.1' was restored using '.NETFramework,Version=v4.6.1, .NETFramework,Version=v4.6.2, .NETFramework,Version=v4.7, .NETFramework,Version=v4.7.1, .NETFramework,Version=v4.7.2, .NETFramework,Version=v4.8, .NETFramework,Version=v4.8.1' instead of the project target framework 'net8.0'. This package may not be fully compatible with your project. [C:\Users\ultra\warewolf\Dev\Warewolf.Core.Tests\Warewolf.Core.Tests.csproj]
C:\Users\ultra\warewolf\Dev\Warewolf.Storage\Warewolf.Storage.csproj : warning NU1701: Package 'GroupControls 1.9.0' was restored using '.NETFramework,Version=v4.6.1, .NETFramework,Version=v4.6.2, .NETFramework,Version=v4.7, .NETFramework,Version=v4.7.1, .NETFramework,Version=v4.7.2, .NETFramework,Version=v4.8, .NETFramework,Version=v4.8.1' instead of the project target framework 'net8.0'. This package may not be fully compatible with your project. [C:\Users\ultra\warewolf\Dev\Warewolf.Core.Tests\Warewolf.Core.Tests.csproj]
C:\Users\ultra\warewolf\Dev\Warewolf.Storage\Warewolf.Storage.csproj : warning NU1701: Package 'ReactiveUI.WPF 18.4.1' was restored using '.NETFramework,Version=v4.6.1, .NETFramework,Version=v4.6.2, .NETFramework,Version=v4.7, .NETFramework,Version=v4.7.1, .NETFramework,Version=v4.7.2, .NETFramework,Version=v4.8, .NETFramework,Version=v4.8.1' instead of the project target framework 'net8.0'. This package may not be fully compatible with your project. [C:\Users\ultra\warewolf\Dev\Warewolf.Core.Tests\Warewolf.Core.Tests.csproj]
C:\Users\ultra\warewolf\Dev\Warewolf.Storage\Warewolf.Storage.csproj : warning NU1701: Package 'TaskSchedulerEditor 2.10.1' was restored using '.NETFramework,Version=v4.6.1, .NETFramework,Version=v4.6.2, .NETFramework,Version=v4.7, .NETFramework,Version=v4.7.1, .NETFramework,Version=v4.7.2, .NETFramework,Version=v4.8, .NETFramework,Version=v4.8.1' instead of the project target framework 'net8.0'. This package may not be fully compatible with your project. [C:\Users\ultra\warewolf\Dev\Warewolf.Core.Tests\Warewolf.Core.Tests.csproj]
C:\Users\ultra\warewolf\Dev\Dev2.Core\Dev2.Core.csproj : warning NU1903: Package 'Microsoft.Windows.Compatibility' 6.0.0 has a known high severity vulnerability, https://github.com/advisories/GHSA-555c-2p6r-68mm [C:\Users\ultra\warewolf\Dev\Warewolf.Core.Tests\Warewolf.Core.Tests.csproj]
C:\Users\ultra\warewolf\Dev\Dev2.Core\Dev2.Core.csproj : warning NU1701: Package 'AeroWizard 2.3.1' was restored using '.NETFramework,Version=v4.6.1, .NETFramework,Version=v4.6.2, .NETFramework,Version=v4.7, .NETFramework,Version=v4.7.1, .NETFramework,Version=v4.7.2, .NETFramework,Version=v4.8, .NETFramework,Version=v4.8.1' instead of the project target framework 'net8.0'. This package may not be fully compatible with your project. [C:\Users\ultra\warewolf\Dev\Warewolf.Core.Tests\Warewolf.Core.Tests.csproj]
C:\Users\ultra\warewolf\Dev\Dev2.Core\Dev2.Core.csproj : warning NU1701: Package 'GroupControls 1.9.0' was restored using '.NETFramework,Version=v4.6.1, .NETFramework,Version=v4.6.2, .NETFramework,Version=v4.7, .NETFramework,Version=v4.7.1, .NETFramework,Version=v4.7.2, .NETFramework,Version=v4.8, .NETFramework,Version=v4.8.1' instead of the project target framework 'net8.0'. This package may not be fully compatible with your project. [C:\Users\ultra\warewolf\Dev\Warewolf.Core.Tests\Warewolf.Core.Tests.csproj]
C:\Users\ultra\warewolf\Dev\Dev2.Core\Dev2.Core.csproj : warning NU1701: Package 'ReactiveUI.WPF 18.4.1' was restored using '.NETFramework,Version=v4.6.1, .NETFramework,Version=v4.6.2, .NETFramework,Version=v4.7, .NETFramework,Version=v4.7.1, .NETFramework,Version=v4.7.2, .NETFramework,Version=v4.8, .NETFramework,Version=v4.8.1' instead of the project target framework 'net8.0'. This package may not be fully compatible with your project. [C:\Users\ultra\warewolf\Dev\Warewolf.Core.Tests\Warewolf.Core.Tests.csproj]
C:\Users\ultra\warewolf\Dev\Dev2.Core\Dev2.Core.csproj : warning NU1701: Package 'TaskSchedulerEditor 2.10.1' was restored using '.NETFramework,Version=v4.6.1, .NETFramework,Version=v4.6.2, .NETFramework,Version=v4.7, .NETFramework,Version=v4.7.1, .NETFramework,Version=v4.7.2, .NETFramework,Version=v4.8, .NETFramework,Version=v4.8.1' instead of the project target framework 'net8.0'. This package may not be fully compatible with your project. [C:\Users\ultra\warewolf\Dev\Warewolf.Core.Tests\Warewolf.Core.Tests.csproj]
C:\Users\ultra\warewolf\Dev\Warewolf.ResourceManagement\Warewolf.ResourceManagement.csproj : warning NU1701: Package 'AeroWizard 2.3.1' was restored using '.NETFramework,Version=v4.6.1, .NETFramework,Version=v4.6.2, .NETFramework,Version=v4.7, .NETFramework,Version=v4.7.1, .NETFramework,Version=v4.7.2, .NETFramework,Version=v4.8, .NETFramework,Version=v4.8.1' instead of the project target framework 'net8.0'. This package may not be fully compatible with your project. [C:\Users\ultra\warewolf\Dev\Warewolf.Core.Tests\Warewolf.Core.Tests.csproj]
C:\Users\ultra\warewolf\Dev\Warewolf.ResourceManagement\Warewolf.ResourceManagement.csproj : warning NU1701: Package 'GroupControls 1.9.0' was restored using '.NETFramework,Version=v4.6.1, .NETFramework,Version=v4.6.2, .NETFramework,Version=v4.7, .NETFramework,Version=v4.7.1, .NETFramework,Version=v4.7.2, .NETFramework,Version=v4.8, .NETFramework,Version=v4.8.1' instead of the project target framework 'net8.0'. This package may not be fully compatible with your project. [C:\Users\ultra\warewolf\Dev\Warewolf.Core.Tests\Warewolf.Core.Tests.csproj]
C:\Users\ultra\warewolf\Dev\Warewolf.ResourceManagement\Warewolf.ResourceManagement.csproj : warning NU1701: Package 'ReactiveUI.WPF 18.4.1' was restored using '.NETFramework,Version=v4.6.1, .NETFramework,Version=v4.6.2, .NETFramework,Version=v4.7, .NETFramework,Version=v4.7.1, .NETFramework,Version=v4.7.2, .NETFramework,Version=v4.8, .NETFramework,Version=v4.8.1' instead of the project target framework 'net8.0'. This package may not be fully compatible with your project. [C:\Users\ultra\warewolf\Dev\Warewolf.Core.Tests\Warewolf.Core.Tests.csproj]
C:\Users\ultra\warewolf\Dev\Dev2.Runtime.Configuration\Dev2.Runtime.Configuration.csproj : warning NU1903: Package 'Microsoft.Windows.Compatibility' 6.0.0 has a known high severity vulnerability, https://github.com/advisories/GHSA-555c-2p6r-68mm [C:\Users\ultra\warewolf\Dev\Warewolf.Core.Tests\Warewolf.Core.Tests.csproj]
C:\Users\ultra\warewolf\Dev\Warewolf.ResourceManagement\Warewolf.ResourceManagement.csproj : warning NU1701: Package 'TaskSchedulerEditor 2.10.1' was restored using '.NETFramework,Version=v4.6.1, .NETFramework,Version=v4.6.2, .NETFramework,Version=v4.7, .NETFramework,Version=v4.7.1, .NETFramework,Version=v4.7.2, .NETFramework,Version=v4.8, .NETFramework,Version=v4.8.1' instead of the project target framework 'net8.0'. This package may not be fully compatible with your project. [C:\Users\ultra\warewolf\Dev\Warewolf.Core.Tests\Warewolf.Core.Tests.csproj]
C:\Users\ultra\warewolf\Dev\Dev2.Runtime.Configuration\Dev2.Runtime.Configuration.csproj : warning NU1701: Package 'AeroWizard 2.3.1' was restored using '.NETFramework,Version=v4.6.1, .NETFramework,Version=v4.6.2, .NETFramework,Version=v4.7, .NETFramework,Version=v4.7.1, .NETFramework,Version=v4.7.2, .NETFramework,Version=v4.8, .NETFramework,Version=v4.8.1' instead of the project target framework 'net8.0'. This package may not be fully compatible with your project. [C:\Users\ultra\warewolf\Dev\Warewolf.Core.Tests\Warewolf.Core.Tests.csproj]
C:\Users\ultra\warewolf\Dev\Dev2.Runtime.Configuration\Dev2.Runtime.Configuration.csproj : warning NU1701: Package 'GroupControls 1.9.0' was restored using '.NETFramework,Version=v4.6.1, .NETFramework,Version=v4.6.2, .NETFramework,Version=v4.7, .NETFramework,Version=v4.7.1, .NETFramework,Version=v4.7.2, .NETFramework,Version=v4.8, .NETFramework,Version=v4.8.1' instead of the project target framework 'net8.0'. This package may not be fully compatible with your project. [C:\Users\ultra\warewolf\Dev\Warewolf.Core.Tests\Warewolf.Core.Tests.csproj]
C:\Users\ultra\warewolf\Dev\Dev2.Runtime.Configuration\Dev2.Runtime.Configuration.csproj : warning NU1701: Package 'TaskSchedulerEditor 2.10.1' was restored using '.NETFramework,Version=v4.6.1, .NETFramework,Version=v4.6.2, .NETFramework,Version=v4.7, .NETFramework,Version=v4.7.1, .NETFramework,Version=v4.7.2, .NETFramework,Version=v4.8, .NETFramework,Version=v4.8.1' instead of the project target framework 'net8.0'. This package may not be fully compatible with your project. [C:\Users\ultra\warewolf\Dev\Warewolf.Core.Tests\Warewolf.Core.Tests.csproj]
C:\Users\ultra\warewolf\Dev\Warewolf.Licensing\Warewolf.Licensing.csproj : warning NU1701: Package 'AeroWizard 2.3.1' was restored using '.NETFramework,Version=v4.6.1, .NETFramework,Version=v4.6.2, .NETFramework,Version=v4.7, .NETFramework,Version=v4.7.1, .NETFramework,Version=v4.7.2, .NETFramework,Version=v4.8, .NETFramework,Version=v4.8.1' instead of the project target framework 'net8.0'. This package may not be fully compatible with your project. [C:\Users\ultra\warewolf\Dev\Warewolf.Core.Tests\Warewolf.Core.Tests.csproj]
C:\Users\ultra\warewolf\Dev\Warewolf.Licensing\Warewolf.Licensing.csproj : warning NU1701: Package 'GroupControls 1.9.0' was restored using '.NETFramework,Version=v4.6.1, .NETFramework,Version=v4.6.2, .NETFramework,Version=v4.7, .NETFramework,Version=v4.7.1, .NETFramework,Version=v4.7.2, .NETFramework,Version=v4.8, .NETFramework,Version=v4.8.1' instead of the project target framework 'net8.0'. This package may not be fully compatible with your project. [C:\Users\ultra\warewolf\Dev\Warewolf.Core.Tests\Warewolf.Core.Tests.csproj]
C:\Users\ultra\warewolf\Dev\Warewolf.Licensing\Warewolf.Licensing.csproj : warning NU1701: Package 'TaskSchedulerEditor 2.10.1' was restored using '.NETFramework,Version=v4.6.1, .NETFramework,Version=v4.6.2, .NETFramework,Version=v4.7, .NETFramework,Version=v4.7.1, .NETFramework,Version=v4.7.2, .NETFramework,Version=v4.8, .NETFramework,Version=v4.8.1' instead of the project target framework 'net8.0'. This package may not be fully compatible with your project. [C:\Users\ultra\warewolf\Dev\Warewolf.Core.Tests\Warewolf.Core.Tests.csproj]
C:\Users\ultra\warewolf\Dev\Dev2.Scheduler\Dev2.Scheduler.csproj : warning NU1701: Package 'AeroWizard 2.3.1' was restored using '.NETFramework,Version=v4.6.1, .NETFramework,Version=v4.6.2, .NETFramework,Version=v4.7, .NETFramework,Version=v4.7.1, .NETFramework,Version=v4.7.2, .NETFramework,Version=v4.8, .NETFramework,Version=v4.8.1' instead of the project target framework 'net8.0'. This package may not be fully compatible with your project. [C:\Users\ultra\warewolf\Dev\Warewolf.Core.Tests\Warewolf.Core.Tests.csproj]
C:\Users\ultra\warewolf\Dev\Dev2.Scheduler\Dev2.Scheduler.csproj : warning NU1701: Package 'GroupControls 1.9.0' was restored using '.NETFramework,Version=v4.6.1, .NETFramework,Version=v4.6.2, .NETFramework,Version=v4.7, .NETFramework,Version=v4.7.1, .NETFramework,Version=v4.7.2, .NETFramework,Version=v4.8, .NETFramework,Version=v4.8.1' instead of the project target framework 'net8.0'. This package may not be fully compatible with your project. [C:\Users\ultra\warewolf\Dev\Warewolf.Core.Tests\Warewolf.Core.Tests.csproj]
C:\Users\ultra\warewolf\Dev\Dev2.Scheduler\Dev2.Scheduler.csproj : warning NU1701: Package 'ReactiveUI.WPF 18.4.1' was restored using '.NETFramework,Version=v4.6.1, .NETFramework,Version=v4.6.2, .NETFramework,Version=v4.7, .NETFramework,Version=v4.7.1, .NETFramework,Version=v4.7.2, .NETFramework,Version=v4.8, .NETFramework,Version=v4.8.1' instead of the project target framework 'net8.0'. This package may not be fully compatible with your project. [C:\Users\ultra\warewolf\Dev\Warewolf.Core.Tests\Warewolf.Core.Tests.csproj]
C:\Users\ultra\warewolf\Dev\Dev2.Scheduler\Dev2.Scheduler.csproj : warning NU1701: Package 'TaskSchedulerEditor 2.10.1' was restored using '.NETFramework,Version=v4.6.1, .NETFramework,Version=v4.6.2, .NETFramework,Version=v4.7, .NETFramework,Version=v4.7.1, .NETFramework,Version=v4.7.2, .NETFramework,Version=v4.8, .NETFramework,Version=v4.8.1' instead of the project target framework 'net8.0'. This package may not be fully compatible with your project. [C:\Users\ultra\warewolf\Dev\Warewolf.Core.Tests\Warewolf.Core.Tests.csproj]
C:\Users\ultra\warewolf\Dev\Warewolf.Common.NetStandard20\Warewolf.Common.NetStandard20.csproj : warning NU1701: Package 'AeroWizard 2.3.1' was restored using '.NETFramework,Version=v4.6.1, .NETFramework,Version=v4.6.2, .NETFramework,Version=v4.7, .NETFramework,Version=v4.7.1, .NETFramework,Version=v4.7.2, .NETFramework,Version=v4.8, .NETFramework,Version=v4.8.1' instead of the project target framework 'net8.0'. This package may not be fully compatible with your project. [C:\Users\ultra\warewolf\Dev\Warewolf.Core.Tests\Warewolf.Core.Tests.csproj]
C:\Users\ultra\warewolf\Dev\Warewolf.Common.NetStandard20\Warewolf.Common.NetStandard20.csproj : warning NU1701: Package 'GroupControls 1.9.0' was restored using '.NETFramework,Version=v4.6.1, .NETFramework,Version=v4.6.2, .NETFramework,Version=v4.7, .NETFramework,Version=v4.7.1, .NETFramework,Version=v4.7.2, .NETFramework,Version=v4.8, .NETFramework,Version=v4.8.1' instead of the project target framework 'net8.0'. This package may not be fully compatible with your project. [C:\Users\ultra\warewolf\Dev\Warewolf.Core.Tests\Warewolf.Core.Tests.csproj]
C:\Users\ultra\warewolf\Dev\Warewolf.Common.NetStandard20\Warewolf.Common.NetStandard20.csproj : warning NU1701: Package 'ReactiveUI.WPF 18.4.1' was restored using '.NETFramework,Version=v4.6.1, .NETFramework,Version=v4.6.2, .NETFramework,Version=v4.7, .NETFramework,Version=v4.7.1, .NETFramework,Version=v4.7.2, .NETFramework,Version=v4.8, .NETFramework,Version=v4.8.1' instead of the project target framework 'net8.0'. This package may not be fully compatible with your project. [C:\Users\ultra\warewolf\Dev\Warewolf.Core.Tests\Warewolf.Core.Tests.csproj]
C:\Users\ultra\warewolf\Dev\Warewolf.Common.NetStandard20\Warewolf.Common.NetStandard20.csproj : warning NU1701: Package 'TaskSchedulerEditor 2.10.1' was restored using '.NETFramework,Version=v4.6.1, .NETFramework,Version=v4.6.2, .NETFramework,Version=v4.7, .NETFramework,Version=v4.7.1, .NETFramework,Version=v4.7.2, .NETFramework,Version=v4.8, .NETFramework,Version=v4.8.1' instead of the project target framework 'net8.0'. This package may not be fully compatible with your project. [C:\Users\ultra\warewolf\Dev\Warewolf.Core.Tests\Warewolf.Core.Tests.csproj]
C:\Users\ultra\warewolf\Dev\Dev2.Runtime.Services\Dev2.Runtime.Services.csproj : warning NU1902: Package 'MessagePack' 2.4.59 has a known moderate severity vulnerability, https://github.com/advisories/GHSA-4qm4-8hg2-g2xm [C:\Users\ultra\warewolf\Dev\Warewolf.Core.Tests\Warewolf.Core.Tests.csproj]
C:\Users\ultra\warewolf\Dev\Dev2.Runtime.Services\Dev2.Runtime.Services.csproj : warning NU1903: Package 'Microsoft.Windows.Compatibility' 6.0.0 has a known high severity vulnerability, https://github.com/advisories/GHSA-555c-2p6r-68mm [C:\Users\ultra\warewolf\Dev\Warewolf.Core.Tests\Warewolf.Core.Tests.csproj]
C:\Users\ultra\warewolf\Dev\Dev2.Runtime.Services\Dev2.Runtime.Services.csproj : warning NU1701: Package 'AeroWizard 2.3.1' was restored using '.NETFramework,Version=v4.6.1, .NETFramework,Version=v4.6.2, .NETFramework,Version=v4.7, .NETFramework,Version=v4.7.1, .NETFramework,Version=v4.7.2, .NETFramework,Version=v4.8, .NETFramework,Version=v4.8.1' instead of the project target framework 'net8.0'. This package may not be fully compatible with your project. [C:\Users\ultra\warewolf\Dev\Warewolf.Core.Tests\Warewolf.Core.Tests.csproj]
C:\Users\ultra\warewolf\Dev\Dev2.Runtime.Services\Dev2.Runtime.Services.csproj : warning NU1701: Package 'GroupControls 1.9.0' was restored using '.NETFramework,Version=v4.6.1, .NETFramework,Version=v4.6.2, .NETFramework,Version=v4.7, .NETFramework,Version=v4.7.1, .NETFramework,Version=v4.7.2, .NETFramework,Version=v4.8, .NETFramework,Version=v4.8.1' instead of the project target framework 'net8.0'. This package may not be fully compatible with your project. [C:\Users\ultra\warewolf\Dev\Warewolf.Core.Tests\Warewolf.Core.Tests.csproj]
C:\Users\ultra\warewolf\Dev\Dev2.Runtime.Services\Dev2.Runtime.Services.csproj : warning NU1701: Package 'ReactiveUI.WPF 18.4.1' was restored using '.NETFramework,Version=v4.6.1, .NETFramework,Version=v4.6.2, .NETFramework,Version=v4.7, .NETFramework,Version=v4.7.1, .NETFramework,Version=v4.7.2, .NETFramework,Version=v4.8, .NETFramework,Version=v4.8.1' instead of the project target framework 'net8.0'. This package may not be fully compatible with your project. [C:\Users\ultra\warewolf\Dev\Warewolf.Core.Tests\Warewolf.Core.Tests.csproj]
C:\Users\ultra\warewolf\Dev\Dev2.Runtime.Services\Dev2.Runtime.Services.csproj : warning NU1701: Package 'TaskSchedulerEditor 2.10.1' was restored using '.NETFramework,Version=v4.6.1, .NETFramework,Version=v4.6.2, .NETFramework,Version=v4.7, .NETFramework,Version=v4.7.1, .NETFramework,Version=v4.7.2, .NETFramework,Version=v4.8, .NETFramework,Version=v4.8.1' instead of the project target framework 'net8.0'. This package may not be fully compatible with your project. [C:\Users\ultra\warewolf\Dev\Warewolf.Core.Tests\Warewolf.Core.Tests.csproj]
  All projects are up-to-date for restore.
C:\Users\ultra\warewolf\Dev\Warewolf.Core.Tests\Warewolf.Core.Tests.csproj : warning NU1701: Package 'AeroWizard 2.3.1' was restored using '.NETFramework,Version=v4.6.1, .NETFramework,Version=v4.6.2, .NETFramework,Version=v4.7, .NETFramework,Version=v4.7.1, .NETFramework,Version=v4.7.2, .NETFramework,Version=v4.8, .NETFramework,Version=v4.8.1' instead of the project target framework 'net8.0'. This package may not be fully compatible with your project.
C:\Users\ultra\warewolf\Dev\Warewolf.Core.Tests\Warewolf.Core.Tests.csproj : warning NU1701: Package 'GroupControls 1.9.0' was restored using '.NETFramework,Version=v4.6.1, .NETFramework,Version=v4.6.2, .NETFramework,Version=v4.7, .NETFramework,Version=v4.7.1, .NETFramework,Version=v4.7.2, .NETFramework,Version=v4.8, .NETFramework,Version=v4.8.1' instead of the project target framework 'net8.0'. This package may not be fully compatible with your project.
C:\Users\ultra\warewolf\Dev\Warewolf.Core.Tests\Warewolf.Core.Tests.csproj : warning NU1701: Package 'Microsoft.Xaml.Behaviors.Wpf 1.1.122' was restored using '.NETFramework,Version=v4.6.1, .NETFramework,Version=v4.6.2, .NETFramework,Version=v4.7, .NETFramework,Version=v4.7.1, .NETFramework,Version=v4.7.2, .NETFramework,Version=v4.8, .NETFramework,Version=v4.8.1' instead of the project target framework 'net8.0'. This package may not be fully compatible with your project.
C:\Users\ultra\warewolf\Dev\Warewolf.Core.Tests\Warewolf.Core.Tests.csproj : warning NU1701: Package 'Prism.Wpf 9.0.537' was restored using '.NETFramework,Version=v4.6.1, .NETFramework,Version=v4.6.2, .NETFramework,Version=v4.7, .NETFramework,Version=v4.7.1, .NETFramework,Version=v4.7.2, .NETFramework,Version=v4.8, .NETFramework,Version=v4.8.1' instead of the project target framework 'net8.0'. This package may not be fully compatible with your project.
C:\Users\ultra\warewolf\Dev\Warewolf.Core.Tests\Warewolf.Core.Tests.csproj : warning NU1701: Package 'ReactiveUI.WPF 18.4.1' was restored using '.NETFramework,Version=v4.6.1, .NETFramework,Version=v4.6.2, .NETFramework,Version=v4.7, .NETFramework,Version=v4.7.1, .NETFramework,Version=v4.7.2, .NETFramework,Version=v4.8, .NETFramework,Version=v4.8.1' instead of the project target framework 'net8.0'. This package may not be fully compatible with your project.
C:\Users\ultra\warewolf\Dev\Warewolf.Core.Tests\Warewolf.Core.Tests.csproj : warning NU1701: Package 'TaskSchedulerEditor 2.10.1' was restored using '.NETFramework,Version=v4.6.1, .NETFramework,Version=v4.6.2, .NETFramework,Version=v4.7, .NETFramework,Version=v4.7.1, .NETFramework,Version=v4.7.2, .NETFramework,Version=v4.8, .NETFramework,Version=v4.8.1' instead of the project target framework 'net8.0'. This package may not be fully compatible with your project.
C:\Users\ultra\warewolf\Dev\Dev2.Common\Dev2.Common.csproj : warning NU1903: Package 'Microsoft.Windows.Compatibility' 6.0.0 has a known high severity vulnerability, https://github.com/advisories/GHSA-555c-2p6r-68mm
C:\Users\ultra\warewolf\Dev\Dev2.Common\Dev2.Common.csproj : warning NU1701: Package 'AeroWizard 2.3.1' was restored using '.NETFramework,Version=v4.6.1, .NETFramework,Version=v4.6.2, .NETFramework,Version=v4.7, .NETFramework,Version=v4.7.1, .NETFramework,Version=v4.7.2, .NETFramework,Version=v4.8, .NETFramework,Version=v4.8.1' instead of the project target framework 'net8.0'. This package may not be fully compatible with your project.
C:\Users\ultra\warewolf\Dev\Dev2.Common\Dev2.Common.csproj : warning NU1701: Package 'GroupControls 1.9.0' was restored using '.NETFramework,Version=v4.6.1, .NETFramework,Version=v4.6.2, .NETFramework,Version=v4.7, .NETFramework,Version=v4.7.1, .NETFramework,Version=v4.7.2, .NETFramework,Version=v4.8, .NETFramework,Version=v4.8.1' instead of the project target framework 'net8.0'. This package may not be fully compatible with your project.
C:\Users\ultra\warewolf\Dev\Dev2.Common\Dev2.Common.csproj : warning NU1701: Package 'TaskSchedulerEditor 2.10.1' was restored using '.NETFramework,Version=v4.6.1, .NETFramework,Version=v4.6.2, .NETFramework,Version=v4.7, .NETFramework,Version=v4.7.1, .NETFramework,Version=v4.7.2, .NETFramework,Version=v4.8, .NETFramework,Version=v4.8.1' instead of the project target framework 'net8.0'. This package may not be fully compatible with your project.
C:\Users\ultra\warewolf\Dev\Warewolf.Testing\Warewolf.Testing.csproj : warning NU1701: Package 'AeroWizard 2.3.1' was restored using '.NETFramework,Version=v4.6.1, .NETFramework,Version=v4.6.2, .NETFramework,Version=v4.7, .NETFramework,Version=v4.7.1, .NETFramework,Version=v4.7.2, .NETFramework,Version=v4.8, .NETFramework,Version=v4.8.1' instead of the project target framework 'net8.0'. This package may not be fully compatible with your project.
C:\Users\ultra\warewolf\Dev\Warewolf.Testing\Warewolf.Testing.csproj : warning NU1701: Package 'GroupControls 1.9.0' was restored using '.NETFramework,Version=v4.6.1, .NETFramework,Version=v4.6.2, .NETFramework,Version=v4.7, .NETFramework,Version=v4.7.1, .NETFramework,Version=v4.7.2, .NETFramework,Version=v4.8, .NETFramework,Version=v4.8.1' instead of the project target framework 'net8.0'. This package may not be fully compatible with your project.
C:\Program Files\dotnet\sdk\10.0.201\Sdks\Microsoft.NET.Sdk\targets\Microsoft.NET.Sdk.DefaultItems.targets(162,5): warning NETSDK1137: It is no longer necessary to use the Microsoft.NET.Sdk.WindowsDesktop SDK. Consider changing the Sdk attribute of the root Project element to 'Microsoft.NET.Sdk'. [C:\Users\ultra\warewolf\Dev\Dev2.CustomControls\Dev2.CustomControls.csproj]
C:\Users\ultra\warewolf\Dev\Warewolf.Testing\Warewolf.Testing.csproj : warning NU1701: Package 'Microsoft.Xaml.Behaviors.Wpf 1.1.122' was restored using '.NETFramework,Version=v4.6.1, .NETFramework,Version=v4.6.2, .NETFramework,Version=v4.7, .NETFramework,Version=v4.7.1, .NETFramework,Version=v4.7.2, .NETFramework,Version=v4.8, .NETFramework,Version=v4.8.1' instead of the project target framework 'net8.0'. This package may not be fully compatible with your project.
C:\Users\ultra\warewolf\Dev\Warewolf.Testing\Warewolf.Testing.csproj : warning NU1701: Package 'Prism.Wpf 9.0.537' was restored using '.NETFramework,Version=v4.6.1, .NETFramework,Version=v4.6.2, .NETFramework,Version=v4.7, .NETFramework,Version=v4.7.1, .NETFramework,Version=v4.7.2, .NETFramework,Version=v4.8, .NETFramework,Version=v4.8.1' instead of the project target framework 'net8.0'. This package may not be fully compatible with your project.
C:\Program Files\dotnet\sdk\10.0.201\Sdks\Microsoft.NET.Sdk.WindowsDesktop\targets\Microsoft.NET.Sdk.WindowsDesktop.targets(138,5): warning NETSDK1106: Microsoft.NET.Sdk.WindowsDesktop requires 'UseWpf' or 'UseWindowsForms' to be set to 'true' [C:\Users\ultra\warewolf\Dev\Dev2.CustomControls\Dev2.CustomControls.csproj]
C:\Users\ultra\warewolf\Dev\Warewolf.Testing\Warewolf.Testing.csproj : warning NU1701: Package 'ReactiveUI.WPF 18.4.1' was restored using '.NETFramework,Version=v4.6.1, .NETFramework,Version=v4.6.2, .NETFramework,Version=v4.7, .NETFramework,Version=v4.7.1, .NETFramework,Version=v4.7.2, .NETFramework,Version=v4.8, .NETFramework,Version=v4.8.1' instead of the project target framework 'net8.0'. This package may not be fully compatible with your project.
C:\Users\ultra\warewolf\Dev\Warewolf.Testing\Warewolf.Testing.csproj : warning NU1701: Package 'TaskSchedulerEditor 2.10.1' was restored using '.NETFramework,Version=v4.6.1, .NETFramework,Version=v4.6.2, .NETFramework,Version=v4.7, .NETFramework,Version=v4.7.1, .NETFramework,Version=v4.7.2, .NETFramework,Version=v4.8, .NETFramework,Version=v4.8.1' instead of the project target framework 'net8.0'. This package may not be fully compatible with your project.
C:\Users\ultra\warewolf\Dev\Dev2.Infrastructure\Dev2.Infrastructure.csproj : warning NU1903: Package 'Microsoft.Windows.Compatibility' 6.0.0 has a known high severity vulnerability, https://github.com/advisories/GHSA-555c-2p6r-68mm
C:\Users\ultra\warewolf\Dev\Dev2.Infrastructure\Dev2.Infrastructure.csproj : warning NU1701: Package 'AeroWizard 2.3.1' was restored using '.NETFramework,Version=v4.6.1, .NETFramework,Version=v4.6.2, .NETFramework,Version=v4.7, .NETFramework,Version=v4.7.1, .NETFramework,Version=v4.7.2, .NETFramework,Version=v4.8, .NETFramework,Version=v4.8.1' instead of the project target framework 'net8.0'. This package may not be fully compatible with your project.
C:\Users\ultra\warewolf\Dev\Dev2.Infrastructure\Dev2.Infrastructure.csproj : warning NU1701: Package 'GroupControls 1.9.0' was restored using '.NETFramework,Version=v4.6.1, .NETFramework,Version=v4.6.2, .NETFramework,Version=v4.7, .NETFramework,Version=v4.7.1, .NETFramework,Version=v4.7.2, .NETFramework,Version=v4.8, .NETFramework,Version=v4.8.1' instead of the project target framework 'net8.0'. This package may not be fully compatible with your project.
C:\Users\ultra\warewolf\Dev\Dev2.Data\Dev2.Data.csproj : warning NU1701: Package 'AeroWizard 2.3.1' was restored using '.NETFramework,Version=v4.6.1, .NETFramework,Version=v4.6.2, .NETFramework,Version=v4.7, .NETFramework,Version=v4.7.1, .NETFramework,Version=v4.7.2, .NETFramework,Version=v4.8, .NETFramework,Version=v4.8.1' instead of the project target framework 'net8.0'. This package may not be fully compatible with your project.
C:\Users\ultra\warewolf\Dev\Dev2.Infrastructure\Dev2.Infrastructure.csproj : warning NU1701: Package 'ReactiveUI.WPF 18.4.1' was restored using '.NETFramework,Version=v4.6.1, .NETFramework,Version=v4.6.2, .NETFramework,Version=v4.7, .NETFramework,Version=v4.7.1, .NETFramework,Version=v4.7.2, .NETFramework,Version=v4.8, .NETFramework,Version=v4.8.1' instead of the project target framework 'net8.0'. This package may not be fully compatible with your project.
C:\Users\ultra\warewolf\Dev\Dev2.Data\Dev2.Data.csproj : warning NU1701: Package 'GroupControls 1.9.0' was restored using '.NETFramework,Version=v4.6.1, .NETFramework,Version=v4.6.2, .NETFramework,Version=v4.7, .NETFramework,Version=v4.7.1, .NETFramework,Version=v4.7.2, .NETFramework,Version=v4.8, .NETFramework,Version=v4.8.1' instead of the project target framework 'net8.0'. This package may not be fully compatible with your project.
C:\Users\ultra\warewolf\Dev\Dev2.Infrastructure\Dev2.Infrastructure.csproj : warning NU1701: Package 'TaskSchedulerEditor 2.10.1' was restored using '.NETFramework,Version=v4.6.1, .NETFramework,Version=v4.6.2, .NETFramework,Version=v4.7, .NETFramework,Version=v4.7.1, .NETFramework,Version=v4.7.2, .NETFramework,Version=v4.8, .NETFramework,Version=v4.8.1' instead of the project target framework 'net8.0'. This package may not be fully compatible with your project.
C:\Users\ultra\warewolf\Dev\Dev2.Data\Dev2.Data.csproj : warning NU1701: Package 'ReactiveUI.WPF 18.4.1' was restored using '.NETFramework,Version=v4.6.1, .NETFramework,Version=v4.6.2, .NETFramework,Version=v4.7, .NETFramework,Version=v4.7.1, .NETFramework,Version=v4.7.2, .NETFramework,Version=v4.8, .NETFramework,Version=v4.8.1' instead of the project target framework 'net8.0'. This package may not be fully compatible with your project.
C:\Users\ultra\warewolf\Dev\Dev2.Data\Dev2.Data.csproj : warning NU1701: Package 'TaskSchedulerEditor 2.10.1' was restored using '.NETFramework,Version=v4.6.1, .NETFramework,Version=v4.6.2, .NETFramework,Version=v4.7, .NETFramework,Version=v4.7.1, .NETFramework,Version=v4.7.2, .NETFramework,Version=v4.8, .NETFramework,Version=v4.8.1' instead of the project target framework 'net8.0'. This package may not be fully compatible with your project.
C:\Users\ultra\warewolf\Dev\Dev2.Core\Dev2.Core.csproj : warning NU1903: Package 'Microsoft.Windows.Compatibility' 6.0.0 has a known high severity vulnerability, https://github.com/advisories/GHSA-555c-2p6r-68mm
C:\Users\ultra\warewolf\Dev\Dev2.Core\Dev2.Core.csproj : warning NU1701: Package 'AeroWizard 2.3.1' was restored using '.NETFramework,Version=v4.6.1, .NETFramework,Version=v4.6.2, .NETFramework,Version=v4.7, .NETFramework,Version=v4.7.1, .NETFramework,Version=v4.7.2, .NETFramework,Version=v4.8, .NETFramework,Version=v4.8.1' instead of the project target framework 'net8.0'. This package may not be fully compatible with your project.
C:\Users\ultra\warewolf\Dev\Dev2.Core\Dev2.Core.csproj : warning NU1701: Package 'GroupControls 1.9.0' was restored using '.NETFramework,Version=v4.6.1, .NETFramework,Version=v4.6.2, .NETFramework,Version=v4.7, .NETFramework,Version=v4.7.1, .NETFramework,Version=v4.7.2, .NETFramework,Version=v4.8, .NETFramework,Version=v4.8.1' instead of the project target framework 'net8.0'. This package may not be fully compatible with your project.
C:\Users\ultra\warewolf\Dev\Dev2.Core\Dev2.Core.csproj : warning NU1701: Package 'ReactiveUI.WPF 18.4.1' was restored using '.NETFramework,Version=v4.6.1, .NETFramework,Version=v4.6.2, .NETFramework,Version=v4.7, .NETFramework,Version=v4.7.1, .NETFramework,Version=v4.7.2, .NETFramework,Version=v4.8, .NETFramework,Version=v4.8.1' instead of the project target framework 'net8.0'. This package may not be fully compatible with your project.
C:\Users\ultra\warewolf\Dev\Dev2.Core\Dev2.Core.csproj : warning NU1701: Package 'TaskSchedulerEditor 2.10.1' was restored using '.NETFramework,Version=v4.6.1, .NETFramework,Version=v4.6.2, .NETFramework,Version=v4.7, .NETFramework,Version=v4.7.1, .NETFramework,Version=v4.7.2, .NETFramework,Version=v4.8, .NETFramework,Version=v4.8.1' instead of the project target framework 'net8.0'. This package may not be fully compatible with your project.
C:\Users\ultra\warewolf\Dev\Dev2.CustomControls\Dev2.CustomControls.csproj : warning NU1903: Package 'Microsoft.Windows.Compatibility' 6.0.0 has a known high severity vulnerability, https://github.com/advisories/GHSA-555c-2p6r-68mm
C:\Users\ultra\warewolf\Dev\Dev2.CustomControls\Dev2.CustomControls.csproj : warning NU1701: Package 'AeroWizard 2.3.1' was restored using '.NETFramework,Version=v4.6.1, .NETFramework,Version=v4.6.2, .NETFramework,Version=v4.7, .NETFramework,Version=v4.7.1, .NETFramework,Version=v4.7.2, .NETFramework,Version=v4.8, .NETFramework,Version=v4.8.1' instead of the project target framework 'net8.0'. This package may not be fully compatible with your project.
C:\Users\ultra\warewolf\Dev\Dev2.CustomControls\Dev2.CustomControls.csproj : warning NU1701: Package 'GroupControls 1.9.0' was restored using '.NETFramework,Version=v4.6.1, .NETFramework,Version=v4.6.2, .NETFramework,Version=v4.7, .NETFramework,Version=v4.7.1, .NETFramework,Version=v4.7.2, .NETFramework,Version=v4.8, .NETFramework,Version=v4.8.1' instead of the project target framework 'net8.0'. This package may not be fully compatible with your project.
C:\Users\ultra\warewolf\Dev\Dev2.CustomControls\Dev2.CustomControls.csproj : warning NU1701: Package 'TaskSchedulerEditor 2.10.1' was restored using '.NETFramework,Version=v4.6.1, .NETFramework,Version=v4.6.2, .NETFramework,Version=v4.7, .NETFramework,Version=v4.7.1, .NETFramework,Version=v4.7.2, .NETFramework,Version=v4.8, .NETFramework,Version=v4.8.1' instead of the project target framework 'net8.0'. This package may not be fully compatible with your project.
C:\Users\ultra\warewolf\Dev\Dev2.Data.Interfaces\Dev2.Data.Interfaces.csproj : warning NU1903: Package 'DotNetZip' 1.16.0 has a known high severity vulnerability, https://github.com/advisories/GHSA-xhg6-9j5j-w4vf
C:\Users\ultra\warewolf\Dev\Dev2.Data.Interfaces\Dev2.Data.Interfaces.csproj : warning NU1701: Package 'AeroWizard 2.3.1' was restored using '.NETFramework,Version=v4.6.1, .NETFramework,Version=v4.6.2, .NETFramework,Version=v4.7, .NETFramework,Version=v4.7.1, .NETFramework,Version=v4.7.2, .NETFramework,Version=v4.8, .NETFramework,Version=v4.8.1' instead of the project target framework 'net8.0'. This package may not be fully compatible with your project.
C:\Users\ultra\warewolf\Dev\Dev2.Data.Interfaces\Dev2.Data.Interfaces.csproj : warning NU1701: Package 'GroupControls 1.9.0' was restored using '.NETFramework,Version=v4.6.1, .NETFramework,Version=v4.6.2, .NETFramework,Version=v4.7, .NETFramework,Version=v4.7.1, .NETFramework,Version=v4.7.2, .NETFramework,Version=v4.8, .NETFramework,Version=v4.8.1' instead of the project target framework 'net8.0'. This package may not be fully compatible with your project.
C:\Users\ultra\warewolf\Dev\Dev2.Data.Interfaces\Dev2.Data.Interfaces.csproj : warning NU1701: Package 'TaskSchedulerEditor 2.10.1' was restored using '.NETFramework,Version=v4.6.1, .NETFramework,Version=v4.6.2, .NETFramework,Version=v4.7, .NETFramework,Version=v4.7.1, .NETFramework,Version=v4.7.2, .NETFramework,Version=v4.8, .NETFramework,Version=v4.8.1' instead of the project target framework 'net8.0'. This package may not be fully compatible with your project.
C:\Users\ultra\warewolf\Dev\Dev2.Common.Interfaces\Dev2.Common.Interfaces.csproj : warning NU1903: Package 'Microsoft.Windows.Compatibility' 6.0.0 has a known high severity vulnerability, https://github.com/advisories/GHSA-555c-2p6r-68mm
C:\Users\ultra\warewolf\Dev\Dev2.Common.Interfaces\Dev2.Common.Interfaces.csproj : warning NU1701: Package 'AeroWizard 2.3.1' was restored using '.NETFramework,Version=v4.6.1, .NETFramework,Version=v4.6.2, .NETFramework,Version=v4.7, .NETFramework,Version=v4.7.1, .NETFramework,Version=v4.7.2, .NETFramework,Version=v4.8, .NETFramework,Version=v4.8.1' instead of the project target framework 'net8.0'. This package may not be fully compatible with your project.
C:\Users\ultra\warewolf\Dev\Dev2.Common.Interfaces\Dev2.Common.Interfaces.csproj : warning NU1701: Package 'GroupControls 1.9.0' was restored using '.NETFramework,Version=v4.6.1, .NETFramework,Version=v4.6.2, .NETFramework,Version=v4.7, .NETFramework,Version=v4.7.1, .NETFramework,Version=v4.7.2, .NETFramework,Version=v4.8, .NETFramework,Version=v4.8.1' instead of the project target framework 'net8.0'. This package may not be fully compatible with your project.
C:\Users\ultra\warewolf\Dev\Dev2.Common.Interfaces\Dev2.Common.Interfaces.csproj : warning NU1701: Package 'TaskSchedulerEditor 2.10.1' was restored using '.NETFramework,Version=v4.6.1, .NETFramework,Version=v4.6.2, .NETFramework,Version=v4.7, .NETFramework,Version=v4.7.1, .NETFramework,Version=v4.7.2, .NETFramework,Version=v4.8, .NETFramework,Version=v4.8.1' instead of the project target framework 'net8.0'. This package may not be fully compatible with your project.
C:\Users\ultra\warewolf\Dev\Warewolf.Core\Warewolf.Core.csproj : warning NU1903: Package 'Microsoft.Windows.Compatibility' 6.0.0 has a known high severity vulnerability, https://github.com/advisories/GHSA-555c-2p6r-68mm
C:\Users\ultra\warewolf\Dev\Warewolf.Core\Warewolf.Core.csproj : warning NU1701: Package 'AeroWizard 2.3.1' was restored using '.NETFramework,Version=v4.6.1, .NETFramework,Version=v4.6.2, .NETFramework,Version=v4.7, .NETFramework,Version=v4.7.1, .NETFramework,Version=v4.7.2, .NETFramework,Version=v4.8, .NETFramework,Version=v4.8.1' instead of the project target framework 'net8.0'. This package may not be fully compatible with your project.
C:\Users\ultra\warewolf\Dev\Warewolf.Core\Warewolf.Core.csproj : warning NU1701: Package 'GroupControls 1.9.0' was restored using '.NETFramework,Version=v4.6.1, .NETFramework,Version=v4.6.2, .NETFramework,Version=v4.7, .NETFramework,Version=v4.7.1, .NETFramework,Version=v4.7.2, .NETFramework,Version=v4.8, .NETFramework,Version=v4.8.1' instead of the project target framework 'net8.0'. This package may not be fully compatible with your project.
C:\Users\ultra\warewolf\Dev\Warewolf.Core\Warewolf.Core.csproj : warning NU1701: Package 'ReactiveUI.WPF 18.4.1' was restored using '.NETFramework,Version=v4.6.1, .NETFramework,Version=v4.6.2, .NETFramework,Version=v4.7, .NETFramework,Version=v4.7.1, .NETFramework,Version=v4.7.2, .NETFramework,Version=v4.8, .NETFramework,Version=v4.8.1' instead of the project target framework 'net8.0'. This package may not be fully compatible with your project.
C:\Users\ultra\warewolf\Dev\Dev2.Diagnostics\Dev2.Diagnostics.csproj : warning NU1701: Package 'AeroWizard 2.3.1' was restored using '.NETFramework,Version=v4.6.1, .NETFramework,Version=v4.6.2, .NETFramework,Version=v4.7, .NETFramework,Version=v4.7.1, .NETFramework,Version=v4.7.2, .NETFramework,Version=v4.8, .NETFramework,Version=v4.8.1' instead of the project target framework 'net8.0'. This package may not be fully compatible with your project.
C:\Users\ultra\warewolf\Dev\Warewolf.Core\Warewolf.Core.csproj : warning NU1701: Package 'TaskSchedulerEditor 2.10.1' was restored using '.NETFramework,Version=v4.6.1, .NETFramework,Version=v4.6.2, .NETFramework,Version=v4.7, .NETFramework,Version=v4.7.1, .NETFramework,Version=v4.7.2, .NETFramework,Version=v4.8, .NETFramework,Version=v4.8.1' instead of the project target framework 'net8.0'. This package may not be fully compatible with your project.
C:\Users\ultra\warewolf\Dev\Dev2.Diagnostics\Dev2.Diagnostics.csproj : warning NU1701: Package 'GroupControls 1.9.0' was restored using '.NETFramework,Version=v4.6.1, .NETFramework,Version=v4.6.2, .NETFramework,Version=v4.7, .NETFramework,Version=v4.7.1, .NETFramework,Version=v4.7.2, .NETFramework,Version=v4.8, .NETFramework,Version=v4.8.1' instead of the project target framework 'net8.0'. This package may not be fully compatible with your project.
C:\Users\ultra\warewolf\Dev\Dev2.Diagnostics\Dev2.Diagnostics.csproj : warning NU1701: Package 'TaskSchedulerEditor 2.10.1' was restored using '.NETFramework,Version=v4.6.1, .NETFramework,Version=v4.6.2, .NETFramework,Version=v4.7, .NETFramework,Version=v4.7.1, .NETFramework,Version=v4.7.2, .NETFramework,Version=v4.8, .NETFramework,Version=v4.8.1' instead of the project target framework 'net8.0'. This package may not be fully compatible with your project.
C:\Users\ultra\warewolf\Dev\Dev2.Services.Sql\Dev2.Services.Sql.csproj : warning NU1903: Package 'Oracle.ManagedDataAccess.Core' 3.21.70 has a known high severity vulnerability, https://github.com/advisories/GHSA-5pm2-9mr2-3frq
C:\Users\ultra\warewolf\Dev\Dev2.Services.Sql\Dev2.Services.Sql.csproj : warning NU1701: Package 'AeroWizard 2.3.1' was restored using '.NETFramework,Version=v4.6.1, .NETFramework,Version=v4.6.2, .NETFramework,Version=v4.7, .NETFramework,Version=v4.7.1, .NETFramework,Version=v4.7.2, .NETFramework,Version=v4.8, .NETFramework,Version=v4.8.1' instead of the project target framework 'net8.0'. This package may not be fully compatible with your project.
C:\Users\ultra\warewolf\Dev\Dev2.Services.Sql\Dev2.Services.Sql.csproj : warning NU1701: Package 'GroupControls 1.9.0' was restored using '.NETFramework,Version=v4.6.1, .NETFramework,Version=v4.6.2, .NETFramework,Version=v4.7, .NETFramework,Version=v4.7.1, .NETFramework,Version=v4.7.2, .NETFramework,Version=v4.8, .NETFramework,Version=v4.8.1' instead of the project target framework 'net8.0'. This package may not be fully compatible with your project.
C:\Users\ultra\warewolf\Dev\Dev2.Services.Sql\Dev2.Services.Sql.csproj : warning NU1701: Package 'ReactiveUI.WPF 18.4.1' was restored using '.NETFramework,Version=v4.6.1, .NETFramework,Version=v4.6.2, .NETFramework,Version=v4.7, .NETFramework,Version=v4.7.1, .NETFramework,Version=v4.7.2, .NETFramework,Version=v4.8, .NETFramework,Version=v4.8.1' instead of the project target framework 'net8.0'. This package may not be fully compatible with your project.
C:\Users\ultra\warewolf\Dev\Dev2.Services.Sql\Dev2.Services.Sql.csproj : warning NU1701: Package 'TaskSchedulerEditor 2.10.1' was restored using '.NETFramework,Version=v4.6.1, .NETFramework,Version=v4.6.2, .NETFramework,Version=v4.7, .NETFramework,Version=v4.7.1, .NETFramework,Version=v4.7.2, .NETFramework,Version=v4.8, .NETFramework,Version=v4.8.1' instead of the project target framework 'net8.0'. This package may not be fully compatible with your project.
C:\Users\ultra\warewolf\Dev\Warewolf.Licensing\Warewolf.Licensing.csproj : warning NU1701: Package 'AeroWizard 2.3.1' was restored using '.NETFramework,Version=v4.6.1, .NETFramework,Version=v4.6.2, .NETFramework,Version=v4.7, .NETFramework,Version=v4.7.1, .NETFramework,Version=v4.7.2, .NETFramework,Version=v4.8, .NETFramework,Version=v4.8.1' instead of the project target framework 'net8.0'. This package may not be fully compatible with your project.
C:\Users\ultra\warewolf\Dev\Warewolf.Licensing\Warewolf.Licensing.csproj : warning NU1701: Package 'GroupControls 1.9.0' was restored using '.NETFramework,Version=v4.6.1, .NETFramework,Version=v4.6.2, .NETFramework,Version=v4.7, .NETFramework,Version=v4.7.1, .NETFramework,Version=v4.7.2, .NETFramework,Version=v4.8, .NETFramework,Version=v4.8.1' instead of the project target framework 'net8.0'. This package may not be fully compatible with your project.
C:\Users\ultra\warewolf\Dev\Warewolf.Licensing\Warewolf.Licensing.csproj : warning NU1701: Package 'TaskSchedulerEditor 2.10.1' was restored using '.NETFramework,Version=v4.6.1, .NETFramework,Version=v4.6.2, .NETFramework,Version=v4.7, .NETFramework,Version=v4.7.1, .NETFramework,Version=v4.7.2, .NETFramework,Version=v4.8, .NETFramework,Version=v4.8.1' instead of the project target framework 'net8.0'. This package may not be fully compatible with your project.
C:\Users\ultra\warewolf\Dev\Warewolf.Data\Warewolf.Data.csproj : warning NU1701: Package 'AeroWizard 2.3.1' was restored using '.NETFramework,Version=v4.6.1, .NETFramework,Version=v4.6.2, .NETFramework,Version=v4.7, .NETFramework,Version=v4.7.1, .NETFramework,Version=v4.7.2, .NETFramework,Version=v4.8, .NETFramework,Version=v4.8.1' instead of the project target framework 'net8.0'. This package may not be fully compatible with your project.
C:\Users\ultra\warewolf\Dev\Warewolf.Data\Warewolf.Data.csproj : warning NU1701: Package 'GroupControls 1.9.0' was restored using '.NETFramework,Version=v4.6.1, .NETFramework,Version=v4.6.2, .NETFramework,Version=v4.7, .NETFramework,Version=v4.7.1, .NETFramework,Version=v4.7.2, .NETFramework,Version=v4.8, .NETFramework,Version=v4.8.1' instead of the project target framework 'net8.0'. This package may not be fully compatible with your project.
C:\Users\ultra\warewolf\Dev\Warewolf.Data\Warewolf.Data.csproj : warning NU1701: Package 'TaskSchedulerEditor 2.10.1' was restored using '.NETFramework,Version=v4.6.1, .NETFramework,Version=v4.6.2, .NETFramework,Version=v4.7, .NETFramework,Version=v4.7.1, .NETFramework,Version=v4.7.2, .NETFramework,Version=v4.8, .NETFramework,Version=v4.8.1' instead of the project target framework 'net8.0'. This package may not be fully compatible with your project.
C:\Users\ultra\warewolf\Dev\Warewolf.Common\Warewolf.Common.csproj : warning NU1701: Package 'AeroWizard 2.3.1' was restored using '.NETFramework,Version=v4.6.1, .NETFramework,Version=v4.6.2, .NETFramework,Version=v4.7, .NETFramework,Version=v4.7.1, .NETFramework,Version=v4.7.2, .NETFramework,Version=v4.8, .NETFramework,Version=v4.8.1' instead of the project target framework 'net8.0'. This package may not be fully compatible with your project.
C:\Users\ultra\warewolf\Dev\Warewolf.Common\Warewolf.Common.csproj : warning NU1701: Package 'GroupControls 1.9.0' was restored using '.NETFramework,Version=v4.6.1, .NETFramework,Version=v4.6.2, .NETFramework,Version=v4.7, .NETFramework,Version=v4.7.1, .NETFramework,Version=v4.7.2, .NETFramework,Version=v4.8, .NETFramework,Version=v4.8.1' instead of the project target framework 'net8.0'. This package may not be fully compatible with your project.
C:\Users\ultra\warewolf\Dev\Dev2.Runtime.Configuration\Dev2.Runtime.Configuration.csproj : warning NU1903: Package 'Microsoft.Windows.Compatibility' 6.0.0 has a known high severity vulnerability, https://github.com/advisories/GHSA-555c-2p6r-68mm
C:\Users\ultra\warewolf\Dev\Warewolf.Common\Warewolf.Common.csproj : warning NU1701: Package 'TaskSchedulerEditor 2.10.1' was restored using '.NETFramework,Version=v4.6.1, .NETFramework,Version=v4.6.2, .NETFramework,Version=v4.7, .NETFramework,Version=v4.7.1, .NETFramework,Version=v4.7.2, .NETFramework,Version=v4.8, .NETFramework,Version=v4.8.1' instead of the project target framework 'net8.0'. This package may not be fully compatible with your project.
C:\Users\ultra\warewolf\Dev\Dev2.Runtime.Configuration\Dev2.Runtime.Configuration.csproj : warning NU1701: Package 'AeroWizard 2.3.1' was restored using '.NETFramework,Version=v4.6.1, .NETFramework,Version=v4.6.2, .NETFramework,Version=v4.7, .NETFramework,Version=v4.7.1, .NETFramework,Version=v4.7.2, .NETFramework,Version=v4.8, .NETFramework,Version=v4.8.1' instead of the project target framework 'net8.0'. This package may not be fully compatible with your project.
C:\Users\ultra\warewolf\Dev\Dev2.Runtime.Configuration\Dev2.Runtime.Configuration.csproj : warning NU1701: Package 'GroupControls 1.9.0' was restored using '.NETFramework,Version=v4.6.1, .NETFramework,Version=v4.6.2, .NETFramework,Version=v4.7, .NETFramework,Version=v4.7.1, .NETFramework,Version=v4.7.2, .NETFramework,Version=v4.8, .NETFramework,Version=v4.8.1' instead of the project target framework 'net8.0'. This package may not be fully compatible with your project.
C:\Users\ultra\warewolf\Dev\Dev2.Runtime.Configuration\Dev2.Runtime.Configuration.csproj : warning NU1701: Package 'TaskSchedulerEditor 2.10.1' was restored using '.NETFramework,Version=v4.6.1, .NETFramework,Version=v4.6.2, .NETFramework,Version=v4.7, .NETFramework,Version=v4.7.1, .NETFramework,Version=v4.7.2, .NETFramework,Version=v4.8, .NETFramework,Version=v4.8.1' instead of the project target framework 'net8.0'. This package may not be fully compatible with your project.
C:\Users\ultra\warewolf\Dev\Warewolf.Auditing\Warewolf.Auditing.csproj : warning NU1701: Package 'AeroWizard 2.3.1' was restored using '.NETFramework,Version=v4.6.1, .NETFramework,Version=v4.6.2, .NETFramework,Version=v4.7, .NETFramework,Version=v4.7.1, .NETFramework,Version=v4.7.2, .NETFramework,Version=v4.8, .NETFramework,Version=v4.8.1' instead of the project target framework 'net8.0'. This package may not be fully compatible with your project.
C:\Users\ultra\warewolf\Dev\Warewolf.Auditing\Warewolf.Auditing.csproj : warning NU1701: Package 'GroupControls 1.9.0' was restored using '.NETFramework,Version=v4.6.1, .NETFramework,Version=v4.6.2, .NETFramework,Version=v4.7, .NETFramework,Version=v4.7.1, .NETFramework,Version=v4.7.2, .NETFramework,Version=v4.8, .NETFramework,Version=v4.8.1' instead of the project target framework 'net8.0'. This package may not be fully compatible with your project.
C:\Users\ultra\warewolf\Dev\Warewolf.Auditing\Warewolf.Auditing.csproj : warning NU1701: Package 'ReactiveUI.WPF 18.4.1' was restored using '.NETFramework,Version=v4.6.1, .NETFramework,Version=v4.6.2, .NETFramework,Version=v4.7, .NETFramework,Version=v4.7.1, .NETFramework,Version=v4.7.2, .NETFramework,Version=v4.8, .NETFramework,Version=v4.8.1' instead of the project target framework 'net8.0'. This package may not be fully compatible with your project.
C:\Users\ultra\warewolf\Dev\Warewolf.Auditing\Warewolf.Auditing.csproj : warning NU1701: Package 'TaskSchedulerEditor 2.10.1' was restored using '.NETFramework,Version=v4.6.1, .NETFramework,Version=v4.6.2, .NETFramework,Version=v4.7, .NETFramework,Version=v4.7.1, .NETFramework,Version=v4.7.2, .NETFramework,Version=v4.8, .NETFramework,Version=v4.8.1' instead of the project target framework 'net8.0'. This package may not be fully compatible with your project.
C:\Users\ultra\warewolf\Dev\Dev2.Studio.Interfaces\Dev2.Studio.Interfaces.csproj : warning NU1701: Package 'AeroWizard 2.3.1' was restored using '.NETFramework,Version=v4.6.1, .NETFramework,Version=v4.6.2, .NETFramework,Version=v4.7, .NETFramework,Version=v4.7.1, .NETFramework,Version=v4.7.2, .NETFramework,Version=v4.8, .NETFramework,Version=v4.8.1' instead of the project target framework 'net8.0'. This package may not be fully compatible with your project.
C:\Users\ultra\warewolf\Dev\Dev2.Studio.Interfaces\Dev2.Studio.Interfaces.csproj : warning NU1701: Package 'GroupControls 1.9.0' was restored using '.NETFramework,Version=v4.6.1, .NETFramework,Version=v4.6.2, .NETFramework,Version=v4.7, .NETFramework,Version=v4.7.1, .NETFramework,Version=v4.7.2, .NETFramework,Version=v4.8, .NETFramework,Version=v4.8.1' instead of the project target framework 'net8.0'. This package may not be fully compatible with your project.
C:\Users\ultra\warewolf\Dev\Dev2.Studio.Interfaces\Dev2.Studio.Interfaces.csproj : warning NU1701: Package 'Microsoft.Xaml.Behaviors.Wpf 1.1.122' was restored using '.NETFramework,Version=v4.6.1, .NETFramework,Version=v4.6.2, .NETFramework,Version=v4.7, .NETFramework,Version=v4.7.1, .NETFramework,Version=v4.7.2, .NETFramework,Version=v4.8, .NETFramework,Version=v4.8.1' instead of the project target framework 'net8.0'. This package may not be fully compatible with your project.
C:\Users\ultra\warewolf\Dev\Dev2.Studio.Interfaces\Dev2.Studio.Interfaces.csproj : warning NU1701: Package 'Prism.Wpf 9.0.537' was restored using '.NETFramework,Version=v4.6.1, .NETFramework,Version=v4.6.2, .NETFramework,Version=v4.7, .NETFramework,Version=v4.7.1, .NETFramework,Version=v4.7.2, .NETFramework,Version=v4.8, .NETFramework,Version=v4.8.1' instead of the project target framework 'net8.0'. This package may not be fully compatible with your project.
C:\Users\ultra\warewolf\Dev\Dev2.Studio.Interfaces\Dev2.Studio.Interfaces.csproj : warning NU1701: Package 'ReactiveUI.WPF 18.4.1' was restored using '.NETFramework,Version=v4.6.1, .NETFramework,Version=v4.6.2, .NETFramework,Version=v4.7, .NETFramework,Version=v4.7.1, .NETFramework,Version=v4.7.2, .NETFramework,Version=v4.8, .NETFramework,Version=v4.8.1' instead of the project target framework 'net8.0'. This package may not be fully compatible with your project.
C:\Users\ultra\warewolf\Dev\Dev2.Studio.Interfaces\Dev2.Studio.Interfaces.csproj : warning NU1701: Package 'TaskSchedulerEditor 2.10.1' was restored using '.NETFramework,Version=v4.6.1, .NETFramework,Version=v4.6.2, .NETFramework,Version=v4.7, .NETFramework,Version=v4.7.1, .NETFramework,Version=v4.7.2, .NETFramework,Version=v4.8, .NETFramework,Version=v4.8.1' instead of the project target framework 'net8.0'. This package may not be fully compatible with your project.
C:\Users\ultra\warewolf\Dev\Warewolf.Storage.Interfaces\Warewolf.Storage.Interfaces.csproj : warning NU1701: Package 'AeroWizard 2.3.1' was restored using '.NETFramework,Version=v4.6.1, .NETFramework,Version=v4.6.2, .NETFramework,Version=v4.7, .NETFramework,Version=v4.7.1, .NETFramework,Version=v4.7.2, .NETFramework,Version=v4.8, .NETFramework,Version=v4.8.1' instead of the project target framework 'net8.0'. This package may not be fully compatible with your project.
C:\Users\ultra\warewolf\Dev\Warewolf.Security\Warewolf.Security.csproj : warning NU1904: Package 'System.Drawing.Common' 4.5.1 has a known critical severity vulnerability, https://github.com/advisories/GHSA-rxg9-xrhp-64gj
C:\Users\ultra\warewolf\Dev\Warewolf.Storage.Interfaces\Warewolf.Storage.Interfaces.csproj : warning NU1701: Package 'GroupControls 1.9.0' was restored using '.NETFramework,Version=v4.6.1, .NETFramework,Version=v4.6.2, .NETFramework,Version=v4.7, .NETFramework,Version=v4.7.1, .NETFramework,Version=v4.7.2, .NETFramework,Version=v4.8, .NETFramework,Version=v4.8.1' instead of the project target framework 'net8.0'. This package may not be fully compatible with your project.
C:\Users\ultra\warewolf\Dev\Warewolf.Storage.Interfaces\Warewolf.Storage.Interfaces.csproj : warning NU1701: Package 'TaskSchedulerEditor 2.10.1' was restored using '.NETFramework,Version=v4.6.1, .NETFramework,Version=v4.6.2, .NETFramework,Version=v4.7, .NETFramework,Version=v4.7.1, .NETFramework,Version=v4.7.2, .NETFramework,Version=v4.8, .NETFramework,Version=v4.8.1' instead of the project target framework 'net8.0'. This package may not be fully compatible with your project.
  Warewolf.Weave -> C:\Users\ultra\warewolf\Dev\Warewolf.Weave\bin\Debug\net8.0\Warewolf.Weave.dll
C:\Users\ultra\warewolf\Dev\Dev2.Util\Dev2.Util.csproj : warning NU1903: Package 'Microsoft.Windows.Compatibility' 6.0.0 has a known high severity vulnerability, https://github.com/advisories/GHSA-555c-2p6r-68mm
C:\Users\ultra\warewolf\Dev\Dev2.Util\Dev2.Util.csproj : warning NU1701: Package 'AeroWizard 2.3.1' was restored using '.NETFramework,Version=v4.6.1, .NETFramework,Version=v4.6.2, .NETFramework,Version=v4.7, .NETFramework,Version=v4.7.1, .NETFramework,Version=v4.7.2, .NETFramework,Version=v4.8, .NETFramework,Version=v4.8.1' instead of the project target framework 'net8.0'. This package may not be fully compatible with your project.
C:\Users\ultra\warewolf\Dev\Dev2.Util\Dev2.Util.csproj : warning NU1701: Package 'GroupControls 1.9.0' was restored using '.NETFramework,Version=v4.6.1, .NETFramework,Version=v4.6.2, .NETFramework,Version=v4.7, .NETFramework,Version=v4.7.1, .NETFramework,Version=v4.7.2, .NETFramework,Version=v4.8, .NETFramework,Version=v4.8.1' instead of the project target framework 'net8.0'. This package may not be fully compatible with your project.
C:\Users\ultra\warewolf\Dev\Dev2.Util\Dev2.Util.csproj : warning NU1701: Package 'TaskSchedulerEditor 2.10.1' was restored using '.NETFramework,Version=v4.6.1, .NETFramework,Version=v4.6.2, .NETFramework,Version=v4.7, .NETFramework,Version=v4.7.1, .NETFramework,Version=v4.7.2, .NETFramework,Version=v4.8, .NETFramework,Version=v4.8.1' instead of the project target framework 'net8.0'. This package may not be fully compatible with your project.
C:\Users\ultra\warewolf\Dev\Warewolf.Language.Parser\Warewolf.Language.Parser.fsproj : warning NU1504: Duplicate 'PackageReference' items found. Remove the duplicate items or use the Update functionality to ensure a consistent restore behavior. The duplicate 'PackageReference' items are: FSharp.Core 10.1.201, FSharp.Core 4.6.2.
C:\Users\ultra\warewolf\Dev\Warewolf.Sharepoint\Warewolf.Sharepoint.csproj : warning NU1701: Package 'AeroWizard 2.3.1' was restored using '.NETFramework,Version=v4.6.1, .NETFramework,Version=v4.6.2, .NETFramework,Version=v4.7, .NETFramework,Version=v4.7.1, .NETFramework,Version=v4.7.2, .NETFramework,Version=v4.8, .NETFramework,Version=v4.8.1' instead of the project target framework 'net8.0'. This package may not be fully compatible with your project.
C:\Users\ultra\warewolf\Dev\Warewolf.Sharepoint\Warewolf.Sharepoint.csproj : warning NU1701: Package 'GroupControls 1.9.0' was restored using '.NETFramework,Version=v4.6.1, .NETFramework,Version=v4.6.2, .NETFramework,Version=v4.7, .NETFramework,Version=v4.7.1, .NETFramework,Version=v4.7.2, .NETFramework,Version=v4.8, .NETFramework,Version=v4.8.1' instead of the project target framework 'net8.0'. This package may not be fully compatible with your project.
C:\Users\ultra\warewolf\Dev\Warewolf.Sharepoint\Warewolf.Sharepoint.csproj : warning NU1701: Package 'ReactiveUI.WPF 18.4.1' was restored using '.NETFramework,Version=v4.6.1, .NETFramework,Version=v4.6.2, .NETFramework,Version=v4.7, .NETFramework,Version=v4.7.1, .NETFramework,Version=v4.7.2, .NETFramework,Version=v4.8, .NETFramework,Version=v4.8.1' instead of the project target framework 'net8.0'. This package may not be fully compatible with your project.
C:\Users\ultra\warewolf\Dev\Warewolf.Sharepoint\Warewolf.Sharepoint.csproj : warning NU1701: Package 'TaskSchedulerEditor 2.10.1' was restored using '.NETFramework,Version=v4.6.1, .NETFramework,Version=v4.6.2, .NETFramework,Version=v4.7, .NETFramework,Version=v4.7.1, .NETFramework,Version=v4.7.2, .NETFramework,Version=v4.8, .NETFramework,Version=v4.8.1' instead of the project target framework 'net8.0'. This package may not be fully compatible with your project.
C:\Users\ultra\warewolf\Dev\Warewolf.ResourceManagement\Warewolf.ResourceManagement.csproj : warning NU1701: Package 'AeroWizard 2.3.1' was restored using '.NETFramework,Version=v4.6.1, .NETFramework,Version=v4.6.2, .NETFramework,Version=v4.7, .NETFramework,Version=v4.7.1, .NETFramework,Version=v4.7.2, .NETFramework,Version=v4.8, .NETFramework,Version=v4.8.1' instead of the project target framework 'net8.0'. This package may not be fully compatible with your project.
C:\Users\ultra\warewolf\Dev\Warewolf.ResourceManagement\Warewolf.ResourceManagement.csproj : warning NU1701: Package 'GroupControls 1.9.0' was restored using '.NETFramework,Version=v4.6.1, .NETFramework,Version=v4.6.2, .NETFramework,Version=v4.7, .NETFramework,Version=v4.7.1, .NETFramework,Version=v4.7.2, .NETFramework,Version=v4.8, .NETFramework,Version=v4.8.1' instead of the project target framework 'net8.0'. This package may not be fully compatible with your project.
C:\Users\ultra\warewolf\Dev\Warewolf.ResourceManagement\Warewolf.ResourceManagement.csproj : warning NU1701: Package 'ReactiveUI.WPF 18.4.1' was restored using '.NETFramework,Version=v4.6.1, .NETFramework,Version=v4.6.2, .NETFramework,Version=v4.7, .NETFramework,Version=v4.7.1, .NETFramework,Version=v4.7.2, .NETFramework,Version=v4.8, .NETFramework,Version=v4.8.1' instead of the project target framework 'net8.0'. This package may not be fully compatible with your project.
C:\Users\ultra\warewolf\Dev\Warewolf.ResourceManagement\Warewolf.ResourceManagement.csproj : warning NU1701: Package 'TaskSchedulerEditor 2.10.1' was restored using '.NETFramework,Version=v4.6.1, .NETFramework,Version=v4.6.2, .NETFramework,Version=v4.7, .NETFramework,Version=v4.7.1, .NETFramework,Version=v4.7.2, .NETFramework,Version=v4.8, .NETFramework,Version=v4.8.1' instead of the project target framework 'net8.0'. This package may not be fully compatible with your project.
  Dev2.Net6.Compatibility -> C:\Users\ultra\warewolf\Dev\Dev2.Net6.Compatibility\bin\Debug\net8.0\Dev2.Net6.Compatibility.dll
C:\Users\ultra\warewolf\Dev\Dev2.Runtime.Services\Dev2.Runtime.Services.csproj : warning NU1902: Package 'MessagePack' 2.4.59 has a known moderate severity vulnerability, https://github.com/advisories/GHSA-4qm4-8hg2-g2xm
C:\Users\ultra\warewolf\Dev\Dev2.Runtime.Services\Dev2.Runtime.Services.csproj : warning NU1903: Package 'Microsoft.Windows.Compatibility' 6.0.0 has a known high severity vulnerability, https://github.com/advisories/GHSA-555c-2p6r-68mm
C:\Users\ultra\warewolf\Dev\Dev2.Runtime.Services\Dev2.Runtime.Services.csproj : warning NU1701: Package 'AeroWizard 2.3.1' was restored using '.NETFramework,Version=v4.6.1, .NETFramework,Version=v4.6.2, .NETFramework,Version=v4.7, .NETFramework,Version=v4.7.1, .NETFramework,Version=v4.7.2, .NETFramework,Version=v4.8, .NETFramework,Version=v4.8.1' instead of the project target framework 'net8.0'. This package may not be fully compatible with your project.
C:\Users\ultra\warewolf\Dev\Dev2.Runtime.Services\Dev2.Runtime.Services.csproj : warning NU1701: Package 'GroupControls 1.9.0' was restored using '.NETFramework,Version=v4.6.1, .NETFramework,Version=v4.6.2, .NETFramework,Version=v4.7, .NETFramework,Version=v4.7.1, .NETFramework,Version=v4.7.2, .NETFramework,Version=v4.8, .NETFramework,Version=v4.8.1' instead of the project target framework 'net8.0'. This package may not be fully compatible with your project.
C:\Users\ultra\warewolf\Dev\Dev2.Runtime.Services\Dev2.Runtime.Services.csproj : warning NU1701: Package 'ReactiveUI.WPF 18.4.1' was restored using '.NETFramework,Version=v4.6.1, .NETFramework,Version=v4.6.2, .NETFramework,Version=v4.7, .NETFramework,Version=v4.7.1, .NETFramework,Version=v4.7.2, .NETFramework,Version=v4.8, .NETFramework,Version=v4.8.1' instead of the project target framework 'net8.0'. This package may not be fully compatible with your project.
C:\Users\ultra\warewolf\Dev\Dev2.Runtime.Services\Dev2.Runtime.Services.csproj : warning NU1701: Package 'TaskSchedulerEditor 2.10.1' was restored using '.NETFramework,Version=v4.6.1, .NETFramework,Version=v4.6.2, .NETFramework,Version=v4.7, .NETFramework,Version=v4.7.1, .NETFramework,Version=v4.7.2, .NETFramework,Version=v4.8, .NETFramework,Version=v4.8.1' instead of the project target framework 'net8.0'. This package may not be fully compatible with your project.
C:\Users\ultra\warewolf\Dev\Warewolf.AI.Harness\Warewolf.AI.Harness.csproj : warning NU1701: Package 'AeroWizard 2.3.1' was restored using '.NETFramework,Version=v4.6.1, .NETFramework,Version=v4.6.2, .NETFramework,Version=v4.7, .NETFramework,Version=v4.7.1, .NETFramework,Version=v4.7.2, .NETFramework,Version=v4.8, .NETFramework,Version=v4.8.1' instead of the project target framework 'net8.0'. This package may not be fully compatible with your project.
C:\Users\ultra\warewolf\Dev\Warewolf.AI.Harness\Warewolf.AI.Harness.csproj : warning NU1701: Package 'GroupControls 1.9.0' was restored using '.NETFramework,Version=v4.6.1, .NETFramework,Version=v4.6.2, .NETFramework,Version=v4.7, .NETFramework,Version=v4.7.1, .NETFramework,Version=v4.7.2, .NETFramework,Version=v4.8, .NETFramework,Version=v4.8.1' instead of the project target framework 'net8.0'. This package may not be fully compatible with your project.
C:\Users\ultra\warewolf\Dev\Warewolf.AI.Harness\Warewolf.AI.Harness.csproj : warning NU1701: Package 'TaskSchedulerEditor 2.10.1' was restored using '.NETFramework,Version=v4.6.1, .NETFramework,Version=v4.6.2, .NETFramework,Version=v4.7, .NETFramework,Version=v4.7.1, .NETFramework,Version=v4.7.2, .NETFramework,Version=v4.8, .NETFramework,Version=v4.8.1' instead of the project target framework 'net8.0'. This package may not be fully compatible with your project.
  Dev2.SignalR.Wrappers.Interfaces -> C:\Users\ultra\warewolf\Dev\Dev2.SignalR.Wrappers\bin\Debug\net8.0\Dev2.SignalR.Wrappers.dll
C:\Users\ultra\warewolf\Dev\Warewolf.Interfaces\Data\ChatbotSettingsData.cs(20,23): warning CS0169: The field 'ChatbotSettingsData._encryptDataSource' is never used [C:\Users\ultra\warewolf\Dev\Warewolf.Interfaces\Warewolf.Interfaces.csproj]
C:\Users\ultra\warewolf\Dev\Warewolf.Interfaces\Auditing\SerializableException.cs(15,7): warning CS0414: The field 'SerializableException.HResult' is assigned but its value is never used [C:\Users\ultra\warewolf\Dev\Warewolf.Interfaces\Warewolf.Interfaces.csproj]
C:\Users\ultra\warewolf\Dev\Warewolf.Security\Encryption\AESThenHMAC.cs(168,34): warning SYSLIB0021: 'AesManaged' is obsolete: 'Derived cryptographic types are obsolete. Use the Create method on the base type instead.' (https://aka.ms/dotnet-warnings/SYSLIB0021) [C:\Users\ultra\warewolf\Dev\Warewolf.Security\Warewolf.Security.csproj]
C:\Users\ultra\warewolf\Dev\Warewolf.Security\Encryption\AESThenHMAC.cs(264,38): warning SYSLIB0021: 'AesManaged' is obsolete: 'Derived cryptographic types are obsolete. Use the Create method on the base type instead.' (https://aka.ms/dotnet-warnings/SYSLIB0021) [C:\Users\ultra\warewolf\Dev\Warewolf.Security\Warewolf.Security.csproj]
C:\Users\ultra\warewolf\Dev\Warewolf.Security\Encryption\AESThenHMAC.cs(331,36): warning SYSLIB0041: 'Rfc2898DeriveBytes.Rfc2898DeriveBytes(string, int, int)' is obsolete: 'The default hash algorithm and iteration counts in Rfc2898DeriveBytes constructors are outdated and insecure. Use a constructor that accepts the hash algorithm and the number of iterations.' (https://aka.ms/dotnet-warnings/SYSLIB0041) [C:\Users\ultra\warewolf\Dev\Warewolf.Security\Warewolf.Security.csproj]
C:\Users\ultra\warewolf\Dev\Warewolf.Security\Encryption\AESThenHMAC.cs(345,36): warning SYSLIB0041: 'Rfc2898DeriveBytes.Rfc2898DeriveBytes(string, int, int)' is obsolete: 'The default hash algorithm and iteration counts in Rfc2898DeriveBytes constructors are outdated and insecure. Use a constructor that accepts the hash algorithm and the number of iterations.' (https://aka.ms/dotnet-warnings/SYSLIB0041) [C:\Users\ultra\warewolf\Dev\Warewolf.Security\Warewolf.Security.csproj]
C:\Users\ultra\warewolf\Dev\Warewolf.Security\Encryption\AESThenHMAC.cs(393,36): warning SYSLIB0041: 'Rfc2898DeriveBytes.Rfc2898DeriveBytes(string, byte[], int)' is obsolete: 'The default hash algorithm and iteration counts in Rfc2898DeriveBytes constructors are outdated and insecure. Use a constructor that accepts the hash algorithm and the number of iterations.' (https://aka.ms/dotnet-warnings/SYSLIB0041) [C:\Users\ultra\warewolf\Dev\Warewolf.Security\Warewolf.Security.csproj]
C:\Users\ultra\warewolf\Dev\Warewolf.Security\Encryption\AESThenHMAC.cs(398,36): warning SYSLIB0041: 'Rfc2898DeriveBytes.Rfc2898DeriveBytes(string, byte[], int)' is obsolete: 'The default hash algorithm and iteration counts in Rfc2898DeriveBytes constructors are outdated and insecure. Use a constructor that accepts the hash algorithm and the number of iterations.' (https://aka.ms/dotnet-warnings/SYSLIB0041) [C:\Users\ultra\warewolf\Dev\Warewolf.Security\Warewolf.Security.csproj]
  Warewolf.Resource -> C:\Users\ultra\warewolf\Dev\Warewolf.Resource\bin\Debug\net8.0\Warewolf.Resource.dll
C:\Users\ultra\warewolf\Dev\Dev2.TaskScheduler.Wrappers\Dev2.TaskScheduler.Wrappers.csproj : warning NU1701: Package 'AeroWizard 2.3.1' was restored using '.NETFramework,Version=v4.6.1, .NETFramework,Version=v4.6.2, .NETFramework,Version=v4.7, .NETFramework,Version=v4.7.1, .NETFramework,Version=v4.7.2, .NETFramework,Version=v4.8, .NETFramework,Version=v4.8.1' instead of the project target framework 'net8.0'. This package may not be fully compatible with your project.
C:\Users\ultra\warewolf\Dev\Dev2.TaskScheduler.Wrappers\Dev2.TaskScheduler.Wrappers.csproj : warning NU1701: Package 'GroupControls 1.9.0' was restored using '.NETFramework,Version=v4.6.1, .NETFramework,Version=v4.6.2, .NETFramework,Version=v4.7, .NETFramework,Version=v4.7.1, .NETFramework,Version=v4.7.2, .NETFramework,Version=v4.8, .NETFramework,Version=v4.8.1' instead of the project target framework 'net8.0'. This package may not be fully compatible with your project.
C:\Users\ultra\warewolf\Dev\Dev2.TaskScheduler.Wrappers\Dev2.TaskScheduler.Wrappers.csproj : warning NU1701: Package 'TaskSchedulerEditor 2.10.1' was restored using '.NETFramework,Version=v4.6.1, .NETFramework,Version=v4.6.2, .NETFramework,Version=v4.7, .NETFramework,Version=v4.7.1, .NETFramework,Version=v4.7.2, .NETFramework,Version=v4.8, .NETFramework,Version=v4.8.1' instead of the project target framework 'net8.0'. This package may not be fully compatible with your project.
  Warewolf.Interfaces -> C:\Users\ultra\warewolf\Dev\Warewolf.Interfaces\bin\Debug\net8.0\Warewolf.Interfaces.dll
  Warewolf.Security -> C:\Users\ultra\warewolf\Dev\Warewolf.Security\bin\Debug\net8.0\Warewolf.Security.dll
  Warewolf.ServiceDefinitions -> C:\Users\ultra\warewolf\Dev\Warewolf.ServiceDefinitions\bin\Debug\net8.0\Warewolf.ServiceDefinitions.dll
  Log4Net.Async -> C:\Users\ultra\warewolf\Dev\Log4Net.Async\bin\Debug\net8.0\Log4Net.Async.dll
  GACManagerApi -> C:\Users\ultra\warewolf\Dev\GACManagerApi\bin\Debug\net8.0\GACManagerApi.dll
  Consider app.config remapping of assembly "System.Runtime.CompilerServices.Unsafe, Culture=neutral, PublicKeyToken=b03f5f7f11d50a3a" from Version "6.0.0.0" [] to Version "8.0.0.0" [C:\Program Files\dotnet\packs\Microsoft.NETCore.App.Ref\8.0.25\ref\net8.0\System.Runtime.CompilerServices.Unsafe.dll] to solve conflict and get rid of warning.
  Warewolf.Studio.Resources -> C:\Users\ultra\warewolf\Dev\Warewolf.Studio.Resources\bin\Debug\net8.0\Warewolf.Studio.Resources.dll
C:\Users\ultra\warewolf\Dev\Dev2.Scheduler\Dev2.Scheduler.csproj : warning NU1701: Package 'AeroWizard 2.3.1' was restored using '.NETFramework,Version=v4.6.1, .NETFramework,Version=v4.6.2, .NETFramework,Version=v4.7, .NETFramework,Version=v4.7.1, .NETFramework,Version=v4.7.2, .NETFramework,Version=v4.8, .NETFramework,Version=v4.8.1' instead of the project target framework 'net8.0'. This package may not be fully compatible with your project.
C:\Users\ultra\warewolf\Dev\Dev2.Scheduler\Dev2.Scheduler.csproj : warning NU1701: Package 'GroupControls 1.9.0' was restored using '.NETFramework,Version=v4.6.1, .NETFramework,Version=v4.6.2, .NETFramework,Version=v4.7, .NETFramework,Version=v4.7.1, .NETFramework,Version=v4.7.2, .NETFramework,Version=v4.8, .NETFramework,Version=v4.8.1' instead of the project target framework 'net8.0'. This package may not be fully compatible with your project.
C:\Users\ultra\warewolf\Dev\Dev2.Scheduler\Dev2.Scheduler.csproj : warning NU1701: Package 'ReactiveUI.WPF 18.4.1' was restored using '.NETFramework,Version=v4.6.1, .NETFramework,Version=v4.6.2, .NETFramework,Version=v4.7, .NETFramework,Version=v4.7.1, .NETFramework,Version=v4.7.2, .NETFramework,Version=v4.8, .NETFramework,Version=v4.8.1' instead of the project target framework 'net8.0'. This package may not be fully compatible with your project.
C:\Users\ultra\warewolf\Dev\Dev2.Scheduler\Dev2.Scheduler.csproj : warning NU1701: Package 'TaskSchedulerEditor 2.10.1' was restored using '.NETFramework,Version=v4.6.1, .NETFramework,Version=v4.6.2, .NETFramework,Version=v4.7, .NETFramework,Version=v4.7.1, .NETFramework,Version=v4.7.2, .NETFramework,Version=v4.8, .NETFramework,Version=v4.8.1' instead of the project target framework 'net8.0'. This package may not be fully compatible with your project.
C:\Users\ultra\warewolf\Dev\Warewolf.Common.NetStandard20\Warewolf.Common.NetStandard20.csproj : warning NU1701: Package 'AeroWizard 2.3.1' was restored using '.NETFramework,Version=v4.6.1, .NETFramework,Version=v4.6.2, .NETFramework,Version=v4.7, .NETFramework,Version=v4.7.1, .NETFramework,Version=v4.7.2, .NETFramework,Version=v4.8, .NETFramework,Version=v4.8.1' instead of the project target framework 'net8.0'. This package may not be fully compatible with your project.
C:\Users\ultra\warewolf\Dev\Warewolf.Common.NetStandard20\Warewolf.Common.NetStandard20.csproj : warning NU1701: Package 'GroupControls 1.9.0' was restored using '.NETFramework,Version=v4.6.1, .NETFramework,Version=v4.6.2, .NETFramework,Version=v4.7, .NETFramework,Version=v4.7.1, .NETFramework,Version=v4.7.2, .NETFramework,Version=v4.8, .NETFramework,Version=v4.8.1' instead of the project target framework 'net8.0'. This package may not be fully compatible with your project.
C:\Users\ultra\warewolf\Dev\Warewolf.Common.NetStandard20\Warewolf.Common.NetStandard20.csproj : warning NU1701: Package 'ReactiveUI.WPF 18.4.1' was restored using '.NETFramework,Version=v4.6.1, .NETFramework,Version=v4.6.2, .NETFramework,Version=v4.7, .NETFramework,Version=v4.7.1, .NETFramework,Version=v4.7.2, .NETFramework,Version=v4.8, .NETFramework,Version=v4.8.1' instead of the project target framework 'net8.0'. This package may not be fully compatible with your project.
C:\Users\ultra\warewolf\Dev\Warewolf.Common.NetStandard20\Warewolf.Common.NetStandard20.csproj : warning NU1701: Package 'TaskSchedulerEditor 2.10.1' was restored using '.NETFramework,Version=v4.6.1, .NETFramework,Version=v4.6.2, .NETFramework,Version=v4.7, .NETFramework,Version=v4.7.1, .NETFramework,Version=v4.7.2, .NETFramework,Version=v4.8, .NETFramework,Version=v4.8.1' instead of the project target framework 'net8.0'. This package may not be fully compatible with your project.
  Warewolf.Common.Interfaces.NetStandard20 -> C:\Users\ultra\warewolf\Dev\Warewolf.Common.Interfaces.NetStandard20\bin\Debug\net8.0\Warewolf.Common.Interfaces.NetStandard20.dll
C:\Users\ultra\warewolf\Dev\Warewolf.Driver.Serilog\Warewolf.Driver.Serilog.csproj : warning NU1701: Package 'AeroWizard 2.3.1' was restored using '.NETFramework,Version=v4.6.1, .NETFramework,Version=v4.6.2, .NETFramework,Version=v4.7, .NETFramework,Version=v4.7.1, .NETFramework,Version=v4.7.2, .NETFramework,Version=v4.8, .NETFramework,Version=v4.8.1' instead of the project target framework 'net8.0'. This package may not be fully compatible with your project.
C:\Users\ultra\warewolf\Dev\Warewolf.Driver.Serilog\Warewolf.Driver.Serilog.csproj : warning NU1701: Package 'GroupControls 1.9.0' was restored using '.NETFramework,Version=v4.6.1, .NETFramework,Version=v4.6.2, .NETFramework,Version=v4.7, .NETFramework,Version=v4.7.1, .NETFramework,Version=v4.7.2, .NETFramework,Version=v4.8, .NETFramework,Version=v4.8.1' instead of the project target framework 'net8.0'. This package may not be fully compatible with your project.
C:\Users\ultra\warewolf\Dev\Warewolf.Driver.Serilog\Warewolf.Driver.Serilog.csproj : warning NU1701: Package 'ReactiveUI.WPF 18.4.1' was restored using '.NETFramework,Version=v4.6.1, .NETFramework,Version=v4.6.2, .NETFramework,Version=v4.7, .NETFramework,Version=v4.7.1, .NETFramework,Version=v4.7.2, .NETFramework,Version=v4.8, .NETFramework,Version=v4.8.1' instead of the project target framework 'net8.0'. This package may not be fully compatible with your project.
C:\Users\ultra\warewolf\Dev\Warewolf.Driver.Serilog\Warewolf.Driver.Serilog.csproj : warning NU1701: Package 'TaskSchedulerEditor 2.10.1' was restored using '.NETFramework,Version=v4.6.1, .NETFramework,Version=v4.6.2, .NETFramework,Version=v4.7, .NETFramework,Version=v4.7.1, .NETFramework,Version=v4.7.2, .NETFramework,Version=v4.8, .NETFramework,Version=v4.8.1' instead of the project target framework 'net8.0'. This package may not be fully compatible with your project.
C:\Users\ultra\warewolf\Dev\Warewolf.Storage\Warewolf.Storage.csproj : warning NU1701: Package 'AeroWizard 2.3.1' was restored using '.NETFramework,Version=v4.6.1, .NETFramework,Version=v4.6.2, .NETFramework,Version=v4.7, .NETFramework,Version=v4.7.1, .NETFramework,Version=v4.7.2, .NETFramework,Version=v4.8, .NETFramework,Version=v4.8.1' instead of the project target framework 'net8.0'. This package may not be fully compatible with your project.
C:\Users\ultra\warewolf\Dev\Warewolf.Storage\Warewolf.Storage.csproj : warning NU1701: Package 'GroupControls 1.9.0' was restored using '.NETFramework,Version=v4.6.1, .NETFramework,Version=v4.6.2, .NETFramework,Version=v4.7, .NETFramework,Version=v4.7.1, .NETFramework,Version=v4.7.2, .NETFramework,Version=v4.8, .NETFramework,Version=v4.8.1' instead of the project target framework 'net8.0'. This package may not be fully compatible with your project.
C:\Users\ultra\warewolf\Dev\Warewolf.Storage\Warewolf.Storage.csproj : warning NU1701: Package 'ReactiveUI.WPF 18.4.1' was restored using '.NETFramework,Version=v4.6.1, .NETFramework,Version=v4.6.2, .NETFramework,Version=v4.7, .NETFramework,Version=v4.7.1, .NETFramework,Version=v4.7.2, .NETFramework,Version=v4.8, .NETFramework,Version=v4.8.1' instead of the project target framework 'net8.0'. This package may not be fully compatible with your project.
C:\Users\ultra\warewolf\Dev\Warewolf.Storage\Warewolf.Storage.csproj : warning NU1701: Package 'TaskSchedulerEditor 2.10.1' was restored using '.NETFramework,Version=v4.6.1, .NETFramework,Version=v4.6.2, .NETFramework,Version=v4.7, .NETFramework,Version=v4.7.1, .NETFramework,Version=v4.7.2, .NETFramework,Version=v4.8, .NETFramework,Version=v4.8.1' instead of the project target framework 'net8.0'. This package may not be fully compatible with your project.
  Warewolf.Driver.Redis -> C:\Users\ultra\warewolf\Dev\Warewolf.Driver.Redis\bin\Debug\net8.0\Warewolf.Driver.Redis.dll
  Warewolf.Driver.RabbitMQ -> C:\Users\ultra\warewolf\Dev\Warewolf.Driver.RabbitMQ\bin\Debug\net8.0\Warewolf.Driver.RabbitMQ.dll
  Warewolf.Parser.Interop -> C:\Users\ultra\warewolf\Dev\Warewolf.Parser.Interop\bin\Debug\net8.0\WarewolfParserInterop.dll
C:\Users\ultra\warewolf\Dev\Dev2.Common.Interfaces\Attribute\ReasonAttribute.cs(13,18): warning CC0023: Mark 'ReasonAttribute' as sealed. (https://code-cracker.github.io/diagnostics/CC0023.html) [C:\Users\ultra\warewolf\Dev\Dev2.Common.Interfaces\Dev2.Common.Interfaces.csproj]
C:\Users\ultra\warewolf\Dev\Dev2.Common.Interfaces\Wrappers\IDirectoryEntry.cs(190,35): warning CC0057: Parameter 'path' is not used. (https://code-cracker.github.io/diagnostics/CC0057.html) [C:\Users\ultra\warewolf\Dev\Dev2.Common.Interfaces\Dev2.Common.Interfaces.csproj]
C:\Users\ultra\warewolf\Dev\Dev2.Common.Interfaces\DllListing.cs(97,17): warning CC0105: Use 'var' instead of specifying the type name. (https://code-cracker.github.io/diagnostics/CC0105.html) [C:\Users\ultra\warewolf\Dev\Dev2.Common.Interfaces\Dev2.Common.Interfaces.csproj]
C:\Users\ultra\warewolf\Dev\Dev2.Common.Interfaces\DllListing.cs(98,17): warning CC0105: Use 'var' instead of specifying the type name. (https://code-cracker.github.io/diagnostics/CC0105.html) [C:\Users\ultra\warewolf\Dev\Dev2.Common.Interfaces\Dev2.Common.Interfaces.csproj]
C:\Users\ultra\warewolf\Dev\Dev2.Common.Interfaces\Runtime\Services\IStreamContentFactory.cs(48,21): warning CC0029: 'StreamContentWrapper' should call GC.SuppressFinalize inside the Dispose method. (https://code-cracker.github.io/diagnostics/CC0029.html) [C:\Users\ultra\warewolf\Dev\Dev2.Common.Interfaces\Dev2.Common.Interfaces.csproj]
  Dev2.Common.Interfaces -> C:\Users\ultra\warewolf\Dev\Dev2.Common.Interfaces\bin\Debug\net8.0\Dev2.Common.Interfaces.dll
C:\Users\ultra\warewolf\Dev\Warewolf.Language.Parser\EvaluationFunctions.fs(277,15): warning FS3548: Pattern discard is not allowed for union case that takes no data. [C:\Users\ultra\warewolf\Dev\Warewolf.Language.Parser\Warewolf.Language.Parser.fsproj]
C:\Users\ultra\warewolf\Dev\Warewolf.Language.Parser\EvaluationFunctions.fs(305,15): warning FS3548: Pattern discard is not allowed for union case that takes no data. [C:\Users\ultra\warewolf\Dev\Warewolf.Language.Parser\Warewolf.Language.Parser.fsproj]
C:\Users\ultra\warewolf\Dev\Warewolf.Language.Parser\EvaluationFunctions.fs(748,21): warning FS3873: This construct is deprecated. Sequence expressions should be of the form 'seq { ... }' [C:\Users\ultra\warewolf\Dev\Warewolf.Language.Parser\Warewolf.Language.Parser.fsproj]
C:\Users\ultra\warewolf\Dev\Warewolf.Language.Parser\EvaluationFunctions.fs(751,28): warning FS3873: This construct is deprecated. Sequence expressions should be of the form 'seq { ... }' [C:\Users\ultra\warewolf\Dev\Warewolf.Language.Parser\Warewolf.Language.Parser.fsproj]
C:\Users\ultra\warewolf\Dev\Warewolf.Language.Parser\WarewolfDataEvaluationCommon.fs(593,21): warning FS3873: This construct is deprecated. Sequence expressions should be of the form 'seq { ... }' [C:\Users\ultra\warewolf\Dev\Warewolf.Language.Parser\Warewolf.Language.Parser.fsproj]
C:\Users\ultra\warewolf\Dev\Warewolf.Language.Parser\WarewolfDataEvaluationCommon.fs(596,28): warning FS3873: This construct is deprecated. Sequence expressions should be of the form 'seq { ... }' [C:\Users\ultra\warewolf\Dev\Warewolf.Language.Parser\Warewolf.Language.Parser.fsproj]
  Warewolf.Language.Parser -> C:\Users\ultra\warewolf\Dev\Warewolf.Language.Parser\bin\Debug\net8.0\Warewolf.Language.Parser.dll
C:\Users\ultra\warewolf\Dev\Warewolf.Data\NamedInt.cs(160,21): warning CA2200: Re-throwing caught exception changes stack information (https://learn.microsoft.com/dotnet/fundamentals/code-analysis/quality-rules/ca2200) [C:\Users\ultra\warewolf\Dev\Warewolf.Data\Warewolf.Data.csproj]
  Warewolf.Data -> C:\Users\ultra\warewolf\Dev\Warewolf.Data\bin\Debug\net8.0\Warewolf.Data.dll
  Warewolf.Storage.Interfaces -> C:\Users\ultra\warewolf\Dev\Warewolf.Storage.Interfaces\bin\Debug\net8.0\Warewolf.Storage.Interfaces.dll
  Warewolf.Common -> C:\Users\ultra\warewolf\Dev\Warewolf.Common\bin\Debug\net8.0\Warewolf.Common.dll
  Dev2.Data.Interfaces -> C:\Users\ultra\warewolf\Dev\Dev2.Data.Interfaces\bin\Debug\net8.0\Dev2.Data.Interfaces.dll
C:\Users\ultra\warewolf\Dev\Dev2.Common\ExtMethods\StringExtension.cs(302,13): warning CC0004: Empty Catch Block. (https://code-cracker.github.io/diagnostics/CC0004.html) [C:\Users\ultra\warewolf\Dev\Dev2.Common\Dev2.Common.csproj]
  Dev2.Common -> C:\Users\ultra\warewolf\Dev\Dev2.Common\bin\Debug\net8.0\Dev2.Common.dll
  Dev2.Util -> C:\Users\ultra\warewolf\Dev\Dev2.Util\bin\Debug\net8.0\Dev2.Util.dll
C:\Users\ultra\warewolf\Dev\Dev2.TaskScheduler.Wrappers\Dev2TaskEvent.cs(47,33): warning CA1416: This call site is reachable on all platforms. 'SecurityIdentifier.Value' is only supported on: 'windows'. (https://learn.microsoft.com/dotnet/fundamentals/code-analysis/quality-rules/ca1416) [C:\Users\ultra\warewolf\Dev\Dev2.TaskScheduler.Wrappers\Dev2.TaskScheduler.Wrappers.csproj]
  Dev2.TaskScheduler.Wrappers -> C:\Users\ultra\warewolf\Dev\Dev2.TaskScheduler.Wrappers\bin\Debug\net8.0\Dev2.TaskScheduler.Wrappers.dll
  Warewolf.Licensing -> C:\Users\ultra\warewolf\Dev\Warewolf.Licensing\bin\Debug\net8.0\Warewolf.Licensing.dll
  Dev2.CustomControls -> C:\Users\ultra\warewolf\Dev\Dev2.CustomControls\bin\Debug\net8.0\Dev2.CustomControls.dll
  Consider app.config remapping of assembly "Newtonsoft.Json, Culture=neutral, PublicKeyToken=30ad4fe6b2a6aeed" from Version "12.0.0.0" [] to Version "13.0.0.0" [C:\Users\ultra\.nuget\packages\newtonsoft.json\13.0.2\lib\net6.0\Newtonsoft.Json.dll] to solve conflict and get rid of warning.
  Dev2.Runtime.Configuration -> C:\Users\ultra\warewolf\Dev\Dev2.Runtime.Configuration\bin\Debug\net8.0\Dev2.Runtime.Configuration.dll
C:\Users\ultra\warewolf\Dev\Dev2.Diagnostics\Debug\DebugDispatcher.cs(209,35): warning CC0057: Parameter 'previous' is not used. (https://code-cracker.github.io/diagnostics/CC0057.html) [C:\Users\ultra\warewolf\Dev\Dev2.Diagnostics\Dev2.Diagnostics.csproj]
  Dev2.Diagnostics -> C:\Users\ultra\warewolf\Dev\Dev2.Diagnostics\bin\Debug\net8.0\Dev2.Diagnostics.dll
C:\Users\ultra\warewolf\Dev\Warewolf.AI.Harness\ChatbotApiService.cs(11,7): warning CS0105: The using directive for 'System.Text' appeared previously in this namespace [C:\Users\ultra\warewolf\Dev\Warewolf.AI.Harness\Warewolf.AI.Harness.csproj]
C:\Users\ultra\warewolf\Dev\Warewolf.AI.Harness\ChatbotApiService.cs(12,7): warning CS0105: The using directive for 'Newtonsoft.Json' appeared previously in this namespace [C:\Users\ultra\warewolf\Dev\Warewolf.AI.Harness\Warewolf.AI.Harness.csproj]
C:\Users\ultra\warewolf\Dev\Warewolf.AI.Harness\ChatbotApiService.cs(641,23): warning CS8618: Non-nullable property 'Model' must contain a non-null value when exiting constructor. Consider adding the 'required' modifier or declaring the property as nullable. [C:\Users\ultra\warewolf\Dev\Warewolf.AI.Harness\Warewolf.AI.Harness.csproj]
C:\Users\ultra\warewolf\Dev\Warewolf.AI.Harness\ChatbotApiService.cs(659,23): warning CS8618: Non-nullable property 'FinishReason' must contain a non-null value when exiting constructor. Consider adding the 'required' modifier or declaring the property as nullable. [C:\Users\ultra\warewolf\Dev\Warewolf.AI.Harness\Warewolf.AI.Harness.csproj]
C:\Users\ultra\warewolf\Dev\Warewolf.AI.Harness\ChatbotApiService.cs(201,34): warning CS8600: Converting null literal or possible null value to non-nullable type. [C:\Users\ultra\warewolf\Dev\Warewolf.AI.Harness\Warewolf.AI.Harness.csproj]
C:\Users\ultra\warewolf\Dev\Warewolf.AI.Harness\ChatbotApiService.cs(215,51): warning CS8602: Dereference of a possibly null reference. [C:\Users\ultra\warewolf\Dev\Warewolf.AI.Harness\Warewolf.AI.Harness.csproj]
C:\Users\ultra\warewolf\Dev\Warewolf.AI.Harness\ChatbotApiService.cs(218,25): warning CS8602: Dereference of a possibly null reference. [C:\Users\ultra\warewolf\Dev\Warewolf.AI.Harness\Warewolf.AI.Harness.csproj]
C:\Users\ultra\warewolf\Dev\Warewolf.AI.Harness\ChatbotApiService.cs(303,34): warning CS8600: Converting null literal or possible null value to non-nullable type. [C:\Users\ultra\warewolf\Dev\Warewolf.AI.Harness\Warewolf.AI.Harness.csproj]
C:\Users\ultra\warewolf\Dev\Warewolf.AI.Harness\ChatbotApiService.cs(312,51): warning CS8602: Dereference of a possibly null reference. [C:\Users\ultra\warewolf\Dev\Warewolf.AI.Harness\Warewolf.AI.Harness.csproj]
C:\Users\ultra\warewolf\Dev\Warewolf.AI.Harness\ChatbotApiService.cs(314,30): warning CS8602: Dereference of a possibly null reference. [C:\Users\ultra\warewolf\Dev\Warewolf.AI.Harness\Warewolf.AI.Harness.csproj]
C:\Users\ultra\warewolf\Dev\Warewolf.AI.Harness\ChatbotApiService.cs(477,32): warning CS8600: Converting null literal or possible null value to non-nullable type. [C:\Users\ultra\warewolf\Dev\Warewolf.AI.Harness\Warewolf.AI.Harness.csproj]
C:\Users\ultra\warewolf\Dev\Warewolf.AI.Harness\ChatbotApiService.cs(478,32): warning CS8600: Converting null literal or possible null value to non-nullable type. [C:\Users\ultra\warewolf\Dev\Warewolf.AI.Harness\Warewolf.AI.Harness.csproj]
C:\Users\ultra\warewolf\Dev\Warewolf.AI.Harness\ChatbotApiService.cs(481,73): warning CS8625: Cannot convert null literal to non-nullable reference type. [C:\Users\ultra\warewolf\Dev\Warewolf.AI.Harness\Warewolf.AI.Harness.csproj]
C:\Users\ultra\warewolf\Dev\Warewolf.AI.Harness\ChatbotApiService.cs(482,60): warning CS8604: Possible null reference argument for parameter 'authHeaderName' in 'HttpResponseMessage ChatbotApiService.PostWithAuth(string endpoint, object payload, string authHeaderName, string authHeaderValue, string additionalHeaders)'. [C:\Users\ultra\warewolf\Dev\Warewolf.AI.Harness\Warewolf.AI.Harness.csproj]
C:\Users\ultra\warewolf\Dev\Warewolf.AI.Harness\ChatbotApiService.cs(482,70): warning CS8604: Possible null reference argument for parameter 'authHeaderValue' in 'HttpResponseMessage ChatbotApiService.PostWithAuth(string endpoint, object payload, string authHeaderName, string authHeaderValue, string additionalHeaders)'. [C:\Users\ultra\warewolf\Dev\Warewolf.AI.Harness\Warewolf.AI.Harness.csproj]
C:\Users\ultra\warewolf\Dev\Warewolf.AI.Harness\ChatbotApiService.cs(482,81): warning CS8625: Cannot convert null literal to non-nullable reference type. [C:\Users\ultra\warewolf\Dev\Warewolf.AI.Harness\Warewolf.AI.Harness.csproj]
C:\Users\ultra\warewolf\Dev\Warewolf.AI.Harness\ChatbotApiService.cs(496,73): warning CS8625: Cannot convert null literal to non-nullable reference type. [C:\Users\ultra\warewolf\Dev\Warewolf.AI.Harness\Warewolf.AI.Harness.csproj]
C:\Users\ultra\warewolf\Dev\Warewolf.AI.Harness\ChatbotApiService.cs(497,81): warning CS8625: Cannot convert null literal to non-nullable reference type. [C:\Users\ultra\warewolf\Dev\Warewolf.AI.Harness\Warewolf.AI.Harness.csproj]
C:\Users\ultra\warewolf\Dev\Warewolf.AI.Harness\ChatbotApiService.cs(514,73): warning CS8625: Cannot convert null literal to non-nullable reference type. [C:\Users\ultra\warewolf\Dev\Warewolf.AI.Harness\Warewolf.AI.Harness.csproj]
C:\Users\ultra\warewolf\Dev\Warewolf.AI.Harness\ChatbotApiService.cs(515,114): warning CS8625: Cannot convert null literal to non-nullable reference type. [C:\Users\ultra\warewolf\Dev\Warewolf.AI.Harness\Warewolf.AI.Harness.csproj]
C:\Users\ultra\warewolf\Dev\Warewolf.AI.Harness\ChatbotApiService.cs(521,36): warning CS8600: Converting null literal or possible null value to non-nullable type. [C:\Users\ultra\warewolf\Dev\Warewolf.AI.Harness\Warewolf.AI.Harness.csproj]
C:\Users\ultra\warewolf\Dev\Warewolf.AI.Harness\ChatbotApiService.cs(538,82): warning CS8604: Possible null reference argument for parameter 'systemMessage' in 'Dictionary<string, object> ChatbotApiService.CreatePayload(string model, object messages, string systemMessage, bool useMaxCompletionTokens, bool includeTemperature)'. [C:\Users\ultra\warewolf\Dev\Warewolf.AI.Harness\Warewolf.AI.Harness.csproj]
C:\Users\ultra\warewolf\Dev\Warewolf.AI.Harness\ChatbotApiService.cs(545,35): warning CS8600: Converting null literal or possible null value to non-nullable type. [C:\Users\ultra\warewolf\Dev\Warewolf.AI.Harness\Warewolf.AI.Harness.csproj]
C:\Users\ultra\warewolf\Dev\Warewolf.AI.Harness\ChatbotApiService.cs(589,68): warning CS8625: Cannot convert null literal to non-nullable reference type. [C:\Users\ultra\warewolf\Dev\Warewolf.AI.Harness\Warewolf.AI.Harness.csproj]
C:\Users\ultra\warewolf\Dev\Warewolf.AI.Harness\ChatbotApiService.cs(589,74): warning CS8625: Cannot convert null literal to non-nullable reference type. [C:\Users\ultra\warewolf\Dev\Warewolf.AI.Harness\Warewolf.AI.Harness.csproj]
C:\Users\ultra\warewolf\Dev\Warewolf.AI.Harness\ChatbotApiService.cs(589,80): warning CS8625: Cannot convert null literal to non-nullable reference type. [C:\Users\ultra\warewolf\Dev\Warewolf.AI.Harness\Warewolf.AI.Harness.csproj]
  Warewolf.AI.Harness -> C:\Users\ultra\warewolf\Dev\Warewolf.AI.Harness\bin\Debug\net8.0\Warewolf.AI.Harness.dll
C:\Users\ultra\warewolf\Dev\Dev2.Infrastructure\PerformanceCounters\PerformanceCounterCategoryWrapper.cs(33,48): warning CA1416: This call site is reachable on all platforms. 'PerformanceCounterCategory.Exists(string)' is only supported on: 'windows'. (https://learn.microsoft.com/dotnet/fundamentals/code-analysis/quality-rules/ca1416) [C:\Users\ultra\warewolf\Dev\Dev2.Infrastructure\Dev2.Infrastructure.csproj]
C:\Users\ultra\warewolf\Dev\Dev2.Infrastructure\PerformanceCounters\PerformanceCounterCategoryWrapper.cs(12,51): warning CA1416: This call site is reachable on all platforms. 'PerformanceCounterCategory.CounterExists(string)' is only supported on: 'windows'. (https://learn.microsoft.com/dotnet/fundamentals/code-analysis/quality-rules/ca1416) [C:\Users\ultra\warewolf\Dev\Dev2.Infrastructure\Dev2.Infrastructure.csproj]
C:\Users\ultra\warewolf\Dev\Dev2.Infrastructure\PerformanceCounters\PerformanceCounterCategoryWrapper.cs(32,48): warning CA1416: This call site is reachable on all platforms. 'PerformanceCounterCategory.Delete(string)' is only supported on: 'windows'. (https://learn.microsoft.com/dotnet/fundamentals/code-analysis/quality-rules/ca1416) [C:\Users\ultra\warewolf\Dev\Dev2.Infrastructure\Dev2.Infrastructure.csproj]
C:\Users\ultra\warewolf\Dev\Dev2.Infrastructure\PerformanceCounters\PerformanceCounterCategoryWrapper.cs(38,29): warning CA1416: This call site is reachable on all platforms. 'PerformanceCounterCategory' is only supported on: 'windows'. (https://learn.microsoft.com/dotnet/fundamentals/code-analysis/quality-rules/ca1416) [C:\Users\ultra\warewolf\Dev\Dev2.Infrastructure\Dev2.Infrastructure.csproj]
C:\Users\ultra\warewolf\Dev\Dev2.Infrastructure\PerformanceCounters\PerformanceCounterCategoryWrapper.cs(29,13): warning CA1416: This call site is reachable on all platforms. 'PerformanceCounterCategory.Create(string, string, PerformanceCounterCategoryType, CounterCreationDataCollection)' is only supported on: 'windows'. (https://learn.microsoft.com/dotnet/fundamentals/code-analysis/quality-rules/ca1416) [C:\Users\ultra\warewolf\Dev\Dev2.Infrastructure\Dev2.Infrastructure.csproj]
C:\Users\ultra\warewolf\Dev\Dev2.Infrastructure\PerformanceCounters\PerformanceCounterCategoryWrapper.cs(14,49): warning CA1416: This call site is reachable on all platforms. 'CounterCreationDataCollection' is only supported on: 'windows'. (https://learn.microsoft.com/dotnet/fundamentals/code-analysis/quality-rules/ca1416) [C:\Users\ultra\warewolf\Dev\Dev2.Infrastructure\Dev2.Infrastructure.csproj]
C:\Users\ultra\warewolf\Dev\Dev2.Infrastructure\PerformanceCounters\PerformanceCounterCategoryWrapper.cs(29,71): warning CA1416: This call site is reachable on all platforms. 'PerformanceCounterCategoryType.MultiInstance' is only supported on: 'windows'. (https://learn.microsoft.com/dotnet/fundamentals/code-analysis/quality-rules/ca1416) [C:\Users\ultra\warewolf\Dev\Dev2.Infrastructure\Dev2.Infrastructure.csproj]
C:\Users\ultra\warewolf\Dev\Dev2.Infrastructure\PerformanceCounters\PerformanceCounterCategoryWrapper.cs(19,45): warning CA1416: This call site is reachable on all platforms. 'CounterCreationData' is only supported on: 'windows'. (https://learn.microsoft.com/dotnet/fundamentals/code-analysis/quality-rules/ca1416) [C:\Users\ultra\warewolf\Dev\Dev2.Infrastructure\Dev2.Infrastructure.csproj]
C:\Users\ultra\warewolf\Dev\Dev2.Infrastructure\PerformanceCounters\PerformanceCounterCategoryWrapper.cs(25,21): warning CA1416: This call site is reachable on all platforms. 'CounterCreationDataCollection.Add(CounterCreationData)' is only supported on: 'windows'. (https://learn.microsoft.com/dotnet/fundamentals/code-analysis/quality-rules/ca1416) [C:\Users\ultra\warewolf\Dev\Dev2.Infrastructure\Dev2.Infrastructure.csproj]
C:\Users\ultra\warewolf\Dev\Dev2.Infrastructure\PerformanceCounters\PerformanceCounterCategoryWrapper.cs(50,28): warning CA1416: This call site is reachable on all platforms. 'PerformanceCounterType.AverageTimer32' is only supported on: 'windows'. (https://learn.microsoft.com/dotnet/fundamentals/code-analysis/quality-rules/ca1416) [C:\Users\ultra\warewolf\Dev\Dev2.Infrastructure\Dev2.Infrastructure.csproj]
C:\Users\ultra\warewolf\Dev\Dev2.Infrastructure\PerformanceCounters\PerformanceCounterCategoryWrapper.cs(48,28): warning CA1416: This call site is reachable on all platforms. 'PerformanceCounterType.AverageBase' is only supported on: 'windows'. (https://learn.microsoft.com/dotnet/fundamentals/code-analysis/quality-rules/ca1416) [C:\Users\ultra\warewolf\Dev\Dev2.Infrastructure\Dev2.Infrastructure.csproj]
C:\Users\ultra\warewolf\Dev\Dev2.Infrastructure\PerformanceCounters\PerformanceCounterCategoryWrapper.cs(52,28): warning CA1416: This call site is reachable on all platforms. 'PerformanceCounterType.NumberOfItems32' is only supported on: 'windows'. (https://learn.microsoft.com/dotnet/fundamentals/code-analysis/quality-rules/ca1416) [C:\Users\ultra\warewolf\Dev\Dev2.Infrastructure\Dev2.Infrastructure.csproj]
C:\Users\ultra\warewolf\Dev\Dev2.Infrastructure\PerformanceCounters\PerformanceCounterCategoryWrapper.cs(54,28): warning CA1416: This call site is reachable on all platforms. 'PerformanceCounterType.RateOfCountsPerSecond32' is only supported on: 'windows'. (https://learn.microsoft.com/dotnet/fundamentals/code-analysis/quality-rules/ca1416) [C:\Users\ultra\warewolf\Dev\Dev2.Infrastructure\Dev2.Infrastructure.csproj]
C:\Users\ultra\warewolf\Dev\Dev2.Infrastructure\Services\Security\MoqInstallerActions\InstallerActionsForDevelopment.cs(59,57): warning CA1416: This call site is reachable on all platforms. 'WindowsIdentity.Name' is only supported on: 'windows'. (https://learn.microsoft.com/dotnet/fundamentals/code-analysis/quality-rules/ca1416) [C:\Users\ultra\warewolf\Dev\Dev2.Infrastructure\Dev2.Infrastructure.csproj]
C:\Users\ultra\warewolf\Dev\Dev2.Infrastructure\Services\Security\MoqInstallerActions\InstallerActionsForDevelopment.cs(57,31): warning CA1416: This call site is reachable on all platforms. 'WindowsIdentity.GetCurrent(bool)' is only supported on: 'windows'. (https://learn.microsoft.com/dotnet/fundamentals/code-analysis/quality-rules/ca1416) [C:\Users\ultra\warewolf\Dev\Dev2.Infrastructure\Dev2.Infrastructure.csproj]
C:\Users\ultra\warewolf\Dev\Dev2.Infrastructure\PerformanceCounters\Management\PerformanceCounterPersistence.cs(48,81): warning CC0057: Parameter 'resourcePerformanceCounters' is not used. (https://code-cracker.github.io/diagnostics/CC0057.html) [C:\Users\ultra\warewolf\Dev\Dev2.Infrastructure\Dev2.Infrastructure.csproj]
C:\Users\ultra\warewolf\Dev\Dev2.Infrastructure\PerformanceCounters\Management\WarewolfPerformanceCounterManager.cs(22,140): warning CC0057: Parameter 'register' is not used. (https://code-cracker.github.io/diagnostics/CC0057.html) [C:\Users\ultra\warewolf\Dev\Dev2.Infrastructure\Dev2.Infrastructure.csproj]
C:\Users\ultra\warewolf\Dev\Dev2.Infrastructure\PerformanceCounters\Management\WarewolfPerformanceCounterManager.cs(67,83): warning CC0057: Parameter 'name' is not used. (https://code-cracker.github.io/diagnostics/CC0057.html) [C:\Users\ultra\warewolf\Dev\Dev2.Infrastructure\Dev2.Infrastructure.csproj]
C:\Users\ultra\warewolf\Dev\Dev2.Infrastructure\Services\Security\SecuritySettings.cs(92,28): warning CC0022: HMACSHA256 should be disposed. (https://code-cracker.github.io/diagnostics/CC0022.html) [C:\Users\ultra\warewolf\Dev\Dev2.Infrastructure\Dev2.Infrastructure.csproj]
CSC : warning AD0001: Analyzer 'CodeCracker.CSharp.Design.UseInvokeMethodToFireEventAnalyzer' threw an exception of type 'System.ArgumentException' with message 'Syntax node is not within syntax tree'. [C:\Users\ultra\warewolf\Dev\Dev2.Infrastructure\Dev2.Infrastructure.csproj]
CSC : warning AD0001: Analyzer 'CodeCracker.CSharp.Design.UseInvokeMethodToFireEventAnalyzer' threw an exception of type 'System.ArgumentException' with message 'Syntax node is not within syntax tree'. [C:\Users\ultra\warewolf\Dev\Dev2.Infrastructure\Dev2.Infrastructure.csproj]
CSC : warning AD0001: Analyzer 'CodeCracker.CSharp.Design.UseInvokeMethodToFireEventAnalyzer' threw an exception of type 'System.ArgumentException' with message 'Syntax node is not within syntax tree'. [C:\Users\ultra\warewolf\Dev\Dev2.Infrastructure\Dev2.Infrastructure.csproj]
CSC : warning AD0001: Analyzer 'CodeCracker.CSharp.Design.UseInvokeMethodToFireEventAnalyzer' threw an exception of type 'System.ArgumentException' with message 'Syntax node is not within syntax tree'. [C:\Users\ultra\warewolf\Dev\Dev2.Infrastructure\Dev2.Infrastructure.csproj]
CSC : warning AD0001: Analyzer 'CodeCracker.CSharp.Design.UseInvokeMethodToFireEventAnalyzer' threw an exception of type 'System.ArgumentException' with message 'Syntax node is not within syntax tree'. [C:\Users\ultra\warewolf\Dev\Dev2.Infrastructure\Dev2.Infrastructure.csproj]
CSC : warning AD0001: Analyzer 'CodeCracker.CSharp.Design.UseInvokeMethodToFireEventAnalyzer' threw an exception of type 'System.ArgumentException' with message 'Syntax node is not within syntax tree'. [C:\Users\ultra\warewolf\Dev\Dev2.Infrastructure\Dev2.Infrastructure.csproj]
CSC : warning AD0001: Analyzer 'CodeCracker.CSharp.Design.UseInvokeMethodToFireEventAnalyzer' threw an exception of type 'System.ArgumentException' with message 'Syntax node is not within syntax tree'. [C:\Users\ultra\warewolf\Dev\Dev2.Infrastructure\Dev2.Infrastructure.csproj]
CSC : warning AD0001: Analyzer 'CodeCracker.CSharp.Design.UseInvokeMethodToFireEventAnalyzer' threw an exception of type 'System.ArgumentException' with message 'Syntax node is not within syntax tree'. [C:\Users\ultra\warewolf\Dev\Dev2.Infrastructure\Dev2.Infrastructure.csproj]
CSC : warning AD0001: Analyzer 'CodeCracker.CSharp.Design.UseInvokeMethodToFireEventAnalyzer' threw an exception of type 'System.ArgumentException' with message 'Syntax node is not within syntax tree'. [C:\Users\ultra\warewolf\Dev\Dev2.Infrastructure\Dev2.Infrastructure.csproj]
CSC : warning AD0001: Analyzer 'CodeCracker.CSharp.Design.UseInvokeMethodToFireEventAnalyzer' threw an exception of type 'System.ArgumentException' with message 'Syntax node is not within syntax tree'. [C:\Users\ultra\warewolf\Dev\Dev2.Infrastructure\Dev2.Infrastructure.csproj]
CSC : warning AD0001: Analyzer 'CodeCracker.CSharp.Design.UseInvokeMethodToFireEventAnalyzer' threw an exception of type 'System.ArgumentException' with message 'Syntax node is not within syntax tree'. [C:\Users\ultra\warewolf\Dev\Dev2.Infrastructure\Dev2.Infrastructure.csproj]
CSC : warning AD0001: Analyzer 'CodeCracker.CSharp.Design.UseInvokeMethodToFireEventAnalyzer' threw an exception of type 'System.ArgumentException' with message 'Syntax node is not within syntax tree'. [C:\Users\ultra\warewolf\Dev\Dev2.Infrastructure\Dev2.Infrastructure.csproj]
CSC : warning AD0001: Analyzer 'CodeCracker.CSharp.Design.UseInvokeMethodToFireEventAnalyzer' threw an exception of type 'System.ArgumentException' with message 'Syntax node is not within syntax tree'. [C:\Users\ultra\warewolf\Dev\Dev2.Infrastructure\Dev2.Infrastructure.csproj]
CSC : warning AD0001: Analyzer 'CodeCracker.CSharp.Design.UseInvokeMethodToFireEventAnalyzer' threw an exception of type 'System.ArgumentException' with message 'Syntax node is not within syntax tree'. [C:\Users\ultra\warewolf\Dev\Dev2.Infrastructure\Dev2.Infrastructure.csproj]
  Dev2.Infrastructure -> C:\Users\ultra\warewolf\Dev\Dev2.Infrastructure\bin\Debug\net8.0\Dev2.Infrastructure.dll
  Warewolf.Storage -> C:\Users\ultra\warewolf\Dev\Warewolf.Storage\bin\Debug\net8.0\Warewolf.Storage.dll
C:\Users\ultra\warewolf\Dev\Dev2.Services.Sql\ConnectionBuilder.cs(44,21): warning CC0029: 'ConnectionBuilder' should call GC.SuppressFinalize inside the Dispose method. (https://code-cracker.github.io/diagnostics/CC0029.html) [C:\Users\ultra\warewolf\Dev\Dev2.Services.Sql\Dev2.Services.Sql.csproj]
  Dev2.Services.Sql -> C:\Users\ultra\warewolf\Dev\Dev2.Services.Sql\bin\Debug\net8.0\Dev2.Services.Sql.dll
C:\Program Files\dotnet\sdk\10.0.201\Microsoft.CSharp.CurrentVersion.targets(130,9): warning MSB3884: Could not find rule set file "..\.sonarlint\warewolf_dotnet_frameworkcsharp.ruleset". [C:\Users\ultra\warewolf\Dev\Warewolf.Sharepoint\Warewolf.Sharepoint.csproj]
  Warewolf.Sharepoint -> C:\Users\ultra\warewolf\Dev\Warewolf.Sharepoint\bin\Debug\net8.0\Warewolf.Sharepoint.dll
C:\Program Files\dotnet\sdk\10.0.201\Microsoft.Common.CurrentVersion.targets(2451,5): warning MSB3245: Could not resolve this reference. Could not locate the assembly "System.Web". Check to make sure the assembly exists on disk. If this reference is required by your code, you may get compilation errors. [C:\Users\ultra\warewolf\Dev\Dev2.Data\Dev2.Data.csproj]
C:\Program Files\dotnet\sdk\10.0.201\Microsoft.Common.CurrentVersion.targets(2451,5): warning MSB3245: Could not resolve this reference. Could not locate the assembly "System.Web.Extensions". Check to make sure the assembly exists on disk. If this reference is required by your code, you may get compilation errors. [C:\Users\ultra\warewolf\Dev\Dev2.Data\Dev2.Data.csproj]
C:\Program Files\dotnet\sdk\10.0.201\Microsoft.Common.CurrentVersion.targets(2451,5): warning MSB3245: Could not resolve this reference. Could not locate the assembly "System.Xml.Linq". Check to make sure the assembly exists on disk. If this reference is required by your code, you may get compilation errors. [C:\Users\ultra\warewolf\Dev\Dev2.Data\Dev2.Data.csproj]
C:\Program Files\dotnet\sdk\10.0.201\Microsoft.Common.CurrentVersion.targets(2451,5): warning MSB3245: Could not resolve this reference. Could not locate the assembly "System.Data.DataSetExtensions". Check to make sure the assembly exists on disk. If this reference is required by your code, you may get compilation errors. [C:\Users\ultra\warewolf\Dev\Dev2.Data\Dev2.Data.csproj]
C:\Program Files\dotnet\sdk\10.0.201\Microsoft.Common.CurrentVersion.targets(2451,5): warning MSB3245: Could not resolve this reference. Could not locate the assembly "Microsoft.CSharp". Check to make sure the assembly exists on disk. If this reference is required by your code, you may get compilation errors. [C:\Users\ultra\warewolf\Dev\Dev2.Data\Dev2.Data.csproj]
C:\Program Files\dotnet\sdk\10.0.201\Microsoft.Common.CurrentVersion.targets(2451,5): warning MSB3245: Could not resolve this reference. Could not locate the assembly "System.Data". Check to make sure the assembly exists on disk. If this reference is required by your code, you may get compilation errors. [C:\Users\ultra\warewolf\Dev\Dev2.Data\Dev2.Data.csproj]
C:\Program Files\dotnet\sdk\10.0.201\Microsoft.Common.CurrentVersion.targets(2451,5): warning MSB3245: Could not resolve this reference. Could not locate the assembly "System.Xml". Check to make sure the assembly exists on disk. If this reference is required by your code, you may get compilation errors. [C:\Users\ultra\warewolf\Dev\Dev2.Data\Dev2.Data.csproj]
C:\Program Files\dotnet\sdk\10.0.201\Microsoft.Common.CurrentVersion.targets(2451,5): warning MSB3243: No way to resolve conflict between "System.Web, Version=4.0.0.0, Culture=neutral, PublicKeyToken=b03f5f7f11d50a3a" and "System.Web". Choosing "System.Web, Version=4.0.0.0, Culture=neutral, PublicKeyToken=b03f5f7f11d50a3a" arbitrarily. [C:\Users\ultra\warewolf\Dev\Dev2.Data\Dev2.Data.csproj]
C:\Program Files\dotnet\sdk\10.0.201\Microsoft.Common.CurrentVersion.targets(2451,5): warning MSB3243: No way to resolve conflict between "System.Xml.Linq, Version=4.0.0.0, Culture=neutral, PublicKeyToken=b77a5c561934e089" and "System.Xml.Linq". Choosing "System.Xml.Linq, Version=4.0.0.0, Culture=neutral, PublicKeyToken=b77a5c561934e089" arbitrarily. [C:\Users\ultra\warewolf\Dev\Dev2.Data\Dev2.Data.csproj]
C:\Program Files\dotnet\sdk\10.0.201\Microsoft.Common.CurrentVersion.targets(2451,5): warning MSB3243: No way to resolve conflict between "System.Data.DataSetExtensions, Version=8.0.0.0, Culture=neutral, PublicKeyToken=b77a5c561934e089" and "System.Data.DataSetExtensions". Choosing "System.Data.DataSetExtensions, Version=8.0.0.0, Culture=neutral, PublicKeyToken=b77a5c561934e089" arbitrarily. [C:\Users\ultra\warewolf\Dev\Dev2.Data\Dev2.Data.csproj]
C:\Program Files\dotnet\sdk\10.0.201\Microsoft.Common.CurrentVersion.targets(2451,5): warning MSB3243: No way to resolve conflict between "Microsoft.CSharp, Version=8.0.0.0, Culture=neutral, PublicKeyToken=b03f5f7f11d50a3a" and "Microsoft.CSharp". Choosing "Microsoft.CSharp, Version=8.0.0.0, Culture=neutral, PublicKeyToken=b03f5f7f11d50a3a" arbitrarily. [C:\Users\ultra\warewolf\Dev\Dev2.Data\Dev2.Data.csproj]
C:\Program Files\dotnet\sdk\10.0.201\Microsoft.Common.CurrentVersion.targets(2451,5): warning MSB3243: No way to resolve conflict between "System.Data, Version=4.0.0.0, Culture=neutral, PublicKeyToken=b77a5c561934e089" and "System.Data". Choosing "System.Data, Version=4.0.0.0, Culture=neutral, PublicKeyToken=b77a5c561934e089" arbitrarily. [C:\Users\ultra\warewolf\Dev\Dev2.Data\Dev2.Data.csproj]
C:\Program Files\dotnet\sdk\10.0.201\Microsoft.Common.CurrentVersion.targets(2451,5): warning MSB3243: No way to resolve conflict between "System.Xml, Version=4.0.0.0, Culture=neutral, PublicKeyToken=b77a5c561934e089" and "System.Xml". Choosing "System.Xml, Version=4.0.0.0, Culture=neutral, PublicKeyToken=b77a5c561934e089" arbitrarily. [C:\Users\ultra\warewolf\Dev\Dev2.Data\Dev2.Data.csproj]
CSC : warning CS2002: Source file 'C:\Users\ultra\warewolf\Dev\Dev2.Data\MathOperations\NCalc\NCalcExpressionBuilder.cs' specified multiple times [C:\Users\ultra\warewolf\Dev\Dev2.Data\Dev2.Data.csproj]
CSC : warning CS2002: Source file 'C:\Users\ultra\warewolf\Dev\Dev2.Data\MathOperations\NCalc\NCalcFunctionArgHelper.cs' specified multiple times [C:\Users\ultra\warewolf\Dev\Dev2.Data\Dev2.Data.csproj]
CSC : warning CS2002: Source file 'C:\Users\ultra\warewolf\Dev\Dev2.Data\MathOperations\NCalc\Functions\BaseConversionFunctions.cs' specified multiple times [C:\Users\ultra\warewolf\Dev\Dev2.Data\Dev2.Data.csproj]
CSC : warning CS2002: Source file 'C:\Users\ultra\warewolf\Dev\Dev2.Data\MathOperations\NCalc\Functions\ComplexFunctions.cs' specified multiple times [C:\Users\ultra\warewolf\Dev\Dev2.Data\Dev2.Data.csproj]
CSC : warning CS2002: Source file 'C:\Users\ultra\warewolf\Dev\Dev2.Data\MathOperations\NCalc\Functions\DateTimeFunctions.cs' specified multiple times [C:\Users\ultra\warewolf\Dev\Dev2.Data\Dev2.Data.csproj]
CSC : warning CS2002: Source file 'C:\Users\ultra\warewolf\Dev\Dev2.Data\MathOperations\NCalc\Functions\FinancialFunctions.cs' specified multiple times [C:\Users\ultra\warewolf\Dev\Dev2.Data\Dev2.Data.csproj]
CSC : warning CS2002: Source file 'C:\Users\ultra\warewolf\Dev\Dev2.Data\MathOperations\NCalc\Functions\InformationFunctions.cs' specified multiple times [C:\Users\ultra\warewolf\Dev\Dev2.Data\Dev2.Data.csproj]
CSC : warning CS2002: Source file 'C:\Users\ultra\warewolf\Dev\Dev2.Data\MathOperations\NCalc\Functions\MathFunctions.cs' specified multiple times [C:\Users\ultra\warewolf\Dev\Dev2.Data\Dev2.Data.csproj]
CSC : warning CS2002: Source file 'C:\Users\ultra\warewolf\Dev\Dev2.Data\MathOperations\NCalc\Functions\StringFunctions.cs' specified multiple times [C:\Users\ultra\warewolf\Dev\Dev2.Data\Dev2.Data.csproj]
C:\Users\ultra\warewolf\Dev\Dev2.Data\MathOperations\NCalc\Functions\MathFunctions.cs(22,30): warning CS8632: The annotation for nullable reference types should only be used in code within a '#nullable' annotations context. [C:\Users\ultra\warewolf\Dev\Dev2.Data\Dev2.Data.csproj]
C:\Users\ultra\warewolf\Dev\Dev2.Data\MathOperations\NCalc\NCalcFunctionArgHelper.cs(51,47): warning CS8632: The annotation for nullable reference types should only be used in code within a '#nullable' annotations context. [C:\Users\ultra\warewolf\Dev\Dev2.Data\Dev2.Data.csproj]
C:\Users\ultra\warewolf\Dev\Dev2.Data\MathOperations\NCalc\Functions\StringFunctions.cs(94,59): warning CS8632: The annotation for nullable reference types should only be used in code within a '#nullable' annotations context. [C:\Users\ultra\warewolf\Dev\Dev2.Data\Dev2.Data.csproj]
C:\Users\ultra\warewolf\Dev\Dev2.Data\NativeMethods.cs(66,59): warning CS0472: The result of the expression is always 'false' since a value of type 'nint' is never equal to 'null' of type 'nint?' [C:\Users\ultra\warewolf\Dev\Dev2.Data\Dev2.Data.csproj]
C:\Users\ultra\warewolf\Dev\Dev2.Data\NativeMethods.cs(88,8): warning CS0472: The result of the expression is always 'false' since a value of type 'nint' is never equal to 'null' of type 'nint?' [C:\Users\ultra\warewolf\Dev\Dev2.Data\Dev2.Data.csproj]
C:\Users\ultra\warewolf\Dev\Dev2.Data\Security\WindowsIdentityExtensions.cs(28,17): warning CA1416: This call site is reachable on all platforms. 'WindowsIdentity.RunImpersonated(SafeAccessTokenHandle, Action)' is only supported on: 'windows'. (https://learn.microsoft.com/dotnet/fundamentals/code-analysis/quality-rules/ca1416) [C:\Users\ultra\warewolf\Dev\Dev2.Data\Dev2.Data.csproj]
C:\Users\ultra\warewolf\Dev\Dev2.Data\Security\WindowsIdentityExtensions.cs(41,24): warning CA1416: This call site is reachable on all platforms. 'WindowsIdentity.RunImpersonated<T>(SafeAccessTokenHandle, Func<T>)' is only supported on: 'windows'. (https://learn.microsoft.com/dotnet/fundamentals/code-analysis/quality-rules/ca1416) [C:\Users\ultra\warewolf\Dev\Dev2.Data\Dev2.Data.csproj]
C:\Users\ultra\warewolf\Dev\Dev2.Data\Security\WindowsIdentityExtensions.cs(41,59): warning CA1416: This call site is reachable on all platforms. 'WindowsIdentity.AccessToken' is only supported on: 'windows'. (https://learn.microsoft.com/dotnet/fundamentals/code-analysis/quality-rules/ca1416) [C:\Users\ultra\warewolf\Dev\Dev2.Data\Dev2.Data.csproj]
C:\Users\ultra\warewolf\Dev\Dev2.Data\Security\WindowsIdentityExtensions.cs(28,49): warning CA1416: This call site is reachable on all platforms. 'WindowsIdentity.AccessToken' is only supported on: 'windows'. (https://learn.microsoft.com/dotnet/fundamentals/code-analysis/quality-rules/ca1416) [C:\Users\ultra\warewolf\Dev\Dev2.Data\Dev2.Data.csproj]
C:\Users\ultra\warewolf\Dev\Dev2.Data\PathOperations\ValidateAuthorization.cs(73,33): warning CA1416: This call site is reachable on all platforms. 'WindowsIdentity' is only supported on: 'windows'. (https://learn.microsoft.com/dotnet/fundamentals/code-analysis/quality-rules/ca1416) [C:\Users\ultra\warewolf\Dev\Dev2.Data\Dev2.Data.csproj]
  Dev2.Data -> C:\Users\ultra\warewolf\Dev\Dev2.Data\bin\Debug\net8.0\Dev2.Data.dll
  Warewolf.Driver.Serilog -> C:\Users\ultra\warewolf\Dev\Warewolf.Driver.Serilog\bin\Debug\net8.0\Warewolf.Driver.Serilog.dll
  Dev2.Scheduler -> C:\Users\ultra\warewolf\Dev\Dev2.Scheduler\bin\Debug\net8.0\Dev2.Scheduler.dll
  Dev2.Core -> C:\Users\ultra\warewolf\Dev\Dev2.Core\bin\Debug\net8.0\Dev2.Core.dll
C:\Users\ultra\warewolf\Dev\Warewolf.Auditing\Audit.cs(189,26): warning CS8073: The result of the expression is always 'false' since a value of type 'DateTime' is never equal to 'null' of type 'DateTime?' [C:\Users\ultra\warewolf\Dev\Warewolf.Auditing\Warewolf.Auditing.csproj]
C:\Users\ultra\warewolf\Dev\Warewolf.Auditing\Drivers\AuditQueryableElastic.cs(360,33): warning CS0618: 'ElasticsearchClient.Search<TDocument>(SearchRequestDescriptor<TDocument>)' is obsolete: 'Synchronous methods are deprecated and could be removed in the future.' [C:\Users\ultra\warewolf\Dev\Warewolf.Auditing\Warewolf.Auditing.csproj]
C:\Users\ultra\warewolf\Dev\Warewolf.Auditing\Drivers\AuditQueryableElastic.cs(384,26): warning CS0618: 'ElasticsearchClient.Ping()' is obsolete: 'Synchronous methods are deprecated and could be removed in the future.' [C:\Users\ultra\warewolf\Dev\Warewolf.Auditing\Warewolf.Auditing.csproj]
  Warewolf.ResourceManagement -> C:\Users\ultra\warewolf\Dev\Warewolf.ResourceManagement\bin\Debug\net8.0\Warewolf.ResourceManagement.dll
  Warewolf.Auditing -> C:\Users\ultra\warewolf\Dev\Warewolf.Auditing\bin\Debug\net8.0\Warewolf.Auditing.dll
C:\Users\ultra\warewolf\Dev\Warewolf.Core\InputsFromJson.cs(99,21): warning CC0105: Use 'var' instead of specifying the type name. (https://code-cracker.github.io/diagnostics/CC0105.html) [C:\Users\ultra\warewolf\Dev\Warewolf.Core\Warewolf.Core.csproj]
  Warewolf.Core -> C:\Users\ultra\warewolf\Dev\Warewolf.Core\bin\Debug\net8.0\Warewolf.Core.dll
C:\Users\ultra\warewolf\Dev\Warewolf.Common.NetStandard20\Wrappers\WebRequestWrapper.cs(26,24): warning SYSLIB0014: 'WebRequest.Create(string)' is obsolete: 'WebRequest, HttpWebRequest, ServicePoint, and WebClient are obsolete. Use HttpClient instead.' (https://aka.ms/dotnet-warnings/SYSLIB0014) [C:\Users\ultra\warewolf\Dev\Warewolf.Common.NetStandard20\Warewolf.Common.NetStandard20.csproj]
C:\Users\ultra\warewolf\Dev\Warewolf.Common.NetStandard20\Wrappers\WebClientWrapper.cs(26,26): warning SYSLIB0014: 'WebClient.WebClient()' is obsolete: 'WebRequest, HttpWebRequest, ServicePoint, and WebClient are obsolete. Use HttpClient instead.' (https://aka.ms/dotnet-warnings/SYSLIB0014) [C:\Users\ultra\warewolf\Dev\Warewolf.Common.NetStandard20\Warewolf.Common.NetStandard20.csproj]
C:\Users\ultra\warewolf\Dev\Warewolf.Common.NetStandard20\Wrappers\WebClientWrapper.cs(31,26): warning SYSLIB0014: 'WebClient.WebClient()' is obsolete: 'WebRequest, HttpWebRequest, ServicePoint, and WebClient are obsolete. Use HttpClient instead.' (https://aka.ms/dotnet-warnings/SYSLIB0014) [C:\Users\ultra\warewolf\Dev\Warewolf.Common.NetStandard20\Warewolf.Common.NetStandard20.csproj]
  Warewolf.Common.NetStandard20 -> C:\Users\ultra\warewolf\Dev\Warewolf.Common.NetStandard20\bin\Debug\net8.0\Warewolf.Common.NetStandard20.dll
C:\Users\ultra\warewolf\Dev\Dev2.Runtime.Services\ServiceModel\ElasticsearchSources.cs(110,34): warning CS0618: 'ElasticsearchClient.Ping()' is obsolete: 'Synchronous methods are deprecated and could be removed in the future.' [C:\Users\ultra\warewolf\Dev\Dev2.Runtime.Services\Dev2.Runtime.Services.csproj]
C:\Users\ultra\warewolf\Dev\Dev2.Runtime.Services\ESB\Management\Services\FetchTestsAndTriggers.cs(45,17): warning CC0105: Use 'var' instead of specifying the type name. (https://code-cracker.github.io/diagnostics/CC0105.html) [C:\Users\ultra\warewolf\Dev\Dev2.Runtime.Services\Dev2.Runtime.Services.csproj]
C:\Users\ultra\warewolf\Dev\Dev2.Runtime.Services\UsageLogger.cs(66,33): warning CC0022: ManagementObjectSearcher should be disposed. (https://code-cracker.github.io/diagnostics/CC0022.html) [C:\Users\ultra\warewolf\Dev\Dev2.Runtime.Services\Dev2.Runtime.Services.csproj]
C:\Users\ultra\warewolf\Dev\Dev2.Runtime.Services\ServiceModel\WebSources.cs(532,7): warning CC0004: Empty Catch Block. (https://code-cracker.github.io/diagnostics/CC0004.html) [C:\Users\ultra\warewolf\Dev\Dev2.Runtime.Services\Dev2.Runtime.Services.csproj]
C:\Users\ultra\warewolf\Dev\Dev2.Runtime.Services\ServiceModel\WebSources.cs(751,38): warning CC0022: StringContent should be disposed. (https://code-cracker.github.io/diagnostics/CC0022.html) [C:\Users\ultra\warewolf\Dev\Dev2.Runtime.Services\Dev2.Runtime.Services.csproj]
C:\Users\ultra\warewolf\Dev\Dev2.Runtime.Services\ESB\Management\Services\ChatbotToolNormalizer.cs(80,17): warning CC0003: Consider adding an Exception to the catch. (https://code-cracker.github.io/diagnostics/CC0003.html) [C:\Users\ultra\warewolf\Dev\Dev2.Runtime.Services\Dev2.Runtime.Services.csproj]
C:\Users\ultra\warewolf\Dev\Dev2.Runtime.Services\ESB\Management\Services\ChatbotToolNormalizer.cs(101,21): warning CC0004: Empty Catch Block. (https://code-cracker.github.io/diagnostics/CC0004.html) [C:\Users\ultra\warewolf\Dev\Dev2.Runtime.Services\Dev2.Runtime.Services.csproj]
C:\Users\ultra\warewolf\Dev\Dev2.Runtime.Services\ESB\Management\Services\TestChatbotSource.cs(44,17): warning CC0105: Use 'var' instead of specifying the type name. (https://code-cracker.github.io/diagnostics/CC0105.html) [C:\Users\ultra\warewolf\Dev\Dev2.Runtime.Services\Dev2.Runtime.Services.csproj]
C:\Users\ultra\warewolf\Dev\Dev2.Runtime.Services\ESB\Management\Services\TestChatbotSource.cs(45,17): warning CC0105: Use 'var' instead of specifying the type name. (https://code-cracker.github.io/diagnostics/CC0105.html) [C:\Users\ultra\warewolf\Dev\Dev2.Runtime.Services\Dev2.Runtime.Services.csproj]
C:\Users\ultra\warewolf\Dev\Dev2.Runtime.Services\ESB\Management\Services\ChatbotToolNormalizer.cs(226,21): warning CC0105: Use 'var' instead of specifying the type name. (https://code-cracker.github.io/diagnostics/CC0105.html) [C:\Users\ultra\warewolf\Dev\Dev2.Runtime.Services\Dev2.Runtime.Services.csproj]
C:\Users\ultra\warewolf\Dev\Dev2.Runtime.Services\ESB\Management\Services\ChatbotToolNormalizer.cs(279,21): warning CC0105: Use 'var' instead of specifying the type name. (https://code-cracker.github.io/diagnostics/CC0105.html) [C:\Users\ultra\warewolf\Dev\Dev2.Runtime.Services\Dev2.Runtime.Services.csproj]
  Dev2.Runtime.Services -> C:\Users\ultra\warewolf\Dev\Dev2.Runtime.Services\bin\Debug\net8.0\Dev2.Runtime.Services.dll
  Dev2.Studio.Interfaces -> C:\Users\ultra\warewolf\Dev\Dev2.Studio.Interfaces\bin\Debug\net8.0\Dev2.Studio.Interfaces.dll
  Warewolf.Testing -> C:\Users\ultra\warewolf\Dev\Warewolf.Testing\bin\Debug\net8.0\Warewolf.Testing.dll
C:\Program Files\dotnet\sdk\10.0.201\Microsoft.Common.CurrentVersion.targets(2451,5): warning MSB3277: Found conflicts between different versions of "Microsoft.Win32.SystemEvents" that could not be resolved. [C:\Users\ultra\warewolf\Dev\Warewolf.Core.Tests\Warewolf.Core.Tests.csproj]
C:\Program Files\dotnet\sdk\10.0.201\Microsoft.Common.CurrentVersion.targets(2451,5): warning MSB3277: There was a conflict between "Microsoft.Win32.SystemEvents, Version=6.0.0.0, Culture=neutral, PublicKeyToken=cc7b13ffcd2ddd51" and "Microsoft.Win32.SystemEvents, Version=7.0.0.0, Culture=neutral, PublicKeyToken=cc7b13ffcd2ddd51". [C:\Users\ultra\warewolf\Dev\Warewolf.Core.Tests\Warewolf.Core.Tests.csproj]
C:\Program Files\dotnet\sdk\10.0.201\Microsoft.Common.CurrentVersion.targets(2451,5): warning MSB3277:     "Microsoft.Win32.SystemEvents, Version=6.0.0.0, Culture=neutral, PublicKeyToken=cc7b13ffcd2ddd51" was chosen because it was primary and "Microsoft.Win32.SystemEvents, Version=7.0.0.0, Culture=neutral, PublicKeyToken=cc7b13ffcd2ddd51" was not. [C:\Users\ultra\warewolf\Dev\Warewolf.Core.Tests\Warewolf.Core.Tests.csproj]
C:\Program Files\dotnet\sdk\10.0.201\Microsoft.Common.CurrentVersion.targets(2451,5): warning MSB3277:     References which depend on "Microsoft.Win32.SystemEvents, Version=6.0.0.0, Culture=neutral, PublicKeyToken=cc7b13ffcd2ddd51" [C:\Users\ultra\.nuget\packages\microsoft.win32.systemevents\6.0.0\lib\net6.0\Microsoft.Win32.SystemEvents.dll]. [C:\Users\ultra\warewolf\Dev\Warewolf.Core.Tests\Warewolf.Core.Tests.csproj]
C:\Program Files\dotnet\sdk\10.0.201\Microsoft.Common.CurrentVersion.targets(2451,5): warning MSB3277:         C:\Users\ultra\.nuget\packages\microsoft.win32.systemevents\6.0.0\lib\net6.0\Microsoft.Win32.SystemEvents.dll [C:\Users\ultra\warewolf\Dev\Warewolf.Core.Tests\Warewolf.Core.Tests.csproj]
C:\Program Files\dotnet\sdk\10.0.201\Microsoft.Common.CurrentVersion.targets(2451,5): warning MSB3277:           Project file item includes which caused reference "C:\Users\ultra\.nuget\packages\microsoft.win32.systemevents\6.0.0\lib\net6.0\Microsoft.Win32.SystemEvents.dll". [C:\Users\ultra\warewolf\Dev\Warewolf.Core.Tests\Warewolf.Core.Tests.csproj]
C:\Program Files\dotnet\sdk\10.0.201\Microsoft.Common.CurrentVersion.targets(2451,5): warning MSB3277:             C:\Users\ultra\.nuget\packages\microsoft.win32.systemevents\6.0.0\lib\net6.0\Microsoft.Win32.SystemEvents.dll [C:\Users\ultra\warewolf\Dev\Warewolf.Core.Tests\Warewolf.Core.Tests.csproj]
C:\Program Files\dotnet\sdk\10.0.201\Microsoft.Common.CurrentVersion.targets(2451,5): warning MSB3277:     References which depend on or have been unified to "Microsoft.Win32.SystemEvents, Version=7.0.0.0, Culture=neutral, PublicKeyToken=cc7b13ffcd2ddd51" []. [C:\Users\ultra\warewolf\Dev\Warewolf.Core.Tests\Warewolf.Core.Tests.csproj]
C:\Program Files\dotnet\sdk\10.0.201\Microsoft.Common.CurrentVersion.targets(2451,5): warning MSB3277:         C:\Users\ultra\warewolf\Dev\Dev2.Common\bin\Debug\net8.0\Dev2.Common.dll [C:\Users\ultra\warewolf\Dev\Warewolf.Core.Tests\Warewolf.Core.Tests.csproj]
C:\Program Files\dotnet\sdk\10.0.201\Microsoft.Common.CurrentVersion.targets(2451,5): warning MSB3277:           Project file item includes which caused reference "C:\Users\ultra\warewolf\Dev\Dev2.Common\bin\Debug\net8.0\Dev2.Common.dll". [C:\Users\ultra\warewolf\Dev\Warewolf.Core.Tests\Warewolf.Core.Tests.csproj]
C:\Program Files\dotnet\sdk\10.0.201\Microsoft.Common.CurrentVersion.targets(2451,5): warning MSB3277:             C:\Users\ultra\warewolf\Dev\Dev2.Common\bin\Debug\net8.0\Dev2.Common.dll [C:\Users\ultra\warewolf\Dev\Warewolf.Core.Tests\Warewolf.Core.Tests.csproj]
C:\Program Files\dotnet\sdk\10.0.201\Microsoft.Common.CurrentVersion.targets(2451,5): warning MSB3277:             C:\Users\ultra\warewolf\Dev\Dev2.Infrastructure\bin\Debug\net8.0\Dev2.Infrastructure.dll [C:\Users\ultra\warewolf\Dev\Warewolf.Core.Tests\Warewolf.Core.Tests.csproj]
C:\Program Files\dotnet\sdk\10.0.201\Microsoft.Common.CurrentVersion.targets(2451,5): warning MSB3277:             C:\Users\ultra\warewolf\Dev\Warewolf.Core\bin\Debug\net8.0\Warewolf.Core.dll [C:\Users\ultra\warewolf\Dev\Warewolf.Core.Tests\Warewolf.Core.Tests.csproj]
C:\Program Files\dotnet\sdk\10.0.201\Microsoft.Common.CurrentVersion.targets(2451,5): warning MSB3277:             C:\Users\ultra\warewolf\Dev\Warewolf.Testing\bin\Debug\net8.0\Warewolf.Testing.dll [C:\Users\ultra\warewolf\Dev\Warewolf.Core.Tests\Warewolf.Core.Tests.csproj]
C:\Program Files\dotnet\sdk\10.0.201\Microsoft.Common.CurrentVersion.targets(2451,5): warning MSB3277:             C:\Users\ultra\warewolf\Dev\Dev2.Core\bin\Debug\net8.0\Dev2.Core.dll [C:\Users\ultra\warewolf\Dev\Warewolf.Core.Tests\Warewolf.Core.Tests.csproj]
C:\Program Files\dotnet\sdk\10.0.201\Microsoft.Common.CurrentVersion.targets(2451,5): warning MSB3277:             C:\Users\ultra\warewolf\Dev\Dev2.Data\bin\Debug\net8.0\Dev2.Data.dll [C:\Users\ultra\warewolf\Dev\Warewolf.Core.Tests\Warewolf.Core.Tests.csproj]
C:\Program Files\dotnet\sdk\10.0.201\Microsoft.Common.CurrentVersion.targets(2451,5): warning MSB3277:             C:\Users\ultra\warewolf\Dev\Dev2.Diagnostics\bin\Debug\net8.0\Dev2.Diagnostics.dll [C:\Users\ultra\warewolf\Dev\Warewolf.Core.Tests\Warewolf.Core.Tests.csproj]
C:\Program Files\dotnet\sdk\10.0.201\Microsoft.Common.CurrentVersion.targets(2451,5): warning MSB3277:             C:\Users\ultra\warewolf\Dev\Dev2.Runtime.Services\bin\Debug\net8.0\Dev2.Runtime.Services.dll [C:\Users\ultra\warewolf\Dev\Warewolf.Core.Tests\Warewolf.Core.Tests.csproj]
C:\Program Files\dotnet\sdk\10.0.201\Microsoft.Common.CurrentVersion.targets(2451,5): warning MSB3277:             C:\Users\ultra\warewolf\Dev\Dev2.Scheduler\bin\Debug\net8.0\Dev2.Scheduler.dll [C:\Users\ultra\warewolf\Dev\Warewolf.Core.Tests\Warewolf.Core.Tests.csproj]
C:\Program Files\dotnet\sdk\10.0.201\Microsoft.Common.CurrentVersion.targets(2451,5): warning MSB3277:             C:\Users\ultra\warewolf\Dev\Dev2.Services.Sql\bin\Debug\net8.0\Dev2.Services.Sql.dll [C:\Users\ultra\warewolf\Dev\Warewolf.Core.Tests\Warewolf.Core.Tests.csproj]
C:\Program Files\dotnet\sdk\10.0.201\Microsoft.Common.CurrentVersion.targets(2451,5): warning MSB3277:             C:\Users\ultra\warewolf\Dev\Dev2.Studio.Interfaces\bin\Debug\net8.0\Dev2.Studio.Interfaces.dll [C:\Users\ultra\warewolf\Dev\Warewolf.Core.Tests\Warewolf.Core.Tests.csproj]
C:\Program Files\dotnet\sdk\10.0.201\Microsoft.Common.CurrentVersion.targets(2451,5): warning MSB3277:             C:\Users\ultra\warewolf\Dev\Dev2.TaskScheduler.Wrappers\bin\Debug\net8.0\Dev2.TaskScheduler.Wrappers.dll [C:\Users\ultra\warewolf\Dev\Warewolf.Core.Tests\Warewolf.Core.Tests.csproj]
C:\Program Files\dotnet\sdk\10.0.201\Microsoft.Common.CurrentVersion.targets(2451,5): warning MSB3277:             C:\Users\ultra\warewolf\Dev\Dev2.Util\bin\Debug\net8.0\Dev2.Util.dll [C:\Users\ultra\warewolf\Dev\Warewolf.Core.Tests\Warewolf.Core.Tests.csproj]
C:\Program Files\dotnet\sdk\10.0.201\Microsoft.Common.CurrentVersion.targets(2451,5): warning MSB3277:             C:\Users\ultra\warewolf\Dev\Warewolf.AI.Harness\bin\Debug\net8.0\Warewolf.AI.Harness.dll [C:\Users\ultra\warewolf\Dev\Warewolf.Core.Tests\Warewolf.Core.Tests.csproj]
C:\Program Files\dotnet\sdk\10.0.201\Microsoft.Common.CurrentVersion.targets(2451,5): warning MSB3277:             C:\Users\ultra\warewolf\Dev\Warewolf.Auditing\bin\Debug\net8.0\Warewolf.Auditing.dll [C:\Users\ultra\warewolf\Dev\Warewolf.Core.Tests\Warewolf.Core.Tests.csproj]
C:\Program Files\dotnet\sdk\10.0.201\Microsoft.Common.CurrentVersion.targets(2451,5): warning MSB3277:             C:\Users\ultra\warewolf\Dev\Warewolf.Common.NetStandard20\bin\Debug\net8.0\Warewolf.Common.NetStandard20.dll [C:\Users\ultra\warewolf\Dev\Warewolf.Core.Tests\Warewolf.Core.Tests.csproj]
C:\Program Files\dotnet\sdk\10.0.201\Microsoft.Common.CurrentVersion.targets(2451,5): warning MSB3277:             C:\Users\ultra\warewolf\Dev\Warewolf.Driver.Serilog\bin\Debug\net8.0\Warewolf.Driver.Serilog.dll [C:\Users\ultra\warewolf\Dev\Warewolf.Core.Tests\Warewolf.Core.Tests.csproj]
C:\Program Files\dotnet\sdk\10.0.201\Microsoft.Common.CurrentVersion.targets(2451,5): warning MSB3277:             C:\Users\ultra\warewolf\Dev\Warewolf.ResourceManagement\bin\Debug\net8.0\Warewolf.ResourceManagement.dll [C:\Users\ultra\warewolf\Dev\Warewolf.Core.Tests\Warewolf.Core.Tests.csproj]
C:\Program Files\dotnet\sdk\10.0.201\Microsoft.Common.CurrentVersion.targets(2451,5): warning MSB3277:             C:\Users\ultra\warewolf\Dev\Warewolf.Sharepoint\bin\Debug\net8.0\Warewolf.Sharepoint.dll [C:\Users\ultra\warewolf\Dev\Warewolf.Core.Tests\Warewolf.Core.Tests.csproj]
C:\Program Files\dotnet\sdk\10.0.201\Microsoft.Common.CurrentVersion.targets(2451,5): warning MSB3277:             C:\Users\ultra\warewolf\Dev\Warewolf.Storage\bin\Debug\net8.0\Warewolf.Storage.dll [C:\Users\ultra\warewolf\Dev\Warewolf.Core.Tests\Warewolf.Core.Tests.csproj]
C:\Program Files\dotnet\sdk\10.0.201\Microsoft.Common.CurrentVersion.targets(2451,5): warning MSB3277:         C:\Users\ultra\.nuget\packages\timespan2\2.4.2\lib\netcoreapp3.1\TimeSpan2.dll [C:\Users\ultra\warewolf\Dev\Warewolf.Core.Tests\Warewolf.Core.Tests.csproj]
C:\Program Files\dotnet\sdk\10.0.201\Microsoft.Common.CurrentVersion.targets(2451,5): warning MSB3277:           Project file item includes which caused reference "C:\Users\ultra\.nuget\packages\timespan2\2.4.2\lib\netcoreapp3.1\TimeSpan2.dll". [C:\Users\ultra\warewolf\Dev\Warewolf.Core.Tests\Warewolf.Core.Tests.csproj]
C:\Program Files\dotnet\sdk\10.0.201\Microsoft.Common.CurrentVersion.targets(2451,5): warning MSB3277:             C:\Users\ultra\.nuget\packages\timespan2\2.4.2\lib\netcoreapp3.1\TimeSpan2.dll [C:\Users\ultra\warewolf\Dev\Warewolf.Core.Tests\Warewolf.Core.Tests.csproj]
C:\Program Files\dotnet\sdk\10.0.201\Microsoft.Common.CurrentVersion.targets(2451,5): warning MSB3277:             C:\Users\ultra\.nuget\packages\taskschedulereditor\2.10.1\lib\net452\Microsoft.Win32.TaskSchedulerEditor.dll [C:\Users\ultra\warewolf\Dev\Warewolf.Core.Tests\Warewolf.Core.Tests.csproj]
C:\Program Files\dotnet\sdk\10.0.201\Microsoft.Common.CurrentVersion.targets(2451,5): warning MSB3277:         C:\Program Files\dotnet\packs\Microsoft.NETCore.App.Ref\8.0.25\ref\net8.0\System.dll [C:\Users\ultra\warewolf\Dev\Warewolf.Core.Tests\Warewolf.Core.Tests.csproj]
C:\Program Files\dotnet\sdk\10.0.201\Microsoft.Common.CurrentVersion.targets(2451,5): warning MSB3277:           Project file item includes which caused reference "C:\Program Files\dotnet\packs\Microsoft.NETCore.App.Ref\8.0.25\ref\net8.0\System.dll". [C:\Users\ultra\warewolf\Dev\Warewolf.Core.Tests\Warewolf.Core.Tests.csproj]
C:\Program Files\dotnet\sdk\10.0.201\Microsoft.Common.CurrentVersion.targets(2451,5): warning MSB3277:             C:\Program Files\dotnet\packs\Microsoft.NETCore.App.Ref\8.0.25\ref/net8.0/System.dll [C:\Users\ultra\warewolf\Dev\Warewolf.Core.Tests\Warewolf.Core.Tests.csproj]
C:\Program Files\dotnet\sdk\10.0.201\Microsoft.Common.CurrentVersion.targets(2451,5): warning MSB3277:             C:\Users\ultra\.nuget\packages\aerowizard\2.3.1\lib\net45\AeroWizard.dll [C:\Users\ultra\warewolf\Dev\Warewolf.Core.Tests\Warewolf.Core.Tests.csproj]
C:\Program Files\dotnet\sdk\10.0.201\Microsoft.Common.CurrentVersion.targets(2451,5): warning MSB3277:             C:\Users\ultra\.nuget\packages\groupcontrols\1.9.0\lib\net45\GroupControls.dll [C:\Users\ultra\warewolf\Dev\Warewolf.Core.Tests\Warewolf.Core.Tests.csproj]
C:\Program Files\dotnet\sdk\10.0.201\Microsoft.Common.CurrentVersion.targets(2451,5): warning MSB3277:             C:\Users\ultra\.nuget\packages\microsoft.xaml.behaviors.wpf\1.1.122\lib\net462\Microsoft.Xaml.Behaviors.dll [C:\Users\ultra\warewolf\Dev\Warewolf.Core.Tests\Warewolf.Core.Tests.csproj]
C:\Program Files\dotnet\sdk\10.0.201\Microsoft.Common.CurrentVersion.targets(2451,5): warning MSB3277:             C:\Users\ultra\.nuget\packages\caliburn.micro\4.0.212\lib\netcoreapp3.1\Caliburn.Micro.Platform.dll [C:\Users\ultra\warewolf\Dev\Warewolf.Core.Tests\Warewolf.Core.Tests.csproj]
C:\Program Files\dotnet\sdk\10.0.201\Microsoft.Common.CurrentVersion.targets(2451,5): warning MSB3277:             C:\Users\ultra\.nuget\packages\prism.wpf\9.0.537\lib\net462\Prism.Wpf.dll [C:\Users\ultra\warewolf\Dev\Warewolf.Core.Tests\Warewolf.Core.Tests.csproj]
C:\Program Files\dotnet\sdk\10.0.201\Microsoft.Common.CurrentVersion.targets(2451,5): warning MSB3277:             C:\Users\ultra\.nuget\packages\reactiveui.wpf\18.4.1\lib\net462\ReactiveUI.Wpf.dll [C:\Users\ultra\warewolf\Dev\Warewolf.Core.Tests\Warewolf.Core.Tests.csproj]
C:\Program Files\dotnet\sdk\10.0.201\Microsoft.Common.CurrentVersion.targets(2451,5): warning MSB3277:             C:\Users\ultra\.nuget\packages\taskschedulereditor\2.10.1\lib\net452\Microsoft.Win32.TaskSchedulerEditor.dll [C:\Users\ultra\warewolf\Dev\Warewolf.Core.Tests\Warewolf.Core.Tests.csproj]
C:\Program Files\dotnet\sdk\10.0.201\Microsoft.Common.CurrentVersion.targets(2451,5): warning MSB3277:             C:\Users\ultra\.nuget\packages\ttcue.netcore.sharepointonline.csom.16.1.8029.1200\16.1.8029.1200\lib\netcoreapp2.0\Microsoft.SharePoint.Client.Runtime.Windows.dll [C:\Users\ultra\warewolf\Dev\Warewolf.Core.Tests\Warewolf.Core.Tests.csproj]
C:\Program Files\dotnet\sdk\10.0.201\Microsoft.Common.CurrentVersion.targets(2451,5): warning MSB3277:         C:\Users\ultra\warewolf\Dev\Binaries\Infragistcs_Net6\InfragisticsWPF4.v15.1.dll [C:\Users\ultra\warewolf\Dev\Warewolf.Core.Tests\Warewolf.Core.Tests.csproj]
C:\Program Files\dotnet\sdk\10.0.201\Microsoft.Common.CurrentVersion.targets(2451,5): warning MSB3277:           Project file item includes which caused reference "C:\Users\ultra\warewolf\Dev\Binaries\Infragistcs_Net6\InfragisticsWPF4.v15.1.dll". [C:\Users\ultra\warewolf\Dev\Warewolf.Core.Tests\Warewolf.Core.Tests.csproj]
C:\Program Files\dotnet\sdk\10.0.201\Microsoft.Common.CurrentVersion.targets(2451,5): warning MSB3277:             Infragistics.Calculations [C:\Users\ultra\warewolf\Dev\Warewolf.Core.Tests\Warewolf.Core.Tests.csproj]
C:\Program Files\dotnet\sdk\10.0.201\Microsoft.Common.CurrentVersion.targets(2451,5): warning MSB3277: Found conflicts between different versions of "WindowsBase" that could not be resolved. [C:\Users\ultra\warewolf\Dev\Warewolf.Core.Tests\Warewolf.Core.Tests.csproj]
C:\Program Files\dotnet\sdk\10.0.201\Microsoft.Common.CurrentVersion.targets(2451,5): warning MSB3277: There was a conflict between "WindowsBase, Version=4.0.0.0, Culture=neutral, PublicKeyToken=31bf3856ad364e35" and "WindowsBase, Version=6.0.2.0, Culture=neutral, PublicKeyToken=31bf3856ad364e35". [C:\Users\ultra\warewolf\Dev\Warewolf.Core.Tests\Warewolf.Core.Tests.csproj]
C:\Program Files\dotnet\sdk\10.0.201\Microsoft.Common.CurrentVersion.targets(2451,5): warning MSB3277:     "WindowsBase, Version=4.0.0.0, Culture=neutral, PublicKeyToken=31bf3856ad364e35" was chosen because it was primary and "WindowsBase, Version=6.0.2.0, Culture=neutral, PublicKeyToken=31bf3856ad364e35" was not. [C:\Users\ultra\warewolf\Dev\Warewolf.Core.Tests\Warewolf.Core.Tests.csproj]
C:\Program Files\dotnet\sdk\10.0.201\Microsoft.Common.CurrentVersion.targets(2451,5): warning MSB3277:     References which depend on "WindowsBase, Version=4.0.0.0, Culture=neutral, PublicKeyToken=31bf3856ad364e35" [C:\Program Files\dotnet\packs\Microsoft.NETCore.App.Ref\8.0.25\ref\net8.0\WindowsBase.dll]. [C:\Users\ultra\warewolf\Dev\Warewolf.Core.Tests\Warewolf.Core.Tests.csproj]
C:\Program Files\dotnet\sdk\10.0.201\Microsoft.Common.CurrentVersion.targets(2451,5): warning MSB3277:         C:\Program Files\dotnet\packs\Microsoft.NETCore.App.Ref\8.0.25\ref\net8.0\WindowsBase.dll [C:\Users\ultra\warewolf\Dev\Warewolf.Core.Tests\Warewolf.Core.Tests.csproj]
C:\Program Files\dotnet\sdk\10.0.201\Microsoft.Common.CurrentVersion.targets(2451,5): warning MSB3277:           Project file item includes which caused reference "C:\Program Files\dotnet\packs\Microsoft.NETCore.App.Ref\8.0.25\ref\net8.0\WindowsBase.dll". [C:\Users\ultra\warewolf\Dev\Warewolf.Core.Tests\Warewolf.Core.Tests.csproj]
C:\Program Files\dotnet\sdk\10.0.201\Microsoft.Common.CurrentVersion.targets(2451,5): warning MSB3277:             C:\Program Files\dotnet\packs\Microsoft.NETCore.App.Ref\8.0.25\ref/net8.0/WindowsBase.dll [C:\Users\ultra\warewolf\Dev\Warewolf.Core.Tests\Warewolf.Core.Tests.csproj]
C:\Program Files\dotnet\sdk\10.0.201\Microsoft.Common.CurrentVersion.targets(2451,5): warning MSB3277:     References which depend on or have been unified to "WindowsBase, Version=6.0.2.0, Culture=neutral, PublicKeyToken=31bf3856ad364e35" []. [C:\Users\ultra\warewolf\Dev\Warewolf.Core.Tests\Warewolf.Core.Tests.csproj]
C:\Program Files\dotnet\sdk\10.0.201\Microsoft.Common.CurrentVersion.targets(2451,5): warning MSB3277:         C:\Users\ultra\warewolf\Dev\Binaries\Infragistcs_Net6\Infragistics.Calculations.dll [C:\Users\ultra\warewolf\Dev\Warewolf.Core.Tests\Warewolf.Core.Tests.csproj]
C:\Program Files\dotnet\sdk\10.0.201\Microsoft.Common.CurrentVersion.targets(2451,5): warning MSB3277:           Project file item includes which caused reference "C:\Users\ultra\warewolf\Dev\Binaries\Infragistcs_Net6\Infragistics.Calculations.dll". [C:\Users\ultra\warewolf\Dev\Warewolf.Core.Tests\Warewolf.Core.Tests.csproj]
C:\Program Files\dotnet\sdk\10.0.201\Microsoft.Common.CurrentVersion.targets(2451,5): warning MSB3277:             Infragistics.Calculations [C:\Users\ultra\warewolf\Dev\Warewolf.Core.Tests\Warewolf.Core.Tests.csproj]
C:\Program Files\dotnet\sdk\10.0.201\Microsoft.Common.CurrentVersion.targets(2451,5): warning MSB3277:         C:\Users\ultra\.nuget\packages\caliburn.micro\4.0.212\lib\netcoreapp3.1\Caliburn.Micro.Platform.dll [C:\Users\ultra\warewolf\Dev\Warewolf.Core.Tests\Warewolf.Core.Tests.csproj]
C:\Program Files\dotnet\sdk\10.0.201\Microsoft.Common.CurrentVersion.targets(2451,5): warning MSB3277:           Project file item includes which caused reference "C:\Users\ultra\.nuget\packages\caliburn.micro\4.0.212\lib\netcoreapp3.1\Caliburn.Micro.Platform.dll". [C:\Users\ultra\warewolf\Dev\Warewolf.Core.Tests\Warewolf.Core.Tests.csproj]
C:\Program Files\dotnet\sdk\10.0.201\Microsoft.Common.CurrentVersion.targets(2451,5): warning MSB3277:             C:\Users\ultra\.nuget\packages\caliburn.micro\4.0.212\lib\netcoreapp3.1\Caliburn.Micro.Platform.dll [C:\Users\ultra\warewolf\Dev\Warewolf.Core.Tests\Warewolf.Core.Tests.csproj]
C:\Program Files\dotnet\sdk\10.0.201\Microsoft.Common.CurrentVersion.targets(2451,5): warning MSB3277:         C:\Users\ultra\.nuget\packages\microsoft.xaml.behaviors.wpf\1.1.122\lib\net462\Microsoft.Xaml.Behaviors.dll [C:\Users\ultra\warewolf\Dev\Warewolf.Core.Tests\Warewolf.Core.Tests.csproj]
C:\Program Files\dotnet\sdk\10.0.201\Microsoft.Common.CurrentVersion.targets(2451,5): warning MSB3277:           Project file item includes which caused reference "C:\Users\ultra\.nuget\packages\microsoft.xaml.behaviors.wpf\1.1.122\lib\net462\Microsoft.Xaml.Behaviors.dll". [C:\Users\ultra\warewolf\Dev\Warewolf.Core.Tests\Warewolf.Core.Tests.csproj]
C:\Program Files\dotnet\sdk\10.0.201\Microsoft.Common.CurrentVersion.targets(2451,5): warning MSB3277:             C:\Users\ultra\.nuget\packages\microsoft.xaml.behaviors.wpf\1.1.122\lib\net462\Microsoft.Xaml.Behaviors.dll [C:\Users\ultra\warewolf\Dev\Warewolf.Core.Tests\Warewolf.Core.Tests.csproj]
C:\Program Files\dotnet\sdk\10.0.201\Microsoft.Common.CurrentVersion.targets(2451,5): warning MSB3277:             C:\Users\ultra\.nuget\packages\caliburn.micro\4.0.212\lib\netcoreapp3.1\Caliburn.Micro.Platform.dll [C:\Users\ultra\warewolf\Dev\Warewolf.Core.Tests\Warewolf.Core.Tests.csproj]
C:\Program Files\dotnet\sdk\10.0.201\Microsoft.Common.CurrentVersion.targets(2451,5): warning MSB3277:             C:\Users\ultra\.nuget\packages\prism.wpf\9.0.537\lib\net462\Prism.Wpf.dll [C:\Users\ultra\warewolf\Dev\Warewolf.Core.Tests\Warewolf.Core.Tests.csproj]
C:\Program Files\dotnet\sdk\10.0.201\Microsoft.Common.CurrentVersion.targets(2451,5): warning MSB3277:         C:\Users\ultra\.nuget\packages\prism.wpf\9.0.537\lib\net462\Prism.Wpf.dll [C:\Users\ultra\warewolf\Dev\Warewolf.Core.Tests\Warewolf.Core.Tests.csproj]
C:\Program Files\dotnet\sdk\10.0.201\Microsoft.Common.CurrentVersion.targets(2451,5): warning MSB3277:           Project file item includes which caused reference "C:\Users\ultra\.nuget\packages\prism.wpf\9.0.537\lib\net462\Prism.Wpf.dll". [C:\Users\ultra\warewolf\Dev\Warewolf.Core.Tests\Warewolf.Core.Tests.csproj]
C:\Program Files\dotnet\sdk\10.0.201\Microsoft.Common.CurrentVersion.targets(2451,5): warning MSB3277:             C:\Users\ultra\.nuget\packages\prism.wpf\9.0.537\lib\net462\Prism.Wpf.dll [C:\Users\ultra\warewolf\Dev\Warewolf.Core.Tests\Warewolf.Core.Tests.csproj]
C:\Program Files\dotnet\sdk\10.0.201\Microsoft.Common.CurrentVersion.targets(2451,5): warning MSB3277:         C:\Users\ultra\.nuget\packages\reactiveui.wpf\18.4.1\lib\net462\ReactiveUI.Wpf.dll [C:\Users\ultra\warewolf\Dev\Warewolf.Core.Tests\Warewolf.Core.Tests.csproj]
C:\Program Files\dotnet\sdk\10.0.201\Microsoft.Common.CurrentVersion.targets(2451,5): warning MSB3277:           Project file item includes which caused reference "C:\Users\ultra\.nuget\packages\reactiveui.wpf\18.4.1\lib\net462\ReactiveUI.Wpf.dll". [C:\Users\ultra\warewolf\Dev\Warewolf.Core.Tests\Warewolf.Core.Tests.csproj]
C:\Program Files\dotnet\sdk\10.0.201\Microsoft.Common.CurrentVersion.targets(2451,5): warning MSB3277:             C:\Users\ultra\.nuget\packages\reactiveui.wpf\18.4.1\lib\net462\ReactiveUI.Wpf.dll [C:\Users\ultra\warewolf\Dev\Warewolf.Core.Tests\Warewolf.Core.Tests.csproj]
C:\Program Files\dotnet\sdk\10.0.201\Microsoft.Common.CurrentVersion.targets(2451,5): warning MSB3277:         C:\Users\ultra\warewolf\Dev\Binaries\Infragistcs_Net6\InfragisticsWPF4.v15.1.dll [C:\Users\ultra\warewolf\Dev\Warewolf.Core.Tests\Warewolf.Core.Tests.csproj]
C:\Program Files\dotnet\sdk\10.0.201\Microsoft.Common.CurrentVersion.targets(2451,5): warning MSB3277:           Project file item includes which caused reference "C:\Users\ultra\warewolf\Dev\Binaries\Infragistcs_Net6\InfragisticsWPF4.v15.1.dll". [C:\Users\ultra\warewolf\Dev\Warewolf.Core.Tests\Warewolf.Core.Tests.csproj]
C:\Program Files\dotnet\sdk\10.0.201\Microsoft.Common.CurrentVersion.targets(2451,5): warning MSB3277:             Infragistics.Calculations [C:\Users\ultra\warewolf\Dev\Warewolf.Core.Tests\Warewolf.Core.Tests.csproj]
C:\Program Files\dotnet\sdk\10.0.201\Microsoft.Common.CurrentVersion.targets(2451,5): warning MSB3277: Found conflicts between different versions of "System.Drawing.Common" that could not be resolved. [C:\Users\ultra\warewolf\Dev\Warewolf.Core.Tests\Warewolf.Core.Tests.csproj]
C:\Program Files\dotnet\sdk\10.0.201\Microsoft.Common.CurrentVersion.targets(2451,5): warning MSB3277: There was a conflict between "System.Drawing.Common, Version=6.0.0.0, Culture=neutral, PublicKeyToken=cc7b13ffcd2ddd51" and "System.Drawing.Common, Version=8.0.0.0, Culture=neutral, PublicKeyToken=cc7b13ffcd2ddd51". [C:\Users\ultra\warewolf\Dev\Warewolf.Core.Tests\Warewolf.Core.Tests.csproj]
C:\Program Files\dotnet\sdk\10.0.201\Microsoft.Common.CurrentVersion.targets(2451,5): warning MSB3277:     "System.Drawing.Common, Version=6.0.0.0, Culture=neutral, PublicKeyToken=cc7b13ffcd2ddd51" was chosen because it was primary and "System.Drawing.Common, Version=8.0.0.0, Culture=neutral, PublicKeyToken=cc7b13ffcd2ddd51" was not. [C:\Users\ultra\warewolf\Dev\Warewolf.Core.Tests\Warewolf.Core.Tests.csproj]
C:\Program Files\dotnet\sdk\10.0.201\Microsoft.Common.CurrentVersion.targets(2451,5): warning MSB3277:     References which depend on "System.Drawing.Common, Version=6.0.0.0, Culture=neutral, PublicKeyToken=cc7b13ffcd2ddd51" [C:\Users\ultra\.nuget\packages\system.drawing.common\6.0.0\lib\net6.0\System.Drawing.Common.dll]. [C:\Users\ultra\warewolf\Dev\Warewolf.Core.Tests\Warewolf.Core.Tests.csproj]
C:\Program Files\dotnet\sdk\10.0.201\Microsoft.Common.CurrentVersion.targets(2451,5): warning MSB3277:         C:\Users\ultra\.nuget\packages\system.drawing.common\6.0.0\lib\net6.0\System.Drawing.Common.dll [C:\Users\ultra\warewolf\Dev\Warewolf.Core.Tests\Warewolf.Core.Tests.csproj]
C:\Program Files\dotnet\sdk\10.0.201\Microsoft.Common.CurrentVersion.targets(2451,5): warning MSB3277:           Project file item includes which caused reference "C:\Users\ultra\.nuget\packages\system.drawing.common\6.0.0\lib\net6.0\System.Drawing.Common.dll". [C:\Users\ultra\warewolf\Dev\Warewolf.Core.Tests\Warewolf.Core.Tests.csproj]
C:\Program Files\dotnet\sdk\10.0.201\Microsoft.Common.CurrentVersion.targets(2451,5): warning MSB3277:             C:\Users\ultra\.nuget\packages\system.drawing.common\6.0.0\lib\net6.0\System.Drawing.Common.dll [C:\Users\ultra\warewolf\Dev\Warewolf.Core.Tests\Warewolf.Core.Tests.csproj]
C:\Program Files\dotnet\sdk\10.0.201\Microsoft.Common.CurrentVersion.targets(2451,5): warning MSB3277:     References which depend on or have been unified to "System.Drawing.Common, Version=8.0.0.0, Culture=neutral, PublicKeyToken=cc7b13ffcd2ddd51" []. [C:\Users\ultra\warewolf\Dev\Warewolf.Core.Tests\Warewolf.Core.Tests.csproj]
C:\Program Files\dotnet\sdk\10.0.201\Microsoft.Common.CurrentVersion.targets(2451,5): warning MSB3277:         C:\Users\ultra\.nuget\packages\servicestack\6.3.0\lib\net6.0\ServiceStack.dll [C:\Users\ultra\warewolf\Dev\Warewolf.Core.Tests\Warewolf.Core.Tests.csproj]
C:\Program Files\dotnet\sdk\10.0.201\Microsoft.Common.CurrentVersion.targets(2451,5): warning MSB3277:           Project file item includes which caused reference "C:\Users\ultra\.nuget\packages\servicestack\6.3.0\lib\net6.0\ServiceStack.dll". [C:\Users\ultra\warewolf\Dev\Warewolf.Core.Tests\Warewolf.Core.Tests.csproj]
C:\Program Files\dotnet\sdk\10.0.201\Microsoft.Common.CurrentVersion.targets(2451,5): warning MSB3277:             C:\Users\ultra\.nuget\packages\servicestack\6.3.0\lib\net6.0\ServiceStack.dll [C:\Users\ultra\warewolf\Dev\Warewolf.Core.Tests\Warewolf.Core.Tests.csproj]
C:\Program Files\dotnet\sdk\10.0.201\Microsoft.Common.CurrentVersion.targets(2451,5): warning MSB3277:         C:\Users\ultra\.nuget\packages\system.windows.extensions\8.0.0\lib\net8.0\System.Windows.Extensions.dll [C:\Users\ultra\warewolf\Dev\Warewolf.Core.Tests\Warewolf.Core.Tests.csproj]
C:\Program Files\dotnet\sdk\10.0.201\Microsoft.Common.CurrentVersion.targets(2451,5): warning MSB3277:           Project file item includes which caused reference "C:\Users\ultra\.nuget\packages\system.windows.extensions\8.0.0\lib\net8.0\System.Windows.Extensions.dll". [C:\Users\ultra\warewolf\Dev\Warewolf.Core.Tests\Warewolf.Core.Tests.csproj]
C:\Program Files\dotnet\sdk\10.0.201\Microsoft.Common.CurrentVersion.targets(2451,5): warning MSB3277:             C:\Users\ultra\.nuget\packages\system.windows.extensions\8.0.0\lib\net8.0\System.Windows.Extensions.dll [C:\Users\ultra\warewolf\Dev\Warewolf.Core.Tests\Warewolf.Core.Tests.csproj]
C:\Program Files\dotnet\sdk\10.0.201\Microsoft.Common.CurrentVersion.targets(2451,5): warning MSB3277:             C:\Users\ultra\.nuget\packages\system.security.permissions\8.0.0\lib\net8.0\System.Security.Permissions.dll [C:\Users\ultra\warewolf\Dev\Warewolf.Core.Tests\Warewolf.Core.Tests.csproj]
C:\Program Files\dotnet\sdk\10.0.201\Microsoft.Common.CurrentVersion.targets(2451,5): warning MSB3277:             C:\Users\ultra\warewolf\Dev\Dev2.Data\bin\Debug\net8.0\Dev2.Data.dll [C:\Users\ultra\warewolf\Dev\Warewolf.Core.Tests\Warewolf.Core.Tests.csproj]
C:\Program Files\dotnet\sdk\10.0.201\Microsoft.Common.CurrentVersion.targets(2451,5): warning MSB3277:             C:\Users\ultra\warewolf\Dev\Warewolf.Core\bin\Debug\net8.0\Warewolf.Core.dll [C:\Users\ultra\warewolf\Dev\Warewolf.Core.Tests\Warewolf.Core.Tests.csproj]
C:\Program Files\dotnet\sdk\10.0.201\Microsoft.Common.CurrentVersion.targets(2451,5): warning MSB3277:             C:\Users\ultra\warewolf\Dev\Warewolf.Testing\bin\Debug\net8.0\Warewolf.Testing.dll [C:\Users\ultra\warewolf\Dev\Warewolf.Core.Tests\Warewolf.Core.Tests.csproj]
C:\Program Files\dotnet\sdk\10.0.201\Microsoft.Common.CurrentVersion.targets(2451,5): warning MSB3277:             C:\Users\ultra\warewolf\Dev\Dev2.Core\bin\Debug\net8.0\Dev2.Core.dll [C:\Users\ultra\warewolf\Dev\Warewolf.Core.Tests\Warewolf.Core.Tests.csproj]
C:\Program Files\dotnet\sdk\10.0.201\Microsoft.Common.CurrentVersion.targets(2451,5): warning MSB3277:             C:\Users\ultra\warewolf\Dev\Dev2.Runtime.Services\bin\Debug\net8.0\Dev2.Runtime.Services.dll [C:\Users\ultra\warewolf\Dev\Warewolf.Core.Tests\Warewolf.Core.Tests.csproj]
C:\Program Files\dotnet\sdk\10.0.201\Microsoft.Common.CurrentVersion.targets(2451,5): warning MSB3277:             C:\Users\ultra\warewolf\Dev\Dev2.Scheduler\bin\Debug\net8.0\Dev2.Scheduler.dll [C:\Users\ultra\warewolf\Dev\Warewolf.Core.Tests\Warewolf.Core.Tests.csproj]
C:\Program Files\dotnet\sdk\10.0.201\Microsoft.Common.CurrentVersion.targets(2451,5): warning MSB3277:             C:\Users\ultra\warewolf\Dev\Dev2.Studio.Interfaces\bin\Debug\net8.0\Dev2.Studio.Interfaces.dll [C:\Users\ultra\warewolf\Dev\Warewolf.Core.Tests\Warewolf.Core.Tests.csproj]
C:\Program Files\dotnet\sdk\10.0.201\Microsoft.Common.CurrentVersion.targets(2451,5): warning MSB3277:             C:\Users\ultra\warewolf\Dev\Warewolf.Auditing\bin\Debug\net8.0\Warewolf.Auditing.dll [C:\Users\ultra\warewolf\Dev\Warewolf.Core.Tests\Warewolf.Core.Tests.csproj]
C:\Program Files\dotnet\sdk\10.0.201\Microsoft.Common.CurrentVersion.targets(2451,5): warning MSB3277:             C:\Users\ultra\warewolf\Dev\Warewolf.Common.NetStandard20\bin\Debug\net8.0\Warewolf.Common.NetStandard20.dll [C:\Users\ultra\warewolf\Dev\Warewolf.Core.Tests\Warewolf.Core.Tests.csproj]
C:\Program Files\dotnet\sdk\10.0.201\Microsoft.Common.CurrentVersion.targets(2451,5): warning MSB3277:             C:\Users\ultra\warewolf\Dev\Warewolf.ResourceManagement\bin\Debug\net8.0\Warewolf.ResourceManagement.dll [C:\Users\ultra\warewolf\Dev\Warewolf.Core.Tests\Warewolf.Core.Tests.csproj]
C:\Program Files\dotnet\sdk\10.0.201\Microsoft.Common.CurrentVersion.targets(2451,5): warning MSB3277:             C:\Users\ultra\.nuget\packages\dotnetzip\1.16.0\lib\netstandard2.0\DotNetZip.dll [C:\Users\ultra\warewolf\Dev\Warewolf.Core.Tests\Warewolf.Core.Tests.csproj]
C:\Program Files\dotnet\sdk\10.0.201\Microsoft.Common.CurrentVersion.targets(2451,5): warning MSB3277:             C:\Users\ultra\warewolf\Dev\Dev2.Common\bin\Debug\net8.0\Dev2.Common.dll [C:\Users\ultra\warewolf\Dev\Warewolf.Core.Tests\Warewolf.Core.Tests.csproj]
C:\Program Files\dotnet\sdk\10.0.201\Microsoft.Common.CurrentVersion.targets(2451,5): warning MSB3277:             C:\Users\ultra\warewolf\Dev\Dev2.Infrastructure\bin\Debug\net8.0\Dev2.Infrastructure.dll [C:\Users\ultra\warewolf\Dev\Warewolf.Core.Tests\Warewolf.Core.Tests.csproj]
C:\Program Files\dotnet\sdk\10.0.201\Microsoft.Common.CurrentVersion.targets(2451,5): warning MSB3277:             C:\Users\ultra\warewolf\Dev\Dev2.Data.Interfaces\bin\Debug\net8.0\Dev2.Data.Interfaces.dll [C:\Users\ultra\warewolf\Dev\Warewolf.Core.Tests\Warewolf.Core.Tests.csproj]
C:\Program Files\dotnet\sdk\10.0.201\Microsoft.Common.CurrentVersion.targets(2451,5): warning MSB3277:             C:\Users\ultra\warewolf\Dev\Dev2.Diagnostics\bin\Debug\net8.0\Dev2.Diagnostics.dll [C:\Users\ultra\warewolf\Dev\Warewolf.Core.Tests\Warewolf.Core.Tests.csproj]
C:\Program Files\dotnet\sdk\10.0.201\Microsoft.Common.CurrentVersion.targets(2451,5): warning MSB3277:             C:\Users\ultra\warewolf\Dev\Dev2.Services.Sql\bin\Debug\net8.0\Dev2.Services.Sql.dll [C:\Users\ultra\warewolf\Dev\Warewolf.Core.Tests\Warewolf.Core.Tests.csproj]
C:\Program Files\dotnet\sdk\10.0.201\Microsoft.Common.CurrentVersion.targets(2451,5): warning MSB3277:             C:\Users\ultra\warewolf\Dev\Dev2.TaskScheduler.Wrappers\bin\Debug\net8.0\Dev2.TaskScheduler.Wrappers.dll [C:\Users\ultra\warewolf\Dev\Warewolf.Core.Tests\Warewolf.Core.Tests.csproj]
C:\Program Files\dotnet\sdk\10.0.201\Microsoft.Common.CurrentVersion.targets(2451,5): warning MSB3277:             C:\Users\ultra\warewolf\Dev\Dev2.Util\bin\Debug\net8.0\Dev2.Util.dll [C:\Users\ultra\warewolf\Dev\Warewolf.Core.Tests\Warewolf.Core.Tests.csproj]
C:\Program Files\dotnet\sdk\10.0.201\Microsoft.Common.CurrentVersion.targets(2451,5): warning MSB3277:             C:\Users\ultra\warewolf\Dev\Warewolf.AI.Harness\bin\Debug\net8.0\Warewolf.AI.Harness.dll [C:\Users\ultra\warewolf\Dev\Warewolf.Core.Tests\Warewolf.Core.Tests.csproj]
C:\Program Files\dotnet\sdk\10.0.201\Microsoft.Common.CurrentVersion.targets(2451,5): warning MSB3277:             C:\Users\ultra\warewolf\Dev\Warewolf.Driver.Serilog\bin\Debug\net8.0\Warewolf.Driver.Serilog.dll [C:\Users\ultra\warewolf\Dev\Warewolf.Core.Tests\Warewolf.Core.Tests.csproj]
C:\Program Files\dotnet\sdk\10.0.201\Microsoft.Common.CurrentVersion.targets(2451,5): warning MSB3277:             C:\Users\ultra\warewolf\Dev\Warewolf.Sharepoint\bin\Debug\net8.0\Warewolf.Sharepoint.dll [C:\Users\ultra\warewolf\Dev\Warewolf.Core.Tests\Warewolf.Core.Tests.csproj]
C:\Program Files\dotnet\sdk\10.0.201\Microsoft.Common.CurrentVersion.targets(2451,5): warning MSB3277:             C:\Users\ultra\warewolf\Dev\Warewolf.Storage\bin\Debug\net8.0\Warewolf.Storage.dll [C:\Users\ultra\warewolf\Dev\Warewolf.Core.Tests\Warewolf.Core.Tests.csproj]
C:\Program Files\dotnet\sdk\10.0.201\Microsoft.Common.CurrentVersion.targets(2451,5): warning MSB3277:             C:\Users\ultra\.nuget\packages\mindbox.data.linq\5.0.0\lib\netstandard2.0\Mindbox.Data.Linq.dll [C:\Users\ultra\warewolf\Dev\Warewolf.Core.Tests\Warewolf.Core.Tests.csproj]
C:\Program Files\dotnet\sdk\10.0.201\Microsoft.Common.CurrentVersion.targets(2451,5): warning MSB3277:             C:\Users\ultra\.nuget\packages\mysql.data\8.4.0\lib\net8.0\MySql.Data.dll [C:\Users\ultra\warewolf\Dev\Warewolf.Core.Tests\Warewolf.Core.Tests.csproj]
C:\Program Files\dotnet\sdk\10.0.201\Microsoft.Common.CurrentVersion.targets(2451,5): warning MSB3277:             C:\Users\ultra\.nuget\packages\oracle.manageddataaccess.core\3.21.70\lib\netstandard2.1\Oracle.ManagedDataAccess.dll [C:\Users\ultra\warewolf\Dev\Warewolf.Core.Tests\Warewolf.Core.Tests.csproj]
C:\Program Files\dotnet\sdk\10.0.201\Microsoft.Common.CurrentVersion.targets(2451,5): warning MSB3277:             C:\Users\ultra\.nuget\packages\system.directoryservices\6.0.0\lib\net6.0\System.DirectoryServices.dll [C:\Users\ultra\warewolf\Dev\Warewolf.Core.Tests\Warewolf.Core.Tests.csproj]
C:\Program Files\dotnet\sdk\10.0.201\Microsoft.Common.CurrentVersion.targets(2451,5): warning MSB3277:             C:\Users\ultra\.nuget\packages\corewcf.primitives\1.2.1\lib\netstandard2.0\CoreWCF.Primitives.dll [C:\Users\ultra\warewolf\Dev\Warewolf.Core.Tests\Warewolf.Core.Tests.csproj]
C:\Program Files\dotnet\sdk\10.0.201\Microsoft.Common.CurrentVersion.targets(2451,5): warning MSB3277:             C:\Users\ultra\.nuget\packages\corewcf.http\1.2.1\lib\netstandard2.0\CoreWCF.Http.dll [C:\Users\ultra\warewolf\Dev\Warewolf.Core.Tests\Warewolf.Core.Tests.csproj]
C:\Program Files\dotnet\sdk\10.0.201\Microsoft.Common.CurrentVersion.targets(2451,5): warning MSB3277:             C:\Users\ultra\.nuget\packages\corewcf.nettcp\1.2.1\lib\netstandard2.0\CoreWCF.NetTcp.dll [C:\Users\ultra\warewolf\Dev\Warewolf.Core.Tests\Warewolf.Core.Tests.csproj]
C:\Program Files\dotnet\sdk\10.0.201\Microsoft.Common.CurrentVersion.targets(2451,5): warning MSB3277:             C:\Users\ultra\.nuget\packages\corewcf.webhttp\1.2.1\lib\netstandard2.0\CoreWCF.WebHttp.dll [C:\Users\ultra\warewolf\Dev\Warewolf.Core.Tests\Warewolf.Core.Tests.csproj]
C:\Program Files\dotnet\sdk\10.0.201\Microsoft.Common.CurrentVersion.targets(2451,5): warning MSB3277:             C:\Program Files\dotnet\packs\Microsoft.NETCore.App.Ref\8.0.25\ref/net8.0/System.Configuration.dll [C:\Users\ultra\warewolf\Dev\Warewolf.Core.Tests\Warewolf.Core.Tests.csproj]
C:\Program Files\dotnet\sdk\10.0.201\Microsoft.Common.CurrentVersion.targets(2451,5): warning MSB3277:             C:\Users\ultra\.nuget\packages\prism.wpf\9.0.537\lib\net462\Prism.Wpf.dll [C:\Users\ultra\warewolf\Dev\Warewolf.Core.Tests\Warewolf.Core.Tests.csproj]
C:\Program Files\dotnet\sdk\10.0.201\Microsoft.Common.CurrentVersion.targets(2451,5): warning MSB3277:             C:\Program Files\dotnet\packs\Microsoft.NETCore.App.Ref\8.0.25\ref/net8.0/System.Data.dll [C:\Users\ultra\warewolf\Dev\Warewolf.Core.Tests\Warewolf.Core.Tests.csproj]
C:\Program Files\dotnet\sdk\10.0.201\Microsoft.Common.CurrentVersion.targets(2451,5): warning MSB3277:             C:\Users\ultra\.nuget\packages\taskschedulereditor\2.10.1\lib\net452\Microsoft.Win32.TaskSchedulerEditor.dll [C:\Users\ultra\warewolf\Dev\Warewolf.Core.Tests\Warewolf.Core.Tests.csproj]
C:\Program Files\dotnet\sdk\10.0.201\Microsoft.Common.CurrentVersion.targets(2451,5): warning MSB3277:             C:\Program Files\dotnet\packs\Microsoft.NETCore.App.Ref\8.0.25\ref/net8.0/System.Drawing.dll [C:\Users\ultra\warewolf\Dev\Warewolf.Core.Tests\Warewolf.Core.Tests.csproj]
C:\Program Files\dotnet\sdk\10.0.201\Microsoft.Common.CurrentVersion.targets(2451,5): warning MSB3277:             C:\Users\ultra\.nuget\packages\aerowizard\2.3.1\lib\net45\AeroWizard.dll [C:\Users\ultra\warewolf\Dev\Warewolf.Core.Tests\Warewolf.Core.Tests.csproj]
C:\Program Files\dotnet\sdk\10.0.201\Microsoft.Common.CurrentVersion.targets(2451,5): warning MSB3277:             C:\Users\ultra\.nuget\packages\groupcontrols\1.9.0\lib\net45\GroupControls.dll [C:\Users\ultra\warewolf\Dev\Warewolf.Core.Tests\Warewolf.Core.Tests.csproj]
C:\Program Files\dotnet\sdk\10.0.201\Microsoft.Common.CurrentVersion.targets(2451,5): warning MSB3277:             C:\Program Files\dotnet\packs\Microsoft.NETCore.App.Ref\8.0.25\ref/net8.0/System.Net.dll [C:\Users\ultra\warewolf\Dev\Warewolf.Core.Tests\Warewolf.Core.Tests.csproj]
C:\Program Files\dotnet\sdk\10.0.201\Microsoft.Common.CurrentVersion.targets(2451,5): warning MSB3277:             C:\Program Files\dotnet\packs\Microsoft.NETCore.App.Ref\8.0.25\ref/net8.0/System.Security.dll [C:\Users\ultra\warewolf\Dev\Warewolf.Core.Tests\Warewolf.Core.Tests.csproj]
C:\Program Files\dotnet\sdk\10.0.201\Microsoft.Common.CurrentVersion.targets(2451,5): warning MSB3277:             C:\Program Files\dotnet\packs\Microsoft.NETCore.App.Ref\8.0.25\ref/net8.0/System.ServiceProcess.dll [C:\Users\ultra\warewolf\Dev\Warewolf.Core.Tests\Warewolf.Core.Tests.csproj]
C:\Program Files\dotnet\sdk\10.0.201\Microsoft.Common.CurrentVersion.targets(2451,5): warning MSB3277:             C:\Program Files\dotnet\packs\Microsoft.NETCore.App.Ref\8.0.25\ref/net8.0/System.Transactions.dll [C:\Users\ultra\warewolf\Dev\Warewolf.Core.Tests\Warewolf.Core.Tests.csproj]
C:\Program Files\dotnet\sdk\10.0.201\Microsoft.Common.CurrentVersion.targets(2451,5): warning MSB3277:             C:\Program Files\dotnet\packs\Microsoft.NETCore.App.Ref\8.0.25\ref/net8.0/System.dll [C:\Users\ultra\warewolf\Dev\Warewolf.Core.Tests\Warewolf.Core.Tests.csproj]
C:\Program Files\dotnet\sdk\10.0.201\Microsoft.Common.CurrentVersion.targets(2451,5): warning MSB3277:             C:\Users\ultra\.nuget\packages\microsoft.xaml.behaviors.wpf\1.1.122\lib\net462\Microsoft.Xaml.Behaviors.dll [C:\Users\ultra\warewolf\Dev\Warewolf.Core.Tests\Warewolf.Core.Tests.csproj]
C:\Program Files\dotnet\sdk\10.0.201\Microsoft.Common.CurrentVersion.targets(2451,5): warning MSB3277:             C:\Users\ultra\.nuget\packages\caliburn.micro\4.0.212\lib\netcoreapp3.1\Caliburn.Micro.Platform.dll [C:\Users\ultra\warewolf\Dev\Warewolf.Core.Tests\Warewolf.Core.Tests.csproj]
C:\Program Files\dotnet\sdk\10.0.201\Microsoft.Common.CurrentVersion.targets(2451,5): warning MSB3277:             C:\Users\ultra\.nuget\packages\reactiveui.wpf\18.4.1\lib\net462\ReactiveUI.Wpf.dll [C:\Users\ultra\warewolf\Dev\Warewolf.Core.Tests\Warewolf.Core.Tests.csproj]
C:\Program Files\dotnet\sdk\10.0.201\Microsoft.Common.CurrentVersion.targets(2451,5): warning MSB3277:             C:\Users\ultra\.nuget\packages\ttcue.netcore.sharepointonline.csom.16.1.8029.1200\16.1.8029.1200\lib\netcoreapp2.0\Microsoft.SharePoint.Client.Runtime.Windows.dll [C:\Users\ultra\warewolf\Dev\Warewolf.Core.Tests\Warewolf.Core.Tests.csproj]
C:\Program Files\dotnet\sdk\10.0.201\Microsoft.Common.CurrentVersion.targets(2451,5): warning MSB3277:             C:\Program Files\dotnet\packs\Microsoft.NETCore.App.Ref\8.0.25\ref/net8.0/WindowsBase.dll [C:\Users\ultra\warewolf\Dev\Warewolf.Core.Tests\Warewolf.Core.Tests.csproj]
C:\Program Files\dotnet\sdk\10.0.201\Microsoft.Common.CurrentVersion.targets(2451,5): warning MSB3277:             C:\Program Files\dotnet\packs\Microsoft.NETCore.App.Ref\8.0.25\ref/net8.0/mscorlib.dll [C:\Users\ultra\warewolf\Dev\Warewolf.Core.Tests\Warewolf.Core.Tests.csproj]
C:\Program Files\dotnet\sdk\10.0.201\Microsoft.Common.CurrentVersion.targets(2451,5): warning MSB3277:             C:\Users\ultra\.nuget\packages\microsoft.codecoverage\17.13.0\lib\netcoreapp3.1\Microsoft.VisualStudio.CodeCoverage.Shim.dll [C:\Users\ultra\warewolf\Dev\Warewolf.Core.Tests\Warewolf.Core.Tests.csproj]
C:\Program Files\dotnet\sdk\10.0.201\Microsoft.Common.CurrentVersion.targets(2451,5): warning MSB3277:             Infragistics.Calculations [C:\Users\ultra\warewolf\Dev\Warewolf.Core.Tests\Warewolf.Core.Tests.csproj]
C:\Program Files\dotnet\sdk\10.0.201\Microsoft.Common.CurrentVersion.targets(2451,5): warning MSB3277:         C:\Program Files\dotnet\packs\Microsoft.NETCore.App.Ref\8.0.25\ref\net8.0\System.Drawing.dll [C:\Users\ultra\warewolf\Dev\Warewolf.Core.Tests\Warewolf.Core.Tests.csproj]
C:\Program Files\dotnet\sdk\10.0.201\Microsoft.Common.CurrentVersion.targets(2451,5): warning MSB3277:           Project file item includes which caused reference "C:\Program Files\dotnet\packs\Microsoft.NETCore.App.Ref\8.0.25\ref\net8.0\System.Drawing.dll". [C:\Users\ultra\warewolf\Dev\Warewolf.Core.Tests\Warewolf.Core.Tests.csproj]
C:\Program Files\dotnet\sdk\10.0.201\Microsoft.Common.CurrentVersion.targets(2451,5): warning MSB3277:             C:\Program Files\dotnet\packs\Microsoft.NETCore.App.Ref\8.0.25\ref/net8.0/System.Drawing.dll [C:\Users\ultra\warewolf\Dev\Warewolf.Core.Tests\Warewolf.Core.Tests.csproj]
C:\Program Files\dotnet\sdk\10.0.201\Microsoft.Common.CurrentVersion.targets(2451,5): warning MSB3277:             C:\Users\ultra\.nuget\packages\aerowizard\2.3.1\lib\net45\AeroWizard.dll [C:\Users\ultra\warewolf\Dev\Warewolf.Core.Tests\Warewolf.Core.Tests.csproj]
C:\Program Files\dotnet\sdk\10.0.201\Microsoft.Common.CurrentVersion.targets(2451,5): warning MSB3277:             C:\Users\ultra\.nuget\packages\groupcontrols\1.9.0\lib\net45\GroupControls.dll [C:\Users\ultra\warewolf\Dev\Warewolf.Core.Tests\Warewolf.Core.Tests.csproj]
C:\Program Files\dotnet\sdk\10.0.201\Microsoft.Common.CurrentVersion.targets(2451,5): warning MSB3277:             C:\Users\ultra\.nuget\packages\taskschedulereditor\2.10.1\lib\net452\Microsoft.Win32.TaskSchedulerEditor.dll [C:\Users\ultra\warewolf\Dev\Warewolf.Core.Tests\Warewolf.Core.Tests.csproj]
C:\Users\ultra\warewolf\Dev\Warewolf.Core.Tests\Parsing\BitVectorTest.cs(23,21): warning MSTEST0005: Property 'TestContext' should be valid (https://learn.microsoft.com/dotnet/core/testing/mstest-analyzers/mstest0005) [C:\Users\ultra\warewolf\Dev\Warewolf.Core.Tests\Warewolf.Core.Tests.csproj]
  Warewolf.Core.Tests -> C:\Users\ultra\warewolf\Dev\Warewolf.Core.Tests\bin\Debug\net8.0\linux-x64\Warewolf.Core.Tests.dll
  Warewolf.Core.Tests -> C:\Users\ultra\warewolf\Bin\ServerTests-Linux\Warewolf.Core.Tests\
Publishing Warewolf.Data.Tests for linux-x64...
  Determining projects to restore...
C:\Users\ultra\warewolf\Dev\Warewolf.Language.Parser\Warewolf.Language.Parser.fsproj : warning NU1504: Duplicate 'PackageReference' items found. Remove the duplicate items or use the Update functionality to ensure a consistent restore behavior. The duplicate 'PackageReference' items are: FSharp.Core 10.1.201, FSharp.Core 4.6.2.
C:\Users\ultra\warewolf\Dev\Warewolf.Security\Warewolf.Security.csproj : warning NU1904: Package 'System.Drawing.Common' 4.5.1 has a known critical severity vulnerability, https://github.com/advisories/GHSA-rxg9-xrhp-64gj [C:\Users\ultra\warewolf\Dev\Warewolf.Data.Tests\Warewolf.Data.Tests.csproj]
C:\Users\ultra\warewolf\Dev\Warewolf.Sharepoint\Warewolf.Sharepoint.csproj : warning NU1701: Package 'AeroWizard 2.3.1' was restored using '.NETFramework,Version=v4.6.1, .NETFramework,Version=v4.6.2, .NETFramework,Version=v4.7, .NETFramework,Version=v4.7.1, .NETFramework,Version=v4.7.2, .NETFramework,Version=v4.8, .NETFramework,Version=v4.8.1' instead of the project target framework 'net8.0'. This package may not be fully compatible with your project. [C:\Users\ultra\warewolf\Dev\Warewolf.Data.Tests\Warewolf.Data.Tests.csproj]
C:\Users\ultra\warewolf\Dev\Warewolf.Common\Warewolf.Common.csproj : warning NU1701: Package 'AeroWizard 2.3.1' was restored using '.NETFramework,Version=v4.6.1, .NETFramework,Version=v4.6.2, .NETFramework,Version=v4.7, .NETFramework,Version=v4.7.1, .NETFramework,Version=v4.7.2, .NETFramework,Version=v4.8, .NETFramework,Version=v4.8.1' instead of the project target framework 'net8.0'. This package may not be fully compatible with your project. [C:\Users\ultra\warewolf\Dev\Warewolf.Data.Tests\Warewolf.Data.Tests.csproj]
C:\Users\ultra\warewolf\Dev\Warewolf.Data\Warewolf.Data.csproj : warning NU1701: Package 'AeroWizard 2.3.1' was restored using '.NETFramework,Version=v4.6.1, .NETFramework,Version=v4.6.2, .NETFramework,Version=v4.7, .NETFramework,Version=v4.7.1, .NETFramework,Version=v4.7.2, .NETFramework,Version=v4.8, .NETFramework,Version=v4.8.1' instead of the project target framework 'net8.0'. This package may not be fully compatible with your project. [C:\Users\ultra\warewolf\Dev\Warewolf.Data.Tests\Warewolf.Data.Tests.csproj]
C:\Users\ultra\warewolf\Dev\Warewolf.Storage\Warewolf.Storage.csproj : warning NU1701: Package 'AeroWizard 2.3.1' was restored using '.NETFramework,Version=v4.6.1, .NETFramework,Version=v4.6.2, .NETFramework,Version=v4.7, .NETFramework,Version=v4.7.1, .NETFramework,Version=v4.7.2, .NETFramework,Version=v4.8, .NETFramework,Version=v4.8.1' instead of the project target framework 'net8.0'. This package may not be fully compatible with your project. [C:\Users\ultra\warewolf\Dev\Warewolf.Data.Tests\Warewolf.Data.Tests.csproj]
C:\Users\ultra\warewolf\Dev\Dev2.Infrastructure\Dev2.Infrastructure.csproj : warning NU1903: Package 'Microsoft.Windows.Compatibility' 6.0.0 has a known high severity vulnerability, https://github.com/advisories/GHSA-555c-2p6r-68mm [C:\Users\ultra\warewolf\Dev\Warewolf.Data.Tests\Warewolf.Data.Tests.csproj]
C:\Users\ultra\warewolf\Dev\Warewolf.Sharepoint\Warewolf.Sharepoint.csproj : warning NU1701: Package 'GroupControls 1.9.0' was restored using '.NETFramework,Version=v4.6.1, .NETFramework,Version=v4.6.2, .NETFramework,Version=v4.7, .NETFramework,Version=v4.7.1, .NETFramework,Version=v4.7.2, .NETFramework,Version=v4.8, .NETFramework,Version=v4.8.1' instead of the project target framework 'net8.0'. This package may not be fully compatible with your project. [C:\Users\ultra\warewolf\Dev\Warewolf.Data.Tests\Warewolf.Data.Tests.csproj]
C:\Users\ultra\warewolf\Dev\Warewolf.Common\Warewolf.Common.csproj : warning NU1701: Package 'GroupControls 1.9.0' was restored using '.NETFramework,Version=v4.6.1, .NETFramework,Version=v4.6.2, .NETFramework,Version=v4.7, .NETFramework,Version=v4.7.1, .NETFramework,Version=v4.7.2, .NETFramework,Version=v4.8, .NETFramework,Version=v4.8.1' instead of the project target framework 'net8.0'. This package may not be fully compatible with your project. [C:\Users\ultra\warewolf\Dev\Warewolf.Data.Tests\Warewolf.Data.Tests.csproj]
C:\Users\ultra\warewolf\Dev\Warewolf.Storage\Warewolf.Storage.csproj : warning NU1701: Package 'GroupControls 1.9.0' was restored using '.NETFramework,Version=v4.6.1, .NETFramework,Version=v4.6.2, .NETFramework,Version=v4.7, .NETFramework,Version=v4.7.1, .NETFramework,Version=v4.7.2, .NETFramework,Version=v4.8, .NETFramework,Version=v4.8.1' instead of the project target framework 'net8.0'. This package may not be fully compatible with your project. [C:\Users\ultra\warewolf\Dev\Warewolf.Data.Tests\Warewolf.Data.Tests.csproj]
C:\Users\ultra\warewolf\Dev\Warewolf.Data\Warewolf.Data.csproj : warning NU1701: Package 'GroupControls 1.9.0' was restored using '.NETFramework,Version=v4.6.1, .NETFramework,Version=v4.6.2, .NETFramework,Version=v4.7, .NETFramework,Version=v4.7.1, .NETFramework,Version=v4.7.2, .NETFramework,Version=v4.8, .NETFramework,Version=v4.8.1' instead of the project target framework 'net8.0'. This package may not be fully compatible with your project. [C:\Users\ultra\warewolf\Dev\Warewolf.Data.Tests\Warewolf.Data.Tests.csproj]
C:\Users\ultra\warewolf\Dev\Warewolf.Sharepoint\Warewolf.Sharepoint.csproj : warning NU1701: Package 'ReactiveUI.WPF 18.4.1' was restored using '.NETFramework,Version=v4.6.1, .NETFramework,Version=v4.6.2, .NETFramework,Version=v4.7, .NETFramework,Version=v4.7.1, .NETFramework,Version=v4.7.2, .NETFramework,Version=v4.8, .NETFramework,Version=v4.8.1' instead of the project target framework 'net8.0'. This package may not be fully compatible with your project. [C:\Users\ultra\warewolf\Dev\Warewolf.Data.Tests\Warewolf.Data.Tests.csproj]
C:\Users\ultra\warewolf\Dev\Warewolf.Storage\Warewolf.Storage.csproj : warning NU1701: Package 'ReactiveUI.WPF 18.4.1' was restored using '.NETFramework,Version=v4.6.1, .NETFramework,Version=v4.6.2, .NETFramework,Version=v4.7, .NETFramework,Version=v4.7.1, .NETFramework,Version=v4.7.2, .NETFramework,Version=v4.8, .NETFramework,Version=v4.8.1' instead of the project target framework 'net8.0'. This package may not be fully compatible with your project. [C:\Users\ultra\warewolf\Dev\Warewolf.Data.Tests\Warewolf.Data.Tests.csproj]
C:\Users\ultra\warewolf\Dev\Dev2.Infrastructure\Dev2.Infrastructure.csproj : warning NU1701: Package 'AeroWizard 2.3.1' was restored using '.NETFramework,Version=v4.6.1, .NETFramework,Version=v4.6.2, .NETFramework,Version=v4.7, .NETFramework,Version=v4.7.1, .NETFramework,Version=v4.7.2, .NETFramework,Version=v4.8, .NETFramework,Version=v4.8.1' instead of the project target framework 'net8.0'. This package may not be fully compatible with your project. [C:\Users\ultra\warewolf\Dev\Warewolf.Data.Tests\Warewolf.Data.Tests.csproj]
C:\Users\ultra\warewolf\Dev\Dev2.Data.Interfaces\Dev2.Data.Interfaces.csproj : warning NU1903: Package 'DotNetZip' 1.16.0 has a known high severity vulnerability, https://github.com/advisories/GHSA-xhg6-9j5j-w4vf [C:\Users\ultra\warewolf\Dev\Warewolf.Data.Tests\Warewolf.Data.Tests.csproj]
C:\Users\ultra\warewolf\Dev\Warewolf.Common\Warewolf.Common.csproj : warning NU1701: Package 'TaskSchedulerEditor 2.10.1' was restored using '.NETFramework,Version=v4.6.1, .NETFramework,Version=v4.6.2, .NETFramework,Version=v4.7, .NETFramework,Version=v4.7.1, .NETFramework,Version=v4.7.2, .NETFramework,Version=v4.8, .NETFramework,Version=v4.8.1' instead of the project target framework 'net8.0'. This package may not be fully compatible with your project. [C:\Users\ultra\warewolf\Dev\Warewolf.Data.Tests\Warewolf.Data.Tests.csproj]
C:\Users\ultra\warewolf\Dev\Warewolf.Storage\Warewolf.Storage.csproj : warning NU1701: Package 'TaskSchedulerEditor 2.10.1' was restored using '.NETFramework,Version=v4.6.1, .NETFramework,Version=v4.6.2, .NETFramework,Version=v4.7, .NETFramework,Version=v4.7.1, .NETFramework,Version=v4.7.2, .NETFramework,Version=v4.8, .NETFramework,Version=v4.8.1' instead of the project target framework 'net8.0'. This package may not be fully compatible with your project. [C:\Users\ultra\warewolf\Dev\Warewolf.Data.Tests\Warewolf.Data.Tests.csproj]
C:\Users\ultra\warewolf\Dev\Dev2.Infrastructure\Dev2.Infrastructure.csproj : warning NU1701: Package 'GroupControls 1.9.0' was restored using '.NETFramework,Version=v4.6.1, .NETFramework,Version=v4.6.2, .NETFramework,Version=v4.7, .NETFramework,Version=v4.7.1, .NETFramework,Version=v4.7.2, .NETFramework,Version=v4.8, .NETFramework,Version=v4.8.1' instead of the project target framework 'net8.0'. This package may not be fully compatible with your project. [C:\Users\ultra\warewolf\Dev\Warewolf.Data.Tests\Warewolf.Data.Tests.csproj]
C:\Users\ultra\warewolf\Dev\Warewolf.Sharepoint\Warewolf.Sharepoint.csproj : warning NU1701: Package 'TaskSchedulerEditor 2.10.1' was restored using '.NETFramework,Version=v4.6.1, .NETFramework,Version=v4.6.2, .NETFramework,Version=v4.7, .NETFramework,Version=v4.7.1, .NETFramework,Version=v4.7.2, .NETFramework,Version=v4.8, .NETFramework,Version=v4.8.1' instead of the project target framework 'net8.0'. This package may not be fully compatible with your project. [C:\Users\ultra\warewolf\Dev\Warewolf.Data.Tests\Warewolf.Data.Tests.csproj]
C:\Users\ultra\warewolf\Dev\Dev2.Infrastructure\Dev2.Infrastructure.csproj : warning NU1701: Package 'ReactiveUI.WPF 18.4.1' was restored using '.NETFramework,Version=v4.6.1, .NETFramework,Version=v4.6.2, .NETFramework,Version=v4.7, .NETFramework,Version=v4.7.1, .NETFramework,Version=v4.7.2, .NETFramework,Version=v4.8, .NETFramework,Version=v4.8.1' instead of the project target framework 'net8.0'. This package may not be fully compatible with your project. [C:\Users\ultra\warewolf\Dev\Warewolf.Data.Tests\Warewolf.Data.Tests.csproj]
C:\Users\ultra\warewolf\Dev\Dev2.Infrastructure\Dev2.Infrastructure.csproj : warning NU1701: Package 'TaskSchedulerEditor 2.10.1' was restored using '.NETFramework,Version=v4.6.1, .NETFramework,Version=v4.6.2, .NETFramework,Version=v4.7, .NETFramework,Version=v4.7.1, .NETFramework,Version=v4.7.2, .NETFramework,Version=v4.8, .NETFramework,Version=v4.8.1' instead of the project target framework 'net8.0'. This package may not be fully compatible with your project. [C:\Users\ultra\warewolf\Dev\Warewolf.Data.Tests\Warewolf.Data.Tests.csproj]
C:\Users\ultra\warewolf\Dev\Dev2.Data.Interfaces\Dev2.Data.Interfaces.csproj : warning NU1701: Package 'AeroWizard 2.3.1' was restored using '.NETFramework,Version=v4.6.1, .NETFramework,Version=v4.6.2, .NETFramework,Version=v4.7, .NETFramework,Version=v4.7.1, .NETFramework,Version=v4.7.2, .NETFramework,Version=v4.8, .NETFramework,Version=v4.8.1' instead of the project target framework 'net8.0'. This package may not be fully compatible with your project. [C:\Users\ultra\warewolf\Dev\Warewolf.Data.Tests\Warewolf.Data.Tests.csproj]
C:\Users\ultra\warewolf\Dev\Dev2.Data.Interfaces\Dev2.Data.Interfaces.csproj : warning NU1701: Package 'GroupControls 1.9.0' was restored using '.NETFramework,Version=v4.6.1, .NETFramework,Version=v4.6.2, .NETFramework,Version=v4.7, .NETFramework,Version=v4.7.1, .NETFramework,Version=v4.7.2, .NETFramework,Version=v4.8, .NETFramework,Version=v4.8.1' instead of the project target framework 'net8.0'. This package may not be fully compatible with your project. [C:\Users\ultra\warewolf\Dev\Warewolf.Data.Tests\Warewolf.Data.Tests.csproj]
C:\Users\ultra\warewolf\Dev\Dev2.Util\Dev2.Util.csproj : warning NU1903: Package 'Microsoft.Windows.Compatibility' 6.0.0 has a known high severity vulnerability, https://github.com/advisories/GHSA-555c-2p6r-68mm [C:\Users\ultra\warewolf\Dev\Warewolf.Data.Tests\Warewolf.Data.Tests.csproj]
C:\Users\ultra\warewolf\Dev\Dev2.Data.Interfaces\Dev2.Data.Interfaces.csproj : warning NU1701: Package 'TaskSchedulerEditor 2.10.1' was restored using '.NETFramework,Version=v4.6.1, .NETFramework,Version=v4.6.2, .NETFramework,Version=v4.7, .NETFramework,Version=v4.7.1, .NETFramework,Version=v4.7.2, .NETFramework,Version=v4.8, .NETFramework,Version=v4.8.1' instead of the project target framework 'net8.0'. This package may not be fully compatible with your project. [C:\Users\ultra\warewolf\Dev\Warewolf.Data.Tests\Warewolf.Data.Tests.csproj]
C:\Users\ultra\warewolf\Dev\Dev2.Util\Dev2.Util.csproj : warning NU1701: Package 'AeroWizard 2.3.1' was restored using '.NETFramework,Version=v4.6.1, .NETFramework,Version=v4.6.2, .NETFramework,Version=v4.7, .NETFramework,Version=v4.7.1, .NETFramework,Version=v4.7.2, .NETFramework,Version=v4.8, .NETFramework,Version=v4.8.1' instead of the project target framework 'net8.0'. This package may not be fully compatible with your project. [C:\Users\ultra\warewolf\Dev\Warewolf.Data.Tests\Warewolf.Data.Tests.csproj]
C:\Users\ultra\warewolf\Dev\Dev2.Util\Dev2.Util.csproj : warning NU1701: Package 'GroupControls 1.9.0' was restored using '.NETFramework,Version=v4.6.1, .NETFramework,Version=v4.6.2, .NETFramework,Version=v4.7, .NETFramework,Version=v4.7.1, .NETFramework,Version=v4.7.2, .NETFramework,Version=v4.8, .NETFramework,Version=v4.8.1' instead of the project target framework 'net8.0'. This package may not be fully compatible with your project. [C:\Users\ultra\warewolf\Dev\Warewolf.Data.Tests\Warewolf.Data.Tests.csproj]
C:\Users\ultra\warewolf\Dev\Dev2.Runtime.Configuration\Dev2.Runtime.Configuration.csproj : warning NU1903: Package 'Microsoft.Windows.Compatibility' 6.0.0 has a known high severity vulnerability, https://github.com/advisories/GHSA-555c-2p6r-68mm [C:\Users\ultra\warewolf\Dev\Warewolf.Data.Tests\Warewolf.Data.Tests.csproj]
C:\Users\ultra\warewolf\Dev\Dev2.Util\Dev2.Util.csproj : warning NU1701: Package 'TaskSchedulerEditor 2.10.1' was restored using '.NETFramework,Version=v4.6.1, .NETFramework,Version=v4.6.2, .NETFramework,Version=v4.7, .NETFramework,Version=v4.7.1, .NETFramework,Version=v4.7.2, .NETFramework,Version=v4.8, .NETFramework,Version=v4.8.1' instead of the project target framework 'net8.0'. This package may not be fully compatible with your project. [C:\Users\ultra\warewolf\Dev\Warewolf.Data.Tests\Warewolf.Data.Tests.csproj]
C:\Users\ultra\warewolf\Dev\Dev2.CustomControls\Dev2.CustomControls.csproj : warning NU1903: Package 'Microsoft.Windows.Compatibility' 6.0.0 has a known high severity vulnerability, https://github.com/advisories/GHSA-555c-2p6r-68mm [C:\Users\ultra\warewolf\Dev\Warewolf.Data.Tests\Warewolf.Data.Tests.csproj]
C:\Users\ultra\warewolf\Dev\Dev2.Runtime.Configuration\Dev2.Runtime.Configuration.csproj : warning NU1701: Package 'AeroWizard 2.3.1' was restored using '.NETFramework,Version=v4.6.1, .NETFramework,Version=v4.6.2, .NETFramework,Version=v4.7, .NETFramework,Version=v4.7.1, .NETFramework,Version=v4.7.2, .NETFramework,Version=v4.8, .NETFramework,Version=v4.8.1' instead of the project target framework 'net8.0'. This package may not be fully compatible with your project. [C:\Users\ultra\warewolf\Dev\Warewolf.Data.Tests\Warewolf.Data.Tests.csproj]
C:\Users\ultra\warewolf\Dev\Dev2.Runtime.Configuration\Dev2.Runtime.Configuration.csproj : warning NU1701: Package 'GroupControls 1.9.0' was restored using '.NETFramework,Version=v4.6.1, .NETFramework,Version=v4.6.2, .NETFramework,Version=v4.7, .NETFramework,Version=v4.7.1, .NETFramework,Version=v4.7.2, .NETFramework,Version=v4.8, .NETFramework,Version=v4.8.1' instead of the project target framework 'net8.0'. This package may not be fully compatible with your project. [C:\Users\ultra\warewolf\Dev\Warewolf.Data.Tests\Warewolf.Data.Tests.csproj]
C:\Users\ultra\warewolf\Dev\Dev2.Runtime.Configuration\Dev2.Runtime.Configuration.csproj : warning NU1701: Package 'TaskSchedulerEditor 2.10.1' was restored using '.NETFramework,Version=v4.6.1, .NETFramework,Version=v4.6.2, .NETFramework,Version=v4.7, .NETFramework,Version=v4.7.1, .NETFramework,Version=v4.7.2, .NETFramework,Version=v4.8, .NETFramework,Version=v4.8.1' instead of the project target framework 'net8.0'. This package may not be fully compatible with your project. [C:\Users\ultra\warewolf\Dev\Warewolf.Data.Tests\Warewolf.Data.Tests.csproj]
C:\Users\ultra\warewolf\Dev\Dev2.CustomControls\Dev2.CustomControls.csproj : warning NU1701: Package 'AeroWizard 2.3.1' was restored using '.NETFramework,Version=v4.6.1, .NETFramework,Version=v4.6.2, .NETFramework,Version=v4.7, .NETFramework,Version=v4.7.1, .NETFramework,Version=v4.7.2, .NETFramework,Version=v4.8, .NETFramework,Version=v4.8.1' instead of the project target framework 'net8.0'. This package may not be fully compatible with your project. [C:\Users\ultra\warewolf\Dev\Warewolf.Data.Tests\Warewolf.Data.Tests.csproj]
C:\Users\ultra\warewolf\Dev\Dev2.Diagnostics\Dev2.Diagnostics.csproj : warning NU1701: Package 'AeroWizard 2.3.1' was restored using '.NETFramework,Version=v4.6.1, .NETFramework,Version=v4.6.2, .NETFramework,Version=v4.7, .NETFramework,Version=v4.7.1, .NETFramework,Version=v4.7.2, .NETFramework,Version=v4.8, .NETFramework,Version=v4.8.1' instead of the project target framework 'net8.0'. This package may not be fully compatible with your project. [C:\Users\ultra\warewolf\Dev\Warewolf.Data.Tests\Warewolf.Data.Tests.csproj]
C:\Users\ultra\warewolf\Dev\Dev2.CustomControls\Dev2.CustomControls.csproj : warning NU1701: Package 'GroupControls 1.9.0' was restored using '.NETFramework,Version=v4.6.1, .NETFramework,Version=v4.6.2, .NETFramework,Version=v4.7, .NETFramework,Version=v4.7.1, .NETFramework,Version=v4.7.2, .NETFramework,Version=v4.8, .NETFramework,Version=v4.8.1' instead of the project target framework 'net8.0'. This package may not be fully compatible with your project. [C:\Users\ultra\warewolf\Dev\Warewolf.Data.Tests\Warewolf.Data.Tests.csproj]
C:\Users\ultra\warewolf\Dev\Dev2.CustomControls\Dev2.CustomControls.csproj : warning NU1701: Package 'TaskSchedulerEditor 2.10.1' was restored using '.NETFramework,Version=v4.6.1, .NETFramework,Version=v4.6.2, .NETFramework,Version=v4.7, .NETFramework,Version=v4.7.1, .NETFramework,Version=v4.7.2, .NETFramework,Version=v4.8, .NETFramework,Version=v4.8.1' instead of the project target framework 'net8.0'. This package may not be fully compatible with your project. [C:\Users\ultra\warewolf\Dev\Warewolf.Data.Tests\Warewolf.Data.Tests.csproj]
C:\Users\ultra\warewolf\Dev\Dev2.Diagnostics\Dev2.Diagnostics.csproj : warning NU1701: Package 'GroupControls 1.9.0' was restored using '.NETFramework,Version=v4.6.1, .NETFramework,Version=v4.6.2, .NETFramework,Version=v4.7, .NETFramework,Version=v4.7.1, .NETFramework,Version=v4.7.2, .NETFramework,Version=v4.8, .NETFramework,Version=v4.8.1' instead of the project target framework 'net8.0'. This package may not be fully compatible with your project. [C:\Users\ultra\warewolf\Dev\Warewolf.Data.Tests\Warewolf.Data.Tests.csproj]
C:\Users\ultra\warewolf\Dev\Dev2.Diagnostics\Dev2.Diagnostics.csproj : warning NU1701: Package 'TaskSchedulerEditor 2.10.1' was restored using '.NETFramework,Version=v4.6.1, .NETFramework,Version=v4.6.2, .NETFramework,Version=v4.7, .NETFramework,Version=v4.7.1, .NETFramework,Version=v4.7.2, .NETFramework,Version=v4.8, .NETFramework,Version=v4.8.1' instead of the project target framework 'net8.0'. This package may not be fully compatible with your project. [C:\Users\ultra\warewolf\Dev\Warewolf.Data.Tests\Warewolf.Data.Tests.csproj]
C:\Users\ultra\warewolf\Dev\Warewolf.Storage.Interfaces\Warewolf.Storage.Interfaces.csproj : warning NU1701: Package 'AeroWizard 2.3.1' was restored using '.NETFramework,Version=v4.6.1, .NETFramework,Version=v4.6.2, .NETFramework,Version=v4.7, .NETFramework,Version=v4.7.1, .NETFramework,Version=v4.7.2, .NETFramework,Version=v4.8, .NETFramework,Version=v4.8.1' instead of the project target framework 'net8.0'. This package may not be fully compatible with your project. [C:\Users\ultra\warewolf\Dev\Warewolf.Data.Tests\Warewolf.Data.Tests.csproj]
C:\Users\ultra\warewolf\Dev\Warewolf.Data\Warewolf.Data.csproj : warning NU1701: Package 'TaskSchedulerEditor 2.10.1' was restored using '.NETFramework,Version=v4.6.1, .NETFramework,Version=v4.6.2, .NETFramework,Version=v4.7, .NETFramework,Version=v4.7.1, .NETFramework,Version=v4.7.2, .NETFramework,Version=v4.8, .NETFramework,Version=v4.8.1' instead of the project target framework 'net8.0'. This package may not be fully compatible with your project. [C:\Users\ultra\warewolf\Dev\Warewolf.Data.Tests\Warewolf.Data.Tests.csproj]
C:\Users\ultra\warewolf\Dev\Warewolf.Storage.Interfaces\Warewolf.Storage.Interfaces.csproj : warning NU1701: Package 'GroupControls 1.9.0' was restored using '.NETFramework,Version=v4.6.1, .NETFramework,Version=v4.6.2, .NETFramework,Version=v4.7, .NETFramework,Version=v4.7.1, .NETFramework,Version=v4.7.2, .NETFramework,Version=v4.8, .NETFramework,Version=v4.8.1' instead of the project target framework 'net8.0'. This package may not be fully compatible with your project. [C:\Users\ultra\warewolf\Dev\Warewolf.Data.Tests\Warewolf.Data.Tests.csproj]
C:\Users\ultra\warewolf\Dev\Warewolf.Storage.Interfaces\Warewolf.Storage.Interfaces.csproj : warning NU1701: Package 'TaskSchedulerEditor 2.10.1' was restored using '.NETFramework,Version=v4.6.1, .NETFramework,Version=v4.6.2, .NETFramework,Version=v4.7, .NETFramework,Version=v4.7.1, .NETFramework,Version=v4.7.2, .NETFramework,Version=v4.8, .NETFramework,Version=v4.8.1' instead of the project target framework 'net8.0'. This package may not be fully compatible with your project. [C:\Users\ultra\warewolf\Dev\Warewolf.Data.Tests\Warewolf.Data.Tests.csproj]
C:\Users\ultra\warewolf\Dev\Dev2.Common.Interfaces\Dev2.Common.Interfaces.csproj : warning NU1903: Package 'Microsoft.Windows.Compatibility' 6.0.0 has a known high severity vulnerability, https://github.com/advisories/GHSA-555c-2p6r-68mm [C:\Users\ultra\warewolf\Dev\Warewolf.Data.Tests\Warewolf.Data.Tests.csproj]
C:\Users\ultra\warewolf\Dev\Dev2.Common.Interfaces\Dev2.Common.Interfaces.csproj : warning NU1701: Package 'AeroWizard 2.3.1' was restored using '.NETFramework,Version=v4.6.1, .NETFramework,Version=v4.6.2, .NETFramework,Version=v4.7, .NETFramework,Version=v4.7.1, .NETFramework,Version=v4.7.2, .NETFramework,Version=v4.8, .NETFramework,Version=v4.8.1' instead of the project target framework 'net8.0'. This package may not be fully compatible with your project. [C:\Users\ultra\warewolf\Dev\Warewolf.Data.Tests\Warewolf.Data.Tests.csproj]
C:\Users\ultra\warewolf\Dev\Dev2.Common.Interfaces\Dev2.Common.Interfaces.csproj : warning NU1701: Package 'GroupControls 1.9.0' was restored using '.NETFramework,Version=v4.6.1, .NETFramework,Version=v4.6.2, .NETFramework,Version=v4.7, .NETFramework,Version=v4.7.1, .NETFramework,Version=v4.7.2, .NETFramework,Version=v4.8, .NETFramework,Version=v4.8.1' instead of the project target framework 'net8.0'. This package may not be fully compatible with your project. [C:\Users\ultra\warewolf\Dev\Warewolf.Data.Tests\Warewolf.Data.Tests.csproj]
C:\Users\ultra\warewolf\Dev\Dev2.Common.Interfaces\Dev2.Common.Interfaces.csproj : warning NU1701: Package 'TaskSchedulerEditor 2.10.1' was restored using '.NETFramework,Version=v4.6.1, .NETFramework,Version=v4.6.2, .NETFramework,Version=v4.7, .NETFramework,Version=v4.7.1, .NETFramework,Version=v4.7.2, .NETFramework,Version=v4.8, .NETFramework,Version=v4.8.1' instead of the project target framework 'net8.0'. This package may not be fully compatible with your project. [C:\Users\ultra\warewolf\Dev\Warewolf.Data.Tests\Warewolf.Data.Tests.csproj]
C:\Users\ultra\warewolf\Dev\Dev2.Common\Dev2.Common.csproj : warning NU1903: Package 'Microsoft.Windows.Compatibility' 6.0.0 has a known high severity vulnerability, https://github.com/advisories/GHSA-555c-2p6r-68mm [C:\Users\ultra\warewolf\Dev\Warewolf.Data.Tests\Warewolf.Data.Tests.csproj]
C:\Users\ultra\warewolf\Dev\Dev2.Common\Dev2.Common.csproj : warning NU1701: Package 'AeroWizard 2.3.1' was restored using '.NETFramework,Version=v4.6.1, .NETFramework,Version=v4.6.2, .NETFramework,Version=v4.7, .NETFramework,Version=v4.7.1, .NETFramework,Version=v4.7.2, .NETFramework,Version=v4.8, .NETFramework,Version=v4.8.1' instead of the project target framework 'net8.0'. This package may not be fully compatible with your project. [C:\Users\ultra\warewolf\Dev\Warewolf.Data.Tests\Warewolf.Data.Tests.csproj]
C:\Users\ultra\warewolf\Dev\Dev2.Common\Dev2.Common.csproj : warning NU1701: Package 'GroupControls 1.9.0' was restored using '.NETFramework,Version=v4.6.1, .NETFramework,Version=v4.6.2, .NETFramework,Version=v4.7, .NETFramework,Version=v4.7.1, .NETFramework,Version=v4.7.2, .NETFramework,Version=v4.8, .NETFramework,Version=v4.8.1' instead of the project target framework 'net8.0'. This package may not be fully compatible with your project. [C:\Users\ultra\warewolf\Dev\Warewolf.Data.Tests\Warewolf.Data.Tests.csproj]
C:\Users\ultra\warewolf\Dev\Dev2.Common\Dev2.Common.csproj : warning NU1701: Package 'TaskSchedulerEditor 2.10.1' was restored using '.NETFramework,Version=v4.6.1, .NETFramework,Version=v4.6.2, .NETFramework,Version=v4.7, .NETFramework,Version=v4.7.1, .NETFramework,Version=v4.7.2, .NETFramework,Version=v4.8, .NETFramework,Version=v4.8.1' instead of the project target framework 'net8.0'. This package may not be fully compatible with your project. [C:\Users\ultra\warewolf\Dev\Warewolf.Data.Tests\Warewolf.Data.Tests.csproj]
C:\Users\ultra\warewolf\Dev\Dev2.Core\Dev2.Core.csproj : warning NU1903: Package 'Microsoft.Windows.Compatibility' 6.0.0 has a known high severity vulnerability, https://github.com/advisories/GHSA-555c-2p6r-68mm [C:\Users\ultra\warewolf\Dev\Warewolf.Data.Tests\Warewolf.Data.Tests.csproj]
C:\Users\ultra\warewolf\Dev\Dev2.Data\Dev2.Data.csproj : warning NU1701: Package 'AeroWizard 2.3.1' was restored using '.NETFramework,Version=v4.6.1, .NETFramework,Version=v4.6.2, .NETFramework,Version=v4.7, .NETFramework,Version=v4.7.1, .NETFramework,Version=v4.7.2, .NETFramework,Version=v4.8, .NETFramework,Version=v4.8.1' instead of the project target framework 'net8.0'. This package may not be fully compatible with your project. [C:\Users\ultra\warewolf\Dev\Warewolf.Data.Tests\Warewolf.Data.Tests.csproj]
C:\Users\ultra\warewolf\Dev\Dev2.Core\Dev2.Core.csproj : warning NU1701: Package 'AeroWizard 2.3.1' was restored using '.NETFramework,Version=v4.6.1, .NETFramework,Version=v4.6.2, .NETFramework,Version=v4.7, .NETFramework,Version=v4.7.1, .NETFramework,Version=v4.7.2, .NETFramework,Version=v4.8, .NETFramework,Version=v4.8.1' instead of the project target framework 'net8.0'. This package may not be fully compatible with your project. [C:\Users\ultra\warewolf\Dev\Warewolf.Data.Tests\Warewolf.Data.Tests.csproj]
C:\Users\ultra\warewolf\Dev\Dev2.Data\Dev2.Data.csproj : warning NU1701: Package 'GroupControls 1.9.0' was restored using '.NETFramework,Version=v4.6.1, .NETFramework,Version=v4.6.2, .NETFramework,Version=v4.7, .NETFramework,Version=v4.7.1, .NETFramework,Version=v4.7.2, .NETFramework,Version=v4.8, .NETFramework,Version=v4.8.1' instead of the project target framework 'net8.0'. This package may not be fully compatible with your project. [C:\Users\ultra\warewolf\Dev\Warewolf.Data.Tests\Warewolf.Data.Tests.csproj]
C:\Users\ultra\warewolf\Dev\Dev2.Core\Dev2.Core.csproj : warning NU1701: Package 'GroupControls 1.9.0' was restored using '.NETFramework,Version=v4.6.1, .NETFramework,Version=v4.6.2, .NETFramework,Version=v4.7, .NETFramework,Version=v4.7.1, .NETFramework,Version=v4.7.2, .NETFramework,Version=v4.8, .NETFramework,Version=v4.8.1' instead of the project target framework 'net8.0'. This package may not be fully compatible with your project. [C:\Users\ultra\warewolf\Dev\Warewolf.Data.Tests\Warewolf.Data.Tests.csproj]
C:\Users\ultra\warewolf\Dev\Dev2.Data\Dev2.Data.csproj : warning NU1701: Package 'ReactiveUI.WPF 18.4.1' was restored using '.NETFramework,Version=v4.6.1, .NETFramework,Version=v4.6.2, .NETFramework,Version=v4.7, .NETFramework,Version=v4.7.1, .NETFramework,Version=v4.7.2, .NETFramework,Version=v4.8, .NETFramework,Version=v4.8.1' instead of the project target framework 'net8.0'. This package may not be fully compatible with your project. [C:\Users\ultra\warewolf\Dev\Warewolf.Data.Tests\Warewolf.Data.Tests.csproj]
C:\Users\ultra\warewolf\Dev\Dev2.Core\Dev2.Core.csproj : warning NU1701: Package 'ReactiveUI.WPF 18.4.1' was restored using '.NETFramework,Version=v4.6.1, .NETFramework,Version=v4.6.2, .NETFramework,Version=v4.7, .NETFramework,Version=v4.7.1, .NETFramework,Version=v4.7.2, .NETFramework,Version=v4.8, .NETFramework,Version=v4.8.1' instead of the project target framework 'net8.0'. This package may not be fully compatible with your project. [C:\Users\ultra\warewolf\Dev\Warewolf.Data.Tests\Warewolf.Data.Tests.csproj]
C:\Users\ultra\warewolf\Dev\Dev2.Data\Dev2.Data.csproj : warning NU1701: Package 'TaskSchedulerEditor 2.10.1' was restored using '.NETFramework,Version=v4.6.1, .NETFramework,Version=v4.6.2, .NETFramework,Version=v4.7, .NETFramework,Version=v4.7.1, .NETFramework,Version=v4.7.2, .NETFramework,Version=v4.8, .NETFramework,Version=v4.8.1' instead of the project target framework 'net8.0'. This package may not be fully compatible with your project. [C:\Users\ultra\warewolf\Dev\Warewolf.Data.Tests\Warewolf.Data.Tests.csproj]
C:\Users\ultra\warewolf\Dev\Dev2.Core\Dev2.Core.csproj : warning NU1701: Package 'TaskSchedulerEditor 2.10.1' was restored using '.NETFramework,Version=v4.6.1, .NETFramework,Version=v4.6.2, .NETFramework,Version=v4.7, .NETFramework,Version=v4.7.1, .NETFramework,Version=v4.7.2, .NETFramework,Version=v4.8, .NETFramework,Version=v4.8.1' instead of the project target framework 'net8.0'. This package may not be fully compatible with your project. [C:\Users\ultra\warewolf\Dev\Warewolf.Data.Tests\Warewolf.Data.Tests.csproj]
C:\Users\ultra\warewolf\Dev\Warewolf.Data.Tests\Warewolf.Data.Tests.csproj : warning NU1701: Package 'AeroWizard 2.3.1' was restored using '.NETFramework,Version=v4.6.1, .NETFramework,Version=v4.6.2, .NETFramework,Version=v4.7, .NETFramework,Version=v4.7.1, .NETFramework,Version=v4.7.2, .NETFramework,Version=v4.8, .NETFramework,Version=v4.8.1' instead of the project target framework 'net8.0'. This package may not be fully compatible with your project.
C:\Users\ultra\warewolf\Dev\Warewolf.Data.Tests\Warewolf.Data.Tests.csproj : warning NU1701: Package 'GroupControls 1.9.0' was restored using '.NETFramework,Version=v4.6.1, .NETFramework,Version=v4.6.2, .NETFramework,Version=v4.7, .NETFramework,Version=v4.7.1, .NETFramework,Version=v4.7.2, .NETFramework,Version=v4.8, .NETFramework,Version=v4.8.1' instead of the project target framework 'net8.0'. This package may not be fully compatible with your project.
C:\Users\ultra\warewolf\Dev\Warewolf.Data.Tests\Warewolf.Data.Tests.csproj : warning NU1701: Package 'ReactiveUI.WPF 18.4.1' was restored using '.NETFramework,Version=v4.6.1, .NETFramework,Version=v4.6.2, .NETFramework,Version=v4.7, .NETFramework,Version=v4.7.1, .NETFramework,Version=v4.7.2, .NETFramework,Version=v4.8, .NETFramework,Version=v4.8.1' instead of the project target framework 'net8.0'. This package may not be fully compatible with your project.
C:\Users\ultra\warewolf\Dev\Warewolf.Data.Tests\Warewolf.Data.Tests.csproj : warning NU1701: Package 'TaskSchedulerEditor 2.10.1' was restored using '.NETFramework,Version=v4.6.1, .NETFramework,Version=v4.6.2, .NETFramework,Version=v4.7, .NETFramework,Version=v4.7.1, .NETFramework,Version=v4.7.2, .NETFramework,Version=v4.8, .NETFramework,Version=v4.8.1' instead of the project target framework 'net8.0'. This package may not be fully compatible with your project.
  Restored C:\Users\ultra\warewolf\Dev\Warewolf.Data.Tests\Warewolf.Data.Tests.csproj (in 498 ms).
  27 of 28 projects are up-to-date for restore.
C:\Users\ultra\warewolf\Dev\Warewolf.Data.Tests\Warewolf.Data.Tests.csproj : warning NU1701: Package 'AeroWizard 2.3.1' was restored using '.NETFramework,Version=v4.6.1, .NETFramework,Version=v4.6.2, .NETFramework,Version=v4.7, .NETFramework,Version=v4.7.1, .NETFramework,Version=v4.7.2, .NETFramework,Version=v4.8, .NETFramework,Version=v4.8.1' instead of the project target framework 'net8.0'. This package may not be fully compatible with your project.
C:\Users\ultra\warewolf\Dev\Warewolf.Data.Tests\Warewolf.Data.Tests.csproj : warning NU1701: Package 'GroupControls 1.9.0' was restored using '.NETFramework,Version=v4.6.1, .NETFramework,Version=v4.6.2, .NETFramework,Version=v4.7, .NETFramework,Version=v4.7.1, .NETFramework,Version=v4.7.2, .NETFramework,Version=v4.8, .NETFramework,Version=v4.8.1' instead of the project target framework 'net8.0'. This package may not be fully compatible with your project.
C:\Users\ultra\warewolf\Dev\Warewolf.Data.Tests\Warewolf.Data.Tests.csproj : warning NU1701: Package 'ReactiveUI.WPF 18.4.1' was restored using '.NETFramework,Version=v4.6.1, .NETFramework,Version=v4.6.2, .NETFramework,Version=v4.7, .NETFramework,Version=v4.7.1, .NETFramework,Version=v4.7.2, .NETFramework,Version=v4.8, .NETFramework,Version=v4.8.1' instead of the project target framework 'net8.0'. This package may not be fully compatible with your project.
C:\Users\ultra\warewolf\Dev\Warewolf.Data.Tests\Warewolf.Data.Tests.csproj : warning NU1701: Package 'TaskSchedulerEditor 2.10.1' was restored using '.NETFramework,Version=v4.6.1, .NETFramework,Version=v4.6.2, .NETFramework,Version=v4.7, .NETFramework,Version=v4.7.1, .NETFramework,Version=v4.7.2, .NETFramework,Version=v4.8, .NETFramework,Version=v4.8.1' instead of the project target framework 'net8.0'. This package may not be fully compatible with your project.
C:\Users\ultra\warewolf\Dev\Dev2.Diagnostics\Dev2.Diagnostics.csproj : warning NU1701: Package 'AeroWizard 2.3.1' was restored using '.NETFramework,Version=v4.6.1, .NETFramework,Version=v4.6.2, .NETFramework,Version=v4.7, .NETFramework,Version=v4.7.1, .NETFramework,Version=v4.7.2, .NETFramework,Version=v4.8, .NETFramework,Version=v4.8.1' instead of the project target framework 'net8.0'. This package may not be fully compatible with your project.
C:\Users\ultra\warewolf\Dev\Dev2.Common\Dev2.Common.csproj : warning NU1903: Package 'Microsoft.Windows.Compatibility' 6.0.0 has a known high severity vulnerability, https://github.com/advisories/GHSA-555c-2p6r-68mm
C:\Users\ultra\warewolf\Dev\Dev2.Diagnostics\Dev2.Diagnostics.csproj : warning NU1701: Package 'GroupControls 1.9.0' was restored using '.NETFramework,Version=v4.6.1, .NETFramework,Version=v4.6.2, .NETFramework,Version=v4.7, .NETFramework,Version=v4.7.1, .NETFramework,Version=v4.7.2, .NETFramework,Version=v4.8, .NETFramework,Version=v4.8.1' instead of the project target framework 'net8.0'. This package may not be fully compatible with your project.
C:\Users\ultra\warewolf\Dev\Dev2.Common\Dev2.Common.csproj : warning NU1701: Package 'AeroWizard 2.3.1' was restored using '.NETFramework,Version=v4.6.1, .NETFramework,Version=v4.6.2, .NETFramework,Version=v4.7, .NETFramework,Version=v4.7.1, .NETFramework,Version=v4.7.2, .NETFramework,Version=v4.8, .NETFramework,Version=v4.8.1' instead of the project target framework 'net8.0'. This package may not be fully compatible with your project.
C:\Users\ultra\warewolf\Dev\Dev2.Diagnostics\Dev2.Diagnostics.csproj : warning NU1701: Package 'TaskSchedulerEditor 2.10.1' was restored using '.NETFramework,Version=v4.6.1, .NETFramework,Version=v4.6.2, .NETFramework,Version=v4.7, .NETFramework,Version=v4.7.1, .NETFramework,Version=v4.7.2, .NETFramework,Version=v4.8, .NETFramework,Version=v4.8.1' instead of the project target framework 'net8.0'. This package may not be fully compatible with your project.
C:\Users\ultra\warewolf\Dev\Dev2.Common\Dev2.Common.csproj : warning NU1701: Package 'GroupControls 1.9.0' was restored using '.NETFramework,Version=v4.6.1, .NETFramework,Version=v4.6.2, .NETFramework,Version=v4.7, .NETFramework,Version=v4.7.1, .NETFramework,Version=v4.7.2, .NETFramework,Version=v4.8, .NETFramework,Version=v4.8.1' instead of the project target framework 'net8.0'. This package may not be fully compatible with your project.
C:\Users\ultra\warewolf\Dev\Dev2.Common\Dev2.Common.csproj : warning NU1701: Package 'TaskSchedulerEditor 2.10.1' was restored using '.NETFramework,Version=v4.6.1, .NETFramework,Version=v4.6.2, .NETFramework,Version=v4.7, .NETFramework,Version=v4.7.1, .NETFramework,Version=v4.7.2, .NETFramework,Version=v4.8, .NETFramework,Version=v4.8.1' instead of the project target framework 'net8.0'. This package may not be fully compatible with your project.
C:\Program Files\dotnet\sdk\10.0.201\Sdks\Microsoft.NET.Sdk\targets\Microsoft.NET.Sdk.DefaultItems.targets(162,5): warning NETSDK1137: It is no longer necessary to use the Microsoft.NET.Sdk.WindowsDesktop SDK. Consider changing the Sdk attribute of the root Project element to 'Microsoft.NET.Sdk'. [C:\Users\ultra\warewolf\Dev\Dev2.CustomControls\Dev2.CustomControls.csproj]
C:\Program Files\dotnet\sdk\10.0.201\Sdks\Microsoft.NET.Sdk.WindowsDesktop\targets\Microsoft.NET.Sdk.WindowsDesktop.targets(138,5): warning NETSDK1106: Microsoft.NET.Sdk.WindowsDesktop requires 'UseWpf' or 'UseWindowsForms' to be set to 'true' [C:\Users\ultra\warewolf\Dev\Dev2.CustomControls\Dev2.CustomControls.csproj]
C:\Users\ultra\warewolf\Dev\Dev2.Data.Interfaces\Dev2.Data.Interfaces.csproj : warning NU1903: Package 'DotNetZip' 1.16.0 has a known high severity vulnerability, https://github.com/advisories/GHSA-xhg6-9j5j-w4vf
C:\Users\ultra\warewolf\Dev\Dev2.Data.Interfaces\Dev2.Data.Interfaces.csproj : warning NU1701: Package 'AeroWizard 2.3.1' was restored using '.NETFramework,Version=v4.6.1, .NETFramework,Version=v4.6.2, .NETFramework,Version=v4.7, .NETFramework,Version=v4.7.1, .NETFramework,Version=v4.7.2, .NETFramework,Version=v4.8, .NETFramework,Version=v4.8.1' instead of the project target framework 'net8.0'. This package may not be fully compatible with your project.
C:\Users\ultra\warewolf\Dev\Dev2.Data.Interfaces\Dev2.Data.Interfaces.csproj : warning NU1701: Package 'GroupControls 1.9.0' was restored using '.NETFramework,Version=v4.6.1, .NETFramework,Version=v4.6.2, .NETFramework,Version=v4.7, .NETFramework,Version=v4.7.1, .NETFramework,Version=v4.7.2, .NETFramework,Version=v4.8, .NETFramework,Version=v4.8.1' instead of the project target framework 'net8.0'. This package may not be fully compatible with your project.
C:\Users\ultra\warewolf\Dev\Dev2.Data.Interfaces\Dev2.Data.Interfaces.csproj : warning NU1701: Package 'TaskSchedulerEditor 2.10.1' was restored using '.NETFramework,Version=v4.6.1, .NETFramework,Version=v4.6.2, .NETFramework,Version=v4.7, .NETFramework,Version=v4.7.1, .NETFramework,Version=v4.7.2, .NETFramework,Version=v4.8, .NETFramework,Version=v4.8.1' instead of the project target framework 'net8.0'. This package may not be fully compatible with your project.
C:\Users\ultra\warewolf\Dev\Dev2.Core\Dev2.Core.csproj : warning NU1903: Package 'Microsoft.Windows.Compatibility' 6.0.0 has a known high severity vulnerability, https://github.com/advisories/GHSA-555c-2p6r-68mm
C:\Users\ultra\warewolf\Dev\Dev2.Core\Dev2.Core.csproj : warning NU1701: Package 'AeroWizard 2.3.1' was restored using '.NETFramework,Version=v4.6.1, .NETFramework,Version=v4.6.2, .NETFramework,Version=v4.7, .NETFramework,Version=v4.7.1, .NETFramework,Version=v4.7.2, .NETFramework,Version=v4.8, .NETFramework,Version=v4.8.1' instead of the project target framework 'net8.0'. This package may not be fully compatible with your project.
C:\Users\ultra\warewolf\Dev\Dev2.Infrastructure\Dev2.Infrastructure.csproj : warning NU1903: Package 'Microsoft.Windows.Compatibility' 6.0.0 has a known high severity vulnerability, https://github.com/advisories/GHSA-555c-2p6r-68mm
C:\Users\ultra\warewolf\Dev\Dev2.Core\Dev2.Core.csproj : warning NU1701: Package 'GroupControls 1.9.0' was restored using '.NETFramework,Version=v4.6.1, .NETFramework,Version=v4.6.2, .NETFramework,Version=v4.7, .NETFramework,Version=v4.7.1, .NETFramework,Version=v4.7.2, .NETFramework,Version=v4.8, .NETFramework,Version=v4.8.1' instead of the project target framework 'net8.0'. This package may not be fully compatible with your project.
C:\Users\ultra\warewolf\Dev\Dev2.Infrastructure\Dev2.Infrastructure.csproj : warning NU1701: Package 'AeroWizard 2.3.1' was restored using '.NETFramework,Version=v4.6.1, .NETFramework,Version=v4.6.2, .NETFramework,Version=v4.7, .NETFramework,Version=v4.7.1, .NETFramework,Version=v4.7.2, .NETFramework,Version=v4.8, .NETFramework,Version=v4.8.1' instead of the project target framework 'net8.0'. This package may not be fully compatible with your project.
C:\Users\ultra\warewolf\Dev\Dev2.Core\Dev2.Core.csproj : warning NU1701: Package 'ReactiveUI.WPF 18.4.1' was restored using '.NETFramework,Version=v4.6.1, .NETFramework,Version=v4.6.2, .NETFramework,Version=v4.7, .NETFramework,Version=v4.7.1, .NETFramework,Version=v4.7.2, .NETFramework,Version=v4.8, .NETFramework,Version=v4.8.1' instead of the project target framework 'net8.0'. This package may not be fully compatible with your project.
C:\Users\ultra\warewolf\Dev\Dev2.Infrastructure\Dev2.Infrastructure.csproj : warning NU1701: Package 'GroupControls 1.9.0' was restored using '.NETFramework,Version=v4.6.1, .NETFramework,Version=v4.6.2, .NETFramework,Version=v4.7, .NETFramework,Version=v4.7.1, .NETFramework,Version=v4.7.2, .NETFramework,Version=v4.8, .NETFramework,Version=v4.8.1' instead of the project target framework 'net8.0'. This package may not be fully compatible with your project.
C:\Users\ultra\warewolf\Dev\Dev2.Core\Dev2.Core.csproj : warning NU1701: Package 'TaskSchedulerEditor 2.10.1' was restored using '.NETFramework,Version=v4.6.1, .NETFramework,Version=v4.6.2, .NETFramework,Version=v4.7, .NETFramework,Version=v4.7.1, .NETFramework,Version=v4.7.2, .NETFramework,Version=v4.8, .NETFramework,Version=v4.8.1' instead of the project target framework 'net8.0'. This package may not be fully compatible with your project.
C:\Users\ultra\warewolf\Dev\Dev2.CustomControls\Dev2.CustomControls.csproj : warning NU1903: Package 'Microsoft.Windows.Compatibility' 6.0.0 has a known high severity vulnerability, https://github.com/advisories/GHSA-555c-2p6r-68mm
C:\Users\ultra\warewolf\Dev\Warewolf.Storage\Warewolf.Storage.csproj : warning NU1701: Package 'AeroWizard 2.3.1' was restored using '.NETFramework,Version=v4.6.1, .NETFramework,Version=v4.6.2, .NETFramework,Version=v4.7, .NETFramework,Version=v4.7.1, .NETFramework,Version=v4.7.2, .NETFramework,Version=v4.8, .NETFramework,Version=v4.8.1' instead of the project target framework 'net8.0'. This package may not be fully compatible with your project.
C:\Users\ultra\warewolf\Dev\Dev2.Infrastructure\Dev2.Infrastructure.csproj : warning NU1701: Package 'ReactiveUI.WPF 18.4.1' was restored using '.NETFramework,Version=v4.6.1, .NETFramework,Version=v4.6.2, .NETFramework,Version=v4.7, .NETFramework,Version=v4.7.1, .NETFramework,Version=v4.7.2, .NETFramework,Version=v4.8, .NETFramework,Version=v4.8.1' instead of the project target framework 'net8.0'. This package may not be fully compatible with your project.
C:\Users\ultra\warewolf\Dev\Dev2.CustomControls\Dev2.CustomControls.csproj : warning NU1701: Package 'AeroWizard 2.3.1' was restored using '.NETFramework,Version=v4.6.1, .NETFramework,Version=v4.6.2, .NETFramework,Version=v4.7, .NETFramework,Version=v4.7.1, .NETFramework,Version=v4.7.2, .NETFramework,Version=v4.8, .NETFramework,Version=v4.8.1' instead of the project target framework 'net8.0'. This package may not be fully compatible with your project.
C:\Users\ultra\warewolf\Dev\Warewolf.Storage\Warewolf.Storage.csproj : warning NU1701: Package 'GroupControls 1.9.0' was restored using '.NETFramework,Version=v4.6.1, .NETFramework,Version=v4.6.2, .NETFramework,Version=v4.7, .NETFramework,Version=v4.7.1, .NETFramework,Version=v4.7.2, .NETFramework,Version=v4.8, .NETFramework,Version=v4.8.1' instead of the project target framework 'net8.0'. This package may not be fully compatible with your project.
C:\Users\ultra\warewolf\Dev\Dev2.Infrastructure\Dev2.Infrastructure.csproj : warning NU1701: Package 'TaskSchedulerEditor 2.10.1' was restored using '.NETFramework,Version=v4.6.1, .NETFramework,Version=v4.6.2, .NETFramework,Version=v4.7, .NETFramework,Version=v4.7.1, .NETFramework,Version=v4.7.2, .NETFramework,Version=v4.8, .NETFramework,Version=v4.8.1' instead of the project target framework 'net8.0'. This package may not be fully compatible with your project.
C:\Users\ultra\warewolf\Dev\Dev2.CustomControls\Dev2.CustomControls.csproj : warning NU1701: Package 'GroupControls 1.9.0' was restored using '.NETFramework,Version=v4.6.1, .NETFramework,Version=v4.6.2, .NETFramework,Version=v4.7, .NETFramework,Version=v4.7.1, .NETFramework,Version=v4.7.2, .NETFramework,Version=v4.8, .NETFramework,Version=v4.8.1' instead of the project target framework 'net8.0'. This package may not be fully compatible with your project.
C:\Users\ultra\warewolf\Dev\Warewolf.Storage\Warewolf.Storage.csproj : warning NU1701: Package 'ReactiveUI.WPF 18.4.1' was restored using '.NETFramework,Version=v4.6.1, .NETFramework,Version=v4.6.2, .NETFramework,Version=v4.7, .NETFramework,Version=v4.7.1, .NETFramework,Version=v4.7.2, .NETFramework,Version=v4.8, .NETFramework,Version=v4.8.1' instead of the project target framework 'net8.0'. This package may not be fully compatible with your project.
C:\Users\ultra\warewolf\Dev\Dev2.CustomControls\Dev2.CustomControls.csproj : warning NU1701: Package 'TaskSchedulerEditor 2.10.1' was restored using '.NETFramework,Version=v4.6.1, .NETFramework,Version=v4.6.2, .NETFramework,Version=v4.7, .NETFramework,Version=v4.7.1, .NETFramework,Version=v4.7.2, .NETFramework,Version=v4.8, .NETFramework,Version=v4.8.1' instead of the project target framework 'net8.0'. This package may not be fully compatible with your project.
C:\Users\ultra\warewolf\Dev\Warewolf.Storage\Warewolf.Storage.csproj : warning NU1701: Package 'TaskSchedulerEditor 2.10.1' was restored using '.NETFramework,Version=v4.6.1, .NETFramework,Version=v4.6.2, .NETFramework,Version=v4.7, .NETFramework,Version=v4.7.1, .NETFramework,Version=v4.7.2, .NETFramework,Version=v4.8, .NETFramework,Version=v4.8.1' instead of the project target framework 'net8.0'. This package may not be fully compatible with your project.
C:\Users\ultra\warewolf\Dev\Dev2.Common.Interfaces\Dev2.Common.Interfaces.csproj : warning NU1903: Package 'Microsoft.Windows.Compatibility' 6.0.0 has a known high severity vulnerability, https://github.com/advisories/GHSA-555c-2p6r-68mm
C:\Users\ultra\warewolf\Dev\Dev2.Common.Interfaces\Dev2.Common.Interfaces.csproj : warning NU1701: Package 'AeroWizard 2.3.1' was restored using '.NETFramework,Version=v4.6.1, .NETFramework,Version=v4.6.2, .NETFramework,Version=v4.7, .NETFramework,Version=v4.7.1, .NETFramework,Version=v4.7.2, .NETFramework,Version=v4.8, .NETFramework,Version=v4.8.1' instead of the project target framework 'net8.0'. This package may not be fully compatible with your project.
C:\Users\ultra\warewolf\Dev\Dev2.Common.Interfaces\Dev2.Common.Interfaces.csproj : warning NU1701: Package 'GroupControls 1.9.0' was restored using '.NETFramework,Version=v4.6.1, .NETFramework,Version=v4.6.2, .NETFramework,Version=v4.7, .NETFramework,Version=v4.7.1, .NETFramework,Version=v4.7.2, .NETFramework,Version=v4.8, .NETFramework,Version=v4.8.1' instead of the project target framework 'net8.0'. This package may not be fully compatible with your project.
C:\Users\ultra\warewolf\Dev\Warewolf.Data\Warewolf.Data.csproj : warning NU1701: Package 'AeroWizard 2.3.1' was restored using '.NETFramework,Version=v4.6.1, .NETFramework,Version=v4.6.2, .NETFramework,Version=v4.7, .NETFramework,Version=v4.7.1, .NETFramework,Version=v4.7.2, .NETFramework,Version=v4.8, .NETFramework,Version=v4.8.1' instead of the project target framework 'net8.0'. This package may not be fully compatible with your project.
C:\Users\ultra\warewolf\Dev\Dev2.Common.Interfaces\Dev2.Common.Interfaces.csproj : warning NU1701: Package 'TaskSchedulerEditor 2.10.1' was restored using '.NETFramework,Version=v4.6.1, .NETFramework,Version=v4.6.2, .NETFramework,Version=v4.7, .NETFramework,Version=v4.7.1, .NETFramework,Version=v4.7.2, .NETFramework,Version=v4.8, .NETFramework,Version=v4.8.1' instead of the project target framework 'net8.0'. This package may not be fully compatible with your project.
C:\Users\ultra\warewolf\Dev\Warewolf.Data\Warewolf.Data.csproj : warning NU1701: Package 'GroupControls 1.9.0' was restored using '.NETFramework,Version=v4.6.1, .NETFramework,Version=v4.6.2, .NETFramework,Version=v4.7, .NETFramework,Version=v4.7.1, .NETFramework,Version=v4.7.2, .NETFramework,Version=v4.8, .NETFramework,Version=v4.8.1' instead of the project target framework 'net8.0'. This package may not be fully compatible with your project.
C:\Users\ultra\warewolf\Dev\Warewolf.Data\Warewolf.Data.csproj : warning NU1701: Package 'TaskSchedulerEditor 2.10.1' was restored using '.NETFramework,Version=v4.6.1, .NETFramework,Version=v4.6.2, .NETFramework,Version=v4.7, .NETFramework,Version=v4.7.1, .NETFramework,Version=v4.7.2, .NETFramework,Version=v4.8, .NETFramework,Version=v4.8.1' instead of the project target framework 'net8.0'. This package may not be fully compatible with your project.
C:\Users\ultra\warewolf\Dev\Dev2.Data\Dev2.Data.csproj : warning NU1701: Package 'AeroWizard 2.3.1' was restored using '.NETFramework,Version=v4.6.1, .NETFramework,Version=v4.6.2, .NETFramework,Version=v4.7, .NETFramework,Version=v4.7.1, .NETFramework,Version=v4.7.2, .NETFramework,Version=v4.8, .NETFramework,Version=v4.8.1' instead of the project target framework 'net8.0'. This package may not be fully compatible with your project.
C:\Users\ultra\warewolf\Dev\Dev2.Data\Dev2.Data.csproj : warning NU1701: Package 'GroupControls 1.9.0' was restored using '.NETFramework,Version=v4.6.1, .NETFramework,Version=v4.6.2, .NETFramework,Version=v4.7, .NETFramework,Version=v4.7.1, .NETFramework,Version=v4.7.2, .NETFramework,Version=v4.8, .NETFramework,Version=v4.8.1' instead of the project target framework 'net8.0'. This package may not be fully compatible with your project.
C:\Users\ultra\warewolf\Dev\Dev2.Data\Dev2.Data.csproj : warning NU1701: Package 'ReactiveUI.WPF 18.4.1' was restored using '.NETFramework,Version=v4.6.1, .NETFramework,Version=v4.6.2, .NETFramework,Version=v4.7, .NETFramework,Version=v4.7.1, .NETFramework,Version=v4.7.2, .NETFramework,Version=v4.8, .NETFramework,Version=v4.8.1' instead of the project target framework 'net8.0'. This package may not be fully compatible with your project.
C:\Users\ultra\warewolf\Dev\Dev2.Data\Dev2.Data.csproj : warning NU1701: Package 'TaskSchedulerEditor 2.10.1' was restored using '.NETFramework,Version=v4.6.1, .NETFramework,Version=v4.6.2, .NETFramework,Version=v4.7, .NETFramework,Version=v4.7.1, .NETFramework,Version=v4.7.2, .NETFramework,Version=v4.8, .NETFramework,Version=v4.8.1' instead of the project target framework 'net8.0'. This package may not be fully compatible with your project.
C:\Users\ultra\warewolf\Dev\Dev2.Util\Dev2.Util.csproj : warning NU1903: Package 'Microsoft.Windows.Compatibility' 6.0.0 has a known high severity vulnerability, https://github.com/advisories/GHSA-555c-2p6r-68mm
C:\Users\ultra\warewolf\Dev\Dev2.Util\Dev2.Util.csproj : warning NU1701: Package 'AeroWizard 2.3.1' was restored using '.NETFramework,Version=v4.6.1, .NETFramework,Version=v4.6.2, .NETFramework,Version=v4.7, .NETFramework,Version=v4.7.1, .NETFramework,Version=v4.7.2, .NETFramework,Version=v4.8, .NETFramework,Version=v4.8.1' instead of the project target framework 'net8.0'. This package may not be fully compatible with your project.
C:\Users\ultra\warewolf\Dev\Dev2.Util\Dev2.Util.csproj : warning NU1701: Package 'GroupControls 1.9.0' was restored using '.NETFramework,Version=v4.6.1, .NETFramework,Version=v4.6.2, .NETFramework,Version=v4.7, .NETFramework,Version=v4.7.1, .NETFramework,Version=v4.7.2, .NETFramework,Version=v4.8, .NETFramework,Version=v4.8.1' instead of the project target framework 'net8.0'. This package may not be fully compatible with your project.
C:\Users\ultra\warewolf\Dev\Dev2.Util\Dev2.Util.csproj : warning NU1701: Package 'TaskSchedulerEditor 2.10.1' was restored using '.NETFramework,Version=v4.6.1, .NETFramework,Version=v4.6.2, .NETFramework,Version=v4.7, .NETFramework,Version=v4.7.1, .NETFramework,Version=v4.7.2, .NETFramework,Version=v4.8, .NETFramework,Version=v4.8.1' instead of the project target framework 'net8.0'. This package may not be fully compatible with your project.
C:\Users\ultra\warewolf\Dev\Dev2.Runtime.Configuration\Dev2.Runtime.Configuration.csproj : warning NU1903: Package 'Microsoft.Windows.Compatibility' 6.0.0 has a known high severity vulnerability, https://github.com/advisories/GHSA-555c-2p6r-68mm
C:\Users\ultra\warewolf\Dev\Dev2.Runtime.Configuration\Dev2.Runtime.Configuration.csproj : warning NU1701: Package 'AeroWizard 2.3.1' was restored using '.NETFramework,Version=v4.6.1, .NETFramework,Version=v4.6.2, .NETFramework,Version=v4.7, .NETFramework,Version=v4.7.1, .NETFramework,Version=v4.7.2, .NETFramework,Version=v4.8, .NETFramework,Version=v4.8.1' instead of the project target framework 'net8.0'. This package may not be fully compatible with your project.
C:\Users\ultra\warewolf\Dev\Dev2.Runtime.Configuration\Dev2.Runtime.Configuration.csproj : warning NU1701: Package 'GroupControls 1.9.0' was restored using '.NETFramework,Version=v4.6.1, .NETFramework,Version=v4.6.2, .NETFramework,Version=v4.7, .NETFramework,Version=v4.7.1, .NETFramework,Version=v4.7.2, .NETFramework,Version=v4.8, .NETFramework,Version=v4.8.1' instead of the project target framework 'net8.0'. This package may not be fully compatible with your project.
C:\Users\ultra\warewolf\Dev\Dev2.Runtime.Configuration\Dev2.Runtime.Configuration.csproj : warning NU1701: Package 'TaskSchedulerEditor 2.10.1' was restored using '.NETFramework,Version=v4.6.1, .NETFramework,Version=v4.6.2, .NETFramework,Version=v4.7, .NETFramework,Version=v4.7.1, .NETFramework,Version=v4.7.2, .NETFramework,Version=v4.8, .NETFramework,Version=v4.8.1' instead of the project target framework 'net8.0'. This package may not be fully compatible with your project.
C:\Users\ultra\warewolf\Dev\Warewolf.Language.Parser\Warewolf.Language.Parser.fsproj : warning NU1504: Duplicate 'PackageReference' items found. Remove the duplicate items or use the Update functionality to ensure a consistent restore behavior. The duplicate 'PackageReference' items are: FSharp.Core 10.1.201, FSharp.Core 4.6.2.
C:\Users\ultra\warewolf\Dev\Warewolf.Storage.Interfaces\Warewolf.Storage.Interfaces.csproj : warning NU1701: Package 'AeroWizard 2.3.1' was restored using '.NETFramework,Version=v4.6.1, .NETFramework,Version=v4.6.2, .NETFramework,Version=v4.7, .NETFramework,Version=v4.7.1, .NETFramework,Version=v4.7.2, .NETFramework,Version=v4.8, .NETFramework,Version=v4.8.1' instead of the project target framework 'net8.0'. This package may not be fully compatible with your project.
C:\Users\ultra\warewolf\Dev\Warewolf.Storage.Interfaces\Warewolf.Storage.Interfaces.csproj : warning NU1701: Package 'GroupControls 1.9.0' was restored using '.NETFramework,Version=v4.6.1, .NETFramework,Version=v4.6.2, .NETFramework,Version=v4.7, .NETFramework,Version=v4.7.1, .NETFramework,Version=v4.7.2, .NETFramework,Version=v4.8, .NETFramework,Version=v4.8.1' instead of the project target framework 'net8.0'. This package may not be fully compatible with your project.
C:\Users\ultra\warewolf\Dev\Warewolf.Storage.Interfaces\Warewolf.Storage.Interfaces.csproj : warning NU1701: Package 'TaskSchedulerEditor 2.10.1' was restored using '.NETFramework,Version=v4.6.1, .NETFramework,Version=v4.6.2, .NETFramework,Version=v4.7, .NETFramework,Version=v4.7.1, .NETFramework,Version=v4.7.2, .NETFramework,Version=v4.8, .NETFramework,Version=v4.8.1' instead of the project target framework 'net8.0'. This package may not be fully compatible with your project.
C:\Users\ultra\warewolf\Dev\Warewolf.Security\Warewolf.Security.csproj : warning NU1904: Package 'System.Drawing.Common' 4.5.1 has a known critical severity vulnerability, https://github.com/advisories/GHSA-rxg9-xrhp-64gj
  Log4Net.Async -> C:\Users\ultra\warewolf\Dev\Log4Net.Async\bin\Debug\net8.0\Log4Net.Async.dll
C:\Users\ultra\warewolf\Dev\Warewolf.Sharepoint\Warewolf.Sharepoint.csproj : warning NU1701: Package 'AeroWizard 2.3.1' was restored using '.NETFramework,Version=v4.6.1, .NETFramework,Version=v4.6.2, .NETFramework,Version=v4.7, .NETFramework,Version=v4.7.1, .NETFramework,Version=v4.7.2, .NETFramework,Version=v4.8, .NETFramework,Version=v4.8.1' instead of the project target framework 'net8.0'. This package may not be fully compatible with your project.
C:\Users\ultra\warewolf\Dev\Warewolf.Sharepoint\Warewolf.Sharepoint.csproj : warning NU1701: Package 'GroupControls 1.9.0' was restored using '.NETFramework,Version=v4.6.1, .NETFramework,Version=v4.6.2, .NETFramework,Version=v4.7, .NETFramework,Version=v4.7.1, .NETFramework,Version=v4.7.2, .NETFramework,Version=v4.8, .NETFramework,Version=v4.8.1' instead of the project target framework 'net8.0'. This package may not be fully compatible with your project.
C:\Users\ultra\warewolf\Dev\Warewolf.Sharepoint\Warewolf.Sharepoint.csproj : warning NU1701: Package 'ReactiveUI.WPF 18.4.1' was restored using '.NETFramework,Version=v4.6.1, .NETFramework,Version=v4.6.2, .NETFramework,Version=v4.7, .NETFramework,Version=v4.7.1, .NETFramework,Version=v4.7.2, .NETFramework,Version=v4.8, .NETFramework,Version=v4.8.1' instead of the project target framework 'net8.0'. This package may not be fully compatible with your project.
C:\Users\ultra\warewolf\Dev\Warewolf.Sharepoint\Warewolf.Sharepoint.csproj : warning NU1701: Package 'TaskSchedulerEditor 2.10.1' was restored using '.NETFramework,Version=v4.6.1, .NETFramework,Version=v4.6.2, .NETFramework,Version=v4.7, .NETFramework,Version=v4.7.1, .NETFramework,Version=v4.7.2, .NETFramework,Version=v4.8, .NETFramework,Version=v4.8.1' instead of the project target framework 'net8.0'. This package may not be fully compatible with your project.
  Dev2.Net6.Compatibility -> C:\Users\ultra\warewolf\Dev\Dev2.Net6.Compatibility\bin\Debug\net8.0\Dev2.Net6.Compatibility.dll
C:\Users\ultra\warewolf\Dev\Warewolf.Interfaces\Data\ChatbotSettingsData.cs(20,23): warning CS0169: The field 'ChatbotSettingsData._encryptDataSource' is never used [C:\Users\ultra\warewolf\Dev\Warewolf.Interfaces\Warewolf.Interfaces.csproj]
C:\Users\ultra\warewolf\Dev\Warewolf.Interfaces\Auditing\SerializableException.cs(15,7): warning CS0414: The field 'SerializableException.HResult' is assigned but its value is never used [C:\Users\ultra\warewolf\Dev\Warewolf.Interfaces\Warewolf.Interfaces.csproj]
  Warewolf.Interfaces -> C:\Users\ultra\warewolf\Dev\Warewolf.Interfaces\bin\Debug\net8.0\Warewolf.Interfaces.dll
  Warewolf.Common.Interfaces.NetStandard20 -> C:\Users\ultra\warewolf\Dev\Warewolf.Common.Interfaces.NetStandard20\bin\Debug\net8.0\Warewolf.Common.Interfaces.NetStandard20.dll
C:\Users\ultra\warewolf\Dev\Warewolf.Security\Encryption\AESThenHMAC.cs(168,34): warning SYSLIB0021: 'AesManaged' is obsolete: 'Derived cryptographic types are obsolete. Use the Create method on the base type instead.' (https://aka.ms/dotnet-warnings/SYSLIB0021) [C:\Users\ultra\warewolf\Dev\Warewolf.Security\Warewolf.Security.csproj]
C:\Users\ultra\warewolf\Dev\Warewolf.Security\Encryption\AESThenHMAC.cs(264,38): warning SYSLIB0021: 'AesManaged' is obsolete: 'Derived cryptographic types are obsolete. Use the Create method on the base type instead.' (https://aka.ms/dotnet-warnings/SYSLIB0021) [C:\Users\ultra\warewolf\Dev\Warewolf.Security\Warewolf.Security.csproj]
C:\Users\ultra\warewolf\Dev\Warewolf.Security\Encryption\AESThenHMAC.cs(331,36): warning SYSLIB0041: 'Rfc2898DeriveBytes.Rfc2898DeriveBytes(string, int, int)' is obsolete: 'The default hash algorithm and iteration counts in Rfc2898DeriveBytes constructors are outdated and insecure. Use a constructor that accepts the hash algorithm and the number of iterations.' (https://aka.ms/dotnet-warnings/SYSLIB0041) [C:\Users\ultra\warewolf\Dev\Warewolf.Security\Warewolf.Security.csproj]
C:\Users\ultra\warewolf\Dev\Warewolf.Security\Encryption\AESThenHMAC.cs(345,36): warning SYSLIB0041: 'Rfc2898DeriveBytes.Rfc2898DeriveBytes(string, int, int)' is obsolete: 'The default hash algorithm and iteration counts in Rfc2898DeriveBytes constructors are outdated and insecure. Use a constructor that accepts the hash algorithm and the number of iterations.' (https://aka.ms/dotnet-warnings/SYSLIB0041) [C:\Users\ultra\warewolf\Dev\Warewolf.Security\Warewolf.Security.csproj]
C:\Users\ultra\warewolf\Dev\Warewolf.Security\Encryption\AESThenHMAC.cs(393,36): warning SYSLIB0041: 'Rfc2898DeriveBytes.Rfc2898DeriveBytes(string, byte[], int)' is obsolete: 'The default hash algorithm and iteration counts in Rfc2898DeriveBytes constructors are outdated and insecure. Use a constructor that accepts the hash algorithm and the number of iterations.' (https://aka.ms/dotnet-warnings/SYSLIB0041) [C:\Users\ultra\warewolf\Dev\Warewolf.Security\Warewolf.Security.csproj]
C:\Users\ultra\warewolf\Dev\Warewolf.Security\Encryption\AESThenHMAC.cs(398,36): warning SYSLIB0041: 'Rfc2898DeriveBytes.Rfc2898DeriveBytes(string, byte[], int)' is obsolete: 'The default hash algorithm and iteration counts in Rfc2898DeriveBytes constructors are outdated and insecure. Use a constructor that accepts the hash algorithm and the number of iterations.' (https://aka.ms/dotnet-warnings/SYSLIB0041) [C:\Users\ultra\warewolf\Dev\Warewolf.Security\Warewolf.Security.csproj]
  Consider app.config remapping of assembly "System.Runtime.CompilerServices.Unsafe, Culture=neutral, PublicKeyToken=b03f5f7f11d50a3a" from Version "6.0.0.0" [] to Version "8.0.0.0" [C:\Program Files\dotnet\packs\Microsoft.NETCore.App.Ref\8.0.25\ref\net8.0\System.Runtime.CompilerServices.Unsafe.dll] to solve conflict and get rid of warning.
  Warewolf.Security -> C:\Users\ultra\warewolf\Dev\Warewolf.Security\bin\Debug\net8.0\Warewolf.Security.dll
  Warewolf.Weave -> C:\Users\ultra\warewolf\Dev\Warewolf.Weave\bin\Debug\net8.0\Warewolf.Weave.dll
  Warewolf.Resource -> C:\Users\ultra\warewolf\Dev\Warewolf.Resource\bin\Debug\net8.0\Warewolf.Resource.dll
  Warewolf.Studio.Resources -> C:\Users\ultra\warewolf\Dev\Warewolf.Studio.Resources\bin\Debug\net8.0\Warewolf.Studio.Resources.dll
C:\Users\ultra\warewolf\Dev\Warewolf.Common\Warewolf.Common.csproj : warning NU1701: Package 'AeroWizard 2.3.1' was restored using '.NETFramework,Version=v4.6.1, .NETFramework,Version=v4.6.2, .NETFramework,Version=v4.7, .NETFramework,Version=v4.7.1, .NETFramework,Version=v4.7.2, .NETFramework,Version=v4.8, .NETFramework,Version=v4.8.1' instead of the project target framework 'net8.0'. This package may not be fully compatible with your project.
C:\Users\ultra\warewolf\Dev\Warewolf.Common\Warewolf.Common.csproj : warning NU1701: Package 'GroupControls 1.9.0' was restored using '.NETFramework,Version=v4.6.1, .NETFramework,Version=v4.6.2, .NETFramework,Version=v4.7, .NETFramework,Version=v4.7.1, .NETFramework,Version=v4.7.2, .NETFramework,Version=v4.8, .NETFramework,Version=v4.8.1' instead of the project target framework 'net8.0'. This package may not be fully compatible with your project.
C:\Users\ultra\warewolf\Dev\Warewolf.Common\Warewolf.Common.csproj : warning NU1701: Package 'TaskSchedulerEditor 2.10.1' was restored using '.NETFramework,Version=v4.6.1, .NETFramework,Version=v4.6.2, .NETFramework,Version=v4.7, .NETFramework,Version=v4.7.1, .NETFramework,Version=v4.7.2, .NETFramework,Version=v4.8, .NETFramework,Version=v4.8.1' instead of the project target framework 'net8.0'. This package may not be fully compatible with your project.
  Warewolf.Driver.RabbitMQ -> C:\Users\ultra\warewolf\Dev\Warewolf.Driver.RabbitMQ\bin\Debug\net8.0\Warewolf.Driver.RabbitMQ.dll
  Warewolf.Parser.Interop -> C:\Users\ultra\warewolf\Dev\Warewolf.Parser.Interop\bin\Debug\net8.0\WarewolfParserInterop.dll
C:\Users\ultra\warewolf\Dev\Warewolf.Language.Parser\EvaluationFunctions.fs(277,15): warning FS3548: Pattern discard is not allowed for union case that takes no data. [C:\Users\ultra\warewolf\Dev\Warewolf.Language.Parser\Warewolf.Language.Parser.fsproj]
C:\Users\ultra\warewolf\Dev\Warewolf.Language.Parser\EvaluationFunctions.fs(305,15): warning FS3548: Pattern discard is not allowed for union case that takes no data. [C:\Users\ultra\warewolf\Dev\Warewolf.Language.Parser\Warewolf.Language.Parser.fsproj]
C:\Users\ultra\warewolf\Dev\Warewolf.Language.Parser\EvaluationFunctions.fs(748,21): warning FS3873: This construct is deprecated. Sequence expressions should be of the form 'seq { ... }' [C:\Users\ultra\warewolf\Dev\Warewolf.Language.Parser\Warewolf.Language.Parser.fsproj]
C:\Users\ultra\warewolf\Dev\Warewolf.Language.Parser\EvaluationFunctions.fs(751,28): warning FS3873: This construct is deprecated. Sequence expressions should be of the form 'seq { ... }' [C:\Users\ultra\warewolf\Dev\Warewolf.Language.Parser\Warewolf.Language.Parser.fsproj]
C:\Users\ultra\warewolf\Dev\Warewolf.Language.Parser\WarewolfDataEvaluationCommon.fs(593,21): warning FS3873: This construct is deprecated. Sequence expressions should be of the form 'seq { ... }' [C:\Users\ultra\warewolf\Dev\Warewolf.Language.Parser\Warewolf.Language.Parser.fsproj]
C:\Users\ultra\warewolf\Dev\Warewolf.Language.Parser\WarewolfDataEvaluationCommon.fs(596,28): warning FS3873: This construct is deprecated. Sequence expressions should be of the form 'seq { ... }' [C:\Users\ultra\warewolf\Dev\Warewolf.Language.Parser\Warewolf.Language.Parser.fsproj]
C:\Users\ultra\warewolf\Dev\Dev2.Common.Interfaces\Attribute\ReasonAttribute.cs(13,18): warning CC0023: Mark 'ReasonAttribute' as sealed. (https://code-cracker.github.io/diagnostics/CC0023.html) [C:\Users\ultra\warewolf\Dev\Dev2.Common.Interfaces\Dev2.Common.Interfaces.csproj]
C:\Users\ultra\warewolf\Dev\Dev2.Common.Interfaces\Wrappers\IDirectoryEntry.cs(190,35): warning CC0057: Parameter 'path' is not used. (https://code-cracker.github.io/diagnostics/CC0057.html) [C:\Users\ultra\warewolf\Dev\Dev2.Common.Interfaces\Dev2.Common.Interfaces.csproj]
C:\Users\ultra\warewolf\Dev\Dev2.Common.Interfaces\DllListing.cs(97,17): warning CC0105: Use 'var' instead of specifying the type name. (https://code-cracker.github.io/diagnostics/CC0105.html) [C:\Users\ultra\warewolf\Dev\Dev2.Common.Interfaces\Dev2.Common.Interfaces.csproj]
C:\Users\ultra\warewolf\Dev\Dev2.Common.Interfaces\DllListing.cs(98,17): warning CC0105: Use 'var' instead of specifying the type name. (https://code-cracker.github.io/diagnostics/CC0105.html) [C:\Users\ultra\warewolf\Dev\Dev2.Common.Interfaces\Dev2.Common.Interfaces.csproj]
C:\Users\ultra\warewolf\Dev\Dev2.Common.Interfaces\Runtime\Services\IStreamContentFactory.cs(48,21): warning CC0029: 'StreamContentWrapper' should call GC.SuppressFinalize inside the Dispose method. (https://code-cracker.github.io/diagnostics/CC0029.html) [C:\Users\ultra\warewolf\Dev\Dev2.Common.Interfaces\Dev2.Common.Interfaces.csproj]
  Warewolf.Driver.Redis -> C:\Users\ultra\warewolf\Dev\Warewolf.Driver.Redis\bin\Debug\net8.0\Warewolf.Driver.Redis.dll
  Dev2.Common.Interfaces -> C:\Users\ultra\warewolf\Dev\Dev2.Common.Interfaces\bin\Debug\net8.0\Dev2.Common.Interfaces.dll
  Warewolf.Language.Parser -> C:\Users\ultra\warewolf\Dev\Warewolf.Language.Parser\bin\Debug\net8.0\Warewolf.Language.Parser.dll
C:\Users\ultra\warewolf\Dev\Warewolf.Data\NamedInt.cs(160,21): warning CA2200: Re-throwing caught exception changes stack information (https://learn.microsoft.com/dotnet/fundamentals/code-analysis/quality-rules/ca2200) [C:\Users\ultra\warewolf\Dev\Warewolf.Data\Warewolf.Data.csproj]
  Warewolf.Data -> C:\Users\ultra\warewolf\Dev\Warewolf.Data\bin\Debug\net8.0\Warewolf.Data.dll
  Warewolf.Storage.Interfaces -> C:\Users\ultra\warewolf\Dev\Warewolf.Storage.Interfaces\bin\Debug\net8.0\Warewolf.Storage.Interfaces.dll
  Warewolf.Common -> C:\Users\ultra\warewolf\Dev\Warewolf.Common\bin\Debug\net8.0\Warewolf.Common.dll
  Dev2.Data.Interfaces -> C:\Users\ultra\warewolf\Dev\Dev2.Data.Interfaces\bin\Debug\net8.0\Dev2.Data.Interfaces.dll
C:\Users\ultra\warewolf\Dev\Dev2.Common\ExtMethods\StringExtension.cs(302,13): warning CC0004: Empty Catch Block. (https://code-cracker.github.io/diagnostics/CC0004.html) [C:\Users\ultra\warewolf\Dev\Dev2.Common\Dev2.Common.csproj]
  Dev2.Common -> C:\Users\ultra\warewolf\Dev\Dev2.Common\bin\Debug\net8.0\Dev2.Common.dll
  Dev2.Util -> C:\Users\ultra\warewolf\Dev\Dev2.Util\bin\Debug\net8.0\Dev2.Util.dll
  Dev2.CustomControls -> C:\Users\ultra\warewolf\Dev\Dev2.CustomControls\bin\Debug\net8.0\Dev2.CustomControls.dll
  Consider app.config remapping of assembly "Newtonsoft.Json, Culture=neutral, PublicKeyToken=30ad4fe6b2a6aeed" from Version "12.0.0.0" [] to Version "13.0.0.0" [C:\Users\ultra\.nuget\packages\newtonsoft.json\13.0.2\lib\net6.0\Newtonsoft.Json.dll] to solve conflict and get rid of warning.
  Dev2.Runtime.Configuration -> C:\Users\ultra\warewolf\Dev\Dev2.Runtime.Configuration\bin\Debug\net8.0\Dev2.Runtime.Configuration.dll
C:\Users\ultra\warewolf\Dev\Dev2.Diagnostics\Debug\DebugDispatcher.cs(209,35): warning CC0057: Parameter 'previous' is not used. (https://code-cracker.github.io/diagnostics/CC0057.html) [C:\Users\ultra\warewolf\Dev\Dev2.Diagnostics\Dev2.Diagnostics.csproj]
  Dev2.Diagnostics -> C:\Users\ultra\warewolf\Dev\Dev2.Diagnostics\bin\Debug\net8.0\Dev2.Diagnostics.dll
C:\Users\ultra\warewolf\Dev\Dev2.Infrastructure\PerformanceCounters\Management\PerformanceCounterPersistence.cs(48,81): warning CC0057: Parameter 'resourcePerformanceCounters' is not used. (https://code-cracker.github.io/diagnostics/CC0057.html) [C:\Users\ultra\warewolf\Dev\Dev2.Infrastructure\Dev2.Infrastructure.csproj]
C:\Users\ultra\warewolf\Dev\Dev2.Infrastructure\PerformanceCounters\Management\WarewolfPerformanceCounterManager.cs(22,140): warning CC0057: Parameter 'register' is not used. (https://code-cracker.github.io/diagnostics/CC0057.html) [C:\Users\ultra\warewolf\Dev\Dev2.Infrastructure\Dev2.Infrastructure.csproj]
C:\Users\ultra\warewolf\Dev\Dev2.Infrastructure\PerformanceCounters\PerformanceCounterCategoryWrapper.cs(33,48): warning CA1416: This call site is reachable on all platforms. 'PerformanceCounterCategory.Exists(string)' is only supported on: 'windows'. (https://learn.microsoft.com/dotnet/fundamentals/code-analysis/quality-rules/ca1416) [C:\Users\ultra\warewolf\Dev\Dev2.Infrastructure\Dev2.Infrastructure.csproj]
C:\Users\ultra\warewolf\Dev\Dev2.Infrastructure\PerformanceCounters\PerformanceCounterCategoryWrapper.cs(32,48): warning CA1416: This call site is reachable on all platforms. 'PerformanceCounterCategory.Delete(string)' is only supported on: 'windows'. (https://learn.microsoft.com/dotnet/fundamentals/code-analysis/quality-rules/ca1416) [C:\Users\ultra\warewolf\Dev\Dev2.Infrastructure\Dev2.Infrastructure.csproj]
C:\Users\ultra\warewolf\Dev\Dev2.Infrastructure\PerformanceCounters\PerformanceCounterCategoryWrapper.cs(12,51): warning CA1416: This call site is reachable on all platforms. 'PerformanceCounterCategory.CounterExists(string)' is only supported on: 'windows'. (https://learn.microsoft.com/dotnet/fundamentals/code-analysis/quality-rules/ca1416) [C:\Users\ultra\warewolf\Dev\Dev2.Infrastructure\Dev2.Infrastructure.csproj]
C:\Users\ultra\warewolf\Dev\Dev2.Infrastructure\PerformanceCounters\PerformanceCounterCategoryWrapper.cs(38,29): warning CA1416: This call site is reachable on all platforms. 'PerformanceCounterCategory' is only supported on: 'windows'. (https://learn.microsoft.com/dotnet/fundamentals/code-analysis/quality-rules/ca1416) [C:\Users\ultra\warewolf\Dev\Dev2.Infrastructure\Dev2.Infrastructure.csproj]
C:\Users\ultra\warewolf\Dev\Dev2.Infrastructure\PerformanceCounters\Management\WarewolfPerformanceCounterManager.cs(67,83): warning CC0057: Parameter 'name' is not used. (https://code-cracker.github.io/diagnostics/CC0057.html) [C:\Users\ultra\warewolf\Dev\Dev2.Infrastructure\Dev2.Infrastructure.csproj]
C:\Users\ultra\warewolf\Dev\Dev2.Infrastructure\PerformanceCounters\PerformanceCounterCategoryWrapper.cs(14,49): warning CA1416: This call site is reachable on all platforms. 'CounterCreationDataCollection' is only supported on: 'windows'. (https://learn.microsoft.com/dotnet/fundamentals/code-analysis/quality-rules/ca1416) [C:\Users\ultra\warewolf\Dev\Dev2.Infrastructure\Dev2.Infrastructure.csproj]
C:\Users\ultra\warewolf\Dev\Dev2.Infrastructure\PerformanceCounters\PerformanceCounterCategoryWrapper.cs(25,21): warning CA1416: This call site is reachable on all platforms. 'CounterCreationDataCollection.Add(CounterCreationData)' is only supported on: 'windows'. (https://learn.microsoft.com/dotnet/fundamentals/code-analysis/quality-rules/ca1416) [C:\Users\ultra\warewolf\Dev\Dev2.Infrastructure\Dev2.Infrastructure.csproj]
C:\Users\ultra\warewolf\Dev\Dev2.Infrastructure\PerformanceCounters\PerformanceCounterCategoryWrapper.cs(29,71): warning CA1416: This call site is reachable on all platforms. 'PerformanceCounterCategoryType.MultiInstance' is only supported on: 'windows'. (https://learn.microsoft.com/dotnet/fundamentals/code-analysis/quality-rules/ca1416) [C:\Users\ultra\warewolf\Dev\Dev2.Infrastructure\Dev2.Infrastructure.csproj]
C:\Users\ultra\warewolf\Dev\Dev2.Infrastructure\PerformanceCounters\PerformanceCounterCategoryWrapper.cs(19,45): warning CA1416: This call site is reachable on all platforms. 'CounterCreationData' is only supported on: 'windows'. (https://learn.microsoft.com/dotnet/fundamentals/code-analysis/quality-rules/ca1416) [C:\Users\ultra\warewolf\Dev\Dev2.Infrastructure\Dev2.Infrastructure.csproj]
C:\Users\ultra\warewolf\Dev\Dev2.Infrastructure\PerformanceCounters\PerformanceCounterCategoryWrapper.cs(29,13): warning CA1416: This call site is reachable on all platforms. 'PerformanceCounterCategory.Create(string, string, PerformanceCounterCategoryType, CounterCreationDataCollection)' is only supported on: 'windows'. (https://learn.microsoft.com/dotnet/fundamentals/code-analysis/quality-rules/ca1416) [C:\Users\ultra\warewolf\Dev\Dev2.Infrastructure\Dev2.Infrastructure.csproj]
C:\Users\ultra\warewolf\Dev\Dev2.Infrastructure\PerformanceCounters\PerformanceCounterCategoryWrapper.cs(52,28): warning CA1416: This call site is reachable on all platforms. 'PerformanceCounterType.NumberOfItems32' is only supported on: 'windows'. (https://learn.microsoft.com/dotnet/fundamentals/code-analysis/quality-rules/ca1416) [C:\Users\ultra\warewolf\Dev\Dev2.Infrastructure\Dev2.Infrastructure.csproj]
C:\Users\ultra\warewolf\Dev\Dev2.Infrastructure\PerformanceCounters\PerformanceCounterCategoryWrapper.cs(48,28): warning CA1416: This call site is reachable on all platforms. 'PerformanceCounterType.AverageBase' is only supported on: 'windows'. (https://learn.microsoft.com/dotnet/fundamentals/code-analysis/quality-rules/ca1416) [C:\Users\ultra\warewolf\Dev\Dev2.Infrastructure\Dev2.Infrastructure.csproj]
C:\Users\ultra\warewolf\Dev\Dev2.Infrastructure\PerformanceCounters\PerformanceCounterCategoryWrapper.cs(50,28): warning CA1416: This call site is reachable on all platforms. 'PerformanceCounterType.AverageTimer32' is only supported on: 'windows'. (https://learn.microsoft.com/dotnet/fundamentals/code-analysis/quality-rules/ca1416) [C:\Users\ultra\warewolf\Dev\Dev2.Infrastructure\Dev2.Infrastructure.csproj]
C:\Users\ultra\warewolf\Dev\Dev2.Infrastructure\PerformanceCounters\PerformanceCounterCategoryWrapper.cs(54,28): warning CA1416: This call site is reachable on all platforms. 'PerformanceCounterType.RateOfCountsPerSecond32' is only supported on: 'windows'. (https://learn.microsoft.com/dotnet/fundamentals/code-analysis/quality-rules/ca1416) [C:\Users\ultra\warewolf\Dev\Dev2.Infrastructure\Dev2.Infrastructure.csproj]
C:\Users\ultra\warewolf\Dev\Dev2.Infrastructure\Services\Security\MoqInstallerActions\InstallerActionsForDevelopment.cs(59,57): warning CA1416: This call site is reachable on all platforms. 'WindowsIdentity.Name' is only supported on: 'windows'. (https://learn.microsoft.com/dotnet/fundamentals/code-analysis/quality-rules/ca1416) [C:\Users\ultra\warewolf\Dev\Dev2.Infrastructure\Dev2.Infrastructure.csproj]
C:\Users\ultra\warewolf\Dev\Dev2.Infrastructure\Services\Security\MoqInstallerActions\InstallerActionsForDevelopment.cs(57,31): warning CA1416: This call site is reachable on all platforms. 'WindowsIdentity.GetCurrent(bool)' is only supported on: 'windows'. (https://learn.microsoft.com/dotnet/fundamentals/code-analysis/quality-rules/ca1416) [C:\Users\ultra\warewolf\Dev\Dev2.Infrastructure\Dev2.Infrastructure.csproj]
C:\Users\ultra\warewolf\Dev\Dev2.Infrastructure\Services\Security\SecuritySettings.cs(92,28): warning CC0022: HMACSHA256 should be disposed. (https://code-cracker.github.io/diagnostics/CC0022.html) [C:\Users\ultra\warewolf\Dev\Dev2.Infrastructure\Dev2.Infrastructure.csproj]
CSC : warning AD0001: Analyzer 'CodeCracker.CSharp.Design.UseInvokeMethodToFireEventAnalyzer' threw an exception of type 'System.ArgumentException' with message 'Syntax node is not within syntax tree'. [C:\Users\ultra\warewolf\Dev\Dev2.Infrastructure\Dev2.Infrastructure.csproj]
CSC : warning AD0001: Analyzer 'CodeCracker.CSharp.Design.UseInvokeMethodToFireEventAnalyzer' threw an exception of type 'System.ArgumentException' with message 'Syntax node is not within syntax tree'. [C:\Users\ultra\warewolf\Dev\Dev2.Infrastructure\Dev2.Infrastructure.csproj]
CSC : warning AD0001: Analyzer 'CodeCracker.CSharp.Design.UseInvokeMethodToFireEventAnalyzer' threw an exception of type 'System.ArgumentException' with message 'Syntax node is not within syntax tree'. [C:\Users\ultra\warewolf\Dev\Dev2.Infrastructure\Dev2.Infrastructure.csproj]
CSC : warning AD0001: Analyzer 'CodeCracker.CSharp.Design.UseInvokeMethodToFireEventAnalyzer' threw an exception of type 'System.ArgumentException' with message 'Syntax node is not within syntax tree'. [C:\Users\ultra\warewolf\Dev\Dev2.Infrastructure\Dev2.Infrastructure.csproj]
CSC : warning AD0001: Analyzer 'CodeCracker.CSharp.Design.UseInvokeMethodToFireEventAnalyzer' threw an exception of type 'System.ArgumentException' with message 'Syntax node is not within syntax tree'. [C:\Users\ultra\warewolf\Dev\Dev2.Infrastructure\Dev2.Infrastructure.csproj]
CSC : warning AD0001: Analyzer 'CodeCracker.CSharp.Design.UseInvokeMethodToFireEventAnalyzer' threw an exception of type 'System.ArgumentException' with message 'Syntax node is not within syntax tree'. [C:\Users\ultra\warewolf\Dev\Dev2.Infrastructure\Dev2.Infrastructure.csproj]
CSC : warning AD0001: Analyzer 'CodeCracker.CSharp.Design.UseInvokeMethodToFireEventAnalyzer' threw an exception of type 'System.ArgumentException' with message 'Syntax node is not within syntax tree'. [C:\Users\ultra\warewolf\Dev\Dev2.Infrastructure\Dev2.Infrastructure.csproj]
CSC : warning AD0001: Analyzer 'CodeCracker.CSharp.Design.UseInvokeMethodToFireEventAnalyzer' threw an exception of type 'System.ArgumentException' with message 'Syntax node is not within syntax tree'. [C:\Users\ultra\warewolf\Dev\Dev2.Infrastructure\Dev2.Infrastructure.csproj]
CSC : warning AD0001: Analyzer 'CodeCracker.CSharp.Design.UseInvokeMethodToFireEventAnalyzer' threw an exception of type 'System.ArgumentException' with message 'Syntax node is not within syntax tree'. [C:\Users\ultra\warewolf\Dev\Dev2.Infrastructure\Dev2.Infrastructure.csproj]
CSC : warning AD0001: Analyzer 'CodeCracker.CSharp.Design.UseInvokeMethodToFireEventAnalyzer' threw an exception of type 'System.ArgumentException' with message 'Syntax node is not within syntax tree'. [C:\Users\ultra\warewolf\Dev\Dev2.Infrastructure\Dev2.Infrastructure.csproj]
CSC : warning AD0001: Analyzer 'CodeCracker.CSharp.Design.UseInvokeMethodToFireEventAnalyzer' threw an exception of type 'System.ArgumentException' with message 'Syntax node is not within syntax tree'. [C:\Users\ultra\warewolf\Dev\Dev2.Infrastructure\Dev2.Infrastructure.csproj]
CSC : warning AD0001: Analyzer 'CodeCracker.CSharp.Design.UseInvokeMethodToFireEventAnalyzer' threw an exception of type 'System.ArgumentException' with message 'Syntax node is not within syntax tree'. [C:\Users\ultra\warewolf\Dev\Dev2.Infrastructure\Dev2.Infrastructure.csproj]
CSC : warning AD0001: Analyzer 'CodeCracker.CSharp.Design.UseInvokeMethodToFireEventAnalyzer' threw an exception of type 'System.ArgumentException' with message 'Syntax node is not within syntax tree'. [C:\Users\ultra\warewolf\Dev\Dev2.Infrastructure\Dev2.Infrastructure.csproj]
CSC : warning AD0001: Analyzer 'CodeCracker.CSharp.Design.UseInvokeMethodToFireEventAnalyzer' threw an exception of type 'System.ArgumentException' with message 'Syntax node is not within syntax tree'. [C:\Users\ultra\warewolf\Dev\Dev2.Infrastructure\Dev2.Infrastructure.csproj]
  Dev2.Infrastructure -> C:\Users\ultra\warewolf\Dev\Dev2.Infrastructure\bin\Debug\net8.0\Dev2.Infrastructure.dll
C:\Program Files\dotnet\sdk\10.0.201\Microsoft.CSharp.CurrentVersion.targets(130,9): warning MSB3884: Could not find rule set file "..\.sonarlint\warewolf_dotnet_frameworkcsharp.ruleset". [C:\Users\ultra\warewolf\Dev\Warewolf.Sharepoint\Warewolf.Sharepoint.csproj]
  Warewolf.Sharepoint -> C:\Users\ultra\warewolf\Dev\Warewolf.Sharepoint\bin\Debug\net8.0\Warewolf.Sharepoint.dll
  Warewolf.Storage -> C:\Users\ultra\warewolf\Dev\Warewolf.Storage\bin\Debug\net8.0\Warewolf.Storage.dll
C:\Program Files\dotnet\sdk\10.0.201\Microsoft.Common.CurrentVersion.targets(2451,5): warning MSB3245: Could not resolve this reference. Could not locate the assembly "System.Web". Check to make sure the assembly exists on disk. If this reference is required by your code, you may get compilation errors. [C:\Users\ultra\warewolf\Dev\Dev2.Data\Dev2.Data.csproj]
C:\Program Files\dotnet\sdk\10.0.201\Microsoft.Common.CurrentVersion.targets(2451,5): warning MSB3245: Could not resolve this reference. Could not locate the assembly "System.Web.Extensions". Check to make sure the assembly exists on disk. If this reference is required by your code, you may get compilation errors. [C:\Users\ultra\warewolf\Dev\Dev2.Data\Dev2.Data.csproj]
C:\Program Files\dotnet\sdk\10.0.201\Microsoft.Common.CurrentVersion.targets(2451,5): warning MSB3245: Could not resolve this reference. Could not locate the assembly "System.Xml.Linq". Check to make sure the assembly exists on disk. If this reference is required by your code, you may get compilation errors. [C:\Users\ultra\warewolf\Dev\Dev2.Data\Dev2.Data.csproj]
C:\Program Files\dotnet\sdk\10.0.201\Microsoft.Common.CurrentVersion.targets(2451,5): warning MSB3245: Could not resolve this reference. Could not locate the assembly "System.Data.DataSetExtensions". Check to make sure the assembly exists on disk. If this reference is required by your code, you may get compilation errors. [C:\Users\ultra\warewolf\Dev\Dev2.Data\Dev2.Data.csproj]
C:\Program Files\dotnet\sdk\10.0.201\Microsoft.Common.CurrentVersion.targets(2451,5): warning MSB3245: Could not resolve this reference. Could not locate the assembly "Microsoft.CSharp". Check to make sure the assembly exists on disk. If this reference is required by your code, you may get compilation errors. [C:\Users\ultra\warewolf\Dev\Dev2.Data\Dev2.Data.csproj]
C:\Program Files\dotnet\sdk\10.0.201\Microsoft.Common.CurrentVersion.targets(2451,5): warning MSB3245: Could not resolve this reference. Could not locate the assembly "System.Data". Check to make sure the assembly exists on disk. If this reference is required by your code, you may get compilation errors. [C:\Users\ultra\warewolf\Dev\Dev2.Data\Dev2.Data.csproj]
C:\Program Files\dotnet\sdk\10.0.201\Microsoft.Common.CurrentVersion.targets(2451,5): warning MSB3245: Could not resolve this reference. Could not locate the assembly "System.Xml". Check to make sure the assembly exists on disk. If this reference is required by your code, you may get compilation errors. [C:\Users\ultra\warewolf\Dev\Dev2.Data\Dev2.Data.csproj]
C:\Program Files\dotnet\sdk\10.0.201\Microsoft.Common.CurrentVersion.targets(2451,5): warning MSB3243: No way to resolve conflict between "System.Web, Version=4.0.0.0, Culture=neutral, PublicKeyToken=b03f5f7f11d50a3a" and "System.Web". Choosing "System.Web, Version=4.0.0.0, Culture=neutral, PublicKeyToken=b03f5f7f11d50a3a" arbitrarily. [C:\Users\ultra\warewolf\Dev\Dev2.Data\Dev2.Data.csproj]
C:\Program Files\dotnet\sdk\10.0.201\Microsoft.Common.CurrentVersion.targets(2451,5): warning MSB3243: No way to resolve conflict between "System.Xml.Linq, Version=4.0.0.0, Culture=neutral, PublicKeyToken=b77a5c561934e089" and "System.Xml.Linq". Choosing "System.Xml.Linq, Version=4.0.0.0, Culture=neutral, PublicKeyToken=b77a5c561934e089" arbitrarily. [C:\Users\ultra\warewolf\Dev\Dev2.Data\Dev2.Data.csproj]
C:\Program Files\dotnet\sdk\10.0.201\Microsoft.Common.CurrentVersion.targets(2451,5): warning MSB3243: No way to resolve conflict between "System.Data.DataSetExtensions, Version=8.0.0.0, Culture=neutral, PublicKeyToken=b77a5c561934e089" and "System.Data.DataSetExtensions". Choosing "System.Data.DataSetExtensions, Version=8.0.0.0, Culture=neutral, PublicKeyToken=b77a5c561934e089" arbitrarily. [C:\Users\ultra\warewolf\Dev\Dev2.Data\Dev2.Data.csproj]
C:\Program Files\dotnet\sdk\10.0.201\Microsoft.Common.CurrentVersion.targets(2451,5): warning MSB3243: No way to resolve conflict between "Microsoft.CSharp, Version=8.0.0.0, Culture=neutral, PublicKeyToken=b03f5f7f11d50a3a" and "Microsoft.CSharp". Choosing "Microsoft.CSharp, Version=8.0.0.0, Culture=neutral, PublicKeyToken=b03f5f7f11d50a3a" arbitrarily. [C:\Users\ultra\warewolf\Dev\Dev2.Data\Dev2.Data.csproj]
C:\Program Files\dotnet\sdk\10.0.201\Microsoft.Common.CurrentVersion.targets(2451,5): warning MSB3243: No way to resolve conflict between "System.Data, Version=4.0.0.0, Culture=neutral, PublicKeyToken=b77a5c561934e089" and "System.Data". Choosing "System.Data, Version=4.0.0.0, Culture=neutral, PublicKeyToken=b77a5c561934e089" arbitrarily. [C:\Users\ultra\warewolf\Dev\Dev2.Data\Dev2.Data.csproj]
C:\Program Files\dotnet\sdk\10.0.201\Microsoft.Common.CurrentVersion.targets(2451,5): warning MSB3243: No way to resolve conflict between "System.Xml, Version=4.0.0.0, Culture=neutral, PublicKeyToken=b77a5c561934e089" and "System.Xml". Choosing "System.Xml, Version=4.0.0.0, Culture=neutral, PublicKeyToken=b77a5c561934e089" arbitrarily. [C:\Users\ultra\warewolf\Dev\Dev2.Data\Dev2.Data.csproj]
CSC : warning CS2002: Source file 'C:\Users\ultra\warewolf\Dev\Dev2.Data\MathOperations\NCalc\NCalcExpressionBuilder.cs' specified multiple times [C:\Users\ultra\warewolf\Dev\Dev2.Data\Dev2.Data.csproj]
CSC : warning CS2002: Source file 'C:\Users\ultra\warewolf\Dev\Dev2.Data\MathOperations\NCalc\NCalcFunctionArgHelper.cs' specified multiple times [C:\Users\ultra\warewolf\Dev\Dev2.Data\Dev2.Data.csproj]
CSC : warning CS2002: Source file 'C:\Users\ultra\warewolf\Dev\Dev2.Data\MathOperations\NCalc\Functions\BaseConversionFunctions.cs' specified multiple times [C:\Users\ultra\warewolf\Dev\Dev2.Data\Dev2.Data.csproj]
CSC : warning CS2002: Source file 'C:\Users\ultra\warewolf\Dev\Dev2.Data\MathOperations\NCalc\Functions\ComplexFunctions.cs' specified multiple times [C:\Users\ultra\warewolf\Dev\Dev2.Data\Dev2.Data.csproj]
CSC : warning CS2002: Source file 'C:\Users\ultra\warewolf\Dev\Dev2.Data\MathOperations\NCalc\Functions\DateTimeFunctions.cs' specified multiple times [C:\Users\ultra\warewolf\Dev\Dev2.Data\Dev2.Data.csproj]
CSC : warning CS2002: Source file 'C:\Users\ultra\warewolf\Dev\Dev2.Data\MathOperations\NCalc\Functions\FinancialFunctions.cs' specified multiple times [C:\Users\ultra\warewolf\Dev\Dev2.Data\Dev2.Data.csproj]
CSC : warning CS2002: Source file 'C:\Users\ultra\warewolf\Dev\Dev2.Data\MathOperations\NCalc\Functions\InformationFunctions.cs' specified multiple times [C:\Users\ultra\warewolf\Dev\Dev2.Data\Dev2.Data.csproj]
CSC : warning CS2002: Source file 'C:\Users\ultra\warewolf\Dev\Dev2.Data\MathOperations\NCalc\Functions\MathFunctions.cs' specified multiple times [C:\Users\ultra\warewolf\Dev\Dev2.Data\Dev2.Data.csproj]
CSC : warning CS2002: Source file 'C:\Users\ultra\warewolf\Dev\Dev2.Data\MathOperations\NCalc\Functions\StringFunctions.cs' specified multiple times [C:\Users\ultra\warewolf\Dev\Dev2.Data\Dev2.Data.csproj]
C:\Users\ultra\warewolf\Dev\Dev2.Data\MathOperations\NCalc\NCalcFunctionArgHelper.cs(51,47): warning CS8632: The annotation for nullable reference types should only be used in code within a '#nullable' annotations context. [C:\Users\ultra\warewolf\Dev\Dev2.Data\Dev2.Data.csproj]
C:\Users\ultra\warewolf\Dev\Dev2.Data\MathOperations\NCalc\Functions\MathFunctions.cs(22,30): warning CS8632: The annotation for nullable reference types should only be used in code within a '#nullable' annotations context. [C:\Users\ultra\warewolf\Dev\Dev2.Data\Dev2.Data.csproj]
C:\Users\ultra\warewolf\Dev\Dev2.Data\MathOperations\NCalc\Functions\StringFunctions.cs(94,59): warning CS8632: The annotation for nullable reference types should only be used in code within a '#nullable' annotations context. [C:\Users\ultra\warewolf\Dev\Dev2.Data\Dev2.Data.csproj]
C:\Users\ultra\warewolf\Dev\Dev2.Data\NativeMethods.cs(66,59): warning CS0472: The result of the expression is always 'false' since a value of type 'nint' is never equal to 'null' of type 'nint?' [C:\Users\ultra\warewolf\Dev\Dev2.Data\Dev2.Data.csproj]
C:\Users\ultra\warewolf\Dev\Dev2.Data\NativeMethods.cs(88,8): warning CS0472: The result of the expression is always 'false' since a value of type 'nint' is never equal to 'null' of type 'nint?' [C:\Users\ultra\warewolf\Dev\Dev2.Data\Dev2.Data.csproj]
C:\Users\ultra\warewolf\Dev\Dev2.Data\Security\WindowsIdentityExtensions.cs(28,49): warning CA1416: This call site is reachable on all platforms. 'WindowsIdentity.AccessToken' is only supported on: 'windows'. (https://learn.microsoft.com/dotnet/fundamentals/code-analysis/quality-rules/ca1416) [C:\Users\ultra\warewolf\Dev\Dev2.Data\Dev2.Data.csproj]
C:\Users\ultra\warewolf\Dev\Dev2.Data\Security\WindowsIdentityExtensions.cs(41,59): warning CA1416: This call site is reachable on all platforms. 'WindowsIdentity.AccessToken' is only supported on: 'windows'. (https://learn.microsoft.com/dotnet/fundamentals/code-analysis/quality-rules/ca1416) [C:\Users\ultra\warewolf\Dev\Dev2.Data\Dev2.Data.csproj]
C:\Users\ultra\warewolf\Dev\Dev2.Data\Security\WindowsIdentityExtensions.cs(28,17): warning CA1416: This call site is reachable on all platforms. 'WindowsIdentity.RunImpersonated(SafeAccessTokenHandle, Action)' is only supported on: 'windows'. (https://learn.microsoft.com/dotnet/fundamentals/code-analysis/quality-rules/ca1416) [C:\Users\ultra\warewolf\Dev\Dev2.Data\Dev2.Data.csproj]
C:\Users\ultra\warewolf\Dev\Dev2.Data\Security\WindowsIdentityExtensions.cs(41,24): warning CA1416: This call site is reachable on all platforms. 'WindowsIdentity.RunImpersonated<T>(SafeAccessTokenHandle, Func<T>)' is only supported on: 'windows'. (https://learn.microsoft.com/dotnet/fundamentals/code-analysis/quality-rules/ca1416) [C:\Users\ultra\warewolf\Dev\Dev2.Data\Dev2.Data.csproj]
C:\Users\ultra\warewolf\Dev\Dev2.Data\PathOperations\ValidateAuthorization.cs(73,33): warning CA1416: This call site is reachable on all platforms. 'WindowsIdentity' is only supported on: 'windows'. (https://learn.microsoft.com/dotnet/fundamentals/code-analysis/quality-rules/ca1416) [C:\Users\ultra\warewolf\Dev\Dev2.Data\Dev2.Data.csproj]
  Dev2.Data -> C:\Users\ultra\warewolf\Dev\Dev2.Data\bin\Debug\net8.0\Dev2.Data.dll
  Dev2.Core -> C:\Users\ultra\warewolf\Dev\Dev2.Core\bin\Debug\net8.0\Dev2.Core.dll
  Warewolf.Data.Tests -> C:\Users\ultra\warewolf\Dev\Warewolf.Data.Tests\bin\Debug\net8.0\linux-x64\Warewolf.Data.Tests.dll
  Warewolf.Data.Tests -> C:\Users\ultra\warewolf\Bin\ServerTests-Linux\Warewolf.Data.Tests\
Publishing Warewolf.Driver.Persistence.Tests for linux-x64...
  Determining projects to restore...
C:\Users\ultra\warewolf\Dev\Warewolf.Language.Parser\Warewolf.Language.Parser.fsproj : warning NU1504: Duplicate 'PackageReference' items found. Remove the duplicate items or use the Update functionality to ensure a consistent restore behavior. The duplicate 'PackageReference' items are: FSharp.Core 10.1.201, FSharp.Core 4.6.2.
C:\Users\ultra\warewolf\Dev\Dev2.Scheduler\Dev2.Scheduler.csproj : warning NU1701: Package 'AeroWizard 2.3.1' was restored using '.NETFramework,Version=v4.6.1, .NETFramework,Version=v4.6.2, .NETFramework,Version=v4.7, .NETFramework,Version=v4.7.1, .NETFramework,Version=v4.7.2, .NETFramework,Version=v4.8, .NETFramework,Version=v4.8.1' instead of the project target framework 'net8.0'. This package may not be fully compatible with your project. [C:\Users\ultra\warewolf\Dev\Warewolf.Driver.Persistence.Tests\Warewolf.Driver.Persistence.Tests.csproj]
C:\Users\ultra\warewolf\Dev\Dev2.Services.Execution\Dev2.Services.Execution.csproj : warning NU1701: Package 'AeroWizard 2.3.1' was restored using '.NETFramework,Version=v4.6.1, .NETFramework,Version=v4.6.2, .NETFramework,Version=v4.7, .NETFramework,Version=v4.7.1, .NETFramework,Version=v4.7.2, .NETFramework,Version=v4.8, .NETFramework,Version=v4.8.1' instead of the project target framework 'net8.0'. This package may not be fully compatible with your project. [C:\Users\ultra\warewolf\Dev\Warewolf.Driver.Persistence.Tests\Warewolf.Driver.Persistence.Tests.csproj]
C:\Users\ultra\warewolf\Dev\Dev2.Infrastructure.Tests\Dev2.Infrastructure.Tests.csproj : warning NU1701: Package 'AeroWizard 2.3.1' was restored using '.NETFramework,Version=v4.6.1, .NETFramework,Version=v4.6.2, .NETFramework,Version=v4.7, .NETFramework,Version=v4.7.1, .NETFramework,Version=v4.7.2, .NETFramework,Version=v4.8, .NETFramework,Version=v4.8.1' instead of the project target framework 'net8.0'. This package may not be fully compatible with your project. [C:\Users\ultra\warewolf\Dev\Warewolf.Driver.Persistence.Tests\Warewolf.Driver.Persistence.Tests.csproj]
C:\Users\ultra\warewolf\Dev\Warewolf.Exchange.Email.Wrapper\Warewolf.Exchange.Email.Wrapper.csproj : warning NU1701: Package 'AeroWizard 2.3.1' was restored using '.NETFramework,Version=v4.6.1, .NETFramework,Version=v4.6.2, .NETFramework,Version=v4.7, .NETFramework,Version=v4.7.1, .NETFramework,Version=v4.7.2, .NETFramework,Version=v4.8, .NETFramework,Version=v4.8.1' instead of the project target framework 'net8.0'. This package may not be fully compatible with your project. [C:\Users\ultra\warewolf\Dev\Warewolf.Driver.Persistence.Tests\Warewolf.Driver.Persistence.Tests.csproj]
C:\Users\ultra\warewolf\Dev\Warewolf.Storage.Interfaces\Warewolf.Storage.Interfaces.csproj : warning NU1701: Package 'AeroWizard 2.3.1' was restored using '.NETFramework,Version=v4.6.1, .NETFramework,Version=v4.6.2, .NETFramework,Version=v4.7, .NETFramework,Version=v4.7.1, .NETFramework,Version=v4.7.2, .NETFramework,Version=v4.8, .NETFramework,Version=v4.8.1' instead of the project target framework 'net8.0'. This package may not be fully compatible with your project. [C:\Users\ultra\warewolf\Dev\Warewolf.Driver.Persistence.Tests\Warewolf.Driver.Persistence.Tests.csproj]
C:\Users\ultra\warewolf\Dev\Dev2.Services.Sql\Dev2.Services.Sql.csproj : warning NU1903: Package 'Oracle.ManagedDataAccess.Core' 3.21.70 has a known high severity vulnerability, https://github.com/advisories/GHSA-5pm2-9mr2-3frq [C:\Users\ultra\warewolf\Dev\Warewolf.Driver.Persistence.Tests\Warewolf.Driver.Persistence.Tests.csproj]
C:\Users\ultra\warewolf\Dev\Warewolf.Sharepoint\Warewolf.Sharepoint.csproj : warning NU1701: Package 'AeroWizard 2.3.1' was restored using '.NETFramework,Version=v4.6.1, .NETFramework,Version=v4.6.2, .NETFramework,Version=v4.7, .NETFramework,Version=v4.7.1, .NETFramework,Version=v4.7.2, .NETFramework,Version=v4.8, .NETFramework,Version=v4.8.1' instead of the project target framework 'net8.0'. This package may not be fully compatible with your project. [C:\Users\ultra\warewolf\Dev\Warewolf.Driver.Persistence.Tests\Warewolf.Driver.Persistence.Tests.csproj]
C:\Users\ultra\warewolf\Dev\Warewolf.Common.Framework48\Warewolf.Common.Framework48.csproj : warning NU1902: Package 'System.IdentityModel.Tokens.Jwt' 5.1.0 has a known moderate severity vulnerability, https://github.com/advisories/GHSA-59j7-ghrg-fj52 [C:\Users\ultra\warewolf\Dev\Warewolf.Driver.Persistence.Tests\Warewolf.Driver.Persistence.Tests.csproj]
C:\Users\ultra\warewolf\Dev\Dev2.Infrastructure\Dev2.Infrastructure.csproj : warning NU1903: Package 'Microsoft.Windows.Compatibility' 6.0.0 has a known high severity vulnerability, https://github.com/advisories/GHSA-555c-2p6r-68mm [C:\Users\ultra\warewolf\Dev\Warewolf.Driver.Persistence.Tests\Warewolf.Driver.Persistence.Tests.csproj]
C:\Users\ultra\warewolf\Dev\Dev2.Infrastructure.Tests\Dev2.Infrastructure.Tests.csproj : warning NU1701: Package 'GroupControls 1.9.0' was restored using '.NETFramework,Version=v4.6.1, .NETFramework,Version=v4.6.2, .NETFramework,Version=v4.7, .NETFramework,Version=v4.7.1, .NETFramework,Version=v4.7.2, .NETFramework,Version=v4.8, .NETFramework,Version=v4.8.1' instead of the project target framework 'net8.0'. This package may not be fully compatible with your project. [C:\Users\ultra\warewolf\Dev\Warewolf.Driver.Persistence.Tests\Warewolf.Driver.Persistence.Tests.csproj]
C:\Users\ultra\warewolf\Dev\Warewolf.Storage.Interfaces\Warewolf.Storage.Interfaces.csproj : warning NU1701: Package 'GroupControls 1.9.0' was restored using '.NETFramework,Version=v4.6.1, .NETFramework,Version=v4.6.2, .NETFramework,Version=v4.7, .NETFramework,Version=v4.7.1, .NETFramework,Version=v4.7.2, .NETFramework,Version=v4.8, .NETFramework,Version=v4.8.1' instead of the project target framework 'net8.0'. This package may not be fully compatible with your project. [C:\Users\ultra\warewolf\Dev\Warewolf.Driver.Persistence.Tests\Warewolf.Driver.Persistence.Tests.csproj]
C:\Users\ultra\warewolf\Dev\Warewolf.Sharepoint\Warewolf.Sharepoint.csproj : warning NU1701: Package 'GroupControls 1.9.0' was restored using '.NETFramework,Version=v4.6.1, .NETFramework,Version=v4.6.2, .NETFramework,Version=v4.7, .NETFramework,Version=v4.7.1, .NETFramework,Version=v4.7.2, .NETFramework,Version=v4.8, .NETFramework,Version=v4.8.1' instead of the project target framework 'net8.0'. This package may not be fully compatible with your project. [C:\Users\ultra\warewolf\Dev\Warewolf.Driver.Persistence.Tests\Warewolf.Driver.Persistence.Tests.csproj]
C:\Users\ultra\warewolf\Dev\Warewolf.Common.Framework48\Warewolf.Common.Framework48.csproj : warning NU1701: Package 'AeroWizard 2.3.1' was restored using '.NETFramework,Version=v4.6.1, .NETFramework,Version=v4.6.2, .NETFramework,Version=v4.7, .NETFramework,Version=v4.7.1, .NETFramework,Version=v4.7.2, .NETFramework,Version=v4.8, .NETFramework,Version=v4.8.1' instead of the project target framework 'net8.0'. This package may not be fully compatible with your project. [C:\Users\ultra\warewolf\Dev\Warewolf.Driver.Persistence.Tests\Warewolf.Driver.Persistence.Tests.csproj]
C:\Users\ultra\warewolf\Dev\Dev2.Infrastructure.Tests\Dev2.Infrastructure.Tests.csproj : warning NU1701: Package 'Microsoft.Xaml.Behaviors.Wpf 1.1.122' was restored using '.NETFramework,Version=v4.6.1, .NETFramework,Version=v4.6.2, .NETFramework,Version=v4.7, .NETFramework,Version=v4.7.1, .NETFramework,Version=v4.7.2, .NETFramework,Version=v4.8, .NETFramework,Version=v4.8.1' instead of the project target framework 'net8.0'. This package may not be fully compatible with your project. [C:\Users\ultra\warewolf\Dev\Warewolf.Driver.Persistence.Tests\Warewolf.Driver.Persistence.Tests.csproj]
C:\Users\ultra\warewolf\Dev\Dev2.Services.Execution\Dev2.Services.Execution.csproj : warning NU1701: Package 'GroupControls 1.9.0' was restored using '.NETFramework,Version=v4.6.1, .NETFramework,Version=v4.6.2, .NETFramework,Version=v4.7, .NETFramework,Version=v4.7.1, .NETFramework,Version=v4.7.2, .NETFramework,Version=v4.8, .NETFramework,Version=v4.8.1' instead of the project target framework 'net8.0'. This package may not be fully compatible with your project. [C:\Users\ultra\warewolf\Dev\Warewolf.Driver.Persistence.Tests\Warewolf.Driver.Persistence.Tests.csproj]
C:\Users\ultra\warewolf\Dev\Warewolf.Exchange.Email.Wrapper\Warewolf.Exchange.Email.Wrapper.csproj : warning NU1701: Package 'GroupControls 1.9.0' was restored using '.NETFramework,Version=v4.6.1, .NETFramework,Version=v4.6.2, .NETFramework,Version=v4.7, .NETFramework,Version=v4.7.1, .NETFramework,Version=v4.7.2, .NETFramework,Version=v4.8, .NETFramework,Version=v4.8.1' instead of the project target framework 'net8.0'. This package may not be fully compatible with your project. [C:\Users\ultra\warewolf\Dev\Warewolf.Driver.Persistence.Tests\Warewolf.Driver.Persistence.Tests.csproj]
C:\Users\ultra\warewolf\Dev\Dev2.Scheduler\Dev2.Scheduler.csproj : warning NU1701: Package 'GroupControls 1.9.0' was restored using '.NETFramework,Version=v4.6.1, .NETFramework,Version=v4.6.2, .NETFramework,Version=v4.7, .NETFramework,Version=v4.7.1, .NETFramework,Version=v4.7.2, .NETFramework,Version=v4.8, .NETFramework,Version=v4.8.1' instead of the project target framework 'net8.0'. This package may not be fully compatible with your project. [C:\Users\ultra\warewolf\Dev\Warewolf.Driver.Persistence.Tests\Warewolf.Driver.Persistence.Tests.csproj]
C:\Users\ultra\warewolf\Dev\Dev2.Infrastructure.Tests\Dev2.Infrastructure.Tests.csproj : warning NU1701: Package 'Prism.Wpf 9.0.537' was restored using '.NETFramework,Version=v4.6.1, .NETFramework,Version=v4.6.2, .NETFramework,Version=v4.7, .NETFramework,Version=v4.7.1, .NETFramework,Version=v4.7.2, .NETFramework,Version=v4.8, .NETFramework,Version=v4.8.1' instead of the project target framework 'net8.0'. This package may not be fully compatible with your project. [C:\Users\ultra\warewolf\Dev\Warewolf.Driver.Persistence.Tests\Warewolf.Driver.Persistence.Tests.csproj]
C:\Users\ultra\warewolf\Dev\Dev2.Services.Execution\Dev2.Services.Execution.csproj : warning NU1701: Package 'ReactiveUI.WPF 18.4.1' was restored using '.NETFramework,Version=v4.6.1, .NETFramework,Version=v4.6.2, .NETFramework,Version=v4.7, .NETFramework,Version=v4.7.1, .NETFramework,Version=v4.7.2, .NETFramework,Version=v4.8, .NETFramework,Version=v4.8.1' instead of the project target framework 'net8.0'. This package may not be fully compatible with your project. [C:\Users\ultra\warewolf\Dev\Warewolf.Driver.Persistence.Tests\Warewolf.Driver.Persistence.Tests.csproj]
C:\Users\ultra\warewolf\Dev\Dev2.Services.Sql\Dev2.Services.Sql.csproj : warning NU1701: Package 'AeroWizard 2.3.1' was restored using '.NETFramework,Version=v4.6.1, .NETFramework,Version=v4.6.2, .NETFramework,Version=v4.7, .NETFramework,Version=v4.7.1, .NETFramework,Version=v4.7.2, .NETFramework,Version=v4.8, .NETFramework,Version=v4.8.1' instead of the project target framework 'net8.0'. This package may not be fully compatible with your project. [C:\Users\ultra\warewolf\Dev\Warewolf.Driver.Persistence.Tests\Warewolf.Driver.Persistence.Tests.csproj]
C:\Users\ultra\warewolf\Dev\Warewolf.Sharepoint\Warewolf.Sharepoint.csproj : warning NU1701: Package 'ReactiveUI.WPF 18.4.1' was restored using '.NETFramework,Version=v4.6.1, .NETFramework,Version=v4.6.2, .NETFramework,Version=v4.7, .NETFramework,Version=v4.7.1, .NETFramework,Version=v4.7.2, .NETFramework,Version=v4.8, .NETFramework,Version=v4.8.1' instead of the project target framework 'net8.0'. This package may not be fully compatible with your project. [C:\Users\ultra\warewolf\Dev\Warewolf.Driver.Persistence.Tests\Warewolf.Driver.Persistence.Tests.csproj]
C:\Users\ultra\warewolf\Dev\Dev2.Services.Execution\Dev2.Services.Execution.csproj : warning NU1701: Package 'TaskSchedulerEditor 2.10.1' was restored using '.NETFramework,Version=v4.6.1, .NETFramework,Version=v4.6.2, .NETFramework,Version=v4.7, .NETFramework,Version=v4.7.1, .NETFramework,Version=v4.7.2, .NETFramework,Version=v4.8, .NETFramework,Version=v4.8.1' instead of the project target framework 'net8.0'. This package may not be fully compatible with your project. [C:\Users\ultra\warewolf\Dev\Warewolf.Driver.Persistence.Tests\Warewolf.Driver.Persistence.Tests.csproj]
C:\Users\ultra\warewolf\Dev\Warewolf.Storage.Interfaces\Warewolf.Storage.Interfaces.csproj : warning NU1701: Package 'TaskSchedulerEditor 2.10.1' was restored using '.NETFramework,Version=v4.6.1, .NETFramework,Version=v4.6.2, .NETFramework,Version=v4.7, .NETFramework,Version=v4.7.1, .NETFramework,Version=v4.7.2, .NETFramework,Version=v4.8, .NETFramework,Version=v4.8.1' instead of the project target framework 'net8.0'. This package may not be fully compatible with your project. [C:\Users\ultra\warewolf\Dev\Warewolf.Driver.Persistence.Tests\Warewolf.Driver.Persistence.Tests.csproj]
C:\Users\ultra\warewolf\Dev\Warewolf.Exchange.Email.Wrapper\Warewolf.Exchange.Email.Wrapper.csproj : warning NU1701: Package 'ReactiveUI.WPF 18.4.1' was restored using '.NETFramework,Version=v4.6.1, .NETFramework,Version=v4.6.2, .NETFramework,Version=v4.7, .NETFramework,Version=v4.7.1, .NETFramework,Version=v4.7.2, .NETFramework,Version=v4.8, .NETFramework,Version=v4.8.1' instead of the project target framework 'net8.0'. This package may not be fully compatible with your project. [C:\Users\ultra\warewolf\Dev\Warewolf.Driver.Persistence.Tests\Warewolf.Driver.Persistence.Tests.csproj]
C:\Users\ultra\warewolf\Dev\Warewolf.Sharepoint\Warewolf.Sharepoint.csproj : warning NU1701: Package 'TaskSchedulerEditor 2.10.1' was restored using '.NETFramework,Version=v4.6.1, .NETFramework,Version=v4.6.2, .NETFramework,Version=v4.7, .NETFramework,Version=v4.7.1, .NETFramework,Version=v4.7.2, .NETFramework,Version=v4.8, .NETFramework,Version=v4.8.1' instead of the project target framework 'net8.0'. This package may not be fully compatible with your project. [C:\Users\ultra\warewolf\Dev\Warewolf.Driver.Persistence.Tests\Warewolf.Driver.Persistence.Tests.csproj]
C:\Users\ultra\warewolf\Dev\Dev2.Services.Sql\Dev2.Services.Sql.csproj : warning NU1701: Package 'GroupControls 1.9.0' was restored using '.NETFramework,Version=v4.6.1, .NETFramework,Version=v4.6.2, .NETFramework,Version=v4.7, .NETFramework,Version=v4.7.1, .NETFramework,Version=v4.7.2, .NETFramework,Version=v4.8, .NETFramework,Version=v4.8.1' instead of the project target framework 'net8.0'. This package may not be fully compatible with your project. [C:\Users\ultra\warewolf\Dev\Warewolf.Driver.Persistence.Tests\Warewolf.Driver.Persistence.Tests.csproj]
C:\Users\ultra\warewolf\Dev\Dev2.Infrastructure.Tests\Dev2.Infrastructure.Tests.csproj : warning NU1701: Package 'ReactiveUI.WPF 18.4.1' was restored using '.NETFramework,Version=v4.6.1, .NETFramework,Version=v4.6.2, .NETFramework,Version=v4.7, .NETFramework,Version=v4.7.1, .NETFramework,Version=v4.7.2, .NETFramework,Version=v4.8, .NETFramework,Version=v4.8.1' instead of the project target framework 'net8.0'. This package may not be fully compatible with your project. [C:\Users\ultra\warewolf\Dev\Warewolf.Driver.Persistence.Tests\Warewolf.Driver.Persistence.Tests.csproj]
C:\Users\ultra\warewolf\Dev\Dev2.Infrastructure\Dev2.Infrastructure.csproj : warning NU1701: Package 'AeroWizard 2.3.1' was restored using '.NETFramework,Version=v4.6.1, .NETFramework,Version=v4.6.2, .NETFramework,Version=v4.7, .NETFramework,Version=v4.7.1, .NETFramework,Version=v4.7.2, .NETFramework,Version=v4.8, .NETFramework,Version=v4.8.1' instead of the project target framework 'net8.0'. This package may not be fully compatible with your project. [C:\Users\ultra\warewolf\Dev\Warewolf.Driver.Persistence.Tests\Warewolf.Driver.Persistence.Tests.csproj]
C:\Users\ultra\warewolf\Dev\Dev2.Scheduler\Dev2.Scheduler.csproj : warning NU1701: Package 'ReactiveUI.WPF 18.4.1' was restored using '.NETFramework,Version=v4.6.1, .NETFramework,Version=v4.6.2, .NETFramework,Version=v4.7, .NETFramework,Version=v4.7.1, .NETFramework,Version=v4.7.2, .NETFramework,Version=v4.8, .NETFramework,Version=v4.8.1' instead of the project target framework 'net8.0'. This package may not be fully compatible with your project. [C:\Users\ultra\warewolf\Dev\Warewolf.Driver.Persistence.Tests\Warewolf.Driver.Persistence.Tests.csproj]
C:\Users\ultra\warewolf\Dev\Dev2.Services.Sql\Dev2.Services.Sql.csproj : warning NU1701: Package 'ReactiveUI.WPF 18.4.1' was restored using '.NETFramework,Version=v4.6.1, .NETFramework,Version=v4.6.2, .NETFramework,Version=v4.7, .NETFramework,Version=v4.7.1, .NETFramework,Version=v4.7.2, .NETFramework,Version=v4.8, .NETFramework,Version=v4.8.1' instead of the project target framework 'net8.0'. This package may not be fully compatible with your project. [C:\Users\ultra\warewolf\Dev\Warewolf.Driver.Persistence.Tests\Warewolf.Driver.Persistence.Tests.csproj]
C:\Users\ultra\warewolf\Dev\Warewolf.Exchange.Email.Wrapper\Warewolf.Exchange.Email.Wrapper.csproj : warning NU1701: Package 'TaskSchedulerEditor 2.10.1' was restored using '.NETFramework,Version=v4.6.1, .NETFramework,Version=v4.6.2, .NETFramework,Version=v4.7, .NETFramework,Version=v4.7.1, .NETFramework,Version=v4.7.2, .NETFramework,Version=v4.8, .NETFramework,Version=v4.8.1' instead of the project target framework 'net8.0'. This package may not be fully compatible with your project. [C:\Users\ultra\warewolf\Dev\Warewolf.Driver.Persistence.Tests\Warewolf.Driver.Persistence.Tests.csproj]
C:\Users\ultra\warewolf\Dev\Dev2.Infrastructure.Tests\Dev2.Infrastructure.Tests.csproj : warning NU1701: Package 'TaskSchedulerEditor 2.10.1' was restored using '.NETFramework,Version=v4.6.1, .NETFramework,Version=v4.6.2, .NETFramework,Version=v4.7, .NETFramework,Version=v4.7.1, .NETFramework,Version=v4.7.2, .NETFramework,Version=v4.8, .NETFramework,Version=v4.8.1' instead of the project target framework 'net8.0'. This package may not be fully compatible with your project. [C:\Users\ultra\warewolf\Dev\Warewolf.Driver.Persistence.Tests\Warewolf.Driver.Persistence.Tests.csproj]
C:\Users\ultra\warewolf\Dev\Dev2.Scheduler\Dev2.Scheduler.csproj : warning NU1701: Package 'TaskSchedulerEditor 2.10.1' was restored using '.NETFramework,Version=v4.6.1, .NETFramework,Version=v4.6.2, .NETFramework,Version=v4.7, .NETFramework,Version=v4.7.1, .NETFramework,Version=v4.7.2, .NETFramework,Version=v4.8, .NETFramework,Version=v4.8.1' instead of the project target framework 'net8.0'. This package may not be fully compatible with your project. [C:\Users\ultra\warewolf\Dev\Warewolf.Driver.Persistence.Tests\Warewolf.Driver.Persistence.Tests.csproj]
C:\Users\ultra\warewolf\Dev\Dev2.Services.Sql\Dev2.Services.Sql.csproj : warning NU1701: Package 'TaskSchedulerEditor 2.10.1' was restored using '.NETFramework,Version=v4.6.1, .NETFramework,Version=v4.6.2, .NETFramework,Version=v4.7, .NETFramework,Version=v4.7.1, .NETFramework,Version=v4.7.2, .NETFramework,Version=v4.8, .NETFramework,Version=v4.8.1' instead of the project target framework 'net8.0'. This package may not be fully compatible with your project. [C:\Users\ultra\warewolf\Dev\Warewolf.Driver.Persistence.Tests\Warewolf.Driver.Persistence.Tests.csproj]
C:\Users\ultra\warewolf\Dev\Dev2.Infrastructure\Dev2.Infrastructure.csproj : warning NU1701: Package 'GroupControls 1.9.0' was restored using '.NETFramework,Version=v4.6.1, .NETFramework,Version=v4.6.2, .NETFramework,Version=v4.7, .NETFramework,Version=v4.7.1, .NETFramework,Version=v4.7.2, .NETFramework,Version=v4.8, .NETFramework,Version=v4.8.1' instead of the project target framework 'net8.0'. This package may not be fully compatible with your project. [C:\Users\ultra\warewolf\Dev\Warewolf.Driver.Persistence.Tests\Warewolf.Driver.Persistence.Tests.csproj]
C:\Users\ultra\warewolf\Dev\Dev2.Diagnostics\Dev2.Diagnostics.csproj : warning NU1701: Package 'AeroWizard 2.3.1' was restored using '.NETFramework,Version=v4.6.1, .NETFramework,Version=v4.6.2, .NETFramework,Version=v4.7, .NETFramework,Version=v4.7.1, .NETFramework,Version=v4.7.2, .NETFramework,Version=v4.8, .NETFramework,Version=v4.8.1' instead of the project target framework 'net8.0'. This package may not be fully compatible with your project. [C:\Users\ultra\warewolf\Dev\Warewolf.Driver.Persistence.Tests\Warewolf.Driver.Persistence.Tests.csproj]
C:\Users\ultra\warewolf\Dev\Dev2.Infrastructure\Dev2.Infrastructure.csproj : warning NU1701: Package 'ReactiveUI.WPF 18.4.1' was restored using '.NETFramework,Version=v4.6.1, .NETFramework,Version=v4.6.2, .NETFramework,Version=v4.7, .NETFramework,Version=v4.7.1, .NETFramework,Version=v4.7.2, .NETFramework,Version=v4.8, .NETFramework,Version=v4.8.1' instead of the project target framework 'net8.0'. This package may not be fully compatible with your project. [C:\Users\ultra\warewolf\Dev\Warewolf.Driver.Persistence.Tests\Warewolf.Driver.Persistence.Tests.csproj]
C:\Users\ultra\warewolf\Dev\Dev2.Diagnostics\Dev2.Diagnostics.csproj : warning NU1701: Package 'GroupControls 1.9.0' was restored using '.NETFramework,Version=v4.6.1, .NETFramework,Version=v4.6.2, .NETFramework,Version=v4.7, .NETFramework,Version=v4.7.1, .NETFramework,Version=v4.7.2, .NETFramework,Version=v4.8, .NETFramework,Version=v4.8.1' instead of the project target framework 'net8.0'. This package may not be fully compatible with your project. [C:\Users\ultra\warewolf\Dev\Warewolf.Driver.Persistence.Tests\Warewolf.Driver.Persistence.Tests.csproj]
C:\Users\ultra\warewolf\Dev\Dev2.Infrastructure\Dev2.Infrastructure.csproj : warning NU1701: Package 'TaskSchedulerEditor 2.10.1' was restored using '.NETFramework,Version=v4.6.1, .NETFramework,Version=v4.6.2, .NETFramework,Version=v4.7, .NETFramework,Version=v4.7.1, .NETFramework,Version=v4.7.2, .NETFramework,Version=v4.8, .NETFramework,Version=v4.8.1' instead of the project target framework 'net8.0'. This package may not be fully compatible with your project. [C:\Users\ultra\warewolf\Dev\Warewolf.Driver.Persistence.Tests\Warewolf.Driver.Persistence.Tests.csproj]
C:\Users\ultra\warewolf\Dev\Dev2.Diagnostics\Dev2.Diagnostics.csproj : warning NU1701: Package 'TaskSchedulerEditor 2.10.1' was restored using '.NETFramework,Version=v4.6.1, .NETFramework,Version=v4.6.2, .NETFramework,Version=v4.7, .NETFramework,Version=v4.7.1, .NETFramework,Version=v4.7.2, .NETFramework,Version=v4.8, .NETFramework,Version=v4.8.1' instead of the project target framework 'net8.0'. This package may not be fully compatible with your project. [C:\Users\ultra\warewolf\Dev\Warewolf.Driver.Persistence.Tests\Warewolf.Driver.Persistence.Tests.csproj]
C:\Users\ultra\warewolf\Dev\Warewolf.Auditing\Warewolf.Auditing.csproj : warning NU1701: Package 'AeroWizard 2.3.1' was restored using '.NETFramework,Version=v4.6.1, .NETFramework,Version=v4.6.2, .NETFramework,Version=v4.7, .NETFramework,Version=v4.7.1, .NETFramework,Version=v4.7.2, .NETFramework,Version=v4.8, .NETFramework,Version=v4.8.1' instead of the project target framework 'net8.0'. This package may not be fully compatible with your project. [C:\Users\ultra\warewolf\Dev\Warewolf.Driver.Persistence.Tests\Warewolf.Driver.Persistence.Tests.csproj]
C:\Users\ultra\warewolf\Dev\Warewolf.Auditing\Warewolf.Auditing.csproj : warning NU1701: Package 'GroupControls 1.9.0' was restored using '.NETFramework,Version=v4.6.1, .NETFramework,Version=v4.6.2, .NETFramework,Version=v4.7, .NETFramework,Version=v4.7.1, .NETFramework,Version=v4.7.2, .NETFramework,Version=v4.8, .NETFramework,Version=v4.8.1' instead of the project target framework 'net8.0'. This package may not be fully compatible with your project. [C:\Users\ultra\warewolf\Dev\Warewolf.Driver.Persistence.Tests\Warewolf.Driver.Persistence.Tests.csproj]
C:\Users\ultra\warewolf\Dev\Warewolf.Auditing\Warewolf.Auditing.csproj : warning NU1701: Package 'ReactiveUI.WPF 18.4.1' was restored using '.NETFramework,Version=v4.6.1, .NETFramework,Version=v4.6.2, .NETFramework,Version=v4.7, .NETFramework,Version=v4.7.1, .NETFramework,Version=v4.7.2, .NETFramework,Version=v4.8, .NETFramework,Version=v4.8.1' instead of the project target framework 'net8.0'. This package may not be fully compatible with your project. [C:\Users\ultra\warewolf\Dev\Warewolf.Driver.Persistence.Tests\Warewolf.Driver.Persistence.Tests.csproj]
C:\Users\ultra\warewolf\Dev\Warewolf.Auditing\Warewolf.Auditing.csproj : warning NU1701: Package 'TaskSchedulerEditor 2.10.1' was restored using '.NETFramework,Version=v4.6.1, .NETFramework,Version=v4.6.2, .NETFramework,Version=v4.7, .NETFramework,Version=v4.7.1, .NETFramework,Version=v4.7.2, .NETFramework,Version=v4.8, .NETFramework,Version=v4.8.1' instead of the project target framework 'net8.0'. This package may not be fully compatible with your project. [C:\Users\ultra\warewolf\Dev\Warewolf.Driver.Persistence.Tests\Warewolf.Driver.Persistence.Tests.csproj]
C:\Users\ultra\warewolf\Dev\Warewolf.Common.Framework48\Warewolf.Common.Framework48.csproj : warning NU1701: Package 'GroupControls 1.9.0' was restored using '.NETFramework,Version=v4.6.1, .NETFramework,Version=v4.6.2, .NETFramework,Version=v4.7, .NETFramework,Version=v4.7.1, .NETFramework,Version=v4.7.2, .NETFramework,Version=v4.8, .NETFramework,Version=v4.8.1' instead of the project target framework 'net8.0'. This package may not be fully compatible with your project. [C:\Users\ultra\warewolf\Dev\Warewolf.Driver.Persistence.Tests\Warewolf.Driver.Persistence.Tests.csproj]
C:\Users\ultra\warewolf\Dev\Warewolf.Common.Framework48\Warewolf.Common.Framework48.csproj : warning NU1701: Package 'Microsoft.Xaml.Behaviors.Wpf 1.1.122' was restored using '.NETFramework,Version=v4.6.1, .NETFramework,Version=v4.6.2, .NETFramework,Version=v4.7, .NETFramework,Version=v4.7.1, .NETFramework,Version=v4.7.2, .NETFramework,Version=v4.8, .NETFramework,Version=v4.8.1' instead of the project target framework 'net8.0'. This package may not be fully compatible with your project. [C:\Users\ultra\warewolf\Dev\Warewolf.Driver.Persistence.Tests\Warewolf.Driver.Persistence.Tests.csproj]
C:\Users\ultra\warewolf\Dev\Warewolf.Common.Framework48\Warewolf.Common.Framework48.csproj : warning NU1701: Package 'Prism.Wpf 9.0.537' was restored using '.NETFramework,Version=v4.6.1, .NETFramework,Version=v4.6.2, .NETFramework,Version=v4.7, .NETFramework,Version=v4.7.1, .NETFramework,Version=v4.7.2, .NETFramework,Version=v4.8, .NETFramework,Version=v4.8.1' instead of the project target framework 'net8.0'. This package may not be fully compatible with your project. [C:\Users\ultra\warewolf\Dev\Warewolf.Driver.Persistence.Tests\Warewolf.Driver.Persistence.Tests.csproj]
C:\Users\ultra\warewolf\Dev\Warewolf.Common.Framework48\Warewolf.Common.Framework48.csproj : warning NU1701: Package 'ReactiveUI.WPF 18.4.1' was restored using '.NETFramework,Version=v4.6.1, .NETFramework,Version=v4.6.2, .NETFramework,Version=v4.7, .NETFramework,Version=v4.7.1, .NETFramework,Version=v4.7.2, .NETFramework,Version=v4.8, .NETFramework,Version=v4.8.1' instead of the project target framework 'net8.0'. This package may not be fully compatible with your project. [C:\Users\ultra\warewolf\Dev\Warewolf.Driver.Persistence.Tests\Warewolf.Driver.Persistence.Tests.csproj]
C:\Users\ultra\warewolf\Dev\Warewolf.Common.Framework48\Warewolf.Common.Framework48.csproj : warning NU1701: Package 'TaskSchedulerEditor 2.10.1' was restored using '.NETFramework,Version=v4.6.1, .NETFramework,Version=v4.6.2, .NETFramework,Version=v4.7, .NETFramework,Version=v4.7.1, .NETFramework,Version=v4.7.2, .NETFramework,Version=v4.8, .NETFramework,Version=v4.8.1' instead of the project target framework 'net8.0'. This package may not be fully compatible with your project. [C:\Users\ultra\warewolf\Dev\Warewolf.Driver.Persistence.Tests\Warewolf.Driver.Persistence.Tests.csproj]
C:\Users\ultra\warewolf\Dev\Warewolf.Storage\Warewolf.Storage.csproj : warning NU1701: Package 'AeroWizard 2.3.1' was restored using '.NETFramework,Version=v4.6.1, .NETFramework,Version=v4.6.2, .NETFramework,Version=v4.7, .NETFramework,Version=v4.7.1, .NETFramework,Version=v4.7.2, .NETFramework,Version=v4.8, .NETFramework,Version=v4.8.1' instead of the project target framework 'net8.0'. This package may not be fully compatible with your project. [C:\Users\ultra\warewolf\Dev\Warewolf.Driver.Persistence.Tests\Warewolf.Driver.Persistence.Tests.csproj]
C:\Users\ultra\warewolf\Dev\Warewolf.Storage\Warewolf.Storage.csproj : warning NU1701: Package 'GroupControls 1.9.0' was restored using '.NETFramework,Version=v4.6.1, .NETFramework,Version=v4.6.2, .NETFramework,Version=v4.7, .NETFramework,Version=v4.7.1, .NETFramework,Version=v4.7.2, .NETFramework,Version=v4.8, .NETFramework,Version=v4.8.1' instead of the project target framework 'net8.0'. This package may not be fully compatible with your project. [C:\Users\ultra\warewolf\Dev\Warewolf.Driver.Persistence.Tests\Warewolf.Driver.Persistence.Tests.csproj]
C:\Users\ultra\warewolf\Dev\Warewolf.Storage\Warewolf.Storage.csproj : warning NU1701: Package 'ReactiveUI.WPF 18.4.1' was restored using '.NETFramework,Version=v4.6.1, .NETFramework,Version=v4.6.2, .NETFramework,Version=v4.7, .NETFramework,Version=v4.7.1, .NETFramework,Version=v4.7.2, .NETFramework,Version=v4.8, .NETFramework,Version=v4.8.1' instead of the project target framework 'net8.0'. This package may not be fully compatible with your project. [C:\Users\ultra\warewolf\Dev\Warewolf.Driver.Persistence.Tests\Warewolf.Driver.Persistence.Tests.csproj]
C:\Users\ultra\warewolf\Dev\Warewolf.Storage\Warewolf.Storage.csproj : warning NU1701: Package 'TaskSchedulerEditor 2.10.1' was restored using '.NETFramework,Version=v4.6.1, .NETFramework,Version=v4.6.2, .NETFramework,Version=v4.7, .NETFramework,Version=v4.7.1, .NETFramework,Version=v4.7.2, .NETFramework,Version=v4.8, .NETFramework,Version=v4.8.1' instead of the project target framework 'net8.0'. This package may not be fully compatible with your project. [C:\Users\ultra\warewolf\Dev\Warewolf.Driver.Persistence.Tests\Warewolf.Driver.Persistence.Tests.csproj]
C:\Users\ultra\warewolf\Dev\Warewolf.Security\Warewolf.Security.csproj : warning NU1904: Package 'System.Drawing.Common' 4.5.1 has a known critical severity vulnerability, https://github.com/advisories/GHSA-rxg9-xrhp-64gj [C:\Users\ultra\warewolf\Dev\Warewolf.Driver.Persistence.Tests\Warewolf.Driver.Persistence.Tests.csproj]
C:\Users\ultra\warewolf\Dev\Warewolf.Licensing\Warewolf.Licensing.csproj : warning NU1701: Package 'AeroWizard 2.3.1' was restored using '.NETFramework,Version=v4.6.1, .NETFramework,Version=v4.6.2, .NETFramework,Version=v4.7, .NETFramework,Version=v4.7.1, .NETFramework,Version=v4.7.2, .NETFramework,Version=v4.8, .NETFramework,Version=v4.8.1' instead of the project target framework 'net8.0'. This package may not be fully compatible with your project. [C:\Users\ultra\warewolf\Dev\Warewolf.Driver.Persistence.Tests\Warewolf.Driver.Persistence.Tests.csproj]
C:\Users\ultra\warewolf\Dev\Warewolf.Licensing\Warewolf.Licensing.csproj : warning NU1701: Package 'GroupControls 1.9.0' was restored using '.NETFramework,Version=v4.6.1, .NETFramework,Version=v4.6.2, .NETFramework,Version=v4.7, .NETFramework,Version=v4.7.1, .NETFramework,Version=v4.7.2, .NETFramework,Version=v4.8, .NETFramework,Version=v4.8.1' instead of the project target framework 'net8.0'. This package may not be fully compatible with your project. [C:\Users\ultra\warewolf\Dev\Warewolf.Driver.Persistence.Tests\Warewolf.Driver.Persistence.Tests.csproj]
C:\Users\ultra\warewolf\Dev\Warewolf.Licensing\Warewolf.Licensing.csproj : warning NU1701: Package 'TaskSchedulerEditor 2.10.1' was restored using '.NETFramework,Version=v4.6.1, .NETFramework,Version=v4.6.2, .NETFramework,Version=v4.7, .NETFramework,Version=v4.7.1, .NETFramework,Version=v4.7.2, .NETFramework,Version=v4.8, .NETFramework,Version=v4.8.1' instead of the project target framework 'net8.0'. This package may not be fully compatible with your project. [C:\Users\ultra\warewolf\Dev\Warewolf.Driver.Persistence.Tests\Warewolf.Driver.Persistence.Tests.csproj]
C:\Users\ultra\warewolf\Dev\Warewolf.ResourceManagement\Warewolf.ResourceManagement.csproj : warning NU1701: Package 'AeroWizard 2.3.1' was restored using '.NETFramework,Version=v4.6.1, .NETFramework,Version=v4.6.2, .NETFramework,Version=v4.7, .NETFramework,Version=v4.7.1, .NETFramework,Version=v4.7.2, .NETFramework,Version=v4.8, .NETFramework,Version=v4.8.1' instead of the project target framework 'net8.0'. This package may not be fully compatible with your project. [C:\Users\ultra\warewolf\Dev\Warewolf.Driver.Persistence.Tests\Warewolf.Driver.Persistence.Tests.csproj]
C:\Users\ultra\warewolf\Dev\Warewolf.ResourceManagement\Warewolf.ResourceManagement.csproj : warning NU1701: Package 'GroupControls 1.9.0' was restored using '.NETFramework,Version=v4.6.1, .NETFramework,Version=v4.6.2, .NETFramework,Version=v4.7, .NETFramework,Version=v4.7.1, .NETFramework,Version=v4.7.2, .NETFramework,Version=v4.8, .NETFramework,Version=v4.8.1' instead of the project target framework 'net8.0'. This package may not be fully compatible with your project. [C:\Users\ultra\warewolf\Dev\Warewolf.Driver.Persistence.Tests\Warewolf.Driver.Persistence.Tests.csproj]
C:\Users\ultra\warewolf\Dev\Warewolf.ResourceManagement\Warewolf.ResourceManagement.csproj : warning NU1701: Package 'ReactiveUI.WPF 18.4.1' was restored using '.NETFramework,Version=v4.6.1, .NETFramework,Version=v4.6.2, .NETFramework,Version=v4.7, .NETFramework,Version=v4.7.1, .NETFramework,Version=v4.7.2, .NETFramework,Version=v4.8, .NETFramework,Version=v4.8.1' instead of the project target framework 'net8.0'. This package may not be fully compatible with your project. [C:\Users\ultra\warewolf\Dev\Warewolf.Driver.Persistence.Tests\Warewolf.Driver.Persistence.Tests.csproj]
C:\Users\ultra\warewolf\Dev\Warewolf.ResourceManagement\Warewolf.ResourceManagement.csproj : warning NU1701: Package 'TaskSchedulerEditor 2.10.1' was restored using '.NETFramework,Version=v4.6.1, .NETFramework,Version=v4.6.2, .NETFramework,Version=v4.7, .NETFramework,Version=v4.7.1, .NETFramework,Version=v4.7.2, .NETFramework,Version=v4.8, .NETFramework,Version=v4.8.1' instead of the project target framework 'net8.0'. This package may not be fully compatible with your project. [C:\Users\ultra\warewolf\Dev\Warewolf.Driver.Persistence.Tests\Warewolf.Driver.Persistence.Tests.csproj]
C:\Users\ultra\warewolf\Dev\Warewolf.Driver.Serilog\Warewolf.Driver.Serilog.csproj : warning NU1701: Package 'AeroWizard 2.3.1' was restored using '.NETFramework,Version=v4.6.1, .NETFramework,Version=v4.6.2, .NETFramework,Version=v4.7, .NETFramework,Version=v4.7.1, .NETFramework,Version=v4.7.2, .NETFramework,Version=v4.8, .NETFramework,Version=v4.8.1' instead of the project target framework 'net8.0'. This package may not be fully compatible with your project. [C:\Users\ultra\warewolf\Dev\Warewolf.Driver.Persistence.Tests\Warewolf.Driver.Persistence.Tests.csproj]
C:\Users\ultra\warewolf\Dev\Warewolf.Driver.Serilog\Warewolf.Driver.Serilog.csproj : warning NU1701: Package 'GroupControls 1.9.0' was restored using '.NETFramework,Version=v4.6.1, .NETFramework,Version=v4.6.2, .NETFramework,Version=v4.7, .NETFramework,Version=v4.7.1, .NETFramework,Version=v4.7.2, .NETFramework,Version=v4.8, .NETFramework,Version=v4.8.1' instead of the project target framework 'net8.0'. This package may not be fully compatible with your project. [C:\Users\ultra\warewolf\Dev\Warewolf.Driver.Persistence.Tests\Warewolf.Driver.Persistence.Tests.csproj]
C:\Users\ultra\warewolf\Dev\Warewolf.Driver.Serilog\Warewolf.Driver.Serilog.csproj : warning NU1701: Package 'ReactiveUI.WPF 18.4.1' was restored using '.NETFramework,Version=v4.6.1, .NETFramework,Version=v4.6.2, .NETFramework,Version=v4.7, .NETFramework,Version=v4.7.1, .NETFramework,Version=v4.7.2, .NETFramework,Version=v4.8, .NETFramework,Version=v4.8.1' instead of the project target framework 'net8.0'. This package may not be fully compatible with your project. [C:\Users\ultra\warewolf\Dev\Warewolf.Driver.Persistence.Tests\Warewolf.Driver.Persistence.Tests.csproj]
C:\Users\ultra\warewolf\Dev\Warewolf.Driver.Serilog\Warewolf.Driver.Serilog.csproj : warning NU1701: Package 'TaskSchedulerEditor 2.10.1' was restored using '.NETFramework,Version=v4.6.1, .NETFramework,Version=v4.6.2, .NETFramework,Version=v4.7, .NETFramework,Version=v4.7.1, .NETFramework,Version=v4.7.2, .NETFramework,Version=v4.8, .NETFramework,Version=v4.8.1' instead of the project target framework 'net8.0'. This package may not be fully compatible with your project. [C:\Users\ultra\warewolf\Dev\Warewolf.Driver.Persistence.Tests\Warewolf.Driver.Persistence.Tests.csproj]
C:\Users\ultra\warewolf\Dev\Dev2.Data.Interfaces\Dev2.Data.Interfaces.csproj : warning NU1903: Package 'DotNetZip' 1.16.0 has a known high severity vulnerability, https://github.com/advisories/GHSA-xhg6-9j5j-w4vf [C:\Users\ultra\warewolf\Dev\Warewolf.Driver.Persistence.Tests\Warewolf.Driver.Persistence.Tests.csproj]
C:\Users\ultra\warewolf\Dev\Dev2.Data.Interfaces\Dev2.Data.Interfaces.csproj : warning NU1701: Package 'AeroWizard 2.3.1' was restored using '.NETFramework,Version=v4.6.1, .NETFramework,Version=v4.6.2, .NETFramework,Version=v4.7, .NETFramework,Version=v4.7.1, .NETFramework,Version=v4.7.2, .NETFramework,Version=v4.8, .NETFramework,Version=v4.8.1' instead of the project target framework 'net8.0'. This package may not be fully compatible with your project. [C:\Users\ultra\warewolf\Dev\Warewolf.Driver.Persistence.Tests\Warewolf.Driver.Persistence.Tests.csproj]
C:\Users\ultra\warewolf\Dev\Dev2.Data.Interfaces\Dev2.Data.Interfaces.csproj : warning NU1701: Package 'GroupControls 1.9.0' was restored using '.NETFramework,Version=v4.6.1, .NETFramework,Version=v4.6.2, .NETFramework,Version=v4.7, .NETFramework,Version=v4.7.1, .NETFramework,Version=v4.7.2, .NETFramework,Version=v4.8, .NETFramework,Version=v4.8.1' instead of the project target framework 'net8.0'. This package may not be fully compatible with your project. [C:\Users\ultra\warewolf\Dev\Warewolf.Driver.Persistence.Tests\Warewolf.Driver.Persistence.Tests.csproj]
C:\Users\ultra\warewolf\Dev\Dev2.Data.Interfaces\Dev2.Data.Interfaces.csproj : warning NU1701: Package 'TaskSchedulerEditor 2.10.1' was restored using '.NETFramework,Version=v4.6.1, .NETFramework,Version=v4.6.2, .NETFramework,Version=v4.7, .NETFramework,Version=v4.7.1, .NETFramework,Version=v4.7.2, .NETFramework,Version=v4.8, .NETFramework,Version=v4.8.1' instead of the project target framework 'net8.0'. This package may not be fully compatible with your project. [C:\Users\ultra\warewolf\Dev\Warewolf.Driver.Persistence.Tests\Warewolf.Driver.Persistence.Tests.csproj]
C:\Users\ultra\warewolf\Dev\Dev2.Development.Languages\Dev2.Development.Languages.csproj : warning NU1701: Package 'AeroWizard 2.3.1' was restored using '.NETFramework,Version=v4.6.1, .NETFramework,Version=v4.6.2, .NETFramework,Version=v4.7, .NETFramework,Version=v4.7.1, .NETFramework,Version=v4.7.2, .NETFramework,Version=v4.8, .NETFramework,Version=v4.8.1' instead of the project target framework 'net8.0'. This package may not be fully compatible with your project. [C:\Users\ultra\warewolf\Dev\Warewolf.Driver.Persistence.Tests\Warewolf.Driver.Persistence.Tests.csproj]
C:\Users\ultra\warewolf\Dev\Dev2.Development.Languages\Dev2.Development.Languages.csproj : warning NU1701: Package 'GroupControls 1.9.0' was restored using '.NETFramework,Version=v4.6.1, .NETFramework,Version=v4.6.2, .NETFramework,Version=v4.7, .NETFramework,Version=v4.7.1, .NETFramework,Version=v4.7.2, .NETFramework,Version=v4.8, .NETFramework,Version=v4.8.1' instead of the project target framework 'net8.0'. This package may not be fully compatible with your project. [C:\Users\ultra\warewolf\Dev\Warewolf.Driver.Persistence.Tests\Warewolf.Driver.Persistence.Tests.csproj]
C:\Users\ultra\warewolf\Dev\Dev2.Development.Languages\Dev2.Development.Languages.csproj : warning NU1701: Package 'TaskSchedulerEditor 2.10.1' was restored using '.NETFramework,Version=v4.6.1, .NETFramework,Version=v4.6.2, .NETFramework,Version=v4.7, .NETFramework,Version=v4.7.1, .NETFramework,Version=v4.7.2, .NETFramework,Version=v4.8, .NETFramework,Version=v4.8.1' instead of the project target framework 'net8.0'. This package may not be fully compatible with your project. [C:\Users\ultra\warewolf\Dev\Warewolf.Driver.Persistence.Tests\Warewolf.Driver.Persistence.Tests.csproj]
C:\Users\ultra\warewolf\Dev\Warewolf.Testing\Warewolf.Testing.csproj : warning NU1701: Package 'AeroWizard 2.3.1' was restored using '.NETFramework,Version=v4.6.1, .NETFramework,Version=v4.6.2, .NETFramework,Version=v4.7, .NETFramework,Version=v4.7.1, .NETFramework,Version=v4.7.2, .NETFramework,Version=v4.8, .NETFramework,Version=v4.8.1' instead of the project target framework 'net8.0'. This package may not be fully compatible with your project. [C:\Users\ultra\warewolf\Dev\Warewolf.Driver.Persistence.Tests\Warewolf.Driver.Persistence.Tests.csproj]
C:\Users\ultra\warewolf\Dev\Dev2.Data\Dev2.Data.csproj : warning NU1701: Package 'AeroWizard 2.3.1' was restored using '.NETFramework,Version=v4.6.1, .NETFramework,Version=v4.6.2, .NETFramework,Version=v4.7, .NETFramework,Version=v4.7.1, .NETFramework,Version=v4.7.2, .NETFramework,Version=v4.8, .NETFramework,Version=v4.8.1' instead of the project target framework 'net8.0'. This package may not be fully compatible with your project. [C:\Users\ultra\warewolf\Dev\Warewolf.Driver.Persistence.Tests\Warewolf.Driver.Persistence.Tests.csproj]
C:\Users\ultra\warewolf\Dev\Warewolf.Testing\Warewolf.Testing.csproj : warning NU1701: Package 'GroupControls 1.9.0' was restored using '.NETFramework,Version=v4.6.1, .NETFramework,Version=v4.6.2, .NETFramework,Version=v4.7, .NETFramework,Version=v4.7.1, .NETFramework,Version=v4.7.2, .NETFramework,Version=v4.8, .NETFramework,Version=v4.8.1' instead of the project target framework 'net8.0'. This package may not be fully compatible with your project. [C:\Users\ultra\warewolf\Dev\Warewolf.Driver.Persistence.Tests\Warewolf.Driver.Persistence.Tests.csproj]
C:\Users\ultra\warewolf\Dev\Dev2.Data\Dev2.Data.csproj : warning NU1701: Package 'GroupControls 1.9.0' was restored using '.NETFramework,Version=v4.6.1, .NETFramework,Version=v4.6.2, .NETFramework,Version=v4.7, .NETFramework,Version=v4.7.1, .NETFramework,Version=v4.7.2, .NETFramework,Version=v4.8, .NETFramework,Version=v4.8.1' instead of the project target framework 'net8.0'. This package may not be fully compatible with your project. [C:\Users\ultra\warewolf\Dev\Warewolf.Driver.Persistence.Tests\Warewolf.Driver.Persistence.Tests.csproj]
C:\Users\ultra\warewolf\Dev\Warewolf.Testing\Warewolf.Testing.csproj : warning NU1701: Package 'Microsoft.Xaml.Behaviors.Wpf 1.1.122' was restored using '.NETFramework,Version=v4.6.1, .NETFramework,Version=v4.6.2, .NETFramework,Version=v4.7, .NETFramework,Version=v4.7.1, .NETFramework,Version=v4.7.2, .NETFramework,Version=v4.8, .NETFramework,Version=v4.8.1' instead of the project target framework 'net8.0'. This package may not be fully compatible with your project. [C:\Users\ultra\warewolf\Dev\Warewolf.Driver.Persistence.Tests\Warewolf.Driver.Persistence.Tests.csproj]
C:\Users\ultra\warewolf\Dev\Warewolf.Testing\Warewolf.Testing.csproj : warning NU1701: Package 'Prism.Wpf 9.0.537' was restored using '.NETFramework,Version=v4.6.1, .NETFramework,Version=v4.6.2, .NETFramework,Version=v4.7, .NETFramework,Version=v4.7.1, .NETFramework,Version=v4.7.2, .NETFramework,Version=v4.8, .NETFramework,Version=v4.8.1' instead of the project target framework 'net8.0'. This package may not be fully compatible with your project. [C:\Users\ultra\warewolf\Dev\Warewolf.Driver.Persistence.Tests\Warewolf.Driver.Persistence.Tests.csproj]
C:\Users\ultra\warewolf\Dev\Warewolf.Testing\Warewolf.Testing.csproj : warning NU1701: Package 'ReactiveUI.WPF 18.4.1' was restored using '.NETFramework,Version=v4.6.1, .NETFramework,Version=v4.6.2, .NETFramework,Version=v4.7, .NETFramework,Version=v4.7.1, .NETFramework,Version=v4.7.2, .NETFramework,Version=v4.8, .NETFramework,Version=v4.8.1' instead of the project target framework 'net8.0'. This package may not be fully compatible with your project. [C:\Users\ultra\warewolf\Dev\Warewolf.Driver.Persistence.Tests\Warewolf.Driver.Persistence.Tests.csproj]
C:\Users\ultra\warewolf\Dev\Dev2.Data\Dev2.Data.csproj : warning NU1701: Package 'ReactiveUI.WPF 18.4.1' was restored using '.NETFramework,Version=v4.6.1, .NETFramework,Version=v4.6.2, .NETFramework,Version=v4.7, .NETFramework,Version=v4.7.1, .NETFramework,Version=v4.7.2, .NETFramework,Version=v4.8, .NETFramework,Version=v4.8.1' instead of the project target framework 'net8.0'. This package may not be fully compatible with your project. [C:\Users\ultra\warewolf\Dev\Warewolf.Driver.Persistence.Tests\Warewolf.Driver.Persistence.Tests.csproj]
C:\Users\ultra\warewolf\Dev\Warewolf.Testing\Warewolf.Testing.csproj : warning NU1701: Package 'TaskSchedulerEditor 2.10.1' was restored using '.NETFramework,Version=v4.6.1, .NETFramework,Version=v4.6.2, .NETFramework,Version=v4.7, .NETFramework,Version=v4.7.1, .NETFramework,Version=v4.7.2, .NETFramework,Version=v4.8, .NETFramework,Version=v4.8.1' instead of the project target framework 'net8.0'. This package may not be fully compatible with your project. [C:\Users\ultra\warewolf\Dev\Warewolf.Driver.Persistence.Tests\Warewolf.Driver.Persistence.Tests.csproj]
C:\Users\ultra\warewolf\Dev\Dev2.Data\Dev2.Data.csproj : warning NU1701: Package 'TaskSchedulerEditor 2.10.1' was restored using '.NETFramework,Version=v4.6.1, .NETFramework,Version=v4.6.2, .NETFramework,Version=v4.7, .NETFramework,Version=v4.7.1, .NETFramework,Version=v4.7.2, .NETFramework,Version=v4.8, .NETFramework,Version=v4.8.1' instead of the project target framework 'net8.0'. This package may not be fully compatible with your project. [C:\Users\ultra\warewolf\Dev\Warewolf.Driver.Persistence.Tests\Warewolf.Driver.Persistence.Tests.csproj]
C:\Users\ultra\warewolf\Dev\Warewolf.Studio.Core\Warewolf.Studio.Core.csproj : warning NU1701: Package 'AeroWizard 2.3.1' was restored using '.NETFramework,Version=v4.6.1, .NETFramework,Version=v4.6.2, .NETFramework,Version=v4.7, .NETFramework,Version=v4.7.1, .NETFramework,Version=v4.7.2, .NETFramework,Version=v4.8, .NETFramework,Version=v4.8.1' instead of the project target framework 'net8.0'. This package may not be fully compatible with your project. [C:\Users\ultra\warewolf\Dev\Warewolf.Driver.Persistence.Tests\Warewolf.Driver.Persistence.Tests.csproj]
C:\Users\ultra\warewolf\Dev\Warewolf.Studio.Core\Warewolf.Studio.Core.csproj : warning NU1701: Package 'GroupControls 1.9.0' was restored using '.NETFramework,Version=v4.6.1, .NETFramework,Version=v4.6.2, .NETFramework,Version=v4.7, .NETFramework,Version=v4.7.1, .NETFramework,Version=v4.7.2, .NETFramework,Version=v4.8, .NETFramework,Version=v4.8.1' instead of the project target framework 'net8.0'. This package may not be fully compatible with your project. [C:\Users\ultra\warewolf\Dev\Warewolf.Driver.Persistence.Tests\Warewolf.Driver.Persistence.Tests.csproj]
C:\Users\ultra\warewolf\Dev\Warewolf.Studio.Core\Warewolf.Studio.Core.csproj : warning NU1701: Package 'Microsoft.Xaml.Behaviors.Wpf 1.1.122' was restored using '.NETFramework,Version=v4.6.1, .NETFramework,Version=v4.6.2, .NETFramework,Version=v4.7, .NETFramework,Version=v4.7.1, .NETFramework,Version=v4.7.2, .NETFramework,Version=v4.8, .NETFramework,Version=v4.8.1' instead of the project target framework 'net8.0'. This package may not be fully compatible with your project. [C:\Users\ultra\warewolf\Dev\Warewolf.Driver.Persistence.Tests\Warewolf.Driver.Persistence.Tests.csproj]
C:\Users\ultra\warewolf\Dev\Warewolf.Studio.Core\Warewolf.Studio.Core.csproj : warning NU1701: Package 'Prism.Wpf 9.0.537' was restored using '.NETFramework,Version=v4.6.1, .NETFramework,Version=v4.6.2, .NETFramework,Version=v4.7, .NETFramework,Version=v4.7.1, .NETFramework,Version=v4.7.2, .NETFramework,Version=v4.8, .NETFramework,Version=v4.8.1' instead of the project target framework 'net8.0'. This package may not be fully compatible with your project. [C:\Users\ultra\warewolf\Dev\Warewolf.Driver.Persistence.Tests\Warewolf.Driver.Persistence.Tests.csproj]
C:\Users\ultra\warewolf\Dev\Warewolf.Studio.Core\Warewolf.Studio.Core.csproj : warning NU1701: Package 'ReactiveUI.WPF 18.4.1' was restored using '.NETFramework,Version=v4.6.1, .NETFramework,Version=v4.6.2, .NETFramework,Version=v4.7, .NETFramework,Version=v4.7.1, .NETFramework,Version=v4.7.2, .NETFramework,Version=v4.8, .NETFramework,Version=v4.8.1' instead of the project target framework 'net8.0'. This package may not be fully compatible with your project. [C:\Users\ultra\warewolf\Dev\Warewolf.Driver.Persistence.Tests\Warewolf.Driver.Persistence.Tests.csproj]
C:\Users\ultra\warewolf\Dev\Warewolf.Studio.Core\Warewolf.Studio.Core.csproj : warning NU1701: Package 'TaskSchedulerEditor 2.10.1' was restored using '.NETFramework,Version=v4.6.1, .NETFramework,Version=v4.6.2, .NETFramework,Version=v4.7, .NETFramework,Version=v4.7.1, .NETFramework,Version=v4.7.2, .NETFramework,Version=v4.8, .NETFramework,Version=v4.8.1' instead of the project target framework 'net8.0'. This package may not be fully compatible with your project. [C:\Users\ultra\warewolf\Dev\Warewolf.Driver.Persistence.Tests\Warewolf.Driver.Persistence.Tests.csproj]
C:\Users\ultra\warewolf\Dev\Dev2.Common.Interfaces\Dev2.Common.Interfaces.csproj : warning NU1903: Package 'Microsoft.Windows.Compatibility' 6.0.0 has a known high severity vulnerability, https://github.com/advisories/GHSA-555c-2p6r-68mm [C:\Users\ultra\warewolf\Dev\Warewolf.Driver.Persistence.Tests\Warewolf.Driver.Persistence.Tests.csproj]
C:\Users\ultra\warewolf\Dev\Dev2.Common.Interfaces\Dev2.Common.Interfaces.csproj : warning NU1701: Package 'AeroWizard 2.3.1' was restored using '.NETFramework,Version=v4.6.1, .NETFramework,Version=v4.6.2, .NETFramework,Version=v4.7, .NETFramework,Version=v4.7.1, .NETFramework,Version=v4.7.2, .NETFramework,Version=v4.8, .NETFramework,Version=v4.8.1' instead of the project target framework 'net8.0'. This package may not be fully compatible with your project. [C:\Users\ultra\warewolf\Dev\Warewolf.Driver.Persistence.Tests\Warewolf.Driver.Persistence.Tests.csproj]
C:\Users\ultra\warewolf\Dev\Dev2.Common.Interfaces\Dev2.Common.Interfaces.csproj : warning NU1701: Package 'GroupControls 1.9.0' was restored using '.NETFramework,Version=v4.6.1, .NETFramework,Version=v4.6.2, .NETFramework,Version=v4.7, .NETFramework,Version=v4.7.1, .NETFramework,Version=v4.7.2, .NETFramework,Version=v4.8, .NETFramework,Version=v4.8.1' instead of the project target framework 'net8.0'. This package may not be fully compatible with your project. [C:\Users\ultra\warewolf\Dev\Warewolf.Driver.Persistence.Tests\Warewolf.Driver.Persistence.Tests.csproj]
C:\Users\ultra\warewolf\Dev\Dev2.Common.Interfaces\Dev2.Common.Interfaces.csproj : warning NU1701: Package 'TaskSchedulerEditor 2.10.1' was restored using '.NETFramework,Version=v4.6.1, .NETFramework,Version=v4.6.2, .NETFramework,Version=v4.7, .NETFramework,Version=v4.7.1, .NETFramework,Version=v4.7.2, .NETFramework,Version=v4.8, .NETFramework,Version=v4.8.1' instead of the project target framework 'net8.0'. This package may not be fully compatible with your project. [C:\Users\ultra\warewolf\Dev\Warewolf.Driver.Persistence.Tests\Warewolf.Driver.Persistence.Tests.csproj]
C:\Users\ultra\warewolf\Dev\Warewolf.Driver.Persistence\Warewolf.Driver.Persistence.csproj : warning NU1701: Package 'AeroWizard 2.3.1' was restored using '.NETFramework,Version=v4.6.1, .NETFramework,Version=v4.6.2, .NETFramework,Version=v4.7, .NETFramework,Version=v4.7.1, .NETFramework,Version=v4.7.2, .NETFramework,Version=v4.8, .NETFramework,Version=v4.8.1' instead of the project target framework 'net8.0'. This package may not be fully compatible with your project. [C:\Users\ultra\warewolf\Dev\Warewolf.Driver.Persistence.Tests\Warewolf.Driver.Persistence.Tests.csproj]
C:\Users\ultra\warewolf\Dev\Warewolf.Driver.Persistence\Warewolf.Driver.Persistence.csproj : warning NU1701: Package 'GroupControls 1.9.0' was restored using '.NETFramework,Version=v4.6.1, .NETFramework,Version=v4.6.2, .NETFramework,Version=v4.7, .NETFramework,Version=v4.7.1, .NETFramework,Version=v4.7.2, .NETFramework,Version=v4.8, .NETFramework,Version=v4.8.1' instead of the project target framework 'net8.0'. This package may not be fully compatible with your project. [C:\Users\ultra\warewolf\Dev\Warewolf.Driver.Persistence.Tests\Warewolf.Driver.Persistence.Tests.csproj]
C:\Users\ultra\warewolf\Dev\Warewolf.Driver.Persistence\Warewolf.Driver.Persistence.csproj : warning NU1701: Package 'ReactiveUI.WPF 18.4.1' was restored using '.NETFramework,Version=v4.6.1, .NETFramework,Version=v4.6.2, .NETFramework,Version=v4.7, .NETFramework,Version=v4.7.1, .NETFramework,Version=v4.7.2, .NETFramework,Version=v4.8, .NETFramework,Version=v4.8.1' instead of the project target framework 'net8.0'. This package may not be fully compatible with your project. [C:\Users\ultra\warewolf\Dev\Warewolf.Driver.Persistence.Tests\Warewolf.Driver.Persistence.Tests.csproj]
C:\Users\ultra\warewolf\Dev\Warewolf.Driver.Persistence\Warewolf.Driver.Persistence.csproj : warning NU1701: Package 'TaskSchedulerEditor 2.10.1' was restored using '.NETFramework,Version=v4.6.1, .NETFramework,Version=v4.6.2, .NETFramework,Version=v4.7, .NETFramework,Version=v4.7.1, .NETFramework,Version=v4.7.2, .NETFramework,Version=v4.8, .NETFramework,Version=v4.8.1' instead of the project target framework 'net8.0'. This package may not be fully compatible with your project. [C:\Users\ultra\warewolf\Dev\Warewolf.Driver.Persistence.Tests\Warewolf.Driver.Persistence.Tests.csproj]
C:\Users\ultra\warewolf\Dev\Dev2.Common\Dev2.Common.csproj : warning NU1903: Package 'Microsoft.Windows.Compatibility' 6.0.0 has a known high severity vulnerability, https://github.com/advisories/GHSA-555c-2p6r-68mm [C:\Users\ultra\warewolf\Dev\Warewolf.Driver.Persistence.Tests\Warewolf.Driver.Persistence.Tests.csproj]
C:\Users\ultra\warewolf\Dev\Dev2.Common\Dev2.Common.csproj : warning NU1701: Package 'AeroWizard 2.3.1' was restored using '.NETFramework,Version=v4.6.1, .NETFramework,Version=v4.6.2, .NETFramework,Version=v4.7, .NETFramework,Version=v4.7.1, .NETFramework,Version=v4.7.2, .NETFramework,Version=v4.8, .NETFramework,Version=v4.8.1' instead of the project target framework 'net8.0'. This package may not be fully compatible with your project. [C:\Users\ultra\warewolf\Dev\Warewolf.Driver.Persistence.Tests\Warewolf.Driver.Persistence.Tests.csproj]
C:\Users\ultra\warewolf\Dev\Dev2.Common\Dev2.Common.csproj : warning NU1701: Package 'GroupControls 1.9.0' was restored using '.NETFramework,Version=v4.6.1, .NETFramework,Version=v4.6.2, .NETFramework,Version=v4.7, .NETFramework,Version=v4.7.1, .NETFramework,Version=v4.7.2, .NETFramework,Version=v4.8, .NETFramework,Version=v4.8.1' instead of the project target framework 'net8.0'. This package may not be fully compatible with your project. [C:\Users\ultra\warewolf\Dev\Warewolf.Driver.Persistence.Tests\Warewolf.Driver.Persistence.Tests.csproj]
C:\Users\ultra\warewolf\Dev\Dev2.Common\Dev2.Common.csproj : warning NU1701: Package 'TaskSchedulerEditor 2.10.1' was restored using '.NETFramework,Version=v4.6.1, .NETFramework,Version=v4.6.2, .NETFramework,Version=v4.7, .NETFramework,Version=v4.7.1, .NETFramework,Version=v4.7.2, .NETFramework,Version=v4.8, .NETFramework,Version=v4.8.1' instead of the project target framework 'net8.0'. This package may not be fully compatible with your project. [C:\Users\ultra\warewolf\Dev\Warewolf.Driver.Persistence.Tests\Warewolf.Driver.Persistence.Tests.csproj]
C:\Users\ultra\warewolf\Dev\Dev2.TaskScheduler.Wrappers\Dev2.TaskScheduler.Wrappers.csproj : warning NU1701: Package 'AeroWizard 2.3.1' was restored using '.NETFramework,Version=v4.6.1, .NETFramework,Version=v4.6.2, .NETFramework,Version=v4.7, .NETFramework,Version=v4.7.1, .NETFramework,Version=v4.7.2, .NETFramework,Version=v4.8, .NETFramework,Version=v4.8.1' instead of the project target framework 'net8.0'. This package may not be fully compatible with your project. [C:\Users\ultra\warewolf\Dev\Warewolf.Driver.Persistence.Tests\Warewolf.Driver.Persistence.Tests.csproj]
C:\Users\ultra\warewolf\Dev\Dev2.TaskScheduler.Wrappers\Dev2.TaskScheduler.Wrappers.csproj : warning NU1701: Package 'GroupControls 1.9.0' was restored using '.NETFramework,Version=v4.6.1, .NETFramework,Version=v4.6.2, .NETFramework,Version=v4.7, .NETFramework,Version=v4.7.1, .NETFramework,Version=v4.7.2, .NETFramework,Version=v4.8, .NETFramework,Version=v4.8.1' instead of the project target framework 'net8.0'. This package may not be fully compatible with your project. [C:\Users\ultra\warewolf\Dev\Warewolf.Driver.Persistence.Tests\Warewolf.Driver.Persistence.Tests.csproj]
C:\Users\ultra\warewolf\Dev\Dev2.TaskScheduler.Wrappers\Dev2.TaskScheduler.Wrappers.csproj : warning NU1701: Package 'TaskSchedulerEditor 2.10.1' was restored using '.NETFramework,Version=v4.6.1, .NETFramework,Version=v4.6.2, .NETFramework,Version=v4.7, .NETFramework,Version=v4.7.1, .NETFramework,Version=v4.7.2, .NETFramework,Version=v4.8, .NETFramework,Version=v4.8.1' instead of the project target framework 'net8.0'. This package may not be fully compatible with your project. [C:\Users\ultra\warewolf\Dev\Warewolf.Driver.Persistence.Tests\Warewolf.Driver.Persistence.Tests.csproj]
C:\Users\ultra\warewolf\Dev\Dev2.Core\Dev2.Core.csproj : warning NU1903: Package 'Microsoft.Windows.Compatibility' 6.0.0 has a known high severity vulnerability, https://github.com/advisories/GHSA-555c-2p6r-68mm [C:\Users\ultra\warewolf\Dev\Warewolf.Driver.Persistence.Tests\Warewolf.Driver.Persistence.Tests.csproj]
C:\Users\ultra\warewolf\Dev\Dev2.Core\Dev2.Core.csproj : warning NU1701: Package 'AeroWizard 2.3.1' was restored using '.NETFramework,Version=v4.6.1, .NETFramework,Version=v4.6.2, .NETFramework,Version=v4.7, .NETFramework,Version=v4.7.1, .NETFramework,Version=v4.7.2, .NETFramework,Version=v4.8, .NETFramework,Version=v4.8.1' instead of the project target framework 'net8.0'. This package may not be fully compatible with your project. [C:\Users\ultra\warewolf\Dev\Warewolf.Driver.Persistence.Tests\Warewolf.Driver.Persistence.Tests.csproj]
C:\Users\ultra\warewolf\Dev\Dev2.Core\Dev2.Core.csproj : warning NU1701: Package 'GroupControls 1.9.0' was restored using '.NETFramework,Version=v4.6.1, .NETFramework,Version=v4.6.2, .NETFramework,Version=v4.7, .NETFramework,Version=v4.7.1, .NETFramework,Version=v4.7.2, .NETFramework,Version=v4.8, .NETFramework,Version=v4.8.1' instead of the project target framework 'net8.0'. This package may not be fully compatible with your project. [C:\Users\ultra\warewolf\Dev\Warewolf.Driver.Persistence.Tests\Warewolf.Driver.Persistence.Tests.csproj]
C:\Users\ultra\warewolf\Dev\Dev2.Core\Dev2.Core.csproj : warning NU1701: Package 'ReactiveUI.WPF 18.4.1' was restored using '.NETFramework,Version=v4.6.1, .NETFramework,Version=v4.6.2, .NETFramework,Version=v4.7, .NETFramework,Version=v4.7.1, .NETFramework,Version=v4.7.2, .NETFramework,Version=v4.8, .NETFramework,Version=v4.8.1' instead of the project target framework 'net8.0'. This package may not be fully compatible with your project. [C:\Users\ultra\warewolf\Dev\Warewolf.Driver.Persistence.Tests\Warewolf.Driver.Persistence.Tests.csproj]
C:\Users\ultra\warewolf\Dev\Dev2.Core\Dev2.Core.csproj : warning NU1701: Package 'TaskSchedulerEditor 2.10.1' was restored using '.NETFramework,Version=v4.6.1, .NETFramework,Version=v4.6.2, .NETFramework,Version=v4.7, .NETFramework,Version=v4.7.1, .NETFramework,Version=v4.7.2, .NETFramework,Version=v4.8, .NETFramework,Version=v4.8.1' instead of the project target framework 'net8.0'. This package may not be fully compatible with your project. [C:\Users\ultra\warewolf\Dev\Warewolf.Driver.Persistence.Tests\Warewolf.Driver.Persistence.Tests.csproj]
C:\Users\ultra\warewolf\Dev\Dev2.CustomControls\Dev2.CustomControls.csproj : warning NU1903: Package 'Microsoft.Windows.Compatibility' 6.0.0 has a known high severity vulnerability, https://github.com/advisories/GHSA-555c-2p6r-68mm [C:\Users\ultra\warewolf\Dev\Warewolf.Driver.Persistence.Tests\Warewolf.Driver.Persistence.Tests.csproj]
C:\Users\ultra\warewolf\Dev\Dev2.CustomControls\Dev2.CustomControls.csproj : warning NU1701: Package 'AeroWizard 2.3.1' was restored using '.NETFramework,Version=v4.6.1, .NETFramework,Version=v4.6.2, .NETFramework,Version=v4.7, .NETFramework,Version=v4.7.1, .NETFramework,Version=v4.7.2, .NETFramework,Version=v4.8, .NETFramework,Version=v4.8.1' instead of the project target framework 'net8.0'. This package may not be fully compatible with your project. [C:\Users\ultra\warewolf\Dev\Warewolf.Driver.Persistence.Tests\Warewolf.Driver.Persistence.Tests.csproj]
C:\Users\ultra\warewolf\Dev\Dev2.CustomControls\Dev2.CustomControls.csproj : warning NU1701: Package 'GroupControls 1.9.0' was restored using '.NETFramework,Version=v4.6.1, .NETFramework,Version=v4.6.2, .NETFramework,Version=v4.7, .NETFramework,Version=v4.7.1, .NETFramework,Version=v4.7.2, .NETFramework,Version=v4.8, .NETFramework,Version=v4.8.1' instead of the project target framework 'net8.0'. This package may not be fully compatible with your project. [C:\Users\ultra\warewolf\Dev\Warewolf.Driver.Persistence.Tests\Warewolf.Driver.Persistence.Tests.csproj]
C:\Users\ultra\warewolf\Dev\Dev2.CustomControls\Dev2.CustomControls.csproj : warning NU1701: Package 'TaskSchedulerEditor 2.10.1' was restored using '.NETFramework,Version=v4.6.1, .NETFramework,Version=v4.6.2, .NETFramework,Version=v4.7, .NETFramework,Version=v4.7.1, .NETFramework,Version=v4.7.2, .NETFramework,Version=v4.8, .NETFramework,Version=v4.8.1' instead of the project target framework 'net8.0'. This package may not be fully compatible with your project. [C:\Users\ultra\warewolf\Dev\Warewolf.Driver.Persistence.Tests\Warewolf.Driver.Persistence.Tests.csproj]
C:\Users\ultra\warewolf\Dev\Dev2.Runtime\Dev2.Runtime.csproj : warning NU1903: Package 'Microsoft.Windows.Compatibility' 6.0.0 has a known high severity vulnerability, https://github.com/advisories/GHSA-555c-2p6r-68mm [C:\Users\ultra\warewolf\Dev\Warewolf.Driver.Persistence.Tests\Warewolf.Driver.Persistence.Tests.csproj]
C:\Users\ultra\warewolf\Dev\Dev2.Runtime\Dev2.Runtime.csproj : warning NU1701: Package 'AeroWizard 2.3.1' was restored using '.NETFramework,Version=v4.6.1, .NETFramework,Version=v4.6.2, .NETFramework,Version=v4.7, .NETFramework,Version=v4.7.1, .NETFramework,Version=v4.7.2, .NETFramework,Version=v4.8, .NETFramework,Version=v4.8.1' instead of the project target framework 'net8.0'. This package may not be fully compatible with your project. [C:\Users\ultra\warewolf\Dev\Warewolf.Driver.Persistence.Tests\Warewolf.Driver.Persistence.Tests.csproj]
C:\Users\ultra\warewolf\Dev\Dev2.Runtime\Dev2.Runtime.csproj : warning NU1701: Package 'GroupControls 1.9.0' was restored using '.NETFramework,Version=v4.6.1, .NETFramework,Version=v4.6.2, .NETFramework,Version=v4.7, .NETFramework,Version=v4.7.1, .NETFramework,Version=v4.7.2, .NETFramework,Version=v4.8, .NETFramework,Version=v4.8.1' instead of the project target framework 'net8.0'. This package may not be fully compatible with your project. [C:\Users\ultra\warewolf\Dev\Warewolf.Driver.Persistence.Tests\Warewolf.Driver.Persistence.Tests.csproj]
C:\Users\ultra\warewolf\Dev\Dev2.Runtime\Dev2.Runtime.csproj : warning NU1701: Package 'ReactiveUI.WPF 18.4.1' was restored using '.NETFramework,Version=v4.6.1, .NETFramework,Version=v4.6.2, .NETFramework,Version=v4.7, .NETFramework,Version=v4.7.1, .NETFramework,Version=v4.7.2, .NETFramework,Version=v4.8, .NETFramework,Version=v4.8.1' instead of the project target framework 'net8.0'. This package may not be fully compatible with your project. [C:\Users\ultra\warewolf\Dev\Warewolf.Driver.Persistence.Tests\Warewolf.Driver.Persistence.Tests.csproj]
C:\Users\ultra\warewolf\Dev\Dev2.Runtime\Dev2.Runtime.csproj : warning NU1701: Package 'TaskSchedulerEditor 2.10.1' was restored using '.NETFramework,Version=v4.6.1, .NETFramework,Version=v4.6.2, .NETFramework,Version=v4.7, .NETFramework,Version=v4.7.1, .NETFramework,Version=v4.7.2, .NETFramework,Version=v4.8, .NETFramework,Version=v4.8.1' instead of the project target framework 'net8.0'. This package may not be fully compatible with your project. [C:\Users\ultra\warewolf\Dev\Warewolf.Driver.Persistence.Tests\Warewolf.Driver.Persistence.Tests.csproj]
C:\Users\ultra\warewolf\Dev\Warewolf.AI.Harness\Warewolf.AI.Harness.csproj : warning NU1701: Package 'AeroWizard 2.3.1' was restored using '.NETFramework,Version=v4.6.1, .NETFramework,Version=v4.6.2, .NETFramework,Version=v4.7, .NETFramework,Version=v4.7.1, .NETFramework,Version=v4.7.2, .NETFramework,Version=v4.8, .NETFramework,Version=v4.8.1' instead of the project target framework 'net8.0'. This package may not be fully compatible with your project. [C:\Users\ultra\warewolf\Dev\Warewolf.Driver.Persistence.Tests\Warewolf.Driver.Persistence.Tests.csproj]
C:\Users\ultra\warewolf\Dev\Warewolf.AI.Harness\Warewolf.AI.Harness.csproj : warning NU1701: Package 'GroupControls 1.9.0' was restored using '.NETFramework,Version=v4.6.1, .NETFramework,Version=v4.6.2, .NETFramework,Version=v4.7, .NETFramework,Version=v4.7.1, .NETFramework,Version=v4.7.2, .NETFramework,Version=v4.8, .NETFramework,Version=v4.8.1' instead of the project target framework 'net8.0'. This package may not be fully compatible with your project. [C:\Users\ultra\warewolf\Dev\Warewolf.Driver.Persistence.Tests\Warewolf.Driver.Persistence.Tests.csproj]
C:\Users\ultra\warewolf\Dev\Warewolf.AI.Harness\Warewolf.AI.Harness.csproj : warning NU1701: Package 'TaskSchedulerEditor 2.10.1' was restored using '.NETFramework,Version=v4.6.1, .NETFramework,Version=v4.6.2, .NETFramework,Version=v4.7, .NETFramework,Version=v4.7.1, .NETFramework,Version=v4.7.2, .NETFramework,Version=v4.8, .NETFramework,Version=v4.8.1' instead of the project target framework 'net8.0'. This package may not be fully compatible with your project. [C:\Users\ultra\warewolf\Dev\Warewolf.Driver.Persistence.Tests\Warewolf.Driver.Persistence.Tests.csproj]
C:\Users\ultra\warewolf\Dev\Dev2.Activities\Dev2.Activities.csproj : warning NU1903: Package 'Microsoft.Windows.Compatibility' 6.0.0 has a known high severity vulnerability, https://github.com/advisories/GHSA-555c-2p6r-68mm [C:\Users\ultra\warewolf\Dev\Warewolf.Driver.Persistence.Tests\Warewolf.Driver.Persistence.Tests.csproj]
C:\Users\ultra\warewolf\Dev\Dev2.Activities\Dev2.Activities.csproj : warning NU1701: Package 'AeroWizard 2.3.1' was restored using '.NETFramework,Version=v4.6.1, .NETFramework,Version=v4.6.2, .NETFramework,Version=v4.7, .NETFramework,Version=v4.7.1, .NETFramework,Version=v4.7.2, .NETFramework,Version=v4.8, .NETFramework,Version=v4.8.1' instead of the project target framework 'net8.0'. This package may not be fully compatible with your project. [C:\Users\ultra\warewolf\Dev\Warewolf.Driver.Persistence.Tests\Warewolf.Driver.Persistence.Tests.csproj]
C:\Users\ultra\warewolf\Dev\Dev2.Activities\Dev2.Activities.csproj : warning NU1701: Package 'GroupControls 1.9.0' was restored using '.NETFramework,Version=v4.6.1, .NETFramework,Version=v4.6.2, .NETFramework,Version=v4.7, .NETFramework,Version=v4.7.1, .NETFramework,Version=v4.7.2, .NETFramework,Version=v4.8, .NETFramework,Version=v4.8.1' instead of the project target framework 'net8.0'. This package may not be fully compatible with your project. [C:\Users\ultra\warewolf\Dev\Warewolf.Driver.Persistence.Tests\Warewolf.Driver.Persistence.Tests.csproj]
C:\Users\ultra\warewolf\Dev\Dev2.Activities\Dev2.Activities.csproj : warning NU1701: Package 'ReactiveUI.WPF 18.4.1' was restored using '.NETFramework,Version=v4.6.1, .NETFramework,Version=v4.6.2, .NETFramework,Version=v4.7, .NETFramework,Version=v4.7.1, .NETFramework,Version=v4.7.2, .NETFramework,Version=v4.8, .NETFramework,Version=v4.8.1' instead of the project target framework 'net8.0'. This package may not be fully compatible with your project. [C:\Users\ultra\warewolf\Dev\Warewolf.Driver.Persistence.Tests\Warewolf.Driver.Persistence.Tests.csproj]
C:\Users\ultra\warewolf\Dev\Dev2.Activities\Dev2.Activities.csproj : warning NU1701: Package 'TaskSchedulerEditor 2.10.1' was restored using '.NETFramework,Version=v4.6.1, .NETFramework,Version=v4.6.2, .NETFramework,Version=v4.7, .NETFramework,Version=v4.7.1, .NETFramework,Version=v4.7.2, .NETFramework,Version=v4.8, .NETFramework,Version=v4.8.1' instead of the project target framework 'net8.0'. This package may not be fully compatible with your project. [C:\Users\ultra\warewolf\Dev\Warewolf.Driver.Persistence.Tests\Warewolf.Driver.Persistence.Tests.csproj]
C:\Users\ultra\warewolf\Dev\Dev2.Studio.Interfaces\Dev2.Studio.Interfaces.csproj : warning NU1701: Package 'AeroWizard 2.3.1' was restored using '.NETFramework,Version=v4.6.1, .NETFramework,Version=v4.6.2, .NETFramework,Version=v4.7, .NETFramework,Version=v4.7.1, .NETFramework,Version=v4.7.2, .NETFramework,Version=v4.8, .NETFramework,Version=v4.8.1' instead of the project target framework 'net8.0'. This package may not be fully compatible with your project. [C:\Users\ultra\warewolf\Dev\Warewolf.Driver.Persistence.Tests\Warewolf.Driver.Persistence.Tests.csproj]
C:\Users\ultra\warewolf\Dev\Dev2.Studio.Interfaces\Dev2.Studio.Interfaces.csproj : warning NU1701: Package 'GroupControls 1.9.0' was restored using '.NETFramework,Version=v4.6.1, .NETFramework,Version=v4.6.2, .NETFramework,Version=v4.7, .NETFramework,Version=v4.7.1, .NETFramework,Version=v4.7.2, .NETFramework,Version=v4.8, .NETFramework,Version=v4.8.1' instead of the project target framework 'net8.0'. This package may not be fully compatible with your project. [C:\Users\ultra\warewolf\Dev\Warewolf.Driver.Persistence.Tests\Warewolf.Driver.Persistence.Tests.csproj]
C:\Users\ultra\warewolf\Dev\Dev2.Studio.Interfaces\Dev2.Studio.Interfaces.csproj : warning NU1701: Package 'Microsoft.Xaml.Behaviors.Wpf 1.1.122' was restored using '.NETFramework,Version=v4.6.1, .NETFramework,Version=v4.6.2, .NETFramework,Version=v4.7, .NETFramework,Version=v4.7.1, .NETFramework,Version=v4.7.2, .NETFramework,Version=v4.8, .NETFramework,Version=v4.8.1' instead of the project target framework 'net8.0'. This package may not be fully compatible with your project. [C:\Users\ultra\warewolf\Dev\Warewolf.Driver.Persistence.Tests\Warewolf.Driver.Persistence.Tests.csproj]
C:\Users\ultra\warewolf\Dev\Dev2.Studio.Interfaces\Dev2.Studio.Interfaces.csproj : warning NU1701: Package 'Prism.Wpf 9.0.537' was restored using '.NETFramework,Version=v4.6.1, .NETFramework,Version=v4.6.2, .NETFramework,Version=v4.7, .NETFramework,Version=v4.7.1, .NETFramework,Version=v4.7.2, .NETFramework,Version=v4.8, .NETFramework,Version=v4.8.1' instead of the project target framework 'net8.0'. This package may not be fully compatible with your project. [C:\Users\ultra\warewolf\Dev\Warewolf.Driver.Persistence.Tests\Warewolf.Driver.Persistence.Tests.csproj]
C:\Users\ultra\warewolf\Dev\Dev2.Studio.Interfaces\Dev2.Studio.Interfaces.csproj : warning NU1701: Package 'ReactiveUI.WPF 18.4.1' was restored using '.NETFramework,Version=v4.6.1, .NETFramework,Version=v4.6.2, .NETFramework,Version=v4.7, .NETFramework,Version=v4.7.1, .NETFramework,Version=v4.7.2, .NETFramework,Version=v4.8, .NETFramework,Version=v4.8.1' instead of the project target framework 'net8.0'. This package may not be fully compatible with your project. [C:\Users\ultra\warewolf\Dev\Warewolf.Driver.Persistence.Tests\Warewolf.Driver.Persistence.Tests.csproj]
C:\Users\ultra\warewolf\Dev\Dev2.Studio.Interfaces\Dev2.Studio.Interfaces.csproj : warning NU1701: Package 'TaskSchedulerEditor 2.10.1' was restored using '.NETFramework,Version=v4.6.1, .NETFramework,Version=v4.6.2, .NETFramework,Version=v4.7, .NETFramework,Version=v4.7.1, .NETFramework,Version=v4.7.2, .NETFramework,Version=v4.8, .NETFramework,Version=v4.8.1' instead of the project target framework 'net8.0'. This package may not be fully compatible with your project. [C:\Users\ultra\warewolf\Dev\Warewolf.Driver.Persistence.Tests\Warewolf.Driver.Persistence.Tests.csproj]
C:\Users\ultra\warewolf\Dev\Dev2.SignalR.Wrappers.New\Dev2.SignalR.Wrappers.New.csproj : warning NU1701: Package 'AeroWizard 2.3.1' was restored using '.NETFramework,Version=v4.6.1, .NETFramework,Version=v4.6.2, .NETFramework,Version=v4.7, .NETFramework,Version=v4.7.1, .NETFramework,Version=v4.7.2, .NETFramework,Version=v4.8, .NETFramework,Version=v4.8.1' instead of the project target framework 'net8.0'. This package may not be fully compatible with your project. [C:\Users\ultra\warewolf\Dev\Warewolf.Driver.Persistence.Tests\Warewolf.Driver.Persistence.Tests.csproj]
C:\Users\ultra\warewolf\Dev\Warewolf.Data\Warewolf.Data.csproj : warning NU1701: Package 'AeroWizard 2.3.1' was restored using '.NETFramework,Version=v4.6.1, .NETFramework,Version=v4.6.2, .NETFramework,Version=v4.7, .NETFramework,Version=v4.7.1, .NETFramework,Version=v4.7.2, .NETFramework,Version=v4.8, .NETFramework,Version=v4.8.1' instead of the project target framework 'net8.0'. This package may not be fully compatible with your project. [C:\Users\ultra\warewolf\Dev\Warewolf.Driver.Persistence.Tests\Warewolf.Driver.Persistence.Tests.csproj]
C:\Users\ultra\warewolf\Dev\Warewolf.Data\Warewolf.Data.csproj : warning NU1701: Package 'GroupControls 1.9.0' was restored using '.NETFramework,Version=v4.6.1, .NETFramework,Version=v4.6.2, .NETFramework,Version=v4.7, .NETFramework,Version=v4.7.1, .NETFramework,Version=v4.7.2, .NETFramework,Version=v4.8, .NETFramework,Version=v4.8.1' instead of the project target framework 'net8.0'. This package may not be fully compatible with your project. [C:\Users\ultra\warewolf\Dev\Warewolf.Driver.Persistence.Tests\Warewolf.Driver.Persistence.Tests.csproj]
C:\Users\ultra\warewolf\Dev\Warewolf.Data\Warewolf.Data.csproj : warning NU1701: Package 'TaskSchedulerEditor 2.10.1' was restored using '.NETFramework,Version=v4.6.1, .NETFramework,Version=v4.6.2, .NETFramework,Version=v4.7, .NETFramework,Version=v4.7.1, .NETFramework,Version=v4.7.2, .NETFramework,Version=v4.8, .NETFramework,Version=v4.8.1' instead of the project target framework 'net8.0'. This package may not be fully compatible with your project. [C:\Users\ultra\warewolf\Dev\Warewolf.Driver.Persistence.Tests\Warewolf.Driver.Persistence.Tests.csproj]
C:\Users\ultra\warewolf\Dev\Warewolf.Common.NetStandard20\Warewolf.Common.NetStandard20.csproj : warning NU1701: Package 'AeroWizard 2.3.1' was restored using '.NETFramework,Version=v4.6.1, .NETFramework,Version=v4.6.2, .NETFramework,Version=v4.7, .NETFramework,Version=v4.7.1, .NETFramework,Version=v4.7.2, .NETFramework,Version=v4.8, .NETFramework,Version=v4.8.1' instead of the project target framework 'net8.0'. This package may not be fully compatible with your project. [C:\Users\ultra\warewolf\Dev\Warewolf.Driver.Persistence.Tests\Warewolf.Driver.Persistence.Tests.csproj]
C:\Users\ultra\warewolf\Dev\Warewolf.Common.NetStandard20\Warewolf.Common.NetStandard20.csproj : warning NU1701: Package 'GroupControls 1.9.0' was restored using '.NETFramework,Version=v4.6.1, .NETFramework,Version=v4.6.2, .NETFramework,Version=v4.7, .NETFramework,Version=v4.7.1, .NETFramework,Version=v4.7.2, .NETFramework,Version=v4.8, .NETFramework,Version=v4.8.1' instead of the project target framework 'net8.0'. This package may not be fully compatible with your project. [C:\Users\ultra\warewolf\Dev\Warewolf.Driver.Persistence.Tests\Warewolf.Driver.Persistence.Tests.csproj]
C:\Users\ultra\warewolf\Dev\Warewolf.Common.NetStandard20\Warewolf.Common.NetStandard20.csproj : warning NU1701: Package 'ReactiveUI.WPF 18.4.1' was restored using '.NETFramework,Version=v4.6.1, .NETFramework,Version=v4.6.2, .NETFramework,Version=v4.7, .NETFramework,Version=v4.7.1, .NETFramework,Version=v4.7.2, .NETFramework,Version=v4.8, .NETFramework,Version=v4.8.1' instead of the project target framework 'net8.0'. This package may not be fully compatible with your project. [C:\Users\ultra\warewolf\Dev\Warewolf.Driver.Persistence.Tests\Warewolf.Driver.Persistence.Tests.csproj]
C:\Users\ultra\warewolf\Dev\Warewolf.Common.NetStandard20\Warewolf.Common.NetStandard20.csproj : warning NU1701: Package 'TaskSchedulerEditor 2.10.1' was restored using '.NETFramework,Version=v4.6.1, .NETFramework,Version=v4.6.2, .NETFramework,Version=v4.7, .NETFramework,Version=v4.7.1, .NETFramework,Version=v4.7.2, .NETFramework,Version=v4.8, .NETFramework,Version=v4.8.1' instead of the project target framework 'net8.0'. This package may not be fully compatible with your project. [C:\Users\ultra\warewolf\Dev\Warewolf.Driver.Persistence.Tests\Warewolf.Driver.Persistence.Tests.csproj]
C:\Users\ultra\warewolf\Dev\Dev2.Util\Dev2.Util.csproj : warning NU1903: Package 'Microsoft.Windows.Compatibility' 6.0.0 has a known high severity vulnerability, https://github.com/advisories/GHSA-555c-2p6r-68mm [C:\Users\ultra\warewolf\Dev\Warewolf.Driver.Persistence.Tests\Warewolf.Driver.Persistence.Tests.csproj]
C:\Users\ultra\warewolf\Dev\Dev2.Util\Dev2.Util.csproj : warning NU1701: Package 'AeroWizard 2.3.1' was restored using '.NETFramework,Version=v4.6.1, .NETFramework,Version=v4.6.2, .NETFramework,Version=v4.7, .NETFramework,Version=v4.7.1, .NETFramework,Version=v4.7.2, .NETFramework,Version=v4.8, .NETFramework,Version=v4.8.1' instead of the project target framework 'net8.0'. This package may not be fully compatible with your project. [C:\Users\ultra\warewolf\Dev\Warewolf.Driver.Persistence.Tests\Warewolf.Driver.Persistence.Tests.csproj]
C:\Users\ultra\warewolf\Dev\Dev2.Util\Dev2.Util.csproj : warning NU1701: Package 'GroupControls 1.9.0' was restored using '.NETFramework,Version=v4.6.1, .NETFramework,Version=v4.6.2, .NETFramework,Version=v4.7, .NETFramework,Version=v4.7.1, .NETFramework,Version=v4.7.2, .NETFramework,Version=v4.8, .NETFramework,Version=v4.8.1' instead of the project target framework 'net8.0'. This package may not be fully compatible with your project. [C:\Users\ultra\warewolf\Dev\Warewolf.Driver.Persistence.Tests\Warewolf.Driver.Persistence.Tests.csproj]
C:\Users\ultra\warewolf\Dev\Dev2.Util\Dev2.Util.csproj : warning NU1701: Package 'TaskSchedulerEditor 2.10.1' was restored using '.NETFramework,Version=v4.6.1, .NETFramework,Version=v4.6.2, .NETFramework,Version=v4.7, .NETFramework,Version=v4.7.1, .NETFramework,Version=v4.7.2, .NETFramework,Version=v4.8, .NETFramework,Version=v4.8.1' instead of the project target framework 'net8.0'. This package may not be fully compatible with your project. [C:\Users\ultra\warewolf\Dev\Warewolf.Driver.Persistence.Tests\Warewolf.Driver.Persistence.Tests.csproj]
C:\Users\ultra\warewolf\Dev\Warewolf.Common\Warewolf.Common.csproj : warning NU1701: Package 'AeroWizard 2.3.1' was restored using '.NETFramework,Version=v4.6.1, .NETFramework,Version=v4.6.2, .NETFramework,Version=v4.7, .NETFramework,Version=v4.7.1, .NETFramework,Version=v4.7.2, .NETFramework,Version=v4.8, .NETFramework,Version=v4.8.1' instead of the project target framework 'net8.0'. This package may not be fully compatible with your project. [C:\Users\ultra\warewolf\Dev\Warewolf.Driver.Persistence.Tests\Warewolf.Driver.Persistence.Tests.csproj]
C:\Users\ultra\warewolf\Dev\Warewolf.Common\Warewolf.Common.csproj : warning NU1701: Package 'GroupControls 1.9.0' was restored using '.NETFramework,Version=v4.6.1, .NETFramework,Version=v4.6.2, .NETFramework,Version=v4.7, .NETFramework,Version=v4.7.1, .NETFramework,Version=v4.7.2, .NETFramework,Version=v4.8, .NETFramework,Version=v4.8.1' instead of the project target framework 'net8.0'. This package may not be fully compatible with your project. [C:\Users\ultra\warewolf\Dev\Warewolf.Driver.Persistence.Tests\Warewolf.Driver.Persistence.Tests.csproj]
C:\Users\ultra\warewolf\Dev\Warewolf.Common\Warewolf.Common.csproj : warning NU1701: Package 'TaskSchedulerEditor 2.10.1' was restored using '.NETFramework,Version=v4.6.1, .NETFramework,Version=v4.6.2, .NETFramework,Version=v4.7, .NETFramework,Version=v4.7.1, .NETFramework,Version=v4.7.2, .NETFramework,Version=v4.8, .NETFramework,Version=v4.8.1' instead of the project target framework 'net8.0'. This package may not be fully compatible with your project. [C:\Users\ultra\warewolf\Dev\Warewolf.Driver.Persistence.Tests\Warewolf.Driver.Persistence.Tests.csproj]
C:\Users\ultra\warewolf\Dev\Dev2.SignalR.Wrappers.New\Dev2.SignalR.Wrappers.New.csproj : warning NU1701: Package 'GroupControls 1.9.0' was restored using '.NETFramework,Version=v4.6.1, .NETFramework,Version=v4.6.2, .NETFramework,Version=v4.7, .NETFramework,Version=v4.7.1, .NETFramework,Version=v4.7.2, .NETFramework,Version=v4.8, .NETFramework,Version=v4.8.1' instead of the project target framework 'net8.0'. This package may not be fully compatible with your project. [C:\Users\ultra\warewolf\Dev\Warewolf.Driver.Persistence.Tests\Warewolf.Driver.Persistence.Tests.csproj]
C:\Users\ultra\warewolf\Dev\Dev2.SignalR.Wrappers.New\Dev2.SignalR.Wrappers.New.csproj : warning NU1701: Package 'ReactiveUI.WPF 18.4.1' was restored using '.NETFramework,Version=v4.6.1, .NETFramework,Version=v4.6.2, .NETFramework,Version=v4.7, .NETFramework,Version=v4.7.1, .NETFramework,Version=v4.7.2, .NETFramework,Version=v4.8, .NETFramework,Version=v4.8.1' instead of the project target framework 'net8.0'. This package may not be fully compatible with your project. [C:\Users\ultra\warewolf\Dev\Warewolf.Driver.Persistence.Tests\Warewolf.Driver.Persistence.Tests.csproj]
C:\Users\ultra\warewolf\Dev\Dev2.SignalR.Wrappers.New\Dev2.SignalR.Wrappers.New.csproj : warning NU1701: Package 'TaskSchedulerEditor 2.10.1' was restored using '.NETFramework,Version=v4.6.1, .NETFramework,Version=v4.6.2, .NETFramework,Version=v4.7, .NETFramework,Version=v4.7.1, .NETFramework,Version=v4.7.2, .NETFramework,Version=v4.8, .NETFramework,Version=v4.8.1' instead of the project target framework 'net8.0'. This package may not be fully compatible with your project. [C:\Users\ultra\warewolf\Dev\Warewolf.Driver.Persistence.Tests\Warewolf.Driver.Persistence.Tests.csproj]
C:\Users\ultra\warewolf\Dev\Dev2.Studio.Core\Dev2.Studio.Core.csproj : warning NU1701: Package 'AeroWizard 2.3.1' was restored using '.NETFramework,Version=v4.6.1, .NETFramework,Version=v4.6.2, .NETFramework,Version=v4.7, .NETFramework,Version=v4.7.1, .NETFramework,Version=v4.7.2, .NETFramework,Version=v4.8, .NETFramework,Version=v4.8.1' instead of the project target framework 'net8.0'. This package may not be fully compatible with your project. [C:\Users\ultra\warewolf\Dev\Warewolf.Driver.Persistence.Tests\Warewolf.Driver.Persistence.Tests.csproj]
C:\Users\ultra\warewolf\Dev\Dev2.Studio.Core\Dev2.Studio.Core.csproj : warning NU1701: Package 'GroupControls 1.9.0' was restored using '.NETFramework,Version=v4.6.1, .NETFramework,Version=v4.6.2, .NETFramework,Version=v4.7, .NETFramework,Version=v4.7.1, .NETFramework,Version=v4.7.2, .NETFramework,Version=v4.8, .NETFramework,Version=v4.8.1' instead of the project target framework 'net8.0'. This package may not be fully compatible with your project. [C:\Users\ultra\warewolf\Dev\Warewolf.Driver.Persistence.Tests\Warewolf.Driver.Persistence.Tests.csproj]
C:\Users\ultra\warewolf\Dev\Dev2.Studio.Core\Dev2.Studio.Core.csproj : warning NU1701: Package 'Microsoft.Xaml.Behaviors.Wpf 1.1.122' was restored using '.NETFramework,Version=v4.6.1, .NETFramework,Version=v4.6.2, .NETFramework,Version=v4.7, .NETFramework,Version=v4.7.1, .NETFramework,Version=v4.7.2, .NETFramework,Version=v4.8, .NETFramework,Version=v4.8.1' instead of the project target framework 'net8.0'. This package may not be fully compatible with your project. [C:\Users\ultra\warewolf\Dev\Warewolf.Driver.Persistence.Tests\Warewolf.Driver.Persistence.Tests.csproj]
C:\Users\ultra\warewolf\Dev\Dev2.Studio.Core\Dev2.Studio.Core.csproj : warning NU1701: Package 'Prism.Wpf 9.0.537' was restored using '.NETFramework,Version=v4.6.1, .NETFramework,Version=v4.6.2, .NETFramework,Version=v4.7, .NETFramework,Version=v4.7.1, .NETFramework,Version=v4.7.2, .NETFramework,Version=v4.8, .NETFramework,Version=v4.8.1' instead of the project target framework 'net8.0'. This package may not be fully compatible with your project. [C:\Users\ultra\warewolf\Dev\Warewolf.Driver.Persistence.Tests\Warewolf.Driver.Persistence.Tests.csproj]
C:\Users\ultra\warewolf\Dev\Dev2.Studio.Core\Dev2.Studio.Core.csproj : warning NU1701: Package 'ReactiveUI.WPF 18.4.1' was restored using '.NETFramework,Version=v4.6.1, .NETFramework,Version=v4.6.2, .NETFramework,Version=v4.7, .NETFramework,Version=v4.7.1, .NETFramework,Version=v4.7.2, .NETFramework,Version=v4.8, .NETFramework,Version=v4.8.1' instead of the project target framework 'net8.0'. This package may not be fully compatible with your project. [C:\Users\ultra\warewolf\Dev\Warewolf.Driver.Persistence.Tests\Warewolf.Driver.Persistence.Tests.csproj]
C:\Users\ultra\warewolf\Dev\Dev2.Studio.Core\Dev2.Studio.Core.csproj : warning NU1701: Package 'TaskSchedulerEditor 2.10.1' was restored using '.NETFramework,Version=v4.6.1, .NETFramework,Version=v4.6.2, .NETFramework,Version=v4.7, .NETFramework,Version=v4.7.1, .NETFramework,Version=v4.7.2, .NETFramework,Version=v4.8, .NETFramework,Version=v4.8.1' instead of the project target framework 'net8.0'. This package may not be fully compatible with your project. [C:\Users\ultra\warewolf\Dev\Warewolf.Driver.Persistence.Tests\Warewolf.Driver.Persistence.Tests.csproj]
C:\Users\ultra\warewolf\Dev\Warewolf.Core\Warewolf.Core.csproj : warning NU1903: Package 'Microsoft.Windows.Compatibility' 6.0.0 has a known high severity vulnerability, https://github.com/advisories/GHSA-555c-2p6r-68mm [C:\Users\ultra\warewolf\Dev\Warewolf.Driver.Persistence.Tests\Warewolf.Driver.Persistence.Tests.csproj]
C:\Users\ultra\warewolf\Dev\Warewolf.Core\Warewolf.Core.csproj : warning NU1701: Package 'AeroWizard 2.3.1' was restored using '.NETFramework,Version=v4.6.1, .NETFramework,Version=v4.6.2, .NETFramework,Version=v4.7, .NETFramework,Version=v4.7.1, .NETFramework,Version=v4.7.2, .NETFramework,Version=v4.8, .NETFramework,Version=v4.8.1' instead of the project target framework 'net8.0'. This package may not be fully compatible with your project. [C:\Users\ultra\warewolf\Dev\Warewolf.Driver.Persistence.Tests\Warewolf.Driver.Persistence.Tests.csproj]
C:\Users\ultra\warewolf\Dev\Warewolf.Core\Warewolf.Core.csproj : warning NU1701: Package 'GroupControls 1.9.0' was restored using '.NETFramework,Version=v4.6.1, .NETFramework,Version=v4.6.2, .NETFramework,Version=v4.7, .NETFramework,Version=v4.7.1, .NETFramework,Version=v4.7.2, .NETFramework,Version=v4.8, .NETFramework,Version=v4.8.1' instead of the project target framework 'net8.0'. This package may not be fully compatible with your project. [C:\Users\ultra\warewolf\Dev\Warewolf.Driver.Persistence.Tests\Warewolf.Driver.Persistence.Tests.csproj]
C:\Users\ultra\warewolf\Dev\Warewolf.Core\Warewolf.Core.csproj : warning NU1701: Package 'ReactiveUI.WPF 18.4.1' was restored using '.NETFramework,Version=v4.6.1, .NETFramework,Version=v4.6.2, .NETFramework,Version=v4.7, .NETFramework,Version=v4.7.1, .NETFramework,Version=v4.7.2, .NETFramework,Version=v4.8, .NETFramework,Version=v4.8.1' instead of the project target framework 'net8.0'. This package may not be fully compatible with your project. [C:\Users\ultra\warewolf\Dev\Warewolf.Driver.Persistence.Tests\Warewolf.Driver.Persistence.Tests.csproj]
C:\Users\ultra\warewolf\Dev\Warewolf.Core\Warewolf.Core.csproj : warning NU1701: Package 'TaskSchedulerEditor 2.10.1' was restored using '.NETFramework,Version=v4.6.1, .NETFramework,Version=v4.6.2, .NETFramework,Version=v4.7, .NETFramework,Version=v4.7.1, .NETFramework,Version=v4.7.2, .NETFramework,Version=v4.8, .NETFramework,Version=v4.8.1' instead of the project target framework 'net8.0'. This package may not be fully compatible with your project. [C:\Users\ultra\warewolf\Dev\Warewolf.Driver.Persistence.Tests\Warewolf.Driver.Persistence.Tests.csproj]
C:\Users\ultra\warewolf\Dev\Dev2.Runtime.Configuration\Dev2.Runtime.Configuration.csproj : warning NU1903: Package 'Microsoft.Windows.Compatibility' 6.0.0 has a known high severity vulnerability, https://github.com/advisories/GHSA-555c-2p6r-68mm [C:\Users\ultra\warewolf\Dev\Warewolf.Driver.Persistence.Tests\Warewolf.Driver.Persistence.Tests.csproj]
C:\Users\ultra\warewolf\Dev\Dev2.Runtime.Configuration\Dev2.Runtime.Configuration.csproj : warning NU1701: Package 'AeroWizard 2.3.1' was restored using '.NETFramework,Version=v4.6.1, .NETFramework,Version=v4.6.2, .NETFramework,Version=v4.7, .NETFramework,Version=v4.7.1, .NETFramework,Version=v4.7.2, .NETFramework,Version=v4.8, .NETFramework,Version=v4.8.1' instead of the project target framework 'net8.0'. This package may not be fully compatible with your project. [C:\Users\ultra\warewolf\Dev\Warewolf.Driver.Persistence.Tests\Warewolf.Driver.Persistence.Tests.csproj]
C:\Users\ultra\warewolf\Dev\Dev2.Runtime.Configuration\Dev2.Runtime.Configuration.csproj : warning NU1701: Package 'GroupControls 1.9.0' was restored using '.NETFramework,Version=v4.6.1, .NETFramework,Version=v4.6.2, .NETFramework,Version=v4.7, .NETFramework,Version=v4.7.1, .NETFramework,Version=v4.7.2, .NETFramework,Version=v4.8, .NETFramework,Version=v4.8.1' instead of the project target framework 'net8.0'. This package may not be fully compatible with your project. [C:\Users\ultra\warewolf\Dev\Warewolf.Driver.Persistence.Tests\Warewolf.Driver.Persistence.Tests.csproj]
C:\Users\ultra\warewolf\Dev\Dev2.Runtime.Configuration\Dev2.Runtime.Configuration.csproj : warning NU1701: Package 'TaskSchedulerEditor 2.10.1' was restored using '.NETFramework,Version=v4.6.1, .NETFramework,Version=v4.6.2, .NETFramework,Version=v4.7, .NETFramework,Version=v4.7.1, .NETFramework,Version=v4.7.2, .NETFramework,Version=v4.8, .NETFramework,Version=v4.8.1' instead of the project target framework 'net8.0'. This package may not be fully compatible with your project. [C:\Users\ultra\warewolf\Dev\Warewolf.Driver.Persistence.Tests\Warewolf.Driver.Persistence.Tests.csproj]
C:\Users\ultra\warewolf\Dev\Dev2.Runtime.Services\Dev2.Runtime.Services.csproj : warning NU1902: Package 'MessagePack' 2.4.59 has a known moderate severity vulnerability, https://github.com/advisories/GHSA-4qm4-8hg2-g2xm [C:\Users\ultra\warewolf\Dev\Warewolf.Driver.Persistence.Tests\Warewolf.Driver.Persistence.Tests.csproj]
C:\Users\ultra\warewolf\Dev\Dev2.Runtime.Services\Dev2.Runtime.Services.csproj : warning NU1903: Package 'Microsoft.Windows.Compatibility' 6.0.0 has a known high severity vulnerability, https://github.com/advisories/GHSA-555c-2p6r-68mm [C:\Users\ultra\warewolf\Dev\Warewolf.Driver.Persistence.Tests\Warewolf.Driver.Persistence.Tests.csproj]
C:\Users\ultra\warewolf\Dev\Dev2.Runtime.Services\Dev2.Runtime.Services.csproj : warning NU1701: Package 'AeroWizard 2.3.1' was restored using '.NETFramework,Version=v4.6.1, .NETFramework,Version=v4.6.2, .NETFramework,Version=v4.7, .NETFramework,Version=v4.7.1, .NETFramework,Version=v4.7.2, .NETFramework,Version=v4.8, .NETFramework,Version=v4.8.1' instead of the project target framework 'net8.0'. This package may not be fully compatible with your project. [C:\Users\ultra\warewolf\Dev\Warewolf.Driver.Persistence.Tests\Warewolf.Driver.Persistence.Tests.csproj]
C:\Users\ultra\warewolf\Dev\Dev2.Runtime.Services\Dev2.Runtime.Services.csproj : warning NU1701: Package 'GroupControls 1.9.0' was restored using '.NETFramework,Version=v4.6.1, .NETFramework,Version=v4.6.2, .NETFramework,Version=v4.7, .NETFramework,Version=v4.7.1, .NETFramework,Version=v4.7.2, .NETFramework,Version=v4.8, .NETFramework,Version=v4.8.1' instead of the project target framework 'net8.0'. This package may not be fully compatible with your project. [C:\Users\ultra\warewolf\Dev\Warewolf.Driver.Persistence.Tests\Warewolf.Driver.Persistence.Tests.csproj]
C:\Users\ultra\warewolf\Dev\Dev2.Runtime.Services\Dev2.Runtime.Services.csproj : warning NU1701: Package 'ReactiveUI.WPF 18.4.1' was restored using '.NETFramework,Version=v4.6.1, .NETFramework,Version=v4.6.2, .NETFramework,Version=v4.7, .NETFramework,Version=v4.7.1, .NETFramework,Version=v4.7.2, .NETFramework,Version=v4.8, .NETFramework,Version=v4.8.1' instead of the project target framework 'net8.0'. This package may not be fully compatible with your project. [C:\Users\ultra\warewolf\Dev\Warewolf.Driver.Persistence.Tests\Warewolf.Driver.Persistence.Tests.csproj]
C:\Users\ultra\warewolf\Dev\Dev2.Runtime.Services\Dev2.Runtime.Services.csproj : warning NU1701: Package 'TaskSchedulerEditor 2.10.1' was restored using '.NETFramework,Version=v4.6.1, .NETFramework,Version=v4.6.2, .NETFramework,Version=v4.7, .NETFramework,Version=v4.7.1, .NETFramework,Version=v4.7.2, .NETFramework,Version=v4.8, .NETFramework,Version=v4.8.1' instead of the project target framework 'net8.0'. This package may not be fully compatible with your project. [C:\Users\ultra\warewolf\Dev\Warewolf.Driver.Persistence.Tests\Warewolf.Driver.Persistence.Tests.csproj]
C:\Users\ultra\warewolf\Dev\Dev2.Runtime.WebServer\Dev2.Runtime.WebServer.csproj : warning NU1902: Package 'System.IdentityModel.Tokens.Jwt' 5.1.0 has a known moderate severity vulnerability, https://github.com/advisories/GHSA-59j7-ghrg-fj52 [C:\Users\ultra\warewolf\Dev\Warewolf.Driver.Persistence.Tests\Warewolf.Driver.Persistence.Tests.csproj]
C:\Users\ultra\warewolf\Dev\Dev2.Runtime.WebServer\Dev2.Runtime.WebServer.csproj : warning NU1701: Package 'AeroWizard 2.3.1' was restored using '.NETFramework,Version=v4.6.1, .NETFramework,Version=v4.6.2, .NETFramework,Version=v4.7, .NETFramework,Version=v4.7.1, .NETFramework,Version=v4.7.2, .NETFramework,Version=v4.8, .NETFramework,Version=v4.8.1' instead of the project target framework 'net8.0'. This package may not be fully compatible with your project. [C:\Users\ultra\warewolf\Dev\Warewolf.Driver.Persistence.Tests\Warewolf.Driver.Persistence.Tests.csproj]
C:\Users\ultra\warewolf\Dev\Dev2.Runtime.WebServer\Dev2.Runtime.WebServer.csproj : warning NU1701: Package 'GroupControls 1.9.0' was restored using '.NETFramework,Version=v4.6.1, .NETFramework,Version=v4.6.2, .NETFramework,Version=v4.7, .NETFramework,Version=v4.7.1, .NETFramework,Version=v4.7.2, .NETFramework,Version=v4.8, .NETFramework,Version=v4.8.1' instead of the project target framework 'net8.0'. This package may not be fully compatible with your project. [C:\Users\ultra\warewolf\Dev\Warewolf.Driver.Persistence.Tests\Warewolf.Driver.Persistence.Tests.csproj]
C:\Users\ultra\warewolf\Dev\Dev2.Runtime.WebServer\Dev2.Runtime.WebServer.csproj : warning NU1701: Package 'Microsoft.Xaml.Behaviors.Wpf 1.1.122' was restored using '.NETFramework,Version=v4.6.1, .NETFramework,Version=v4.6.2, .NETFramework,Version=v4.7, .NETFramework,Version=v4.7.1, .NETFramework,Version=v4.7.2, .NETFramework,Version=v4.8, .NETFramework,Version=v4.8.1' instead of the project target framework 'net8.0'. This package may not be fully compatible with your project. [C:\Users\ultra\warewolf\Dev\Warewolf.Driver.Persistence.Tests\Warewolf.Driver.Persistence.Tests.csproj]
C:\Users\ultra\warewolf\Dev\Dev2.Runtime.WebServer\Dev2.Runtime.WebServer.csproj : warning NU1701: Package 'Prism.Wpf 9.0.537' was restored using '.NETFramework,Version=v4.6.1, .NETFramework,Version=v4.6.2, .NETFramework,Version=v4.7, .NETFramework,Version=v4.7.1, .NETFramework,Version=v4.7.2, .NETFramework,Version=v4.8, .NETFramework,Version=v4.8.1' instead of the project target framework 'net8.0'. This package may not be fully compatible with your project. [C:\Users\ultra\warewolf\Dev\Warewolf.Driver.Persistence.Tests\Warewolf.Driver.Persistence.Tests.csproj]
C:\Users\ultra\warewolf\Dev\Dev2.Runtime.WebServer\Dev2.Runtime.WebServer.csproj : warning NU1701: Package 'ReactiveUI.WPF 18.4.1' was restored using '.NETFramework,Version=v4.6.1, .NETFramework,Version=v4.6.2, .NETFramework,Version=v4.7, .NETFramework,Version=v4.7.1, .NETFramework,Version=v4.7.2, .NETFramework,Version=v4.8, .NETFramework,Version=v4.8.1' instead of the project target framework 'net8.0'. This package may not be fully compatible with your project. [C:\Users\ultra\warewolf\Dev\Warewolf.Driver.Persistence.Tests\Warewolf.Driver.Persistence.Tests.csproj]
C:\Users\ultra\warewolf\Dev\Dev2.Runtime.WebServer\Dev2.Runtime.WebServer.csproj : warning NU1701: Package 'TaskSchedulerEditor 2.10.1' was restored using '.NETFramework,Version=v4.6.1, .NETFramework,Version=v4.6.2, .NETFramework,Version=v4.7, .NETFramework,Version=v4.7.1, .NETFramework,Version=v4.7.2, .NETFramework,Version=v4.8, .NETFramework,Version=v4.8.1' instead of the project target framework 'net8.0'. This package may not be fully compatible with your project. [C:\Users\ultra\warewolf\Dev\Warewolf.Driver.Persistence.Tests\Warewolf.Driver.Persistence.Tests.csproj]
C:\Users\ultra\warewolf\Dev\Warewolf.Driver.Persistence.Tests\Warewolf.Driver.Persistence.Tests.csproj : warning NU1701: Package 'AeroWizard 2.3.1' was restored using '.NETFramework,Version=v4.6.1, .NETFramework,Version=v4.6.2, .NETFramework,Version=v4.7, .NETFramework,Version=v4.7.1, .NETFramework,Version=v4.7.2, .NETFramework,Version=v4.8, .NETFramework,Version=v4.8.1' instead of the project target framework 'net8.0'. This package may not be fully compatible with your project.
C:\Users\ultra\warewolf\Dev\Warewolf.Driver.Persistence.Tests\Warewolf.Driver.Persistence.Tests.csproj : warning NU1701: Package 'GroupControls 1.9.0' was restored using '.NETFramework,Version=v4.6.1, .NETFramework,Version=v4.6.2, .NETFramework,Version=v4.7, .NETFramework,Version=v4.7.1, .NETFramework,Version=v4.7.2, .NETFramework,Version=v4.8, .NETFramework,Version=v4.8.1' instead of the project target framework 'net8.0'. This package may not be fully compatible with your project.
C:\Users\ultra\warewolf\Dev\Warewolf.Driver.Persistence.Tests\Warewolf.Driver.Persistence.Tests.csproj : warning NU1701: Package 'Microsoft.Xaml.Behaviors.Wpf 1.1.122' was restored using '.NETFramework,Version=v4.6.1, .NETFramework,Version=v4.6.2, .NETFramework,Version=v4.7, .NETFramework,Version=v4.7.1, .NETFramework,Version=v4.7.2, .NETFramework,Version=v4.8, .NETFramework,Version=v4.8.1' instead of the project target framework 'net8.0'. This package may not be fully compatible with your project.
C:\Users\ultra\warewolf\Dev\Warewolf.Driver.Persistence.Tests\Warewolf.Driver.Persistence.Tests.csproj : warning NU1701: Package 'Prism.Wpf 9.0.537' was restored using '.NETFramework,Version=v4.6.1, .NETFramework,Version=v4.6.2, .NETFramework,Version=v4.7, .NETFramework,Version=v4.7.1, .NETFramework,Version=v4.7.2, .NETFramework,Version=v4.8, .NETFramework,Version=v4.8.1' instead of the project target framework 'net8.0'. This package may not be fully compatible with your project.
C:\Users\ultra\warewolf\Dev\Warewolf.Driver.Persistence.Tests\Warewolf.Driver.Persistence.Tests.csproj : warning NU1701: Package 'ReactiveUI.WPF 18.4.1' was restored using '.NETFramework,Version=v4.6.1, .NETFramework,Version=v4.6.2, .NETFramework,Version=v4.7, .NETFramework,Version=v4.7.1, .NETFramework,Version=v4.7.2, .NETFramework,Version=v4.8, .NETFramework,Version=v4.8.1' instead of the project target framework 'net8.0'. This package may not be fully compatible with your project.
C:\Users\ultra\warewolf\Dev\Warewolf.Driver.Persistence.Tests\Warewolf.Driver.Persistence.Tests.csproj : warning NU1701: Package 'TaskSchedulerEditor 2.10.1' was restored using '.NETFramework,Version=v4.6.1, .NETFramework,Version=v4.6.2, .NETFramework,Version=v4.7, .NETFramework,Version=v4.7.1, .NETFramework,Version=v4.7.2, .NETFramework,Version=v4.8, .NETFramework,Version=v4.8.1' instead of the project target framework 'net8.0'. This package may not be fully compatible with your project.
  Restored C:\Users\ultra\warewolf\Dev\Warewolf.Driver.Persistence.Tests\Warewolf.Driver.Persistence.Tests.csproj (in 669 ms).
  55 of 56 projects are up-to-date for restore.
C:\Users\ultra\warewolf\Dev\Warewolf.Driver.Persistence.Tests\Warewolf.Driver.Persistence.Tests.csproj : warning NU1701: Package 'AeroWizard 2.3.1' was restored using '.NETFramework,Version=v4.6.1, .NETFramework,Version=v4.6.2, .NETFramework,Version=v4.7, .NETFramework,Version=v4.7.1, .NETFramework,Version=v4.7.2, .NETFramework,Version=v4.8, .NETFramework,Version=v4.8.1' instead of the project target framework 'net8.0'. This package may not be fully compatible with your project.
C:\Users\ultra\warewolf\Dev\Warewolf.Driver.Persistence.Tests\Warewolf.Driver.Persistence.Tests.csproj : warning NU1701: Package 'GroupControls 1.9.0' was restored using '.NETFramework,Version=v4.6.1, .NETFramework,Version=v4.6.2, .NETFramework,Version=v4.7, .NETFramework,Version=v4.7.1, .NETFramework,Version=v4.7.2, .NETFramework,Version=v4.8, .NETFramework,Version=v4.8.1' instead of the project target framework 'net8.0'. This package may not be fully compatible with your project.
C:\Users\ultra\warewolf\Dev\Warewolf.Driver.Persistence.Tests\Warewolf.Driver.Persistence.Tests.csproj : warning NU1701: Package 'Microsoft.Xaml.Behaviors.Wpf 1.1.122' was restored using '.NETFramework,Version=v4.6.1, .NETFramework,Version=v4.6.2, .NETFramework,Version=v4.7, .NETFramework,Version=v4.7.1, .NETFramework,Version=v4.7.2, .NETFramework,Version=v4.8, .NETFramework,Version=v4.8.1' instead of the project target framework 'net8.0'. This package may not be fully compatible with your project.
C:\Users\ultra\warewolf\Dev\Warewolf.Driver.Persistence.Tests\Warewolf.Driver.Persistence.Tests.csproj : warning NU1701: Package 'Prism.Wpf 9.0.537' was restored using '.NETFramework,Version=v4.6.1, .NETFramework,Version=v4.6.2, .NETFramework,Version=v4.7, .NETFramework,Version=v4.7.1, .NETFramework,Version=v4.7.2, .NETFramework,Version=v4.8, .NETFramework,Version=v4.8.1' instead of the project target framework 'net8.0'. This package may not be fully compatible with your project.
C:\Users\ultra\warewolf\Dev\Warewolf.Driver.Persistence.Tests\Warewolf.Driver.Persistence.Tests.csproj : warning NU1701: Package 'ReactiveUI.WPF 18.4.1' was restored using '.NETFramework,Version=v4.6.1, .NETFramework,Version=v4.6.2, .NETFramework,Version=v4.7, .NETFramework,Version=v4.7.1, .NETFramework,Version=v4.7.2, .NETFramework,Version=v4.8, .NETFramework,Version=v4.8.1' instead of the project target framework 'net8.0'. This package may not be fully compatible with your project.
C:\Users\ultra\warewolf\Dev\Warewolf.Driver.Persistence.Tests\Warewolf.Driver.Persistence.Tests.csproj : warning NU1701: Package 'TaskSchedulerEditor 2.10.1' was restored using '.NETFramework,Version=v4.6.1, .NETFramework,Version=v4.6.2, .NETFramework,Version=v4.7, .NETFramework,Version=v4.7.1, .NETFramework,Version=v4.7.2, .NETFramework,Version=v4.8, .NETFramework,Version=v4.8.1' instead of the project target framework 'net8.0'. This package may not be fully compatible with your project.
C:\Users\ultra\warewolf\Dev\Dev2.Data.Interfaces\Dev2.Data.Interfaces.csproj : warning NU1903: Package 'DotNetZip' 1.16.0 has a known high severity vulnerability, https://github.com/advisories/GHSA-xhg6-9j5j-w4vf
C:\Users\ultra\warewolf\Dev\Dev2.Data.Interfaces\Dev2.Data.Interfaces.csproj : warning NU1701: Package 'AeroWizard 2.3.1' was restored using '.NETFramework,Version=v4.6.1, .NETFramework,Version=v4.6.2, .NETFramework,Version=v4.7, .NETFramework,Version=v4.7.1, .NETFramework,Version=v4.7.2, .NETFramework,Version=v4.8, .NETFramework,Version=v4.8.1' instead of the project target framework 'net8.0'. This package may not be fully compatible with your project.
C:\Users\ultra\warewolf\Dev\Dev2.Data.Interfaces\Dev2.Data.Interfaces.csproj : warning NU1701: Package 'GroupControls 1.9.0' was restored using '.NETFramework,Version=v4.6.1, .NETFramework,Version=v4.6.2, .NETFramework,Version=v4.7, .NETFramework,Version=v4.7.1, .NETFramework,Version=v4.7.2, .NETFramework,Version=v4.8, .NETFramework,Version=v4.8.1' instead of the project target framework 'net8.0'. This package may not be fully compatible with your project.
C:\Users\ultra\warewolf\Dev\Dev2.Data.Interfaces\Dev2.Data.Interfaces.csproj : warning NU1701: Package 'TaskSchedulerEditor 2.10.1' was restored using '.NETFramework,Version=v4.6.1, .NETFramework,Version=v4.6.2, .NETFramework,Version=v4.7, .NETFramework,Version=v4.7.1, .NETFramework,Version=v4.7.2, .NETFramework,Version=v4.8, .NETFramework,Version=v4.8.1' instead of the project target framework 'net8.0'. This package may not be fully compatible with your project.
C:\Users\ultra\warewolf\Dev\Dev2.Diagnostics\Dev2.Diagnostics.csproj : warning NU1701: Package 'AeroWizard 2.3.1' was restored using '.NETFramework,Version=v4.6.1, .NETFramework,Version=v4.6.2, .NETFramework,Version=v4.7, .NETFramework,Version=v4.7.1, .NETFramework,Version=v4.7.2, .NETFramework,Version=v4.8, .NETFramework,Version=v4.8.1' instead of the project target framework 'net8.0'. This package may not be fully compatible with your project.
C:\Users\ultra\warewolf\Dev\Dev2.Diagnostics\Dev2.Diagnostics.csproj : warning NU1701: Package 'GroupControls 1.9.0' was restored using '.NETFramework,Version=v4.6.1, .NETFramework,Version=v4.6.2, .NETFramework,Version=v4.7, .NETFramework,Version=v4.7.1, .NETFramework,Version=v4.7.2, .NETFramework,Version=v4.8, .NETFramework,Version=v4.8.1' instead of the project target framework 'net8.0'. This package may not be fully compatible with your project.
C:\Users\ultra\warewolf\Dev\Dev2.Diagnostics\Dev2.Diagnostics.csproj : warning NU1701: Package 'TaskSchedulerEditor 2.10.1' was restored using '.NETFramework,Version=v4.6.1, .NETFramework,Version=v4.6.2, .NETFramework,Version=v4.7, .NETFramework,Version=v4.7.1, .NETFramework,Version=v4.7.2, .NETFramework,Version=v4.8, .NETFramework,Version=v4.8.1' instead of the project target framework 'net8.0'. This package may not be fully compatible with your project.
C:\Program Files\dotnet\sdk\10.0.201\Sdks\Microsoft.NET.Sdk\targets\Microsoft.NET.Sdk.DefaultItems.targets(162,5): warning NETSDK1137: It is no longer necessary to use the Microsoft.NET.Sdk.WindowsDesktop SDK. Consider changing the Sdk attribute of the root Project element to 'Microsoft.NET.Sdk'. [C:\Users\ultra\warewolf\Dev\Dev2.CustomControls\Dev2.CustomControls.csproj]
C:\Program Files\dotnet\sdk\10.0.201\Sdks\Microsoft.NET.Sdk.WindowsDesktop\targets\Microsoft.NET.Sdk.WindowsDesktop.targets(138,5): warning NETSDK1106: Microsoft.NET.Sdk.WindowsDesktop requires 'UseWpf' or 'UseWindowsForms' to be set to 'true' [C:\Users\ultra\warewolf\Dev\Dev2.CustomControls\Dev2.CustomControls.csproj]
C:\Users\ultra\warewolf\Dev\Dev2.Core\Dev2.Core.csproj : warning NU1903: Package 'Microsoft.Windows.Compatibility' 6.0.0 has a known high severity vulnerability, https://github.com/advisories/GHSA-555c-2p6r-68mm
C:\Users\ultra\warewolf\Dev\Dev2.Core\Dev2.Core.csproj : warning NU1701: Package 'AeroWizard 2.3.1' was restored using '.NETFramework,Version=v4.6.1, .NETFramework,Version=v4.6.2, .NETFramework,Version=v4.7, .NETFramework,Version=v4.7.1, .NETFramework,Version=v4.7.2, .NETFramework,Version=v4.8, .NETFramework,Version=v4.8.1' instead of the project target framework 'net8.0'. This package may not be fully compatible with your project.
C:\Users\ultra\warewolf\Dev\Dev2.Core\Dev2.Core.csproj : warning NU1701: Package 'GroupControls 1.9.0' was restored using '.NETFramework,Version=v4.6.1, .NETFramework,Version=v4.6.2, .NETFramework,Version=v4.7, .NETFramework,Version=v4.7.1, .NETFramework,Version=v4.7.2, .NETFramework,Version=v4.8, .NETFramework,Version=v4.8.1' instead of the project target framework 'net8.0'. This package may not be fully compatible with your project.
C:\Users\ultra\warewolf\Dev\Dev2.Core\Dev2.Core.csproj : warning NU1701: Package 'ReactiveUI.WPF 18.4.1' was restored using '.NETFramework,Version=v4.6.1, .NETFramework,Version=v4.6.2, .NETFramework,Version=v4.7, .NETFramework,Version=v4.7.1, .NETFramework,Version=v4.7.2, .NETFramework,Version=v4.8, .NETFramework,Version=v4.8.1' instead of the project target framework 'net8.0'. This package may not be fully compatible with your project.
C:\Users\ultra\warewolf\Dev\Dev2.Core\Dev2.Core.csproj : warning NU1701: Package 'TaskSchedulerEditor 2.10.1' was restored using '.NETFramework,Version=v4.6.1, .NETFramework,Version=v4.6.2, .NETFramework,Version=v4.7, .NETFramework,Version=v4.7.1, .NETFramework,Version=v4.7.2, .NETFramework,Version=v4.8, .NETFramework,Version=v4.8.1' instead of the project target framework 'net8.0'. This package may not be fully compatible with your project.
C:\Users\ultra\warewolf\Dev\Dev2.Development.Languages\Dev2.Development.Languages.csproj : warning NU1701: Package 'AeroWizard 2.3.1' was restored using '.NETFramework,Version=v4.6.1, .NETFramework,Version=v4.6.2, .NETFramework,Version=v4.7, .NETFramework,Version=v4.7.1, .NETFramework,Version=v4.7.2, .NETFramework,Version=v4.8, .NETFramework,Version=v4.8.1' instead of the project target framework 'net8.0'. This package may not be fully compatible with your project.
C:\Users\ultra\warewolf\Dev\Warewolf.Driver.Persistence\Warewolf.Driver.Persistence.csproj : warning NU1701: Package 'AeroWizard 2.3.1' was restored using '.NETFramework,Version=v4.6.1, .NETFramework,Version=v4.6.2, .NETFramework,Version=v4.7, .NETFramework,Version=v4.7.1, .NETFramework,Version=v4.7.2, .NETFramework,Version=v4.8, .NETFramework,Version=v4.8.1' instead of the project target framework 'net8.0'. This package may not be fully compatible with your project.
C:\Users\ultra\warewolf\Dev\Dev2.Development.Languages\Dev2.Development.Languages.csproj : warning NU1701: Package 'GroupControls 1.9.0' was restored using '.NETFramework,Version=v4.6.1, .NETFramework,Version=v4.6.2, .NETFramework,Version=v4.7, .NETFramework,Version=v4.7.1, .NETFramework,Version=v4.7.2, .NETFramework,Version=v4.8, .NETFramework,Version=v4.8.1' instead of the project target framework 'net8.0'. This package may not be fully compatible with your project.
C:\Users\ultra\warewolf\Dev\Warewolf.Driver.Persistence\Warewolf.Driver.Persistence.csproj : warning NU1701: Package 'GroupControls 1.9.0' was restored using '.NETFramework,Version=v4.6.1, .NETFramework,Version=v4.6.2, .NETFramework,Version=v4.7, .NETFramework,Version=v4.7.1, .NETFramework,Version=v4.7.2, .NETFramework,Version=v4.8, .NETFramework,Version=v4.8.1' instead of the project target framework 'net8.0'. This package may not be fully compatible with your project.
C:\Users\ultra\warewolf\Dev\Dev2.Development.Languages\Dev2.Development.Languages.csproj : warning NU1701: Package 'TaskSchedulerEditor 2.10.1' was restored using '.NETFramework,Version=v4.6.1, .NETFramework,Version=v4.6.2, .NETFramework,Version=v4.7, .NETFramework,Version=v4.7.1, .NETFramework,Version=v4.7.2, .NETFramework,Version=v4.8, .NETFramework,Version=v4.8.1' instead of the project target framework 'net8.0'. This package may not be fully compatible with your project.
C:\Users\ultra\warewolf\Dev\Warewolf.Driver.Persistence\Warewolf.Driver.Persistence.csproj : warning NU1701: Package 'ReactiveUI.WPF 18.4.1' was restored using '.NETFramework,Version=v4.6.1, .NETFramework,Version=v4.6.2, .NETFramework,Version=v4.7, .NETFramework,Version=v4.7.1, .NETFramework,Version=v4.7.2, .NETFramework,Version=v4.8, .NETFramework,Version=v4.8.1' instead of the project target framework 'net8.0'. This package may not be fully compatible with your project.
C:\Users\ultra\warewolf\Dev\Warewolf.Driver.Persistence\Warewolf.Driver.Persistence.csproj : warning NU1701: Package 'TaskSchedulerEditor 2.10.1' was restored using '.NETFramework,Version=v4.6.1, .NETFramework,Version=v4.6.2, .NETFramework,Version=v4.7, .NETFramework,Version=v4.7.1, .NETFramework,Version=v4.7.2, .NETFramework,Version=v4.8, .NETFramework,Version=v4.8.1' instead of the project target framework 'net8.0'. This package may not be fully compatible with your project.
C:\Users\ultra\warewolf\Dev\Dev2.CustomControls\Dev2.CustomControls.csproj : warning NU1903: Package 'Microsoft.Windows.Compatibility' 6.0.0 has a known high severity vulnerability, https://github.com/advisories/GHSA-555c-2p6r-68mm
C:\Users\ultra\warewolf\Dev\Dev2.CustomControls\Dev2.CustomControls.csproj : warning NU1701: Package 'AeroWizard 2.3.1' was restored using '.NETFramework,Version=v4.6.1, .NETFramework,Version=v4.6.2, .NETFramework,Version=v4.7, .NETFramework,Version=v4.7.1, .NETFramework,Version=v4.7.2, .NETFramework,Version=v4.8, .NETFramework,Version=v4.8.1' instead of the project target framework 'net8.0'. This package may not be fully compatible with your project.
C:\Users\ultra\warewolf\Dev\Dev2.CustomControls\Dev2.CustomControls.csproj : warning NU1701: Package 'GroupControls 1.9.0' was restored using '.NETFramework,Version=v4.6.1, .NETFramework,Version=v4.6.2, .NETFramework,Version=v4.7, .NETFramework,Version=v4.7.1, .NETFramework,Version=v4.7.2, .NETFramework,Version=v4.8, .NETFramework,Version=v4.8.1' instead of the project target framework 'net8.0'. This package may not be fully compatible with your project.
C:\Users\ultra\warewolf\Dev\Dev2.CustomControls\Dev2.CustomControls.csproj : warning NU1701: Package 'TaskSchedulerEditor 2.10.1' was restored using '.NETFramework,Version=v4.6.1, .NETFramework,Version=v4.6.2, .NETFramework,Version=v4.7, .NETFramework,Version=v4.7.1, .NETFramework,Version=v4.7.2, .NETFramework,Version=v4.8, .NETFramework,Version=v4.8.1' instead of the project target framework 'net8.0'. This package may not be fully compatible with your project.
C:\Users\ultra\warewolf\Dev\Dev2.Common.Interfaces\Dev2.Common.Interfaces.csproj : warning NU1903: Package 'Microsoft.Windows.Compatibility' 6.0.0 has a known high severity vulnerability, https://github.com/advisories/GHSA-555c-2p6r-68mm
C:\Users\ultra\warewolf\Dev\Dev2.Common.Interfaces\Dev2.Common.Interfaces.csproj : warning NU1701: Package 'AeroWizard 2.3.1' was restored using '.NETFramework,Version=v4.6.1, .NETFramework,Version=v4.6.2, .NETFramework,Version=v4.7, .NETFramework,Version=v4.7.1, .NETFramework,Version=v4.7.2, .NETFramework,Version=v4.8, .NETFramework,Version=v4.8.1' instead of the project target framework 'net8.0'. This package may not be fully compatible with your project.
C:\Users\ultra\warewolf\Dev\Dev2.Common.Interfaces\Dev2.Common.Interfaces.csproj : warning NU1701: Package 'GroupControls 1.9.0' was restored using '.NETFramework,Version=v4.6.1, .NETFramework,Version=v4.6.2, .NETFramework,Version=v4.7, .NETFramework,Version=v4.7.1, .NETFramework,Version=v4.7.2, .NETFramework,Version=v4.8, .NETFramework,Version=v4.8.1' instead of the project target framework 'net8.0'. This package may not be fully compatible with your project.
C:\Users\ultra\warewolf\Dev\Dev2.Common\Dev2.Common.csproj : warning NU1903: Package 'Microsoft.Windows.Compatibility' 6.0.0 has a known high severity vulnerability, https://github.com/advisories/GHSA-555c-2p6r-68mm
C:\Users\ultra\warewolf\Dev\Dev2.Common.Interfaces\Dev2.Common.Interfaces.csproj : warning NU1701: Package 'TaskSchedulerEditor 2.10.1' was restored using '.NETFramework,Version=v4.6.1, .NETFramework,Version=v4.6.2, .NETFramework,Version=v4.7, .NETFramework,Version=v4.7.1, .NETFramework,Version=v4.7.2, .NETFramework,Version=v4.8, .NETFramework,Version=v4.8.1' instead of the project target framework 'net8.0'. This package may not be fully compatible with your project.
C:\Users\ultra\warewolf\Dev\Dev2.Data\Dev2.Data.csproj : warning NU1701: Package 'AeroWizard 2.3.1' was restored using '.NETFramework,Version=v4.6.1, .NETFramework,Version=v4.6.2, .NETFramework,Version=v4.7, .NETFramework,Version=v4.7.1, .NETFramework,Version=v4.7.2, .NETFramework,Version=v4.8, .NETFramework,Version=v4.8.1' instead of the project target framework 'net8.0'. This package may not be fully compatible with your project.
C:\Users\ultra\warewolf\Dev\Dev2.Common\Dev2.Common.csproj : warning NU1701: Package 'AeroWizard 2.3.1' was restored using '.NETFramework,Version=v4.6.1, .NETFramework,Version=v4.6.2, .NETFramework,Version=v4.7, .NETFramework,Version=v4.7.1, .NETFramework,Version=v4.7.2, .NETFramework,Version=v4.8, .NETFramework,Version=v4.8.1' instead of the project target framework 'net8.0'. This package may not be fully compatible with your project.
C:\Users\ultra\warewolf\Dev\Dev2.Data\Dev2.Data.csproj : warning NU1701: Package 'GroupControls 1.9.0' was restored using '.NETFramework,Version=v4.6.1, .NETFramework,Version=v4.6.2, .NETFramework,Version=v4.7, .NETFramework,Version=v4.7.1, .NETFramework,Version=v4.7.2, .NETFramework,Version=v4.8, .NETFramework,Version=v4.8.1' instead of the project target framework 'net8.0'. This package may not be fully compatible with your project.
C:\Users\ultra\warewolf\Dev\Dev2.Common\Dev2.Common.csproj : warning NU1701: Package 'GroupControls 1.9.0' was restored using '.NETFramework,Version=v4.6.1, .NETFramework,Version=v4.6.2, .NETFramework,Version=v4.7, .NETFramework,Version=v4.7.1, .NETFramework,Version=v4.7.2, .NETFramework,Version=v4.8, .NETFramework,Version=v4.8.1' instead of the project target framework 'net8.0'. This package may not be fully compatible with your project.
C:\Users\ultra\warewolf\Dev\Dev2.Data\Dev2.Data.csproj : warning NU1701: Package 'ReactiveUI.WPF 18.4.1' was restored using '.NETFramework,Version=v4.6.1, .NETFramework,Version=v4.6.2, .NETFramework,Version=v4.7, .NETFramework,Version=v4.7.1, .NETFramework,Version=v4.7.2, .NETFramework,Version=v4.8, .NETFramework,Version=v4.8.1' instead of the project target framework 'net8.0'. This package may not be fully compatible with your project.
C:\Users\ultra\warewolf\Dev\Dev2.Common\Dev2.Common.csproj : warning NU1701: Package 'TaskSchedulerEditor 2.10.1' was restored using '.NETFramework,Version=v4.6.1, .NETFramework,Version=v4.6.2, .NETFramework,Version=v4.7, .NETFramework,Version=v4.7.1, .NETFramework,Version=v4.7.2, .NETFramework,Version=v4.8, .NETFramework,Version=v4.8.1' instead of the project target framework 'net8.0'. This package may not be fully compatible with your project.
C:\Users\ultra\warewolf\Dev\Dev2.Data\Dev2.Data.csproj : warning NU1701: Package 'TaskSchedulerEditor 2.10.1' was restored using '.NETFramework,Version=v4.6.1, .NETFramework,Version=v4.6.2, .NETFramework,Version=v4.7, .NETFramework,Version=v4.7.1, .NETFramework,Version=v4.7.2, .NETFramework,Version=v4.8, .NETFramework,Version=v4.8.1' instead of the project target framework 'net8.0'. This package may not be fully compatible with your project.
C:\Users\ultra\warewolf\Dev\Dev2.Activities\Dev2.Activities.csproj : warning NU1903: Package 'Microsoft.Windows.Compatibility' 6.0.0 has a known high severity vulnerability, https://github.com/advisories/GHSA-555c-2p6r-68mm
C:\Users\ultra\warewolf\Dev\Dev2.Activities\Dev2.Activities.csproj : warning NU1701: Package 'AeroWizard 2.3.1' was restored using '.NETFramework,Version=v4.6.1, .NETFramework,Version=v4.6.2, .NETFramework,Version=v4.7, .NETFramework,Version=v4.7.1, .NETFramework,Version=v4.7.2, .NETFramework,Version=v4.8, .NETFramework,Version=v4.8.1' instead of the project target framework 'net8.0'. This package may not be fully compatible with your project.
C:\Users\ultra\warewolf\Dev\Dev2.Activities\Dev2.Activities.csproj : warning NU1701: Package 'GroupControls 1.9.0' was restored using '.NETFramework,Version=v4.6.1, .NETFramework,Version=v4.6.2, .NETFramework,Version=v4.7, .NETFramework,Version=v4.7.1, .NETFramework,Version=v4.7.2, .NETFramework,Version=v4.8, .NETFramework,Version=v4.8.1' instead of the project target framework 'net8.0'. This package may not be fully compatible with your project.
C:\Users\ultra\warewolf\Dev\Dev2.Activities\Dev2.Activities.csproj : warning NU1701: Package 'ReactiveUI.WPF 18.4.1' was restored using '.NETFramework,Version=v4.6.1, .NETFramework,Version=v4.6.2, .NETFramework,Version=v4.7, .NETFramework,Version=v4.7.1, .NETFramework,Version=v4.7.2, .NETFramework,Version=v4.8, .NETFramework,Version=v4.8.1' instead of the project target framework 'net8.0'. This package may not be fully compatible with your project.
C:\Users\ultra\warewolf\Dev\Dev2.Activities\Dev2.Activities.csproj : warning NU1701: Package 'TaskSchedulerEditor 2.10.1' was restored using '.NETFramework,Version=v4.6.1, .NETFramework,Version=v4.6.2, .NETFramework,Version=v4.7, .NETFramework,Version=v4.7.1, .NETFramework,Version=v4.7.2, .NETFramework,Version=v4.8, .NETFramework,Version=v4.8.1' instead of the project target framework 'net8.0'. This package may not be fully compatible with your project.
C:\Users\ultra\warewolf\Dev\Warewolf.Auditing\Warewolf.Auditing.csproj : warning NU1701: Package 'AeroWizard 2.3.1' was restored using '.NETFramework,Version=v4.6.1, .NETFramework,Version=v4.6.2, .NETFramework,Version=v4.7, .NETFramework,Version=v4.7.1, .NETFramework,Version=v4.7.2, .NETFramework,Version=v4.8, .NETFramework,Version=v4.8.1' instead of the project target framework 'net8.0'. This package may not be fully compatible with your project.
C:\Users\ultra\warewolf\Dev\Warewolf.Auditing\Warewolf.Auditing.csproj : warning NU1701: Package 'GroupControls 1.9.0' was restored using '.NETFramework,Version=v4.6.1, .NETFramework,Version=v4.6.2, .NETFramework,Version=v4.7, .NETFramework,Version=v4.7.1, .NETFramework,Version=v4.7.2, .NETFramework,Version=v4.8, .NETFramework,Version=v4.8.1' instead of the project target framework 'net8.0'. This package may not be fully compatible with your project.
C:\Users\ultra\warewolf\Dev\Warewolf.Auditing\Warewolf.Auditing.csproj : warning NU1701: Package 'ReactiveUI.WPF 18.4.1' was restored using '.NETFramework,Version=v4.6.1, .NETFramework,Version=v4.6.2, .NETFramework,Version=v4.7, .NETFramework,Version=v4.7.1, .NETFramework,Version=v4.7.2, .NETFramework,Version=v4.8, .NETFramework,Version=v4.8.1' instead of the project target framework 'net8.0'. This package may not be fully compatible with your project.
C:\Users\ultra\warewolf\Dev\Warewolf.Auditing\Warewolf.Auditing.csproj : warning NU1701: Package 'TaskSchedulerEditor 2.10.1' was restored using '.NETFramework,Version=v4.6.1, .NETFramework,Version=v4.6.2, .NETFramework,Version=v4.7, .NETFramework,Version=v4.7.1, .NETFramework,Version=v4.7.2, .NETFramework,Version=v4.8, .NETFramework,Version=v4.8.1' instead of the project target framework 'net8.0'. This package may not be fully compatible with your project.
C:\Users\ultra\warewolf\Dev\Warewolf.Language.Parser\Warewolf.Language.Parser.fsproj : warning NU1504: Duplicate 'PackageReference' items found. Remove the duplicate items or use the Update functionality to ensure a consistent restore behavior. The duplicate 'PackageReference' items are: FSharp.Core 10.1.201, FSharp.Core 4.6.2.
C:\Users\ultra\warewolf\Dev\Dev2.Runtime.WebServer\Dev2.Runtime.WebServer.csproj : warning NU1902: Package 'System.IdentityModel.Tokens.Jwt' 5.1.0 has a known moderate severity vulnerability, https://github.com/advisories/GHSA-59j7-ghrg-fj52
C:\Users\ultra\warewolf\Dev\Dev2.Runtime.WebServer\Dev2.Runtime.WebServer.csproj : warning NU1701: Package 'AeroWizard 2.3.1' was restored using '.NETFramework,Version=v4.6.1, .NETFramework,Version=v4.6.2, .NETFramework,Version=v4.7, .NETFramework,Version=v4.7.1, .NETFramework,Version=v4.7.2, .NETFramework,Version=v4.8, .NETFramework,Version=v4.8.1' instead of the project target framework 'net8.0'. This package may not be fully compatible with your project.
C:\Users\ultra\warewolf\Dev\Dev2.Runtime.WebServer\Dev2.Runtime.WebServer.csproj : warning NU1701: Package 'GroupControls 1.9.0' was restored using '.NETFramework,Version=v4.6.1, .NETFramework,Version=v4.6.2, .NETFramework,Version=v4.7, .NETFramework,Version=v4.7.1, .NETFramework,Version=v4.7.2, .NETFramework,Version=v4.8, .NETFramework,Version=v4.8.1' instead of the project target framework 'net8.0'. This package may not be fully compatible with your project.
C:\Users\ultra\warewolf\Dev\Dev2.Runtime.WebServer\Dev2.Runtime.WebServer.csproj : warning NU1701: Package 'Microsoft.Xaml.Behaviors.Wpf 1.1.122' was restored using '.NETFramework,Version=v4.6.1, .NETFramework,Version=v4.6.2, .NETFramework,Version=v4.7, .NETFramework,Version=v4.7.1, .NETFramework,Version=v4.7.2, .NETFramework,Version=v4.8, .NETFramework,Version=v4.8.1' instead of the project target framework 'net8.0'. This package may not be fully compatible with your project.
C:\Users\ultra\warewolf\Dev\Dev2.Runtime.WebServer\Dev2.Runtime.WebServer.csproj : warning NU1701: Package 'Prism.Wpf 9.0.537' was restored using '.NETFramework,Version=v4.6.1, .NETFramework,Version=v4.6.2, .NETFramework,Version=v4.7, .NETFramework,Version=v4.7.1, .NETFramework,Version=v4.7.2, .NETFramework,Version=v4.8, .NETFramework,Version=v4.8.1' instead of the project target framework 'net8.0'. This package may not be fully compatible with your project.
C:\Users\ultra\warewolf\Dev\Dev2.Runtime.WebServer\Dev2.Runtime.WebServer.csproj : warning NU1701: Package 'ReactiveUI.WPF 18.4.1' was restored using '.NETFramework,Version=v4.6.1, .NETFramework,Version=v4.6.2, .NETFramework,Version=v4.7, .NETFramework,Version=v4.7.1, .NETFramework,Version=v4.7.2, .NETFramework,Version=v4.8, .NETFramework,Version=v4.8.1' instead of the project target framework 'net8.0'. This package may not be fully compatible with your project.
C:\Users\ultra\warewolf\Dev\Dev2.Runtime.WebServer\Dev2.Runtime.WebServer.csproj : warning NU1701: Package 'TaskSchedulerEditor 2.10.1' was restored using '.NETFramework,Version=v4.6.1, .NETFramework,Version=v4.6.2, .NETFramework,Version=v4.7, .NETFramework,Version=v4.7.1, .NETFramework,Version=v4.7.2, .NETFramework,Version=v4.8, .NETFramework,Version=v4.8.1' instead of the project target framework 'net8.0'. This package may not be fully compatible with your project.
C:\Users\ultra\warewolf\Dev\Dev2.Runtime.Services\Dev2.Runtime.Services.csproj : warning NU1902: Package 'MessagePack' 2.4.59 has a known moderate severity vulnerability, https://github.com/advisories/GHSA-4qm4-8hg2-g2xm
C:\Users\ultra\warewolf\Dev\Dev2.Runtime.Services\Dev2.Runtime.Services.csproj : warning NU1903: Package 'Microsoft.Windows.Compatibility' 6.0.0 has a known high severity vulnerability, https://github.com/advisories/GHSA-555c-2p6r-68mm
C:\Users\ultra\warewolf\Dev\Dev2.Runtime.Services\Dev2.Runtime.Services.csproj : warning NU1701: Package 'AeroWizard 2.3.1' was restored using '.NETFramework,Version=v4.6.1, .NETFramework,Version=v4.6.2, .NETFramework,Version=v4.7, .NETFramework,Version=v4.7.1, .NETFramework,Version=v4.7.2, .NETFramework,Version=v4.8, .NETFramework,Version=v4.8.1' instead of the project target framework 'net8.0'. This package may not be fully compatible with your project.
C:\Users\ultra\warewolf\Dev\Dev2.Runtime.Services\Dev2.Runtime.Services.csproj : warning NU1701: Package 'GroupControls 1.9.0' was restored using '.NETFramework,Version=v4.6.1, .NETFramework,Version=v4.6.2, .NETFramework,Version=v4.7, .NETFramework,Version=v4.7.1, .NETFramework,Version=v4.7.2, .NETFramework,Version=v4.8, .NETFramework,Version=v4.8.1' instead of the project target framework 'net8.0'. This package may not be fully compatible with your project.
C:\Users\ultra\warewolf\Dev\Dev2.Runtime.Services\Dev2.Runtime.Services.csproj : warning NU1701: Package 'ReactiveUI.WPF 18.4.1' was restored using '.NETFramework,Version=v4.6.1, .NETFramework,Version=v4.6.2, .NETFramework,Version=v4.7, .NETFramework,Version=v4.7.1, .NETFramework,Version=v4.7.2, .NETFramework,Version=v4.8, .NETFramework,Version=v4.8.1' instead of the project target framework 'net8.0'. This package may not be fully compatible with your project.
C:\Users\ultra\warewolf\Dev\Dev2.Runtime.Services\Dev2.Runtime.Services.csproj : warning NU1701: Package 'TaskSchedulerEditor 2.10.1' was restored using '.NETFramework,Version=v4.6.1, .NETFramework,Version=v4.6.2, .NETFramework,Version=v4.7, .NETFramework,Version=v4.7.1, .NETFramework,Version=v4.7.2, .NETFramework,Version=v4.8, .NETFramework,Version=v4.8.1' instead of the project target framework 'net8.0'. This package may not be fully compatible with your project.
C:\Users\ultra\warewolf\Dev\Dev2.Infrastructure.Tests\Dev2.Infrastructure.Tests.csproj : warning NU1701: Package 'AeroWizard 2.3.1' was restored using '.NETFramework,Version=v4.6.1, .NETFramework,Version=v4.6.2, .NETFramework,Version=v4.7, .NETFramework,Version=v4.7.1, .NETFramework,Version=v4.7.2, .NETFramework,Version=v4.8, .NETFramework,Version=v4.8.1' instead of the project target framework 'net8.0'. This package may not be fully compatible with your project.
C:\Users\ultra\warewolf\Dev\Dev2.Infrastructure.Tests\Dev2.Infrastructure.Tests.csproj : warning NU1701: Package 'GroupControls 1.9.0' was restored using '.NETFramework,Version=v4.6.1, .NETFramework,Version=v4.6.2, .NETFramework,Version=v4.7, .NETFramework,Version=v4.7.1, .NETFramework,Version=v4.7.2, .NETFramework,Version=v4.8, .NETFramework,Version=v4.8.1' instead of the project target framework 'net8.0'. This package may not be fully compatible with your project.
C:\Users\ultra\warewolf\Dev\Dev2.Infrastructure.Tests\Dev2.Infrastructure.Tests.csproj : warning NU1701: Package 'Microsoft.Xaml.Behaviors.Wpf 1.1.122' was restored using '.NETFramework,Version=v4.6.1, .NETFramework,Version=v4.6.2, .NETFramework,Version=v4.7, .NETFramework,Version=v4.7.1, .NETFramework,Version=v4.7.2, .NETFramework,Version=v4.8, .NETFramework,Version=v4.8.1' instead of the project target framework 'net8.0'. This package may not be fully compatible with your project.
C:\Users\ultra\warewolf\Dev\Dev2.Infrastructure.Tests\Dev2.Infrastructure.Tests.csproj : warning NU1701: Package 'Prism.Wpf 9.0.537' was restored using '.NETFramework,Version=v4.6.1, .NETFramework,Version=v4.6.2, .NETFramework,Version=v4.7, .NETFramework,Version=v4.7.1, .NETFramework,Version=v4.7.2, .NETFramework,Version=v4.8, .NETFramework,Version=v4.8.1' instead of the project target framework 'net8.0'. This package may not be fully compatible with your project.
C:\Users\ultra\warewolf\Dev\Dev2.Infrastructure.Tests\Dev2.Infrastructure.Tests.csproj : warning NU1701: Package 'ReactiveUI.WPF 18.4.1' was restored using '.NETFramework,Version=v4.6.1, .NETFramework,Version=v4.6.2, .NETFramework,Version=v4.7, .NETFramework,Version=v4.7.1, .NETFramework,Version=v4.7.2, .NETFramework,Version=v4.8, .NETFramework,Version=v4.8.1' instead of the project target framework 'net8.0'. This package may not be fully compatible with your project.
C:\Users\ultra\warewolf\Dev\Dev2.Infrastructure.Tests\Dev2.Infrastructure.Tests.csproj : warning NU1701: Package 'TaskSchedulerEditor 2.10.1' was restored using '.NETFramework,Version=v4.6.1, .NETFramework,Version=v4.6.2, .NETFramework,Version=v4.7, .NETFramework,Version=v4.7.1, .NETFramework,Version=v4.7.2, .NETFramework,Version=v4.8, .NETFramework,Version=v4.8.1' instead of the project target framework 'net8.0'. This package may not be fully compatible with your project.
  Dev2.Net6.Compatibility -> C:\Users\ultra\warewolf\Dev\Dev2.Net6.Compatibility\bin\Debug\net8.0\Dev2.Net6.Compatibility.dll
C:\Users\ultra\warewolf\Dev\Warewolf.Storage.Interfaces\Warewolf.Storage.Interfaces.csproj : warning NU1701: Package 'AeroWizard 2.3.1' was restored using '.NETFramework,Version=v4.6.1, .NETFramework,Version=v4.6.2, .NETFramework,Version=v4.7, .NETFramework,Version=v4.7.1, .NETFramework,Version=v4.7.2, .NETFramework,Version=v4.8, .NETFramework,Version=v4.8.1' instead of the project target framework 'net8.0'. This package may not be fully compatible with your project.
C:\Users\ultra\warewolf\Dev\Warewolf.Storage.Interfaces\Warewolf.Storage.Interfaces.csproj : warning NU1701: Package 'GroupControls 1.9.0' was restored using '.NETFramework,Version=v4.6.1, .NETFramework,Version=v4.6.2, .NETFramework,Version=v4.7, .NETFramework,Version=v4.7.1, .NETFramework,Version=v4.7.2, .NETFramework,Version=v4.8, .NETFramework,Version=v4.8.1' instead of the project target framework 'net8.0'. This package may not be fully compatible with your project.
C:\Users\ultra\warewolf\Dev\Warewolf.Storage.Interfaces\Warewolf.Storage.Interfaces.csproj : warning NU1701: Package 'TaskSchedulerEditor 2.10.1' was restored using '.NETFramework,Version=v4.6.1, .NETFramework,Version=v4.6.2, .NETFramework,Version=v4.7, .NETFramework,Version=v4.7.1, .NETFramework,Version=v4.7.2, .NETFramework,Version=v4.8, .NETFramework,Version=v4.8.1' instead of the project target framework 'net8.0'. This package may not be fully compatible with your project.
C:\Users\ultra\warewolf\Dev\Dev2.Infrastructure\Dev2.Infrastructure.csproj : warning NU1903: Package 'Microsoft.Windows.Compatibility' 6.0.0 has a known high severity vulnerability, https://github.com/advisories/GHSA-555c-2p6r-68mm
C:\Users\ultra\warewolf\Dev\Dev2.Infrastructure\Dev2.Infrastructure.csproj : warning NU1701: Package 'AeroWizard 2.3.1' was restored using '.NETFramework,Version=v4.6.1, .NETFramework,Version=v4.6.2, .NETFramework,Version=v4.7, .NETFramework,Version=v4.7.1, .NETFramework,Version=v4.7.2, .NETFramework,Version=v4.8, .NETFramework,Version=v4.8.1' instead of the project target framework 'net8.0'. This package may not be fully compatible with your project.
C:\Users\ultra\warewolf\Dev\Warewolf.Sharepoint\Warewolf.Sharepoint.csproj : warning NU1701: Package 'AeroWizard 2.3.1' was restored using '.NETFramework,Version=v4.6.1, .NETFramework,Version=v4.6.2, .NETFramework,Version=v4.7, .NETFramework,Version=v4.7.1, .NETFramework,Version=v4.7.2, .NETFramework,Version=v4.8, .NETFramework,Version=v4.8.1' instead of the project target framework 'net8.0'. This package may not be fully compatible with your project.
C:\Users\ultra\warewolf\Dev\Warewolf.Sharepoint\Warewolf.Sharepoint.csproj : warning NU1701: Package 'GroupControls 1.9.0' was restored using '.NETFramework,Version=v4.6.1, .NETFramework,Version=v4.6.2, .NETFramework,Version=v4.7, .NETFramework,Version=v4.7.1, .NETFramework,Version=v4.7.2, .NETFramework,Version=v4.8, .NETFramework,Version=v4.8.1' instead of the project target framework 'net8.0'. This package may not be fully compatible with your project.
C:\Users\ultra\warewolf\Dev\Warewolf.Sharepoint\Warewolf.Sharepoint.csproj : warning NU1701: Package 'ReactiveUI.WPF 18.4.1' was restored using '.NETFramework,Version=v4.6.1, .NETFramework,Version=v4.6.2, .NETFramework,Version=v4.7, .NETFramework,Version=v4.7.1, .NETFramework,Version=v4.7.2, .NETFramework,Version=v4.8, .NETFramework,Version=v4.8.1' instead of the project target framework 'net8.0'. This package may not be fully compatible with your project.
C:\Users\ultra\warewolf\Dev\Warewolf.Sharepoint\Warewolf.Sharepoint.csproj : warning NU1701: Package 'TaskSchedulerEditor 2.10.1' was restored using '.NETFramework,Version=v4.6.1, .NETFramework,Version=v4.6.2, .NETFramework,Version=v4.7, .NETFramework,Version=v4.7.1, .NETFramework,Version=v4.7.2, .NETFramework,Version=v4.8, .NETFramework,Version=v4.8.1' instead of the project target framework 'net8.0'. This package may not be fully compatible with your project.
C:\Users\ultra\warewolf\Dev\Dev2.Infrastructure\Dev2.Infrastructure.csproj : warning NU1701: Package 'GroupControls 1.9.0' was restored using '.NETFramework,Version=v4.6.1, .NETFramework,Version=v4.6.2, .NETFramework,Version=v4.7, .NETFramework,Version=v4.7.1, .NETFramework,Version=v4.7.2, .NETFramework,Version=v4.8, .NETFramework,Version=v4.8.1' instead of the project target framework 'net8.0'. This package may not be fully compatible with your project.
C:\Users\ultra\warewolf\Dev\Dev2.Infrastructure\Dev2.Infrastructure.csproj : warning NU1701: Package 'ReactiveUI.WPF 18.4.1' was restored using '.NETFramework,Version=v4.6.1, .NETFramework,Version=v4.6.2, .NETFramework,Version=v4.7, .NETFramework,Version=v4.7.1, .NETFramework,Version=v4.7.2, .NETFramework,Version=v4.8, .NETFramework,Version=v4.8.1' instead of the project target framework 'net8.0'. This package may not be fully compatible with your project.
C:\Users\ultra\warewolf\Dev\Dev2.Infrastructure\Dev2.Infrastructure.csproj : warning NU1701: Package 'TaskSchedulerEditor 2.10.1' was restored using '.NETFramework,Version=v4.6.1, .NETFramework,Version=v4.6.2, .NETFramework,Version=v4.7, .NETFramework,Version=v4.7.1, .NETFramework,Version=v4.7.2, .NETFramework,Version=v4.8, .NETFramework,Version=v4.8.1' instead of the project target framework 'net8.0'. This package may not be fully compatible with your project.
C:\Users\ultra\warewolf\Dev\Warewolf.Security\Warewolf.Security.csproj : warning NU1904: Package 'System.Drawing.Common' 4.5.1 has a known critical severity vulnerability, https://github.com/advisories/GHSA-rxg9-xrhp-64gj
C:\Users\ultra\warewolf\Dev\Dev2.SignalR.Wrappers.New\Dev2.SignalR.Wrappers.New.csproj : warning NU1701: Package 'AeroWizard 2.3.1' was restored using '.NETFramework,Version=v4.6.1, .NETFramework,Version=v4.6.2, .NETFramework,Version=v4.7, .NETFramework,Version=v4.7.1, .NETFramework,Version=v4.7.2, .NETFramework,Version=v4.8, .NETFramework,Version=v4.8.1' instead of the project target framework 'net8.0'. This package may not be fully compatible with your project.
C:\Users\ultra\warewolf\Dev\Warewolf.Data\Warewolf.Data.csproj : warning NU1701: Package 'AeroWizard 2.3.1' was restored using '.NETFramework,Version=v4.6.1, .NETFramework,Version=v4.6.2, .NETFramework,Version=v4.7, .NETFramework,Version=v4.7.1, .NETFramework,Version=v4.7.2, .NETFramework,Version=v4.8, .NETFramework,Version=v4.8.1' instead of the project target framework 'net8.0'. This package may not be fully compatible with your project.
C:\Users\ultra\warewolf\Dev\Warewolf.Data\Warewolf.Data.csproj : warning NU1701: Package 'GroupControls 1.9.0' was restored using '.NETFramework,Version=v4.6.1, .NETFramework,Version=v4.6.2, .NETFramework,Version=v4.7, .NETFramework,Version=v4.7.1, .NETFramework,Version=v4.7.2, .NETFramework,Version=v4.8, .NETFramework,Version=v4.8.1' instead of the project target framework 'net8.0'. This package may not be fully compatible with your project.
C:\Users\ultra\warewolf\Dev\Warewolf.Data\Warewolf.Data.csproj : warning NU1701: Package 'TaskSchedulerEditor 2.10.1' was restored using '.NETFramework,Version=v4.6.1, .NETFramework,Version=v4.6.2, .NETFramework,Version=v4.7, .NETFramework,Version=v4.7.1, .NETFramework,Version=v4.7.2, .NETFramework,Version=v4.8, .NETFramework,Version=v4.8.1' instead of the project target framework 'net8.0'. This package may not be fully compatible with your project.
C:\Users\ultra\warewolf\Dev\Dev2.SignalR.Wrappers.New\Dev2.SignalR.Wrappers.New.csproj : warning NU1701: Package 'GroupControls 1.9.0' was restored using '.NETFramework,Version=v4.6.1, .NETFramework,Version=v4.6.2, .NETFramework,Version=v4.7, .NETFramework,Version=v4.7.1, .NETFramework,Version=v4.7.2, .NETFramework,Version=v4.8, .NETFramework,Version=v4.8.1' instead of the project target framework 'net8.0'. This package may not be fully compatible with your project.
C:\Users\ultra\warewolf\Dev\Dev2.SignalR.Wrappers.New\Dev2.SignalR.Wrappers.New.csproj : warning NU1701: Package 'ReactiveUI.WPF 18.4.1' was restored using '.NETFramework,Version=v4.6.1, .NETFramework,Version=v4.6.2, .NETFramework,Version=v4.7, .NETFramework,Version=v4.7.1, .NETFramework,Version=v4.7.2, .NETFramework,Version=v4.8, .NETFramework,Version=v4.8.1' instead of the project target framework 'net8.0'. This package may not be fully compatible with your project.
C:\Users\ultra\warewolf\Dev\Dev2.SignalR.Wrappers.New\Dev2.SignalR.Wrappers.New.csproj : warning NU1701: Package 'TaskSchedulerEditor 2.10.1' was restored using '.NETFramework,Version=v4.6.1, .NETFramework,Version=v4.6.2, .NETFramework,Version=v4.7, .NETFramework,Version=v4.7.1, .NETFramework,Version=v4.7.2, .NETFramework,Version=v4.8, .NETFramework,Version=v4.8.1' instead of the project target framework 'net8.0'. This package may not be fully compatible with your project.
C:\Users\ultra\warewolf\Dev\Dev2.Studio.Interfaces\Dev2.Studio.Interfaces.csproj : warning NU1701: Package 'AeroWizard 2.3.1' was restored using '.NETFramework,Version=v4.6.1, .NETFramework,Version=v4.6.2, .NETFramework,Version=v4.7, .NETFramework,Version=v4.7.1, .NETFramework,Version=v4.7.2, .NETFramework,Version=v4.8, .NETFramework,Version=v4.8.1' instead of the project target framework 'net8.0'. This package may not be fully compatible with your project.
C:\Users\ultra\warewolf\Dev\Dev2.Studio.Interfaces\Dev2.Studio.Interfaces.csproj : warning NU1701: Package 'GroupControls 1.9.0' was restored using '.NETFramework,Version=v4.6.1, .NETFramework,Version=v4.6.2, .NETFramework,Version=v4.7, .NETFramework,Version=v4.7.1, .NETFramework,Version=v4.7.2, .NETFramework,Version=v4.8, .NETFramework,Version=v4.8.1' instead of the project target framework 'net8.0'. This package may not be fully compatible with your project.
C:\Users\ultra\warewolf\Dev\Dev2.Studio.Interfaces\Dev2.Studio.Interfaces.csproj : warning NU1701: Package 'Microsoft.Xaml.Behaviors.Wpf 1.1.122' was restored using '.NETFramework,Version=v4.6.1, .NETFramework,Version=v4.6.2, .NETFramework,Version=v4.7, .NETFramework,Version=v4.7.1, .NETFramework,Version=v4.7.2, .NETFramework,Version=v4.8, .NETFramework,Version=v4.8.1' instead of the project target framework 'net8.0'. This package may not be fully compatible with your project.
C:\Users\ultra\warewolf\Dev\Dev2.Studio.Interfaces\Dev2.Studio.Interfaces.csproj : warning NU1701: Package 'Prism.Wpf 9.0.537' was restored using '.NETFramework,Version=v4.6.1, .NETFramework,Version=v4.6.2, .NETFramework,Version=v4.7, .NETFramework,Version=v4.7.1, .NETFramework,Version=v4.7.2, .NETFramework,Version=v4.8, .NETFramework,Version=v4.8.1' instead of the project target framework 'net8.0'. This package may not be fully compatible with your project.
C:\Users\ultra\warewolf\Dev\Dev2.Studio.Interfaces\Dev2.Studio.Interfaces.csproj : warning NU1701: Package 'ReactiveUI.WPF 18.4.1' was restored using '.NETFramework,Version=v4.6.1, .NETFramework,Version=v4.6.2, .NETFramework,Version=v4.7, .NETFramework,Version=v4.7.1, .NETFramework,Version=v4.7.2, .NETFramework,Version=v4.8, .NETFramework,Version=v4.8.1' instead of the project target framework 'net8.0'. This package may not be fully compatible with your project.
C:\Users\ultra\warewolf\Dev\Dev2.Studio.Interfaces\Dev2.Studio.Interfaces.csproj : warning NU1701: Package 'TaskSchedulerEditor 2.10.1' was restored using '.NETFramework,Version=v4.6.1, .NETFramework,Version=v4.6.2, .NETFramework,Version=v4.7, .NETFramework,Version=v4.7.1, .NETFramework,Version=v4.7.2, .NETFramework,Version=v4.8, .NETFramework,Version=v4.8.1' instead of the project target framework 'net8.0'. This package may not be fully compatible with your project.
C:\Users\ultra\warewolf\Dev\Warewolf.Storage\Warewolf.Storage.csproj : warning NU1701: Package 'AeroWizard 2.3.1' was restored using '.NETFramework,Version=v4.6.1, .NETFramework,Version=v4.6.2, .NETFramework,Version=v4.7, .NETFramework,Version=v4.7.1, .NETFramework,Version=v4.7.2, .NETFramework,Version=v4.8, .NETFramework,Version=v4.8.1' instead of the project target framework 'net8.0'. This package may not be fully compatible with your project.
C:\Users\ultra\warewolf\Dev\Warewolf.Storage\Warewolf.Storage.csproj : warning NU1701: Package 'GroupControls 1.9.0' was restored using '.NETFramework,Version=v4.6.1, .NETFramework,Version=v4.6.2, .NETFramework,Version=v4.7, .NETFramework,Version=v4.7.1, .NETFramework,Version=v4.7.2, .NETFramework,Version=v4.8, .NETFramework,Version=v4.8.1' instead of the project target framework 'net8.0'. This package may not be fully compatible with your project.
C:\Users\ultra\warewolf\Dev\Warewolf.Storage\Warewolf.Storage.csproj : warning NU1701: Package 'ReactiveUI.WPF 18.4.1' was restored using '.NETFramework,Version=v4.6.1, .NETFramework,Version=v4.6.2, .NETFramework,Version=v4.7, .NETFramework,Version=v4.7.1, .NETFramework,Version=v4.7.2, .NETFramework,Version=v4.8, .NETFramework,Version=v4.8.1' instead of the project target framework 'net8.0'. This package may not be fully compatible with your project.
C:\Users\ultra\warewolf\Dev\Warewolf.Storage\Warewolf.Storage.csproj : warning NU1701: Package 'TaskSchedulerEditor 2.10.1' was restored using '.NETFramework,Version=v4.6.1, .NETFramework,Version=v4.6.2, .NETFramework,Version=v4.7, .NETFramework,Version=v4.7.1, .NETFramework,Version=v4.7.2, .NETFramework,Version=v4.8, .NETFramework,Version=v4.8.1' instead of the project target framework 'net8.0'. This package may not be fully compatible with your project.
C:\Users\ultra\warewolf\Dev\Warewolf.Common\Warewolf.Common.csproj : warning NU1701: Package 'AeroWizard 2.3.1' was restored using '.NETFramework,Version=v4.6.1, .NETFramework,Version=v4.6.2, .NETFramework,Version=v4.7, .NETFramework,Version=v4.7.1, .NETFramework,Version=v4.7.2, .NETFramework,Version=v4.8, .NETFramework,Version=v4.8.1' instead of the project target framework 'net8.0'. This package may not be fully compatible with your project.
C:\Users\ultra\warewolf\Dev\Warewolf.Common\Warewolf.Common.csproj : warning NU1701: Package 'GroupControls 1.9.0' was restored using '.NETFramework,Version=v4.6.1, .NETFramework,Version=v4.6.2, .NETFramework,Version=v4.7, .NETFramework,Version=v4.7.1, .NETFramework,Version=v4.7.2, .NETFramework,Version=v4.8, .NETFramework,Version=v4.8.1' instead of the project target framework 'net8.0'. This package may not be fully compatible with your project.
C:\Users\ultra\warewolf\Dev\Warewolf.Common\Warewolf.Common.csproj : warning NU1701: Package 'TaskSchedulerEditor 2.10.1' was restored using '.NETFramework,Version=v4.6.1, .NETFramework,Version=v4.6.2, .NETFramework,Version=v4.7, .NETFramework,Version=v4.7.1, .NETFramework,Version=v4.7.2, .NETFramework,Version=v4.8, .NETFramework,Version=v4.8.1' instead of the project target framework 'net8.0'. This package may not be fully compatible with your project.
C:\Users\ultra\warewolf\Dev\Dev2.Scheduler\Dev2.Scheduler.csproj : warning NU1701: Package 'AeroWizard 2.3.1' was restored using '.NETFramework,Version=v4.6.1, .NETFramework,Version=v4.6.2, .NETFramework,Version=v4.7, .NETFramework,Version=v4.7.1, .NETFramework,Version=v4.7.2, .NETFramework,Version=v4.8, .NETFramework,Version=v4.8.1' instead of the project target framework 'net8.0'. This package may not be fully compatible with your project.
C:\Users\ultra\warewolf\Dev\Dev2.Scheduler\Dev2.Scheduler.csproj : warning NU1701: Package 'GroupControls 1.9.0' was restored using '.NETFramework,Version=v4.6.1, .NETFramework,Version=v4.6.2, .NETFramework,Version=v4.7, .NETFramework,Version=v4.7.1, .NETFramework,Version=v4.7.2, .NETFramework,Version=v4.8, .NETFramework,Version=v4.8.1' instead of the project target framework 'net8.0'. This package may not be fully compatible with your project.
C:\Users\ultra\warewolf\Dev\Dev2.Scheduler\Dev2.Scheduler.csproj : warning NU1701: Package 'ReactiveUI.WPF 18.4.1' was restored using '.NETFramework,Version=v4.6.1, .NETFramework,Version=v4.6.2, .NETFramework,Version=v4.7, .NETFramework,Version=v4.7.1, .NETFramework,Version=v4.7.2, .NETFramework,Version=v4.8, .NETFramework,Version=v4.8.1' instead of the project target framework 'net8.0'. This package may not be fully compatible with your project.
C:\Users\ultra\warewolf\Dev\Dev2.Scheduler\Dev2.Scheduler.csproj : warning NU1701: Package 'TaskSchedulerEditor 2.10.1' was restored using '.NETFramework,Version=v4.6.1, .NETFramework,Version=v4.6.2, .NETFramework,Version=v4.7, .NETFramework,Version=v4.7.1, .NETFramework,Version=v4.7.2, .NETFramework,Version=v4.8, .NETFramework,Version=v4.8.1' instead of the project target framework 'net8.0'. This package may not be fully compatible with your project.
C:\Users\ultra\warewolf\Dev\Warewolf.Common.NetStandard20\Warewolf.Common.NetStandard20.csproj : warning NU1701: Package 'AeroWizard 2.3.1' was restored using '.NETFramework,Version=v4.6.1, .NETFramework,Version=v4.6.2, .NETFramework,Version=v4.7, .NETFramework,Version=v4.7.1, .NETFramework,Version=v4.7.2, .NETFramework,Version=v4.8, .NETFramework,Version=v4.8.1' instead of the project target framework 'net8.0'. This package may not be fully compatible with your project.
C:\Users\ultra\warewolf\Dev\Warewolf.Common.NetStandard20\Warewolf.Common.NetStandard20.csproj : warning NU1701: Package 'GroupControls 1.9.0' was restored using '.NETFramework,Version=v4.6.1, .NETFramework,Version=v4.6.2, .NETFramework,Version=v4.7, .NETFramework,Version=v4.7.1, .NETFramework,Version=v4.7.2, .NETFramework,Version=v4.8, .NETFramework,Version=v4.8.1' instead of the project target framework 'net8.0'. This package may not be fully compatible with your project.
C:\Users\ultra\warewolf\Dev\Warewolf.Common.NetStandard20\Warewolf.Common.NetStandard20.csproj : warning NU1701: Package 'ReactiveUI.WPF 18.4.1' was restored using '.NETFramework,Version=v4.6.1, .NETFramework,Version=v4.6.2, .NETFramework,Version=v4.7, .NETFramework,Version=v4.7.1, .NETFramework,Version=v4.7.2, .NETFramework,Version=v4.8, .NETFramework,Version=v4.8.1' instead of the project target framework 'net8.0'. This package may not be fully compatible with your project.
C:\Users\ultra\warewolf\Dev\Warewolf.Common.NetStandard20\Warewolf.Common.NetStandard20.csproj : warning NU1701: Package 'TaskSchedulerEditor 2.10.1' was restored using '.NETFramework,Version=v4.6.1, .NETFramework,Version=v4.6.2, .NETFramework,Version=v4.7, .NETFramework,Version=v4.7.1, .NETFramework,Version=v4.7.2, .NETFramework,Version=v4.8, .NETFramework,Version=v4.8.1' instead of the project target framework 'net8.0'. This package may not be fully compatible with your project.
C:\Users\ultra\warewolf\Dev\Dev2.Runtime\Dev2.Runtime.csproj : warning NU1903: Package 'Microsoft.Windows.Compatibility' 6.0.0 has a known high severity vulnerability, https://github.com/advisories/GHSA-555c-2p6r-68mm
C:\Users\ultra\warewolf\Dev\Dev2.Runtime\Dev2.Runtime.csproj : warning NU1701: Package 'AeroWizard 2.3.1' was restored using '.NETFramework,Version=v4.6.1, .NETFramework,Version=v4.6.2, .NETFramework,Version=v4.7, .NETFramework,Version=v4.7.1, .NETFramework,Version=v4.7.2, .NETFramework,Version=v4.8, .NETFramework,Version=v4.8.1' instead of the project target framework 'net8.0'. This package may not be fully compatible with your project.
C:\Users\ultra\warewolf\Dev\Dev2.Runtime\Dev2.Runtime.csproj : warning NU1701: Package 'GroupControls 1.9.0' was restored using '.NETFramework,Version=v4.6.1, .NETFramework,Version=v4.6.2, .NETFramework,Version=v4.7, .NETFramework,Version=v4.7.1, .NETFramework,Version=v4.7.2, .NETFramework,Version=v4.8, .NETFramework,Version=v4.8.1' instead of the project target framework 'net8.0'. This package may not be fully compatible with your project.
C:\Users\ultra\warewolf\Dev\Dev2.Runtime\Dev2.Runtime.csproj : warning NU1701: Package 'ReactiveUI.WPF 18.4.1' was restored using '.NETFramework,Version=v4.6.1, .NETFramework,Version=v4.6.2, .NETFramework,Version=v4.7, .NETFramework,Version=v4.7.1, .NETFramework,Version=v4.7.2, .NETFramework,Version=v4.8, .NETFramework,Version=v4.8.1' instead of the project target framework 'net8.0'. This package may not be fully compatible with your project.
C:\Users\ultra\warewolf\Dev\Dev2.Runtime\Dev2.Runtime.csproj : warning NU1701: Package 'TaskSchedulerEditor 2.10.1' was restored using '.NETFramework,Version=v4.6.1, .NETFramework,Version=v4.6.2, .NETFramework,Version=v4.7, .NETFramework,Version=v4.7.1, .NETFramework,Version=v4.7.2, .NETFramework,Version=v4.8, .NETFramework,Version=v4.8.1' instead of the project target framework 'net8.0'. This package may not be fully compatible with your project.
C:\Users\ultra\warewolf\Dev\Warewolf.Exchange.Email.Wrapper\Warewolf.Exchange.Email.Wrapper.csproj : warning NU1701: Package 'AeroWizard 2.3.1' was restored using '.NETFramework,Version=v4.6.1, .NETFramework,Version=v4.6.2, .NETFramework,Version=v4.7, .NETFramework,Version=v4.7.1, .NETFramework,Version=v4.7.2, .NETFramework,Version=v4.8, .NETFramework,Version=v4.8.1' instead of the project target framework 'net8.0'. This package may not be fully compatible with your project.
C:\Users\ultra\warewolf\Dev\Warewolf.Exchange.Email.Wrapper\Warewolf.Exchange.Email.Wrapper.csproj : warning NU1701: Package 'GroupControls 1.9.0' was restored using '.NETFramework,Version=v4.6.1, .NETFramework,Version=v4.6.2, .NETFramework,Version=v4.7, .NETFramework,Version=v4.7.1, .NETFramework,Version=v4.7.2, .NETFramework,Version=v4.8, .NETFramework,Version=v4.8.1' instead of the project target framework 'net8.0'. This package may not be fully compatible with your project.
C:\Users\ultra\warewolf\Dev\Dev2.Util\Dev2.Util.csproj : warning NU1903: Package 'Microsoft.Windows.Compatibility' 6.0.0 has a known high severity vulnerability, https://github.com/advisories/GHSA-555c-2p6r-68mm
C:\Users\ultra\warewolf\Dev\Dev2.Util\Dev2.Util.csproj : warning NU1701: Package 'AeroWizard 2.3.1' was restored using '.NETFramework,Version=v4.6.1, .NETFramework,Version=v4.6.2, .NETFramework,Version=v4.7, .NETFramework,Version=v4.7.1, .NETFramework,Version=v4.7.2, .NETFramework,Version=v4.8, .NETFramework,Version=v4.8.1' instead of the project target framework 'net8.0'. This package may not be fully compatible with your project.
C:\Users\ultra\warewolf\Dev\Dev2.Util\Dev2.Util.csproj : warning NU1701: Package 'GroupControls 1.9.0' was restored using '.NETFramework,Version=v4.6.1, .NETFramework,Version=v4.6.2, .NETFramework,Version=v4.7, .NETFramework,Version=v4.7.1, .NETFramework,Version=v4.7.2, .NETFramework,Version=v4.8, .NETFramework,Version=v4.8.1' instead of the project target framework 'net8.0'. This package may not be fully compatible with your project.
C:\Users\ultra\warewolf\Dev\Dev2.Util\Dev2.Util.csproj : warning NU1701: Package 'TaskSchedulerEditor 2.10.1' was restored using '.NETFramework,Version=v4.6.1, .NETFramework,Version=v4.6.2, .NETFramework,Version=v4.7, .NETFramework,Version=v4.7.1, .NETFramework,Version=v4.7.2, .NETFramework,Version=v4.8, .NETFramework,Version=v4.8.1' instead of the project target framework 'net8.0'. This package may not be fully compatible with your project.
C:\Users\ultra\warewolf\Dev\Warewolf.Exchange.Email.Wrapper\Warewolf.Exchange.Email.Wrapper.csproj : warning NU1701: Package 'ReactiveUI.WPF 18.4.1' was restored using '.NETFramework,Version=v4.6.1, .NETFramework,Version=v4.6.2, .NETFramework,Version=v4.7, .NETFramework,Version=v4.7.1, .NETFramework,Version=v4.7.2, .NETFramework,Version=v4.8, .NETFramework,Version=v4.8.1' instead of the project target framework 'net8.0'. This package may not be fully compatible with your project.
C:\Users\ultra\warewolf\Dev\Warewolf.Exchange.Email.Wrapper\Warewolf.Exchange.Email.Wrapper.csproj : warning NU1701: Package 'TaskSchedulerEditor 2.10.1' was restored using '.NETFramework,Version=v4.6.1, .NETFramework,Version=v4.6.2, .NETFramework,Version=v4.7, .NETFramework,Version=v4.7.1, .NETFramework,Version=v4.7.2, .NETFramework,Version=v4.8, .NETFramework,Version=v4.8.1' instead of the project target framework 'net8.0'. This package may not be fully compatible with your project.
C:\Users\ultra\warewolf\Dev\Warewolf.Licensing\Warewolf.Licensing.csproj : warning NU1701: Package 'AeroWizard 2.3.1' was restored using '.NETFramework,Version=v4.6.1, .NETFramework,Version=v4.6.2, .NETFramework,Version=v4.7, .NETFramework,Version=v4.7.1, .NETFramework,Version=v4.7.2, .NETFramework,Version=v4.8, .NETFramework,Version=v4.8.1' instead of the project target framework 'net8.0'. This package may not be fully compatible with your project.
C:\Users\ultra\warewolf\Dev\Warewolf.Licensing\Warewolf.Licensing.csproj : warning NU1701: Package 'GroupControls 1.9.0' was restored using '.NETFramework,Version=v4.6.1, .NETFramework,Version=v4.6.2, .NETFramework,Version=v4.7, .NETFramework,Version=v4.7.1, .NETFramework,Version=v4.7.2, .NETFramework,Version=v4.8, .NETFramework,Version=v4.8.1' instead of the project target framework 'net8.0'. This package may not be fully compatible with your project.
C:\Users\ultra\warewolf\Dev\Warewolf.Licensing\Warewolf.Licensing.csproj : warning NU1701: Package 'TaskSchedulerEditor 2.10.1' was restored using '.NETFramework,Version=v4.6.1, .NETFramework,Version=v4.6.2, .NETFramework,Version=v4.7, .NETFramework,Version=v4.7.1, .NETFramework,Version=v4.7.2, .NETFramework,Version=v4.8, .NETFramework,Version=v4.8.1' instead of the project target framework 'net8.0'. This package may not be fully compatible with your project.
C:\Users\ultra\warewolf\Dev\Warewolf.Common.Framework48\Warewolf.Common.Framework48.csproj : warning NU1902: Package 'System.IdentityModel.Tokens.Jwt' 5.1.0 has a known moderate severity vulnerability, https://github.com/advisories/GHSA-59j7-ghrg-fj52
C:\Users\ultra\warewolf\Dev\Warewolf.Common.Framework48\Warewolf.Common.Framework48.csproj : warning NU1701: Package 'AeroWizard 2.3.1' was restored using '.NETFramework,Version=v4.6.1, .NETFramework,Version=v4.6.2, .NETFramework,Version=v4.7, .NETFramework,Version=v4.7.1, .NETFramework,Version=v4.7.2, .NETFramework,Version=v4.8, .NETFramework,Version=v4.8.1' instead of the project target framework 'net8.0'. This package may not be fully compatible with your project.
C:\Users\ultra\warewolf\Dev\Warewolf.Common.Framework48\Warewolf.Common.Framework48.csproj : warning NU1701: Package 'GroupControls 1.9.0' was restored using '.NETFramework,Version=v4.6.1, .NETFramework,Version=v4.6.2, .NETFramework,Version=v4.7, .NETFramework,Version=v4.7.1, .NETFramework,Version=v4.7.2, .NETFramework,Version=v4.8, .NETFramework,Version=v4.8.1' instead of the project target framework 'net8.0'. This package may not be fully compatible with your project.
C:\Users\ultra\warewolf\Dev\Warewolf.Common.Framework48\Warewolf.Common.Framework48.csproj : warning NU1701: Package 'Microsoft.Xaml.Behaviors.Wpf 1.1.122' was restored using '.NETFramework,Version=v4.6.1, .NETFramework,Version=v4.6.2, .NETFramework,Version=v4.7, .NETFramework,Version=v4.7.1, .NETFramework,Version=v4.7.2, .NETFramework,Version=v4.8, .NETFramework,Version=v4.8.1' instead of the project target framework 'net8.0'. This package may not be fully compatible with your project.
C:\Users\ultra\warewolf\Dev\Warewolf.Common.Framework48\Warewolf.Common.Framework48.csproj : warning NU1701: Package 'Prism.Wpf 9.0.537' was restored using '.NETFramework,Version=v4.6.1, .NETFramework,Version=v4.6.2, .NETFramework,Version=v4.7, .NETFramework,Version=v4.7.1, .NETFramework,Version=v4.7.2, .NETFramework,Version=v4.8, .NETFramework,Version=v4.8.1' instead of the project target framework 'net8.0'. This package may not be fully compatible with your project.
C:\Users\ultra\warewolf\Dev\Warewolf.Common.Framework48\Warewolf.Common.Framework48.csproj : warning NU1701: Package 'ReactiveUI.WPF 18.4.1' was restored using '.NETFramework,Version=v4.6.1, .NETFramework,Version=v4.6.2, .NETFramework,Version=v4.7, .NETFramework,Version=v4.7.1, .NETFramework,Version=v4.7.2, .NETFramework,Version=v4.8, .NETFramework,Version=v4.8.1' instead of the project target framework 'net8.0'. This package may not be fully compatible with your project.
C:\Users\ultra\warewolf\Dev\Warewolf.Common.Framework48\Warewolf.Common.Framework48.csproj : warning NU1701: Package 'TaskSchedulerEditor 2.10.1' was restored using '.NETFramework,Version=v4.6.1, .NETFramework,Version=v4.6.2, .NETFramework,Version=v4.7, .NETFramework,Version=v4.7.1, .NETFramework,Version=v4.7.2, .NETFramework,Version=v4.8, .NETFramework,Version=v4.8.1' instead of the project target framework 'net8.0'. This package may not be fully compatible with your project.
C:\Program Files\dotnet\sdk\10.0.201\Sdks\Microsoft.NET.Sdk\targets\Microsoft.NET.Sdk.DefaultItems.targets(162,5): warning NETSDK1137: It is no longer necessary to use the Microsoft.NET.Sdk.WindowsDesktop SDK. Consider changing the Sdk attribute of the root Project element to 'Microsoft.NET.Sdk'. [C:\Users\ultra\warewolf\Dev\Warewolf.Studio.Core\Warewolf.Studio.Core.csproj]
C:\Program Files\dotnet\sdk\10.0.201\Sdks\Microsoft.NET.Sdk.WindowsDesktop\targets\Microsoft.NET.Sdk.WindowsDesktop.targets(138,5): warning NETSDK1106: Microsoft.NET.Sdk.WindowsDesktop requires 'UseWpf' or 'UseWindowsForms' to be set to 'true' [C:\Users\ultra\warewolf\Dev\Warewolf.Studio.Core\Warewolf.Studio.Core.csproj]
C:\Users\ultra\warewolf\Dev\Warewolf.Studio.Core\Warewolf.Studio.Core.csproj : warning NU1701: Package 'AeroWizard 2.3.1' was restored using '.NETFramework,Version=v4.6.1, .NETFramework,Version=v4.6.2, .NETFramework,Version=v4.7, .NETFramework,Version=v4.7.1, .NETFramework,Version=v4.7.2, .NETFramework,Version=v4.8, .NETFramework,Version=v4.8.1' instead of the project target framework 'net8.0'. This package may not be fully compatible with your project.
C:\Users\ultra\warewolf\Dev\Warewolf.Studio.Core\Warewolf.Studio.Core.csproj : warning NU1701: Package 'GroupControls 1.9.0' was restored using '.NETFramework,Version=v4.6.1, .NETFramework,Version=v4.6.2, .NETFramework,Version=v4.7, .NETFramework,Version=v4.7.1, .NETFramework,Version=v4.7.2, .NETFramework,Version=v4.8, .NETFramework,Version=v4.8.1' instead of the project target framework 'net8.0'. This package may not be fully compatible with your project.
C:\Users\ultra\warewolf\Dev\Warewolf.Studio.Core\Warewolf.Studio.Core.csproj : warning NU1701: Package 'Microsoft.Xaml.Behaviors.Wpf 1.1.122' was restored using '.NETFramework,Version=v4.6.1, .NETFramework,Version=v4.6.2, .NETFramework,Version=v4.7, .NETFramework,Version=v4.7.1, .NETFramework,Version=v4.7.2, .NETFramework,Version=v4.8, .NETFramework,Version=v4.8.1' instead of the project target framework 'net8.0'. This package may not be fully compatible with your project.
C:\Users\ultra\warewolf\Dev\Warewolf.Studio.Core\Warewolf.Studio.Core.csproj : warning NU1701: Package 'Prism.Wpf 9.0.537' was restored using '.NETFramework,Version=v4.6.1, .NETFramework,Version=v4.6.2, .NETFramework,Version=v4.7, .NETFramework,Version=v4.7.1, .NETFramework,Version=v4.7.2, .NETFramework,Version=v4.8, .NETFramework,Version=v4.8.1' instead of the project target framework 'net8.0'. This package may not be fully compatible with your project.
C:\Users\ultra\warewolf\Dev\Warewolf.Studio.Core\Warewolf.Studio.Core.csproj : warning NU1701: Package 'ReactiveUI.WPF 18.4.1' was restored using '.NETFramework,Version=v4.6.1, .NETFramework,Version=v4.6.2, .NETFramework,Version=v4.7, .NETFramework,Version=v4.7.1, .NETFramework,Version=v4.7.2, .NETFramework,Version=v4.8, .NETFramework,Version=v4.8.1' instead of the project target framework 'net8.0'. This package may not be fully compatible with your project.
C:\Users\ultra\warewolf\Dev\Warewolf.Studio.Core\Warewolf.Studio.Core.csproj : warning NU1701: Package 'TaskSchedulerEditor 2.10.1' was restored using '.NETFramework,Version=v4.6.1, .NETFramework,Version=v4.6.2, .NETFramework,Version=v4.7, .NETFramework,Version=v4.7.1, .NETFramework,Version=v4.7.2, .NETFramework,Version=v4.8, .NETFramework,Version=v4.8.1' instead of the project target framework 'net8.0'. This package may not be fully compatible with your project.
  Warewolf.Weave -> C:\Users\ultra\warewolf\Dev\Warewolf.Weave\bin\Debug\net8.0\Warewolf.Weave.dll
C:\Users\ultra\warewolf\Dev\Dev2.TaskScheduler.Wrappers\Dev2.TaskScheduler.Wrappers.csproj : warning NU1701: Package 'AeroWizard 2.3.1' was restored using '.NETFramework,Version=v4.6.1, .NETFramework,Version=v4.6.2, .NETFramework,Version=v4.7, .NETFramework,Version=v4.7.1, .NETFramework,Version=v4.7.2, .NETFramework,Version=v4.8, .NETFramework,Version=v4.8.1' instead of the project target framework 'net8.0'. This package may not be fully compatible with your project.
C:\Users\ultra\warewolf\Dev\Dev2.TaskScheduler.Wrappers\Dev2.TaskScheduler.Wrappers.csproj : warning NU1701: Package 'GroupControls 1.9.0' was restored using '.NETFramework,Version=v4.6.1, .NETFramework,Version=v4.6.2, .NETFramework,Version=v4.7, .NETFramework,Version=v4.7.1, .NETFramework,Version=v4.7.2, .NETFramework,Version=v4.8, .NETFramework,Version=v4.8.1' instead of the project target framework 'net8.0'. This package may not be fully compatible with your project.
C:\Users\ultra\warewolf\Dev\Dev2.TaskScheduler.Wrappers\Dev2.TaskScheduler.Wrappers.csproj : warning NU1701: Package 'TaskSchedulerEditor 2.10.1' was restored using '.NETFramework,Version=v4.6.1, .NETFramework,Version=v4.6.2, .NETFramework,Version=v4.7, .NETFramework,Version=v4.7.1, .NETFramework,Version=v4.7.2, .NETFramework,Version=v4.8, .NETFramework,Version=v4.8.1' instead of the project target framework 'net8.0'. This package may not be fully compatible with your project.
C:\Users\ultra\warewolf\Dev\Warewolf.Driver.Serilog\Warewolf.Driver.Serilog.csproj : warning NU1701: Package 'AeroWizard 2.3.1' was restored using '.NETFramework,Version=v4.6.1, .NETFramework,Version=v4.6.2, .NETFramework,Version=v4.7, .NETFramework,Version=v4.7.1, .NETFramework,Version=v4.7.2, .NETFramework,Version=v4.8, .NETFramework,Version=v4.8.1' instead of the project target framework 'net8.0'. This package may not be fully compatible with your project.
C:\Users\ultra\warewolf\Dev\Warewolf.Driver.Serilog\Warewolf.Driver.Serilog.csproj : warning NU1701: Package 'GroupControls 1.9.0' was restored using '.NETFramework,Version=v4.6.1, .NETFramework,Version=v4.6.2, .NETFramework,Version=v4.7, .NETFramework,Version=v4.7.1, .NETFramework,Version=v4.7.2, .NETFramework,Version=v4.8, .NETFramework,Version=v4.8.1' instead of the project target framework 'net8.0'. This package may not be fully compatible with your project.
C:\Users\ultra\warewolf\Dev\Warewolf.Driver.Serilog\Warewolf.Driver.Serilog.csproj : warning NU1701: Package 'ReactiveUI.WPF 18.4.1' was restored using '.NETFramework,Version=v4.6.1, .NETFramework,Version=v4.6.2, .NETFramework,Version=v4.7, .NETFramework,Version=v4.7.1, .NETFramework,Version=v4.7.2, .NETFramework,Version=v4.8, .NETFramework,Version=v4.8.1' instead of the project target framework 'net8.0'. This package may not be fully compatible with your project.
C:\Users\ultra\warewolf\Dev\Warewolf.Driver.Serilog\Warewolf.Driver.Serilog.csproj : warning NU1701: Package 'TaskSchedulerEditor 2.10.1' was restored using '.NETFramework,Version=v4.6.1, .NETFramework,Version=v4.6.2, .NETFramework,Version=v4.7, .NETFramework,Version=v4.7.1, .NETFramework,Version=v4.7.2, .NETFramework,Version=v4.8, .NETFramework,Version=v4.8.1' instead of the project target framework 'net8.0'. This package may not be fully compatible with your project.
C:\Users\ultra\warewolf\Dev\Warewolf.AI.Harness\Warewolf.AI.Harness.csproj : warning NU1701: Package 'AeroWizard 2.3.1' was restored using '.NETFramework,Version=v4.6.1, .NETFramework,Version=v4.6.2, .NETFramework,Version=v4.7, .NETFramework,Version=v4.7.1, .NETFramework,Version=v4.7.2, .NETFramework,Version=v4.8, .NETFramework,Version=v4.8.1' instead of the project target framework 'net8.0'. This package may not be fully compatible with your project.
C:\Users\ultra\warewolf\Dev\Warewolf.AI.Harness\Warewolf.AI.Harness.csproj : warning NU1701: Package 'GroupControls 1.9.0' was restored using '.NETFramework,Version=v4.6.1, .NETFramework,Version=v4.6.2, .NETFramework,Version=v4.7, .NETFramework,Version=v4.7.1, .NETFramework,Version=v4.7.2, .NETFramework,Version=v4.8, .NETFramework,Version=v4.8.1' instead of the project target framework 'net8.0'. This package may not be fully compatible with your project.
C:\Users\ultra\warewolf\Dev\Warewolf.AI.Harness\Warewolf.AI.Harness.csproj : warning NU1701: Package 'TaskSchedulerEditor 2.10.1' was restored using '.NETFramework,Version=v4.6.1, .NETFramework,Version=v4.6.2, .NETFramework,Version=v4.7, .NETFramework,Version=v4.7.1, .NETFramework,Version=v4.7.2, .NETFramework,Version=v4.8, .NETFramework,Version=v4.8.1' instead of the project target framework 'net8.0'. This package may not be fully compatible with your project.
C:\Users\ultra\warewolf\Dev\Dev2.Services.Execution\Dev2.Services.Execution.csproj : warning NU1701: Package 'AeroWizard 2.3.1' was restored using '.NETFramework,Version=v4.6.1, .NETFramework,Version=v4.6.2, .NETFramework,Version=v4.7, .NETFramework,Version=v4.7.1, .NETFramework,Version=v4.7.2, .NETFramework,Version=v4.8, .NETFramework,Version=v4.8.1' instead of the project target framework 'net8.0'. This package may not be fully compatible with your project.
C:\Users\ultra\warewolf\Dev\Dev2.Services.Execution\Dev2.Services.Execution.csproj : warning NU1701: Package 'GroupControls 1.9.0' was restored using '.NETFramework,Version=v4.6.1, .NETFramework,Version=v4.6.2, .NETFramework,Version=v4.7, .NETFramework,Version=v4.7.1, .NETFramework,Version=v4.7.2, .NETFramework,Version=v4.8, .NETFramework,Version=v4.8.1' instead of the project target framework 'net8.0'. This package may not be fully compatible with your project.
C:\Users\ultra\warewolf\Dev\Dev2.Services.Execution\Dev2.Services.Execution.csproj : warning NU1701: Package 'ReactiveUI.WPF 18.4.1' was restored using '.NETFramework,Version=v4.6.1, .NETFramework,Version=v4.6.2, .NETFramework,Version=v4.7, .NETFramework,Version=v4.7.1, .NETFramework,Version=v4.7.2, .NETFramework,Version=v4.8, .NETFramework,Version=v4.8.1' instead of the project target framework 'net8.0'. This package may not be fully compatible with your project.
C:\Users\ultra\warewolf\Dev\Dev2.Services.Execution\Dev2.Services.Execution.csproj : warning NU1701: Package 'TaskSchedulerEditor 2.10.1' was restored using '.NETFramework,Version=v4.6.1, .NETFramework,Version=v4.6.2, .NETFramework,Version=v4.7, .NETFramework,Version=v4.7.1, .NETFramework,Version=v4.7.2, .NETFramework,Version=v4.8, .NETFramework,Version=v4.8.1' instead of the project target framework 'net8.0'. This package may not be fully compatible with your project.
  Warewolf.Common.Interfaces.NetStandard20 -> C:\Users\ultra\warewolf\Dev\Warewolf.Common.Interfaces.NetStandard20\bin\Debug\net8.0\Warewolf.Common.Interfaces.NetStandard20.dll
C:\Users\ultra\warewolf\Dev\Warewolf.Security\Encryption\AESThenHMAC.cs(168,34): warning SYSLIB0021: 'AesManaged' is obsolete: 'Derived cryptographic types are obsolete. Use the Create method on the base type instead.' (https://aka.ms/dotnet-warnings/SYSLIB0021) [C:\Users\ultra\warewolf\Dev\Warewolf.Security\Warewolf.Security.csproj]
C:\Users\ultra\warewolf\Dev\Warewolf.Security\Encryption\AESThenHMAC.cs(264,38): warning SYSLIB0021: 'AesManaged' is obsolete: 'Derived cryptographic types are obsolete. Use the Create method on the base type instead.' (https://aka.ms/dotnet-warnings/SYSLIB0021) [C:\Users\ultra\warewolf\Dev\Warewolf.Security\Warewolf.Security.csproj]
C:\Users\ultra\warewolf\Dev\Warewolf.Security\Encryption\AESThenHMAC.cs(331,36): warning SYSLIB0041: 'Rfc2898DeriveBytes.Rfc2898DeriveBytes(string, int, int)' is obsolete: 'The default hash algorithm and iteration counts in Rfc2898DeriveBytes constructors are outdated and insecure. Use a constructor that accepts the hash algorithm and the number of iterations.' (https://aka.ms/dotnet-warnings/SYSLIB0041) [C:\Users\ultra\warewolf\Dev\Warewolf.Security\Warewolf.Security.csproj]
C:\Users\ultra\warewolf\Dev\Warewolf.Security\Encryption\AESThenHMAC.cs(345,36): warning SYSLIB0041: 'Rfc2898DeriveBytes.Rfc2898DeriveBytes(string, int, int)' is obsolete: 'The default hash algorithm and iteration counts in Rfc2898DeriveBytes constructors are outdated and insecure. Use a constructor that accepts the hash algorithm and the number of iterations.' (https://aka.ms/dotnet-warnings/SYSLIB0041) [C:\Users\ultra\warewolf\Dev\Warewolf.Security\Warewolf.Security.csproj]
C:\Users\ultra\warewolf\Dev\Warewolf.Security\Encryption\AESThenHMAC.cs(393,36): warning SYSLIB0041: 'Rfc2898DeriveBytes.Rfc2898DeriveBytes(string, byte[], int)' is obsolete: 'The default hash algorithm and iteration counts in Rfc2898DeriveBytes constructors are outdated and insecure. Use a constructor that accepts the hash algorithm and the number of iterations.' (https://aka.ms/dotnet-warnings/SYSLIB0041) [C:\Users\ultra\warewolf\Dev\Warewolf.Security\Warewolf.Security.csproj]
C:\Users\ultra\warewolf\Dev\Warewolf.Security\Encryption\AESThenHMAC.cs(398,36): warning SYSLIB0041: 'Rfc2898DeriveBytes.Rfc2898DeriveBytes(string, byte[], int)' is obsolete: 'The default hash algorithm and iteration counts in Rfc2898DeriveBytes constructors are outdated and insecure. Use a constructor that accepts the hash algorithm and the number of iterations.' (https://aka.ms/dotnet-warnings/SYSLIB0041) [C:\Users\ultra\warewolf\Dev\Warewolf.Security\Warewolf.Security.csproj]
  Warewolf.Security -> C:\Users\ultra\warewolf\Dev\Warewolf.Security\bin\Debug\net8.0\Warewolf.Security.dll
C:\Users\ultra\warewolf\Dev\Warewolf.Interfaces\Data\ChatbotSettingsData.cs(20,23): warning CS0169: The field 'ChatbotSettingsData._encryptDataSource' is never used [C:\Users\ultra\warewolf\Dev\Warewolf.Interfaces\Warewolf.Interfaces.csproj]
C:\Users\ultra\warewolf\Dev\Warewolf.Interfaces\Auditing\SerializableException.cs(15,7): warning CS0414: The field 'SerializableException.HResult' is assigned but its value is never used [C:\Users\ultra\warewolf\Dev\Warewolf.Interfaces\Warewolf.Interfaces.csproj]
  Warewolf.Interfaces -> C:\Users\ultra\warewolf\Dev\Warewolf.Interfaces\bin\Debug\net8.0\Warewolf.Interfaces.dll
C:\Users\ultra\warewolf\Dev\Dev2.Services.Sql\Dev2.Services.Sql.csproj : warning NU1903: Package 'Oracle.ManagedDataAccess.Core' 3.21.70 has a known high severity vulnerability, https://github.com/advisories/GHSA-5pm2-9mr2-3frq
C:\Users\ultra\warewolf\Dev\Dev2.Services.Sql\Dev2.Services.Sql.csproj : warning NU1701: Package 'AeroWizard 2.3.1' was restored using '.NETFramework,Version=v4.6.1, .NETFramework,Version=v4.6.2, .NETFramework,Version=v4.7, .NETFramework,Version=v4.7.1, .NETFramework,Version=v4.7.2, .NETFramework,Version=v4.8, .NETFramework,Version=v4.8.1' instead of the project target framework 'net8.0'. This package may not be fully compatible with your project.
C:\Users\ultra\warewolf\Dev\Dev2.Services.Sql\Dev2.Services.Sql.csproj : warning NU1701: Package 'GroupControls 1.9.0' was restored using '.NETFramework,Version=v4.6.1, .NETFramework,Version=v4.6.2, .NETFramework,Version=v4.7, .NETFramework,Version=v4.7.1, .NETFramework,Version=v4.7.2, .NETFramework,Version=v4.8, .NETFramework,Version=v4.8.1' instead of the project target framework 'net8.0'. This package may not be fully compatible with your project.
C:\Users\ultra\warewolf\Dev\Dev2.Services.Sql\Dev2.Services.Sql.csproj : warning NU1701: Package 'ReactiveUI.WPF 18.4.1' was restored using '.NETFramework,Version=v4.6.1, .NETFramework,Version=v4.6.2, .NETFramework,Version=v4.7, .NETFramework,Version=v4.7.1, .NETFramework,Version=v4.7.2, .NETFramework,Version=v4.8, .NETFramework,Version=v4.8.1' instead of the project target framework 'net8.0'. This package may not be fully compatible with your project.
C:\Users\ultra\warewolf\Dev\Dev2.Services.Sql\Dev2.Services.Sql.csproj : warning NU1701: Package 'TaskSchedulerEditor 2.10.1' was restored using '.NETFramework,Version=v4.6.1, .NETFramework,Version=v4.6.2, .NETFramework,Version=v4.7, .NETFramework,Version=v4.7.1, .NETFramework,Version=v4.7.2, .NETFramework,Version=v4.8, .NETFramework,Version=v4.8.1' instead of the project target framework 'net8.0'. This package may not be fully compatible with your project.
  GACManagerApi -> C:\Users\ultra\warewolf\Dev\GACManagerApi\bin\Debug\net8.0\GACManagerApi.dll
  Warewolf.ServiceDefinitions -> C:\Users\ultra\warewolf\Dev\Warewolf.ServiceDefinitions\bin\Debug\net8.0\Warewolf.ServiceDefinitions.dll
C:\Users\ultra\warewolf\Dev\Warewolf.Core\Warewolf.Core.csproj : warning NU1903: Package 'Microsoft.Windows.Compatibility' 6.0.0 has a known high severity vulnerability, https://github.com/advisories/GHSA-555c-2p6r-68mm
C:\Users\ultra\warewolf\Dev\Warewolf.Core\Warewolf.Core.csproj : warning NU1701: Package 'AeroWizard 2.3.1' was restored using '.NETFramework,Version=v4.6.1, .NETFramework,Version=v4.6.2, .NETFramework,Version=v4.7, .NETFramework,Version=v4.7.1, .NETFramework,Version=v4.7.2, .NETFramework,Version=v4.8, .NETFramework,Version=v4.8.1' instead of the project target framework 'net8.0'. This package may not be fully compatible with your project.
C:\Users\ultra\warewolf\Dev\Warewolf.Core\Warewolf.Core.csproj : warning NU1701: Package 'GroupControls 1.9.0' was restored using '.NETFramework,Version=v4.6.1, .NETFramework,Version=v4.6.2, .NETFramework,Version=v4.7, .NETFramework,Version=v4.7.1, .NETFramework,Version=v4.7.2, .NETFramework,Version=v4.8, .NETFramework,Version=v4.8.1' instead of the project target framework 'net8.0'. This package may not be fully compatible with your project.
C:\Users\ultra\warewolf\Dev\Warewolf.Core\Warewolf.Core.csproj : warning NU1701: Package 'ReactiveUI.WPF 18.4.1' was restored using '.NETFramework,Version=v4.6.1, .NETFramework,Version=v4.6.2, .NETFramework,Version=v4.7, .NETFramework,Version=v4.7.1, .NETFramework,Version=v4.7.2, .NETFramework,Version=v4.8, .NETFramework,Version=v4.8.1' instead of the project target framework 'net8.0'. This package may not be fully compatible with your project.
C:\Users\ultra\warewolf\Dev\Warewolf.Core\Warewolf.Core.csproj : warning NU1701: Package 'TaskSchedulerEditor 2.10.1' was restored using '.NETFramework,Version=v4.6.1, .NETFramework,Version=v4.6.2, .NETFramework,Version=v4.7, .NETFramework,Version=v4.7.1, .NETFramework,Version=v4.7.2, .NETFramework,Version=v4.8, .NETFramework,Version=v4.8.1' instead of the project target framework 'net8.0'. This package may not be fully compatible with your project.
C:\Users\ultra\warewolf\Dev\Warewolf.Testing\Warewolf.Testing.csproj : warning NU1701: Package 'AeroWizard 2.3.1' was restored using '.NETFramework,Version=v4.6.1, .NETFramework,Version=v4.6.2, .NETFramework,Version=v4.7, .NETFramework,Version=v4.7.1, .NETFramework,Version=v4.7.2, .NETFramework,Version=v4.8, .NETFramework,Version=v4.8.1' instead of the project target framework 'net8.0'. This package may not be fully compatible with your project.
C:\Users\ultra\warewolf\Dev\Warewolf.Testing\Warewolf.Testing.csproj : warning NU1701: Package 'GroupControls 1.9.0' was restored using '.NETFramework,Version=v4.6.1, .NETFramework,Version=v4.6.2, .NETFramework,Version=v4.7, .NETFramework,Version=v4.7.1, .NETFramework,Version=v4.7.2, .NETFramework,Version=v4.8, .NETFramework,Version=v4.8.1' instead of the project target framework 'net8.0'. This package may not be fully compatible with your project.
C:\Users\ultra\warewolf\Dev\Warewolf.Testing\Warewolf.Testing.csproj : warning NU1701: Package 'Microsoft.Xaml.Behaviors.Wpf 1.1.122' was restored using '.NETFramework,Version=v4.6.1, .NETFramework,Version=v4.6.2, .NETFramework,Version=v4.7, .NETFramework,Version=v4.7.1, .NETFramework,Version=v4.7.2, .NETFramework,Version=v4.8, .NETFramework,Version=v4.8.1' instead of the project target framework 'net8.0'. This package may not be fully compatible with your project.
C:\Users\ultra\warewolf\Dev\Warewolf.Testing\Warewolf.Testing.csproj : warning NU1701: Package 'Prism.Wpf 9.0.537' was restored using '.NETFramework,Version=v4.6.1, .NETFramework,Version=v4.6.2, .NETFramework,Version=v4.7, .NETFramework,Version=v4.7.1, .NETFramework,Version=v4.7.2, .NETFramework,Version=v4.8, .NETFramework,Version=v4.8.1' instead of the project target framework 'net8.0'. This package may not be fully compatible with your project.
C:\Users\ultra\warewolf\Dev\Warewolf.Testing\Warewolf.Testing.csproj : warning NU1701: Package 'ReactiveUI.WPF 18.4.1' was restored using '.NETFramework,Version=v4.6.1, .NETFramework,Version=v4.6.2, .NETFramework,Version=v4.7, .NETFramework,Version=v4.7.1, .NETFramework,Version=v4.7.2, .NETFramework,Version=v4.8, .NETFramework,Version=v4.8.1' instead of the project target framework 'net8.0'. This package may not be fully compatible with your project.
C:\Users\ultra\warewolf\Dev\Warewolf.Testing\Warewolf.Testing.csproj : warning NU1701: Package 'TaskSchedulerEditor 2.10.1' was restored using '.NETFramework,Version=v4.6.1, .NETFramework,Version=v4.6.2, .NETFramework,Version=v4.7, .NETFramework,Version=v4.7.1, .NETFramework,Version=v4.7.2, .NETFramework,Version=v4.8, .NETFramework,Version=v4.8.1' instead of the project target framework 'net8.0'. This package may not be fully compatible with your project.
  Consider app.config remapping of assembly "System.Runtime.CompilerServices.Unsafe, Culture=neutral, PublicKeyToken=b03f5f7f11d50a3a" from Version "6.0.0.0" [] to Version "8.0.0.0" [C:\Program Files\dotnet\packs\Microsoft.NETCore.App.Ref\8.0.25\ref\net8.0\System.Runtime.CompilerServices.Unsafe.dll] to solve conflict and get rid of warning.
C:\Users\ultra\warewolf\Dev\Dev2.Studio.Core\Dev2.Studio.Core.csproj : warning NU1701: Package 'AeroWizard 2.3.1' was restored using '.NETFramework,Version=v4.6.1, .NETFramework,Version=v4.6.2, .NETFramework,Version=v4.7, .NETFramework,Version=v4.7.1, .NETFramework,Version=v4.7.2, .NETFramework,Version=v4.8, .NETFramework,Version=v4.8.1' instead of the project target framework 'net8.0'. This package may not be fully compatible with your project.
C:\Users\ultra\warewolf\Dev\Dev2.Studio.Core\Dev2.Studio.Core.csproj : warning NU1701: Package 'GroupControls 1.9.0' was restored using '.NETFramework,Version=v4.6.1, .NETFramework,Version=v4.6.2, .NETFramework,Version=v4.7, .NETFramework,Version=v4.7.1, .NETFramework,Version=v4.7.2, .NETFramework,Version=v4.8, .NETFramework,Version=v4.8.1' instead of the project target framework 'net8.0'. This package may not be fully compatible with your project.
C:\Users\ultra\warewolf\Dev\Dev2.Studio.Core\Dev2.Studio.Core.csproj : warning NU1701: Package 'Microsoft.Xaml.Behaviors.Wpf 1.1.122' was restored using '.NETFramework,Version=v4.6.1, .NETFramework,Version=v4.6.2, .NETFramework,Version=v4.7, .NETFramework,Version=v4.7.1, .NETFramework,Version=v4.7.2, .NETFramework,Version=v4.8, .NETFramework,Version=v4.8.1' instead of the project target framework 'net8.0'. This package may not be fully compatible with your project.
C:\Users\ultra\warewolf\Dev\Dev2.Studio.Core\Dev2.Studio.Core.csproj : warning NU1701: Package 'Prism.Wpf 9.0.537' was restored using '.NETFramework,Version=v4.6.1, .NETFramework,Version=v4.6.2, .NETFramework,Version=v4.7, .NETFramework,Version=v4.7.1, .NETFramework,Version=v4.7.2, .NETFramework,Version=v4.8, .NETFramework,Version=v4.8.1' instead of the project target framework 'net8.0'. This package may not be fully compatible with your project.
C:\Users\ultra\warewolf\Dev\Dev2.Studio.Core\Dev2.Studio.Core.csproj : warning NU1701: Package 'ReactiveUI.WPF 18.4.1' was restored using '.NETFramework,Version=v4.6.1, .NETFramework,Version=v4.6.2, .NETFramework,Version=v4.7, .NETFramework,Version=v4.7.1, .NETFramework,Version=v4.7.2, .NETFramework,Version=v4.8, .NETFramework,Version=v4.8.1' instead of the project target framework 'net8.0'. This package may not be fully compatible with your project.
C:\Users\ultra\warewolf\Dev\Dev2.Studio.Core\Dev2.Studio.Core.csproj : warning NU1701: Package 'TaskSchedulerEditor 2.10.1' was restored using '.NETFramework,Version=v4.6.1, .NETFramework,Version=v4.6.2, .NETFramework,Version=v4.7, .NETFramework,Version=v4.7.1, .NETFramework,Version=v4.7.2, .NETFramework,Version=v4.8, .NETFramework,Version=v4.8.1' instead of the project target framework 'net8.0'. This package may not be fully compatible with your project.
  Warewolf.Studio.Resources -> C:\Users\ultra\warewolf\Dev\Warewolf.Studio.Resources\bin\Debug\net8.0\Warewolf.Studio.Resources.dll
  Log4Net.Async -> C:\Users\ultra\warewolf\Dev\Log4Net.Async\bin\Debug\net8.0\Log4Net.Async.dll
C:\Users\ultra\warewolf\Dev\Warewolf.ResourceManagement\Warewolf.ResourceManagement.csproj : warning NU1701: Package 'AeroWizard 2.3.1' was restored using '.NETFramework,Version=v4.6.1, .NETFramework,Version=v4.6.2, .NETFramework,Version=v4.7, .NETFramework,Version=v4.7.1, .NETFramework,Version=v4.7.2, .NETFramework,Version=v4.8, .NETFramework,Version=v4.8.1' instead of the project target framework 'net8.0'. This package may not be fully compatible with your project.
C:\Users\ultra\warewolf\Dev\Warewolf.ResourceManagement\Warewolf.ResourceManagement.csproj : warning NU1701: Package 'GroupControls 1.9.0' was restored using '.NETFramework,Version=v4.6.1, .NETFramework,Version=v4.6.2, .NETFramework,Version=v4.7, .NETFramework,Version=v4.7.1, .NETFramework,Version=v4.7.2, .NETFramework,Version=v4.8, .NETFramework,Version=v4.8.1' instead of the project target framework 'net8.0'. This package may not be fully compatible with your project.
C:\Users\ultra\warewolf\Dev\Warewolf.ResourceManagement\Warewolf.ResourceManagement.csproj : warning NU1701: Package 'ReactiveUI.WPF 18.4.1' was restored using '.NETFramework,Version=v4.6.1, .NETFramework,Version=v4.6.2, .NETFramework,Version=v4.7, .NETFramework,Version=v4.7.1, .NETFramework,Version=v4.7.2, .NETFramework,Version=v4.8, .NETFramework,Version=v4.8.1' instead of the project target framework 'net8.0'. This package may not be fully compatible with your project.
C:\Users\ultra\warewolf\Dev\Warewolf.ResourceManagement\Warewolf.ResourceManagement.csproj : warning NU1701: Package 'TaskSchedulerEditor 2.10.1' was restored using '.NETFramework,Version=v4.6.1, .NETFramework,Version=v4.6.2, .NETFramework,Version=v4.7, .NETFramework,Version=v4.7.1, .NETFramework,Version=v4.7.2, .NETFramework,Version=v4.8, .NETFramework,Version=v4.8.1' instead of the project target framework 'net8.0'. This package may not be fully compatible with your project.
  Warewolf.Resource -> C:\Users\ultra\warewolf\Dev\Warewolf.Resource\bin\Debug\net8.0\Warewolf.Resource.dll
  Warewolf.Driver.Redis -> C:\Users\ultra\warewolf\Dev\Warewolf.Driver.Redis\bin\Debug\net8.0\Warewolf.Driver.Redis.dll
  Warewolf.Driver.RabbitMQ -> C:\Users\ultra\warewolf\Dev\Warewolf.Driver.RabbitMQ\bin\Debug\net8.0\Warewolf.Driver.RabbitMQ.dll
C:\Users\ultra\warewolf\Dev\Dev2.Common.Interfaces\Attribute\ReasonAttribute.cs(13,18): warning CC0023: Mark 'ReasonAttribute' as sealed. (https://code-cracker.github.io/diagnostics/CC0023.html) [C:\Users\ultra\warewolf\Dev\Dev2.Common.Interfaces\Dev2.Common.Interfaces.csproj]
C:\Users\ultra\warewolf\Dev\Dev2.Common.Interfaces\Wrappers\IDirectoryEntry.cs(190,35): warning CC0057: Parameter 'path' is not used. (https://code-cracker.github.io/diagnostics/CC0057.html) [C:\Users\ultra\warewolf\Dev\Dev2.Common.Interfaces\Dev2.Common.Interfaces.csproj]
C:\Users\ultra\warewolf\Dev\Dev2.Common.Interfaces\DllListing.cs(97,17): warning CC0105: Use 'var' instead of specifying the type name. (https://code-cracker.github.io/diagnostics/CC0105.html) [C:\Users\ultra\warewolf\Dev\Dev2.Common.Interfaces\Dev2.Common.Interfaces.csproj]
C:\Users\ultra\warewolf\Dev\Dev2.Common.Interfaces\DllListing.cs(98,17): warning CC0105: Use 'var' instead of specifying the type name. (https://code-cracker.github.io/diagnostics/CC0105.html) [C:\Users\ultra\warewolf\Dev\Dev2.Common.Interfaces\Dev2.Common.Interfaces.csproj]
C:\Users\ultra\warewolf\Dev\Dev2.Common.Interfaces\Runtime\Services\IStreamContentFactory.cs(48,21): warning CC0029: 'StreamContentWrapper' should call GC.SuppressFinalize inside the Dispose method. (https://code-cracker.github.io/diagnostics/CC0029.html) [C:\Users\ultra\warewolf\Dev\Dev2.Common.Interfaces\Dev2.Common.Interfaces.csproj]
  Warewolf.Parser.Interop -> C:\Users\ultra\warewolf\Dev\Warewolf.Parser.Interop\bin\Debug\net8.0\WarewolfParserInterop.dll
C:\Users\ultra\warewolf\Dev\Dev2.Runtime.Configuration\Dev2.Runtime.Configuration.csproj : warning NU1903: Package 'Microsoft.Windows.Compatibility' 6.0.0 has a known high severity vulnerability, https://github.com/advisories/GHSA-555c-2p6r-68mm
C:\Users\ultra\warewolf\Dev\Dev2.Runtime.Configuration\Dev2.Runtime.Configuration.csproj : warning NU1701: Package 'AeroWizard 2.3.1' was restored using '.NETFramework,Version=v4.6.1, .NETFramework,Version=v4.6.2, .NETFramework,Version=v4.7, .NETFramework,Version=v4.7.1, .NETFramework,Version=v4.7.2, .NETFramework,Version=v4.8, .NETFramework,Version=v4.8.1' instead of the project target framework 'net8.0'. This package may not be fully compatible with your project.
C:\Users\ultra\warewolf\Dev\Dev2.Runtime.Configuration\Dev2.Runtime.Configuration.csproj : warning NU1701: Package 'GroupControls 1.9.0' was restored using '.NETFramework,Version=v4.6.1, .NETFramework,Version=v4.6.2, .NETFramework,Version=v4.7, .NETFramework,Version=v4.7.1, .NETFramework,Version=v4.7.2, .NETFramework,Version=v4.8, .NETFramework,Version=v4.8.1' instead of the project target framework 'net8.0'. This package may not be fully compatible with your project.
C:\Users\ultra\warewolf\Dev\Dev2.Runtime.Configuration\Dev2.Runtime.Configuration.csproj : warning NU1701: Package 'TaskSchedulerEditor 2.10.1' was restored using '.NETFramework,Version=v4.6.1, .NETFramework,Version=v4.6.2, .NETFramework,Version=v4.7, .NETFramework,Version=v4.7.1, .NETFramework,Version=v4.7.2, .NETFramework,Version=v4.8, .NETFramework,Version=v4.8.1' instead of the project target framework 'net8.0'. This package may not be fully compatible with your project.
  Dev2.Common.Interfaces -> C:\Users\ultra\warewolf\Dev\Dev2.Common.Interfaces\bin\Debug\net8.0\Dev2.Common.Interfaces.dll
C:\Users\ultra\warewolf\Dev\Warewolf.Language.Parser\EvaluationFunctions.fs(277,15): warning FS3548: Pattern discard is not allowed for union case that takes no data. [C:\Users\ultra\warewolf\Dev\Warewolf.Language.Parser\Warewolf.Language.Parser.fsproj]
C:\Users\ultra\warewolf\Dev\Warewolf.Language.Parser\EvaluationFunctions.fs(305,15): warning FS3548: Pattern discard is not allowed for union case that takes no data. [C:\Users\ultra\warewolf\Dev\Warewolf.Language.Parser\Warewolf.Language.Parser.fsproj]
C:\Users\ultra\warewolf\Dev\Warewolf.Language.Parser\EvaluationFunctions.fs(748,21): warning FS3873: This construct is deprecated. Sequence expressions should be of the form 'seq { ... }' [C:\Users\ultra\warewolf\Dev\Warewolf.Language.Parser\Warewolf.Language.Parser.fsproj]
C:\Users\ultra\warewolf\Dev\Warewolf.Language.Parser\EvaluationFunctions.fs(751,28): warning FS3873: This construct is deprecated. Sequence expressions should be of the form 'seq { ... }' [C:\Users\ultra\warewolf\Dev\Warewolf.Language.Parser\Warewolf.Language.Parser.fsproj]
C:\Users\ultra\warewolf\Dev\Warewolf.Language.Parser\WarewolfDataEvaluationCommon.fs(593,21): warning FS3873: This construct is deprecated. Sequence expressions should be of the form 'seq { ... }' [C:\Users\ultra\warewolf\Dev\Warewolf.Language.Parser\Warewolf.Language.Parser.fsproj]
C:\Users\ultra\warewolf\Dev\Warewolf.Language.Parser\WarewolfDataEvaluationCommon.fs(596,28): warning FS3873: This construct is deprecated. Sequence expressions should be of the form 'seq { ... }' [C:\Users\ultra\warewolf\Dev\Warewolf.Language.Parser\Warewolf.Language.Parser.fsproj]
  Dev2.SignalR.Wrappers.Interfaces -> C:\Users\ultra\warewolf\Dev\Dev2.SignalR.Wrappers\bin\Debug\net8.0\Dev2.SignalR.Wrappers.dll
  Warewolf.Language.Parser -> C:\Users\ultra\warewolf\Dev\Warewolf.Language.Parser\bin\Debug\net8.0\Warewolf.Language.Parser.dll
C:\Users\ultra\warewolf\Dev\Warewolf.Data\NamedInt.cs(160,21): warning CA2200: Re-throwing caught exception changes stack information (https://learn.microsoft.com/dotnet/fundamentals/code-analysis/quality-rules/ca2200) [C:\Users\ultra\warewolf\Dev\Warewolf.Data\Warewolf.Data.csproj]
  Warewolf.Data -> C:\Users\ultra\warewolf\Dev\Warewolf.Data\bin\Debug\net8.0\Warewolf.Data.dll
  Warewolf.Storage.Interfaces -> C:\Users\ultra\warewolf\Dev\Warewolf.Storage.Interfaces\bin\Debug\net8.0\Warewolf.Storage.Interfaces.dll
  Warewolf.Common -> C:\Users\ultra\warewolf\Dev\Warewolf.Common\bin\Debug\net8.0\Warewolf.Common.dll
  Dev2.Data.Interfaces -> C:\Users\ultra\warewolf\Dev\Dev2.Data.Interfaces\bin\Debug\net8.0\Dev2.Data.Interfaces.dll
C:\Users\ultra\warewolf\Dev\Dev2.Common\ExtMethods\StringExtension.cs(302,13): warning CC0004: Empty Catch Block. (https://code-cracker.github.io/diagnostics/CC0004.html) [C:\Users\ultra\warewolf\Dev\Dev2.Common\Dev2.Common.csproj]
  Dev2.Common -> C:\Users\ultra\warewolf\Dev\Dev2.Common\bin\Debug\net8.0\Dev2.Common.dll
C:\Program Files\dotnet\sdk\10.0.201\Microsoft.Common.CurrentVersion.targets(2451,5): warning MSB3277: Found conflicts between different versions of "WindowsBase" that could not be resolved. [C:\Users\ultra\warewolf\Dev\Dev2.Development.Languages\Dev2.Development.Languages.csproj]
C:\Program Files\dotnet\sdk\10.0.201\Microsoft.Common.CurrentVersion.targets(2451,5): warning MSB3277: There was a conflict between "WindowsBase, Version=4.0.0.0, Culture=neutral, PublicKeyToken=31bf3856ad364e35" and "WindowsBase, Version=6.0.2.0, Culture=neutral, PublicKeyToken=31bf3856ad364e35". [C:\Users\ultra\warewolf\Dev\Dev2.Development.Languages\Dev2.Development.Languages.csproj]
C:\Program Files\dotnet\sdk\10.0.201\Microsoft.Common.CurrentVersion.targets(2451,5): warning MSB3277:     "WindowsBase, Version=4.0.0.0, Culture=neutral, PublicKeyToken=31bf3856ad364e35" was chosen because it was primary and "WindowsBase, Version=6.0.2.0, Culture=neutral, PublicKeyToken=31bf3856ad364e35" was not. [C:\Users\ultra\warewolf\Dev\Dev2.Development.Languages\Dev2.Development.Languages.csproj]
C:\Program Files\dotnet\sdk\10.0.201\Microsoft.Common.CurrentVersion.targets(2451,5): warning MSB3277:     References which depend on "WindowsBase, Version=4.0.0.0, Culture=neutral, PublicKeyToken=31bf3856ad364e35" [C:\Program Files\dotnet\packs\Microsoft.NETCore.App.Ref\8.0.25\ref\net8.0\WindowsBase.dll]. [C:\Users\ultra\warewolf\Dev\Dev2.Development.Languages\Dev2.Development.Languages.csproj]
C:\Program Files\dotnet\sdk\10.0.201\Microsoft.Common.CurrentVersion.targets(2451,5): warning MSB3277:         C:\Program Files\dotnet\packs\Microsoft.NETCore.App.Ref\8.0.25\ref\net8.0\WindowsBase.dll [C:\Users\ultra\warewolf\Dev\Dev2.Development.Languages\Dev2.Development.Languages.csproj]
C:\Program Files\dotnet\sdk\10.0.201\Microsoft.Common.CurrentVersion.targets(2451,5): warning MSB3277:           Project file item includes which caused reference "C:\Program Files\dotnet\packs\Microsoft.NETCore.App.Ref\8.0.25\ref\net8.0\WindowsBase.dll". [C:\Users\ultra\warewolf\Dev\Dev2.Development.Languages\Dev2.Development.Languages.csproj]
C:\Program Files\dotnet\sdk\10.0.201\Microsoft.Common.CurrentVersion.targets(2451,5): warning MSB3277:             C:\Program Files\dotnet\packs\Microsoft.NETCore.App.Ref\8.0.25\ref/net8.0/WindowsBase.dll [C:\Users\ultra\warewolf\Dev\Dev2.Development.Languages\Dev2.Development.Languages.csproj]
C:\Program Files\dotnet\sdk\10.0.201\Microsoft.Common.CurrentVersion.targets(2451,5): warning MSB3277:     References which depend on or have been unified to "WindowsBase, Version=6.0.2.0, Culture=neutral, PublicKeyToken=31bf3856ad364e35" []. [C:\Users\ultra\warewolf\Dev\Dev2.Development.Languages\Dev2.Development.Languages.csproj]
C:\Program Files\dotnet\sdk\10.0.201\Microsoft.Common.CurrentVersion.targets(2451,5): warning MSB3277:         C:\Users\ultra\.nuget\packages\caliburn.micro\4.0.212\lib\netcoreapp3.1\Caliburn.Micro.Platform.dll [C:\Users\ultra\warewolf\Dev\Dev2.Development.Languages\Dev2.Development.Languages.csproj]
C:\Program Files\dotnet\sdk\10.0.201\Microsoft.Common.CurrentVersion.targets(2451,5): warning MSB3277:           Project file item includes which caused reference "C:\Users\ultra\.nuget\packages\caliburn.micro\4.0.212\lib\netcoreapp3.1\Caliburn.Micro.Platform.dll". [C:\Users\ultra\warewolf\Dev\Dev2.Development.Languages\Dev2.Development.Languages.csproj]
C:\Program Files\dotnet\sdk\10.0.201\Microsoft.Common.CurrentVersion.targets(2451,5): warning MSB3277:             C:\Users\ultra\.nuget\packages\caliburn.micro\4.0.212\lib\netcoreapp3.1\Caliburn.Micro.Platform.dll [C:\Users\ultra\warewolf\Dev\Dev2.Development.Languages\Dev2.Development.Languages.csproj]
C:\Program Files\dotnet\sdk\10.0.201\Microsoft.Common.CurrentVersion.targets(2451,5): warning MSB3277:         C:\Users\ultra\.nuget\packages\ironpython\3.4.0\lib\net6.0\IronPython.Wpf.dll [C:\Users\ultra\warewolf\Dev\Dev2.Development.Languages\Dev2.Development.Languages.csproj]
C:\Program Files\dotnet\sdk\10.0.201\Microsoft.Common.CurrentVersion.targets(2451,5): warning MSB3277:           Project file item includes which caused reference "C:\Users\ultra\.nuget\packages\ironpython\3.4.0\lib\net6.0\IronPython.Wpf.dll". [C:\Users\ultra\warewolf\Dev\Dev2.Development.Languages\Dev2.Development.Languages.csproj]
C:\Program Files\dotnet\sdk\10.0.201\Microsoft.Common.CurrentVersion.targets(2451,5): warning MSB3277:             C:\Users\ultra\.nuget\packages\ironpython\3.4.0\lib\net6.0\IronPython.Wpf.dll [C:\Users\ultra\warewolf\Dev\Dev2.Development.Languages\Dev2.Development.Languages.csproj]
C:\Program Files\dotnet\sdk\10.0.201\Microsoft.Common.CurrentVersion.targets(2451,5): warning MSB3277:         C:\Users\ultra\.nuget\packages\microsoft.xaml.behaviors.wpf\1.1.19\lib\netcoreapp3.0\Microsoft.Xaml.Behaviors.dll [C:\Users\ultra\warewolf\Dev\Dev2.Development.Languages\Dev2.Development.Languages.csproj]
C:\Program Files\dotnet\sdk\10.0.201\Microsoft.Common.CurrentVersion.targets(2451,5): warning MSB3277:           Project file item includes which caused reference "C:\Users\ultra\.nuget\packages\microsoft.xaml.behaviors.wpf\1.1.19\lib\netcoreapp3.0\Microsoft.Xaml.Behaviors.dll". [C:\Users\ultra\warewolf\Dev\Dev2.Development.Languages\Dev2.Development.Languages.csproj]
C:\Program Files\dotnet\sdk\10.0.201\Microsoft.Common.CurrentVersion.targets(2451,5): warning MSB3277:             C:\Users\ultra\.nuget\packages\microsoft.xaml.behaviors.wpf\1.1.19\lib\netcoreapp3.0\Microsoft.Xaml.Behaviors.dll [C:\Users\ultra\warewolf\Dev\Dev2.Development.Languages\Dev2.Development.Languages.csproj]
C:\Program Files\dotnet\sdk\10.0.201\Microsoft.Common.CurrentVersion.targets(2451,5): warning MSB3277:             C:\Users\ultra\.nuget\packages\caliburn.micro\4.0.212\lib\netcoreapp3.1\Caliburn.Micro.Platform.dll [C:\Users\ultra\warewolf\Dev\Dev2.Development.Languages\Dev2.Development.Languages.csproj]
  Dev2.Util -> C:\Users\ultra\warewolf\Dev\Dev2.Util\bin\Debug\net8.0\Dev2.Util.dll
  Dev2.Development.Languages -> C:\Users\ultra\warewolf\Dev\Dev2.Development.Languages\bin\Debug\net8.0\Dev2.Development.Languages.dll
C:\Users\ultra\warewolf\Dev\Dev2.TaskScheduler.Wrappers\Dev2TaskEvent.cs(47,33): warning CA1416: This call site is reachable on all platforms. 'SecurityIdentifier.Value' is only supported on: 'windows'. (https://learn.microsoft.com/dotnet/fundamentals/code-analysis/quality-rules/ca1416) [C:\Users\ultra\warewolf\Dev\Dev2.TaskScheduler.Wrappers\Dev2.TaskScheduler.Wrappers.csproj]
  Dev2.TaskScheduler.Wrappers -> C:\Users\ultra\warewolf\Dev\Dev2.TaskScheduler.Wrappers\bin\Debug\net8.0\Dev2.TaskScheduler.Wrappers.dll
  Warewolf.Licensing -> C:\Users\ultra\warewolf\Dev\Warewolf.Licensing\bin\Debug\net8.0\Warewolf.Licensing.dll
  Dev2.CustomControls -> C:\Users\ultra\warewolf\Dev\Dev2.CustomControls\bin\Debug\net8.0\Dev2.CustomControls.dll
  Consider app.config remapping of assembly "Newtonsoft.Json, Culture=neutral, PublicKeyToken=30ad4fe6b2a6aeed" from Version "12.0.0.0" [] to Version "13.0.0.0" [C:\Users\ultra\.nuget\packages\newtonsoft.json\13.0.2\lib\net6.0\Newtonsoft.Json.dll] to solve conflict and get rid of warning.
  Dev2.Runtime.Configuration -> C:\Users\ultra\warewolf\Dev\Dev2.Runtime.Configuration\bin\Debug\net8.0\Dev2.Runtime.Configuration.dll
C:\Users\ultra\warewolf\Dev\Dev2.Diagnostics\Debug\DebugDispatcher.cs(209,35): warning CC0057: Parameter 'previous' is not used. (https://code-cracker.github.io/diagnostics/CC0057.html) [C:\Users\ultra\warewolf\Dev\Dev2.Diagnostics\Dev2.Diagnostics.csproj]
  Dev2.Diagnostics -> C:\Users\ultra\warewolf\Dev\Dev2.Diagnostics\bin\Debug\net8.0\Dev2.Diagnostics.dll
C:\Users\ultra\warewolf\Dev\Warewolf.AI.Harness\ChatbotApiService.cs(11,7): warning CS0105: The using directive for 'System.Text' appeared previously in this namespace [C:\Users\ultra\warewolf\Dev\Warewolf.AI.Harness\Warewolf.AI.Harness.csproj]
C:\Users\ultra\warewolf\Dev\Warewolf.AI.Harness\ChatbotApiService.cs(12,7): warning CS0105: The using directive for 'Newtonsoft.Json' appeared previously in this namespace [C:\Users\ultra\warewolf\Dev\Warewolf.AI.Harness\Warewolf.AI.Harness.csproj]
C:\Users\ultra\warewolf\Dev\Warewolf.AI.Harness\ChatbotApiService.cs(641,23): warning CS8618: Non-nullable property 'Model' must contain a non-null value when exiting constructor. Consider adding the 'required' modifier or declaring the property as nullable. [C:\Users\ultra\warewolf\Dev\Warewolf.AI.Harness\Warewolf.AI.Harness.csproj]
C:\Users\ultra\warewolf\Dev\Warewolf.AI.Harness\ChatbotApiService.cs(659,23): warning CS8618: Non-nullable property 'FinishReason' must contain a non-null value when exiting constructor. Consider adding the 'required' modifier or declaring the property as nullable. [C:\Users\ultra\warewolf\Dev\Warewolf.AI.Harness\Warewolf.AI.Harness.csproj]
C:\Users\ultra\warewolf\Dev\Warewolf.AI.Harness\ChatbotApiService.cs(201,34): warning CS8600: Converting null literal or possible null value to non-nullable type. [C:\Users\ultra\warewolf\Dev\Warewolf.AI.Harness\Warewolf.AI.Harness.csproj]
C:\Users\ultra\warewolf\Dev\Warewolf.AI.Harness\ChatbotApiService.cs(215,51): warning CS8602: Dereference of a possibly null reference. [C:\Users\ultra\warewolf\Dev\Warewolf.AI.Harness\Warewolf.AI.Harness.csproj]
C:\Users\ultra\warewolf\Dev\Warewolf.AI.Harness\ChatbotApiService.cs(218,25): warning CS8602: Dereference of a possibly null reference. [C:\Users\ultra\warewolf\Dev\Warewolf.AI.Harness\Warewolf.AI.Harness.csproj]
C:\Users\ultra\warewolf\Dev\Warewolf.AI.Harness\ChatbotApiService.cs(303,34): warning CS8600: Converting null literal or possible null value to non-nullable type. [C:\Users\ultra\warewolf\Dev\Warewolf.AI.Harness\Warewolf.AI.Harness.csproj]
C:\Users\ultra\warewolf\Dev\Warewolf.AI.Harness\ChatbotApiService.cs(312,51): warning CS8602: Dereference of a possibly null reference. [C:\Users\ultra\warewolf\Dev\Warewolf.AI.Harness\Warewolf.AI.Harness.csproj]
C:\Users\ultra\warewolf\Dev\Warewolf.AI.Harness\ChatbotApiService.cs(314,30): warning CS8602: Dereference of a possibly null reference. [C:\Users\ultra\warewolf\Dev\Warewolf.AI.Harness\Warewolf.AI.Harness.csproj]
C:\Users\ultra\warewolf\Dev\Warewolf.AI.Harness\ChatbotApiService.cs(477,32): warning CS8600: Converting null literal or possible null value to non-nullable type. [C:\Users\ultra\warewolf\Dev\Warewolf.AI.Harness\Warewolf.AI.Harness.csproj]
C:\Users\ultra\warewolf\Dev\Warewolf.AI.Harness\ChatbotApiService.cs(478,32): warning CS8600: Converting null literal or possible null value to non-nullable type. [C:\Users\ultra\warewolf\Dev\Warewolf.AI.Harness\Warewolf.AI.Harness.csproj]
C:\Users\ultra\warewolf\Dev\Warewolf.AI.Harness\ChatbotApiService.cs(481,73): warning CS8625: Cannot convert null literal to non-nullable reference type. [C:\Users\ultra\warewolf\Dev\Warewolf.AI.Harness\Warewolf.AI.Harness.csproj]
C:\Users\ultra\warewolf\Dev\Warewolf.AI.Harness\ChatbotApiService.cs(482,60): warning CS8604: Possible null reference argument for parameter 'authHeaderName' in 'HttpResponseMessage ChatbotApiService.PostWithAuth(string endpoint, object payload, string authHeaderName, string authHeaderValue, string additionalHeaders)'. [C:\Users\ultra\warewolf\Dev\Warewolf.AI.Harness\Warewolf.AI.Harness.csproj]
C:\Users\ultra\warewolf\Dev\Warewolf.AI.Harness\ChatbotApiService.cs(482,70): warning CS8604: Possible null reference argument for parameter 'authHeaderValue' in 'HttpResponseMessage ChatbotApiService.PostWithAuth(string endpoint, object payload, string authHeaderName, string authHeaderValue, string additionalHeaders)'. [C:\Users\ultra\warewolf\Dev\Warewolf.AI.Harness\Warewolf.AI.Harness.csproj]
C:\Users\ultra\warewolf\Dev\Warewolf.AI.Harness\ChatbotApiService.cs(482,81): warning CS8625: Cannot convert null literal to non-nullable reference type. [C:\Users\ultra\warewolf\Dev\Warewolf.AI.Harness\Warewolf.AI.Harness.csproj]
C:\Users\ultra\warewolf\Dev\Warewolf.AI.Harness\ChatbotApiService.cs(496,73): warning CS8625: Cannot convert null literal to non-nullable reference type. [C:\Users\ultra\warewolf\Dev\Warewolf.AI.Harness\Warewolf.AI.Harness.csproj]
C:\Users\ultra\warewolf\Dev\Warewolf.AI.Harness\ChatbotApiService.cs(497,81): warning CS8625: Cannot convert null literal to non-nullable reference type. [C:\Users\ultra\warewolf\Dev\Warewolf.AI.Harness\Warewolf.AI.Harness.csproj]
C:\Users\ultra\warewolf\Dev\Warewolf.AI.Harness\ChatbotApiService.cs(514,73): warning CS8625: Cannot convert null literal to non-nullable reference type. [C:\Users\ultra\warewolf\Dev\Warewolf.AI.Harness\Warewolf.AI.Harness.csproj]
C:\Users\ultra\warewolf\Dev\Warewolf.AI.Harness\ChatbotApiService.cs(515,114): warning CS8625: Cannot convert null literal to non-nullable reference type. [C:\Users\ultra\warewolf\Dev\Warewolf.AI.Harness\Warewolf.AI.Harness.csproj]
C:\Users\ultra\warewolf\Dev\Warewolf.AI.Harness\ChatbotApiService.cs(521,36): warning CS8600: Converting null literal or possible null value to non-nullable type. [C:\Users\ultra\warewolf\Dev\Warewolf.AI.Harness\Warewolf.AI.Harness.csproj]
C:\Users\ultra\warewolf\Dev\Warewolf.AI.Harness\ChatbotApiService.cs(538,82): warning CS8604: Possible null reference argument for parameter 'systemMessage' in 'Dictionary<string, object> ChatbotApiService.CreatePayload(string model, object messages, string systemMessage, bool useMaxCompletionTokens, bool includeTemperature)'. [C:\Users\ultra\warewolf\Dev\Warewolf.AI.Harness\Warewolf.AI.Harness.csproj]
C:\Users\ultra\warewolf\Dev\Warewolf.AI.Harness\ChatbotApiService.cs(545,35): warning CS8600: Converting null literal or possible null value to non-nullable type. [C:\Users\ultra\warewolf\Dev\Warewolf.AI.Harness\Warewolf.AI.Harness.csproj]
C:\Users\ultra\warewolf\Dev\Warewolf.AI.Harness\ChatbotApiService.cs(589,68): warning CS8625: Cannot convert null literal to non-nullable reference type. [C:\Users\ultra\warewolf\Dev\Warewolf.AI.Harness\Warewolf.AI.Harness.csproj]
C:\Users\ultra\warewolf\Dev\Warewolf.AI.Harness\ChatbotApiService.cs(589,74): warning CS8625: Cannot convert null literal to non-nullable reference type. [C:\Users\ultra\warewolf\Dev\Warewolf.AI.Harness\Warewolf.AI.Harness.csproj]
C:\Users\ultra\warewolf\Dev\Warewolf.AI.Harness\ChatbotApiService.cs(589,80): warning CS8625: Cannot convert null literal to non-nullable reference type. [C:\Users\ultra\warewolf\Dev\Warewolf.AI.Harness\Warewolf.AI.Harness.csproj]
  Warewolf.AI.Harness -> C:\Users\ultra\warewolf\Dev\Warewolf.AI.Harness\bin\Debug\net8.0\Warewolf.AI.Harness.dll
C:\Users\ultra\warewolf\Dev\Dev2.Infrastructure\PerformanceCounters\PerformanceCounterCategoryWrapper.cs(33,48): warning CA1416: This call site is reachable on all platforms. 'PerformanceCounterCategory.Exists(string)' is only supported on: 'windows'. (https://learn.microsoft.com/dotnet/fundamentals/code-analysis/quality-rules/ca1416) [C:\Users\ultra\warewolf\Dev\Dev2.Infrastructure\Dev2.Infrastructure.csproj]
C:\Users\ultra\warewolf\Dev\Dev2.Infrastructure\PerformanceCounters\PerformanceCounterCategoryWrapper.cs(32,48): warning CA1416: This call site is reachable on all platforms. 'PerformanceCounterCategory.Delete(string)' is only supported on: 'windows'. (https://learn.microsoft.com/dotnet/fundamentals/code-analysis/quality-rules/ca1416) [C:\Users\ultra\warewolf\Dev\Dev2.Infrastructure\Dev2.Infrastructure.csproj]
C:\Users\ultra\warewolf\Dev\Dev2.Infrastructure\PerformanceCounters\PerformanceCounterCategoryWrapper.cs(12,51): warning CA1416: This call site is reachable on all platforms. 'PerformanceCounterCategory.CounterExists(string)' is only supported on: 'windows'. (https://learn.microsoft.com/dotnet/fundamentals/code-analysis/quality-rules/ca1416) [C:\Users\ultra\warewolf\Dev\Dev2.Infrastructure\Dev2.Infrastructure.csproj]
C:\Users\ultra\warewolf\Dev\Dev2.Infrastructure\PerformanceCounters\PerformanceCounterCategoryWrapper.cs(38,29): warning CA1416: This call site is reachable on all platforms. 'PerformanceCounterCategory' is only supported on: 'windows'. (https://learn.microsoft.com/dotnet/fundamentals/code-analysis/quality-rules/ca1416) [C:\Users\ultra\warewolf\Dev\Dev2.Infrastructure\Dev2.Infrastructure.csproj]
C:\Users\ultra\warewolf\Dev\Dev2.Infrastructure\PerformanceCounters\Management\WarewolfPerformanceCounterManager.cs(22,140): warning CC0057: Parameter 'register' is not used. (https://code-cracker.github.io/diagnostics/CC0057.html) [C:\Users\ultra\warewolf\Dev\Dev2.Infrastructure\Dev2.Infrastructure.csproj]
C:\Users\ultra\warewolf\Dev\Dev2.Infrastructure\PerformanceCounters\Management\PerformanceCounterPersistence.cs(48,81): warning CC0057: Parameter 'resourcePerformanceCounters' is not used. (https://code-cracker.github.io/diagnostics/CC0057.html) [C:\Users\ultra\warewolf\Dev\Dev2.Infrastructure\Dev2.Infrastructure.csproj]
C:\Users\ultra\warewolf\Dev\Dev2.Infrastructure\PerformanceCounters\Management\WarewolfPerformanceCounterManager.cs(67,83): warning CC0057: Parameter 'name' is not used. (https://code-cracker.github.io/diagnostics/CC0057.html) [C:\Users\ultra\warewolf\Dev\Dev2.Infrastructure\Dev2.Infrastructure.csproj]
C:\Users\ultra\warewolf\Dev\Dev2.Infrastructure\PerformanceCounters\PerformanceCounterCategoryWrapper.cs(50,28): warning CA1416: This call site is reachable on all platforms. 'PerformanceCounterType.AverageTimer32' is only supported on: 'windows'. (https://learn.microsoft.com/dotnet/fundamentals/code-analysis/quality-rules/ca1416) [C:\Users\ultra\warewolf\Dev\Dev2.Infrastructure\Dev2.Infrastructure.csproj]
C:\Users\ultra\warewolf\Dev\Dev2.Infrastructure\PerformanceCounters\PerformanceCounterCategoryWrapper.cs(52,28): warning CA1416: This call site is reachable on all platforms. 'PerformanceCounterType.NumberOfItems32' is only supported on: 'windows'. (https://learn.microsoft.com/dotnet/fundamentals/code-analysis/quality-rules/ca1416) [C:\Users\ultra\warewolf\Dev\Dev2.Infrastructure\Dev2.Infrastructure.csproj]
C:\Users\ultra\warewolf\Dev\Dev2.Infrastructure\PerformanceCounters\PerformanceCounterCategoryWrapper.cs(48,28): warning CA1416: This call site is reachable on all platforms. 'PerformanceCounterType.AverageBase' is only supported on: 'windows'. (https://learn.microsoft.com/dotnet/fundamentals/code-analysis/quality-rules/ca1416) [C:\Users\ultra\warewolf\Dev\Dev2.Infrastructure\Dev2.Infrastructure.csproj]
C:\Users\ultra\warewolf\Dev\Dev2.Infrastructure\PerformanceCounters\PerformanceCounterCategoryWrapper.cs(54,28): warning CA1416: This call site is reachable on all platforms. 'PerformanceCounterType.RateOfCountsPerSecond32' is only supported on: 'windows'. (https://learn.microsoft.com/dotnet/fundamentals/code-analysis/quality-rules/ca1416) [C:\Users\ultra\warewolf\Dev\Dev2.Infrastructure\Dev2.Infrastructure.csproj]
C:\Users\ultra\warewolf\Dev\Dev2.Infrastructure\PerformanceCounters\PerformanceCounterCategoryWrapper.cs(19,45): warning CA1416: This call site is reachable on all platforms. 'CounterCreationData' is only supported on: 'windows'. (https://learn.microsoft.com/dotnet/fundamentals/code-analysis/quality-rules/ca1416) [C:\Users\ultra\warewolf\Dev\Dev2.Infrastructure\Dev2.Infrastructure.csproj]
C:\Users\ultra\warewolf\Dev\Dev2.Infrastructure\PerformanceCounters\PerformanceCounterCategoryWrapper.cs(29,13): warning CA1416: This call site is reachable on all platforms. 'PerformanceCounterCategory.Create(string, string, PerformanceCounterCategoryType, CounterCreationDataCollection)' is only supported on: 'windows'. (https://learn.microsoft.com/dotnet/fundamentals/code-analysis/quality-rules/ca1416) [C:\Users\ultra\warewolf\Dev\Dev2.Infrastructure\Dev2.Infrastructure.csproj]
C:\Users\ultra\warewolf\Dev\Dev2.Infrastructure\PerformanceCounters\PerformanceCounterCategoryWrapper.cs(29,71): warning CA1416: This call site is reachable on all platforms. 'PerformanceCounterCategoryType.MultiInstance' is only supported on: 'windows'. (https://learn.microsoft.com/dotnet/fundamentals/code-analysis/quality-rules/ca1416) [C:\Users\ultra\warewolf\Dev\Dev2.Infrastructure\Dev2.Infrastructure.csproj]
C:\Users\ultra\warewolf\Dev\Dev2.Infrastructure\PerformanceCounters\PerformanceCounterCategoryWrapper.cs(14,49): warning CA1416: This call site is reachable on all platforms. 'CounterCreationDataCollection' is only supported on: 'windows'. (https://learn.microsoft.com/dotnet/fundamentals/code-analysis/quality-rules/ca1416) [C:\Users\ultra\warewolf\Dev\Dev2.Infrastructure\Dev2.Infrastructure.csproj]
C:\Users\ultra\warewolf\Dev\Dev2.Infrastructure\PerformanceCounters\PerformanceCounterCategoryWrapper.cs(25,21): warning CA1416: This call site is reachable on all platforms. 'CounterCreationDataCollection.Add(CounterCreationData)' is only supported on: 'windows'. (https://learn.microsoft.com/dotnet/fundamentals/code-analysis/quality-rules/ca1416) [C:\Users\ultra\warewolf\Dev\Dev2.Infrastructure\Dev2.Infrastructure.csproj]
C:\Users\ultra\warewolf\Dev\Dev2.Infrastructure\Services\Security\MoqInstallerActions\InstallerActionsForDevelopment.cs(57,31): warning CA1416: This call site is reachable on all platforms. 'WindowsIdentity.GetCurrent(bool)' is only supported on: 'windows'. (https://learn.microsoft.com/dotnet/fundamentals/code-analysis/quality-rules/ca1416) [C:\Users\ultra\warewolf\Dev\Dev2.Infrastructure\Dev2.Infrastructure.csproj]
C:\Users\ultra\warewolf\Dev\Dev2.Infrastructure\Services\Security\MoqInstallerActions\InstallerActionsForDevelopment.cs(59,57): warning CA1416: This call site is reachable on all platforms. 'WindowsIdentity.Name' is only supported on: 'windows'. (https://learn.microsoft.com/dotnet/fundamentals/code-analysis/quality-rules/ca1416) [C:\Users\ultra\warewolf\Dev\Dev2.Infrastructure\Dev2.Infrastructure.csproj]
C:\Users\ultra\warewolf\Dev\Dev2.Infrastructure\Services\Security\SecuritySettings.cs(92,28): warning CC0022: HMACSHA256 should be disposed. (https://code-cracker.github.io/diagnostics/CC0022.html) [C:\Users\ultra\warewolf\Dev\Dev2.Infrastructure\Dev2.Infrastructure.csproj]
CSC : warning AD0001: Analyzer 'CodeCracker.CSharp.Design.UseInvokeMethodToFireEventAnalyzer' threw an exception of type 'System.ArgumentException' with message 'Syntax node is not within syntax tree'. [C:\Users\ultra\warewolf\Dev\Dev2.Infrastructure\Dev2.Infrastructure.csproj]
CSC : warning AD0001: Analyzer 'CodeCracker.CSharp.Design.UseInvokeMethodToFireEventAnalyzer' threw an exception of type 'System.ArgumentException' with message 'Syntax node is not within syntax tree'. [C:\Users\ultra\warewolf\Dev\Dev2.Infrastructure\Dev2.Infrastructure.csproj]
CSC : warning AD0001: Analyzer 'CodeCracker.CSharp.Design.UseInvokeMethodToFireEventAnalyzer' threw an exception of type 'System.ArgumentException' with message 'Syntax node is not within syntax tree'. [C:\Users\ultra\warewolf\Dev\Dev2.Infrastructure\Dev2.Infrastructure.csproj]
CSC : warning AD0001: Analyzer 'CodeCracker.CSharp.Design.UseInvokeMethodToFireEventAnalyzer' threw an exception of type 'System.ArgumentException' with message 'Syntax node is not within syntax tree'. [C:\Users\ultra\warewolf\Dev\Dev2.Infrastructure\Dev2.Infrastructure.csproj]
CSC : warning AD0001: Analyzer 'CodeCracker.CSharp.Design.UseInvokeMethodToFireEventAnalyzer' threw an exception of type 'System.ArgumentException' with message 'Syntax node is not within syntax tree'. [C:\Users\ultra\warewolf\Dev\Dev2.Infrastructure\Dev2.Infrastructure.csproj]
CSC : warning AD0001: Analyzer 'CodeCracker.CSharp.Design.UseInvokeMethodToFireEventAnalyzer' threw an exception of type 'System.ArgumentException' with message 'Syntax node is not within syntax tree'. [C:\Users\ultra\warewolf\Dev\Dev2.Infrastructure\Dev2.Infrastructure.csproj]
CSC : warning AD0001: Analyzer 'CodeCracker.CSharp.Design.UseInvokeMethodToFireEventAnalyzer' threw an exception of type 'System.ArgumentException' with message 'Syntax node is not within syntax tree'. [C:\Users\ultra\warewolf\Dev\Dev2.Infrastructure\Dev2.Infrastructure.csproj]
CSC : warning AD0001: Analyzer 'CodeCracker.CSharp.Design.UseInvokeMethodToFireEventAnalyzer' threw an exception of type 'System.ArgumentException' with message 'Syntax node is not within syntax tree'. [C:\Users\ultra\warewolf\Dev\Dev2.Infrastructure\Dev2.Infrastructure.csproj]
CSC : warning AD0001: Analyzer 'CodeCracker.CSharp.Design.UseInvokeMethodToFireEventAnalyzer' threw an exception of type 'System.ArgumentException' with message 'Syntax node is not within syntax tree'. [C:\Users\ultra\warewolf\Dev\Dev2.Infrastructure\Dev2.Infrastructure.csproj]
CSC : warning AD0001: Analyzer 'CodeCracker.CSharp.Design.UseInvokeMethodToFireEventAnalyzer' threw an exception of type 'System.ArgumentException' with message 'Syntax node is not within syntax tree'. [C:\Users\ultra\warewolf\Dev\Dev2.Infrastructure\Dev2.Infrastructure.csproj]
CSC : warning AD0001: Analyzer 'CodeCracker.CSharp.Design.UseInvokeMethodToFireEventAnalyzer' threw an exception of type 'System.ArgumentException' with message 'Syntax node is not within syntax tree'. [C:\Users\ultra\warewolf\Dev\Dev2.Infrastructure\Dev2.Infrastructure.csproj]
CSC : warning AD0001: Analyzer 'CodeCracker.CSharp.Design.UseInvokeMethodToFireEventAnalyzer' threw an exception of type 'System.ArgumentException' with message 'Syntax node is not within syntax tree'. [C:\Users\ultra\warewolf\Dev\Dev2.Infrastructure\Dev2.Infrastructure.csproj]
CSC : warning AD0001: Analyzer 'CodeCracker.CSharp.Design.UseInvokeMethodToFireEventAnalyzer' threw an exception of type 'System.ArgumentException' with message 'Syntax node is not within syntax tree'. [C:\Users\ultra\warewolf\Dev\Dev2.Infrastructure\Dev2.Infrastructure.csproj]
CSC : warning AD0001: Analyzer 'CodeCracker.CSharp.Design.UseInvokeMethodToFireEventAnalyzer' threw an exception of type 'System.ArgumentException' with message 'Syntax node is not within syntax tree'. [C:\Users\ultra\warewolf\Dev\Dev2.Infrastructure\Dev2.Infrastructure.csproj]
  Dev2.Infrastructure -> C:\Users\ultra\warewolf\Dev\Dev2.Infrastructure\bin\Debug\net8.0\Dev2.Infrastructure.dll
C:\Program Files\dotnet\sdk\10.0.201\Microsoft.CSharp.CurrentVersion.targets(130,9): warning MSB3884: Could not find rule set file "..\.sonarlint\warewolf_dotnet_frameworkcsharp.ruleset". [C:\Users\ultra\warewolf\Dev\Warewolf.Sharepoint\Warewolf.Sharepoint.csproj]
C:\Users\ultra\warewolf\Dev\Dev2.SignalR.Wrappers.New\HubConnectionWrapper.cs(431,21): warning SYSLIB0006: 'Thread.Abort()' is obsolete: 'Thread.Abort is not supported and throws PlatformNotSupportedException.' (https://aka.ms/dotnet-warnings/SYSLIB0006) [C:\Users\ultra\warewolf\Dev\Dev2.SignalR.Wrappers.New\Dev2.SignalR.Wrappers.New.csproj]
C:\Users\ultra\warewolf\Dev\Dev2.SignalR.Wrappers.New\HubConnectionWrapper.cs(205,21): warning CC0029: 'HubConnectionWrapper' should call GC.SuppressFinalize inside the Dispose method. (https://code-cracker.github.io/diagnostics/CC0029.html) [C:\Users\ultra\warewolf\Dev\Dev2.SignalR.Wrappers.New\Dev2.SignalR.Wrappers.New.csproj]
C:\Users\ultra\warewolf\Dev\Dev2.SignalR.Wrappers.New\HubConnectionWrapper.cs(383,17): warning CC0105: Use 'var' instead of specifying the type name. (https://code-cracker.github.io/diagnostics/CC0105.html) [C:\Users\ultra\warewolf\Dev\Dev2.SignalR.Wrappers.New\Dev2.SignalR.Wrappers.New.csproj]
  Warewolf.Storage -> C:\Users\ultra\warewolf\Dev\Warewolf.Storage\bin\Debug\net8.0\Warewolf.Storage.dll
  Dev2.SignalR.Wrappers.New -> C:\Users\ultra\warewolf\Dev\Dev2.SignalR.Wrappers.New\bin\Debug\net8.0\Dev2.SignalR.Wrappers.New.dll
  Warewolf.Sharepoint -> C:\Users\ultra\warewolf\Dev\Warewolf.Sharepoint\bin\Debug\net8.0\Warewolf.Sharepoint.dll
C:\Program Files\dotnet\sdk\10.0.201\Microsoft.Common.CurrentVersion.targets(2451,5): warning MSB3245: Could not resolve this reference. Could not locate the assembly "System.Web". Check to make sure the assembly exists on disk. If this reference is required by your code, you may get compilation errors. [C:\Users\ultra\warewolf\Dev\Dev2.Data\Dev2.Data.csproj]
C:\Program Files\dotnet\sdk\10.0.201\Microsoft.Common.CurrentVersion.targets(2451,5): warning MSB3245: Could not resolve this reference. Could not locate the assembly "System.Web.Extensions". Check to make sure the assembly exists on disk. If this reference is required by your code, you may get compilation errors. [C:\Users\ultra\warewolf\Dev\Dev2.Data\Dev2.Data.csproj]
C:\Program Files\dotnet\sdk\10.0.201\Microsoft.Common.CurrentVersion.targets(2451,5): warning MSB3245: Could not resolve this reference. Could not locate the assembly "System.Xml.Linq". Check to make sure the assembly exists on disk. If this reference is required by your code, you may get compilation errors. [C:\Users\ultra\warewolf\Dev\Dev2.Data\Dev2.Data.csproj]
C:\Program Files\dotnet\sdk\10.0.201\Microsoft.Common.CurrentVersion.targets(2451,5): warning MSB3245: Could not resolve this reference. Could not locate the assembly "System.Data.DataSetExtensions". Check to make sure the assembly exists on disk. If this reference is required by your code, you may get compilation errors. [C:\Users\ultra\warewolf\Dev\Dev2.Data\Dev2.Data.csproj]
C:\Program Files\dotnet\sdk\10.0.201\Microsoft.Common.CurrentVersion.targets(2451,5): warning MSB3245: Could not resolve this reference. Could not locate the assembly "Microsoft.CSharp". Check to make sure the assembly exists on disk. If this reference is required by your code, you may get compilation errors. [C:\Users\ultra\warewolf\Dev\Dev2.Data\Dev2.Data.csproj]
C:\Program Files\dotnet\sdk\10.0.201\Microsoft.Common.CurrentVersion.targets(2451,5): warning MSB3245: Could not resolve this reference. Could not locate the assembly "System.Data". Check to make sure the assembly exists on disk. If this reference is required by your code, you may get compilation errors. [C:\Users\ultra\warewolf\Dev\Dev2.Data\Dev2.Data.csproj]
C:\Program Files\dotnet\sdk\10.0.201\Microsoft.Common.CurrentVersion.targets(2451,5): warning MSB3245: Could not resolve this reference. Could not locate the assembly "System.Xml". Check to make sure the assembly exists on disk. If this reference is required by your code, you may get compilation errors. [C:\Users\ultra\warewolf\Dev\Dev2.Data\Dev2.Data.csproj]
C:\Users\ultra\warewolf\Dev\Dev2.Services.Sql\ConnectionBuilder.cs(44,21): warning CC0029: 'ConnectionBuilder' should call GC.SuppressFinalize inside the Dispose method. (https://code-cracker.github.io/diagnostics/CC0029.html) [C:\Users\ultra\warewolf\Dev\Dev2.Services.Sql\Dev2.Services.Sql.csproj]
C:\Program Files\dotnet\sdk\10.0.201\Microsoft.Common.CurrentVersion.targets(2451,5): warning MSB3243: No way to resolve conflict between "System.Web, Version=4.0.0.0, Culture=neutral, PublicKeyToken=b03f5f7f11d50a3a" and "System.Web". Choosing "System.Web, Version=4.0.0.0, Culture=neutral, PublicKeyToken=b03f5f7f11d50a3a" arbitrarily. [C:\Users\ultra\warewolf\Dev\Dev2.Data\Dev2.Data.csproj]
C:\Program Files\dotnet\sdk\10.0.201\Microsoft.Common.CurrentVersion.targets(2451,5): warning MSB3243: No way to resolve conflict between "System.Xml.Linq, Version=4.0.0.0, Culture=neutral, PublicKeyToken=b77a5c561934e089" and "System.Xml.Linq". Choosing "System.Xml.Linq, Version=4.0.0.0, Culture=neutral, PublicKeyToken=b77a5c561934e089" arbitrarily. [C:\Users\ultra\warewolf\Dev\Dev2.Data\Dev2.Data.csproj]
C:\Program Files\dotnet\sdk\10.0.201\Microsoft.Common.CurrentVersion.targets(2451,5): warning MSB3243: No way to resolve conflict between "System.Data.DataSetExtensions, Version=8.0.0.0, Culture=neutral, PublicKeyToken=b77a5c561934e089" and "System.Data.DataSetExtensions". Choosing "System.Data.DataSetExtensions, Version=8.0.0.0, Culture=neutral, PublicKeyToken=b77a5c561934e089" arbitrarily. [C:\Users\ultra\warewolf\Dev\Dev2.Data\Dev2.Data.csproj]
C:\Program Files\dotnet\sdk\10.0.201\Microsoft.Common.CurrentVersion.targets(2451,5): warning MSB3243: No way to resolve conflict between "Microsoft.CSharp, Version=8.0.0.0, Culture=neutral, PublicKeyToken=b03f5f7f11d50a3a" and "Microsoft.CSharp". Choosing "Microsoft.CSharp, Version=8.0.0.0, Culture=neutral, PublicKeyToken=b03f5f7f11d50a3a" arbitrarily. [C:\Users\ultra\warewolf\Dev\Dev2.Data\Dev2.Data.csproj]
C:\Program Files\dotnet\sdk\10.0.201\Microsoft.Common.CurrentVersion.targets(2451,5): warning MSB3243: No way to resolve conflict between "System.Data, Version=4.0.0.0, Culture=neutral, PublicKeyToken=b77a5c561934e089" and "System.Data". Choosing "System.Data, Version=4.0.0.0, Culture=neutral, PublicKeyToken=b77a5c561934e089" arbitrarily. [C:\Users\ultra\warewolf\Dev\Dev2.Data\Dev2.Data.csproj]
C:\Program Files\dotnet\sdk\10.0.201\Microsoft.Common.CurrentVersion.targets(2451,5): warning MSB3243: No way to resolve conflict between "System.Xml, Version=4.0.0.0, Culture=neutral, PublicKeyToken=b77a5c561934e089" and "System.Xml". Choosing "System.Xml, Version=4.0.0.0, Culture=neutral, PublicKeyToken=b77a5c561934e089" arbitrarily. [C:\Users\ultra\warewolf\Dev\Dev2.Data\Dev2.Data.csproj]
  Dev2.Services.Sql -> C:\Users\ultra\warewolf\Dev\Dev2.Services.Sql\bin\Debug\net8.0\Dev2.Services.Sql.dll
CSC : warning CS2002: Source file 'C:\Users\ultra\warewolf\Dev\Dev2.Data\MathOperations\NCalc\NCalcExpressionBuilder.cs' specified multiple times [C:\Users\ultra\warewolf\Dev\Dev2.Data\Dev2.Data.csproj]
CSC : warning CS2002: Source file 'C:\Users\ultra\warewolf\Dev\Dev2.Data\MathOperations\NCalc\NCalcFunctionArgHelper.cs' specified multiple times [C:\Users\ultra\warewolf\Dev\Dev2.Data\Dev2.Data.csproj]
CSC : warning CS2002: Source file 'C:\Users\ultra\warewolf\Dev\Dev2.Data\MathOperations\NCalc\Functions\BaseConversionFunctions.cs' specified multiple times [C:\Users\ultra\warewolf\Dev\Dev2.Data\Dev2.Data.csproj]
CSC : warning CS2002: Source file 'C:\Users\ultra\warewolf\Dev\Dev2.Data\MathOperations\NCalc\Functions\ComplexFunctions.cs' specified multiple times [C:\Users\ultra\warewolf\Dev\Dev2.Data\Dev2.Data.csproj]
CSC : warning CS2002: Source file 'C:\Users\ultra\warewolf\Dev\Dev2.Data\MathOperations\NCalc\Functions\DateTimeFunctions.cs' specified multiple times [C:\Users\ultra\warewolf\Dev\Dev2.Data\Dev2.Data.csproj]
CSC : warning CS2002: Source file 'C:\Users\ultra\warewolf\Dev\Dev2.Data\MathOperations\NCalc\Functions\FinancialFunctions.cs' specified multiple times [C:\Users\ultra\warewolf\Dev\Dev2.Data\Dev2.Data.csproj]
CSC : warning CS2002: Source file 'C:\Users\ultra\warewolf\Dev\Dev2.Data\MathOperations\NCalc\Functions\InformationFunctions.cs' specified multiple times [C:\Users\ultra\warewolf\Dev\Dev2.Data\Dev2.Data.csproj]
CSC : warning CS2002: Source file 'C:\Users\ultra\warewolf\Dev\Dev2.Data\MathOperations\NCalc\Functions\MathFunctions.cs' specified multiple times [C:\Users\ultra\warewolf\Dev\Dev2.Data\Dev2.Data.csproj]
CSC : warning CS2002: Source file 'C:\Users\ultra\warewolf\Dev\Dev2.Data\MathOperations\NCalc\Functions\StringFunctions.cs' specified multiple times [C:\Users\ultra\warewolf\Dev\Dev2.Data\Dev2.Data.csproj]
C:\Users\ultra\warewolf\Dev\Dev2.Data\MathOperations\NCalc\Functions\MathFunctions.cs(22,30): warning CS8632: The annotation for nullable reference types should only be used in code within a '#nullable' annotations context. [C:\Users\ultra\warewolf\Dev\Dev2.Data\Dev2.Data.csproj]
C:\Users\ultra\warewolf\Dev\Dev2.Data\MathOperations\NCalc\NCalcFunctionArgHelper.cs(51,47): warning CS8632: The annotation for nullable reference types should only be used in code within a '#nullable' annotations context. [C:\Users\ultra\warewolf\Dev\Dev2.Data\Dev2.Data.csproj]
C:\Users\ultra\warewolf\Dev\Dev2.Data\NativeMethods.cs(66,59): warning CS0472: The result of the expression is always 'false' since a value of type 'nint' is never equal to 'null' of type 'nint?' [C:\Users\ultra\warewolf\Dev\Dev2.Data\Dev2.Data.csproj]
C:\Users\ultra\warewolf\Dev\Dev2.Data\NativeMethods.cs(88,8): warning CS0472: The result of the expression is always 'false' since a value of type 'nint' is never equal to 'null' of type 'nint?' [C:\Users\ultra\warewolf\Dev\Dev2.Data\Dev2.Data.csproj]
C:\Users\ultra\warewolf\Dev\Dev2.Data\MathOperations\NCalc\Functions\StringFunctions.cs(94,59): warning CS8632: The annotation for nullable reference types should only be used in code within a '#nullable' annotations context. [C:\Users\ultra\warewolf\Dev\Dev2.Data\Dev2.Data.csproj]
C:\Users\ultra\warewolf\Dev\Dev2.Data\Security\WindowsIdentityExtensions.cs(41,59): warning CA1416: This call site is reachable on all platforms. 'WindowsIdentity.AccessToken' is only supported on: 'windows'. (https://learn.microsoft.com/dotnet/fundamentals/code-analysis/quality-rules/ca1416) [C:\Users\ultra\warewolf\Dev\Dev2.Data\Dev2.Data.csproj]
C:\Users\ultra\warewolf\Dev\Dev2.Data\Security\WindowsIdentityExtensions.cs(28,49): warning CA1416: This call site is reachable on all platforms. 'WindowsIdentity.AccessToken' is only supported on: 'windows'. (https://learn.microsoft.com/dotnet/fundamentals/code-analysis/quality-rules/ca1416) [C:\Users\ultra\warewolf\Dev\Dev2.Data\Dev2.Data.csproj]
C:\Users\ultra\warewolf\Dev\Dev2.Data\Security\WindowsIdentityExtensions.cs(28,17): warning CA1416: This call site is reachable on all platforms. 'WindowsIdentity.RunImpersonated(SafeAccessTokenHandle, Action)' is only supported on: 'windows'. (https://learn.microsoft.com/dotnet/fundamentals/code-analysis/quality-rules/ca1416) [C:\Users\ultra\warewolf\Dev\Dev2.Data\Dev2.Data.csproj]
C:\Users\ultra\warewolf\Dev\Dev2.Data\Security\WindowsIdentityExtensions.cs(41,24): warning CA1416: This call site is reachable on all platforms. 'WindowsIdentity.RunImpersonated<T>(SafeAccessTokenHandle, Func<T>)' is only supported on: 'windows'. (https://learn.microsoft.com/dotnet/fundamentals/code-analysis/quality-rules/ca1416) [C:\Users\ultra\warewolf\Dev\Dev2.Data\Dev2.Data.csproj]
C:\Users\ultra\warewolf\Dev\Dev2.Data\PathOperations\ValidateAuthorization.cs(73,33): warning CA1416: This call site is reachable on all platforms. 'WindowsIdentity' is only supported on: 'windows'. (https://learn.microsoft.com/dotnet/fundamentals/code-analysis/quality-rules/ca1416) [C:\Users\ultra\warewolf\Dev\Dev2.Data\Dev2.Data.csproj]
  Dev2.Data -> C:\Users\ultra\warewolf\Dev\Dev2.Data\bin\Debug\net8.0\Dev2.Data.dll
  Warewolf.Driver.Serilog -> C:\Users\ultra\warewolf\Dev\Warewolf.Driver.Serilog\bin\Debug\net8.0\Warewolf.Driver.Serilog.dll
  Dev2.Scheduler -> C:\Users\ultra\warewolf\Dev\Dev2.Scheduler\bin\Debug\net8.0\Dev2.Scheduler.dll
  Dev2.Core -> C:\Users\ultra\warewolf\Dev\Dev2.Core\bin\Debug\net8.0\Dev2.Core.dll
C:\Users\ultra\warewolf\Dev\Warewolf.Auditing\Audit.cs(189,26): warning CS8073: The result of the expression is always 'false' since a value of type 'DateTime' is never equal to 'null' of type 'DateTime?' [C:\Users\ultra\warewolf\Dev\Warewolf.Auditing\Warewolf.Auditing.csproj]
C:\Users\ultra\warewolf\Dev\Warewolf.Auditing\Drivers\AuditQueryableElastic.cs(360,33): warning CS0618: 'ElasticsearchClient.Search<TDocument>(SearchRequestDescriptor<TDocument>)' is obsolete: 'Synchronous methods are deprecated and could be removed in the future.' [C:\Users\ultra\warewolf\Dev\Warewolf.Auditing\Warewolf.Auditing.csproj]
C:\Users\ultra\warewolf\Dev\Warewolf.Auditing\Drivers\AuditQueryableElastic.cs(384,26): warning CS0618: 'ElasticsearchClient.Ping()' is obsolete: 'Synchronous methods are deprecated and could be removed in the future.' [C:\Users\ultra\warewolf\Dev\Warewolf.Auditing\Warewolf.Auditing.csproj]
C:\Users\ultra\warewolf\Dev\Warewolf.Core\InputsFromJson.cs(99,21): warning CC0105: Use 'var' instead of specifying the type name. (https://code-cracker.github.io/diagnostics/CC0105.html) [C:\Users\ultra\warewolf\Dev\Warewolf.Core\Warewolf.Core.csproj]
  Warewolf.Core -> C:\Users\ultra\warewolf\Dev\Warewolf.Core\bin\Debug\net8.0\Warewolf.Core.dll
  Warewolf.Exchange.Email.Wrapper -> C:\Users\ultra\warewolf\Dev\Warewolf.Exchange.Email.Wrapper\bin\Debug\net8.0\Warewolf.Exchange.Email.Wrapper.dll
  Warewolf.Auditing -> C:\Users\ultra\warewolf\Dev\Warewolf.Auditing\bin\Debug\net8.0\Warewolf.Auditing.dll
  Warewolf.ResourceManagement -> C:\Users\ultra\warewolf\Dev\Warewolf.ResourceManagement\bin\Debug\net8.0\Warewolf.ResourceManagement.dll
C:\Users\ultra\warewolf\Dev\Warewolf.Common.NetStandard20\Wrappers\WebRequestWrapper.cs(26,24): warning SYSLIB0014: 'WebRequest.Create(string)' is obsolete: 'WebRequest, HttpWebRequest, ServicePoint, and WebClient are obsolete. Use HttpClient instead.' (https://aka.ms/dotnet-warnings/SYSLIB0014) [C:\Users\ultra\warewolf\Dev\Warewolf.Common.NetStandard20\Warewolf.Common.NetStandard20.csproj]
C:\Users\ultra\warewolf\Dev\Warewolf.Common.NetStandard20\Wrappers\WebClientWrapper.cs(26,26): warning SYSLIB0014: 'WebClient.WebClient()' is obsolete: 'WebRequest, HttpWebRequest, ServicePoint, and WebClient are obsolete. Use HttpClient instead.' (https://aka.ms/dotnet-warnings/SYSLIB0014) [C:\Users\ultra\warewolf\Dev\Warewolf.Common.NetStandard20\Warewolf.Common.NetStandard20.csproj]
C:\Users\ultra\warewolf\Dev\Warewolf.Common.NetStandard20\Wrappers\WebClientWrapper.cs(31,26): warning SYSLIB0014: 'WebClient.WebClient()' is obsolete: 'WebRequest, HttpWebRequest, ServicePoint, and WebClient are obsolete. Use HttpClient instead.' (https://aka.ms/dotnet-warnings/SYSLIB0014) [C:\Users\ultra\warewolf\Dev\Warewolf.Common.NetStandard20\Warewolf.Common.NetStandard20.csproj]
  Warewolf.Common.NetStandard20 -> C:\Users\ultra\warewolf\Dev\Warewolf.Common.NetStandard20\bin\Debug\net8.0\Warewolf.Common.NetStandard20.dll
C:\Users\ultra\warewolf\Dev\Dev2.Runtime.Services\ServiceModel\ElasticsearchSources.cs(110,34): warning CS0618: 'ElasticsearchClient.Ping()' is obsolete: 'Synchronous methods are deprecated and could be removed in the future.' [C:\Users\ultra\warewolf\Dev\Dev2.Runtime.Services\Dev2.Runtime.Services.csproj]
C:\Users\ultra\warewolf\Dev\Dev2.Runtime.Services\ESB\Management\Services\FetchTestsAndTriggers.cs(45,17): warning CC0105: Use 'var' instead of specifying the type name. (https://code-cracker.github.io/diagnostics/CC0105.html) [C:\Users\ultra\warewolf\Dev\Dev2.Runtime.Services\Dev2.Runtime.Services.csproj]
C:\Users\ultra\warewolf\Dev\Dev2.Runtime.Services\UsageLogger.cs(66,33): warning CC0022: ManagementObjectSearcher should be disposed. (https://code-cracker.github.io/diagnostics/CC0022.html) [C:\Users\ultra\warewolf\Dev\Dev2.Runtime.Services\Dev2.Runtime.Services.csproj]
C:\Users\ultra\warewolf\Dev\Dev2.Runtime.Services\ServiceModel\WebSources.cs(532,7): warning CC0004: Empty Catch Block. (https://code-cracker.github.io/diagnostics/CC0004.html) [C:\Users\ultra\warewolf\Dev\Dev2.Runtime.Services\Dev2.Runtime.Services.csproj]
C:\Users\ultra\warewolf\Dev\Dev2.Runtime.Services\ServiceModel\WebSources.cs(751,38): warning CC0022: StringContent should be disposed. (https://code-cracker.github.io/diagnostics/CC0022.html) [C:\Users\ultra\warewolf\Dev\Dev2.Runtime.Services\Dev2.Runtime.Services.csproj]
C:\Users\ultra\warewolf\Dev\Dev2.Runtime.Services\ESB\Management\Services\ChatbotToolNormalizer.cs(80,17): warning CC0003: Consider adding an Exception to the catch. (https://code-cracker.github.io/diagnostics/CC0003.html) [C:\Users\ultra\warewolf\Dev\Dev2.Runtime.Services\Dev2.Runtime.Services.csproj]
C:\Users\ultra\warewolf\Dev\Dev2.Runtime.Services\ESB\Management\Services\ChatbotToolNormalizer.cs(101,21): warning CC0004: Empty Catch Block. (https://code-cracker.github.io/diagnostics/CC0004.html) [C:\Users\ultra\warewolf\Dev\Dev2.Runtime.Services\Dev2.Runtime.Services.csproj]
C:\Users\ultra\warewolf\Dev\Dev2.Runtime.Services\ESB\Management\Services\TestChatbotSource.cs(44,17): warning CC0105: Use 'var' instead of specifying the type name. (https://code-cracker.github.io/diagnostics/CC0105.html) [C:\Users\ultra\warewolf\Dev\Dev2.Runtime.Services\Dev2.Runtime.Services.csproj]
C:\Users\ultra\warewolf\Dev\Dev2.Runtime.Services\ESB\Management\Services\TestChatbotSource.cs(45,17): warning CC0105: Use 'var' instead of specifying the type name. (https://code-cracker.github.io/diagnostics/CC0105.html) [C:\Users\ultra\warewolf\Dev\Dev2.Runtime.Services\Dev2.Runtime.Services.csproj]
C:\Users\ultra\warewolf\Dev\Dev2.Runtime.Services\ESB\Management\Services\ChatbotToolNormalizer.cs(226,21): warning CC0105: Use 'var' instead of specifying the type name. (https://code-cracker.github.io/diagnostics/CC0105.html) [C:\Users\ultra\warewolf\Dev\Dev2.Runtime.Services\Dev2.Runtime.Services.csproj]
C:\Users\ultra\warewolf\Dev\Dev2.Runtime.Services\ESB\Management\Services\ChatbotToolNormalizer.cs(279,21): warning CC0105: Use 'var' instead of specifying the type name. (https://code-cracker.github.io/diagnostics/CC0105.html) [C:\Users\ultra\warewolf\Dev\Dev2.Runtime.Services\Dev2.Runtime.Services.csproj]
  Dev2.Runtime.Services -> C:\Users\ultra\warewolf\Dev\Dev2.Runtime.Services\bin\Debug\net8.0\Dev2.Runtime.Services.dll
C:\Users\ultra\warewolf\Dev\Warewolf.Driver.Persistence\Drivers\HangfireScheduler.cs(376,17): warning CA2200: Re-throwing caught exception changes stack information (https://learn.microsoft.com/dotnet/fundamentals/code-analysis/quality-rules/ca2200) [C:\Users\ultra\warewolf\Dev\Warewolf.Driver.Persistence\Warewolf.Driver.Persistence.csproj]
C:\Users\ultra\warewolf\Dev\Warewolf.Driver.Persistence\Drivers\HangfireScheduler.cs(397,17): warning CA2200: Re-throwing caught exception changes stack information (https://learn.microsoft.com/dotnet/fundamentals/code-analysis/quality-rules/ca2200) [C:\Users\ultra\warewolf\Dev\Warewolf.Driver.Persistence\Warewolf.Driver.Persistence.csproj]
C:\Users\ultra\warewolf\Dev\Warewolf.Driver.Persistence\Drivers\HangfireScheduler.cs(320,17): warning CA2200: Re-throwing caught exception changes stack information (https://learn.microsoft.com/dotnet/fundamentals/code-analysis/quality-rules/ca2200) [C:\Users\ultra\warewolf\Dev\Warewolf.Driver.Persistence\Warewolf.Driver.Persistence.csproj]
  Warewolf.Driver.Persistence -> C:\Users\ultra\warewolf\Dev\Warewolf.Driver.Persistence\bin\Debug\net8.0\Warewolf.Driver.Persistence.dll
  Dev2.Studio.Interfaces -> C:\Users\ultra\warewolf\Dev\Dev2.Studio.Interfaces\bin\Debug\net8.0\Dev2.Studio.Interfaces.dll
  Dev2.Services.Execution -> C:\Users\ultra\warewolf\Dev\Dev2.Services.Execution\bin\Debug\net8.0\Dev2.Services.Execution.dll
C:\Program Files\dotnet\sdk\10.0.201\Microsoft.Common.CurrentVersion.targets(2451,5): warning MSB3277: Found conflicts between different versions of "Microsoft.Win32.SystemEvents" that could not be resolved. [C:\Users\ultra\warewolf\Dev\Warewolf.Studio.Core\Warewolf.Studio.Core.csproj]
C:\Program Files\dotnet\sdk\10.0.201\Microsoft.Common.CurrentVersion.targets(2451,5): warning MSB3277: There was a conflict between "Microsoft.Win32.SystemEvents, Version=6.0.0.0, Culture=neutral, PublicKeyToken=cc7b13ffcd2ddd51" and "Microsoft.Win32.SystemEvents, Version=7.0.0.0, Culture=neutral, PublicKeyToken=cc7b13ffcd2ddd51". [C:\Users\ultra\warewolf\Dev\Warewolf.Studio.Core\Warewolf.Studio.Core.csproj]
C:\Program Files\dotnet\sdk\10.0.201\Microsoft.Common.CurrentVersion.targets(2451,5): warning MSB3277:     "Microsoft.Win32.SystemEvents, Version=6.0.0.0, Culture=neutral, PublicKeyToken=cc7b13ffcd2ddd51" was chosen because it was primary and "Microsoft.Win32.SystemEvents, Version=7.0.0.0, Culture=neutral, PublicKeyToken=cc7b13ffcd2ddd51" was not. [C:\Users\ultra\warewolf\Dev\Warewolf.Studio.Core\Warewolf.Studio.Core.csproj]
C:\Program Files\dotnet\sdk\10.0.201\Microsoft.Common.CurrentVersion.targets(2451,5): warning MSB3277:     References which depend on "Microsoft.Win32.SystemEvents, Version=6.0.0.0, Culture=neutral, PublicKeyToken=cc7b13ffcd2ddd51" [C:\Users\ultra\.nuget\packages\microsoft.win32.systemevents\6.0.0\lib\net6.0\Microsoft.Win32.SystemEvents.dll]. [C:\Users\ultra\warewolf\Dev\Warewolf.Studio.Core\Warewolf.Studio.Core.csproj]
C:\Program Files\dotnet\sdk\10.0.201\Microsoft.Common.CurrentVersion.targets(2451,5): warning MSB3277:         C:\Users\ultra\.nuget\packages\microsoft.win32.systemevents\6.0.0\lib\net6.0\Microsoft.Win32.SystemEvents.dll [C:\Users\ultra\warewolf\Dev\Warewolf.Studio.Core\Warewolf.Studio.Core.csproj]
C:\Program Files\dotnet\sdk\10.0.201\Microsoft.Common.CurrentVersion.targets(2451,5): warning MSB3277:           Project file item includes which caused reference "C:\Users\ultra\.nuget\packages\microsoft.win32.systemevents\6.0.0\lib\net6.0\Microsoft.Win32.SystemEvents.dll". [C:\Users\ultra\warewolf\Dev\Warewolf.Studio.Core\Warewolf.Studio.Core.csproj]
C:\Program Files\dotnet\sdk\10.0.201\Microsoft.Common.CurrentVersion.targets(2451,5): warning MSB3277:             C:\Users\ultra\.nuget\packages\microsoft.win32.systemevents\6.0.0\lib\net6.0\Microsoft.Win32.SystemEvents.dll [C:\Users\ultra\warewolf\Dev\Warewolf.Studio.Core\Warewolf.Studio.Core.csproj]
C:\Program Files\dotnet\sdk\10.0.201\Microsoft.Common.CurrentVersion.targets(2451,5): warning MSB3277:     References which depend on or have been unified to "Microsoft.Win32.SystemEvents, Version=7.0.0.0, Culture=neutral, PublicKeyToken=cc7b13ffcd2ddd51" []. [C:\Users\ultra\warewolf\Dev\Warewolf.Studio.Core\Warewolf.Studio.Core.csproj]
C:\Program Files\dotnet\sdk\10.0.201\Microsoft.Common.CurrentVersion.targets(2451,5): warning MSB3277:         C:\Users\ultra\warewolf\Dev\Dev2.Common\bin\Debug\net8.0\Dev2.Common.dll [C:\Users\ultra\warewolf\Dev\Warewolf.Studio.Core\Warewolf.Studio.Core.csproj]
C:\Program Files\dotnet\sdk\10.0.201\Microsoft.Common.CurrentVersion.targets(2451,5): warning MSB3277:           Project file item includes which caused reference "C:\Users\ultra\warewolf\Dev\Dev2.Common\bin\Debug\net8.0\Dev2.Common.dll". [C:\Users\ultra\warewolf\Dev\Warewolf.Studio.Core\Warewolf.Studio.Core.csproj]
C:\Program Files\dotnet\sdk\10.0.201\Microsoft.Common.CurrentVersion.targets(2451,5): warning MSB3277:             C:\Users\ultra\warewolf\Dev\Dev2.Common\bin\Debug\net8.0\Dev2.Common.dll [C:\Users\ultra\warewolf\Dev\Warewolf.Studio.Core\Warewolf.Studio.Core.csproj]
C:\Program Files\dotnet\sdk\10.0.201\Microsoft.Common.CurrentVersion.targets(2451,5): warning MSB3277:             C:\Users\ultra\warewolf\Dev\Dev2.Core\bin\Debug\net8.0\Dev2.Core.dll [C:\Users\ultra\warewolf\Dev\Warewolf.Studio.Core\Warewolf.Studio.Core.csproj]
C:\Program Files\dotnet\sdk\10.0.201\Microsoft.Common.CurrentVersion.targets(2451,5): warning MSB3277:             C:\Users\ultra\warewolf\Dev\Dev2.Infrastructure\bin\Debug\net8.0\Dev2.Infrastructure.dll [C:\Users\ultra\warewolf\Dev\Warewolf.Studio.Core\Warewolf.Studio.Core.csproj]
C:\Program Files\dotnet\sdk\10.0.201\Microsoft.Common.CurrentVersion.targets(2451,5): warning MSB3277:             C:\Users\ultra\warewolf\Dev\Dev2.Studio.Interfaces\bin\Debug\net8.0\Dev2.Studio.Interfaces.dll [C:\Users\ultra\warewolf\Dev\Warewolf.Studio.Core\Warewolf.Studio.Core.csproj]
C:\Program Files\dotnet\sdk\10.0.201\Microsoft.Common.CurrentVersion.targets(2451,5): warning MSB3277:             C:\Users\ultra\warewolf\Dev\Dev2.Data\bin\Debug\net8.0\Dev2.Data.dll [C:\Users\ultra\warewolf\Dev\Warewolf.Studio.Core\Warewolf.Studio.Core.csproj]
C:\Program Files\dotnet\sdk\10.0.201\Microsoft.Common.CurrentVersion.targets(2451,5): warning MSB3277:             C:\Users\ultra\warewolf\Dev\Dev2.Diagnostics\bin\Debug\net8.0\Dev2.Diagnostics.dll [C:\Users\ultra\warewolf\Dev\Warewolf.Studio.Core\Warewolf.Studio.Core.csproj]
C:\Program Files\dotnet\sdk\10.0.201\Microsoft.Common.CurrentVersion.targets(2451,5): warning MSB3277:             C:\Users\ultra\warewolf\Dev\Dev2.Runtime.Services\bin\Debug\net8.0\Dev2.Runtime.Services.dll [C:\Users\ultra\warewolf\Dev\Warewolf.Studio.Core\Warewolf.Studio.Core.csproj]
C:\Program Files\dotnet\sdk\10.0.201\Microsoft.Common.CurrentVersion.targets(2451,5): warning MSB3277:             C:\Users\ultra\warewolf\Dev\Dev2.Scheduler\bin\Debug\net8.0\Dev2.Scheduler.dll [C:\Users\ultra\warewolf\Dev\Warewolf.Studio.Core\Warewolf.Studio.Core.csproj]
C:\Program Files\dotnet\sdk\10.0.201\Microsoft.Common.CurrentVersion.targets(2451,5): warning MSB3277:             C:\Users\ultra\warewolf\Dev\Dev2.Services.Sql\bin\Debug\net8.0\Dev2.Services.Sql.dll [C:\Users\ultra\warewolf\Dev\Warewolf.Studio.Core\Warewolf.Studio.Core.csproj]
C:\Program Files\dotnet\sdk\10.0.201\Microsoft.Common.CurrentVersion.targets(2451,5): warning MSB3277:             C:\Users\ultra\warewolf\Dev\Dev2.TaskScheduler.Wrappers\bin\Debug\net8.0\Dev2.TaskScheduler.Wrappers.dll [C:\Users\ultra\warewolf\Dev\Warewolf.Studio.Core\Warewolf.Studio.Core.csproj]
C:\Program Files\dotnet\sdk\10.0.201\Microsoft.Common.CurrentVersion.targets(2451,5): warning MSB3277:             C:\Users\ultra\warewolf\Dev\Dev2.Util\bin\Debug\net8.0\Dev2.Util.dll [C:\Users\ultra\warewolf\Dev\Warewolf.Studio.Core\Warewolf.Studio.Core.csproj]
C:\Program Files\dotnet\sdk\10.0.201\Microsoft.Common.CurrentVersion.targets(2451,5): warning MSB3277:             C:\Users\ultra\warewolf\Dev\Warewolf.AI.Harness\bin\Debug\net8.0\Warewolf.AI.Harness.dll [C:\Users\ultra\warewolf\Dev\Warewolf.Studio.Core\Warewolf.Studio.Core.csproj]
C:\Program Files\dotnet\sdk\10.0.201\Microsoft.Common.CurrentVersion.targets(2451,5): warning MSB3277:             C:\Users\ultra\warewolf\Dev\Warewolf.Auditing\bin\Debug\net8.0\Warewolf.Auditing.dll [C:\Users\ultra\warewolf\Dev\Warewolf.Studio.Core\Warewolf.Studio.Core.csproj]
C:\Program Files\dotnet\sdk\10.0.201\Microsoft.Common.CurrentVersion.targets(2451,5): warning MSB3277:             C:\Users\ultra\warewolf\Dev\Warewolf.Common.NetStandard20\bin\Debug\net8.0\Warewolf.Common.NetStandard20.dll [C:\Users\ultra\warewolf\Dev\Warewolf.Studio.Core\Warewolf.Studio.Core.csproj]
C:\Program Files\dotnet\sdk\10.0.201\Microsoft.Common.CurrentVersion.targets(2451,5): warning MSB3277:             C:\Users\ultra\warewolf\Dev\Warewolf.Core\bin\Debug\net8.0\Warewolf.Core.dll [C:\Users\ultra\warewolf\Dev\Warewolf.Studio.Core\Warewolf.Studio.Core.csproj]
C:\Program Files\dotnet\sdk\10.0.201\Microsoft.Common.CurrentVersion.targets(2451,5): warning MSB3277:             C:\Users\ultra\warewolf\Dev\Warewolf.Driver.Serilog\bin\Debug\net8.0\Warewolf.Driver.Serilog.dll [C:\Users\ultra\warewolf\Dev\Warewolf.Studio.Core\Warewolf.Studio.Core.csproj]
C:\Program Files\dotnet\sdk\10.0.201\Microsoft.Common.CurrentVersion.targets(2451,5): warning MSB3277:             C:\Users\ultra\warewolf\Dev\Warewolf.ResourceManagement\bin\Debug\net8.0\Warewolf.ResourceManagement.dll [C:\Users\ultra\warewolf\Dev\Warewolf.Studio.Core\Warewolf.Studio.Core.csproj]
C:\Program Files\dotnet\sdk\10.0.201\Microsoft.Common.CurrentVersion.targets(2451,5): warning MSB3277:             C:\Users\ultra\warewolf\Dev\Warewolf.Sharepoint\bin\Debug\net8.0\Warewolf.Sharepoint.dll [C:\Users\ultra\warewolf\Dev\Warewolf.Studio.Core\Warewolf.Studio.Core.csproj]
C:\Program Files\dotnet\sdk\10.0.201\Microsoft.Common.CurrentVersion.targets(2451,5): warning MSB3277:             C:\Users\ultra\warewolf\Dev\Warewolf.Storage\bin\Debug\net8.0\Warewolf.Storage.dll [C:\Users\ultra\warewolf\Dev\Warewolf.Studio.Core\Warewolf.Studio.Core.csproj]
C:\Program Files\dotnet\sdk\10.0.201\Microsoft.Common.CurrentVersion.targets(2451,5): warning MSB3277:         C:\Users\ultra\warewolf\Dev\Binaries\Infragistcs_Net6\InfragisticsWPF4.v15.1.dll [C:\Users\ultra\warewolf\Dev\Warewolf.Studio.Core\Warewolf.Studio.Core.csproj]
C:\Program Files\dotnet\sdk\10.0.201\Microsoft.Common.CurrentVersion.targets(2451,5): warning MSB3277:           Project file item includes which caused reference "C:\Users\ultra\warewolf\Dev\Binaries\Infragistcs_Net6\InfragisticsWPF4.v15.1.dll". [C:\Users\ultra\warewolf\Dev\Warewolf.Studio.Core\Warewolf.Studio.Core.csproj]
C:\Program Files\dotnet\sdk\10.0.201\Microsoft.Common.CurrentVersion.targets(2451,5): warning MSB3277:             InfragisticsWPF4.v15.1, Version=15.1.20151.2055, Culture=neutral, PublicKeyToken=7dd5c3163f2cd0cb, processorArchitecture=MSIL [C:\Users\ultra\warewolf\Dev\Warewolf.Studio.Core\Warewolf.Studio.Core.csproj]
C:\Program Files\dotnet\sdk\10.0.201\Microsoft.Common.CurrentVersion.targets(2451,5): warning MSB3277:             InfragisticsWPF4.Controls.Menus.XamDataTree.v15.1, Version=15.1.20151.2055, Culture=neutral, PublicKeyToken=7dd5c3163f2cd0cb, processorArchitecture=MSIL [C:\Users\ultra\warewolf\Dev\Warewolf.Studio.Core\Warewolf.Studio.Core.csproj]
C:\Program Files\dotnet\sdk\10.0.201\Microsoft.Common.CurrentVersion.targets(2451,5): warning MSB3277:             InfragisticsWPF4.DataManager.v15.1, Version=15.1.20151.2055, Culture=neutral, PublicKeyToken=7dd5c3163f2cd0cb, processorArchitecture=MSIL [C:\Users\ultra\warewolf\Dev\Warewolf.Studio.Core\Warewolf.Studio.Core.csproj]
C:\Program Files\dotnet\sdk\10.0.201\Microsoft.Common.CurrentVersion.targets(2451,5): warning MSB3277:             InfragisticsWPF4.DockManager.v15.1, Version=15.1.20151.2055, Culture=neutral, PublicKeyToken=7dd5c3163f2cd0cb, processorArchitecture=MSIL [C:\Users\ultra\warewolf\Dev\Warewolf.Studio.Core\Warewolf.Studio.Core.csproj]
C:\Program Files\dotnet\sdk\10.0.201\Microsoft.Common.CurrentVersion.targets(2451,5): warning MSB3277:         C:\Users\ultra\.nuget\packages\timespan2\2.4.2\lib\netcoreapp3.1\TimeSpan2.dll [C:\Users\ultra\warewolf\Dev\Warewolf.Studio.Core\Warewolf.Studio.Core.csproj]
C:\Program Files\dotnet\sdk\10.0.201\Microsoft.Common.CurrentVersion.targets(2451,5): warning MSB3277:           Project file item includes which caused reference "C:\Users\ultra\.nuget\packages\timespan2\2.4.2\lib\netcoreapp3.1\TimeSpan2.dll". [C:\Users\ultra\warewolf\Dev\Warewolf.Studio.Core\Warewolf.Studio.Core.csproj]
C:\Program Files\dotnet\sdk\10.0.201\Microsoft.Common.CurrentVersion.targets(2451,5): warning MSB3277:             C:\Users\ultra\.nuget\packages\timespan2\2.4.2\lib\netcoreapp3.1\TimeSpan2.dll [C:\Users\ultra\warewolf\Dev\Warewolf.Studio.Core\Warewolf.Studio.Core.csproj]
C:\Program Files\dotnet\sdk\10.0.201\Microsoft.Common.CurrentVersion.targets(2451,5): warning MSB3277:             C:\Users\ultra\.nuget\packages\taskschedulereditor\2.10.1\lib\net452\Microsoft.Win32.TaskSchedulerEditor.dll [C:\Users\ultra\warewolf\Dev\Warewolf.Studio.Core\Warewolf.Studio.Core.csproj]
C:\Program Files\dotnet\sdk\10.0.201\Microsoft.Common.CurrentVersion.targets(2451,5): warning MSB3277:         C:\Program Files\dotnet\packs\Microsoft.NETCore.App.Ref\8.0.25\ref\net8.0\System.dll [C:\Users\ultra\warewolf\Dev\Warewolf.Studio.Core\Warewolf.Studio.Core.csproj]
C:\Program Files\dotnet\sdk\10.0.201\Microsoft.Common.CurrentVersion.targets(2451,5): warning MSB3277:           Project file item includes which caused reference "C:\Program Files\dotnet\packs\Microsoft.NETCore.App.Ref\8.0.25\ref\net8.0\System.dll". [C:\Users\ultra\warewolf\Dev\Warewolf.Studio.Core\Warewolf.Studio.Core.csproj]
C:\Program Files\dotnet\sdk\10.0.201\Microsoft.Common.CurrentVersion.targets(2451,5): warning MSB3277:             C:\Program Files\dotnet\packs\Microsoft.NETCore.App.Ref\8.0.25\ref/net8.0/System.dll [C:\Users\ultra\warewolf\Dev\Warewolf.Studio.Core\Warewolf.Studio.Core.csproj]
C:\Program Files\dotnet\sdk\10.0.201\Microsoft.Common.CurrentVersion.targets(2451,5): warning MSB3277:             C:\Users\ultra\.nuget\packages\aerowizard\2.3.1\lib\net45\AeroWizard.dll [C:\Users\ultra\warewolf\Dev\Warewolf.Studio.Core\Warewolf.Studio.Core.csproj]
C:\Program Files\dotnet\sdk\10.0.201\Microsoft.Common.CurrentVersion.targets(2451,5): warning MSB3277:             C:\Users\ultra\.nuget\packages\groupcontrols\1.9.0\lib\net45\GroupControls.dll [C:\Users\ultra\warewolf\Dev\Warewolf.Studio.Core\Warewolf.Studio.Core.csproj]
C:\Program Files\dotnet\sdk\10.0.201\Microsoft.Common.CurrentVersion.targets(2451,5): warning MSB3277:             C:\Users\ultra\.nuget\packages\microsoft.xaml.behaviors.wpf\1.1.122\lib\net462\Microsoft.Xaml.Behaviors.dll [C:\Users\ultra\warewolf\Dev\Warewolf.Studio.Core\Warewolf.Studio.Core.csproj]
C:\Program Files\dotnet\sdk\10.0.201\Microsoft.Common.CurrentVersion.targets(2451,5): warning MSB3277:             C:\Users\ultra\.nuget\packages\caliburn.micro\4.0.212\lib\netcoreapp3.1\Caliburn.Micro.Platform.dll [C:\Users\ultra\warewolf\Dev\Warewolf.Studio.Core\Warewolf.Studio.Core.csproj]
C:\Program Files\dotnet\sdk\10.0.201\Microsoft.Common.CurrentVersion.targets(2451,5): warning MSB3277:             C:\Users\ultra\.nuget\packages\prism.wpf\9.0.537\lib\net462\Prism.Wpf.dll [C:\Users\ultra\warewolf\Dev\Warewolf.Studio.Core\Warewolf.Studio.Core.csproj]
C:\Program Files\dotnet\sdk\10.0.201\Microsoft.Common.CurrentVersion.targets(2451,5): warning MSB3277:             C:\Users\ultra\.nuget\packages\reactiveui.wpf\18.4.1\lib\net462\ReactiveUI.Wpf.dll [C:\Users\ultra\warewolf\Dev\Warewolf.Studio.Core\Warewolf.Studio.Core.csproj]
C:\Program Files\dotnet\sdk\10.0.201\Microsoft.Common.CurrentVersion.targets(2451,5): warning MSB3277:             C:\Users\ultra\.nuget\packages\taskschedulereditor\2.10.1\lib\net452\Microsoft.Win32.TaskSchedulerEditor.dll [C:\Users\ultra\warewolf\Dev\Warewolf.Studio.Core\Warewolf.Studio.Core.csproj]
C:\Program Files\dotnet\sdk\10.0.201\Microsoft.Common.CurrentVersion.targets(2451,5): warning MSB3277:             C:\Users\ultra\.nuget\packages\ttcue.netcore.sharepointonline.csom.16.1.8029.1200\16.1.8029.1200\lib\netcoreapp2.0\Microsoft.SharePoint.Client.Runtime.Windows.dll [C:\Users\ultra\warewolf\Dev\Warewolf.Studio.Core\Warewolf.Studio.Core.csproj]
C:\Program Files\dotnet\sdk\10.0.201\Microsoft.Common.CurrentVersion.targets(2451,5): warning MSB3277: Found conflicts between different versions of "System.Security.Permissions" that could not be resolved. [C:\Users\ultra\warewolf\Dev\Warewolf.Studio.Core\Warewolf.Studio.Core.csproj]
C:\Program Files\dotnet\sdk\10.0.201\Microsoft.Common.CurrentVersion.targets(2451,5): warning MSB3277: There was a conflict between "System.Security.Permissions, Version=6.0.0.0, Culture=neutral, PublicKeyToken=cc7b13ffcd2ddd51" and "System.Security.Permissions, Version=7.0.0.0, Culture=neutral, PublicKeyToken=cc7b13ffcd2ddd51". [C:\Users\ultra\warewolf\Dev\Warewolf.Studio.Core\Warewolf.Studio.Core.csproj]
C:\Program Files\dotnet\sdk\10.0.201\Microsoft.Common.CurrentVersion.targets(2451,5): warning MSB3277:     "System.Security.Permissions, Version=6.0.0.0, Culture=neutral, PublicKeyToken=cc7b13ffcd2ddd51" was chosen because it was primary and "System.Security.Permissions, Version=7.0.0.0, Culture=neutral, PublicKeyToken=cc7b13ffcd2ddd51" was not. [C:\Users\ultra\warewolf\Dev\Warewolf.Studio.Core\Warewolf.Studio.Core.csproj]
C:\Program Files\dotnet\sdk\10.0.201\Microsoft.Common.CurrentVersion.targets(2451,5): warning MSB3277:     References which depend on "System.Security.Permissions, Version=6.0.0.0, Culture=neutral, PublicKeyToken=cc7b13ffcd2ddd51" [C:\Users\ultra\.nuget\packages\system.security.permissions\6.0.0\lib\net6.0\System.Security.Permissions.dll]. [C:\Users\ultra\warewolf\Dev\Warewolf.Studio.Core\Warewolf.Studio.Core.csproj]
C:\Program Files\dotnet\sdk\10.0.201\Microsoft.Common.CurrentVersion.targets(2451,5): warning MSB3277:         C:\Users\ultra\.nuget\packages\system.security.permissions\6.0.0\lib\net6.0\System.Security.Permissions.dll [C:\Users\ultra\warewolf\Dev\Warewolf.Studio.Core\Warewolf.Studio.Core.csproj]
C:\Program Files\dotnet\sdk\10.0.201\Microsoft.Common.CurrentVersion.targets(2451,5): warning MSB3277:           Project file item includes which caused reference "C:\Users\ultra\.nuget\packages\system.security.permissions\6.0.0\lib\net6.0\System.Security.Permissions.dll". [C:\Users\ultra\warewolf\Dev\Warewolf.Studio.Core\Warewolf.Studio.Core.csproj]
C:\Program Files\dotnet\sdk\10.0.201\Microsoft.Common.CurrentVersion.targets(2451,5): warning MSB3277:             C:\Users\ultra\.nuget\packages\system.security.permissions\6.0.0\lib\net6.0\System.Security.Permissions.dll [C:\Users\ultra\warewolf\Dev\Warewolf.Studio.Core\Warewolf.Studio.Core.csproj]
C:\Program Files\dotnet\sdk\10.0.201\Microsoft.Common.CurrentVersion.targets(2451,5): warning MSB3277:     References which depend on or have been unified to "System.Security.Permissions, Version=7.0.0.0, Culture=neutral, PublicKeyToken=cc7b13ffcd2ddd51" []. [C:\Users\ultra\warewolf\Dev\Warewolf.Studio.Core\Warewolf.Studio.Core.csproj]
C:\Program Files\dotnet\sdk\10.0.201\Microsoft.Common.CurrentVersion.targets(2451,5): warning MSB3277:         C:\Users\ultra\warewolf\Dev\Dev2.Data\bin\Debug\net8.0\Dev2.Data.dll [C:\Users\ultra\warewolf\Dev\Warewolf.Studio.Core\Warewolf.Studio.Core.csproj]
C:\Program Files\dotnet\sdk\10.0.201\Microsoft.Common.CurrentVersion.targets(2451,5): warning MSB3277:           Project file item includes which caused reference "C:\Users\ultra\warewolf\Dev\Dev2.Data\bin\Debug\net8.0\Dev2.Data.dll". [C:\Users\ultra\warewolf\Dev\Warewolf.Studio.Core\Warewolf.Studio.Core.csproj]
C:\Program Files\dotnet\sdk\10.0.201\Microsoft.Common.CurrentVersion.targets(2451,5): warning MSB3277:             C:\Users\ultra\warewolf\Dev\Dev2.Data\bin\Debug\net8.0\Dev2.Data.dll [C:\Users\ultra\warewolf\Dev\Warewolf.Studio.Core\Warewolf.Studio.Core.csproj]
C:\Program Files\dotnet\sdk\10.0.201\Microsoft.Common.CurrentVersion.targets(2451,5): warning MSB3277:             C:\Users\ultra\warewolf\Dev\Dev2.Core\bin\Debug\net8.0\Dev2.Core.dll [C:\Users\ultra\warewolf\Dev\Warewolf.Studio.Core\Warewolf.Studio.Core.csproj]
C:\Program Files\dotnet\sdk\10.0.201\Microsoft.Common.CurrentVersion.targets(2451,5): warning MSB3277:             C:\Users\ultra\warewolf\Dev\Dev2.Studio.Interfaces\bin\Debug\net8.0\Dev2.Studio.Interfaces.dll [C:\Users\ultra\warewolf\Dev\Warewolf.Studio.Core\Warewolf.Studio.Core.csproj]
C:\Program Files\dotnet\sdk\10.0.201\Microsoft.Common.CurrentVersion.targets(2451,5): warning MSB3277:             C:\Users\ultra\warewolf\Dev\Dev2.Runtime.Services\bin\Debug\net8.0\Dev2.Runtime.Services.dll [C:\Users\ultra\warewolf\Dev\Warewolf.Studio.Core\Warewolf.Studio.Core.csproj]
C:\Program Files\dotnet\sdk\10.0.201\Microsoft.Common.CurrentVersion.targets(2451,5): warning MSB3277:             C:\Users\ultra\warewolf\Dev\Dev2.Scheduler\bin\Debug\net8.0\Dev2.Scheduler.dll [C:\Users\ultra\warewolf\Dev\Warewolf.Studio.Core\Warewolf.Studio.Core.csproj]
C:\Program Files\dotnet\sdk\10.0.201\Microsoft.Common.CurrentVersion.targets(2451,5): warning MSB3277:             C:\Users\ultra\warewolf\Dev\Warewolf.Auditing\bin\Debug\net8.0\Warewolf.Auditing.dll [C:\Users\ultra\warewolf\Dev\Warewolf.Studio.Core\Warewolf.Studio.Core.csproj]
C:\Program Files\dotnet\sdk\10.0.201\Microsoft.Common.CurrentVersion.targets(2451,5): warning MSB3277:             C:\Users\ultra\warewolf\Dev\Warewolf.Common.NetStandard20\bin\Debug\net8.0\Warewolf.Common.NetStandard20.dll [C:\Users\ultra\warewolf\Dev\Warewolf.Studio.Core\Warewolf.Studio.Core.csproj]
C:\Program Files\dotnet\sdk\10.0.201\Microsoft.Common.CurrentVersion.targets(2451,5): warning MSB3277:             C:\Users\ultra\warewolf\Dev\Warewolf.Core\bin\Debug\net8.0\Warewolf.Core.dll [C:\Users\ultra\warewolf\Dev\Warewolf.Studio.Core\Warewolf.Studio.Core.csproj]
C:\Program Files\dotnet\sdk\10.0.201\Microsoft.Common.CurrentVersion.targets(2451,5): warning MSB3277:             C:\Users\ultra\warewolf\Dev\Warewolf.ResourceManagement\bin\Debug\net8.0\Warewolf.ResourceManagement.dll [C:\Users\ultra\warewolf\Dev\Warewolf.Studio.Core\Warewolf.Studio.Core.csproj]
C:\Program Files\dotnet\sdk\10.0.201\Microsoft.Common.CurrentVersion.targets(2451,5): warning MSB3277:         C:\Users\ultra\warewolf\Dev\Binaries\Infragistcs_Net6\InfragisticsWPF4.DockManager.v15.1.dll [C:\Users\ultra\warewolf\Dev\Warewolf.Studio.Core\Warewolf.Studio.Core.csproj]
C:\Program Files\dotnet\sdk\10.0.201\Microsoft.Common.CurrentVersion.targets(2451,5): warning MSB3277:           Project file item includes which caused reference "C:\Users\ultra\warewolf\Dev\Binaries\Infragistcs_Net6\InfragisticsWPF4.DockManager.v15.1.dll". [C:\Users\ultra\warewolf\Dev\Warewolf.Studio.Core\Warewolf.Studio.Core.csproj]
C:\Program Files\dotnet\sdk\10.0.201\Microsoft.Common.CurrentVersion.targets(2451,5): warning MSB3277:             InfragisticsWPF4.DockManager.v15.1, Version=15.1.20151.2055, Culture=neutral, PublicKeyToken=7dd5c3163f2cd0cb, processorArchitecture=MSIL [C:\Users\ultra\warewolf\Dev\Warewolf.Studio.Core\Warewolf.Studio.Core.csproj]
C:\Program Files\dotnet\sdk\10.0.201\Microsoft.Common.CurrentVersion.targets(2451,5): warning MSB3277:         C:\Users\ultra\warewolf\Dev\Binaries\Infragistcs_Net6\InfragisticsWPF4.v15.1.dll [C:\Users\ultra\warewolf\Dev\Warewolf.Studio.Core\Warewolf.Studio.Core.csproj]
C:\Program Files\dotnet\sdk\10.0.201\Microsoft.Common.CurrentVersion.targets(2451,5): warning MSB3277:           Project file item includes which caused reference "C:\Users\ultra\warewolf\Dev\Binaries\Infragistcs_Net6\InfragisticsWPF4.v15.1.dll". [C:\Users\ultra\warewolf\Dev\Warewolf.Studio.Core\Warewolf.Studio.Core.csproj]
C:\Program Files\dotnet\sdk\10.0.201\Microsoft.Common.CurrentVersion.targets(2451,5): warning MSB3277:             InfragisticsWPF4.v15.1, Version=15.1.20151.2055, Culture=neutral, PublicKeyToken=7dd5c3163f2cd0cb, processorArchitecture=MSIL [C:\Users\ultra\warewolf\Dev\Warewolf.Studio.Core\Warewolf.Studio.Core.csproj]
C:\Program Files\dotnet\sdk\10.0.201\Microsoft.Common.CurrentVersion.targets(2451,5): warning MSB3277:             InfragisticsWPF4.Controls.Menus.XamDataTree.v15.1, Version=15.1.20151.2055, Culture=neutral, PublicKeyToken=7dd5c3163f2cd0cb, processorArchitecture=MSIL [C:\Users\ultra\warewolf\Dev\Warewolf.Studio.Core\Warewolf.Studio.Core.csproj]
C:\Program Files\dotnet\sdk\10.0.201\Microsoft.Common.CurrentVersion.targets(2451,5): warning MSB3277:             InfragisticsWPF4.DataManager.v15.1, Version=15.1.20151.2055, Culture=neutral, PublicKeyToken=7dd5c3163f2cd0cb, processorArchitecture=MSIL [C:\Users\ultra\warewolf\Dev\Warewolf.Studio.Core\Warewolf.Studio.Core.csproj]
C:\Program Files\dotnet\sdk\10.0.201\Microsoft.Common.CurrentVersion.targets(2451,5): warning MSB3277:             InfragisticsWPF4.DockManager.v15.1, Version=15.1.20151.2055, Culture=neutral, PublicKeyToken=7dd5c3163f2cd0cb, processorArchitecture=MSIL [C:\Users\ultra\warewolf\Dev\Warewolf.Studio.Core\Warewolf.Studio.Core.csproj]
C:\Program Files\dotnet\sdk\10.0.201\Microsoft.Common.CurrentVersion.targets(2451,5): warning MSB3277:         C:\Users\ultra\.nuget\packages\dotnetzip\1.16.0\lib\netstandard2.0\DotNetZip.dll [C:\Users\ultra\warewolf\Dev\Warewolf.Studio.Core\Warewolf.Studio.Core.csproj]
C:\Program Files\dotnet\sdk\10.0.201\Microsoft.Common.CurrentVersion.targets(2451,5): warning MSB3277:           Project file item includes which caused reference "C:\Users\ultra\.nuget\packages\dotnetzip\1.16.0\lib\netstandard2.0\DotNetZip.dll". [C:\Users\ultra\warewolf\Dev\Warewolf.Studio.Core\Warewolf.Studio.Core.csproj]
C:\Program Files\dotnet\sdk\10.0.201\Microsoft.Common.CurrentVersion.targets(2451,5): warning MSB3277:             C:\Users\ultra\.nuget\packages\dotnetzip\1.16.0\lib\netstandard2.0\DotNetZip.dll [C:\Users\ultra\warewolf\Dev\Warewolf.Studio.Core\Warewolf.Studio.Core.csproj]
C:\Program Files\dotnet\sdk\10.0.201\Microsoft.Common.CurrentVersion.targets(2451,5): warning MSB3277:             C:\Users\ultra\warewolf\Dev\Dev2.Common\bin\Debug\net8.0\Dev2.Common.dll [C:\Users\ultra\warewolf\Dev\Warewolf.Studio.Core\Warewolf.Studio.Core.csproj]
C:\Program Files\dotnet\sdk\10.0.201\Microsoft.Common.CurrentVersion.targets(2451,5): warning MSB3277:             C:\Users\ultra\warewolf\Dev\Dev2.Core\bin\Debug\net8.0\Dev2.Core.dll [C:\Users\ultra\warewolf\Dev\Warewolf.Studio.Core\Warewolf.Studio.Core.csproj]
C:\Program Files\dotnet\sdk\10.0.201\Microsoft.Common.CurrentVersion.targets(2451,5): warning MSB3277:             C:\Users\ultra\warewolf\Dev\Dev2.Infrastructure\bin\Debug\net8.0\Dev2.Infrastructure.dll [C:\Users\ultra\warewolf\Dev\Warewolf.Studio.Core\Warewolf.Studio.Core.csproj]
C:\Program Files\dotnet\sdk\10.0.201\Microsoft.Common.CurrentVersion.targets(2451,5): warning MSB3277:             C:\Users\ultra\warewolf\Dev\Dev2.Studio.Interfaces\bin\Debug\net8.0\Dev2.Studio.Interfaces.dll [C:\Users\ultra\warewolf\Dev\Warewolf.Studio.Core\Warewolf.Studio.Core.csproj]
C:\Program Files\dotnet\sdk\10.0.201\Microsoft.Common.CurrentVersion.targets(2451,5): warning MSB3277:             C:\Users\ultra\warewolf\Dev\Dev2.Data\bin\Debug\net8.0\Dev2.Data.dll [C:\Users\ultra\warewolf\Dev\Warewolf.Studio.Core\Warewolf.Studio.Core.csproj]
C:\Program Files\dotnet\sdk\10.0.201\Microsoft.Common.CurrentVersion.targets(2451,5): warning MSB3277:             C:\Users\ultra\warewolf\Dev\Dev2.Data.Interfaces\bin\Debug\net8.0\Dev2.Data.Interfaces.dll [C:\Users\ultra\warewolf\Dev\Warewolf.Studio.Core\Warewolf.Studio.Core.csproj]
C:\Program Files\dotnet\sdk\10.0.201\Microsoft.Common.CurrentVersion.targets(2451,5): warning MSB3277:             C:\Users\ultra\warewolf\Dev\Dev2.Diagnostics\bin\Debug\net8.0\Dev2.Diagnostics.dll [C:\Users\ultra\warewolf\Dev\Warewolf.Studio.Core\Warewolf.Studio.Core.csproj]
C:\Program Files\dotnet\sdk\10.0.201\Microsoft.Common.CurrentVersion.targets(2451,5): warning MSB3277:             C:\Users\ultra\warewolf\Dev\Dev2.Runtime.Services\bin\Debug\net8.0\Dev2.Runtime.Services.dll [C:\Users\ultra\warewolf\Dev\Warewolf.Studio.Core\Warewolf.Studio.Core.csproj]
C:\Program Files\dotnet\sdk\10.0.201\Microsoft.Common.CurrentVersion.targets(2451,5): warning MSB3277:             C:\Users\ultra\warewolf\Dev\Dev2.Scheduler\bin\Debug\net8.0\Dev2.Scheduler.dll [C:\Users\ultra\warewolf\Dev\Warewolf.Studio.Core\Warewolf.Studio.Core.csproj]
C:\Program Files\dotnet\sdk\10.0.201\Microsoft.Common.CurrentVersion.targets(2451,5): warning MSB3277:             C:\Users\ultra\warewolf\Dev\Dev2.Services.Sql\bin\Debug\net8.0\Dev2.Services.Sql.dll [C:\Users\ultra\warewolf\Dev\Warewolf.Studio.Core\Warewolf.Studio.Core.csproj]
C:\Program Files\dotnet\sdk\10.0.201\Microsoft.Common.CurrentVersion.targets(2451,5): warning MSB3277:             C:\Users\ultra\warewolf\Dev\Dev2.TaskScheduler.Wrappers\bin\Debug\net8.0\Dev2.TaskScheduler.Wrappers.dll [C:\Users\ultra\warewolf\Dev\Warewolf.Studio.Core\Warewolf.Studio.Core.csproj]
C:\Program Files\dotnet\sdk\10.0.201\Microsoft.Common.CurrentVersion.targets(2451,5): warning MSB3277:             C:\Users\ultra\warewolf\Dev\Dev2.Util\bin\Debug\net8.0\Dev2.Util.dll [C:\Users\ultra\warewolf\Dev\Warewolf.Studio.Core\Warewolf.Studio.Core.csproj]
C:\Program Files\dotnet\sdk\10.0.201\Microsoft.Common.CurrentVersion.targets(2451,5): warning MSB3277:             C:\Users\ultra\warewolf\Dev\Warewolf.AI.Harness\bin\Debug\net8.0\Warewolf.AI.Harness.dll [C:\Users\ultra\warewolf\Dev\Warewolf.Studio.Core\Warewolf.Studio.Core.csproj]
C:\Program Files\dotnet\sdk\10.0.201\Microsoft.Common.CurrentVersion.targets(2451,5): warning MSB3277:             C:\Users\ultra\warewolf\Dev\Warewolf.Auditing\bin\Debug\net8.0\Warewolf.Auditing.dll [C:\Users\ultra\warewolf\Dev\Warewolf.Studio.Core\Warewolf.Studio.Core.csproj]
C:\Program Files\dotnet\sdk\10.0.201\Microsoft.Common.CurrentVersion.targets(2451,5): warning MSB3277:             C:\Users\ultra\warewolf\Dev\Warewolf.Common.NetStandard20\bin\Debug\net8.0\Warewolf.Common.NetStandard20.dll [C:\Users\ultra\warewolf\Dev\Warewolf.Studio.Core\Warewolf.Studio.Core.csproj]
C:\Program Files\dotnet\sdk\10.0.201\Microsoft.Common.CurrentVersion.targets(2451,5): warning MSB3277:             C:\Users\ultra\warewolf\Dev\Warewolf.Core\bin\Debug\net8.0\Warewolf.Core.dll [C:\Users\ultra\warewolf\Dev\Warewolf.Studio.Core\Warewolf.Studio.Core.csproj]
C:\Program Files\dotnet\sdk\10.0.201\Microsoft.Common.CurrentVersion.targets(2451,5): warning MSB3277:             C:\Users\ultra\warewolf\Dev\Warewolf.Driver.Serilog\bin\Debug\net8.0\Warewolf.Driver.Serilog.dll [C:\Users\ultra\warewolf\Dev\Warewolf.Studio.Core\Warewolf.Studio.Core.csproj]
C:\Program Files\dotnet\sdk\10.0.201\Microsoft.Common.CurrentVersion.targets(2451,5): warning MSB3277:             C:\Users\ultra\warewolf\Dev\Warewolf.ResourceManagement\bin\Debug\net8.0\Warewolf.ResourceManagement.dll [C:\Users\ultra\warewolf\Dev\Warewolf.Studio.Core\Warewolf.Studio.Core.csproj]
C:\Program Files\dotnet\sdk\10.0.201\Microsoft.Common.CurrentVersion.targets(2451,5): warning MSB3277:             C:\Users\ultra\warewolf\Dev\Warewolf.Sharepoint\bin\Debug\net8.0\Warewolf.Sharepoint.dll [C:\Users\ultra\warewolf\Dev\Warewolf.Studio.Core\Warewolf.Studio.Core.csproj]
C:\Program Files\dotnet\sdk\10.0.201\Microsoft.Common.CurrentVersion.targets(2451,5): warning MSB3277:             C:\Users\ultra\warewolf\Dev\Warewolf.Storage\bin\Debug\net8.0\Warewolf.Storage.dll [C:\Users\ultra\warewolf\Dev\Warewolf.Studio.Core\Warewolf.Studio.Core.csproj]
C:\Program Files\dotnet\sdk\10.0.201\Microsoft.Common.CurrentVersion.targets(2451,5): warning MSB3277:         C:\Users\ultra\.nuget\packages\mindbox.data.linq\5.0.0\lib\netstandard2.0\Mindbox.Data.Linq.dll [C:\Users\ultra\warewolf\Dev\Warewolf.Studio.Core\Warewolf.Studio.Core.csproj]
C:\Program Files\dotnet\sdk\10.0.201\Microsoft.Common.CurrentVersion.targets(2451,5): warning MSB3277:           Project file item includes which caused reference "C:\Users\ultra\.nuget\packages\mindbox.data.linq\5.0.0\lib\netstandard2.0\Mindbox.Data.Linq.dll". [C:\Users\ultra\warewolf\Dev\Warewolf.Studio.Core\Warewolf.Studio.Core.csproj]
C:\Program Files\dotnet\sdk\10.0.201\Microsoft.Common.CurrentVersion.targets(2451,5): warning MSB3277:             C:\Users\ultra\.nuget\packages\mindbox.data.linq\5.0.0\lib\netstandard2.0\Mindbox.Data.Linq.dll [C:\Users\ultra\warewolf\Dev\Warewolf.Studio.Core\Warewolf.Studio.Core.csproj]
C:\Program Files\dotnet\sdk\10.0.201\Microsoft.Common.CurrentVersion.targets(2451,5): warning MSB3277:             C:\Users\ultra\warewolf\Dev\Warewolf.Auditing\bin\Debug\net8.0\Warewolf.Auditing.dll [C:\Users\ultra\warewolf\Dev\Warewolf.Studio.Core\Warewolf.Studio.Core.csproj]
C:\Program Files\dotnet\sdk\10.0.201\Microsoft.Common.CurrentVersion.targets(2451,5): warning MSB3277:             C:\Users\ultra\warewolf\Dev\Dev2.Runtime.Services\bin\Debug\net8.0\Dev2.Runtime.Services.dll [C:\Users\ultra\warewolf\Dev\Warewolf.Studio.Core\Warewolf.Studio.Core.csproj]
C:\Program Files\dotnet\sdk\10.0.201\Microsoft.Common.CurrentVersion.targets(2451,5): warning MSB3277:             C:\Users\ultra\warewolf\Dev\Dev2.Studio.Interfaces\bin\Debug\net8.0\Dev2.Studio.Interfaces.dll [C:\Users\ultra\warewolf\Dev\Warewolf.Studio.Core\Warewolf.Studio.Core.csproj]
C:\Program Files\dotnet\sdk\10.0.201\Microsoft.Common.CurrentVersion.targets(2451,5): warning MSB3277:             C:\Users\ultra\warewolf\Dev\Warewolf.Common.NetStandard20\bin\Debug\net8.0\Warewolf.Common.NetStandard20.dll [C:\Users\ultra\warewolf\Dev\Warewolf.Studio.Core\Warewolf.Studio.Core.csproj]
C:\Program Files\dotnet\sdk\10.0.201\Microsoft.Common.CurrentVersion.targets(2451,5): warning MSB3277:         C:\Users\ultra\.nuget\packages\mysql.data\8.4.0\lib\net8.0\MySql.Data.dll [C:\Users\ultra\warewolf\Dev\Warewolf.Studio.Core\Warewolf.Studio.Core.csproj]
C:\Program Files\dotnet\sdk\10.0.201\Microsoft.Common.CurrentVersion.targets(2451,5): warning MSB3277:           Project file item includes which caused reference "C:\Users\ultra\.nuget\packages\mysql.data\8.4.0\lib\net8.0\MySql.Data.dll". [C:\Users\ultra\warewolf\Dev\Warewolf.Studio.Core\Warewolf.Studio.Core.csproj]
C:\Program Files\dotnet\sdk\10.0.201\Microsoft.Common.CurrentVersion.targets(2451,5): warning MSB3277:             C:\Users\ultra\.nuget\packages\mysql.data\8.4.0\lib\net8.0\MySql.Data.dll [C:\Users\ultra\warewolf\Dev\Warewolf.Studio.Core\Warewolf.Studio.Core.csproj]
C:\Program Files\dotnet\sdk\10.0.201\Microsoft.Common.CurrentVersion.targets(2451,5): warning MSB3277:             C:\Users\ultra\warewolf\Dev\Dev2.Runtime.Services\bin\Debug\net8.0\Dev2.Runtime.Services.dll [C:\Users\ultra\warewolf\Dev\Warewolf.Studio.Core\Warewolf.Studio.Core.csproj]
C:\Program Files\dotnet\sdk\10.0.201\Microsoft.Common.CurrentVersion.targets(2451,5): warning MSB3277:             C:\Users\ultra\warewolf\Dev\Dev2.Studio.Interfaces\bin\Debug\net8.0\Dev2.Studio.Interfaces.dll [C:\Users\ultra\warewolf\Dev\Warewolf.Studio.Core\Warewolf.Studio.Core.csproj]
C:\Program Files\dotnet\sdk\10.0.201\Microsoft.Common.CurrentVersion.targets(2451,5): warning MSB3277:             C:\Users\ultra\warewolf\Dev\Dev2.Services.Sql\bin\Debug\net8.0\Dev2.Services.Sql.dll [C:\Users\ultra\warewolf\Dev\Warewolf.Studio.Core\Warewolf.Studio.Core.csproj]
C:\Program Files\dotnet\sdk\10.0.201\Microsoft.Common.CurrentVersion.targets(2451,5): warning MSB3277:         C:\Users\ultra\.nuget\packages\oracle.manageddataaccess.core\3.21.70\lib\netstandard2.1\Oracle.ManagedDataAccess.dll [C:\Users\ultra\warewolf\Dev\Warewolf.Studio.Core\Warewolf.Studio.Core.csproj]
C:\Program Files\dotnet\sdk\10.0.201\Microsoft.Common.CurrentVersion.targets(2451,5): warning MSB3277:           Project file item includes which caused reference "C:\Users\ultra\.nuget\packages\oracle.manageddataaccess.core\3.21.70\lib\netstandard2.1\Oracle.ManagedDataAccess.dll". [C:\Users\ultra\warewolf\Dev\Warewolf.Studio.Core\Warewolf.Studio.Core.csproj]
C:\Program Files\dotnet\sdk\10.0.201\Microsoft.Common.CurrentVersion.targets(2451,5): warning MSB3277:             C:\Users\ultra\.nuget\packages\oracle.manageddataaccess.core\3.21.70\lib\netstandard2.1\Oracle.ManagedDataAccess.dll [C:\Users\ultra\warewolf\Dev\Warewolf.Studio.Core\Warewolf.Studio.Core.csproj]
C:\Program Files\dotnet\sdk\10.0.201\Microsoft.Common.CurrentVersion.targets(2451,5): warning MSB3277:             C:\Users\ultra\warewolf\Dev\Dev2.Runtime.Services\bin\Debug\net8.0\Dev2.Runtime.Services.dll [C:\Users\ultra\warewolf\Dev\Warewolf.Studio.Core\Warewolf.Studio.Core.csproj]
C:\Program Files\dotnet\sdk\10.0.201\Microsoft.Common.CurrentVersion.targets(2451,5): warning MSB3277:             C:\Users\ultra\warewolf\Dev\Dev2.Studio.Interfaces\bin\Debug\net8.0\Dev2.Studio.Interfaces.dll [C:\Users\ultra\warewolf\Dev\Warewolf.Studio.Core\Warewolf.Studio.Core.csproj]
C:\Program Files\dotnet\sdk\10.0.201\Microsoft.Common.CurrentVersion.targets(2451,5): warning MSB3277:             C:\Users\ultra\warewolf\Dev\Dev2.Services.Sql\bin\Debug\net8.0\Dev2.Services.Sql.dll [C:\Users\ultra\warewolf\Dev\Warewolf.Studio.Core\Warewolf.Studio.Core.csproj]
C:\Program Files\dotnet\sdk\10.0.201\Microsoft.Common.CurrentVersion.targets(2451,5): warning MSB3277:         C:\Users\ultra\.nuget\packages\system.directoryservices\6.0.0\lib\net6.0\System.DirectoryServices.dll [C:\Users\ultra\warewolf\Dev\Warewolf.Studio.Core\Warewolf.Studio.Core.csproj]
C:\Program Files\dotnet\sdk\10.0.201\Microsoft.Common.CurrentVersion.targets(2451,5): warning MSB3277:           Project file item includes which caused reference "C:\Users\ultra\.nuget\packages\system.directoryservices\6.0.0\lib\net6.0\System.DirectoryServices.dll". [C:\Users\ultra\warewolf\Dev\Warewolf.Studio.Core\Warewolf.Studio.Core.csproj]
C:\Program Files\dotnet\sdk\10.0.201\Microsoft.Common.CurrentVersion.targets(2451,5): warning MSB3277:             C:\Users\ultra\.nuget\packages\system.directoryservices\6.0.0\lib\net6.0\System.DirectoryServices.dll [C:\Users\ultra\warewolf\Dev\Warewolf.Studio.Core\Warewolf.Studio.Core.csproj]
C:\Program Files\dotnet\sdk\10.0.201\Microsoft.Common.CurrentVersion.targets(2451,5): warning MSB3277:             C:\Users\ultra\.nuget\packages\corewcf.primitives\1.2.1\lib\netstandard2.0\CoreWCF.Primitives.dll [C:\Users\ultra\warewolf\Dev\Warewolf.Studio.Core\Warewolf.Studio.Core.csproj]
C:\Program Files\dotnet\sdk\10.0.201\Microsoft.Common.CurrentVersion.targets(2451,5): warning MSB3277:             C:\Users\ultra\warewolf\Dev\Dev2.Runtime.Services\bin\Debug\net8.0\Dev2.Runtime.Services.dll [C:\Users\ultra\warewolf\Dev\Warewolf.Studio.Core\Warewolf.Studio.Core.csproj]
C:\Program Files\dotnet\sdk\10.0.201\Microsoft.Common.CurrentVersion.targets(2451,5): warning MSB3277:             C:\Users\ultra\warewolf\Dev\Dev2.Studio.Interfaces\bin\Debug\net8.0\Dev2.Studio.Interfaces.dll [C:\Users\ultra\warewolf\Dev\Warewolf.Studio.Core\Warewolf.Studio.Core.csproj]
C:\Program Files\dotnet\sdk\10.0.201\Microsoft.Common.CurrentVersion.targets(2451,5): warning MSB3277:             C:\Users\ultra\.nuget\packages\corewcf.http\1.2.1\lib\netstandard2.0\CoreWCF.Http.dll [C:\Users\ultra\warewolf\Dev\Warewolf.Studio.Core\Warewolf.Studio.Core.csproj]
C:\Program Files\dotnet\sdk\10.0.201\Microsoft.Common.CurrentVersion.targets(2451,5): warning MSB3277:             C:\Users\ultra\.nuget\packages\corewcf.nettcp\1.2.1\lib\netstandard2.0\CoreWCF.NetTcp.dll [C:\Users\ultra\warewolf\Dev\Warewolf.Studio.Core\Warewolf.Studio.Core.csproj]
C:\Program Files\dotnet\sdk\10.0.201\Microsoft.Common.CurrentVersion.targets(2451,5): warning MSB3277:             C:\Users\ultra\.nuget\packages\corewcf.webhttp\1.2.1\lib\netstandard2.0\CoreWCF.WebHttp.dll [C:\Users\ultra\warewolf\Dev\Warewolf.Studio.Core\Warewolf.Studio.Core.csproj]
C:\Program Files\dotnet\sdk\10.0.201\Microsoft.Common.CurrentVersion.targets(2451,5): warning MSB3277:         C:\Program Files\dotnet\packs\Microsoft.NETCore.App.Ref\8.0.25\ref\net8.0\System.Configuration.dll [C:\Users\ultra\warewolf\Dev\Warewolf.Studio.Core\Warewolf.Studio.Core.csproj]
C:\Program Files\dotnet\sdk\10.0.201\Microsoft.Common.CurrentVersion.targets(2451,5): warning MSB3277:           Project file item includes which caused reference "C:\Program Files\dotnet\packs\Microsoft.NETCore.App.Ref\8.0.25\ref\net8.0\System.Configuration.dll". [C:\Users\ultra\warewolf\Dev\Warewolf.Studio.Core\Warewolf.Studio.Core.csproj]
C:\Program Files\dotnet\sdk\10.0.201\Microsoft.Common.CurrentVersion.targets(2451,5): warning MSB3277:             C:\Program Files\dotnet\packs\Microsoft.NETCore.App.Ref\8.0.25\ref/net8.0/System.Configuration.dll [C:\Users\ultra\warewolf\Dev\Warewolf.Studio.Core\Warewolf.Studio.Core.csproj]
C:\Program Files\dotnet\sdk\10.0.201\Microsoft.Common.CurrentVersion.targets(2451,5): warning MSB3277:             C:\Users\ultra\.nuget\packages\prism.wpf\9.0.537\lib\net462\Prism.Wpf.dll [C:\Users\ultra\warewolf\Dev\Warewolf.Studio.Core\Warewolf.Studio.Core.csproj]
C:\Program Files\dotnet\sdk\10.0.201\Microsoft.Common.CurrentVersion.targets(2451,5): warning MSB3277:         C:\Program Files\dotnet\packs\Microsoft.NETCore.App.Ref\8.0.25\ref\net8.0\System.Data.dll [C:\Users\ultra\warewolf\Dev\Warewolf.Studio.Core\Warewolf.Studio.Core.csproj]
C:\Program Files\dotnet\sdk\10.0.201\Microsoft.Common.CurrentVersion.targets(2451,5): warning MSB3277:           Project file item includes which caused reference "C:\Program Files\dotnet\packs\Microsoft.NETCore.App.Ref\8.0.25\ref\net8.0\System.Data.dll". [C:\Users\ultra\warewolf\Dev\Warewolf.Studio.Core\Warewolf.Studio.Core.csproj]
C:\Program Files\dotnet\sdk\10.0.201\Microsoft.Common.CurrentVersion.targets(2451,5): warning MSB3277:             C:\Program Files\dotnet\packs\Microsoft.NETCore.App.Ref\8.0.25\ref/net8.0/System.Data.dll [C:\Users\ultra\warewolf\Dev\Warewolf.Studio.Core\Warewolf.Studio.Core.csproj]
C:\Program Files\dotnet\sdk\10.0.201\Microsoft.Common.CurrentVersion.targets(2451,5): warning MSB3277:             C:\Users\ultra\.nuget\packages\taskschedulereditor\2.10.1\lib\net452\Microsoft.Win32.TaskSchedulerEditor.dll [C:\Users\ultra\warewolf\Dev\Warewolf.Studio.Core\Warewolf.Studio.Core.csproj]
C:\Program Files\dotnet\sdk\10.0.201\Microsoft.Common.CurrentVersion.targets(2451,5): warning MSB3277:         C:\Program Files\dotnet\packs\Microsoft.NETCore.App.Ref\8.0.25\ref\net8.0\System.Drawing.dll [C:\Users\ultra\warewolf\Dev\Warewolf.Studio.Core\Warewolf.Studio.Core.csproj]
C:\Program Files\dotnet\sdk\10.0.201\Microsoft.Common.CurrentVersion.targets(2451,5): warning MSB3277:           Project file item includes which caused reference "C:\Program Files\dotnet\packs\Microsoft.NETCore.App.Ref\8.0.25\ref\net8.0\System.Drawing.dll". [C:\Users\ultra\warewolf\Dev\Warewolf.Studio.Core\Warewolf.Studio.Core.csproj]
C:\Program Files\dotnet\sdk\10.0.201\Microsoft.Common.CurrentVersion.targets(2451,5): warning MSB3277:             C:\Program Files\dotnet\packs\Microsoft.NETCore.App.Ref\8.0.25\ref/net8.0/System.Drawing.dll [C:\Users\ultra\warewolf\Dev\Warewolf.Studio.Core\Warewolf.Studio.Core.csproj]
C:\Program Files\dotnet\sdk\10.0.201\Microsoft.Common.CurrentVersion.targets(2451,5): warning MSB3277:             C:\Users\ultra\.nuget\packages\aerowizard\2.3.1\lib\net45\AeroWizard.dll [C:\Users\ultra\warewolf\Dev\Warewolf.Studio.Core\Warewolf.Studio.Core.csproj]
C:\Program Files\dotnet\sdk\10.0.201\Microsoft.Common.CurrentVersion.targets(2451,5): warning MSB3277:             C:\Users\ultra\.nuget\packages\groupcontrols\1.9.0\lib\net45\GroupControls.dll [C:\Users\ultra\warewolf\Dev\Warewolf.Studio.Core\Warewolf.Studio.Core.csproj]
C:\Program Files\dotnet\sdk\10.0.201\Microsoft.Common.CurrentVersion.targets(2451,5): warning MSB3277:             C:\Users\ultra\.nuget\packages\taskschedulereditor\2.10.1\lib\net452\Microsoft.Win32.TaskSchedulerEditor.dll [C:\Users\ultra\warewolf\Dev\Warewolf.Studio.Core\Warewolf.Studio.Core.csproj]
C:\Program Files\dotnet\sdk\10.0.201\Microsoft.Common.CurrentVersion.targets(2451,5): warning MSB3277:         C:\Program Files\dotnet\packs\Microsoft.NETCore.App.Ref\8.0.25\ref\net8.0\System.Net.dll [C:\Users\ultra\warewolf\Dev\Warewolf.Studio.Core\Warewolf.Studio.Core.csproj]
C:\Program Files\dotnet\sdk\10.0.201\Microsoft.Common.CurrentVersion.targets(2451,5): warning MSB3277:           Project file item includes which caused reference "C:\Program Files\dotnet\packs\Microsoft.NETCore.App.Ref\8.0.25\ref\net8.0\System.Net.dll". [C:\Users\ultra\warewolf\Dev\Warewolf.Studio.Core\Warewolf.Studio.Core.csproj]
C:\Program Files\dotnet\sdk\10.0.201\Microsoft.Common.CurrentVersion.targets(2451,5): warning MSB3277:             C:\Program Files\dotnet\packs\Microsoft.NETCore.App.Ref\8.0.25\ref/net8.0/System.Net.dll [C:\Users\ultra\warewolf\Dev\Warewolf.Studio.Core\Warewolf.Studio.Core.csproj]
C:\Program Files\dotnet\sdk\10.0.201\Microsoft.Common.CurrentVersion.targets(2451,5): warning MSB3277:         C:\Program Files\dotnet\packs\Microsoft.NETCore.App.Ref\8.0.25\ref\net8.0\System.Security.dll [C:\Users\ultra\warewolf\Dev\Warewolf.Studio.Core\Warewolf.Studio.Core.csproj]
C:\Program Files\dotnet\sdk\10.0.201\Microsoft.Common.CurrentVersion.targets(2451,5): warning MSB3277:           Project file item includes which caused reference "C:\Program Files\dotnet\packs\Microsoft.NETCore.App.Ref\8.0.25\ref\net8.0\System.Security.dll". [C:\Users\ultra\warewolf\Dev\Warewolf.Studio.Core\Warewolf.Studio.Core.csproj]
C:\Program Files\dotnet\sdk\10.0.201\Microsoft.Common.CurrentVersion.targets(2451,5): warning MSB3277:             C:\Program Files\dotnet\packs\Microsoft.NETCore.App.Ref\8.0.25\ref/net8.0/System.Security.dll [C:\Users\ultra\warewolf\Dev\Warewolf.Studio.Core\Warewolf.Studio.Core.csproj]
C:\Program Files\dotnet\sdk\10.0.201\Microsoft.Common.CurrentVersion.targets(2451,5): warning MSB3277:         C:\Program Files\dotnet\packs\Microsoft.NETCore.App.Ref\8.0.25\ref\net8.0\System.ServiceProcess.dll [C:\Users\ultra\warewolf\Dev\Warewolf.Studio.Core\Warewolf.Studio.Core.csproj]
C:\Program Files\dotnet\sdk\10.0.201\Microsoft.Common.CurrentVersion.targets(2451,5): warning MSB3277:           Project file item includes which caused reference "C:\Program Files\dotnet\packs\Microsoft.NETCore.App.Ref\8.0.25\ref\net8.0\System.ServiceProcess.dll". [C:\Users\ultra\warewolf\Dev\Warewolf.Studio.Core\Warewolf.Studio.Core.csproj]
C:\Program Files\dotnet\sdk\10.0.201\Microsoft.Common.CurrentVersion.targets(2451,5): warning MSB3277:             C:\Program Files\dotnet\packs\Microsoft.NETCore.App.Ref\8.0.25\ref/net8.0/System.ServiceProcess.dll [C:\Users\ultra\warewolf\Dev\Warewolf.Studio.Core\Warewolf.Studio.Core.csproj]
C:\Program Files\dotnet\sdk\10.0.201\Microsoft.Common.CurrentVersion.targets(2451,5): warning MSB3277:         C:\Program Files\dotnet\packs\Microsoft.NETCore.App.Ref\8.0.25\ref\net8.0\System.Transactions.dll [C:\Users\ultra\warewolf\Dev\Warewolf.Studio.Core\Warewolf.Studio.Core.csproj]
C:\Program Files\dotnet\sdk\10.0.201\Microsoft.Common.CurrentVersion.targets(2451,5): warning MSB3277:           Project file item includes which caused reference "C:\Program Files\dotnet\packs\Microsoft.NETCore.App.Ref\8.0.25\ref\net8.0\System.Transactions.dll". [C:\Users\ultra\warewolf\Dev\Warewolf.Studio.Core\Warewolf.Studio.Core.csproj]
C:\Program Files\dotnet\sdk\10.0.201\Microsoft.Common.CurrentVersion.targets(2451,5): warning MSB3277:             C:\Program Files\dotnet\packs\Microsoft.NETCore.App.Ref\8.0.25\ref/net8.0/System.Transactions.dll [C:\Users\ultra\warewolf\Dev\Warewolf.Studio.Core\Warewolf.Studio.Core.csproj]
C:\Program Files\dotnet\sdk\10.0.201\Microsoft.Common.CurrentVersion.targets(2451,5): warning MSB3277:         C:\Program Files\dotnet\packs\Microsoft.NETCore.App.Ref\8.0.25\ref\net8.0\System.dll [C:\Users\ultra\warewolf\Dev\Warewolf.Studio.Core\Warewolf.Studio.Core.csproj]
C:\Program Files\dotnet\sdk\10.0.201\Microsoft.Common.CurrentVersion.targets(2451,5): warning MSB3277:           Project file item includes which caused reference "C:\Program Files\dotnet\packs\Microsoft.NETCore.App.Ref\8.0.25\ref\net8.0\System.dll". [C:\Users\ultra\warewolf\Dev\Warewolf.Studio.Core\Warewolf.Studio.Core.csproj]
C:\Program Files\dotnet\sdk\10.0.201\Microsoft.Common.CurrentVersion.targets(2451,5): warning MSB3277:             C:\Program Files\dotnet\packs\Microsoft.NETCore.App.Ref\8.0.25\ref/net8.0/System.dll [C:\Users\ultra\warewolf\Dev\Warewolf.Studio.Core\Warewolf.Studio.Core.csproj]
C:\Program Files\dotnet\sdk\10.0.201\Microsoft.Common.CurrentVersion.targets(2451,5): warning MSB3277:             C:\Users\ultra\.nuget\packages\aerowizard\2.3.1\lib\net45\AeroWizard.dll [C:\Users\ultra\warewolf\Dev\Warewolf.Studio.Core\Warewolf.Studio.Core.csproj]
C:\Program Files\dotnet\sdk\10.0.201\Microsoft.Common.CurrentVersion.targets(2451,5): warning MSB3277:             C:\Users\ultra\.nuget\packages\groupcontrols\1.9.0\lib\net45\GroupControls.dll [C:\Users\ultra\warewolf\Dev\Warewolf.Studio.Core\Warewolf.Studio.Core.csproj]
C:\Program Files\dotnet\sdk\10.0.201\Microsoft.Common.CurrentVersion.targets(2451,5): warning MSB3277:             C:\Users\ultra\.nuget\packages\microsoft.xaml.behaviors.wpf\1.1.122\lib\net462\Microsoft.Xaml.Behaviors.dll [C:\Users\ultra\warewolf\Dev\Warewolf.Studio.Core\Warewolf.Studio.Core.csproj]
C:\Program Files\dotnet\sdk\10.0.201\Microsoft.Common.CurrentVersion.targets(2451,5): warning MSB3277:             C:\Users\ultra\.nuget\packages\caliburn.micro\4.0.212\lib\netcoreapp3.1\Caliburn.Micro.Platform.dll [C:\Users\ultra\warewolf\Dev\Warewolf.Studio.Core\Warewolf.Studio.Core.csproj]
C:\Program Files\dotnet\sdk\10.0.201\Microsoft.Common.CurrentVersion.targets(2451,5): warning MSB3277:             C:\Users\ultra\.nuget\packages\prism.wpf\9.0.537\lib\net462\Prism.Wpf.dll [C:\Users\ultra\warewolf\Dev\Warewolf.Studio.Core\Warewolf.Studio.Core.csproj]
C:\Program Files\dotnet\sdk\10.0.201\Microsoft.Common.CurrentVersion.targets(2451,5): warning MSB3277:             C:\Users\ultra\.nuget\packages\reactiveui.wpf\18.4.1\lib\net462\ReactiveUI.Wpf.dll [C:\Users\ultra\warewolf\Dev\Warewolf.Studio.Core\Warewolf.Studio.Core.csproj]
C:\Program Files\dotnet\sdk\10.0.201\Microsoft.Common.CurrentVersion.targets(2451,5): warning MSB3277:             C:\Users\ultra\.nuget\packages\taskschedulereditor\2.10.1\lib\net452\Microsoft.Win32.TaskSchedulerEditor.dll [C:\Users\ultra\warewolf\Dev\Warewolf.Studio.Core\Warewolf.Studio.Core.csproj]
C:\Program Files\dotnet\sdk\10.0.201\Microsoft.Common.CurrentVersion.targets(2451,5): warning MSB3277:             C:\Users\ultra\.nuget\packages\ttcue.netcore.sharepointonline.csom.16.1.8029.1200\16.1.8029.1200\lib\netcoreapp2.0\Microsoft.SharePoint.Client.Runtime.Windows.dll [C:\Users\ultra\warewolf\Dev\Warewolf.Studio.Core\Warewolf.Studio.Core.csproj]
C:\Program Files\dotnet\sdk\10.0.201\Microsoft.Common.CurrentVersion.targets(2451,5): warning MSB3277:         C:\Program Files\dotnet\packs\Microsoft.NETCore.App.Ref\8.0.25\ref\net8.0\WindowsBase.dll [C:\Users\ultra\warewolf\Dev\Warewolf.Studio.Core\Warewolf.Studio.Core.csproj]
C:\Program Files\dotnet\sdk\10.0.201\Microsoft.Common.CurrentVersion.targets(2451,5): warning MSB3277:           Project file item includes which caused reference "C:\Program Files\dotnet\packs\Microsoft.NETCore.App.Ref\8.0.25\ref\net8.0\WindowsBase.dll". [C:\Users\ultra\warewolf\Dev\Warewolf.Studio.Core\Warewolf.Studio.Core.csproj]
C:\Program Files\dotnet\sdk\10.0.201\Microsoft.Common.CurrentVersion.targets(2451,5): warning MSB3277:             C:\Program Files\dotnet\packs\Microsoft.NETCore.App.Ref\8.0.25\ref/net8.0/WindowsBase.dll [C:\Users\ultra\warewolf\Dev\Warewolf.Studio.Core\Warewolf.Studio.Core.csproj]
C:\Program Files\dotnet\sdk\10.0.201\Microsoft.Common.CurrentVersion.targets(2451,5): warning MSB3277:         C:\Program Files\dotnet\packs\Microsoft.NETCore.App.Ref\8.0.25\ref\net8.0\mscorlib.dll [C:\Users\ultra\warewolf\Dev\Warewolf.Studio.Core\Warewolf.Studio.Core.csproj]
C:\Program Files\dotnet\sdk\10.0.201\Microsoft.Common.CurrentVersion.targets(2451,5): warning MSB3277:           Project file item includes which caused reference "C:\Program Files\dotnet\packs\Microsoft.NETCore.App.Ref\8.0.25\ref\net8.0\mscorlib.dll". [C:\Users\ultra\warewolf\Dev\Warewolf.Studio.Core\Warewolf.Studio.Core.csproj]
C:\Program Files\dotnet\sdk\10.0.201\Microsoft.Common.CurrentVersion.targets(2451,5): warning MSB3277:             C:\Program Files\dotnet\packs\Microsoft.NETCore.App.Ref\8.0.25\ref/net8.0/mscorlib.dll [C:\Users\ultra\warewolf\Dev\Warewolf.Studio.Core\Warewolf.Studio.Core.csproj]
C:\Program Files\dotnet\sdk\10.0.201\Microsoft.Common.CurrentVersion.targets(2451,5): warning MSB3277:             C:\Users\ultra\.nuget\packages\aerowizard\2.3.1\lib\net45\AeroWizard.dll [C:\Users\ultra\warewolf\Dev\Warewolf.Studio.Core\Warewolf.Studio.Core.csproj]
C:\Program Files\dotnet\sdk\10.0.201\Microsoft.Common.CurrentVersion.targets(2451,5): warning MSB3277:             C:\Users\ultra\.nuget\packages\groupcontrols\1.9.0\lib\net45\GroupControls.dll [C:\Users\ultra\warewolf\Dev\Warewolf.Studio.Core\Warewolf.Studio.Core.csproj]
C:\Program Files\dotnet\sdk\10.0.201\Microsoft.Common.CurrentVersion.targets(2451,5): warning MSB3277:             C:\Users\ultra\.nuget\packages\microsoft.xaml.behaviors.wpf\1.1.122\lib\net462\Microsoft.Xaml.Behaviors.dll [C:\Users\ultra\warewolf\Dev\Warewolf.Studio.Core\Warewolf.Studio.Core.csproj]
C:\Program Files\dotnet\sdk\10.0.201\Microsoft.Common.CurrentVersion.targets(2451,5): warning MSB3277:             C:\Users\ultra\.nuget\packages\caliburn.micro\4.0.212\lib\netcoreapp3.1\Caliburn.Micro.Platform.dll [C:\Users\ultra\warewolf\Dev\Warewolf.Studio.Core\Warewolf.Studio.Core.csproj]
C:\Program Files\dotnet\sdk\10.0.201\Microsoft.Common.CurrentVersion.targets(2451,5): warning MSB3277:             C:\Users\ultra\.nuget\packages\oracle.manageddataaccess.core\3.21.70\lib\netstandard2.1\Oracle.ManagedDataAccess.dll [C:\Users\ultra\warewolf\Dev\Warewolf.Studio.Core\Warewolf.Studio.Core.csproj]
C:\Program Files\dotnet\sdk\10.0.201\Microsoft.Common.CurrentVersion.targets(2451,5): warning MSB3277:             C:\Users\ultra\warewolf\Dev\Dev2.Runtime.Services\bin\Debug\net8.0\Dev2.Runtime.Services.dll [C:\Users\ultra\warewolf\Dev\Warewolf.Studio.Core\Warewolf.Studio.Core.csproj]
C:\Program Files\dotnet\sdk\10.0.201\Microsoft.Common.CurrentVersion.targets(2451,5): warning MSB3277:             C:\Users\ultra\warewolf\Dev\Dev2.Studio.Interfaces\bin\Debug\net8.0\Dev2.Studio.Interfaces.dll [C:\Users\ultra\warewolf\Dev\Warewolf.Studio.Core\Warewolf.Studio.Core.csproj]
C:\Program Files\dotnet\sdk\10.0.201\Microsoft.Common.CurrentVersion.targets(2451,5): warning MSB3277:             C:\Users\ultra\warewolf\Dev\Dev2.Services.Sql\bin\Debug\net8.0\Dev2.Services.Sql.dll [C:\Users\ultra\warewolf\Dev\Warewolf.Studio.Core\Warewolf.Studio.Core.csproj]
C:\Program Files\dotnet\sdk\10.0.201\Microsoft.Common.CurrentVersion.targets(2451,5): warning MSB3277:             C:\Users\ultra\.nuget\packages\prism.wpf\9.0.537\lib\net462\Prism.Wpf.dll [C:\Users\ultra\warewolf\Dev\Warewolf.Studio.Core\Warewolf.Studio.Core.csproj]
C:\Program Files\dotnet\sdk\10.0.201\Microsoft.Common.CurrentVersion.targets(2451,5): warning MSB3277:             C:\Users\ultra\.nuget\packages\reactiveui.wpf\18.4.1\lib\net462\ReactiveUI.Wpf.dll [C:\Users\ultra\warewolf\Dev\Warewolf.Studio.Core\Warewolf.Studio.Core.csproj]
C:\Program Files\dotnet\sdk\10.0.201\Microsoft.Common.CurrentVersion.targets(2451,5): warning MSB3277:             C:\Users\ultra\.nuget\packages\taskschedulereditor\2.10.1\lib\net452\Microsoft.Win32.TaskSchedulerEditor.dll [C:\Users\ultra\warewolf\Dev\Warewolf.Studio.Core\Warewolf.Studio.Core.csproj]
C:\Program Files\dotnet\sdk\10.0.201\Microsoft.Common.CurrentVersion.targets(2451,5): warning MSB3277:             C:\Users\ultra\.nuget\packages\ttcue.netcore.sharepointonline.csom.16.1.8029.1200\16.1.8029.1200\lib\netcoreapp2.0\Microsoft.SharePoint.Client.Runtime.Windows.dll [C:\Users\ultra\warewolf\Dev\Warewolf.Studio.Core\Warewolf.Studio.Core.csproj]
C:\Program Files\dotnet\sdk\10.0.201\Microsoft.Common.CurrentVersion.targets(2451,5): warning MSB3277: Found conflicts between different versions of "WindowsBase" that could not be resolved. [C:\Users\ultra\warewolf\Dev\Warewolf.Studio.Core\Warewolf.Studio.Core.csproj]
C:\Program Files\dotnet\sdk\10.0.201\Microsoft.Common.CurrentVersion.targets(2451,5): warning MSB3277: There was a conflict between "WindowsBase, Version=4.0.0.0, Culture=neutral, PublicKeyToken=31bf3856ad364e35" and "WindowsBase, Version=6.0.2.0, Culture=neutral, PublicKeyToken=31bf3856ad364e35". [C:\Users\ultra\warewolf\Dev\Warewolf.Studio.Core\Warewolf.Studio.Core.csproj]
C:\Program Files\dotnet\sdk\10.0.201\Microsoft.Common.CurrentVersion.targets(2451,5): warning MSB3277:     "WindowsBase, Version=4.0.0.0, Culture=neutral, PublicKeyToken=31bf3856ad364e35" was chosen because it was primary and "WindowsBase, Version=6.0.2.0, Culture=neutral, PublicKeyToken=31bf3856ad364e35" was not. [C:\Users\ultra\warewolf\Dev\Warewolf.Studio.Core\Warewolf.Studio.Core.csproj]
C:\Program Files\dotnet\sdk\10.0.201\Microsoft.Common.CurrentVersion.targets(2451,5): warning MSB3277:     References which depend on "WindowsBase, Version=4.0.0.0, Culture=neutral, PublicKeyToken=31bf3856ad364e35" [C:\Program Files\dotnet\packs\Microsoft.NETCore.App.Ref\8.0.25\ref\net8.0\WindowsBase.dll]. [C:\Users\ultra\warewolf\Dev\Warewolf.Studio.Core\Warewolf.Studio.Core.csproj]
C:\Program Files\dotnet\sdk\10.0.201\Microsoft.Common.CurrentVersion.targets(2451,5): warning MSB3277:         C:\Program Files\dotnet\packs\Microsoft.NETCore.App.Ref\8.0.25\ref\net8.0\WindowsBase.dll [C:\Users\ultra\warewolf\Dev\Warewolf.Studio.Core\Warewolf.Studio.Core.csproj]
C:\Program Files\dotnet\sdk\10.0.201\Microsoft.Common.CurrentVersion.targets(2451,5): warning MSB3277:           Project file item includes which caused reference "C:\Program Files\dotnet\packs\Microsoft.NETCore.App.Ref\8.0.25\ref\net8.0\WindowsBase.dll". [C:\Users\ultra\warewolf\Dev\Warewolf.Studio.Core\Warewolf.Studio.Core.csproj]
C:\Program Files\dotnet\sdk\10.0.201\Microsoft.Common.CurrentVersion.targets(2451,5): warning MSB3277:             C:\Program Files\dotnet\packs\Microsoft.NETCore.App.Ref\8.0.25\ref/net8.0/WindowsBase.dll [C:\Users\ultra\warewolf\Dev\Warewolf.Studio.Core\Warewolf.Studio.Core.csproj]
C:\Program Files\dotnet\sdk\10.0.201\Microsoft.Common.CurrentVersion.targets(2451,5): warning MSB3277:     References which depend on or have been unified to "WindowsBase, Version=6.0.2.0, Culture=neutral, PublicKeyToken=31bf3856ad364e35" []. [C:\Users\ultra\warewolf\Dev\Warewolf.Studio.Core\Warewolf.Studio.Core.csproj]
C:\Program Files\dotnet\sdk\10.0.201\Microsoft.Common.CurrentVersion.targets(2451,5): warning MSB3277:         C:\Users\ultra\warewolf\Dev\Binaries\Infragistcs_Net6\InfragisticsWPF4.Controls.Menus.XamDataTree.v15.1.dll [C:\Users\ultra\warewolf\Dev\Warewolf.Studio.Core\Warewolf.Studio.Core.csproj]
C:\Program Files\dotnet\sdk\10.0.201\Microsoft.Common.CurrentVersion.targets(2451,5): warning MSB3277:           Project file item includes which caused reference "C:\Users\ultra\warewolf\Dev\Binaries\Infragistcs_Net6\InfragisticsWPF4.Controls.Menus.XamDataTree.v15.1.dll". [C:\Users\ultra\warewolf\Dev\Warewolf.Studio.Core\Warewolf.Studio.Core.csproj]
C:\Program Files\dotnet\sdk\10.0.201\Microsoft.Common.CurrentVersion.targets(2451,5): warning MSB3277:             InfragisticsWPF4.Controls.Menus.XamDataTree.v15.1, Version=15.1.20151.2055, Culture=neutral, PublicKeyToken=7dd5c3163f2cd0cb, processorArchitecture=MSIL [C:\Users\ultra\warewolf\Dev\Warewolf.Studio.Core\Warewolf.Studio.Core.csproj]
C:\Program Files\dotnet\sdk\10.0.201\Microsoft.Common.CurrentVersion.targets(2451,5): warning MSB3277:         C:\Users\ultra\warewolf\Dev\Binaries\Infragistcs_Net6\InfragisticsWPF4.DataManager.v15.1.dll [C:\Users\ultra\warewolf\Dev\Warewolf.Studio.Core\Warewolf.Studio.Core.csproj]
C:\Program Files\dotnet\sdk\10.0.201\Microsoft.Common.CurrentVersion.targets(2451,5): warning MSB3277:           Project file item includes which caused reference "C:\Users\ultra\warewolf\Dev\Binaries\Infragistcs_Net6\InfragisticsWPF4.DataManager.v15.1.dll". [C:\Users\ultra\warewolf\Dev\Warewolf.Studio.Core\Warewolf.Studio.Core.csproj]
C:\Program Files\dotnet\sdk\10.0.201\Microsoft.Common.CurrentVersion.targets(2451,5): warning MSB3277:             InfragisticsWPF4.DataManager.v15.1, Version=15.1.20151.2055, Culture=neutral, PublicKeyToken=7dd5c3163f2cd0cb, processorArchitecture=MSIL [C:\Users\ultra\warewolf\Dev\Warewolf.Studio.Core\Warewolf.Studio.Core.csproj]
C:\Program Files\dotnet\sdk\10.0.201\Microsoft.Common.CurrentVersion.targets(2451,5): warning MSB3277:             InfragisticsWPF4.Controls.Menus.XamDataTree.v15.1, Version=15.1.20151.2055, Culture=neutral, PublicKeyToken=7dd5c3163f2cd0cb, processorArchitecture=MSIL [C:\Users\ultra\warewolf\Dev\Warewolf.Studio.Core\Warewolf.Studio.Core.csproj]
C:\Program Files\dotnet\sdk\10.0.201\Microsoft.Common.CurrentVersion.targets(2451,5): warning MSB3277:         C:\Users\ultra\warewolf\Dev\Binaries\Infragistcs_Net6\InfragisticsWPF4.DockManager.v15.1.dll [C:\Users\ultra\warewolf\Dev\Warewolf.Studio.Core\Warewolf.Studio.Core.csproj]
C:\Program Files\dotnet\sdk\10.0.201\Microsoft.Common.CurrentVersion.targets(2451,5): warning MSB3277:           Project file item includes which caused reference "C:\Users\ultra\warewolf\Dev\Binaries\Infragistcs_Net6\InfragisticsWPF4.DockManager.v15.1.dll". [C:\Users\ultra\warewolf\Dev\Warewolf.Studio.Core\Warewolf.Studio.Core.csproj]
C:\Program Files\dotnet\sdk\10.0.201\Microsoft.Common.CurrentVersion.targets(2451,5): warning MSB3277:             InfragisticsWPF4.DockManager.v15.1, Version=15.1.20151.2055, Culture=neutral, PublicKeyToken=7dd5c3163f2cd0cb, processorArchitecture=MSIL [C:\Users\ultra\warewolf\Dev\Warewolf.Studio.Core\Warewolf.Studio.Core.csproj]
C:\Program Files\dotnet\sdk\10.0.201\Microsoft.Common.CurrentVersion.targets(2451,5): warning MSB3277:         C:\Users\ultra\warewolf\Dev\Binaries\Infragistcs_Net6\InfragisticsWPF4.v15.1.dll [C:\Users\ultra\warewolf\Dev\Warewolf.Studio.Core\Warewolf.Studio.Core.csproj]
C:\Program Files\dotnet\sdk\10.0.201\Microsoft.Common.CurrentVersion.targets(2451,5): warning MSB3277:           Project file item includes which caused reference "C:\Users\ultra\warewolf\Dev\Binaries\Infragistcs_Net6\InfragisticsWPF4.v15.1.dll". [C:\Users\ultra\warewolf\Dev\Warewolf.Studio.Core\Warewolf.Studio.Core.csproj]
C:\Program Files\dotnet\sdk\10.0.201\Microsoft.Common.CurrentVersion.targets(2451,5): warning MSB3277:             InfragisticsWPF4.v15.1, Version=15.1.20151.2055, Culture=neutral, PublicKeyToken=7dd5c3163f2cd0cb, processorArchitecture=MSIL [C:\Users\ultra\warewolf\Dev\Warewolf.Studio.Core\Warewolf.Studio.Core.csproj]
C:\Program Files\dotnet\sdk\10.0.201\Microsoft.Common.CurrentVersion.targets(2451,5): warning MSB3277:             InfragisticsWPF4.Controls.Menus.XamDataTree.v15.1, Version=15.1.20151.2055, Culture=neutral, PublicKeyToken=7dd5c3163f2cd0cb, processorArchitecture=MSIL [C:\Users\ultra\warewolf\Dev\Warewolf.Studio.Core\Warewolf.Studio.Core.csproj]
C:\Program Files\dotnet\sdk\10.0.201\Microsoft.Common.CurrentVersion.targets(2451,5): warning MSB3277:             InfragisticsWPF4.DataManager.v15.1, Version=15.1.20151.2055, Culture=neutral, PublicKeyToken=7dd5c3163f2cd0cb, processorArchitecture=MSIL [C:\Users\ultra\warewolf\Dev\Warewolf.Studio.Core\Warewolf.Studio.Core.csproj]
C:\Program Files\dotnet\sdk\10.0.201\Microsoft.Common.CurrentVersion.targets(2451,5): warning MSB3277:             InfragisticsWPF4.DockManager.v15.1, Version=15.1.20151.2055, Culture=neutral, PublicKeyToken=7dd5c3163f2cd0cb, processorArchitecture=MSIL [C:\Users\ultra\warewolf\Dev\Warewolf.Studio.Core\Warewolf.Studio.Core.csproj]
C:\Program Files\dotnet\sdk\10.0.201\Microsoft.Common.CurrentVersion.targets(2451,5): warning MSB3277:         C:\Users\ultra\.nuget\packages\caliburn.micro\4.0.212\lib\netcoreapp3.1\Caliburn.Micro.Platform.dll [C:\Users\ultra\warewolf\Dev\Warewolf.Studio.Core\Warewolf.Studio.Core.csproj]
C:\Program Files\dotnet\sdk\10.0.201\Microsoft.Common.CurrentVersion.targets(2451,5): warning MSB3277:           Project file item includes which caused reference "C:\Users\ultra\.nuget\packages\caliburn.micro\4.0.212\lib\netcoreapp3.1\Caliburn.Micro.Platform.dll". [C:\Users\ultra\warewolf\Dev\Warewolf.Studio.Core\Warewolf.Studio.Core.csproj]
C:\Program Files\dotnet\sdk\10.0.201\Microsoft.Common.CurrentVersion.targets(2451,5): warning MSB3277:             C:\Users\ultra\.nuget\packages\caliburn.micro\4.0.212\lib\netcoreapp3.1\Caliburn.Micro.Platform.dll [C:\Users\ultra\warewolf\Dev\Warewolf.Studio.Core\Warewolf.Studio.Core.csproj]
C:\Program Files\dotnet\sdk\10.0.201\Microsoft.Common.CurrentVersion.targets(2451,5): warning MSB3277:         C:\Users\ultra\.nuget\packages\microsoft.xaml.behaviors.wpf\1.1.122\lib\net462\Microsoft.Xaml.Behaviors.dll [C:\Users\ultra\warewolf\Dev\Warewolf.Studio.Core\Warewolf.Studio.Core.csproj]
C:\Program Files\dotnet\sdk\10.0.201\Microsoft.Common.CurrentVersion.targets(2451,5): warning MSB3277:           Project file item includes which caused reference "C:\Users\ultra\.nuget\packages\microsoft.xaml.behaviors.wpf\1.1.122\lib\net462\Microsoft.Xaml.Behaviors.dll". [C:\Users\ultra\warewolf\Dev\Warewolf.Studio.Core\Warewolf.Studio.Core.csproj]
C:\Program Files\dotnet\sdk\10.0.201\Microsoft.Common.CurrentVersion.targets(2451,5): warning MSB3277:             C:\Users\ultra\.nuget\packages\microsoft.xaml.behaviors.wpf\1.1.122\lib\net462\Microsoft.Xaml.Behaviors.dll [C:\Users\ultra\warewolf\Dev\Warewolf.Studio.Core\Warewolf.Studio.Core.csproj]
C:\Program Files\dotnet\sdk\10.0.201\Microsoft.Common.CurrentVersion.targets(2451,5): warning MSB3277:             C:\Users\ultra\.nuget\packages\caliburn.micro\4.0.212\lib\netcoreapp3.1\Caliburn.Micro.Platform.dll [C:\Users\ultra\warewolf\Dev\Warewolf.Studio.Core\Warewolf.Studio.Core.csproj]
C:\Program Files\dotnet\sdk\10.0.201\Microsoft.Common.CurrentVersion.targets(2451,5): warning MSB3277:             C:\Users\ultra\.nuget\packages\prism.wpf\9.0.537\lib\net462\Prism.Wpf.dll [C:\Users\ultra\warewolf\Dev\Warewolf.Studio.Core\Warewolf.Studio.Core.csproj]
C:\Program Files\dotnet\sdk\10.0.201\Microsoft.Common.CurrentVersion.targets(2451,5): warning MSB3277:         C:\Users\ultra\.nuget\packages\prism.wpf\9.0.537\lib\net462\Prism.Wpf.dll [C:\Users\ultra\warewolf\Dev\Warewolf.Studio.Core\Warewolf.Studio.Core.csproj]
C:\Program Files\dotnet\sdk\10.0.201\Microsoft.Common.CurrentVersion.targets(2451,5): warning MSB3277:           Project file item includes which caused reference "C:\Users\ultra\.nuget\packages\prism.wpf\9.0.537\lib\net462\Prism.Wpf.dll". [C:\Users\ultra\warewolf\Dev\Warewolf.Studio.Core\Warewolf.Studio.Core.csproj]
C:\Program Files\dotnet\sdk\10.0.201\Microsoft.Common.CurrentVersion.targets(2451,5): warning MSB3277:             C:\Users\ultra\.nuget\packages\prism.wpf\9.0.537\lib\net462\Prism.Wpf.dll [C:\Users\ultra\warewolf\Dev\Warewolf.Studio.Core\Warewolf.Studio.Core.csproj]
C:\Program Files\dotnet\sdk\10.0.201\Microsoft.Common.CurrentVersion.targets(2451,5): warning MSB3277:         C:\Users\ultra\.nuget\packages\reactiveui.wpf\18.4.1\lib\net462\ReactiveUI.Wpf.dll [C:\Users\ultra\warewolf\Dev\Warewolf.Studio.Core\Warewolf.Studio.Core.csproj]
C:\Program Files\dotnet\sdk\10.0.201\Microsoft.Common.CurrentVersion.targets(2451,5): warning MSB3277:           Project file item includes which caused reference "C:\Users\ultra\.nuget\packages\reactiveui.wpf\18.4.1\lib\net462\ReactiveUI.Wpf.dll". [C:\Users\ultra\warewolf\Dev\Warewolf.Studio.Core\Warewolf.Studio.Core.csproj]
C:\Program Files\dotnet\sdk\10.0.201\Microsoft.Common.CurrentVersion.targets(2451,5): warning MSB3277:             C:\Users\ultra\.nuget\packages\reactiveui.wpf\18.4.1\lib\net462\ReactiveUI.Wpf.dll [C:\Users\ultra\warewolf\Dev\Warewolf.Studio.Core\Warewolf.Studio.Core.csproj]
C:\Program Files\dotnet\sdk\10.0.201\Microsoft.Common.CurrentVersion.targets(2451,5): warning MSB3277:         C:\Users\ultra\warewolf\Dev\Binaries\Infragistcs_Net6\InfragisticsWPF4.DragDrop.v15.1.dll [C:\Users\ultra\warewolf\Dev\Warewolf.Studio.Core\Warewolf.Studio.Core.csproj]
C:\Program Files\dotnet\sdk\10.0.201\Microsoft.Common.CurrentVersion.targets(2451,5): warning MSB3277:           Project file item includes which caused reference "C:\Users\ultra\warewolf\Dev\Binaries\Infragistcs_Net6\InfragisticsWPF4.DragDrop.v15.1.dll". [C:\Users\ultra\warewolf\Dev\Warewolf.Studio.Core\Warewolf.Studio.Core.csproj]
C:\Program Files\dotnet\sdk\10.0.201\Microsoft.Common.CurrentVersion.targets(2451,5): warning MSB3277:             InfragisticsWPF4.Controls.Menus.XamDataTree.v15.1, Version=15.1.20151.2055, Culture=neutral, PublicKeyToken=7dd5c3163f2cd0cb, processorArchitecture=MSIL [C:\Users\ultra\warewolf\Dev\Warewolf.Studio.Core\Warewolf.Studio.Core.csproj]
  Warewolf.Testing -> C:\Users\ultra\warewolf\Dev\Warewolf.Testing\bin\Debug\net8.0\Warewolf.Testing.dll
  Warewolf.Studio.Core -> C:\Users\ultra\warewolf\Dev\Warewolf.Studio.Core\bin\Debug\net8.0\Warewolf.Studio.Core.dll
C:\Program Files\dotnet\sdk\10.0.201\Microsoft.Common.CurrentVersion.targets(2451,5): warning MSB3245: Could not resolve this reference. Could not locate the assembly "System.ServiceModel.Activities". Check to make sure the assembly exists on disk. If this reference is required by your code, you may get compilation errors. [C:\Users\ultra\warewolf\Dev\Dev2.Activities\Dev2.Activities.csproj]
C:\Program Files\dotnet\sdk\10.0.201\Microsoft.Common.CurrentVersion.targets(2451,5): warning MSB3277: Found conflicts between different versions of "WindowsBase" that could not be resolved. [C:\Users\ultra\warewolf\Dev\Dev2.Activities\Dev2.Activities.csproj]
C:\Program Files\dotnet\sdk\10.0.201\Microsoft.Common.CurrentVersion.targets(2451,5): warning MSB3277: There was a conflict between "WindowsBase, Version=4.0.0.0, Culture=neutral, PublicKeyToken=31bf3856ad364e35" and "WindowsBase, Version=6.0.2.0, Culture=neutral, PublicKeyToken=31bf3856ad364e35". [C:\Users\ultra\warewolf\Dev\Dev2.Activities\Dev2.Activities.csproj]
C:\Program Files\dotnet\sdk\10.0.201\Microsoft.Common.CurrentVersion.targets(2451,5): warning MSB3277:     "WindowsBase, Version=4.0.0.0, Culture=neutral, PublicKeyToken=31bf3856ad364e35" was chosen because it was primary and "WindowsBase, Version=6.0.2.0, Culture=neutral, PublicKeyToken=31bf3856ad364e35" was not. [C:\Users\ultra\warewolf\Dev\Dev2.Activities\Dev2.Activities.csproj]
C:\Program Files\dotnet\sdk\10.0.201\Microsoft.Common.CurrentVersion.targets(2451,5): warning MSB3277:     References which depend on "WindowsBase, Version=4.0.0.0, Culture=neutral, PublicKeyToken=31bf3856ad364e35" [C:\Program Files\dotnet\packs\Microsoft.NETCore.App.Ref\8.0.25\ref\net8.0\WindowsBase.dll]. [C:\Users\ultra\warewolf\Dev\Dev2.Activities\Dev2.Activities.csproj]
C:\Program Files\dotnet\sdk\10.0.201\Microsoft.Common.CurrentVersion.targets(2451,5): warning MSB3277:         C:\Program Files\dotnet\packs\Microsoft.NETCore.App.Ref\8.0.25\ref\net8.0\WindowsBase.dll [C:\Users\ultra\warewolf\Dev\Dev2.Activities\Dev2.Activities.csproj]
C:\Program Files\dotnet\sdk\10.0.201\Microsoft.Common.CurrentVersion.targets(2451,5): warning MSB3277:           Project file item includes which caused reference "C:\Program Files\dotnet\packs\Microsoft.NETCore.App.Ref\8.0.25\ref\net8.0\WindowsBase.dll". [C:\Users\ultra\warewolf\Dev\Dev2.Activities\Dev2.Activities.csproj]
C:\Program Files\dotnet\sdk\10.0.201\Microsoft.Common.CurrentVersion.targets(2451,5): warning MSB3277:             C:\Program Files\dotnet\packs\Microsoft.NETCore.App.Ref\8.0.25\ref/net8.0/WindowsBase.dll [C:\Users\ultra\warewolf\Dev\Dev2.Activities\Dev2.Activities.csproj]
C:\Program Files\dotnet\sdk\10.0.201\Microsoft.Common.CurrentVersion.targets(2451,5): warning MSB3277:     References which depend on or have been unified to "WindowsBase, Version=6.0.2.0, Culture=neutral, PublicKeyToken=31bf3856ad364e35" []. [C:\Users\ultra\warewolf\Dev\Dev2.Activities\Dev2.Activities.csproj]
C:\Program Files\dotnet\sdk\10.0.201\Microsoft.Common.CurrentVersion.targets(2451,5): warning MSB3277:         C:\Users\ultra\.nuget\packages\caliburn.micro\4.0.212\lib\netcoreapp3.1\Caliburn.Micro.Platform.dll [C:\Users\ultra\warewolf\Dev\Dev2.Activities\Dev2.Activities.csproj]
C:\Program Files\dotnet\sdk\10.0.201\Microsoft.Common.CurrentVersion.targets(2451,5): warning MSB3277:           Project file item includes which caused reference "C:\Users\ultra\.nuget\packages\caliburn.micro\4.0.212\lib\netcoreapp3.1\Caliburn.Micro.Platform.dll". [C:\Users\ultra\warewolf\Dev\Dev2.Activities\Dev2.Activities.csproj]
C:\Program Files\dotnet\sdk\10.0.201\Microsoft.Common.CurrentVersion.targets(2451,5): warning MSB3277:             C:\Users\ultra\.nuget\packages\caliburn.micro\4.0.212\lib\netcoreapp3.1\Caliburn.Micro.Platform.dll [C:\Users\ultra\warewolf\Dev\Dev2.Activities\Dev2.Activities.csproj]
C:\Program Files\dotnet\sdk\10.0.201\Microsoft.Common.CurrentVersion.targets(2451,5): warning MSB3277:         C:\Users\ultra\.nuget\packages\ironpython\3.4.0\lib\net6.0\IronPython.Wpf.dll [C:\Users\ultra\warewolf\Dev\Dev2.Activities\Dev2.Activities.csproj]
C:\Program Files\dotnet\sdk\10.0.201\Microsoft.Common.CurrentVersion.targets(2451,5): warning MSB3277:           Project file item includes which caused reference "C:\Users\ultra\.nuget\packages\ironpython\3.4.0\lib\net6.0\IronPython.Wpf.dll". [C:\Users\ultra\warewolf\Dev\Dev2.Activities\Dev2.Activities.csproj]
C:\Program Files\dotnet\sdk\10.0.201\Microsoft.Common.CurrentVersion.targets(2451,5): warning MSB3277:             C:\Users\ultra\.nuget\packages\ironpython\3.4.0\lib\net6.0\IronPython.Wpf.dll [C:\Users\ultra\warewolf\Dev\Dev2.Activities\Dev2.Activities.csproj]
C:\Program Files\dotnet\sdk\10.0.201\Microsoft.Common.CurrentVersion.targets(2451,5): warning MSB3277:         C:\Users\ultra\.nuget\packages\microsoft.xaml.behaviors.wpf\1.1.19\lib\netcoreapp3.0\Microsoft.Xaml.Behaviors.dll [C:\Users\ultra\warewolf\Dev\Dev2.Activities\Dev2.Activities.csproj]
C:\Program Files\dotnet\sdk\10.0.201\Microsoft.Common.CurrentVersion.targets(2451,5): warning MSB3277:           Project file item includes which caused reference "C:\Users\ultra\.nuget\packages\microsoft.xaml.behaviors.wpf\1.1.19\lib\netcoreapp3.0\Microsoft.Xaml.Behaviors.dll". [C:\Users\ultra\warewolf\Dev\Dev2.Activities\Dev2.Activities.csproj]
C:\Program Files\dotnet\sdk\10.0.201\Microsoft.Common.CurrentVersion.targets(2451,5): warning MSB3277:             C:\Users\ultra\.nuget\packages\microsoft.xaml.behaviors.wpf\1.1.19\lib\netcoreapp3.0\Microsoft.Xaml.Behaviors.dll [C:\Users\ultra\warewolf\Dev\Dev2.Activities\Dev2.Activities.csproj]
C:\Program Files\dotnet\sdk\10.0.201\Microsoft.Common.CurrentVersion.targets(2451,5): warning MSB3277:             C:\Users\ultra\.nuget\packages\caliburn.micro\4.0.212\lib\netcoreapp3.1\Caliburn.Micro.Platform.dll [C:\Users\ultra\warewolf\Dev\Dev2.Activities\Dev2.Activities.csproj]
C:\Program Files\dotnet\sdk\10.0.201\Microsoft.Common.CurrentVersion.targets(2451,5): warning MSB3277:         C:\Users\ultra\.nuget\packages\reactiveui.wpf\18.4.1\lib\net462\ReactiveUI.Wpf.dll [C:\Users\ultra\warewolf\Dev\Dev2.Activities\Dev2.Activities.csproj]
C:\Program Files\dotnet\sdk\10.0.201\Microsoft.Common.CurrentVersion.targets(2451,5): warning MSB3277:           Project file item includes which caused reference "C:\Users\ultra\.nuget\packages\reactiveui.wpf\18.4.1\lib\net462\ReactiveUI.Wpf.dll". [C:\Users\ultra\warewolf\Dev\Dev2.Activities\Dev2.Activities.csproj]
C:\Program Files\dotnet\sdk\10.0.201\Microsoft.Common.CurrentVersion.targets(2451,5): warning MSB3277:             C:\Users\ultra\.nuget\packages\reactiveui.wpf\18.4.1\lib\net462\ReactiveUI.Wpf.dll [C:\Users\ultra\warewolf\Dev\Dev2.Activities\Dev2.Activities.csproj]
  Consider app.config remapping of assembly "System.Runtime.CompilerServices.Unsafe, Culture=neutral, PublicKeyToken=b03f5f7f11d50a3a" from Version "6.0.0.0" [] to Version "8.0.0.0" [C:\Program Files\dotnet\packs\Microsoft.NETCore.App.Ref\8.0.25\ref\net8.0\System.Runtime.CompilerServices.Unsafe.dll] to solve conflict and get rid of warning.
C:\Users\ultra\warewolf\Dev\Dev2.Activities\WorkflowConverters\ActivityPropertiesReaderHelper.cs(54,45): warning CS8632: The annotation for nullable reference types should only be used in code within a '#nullable' annotations context. [C:\Users\ultra\warewolf\Dev\Dev2.Activities\Dev2.Activities.csproj]
C:\Users\ultra\warewolf\Dev\Dev2.Activities\WorkflowConverters\SwitchActivityDataHelper.cs(106,58): warning CS8632: The annotation for nullable reference types should only be used in code within a '#nullable' annotations context. [C:\Users\ultra\warewolf\Dev\Dev2.Activities\Dev2.Activities.csproj]
C:\Users\ultra\warewolf\Dev\Dev2.Activities\WorkflowConverters\SwitchActivityDataHelper.cs(225,65): warning CS8632: The annotation for nullable reference types should only be used in code within a '#nullable' annotations context. [C:\Users\ultra\warewolf\Dev\Dev2.Activities\Dev2.Activities.csproj]
C:\Users\ultra\warewolf\Dev\Dev2.Activities\WorkflowConverters\SwitchActivityDataHelper.cs(225,25): warning CS8632: The annotation for nullable reference types should only be used in code within a '#nullable' annotations context. [C:\Users\ultra\warewolf\Dev\Dev2.Activities\Dev2.Activities.csproj]
C:\Users\ultra\warewolf\Dev\Dev2.Activities\WorkflowConverters\SwitchActivityDataHelper.cs(342,61): warning CS8632: The annotation for nullable reference types should only be used in code within a '#nullable' annotations context. [C:\Users\ultra\warewolf\Dev\Dev2.Activities\Dev2.Activities.csproj]
C:\Users\ultra\warewolf\Dev\Dev2.Activities\WorkflowConverters\SwitchActivityDataHelper.cs(342,30): warning CS8632: The annotation for nullable reference types should only be used in code within a '#nullable' annotations context. [C:\Users\ultra\warewolf\Dev\Dev2.Activities\Dev2.Activities.csproj]
C:\Users\ultra\warewolf\Dev\Dev2.Activities\WorkflowConverters\SwitchActivityDataHelper.cs(32,25): warning CS8632: The annotation for nullable reference types should only be used in code within a '#nullable' annotations context. [C:\Users\ultra\warewolf\Dev\Dev2.Activities\Dev2.Activities.csproj]
C:\Users\ultra\warewolf\Dev\Dev2.Activities\WorkflowConverters\SwitchActivityDataHelper.cs(33,25): warning CS8632: The annotation for nullable reference types should only be used in code within a '#nullable' annotations context. [C:\Users\ultra\warewolf\Dev\Dev2.Activities\Dev2.Activities.csproj]
C:\Users\ultra\warewolf\Dev\Dev2.Activities\WorkflowConverters\SwitchActivityDataHelper.cs(34,25): warning CS8632: The annotation for nullable reference types should only be used in code within a '#nullable' annotations context. [C:\Users\ultra\warewolf\Dev\Dev2.Activities\Dev2.Activities.csproj]
C:\Users\ultra\warewolf\Dev\Dev2.Activities\WorkflowConverters\SwitchActivityDataHelper.cs(35,25): warning CS8632: The annotation for nullable reference types should only be used in code within a '#nullable' annotations context. [C:\Users\ultra\warewolf\Dev\Dev2.Activities\Dev2.Activities.csproj]
C:\Users\ultra\warewolf\Dev\Dev2.Activities\WorkflowConverters\SwitchActivityDataHelper.cs(36,25): warning CS8632: The annotation for nullable reference types should only be used in code within a '#nullable' annotations context. [C:\Users\ultra\warewolf\Dev\Dev2.Activities\Dev2.Activities.csproj]
C:\Users\ultra\warewolf\Dev\Dev2.Activities\WorkflowConverters\SwitchActivityDataHelper.cs(37,25): warning CS8632: The annotation for nullable reference types should only be used in code within a '#nullable' annotations context. [C:\Users\ultra\warewolf\Dev\Dev2.Activities\Dev2.Activities.csproj]
C:\Users\ultra\warewolf\Dev\Dev2.Activities\WorkflowConverters\SwitchActivityDataHelper.cs(108,19): warning CS8632: The annotation for nullable reference types should only be used in code within a '#nullable' annotations context. [C:\Users\ultra\warewolf\Dev\Dev2.Activities\Dev2.Activities.csproj]
C:\Users\ultra\warewolf\Dev\Dev2.Activities\WorkflowConverters\ActivityPropertiesReaderHelper.cs(60,59): warning CS8632: The annotation for nullable reference types should only be used in code within a '#nullable' annotations context. [C:\Users\ultra\warewolf\Dev\Dev2.Activities\Dev2.Activities.csproj]
C:\Users\ultra\warewolf\Dev\Dev2.Activities\WorkflowConverters\X6ToWorkflowConverter.cs(375,13): warning CC0003: Consider adding an Exception to the catch. (https://code-cracker.github.io/diagnostics/CC0003.html) [C:\Users\ultra\warewolf\Dev\Dev2.Activities\Dev2.Activities.csproj]
C:\Users\ultra\warewolf\Dev\Dev2.Activities\Activities\PathOperations\FileWriteActivity.cs(54,26): warning CC0022: WarewolfListIterator should be disposed. (https://code-cracker.github.io/diagnostics/CC0022.html) [C:\Users\ultra\warewolf\Dev\Dev2.Activities\Dev2.Activities.csproj]
C:\Users\ultra\warewolf\Dev\Dev2.Activities\WorkflowConverters\X6ToWorkflowConverter.cs(833,17): warning CC0120: Consider put an default clause in Switch. (https://code-cracker.github.io/diagnostics/CC0120.html) [C:\Users\ultra\warewolf\Dev\Dev2.Activities\Dev2.Activities.csproj]
C:\Users\ultra\warewolf\Dev\Dev2.Activities\WorkflowConverters\X6ToWorkflowConverter.cs(958,13): warning CC0004: Empty Catch Block. (https://code-cracker.github.io/diagnostics/CC0004.html) [C:\Users\ultra\warewolf\Dev\Dev2.Activities\Dev2.Activities.csproj]
C:\Users\ultra\warewolf\Dev\Dev2.Activities\Activities\GateActivity.cs(733,24): warning CC0022: WarewolfListIterator should be disposed. (https://code-cracker.github.io/diagnostics/CC0022.html) [C:\Users\ultra\warewolf\Dev\Dev2.Activities\Dev2.Activities.csproj]
C:\Users\ultra\warewolf\Dev\Dev2.Activities\Activities\GateActivity.cs(639,21): warning CC0003: Consider adding an Exception to the catch. (https://code-cracker.github.io/diagnostics/CC0003.html) [C:\Users\ultra\warewolf\Dev\Dev2.Activities\Dev2.Activities.csproj]
C:\Users\ultra\warewolf\Dev\Dev2.Activities\Activities\GateActivity.cs(656,21): warning CC0003: Consider adding an Exception to the catch. (https://code-cracker.github.io/diagnostics/CC0003.html) [C:\Users\ultra\warewolf\Dev\Dev2.Activities\Dev2.Activities.csproj]
C:\Users\ultra\warewolf\Dev\Dev2.Activities\WorkflowConverters\WorkflowToX6Converter.cs(567,13): warning CC0105: Use 'var' instead of specifying the type name. (https://code-cracker.github.io/diagnostics/CC0105.html) [C:\Users\ultra\warewolf\Dev\Dev2.Activities\Dev2.Activities.csproj]
C:\Users\ultra\warewolf\Dev\Dev2.Activities\WorkflowConverters\WorkflowToX6Converter.cs(998,13): warning CC0004: Empty Catch Block. (https://code-cracker.github.io/diagnostics/CC0004.html) [C:\Users\ultra\warewolf\Dev\Dev2.Activities\Dev2.Activities.csproj]
C:\Users\ultra\warewolf\Dev\Dev2.Activities\WorkflowConverters\WorkflowToX6Converter.cs(1376,17): warning CC0004: Empty Catch Block. (https://code-cracker.github.io/diagnostics/CC0004.html) [C:\Users\ultra\warewolf\Dev\Dev2.Activities\Dev2.Activities.csproj]
C:\Users\ultra\warewolf\Dev\Dev2.Activities\Activities\WebPostActivity.cs(238,28): warning CC0022: WarewolfListIterator should be disposed. (https://code-cracker.github.io/diagnostics/CC0022.html) [C:\Users\ultra\warewolf\Dev\Dev2.Activities\Dev2.Activities.csproj]
C:\Users\ultra\warewolf\Dev\Dev2.Activities\WorkflowConverters\WorkflowToX6Converter.cs(1365,13): warning CC0006: You can use foreach instead of for. (https://code-cracker.github.io/diagnostics/CC0006.html) [C:\Users\ultra\warewolf\Dev\Dev2.Activities\Dev2.Activities.csproj]
C:\Users\ultra\warewolf\Dev\Dev2.Activities\Activities\WebPostActivityNew.cs(281,28): warning CC0022: WarewolfListIterator should be disposed. (https://code-cracker.github.io/diagnostics/CC0022.html) [C:\Users\ultra\warewolf\Dev\Dev2.Activities\Dev2.Activities.csproj]
C:\Users\ultra\warewolf\Dev\Dev2.Activities\Activities\DsfWebActivityBase.cs(136,96): warning CC0022: StringContent should be disposed. (https://code-cracker.github.io/diagnostics/CC0022.html) [C:\Users\ultra\warewolf\Dev\Dev2.Activities\Dev2.Activities.csproj]
C:\Users\ultra\warewolf\Dev\Dev2.Activities\Activities\DsfWebActivityBase.cs(158,42): warning CC0022: StreamReader should be disposed. (https://code-cracker.github.io/diagnostics/CC0022.html) [C:\Users\ultra\warewolf\Dev\Dev2.Activities\Dev2.Activities.csproj]
C:\Users\ultra\warewolf\Dev\Dev2.Activities\Activities\DsfWebActivityBase.cs(175,35): warning CC0022: ByteArrayContent should be disposed. (https://code-cracker.github.io/diagnostics/CC0022.html) [C:\Users\ultra\warewolf\Dev\Dev2.Activities\Dev2.Activities.csproj]
C:\Users\ultra\warewolf\Dev\Dev2.Activities\Activities\DsfWebActivityBase.cs(184,31): warning CC0022: StringContent should be disposed. (https://code-cracker.github.io/diagnostics/CC0022.html) [C:\Users\ultra\warewolf\Dev\Dev2.Activities\Dev2.Activities.csproj]
C:\Users\ultra\warewolf\Dev\Dev2.Activities\Activities\GetSystemInformationHelper.cs(326,28): warning CA1416: This call site is reachable on all platforms. 'ObjectQuery' is only supported on: 'windows'. (https://learn.microsoft.com/dotnet/fundamentals/code-analysis/quality-rules/ca1416) [C:\Users\ultra\warewolf\Dev\Dev2.Activities\Dev2.Activities.csproj]
C:\Users\ultra\warewolf\Dev\Dev2.Activities\Activities\GetSystemInformationHelper.cs(327,28): warning CA1416: This call site is reachable on all platforms. 'ManagementObjectSearcher' is only supported on: 'windows'. (https://learn.microsoft.com/dotnet/fundamentals/code-analysis/quality-rules/ca1416) [C:\Users\ultra\warewolf\Dev\Dev2.Activities\Dev2.Activities.csproj]
C:\Users\ultra\warewolf\Dev\Dev2.Activities\Activities\GetSystemInformationHelper.cs(332,60): warning CA1416: This call site is reachable on all platforms. 'ManagementBaseObject.this[string]' is only supported on: 'windows'. (https://learn.microsoft.com/dotnet/fundamentals/code-analysis/quality-rules/ca1416) [C:\Users\ultra\warewolf\Dev\Dev2.Activities\Dev2.Activities.csproj]
C:\Users\ultra\warewolf\Dev\Dev2.Activities\Activities\GetSystemInformationHelper.cs(329,31): warning CA1416: This call site is reachable on all platforms. 'ManagementObjectSearcher.Get()' is only supported on: 'windows'. (https://learn.microsoft.com/dotnet/fundamentals/code-analysis/quality-rules/ca1416) [C:\Users\ultra\warewolf\Dev\Dev2.Activities\Dev2.Activities.csproj]
C:\Users\ultra\warewolf\Dev\Dev2.Activities\Activities\GetSystemInformationHelper.cs(95,36): warning CA1416: This call site is reachable on all platforms. 'ManagementBaseObject.GetPropertyValue(string)' is only supported on: 'windows'. (https://learn.microsoft.com/dotnet/fundamentals/code-analysis/quality-rules/ca1416) [C:\Users\ultra\warewolf\Dev\Dev2.Activities\Dev2.Activities.csproj]
C:\Users\ultra\warewolf\Dev\Dev2.Activities\Activities\GetSystemInformationHelper.cs(346,58): warning CA1416: This call site is reachable on all platforms. 'ManagementBaseObject.this[string]' is only supported on: 'windows'. (https://learn.microsoft.com/dotnet/fundamentals/code-analysis/quality-rules/ca1416) [C:\Users\ultra\warewolf\Dev\Dev2.Activities\Dev2.Activities.csproj]
C:\Users\ultra\warewolf\Dev\Dev2.Activities\Activities\GetSystemInformationHelper.cs(342,31): warning CA1416: This call site is reachable on all platforms. 'ManagementObjectSearcher.Get()' is only supported on: 'windows'. (https://learn.microsoft.com/dotnet/fundamentals/code-analysis/quality-rules/ca1416) [C:\Users\ultra\warewolf\Dev\Dev2.Activities\Dev2.Activities.csproj]
C:\Users\ultra\warewolf\Dev\Dev2.Activities\Activities\GetSystemInformationHelper.cs(340,28): warning CA1416: This call site is reachable on all platforms. 'ObjectQuery' is only supported on: 'windows'. (https://learn.microsoft.com/dotnet/fundamentals/code-analysis/quality-rules/ca1416) [C:\Users\ultra\warewolf\Dev\Dev2.Activities\Dev2.Activities.csproj]
C:\Users\ultra\warewolf\Dev\Dev2.Activities\Activities\GetSystemInformationHelper.cs(345,53): warning CA1416: This call site is reachable on all platforms. 'ManagementBaseObject.this[string]' is only supported on: 'windows'. (https://learn.microsoft.com/dotnet/fundamentals/code-analysis/quality-rules/ca1416) [C:\Users\ultra\warewolf\Dev\Dev2.Activities\Dev2.Activities.csproj]
C:\Users\ultra\warewolf\Dev\Dev2.Activities\Activities\GetSystemInformationHelper.cs(341,28): warning CA1416: This call site is reachable on all platforms. 'ManagementObjectSearcher' is only supported on: 'windows'. (https://learn.microsoft.com/dotnet/fundamentals/code-analysis/quality-rules/ca1416) [C:\Users\ultra\warewolf\Dev\Dev2.Activities\Dev2.Activities.csproj]
C:\Users\ultra\warewolf\Dev\Dev2.Activities\Activities\GetSystemInformationHelper.cs(370,92): warning CA1416: This call site is reachable on all platforms. 'WindowsIdentity.GetCurrent()' is only supported on: 'windows'. (https://learn.microsoft.com/dotnet/fundamentals/code-analysis/quality-rules/ca1416) [C:\Users\ultra\warewolf\Dev\Dev2.Activities\Dev2.Activities.csproj]
C:\Users\ultra\warewolf\Dev\Dev2.Activities\Activities\GetSystemInformationHelper.cs(374,37): warning CA1416: This call site is reachable on all platforms. 'WindowsIdentity.Groups' is only supported on: 'windows'. (https://learn.microsoft.com/dotnet/fundamentals/code-analysis/quality-rules/ca1416) [C:\Users\ultra\warewolf\Dev\Dev2.Activities\Dev2.Activities.csproj]
C:\Users\ultra\warewolf\Dev\Dev2.Activities\Activities\GetSystemInformationHelper.cs(372,17): warning CA1416: This call site is reachable on all platforms. 'WindowsIdentity.Groups' is only supported on: 'windows'. (https://learn.microsoft.com/dotnet/fundamentals/code-analysis/quality-rules/ca1416) [C:\Users\ultra\warewolf\Dev\Dev2.Activities\Dev2.Activities.csproj]
C:\Users\ultra\warewolf\Dev\Dev2.Activities\Activities\GetSystemInformationHelper.cs(392,32): warning CA1416: This call site is reachable on all platforms. 'ObjectQuery' is only supported on: 'windows'. (https://learn.microsoft.com/dotnet/fundamentals/code-analysis/quality-rules/ca1416) [C:\Users\ultra\warewolf\Dev\Dev2.Activities\Dev2.Activities.csproj]
C:\Users\ultra\warewolf\Dev\Dev2.Activities\Activities\GetSystemInformationHelper.cs(393,32): warning CA1416: This call site is reachable on all platforms. 'ManagementObjectSearcher' is only supported on: 'windows'. (https://learn.microsoft.com/dotnet/fundamentals/code-analysis/quality-rules/ca1416) [C:\Users\ultra\warewolf\Dev\Dev2.Activities\Dev2.Activities.csproj]
C:\Users\ultra\warewolf\Dev\Dev2.Activities\Activities\GetSystemInformationHelper.cs(397,49): warning CA1416: This call site is reachable on all platforms. 'ManagementBaseObject.this[string]' is only supported on: 'windows'. (https://learn.microsoft.com/dotnet/fundamentals/code-analysis/quality-rules/ca1416) [C:\Users\ultra\warewolf\Dev\Dev2.Activities\Dev2.Activities.csproj]
C:\Users\ultra\warewolf\Dev\Dev2.Activities\Activities\GetSystemInformationHelper.cs(394,35): warning CA1416: This call site is reachable on all platforms. 'ManagementObjectSearcher.Get()' is only supported on: 'windows'. (https://learn.microsoft.com/dotnet/fundamentals/code-analysis/quality-rules/ca1416) [C:\Users\ultra\warewolf\Dev\Dev2.Activities\Dev2.Activities.csproj]
C:\Users\ultra\warewolf\Dev\Dev2.Activities\Activities\GetSystemInformationHelper.cs(392,90): warning CA1416: This call site is reachable on all platforms. 'IdentityReference.Value' is only supported on: 'windows'. (https://learn.microsoft.com/dotnet/fundamentals/code-analysis/quality-rules/ca1416) [C:\Users\ultra\warewolf\Dev\Dev2.Activities\Dev2.Activities.csproj]
C:\Users\ultra\warewolf\Dev\Dev2.Activities\Activities\GetSystemInformationHelper.cs(387,28): warning CA1416: This call site is reachable on all platforms. 'IdentityReference.Value' is only supported on: 'windows'. (https://learn.microsoft.com/dotnet/fundamentals/code-analysis/quality-rules/ca1416) [C:\Users\ultra\warewolf\Dev\Dev2.Activities\Dev2.Activities.csproj]
C:\Users\ultra\warewolf\Dev\Dev2.Activities\Activities\GetSystemInformationHelper.cs(386,39): warning CA1416: This call site is reachable on all platforms. 'IdentityReference.Translate(Type)' is only supported on: 'windows'. (https://learn.microsoft.com/dotnet/fundamentals/code-analysis/quality-rules/ca1416) [C:\Users\ultra\warewolf\Dev\Dev2.Activities\Dev2.Activities.csproj]
C:\Users\ultra\warewolf\Dev\Dev2.Activities\Activities\GetSystemInformationHelper.cs(428,35): warning CA1416: This call site is reachable on all platforms. 'ManagementObjectSearcher.Get()' is only supported on: 'windows'. (https://learn.microsoft.com/dotnet/fundamentals/code-analysis/quality-rules/ca1416) [C:\Users\ultra\warewolf\Dev\Dev2.Activities\Dev2.Activities.csproj]
C:\Users\ultra\warewolf\Dev\Dev2.Activities\Activities\GetSystemInformationHelper.cs(426,32): warning CA1416: This call site is reachable on all platforms. 'ObjectQuery' is only supported on: 'windows'. (https://learn.microsoft.com/dotnet/fundamentals/code-analysis/quality-rules/ca1416) [C:\Users\ultra\warewolf\Dev\Dev2.Activities\Dev2.Activities.csproj]
C:\Users\ultra\warewolf\Dev\Dev2.Activities\Activities\GetSystemInformationHelper.cs(427,32): warning CA1416: This call site is reachable on all platforms. 'ManagementObjectSearcher' is only supported on: 'windows'. (https://learn.microsoft.com/dotnet/fundamentals/code-analysis/quality-rules/ca1416) [C:\Users\ultra\warewolf\Dev\Dev2.Activities\Dev2.Activities.csproj]
C:\Users\ultra\warewolf\Dev\Dev2.Activities\Activities\GetSystemInformationHelper.cs(431,57): warning CA1416: This call site is reachable on all platforms. 'ManagementBaseObject.this[string]' is only supported on: 'windows'. (https://learn.microsoft.com/dotnet/fundamentals/code-analysis/quality-rules/ca1416) [C:\Users\ultra\warewolf\Dev\Dev2.Activities\Dev2.Activities.csproj]
  Dev2.Activities -> C:\Users\ultra\warewolf\Dev\Dev2.Activities\bin\Debug\net8.0\Dev2.Activities.dll
C:\Program Files\dotnet\sdk\10.0.201\Microsoft.Common.CurrentVersion.targets(2451,5): warning MSB3277: Found conflicts between different versions of "WindowsBase" that could not be resolved. [C:\Users\ultra\warewolf\Dev\Dev2.Runtime\Dev2.Runtime.csproj]
C:\Program Files\dotnet\sdk\10.0.201\Microsoft.Common.CurrentVersion.targets(2451,5): warning MSB3277: There was a conflict between "WindowsBase, Version=4.0.0.0, Culture=neutral, PublicKeyToken=31bf3856ad364e35" and "WindowsBase, Version=6.0.2.0, Culture=neutral, PublicKeyToken=31bf3856ad364e35". [C:\Users\ultra\warewolf\Dev\Dev2.Runtime\Dev2.Runtime.csproj]
C:\Program Files\dotnet\sdk\10.0.201\Microsoft.Common.CurrentVersion.targets(2451,5): warning MSB3277:     "WindowsBase, Version=4.0.0.0, Culture=neutral, PublicKeyToken=31bf3856ad364e35" was chosen because it was primary and "WindowsBase, Version=6.0.2.0, Culture=neutral, PublicKeyToken=31bf3856ad364e35" was not. [C:\Users\ultra\warewolf\Dev\Dev2.Runtime\Dev2.Runtime.csproj]
C:\Program Files\dotnet\sdk\10.0.201\Microsoft.Common.CurrentVersion.targets(2451,5): warning MSB3277:     References which depend on "WindowsBase, Version=4.0.0.0, Culture=neutral, PublicKeyToken=31bf3856ad364e35" [C:\Program Files\dotnet\packs\Microsoft.NETCore.App.Ref\8.0.25\ref\net8.0\WindowsBase.dll]. [C:\Users\ultra\warewolf\Dev\Dev2.Runtime\Dev2.Runtime.csproj]
C:\Program Files\dotnet\sdk\10.0.201\Microsoft.Common.CurrentVersion.targets(2451,5): warning MSB3277:         C:\Program Files\dotnet\packs\Microsoft.NETCore.App.Ref\8.0.25\ref\net8.0\WindowsBase.dll [C:\Users\ultra\warewolf\Dev\Dev2.Runtime\Dev2.Runtime.csproj]
C:\Program Files\dotnet\sdk\10.0.201\Microsoft.Common.CurrentVersion.targets(2451,5): warning MSB3277:           Project file item includes which caused reference "C:\Program Files\dotnet\packs\Microsoft.NETCore.App.Ref\8.0.25\ref\net8.0\WindowsBase.dll". [C:\Users\ultra\warewolf\Dev\Dev2.Runtime\Dev2.Runtime.csproj]
C:\Program Files\dotnet\sdk\10.0.201\Microsoft.Common.CurrentVersion.targets(2451,5): warning MSB3277:             C:\Program Files\dotnet\packs\Microsoft.NETCore.App.Ref\8.0.25\ref/net8.0/WindowsBase.dll [C:\Users\ultra\warewolf\Dev\Dev2.Runtime\Dev2.Runtime.csproj]
C:\Program Files\dotnet\sdk\10.0.201\Microsoft.Common.CurrentVersion.targets(2451,5): warning MSB3277:     References which depend on or have been unified to "WindowsBase, Version=6.0.2.0, Culture=neutral, PublicKeyToken=31bf3856ad364e35" []. [C:\Users\ultra\warewolf\Dev\Dev2.Runtime\Dev2.Runtime.csproj]
C:\Program Files\dotnet\sdk\10.0.201\Microsoft.Common.CurrentVersion.targets(2451,5): warning MSB3277:         C:\Users\ultra\.nuget\packages\caliburn.micro\4.0.212\lib\netcoreapp3.1\Caliburn.Micro.Platform.dll [C:\Users\ultra\warewolf\Dev\Dev2.Runtime\Dev2.Runtime.csproj]
C:\Program Files\dotnet\sdk\10.0.201\Microsoft.Common.CurrentVersion.targets(2451,5): warning MSB3277:           Project file item includes which caused reference "C:\Users\ultra\.nuget\packages\caliburn.micro\4.0.212\lib\netcoreapp3.1\Caliburn.Micro.Platform.dll". [C:\Users\ultra\warewolf\Dev\Dev2.Runtime\Dev2.Runtime.csproj]
C:\Program Files\dotnet\sdk\10.0.201\Microsoft.Common.CurrentVersion.targets(2451,5): warning MSB3277:             C:\Users\ultra\.nuget\packages\caliburn.micro\4.0.212\lib\netcoreapp3.1\Caliburn.Micro.Platform.dll [C:\Users\ultra\warewolf\Dev\Dev2.Runtime\Dev2.Runtime.csproj]
C:\Program Files\dotnet\sdk\10.0.201\Microsoft.Common.CurrentVersion.targets(2451,5): warning MSB3277:         C:\Users\ultra\.nuget\packages\ironpython\3.4.0\lib\net6.0\IronPython.Wpf.dll [C:\Users\ultra\warewolf\Dev\Dev2.Runtime\Dev2.Runtime.csproj]
C:\Program Files\dotnet\sdk\10.0.201\Microsoft.Common.CurrentVersion.targets(2451,5): warning MSB3277:           Project file item includes which caused reference "C:\Users\ultra\.nuget\packages\ironpython\3.4.0\lib\net6.0\IronPython.Wpf.dll". [C:\Users\ultra\warewolf\Dev\Dev2.Runtime\Dev2.Runtime.csproj]
C:\Program Files\dotnet\sdk\10.0.201\Microsoft.Common.CurrentVersion.targets(2451,5): warning MSB3277:             C:\Users\ultra\.nuget\packages\ironpython\3.4.0\lib\net6.0\IronPython.Wpf.dll [C:\Users\ultra\warewolf\Dev\Dev2.Runtime\Dev2.Runtime.csproj]
C:\Program Files\dotnet\sdk\10.0.201\Microsoft.Common.CurrentVersion.targets(2451,5): warning MSB3277:         C:\Users\ultra\.nuget\packages\microsoft.xaml.behaviors.wpf\1.1.19\lib\netcoreapp3.0\Microsoft.Xaml.Behaviors.dll [C:\Users\ultra\warewolf\Dev\Dev2.Runtime\Dev2.Runtime.csproj]
C:\Program Files\dotnet\sdk\10.0.201\Microsoft.Common.CurrentVersion.targets(2451,5): warning MSB3277:           Project file item includes which caused reference "C:\Users\ultra\.nuget\packages\microsoft.xaml.behaviors.wpf\1.1.19\lib\netcoreapp3.0\Microsoft.Xaml.Behaviors.dll". [C:\Users\ultra\warewolf\Dev\Dev2.Runtime\Dev2.Runtime.csproj]
C:\Program Files\dotnet\sdk\10.0.201\Microsoft.Common.CurrentVersion.targets(2451,5): warning MSB3277:             C:\Users\ultra\.nuget\packages\microsoft.xaml.behaviors.wpf\1.1.19\lib\netcoreapp3.0\Microsoft.Xaml.Behaviors.dll [C:\Users\ultra\warewolf\Dev\Dev2.Runtime\Dev2.Runtime.csproj]
C:\Program Files\dotnet\sdk\10.0.201\Microsoft.Common.CurrentVersion.targets(2451,5): warning MSB3277:             C:\Users\ultra\.nuget\packages\caliburn.micro\4.0.212\lib\netcoreapp3.1\Caliburn.Micro.Platform.dll [C:\Users\ultra\warewolf\Dev\Dev2.Runtime\Dev2.Runtime.csproj]
C:\Program Files\dotnet\sdk\10.0.201\Microsoft.Common.CurrentVersion.targets(2451,5): warning MSB3277:         C:\Users\ultra\.nuget\packages\reactiveui.wpf\18.4.1\lib\net462\ReactiveUI.Wpf.dll [C:\Users\ultra\warewolf\Dev\Dev2.Runtime\Dev2.Runtime.csproj]
C:\Program Files\dotnet\sdk\10.0.201\Microsoft.Common.CurrentVersion.targets(2451,5): warning MSB3277:           Project file item includes which caused reference "C:\Users\ultra\.nuget\packages\reactiveui.wpf\18.4.1\lib\net462\ReactiveUI.Wpf.dll". [C:\Users\ultra\warewolf\Dev\Dev2.Runtime\Dev2.Runtime.csproj]
C:\Program Files\dotnet\sdk\10.0.201\Microsoft.Common.CurrentVersion.targets(2451,5): warning MSB3277:             C:\Users\ultra\.nuget\packages\reactiveui.wpf\18.4.1\lib\net462\ReactiveUI.Wpf.dll [C:\Users\ultra\warewolf\Dev\Dev2.Runtime\Dev2.Runtime.csproj]
C:\Users\ultra\warewolf\Dev\Dev2.Runtime\ESB\Execution\RemoteWorkflowExecutionContainer.cs(235,35): warning SYSLIB0013: 'Uri.EscapeUriString(string)' is obsolete: 'Uri.EscapeUriString can corrupt the Uri string in some cases. Consider using Uri.EscapeDataString for query string components instead.' (https://aka.ms/dotnet-warnings/SYSLIB0013) [C:\Users\ultra\warewolf\Dev\Dev2.Runtime\Dev2.Runtime.csproj]
C:\Users\ultra\warewolf\Dev\Dev2.Runtime\ESB\Execution\RemoteWorkflowExecutionContainer.cs(301,39): warning SYSLIB0013: 'Uri.EscapeUriString(string)' is obsolete: 'Uri.EscapeUriString can corrupt the Uri string in some cases. Consider using Uri.EscapeDataString for query string components instead.' (https://aka.ms/dotnet-warnings/SYSLIB0013) [C:\Users\ultra\warewolf\Dev\Dev2.Runtime\Dev2.Runtime.csproj]
C:\Users\ultra\warewolf\Dev\Dev2.Runtime\ESB\WF\XamlActivityHelper.cs(66,13): warning CC0004: Empty Catch Block. (https://code-cracker.github.io/diagnostics/CC0004.html) [C:\Users\ultra\warewolf\Dev\Dev2.Runtime\Dev2.Runtime.csproj]
C:\Users\ultra\warewolf\Dev\Dev2.Runtime\ESB\WF\XamlActivityHelper.cs(133,13): warning CC0004: Empty Catch Block. (https://code-cracker.github.io/diagnostics/CC0004.html) [C:\Users\ultra\warewolf\Dev\Dev2.Runtime\Dev2.Runtime.csproj]
C:\Users\ultra\warewolf\Dev\Dev2.Runtime\ESB\WF\XamlActivityHelper.cs(179,17): warning CC0004: Empty Catch Block. (https://code-cracker.github.io/diagnostics/CC0004.html) [C:\Users\ultra\warewolf\Dev\Dev2.Runtime\Dev2.Runtime.csproj]
C:\Users\ultra\warewolf\Dev\Dev2.Runtime\ESB\Execution\WfExecutionContainer.cs(63,35): warning CC0067: Do not call overridable methods in constructors (https://code-cracker.github.io/diagnostics/CC0067.html) [C:\Users\ultra\warewolf\Dev\Dev2.Runtime\Dev2.Runtime.csproj]
C:\Users\ultra\warewolf\Dev\Dev2.Runtime\ESB\WF\XamlActivityHelper.cs(230,17): warning CC0004: Empty Catch Block. (https://code-cracker.github.io/diagnostics/CC0004.html) [C:\Users\ultra\warewolf\Dev\Dev2.Runtime\Dev2.Runtime.csproj]
C:\Users\ultra\warewolf\Dev\Dev2.Runtime\ESB\Execution\WfExecutionContainer.cs(774,37): warning CC0022: StateAuditLogger should be disposed. (https://code-cracker.github.io/diagnostics/CC0022.html) [C:\Users\ultra\warewolf\Dev\Dev2.Runtime\Dev2.Runtime.csproj]
C:\Users\ultra\warewolf\Dev\Dev2.Runtime\ESB\WF\XamlActivityHelper.cs(240,43): warning CC0057: Parameter 'instance' is not used. (https://code-cracker.github.io/diagnostics/CC0057.html) [C:\Users\ultra\warewolf\Dev\Dev2.Runtime\Dev2.Runtime.csproj]
C:\Users\ultra\warewolf\Dev\Dev2.Runtime\ESB\Execution\WfExecutionContainer.cs(578,33): warning CC0003: Consider adding an Exception to the catch. (https://code-cracker.github.io/diagnostics/CC0003.html) [C:\Users\ultra\warewolf\Dev\Dev2.Runtime\Dev2.Runtime.csproj]
C:\Users\ultra\warewolf\Dev\Dev2.Runtime\ESB\Execution\WfExecutionContainer.cs(819,17): warning CC0004: Empty Catch Block. (https://code-cracker.github.io/diagnostics/CC0004.html) [C:\Users\ultra\warewolf\Dev\Dev2.Runtime\Dev2.Runtime.csproj]
C:\Users\ultra\warewolf\Dev\Dev2.Runtime\ESB\Execution\WfExecutionContainer.cs(864,21): warning CC0004: Empty Catch Block. (https://code-cracker.github.io/diagnostics/CC0004.html) [C:\Users\ultra\warewolf\Dev\Dev2.Runtime\Dev2.Runtime.csproj]
  Dev2.Runtime -> C:\Users\ultra\warewolf\Dev\Dev2.Runtime\bin\Debug\net8.0\Dev2.Runtime.dll
C:\Users\ultra\warewolf\Dev\Dev2.Studio.Core\Activities\Services\DesignerManagementService.cs(75,13): warning CS0618: 'EventAggregatorExtensions.Subscribe(IEventAggregator, object)' is obsolete: 'Use SubscribeOnPublishedThread' [C:\Users\ultra\warewolf\Dev\Dev2.Studio.Core\Dev2.Studio.Core.csproj]
C:\Users\ultra\warewolf\Dev\Dev2.Studio.Core\AppResources\Converters\NullableBoolToBoolConverter.cs(41,23): warning CC0057: Parameter 'value' is not used. (https://code-cracker.github.io/diagnostics/CC0057.html) [C:\Users\ultra\warewolf\Dev\Dev2.Studio.Core\Dev2.Studio.Core.csproj]
C:\Users\ultra\warewolf\Dev\Dev2.Studio.Core\AppResources\Converters\NullableBoolToBoolConverter.cs(41,37): warning CC0057: Parameter 'targetType' is not used. (https://code-cracker.github.io/diagnostics/CC0057.html) [C:\Users\ultra\warewolf\Dev\Dev2.Studio.Core\Dev2.Studio.Core.csproj]
C:\Users\ultra\warewolf\Dev\Dev2.Studio.Core\AppResources\Converters\NullableBoolToBoolConverter.cs(41,54): warning CC0057: Parameter 'parameter' is not used. (https://code-cracker.github.io/diagnostics/CC0057.html) [C:\Users\ultra\warewolf\Dev\Dev2.Studio.Core\Dev2.Studio.Core.csproj]
C:\Users\ultra\warewolf\Dev\Dev2.Studio.Core\AppResources\Converters\NullableBoolToBoolConverter.cs(41,72): warning CC0057: Parameter 'culture' is not used. (https://code-cracker.github.io/diagnostics/CC0057.html) [C:\Users\ultra\warewolf\Dev\Dev2.Studio.Core\Dev2.Studio.Core.csproj]
C:\Users\ultra\warewolf\Dev\Dev2.Studio.Core\AppResources\Converters\NullableBoolToBoolConverter.cs(31,45): warning CC0057: Parameter 'targetType' is not used. (https://code-cracker.github.io/diagnostics/CC0057.html) [C:\Users\ultra\warewolf\Dev\Dev2.Studio.Core\Dev2.Studio.Core.csproj]
C:\Users\ultra\warewolf\Dev\Dev2.Studio.Core\AppResources\Converters\NullableBoolToBoolConverter.cs(31,62): warning CC0057: Parameter 'parameter' is not used. (https://code-cracker.github.io/diagnostics/CC0057.html) [C:\Users\ultra\warewolf\Dev\Dev2.Studio.Core\Dev2.Studio.Core.csproj]
C:\Users\ultra\warewolf\Dev\Dev2.Studio.Core\AppResources\Converters\NullableBoolToBoolConverter.cs(31,80): warning CC0057: Parameter 'culture' is not used. (https://code-cracker.github.io/diagnostics/CC0057.html) [C:\Users\ultra\warewolf\Dev\Dev2.Studio.Core\Dev2.Studio.Core.csproj]
C:\Users\ultra\warewolf\Dev\Dev2.Studio.Core\AppResources\Converters\ModelItemToActivityConverter.cs(31,42): warning CC0057: Parameter 'targetType' is not used. (https://code-cracker.github.io/diagnostics/CC0057.html) [C:\Users\ultra\warewolf\Dev\Dev2.Studio.Core\Dev2.Studio.Core.csproj]
C:\Users\ultra\warewolf\Dev\Dev2.Studio.Core\AppResources\Converters\ModelItemToActivityConverter.cs(31,59): warning CC0057: Parameter 'parameter' is not used. (https://code-cracker.github.io/diagnostics/CC0057.html) [C:\Users\ultra\warewolf\Dev\Dev2.Studio.Core\Dev2.Studio.Core.csproj]
C:\Users\ultra\warewolf\Dev\Dev2.Studio.Core\AppResources\Converters\ModelItemToActivityConverter.cs(31,77): warning CC0057: Parameter 'culture' is not used. (https://code-cracker.github.io/diagnostics/CC0057.html) [C:\Users\ultra\warewolf\Dev\Dev2.Studio.Core\Dev2.Studio.Core.csproj]
C:\Users\ultra\warewolf\Dev\Dev2.Studio.Core\AppResources\Converters\ModelItemToActivityConverter.cs(45,46): warning CC0057: Parameter 'targetType' is not used. (https://code-cracker.github.io/diagnostics/CC0057.html) [C:\Users\ultra\warewolf\Dev\Dev2.Studio.Core\Dev2.Studio.Core.csproj]
C:\Users\ultra\warewolf\Dev\Dev2.Studio.Core\AppResources\Converters\ModelItemToActivityConverter.cs(45,81): warning CC0057: Parameter 'culture' is not used. (https://code-cracker.github.io/diagnostics/CC0057.html) [C:\Users\ultra\warewolf\Dev\Dev2.Studio.Core\Dev2.Studio.Core.csproj]
C:\Users\ultra\warewolf\Dev\Dev2.Studio.Core\Diagnostics\DebugStateTreeViewItemViewModel.cs(119,13): warning CC0105: Use 'var' instead of specifying the type name. (https://code-cracker.github.io/diagnostics/CC0105.html) [C:\Users\ultra\warewolf\Dev\Dev2.Studio.Core\Dev2.Studio.Core.csproj]
C:\Users\ultra\warewolf\Dev\Dev2.Studio.Core\DataList\Dev2TrieSuggestionProvider.cs(180,13): warning CC0004: Empty Catch Block. (https://code-cracker.github.io/diagnostics/CC0004.html) [C:\Users\ultra\warewolf\Dev\Dev2.Studio.Core\Dev2.Studio.Core.csproj]
  Dev2.Studio.Core -> C:\Users\ultra\warewolf\Dev\Dev2.Studio.Core\bin\Debug\net8.0\Dev2.Studio.Core.dll
  Warewolf.Common.Framework48 -> C:\Users\ultra\warewolf\Dev\Warewolf.Common.Framework48\bin\Debug\net8.0\Warewolf.Common.Framework48.dll
C:\Program Files\dotnet\sdk\10.0.201\Microsoft.Common.CurrentVersion.targets(2451,5): warning MSB3245: Could not resolve this reference. Could not locate the assembly "System.Web". Check to make sure the assembly exists on disk. If this reference is required by your code, you may get compilation errors. [C:\Users\ultra\warewolf\Dev\Dev2.Runtime.WebServer\Dev2.Runtime.WebServer.csproj]
C:\Program Files\dotnet\sdk\10.0.201\Microsoft.Common.CurrentVersion.targets(2451,5): warning MSB3243: No way to resolve conflict between "System.Web, Version=4.0.0.0, Culture=neutral, PublicKeyToken=b03f5f7f11d50a3a" and "System.Web". Choosing "System.Web, Version=4.0.0.0, Culture=neutral, PublicKeyToken=b03f5f7f11d50a3a" arbitrarily. [C:\Users\ultra\warewolf\Dev\Dev2.Runtime.WebServer\Dev2.Runtime.WebServer.csproj]
C:\Program Files\dotnet\sdk\10.0.201\Microsoft.Common.CurrentVersion.targets(2451,5): warning MSB3277: Found conflicts between different versions of "WindowsBase" that could not be resolved. [C:\Users\ultra\warewolf\Dev\Dev2.Runtime.WebServer\Dev2.Runtime.WebServer.csproj]
C:\Program Files\dotnet\sdk\10.0.201\Microsoft.Common.CurrentVersion.targets(2451,5): warning MSB3277: There was a conflict between "WindowsBase, Version=4.0.0.0, Culture=neutral, PublicKeyToken=31bf3856ad364e35" and "WindowsBase, Version=6.0.2.0, Culture=neutral, PublicKeyToken=31bf3856ad364e35". [C:\Users\ultra\warewolf\Dev\Dev2.Runtime.WebServer\Dev2.Runtime.WebServer.csproj]
C:\Program Files\dotnet\sdk\10.0.201\Microsoft.Common.CurrentVersion.targets(2451,5): warning MSB3277:     "WindowsBase, Version=4.0.0.0, Culture=neutral, PublicKeyToken=31bf3856ad364e35" was chosen because it was primary and "WindowsBase, Version=6.0.2.0, Culture=neutral, PublicKeyToken=31bf3856ad364e35" was not. [C:\Users\ultra\warewolf\Dev\Dev2.Runtime.WebServer\Dev2.Runtime.WebServer.csproj]
C:\Program Files\dotnet\sdk\10.0.201\Microsoft.Common.CurrentVersion.targets(2451,5): warning MSB3277:     References which depend on "WindowsBase, Version=4.0.0.0, Culture=neutral, PublicKeyToken=31bf3856ad364e35" [C:\Program Files\dotnet\packs\Microsoft.NETCore.App.Ref\8.0.25\ref\net8.0\WindowsBase.dll]. [C:\Users\ultra\warewolf\Dev\Dev2.Runtime.WebServer\Dev2.Runtime.WebServer.csproj]
C:\Program Files\dotnet\sdk\10.0.201\Microsoft.Common.CurrentVersion.targets(2451,5): warning MSB3277:         C:\Program Files\dotnet\packs\Microsoft.NETCore.App.Ref\8.0.25\ref\net8.0\WindowsBase.dll [C:\Users\ultra\warewolf\Dev\Dev2.Runtime.WebServer\Dev2.Runtime.WebServer.csproj]
C:\Program Files\dotnet\sdk\10.0.201\Microsoft.Common.CurrentVersion.targets(2451,5): warning MSB3277:           Project file item includes which caused reference "C:\Program Files\dotnet\packs\Microsoft.NETCore.App.Ref\8.0.25\ref\net8.0\WindowsBase.dll". [C:\Users\ultra\warewolf\Dev\Dev2.Runtime.WebServer\Dev2.Runtime.WebServer.csproj]
C:\Program Files\dotnet\sdk\10.0.201\Microsoft.Common.CurrentVersion.targets(2451,5): warning MSB3277:             C:\Program Files\dotnet\packs\Microsoft.NETCore.App.Ref\8.0.25\ref/net8.0/WindowsBase.dll [C:\Users\ultra\warewolf\Dev\Dev2.Runtime.WebServer\Dev2.Runtime.WebServer.csproj]
C:\Program Files\dotnet\sdk\10.0.201\Microsoft.Common.CurrentVersion.targets(2451,5): warning MSB3277:     References which depend on or have been unified to "WindowsBase, Version=6.0.2.0, Culture=neutral, PublicKeyToken=31bf3856ad364e35" []. [C:\Users\ultra\warewolf\Dev\Dev2.Runtime.WebServer\Dev2.Runtime.WebServer.csproj]
C:\Program Files\dotnet\sdk\10.0.201\Microsoft.Common.CurrentVersion.targets(2451,5): warning MSB3277:         C:\Users\ultra\.nuget\packages\caliburn.micro\4.0.212\lib\netcoreapp3.1\Caliburn.Micro.Platform.dll [C:\Users\ultra\warewolf\Dev\Dev2.Runtime.WebServer\Dev2.Runtime.WebServer.csproj]
C:\Program Files\dotnet\sdk\10.0.201\Microsoft.Common.CurrentVersion.targets(2451,5): warning MSB3277:           Project file item includes which caused reference "C:\Users\ultra\.nuget\packages\caliburn.micro\4.0.212\lib\netcoreapp3.1\Caliburn.Micro.Platform.dll". [C:\Users\ultra\warewolf\Dev\Dev2.Runtime.WebServer\Dev2.Runtime.WebServer.csproj]
C:\Program Files\dotnet\sdk\10.0.201\Microsoft.Common.CurrentVersion.targets(2451,5): warning MSB3277:             C:\Users\ultra\.nuget\packages\caliburn.micro\4.0.212\lib\netcoreapp3.1\Caliburn.Micro.Platform.dll [C:\Users\ultra\warewolf\Dev\Dev2.Runtime.WebServer\Dev2.Runtime.WebServer.csproj]
C:\Program Files\dotnet\sdk\10.0.201\Microsoft.Common.CurrentVersion.targets(2451,5): warning MSB3277:         C:\Users\ultra\.nuget\packages\ironpython\3.4.0\lib\net6.0\IronPython.Wpf.dll [C:\Users\ultra\warewolf\Dev\Dev2.Runtime.WebServer\Dev2.Runtime.WebServer.csproj]
C:\Program Files\dotnet\sdk\10.0.201\Microsoft.Common.CurrentVersion.targets(2451,5): warning MSB3277:           Project file item includes which caused reference "C:\Users\ultra\.nuget\packages\ironpython\3.4.0\lib\net6.0\IronPython.Wpf.dll". [C:\Users\ultra\warewolf\Dev\Dev2.Runtime.WebServer\Dev2.Runtime.WebServer.csproj]
C:\Program Files\dotnet\sdk\10.0.201\Microsoft.Common.CurrentVersion.targets(2451,5): warning MSB3277:             C:\Users\ultra\.nuget\packages\ironpython\3.4.0\lib\net6.0\IronPython.Wpf.dll [C:\Users\ultra\warewolf\Dev\Dev2.Runtime.WebServer\Dev2.Runtime.WebServer.csproj]
C:\Program Files\dotnet\sdk\10.0.201\Microsoft.Common.CurrentVersion.targets(2451,5): warning MSB3277:         C:\Users\ultra\.nuget\packages\microsoft.xaml.behaviors.wpf\1.1.122\lib\net462\Microsoft.Xaml.Behaviors.dll [C:\Users\ultra\warewolf\Dev\Dev2.Runtime.WebServer\Dev2.Runtime.WebServer.csproj]
C:\Program Files\dotnet\sdk\10.0.201\Microsoft.Common.CurrentVersion.targets(2451,5): warning MSB3277:           Project file item includes which caused reference "C:\Users\ultra\.nuget\packages\microsoft.xaml.behaviors.wpf\1.1.122\lib\net462\Microsoft.Xaml.Behaviors.dll". [C:\Users\ultra\warewolf\Dev\Dev2.Runtime.WebServer\Dev2.Runtime.WebServer.csproj]
C:\Program Files\dotnet\sdk\10.0.201\Microsoft.Common.CurrentVersion.targets(2451,5): warning MSB3277:             C:\Users\ultra\.nuget\packages\microsoft.xaml.behaviors.wpf\1.1.122\lib\net462\Microsoft.Xaml.Behaviors.dll [C:\Users\ultra\warewolf\Dev\Dev2.Runtime.WebServer\Dev2.Runtime.WebServer.csproj]
C:\Program Files\dotnet\sdk\10.0.201\Microsoft.Common.CurrentVersion.targets(2451,5): warning MSB3277:             C:\Users\ultra\.nuget\packages\caliburn.micro\4.0.212\lib\netcoreapp3.1\Caliburn.Micro.Platform.dll [C:\Users\ultra\warewolf\Dev\Dev2.Runtime.WebServer\Dev2.Runtime.WebServer.csproj]
C:\Program Files\dotnet\sdk\10.0.201\Microsoft.Common.CurrentVersion.targets(2451,5): warning MSB3277:             C:\Users\ultra\.nuget\packages\prism.wpf\9.0.537\lib\net462\Prism.Wpf.dll [C:\Users\ultra\warewolf\Dev\Dev2.Runtime.WebServer\Dev2.Runtime.WebServer.csproj]
C:\Program Files\dotnet\sdk\10.0.201\Microsoft.Common.CurrentVersion.targets(2451,5): warning MSB3277:         C:\Users\ultra\.nuget\packages\prism.wpf\9.0.537\lib\net462\Prism.Wpf.dll [C:\Users\ultra\warewolf\Dev\Dev2.Runtime.WebServer\Dev2.Runtime.WebServer.csproj]
C:\Program Files\dotnet\sdk\10.0.201\Microsoft.Common.CurrentVersion.targets(2451,5): warning MSB3277:           Project file item includes which caused reference "C:\Users\ultra\.nuget\packages\prism.wpf\9.0.537\lib\net462\Prism.Wpf.dll". [C:\Users\ultra\warewolf\Dev\Dev2.Runtime.WebServer\Dev2.Runtime.WebServer.csproj]
C:\Program Files\dotnet\sdk\10.0.201\Microsoft.Common.CurrentVersion.targets(2451,5): warning MSB3277:             C:\Users\ultra\.nuget\packages\prism.wpf\9.0.537\lib\net462\Prism.Wpf.dll [C:\Users\ultra\warewolf\Dev\Dev2.Runtime.WebServer\Dev2.Runtime.WebServer.csproj]
C:\Program Files\dotnet\sdk\10.0.201\Microsoft.Common.CurrentVersion.targets(2451,5): warning MSB3277:         C:\Users\ultra\.nuget\packages\reactiveui.wpf\18.4.1\lib\net462\ReactiveUI.Wpf.dll [C:\Users\ultra\warewolf\Dev\Dev2.Runtime.WebServer\Dev2.Runtime.WebServer.csproj]
C:\Program Files\dotnet\sdk\10.0.201\Microsoft.Common.CurrentVersion.targets(2451,5): warning MSB3277:           Project file item includes which caused reference "C:\Users\ultra\.nuget\packages\reactiveui.wpf\18.4.1\lib\net462\ReactiveUI.Wpf.dll". [C:\Users\ultra\warewolf\Dev\Dev2.Runtime.WebServer\Dev2.Runtime.WebServer.csproj]
C:\Program Files\dotnet\sdk\10.0.201\Microsoft.Common.CurrentVersion.targets(2451,5): warning MSB3277:             C:\Users\ultra\.nuget\packages\reactiveui.wpf\18.4.1\lib\net462\ReactiveUI.Wpf.dll [C:\Users\ultra\warewolf\Dev\Dev2.Runtime.WebServer\Dev2.Runtime.WebServer.csproj]
C:\Users\ultra\warewolf\Dev\Dev2.Runtime.WebServer\BasicAuthenticationHandler.cs(20,13): warning CS0618: 'ISystemClock' is obsolete: 'Use TimeProvider instead.' [C:\Users\ultra\warewolf\Dev\Dev2.Runtime.WebServer\Dev2.Runtime.WebServer.csproj]
C:\Users\ultra\warewolf\Dev\Dev2.Runtime.WebServer\AnonymousAuthenticationHandler.cs(15,9): warning CS0618: 'ISystemClock' is obsolete: 'Use TimeProvider instead.' [C:\Users\ultra\warewolf\Dev\Dev2.Runtime.WebServer\Dev2.Runtime.WebServer.csproj]
C:\Users\ultra\warewolf\Dev\Dev2.Runtime.WebServer\BasicAuthenticationHandler.cs(21,13): warning CS0618: 'AuthenticationHandler<AuthenticationSchemeOptions>.AuthenticationHandler(IOptionsMonitor<AuthenticationSchemeOptions>, ILoggerFactory, UrlEncoder, ISystemClock)' is obsolete: 'ISystemClock is obsolete, use TimeProvider on AuthenticationSchemeOptions instead.' [C:\Users\ultra\warewolf\Dev\Dev2.Runtime.WebServer\Dev2.Runtime.WebServer.csproj]
C:\Users\ultra\warewolf\Dev\Dev2.Runtime.WebServer\AnonymousAuthenticationHandler.cs(16,9): warning CS0618: 'AuthenticationHandler<AuthenticationSchemeOptions>.AuthenticationHandler(IOptionsMonitor<AuthenticationSchemeOptions>, ILoggerFactory, UrlEncoder, ISystemClock)' is obsolete: 'ISystemClock is obsolete, use TimeProvider on AuthenticationSchemeOptions instead.' [C:\Users\ultra\warewolf\Dev\Dev2.Runtime.WebServer\Dev2.Runtime.WebServer.csproj]
C:\Users\ultra\warewolf\Dev\Dev2.Runtime.WebServer\Executor\ExecutionDtoExtensions.cs(119,13): warning CC0105: Use 'var' instead of specifying the type name. (https://code-cracker.github.io/diagnostics/CC0105.html) [C:\Users\ultra\warewolf\Dev\Dev2.Runtime.WebServer\Dev2.Runtime.WebServer.csproj]
C:\Users\ultra\warewolf\Dev\Dev2.Runtime.WebServer\BasicAuthenticationHandler.cs(70,13): warning CC0003: Consider adding an Exception to the catch. (https://code-cracker.github.io/diagnostics/CC0003.html) [C:\Users\ultra\warewolf\Dev\Dev2.Runtime.WebServer\Dev2.Runtime.WebServer.csproj]
C:\Users\ultra\warewolf\Dev\Dev2.Runtime.WebServer\Handlers\GetLogFileServiceHandler.cs(129,21): warning CC0105: Use 'var' instead of specifying the type name. (https://code-cracker.github.io/diagnostics/CC0105.html) [C:\Users\ultra\warewolf\Dev\Dev2.Runtime.WebServer\Dev2.Runtime.WebServer.csproj]
C:\Users\ultra\warewolf\Dev\Dev2.Runtime.WebServer\ServiceTesting\ServiceTestCoverageModelHTMLResultBuilder.cs(138,13): warning CC0105: Use 'var' instead of specifying the type name. (https://code-cracker.github.io/diagnostics/CC0105.html) [C:\Users\ultra\warewolf\Dev\Dev2.Runtime.WebServer\Dev2.Runtime.WebServer.csproj]
C:\Users\ultra\warewolf\Dev\Dev2.Runtime.WebServer\ServiceTesting\ServiceTestCoverageModelHTMLResultBuilder.cs(139,13): warning CC0105: Use 'var' instead of specifying the type name. (https://code-cracker.github.io/diagnostics/CC0105.html) [C:\Users\ultra\warewolf\Dev\Dev2.Runtime.WebServer\Dev2.Runtime.WebServer.csproj]
C:\Users\ultra\warewolf\Dev\Dev2.Runtime.WebServer\ServiceTesting\ServiceTestModelJObjectResultBuilder.cs(101,13): warning CC0105: Use 'var' instead of specifying the type name. (https://code-cracker.github.io/diagnostics/CC0105.html) [C:\Users\ultra\warewolf\Dev\Dev2.Runtime.WebServer\Dev2.Runtime.WebServer.csproj]
  Dev2.Runtime.WebServer -> C:\Users\ultra\warewolf\Dev\Dev2.Runtime.WebServer\bin\Debug\net8.0\Dev2.Runtime.WebServer.dll
C:\Program Files\dotnet\sdk\10.0.201\Microsoft.Common.CurrentVersion.targets(2451,5): warning MSB3277: Found conflicts between different versions of "WindowsBase" that could not be resolved. [C:\Users\ultra\warewolf\Dev\Dev2.Infrastructure.Tests\Dev2.Infrastructure.Tests.csproj]
C:\Program Files\dotnet\sdk\10.0.201\Microsoft.Common.CurrentVersion.targets(2451,5): warning MSB3277: There was a conflict between "WindowsBase, Version=4.0.0.0, Culture=neutral, PublicKeyToken=31bf3856ad364e35" and "WindowsBase, Version=6.0.2.0, Culture=neutral, PublicKeyToken=31bf3856ad364e35". [C:\Users\ultra\warewolf\Dev\Dev2.Infrastructure.Tests\Dev2.Infrastructure.Tests.csproj]
C:\Program Files\dotnet\sdk\10.0.201\Microsoft.Common.CurrentVersion.targets(2451,5): warning MSB3277:     "WindowsBase, Version=4.0.0.0, Culture=neutral, PublicKeyToken=31bf3856ad364e35" was chosen because it was primary and "WindowsBase, Version=6.0.2.0, Culture=neutral, PublicKeyToken=31bf3856ad364e35" was not. [C:\Users\ultra\warewolf\Dev\Dev2.Infrastructure.Tests\Dev2.Infrastructure.Tests.csproj]
C:\Program Files\dotnet\sdk\10.0.201\Microsoft.Common.CurrentVersion.targets(2451,5): warning MSB3277:     References which depend on "WindowsBase, Version=4.0.0.0, Culture=neutral, PublicKeyToken=31bf3856ad364e35" [C:\Program Files\dotnet\packs\Microsoft.NETCore.App.Ref\8.0.25\ref\net8.0\WindowsBase.dll]. [C:\Users\ultra\warewolf\Dev\Dev2.Infrastructure.Tests\Dev2.Infrastructure.Tests.csproj]
C:\Program Files\dotnet\sdk\10.0.201\Microsoft.Common.CurrentVersion.targets(2451,5): warning MSB3277:         C:\Program Files\dotnet\packs\Microsoft.NETCore.App.Ref\8.0.25\ref\net8.0\WindowsBase.dll [C:\Users\ultra\warewolf\Dev\Dev2.Infrastructure.Tests\Dev2.Infrastructure.Tests.csproj]
C:\Program Files\dotnet\sdk\10.0.201\Microsoft.Common.CurrentVersion.targets(2451,5): warning MSB3277:           Project file item includes which caused reference "C:\Program Files\dotnet\packs\Microsoft.NETCore.App.Ref\8.0.25\ref\net8.0\WindowsBase.dll". [C:\Users\ultra\warewolf\Dev\Dev2.Infrastructure.Tests\Dev2.Infrastructure.Tests.csproj]
C:\Program Files\dotnet\sdk\10.0.201\Microsoft.Common.CurrentVersion.targets(2451,5): warning MSB3277:             C:\Program Files\dotnet\packs\Microsoft.NETCore.App.Ref\8.0.25\ref/net8.0/WindowsBase.dll [C:\Users\ultra\warewolf\Dev\Dev2.Infrastructure.Tests\Dev2.Infrastructure.Tests.csproj]
C:\Program Files\dotnet\sdk\10.0.201\Microsoft.Common.CurrentVersion.targets(2451,5): warning MSB3277:     References which depend on or have been unified to "WindowsBase, Version=6.0.2.0, Culture=neutral, PublicKeyToken=31bf3856ad364e35" []. [C:\Users\ultra\warewolf\Dev\Dev2.Infrastructure.Tests\Dev2.Infrastructure.Tests.csproj]
C:\Program Files\dotnet\sdk\10.0.201\Microsoft.Common.CurrentVersion.targets(2451,5): warning MSB3277:         C:\Users\ultra\.nuget\packages\caliburn.micro\4.0.212\lib\netcoreapp3.1\Caliburn.Micro.Platform.dll [C:\Users\ultra\warewolf\Dev\Dev2.Infrastructure.Tests\Dev2.Infrastructure.Tests.csproj]
C:\Program Files\dotnet\sdk\10.0.201\Microsoft.Common.CurrentVersion.targets(2451,5): warning MSB3277:           Project file item includes which caused reference "C:\Users\ultra\.nuget\packages\caliburn.micro\4.0.212\lib\netcoreapp3.1\Caliburn.Micro.Platform.dll". [C:\Users\ultra\warewolf\Dev\Dev2.Infrastructure.Tests\Dev2.Infrastructure.Tests.csproj]
C:\Program Files\dotnet\sdk\10.0.201\Microsoft.Common.CurrentVersion.targets(2451,5): warning MSB3277:             C:\Users\ultra\.nuget\packages\caliburn.micro\4.0.212\lib\netcoreapp3.1\Caliburn.Micro.Platform.dll [C:\Users\ultra\warewolf\Dev\Dev2.Infrastructure.Tests\Dev2.Infrastructure.Tests.csproj]
C:\Program Files\dotnet\sdk\10.0.201\Microsoft.Common.CurrentVersion.targets(2451,5): warning MSB3277:         C:\Users\ultra\.nuget\packages\ironpython\3.4.0\lib\net6.0\IronPython.Wpf.dll [C:\Users\ultra\warewolf\Dev\Dev2.Infrastructure.Tests\Dev2.Infrastructure.Tests.csproj]
C:\Program Files\dotnet\sdk\10.0.201\Microsoft.Common.CurrentVersion.targets(2451,5): warning MSB3277:           Project file item includes which caused reference "C:\Users\ultra\.nuget\packages\ironpython\3.4.0\lib\net6.0\IronPython.Wpf.dll". [C:\Users\ultra\warewolf\Dev\Dev2.Infrastructure.Tests\Dev2.Infrastructure.Tests.csproj]
C:\Program Files\dotnet\sdk\10.0.201\Microsoft.Common.CurrentVersion.targets(2451,5): warning MSB3277:             C:\Users\ultra\.nuget\packages\ironpython\3.4.0\lib\net6.0\IronPython.Wpf.dll [C:\Users\ultra\warewolf\Dev\Dev2.Infrastructure.Tests\Dev2.Infrastructure.Tests.csproj]
C:\Program Files\dotnet\sdk\10.0.201\Microsoft.Common.CurrentVersion.targets(2451,5): warning MSB3277:         C:\Users\ultra\.nuget\packages\microsoft.xaml.behaviors.wpf\1.1.122\lib\net462\Microsoft.Xaml.Behaviors.dll [C:\Users\ultra\warewolf\Dev\Dev2.Infrastructure.Tests\Dev2.Infrastructure.Tests.csproj]
C:\Program Files\dotnet\sdk\10.0.201\Microsoft.Common.CurrentVersion.targets(2451,5): warning MSB3277:           Project file item includes which caused reference "C:\Users\ultra\.nuget\packages\microsoft.xaml.behaviors.wpf\1.1.122\lib\net462\Microsoft.Xaml.Behaviors.dll". [C:\Users\ultra\warewolf\Dev\Dev2.Infrastructure.Tests\Dev2.Infrastructure.Tests.csproj]
C:\Program Files\dotnet\sdk\10.0.201\Microsoft.Common.CurrentVersion.targets(2451,5): warning MSB3277:             C:\Users\ultra\.nuget\packages\microsoft.xaml.behaviors.wpf\1.1.122\lib\net462\Microsoft.Xaml.Behaviors.dll [C:\Users\ultra\warewolf\Dev\Dev2.Infrastructure.Tests\Dev2.Infrastructure.Tests.csproj]
C:\Program Files\dotnet\sdk\10.0.201\Microsoft.Common.CurrentVersion.targets(2451,5): warning MSB3277:             C:\Users\ultra\.nuget\packages\caliburn.micro\4.0.212\lib\netcoreapp3.1\Caliburn.Micro.Platform.dll [C:\Users\ultra\warewolf\Dev\Dev2.Infrastructure.Tests\Dev2.Infrastructure.Tests.csproj]
C:\Program Files\dotnet\sdk\10.0.201\Microsoft.Common.CurrentVersion.targets(2451,5): warning MSB3277:             C:\Users\ultra\.nuget\packages\prism.wpf\9.0.537\lib\net462\Prism.Wpf.dll [C:\Users\ultra\warewolf\Dev\Dev2.Infrastructure.Tests\Dev2.Infrastructure.Tests.csproj]
C:\Program Files\dotnet\sdk\10.0.201\Microsoft.Common.CurrentVersion.targets(2451,5): warning MSB3277:         C:\Users\ultra\.nuget\packages\prism.wpf\9.0.537\lib\net462\Prism.Wpf.dll [C:\Users\ultra\warewolf\Dev\Dev2.Infrastructure.Tests\Dev2.Infrastructure.Tests.csproj]
C:\Program Files\dotnet\sdk\10.0.201\Microsoft.Common.CurrentVersion.targets(2451,5): warning MSB3277:           Project file item includes which caused reference "C:\Users\ultra\.nuget\packages\prism.wpf\9.0.537\lib\net462\Prism.Wpf.dll". [C:\Users\ultra\warewolf\Dev\Dev2.Infrastructure.Tests\Dev2.Infrastructure.Tests.csproj]
C:\Program Files\dotnet\sdk\10.0.201\Microsoft.Common.CurrentVersion.targets(2451,5): warning MSB3277:             C:\Users\ultra\.nuget\packages\prism.wpf\9.0.537\lib\net462\Prism.Wpf.dll [C:\Users\ultra\warewolf\Dev\Dev2.Infrastructure.Tests\Dev2.Infrastructure.Tests.csproj]
C:\Program Files\dotnet\sdk\10.0.201\Microsoft.Common.CurrentVersion.targets(2451,5): warning MSB3277:         C:\Users\ultra\.nuget\packages\reactiveui.wpf\18.4.1\lib\net462\ReactiveUI.Wpf.dll [C:\Users\ultra\warewolf\Dev\Dev2.Infrastructure.Tests\Dev2.Infrastructure.Tests.csproj]
C:\Program Files\dotnet\sdk\10.0.201\Microsoft.Common.CurrentVersion.targets(2451,5): warning MSB3277:           Project file item includes which caused reference "C:\Users\ultra\.nuget\packages\reactiveui.wpf\18.4.1\lib\net462\ReactiveUI.Wpf.dll". [C:\Users\ultra\warewolf\Dev\Dev2.Infrastructure.Tests\Dev2.Infrastructure.Tests.csproj]
C:\Program Files\dotnet\sdk\10.0.201\Microsoft.Common.CurrentVersion.targets(2451,5): warning MSB3277:             C:\Users\ultra\.nuget\packages\reactiveui.wpf\18.4.1\lib\net462\ReactiveUI.Wpf.dll [C:\Users\ultra\warewolf\Dev\Dev2.Infrastructure.Tests\Dev2.Infrastructure.Tests.csproj]
C:\Users\ultra\warewolf\Dev\Warewolf.UnitTestAttributes\Depends.cs(587,5): warning SYSLIB0014: 'WebClient.WebClient()' is obsolete: 'WebRequest, HttpWebRequest, ServicePoint, and WebClient are obsolete. Use HttpClient instead.' (https://aka.ms/dotnet-warnings/SYSLIB0014) [C:\Users\ultra\warewolf\Dev\Dev2.Infrastructure.Tests\Dev2.Infrastructure.Tests.csproj]
C:\Users\ultra\warewolf\Dev\Warewolf.UnitTestAttributes\Depends.cs(309,33): warning SYSLIB0014: 'WebClient.WebClient()' is obsolete: 'WebRequest, HttpWebRequest, ServicePoint, and WebClient are obsolete. Use HttpClient instead.' (https://aka.ms/dotnet-warnings/SYSLIB0014) [C:\Users\ultra\warewolf\Dev\Dev2.Infrastructure.Tests\Dev2.Infrastructure.Tests.csproj]
C:\Users\ultra\warewolf\Dev\Warewolf.UnitTestAttributes\Depends.cs(523,30): warning SYSLIB0014: 'WebClient.WebClient()' is obsolete: 'WebRequest, HttpWebRequest, ServicePoint, and WebClient are obsolete. Use HttpClient instead.' (https://aka.ms/dotnet-warnings/SYSLIB0014) [C:\Users\ultra\warewolf\Dev\Dev2.Infrastructure.Tests\Dev2.Infrastructure.Tests.csproj]
C:\Users\ultra\warewolf\Dev\Dev2.Infrastructure.Tests\MoqInstallerActions\IntallerActionsForDevelopmentTest.cs(57,31): warning CA1416: This call site is reachable on all platforms. 'WindowsIdentity.GetCurrent(bool)' is only supported on: 'windows'. (https://learn.microsoft.com/dotnet/fundamentals/code-analysis/quality-rules/ca1416) [C:\Users\ultra\warewolf\Dev\Dev2.Infrastructure.Tests\Dev2.Infrastructure.Tests.csproj]
C:\Users\ultra\warewolf\Dev\Dev2.Infrastructure.Tests\MoqInstallerActions\IntallerActionsForDevelopmentTest.cs(30,31): warning CA1416: This call site is reachable on all platforms. 'WindowsIdentity.GetCurrent(bool)' is only supported on: 'windows'. (https://learn.microsoft.com/dotnet/fundamentals/code-analysis/quality-rules/ca1416) [C:\Users\ultra\warewolf\Dev\Dev2.Infrastructure.Tests\Dev2.Infrastructure.Tests.csproj]
C:\Users\ultra\warewolf\Dev\Dev2.Infrastructure.Tests\MoqInstallerActions\IntallerActionsForDevelopmentTest.cs(40,57): warning CA1416: This call site is reachable on all platforms. 'WindowsIdentity.Name' is only supported on: 'windows'. (https://learn.microsoft.com/dotnet/fundamentals/code-analysis/quality-rules/ca1416) [C:\Users\ultra\warewolf\Dev\Dev2.Infrastructure.Tests\Dev2.Infrastructure.Tests.csproj]
C:\Users\ultra\warewolf\Dev\Dev2.Infrastructure.Tests\MoqInstallerActions\IntallerActionsForDevelopmentTest.cs(67,57): warning CA1416: This call site is reachable on all platforms. 'WindowsIdentity.Name' is only supported on: 'windows'. (https://learn.microsoft.com/dotnet/fundamentals/code-analysis/quality-rules/ca1416) [C:\Users\ultra\warewolf\Dev\Dev2.Infrastructure.Tests\Dev2.Infrastructure.Tests.csproj]
  Dev2.Infrastructure.Tests -> C:\Users\ultra\warewolf\Dev\Dev2.Infrastructure.Tests\bin\Debug\net8.0\linux-x64\Dev2.Infrastructure.Tests.dll
C:\Users\ultra\warewolf\Dev\Warewolf.Driver.Persistence.Tests\HangfireSchedulerTests.cs(376,58): warning CA1416: This call site is reachable on all platforms. 'WindowsIdentity.GetCurrent()' is only supported on: 'windows'. (https://learn.microsoft.com/dotnet/fundamentals/code-analysis/quality-rules/ca1416) [C:\Users\ultra\warewolf\Dev\Warewolf.Driver.Persistence.Tests\Warewolf.Driver.Persistence.Tests.csproj]
C:\Users\ultra\warewolf\Dev\Warewolf.Driver.Persistence.Tests\HangfireSchedulerTests.cs(253,46): warning CA1416: This call site is reachable on all platforms. 'WindowsIdentity.Name' is only supported on: 'windows'. (https://learn.microsoft.com/dotnet/fundamentals/code-analysis/quality-rules/ca1416) [C:\Users\ultra\warewolf\Dev\Warewolf.Driver.Persistence.Tests\Warewolf.Driver.Persistence.Tests.csproj]
C:\Users\ultra\warewolf\Dev\Warewolf.Driver.Persistence.Tests\HangfireSchedulerTests.cs(253,46): warning CA1416: This call site is reachable on all platforms. 'WindowsIdentity.GetCurrent()' is only supported on: 'windows'. (https://learn.microsoft.com/dotnet/fundamentals/code-analysis/quality-rules/ca1416) [C:\Users\ultra\warewolf\Dev\Warewolf.Driver.Persistence.Tests\Warewolf.Driver.Persistence.Tests.csproj]
C:\Users\ultra\warewolf\Dev\Warewolf.Driver.Persistence.Tests\HangfireSchedulerTests.cs(388,60): warning CA1416: This call site is reachable on all platforms. 'WindowsIdentity.GetCurrent()' is only supported on: 'windows'. (https://learn.microsoft.com/dotnet/fundamentals/code-analysis/quality-rules/ca1416) [C:\Users\ultra\warewolf\Dev\Warewolf.Driver.Persistence.Tests\Warewolf.Driver.Persistence.Tests.csproj]
C:\Users\ultra\warewolf\Dev\Warewolf.Driver.Persistence.Tests\HangfireSchedulerTests.cs(388,60): warning CA1416: This call site is reachable on all platforms. 'WindowsIdentity.Name' is only supported on: 'windows'. (https://learn.microsoft.com/dotnet/fundamentals/code-analysis/quality-rules/ca1416) [C:\Users\ultra\warewolf\Dev\Warewolf.Driver.Persistence.Tests\Warewolf.Driver.Persistence.Tests.csproj]
  Warewolf.Driver.Persistence.Tests -> C:\Users\ultra\warewolf\Dev\Warewolf.Driver.Persistence.Tests\bin\Debug\net8.0\linux-x64\Warewolf.Driver.Persistence.Tests.dll
  Warewolf.Driver.Persistence.Tests -> C:\Users\ultra\warewolf\Bin\ServerTests-Linux\Warewolf.Driver.Persistence.Tests\
Publishing Warewolf.Driver.RabbitMQ.Tests for linux-x64...
  Determining projects to restore...
C:\Users\ultra\warewolf\Dev\Warewolf.Language.Parser\Warewolf.Language.Parser.fsproj : warning NU1504: Duplicate 'PackageReference' items found. Remove the duplicate items or use the Update functionality to ensure a consistent restore behavior. The duplicate 'PackageReference' items are: FSharp.Core 10.1.201, FSharp.Core 4.6.2.
C:\Users\ultra\warewolf\Dev\Warewolf.Common.Framework48\Warewolf.Common.Framework48.csproj : warning NU1902: Package 'System.IdentityModel.Tokens.Jwt' 5.1.0 has a known moderate severity vulnerability, https://github.com/advisories/GHSA-59j7-ghrg-fj52 [C:\Users\ultra\warewolf\Dev\Warewolf.Driver.RabbitMQ.Tests\Warewolf.Driver.RabbitMQ.Tests.csproj]
C:\Users\ultra\warewolf\Dev\Warewolf.Common\Warewolf.Common.csproj : warning NU1701: Package 'AeroWizard 2.3.1' was restored using '.NETFramework,Version=v4.6.1, .NETFramework,Version=v4.6.2, .NETFramework,Version=v4.7, .NETFramework,Version=v4.7.1, .NETFramework,Version=v4.7.2, .NETFramework,Version=v4.8, .NETFramework,Version=v4.8.1' instead of the project target framework 'net8.0'. This package may not be fully compatible with your project. [C:\Users\ultra\warewolf\Dev\Warewolf.Driver.RabbitMQ.Tests\Warewolf.Driver.RabbitMQ.Tests.csproj]
C:\Users\ultra\warewolf\Dev\Dev2.Core\Dev2.Core.csproj : warning NU1903: Package 'Microsoft.Windows.Compatibility' 6.0.0 has a known high severity vulnerability, https://github.com/advisories/GHSA-555c-2p6r-68mm [C:\Users\ultra\warewolf\Dev\Warewolf.Driver.RabbitMQ.Tests\Warewolf.Driver.RabbitMQ.Tests.csproj]
C:\Users\ultra\warewolf\Dev\Dev2.Data\Dev2.Data.csproj : warning NU1701: Package 'AeroWizard 2.3.1' was restored using '.NETFramework,Version=v4.6.1, .NETFramework,Version=v4.6.2, .NETFramework,Version=v4.7, .NETFramework,Version=v4.7.1, .NETFramework,Version=v4.7.2, .NETFramework,Version=v4.8, .NETFramework,Version=v4.8.1' instead of the project target framework 'net8.0'. This package may not be fully compatible with your project. [C:\Users\ultra\warewolf\Dev\Warewolf.Driver.RabbitMQ.Tests\Warewolf.Driver.RabbitMQ.Tests.csproj]
C:\Users\ultra\warewolf\Dev\Warewolf.Common\Warewolf.Common.csproj : warning NU1701: Package 'GroupControls 1.9.0' was restored using '.NETFramework,Version=v4.6.1, .NETFramework,Version=v4.6.2, .NETFramework,Version=v4.7, .NETFramework,Version=v4.7.1, .NETFramework,Version=v4.7.2, .NETFramework,Version=v4.8, .NETFramework,Version=v4.8.1' instead of the project target framework 'net8.0'. This package may not be fully compatible with your project. [C:\Users\ultra\warewolf\Dev\Warewolf.Driver.RabbitMQ.Tests\Warewolf.Driver.RabbitMQ.Tests.csproj]
C:\Users\ultra\warewolf\Dev\Warewolf.Common.Framework48\Warewolf.Common.Framework48.csproj : warning NU1701: Package 'AeroWizard 2.3.1' was restored using '.NETFramework,Version=v4.6.1, .NETFramework,Version=v4.6.2, .NETFramework,Version=v4.7, .NETFramework,Version=v4.7.1, .NETFramework,Version=v4.7.2, .NETFramework,Version=v4.8, .NETFramework,Version=v4.8.1' instead of the project target framework 'net8.0'. This package may not be fully compatible with your project. [C:\Users\ultra\warewolf\Dev\Warewolf.Driver.RabbitMQ.Tests\Warewolf.Driver.RabbitMQ.Tests.csproj]
C:\Users\ultra\warewolf\Dev\Dev2.Core\Dev2.Core.csproj : warning NU1701: Package 'AeroWizard 2.3.1' was restored using '.NETFramework,Version=v4.6.1, .NETFramework,Version=v4.6.2, .NETFramework,Version=v4.7, .NETFramework,Version=v4.7.1, .NETFramework,Version=v4.7.2, .NETFramework,Version=v4.8, .NETFramework,Version=v4.8.1' instead of the project target framework 'net8.0'. This package may not be fully compatible with your project. [C:\Users\ultra\warewolf\Dev\Warewolf.Driver.RabbitMQ.Tests\Warewolf.Driver.RabbitMQ.Tests.csproj]
C:\Users\ultra\warewolf\Dev\Warewolf.Core\Warewolf.Core.csproj : warning NU1903: Package 'Microsoft.Windows.Compatibility' 6.0.0 has a known high severity vulnerability, https://github.com/advisories/GHSA-555c-2p6r-68mm [C:\Users\ultra\warewolf\Dev\Warewolf.Driver.RabbitMQ.Tests\Warewolf.Driver.RabbitMQ.Tests.csproj]
C:\Users\ultra\warewolf\Dev\Dev2.Core\Dev2.Core.csproj : warning NU1701: Package 'GroupControls 1.9.0' was restored using '.NETFramework,Version=v4.6.1, .NETFramework,Version=v4.6.2, .NETFramework,Version=v4.7, .NETFramework,Version=v4.7.1, .NETFramework,Version=v4.7.2, .NETFramework,Version=v4.8, .NETFramework,Version=v4.8.1' instead of the project target framework 'net8.0'. This package may not be fully compatible with your project. [C:\Users\ultra\warewolf\Dev\Warewolf.Driver.RabbitMQ.Tests\Warewolf.Driver.RabbitMQ.Tests.csproj]
C:\Users\ultra\warewolf\Dev\Warewolf.Common\Warewolf.Common.csproj : warning NU1701: Package 'TaskSchedulerEditor 2.10.1' was restored using '.NETFramework,Version=v4.6.1, .NETFramework,Version=v4.6.2, .NETFramework,Version=v4.7, .NETFramework,Version=v4.7.1, .NETFramework,Version=v4.7.2, .NETFramework,Version=v4.8, .NETFramework,Version=v4.8.1' instead of the project target framework 'net8.0'. This package may not be fully compatible with your project. [C:\Users\ultra\warewolf\Dev\Warewolf.Driver.RabbitMQ.Tests\Warewolf.Driver.RabbitMQ.Tests.csproj]
C:\Users\ultra\warewolf\Dev\Dev2.Data\Dev2.Data.csproj : warning NU1701: Package 'GroupControls 1.9.0' was restored using '.NETFramework,Version=v4.6.1, .NETFramework,Version=v4.6.2, .NETFramework,Version=v4.7, .NETFramework,Version=v4.7.1, .NETFramework,Version=v4.7.2, .NETFramework,Version=v4.8, .NETFramework,Version=v4.8.1' instead of the project target framework 'net8.0'. This package may not be fully compatible with your project. [C:\Users\ultra\warewolf\Dev\Warewolf.Driver.RabbitMQ.Tests\Warewolf.Driver.RabbitMQ.Tests.csproj]
C:\Users\ultra\warewolf\Dev\Warewolf.Common.Framework48\Warewolf.Common.Framework48.csproj : warning NU1701: Package 'GroupControls 1.9.0' was restored using '.NETFramework,Version=v4.6.1, .NETFramework,Version=v4.6.2, .NETFramework,Version=v4.7, .NETFramework,Version=v4.7.1, .NETFramework,Version=v4.7.2, .NETFramework,Version=v4.8, .NETFramework,Version=v4.8.1' instead of the project target framework 'net8.0'. This package may not be fully compatible with your project. [C:\Users\ultra\warewolf\Dev\Warewolf.Driver.RabbitMQ.Tests\Warewolf.Driver.RabbitMQ.Tests.csproj]
C:\Users\ultra\warewolf\Dev\Dev2.Core\Dev2.Core.csproj : warning NU1701: Package 'ReactiveUI.WPF 18.4.1' was restored using '.NETFramework,Version=v4.6.1, .NETFramework,Version=v4.6.2, .NETFramework,Version=v4.7, .NETFramework,Version=v4.7.1, .NETFramework,Version=v4.7.2, .NETFramework,Version=v4.8, .NETFramework,Version=v4.8.1' instead of the project target framework 'net8.0'. This package may not be fully compatible with your project. [C:\Users\ultra\warewolf\Dev\Warewolf.Driver.RabbitMQ.Tests\Warewolf.Driver.RabbitMQ.Tests.csproj]
C:\Users\ultra\warewolf\Dev\Dev2.Data\Dev2.Data.csproj : warning NU1701: Package 'ReactiveUI.WPF 18.4.1' was restored using '.NETFramework,Version=v4.6.1, .NETFramework,Version=v4.6.2, .NETFramework,Version=v4.7, .NETFramework,Version=v4.7.1, .NETFramework,Version=v4.7.2, .NETFramework,Version=v4.8, .NETFramework,Version=v4.8.1' instead of the project target framework 'net8.0'. This package may not be fully compatible with your project. [C:\Users\ultra\warewolf\Dev\Warewolf.Driver.RabbitMQ.Tests\Warewolf.Driver.RabbitMQ.Tests.csproj]
C:\Users\ultra\warewolf\Dev\Warewolf.Common.Framework48\Warewolf.Common.Framework48.csproj : warning NU1701: Package 'Microsoft.Xaml.Behaviors.Wpf 1.1.122' was restored using '.NETFramework,Version=v4.6.1, .NETFramework,Version=v4.6.2, .NETFramework,Version=v4.7, .NETFramework,Version=v4.7.1, .NETFramework,Version=v4.7.2, .NETFramework,Version=v4.8, .NETFramework,Version=v4.8.1' instead of the project target framework 'net8.0'. This package may not be fully compatible with your project. [C:\Users\ultra\warewolf\Dev\Warewolf.Driver.RabbitMQ.Tests\Warewolf.Driver.RabbitMQ.Tests.csproj]
C:\Users\ultra\warewolf\Dev\Dev2.Data\Dev2.Data.csproj : warning NU1701: Package 'TaskSchedulerEditor 2.10.1' was restored using '.NETFramework,Version=v4.6.1, .NETFramework,Version=v4.6.2, .NETFramework,Version=v4.7, .NETFramework,Version=v4.7.1, .NETFramework,Version=v4.7.2, .NETFramework,Version=v4.8, .NETFramework,Version=v4.8.1' instead of the project target framework 'net8.0'. This package may not be fully compatible with your project. [C:\Users\ultra\warewolf\Dev\Warewolf.Driver.RabbitMQ.Tests\Warewolf.Driver.RabbitMQ.Tests.csproj]
C:\Users\ultra\warewolf\Dev\Warewolf.Common.Framework48\Warewolf.Common.Framework48.csproj : warning NU1701: Package 'Prism.Wpf 9.0.537' was restored using '.NETFramework,Version=v4.6.1, .NETFramework,Version=v4.6.2, .NETFramework,Version=v4.7, .NETFramework,Version=v4.7.1, .NETFramework,Version=v4.7.2, .NETFramework,Version=v4.8, .NETFramework,Version=v4.8.1' instead of the project target framework 'net8.0'. This package may not be fully compatible with your project. [C:\Users\ultra\warewolf\Dev\Warewolf.Driver.RabbitMQ.Tests\Warewolf.Driver.RabbitMQ.Tests.csproj]
C:\Users\ultra\warewolf\Dev\Warewolf.Core\Warewolf.Core.csproj : warning NU1701: Package 'AeroWizard 2.3.1' was restored using '.NETFramework,Version=v4.6.1, .NETFramework,Version=v4.6.2, .NETFramework,Version=v4.7, .NETFramework,Version=v4.7.1, .NETFramework,Version=v4.7.2, .NETFramework,Version=v4.8, .NETFramework,Version=v4.8.1' instead of the project target framework 'net8.0'. This package may not be fully compatible with your project. [C:\Users\ultra\warewolf\Dev\Warewolf.Driver.RabbitMQ.Tests\Warewolf.Driver.RabbitMQ.Tests.csproj]
C:\Users\ultra\warewolf\Dev\Warewolf.Common.Framework48\Warewolf.Common.Framework48.csproj : warning NU1701: Package 'ReactiveUI.WPF 18.4.1' was restored using '.NETFramework,Version=v4.6.1, .NETFramework,Version=v4.6.2, .NETFramework,Version=v4.7, .NETFramework,Version=v4.7.1, .NETFramework,Version=v4.7.2, .NETFramework,Version=v4.8, .NETFramework,Version=v4.8.1' instead of the project target framework 'net8.0'. This package may not be fully compatible with your project. [C:\Users\ultra\warewolf\Dev\Warewolf.Driver.RabbitMQ.Tests\Warewolf.Driver.RabbitMQ.Tests.csproj]
C:\Users\ultra\warewolf\Dev\Dev2.Core\Dev2.Core.csproj : warning NU1701: Package 'TaskSchedulerEditor 2.10.1' was restored using '.NETFramework,Version=v4.6.1, .NETFramework,Version=v4.6.2, .NETFramework,Version=v4.7, .NETFramework,Version=v4.7.1, .NETFramework,Version=v4.7.2, .NETFramework,Version=v4.8, .NETFramework,Version=v4.8.1' instead of the project target framework 'net8.0'. This package may not be fully compatible with your project. [C:\Users\ultra\warewolf\Dev\Warewolf.Driver.RabbitMQ.Tests\Warewolf.Driver.RabbitMQ.Tests.csproj]
C:\Users\ultra\warewolf\Dev\Warewolf.Core\Warewolf.Core.csproj : warning NU1701: Package 'GroupControls 1.9.0' was restored using '.NETFramework,Version=v4.6.1, .NETFramework,Version=v4.6.2, .NETFramework,Version=v4.7, .NETFramework,Version=v4.7.1, .NETFramework,Version=v4.7.2, .NETFramework,Version=v4.8, .NETFramework,Version=v4.8.1' instead of the project target framework 'net8.0'. This package may not be fully compatible with your project. [C:\Users\ultra\warewolf\Dev\Warewolf.Driver.RabbitMQ.Tests\Warewolf.Driver.RabbitMQ.Tests.csproj]
C:\Users\ultra\warewolf\Dev\Dev2.CustomControls\Dev2.CustomControls.csproj : warning NU1903: Package 'Microsoft.Windows.Compatibility' 6.0.0 has a known high severity vulnerability, https://github.com/advisories/GHSA-555c-2p6r-68mm [C:\Users\ultra\warewolf\Dev\Warewolf.Driver.RabbitMQ.Tests\Warewolf.Driver.RabbitMQ.Tests.csproj]
C:\Users\ultra\warewolf\Dev\Warewolf.Common.Framework48\Warewolf.Common.Framework48.csproj : warning NU1701: Package 'TaskSchedulerEditor 2.10.1' was restored using '.NETFramework,Version=v4.6.1, .NETFramework,Version=v4.6.2, .NETFramework,Version=v4.7, .NETFramework,Version=v4.7.1, .NETFramework,Version=v4.7.2, .NETFramework,Version=v4.8, .NETFramework,Version=v4.8.1' instead of the project target framework 'net8.0'. This package may not be fully compatible with your project. [C:\Users\ultra\warewolf\Dev\Warewolf.Driver.RabbitMQ.Tests\Warewolf.Driver.RabbitMQ.Tests.csproj]
C:\Users\ultra\warewolf\Dev\Warewolf.Core\Warewolf.Core.csproj : warning NU1701: Package 'ReactiveUI.WPF 18.4.1' was restored using '.NETFramework,Version=v4.6.1, .NETFramework,Version=v4.6.2, .NETFramework,Version=v4.7, .NETFramework,Version=v4.7.1, .NETFramework,Version=v4.7.2, .NETFramework,Version=v4.8, .NETFramework,Version=v4.8.1' instead of the project target framework 'net8.0'. This package may not be fully compatible with your project. [C:\Users\ultra\warewolf\Dev\Warewolf.Driver.RabbitMQ.Tests\Warewolf.Driver.RabbitMQ.Tests.csproj]
C:\Users\ultra\warewolf\Dev\Warewolf.Core\Warewolf.Core.csproj : warning NU1701: Package 'TaskSchedulerEditor 2.10.1' was restored using '.NETFramework,Version=v4.6.1, .NETFramework,Version=v4.6.2, .NETFramework,Version=v4.7, .NETFramework,Version=v4.7.1, .NETFramework,Version=v4.7.2, .NETFramework,Version=v4.8, .NETFramework,Version=v4.8.1' instead of the project target framework 'net8.0'. This package may not be fully compatible with your project. [C:\Users\ultra\warewolf\Dev\Warewolf.Driver.RabbitMQ.Tests\Warewolf.Driver.RabbitMQ.Tests.csproj]
C:\Users\ultra\warewolf\Dev\Dev2.CustomControls\Dev2.CustomControls.csproj : warning NU1701: Package 'AeroWizard 2.3.1' was restored using '.NETFramework,Version=v4.6.1, .NETFramework,Version=v4.6.2, .NETFramework,Version=v4.7, .NETFramework,Version=v4.7.1, .NETFramework,Version=v4.7.2, .NETFramework,Version=v4.8, .NETFramework,Version=v4.8.1' instead of the project target framework 'net8.0'. This package may not be fully compatible with your project. [C:\Users\ultra\warewolf\Dev\Warewolf.Driver.RabbitMQ.Tests\Warewolf.Driver.RabbitMQ.Tests.csproj]
C:\Users\ultra\warewolf\Dev\Dev2.CustomControls\Dev2.CustomControls.csproj : warning NU1701: Package 'GroupControls 1.9.0' was restored using '.NETFramework,Version=v4.6.1, .NETFramework,Version=v4.6.2, .NETFramework,Version=v4.7, .NETFramework,Version=v4.7.1, .NETFramework,Version=v4.7.2, .NETFramework,Version=v4.8, .NETFramework,Version=v4.8.1' instead of the project target framework 'net8.0'. This package may not be fully compatible with your project. [C:\Users\ultra\warewolf\Dev\Warewolf.Driver.RabbitMQ.Tests\Warewolf.Driver.RabbitMQ.Tests.csproj]
C:\Users\ultra\warewolf\Dev\Dev2.Data.Interfaces\Dev2.Data.Interfaces.csproj : warning NU1903: Package 'DotNetZip' 1.16.0 has a known high severity vulnerability, https://github.com/advisories/GHSA-xhg6-9j5j-w4vf [C:\Users\ultra\warewolf\Dev\Warewolf.Driver.RabbitMQ.Tests\Warewolf.Driver.RabbitMQ.Tests.csproj]
C:\Users\ultra\warewolf\Dev\Dev2.CustomControls\Dev2.CustomControls.csproj : warning NU1701: Package 'TaskSchedulerEditor 2.10.1' was restored using '.NETFramework,Version=v4.6.1, .NETFramework,Version=v4.6.2, .NETFramework,Version=v4.7, .NETFramework,Version=v4.7.1, .NETFramework,Version=v4.7.2, .NETFramework,Version=v4.8, .NETFramework,Version=v4.8.1' instead of the project target framework 'net8.0'. This package may not be fully compatible with your project. [C:\Users\ultra\warewolf\Dev\Warewolf.Driver.RabbitMQ.Tests\Warewolf.Driver.RabbitMQ.Tests.csproj]
C:\Users\ultra\warewolf\Dev\Dev2.Data.Interfaces\Dev2.Data.Interfaces.csproj : warning NU1701: Package 'AeroWizard 2.3.1' was restored using '.NETFramework,Version=v4.6.1, .NETFramework,Version=v4.6.2, .NETFramework,Version=v4.7, .NETFramework,Version=v4.7.1, .NETFramework,Version=v4.7.2, .NETFramework,Version=v4.8, .NETFramework,Version=v4.8.1' instead of the project target framework 'net8.0'. This package may not be fully compatible with your project. [C:\Users\ultra\warewolf\Dev\Warewolf.Driver.RabbitMQ.Tests\Warewolf.Driver.RabbitMQ.Tests.csproj]
C:\Users\ultra\warewolf\Dev\Dev2.SignalR.Wrappers.New\Dev2.SignalR.Wrappers.New.csproj : warning NU1701: Package 'AeroWizard 2.3.1' was restored using '.NETFramework,Version=v4.6.1, .NETFramework,Version=v4.6.2, .NETFramework,Version=v4.7, .NETFramework,Version=v4.7.1, .NETFramework,Version=v4.7.2, .NETFramework,Version=v4.8, .NETFramework,Version=v4.8.1' instead of the project target framework 'net8.0'. This package may not be fully compatible with your project. [C:\Users\ultra\warewolf\Dev\Warewolf.Driver.RabbitMQ.Tests\Warewolf.Driver.RabbitMQ.Tests.csproj]
C:\Users\ultra\warewolf\Dev\Dev2.Data.Interfaces\Dev2.Data.Interfaces.csproj : warning NU1701: Package 'GroupControls 1.9.0' was restored using '.NETFramework,Version=v4.6.1, .NETFramework,Version=v4.6.2, .NETFramework,Version=v4.7, .NETFramework,Version=v4.7.1, .NETFramework,Version=v4.7.2, .NETFramework,Version=v4.8, .NETFramework,Version=v4.8.1' instead of the project target framework 'net8.0'. This package may not be fully compatible with your project. [C:\Users\ultra\warewolf\Dev\Warewolf.Driver.RabbitMQ.Tests\Warewolf.Driver.RabbitMQ.Tests.csproj]
C:\Users\ultra\warewolf\Dev\Dev2.Data.Interfaces\Dev2.Data.Interfaces.csproj : warning NU1701: Package 'TaskSchedulerEditor 2.10.1' was restored using '.NETFramework,Version=v4.6.1, .NETFramework,Version=v4.6.2, .NETFramework,Version=v4.7, .NETFramework,Version=v4.7.1, .NETFramework,Version=v4.7.2, .NETFramework,Version=v4.8, .NETFramework,Version=v4.8.1' instead of the project target framework 'net8.0'. This package may not be fully compatible with your project. [C:\Users\ultra\warewolf\Dev\Warewolf.Driver.RabbitMQ.Tests\Warewolf.Driver.RabbitMQ.Tests.csproj]
C:\Users\ultra\warewolf\Dev\Dev2.SignalR.Wrappers.New\Dev2.SignalR.Wrappers.New.csproj : warning NU1701: Package 'GroupControls 1.9.0' was restored using '.NETFramework,Version=v4.6.1, .NETFramework,Version=v4.6.2, .NETFramework,Version=v4.7, .NETFramework,Version=v4.7.1, .NETFramework,Version=v4.7.2, .NETFramework,Version=v4.8, .NETFramework,Version=v4.8.1' instead of the project target framework 'net8.0'. This package may not be fully compatible with your project. [C:\Users\ultra\warewolf\Dev\Warewolf.Driver.RabbitMQ.Tests\Warewolf.Driver.RabbitMQ.Tests.csproj]
C:\Users\ultra\warewolf\Dev\Warewolf.Data\Warewolf.Data.csproj : warning NU1701: Package 'AeroWizard 2.3.1' was restored using '.NETFramework,Version=v4.6.1, .NETFramework,Version=v4.6.2, .NETFramework,Version=v4.7, .NETFramework,Version=v4.7.1, .NETFramework,Version=v4.7.2, .NETFramework,Version=v4.8, .NETFramework,Version=v4.8.1' instead of the project target framework 'net8.0'. This package may not be fully compatible with your project. [C:\Users\ultra\warewolf\Dev\Warewolf.Driver.RabbitMQ.Tests\Warewolf.Driver.RabbitMQ.Tests.csproj]
C:\Users\ultra\warewolf\Dev\Dev2.SignalR.Wrappers.New\Dev2.SignalR.Wrappers.New.csproj : warning NU1701: Package 'ReactiveUI.WPF 18.4.1' was restored using '.NETFramework,Version=v4.6.1, .NETFramework,Version=v4.6.2, .NETFramework,Version=v4.7, .NETFramework,Version=v4.7.1, .NETFramework,Version=v4.7.2, .NETFramework,Version=v4.8, .NETFramework,Version=v4.8.1' instead of the project target framework 'net8.0'. This package may not be fully compatible with your project. [C:\Users\ultra\warewolf\Dev\Warewolf.Driver.RabbitMQ.Tests\Warewolf.Driver.RabbitMQ.Tests.csproj]
C:\Users\ultra\warewolf\Dev\Dev2.SignalR.Wrappers.New\Dev2.SignalR.Wrappers.New.csproj : warning NU1701: Package 'TaskSchedulerEditor 2.10.1' was restored using '.NETFramework,Version=v4.6.1, .NETFramework,Version=v4.6.2, .NETFramework,Version=v4.7, .NETFramework,Version=v4.7.1, .NETFramework,Version=v4.7.2, .NETFramework,Version=v4.8, .NETFramework,Version=v4.8.1' instead of the project target framework 'net8.0'. This package may not be fully compatible with your project. [C:\Users\ultra\warewolf\Dev\Warewolf.Driver.RabbitMQ.Tests\Warewolf.Driver.RabbitMQ.Tests.csproj]
C:\Users\ultra\warewolf\Dev\Warewolf.Data\Warewolf.Data.csproj : warning NU1701: Package 'GroupControls 1.9.0' was restored using '.NETFramework,Version=v4.6.1, .NETFramework,Version=v4.6.2, .NETFramework,Version=v4.7, .NETFramework,Version=v4.7.1, .NETFramework,Version=v4.7.2, .NETFramework,Version=v4.8, .NETFramework,Version=v4.8.1' instead of the project target framework 'net8.0'. This package may not be fully compatible with your project. [C:\Users\ultra\warewolf\Dev\Warewolf.Driver.RabbitMQ.Tests\Warewolf.Driver.RabbitMQ.Tests.csproj]
C:\Users\ultra\warewolf\Dev\Dev2.Runtime\Dev2.Runtime.csproj : warning NU1903: Package 'Microsoft.Windows.Compatibility' 6.0.0 has a known high severity vulnerability, https://github.com/advisories/GHSA-555c-2p6r-68mm [C:\Users\ultra\warewolf\Dev\Warewolf.Driver.RabbitMQ.Tests\Warewolf.Driver.RabbitMQ.Tests.csproj]
C:\Users\ultra\warewolf\Dev\Warewolf.Data\Warewolf.Data.csproj : warning NU1701: Package 'TaskSchedulerEditor 2.10.1' was restored using '.NETFramework,Version=v4.6.1, .NETFramework,Version=v4.6.2, .NETFramework,Version=v4.7, .NETFramework,Version=v4.7.1, .NETFramework,Version=v4.7.2, .NETFramework,Version=v4.8, .NETFramework,Version=v4.8.1' instead of the project target framework 'net8.0'. This package may not be fully compatible with your project. [C:\Users\ultra\warewolf\Dev\Warewolf.Driver.RabbitMQ.Tests\Warewolf.Driver.RabbitMQ.Tests.csproj]
C:\Users\ultra\warewolf\Dev\Dev2.Runtime\Dev2.Runtime.csproj : warning NU1701: Package 'AeroWizard 2.3.1' was restored using '.NETFramework,Version=v4.6.1, .NETFramework,Version=v4.6.2, .NETFramework,Version=v4.7, .NETFramework,Version=v4.7.1, .NETFramework,Version=v4.7.2, .NETFramework,Version=v4.8, .NETFramework,Version=v4.8.1' instead of the project target framework 'net8.0'. This package may not be fully compatible with your project. [C:\Users\ultra\warewolf\Dev\Warewolf.Driver.RabbitMQ.Tests\Warewolf.Driver.RabbitMQ.Tests.csproj]
C:\Users\ultra\warewolf\Dev\Dev2.Runtime\Dev2.Runtime.csproj : warning NU1701: Package 'GroupControls 1.9.0' was restored using '.NETFramework,Version=v4.6.1, .NETFramework,Version=v4.6.2, .NETFramework,Version=v4.7, .NETFramework,Version=v4.7.1, .NETFramework,Version=v4.7.2, .NETFramework,Version=v4.8, .NETFramework,Version=v4.8.1' instead of the project target framework 'net8.0'. This package may not be fully compatible with your project. [C:\Users\ultra\warewolf\Dev\Warewolf.Driver.RabbitMQ.Tests\Warewolf.Driver.RabbitMQ.Tests.csproj]
C:\Users\ultra\warewolf\Dev\Dev2.Common\Dev2.Common.csproj : warning NU1903: Package 'Microsoft.Windows.Compatibility' 6.0.0 has a known high severity vulnerability, https://github.com/advisories/GHSA-555c-2p6r-68mm [C:\Users\ultra\warewolf\Dev\Warewolf.Driver.RabbitMQ.Tests\Warewolf.Driver.RabbitMQ.Tests.csproj]
C:\Users\ultra\warewolf\Dev\Dev2.Runtime\Dev2.Runtime.csproj : warning NU1701: Package 'ReactiveUI.WPF 18.4.1' was restored using '.NETFramework,Version=v4.6.1, .NETFramework,Version=v4.6.2, .NETFramework,Version=v4.7, .NETFramework,Version=v4.7.1, .NETFramework,Version=v4.7.2, .NETFramework,Version=v4.8, .NETFramework,Version=v4.8.1' instead of the project target framework 'net8.0'. This package may not be fully compatible with your project. [C:\Users\ultra\warewolf\Dev\Warewolf.Driver.RabbitMQ.Tests\Warewolf.Driver.RabbitMQ.Tests.csproj]
C:\Users\ultra\warewolf\Dev\Dev2.Runtime\Dev2.Runtime.csproj : warning NU1701: Package 'TaskSchedulerEditor 2.10.1' was restored using '.NETFramework,Version=v4.6.1, .NETFramework,Version=v4.6.2, .NETFramework,Version=v4.7, .NETFramework,Version=v4.7.1, .NETFramework,Version=v4.7.2, .NETFramework,Version=v4.8, .NETFramework,Version=v4.8.1' instead of the project target framework 'net8.0'. This package may not be fully compatible with your project. [C:\Users\ultra\warewolf\Dev\Warewolf.Driver.RabbitMQ.Tests\Warewolf.Driver.RabbitMQ.Tests.csproj]
C:\Users\ultra\warewolf\Dev\Warewolf.Auditing\Warewolf.Auditing.csproj : warning NU1701: Package 'AeroWizard 2.3.1' was restored using '.NETFramework,Version=v4.6.1, .NETFramework,Version=v4.6.2, .NETFramework,Version=v4.7, .NETFramework,Version=v4.7.1, .NETFramework,Version=v4.7.2, .NETFramework,Version=v4.8, .NETFramework,Version=v4.8.1' instead of the project target framework 'net8.0'. This package may not be fully compatible with your project. [C:\Users\ultra\warewolf\Dev\Warewolf.Driver.RabbitMQ.Tests\Warewolf.Driver.RabbitMQ.Tests.csproj]
C:\Users\ultra\warewolf\Dev\Dev2.Common\Dev2.Common.csproj : warning NU1701: Package 'AeroWizard 2.3.1' was restored using '.NETFramework,Version=v4.6.1, .NETFramework,Version=v4.6.2, .NETFramework,Version=v4.7, .NETFramework,Version=v4.7.1, .NETFramework,Version=v4.7.2, .NETFramework,Version=v4.8, .NETFramework,Version=v4.8.1' instead of the project target framework 'net8.0'. This package may not be fully compatible with your project. [C:\Users\ultra\warewolf\Dev\Warewolf.Driver.RabbitMQ.Tests\Warewolf.Driver.RabbitMQ.Tests.csproj]
C:\Users\ultra\warewolf\Dev\Dev2.Common\Dev2.Common.csproj : warning NU1701: Package 'GroupControls 1.9.0' was restored using '.NETFramework,Version=v4.6.1, .NETFramework,Version=v4.6.2, .NETFramework,Version=v4.7, .NETFramework,Version=v4.7.1, .NETFramework,Version=v4.7.2, .NETFramework,Version=v4.8, .NETFramework,Version=v4.8.1' instead of the project target framework 'net8.0'. This package may not be fully compatible with your project. [C:\Users\ultra\warewolf\Dev\Warewolf.Driver.RabbitMQ.Tests\Warewolf.Driver.RabbitMQ.Tests.csproj]
C:\Users\ultra\warewolf\Dev\Warewolf.Auditing\Warewolf.Auditing.csproj : warning NU1701: Package 'GroupControls 1.9.0' was restored using '.NETFramework,Version=v4.6.1, .NETFramework,Version=v4.6.2, .NETFramework,Version=v4.7, .NETFramework,Version=v4.7.1, .NETFramework,Version=v4.7.2, .NETFramework,Version=v4.8, .NETFramework,Version=v4.8.1' instead of the project target framework 'net8.0'. This package may not be fully compatible with your project. [C:\Users\ultra\warewolf\Dev\Warewolf.Driver.RabbitMQ.Tests\Warewolf.Driver.RabbitMQ.Tests.csproj]
C:\Users\ultra\warewolf\Dev\Dev2.Common\Dev2.Common.csproj : warning NU1701: Package 'TaskSchedulerEditor 2.10.1' was restored using '.NETFramework,Version=v4.6.1, .NETFramework,Version=v4.6.2, .NETFramework,Version=v4.7, .NETFramework,Version=v4.7.1, .NETFramework,Version=v4.7.2, .NETFramework,Version=v4.8, .NETFramework,Version=v4.8.1' instead of the project target framework 'net8.0'. This package may not be fully compatible with your project. [C:\Users\ultra\warewolf\Dev\Warewolf.Driver.RabbitMQ.Tests\Warewolf.Driver.RabbitMQ.Tests.csproj]
C:\Users\ultra\warewolf\Dev\Warewolf.Auditing\Warewolf.Auditing.csproj : warning NU1701: Package 'ReactiveUI.WPF 18.4.1' was restored using '.NETFramework,Version=v4.6.1, .NETFramework,Version=v4.6.2, .NETFramework,Version=v4.7, .NETFramework,Version=v4.7.1, .NETFramework,Version=v4.7.2, .NETFramework,Version=v4.8, .NETFramework,Version=v4.8.1' instead of the project target framework 'net8.0'. This package may not be fully compatible with your project. [C:\Users\ultra\warewolf\Dev\Warewolf.Driver.RabbitMQ.Tests\Warewolf.Driver.RabbitMQ.Tests.csproj]
C:\Users\ultra\warewolf\Dev\Warewolf.Auditing\Warewolf.Auditing.csproj : warning NU1701: Package 'TaskSchedulerEditor 2.10.1' was restored using '.NETFramework,Version=v4.6.1, .NETFramework,Version=v4.6.2, .NETFramework,Version=v4.7, .NETFramework,Version=v4.7.1, .NETFramework,Version=v4.7.2, .NETFramework,Version=v4.8, .NETFramework,Version=v4.8.1' instead of the project target framework 'net8.0'. This package may not be fully compatible with your project. [C:\Users\ultra\warewolf\Dev\Warewolf.Driver.RabbitMQ.Tests\Warewolf.Driver.RabbitMQ.Tests.csproj]
C:\Users\ultra\warewolf\Dev\Dev2.Common.Interfaces\Dev2.Common.Interfaces.csproj : warning NU1903: Package 'Microsoft.Windows.Compatibility' 6.0.0 has a known high severity vulnerability, https://github.com/advisories/GHSA-555c-2p6r-68mm [C:\Users\ultra\warewolf\Dev\Warewolf.Driver.RabbitMQ.Tests\Warewolf.Driver.RabbitMQ.Tests.csproj]
C:\Users\ultra\warewolf\Dev\Dev2.Common.Interfaces\Dev2.Common.Interfaces.csproj : warning NU1701: Package 'AeroWizard 2.3.1' was restored using '.NETFramework,Version=v4.6.1, .NETFramework,Version=v4.6.2, .NETFramework,Version=v4.7, .NETFramework,Version=v4.7.1, .NETFramework,Version=v4.7.2, .NETFramework,Version=v4.8, .NETFramework,Version=v4.8.1' instead of the project target framework 'net8.0'. This package may not be fully compatible with your project. [C:\Users\ultra\warewolf\Dev\Warewolf.Driver.RabbitMQ.Tests\Warewolf.Driver.RabbitMQ.Tests.csproj]
C:\Users\ultra\warewolf\Dev\Dev2.Common.Interfaces\Dev2.Common.Interfaces.csproj : warning NU1701: Package 'GroupControls 1.9.0' was restored using '.NETFramework,Version=v4.6.1, .NETFramework,Version=v4.6.2, .NETFramework,Version=v4.7, .NETFramework,Version=v4.7.1, .NETFramework,Version=v4.7.2, .NETFramework,Version=v4.8, .NETFramework,Version=v4.8.1' instead of the project target framework 'net8.0'. This package may not be fully compatible with your project. [C:\Users\ultra\warewolf\Dev\Warewolf.Driver.RabbitMQ.Tests\Warewolf.Driver.RabbitMQ.Tests.csproj]
C:\Users\ultra\warewolf\Dev\Dev2.Common.Interfaces\Dev2.Common.Interfaces.csproj : warning NU1701: Package 'TaskSchedulerEditor 2.10.1' was restored using '.NETFramework,Version=v4.6.1, .NETFramework,Version=v4.6.2, .NETFramework,Version=v4.7, .NETFramework,Version=v4.7.1, .NETFramework,Version=v4.7.2, .NETFramework,Version=v4.8, .NETFramework,Version=v4.8.1' instead of the project target framework 'net8.0'. This package may not be fully compatible with your project. [C:\Users\ultra\warewolf\Dev\Warewolf.Driver.RabbitMQ.Tests\Warewolf.Driver.RabbitMQ.Tests.csproj]
C:\Users\ultra\warewolf\Dev\Warewolf.Driver.Serilog\Warewolf.Driver.Serilog.csproj : warning NU1701: Package 'AeroWizard 2.3.1' was restored using '.NETFramework,Version=v4.6.1, .NETFramework,Version=v4.6.2, .NETFramework,Version=v4.7, .NETFramework,Version=v4.7.1, .NETFramework,Version=v4.7.2, .NETFramework,Version=v4.8, .NETFramework,Version=v4.8.1' instead of the project target framework 'net8.0'. This package may not be fully compatible with your project. [C:\Users\ultra\warewolf\Dev\Warewolf.Driver.RabbitMQ.Tests\Warewolf.Driver.RabbitMQ.Tests.csproj]
C:\Users\ultra\warewolf\Dev\Warewolf.Driver.Serilog\Warewolf.Driver.Serilog.csproj : warning NU1701: Package 'GroupControls 1.9.0' was restored using '.NETFramework,Version=v4.6.1, .NETFramework,Version=v4.6.2, .NETFramework,Version=v4.7, .NETFramework,Version=v4.7.1, .NETFramework,Version=v4.7.2, .NETFramework,Version=v4.8, .NETFramework,Version=v4.8.1' instead of the project target framework 'net8.0'. This package may not be fully compatible with your project. [C:\Users\ultra\warewolf\Dev\Warewolf.Driver.RabbitMQ.Tests\Warewolf.Driver.RabbitMQ.Tests.csproj]
C:\Users\ultra\warewolf\Dev\Warewolf.Driver.Serilog\Warewolf.Driver.Serilog.csproj : warning NU1701: Package 'ReactiveUI.WPF 18.4.1' was restored using '.NETFramework,Version=v4.6.1, .NETFramework,Version=v4.6.2, .NETFramework,Version=v4.7, .NETFramework,Version=v4.7.1, .NETFramework,Version=v4.7.2, .NETFramework,Version=v4.8, .NETFramework,Version=v4.8.1' instead of the project target framework 'net8.0'. This package may not be fully compatible with your project. [C:\Users\ultra\warewolf\Dev\Warewolf.Driver.RabbitMQ.Tests\Warewolf.Driver.RabbitMQ.Tests.csproj]
C:\Users\ultra\warewolf\Dev\Warewolf.Driver.Serilog\Warewolf.Driver.Serilog.csproj : warning NU1701: Package 'TaskSchedulerEditor 2.10.1' was restored using '.NETFramework,Version=v4.6.1, .NETFramework,Version=v4.6.2, .NETFramework,Version=v4.7, .NETFramework,Version=v4.7.1, .NETFramework,Version=v4.7.2, .NETFramework,Version=v4.8, .NETFramework,Version=v4.8.1' instead of the project target framework 'net8.0'. This package may not be fully compatible with your project. [C:\Users\ultra\warewolf\Dev\Warewolf.Driver.RabbitMQ.Tests\Warewolf.Driver.RabbitMQ.Tests.csproj]
C:\Users\ultra\warewolf\Dev\Warewolf.Licensing\Warewolf.Licensing.csproj : warning NU1701: Package 'AeroWizard 2.3.1' was restored using '.NETFramework,Version=v4.6.1, .NETFramework,Version=v4.6.2, .NETFramework,Version=v4.7, .NETFramework,Version=v4.7.1, .NETFramework,Version=v4.7.2, .NETFramework,Version=v4.8, .NETFramework,Version=v4.8.1' instead of the project target framework 'net8.0'. This package may not be fully compatible with your project. [C:\Users\ultra\warewolf\Dev\Warewolf.Driver.RabbitMQ.Tests\Warewolf.Driver.RabbitMQ.Tests.csproj]
C:\Users\ultra\warewolf\Dev\Warewolf.Licensing\Warewolf.Licensing.csproj : warning NU1701: Package 'GroupControls 1.9.0' was restored using '.NETFramework,Version=v4.6.1, .NETFramework,Version=v4.6.2, .NETFramework,Version=v4.7, .NETFramework,Version=v4.7.1, .NETFramework,Version=v4.7.2, .NETFramework,Version=v4.8, .NETFramework,Version=v4.8.1' instead of the project target framework 'net8.0'. This package may not be fully compatible with your project. [C:\Users\ultra\warewolf\Dev\Warewolf.Driver.RabbitMQ.Tests\Warewolf.Driver.RabbitMQ.Tests.csproj]
C:\Users\ultra\warewolf\Dev\Warewolf.Licensing\Warewolf.Licensing.csproj : warning NU1701: Package 'TaskSchedulerEditor 2.10.1' was restored using '.NETFramework,Version=v4.6.1, .NETFramework,Version=v4.6.2, .NETFramework,Version=v4.7, .NETFramework,Version=v4.7.1, .NETFramework,Version=v4.7.2, .NETFramework,Version=v4.8, .NETFramework,Version=v4.8.1' instead of the project target framework 'net8.0'. This package may not be fully compatible with your project. [C:\Users\ultra\warewolf\Dev\Warewolf.Driver.RabbitMQ.Tests\Warewolf.Driver.RabbitMQ.Tests.csproj]
C:\Users\ultra\warewolf\Dev\Warewolf.Testing\Warewolf.Testing.csproj : warning NU1701: Package 'AeroWizard 2.3.1' was restored using '.NETFramework,Version=v4.6.1, .NETFramework,Version=v4.6.2, .NETFramework,Version=v4.7, .NETFramework,Version=v4.7.1, .NETFramework,Version=v4.7.2, .NETFramework,Version=v4.8, .NETFramework,Version=v4.8.1' instead of the project target framework 'net8.0'. This package may not be fully compatible with your project. [C:\Users\ultra\warewolf\Dev\Warewolf.Driver.RabbitMQ.Tests\Warewolf.Driver.RabbitMQ.Tests.csproj]
C:\Users\ultra\warewolf\Dev\Warewolf.Testing\Warewolf.Testing.csproj : warning NU1701: Package 'GroupControls 1.9.0' was restored using '.NETFramework,Version=v4.6.1, .NETFramework,Version=v4.6.2, .NETFramework,Version=v4.7, .NETFramework,Version=v4.7.1, .NETFramework,Version=v4.7.2, .NETFramework,Version=v4.8, .NETFramework,Version=v4.8.1' instead of the project target framework 'net8.0'. This package may not be fully compatible with your project. [C:\Users\ultra\warewolf\Dev\Warewolf.Driver.RabbitMQ.Tests\Warewolf.Driver.RabbitMQ.Tests.csproj]
C:\Users\ultra\warewolf\Dev\Warewolf.Testing\Warewolf.Testing.csproj : warning NU1701: Package 'Microsoft.Xaml.Behaviors.Wpf 1.1.122' was restored using '.NETFramework,Version=v4.6.1, .NETFramework,Version=v4.6.2, .NETFramework,Version=v4.7, .NETFramework,Version=v4.7.1, .NETFramework,Version=v4.7.2, .NETFramework,Version=v4.8, .NETFramework,Version=v4.8.1' instead of the project target framework 'net8.0'. This package may not be fully compatible with your project. [C:\Users\ultra\warewolf\Dev\Warewolf.Driver.RabbitMQ.Tests\Warewolf.Driver.RabbitMQ.Tests.csproj]
C:\Users\ultra\warewolf\Dev\Warewolf.Testing\Warewolf.Testing.csproj : warning NU1701: Package 'Prism.Wpf 9.0.537' was restored using '.NETFramework,Version=v4.6.1, .NETFramework,Version=v4.6.2, .NETFramework,Version=v4.7, .NETFramework,Version=v4.7.1, .NETFramework,Version=v4.7.2, .NETFramework,Version=v4.8, .NETFramework,Version=v4.8.1' instead of the project target framework 'net8.0'. This package may not be fully compatible with your project. [C:\Users\ultra\warewolf\Dev\Warewolf.Driver.RabbitMQ.Tests\Warewolf.Driver.RabbitMQ.Tests.csproj]
C:\Users\ultra\warewolf\Dev\Warewolf.Testing\Warewolf.Testing.csproj : warning NU1701: Package 'ReactiveUI.WPF 18.4.1' was restored using '.NETFramework,Version=v4.6.1, .NETFramework,Version=v4.6.2, .NETFramework,Version=v4.7, .NETFramework,Version=v4.7.1, .NETFramework,Version=v4.7.2, .NETFramework,Version=v4.8, .NETFramework,Version=v4.8.1' instead of the project target framework 'net8.0'. This package may not be fully compatible with your project. [C:\Users\ultra\warewolf\Dev\Warewolf.Driver.RabbitMQ.Tests\Warewolf.Driver.RabbitMQ.Tests.csproj]
C:\Users\ultra\warewolf\Dev\Warewolf.Testing\Warewolf.Testing.csproj : warning NU1701: Package 'TaskSchedulerEditor 2.10.1' was restored using '.NETFramework,Version=v4.6.1, .NETFramework,Version=v4.6.2, .NETFramework,Version=v4.7, .NETFramework,Version=v4.7.1, .NETFramework,Version=v4.7.2, .NETFramework,Version=v4.8, .NETFramework,Version=v4.8.1' instead of the project target framework 'net8.0'. This package may not be fully compatible with your project. [C:\Users\ultra\warewolf\Dev\Warewolf.Driver.RabbitMQ.Tests\Warewolf.Driver.RabbitMQ.Tests.csproj]
C:\Users\ultra\warewolf\Dev\Dev2.Services.Sql\Dev2.Services.Sql.csproj : warning NU1903: Package 'Oracle.ManagedDataAccess.Core' 3.21.70 has a known high severity vulnerability, https://github.com/advisories/GHSA-5pm2-9mr2-3frq [C:\Users\ultra\warewolf\Dev\Warewolf.Driver.RabbitMQ.Tests\Warewolf.Driver.RabbitMQ.Tests.csproj]
C:\Users\ultra\warewolf\Dev\Dev2.Services.Sql\Dev2.Services.Sql.csproj : warning NU1701: Package 'AeroWizard 2.3.1' was restored using '.NETFramework,Version=v4.6.1, .NETFramework,Version=v4.6.2, .NETFramework,Version=v4.7, .NETFramework,Version=v4.7.1, .NETFramework,Version=v4.7.2, .NETFramework,Version=v4.8, .NETFramework,Version=v4.8.1' instead of the project target framework 'net8.0'. This package may not be fully compatible with your project. [C:\Users\ultra\warewolf\Dev\Warewolf.Driver.RabbitMQ.Tests\Warewolf.Driver.RabbitMQ.Tests.csproj]
C:\Users\ultra\warewolf\Dev\Dev2.Services.Sql\Dev2.Services.Sql.csproj : warning NU1701: Package 'GroupControls 1.9.0' was restored using '.NETFramework,Version=v4.6.1, .NETFramework,Version=v4.6.2, .NETFramework,Version=v4.7, .NETFramework,Version=v4.7.1, .NETFramework,Version=v4.7.2, .NETFramework,Version=v4.8, .NETFramework,Version=v4.8.1' instead of the project target framework 'net8.0'. This package may not be fully compatible with your project. [C:\Users\ultra\warewolf\Dev\Warewolf.Driver.RabbitMQ.Tests\Warewolf.Driver.RabbitMQ.Tests.csproj]
C:\Users\ultra\warewolf\Dev\Dev2.Services.Sql\Dev2.Services.Sql.csproj : warning NU1701: Package 'ReactiveUI.WPF 18.4.1' was restored using '.NETFramework,Version=v4.6.1, .NETFramework,Version=v4.6.2, .NETFramework,Version=v4.7, .NETFramework,Version=v4.7.1, .NETFramework,Version=v4.7.2, .NETFramework,Version=v4.8, .NETFramework,Version=v4.8.1' instead of the project target framework 'net8.0'. This package may not be fully compatible with your project. [C:\Users\ultra\warewolf\Dev\Warewolf.Driver.RabbitMQ.Tests\Warewolf.Driver.RabbitMQ.Tests.csproj]
C:\Users\ultra\warewolf\Dev\Dev2.Services.Sql\Dev2.Services.Sql.csproj : warning NU1701: Package 'TaskSchedulerEditor 2.10.1' was restored using '.NETFramework,Version=v4.6.1, .NETFramework,Version=v4.6.2, .NETFramework,Version=v4.7, .NETFramework,Version=v4.7.1, .NETFramework,Version=v4.7.2, .NETFramework,Version=v4.8, .NETFramework,Version=v4.8.1' instead of the project target framework 'net8.0'. This package may not be fully compatible with your project. [C:\Users\ultra\warewolf\Dev\Warewolf.Driver.RabbitMQ.Tests\Warewolf.Driver.RabbitMQ.Tests.csproj]
C:\Users\ultra\warewolf\Dev\Warewolf.Studio.Core\Warewolf.Studio.Core.csproj : warning NU1701: Package 'AeroWizard 2.3.1' was restored using '.NETFramework,Version=v4.6.1, .NETFramework,Version=v4.6.2, .NETFramework,Version=v4.7, .NETFramework,Version=v4.7.1, .NETFramework,Version=v4.7.2, .NETFramework,Version=v4.8, .NETFramework,Version=v4.8.1' instead of the project target framework 'net8.0'. This package may not be fully compatible with your project. [C:\Users\ultra\warewolf\Dev\Warewolf.Driver.RabbitMQ.Tests\Warewolf.Driver.RabbitMQ.Tests.csproj]
C:\Users\ultra\warewolf\Dev\Warewolf.Studio.Core\Warewolf.Studio.Core.csproj : warning NU1701: Package 'GroupControls 1.9.0' was restored using '.NETFramework,Version=v4.6.1, .NETFramework,Version=v4.6.2, .NETFramework,Version=v4.7, .NETFramework,Version=v4.7.1, .NETFramework,Version=v4.7.2, .NETFramework,Version=v4.8, .NETFramework,Version=v4.8.1' instead of the project target framework 'net8.0'. This package may not be fully compatible with your project. [C:\Users\ultra\warewolf\Dev\Warewolf.Driver.RabbitMQ.Tests\Warewolf.Driver.RabbitMQ.Tests.csproj]
C:\Users\ultra\warewolf\Dev\Warewolf.Studio.Core\Warewolf.Studio.Core.csproj : warning NU1701: Package 'Microsoft.Xaml.Behaviors.Wpf 1.1.122' was restored using '.NETFramework,Version=v4.6.1, .NETFramework,Version=v4.6.2, .NETFramework,Version=v4.7, .NETFramework,Version=v4.7.1, .NETFramework,Version=v4.7.2, .NETFramework,Version=v4.8, .NETFramework,Version=v4.8.1' instead of the project target framework 'net8.0'. This package may not be fully compatible with your project. [C:\Users\ultra\warewolf\Dev\Warewolf.Driver.RabbitMQ.Tests\Warewolf.Driver.RabbitMQ.Tests.csproj]
C:\Users\ultra\warewolf\Dev\Warewolf.Studio.Core\Warewolf.Studio.Core.csproj : warning NU1701: Package 'Prism.Wpf 9.0.537' was restored using '.NETFramework,Version=v4.6.1, .NETFramework,Version=v4.6.2, .NETFramework,Version=v4.7, .NETFramework,Version=v4.7.1, .NETFramework,Version=v4.7.2, .NETFramework,Version=v4.8, .NETFramework,Version=v4.8.1' instead of the project target framework 'net8.0'. This package may not be fully compatible with your project. [C:\Users\ultra\warewolf\Dev\Warewolf.Driver.RabbitMQ.Tests\Warewolf.Driver.RabbitMQ.Tests.csproj]
C:\Users\ultra\warewolf\Dev\Warewolf.Studio.Core\Warewolf.Studio.Core.csproj : warning NU1701: Package 'ReactiveUI.WPF 18.4.1' was restored using '.NETFramework,Version=v4.6.1, .NETFramework,Version=v4.6.2, .NETFramework,Version=v4.7, .NETFramework,Version=v4.7.1, .NETFramework,Version=v4.7.2, .NETFramework,Version=v4.8, .NETFramework,Version=v4.8.1' instead of the project target framework 'net8.0'. This package may not be fully compatible with your project. [C:\Users\ultra\warewolf\Dev\Warewolf.Driver.RabbitMQ.Tests\Warewolf.Driver.RabbitMQ.Tests.csproj]
C:\Users\ultra\warewolf\Dev\Warewolf.Studio.Core\Warewolf.Studio.Core.csproj : warning NU1701: Package 'TaskSchedulerEditor 2.10.1' was restored using '.NETFramework,Version=v4.6.1, .NETFramework,Version=v4.6.2, .NETFramework,Version=v4.7, .NETFramework,Version=v4.7.1, .NETFramework,Version=v4.7.2, .NETFramework,Version=v4.8, .NETFramework,Version=v4.8.1' instead of the project target framework 'net8.0'. This package may not be fully compatible with your project. [C:\Users\ultra\warewolf\Dev\Warewolf.Driver.RabbitMQ.Tests\Warewolf.Driver.RabbitMQ.Tests.csproj]
C:\Users\ultra\warewolf\Dev\Dev2.Services.Execution\Dev2.Services.Execution.csproj : warning NU1701: Package 'AeroWizard 2.3.1' was restored using '.NETFramework,Version=v4.6.1, .NETFramework,Version=v4.6.2, .NETFramework,Version=v4.7, .NETFramework,Version=v4.7.1, .NETFramework,Version=v4.7.2, .NETFramework,Version=v4.8, .NETFramework,Version=v4.8.1' instead of the project target framework 'net8.0'. This package may not be fully compatible with your project. [C:\Users\ultra\warewolf\Dev\Warewolf.Driver.RabbitMQ.Tests\Warewolf.Driver.RabbitMQ.Tests.csproj]
C:\Users\ultra\warewolf\Dev\Dev2.Services.Execution\Dev2.Services.Execution.csproj : warning NU1701: Package 'GroupControls 1.9.0' was restored using '.NETFramework,Version=v4.6.1, .NETFramework,Version=v4.6.2, .NETFramework,Version=v4.7, .NETFramework,Version=v4.7.1, .NETFramework,Version=v4.7.2, .NETFramework,Version=v4.8, .NETFramework,Version=v4.8.1' instead of the project target framework 'net8.0'. This package may not be fully compatible with your project. [C:\Users\ultra\warewolf\Dev\Warewolf.Driver.RabbitMQ.Tests\Warewolf.Driver.RabbitMQ.Tests.csproj]
C:\Users\ultra\warewolf\Dev\Dev2.Services.Execution\Dev2.Services.Execution.csproj : warning NU1701: Package 'ReactiveUI.WPF 18.4.1' was restored using '.NETFramework,Version=v4.6.1, .NETFramework,Version=v4.6.2, .NETFramework,Version=v4.7, .NETFramework,Version=v4.7.1, .NETFramework,Version=v4.7.2, .NETFramework,Version=v4.8, .NETFramework,Version=v4.8.1' instead of the project target framework 'net8.0'. This package may not be fully compatible with your project. [C:\Users\ultra\warewolf\Dev\Warewolf.Driver.RabbitMQ.Tests\Warewolf.Driver.RabbitMQ.Tests.csproj]
C:\Users\ultra\warewolf\Dev\Dev2.Services.Execution\Dev2.Services.Execution.csproj : warning NU1701: Package 'TaskSchedulerEditor 2.10.1' was restored using '.NETFramework,Version=v4.6.1, .NETFramework,Version=v4.6.2, .NETFramework,Version=v4.7, .NETFramework,Version=v4.7.1, .NETFramework,Version=v4.7.2, .NETFramework,Version=v4.8, .NETFramework,Version=v4.8.1' instead of the project target framework 'net8.0'. This package may not be fully compatible with your project. [C:\Users\ultra\warewolf\Dev\Warewolf.Driver.RabbitMQ.Tests\Warewolf.Driver.RabbitMQ.Tests.csproj]
C:\Users\ultra\warewolf\Dev\Warewolf.Storage.Interfaces\Warewolf.Storage.Interfaces.csproj : warning NU1701: Package 'AeroWizard 2.3.1' was restored using '.NETFramework,Version=v4.6.1, .NETFramework,Version=v4.6.2, .NETFramework,Version=v4.7, .NETFramework,Version=v4.7.1, .NETFramework,Version=v4.7.2, .NETFramework,Version=v4.8, .NETFramework,Version=v4.8.1' instead of the project target framework 'net8.0'. This package may not be fully compatible with your project. [C:\Users\ultra\warewolf\Dev\Warewolf.Driver.RabbitMQ.Tests\Warewolf.Driver.RabbitMQ.Tests.csproj]
C:\Users\ultra\warewolf\Dev\Warewolf.Storage.Interfaces\Warewolf.Storage.Interfaces.csproj : warning NU1701: Package 'GroupControls 1.9.0' was restored using '.NETFramework,Version=v4.6.1, .NETFramework,Version=v4.6.2, .NETFramework,Version=v4.7, .NETFramework,Version=v4.7.1, .NETFramework,Version=v4.7.2, .NETFramework,Version=v4.8, .NETFramework,Version=v4.8.1' instead of the project target framework 'net8.0'. This package may not be fully compatible with your project. [C:\Users\ultra\warewolf\Dev\Warewolf.Driver.RabbitMQ.Tests\Warewolf.Driver.RabbitMQ.Tests.csproj]
C:\Users\ultra\warewolf\Dev\Warewolf.Storage.Interfaces\Warewolf.Storage.Interfaces.csproj : warning NU1701: Package 'TaskSchedulerEditor 2.10.1' was restored using '.NETFramework,Version=v4.6.1, .NETFramework,Version=v4.6.2, .NETFramework,Version=v4.7, .NETFramework,Version=v4.7.1, .NETFramework,Version=v4.7.2, .NETFramework,Version=v4.8, .NETFramework,Version=v4.8.1' instead of the project target framework 'net8.0'. This package may not be fully compatible with your project. [C:\Users\ultra\warewolf\Dev\Warewolf.Driver.RabbitMQ.Tests\Warewolf.Driver.RabbitMQ.Tests.csproj]
C:\Users\ultra\warewolf\Dev\Warewolf.Security\Warewolf.Security.csproj : warning NU1904: Package 'System.Drawing.Common' 4.5.1 has a known critical severity vulnerability, https://github.com/advisories/GHSA-rxg9-xrhp-64gj [C:\Users\ultra\warewolf\Dev\Warewolf.Driver.RabbitMQ.Tests\Warewolf.Driver.RabbitMQ.Tests.csproj]
C:\Users\ultra\warewolf\Dev\Dev2.Studio.Interfaces\Dev2.Studio.Interfaces.csproj : warning NU1701: Package 'AeroWizard 2.3.1' was restored using '.NETFramework,Version=v4.6.1, .NETFramework,Version=v4.6.2, .NETFramework,Version=v4.7, .NETFramework,Version=v4.7.1, .NETFramework,Version=v4.7.2, .NETFramework,Version=v4.8, .NETFramework,Version=v4.8.1' instead of the project target framework 'net8.0'. This package may not be fully compatible with your project. [C:\Users\ultra\warewolf\Dev\Warewolf.Driver.RabbitMQ.Tests\Warewolf.Driver.RabbitMQ.Tests.csproj]
C:\Users\ultra\warewolf\Dev\Dev2.Studio.Interfaces\Dev2.Studio.Interfaces.csproj : warning NU1701: Package 'GroupControls 1.9.0' was restored using '.NETFramework,Version=v4.6.1, .NETFramework,Version=v4.6.2, .NETFramework,Version=v4.7, .NETFramework,Version=v4.7.1, .NETFramework,Version=v4.7.2, .NETFramework,Version=v4.8, .NETFramework,Version=v4.8.1' instead of the project target framework 'net8.0'. This package may not be fully compatible with your project. [C:\Users\ultra\warewolf\Dev\Warewolf.Driver.RabbitMQ.Tests\Warewolf.Driver.RabbitMQ.Tests.csproj]
C:\Users\ultra\warewolf\Dev\Dev2.Studio.Interfaces\Dev2.Studio.Interfaces.csproj : warning NU1701: Package 'Microsoft.Xaml.Behaviors.Wpf 1.1.122' was restored using '.NETFramework,Version=v4.6.1, .NETFramework,Version=v4.6.2, .NETFramework,Version=v4.7, .NETFramework,Version=v4.7.1, .NETFramework,Version=v4.7.2, .NETFramework,Version=v4.8, .NETFramework,Version=v4.8.1' instead of the project target framework 'net8.0'. This package may not be fully compatible with your project. [C:\Users\ultra\warewolf\Dev\Warewolf.Driver.RabbitMQ.Tests\Warewolf.Driver.RabbitMQ.Tests.csproj]
C:\Users\ultra\warewolf\Dev\Dev2.Studio.Interfaces\Dev2.Studio.Interfaces.csproj : warning NU1701: Package 'Prism.Wpf 9.0.537' was restored using '.NETFramework,Version=v4.6.1, .NETFramework,Version=v4.6.2, .NETFramework,Version=v4.7, .NETFramework,Version=v4.7.1, .NETFramework,Version=v4.7.2, .NETFramework,Version=v4.8, .NETFramework,Version=v4.8.1' instead of the project target framework 'net8.0'. This package may not be fully compatible with your project. [C:\Users\ultra\warewolf\Dev\Warewolf.Driver.RabbitMQ.Tests\Warewolf.Driver.RabbitMQ.Tests.csproj]
C:\Users\ultra\warewolf\Dev\Dev2.Studio.Interfaces\Dev2.Studio.Interfaces.csproj : warning NU1701: Package 'ReactiveUI.WPF 18.4.1' was restored using '.NETFramework,Version=v4.6.1, .NETFramework,Version=v4.6.2, .NETFramework,Version=v4.7, .NETFramework,Version=v4.7.1, .NETFramework,Version=v4.7.2, .NETFramework,Version=v4.8, .NETFramework,Version=v4.8.1' instead of the project target framework 'net8.0'. This package may not be fully compatible with your project. [C:\Users\ultra\warewolf\Dev\Warewolf.Driver.RabbitMQ.Tests\Warewolf.Driver.RabbitMQ.Tests.csproj]
C:\Users\ultra\warewolf\Dev\Dev2.Studio.Interfaces\Dev2.Studio.Interfaces.csproj : warning NU1701: Package 'TaskSchedulerEditor 2.10.1' was restored using '.NETFramework,Version=v4.6.1, .NETFramework,Version=v4.6.2, .NETFramework,Version=v4.7, .NETFramework,Version=v4.7.1, .NETFramework,Version=v4.7.2, .NETFramework,Version=v4.8, .NETFramework,Version=v4.8.1' instead of the project target framework 'net8.0'. This package may not be fully compatible with your project. [C:\Users\ultra\warewolf\Dev\Warewolf.Driver.RabbitMQ.Tests\Warewolf.Driver.RabbitMQ.Tests.csproj]
C:\Users\ultra\warewolf\Dev\Dev2.Activities\Dev2.Activities.csproj : warning NU1903: Package 'Microsoft.Windows.Compatibility' 6.0.0 has a known high severity vulnerability, https://github.com/advisories/GHSA-555c-2p6r-68mm [C:\Users\ultra\warewolf\Dev\Warewolf.Driver.RabbitMQ.Tests\Warewolf.Driver.RabbitMQ.Tests.csproj]
C:\Users\ultra\warewolf\Dev\Dev2.Activities\Dev2.Activities.csproj : warning NU1701: Package 'AeroWizard 2.3.1' was restored using '.NETFramework,Version=v4.6.1, .NETFramework,Version=v4.6.2, .NETFramework,Version=v4.7, .NETFramework,Version=v4.7.1, .NETFramework,Version=v4.7.2, .NETFramework,Version=v4.8, .NETFramework,Version=v4.8.1' instead of the project target framework 'net8.0'. This package may not be fully compatible with your project. [C:\Users\ultra\warewolf\Dev\Warewolf.Driver.RabbitMQ.Tests\Warewolf.Driver.RabbitMQ.Tests.csproj]
C:\Users\ultra\warewolf\Dev\Dev2.Activities\Dev2.Activities.csproj : warning NU1701: Package 'GroupControls 1.9.0' was restored using '.NETFramework,Version=v4.6.1, .NETFramework,Version=v4.6.2, .NETFramework,Version=v4.7, .NETFramework,Version=v4.7.1, .NETFramework,Version=v4.7.2, .NETFramework,Version=v4.8, .NETFramework,Version=v4.8.1' instead of the project target framework 'net8.0'. This package may not be fully compatible with your project. [C:\Users\ultra\warewolf\Dev\Warewolf.Driver.RabbitMQ.Tests\Warewolf.Driver.RabbitMQ.Tests.csproj]
C:\Users\ultra\warewolf\Dev\Dev2.Activities\Dev2.Activities.csproj : warning NU1701: Package 'ReactiveUI.WPF 18.4.1' was restored using '.NETFramework,Version=v4.6.1, .NETFramework,Version=v4.6.2, .NETFramework,Version=v4.7, .NETFramework,Version=v4.7.1, .NETFramework,Version=v4.7.2, .NETFramework,Version=v4.8, .NETFramework,Version=v4.8.1' instead of the project target framework 'net8.0'. This package may not be fully compatible with your project. [C:\Users\ultra\warewolf\Dev\Warewolf.Driver.RabbitMQ.Tests\Warewolf.Driver.RabbitMQ.Tests.csproj]
C:\Users\ultra\warewolf\Dev\Dev2.Activities\Dev2.Activities.csproj : warning NU1701: Package 'TaskSchedulerEditor 2.10.1' was restored using '.NETFramework,Version=v4.6.1, .NETFramework,Version=v4.6.2, .NETFramework,Version=v4.7, .NETFramework,Version=v4.7.1, .NETFramework,Version=v4.7.2, .NETFramework,Version=v4.8, .NETFramework,Version=v4.8.1' instead of the project target framework 'net8.0'. This package may not be fully compatible with your project. [C:\Users\ultra\warewolf\Dev\Warewolf.Driver.RabbitMQ.Tests\Warewolf.Driver.RabbitMQ.Tests.csproj]
C:\Users\ultra\warewolf\Dev\Warewolf.Storage\Warewolf.Storage.csproj : warning NU1701: Package 'AeroWizard 2.3.1' was restored using '.NETFramework,Version=v4.6.1, .NETFramework,Version=v4.6.2, .NETFramework,Version=v4.7, .NETFramework,Version=v4.7.1, .NETFramework,Version=v4.7.2, .NETFramework,Version=v4.8, .NETFramework,Version=v4.8.1' instead of the project target framework 'net8.0'. This package may not be fully compatible with your project. [C:\Users\ultra\warewolf\Dev\Warewolf.Driver.RabbitMQ.Tests\Warewolf.Driver.RabbitMQ.Tests.csproj]
C:\Users\ultra\warewolf\Dev\Warewolf.Storage\Warewolf.Storage.csproj : warning NU1701: Package 'GroupControls 1.9.0' was restored using '.NETFramework,Version=v4.6.1, .NETFramework,Version=v4.6.2, .NETFramework,Version=v4.7, .NETFramework,Version=v4.7.1, .NETFramework,Version=v4.7.2, .NETFramework,Version=v4.8, .NETFramework,Version=v4.8.1' instead of the project target framework 'net8.0'. This package may not be fully compatible with your project. [C:\Users\ultra\warewolf\Dev\Warewolf.Driver.RabbitMQ.Tests\Warewolf.Driver.RabbitMQ.Tests.csproj]
C:\Users\ultra\warewolf\Dev\Warewolf.Storage\Warewolf.Storage.csproj : warning NU1701: Package 'ReactiveUI.WPF 18.4.1' was restored using '.NETFramework,Version=v4.6.1, .NETFramework,Version=v4.6.2, .NETFramework,Version=v4.7, .NETFramework,Version=v4.7.1, .NETFramework,Version=v4.7.2, .NETFramework,Version=v4.8, .NETFramework,Version=v4.8.1' instead of the project target framework 'net8.0'. This package may not be fully compatible with your project. [C:\Users\ultra\warewolf\Dev\Warewolf.Driver.RabbitMQ.Tests\Warewolf.Driver.RabbitMQ.Tests.csproj]
C:\Users\ultra\warewolf\Dev\Warewolf.Storage\Warewolf.Storage.csproj : warning NU1701: Package 'TaskSchedulerEditor 2.10.1' was restored using '.NETFramework,Version=v4.6.1, .NETFramework,Version=v4.6.2, .NETFramework,Version=v4.7, .NETFramework,Version=v4.7.1, .NETFramework,Version=v4.7.2, .NETFramework,Version=v4.8, .NETFramework,Version=v4.8.1' instead of the project target framework 'net8.0'. This package may not be fully compatible with your project. [C:\Users\ultra\warewolf\Dev\Warewolf.Driver.RabbitMQ.Tests\Warewolf.Driver.RabbitMQ.Tests.csproj]
C:\Users\ultra\warewolf\Dev\Warewolf.Sharepoint\Warewolf.Sharepoint.csproj : warning NU1701: Package 'AeroWizard 2.3.1' was restored using '.NETFramework,Version=v4.6.1, .NETFramework,Version=v4.6.2, .NETFramework,Version=v4.7, .NETFramework,Version=v4.7.1, .NETFramework,Version=v4.7.2, .NETFramework,Version=v4.8, .NETFramework,Version=v4.8.1' instead of the project target framework 'net8.0'. This package may not be fully compatible with your project. [C:\Users\ultra\warewolf\Dev\Warewolf.Driver.RabbitMQ.Tests\Warewolf.Driver.RabbitMQ.Tests.csproj]
C:\Users\ultra\warewolf\Dev\Warewolf.Sharepoint\Warewolf.Sharepoint.csproj : warning NU1701: Package 'GroupControls 1.9.0' was restored using '.NETFramework,Version=v4.6.1, .NETFramework,Version=v4.6.2, .NETFramework,Version=v4.7, .NETFramework,Version=v4.7.1, .NETFramework,Version=v4.7.2, .NETFramework,Version=v4.8, .NETFramework,Version=v4.8.1' instead of the project target framework 'net8.0'. This package may not be fully compatible with your project. [C:\Users\ultra\warewolf\Dev\Warewolf.Driver.RabbitMQ.Tests\Warewolf.Driver.RabbitMQ.Tests.csproj]
C:\Users\ultra\warewolf\Dev\Warewolf.Sharepoint\Warewolf.Sharepoint.csproj : warning NU1701: Package 'ReactiveUI.WPF 18.4.1' was restored using '.NETFramework,Version=v4.6.1, .NETFramework,Version=v4.6.2, .NETFramework,Version=v4.7, .NETFramework,Version=v4.7.1, .NETFramework,Version=v4.7.2, .NETFramework,Version=v4.8, .NETFramework,Version=v4.8.1' instead of the project target framework 'net8.0'. This package may not be fully compatible with your project. [C:\Users\ultra\warewolf\Dev\Warewolf.Driver.RabbitMQ.Tests\Warewolf.Driver.RabbitMQ.Tests.csproj]
C:\Users\ultra\warewolf\Dev\Warewolf.Sharepoint\Warewolf.Sharepoint.csproj : warning NU1701: Package 'TaskSchedulerEditor 2.10.1' was restored using '.NETFramework,Version=v4.6.1, .NETFramework,Version=v4.6.2, .NETFramework,Version=v4.7, .NETFramework,Version=v4.7.1, .NETFramework,Version=v4.7.2, .NETFramework,Version=v4.8, .NETFramework,Version=v4.8.1' instead of the project target framework 'net8.0'. This package may not be fully compatible with your project. [C:\Users\ultra\warewolf\Dev\Warewolf.Driver.RabbitMQ.Tests\Warewolf.Driver.RabbitMQ.Tests.csproj]
C:\Users\ultra\warewolf\Dev\Dev2.Diagnostics\Dev2.Diagnostics.csproj : warning NU1701: Package 'AeroWizard 2.3.1' was restored using '.NETFramework,Version=v4.6.1, .NETFramework,Version=v4.6.2, .NETFramework,Version=v4.7, .NETFramework,Version=v4.7.1, .NETFramework,Version=v4.7.2, .NETFramework,Version=v4.8, .NETFramework,Version=v4.8.1' instead of the project target framework 'net8.0'. This package may not be fully compatible with your project. [C:\Users\ultra\warewolf\Dev\Warewolf.Driver.RabbitMQ.Tests\Warewolf.Driver.RabbitMQ.Tests.csproj]
C:\Users\ultra\warewolf\Dev\Dev2.Diagnostics\Dev2.Diagnostics.csproj : warning NU1701: Package 'GroupControls 1.9.0' was restored using '.NETFramework,Version=v4.6.1, .NETFramework,Version=v4.6.2, .NETFramework,Version=v4.7, .NETFramework,Version=v4.7.1, .NETFramework,Version=v4.7.2, .NETFramework,Version=v4.8, .NETFramework,Version=v4.8.1' instead of the project target framework 'net8.0'. This package may not be fully compatible with your project. [C:\Users\ultra\warewolf\Dev\Warewolf.Driver.RabbitMQ.Tests\Warewolf.Driver.RabbitMQ.Tests.csproj]
C:\Users\ultra\warewolf\Dev\Dev2.Diagnostics\Dev2.Diagnostics.csproj : warning NU1701: Package 'TaskSchedulerEditor 2.10.1' was restored using '.NETFramework,Version=v4.6.1, .NETFramework,Version=v4.6.2, .NETFramework,Version=v4.7, .NETFramework,Version=v4.7.1, .NETFramework,Version=v4.7.2, .NETFramework,Version=v4.8, .NETFramework,Version=v4.8.1' instead of the project target framework 'net8.0'. This package may not be fully compatible with your project. [C:\Users\ultra\warewolf\Dev\Warewolf.Driver.RabbitMQ.Tests\Warewolf.Driver.RabbitMQ.Tests.csproj]
C:\Users\ultra\warewolf\Dev\Dev2.Scheduler\Dev2.Scheduler.csproj : warning NU1701: Package 'AeroWizard 2.3.1' was restored using '.NETFramework,Version=v4.6.1, .NETFramework,Version=v4.6.2, .NETFramework,Version=v4.7, .NETFramework,Version=v4.7.1, .NETFramework,Version=v4.7.2, .NETFramework,Version=v4.8, .NETFramework,Version=v4.8.1' instead of the project target framework 'net8.0'. This package may not be fully compatible with your project. [C:\Users\ultra\warewolf\Dev\Warewolf.Driver.RabbitMQ.Tests\Warewolf.Driver.RabbitMQ.Tests.csproj]
C:\Users\ultra\warewolf\Dev\Dev2.Scheduler\Dev2.Scheduler.csproj : warning NU1701: Package 'GroupControls 1.9.0' was restored using '.NETFramework,Version=v4.6.1, .NETFramework,Version=v4.6.2, .NETFramework,Version=v4.7, .NETFramework,Version=v4.7.1, .NETFramework,Version=v4.7.2, .NETFramework,Version=v4.8, .NETFramework,Version=v4.8.1' instead of the project target framework 'net8.0'. This package may not be fully compatible with your project. [C:\Users\ultra\warewolf\Dev\Warewolf.Driver.RabbitMQ.Tests\Warewolf.Driver.RabbitMQ.Tests.csproj]
C:\Users\ultra\warewolf\Dev\Dev2.Scheduler\Dev2.Scheduler.csproj : warning NU1701: Package 'ReactiveUI.WPF 18.4.1' was restored using '.NETFramework,Version=v4.6.1, .NETFramework,Version=v4.6.2, .NETFramework,Version=v4.7, .NETFramework,Version=v4.7.1, .NETFramework,Version=v4.7.2, .NETFramework,Version=v4.8, .NETFramework,Version=v4.8.1' instead of the project target framework 'net8.0'. This package may not be fully compatible with your project. [C:\Users\ultra\warewolf\Dev\Warewolf.Driver.RabbitMQ.Tests\Warewolf.Driver.RabbitMQ.Tests.csproj]
C:\Users\ultra\warewolf\Dev\Dev2.Scheduler\Dev2.Scheduler.csproj : warning NU1701: Package 'TaskSchedulerEditor 2.10.1' was restored using '.NETFramework,Version=v4.6.1, .NETFramework,Version=v4.6.2, .NETFramework,Version=v4.7, .NETFramework,Version=v4.7.1, .NETFramework,Version=v4.7.2, .NETFramework,Version=v4.8, .NETFramework,Version=v4.8.1' instead of the project target framework 'net8.0'. This package may not be fully compatible with your project. [C:\Users\ultra\warewolf\Dev\Warewolf.Driver.RabbitMQ.Tests\Warewolf.Driver.RabbitMQ.Tests.csproj]
C:\Users\ultra\warewolf\Dev\Dev2.Runtime.Configuration\Dev2.Runtime.Configuration.csproj : warning NU1903: Package 'Microsoft.Windows.Compatibility' 6.0.0 has a known high severity vulnerability, https://github.com/advisories/GHSA-555c-2p6r-68mm [C:\Users\ultra\warewolf\Dev\Warewolf.Driver.RabbitMQ.Tests\Warewolf.Driver.RabbitMQ.Tests.csproj]
C:\Users\ultra\warewolf\Dev\Dev2.Runtime.Configuration\Dev2.Runtime.Configuration.csproj : warning NU1701: Package 'AeroWizard 2.3.1' was restored using '.NETFramework,Version=v4.6.1, .NETFramework,Version=v4.6.2, .NETFramework,Version=v4.7, .NETFramework,Version=v4.7.1, .NETFramework,Version=v4.7.2, .NETFramework,Version=v4.8, .NETFramework,Version=v4.8.1' instead of the project target framework 'net8.0'. This package may not be fully compatible with your project. [C:\Users\ultra\warewolf\Dev\Warewolf.Driver.RabbitMQ.Tests\Warewolf.Driver.RabbitMQ.Tests.csproj]
C:\Users\ultra\warewolf\Dev\Dev2.Runtime.Configuration\Dev2.Runtime.Configuration.csproj : warning NU1701: Package 'GroupControls 1.9.0' was restored using '.NETFramework,Version=v4.6.1, .NETFramework,Version=v4.6.2, .NETFramework,Version=v4.7, .NETFramework,Version=v4.7.1, .NETFramework,Version=v4.7.2, .NETFramework,Version=v4.8, .NETFramework,Version=v4.8.1' instead of the project target framework 'net8.0'. This package may not be fully compatible with your project. [C:\Users\ultra\warewolf\Dev\Warewolf.Driver.RabbitMQ.Tests\Warewolf.Driver.RabbitMQ.Tests.csproj]
C:\Users\ultra\warewolf\Dev\Dev2.Runtime.Configuration\Dev2.Runtime.Configuration.csproj : warning NU1701: Package 'TaskSchedulerEditor 2.10.1' was restored using '.NETFramework,Version=v4.6.1, .NETFramework,Version=v4.6.2, .NETFramework,Version=v4.7, .NETFramework,Version=v4.7.1, .NETFramework,Version=v4.7.2, .NETFramework,Version=v4.8, .NETFramework,Version=v4.8.1' instead of the project target framework 'net8.0'. This package may not be fully compatible with your project. [C:\Users\ultra\warewolf\Dev\Warewolf.Driver.RabbitMQ.Tests\Warewolf.Driver.RabbitMQ.Tests.csproj]
C:\Users\ultra\warewolf\Dev\Warewolf.ResourceManagement\Warewolf.ResourceManagement.csproj : warning NU1701: Package 'AeroWizard 2.3.1' was restored using '.NETFramework,Version=v4.6.1, .NETFramework,Version=v4.6.2, .NETFramework,Version=v4.7, .NETFramework,Version=v4.7.1, .NETFramework,Version=v4.7.2, .NETFramework,Version=v4.8, .NETFramework,Version=v4.8.1' instead of the project target framework 'net8.0'. This package may not be fully compatible with your project. [C:\Users\ultra\warewolf\Dev\Warewolf.Driver.RabbitMQ.Tests\Warewolf.Driver.RabbitMQ.Tests.csproj]
C:\Users\ultra\warewolf\Dev\Warewolf.ResourceManagement\Warewolf.ResourceManagement.csproj : warning NU1701: Package 'GroupControls 1.9.0' was restored using '.NETFramework,Version=v4.6.1, .NETFramework,Version=v4.6.2, .NETFramework,Version=v4.7, .NETFramework,Version=v4.7.1, .NETFramework,Version=v4.7.2, .NETFramework,Version=v4.8, .NETFramework,Version=v4.8.1' instead of the project target framework 'net8.0'. This package may not be fully compatible with your project. [C:\Users\ultra\warewolf\Dev\Warewolf.Driver.RabbitMQ.Tests\Warewolf.Driver.RabbitMQ.Tests.csproj]
C:\Users\ultra\warewolf\Dev\Warewolf.ResourceManagement\Warewolf.ResourceManagement.csproj : warning NU1701: Package 'ReactiveUI.WPF 18.4.1' was restored using '.NETFramework,Version=v4.6.1, .NETFramework,Version=v4.6.2, .NETFramework,Version=v4.7, .NETFramework,Version=v4.7.1, .NETFramework,Version=v4.7.2, .NETFramework,Version=v4.8, .NETFramework,Version=v4.8.1' instead of the project target framework 'net8.0'. This package may not be fully compatible with your project. [C:\Users\ultra\warewolf\Dev\Warewolf.Driver.RabbitMQ.Tests\Warewolf.Driver.RabbitMQ.Tests.csproj]
C:\Users\ultra\warewolf\Dev\Warewolf.ResourceManagement\Warewolf.ResourceManagement.csproj : warning NU1701: Package 'TaskSchedulerEditor 2.10.1' was restored using '.NETFramework,Version=v4.6.1, .NETFramework,Version=v4.6.2, .NETFramework,Version=v4.7, .NETFramework,Version=v4.7.1, .NETFramework,Version=v4.7.2, .NETFramework,Version=v4.8, .NETFramework,Version=v4.8.1' instead of the project target framework 'net8.0'. This package may not be fully compatible with your project. [C:\Users\ultra\warewolf\Dev\Warewolf.Driver.RabbitMQ.Tests\Warewolf.Driver.RabbitMQ.Tests.csproj]
C:\Users\ultra\warewolf\Dev\Warewolf.AI.Harness\Warewolf.AI.Harness.csproj : warning NU1701: Package 'AeroWizard 2.3.1' was restored using '.NETFramework,Version=v4.6.1, .NETFramework,Version=v4.6.2, .NETFramework,Version=v4.7, .NETFramework,Version=v4.7.1, .NETFramework,Version=v4.7.2, .NETFramework,Version=v4.8, .NETFramework,Version=v4.8.1' instead of the project target framework 'net8.0'. This package may not be fully compatible with your project. [C:\Users\ultra\warewolf\Dev\Warewolf.Driver.RabbitMQ.Tests\Warewolf.Driver.RabbitMQ.Tests.csproj]
C:\Users\ultra\warewolf\Dev\Warewolf.AI.Harness\Warewolf.AI.Harness.csproj : warning NU1701: Package 'GroupControls 1.9.0' was restored using '.NETFramework,Version=v4.6.1, .NETFramework,Version=v4.6.2, .NETFramework,Version=v4.7, .NETFramework,Version=v4.7.1, .NETFramework,Version=v4.7.2, .NETFramework,Version=v4.8, .NETFramework,Version=v4.8.1' instead of the project target framework 'net8.0'. This package may not be fully compatible with your project. [C:\Users\ultra\warewolf\Dev\Warewolf.Driver.RabbitMQ.Tests\Warewolf.Driver.RabbitMQ.Tests.csproj]
C:\Users\ultra\warewolf\Dev\Warewolf.AI.Harness\Warewolf.AI.Harness.csproj : warning NU1701: Package 'TaskSchedulerEditor 2.10.1' was restored using '.NETFramework,Version=v4.6.1, .NETFramework,Version=v4.6.2, .NETFramework,Version=v4.7, .NETFramework,Version=v4.7.1, .NETFramework,Version=v4.7.2, .NETFramework,Version=v4.8, .NETFramework,Version=v4.8.1' instead of the project target framework 'net8.0'. This package may not be fully compatible with your project. [C:\Users\ultra\warewolf\Dev\Warewolf.Driver.RabbitMQ.Tests\Warewolf.Driver.RabbitMQ.Tests.csproj]
C:\Users\ultra\warewolf\Dev\Dev2.Runtime.Services\Dev2.Runtime.Services.csproj : warning NU1902: Package 'MessagePack' 2.4.59 has a known moderate severity vulnerability, https://github.com/advisories/GHSA-4qm4-8hg2-g2xm [C:\Users\ultra\warewolf\Dev\Warewolf.Driver.RabbitMQ.Tests\Warewolf.Driver.RabbitMQ.Tests.csproj]
C:\Users\ultra\warewolf\Dev\Dev2.Runtime.Services\Dev2.Runtime.Services.csproj : warning NU1903: Package 'Microsoft.Windows.Compatibility' 6.0.0 has a known high severity vulnerability, https://github.com/advisories/GHSA-555c-2p6r-68mm [C:\Users\ultra\warewolf\Dev\Warewolf.Driver.RabbitMQ.Tests\Warewolf.Driver.RabbitMQ.Tests.csproj]
C:\Users\ultra\warewolf\Dev\Dev2.Runtime.Services\Dev2.Runtime.Services.csproj : warning NU1701: Package 'AeroWizard 2.3.1' was restored using '.NETFramework,Version=v4.6.1, .NETFramework,Version=v4.6.2, .NETFramework,Version=v4.7, .NETFramework,Version=v4.7.1, .NETFramework,Version=v4.7.2, .NETFramework,Version=v4.8, .NETFramework,Version=v4.8.1' instead of the project target framework 'net8.0'. This package may not be fully compatible with your project. [C:\Users\ultra\warewolf\Dev\Warewolf.Driver.RabbitMQ.Tests\Warewolf.Driver.RabbitMQ.Tests.csproj]
C:\Users\ultra\warewolf\Dev\Dev2.Runtime.Services\Dev2.Runtime.Services.csproj : warning NU1701: Package 'GroupControls 1.9.0' was restored using '.NETFramework,Version=v4.6.1, .NETFramework,Version=v4.6.2, .NETFramework,Version=v4.7, .NETFramework,Version=v4.7.1, .NETFramework,Version=v4.7.2, .NETFramework,Version=v4.8, .NETFramework,Version=v4.8.1' instead of the project target framework 'net8.0'. This package may not be fully compatible with your project. [C:\Users\ultra\warewolf\Dev\Warewolf.Driver.RabbitMQ.Tests\Warewolf.Driver.RabbitMQ.Tests.csproj]
C:\Users\ultra\warewolf\Dev\Dev2.Runtime.Services\Dev2.Runtime.Services.csproj : warning NU1701: Package 'ReactiveUI.WPF 18.4.1' was restored using '.NETFramework,Version=v4.6.1, .NETFramework,Version=v4.6.2, .NETFramework,Version=v4.7, .NETFramework,Version=v4.7.1, .NETFramework,Version=v4.7.2, .NETFramework,Version=v4.8, .NETFramework,Version=v4.8.1' instead of the project target framework 'net8.0'. This package may not be fully compatible with your project. [C:\Users\ultra\warewolf\Dev\Warewolf.Driver.RabbitMQ.Tests\Warewolf.Driver.RabbitMQ.Tests.csproj]
C:\Users\ultra\warewolf\Dev\Dev2.Runtime.Services\Dev2.Runtime.Services.csproj : warning NU1701: Package 'TaskSchedulerEditor 2.10.1' was restored using '.NETFramework,Version=v4.6.1, .NETFramework,Version=v4.6.2, .NETFramework,Version=v4.7, .NETFramework,Version=v4.7.1, .NETFramework,Version=v4.7.2, .NETFramework,Version=v4.8, .NETFramework,Version=v4.8.1' instead of the project target framework 'net8.0'. This package may not be fully compatible with your project. [C:\Users\ultra\warewolf\Dev\Warewolf.Driver.RabbitMQ.Tests\Warewolf.Driver.RabbitMQ.Tests.csproj]
C:\Users\ultra\warewolf\Dev\Dev2.Util\Dev2.Util.csproj : warning NU1903: Package 'Microsoft.Windows.Compatibility' 6.0.0 has a known high severity vulnerability, https://github.com/advisories/GHSA-555c-2p6r-68mm [C:\Users\ultra\warewolf\Dev\Warewolf.Driver.RabbitMQ.Tests\Warewolf.Driver.RabbitMQ.Tests.csproj]
C:\Users\ultra\warewolf\Dev\Dev2.Util\Dev2.Util.csproj : warning NU1701: Package 'AeroWizard 2.3.1' was restored using '.NETFramework,Version=v4.6.1, .NETFramework,Version=v4.6.2, .NETFramework,Version=v4.7, .NETFramework,Version=v4.7.1, .NETFramework,Version=v4.7.2, .NETFramework,Version=v4.8, .NETFramework,Version=v4.8.1' instead of the project target framework 'net8.0'. This package may not be fully compatible with your project. [C:\Users\ultra\warewolf\Dev\Warewolf.Driver.RabbitMQ.Tests\Warewolf.Driver.RabbitMQ.Tests.csproj]
C:\Users\ultra\warewolf\Dev\Dev2.Util\Dev2.Util.csproj : warning NU1701: Package 'GroupControls 1.9.0' was restored using '.NETFramework,Version=v4.6.1, .NETFramework,Version=v4.6.2, .NETFramework,Version=v4.7, .NETFramework,Version=v4.7.1, .NETFramework,Version=v4.7.2, .NETFramework,Version=v4.8, .NETFramework,Version=v4.8.1' instead of the project target framework 'net8.0'. This package may not be fully compatible with your project. [C:\Users\ultra\warewolf\Dev\Warewolf.Driver.RabbitMQ.Tests\Warewolf.Driver.RabbitMQ.Tests.csproj]
C:\Users\ultra\warewolf\Dev\Dev2.Util\Dev2.Util.csproj : warning NU1701: Package 'TaskSchedulerEditor 2.10.1' was restored using '.NETFramework,Version=v4.6.1, .NETFramework,Version=v4.6.2, .NETFramework,Version=v4.7, .NETFramework,Version=v4.7.1, .NETFramework,Version=v4.7.2, .NETFramework,Version=v4.8, .NETFramework,Version=v4.8.1' instead of the project target framework 'net8.0'. This package may not be fully compatible with your project. [C:\Users\ultra\warewolf\Dev\Warewolf.Driver.RabbitMQ.Tests\Warewolf.Driver.RabbitMQ.Tests.csproj]
C:\Users\ultra\warewolf\Dev\Dev2.TaskScheduler.Wrappers\Dev2.TaskScheduler.Wrappers.csproj : warning NU1701: Package 'AeroWizard 2.3.1' was restored using '.NETFramework,Version=v4.6.1, .NETFramework,Version=v4.6.2, .NETFramework,Version=v4.7, .NETFramework,Version=v4.7.1, .NETFramework,Version=v4.7.2, .NETFramework,Version=v4.8, .NETFramework,Version=v4.8.1' instead of the project target framework 'net8.0'. This package may not be fully compatible with your project. [C:\Users\ultra\warewolf\Dev\Warewolf.Driver.RabbitMQ.Tests\Warewolf.Driver.RabbitMQ.Tests.csproj]
C:\Users\ultra\warewolf\Dev\Dev2.TaskScheduler.Wrappers\Dev2.TaskScheduler.Wrappers.csproj : warning NU1701: Package 'GroupControls 1.9.0' was restored using '.NETFramework,Version=v4.6.1, .NETFramework,Version=v4.6.2, .NETFramework,Version=v4.7, .NETFramework,Version=v4.7.1, .NETFramework,Version=v4.7.2, .NETFramework,Version=v4.8, .NETFramework,Version=v4.8.1' instead of the project target framework 'net8.0'. This package may not be fully compatible with your project. [C:\Users\ultra\warewolf\Dev\Warewolf.Driver.RabbitMQ.Tests\Warewolf.Driver.RabbitMQ.Tests.csproj]
C:\Users\ultra\warewolf\Dev\Dev2.TaskScheduler.Wrappers\Dev2.TaskScheduler.Wrappers.csproj : warning NU1701: Package 'TaskSchedulerEditor 2.10.1' was restored using '.NETFramework,Version=v4.6.1, .NETFramework,Version=v4.6.2, .NETFramework,Version=v4.7, .NETFramework,Version=v4.7.1, .NETFramework,Version=v4.7.2, .NETFramework,Version=v4.8, .NETFramework,Version=v4.8.1' instead of the project target framework 'net8.0'. This package may not be fully compatible with your project. [C:\Users\ultra\warewolf\Dev\Warewolf.Driver.RabbitMQ.Tests\Warewolf.Driver.RabbitMQ.Tests.csproj]
C:\Users\ultra\warewolf\Dev\Warewolf.Driver.Persistence\Warewolf.Driver.Persistence.csproj : warning NU1701: Package 'AeroWizard 2.3.1' was restored using '.NETFramework,Version=v4.6.1, .NETFramework,Version=v4.6.2, .NETFramework,Version=v4.7, .NETFramework,Version=v4.7.1, .NETFramework,Version=v4.7.2, .NETFramework,Version=v4.8, .NETFramework,Version=v4.8.1' instead of the project target framework 'net8.0'. This package may not be fully compatible with your project. [C:\Users\ultra\warewolf\Dev\Warewolf.Driver.RabbitMQ.Tests\Warewolf.Driver.RabbitMQ.Tests.csproj]
C:\Users\ultra\warewolf\Dev\Warewolf.Driver.Persistence\Warewolf.Driver.Persistence.csproj : warning NU1701: Package 'GroupControls 1.9.0' was restored using '.NETFramework,Version=v4.6.1, .NETFramework,Version=v4.6.2, .NETFramework,Version=v4.7, .NETFramework,Version=v4.7.1, .NETFramework,Version=v4.7.2, .NETFramework,Version=v4.8, .NETFramework,Version=v4.8.1' instead of the project target framework 'net8.0'. This package may not be fully compatible with your project. [C:\Users\ultra\warewolf\Dev\Warewolf.Driver.RabbitMQ.Tests\Warewolf.Driver.RabbitMQ.Tests.csproj]
C:\Users\ultra\warewolf\Dev\Warewolf.Driver.Persistence\Warewolf.Driver.Persistence.csproj : warning NU1701: Package 'ReactiveUI.WPF 18.4.1' was restored using '.NETFramework,Version=v4.6.1, .NETFramework,Version=v4.6.2, .NETFramework,Version=v4.7, .NETFramework,Version=v4.7.1, .NETFramework,Version=v4.7.2, .NETFramework,Version=v4.8, .NETFramework,Version=v4.8.1' instead of the project target framework 'net8.0'. This package may not be fully compatible with your project. [C:\Users\ultra\warewolf\Dev\Warewolf.Driver.RabbitMQ.Tests\Warewolf.Driver.RabbitMQ.Tests.csproj]
C:\Users\ultra\warewolf\Dev\Warewolf.Driver.Persistence\Warewolf.Driver.Persistence.csproj : warning NU1701: Package 'TaskSchedulerEditor 2.10.1' was restored using '.NETFramework,Version=v4.6.1, .NETFramework,Version=v4.6.2, .NETFramework,Version=v4.7, .NETFramework,Version=v4.7.1, .NETFramework,Version=v4.7.2, .NETFramework,Version=v4.8, .NETFramework,Version=v4.8.1' instead of the project target framework 'net8.0'. This package may not be fully compatible with your project. [C:\Users\ultra\warewolf\Dev\Warewolf.Driver.RabbitMQ.Tests\Warewolf.Driver.RabbitMQ.Tests.csproj]
C:\Users\ultra\warewolf\Dev\Warewolf.Common.NetStandard20\Warewolf.Common.NetStandard20.csproj : warning NU1701: Package 'AeroWizard 2.3.1' was restored using '.NETFramework,Version=v4.6.1, .NETFramework,Version=v4.6.2, .NETFramework,Version=v4.7, .NETFramework,Version=v4.7.1, .NETFramework,Version=v4.7.2, .NETFramework,Version=v4.8, .NETFramework,Version=v4.8.1' instead of the project target framework 'net8.0'. This package may not be fully compatible with your project. [C:\Users\ultra\warewolf\Dev\Warewolf.Driver.RabbitMQ.Tests\Warewolf.Driver.RabbitMQ.Tests.csproj]
C:\Users\ultra\warewolf\Dev\Warewolf.Common.NetStandard20\Warewolf.Common.NetStandard20.csproj : warning NU1701: Package 'GroupControls 1.9.0' was restored using '.NETFramework,Version=v4.6.1, .NETFramework,Version=v4.6.2, .NETFramework,Version=v4.7, .NETFramework,Version=v4.7.1, .NETFramework,Version=v4.7.2, .NETFramework,Version=v4.8, .NETFramework,Version=v4.8.1' instead of the project target framework 'net8.0'. This package may not be fully compatible with your project. [C:\Users\ultra\warewolf\Dev\Warewolf.Driver.RabbitMQ.Tests\Warewolf.Driver.RabbitMQ.Tests.csproj]
C:\Users\ultra\warewolf\Dev\Warewolf.Common.NetStandard20\Warewolf.Common.NetStandard20.csproj : warning NU1701: Package 'ReactiveUI.WPF 18.4.1' was restored using '.NETFramework,Version=v4.6.1, .NETFramework,Version=v4.6.2, .NETFramework,Version=v4.7, .NETFramework,Version=v4.7.1, .NETFramework,Version=v4.7.2, .NETFramework,Version=v4.8, .NETFramework,Version=v4.8.1' instead of the project target framework 'net8.0'. This package may not be fully compatible with your project. [C:\Users\ultra\warewolf\Dev\Warewolf.Driver.RabbitMQ.Tests\Warewolf.Driver.RabbitMQ.Tests.csproj]
C:\Users\ultra\warewolf\Dev\Warewolf.Common.NetStandard20\Warewolf.Common.NetStandard20.csproj : warning NU1701: Package 'TaskSchedulerEditor 2.10.1' was restored using '.NETFramework,Version=v4.6.1, .NETFramework,Version=v4.6.2, .NETFramework,Version=v4.7, .NETFramework,Version=v4.7.1, .NETFramework,Version=v4.7.2, .NETFramework,Version=v4.8, .NETFramework,Version=v4.8.1' instead of the project target framework 'net8.0'. This package may not be fully compatible with your project. [C:\Users\ultra\warewolf\Dev\Warewolf.Driver.RabbitMQ.Tests\Warewolf.Driver.RabbitMQ.Tests.csproj]
C:\Users\ultra\warewolf\Dev\Dev2.Runtime.WebServer\Dev2.Runtime.WebServer.csproj : warning NU1902: Package 'System.IdentityModel.Tokens.Jwt' 5.1.0 has a known moderate severity vulnerability, https://github.com/advisories/GHSA-59j7-ghrg-fj52 [C:\Users\ultra\warewolf\Dev\Warewolf.Driver.RabbitMQ.Tests\Warewolf.Driver.RabbitMQ.Tests.csproj]
C:\Users\ultra\warewolf\Dev\Dev2.Runtime.WebServer\Dev2.Runtime.WebServer.csproj : warning NU1701: Package 'AeroWizard 2.3.1' was restored using '.NETFramework,Version=v4.6.1, .NETFramework,Version=v4.6.2, .NETFramework,Version=v4.7, .NETFramework,Version=v4.7.1, .NETFramework,Version=v4.7.2, .NETFramework,Version=v4.8, .NETFramework,Version=v4.8.1' instead of the project target framework 'net8.0'. This package may not be fully compatible with your project. [C:\Users\ultra\warewolf\Dev\Warewolf.Driver.RabbitMQ.Tests\Warewolf.Driver.RabbitMQ.Tests.csproj]
C:\Users\ultra\warewolf\Dev\Dev2.Runtime.WebServer\Dev2.Runtime.WebServer.csproj : warning NU1701: Package 'GroupControls 1.9.0' was restored using '.NETFramework,Version=v4.6.1, .NETFramework,Version=v4.6.2, .NETFramework,Version=v4.7, .NETFramework,Version=v4.7.1, .NETFramework,Version=v4.7.2, .NETFramework,Version=v4.8, .NETFramework,Version=v4.8.1' instead of the project target framework 'net8.0'. This package may not be fully compatible with your project. [C:\Users\ultra\warewolf\Dev\Warewolf.Driver.RabbitMQ.Tests\Warewolf.Driver.RabbitMQ.Tests.csproj]
C:\Users\ultra\warewolf\Dev\Dev2.Runtime.WebServer\Dev2.Runtime.WebServer.csproj : warning NU1701: Package 'Microsoft.Xaml.Behaviors.Wpf 1.1.122' was restored using '.NETFramework,Version=v4.6.1, .NETFramework,Version=v4.6.2, .NETFramework,Version=v4.7, .NETFramework,Version=v4.7.1, .NETFramework,Version=v4.7.2, .NETFramework,Version=v4.8, .NETFramework,Version=v4.8.1' instead of the project target framework 'net8.0'. This package may not be fully compatible with your project. [C:\Users\ultra\warewolf\Dev\Warewolf.Driver.RabbitMQ.Tests\Warewolf.Driver.RabbitMQ.Tests.csproj]
C:\Users\ultra\warewolf\Dev\Dev2.Runtime.WebServer\Dev2.Runtime.WebServer.csproj : warning NU1701: Package 'Prism.Wpf 9.0.537' was restored using '.NETFramework,Version=v4.6.1, .NETFramework,Version=v4.6.2, .NETFramework,Version=v4.7, .NETFramework,Version=v4.7.1, .NETFramework,Version=v4.7.2, .NETFramework,Version=v4.8, .NETFramework,Version=v4.8.1' instead of the project target framework 'net8.0'. This package may not be fully compatible with your project. [C:\Users\ultra\warewolf\Dev\Warewolf.Driver.RabbitMQ.Tests\Warewolf.Driver.RabbitMQ.Tests.csproj]
C:\Users\ultra\warewolf\Dev\Dev2.Runtime.WebServer\Dev2.Runtime.WebServer.csproj : warning NU1701: Package 'ReactiveUI.WPF 18.4.1' was restored using '.NETFramework,Version=v4.6.1, .NETFramework,Version=v4.6.2, .NETFramework,Version=v4.7, .NETFramework,Version=v4.7.1, .NETFramework,Version=v4.7.2, .NETFramework,Version=v4.8, .NETFramework,Version=v4.8.1' instead of the project target framework 'net8.0'. This package may not be fully compatible with your project. [C:\Users\ultra\warewolf\Dev\Warewolf.Driver.RabbitMQ.Tests\Warewolf.Driver.RabbitMQ.Tests.csproj]
C:\Users\ultra\warewolf\Dev\Dev2.Runtime.WebServer\Dev2.Runtime.WebServer.csproj : warning NU1701: Package 'TaskSchedulerEditor 2.10.1' was restored using '.NETFramework,Version=v4.6.1, .NETFramework,Version=v4.6.2, .NETFramework,Version=v4.7, .NETFramework,Version=v4.7.1, .NETFramework,Version=v4.7.2, .NETFramework,Version=v4.8, .NETFramework,Version=v4.8.1' instead of the project target framework 'net8.0'. This package may not be fully compatible with your project. [C:\Users\ultra\warewolf\Dev\Warewolf.Driver.RabbitMQ.Tests\Warewolf.Driver.RabbitMQ.Tests.csproj]
C:\Users\ultra\warewolf\Dev\Warewolf.Exchange.Email.Wrapper\Warewolf.Exchange.Email.Wrapper.csproj : warning NU1701: Package 'AeroWizard 2.3.1' was restored using '.NETFramework,Version=v4.6.1, .NETFramework,Version=v4.6.2, .NETFramework,Version=v4.7, .NETFramework,Version=v4.7.1, .NETFramework,Version=v4.7.2, .NETFramework,Version=v4.8, .NETFramework,Version=v4.8.1' instead of the project target framework 'net8.0'. This package may not be fully compatible with your project. [C:\Users\ultra\warewolf\Dev\Warewolf.Driver.RabbitMQ.Tests\Warewolf.Driver.RabbitMQ.Tests.csproj]
C:\Users\ultra\warewolf\Dev\Warewolf.Exchange.Email.Wrapper\Warewolf.Exchange.Email.Wrapper.csproj : warning NU1701: Package 'GroupControls 1.9.0' was restored using '.NETFramework,Version=v4.6.1, .NETFramework,Version=v4.6.2, .NETFramework,Version=v4.7, .NETFramework,Version=v4.7.1, .NETFramework,Version=v4.7.2, .NETFramework,Version=v4.8, .NETFramework,Version=v4.8.1' instead of the project target framework 'net8.0'. This package may not be fully compatible with your project. [C:\Users\ultra\warewolf\Dev\Warewolf.Driver.RabbitMQ.Tests\Warewolf.Driver.RabbitMQ.Tests.csproj]
C:\Users\ultra\warewolf\Dev\Warewolf.Exchange.Email.Wrapper\Warewolf.Exchange.Email.Wrapper.csproj : warning NU1701: Package 'ReactiveUI.WPF 18.4.1' was restored using '.NETFramework,Version=v4.6.1, .NETFramework,Version=v4.6.2, .NETFramework,Version=v4.7, .NETFramework,Version=v4.7.1, .NETFramework,Version=v4.7.2, .NETFramework,Version=v4.8, .NETFramework,Version=v4.8.1' instead of the project target framework 'net8.0'. This package may not be fully compatible with your project. [C:\Users\ultra\warewolf\Dev\Warewolf.Driver.RabbitMQ.Tests\Warewolf.Driver.RabbitMQ.Tests.csproj]
C:\Users\ultra\warewolf\Dev\Warewolf.Exchange.Email.Wrapper\Warewolf.Exchange.Email.Wrapper.csproj : warning NU1701: Package 'TaskSchedulerEditor 2.10.1' was restored using '.NETFramework,Version=v4.6.1, .NETFramework,Version=v4.6.2, .NETFramework,Version=v4.7, .NETFramework,Version=v4.7.1, .NETFramework,Version=v4.7.2, .NETFramework,Version=v4.8, .NETFramework,Version=v4.8.1' instead of the project target framework 'net8.0'. This package may not be fully compatible with your project. [C:\Users\ultra\warewolf\Dev\Warewolf.Driver.RabbitMQ.Tests\Warewolf.Driver.RabbitMQ.Tests.csproj]
C:\Users\ultra\warewolf\Dev\Dev2.Infrastructure.Tests\Dev2.Infrastructure.Tests.csproj : warning NU1701: Package 'AeroWizard 2.3.1' was restored using '.NETFramework,Version=v4.6.1, .NETFramework,Version=v4.6.2, .NETFramework,Version=v4.7, .NETFramework,Version=v4.7.1, .NETFramework,Version=v4.7.2, .NETFramework,Version=v4.8, .NETFramework,Version=v4.8.1' instead of the project target framework 'net8.0'. This package may not be fully compatible with your project. [C:\Users\ultra\warewolf\Dev\Warewolf.Driver.RabbitMQ.Tests\Warewolf.Driver.RabbitMQ.Tests.csproj]
C:\Users\ultra\warewolf\Dev\Dev2.Infrastructure.Tests\Dev2.Infrastructure.Tests.csproj : warning NU1701: Package 'GroupControls 1.9.0' was restored using '.NETFramework,Version=v4.6.1, .NETFramework,Version=v4.6.2, .NETFramework,Version=v4.7, .NETFramework,Version=v4.7.1, .NETFramework,Version=v4.7.2, .NETFramework,Version=v4.8, .NETFramework,Version=v4.8.1' instead of the project target framework 'net8.0'. This package may not be fully compatible with your project. [C:\Users\ultra\warewolf\Dev\Warewolf.Driver.RabbitMQ.Tests\Warewolf.Driver.RabbitMQ.Tests.csproj]
C:\Users\ultra\warewolf\Dev\Dev2.Infrastructure.Tests\Dev2.Infrastructure.Tests.csproj : warning NU1701: Package 'Microsoft.Xaml.Behaviors.Wpf 1.1.122' was restored using '.NETFramework,Version=v4.6.1, .NETFramework,Version=v4.6.2, .NETFramework,Version=v4.7, .NETFramework,Version=v4.7.1, .NETFramework,Version=v4.7.2, .NETFramework,Version=v4.8, .NETFramework,Version=v4.8.1' instead of the project target framework 'net8.0'. This package may not be fully compatible with your project. [C:\Users\ultra\warewolf\Dev\Warewolf.Driver.RabbitMQ.Tests\Warewolf.Driver.RabbitMQ.Tests.csproj]
C:\Users\ultra\warewolf\Dev\Dev2.Infrastructure.Tests\Dev2.Infrastructure.Tests.csproj : warning NU1701: Package 'Prism.Wpf 9.0.537' was restored using '.NETFramework,Version=v4.6.1, .NETFramework,Version=v4.6.2, .NETFramework,Version=v4.7, .NETFramework,Version=v4.7.1, .NETFramework,Version=v4.7.2, .NETFramework,Version=v4.8, .NETFramework,Version=v4.8.1' instead of the project target framework 'net8.0'. This package may not be fully compatible with your project. [C:\Users\ultra\warewolf\Dev\Warewolf.Driver.RabbitMQ.Tests\Warewolf.Driver.RabbitMQ.Tests.csproj]
C:\Users\ultra\warewolf\Dev\Dev2.Infrastructure.Tests\Dev2.Infrastructure.Tests.csproj : warning NU1701: Package 'ReactiveUI.WPF 18.4.1' was restored using '.NETFramework,Version=v4.6.1, .NETFramework,Version=v4.6.2, .NETFramework,Version=v4.7, .NETFramework,Version=v4.7.1, .NETFramework,Version=v4.7.2, .NETFramework,Version=v4.8, .NETFramework,Version=v4.8.1' instead of the project target framework 'net8.0'. This package may not be fully compatible with your project. [C:\Users\ultra\warewolf\Dev\Warewolf.Driver.RabbitMQ.Tests\Warewolf.Driver.RabbitMQ.Tests.csproj]
C:\Users\ultra\warewolf\Dev\Dev2.Infrastructure.Tests\Dev2.Infrastructure.Tests.csproj : warning NU1701: Package 'TaskSchedulerEditor 2.10.1' was restored using '.NETFramework,Version=v4.6.1, .NETFramework,Version=v4.6.2, .NETFramework,Version=v4.7, .NETFramework,Version=v4.7.1, .NETFramework,Version=v4.7.2, .NETFramework,Version=v4.8, .NETFramework,Version=v4.8.1' instead of the project target framework 'net8.0'. This package may not be fully compatible with your project. [C:\Users\ultra\warewolf\Dev\Warewolf.Driver.RabbitMQ.Tests\Warewolf.Driver.RabbitMQ.Tests.csproj]
C:\Users\ultra\warewolf\Dev\Dev2.Studio.Core\Dev2.Studio.Core.csproj : warning NU1701: Package 'AeroWizard 2.3.1' was restored using '.NETFramework,Version=v4.6.1, .NETFramework,Version=v4.6.2, .NETFramework,Version=v4.7, .NETFramework,Version=v4.7.1, .NETFramework,Version=v4.7.2, .NETFramework,Version=v4.8, .NETFramework,Version=v4.8.1' instead of the project target framework 'net8.0'. This package may not be fully compatible with your project. [C:\Users\ultra\warewolf\Dev\Warewolf.Driver.RabbitMQ.Tests\Warewolf.Driver.RabbitMQ.Tests.csproj]
C:\Users\ultra\warewolf\Dev\Dev2.Studio.Core\Dev2.Studio.Core.csproj : warning NU1701: Package 'GroupControls 1.9.0' was restored using '.NETFramework,Version=v4.6.1, .NETFramework,Version=v4.6.2, .NETFramework,Version=v4.7, .NETFramework,Version=v4.7.1, .NETFramework,Version=v4.7.2, .NETFramework,Version=v4.8, .NETFramework,Version=v4.8.1' instead of the project target framework 'net8.0'. This package may not be fully compatible with your project. [C:\Users\ultra\warewolf\Dev\Warewolf.Driver.RabbitMQ.Tests\Warewolf.Driver.RabbitMQ.Tests.csproj]
C:\Users\ultra\warewolf\Dev\Dev2.Studio.Core\Dev2.Studio.Core.csproj : warning NU1701: Package 'Microsoft.Xaml.Behaviors.Wpf 1.1.122' was restored using '.NETFramework,Version=v4.6.1, .NETFramework,Version=v4.6.2, .NETFramework,Version=v4.7, .NETFramework,Version=v4.7.1, .NETFramework,Version=v4.7.2, .NETFramework,Version=v4.8, .NETFramework,Version=v4.8.1' instead of the project target framework 'net8.0'. This package may not be fully compatible with your project. [C:\Users\ultra\warewolf\Dev\Warewolf.Driver.RabbitMQ.Tests\Warewolf.Driver.RabbitMQ.Tests.csproj]
C:\Users\ultra\warewolf\Dev\Dev2.Studio.Core\Dev2.Studio.Core.csproj : warning NU1701: Package 'Prism.Wpf 9.0.537' was restored using '.NETFramework,Version=v4.6.1, .NETFramework,Version=v4.6.2, .NETFramework,Version=v4.7, .NETFramework,Version=v4.7.1, .NETFramework,Version=v4.7.2, .NETFramework,Version=v4.8, .NETFramework,Version=v4.8.1' instead of the project target framework 'net8.0'. This package may not be fully compatible with your project. [C:\Users\ultra\warewolf\Dev\Warewolf.Driver.RabbitMQ.Tests\Warewolf.Driver.RabbitMQ.Tests.csproj]
C:\Users\ultra\warewolf\Dev\Dev2.Studio.Core\Dev2.Studio.Core.csproj : warning NU1701: Package 'ReactiveUI.WPF 18.4.1' was restored using '.NETFramework,Version=v4.6.1, .NETFramework,Version=v4.6.2, .NETFramework,Version=v4.7, .NETFramework,Version=v4.7.1, .NETFramework,Version=v4.7.2, .NETFramework,Version=v4.8, .NETFramework,Version=v4.8.1' instead of the project target framework 'net8.0'. This package may not be fully compatible with your project. [C:\Users\ultra\warewolf\Dev\Warewolf.Driver.RabbitMQ.Tests\Warewolf.Driver.RabbitMQ.Tests.csproj]
C:\Users\ultra\warewolf\Dev\Dev2.Studio.Core\Dev2.Studio.Core.csproj : warning NU1701: Package 'TaskSchedulerEditor 2.10.1' was restored using '.NETFramework,Version=v4.6.1, .NETFramework,Version=v4.6.2, .NETFramework,Version=v4.7, .NETFramework,Version=v4.7.1, .NETFramework,Version=v4.7.2, .NETFramework,Version=v4.8, .NETFramework,Version=v4.8.1' instead of the project target framework 'net8.0'. This package may not be fully compatible with your project. [C:\Users\ultra\warewolf\Dev\Warewolf.Driver.RabbitMQ.Tests\Warewolf.Driver.RabbitMQ.Tests.csproj]
C:\Users\ultra\warewolf\Dev\Dev2.Development.Languages\Dev2.Development.Languages.csproj : warning NU1701: Package 'AeroWizard 2.3.1' was restored using '.NETFramework,Version=v4.6.1, .NETFramework,Version=v4.6.2, .NETFramework,Version=v4.7, .NETFramework,Version=v4.7.1, .NETFramework,Version=v4.7.2, .NETFramework,Version=v4.8, .NETFramework,Version=v4.8.1' instead of the project target framework 'net8.0'. This package may not be fully compatible with your project. [C:\Users\ultra\warewolf\Dev\Warewolf.Driver.RabbitMQ.Tests\Warewolf.Driver.RabbitMQ.Tests.csproj]
C:\Users\ultra\warewolf\Dev\Dev2.Development.Languages\Dev2.Development.Languages.csproj : warning NU1701: Package 'GroupControls 1.9.0' was restored using '.NETFramework,Version=v4.6.1, .NETFramework,Version=v4.6.2, .NETFramework,Version=v4.7, .NETFramework,Version=v4.7.1, .NETFramework,Version=v4.7.2, .NETFramework,Version=v4.8, .NETFramework,Version=v4.8.1' instead of the project target framework 'net8.0'. This package may not be fully compatible with your project. [C:\Users\ultra\warewolf\Dev\Warewolf.Driver.RabbitMQ.Tests\Warewolf.Driver.RabbitMQ.Tests.csproj]
C:\Users\ultra\warewolf\Dev\Dev2.Development.Languages\Dev2.Development.Languages.csproj : warning NU1701: Package 'TaskSchedulerEditor 2.10.1' was restored using '.NETFramework,Version=v4.6.1, .NETFramework,Version=v4.6.2, .NETFramework,Version=v4.7, .NETFramework,Version=v4.7.1, .NETFramework,Version=v4.7.2, .NETFramework,Version=v4.8, .NETFramework,Version=v4.8.1' instead of the project target framework 'net8.0'. This package may not be fully compatible with your project. [C:\Users\ultra\warewolf\Dev\Warewolf.Driver.RabbitMQ.Tests\Warewolf.Driver.RabbitMQ.Tests.csproj]
C:\Users\ultra\warewolf\Dev\Dev2.Infrastructure\Dev2.Infrastructure.csproj : warning NU1903: Package 'Microsoft.Windows.Compatibility' 6.0.0 has a known high severity vulnerability, https://github.com/advisories/GHSA-555c-2p6r-68mm [C:\Users\ultra\warewolf\Dev\Warewolf.Driver.RabbitMQ.Tests\Warewolf.Driver.RabbitMQ.Tests.csproj]
C:\Users\ultra\warewolf\Dev\Dev2.Infrastructure\Dev2.Infrastructure.csproj : warning NU1701: Package 'AeroWizard 2.3.1' was restored using '.NETFramework,Version=v4.6.1, .NETFramework,Version=v4.6.2, .NETFramework,Version=v4.7, .NETFramework,Version=v4.7.1, .NETFramework,Version=v4.7.2, .NETFramework,Version=v4.8, .NETFramework,Version=v4.8.1' instead of the project target framework 'net8.0'. This package may not be fully compatible with your project. [C:\Users\ultra\warewolf\Dev\Warewolf.Driver.RabbitMQ.Tests\Warewolf.Driver.RabbitMQ.Tests.csproj]
C:\Users\ultra\warewolf\Dev\Dev2.Infrastructure\Dev2.Infrastructure.csproj : warning NU1701: Package 'GroupControls 1.9.0' was restored using '.NETFramework,Version=v4.6.1, .NETFramework,Version=v4.6.2, .NETFramework,Version=v4.7, .NETFramework,Version=v4.7.1, .NETFramework,Version=v4.7.2, .NETFramework,Version=v4.8, .NETFramework,Version=v4.8.1' instead of the project target framework 'net8.0'. This package may not be fully compatible with your project. [C:\Users\ultra\warewolf\Dev\Warewolf.Driver.RabbitMQ.Tests\Warewolf.Driver.RabbitMQ.Tests.csproj]
C:\Users\ultra\warewolf\Dev\Dev2.Infrastructure\Dev2.Infrastructure.csproj : warning NU1701: Package 'ReactiveUI.WPF 18.4.1' was restored using '.NETFramework,Version=v4.6.1, .NETFramework,Version=v4.6.2, .NETFramework,Version=v4.7, .NETFramework,Version=v4.7.1, .NETFramework,Version=v4.7.2, .NETFramework,Version=v4.8, .NETFramework,Version=v4.8.1' instead of the project target framework 'net8.0'. This package may not be fully compatible with your project. [C:\Users\ultra\warewolf\Dev\Warewolf.Driver.RabbitMQ.Tests\Warewolf.Driver.RabbitMQ.Tests.csproj]
C:\Users\ultra\warewolf\Dev\Dev2.Infrastructure\Dev2.Infrastructure.csproj : warning NU1701: Package 'TaskSchedulerEditor 2.10.1' was restored using '.NETFramework,Version=v4.6.1, .NETFramework,Version=v4.6.2, .NETFramework,Version=v4.7, .NETFramework,Version=v4.7.1, .NETFramework,Version=v4.7.2, .NETFramework,Version=v4.8, .NETFramework,Version=v4.8.1' instead of the project target framework 'net8.0'. This package may not be fully compatible with your project. [C:\Users\ultra\warewolf\Dev\Warewolf.Driver.RabbitMQ.Tests\Warewolf.Driver.RabbitMQ.Tests.csproj]
C:\Users\ultra\warewolf\Dev\Warewolf.Driver.RabbitMQ.Tests\Warewolf.Driver.RabbitMQ.Tests.csproj : warning NU1701: Package 'AeroWizard 2.3.1' was restored using '.NETFramework,Version=v4.6.1, .NETFramework,Version=v4.6.2, .NETFramework,Version=v4.7, .NETFramework,Version=v4.7.1, .NETFramework,Version=v4.7.2, .NETFramework,Version=v4.8, .NETFramework,Version=v4.8.1' instead of the project target framework 'net8.0'. This package may not be fully compatible with your project.
C:\Users\ultra\warewolf\Dev\Warewolf.Driver.RabbitMQ.Tests\Warewolf.Driver.RabbitMQ.Tests.csproj : warning NU1701: Package 'GroupControls 1.9.0' was restored using '.NETFramework,Version=v4.6.1, .NETFramework,Version=v4.6.2, .NETFramework,Version=v4.7, .NETFramework,Version=v4.7.1, .NETFramework,Version=v4.7.2, .NETFramework,Version=v4.8, .NETFramework,Version=v4.8.1' instead of the project target framework 'net8.0'. This package may not be fully compatible with your project.
C:\Users\ultra\warewolf\Dev\Warewolf.Driver.RabbitMQ.Tests\Warewolf.Driver.RabbitMQ.Tests.csproj : warning NU1701: Package 'Microsoft.Xaml.Behaviors.Wpf 1.1.122' was restored using '.NETFramework,Version=v4.6.1, .NETFramework,Version=v4.6.2, .NETFramework,Version=v4.7, .NETFramework,Version=v4.7.1, .NETFramework,Version=v4.7.2, .NETFramework,Version=v4.8, .NETFramework,Version=v4.8.1' instead of the project target framework 'net8.0'. This package may not be fully compatible with your project.
C:\Users\ultra\warewolf\Dev\Warewolf.Driver.RabbitMQ.Tests\Warewolf.Driver.RabbitMQ.Tests.csproj : warning NU1701: Package 'Prism.Wpf 9.0.537' was restored using '.NETFramework,Version=v4.6.1, .NETFramework,Version=v4.6.2, .NETFramework,Version=v4.7, .NETFramework,Version=v4.7.1, .NETFramework,Version=v4.7.2, .NETFramework,Version=v4.8, .NETFramework,Version=v4.8.1' instead of the project target framework 'net8.0'. This package may not be fully compatible with your project.
C:\Users\ultra\warewolf\Dev\Warewolf.Driver.RabbitMQ.Tests\Warewolf.Driver.RabbitMQ.Tests.csproj : warning NU1701: Package 'ReactiveUI.WPF 18.4.1' was restored using '.NETFramework,Version=v4.6.1, .NETFramework,Version=v4.6.2, .NETFramework,Version=v4.7, .NETFramework,Version=v4.7.1, .NETFramework,Version=v4.7.2, .NETFramework,Version=v4.8, .NETFramework,Version=v4.8.1' instead of the project target framework 'net8.0'. This package may not be fully compatible with your project.
C:\Users\ultra\warewolf\Dev\Warewolf.Driver.RabbitMQ.Tests\Warewolf.Driver.RabbitMQ.Tests.csproj : warning NU1701: Package 'TaskSchedulerEditor 2.10.1' was restored using '.NETFramework,Version=v4.6.1, .NETFramework,Version=v4.6.2, .NETFramework,Version=v4.7, .NETFramework,Version=v4.7.1, .NETFramework,Version=v4.7.2, .NETFramework,Version=v4.8, .NETFramework,Version=v4.8.1' instead of the project target framework 'net8.0'. This package may not be fully compatible with your project.
  Restored C:\Users\ultra\warewolf\Dev\Warewolf.Driver.RabbitMQ.Tests\Warewolf.Driver.RabbitMQ.Tests.csproj (in 1.17 sec).
  55 of 56 projects are up-to-date for restore.
C:\Users\ultra\warewolf\Dev\Warewolf.Driver.RabbitMQ.Tests\Warewolf.Driver.RabbitMQ.Tests.csproj : warning NU1701: Package 'AeroWizard 2.3.1' was restored using '.NETFramework,Version=v4.6.1, .NETFramework,Version=v4.6.2, .NETFramework,Version=v4.7, .NETFramework,Version=v4.7.1, .NETFramework,Version=v4.7.2, .NETFramework,Version=v4.8, .NETFramework,Version=v4.8.1' instead of the project target framework 'net8.0'. This package may not be fully compatible with your project.
C:\Users\ultra\warewolf\Dev\Warewolf.Driver.RabbitMQ.Tests\Warewolf.Driver.RabbitMQ.Tests.csproj : warning NU1701: Package 'GroupControls 1.9.0' was restored using '.NETFramework,Version=v4.6.1, .NETFramework,Version=v4.6.2, .NETFramework,Version=v4.7, .NETFramework,Version=v4.7.1, .NETFramework,Version=v4.7.2, .NETFramework,Version=v4.8, .NETFramework,Version=v4.8.1' instead of the project target framework 'net8.0'. This package may not be fully compatible with your project.
C:\Users\ultra\warewolf\Dev\Warewolf.Driver.RabbitMQ.Tests\Warewolf.Driver.RabbitMQ.Tests.csproj : warning NU1701: Package 'Microsoft.Xaml.Behaviors.Wpf 1.1.122' was restored using '.NETFramework,Version=v4.6.1, .NETFramework,Version=v4.6.2, .NETFramework,Version=v4.7, .NETFramework,Version=v4.7.1, .NETFramework,Version=v4.7.2, .NETFramework,Version=v4.8, .NETFramework,Version=v4.8.1' instead of the project target framework 'net8.0'. This package may not be fully compatible with your project.
C:\Users\ultra\warewolf\Dev\Warewolf.Driver.RabbitMQ.Tests\Warewolf.Driver.RabbitMQ.Tests.csproj : warning NU1701: Package 'Prism.Wpf 9.0.537' was restored using '.NETFramework,Version=v4.6.1, .NETFramework,Version=v4.6.2, .NETFramework,Version=v4.7, .NETFramework,Version=v4.7.1, .NETFramework,Version=v4.7.2, .NETFramework,Version=v4.8, .NETFramework,Version=v4.8.1' instead of the project target framework 'net8.0'. This package may not be fully compatible with your project.
C:\Users\ultra\warewolf\Dev\Warewolf.Driver.RabbitMQ.Tests\Warewolf.Driver.RabbitMQ.Tests.csproj : warning NU1701: Package 'ReactiveUI.WPF 18.4.1' was restored using '.NETFramework,Version=v4.6.1, .NETFramework,Version=v4.6.2, .NETFramework,Version=v4.7, .NETFramework,Version=v4.7.1, .NETFramework,Version=v4.7.2, .NETFramework,Version=v4.8, .NETFramework,Version=v4.8.1' instead of the project target framework 'net8.0'. This package may not be fully compatible with your project.
C:\Users\ultra\warewolf\Dev\Warewolf.Driver.RabbitMQ.Tests\Warewolf.Driver.RabbitMQ.Tests.csproj : warning NU1701: Package 'TaskSchedulerEditor 2.10.1' was restored using '.NETFramework,Version=v4.6.1, .NETFramework,Version=v4.6.2, .NETFramework,Version=v4.7, .NETFramework,Version=v4.7.1, .NETFramework,Version=v4.7.2, .NETFramework,Version=v4.8, .NETFramework,Version=v4.8.1' instead of the project target framework 'net8.0'. This package may not be fully compatible with your project.
C:\Users\ultra\warewolf\Dev\Dev2.Data\Dev2.Data.csproj : warning NU1701: Package 'AeroWizard 2.3.1' was restored using '.NETFramework,Version=v4.6.1, .NETFramework,Version=v4.6.2, .NETFramework,Version=v4.7, .NETFramework,Version=v4.7.1, .NETFramework,Version=v4.7.2, .NETFramework,Version=v4.8, .NETFramework,Version=v4.8.1' instead of the project target framework 'net8.0'. This package may not be fully compatible with your project.
C:\Users\ultra\warewolf\Dev\Dev2.Data\Dev2.Data.csproj : warning NU1701: Package 'GroupControls 1.9.0' was restored using '.NETFramework,Version=v4.6.1, .NETFramework,Version=v4.6.2, .NETFramework,Version=v4.7, .NETFramework,Version=v4.7.1, .NETFramework,Version=v4.7.2, .NETFramework,Version=v4.8, .NETFramework,Version=v4.8.1' instead of the project target framework 'net8.0'. This package may not be fully compatible with your project.
C:\Users\ultra\warewolf\Dev\Dev2.Data\Dev2.Data.csproj : warning NU1701: Package 'ReactiveUI.WPF 18.4.1' was restored using '.NETFramework,Version=v4.6.1, .NETFramework,Version=v4.6.2, .NETFramework,Version=v4.7, .NETFramework,Version=v4.7.1, .NETFramework,Version=v4.7.2, .NETFramework,Version=v4.8, .NETFramework,Version=v4.8.1' instead of the project target framework 'net8.0'. This package may not be fully compatible with your project.
C:\Users\ultra\warewolf\Dev\Dev2.Data\Dev2.Data.csproj : warning NU1701: Package 'TaskSchedulerEditor 2.10.1' was restored using '.NETFramework,Version=v4.6.1, .NETFramework,Version=v4.6.2, .NETFramework,Version=v4.7, .NETFramework,Version=v4.7.1, .NETFramework,Version=v4.7.2, .NETFramework,Version=v4.8, .NETFramework,Version=v4.8.1' instead of the project target framework 'net8.0'. This package may not be fully compatible with your project.
C:\Users\ultra\warewolf\Dev\Dev2.Diagnostics\Dev2.Diagnostics.csproj : warning NU1701: Package 'AeroWizard 2.3.1' was restored using '.NETFramework,Version=v4.6.1, .NETFramework,Version=v4.6.2, .NETFramework,Version=v4.7, .NETFramework,Version=v4.7.1, .NETFramework,Version=v4.7.2, .NETFramework,Version=v4.8, .NETFramework,Version=v4.8.1' instead of the project target framework 'net8.0'. This package may not be fully compatible with your project.
C:\Users\ultra\warewolf\Dev\Dev2.Diagnostics\Dev2.Diagnostics.csproj : warning NU1701: Package 'GroupControls 1.9.0' was restored using '.NETFramework,Version=v4.6.1, .NETFramework,Version=v4.6.2, .NETFramework,Version=v4.7, .NETFramework,Version=v4.7.1, .NETFramework,Version=v4.7.2, .NETFramework,Version=v4.8, .NETFramework,Version=v4.8.1' instead of the project target framework 'net8.0'. This package may not be fully compatible with your project.
C:\Users\ultra\warewolf\Dev\Dev2.Diagnostics\Dev2.Diagnostics.csproj : warning NU1701: Package 'TaskSchedulerEditor 2.10.1' was restored using '.NETFramework,Version=v4.6.1, .NETFramework,Version=v4.6.2, .NETFramework,Version=v4.7, .NETFramework,Version=v4.7.1, .NETFramework,Version=v4.7.2, .NETFramework,Version=v4.8, .NETFramework,Version=v4.8.1' instead of the project target framework 'net8.0'. This package may not be fully compatible with your project.
C:\Users\ultra\warewolf\Dev\Dev2.Infrastructure\Dev2.Infrastructure.csproj : warning NU1903: Package 'Microsoft.Windows.Compatibility' 6.0.0 has a known high severity vulnerability, https://github.com/advisories/GHSA-555c-2p6r-68mm
C:\Users\ultra\warewolf\Dev\Dev2.Infrastructure\Dev2.Infrastructure.csproj : warning NU1701: Package 'AeroWizard 2.3.1' was restored using '.NETFramework,Version=v4.6.1, .NETFramework,Version=v4.6.2, .NETFramework,Version=v4.7, .NETFramework,Version=v4.7.1, .NETFramework,Version=v4.7.2, .NETFramework,Version=v4.8, .NETFramework,Version=v4.8.1' instead of the project target framework 'net8.0'. This package may not be fully compatible with your project.
C:\Users\ultra\warewolf\Dev\Dev2.Infrastructure\Dev2.Infrastructure.csproj : warning NU1701: Package 'GroupControls 1.9.0' was restored using '.NETFramework,Version=v4.6.1, .NETFramework,Version=v4.6.2, .NETFramework,Version=v4.7, .NETFramework,Version=v4.7.1, .NETFramework,Version=v4.7.2, .NETFramework,Version=v4.8, .NETFramework,Version=v4.8.1' instead of the project target framework 'net8.0'. This package may not be fully compatible with your project.
C:\Users\ultra\warewolf\Dev\Dev2.Infrastructure\Dev2.Infrastructure.csproj : warning NU1701: Package 'ReactiveUI.WPF 18.4.1' was restored using '.NETFramework,Version=v4.6.1, .NETFramework,Version=v4.6.2, .NETFramework,Version=v4.7, .NETFramework,Version=v4.7.1, .NETFramework,Version=v4.7.2, .NETFramework,Version=v4.8, .NETFramework,Version=v4.8.1' instead of the project target framework 'net8.0'. This package may not be fully compatible with your project.
C:\Users\ultra\warewolf\Dev\Dev2.Infrastructure\Dev2.Infrastructure.csproj : warning NU1701: Package 'TaskSchedulerEditor 2.10.1' was restored using '.NETFramework,Version=v4.6.1, .NETFramework,Version=v4.6.2, .NETFramework,Version=v4.7, .NETFramework,Version=v4.7.1, .NETFramework,Version=v4.7.2, .NETFramework,Version=v4.8, .NETFramework,Version=v4.8.1' instead of the project target framework 'net8.0'. This package may not be fully compatible with your project.
C:\Users\ultra\warewolf\Dev\Dev2.Common.Interfaces\Dev2.Common.Interfaces.csproj : warning NU1903: Package 'Microsoft.Windows.Compatibility' 6.0.0 has a known high severity vulnerability, https://github.com/advisories/GHSA-555c-2p6r-68mm
C:\Users\ultra\warewolf\Dev\Dev2.Common.Interfaces\Dev2.Common.Interfaces.csproj : warning NU1701: Package 'AeroWizard 2.3.1' was restored using '.NETFramework,Version=v4.6.1, .NETFramework,Version=v4.6.2, .NETFramework,Version=v4.7, .NETFramework,Version=v4.7.1, .NETFramework,Version=v4.7.2, .NETFramework,Version=v4.8, .NETFramework,Version=v4.8.1' instead of the project target framework 'net8.0'. This package may not be fully compatible with your project.
C:\Users\ultra\warewolf\Dev\Dev2.Common.Interfaces\Dev2.Common.Interfaces.csproj : warning NU1701: Package 'GroupControls 1.9.0' was restored using '.NETFramework,Version=v4.6.1, .NETFramework,Version=v4.6.2, .NETFramework,Version=v4.7, .NETFramework,Version=v4.7.1, .NETFramework,Version=v4.7.2, .NETFramework,Version=v4.8, .NETFramework,Version=v4.8.1' instead of the project target framework 'net8.0'. This package may not be fully compatible with your project.
C:\Users\ultra\warewolf\Dev\Dev2.Common.Interfaces\Dev2.Common.Interfaces.csproj : warning NU1701: Package 'TaskSchedulerEditor 2.10.1' was restored using '.NETFramework,Version=v4.6.1, .NETFramework,Version=v4.6.2, .NETFramework,Version=v4.7, .NETFramework,Version=v4.7.1, .NETFramework,Version=v4.7.2, .NETFramework,Version=v4.8, .NETFramework,Version=v4.8.1' instead of the project target framework 'net8.0'. This package may not be fully compatible with your project.
C:\Users\ultra\warewolf\Dev\Dev2.Development.Languages\Dev2.Development.Languages.csproj : warning NU1701: Package 'AeroWizard 2.3.1' was restored using '.NETFramework,Version=v4.6.1, .NETFramework,Version=v4.6.2, .NETFramework,Version=v4.7, .NETFramework,Version=v4.7.1, .NETFramework,Version=v4.7.2, .NETFramework,Version=v4.8, .NETFramework,Version=v4.8.1' instead of the project target framework 'net8.0'. This package may not be fully compatible with your project.
C:\Users\ultra\warewolf\Dev\Dev2.Development.Languages\Dev2.Development.Languages.csproj : warning NU1701: Package 'GroupControls 1.9.0' was restored using '.NETFramework,Version=v4.6.1, .NETFramework,Version=v4.6.2, .NETFramework,Version=v4.7, .NETFramework,Version=v4.7.1, .NETFramework,Version=v4.7.2, .NETFramework,Version=v4.8, .NETFramework,Version=v4.8.1' instead of the project target framework 'net8.0'. This package may not be fully compatible with your project.
C:\Program Files\dotnet\sdk\10.0.201\Sdks\Microsoft.NET.Sdk\targets\Microsoft.NET.Sdk.DefaultItems.targets(162,5): warning NETSDK1137: It is no longer necessary to use the Microsoft.NET.Sdk.WindowsDesktop SDK. Consider changing the Sdk attribute of the root Project element to 'Microsoft.NET.Sdk'. [C:\Users\ultra\warewolf\Dev\Dev2.CustomControls\Dev2.CustomControls.csproj]
C:\Users\ultra\warewolf\Dev\Dev2.Development.Languages\Dev2.Development.Languages.csproj : warning NU1701: Package 'TaskSchedulerEditor 2.10.1' was restored using '.NETFramework,Version=v4.6.1, .NETFramework,Version=v4.6.2, .NETFramework,Version=v4.7, .NETFramework,Version=v4.7.1, .NETFramework,Version=v4.7.2, .NETFramework,Version=v4.8, .NETFramework,Version=v4.8.1' instead of the project target framework 'net8.0'. This package may not be fully compatible with your project.
C:\Users\ultra\warewolf\Dev\Dev2.Activities\Dev2.Activities.csproj : warning NU1903: Package 'Microsoft.Windows.Compatibility' 6.0.0 has a known high severity vulnerability, https://github.com/advisories/GHSA-555c-2p6r-68mm
C:\Users\ultra\warewolf\Dev\Dev2.Activities\Dev2.Activities.csproj : warning NU1701: Package 'AeroWizard 2.3.1' was restored using '.NETFramework,Version=v4.6.1, .NETFramework,Version=v4.6.2, .NETFramework,Version=v4.7, .NETFramework,Version=v4.7.1, .NETFramework,Version=v4.7.2, .NETFramework,Version=v4.8, .NETFramework,Version=v4.8.1' instead of the project target framework 'net8.0'. This package may not be fully compatible with your project.
C:\Users\ultra\warewolf\Dev\Dev2.Activities\Dev2.Activities.csproj : warning NU1701: Package 'GroupControls 1.9.0' was restored using '.NETFramework,Version=v4.6.1, .NETFramework,Version=v4.6.2, .NETFramework,Version=v4.7, .NETFramework,Version=v4.7.1, .NETFramework,Version=v4.7.2, .NETFramework,Version=v4.8, .NETFramework,Version=v4.8.1' instead of the project target framework 'net8.0'. This package may not be fully compatible with your project.
C:\Users\ultra\warewolf\Dev\Dev2.Data.Interfaces\Dev2.Data.Interfaces.csproj : warning NU1903: Package 'DotNetZip' 1.16.0 has a known high severity vulnerability, https://github.com/advisories/GHSA-xhg6-9j5j-w4vf
C:\Users\ultra\warewolf\Dev\Dev2.Data.Interfaces\Dev2.Data.Interfaces.csproj : warning NU1701: Package 'AeroWizard 2.3.1' was restored using '.NETFramework,Version=v4.6.1, .NETFramework,Version=v4.6.2, .NETFramework,Version=v4.7, .NETFramework,Version=v4.7.1, .NETFramework,Version=v4.7.2, .NETFramework,Version=v4.8, .NETFramework,Version=v4.8.1' instead of the project target framework 'net8.0'. This package may not be fully compatible with your project.
C:\Program Files\dotnet\sdk\10.0.201\Sdks\Microsoft.NET.Sdk.WindowsDesktop\targets\Microsoft.NET.Sdk.WindowsDesktop.targets(138,5): warning NETSDK1106: Microsoft.NET.Sdk.WindowsDesktop requires 'UseWpf' or 'UseWindowsForms' to be set to 'true' [C:\Users\ultra\warewolf\Dev\Dev2.CustomControls\Dev2.CustomControls.csproj]
C:\Users\ultra\warewolf\Dev\Dev2.Activities\Dev2.Activities.csproj : warning NU1701: Package 'ReactiveUI.WPF 18.4.1' was restored using '.NETFramework,Version=v4.6.1, .NETFramework,Version=v4.6.2, .NETFramework,Version=v4.7, .NETFramework,Version=v4.7.1, .NETFramework,Version=v4.7.2, .NETFramework,Version=v4.8, .NETFramework,Version=v4.8.1' instead of the project target framework 'net8.0'. This package may not be fully compatible with your project.
C:\Users\ultra\warewolf\Dev\Dev2.Data.Interfaces\Dev2.Data.Interfaces.csproj : warning NU1701: Package 'GroupControls 1.9.0' was restored using '.NETFramework,Version=v4.6.1, .NETFramework,Version=v4.6.2, .NETFramework,Version=v4.7, .NETFramework,Version=v4.7.1, .NETFramework,Version=v4.7.2, .NETFramework,Version=v4.8, .NETFramework,Version=v4.8.1' instead of the project target framework 'net8.0'. This package may not be fully compatible with your project.
C:\Users\ultra\warewolf\Dev\Dev2.Activities\Dev2.Activities.csproj : warning NU1701: Package 'TaskSchedulerEditor 2.10.1' was restored using '.NETFramework,Version=v4.6.1, .NETFramework,Version=v4.6.2, .NETFramework,Version=v4.7, .NETFramework,Version=v4.7.1, .NETFramework,Version=v4.7.2, .NETFramework,Version=v4.8, .NETFramework,Version=v4.8.1' instead of the project target framework 'net8.0'. This package may not be fully compatible with your project.
C:\Users\ultra\warewolf\Dev\Dev2.Data.Interfaces\Dev2.Data.Interfaces.csproj : warning NU1701: Package 'TaskSchedulerEditor 2.10.1' was restored using '.NETFramework,Version=v4.6.1, .NETFramework,Version=v4.6.2, .NETFramework,Version=v4.7, .NETFramework,Version=v4.7.1, .NETFramework,Version=v4.7.2, .NETFramework,Version=v4.8, .NETFramework,Version=v4.8.1' instead of the project target framework 'net8.0'. This package may not be fully compatible with your project.
C:\Users\ultra\warewolf\Dev\Dev2.CustomControls\Dev2.CustomControls.csproj : warning NU1903: Package 'Microsoft.Windows.Compatibility' 6.0.0 has a known high severity vulnerability, https://github.com/advisories/GHSA-555c-2p6r-68mm
C:\Users\ultra\warewolf\Dev\Dev2.CustomControls\Dev2.CustomControls.csproj : warning NU1701: Package 'AeroWizard 2.3.1' was restored using '.NETFramework,Version=v4.6.1, .NETFramework,Version=v4.6.2, .NETFramework,Version=v4.7, .NETFramework,Version=v4.7.1, .NETFramework,Version=v4.7.2, .NETFramework,Version=v4.8, .NETFramework,Version=v4.8.1' instead of the project target framework 'net8.0'. This package may not be fully compatible with your project.
C:\Users\ultra\warewolf\Dev\Dev2.CustomControls\Dev2.CustomControls.csproj : warning NU1701: Package 'GroupControls 1.9.0' was restored using '.NETFramework,Version=v4.6.1, .NETFramework,Version=v4.6.2, .NETFramework,Version=v4.7, .NETFramework,Version=v4.7.1, .NETFramework,Version=v4.7.2, .NETFramework,Version=v4.8, .NETFramework,Version=v4.8.1' instead of the project target framework 'net8.0'. This package may not be fully compatible with your project.
C:\Users\ultra\warewolf\Dev\Dev2.CustomControls\Dev2.CustomControls.csproj : warning NU1701: Package 'TaskSchedulerEditor 2.10.1' was restored using '.NETFramework,Version=v4.6.1, .NETFramework,Version=v4.6.2, .NETFramework,Version=v4.7, .NETFramework,Version=v4.7.1, .NETFramework,Version=v4.7.2, .NETFramework,Version=v4.8, .NETFramework,Version=v4.8.1' instead of the project target framework 'net8.0'. This package may not be fully compatible with your project.
C:\Users\ultra\warewolf\Dev\Dev2.Core\Dev2.Core.csproj : warning NU1903: Package 'Microsoft.Windows.Compatibility' 6.0.0 has a known high severity vulnerability, https://github.com/advisories/GHSA-555c-2p6r-68mm
C:\Users\ultra\warewolf\Dev\Dev2.Core\Dev2.Core.csproj : warning NU1701: Package 'AeroWizard 2.3.1' was restored using '.NETFramework,Version=v4.6.1, .NETFramework,Version=v4.6.2, .NETFramework,Version=v4.7, .NETFramework,Version=v4.7.1, .NETFramework,Version=v4.7.2, .NETFramework,Version=v4.8, .NETFramework,Version=v4.8.1' instead of the project target framework 'net8.0'. This package may not be fully compatible with your project.
C:\Users\ultra\warewolf\Dev\Dev2.Core\Dev2.Core.csproj : warning NU1701: Package 'GroupControls 1.9.0' was restored using '.NETFramework,Version=v4.6.1, .NETFramework,Version=v4.6.2, .NETFramework,Version=v4.7, .NETFramework,Version=v4.7.1, .NETFramework,Version=v4.7.2, .NETFramework,Version=v4.8, .NETFramework,Version=v4.8.1' instead of the project target framework 'net8.0'. This package may not be fully compatible with your project.
C:\Users\ultra\warewolf\Dev\Dev2.Core\Dev2.Core.csproj : warning NU1701: Package 'ReactiveUI.WPF 18.4.1' was restored using '.NETFramework,Version=v4.6.1, .NETFramework,Version=v4.6.2, .NETFramework,Version=v4.7, .NETFramework,Version=v4.7.1, .NETFramework,Version=v4.7.2, .NETFramework,Version=v4.8, .NETFramework,Version=v4.8.1' instead of the project target framework 'net8.0'. This package may not be fully compatible with your project.
C:\Users\ultra\warewolf\Dev\Dev2.Core\Dev2.Core.csproj : warning NU1701: Package 'TaskSchedulerEditor 2.10.1' was restored using '.NETFramework,Version=v4.6.1, .NETFramework,Version=v4.6.2, .NETFramework,Version=v4.7, .NETFramework,Version=v4.7.1, .NETFramework,Version=v4.7.2, .NETFramework,Version=v4.8, .NETFramework,Version=v4.8.1' instead of the project target framework 'net8.0'. This package may not be fully compatible with your project.
C:\Users\ultra\warewolf\Dev\Dev2.Common\Dev2.Common.csproj : warning NU1903: Package 'Microsoft.Windows.Compatibility' 6.0.0 has a known high severity vulnerability, https://github.com/advisories/GHSA-555c-2p6r-68mm
C:\Users\ultra\warewolf\Dev\Dev2.Common\Dev2.Common.csproj : warning NU1701: Package 'AeroWizard 2.3.1' was restored using '.NETFramework,Version=v4.6.1, .NETFramework,Version=v4.6.2, .NETFramework,Version=v4.7, .NETFramework,Version=v4.7.1, .NETFramework,Version=v4.7.2, .NETFramework,Version=v4.8, .NETFramework,Version=v4.8.1' instead of the project target framework 'net8.0'. This package may not be fully compatible with your project.
C:\Users\ultra\warewolf\Dev\Dev2.Common\Dev2.Common.csproj : warning NU1701: Package 'GroupControls 1.9.0' was restored using '.NETFramework,Version=v4.6.1, .NETFramework,Version=v4.6.2, .NETFramework,Version=v4.7, .NETFramework,Version=v4.7.1, .NETFramework,Version=v4.7.2, .NETFramework,Version=v4.8, .NETFramework,Version=v4.8.1' instead of the project target framework 'net8.0'. This package may not be fully compatible with your project.
C:\Users\ultra\warewolf\Dev\Dev2.Common\Dev2.Common.csproj : warning NU1701: Package 'TaskSchedulerEditor 2.10.1' was restored using '.NETFramework,Version=v4.6.1, .NETFramework,Version=v4.6.2, .NETFramework,Version=v4.7, .NETFramework,Version=v4.7.1, .NETFramework,Version=v4.7.2, .NETFramework,Version=v4.8, .NETFramework,Version=v4.8.1' instead of the project target framework 'net8.0'. This package may not be fully compatible with your project.
C:\Users\ultra\warewolf\Dev\Dev2.Runtime.Configuration\Dev2.Runtime.Configuration.csproj : warning NU1903: Package 'Microsoft.Windows.Compatibility' 6.0.0 has a known high severity vulnerability, https://github.com/advisories/GHSA-555c-2p6r-68mm
C:\Users\ultra\warewolf\Dev\Dev2.Runtime.Configuration\Dev2.Runtime.Configuration.csproj : warning NU1701: Package 'AeroWizard 2.3.1' was restored using '.NETFramework,Version=v4.6.1, .NETFramework,Version=v4.6.2, .NETFramework,Version=v4.7, .NETFramework,Version=v4.7.1, .NETFramework,Version=v4.7.2, .NETFramework,Version=v4.8, .NETFramework,Version=v4.8.1' instead of the project target framework 'net8.0'. This package may not be fully compatible with your project.
C:\Users\ultra\warewolf\Dev\Dev2.Runtime.Configuration\Dev2.Runtime.Configuration.csproj : warning NU1701: Package 'GroupControls 1.9.0' was restored using '.NETFramework,Version=v4.6.1, .NETFramework,Version=v4.6.2, .NETFramework,Version=v4.7, .NETFramework,Version=v4.7.1, .NETFramework,Version=v4.7.2, .NETFramework,Version=v4.8, .NETFramework,Version=v4.8.1' instead of the project target framework 'net8.0'. This package may not be fully compatible with your project.
C:\Users\ultra\warewolf\Dev\Dev2.Runtime.Configuration\Dev2.Runtime.Configuration.csproj : warning NU1701: Package 'TaskSchedulerEditor 2.10.1' was restored using '.NETFramework,Version=v4.6.1, .NETFramework,Version=v4.6.2, .NETFramework,Version=v4.7, .NETFramework,Version=v4.7.1, .NETFramework,Version=v4.7.2, .NETFramework,Version=v4.8, .NETFramework,Version=v4.8.1' instead of the project target framework 'net8.0'. This package may not be fully compatible with your project.
C:\Users\ultra\warewolf\Dev\Warewolf.Data\Warewolf.Data.csproj : warning NU1701: Package 'AeroWizard 2.3.1' was restored using '.NETFramework,Version=v4.6.1, .NETFramework,Version=v4.6.2, .NETFramework,Version=v4.7, .NETFramework,Version=v4.7.1, .NETFramework,Version=v4.7.2, .NETFramework,Version=v4.8, .NETFramework,Version=v4.8.1' instead of the project target framework 'net8.0'. This package may not be fully compatible with your project.
C:\Users\ultra\warewolf\Dev\Warewolf.Data\Warewolf.Data.csproj : warning NU1701: Package 'GroupControls 1.9.0' was restored using '.NETFramework,Version=v4.6.1, .NETFramework,Version=v4.6.2, .NETFramework,Version=v4.7, .NETFramework,Version=v4.7.1, .NETFramework,Version=v4.7.2, .NETFramework,Version=v4.8, .NETFramework,Version=v4.8.1' instead of the project target framework 'net8.0'. This package may not be fully compatible with your project.
C:\Users\ultra\warewolf\Dev\Warewolf.Data\Warewolf.Data.csproj : warning NU1701: Package 'TaskSchedulerEditor 2.10.1' was restored using '.NETFramework,Version=v4.6.1, .NETFramework,Version=v4.6.2, .NETFramework,Version=v4.7, .NETFramework,Version=v4.7.1, .NETFramework,Version=v4.7.2, .NETFramework,Version=v4.8, .NETFramework,Version=v4.8.1' instead of the project target framework 'net8.0'. This package may not be fully compatible with your project.
C:\Users\ultra\warewolf\Dev\Dev2.Infrastructure.Tests\Dev2.Infrastructure.Tests.csproj : warning NU1701: Package 'AeroWizard 2.3.1' was restored using '.NETFramework,Version=v4.6.1, .NETFramework,Version=v4.6.2, .NETFramework,Version=v4.7, .NETFramework,Version=v4.7.1, .NETFramework,Version=v4.7.2, .NETFramework,Version=v4.8, .NETFramework,Version=v4.8.1' instead of the project target framework 'net8.0'. This package may not be fully compatible with your project.
C:\Users\ultra\warewolf\Dev\Dev2.Infrastructure.Tests\Dev2.Infrastructure.Tests.csproj : warning NU1701: Package 'GroupControls 1.9.0' was restored using '.NETFramework,Version=v4.6.1, .NETFramework,Version=v4.6.2, .NETFramework,Version=v4.7, .NETFramework,Version=v4.7.1, .NETFramework,Version=v4.7.2, .NETFramework,Version=v4.8, .NETFramework,Version=v4.8.1' instead of the project target framework 'net8.0'. This package may not be fully compatible with your project.
C:\Users\ultra\warewolf\Dev\Dev2.Infrastructure.Tests\Dev2.Infrastructure.Tests.csproj : warning NU1701: Package 'Microsoft.Xaml.Behaviors.Wpf 1.1.122' was restored using '.NETFramework,Version=v4.6.1, .NETFramework,Version=v4.6.2, .NETFramework,Version=v4.7, .NETFramework,Version=v4.7.1, .NETFramework,Version=v4.7.2, .NETFramework,Version=v4.8, .NETFramework,Version=v4.8.1' instead of the project target framework 'net8.0'. This package may not be fully compatible with your project.
C:\Users\ultra\warewolf\Dev\Dev2.Infrastructure.Tests\Dev2.Infrastructure.Tests.csproj : warning NU1701: Package 'Prism.Wpf 9.0.537' was restored using '.NETFramework,Version=v4.6.1, .NETFramework,Version=v4.6.2, .NETFramework,Version=v4.7, .NETFramework,Version=v4.7.1, .NETFramework,Version=v4.7.2, .NETFramework,Version=v4.8, .NETFramework,Version=v4.8.1' instead of the project target framework 'net8.0'. This package may not be fully compatible with your project.
C:\Users\ultra\warewolf\Dev\Dev2.Infrastructure.Tests\Dev2.Infrastructure.Tests.csproj : warning NU1701: Package 'ReactiveUI.WPF 18.4.1' was restored using '.NETFramework,Version=v4.6.1, .NETFramework,Version=v4.6.2, .NETFramework,Version=v4.7, .NETFramework,Version=v4.7.1, .NETFramework,Version=v4.7.2, .NETFramework,Version=v4.8, .NETFramework,Version=v4.8.1' instead of the project target framework 'net8.0'. This package may not be fully compatible with your project.
C:\Users\ultra\warewolf\Dev\Dev2.Infrastructure.Tests\Dev2.Infrastructure.Tests.csproj : warning NU1701: Package 'TaskSchedulerEditor 2.10.1' was restored using '.NETFramework,Version=v4.6.1, .NETFramework,Version=v4.6.2, .NETFramework,Version=v4.7, .NETFramework,Version=v4.7.1, .NETFramework,Version=v4.7.2, .NETFramework,Version=v4.8, .NETFramework,Version=v4.8.1' instead of the project target framework 'net8.0'. This package may not be fully compatible with your project.
C:\Users\ultra\warewolf\Dev\Warewolf.Language.Parser\Warewolf.Language.Parser.fsproj : warning NU1504: Duplicate 'PackageReference' items found. Remove the duplicate items or use the Update functionality to ensure a consistent restore behavior. The duplicate 'PackageReference' items are: FSharp.Core 10.1.201, FSharp.Core 4.6.2.
  Log4Net.Async -> C:\Users\ultra\warewolf\Dev\Log4Net.Async\bin\Debug\net8.0\Log4Net.Async.dll
C:\Users\ultra\warewolf\Dev\Warewolf.Common\Warewolf.Common.csproj : warning NU1701: Package 'AeroWizard 2.3.1' was restored using '.NETFramework,Version=v4.6.1, .NETFramework,Version=v4.6.2, .NETFramework,Version=v4.7, .NETFramework,Version=v4.7.1, .NETFramework,Version=v4.7.2, .NETFramework,Version=v4.8, .NETFramework,Version=v4.8.1' instead of the project target framework 'net8.0'. This package may not be fully compatible with your project.
C:\Users\ultra\warewolf\Dev\Warewolf.Common\Warewolf.Common.csproj : warning NU1701: Package 'GroupControls 1.9.0' was restored using '.NETFramework,Version=v4.6.1, .NETFramework,Version=v4.6.2, .NETFramework,Version=v4.7, .NETFramework,Version=v4.7.1, .NETFramework,Version=v4.7.2, .NETFramework,Version=v4.8, .NETFramework,Version=v4.8.1' instead of the project target framework 'net8.0'. This package may not be fully compatible with your project.
C:\Users\ultra\warewolf\Dev\Warewolf.Common\Warewolf.Common.csproj : warning NU1701: Package 'TaskSchedulerEditor 2.10.1' was restored using '.NETFramework,Version=v4.6.1, .NETFramework,Version=v4.6.2, .NETFramework,Version=v4.7, .NETFramework,Version=v4.7.1, .NETFramework,Version=v4.7.2, .NETFramework,Version=v4.8, .NETFramework,Version=v4.8.1' instead of the project target framework 'net8.0'. This package may not be fully compatible with your project.
C:\Users\ultra\warewolf\Dev\Dev2.Scheduler\Dev2.Scheduler.csproj : warning NU1701: Package 'AeroWizard 2.3.1' was restored using '.NETFramework,Version=v4.6.1, .NETFramework,Version=v4.6.2, .NETFramework,Version=v4.7, .NETFramework,Version=v4.7.1, .NETFramework,Version=v4.7.2, .NETFramework,Version=v4.8, .NETFramework,Version=v4.8.1' instead of the project target framework 'net8.0'. This package may not be fully compatible with your project.
C:\Users\ultra\warewolf\Dev\Dev2.Scheduler\Dev2.Scheduler.csproj : warning NU1701: Package 'GroupControls 1.9.0' was restored using '.NETFramework,Version=v4.6.1, .NETFramework,Version=v4.6.2, .NETFramework,Version=v4.7, .NETFramework,Version=v4.7.1, .NETFramework,Version=v4.7.2, .NETFramework,Version=v4.8, .NETFramework,Version=v4.8.1' instead of the project target framework 'net8.0'. This package may not be fully compatible with your project.
C:\Users\ultra\warewolf\Dev\Dev2.Scheduler\Dev2.Scheduler.csproj : warning NU1701: Package 'ReactiveUI.WPF 18.4.1' was restored using '.NETFramework,Version=v4.6.1, .NETFramework,Version=v4.6.2, .NETFramework,Version=v4.7, .NETFramework,Version=v4.7.1, .NETFramework,Version=v4.7.2, .NETFramework,Version=v4.8, .NETFramework,Version=v4.8.1' instead of the project target framework 'net8.0'. This package may not be fully compatible with your project.
C:\Users\ultra\warewolf\Dev\Dev2.Scheduler\Dev2.Scheduler.csproj : warning NU1701: Package 'TaskSchedulerEditor 2.10.1' was restored using '.NETFramework,Version=v4.6.1, .NETFramework,Version=v4.6.2, .NETFramework,Version=v4.7, .NETFramework,Version=v4.7.1, .NETFramework,Version=v4.7.2, .NETFramework,Version=v4.8, .NETFramework,Version=v4.8.1' instead of the project target framework 'net8.0'. This package may not be fully compatible with your project.
C:\Users\ultra\warewolf\Dev\Warewolf.Storage\Warewolf.Storage.csproj : warning NU1701: Package 'AeroWizard 2.3.1' was restored using '.NETFramework,Version=v4.6.1, .NETFramework,Version=v4.6.2, .NETFramework,Version=v4.7, .NETFramework,Version=v4.7.1, .NETFramework,Version=v4.7.2, .NETFramework,Version=v4.8, .NETFramework,Version=v4.8.1' instead of the project target framework 'net8.0'. This package may not be fully compatible with your project.
C:\Users\ultra\warewolf\Dev\Warewolf.Storage\Warewolf.Storage.csproj : warning NU1701: Package 'GroupControls 1.9.0' was restored using '.NETFramework,Version=v4.6.1, .NETFramework,Version=v4.6.2, .NETFramework,Version=v4.7, .NETFramework,Version=v4.7.1, .NETFramework,Version=v4.7.2, .NETFramework,Version=v4.8, .NETFramework,Version=v4.8.1' instead of the project target framework 'net8.0'. This package may not be fully compatible with your project.
C:\Users\ultra\warewolf\Dev\Warewolf.Storage\Warewolf.Storage.csproj : warning NU1701: Package 'ReactiveUI.WPF 18.4.1' was restored using '.NETFramework,Version=v4.6.1, .NETFramework,Version=v4.6.2, .NETFramework,Version=v4.7, .NETFramework,Version=v4.7.1, .NETFramework,Version=v4.7.2, .NETFramework,Version=v4.8, .NETFramework,Version=v4.8.1' instead of the project target framework 'net8.0'. This package may not be fully compatible with your project.
C:\Users\ultra\warewolf\Dev\Warewolf.Storage\Warewolf.Storage.csproj : warning NU1701: Package 'TaskSchedulerEditor 2.10.1' was restored using '.NETFramework,Version=v4.6.1, .NETFramework,Version=v4.6.2, .NETFramework,Version=v4.7, .NETFramework,Version=v4.7.1, .NETFramework,Version=v4.7.2, .NETFramework,Version=v4.8, .NETFramework,Version=v4.8.1' instead of the project target framework 'net8.0'. This package may not be fully compatible with your project.
C:\Users\ultra\warewolf\Dev\Warewolf.Storage.Interfaces\Warewolf.Storage.Interfaces.csproj : warning NU1701: Package 'AeroWizard 2.3.1' was restored using '.NETFramework,Version=v4.6.1, .NETFramework,Version=v4.6.2, .NETFramework,Version=v4.7, .NETFramework,Version=v4.7.1, .NETFramework,Version=v4.7.2, .NETFramework,Version=v4.8, .NETFramework,Version=v4.8.1' instead of the project target framework 'net8.0'. This package may not be fully compatible with your project.
C:\Users\ultra\warewolf\Dev\Warewolf.Storage.Interfaces\Warewolf.Storage.Interfaces.csproj : warning NU1701: Package 'GroupControls 1.9.0' was restored using '.NETFramework,Version=v4.6.1, .NETFramework,Version=v4.6.2, .NETFramework,Version=v4.7, .NETFramework,Version=v4.7.1, .NETFramework,Version=v4.7.2, .NETFramework,Version=v4.8, .NETFramework,Version=v4.8.1' instead of the project target framework 'net8.0'. This package may not be fully compatible with your project.
C:\Users\ultra\warewolf\Dev\Warewolf.Storage.Interfaces\Warewolf.Storage.Interfaces.csproj : warning NU1701: Package 'TaskSchedulerEditor 2.10.1' was restored using '.NETFramework,Version=v4.6.1, .NETFramework,Version=v4.6.2, .NETFramework,Version=v4.7, .NETFramework,Version=v4.7.1, .NETFramework,Version=v4.7.2, .NETFramework,Version=v4.8, .NETFramework,Version=v4.8.1' instead of the project target framework 'net8.0'. This package may not be fully compatible with your project.
C:\Users\ultra\warewolf\Dev\Dev2.SignalR.Wrappers.New\Dev2.SignalR.Wrappers.New.csproj : warning NU1701: Package 'AeroWizard 2.3.1' was restored using '.NETFramework,Version=v4.6.1, .NETFramework,Version=v4.6.2, .NETFramework,Version=v4.7, .NETFramework,Version=v4.7.1, .NETFramework,Version=v4.7.2, .NETFramework,Version=v4.8, .NETFramework,Version=v4.8.1' instead of the project target framework 'net8.0'. This package may not be fully compatible with your project.
C:\Users\ultra\warewolf\Dev\Dev2.Runtime\Dev2.Runtime.csproj : warning NU1903: Package 'Microsoft.Windows.Compatibility' 6.0.0 has a known high severity vulnerability, https://github.com/advisories/GHSA-555c-2p6r-68mm
C:\Users\ultra\warewolf\Dev\Dev2.Runtime\Dev2.Runtime.csproj : warning NU1701: Package 'AeroWizard 2.3.1' was restored using '.NETFramework,Version=v4.6.1, .NETFramework,Version=v4.6.2, .NETFramework,Version=v4.7, .NETFramework,Version=v4.7.1, .NETFramework,Version=v4.7.2, .NETFramework,Version=v4.8, .NETFramework,Version=v4.8.1' instead of the project target framework 'net8.0'. This package may not be fully compatible with your project.
C:\Users\ultra\warewolf\Dev\Dev2.SignalR.Wrappers.New\Dev2.SignalR.Wrappers.New.csproj : warning NU1701: Package 'GroupControls 1.9.0' was restored using '.NETFramework,Version=v4.6.1, .NETFramework,Version=v4.6.2, .NETFramework,Version=v4.7, .NETFramework,Version=v4.7.1, .NETFramework,Version=v4.7.2, .NETFramework,Version=v4.8, .NETFramework,Version=v4.8.1' instead of the project target framework 'net8.0'. This package may not be fully compatible with your project.
C:\Users\ultra\warewolf\Dev\Dev2.Runtime\Dev2.Runtime.csproj : warning NU1701: Package 'GroupControls 1.9.0' was restored using '.NETFramework,Version=v4.6.1, .NETFramework,Version=v4.6.2, .NETFramework,Version=v4.7, .NETFramework,Version=v4.7.1, .NETFramework,Version=v4.7.2, .NETFramework,Version=v4.8, .NETFramework,Version=v4.8.1' instead of the project target framework 'net8.0'. This package may not be fully compatible with your project.
C:\Users\ultra\warewolf\Dev\Dev2.Runtime\Dev2.Runtime.csproj : warning NU1701: Package 'ReactiveUI.WPF 18.4.1' was restored using '.NETFramework,Version=v4.6.1, .NETFramework,Version=v4.6.2, .NETFramework,Version=v4.7, .NETFramework,Version=v4.7.1, .NETFramework,Version=v4.7.2, .NETFramework,Version=v4.8, .NETFramework,Version=v4.8.1' instead of the project target framework 'net8.0'. This package may not be fully compatible with your project.
C:\Users\ultra\warewolf\Dev\Dev2.Runtime\Dev2.Runtime.csproj : warning NU1701: Package 'TaskSchedulerEditor 2.10.1' was restored using '.NETFramework,Version=v4.6.1, .NETFramework,Version=v4.6.2, .NETFramework,Version=v4.7, .NETFramework,Version=v4.7.1, .NETFramework,Version=v4.7.2, .NETFramework,Version=v4.8, .NETFramework,Version=v4.8.1' instead of the project target framework 'net8.0'. This package may not be fully compatible with your project.
C:\Users\ultra\warewolf\Dev\Dev2.SignalR.Wrappers.New\Dev2.SignalR.Wrappers.New.csproj : warning NU1701: Package 'ReactiveUI.WPF 18.4.1' was restored using '.NETFramework,Version=v4.6.1, .NETFramework,Version=v4.6.2, .NETFramework,Version=v4.7, .NETFramework,Version=v4.7.1, .NETFramework,Version=v4.7.2, .NETFramework,Version=v4.8, .NETFramework,Version=v4.8.1' instead of the project target framework 'net8.0'. This package may not be fully compatible with your project.
C:\Users\ultra\warewolf\Dev\Dev2.SignalR.Wrappers.New\Dev2.SignalR.Wrappers.New.csproj : warning NU1701: Package 'TaskSchedulerEditor 2.10.1' was restored using '.NETFramework,Version=v4.6.1, .NETFramework,Version=v4.6.2, .NETFramework,Version=v4.7, .NETFramework,Version=v4.7.1, .NETFramework,Version=v4.7.2, .NETFramework,Version=v4.8, .NETFramework,Version=v4.8.1' instead of the project target framework 'net8.0'. This package may not be fully compatible with your project.
C:\Users\ultra\warewolf\Dev\Warewolf.Driver.Serilog\Warewolf.Driver.Serilog.csproj : warning NU1701: Package 'AeroWizard 2.3.1' was restored using '.NETFramework,Version=v4.6.1, .NETFramework,Version=v4.6.2, .NETFramework,Version=v4.7, .NETFramework,Version=v4.7.1, .NETFramework,Version=v4.7.2, .NETFramework,Version=v4.8, .NETFramework,Version=v4.8.1' instead of the project target framework 'net8.0'. This package may not be fully compatible with your project.
C:\Users\ultra\warewolf\Dev\Warewolf.Driver.Serilog\Warewolf.Driver.Serilog.csproj : warning NU1701: Package 'GroupControls 1.9.0' was restored using '.NETFramework,Version=v4.6.1, .NETFramework,Version=v4.6.2, .NETFramework,Version=v4.7, .NETFramework,Version=v4.7.1, .NETFramework,Version=v4.7.2, .NETFramework,Version=v4.8, .NETFramework,Version=v4.8.1' instead of the project target framework 'net8.0'. This package may not be fully compatible with your project.
C:\Users\ultra\warewolf\Dev\Warewolf.Driver.Serilog\Warewolf.Driver.Serilog.csproj : warning NU1701: Package 'ReactiveUI.WPF 18.4.1' was restored using '.NETFramework,Version=v4.6.1, .NETFramework,Version=v4.6.2, .NETFramework,Version=v4.7, .NETFramework,Version=v4.7.1, .NETFramework,Version=v4.7.2, .NETFramework,Version=v4.8, .NETFramework,Version=v4.8.1' instead of the project target framework 'net8.0'. This package may not be fully compatible with your project.
C:\Users\ultra\warewolf\Dev\Warewolf.Driver.Serilog\Warewolf.Driver.Serilog.csproj : warning NU1701: Package 'TaskSchedulerEditor 2.10.1' was restored using '.NETFramework,Version=v4.6.1, .NETFramework,Version=v4.6.2, .NETFramework,Version=v4.7, .NETFramework,Version=v4.7.1, .NETFramework,Version=v4.7.2, .NETFramework,Version=v4.8, .NETFramework,Version=v4.8.1' instead of the project target framework 'net8.0'. This package may not be fully compatible with your project.
C:\Users\ultra\warewolf\Dev\Warewolf.Core\Warewolf.Core.csproj : warning NU1903: Package 'Microsoft.Windows.Compatibility' 6.0.0 has a known high severity vulnerability, https://github.com/advisories/GHSA-555c-2p6r-68mm
C:\Users\ultra\warewolf\Dev\Warewolf.Core\Warewolf.Core.csproj : warning NU1701: Package 'AeroWizard 2.3.1' was restored using '.NETFramework,Version=v4.6.1, .NETFramework,Version=v4.6.2, .NETFramework,Version=v4.7, .NETFramework,Version=v4.7.1, .NETFramework,Version=v4.7.2, .NETFramework,Version=v4.8, .NETFramework,Version=v4.8.1' instead of the project target framework 'net8.0'. This package may not be fully compatible with your project.
C:\Users\ultra\warewolf\Dev\Warewolf.Core\Warewolf.Core.csproj : warning NU1701: Package 'GroupControls 1.9.0' was restored using '.NETFramework,Version=v4.6.1, .NETFramework,Version=v4.6.2, .NETFramework,Version=v4.7, .NETFramework,Version=v4.7.1, .NETFramework,Version=v4.7.2, .NETFramework,Version=v4.8, .NETFramework,Version=v4.8.1' instead of the project target framework 'net8.0'. This package may not be fully compatible with your project.
C:\Users\ultra\warewolf\Dev\Warewolf.Core\Warewolf.Core.csproj : warning NU1701: Package 'ReactiveUI.WPF 18.4.1' was restored using '.NETFramework,Version=v4.6.1, .NETFramework,Version=v4.6.2, .NETFramework,Version=v4.7, .NETFramework,Version=v4.7.1, .NETFramework,Version=v4.7.2, .NETFramework,Version=v4.8, .NETFramework,Version=v4.8.1' instead of the project target framework 'net8.0'. This package may not be fully compatible with your project.
C:\Users\ultra\warewolf\Dev\Warewolf.Core\Warewolf.Core.csproj : warning NU1701: Package 'TaskSchedulerEditor 2.10.1' was restored using '.NETFramework,Version=v4.6.1, .NETFramework,Version=v4.6.2, .NETFramework,Version=v4.7, .NETFramework,Version=v4.7.1, .NETFramework,Version=v4.7.2, .NETFramework,Version=v4.8, .NETFramework,Version=v4.8.1' instead of the project target framework 'net8.0'. This package may not be fully compatible with your project.
C:\Users\ultra\warewolf\Dev\Warewolf.Driver.Persistence\Warewolf.Driver.Persistence.csproj : warning NU1701: Package 'AeroWizard 2.3.1' was restored using '.NETFramework,Version=v4.6.1, .NETFramework,Version=v4.6.2, .NETFramework,Version=v4.7, .NETFramework,Version=v4.7.1, .NETFramework,Version=v4.7.2, .NETFramework,Version=v4.8, .NETFramework,Version=v4.8.1' instead of the project target framework 'net8.0'. This package may not be fully compatible with your project.
C:\Users\ultra\warewolf\Dev\Warewolf.Driver.Persistence\Warewolf.Driver.Persistence.csproj : warning NU1701: Package 'GroupControls 1.9.0' was restored using '.NETFramework,Version=v4.6.1, .NETFramework,Version=v4.6.2, .NETFramework,Version=v4.7, .NETFramework,Version=v4.7.1, .NETFramework,Version=v4.7.2, .NETFramework,Version=v4.8, .NETFramework,Version=v4.8.1' instead of the project target framework 'net8.0'. This package may not be fully compatible with your project.
C:\Users\ultra\warewolf\Dev\Warewolf.Driver.Persistence\Warewolf.Driver.Persistence.csproj : warning NU1701: Package 'ReactiveUI.WPF 18.4.1' was restored using '.NETFramework,Version=v4.6.1, .NETFramework,Version=v4.6.2, .NETFramework,Version=v4.7, .NETFramework,Version=v4.7.1, .NETFramework,Version=v4.7.2, .NETFramework,Version=v4.8, .NETFramework,Version=v4.8.1' instead of the project target framework 'net8.0'. This package may not be fully compatible with your project.
C:\Users\ultra\warewolf\Dev\Warewolf.Driver.Persistence\Warewolf.Driver.Persistence.csproj : warning NU1701: Package 'TaskSchedulerEditor 2.10.1' was restored using '.NETFramework,Version=v4.6.1, .NETFramework,Version=v4.6.2, .NETFramework,Version=v4.7, .NETFramework,Version=v4.7.1, .NETFramework,Version=v4.7.2, .NETFramework,Version=v4.8, .NETFramework,Version=v4.8.1' instead of the project target framework 'net8.0'. This package may not be fully compatible with your project.
C:\Users\ultra\warewolf\Dev\Dev2.Runtime.Services\Dev2.Runtime.Services.csproj : warning NU1902: Package 'MessagePack' 2.4.59 has a known moderate severity vulnerability, https://github.com/advisories/GHSA-4qm4-8hg2-g2xm
C:\Users\ultra\warewolf\Dev\Dev2.Runtime.Services\Dev2.Runtime.Services.csproj : warning NU1903: Package 'Microsoft.Windows.Compatibility' 6.0.0 has a known high severity vulnerability, https://github.com/advisories/GHSA-555c-2p6r-68mm
C:\Users\ultra\warewolf\Dev\Dev2.Runtime.Services\Dev2.Runtime.Services.csproj : warning NU1701: Package 'AeroWizard 2.3.1' was restored using '.NETFramework,Version=v4.6.1, .NETFramework,Version=v4.6.2, .NETFramework,Version=v4.7, .NETFramework,Version=v4.7.1, .NETFramework,Version=v4.7.2, .NETFramework,Version=v4.8, .NETFramework,Version=v4.8.1' instead of the project target framework 'net8.0'. This package may not be fully compatible with your project.
C:\Users\ultra\warewolf\Dev\Dev2.Runtime.Services\Dev2.Runtime.Services.csproj : warning NU1701: Package 'GroupControls 1.9.0' was restored using '.NETFramework,Version=v4.6.1, .NETFramework,Version=v4.6.2, .NETFramework,Version=v4.7, .NETFramework,Version=v4.7.1, .NETFramework,Version=v4.7.2, .NETFramework,Version=v4.8, .NETFramework,Version=v4.8.1' instead of the project target framework 'net8.0'. This package may not be fully compatible with your project.
C:\Users\ultra\warewolf\Dev\Dev2.Runtime.Services\Dev2.Runtime.Services.csproj : warning NU1701: Package 'ReactiveUI.WPF 18.4.1' was restored using '.NETFramework,Version=v4.6.1, .NETFramework,Version=v4.6.2, .NETFramework,Version=v4.7, .NETFramework,Version=v4.7.1, .NETFramework,Version=v4.7.2, .NETFramework,Version=v4.8, .NETFramework,Version=v4.8.1' instead of the project target framework 'net8.0'. This package may not be fully compatible with your project.
C:\Users\ultra\warewolf\Dev\Dev2.Runtime.Services\Dev2.Runtime.Services.csproj : warning NU1701: Package 'TaskSchedulerEditor 2.10.1' was restored using '.NETFramework,Version=v4.6.1, .NETFramework,Version=v4.6.2, .NETFramework,Version=v4.7, .NETFramework,Version=v4.7.1, .NETFramework,Version=v4.7.2, .NETFramework,Version=v4.8, .NETFramework,Version=v4.8.1' instead of the project target framework 'net8.0'. This package may not be fully compatible with your project.
C:\Users\ultra\warewolf\Dev\Warewolf.Security\Warewolf.Security.csproj : warning NU1904: Package 'System.Drawing.Common' 4.5.1 has a known critical severity vulnerability, https://github.com/advisories/GHSA-rxg9-xrhp-64gj
C:\Program Files\dotnet\sdk\10.0.201\Sdks\Microsoft.NET.Sdk\targets\Microsoft.NET.Sdk.DefaultItems.targets(162,5): warning NETSDK1137: It is no longer necessary to use the Microsoft.NET.Sdk.WindowsDesktop SDK. Consider changing the Sdk attribute of the root Project element to 'Microsoft.NET.Sdk'. [C:\Users\ultra\warewolf\Dev\Warewolf.Studio.Core\Warewolf.Studio.Core.csproj]
C:\Program Files\dotnet\sdk\10.0.201\Sdks\Microsoft.NET.Sdk.WindowsDesktop\targets\Microsoft.NET.Sdk.WindowsDesktop.targets(138,5): warning NETSDK1106: Microsoft.NET.Sdk.WindowsDesktop requires 'UseWpf' or 'UseWindowsForms' to be set to 'true' [C:\Users\ultra\warewolf\Dev\Warewolf.Studio.Core\Warewolf.Studio.Core.csproj]
C:\Users\ultra\warewolf\Dev\Warewolf.Studio.Core\Warewolf.Studio.Core.csproj : warning NU1701: Package 'AeroWizard 2.3.1' was restored using '.NETFramework,Version=v4.6.1, .NETFramework,Version=v4.6.2, .NETFramework,Version=v4.7, .NETFramework,Version=v4.7.1, .NETFramework,Version=v4.7.2, .NETFramework,Version=v4.8, .NETFramework,Version=v4.8.1' instead of the project target framework 'net8.0'. This package may not be fully compatible with your project.
C:\Users\ultra\warewolf\Dev\Warewolf.Studio.Core\Warewolf.Studio.Core.csproj : warning NU1701: Package 'GroupControls 1.9.0' was restored using '.NETFramework,Version=v4.6.1, .NETFramework,Version=v4.6.2, .NETFramework,Version=v4.7, .NETFramework,Version=v4.7.1, .NETFramework,Version=v4.7.2, .NETFramework,Version=v4.8, .NETFramework,Version=v4.8.1' instead of the project target framework 'net8.0'. This package may not be fully compatible with your project.
C:\Users\ultra\warewolf\Dev\Warewolf.Studio.Core\Warewolf.Studio.Core.csproj : warning NU1701: Package 'Microsoft.Xaml.Behaviors.Wpf 1.1.122' was restored using '.NETFramework,Version=v4.6.1, .NETFramework,Version=v4.6.2, .NETFramework,Version=v4.7, .NETFramework,Version=v4.7.1, .NETFramework,Version=v4.7.2, .NETFramework,Version=v4.8, .NETFramework,Version=v4.8.1' instead of the project target framework 'net8.0'. This package may not be fully compatible with your project.
C:\Users\ultra\warewolf\Dev\Warewolf.Studio.Core\Warewolf.Studio.Core.csproj : warning NU1701: Package 'Prism.Wpf 9.0.537' was restored using '.NETFramework,Version=v4.6.1, .NETFramework,Version=v4.6.2, .NETFramework,Version=v4.7, .NETFramework,Version=v4.7.1, .NETFramework,Version=v4.7.2, .NETFramework,Version=v4.8, .NETFramework,Version=v4.8.1' instead of the project target framework 'net8.0'. This package may not be fully compatible with your project.
C:\Users\ultra\warewolf\Dev\Warewolf.Studio.Core\Warewolf.Studio.Core.csproj : warning NU1701: Package 'ReactiveUI.WPF 18.4.1' was restored using '.NETFramework,Version=v4.6.1, .NETFramework,Version=v4.6.2, .NETFramework,Version=v4.7, .NETFramework,Version=v4.7.1, .NETFramework,Version=v4.7.2, .NETFramework,Version=v4.8, .NETFramework,Version=v4.8.1' instead of the project target framework 'net8.0'. This package may not be fully compatible with your project.
C:\Users\ultra\warewolf\Dev\Warewolf.Studio.Core\Warewolf.Studio.Core.csproj : warning NU1701: Package 'TaskSchedulerEditor 2.10.1' was restored using '.NETFramework,Version=v4.6.1, .NETFramework,Version=v4.6.2, .NETFramework,Version=v4.7, .NETFramework,Version=v4.7.1, .NETFramework,Version=v4.7.2, .NETFramework,Version=v4.8, .NETFramework,Version=v4.8.1' instead of the project target framework 'net8.0'. This package may not be fully compatible with your project.
C:\Users\ultra\warewolf\Dev\Warewolf.Common.NetStandard20\Warewolf.Common.NetStandard20.csproj : warning NU1701: Package 'AeroWizard 2.3.1' was restored using '.NETFramework,Version=v4.6.1, .NETFramework,Version=v4.6.2, .NETFramework,Version=v4.7, .NETFramework,Version=v4.7.1, .NETFramework,Version=v4.7.2, .NETFramework,Version=v4.8, .NETFramework,Version=v4.8.1' instead of the project target framework 'net8.0'. This package may not be fully compatible with your project.
C:\Users\ultra\warewolf\Dev\Warewolf.Common.NetStandard20\Warewolf.Common.NetStandard20.csproj : warning NU1701: Package 'GroupControls 1.9.0' was restored using '.NETFramework,Version=v4.6.1, .NETFramework,Version=v4.6.2, .NETFramework,Version=v4.7, .NETFramework,Version=v4.7.1, .NETFramework,Version=v4.7.2, .NETFramework,Version=v4.8, .NETFramework,Version=v4.8.1' instead of the project target framework 'net8.0'. This package may not be fully compatible with your project.
C:\Users\ultra\warewolf\Dev\Warewolf.Common.NetStandard20\Warewolf.Common.NetStandard20.csproj : warning NU1701: Package 'ReactiveUI.WPF 18.4.1' was restored using '.NETFramework,Version=v4.6.1, .NETFramework,Version=v4.6.2, .NETFramework,Version=v4.7, .NETFramework,Version=v4.7.1, .NETFramework,Version=v4.7.2, .NETFramework,Version=v4.8, .NETFramework,Version=v4.8.1' instead of the project target framework 'net8.0'. This package may not be fully compatible with your project.
C:\Users\ultra\warewolf\Dev\Warewolf.Common.NetStandard20\Warewolf.Common.NetStandard20.csproj : warning NU1701: Package 'TaskSchedulerEditor 2.10.1' was restored using '.NETFramework,Version=v4.6.1, .NETFramework,Version=v4.6.2, .NETFramework,Version=v4.7, .NETFramework,Version=v4.7.1, .NETFramework,Version=v4.7.2, .NETFramework,Version=v4.8, .NETFramework,Version=v4.8.1' instead of the project target framework 'net8.0'. This package may not be fully compatible with your project.
  Warewolf.Weave -> C:\Users\ultra\warewolf\Dev\Warewolf.Weave\bin\Debug\net8.0\Warewolf.Weave.dll
C:\Users\ultra\warewolf\Dev\Dev2.TaskScheduler.Wrappers\Dev2.TaskScheduler.Wrappers.csproj : warning NU1701: Package 'AeroWizard 2.3.1' was restored using '.NETFramework,Version=v4.6.1, .NETFramework,Version=v4.6.2, .NETFramework,Version=v4.7, .NETFramework,Version=v4.7.1, .NETFramework,Version=v4.7.2, .NETFramework,Version=v4.8, .NETFramework,Version=v4.8.1' instead of the project target framework 'net8.0'. This package may not be fully compatible with your project.
C:\Users\ultra\warewolf\Dev\Warewolf.Auditing\Warewolf.Auditing.csproj : warning NU1701: Package 'AeroWizard 2.3.1' was restored using '.NETFramework,Version=v4.6.1, .NETFramework,Version=v4.6.2, .NETFramework,Version=v4.7, .NETFramework,Version=v4.7.1, .NETFramework,Version=v4.7.2, .NETFramework,Version=v4.8, .NETFramework,Version=v4.8.1' instead of the project target framework 'net8.0'. This package may not be fully compatible with your project.
C:\Users\ultra\warewolf\Dev\Dev2.TaskScheduler.Wrappers\Dev2.TaskScheduler.Wrappers.csproj : warning NU1701: Package 'GroupControls 1.9.0' was restored using '.NETFramework,Version=v4.6.1, .NETFramework,Version=v4.6.2, .NETFramework,Version=v4.7, .NETFramework,Version=v4.7.1, .NETFramework,Version=v4.7.2, .NETFramework,Version=v4.8, .NETFramework,Version=v4.8.1' instead of the project target framework 'net8.0'. This package may not be fully compatible with your project.
C:\Users\ultra\warewolf\Dev\Dev2.TaskScheduler.Wrappers\Dev2.TaskScheduler.Wrappers.csproj : warning NU1701: Package 'TaskSchedulerEditor 2.10.1' was restored using '.NETFramework,Version=v4.6.1, .NETFramework,Version=v4.6.2, .NETFramework,Version=v4.7, .NETFramework,Version=v4.7.1, .NETFramework,Version=v4.7.2, .NETFramework,Version=v4.8, .NETFramework,Version=v4.8.1' instead of the project target framework 'net8.0'. This package may not be fully compatible with your project.
C:\Users\ultra\warewolf\Dev\Warewolf.Auditing\Warewolf.Auditing.csproj : warning NU1701: Package 'GroupControls 1.9.0' was restored using '.NETFramework,Version=v4.6.1, .NETFramework,Version=v4.6.2, .NETFramework,Version=v4.7, .NETFramework,Version=v4.7.1, .NETFramework,Version=v4.7.2, .NETFramework,Version=v4.8, .NETFramework,Version=v4.8.1' instead of the project target framework 'net8.0'. This package may not be fully compatible with your project.
C:\Users\ultra\warewolf\Dev\Warewolf.Auditing\Warewolf.Auditing.csproj : warning NU1701: Package 'ReactiveUI.WPF 18.4.1' was restored using '.NETFramework,Version=v4.6.1, .NETFramework,Version=v4.6.2, .NETFramework,Version=v4.7, .NETFramework,Version=v4.7.1, .NETFramework,Version=v4.7.2, .NETFramework,Version=v4.8, .NETFramework,Version=v4.8.1' instead of the project target framework 'net8.0'. This package may not be fully compatible with your project.
C:\Users\ultra\warewolf\Dev\Warewolf.Auditing\Warewolf.Auditing.csproj : warning NU1701: Package 'TaskSchedulerEditor 2.10.1' was restored using '.NETFramework,Version=v4.6.1, .NETFramework,Version=v4.6.2, .NETFramework,Version=v4.7, .NETFramework,Version=v4.7.1, .NETFramework,Version=v4.7.2, .NETFramework,Version=v4.8, .NETFramework,Version=v4.8.1' instead of the project target framework 'net8.0'. This package may not be fully compatible with your project.
C:\Users\ultra\warewolf\Dev\Dev2.Services.Sql\Dev2.Services.Sql.csproj : warning NU1903: Package 'Oracle.ManagedDataAccess.Core' 3.21.70 has a known high severity vulnerability, https://github.com/advisories/GHSA-5pm2-9mr2-3frq
C:\Users\ultra\warewolf\Dev\Dev2.Services.Sql\Dev2.Services.Sql.csproj : warning NU1701: Package 'AeroWizard 2.3.1' was restored using '.NETFramework,Version=v4.6.1, .NETFramework,Version=v4.6.2, .NETFramework,Version=v4.7, .NETFramework,Version=v4.7.1, .NETFramework,Version=v4.7.2, .NETFramework,Version=v4.8, .NETFramework,Version=v4.8.1' instead of the project target framework 'net8.0'. This package may not be fully compatible with your project.
C:\Users\ultra\warewolf\Dev\Dev2.Services.Sql\Dev2.Services.Sql.csproj : warning NU1701: Package 'GroupControls 1.9.0' was restored using '.NETFramework,Version=v4.6.1, .NETFramework,Version=v4.6.2, .NETFramework,Version=v4.7, .NETFramework,Version=v4.7.1, .NETFramework,Version=v4.7.2, .NETFramework,Version=v4.8, .NETFramework,Version=v4.8.1' instead of the project target framework 'net8.0'. This package may not be fully compatible with your project.
C:\Users\ultra\warewolf\Dev\Dev2.Services.Sql\Dev2.Services.Sql.csproj : warning NU1701: Package 'ReactiveUI.WPF 18.4.1' was restored using '.NETFramework,Version=v4.6.1, .NETFramework,Version=v4.6.2, .NETFramework,Version=v4.7, .NETFramework,Version=v4.7.1, .NETFramework,Version=v4.7.2, .NETFramework,Version=v4.8, .NETFramework,Version=v4.8.1' instead of the project target framework 'net8.0'. This package may not be fully compatible with your project.
C:\Users\ultra\warewolf\Dev\Dev2.Services.Sql\Dev2.Services.Sql.csproj : warning NU1701: Package 'TaskSchedulerEditor 2.10.1' was restored using '.NETFramework,Version=v4.6.1, .NETFramework,Version=v4.6.2, .NETFramework,Version=v4.7, .NETFramework,Version=v4.7.1, .NETFramework,Version=v4.7.2, .NETFramework,Version=v4.8, .NETFramework,Version=v4.8.1' instead of the project target framework 'net8.0'. This package may not be fully compatible with your project.
C:\Users\ultra\warewolf\Dev\Dev2.Util\Dev2.Util.csproj : warning NU1903: Package 'Microsoft.Windows.Compatibility' 6.0.0 has a known high severity vulnerability, https://github.com/advisories/GHSA-555c-2p6r-68mm
C:\Users\ultra\warewolf\Dev\Dev2.Util\Dev2.Util.csproj : warning NU1701: Package 'AeroWizard 2.3.1' was restored using '.NETFramework,Version=v4.6.1, .NETFramework,Version=v4.6.2, .NETFramework,Version=v4.7, .NETFramework,Version=v4.7.1, .NETFramework,Version=v4.7.2, .NETFramework,Version=v4.8, .NETFramework,Version=v4.8.1' instead of the project target framework 'net8.0'. This package may not be fully compatible with your project.
C:\Users\ultra\warewolf\Dev\Dev2.Util\Dev2.Util.csproj : warning NU1701: Package 'GroupControls 1.9.0' was restored using '.NETFramework,Version=v4.6.1, .NETFramework,Version=v4.6.2, .NETFramework,Version=v4.7, .NETFramework,Version=v4.7.1, .NETFramework,Version=v4.7.2, .NETFramework,Version=v4.8, .NETFramework,Version=v4.8.1' instead of the project target framework 'net8.0'. This package may not be fully compatible with your project.
C:\Users\ultra\warewolf\Dev\Dev2.Util\Dev2.Util.csproj : warning NU1701: Package 'TaskSchedulerEditor 2.10.1' was restored using '.NETFramework,Version=v4.6.1, .NETFramework,Version=v4.6.2, .NETFramework,Version=v4.7, .NETFramework,Version=v4.7.1, .NETFramework,Version=v4.7.2, .NETFramework,Version=v4.8, .NETFramework,Version=v4.8.1' instead of the project target framework 'net8.0'. This package may not be fully compatible with your project.
C:\Users\ultra\warewolf\Dev\Warewolf.Testing\Warewolf.Testing.csproj : warning NU1701: Package 'AeroWizard 2.3.1' was restored using '.NETFramework,Version=v4.6.1, .NETFramework,Version=v4.6.2, .NETFramework,Version=v4.7, .NETFramework,Version=v4.7.1, .NETFramework,Version=v4.7.2, .NETFramework,Version=v4.8, .NETFramework,Version=v4.8.1' instead of the project target framework 'net8.0'. This package may not be fully compatible with your project.
C:\Users\ultra\warewolf\Dev\Warewolf.Testing\Warewolf.Testing.csproj : warning NU1701: Package 'GroupControls 1.9.0' was restored using '.NETFramework,Version=v4.6.1, .NETFramework,Version=v4.6.2, .NETFramework,Version=v4.7, .NETFramework,Version=v4.7.1, .NETFramework,Version=v4.7.2, .NETFramework,Version=v4.8, .NETFramework,Version=v4.8.1' instead of the project target framework 'net8.0'. This package may not be fully compatible with your project.
C:\Users\ultra\warewolf\Dev\Warewolf.Testing\Warewolf.Testing.csproj : warning NU1701: Package 'Microsoft.Xaml.Behaviors.Wpf 1.1.122' was restored using '.NETFramework,Version=v4.6.1, .NETFramework,Version=v4.6.2, .NETFramework,Version=v4.7, .NETFramework,Version=v4.7.1, .NETFramework,Version=v4.7.2, .NETFramework,Version=v4.8, .NETFramework,Version=v4.8.1' instead of the project target framework 'net8.0'. This package may not be fully compatible with your project.
C:\Users\ultra\warewolf\Dev\Warewolf.Testing\Warewolf.Testing.csproj : warning NU1701: Package 'Prism.Wpf 9.0.537' was restored using '.NETFramework,Version=v4.6.1, .NETFramework,Version=v4.6.2, .NETFramework,Version=v4.7, .NETFramework,Version=v4.7.1, .NETFramework,Version=v4.7.2, .NETFramework,Version=v4.8, .NETFramework,Version=v4.8.1' instead of the project target framework 'net8.0'. This package may not be fully compatible with your project.
C:\Users\ultra\warewolf\Dev\Warewolf.Testing\Warewolf.Testing.csproj : warning NU1701: Package 'ReactiveUI.WPF 18.4.1' was restored using '.NETFramework,Version=v4.6.1, .NETFramework,Version=v4.6.2, .NETFramework,Version=v4.7, .NETFramework,Version=v4.7.1, .NETFramework,Version=v4.7.2, .NETFramework,Version=v4.8, .NETFramework,Version=v4.8.1' instead of the project target framework 'net8.0'. This package may not be fully compatible with your project.
C:\Users\ultra\warewolf\Dev\Warewolf.Testing\Warewolf.Testing.csproj : warning NU1701: Package 'TaskSchedulerEditor 2.10.1' was restored using '.NETFramework,Version=v4.6.1, .NETFramework,Version=v4.6.2, .NETFramework,Version=v4.7, .NETFramework,Version=v4.7.1, .NETFramework,Version=v4.7.2, .NETFramework,Version=v4.8, .NETFramework,Version=v4.8.1' instead of the project target framework 'net8.0'. This package may not be fully compatible with your project.
  GACManagerApi -> C:\Users\ultra\warewolf\Dev\GACManagerApi\bin\Debug\net8.0\GACManagerApi.dll
C:\Users\ultra\warewolf\Dev\Warewolf.Licensing\Warewolf.Licensing.csproj : warning NU1701: Package 'AeroWizard 2.3.1' was restored using '.NETFramework,Version=v4.6.1, .NETFramework,Version=v4.6.2, .NETFramework,Version=v4.7, .NETFramework,Version=v4.7.1, .NETFramework,Version=v4.7.2, .NETFramework,Version=v4.8, .NETFramework,Version=v4.8.1' instead of the project target framework 'net8.0'. This package may not be fully compatible with your project.
C:\Users\ultra\warewolf\Dev\Warewolf.Licensing\Warewolf.Licensing.csproj : warning NU1701: Package 'GroupControls 1.9.0' was restored using '.NETFramework,Version=v4.6.1, .NETFramework,Version=v4.6.2, .NETFramework,Version=v4.7, .NETFramework,Version=v4.7.1, .NETFramework,Version=v4.7.2, .NETFramework,Version=v4.8, .NETFramework,Version=v4.8.1' instead of the project target framework 'net8.0'. This package may not be fully compatible with your project.
C:\Users\ultra\warewolf\Dev\Warewolf.Licensing\Warewolf.Licensing.csproj : warning NU1701: Package 'TaskSchedulerEditor 2.10.1' was restored using '.NETFramework,Version=v4.6.1, .NETFramework,Version=v4.6.2, .NETFramework,Version=v4.7, .NETFramework,Version=v4.7.1, .NETFramework,Version=v4.7.2, .NETFramework,Version=v4.8, .NETFramework,Version=v4.8.1' instead of the project target framework 'net8.0'. This package may not be fully compatible with your project.
C:\Users\ultra\warewolf\Dev\Warewolf.Interfaces\Data\ChatbotSettingsData.cs(20,23): warning CS0169: The field 'ChatbotSettingsData._encryptDataSource' is never used [C:\Users\ultra\warewolf\Dev\Warewolf.Interfaces\Warewolf.Interfaces.csproj]
C:\Users\ultra\warewolf\Dev\Warewolf.Interfaces\Auditing\SerializableException.cs(15,7): warning CS0414: The field 'SerializableException.HResult' is assigned but its value is never used [C:\Users\ultra\warewolf\Dev\Warewolf.Interfaces\Warewolf.Interfaces.csproj]
  Warewolf.Interfaces -> C:\Users\ultra\warewolf\Dev\Warewolf.Interfaces\bin\Debug\net8.0\Warewolf.Interfaces.dll
C:\Users\ultra\warewolf\Dev\Warewolf.Security\Encryption\AESThenHMAC.cs(168,34): warning SYSLIB0021: 'AesManaged' is obsolete: 'Derived cryptographic types are obsolete. Use the Create method on the base type instead.' (https://aka.ms/dotnet-warnings/SYSLIB0021) [C:\Users\ultra\warewolf\Dev\Warewolf.Security\Warewolf.Security.csproj]
C:\Users\ultra\warewolf\Dev\Warewolf.Security\Encryption\AESThenHMAC.cs(264,38): warning SYSLIB0021: 'AesManaged' is obsolete: 'Derived cryptographic types are obsolete. Use the Create method on the base type instead.' (https://aka.ms/dotnet-warnings/SYSLIB0021) [C:\Users\ultra\warewolf\Dev\Warewolf.Security\Warewolf.Security.csproj]
C:\Users\ultra\warewolf\Dev\Warewolf.Security\Encryption\AESThenHMAC.cs(331,36): warning SYSLIB0041: 'Rfc2898DeriveBytes.Rfc2898DeriveBytes(string, int, int)' is obsolete: 'The default hash algorithm and iteration counts in Rfc2898DeriveBytes constructors are outdated and insecure. Use a constructor that accepts the hash algorithm and the number of iterations.' (https://aka.ms/dotnet-warnings/SYSLIB0041) [C:\Users\ultra\warewolf\Dev\Warewolf.Security\Warewolf.Security.csproj]
C:\Users\ultra\warewolf\Dev\Warewolf.Security\Encryption\AESThenHMAC.cs(345,36): warning SYSLIB0041: 'Rfc2898DeriveBytes.Rfc2898DeriveBytes(string, int, int)' is obsolete: 'The default hash algorithm and iteration counts in Rfc2898DeriveBytes constructors are outdated and insecure. Use a constructor that accepts the hash algorithm and the number of iterations.' (https://aka.ms/dotnet-warnings/SYSLIB0041) [C:\Users\ultra\warewolf\Dev\Warewolf.Security\Warewolf.Security.csproj]
C:\Users\ultra\warewolf\Dev\Warewolf.Security\Encryption\AESThenHMAC.cs(393,36): warning SYSLIB0041: 'Rfc2898DeriveBytes.Rfc2898DeriveBytes(string, byte[], int)' is obsolete: 'The default hash algorithm and iteration counts in Rfc2898DeriveBytes constructors are outdated and insecure. Use a constructor that accepts the hash algorithm and the number of iterations.' (https://aka.ms/dotnet-warnings/SYSLIB0041) [C:\Users\ultra\warewolf\Dev\Warewolf.Security\Warewolf.Security.csproj]
C:\Users\ultra\warewolf\Dev\Warewolf.Security\Encryption\AESThenHMAC.cs(398,36): warning SYSLIB0041: 'Rfc2898DeriveBytes.Rfc2898DeriveBytes(string, byte[], int)' is obsolete: 'The default hash algorithm and iteration counts in Rfc2898DeriveBytes constructors are outdated and insecure. Use a constructor that accepts the hash algorithm and the number of iterations.' (https://aka.ms/dotnet-warnings/SYSLIB0041) [C:\Users\ultra\warewolf\Dev\Warewolf.Security\Warewolf.Security.csproj]
  Warewolf.Security -> C:\Users\ultra\warewolf\Dev\Warewolf.Security\bin\Debug\net8.0\Warewolf.Security.dll
C:\Users\ultra\warewolf\Dev\Dev2.Runtime.WebServer\Dev2.Runtime.WebServer.csproj : warning NU1902: Package 'System.IdentityModel.Tokens.Jwt' 5.1.0 has a known moderate severity vulnerability, https://github.com/advisories/GHSA-59j7-ghrg-fj52
C:\Users\ultra\warewolf\Dev\Dev2.Runtime.WebServer\Dev2.Runtime.WebServer.csproj : warning NU1701: Package 'AeroWizard 2.3.1' was restored using '.NETFramework,Version=v4.6.1, .NETFramework,Version=v4.6.2, .NETFramework,Version=v4.7, .NETFramework,Version=v4.7.1, .NETFramework,Version=v4.7.2, .NETFramework,Version=v4.8, .NETFramework,Version=v4.8.1' instead of the project target framework 'net8.0'. This package may not be fully compatible with your project.
C:\Users\ultra\warewolf\Dev\Dev2.Runtime.WebServer\Dev2.Runtime.WebServer.csproj : warning NU1701: Package 'GroupControls 1.9.0' was restored using '.NETFramework,Version=v4.6.1, .NETFramework,Version=v4.6.2, .NETFramework,Version=v4.7, .NETFramework,Version=v4.7.1, .NETFramework,Version=v4.7.2, .NETFramework,Version=v4.8, .NETFramework,Version=v4.8.1' instead of the project target framework 'net8.0'. This package may not be fully compatible with your project.
C:\Users\ultra\warewolf\Dev\Dev2.Runtime.WebServer\Dev2.Runtime.WebServer.csproj : warning NU1701: Package 'Microsoft.Xaml.Behaviors.Wpf 1.1.122' was restored using '.NETFramework,Version=v4.6.1, .NETFramework,Version=v4.6.2, .NETFramework,Version=v4.7, .NETFramework,Version=v4.7.1, .NETFramework,Version=v4.7.2, .NETFramework,Version=v4.8, .NETFramework,Version=v4.8.1' instead of the project target framework 'net8.0'. This package may not be fully compatible with your project.
C:\Users\ultra\warewolf\Dev\Dev2.Runtime.WebServer\Dev2.Runtime.WebServer.csproj : warning NU1701: Package 'Prism.Wpf 9.0.537' was restored using '.NETFramework,Version=v4.6.1, .NETFramework,Version=v4.6.2, .NETFramework,Version=v4.7, .NETFramework,Version=v4.7.1, .NETFramework,Version=v4.7.2, .NETFramework,Version=v4.8, .NETFramework,Version=v4.8.1' instead of the project target framework 'net8.0'. This package may not be fully compatible with your project.
C:\Users\ultra\warewolf\Dev\Dev2.Runtime.WebServer\Dev2.Runtime.WebServer.csproj : warning NU1701: Package 'ReactiveUI.WPF 18.4.1' was restored using '.NETFramework,Version=v4.6.1, .NETFramework,Version=v4.6.2, .NETFramework,Version=v4.7, .NETFramework,Version=v4.7.1, .NETFramework,Version=v4.7.2, .NETFramework,Version=v4.8, .NETFramework,Version=v4.8.1' instead of the project target framework 'net8.0'. This package may not be fully compatible with your project.
C:\Users\ultra\warewolf\Dev\Dev2.Runtime.WebServer\Dev2.Runtime.WebServer.csproj : warning NU1701: Package 'TaskSchedulerEditor 2.10.1' was restored using '.NETFramework,Version=v4.6.1, .NETFramework,Version=v4.6.2, .NETFramework,Version=v4.7, .NETFramework,Version=v4.7.1, .NETFramework,Version=v4.7.2, .NETFramework,Version=v4.8, .NETFramework,Version=v4.8.1' instead of the project target framework 'net8.0'. This package may not be fully compatible with your project.
  Dev2.Net6.Compatibility -> C:\Users\ultra\warewolf\Dev\Dev2.Net6.Compatibility\bin\Debug\net8.0\Dev2.Net6.Compatibility.dll
  Dev2.SignalR.Wrappers.Interfaces -> C:\Users\ultra\warewolf\Dev\Dev2.SignalR.Wrappers\bin\Debug\net8.0\Dev2.SignalR.Wrappers.dll
C:\Users\ultra\warewolf\Dev\Warewolf.Sharepoint\Warewolf.Sharepoint.csproj : warning NU1701: Package 'AeroWizard 2.3.1' was restored using '.NETFramework,Version=v4.6.1, .NETFramework,Version=v4.6.2, .NETFramework,Version=v4.7, .NETFramework,Version=v4.7.1, .NETFramework,Version=v4.7.2, .NETFramework,Version=v4.8, .NETFramework,Version=v4.8.1' instead of the project target framework 'net8.0'. This package may not be fully compatible with your project.
C:\Users\ultra\warewolf\Dev\Warewolf.Sharepoint\Warewolf.Sharepoint.csproj : warning NU1701: Package 'GroupControls 1.9.0' was restored using '.NETFramework,Version=v4.6.1, .NETFramework,Version=v4.6.2, .NETFramework,Version=v4.7, .NETFramework,Version=v4.7.1, .NETFramework,Version=v4.7.2, .NETFramework,Version=v4.8, .NETFramework,Version=v4.8.1' instead of the project target framework 'net8.0'. This package may not be fully compatible with your project.
C:\Users\ultra\warewolf\Dev\Warewolf.Sharepoint\Warewolf.Sharepoint.csproj : warning NU1701: Package 'ReactiveUI.WPF 18.4.1' was restored using '.NETFramework,Version=v4.6.1, .NETFramework,Version=v4.6.2, .NETFramework,Version=v4.7, .NETFramework,Version=v4.7.1, .NETFramework,Version=v4.7.2, .NETFramework,Version=v4.8, .NETFramework,Version=v4.8.1' instead of the project target framework 'net8.0'. This package may not be fully compatible with your project.
C:\Users\ultra\warewolf\Dev\Warewolf.Sharepoint\Warewolf.Sharepoint.csproj : warning NU1701: Package 'TaskSchedulerEditor 2.10.1' was restored using '.NETFramework,Version=v4.6.1, .NETFramework,Version=v4.6.2, .NETFramework,Version=v4.7, .NETFramework,Version=v4.7.1, .NETFramework,Version=v4.7.2, .NETFramework,Version=v4.8, .NETFramework,Version=v4.8.1' instead of the project target framework 'net8.0'. This package may not be fully compatible with your project.
C:\Users\ultra\warewolf\Dev\Warewolf.AI.Harness\Warewolf.AI.Harness.csproj : warning NU1701: Package 'AeroWizard 2.3.1' was restored using '.NETFramework,Version=v4.6.1, .NETFramework,Version=v4.6.2, .NETFramework,Version=v4.7, .NETFramework,Version=v4.7.1, .NETFramework,Version=v4.7.2, .NETFramework,Version=v4.8, .NETFramework,Version=v4.8.1' instead of the project target framework 'net8.0'. This package may not be fully compatible with your project.
C:\Users\ultra\warewolf\Dev\Warewolf.AI.Harness\Warewolf.AI.Harness.csproj : warning NU1701: Package 'GroupControls 1.9.0' was restored using '.NETFramework,Version=v4.6.1, .NETFramework,Version=v4.6.2, .NETFramework,Version=v4.7, .NETFramework,Version=v4.7.1, .NETFramework,Version=v4.7.2, .NETFramework,Version=v4.8, .NETFramework,Version=v4.8.1' instead of the project target framework 'net8.0'. This package may not be fully compatible with your project.
C:\Users\ultra\warewolf\Dev\Warewolf.AI.Harness\Warewolf.AI.Harness.csproj : warning NU1701: Package 'TaskSchedulerEditor 2.10.1' was restored using '.NETFramework,Version=v4.6.1, .NETFramework,Version=v4.6.2, .NETFramework,Version=v4.7, .NETFramework,Version=v4.7.1, .NETFramework,Version=v4.7.2, .NETFramework,Version=v4.8, .NETFramework,Version=v4.8.1' instead of the project target framework 'net8.0'. This package may not be fully compatible with your project.
C:\Users\ultra\warewolf\Dev\Dev2.Studio.Core\Dev2.Studio.Core.csproj : warning NU1701: Package 'AeroWizard 2.3.1' was restored using '.NETFramework,Version=v4.6.1, .NETFramework,Version=v4.6.2, .NETFramework,Version=v4.7, .NETFramework,Version=v4.7.1, .NETFramework,Version=v4.7.2, .NETFramework,Version=v4.8, .NETFramework,Version=v4.8.1' instead of the project target framework 'net8.0'. This package may not be fully compatible with your project.
C:\Users\ultra\warewolf\Dev\Dev2.Studio.Core\Dev2.Studio.Core.csproj : warning NU1701: Package 'GroupControls 1.9.0' was restored using '.NETFramework,Version=v4.6.1, .NETFramework,Version=v4.6.2, .NETFramework,Version=v4.7, .NETFramework,Version=v4.7.1, .NETFramework,Version=v4.7.2, .NETFramework,Version=v4.8, .NETFramework,Version=v4.8.1' instead of the project target framework 'net8.0'. This package may not be fully compatible with your project.
C:\Users\ultra\warewolf\Dev\Dev2.Studio.Core\Dev2.Studio.Core.csproj : warning NU1701: Package 'Microsoft.Xaml.Behaviors.Wpf 1.1.122' was restored using '.NETFramework,Version=v4.6.1, .NETFramework,Version=v4.6.2, .NETFramework,Version=v4.7, .NETFramework,Version=v4.7.1, .NETFramework,Version=v4.7.2, .NETFramework,Version=v4.8, .NETFramework,Version=v4.8.1' instead of the project target framework 'net8.0'. This package may not be fully compatible with your project.
C:\Users\ultra\warewolf\Dev\Dev2.Studio.Core\Dev2.Studio.Core.csproj : warning NU1701: Package 'Prism.Wpf 9.0.537' was restored using '.NETFramework,Version=v4.6.1, .NETFramework,Version=v4.6.2, .NETFramework,Version=v4.7, .NETFramework,Version=v4.7.1, .NETFramework,Version=v4.7.2, .NETFramework,Version=v4.8, .NETFramework,Version=v4.8.1' instead of the project target framework 'net8.0'. This package may not be fully compatible with your project.
C:\Users\ultra\warewolf\Dev\Dev2.Studio.Core\Dev2.Studio.Core.csproj : warning NU1701: Package 'ReactiveUI.WPF 18.4.1' was restored using '.NETFramework,Version=v4.6.1, .NETFramework,Version=v4.6.2, .NETFramework,Version=v4.7, .NETFramework,Version=v4.7.1, .NETFramework,Version=v4.7.2, .NETFramework,Version=v4.8, .NETFramework,Version=v4.8.1' instead of the project target framework 'net8.0'. This package may not be fully compatible with your project.
C:\Users\ultra\warewolf\Dev\Dev2.Studio.Core\Dev2.Studio.Core.csproj : warning NU1701: Package 'TaskSchedulerEditor 2.10.1' was restored using '.NETFramework,Version=v4.6.1, .NETFramework,Version=v4.6.2, .NETFramework,Version=v4.7, .NETFramework,Version=v4.7.1, .NETFramework,Version=v4.7.2, .NETFramework,Version=v4.8, .NETFramework,Version=v4.8.1' instead of the project target framework 'net8.0'. This package may not be fully compatible with your project.
  Warewolf.ServiceDefinitions -> C:\Users\ultra\warewolf\Dev\Warewolf.ServiceDefinitions\bin\Debug\net8.0\Warewolf.ServiceDefinitions.dll
  Consider app.config remapping of assembly "System.Runtime.CompilerServices.Unsafe, Culture=neutral, PublicKeyToken=b03f5f7f11d50a3a" from Version "6.0.0.0" [] to Version "8.0.0.0" [C:\Program Files\dotnet\packs\Microsoft.NETCore.App.Ref\8.0.25\ref\net8.0\System.Runtime.CompilerServices.Unsafe.dll] to solve conflict and get rid of warning.
  Warewolf.Common.Interfaces.NetStandard20 -> C:\Users\ultra\warewolf\Dev\Warewolf.Common.Interfaces.NetStandard20\bin\Debug\net8.0\Warewolf.Common.Interfaces.NetStandard20.dll
C:\Users\ultra\warewolf\Dev\Warewolf.ResourceManagement\Warewolf.ResourceManagement.csproj : warning NU1701: Package 'AeroWizard 2.3.1' was restored using '.NETFramework,Version=v4.6.1, .NETFramework,Version=v4.6.2, .NETFramework,Version=v4.7, .NETFramework,Version=v4.7.1, .NETFramework,Version=v4.7.2, .NETFramework,Version=v4.8, .NETFramework,Version=v4.8.1' instead of the project target framework 'net8.0'. This package may not be fully compatible with your project.
C:\Users\ultra\warewolf\Dev\Warewolf.ResourceManagement\Warewolf.ResourceManagement.csproj : warning NU1701: Package 'GroupControls 1.9.0' was restored using '.NETFramework,Version=v4.6.1, .NETFramework,Version=v4.6.2, .NETFramework,Version=v4.7, .NETFramework,Version=v4.7.1, .NETFramework,Version=v4.7.2, .NETFramework,Version=v4.8, .NETFramework,Version=v4.8.1' instead of the project target framework 'net8.0'. This package may not be fully compatible with your project.
C:\Users\ultra\warewolf\Dev\Warewolf.ResourceManagement\Warewolf.ResourceManagement.csproj : warning NU1701: Package 'ReactiveUI.WPF 18.4.1' was restored using '.NETFramework,Version=v4.6.1, .NETFramework,Version=v4.6.2, .NETFramework,Version=v4.7, .NETFramework,Version=v4.7.1, .NETFramework,Version=v4.7.2, .NETFramework,Version=v4.8, .NETFramework,Version=v4.8.1' instead of the project target framework 'net8.0'. This package may not be fully compatible with your project.
C:\Users\ultra\warewolf\Dev\Warewolf.ResourceManagement\Warewolf.ResourceManagement.csproj : warning NU1701: Package 'TaskSchedulerEditor 2.10.1' was restored using '.NETFramework,Version=v4.6.1, .NETFramework,Version=v4.6.2, .NETFramework,Version=v4.7, .NETFramework,Version=v4.7.1, .NETFramework,Version=v4.7.2, .NETFramework,Version=v4.8, .NETFramework,Version=v4.8.1' instead of the project target framework 'net8.0'. This package may not be fully compatible with your project.
  Warewolf.Resource -> C:\Users\ultra\warewolf\Dev\Warewolf.Resource\bin\Debug\net8.0\Warewolf.Resource.dll
  Warewolf.Studio.Resources -> C:\Users\ultra\warewolf\Dev\Warewolf.Studio.Resources\bin\Debug\net8.0\Warewolf.Studio.Resources.dll
C:\Users\ultra\warewolf\Dev\Dev2.Studio.Interfaces\Dev2.Studio.Interfaces.csproj : warning NU1701: Package 'AeroWizard 2.3.1' was restored using '.NETFramework,Version=v4.6.1, .NETFramework,Version=v4.6.2, .NETFramework,Version=v4.7, .NETFramework,Version=v4.7.1, .NETFramework,Version=v4.7.2, .NETFramework,Version=v4.8, .NETFramework,Version=v4.8.1' instead of the project target framework 'net8.0'. This package may not be fully compatible with your project.
C:\Users\ultra\warewolf\Dev\Dev2.Studio.Interfaces\Dev2.Studio.Interfaces.csproj : warning NU1701: Package 'GroupControls 1.9.0' was restored using '.NETFramework,Version=v4.6.1, .NETFramework,Version=v4.6.2, .NETFramework,Version=v4.7, .NETFramework,Version=v4.7.1, .NETFramework,Version=v4.7.2, .NETFramework,Version=v4.8, .NETFramework,Version=v4.8.1' instead of the project target framework 'net8.0'. This package may not be fully compatible with your project.
C:\Users\ultra\warewolf\Dev\Dev2.Studio.Interfaces\Dev2.Studio.Interfaces.csproj : warning NU1701: Package 'Microsoft.Xaml.Behaviors.Wpf 1.1.122' was restored using '.NETFramework,Version=v4.6.1, .NETFramework,Version=v4.6.2, .NETFramework,Version=v4.7, .NETFramework,Version=v4.7.1, .NETFramework,Version=v4.7.2, .NETFramework,Version=v4.8, .NETFramework,Version=v4.8.1' instead of the project target framework 'net8.0'. This package may not be fully compatible with your project.
C:\Users\ultra\warewolf\Dev\Dev2.Studio.Interfaces\Dev2.Studio.Interfaces.csproj : warning NU1701: Package 'Prism.Wpf 9.0.537' was restored using '.NETFramework,Version=v4.6.1, .NETFramework,Version=v4.6.2, .NETFramework,Version=v4.7, .NETFramework,Version=v4.7.1, .NETFramework,Version=v4.7.2, .NETFramework,Version=v4.8, .NETFramework,Version=v4.8.1' instead of the project target framework 'net8.0'. This package may not be fully compatible with your project.
C:\Users\ultra\warewolf\Dev\Dev2.Studio.Interfaces\Dev2.Studio.Interfaces.csproj : warning NU1701: Package 'ReactiveUI.WPF 18.4.1' was restored using '.NETFramework,Version=v4.6.1, .NETFramework,Version=v4.6.2, .NETFramework,Version=v4.7, .NETFramework,Version=v4.7.1, .NETFramework,Version=v4.7.2, .NETFramework,Version=v4.8, .NETFramework,Version=v4.8.1' instead of the project target framework 'net8.0'. This package may not be fully compatible with your project.
C:\Users\ultra\warewolf\Dev\Dev2.Studio.Interfaces\Dev2.Studio.Interfaces.csproj : warning NU1701: Package 'TaskSchedulerEditor 2.10.1' was restored using '.NETFramework,Version=v4.6.1, .NETFramework,Version=v4.6.2, .NETFramework,Version=v4.7, .NETFramework,Version=v4.7.1, .NETFramework,Version=v4.7.2, .NETFramework,Version=v4.8, .NETFramework,Version=v4.8.1' instead of the project target framework 'net8.0'. This package may not be fully compatible with your project.
  Warewolf.Driver.Redis -> C:\Users\ultra\warewolf\Dev\Warewolf.Driver.Redis\bin\Debug\net8.0\Warewolf.Driver.Redis.dll
  Warewolf.Driver.RabbitMQ -> C:\Users\ultra\warewolf\Dev\Warewolf.Driver.RabbitMQ\bin\Debug\net8.0\Warewolf.Driver.RabbitMQ.dll
C:\Users\ultra\warewolf\Dev\Dev2.Services.Execution\Dev2.Services.Execution.csproj : warning NU1701: Package 'AeroWizard 2.3.1' was restored using '.NETFramework,Version=v4.6.1, .NETFramework,Version=v4.6.2, .NETFramework,Version=v4.7, .NETFramework,Version=v4.7.1, .NETFramework,Version=v4.7.2, .NETFramework,Version=v4.8, .NETFramework,Version=v4.8.1' instead of the project target framework 'net8.0'. This package may not be fully compatible with your project.
C:\Users\ultra\warewolf\Dev\Dev2.Services.Execution\Dev2.Services.Execution.csproj : warning NU1701: Package 'GroupControls 1.9.0' was restored using '.NETFramework,Version=v4.6.1, .NETFramework,Version=v4.6.2, .NETFramework,Version=v4.7, .NETFramework,Version=v4.7.1, .NETFramework,Version=v4.7.2, .NETFramework,Version=v4.8, .NETFramework,Version=v4.8.1' instead of the project target framework 'net8.0'. This package may not be fully compatible with your project.
C:\Users\ultra\warewolf\Dev\Dev2.Services.Execution\Dev2.Services.Execution.csproj : warning NU1701: Package 'ReactiveUI.WPF 18.4.1' was restored using '.NETFramework,Version=v4.6.1, .NETFramework,Version=v4.6.2, .NETFramework,Version=v4.7, .NETFramework,Version=v4.7.1, .NETFramework,Version=v4.7.2, .NETFramework,Version=v4.8, .NETFramework,Version=v4.8.1' instead of the project target framework 'net8.0'. This package may not be fully compatible with your project.
C:\Users\ultra\warewolf\Dev\Dev2.Services.Execution\Dev2.Services.Execution.csproj : warning NU1701: Package 'TaskSchedulerEditor 2.10.1' was restored using '.NETFramework,Version=v4.6.1, .NETFramework,Version=v4.6.2, .NETFramework,Version=v4.7, .NETFramework,Version=v4.7.1, .NETFramework,Version=v4.7.2, .NETFramework,Version=v4.8, .NETFramework,Version=v4.8.1' instead of the project target framework 'net8.0'. This package may not be fully compatible with your project.
C:\Users\ultra\warewolf\Dev\Warewolf.Exchange.Email.Wrapper\Warewolf.Exchange.Email.Wrapper.csproj : warning NU1701: Package 'AeroWizard 2.3.1' was restored using '.NETFramework,Version=v4.6.1, .NETFramework,Version=v4.6.2, .NETFramework,Version=v4.7, .NETFramework,Version=v4.7.1, .NETFramework,Version=v4.7.2, .NETFramework,Version=v4.8, .NETFramework,Version=v4.8.1' instead of the project target framework 'net8.0'. This package may not be fully compatible with your project.
C:\Users\ultra\warewolf\Dev\Warewolf.Exchange.Email.Wrapper\Warewolf.Exchange.Email.Wrapper.csproj : warning NU1701: Package 'GroupControls 1.9.0' was restored using '.NETFramework,Version=v4.6.1, .NETFramework,Version=v4.6.2, .NETFramework,Version=v4.7, .NETFramework,Version=v4.7.1, .NETFramework,Version=v4.7.2, .NETFramework,Version=v4.8, .NETFramework,Version=v4.8.1' instead of the project target framework 'net8.0'. This package may not be fully compatible with your project.
C:\Users\ultra\warewolf\Dev\Warewolf.Exchange.Email.Wrapper\Warewolf.Exchange.Email.Wrapper.csproj : warning NU1701: Package 'ReactiveUI.WPF 18.4.1' was restored using '.NETFramework,Version=v4.6.1, .NETFramework,Version=v4.6.2, .NETFramework,Version=v4.7, .NETFramework,Version=v4.7.1, .NETFramework,Version=v4.7.2, .NETFramework,Version=v4.8, .NETFramework,Version=v4.8.1' instead of the project target framework 'net8.0'. This package may not be fully compatible with your project.
C:\Users\ultra\warewolf\Dev\Warewolf.Exchange.Email.Wrapper\Warewolf.Exchange.Email.Wrapper.csproj : warning NU1701: Package 'TaskSchedulerEditor 2.10.1' was restored using '.NETFramework,Version=v4.6.1, .NETFramework,Version=v4.6.2, .NETFramework,Version=v4.7, .NETFramework,Version=v4.7.1, .NETFramework,Version=v4.7.2, .NETFramework,Version=v4.8, .NETFramework,Version=v4.8.1' instead of the project target framework 'net8.0'. This package may not be fully compatible with your project.
C:\Users\ultra\warewolf\Dev\Warewolf.Common.Framework48\Warewolf.Common.Framework48.csproj : warning NU1902: Package 'System.IdentityModel.Tokens.Jwt' 5.1.0 has a known moderate severity vulnerability, https://github.com/advisories/GHSA-59j7-ghrg-fj52
C:\Users\ultra\warewolf\Dev\Warewolf.Common.Framework48\Warewolf.Common.Framework48.csproj : warning NU1701: Package 'AeroWizard 2.3.1' was restored using '.NETFramework,Version=v4.6.1, .NETFramework,Version=v4.6.2, .NETFramework,Version=v4.7, .NETFramework,Version=v4.7.1, .NETFramework,Version=v4.7.2, .NETFramework,Version=v4.8, .NETFramework,Version=v4.8.1' instead of the project target framework 'net8.0'. This package may not be fully compatible with your project.
C:\Users\ultra\warewolf\Dev\Warewolf.Common.Framework48\Warewolf.Common.Framework48.csproj : warning NU1701: Package 'GroupControls 1.9.0' was restored using '.NETFramework,Version=v4.6.1, .NETFramework,Version=v4.6.2, .NETFramework,Version=v4.7, .NETFramework,Version=v4.7.1, .NETFramework,Version=v4.7.2, .NETFramework,Version=v4.8, .NETFramework,Version=v4.8.1' instead of the project target framework 'net8.0'. This package may not be fully compatible with your project.
C:\Users\ultra\warewolf\Dev\Warewolf.Common.Framework48\Warewolf.Common.Framework48.csproj : warning NU1701: Package 'Microsoft.Xaml.Behaviors.Wpf 1.1.122' was restored using '.NETFramework,Version=v4.6.1, .NETFramework,Version=v4.6.2, .NETFramework,Version=v4.7, .NETFramework,Version=v4.7.1, .NETFramework,Version=v4.7.2, .NETFramework,Version=v4.8, .NETFramework,Version=v4.8.1' instead of the project target framework 'net8.0'. This package may not be fully compatible with your project.
C:\Users\ultra\warewolf\Dev\Warewolf.Common.Framework48\Warewolf.Common.Framework48.csproj : warning NU1701: Package 'Prism.Wpf 9.0.537' was restored using '.NETFramework,Version=v4.6.1, .NETFramework,Version=v4.6.2, .NETFramework,Version=v4.7, .NETFramework,Version=v4.7.1, .NETFramework,Version=v4.7.2, .NETFramework,Version=v4.8, .NETFramework,Version=v4.8.1' instead of the project target framework 'net8.0'. This package may not be fully compatible with your project.
C:\Users\ultra\warewolf\Dev\Warewolf.Common.Framework48\Warewolf.Common.Framework48.csproj : warning NU1701: Package 'ReactiveUI.WPF 18.4.1' was restored using '.NETFramework,Version=v4.6.1, .NETFramework,Version=v4.6.2, .NETFramework,Version=v4.7, .NETFramework,Version=v4.7.1, .NETFramework,Version=v4.7.2, .NETFramework,Version=v4.8, .NETFramework,Version=v4.8.1' instead of the project target framework 'net8.0'. This package may not be fully compatible with your project.
C:\Users\ultra\warewolf\Dev\Warewolf.Common.Framework48\Warewolf.Common.Framework48.csproj : warning NU1701: Package 'TaskSchedulerEditor 2.10.1' was restored using '.NETFramework,Version=v4.6.1, .NETFramework,Version=v4.6.2, .NETFramework,Version=v4.7, .NETFramework,Version=v4.7.1, .NETFramework,Version=v4.7.2, .NETFramework,Version=v4.8, .NETFramework,Version=v4.8.1' instead of the project target framework 'net8.0'. This package may not be fully compatible with your project.
C:\Users\ultra\warewolf\Dev\Dev2.Common.Interfaces\Attribute\ReasonAttribute.cs(13,18): warning CC0023: Mark 'ReasonAttribute' as sealed. (https://code-cracker.github.io/diagnostics/CC0023.html) [C:\Users\ultra\warewolf\Dev\Dev2.Common.Interfaces\Dev2.Common.Interfaces.csproj]
C:\Users\ultra\warewolf\Dev\Dev2.Common.Interfaces\Wrappers\IDirectoryEntry.cs(190,35): warning CC0057: Parameter 'path' is not used. (https://code-cracker.github.io/diagnostics/CC0057.html) [C:\Users\ultra\warewolf\Dev\Dev2.Common.Interfaces\Dev2.Common.Interfaces.csproj]
C:\Users\ultra\warewolf\Dev\Dev2.Common.Interfaces\DllListing.cs(97,17): warning CC0105: Use 'var' instead of specifying the type name. (https://code-cracker.github.io/diagnostics/CC0105.html) [C:\Users\ultra\warewolf\Dev\Dev2.Common.Interfaces\Dev2.Common.Interfaces.csproj]
C:\Users\ultra\warewolf\Dev\Dev2.Common.Interfaces\DllListing.cs(98,17): warning CC0105: Use 'var' instead of specifying the type name. (https://code-cracker.github.io/diagnostics/CC0105.html) [C:\Users\ultra\warewolf\Dev\Dev2.Common.Interfaces\Dev2.Common.Interfaces.csproj]
C:\Users\ultra\warewolf\Dev\Dev2.Common.Interfaces\Runtime\Services\IStreamContentFactory.cs(48,21): warning CC0029: 'StreamContentWrapper' should call GC.SuppressFinalize inside the Dispose method. (https://code-cracker.github.io/diagnostics/CC0029.html) [C:\Users\ultra\warewolf\Dev\Dev2.Common.Interfaces\Dev2.Common.Interfaces.csproj]
  Dev2.Common.Interfaces -> C:\Users\ultra\warewolf\Dev\Dev2.Common.Interfaces\bin\Debug\net8.0\Dev2.Common.Interfaces.dll
  Warewolf.Parser.Interop -> C:\Users\ultra\warewolf\Dev\Warewolf.Parser.Interop\bin\Debug\net8.0\WarewolfParserInterop.dll
C:\Users\ultra\warewolf\Dev\Warewolf.Language.Parser\EvaluationFunctions.fs(277,15): warning FS3548: Pattern discard is not allowed for union case that takes no data. [C:\Users\ultra\warewolf\Dev\Warewolf.Language.Parser\Warewolf.Language.Parser.fsproj]
C:\Users\ultra\warewolf\Dev\Warewolf.Language.Parser\EvaluationFunctions.fs(305,15): warning FS3548: Pattern discard is not allowed for union case that takes no data. [C:\Users\ultra\warewolf\Dev\Warewolf.Language.Parser\Warewolf.Language.Parser.fsproj]
C:\Users\ultra\warewolf\Dev\Warewolf.Language.Parser\EvaluationFunctions.fs(748,21): warning FS3873: This construct is deprecated. Sequence expressions should be of the form 'seq { ... }' [C:\Users\ultra\warewolf\Dev\Warewolf.Language.Parser\Warewolf.Language.Parser.fsproj]
C:\Users\ultra\warewolf\Dev\Warewolf.Language.Parser\EvaluationFunctions.fs(751,28): warning FS3873: This construct is deprecated. Sequence expressions should be of the form 'seq { ... }' [C:\Users\ultra\warewolf\Dev\Warewolf.Language.Parser\Warewolf.Language.Parser.fsproj]
C:\Users\ultra\warewolf\Dev\Warewolf.Language.Parser\WarewolfDataEvaluationCommon.fs(593,21): warning FS3873: This construct is deprecated. Sequence expressions should be of the form 'seq { ... }' [C:\Users\ultra\warewolf\Dev\Warewolf.Language.Parser\Warewolf.Language.Parser.fsproj]
C:\Users\ultra\warewolf\Dev\Warewolf.Language.Parser\WarewolfDataEvaluationCommon.fs(596,28): warning FS3873: This construct is deprecated. Sequence expressions should be of the form 'seq { ... }' [C:\Users\ultra\warewolf\Dev\Warewolf.Language.Parser\Warewolf.Language.Parser.fsproj]
C:\Users\ultra\warewolf\Dev\Warewolf.Data\NamedInt.cs(160,21): warning CA2200: Re-throwing caught exception changes stack information (https://learn.microsoft.com/dotnet/fundamentals/code-analysis/quality-rules/ca2200) [C:\Users\ultra\warewolf\Dev\Warewolf.Data\Warewolf.Data.csproj]
  Warewolf.Data -> C:\Users\ultra\warewolf\Dev\Warewolf.Data\bin\Debug\net8.0\Warewolf.Data.dll
  Warewolf.Language.Parser -> C:\Users\ultra\warewolf\Dev\Warewolf.Language.Parser\bin\Debug\net8.0\Warewolf.Language.Parser.dll
  Warewolf.Storage.Interfaces -> C:\Users\ultra\warewolf\Dev\Warewolf.Storage.Interfaces\bin\Debug\net8.0\Warewolf.Storage.Interfaces.dll
  Warewolf.Common -> C:\Users\ultra\warewolf\Dev\Warewolf.Common\bin\Debug\net8.0\Warewolf.Common.dll
  Dev2.Data.Interfaces -> C:\Users\ultra\warewolf\Dev\Dev2.Data.Interfaces\bin\Debug\net8.0\Dev2.Data.Interfaces.dll
C:\Users\ultra\warewolf\Dev\Dev2.Common\ExtMethods\StringExtension.cs(302,13): warning CC0004: Empty Catch Block. (https://code-cracker.github.io/diagnostics/CC0004.html) [C:\Users\ultra\warewolf\Dev\Dev2.Common\Dev2.Common.csproj]
  Dev2.Common -> C:\Users\ultra\warewolf\Dev\Dev2.Common\bin\Debug\net8.0\Dev2.Common.dll
C:\Program Files\dotnet\sdk\10.0.201\Microsoft.Common.CurrentVersion.targets(2451,5): warning MSB3277: Found conflicts between different versions of "WindowsBase" that could not be resolved. [C:\Users\ultra\warewolf\Dev\Dev2.Development.Languages\Dev2.Development.Languages.csproj]
C:\Program Files\dotnet\sdk\10.0.201\Microsoft.Common.CurrentVersion.targets(2451,5): warning MSB3277: There was a conflict between "WindowsBase, Version=4.0.0.0, Culture=neutral, PublicKeyToken=31bf3856ad364e35" and "WindowsBase, Version=6.0.2.0, Culture=neutral, PublicKeyToken=31bf3856ad364e35". [C:\Users\ultra\warewolf\Dev\Dev2.Development.Languages\Dev2.Development.Languages.csproj]
C:\Program Files\dotnet\sdk\10.0.201\Microsoft.Common.CurrentVersion.targets(2451,5): warning MSB3277:     "WindowsBase, Version=4.0.0.0, Culture=neutral, PublicKeyToken=31bf3856ad364e35" was chosen because it was primary and "WindowsBase, Version=6.0.2.0, Culture=neutral, PublicKeyToken=31bf3856ad364e35" was not. [C:\Users\ultra\warewolf\Dev\Dev2.Development.Languages\Dev2.Development.Languages.csproj]
C:\Program Files\dotnet\sdk\10.0.201\Microsoft.Common.CurrentVersion.targets(2451,5): warning MSB3277:     References which depend on "WindowsBase, Version=4.0.0.0, Culture=neutral, PublicKeyToken=31bf3856ad364e35" [C:\Program Files\dotnet\packs\Microsoft.NETCore.App.Ref\8.0.25\ref\net8.0\WindowsBase.dll]. [C:\Users\ultra\warewolf\Dev\Dev2.Development.Languages\Dev2.Development.Languages.csproj]
C:\Program Files\dotnet\sdk\10.0.201\Microsoft.Common.CurrentVersion.targets(2451,5): warning MSB3277:         C:\Program Files\dotnet\packs\Microsoft.NETCore.App.Ref\8.0.25\ref\net8.0\WindowsBase.dll [C:\Users\ultra\warewolf\Dev\Dev2.Development.Languages\Dev2.Development.Languages.csproj]
C:\Program Files\dotnet\sdk\10.0.201\Microsoft.Common.CurrentVersion.targets(2451,5): warning MSB3277:           Project file item includes which caused reference "C:\Program Files\dotnet\packs\Microsoft.NETCore.App.Ref\8.0.25\ref\net8.0\WindowsBase.dll". [C:\Users\ultra\warewolf\Dev\Dev2.Development.Languages\Dev2.Development.Languages.csproj]
C:\Program Files\dotnet\sdk\10.0.201\Microsoft.Common.CurrentVersion.targets(2451,5): warning MSB3277:             C:\Program Files\dotnet\packs\Microsoft.NETCore.App.Ref\8.0.25\ref/net8.0/WindowsBase.dll [C:\Users\ultra\warewolf\Dev\Dev2.Development.Languages\Dev2.Development.Languages.csproj]
C:\Program Files\dotnet\sdk\10.0.201\Microsoft.Common.CurrentVersion.targets(2451,5): warning MSB3277:     References which depend on or have been unified to "WindowsBase, Version=6.0.2.0, Culture=neutral, PublicKeyToken=31bf3856ad364e35" []. [C:\Users\ultra\warewolf\Dev\Dev2.Development.Languages\Dev2.Development.Languages.csproj]
C:\Program Files\dotnet\sdk\10.0.201\Microsoft.Common.CurrentVersion.targets(2451,5): warning MSB3277:         C:\Users\ultra\.nuget\packages\caliburn.micro\4.0.212\lib\netcoreapp3.1\Caliburn.Micro.Platform.dll [C:\Users\ultra\warewolf\Dev\Dev2.Development.Languages\Dev2.Development.Languages.csproj]
C:\Program Files\dotnet\sdk\10.0.201\Microsoft.Common.CurrentVersion.targets(2451,5): warning MSB3277:           Project file item includes which caused reference "C:\Users\ultra\.nuget\packages\caliburn.micro\4.0.212\lib\netcoreapp3.1\Caliburn.Micro.Platform.dll". [C:\Users\ultra\warewolf\Dev\Dev2.Development.Languages\Dev2.Development.Languages.csproj]
C:\Program Files\dotnet\sdk\10.0.201\Microsoft.Common.CurrentVersion.targets(2451,5): warning MSB3277:             C:\Users\ultra\.nuget\packages\caliburn.micro\4.0.212\lib\netcoreapp3.1\Caliburn.Micro.Platform.dll [C:\Users\ultra\warewolf\Dev\Dev2.Development.Languages\Dev2.Development.Languages.csproj]
C:\Program Files\dotnet\sdk\10.0.201\Microsoft.Common.CurrentVersion.targets(2451,5): warning MSB3277:         C:\Users\ultra\.nuget\packages\ironpython\3.4.0\lib\net6.0\IronPython.Wpf.dll [C:\Users\ultra\warewolf\Dev\Dev2.Development.Languages\Dev2.Development.Languages.csproj]
C:\Program Files\dotnet\sdk\10.0.201\Microsoft.Common.CurrentVersion.targets(2451,5): warning MSB3277:           Project file item includes which caused reference "C:\Users\ultra\.nuget\packages\ironpython\3.4.0\lib\net6.0\IronPython.Wpf.dll". [C:\Users\ultra\warewolf\Dev\Dev2.Development.Languages\Dev2.Development.Languages.csproj]
C:\Program Files\dotnet\sdk\10.0.201\Microsoft.Common.CurrentVersion.targets(2451,5): warning MSB3277:             C:\Users\ultra\.nuget\packages\ironpython\3.4.0\lib\net6.0\IronPython.Wpf.dll [C:\Users\ultra\warewolf\Dev\Dev2.Development.Languages\Dev2.Development.Languages.csproj]
C:\Program Files\dotnet\sdk\10.0.201\Microsoft.Common.CurrentVersion.targets(2451,5): warning MSB3277:         C:\Users\ultra\.nuget\packages\microsoft.xaml.behaviors.wpf\1.1.19\lib\netcoreapp3.0\Microsoft.Xaml.Behaviors.dll [C:\Users\ultra\warewolf\Dev\Dev2.Development.Languages\Dev2.Development.Languages.csproj]
C:\Program Files\dotnet\sdk\10.0.201\Microsoft.Common.CurrentVersion.targets(2451,5): warning MSB3277:           Project file item includes which caused reference "C:\Users\ultra\.nuget\packages\microsoft.xaml.behaviors.wpf\1.1.19\lib\netcoreapp3.0\Microsoft.Xaml.Behaviors.dll". [C:\Users\ultra\warewolf\Dev\Dev2.Development.Languages\Dev2.Development.Languages.csproj]
C:\Program Files\dotnet\sdk\10.0.201\Microsoft.Common.CurrentVersion.targets(2451,5): warning MSB3277:             C:\Users\ultra\.nuget\packages\microsoft.xaml.behaviors.wpf\1.1.19\lib\netcoreapp3.0\Microsoft.Xaml.Behaviors.dll [C:\Users\ultra\warewolf\Dev\Dev2.Development.Languages\Dev2.Development.Languages.csproj]
C:\Program Files\dotnet\sdk\10.0.201\Microsoft.Common.CurrentVersion.targets(2451,5): warning MSB3277:             C:\Users\ultra\.nuget\packages\caliburn.micro\4.0.212\lib\netcoreapp3.1\Caliburn.Micro.Platform.dll [C:\Users\ultra\warewolf\Dev\Dev2.Development.Languages\Dev2.Development.Languages.csproj]
  Dev2.Util -> C:\Users\ultra\warewolf\Dev\Dev2.Util\bin\Debug\net8.0\Dev2.Util.dll
  Dev2.Development.Languages -> C:\Users\ultra\warewolf\Dev\Dev2.Development.Languages\bin\Debug\net8.0\Dev2.Development.Languages.dll
C:\Users\ultra\warewolf\Dev\Dev2.TaskScheduler.Wrappers\Dev2TaskEvent.cs(47,33): warning CA1416: This call site is reachable on all platforms. 'SecurityIdentifier.Value' is only supported on: 'windows'. (https://learn.microsoft.com/dotnet/fundamentals/code-analysis/quality-rules/ca1416) [C:\Users\ultra\warewolf\Dev\Dev2.TaskScheduler.Wrappers\Dev2.TaskScheduler.Wrappers.csproj]
  Dev2.TaskScheduler.Wrappers -> C:\Users\ultra\warewolf\Dev\Dev2.TaskScheduler.Wrappers\bin\Debug\net8.0\Dev2.TaskScheduler.Wrappers.dll
  Warewolf.Licensing -> C:\Users\ultra\warewolf\Dev\Warewolf.Licensing\bin\Debug\net8.0\Warewolf.Licensing.dll
  Dev2.CustomControls -> C:\Users\ultra\warewolf\Dev\Dev2.CustomControls\bin\Debug\net8.0\Dev2.CustomControls.dll
  Consider app.config remapping of assembly "Newtonsoft.Json, Culture=neutral, PublicKeyToken=30ad4fe6b2a6aeed" from Version "12.0.0.0" [] to Version "13.0.0.0" [C:\Users\ultra\.nuget\packages\newtonsoft.json\13.0.2\lib\net6.0\Newtonsoft.Json.dll] to solve conflict and get rid of warning.
  Dev2.Runtime.Configuration -> C:\Users\ultra\warewolf\Dev\Dev2.Runtime.Configuration\bin\Debug\net8.0\Dev2.Runtime.Configuration.dll
C:\Users\ultra\warewolf\Dev\Dev2.Diagnostics\Debug\DebugDispatcher.cs(209,35): warning CC0057: Parameter 'previous' is not used. (https://code-cracker.github.io/diagnostics/CC0057.html) [C:\Users\ultra\warewolf\Dev\Dev2.Diagnostics\Dev2.Diagnostics.csproj]
  Dev2.Diagnostics -> C:\Users\ultra\warewolf\Dev\Dev2.Diagnostics\bin\Debug\net8.0\Dev2.Diagnostics.dll
C:\Users\ultra\warewolf\Dev\Warewolf.AI.Harness\ChatbotApiService.cs(11,7): warning CS0105: The using directive for 'System.Text' appeared previously in this namespace [C:\Users\ultra\warewolf\Dev\Warewolf.AI.Harness\Warewolf.AI.Harness.csproj]
C:\Users\ultra\warewolf\Dev\Warewolf.AI.Harness\ChatbotApiService.cs(12,7): warning CS0105: The using directive for 'Newtonsoft.Json' appeared previously in this namespace [C:\Users\ultra\warewolf\Dev\Warewolf.AI.Harness\Warewolf.AI.Harness.csproj]
C:\Users\ultra\warewolf\Dev\Warewolf.AI.Harness\ChatbotApiService.cs(641,23): warning CS8618: Non-nullable property 'Model' must contain a non-null value when exiting constructor. Consider adding the 'required' modifier or declaring the property as nullable. [C:\Users\ultra\warewolf\Dev\Warewolf.AI.Harness\Warewolf.AI.Harness.csproj]
C:\Users\ultra\warewolf\Dev\Warewolf.AI.Harness\ChatbotApiService.cs(659,23): warning CS8618: Non-nullable property 'FinishReason' must contain a non-null value when exiting constructor. Consider adding the 'required' modifier or declaring the property as nullable. [C:\Users\ultra\warewolf\Dev\Warewolf.AI.Harness\Warewolf.AI.Harness.csproj]
C:\Users\ultra\warewolf\Dev\Warewolf.AI.Harness\ChatbotApiService.cs(201,34): warning CS8600: Converting null literal or possible null value to non-nullable type. [C:\Users\ultra\warewolf\Dev\Warewolf.AI.Harness\Warewolf.AI.Harness.csproj]
C:\Users\ultra\warewolf\Dev\Warewolf.AI.Harness\ChatbotApiService.cs(215,51): warning CS8602: Dereference of a possibly null reference. [C:\Users\ultra\warewolf\Dev\Warewolf.AI.Harness\Warewolf.AI.Harness.csproj]
C:\Users\ultra\warewolf\Dev\Warewolf.AI.Harness\ChatbotApiService.cs(218,25): warning CS8602: Dereference of a possibly null reference. [C:\Users\ultra\warewolf\Dev\Warewolf.AI.Harness\Warewolf.AI.Harness.csproj]
C:\Users\ultra\warewolf\Dev\Warewolf.AI.Harness\ChatbotApiService.cs(303,34): warning CS8600: Converting null literal or possible null value to non-nullable type. [C:\Users\ultra\warewolf\Dev\Warewolf.AI.Harness\Warewolf.AI.Harness.csproj]
C:\Users\ultra\warewolf\Dev\Warewolf.AI.Harness\ChatbotApiService.cs(312,51): warning CS8602: Dereference of a possibly null reference. [C:\Users\ultra\warewolf\Dev\Warewolf.AI.Harness\Warewolf.AI.Harness.csproj]
C:\Users\ultra\warewolf\Dev\Warewolf.AI.Harness\ChatbotApiService.cs(314,30): warning CS8602: Dereference of a possibly null reference. [C:\Users\ultra\warewolf\Dev\Warewolf.AI.Harness\Warewolf.AI.Harness.csproj]
C:\Users\ultra\warewolf\Dev\Warewolf.AI.Harness\ChatbotApiService.cs(477,32): warning CS8600: Converting null literal or possible null value to non-nullable type. [C:\Users\ultra\warewolf\Dev\Warewolf.AI.Harness\Warewolf.AI.Harness.csproj]
C:\Users\ultra\warewolf\Dev\Warewolf.AI.Harness\ChatbotApiService.cs(478,32): warning CS8600: Converting null literal or possible null value to non-nullable type. [C:\Users\ultra\warewolf\Dev\Warewolf.AI.Harness\Warewolf.AI.Harness.csproj]
C:\Users\ultra\warewolf\Dev\Warewolf.AI.Harness\ChatbotApiService.cs(481,73): warning CS8625: Cannot convert null literal to non-nullable reference type. [C:\Users\ultra\warewolf\Dev\Warewolf.AI.Harness\Warewolf.AI.Harness.csproj]
C:\Users\ultra\warewolf\Dev\Warewolf.AI.Harness\ChatbotApiService.cs(482,60): warning CS8604: Possible null reference argument for parameter 'authHeaderName' in 'HttpResponseMessage ChatbotApiService.PostWithAuth(string endpoint, object payload, string authHeaderName, string authHeaderValue, string additionalHeaders)'. [C:\Users\ultra\warewolf\Dev\Warewolf.AI.Harness\Warewolf.AI.Harness.csproj]
C:\Users\ultra\warewolf\Dev\Warewolf.AI.Harness\ChatbotApiService.cs(482,70): warning CS8604: Possible null reference argument for parameter 'authHeaderValue' in 'HttpResponseMessage ChatbotApiService.PostWithAuth(string endpoint, object payload, string authHeaderName, string authHeaderValue, string additionalHeaders)'. [C:\Users\ultra\warewolf\Dev\Warewolf.AI.Harness\Warewolf.AI.Harness.csproj]
C:\Users\ultra\warewolf\Dev\Warewolf.AI.Harness\ChatbotApiService.cs(482,81): warning CS8625: Cannot convert null literal to non-nullable reference type. [C:\Users\ultra\warewolf\Dev\Warewolf.AI.Harness\Warewolf.AI.Harness.csproj]
C:\Users\ultra\warewolf\Dev\Warewolf.AI.Harness\ChatbotApiService.cs(496,73): warning CS8625: Cannot convert null literal to non-nullable reference type. [C:\Users\ultra\warewolf\Dev\Warewolf.AI.Harness\Warewolf.AI.Harness.csproj]
C:\Users\ultra\warewolf\Dev\Warewolf.AI.Harness\ChatbotApiService.cs(497,81): warning CS8625: Cannot convert null literal to non-nullable reference type. [C:\Users\ultra\warewolf\Dev\Warewolf.AI.Harness\Warewolf.AI.Harness.csproj]
C:\Users\ultra\warewolf\Dev\Warewolf.AI.Harness\ChatbotApiService.cs(514,73): warning CS8625: Cannot convert null literal to non-nullable reference type. [C:\Users\ultra\warewolf\Dev\Warewolf.AI.Harness\Warewolf.AI.Harness.csproj]
C:\Users\ultra\warewolf\Dev\Warewolf.AI.Harness\ChatbotApiService.cs(515,114): warning CS8625: Cannot convert null literal to non-nullable reference type. [C:\Users\ultra\warewolf\Dev\Warewolf.AI.Harness\Warewolf.AI.Harness.csproj]
C:\Users\ultra\warewolf\Dev\Warewolf.AI.Harness\ChatbotApiService.cs(521,36): warning CS8600: Converting null literal or possible null value to non-nullable type. [C:\Users\ultra\warewolf\Dev\Warewolf.AI.Harness\Warewolf.AI.Harness.csproj]
C:\Users\ultra\warewolf\Dev\Warewolf.AI.Harness\ChatbotApiService.cs(538,82): warning CS8604: Possible null reference argument for parameter 'systemMessage' in 'Dictionary<string, object> ChatbotApiService.CreatePayload(string model, object messages, string systemMessage, bool useMaxCompletionTokens, bool includeTemperature)'. [C:\Users\ultra\warewolf\Dev\Warewolf.AI.Harness\Warewolf.AI.Harness.csproj]
C:\Users\ultra\warewolf\Dev\Warewolf.AI.Harness\ChatbotApiService.cs(545,35): warning CS8600: Converting null literal or possible null value to non-nullable type. [C:\Users\ultra\warewolf\Dev\Warewolf.AI.Harness\Warewolf.AI.Harness.csproj]
C:\Users\ultra\warewolf\Dev\Warewolf.AI.Harness\ChatbotApiService.cs(589,68): warning CS8625: Cannot convert null literal to non-nullable reference type. [C:\Users\ultra\warewolf\Dev\Warewolf.AI.Harness\Warewolf.AI.Harness.csproj]
C:\Users\ultra\warewolf\Dev\Warewolf.AI.Harness\ChatbotApiService.cs(589,74): warning CS8625: Cannot convert null literal to non-nullable reference type. [C:\Users\ultra\warewolf\Dev\Warewolf.AI.Harness\Warewolf.AI.Harness.csproj]
C:\Users\ultra\warewolf\Dev\Warewolf.AI.Harness\ChatbotApiService.cs(589,80): warning CS8625: Cannot convert null literal to non-nullable reference type. [C:\Users\ultra\warewolf\Dev\Warewolf.AI.Harness\Warewolf.AI.Harness.csproj]
  Warewolf.AI.Harness -> C:\Users\ultra\warewolf\Dev\Warewolf.AI.Harness\bin\Debug\net8.0\Warewolf.AI.Harness.dll
C:\Users\ultra\warewolf\Dev\Dev2.Infrastructure\PerformanceCounters\Management\WarewolfPerformanceCounterManager.cs(22,140): warning CC0057: Parameter 'register' is not used. (https://code-cracker.github.io/diagnostics/CC0057.html) [C:\Users\ultra\warewolf\Dev\Dev2.Infrastructure\Dev2.Infrastructure.csproj]
C:\Users\ultra\warewolf\Dev\Dev2.Infrastructure\PerformanceCounters\PerformanceCounterCategoryWrapper.cs(32,48): warning CA1416: This call site is reachable on all platforms. 'PerformanceCounterCategory.Delete(string)' is only supported on: 'windows'. (https://learn.microsoft.com/dotnet/fundamentals/code-analysis/quality-rules/ca1416) [C:\Users\ultra\warewolf\Dev\Dev2.Infrastructure\Dev2.Infrastructure.csproj]
C:\Users\ultra\warewolf\Dev\Dev2.Infrastructure\PerformanceCounters\PerformanceCounterCategoryWrapper.cs(38,29): warning CA1416: This call site is reachable on all platforms. 'PerformanceCounterCategory' is only supported on: 'windows'. (https://learn.microsoft.com/dotnet/fundamentals/code-analysis/quality-rules/ca1416) [C:\Users\ultra\warewolf\Dev\Dev2.Infrastructure\Dev2.Infrastructure.csproj]
C:\Users\ultra\warewolf\Dev\Dev2.Infrastructure\PerformanceCounters\PerformanceCounterCategoryWrapper.cs(33,48): warning CA1416: This call site is reachable on all platforms. 'PerformanceCounterCategory.Exists(string)' is only supported on: 'windows'. (https://learn.microsoft.com/dotnet/fundamentals/code-analysis/quality-rules/ca1416) [C:\Users\ultra\warewolf\Dev\Dev2.Infrastructure\Dev2.Infrastructure.csproj]
C:\Users\ultra\warewolf\Dev\Dev2.Infrastructure\PerformanceCounters\PerformanceCounterCategoryWrapper.cs(12,51): warning CA1416: This call site is reachable on all platforms. 'PerformanceCounterCategory.CounterExists(string)' is only supported on: 'windows'. (https://learn.microsoft.com/dotnet/fundamentals/code-analysis/quality-rules/ca1416) [C:\Users\ultra\warewolf\Dev\Dev2.Infrastructure\Dev2.Infrastructure.csproj]
C:\Users\ultra\warewolf\Dev\Dev2.Infrastructure\PerformanceCounters\Management\WarewolfPerformanceCounterManager.cs(67,83): warning CC0057: Parameter 'name' is not used. (https://code-cracker.github.io/diagnostics/CC0057.html) [C:\Users\ultra\warewolf\Dev\Dev2.Infrastructure\Dev2.Infrastructure.csproj]
C:\Users\ultra\warewolf\Dev\Dev2.Infrastructure\PerformanceCounters\PerformanceCounterCategoryWrapper.cs(29,13): warning CA1416: This call site is reachable on all platforms. 'PerformanceCounterCategory.Create(string, string, PerformanceCounterCategoryType, CounterCreationDataCollection)' is only supported on: 'windows'. (https://learn.microsoft.com/dotnet/fundamentals/code-analysis/quality-rules/ca1416) [C:\Users\ultra\warewolf\Dev\Dev2.Infrastructure\Dev2.Infrastructure.csproj]
C:\Users\ultra\warewolf\Dev\Dev2.Infrastructure\PerformanceCounters\PerformanceCounterCategoryWrapper.cs(19,45): warning CA1416: This call site is reachable on all platforms. 'CounterCreationData' is only supported on: 'windows'. (https://learn.microsoft.com/dotnet/fundamentals/code-analysis/quality-rules/ca1416) [C:\Users\ultra\warewolf\Dev\Dev2.Infrastructure\Dev2.Infrastructure.csproj]
C:\Users\ultra\warewolf\Dev\Dev2.Infrastructure\PerformanceCounters\PerformanceCounterCategoryWrapper.cs(25,21): warning CA1416: This call site is reachable on all platforms. 'CounterCreationDataCollection.Add(CounterCreationData)' is only supported on: 'windows'. (https://learn.microsoft.com/dotnet/fundamentals/code-analysis/quality-rules/ca1416) [C:\Users\ultra\warewolf\Dev\Dev2.Infrastructure\Dev2.Infrastructure.csproj]
C:\Users\ultra\warewolf\Dev\Dev2.Infrastructure\PerformanceCounters\PerformanceCounterCategoryWrapper.cs(29,71): warning CA1416: This call site is reachable on all platforms. 'PerformanceCounterCategoryType.MultiInstance' is only supported on: 'windows'. (https://learn.microsoft.com/dotnet/fundamentals/code-analysis/quality-rules/ca1416) [C:\Users\ultra\warewolf\Dev\Dev2.Infrastructure\Dev2.Infrastructure.csproj]
C:\Users\ultra\warewolf\Dev\Dev2.Infrastructure\PerformanceCounters\PerformanceCounterCategoryWrapper.cs(14,49): warning CA1416: This call site is reachable on all platforms. 'CounterCreationDataCollection' is only supported on: 'windows'. (https://learn.microsoft.com/dotnet/fundamentals/code-analysis/quality-rules/ca1416) [C:\Users\ultra\warewolf\Dev\Dev2.Infrastructure\Dev2.Infrastructure.csproj]
C:\Users\ultra\warewolf\Dev\Dev2.Infrastructure\PerformanceCounters\PerformanceCounterCategoryWrapper.cs(54,28): warning CA1416: This call site is reachable on all platforms. 'PerformanceCounterType.RateOfCountsPerSecond32' is only supported on: 'windows'. (https://learn.microsoft.com/dotnet/fundamentals/code-analysis/quality-rules/ca1416) [C:\Users\ultra\warewolf\Dev\Dev2.Infrastructure\Dev2.Infrastructure.csproj]
C:\Users\ultra\warewolf\Dev\Dev2.Infrastructure\PerformanceCounters\PerformanceCounterCategoryWrapper.cs(48,28): warning CA1416: This call site is reachable on all platforms. 'PerformanceCounterType.AverageBase' is only supported on: 'windows'. (https://learn.microsoft.com/dotnet/fundamentals/code-analysis/quality-rules/ca1416) [C:\Users\ultra\warewolf\Dev\Dev2.Infrastructure\Dev2.Infrastructure.csproj]
C:\Users\ultra\warewolf\Dev\Dev2.Infrastructure\PerformanceCounters\PerformanceCounterCategoryWrapper.cs(52,28): warning CA1416: This call site is reachable on all platforms. 'PerformanceCounterType.NumberOfItems32' is only supported on: 'windows'. (https://learn.microsoft.com/dotnet/fundamentals/code-analysis/quality-rules/ca1416) [C:\Users\ultra\warewolf\Dev\Dev2.Infrastructure\Dev2.Infrastructure.csproj]
C:\Users\ultra\warewolf\Dev\Dev2.Infrastructure\PerformanceCounters\PerformanceCounterCategoryWrapper.cs(50,28): warning CA1416: This call site is reachable on all platforms. 'PerformanceCounterType.AverageTimer32' is only supported on: 'windows'. (https://learn.microsoft.com/dotnet/fundamentals/code-analysis/quality-rules/ca1416) [C:\Users\ultra\warewolf\Dev\Dev2.Infrastructure\Dev2.Infrastructure.csproj]
C:\Users\ultra\warewolf\Dev\Dev2.Infrastructure\PerformanceCounters\Management\PerformanceCounterPersistence.cs(48,81): warning CC0057: Parameter 'resourcePerformanceCounters' is not used. (https://code-cracker.github.io/diagnostics/CC0057.html) [C:\Users\ultra\warewolf\Dev\Dev2.Infrastructure\Dev2.Infrastructure.csproj]
C:\Users\ultra\warewolf\Dev\Dev2.Infrastructure\Services\Security\MoqInstallerActions\InstallerActionsForDevelopment.cs(57,31): warning CA1416: This call site is reachable on all platforms. 'WindowsIdentity.GetCurrent(bool)' is only supported on: 'windows'. (https://learn.microsoft.com/dotnet/fundamentals/code-analysis/quality-rules/ca1416) [C:\Users\ultra\warewolf\Dev\Dev2.Infrastructure\Dev2.Infrastructure.csproj]
C:\Users\ultra\warewolf\Dev\Dev2.Infrastructure\Services\Security\MoqInstallerActions\InstallerActionsForDevelopment.cs(59,57): warning CA1416: This call site is reachable on all platforms. 'WindowsIdentity.Name' is only supported on: 'windows'. (https://learn.microsoft.com/dotnet/fundamentals/code-analysis/quality-rules/ca1416) [C:\Users\ultra\warewolf\Dev\Dev2.Infrastructure\Dev2.Infrastructure.csproj]
C:\Users\ultra\warewolf\Dev\Dev2.Infrastructure\Services\Security\SecuritySettings.cs(92,28): warning CC0022: HMACSHA256 should be disposed. (https://code-cracker.github.io/diagnostics/CC0022.html) [C:\Users\ultra\warewolf\Dev\Dev2.Infrastructure\Dev2.Infrastructure.csproj]
CSC : warning AD0001: Analyzer 'CodeCracker.CSharp.Design.UseInvokeMethodToFireEventAnalyzer' threw an exception of type 'System.ArgumentException' with message 'Syntax node is not within syntax tree'. [C:\Users\ultra\warewolf\Dev\Dev2.Infrastructure\Dev2.Infrastructure.csproj]
CSC : warning AD0001: Analyzer 'CodeCracker.CSharp.Design.UseInvokeMethodToFireEventAnalyzer' threw an exception of type 'System.ArgumentException' with message 'Syntax node is not within syntax tree'. [C:\Users\ultra\warewolf\Dev\Dev2.Infrastructure\Dev2.Infrastructure.csproj]
CSC : warning AD0001: Analyzer 'CodeCracker.CSharp.Design.UseInvokeMethodToFireEventAnalyzer' threw an exception of type 'System.ArgumentException' with message 'Syntax node is not within syntax tree'. [C:\Users\ultra\warewolf\Dev\Dev2.Infrastructure\Dev2.Infrastructure.csproj]
CSC : warning AD0001: Analyzer 'CodeCracker.CSharp.Design.UseInvokeMethodToFireEventAnalyzer' threw an exception of type 'System.ArgumentException' with message 'Syntax node is not within syntax tree'. [C:\Users\ultra\warewolf\Dev\Dev2.Infrastructure\Dev2.Infrastructure.csproj]
CSC : warning AD0001: Analyzer 'CodeCracker.CSharp.Design.UseInvokeMethodToFireEventAnalyzer' threw an exception of type 'System.ArgumentException' with message 'Syntax node is not within syntax tree'. [C:\Users\ultra\warewolf\Dev\Dev2.Infrastructure\Dev2.Infrastructure.csproj]
CSC : warning AD0001: Analyzer 'CodeCracker.CSharp.Design.UseInvokeMethodToFireEventAnalyzer' threw an exception of type 'System.ArgumentException' with message 'Syntax node is not within syntax tree'. [C:\Users\ultra\warewolf\Dev\Dev2.Infrastructure\Dev2.Infrastructure.csproj]
CSC : warning AD0001: Analyzer 'CodeCracker.CSharp.Design.UseInvokeMethodToFireEventAnalyzer' threw an exception of type 'System.ArgumentException' with message 'Syntax node is not within syntax tree'. [C:\Users\ultra\warewolf\Dev\Dev2.Infrastructure\Dev2.Infrastructure.csproj]
CSC : warning AD0001: Analyzer 'CodeCracker.CSharp.Design.UseInvokeMethodToFireEventAnalyzer' threw an exception of type 'System.ArgumentException' with message 'Syntax node is not within syntax tree'. [C:\Users\ultra\warewolf\Dev\Dev2.Infrastructure\Dev2.Infrastructure.csproj]
CSC : warning AD0001: Analyzer 'CodeCracker.CSharp.Design.UseInvokeMethodToFireEventAnalyzer' threw an exception of type 'System.ArgumentException' with message 'Syntax node is not within syntax tree'. [C:\Users\ultra\warewolf\Dev\Dev2.Infrastructure\Dev2.Infrastructure.csproj]
CSC : warning AD0001: Analyzer 'CodeCracker.CSharp.Design.UseInvokeMethodToFireEventAnalyzer' threw an exception of type 'System.ArgumentException' with message 'Syntax node is not within syntax tree'. [C:\Users\ultra\warewolf\Dev\Dev2.Infrastructure\Dev2.Infrastructure.csproj]
CSC : warning AD0001: Analyzer 'CodeCracker.CSharp.Design.UseInvokeMethodToFireEventAnalyzer' threw an exception of type 'System.ArgumentException' with message 'Syntax node is not within syntax tree'. [C:\Users\ultra\warewolf\Dev\Dev2.Infrastructure\Dev2.Infrastructure.csproj]
CSC : warning AD0001: Analyzer 'CodeCracker.CSharp.Design.UseInvokeMethodToFireEventAnalyzer' threw an exception of type 'System.ArgumentException' with message 'Syntax node is not within syntax tree'. [C:\Users\ultra\warewolf\Dev\Dev2.Infrastructure\Dev2.Infrastructure.csproj]
CSC : warning AD0001: Analyzer 'CodeCracker.CSharp.Design.UseInvokeMethodToFireEventAnalyzer' threw an exception of type 'System.ArgumentException' with message 'Syntax node is not within syntax tree'. [C:\Users\ultra\warewolf\Dev\Dev2.Infrastructure\Dev2.Infrastructure.csproj]
CSC : warning AD0001: Analyzer 'CodeCracker.CSharp.Design.UseInvokeMethodToFireEventAnalyzer' threw an exception of type 'System.ArgumentException' with message 'Syntax node is not within syntax tree'. [C:\Users\ultra\warewolf\Dev\Dev2.Infrastructure\Dev2.Infrastructure.csproj]
  Dev2.Infrastructure -> C:\Users\ultra\warewolf\Dev\Dev2.Infrastructure\bin\Debug\net8.0\Dev2.Infrastructure.dll
C:\Program Files\dotnet\sdk\10.0.201\Microsoft.CSharp.CurrentVersion.targets(130,9): warning MSB3884: Could not find rule set file "..\.sonarlint\warewolf_dotnet_frameworkcsharp.ruleset". [C:\Users\ultra\warewolf\Dev\Warewolf.Sharepoint\Warewolf.Sharepoint.csproj]
  Warewolf.Sharepoint -> C:\Users\ultra\warewolf\Dev\Warewolf.Sharepoint\bin\Debug\net8.0\Warewolf.Sharepoint.dll
  Warewolf.Storage -> C:\Users\ultra\warewolf\Dev\Warewolf.Storage\bin\Debug\net8.0\Warewolf.Storage.dll
C:\Program Files\dotnet\sdk\10.0.201\Microsoft.Common.CurrentVersion.targets(2451,5): warning MSB3245: Could not resolve this reference. Could not locate the assembly "System.Web". Check to make sure the assembly exists on disk. If this reference is required by your code, you may get compilation errors. [C:\Users\ultra\warewolf\Dev\Dev2.Data\Dev2.Data.csproj]
C:\Program Files\dotnet\sdk\10.0.201\Microsoft.Common.CurrentVersion.targets(2451,5): warning MSB3245: Could not resolve this reference. Could not locate the assembly "System.Web.Extensions". Check to make sure the assembly exists on disk. If this reference is required by your code, you may get compilation errors. [C:\Users\ultra\warewolf\Dev\Dev2.Data\Dev2.Data.csproj]
C:\Program Files\dotnet\sdk\10.0.201\Microsoft.Common.CurrentVersion.targets(2451,5): warning MSB3245: Could not resolve this reference. Could not locate the assembly "System.Xml.Linq". Check to make sure the assembly exists on disk. If this reference is required by your code, you may get compilation errors. [C:\Users\ultra\warewolf\Dev\Dev2.Data\Dev2.Data.csproj]
C:\Program Files\dotnet\sdk\10.0.201\Microsoft.Common.CurrentVersion.targets(2451,5): warning MSB3245: Could not resolve this reference. Could not locate the assembly "System.Data.DataSetExtensions". Check to make sure the assembly exists on disk. If this reference is required by your code, you may get compilation errors. [C:\Users\ultra\warewolf\Dev\Dev2.Data\Dev2.Data.csproj]
C:\Program Files\dotnet\sdk\10.0.201\Microsoft.Common.CurrentVersion.targets(2451,5): warning MSB3245: Could not resolve this reference. Could not locate the assembly "Microsoft.CSharp". Check to make sure the assembly exists on disk. If this reference is required by your code, you may get compilation errors. [C:\Users\ultra\warewolf\Dev\Dev2.Data\Dev2.Data.csproj]
C:\Program Files\dotnet\sdk\10.0.201\Microsoft.Common.CurrentVersion.targets(2451,5): warning MSB3245: Could not resolve this reference. Could not locate the assembly "System.Data". Check to make sure the assembly exists on disk. If this reference is required by your code, you may get compilation errors. [C:\Users\ultra\warewolf\Dev\Dev2.Data\Dev2.Data.csproj]
C:\Program Files\dotnet\sdk\10.0.201\Microsoft.Common.CurrentVersion.targets(2451,5): warning MSB3245: Could not resolve this reference. Could not locate the assembly "System.Xml". Check to make sure the assembly exists on disk. If this reference is required by your code, you may get compilation errors. [C:\Users\ultra\warewolf\Dev\Dev2.Data\Dev2.Data.csproj]
C:\Program Files\dotnet\sdk\10.0.201\Microsoft.Common.CurrentVersion.targets(2451,5): warning MSB3243: No way to resolve conflict between "System.Web, Version=4.0.0.0, Culture=neutral, PublicKeyToken=b03f5f7f11d50a3a" and "System.Web". Choosing "System.Web, Version=4.0.0.0, Culture=neutral, PublicKeyToken=b03f5f7f11d50a3a" arbitrarily. [C:\Users\ultra\warewolf\Dev\Dev2.Data\Dev2.Data.csproj]
C:\Program Files\dotnet\sdk\10.0.201\Microsoft.Common.CurrentVersion.targets(2451,5): warning MSB3243: No way to resolve conflict between "System.Xml.Linq, Version=4.0.0.0, Culture=neutral, PublicKeyToken=b77a5c561934e089" and "System.Xml.Linq". Choosing "System.Xml.Linq, Version=4.0.0.0, Culture=neutral, PublicKeyToken=b77a5c561934e089" arbitrarily. [C:\Users\ultra\warewolf\Dev\Dev2.Data\Dev2.Data.csproj]
C:\Program Files\dotnet\sdk\10.0.201\Microsoft.Common.CurrentVersion.targets(2451,5): warning MSB3243: No way to resolve conflict between "System.Data.DataSetExtensions, Version=8.0.0.0, Culture=neutral, PublicKeyToken=b77a5c561934e089" and "System.Data.DataSetExtensions". Choosing "System.Data.DataSetExtensions, Version=8.0.0.0, Culture=neutral, PublicKeyToken=b77a5c561934e089" arbitrarily. [C:\Users\ultra\warewolf\Dev\Dev2.Data\Dev2.Data.csproj]
C:\Program Files\dotnet\sdk\10.0.201\Microsoft.Common.CurrentVersion.targets(2451,5): warning MSB3243: No way to resolve conflict between "Microsoft.CSharp, Version=8.0.0.0, Culture=neutral, PublicKeyToken=b03f5f7f11d50a3a" and "Microsoft.CSharp". Choosing "Microsoft.CSharp, Version=8.0.0.0, Culture=neutral, PublicKeyToken=b03f5f7f11d50a3a" arbitrarily. [C:\Users\ultra\warewolf\Dev\Dev2.Data\Dev2.Data.csproj]
C:\Program Files\dotnet\sdk\10.0.201\Microsoft.Common.CurrentVersion.targets(2451,5): warning MSB3243: No way to resolve conflict between "System.Data, Version=4.0.0.0, Culture=neutral, PublicKeyToken=b77a5c561934e089" and "System.Data". Choosing "System.Data, Version=4.0.0.0, Culture=neutral, PublicKeyToken=b77a5c561934e089" arbitrarily. [C:\Users\ultra\warewolf\Dev\Dev2.Data\Dev2.Data.csproj]
C:\Program Files\dotnet\sdk\10.0.201\Microsoft.Common.CurrentVersion.targets(2451,5): warning MSB3243: No way to resolve conflict between "System.Xml, Version=4.0.0.0, Culture=neutral, PublicKeyToken=b77a5c561934e089" and "System.Xml". Choosing "System.Xml, Version=4.0.0.0, Culture=neutral, PublicKeyToken=b77a5c561934e089" arbitrarily. [C:\Users\ultra\warewolf\Dev\Dev2.Data\Dev2.Data.csproj]
C:\Users\ultra\warewolf\Dev\Dev2.Services.Sql\ConnectionBuilder.cs(44,21): warning CC0029: 'ConnectionBuilder' should call GC.SuppressFinalize inside the Dispose method. (https://code-cracker.github.io/diagnostics/CC0029.html) [C:\Users\ultra\warewolf\Dev\Dev2.Services.Sql\Dev2.Services.Sql.csproj]
  Dev2.Services.Sql -> C:\Users\ultra\warewolf\Dev\Dev2.Services.Sql\bin\Debug\net8.0\Dev2.Services.Sql.dll
CSC : warning CS2002: Source file 'C:\Users\ultra\warewolf\Dev\Dev2.Data\MathOperations\NCalc\NCalcExpressionBuilder.cs' specified multiple times [C:\Users\ultra\warewolf\Dev\Dev2.Data\Dev2.Data.csproj]
CSC : warning CS2002: Source file 'C:\Users\ultra\warewolf\Dev\Dev2.Data\MathOperations\NCalc\NCalcFunctionArgHelper.cs' specified multiple times [C:\Users\ultra\warewolf\Dev\Dev2.Data\Dev2.Data.csproj]
CSC : warning CS2002: Source file 'C:\Users\ultra\warewolf\Dev\Dev2.Data\MathOperations\NCalc\Functions\BaseConversionFunctions.cs' specified multiple times [C:\Users\ultra\warewolf\Dev\Dev2.Data\Dev2.Data.csproj]
CSC : warning CS2002: Source file 'C:\Users\ultra\warewolf\Dev\Dev2.Data\MathOperations\NCalc\Functions\ComplexFunctions.cs' specified multiple times [C:\Users\ultra\warewolf\Dev\Dev2.Data\Dev2.Data.csproj]
CSC : warning CS2002: Source file 'C:\Users\ultra\warewolf\Dev\Dev2.Data\MathOperations\NCalc\Functions\DateTimeFunctions.cs' specified multiple times [C:\Users\ultra\warewolf\Dev\Dev2.Data\Dev2.Data.csproj]
CSC : warning CS2002: Source file 'C:\Users\ultra\warewolf\Dev\Dev2.Data\MathOperations\NCalc\Functions\FinancialFunctions.cs' specified multiple times [C:\Users\ultra\warewolf\Dev\Dev2.Data\Dev2.Data.csproj]
CSC : warning CS2002: Source file 'C:\Users\ultra\warewolf\Dev\Dev2.Data\MathOperations\NCalc\Functions\InformationFunctions.cs' specified multiple times [C:\Users\ultra\warewolf\Dev\Dev2.Data\Dev2.Data.csproj]
CSC : warning CS2002: Source file 'C:\Users\ultra\warewolf\Dev\Dev2.Data\MathOperations\NCalc\Functions\MathFunctions.cs' specified multiple times [C:\Users\ultra\warewolf\Dev\Dev2.Data\Dev2.Data.csproj]
CSC : warning CS2002: Source file 'C:\Users\ultra\warewolf\Dev\Dev2.Data\MathOperations\NCalc\Functions\StringFunctions.cs' specified multiple times [C:\Users\ultra\warewolf\Dev\Dev2.Data\Dev2.Data.csproj]
C:\Users\ultra\warewolf\Dev\Dev2.SignalR.Wrappers.New\HubConnectionWrapper.cs(431,21): warning SYSLIB0006: 'Thread.Abort()' is obsolete: 'Thread.Abort is not supported and throws PlatformNotSupportedException.' (https://aka.ms/dotnet-warnings/SYSLIB0006) [C:\Users\ultra\warewolf\Dev\Dev2.SignalR.Wrappers.New\Dev2.SignalR.Wrappers.New.csproj]
C:\Users\ultra\warewolf\Dev\Dev2.SignalR.Wrappers.New\HubConnectionWrapper.cs(205,21): warning CC0029: 'HubConnectionWrapper' should call GC.SuppressFinalize inside the Dispose method. (https://code-cracker.github.io/diagnostics/CC0029.html) [C:\Users\ultra\warewolf\Dev\Dev2.SignalR.Wrappers.New\Dev2.SignalR.Wrappers.New.csproj]
C:\Users\ultra\warewolf\Dev\Dev2.SignalR.Wrappers.New\HubConnectionWrapper.cs(383,17): warning CC0105: Use 'var' instead of specifying the type name. (https://code-cracker.github.io/diagnostics/CC0105.html) [C:\Users\ultra\warewolf\Dev\Dev2.SignalR.Wrappers.New\Dev2.SignalR.Wrappers.New.csproj]
  Dev2.SignalR.Wrappers.New -> C:\Users\ultra\warewolf\Dev\Dev2.SignalR.Wrappers.New\bin\Debug\net8.0\Dev2.SignalR.Wrappers.New.dll
C:\Users\ultra\warewolf\Dev\Dev2.Data\MathOperations\NCalc\NCalcFunctionArgHelper.cs(51,47): warning CS8632: The annotation for nullable reference types should only be used in code within a '#nullable' annotations context. [C:\Users\ultra\warewolf\Dev\Dev2.Data\Dev2.Data.csproj]
C:\Users\ultra\warewolf\Dev\Dev2.Data\MathOperations\NCalc\Functions\MathFunctions.cs(22,30): warning CS8632: The annotation for nullable reference types should only be used in code within a '#nullable' annotations context. [C:\Users\ultra\warewolf\Dev\Dev2.Data\Dev2.Data.csproj]
C:\Users\ultra\warewolf\Dev\Dev2.Data\NativeMethods.cs(66,59): warning CS0472: The result of the expression is always 'false' since a value of type 'nint' is never equal to 'null' of type 'nint?' [C:\Users\ultra\warewolf\Dev\Dev2.Data\Dev2.Data.csproj]
C:\Users\ultra\warewolf\Dev\Dev2.Data\MathOperations\NCalc\Functions\StringFunctions.cs(94,59): warning CS8632: The annotation for nullable reference types should only be used in code within a '#nullable' annotations context. [C:\Users\ultra\warewolf\Dev\Dev2.Data\Dev2.Data.csproj]
C:\Users\ultra\warewolf\Dev\Dev2.Data\NativeMethods.cs(88,8): warning CS0472: The result of the expression is always 'false' since a value of type 'nint' is never equal to 'null' of type 'nint?' [C:\Users\ultra\warewolf\Dev\Dev2.Data\Dev2.Data.csproj]
C:\Users\ultra\warewolf\Dev\Dev2.Data\Security\WindowsIdentityExtensions.cs(41,59): warning CA1416: This call site is reachable on all platforms. 'WindowsIdentity.AccessToken' is only supported on: 'windows'. (https://learn.microsoft.com/dotnet/fundamentals/code-analysis/quality-rules/ca1416) [C:\Users\ultra\warewolf\Dev\Dev2.Data\Dev2.Data.csproj]
C:\Users\ultra\warewolf\Dev\Dev2.Data\Security\WindowsIdentityExtensions.cs(28,17): warning CA1416: This call site is reachable on all platforms. 'WindowsIdentity.RunImpersonated(SafeAccessTokenHandle, Action)' is only supported on: 'windows'. (https://learn.microsoft.com/dotnet/fundamentals/code-analysis/quality-rules/ca1416) [C:\Users\ultra\warewolf\Dev\Dev2.Data\Dev2.Data.csproj]
C:\Users\ultra\warewolf\Dev\Dev2.Data\Security\WindowsIdentityExtensions.cs(28,49): warning CA1416: This call site is reachable on all platforms. 'WindowsIdentity.AccessToken' is only supported on: 'windows'. (https://learn.microsoft.com/dotnet/fundamentals/code-analysis/quality-rules/ca1416) [C:\Users\ultra\warewolf\Dev\Dev2.Data\Dev2.Data.csproj]
C:\Users\ultra\warewolf\Dev\Dev2.Data\Security\WindowsIdentityExtensions.cs(41,24): warning CA1416: This call site is reachable on all platforms. 'WindowsIdentity.RunImpersonated<T>(SafeAccessTokenHandle, Func<T>)' is only supported on: 'windows'. (https://learn.microsoft.com/dotnet/fundamentals/code-analysis/quality-rules/ca1416) [C:\Users\ultra\warewolf\Dev\Dev2.Data\Dev2.Data.csproj]
C:\Users\ultra\warewolf\Dev\Dev2.Data\PathOperations\ValidateAuthorization.cs(73,33): warning CA1416: This call site is reachable on all platforms. 'WindowsIdentity' is only supported on: 'windows'. (https://learn.microsoft.com/dotnet/fundamentals/code-analysis/quality-rules/ca1416) [C:\Users\ultra\warewolf\Dev\Dev2.Data\Dev2.Data.csproj]
  Dev2.Data -> C:\Users\ultra\warewolf\Dev\Dev2.Data\bin\Debug\net8.0\Dev2.Data.dll
  Warewolf.Driver.Serilog -> C:\Users\ultra\warewolf\Dev\Warewolf.Driver.Serilog\bin\Debug\net8.0\Warewolf.Driver.Serilog.dll
  Dev2.Scheduler -> C:\Users\ultra\warewolf\Dev\Dev2.Scheduler\bin\Debug\net8.0\Dev2.Scheduler.dll
  Dev2.Core -> C:\Users\ultra\warewolf\Dev\Dev2.Core\bin\Debug\net8.0\Dev2.Core.dll
  Warewolf.Exchange.Email.Wrapper -> C:\Users\ultra\warewolf\Dev\Warewolf.Exchange.Email.Wrapper\bin\Debug\net8.0\Warewolf.Exchange.Email.Wrapper.dll
C:\Users\ultra\warewolf\Dev\Warewolf.Auditing\Audit.cs(189,26): warning CS8073: The result of the expression is always 'false' since a value of type 'DateTime' is never equal to 'null' of type 'DateTime?' [C:\Users\ultra\warewolf\Dev\Warewolf.Auditing\Warewolf.Auditing.csproj]
C:\Users\ultra\warewolf\Dev\Warewolf.Auditing\Drivers\AuditQueryableElastic.cs(360,33): warning CS0618: 'ElasticsearchClient.Search<TDocument>(SearchRequestDescriptor<TDocument>)' is obsolete: 'Synchronous methods are deprecated and could be removed in the future.' [C:\Users\ultra\warewolf\Dev\Warewolf.Auditing\Warewolf.Auditing.csproj]
C:\Users\ultra\warewolf\Dev\Warewolf.Auditing\Drivers\AuditQueryableElastic.cs(384,26): warning CS0618: 'ElasticsearchClient.Ping()' is obsolete: 'Synchronous methods are deprecated and could be removed in the future.' [C:\Users\ultra\warewolf\Dev\Warewolf.Auditing\Warewolf.Auditing.csproj]
  Warewolf.ResourceManagement -> C:\Users\ultra\warewolf\Dev\Warewolf.ResourceManagement\bin\Debug\net8.0\Warewolf.ResourceManagement.dll
  Warewolf.Auditing -> C:\Users\ultra\warewolf\Dev\Warewolf.Auditing\bin\Debug\net8.0\Warewolf.Auditing.dll
C:\Users\ultra\warewolf\Dev\Warewolf.Core\InputsFromJson.cs(99,21): warning CC0105: Use 'var' instead of specifying the type name. (https://code-cracker.github.io/diagnostics/CC0105.html) [C:\Users\ultra\warewolf\Dev\Warewolf.Core\Warewolf.Core.csproj]
  Warewolf.Core -> C:\Users\ultra\warewolf\Dev\Warewolf.Core\bin\Debug\net8.0\Warewolf.Core.dll
C:\Users\ultra\warewolf\Dev\Warewolf.Common.NetStandard20\Wrappers\WebClientWrapper.cs(26,26): warning SYSLIB0014: 'WebClient.WebClient()' is obsolete: 'WebRequest, HttpWebRequest, ServicePoint, and WebClient are obsolete. Use HttpClient instead.' (https://aka.ms/dotnet-warnings/SYSLIB0014) [C:\Users\ultra\warewolf\Dev\Warewolf.Common.NetStandard20\Warewolf.Common.NetStandard20.csproj]
C:\Users\ultra\warewolf\Dev\Warewolf.Common.NetStandard20\Wrappers\WebRequestWrapper.cs(26,24): warning SYSLIB0014: 'WebRequest.Create(string)' is obsolete: 'WebRequest, HttpWebRequest, ServicePoint, and WebClient are obsolete. Use HttpClient instead.' (https://aka.ms/dotnet-warnings/SYSLIB0014) [C:\Users\ultra\warewolf\Dev\Warewolf.Common.NetStandard20\Warewolf.Common.NetStandard20.csproj]
C:\Users\ultra\warewolf\Dev\Warewolf.Common.NetStandard20\Wrappers\WebClientWrapper.cs(31,26): warning SYSLIB0014: 'WebClient.WebClient()' is obsolete: 'WebRequest, HttpWebRequest, ServicePoint, and WebClient are obsolete. Use HttpClient instead.' (https://aka.ms/dotnet-warnings/SYSLIB0014) [C:\Users\ultra\warewolf\Dev\Warewolf.Common.NetStandard20\Warewolf.Common.NetStandard20.csproj]
  Warewolf.Common.NetStandard20 -> C:\Users\ultra\warewolf\Dev\Warewolf.Common.NetStandard20\bin\Debug\net8.0\Warewolf.Common.NetStandard20.dll
C:\Users\ultra\warewolf\Dev\Dev2.Runtime.Services\ServiceModel\ElasticsearchSources.cs(110,34): warning CS0618: 'ElasticsearchClient.Ping()' is obsolete: 'Synchronous methods are deprecated and could be removed in the future.' [C:\Users\ultra\warewolf\Dev\Dev2.Runtime.Services\Dev2.Runtime.Services.csproj]
C:\Users\ultra\warewolf\Dev\Dev2.Runtime.Services\ESB\Management\Services\FetchTestsAndTriggers.cs(45,17): warning CC0105: Use 'var' instead of specifying the type name. (https://code-cracker.github.io/diagnostics/CC0105.html) [C:\Users\ultra\warewolf\Dev\Dev2.Runtime.Services\Dev2.Runtime.Services.csproj]
C:\Users\ultra\warewolf\Dev\Dev2.Runtime.Services\UsageLogger.cs(66,33): warning CC0022: ManagementObjectSearcher should be disposed. (https://code-cracker.github.io/diagnostics/CC0022.html) [C:\Users\ultra\warewolf\Dev\Dev2.Runtime.Services\Dev2.Runtime.Services.csproj]
C:\Users\ultra\warewolf\Dev\Dev2.Runtime.Services\ServiceModel\WebSources.cs(532,7): warning CC0004: Empty Catch Block. (https://code-cracker.github.io/diagnostics/CC0004.html) [C:\Users\ultra\warewolf\Dev\Dev2.Runtime.Services\Dev2.Runtime.Services.csproj]
C:\Users\ultra\warewolf\Dev\Dev2.Runtime.Services\ServiceModel\WebSources.cs(751,38): warning CC0022: StringContent should be disposed. (https://code-cracker.github.io/diagnostics/CC0022.html) [C:\Users\ultra\warewolf\Dev\Dev2.Runtime.Services\Dev2.Runtime.Services.csproj]
C:\Users\ultra\warewolf\Dev\Dev2.Runtime.Services\ESB\Management\Services\TestChatbotSource.cs(44,17): warning CC0105: Use 'var' instead of specifying the type name. (https://code-cracker.github.io/diagnostics/CC0105.html) [C:\Users\ultra\warewolf\Dev\Dev2.Runtime.Services\Dev2.Runtime.Services.csproj]
C:\Users\ultra\warewolf\Dev\Dev2.Runtime.Services\ESB\Management\Services\TestChatbotSource.cs(45,17): warning CC0105: Use 'var' instead of specifying the type name. (https://code-cracker.github.io/diagnostics/CC0105.html) [C:\Users\ultra\warewolf\Dev\Dev2.Runtime.Services\Dev2.Runtime.Services.csproj]
C:\Users\ultra\warewolf\Dev\Dev2.Runtime.Services\ESB\Management\Services\ChatbotToolNormalizer.cs(80,17): warning CC0003: Consider adding an Exception to the catch. (https://code-cracker.github.io/diagnostics/CC0003.html) [C:\Users\ultra\warewolf\Dev\Dev2.Runtime.Services\Dev2.Runtime.Services.csproj]
C:\Users\ultra\warewolf\Dev\Dev2.Runtime.Services\ESB\Management\Services\ChatbotToolNormalizer.cs(101,21): warning CC0004: Empty Catch Block. (https://code-cracker.github.io/diagnostics/CC0004.html) [C:\Users\ultra\warewolf\Dev\Dev2.Runtime.Services\Dev2.Runtime.Services.csproj]
C:\Users\ultra\warewolf\Dev\Dev2.Runtime.Services\ESB\Management\Services\ChatbotToolNormalizer.cs(226,21): warning CC0105: Use 'var' instead of specifying the type name. (https://code-cracker.github.io/diagnostics/CC0105.html) [C:\Users\ultra\warewolf\Dev\Dev2.Runtime.Services\Dev2.Runtime.Services.csproj]
C:\Users\ultra\warewolf\Dev\Dev2.Runtime.Services\ESB\Management\Services\ChatbotToolNormalizer.cs(279,21): warning CC0105: Use 'var' instead of specifying the type name. (https://code-cracker.github.io/diagnostics/CC0105.html) [C:\Users\ultra\warewolf\Dev\Dev2.Runtime.Services\Dev2.Runtime.Services.csproj]
  Dev2.Runtime.Services -> C:\Users\ultra\warewolf\Dev\Dev2.Runtime.Services\bin\Debug\net8.0\Dev2.Runtime.Services.dll
C:\Users\ultra\warewolf\Dev\Warewolf.Driver.Persistence\Drivers\HangfireScheduler.cs(397,17): warning CA2200: Re-throwing caught exception changes stack information (https://learn.microsoft.com/dotnet/fundamentals/code-analysis/quality-rules/ca2200) [C:\Users\ultra\warewolf\Dev\Warewolf.Driver.Persistence\Warewolf.Driver.Persistence.csproj]
C:\Users\ultra\warewolf\Dev\Warewolf.Driver.Persistence\Drivers\HangfireScheduler.cs(320,17): warning CA2200: Re-throwing caught exception changes stack information (https://learn.microsoft.com/dotnet/fundamentals/code-analysis/quality-rules/ca2200) [C:\Users\ultra\warewolf\Dev\Warewolf.Driver.Persistence\Warewolf.Driver.Persistence.csproj]
C:\Users\ultra\warewolf\Dev\Warewolf.Driver.Persistence\Drivers\HangfireScheduler.cs(376,17): warning CA2200: Re-throwing caught exception changes stack information (https://learn.microsoft.com/dotnet/fundamentals/code-analysis/quality-rules/ca2200) [C:\Users\ultra\warewolf\Dev\Warewolf.Driver.Persistence\Warewolf.Driver.Persistence.csproj]
  Dev2.Services.Execution -> C:\Users\ultra\warewolf\Dev\Dev2.Services.Execution\bin\Debug\net8.0\Dev2.Services.Execution.dll
  Dev2.Studio.Interfaces -> C:\Users\ultra\warewolf\Dev\Dev2.Studio.Interfaces\bin\Debug\net8.0\Dev2.Studio.Interfaces.dll
  Warewolf.Driver.Persistence -> C:\Users\ultra\warewolf\Dev\Warewolf.Driver.Persistence\bin\Debug\net8.0\Warewolf.Driver.Persistence.dll
C:\Program Files\dotnet\sdk\10.0.201\Microsoft.Common.CurrentVersion.targets(2451,5): warning MSB3277: Found conflicts between different versions of "Microsoft.Win32.SystemEvents" that could not be resolved. [C:\Users\ultra\warewolf\Dev\Warewolf.Studio.Core\Warewolf.Studio.Core.csproj]
C:\Program Files\dotnet\sdk\10.0.201\Microsoft.Common.CurrentVersion.targets(2451,5): warning MSB3277: There was a conflict between "Microsoft.Win32.SystemEvents, Version=6.0.0.0, Culture=neutral, PublicKeyToken=cc7b13ffcd2ddd51" and "Microsoft.Win32.SystemEvents, Version=7.0.0.0, Culture=neutral, PublicKeyToken=cc7b13ffcd2ddd51". [C:\Users\ultra\warewolf\Dev\Warewolf.Studio.Core\Warewolf.Studio.Core.csproj]
C:\Program Files\dotnet\sdk\10.0.201\Microsoft.Common.CurrentVersion.targets(2451,5): warning MSB3277:     "Microsoft.Win32.SystemEvents, Version=6.0.0.0, Culture=neutral, PublicKeyToken=cc7b13ffcd2ddd51" was chosen because it was primary and "Microsoft.Win32.SystemEvents, Version=7.0.0.0, Culture=neutral, PublicKeyToken=cc7b13ffcd2ddd51" was not. [C:\Users\ultra\warewolf\Dev\Warewolf.Studio.Core\Warewolf.Studio.Core.csproj]
C:\Program Files\dotnet\sdk\10.0.201\Microsoft.Common.CurrentVersion.targets(2451,5): warning MSB3277:     References which depend on "Microsoft.Win32.SystemEvents, Version=6.0.0.0, Culture=neutral, PublicKeyToken=cc7b13ffcd2ddd51" [C:\Users\ultra\.nuget\packages\microsoft.win32.systemevents\6.0.0\lib\net6.0\Microsoft.Win32.SystemEvents.dll]. [C:\Users\ultra\warewolf\Dev\Warewolf.Studio.Core\Warewolf.Studio.Core.csproj]
C:\Program Files\dotnet\sdk\10.0.201\Microsoft.Common.CurrentVersion.targets(2451,5): warning MSB3277:         C:\Users\ultra\.nuget\packages\microsoft.win32.systemevents\6.0.0\lib\net6.0\Microsoft.Win32.SystemEvents.dll [C:\Users\ultra\warewolf\Dev\Warewolf.Studio.Core\Warewolf.Studio.Core.csproj]
C:\Program Files\dotnet\sdk\10.0.201\Microsoft.Common.CurrentVersion.targets(2451,5): warning MSB3277:           Project file item includes which caused reference "C:\Users\ultra\.nuget\packages\microsoft.win32.systemevents\6.0.0\lib\net6.0\Microsoft.Win32.SystemEvents.dll". [C:\Users\ultra\warewolf\Dev\Warewolf.Studio.Core\Warewolf.Studio.Core.csproj]
C:\Program Files\dotnet\sdk\10.0.201\Microsoft.Common.CurrentVersion.targets(2451,5): warning MSB3277:             C:\Users\ultra\.nuget\packages\microsoft.win32.systemevents\6.0.0\lib\net6.0\Microsoft.Win32.SystemEvents.dll [C:\Users\ultra\warewolf\Dev\Warewolf.Studio.Core\Warewolf.Studio.Core.csproj]
C:\Program Files\dotnet\sdk\10.0.201\Microsoft.Common.CurrentVersion.targets(2451,5): warning MSB3277:     References which depend on or have been unified to "Microsoft.Win32.SystemEvents, Version=7.0.0.0, Culture=neutral, PublicKeyToken=cc7b13ffcd2ddd51" []. [C:\Users\ultra\warewolf\Dev\Warewolf.Studio.Core\Warewolf.Studio.Core.csproj]
C:\Program Files\dotnet\sdk\10.0.201\Microsoft.Common.CurrentVersion.targets(2451,5): warning MSB3277:         C:\Users\ultra\warewolf\Dev\Dev2.Common\bin\Debug\net8.0\Dev2.Common.dll [C:\Users\ultra\warewolf\Dev\Warewolf.Studio.Core\Warewolf.Studio.Core.csproj]
C:\Program Files\dotnet\sdk\10.0.201\Microsoft.Common.CurrentVersion.targets(2451,5): warning MSB3277:           Project file item includes which caused reference "C:\Users\ultra\warewolf\Dev\Dev2.Common\bin\Debug\net8.0\Dev2.Common.dll". [C:\Users\ultra\warewolf\Dev\Warewolf.Studio.Core\Warewolf.Studio.Core.csproj]
C:\Program Files\dotnet\sdk\10.0.201\Microsoft.Common.CurrentVersion.targets(2451,5): warning MSB3277:             C:\Users\ultra\warewolf\Dev\Dev2.Common\bin\Debug\net8.0\Dev2.Common.dll [C:\Users\ultra\warewolf\Dev\Warewolf.Studio.Core\Warewolf.Studio.Core.csproj]
C:\Program Files\dotnet\sdk\10.0.201\Microsoft.Common.CurrentVersion.targets(2451,5): warning MSB3277:             C:\Users\ultra\warewolf\Dev\Dev2.Core\bin\Debug\net8.0\Dev2.Core.dll [C:\Users\ultra\warewolf\Dev\Warewolf.Studio.Core\Warewolf.Studio.Core.csproj]
C:\Program Files\dotnet\sdk\10.0.201\Microsoft.Common.CurrentVersion.targets(2451,5): warning MSB3277:             C:\Users\ultra\warewolf\Dev\Dev2.Infrastructure\bin\Debug\net8.0\Dev2.Infrastructure.dll [C:\Users\ultra\warewolf\Dev\Warewolf.Studio.Core\Warewolf.Studio.Core.csproj]
C:\Program Files\dotnet\sdk\10.0.201\Microsoft.Common.CurrentVersion.targets(2451,5): warning MSB3277:             C:\Users\ultra\warewolf\Dev\Dev2.Studio.Interfaces\bin\Debug\net8.0\Dev2.Studio.Interfaces.dll [C:\Users\ultra\warewolf\Dev\Warewolf.Studio.Core\Warewolf.Studio.Core.csproj]
C:\Program Files\dotnet\sdk\10.0.201\Microsoft.Common.CurrentVersion.targets(2451,5): warning MSB3277:             C:\Users\ultra\warewolf\Dev\Dev2.Data\bin\Debug\net8.0\Dev2.Data.dll [C:\Users\ultra\warewolf\Dev\Warewolf.Studio.Core\Warewolf.Studio.Core.csproj]
C:\Program Files\dotnet\sdk\10.0.201\Microsoft.Common.CurrentVersion.targets(2451,5): warning MSB3277:             C:\Users\ultra\warewolf\Dev\Dev2.Diagnostics\bin\Debug\net8.0\Dev2.Diagnostics.dll [C:\Users\ultra\warewolf\Dev\Warewolf.Studio.Core\Warewolf.Studio.Core.csproj]
C:\Program Files\dotnet\sdk\10.0.201\Microsoft.Common.CurrentVersion.targets(2451,5): warning MSB3277:             C:\Users\ultra\warewolf\Dev\Dev2.Runtime.Services\bin\Debug\net8.0\Dev2.Runtime.Services.dll [C:\Users\ultra\warewolf\Dev\Warewolf.Studio.Core\Warewolf.Studio.Core.csproj]
C:\Program Files\dotnet\sdk\10.0.201\Microsoft.Common.CurrentVersion.targets(2451,5): warning MSB3277:             C:\Users\ultra\warewolf\Dev\Dev2.Scheduler\bin\Debug\net8.0\Dev2.Scheduler.dll [C:\Users\ultra\warewolf\Dev\Warewolf.Studio.Core\Warewolf.Studio.Core.csproj]
C:\Program Files\dotnet\sdk\10.0.201\Microsoft.Common.CurrentVersion.targets(2451,5): warning MSB3277:             C:\Users\ultra\warewolf\Dev\Dev2.Services.Sql\bin\Debug\net8.0\Dev2.Services.Sql.dll [C:\Users\ultra\warewolf\Dev\Warewolf.Studio.Core\Warewolf.Studio.Core.csproj]
C:\Program Files\dotnet\sdk\10.0.201\Microsoft.Common.CurrentVersion.targets(2451,5): warning MSB3277:             C:\Users\ultra\warewolf\Dev\Dev2.TaskScheduler.Wrappers\bin\Debug\net8.0\Dev2.TaskScheduler.Wrappers.dll [C:\Users\ultra\warewolf\Dev\Warewolf.Studio.Core\Warewolf.Studio.Core.csproj]
C:\Program Files\dotnet\sdk\10.0.201\Microsoft.Common.CurrentVersion.targets(2451,5): warning MSB3277:             C:\Users\ultra\warewolf\Dev\Dev2.Util\bin\Debug\net8.0\Dev2.Util.dll [C:\Users\ultra\warewolf\Dev\Warewolf.Studio.Core\Warewolf.Studio.Core.csproj]
C:\Program Files\dotnet\sdk\10.0.201\Microsoft.Common.CurrentVersion.targets(2451,5): warning MSB3277:             C:\Users\ultra\warewolf\Dev\Warewolf.AI.Harness\bin\Debug\net8.0\Warewolf.AI.Harness.dll [C:\Users\ultra\warewolf\Dev\Warewolf.Studio.Core\Warewolf.Studio.Core.csproj]
C:\Program Files\dotnet\sdk\10.0.201\Microsoft.Common.CurrentVersion.targets(2451,5): warning MSB3277:             C:\Users\ultra\warewolf\Dev\Warewolf.Auditing\bin\Debug\net8.0\Warewolf.Auditing.dll [C:\Users\ultra\warewolf\Dev\Warewolf.Studio.Core\Warewolf.Studio.Core.csproj]
C:\Program Files\dotnet\sdk\10.0.201\Microsoft.Common.CurrentVersion.targets(2451,5): warning MSB3277:             C:\Users\ultra\warewolf\Dev\Warewolf.Common.NetStandard20\bin\Debug\net8.0\Warewolf.Common.NetStandard20.dll [C:\Users\ultra\warewolf\Dev\Warewolf.Studio.Core\Warewolf.Studio.Core.csproj]
C:\Program Files\dotnet\sdk\10.0.201\Microsoft.Common.CurrentVersion.targets(2451,5): warning MSB3277:             C:\Users\ultra\warewolf\Dev\Warewolf.Core\bin\Debug\net8.0\Warewolf.Core.dll [C:\Users\ultra\warewolf\Dev\Warewolf.Studio.Core\Warewolf.Studio.Core.csproj]
C:\Program Files\dotnet\sdk\10.0.201\Microsoft.Common.CurrentVersion.targets(2451,5): warning MSB3277:             C:\Users\ultra\warewolf\Dev\Warewolf.Driver.Serilog\bin\Debug\net8.0\Warewolf.Driver.Serilog.dll [C:\Users\ultra\warewolf\Dev\Warewolf.Studio.Core\Warewolf.Studio.Core.csproj]
C:\Program Files\dotnet\sdk\10.0.201\Microsoft.Common.CurrentVersion.targets(2451,5): warning MSB3277:             C:\Users\ultra\warewolf\Dev\Warewolf.ResourceManagement\bin\Debug\net8.0\Warewolf.ResourceManagement.dll [C:\Users\ultra\warewolf\Dev\Warewolf.Studio.Core\Warewolf.Studio.Core.csproj]
C:\Program Files\dotnet\sdk\10.0.201\Microsoft.Common.CurrentVersion.targets(2451,5): warning MSB3277:             C:\Users\ultra\warewolf\Dev\Warewolf.Sharepoint\bin\Debug\net8.0\Warewolf.Sharepoint.dll [C:\Users\ultra\warewolf\Dev\Warewolf.Studio.Core\Warewolf.Studio.Core.csproj]
C:\Program Files\dotnet\sdk\10.0.201\Microsoft.Common.CurrentVersion.targets(2451,5): warning MSB3277:             C:\Users\ultra\warewolf\Dev\Warewolf.Storage\bin\Debug\net8.0\Warewolf.Storage.dll [C:\Users\ultra\warewolf\Dev\Warewolf.Studio.Core\Warewolf.Studio.Core.csproj]
C:\Program Files\dotnet\sdk\10.0.201\Microsoft.Common.CurrentVersion.targets(2451,5): warning MSB3277:         C:\Users\ultra\warewolf\Dev\Binaries\Infragistcs_Net6\InfragisticsWPF4.v15.1.dll [C:\Users\ultra\warewolf\Dev\Warewolf.Studio.Core\Warewolf.Studio.Core.csproj]
C:\Program Files\dotnet\sdk\10.0.201\Microsoft.Common.CurrentVersion.targets(2451,5): warning MSB3277:           Project file item includes which caused reference "C:\Users\ultra\warewolf\Dev\Binaries\Infragistcs_Net6\InfragisticsWPF4.v15.1.dll". [C:\Users\ultra\warewolf\Dev\Warewolf.Studio.Core\Warewolf.Studio.Core.csproj]
C:\Program Files\dotnet\sdk\10.0.201\Microsoft.Common.CurrentVersion.targets(2451,5): warning MSB3277:             InfragisticsWPF4.v15.1, Version=15.1.20151.2055, Culture=neutral, PublicKeyToken=7dd5c3163f2cd0cb, processorArchitecture=MSIL [C:\Users\ultra\warewolf\Dev\Warewolf.Studio.Core\Warewolf.Studio.Core.csproj]
C:\Program Files\dotnet\sdk\10.0.201\Microsoft.Common.CurrentVersion.targets(2451,5): warning MSB3277:             InfragisticsWPF4.Controls.Menus.XamDataTree.v15.1, Version=15.1.20151.2055, Culture=neutral, PublicKeyToken=7dd5c3163f2cd0cb, processorArchitecture=MSIL [C:\Users\ultra\warewolf\Dev\Warewolf.Studio.Core\Warewolf.Studio.Core.csproj]
C:\Program Files\dotnet\sdk\10.0.201\Microsoft.Common.CurrentVersion.targets(2451,5): warning MSB3277:             InfragisticsWPF4.DataManager.v15.1, Version=15.1.20151.2055, Culture=neutral, PublicKeyToken=7dd5c3163f2cd0cb, processorArchitecture=MSIL [C:\Users\ultra\warewolf\Dev\Warewolf.Studio.Core\Warewolf.Studio.Core.csproj]
C:\Program Files\dotnet\sdk\10.0.201\Microsoft.Common.CurrentVersion.targets(2451,5): warning MSB3277:             InfragisticsWPF4.DockManager.v15.1, Version=15.1.20151.2055, Culture=neutral, PublicKeyToken=7dd5c3163f2cd0cb, processorArchitecture=MSIL [C:\Users\ultra\warewolf\Dev\Warewolf.Studio.Core\Warewolf.Studio.Core.csproj]
C:\Program Files\dotnet\sdk\10.0.201\Microsoft.Common.CurrentVersion.targets(2451,5): warning MSB3277:         C:\Users\ultra\.nuget\packages\timespan2\2.4.2\lib\netcoreapp3.1\TimeSpan2.dll [C:\Users\ultra\warewolf\Dev\Warewolf.Studio.Core\Warewolf.Studio.Core.csproj]
C:\Program Files\dotnet\sdk\10.0.201\Microsoft.Common.CurrentVersion.targets(2451,5): warning MSB3277:           Project file item includes which caused reference "C:\Users\ultra\.nuget\packages\timespan2\2.4.2\lib\netcoreapp3.1\TimeSpan2.dll". [C:\Users\ultra\warewolf\Dev\Warewolf.Studio.Core\Warewolf.Studio.Core.csproj]
C:\Program Files\dotnet\sdk\10.0.201\Microsoft.Common.CurrentVersion.targets(2451,5): warning MSB3277:             C:\Users\ultra\.nuget\packages\timespan2\2.4.2\lib\netcoreapp3.1\TimeSpan2.dll [C:\Users\ultra\warewolf\Dev\Warewolf.Studio.Core\Warewolf.Studio.Core.csproj]
C:\Program Files\dotnet\sdk\10.0.201\Microsoft.Common.CurrentVersion.targets(2451,5): warning MSB3277:             C:\Users\ultra\.nuget\packages\taskschedulereditor\2.10.1\lib\net452\Microsoft.Win32.TaskSchedulerEditor.dll [C:\Users\ultra\warewolf\Dev\Warewolf.Studio.Core\Warewolf.Studio.Core.csproj]
C:\Program Files\dotnet\sdk\10.0.201\Microsoft.Common.CurrentVersion.targets(2451,5): warning MSB3277:         C:\Program Files\dotnet\packs\Microsoft.NETCore.App.Ref\8.0.25\ref\net8.0\System.dll [C:\Users\ultra\warewolf\Dev\Warewolf.Studio.Core\Warewolf.Studio.Core.csproj]
C:\Program Files\dotnet\sdk\10.0.201\Microsoft.Common.CurrentVersion.targets(2451,5): warning MSB3277:           Project file item includes which caused reference "C:\Program Files\dotnet\packs\Microsoft.NETCore.App.Ref\8.0.25\ref\net8.0\System.dll". [C:\Users\ultra\warewolf\Dev\Warewolf.Studio.Core\Warewolf.Studio.Core.csproj]
C:\Program Files\dotnet\sdk\10.0.201\Microsoft.Common.CurrentVersion.targets(2451,5): warning MSB3277:             C:\Program Files\dotnet\packs\Microsoft.NETCore.App.Ref\8.0.25\ref/net8.0/System.dll [C:\Users\ultra\warewolf\Dev\Warewolf.Studio.Core\Warewolf.Studio.Core.csproj]
C:\Program Files\dotnet\sdk\10.0.201\Microsoft.Common.CurrentVersion.targets(2451,5): warning MSB3277:             C:\Users\ultra\.nuget\packages\aerowizard\2.3.1\lib\net45\AeroWizard.dll [C:\Users\ultra\warewolf\Dev\Warewolf.Studio.Core\Warewolf.Studio.Core.csproj]
C:\Program Files\dotnet\sdk\10.0.201\Microsoft.Common.CurrentVersion.targets(2451,5): warning MSB3277:             C:\Users\ultra\.nuget\packages\groupcontrols\1.9.0\lib\net45\GroupControls.dll [C:\Users\ultra\warewolf\Dev\Warewolf.Studio.Core\Warewolf.Studio.Core.csproj]
C:\Program Files\dotnet\sdk\10.0.201\Microsoft.Common.CurrentVersion.targets(2451,5): warning MSB3277:             C:\Users\ultra\.nuget\packages\microsoft.xaml.behaviors.wpf\1.1.122\lib\net462\Microsoft.Xaml.Behaviors.dll [C:\Users\ultra\warewolf\Dev\Warewolf.Studio.Core\Warewolf.Studio.Core.csproj]
C:\Program Files\dotnet\sdk\10.0.201\Microsoft.Common.CurrentVersion.targets(2451,5): warning MSB3277:             C:\Users\ultra\.nuget\packages\caliburn.micro\4.0.212\lib\netcoreapp3.1\Caliburn.Micro.Platform.dll [C:\Users\ultra\warewolf\Dev\Warewolf.Studio.Core\Warewolf.Studio.Core.csproj]
C:\Program Files\dotnet\sdk\10.0.201\Microsoft.Common.CurrentVersion.targets(2451,5): warning MSB3277:             C:\Users\ultra\.nuget\packages\prism.wpf\9.0.537\lib\net462\Prism.Wpf.dll [C:\Users\ultra\warewolf\Dev\Warewolf.Studio.Core\Warewolf.Studio.Core.csproj]
C:\Program Files\dotnet\sdk\10.0.201\Microsoft.Common.CurrentVersion.targets(2451,5): warning MSB3277:             C:\Users\ultra\.nuget\packages\reactiveui.wpf\18.4.1\lib\net462\ReactiveUI.Wpf.dll [C:\Users\ultra\warewolf\Dev\Warewolf.Studio.Core\Warewolf.Studio.Core.csproj]
C:\Program Files\dotnet\sdk\10.0.201\Microsoft.Common.CurrentVersion.targets(2451,5): warning MSB3277:             C:\Users\ultra\.nuget\packages\taskschedulereditor\2.10.1\lib\net452\Microsoft.Win32.TaskSchedulerEditor.dll [C:\Users\ultra\warewolf\Dev\Warewolf.Studio.Core\Warewolf.Studio.Core.csproj]
C:\Program Files\dotnet\sdk\10.0.201\Microsoft.Common.CurrentVersion.targets(2451,5): warning MSB3277:             C:\Users\ultra\.nuget\packages\ttcue.netcore.sharepointonline.csom.16.1.8029.1200\16.1.8029.1200\lib\netcoreapp2.0\Microsoft.SharePoint.Client.Runtime.Windows.dll [C:\Users\ultra\warewolf\Dev\Warewolf.Studio.Core\Warewolf.Studio.Core.csproj]
C:\Program Files\dotnet\sdk\10.0.201\Microsoft.Common.CurrentVersion.targets(2451,5): warning MSB3277: Found conflicts between different versions of "System.Security.Permissions" that could not be resolved. [C:\Users\ultra\warewolf\Dev\Warewolf.Studio.Core\Warewolf.Studio.Core.csproj]
C:\Program Files\dotnet\sdk\10.0.201\Microsoft.Common.CurrentVersion.targets(2451,5): warning MSB3277: There was a conflict between "System.Security.Permissions, Version=6.0.0.0, Culture=neutral, PublicKeyToken=cc7b13ffcd2ddd51" and "System.Security.Permissions, Version=7.0.0.0, Culture=neutral, PublicKeyToken=cc7b13ffcd2ddd51". [C:\Users\ultra\warewolf\Dev\Warewolf.Studio.Core\Warewolf.Studio.Core.csproj]
C:\Program Files\dotnet\sdk\10.0.201\Microsoft.Common.CurrentVersion.targets(2451,5): warning MSB3277:     "System.Security.Permissions, Version=6.0.0.0, Culture=neutral, PublicKeyToken=cc7b13ffcd2ddd51" was chosen because it was primary and "System.Security.Permissions, Version=7.0.0.0, Culture=neutral, PublicKeyToken=cc7b13ffcd2ddd51" was not. [C:\Users\ultra\warewolf\Dev\Warewolf.Studio.Core\Warewolf.Studio.Core.csproj]
C:\Program Files\dotnet\sdk\10.0.201\Microsoft.Common.CurrentVersion.targets(2451,5): warning MSB3277:     References which depend on "System.Security.Permissions, Version=6.0.0.0, Culture=neutral, PublicKeyToken=cc7b13ffcd2ddd51" [C:\Users\ultra\.nuget\packages\system.security.permissions\6.0.0\lib\net6.0\System.Security.Permissions.dll]. [C:\Users\ultra\warewolf\Dev\Warewolf.Studio.Core\Warewolf.Studio.Core.csproj]
C:\Program Files\dotnet\sdk\10.0.201\Microsoft.Common.CurrentVersion.targets(2451,5): warning MSB3277:         C:\Users\ultra\.nuget\packages\system.security.permissions\6.0.0\lib\net6.0\System.Security.Permissions.dll [C:\Users\ultra\warewolf\Dev\Warewolf.Studio.Core\Warewolf.Studio.Core.csproj]
C:\Program Files\dotnet\sdk\10.0.201\Microsoft.Common.CurrentVersion.targets(2451,5): warning MSB3277:           Project file item includes which caused reference "C:\Users\ultra\.nuget\packages\system.security.permissions\6.0.0\lib\net6.0\System.Security.Permissions.dll". [C:\Users\ultra\warewolf\Dev\Warewolf.Studio.Core\Warewolf.Studio.Core.csproj]
C:\Program Files\dotnet\sdk\10.0.201\Microsoft.Common.CurrentVersion.targets(2451,5): warning MSB3277:             C:\Users\ultra\.nuget\packages\system.security.permissions\6.0.0\lib\net6.0\System.Security.Permissions.dll [C:\Users\ultra\warewolf\Dev\Warewolf.Studio.Core\Warewolf.Studio.Core.csproj]
C:\Program Files\dotnet\sdk\10.0.201\Microsoft.Common.CurrentVersion.targets(2451,5): warning MSB3277:     References which depend on or have been unified to "System.Security.Permissions, Version=7.0.0.0, Culture=neutral, PublicKeyToken=cc7b13ffcd2ddd51" []. [C:\Users\ultra\warewolf\Dev\Warewolf.Studio.Core\Warewolf.Studio.Core.csproj]
C:\Program Files\dotnet\sdk\10.0.201\Microsoft.Common.CurrentVersion.targets(2451,5): warning MSB3277:         C:\Users\ultra\warewolf\Dev\Dev2.Data\bin\Debug\net8.0\Dev2.Data.dll [C:\Users\ultra\warewolf\Dev\Warewolf.Studio.Core\Warewolf.Studio.Core.csproj]
C:\Program Files\dotnet\sdk\10.0.201\Microsoft.Common.CurrentVersion.targets(2451,5): warning MSB3277:           Project file item includes which caused reference "C:\Users\ultra\warewolf\Dev\Dev2.Data\bin\Debug\net8.0\Dev2.Data.dll". [C:\Users\ultra\warewolf\Dev\Warewolf.Studio.Core\Warewolf.Studio.Core.csproj]
C:\Program Files\dotnet\sdk\10.0.201\Microsoft.Common.CurrentVersion.targets(2451,5): warning MSB3277:             C:\Users\ultra\warewolf\Dev\Dev2.Data\bin\Debug\net8.0\Dev2.Data.dll [C:\Users\ultra\warewolf\Dev\Warewolf.Studio.Core\Warewolf.Studio.Core.csproj]
C:\Program Files\dotnet\sdk\10.0.201\Microsoft.Common.CurrentVersion.targets(2451,5): warning MSB3277:             C:\Users\ultra\warewolf\Dev\Dev2.Core\bin\Debug\net8.0\Dev2.Core.dll [C:\Users\ultra\warewolf\Dev\Warewolf.Studio.Core\Warewolf.Studio.Core.csproj]
C:\Program Files\dotnet\sdk\10.0.201\Microsoft.Common.CurrentVersion.targets(2451,5): warning MSB3277:             C:\Users\ultra\warewolf\Dev\Dev2.Studio.Interfaces\bin\Debug\net8.0\Dev2.Studio.Interfaces.dll [C:\Users\ultra\warewolf\Dev\Warewolf.Studio.Core\Warewolf.Studio.Core.csproj]
C:\Program Files\dotnet\sdk\10.0.201\Microsoft.Common.CurrentVersion.targets(2451,5): warning MSB3277:             C:\Users\ultra\warewolf\Dev\Dev2.Runtime.Services\bin\Debug\net8.0\Dev2.Runtime.Services.dll [C:\Users\ultra\warewolf\Dev\Warewolf.Studio.Core\Warewolf.Studio.Core.csproj]
C:\Program Files\dotnet\sdk\10.0.201\Microsoft.Common.CurrentVersion.targets(2451,5): warning MSB3277:             C:\Users\ultra\warewolf\Dev\Dev2.Scheduler\bin\Debug\net8.0\Dev2.Scheduler.dll [C:\Users\ultra\warewolf\Dev\Warewolf.Studio.Core\Warewolf.Studio.Core.csproj]
C:\Program Files\dotnet\sdk\10.0.201\Microsoft.Common.CurrentVersion.targets(2451,5): warning MSB3277:             C:\Users\ultra\warewolf\Dev\Warewolf.Auditing\bin\Debug\net8.0\Warewolf.Auditing.dll [C:\Users\ultra\warewolf\Dev\Warewolf.Studio.Core\Warewolf.Studio.Core.csproj]
C:\Program Files\dotnet\sdk\10.0.201\Microsoft.Common.CurrentVersion.targets(2451,5): warning MSB3277:             C:\Users\ultra\warewolf\Dev\Warewolf.Common.NetStandard20\bin\Debug\net8.0\Warewolf.Common.NetStandard20.dll [C:\Users\ultra\warewolf\Dev\Warewolf.Studio.Core\Warewolf.Studio.Core.csproj]
C:\Program Files\dotnet\sdk\10.0.201\Microsoft.Common.CurrentVersion.targets(2451,5): warning MSB3277:             C:\Users\ultra\warewolf\Dev\Warewolf.Core\bin\Debug\net8.0\Warewolf.Core.dll [C:\Users\ultra\warewolf\Dev\Warewolf.Studio.Core\Warewolf.Studio.Core.csproj]
C:\Program Files\dotnet\sdk\10.0.201\Microsoft.Common.CurrentVersion.targets(2451,5): warning MSB3277:             C:\Users\ultra\warewolf\Dev\Warewolf.ResourceManagement\bin\Debug\net8.0\Warewolf.ResourceManagement.dll [C:\Users\ultra\warewolf\Dev\Warewolf.Studio.Core\Warewolf.Studio.Core.csproj]
C:\Program Files\dotnet\sdk\10.0.201\Microsoft.Common.CurrentVersion.targets(2451,5): warning MSB3277:         C:\Users\ultra\warewolf\Dev\Binaries\Infragistcs_Net6\InfragisticsWPF4.DockManager.v15.1.dll [C:\Users\ultra\warewolf\Dev\Warewolf.Studio.Core\Warewolf.Studio.Core.csproj]
C:\Program Files\dotnet\sdk\10.0.201\Microsoft.Common.CurrentVersion.targets(2451,5): warning MSB3277:           Project file item includes which caused reference "C:\Users\ultra\warewolf\Dev\Binaries\Infragistcs_Net6\InfragisticsWPF4.DockManager.v15.1.dll". [C:\Users\ultra\warewolf\Dev\Warewolf.Studio.Core\Warewolf.Studio.Core.csproj]
C:\Program Files\dotnet\sdk\10.0.201\Microsoft.Common.CurrentVersion.targets(2451,5): warning MSB3277:             InfragisticsWPF4.DockManager.v15.1, Version=15.1.20151.2055, Culture=neutral, PublicKeyToken=7dd5c3163f2cd0cb, processorArchitecture=MSIL [C:\Users\ultra\warewolf\Dev\Warewolf.Studio.Core\Warewolf.Studio.Core.csproj]
C:\Program Files\dotnet\sdk\10.0.201\Microsoft.Common.CurrentVersion.targets(2451,5): warning MSB3277:         C:\Users\ultra\warewolf\Dev\Binaries\Infragistcs_Net6\InfragisticsWPF4.v15.1.dll [C:\Users\ultra\warewolf\Dev\Warewolf.Studio.Core\Warewolf.Studio.Core.csproj]
C:\Program Files\dotnet\sdk\10.0.201\Microsoft.Common.CurrentVersion.targets(2451,5): warning MSB3277:           Project file item includes which caused reference "C:\Users\ultra\warewolf\Dev\Binaries\Infragistcs_Net6\InfragisticsWPF4.v15.1.dll". [C:\Users\ultra\warewolf\Dev\Warewolf.Studio.Core\Warewolf.Studio.Core.csproj]
C:\Program Files\dotnet\sdk\10.0.201\Microsoft.Common.CurrentVersion.targets(2451,5): warning MSB3277:             InfragisticsWPF4.v15.1, Version=15.1.20151.2055, Culture=neutral, PublicKeyToken=7dd5c3163f2cd0cb, processorArchitecture=MSIL [C:\Users\ultra\warewolf\Dev\Warewolf.Studio.Core\Warewolf.Studio.Core.csproj]
C:\Program Files\dotnet\sdk\10.0.201\Microsoft.Common.CurrentVersion.targets(2451,5): warning MSB3277:             InfragisticsWPF4.Controls.Menus.XamDataTree.v15.1, Version=15.1.20151.2055, Culture=neutral, PublicKeyToken=7dd5c3163f2cd0cb, processorArchitecture=MSIL [C:\Users\ultra\warewolf\Dev\Warewolf.Studio.Core\Warewolf.Studio.Core.csproj]
C:\Program Files\dotnet\sdk\10.0.201\Microsoft.Common.CurrentVersion.targets(2451,5): warning MSB3277:             InfragisticsWPF4.DataManager.v15.1, Version=15.1.20151.2055, Culture=neutral, PublicKeyToken=7dd5c3163f2cd0cb, processorArchitecture=MSIL [C:\Users\ultra\warewolf\Dev\Warewolf.Studio.Core\Warewolf.Studio.Core.csproj]
C:\Program Files\dotnet\sdk\10.0.201\Microsoft.Common.CurrentVersion.targets(2451,5): warning MSB3277:             InfragisticsWPF4.DockManager.v15.1, Version=15.1.20151.2055, Culture=neutral, PublicKeyToken=7dd5c3163f2cd0cb, processorArchitecture=MSIL [C:\Users\ultra\warewolf\Dev\Warewolf.Studio.Core\Warewolf.Studio.Core.csproj]
C:\Program Files\dotnet\sdk\10.0.201\Microsoft.Common.CurrentVersion.targets(2451,5): warning MSB3277:         C:\Users\ultra\.nuget\packages\dotnetzip\1.16.0\lib\netstandard2.0\DotNetZip.dll [C:\Users\ultra\warewolf\Dev\Warewolf.Studio.Core\Warewolf.Studio.Core.csproj]
C:\Program Files\dotnet\sdk\10.0.201\Microsoft.Common.CurrentVersion.targets(2451,5): warning MSB3277:           Project file item includes which caused reference "C:\Users\ultra\.nuget\packages\dotnetzip\1.16.0\lib\netstandard2.0\DotNetZip.dll". [C:\Users\ultra\warewolf\Dev\Warewolf.Studio.Core\Warewolf.Studio.Core.csproj]
C:\Program Files\dotnet\sdk\10.0.201\Microsoft.Common.CurrentVersion.targets(2451,5): warning MSB3277:             C:\Users\ultra\.nuget\packages\dotnetzip\1.16.0\lib\netstandard2.0\DotNetZip.dll [C:\Users\ultra\warewolf\Dev\Warewolf.Studio.Core\Warewolf.Studio.Core.csproj]
C:\Program Files\dotnet\sdk\10.0.201\Microsoft.Common.CurrentVersion.targets(2451,5): warning MSB3277:             C:\Users\ultra\warewolf\Dev\Dev2.Common\bin\Debug\net8.0\Dev2.Common.dll [C:\Users\ultra\warewolf\Dev\Warewolf.Studio.Core\Warewolf.Studio.Core.csproj]
C:\Program Files\dotnet\sdk\10.0.201\Microsoft.Common.CurrentVersion.targets(2451,5): warning MSB3277:             C:\Users\ultra\warewolf\Dev\Dev2.Core\bin\Debug\net8.0\Dev2.Core.dll [C:\Users\ultra\warewolf\Dev\Warewolf.Studio.Core\Warewolf.Studio.Core.csproj]
C:\Program Files\dotnet\sdk\10.0.201\Microsoft.Common.CurrentVersion.targets(2451,5): warning MSB3277:             C:\Users\ultra\warewolf\Dev\Dev2.Infrastructure\bin\Debug\net8.0\Dev2.Infrastructure.dll [C:\Users\ultra\warewolf\Dev\Warewolf.Studio.Core\Warewolf.Studio.Core.csproj]
C:\Program Files\dotnet\sdk\10.0.201\Microsoft.Common.CurrentVersion.targets(2451,5): warning MSB3277:             C:\Users\ultra\warewolf\Dev\Dev2.Studio.Interfaces\bin\Debug\net8.0\Dev2.Studio.Interfaces.dll [C:\Users\ultra\warewolf\Dev\Warewolf.Studio.Core\Warewolf.Studio.Core.csproj]
C:\Program Files\dotnet\sdk\10.0.201\Microsoft.Common.CurrentVersion.targets(2451,5): warning MSB3277:             C:\Users\ultra\warewolf\Dev\Dev2.Data\bin\Debug\net8.0\Dev2.Data.dll [C:\Users\ultra\warewolf\Dev\Warewolf.Studio.Core\Warewolf.Studio.Core.csproj]
C:\Program Files\dotnet\sdk\10.0.201\Microsoft.Common.CurrentVersion.targets(2451,5): warning MSB3277:             C:\Users\ultra\warewolf\Dev\Dev2.Data.Interfaces\bin\Debug\net8.0\Dev2.Data.Interfaces.dll [C:\Users\ultra\warewolf\Dev\Warewolf.Studio.Core\Warewolf.Studio.Core.csproj]
C:\Program Files\dotnet\sdk\10.0.201\Microsoft.Common.CurrentVersion.targets(2451,5): warning MSB3277:             C:\Users\ultra\warewolf\Dev\Dev2.Diagnostics\bin\Debug\net8.0\Dev2.Diagnostics.dll [C:\Users\ultra\warewolf\Dev\Warewolf.Studio.Core\Warewolf.Studio.Core.csproj]
C:\Program Files\dotnet\sdk\10.0.201\Microsoft.Common.CurrentVersion.targets(2451,5): warning MSB3277:             C:\Users\ultra\warewolf\Dev\Dev2.Runtime.Services\bin\Debug\net8.0\Dev2.Runtime.Services.dll [C:\Users\ultra\warewolf\Dev\Warewolf.Studio.Core\Warewolf.Studio.Core.csproj]
C:\Program Files\dotnet\sdk\10.0.201\Microsoft.Common.CurrentVersion.targets(2451,5): warning MSB3277:             C:\Users\ultra\warewolf\Dev\Dev2.Scheduler\bin\Debug\net8.0\Dev2.Scheduler.dll [C:\Users\ultra\warewolf\Dev\Warewolf.Studio.Core\Warewolf.Studio.Core.csproj]
C:\Program Files\dotnet\sdk\10.0.201\Microsoft.Common.CurrentVersion.targets(2451,5): warning MSB3277:             C:\Users\ultra\warewolf\Dev\Dev2.Services.Sql\bin\Debug\net8.0\Dev2.Services.Sql.dll [C:\Users\ultra\warewolf\Dev\Warewolf.Studio.Core\Warewolf.Studio.Core.csproj]
C:\Program Files\dotnet\sdk\10.0.201\Microsoft.Common.CurrentVersion.targets(2451,5): warning MSB3277:             C:\Users\ultra\warewolf\Dev\Dev2.TaskScheduler.Wrappers\bin\Debug\net8.0\Dev2.TaskScheduler.Wrappers.dll [C:\Users\ultra\warewolf\Dev\Warewolf.Studio.Core\Warewolf.Studio.Core.csproj]
C:\Program Files\dotnet\sdk\10.0.201\Microsoft.Common.CurrentVersion.targets(2451,5): warning MSB3277:             C:\Users\ultra\warewolf\Dev\Dev2.Util\bin\Debug\net8.0\Dev2.Util.dll [C:\Users\ultra\warewolf\Dev\Warewolf.Studio.Core\Warewolf.Studio.Core.csproj]
C:\Program Files\dotnet\sdk\10.0.201\Microsoft.Common.CurrentVersion.targets(2451,5): warning MSB3277:             C:\Users\ultra\warewolf\Dev\Warewolf.AI.Harness\bin\Debug\net8.0\Warewolf.AI.Harness.dll [C:\Users\ultra\warewolf\Dev\Warewolf.Studio.Core\Warewolf.Studio.Core.csproj]
C:\Program Files\dotnet\sdk\10.0.201\Microsoft.Common.CurrentVersion.targets(2451,5): warning MSB3277:             C:\Users\ultra\warewolf\Dev\Warewolf.Auditing\bin\Debug\net8.0\Warewolf.Auditing.dll [C:\Users\ultra\warewolf\Dev\Warewolf.Studio.Core\Warewolf.Studio.Core.csproj]
C:\Program Files\dotnet\sdk\10.0.201\Microsoft.Common.CurrentVersion.targets(2451,5): warning MSB3277:             C:\Users\ultra\warewolf\Dev\Warewolf.Common.NetStandard20\bin\Debug\net8.0\Warewolf.Common.NetStandard20.dll [C:\Users\ultra\warewolf\Dev\Warewolf.Studio.Core\Warewolf.Studio.Core.csproj]
C:\Program Files\dotnet\sdk\10.0.201\Microsoft.Common.CurrentVersion.targets(2451,5): warning MSB3277:             C:\Users\ultra\warewolf\Dev\Warewolf.Core\bin\Debug\net8.0\Warewolf.Core.dll [C:\Users\ultra\warewolf\Dev\Warewolf.Studio.Core\Warewolf.Studio.Core.csproj]
C:\Program Files\dotnet\sdk\10.0.201\Microsoft.Common.CurrentVersion.targets(2451,5): warning MSB3277:             C:\Users\ultra\warewolf\Dev\Warewolf.Driver.Serilog\bin\Debug\net8.0\Warewolf.Driver.Serilog.dll [C:\Users\ultra\warewolf\Dev\Warewolf.Studio.Core\Warewolf.Studio.Core.csproj]
C:\Program Files\dotnet\sdk\10.0.201\Microsoft.Common.CurrentVersion.targets(2451,5): warning MSB3277:             C:\Users\ultra\warewolf\Dev\Warewolf.ResourceManagement\bin\Debug\net8.0\Warewolf.ResourceManagement.dll [C:\Users\ultra\warewolf\Dev\Warewolf.Studio.Core\Warewolf.Studio.Core.csproj]
C:\Program Files\dotnet\sdk\10.0.201\Microsoft.Common.CurrentVersion.targets(2451,5): warning MSB3277:             C:\Users\ultra\warewolf\Dev\Warewolf.Sharepoint\bin\Debug\net8.0\Warewolf.Sharepoint.dll [C:\Users\ultra\warewolf\Dev\Warewolf.Studio.Core\Warewolf.Studio.Core.csproj]
C:\Program Files\dotnet\sdk\10.0.201\Microsoft.Common.CurrentVersion.targets(2451,5): warning MSB3277:             C:\Users\ultra\warewolf\Dev\Warewolf.Storage\bin\Debug\net8.0\Warewolf.Storage.dll [C:\Users\ultra\warewolf\Dev\Warewolf.Studio.Core\Warewolf.Studio.Core.csproj]
C:\Program Files\dotnet\sdk\10.0.201\Microsoft.Common.CurrentVersion.targets(2451,5): warning MSB3277:         C:\Users\ultra\.nuget\packages\mindbox.data.linq\5.0.0\lib\netstandard2.0\Mindbox.Data.Linq.dll [C:\Users\ultra\warewolf\Dev\Warewolf.Studio.Core\Warewolf.Studio.Core.csproj]
C:\Program Files\dotnet\sdk\10.0.201\Microsoft.Common.CurrentVersion.targets(2451,5): warning MSB3277:           Project file item includes which caused reference "C:\Users\ultra\.nuget\packages\mindbox.data.linq\5.0.0\lib\netstandard2.0\Mindbox.Data.Linq.dll". [C:\Users\ultra\warewolf\Dev\Warewolf.Studio.Core\Warewolf.Studio.Core.csproj]
C:\Program Files\dotnet\sdk\10.0.201\Microsoft.Common.CurrentVersion.targets(2451,5): warning MSB3277:             C:\Users\ultra\.nuget\packages\mindbox.data.linq\5.0.0\lib\netstandard2.0\Mindbox.Data.Linq.dll [C:\Users\ultra\warewolf\Dev\Warewolf.Studio.Core\Warewolf.Studio.Core.csproj]
C:\Program Files\dotnet\sdk\10.0.201\Microsoft.Common.CurrentVersion.targets(2451,5): warning MSB3277:             C:\Users\ultra\warewolf\Dev\Warewolf.Auditing\bin\Debug\net8.0\Warewolf.Auditing.dll [C:\Users\ultra\warewolf\Dev\Warewolf.Studio.Core\Warewolf.Studio.Core.csproj]
C:\Program Files\dotnet\sdk\10.0.201\Microsoft.Common.CurrentVersion.targets(2451,5): warning MSB3277:             C:\Users\ultra\warewolf\Dev\Dev2.Runtime.Services\bin\Debug\net8.0\Dev2.Runtime.Services.dll [C:\Users\ultra\warewolf\Dev\Warewolf.Studio.Core\Warewolf.Studio.Core.csproj]
C:\Program Files\dotnet\sdk\10.0.201\Microsoft.Common.CurrentVersion.targets(2451,5): warning MSB3277:             C:\Users\ultra\warewolf\Dev\Dev2.Studio.Interfaces\bin\Debug\net8.0\Dev2.Studio.Interfaces.dll [C:\Users\ultra\warewolf\Dev\Warewolf.Studio.Core\Warewolf.Studio.Core.csproj]
C:\Program Files\dotnet\sdk\10.0.201\Microsoft.Common.CurrentVersion.targets(2451,5): warning MSB3277:             C:\Users\ultra\warewolf\Dev\Warewolf.Common.NetStandard20\bin\Debug\net8.0\Warewolf.Common.NetStandard20.dll [C:\Users\ultra\warewolf\Dev\Warewolf.Studio.Core\Warewolf.Studio.Core.csproj]
C:\Program Files\dotnet\sdk\10.0.201\Microsoft.Common.CurrentVersion.targets(2451,5): warning MSB3277:         C:\Users\ultra\.nuget\packages\mysql.data\8.4.0\lib\net8.0\MySql.Data.dll [C:\Users\ultra\warewolf\Dev\Warewolf.Studio.Core\Warewolf.Studio.Core.csproj]
C:\Program Files\dotnet\sdk\10.0.201\Microsoft.Common.CurrentVersion.targets(2451,5): warning MSB3277:           Project file item includes which caused reference "C:\Users\ultra\.nuget\packages\mysql.data\8.4.0\lib\net8.0\MySql.Data.dll". [C:\Users\ultra\warewolf\Dev\Warewolf.Studio.Core\Warewolf.Studio.Core.csproj]
C:\Program Files\dotnet\sdk\10.0.201\Microsoft.Common.CurrentVersion.targets(2451,5): warning MSB3277:             C:\Users\ultra\.nuget\packages\mysql.data\8.4.0\lib\net8.0\MySql.Data.dll [C:\Users\ultra\warewolf\Dev\Warewolf.Studio.Core\Warewolf.Studio.Core.csproj]
C:\Program Files\dotnet\sdk\10.0.201\Microsoft.Common.CurrentVersion.targets(2451,5): warning MSB3277:             C:\Users\ultra\warewolf\Dev\Dev2.Runtime.Services\bin\Debug\net8.0\Dev2.Runtime.Services.dll [C:\Users\ultra\warewolf\Dev\Warewolf.Studio.Core\Warewolf.Studio.Core.csproj]
C:\Program Files\dotnet\sdk\10.0.201\Microsoft.Common.CurrentVersion.targets(2451,5): warning MSB3277:             C:\Users\ultra\warewolf\Dev\Dev2.Studio.Interfaces\bin\Debug\net8.0\Dev2.Studio.Interfaces.dll [C:\Users\ultra\warewolf\Dev\Warewolf.Studio.Core\Warewolf.Studio.Core.csproj]
C:\Program Files\dotnet\sdk\10.0.201\Microsoft.Common.CurrentVersion.targets(2451,5): warning MSB3277:             C:\Users\ultra\warewolf\Dev\Dev2.Services.Sql\bin\Debug\net8.0\Dev2.Services.Sql.dll [C:\Users\ultra\warewolf\Dev\Warewolf.Studio.Core\Warewolf.Studio.Core.csproj]
C:\Program Files\dotnet\sdk\10.0.201\Microsoft.Common.CurrentVersion.targets(2451,5): warning MSB3277:         C:\Users\ultra\.nuget\packages\oracle.manageddataaccess.core\3.21.70\lib\netstandard2.1\Oracle.ManagedDataAccess.dll [C:\Users\ultra\warewolf\Dev\Warewolf.Studio.Core\Warewolf.Studio.Core.csproj]
C:\Program Files\dotnet\sdk\10.0.201\Microsoft.Common.CurrentVersion.targets(2451,5): warning MSB3277:           Project file item includes which caused reference "C:\Users\ultra\.nuget\packages\oracle.manageddataaccess.core\3.21.70\lib\netstandard2.1\Oracle.ManagedDataAccess.dll". [C:\Users\ultra\warewolf\Dev\Warewolf.Studio.Core\Warewolf.Studio.Core.csproj]
C:\Program Files\dotnet\sdk\10.0.201\Microsoft.Common.CurrentVersion.targets(2451,5): warning MSB3277:             C:\Users\ultra\.nuget\packages\oracle.manageddataaccess.core\3.21.70\lib\netstandard2.1\Oracle.ManagedDataAccess.dll [C:\Users\ultra\warewolf\Dev\Warewolf.Studio.Core\Warewolf.Studio.Core.csproj]
C:\Program Files\dotnet\sdk\10.0.201\Microsoft.Common.CurrentVersion.targets(2451,5): warning MSB3277:             C:\Users\ultra\warewolf\Dev\Dev2.Runtime.Services\bin\Debug\net8.0\Dev2.Runtime.Services.dll [C:\Users\ultra\warewolf\Dev\Warewolf.Studio.Core\Warewolf.Studio.Core.csproj]
C:\Program Files\dotnet\sdk\10.0.201\Microsoft.Common.CurrentVersion.targets(2451,5): warning MSB3277:             C:\Users\ultra\warewolf\Dev\Dev2.Studio.Interfaces\bin\Debug\net8.0\Dev2.Studio.Interfaces.dll [C:\Users\ultra\warewolf\Dev\Warewolf.Studio.Core\Warewolf.Studio.Core.csproj]
C:\Program Files\dotnet\sdk\10.0.201\Microsoft.Common.CurrentVersion.targets(2451,5): warning MSB3277:             C:\Users\ultra\warewolf\Dev\Dev2.Services.Sql\bin\Debug\net8.0\Dev2.Services.Sql.dll [C:\Users\ultra\warewolf\Dev\Warewolf.Studio.Core\Warewolf.Studio.Core.csproj]
C:\Program Files\dotnet\sdk\10.0.201\Microsoft.Common.CurrentVersion.targets(2451,5): warning MSB3277:         C:\Users\ultra\.nuget\packages\system.directoryservices\6.0.0\lib\net6.0\System.DirectoryServices.dll [C:\Users\ultra\warewolf\Dev\Warewolf.Studio.Core\Warewolf.Studio.Core.csproj]
C:\Program Files\dotnet\sdk\10.0.201\Microsoft.Common.CurrentVersion.targets(2451,5): warning MSB3277:           Project file item includes which caused reference "C:\Users\ultra\.nuget\packages\system.directoryservices\6.0.0\lib\net6.0\System.DirectoryServices.dll". [C:\Users\ultra\warewolf\Dev\Warewolf.Studio.Core\Warewolf.Studio.Core.csproj]
C:\Program Files\dotnet\sdk\10.0.201\Microsoft.Common.CurrentVersion.targets(2451,5): warning MSB3277:             C:\Users\ultra\.nuget\packages\system.directoryservices\6.0.0\lib\net6.0\System.DirectoryServices.dll [C:\Users\ultra\warewolf\Dev\Warewolf.Studio.Core\Warewolf.Studio.Core.csproj]
C:\Program Files\dotnet\sdk\10.0.201\Microsoft.Common.CurrentVersion.targets(2451,5): warning MSB3277:             C:\Users\ultra\.nuget\packages\corewcf.primitives\1.2.1\lib\netstandard2.0\CoreWCF.Primitives.dll [C:\Users\ultra\warewolf\Dev\Warewolf.Studio.Core\Warewolf.Studio.Core.csproj]
C:\Program Files\dotnet\sdk\10.0.201\Microsoft.Common.CurrentVersion.targets(2451,5): warning MSB3277:             C:\Users\ultra\warewolf\Dev\Dev2.Runtime.Services\bin\Debug\net8.0\Dev2.Runtime.Services.dll [C:\Users\ultra\warewolf\Dev\Warewolf.Studio.Core\Warewolf.Studio.Core.csproj]
C:\Program Files\dotnet\sdk\10.0.201\Microsoft.Common.CurrentVersion.targets(2451,5): warning MSB3277:             C:\Users\ultra\warewolf\Dev\Dev2.Studio.Interfaces\bin\Debug\net8.0\Dev2.Studio.Interfaces.dll [C:\Users\ultra\warewolf\Dev\Warewolf.Studio.Core\Warewolf.Studio.Core.csproj]
C:\Program Files\dotnet\sdk\10.0.201\Microsoft.Common.CurrentVersion.targets(2451,5): warning MSB3277:             C:\Users\ultra\.nuget\packages\corewcf.http\1.2.1\lib\netstandard2.0\CoreWCF.Http.dll [C:\Users\ultra\warewolf\Dev\Warewolf.Studio.Core\Warewolf.Studio.Core.csproj]
C:\Program Files\dotnet\sdk\10.0.201\Microsoft.Common.CurrentVersion.targets(2451,5): warning MSB3277:             C:\Users\ultra\.nuget\packages\corewcf.nettcp\1.2.1\lib\netstandard2.0\CoreWCF.NetTcp.dll [C:\Users\ultra\warewolf\Dev\Warewolf.Studio.Core\Warewolf.Studio.Core.csproj]
C:\Program Files\dotnet\sdk\10.0.201\Microsoft.Common.CurrentVersion.targets(2451,5): warning MSB3277:             C:\Users\ultra\.nuget\packages\corewcf.webhttp\1.2.1\lib\netstandard2.0\CoreWCF.WebHttp.dll [C:\Users\ultra\warewolf\Dev\Warewolf.Studio.Core\Warewolf.Studio.Core.csproj]
C:\Program Files\dotnet\sdk\10.0.201\Microsoft.Common.CurrentVersion.targets(2451,5): warning MSB3277:         C:\Program Files\dotnet\packs\Microsoft.NETCore.App.Ref\8.0.25\ref\net8.0\System.Configuration.dll [C:\Users\ultra\warewolf\Dev\Warewolf.Studio.Core\Warewolf.Studio.Core.csproj]
C:\Program Files\dotnet\sdk\10.0.201\Microsoft.Common.CurrentVersion.targets(2451,5): warning MSB3277:           Project file item includes which caused reference "C:\Program Files\dotnet\packs\Microsoft.NETCore.App.Ref\8.0.25\ref\net8.0\System.Configuration.dll". [C:\Users\ultra\warewolf\Dev\Warewolf.Studio.Core\Warewolf.Studio.Core.csproj]
C:\Program Files\dotnet\sdk\10.0.201\Microsoft.Common.CurrentVersion.targets(2451,5): warning MSB3277:             C:\Program Files\dotnet\packs\Microsoft.NETCore.App.Ref\8.0.25\ref/net8.0/System.Configuration.dll [C:\Users\ultra\warewolf\Dev\Warewolf.Studio.Core\Warewolf.Studio.Core.csproj]
C:\Program Files\dotnet\sdk\10.0.201\Microsoft.Common.CurrentVersion.targets(2451,5): warning MSB3277:             C:\Users\ultra\.nuget\packages\prism.wpf\9.0.537\lib\net462\Prism.Wpf.dll [C:\Users\ultra\warewolf\Dev\Warewolf.Studio.Core\Warewolf.Studio.Core.csproj]
C:\Program Files\dotnet\sdk\10.0.201\Microsoft.Common.CurrentVersion.targets(2451,5): warning MSB3277:         C:\Program Files\dotnet\packs\Microsoft.NETCore.App.Ref\8.0.25\ref\net8.0\System.Data.dll [C:\Users\ultra\warewolf\Dev\Warewolf.Studio.Core\Warewolf.Studio.Core.csproj]
C:\Program Files\dotnet\sdk\10.0.201\Microsoft.Common.CurrentVersion.targets(2451,5): warning MSB3277:           Project file item includes which caused reference "C:\Program Files\dotnet\packs\Microsoft.NETCore.App.Ref\8.0.25\ref\net8.0\System.Data.dll". [C:\Users\ultra\warewolf\Dev\Warewolf.Studio.Core\Warewolf.Studio.Core.csproj]
C:\Program Files\dotnet\sdk\10.0.201\Microsoft.Common.CurrentVersion.targets(2451,5): warning MSB3277:             C:\Program Files\dotnet\packs\Microsoft.NETCore.App.Ref\8.0.25\ref/net8.0/System.Data.dll [C:\Users\ultra\warewolf\Dev\Warewolf.Studio.Core\Warewolf.Studio.Core.csproj]
C:\Program Files\dotnet\sdk\10.0.201\Microsoft.Common.CurrentVersion.targets(2451,5): warning MSB3277:             C:\Users\ultra\.nuget\packages\taskschedulereditor\2.10.1\lib\net452\Microsoft.Win32.TaskSchedulerEditor.dll [C:\Users\ultra\warewolf\Dev\Warewolf.Studio.Core\Warewolf.Studio.Core.csproj]
C:\Program Files\dotnet\sdk\10.0.201\Microsoft.Common.CurrentVersion.targets(2451,5): warning MSB3277:         C:\Program Files\dotnet\packs\Microsoft.NETCore.App.Ref\8.0.25\ref\net8.0\System.Drawing.dll [C:\Users\ultra\warewolf\Dev\Warewolf.Studio.Core\Warewolf.Studio.Core.csproj]
C:\Program Files\dotnet\sdk\10.0.201\Microsoft.Common.CurrentVersion.targets(2451,5): warning MSB3277:           Project file item includes which caused reference "C:\Program Files\dotnet\packs\Microsoft.NETCore.App.Ref\8.0.25\ref\net8.0\System.Drawing.dll". [C:\Users\ultra\warewolf\Dev\Warewolf.Studio.Core\Warewolf.Studio.Core.csproj]
C:\Program Files\dotnet\sdk\10.0.201\Microsoft.Common.CurrentVersion.targets(2451,5): warning MSB3277:             C:\Program Files\dotnet\packs\Microsoft.NETCore.App.Ref\8.0.25\ref/net8.0/System.Drawing.dll [C:\Users\ultra\warewolf\Dev\Warewolf.Studio.Core\Warewolf.Studio.Core.csproj]
C:\Program Files\dotnet\sdk\10.0.201\Microsoft.Common.CurrentVersion.targets(2451,5): warning MSB3277:             C:\Users\ultra\.nuget\packages\aerowizard\2.3.1\lib\net45\AeroWizard.dll [C:\Users\ultra\warewolf\Dev\Warewolf.Studio.Core\Warewolf.Studio.Core.csproj]
C:\Program Files\dotnet\sdk\10.0.201\Microsoft.Common.CurrentVersion.targets(2451,5): warning MSB3277:             C:\Users\ultra\.nuget\packages\groupcontrols\1.9.0\lib\net45\GroupControls.dll [C:\Users\ultra\warewolf\Dev\Warewolf.Studio.Core\Warewolf.Studio.Core.csproj]
C:\Program Files\dotnet\sdk\10.0.201\Microsoft.Common.CurrentVersion.targets(2451,5): warning MSB3277:             C:\Users\ultra\.nuget\packages\taskschedulereditor\2.10.1\lib\net452\Microsoft.Win32.TaskSchedulerEditor.dll [C:\Users\ultra\warewolf\Dev\Warewolf.Studio.Core\Warewolf.Studio.Core.csproj]
C:\Program Files\dotnet\sdk\10.0.201\Microsoft.Common.CurrentVersion.targets(2451,5): warning MSB3277:         C:\Program Files\dotnet\packs\Microsoft.NETCore.App.Ref\8.0.25\ref\net8.0\System.Net.dll [C:\Users\ultra\warewolf\Dev\Warewolf.Studio.Core\Warewolf.Studio.Core.csproj]
C:\Program Files\dotnet\sdk\10.0.201\Microsoft.Common.CurrentVersion.targets(2451,5): warning MSB3277:           Project file item includes which caused reference "C:\Program Files\dotnet\packs\Microsoft.NETCore.App.Ref\8.0.25\ref\net8.0\System.Net.dll". [C:\Users\ultra\warewolf\Dev\Warewolf.Studio.Core\Warewolf.Studio.Core.csproj]
C:\Program Files\dotnet\sdk\10.0.201\Microsoft.Common.CurrentVersion.targets(2451,5): warning MSB3277:             C:\Program Files\dotnet\packs\Microsoft.NETCore.App.Ref\8.0.25\ref/net8.0/System.Net.dll [C:\Users\ultra\warewolf\Dev\Warewolf.Studio.Core\Warewolf.Studio.Core.csproj]
C:\Program Files\dotnet\sdk\10.0.201\Microsoft.Common.CurrentVersion.targets(2451,5): warning MSB3277:         C:\Program Files\dotnet\packs\Microsoft.NETCore.App.Ref\8.0.25\ref\net8.0\System.Security.dll [C:\Users\ultra\warewolf\Dev\Warewolf.Studio.Core\Warewolf.Studio.Core.csproj]
C:\Program Files\dotnet\sdk\10.0.201\Microsoft.Common.CurrentVersion.targets(2451,5): warning MSB3277:           Project file item includes which caused reference "C:\Program Files\dotnet\packs\Microsoft.NETCore.App.Ref\8.0.25\ref\net8.0\System.Security.dll". [C:\Users\ultra\warewolf\Dev\Warewolf.Studio.Core\Warewolf.Studio.Core.csproj]
C:\Program Files\dotnet\sdk\10.0.201\Microsoft.Common.CurrentVersion.targets(2451,5): warning MSB3277:             C:\Program Files\dotnet\packs\Microsoft.NETCore.App.Ref\8.0.25\ref/net8.0/System.Security.dll [C:\Users\ultra\warewolf\Dev\Warewolf.Studio.Core\Warewolf.Studio.Core.csproj]
C:\Program Files\dotnet\sdk\10.0.201\Microsoft.Common.CurrentVersion.targets(2451,5): warning MSB3277:         C:\Program Files\dotnet\packs\Microsoft.NETCore.App.Ref\8.0.25\ref\net8.0\System.ServiceProcess.dll [C:\Users\ultra\warewolf\Dev\Warewolf.Studio.Core\Warewolf.Studio.Core.csproj]
C:\Program Files\dotnet\sdk\10.0.201\Microsoft.Common.CurrentVersion.targets(2451,5): warning MSB3277:           Project file item includes which caused reference "C:\Program Files\dotnet\packs\Microsoft.NETCore.App.Ref\8.0.25\ref\net8.0\System.ServiceProcess.dll". [C:\Users\ultra\warewolf\Dev\Warewolf.Studio.Core\Warewolf.Studio.Core.csproj]
C:\Program Files\dotnet\sdk\10.0.201\Microsoft.Common.CurrentVersion.targets(2451,5): warning MSB3277:             C:\Program Files\dotnet\packs\Microsoft.NETCore.App.Ref\8.0.25\ref/net8.0/System.ServiceProcess.dll [C:\Users\ultra\warewolf\Dev\Warewolf.Studio.Core\Warewolf.Studio.Core.csproj]
C:\Program Files\dotnet\sdk\10.0.201\Microsoft.Common.CurrentVersion.targets(2451,5): warning MSB3277:         C:\Program Files\dotnet\packs\Microsoft.NETCore.App.Ref\8.0.25\ref\net8.0\System.Transactions.dll [C:\Users\ultra\warewolf\Dev\Warewolf.Studio.Core\Warewolf.Studio.Core.csproj]
C:\Program Files\dotnet\sdk\10.0.201\Microsoft.Common.CurrentVersion.targets(2451,5): warning MSB3277:           Project file item includes which caused reference "C:\Program Files\dotnet\packs\Microsoft.NETCore.App.Ref\8.0.25\ref\net8.0\System.Transactions.dll". [C:\Users\ultra\warewolf\Dev\Warewolf.Studio.Core\Warewolf.Studio.Core.csproj]
C:\Program Files\dotnet\sdk\10.0.201\Microsoft.Common.CurrentVersion.targets(2451,5): warning MSB3277:             C:\Program Files\dotnet\packs\Microsoft.NETCore.App.Ref\8.0.25\ref/net8.0/System.Transactions.dll [C:\Users\ultra\warewolf\Dev\Warewolf.Studio.Core\Warewolf.Studio.Core.csproj]
C:\Program Files\dotnet\sdk\10.0.201\Microsoft.Common.CurrentVersion.targets(2451,5): warning MSB3277:         C:\Program Files\dotnet\packs\Microsoft.NETCore.App.Ref\8.0.25\ref\net8.0\System.dll [C:\Users\ultra\warewolf\Dev\Warewolf.Studio.Core\Warewolf.Studio.Core.csproj]
C:\Program Files\dotnet\sdk\10.0.201\Microsoft.Common.CurrentVersion.targets(2451,5): warning MSB3277:           Project file item includes which caused reference "C:\Program Files\dotnet\packs\Microsoft.NETCore.App.Ref\8.0.25\ref\net8.0\System.dll". [C:\Users\ultra\warewolf\Dev\Warewolf.Studio.Core\Warewolf.Studio.Core.csproj]
C:\Program Files\dotnet\sdk\10.0.201\Microsoft.Common.CurrentVersion.targets(2451,5): warning MSB3277:             C:\Program Files\dotnet\packs\Microsoft.NETCore.App.Ref\8.0.25\ref/net8.0/System.dll [C:\Users\ultra\warewolf\Dev\Warewolf.Studio.Core\Warewolf.Studio.Core.csproj]
C:\Program Files\dotnet\sdk\10.0.201\Microsoft.Common.CurrentVersion.targets(2451,5): warning MSB3277:             C:\Users\ultra\.nuget\packages\aerowizard\2.3.1\lib\net45\AeroWizard.dll [C:\Users\ultra\warewolf\Dev\Warewolf.Studio.Core\Warewolf.Studio.Core.csproj]
C:\Program Files\dotnet\sdk\10.0.201\Microsoft.Common.CurrentVersion.targets(2451,5): warning MSB3277:             C:\Users\ultra\.nuget\packages\groupcontrols\1.9.0\lib\net45\GroupControls.dll [C:\Users\ultra\warewolf\Dev\Warewolf.Studio.Core\Warewolf.Studio.Core.csproj]
C:\Program Files\dotnet\sdk\10.0.201\Microsoft.Common.CurrentVersion.targets(2451,5): warning MSB3277:             C:\Users\ultra\.nuget\packages\microsoft.xaml.behaviors.wpf\1.1.122\lib\net462\Microsoft.Xaml.Behaviors.dll [C:\Users\ultra\warewolf\Dev\Warewolf.Studio.Core\Warewolf.Studio.Core.csproj]
C:\Program Files\dotnet\sdk\10.0.201\Microsoft.Common.CurrentVersion.targets(2451,5): warning MSB3277:             C:\Users\ultra\.nuget\packages\caliburn.micro\4.0.212\lib\netcoreapp3.1\Caliburn.Micro.Platform.dll [C:\Users\ultra\warewolf\Dev\Warewolf.Studio.Core\Warewolf.Studio.Core.csproj]
C:\Program Files\dotnet\sdk\10.0.201\Microsoft.Common.CurrentVersion.targets(2451,5): warning MSB3277:             C:\Users\ultra\.nuget\packages\prism.wpf\9.0.537\lib\net462\Prism.Wpf.dll [C:\Users\ultra\warewolf\Dev\Warewolf.Studio.Core\Warewolf.Studio.Core.csproj]
C:\Program Files\dotnet\sdk\10.0.201\Microsoft.Common.CurrentVersion.targets(2451,5): warning MSB3277:             C:\Users\ultra\.nuget\packages\reactiveui.wpf\18.4.1\lib\net462\ReactiveUI.Wpf.dll [C:\Users\ultra\warewolf\Dev\Warewolf.Studio.Core\Warewolf.Studio.Core.csproj]
C:\Program Files\dotnet\sdk\10.0.201\Microsoft.Common.CurrentVersion.targets(2451,5): warning MSB3277:             C:\Users\ultra\.nuget\packages\taskschedulereditor\2.10.1\lib\net452\Microsoft.Win32.TaskSchedulerEditor.dll [C:\Users\ultra\warewolf\Dev\Warewolf.Studio.Core\Warewolf.Studio.Core.csproj]
C:\Program Files\dotnet\sdk\10.0.201\Microsoft.Common.CurrentVersion.targets(2451,5): warning MSB3277:             C:\Users\ultra\.nuget\packages\ttcue.netcore.sharepointonline.csom.16.1.8029.1200\16.1.8029.1200\lib\netcoreapp2.0\Microsoft.SharePoint.Client.Runtime.Windows.dll [C:\Users\ultra\warewolf\Dev\Warewolf.Studio.Core\Warewolf.Studio.Core.csproj]
C:\Program Files\dotnet\sdk\10.0.201\Microsoft.Common.CurrentVersion.targets(2451,5): warning MSB3277:         C:\Program Files\dotnet\packs\Microsoft.NETCore.App.Ref\8.0.25\ref\net8.0\WindowsBase.dll [C:\Users\ultra\warewolf\Dev\Warewolf.Studio.Core\Warewolf.Studio.Core.csproj]
C:\Program Files\dotnet\sdk\10.0.201\Microsoft.Common.CurrentVersion.targets(2451,5): warning MSB3277:           Project file item includes which caused reference "C:\Program Files\dotnet\packs\Microsoft.NETCore.App.Ref\8.0.25\ref\net8.0\WindowsBase.dll". [C:\Users\ultra\warewolf\Dev\Warewolf.Studio.Core\Warewolf.Studio.Core.csproj]
C:\Program Files\dotnet\sdk\10.0.201\Microsoft.Common.CurrentVersion.targets(2451,5): warning MSB3277:             C:\Program Files\dotnet\packs\Microsoft.NETCore.App.Ref\8.0.25\ref/net8.0/WindowsBase.dll [C:\Users\ultra\warewolf\Dev\Warewolf.Studio.Core\Warewolf.Studio.Core.csproj]
C:\Program Files\dotnet\sdk\10.0.201\Microsoft.Common.CurrentVersion.targets(2451,5): warning MSB3277:         C:\Program Files\dotnet\packs\Microsoft.NETCore.App.Ref\8.0.25\ref\net8.0\mscorlib.dll [C:\Users\ultra\warewolf\Dev\Warewolf.Studio.Core\Warewolf.Studio.Core.csproj]
C:\Program Files\dotnet\sdk\10.0.201\Microsoft.Common.CurrentVersion.targets(2451,5): warning MSB3277:           Project file item includes which caused reference "C:\Program Files\dotnet\packs\Microsoft.NETCore.App.Ref\8.0.25\ref\net8.0\mscorlib.dll". [C:\Users\ultra\warewolf\Dev\Warewolf.Studio.Core\Warewolf.Studio.Core.csproj]
C:\Program Files\dotnet\sdk\10.0.201\Microsoft.Common.CurrentVersion.targets(2451,5): warning MSB3277:             C:\Program Files\dotnet\packs\Microsoft.NETCore.App.Ref\8.0.25\ref/net8.0/mscorlib.dll [C:\Users\ultra\warewolf\Dev\Warewolf.Studio.Core\Warewolf.Studio.Core.csproj]
C:\Program Files\dotnet\sdk\10.0.201\Microsoft.Common.CurrentVersion.targets(2451,5): warning MSB3277:             C:\Users\ultra\.nuget\packages\aerowizard\2.3.1\lib\net45\AeroWizard.dll [C:\Users\ultra\warewolf\Dev\Warewolf.Studio.Core\Warewolf.Studio.Core.csproj]
C:\Program Files\dotnet\sdk\10.0.201\Microsoft.Common.CurrentVersion.targets(2451,5): warning MSB3277:             C:\Users\ultra\.nuget\packages\groupcontrols\1.9.0\lib\net45\GroupControls.dll [C:\Users\ultra\warewolf\Dev\Warewolf.Studio.Core\Warewolf.Studio.Core.csproj]
C:\Program Files\dotnet\sdk\10.0.201\Microsoft.Common.CurrentVersion.targets(2451,5): warning MSB3277:             C:\Users\ultra\.nuget\packages\microsoft.xaml.behaviors.wpf\1.1.122\lib\net462\Microsoft.Xaml.Behaviors.dll [C:\Users\ultra\warewolf\Dev\Warewolf.Studio.Core\Warewolf.Studio.Core.csproj]
C:\Program Files\dotnet\sdk\10.0.201\Microsoft.Common.CurrentVersion.targets(2451,5): warning MSB3277:             C:\Users\ultra\.nuget\packages\caliburn.micro\4.0.212\lib\netcoreapp3.1\Caliburn.Micro.Platform.dll [C:\Users\ultra\warewolf\Dev\Warewolf.Studio.Core\Warewolf.Studio.Core.csproj]
C:\Program Files\dotnet\sdk\10.0.201\Microsoft.Common.CurrentVersion.targets(2451,5): warning MSB3277:             C:\Users\ultra\.nuget\packages\oracle.manageddataaccess.core\3.21.70\lib\netstandard2.1\Oracle.ManagedDataAccess.dll [C:\Users\ultra\warewolf\Dev\Warewolf.Studio.Core\Warewolf.Studio.Core.csproj]
C:\Program Files\dotnet\sdk\10.0.201\Microsoft.Common.CurrentVersion.targets(2451,5): warning MSB3277:             C:\Users\ultra\warewolf\Dev\Dev2.Runtime.Services\bin\Debug\net8.0\Dev2.Runtime.Services.dll [C:\Users\ultra\warewolf\Dev\Warewolf.Studio.Core\Warewolf.Studio.Core.csproj]
C:\Program Files\dotnet\sdk\10.0.201\Microsoft.Common.CurrentVersion.targets(2451,5): warning MSB3277:             C:\Users\ultra\warewolf\Dev\Dev2.Studio.Interfaces\bin\Debug\net8.0\Dev2.Studio.Interfaces.dll [C:\Users\ultra\warewolf\Dev\Warewolf.Studio.Core\Warewolf.Studio.Core.csproj]
C:\Program Files\dotnet\sdk\10.0.201\Microsoft.Common.CurrentVersion.targets(2451,5): warning MSB3277:             C:\Users\ultra\warewolf\Dev\Dev2.Services.Sql\bin\Debug\net8.0\Dev2.Services.Sql.dll [C:\Users\ultra\warewolf\Dev\Warewolf.Studio.Core\Warewolf.Studio.Core.csproj]
C:\Program Files\dotnet\sdk\10.0.201\Microsoft.Common.CurrentVersion.targets(2451,5): warning MSB3277:             C:\Users\ultra\.nuget\packages\prism.wpf\9.0.537\lib\net462\Prism.Wpf.dll [C:\Users\ultra\warewolf\Dev\Warewolf.Studio.Core\Warewolf.Studio.Core.csproj]
C:\Program Files\dotnet\sdk\10.0.201\Microsoft.Common.CurrentVersion.targets(2451,5): warning MSB3277:             C:\Users\ultra\.nuget\packages\reactiveui.wpf\18.4.1\lib\net462\ReactiveUI.Wpf.dll [C:\Users\ultra\warewolf\Dev\Warewolf.Studio.Core\Warewolf.Studio.Core.csproj]
C:\Program Files\dotnet\sdk\10.0.201\Microsoft.Common.CurrentVersion.targets(2451,5): warning MSB3277:             C:\Users\ultra\.nuget\packages\taskschedulereditor\2.10.1\lib\net452\Microsoft.Win32.TaskSchedulerEditor.dll [C:\Users\ultra\warewolf\Dev\Warewolf.Studio.Core\Warewolf.Studio.Core.csproj]
C:\Program Files\dotnet\sdk\10.0.201\Microsoft.Common.CurrentVersion.targets(2451,5): warning MSB3277:             C:\Users\ultra\.nuget\packages\ttcue.netcore.sharepointonline.csom.16.1.8029.1200\16.1.8029.1200\lib\netcoreapp2.0\Microsoft.SharePoint.Client.Runtime.Windows.dll [C:\Users\ultra\warewolf\Dev\Warewolf.Studio.Core\Warewolf.Studio.Core.csproj]
C:\Program Files\dotnet\sdk\10.0.201\Microsoft.Common.CurrentVersion.targets(2451,5): warning MSB3277: Found conflicts between different versions of "WindowsBase" that could not be resolved. [C:\Users\ultra\warewolf\Dev\Warewolf.Studio.Core\Warewolf.Studio.Core.csproj]
C:\Program Files\dotnet\sdk\10.0.201\Microsoft.Common.CurrentVersion.targets(2451,5): warning MSB3277: There was a conflict between "WindowsBase, Version=4.0.0.0, Culture=neutral, PublicKeyToken=31bf3856ad364e35" and "WindowsBase, Version=6.0.2.0, Culture=neutral, PublicKeyToken=31bf3856ad364e35". [C:\Users\ultra\warewolf\Dev\Warewolf.Studio.Core\Warewolf.Studio.Core.csproj]
C:\Program Files\dotnet\sdk\10.0.201\Microsoft.Common.CurrentVersion.targets(2451,5): warning MSB3277:     "WindowsBase, Version=4.0.0.0, Culture=neutral, PublicKeyToken=31bf3856ad364e35" was chosen because it was primary and "WindowsBase, Version=6.0.2.0, Culture=neutral, PublicKeyToken=31bf3856ad364e35" was not. [C:\Users\ultra\warewolf\Dev\Warewolf.Studio.Core\Warewolf.Studio.Core.csproj]
C:\Program Files\dotnet\sdk\10.0.201\Microsoft.Common.CurrentVersion.targets(2451,5): warning MSB3277:     References which depend on "WindowsBase, Version=4.0.0.0, Culture=neutral, PublicKeyToken=31bf3856ad364e35" [C:\Program Files\dotnet\packs\Microsoft.NETCore.App.Ref\8.0.25\ref\net8.0\WindowsBase.dll]. [C:\Users\ultra\warewolf\Dev\Warewolf.Studio.Core\Warewolf.Studio.Core.csproj]
C:\Program Files\dotnet\sdk\10.0.201\Microsoft.Common.CurrentVersion.targets(2451,5): warning MSB3277:         C:\Program Files\dotnet\packs\Microsoft.NETCore.App.Ref\8.0.25\ref\net8.0\WindowsBase.dll [C:\Users\ultra\warewolf\Dev\Warewolf.Studio.Core\Warewolf.Studio.Core.csproj]
C:\Program Files\dotnet\sdk\10.0.201\Microsoft.Common.CurrentVersion.targets(2451,5): warning MSB3277:           Project file item includes which caused reference "C:\Program Files\dotnet\packs\Microsoft.NETCore.App.Ref\8.0.25\ref\net8.0\WindowsBase.dll". [C:\Users\ultra\warewolf\Dev\Warewolf.Studio.Core\Warewolf.Studio.Core.csproj]
C:\Program Files\dotnet\sdk\10.0.201\Microsoft.Common.CurrentVersion.targets(2451,5): warning MSB3277:             C:\Program Files\dotnet\packs\Microsoft.NETCore.App.Ref\8.0.25\ref/net8.0/WindowsBase.dll [C:\Users\ultra\warewolf\Dev\Warewolf.Studio.Core\Warewolf.Studio.Core.csproj]
C:\Program Files\dotnet\sdk\10.0.201\Microsoft.Common.CurrentVersion.targets(2451,5): warning MSB3277:     References which depend on or have been unified to "WindowsBase, Version=6.0.2.0, Culture=neutral, PublicKeyToken=31bf3856ad364e35" []. [C:\Users\ultra\warewolf\Dev\Warewolf.Studio.Core\Warewolf.Studio.Core.csproj]
C:\Program Files\dotnet\sdk\10.0.201\Microsoft.Common.CurrentVersion.targets(2451,5): warning MSB3277:         C:\Users\ultra\warewolf\Dev\Binaries\Infragistcs_Net6\InfragisticsWPF4.Controls.Menus.XamDataTree.v15.1.dll [C:\Users\ultra\warewolf\Dev\Warewolf.Studio.Core\Warewolf.Studio.Core.csproj]
C:\Program Files\dotnet\sdk\10.0.201\Microsoft.Common.CurrentVersion.targets(2451,5): warning MSB3277:           Project file item includes which caused reference "C:\Users\ultra\warewolf\Dev\Binaries\Infragistcs_Net6\InfragisticsWPF4.Controls.Menus.XamDataTree.v15.1.dll". [C:\Users\ultra\warewolf\Dev\Warewolf.Studio.Core\Warewolf.Studio.Core.csproj]
C:\Program Files\dotnet\sdk\10.0.201\Microsoft.Common.CurrentVersion.targets(2451,5): warning MSB3277:             InfragisticsWPF4.Controls.Menus.XamDataTree.v15.1, Version=15.1.20151.2055, Culture=neutral, PublicKeyToken=7dd5c3163f2cd0cb, processorArchitecture=MSIL [C:\Users\ultra\warewolf\Dev\Warewolf.Studio.Core\Warewolf.Studio.Core.csproj]
C:\Program Files\dotnet\sdk\10.0.201\Microsoft.Common.CurrentVersion.targets(2451,5): warning MSB3277:         C:\Users\ultra\warewolf\Dev\Binaries\Infragistcs_Net6\InfragisticsWPF4.DataManager.v15.1.dll [C:\Users\ultra\warewolf\Dev\Warewolf.Studio.Core\Warewolf.Studio.Core.csproj]
C:\Program Files\dotnet\sdk\10.0.201\Microsoft.Common.CurrentVersion.targets(2451,5): warning MSB3277:           Project file item includes which caused reference "C:\Users\ultra\warewolf\Dev\Binaries\Infragistcs_Net6\InfragisticsWPF4.DataManager.v15.1.dll". [C:\Users\ultra\warewolf\Dev\Warewolf.Studio.Core\Warewolf.Studio.Core.csproj]
C:\Program Files\dotnet\sdk\10.0.201\Microsoft.Common.CurrentVersion.targets(2451,5): warning MSB3277:             InfragisticsWPF4.DataManager.v15.1, Version=15.1.20151.2055, Culture=neutral, PublicKeyToken=7dd5c3163f2cd0cb, processorArchitecture=MSIL [C:\Users\ultra\warewolf\Dev\Warewolf.Studio.Core\Warewolf.Studio.Core.csproj]
C:\Program Files\dotnet\sdk\10.0.201\Microsoft.Common.CurrentVersion.targets(2451,5): warning MSB3277:             InfragisticsWPF4.Controls.Menus.XamDataTree.v15.1, Version=15.1.20151.2055, Culture=neutral, PublicKeyToken=7dd5c3163f2cd0cb, processorArchitecture=MSIL [C:\Users\ultra\warewolf\Dev\Warewolf.Studio.Core\Warewolf.Studio.Core.csproj]
C:\Program Files\dotnet\sdk\10.0.201\Microsoft.Common.CurrentVersion.targets(2451,5): warning MSB3277:         C:\Users\ultra\warewolf\Dev\Binaries\Infragistcs_Net6\InfragisticsWPF4.DockManager.v15.1.dll [C:\Users\ultra\warewolf\Dev\Warewolf.Studio.Core\Warewolf.Studio.Core.csproj]
C:\Program Files\dotnet\sdk\10.0.201\Microsoft.Common.CurrentVersion.targets(2451,5): warning MSB3277:           Project file item includes which caused reference "C:\Users\ultra\warewolf\Dev\Binaries\Infragistcs_Net6\InfragisticsWPF4.DockManager.v15.1.dll". [C:\Users\ultra\warewolf\Dev\Warewolf.Studio.Core\Warewolf.Studio.Core.csproj]
C:\Program Files\dotnet\sdk\10.0.201\Microsoft.Common.CurrentVersion.targets(2451,5): warning MSB3277:             InfragisticsWPF4.DockManager.v15.1, Version=15.1.20151.2055, Culture=neutral, PublicKeyToken=7dd5c3163f2cd0cb, processorArchitecture=MSIL [C:\Users\ultra\warewolf\Dev\Warewolf.Studio.Core\Warewolf.Studio.Core.csproj]
C:\Program Files\dotnet\sdk\10.0.201\Microsoft.Common.CurrentVersion.targets(2451,5): warning MSB3277:         C:\Users\ultra\warewolf\Dev\Binaries\Infragistcs_Net6\InfragisticsWPF4.v15.1.dll [C:\Users\ultra\warewolf\Dev\Warewolf.Studio.Core\Warewolf.Studio.Core.csproj]
C:\Program Files\dotnet\sdk\10.0.201\Microsoft.Common.CurrentVersion.targets(2451,5): warning MSB3277:           Project file item includes which caused reference "C:\Users\ultra\warewolf\Dev\Binaries\Infragistcs_Net6\InfragisticsWPF4.v15.1.dll". [C:\Users\ultra\warewolf\Dev\Warewolf.Studio.Core\Warewolf.Studio.Core.csproj]
C:\Program Files\dotnet\sdk\10.0.201\Microsoft.Common.CurrentVersion.targets(2451,5): warning MSB3277:             InfragisticsWPF4.v15.1, Version=15.1.20151.2055, Culture=neutral, PublicKeyToken=7dd5c3163f2cd0cb, processorArchitecture=MSIL [C:\Users\ultra\warewolf\Dev\Warewolf.Studio.Core\Warewolf.Studio.Core.csproj]
C:\Program Files\dotnet\sdk\10.0.201\Microsoft.Common.CurrentVersion.targets(2451,5): warning MSB3277:             InfragisticsWPF4.Controls.Menus.XamDataTree.v15.1, Version=15.1.20151.2055, Culture=neutral, PublicKeyToken=7dd5c3163f2cd0cb, processorArchitecture=MSIL [C:\Users\ultra\warewolf\Dev\Warewolf.Studio.Core\Warewolf.Studio.Core.csproj]
C:\Program Files\dotnet\sdk\10.0.201\Microsoft.Common.CurrentVersion.targets(2451,5): warning MSB3277:             InfragisticsWPF4.DataManager.v15.1, Version=15.1.20151.2055, Culture=neutral, PublicKeyToken=7dd5c3163f2cd0cb, processorArchitecture=MSIL [C:\Users\ultra\warewolf\Dev\Warewolf.Studio.Core\Warewolf.Studio.Core.csproj]
C:\Program Files\dotnet\sdk\10.0.201\Microsoft.Common.CurrentVersion.targets(2451,5): warning MSB3277:             InfragisticsWPF4.DockManager.v15.1, Version=15.1.20151.2055, Culture=neutral, PublicKeyToken=7dd5c3163f2cd0cb, processorArchitecture=MSIL [C:\Users\ultra\warewolf\Dev\Warewolf.Studio.Core\Warewolf.Studio.Core.csproj]
C:\Program Files\dotnet\sdk\10.0.201\Microsoft.Common.CurrentVersion.targets(2451,5): warning MSB3277:         C:\Users\ultra\.nuget\packages\caliburn.micro\4.0.212\lib\netcoreapp3.1\Caliburn.Micro.Platform.dll [C:\Users\ultra\warewolf\Dev\Warewolf.Studio.Core\Warewolf.Studio.Core.csproj]
C:\Program Files\dotnet\sdk\10.0.201\Microsoft.Common.CurrentVersion.targets(2451,5): warning MSB3277:           Project file item includes which caused reference "C:\Users\ultra\.nuget\packages\caliburn.micro\4.0.212\lib\netcoreapp3.1\Caliburn.Micro.Platform.dll". [C:\Users\ultra\warewolf\Dev\Warewolf.Studio.Core\Warewolf.Studio.Core.csproj]
C:\Program Files\dotnet\sdk\10.0.201\Microsoft.Common.CurrentVersion.targets(2451,5): warning MSB3277:             C:\Users\ultra\.nuget\packages\caliburn.micro\4.0.212\lib\netcoreapp3.1\Caliburn.Micro.Platform.dll [C:\Users\ultra\warewolf\Dev\Warewolf.Studio.Core\Warewolf.Studio.Core.csproj]
C:\Program Files\dotnet\sdk\10.0.201\Microsoft.Common.CurrentVersion.targets(2451,5): warning MSB3277:         C:\Users\ultra\.nuget\packages\microsoft.xaml.behaviors.wpf\1.1.122\lib\net462\Microsoft.Xaml.Behaviors.dll [C:\Users\ultra\warewolf\Dev\Warewolf.Studio.Core\Warewolf.Studio.Core.csproj]
C:\Program Files\dotnet\sdk\10.0.201\Microsoft.Common.CurrentVersion.targets(2451,5): warning MSB3277:           Project file item includes which caused reference "C:\Users\ultra\.nuget\packages\microsoft.xaml.behaviors.wpf\1.1.122\lib\net462\Microsoft.Xaml.Behaviors.dll". [C:\Users\ultra\warewolf\Dev\Warewolf.Studio.Core\Warewolf.Studio.Core.csproj]
C:\Program Files\dotnet\sdk\10.0.201\Microsoft.Common.CurrentVersion.targets(2451,5): warning MSB3277:             C:\Users\ultra\.nuget\packages\microsoft.xaml.behaviors.wpf\1.1.122\lib\net462\Microsoft.Xaml.Behaviors.dll [C:\Users\ultra\warewolf\Dev\Warewolf.Studio.Core\Warewolf.Studio.Core.csproj]
C:\Program Files\dotnet\sdk\10.0.201\Microsoft.Common.CurrentVersion.targets(2451,5): warning MSB3277:             C:\Users\ultra\.nuget\packages\caliburn.micro\4.0.212\lib\netcoreapp3.1\Caliburn.Micro.Platform.dll [C:\Users\ultra\warewolf\Dev\Warewolf.Studio.Core\Warewolf.Studio.Core.csproj]
C:\Program Files\dotnet\sdk\10.0.201\Microsoft.Common.CurrentVersion.targets(2451,5): warning MSB3277:             C:\Users\ultra\.nuget\packages\prism.wpf\9.0.537\lib\net462\Prism.Wpf.dll [C:\Users\ultra\warewolf\Dev\Warewolf.Studio.Core\Warewolf.Studio.Core.csproj]
C:\Program Files\dotnet\sdk\10.0.201\Microsoft.Common.CurrentVersion.targets(2451,5): warning MSB3277:         C:\Users\ultra\.nuget\packages\prism.wpf\9.0.537\lib\net462\Prism.Wpf.dll [C:\Users\ultra\warewolf\Dev\Warewolf.Studio.Core\Warewolf.Studio.Core.csproj]
C:\Program Files\dotnet\sdk\10.0.201\Microsoft.Common.CurrentVersion.targets(2451,5): warning MSB3277:           Project file item includes which caused reference "C:\Users\ultra\.nuget\packages\prism.wpf\9.0.537\lib\net462\Prism.Wpf.dll". [C:\Users\ultra\warewolf\Dev\Warewolf.Studio.Core\Warewolf.Studio.Core.csproj]
C:\Program Files\dotnet\sdk\10.0.201\Microsoft.Common.CurrentVersion.targets(2451,5): warning MSB3277:             C:\Users\ultra\.nuget\packages\prism.wpf\9.0.537\lib\net462\Prism.Wpf.dll [C:\Users\ultra\warewolf\Dev\Warewolf.Studio.Core\Warewolf.Studio.Core.csproj]
C:\Program Files\dotnet\sdk\10.0.201\Microsoft.Common.CurrentVersion.targets(2451,5): warning MSB3277:         C:\Users\ultra\.nuget\packages\reactiveui.wpf\18.4.1\lib\net462\ReactiveUI.Wpf.dll [C:\Users\ultra\warewolf\Dev\Warewolf.Studio.Core\Warewolf.Studio.Core.csproj]
C:\Program Files\dotnet\sdk\10.0.201\Microsoft.Common.CurrentVersion.targets(2451,5): warning MSB3277:           Project file item includes which caused reference "C:\Users\ultra\.nuget\packages\reactiveui.wpf\18.4.1\lib\net462\ReactiveUI.Wpf.dll". [C:\Users\ultra\warewolf\Dev\Warewolf.Studio.Core\Warewolf.Studio.Core.csproj]
C:\Program Files\dotnet\sdk\10.0.201\Microsoft.Common.CurrentVersion.targets(2451,5): warning MSB3277:             C:\Users\ultra\.nuget\packages\reactiveui.wpf\18.4.1\lib\net462\ReactiveUI.Wpf.dll [C:\Users\ultra\warewolf\Dev\Warewolf.Studio.Core\Warewolf.Studio.Core.csproj]
C:\Program Files\dotnet\sdk\10.0.201\Microsoft.Common.CurrentVersion.targets(2451,5): warning MSB3277:         C:\Users\ultra\warewolf\Dev\Binaries\Infragistcs_Net6\InfragisticsWPF4.DragDrop.v15.1.dll [C:\Users\ultra\warewolf\Dev\Warewolf.Studio.Core\Warewolf.Studio.Core.csproj]
C:\Program Files\dotnet\sdk\10.0.201\Microsoft.Common.CurrentVersion.targets(2451,5): warning MSB3277:           Project file item includes which caused reference "C:\Users\ultra\warewolf\Dev\Binaries\Infragistcs_Net6\InfragisticsWPF4.DragDrop.v15.1.dll". [C:\Users\ultra\warewolf\Dev\Warewolf.Studio.Core\Warewolf.Studio.Core.csproj]
C:\Program Files\dotnet\sdk\10.0.201\Microsoft.Common.CurrentVersion.targets(2451,5): warning MSB3277:             InfragisticsWPF4.Controls.Menus.XamDataTree.v15.1, Version=15.1.20151.2055, Culture=neutral, PublicKeyToken=7dd5c3163f2cd0cb, processorArchitecture=MSIL [C:\Users\ultra\warewolf\Dev\Warewolf.Studio.Core\Warewolf.Studio.Core.csproj]
  Warewolf.Studio.Core -> C:\Users\ultra\warewolf\Dev\Warewolf.Studio.Core\bin\Debug\net8.0\Warewolf.Studio.Core.dll
C:\Program Files\dotnet\sdk\10.0.201\Microsoft.Common.CurrentVersion.targets(2451,5): warning MSB3245: Could not resolve this reference. Could not locate the assembly "System.ServiceModel.Activities". Check to make sure the assembly exists on disk. If this reference is required by your code, you may get compilation errors. [C:\Users\ultra\warewolf\Dev\Dev2.Activities\Dev2.Activities.csproj]
C:\Program Files\dotnet\sdk\10.0.201\Microsoft.Common.CurrentVersion.targets(2451,5): warning MSB3277: Found conflicts between different versions of "WindowsBase" that could not be resolved. [C:\Users\ultra\warewolf\Dev\Dev2.Activities\Dev2.Activities.csproj]
C:\Program Files\dotnet\sdk\10.0.201\Microsoft.Common.CurrentVersion.targets(2451,5): warning MSB3277: There was a conflict between "WindowsBase, Version=4.0.0.0, Culture=neutral, PublicKeyToken=31bf3856ad364e35" and "WindowsBase, Version=6.0.2.0, Culture=neutral, PublicKeyToken=31bf3856ad364e35". [C:\Users\ultra\warewolf\Dev\Dev2.Activities\Dev2.Activities.csproj]
C:\Program Files\dotnet\sdk\10.0.201\Microsoft.Common.CurrentVersion.targets(2451,5): warning MSB3277:     "WindowsBase, Version=4.0.0.0, Culture=neutral, PublicKeyToken=31bf3856ad364e35" was chosen because it was primary and "WindowsBase, Version=6.0.2.0, Culture=neutral, PublicKeyToken=31bf3856ad364e35" was not. [C:\Users\ultra\warewolf\Dev\Dev2.Activities\Dev2.Activities.csproj]
C:\Program Files\dotnet\sdk\10.0.201\Microsoft.Common.CurrentVersion.targets(2451,5): warning MSB3277:     References which depend on "WindowsBase, Version=4.0.0.0, Culture=neutral, PublicKeyToken=31bf3856ad364e35" [C:\Program Files\dotnet\packs\Microsoft.NETCore.App.Ref\8.0.25\ref\net8.0\WindowsBase.dll]. [C:\Users\ultra\warewolf\Dev\Dev2.Activities\Dev2.Activities.csproj]
C:\Program Files\dotnet\sdk\10.0.201\Microsoft.Common.CurrentVersion.targets(2451,5): warning MSB3277:         C:\Program Files\dotnet\packs\Microsoft.NETCore.App.Ref\8.0.25\ref\net8.0\WindowsBase.dll [C:\Users\ultra\warewolf\Dev\Dev2.Activities\Dev2.Activities.csproj]
C:\Program Files\dotnet\sdk\10.0.201\Microsoft.Common.CurrentVersion.targets(2451,5): warning MSB3277:           Project file item includes which caused reference "C:\Program Files\dotnet\packs\Microsoft.NETCore.App.Ref\8.0.25\ref\net8.0\WindowsBase.dll". [C:\Users\ultra\warewolf\Dev\Dev2.Activities\Dev2.Activities.csproj]
C:\Program Files\dotnet\sdk\10.0.201\Microsoft.Common.CurrentVersion.targets(2451,5): warning MSB3277:             C:\Program Files\dotnet\packs\Microsoft.NETCore.App.Ref\8.0.25\ref/net8.0/WindowsBase.dll [C:\Users\ultra\warewolf\Dev\Dev2.Activities\Dev2.Activities.csproj]
C:\Program Files\dotnet\sdk\10.0.201\Microsoft.Common.CurrentVersion.targets(2451,5): warning MSB3277:     References which depend on or have been unified to "WindowsBase, Version=6.0.2.0, Culture=neutral, PublicKeyToken=31bf3856ad364e35" []. [C:\Users\ultra\warewolf\Dev\Dev2.Activities\Dev2.Activities.csproj]
C:\Program Files\dotnet\sdk\10.0.201\Microsoft.Common.CurrentVersion.targets(2451,5): warning MSB3277:         C:\Users\ultra\.nuget\packages\caliburn.micro\4.0.212\lib\netcoreapp3.1\Caliburn.Micro.Platform.dll [C:\Users\ultra\warewolf\Dev\Dev2.Activities\Dev2.Activities.csproj]
C:\Program Files\dotnet\sdk\10.0.201\Microsoft.Common.CurrentVersion.targets(2451,5): warning MSB3277:           Project file item includes which caused reference "C:\Users\ultra\.nuget\packages\caliburn.micro\4.0.212\lib\netcoreapp3.1\Caliburn.Micro.Platform.dll". [C:\Users\ultra\warewolf\Dev\Dev2.Activities\Dev2.Activities.csproj]
C:\Program Files\dotnet\sdk\10.0.201\Microsoft.Common.CurrentVersion.targets(2451,5): warning MSB3277:             C:\Users\ultra\.nuget\packages\caliburn.micro\4.0.212\lib\netcoreapp3.1\Caliburn.Micro.Platform.dll [C:\Users\ultra\warewolf\Dev\Dev2.Activities\Dev2.Activities.csproj]
C:\Program Files\dotnet\sdk\10.0.201\Microsoft.Common.CurrentVersion.targets(2451,5): warning MSB3277:         C:\Users\ultra\.nuget\packages\ironpython\3.4.0\lib\net6.0\IronPython.Wpf.dll [C:\Users\ultra\warewolf\Dev\Dev2.Activities\Dev2.Activities.csproj]
C:\Program Files\dotnet\sdk\10.0.201\Microsoft.Common.CurrentVersion.targets(2451,5): warning MSB3277:           Project file item includes which caused reference "C:\Users\ultra\.nuget\packages\ironpython\3.4.0\lib\net6.0\IronPython.Wpf.dll". [C:\Users\ultra\warewolf\Dev\Dev2.Activities\Dev2.Activities.csproj]
C:\Program Files\dotnet\sdk\10.0.201\Microsoft.Common.CurrentVersion.targets(2451,5): warning MSB3277:             C:\Users\ultra\.nuget\packages\ironpython\3.4.0\lib\net6.0\IronPython.Wpf.dll [C:\Users\ultra\warewolf\Dev\Dev2.Activities\Dev2.Activities.csproj]
C:\Program Files\dotnet\sdk\10.0.201\Microsoft.Common.CurrentVersion.targets(2451,5): warning MSB3277:         C:\Users\ultra\.nuget\packages\microsoft.xaml.behaviors.wpf\1.1.19\lib\netcoreapp3.0\Microsoft.Xaml.Behaviors.dll [C:\Users\ultra\warewolf\Dev\Dev2.Activities\Dev2.Activities.csproj]
C:\Program Files\dotnet\sdk\10.0.201\Microsoft.Common.CurrentVersion.targets(2451,5): warning MSB3277:           Project file item includes which caused reference "C:\Users\ultra\.nuget\packages\microsoft.xaml.behaviors.wpf\1.1.19\lib\netcoreapp3.0\Microsoft.Xaml.Behaviors.dll". [C:\Users\ultra\warewolf\Dev\Dev2.Activities\Dev2.Activities.csproj]
C:\Program Files\dotnet\sdk\10.0.201\Microsoft.Common.CurrentVersion.targets(2451,5): warning MSB3277:             C:\Users\ultra\.nuget\packages\microsoft.xaml.behaviors.wpf\1.1.19\lib\netcoreapp3.0\Microsoft.Xaml.Behaviors.dll [C:\Users\ultra\warewolf\Dev\Dev2.Activities\Dev2.Activities.csproj]
C:\Program Files\dotnet\sdk\10.0.201\Microsoft.Common.CurrentVersion.targets(2451,5): warning MSB3277:             C:\Users\ultra\.nuget\packages\caliburn.micro\4.0.212\lib\netcoreapp3.1\Caliburn.Micro.Platform.dll [C:\Users\ultra\warewolf\Dev\Dev2.Activities\Dev2.Activities.csproj]
C:\Program Files\dotnet\sdk\10.0.201\Microsoft.Common.CurrentVersion.targets(2451,5): warning MSB3277:         C:\Users\ultra\.nuget\packages\reactiveui.wpf\18.4.1\lib\net462\ReactiveUI.Wpf.dll [C:\Users\ultra\warewolf\Dev\Dev2.Activities\Dev2.Activities.csproj]
C:\Program Files\dotnet\sdk\10.0.201\Microsoft.Common.CurrentVersion.targets(2451,5): warning MSB3277:           Project file item includes which caused reference "C:\Users\ultra\.nuget\packages\reactiveui.wpf\18.4.1\lib\net462\ReactiveUI.Wpf.dll". [C:\Users\ultra\warewolf\Dev\Dev2.Activities\Dev2.Activities.csproj]
C:\Program Files\dotnet\sdk\10.0.201\Microsoft.Common.CurrentVersion.targets(2451,5): warning MSB3277:             C:\Users\ultra\.nuget\packages\reactiveui.wpf\18.4.1\lib\net462\ReactiveUI.Wpf.dll [C:\Users\ultra\warewolf\Dev\Dev2.Activities\Dev2.Activities.csproj]
  Consider app.config remapping of assembly "System.Runtime.CompilerServices.Unsafe, Culture=neutral, PublicKeyToken=b03f5f7f11d50a3a" from Version "6.0.0.0" [] to Version "8.0.0.0" [C:\Program Files\dotnet\packs\Microsoft.NETCore.App.Ref\8.0.25\ref\net8.0\System.Runtime.CompilerServices.Unsafe.dll] to solve conflict and get rid of warning.
C:\Users\ultra\warewolf\Dev\Dev2.Activities\WorkflowConverters\ActivityPropertiesReaderHelper.cs(54,45): warning CS8632: The annotation for nullable reference types should only be used in code within a '#nullable' annotations context. [C:\Users\ultra\warewolf\Dev\Dev2.Activities\Dev2.Activities.csproj]
C:\Users\ultra\warewolf\Dev\Dev2.Activities\WorkflowConverters\SwitchActivityDataHelper.cs(106,58): warning CS8632: The annotation for nullable reference types should only be used in code within a '#nullable' annotations context. [C:\Users\ultra\warewolf\Dev\Dev2.Activities\Dev2.Activities.csproj]
C:\Users\ultra\warewolf\Dev\Dev2.Activities\WorkflowConverters\SwitchActivityDataHelper.cs(225,65): warning CS8632: The annotation for nullable reference types should only be used in code within a '#nullable' annotations context. [C:\Users\ultra\warewolf\Dev\Dev2.Activities\Dev2.Activities.csproj]
C:\Users\ultra\warewolf\Dev\Dev2.Activities\WorkflowConverters\SwitchActivityDataHelper.cs(225,25): warning CS8632: The annotation for nullable reference types should only be used in code within a '#nullable' annotations context. [C:\Users\ultra\warewolf\Dev\Dev2.Activities\Dev2.Activities.csproj]
C:\Users\ultra\warewolf\Dev\Dev2.Activities\WorkflowConverters\SwitchActivityDataHelper.cs(342,61): warning CS8632: The annotation for nullable reference types should only be used in code within a '#nullable' annotations context. [C:\Users\ultra\warewolf\Dev\Dev2.Activities\Dev2.Activities.csproj]
C:\Users\ultra\warewolf\Dev\Dev2.Activities\WorkflowConverters\SwitchActivityDataHelper.cs(342,30): warning CS8632: The annotation for nullable reference types should only be used in code within a '#nullable' annotations context. [C:\Users\ultra\warewolf\Dev\Dev2.Activities\Dev2.Activities.csproj]
C:\Users\ultra\warewolf\Dev\Dev2.Activities\WorkflowConverters\SwitchActivityDataHelper.cs(32,25): warning CS8632: The annotation for nullable reference types should only be used in code within a '#nullable' annotations context. [C:\Users\ultra\warewolf\Dev\Dev2.Activities\Dev2.Activities.csproj]
C:\Users\ultra\warewolf\Dev\Dev2.Activities\WorkflowConverters\SwitchActivityDataHelper.cs(33,25): warning CS8632: The annotation for nullable reference types should only be used in code within a '#nullable' annotations context. [C:\Users\ultra\warewolf\Dev\Dev2.Activities\Dev2.Activities.csproj]
C:\Users\ultra\warewolf\Dev\Dev2.Activities\WorkflowConverters\SwitchActivityDataHelper.cs(34,25): warning CS8632: The annotation for nullable reference types should only be used in code within a '#nullable' annotations context. [C:\Users\ultra\warewolf\Dev\Dev2.Activities\Dev2.Activities.csproj]
C:\Users\ultra\warewolf\Dev\Dev2.Activities\WorkflowConverters\SwitchActivityDataHelper.cs(35,25): warning CS8632: The annotation for nullable reference types should only be used in code within a '#nullable' annotations context. [C:\Users\ultra\warewolf\Dev\Dev2.Activities\Dev2.Activities.csproj]
C:\Users\ultra\warewolf\Dev\Dev2.Activities\WorkflowConverters\SwitchActivityDataHelper.cs(36,25): warning CS8632: The annotation for nullable reference types should only be used in code within a '#nullable' annotations context. [C:\Users\ultra\warewolf\Dev\Dev2.Activities\Dev2.Activities.csproj]
C:\Users\ultra\warewolf\Dev\Dev2.Activities\WorkflowConverters\SwitchActivityDataHelper.cs(37,25): warning CS8632: The annotation for nullable reference types should only be used in code within a '#nullable' annotations context. [C:\Users\ultra\warewolf\Dev\Dev2.Activities\Dev2.Activities.csproj]
C:\Users\ultra\warewolf\Dev\Dev2.Activities\WorkflowConverters\SwitchActivityDataHelper.cs(108,19): warning CS8632: The annotation for nullable reference types should only be used in code within a '#nullable' annotations context. [C:\Users\ultra\warewolf\Dev\Dev2.Activities\Dev2.Activities.csproj]
C:\Users\ultra\warewolf\Dev\Dev2.Activities\WorkflowConverters\ActivityPropertiesReaderHelper.cs(60,59): warning CS8632: The annotation for nullable reference types should only be used in code within a '#nullable' annotations context. [C:\Users\ultra\warewolf\Dev\Dev2.Activities\Dev2.Activities.csproj]
C:\Users\ultra\warewolf\Dev\Dev2.Activities\Activities\GateActivity.cs(733,24): warning CC0022: WarewolfListIterator should be disposed. (https://code-cracker.github.io/diagnostics/CC0022.html) [C:\Users\ultra\warewolf\Dev\Dev2.Activities\Dev2.Activities.csproj]
C:\Users\ultra\warewolf\Dev\Dev2.Activities\Activities\GateActivity.cs(639,21): warning CC0003: Consider adding an Exception to the catch. (https://code-cracker.github.io/diagnostics/CC0003.html) [C:\Users\ultra\warewolf\Dev\Dev2.Activities\Dev2.Activities.csproj]
C:\Users\ultra\warewolf\Dev\Dev2.Activities\Activities\GateActivity.cs(656,21): warning CC0003: Consider adding an Exception to the catch. (https://code-cracker.github.io/diagnostics/CC0003.html) [C:\Users\ultra\warewolf\Dev\Dev2.Activities\Dev2.Activities.csproj]
C:\Users\ultra\warewolf\Dev\Dev2.Activities\WorkflowConverters\X6ToWorkflowConverter.cs(375,13): warning CC0003: Consider adding an Exception to the catch. (https://code-cracker.github.io/diagnostics/CC0003.html) [C:\Users\ultra\warewolf\Dev\Dev2.Activities\Dev2.Activities.csproj]
C:\Users\ultra\warewolf\Dev\Dev2.Activities\WorkflowConverters\X6ToWorkflowConverter.cs(833,17): warning CC0120: Consider put an default clause in Switch. (https://code-cracker.github.io/diagnostics/CC0120.html) [C:\Users\ultra\warewolf\Dev\Dev2.Activities\Dev2.Activities.csproj]
C:\Users\ultra\warewolf\Dev\Dev2.Activities\WorkflowConverters\X6ToWorkflowConverter.cs(958,13): warning CC0004: Empty Catch Block. (https://code-cracker.github.io/diagnostics/CC0004.html) [C:\Users\ultra\warewolf\Dev\Dev2.Activities\Dev2.Activities.csproj]
C:\Users\ultra\warewolf\Dev\Dev2.Activities\Activities\WebPostActivity.cs(238,28): warning CC0022: WarewolfListIterator should be disposed. (https://code-cracker.github.io/diagnostics/CC0022.html) [C:\Users\ultra\warewolf\Dev\Dev2.Activities\Dev2.Activities.csproj]
C:\Users\ultra\warewolf\Dev\Dev2.Activities\Activities\WebPostActivityNew.cs(281,28): warning CC0022: WarewolfListIterator should be disposed. (https://code-cracker.github.io/diagnostics/CC0022.html) [C:\Users\ultra\warewolf\Dev\Dev2.Activities\Dev2.Activities.csproj]
C:\Users\ultra\warewolf\Dev\Dev2.Activities\Activities\PathOperations\FileWriteActivity.cs(54,26): warning CC0022: WarewolfListIterator should be disposed. (https://code-cracker.github.io/diagnostics/CC0022.html) [C:\Users\ultra\warewolf\Dev\Dev2.Activities\Dev2.Activities.csproj]
C:\Users\ultra\warewolf\Dev\Dev2.Activities\WorkflowConverters\WorkflowToX6Converter.cs(567,13): warning CC0105: Use 'var' instead of specifying the type name. (https://code-cracker.github.io/diagnostics/CC0105.html) [C:\Users\ultra\warewolf\Dev\Dev2.Activities\Dev2.Activities.csproj]
C:\Users\ultra\warewolf\Dev\Dev2.Activities\WorkflowConverters\WorkflowToX6Converter.cs(998,13): warning CC0004: Empty Catch Block. (https://code-cracker.github.io/diagnostics/CC0004.html) [C:\Users\ultra\warewolf\Dev\Dev2.Activities\Dev2.Activities.csproj]
C:\Users\ultra\warewolf\Dev\Dev2.Activities\WorkflowConverters\WorkflowToX6Converter.cs(1376,17): warning CC0004: Empty Catch Block. (https://code-cracker.github.io/diagnostics/CC0004.html) [C:\Users\ultra\warewolf\Dev\Dev2.Activities\Dev2.Activities.csproj]
C:\Users\ultra\warewolf\Dev\Dev2.Activities\WorkflowConverters\WorkflowToX6Converter.cs(1365,13): warning CC0006: You can use foreach instead of for. (https://code-cracker.github.io/diagnostics/CC0006.html) [C:\Users\ultra\warewolf\Dev\Dev2.Activities\Dev2.Activities.csproj]
C:\Users\ultra\warewolf\Dev\Dev2.Activities\Activities\DsfWebActivityBase.cs(136,96): warning CC0022: StringContent should be disposed. (https://code-cracker.github.io/diagnostics/CC0022.html) [C:\Users\ultra\warewolf\Dev\Dev2.Activities\Dev2.Activities.csproj]
C:\Users\ultra\warewolf\Dev\Dev2.Activities\Activities\DsfWebActivityBase.cs(158,42): warning CC0022: StreamReader should be disposed. (https://code-cracker.github.io/diagnostics/CC0022.html) [C:\Users\ultra\warewolf\Dev\Dev2.Activities\Dev2.Activities.csproj]
C:\Users\ultra\warewolf\Dev\Dev2.Activities\Activities\DsfWebActivityBase.cs(175,35): warning CC0022: ByteArrayContent should be disposed. (https://code-cracker.github.io/diagnostics/CC0022.html) [C:\Users\ultra\warewolf\Dev\Dev2.Activities\Dev2.Activities.csproj]
C:\Users\ultra\warewolf\Dev\Dev2.Activities\Activities\DsfWebActivityBase.cs(184,31): warning CC0022: StringContent should be disposed. (https://code-cracker.github.io/diagnostics/CC0022.html) [C:\Users\ultra\warewolf\Dev\Dev2.Activities\Dev2.Activities.csproj]
C:\Users\ultra\warewolf\Dev\Dev2.Activities\Activities\GetSystemInformationHelper.cs(95,36): warning CA1416: This call site is reachable on all platforms. 'ManagementBaseObject.GetPropertyValue(string)' is only supported on: 'windows'. (https://learn.microsoft.com/dotnet/fundamentals/code-analysis/quality-rules/ca1416) [C:\Users\ultra\warewolf\Dev\Dev2.Activities\Dev2.Activities.csproj]
C:\Users\ultra\warewolf\Dev\Dev2.Activities\Activities\GetSystemInformationHelper.cs(326,28): warning CA1416: This call site is reachable on all platforms. 'ObjectQuery' is only supported on: 'windows'. (https://learn.microsoft.com/dotnet/fundamentals/code-analysis/quality-rules/ca1416) [C:\Users\ultra\warewolf\Dev\Dev2.Activities\Dev2.Activities.csproj]
C:\Users\ultra\warewolf\Dev\Dev2.Activities\Activities\GetSystemInformationHelper.cs(332,60): warning CA1416: This call site is reachable on all platforms. 'ManagementBaseObject.this[string]' is only supported on: 'windows'. (https://learn.microsoft.com/dotnet/fundamentals/code-analysis/quality-rules/ca1416) [C:\Users\ultra\warewolf\Dev\Dev2.Activities\Dev2.Activities.csproj]
C:\Users\ultra\warewolf\Dev\Dev2.Activities\Activities\GetSystemInformationHelper.cs(327,28): warning CA1416: This call site is reachable on all platforms. 'ManagementObjectSearcher' is only supported on: 'windows'. (https://learn.microsoft.com/dotnet/fundamentals/code-analysis/quality-rules/ca1416) [C:\Users\ultra\warewolf\Dev\Dev2.Activities\Dev2.Activities.csproj]
C:\Users\ultra\warewolf\Dev\Dev2.Activities\Activities\GetSystemInformationHelper.cs(329,31): warning CA1416: This call site is reachable on all platforms. 'ManagementObjectSearcher.Get()' is only supported on: 'windows'. (https://learn.microsoft.com/dotnet/fundamentals/code-analysis/quality-rules/ca1416) [C:\Users\ultra\warewolf\Dev\Dev2.Activities\Dev2.Activities.csproj]
C:\Users\ultra\warewolf\Dev\Dev2.Activities\Activities\GetSystemInformationHelper.cs(341,28): warning CA1416: This call site is reachable on all platforms. 'ManagementObjectSearcher' is only supported on: 'windows'. (https://learn.microsoft.com/dotnet/fundamentals/code-analysis/quality-rules/ca1416) [C:\Users\ultra\warewolf\Dev\Dev2.Activities\Dev2.Activities.csproj]
C:\Users\ultra\warewolf\Dev\Dev2.Activities\Activities\GetSystemInformationHelper.cs(342,31): warning CA1416: This call site is reachable on all platforms. 'ManagementObjectSearcher.Get()' is only supported on: 'windows'. (https://learn.microsoft.com/dotnet/fundamentals/code-analysis/quality-rules/ca1416) [C:\Users\ultra\warewolf\Dev\Dev2.Activities\Dev2.Activities.csproj]
C:\Users\ultra\warewolf\Dev\Dev2.Activities\Activities\GetSystemInformationHelper.cs(345,53): warning CA1416: This call site is reachable on all platforms. 'ManagementBaseObject.this[string]' is only supported on: 'windows'. (https://learn.microsoft.com/dotnet/fundamentals/code-analysis/quality-rules/ca1416) [C:\Users\ultra\warewolf\Dev\Dev2.Activities\Dev2.Activities.csproj]
C:\Users\ultra\warewolf\Dev\Dev2.Activities\Activities\GetSystemInformationHelper.cs(346,58): warning CA1416: This call site is reachable on all platforms. 'ManagementBaseObject.this[string]' is only supported on: 'windows'. (https://learn.microsoft.com/dotnet/fundamentals/code-analysis/quality-rules/ca1416) [C:\Users\ultra\warewolf\Dev\Dev2.Activities\Dev2.Activities.csproj]
C:\Users\ultra\warewolf\Dev\Dev2.Activities\Activities\GetSystemInformationHelper.cs(340,28): warning CA1416: This call site is reachable on all platforms. 'ObjectQuery' is only supported on: 'windows'. (https://learn.microsoft.com/dotnet/fundamentals/code-analysis/quality-rules/ca1416) [C:\Users\ultra\warewolf\Dev\Dev2.Activities\Dev2.Activities.csproj]
C:\Users\ultra\warewolf\Dev\Dev2.Activities\Activities\GetSystemInformationHelper.cs(372,17): warning CA1416: This call site is reachable on all platforms. 'WindowsIdentity.Groups' is only supported on: 'windows'. (https://learn.microsoft.com/dotnet/fundamentals/code-analysis/quality-rules/ca1416) [C:\Users\ultra\warewolf\Dev\Dev2.Activities\Dev2.Activities.csproj]
C:\Users\ultra\warewolf\Dev\Dev2.Activities\Activities\GetSystemInformationHelper.cs(370,92): warning CA1416: This call site is reachable on all platforms. 'WindowsIdentity.GetCurrent()' is only supported on: 'windows'. (https://learn.microsoft.com/dotnet/fundamentals/code-analysis/quality-rules/ca1416) [C:\Users\ultra\warewolf\Dev\Dev2.Activities\Dev2.Activities.csproj]
C:\Users\ultra\warewolf\Dev\Dev2.Activities\Activities\GetSystemInformationHelper.cs(374,37): warning CA1416: This call site is reachable on all platforms. 'WindowsIdentity.Groups' is only supported on: 'windows'. (https://learn.microsoft.com/dotnet/fundamentals/code-analysis/quality-rules/ca1416) [C:\Users\ultra\warewolf\Dev\Dev2.Activities\Dev2.Activities.csproj]
C:\Users\ultra\warewolf\Dev\Dev2.Activities\Activities\GetSystemInformationHelper.cs(393,32): warning CA1416: This call site is reachable on all platforms. 'ManagementObjectSearcher' is only supported on: 'windows'. (https://learn.microsoft.com/dotnet/fundamentals/code-analysis/quality-rules/ca1416) [C:\Users\ultra\warewolf\Dev\Dev2.Activities\Dev2.Activities.csproj]
C:\Users\ultra\warewolf\Dev\Dev2.Activities\Activities\GetSystemInformationHelper.cs(387,28): warning CA1416: This call site is reachable on all platforms. 'IdentityReference.Value' is only supported on: 'windows'. (https://learn.microsoft.com/dotnet/fundamentals/code-analysis/quality-rules/ca1416) [C:\Users\ultra\warewolf\Dev\Dev2.Activities\Dev2.Activities.csproj]
C:\Users\ultra\warewolf\Dev\Dev2.Activities\Activities\GetSystemInformationHelper.cs(386,39): warning CA1416: This call site is reachable on all platforms. 'IdentityReference.Translate(Type)' is only supported on: 'windows'. (https://learn.microsoft.com/dotnet/fundamentals/code-analysis/quality-rules/ca1416) [C:\Users\ultra\warewolf\Dev\Dev2.Activities\Dev2.Activities.csproj]
C:\Users\ultra\warewolf\Dev\Dev2.Activities\Activities\GetSystemInformationHelper.cs(397,49): warning CA1416: This call site is reachable on all platforms. 'ManagementBaseObject.this[string]' is only supported on: 'windows'. (https://learn.microsoft.com/dotnet/fundamentals/code-analysis/quality-rules/ca1416) [C:\Users\ultra\warewolf\Dev\Dev2.Activities\Dev2.Activities.csproj]
C:\Users\ultra\warewolf\Dev\Dev2.Activities\Activities\GetSystemInformationHelper.cs(392,90): warning CA1416: This call site is reachable on all platforms. 'IdentityReference.Value' is only supported on: 'windows'. (https://learn.microsoft.com/dotnet/fundamentals/code-analysis/quality-rules/ca1416) [C:\Users\ultra\warewolf\Dev\Dev2.Activities\Dev2.Activities.csproj]
C:\Users\ultra\warewolf\Dev\Dev2.Activities\Activities\GetSystemInformationHelper.cs(392,32): warning CA1416: This call site is reachable on all platforms. 'ObjectQuery' is only supported on: 'windows'. (https://learn.microsoft.com/dotnet/fundamentals/code-analysis/quality-rules/ca1416) [C:\Users\ultra\warewolf\Dev\Dev2.Activities\Dev2.Activities.csproj]
C:\Users\ultra\warewolf\Dev\Dev2.Activities\Activities\GetSystemInformationHelper.cs(394,35): warning CA1416: This call site is reachable on all platforms. 'ManagementObjectSearcher.Get()' is only supported on: 'windows'. (https://learn.microsoft.com/dotnet/fundamentals/code-analysis/quality-rules/ca1416) [C:\Users\ultra\warewolf\Dev\Dev2.Activities\Dev2.Activities.csproj]
C:\Users\ultra\warewolf\Dev\Dev2.Activities\Activities\GetSystemInformationHelper.cs(431,57): warning CA1416: This call site is reachable on all platforms. 'ManagementBaseObject.this[string]' is only supported on: 'windows'. (https://learn.microsoft.com/dotnet/fundamentals/code-analysis/quality-rules/ca1416) [C:\Users\ultra\warewolf\Dev\Dev2.Activities\Dev2.Activities.csproj]
C:\Users\ultra\warewolf\Dev\Dev2.Activities\Activities\GetSystemInformationHelper.cs(427,32): warning CA1416: This call site is reachable on all platforms. 'ManagementObjectSearcher' is only supported on: 'windows'. (https://learn.microsoft.com/dotnet/fundamentals/code-analysis/quality-rules/ca1416) [C:\Users\ultra\warewolf\Dev\Dev2.Activities\Dev2.Activities.csproj]
C:\Users\ultra\warewolf\Dev\Dev2.Activities\Activities\GetSystemInformationHelper.cs(428,35): warning CA1416: This call site is reachable on all platforms. 'ManagementObjectSearcher.Get()' is only supported on: 'windows'. (https://learn.microsoft.com/dotnet/fundamentals/code-analysis/quality-rules/ca1416) [C:\Users\ultra\warewolf\Dev\Dev2.Activities\Dev2.Activities.csproj]
C:\Users\ultra\warewolf\Dev\Dev2.Activities\Activities\GetSystemInformationHelper.cs(426,32): warning CA1416: This call site is reachable on all platforms. 'ObjectQuery' is only supported on: 'windows'. (https://learn.microsoft.com/dotnet/fundamentals/code-analysis/quality-rules/ca1416) [C:\Users\ultra\warewolf\Dev\Dev2.Activities\Dev2.Activities.csproj]
  Warewolf.Testing -> C:\Users\ultra\warewolf\Dev\Warewolf.Testing\bin\Debug\net8.0\Warewolf.Testing.dll
  Dev2.Activities -> C:\Users\ultra\warewolf\Dev\Dev2.Activities\bin\Debug\net8.0\Dev2.Activities.dll
C:\Program Files\dotnet\sdk\10.0.201\Microsoft.Common.CurrentVersion.targets(2451,5): warning MSB3277: Found conflicts between different versions of "WindowsBase" that could not be resolved. [C:\Users\ultra\warewolf\Dev\Dev2.Runtime\Dev2.Runtime.csproj]
C:\Program Files\dotnet\sdk\10.0.201\Microsoft.Common.CurrentVersion.targets(2451,5): warning MSB3277: There was a conflict between "WindowsBase, Version=4.0.0.0, Culture=neutral, PublicKeyToken=31bf3856ad364e35" and "WindowsBase, Version=6.0.2.0, Culture=neutral, PublicKeyToken=31bf3856ad364e35". [C:\Users\ultra\warewolf\Dev\Dev2.Runtime\Dev2.Runtime.csproj]
C:\Program Files\dotnet\sdk\10.0.201\Microsoft.Common.CurrentVersion.targets(2451,5): warning MSB3277:     "WindowsBase, Version=4.0.0.0, Culture=neutral, PublicKeyToken=31bf3856ad364e35" was chosen because it was primary and "WindowsBase, Version=6.0.2.0, Culture=neutral, PublicKeyToken=31bf3856ad364e35" was not. [C:\Users\ultra\warewolf\Dev\Dev2.Runtime\Dev2.Runtime.csproj]
C:\Program Files\dotnet\sdk\10.0.201\Microsoft.Common.CurrentVersion.targets(2451,5): warning MSB3277:     References which depend on "WindowsBase, Version=4.0.0.0, Culture=neutral, PublicKeyToken=31bf3856ad364e35" [C:\Program Files\dotnet\packs\Microsoft.NETCore.App.Ref\8.0.25\ref\net8.0\WindowsBase.dll]. [C:\Users\ultra\warewolf\Dev\Dev2.Runtime\Dev2.Runtime.csproj]
C:\Program Files\dotnet\sdk\10.0.201\Microsoft.Common.CurrentVersion.targets(2451,5): warning MSB3277:         C:\Program Files\dotnet\packs\Microsoft.NETCore.App.Ref\8.0.25\ref\net8.0\WindowsBase.dll [C:\Users\ultra\warewolf\Dev\Dev2.Runtime\Dev2.Runtime.csproj]
C:\Program Files\dotnet\sdk\10.0.201\Microsoft.Common.CurrentVersion.targets(2451,5): warning MSB3277:           Project file item includes which caused reference "C:\Program Files\dotnet\packs\Microsoft.NETCore.App.Ref\8.0.25\ref\net8.0\WindowsBase.dll". [C:\Users\ultra\warewolf\Dev\Dev2.Runtime\Dev2.Runtime.csproj]
C:\Program Files\dotnet\sdk\10.0.201\Microsoft.Common.CurrentVersion.targets(2451,5): warning MSB3277:             C:\Program Files\dotnet\packs\Microsoft.NETCore.App.Ref\8.0.25\ref/net8.0/WindowsBase.dll [C:\Users\ultra\warewolf\Dev\Dev2.Runtime\Dev2.Runtime.csproj]
C:\Program Files\dotnet\sdk\10.0.201\Microsoft.Common.CurrentVersion.targets(2451,5): warning MSB3277:     References which depend on or have been unified to "WindowsBase, Version=6.0.2.0, Culture=neutral, PublicKeyToken=31bf3856ad364e35" []. [C:\Users\ultra\warewolf\Dev\Dev2.Runtime\Dev2.Runtime.csproj]
C:\Program Files\dotnet\sdk\10.0.201\Microsoft.Common.CurrentVersion.targets(2451,5): warning MSB3277:         C:\Users\ultra\.nuget\packages\caliburn.micro\4.0.212\lib\netcoreapp3.1\Caliburn.Micro.Platform.dll [C:\Users\ultra\warewolf\Dev\Dev2.Runtime\Dev2.Runtime.csproj]
C:\Program Files\dotnet\sdk\10.0.201\Microsoft.Common.CurrentVersion.targets(2451,5): warning MSB3277:           Project file item includes which caused reference "C:\Users\ultra\.nuget\packages\caliburn.micro\4.0.212\lib\netcoreapp3.1\Caliburn.Micro.Platform.dll". [C:\Users\ultra\warewolf\Dev\Dev2.Runtime\Dev2.Runtime.csproj]
C:\Program Files\dotnet\sdk\10.0.201\Microsoft.Common.CurrentVersion.targets(2451,5): warning MSB3277:             C:\Users\ultra\.nuget\packages\caliburn.micro\4.0.212\lib\netcoreapp3.1\Caliburn.Micro.Platform.dll [C:\Users\ultra\warewolf\Dev\Dev2.Runtime\Dev2.Runtime.csproj]
C:\Program Files\dotnet\sdk\10.0.201\Microsoft.Common.CurrentVersion.targets(2451,5): warning MSB3277:         C:\Users\ultra\.nuget\packages\ironpython\3.4.0\lib\net6.0\IronPython.Wpf.dll [C:\Users\ultra\warewolf\Dev\Dev2.Runtime\Dev2.Runtime.csproj]
C:\Program Files\dotnet\sdk\10.0.201\Microsoft.Common.CurrentVersion.targets(2451,5): warning MSB3277:           Project file item includes which caused reference "C:\Users\ultra\.nuget\packages\ironpython\3.4.0\lib\net6.0\IronPython.Wpf.dll". [C:\Users\ultra\warewolf\Dev\Dev2.Runtime\Dev2.Runtime.csproj]
C:\Program Files\dotnet\sdk\10.0.201\Microsoft.Common.CurrentVersion.targets(2451,5): warning MSB3277:             C:\Users\ultra\.nuget\packages\ironpython\3.4.0\lib\net6.0\IronPython.Wpf.dll [C:\Users\ultra\warewolf\Dev\Dev2.Runtime\Dev2.Runtime.csproj]
C:\Program Files\dotnet\sdk\10.0.201\Microsoft.Common.CurrentVersion.targets(2451,5): warning MSB3277:         C:\Users\ultra\.nuget\packages\microsoft.xaml.behaviors.wpf\1.1.19\lib\netcoreapp3.0\Microsoft.Xaml.Behaviors.dll [C:\Users\ultra\warewolf\Dev\Dev2.Runtime\Dev2.Runtime.csproj]
C:\Program Files\dotnet\sdk\10.0.201\Microsoft.Common.CurrentVersion.targets(2451,5): warning MSB3277:           Project file item includes which caused reference "C:\Users\ultra\.nuget\packages\microsoft.xaml.behaviors.wpf\1.1.19\lib\netcoreapp3.0\Microsoft.Xaml.Behaviors.dll". [C:\Users\ultra\warewolf\Dev\Dev2.Runtime\Dev2.Runtime.csproj]
C:\Program Files\dotnet\sdk\10.0.201\Microsoft.Common.CurrentVersion.targets(2451,5): warning MSB3277:             C:\Users\ultra\.nuget\packages\microsoft.xaml.behaviors.wpf\1.1.19\lib\netcoreapp3.0\Microsoft.Xaml.Behaviors.dll [C:\Users\ultra\warewolf\Dev\Dev2.Runtime\Dev2.Runtime.csproj]
C:\Program Files\dotnet\sdk\10.0.201\Microsoft.Common.CurrentVersion.targets(2451,5): warning MSB3277:             C:\Users\ultra\.nuget\packages\caliburn.micro\4.0.212\lib\netcoreapp3.1\Caliburn.Micro.Platform.dll [C:\Users\ultra\warewolf\Dev\Dev2.Runtime\Dev2.Runtime.csproj]
C:\Program Files\dotnet\sdk\10.0.201\Microsoft.Common.CurrentVersion.targets(2451,5): warning MSB3277:         C:\Users\ultra\.nuget\packages\reactiveui.wpf\18.4.1\lib\net462\ReactiveUI.Wpf.dll [C:\Users\ultra\warewolf\Dev\Dev2.Runtime\Dev2.Runtime.csproj]
C:\Program Files\dotnet\sdk\10.0.201\Microsoft.Common.CurrentVersion.targets(2451,5): warning MSB3277:           Project file item includes which caused reference "C:\Users\ultra\.nuget\packages\reactiveui.wpf\18.4.1\lib\net462\ReactiveUI.Wpf.dll". [C:\Users\ultra\warewolf\Dev\Dev2.Runtime\Dev2.Runtime.csproj]
C:\Program Files\dotnet\sdk\10.0.201\Microsoft.Common.CurrentVersion.targets(2451,5): warning MSB3277:             C:\Users\ultra\.nuget\packages\reactiveui.wpf\18.4.1\lib\net462\ReactiveUI.Wpf.dll [C:\Users\ultra\warewolf\Dev\Dev2.Runtime\Dev2.Runtime.csproj]
C:\Users\ultra\warewolf\Dev\Dev2.Runtime\ESB\Execution\RemoteWorkflowExecutionContainer.cs(235,35): warning SYSLIB0013: 'Uri.EscapeUriString(string)' is obsolete: 'Uri.EscapeUriString can corrupt the Uri string in some cases. Consider using Uri.EscapeDataString for query string components instead.' (https://aka.ms/dotnet-warnings/SYSLIB0013) [C:\Users\ultra\warewolf\Dev\Dev2.Runtime\Dev2.Runtime.csproj]
C:\Users\ultra\warewolf\Dev\Dev2.Runtime\ESB\Execution\RemoteWorkflowExecutionContainer.cs(301,39): warning SYSLIB0013: 'Uri.EscapeUriString(string)' is obsolete: 'Uri.EscapeUriString can corrupt the Uri string in some cases. Consider using Uri.EscapeDataString for query string components instead.' (https://aka.ms/dotnet-warnings/SYSLIB0013) [C:\Users\ultra\warewolf\Dev\Dev2.Runtime\Dev2.Runtime.csproj]
C:\Users\ultra\warewolf\Dev\Dev2.Runtime\ESB\WF\XamlActivityHelper.cs(66,13): warning CC0004: Empty Catch Block. (https://code-cracker.github.io/diagnostics/CC0004.html) [C:\Users\ultra\warewolf\Dev\Dev2.Runtime\Dev2.Runtime.csproj]
C:\Users\ultra\warewolf\Dev\Dev2.Runtime\ESB\WF\XamlActivityHelper.cs(133,13): warning CC0004: Empty Catch Block. (https://code-cracker.github.io/diagnostics/CC0004.html) [C:\Users\ultra\warewolf\Dev\Dev2.Runtime\Dev2.Runtime.csproj]
C:\Users\ultra\warewolf\Dev\Dev2.Runtime\ESB\Execution\WfExecutionContainer.cs(63,35): warning CC0067: Do not call overridable methods in constructors (https://code-cracker.github.io/diagnostics/CC0067.html) [C:\Users\ultra\warewolf\Dev\Dev2.Runtime\Dev2.Runtime.csproj]
C:\Users\ultra\warewolf\Dev\Dev2.Runtime\ESB\WF\XamlActivityHelper.cs(179,17): warning CC0004: Empty Catch Block. (https://code-cracker.github.io/diagnostics/CC0004.html) [C:\Users\ultra\warewolf\Dev\Dev2.Runtime\Dev2.Runtime.csproj]
C:\Users\ultra\warewolf\Dev\Dev2.Runtime\ESB\WF\XamlActivityHelper.cs(230,17): warning CC0004: Empty Catch Block. (https://code-cracker.github.io/diagnostics/CC0004.html) [C:\Users\ultra\warewolf\Dev\Dev2.Runtime\Dev2.Runtime.csproj]
C:\Users\ultra\warewolf\Dev\Dev2.Runtime\ESB\WF\XamlActivityHelper.cs(240,43): warning CC0057: Parameter 'instance' is not used. (https://code-cracker.github.io/diagnostics/CC0057.html) [C:\Users\ultra\warewolf\Dev\Dev2.Runtime\Dev2.Runtime.csproj]
C:\Users\ultra\warewolf\Dev\Dev2.Runtime\ESB\Execution\WfExecutionContainer.cs(578,33): warning CC0003: Consider adding an Exception to the catch. (https://code-cracker.github.io/diagnostics/CC0003.html) [C:\Users\ultra\warewolf\Dev\Dev2.Runtime\Dev2.Runtime.csproj]
C:\Users\ultra\warewolf\Dev\Dev2.Runtime\ESB\Execution\WfExecutionContainer.cs(819,17): warning CC0004: Empty Catch Block. (https://code-cracker.github.io/diagnostics/CC0004.html) [C:\Users\ultra\warewolf\Dev\Dev2.Runtime\Dev2.Runtime.csproj]
C:\Users\ultra\warewolf\Dev\Dev2.Runtime\ESB\Execution\WfExecutionContainer.cs(864,21): warning CC0004: Empty Catch Block. (https://code-cracker.github.io/diagnostics/CC0004.html) [C:\Users\ultra\warewolf\Dev\Dev2.Runtime\Dev2.Runtime.csproj]
C:\Users\ultra\warewolf\Dev\Dev2.Runtime\ESB\Execution\WfExecutionContainer.cs(774,37): warning CC0022: StateAuditLogger should be disposed. (https://code-cracker.github.io/diagnostics/CC0022.html) [C:\Users\ultra\warewolf\Dev\Dev2.Runtime\Dev2.Runtime.csproj]
  Dev2.Runtime -> C:\Users\ultra\warewolf\Dev\Dev2.Runtime\bin\Debug\net8.0\Dev2.Runtime.dll
C:\Users\ultra\warewolf\Dev\Dev2.Studio.Core\Activities\Services\DesignerManagementService.cs(75,13): warning CS0618: 'EventAggregatorExtensions.Subscribe(IEventAggregator, object)' is obsolete: 'Use SubscribeOnPublishedThread' [C:\Users\ultra\warewolf\Dev\Dev2.Studio.Core\Dev2.Studio.Core.csproj]
C:\Users\ultra\warewolf\Dev\Dev2.Studio.Core\AppResources\Converters\NullableBoolToBoolConverter.cs(31,45): warning CC0057: Parameter 'targetType' is not used. (https://code-cracker.github.io/diagnostics/CC0057.html) [C:\Users\ultra\warewolf\Dev\Dev2.Studio.Core\Dev2.Studio.Core.csproj]
C:\Users\ultra\warewolf\Dev\Dev2.Studio.Core\AppResources\Converters\NullableBoolToBoolConverter.cs(31,62): warning CC0057: Parameter 'parameter' is not used. (https://code-cracker.github.io/diagnostics/CC0057.html) [C:\Users\ultra\warewolf\Dev\Dev2.Studio.Core\Dev2.Studio.Core.csproj]
C:\Users\ultra\warewolf\Dev\Dev2.Studio.Core\AppResources\Converters\NullableBoolToBoolConverter.cs(31,80): warning CC0057: Parameter 'culture' is not used. (https://code-cracker.github.io/diagnostics/CC0057.html) [C:\Users\ultra\warewolf\Dev\Dev2.Studio.Core\Dev2.Studio.Core.csproj]
C:\Users\ultra\warewolf\Dev\Dev2.Studio.Core\AppResources\Converters\NullableBoolToBoolConverter.cs(41,23): warning CC0057: Parameter 'value' is not used. (https://code-cracker.github.io/diagnostics/CC0057.html) [C:\Users\ultra\warewolf\Dev\Dev2.Studio.Core\Dev2.Studio.Core.csproj]
C:\Users\ultra\warewolf\Dev\Dev2.Studio.Core\AppResources\Converters\NullableBoolToBoolConverter.cs(41,37): warning CC0057: Parameter 'targetType' is not used. (https://code-cracker.github.io/diagnostics/CC0057.html) [C:\Users\ultra\warewolf\Dev\Dev2.Studio.Core\Dev2.Studio.Core.csproj]
C:\Users\ultra\warewolf\Dev\Dev2.Studio.Core\AppResources\Converters\NullableBoolToBoolConverter.cs(41,54): warning CC0057: Parameter 'parameter' is not used. (https://code-cracker.github.io/diagnostics/CC0057.html) [C:\Users\ultra\warewolf\Dev\Dev2.Studio.Core\Dev2.Studio.Core.csproj]
C:\Users\ultra\warewolf\Dev\Dev2.Studio.Core\AppResources\Converters\NullableBoolToBoolConverter.cs(41,72): warning CC0057: Parameter 'culture' is not used. (https://code-cracker.github.io/diagnostics/CC0057.html) [C:\Users\ultra\warewolf\Dev\Dev2.Studio.Core\Dev2.Studio.Core.csproj]
C:\Users\ultra\warewolf\Dev\Dev2.Studio.Core\AppResources\Converters\ModelItemToActivityConverter.cs(31,42): warning CC0057: Parameter 'targetType' is not used. (https://code-cracker.github.io/diagnostics/CC0057.html) [C:\Users\ultra\warewolf\Dev\Dev2.Studio.Core\Dev2.Studio.Core.csproj]
C:\Users\ultra\warewolf\Dev\Dev2.Studio.Core\AppResources\Converters\ModelItemToActivityConverter.cs(31,59): warning CC0057: Parameter 'parameter' is not used. (https://code-cracker.github.io/diagnostics/CC0057.html) [C:\Users\ultra\warewolf\Dev\Dev2.Studio.Core\Dev2.Studio.Core.csproj]
C:\Users\ultra\warewolf\Dev\Dev2.Studio.Core\AppResources\Converters\ModelItemToActivityConverter.cs(31,77): warning CC0057: Parameter 'culture' is not used. (https://code-cracker.github.io/diagnostics/CC0057.html) [C:\Users\ultra\warewolf\Dev\Dev2.Studio.Core\Dev2.Studio.Core.csproj]
C:\Users\ultra\warewolf\Dev\Dev2.Studio.Core\AppResources\Converters\ModelItemToActivityConverter.cs(45,46): warning CC0057: Parameter 'targetType' is not used. (https://code-cracker.github.io/diagnostics/CC0057.html) [C:\Users\ultra\warewolf\Dev\Dev2.Studio.Core\Dev2.Studio.Core.csproj]
C:\Users\ultra\warewolf\Dev\Dev2.Studio.Core\AppResources\Converters\ModelItemToActivityConverter.cs(45,81): warning CC0057: Parameter 'culture' is not used. (https://code-cracker.github.io/diagnostics/CC0057.html) [C:\Users\ultra\warewolf\Dev\Dev2.Studio.Core\Dev2.Studio.Core.csproj]
C:\Users\ultra\warewolf\Dev\Dev2.Studio.Core\Diagnostics\DebugStateTreeViewItemViewModel.cs(119,13): warning CC0105: Use 'var' instead of specifying the type name. (https://code-cracker.github.io/diagnostics/CC0105.html) [C:\Users\ultra\warewolf\Dev\Dev2.Studio.Core\Dev2.Studio.Core.csproj]
C:\Users\ultra\warewolf\Dev\Dev2.Studio.Core\DataList\Dev2TrieSuggestionProvider.cs(180,13): warning CC0004: Empty Catch Block. (https://code-cracker.github.io/diagnostics/CC0004.html) [C:\Users\ultra\warewolf\Dev\Dev2.Studio.Core\Dev2.Studio.Core.csproj]
  Dev2.Studio.Core -> C:\Users\ultra\warewolf\Dev\Dev2.Studio.Core\bin\Debug\net8.0\Dev2.Studio.Core.dll
  Warewolf.Common.Framework48 -> C:\Users\ultra\warewolf\Dev\Warewolf.Common.Framework48\bin\Debug\net8.0\Warewolf.Common.Framework48.dll
C:\Program Files\dotnet\sdk\10.0.201\Microsoft.Common.CurrentVersion.targets(2451,5): warning MSB3245: Could not resolve this reference. Could not locate the assembly "System.Web". Check to make sure the assembly exists on disk. If this reference is required by your code, you may get compilation errors. [C:\Users\ultra\warewolf\Dev\Dev2.Runtime.WebServer\Dev2.Runtime.WebServer.csproj]
C:\Program Files\dotnet\sdk\10.0.201\Microsoft.Common.CurrentVersion.targets(2451,5): warning MSB3243: No way to resolve conflict between "System.Web, Version=4.0.0.0, Culture=neutral, PublicKeyToken=b03f5f7f11d50a3a" and "System.Web". Choosing "System.Web, Version=4.0.0.0, Culture=neutral, PublicKeyToken=b03f5f7f11d50a3a" arbitrarily. [C:\Users\ultra\warewolf\Dev\Dev2.Runtime.WebServer\Dev2.Runtime.WebServer.csproj]
C:\Program Files\dotnet\sdk\10.0.201\Microsoft.Common.CurrentVersion.targets(2451,5): warning MSB3277: Found conflicts between different versions of "WindowsBase" that could not be resolved. [C:\Users\ultra\warewolf\Dev\Dev2.Runtime.WebServer\Dev2.Runtime.WebServer.csproj]
C:\Program Files\dotnet\sdk\10.0.201\Microsoft.Common.CurrentVersion.targets(2451,5): warning MSB3277: There was a conflict between "WindowsBase, Version=4.0.0.0, Culture=neutral, PublicKeyToken=31bf3856ad364e35" and "WindowsBase, Version=6.0.2.0, Culture=neutral, PublicKeyToken=31bf3856ad364e35". [C:\Users\ultra\warewolf\Dev\Dev2.Runtime.WebServer\Dev2.Runtime.WebServer.csproj]
C:\Program Files\dotnet\sdk\10.0.201\Microsoft.Common.CurrentVersion.targets(2451,5): warning MSB3277:     "WindowsBase, Version=4.0.0.0, Culture=neutral, PublicKeyToken=31bf3856ad364e35" was chosen because it was primary and "WindowsBase, Version=6.0.2.0, Culture=neutral, PublicKeyToken=31bf3856ad364e35" was not. [C:\Users\ultra\warewolf\Dev\Dev2.Runtime.WebServer\Dev2.Runtime.WebServer.csproj]
C:\Program Files\dotnet\sdk\10.0.201\Microsoft.Common.CurrentVersion.targets(2451,5): warning MSB3277:     References which depend on "WindowsBase, Version=4.0.0.0, Culture=neutral, PublicKeyToken=31bf3856ad364e35" [C:\Program Files\dotnet\packs\Microsoft.NETCore.App.Ref\8.0.25\ref\net8.0\WindowsBase.dll]. [C:\Users\ultra\warewolf\Dev\Dev2.Runtime.WebServer\Dev2.Runtime.WebServer.csproj]
C:\Program Files\dotnet\sdk\10.0.201\Microsoft.Common.CurrentVersion.targets(2451,5): warning MSB3277:         C:\Program Files\dotnet\packs\Microsoft.NETCore.App.Ref\8.0.25\ref\net8.0\WindowsBase.dll [C:\Users\ultra\warewolf\Dev\Dev2.Runtime.WebServer\Dev2.Runtime.WebServer.csproj]
C:\Program Files\dotnet\sdk\10.0.201\Microsoft.Common.CurrentVersion.targets(2451,5): warning MSB3277:           Project file item includes which caused reference "C:\Program Files\dotnet\packs\Microsoft.NETCore.App.Ref\8.0.25\ref\net8.0\WindowsBase.dll". [C:\Users\ultra\warewolf\Dev\Dev2.Runtime.WebServer\Dev2.Runtime.WebServer.csproj]
C:\Program Files\dotnet\sdk\10.0.201\Microsoft.Common.CurrentVersion.targets(2451,5): warning MSB3277:             C:\Program Files\dotnet\packs\Microsoft.NETCore.App.Ref\8.0.25\ref/net8.0/WindowsBase.dll [C:\Users\ultra\warewolf\Dev\Dev2.Runtime.WebServer\Dev2.Runtime.WebServer.csproj]
C:\Program Files\dotnet\sdk\10.0.201\Microsoft.Common.CurrentVersion.targets(2451,5): warning MSB3277:     References which depend on or have been unified to "WindowsBase, Version=6.0.2.0, Culture=neutral, PublicKeyToken=31bf3856ad364e35" []. [C:\Users\ultra\warewolf\Dev\Dev2.Runtime.WebServer\Dev2.Runtime.WebServer.csproj]
C:\Program Files\dotnet\sdk\10.0.201\Microsoft.Common.CurrentVersion.targets(2451,5): warning MSB3277:         C:\Users\ultra\.nuget\packages\caliburn.micro\4.0.212\lib\netcoreapp3.1\Caliburn.Micro.Platform.dll [C:\Users\ultra\warewolf\Dev\Dev2.Runtime.WebServer\Dev2.Runtime.WebServer.csproj]
C:\Program Files\dotnet\sdk\10.0.201\Microsoft.Common.CurrentVersion.targets(2451,5): warning MSB3277:           Project file item includes which caused reference "C:\Users\ultra\.nuget\packages\caliburn.micro\4.0.212\lib\netcoreapp3.1\Caliburn.Micro.Platform.dll". [C:\Users\ultra\warewolf\Dev\Dev2.Runtime.WebServer\Dev2.Runtime.WebServer.csproj]
C:\Program Files\dotnet\sdk\10.0.201\Microsoft.Common.CurrentVersion.targets(2451,5): warning MSB3277:             C:\Users\ultra\.nuget\packages\caliburn.micro\4.0.212\lib\netcoreapp3.1\Caliburn.Micro.Platform.dll [C:\Users\ultra\warewolf\Dev\Dev2.Runtime.WebServer\Dev2.Runtime.WebServer.csproj]
C:\Program Files\dotnet\sdk\10.0.201\Microsoft.Common.CurrentVersion.targets(2451,5): warning MSB3277:         C:\Users\ultra\.nuget\packages\ironpython\3.4.0\lib\net6.0\IronPython.Wpf.dll [C:\Users\ultra\warewolf\Dev\Dev2.Runtime.WebServer\Dev2.Runtime.WebServer.csproj]
C:\Program Files\dotnet\sdk\10.0.201\Microsoft.Common.CurrentVersion.targets(2451,5): warning MSB3277:           Project file item includes which caused reference "C:\Users\ultra\.nuget\packages\ironpython\3.4.0\lib\net6.0\IronPython.Wpf.dll". [C:\Users\ultra\warewolf\Dev\Dev2.Runtime.WebServer\Dev2.Runtime.WebServer.csproj]
C:\Program Files\dotnet\sdk\10.0.201\Microsoft.Common.CurrentVersion.targets(2451,5): warning MSB3277:             C:\Users\ultra\.nuget\packages\ironpython\3.4.0\lib\net6.0\IronPython.Wpf.dll [C:\Users\ultra\warewolf\Dev\Dev2.Runtime.WebServer\Dev2.Runtime.WebServer.csproj]
C:\Program Files\dotnet\sdk\10.0.201\Microsoft.Common.CurrentVersion.targets(2451,5): warning MSB3277:         C:\Users\ultra\.nuget\packages\microsoft.xaml.behaviors.wpf\1.1.122\lib\net462\Microsoft.Xaml.Behaviors.dll [C:\Users\ultra\warewolf\Dev\Dev2.Runtime.WebServer\Dev2.Runtime.WebServer.csproj]
C:\Program Files\dotnet\sdk\10.0.201\Microsoft.Common.CurrentVersion.targets(2451,5): warning MSB3277:           Project file item includes which caused reference "C:\Users\ultra\.nuget\packages\microsoft.xaml.behaviors.wpf\1.1.122\lib\net462\Microsoft.Xaml.Behaviors.dll". [C:\Users\ultra\warewolf\Dev\Dev2.Runtime.WebServer\Dev2.Runtime.WebServer.csproj]
C:\Program Files\dotnet\sdk\10.0.201\Microsoft.Common.CurrentVersion.targets(2451,5): warning MSB3277:             C:\Users\ultra\.nuget\packages\microsoft.xaml.behaviors.wpf\1.1.122\lib\net462\Microsoft.Xaml.Behaviors.dll [C:\Users\ultra\warewolf\Dev\Dev2.Runtime.WebServer\Dev2.Runtime.WebServer.csproj]
C:\Program Files\dotnet\sdk\10.0.201\Microsoft.Common.CurrentVersion.targets(2451,5): warning MSB3277:             C:\Users\ultra\.nuget\packages\caliburn.micro\4.0.212\lib\netcoreapp3.1\Caliburn.Micro.Platform.dll [C:\Users\ultra\warewolf\Dev\Dev2.Runtime.WebServer\Dev2.Runtime.WebServer.csproj]
C:\Program Files\dotnet\sdk\10.0.201\Microsoft.Common.CurrentVersion.targets(2451,5): warning MSB3277:             C:\Users\ultra\.nuget\packages\prism.wpf\9.0.537\lib\net462\Prism.Wpf.dll [C:\Users\ultra\warewolf\Dev\Dev2.Runtime.WebServer\Dev2.Runtime.WebServer.csproj]
C:\Program Files\dotnet\sdk\10.0.201\Microsoft.Common.CurrentVersion.targets(2451,5): warning MSB3277:         C:\Users\ultra\.nuget\packages\prism.wpf\9.0.537\lib\net462\Prism.Wpf.dll [C:\Users\ultra\warewolf\Dev\Dev2.Runtime.WebServer\Dev2.Runtime.WebServer.csproj]
C:\Program Files\dotnet\sdk\10.0.201\Microsoft.Common.CurrentVersion.targets(2451,5): warning MSB3277:           Project file item includes which caused reference "C:\Users\ultra\.nuget\packages\prism.wpf\9.0.537\lib\net462\Prism.Wpf.dll". [C:\Users\ultra\warewolf\Dev\Dev2.Runtime.WebServer\Dev2.Runtime.WebServer.csproj]
C:\Program Files\dotnet\sdk\10.0.201\Microsoft.Common.CurrentVersion.targets(2451,5): warning MSB3277:             C:\Users\ultra\.nuget\packages\prism.wpf\9.0.537\lib\net462\Prism.Wpf.dll [C:\Users\ultra\warewolf\Dev\Dev2.Runtime.WebServer\Dev2.Runtime.WebServer.csproj]
C:\Program Files\dotnet\sdk\10.0.201\Microsoft.Common.CurrentVersion.targets(2451,5): warning MSB3277:         C:\Users\ultra\.nuget\packages\reactiveui.wpf\18.4.1\lib\net462\ReactiveUI.Wpf.dll [C:\Users\ultra\warewolf\Dev\Dev2.Runtime.WebServer\Dev2.Runtime.WebServer.csproj]
C:\Program Files\dotnet\sdk\10.0.201\Microsoft.Common.CurrentVersion.targets(2451,5): warning MSB3277:           Project file item includes which caused reference "C:\Users\ultra\.nuget\packages\reactiveui.wpf\18.4.1\lib\net462\ReactiveUI.Wpf.dll". [C:\Users\ultra\warewolf\Dev\Dev2.Runtime.WebServer\Dev2.Runtime.WebServer.csproj]
C:\Program Files\dotnet\sdk\10.0.201\Microsoft.Common.CurrentVersion.targets(2451,5): warning MSB3277:             C:\Users\ultra\.nuget\packages\reactiveui.wpf\18.4.1\lib\net462\ReactiveUI.Wpf.dll [C:\Users\ultra\warewolf\Dev\Dev2.Runtime.WebServer\Dev2.Runtime.WebServer.csproj]
C:\Users\ultra\warewolf\Dev\Dev2.Runtime.WebServer\BasicAuthenticationHandler.cs(20,13): warning CS0618: 'ISystemClock' is obsolete: 'Use TimeProvider instead.' [C:\Users\ultra\warewolf\Dev\Dev2.Runtime.WebServer\Dev2.Runtime.WebServer.csproj]
C:\Users\ultra\warewolf\Dev\Dev2.Runtime.WebServer\AnonymousAuthenticationHandler.cs(15,9): warning CS0618: 'ISystemClock' is obsolete: 'Use TimeProvider instead.' [C:\Users\ultra\warewolf\Dev\Dev2.Runtime.WebServer\Dev2.Runtime.WebServer.csproj]
C:\Users\ultra\warewolf\Dev\Dev2.Runtime.WebServer\BasicAuthenticationHandler.cs(21,13): warning CS0618: 'AuthenticationHandler<AuthenticationSchemeOptions>.AuthenticationHandler(IOptionsMonitor<AuthenticationSchemeOptions>, ILoggerFactory, UrlEncoder, ISystemClock)' is obsolete: 'ISystemClock is obsolete, use TimeProvider on AuthenticationSchemeOptions instead.' [C:\Users\ultra\warewolf\Dev\Dev2.Runtime.WebServer\Dev2.Runtime.WebServer.csproj]
C:\Users\ultra\warewolf\Dev\Dev2.Runtime.WebServer\AnonymousAuthenticationHandler.cs(16,9): warning CS0618: 'AuthenticationHandler<AuthenticationSchemeOptions>.AuthenticationHandler(IOptionsMonitor<AuthenticationSchemeOptions>, ILoggerFactory, UrlEncoder, ISystemClock)' is obsolete: 'ISystemClock is obsolete, use TimeProvider on AuthenticationSchemeOptions instead.' [C:\Users\ultra\warewolf\Dev\Dev2.Runtime.WebServer\Dev2.Runtime.WebServer.csproj]
C:\Users\ultra\warewolf\Dev\Dev2.Runtime.WebServer\Executor\ExecutionDtoExtensions.cs(119,13): warning CC0105: Use 'var' instead of specifying the type name. (https://code-cracker.github.io/diagnostics/CC0105.html) [C:\Users\ultra\warewolf\Dev\Dev2.Runtime.WebServer\Dev2.Runtime.WebServer.csproj]
C:\Users\ultra\warewolf\Dev\Dev2.Runtime.WebServer\BasicAuthenticationHandler.cs(70,13): warning CC0003: Consider adding an Exception to the catch. (https://code-cracker.github.io/diagnostics/CC0003.html) [C:\Users\ultra\warewolf\Dev\Dev2.Runtime.WebServer\Dev2.Runtime.WebServer.csproj]
C:\Users\ultra\warewolf\Dev\Dev2.Runtime.WebServer\Handlers\GetLogFileServiceHandler.cs(129,21): warning CC0105: Use 'var' instead of specifying the type name. (https://code-cracker.github.io/diagnostics/CC0105.html) [C:\Users\ultra\warewolf\Dev\Dev2.Runtime.WebServer\Dev2.Runtime.WebServer.csproj]
C:\Users\ultra\warewolf\Dev\Dev2.Runtime.WebServer\ServiceTesting\ServiceTestCoverageModelHTMLResultBuilder.cs(138,13): warning CC0105: Use 'var' instead of specifying the type name. (https://code-cracker.github.io/diagnostics/CC0105.html) [C:\Users\ultra\warewolf\Dev\Dev2.Runtime.WebServer\Dev2.Runtime.WebServer.csproj]
C:\Users\ultra\warewolf\Dev\Dev2.Runtime.WebServer\ServiceTesting\ServiceTestCoverageModelHTMLResultBuilder.cs(139,13): warning CC0105: Use 'var' instead of specifying the type name. (https://code-cracker.github.io/diagnostics/CC0105.html) [C:\Users\ultra\warewolf\Dev\Dev2.Runtime.WebServer\Dev2.Runtime.WebServer.csproj]
C:\Users\ultra\warewolf\Dev\Dev2.Runtime.WebServer\ServiceTesting\ServiceTestModelJObjectResultBuilder.cs(101,13): warning CC0105: Use 'var' instead of specifying the type name. (https://code-cracker.github.io/diagnostics/CC0105.html) [C:\Users\ultra\warewolf\Dev\Dev2.Runtime.WebServer\Dev2.Runtime.WebServer.csproj]
  Dev2.Runtime.WebServer -> C:\Users\ultra\warewolf\Dev\Dev2.Runtime.WebServer\bin\Debug\net8.0\Dev2.Runtime.WebServer.dll
C:\Program Files\dotnet\sdk\10.0.201\Microsoft.Common.CurrentVersion.targets(2451,5): warning MSB3277: Found conflicts between different versions of "WindowsBase" that could not be resolved. [C:\Users\ultra\warewolf\Dev\Dev2.Infrastructure.Tests\Dev2.Infrastructure.Tests.csproj]
C:\Program Files\dotnet\sdk\10.0.201\Microsoft.Common.CurrentVersion.targets(2451,5): warning MSB3277: There was a conflict between "WindowsBase, Version=4.0.0.0, Culture=neutral, PublicKeyToken=31bf3856ad364e35" and "WindowsBase, Version=6.0.2.0, Culture=neutral, PublicKeyToken=31bf3856ad364e35". [C:\Users\ultra\warewolf\Dev\Dev2.Infrastructure.Tests\Dev2.Infrastructure.Tests.csproj]
C:\Program Files\dotnet\sdk\10.0.201\Microsoft.Common.CurrentVersion.targets(2451,5): warning MSB3277:     "WindowsBase, Version=4.0.0.0, Culture=neutral, PublicKeyToken=31bf3856ad364e35" was chosen because it was primary and "WindowsBase, Version=6.0.2.0, Culture=neutral, PublicKeyToken=31bf3856ad364e35" was not. [C:\Users\ultra\warewolf\Dev\Dev2.Infrastructure.Tests\Dev2.Infrastructure.Tests.csproj]
C:\Program Files\dotnet\sdk\10.0.201\Microsoft.Common.CurrentVersion.targets(2451,5): warning MSB3277:     References which depend on "WindowsBase, Version=4.0.0.0, Culture=neutral, PublicKeyToken=31bf3856ad364e35" [C:\Program Files\dotnet\packs\Microsoft.NETCore.App.Ref\8.0.25\ref\net8.0\WindowsBase.dll]. [C:\Users\ultra\warewolf\Dev\Dev2.Infrastructure.Tests\Dev2.Infrastructure.Tests.csproj]
C:\Program Files\dotnet\sdk\10.0.201\Microsoft.Common.CurrentVersion.targets(2451,5): warning MSB3277:         C:\Program Files\dotnet\packs\Microsoft.NETCore.App.Ref\8.0.25\ref\net8.0\WindowsBase.dll [C:\Users\ultra\warewolf\Dev\Dev2.Infrastructure.Tests\Dev2.Infrastructure.Tests.csproj]
C:\Program Files\dotnet\sdk\10.0.201\Microsoft.Common.CurrentVersion.targets(2451,5): warning MSB3277:           Project file item includes which caused reference "C:\Program Files\dotnet\packs\Microsoft.NETCore.App.Ref\8.0.25\ref\net8.0\WindowsBase.dll". [C:\Users\ultra\warewolf\Dev\Dev2.Infrastructure.Tests\Dev2.Infrastructure.Tests.csproj]
C:\Program Files\dotnet\sdk\10.0.201\Microsoft.Common.CurrentVersion.targets(2451,5): warning MSB3277:             C:\Program Files\dotnet\packs\Microsoft.NETCore.App.Ref\8.0.25\ref/net8.0/WindowsBase.dll [C:\Users\ultra\warewolf\Dev\Dev2.Infrastructure.Tests\Dev2.Infrastructure.Tests.csproj]
C:\Program Files\dotnet\sdk\10.0.201\Microsoft.Common.CurrentVersion.targets(2451,5): warning MSB3277:     References which depend on or have been unified to "WindowsBase, Version=6.0.2.0, Culture=neutral, PublicKeyToken=31bf3856ad364e35" []. [C:\Users\ultra\warewolf\Dev\Dev2.Infrastructure.Tests\Dev2.Infrastructure.Tests.csproj]
C:\Program Files\dotnet\sdk\10.0.201\Microsoft.Common.CurrentVersion.targets(2451,5): warning MSB3277:         C:\Users\ultra\.nuget\packages\caliburn.micro\4.0.212\lib\netcoreapp3.1\Caliburn.Micro.Platform.dll [C:\Users\ultra\warewolf\Dev\Dev2.Infrastructure.Tests\Dev2.Infrastructure.Tests.csproj]
C:\Program Files\dotnet\sdk\10.0.201\Microsoft.Common.CurrentVersion.targets(2451,5): warning MSB3277:           Project file item includes which caused reference "C:\Users\ultra\.nuget\packages\caliburn.micro\4.0.212\lib\netcoreapp3.1\Caliburn.Micro.Platform.dll". [C:\Users\ultra\warewolf\Dev\Dev2.Infrastructure.Tests\Dev2.Infrastructure.Tests.csproj]
C:\Program Files\dotnet\sdk\10.0.201\Microsoft.Common.CurrentVersion.targets(2451,5): warning MSB3277:             C:\Users\ultra\.nuget\packages\caliburn.micro\4.0.212\lib\netcoreapp3.1\Caliburn.Micro.Platform.dll [C:\Users\ultra\warewolf\Dev\Dev2.Infrastructure.Tests\Dev2.Infrastructure.Tests.csproj]
C:\Program Files\dotnet\sdk\10.0.201\Microsoft.Common.CurrentVersion.targets(2451,5): warning MSB3277:         C:\Users\ultra\.nuget\packages\ironpython\3.4.0\lib\net6.0\IronPython.Wpf.dll [C:\Users\ultra\warewolf\Dev\Dev2.Infrastructure.Tests\Dev2.Infrastructure.Tests.csproj]
C:\Program Files\dotnet\sdk\10.0.201\Microsoft.Common.CurrentVersion.targets(2451,5): warning MSB3277:           Project file item includes which caused reference "C:\Users\ultra\.nuget\packages\ironpython\3.4.0\lib\net6.0\IronPython.Wpf.dll". [C:\Users\ultra\warewolf\Dev\Dev2.Infrastructure.Tests\Dev2.Infrastructure.Tests.csproj]
C:\Program Files\dotnet\sdk\10.0.201\Microsoft.Common.CurrentVersion.targets(2451,5): warning MSB3277:             C:\Users\ultra\.nuget\packages\ironpython\3.4.0\lib\net6.0\IronPython.Wpf.dll [C:\Users\ultra\warewolf\Dev\Dev2.Infrastructure.Tests\Dev2.Infrastructure.Tests.csproj]
C:\Program Files\dotnet\sdk\10.0.201\Microsoft.Common.CurrentVersion.targets(2451,5): warning MSB3277:         C:\Users\ultra\.nuget\packages\microsoft.xaml.behaviors.wpf\1.1.122\lib\net462\Microsoft.Xaml.Behaviors.dll [C:\Users\ultra\warewolf\Dev\Dev2.Infrastructure.Tests\Dev2.Infrastructure.Tests.csproj]
C:\Program Files\dotnet\sdk\10.0.201\Microsoft.Common.CurrentVersion.targets(2451,5): warning MSB3277:           Project file item includes which caused reference "C:\Users\ultra\.nuget\packages\microsoft.xaml.behaviors.wpf\1.1.122\lib\net462\Microsoft.Xaml.Behaviors.dll". [C:\Users\ultra\warewolf\Dev\Dev2.Infrastructure.Tests\Dev2.Infrastructure.Tests.csproj]
C:\Program Files\dotnet\sdk\10.0.201\Microsoft.Common.CurrentVersion.targets(2451,5): warning MSB3277:             C:\Users\ultra\.nuget\packages\microsoft.xaml.behaviors.wpf\1.1.122\lib\net462\Microsoft.Xaml.Behaviors.dll [C:\Users\ultra\warewolf\Dev\Dev2.Infrastructure.Tests\Dev2.Infrastructure.Tests.csproj]
C:\Program Files\dotnet\sdk\10.0.201\Microsoft.Common.CurrentVersion.targets(2451,5): warning MSB3277:             C:\Users\ultra\.nuget\packages\caliburn.micro\4.0.212\lib\netcoreapp3.1\Caliburn.Micro.Platform.dll [C:\Users\ultra\warewolf\Dev\Dev2.Infrastructure.Tests\Dev2.Infrastructure.Tests.csproj]
C:\Program Files\dotnet\sdk\10.0.201\Microsoft.Common.CurrentVersion.targets(2451,5): warning MSB3277:             C:\Users\ultra\.nuget\packages\prism.wpf\9.0.537\lib\net462\Prism.Wpf.dll [C:\Users\ultra\warewolf\Dev\Dev2.Infrastructure.Tests\Dev2.Infrastructure.Tests.csproj]
C:\Program Files\dotnet\sdk\10.0.201\Microsoft.Common.CurrentVersion.targets(2451,5): warning MSB3277:         C:\Users\ultra\.nuget\packages\prism.wpf\9.0.537\lib\net462\Prism.Wpf.dll [C:\Users\ultra\warewolf\Dev\Dev2.Infrastructure.Tests\Dev2.Infrastructure.Tests.csproj]
C:\Program Files\dotnet\sdk\10.0.201\Microsoft.Common.CurrentVersion.targets(2451,5): warning MSB3277:           Project file item includes which caused reference "C:\Users\ultra\.nuget\packages\prism.wpf\9.0.537\lib\net462\Prism.Wpf.dll". [C:\Users\ultra\warewolf\Dev\Dev2.Infrastructure.Tests\Dev2.Infrastructure.Tests.csproj]
C:\Program Files\dotnet\sdk\10.0.201\Microsoft.Common.CurrentVersion.targets(2451,5): warning MSB3277:             C:\Users\ultra\.nuget\packages\prism.wpf\9.0.537\lib\net462\Prism.Wpf.dll [C:\Users\ultra\warewolf\Dev\Dev2.Infrastructure.Tests\Dev2.Infrastructure.Tests.csproj]
C:\Program Files\dotnet\sdk\10.0.201\Microsoft.Common.CurrentVersion.targets(2451,5): warning MSB3277:         C:\Users\ultra\.nuget\packages\reactiveui.wpf\18.4.1\lib\net462\ReactiveUI.Wpf.dll [C:\Users\ultra\warewolf\Dev\Dev2.Infrastructure.Tests\Dev2.Infrastructure.Tests.csproj]
C:\Program Files\dotnet\sdk\10.0.201\Microsoft.Common.CurrentVersion.targets(2451,5): warning MSB3277:           Project file item includes which caused reference "C:\Users\ultra\.nuget\packages\reactiveui.wpf\18.4.1\lib\net462\ReactiveUI.Wpf.dll". [C:\Users\ultra\warewolf\Dev\Dev2.Infrastructure.Tests\Dev2.Infrastructure.Tests.csproj]
C:\Program Files\dotnet\sdk\10.0.201\Microsoft.Common.CurrentVersion.targets(2451,5): warning MSB3277:             C:\Users\ultra\.nuget\packages\reactiveui.wpf\18.4.1\lib\net462\ReactiveUI.Wpf.dll [C:\Users\ultra\warewolf\Dev\Dev2.Infrastructure.Tests\Dev2.Infrastructure.Tests.csproj]
C:\Users\ultra\warewolf\Dev\Warewolf.UnitTestAttributes\Depends.cs(587,5): warning SYSLIB0014: 'WebClient.WebClient()' is obsolete: 'WebRequest, HttpWebRequest, ServicePoint, and WebClient are obsolete. Use HttpClient instead.' (https://aka.ms/dotnet-warnings/SYSLIB0014) [C:\Users\ultra\warewolf\Dev\Dev2.Infrastructure.Tests\Dev2.Infrastructure.Tests.csproj]
C:\Users\ultra\warewolf\Dev\Warewolf.UnitTestAttributes\Depends.cs(309,33): warning SYSLIB0014: 'WebClient.WebClient()' is obsolete: 'WebRequest, HttpWebRequest, ServicePoint, and WebClient are obsolete. Use HttpClient instead.' (https://aka.ms/dotnet-warnings/SYSLIB0014) [C:\Users\ultra\warewolf\Dev\Dev2.Infrastructure.Tests\Dev2.Infrastructure.Tests.csproj]
C:\Users\ultra\warewolf\Dev\Warewolf.UnitTestAttributes\Depends.cs(523,30): warning SYSLIB0014: 'WebClient.WebClient()' is obsolete: 'WebRequest, HttpWebRequest, ServicePoint, and WebClient are obsolete. Use HttpClient instead.' (https://aka.ms/dotnet-warnings/SYSLIB0014) [C:\Users\ultra\warewolf\Dev\Dev2.Infrastructure.Tests\Dev2.Infrastructure.Tests.csproj]
C:\Users\ultra\warewolf\Dev\Dev2.Infrastructure.Tests\MoqInstallerActions\IntallerActionsForDevelopmentTest.cs(40,57): warning CA1416: This call site is reachable on all platforms. 'WindowsIdentity.Name' is only supported on: 'windows'. (https://learn.microsoft.com/dotnet/fundamentals/code-analysis/quality-rules/ca1416) [C:\Users\ultra\warewolf\Dev\Dev2.Infrastructure.Tests\Dev2.Infrastructure.Tests.csproj]
C:\Users\ultra\warewolf\Dev\Dev2.Infrastructure.Tests\MoqInstallerActions\IntallerActionsForDevelopmentTest.cs(57,31): warning CA1416: This call site is reachable on all platforms. 'WindowsIdentity.GetCurrent(bool)' is only supported on: 'windows'. (https://learn.microsoft.com/dotnet/fundamentals/code-analysis/quality-rules/ca1416) [C:\Users\ultra\warewolf\Dev\Dev2.Infrastructure.Tests\Dev2.Infrastructure.Tests.csproj]
C:\Users\ultra\warewolf\Dev\Dev2.Infrastructure.Tests\MoqInstallerActions\IntallerActionsForDevelopmentTest.cs(67,57): warning CA1416: This call site is reachable on all platforms. 'WindowsIdentity.Name' is only supported on: 'windows'. (https://learn.microsoft.com/dotnet/fundamentals/code-analysis/quality-rules/ca1416) [C:\Users\ultra\warewolf\Dev\Dev2.Infrastructure.Tests\Dev2.Infrastructure.Tests.csproj]
C:\Users\ultra\warewolf\Dev\Dev2.Infrastructure.Tests\MoqInstallerActions\IntallerActionsForDevelopmentTest.cs(30,31): warning CA1416: This call site is reachable on all platforms. 'WindowsIdentity.GetCurrent(bool)' is only supported on: 'windows'. (https://learn.microsoft.com/dotnet/fundamentals/code-analysis/quality-rules/ca1416) [C:\Users\ultra\warewolf\Dev\Dev2.Infrastructure.Tests\Dev2.Infrastructure.Tests.csproj]
  Dev2.Infrastructure.Tests -> C:\Users\ultra\warewolf\Dev\Dev2.Infrastructure.Tests\bin\Debug\net8.0\linux-x64\Dev2.Infrastructure.Tests.dll
  Warewolf.Driver.RabbitMQ.Tests -> C:\Users\ultra\warewolf\Dev\Warewolf.Driver.RabbitMQ.Tests\bin\Debug\net8.0\linux-x64\Warewolf.Driver.RabbitMQ.Tests.dll
  Warewolf.Driver.RabbitMQ.Tests -> C:\Users\ultra\warewolf\Bin\ServerTests-Linux\Warewolf.Driver.RabbitMQ.Tests\
Publishing Warewolf.Driver.Redis.Tests for linux-x64...
  Determining projects to restore...
C:\Users\ultra\warewolf\Dev\Warewolf.Driver.Redis.Tests\Warewolf.Driver.Redis.Tests.csproj : warning NU1903: Package 'Microsoft.Windows.Compatibility' 6.0.0 has a known high severity vulnerability, https://github.com/advisories/GHSA-555c-2p6r-68mm
  Restored C:\Users\ultra\warewolf\Dev\Warewolf.Driver.Redis.Tests\Warewolf.Driver.Redis.Tests.csproj (in 317 ms).
  2 of 3 projects are up-to-date for restore.
C:\Users\ultra\warewolf\Dev\Warewolf.Driver.Redis.Tests\Warewolf.Driver.Redis.Tests.csproj : warning NU1903: Package 'Microsoft.Windows.Compatibility' 6.0.0 has a known high severity vulnerability, https://github.com/advisories/GHSA-555c-2p6r-68mm
C:\Users\ultra\warewolf\Dev\Warewolf.Interfaces\Data\ChatbotSettingsData.cs(20,23): warning CS0169: The field 'ChatbotSettingsData._encryptDataSource' is never used [C:\Users\ultra\warewolf\Dev\Warewolf.Interfaces\Warewolf.Interfaces.csproj]
C:\Users\ultra\warewolf\Dev\Warewolf.Interfaces\Auditing\SerializableException.cs(15,7): warning CS0414: The field 'SerializableException.HResult' is assigned but its value is never used [C:\Users\ultra\warewolf\Dev\Warewolf.Interfaces\Warewolf.Interfaces.csproj]
  Warewolf.Interfaces -> C:\Users\ultra\warewolf\Dev\Warewolf.Interfaces\bin\Debug\net8.0\Warewolf.Interfaces.dll
  Consider app.config remapping of assembly "System.Runtime.CompilerServices.Unsafe, Culture=neutral, PublicKeyToken=b03f5f7f11d50a3a" from Version "6.0.0.0" [] to Version "8.0.0.0" [C:\Program Files\dotnet\packs\Microsoft.NETCore.App.Ref\8.0.25\ref\net8.0\System.Runtime.CompilerServices.Unsafe.dll] to solve conflict and get rid of warning.
  Warewolf.Driver.Redis -> C:\Users\ultra\warewolf\Dev\Warewolf.Driver.Redis\bin\Debug\net8.0\Warewolf.Driver.Redis.dll
  Warewolf.Driver.Redis.Tests -> C:\Users\ultra\warewolf\Dev\Warewolf.Driver.Redis.Tests\bin\Debug\net8.0\linux-x64\Warewolf.Driver.Redis.Tests.dll
  Warewolf.Driver.Redis.Tests -> C:\Users\ultra\warewolf\Bin\ServerTests-Linux\Warewolf.Driver.Redis.Tests\
Publishing Warewolf.Driver.Serilog.Tests for linux-x64...
  Determining projects to restore...
C:\Users\ultra\warewolf\Dev\Warewolf.Language.Parser\Warewolf.Language.Parser.fsproj : warning NU1504: Duplicate 'PackageReference' items found. Remove the duplicate items or use the Update functionality to ensure a consistent restore behavior. The duplicate 'PackageReference' items are: FSharp.Core 10.1.201, FSharp.Core 4.6.2.
C:\Users\ultra\warewolf\Dev\Dev2.Diagnostics\Dev2.Diagnostics.csproj : warning NU1701: Package 'AeroWizard 2.3.1' was restored using '.NETFramework,Version=v4.6.1, .NETFramework,Version=v4.6.2, .NETFramework,Version=v4.7, .NETFramework,Version=v4.7.1, .NETFramework,Version=v4.7.2, .NETFramework,Version=v4.8, .NETFramework,Version=v4.8.1' instead of the project target framework 'net8.0'. This package may not be fully compatible with your project. [C:\Users\ultra\warewolf\Dev\Warewolf.Driver.Serilog.Tests\Warewolf.Driver.Serilog.Tests.csproj]
C:\Users\ultra\warewolf\Dev\Dev2.Common.Interfaces\Dev2.Common.Interfaces.csproj : warning NU1903: Package 'Microsoft.Windows.Compatibility' 6.0.0 has a known high severity vulnerability, https://github.com/advisories/GHSA-555c-2p6r-68mm [C:\Users\ultra\warewolf\Dev\Warewolf.Driver.Serilog.Tests\Warewolf.Driver.Serilog.Tests.csproj]
C:\Users\ultra\warewolf\Dev\Dev2.SignalR.Wrappers.New\Dev2.SignalR.Wrappers.New.csproj : warning NU1701: Package 'AeroWizard 2.3.1' was restored using '.NETFramework,Version=v4.6.1, .NETFramework,Version=v4.6.2, .NETFramework,Version=v4.7, .NETFramework,Version=v4.7.1, .NETFramework,Version=v4.7.2, .NETFramework,Version=v4.8, .NETFramework,Version=v4.8.1' instead of the project target framework 'net8.0'. This package may not be fully compatible with your project. [C:\Users\ultra\warewolf\Dev\Warewolf.Driver.Serilog.Tests\Warewolf.Driver.Serilog.Tests.csproj]
C:\Users\ultra\warewolf\Dev\Warewolf.Studio.Core\Warewolf.Studio.Core.csproj : warning NU1701: Package 'AeroWizard 2.3.1' was restored using '.NETFramework,Version=v4.6.1, .NETFramework,Version=v4.6.2, .NETFramework,Version=v4.7, .NETFramework,Version=v4.7.1, .NETFramework,Version=v4.7.2, .NETFramework,Version=v4.8, .NETFramework,Version=v4.8.1' instead of the project target framework 'net8.0'. This package may not be fully compatible with your project. [C:\Users\ultra\warewolf\Dev\Warewolf.Driver.Serilog.Tests\Warewolf.Driver.Serilog.Tests.csproj]
C:\Users\ultra\warewolf\Dev\Dev2.Core\Dev2.Core.csproj : warning NU1903: Package 'Microsoft.Windows.Compatibility' 6.0.0 has a known high severity vulnerability, https://github.com/advisories/GHSA-555c-2p6r-68mm [C:\Users\ultra\warewolf\Dev\Warewolf.Driver.Serilog.Tests\Warewolf.Driver.Serilog.Tests.csproj]
C:\Users\ultra\warewolf\Dev\Dev2.Infrastructure.Tests\Dev2.Infrastructure.Tests.csproj : warning NU1701: Package 'AeroWizard 2.3.1' was restored using '.NETFramework,Version=v4.6.1, .NETFramework,Version=v4.6.2, .NETFramework,Version=v4.7, .NETFramework,Version=v4.7.1, .NETFramework,Version=v4.7.2, .NETFramework,Version=v4.8, .NETFramework,Version=v4.8.1' instead of the project target framework 'net8.0'. This package may not be fully compatible with your project. [C:\Users\ultra\warewolf\Dev\Warewolf.Driver.Serilog.Tests\Warewolf.Driver.Serilog.Tests.csproj]
C:\Users\ultra\warewolf\Dev\Dev2.SignalR.Wrappers.New\Dev2.SignalR.Wrappers.New.csproj : warning NU1701: Package 'GroupControls 1.9.0' was restored using '.NETFramework,Version=v4.6.1, .NETFramework,Version=v4.6.2, .NETFramework,Version=v4.7, .NETFramework,Version=v4.7.1, .NETFramework,Version=v4.7.2, .NETFramework,Version=v4.8, .NETFramework,Version=v4.8.1' instead of the project target framework 'net8.0'. This package may not be fully compatible with your project. [C:\Users\ultra\warewolf\Dev\Warewolf.Driver.Serilog.Tests\Warewolf.Driver.Serilog.Tests.csproj]
C:\Users\ultra\warewolf\Dev\Dev2.Common.Interfaces\Dev2.Common.Interfaces.csproj : warning NU1701: Package 'AeroWizard 2.3.1' was restored using '.NETFramework,Version=v4.6.1, .NETFramework,Version=v4.6.2, .NETFramework,Version=v4.7, .NETFramework,Version=v4.7.1, .NETFramework,Version=v4.7.2, .NETFramework,Version=v4.8, .NETFramework,Version=v4.8.1' instead of the project target framework 'net8.0'. This package may not be fully compatible with your project. [C:\Users\ultra\warewolf\Dev\Warewolf.Driver.Serilog.Tests\Warewolf.Driver.Serilog.Tests.csproj]
C:\Users\ultra\warewolf\Dev\Warewolf.Studio.Core\Warewolf.Studio.Core.csproj : warning NU1701: Package 'GroupControls 1.9.0' was restored using '.NETFramework,Version=v4.6.1, .NETFramework,Version=v4.6.2, .NETFramework,Version=v4.7, .NETFramework,Version=v4.7.1, .NETFramework,Version=v4.7.2, .NETFramework,Version=v4.8, .NETFramework,Version=v4.8.1' instead of the project target framework 'net8.0'. This package may not be fully compatible with your project. [C:\Users\ultra\warewolf\Dev\Warewolf.Driver.Serilog.Tests\Warewolf.Driver.Serilog.Tests.csproj]
C:\Users\ultra\warewolf\Dev\Dev2.Core\Dev2.Core.csproj : warning NU1701: Package 'AeroWizard 2.3.1' was restored using '.NETFramework,Version=v4.6.1, .NETFramework,Version=v4.6.2, .NETFramework,Version=v4.7, .NETFramework,Version=v4.7.1, .NETFramework,Version=v4.7.2, .NETFramework,Version=v4.8, .NETFramework,Version=v4.8.1' instead of the project target framework 'net8.0'. This package may not be fully compatible with your project. [C:\Users\ultra\warewolf\Dev\Warewolf.Driver.Serilog.Tests\Warewolf.Driver.Serilog.Tests.csproj]
C:\Users\ultra\warewolf\Dev\Dev2.SignalR.Wrappers.New\Dev2.SignalR.Wrappers.New.csproj : warning NU1701: Package 'ReactiveUI.WPF 18.4.1' was restored using '.NETFramework,Version=v4.6.1, .NETFramework,Version=v4.6.2, .NETFramework,Version=v4.7, .NETFramework,Version=v4.7.1, .NETFramework,Version=v4.7.2, .NETFramework,Version=v4.8, .NETFramework,Version=v4.8.1' instead of the project target framework 'net8.0'. This package may not be fully compatible with your project. [C:\Users\ultra\warewolf\Dev\Warewolf.Driver.Serilog.Tests\Warewolf.Driver.Serilog.Tests.csproj]
C:\Users\ultra\warewolf\Dev\Dev2.Diagnostics\Dev2.Diagnostics.csproj : warning NU1701: Package 'GroupControls 1.9.0' was restored using '.NETFramework,Version=v4.6.1, .NETFramework,Version=v4.6.2, .NETFramework,Version=v4.7, .NETFramework,Version=v4.7.1, .NETFramework,Version=v4.7.2, .NETFramework,Version=v4.8, .NETFramework,Version=v4.8.1' instead of the project target framework 'net8.0'. This package may not be fully compatible with your project. [C:\Users\ultra\warewolf\Dev\Warewolf.Driver.Serilog.Tests\Warewolf.Driver.Serilog.Tests.csproj]
C:\Users\ultra\warewolf\Dev\Dev2.Common.Interfaces\Dev2.Common.Interfaces.csproj : warning NU1701: Package 'GroupControls 1.9.0' was restored using '.NETFramework,Version=v4.6.1, .NETFramework,Version=v4.6.2, .NETFramework,Version=v4.7, .NETFramework,Version=v4.7.1, .NETFramework,Version=v4.7.2, .NETFramework,Version=v4.8, .NETFramework,Version=v4.8.1' instead of the project target framework 'net8.0'. This package may not be fully compatible with your project. [C:\Users\ultra\warewolf\Dev\Warewolf.Driver.Serilog.Tests\Warewolf.Driver.Serilog.Tests.csproj]
C:\Users\ultra\warewolf\Dev\Dev2.SignalR.Wrappers.New\Dev2.SignalR.Wrappers.New.csproj : warning NU1701: Package 'TaskSchedulerEditor 2.10.1' was restored using '.NETFramework,Version=v4.6.1, .NETFramework,Version=v4.6.2, .NETFramework,Version=v4.7, .NETFramework,Version=v4.7.1, .NETFramework,Version=v4.7.2, .NETFramework,Version=v4.8, .NETFramework,Version=v4.8.1' instead of the project target framework 'net8.0'. This package may not be fully compatible with your project. [C:\Users\ultra\warewolf\Dev\Warewolf.Driver.Serilog.Tests\Warewolf.Driver.Serilog.Tests.csproj]
C:\Users\ultra\warewolf\Dev\Warewolf.Studio.Core\Warewolf.Studio.Core.csproj : warning NU1701: Package 'Microsoft.Xaml.Behaviors.Wpf 1.1.122' was restored using '.NETFramework,Version=v4.6.1, .NETFramework,Version=v4.6.2, .NETFramework,Version=v4.7, .NETFramework,Version=v4.7.1, .NETFramework,Version=v4.7.2, .NETFramework,Version=v4.8, .NETFramework,Version=v4.8.1' instead of the project target framework 'net8.0'. This package may not be fully compatible with your project. [C:\Users\ultra\warewolf\Dev\Warewolf.Driver.Serilog.Tests\Warewolf.Driver.Serilog.Tests.csproj]
C:\Users\ultra\warewolf\Dev\Dev2.Infrastructure\Dev2.Infrastructure.csproj : warning NU1903: Package 'Microsoft.Windows.Compatibility' 6.0.0 has a known high severity vulnerability, https://github.com/advisories/GHSA-555c-2p6r-68mm [C:\Users\ultra\warewolf\Dev\Warewolf.Driver.Serilog.Tests\Warewolf.Driver.Serilog.Tests.csproj]
C:\Users\ultra\warewolf\Dev\Dev2.Diagnostics\Dev2.Diagnostics.csproj : warning NU1701: Package 'TaskSchedulerEditor 2.10.1' was restored using '.NETFramework,Version=v4.6.1, .NETFramework,Version=v4.6.2, .NETFramework,Version=v4.7, .NETFramework,Version=v4.7.1, .NETFramework,Version=v4.7.2, .NETFramework,Version=v4.8, .NETFramework,Version=v4.8.1' instead of the project target framework 'net8.0'. This package may not be fully compatible with your project. [C:\Users\ultra\warewolf\Dev\Warewolf.Driver.Serilog.Tests\Warewolf.Driver.Serilog.Tests.csproj]
C:\Users\ultra\warewolf\Dev\Dev2.Core\Dev2.Core.csproj : warning NU1701: Package 'GroupControls 1.9.0' was restored using '.NETFramework,Version=v4.6.1, .NETFramework,Version=v4.6.2, .NETFramework,Version=v4.7, .NETFramework,Version=v4.7.1, .NETFramework,Version=v4.7.2, .NETFramework,Version=v4.8, .NETFramework,Version=v4.8.1' instead of the project target framework 'net8.0'. This package may not be fully compatible with your project. [C:\Users\ultra\warewolf\Dev\Warewolf.Driver.Serilog.Tests\Warewolf.Driver.Serilog.Tests.csproj]
C:\Users\ultra\warewolf\Dev\Dev2.Infrastructure.Tests\Dev2.Infrastructure.Tests.csproj : warning NU1701: Package 'GroupControls 1.9.0' was restored using '.NETFramework,Version=v4.6.1, .NETFramework,Version=v4.6.2, .NETFramework,Version=v4.7, .NETFramework,Version=v4.7.1, .NETFramework,Version=v4.7.2, .NETFramework,Version=v4.8, .NETFramework,Version=v4.8.1' instead of the project target framework 'net8.0'. This package may not be fully compatible with your project. [C:\Users\ultra\warewolf\Dev\Warewolf.Driver.Serilog.Tests\Warewolf.Driver.Serilog.Tests.csproj]
C:\Users\ultra\warewolf\Dev\Dev2.Core\Dev2.Core.csproj : warning NU1701: Package 'ReactiveUI.WPF 18.4.1' was restored using '.NETFramework,Version=v4.6.1, .NETFramework,Version=v4.6.2, .NETFramework,Version=v4.7, .NETFramework,Version=v4.7.1, .NETFramework,Version=v4.7.2, .NETFramework,Version=v4.8, .NETFramework,Version=v4.8.1' instead of the project target framework 'net8.0'. This package may not be fully compatible with your project. [C:\Users\ultra\warewolf\Dev\Warewolf.Driver.Serilog.Tests\Warewolf.Driver.Serilog.Tests.csproj]
C:\Users\ultra\warewolf\Dev\Warewolf.Studio.Core\Warewolf.Studio.Core.csproj : warning NU1701: Package 'Prism.Wpf 9.0.537' was restored using '.NETFramework,Version=v4.6.1, .NETFramework,Version=v4.6.2, .NETFramework,Version=v4.7, .NETFramework,Version=v4.7.1, .NETFramework,Version=v4.7.2, .NETFramework,Version=v4.8, .NETFramework,Version=v4.8.1' instead of the project target framework 'net8.0'. This package may not be fully compatible with your project. [C:\Users\ultra\warewolf\Dev\Warewolf.Driver.Serilog.Tests\Warewolf.Driver.Serilog.Tests.csproj]
C:\Users\ultra\warewolf\Dev\Dev2.Common.Interfaces\Dev2.Common.Interfaces.csproj : warning NU1701: Package 'TaskSchedulerEditor 2.10.1' was restored using '.NETFramework,Version=v4.6.1, .NETFramework,Version=v4.6.2, .NETFramework,Version=v4.7, .NETFramework,Version=v4.7.1, .NETFramework,Version=v4.7.2, .NETFramework,Version=v4.8, .NETFramework,Version=v4.8.1' instead of the project target framework 'net8.0'. This package may not be fully compatible with your project. [C:\Users\ultra\warewolf\Dev\Warewolf.Driver.Serilog.Tests\Warewolf.Driver.Serilog.Tests.csproj]
C:\Users\ultra\warewolf\Dev\Dev2.Core\Dev2.Core.csproj : warning NU1701: Package 'TaskSchedulerEditor 2.10.1' was restored using '.NETFramework,Version=v4.6.1, .NETFramework,Version=v4.6.2, .NETFramework,Version=v4.7, .NETFramework,Version=v4.7.1, .NETFramework,Version=v4.7.2, .NETFramework,Version=v4.8, .NETFramework,Version=v4.8.1' instead of the project target framework 'net8.0'. This package may not be fully compatible with your project. [C:\Users\ultra\warewolf\Dev\Warewolf.Driver.Serilog.Tests\Warewolf.Driver.Serilog.Tests.csproj]
C:\Users\ultra\warewolf\Dev\Warewolf.Studio.Core\Warewolf.Studio.Core.csproj : warning NU1701: Package 'ReactiveUI.WPF 18.4.1' was restored using '.NETFramework,Version=v4.6.1, .NETFramework,Version=v4.6.2, .NETFramework,Version=v4.7, .NETFramework,Version=v4.7.1, .NETFramework,Version=v4.7.2, .NETFramework,Version=v4.8, .NETFramework,Version=v4.8.1' instead of the project target framework 'net8.0'. This package may not be fully compatible with your project. [C:\Users\ultra\warewolf\Dev\Warewolf.Driver.Serilog.Tests\Warewolf.Driver.Serilog.Tests.csproj]
C:\Users\ultra\warewolf\Dev\Dev2.Infrastructure.Tests\Dev2.Infrastructure.Tests.csproj : warning NU1701: Package 'Microsoft.Xaml.Behaviors.Wpf 1.1.122' was restored using '.NETFramework,Version=v4.6.1, .NETFramework,Version=v4.6.2, .NETFramework,Version=v4.7, .NETFramework,Version=v4.7.1, .NETFramework,Version=v4.7.2, .NETFramework,Version=v4.8, .NETFramework,Version=v4.8.1' instead of the project target framework 'net8.0'. This package may not be fully compatible with your project. [C:\Users\ultra\warewolf\Dev\Warewolf.Driver.Serilog.Tests\Warewolf.Driver.Serilog.Tests.csproj]
C:\Users\ultra\warewolf\Dev\Dev2.Infrastructure\Dev2.Infrastructure.csproj : warning NU1701: Package 'AeroWizard 2.3.1' was restored using '.NETFramework,Version=v4.6.1, .NETFramework,Version=v4.6.2, .NETFramework,Version=v4.7, .NETFramework,Version=v4.7.1, .NETFramework,Version=v4.7.2, .NETFramework,Version=v4.8, .NETFramework,Version=v4.8.1' instead of the project target framework 'net8.0'. This package may not be fully compatible with your project. [C:\Users\ultra\warewolf\Dev\Warewolf.Driver.Serilog.Tests\Warewolf.Driver.Serilog.Tests.csproj]
C:\Users\ultra\warewolf\Dev\Warewolf.Studio.Core\Warewolf.Studio.Core.csproj : warning NU1701: Package 'TaskSchedulerEditor 2.10.1' was restored using '.NETFramework,Version=v4.6.1, .NETFramework,Version=v4.6.2, .NETFramework,Version=v4.7, .NETFramework,Version=v4.7.1, .NETFramework,Version=v4.7.2, .NETFramework,Version=v4.8, .NETFramework,Version=v4.8.1' instead of the project target framework 'net8.0'. This package may not be fully compatible with your project. [C:\Users\ultra\warewolf\Dev\Warewolf.Driver.Serilog.Tests\Warewolf.Driver.Serilog.Tests.csproj]
C:\Users\ultra\warewolf\Dev\Dev2.Infrastructure.Tests\Dev2.Infrastructure.Tests.csproj : warning NU1701: Package 'Prism.Wpf 9.0.537' was restored using '.NETFramework,Version=v4.6.1, .NETFramework,Version=v4.6.2, .NETFramework,Version=v4.7, .NETFramework,Version=v4.7.1, .NETFramework,Version=v4.7.2, .NETFramework,Version=v4.8, .NETFramework,Version=v4.8.1' instead of the project target framework 'net8.0'. This package may not be fully compatible with your project. [C:\Users\ultra\warewolf\Dev\Warewolf.Driver.Serilog.Tests\Warewolf.Driver.Serilog.Tests.csproj]
C:\Users\ultra\warewolf\Dev\Dev2.Infrastructure.Tests\Dev2.Infrastructure.Tests.csproj : warning NU1701: Package 'ReactiveUI.WPF 18.4.1' was restored using '.NETFramework,Version=v4.6.1, .NETFramework,Version=v4.6.2, .NETFramework,Version=v4.7, .NETFramework,Version=v4.7.1, .NETFramework,Version=v4.7.2, .NETFramework,Version=v4.8, .NETFramework,Version=v4.8.1' instead of the project target framework 'net8.0'. This package may not be fully compatible with your project. [C:\Users\ultra\warewolf\Dev\Warewolf.Driver.Serilog.Tests\Warewolf.Driver.Serilog.Tests.csproj]
C:\Users\ultra\warewolf\Dev\Dev2.Infrastructure\Dev2.Infrastructure.csproj : warning NU1701: Package 'GroupControls 1.9.0' was restored using '.NETFramework,Version=v4.6.1, .NETFramework,Version=v4.6.2, .NETFramework,Version=v4.7, .NETFramework,Version=v4.7.1, .NETFramework,Version=v4.7.2, .NETFramework,Version=v4.8, .NETFramework,Version=v4.8.1' instead of the project target framework 'net8.0'. This package may not be fully compatible with your project. [C:\Users\ultra\warewolf\Dev\Warewolf.Driver.Serilog.Tests\Warewolf.Driver.Serilog.Tests.csproj]
C:\Users\ultra\warewolf\Dev\Dev2.Infrastructure.Tests\Dev2.Infrastructure.Tests.csproj : warning NU1701: Package 'TaskSchedulerEditor 2.10.1' was restored using '.NETFramework,Version=v4.6.1, .NETFramework,Version=v4.6.2, .NETFramework,Version=v4.7, .NETFramework,Version=v4.7.1, .NETFramework,Version=v4.7.2, .NETFramework,Version=v4.8, .NETFramework,Version=v4.8.1' instead of the project target framework 'net8.0'. This package may not be fully compatible with your project. [C:\Users\ultra\warewolf\Dev\Warewolf.Driver.Serilog.Tests\Warewolf.Driver.Serilog.Tests.csproj]
C:\Users\ultra\warewolf\Dev\Dev2.Infrastructure\Dev2.Infrastructure.csproj : warning NU1701: Package 'ReactiveUI.WPF 18.4.1' was restored using '.NETFramework,Version=v4.6.1, .NETFramework,Version=v4.6.2, .NETFramework,Version=v4.7, .NETFramework,Version=v4.7.1, .NETFramework,Version=v4.7.2, .NETFramework,Version=v4.8, .NETFramework,Version=v4.8.1' instead of the project target framework 'net8.0'. This package may not be fully compatible with your project. [C:\Users\ultra\warewolf\Dev\Warewolf.Driver.Serilog.Tests\Warewolf.Driver.Serilog.Tests.csproj]
C:\Users\ultra\warewolf\Dev\Dev2.Activities\Dev2.Activities.csproj : warning NU1903: Package 'Microsoft.Windows.Compatibility' 6.0.0 has a known high severity vulnerability, https://github.com/advisories/GHSA-555c-2p6r-68mm [C:\Users\ultra\warewolf\Dev\Warewolf.Driver.Serilog.Tests\Warewolf.Driver.Serilog.Tests.csproj]
C:\Users\ultra\warewolf\Dev\Dev2.Infrastructure\Dev2.Infrastructure.csproj : warning NU1701: Package 'TaskSchedulerEditor 2.10.1' was restored using '.NETFramework,Version=v4.6.1, .NETFramework,Version=v4.6.2, .NETFramework,Version=v4.7, .NETFramework,Version=v4.7.1, .NETFramework,Version=v4.7.2, .NETFramework,Version=v4.8, .NETFramework,Version=v4.8.1' instead of the project target framework 'net8.0'. This package may not be fully compatible with your project. [C:\Users\ultra\warewolf\Dev\Warewolf.Driver.Serilog.Tests\Warewolf.Driver.Serilog.Tests.csproj]
C:\Users\ultra\warewolf\Dev\Dev2.TaskScheduler.Wrappers\Dev2.TaskScheduler.Wrappers.csproj : warning NU1701: Package 'AeroWizard 2.3.1' was restored using '.NETFramework,Version=v4.6.1, .NETFramework,Version=v4.6.2, .NETFramework,Version=v4.7, .NETFramework,Version=v4.7.1, .NETFramework,Version=v4.7.2, .NETFramework,Version=v4.8, .NETFramework,Version=v4.8.1' instead of the project target framework 'net8.0'. This package may not be fully compatible with your project. [C:\Users\ultra\warewolf\Dev\Warewolf.Driver.Serilog.Tests\Warewolf.Driver.Serilog.Tests.csproj]
C:\Users\ultra\warewolf\Dev\Dev2.Activities\Dev2.Activities.csproj : warning NU1701: Package 'AeroWizard 2.3.1' was restored using '.NETFramework,Version=v4.6.1, .NETFramework,Version=v4.6.2, .NETFramework,Version=v4.7, .NETFramework,Version=v4.7.1, .NETFramework,Version=v4.7.2, .NETFramework,Version=v4.8, .NETFramework,Version=v4.8.1' instead of the project target framework 'net8.0'. This package may not be fully compatible with your project. [C:\Users\ultra\warewolf\Dev\Warewolf.Driver.Serilog.Tests\Warewolf.Driver.Serilog.Tests.csproj]
C:\Users\ultra\warewolf\Dev\Dev2.Activities\Dev2.Activities.csproj : warning NU1701: Package 'GroupControls 1.9.0' was restored using '.NETFramework,Version=v4.6.1, .NETFramework,Version=v4.6.2, .NETFramework,Version=v4.7, .NETFramework,Version=v4.7.1, .NETFramework,Version=v4.7.2, .NETFramework,Version=v4.8, .NETFramework,Version=v4.8.1' instead of the project target framework 'net8.0'. This package may not be fully compatible with your project. [C:\Users\ultra\warewolf\Dev\Warewolf.Driver.Serilog.Tests\Warewolf.Driver.Serilog.Tests.csproj]
C:\Users\ultra\warewolf\Dev\Dev2.Activities\Dev2.Activities.csproj : warning NU1701: Package 'ReactiveUI.WPF 18.4.1' was restored using '.NETFramework,Version=v4.6.1, .NETFramework,Version=v4.6.2, .NETFramework,Version=v4.7, .NETFramework,Version=v4.7.1, .NETFramework,Version=v4.7.2, .NETFramework,Version=v4.8, .NETFramework,Version=v4.8.1' instead of the project target framework 'net8.0'. This package may not be fully compatible with your project. [C:\Users\ultra\warewolf\Dev\Warewolf.Driver.Serilog.Tests\Warewolf.Driver.Serilog.Tests.csproj]
C:\Users\ultra\warewolf\Dev\Warewolf.Auditing\Warewolf.Auditing.csproj : warning NU1701: Package 'AeroWizard 2.3.1' was restored using '.NETFramework,Version=v4.6.1, .NETFramework,Version=v4.6.2, .NETFramework,Version=v4.7, .NETFramework,Version=v4.7.1, .NETFramework,Version=v4.7.2, .NETFramework,Version=v4.8, .NETFramework,Version=v4.8.1' instead of the project target framework 'net8.0'. This package may not be fully compatible with your project. [C:\Users\ultra\warewolf\Dev\Warewolf.Driver.Serilog.Tests\Warewolf.Driver.Serilog.Tests.csproj]
C:\Users\ultra\warewolf\Dev\Dev2.TaskScheduler.Wrappers\Dev2.TaskScheduler.Wrappers.csproj : warning NU1701: Package 'GroupControls 1.9.0' was restored using '.NETFramework,Version=v4.6.1, .NETFramework,Version=v4.6.2, .NETFramework,Version=v4.7, .NETFramework,Version=v4.7.1, .NETFramework,Version=v4.7.2, .NETFramework,Version=v4.8, .NETFramework,Version=v4.8.1' instead of the project target framework 'net8.0'. This package may not be fully compatible with your project. [C:\Users\ultra\warewolf\Dev\Warewolf.Driver.Serilog.Tests\Warewolf.Driver.Serilog.Tests.csproj]
C:\Users\ultra\warewolf\Dev\Dev2.Activities\Dev2.Activities.csproj : warning NU1701: Package 'TaskSchedulerEditor 2.10.1' was restored using '.NETFramework,Version=v4.6.1, .NETFramework,Version=v4.6.2, .NETFramework,Version=v4.7, .NETFramework,Version=v4.7.1, .NETFramework,Version=v4.7.2, .NETFramework,Version=v4.8, .NETFramework,Version=v4.8.1' instead of the project target framework 'net8.0'. This package may not be fully compatible with your project. [C:\Users\ultra\warewolf\Dev\Warewolf.Driver.Serilog.Tests\Warewolf.Driver.Serilog.Tests.csproj]
C:\Users\ultra\warewolf\Dev\Dev2.TaskScheduler.Wrappers\Dev2.TaskScheduler.Wrappers.csproj : warning NU1701: Package 'TaskSchedulerEditor 2.10.1' was restored using '.NETFramework,Version=v4.6.1, .NETFramework,Version=v4.6.2, .NETFramework,Version=v4.7, .NETFramework,Version=v4.7.1, .NETFramework,Version=v4.7.2, .NETFramework,Version=v4.8, .NETFramework,Version=v4.8.1' instead of the project target framework 'net8.0'. This package may not be fully compatible with your project. [C:\Users\ultra\warewolf\Dev\Warewolf.Driver.Serilog.Tests\Warewolf.Driver.Serilog.Tests.csproj]
C:\Users\ultra\warewolf\Dev\Warewolf.Auditing\Warewolf.Auditing.csproj : warning NU1701: Package 'GroupControls 1.9.0' was restored using '.NETFramework,Version=v4.6.1, .NETFramework,Version=v4.6.2, .NETFramework,Version=v4.7, .NETFramework,Version=v4.7.1, .NETFramework,Version=v4.7.2, .NETFramework,Version=v4.8, .NETFramework,Version=v4.8.1' instead of the project target framework 'net8.0'. This package may not be fully compatible with your project. [C:\Users\ultra\warewolf\Dev\Warewolf.Driver.Serilog.Tests\Warewolf.Driver.Serilog.Tests.csproj]
C:\Users\ultra\warewolf\Dev\Warewolf.Auditing\Warewolf.Auditing.csproj : warning NU1701: Package 'ReactiveUI.WPF 18.4.1' was restored using '.NETFramework,Version=v4.6.1, .NETFramework,Version=v4.6.2, .NETFramework,Version=v4.7, .NETFramework,Version=v4.7.1, .NETFramework,Version=v4.7.2, .NETFramework,Version=v4.8, .NETFramework,Version=v4.8.1' instead of the project target framework 'net8.0'. This package may not be fully compatible with your project. [C:\Users\ultra\warewolf\Dev\Warewolf.Driver.Serilog.Tests\Warewolf.Driver.Serilog.Tests.csproj]
C:\Users\ultra\warewolf\Dev\Warewolf.Auditing\Warewolf.Auditing.csproj : warning NU1701: Package 'TaskSchedulerEditor 2.10.1' was restored using '.NETFramework,Version=v4.6.1, .NETFramework,Version=v4.6.2, .NETFramework,Version=v4.7, .NETFramework,Version=v4.7.1, .NETFramework,Version=v4.7.2, .NETFramework,Version=v4.8, .NETFramework,Version=v4.8.1' instead of the project target framework 'net8.0'. This package may not be fully compatible with your project. [C:\Users\ultra\warewolf\Dev\Warewolf.Driver.Serilog.Tests\Warewolf.Driver.Serilog.Tests.csproj]
C:\Users\ultra\warewolf\Dev\Warewolf.Testing\Warewolf.Testing.csproj : warning NU1701: Package 'AeroWizard 2.3.1' was restored using '.NETFramework,Version=v4.6.1, .NETFramework,Version=v4.6.2, .NETFramework,Version=v4.7, .NETFramework,Version=v4.7.1, .NETFramework,Version=v4.7.2, .NETFramework,Version=v4.8, .NETFramework,Version=v4.8.1' instead of the project target framework 'net8.0'. This package may not be fully compatible with your project. [C:\Users\ultra\warewolf\Dev\Warewolf.Driver.Serilog.Tests\Warewolf.Driver.Serilog.Tests.csproj]
C:\Users\ultra\warewolf\Dev\Warewolf.Testing\Warewolf.Testing.csproj : warning NU1701: Package 'GroupControls 1.9.0' was restored using '.NETFramework,Version=v4.6.1, .NETFramework,Version=v4.6.2, .NETFramework,Version=v4.7, .NETFramework,Version=v4.7.1, .NETFramework,Version=v4.7.2, .NETFramework,Version=v4.8, .NETFramework,Version=v4.8.1' instead of the project target framework 'net8.0'. This package may not be fully compatible with your project. [C:\Users\ultra\warewolf\Dev\Warewolf.Driver.Serilog.Tests\Warewolf.Driver.Serilog.Tests.csproj]
C:\Users\ultra\warewolf\Dev\Dev2.Common\Dev2.Common.csproj : warning NU1903: Package 'Microsoft.Windows.Compatibility' 6.0.0 has a known high severity vulnerability, https://github.com/advisories/GHSA-555c-2p6r-68mm [C:\Users\ultra\warewolf\Dev\Warewolf.Driver.Serilog.Tests\Warewolf.Driver.Serilog.Tests.csproj]
C:\Users\ultra\warewolf\Dev\Warewolf.Testing\Warewolf.Testing.csproj : warning NU1701: Package 'Microsoft.Xaml.Behaviors.Wpf 1.1.122' was restored using '.NETFramework,Version=v4.6.1, .NETFramework,Version=v4.6.2, .NETFramework,Version=v4.7, .NETFramework,Version=v4.7.1, .NETFramework,Version=v4.7.2, .NETFramework,Version=v4.8, .NETFramework,Version=v4.8.1' instead of the project target framework 'net8.0'. This package may not be fully compatible with your project. [C:\Users\ultra\warewolf\Dev\Warewolf.Driver.Serilog.Tests\Warewolf.Driver.Serilog.Tests.csproj]
C:\Users\ultra\warewolf\Dev\Dev2.Common\Dev2.Common.csproj : warning NU1701: Package 'AeroWizard 2.3.1' was restored using '.NETFramework,Version=v4.6.1, .NETFramework,Version=v4.6.2, .NETFramework,Version=v4.7, .NETFramework,Version=v4.7.1, .NETFramework,Version=v4.7.2, .NETFramework,Version=v4.8, .NETFramework,Version=v4.8.1' instead of the project target framework 'net8.0'. This package may not be fully compatible with your project. [C:\Users\ultra\warewolf\Dev\Warewolf.Driver.Serilog.Tests\Warewolf.Driver.Serilog.Tests.csproj]
C:\Users\ultra\warewolf\Dev\Warewolf.Testing\Warewolf.Testing.csproj : warning NU1701: Package 'Prism.Wpf 9.0.537' was restored using '.NETFramework,Version=v4.6.1, .NETFramework,Version=v4.6.2, .NETFramework,Version=v4.7, .NETFramework,Version=v4.7.1, .NETFramework,Version=v4.7.2, .NETFramework,Version=v4.8, .NETFramework,Version=v4.8.1' instead of the project target framework 'net8.0'. This package may not be fully compatible with your project. [C:\Users\ultra\warewolf\Dev\Warewolf.Driver.Serilog.Tests\Warewolf.Driver.Serilog.Tests.csproj]
C:\Users\ultra\warewolf\Dev\Dev2.Common\Dev2.Common.csproj : warning NU1701: Package 'GroupControls 1.9.0' was restored using '.NETFramework,Version=v4.6.1, .NETFramework,Version=v4.6.2, .NETFramework,Version=v4.7, .NETFramework,Version=v4.7.1, .NETFramework,Version=v4.7.2, .NETFramework,Version=v4.8, .NETFramework,Version=v4.8.1' instead of the project target framework 'net8.0'. This package may not be fully compatible with your project. [C:\Users\ultra\warewolf\Dev\Warewolf.Driver.Serilog.Tests\Warewolf.Driver.Serilog.Tests.csproj]
C:\Users\ultra\warewolf\Dev\Warewolf.Testing\Warewolf.Testing.csproj : warning NU1701: Package 'ReactiveUI.WPF 18.4.1' was restored using '.NETFramework,Version=v4.6.1, .NETFramework,Version=v4.6.2, .NETFramework,Version=v4.7, .NETFramework,Version=v4.7.1, .NETFramework,Version=v4.7.2, .NETFramework,Version=v4.8, .NETFramework,Version=v4.8.1' instead of the project target framework 'net8.0'. This package may not be fully compatible with your project. [C:\Users\ultra\warewolf\Dev\Warewolf.Driver.Serilog.Tests\Warewolf.Driver.Serilog.Tests.csproj]
C:\Users\ultra\warewolf\Dev\Dev2.Common\Dev2.Common.csproj : warning NU1701: Package 'TaskSchedulerEditor 2.10.1' was restored using '.NETFramework,Version=v4.6.1, .NETFramework,Version=v4.6.2, .NETFramework,Version=v4.7, .NETFramework,Version=v4.7.1, .NETFramework,Version=v4.7.2, .NETFramework,Version=v4.8, .NETFramework,Version=v4.8.1' instead of the project target framework 'net8.0'. This package may not be fully compatible with your project. [C:\Users\ultra\warewolf\Dev\Warewolf.Driver.Serilog.Tests\Warewolf.Driver.Serilog.Tests.csproj]
C:\Users\ultra\warewolf\Dev\Warewolf.Testing\Warewolf.Testing.csproj : warning NU1701: Package 'TaskSchedulerEditor 2.10.1' was restored using '.NETFramework,Version=v4.6.1, .NETFramework,Version=v4.6.2, .NETFramework,Version=v4.7, .NETFramework,Version=v4.7.1, .NETFramework,Version=v4.7.2, .NETFramework,Version=v4.8, .NETFramework,Version=v4.8.1' instead of the project target framework 'net8.0'. This package may not be fully compatible with your project. [C:\Users\ultra\warewolf\Dev\Warewolf.Driver.Serilog.Tests\Warewolf.Driver.Serilog.Tests.csproj]
C:\Users\ultra\warewolf\Dev\Warewolf.Security\Warewolf.Security.csproj : warning NU1904: Package 'System.Drawing.Common' 4.5.1 has a known critical severity vulnerability, https://github.com/advisories/GHSA-rxg9-xrhp-64gj [C:\Users\ultra\warewolf\Dev\Warewolf.Driver.Serilog.Tests\Warewolf.Driver.Serilog.Tests.csproj]
C:\Users\ultra\warewolf\Dev\Warewolf.Storage.Interfaces\Warewolf.Storage.Interfaces.csproj : warning NU1701: Package 'AeroWizard 2.3.1' was restored using '.NETFramework,Version=v4.6.1, .NETFramework,Version=v4.6.2, .NETFramework,Version=v4.7, .NETFramework,Version=v4.7.1, .NETFramework,Version=v4.7.2, .NETFramework,Version=v4.8, .NETFramework,Version=v4.8.1' instead of the project target framework 'net8.0'. This package may not be fully compatible with your project. [C:\Users\ultra\warewolf\Dev\Warewolf.Driver.Serilog.Tests\Warewolf.Driver.Serilog.Tests.csproj]
C:\Users\ultra\warewolf\Dev\Warewolf.Storage.Interfaces\Warewolf.Storage.Interfaces.csproj : warning NU1701: Package 'GroupControls 1.9.0' was restored using '.NETFramework,Version=v4.6.1, .NETFramework,Version=v4.6.2, .NETFramework,Version=v4.7, .NETFramework,Version=v4.7.1, .NETFramework,Version=v4.7.2, .NETFramework,Version=v4.8, .NETFramework,Version=v4.8.1' instead of the project target framework 'net8.0'. This package may not be fully compatible with your project. [C:\Users\ultra\warewolf\Dev\Warewolf.Driver.Serilog.Tests\Warewolf.Driver.Serilog.Tests.csproj]
C:\Users\ultra\warewolf\Dev\Warewolf.Storage.Interfaces\Warewolf.Storage.Interfaces.csproj : warning NU1701: Package 'TaskSchedulerEditor 2.10.1' was restored using '.NETFramework,Version=v4.6.1, .NETFramework,Version=v4.6.2, .NETFramework,Version=v4.7, .NETFramework,Version=v4.7.1, .NETFramework,Version=v4.7.2, .NETFramework,Version=v4.8, .NETFramework,Version=v4.8.1' instead of the project target framework 'net8.0'. This package may not be fully compatible with your project. [C:\Users\ultra\warewolf\Dev\Warewolf.Driver.Serilog.Tests\Warewolf.Driver.Serilog.Tests.csproj]
C:\Users\ultra\warewolf\Dev\Warewolf.Storage\Warewolf.Storage.csproj : warning NU1701: Package 'AeroWizard 2.3.1' was restored using '.NETFramework,Version=v4.6.1, .NETFramework,Version=v4.6.2, .NETFramework,Version=v4.7, .NETFramework,Version=v4.7.1, .NETFramework,Version=v4.7.2, .NETFramework,Version=v4.8, .NETFramework,Version=v4.8.1' instead of the project target framework 'net8.0'. This package may not be fully compatible with your project. [C:\Users\ultra\warewolf\Dev\Warewolf.Driver.Serilog.Tests\Warewolf.Driver.Serilog.Tests.csproj]
C:\Users\ultra\warewolf\Dev\Warewolf.Sharepoint\Warewolf.Sharepoint.csproj : warning NU1701: Package 'AeroWizard 2.3.1' was restored using '.NETFramework,Version=v4.6.1, .NETFramework,Version=v4.6.2, .NETFramework,Version=v4.7, .NETFramework,Version=v4.7.1, .NETFramework,Version=v4.7.2, .NETFramework,Version=v4.8, .NETFramework,Version=v4.8.1' instead of the project target framework 'net8.0'. This package may not be fully compatible with your project. [C:\Users\ultra\warewolf\Dev\Warewolf.Driver.Serilog.Tests\Warewolf.Driver.Serilog.Tests.csproj]
C:\Users\ultra\warewolf\Dev\Warewolf.Storage\Warewolf.Storage.csproj : warning NU1701: Package 'GroupControls 1.9.0' was restored using '.NETFramework,Version=v4.6.1, .NETFramework,Version=v4.6.2, .NETFramework,Version=v4.7, .NETFramework,Version=v4.7.1, .NETFramework,Version=v4.7.2, .NETFramework,Version=v4.8, .NETFramework,Version=v4.8.1' instead of the project target framework 'net8.0'. This package may not be fully compatible with your project. [C:\Users\ultra\warewolf\Dev\Warewolf.Driver.Serilog.Tests\Warewolf.Driver.Serilog.Tests.csproj]
C:\Users\ultra\warewolf\Dev\Warewolf.Sharepoint\Warewolf.Sharepoint.csproj : warning NU1701: Package 'GroupControls 1.9.0' was restored using '.NETFramework,Version=v4.6.1, .NETFramework,Version=v4.6.2, .NETFramework,Version=v4.7, .NETFramework,Version=v4.7.1, .NETFramework,Version=v4.7.2, .NETFramework,Version=v4.8, .NETFramework,Version=v4.8.1' instead of the project target framework 'net8.0'. This package may not be fully compatible with your project. [C:\Users\ultra\warewolf\Dev\Warewolf.Driver.Serilog.Tests\Warewolf.Driver.Serilog.Tests.csproj]
C:\Users\ultra\warewolf\Dev\Warewolf.Storage\Warewolf.Storage.csproj : warning NU1701: Package 'ReactiveUI.WPF 18.4.1' was restored using '.NETFramework,Version=v4.6.1, .NETFramework,Version=v4.6.2, .NETFramework,Version=v4.7, .NETFramework,Version=v4.7.1, .NETFramework,Version=v4.7.2, .NETFramework,Version=v4.8, .NETFramework,Version=v4.8.1' instead of the project target framework 'net8.0'. This package may not be fully compatible with your project. [C:\Users\ultra\warewolf\Dev\Warewolf.Driver.Serilog.Tests\Warewolf.Driver.Serilog.Tests.csproj]
C:\Users\ultra\warewolf\Dev\Warewolf.Sharepoint\Warewolf.Sharepoint.csproj : warning NU1701: Package 'ReactiveUI.WPF 18.4.1' was restored using '.NETFramework,Version=v4.6.1, .NETFramework,Version=v4.6.2, .NETFramework,Version=v4.7, .NETFramework,Version=v4.7.1, .NETFramework,Version=v4.7.2, .NETFramework,Version=v4.8, .NETFramework,Version=v4.8.1' instead of the project target framework 'net8.0'. This package may not be fully compatible with your project. [C:\Users\ultra\warewolf\Dev\Warewolf.Driver.Serilog.Tests\Warewolf.Driver.Serilog.Tests.csproj]
C:\Users\ultra\warewolf\Dev\Warewolf.Storage\Warewolf.Storage.csproj : warning NU1701: Package 'TaskSchedulerEditor 2.10.1' was restored using '.NETFramework,Version=v4.6.1, .NETFramework,Version=v4.6.2, .NETFramework,Version=v4.7, .NETFramework,Version=v4.7.1, .NETFramework,Version=v4.7.2, .NETFramework,Version=v4.8, .NETFramework,Version=v4.8.1' instead of the project target framework 'net8.0'. This package may not be fully compatible with your project. [C:\Users\ultra\warewolf\Dev\Warewolf.Driver.Serilog.Tests\Warewolf.Driver.Serilog.Tests.csproj]
C:\Users\ultra\warewolf\Dev\Warewolf.Sharepoint\Warewolf.Sharepoint.csproj : warning NU1701: Package 'TaskSchedulerEditor 2.10.1' was restored using '.NETFramework,Version=v4.6.1, .NETFramework,Version=v4.6.2, .NETFramework,Version=v4.7, .NETFramework,Version=v4.7.1, .NETFramework,Version=v4.7.2, .NETFramework,Version=v4.8, .NETFramework,Version=v4.8.1' instead of the project target framework 'net8.0'. This package may not be fully compatible with your project. [C:\Users\ultra\warewolf\Dev\Warewolf.Driver.Serilog.Tests\Warewolf.Driver.Serilog.Tests.csproj]
C:\Users\ultra\warewolf\Dev\Dev2.Services.Sql\Dev2.Services.Sql.csproj : warning NU1903: Package 'Oracle.ManagedDataAccess.Core' 3.21.70 has a known high severity vulnerability, https://github.com/advisories/GHSA-5pm2-9mr2-3frq [C:\Users\ultra\warewolf\Dev\Warewolf.Driver.Serilog.Tests\Warewolf.Driver.Serilog.Tests.csproj]
C:\Users\ultra\warewolf\Dev\Dev2.Services.Sql\Dev2.Services.Sql.csproj : warning NU1701: Package 'AeroWizard 2.3.1' was restored using '.NETFramework,Version=v4.6.1, .NETFramework,Version=v4.6.2, .NETFramework,Version=v4.7, .NETFramework,Version=v4.7.1, .NETFramework,Version=v4.7.2, .NETFramework,Version=v4.8, .NETFramework,Version=v4.8.1' instead of the project target framework 'net8.0'. This package may not be fully compatible with your project. [C:\Users\ultra\warewolf\Dev\Warewolf.Driver.Serilog.Tests\Warewolf.Driver.Serilog.Tests.csproj]
C:\Users\ultra\warewolf\Dev\Dev2.Services.Sql\Dev2.Services.Sql.csproj : warning NU1701: Package 'GroupControls 1.9.0' was restored using '.NETFramework,Version=v4.6.1, .NETFramework,Version=v4.6.2, .NETFramework,Version=v4.7, .NETFramework,Version=v4.7.1, .NETFramework,Version=v4.7.2, .NETFramework,Version=v4.8, .NETFramework,Version=v4.8.1' instead of the project target framework 'net8.0'. This package may not be fully compatible with your project. [C:\Users\ultra\warewolf\Dev\Warewolf.Driver.Serilog.Tests\Warewolf.Driver.Serilog.Tests.csproj]
C:\Users\ultra\warewolf\Dev\Dev2.Services.Sql\Dev2.Services.Sql.csproj : warning NU1701: Package 'ReactiveUI.WPF 18.4.1' was restored using '.NETFramework,Version=v4.6.1, .NETFramework,Version=v4.6.2, .NETFramework,Version=v4.7, .NETFramework,Version=v4.7.1, .NETFramework,Version=v4.7.2, .NETFramework,Version=v4.8, .NETFramework,Version=v4.8.1' instead of the project target framework 'net8.0'. This package may not be fully compatible with your project. [C:\Users\ultra\warewolf\Dev\Warewolf.Driver.Serilog.Tests\Warewolf.Driver.Serilog.Tests.csproj]
C:\Users\ultra\warewolf\Dev\Dev2.Services.Sql\Dev2.Services.Sql.csproj : warning NU1701: Package 'TaskSchedulerEditor 2.10.1' was restored using '.NETFramework,Version=v4.6.1, .NETFramework,Version=v4.6.2, .NETFramework,Version=v4.7, .NETFramework,Version=v4.7.1, .NETFramework,Version=v4.7.2, .NETFramework,Version=v4.8, .NETFramework,Version=v4.8.1' instead of the project target framework 'net8.0'. This package may not be fully compatible with your project. [C:\Users\ultra\warewolf\Dev\Warewolf.Driver.Serilog.Tests\Warewolf.Driver.Serilog.Tests.csproj]
C:\Users\ultra\warewolf\Dev\Warewolf.Driver.Serilog\Warewolf.Driver.Serilog.csproj : warning NU1701: Package 'AeroWizard 2.3.1' was restored using '.NETFramework,Version=v4.6.1, .NETFramework,Version=v4.6.2, .NETFramework,Version=v4.7, .NETFramework,Version=v4.7.1, .NETFramework,Version=v4.7.2, .NETFramework,Version=v4.8, .NETFramework,Version=v4.8.1' instead of the project target framework 'net8.0'. This package may not be fully compatible with your project. [C:\Users\ultra\warewolf\Dev\Warewolf.Driver.Serilog.Tests\Warewolf.Driver.Serilog.Tests.csproj]
C:\Users\ultra\warewolf\Dev\Warewolf.Driver.Serilog\Warewolf.Driver.Serilog.csproj : warning NU1701: Package 'GroupControls 1.9.0' was restored using '.NETFramework,Version=v4.6.1, .NETFramework,Version=v4.6.2, .NETFramework,Version=v4.7, .NETFramework,Version=v4.7.1, .NETFramework,Version=v4.7.2, .NETFramework,Version=v4.8, .NETFramework,Version=v4.8.1' instead of the project target framework 'net8.0'. This package may not be fully compatible with your project. [C:\Users\ultra\warewolf\Dev\Warewolf.Driver.Serilog.Tests\Warewolf.Driver.Serilog.Tests.csproj]
C:\Users\ultra\warewolf\Dev\Warewolf.Driver.Serilog\Warewolf.Driver.Serilog.csproj : warning NU1701: Package 'ReactiveUI.WPF 18.4.1' was restored using '.NETFramework,Version=v4.6.1, .NETFramework,Version=v4.6.2, .NETFramework,Version=v4.7, .NETFramework,Version=v4.7.1, .NETFramework,Version=v4.7.2, .NETFramework,Version=v4.8, .NETFramework,Version=v4.8.1' instead of the project target framework 'net8.0'. This package may not be fully compatible with your project. [C:\Users\ultra\warewolf\Dev\Warewolf.Driver.Serilog.Tests\Warewolf.Driver.Serilog.Tests.csproj]
C:\Users\ultra\warewolf\Dev\Warewolf.Driver.Serilog\Warewolf.Driver.Serilog.csproj : warning NU1701: Package 'TaskSchedulerEditor 2.10.1' was restored using '.NETFramework,Version=v4.6.1, .NETFramework,Version=v4.6.2, .NETFramework,Version=v4.7, .NETFramework,Version=v4.7.1, .NETFramework,Version=v4.7.2, .NETFramework,Version=v4.8, .NETFramework,Version=v4.8.1' instead of the project target framework 'net8.0'. This package may not be fully compatible with your project. [C:\Users\ultra\warewolf\Dev\Warewolf.Driver.Serilog.Tests\Warewolf.Driver.Serilog.Tests.csproj]
C:\Users\ultra\warewolf\Dev\Warewolf.ResourceManagement\Warewolf.ResourceManagement.csproj : warning NU1701: Package 'AeroWizard 2.3.1' was restored using '.NETFramework,Version=v4.6.1, .NETFramework,Version=v4.6.2, .NETFramework,Version=v4.7, .NETFramework,Version=v4.7.1, .NETFramework,Version=v4.7.2, .NETFramework,Version=v4.8, .NETFramework,Version=v4.8.1' instead of the project target framework 'net8.0'. This package may not be fully compatible with your project. [C:\Users\ultra\warewolf\Dev\Warewolf.Driver.Serilog.Tests\Warewolf.Driver.Serilog.Tests.csproj]
C:\Users\ultra\warewolf\Dev\Warewolf.ResourceManagement\Warewolf.ResourceManagement.csproj : warning NU1701: Package 'GroupControls 1.9.0' was restored using '.NETFramework,Version=v4.6.1, .NETFramework,Version=v4.6.2, .NETFramework,Version=v4.7, .NETFramework,Version=v4.7.1, .NETFramework,Version=v4.7.2, .NETFramework,Version=v4.8, .NETFramework,Version=v4.8.1' instead of the project target framework 'net8.0'. This package may not be fully compatible with your project. [C:\Users\ultra\warewolf\Dev\Warewolf.Driver.Serilog.Tests\Warewolf.Driver.Serilog.Tests.csproj]
C:\Users\ultra\warewolf\Dev\Warewolf.ResourceManagement\Warewolf.ResourceManagement.csproj : warning NU1701: Package 'ReactiveUI.WPF 18.4.1' was restored using '.NETFramework,Version=v4.6.1, .NETFramework,Version=v4.6.2, .NETFramework,Version=v4.7, .NETFramework,Version=v4.7.1, .NETFramework,Version=v4.7.2, .NETFramework,Version=v4.8, .NETFramework,Version=v4.8.1' instead of the project target framework 'net8.0'. This package may not be fully compatible with your project. [C:\Users\ultra\warewolf\Dev\Warewolf.Driver.Serilog.Tests\Warewolf.Driver.Serilog.Tests.csproj]
C:\Users\ultra\warewolf\Dev\Warewolf.ResourceManagement\Warewolf.ResourceManagement.csproj : warning NU1701: Package 'TaskSchedulerEditor 2.10.1' was restored using '.NETFramework,Version=v4.6.1, .NETFramework,Version=v4.6.2, .NETFramework,Version=v4.7, .NETFramework,Version=v4.7.1, .NETFramework,Version=v4.7.2, .NETFramework,Version=v4.8, .NETFramework,Version=v4.8.1' instead of the project target framework 'net8.0'. This package may not be fully compatible with your project. [C:\Users\ultra\warewolf\Dev\Warewolf.Driver.Serilog.Tests\Warewolf.Driver.Serilog.Tests.csproj]
C:\Users\ultra\warewolf\Dev\Dev2.Scheduler\Dev2.Scheduler.csproj : warning NU1701: Package 'AeroWizard 2.3.1' was restored using '.NETFramework,Version=v4.6.1, .NETFramework,Version=v4.6.2, .NETFramework,Version=v4.7, .NETFramework,Version=v4.7.1, .NETFramework,Version=v4.7.2, .NETFramework,Version=v4.8, .NETFramework,Version=v4.8.1' instead of the project target framework 'net8.0'. This package may not be fully compatible with your project. [C:\Users\ultra\warewolf\Dev\Warewolf.Driver.Serilog.Tests\Warewolf.Driver.Serilog.Tests.csproj]
C:\Users\ultra\warewolf\Dev\Dev2.Scheduler\Dev2.Scheduler.csproj : warning NU1701: Package 'GroupControls 1.9.0' was restored using '.NETFramework,Version=v4.6.1, .NETFramework,Version=v4.6.2, .NETFramework,Version=v4.7, .NETFramework,Version=v4.7.1, .NETFramework,Version=v4.7.2, .NETFramework,Version=v4.8, .NETFramework,Version=v4.8.1' instead of the project target framework 'net8.0'. This package may not be fully compatible with your project. [C:\Users\ultra\warewolf\Dev\Warewolf.Driver.Serilog.Tests\Warewolf.Driver.Serilog.Tests.csproj]
C:\Users\ultra\warewolf\Dev\Dev2.Scheduler\Dev2.Scheduler.csproj : warning NU1701: Package 'ReactiveUI.WPF 18.4.1' was restored using '.NETFramework,Version=v4.6.1, .NETFramework,Version=v4.6.2, .NETFramework,Version=v4.7, .NETFramework,Version=v4.7.1, .NETFramework,Version=v4.7.2, .NETFramework,Version=v4.8, .NETFramework,Version=v4.8.1' instead of the project target framework 'net8.0'. This package may not be fully compatible with your project. [C:\Users\ultra\warewolf\Dev\Warewolf.Driver.Serilog.Tests\Warewolf.Driver.Serilog.Tests.csproj]
C:\Users\ultra\warewolf\Dev\Dev2.Scheduler\Dev2.Scheduler.csproj : warning NU1701: Package 'TaskSchedulerEditor 2.10.1' was restored using '.NETFramework,Version=v4.6.1, .NETFramework,Version=v4.6.2, .NETFramework,Version=v4.7, .NETFramework,Version=v4.7.1, .NETFramework,Version=v4.7.2, .NETFramework,Version=v4.8, .NETFramework,Version=v4.8.1' instead of the project target framework 'net8.0'. This package may not be fully compatible with your project. [C:\Users\ultra\warewolf\Dev\Warewolf.Driver.Serilog.Tests\Warewolf.Driver.Serilog.Tests.csproj]
C:\Users\ultra\warewolf\Dev\Warewolf.Licensing\Warewolf.Licensing.csproj : warning NU1701: Package 'AeroWizard 2.3.1' was restored using '.NETFramework,Version=v4.6.1, .NETFramework,Version=v4.6.2, .NETFramework,Version=v4.7, .NETFramework,Version=v4.7.1, .NETFramework,Version=v4.7.2, .NETFramework,Version=v4.8, .NETFramework,Version=v4.8.1' instead of the project target framework 'net8.0'. This package may not be fully compatible with your project. [C:\Users\ultra\warewolf\Dev\Warewolf.Driver.Serilog.Tests\Warewolf.Driver.Serilog.Tests.csproj]
C:\Users\ultra\warewolf\Dev\Warewolf.Licensing\Warewolf.Licensing.csproj : warning NU1701: Package 'GroupControls 1.9.0' was restored using '.NETFramework,Version=v4.6.1, .NETFramework,Version=v4.6.2, .NETFramework,Version=v4.7, .NETFramework,Version=v4.7.1, .NETFramework,Version=v4.7.2, .NETFramework,Version=v4.8, .NETFramework,Version=v4.8.1' instead of the project target framework 'net8.0'. This package may not be fully compatible with your project. [C:\Users\ultra\warewolf\Dev\Warewolf.Driver.Serilog.Tests\Warewolf.Driver.Serilog.Tests.csproj]
C:\Users\ultra\warewolf\Dev\Warewolf.Licensing\Warewolf.Licensing.csproj : warning NU1701: Package 'TaskSchedulerEditor 2.10.1' was restored using '.NETFramework,Version=v4.6.1, .NETFramework,Version=v4.6.2, .NETFramework,Version=v4.7, .NETFramework,Version=v4.7.1, .NETFramework,Version=v4.7.2, .NETFramework,Version=v4.8, .NETFramework,Version=v4.8.1' instead of the project target framework 'net8.0'. This package may not be fully compatible with your project. [C:\Users\ultra\warewolf\Dev\Warewolf.Driver.Serilog.Tests\Warewolf.Driver.Serilog.Tests.csproj]
C:\Users\ultra\warewolf\Dev\Dev2.Services.Execution\Dev2.Services.Execution.csproj : warning NU1701: Package 'AeroWizard 2.3.1' was restored using '.NETFramework,Version=v4.6.1, .NETFramework,Version=v4.6.2, .NETFramework,Version=v4.7, .NETFramework,Version=v4.7.1, .NETFramework,Version=v4.7.2, .NETFramework,Version=v4.8, .NETFramework,Version=v4.8.1' instead of the project target framework 'net8.0'. This package may not be fully compatible with your project. [C:\Users\ultra\warewolf\Dev\Warewolf.Driver.Serilog.Tests\Warewolf.Driver.Serilog.Tests.csproj]
C:\Users\ultra\warewolf\Dev\Dev2.Services.Execution\Dev2.Services.Execution.csproj : warning NU1701: Package 'GroupControls 1.9.0' was restored using '.NETFramework,Version=v4.6.1, .NETFramework,Version=v4.6.2, .NETFramework,Version=v4.7, .NETFramework,Version=v4.7.1, .NETFramework,Version=v4.7.2, .NETFramework,Version=v4.8, .NETFramework,Version=v4.8.1' instead of the project target framework 'net8.0'. This package may not be fully compatible with your project. [C:\Users\ultra\warewolf\Dev\Warewolf.Driver.Serilog.Tests\Warewolf.Driver.Serilog.Tests.csproj]
C:\Users\ultra\warewolf\Dev\Dev2.Services.Execution\Dev2.Services.Execution.csproj : warning NU1701: Package 'ReactiveUI.WPF 18.4.1' was restored using '.NETFramework,Version=v4.6.1, .NETFramework,Version=v4.6.2, .NETFramework,Version=v4.7, .NETFramework,Version=v4.7.1, .NETFramework,Version=v4.7.2, .NETFramework,Version=v4.8, .NETFramework,Version=v4.8.1' instead of the project target framework 'net8.0'. This package may not be fully compatible with your project. [C:\Users\ultra\warewolf\Dev\Warewolf.Driver.Serilog.Tests\Warewolf.Driver.Serilog.Tests.csproj]
C:\Users\ultra\warewolf\Dev\Dev2.Services.Execution\Dev2.Services.Execution.csproj : warning NU1701: Package 'TaskSchedulerEditor 2.10.1' was restored using '.NETFramework,Version=v4.6.1, .NETFramework,Version=v4.6.2, .NETFramework,Version=v4.7, .NETFramework,Version=v4.7.1, .NETFramework,Version=v4.7.2, .NETFramework,Version=v4.8, .NETFramework,Version=v4.8.1' instead of the project target framework 'net8.0'. This package may not be fully compatible with your project. [C:\Users\ultra\warewolf\Dev\Warewolf.Driver.Serilog.Tests\Warewolf.Driver.Serilog.Tests.csproj]
C:\Users\ultra\warewolf\Dev\Dev2.Studio.Interfaces\Dev2.Studio.Interfaces.csproj : warning NU1701: Package 'AeroWizard 2.3.1' was restored using '.NETFramework,Version=v4.6.1, .NETFramework,Version=v4.6.2, .NETFramework,Version=v4.7, .NETFramework,Version=v4.7.1, .NETFramework,Version=v4.7.2, .NETFramework,Version=v4.8, .NETFramework,Version=v4.8.1' instead of the project target framework 'net8.0'. This package may not be fully compatible with your project. [C:\Users\ultra\warewolf\Dev\Warewolf.Driver.Serilog.Tests\Warewolf.Driver.Serilog.Tests.csproj]
C:\Users\ultra\warewolf\Dev\Dev2.Studio.Interfaces\Dev2.Studio.Interfaces.csproj : warning NU1701: Package 'GroupControls 1.9.0' was restored using '.NETFramework,Version=v4.6.1, .NETFramework,Version=v4.6.2, .NETFramework,Version=v4.7, .NETFramework,Version=v4.7.1, .NETFramework,Version=v4.7.2, .NETFramework,Version=v4.8, .NETFramework,Version=v4.8.1' instead of the project target framework 'net8.0'. This package may not be fully compatible with your project. [C:\Users\ultra\warewolf\Dev\Warewolf.Driver.Serilog.Tests\Warewolf.Driver.Serilog.Tests.csproj]
C:\Users\ultra\warewolf\Dev\Dev2.Studio.Interfaces\Dev2.Studio.Interfaces.csproj : warning NU1701: Package 'Microsoft.Xaml.Behaviors.Wpf 1.1.122' was restored using '.NETFramework,Version=v4.6.1, .NETFramework,Version=v4.6.2, .NETFramework,Version=v4.7, .NETFramework,Version=v4.7.1, .NETFramework,Version=v4.7.2, .NETFramework,Version=v4.8, .NETFramework,Version=v4.8.1' instead of the project target framework 'net8.0'. This package may not be fully compatible with your project. [C:\Users\ultra\warewolf\Dev\Warewolf.Driver.Serilog.Tests\Warewolf.Driver.Serilog.Tests.csproj]
C:\Users\ultra\warewolf\Dev\Dev2.Studio.Interfaces\Dev2.Studio.Interfaces.csproj : warning NU1701: Package 'Prism.Wpf 9.0.537' was restored using '.NETFramework,Version=v4.6.1, .NETFramework,Version=v4.6.2, .NETFramework,Version=v4.7, .NETFramework,Version=v4.7.1, .NETFramework,Version=v4.7.2, .NETFramework,Version=v4.8, .NETFramework,Version=v4.8.1' instead of the project target framework 'net8.0'. This package may not be fully compatible with your project. [C:\Users\ultra\warewolf\Dev\Warewolf.Driver.Serilog.Tests\Warewolf.Driver.Serilog.Tests.csproj]
C:\Users\ultra\warewolf\Dev\Dev2.Studio.Interfaces\Dev2.Studio.Interfaces.csproj : warning NU1701: Package 'ReactiveUI.WPF 18.4.1' was restored using '.NETFramework,Version=v4.6.1, .NETFramework,Version=v4.6.2, .NETFramework,Version=v4.7, .NETFramework,Version=v4.7.1, .NETFramework,Version=v4.7.2, .NETFramework,Version=v4.8, .NETFramework,Version=v4.8.1' instead of the project target framework 'net8.0'. This package may not be fully compatible with your project. [C:\Users\ultra\warewolf\Dev\Warewolf.Driver.Serilog.Tests\Warewolf.Driver.Serilog.Tests.csproj]
C:\Users\ultra\warewolf\Dev\Dev2.Runtime.Configuration\Dev2.Runtime.Configuration.csproj : warning NU1903: Package 'Microsoft.Windows.Compatibility' 6.0.0 has a known high severity vulnerability, https://github.com/advisories/GHSA-555c-2p6r-68mm [C:\Users\ultra\warewolf\Dev\Warewolf.Driver.Serilog.Tests\Warewolf.Driver.Serilog.Tests.csproj]
C:\Users\ultra\warewolf\Dev\Dev2.Studio.Interfaces\Dev2.Studio.Interfaces.csproj : warning NU1701: Package 'TaskSchedulerEditor 2.10.1' was restored using '.NETFramework,Version=v4.6.1, .NETFramework,Version=v4.6.2, .NETFramework,Version=v4.7, .NETFramework,Version=v4.7.1, .NETFramework,Version=v4.7.2, .NETFramework,Version=v4.8, .NETFramework,Version=v4.8.1' instead of the project target framework 'net8.0'. This package may not be fully compatible with your project. [C:\Users\ultra\warewolf\Dev\Warewolf.Driver.Serilog.Tests\Warewolf.Driver.Serilog.Tests.csproj]
C:\Users\ultra\warewolf\Dev\Dev2.Runtime.Configuration\Dev2.Runtime.Configuration.csproj : warning NU1701: Package 'AeroWizard 2.3.1' was restored using '.NETFramework,Version=v4.6.1, .NETFramework,Version=v4.6.2, .NETFramework,Version=v4.7, .NETFramework,Version=v4.7.1, .NETFramework,Version=v4.7.2, .NETFramework,Version=v4.8, .NETFramework,Version=v4.8.1' instead of the project target framework 'net8.0'. This package may not be fully compatible with your project. [C:\Users\ultra\warewolf\Dev\Warewolf.Driver.Serilog.Tests\Warewolf.Driver.Serilog.Tests.csproj]
C:\Users\ultra\warewolf\Dev\Dev2.Runtime.Configuration\Dev2.Runtime.Configuration.csproj : warning NU1701: Package 'GroupControls 1.9.0' was restored using '.NETFramework,Version=v4.6.1, .NETFramework,Version=v4.6.2, .NETFramework,Version=v4.7, .NETFramework,Version=v4.7.1, .NETFramework,Version=v4.7.2, .NETFramework,Version=v4.8, .NETFramework,Version=v4.8.1' instead of the project target framework 'net8.0'. This package may not be fully compatible with your project. [C:\Users\ultra\warewolf\Dev\Warewolf.Driver.Serilog.Tests\Warewolf.Driver.Serilog.Tests.csproj]
C:\Users\ultra\warewolf\Dev\Dev2.Runtime.Configuration\Dev2.Runtime.Configuration.csproj : warning NU1701: Package 'TaskSchedulerEditor 2.10.1' was restored using '.NETFramework,Version=v4.6.1, .NETFramework,Version=v4.6.2, .NETFramework,Version=v4.7, .NETFramework,Version=v4.7.1, .NETFramework,Version=v4.7.2, .NETFramework,Version=v4.8, .NETFramework,Version=v4.8.1' instead of the project target framework 'net8.0'. This package may not be fully compatible with your project. [C:\Users\ultra\warewolf\Dev\Warewolf.Driver.Serilog.Tests\Warewolf.Driver.Serilog.Tests.csproj]
C:\Users\ultra\warewolf\Dev\Dev2.Data.Interfaces\Dev2.Data.Interfaces.csproj : warning NU1903: Package 'DotNetZip' 1.16.0 has a known high severity vulnerability, https://github.com/advisories/GHSA-xhg6-9j5j-w4vf [C:\Users\ultra\warewolf\Dev\Warewolf.Driver.Serilog.Tests\Warewolf.Driver.Serilog.Tests.csproj]
C:\Users\ultra\warewolf\Dev\Dev2.Data.Interfaces\Dev2.Data.Interfaces.csproj : warning NU1701: Package 'AeroWizard 2.3.1' was restored using '.NETFramework,Version=v4.6.1, .NETFramework,Version=v4.6.2, .NETFramework,Version=v4.7, .NETFramework,Version=v4.7.1, .NETFramework,Version=v4.7.2, .NETFramework,Version=v4.8, .NETFramework,Version=v4.8.1' instead of the project target framework 'net8.0'. This package may not be fully compatible with your project. [C:\Users\ultra\warewolf\Dev\Warewolf.Driver.Serilog.Tests\Warewolf.Driver.Serilog.Tests.csproj]
C:\Users\ultra\warewolf\Dev\Dev2.Data.Interfaces\Dev2.Data.Interfaces.csproj : warning NU1701: Package 'GroupControls 1.9.0' was restored using '.NETFramework,Version=v4.6.1, .NETFramework,Version=v4.6.2, .NETFramework,Version=v4.7, .NETFramework,Version=v4.7.1, .NETFramework,Version=v4.7.2, .NETFramework,Version=v4.8, .NETFramework,Version=v4.8.1' instead of the project target framework 'net8.0'. This package may not be fully compatible with your project. [C:\Users\ultra\warewolf\Dev\Warewolf.Driver.Serilog.Tests\Warewolf.Driver.Serilog.Tests.csproj]
C:\Users\ultra\warewolf\Dev\Dev2.Data.Interfaces\Dev2.Data.Interfaces.csproj : warning NU1701: Package 'TaskSchedulerEditor 2.10.1' was restored using '.NETFramework,Version=v4.6.1, .NETFramework,Version=v4.6.2, .NETFramework,Version=v4.7, .NETFramework,Version=v4.7.1, .NETFramework,Version=v4.7.2, .NETFramework,Version=v4.8, .NETFramework,Version=v4.8.1' instead of the project target framework 'net8.0'. This package may not be fully compatible with your project. [C:\Users\ultra\warewolf\Dev\Warewolf.Driver.Serilog.Tests\Warewolf.Driver.Serilog.Tests.csproj]
C:\Users\ultra\warewolf\Dev\Warewolf.Exchange.Email.Wrapper\Warewolf.Exchange.Email.Wrapper.csproj : warning NU1701: Package 'AeroWizard 2.3.1' was restored using '.NETFramework,Version=v4.6.1, .NETFramework,Version=v4.6.2, .NETFramework,Version=v4.7, .NETFramework,Version=v4.7.1, .NETFramework,Version=v4.7.2, .NETFramework,Version=v4.8, .NETFramework,Version=v4.8.1' instead of the project target framework 'net8.0'. This package may not be fully compatible with your project. [C:\Users\ultra\warewolf\Dev\Warewolf.Driver.Serilog.Tests\Warewolf.Driver.Serilog.Tests.csproj]
C:\Users\ultra\warewolf\Dev\Warewolf.Exchange.Email.Wrapper\Warewolf.Exchange.Email.Wrapper.csproj : warning NU1701: Package 'GroupControls 1.9.0' was restored using '.NETFramework,Version=v4.6.1, .NETFramework,Version=v4.6.2, .NETFramework,Version=v4.7, .NETFramework,Version=v4.7.1, .NETFramework,Version=v4.7.2, .NETFramework,Version=v4.8, .NETFramework,Version=v4.8.1' instead of the project target framework 'net8.0'. This package may not be fully compatible with your project. [C:\Users\ultra\warewolf\Dev\Warewolf.Driver.Serilog.Tests\Warewolf.Driver.Serilog.Tests.csproj]
C:\Users\ultra\warewolf\Dev\Warewolf.Exchange.Email.Wrapper\Warewolf.Exchange.Email.Wrapper.csproj : warning NU1701: Package 'ReactiveUI.WPF 18.4.1' was restored using '.NETFramework,Version=v4.6.1, .NETFramework,Version=v4.6.2, .NETFramework,Version=v4.7, .NETFramework,Version=v4.7.1, .NETFramework,Version=v4.7.2, .NETFramework,Version=v4.8, .NETFramework,Version=v4.8.1' instead of the project target framework 'net8.0'. This package may not be fully compatible with your project. [C:\Users\ultra\warewolf\Dev\Warewolf.Driver.Serilog.Tests\Warewolf.Driver.Serilog.Tests.csproj]
C:\Users\ultra\warewolf\Dev\Warewolf.Exchange.Email.Wrapper\Warewolf.Exchange.Email.Wrapper.csproj : warning NU1701: Package 'TaskSchedulerEditor 2.10.1' was restored using '.NETFramework,Version=v4.6.1, .NETFramework,Version=v4.6.2, .NETFramework,Version=v4.7, .NETFramework,Version=v4.7.1, .NETFramework,Version=v4.7.2, .NETFramework,Version=v4.8, .NETFramework,Version=v4.8.1' instead of the project target framework 'net8.0'. This package may not be fully compatible with your project. [C:\Users\ultra\warewolf\Dev\Warewolf.Driver.Serilog.Tests\Warewolf.Driver.Serilog.Tests.csproj]
C:\Users\ultra\warewolf\Dev\Dev2.Development.Languages\Dev2.Development.Languages.csproj : warning NU1701: Package 'AeroWizard 2.3.1' was restored using '.NETFramework,Version=v4.6.1, .NETFramework,Version=v4.6.2, .NETFramework,Version=v4.7, .NETFramework,Version=v4.7.1, .NETFramework,Version=v4.7.2, .NETFramework,Version=v4.8, .NETFramework,Version=v4.8.1' instead of the project target framework 'net8.0'. This package may not be fully compatible with your project. [C:\Users\ultra\warewolf\Dev\Warewolf.Driver.Serilog.Tests\Warewolf.Driver.Serilog.Tests.csproj]
C:\Users\ultra\warewolf\Dev\Dev2.Development.Languages\Dev2.Development.Languages.csproj : warning NU1701: Package 'GroupControls 1.9.0' was restored using '.NETFramework,Version=v4.6.1, .NETFramework,Version=v4.6.2, .NETFramework,Version=v4.7, .NETFramework,Version=v4.7.1, .NETFramework,Version=v4.7.2, .NETFramework,Version=v4.8, .NETFramework,Version=v4.8.1' instead of the project target framework 'net8.0'. This package may not be fully compatible with your project. [C:\Users\ultra\warewolf\Dev\Warewolf.Driver.Serilog.Tests\Warewolf.Driver.Serilog.Tests.csproj]
C:\Users\ultra\warewolf\Dev\Dev2.Development.Languages\Dev2.Development.Languages.csproj : warning NU1701: Package 'TaskSchedulerEditor 2.10.1' was restored using '.NETFramework,Version=v4.6.1, .NETFramework,Version=v4.6.2, .NETFramework,Version=v4.7, .NETFramework,Version=v4.7.1, .NETFramework,Version=v4.7.2, .NETFramework,Version=v4.8, .NETFramework,Version=v4.8.1' instead of the project target framework 'net8.0'. This package may not be fully compatible with your project. [C:\Users\ultra\warewolf\Dev\Warewolf.Driver.Serilog.Tests\Warewolf.Driver.Serilog.Tests.csproj]
C:\Users\ultra\warewolf\Dev\Dev2.Studio.Core\Dev2.Studio.Core.csproj : warning NU1701: Package 'AeroWizard 2.3.1' was restored using '.NETFramework,Version=v4.6.1, .NETFramework,Version=v4.6.2, .NETFramework,Version=v4.7, .NETFramework,Version=v4.7.1, .NETFramework,Version=v4.7.2, .NETFramework,Version=v4.8, .NETFramework,Version=v4.8.1' instead of the project target framework 'net8.0'. This package may not be fully compatible with your project. [C:\Users\ultra\warewolf\Dev\Warewolf.Driver.Serilog.Tests\Warewolf.Driver.Serilog.Tests.csproj]
C:\Users\ultra\warewolf\Dev\Dev2.Studio.Core\Dev2.Studio.Core.csproj : warning NU1701: Package 'GroupControls 1.9.0' was restored using '.NETFramework,Version=v4.6.1, .NETFramework,Version=v4.6.2, .NETFramework,Version=v4.7, .NETFramework,Version=v4.7.1, .NETFramework,Version=v4.7.2, .NETFramework,Version=v4.8, .NETFramework,Version=v4.8.1' instead of the project target framework 'net8.0'. This package may not be fully compatible with your project. [C:\Users\ultra\warewolf\Dev\Warewolf.Driver.Serilog.Tests\Warewolf.Driver.Serilog.Tests.csproj]
C:\Users\ultra\warewolf\Dev\Dev2.Studio.Core\Dev2.Studio.Core.csproj : warning NU1701: Package 'Microsoft.Xaml.Behaviors.Wpf 1.1.122' was restored using '.NETFramework,Version=v4.6.1, .NETFramework,Version=v4.6.2, .NETFramework,Version=v4.7, .NETFramework,Version=v4.7.1, .NETFramework,Version=v4.7.2, .NETFramework,Version=v4.8, .NETFramework,Version=v4.8.1' instead of the project target framework 'net8.0'. This package may not be fully compatible with your project. [C:\Users\ultra\warewolf\Dev\Warewolf.Driver.Serilog.Tests\Warewolf.Driver.Serilog.Tests.csproj]
C:\Users\ultra\warewolf\Dev\Dev2.Studio.Core\Dev2.Studio.Core.csproj : warning NU1701: Package 'Prism.Wpf 9.0.537' was restored using '.NETFramework,Version=v4.6.1, .NETFramework,Version=v4.6.2, .NETFramework,Version=v4.7, .NETFramework,Version=v4.7.1, .NETFramework,Version=v4.7.2, .NETFramework,Version=v4.8, .NETFramework,Version=v4.8.1' instead of the project target framework 'net8.0'. This package may not be fully compatible with your project. [C:\Users\ultra\warewolf\Dev\Warewolf.Driver.Serilog.Tests\Warewolf.Driver.Serilog.Tests.csproj]
C:\Users\ultra\warewolf\Dev\Dev2.Studio.Core\Dev2.Studio.Core.csproj : warning NU1701: Package 'ReactiveUI.WPF 18.4.1' was restored using '.NETFramework,Version=v4.6.1, .NETFramework,Version=v4.6.2, .NETFramework,Version=v4.7, .NETFramework,Version=v4.7.1, .NETFramework,Version=v4.7.2, .NETFramework,Version=v4.8, .NETFramework,Version=v4.8.1' instead of the project target framework 'net8.0'. This package may not be fully compatible with your project. [C:\Users\ultra\warewolf\Dev\Warewolf.Driver.Serilog.Tests\Warewolf.Driver.Serilog.Tests.csproj]
C:\Users\ultra\warewolf\Dev\Dev2.Studio.Core\Dev2.Studio.Core.csproj : warning NU1701: Package 'TaskSchedulerEditor 2.10.1' was restored using '.NETFramework,Version=v4.6.1, .NETFramework,Version=v4.6.2, .NETFramework,Version=v4.7, .NETFramework,Version=v4.7.1, .NETFramework,Version=v4.7.2, .NETFramework,Version=v4.8, .NETFramework,Version=v4.8.1' instead of the project target framework 'net8.0'. This package may not be fully compatible with your project. [C:\Users\ultra\warewolf\Dev\Warewolf.Driver.Serilog.Tests\Warewolf.Driver.Serilog.Tests.csproj]
C:\Users\ultra\warewolf\Dev\Warewolf.Data\Warewolf.Data.csproj : warning NU1701: Package 'AeroWizard 2.3.1' was restored using '.NETFramework,Version=v4.6.1, .NETFramework,Version=v4.6.2, .NETFramework,Version=v4.7, .NETFramework,Version=v4.7.1, .NETFramework,Version=v4.7.2, .NETFramework,Version=v4.8, .NETFramework,Version=v4.8.1' instead of the project target framework 'net8.0'. This package may not be fully compatible with your project. [C:\Users\ultra\warewolf\Dev\Warewolf.Driver.Serilog.Tests\Warewolf.Driver.Serilog.Tests.csproj]
C:\Users\ultra\warewolf\Dev\Warewolf.Data\Warewolf.Data.csproj : warning NU1701: Package 'GroupControls 1.9.0' was restored using '.NETFramework,Version=v4.6.1, .NETFramework,Version=v4.6.2, .NETFramework,Version=v4.7, .NETFramework,Version=v4.7.1, .NETFramework,Version=v4.7.2, .NETFramework,Version=v4.8, .NETFramework,Version=v4.8.1' instead of the project target framework 'net8.0'. This package may not be fully compatible with your project. [C:\Users\ultra\warewolf\Dev\Warewolf.Driver.Serilog.Tests\Warewolf.Driver.Serilog.Tests.csproj]
C:\Users\ultra\warewolf\Dev\Warewolf.Data\Warewolf.Data.csproj : warning NU1701: Package 'TaskSchedulerEditor 2.10.1' was restored using '.NETFramework,Version=v4.6.1, .NETFramework,Version=v4.6.2, .NETFramework,Version=v4.7, .NETFramework,Version=v4.7.1, .NETFramework,Version=v4.7.2, .NETFramework,Version=v4.8, .NETFramework,Version=v4.8.1' instead of the project target framework 'net8.0'. This package may not be fully compatible with your project. [C:\Users\ultra\warewolf\Dev\Warewolf.Driver.Serilog.Tests\Warewolf.Driver.Serilog.Tests.csproj]
C:\Users\ultra\warewolf\Dev\Warewolf.Common\Warewolf.Common.csproj : warning NU1701: Package 'AeroWizard 2.3.1' was restored using '.NETFramework,Version=v4.6.1, .NETFramework,Version=v4.6.2, .NETFramework,Version=v4.7, .NETFramework,Version=v4.7.1, .NETFramework,Version=v4.7.2, .NETFramework,Version=v4.8, .NETFramework,Version=v4.8.1' instead of the project target framework 'net8.0'. This package may not be fully compatible with your project. [C:\Users\ultra\warewolf\Dev\Warewolf.Driver.Serilog.Tests\Warewolf.Driver.Serilog.Tests.csproj]
C:\Users\ultra\warewolf\Dev\Warewolf.Common\Warewolf.Common.csproj : warning NU1701: Package 'GroupControls 1.9.0' was restored using '.NETFramework,Version=v4.6.1, .NETFramework,Version=v4.6.2, .NETFramework,Version=v4.7, .NETFramework,Version=v4.7.1, .NETFramework,Version=v4.7.2, .NETFramework,Version=v4.8, .NETFramework,Version=v4.8.1' instead of the project target framework 'net8.0'. This package may not be fully compatible with your project. [C:\Users\ultra\warewolf\Dev\Warewolf.Driver.Serilog.Tests\Warewolf.Driver.Serilog.Tests.csproj]
C:\Users\ultra\warewolf\Dev\Warewolf.Common\Warewolf.Common.csproj : warning NU1701: Package 'TaskSchedulerEditor 2.10.1' was restored using '.NETFramework,Version=v4.6.1, .NETFramework,Version=v4.6.2, .NETFramework,Version=v4.7, .NETFramework,Version=v4.7.1, .NETFramework,Version=v4.7.2, .NETFramework,Version=v4.8, .NETFramework,Version=v4.8.1' instead of the project target framework 'net8.0'. This package may not be fully compatible with your project. [C:\Users\ultra\warewolf\Dev\Warewolf.Driver.Serilog.Tests\Warewolf.Driver.Serilog.Tests.csproj]
C:\Users\ultra\warewolf\Dev\Dev2.Data\Dev2.Data.csproj : warning NU1701: Package 'AeroWizard 2.3.1' was restored using '.NETFramework,Version=v4.6.1, .NETFramework,Version=v4.6.2, .NETFramework,Version=v4.7, .NETFramework,Version=v4.7.1, .NETFramework,Version=v4.7.2, .NETFramework,Version=v4.8, .NETFramework,Version=v4.8.1' instead of the project target framework 'net8.0'. This package may not be fully compatible with your project. [C:\Users\ultra\warewolf\Dev\Warewolf.Driver.Serilog.Tests\Warewolf.Driver.Serilog.Tests.csproj]
C:\Users\ultra\warewolf\Dev\Dev2.Data\Dev2.Data.csproj : warning NU1701: Package 'GroupControls 1.9.0' was restored using '.NETFramework,Version=v4.6.1, .NETFramework,Version=v4.6.2, .NETFramework,Version=v4.7, .NETFramework,Version=v4.7.1, .NETFramework,Version=v4.7.2, .NETFramework,Version=v4.8, .NETFramework,Version=v4.8.1' instead of the project target framework 'net8.0'. This package may not be fully compatible with your project. [C:\Users\ultra\warewolf\Dev\Warewolf.Driver.Serilog.Tests\Warewolf.Driver.Serilog.Tests.csproj]
C:\Users\ultra\warewolf\Dev\Dev2.Data\Dev2.Data.csproj : warning NU1701: Package 'ReactiveUI.WPF 18.4.1' was restored using '.NETFramework,Version=v4.6.1, .NETFramework,Version=v4.6.2, .NETFramework,Version=v4.7, .NETFramework,Version=v4.7.1, .NETFramework,Version=v4.7.2, .NETFramework,Version=v4.8, .NETFramework,Version=v4.8.1' instead of the project target framework 'net8.0'. This package may not be fully compatible with your project. [C:\Users\ultra\warewolf\Dev\Warewolf.Driver.Serilog.Tests\Warewolf.Driver.Serilog.Tests.csproj]
C:\Users\ultra\warewolf\Dev\Dev2.Data\Dev2.Data.csproj : warning NU1701: Package 'TaskSchedulerEditor 2.10.1' was restored using '.NETFramework,Version=v4.6.1, .NETFramework,Version=v4.6.2, .NETFramework,Version=v4.7, .NETFramework,Version=v4.7.1, .NETFramework,Version=v4.7.2, .NETFramework,Version=v4.8, .NETFramework,Version=v4.8.1' instead of the project target framework 'net8.0'. This package may not be fully compatible with your project. [C:\Users\ultra\warewolf\Dev\Warewolf.Driver.Serilog.Tests\Warewolf.Driver.Serilog.Tests.csproj]
C:\Users\ultra\warewolf\Dev\Warewolf.Logger\Warewolf.Logger.csproj : warning NU1701: Package 'AeroWizard 2.3.1' was restored using '.NETFramework,Version=v4.6.1, .NETFramework,Version=v4.6.2, .NETFramework,Version=v4.7, .NETFramework,Version=v4.7.1, .NETFramework,Version=v4.7.2, .NETFramework,Version=v4.8, .NETFramework,Version=v4.8.1' instead of the project target framework 'net8.0'. This package may not be fully compatible with your project. [C:\Users\ultra\warewolf\Dev\Warewolf.Driver.Serilog.Tests\Warewolf.Driver.Serilog.Tests.csproj]
C:\Users\ultra\warewolf\Dev\Dev2.Runtime.Services\Dev2.Runtime.Services.csproj : warning NU1902: Package 'MessagePack' 2.4.59 has a known moderate severity vulnerability, https://github.com/advisories/GHSA-4qm4-8hg2-g2xm [C:\Users\ultra\warewolf\Dev\Warewolf.Driver.Serilog.Tests\Warewolf.Driver.Serilog.Tests.csproj]
C:\Users\ultra\warewolf\Dev\Warewolf.Logger\Warewolf.Logger.csproj : warning NU1701: Package 'GroupControls 1.9.0' was restored using '.NETFramework,Version=v4.6.1, .NETFramework,Version=v4.6.2, .NETFramework,Version=v4.7, .NETFramework,Version=v4.7.1, .NETFramework,Version=v4.7.2, .NETFramework,Version=v4.8, .NETFramework,Version=v4.8.1' instead of the project target framework 'net8.0'. This package may not be fully compatible with your project. [C:\Users\ultra\warewolf\Dev\Warewolf.Driver.Serilog.Tests\Warewolf.Driver.Serilog.Tests.csproj]
C:\Users\ultra\warewolf\Dev\Warewolf.Logger\Warewolf.Logger.csproj : warning NU1701: Package 'Microsoft.Xaml.Behaviors.Wpf 1.1.122' was restored using '.NETFramework,Version=v4.6.1, .NETFramework,Version=v4.6.2, .NETFramework,Version=v4.7, .NETFramework,Version=v4.7.1, .NETFramework,Version=v4.7.2, .NETFramework,Version=v4.8, .NETFramework,Version=v4.8.1' instead of the project target framework 'net8.0'. This package may not be fully compatible with your project. [C:\Users\ultra\warewolf\Dev\Warewolf.Driver.Serilog.Tests\Warewolf.Driver.Serilog.Tests.csproj]
C:\Users\ultra\warewolf\Dev\Dev2.Runtime.Services\Dev2.Runtime.Services.csproj : warning NU1903: Package 'Microsoft.Windows.Compatibility' 6.0.0 has a known high severity vulnerability, https://github.com/advisories/GHSA-555c-2p6r-68mm [C:\Users\ultra\warewolf\Dev\Warewolf.Driver.Serilog.Tests\Warewolf.Driver.Serilog.Tests.csproj]
C:\Users\ultra\warewolf\Dev\Dev2.Runtime.Services\Dev2.Runtime.Services.csproj : warning NU1701: Package 'AeroWizard 2.3.1' was restored using '.NETFramework,Version=v4.6.1, .NETFramework,Version=v4.6.2, .NETFramework,Version=v4.7, .NETFramework,Version=v4.7.1, .NETFramework,Version=v4.7.2, .NETFramework,Version=v4.8, .NETFramework,Version=v4.8.1' instead of the project target framework 'net8.0'. This package may not be fully compatible with your project. [C:\Users\ultra\warewolf\Dev\Warewolf.Driver.Serilog.Tests\Warewolf.Driver.Serilog.Tests.csproj]
C:\Users\ultra\warewolf\Dev\Warewolf.Logger\Warewolf.Logger.csproj : warning NU1701: Package 'Prism.Wpf 9.0.537' was restored using '.NETFramework,Version=v4.6.1, .NETFramework,Version=v4.6.2, .NETFramework,Version=v4.7, .NETFramework,Version=v4.7.1, .NETFramework,Version=v4.7.2, .NETFramework,Version=v4.8, .NETFramework,Version=v4.8.1' instead of the project target framework 'net8.0'. This package may not be fully compatible with your project. [C:\Users\ultra\warewolf\Dev\Warewolf.Driver.Serilog.Tests\Warewolf.Driver.Serilog.Tests.csproj]
C:\Users\ultra\warewolf\Dev\Dev2.Runtime.Services\Dev2.Runtime.Services.csproj : warning NU1701: Package 'GroupControls 1.9.0' was restored using '.NETFramework,Version=v4.6.1, .NETFramework,Version=v4.6.2, .NETFramework,Version=v4.7, .NETFramework,Version=v4.7.1, .NETFramework,Version=v4.7.2, .NETFramework,Version=v4.8, .NETFramework,Version=v4.8.1' instead of the project target framework 'net8.0'. This package may not be fully compatible with your project. [C:\Users\ultra\warewolf\Dev\Warewolf.Driver.Serilog.Tests\Warewolf.Driver.Serilog.Tests.csproj]
C:\Users\ultra\warewolf\Dev\Warewolf.Logger\Warewolf.Logger.csproj : warning NU1701: Package 'ReactiveUI.WPF 18.4.1' was restored using '.NETFramework,Version=v4.6.1, .NETFramework,Version=v4.6.2, .NETFramework,Version=v4.7, .NETFramework,Version=v4.7.1, .NETFramework,Version=v4.7.2, .NETFramework,Version=v4.8, .NETFramework,Version=v4.8.1' instead of the project target framework 'net8.0'. This package may not be fully compatible with your project. [C:\Users\ultra\warewolf\Dev\Warewolf.Driver.Serilog.Tests\Warewolf.Driver.Serilog.Tests.csproj]
C:\Users\ultra\warewolf\Dev\Dev2.Runtime.Services\Dev2.Runtime.Services.csproj : warning NU1701: Package 'ReactiveUI.WPF 18.4.1' was restored using '.NETFramework,Version=v4.6.1, .NETFramework,Version=v4.6.2, .NETFramework,Version=v4.7, .NETFramework,Version=v4.7.1, .NETFramework,Version=v4.7.2, .NETFramework,Version=v4.8, .NETFramework,Version=v4.8.1' instead of the project target framework 'net8.0'. This package may not be fully compatible with your project. [C:\Users\ultra\warewolf\Dev\Warewolf.Driver.Serilog.Tests\Warewolf.Driver.Serilog.Tests.csproj]
C:\Users\ultra\warewolf\Dev\Warewolf.Logger\Warewolf.Logger.csproj : warning NU1701: Package 'TaskSchedulerEditor 2.10.1' was restored using '.NETFramework,Version=v4.6.1, .NETFramework,Version=v4.6.2, .NETFramework,Version=v4.7, .NETFramework,Version=v4.7.1, .NETFramework,Version=v4.7.2, .NETFramework,Version=v4.8, .NETFramework,Version=v4.8.1' instead of the project target framework 'net8.0'. This package may not be fully compatible with your project. [C:\Users\ultra\warewolf\Dev\Warewolf.Driver.Serilog.Tests\Warewolf.Driver.Serilog.Tests.csproj]
C:\Users\ultra\warewolf\Dev\Dev2.Runtime.Services\Dev2.Runtime.Services.csproj : warning NU1701: Package 'TaskSchedulerEditor 2.10.1' was restored using '.NETFramework,Version=v4.6.1, .NETFramework,Version=v4.6.2, .NETFramework,Version=v4.7, .NETFramework,Version=v4.7.1, .NETFramework,Version=v4.7.2, .NETFramework,Version=v4.8, .NETFramework,Version=v4.8.1' instead of the project target framework 'net8.0'. This package may not be fully compatible with your project. [C:\Users\ultra\warewolf\Dev\Warewolf.Driver.Serilog.Tests\Warewolf.Driver.Serilog.Tests.csproj]
C:\Users\ultra\warewolf\Dev\Dev2.CustomControls\Dev2.CustomControls.csproj : warning NU1903: Package 'Microsoft.Windows.Compatibility' 6.0.0 has a known high severity vulnerability, https://github.com/advisories/GHSA-555c-2p6r-68mm [C:\Users\ultra\warewolf\Dev\Warewolf.Driver.Serilog.Tests\Warewolf.Driver.Serilog.Tests.csproj]
C:\Users\ultra\warewolf\Dev\Dev2.CustomControls\Dev2.CustomControls.csproj : warning NU1701: Package 'AeroWizard 2.3.1' was restored using '.NETFramework,Version=v4.6.1, .NETFramework,Version=v4.6.2, .NETFramework,Version=v4.7, .NETFramework,Version=v4.7.1, .NETFramework,Version=v4.7.2, .NETFramework,Version=v4.8, .NETFramework,Version=v4.8.1' instead of the project target framework 'net8.0'. This package may not be fully compatible with your project. [C:\Users\ultra\warewolf\Dev\Warewolf.Driver.Serilog.Tests\Warewolf.Driver.Serilog.Tests.csproj]
C:\Users\ultra\warewolf\Dev\Dev2.CustomControls\Dev2.CustomControls.csproj : warning NU1701: Package 'GroupControls 1.9.0' was restored using '.NETFramework,Version=v4.6.1, .NETFramework,Version=v4.6.2, .NETFramework,Version=v4.7, .NETFramework,Version=v4.7.1, .NETFramework,Version=v4.7.2, .NETFramework,Version=v4.8, .NETFramework,Version=v4.8.1' instead of the project target framework 'net8.0'. This package may not be fully compatible with your project. [C:\Users\ultra\warewolf\Dev\Warewolf.Driver.Serilog.Tests\Warewolf.Driver.Serilog.Tests.csproj]
C:\Users\ultra\warewolf\Dev\Dev2.CustomControls\Dev2.CustomControls.csproj : warning NU1701: Package 'TaskSchedulerEditor 2.10.1' was restored using '.NETFramework,Version=v4.6.1, .NETFramework,Version=v4.6.2, .NETFramework,Version=v4.7, .NETFramework,Version=v4.7.1, .NETFramework,Version=v4.7.2, .NETFramework,Version=v4.8, .NETFramework,Version=v4.8.1' instead of the project target framework 'net8.0'. This package may not be fully compatible with your project. [C:\Users\ultra\warewolf\Dev\Warewolf.Driver.Serilog.Tests\Warewolf.Driver.Serilog.Tests.csproj]
C:\Users\ultra\warewolf\Dev\Dev2.Runtime\Dev2.Runtime.csproj : warning NU1903: Package 'Microsoft.Windows.Compatibility' 6.0.0 has a known high severity vulnerability, https://github.com/advisories/GHSA-555c-2p6r-68mm [C:\Users\ultra\warewolf\Dev\Warewolf.Driver.Serilog.Tests\Warewolf.Driver.Serilog.Tests.csproj]
C:\Users\ultra\warewolf\Dev\Dev2.Runtime\Dev2.Runtime.csproj : warning NU1701: Package 'AeroWizard 2.3.1' was restored using '.NETFramework,Version=v4.6.1, .NETFramework,Version=v4.6.2, .NETFramework,Version=v4.7, .NETFramework,Version=v4.7.1, .NETFramework,Version=v4.7.2, .NETFramework,Version=v4.8, .NETFramework,Version=v4.8.1' instead of the project target framework 'net8.0'. This package may not be fully compatible with your project. [C:\Users\ultra\warewolf\Dev\Warewolf.Driver.Serilog.Tests\Warewolf.Driver.Serilog.Tests.csproj]
C:\Users\ultra\warewolf\Dev\Dev2.Runtime\Dev2.Runtime.csproj : warning NU1701: Package 'GroupControls 1.9.0' was restored using '.NETFramework,Version=v4.6.1, .NETFramework,Version=v4.6.2, .NETFramework,Version=v4.7, .NETFramework,Version=v4.7.1, .NETFramework,Version=v4.7.2, .NETFramework,Version=v4.8, .NETFramework,Version=v4.8.1' instead of the project target framework 'net8.0'. This package may not be fully compatible with your project. [C:\Users\ultra\warewolf\Dev\Warewolf.Driver.Serilog.Tests\Warewolf.Driver.Serilog.Tests.csproj]
C:\Users\ultra\warewolf\Dev\Dev2.Runtime\Dev2.Runtime.csproj : warning NU1701: Package 'ReactiveUI.WPF 18.4.1' was restored using '.NETFramework,Version=v4.6.1, .NETFramework,Version=v4.6.2, .NETFramework,Version=v4.7, .NETFramework,Version=v4.7.1, .NETFramework,Version=v4.7.2, .NETFramework,Version=v4.8, .NETFramework,Version=v4.8.1' instead of the project target framework 'net8.0'. This package may not be fully compatible with your project. [C:\Users\ultra\warewolf\Dev\Warewolf.Driver.Serilog.Tests\Warewolf.Driver.Serilog.Tests.csproj]
C:\Users\ultra\warewolf\Dev\Dev2.Runtime\Dev2.Runtime.csproj : warning NU1701: Package 'TaskSchedulerEditor 2.10.1' was restored using '.NETFramework,Version=v4.6.1, .NETFramework,Version=v4.6.2, .NETFramework,Version=v4.7, .NETFramework,Version=v4.7.1, .NETFramework,Version=v4.7.2, .NETFramework,Version=v4.8, .NETFramework,Version=v4.8.1' instead of the project target framework 'net8.0'. This package may not be fully compatible with your project. [C:\Users\ultra\warewolf\Dev\Warewolf.Driver.Serilog.Tests\Warewolf.Driver.Serilog.Tests.csproj]
C:\Users\ultra\warewolf\Dev\Warewolf.Core\Warewolf.Core.csproj : warning NU1903: Package 'Microsoft.Windows.Compatibility' 6.0.0 has a known high severity vulnerability, https://github.com/advisories/GHSA-555c-2p6r-68mm [C:\Users\ultra\warewolf\Dev\Warewolf.Driver.Serilog.Tests\Warewolf.Driver.Serilog.Tests.csproj]
C:\Users\ultra\warewolf\Dev\Warewolf.Core\Warewolf.Core.csproj : warning NU1701: Package 'AeroWizard 2.3.1' was restored using '.NETFramework,Version=v4.6.1, .NETFramework,Version=v4.6.2, .NETFramework,Version=v4.7, .NETFramework,Version=v4.7.1, .NETFramework,Version=v4.7.2, .NETFramework,Version=v4.8, .NETFramework,Version=v4.8.1' instead of the project target framework 'net8.0'. This package may not be fully compatible with your project. [C:\Users\ultra\warewolf\Dev\Warewolf.Driver.Serilog.Tests\Warewolf.Driver.Serilog.Tests.csproj]
C:\Users\ultra\warewolf\Dev\Warewolf.Core\Warewolf.Core.csproj : warning NU1701: Package 'GroupControls 1.9.0' was restored using '.NETFramework,Version=v4.6.1, .NETFramework,Version=v4.6.2, .NETFramework,Version=v4.7, .NETFramework,Version=v4.7.1, .NETFramework,Version=v4.7.2, .NETFramework,Version=v4.8, .NETFramework,Version=v4.8.1' instead of the project target framework 'net8.0'. This package may not be fully compatible with your project. [C:\Users\ultra\warewolf\Dev\Warewolf.Driver.Serilog.Tests\Warewolf.Driver.Serilog.Tests.csproj]
C:\Users\ultra\warewolf\Dev\Warewolf.Core\Warewolf.Core.csproj : warning NU1701: Package 'ReactiveUI.WPF 18.4.1' was restored using '.NETFramework,Version=v4.6.1, .NETFramework,Version=v4.6.2, .NETFramework,Version=v4.7, .NETFramework,Version=v4.7.1, .NETFramework,Version=v4.7.2, .NETFramework,Version=v4.8, .NETFramework,Version=v4.8.1' instead of the project target framework 'net8.0'. This package may not be fully compatible with your project. [C:\Users\ultra\warewolf\Dev\Warewolf.Driver.Serilog.Tests\Warewolf.Driver.Serilog.Tests.csproj]
C:\Users\ultra\warewolf\Dev\Warewolf.Core\Warewolf.Core.csproj : warning NU1701: Package 'TaskSchedulerEditor 2.10.1' was restored using '.NETFramework,Version=v4.6.1, .NETFramework,Version=v4.6.2, .NETFramework,Version=v4.7, .NETFramework,Version=v4.7.1, .NETFramework,Version=v4.7.2, .NETFramework,Version=v4.8, .NETFramework,Version=v4.8.1' instead of the project target framework 'net8.0'. This package may not be fully compatible with your project. [C:\Users\ultra\warewolf\Dev\Warewolf.Driver.Serilog.Tests\Warewolf.Driver.Serilog.Tests.csproj]
C:\Users\ultra\warewolf\Dev\Dev2.Runtime.WebServer\Dev2.Runtime.WebServer.csproj : warning NU1902: Package 'System.IdentityModel.Tokens.Jwt' 5.1.0 has a known moderate severity vulnerability, https://github.com/advisories/GHSA-59j7-ghrg-fj52 [C:\Users\ultra\warewolf\Dev\Warewolf.Driver.Serilog.Tests\Warewolf.Driver.Serilog.Tests.csproj]
C:\Users\ultra\warewolf\Dev\Dev2.Runtime.WebServer\Dev2.Runtime.WebServer.csproj : warning NU1701: Package 'AeroWizard 2.3.1' was restored using '.NETFramework,Version=v4.6.1, .NETFramework,Version=v4.6.2, .NETFramework,Version=v4.7, .NETFramework,Version=v4.7.1, .NETFramework,Version=v4.7.2, .NETFramework,Version=v4.8, .NETFramework,Version=v4.8.1' instead of the project target framework 'net8.0'. This package may not be fully compatible with your project. [C:\Users\ultra\warewolf\Dev\Warewolf.Driver.Serilog.Tests\Warewolf.Driver.Serilog.Tests.csproj]
C:\Users\ultra\warewolf\Dev\Dev2.Runtime.WebServer\Dev2.Runtime.WebServer.csproj : warning NU1701: Package 'GroupControls 1.9.0' was restored using '.NETFramework,Version=v4.6.1, .NETFramework,Version=v4.6.2, .NETFramework,Version=v4.7, .NETFramework,Version=v4.7.1, .NETFramework,Version=v4.7.2, .NETFramework,Version=v4.8, .NETFramework,Version=v4.8.1' instead of the project target framework 'net8.0'. This package may not be fully compatible with your project. [C:\Users\ultra\warewolf\Dev\Warewolf.Driver.Serilog.Tests\Warewolf.Driver.Serilog.Tests.csproj]
C:\Users\ultra\warewolf\Dev\Dev2.Runtime.WebServer\Dev2.Runtime.WebServer.csproj : warning NU1701: Package 'Microsoft.Xaml.Behaviors.Wpf 1.1.122' was restored using '.NETFramework,Version=v4.6.1, .NETFramework,Version=v4.6.2, .NETFramework,Version=v4.7, .NETFramework,Version=v4.7.1, .NETFramework,Version=v4.7.2, .NETFramework,Version=v4.8, .NETFramework,Version=v4.8.1' instead of the project target framework 'net8.0'. This package may not be fully compatible with your project. [C:\Users\ultra\warewolf\Dev\Warewolf.Driver.Serilog.Tests\Warewolf.Driver.Serilog.Tests.csproj]
C:\Users\ultra\warewolf\Dev\Dev2.Runtime.WebServer\Dev2.Runtime.WebServer.csproj : warning NU1701: Package 'Prism.Wpf 9.0.537' was restored using '.NETFramework,Version=v4.6.1, .NETFramework,Version=v4.6.2, .NETFramework,Version=v4.7, .NETFramework,Version=v4.7.1, .NETFramework,Version=v4.7.2, .NETFramework,Version=v4.8, .NETFramework,Version=v4.8.1' instead of the project target framework 'net8.0'. This package may not be fully compatible with your project. [C:\Users\ultra\warewolf\Dev\Warewolf.Driver.Serilog.Tests\Warewolf.Driver.Serilog.Tests.csproj]
C:\Users\ultra\warewolf\Dev\Dev2.Runtime.WebServer\Dev2.Runtime.WebServer.csproj : warning NU1701: Package 'ReactiveUI.WPF 18.4.1' was restored using '.NETFramework,Version=v4.6.1, .NETFramework,Version=v4.6.2, .NETFramework,Version=v4.7, .NETFramework,Version=v4.7.1, .NETFramework,Version=v4.7.2, .NETFramework,Version=v4.8, .NETFramework,Version=v4.8.1' instead of the project target framework 'net8.0'. This package may not be fully compatible with your project. [C:\Users\ultra\warewolf\Dev\Warewolf.Driver.Serilog.Tests\Warewolf.Driver.Serilog.Tests.csproj]
C:\Users\ultra\warewolf\Dev\Dev2.Runtime.WebServer\Dev2.Runtime.WebServer.csproj : warning NU1701: Package 'TaskSchedulerEditor 2.10.1' was restored using '.NETFramework,Version=v4.6.1, .NETFramework,Version=v4.6.2, .NETFramework,Version=v4.7, .NETFramework,Version=v4.7.1, .NETFramework,Version=v4.7.2, .NETFramework,Version=v4.8, .NETFramework,Version=v4.8.1' instead of the project target framework 'net8.0'. This package may not be fully compatible with your project. [C:\Users\ultra\warewolf\Dev\Warewolf.Driver.Serilog.Tests\Warewolf.Driver.Serilog.Tests.csproj]
C:\Users\ultra\warewolf\Dev\Warewolf.Common.NetStandard20\Warewolf.Common.NetStandard20.csproj : warning NU1701: Package 'AeroWizard 2.3.1' was restored using '.NETFramework,Version=v4.6.1, .NETFramework,Version=v4.6.2, .NETFramework,Version=v4.7, .NETFramework,Version=v4.7.1, .NETFramework,Version=v4.7.2, .NETFramework,Version=v4.8, .NETFramework,Version=v4.8.1' instead of the project target framework 'net8.0'. This package may not be fully compatible with your project. [C:\Users\ultra\warewolf\Dev\Warewolf.Driver.Serilog.Tests\Warewolf.Driver.Serilog.Tests.csproj]
C:\Users\ultra\warewolf\Dev\Warewolf.Common.NetStandard20\Warewolf.Common.NetStandard20.csproj : warning NU1701: Package 'GroupControls 1.9.0' was restored using '.NETFramework,Version=v4.6.1, .NETFramework,Version=v4.6.2, .NETFramework,Version=v4.7, .NETFramework,Version=v4.7.1, .NETFramework,Version=v4.7.2, .NETFramework,Version=v4.8, .NETFramework,Version=v4.8.1' instead of the project target framework 'net8.0'. This package may not be fully compatible with your project. [C:\Users\ultra\warewolf\Dev\Warewolf.Driver.Serilog.Tests\Warewolf.Driver.Serilog.Tests.csproj]
C:\Users\ultra\warewolf\Dev\Warewolf.Common.NetStandard20\Warewolf.Common.NetStandard20.csproj : warning NU1701: Package 'ReactiveUI.WPF 18.4.1' was restored using '.NETFramework,Version=v4.6.1, .NETFramework,Version=v4.6.2, .NETFramework,Version=v4.7, .NETFramework,Version=v4.7.1, .NETFramework,Version=v4.7.2, .NETFramework,Version=v4.8, .NETFramework,Version=v4.8.1' instead of the project target framework 'net8.0'. This package may not be fully compatible with your project. [C:\Users\ultra\warewolf\Dev\Warewolf.Driver.Serilog.Tests\Warewolf.Driver.Serilog.Tests.csproj]
C:\Users\ultra\warewolf\Dev\Warewolf.Common.NetStandard20\Warewolf.Common.NetStandard20.csproj : warning NU1701: Package 'TaskSchedulerEditor 2.10.1' was restored using '.NETFramework,Version=v4.6.1, .NETFramework,Version=v4.6.2, .NETFramework,Version=v4.7, .NETFramework,Version=v4.7.1, .NETFramework,Version=v4.7.2, .NETFramework,Version=v4.8, .NETFramework,Version=v4.8.1' instead of the project target framework 'net8.0'. This package may not be fully compatible with your project. [C:\Users\ultra\warewolf\Dev\Warewolf.Driver.Serilog.Tests\Warewolf.Driver.Serilog.Tests.csproj]
C:\Users\ultra\warewolf\Dev\Dev2.Util\Dev2.Util.csproj : warning NU1903: Package 'Microsoft.Windows.Compatibility' 6.0.0 has a known high severity vulnerability, https://github.com/advisories/GHSA-555c-2p6r-68mm [C:\Users\ultra\warewolf\Dev\Warewolf.Driver.Serilog.Tests\Warewolf.Driver.Serilog.Tests.csproj]
C:\Users\ultra\warewolf\Dev\Dev2.Util\Dev2.Util.csproj : warning NU1701: Package 'AeroWizard 2.3.1' was restored using '.NETFramework,Version=v4.6.1, .NETFramework,Version=v4.6.2, .NETFramework,Version=v4.7, .NETFramework,Version=v4.7.1, .NETFramework,Version=v4.7.2, .NETFramework,Version=v4.8, .NETFramework,Version=v4.8.1' instead of the project target framework 'net8.0'. This package may not be fully compatible with your project. [C:\Users\ultra\warewolf\Dev\Warewolf.Driver.Serilog.Tests\Warewolf.Driver.Serilog.Tests.csproj]
C:\Users\ultra\warewolf\Dev\Dev2.Util\Dev2.Util.csproj : warning NU1701: Package 'GroupControls 1.9.0' was restored using '.NETFramework,Version=v4.6.1, .NETFramework,Version=v4.6.2, .NETFramework,Version=v4.7, .NETFramework,Version=v4.7.1, .NETFramework,Version=v4.7.2, .NETFramework,Version=v4.8, .NETFramework,Version=v4.8.1' instead of the project target framework 'net8.0'. This package may not be fully compatible with your project. [C:\Users\ultra\warewolf\Dev\Warewolf.Driver.Serilog.Tests\Warewolf.Driver.Serilog.Tests.csproj]
C:\Users\ultra\warewolf\Dev\Dev2.Util\Dev2.Util.csproj : warning NU1701: Package 'TaskSchedulerEditor 2.10.1' was restored using '.NETFramework,Version=v4.6.1, .NETFramework,Version=v4.6.2, .NETFramework,Version=v4.7, .NETFramework,Version=v4.7.1, .NETFramework,Version=v4.7.2, .NETFramework,Version=v4.8, .NETFramework,Version=v4.8.1' instead of the project target framework 'net8.0'. This package may not be fully compatible with your project. [C:\Users\ultra\warewolf\Dev\Warewolf.Driver.Serilog.Tests\Warewolf.Driver.Serilog.Tests.csproj]
C:\Users\ultra\warewolf\Dev\Warewolf.AI.Harness\Warewolf.AI.Harness.csproj : warning NU1701: Package 'AeroWizard 2.3.1' was restored using '.NETFramework,Version=v4.6.1, .NETFramework,Version=v4.6.2, .NETFramework,Version=v4.7, .NETFramework,Version=v4.7.1, .NETFramework,Version=v4.7.2, .NETFramework,Version=v4.8, .NETFramework,Version=v4.8.1' instead of the project target framework 'net8.0'. This package may not be fully compatible with your project. [C:\Users\ultra\warewolf\Dev\Warewolf.Driver.Serilog.Tests\Warewolf.Driver.Serilog.Tests.csproj]
C:\Users\ultra\warewolf\Dev\Warewolf.AI.Harness\Warewolf.AI.Harness.csproj : warning NU1701: Package 'GroupControls 1.9.0' was restored using '.NETFramework,Version=v4.6.1, .NETFramework,Version=v4.6.2, .NETFramework,Version=v4.7, .NETFramework,Version=v4.7.1, .NETFramework,Version=v4.7.2, .NETFramework,Version=v4.8, .NETFramework,Version=v4.8.1' instead of the project target framework 'net8.0'. This package may not be fully compatible with your project. [C:\Users\ultra\warewolf\Dev\Warewolf.Driver.Serilog.Tests\Warewolf.Driver.Serilog.Tests.csproj]
C:\Users\ultra\warewolf\Dev\Warewolf.AI.Harness\Warewolf.AI.Harness.csproj : warning NU1701: Package 'TaskSchedulerEditor 2.10.1' was restored using '.NETFramework,Version=v4.6.1, .NETFramework,Version=v4.6.2, .NETFramework,Version=v4.7, .NETFramework,Version=v4.7.1, .NETFramework,Version=v4.7.2, .NETFramework,Version=v4.8, .NETFramework,Version=v4.8.1' instead of the project target framework 'net8.0'. This package may not be fully compatible with your project. [C:\Users\ultra\warewolf\Dev\Warewolf.Driver.Serilog.Tests\Warewolf.Driver.Serilog.Tests.csproj]
C:\Users\ultra\warewolf\Dev\Warewolf.Driver.Persistence\Warewolf.Driver.Persistence.csproj : warning NU1701: Package 'AeroWizard 2.3.1' was restored using '.NETFramework,Version=v4.6.1, .NETFramework,Version=v4.6.2, .NETFramework,Version=v4.7, .NETFramework,Version=v4.7.1, .NETFramework,Version=v4.7.2, .NETFramework,Version=v4.8, .NETFramework,Version=v4.8.1' instead of the project target framework 'net8.0'. This package may not be fully compatible with your project. [C:\Users\ultra\warewolf\Dev\Warewolf.Driver.Serilog.Tests\Warewolf.Driver.Serilog.Tests.csproj]
C:\Users\ultra\warewolf\Dev\Warewolf.Driver.Persistence\Warewolf.Driver.Persistence.csproj : warning NU1701: Package 'GroupControls 1.9.0' was restored using '.NETFramework,Version=v4.6.1, .NETFramework,Version=v4.6.2, .NETFramework,Version=v4.7, .NETFramework,Version=v4.7.1, .NETFramework,Version=v4.7.2, .NETFramework,Version=v4.8, .NETFramework,Version=v4.8.1' instead of the project target framework 'net8.0'. This package may not be fully compatible with your project. [C:\Users\ultra\warewolf\Dev\Warewolf.Driver.Serilog.Tests\Warewolf.Driver.Serilog.Tests.csproj]
C:\Users\ultra\warewolf\Dev\Warewolf.Driver.Persistence\Warewolf.Driver.Persistence.csproj : warning NU1701: Package 'ReactiveUI.WPF 18.4.1' was restored using '.NETFramework,Version=v4.6.1, .NETFramework,Version=v4.6.2, .NETFramework,Version=v4.7, .NETFramework,Version=v4.7.1, .NETFramework,Version=v4.7.2, .NETFramework,Version=v4.8, .NETFramework,Version=v4.8.1' instead of the project target framework 'net8.0'. This package may not be fully compatible with your project. [C:\Users\ultra\warewolf\Dev\Warewolf.Driver.Serilog.Tests\Warewolf.Driver.Serilog.Tests.csproj]
C:\Users\ultra\warewolf\Dev\Warewolf.Driver.Persistence\Warewolf.Driver.Persistence.csproj : warning NU1701: Package 'TaskSchedulerEditor 2.10.1' was restored using '.NETFramework,Version=v4.6.1, .NETFramework,Version=v4.6.2, .NETFramework,Version=v4.7, .NETFramework,Version=v4.7.1, .NETFramework,Version=v4.7.2, .NETFramework,Version=v4.8, .NETFramework,Version=v4.8.1' instead of the project target framework 'net8.0'. This package may not be fully compatible with your project. [C:\Users\ultra\warewolf\Dev\Warewolf.Driver.Serilog.Tests\Warewolf.Driver.Serilog.Tests.csproj]
C:\Users\ultra\warewolf\Dev\Warewolf.Common.Framework48\Warewolf.Common.Framework48.csproj : warning NU1902: Package 'System.IdentityModel.Tokens.Jwt' 5.1.0 has a known moderate severity vulnerability, https://github.com/advisories/GHSA-59j7-ghrg-fj52 [C:\Users\ultra\warewolf\Dev\Warewolf.Driver.Serilog.Tests\Warewolf.Driver.Serilog.Tests.csproj]
C:\Users\ultra\warewolf\Dev\Warewolf.Common.Framework48\Warewolf.Common.Framework48.csproj : warning NU1701: Package 'AeroWizard 2.3.1' was restored using '.NETFramework,Version=v4.6.1, .NETFramework,Version=v4.6.2, .NETFramework,Version=v4.7, .NETFramework,Version=v4.7.1, .NETFramework,Version=v4.7.2, .NETFramework,Version=v4.8, .NETFramework,Version=v4.8.1' instead of the project target framework 'net8.0'. This package may not be fully compatible with your project. [C:\Users\ultra\warewolf\Dev\Warewolf.Driver.Serilog.Tests\Warewolf.Driver.Serilog.Tests.csproj]
C:\Users\ultra\warewolf\Dev\Warewolf.Common.Framework48\Warewolf.Common.Framework48.csproj : warning NU1701: Package 'GroupControls 1.9.0' was restored using '.NETFramework,Version=v4.6.1, .NETFramework,Version=v4.6.2, .NETFramework,Version=v4.7, .NETFramework,Version=v4.7.1, .NETFramework,Version=v4.7.2, .NETFramework,Version=v4.8, .NETFramework,Version=v4.8.1' instead of the project target framework 'net8.0'. This package may not be fully compatible with your project. [C:\Users\ultra\warewolf\Dev\Warewolf.Driver.Serilog.Tests\Warewolf.Driver.Serilog.Tests.csproj]
C:\Users\ultra\warewolf\Dev\Warewolf.Common.Framework48\Warewolf.Common.Framework48.csproj : warning NU1701: Package 'Microsoft.Xaml.Behaviors.Wpf 1.1.122' was restored using '.NETFramework,Version=v4.6.1, .NETFramework,Version=v4.6.2, .NETFramework,Version=v4.7, .NETFramework,Version=v4.7.1, .NETFramework,Version=v4.7.2, .NETFramework,Version=v4.8, .NETFramework,Version=v4.8.1' instead of the project target framework 'net8.0'. This package may not be fully compatible with your project. [C:\Users\ultra\warewolf\Dev\Warewolf.Driver.Serilog.Tests\Warewolf.Driver.Serilog.Tests.csproj]
C:\Users\ultra\warewolf\Dev\Warewolf.Common.Framework48\Warewolf.Common.Framework48.csproj : warning NU1701: Package 'Prism.Wpf 9.0.537' was restored using '.NETFramework,Version=v4.6.1, .NETFramework,Version=v4.6.2, .NETFramework,Version=v4.7, .NETFramework,Version=v4.7.1, .NETFramework,Version=v4.7.2, .NETFramework,Version=v4.8, .NETFramework,Version=v4.8.1' instead of the project target framework 'net8.0'. This package may not be fully compatible with your project. [C:\Users\ultra\warewolf\Dev\Warewolf.Driver.Serilog.Tests\Warewolf.Driver.Serilog.Tests.csproj]
C:\Users\ultra\warewolf\Dev\Warewolf.Common.Framework48\Warewolf.Common.Framework48.csproj : warning NU1701: Package 'ReactiveUI.WPF 18.4.1' was restored using '.NETFramework,Version=v4.6.1, .NETFramework,Version=v4.6.2, .NETFramework,Version=v4.7, .NETFramework,Version=v4.7.1, .NETFramework,Version=v4.7.2, .NETFramework,Version=v4.8, .NETFramework,Version=v4.8.1' instead of the project target framework 'net8.0'. This package may not be fully compatible with your project. [C:\Users\ultra\warewolf\Dev\Warewolf.Driver.Serilog.Tests\Warewolf.Driver.Serilog.Tests.csproj]
C:\Users\ultra\warewolf\Dev\Warewolf.Common.Framework48\Warewolf.Common.Framework48.csproj : warning NU1701: Package 'TaskSchedulerEditor 2.10.1' was restored using '.NETFramework,Version=v4.6.1, .NETFramework,Version=v4.6.2, .NETFramework,Version=v4.7, .NETFramework,Version=v4.7.1, .NETFramework,Version=v4.7.2, .NETFramework,Version=v4.8, .NETFramework,Version=v4.8.1' instead of the project target framework 'net8.0'. This package may not be fully compatible with your project. [C:\Users\ultra\warewolf\Dev\Warewolf.Driver.Serilog.Tests\Warewolf.Driver.Serilog.Tests.csproj]
C:\Users\ultra\warewolf\Dev\Warewolf.Driver.Serilog.Tests\Warewolf.Driver.Serilog.Tests.csproj : warning NU1701: Package 'AeroWizard 2.3.1' was restored using '.NETFramework,Version=v4.6.1, .NETFramework,Version=v4.6.2, .NETFramework,Version=v4.7, .NETFramework,Version=v4.7.1, .NETFramework,Version=v4.7.2, .NETFramework,Version=v4.8, .NETFramework,Version=v4.8.1' instead of the project target framework 'net8.0'. This package may not be fully compatible with your project.
C:\Users\ultra\warewolf\Dev\Warewolf.Driver.Serilog.Tests\Warewolf.Driver.Serilog.Tests.csproj : warning NU1701: Package 'GroupControls 1.9.0' was restored using '.NETFramework,Version=v4.6.1, .NETFramework,Version=v4.6.2, .NETFramework,Version=v4.7, .NETFramework,Version=v4.7.1, .NETFramework,Version=v4.7.2, .NETFramework,Version=v4.8, .NETFramework,Version=v4.8.1' instead of the project target framework 'net8.0'. This package may not be fully compatible with your project.
C:\Users\ultra\warewolf\Dev\Warewolf.Driver.Serilog.Tests\Warewolf.Driver.Serilog.Tests.csproj : warning NU1701: Package 'Microsoft.Xaml.Behaviors.Wpf 1.1.122' was restored using '.NETFramework,Version=v4.6.1, .NETFramework,Version=v4.6.2, .NETFramework,Version=v4.7, .NETFramework,Version=v4.7.1, .NETFramework,Version=v4.7.2, .NETFramework,Version=v4.8, .NETFramework,Version=v4.8.1' instead of the project target framework 'net8.0'. This package may not be fully compatible with your project.
C:\Users\ultra\warewolf\Dev\Warewolf.Driver.Serilog.Tests\Warewolf.Driver.Serilog.Tests.csproj : warning NU1701: Package 'Prism.Wpf 9.0.537' was restored using '.NETFramework,Version=v4.6.1, .NETFramework,Version=v4.6.2, .NETFramework,Version=v4.7, .NETFramework,Version=v4.7.1, .NETFramework,Version=v4.7.2, .NETFramework,Version=v4.8, .NETFramework,Version=v4.8.1' instead of the project target framework 'net8.0'. This package may not be fully compatible with your project.
C:\Users\ultra\warewolf\Dev\Warewolf.Driver.Serilog.Tests\Warewolf.Driver.Serilog.Tests.csproj : warning NU1701: Package 'ReactiveUI.WPF 18.4.1' was restored using '.NETFramework,Version=v4.6.1, .NETFramework,Version=v4.6.2, .NETFramework,Version=v4.7, .NETFramework,Version=v4.7.1, .NETFramework,Version=v4.7.2, .NETFramework,Version=v4.8, .NETFramework,Version=v4.8.1' instead of the project target framework 'net8.0'. This package may not be fully compatible with your project.
C:\Users\ultra\warewolf\Dev\Warewolf.Driver.Serilog.Tests\Warewolf.Driver.Serilog.Tests.csproj : warning NU1701: Package 'TaskSchedulerEditor 2.10.1' was restored using '.NETFramework,Version=v4.6.1, .NETFramework,Version=v4.6.2, .NETFramework,Version=v4.7, .NETFramework,Version=v4.7.1, .NETFramework,Version=v4.7.2, .NETFramework,Version=v4.8, .NETFramework,Version=v4.8.1' instead of the project target framework 'net8.0'. This package may not be fully compatible with your project.
  Restored C:\Users\ultra\warewolf\Dev\Warewolf.Driver.Serilog.Tests\Warewolf.Driver.Serilog.Tests.csproj (in 665 ms).
  56 of 57 projects are up-to-date for restore.
C:\Users\ultra\warewolf\Dev\Warewolf.Driver.Serilog.Tests\Warewolf.Driver.Serilog.Tests.csproj : warning NU1701: Package 'AeroWizard 2.3.1' was restored using '.NETFramework,Version=v4.6.1, .NETFramework,Version=v4.6.2, .NETFramework,Version=v4.7, .NETFramework,Version=v4.7.1, .NETFramework,Version=v4.7.2, .NETFramework,Version=v4.8, .NETFramework,Version=v4.8.1' instead of the project target framework 'net8.0'. This package may not be fully compatible with your project.
C:\Users\ultra\warewolf\Dev\Warewolf.Driver.Serilog.Tests\Warewolf.Driver.Serilog.Tests.csproj : warning NU1701: Package 'GroupControls 1.9.0' was restored using '.NETFramework,Version=v4.6.1, .NETFramework,Version=v4.6.2, .NETFramework,Version=v4.7, .NETFramework,Version=v4.7.1, .NETFramework,Version=v4.7.2, .NETFramework,Version=v4.8, .NETFramework,Version=v4.8.1' instead of the project target framework 'net8.0'. This package may not be fully compatible with your project.
C:\Users\ultra\warewolf\Dev\Warewolf.Driver.Serilog.Tests\Warewolf.Driver.Serilog.Tests.csproj : warning NU1701: Package 'Microsoft.Xaml.Behaviors.Wpf 1.1.122' was restored using '.NETFramework,Version=v4.6.1, .NETFramework,Version=v4.6.2, .NETFramework,Version=v4.7, .NETFramework,Version=v4.7.1, .NETFramework,Version=v4.7.2, .NETFramework,Version=v4.8, .NETFramework,Version=v4.8.1' instead of the project target framework 'net8.0'. This package may not be fully compatible with your project.
C:\Users\ultra\warewolf\Dev\Warewolf.Driver.Serilog.Tests\Warewolf.Driver.Serilog.Tests.csproj : warning NU1701: Package 'Prism.Wpf 9.0.537' was restored using '.NETFramework,Version=v4.6.1, .NETFramework,Version=v4.6.2, .NETFramework,Version=v4.7, .NETFramework,Version=v4.7.1, .NETFramework,Version=v4.7.2, .NETFramework,Version=v4.8, .NETFramework,Version=v4.8.1' instead of the project target framework 'net8.0'. This package may not be fully compatible with your project.
C:\Users\ultra\warewolf\Dev\Warewolf.Driver.Serilog.Tests\Warewolf.Driver.Serilog.Tests.csproj : warning NU1701: Package 'ReactiveUI.WPF 18.4.1' was restored using '.NETFramework,Version=v4.6.1, .NETFramework,Version=v4.6.2, .NETFramework,Version=v4.7, .NETFramework,Version=v4.7.1, .NETFramework,Version=v4.7.2, .NETFramework,Version=v4.8, .NETFramework,Version=v4.8.1' instead of the project target framework 'net8.0'. This package may not be fully compatible with your project.
C:\Users\ultra\warewolf\Dev\Warewolf.Driver.Serilog.Tests\Warewolf.Driver.Serilog.Tests.csproj : warning NU1701: Package 'TaskSchedulerEditor 2.10.1' was restored using '.NETFramework,Version=v4.6.1, .NETFramework,Version=v4.6.2, .NETFramework,Version=v4.7, .NETFramework,Version=v4.7.1, .NETFramework,Version=v4.7.2, .NETFramework,Version=v4.8, .NETFramework,Version=v4.8.1' instead of the project target framework 'net8.0'. This package may not be fully compatible with your project.
C:\Users\ultra\warewolf\Dev\Dev2.Common\Dev2.Common.csproj : warning NU1903: Package 'Microsoft.Windows.Compatibility' 6.0.0 has a known high severity vulnerability, https://github.com/advisories/GHSA-555c-2p6r-68mm
C:\Users\ultra\warewolf\Dev\Dev2.Common\Dev2.Common.csproj : warning NU1701: Package 'AeroWizard 2.3.1' was restored using '.NETFramework,Version=v4.6.1, .NETFramework,Version=v4.6.2, .NETFramework,Version=v4.7, .NETFramework,Version=v4.7.1, .NETFramework,Version=v4.7.2, .NETFramework,Version=v4.8, .NETFramework,Version=v4.8.1' instead of the project target framework 'net8.0'. This package may not be fully compatible with your project.
C:\Users\ultra\warewolf\Dev\Dev2.Common\Dev2.Common.csproj : warning NU1701: Package 'GroupControls 1.9.0' was restored using '.NETFramework,Version=v4.6.1, .NETFramework,Version=v4.6.2, .NETFramework,Version=v4.7, .NETFramework,Version=v4.7.1, .NETFramework,Version=v4.7.2, .NETFramework,Version=v4.8, .NETFramework,Version=v4.8.1' instead of the project target framework 'net8.0'. This package may not be fully compatible with your project.
C:\Users\ultra\warewolf\Dev\Dev2.Common\Dev2.Common.csproj : warning NU1701: Package 'TaskSchedulerEditor 2.10.1' was restored using '.NETFramework,Version=v4.6.1, .NETFramework,Version=v4.6.2, .NETFramework,Version=v4.7, .NETFramework,Version=v4.7.1, .NETFramework,Version=v4.7.2, .NETFramework,Version=v4.8, .NETFramework,Version=v4.8.1' instead of the project target framework 'net8.0'. This package may not be fully compatible with your project.
C:\Users\ultra\warewolf\Dev\Dev2.Core\Dev2.Core.csproj : warning NU1903: Package 'Microsoft.Windows.Compatibility' 6.0.0 has a known high severity vulnerability, https://github.com/advisories/GHSA-555c-2p6r-68mm
C:\Users\ultra\warewolf\Dev\Dev2.Core\Dev2.Core.csproj : warning NU1701: Package 'AeroWizard 2.3.1' was restored using '.NETFramework,Version=v4.6.1, .NETFramework,Version=v4.6.2, .NETFramework,Version=v4.7, .NETFramework,Version=v4.7.1, .NETFramework,Version=v4.7.2, .NETFramework,Version=v4.8, .NETFramework,Version=v4.8.1' instead of the project target framework 'net8.0'. This package may not be fully compatible with your project.
C:\Users\ultra\warewolf\Dev\Dev2.Core\Dev2.Core.csproj : warning NU1701: Package 'GroupControls 1.9.0' was restored using '.NETFramework,Version=v4.6.1, .NETFramework,Version=v4.6.2, .NETFramework,Version=v4.7, .NETFramework,Version=v4.7.1, .NETFramework,Version=v4.7.2, .NETFramework,Version=v4.8, .NETFramework,Version=v4.8.1' instead of the project target framework 'net8.0'. This package may not be fully compatible with your project.
C:\Users\ultra\warewolf\Dev\Dev2.Core\Dev2.Core.csproj : warning NU1701: Package 'ReactiveUI.WPF 18.4.1' was restored using '.NETFramework,Version=v4.6.1, .NETFramework,Version=v4.6.2, .NETFramework,Version=v4.7, .NETFramework,Version=v4.7.1, .NETFramework,Version=v4.7.2, .NETFramework,Version=v4.8, .NETFramework,Version=v4.8.1' instead of the project target framework 'net8.0'. This package may not be fully compatible with your project.
C:\Users\ultra\warewolf\Dev\Dev2.Core\Dev2.Core.csproj : warning NU1701: Package 'TaskSchedulerEditor 2.10.1' was restored using '.NETFramework,Version=v4.6.1, .NETFramework,Version=v4.6.2, .NETFramework,Version=v4.7, .NETFramework,Version=v4.7.1, .NETFramework,Version=v4.7.2, .NETFramework,Version=v4.8, .NETFramework,Version=v4.8.1' instead of the project target framework 'net8.0'. This package may not be fully compatible with your project.
C:\Users\ultra\warewolf\Dev\Warewolf.Auditing\Warewolf.Auditing.csproj : warning NU1701: Package 'AeroWizard 2.3.1' was restored using '.NETFramework,Version=v4.6.1, .NETFramework,Version=v4.6.2, .NETFramework,Version=v4.7, .NETFramework,Version=v4.7.1, .NETFramework,Version=v4.7.2, .NETFramework,Version=v4.8, .NETFramework,Version=v4.8.1' instead of the project target framework 'net8.0'. This package may not be fully compatible with your project.
C:\Users\ultra\warewolf\Dev\Warewolf.Auditing\Warewolf.Auditing.csproj : warning NU1701: Package 'GroupControls 1.9.0' was restored using '.NETFramework,Version=v4.6.1, .NETFramework,Version=v4.6.2, .NETFramework,Version=v4.7, .NETFramework,Version=v4.7.1, .NETFramework,Version=v4.7.2, .NETFramework,Version=v4.8, .NETFramework,Version=v4.8.1' instead of the project target framework 'net8.0'. This package may not be fully compatible with your project.
C:\Users\ultra\warewolf\Dev\Warewolf.Auditing\Warewolf.Auditing.csproj : warning NU1701: Package 'ReactiveUI.WPF 18.4.1' was restored using '.NETFramework,Version=v4.6.1, .NETFramework,Version=v4.6.2, .NETFramework,Version=v4.7, .NETFramework,Version=v4.7.1, .NETFramework,Version=v4.7.2, .NETFramework,Version=v4.8, .NETFramework,Version=v4.8.1' instead of the project target framework 'net8.0'. This package may not be fully compatible with your project.
C:\Users\ultra\warewolf\Dev\Warewolf.Auditing\Warewolf.Auditing.csproj : warning NU1701: Package 'TaskSchedulerEditor 2.10.1' was restored using '.NETFramework,Version=v4.6.1, .NETFramework,Version=v4.6.2, .NETFramework,Version=v4.7, .NETFramework,Version=v4.7.1, .NETFramework,Version=v4.7.2, .NETFramework,Version=v4.8, .NETFramework,Version=v4.8.1' instead of the project target framework 'net8.0'. This package may not be fully compatible with your project.
C:\Users\ultra\warewolf\Dev\Warewolf.Core\Warewolf.Core.csproj : warning NU1903: Package 'Microsoft.Windows.Compatibility' 6.0.0 has a known high severity vulnerability, https://github.com/advisories/GHSA-555c-2p6r-68mm
C:\Users\ultra\warewolf\Dev\Warewolf.Core\Warewolf.Core.csproj : warning NU1701: Package 'AeroWizard 2.3.1' was restored using '.NETFramework,Version=v4.6.1, .NETFramework,Version=v4.6.2, .NETFramework,Version=v4.7, .NETFramework,Version=v4.7.1, .NETFramework,Version=v4.7.2, .NETFramework,Version=v4.8, .NETFramework,Version=v4.8.1' instead of the project target framework 'net8.0'. This package may not be fully compatible with your project.
C:\Users\ultra\warewolf\Dev\Warewolf.Core\Warewolf.Core.csproj : warning NU1701: Package 'GroupControls 1.9.0' was restored using '.NETFramework,Version=v4.6.1, .NETFramework,Version=v4.6.2, .NETFramework,Version=v4.7, .NETFramework,Version=v4.7.1, .NETFramework,Version=v4.7.2, .NETFramework,Version=v4.8, .NETFramework,Version=v4.8.1' instead of the project target framework 'net8.0'. This package may not be fully compatible with your project.
C:\Users\ultra\warewolf\Dev\Warewolf.Core\Warewolf.Core.csproj : warning NU1701: Package 'ReactiveUI.WPF 18.4.1' was restored using '.NETFramework,Version=v4.6.1, .NETFramework,Version=v4.6.2, .NETFramework,Version=v4.7, .NETFramework,Version=v4.7.1, .NETFramework,Version=v4.7.2, .NETFramework,Version=v4.8, .NETFramework,Version=v4.8.1' instead of the project target framework 'net8.0'. This package may not be fully compatible with your project.
C:\Users\ultra\warewolf\Dev\Warewolf.Core\Warewolf.Core.csproj : warning NU1701: Package 'TaskSchedulerEditor 2.10.1' was restored using '.NETFramework,Version=v4.6.1, .NETFramework,Version=v4.6.2, .NETFramework,Version=v4.7, .NETFramework,Version=v4.7.1, .NETFramework,Version=v4.7.2, .NETFramework,Version=v4.8, .NETFramework,Version=v4.8.1' instead of the project target framework 'net8.0'. This package may not be fully compatible with your project.
C:\Users\ultra\warewolf\Dev\Warewolf.Driver.Serilog\Warewolf.Driver.Serilog.csproj : warning NU1701: Package 'AeroWizard 2.3.1' was restored using '.NETFramework,Version=v4.6.1, .NETFramework,Version=v4.6.2, .NETFramework,Version=v4.7, .NETFramework,Version=v4.7.1, .NETFramework,Version=v4.7.2, .NETFramework,Version=v4.8, .NETFramework,Version=v4.8.1' instead of the project target framework 'net8.0'. This package may not be fully compatible with your project.
C:\Users\ultra\warewolf\Dev\Dev2.Data.Interfaces\Dev2.Data.Interfaces.csproj : warning NU1903: Package 'DotNetZip' 1.16.0 has a known high severity vulnerability, https://github.com/advisories/GHSA-xhg6-9j5j-w4vf
C:\Users\ultra\warewolf\Dev\Dev2.Data.Interfaces\Dev2.Data.Interfaces.csproj : warning NU1701: Package 'AeroWizard 2.3.1' was restored using '.NETFramework,Version=v4.6.1, .NETFramework,Version=v4.6.2, .NETFramework,Version=v4.7, .NETFramework,Version=v4.7.1, .NETFramework,Version=v4.7.2, .NETFramework,Version=v4.8, .NETFramework,Version=v4.8.1' instead of the project target framework 'net8.0'. This package may not be fully compatible with your project.
C:\Users\ultra\warewolf\Dev\Dev2.Data.Interfaces\Dev2.Data.Interfaces.csproj : warning NU1701: Package 'GroupControls 1.9.0' was restored using '.NETFramework,Version=v4.6.1, .NETFramework,Version=v4.6.2, .NETFramework,Version=v4.7, .NETFramework,Version=v4.7.1, .NETFramework,Version=v4.7.2, .NETFramework,Version=v4.8, .NETFramework,Version=v4.8.1' instead of the project target framework 'net8.0'. This package may not be fully compatible with your project.
C:\Users\ultra\warewolf\Dev\Dev2.Data.Interfaces\Dev2.Data.Interfaces.csproj : warning NU1701: Package 'TaskSchedulerEditor 2.10.1' was restored using '.NETFramework,Version=v4.6.1, .NETFramework,Version=v4.6.2, .NETFramework,Version=v4.7, .NETFramework,Version=v4.7.1, .NETFramework,Version=v4.7.2, .NETFramework,Version=v4.8, .NETFramework,Version=v4.8.1' instead of the project target framework 'net8.0'. This package may not be fully compatible with your project.
C:\Users\ultra\warewolf\Dev\Warewolf.Driver.Serilog\Warewolf.Driver.Serilog.csproj : warning NU1701: Package 'GroupControls 1.9.0' was restored using '.NETFramework,Version=v4.6.1, .NETFramework,Version=v4.6.2, .NETFramework,Version=v4.7, .NETFramework,Version=v4.7.1, .NETFramework,Version=v4.7.2, .NETFramework,Version=v4.8, .NETFramework,Version=v4.8.1' instead of the project target framework 'net8.0'. This package may not be fully compatible with your project.
C:\Users\ultra\warewolf\Dev\Warewolf.Driver.Serilog\Warewolf.Driver.Serilog.csproj : warning NU1701: Package 'ReactiveUI.WPF 18.4.1' was restored using '.NETFramework,Version=v4.6.1, .NETFramework,Version=v4.6.2, .NETFramework,Version=v4.7, .NETFramework,Version=v4.7.1, .NETFramework,Version=v4.7.2, .NETFramework,Version=v4.8, .NETFramework,Version=v4.8.1' instead of the project target framework 'net8.0'. This package may not be fully compatible with your project.
C:\Users\ultra\warewolf\Dev\Warewolf.Driver.Serilog\Warewolf.Driver.Serilog.csproj : warning NU1701: Package 'TaskSchedulerEditor 2.10.1' was restored using '.NETFramework,Version=v4.6.1, .NETFramework,Version=v4.6.2, .NETFramework,Version=v4.7, .NETFramework,Version=v4.7.1, .NETFramework,Version=v4.7.2, .NETFramework,Version=v4.8, .NETFramework,Version=v4.8.1' instead of the project target framework 'net8.0'. This package may not be fully compatible with your project.
C:\Users\ultra\warewolf\Dev\Dev2.Common.Interfaces\Dev2.Common.Interfaces.csproj : warning NU1903: Package 'Microsoft.Windows.Compatibility' 6.0.0 has a known high severity vulnerability, https://github.com/advisories/GHSA-555c-2p6r-68mm
C:\Users\ultra\warewolf\Dev\Dev2.Common.Interfaces\Dev2.Common.Interfaces.csproj : warning NU1701: Package 'AeroWizard 2.3.1' was restored using '.NETFramework,Version=v4.6.1, .NETFramework,Version=v4.6.2, .NETFramework,Version=v4.7, .NETFramework,Version=v4.7.1, .NETFramework,Version=v4.7.2, .NETFramework,Version=v4.8, .NETFramework,Version=v4.8.1' instead of the project target framework 'net8.0'. This package may not be fully compatible with your project.
C:\Users\ultra\warewolf\Dev\Dev2.Common.Interfaces\Dev2.Common.Interfaces.csproj : warning NU1701: Package 'GroupControls 1.9.0' was restored using '.NETFramework,Version=v4.6.1, .NETFramework,Version=v4.6.2, .NETFramework,Version=v4.7, .NETFramework,Version=v4.7.1, .NETFramework,Version=v4.7.2, .NETFramework,Version=v4.8, .NETFramework,Version=v4.8.1' instead of the project target framework 'net8.0'. This package may not be fully compatible with your project.
C:\Users\ultra\warewolf\Dev\Dev2.Common.Interfaces\Dev2.Common.Interfaces.csproj : warning NU1701: Package 'TaskSchedulerEditor 2.10.1' was restored using '.NETFramework,Version=v4.6.1, .NETFramework,Version=v4.6.2, .NETFramework,Version=v4.7, .NETFramework,Version=v4.7.1, .NETFramework,Version=v4.7.2, .NETFramework,Version=v4.8, .NETFramework,Version=v4.8.1' instead of the project target framework 'net8.0'. This package may not be fully compatible with your project.
C:\Users\ultra\warewolf\Dev\Dev2.Activities\Dev2.Activities.csproj : warning NU1903: Package 'Microsoft.Windows.Compatibility' 6.0.0 has a known high severity vulnerability, https://github.com/advisories/GHSA-555c-2p6r-68mm
C:\Users\ultra\warewolf\Dev\Dev2.Activities\Dev2.Activities.csproj : warning NU1701: Package 'AeroWizard 2.3.1' was restored using '.NETFramework,Version=v4.6.1, .NETFramework,Version=v4.6.2, .NETFramework,Version=v4.7, .NETFramework,Version=v4.7.1, .NETFramework,Version=v4.7.2, .NETFramework,Version=v4.8, .NETFramework,Version=v4.8.1' instead of the project target framework 'net8.0'. This package may not be fully compatible with your project.
C:\Users\ultra\warewolf\Dev\Dev2.Activities\Dev2.Activities.csproj : warning NU1701: Package 'GroupControls 1.9.0' was restored using '.NETFramework,Version=v4.6.1, .NETFramework,Version=v4.6.2, .NETFramework,Version=v4.7, .NETFramework,Version=v4.7.1, .NETFramework,Version=v4.7.2, .NETFramework,Version=v4.8, .NETFramework,Version=v4.8.1' instead of the project target framework 'net8.0'. This package may not be fully compatible with your project.
C:\Users\ultra\warewolf\Dev\Dev2.Activities\Dev2.Activities.csproj : warning NU1701: Package 'ReactiveUI.WPF 18.4.1' was restored using '.NETFramework,Version=v4.6.1, .NETFramework,Version=v4.6.2, .NETFramework,Version=v4.7, .NETFramework,Version=v4.7.1, .NETFramework,Version=v4.7.2, .NETFramework,Version=v4.8, .NETFramework,Version=v4.8.1' instead of the project target framework 'net8.0'. This package may not be fully compatible with your project.
C:\Users\ultra\warewolf\Dev\Dev2.Activities\Dev2.Activities.csproj : warning NU1701: Package 'TaskSchedulerEditor 2.10.1' was restored using '.NETFramework,Version=v4.6.1, .NETFramework,Version=v4.6.2, .NETFramework,Version=v4.7, .NETFramework,Version=v4.7.1, .NETFramework,Version=v4.7.2, .NETFramework,Version=v4.8, .NETFramework,Version=v4.8.1' instead of the project target framework 'net8.0'. This package may not be fully compatible with your project.
C:\Users\ultra\warewolf\Dev\Dev2.Infrastructure\Dev2.Infrastructure.csproj : warning NU1903: Package 'Microsoft.Windows.Compatibility' 6.0.0 has a known high severity vulnerability, https://github.com/advisories/GHSA-555c-2p6r-68mm
C:\Users\ultra\warewolf\Dev\Dev2.Infrastructure\Dev2.Infrastructure.csproj : warning NU1701: Package 'AeroWizard 2.3.1' was restored using '.NETFramework,Version=v4.6.1, .NETFramework,Version=v4.6.2, .NETFramework,Version=v4.7, .NETFramework,Version=v4.7.1, .NETFramework,Version=v4.7.2, .NETFramework,Version=v4.8, .NETFramework,Version=v4.8.1' instead of the project target framework 'net8.0'. This package may not be fully compatible with your project.
C:\Users\ultra\warewolf\Dev\Dev2.Infrastructure\Dev2.Infrastructure.csproj : warning NU1701: Package 'GroupControls 1.9.0' was restored using '.NETFramework,Version=v4.6.1, .NETFramework,Version=v4.6.2, .NETFramework,Version=v4.7, .NETFramework,Version=v4.7.1, .NETFramework,Version=v4.7.2, .NETFramework,Version=v4.8, .NETFramework,Version=v4.8.1' instead of the project target framework 'net8.0'. This package may not be fully compatible with your project.
C:\Users\ultra\warewolf\Dev\Dev2.Infrastructure\Dev2.Infrastructure.csproj : warning NU1701: Package 'ReactiveUI.WPF 18.4.1' was restored using '.NETFramework,Version=v4.6.1, .NETFramework,Version=v4.6.2, .NETFramework,Version=v4.7, .NETFramework,Version=v4.7.1, .NETFramework,Version=v4.7.2, .NETFramework,Version=v4.8, .NETFramework,Version=v4.8.1' instead of the project target framework 'net8.0'. This package may not be fully compatible with your project.
C:\Users\ultra\warewolf\Dev\Dev2.Infrastructure\Dev2.Infrastructure.csproj : warning NU1701: Package 'TaskSchedulerEditor 2.10.1' was restored using '.NETFramework,Version=v4.6.1, .NETFramework,Version=v4.6.2, .NETFramework,Version=v4.7, .NETFramework,Version=v4.7.1, .NETFramework,Version=v4.7.2, .NETFramework,Version=v4.8, .NETFramework,Version=v4.8.1' instead of the project target framework 'net8.0'. This package may not be fully compatible with your project.
C:\Users\ultra\warewolf\Dev\Warewolf.Language.Parser\Warewolf.Language.Parser.fsproj : warning NU1504: Duplicate 'PackageReference' items found. Remove the duplicate items or use the Update functionality to ensure a consistent restore behavior. The duplicate 'PackageReference' items are: FSharp.Core 10.1.201, FSharp.Core 4.6.2.
C:\Users\ultra\warewolf\Dev\Warewolf.Common.Framework48\Warewolf.Common.Framework48.csproj : warning NU1902: Package 'System.IdentityModel.Tokens.Jwt' 5.1.0 has a known moderate severity vulnerability, https://github.com/advisories/GHSA-59j7-ghrg-fj52
C:\Users\ultra\warewolf\Dev\Warewolf.Common.Framework48\Warewolf.Common.Framework48.csproj : warning NU1701: Package 'AeroWizard 2.3.1' was restored using '.NETFramework,Version=v4.6.1, .NETFramework,Version=v4.6.2, .NETFramework,Version=v4.7, .NETFramework,Version=v4.7.1, .NETFramework,Version=v4.7.2, .NETFramework,Version=v4.8, .NETFramework,Version=v4.8.1' instead of the project target framework 'net8.0'. This package may not be fully compatible with your project.
C:\Users\ultra\warewolf\Dev\Warewolf.Common.Framework48\Warewolf.Common.Framework48.csproj : warning NU1701: Package 'GroupControls 1.9.0' was restored using '.NETFramework,Version=v4.6.1, .NETFramework,Version=v4.6.2, .NETFramework,Version=v4.7, .NETFramework,Version=v4.7.1, .NETFramework,Version=v4.7.2, .NETFramework,Version=v4.8, .NETFramework,Version=v4.8.1' instead of the project target framework 'net8.0'. This package may not be fully compatible with your project.
C:\Users\ultra\warewolf\Dev\Warewolf.Common.Framework48\Warewolf.Common.Framework48.csproj : warning NU1701: Package 'Microsoft.Xaml.Behaviors.Wpf 1.1.122' was restored using '.NETFramework,Version=v4.6.1, .NETFramework,Version=v4.6.2, .NETFramework,Version=v4.7, .NETFramework,Version=v4.7.1, .NETFramework,Version=v4.7.2, .NETFramework,Version=v4.8, .NETFramework,Version=v4.8.1' instead of the project target framework 'net8.0'. This package may not be fully compatible with your project.
C:\Users\ultra\warewolf\Dev\Warewolf.Common.Framework48\Warewolf.Common.Framework48.csproj : warning NU1701: Package 'Prism.Wpf 9.0.537' was restored using '.NETFramework,Version=v4.6.1, .NETFramework,Version=v4.6.2, .NETFramework,Version=v4.7, .NETFramework,Version=v4.7.1, .NETFramework,Version=v4.7.2, .NETFramework,Version=v4.8, .NETFramework,Version=v4.8.1' instead of the project target framework 'net8.0'. This package may not be fully compatible with your project.
C:\Users\ultra\warewolf\Dev\Warewolf.Common.Framework48\Warewolf.Common.Framework48.csproj : warning NU1701: Package 'ReactiveUI.WPF 18.4.1' was restored using '.NETFramework,Version=v4.6.1, .NETFramework,Version=v4.6.2, .NETFramework,Version=v4.7, .NETFramework,Version=v4.7.1, .NETFramework,Version=v4.7.2, .NETFramework,Version=v4.8, .NETFramework,Version=v4.8.1' instead of the project target framework 'net8.0'. This package may not be fully compatible with your project.
C:\Users\ultra\warewolf\Dev\Warewolf.Common.Framework48\Warewolf.Common.Framework48.csproj : warning NU1701: Package 'TaskSchedulerEditor 2.10.1' was restored using '.NETFramework,Version=v4.6.1, .NETFramework,Version=v4.6.2, .NETFramework,Version=v4.7, .NETFramework,Version=v4.7.1, .NETFramework,Version=v4.7.2, .NETFramework,Version=v4.8, .NETFramework,Version=v4.8.1' instead of the project target framework 'net8.0'. This package may not be fully compatible with your project.
C:\Users\ultra\warewolf\Dev\Dev2.Services.Sql\Dev2.Services.Sql.csproj : warning NU1903: Package 'Oracle.ManagedDataAccess.Core' 3.21.70 has a known high severity vulnerability, https://github.com/advisories/GHSA-5pm2-9mr2-3frq
C:\Users\ultra\warewolf\Dev\Dev2.Services.Sql\Dev2.Services.Sql.csproj : warning NU1701: Package 'AeroWizard 2.3.1' was restored using '.NETFramework,Version=v4.6.1, .NETFramework,Version=v4.6.2, .NETFramework,Version=v4.7, .NETFramework,Version=v4.7.1, .NETFramework,Version=v4.7.2, .NETFramework,Version=v4.8, .NETFramework,Version=v4.8.1' instead of the project target framework 'net8.0'. This package may not be fully compatible with your project.
C:\Users\ultra\warewolf\Dev\Dev2.Services.Sql\Dev2.Services.Sql.csproj : warning NU1701: Package 'GroupControls 1.9.0' was restored using '.NETFramework,Version=v4.6.1, .NETFramework,Version=v4.6.2, .NETFramework,Version=v4.7, .NETFramework,Version=v4.7.1, .NETFramework,Version=v4.7.2, .NETFramework,Version=v4.8, .NETFramework,Version=v4.8.1' instead of the project target framework 'net8.0'. This package may not be fully compatible with your project.
C:\Users\ultra\warewolf\Dev\Dev2.Services.Sql\Dev2.Services.Sql.csproj : warning NU1701: Package 'ReactiveUI.WPF 18.4.1' was restored using '.NETFramework,Version=v4.6.1, .NETFramework,Version=v4.6.2, .NETFramework,Version=v4.7, .NETFramework,Version=v4.7.1, .NETFramework,Version=v4.7.2, .NETFramework,Version=v4.8, .NETFramework,Version=v4.8.1' instead of the project target framework 'net8.0'. This package may not be fully compatible with your project.
C:\Users\ultra\warewolf\Dev\Dev2.Services.Sql\Dev2.Services.Sql.csproj : warning NU1701: Package 'TaskSchedulerEditor 2.10.1' was restored using '.NETFramework,Version=v4.6.1, .NETFramework,Version=v4.6.2, .NETFramework,Version=v4.7, .NETFramework,Version=v4.7.1, .NETFramework,Version=v4.7.2, .NETFramework,Version=v4.8, .NETFramework,Version=v4.8.1' instead of the project target framework 'net8.0'. This package may not be fully compatible with your project.
C:\Users\ultra\warewolf\Dev\Dev2.Data\Dev2.Data.csproj : warning NU1701: Package 'AeroWizard 2.3.1' was restored using '.NETFramework,Version=v4.6.1, .NETFramework,Version=v4.6.2, .NETFramework,Version=v4.7, .NETFramework,Version=v4.7.1, .NETFramework,Version=v4.7.2, .NETFramework,Version=v4.8, .NETFramework,Version=v4.8.1' instead of the project target framework 'net8.0'. This package may not be fully compatible with your project.
C:\Users\ultra\warewolf\Dev\Dev2.Data\Dev2.Data.csproj : warning NU1701: Package 'GroupControls 1.9.0' was restored using '.NETFramework,Version=v4.6.1, .NETFramework,Version=v4.6.2, .NETFramework,Version=v4.7, .NETFramework,Version=v4.7.1, .NETFramework,Version=v4.7.2, .NETFramework,Version=v4.8, .NETFramework,Version=v4.8.1' instead of the project target framework 'net8.0'. This package may not be fully compatible with your project.
C:\Users\ultra\warewolf\Dev\Dev2.Data\Dev2.Data.csproj : warning NU1701: Package 'ReactiveUI.WPF 18.4.1' was restored using '.NETFramework,Version=v4.6.1, .NETFramework,Version=v4.6.2, .NETFramework,Version=v4.7, .NETFramework,Version=v4.7.1, .NETFramework,Version=v4.7.2, .NETFramework,Version=v4.8, .NETFramework,Version=v4.8.1' instead of the project target framework 'net8.0'. This package may not be fully compatible with your project.
C:\Users\ultra\warewolf\Dev\Dev2.Data\Dev2.Data.csproj : warning NU1701: Package 'TaskSchedulerEditor 2.10.1' was restored using '.NETFramework,Version=v4.6.1, .NETFramework,Version=v4.6.2, .NETFramework,Version=v4.7, .NETFramework,Version=v4.7.1, .NETFramework,Version=v4.7.2, .NETFramework,Version=v4.8, .NETFramework,Version=v4.8.1' instead of the project target framework 'net8.0'. This package may not be fully compatible with your project.
C:\Users\ultra\warewolf\Dev\Dev2.Infrastructure.Tests\Dev2.Infrastructure.Tests.csproj : warning NU1701: Package 'AeroWizard 2.3.1' was restored using '.NETFramework,Version=v4.6.1, .NETFramework,Version=v4.6.2, .NETFramework,Version=v4.7, .NETFramework,Version=v4.7.1, .NETFramework,Version=v4.7.2, .NETFramework,Version=v4.8, .NETFramework,Version=v4.8.1' instead of the project target framework 'net8.0'. This package may not be fully compatible with your project.
C:\Users\ultra\warewolf\Dev\Dev2.Infrastructure.Tests\Dev2.Infrastructure.Tests.csproj : warning NU1701: Package 'GroupControls 1.9.0' was restored using '.NETFramework,Version=v4.6.1, .NETFramework,Version=v4.6.2, .NETFramework,Version=v4.7, .NETFramework,Version=v4.7.1, .NETFramework,Version=v4.7.2, .NETFramework,Version=v4.8, .NETFramework,Version=v4.8.1' instead of the project target framework 'net8.0'. This package may not be fully compatible with your project.
C:\Users\ultra\warewolf\Dev\Dev2.Infrastructure.Tests\Dev2.Infrastructure.Tests.csproj : warning NU1701: Package 'Microsoft.Xaml.Behaviors.Wpf 1.1.122' was restored using '.NETFramework,Version=v4.6.1, .NETFramework,Version=v4.6.2, .NETFramework,Version=v4.7, .NETFramework,Version=v4.7.1, .NETFramework,Version=v4.7.2, .NETFramework,Version=v4.8, .NETFramework,Version=v4.8.1' instead of the project target framework 'net8.0'. This package may not be fully compatible with your project.
C:\Users\ultra\warewolf\Dev\Dev2.Infrastructure.Tests\Dev2.Infrastructure.Tests.csproj : warning NU1701: Package 'Prism.Wpf 9.0.537' was restored using '.NETFramework,Version=v4.6.1, .NETFramework,Version=v4.6.2, .NETFramework,Version=v4.7, .NETFramework,Version=v4.7.1, .NETFramework,Version=v4.7.2, .NETFramework,Version=v4.8, .NETFramework,Version=v4.8.1' instead of the project target framework 'net8.0'. This package may not be fully compatible with your project.
C:\Users\ultra\warewolf\Dev\Dev2.Infrastructure.Tests\Dev2.Infrastructure.Tests.csproj : warning NU1701: Package 'ReactiveUI.WPF 18.4.1' was restored using '.NETFramework,Version=v4.6.1, .NETFramework,Version=v4.6.2, .NETFramework,Version=v4.7, .NETFramework,Version=v4.7.1, .NETFramework,Version=v4.7.2, .NETFramework,Version=v4.8, .NETFramework,Version=v4.8.1' instead of the project target framework 'net8.0'. This package may not be fully compatible with your project.
C:\Users\ultra\warewolf\Dev\Dev2.Infrastructure.Tests\Dev2.Infrastructure.Tests.csproj : warning NU1701: Package 'TaskSchedulerEditor 2.10.1' was restored using '.NETFramework,Version=v4.6.1, .NETFramework,Version=v4.6.2, .NETFramework,Version=v4.7, .NETFramework,Version=v4.7.1, .NETFramework,Version=v4.7.2, .NETFramework,Version=v4.8, .NETFramework,Version=v4.8.1' instead of the project target framework 'net8.0'. This package may not be fully compatible with your project.
C:\Users\ultra\warewolf\Dev\Warewolf.Logger\Warewolf.Logger.csproj : warning NU1701: Package 'AeroWizard 2.3.1' was restored using '.NETFramework,Version=v4.6.1, .NETFramework,Version=v4.6.2, .NETFramework,Version=v4.7, .NETFramework,Version=v4.7.1, .NETFramework,Version=v4.7.2, .NETFramework,Version=v4.8, .NETFramework,Version=v4.8.1' instead of the project target framework 'net8.0'. This package may not be fully compatible with your project.
C:\Users\ultra\warewolf\Dev\Dev2.Diagnostics\Dev2.Diagnostics.csproj : warning NU1701: Package 'AeroWizard 2.3.1' was restored using '.NETFramework,Version=v4.6.1, .NETFramework,Version=v4.6.2, .NETFramework,Version=v4.7, .NETFramework,Version=v4.7.1, .NETFramework,Version=v4.7.2, .NETFramework,Version=v4.8, .NETFramework,Version=v4.8.1' instead of the project target framework 'net8.0'. This package may not be fully compatible with your project.
C:\Users\ultra\warewolf\Dev\Dev2.Diagnostics\Dev2.Diagnostics.csproj : warning NU1701: Package 'GroupControls 1.9.0' was restored using '.NETFramework,Version=v4.6.1, .NETFramework,Version=v4.6.2, .NETFramework,Version=v4.7, .NETFramework,Version=v4.7.1, .NETFramework,Version=v4.7.2, .NETFramework,Version=v4.8, .NETFramework,Version=v4.8.1' instead of the project target framework 'net8.0'. This package may not be fully compatible with your project.
C:\Users\ultra\warewolf\Dev\Dev2.Diagnostics\Dev2.Diagnostics.csproj : warning NU1701: Package 'TaskSchedulerEditor 2.10.1' was restored using '.NETFramework,Version=v4.6.1, .NETFramework,Version=v4.6.2, .NETFramework,Version=v4.7, .NETFramework,Version=v4.7.1, .NETFramework,Version=v4.7.2, .NETFramework,Version=v4.8, .NETFramework,Version=v4.8.1' instead of the project target framework 'net8.0'. This package may not be fully compatible with your project.
C:\Users\ultra\warewolf\Dev\Warewolf.Logger\Warewolf.Logger.csproj : warning NU1701: Package 'GroupControls 1.9.0' was restored using '.NETFramework,Version=v4.6.1, .NETFramework,Version=v4.6.2, .NETFramework,Version=v4.7, .NETFramework,Version=v4.7.1, .NETFramework,Version=v4.7.2, .NETFramework,Version=v4.8, .NETFramework,Version=v4.8.1' instead of the project target framework 'net8.0'. This package may not be fully compatible with your project.
C:\Users\ultra\warewolf\Dev\Warewolf.Logger\Warewolf.Logger.csproj : warning NU1701: Package 'Microsoft.Xaml.Behaviors.Wpf 1.1.122' was restored using '.NETFramework,Version=v4.6.1, .NETFramework,Version=v4.6.2, .NETFramework,Version=v4.7, .NETFramework,Version=v4.7.1, .NETFramework,Version=v4.7.2, .NETFramework,Version=v4.8, .NETFramework,Version=v4.8.1' instead of the project target framework 'net8.0'. This package may not be fully compatible with your project.
C:\Users\ultra\warewolf\Dev\Warewolf.Logger\Warewolf.Logger.csproj : warning NU1701: Package 'Prism.Wpf 9.0.537' was restored using '.NETFramework,Version=v4.6.1, .NETFramework,Version=v4.6.2, .NETFramework,Version=v4.7, .NETFramework,Version=v4.7.1, .NETFramework,Version=v4.7.2, .NETFramework,Version=v4.8, .NETFramework,Version=v4.8.1' instead of the project target framework 'net8.0'. This package may not be fully compatible with your project.
C:\Users\ultra\warewolf\Dev\Warewolf.Logger\Warewolf.Logger.csproj : warning NU1701: Package 'ReactiveUI.WPF 18.4.1' was restored using '.NETFramework,Version=v4.6.1, .NETFramework,Version=v4.6.2, .NETFramework,Version=v4.7, .NETFramework,Version=v4.7.1, .NETFramework,Version=v4.7.2, .NETFramework,Version=v4.8, .NETFramework,Version=v4.8.1' instead of the project target framework 'net8.0'. This package may not be fully compatible with your project.
C:\Users\ultra\warewolf\Dev\Warewolf.Logger\Warewolf.Logger.csproj : warning NU1701: Package 'TaskSchedulerEditor 2.10.1' was restored using '.NETFramework,Version=v4.6.1, .NETFramework,Version=v4.6.2, .NETFramework,Version=v4.7, .NETFramework,Version=v4.7.1, .NETFramework,Version=v4.7.2, .NETFramework,Version=v4.8, .NETFramework,Version=v4.8.1' instead of the project target framework 'net8.0'. This package may not be fully compatible with your project.
  Dev2.Net6.Compatibility -> C:\Users\ultra\warewolf\Dev\Dev2.Net6.Compatibility\bin\Debug\net8.0\Dev2.Net6.Compatibility.dll
C:\Users\ultra\warewolf\Dev\Warewolf.Data\Warewolf.Data.csproj : warning NU1701: Package 'AeroWizard 2.3.1' was restored using '.NETFramework,Version=v4.6.1, .NETFramework,Version=v4.6.2, .NETFramework,Version=v4.7, .NETFramework,Version=v4.7.1, .NETFramework,Version=v4.7.2, .NETFramework,Version=v4.8, .NETFramework,Version=v4.8.1' instead of the project target framework 'net8.0'. This package may not be fully compatible with your project.
C:\Users\ultra\warewolf\Dev\Warewolf.Data\Warewolf.Data.csproj : warning NU1701: Package 'GroupControls 1.9.0' was restored using '.NETFramework,Version=v4.6.1, .NETFramework,Version=v4.6.2, .NETFramework,Version=v4.7, .NETFramework,Version=v4.7.1, .NETFramework,Version=v4.7.2, .NETFramework,Version=v4.8, .NETFramework,Version=v4.8.1' instead of the project target framework 'net8.0'. This package may not be fully compatible with your project.
C:\Users\ultra\warewolf\Dev\Warewolf.Data\Warewolf.Data.csproj : warning NU1701: Package 'TaskSchedulerEditor 2.10.1' was restored using '.NETFramework,Version=v4.6.1, .NETFramework,Version=v4.6.2, .NETFramework,Version=v4.7, .NETFramework,Version=v4.7.1, .NETFramework,Version=v4.7.2, .NETFramework,Version=v4.8, .NETFramework,Version=v4.8.1' instead of the project target framework 'net8.0'. This package may not be fully compatible with your project.
  Log4Net.Async -> C:\Users\ultra\warewolf\Dev\Log4Net.Async\bin\Debug\net8.0\Log4Net.Async.dll
C:\Program Files\dotnet\sdk\10.0.201\Sdks\Microsoft.NET.Sdk\targets\Microsoft.NET.Sdk.DefaultItems.targets(162,5): warning NETSDK1137: It is no longer necessary to use the Microsoft.NET.Sdk.WindowsDesktop SDK. Consider changing the Sdk attribute of the root Project element to 'Microsoft.NET.Sdk'. [C:\Users\ultra\warewolf\Dev\Dev2.CustomControls\Dev2.CustomControls.csproj]
C:\Program Files\dotnet\sdk\10.0.201\Sdks\Microsoft.NET.Sdk.WindowsDesktop\targets\Microsoft.NET.Sdk.WindowsDesktop.targets(138,5): warning NETSDK1106: Microsoft.NET.Sdk.WindowsDesktop requires 'UseWpf' or 'UseWindowsForms' to be set to 'true' [C:\Users\ultra\warewolf\Dev\Dev2.CustomControls\Dev2.CustomControls.csproj]
C:\Users\ultra\warewolf\Dev\Dev2.CustomControls\Dev2.CustomControls.csproj : warning NU1903: Package 'Microsoft.Windows.Compatibility' 6.0.0 has a known high severity vulnerability, https://github.com/advisories/GHSA-555c-2p6r-68mm
C:\Users\ultra\warewolf\Dev\Dev2.CustomControls\Dev2.CustomControls.csproj : warning NU1701: Package 'AeroWizard 2.3.1' was restored using '.NETFramework,Version=v4.6.1, .NETFramework,Version=v4.6.2, .NETFramework,Version=v4.7, .NETFramework,Version=v4.7.1, .NETFramework,Version=v4.7.2, .NETFramework,Version=v4.8, .NETFramework,Version=v4.8.1' instead of the project target framework 'net8.0'. This package may not be fully compatible with your project.
C:\Users\ultra\warewolf\Dev\Dev2.CustomControls\Dev2.CustomControls.csproj : warning NU1701: Package 'GroupControls 1.9.0' was restored using '.NETFramework,Version=v4.6.1, .NETFramework,Version=v4.6.2, .NETFramework,Version=v4.7, .NETFramework,Version=v4.7.1, .NETFramework,Version=v4.7.2, .NETFramework,Version=v4.8, .NETFramework,Version=v4.8.1' instead of the project target framework 'net8.0'. This package may not be fully compatible with your project.
C:\Users\ultra\warewolf\Dev\Dev2.CustomControls\Dev2.CustomControls.csproj : warning NU1701: Package 'TaskSchedulerEditor 2.10.1' was restored using '.NETFramework,Version=v4.6.1, .NETFramework,Version=v4.6.2, .NETFramework,Version=v4.7, .NETFramework,Version=v4.7.1, .NETFramework,Version=v4.7.2, .NETFramework,Version=v4.8, .NETFramework,Version=v4.8.1' instead of the project target framework 'net8.0'. This package may not be fully compatible with your project.
C:\Users\ultra\warewolf\Dev\Warewolf.Storage.Interfaces\Warewolf.Storage.Interfaces.csproj : warning NU1701: Package 'AeroWizard 2.3.1' was restored using '.NETFramework,Version=v4.6.1, .NETFramework,Version=v4.6.2, .NETFramework,Version=v4.7, .NETFramework,Version=v4.7.1, .NETFramework,Version=v4.7.2, .NETFramework,Version=v4.8, .NETFramework,Version=v4.8.1' instead of the project target framework 'net8.0'. This package may not be fully compatible with your project.
C:\Users\ultra\warewolf\Dev\Warewolf.Storage.Interfaces\Warewolf.Storage.Interfaces.csproj : warning NU1701: Package 'GroupControls 1.9.0' was restored using '.NETFramework,Version=v4.6.1, .NETFramework,Version=v4.6.2, .NETFramework,Version=v4.7, .NETFramework,Version=v4.7.1, .NETFramework,Version=v4.7.2, .NETFramework,Version=v4.8, .NETFramework,Version=v4.8.1' instead of the project target framework 'net8.0'. This package may not be fully compatible with your project.
C:\Users\ultra\warewolf\Dev\Warewolf.Storage.Interfaces\Warewolf.Storage.Interfaces.csproj : warning NU1701: Package 'TaskSchedulerEditor 2.10.1' was restored using '.NETFramework,Version=v4.6.1, .NETFramework,Version=v4.6.2, .NETFramework,Version=v4.7, .NETFramework,Version=v4.7.1, .NETFramework,Version=v4.7.2, .NETFramework,Version=v4.8, .NETFramework,Version=v4.8.1' instead of the project target framework 'net8.0'. This package may not be fully compatible with your project.
C:\Users\ultra\warewolf\Dev\Warewolf.Sharepoint\Warewolf.Sharepoint.csproj : warning NU1701: Package 'AeroWizard 2.3.1' was restored using '.NETFramework,Version=v4.6.1, .NETFramework,Version=v4.6.2, .NETFramework,Version=v4.7, .NETFramework,Version=v4.7.1, .NETFramework,Version=v4.7.2, .NETFramework,Version=v4.8, .NETFramework,Version=v4.8.1' instead of the project target framework 'net8.0'. This package may not be fully compatible with your project.
C:\Users\ultra\warewolf\Dev\Warewolf.Sharepoint\Warewolf.Sharepoint.csproj : warning NU1701: Package 'GroupControls 1.9.0' was restored using '.NETFramework,Version=v4.6.1, .NETFramework,Version=v4.6.2, .NETFramework,Version=v4.7, .NETFramework,Version=v4.7.1, .NETFramework,Version=v4.7.2, .NETFramework,Version=v4.8, .NETFramework,Version=v4.8.1' instead of the project target framework 'net8.0'. This package may not be fully compatible with your project.
C:\Users\ultra\warewolf\Dev\Warewolf.Sharepoint\Warewolf.Sharepoint.csproj : warning NU1701: Package 'ReactiveUI.WPF 18.4.1' was restored using '.NETFramework,Version=v4.6.1, .NETFramework,Version=v4.6.2, .NETFramework,Version=v4.7, .NETFramework,Version=v4.7.1, .NETFramework,Version=v4.7.2, .NETFramework,Version=v4.8, .NETFramework,Version=v4.8.1' instead of the project target framework 'net8.0'. This package may not be fully compatible with your project.
C:\Users\ultra\warewolf\Dev\Warewolf.Sharepoint\Warewolf.Sharepoint.csproj : warning NU1701: Package 'TaskSchedulerEditor 2.10.1' was restored using '.NETFramework,Version=v4.6.1, .NETFramework,Version=v4.6.2, .NETFramework,Version=v4.7, .NETFramework,Version=v4.7.1, .NETFramework,Version=v4.7.2, .NETFramework,Version=v4.8, .NETFramework,Version=v4.8.1' instead of the project target framework 'net8.0'. This package may not be fully compatible with your project.
C:\Users\ultra\warewolf\Dev\Warewolf.Storage\Warewolf.Storage.csproj : warning NU1701: Package 'AeroWizard 2.3.1' was restored using '.NETFramework,Version=v4.6.1, .NETFramework,Version=v4.6.2, .NETFramework,Version=v4.7, .NETFramework,Version=v4.7.1, .NETFramework,Version=v4.7.2, .NETFramework,Version=v4.8, .NETFramework,Version=v4.8.1' instead of the project target framework 'net8.0'. This package may not be fully compatible with your project.
C:\Users\ultra\warewolf\Dev\Warewolf.Storage\Warewolf.Storage.csproj : warning NU1701: Package 'GroupControls 1.9.0' was restored using '.NETFramework,Version=v4.6.1, .NETFramework,Version=v4.6.2, .NETFramework,Version=v4.7, .NETFramework,Version=v4.7.1, .NETFramework,Version=v4.7.2, .NETFramework,Version=v4.8, .NETFramework,Version=v4.8.1' instead of the project target framework 'net8.0'. This package may not be fully compatible with your project.
C:\Users\ultra\warewolf\Dev\Warewolf.Storage\Warewolf.Storage.csproj : warning NU1701: Package 'ReactiveUI.WPF 18.4.1' was restored using '.NETFramework,Version=v4.6.1, .NETFramework,Version=v4.6.2, .NETFramework,Version=v4.7, .NETFramework,Version=v4.7.1, .NETFramework,Version=v4.7.2, .NETFramework,Version=v4.8, .NETFramework,Version=v4.8.1' instead of the project target framework 'net8.0'. This package may not be fully compatible with your project.
C:\Users\ultra\warewolf\Dev\Warewolf.Storage\Warewolf.Storage.csproj : warning NU1701: Package 'TaskSchedulerEditor 2.10.1' was restored using '.NETFramework,Version=v4.6.1, .NETFramework,Version=v4.6.2, .NETFramework,Version=v4.7, .NETFramework,Version=v4.7.1, .NETFramework,Version=v4.7.2, .NETFramework,Version=v4.8, .NETFramework,Version=v4.8.1' instead of the project target framework 'net8.0'. This package may not be fully compatible with your project.
C:\Users\ultra\warewolf\Dev\Dev2.Runtime.Configuration\Dev2.Runtime.Configuration.csproj : warning NU1903: Package 'Microsoft.Windows.Compatibility' 6.0.0 has a known high severity vulnerability, https://github.com/advisories/GHSA-555c-2p6r-68mm
C:\Users\ultra\warewolf\Dev\Dev2.Runtime.Configuration\Dev2.Runtime.Configuration.csproj : warning NU1701: Package 'AeroWizard 2.3.1' was restored using '.NETFramework,Version=v4.6.1, .NETFramework,Version=v4.6.2, .NETFramework,Version=v4.7, .NETFramework,Version=v4.7.1, .NETFramework,Version=v4.7.2, .NETFramework,Version=v4.8, .NETFramework,Version=v4.8.1' instead of the project target framework 'net8.0'. This package may not be fully compatible with your project.
C:\Users\ultra\warewolf\Dev\Dev2.Runtime.Configuration\Dev2.Runtime.Configuration.csproj : warning NU1701: Package 'GroupControls 1.9.0' was restored using '.NETFramework,Version=v4.6.1, .NETFramework,Version=v4.6.2, .NETFramework,Version=v4.7, .NETFramework,Version=v4.7.1, .NETFramework,Version=v4.7.2, .NETFramework,Version=v4.8, .NETFramework,Version=v4.8.1' instead of the project target framework 'net8.0'. This package may not be fully compatible with your project.
C:\Users\ultra\warewolf\Dev\Dev2.Runtime.Configuration\Dev2.Runtime.Configuration.csproj : warning NU1701: Package 'TaskSchedulerEditor 2.10.1' was restored using '.NETFramework,Version=v4.6.1, .NETFramework,Version=v4.6.2, .NETFramework,Version=v4.7, .NETFramework,Version=v4.7.1, .NETFramework,Version=v4.7.2, .NETFramework,Version=v4.8, .NETFramework,Version=v4.8.1' instead of the project target framework 'net8.0'. This package may not be fully compatible with your project.
C:\Users\ultra\warewolf\Dev\Dev2.Util\Dev2.Util.csproj : warning NU1903: Package 'Microsoft.Windows.Compatibility' 6.0.0 has a known high severity vulnerability, https://github.com/advisories/GHSA-555c-2p6r-68mm
C:\Users\ultra\warewolf\Dev\Dev2.Util\Dev2.Util.csproj : warning NU1701: Package 'AeroWizard 2.3.1' was restored using '.NETFramework,Version=v4.6.1, .NETFramework,Version=v4.6.2, .NETFramework,Version=v4.7, .NETFramework,Version=v4.7.1, .NETFramework,Version=v4.7.2, .NETFramework,Version=v4.8, .NETFramework,Version=v4.8.1' instead of the project target framework 'net8.0'. This package may not be fully compatible with your project.
C:\Users\ultra\warewolf\Dev\Dev2.Util\Dev2.Util.csproj : warning NU1701: Package 'GroupControls 1.9.0' was restored using '.NETFramework,Version=v4.6.1, .NETFramework,Version=v4.6.2, .NETFramework,Version=v4.7, .NETFramework,Version=v4.7.1, .NETFramework,Version=v4.7.2, .NETFramework,Version=v4.8, .NETFramework,Version=v4.8.1' instead of the project target framework 'net8.0'. This package may not be fully compatible with your project.
C:\Users\ultra\warewolf\Dev\Dev2.Util\Dev2.Util.csproj : warning NU1701: Package 'TaskSchedulerEditor 2.10.1' was restored using '.NETFramework,Version=v4.6.1, .NETFramework,Version=v4.6.2, .NETFramework,Version=v4.7, .NETFramework,Version=v4.7.1, .NETFramework,Version=v4.7.2, .NETFramework,Version=v4.8, .NETFramework,Version=v4.8.1' instead of the project target framework 'net8.0'. This package may not be fully compatible with your project.
C:\Users\ultra\warewolf\Dev\Dev2.Scheduler\Dev2.Scheduler.csproj : warning NU1701: Package 'AeroWizard 2.3.1' was restored using '.NETFramework,Version=v4.6.1, .NETFramework,Version=v4.6.2, .NETFramework,Version=v4.7, .NETFramework,Version=v4.7.1, .NETFramework,Version=v4.7.2, .NETFramework,Version=v4.8, .NETFramework,Version=v4.8.1' instead of the project target framework 'net8.0'. This package may not be fully compatible with your project.
C:\Users\ultra\warewolf\Dev\Dev2.Scheduler\Dev2.Scheduler.csproj : warning NU1701: Package 'GroupControls 1.9.0' was restored using '.NETFramework,Version=v4.6.1, .NETFramework,Version=v4.6.2, .NETFramework,Version=v4.7, .NETFramework,Version=v4.7.1, .NETFramework,Version=v4.7.2, .NETFramework,Version=v4.8, .NETFramework,Version=v4.8.1' instead of the project target framework 'net8.0'. This package may not be fully compatible with your project.
C:\Users\ultra\warewolf\Dev\Dev2.Scheduler\Dev2.Scheduler.csproj : warning NU1701: Package 'ReactiveUI.WPF 18.4.1' was restored using '.NETFramework,Version=v4.6.1, .NETFramework,Version=v4.6.2, .NETFramework,Version=v4.7, .NETFramework,Version=v4.7.1, .NETFramework,Version=v4.7.2, .NETFramework,Version=v4.8, .NETFramework,Version=v4.8.1' instead of the project target framework 'net8.0'. This package may not be fully compatible with your project.
C:\Users\ultra\warewolf\Dev\Dev2.Scheduler\Dev2.Scheduler.csproj : warning NU1701: Package 'TaskSchedulerEditor 2.10.1' was restored using '.NETFramework,Version=v4.6.1, .NETFramework,Version=v4.6.2, .NETFramework,Version=v4.7, .NETFramework,Version=v4.7.1, .NETFramework,Version=v4.7.2, .NETFramework,Version=v4.8, .NETFramework,Version=v4.8.1' instead of the project target framework 'net8.0'. This package may not be fully compatible with your project.
C:\Users\ultra\warewolf\Dev\Warewolf.Exchange.Email.Wrapper\Warewolf.Exchange.Email.Wrapper.csproj : warning NU1701: Package 'AeroWizard 2.3.1' was restored using '.NETFramework,Version=v4.6.1, .NETFramework,Version=v4.6.2, .NETFramework,Version=v4.7, .NETFramework,Version=v4.7.1, .NETFramework,Version=v4.7.2, .NETFramework,Version=v4.8, .NETFramework,Version=v4.8.1' instead of the project target framework 'net8.0'. This package may not be fully compatible with your project.
C:\Users\ultra\warewolf\Dev\Warewolf.Exchange.Email.Wrapper\Warewolf.Exchange.Email.Wrapper.csproj : warning NU1701: Package 'GroupControls 1.9.0' was restored using '.NETFramework,Version=v4.6.1, .NETFramework,Version=v4.6.2, .NETFramework,Version=v4.7, .NETFramework,Version=v4.7.1, .NETFramework,Version=v4.7.2, .NETFramework,Version=v4.8, .NETFramework,Version=v4.8.1' instead of the project target framework 'net8.0'. This package may not be fully compatible with your project.
C:\Users\ultra\warewolf\Dev\Warewolf.Exchange.Email.Wrapper\Warewolf.Exchange.Email.Wrapper.csproj : warning NU1701: Package 'ReactiveUI.WPF 18.4.1' was restored using '.NETFramework,Version=v4.6.1, .NETFramework,Version=v4.6.2, .NETFramework,Version=v4.7, .NETFramework,Version=v4.7.1, .NETFramework,Version=v4.7.2, .NETFramework,Version=v4.8, .NETFramework,Version=v4.8.1' instead of the project target framework 'net8.0'. This package may not be fully compatible with your project.
C:\Users\ultra\warewolf\Dev\Warewolf.Exchange.Email.Wrapper\Warewolf.Exchange.Email.Wrapper.csproj : warning NU1701: Package 'TaskSchedulerEditor 2.10.1' was restored using '.NETFramework,Version=v4.6.1, .NETFramework,Version=v4.6.2, .NETFramework,Version=v4.7, .NETFramework,Version=v4.7.1, .NETFramework,Version=v4.7.2, .NETFramework,Version=v4.8, .NETFramework,Version=v4.8.1' instead of the project target framework 'net8.0'. This package may not be fully compatible with your project.
  GACManagerApi -> C:\Users\ultra\warewolf\Dev\GACManagerApi\bin\Debug\net8.0\GACManagerApi.dll
C:\Users\ultra\warewolf\Dev\Warewolf.Licensing\Warewolf.Licensing.csproj : warning NU1701: Package 'AeroWizard 2.3.1' was restored using '.NETFramework,Version=v4.6.1, .NETFramework,Version=v4.6.2, .NETFramework,Version=v4.7, .NETFramework,Version=v4.7.1, .NETFramework,Version=v4.7.2, .NETFramework,Version=v4.8, .NETFramework,Version=v4.8.1' instead of the project target framework 'net8.0'. This package may not be fully compatible with your project.
C:\Users\ultra\warewolf\Dev\Warewolf.Licensing\Warewolf.Licensing.csproj : warning NU1701: Package 'GroupControls 1.9.0' was restored using '.NETFramework,Version=v4.6.1, .NETFramework,Version=v4.6.2, .NETFramework,Version=v4.7, .NETFramework,Version=v4.7.1, .NETFramework,Version=v4.7.2, .NETFramework,Version=v4.8, .NETFramework,Version=v4.8.1' instead of the project target framework 'net8.0'. This package may not be fully compatible with your project.
C:\Users\ultra\warewolf\Dev\Warewolf.Licensing\Warewolf.Licensing.csproj : warning NU1701: Package 'TaskSchedulerEditor 2.10.1' was restored using '.NETFramework,Version=v4.6.1, .NETFramework,Version=v4.6.2, .NETFramework,Version=v4.7, .NETFramework,Version=v4.7.1, .NETFramework,Version=v4.7.2, .NETFramework,Version=v4.8, .NETFramework,Version=v4.8.1' instead of the project target framework 'net8.0'. This package may not be fully compatible with your project.
C:\Users\ultra\warewolf\Dev\Warewolf.Driver.Persistence\Warewolf.Driver.Persistence.csproj : warning NU1701: Package 'AeroWizard 2.3.1' was restored using '.NETFramework,Version=v4.6.1, .NETFramework,Version=v4.6.2, .NETFramework,Version=v4.7, .NETFramework,Version=v4.7.1, .NETFramework,Version=v4.7.2, .NETFramework,Version=v4.8, .NETFramework,Version=v4.8.1' instead of the project target framework 'net8.0'. This package may not be fully compatible with your project.
C:\Users\ultra\warewolf\Dev\Warewolf.Driver.Persistence\Warewolf.Driver.Persistence.csproj : warning NU1701: Package 'GroupControls 1.9.0' was restored using '.NETFramework,Version=v4.6.1, .NETFramework,Version=v4.6.2, .NETFramework,Version=v4.7, .NETFramework,Version=v4.7.1, .NETFramework,Version=v4.7.2, .NETFramework,Version=v4.8, .NETFramework,Version=v4.8.1' instead of the project target framework 'net8.0'. This package may not be fully compatible with your project.
C:\Users\ultra\warewolf\Dev\Warewolf.Driver.Persistence\Warewolf.Driver.Persistence.csproj : warning NU1701: Package 'ReactiveUI.WPF 18.4.1' was restored using '.NETFramework,Version=v4.6.1, .NETFramework,Version=v4.6.2, .NETFramework,Version=v4.7, .NETFramework,Version=v4.7.1, .NETFramework,Version=v4.7.2, .NETFramework,Version=v4.8, .NETFramework,Version=v4.8.1' instead of the project target framework 'net8.0'. This package may not be fully compatible with your project.
C:\Users\ultra\warewolf\Dev\Warewolf.Driver.Persistence\Warewolf.Driver.Persistence.csproj : warning NU1701: Package 'TaskSchedulerEditor 2.10.1' was restored using '.NETFramework,Version=v4.6.1, .NETFramework,Version=v4.6.2, .NETFramework,Version=v4.7, .NETFramework,Version=v4.7.1, .NETFramework,Version=v4.7.2, .NETFramework,Version=v4.8, .NETFramework,Version=v4.8.1' instead of the project target framework 'net8.0'. This package may not be fully compatible with your project.
C:\Users\ultra\warewolf\Dev\Warewolf.AI.Harness\Warewolf.AI.Harness.csproj : warning NU1701: Package 'AeroWizard 2.3.1' was restored using '.NETFramework,Version=v4.6.1, .NETFramework,Version=v4.6.2, .NETFramework,Version=v4.7, .NETFramework,Version=v4.7.1, .NETFramework,Version=v4.7.2, .NETFramework,Version=v4.8, .NETFramework,Version=v4.8.1' instead of the project target framework 'net8.0'. This package may not be fully compatible with your project.
C:\Users\ultra\warewolf\Dev\Warewolf.AI.Harness\Warewolf.AI.Harness.csproj : warning NU1701: Package 'GroupControls 1.9.0' was restored using '.NETFramework,Version=v4.6.1, .NETFramework,Version=v4.6.2, .NETFramework,Version=v4.7, .NETFramework,Version=v4.7.1, .NETFramework,Version=v4.7.2, .NETFramework,Version=v4.8, .NETFramework,Version=v4.8.1' instead of the project target framework 'net8.0'. This package may not be fully compatible with your project.
C:\Users\ultra\warewolf\Dev\Warewolf.AI.Harness\Warewolf.AI.Harness.csproj : warning NU1701: Package 'TaskSchedulerEditor 2.10.1' was restored using '.NETFramework,Version=v4.6.1, .NETFramework,Version=v4.6.2, .NETFramework,Version=v4.7, .NETFramework,Version=v4.7.1, .NETFramework,Version=v4.7.2, .NETFramework,Version=v4.8, .NETFramework,Version=v4.8.1' instead of the project target framework 'net8.0'. This package may not be fully compatible with your project.
C:\Users\ultra\warewolf\Dev\Dev2.Runtime\Dev2.Runtime.csproj : warning NU1903: Package 'Microsoft.Windows.Compatibility' 6.0.0 has a known high severity vulnerability, https://github.com/advisories/GHSA-555c-2p6r-68mm
C:\Users\ultra\warewolf\Dev\Dev2.Runtime\Dev2.Runtime.csproj : warning NU1701: Package 'AeroWizard 2.3.1' was restored using '.NETFramework,Version=v4.6.1, .NETFramework,Version=v4.6.2, .NETFramework,Version=v4.7, .NETFramework,Version=v4.7.1, .NETFramework,Version=v4.7.2, .NETFramework,Version=v4.8, .NETFramework,Version=v4.8.1' instead of the project target framework 'net8.0'. This package may not be fully compatible with your project.
C:\Users\ultra\warewolf\Dev\Dev2.Runtime\Dev2.Runtime.csproj : warning NU1701: Package 'GroupControls 1.9.0' was restored using '.NETFramework,Version=v4.6.1, .NETFramework,Version=v4.6.2, .NETFramework,Version=v4.7, .NETFramework,Version=v4.7.1, .NETFramework,Version=v4.7.2, .NETFramework,Version=v4.8, .NETFramework,Version=v4.8.1' instead of the project target framework 'net8.0'. This package may not be fully compatible with your project.
C:\Users\ultra\warewolf\Dev\Dev2.Runtime\Dev2.Runtime.csproj : warning NU1701: Package 'ReactiveUI.WPF 18.4.1' was restored using '.NETFramework,Version=v4.6.1, .NETFramework,Version=v4.6.2, .NETFramework,Version=v4.7, .NETFramework,Version=v4.7.1, .NETFramework,Version=v4.7.2, .NETFramework,Version=v4.8, .NETFramework,Version=v4.8.1' instead of the project target framework 'net8.0'. This package may not be fully compatible with your project.
C:\Users\ultra\warewolf\Dev\Dev2.Runtime\Dev2.Runtime.csproj : warning NU1701: Package 'TaskSchedulerEditor 2.10.1' was restored using '.NETFramework,Version=v4.6.1, .NETFramework,Version=v4.6.2, .NETFramework,Version=v4.7, .NETFramework,Version=v4.7.1, .NETFramework,Version=v4.7.2, .NETFramework,Version=v4.8, .NETFramework,Version=v4.8.1' instead of the project target framework 'net8.0'. This package may not be fully compatible with your project.
C:\Users\ultra\warewolf\Dev\Dev2.Runtime.WebServer\Dev2.Runtime.WebServer.csproj : warning NU1902: Package 'System.IdentityModel.Tokens.Jwt' 5.1.0 has a known moderate severity vulnerability, https://github.com/advisories/GHSA-59j7-ghrg-fj52
C:\Users\ultra\warewolf\Dev\Dev2.Runtime.WebServer\Dev2.Runtime.WebServer.csproj : warning NU1701: Package 'AeroWizard 2.3.1' was restored using '.NETFramework,Version=v4.6.1, .NETFramework,Version=v4.6.2, .NETFramework,Version=v4.7, .NETFramework,Version=v4.7.1, .NETFramework,Version=v4.7.2, .NETFramework,Version=v4.8, .NETFramework,Version=v4.8.1' instead of the project target framework 'net8.0'. This package may not be fully compatible with your project.
C:\Users\ultra\warewolf\Dev\Dev2.Runtime.WebServer\Dev2.Runtime.WebServer.csproj : warning NU1701: Package 'GroupControls 1.9.0' was restored using '.NETFramework,Version=v4.6.1, .NETFramework,Version=v4.6.2, .NETFramework,Version=v4.7, .NETFramework,Version=v4.7.1, .NETFramework,Version=v4.7.2, .NETFramework,Version=v4.8, .NETFramework,Version=v4.8.1' instead of the project target framework 'net8.0'. This package may not be fully compatible with your project.
C:\Users\ultra\warewolf\Dev\Dev2.Runtime.WebServer\Dev2.Runtime.WebServer.csproj : warning NU1701: Package 'Microsoft.Xaml.Behaviors.Wpf 1.1.122' was restored using '.NETFramework,Version=v4.6.1, .NETFramework,Version=v4.6.2, .NETFramework,Version=v4.7, .NETFramework,Version=v4.7.1, .NETFramework,Version=v4.7.2, .NETFramework,Version=v4.8, .NETFramework,Version=v4.8.1' instead of the project target framework 'net8.0'. This package may not be fully compatible with your project.
C:\Users\ultra\warewolf\Dev\Dev2.Runtime.WebServer\Dev2.Runtime.WebServer.csproj : warning NU1701: Package 'Prism.Wpf 9.0.537' was restored using '.NETFramework,Version=v4.6.1, .NETFramework,Version=v4.6.2, .NETFramework,Version=v4.7, .NETFramework,Version=v4.7.1, .NETFramework,Version=v4.7.2, .NETFramework,Version=v4.8, .NETFramework,Version=v4.8.1' instead of the project target framework 'net8.0'. This package may not be fully compatible with your project.
C:\Users\ultra\warewolf\Dev\Dev2.Runtime.WebServer\Dev2.Runtime.WebServer.csproj : warning NU1701: Package 'ReactiveUI.WPF 18.4.1' was restored using '.NETFramework,Version=v4.6.1, .NETFramework,Version=v4.6.2, .NETFramework,Version=v4.7, .NETFramework,Version=v4.7.1, .NETFramework,Version=v4.7.2, .NETFramework,Version=v4.8, .NETFramework,Version=v4.8.1' instead of the project target framework 'net8.0'. This package may not be fully compatible with your project.
C:\Users\ultra\warewolf\Dev\Dev2.Runtime.WebServer\Dev2.Runtime.WebServer.csproj : warning NU1701: Package 'TaskSchedulerEditor 2.10.1' was restored using '.NETFramework,Version=v4.6.1, .NETFramework,Version=v4.6.2, .NETFramework,Version=v4.7, .NETFramework,Version=v4.7.1, .NETFramework,Version=v4.7.2, .NETFramework,Version=v4.8, .NETFramework,Version=v4.8.1' instead of the project target framework 'net8.0'. This package may not be fully compatible with your project.
C:\Users\ultra\warewolf\Dev\Dev2.TaskScheduler.Wrappers\Dev2.TaskScheduler.Wrappers.csproj : warning NU1701: Package 'AeroWizard 2.3.1' was restored using '.NETFramework,Version=v4.6.1, .NETFramework,Version=v4.6.2, .NETFramework,Version=v4.7, .NETFramework,Version=v4.7.1, .NETFramework,Version=v4.7.2, .NETFramework,Version=v4.8, .NETFramework,Version=v4.8.1' instead of the project target framework 'net8.0'. This package may not be fully compatible with your project.
C:\Users\ultra\warewolf\Dev\Dev2.TaskScheduler.Wrappers\Dev2.TaskScheduler.Wrappers.csproj : warning NU1701: Package 'GroupControls 1.9.0' was restored using '.NETFramework,Version=v4.6.1, .NETFramework,Version=v4.6.2, .NETFramework,Version=v4.7, .NETFramework,Version=v4.7.1, .NETFramework,Version=v4.7.2, .NETFramework,Version=v4.8, .NETFramework,Version=v4.8.1' instead of the project target framework 'net8.0'. This package may not be fully compatible with your project.
C:\Users\ultra\warewolf\Dev\Dev2.TaskScheduler.Wrappers\Dev2.TaskScheduler.Wrappers.csproj : warning NU1701: Package 'TaskSchedulerEditor 2.10.1' was restored using '.NETFramework,Version=v4.6.1, .NETFramework,Version=v4.6.2, .NETFramework,Version=v4.7, .NETFramework,Version=v4.7.1, .NETFramework,Version=v4.7.2, .NETFramework,Version=v4.8, .NETFramework,Version=v4.8.1' instead of the project target framework 'net8.0'. This package may not be fully compatible with your project.
C:\Users\ultra\warewolf\Dev\Dev2.Studio.Interfaces\Dev2.Studio.Interfaces.csproj : warning NU1701: Package 'AeroWizard 2.3.1' was restored using '.NETFramework,Version=v4.6.1, .NETFramework,Version=v4.6.2, .NETFramework,Version=v4.7, .NETFramework,Version=v4.7.1, .NETFramework,Version=v4.7.2, .NETFramework,Version=v4.8, .NETFramework,Version=v4.8.1' instead of the project target framework 'net8.0'. This package may not be fully compatible with your project.
C:\Users\ultra\warewolf\Dev\Dev2.Studio.Interfaces\Dev2.Studio.Interfaces.csproj : warning NU1701: Package 'GroupControls 1.9.0' was restored using '.NETFramework,Version=v4.6.1, .NETFramework,Version=v4.6.2, .NETFramework,Version=v4.7, .NETFramework,Version=v4.7.1, .NETFramework,Version=v4.7.2, .NETFramework,Version=v4.8, .NETFramework,Version=v4.8.1' instead of the project target framework 'net8.0'. This package may not be fully compatible with your project.
C:\Users\ultra\warewolf\Dev\Dev2.Studio.Interfaces\Dev2.Studio.Interfaces.csproj : warning NU1701: Package 'Microsoft.Xaml.Behaviors.Wpf 1.1.122' was restored using '.NETFramework,Version=v4.6.1, .NETFramework,Version=v4.6.2, .NETFramework,Version=v4.7, .NETFramework,Version=v4.7.1, .NETFramework,Version=v4.7.2, .NETFramework,Version=v4.8, .NETFramework,Version=v4.8.1' instead of the project target framework 'net8.0'. This package may not be fully compatible with your project.
C:\Users\ultra\warewolf\Dev\Dev2.Studio.Interfaces\Dev2.Studio.Interfaces.csproj : warning NU1701: Package 'Prism.Wpf 9.0.537' was restored using '.NETFramework,Version=v4.6.1, .NETFramework,Version=v4.6.2, .NETFramework,Version=v4.7, .NETFramework,Version=v4.7.1, .NETFramework,Version=v4.7.2, .NETFramework,Version=v4.8, .NETFramework,Version=v4.8.1' instead of the project target framework 'net8.0'. This package may not be fully compatible with your project.
C:\Users\ultra\warewolf\Dev\Dev2.Studio.Interfaces\Dev2.Studio.Interfaces.csproj : warning NU1701: Package 'ReactiveUI.WPF 18.4.1' was restored using '.NETFramework,Version=v4.6.1, .NETFramework,Version=v4.6.2, .NETFramework,Version=v4.7, .NETFramework,Version=v4.7.1, .NETFramework,Version=v4.7.2, .NETFramework,Version=v4.8, .NETFramework,Version=v4.8.1' instead of the project target framework 'net8.0'. This package may not be fully compatible with your project.
C:\Users\ultra\warewolf\Dev\Dev2.Studio.Interfaces\Dev2.Studio.Interfaces.csproj : warning NU1701: Package 'TaskSchedulerEditor 2.10.1' was restored using '.NETFramework,Version=v4.6.1, .NETFramework,Version=v4.6.2, .NETFramework,Version=v4.7, .NETFramework,Version=v4.7.1, .NETFramework,Version=v4.7.2, .NETFramework,Version=v4.8, .NETFramework,Version=v4.8.1' instead of the project target framework 'net8.0'. This package may not be fully compatible with your project.
C:\Users\ultra\warewolf\Dev\Dev2.Studio.Core\Dev2.Studio.Core.csproj : warning NU1701: Package 'AeroWizard 2.3.1' was restored using '.NETFramework,Version=v4.6.1, .NETFramework,Version=v4.6.2, .NETFramework,Version=v4.7, .NETFramework,Version=v4.7.1, .NETFramework,Version=v4.7.2, .NETFramework,Version=v4.8, .NETFramework,Version=v4.8.1' instead of the project target framework 'net8.0'. This package may not be fully compatible with your project.
C:\Users\ultra\warewolf\Dev\Dev2.Studio.Core\Dev2.Studio.Core.csproj : warning NU1701: Package 'GroupControls 1.9.0' was restored using '.NETFramework,Version=v4.6.1, .NETFramework,Version=v4.6.2, .NETFramework,Version=v4.7, .NETFramework,Version=v4.7.1, .NETFramework,Version=v4.7.2, .NETFramework,Version=v4.8, .NETFramework,Version=v4.8.1' instead of the project target framework 'net8.0'. This package may not be fully compatible with your project.
C:\Users\ultra\warewolf\Dev\Dev2.Studio.Core\Dev2.Studio.Core.csproj : warning NU1701: Package 'Microsoft.Xaml.Behaviors.Wpf 1.1.122' was restored using '.NETFramework,Version=v4.6.1, .NETFramework,Version=v4.6.2, .NETFramework,Version=v4.7, .NETFramework,Version=v4.7.1, .NETFramework,Version=v4.7.2, .NETFramework,Version=v4.8, .NETFramework,Version=v4.8.1' instead of the project target framework 'net8.0'. This package may not be fully compatible with your project.
C:\Users\ultra\warewolf\Dev\Dev2.Studio.Core\Dev2.Studio.Core.csproj : warning NU1701: Package 'Prism.Wpf 9.0.537' was restored using '.NETFramework,Version=v4.6.1, .NETFramework,Version=v4.6.2, .NETFramework,Version=v4.7, .NETFramework,Version=v4.7.1, .NETFramework,Version=v4.7.2, .NETFramework,Version=v4.8, .NETFramework,Version=v4.8.1' instead of the project target framework 'net8.0'. This package may not be fully compatible with your project.
C:\Users\ultra\warewolf\Dev\Dev2.Studio.Core\Dev2.Studio.Core.csproj : warning NU1701: Package 'ReactiveUI.WPF 18.4.1' was restored using '.NETFramework,Version=v4.6.1, .NETFramework,Version=v4.6.2, .NETFramework,Version=v4.7, .NETFramework,Version=v4.7.1, .NETFramework,Version=v4.7.2, .NETFramework,Version=v4.8, .NETFramework,Version=v4.8.1' instead of the project target framework 'net8.0'. This package may not be fully compatible with your project.
C:\Users\ultra\warewolf\Dev\Dev2.Studio.Core\Dev2.Studio.Core.csproj : warning NU1701: Package 'TaskSchedulerEditor 2.10.1' was restored using '.NETFramework,Version=v4.6.1, .NETFramework,Version=v4.6.2, .NETFramework,Version=v4.7, .NETFramework,Version=v4.7.1, .NETFramework,Version=v4.7.2, .NETFramework,Version=v4.8, .NETFramework,Version=v4.8.1' instead of the project target framework 'net8.0'. This package may not be fully compatible with your project.
C:\Users\ultra\warewolf\Dev\Warewolf.Testing\Warewolf.Testing.csproj : warning NU1701: Package 'AeroWizard 2.3.1' was restored using '.NETFramework,Version=v4.6.1, .NETFramework,Version=v4.6.2, .NETFramework,Version=v4.7, .NETFramework,Version=v4.7.1, .NETFramework,Version=v4.7.2, .NETFramework,Version=v4.8, .NETFramework,Version=v4.8.1' instead of the project target framework 'net8.0'. This package may not be fully compatible with your project.
C:\Users\ultra\warewolf\Dev\Warewolf.Testing\Warewolf.Testing.csproj : warning NU1701: Package 'GroupControls 1.9.0' was restored using '.NETFramework,Version=v4.6.1, .NETFramework,Version=v4.6.2, .NETFramework,Version=v4.7, .NETFramework,Version=v4.7.1, .NETFramework,Version=v4.7.2, .NETFramework,Version=v4.8, .NETFramework,Version=v4.8.1' instead of the project target framework 'net8.0'. This package may not be fully compatible with your project.
C:\Users\ultra\warewolf\Dev\Warewolf.Testing\Warewolf.Testing.csproj : warning NU1701: Package 'Microsoft.Xaml.Behaviors.Wpf 1.1.122' was restored using '.NETFramework,Version=v4.6.1, .NETFramework,Version=v4.6.2, .NETFramework,Version=v4.7, .NETFramework,Version=v4.7.1, .NETFramework,Version=v4.7.2, .NETFramework,Version=v4.8, .NETFramework,Version=v4.8.1' instead of the project target framework 'net8.0'. This package may not be fully compatible with your project.
C:\Users\ultra\warewolf\Dev\Warewolf.Testing\Warewolf.Testing.csproj : warning NU1701: Package 'Prism.Wpf 9.0.537' was restored using '.NETFramework,Version=v4.6.1, .NETFramework,Version=v4.6.2, .NETFramework,Version=v4.7, .NETFramework,Version=v4.7.1, .NETFramework,Version=v4.7.2, .NETFramework,Version=v4.8, .NETFramework,Version=v4.8.1' instead of the project target framework 'net8.0'. This package may not be fully compatible with your project.
C:\Users\ultra\warewolf\Dev\Warewolf.Testing\Warewolf.Testing.csproj : warning NU1701: Package 'ReactiveUI.WPF 18.4.1' was restored using '.NETFramework,Version=v4.6.1, .NETFramework,Version=v4.6.2, .NETFramework,Version=v4.7, .NETFramework,Version=v4.7.1, .NETFramework,Version=v4.7.2, .NETFramework,Version=v4.8, .NETFramework,Version=v4.8.1' instead of the project target framework 'net8.0'. This package may not be fully compatible with your project.
C:\Users\ultra\warewolf\Dev\Warewolf.Testing\Warewolf.Testing.csproj : warning NU1701: Package 'TaskSchedulerEditor 2.10.1' was restored using '.NETFramework,Version=v4.6.1, .NETFramework,Version=v4.6.2, .NETFramework,Version=v4.7, .NETFramework,Version=v4.7.1, .NETFramework,Version=v4.7.2, .NETFramework,Version=v4.8, .NETFramework,Version=v4.8.1' instead of the project target framework 'net8.0'. This package may not be fully compatible with your project.
C:\Users\ultra\warewolf\Dev\Warewolf.Common\Warewolf.Common.csproj : warning NU1701: Package 'AeroWizard 2.3.1' was restored using '.NETFramework,Version=v4.6.1, .NETFramework,Version=v4.6.2, .NETFramework,Version=v4.7, .NETFramework,Version=v4.7.1, .NETFramework,Version=v4.7.2, .NETFramework,Version=v4.8, .NETFramework,Version=v4.8.1' instead of the project target framework 'net8.0'. This package may not be fully compatible with your project.
C:\Users\ultra\warewolf\Dev\Warewolf.Common\Warewolf.Common.csproj : warning NU1701: Package 'GroupControls 1.9.0' was restored using '.NETFramework,Version=v4.6.1, .NETFramework,Version=v4.6.2, .NETFramework,Version=v4.7, .NETFramework,Version=v4.7.1, .NETFramework,Version=v4.7.2, .NETFramework,Version=v4.8, .NETFramework,Version=v4.8.1' instead of the project target framework 'net8.0'. This package may not be fully compatible with your project.
C:\Users\ultra\warewolf\Dev\Warewolf.Common\Warewolf.Common.csproj : warning NU1701: Package 'TaskSchedulerEditor 2.10.1' was restored using '.NETFramework,Version=v4.6.1, .NETFramework,Version=v4.6.2, .NETFramework,Version=v4.7, .NETFramework,Version=v4.7.1, .NETFramework,Version=v4.7.2, .NETFramework,Version=v4.8, .NETFramework,Version=v4.8.1' instead of the project target framework 'net8.0'. This package may not be fully compatible with your project.
C:\Users\ultra\warewolf\Dev\Warewolf.Interfaces\Data\ChatbotSettingsData.cs(20,23): warning CS0169: The field 'ChatbotSettingsData._encryptDataSource' is never used [C:\Users\ultra\warewolf\Dev\Warewolf.Interfaces\Warewolf.Interfaces.csproj]
C:\Users\ultra\warewolf\Dev\Warewolf.Interfaces\Auditing\SerializableException.cs(15,7): warning CS0414: The field 'SerializableException.HResult' is assigned but its value is never used [C:\Users\ultra\warewolf\Dev\Warewolf.Interfaces\Warewolf.Interfaces.csproj]
  Warewolf.Common.Interfaces.NetStandard20 -> C:\Users\ultra\warewolf\Dev\Warewolf.Common.Interfaces.NetStandard20\bin\Debug\net8.0\Warewolf.Common.Interfaces.NetStandard20.dll
  Warewolf.Interfaces -> C:\Users\ultra\warewolf\Dev\Warewolf.Interfaces\bin\Debug\net8.0\Warewolf.Interfaces.dll
C:\Users\ultra\warewolf\Dev\Dev2.Runtime.Services\Dev2.Runtime.Services.csproj : warning NU1902: Package 'MessagePack' 2.4.59 has a known moderate severity vulnerability, https://github.com/advisories/GHSA-4qm4-8hg2-g2xm
C:\Users\ultra\warewolf\Dev\Dev2.Runtime.Services\Dev2.Runtime.Services.csproj : warning NU1903: Package 'Microsoft.Windows.Compatibility' 6.0.0 has a known high severity vulnerability, https://github.com/advisories/GHSA-555c-2p6r-68mm
C:\Users\ultra\warewolf\Dev\Dev2.Runtime.Services\Dev2.Runtime.Services.csproj : warning NU1701: Package 'AeroWizard 2.3.1' was restored using '.NETFramework,Version=v4.6.1, .NETFramework,Version=v4.6.2, .NETFramework,Version=v4.7, .NETFramework,Version=v4.7.1, .NETFramework,Version=v4.7.2, .NETFramework,Version=v4.8, .NETFramework,Version=v4.8.1' instead of the project target framework 'net8.0'. This package may not be fully compatible with your project.
C:\Users\ultra\warewolf\Dev\Dev2.Runtime.Services\Dev2.Runtime.Services.csproj : warning NU1701: Package 'GroupControls 1.9.0' was restored using '.NETFramework,Version=v4.6.1, .NETFramework,Version=v4.6.2, .NETFramework,Version=v4.7, .NETFramework,Version=v4.7.1, .NETFramework,Version=v4.7.2, .NETFramework,Version=v4.8, .NETFramework,Version=v4.8.1' instead of the project target framework 'net8.0'. This package may not be fully compatible with your project.
C:\Users\ultra\warewolf\Dev\Dev2.Runtime.Services\Dev2.Runtime.Services.csproj : warning NU1701: Package 'ReactiveUI.WPF 18.4.1' was restored using '.NETFramework,Version=v4.6.1, .NETFramework,Version=v4.6.2, .NETFramework,Version=v4.7, .NETFramework,Version=v4.7.1, .NETFramework,Version=v4.7.2, .NETFramework,Version=v4.8, .NETFramework,Version=v4.8.1' instead of the project target framework 'net8.0'. This package may not be fully compatible with your project.
C:\Users\ultra\warewolf\Dev\Dev2.Runtime.Services\Dev2.Runtime.Services.csproj : warning NU1701: Package 'TaskSchedulerEditor 2.10.1' was restored using '.NETFramework,Version=v4.6.1, .NETFramework,Version=v4.6.2, .NETFramework,Version=v4.7, .NETFramework,Version=v4.7.1, .NETFramework,Version=v4.7.2, .NETFramework,Version=v4.8, .NETFramework,Version=v4.8.1' instead of the project target framework 'net8.0'. This package may not be fully compatible with your project.
  Warewolf.ServiceDefinitions -> C:\Users\ultra\warewolf\Dev\Warewolf.ServiceDefinitions\bin\Debug\net8.0\Warewolf.ServiceDefinitions.dll
C:\Users\ultra\warewolf\Dev\Warewolf.Common.NetStandard20\Warewolf.Common.NetStandard20.csproj : warning NU1701: Package 'AeroWizard 2.3.1' was restored using '.NETFramework,Version=v4.6.1, .NETFramework,Version=v4.6.2, .NETFramework,Version=v4.7, .NETFramework,Version=v4.7.1, .NETFramework,Version=v4.7.2, .NETFramework,Version=v4.8, .NETFramework,Version=v4.8.1' instead of the project target framework 'net8.0'. This package may not be fully compatible with your project.
C:\Users\ultra\warewolf\Dev\Warewolf.Common.NetStandard20\Warewolf.Common.NetStandard20.csproj : warning NU1701: Package 'GroupControls 1.9.0' was restored using '.NETFramework,Version=v4.6.1, .NETFramework,Version=v4.6.2, .NETFramework,Version=v4.7, .NETFramework,Version=v4.7.1, .NETFramework,Version=v4.7.2, .NETFramework,Version=v4.8, .NETFramework,Version=v4.8.1' instead of the project target framework 'net8.0'. This package may not be fully compatible with your project.
C:\Users\ultra\warewolf\Dev\Warewolf.Common.NetStandard20\Warewolf.Common.NetStandard20.csproj : warning NU1701: Package 'ReactiveUI.WPF 18.4.1' was restored using '.NETFramework,Version=v4.6.1, .NETFramework,Version=v4.6.2, .NETFramework,Version=v4.7, .NETFramework,Version=v4.7.1, .NETFramework,Version=v4.7.2, .NETFramework,Version=v4.8, .NETFramework,Version=v4.8.1' instead of the project target framework 'net8.0'. This package may not be fully compatible with your project.
C:\Users\ultra\warewolf\Dev\Warewolf.Common.NetStandard20\Warewolf.Common.NetStandard20.csproj : warning NU1701: Package 'TaskSchedulerEditor 2.10.1' was restored using '.NETFramework,Version=v4.6.1, .NETFramework,Version=v4.6.2, .NETFramework,Version=v4.7, .NETFramework,Version=v4.7.1, .NETFramework,Version=v4.7.2, .NETFramework,Version=v4.8, .NETFramework,Version=v4.8.1' instead of the project target framework 'net8.0'. This package may not be fully compatible with your project.
C:\Users\ultra\warewolf\Dev\Warewolf.Security\Warewolf.Security.csproj : warning NU1904: Package 'System.Drawing.Common' 4.5.1 has a known critical severity vulnerability, https://github.com/advisories/GHSA-rxg9-xrhp-64gj
  Dev2.SignalR.Wrappers.Interfaces -> C:\Users\ultra\warewolf\Dev\Dev2.SignalR.Wrappers\bin\Debug\net8.0\Dev2.SignalR.Wrappers.dll
C:\Users\ultra\warewolf\Dev\Warewolf.ResourceManagement\Warewolf.ResourceManagement.csproj : warning NU1701: Package 'AeroWizard 2.3.1' was restored using '.NETFramework,Version=v4.6.1, .NETFramework,Version=v4.6.2, .NETFramework,Version=v4.7, .NETFramework,Version=v4.7.1, .NETFramework,Version=v4.7.2, .NETFramework,Version=v4.8, .NETFramework,Version=v4.8.1' instead of the project target framework 'net8.0'. This package may not be fully compatible with your project.
C:\Users\ultra\warewolf\Dev\Warewolf.ResourceManagement\Warewolf.ResourceManagement.csproj : warning NU1701: Package 'GroupControls 1.9.0' was restored using '.NETFramework,Version=v4.6.1, .NETFramework,Version=v4.6.2, .NETFramework,Version=v4.7, .NETFramework,Version=v4.7.1, .NETFramework,Version=v4.7.2, .NETFramework,Version=v4.8, .NETFramework,Version=v4.8.1' instead of the project target framework 'net8.0'. This package may not be fully compatible with your project.
C:\Users\ultra\warewolf\Dev\Warewolf.ResourceManagement\Warewolf.ResourceManagement.csproj : warning NU1701: Package 'ReactiveUI.WPF 18.4.1' was restored using '.NETFramework,Version=v4.6.1, .NETFramework,Version=v4.6.2, .NETFramework,Version=v4.7, .NETFramework,Version=v4.7.1, .NETFramework,Version=v4.7.2, .NETFramework,Version=v4.8, .NETFramework,Version=v4.8.1' instead of the project target framework 'net8.0'. This package may not be fully compatible with your project.
C:\Users\ultra\warewolf\Dev\Warewolf.ResourceManagement\Warewolf.ResourceManagement.csproj : warning NU1701: Package 'TaskSchedulerEditor 2.10.1' was restored using '.NETFramework,Version=v4.6.1, .NETFramework,Version=v4.6.2, .NETFramework,Version=v4.7, .NETFramework,Version=v4.7.1, .NETFramework,Version=v4.7.2, .NETFramework,Version=v4.8, .NETFramework,Version=v4.8.1' instead of the project target framework 'net8.0'. This package may not be fully compatible with your project.
  Warewolf.Studio.Resources -> C:\Users\ultra\warewolf\Dev\Warewolf.Studio.Resources\bin\Debug\net8.0\Warewolf.Studio.Resources.dll
C:\Users\ultra\warewolf\Dev\Dev2.Services.Execution\Dev2.Services.Execution.csproj : warning NU1701: Package 'AeroWizard 2.3.1' was restored using '.NETFramework,Version=v4.6.1, .NETFramework,Version=v4.6.2, .NETFramework,Version=v4.7, .NETFramework,Version=v4.7.1, .NETFramework,Version=v4.7.2, .NETFramework,Version=v4.8, .NETFramework,Version=v4.8.1' instead of the project target framework 'net8.0'. This package may not be fully compatible with your project.
C:\Users\ultra\warewolf\Dev\Dev2.Services.Execution\Dev2.Services.Execution.csproj : warning NU1701: Package 'GroupControls 1.9.0' was restored using '.NETFramework,Version=v4.6.1, .NETFramework,Version=v4.6.2, .NETFramework,Version=v4.7, .NETFramework,Version=v4.7.1, .NETFramework,Version=v4.7.2, .NETFramework,Version=v4.8, .NETFramework,Version=v4.8.1' instead of the project target framework 'net8.0'. This package may not be fully compatible with your project.
C:\Users\ultra\warewolf\Dev\Dev2.Services.Execution\Dev2.Services.Execution.csproj : warning NU1701: Package 'ReactiveUI.WPF 18.4.1' was restored using '.NETFramework,Version=v4.6.1, .NETFramework,Version=v4.6.2, .NETFramework,Version=v4.7, .NETFramework,Version=v4.7.1, .NETFramework,Version=v4.7.2, .NETFramework,Version=v4.8, .NETFramework,Version=v4.8.1' instead of the project target framework 'net8.0'. This package may not be fully compatible with your project.
C:\Users\ultra\warewolf\Dev\Dev2.Services.Execution\Dev2.Services.Execution.csproj : warning NU1701: Package 'TaskSchedulerEditor 2.10.1' was restored using '.NETFramework,Version=v4.6.1, .NETFramework,Version=v4.6.2, .NETFramework,Version=v4.7, .NETFramework,Version=v4.7.1, .NETFramework,Version=v4.7.2, .NETFramework,Version=v4.8, .NETFramework,Version=v4.8.1' instead of the project target framework 'net8.0'. This package may not be fully compatible with your project.
  Warewolf.Resource -> C:\Users\ultra\warewolf\Dev\Warewolf.Resource\bin\Debug\net8.0\Warewolf.Resource.dll
C:\Users\ultra\warewolf\Dev\Warewolf.Security\Encryption\AESThenHMAC.cs(168,34): warning SYSLIB0021: 'AesManaged' is obsolete: 'Derived cryptographic types are obsolete. Use the Create method on the base type instead.' (https://aka.ms/dotnet-warnings/SYSLIB0021) [C:\Users\ultra\warewolf\Dev\Warewolf.Security\Warewolf.Security.csproj]
C:\Users\ultra\warewolf\Dev\Warewolf.Security\Encryption\AESThenHMAC.cs(264,38): warning SYSLIB0021: 'AesManaged' is obsolete: 'Derived cryptographic types are obsolete. Use the Create method on the base type instead.' (https://aka.ms/dotnet-warnings/SYSLIB0021) [C:\Users\ultra\warewolf\Dev\Warewolf.Security\Warewolf.Security.csproj]
C:\Users\ultra\warewolf\Dev\Warewolf.Security\Encryption\AESThenHMAC.cs(331,36): warning SYSLIB0041: 'Rfc2898DeriveBytes.Rfc2898DeriveBytes(string, int, int)' is obsolete: 'The default hash algorithm and iteration counts in Rfc2898DeriveBytes constructors are outdated and insecure. Use a constructor that accepts the hash algorithm and the number of iterations.' (https://aka.ms/dotnet-warnings/SYSLIB0041) [C:\Users\ultra\warewolf\Dev\Warewolf.Security\Warewolf.Security.csproj]
C:\Users\ultra\warewolf\Dev\Warewolf.Security\Encryption\AESThenHMAC.cs(345,36): warning SYSLIB0041: 'Rfc2898DeriveBytes.Rfc2898DeriveBytes(string, int, int)' is obsolete: 'The default hash algorithm and iteration counts in Rfc2898DeriveBytes constructors are outdated and insecure. Use a constructor that accepts the hash algorithm and the number of iterations.' (https://aka.ms/dotnet-warnings/SYSLIB0041) [C:\Users\ultra\warewolf\Dev\Warewolf.Security\Warewolf.Security.csproj]
C:\Users\ultra\warewolf\Dev\Warewolf.Security\Encryption\AESThenHMAC.cs(393,36): warning SYSLIB0041: 'Rfc2898DeriveBytes.Rfc2898DeriveBytes(string, byte[], int)' is obsolete: 'The default hash algorithm and iteration counts in Rfc2898DeriveBytes constructors are outdated and insecure. Use a constructor that accepts the hash algorithm and the number of iterations.' (https://aka.ms/dotnet-warnings/SYSLIB0041) [C:\Users\ultra\warewolf\Dev\Warewolf.Security\Warewolf.Security.csproj]
C:\Users\ultra\warewolf\Dev\Warewolf.Security\Encryption\AESThenHMAC.cs(398,36): warning SYSLIB0041: 'Rfc2898DeriveBytes.Rfc2898DeriveBytes(string, byte[], int)' is obsolete: 'The default hash algorithm and iteration counts in Rfc2898DeriveBytes constructors are outdated and insecure. Use a constructor that accepts the hash algorithm and the number of iterations.' (https://aka.ms/dotnet-warnings/SYSLIB0041) [C:\Users\ultra\warewolf\Dev\Warewolf.Security\Warewolf.Security.csproj]
  Warewolf.Weave -> C:\Users\ultra\warewolf\Dev\Warewolf.Weave\bin\Debug\net8.0\Warewolf.Weave.dll
C:\Users\ultra\warewolf\Dev\Dev2.SignalR.Wrappers.New\Dev2.SignalR.Wrappers.New.csproj : warning NU1701: Package 'AeroWizard 2.3.1' was restored using '.NETFramework,Version=v4.6.1, .NETFramework,Version=v4.6.2, .NETFramework,Version=v4.7, .NETFramework,Version=v4.7.1, .NETFramework,Version=v4.7.2, .NETFramework,Version=v4.8, .NETFramework,Version=v4.8.1' instead of the project target framework 'net8.0'. This package may not be fully compatible with your project.
C:\Users\ultra\warewolf\Dev\Dev2.SignalR.Wrappers.New\Dev2.SignalR.Wrappers.New.csproj : warning NU1701: Package 'GroupControls 1.9.0' was restored using '.NETFramework,Version=v4.6.1, .NETFramework,Version=v4.6.2, .NETFramework,Version=v4.7, .NETFramework,Version=v4.7.1, .NETFramework,Version=v4.7.2, .NETFramework,Version=v4.8, .NETFramework,Version=v4.8.1' instead of the project target framework 'net8.0'. This package may not be fully compatible with your project.
C:\Users\ultra\warewolf\Dev\Dev2.SignalR.Wrappers.New\Dev2.SignalR.Wrappers.New.csproj : warning NU1701: Package 'ReactiveUI.WPF 18.4.1' was restored using '.NETFramework,Version=v4.6.1, .NETFramework,Version=v4.6.2, .NETFramework,Version=v4.7, .NETFramework,Version=v4.7.1, .NETFramework,Version=v4.7.2, .NETFramework,Version=v4.8, .NETFramework,Version=v4.8.1' instead of the project target framework 'net8.0'. This package may not be fully compatible with your project.
C:\Users\ultra\warewolf\Dev\Dev2.SignalR.Wrappers.New\Dev2.SignalR.Wrappers.New.csproj : warning NU1701: Package 'TaskSchedulerEditor 2.10.1' was restored using '.NETFramework,Version=v4.6.1, .NETFramework,Version=v4.6.2, .NETFramework,Version=v4.7, .NETFramework,Version=v4.7.1, .NETFramework,Version=v4.7.2, .NETFramework,Version=v4.8, .NETFramework,Version=v4.8.1' instead of the project target framework 'net8.0'. This package may not be fully compatible with your project.
  Warewolf.Security -> C:\Users\ultra\warewolf\Dev\Warewolf.Security\bin\Debug\net8.0\Warewolf.Security.dll
C:\Program Files\dotnet\sdk\10.0.201\Sdks\Microsoft.NET.Sdk\targets\Microsoft.NET.Sdk.DefaultItems.targets(162,5): warning NETSDK1137: It is no longer necessary to use the Microsoft.NET.Sdk.WindowsDesktop SDK. Consider changing the Sdk attribute of the root Project element to 'Microsoft.NET.Sdk'. [C:\Users\ultra\warewolf\Dev\Warewolf.Studio.Core\Warewolf.Studio.Core.csproj]
C:\Program Files\dotnet\sdk\10.0.201\Sdks\Microsoft.NET.Sdk.WindowsDesktop\targets\Microsoft.NET.Sdk.WindowsDesktop.targets(138,5): warning NETSDK1106: Microsoft.NET.Sdk.WindowsDesktop requires 'UseWpf' or 'UseWindowsForms' to be set to 'true' [C:\Users\ultra\warewolf\Dev\Warewolf.Studio.Core\Warewolf.Studio.Core.csproj]
C:\Users\ultra\warewolf\Dev\Warewolf.Studio.Core\Warewolf.Studio.Core.csproj : warning NU1701: Package 'AeroWizard 2.3.1' was restored using '.NETFramework,Version=v4.6.1, .NETFramework,Version=v4.6.2, .NETFramework,Version=v4.7, .NETFramework,Version=v4.7.1, .NETFramework,Version=v4.7.2, .NETFramework,Version=v4.8, .NETFramework,Version=v4.8.1' instead of the project target framework 'net8.0'. This package may not be fully compatible with your project.
C:\Users\ultra\warewolf\Dev\Warewolf.Studio.Core\Warewolf.Studio.Core.csproj : warning NU1701: Package 'GroupControls 1.9.0' was restored using '.NETFramework,Version=v4.6.1, .NETFramework,Version=v4.6.2, .NETFramework,Version=v4.7, .NETFramework,Version=v4.7.1, .NETFramework,Version=v4.7.2, .NETFramework,Version=v4.8, .NETFramework,Version=v4.8.1' instead of the project target framework 'net8.0'. This package may not be fully compatible with your project.
C:\Users\ultra\warewolf\Dev\Warewolf.Studio.Core\Warewolf.Studio.Core.csproj : warning NU1701: Package 'Microsoft.Xaml.Behaviors.Wpf 1.1.122' was restored using '.NETFramework,Version=v4.6.1, .NETFramework,Version=v4.6.2, .NETFramework,Version=v4.7, .NETFramework,Version=v4.7.1, .NETFramework,Version=v4.7.2, .NETFramework,Version=v4.8, .NETFramework,Version=v4.8.1' instead of the project target framework 'net8.0'. This package may not be fully compatible with your project.
C:\Users\ultra\warewolf\Dev\Warewolf.Studio.Core\Warewolf.Studio.Core.csproj : warning NU1701: Package 'Prism.Wpf 9.0.537' was restored using '.NETFramework,Version=v4.6.1, .NETFramework,Version=v4.6.2, .NETFramework,Version=v4.7, .NETFramework,Version=v4.7.1, .NETFramework,Version=v4.7.2, .NETFramework,Version=v4.8, .NETFramework,Version=v4.8.1' instead of the project target framework 'net8.0'. This package may not be fully compatible with your project.
C:\Users\ultra\warewolf\Dev\Warewolf.Studio.Core\Warewolf.Studio.Core.csproj : warning NU1701: Package 'ReactiveUI.WPF 18.4.1' was restored using '.NETFramework,Version=v4.6.1, .NETFramework,Version=v4.6.2, .NETFramework,Version=v4.7, .NETFramework,Version=v4.7.1, .NETFramework,Version=v4.7.2, .NETFramework,Version=v4.8, .NETFramework,Version=v4.8.1' instead of the project target framework 'net8.0'. This package may not be fully compatible with your project.
C:\Users\ultra\warewolf\Dev\Warewolf.Studio.Core\Warewolf.Studio.Core.csproj : warning NU1701: Package 'TaskSchedulerEditor 2.10.1' was restored using '.NETFramework,Version=v4.6.1, .NETFramework,Version=v4.6.2, .NETFramework,Version=v4.7, .NETFramework,Version=v4.7.1, .NETFramework,Version=v4.7.2, .NETFramework,Version=v4.8, .NETFramework,Version=v4.8.1' instead of the project target framework 'net8.0'. This package may not be fully compatible with your project.
C:\Users\ultra\warewolf\Dev\Dev2.Development.Languages\Dev2.Development.Languages.csproj : warning NU1701: Package 'AeroWizard 2.3.1' was restored using '.NETFramework,Version=v4.6.1, .NETFramework,Version=v4.6.2, .NETFramework,Version=v4.7, .NETFramework,Version=v4.7.1, .NETFramework,Version=v4.7.2, .NETFramework,Version=v4.8, .NETFramework,Version=v4.8.1' instead of the project target framework 'net8.0'. This package may not be fully compatible with your project.
C:\Users\ultra\warewolf\Dev\Dev2.Development.Languages\Dev2.Development.Languages.csproj : warning NU1701: Package 'GroupControls 1.9.0' was restored using '.NETFramework,Version=v4.6.1, .NETFramework,Version=v4.6.2, .NETFramework,Version=v4.7, .NETFramework,Version=v4.7.1, .NETFramework,Version=v4.7.2, .NETFramework,Version=v4.8, .NETFramework,Version=v4.8.1' instead of the project target framework 'net8.0'. This package may not be fully compatible with your project.
C:\Users\ultra\warewolf\Dev\Dev2.Development.Languages\Dev2.Development.Languages.csproj : warning NU1701: Package 'TaskSchedulerEditor 2.10.1' was restored using '.NETFramework,Version=v4.6.1, .NETFramework,Version=v4.6.2, .NETFramework,Version=v4.7, .NETFramework,Version=v4.7.1, .NETFramework,Version=v4.7.2, .NETFramework,Version=v4.8, .NETFramework,Version=v4.8.1' instead of the project target framework 'net8.0'. This package may not be fully compatible with your project.
  Consider app.config remapping of assembly "System.Runtime.CompilerServices.Unsafe, Culture=neutral, PublicKeyToken=b03f5f7f11d50a3a" from Version "6.0.0.0" [] to Version "8.0.0.0" [C:\Program Files\dotnet\packs\Microsoft.NETCore.App.Ref\8.0.25\ref\net8.0\System.Runtime.CompilerServices.Unsafe.dll] to solve conflict and get rid of warning.
  Warewolf.Driver.Redis -> C:\Users\ultra\warewolf\Dev\Warewolf.Driver.Redis\bin\Debug\net8.0\Warewolf.Driver.Redis.dll
  Warewolf.Driver.RabbitMQ -> C:\Users\ultra\warewolf\Dev\Warewolf.Driver.RabbitMQ\bin\Debug\net8.0\Warewolf.Driver.RabbitMQ.dll
  Warewolf.Parser.Interop -> C:\Users\ultra\warewolf\Dev\Warewolf.Parser.Interop\bin\Debug\net8.0\WarewolfParserInterop.dll
C:\Users\ultra\warewolf\Dev\Dev2.Common.Interfaces\Attribute\ReasonAttribute.cs(13,18): warning CC0023: Mark 'ReasonAttribute' as sealed. (https://code-cracker.github.io/diagnostics/CC0023.html) [C:\Users\ultra\warewolf\Dev\Dev2.Common.Interfaces\Dev2.Common.Interfaces.csproj]
C:\Users\ultra\warewolf\Dev\Dev2.Common.Interfaces\Wrappers\IDirectoryEntry.cs(190,35): warning CC0057: Parameter 'path' is not used. (https://code-cracker.github.io/diagnostics/CC0057.html) [C:\Users\ultra\warewolf\Dev\Dev2.Common.Interfaces\Dev2.Common.Interfaces.csproj]
C:\Users\ultra\warewolf\Dev\Dev2.Common.Interfaces\DllListing.cs(97,17): warning CC0105: Use 'var' instead of specifying the type name. (https://code-cracker.github.io/diagnostics/CC0105.html) [C:\Users\ultra\warewolf\Dev\Dev2.Common.Interfaces\Dev2.Common.Interfaces.csproj]
C:\Users\ultra\warewolf\Dev\Dev2.Common.Interfaces\DllListing.cs(98,17): warning CC0105: Use 'var' instead of specifying the type name. (https://code-cracker.github.io/diagnostics/CC0105.html) [C:\Users\ultra\warewolf\Dev\Dev2.Common.Interfaces\Dev2.Common.Interfaces.csproj]
C:\Users\ultra\warewolf\Dev\Dev2.Common.Interfaces\Runtime\Services\IStreamContentFactory.cs(48,21): warning CC0029: 'StreamContentWrapper' should call GC.SuppressFinalize inside the Dispose method. (https://code-cracker.github.io/diagnostics/CC0029.html) [C:\Users\ultra\warewolf\Dev\Dev2.Common.Interfaces\Dev2.Common.Interfaces.csproj]
  Dev2.Common.Interfaces -> C:\Users\ultra\warewolf\Dev\Dev2.Common.Interfaces\bin\Debug\net8.0\Dev2.Common.Interfaces.dll
C:\Users\ultra\warewolf\Dev\Warewolf.Language.Parser\EvaluationFunctions.fs(277,15): warning FS3548: Pattern discard is not allowed for union case that takes no data. [C:\Users\ultra\warewolf\Dev\Warewolf.Language.Parser\Warewolf.Language.Parser.fsproj]
C:\Users\ultra\warewolf\Dev\Warewolf.Language.Parser\EvaluationFunctions.fs(305,15): warning FS3548: Pattern discard is not allowed for union case that takes no data. [C:\Users\ultra\warewolf\Dev\Warewolf.Language.Parser\Warewolf.Language.Parser.fsproj]
C:\Users\ultra\warewolf\Dev\Warewolf.Language.Parser\EvaluationFunctions.fs(748,21): warning FS3873: This construct is deprecated. Sequence expressions should be of the form 'seq { ... }' [C:\Users\ultra\warewolf\Dev\Warewolf.Language.Parser\Warewolf.Language.Parser.fsproj]
C:\Users\ultra\warewolf\Dev\Warewolf.Language.Parser\EvaluationFunctions.fs(751,28): warning FS3873: This construct is deprecated. Sequence expressions should be of the form 'seq { ... }' [C:\Users\ultra\warewolf\Dev\Warewolf.Language.Parser\Warewolf.Language.Parser.fsproj]
C:\Users\ultra\warewolf\Dev\Warewolf.Language.Parser\WarewolfDataEvaluationCommon.fs(593,21): warning FS3873: This construct is deprecated. Sequence expressions should be of the form 'seq { ... }' [C:\Users\ultra\warewolf\Dev\Warewolf.Language.Parser\Warewolf.Language.Parser.fsproj]
C:\Users\ultra\warewolf\Dev\Warewolf.Language.Parser\WarewolfDataEvaluationCommon.fs(596,28): warning FS3873: This construct is deprecated. Sequence expressions should be of the form 'seq { ... }' [C:\Users\ultra\warewolf\Dev\Warewolf.Language.Parser\Warewolf.Language.Parser.fsproj]
C:\Users\ultra\warewolf\Dev\Warewolf.Data\NamedInt.cs(160,21): warning CA2200: Re-throwing caught exception changes stack information (https://learn.microsoft.com/dotnet/fundamentals/code-analysis/quality-rules/ca2200) [C:\Users\ultra\warewolf\Dev\Warewolf.Data\Warewolf.Data.csproj]
  Warewolf.Data -> C:\Users\ultra\warewolf\Dev\Warewolf.Data\bin\Debug\net8.0\Warewolf.Data.dll
  Warewolf.Language.Parser -> C:\Users\ultra\warewolf\Dev\Warewolf.Language.Parser\bin\Debug\net8.0\Warewolf.Language.Parser.dll
  Warewolf.Common -> C:\Users\ultra\warewolf\Dev\Warewolf.Common\bin\Debug\net8.0\Warewolf.Common.dll
  Warewolf.Storage.Interfaces -> C:\Users\ultra\warewolf\Dev\Warewolf.Storage.Interfaces\bin\Debug\net8.0\Warewolf.Storage.Interfaces.dll
  Dev2.Data.Interfaces -> C:\Users\ultra\warewolf\Dev\Dev2.Data.Interfaces\bin\Debug\net8.0\Dev2.Data.Interfaces.dll
C:\Users\ultra\warewolf\Dev\Dev2.Common\ExtMethods\StringExtension.cs(302,13): warning CC0004: Empty Catch Block. (https://code-cracker.github.io/diagnostics/CC0004.html) [C:\Users\ultra\warewolf\Dev\Dev2.Common\Dev2.Common.csproj]
  Dev2.Common -> C:\Users\ultra\warewolf\Dev\Dev2.Common\bin\Debug\net8.0\Dev2.Common.dll
C:\Program Files\dotnet\sdk\10.0.201\Microsoft.Common.CurrentVersion.targets(2451,5): warning MSB3277: Found conflicts between different versions of "WindowsBase" that could not be resolved. [C:\Users\ultra\warewolf\Dev\Dev2.Development.Languages\Dev2.Development.Languages.csproj]
C:\Program Files\dotnet\sdk\10.0.201\Microsoft.Common.CurrentVersion.targets(2451,5): warning MSB3277: There was a conflict between "WindowsBase, Version=4.0.0.0, Culture=neutral, PublicKeyToken=31bf3856ad364e35" and "WindowsBase, Version=6.0.2.0, Culture=neutral, PublicKeyToken=31bf3856ad364e35". [C:\Users\ultra\warewolf\Dev\Dev2.Development.Languages\Dev2.Development.Languages.csproj]
C:\Program Files\dotnet\sdk\10.0.201\Microsoft.Common.CurrentVersion.targets(2451,5): warning MSB3277:     "WindowsBase, Version=4.0.0.0, Culture=neutral, PublicKeyToken=31bf3856ad364e35" was chosen because it was primary and "WindowsBase, Version=6.0.2.0, Culture=neutral, PublicKeyToken=31bf3856ad364e35" was not. [C:\Users\ultra\warewolf\Dev\Dev2.Development.Languages\Dev2.Development.Languages.csproj]
C:\Program Files\dotnet\sdk\10.0.201\Microsoft.Common.CurrentVersion.targets(2451,5): warning MSB3277:     References which depend on "WindowsBase, Version=4.0.0.0, Culture=neutral, PublicKeyToken=31bf3856ad364e35" [C:\Program Files\dotnet\packs\Microsoft.NETCore.App.Ref\8.0.25\ref\net8.0\WindowsBase.dll]. [C:\Users\ultra\warewolf\Dev\Dev2.Development.Languages\Dev2.Development.Languages.csproj]
C:\Program Files\dotnet\sdk\10.0.201\Microsoft.Common.CurrentVersion.targets(2451,5): warning MSB3277:         C:\Program Files\dotnet\packs\Microsoft.NETCore.App.Ref\8.0.25\ref\net8.0\WindowsBase.dll [C:\Users\ultra\warewolf\Dev\Dev2.Development.Languages\Dev2.Development.Languages.csproj]
C:\Program Files\dotnet\sdk\10.0.201\Microsoft.Common.CurrentVersion.targets(2451,5): warning MSB3277:           Project file item includes which caused reference "C:\Program Files\dotnet\packs\Microsoft.NETCore.App.Ref\8.0.25\ref\net8.0\WindowsBase.dll". [C:\Users\ultra\warewolf\Dev\Dev2.Development.Languages\Dev2.Development.Languages.csproj]
C:\Program Files\dotnet\sdk\10.0.201\Microsoft.Common.CurrentVersion.targets(2451,5): warning MSB3277:             C:\Program Files\dotnet\packs\Microsoft.NETCore.App.Ref\8.0.25\ref/net8.0/WindowsBase.dll [C:\Users\ultra\warewolf\Dev\Dev2.Development.Languages\Dev2.Development.Languages.csproj]
C:\Program Files\dotnet\sdk\10.0.201\Microsoft.Common.CurrentVersion.targets(2451,5): warning MSB3277:     References which depend on or have been unified to "WindowsBase, Version=6.0.2.0, Culture=neutral, PublicKeyToken=31bf3856ad364e35" []. [C:\Users\ultra\warewolf\Dev\Dev2.Development.Languages\Dev2.Development.Languages.csproj]
C:\Program Files\dotnet\sdk\10.0.201\Microsoft.Common.CurrentVersion.targets(2451,5): warning MSB3277:         C:\Users\ultra\.nuget\packages\caliburn.micro\4.0.212\lib\netcoreapp3.1\Caliburn.Micro.Platform.dll [C:\Users\ultra\warewolf\Dev\Dev2.Development.Languages\Dev2.Development.Languages.csproj]
C:\Program Files\dotnet\sdk\10.0.201\Microsoft.Common.CurrentVersion.targets(2451,5): warning MSB3277:           Project file item includes which caused reference "C:\Users\ultra\.nuget\packages\caliburn.micro\4.0.212\lib\netcoreapp3.1\Caliburn.Micro.Platform.dll". [C:\Users\ultra\warewolf\Dev\Dev2.Development.Languages\Dev2.Development.Languages.csproj]
C:\Program Files\dotnet\sdk\10.0.201\Microsoft.Common.CurrentVersion.targets(2451,5): warning MSB3277:             C:\Users\ultra\.nuget\packages\caliburn.micro\4.0.212\lib\netcoreapp3.1\Caliburn.Micro.Platform.dll [C:\Users\ultra\warewolf\Dev\Dev2.Development.Languages\Dev2.Development.Languages.csproj]
C:\Program Files\dotnet\sdk\10.0.201\Microsoft.Common.CurrentVersion.targets(2451,5): warning MSB3277:         C:\Users\ultra\.nuget\packages\ironpython\3.4.0\lib\net6.0\IronPython.Wpf.dll [C:\Users\ultra\warewolf\Dev\Dev2.Development.Languages\Dev2.Development.Languages.csproj]
C:\Program Files\dotnet\sdk\10.0.201\Microsoft.Common.CurrentVersion.targets(2451,5): warning MSB3277:           Project file item includes which caused reference "C:\Users\ultra\.nuget\packages\ironpython\3.4.0\lib\net6.0\IronPython.Wpf.dll". [C:\Users\ultra\warewolf\Dev\Dev2.Development.Languages\Dev2.Development.Languages.csproj]
C:\Program Files\dotnet\sdk\10.0.201\Microsoft.Common.CurrentVersion.targets(2451,5): warning MSB3277:             C:\Users\ultra\.nuget\packages\ironpython\3.4.0\lib\net6.0\IronPython.Wpf.dll [C:\Users\ultra\warewolf\Dev\Dev2.Development.Languages\Dev2.Development.Languages.csproj]
C:\Program Files\dotnet\sdk\10.0.201\Microsoft.Common.CurrentVersion.targets(2451,5): warning MSB3277:         C:\Users\ultra\.nuget\packages\microsoft.xaml.behaviors.wpf\1.1.19\lib\netcoreapp3.0\Microsoft.Xaml.Behaviors.dll [C:\Users\ultra\warewolf\Dev\Dev2.Development.Languages\Dev2.Development.Languages.csproj]
C:\Program Files\dotnet\sdk\10.0.201\Microsoft.Common.CurrentVersion.targets(2451,5): warning MSB3277:           Project file item includes which caused reference "C:\Users\ultra\.nuget\packages\microsoft.xaml.behaviors.wpf\1.1.19\lib\netcoreapp3.0\Microsoft.Xaml.Behaviors.dll". [C:\Users\ultra\warewolf\Dev\Dev2.Development.Languages\Dev2.Development.Languages.csproj]
C:\Program Files\dotnet\sdk\10.0.201\Microsoft.Common.CurrentVersion.targets(2451,5): warning MSB3277:             C:\Users\ultra\.nuget\packages\microsoft.xaml.behaviors.wpf\1.1.19\lib\netcoreapp3.0\Microsoft.Xaml.Behaviors.dll [C:\Users\ultra\warewolf\Dev\Dev2.Development.Languages\Dev2.Development.Languages.csproj]
C:\Program Files\dotnet\sdk\10.0.201\Microsoft.Common.CurrentVersion.targets(2451,5): warning MSB3277:             C:\Users\ultra\.nuget\packages\caliburn.micro\4.0.212\lib\netcoreapp3.1\Caliburn.Micro.Platform.dll [C:\Users\ultra\warewolf\Dev\Dev2.Development.Languages\Dev2.Development.Languages.csproj]
  Dev2.Util -> C:\Users\ultra\warewolf\Dev\Dev2.Util\bin\Debug\net8.0\Dev2.Util.dll
C:\Users\ultra\warewolf\Dev\Dev2.TaskScheduler.Wrappers\Dev2TaskEvent.cs(47,33): warning CA1416: This call site is reachable on all platforms. 'SecurityIdentifier.Value' is only supported on: 'windows'. (https://learn.microsoft.com/dotnet/fundamentals/code-analysis/quality-rules/ca1416) [C:\Users\ultra\warewolf\Dev\Dev2.TaskScheduler.Wrappers\Dev2.TaskScheduler.Wrappers.csproj]
  Dev2.CustomControls -> C:\Users\ultra\warewolf\Dev\Dev2.CustomControls\bin\Debug\net8.0\Dev2.CustomControls.dll
  Warewolf.Licensing -> C:\Users\ultra\warewolf\Dev\Warewolf.Licensing\bin\Debug\net8.0\Warewolf.Licensing.dll
  Dev2.TaskScheduler.Wrappers -> C:\Users\ultra\warewolf\Dev\Dev2.TaskScheduler.Wrappers\bin\Debug\net8.0\Dev2.TaskScheduler.Wrappers.dll
  Dev2.Development.Languages -> C:\Users\ultra\warewolf\Dev\Dev2.Development.Languages\bin\Debug\net8.0\Dev2.Development.Languages.dll
  Consider app.config remapping of assembly "Newtonsoft.Json, Culture=neutral, PublicKeyToken=30ad4fe6b2a6aeed" from Version "12.0.0.0" [] to Version "13.0.0.0" [C:\Users\ultra\.nuget\packages\newtonsoft.json\13.0.2\lib\net6.0\Newtonsoft.Json.dll] to solve conflict and get rid of warning.
  Dev2.Runtime.Configuration -> C:\Users\ultra\warewolf\Dev\Dev2.Runtime.Configuration\bin\Debug\net8.0\Dev2.Runtime.Configuration.dll
C:\Users\ultra\warewolf\Dev\Dev2.Diagnostics\Debug\DebugDispatcher.cs(209,35): warning CC0057: Parameter 'previous' is not used. (https://code-cracker.github.io/diagnostics/CC0057.html) [C:\Users\ultra\warewolf\Dev\Dev2.Diagnostics\Dev2.Diagnostics.csproj]
  Dev2.Diagnostics -> C:\Users\ultra\warewolf\Dev\Dev2.Diagnostics\bin\Debug\net8.0\Dev2.Diagnostics.dll
C:\Users\ultra\warewolf\Dev\Warewolf.AI.Harness\ChatbotApiService.cs(11,7): warning CS0105: The using directive for 'System.Text' appeared previously in this namespace [C:\Users\ultra\warewolf\Dev\Warewolf.AI.Harness\Warewolf.AI.Harness.csproj]
C:\Users\ultra\warewolf\Dev\Warewolf.AI.Harness\ChatbotApiService.cs(12,7): warning CS0105: The using directive for 'Newtonsoft.Json' appeared previously in this namespace [C:\Users\ultra\warewolf\Dev\Warewolf.AI.Harness\Warewolf.AI.Harness.csproj]
C:\Users\ultra\warewolf\Dev\Warewolf.AI.Harness\ChatbotApiService.cs(641,23): warning CS8618: Non-nullable property 'Model' must contain a non-null value when exiting constructor. Consider adding the 'required' modifier or declaring the property as nullable. [C:\Users\ultra\warewolf\Dev\Warewolf.AI.Harness\Warewolf.AI.Harness.csproj]
C:\Users\ultra\warewolf\Dev\Warewolf.AI.Harness\ChatbotApiService.cs(659,23): warning CS8618: Non-nullable property 'FinishReason' must contain a non-null value when exiting constructor. Consider adding the 'required' modifier or declaring the property as nullable. [C:\Users\ultra\warewolf\Dev\Warewolf.AI.Harness\Warewolf.AI.Harness.csproj]
C:\Users\ultra\warewolf\Dev\Warewolf.AI.Harness\ChatbotApiService.cs(201,34): warning CS8600: Converting null literal or possible null value to non-nullable type. [C:\Users\ultra\warewolf\Dev\Warewolf.AI.Harness\Warewolf.AI.Harness.csproj]
C:\Users\ultra\warewolf\Dev\Warewolf.AI.Harness\ChatbotApiService.cs(215,51): warning CS8602: Dereference of a possibly null reference. [C:\Users\ultra\warewolf\Dev\Warewolf.AI.Harness\Warewolf.AI.Harness.csproj]
C:\Users\ultra\warewolf\Dev\Warewolf.AI.Harness\ChatbotApiService.cs(218,25): warning CS8602: Dereference of a possibly null reference. [C:\Users\ultra\warewolf\Dev\Warewolf.AI.Harness\Warewolf.AI.Harness.csproj]
C:\Users\ultra\warewolf\Dev\Warewolf.AI.Harness\ChatbotApiService.cs(303,34): warning CS8600: Converting null literal or possible null value to non-nullable type. [C:\Users\ultra\warewolf\Dev\Warewolf.AI.Harness\Warewolf.AI.Harness.csproj]
C:\Users\ultra\warewolf\Dev\Warewolf.AI.Harness\ChatbotApiService.cs(312,51): warning CS8602: Dereference of a possibly null reference. [C:\Users\ultra\warewolf\Dev\Warewolf.AI.Harness\Warewolf.AI.Harness.csproj]
C:\Users\ultra\warewolf\Dev\Warewolf.AI.Harness\ChatbotApiService.cs(314,30): warning CS8602: Dereference of a possibly null reference. [C:\Users\ultra\warewolf\Dev\Warewolf.AI.Harness\Warewolf.AI.Harness.csproj]
C:\Users\ultra\warewolf\Dev\Warewolf.AI.Harness\ChatbotApiService.cs(477,32): warning CS8600: Converting null literal or possible null value to non-nullable type. [C:\Users\ultra\warewolf\Dev\Warewolf.AI.Harness\Warewolf.AI.Harness.csproj]
C:\Users\ultra\warewolf\Dev\Warewolf.AI.Harness\ChatbotApiService.cs(478,32): warning CS8600: Converting null literal or possible null value to non-nullable type. [C:\Users\ultra\warewolf\Dev\Warewolf.AI.Harness\Warewolf.AI.Harness.csproj]
C:\Users\ultra\warewolf\Dev\Warewolf.AI.Harness\ChatbotApiService.cs(481,73): warning CS8625: Cannot convert null literal to non-nullable reference type. [C:\Users\ultra\warewolf\Dev\Warewolf.AI.Harness\Warewolf.AI.Harness.csproj]
C:\Users\ultra\warewolf\Dev\Warewolf.AI.Harness\ChatbotApiService.cs(482,60): warning CS8604: Possible null reference argument for parameter 'authHeaderName' in 'HttpResponseMessage ChatbotApiService.PostWithAuth(string endpoint, object payload, string authHeaderName, string authHeaderValue, string additionalHeaders)'. [C:\Users\ultra\warewolf\Dev\Warewolf.AI.Harness\Warewolf.AI.Harness.csproj]
C:\Users\ultra\warewolf\Dev\Warewolf.AI.Harness\ChatbotApiService.cs(482,70): warning CS8604: Possible null reference argument for parameter 'authHeaderValue' in 'HttpResponseMessage ChatbotApiService.PostWithAuth(string endpoint, object payload, string authHeaderName, string authHeaderValue, string additionalHeaders)'. [C:\Users\ultra\warewolf\Dev\Warewolf.AI.Harness\Warewolf.AI.Harness.csproj]
C:\Users\ultra\warewolf\Dev\Warewolf.AI.Harness\ChatbotApiService.cs(482,81): warning CS8625: Cannot convert null literal to non-nullable reference type. [C:\Users\ultra\warewolf\Dev\Warewolf.AI.Harness\Warewolf.AI.Harness.csproj]
C:\Users\ultra\warewolf\Dev\Warewolf.AI.Harness\ChatbotApiService.cs(496,73): warning CS8625: Cannot convert null literal to non-nullable reference type. [C:\Users\ultra\warewolf\Dev\Warewolf.AI.Harness\Warewolf.AI.Harness.csproj]
C:\Users\ultra\warewolf\Dev\Warewolf.AI.Harness\ChatbotApiService.cs(497,81): warning CS8625: Cannot convert null literal to non-nullable reference type. [C:\Users\ultra\warewolf\Dev\Warewolf.AI.Harness\Warewolf.AI.Harness.csproj]
C:\Users\ultra\warewolf\Dev\Warewolf.AI.Harness\ChatbotApiService.cs(514,73): warning CS8625: Cannot convert null literal to non-nullable reference type. [C:\Users\ultra\warewolf\Dev\Warewolf.AI.Harness\Warewolf.AI.Harness.csproj]
C:\Users\ultra\warewolf\Dev\Warewolf.AI.Harness\ChatbotApiService.cs(515,114): warning CS8625: Cannot convert null literal to non-nullable reference type. [C:\Users\ultra\warewolf\Dev\Warewolf.AI.Harness\Warewolf.AI.Harness.csproj]
C:\Users\ultra\warewolf\Dev\Warewolf.AI.Harness\ChatbotApiService.cs(521,36): warning CS8600: Converting null literal or possible null value to non-nullable type. [C:\Users\ultra\warewolf\Dev\Warewolf.AI.Harness\Warewolf.AI.Harness.csproj]
C:\Users\ultra\warewolf\Dev\Warewolf.AI.Harness\ChatbotApiService.cs(538,82): warning CS8604: Possible null reference argument for parameter 'systemMessage' in 'Dictionary<string, object> ChatbotApiService.CreatePayload(string model, object messages, string systemMessage, bool useMaxCompletionTokens, bool includeTemperature)'. [C:\Users\ultra\warewolf\Dev\Warewolf.AI.Harness\Warewolf.AI.Harness.csproj]
C:\Users\ultra\warewolf\Dev\Warewolf.AI.Harness\ChatbotApiService.cs(545,35): warning CS8600: Converting null literal or possible null value to non-nullable type. [C:\Users\ultra\warewolf\Dev\Warewolf.AI.Harness\Warewolf.AI.Harness.csproj]
C:\Users\ultra\warewolf\Dev\Warewolf.AI.Harness\ChatbotApiService.cs(589,68): warning CS8625: Cannot convert null literal to non-nullable reference type. [C:\Users\ultra\warewolf\Dev\Warewolf.AI.Harness\Warewolf.AI.Harness.csproj]
C:\Users\ultra\warewolf\Dev\Warewolf.AI.Harness\ChatbotApiService.cs(589,74): warning CS8625: Cannot convert null literal to non-nullable reference type. [C:\Users\ultra\warewolf\Dev\Warewolf.AI.Harness\Warewolf.AI.Harness.csproj]
C:\Users\ultra\warewolf\Dev\Warewolf.AI.Harness\ChatbotApiService.cs(589,80): warning CS8625: Cannot convert null literal to non-nullable reference type. [C:\Users\ultra\warewolf\Dev\Warewolf.AI.Harness\Warewolf.AI.Harness.csproj]
  Warewolf.AI.Harness -> C:\Users\ultra\warewolf\Dev\Warewolf.AI.Harness\bin\Debug\net8.0\Warewolf.AI.Harness.dll
C:\Users\ultra\warewolf\Dev\Dev2.Infrastructure\PerformanceCounters\Management\PerformanceCounterPersistence.cs(48,81): warning CC0057: Parameter 'resourcePerformanceCounters' is not used. (https://code-cracker.github.io/diagnostics/CC0057.html) [C:\Users\ultra\warewolf\Dev\Dev2.Infrastructure\Dev2.Infrastructure.csproj]
C:\Users\ultra\warewolf\Dev\Dev2.Infrastructure\PerformanceCounters\Management\WarewolfPerformanceCounterManager.cs(22,140): warning CC0057: Parameter 'register' is not used. (https://code-cracker.github.io/diagnostics/CC0057.html) [C:\Users\ultra\warewolf\Dev\Dev2.Infrastructure\Dev2.Infrastructure.csproj]
C:\Users\ultra\warewolf\Dev\Dev2.Infrastructure\PerformanceCounters\PerformanceCounterCategoryWrapper.cs(33,48): warning CA1416: This call site is reachable on all platforms. 'PerformanceCounterCategory.Exists(string)' is only supported on: 'windows'. (https://learn.microsoft.com/dotnet/fundamentals/code-analysis/quality-rules/ca1416) [C:\Users\ultra\warewolf\Dev\Dev2.Infrastructure\Dev2.Infrastructure.csproj]
C:\Users\ultra\warewolf\Dev\Dev2.Infrastructure\PerformanceCounters\PerformanceCounterCategoryWrapper.cs(38,29): warning CA1416: This call site is reachable on all platforms. 'PerformanceCounterCategory' is only supported on: 'windows'. (https://learn.microsoft.com/dotnet/fundamentals/code-analysis/quality-rules/ca1416) [C:\Users\ultra\warewolf\Dev\Dev2.Infrastructure\Dev2.Infrastructure.csproj]
C:\Users\ultra\warewolf\Dev\Dev2.Infrastructure\PerformanceCounters\PerformanceCounterCategoryWrapper.cs(32,48): warning CA1416: This call site is reachable on all platforms. 'PerformanceCounterCategory.Delete(string)' is only supported on: 'windows'. (https://learn.microsoft.com/dotnet/fundamentals/code-analysis/quality-rules/ca1416) [C:\Users\ultra\warewolf\Dev\Dev2.Infrastructure\Dev2.Infrastructure.csproj]
C:\Users\ultra\warewolf\Dev\Dev2.Infrastructure\PerformanceCounters\PerformanceCounterCategoryWrapper.cs(12,51): warning CA1416: This call site is reachable on all platforms. 'PerformanceCounterCategory.CounterExists(string)' is only supported on: 'windows'. (https://learn.microsoft.com/dotnet/fundamentals/code-analysis/quality-rules/ca1416) [C:\Users\ultra\warewolf\Dev\Dev2.Infrastructure\Dev2.Infrastructure.csproj]
C:\Users\ultra\warewolf\Dev\Dev2.Infrastructure\PerformanceCounters\Management\WarewolfPerformanceCounterManager.cs(67,83): warning CC0057: Parameter 'name' is not used. (https://code-cracker.github.io/diagnostics/CC0057.html) [C:\Users\ultra\warewolf\Dev\Dev2.Infrastructure\Dev2.Infrastructure.csproj]
C:\Users\ultra\warewolf\Dev\Dev2.Infrastructure\PerformanceCounters\PerformanceCounterCategoryWrapper.cs(14,49): warning CA1416: This call site is reachable on all platforms. 'CounterCreationDataCollection' is only supported on: 'windows'. (https://learn.microsoft.com/dotnet/fundamentals/code-analysis/quality-rules/ca1416) [C:\Users\ultra\warewolf\Dev\Dev2.Infrastructure\Dev2.Infrastructure.csproj]
C:\Users\ultra\warewolf\Dev\Dev2.Infrastructure\PerformanceCounters\PerformanceCounterCategoryWrapper.cs(25,21): warning CA1416: This call site is reachable on all platforms. 'CounterCreationDataCollection.Add(CounterCreationData)' is only supported on: 'windows'. (https://learn.microsoft.com/dotnet/fundamentals/code-analysis/quality-rules/ca1416) [C:\Users\ultra\warewolf\Dev\Dev2.Infrastructure\Dev2.Infrastructure.csproj]
C:\Users\ultra\warewolf\Dev\Dev2.Infrastructure\PerformanceCounters\PerformanceCounterCategoryWrapper.cs(29,13): warning CA1416: This call site is reachable on all platforms. 'PerformanceCounterCategory.Create(string, string, PerformanceCounterCategoryType, CounterCreationDataCollection)' is only supported on: 'windows'. (https://learn.microsoft.com/dotnet/fundamentals/code-analysis/quality-rules/ca1416) [C:\Users\ultra\warewolf\Dev\Dev2.Infrastructure\Dev2.Infrastructure.csproj]
C:\Users\ultra\warewolf\Dev\Dev2.Infrastructure\PerformanceCounters\PerformanceCounterCategoryWrapper.cs(29,71): warning CA1416: This call site is reachable on all platforms. 'PerformanceCounterCategoryType.MultiInstance' is only supported on: 'windows'. (https://learn.microsoft.com/dotnet/fundamentals/code-analysis/quality-rules/ca1416) [C:\Users\ultra\warewolf\Dev\Dev2.Infrastructure\Dev2.Infrastructure.csproj]
C:\Users\ultra\warewolf\Dev\Dev2.Infrastructure\PerformanceCounters\PerformanceCounterCategoryWrapper.cs(19,45): warning CA1416: This call site is reachable on all platforms. 'CounterCreationData' is only supported on: 'windows'. (https://learn.microsoft.com/dotnet/fundamentals/code-analysis/quality-rules/ca1416) [C:\Users\ultra\warewolf\Dev\Dev2.Infrastructure\Dev2.Infrastructure.csproj]
C:\Users\ultra\warewolf\Dev\Dev2.Infrastructure\PerformanceCounters\PerformanceCounterCategoryWrapper.cs(54,28): warning CA1416: This call site is reachable on all platforms. 'PerformanceCounterType.RateOfCountsPerSecond32' is only supported on: 'windows'. (https://learn.microsoft.com/dotnet/fundamentals/code-analysis/quality-rules/ca1416) [C:\Users\ultra\warewolf\Dev\Dev2.Infrastructure\Dev2.Infrastructure.csproj]
C:\Users\ultra\warewolf\Dev\Dev2.Infrastructure\PerformanceCounters\PerformanceCounterCategoryWrapper.cs(50,28): warning CA1416: This call site is reachable on all platforms. 'PerformanceCounterType.AverageTimer32' is only supported on: 'windows'. (https://learn.microsoft.com/dotnet/fundamentals/code-analysis/quality-rules/ca1416) [C:\Users\ultra\warewolf\Dev\Dev2.Infrastructure\Dev2.Infrastructure.csproj]
C:\Users\ultra\warewolf\Dev\Dev2.Infrastructure\PerformanceCounters\PerformanceCounterCategoryWrapper.cs(52,28): warning CA1416: This call site is reachable on all platforms. 'PerformanceCounterType.NumberOfItems32' is only supported on: 'windows'. (https://learn.microsoft.com/dotnet/fundamentals/code-analysis/quality-rules/ca1416) [C:\Users\ultra\warewolf\Dev\Dev2.Infrastructure\Dev2.Infrastructure.csproj]
C:\Users\ultra\warewolf\Dev\Dev2.Infrastructure\PerformanceCounters\PerformanceCounterCategoryWrapper.cs(48,28): warning CA1416: This call site is reachable on all platforms. 'PerformanceCounterType.AverageBase' is only supported on: 'windows'. (https://learn.microsoft.com/dotnet/fundamentals/code-analysis/quality-rules/ca1416) [C:\Users\ultra\warewolf\Dev\Dev2.Infrastructure\Dev2.Infrastructure.csproj]
C:\Users\ultra\warewolf\Dev\Dev2.Infrastructure\Services\Security\MoqInstallerActions\InstallerActionsForDevelopment.cs(59,57): warning CA1416: This call site is reachable on all platforms. 'WindowsIdentity.Name' is only supported on: 'windows'. (https://learn.microsoft.com/dotnet/fundamentals/code-analysis/quality-rules/ca1416) [C:\Users\ultra\warewolf\Dev\Dev2.Infrastructure\Dev2.Infrastructure.csproj]
C:\Users\ultra\warewolf\Dev\Dev2.Infrastructure\Services\Security\MoqInstallerActions\InstallerActionsForDevelopment.cs(57,31): warning CA1416: This call site is reachable on all platforms. 'WindowsIdentity.GetCurrent(bool)' is only supported on: 'windows'. (https://learn.microsoft.com/dotnet/fundamentals/code-analysis/quality-rules/ca1416) [C:\Users\ultra\warewolf\Dev\Dev2.Infrastructure\Dev2.Infrastructure.csproj]
C:\Users\ultra\warewolf\Dev\Dev2.Infrastructure\Services\Security\SecuritySettings.cs(92,28): warning CC0022: HMACSHA256 should be disposed. (https://code-cracker.github.io/diagnostics/CC0022.html) [C:\Users\ultra\warewolf\Dev\Dev2.Infrastructure\Dev2.Infrastructure.csproj]
CSC : warning AD0001: Analyzer 'CodeCracker.CSharp.Design.UseInvokeMethodToFireEventAnalyzer' threw an exception of type 'System.ArgumentException' with message 'Syntax node is not within syntax tree'. [C:\Users\ultra\warewolf\Dev\Dev2.Infrastructure\Dev2.Infrastructure.csproj]
CSC : warning AD0001: Analyzer 'CodeCracker.CSharp.Design.UseInvokeMethodToFireEventAnalyzer' threw an exception of type 'System.ArgumentException' with message 'Syntax node is not within syntax tree'. [C:\Users\ultra\warewolf\Dev\Dev2.Infrastructure\Dev2.Infrastructure.csproj]
CSC : warning AD0001: Analyzer 'CodeCracker.CSharp.Design.UseInvokeMethodToFireEventAnalyzer' threw an exception of type 'System.ArgumentException' with message 'Syntax node is not within syntax tree'. [C:\Users\ultra\warewolf\Dev\Dev2.Infrastructure\Dev2.Infrastructure.csproj]
CSC : warning AD0001: Analyzer 'CodeCracker.CSharp.Design.UseInvokeMethodToFireEventAnalyzer' threw an exception of type 'System.ArgumentException' with message 'Syntax node is not within syntax tree'. [C:\Users\ultra\warewolf\Dev\Dev2.Infrastructure\Dev2.Infrastructure.csproj]
CSC : warning AD0001: Analyzer 'CodeCracker.CSharp.Design.UseInvokeMethodToFireEventAnalyzer' threw an exception of type 'System.ArgumentException' with message 'Syntax node is not within syntax tree'. [C:\Users\ultra\warewolf\Dev\Dev2.Infrastructure\Dev2.Infrastructure.csproj]
CSC : warning AD0001: Analyzer 'CodeCracker.CSharp.Design.UseInvokeMethodToFireEventAnalyzer' threw an exception of type 'System.ArgumentException' with message 'Syntax node is not within syntax tree'. [C:\Users\ultra\warewolf\Dev\Dev2.Infrastructure\Dev2.Infrastructure.csproj]
CSC : warning AD0001: Analyzer 'CodeCracker.CSharp.Design.UseInvokeMethodToFireEventAnalyzer' threw an exception of type 'System.ArgumentException' with message 'Syntax node is not within syntax tree'. [C:\Users\ultra\warewolf\Dev\Dev2.Infrastructure\Dev2.Infrastructure.csproj]
CSC : warning AD0001: Analyzer 'CodeCracker.CSharp.Design.UseInvokeMethodToFireEventAnalyzer' threw an exception of type 'System.ArgumentException' with message 'Syntax node is not within syntax tree'. [C:\Users\ultra\warewolf\Dev\Dev2.Infrastructure\Dev2.Infrastructure.csproj]
CSC : warning AD0001: Analyzer 'CodeCracker.CSharp.Design.UseInvokeMethodToFireEventAnalyzer' threw an exception of type 'System.ArgumentException' with message 'Syntax node is not within syntax tree'. [C:\Users\ultra\warewolf\Dev\Dev2.Infrastructure\Dev2.Infrastructure.csproj]
CSC : warning AD0001: Analyzer 'CodeCracker.CSharp.Design.UseInvokeMethodToFireEventAnalyzer' threw an exception of type 'System.ArgumentException' with message 'Syntax node is not within syntax tree'. [C:\Users\ultra\warewolf\Dev\Dev2.Infrastructure\Dev2.Infrastructure.csproj]
CSC : warning AD0001: Analyzer 'CodeCracker.CSharp.Design.UseInvokeMethodToFireEventAnalyzer' threw an exception of type 'System.ArgumentException' with message 'Syntax node is not within syntax tree'. [C:\Users\ultra\warewolf\Dev\Dev2.Infrastructure\Dev2.Infrastructure.csproj]
CSC : warning AD0001: Analyzer 'CodeCracker.CSharp.Design.UseInvokeMethodToFireEventAnalyzer' threw an exception of type 'System.ArgumentException' with message 'Syntax node is not within syntax tree'. [C:\Users\ultra\warewolf\Dev\Dev2.Infrastructure\Dev2.Infrastructure.csproj]
CSC : warning AD0001: Analyzer 'CodeCracker.CSharp.Design.UseInvokeMethodToFireEventAnalyzer' threw an exception of type 'System.ArgumentException' with message 'Syntax node is not within syntax tree'. [C:\Users\ultra\warewolf\Dev\Dev2.Infrastructure\Dev2.Infrastructure.csproj]
CSC : warning AD0001: Analyzer 'CodeCracker.CSharp.Design.UseInvokeMethodToFireEventAnalyzer' threw an exception of type 'System.ArgumentException' with message 'Syntax node is not within syntax tree'. [C:\Users\ultra\warewolf\Dev\Dev2.Infrastructure\Dev2.Infrastructure.csproj]
  Dev2.Infrastructure -> C:\Users\ultra\warewolf\Dev\Dev2.Infrastructure\bin\Debug\net8.0\Dev2.Infrastructure.dll
C:\Program Files\dotnet\sdk\10.0.201\Microsoft.CSharp.CurrentVersion.targets(130,9): warning MSB3884: Could not find rule set file "..\.sonarlint\warewolf_dotnet_frameworkcsharp.ruleset". [C:\Users\ultra\warewolf\Dev\Warewolf.Sharepoint\Warewolf.Sharepoint.csproj]
C:\Users\ultra\warewolf\Dev\Dev2.SignalR.Wrappers.New\HubConnectionWrapper.cs(431,21): warning SYSLIB0006: 'Thread.Abort()' is obsolete: 'Thread.Abort is not supported and throws PlatformNotSupportedException.' (https://aka.ms/dotnet-warnings/SYSLIB0006) [C:\Users\ultra\warewolf\Dev\Dev2.SignalR.Wrappers.New\Dev2.SignalR.Wrappers.New.csproj]
C:\Users\ultra\warewolf\Dev\Dev2.SignalR.Wrappers.New\HubConnectionWrapper.cs(205,21): warning CC0029: 'HubConnectionWrapper' should call GC.SuppressFinalize inside the Dispose method. (https://code-cracker.github.io/diagnostics/CC0029.html) [C:\Users\ultra\warewolf\Dev\Dev2.SignalR.Wrappers.New\Dev2.SignalR.Wrappers.New.csproj]
C:\Users\ultra\warewolf\Dev\Dev2.SignalR.Wrappers.New\HubConnectionWrapper.cs(383,17): warning CC0105: Use 'var' instead of specifying the type name. (https://code-cracker.github.io/diagnostics/CC0105.html) [C:\Users\ultra\warewolf\Dev\Dev2.SignalR.Wrappers.New\Dev2.SignalR.Wrappers.New.csproj]
C:\Users\ultra\warewolf\Dev\Dev2.Services.Sql\ConnectionBuilder.cs(44,21): warning CC0029: 'ConnectionBuilder' should call GC.SuppressFinalize inside the Dispose method. (https://code-cracker.github.io/diagnostics/CC0029.html) [C:\Users\ultra\warewolf\Dev\Dev2.Services.Sql\Dev2.Services.Sql.csproj]
  Dev2.Services.Sql -> C:\Users\ultra\warewolf\Dev\Dev2.Services.Sql\bin\Debug\net8.0\Dev2.Services.Sql.dll
  Warewolf.Storage -> C:\Users\ultra\warewolf\Dev\Warewolf.Storage\bin\Debug\net8.0\Warewolf.Storage.dll
  Dev2.SignalR.Wrappers.New -> C:\Users\ultra\warewolf\Dev\Dev2.SignalR.Wrappers.New\bin\Debug\net8.0\Dev2.SignalR.Wrappers.New.dll
  Warewolf.Sharepoint -> C:\Users\ultra\warewolf\Dev\Warewolf.Sharepoint\bin\Debug\net8.0\Warewolf.Sharepoint.dll
C:\Program Files\dotnet\sdk\10.0.201\Microsoft.Common.CurrentVersion.targets(2451,5): warning MSB3245: Could not resolve this reference. Could not locate the assembly "System.Web". Check to make sure the assembly exists on disk. If this reference is required by your code, you may get compilation errors. [C:\Users\ultra\warewolf\Dev\Dev2.Data\Dev2.Data.csproj]
C:\Program Files\dotnet\sdk\10.0.201\Microsoft.Common.CurrentVersion.targets(2451,5): warning MSB3245: Could not resolve this reference. Could not locate the assembly "System.Web.Extensions". Check to make sure the assembly exists on disk. If this reference is required by your code, you may get compilation errors. [C:\Users\ultra\warewolf\Dev\Dev2.Data\Dev2.Data.csproj]
C:\Program Files\dotnet\sdk\10.0.201\Microsoft.Common.CurrentVersion.targets(2451,5): warning MSB3245: Could not resolve this reference. Could not locate the assembly "System.Xml.Linq". Check to make sure the assembly exists on disk. If this reference is required by your code, you may get compilation errors. [C:\Users\ultra\warewolf\Dev\Dev2.Data\Dev2.Data.csproj]
C:\Program Files\dotnet\sdk\10.0.201\Microsoft.Common.CurrentVersion.targets(2451,5): warning MSB3245: Could not resolve this reference. Could not locate the assembly "System.Data.DataSetExtensions". Check to make sure the assembly exists on disk. If this reference is required by your code, you may get compilation errors. [C:\Users\ultra\warewolf\Dev\Dev2.Data\Dev2.Data.csproj]
C:\Program Files\dotnet\sdk\10.0.201\Microsoft.Common.CurrentVersion.targets(2451,5): warning MSB3245: Could not resolve this reference. Could not locate the assembly "Microsoft.CSharp". Check to make sure the assembly exists on disk. If this reference is required by your code, you may get compilation errors. [C:\Users\ultra\warewolf\Dev\Dev2.Data\Dev2.Data.csproj]
C:\Program Files\dotnet\sdk\10.0.201\Microsoft.Common.CurrentVersion.targets(2451,5): warning MSB3245: Could not resolve this reference. Could not locate the assembly "System.Data". Check to make sure the assembly exists on disk. If this reference is required by your code, you may get compilation errors. [C:\Users\ultra\warewolf\Dev\Dev2.Data\Dev2.Data.csproj]
C:\Program Files\dotnet\sdk\10.0.201\Microsoft.Common.CurrentVersion.targets(2451,5): warning MSB3245: Could not resolve this reference. Could not locate the assembly "System.Xml". Check to make sure the assembly exists on disk. If this reference is required by your code, you may get compilation errors. [C:\Users\ultra\warewolf\Dev\Dev2.Data\Dev2.Data.csproj]
C:\Program Files\dotnet\sdk\10.0.201\Microsoft.Common.CurrentVersion.targets(2451,5): warning MSB3243: No way to resolve conflict between "System.Web, Version=4.0.0.0, Culture=neutral, PublicKeyToken=b03f5f7f11d50a3a" and "System.Web". Choosing "System.Web, Version=4.0.0.0, Culture=neutral, PublicKeyToken=b03f5f7f11d50a3a" arbitrarily. [C:\Users\ultra\warewolf\Dev\Dev2.Data\Dev2.Data.csproj]
C:\Program Files\dotnet\sdk\10.0.201\Microsoft.Common.CurrentVersion.targets(2451,5): warning MSB3243: No way to resolve conflict between "System.Xml.Linq, Version=4.0.0.0, Culture=neutral, PublicKeyToken=b77a5c561934e089" and "System.Xml.Linq". Choosing "System.Xml.Linq, Version=4.0.0.0, Culture=neutral, PublicKeyToken=b77a5c561934e089" arbitrarily. [C:\Users\ultra\warewolf\Dev\Dev2.Data\Dev2.Data.csproj]
C:\Program Files\dotnet\sdk\10.0.201\Microsoft.Common.CurrentVersion.targets(2451,5): warning MSB3243: No way to resolve conflict between "System.Data.DataSetExtensions, Version=8.0.0.0, Culture=neutral, PublicKeyToken=b77a5c561934e089" and "System.Data.DataSetExtensions". Choosing "System.Data.DataSetExtensions, Version=8.0.0.0, Culture=neutral, PublicKeyToken=b77a5c561934e089" arbitrarily. [C:\Users\ultra\warewolf\Dev\Dev2.Data\Dev2.Data.csproj]
C:\Program Files\dotnet\sdk\10.0.201\Microsoft.Common.CurrentVersion.targets(2451,5): warning MSB3243: No way to resolve conflict between "Microsoft.CSharp, Version=8.0.0.0, Culture=neutral, PublicKeyToken=b03f5f7f11d50a3a" and "Microsoft.CSharp". Choosing "Microsoft.CSharp, Version=8.0.0.0, Culture=neutral, PublicKeyToken=b03f5f7f11d50a3a" arbitrarily. [C:\Users\ultra\warewolf\Dev\Dev2.Data\Dev2.Data.csproj]
C:\Program Files\dotnet\sdk\10.0.201\Microsoft.Common.CurrentVersion.targets(2451,5): warning MSB3243: No way to resolve conflict between "System.Data, Version=4.0.0.0, Culture=neutral, PublicKeyToken=b77a5c561934e089" and "System.Data". Choosing "System.Data, Version=4.0.0.0, Culture=neutral, PublicKeyToken=b77a5c561934e089" arbitrarily. [C:\Users\ultra\warewolf\Dev\Dev2.Data\Dev2.Data.csproj]
C:\Program Files\dotnet\sdk\10.0.201\Microsoft.Common.CurrentVersion.targets(2451,5): warning MSB3243: No way to resolve conflict between "System.Xml, Version=4.0.0.0, Culture=neutral, PublicKeyToken=b77a5c561934e089" and "System.Xml". Choosing "System.Xml, Version=4.0.0.0, Culture=neutral, PublicKeyToken=b77a5c561934e089" arbitrarily. [C:\Users\ultra\warewolf\Dev\Dev2.Data\Dev2.Data.csproj]
CSC : warning CS2002: Source file 'C:\Users\ultra\warewolf\Dev\Dev2.Data\MathOperations\NCalc\NCalcExpressionBuilder.cs' specified multiple times [C:\Users\ultra\warewolf\Dev\Dev2.Data\Dev2.Data.csproj]
CSC : warning CS2002: Source file 'C:\Users\ultra\warewolf\Dev\Dev2.Data\MathOperations\NCalc\NCalcFunctionArgHelper.cs' specified multiple times [C:\Users\ultra\warewolf\Dev\Dev2.Data\Dev2.Data.csproj]
CSC : warning CS2002: Source file 'C:\Users\ultra\warewolf\Dev\Dev2.Data\MathOperations\NCalc\Functions\BaseConversionFunctions.cs' specified multiple times [C:\Users\ultra\warewolf\Dev\Dev2.Data\Dev2.Data.csproj]
CSC : warning CS2002: Source file 'C:\Users\ultra\warewolf\Dev\Dev2.Data\MathOperations\NCalc\Functions\ComplexFunctions.cs' specified multiple times [C:\Users\ultra\warewolf\Dev\Dev2.Data\Dev2.Data.csproj]
CSC : warning CS2002: Source file 'C:\Users\ultra\warewolf\Dev\Dev2.Data\MathOperations\NCalc\Functions\DateTimeFunctions.cs' specified multiple times [C:\Users\ultra\warewolf\Dev\Dev2.Data\Dev2.Data.csproj]
CSC : warning CS2002: Source file 'C:\Users\ultra\warewolf\Dev\Dev2.Data\MathOperations\NCalc\Functions\FinancialFunctions.cs' specified multiple times [C:\Users\ultra\warewolf\Dev\Dev2.Data\Dev2.Data.csproj]
CSC : warning CS2002: Source file 'C:\Users\ultra\warewolf\Dev\Dev2.Data\MathOperations\NCalc\Functions\InformationFunctions.cs' specified multiple times [C:\Users\ultra\warewolf\Dev\Dev2.Data\Dev2.Data.csproj]
CSC : warning CS2002: Source file 'C:\Users\ultra\warewolf\Dev\Dev2.Data\MathOperations\NCalc\Functions\MathFunctions.cs' specified multiple times [C:\Users\ultra\warewolf\Dev\Dev2.Data\Dev2.Data.csproj]
CSC : warning CS2002: Source file 'C:\Users\ultra\warewolf\Dev\Dev2.Data\MathOperations\NCalc\Functions\StringFunctions.cs' specified multiple times [C:\Users\ultra\warewolf\Dev\Dev2.Data\Dev2.Data.csproj]
C:\Users\ultra\warewolf\Dev\Dev2.Data\MathOperations\NCalc\Functions\MathFunctions.cs(22,30): warning CS8632: The annotation for nullable reference types should only be used in code within a '#nullable' annotations context. [C:\Users\ultra\warewolf\Dev\Dev2.Data\Dev2.Data.csproj]
C:\Users\ultra\warewolf\Dev\Dev2.Data\MathOperations\NCalc\NCalcFunctionArgHelper.cs(51,47): warning CS8632: The annotation for nullable reference types should only be used in code within a '#nullable' annotations context. [C:\Users\ultra\warewolf\Dev\Dev2.Data\Dev2.Data.csproj]
C:\Users\ultra\warewolf\Dev\Dev2.Data\MathOperations\NCalc\Functions\StringFunctions.cs(94,59): warning CS8632: The annotation for nullable reference types should only be used in code within a '#nullable' annotations context. [C:\Users\ultra\warewolf\Dev\Dev2.Data\Dev2.Data.csproj]
C:\Users\ultra\warewolf\Dev\Dev2.Data\NativeMethods.cs(66,59): warning CS0472: The result of the expression is always 'false' since a value of type 'nint' is never equal to 'null' of type 'nint?' [C:\Users\ultra\warewolf\Dev\Dev2.Data\Dev2.Data.csproj]
C:\Users\ultra\warewolf\Dev\Dev2.Data\NativeMethods.cs(88,8): warning CS0472: The result of the expression is always 'false' since a value of type 'nint' is never equal to 'null' of type 'nint?' [C:\Users\ultra\warewolf\Dev\Dev2.Data\Dev2.Data.csproj]
C:\Users\ultra\warewolf\Dev\Dev2.Data\Security\WindowsIdentityExtensions.cs(28,49): warning CA1416: This call site is reachable on all platforms. 'WindowsIdentity.AccessToken' is only supported on: 'windows'. (https://learn.microsoft.com/dotnet/fundamentals/code-analysis/quality-rules/ca1416) [C:\Users\ultra\warewolf\Dev\Dev2.Data\Dev2.Data.csproj]
C:\Users\ultra\warewolf\Dev\Dev2.Data\Security\WindowsIdentityExtensions.cs(41,59): warning CA1416: This call site is reachable on all platforms. 'WindowsIdentity.AccessToken' is only supported on: 'windows'. (https://learn.microsoft.com/dotnet/fundamentals/code-analysis/quality-rules/ca1416) [C:\Users\ultra\warewolf\Dev\Dev2.Data\Dev2.Data.csproj]
C:\Users\ultra\warewolf\Dev\Dev2.Data\Security\WindowsIdentityExtensions.cs(28,17): warning CA1416: This call site is reachable on all platforms. 'WindowsIdentity.RunImpersonated(SafeAccessTokenHandle, Action)' is only supported on: 'windows'. (https://learn.microsoft.com/dotnet/fundamentals/code-analysis/quality-rules/ca1416) [C:\Users\ultra\warewolf\Dev\Dev2.Data\Dev2.Data.csproj]
C:\Users\ultra\warewolf\Dev\Dev2.Data\Security\WindowsIdentityExtensions.cs(41,24): warning CA1416: This call site is reachable on all platforms. 'WindowsIdentity.RunImpersonated<T>(SafeAccessTokenHandle, Func<T>)' is only supported on: 'windows'. (https://learn.microsoft.com/dotnet/fundamentals/code-analysis/quality-rules/ca1416) [C:\Users\ultra\warewolf\Dev\Dev2.Data\Dev2.Data.csproj]
C:\Users\ultra\warewolf\Dev\Dev2.Data\PathOperations\ValidateAuthorization.cs(73,33): warning CA1416: This call site is reachable on all platforms. 'WindowsIdentity' is only supported on: 'windows'. (https://learn.microsoft.com/dotnet/fundamentals/code-analysis/quality-rules/ca1416) [C:\Users\ultra\warewolf\Dev\Dev2.Data\Dev2.Data.csproj]
  Dev2.Data -> C:\Users\ultra\warewolf\Dev\Dev2.Data\bin\Debug\net8.0\Dev2.Data.dll
  Warewolf.Driver.Serilog -> C:\Users\ultra\warewolf\Dev\Warewolf.Driver.Serilog\bin\Debug\net8.0\Warewolf.Driver.Serilog.dll
  Dev2.Scheduler -> C:\Users\ultra\warewolf\Dev\Dev2.Scheduler\bin\Debug\net8.0\Dev2.Scheduler.dll
  Dev2.Core -> C:\Users\ultra\warewolf\Dev\Dev2.Core\bin\Debug\net8.0\Dev2.Core.dll
  Warewolf.Exchange.Email.Wrapper -> C:\Users\ultra\warewolf\Dev\Warewolf.Exchange.Email.Wrapper\bin\Debug\net8.0\Warewolf.Exchange.Email.Wrapper.dll
C:\Users\ultra\warewolf\Dev\Warewolf.Core\InputsFromJson.cs(99,21): warning CC0105: Use 'var' instead of specifying the type name. (https://code-cracker.github.io/diagnostics/CC0105.html) [C:\Users\ultra\warewolf\Dev\Warewolf.Core\Warewolf.Core.csproj]
  Warewolf.ResourceManagement -> C:\Users\ultra\warewolf\Dev\Warewolf.ResourceManagement\bin\Debug\net8.0\Warewolf.ResourceManagement.dll
  Warewolf.Core -> C:\Users\ultra\warewolf\Dev\Warewolf.Core\bin\Debug\net8.0\Warewolf.Core.dll
C:\Users\ultra\warewolf\Dev\Warewolf.Auditing\Audit.cs(189,26): warning CS8073: The result of the expression is always 'false' since a value of type 'DateTime' is never equal to 'null' of type 'DateTime?' [C:\Users\ultra\warewolf\Dev\Warewolf.Auditing\Warewolf.Auditing.csproj]
C:\Users\ultra\warewolf\Dev\Warewolf.Auditing\Drivers\AuditQueryableElastic.cs(360,33): warning CS0618: 'ElasticsearchClient.Search<TDocument>(SearchRequestDescriptor<TDocument>)' is obsolete: 'Synchronous methods are deprecated and could be removed in the future.' [C:\Users\ultra\warewolf\Dev\Warewolf.Auditing\Warewolf.Auditing.csproj]
C:\Users\ultra\warewolf\Dev\Warewolf.Auditing\Drivers\AuditQueryableElastic.cs(384,26): warning CS0618: 'ElasticsearchClient.Ping()' is obsolete: 'Synchronous methods are deprecated and could be removed in the future.' [C:\Users\ultra\warewolf\Dev\Warewolf.Auditing\Warewolf.Auditing.csproj]
  Warewolf.Auditing -> C:\Users\ultra\warewolf\Dev\Warewolf.Auditing\bin\Debug\net8.0\Warewolf.Auditing.dll
C:\Users\ultra\warewolf\Dev\Warewolf.Common.NetStandard20\Wrappers\WebRequestWrapper.cs(26,24): warning SYSLIB0014: 'WebRequest.Create(string)' is obsolete: 'WebRequest, HttpWebRequest, ServicePoint, and WebClient are obsolete. Use HttpClient instead.' (https://aka.ms/dotnet-warnings/SYSLIB0014) [C:\Users\ultra\warewolf\Dev\Warewolf.Common.NetStandard20\Warewolf.Common.NetStandard20.csproj]
C:\Users\ultra\warewolf\Dev\Warewolf.Common.NetStandard20\Wrappers\WebClientWrapper.cs(26,26): warning SYSLIB0014: 'WebClient.WebClient()' is obsolete: 'WebRequest, HttpWebRequest, ServicePoint, and WebClient are obsolete. Use HttpClient instead.' (https://aka.ms/dotnet-warnings/SYSLIB0014) [C:\Users\ultra\warewolf\Dev\Warewolf.Common.NetStandard20\Warewolf.Common.NetStandard20.csproj]
C:\Users\ultra\warewolf\Dev\Warewolf.Common.NetStandard20\Wrappers\WebClientWrapper.cs(31,26): warning SYSLIB0014: 'WebClient.WebClient()' is obsolete: 'WebRequest, HttpWebRequest, ServicePoint, and WebClient are obsolete. Use HttpClient instead.' (https://aka.ms/dotnet-warnings/SYSLIB0014) [C:\Users\ultra\warewolf\Dev\Warewolf.Common.NetStandard20\Warewolf.Common.NetStandard20.csproj]
  Warewolf.Common.NetStandard20 -> C:\Users\ultra\warewolf\Dev\Warewolf.Common.NetStandard20\bin\Debug\net8.0\Warewolf.Common.NetStandard20.dll
C:\Users\ultra\warewolf\Dev\Dev2.Runtime.Services\ServiceModel\ElasticsearchSources.cs(110,34): warning CS0618: 'ElasticsearchClient.Ping()' is obsolete: 'Synchronous methods are deprecated and could be removed in the future.' [C:\Users\ultra\warewolf\Dev\Dev2.Runtime.Services\Dev2.Runtime.Services.csproj]
C:\Users\ultra\warewolf\Dev\Dev2.Runtime.Services\ESB\Management\Services\FetchTestsAndTriggers.cs(45,17): warning CC0105: Use 'var' instead of specifying the type name. (https://code-cracker.github.io/diagnostics/CC0105.html) [C:\Users\ultra\warewolf\Dev\Dev2.Runtime.Services\Dev2.Runtime.Services.csproj]
C:\Users\ultra\warewolf\Dev\Dev2.Runtime.Services\UsageLogger.cs(66,33): warning CC0022: ManagementObjectSearcher should be disposed. (https://code-cracker.github.io/diagnostics/CC0022.html) [C:\Users\ultra\warewolf\Dev\Dev2.Runtime.Services\Dev2.Runtime.Services.csproj]
C:\Users\ultra\warewolf\Dev\Dev2.Runtime.Services\ServiceModel\WebSources.cs(532,7): warning CC0004: Empty Catch Block. (https://code-cracker.github.io/diagnostics/CC0004.html) [C:\Users\ultra\warewolf\Dev\Dev2.Runtime.Services\Dev2.Runtime.Services.csproj]
C:\Users\ultra\warewolf\Dev\Dev2.Runtime.Services\ServiceModel\WebSources.cs(751,38): warning CC0022: StringContent should be disposed. (https://code-cracker.github.io/diagnostics/CC0022.html) [C:\Users\ultra\warewolf\Dev\Dev2.Runtime.Services\Dev2.Runtime.Services.csproj]
C:\Users\ultra\warewolf\Dev\Dev2.Runtime.Services\ESB\Management\Services\TestChatbotSource.cs(44,17): warning CC0105: Use 'var' instead of specifying the type name. (https://code-cracker.github.io/diagnostics/CC0105.html) [C:\Users\ultra\warewolf\Dev\Dev2.Runtime.Services\Dev2.Runtime.Services.csproj]
C:\Users\ultra\warewolf\Dev\Dev2.Runtime.Services\ESB\Management\Services\TestChatbotSource.cs(45,17): warning CC0105: Use 'var' instead of specifying the type name. (https://code-cracker.github.io/diagnostics/CC0105.html) [C:\Users\ultra\warewolf\Dev\Dev2.Runtime.Services\Dev2.Runtime.Services.csproj]
C:\Users\ultra\warewolf\Dev\Dev2.Runtime.Services\ESB\Management\Services\ChatbotToolNormalizer.cs(80,17): warning CC0003: Consider adding an Exception to the catch. (https://code-cracker.github.io/diagnostics/CC0003.html) [C:\Users\ultra\warewolf\Dev\Dev2.Runtime.Services\Dev2.Runtime.Services.csproj]
C:\Users\ultra\warewolf\Dev\Dev2.Runtime.Services\ESB\Management\Services\ChatbotToolNormalizer.cs(101,21): warning CC0004: Empty Catch Block. (https://code-cracker.github.io/diagnostics/CC0004.html) [C:\Users\ultra\warewolf\Dev\Dev2.Runtime.Services\Dev2.Runtime.Services.csproj]
C:\Users\ultra\warewolf\Dev\Dev2.Runtime.Services\ESB\Management\Services\ChatbotToolNormalizer.cs(226,21): warning CC0105: Use 'var' instead of specifying the type name. (https://code-cracker.github.io/diagnostics/CC0105.html) [C:\Users\ultra\warewolf\Dev\Dev2.Runtime.Services\Dev2.Runtime.Services.csproj]
C:\Users\ultra\warewolf\Dev\Dev2.Runtime.Services\ESB\Management\Services\ChatbotToolNormalizer.cs(279,21): warning CC0105: Use 'var' instead of specifying the type name. (https://code-cracker.github.io/diagnostics/CC0105.html) [C:\Users\ultra\warewolf\Dev\Dev2.Runtime.Services\Dev2.Runtime.Services.csproj]
  Dev2.Runtime.Services -> C:\Users\ultra\warewolf\Dev\Dev2.Runtime.Services\bin\Debug\net8.0\Dev2.Runtime.Services.dll
C:\Users\ultra\warewolf\Dev\Warewolf.Driver.Persistence\Drivers\HangfireScheduler.cs(397,17): warning CA2200: Re-throwing caught exception changes stack information (https://learn.microsoft.com/dotnet/fundamentals/code-analysis/quality-rules/ca2200) [C:\Users\ultra\warewolf\Dev\Warewolf.Driver.Persistence\Warewolf.Driver.Persistence.csproj]
C:\Users\ultra\warewolf\Dev\Warewolf.Driver.Persistence\Drivers\HangfireScheduler.cs(376,17): warning CA2200: Re-throwing caught exception changes stack information (https://learn.microsoft.com/dotnet/fundamentals/code-analysis/quality-rules/ca2200) [C:\Users\ultra\warewolf\Dev\Warewolf.Driver.Persistence\Warewolf.Driver.Persistence.csproj]
C:\Users\ultra\warewolf\Dev\Warewolf.Driver.Persistence\Drivers\HangfireScheduler.cs(320,17): warning CA2200: Re-throwing caught exception changes stack information (https://learn.microsoft.com/dotnet/fundamentals/code-analysis/quality-rules/ca2200) [C:\Users\ultra\warewolf\Dev\Warewolf.Driver.Persistence\Warewolf.Driver.Persistence.csproj]
  Warewolf.Driver.Persistence -> C:\Users\ultra\warewolf\Dev\Warewolf.Driver.Persistence\bin\Debug\net8.0\Warewolf.Driver.Persistence.dll
  Dev2.Studio.Interfaces -> C:\Users\ultra\warewolf\Dev\Dev2.Studio.Interfaces\bin\Debug\net8.0\Dev2.Studio.Interfaces.dll
  Dev2.Services.Execution -> C:\Users\ultra\warewolf\Dev\Dev2.Services.Execution\bin\Debug\net8.0\Dev2.Services.Execution.dll
C:\Program Files\dotnet\sdk\10.0.201\Microsoft.Common.CurrentVersion.targets(2451,5): warning MSB3277: Found conflicts between different versions of "Microsoft.Win32.SystemEvents" that could not be resolved. [C:\Users\ultra\warewolf\Dev\Warewolf.Studio.Core\Warewolf.Studio.Core.csproj]
C:\Program Files\dotnet\sdk\10.0.201\Microsoft.Common.CurrentVersion.targets(2451,5): warning MSB3277: There was a conflict between "Microsoft.Win32.SystemEvents, Version=6.0.0.0, Culture=neutral, PublicKeyToken=cc7b13ffcd2ddd51" and "Microsoft.Win32.SystemEvents, Version=7.0.0.0, Culture=neutral, PublicKeyToken=cc7b13ffcd2ddd51". [C:\Users\ultra\warewolf\Dev\Warewolf.Studio.Core\Warewolf.Studio.Core.csproj]
C:\Program Files\dotnet\sdk\10.0.201\Microsoft.Common.CurrentVersion.targets(2451,5): warning MSB3277:     "Microsoft.Win32.SystemEvents, Version=6.0.0.0, Culture=neutral, PublicKeyToken=cc7b13ffcd2ddd51" was chosen because it was primary and "Microsoft.Win32.SystemEvents, Version=7.0.0.0, Culture=neutral, PublicKeyToken=cc7b13ffcd2ddd51" was not. [C:\Users\ultra\warewolf\Dev\Warewolf.Studio.Core\Warewolf.Studio.Core.csproj]
C:\Program Files\dotnet\sdk\10.0.201\Microsoft.Common.CurrentVersion.targets(2451,5): warning MSB3277:     References which depend on "Microsoft.Win32.SystemEvents, Version=6.0.0.0, Culture=neutral, PublicKeyToken=cc7b13ffcd2ddd51" [C:\Users\ultra\.nuget\packages\microsoft.win32.systemevents\6.0.0\lib\net6.0\Microsoft.Win32.SystemEvents.dll]. [C:\Users\ultra\warewolf\Dev\Warewolf.Studio.Core\Warewolf.Studio.Core.csproj]
C:\Program Files\dotnet\sdk\10.0.201\Microsoft.Common.CurrentVersion.targets(2451,5): warning MSB3277:         C:\Users\ultra\.nuget\packages\microsoft.win32.systemevents\6.0.0\lib\net6.0\Microsoft.Win32.SystemEvents.dll [C:\Users\ultra\warewolf\Dev\Warewolf.Studio.Core\Warewolf.Studio.Core.csproj]
C:\Program Files\dotnet\sdk\10.0.201\Microsoft.Common.CurrentVersion.targets(2451,5): warning MSB3277:           Project file item includes which caused reference "C:\Users\ultra\.nuget\packages\microsoft.win32.systemevents\6.0.0\lib\net6.0\Microsoft.Win32.SystemEvents.dll". [C:\Users\ultra\warewolf\Dev\Warewolf.Studio.Core\Warewolf.Studio.Core.csproj]
C:\Program Files\dotnet\sdk\10.0.201\Microsoft.Common.CurrentVersion.targets(2451,5): warning MSB3277:             C:\Users\ultra\.nuget\packages\microsoft.win32.systemevents\6.0.0\lib\net6.0\Microsoft.Win32.SystemEvents.dll [C:\Users\ultra\warewolf\Dev\Warewolf.Studio.Core\Warewolf.Studio.Core.csproj]
C:\Program Files\dotnet\sdk\10.0.201\Microsoft.Common.CurrentVersion.targets(2451,5): warning MSB3277:     References which depend on or have been unified to "Microsoft.Win32.SystemEvents, Version=7.0.0.0, Culture=neutral, PublicKeyToken=cc7b13ffcd2ddd51" []. [C:\Users\ultra\warewolf\Dev\Warewolf.Studio.Core\Warewolf.Studio.Core.csproj]
C:\Program Files\dotnet\sdk\10.0.201\Microsoft.Common.CurrentVersion.targets(2451,5): warning MSB3277:         C:\Users\ultra\warewolf\Dev\Dev2.Common\bin\Debug\net8.0\Dev2.Common.dll [C:\Users\ultra\warewolf\Dev\Warewolf.Studio.Core\Warewolf.Studio.Core.csproj]
C:\Program Files\dotnet\sdk\10.0.201\Microsoft.Common.CurrentVersion.targets(2451,5): warning MSB3277:           Project file item includes which caused reference "C:\Users\ultra\warewolf\Dev\Dev2.Common\bin\Debug\net8.0\Dev2.Common.dll". [C:\Users\ultra\warewolf\Dev\Warewolf.Studio.Core\Warewolf.Studio.Core.csproj]
C:\Program Files\dotnet\sdk\10.0.201\Microsoft.Common.CurrentVersion.targets(2451,5): warning MSB3277:             C:\Users\ultra\warewolf\Dev\Dev2.Common\bin\Debug\net8.0\Dev2.Common.dll [C:\Users\ultra\warewolf\Dev\Warewolf.Studio.Core\Warewolf.Studio.Core.csproj]
C:\Program Files\dotnet\sdk\10.0.201\Microsoft.Common.CurrentVersion.targets(2451,5): warning MSB3277:             C:\Users\ultra\warewolf\Dev\Dev2.Core\bin\Debug\net8.0\Dev2.Core.dll [C:\Users\ultra\warewolf\Dev\Warewolf.Studio.Core\Warewolf.Studio.Core.csproj]
C:\Program Files\dotnet\sdk\10.0.201\Microsoft.Common.CurrentVersion.targets(2451,5): warning MSB3277:             C:\Users\ultra\warewolf\Dev\Dev2.Infrastructure\bin\Debug\net8.0\Dev2.Infrastructure.dll [C:\Users\ultra\warewolf\Dev\Warewolf.Studio.Core\Warewolf.Studio.Core.csproj]
C:\Program Files\dotnet\sdk\10.0.201\Microsoft.Common.CurrentVersion.targets(2451,5): warning MSB3277:             C:\Users\ultra\warewolf\Dev\Dev2.Studio.Interfaces\bin\Debug\net8.0\Dev2.Studio.Interfaces.dll [C:\Users\ultra\warewolf\Dev\Warewolf.Studio.Core\Warewolf.Studio.Core.csproj]
C:\Program Files\dotnet\sdk\10.0.201\Microsoft.Common.CurrentVersion.targets(2451,5): warning MSB3277:             C:\Users\ultra\warewolf\Dev\Dev2.Data\bin\Debug\net8.0\Dev2.Data.dll [C:\Users\ultra\warewolf\Dev\Warewolf.Studio.Core\Warewolf.Studio.Core.csproj]
C:\Program Files\dotnet\sdk\10.0.201\Microsoft.Common.CurrentVersion.targets(2451,5): warning MSB3277:             C:\Users\ultra\warewolf\Dev\Dev2.Diagnostics\bin\Debug\net8.0\Dev2.Diagnostics.dll [C:\Users\ultra\warewolf\Dev\Warewolf.Studio.Core\Warewolf.Studio.Core.csproj]
C:\Program Files\dotnet\sdk\10.0.201\Microsoft.Common.CurrentVersion.targets(2451,5): warning MSB3277:             C:\Users\ultra\warewolf\Dev\Dev2.Runtime.Services\bin\Debug\net8.0\Dev2.Runtime.Services.dll [C:\Users\ultra\warewolf\Dev\Warewolf.Studio.Core\Warewolf.Studio.Core.csproj]
C:\Program Files\dotnet\sdk\10.0.201\Microsoft.Common.CurrentVersion.targets(2451,5): warning MSB3277:             C:\Users\ultra\warewolf\Dev\Dev2.Scheduler\bin\Debug\net8.0\Dev2.Scheduler.dll [C:\Users\ultra\warewolf\Dev\Warewolf.Studio.Core\Warewolf.Studio.Core.csproj]
C:\Program Files\dotnet\sdk\10.0.201\Microsoft.Common.CurrentVersion.targets(2451,5): warning MSB3277:             C:\Users\ultra\warewolf\Dev\Dev2.Services.Sql\bin\Debug\net8.0\Dev2.Services.Sql.dll [C:\Users\ultra\warewolf\Dev\Warewolf.Studio.Core\Warewolf.Studio.Core.csproj]
C:\Program Files\dotnet\sdk\10.0.201\Microsoft.Common.CurrentVersion.targets(2451,5): warning MSB3277:             C:\Users\ultra\warewolf\Dev\Dev2.TaskScheduler.Wrappers\bin\Debug\net8.0\Dev2.TaskScheduler.Wrappers.dll [C:\Users\ultra\warewolf\Dev\Warewolf.Studio.Core\Warewolf.Studio.Core.csproj]
C:\Program Files\dotnet\sdk\10.0.201\Microsoft.Common.CurrentVersion.targets(2451,5): warning MSB3277:             C:\Users\ultra\warewolf\Dev\Dev2.Util\bin\Debug\net8.0\Dev2.Util.dll [C:\Users\ultra\warewolf\Dev\Warewolf.Studio.Core\Warewolf.Studio.Core.csproj]
C:\Program Files\dotnet\sdk\10.0.201\Microsoft.Common.CurrentVersion.targets(2451,5): warning MSB3277:             C:\Users\ultra\warewolf\Dev\Warewolf.AI.Harness\bin\Debug\net8.0\Warewolf.AI.Harness.dll [C:\Users\ultra\warewolf\Dev\Warewolf.Studio.Core\Warewolf.Studio.Core.csproj]
C:\Program Files\dotnet\sdk\10.0.201\Microsoft.Common.CurrentVersion.targets(2451,5): warning MSB3277:             C:\Users\ultra\warewolf\Dev\Warewolf.Auditing\bin\Debug\net8.0\Warewolf.Auditing.dll [C:\Users\ultra\warewolf\Dev\Warewolf.Studio.Core\Warewolf.Studio.Core.csproj]
C:\Program Files\dotnet\sdk\10.0.201\Microsoft.Common.CurrentVersion.targets(2451,5): warning MSB3277:             C:\Users\ultra\warewolf\Dev\Warewolf.Common.NetStandard20\bin\Debug\net8.0\Warewolf.Common.NetStandard20.dll [C:\Users\ultra\warewolf\Dev\Warewolf.Studio.Core\Warewolf.Studio.Core.csproj]
C:\Program Files\dotnet\sdk\10.0.201\Microsoft.Common.CurrentVersion.targets(2451,5): warning MSB3277:             C:\Users\ultra\warewolf\Dev\Warewolf.Core\bin\Debug\net8.0\Warewolf.Core.dll [C:\Users\ultra\warewolf\Dev\Warewolf.Studio.Core\Warewolf.Studio.Core.csproj]
C:\Program Files\dotnet\sdk\10.0.201\Microsoft.Common.CurrentVersion.targets(2451,5): warning MSB3277:             C:\Users\ultra\warewolf\Dev\Warewolf.Driver.Serilog\bin\Debug\net8.0\Warewolf.Driver.Serilog.dll [C:\Users\ultra\warewolf\Dev\Warewolf.Studio.Core\Warewolf.Studio.Core.csproj]
C:\Program Files\dotnet\sdk\10.0.201\Microsoft.Common.CurrentVersion.targets(2451,5): warning MSB3277:             C:\Users\ultra\warewolf\Dev\Warewolf.ResourceManagement\bin\Debug\net8.0\Warewolf.ResourceManagement.dll [C:\Users\ultra\warewolf\Dev\Warewolf.Studio.Core\Warewolf.Studio.Core.csproj]
C:\Program Files\dotnet\sdk\10.0.201\Microsoft.Common.CurrentVersion.targets(2451,5): warning MSB3277:             C:\Users\ultra\warewolf\Dev\Warewolf.Sharepoint\bin\Debug\net8.0\Warewolf.Sharepoint.dll [C:\Users\ultra\warewolf\Dev\Warewolf.Studio.Core\Warewolf.Studio.Core.csproj]
C:\Program Files\dotnet\sdk\10.0.201\Microsoft.Common.CurrentVersion.targets(2451,5): warning MSB3277:             C:\Users\ultra\warewolf\Dev\Warewolf.Storage\bin\Debug\net8.0\Warewolf.Storage.dll [C:\Users\ultra\warewolf\Dev\Warewolf.Studio.Core\Warewolf.Studio.Core.csproj]
C:\Program Files\dotnet\sdk\10.0.201\Microsoft.Common.CurrentVersion.targets(2451,5): warning MSB3277:         C:\Users\ultra\warewolf\Dev\Binaries\Infragistcs_Net6\InfragisticsWPF4.v15.1.dll [C:\Users\ultra\warewolf\Dev\Warewolf.Studio.Core\Warewolf.Studio.Core.csproj]
C:\Program Files\dotnet\sdk\10.0.201\Microsoft.Common.CurrentVersion.targets(2451,5): warning MSB3277:           Project file item includes which caused reference "C:\Users\ultra\warewolf\Dev\Binaries\Infragistcs_Net6\InfragisticsWPF4.v15.1.dll". [C:\Users\ultra\warewolf\Dev\Warewolf.Studio.Core\Warewolf.Studio.Core.csproj]
C:\Program Files\dotnet\sdk\10.0.201\Microsoft.Common.CurrentVersion.targets(2451,5): warning MSB3277:             InfragisticsWPF4.v15.1, Version=15.1.20151.2055, Culture=neutral, PublicKeyToken=7dd5c3163f2cd0cb, processorArchitecture=MSIL [C:\Users\ultra\warewolf\Dev\Warewolf.Studio.Core\Warewolf.Studio.Core.csproj]
C:\Program Files\dotnet\sdk\10.0.201\Microsoft.Common.CurrentVersion.targets(2451,5): warning MSB3277:             InfragisticsWPF4.Controls.Menus.XamDataTree.v15.1, Version=15.1.20151.2055, Culture=neutral, PublicKeyToken=7dd5c3163f2cd0cb, processorArchitecture=MSIL [C:\Users\ultra\warewolf\Dev\Warewolf.Studio.Core\Warewolf.Studio.Core.csproj]
C:\Program Files\dotnet\sdk\10.0.201\Microsoft.Common.CurrentVersion.targets(2451,5): warning MSB3277:             InfragisticsWPF4.DataManager.v15.1, Version=15.1.20151.2055, Culture=neutral, PublicKeyToken=7dd5c3163f2cd0cb, processorArchitecture=MSIL [C:\Users\ultra\warewolf\Dev\Warewolf.Studio.Core\Warewolf.Studio.Core.csproj]
C:\Program Files\dotnet\sdk\10.0.201\Microsoft.Common.CurrentVersion.targets(2451,5): warning MSB3277:             InfragisticsWPF4.DockManager.v15.1, Version=15.1.20151.2055, Culture=neutral, PublicKeyToken=7dd5c3163f2cd0cb, processorArchitecture=MSIL [C:\Users\ultra\warewolf\Dev\Warewolf.Studio.Core\Warewolf.Studio.Core.csproj]
C:\Program Files\dotnet\sdk\10.0.201\Microsoft.Common.CurrentVersion.targets(2451,5): warning MSB3277:         C:\Users\ultra\.nuget\packages\timespan2\2.4.2\lib\netcoreapp3.1\TimeSpan2.dll [C:\Users\ultra\warewolf\Dev\Warewolf.Studio.Core\Warewolf.Studio.Core.csproj]
C:\Program Files\dotnet\sdk\10.0.201\Microsoft.Common.CurrentVersion.targets(2451,5): warning MSB3277:           Project file item includes which caused reference "C:\Users\ultra\.nuget\packages\timespan2\2.4.2\lib\netcoreapp3.1\TimeSpan2.dll". [C:\Users\ultra\warewolf\Dev\Warewolf.Studio.Core\Warewolf.Studio.Core.csproj]
C:\Program Files\dotnet\sdk\10.0.201\Microsoft.Common.CurrentVersion.targets(2451,5): warning MSB3277:             C:\Users\ultra\.nuget\packages\timespan2\2.4.2\lib\netcoreapp3.1\TimeSpan2.dll [C:\Users\ultra\warewolf\Dev\Warewolf.Studio.Core\Warewolf.Studio.Core.csproj]
C:\Program Files\dotnet\sdk\10.0.201\Microsoft.Common.CurrentVersion.targets(2451,5): warning MSB3277:             C:\Users\ultra\.nuget\packages\taskschedulereditor\2.10.1\lib\net452\Microsoft.Win32.TaskSchedulerEditor.dll [C:\Users\ultra\warewolf\Dev\Warewolf.Studio.Core\Warewolf.Studio.Core.csproj]
C:\Program Files\dotnet\sdk\10.0.201\Microsoft.Common.CurrentVersion.targets(2451,5): warning MSB3277:         C:\Program Files\dotnet\packs\Microsoft.NETCore.App.Ref\8.0.25\ref\net8.0\System.dll [C:\Users\ultra\warewolf\Dev\Warewolf.Studio.Core\Warewolf.Studio.Core.csproj]
C:\Program Files\dotnet\sdk\10.0.201\Microsoft.Common.CurrentVersion.targets(2451,5): warning MSB3277:           Project file item includes which caused reference "C:\Program Files\dotnet\packs\Microsoft.NETCore.App.Ref\8.0.25\ref\net8.0\System.dll". [C:\Users\ultra\warewolf\Dev\Warewolf.Studio.Core\Warewolf.Studio.Core.csproj]
C:\Program Files\dotnet\sdk\10.0.201\Microsoft.Common.CurrentVersion.targets(2451,5): warning MSB3277:             C:\Program Files\dotnet\packs\Microsoft.NETCore.App.Ref\8.0.25\ref/net8.0/System.dll [C:\Users\ultra\warewolf\Dev\Warewolf.Studio.Core\Warewolf.Studio.Core.csproj]
C:\Program Files\dotnet\sdk\10.0.201\Microsoft.Common.CurrentVersion.targets(2451,5): warning MSB3277:             C:\Users\ultra\.nuget\packages\aerowizard\2.3.1\lib\net45\AeroWizard.dll [C:\Users\ultra\warewolf\Dev\Warewolf.Studio.Core\Warewolf.Studio.Core.csproj]
C:\Program Files\dotnet\sdk\10.0.201\Microsoft.Common.CurrentVersion.targets(2451,5): warning MSB3277:             C:\Users\ultra\.nuget\packages\groupcontrols\1.9.0\lib\net45\GroupControls.dll [C:\Users\ultra\warewolf\Dev\Warewolf.Studio.Core\Warewolf.Studio.Core.csproj]
C:\Program Files\dotnet\sdk\10.0.201\Microsoft.Common.CurrentVersion.targets(2451,5): warning MSB3277:             C:\Users\ultra\.nuget\packages\microsoft.xaml.behaviors.wpf\1.1.122\lib\net462\Microsoft.Xaml.Behaviors.dll [C:\Users\ultra\warewolf\Dev\Warewolf.Studio.Core\Warewolf.Studio.Core.csproj]
C:\Program Files\dotnet\sdk\10.0.201\Microsoft.Common.CurrentVersion.targets(2451,5): warning MSB3277:             C:\Users\ultra\.nuget\packages\caliburn.micro\4.0.212\lib\netcoreapp3.1\Caliburn.Micro.Platform.dll [C:\Users\ultra\warewolf\Dev\Warewolf.Studio.Core\Warewolf.Studio.Core.csproj]
C:\Program Files\dotnet\sdk\10.0.201\Microsoft.Common.CurrentVersion.targets(2451,5): warning MSB3277:             C:\Users\ultra\.nuget\packages\prism.wpf\9.0.537\lib\net462\Prism.Wpf.dll [C:\Users\ultra\warewolf\Dev\Warewolf.Studio.Core\Warewolf.Studio.Core.csproj]
C:\Program Files\dotnet\sdk\10.0.201\Microsoft.Common.CurrentVersion.targets(2451,5): warning MSB3277:             C:\Users\ultra\.nuget\packages\reactiveui.wpf\18.4.1\lib\net462\ReactiveUI.Wpf.dll [C:\Users\ultra\warewolf\Dev\Warewolf.Studio.Core\Warewolf.Studio.Core.csproj]
C:\Program Files\dotnet\sdk\10.0.201\Microsoft.Common.CurrentVersion.targets(2451,5): warning MSB3277:             C:\Users\ultra\.nuget\packages\taskschedulereditor\2.10.1\lib\net452\Microsoft.Win32.TaskSchedulerEditor.dll [C:\Users\ultra\warewolf\Dev\Warewolf.Studio.Core\Warewolf.Studio.Core.csproj]
C:\Program Files\dotnet\sdk\10.0.201\Microsoft.Common.CurrentVersion.targets(2451,5): warning MSB3277:             C:\Users\ultra\.nuget\packages\ttcue.netcore.sharepointonline.csom.16.1.8029.1200\16.1.8029.1200\lib\netcoreapp2.0\Microsoft.SharePoint.Client.Runtime.Windows.dll [C:\Users\ultra\warewolf\Dev\Warewolf.Studio.Core\Warewolf.Studio.Core.csproj]
C:\Program Files\dotnet\sdk\10.0.201\Microsoft.Common.CurrentVersion.targets(2451,5): warning MSB3277: Found conflicts between different versions of "System.Security.Permissions" that could not be resolved. [C:\Users\ultra\warewolf\Dev\Warewolf.Studio.Core\Warewolf.Studio.Core.csproj]
C:\Program Files\dotnet\sdk\10.0.201\Microsoft.Common.CurrentVersion.targets(2451,5): warning MSB3277: There was a conflict between "System.Security.Permissions, Version=6.0.0.0, Culture=neutral, PublicKeyToken=cc7b13ffcd2ddd51" and "System.Security.Permissions, Version=7.0.0.0, Culture=neutral, PublicKeyToken=cc7b13ffcd2ddd51". [C:\Users\ultra\warewolf\Dev\Warewolf.Studio.Core\Warewolf.Studio.Core.csproj]
C:\Program Files\dotnet\sdk\10.0.201\Microsoft.Common.CurrentVersion.targets(2451,5): warning MSB3277:     "System.Security.Permissions, Version=6.0.0.0, Culture=neutral, PublicKeyToken=cc7b13ffcd2ddd51" was chosen because it was primary and "System.Security.Permissions, Version=7.0.0.0, Culture=neutral, PublicKeyToken=cc7b13ffcd2ddd51" was not. [C:\Users\ultra\warewolf\Dev\Warewolf.Studio.Core\Warewolf.Studio.Core.csproj]
C:\Program Files\dotnet\sdk\10.0.201\Microsoft.Common.CurrentVersion.targets(2451,5): warning MSB3277:     References which depend on "System.Security.Permissions, Version=6.0.0.0, Culture=neutral, PublicKeyToken=cc7b13ffcd2ddd51" [C:\Users\ultra\.nuget\packages\system.security.permissions\6.0.0\lib\net6.0\System.Security.Permissions.dll]. [C:\Users\ultra\warewolf\Dev\Warewolf.Studio.Core\Warewolf.Studio.Core.csproj]
C:\Program Files\dotnet\sdk\10.0.201\Microsoft.Common.CurrentVersion.targets(2451,5): warning MSB3277:         C:\Users\ultra\.nuget\packages\system.security.permissions\6.0.0\lib\net6.0\System.Security.Permissions.dll [C:\Users\ultra\warewolf\Dev\Warewolf.Studio.Core\Warewolf.Studio.Core.csproj]
C:\Program Files\dotnet\sdk\10.0.201\Microsoft.Common.CurrentVersion.targets(2451,5): warning MSB3277:           Project file item includes which caused reference "C:\Users\ultra\.nuget\packages\system.security.permissions\6.0.0\lib\net6.0\System.Security.Permissions.dll". [C:\Users\ultra\warewolf\Dev\Warewolf.Studio.Core\Warewolf.Studio.Core.csproj]
C:\Program Files\dotnet\sdk\10.0.201\Microsoft.Common.CurrentVersion.targets(2451,5): warning MSB3277:             C:\Users\ultra\.nuget\packages\system.security.permissions\6.0.0\lib\net6.0\System.Security.Permissions.dll [C:\Users\ultra\warewolf\Dev\Warewolf.Studio.Core\Warewolf.Studio.Core.csproj]
C:\Program Files\dotnet\sdk\10.0.201\Microsoft.Common.CurrentVersion.targets(2451,5): warning MSB3277:     References which depend on or have been unified to "System.Security.Permissions, Version=7.0.0.0, Culture=neutral, PublicKeyToken=cc7b13ffcd2ddd51" []. [C:\Users\ultra\warewolf\Dev\Warewolf.Studio.Core\Warewolf.Studio.Core.csproj]
C:\Program Files\dotnet\sdk\10.0.201\Microsoft.Common.CurrentVersion.targets(2451,5): warning MSB3277:         C:\Users\ultra\warewolf\Dev\Dev2.Data\bin\Debug\net8.0\Dev2.Data.dll [C:\Users\ultra\warewolf\Dev\Warewolf.Studio.Core\Warewolf.Studio.Core.csproj]
C:\Program Files\dotnet\sdk\10.0.201\Microsoft.Common.CurrentVersion.targets(2451,5): warning MSB3277:           Project file item includes which caused reference "C:\Users\ultra\warewolf\Dev\Dev2.Data\bin\Debug\net8.0\Dev2.Data.dll". [C:\Users\ultra\warewolf\Dev\Warewolf.Studio.Core\Warewolf.Studio.Core.csproj]
C:\Program Files\dotnet\sdk\10.0.201\Microsoft.Common.CurrentVersion.targets(2451,5): warning MSB3277:             C:\Users\ultra\warewolf\Dev\Dev2.Data\bin\Debug\net8.0\Dev2.Data.dll [C:\Users\ultra\warewolf\Dev\Warewolf.Studio.Core\Warewolf.Studio.Core.csproj]
C:\Program Files\dotnet\sdk\10.0.201\Microsoft.Common.CurrentVersion.targets(2451,5): warning MSB3277:             C:\Users\ultra\warewolf\Dev\Dev2.Core\bin\Debug\net8.0\Dev2.Core.dll [C:\Users\ultra\warewolf\Dev\Warewolf.Studio.Core\Warewolf.Studio.Core.csproj]
C:\Program Files\dotnet\sdk\10.0.201\Microsoft.Common.CurrentVersion.targets(2451,5): warning MSB3277:             C:\Users\ultra\warewolf\Dev\Dev2.Studio.Interfaces\bin\Debug\net8.0\Dev2.Studio.Interfaces.dll [C:\Users\ultra\warewolf\Dev\Warewolf.Studio.Core\Warewolf.Studio.Core.csproj]
C:\Program Files\dotnet\sdk\10.0.201\Microsoft.Common.CurrentVersion.targets(2451,5): warning MSB3277:             C:\Users\ultra\warewolf\Dev\Dev2.Runtime.Services\bin\Debug\net8.0\Dev2.Runtime.Services.dll [C:\Users\ultra\warewolf\Dev\Warewolf.Studio.Core\Warewolf.Studio.Core.csproj]
C:\Program Files\dotnet\sdk\10.0.201\Microsoft.Common.CurrentVersion.targets(2451,5): warning MSB3277:             C:\Users\ultra\warewolf\Dev\Dev2.Scheduler\bin\Debug\net8.0\Dev2.Scheduler.dll [C:\Users\ultra\warewolf\Dev\Warewolf.Studio.Core\Warewolf.Studio.Core.csproj]
C:\Program Files\dotnet\sdk\10.0.201\Microsoft.Common.CurrentVersion.targets(2451,5): warning MSB3277:             C:\Users\ultra\warewolf\Dev\Warewolf.Auditing\bin\Debug\net8.0\Warewolf.Auditing.dll [C:\Users\ultra\warewolf\Dev\Warewolf.Studio.Core\Warewolf.Studio.Core.csproj]
C:\Program Files\dotnet\sdk\10.0.201\Microsoft.Common.CurrentVersion.targets(2451,5): warning MSB3277:             C:\Users\ultra\warewolf\Dev\Warewolf.Common.NetStandard20\bin\Debug\net8.0\Warewolf.Common.NetStandard20.dll [C:\Users\ultra\warewolf\Dev\Warewolf.Studio.Core\Warewolf.Studio.Core.csproj]
C:\Program Files\dotnet\sdk\10.0.201\Microsoft.Common.CurrentVersion.targets(2451,5): warning MSB3277:             C:\Users\ultra\warewolf\Dev\Warewolf.Core\bin\Debug\net8.0\Warewolf.Core.dll [C:\Users\ultra\warewolf\Dev\Warewolf.Studio.Core\Warewolf.Studio.Core.csproj]
C:\Program Files\dotnet\sdk\10.0.201\Microsoft.Common.CurrentVersion.targets(2451,5): warning MSB3277:             C:\Users\ultra\warewolf\Dev\Warewolf.ResourceManagement\bin\Debug\net8.0\Warewolf.ResourceManagement.dll [C:\Users\ultra\warewolf\Dev\Warewolf.Studio.Core\Warewolf.Studio.Core.csproj]
C:\Program Files\dotnet\sdk\10.0.201\Microsoft.Common.CurrentVersion.targets(2451,5): warning MSB3277:         C:\Users\ultra\warewolf\Dev\Binaries\Infragistcs_Net6\InfragisticsWPF4.DockManager.v15.1.dll [C:\Users\ultra\warewolf\Dev\Warewolf.Studio.Core\Warewolf.Studio.Core.csproj]
C:\Program Files\dotnet\sdk\10.0.201\Microsoft.Common.CurrentVersion.targets(2451,5): warning MSB3277:           Project file item includes which caused reference "C:\Users\ultra\warewolf\Dev\Binaries\Infragistcs_Net6\InfragisticsWPF4.DockManager.v15.1.dll". [C:\Users\ultra\warewolf\Dev\Warewolf.Studio.Core\Warewolf.Studio.Core.csproj]
C:\Program Files\dotnet\sdk\10.0.201\Microsoft.Common.CurrentVersion.targets(2451,5): warning MSB3277:             InfragisticsWPF4.DockManager.v15.1, Version=15.1.20151.2055, Culture=neutral, PublicKeyToken=7dd5c3163f2cd0cb, processorArchitecture=MSIL [C:\Users\ultra\warewolf\Dev\Warewolf.Studio.Core\Warewolf.Studio.Core.csproj]
C:\Program Files\dotnet\sdk\10.0.201\Microsoft.Common.CurrentVersion.targets(2451,5): warning MSB3277:         C:\Users\ultra\warewolf\Dev\Binaries\Infragistcs_Net6\InfragisticsWPF4.v15.1.dll [C:\Users\ultra\warewolf\Dev\Warewolf.Studio.Core\Warewolf.Studio.Core.csproj]
C:\Program Files\dotnet\sdk\10.0.201\Microsoft.Common.CurrentVersion.targets(2451,5): warning MSB3277:           Project file item includes which caused reference "C:\Users\ultra\warewolf\Dev\Binaries\Infragistcs_Net6\InfragisticsWPF4.v15.1.dll". [C:\Users\ultra\warewolf\Dev\Warewolf.Studio.Core\Warewolf.Studio.Core.csproj]
C:\Program Files\dotnet\sdk\10.0.201\Microsoft.Common.CurrentVersion.targets(2451,5): warning MSB3277:             InfragisticsWPF4.v15.1, Version=15.1.20151.2055, Culture=neutral, PublicKeyToken=7dd5c3163f2cd0cb, processorArchitecture=MSIL [C:\Users\ultra\warewolf\Dev\Warewolf.Studio.Core\Warewolf.Studio.Core.csproj]
C:\Program Files\dotnet\sdk\10.0.201\Microsoft.Common.CurrentVersion.targets(2451,5): warning MSB3277:             InfragisticsWPF4.Controls.Menus.XamDataTree.v15.1, Version=15.1.20151.2055, Culture=neutral, PublicKeyToken=7dd5c3163f2cd0cb, processorArchitecture=MSIL [C:\Users\ultra\warewolf\Dev\Warewolf.Studio.Core\Warewolf.Studio.Core.csproj]
C:\Program Files\dotnet\sdk\10.0.201\Microsoft.Common.CurrentVersion.targets(2451,5): warning MSB3277:             InfragisticsWPF4.DataManager.v15.1, Version=15.1.20151.2055, Culture=neutral, PublicKeyToken=7dd5c3163f2cd0cb, processorArchitecture=MSIL [C:\Users\ultra\warewolf\Dev\Warewolf.Studio.Core\Warewolf.Studio.Core.csproj]
C:\Program Files\dotnet\sdk\10.0.201\Microsoft.Common.CurrentVersion.targets(2451,5): warning MSB3277:             InfragisticsWPF4.DockManager.v15.1, Version=15.1.20151.2055, Culture=neutral, PublicKeyToken=7dd5c3163f2cd0cb, processorArchitecture=MSIL [C:\Users\ultra\warewolf\Dev\Warewolf.Studio.Core\Warewolf.Studio.Core.csproj]
C:\Program Files\dotnet\sdk\10.0.201\Microsoft.Common.CurrentVersion.targets(2451,5): warning MSB3277:         C:\Users\ultra\.nuget\packages\dotnetzip\1.16.0\lib\netstandard2.0\DotNetZip.dll [C:\Users\ultra\warewolf\Dev\Warewolf.Studio.Core\Warewolf.Studio.Core.csproj]
C:\Program Files\dotnet\sdk\10.0.201\Microsoft.Common.CurrentVersion.targets(2451,5): warning MSB3277:           Project file item includes which caused reference "C:\Users\ultra\.nuget\packages\dotnetzip\1.16.0\lib\netstandard2.0\DotNetZip.dll". [C:\Users\ultra\warewolf\Dev\Warewolf.Studio.Core\Warewolf.Studio.Core.csproj]
C:\Program Files\dotnet\sdk\10.0.201\Microsoft.Common.CurrentVersion.targets(2451,5): warning MSB3277:             C:\Users\ultra\.nuget\packages\dotnetzip\1.16.0\lib\netstandard2.0\DotNetZip.dll [C:\Users\ultra\warewolf\Dev\Warewolf.Studio.Core\Warewolf.Studio.Core.csproj]
C:\Program Files\dotnet\sdk\10.0.201\Microsoft.Common.CurrentVersion.targets(2451,5): warning MSB3277:             C:\Users\ultra\warewolf\Dev\Dev2.Common\bin\Debug\net8.0\Dev2.Common.dll [C:\Users\ultra\warewolf\Dev\Warewolf.Studio.Core\Warewolf.Studio.Core.csproj]
C:\Program Files\dotnet\sdk\10.0.201\Microsoft.Common.CurrentVersion.targets(2451,5): warning MSB3277:             C:\Users\ultra\warewolf\Dev\Dev2.Core\bin\Debug\net8.0\Dev2.Core.dll [C:\Users\ultra\warewolf\Dev\Warewolf.Studio.Core\Warewolf.Studio.Core.csproj]
C:\Program Files\dotnet\sdk\10.0.201\Microsoft.Common.CurrentVersion.targets(2451,5): warning MSB3277:             C:\Users\ultra\warewolf\Dev\Dev2.Infrastructure\bin\Debug\net8.0\Dev2.Infrastructure.dll [C:\Users\ultra\warewolf\Dev\Warewolf.Studio.Core\Warewolf.Studio.Core.csproj]
C:\Program Files\dotnet\sdk\10.0.201\Microsoft.Common.CurrentVersion.targets(2451,5): warning MSB3277:             C:\Users\ultra\warewolf\Dev\Dev2.Studio.Interfaces\bin\Debug\net8.0\Dev2.Studio.Interfaces.dll [C:\Users\ultra\warewolf\Dev\Warewolf.Studio.Core\Warewolf.Studio.Core.csproj]
C:\Program Files\dotnet\sdk\10.0.201\Microsoft.Common.CurrentVersion.targets(2451,5): warning MSB3277:             C:\Users\ultra\warewolf\Dev\Dev2.Data\bin\Debug\net8.0\Dev2.Data.dll [C:\Users\ultra\warewolf\Dev\Warewolf.Studio.Core\Warewolf.Studio.Core.csproj]
C:\Program Files\dotnet\sdk\10.0.201\Microsoft.Common.CurrentVersion.targets(2451,5): warning MSB3277:             C:\Users\ultra\warewolf\Dev\Dev2.Data.Interfaces\bin\Debug\net8.0\Dev2.Data.Interfaces.dll [C:\Users\ultra\warewolf\Dev\Warewolf.Studio.Core\Warewolf.Studio.Core.csproj]
C:\Program Files\dotnet\sdk\10.0.201\Microsoft.Common.CurrentVersion.targets(2451,5): warning MSB3277:             C:\Users\ultra\warewolf\Dev\Dev2.Diagnostics\bin\Debug\net8.0\Dev2.Diagnostics.dll [C:\Users\ultra\warewolf\Dev\Warewolf.Studio.Core\Warewolf.Studio.Core.csproj]
C:\Program Files\dotnet\sdk\10.0.201\Microsoft.Common.CurrentVersion.targets(2451,5): warning MSB3277:             C:\Users\ultra\warewolf\Dev\Dev2.Runtime.Services\bin\Debug\net8.0\Dev2.Runtime.Services.dll [C:\Users\ultra\warewolf\Dev\Warewolf.Studio.Core\Warewolf.Studio.Core.csproj]
C:\Program Files\dotnet\sdk\10.0.201\Microsoft.Common.CurrentVersion.targets(2451,5): warning MSB3277:             C:\Users\ultra\warewolf\Dev\Dev2.Scheduler\bin\Debug\net8.0\Dev2.Scheduler.dll [C:\Users\ultra\warewolf\Dev\Warewolf.Studio.Core\Warewolf.Studio.Core.csproj]
C:\Program Files\dotnet\sdk\10.0.201\Microsoft.Common.CurrentVersion.targets(2451,5): warning MSB3277:             C:\Users\ultra\warewolf\Dev\Dev2.Services.Sql\bin\Debug\net8.0\Dev2.Services.Sql.dll [C:\Users\ultra\warewolf\Dev\Warewolf.Studio.Core\Warewolf.Studio.Core.csproj]
C:\Program Files\dotnet\sdk\10.0.201\Microsoft.Common.CurrentVersion.targets(2451,5): warning MSB3277:             C:\Users\ultra\warewolf\Dev\Dev2.TaskScheduler.Wrappers\bin\Debug\net8.0\Dev2.TaskScheduler.Wrappers.dll [C:\Users\ultra\warewolf\Dev\Warewolf.Studio.Core\Warewolf.Studio.Core.csproj]
C:\Program Files\dotnet\sdk\10.0.201\Microsoft.Common.CurrentVersion.targets(2451,5): warning MSB3277:             C:\Users\ultra\warewolf\Dev\Dev2.Util\bin\Debug\net8.0\Dev2.Util.dll [C:\Users\ultra\warewolf\Dev\Warewolf.Studio.Core\Warewolf.Studio.Core.csproj]
C:\Program Files\dotnet\sdk\10.0.201\Microsoft.Common.CurrentVersion.targets(2451,5): warning MSB3277:             C:\Users\ultra\warewolf\Dev\Warewolf.AI.Harness\bin\Debug\net8.0\Warewolf.AI.Harness.dll [C:\Users\ultra\warewolf\Dev\Warewolf.Studio.Core\Warewolf.Studio.Core.csproj]
C:\Program Files\dotnet\sdk\10.0.201\Microsoft.Common.CurrentVersion.targets(2451,5): warning MSB3277:             C:\Users\ultra\warewolf\Dev\Warewolf.Auditing\bin\Debug\net8.0\Warewolf.Auditing.dll [C:\Users\ultra\warewolf\Dev\Warewolf.Studio.Core\Warewolf.Studio.Core.csproj]
C:\Program Files\dotnet\sdk\10.0.201\Microsoft.Common.CurrentVersion.targets(2451,5): warning MSB3277:             C:\Users\ultra\warewolf\Dev\Warewolf.Common.NetStandard20\bin\Debug\net8.0\Warewolf.Common.NetStandard20.dll [C:\Users\ultra\warewolf\Dev\Warewolf.Studio.Core\Warewolf.Studio.Core.csproj]
C:\Program Files\dotnet\sdk\10.0.201\Microsoft.Common.CurrentVersion.targets(2451,5): warning MSB3277:             C:\Users\ultra\warewolf\Dev\Warewolf.Core\bin\Debug\net8.0\Warewolf.Core.dll [C:\Users\ultra\warewolf\Dev\Warewolf.Studio.Core\Warewolf.Studio.Core.csproj]
C:\Program Files\dotnet\sdk\10.0.201\Microsoft.Common.CurrentVersion.targets(2451,5): warning MSB3277:             C:\Users\ultra\warewolf\Dev\Warewolf.Driver.Serilog\bin\Debug\net8.0\Warewolf.Driver.Serilog.dll [C:\Users\ultra\warewolf\Dev\Warewolf.Studio.Core\Warewolf.Studio.Core.csproj]
C:\Program Files\dotnet\sdk\10.0.201\Microsoft.Common.CurrentVersion.targets(2451,5): warning MSB3277:             C:\Users\ultra\warewolf\Dev\Warewolf.ResourceManagement\bin\Debug\net8.0\Warewolf.ResourceManagement.dll [C:\Users\ultra\warewolf\Dev\Warewolf.Studio.Core\Warewolf.Studio.Core.csproj]
C:\Program Files\dotnet\sdk\10.0.201\Microsoft.Common.CurrentVersion.targets(2451,5): warning MSB3277:             C:\Users\ultra\warewolf\Dev\Warewolf.Sharepoint\bin\Debug\net8.0\Warewolf.Sharepoint.dll [C:\Users\ultra\warewolf\Dev\Warewolf.Studio.Core\Warewolf.Studio.Core.csproj]
C:\Program Files\dotnet\sdk\10.0.201\Microsoft.Common.CurrentVersion.targets(2451,5): warning MSB3277:             C:\Users\ultra\warewolf\Dev\Warewolf.Storage\bin\Debug\net8.0\Warewolf.Storage.dll [C:\Users\ultra\warewolf\Dev\Warewolf.Studio.Core\Warewolf.Studio.Core.csproj]
C:\Program Files\dotnet\sdk\10.0.201\Microsoft.Common.CurrentVersion.targets(2451,5): warning MSB3277:         C:\Users\ultra\.nuget\packages\mindbox.data.linq\5.0.0\lib\netstandard2.0\Mindbox.Data.Linq.dll [C:\Users\ultra\warewolf\Dev\Warewolf.Studio.Core\Warewolf.Studio.Core.csproj]
C:\Program Files\dotnet\sdk\10.0.201\Microsoft.Common.CurrentVersion.targets(2451,5): warning MSB3277:           Project file item includes which caused reference "C:\Users\ultra\.nuget\packages\mindbox.data.linq\5.0.0\lib\netstandard2.0\Mindbox.Data.Linq.dll". [C:\Users\ultra\warewolf\Dev\Warewolf.Studio.Core\Warewolf.Studio.Core.csproj]
C:\Program Files\dotnet\sdk\10.0.201\Microsoft.Common.CurrentVersion.targets(2451,5): warning MSB3277:             C:\Users\ultra\.nuget\packages\mindbox.data.linq\5.0.0\lib\netstandard2.0\Mindbox.Data.Linq.dll [C:\Users\ultra\warewolf\Dev\Warewolf.Studio.Core\Warewolf.Studio.Core.csproj]
C:\Program Files\dotnet\sdk\10.0.201\Microsoft.Common.CurrentVersion.targets(2451,5): warning MSB3277:             C:\Users\ultra\warewolf\Dev\Warewolf.Auditing\bin\Debug\net8.0\Warewolf.Auditing.dll [C:\Users\ultra\warewolf\Dev\Warewolf.Studio.Core\Warewolf.Studio.Core.csproj]
C:\Program Files\dotnet\sdk\10.0.201\Microsoft.Common.CurrentVersion.targets(2451,5): warning MSB3277:             C:\Users\ultra\warewolf\Dev\Dev2.Runtime.Services\bin\Debug\net8.0\Dev2.Runtime.Services.dll [C:\Users\ultra\warewolf\Dev\Warewolf.Studio.Core\Warewolf.Studio.Core.csproj]
C:\Program Files\dotnet\sdk\10.0.201\Microsoft.Common.CurrentVersion.targets(2451,5): warning MSB3277:             C:\Users\ultra\warewolf\Dev\Dev2.Studio.Interfaces\bin\Debug\net8.0\Dev2.Studio.Interfaces.dll [C:\Users\ultra\warewolf\Dev\Warewolf.Studio.Core\Warewolf.Studio.Core.csproj]
C:\Program Files\dotnet\sdk\10.0.201\Microsoft.Common.CurrentVersion.targets(2451,5): warning MSB3277:             C:\Users\ultra\warewolf\Dev\Warewolf.Common.NetStandard20\bin\Debug\net8.0\Warewolf.Common.NetStandard20.dll [C:\Users\ultra\warewolf\Dev\Warewolf.Studio.Core\Warewolf.Studio.Core.csproj]
C:\Program Files\dotnet\sdk\10.0.201\Microsoft.Common.CurrentVersion.targets(2451,5): warning MSB3277:         C:\Users\ultra\.nuget\packages\mysql.data\8.4.0\lib\net8.0\MySql.Data.dll [C:\Users\ultra\warewolf\Dev\Warewolf.Studio.Core\Warewolf.Studio.Core.csproj]
C:\Program Files\dotnet\sdk\10.0.201\Microsoft.Common.CurrentVersion.targets(2451,5): warning MSB3277:           Project file item includes which caused reference "C:\Users\ultra\.nuget\packages\mysql.data\8.4.0\lib\net8.0\MySql.Data.dll". [C:\Users\ultra\warewolf\Dev\Warewolf.Studio.Core\Warewolf.Studio.Core.csproj]
C:\Program Files\dotnet\sdk\10.0.201\Microsoft.Common.CurrentVersion.targets(2451,5): warning MSB3277:             C:\Users\ultra\.nuget\packages\mysql.data\8.4.0\lib\net8.0\MySql.Data.dll [C:\Users\ultra\warewolf\Dev\Warewolf.Studio.Core\Warewolf.Studio.Core.csproj]
C:\Program Files\dotnet\sdk\10.0.201\Microsoft.Common.CurrentVersion.targets(2451,5): warning MSB3277:             C:\Users\ultra\warewolf\Dev\Dev2.Runtime.Services\bin\Debug\net8.0\Dev2.Runtime.Services.dll [C:\Users\ultra\warewolf\Dev\Warewolf.Studio.Core\Warewolf.Studio.Core.csproj]
C:\Program Files\dotnet\sdk\10.0.201\Microsoft.Common.CurrentVersion.targets(2451,5): warning MSB3277:             C:\Users\ultra\warewolf\Dev\Dev2.Studio.Interfaces\bin\Debug\net8.0\Dev2.Studio.Interfaces.dll [C:\Users\ultra\warewolf\Dev\Warewolf.Studio.Core\Warewolf.Studio.Core.csproj]
C:\Program Files\dotnet\sdk\10.0.201\Microsoft.Common.CurrentVersion.targets(2451,5): warning MSB3277:             C:\Users\ultra\warewolf\Dev\Dev2.Services.Sql\bin\Debug\net8.0\Dev2.Services.Sql.dll [C:\Users\ultra\warewolf\Dev\Warewolf.Studio.Core\Warewolf.Studio.Core.csproj]
C:\Program Files\dotnet\sdk\10.0.201\Microsoft.Common.CurrentVersion.targets(2451,5): warning MSB3277:         C:\Users\ultra\.nuget\packages\oracle.manageddataaccess.core\3.21.70\lib\netstandard2.1\Oracle.ManagedDataAccess.dll [C:\Users\ultra\warewolf\Dev\Warewolf.Studio.Core\Warewolf.Studio.Core.csproj]
C:\Program Files\dotnet\sdk\10.0.201\Microsoft.Common.CurrentVersion.targets(2451,5): warning MSB3277:           Project file item includes which caused reference "C:\Users\ultra\.nuget\packages\oracle.manageddataaccess.core\3.21.70\lib\netstandard2.1\Oracle.ManagedDataAccess.dll". [C:\Users\ultra\warewolf\Dev\Warewolf.Studio.Core\Warewolf.Studio.Core.csproj]
C:\Program Files\dotnet\sdk\10.0.201\Microsoft.Common.CurrentVersion.targets(2451,5): warning MSB3277:             C:\Users\ultra\.nuget\packages\oracle.manageddataaccess.core\3.21.70\lib\netstandard2.1\Oracle.ManagedDataAccess.dll [C:\Users\ultra\warewolf\Dev\Warewolf.Studio.Core\Warewolf.Studio.Core.csproj]
C:\Program Files\dotnet\sdk\10.0.201\Microsoft.Common.CurrentVersion.targets(2451,5): warning MSB3277:             C:\Users\ultra\warewolf\Dev\Dev2.Runtime.Services\bin\Debug\net8.0\Dev2.Runtime.Services.dll [C:\Users\ultra\warewolf\Dev\Warewolf.Studio.Core\Warewolf.Studio.Core.csproj]
C:\Program Files\dotnet\sdk\10.0.201\Microsoft.Common.CurrentVersion.targets(2451,5): warning MSB3277:             C:\Users\ultra\warewolf\Dev\Dev2.Studio.Interfaces\bin\Debug\net8.0\Dev2.Studio.Interfaces.dll [C:\Users\ultra\warewolf\Dev\Warewolf.Studio.Core\Warewolf.Studio.Core.csproj]
C:\Program Files\dotnet\sdk\10.0.201\Microsoft.Common.CurrentVersion.targets(2451,5): warning MSB3277:             C:\Users\ultra\warewolf\Dev\Dev2.Services.Sql\bin\Debug\net8.0\Dev2.Services.Sql.dll [C:\Users\ultra\warewolf\Dev\Warewolf.Studio.Core\Warewolf.Studio.Core.csproj]
C:\Program Files\dotnet\sdk\10.0.201\Microsoft.Common.CurrentVersion.targets(2451,5): warning MSB3277:         C:\Users\ultra\.nuget\packages\system.directoryservices\6.0.0\lib\net6.0\System.DirectoryServices.dll [C:\Users\ultra\warewolf\Dev\Warewolf.Studio.Core\Warewolf.Studio.Core.csproj]
C:\Program Files\dotnet\sdk\10.0.201\Microsoft.Common.CurrentVersion.targets(2451,5): warning MSB3277:           Project file item includes which caused reference "C:\Users\ultra\.nuget\packages\system.directoryservices\6.0.0\lib\net6.0\System.DirectoryServices.dll". [C:\Users\ultra\warewolf\Dev\Warewolf.Studio.Core\Warewolf.Studio.Core.csproj]
C:\Program Files\dotnet\sdk\10.0.201\Microsoft.Common.CurrentVersion.targets(2451,5): warning MSB3277:             C:\Users\ultra\.nuget\packages\system.directoryservices\6.0.0\lib\net6.0\System.DirectoryServices.dll [C:\Users\ultra\warewolf\Dev\Warewolf.Studio.Core\Warewolf.Studio.Core.csproj]
C:\Program Files\dotnet\sdk\10.0.201\Microsoft.Common.CurrentVersion.targets(2451,5): warning MSB3277:             C:\Users\ultra\.nuget\packages\corewcf.primitives\1.2.1\lib\netstandard2.0\CoreWCF.Primitives.dll [C:\Users\ultra\warewolf\Dev\Warewolf.Studio.Core\Warewolf.Studio.Core.csproj]
C:\Program Files\dotnet\sdk\10.0.201\Microsoft.Common.CurrentVersion.targets(2451,5): warning MSB3277:             C:\Users\ultra\warewolf\Dev\Dev2.Runtime.Services\bin\Debug\net8.0\Dev2.Runtime.Services.dll [C:\Users\ultra\warewolf\Dev\Warewolf.Studio.Core\Warewolf.Studio.Core.csproj]
C:\Program Files\dotnet\sdk\10.0.201\Microsoft.Common.CurrentVersion.targets(2451,5): warning MSB3277:             C:\Users\ultra\warewolf\Dev\Dev2.Studio.Interfaces\bin\Debug\net8.0\Dev2.Studio.Interfaces.dll [C:\Users\ultra\warewolf\Dev\Warewolf.Studio.Core\Warewolf.Studio.Core.csproj]
C:\Program Files\dotnet\sdk\10.0.201\Microsoft.Common.CurrentVersion.targets(2451,5): warning MSB3277:             C:\Users\ultra\.nuget\packages\corewcf.http\1.2.1\lib\netstandard2.0\CoreWCF.Http.dll [C:\Users\ultra\warewolf\Dev\Warewolf.Studio.Core\Warewolf.Studio.Core.csproj]
C:\Program Files\dotnet\sdk\10.0.201\Microsoft.Common.CurrentVersion.targets(2451,5): warning MSB3277:             C:\Users\ultra\.nuget\packages\corewcf.nettcp\1.2.1\lib\netstandard2.0\CoreWCF.NetTcp.dll [C:\Users\ultra\warewolf\Dev\Warewolf.Studio.Core\Warewolf.Studio.Core.csproj]
C:\Program Files\dotnet\sdk\10.0.201\Microsoft.Common.CurrentVersion.targets(2451,5): warning MSB3277:             C:\Users\ultra\.nuget\packages\corewcf.webhttp\1.2.1\lib\netstandard2.0\CoreWCF.WebHttp.dll [C:\Users\ultra\warewolf\Dev\Warewolf.Studio.Core\Warewolf.Studio.Core.csproj]
C:\Program Files\dotnet\sdk\10.0.201\Microsoft.Common.CurrentVersion.targets(2451,5): warning MSB3277:         C:\Program Files\dotnet\packs\Microsoft.NETCore.App.Ref\8.0.25\ref\net8.0\System.Configuration.dll [C:\Users\ultra\warewolf\Dev\Warewolf.Studio.Core\Warewolf.Studio.Core.csproj]
C:\Program Files\dotnet\sdk\10.0.201\Microsoft.Common.CurrentVersion.targets(2451,5): warning MSB3277:           Project file item includes which caused reference "C:\Program Files\dotnet\packs\Microsoft.NETCore.App.Ref\8.0.25\ref\net8.0\System.Configuration.dll". [C:\Users\ultra\warewolf\Dev\Warewolf.Studio.Core\Warewolf.Studio.Core.csproj]
C:\Program Files\dotnet\sdk\10.0.201\Microsoft.Common.CurrentVersion.targets(2451,5): warning MSB3277:             C:\Program Files\dotnet\packs\Microsoft.NETCore.App.Ref\8.0.25\ref/net8.0/System.Configuration.dll [C:\Users\ultra\warewolf\Dev\Warewolf.Studio.Core\Warewolf.Studio.Core.csproj]
C:\Program Files\dotnet\sdk\10.0.201\Microsoft.Common.CurrentVersion.targets(2451,5): warning MSB3277:             C:\Users\ultra\.nuget\packages\prism.wpf\9.0.537\lib\net462\Prism.Wpf.dll [C:\Users\ultra\warewolf\Dev\Warewolf.Studio.Core\Warewolf.Studio.Core.csproj]
C:\Program Files\dotnet\sdk\10.0.201\Microsoft.Common.CurrentVersion.targets(2451,5): warning MSB3277:         C:\Program Files\dotnet\packs\Microsoft.NETCore.App.Ref\8.0.25\ref\net8.0\System.Data.dll [C:\Users\ultra\warewolf\Dev\Warewolf.Studio.Core\Warewolf.Studio.Core.csproj]
C:\Program Files\dotnet\sdk\10.0.201\Microsoft.Common.CurrentVersion.targets(2451,5): warning MSB3277:           Project file item includes which caused reference "C:\Program Files\dotnet\packs\Microsoft.NETCore.App.Ref\8.0.25\ref\net8.0\System.Data.dll". [C:\Users\ultra\warewolf\Dev\Warewolf.Studio.Core\Warewolf.Studio.Core.csproj]
C:\Program Files\dotnet\sdk\10.0.201\Microsoft.Common.CurrentVersion.targets(2451,5): warning MSB3277:             C:\Program Files\dotnet\packs\Microsoft.NETCore.App.Ref\8.0.25\ref/net8.0/System.Data.dll [C:\Users\ultra\warewolf\Dev\Warewolf.Studio.Core\Warewolf.Studio.Core.csproj]
C:\Program Files\dotnet\sdk\10.0.201\Microsoft.Common.CurrentVersion.targets(2451,5): warning MSB3277:             C:\Users\ultra\.nuget\packages\taskschedulereditor\2.10.1\lib\net452\Microsoft.Win32.TaskSchedulerEditor.dll [C:\Users\ultra\warewolf\Dev\Warewolf.Studio.Core\Warewolf.Studio.Core.csproj]
C:\Program Files\dotnet\sdk\10.0.201\Microsoft.Common.CurrentVersion.targets(2451,5): warning MSB3277:         C:\Program Files\dotnet\packs\Microsoft.NETCore.App.Ref\8.0.25\ref\net8.0\System.Drawing.dll [C:\Users\ultra\warewolf\Dev\Warewolf.Studio.Core\Warewolf.Studio.Core.csproj]
C:\Program Files\dotnet\sdk\10.0.201\Microsoft.Common.CurrentVersion.targets(2451,5): warning MSB3277:           Project file item includes which caused reference "C:\Program Files\dotnet\packs\Microsoft.NETCore.App.Ref\8.0.25\ref\net8.0\System.Drawing.dll". [C:\Users\ultra\warewolf\Dev\Warewolf.Studio.Core\Warewolf.Studio.Core.csproj]
C:\Program Files\dotnet\sdk\10.0.201\Microsoft.Common.CurrentVersion.targets(2451,5): warning MSB3277:             C:\Program Files\dotnet\packs\Microsoft.NETCore.App.Ref\8.0.25\ref/net8.0/System.Drawing.dll [C:\Users\ultra\warewolf\Dev\Warewolf.Studio.Core\Warewolf.Studio.Core.csproj]
C:\Program Files\dotnet\sdk\10.0.201\Microsoft.Common.CurrentVersion.targets(2451,5): warning MSB3277:             C:\Users\ultra\.nuget\packages\aerowizard\2.3.1\lib\net45\AeroWizard.dll [C:\Users\ultra\warewolf\Dev\Warewolf.Studio.Core\Warewolf.Studio.Core.csproj]
C:\Program Files\dotnet\sdk\10.0.201\Microsoft.Common.CurrentVersion.targets(2451,5): warning MSB3277:             C:\Users\ultra\.nuget\packages\groupcontrols\1.9.0\lib\net45\GroupControls.dll [C:\Users\ultra\warewolf\Dev\Warewolf.Studio.Core\Warewolf.Studio.Core.csproj]
C:\Program Files\dotnet\sdk\10.0.201\Microsoft.Common.CurrentVersion.targets(2451,5): warning MSB3277:             C:\Users\ultra\.nuget\packages\taskschedulereditor\2.10.1\lib\net452\Microsoft.Win32.TaskSchedulerEditor.dll [C:\Users\ultra\warewolf\Dev\Warewolf.Studio.Core\Warewolf.Studio.Core.csproj]
C:\Program Files\dotnet\sdk\10.0.201\Microsoft.Common.CurrentVersion.targets(2451,5): warning MSB3277:         C:\Program Files\dotnet\packs\Microsoft.NETCore.App.Ref\8.0.25\ref\net8.0\System.Net.dll [C:\Users\ultra\warewolf\Dev\Warewolf.Studio.Core\Warewolf.Studio.Core.csproj]
C:\Program Files\dotnet\sdk\10.0.201\Microsoft.Common.CurrentVersion.targets(2451,5): warning MSB3277:           Project file item includes which caused reference "C:\Program Files\dotnet\packs\Microsoft.NETCore.App.Ref\8.0.25\ref\net8.0\System.Net.dll". [C:\Users\ultra\warewolf\Dev\Warewolf.Studio.Core\Warewolf.Studio.Core.csproj]
C:\Program Files\dotnet\sdk\10.0.201\Microsoft.Common.CurrentVersion.targets(2451,5): warning MSB3277:             C:\Program Files\dotnet\packs\Microsoft.NETCore.App.Ref\8.0.25\ref/net8.0/System.Net.dll [C:\Users\ultra\warewolf\Dev\Warewolf.Studio.Core\Warewolf.Studio.Core.csproj]
C:\Program Files\dotnet\sdk\10.0.201\Microsoft.Common.CurrentVersion.targets(2451,5): warning MSB3277:         C:\Program Files\dotnet\packs\Microsoft.NETCore.App.Ref\8.0.25\ref\net8.0\System.Security.dll [C:\Users\ultra\warewolf\Dev\Warewolf.Studio.Core\Warewolf.Studio.Core.csproj]
C:\Program Files\dotnet\sdk\10.0.201\Microsoft.Common.CurrentVersion.targets(2451,5): warning MSB3277:           Project file item includes which caused reference "C:\Program Files\dotnet\packs\Microsoft.NETCore.App.Ref\8.0.25\ref\net8.0\System.Security.dll". [C:\Users\ultra\warewolf\Dev\Warewolf.Studio.Core\Warewolf.Studio.Core.csproj]
C:\Program Files\dotnet\sdk\10.0.201\Microsoft.Common.CurrentVersion.targets(2451,5): warning MSB3277:             C:\Program Files\dotnet\packs\Microsoft.NETCore.App.Ref\8.0.25\ref/net8.0/System.Security.dll [C:\Users\ultra\warewolf\Dev\Warewolf.Studio.Core\Warewolf.Studio.Core.csproj]
C:\Program Files\dotnet\sdk\10.0.201\Microsoft.Common.CurrentVersion.targets(2451,5): warning MSB3277:         C:\Program Files\dotnet\packs\Microsoft.NETCore.App.Ref\8.0.25\ref\net8.0\System.ServiceProcess.dll [C:\Users\ultra\warewolf\Dev\Warewolf.Studio.Core\Warewolf.Studio.Core.csproj]
C:\Program Files\dotnet\sdk\10.0.201\Microsoft.Common.CurrentVersion.targets(2451,5): warning MSB3277:           Project file item includes which caused reference "C:\Program Files\dotnet\packs\Microsoft.NETCore.App.Ref\8.0.25\ref\net8.0\System.ServiceProcess.dll". [C:\Users\ultra\warewolf\Dev\Warewolf.Studio.Core\Warewolf.Studio.Core.csproj]
C:\Program Files\dotnet\sdk\10.0.201\Microsoft.Common.CurrentVersion.targets(2451,5): warning MSB3277:             C:\Program Files\dotnet\packs\Microsoft.NETCore.App.Ref\8.0.25\ref/net8.0/System.ServiceProcess.dll [C:\Users\ultra\warewolf\Dev\Warewolf.Studio.Core\Warewolf.Studio.Core.csproj]
C:\Program Files\dotnet\sdk\10.0.201\Microsoft.Common.CurrentVersion.targets(2451,5): warning MSB3277:         C:\Program Files\dotnet\packs\Microsoft.NETCore.App.Ref\8.0.25\ref\net8.0\System.Transactions.dll [C:\Users\ultra\warewolf\Dev\Warewolf.Studio.Core\Warewolf.Studio.Core.csproj]
C:\Program Files\dotnet\sdk\10.0.201\Microsoft.Common.CurrentVersion.targets(2451,5): warning MSB3277:           Project file item includes which caused reference "C:\Program Files\dotnet\packs\Microsoft.NETCore.App.Ref\8.0.25\ref\net8.0\System.Transactions.dll". [C:\Users\ultra\warewolf\Dev\Warewolf.Studio.Core\Warewolf.Studio.Core.csproj]
C:\Program Files\dotnet\sdk\10.0.201\Microsoft.Common.CurrentVersion.targets(2451,5): warning MSB3277:             C:\Program Files\dotnet\packs\Microsoft.NETCore.App.Ref\8.0.25\ref/net8.0/System.Transactions.dll [C:\Users\ultra\warewolf\Dev\Warewolf.Studio.Core\Warewolf.Studio.Core.csproj]
C:\Program Files\dotnet\sdk\10.0.201\Microsoft.Common.CurrentVersion.targets(2451,5): warning MSB3277:         C:\Program Files\dotnet\packs\Microsoft.NETCore.App.Ref\8.0.25\ref\net8.0\System.dll [C:\Users\ultra\warewolf\Dev\Warewolf.Studio.Core\Warewolf.Studio.Core.csproj]
C:\Program Files\dotnet\sdk\10.0.201\Microsoft.Common.CurrentVersion.targets(2451,5): warning MSB3277:           Project file item includes which caused reference "C:\Program Files\dotnet\packs\Microsoft.NETCore.App.Ref\8.0.25\ref\net8.0\System.dll". [C:\Users\ultra\warewolf\Dev\Warewolf.Studio.Core\Warewolf.Studio.Core.csproj]
C:\Program Files\dotnet\sdk\10.0.201\Microsoft.Common.CurrentVersion.targets(2451,5): warning MSB3277:             C:\Program Files\dotnet\packs\Microsoft.NETCore.App.Ref\8.0.25\ref/net8.0/System.dll [C:\Users\ultra\warewolf\Dev\Warewolf.Studio.Core\Warewolf.Studio.Core.csproj]
C:\Program Files\dotnet\sdk\10.0.201\Microsoft.Common.CurrentVersion.targets(2451,5): warning MSB3277:             C:\Users\ultra\.nuget\packages\aerowizard\2.3.1\lib\net45\AeroWizard.dll [C:\Users\ultra\warewolf\Dev\Warewolf.Studio.Core\Warewolf.Studio.Core.csproj]
C:\Program Files\dotnet\sdk\10.0.201\Microsoft.Common.CurrentVersion.targets(2451,5): warning MSB3277:             C:\Users\ultra\.nuget\packages\groupcontrols\1.9.0\lib\net45\GroupControls.dll [C:\Users\ultra\warewolf\Dev\Warewolf.Studio.Core\Warewolf.Studio.Core.csproj]
C:\Program Files\dotnet\sdk\10.0.201\Microsoft.Common.CurrentVersion.targets(2451,5): warning MSB3277:             C:\Users\ultra\.nuget\packages\microsoft.xaml.behaviors.wpf\1.1.122\lib\net462\Microsoft.Xaml.Behaviors.dll [C:\Users\ultra\warewolf\Dev\Warewolf.Studio.Core\Warewolf.Studio.Core.csproj]
C:\Program Files\dotnet\sdk\10.0.201\Microsoft.Common.CurrentVersion.targets(2451,5): warning MSB3277:             C:\Users\ultra\.nuget\packages\caliburn.micro\4.0.212\lib\netcoreapp3.1\Caliburn.Micro.Platform.dll [C:\Users\ultra\warewolf\Dev\Warewolf.Studio.Core\Warewolf.Studio.Core.csproj]
C:\Program Files\dotnet\sdk\10.0.201\Microsoft.Common.CurrentVersion.targets(2451,5): warning MSB3277:             C:\Users\ultra\.nuget\packages\prism.wpf\9.0.537\lib\net462\Prism.Wpf.dll [C:\Users\ultra\warewolf\Dev\Warewolf.Studio.Core\Warewolf.Studio.Core.csproj]
C:\Program Files\dotnet\sdk\10.0.201\Microsoft.Common.CurrentVersion.targets(2451,5): warning MSB3277:             C:\Users\ultra\.nuget\packages\reactiveui.wpf\18.4.1\lib\net462\ReactiveUI.Wpf.dll [C:\Users\ultra\warewolf\Dev\Warewolf.Studio.Core\Warewolf.Studio.Core.csproj]
C:\Program Files\dotnet\sdk\10.0.201\Microsoft.Common.CurrentVersion.targets(2451,5): warning MSB3277:             C:\Users\ultra\.nuget\packages\taskschedulereditor\2.10.1\lib\net452\Microsoft.Win32.TaskSchedulerEditor.dll [C:\Users\ultra\warewolf\Dev\Warewolf.Studio.Core\Warewolf.Studio.Core.csproj]
C:\Program Files\dotnet\sdk\10.0.201\Microsoft.Common.CurrentVersion.targets(2451,5): warning MSB3277:             C:\Users\ultra\.nuget\packages\ttcue.netcore.sharepointonline.csom.16.1.8029.1200\16.1.8029.1200\lib\netcoreapp2.0\Microsoft.SharePoint.Client.Runtime.Windows.dll [C:\Users\ultra\warewolf\Dev\Warewolf.Studio.Core\Warewolf.Studio.Core.csproj]
C:\Program Files\dotnet\sdk\10.0.201\Microsoft.Common.CurrentVersion.targets(2451,5): warning MSB3277:         C:\Program Files\dotnet\packs\Microsoft.NETCore.App.Ref\8.0.25\ref\net8.0\WindowsBase.dll [C:\Users\ultra\warewolf\Dev\Warewolf.Studio.Core\Warewolf.Studio.Core.csproj]
C:\Program Files\dotnet\sdk\10.0.201\Microsoft.Common.CurrentVersion.targets(2451,5): warning MSB3277:           Project file item includes which caused reference "C:\Program Files\dotnet\packs\Microsoft.NETCore.App.Ref\8.0.25\ref\net8.0\WindowsBase.dll". [C:\Users\ultra\warewolf\Dev\Warewolf.Studio.Core\Warewolf.Studio.Core.csproj]
C:\Program Files\dotnet\sdk\10.0.201\Microsoft.Common.CurrentVersion.targets(2451,5): warning MSB3277:             C:\Program Files\dotnet\packs\Microsoft.NETCore.App.Ref\8.0.25\ref/net8.0/WindowsBase.dll [C:\Users\ultra\warewolf\Dev\Warewolf.Studio.Core\Warewolf.Studio.Core.csproj]
C:\Program Files\dotnet\sdk\10.0.201\Microsoft.Common.CurrentVersion.targets(2451,5): warning MSB3277:         C:\Program Files\dotnet\packs\Microsoft.NETCore.App.Ref\8.0.25\ref\net8.0\mscorlib.dll [C:\Users\ultra\warewolf\Dev\Warewolf.Studio.Core\Warewolf.Studio.Core.csproj]
C:\Program Files\dotnet\sdk\10.0.201\Microsoft.Common.CurrentVersion.targets(2451,5): warning MSB3277:           Project file item includes which caused reference "C:\Program Files\dotnet\packs\Microsoft.NETCore.App.Ref\8.0.25\ref\net8.0\mscorlib.dll". [C:\Users\ultra\warewolf\Dev\Warewolf.Studio.Core\Warewolf.Studio.Core.csproj]
C:\Program Files\dotnet\sdk\10.0.201\Microsoft.Common.CurrentVersion.targets(2451,5): warning MSB3277:             C:\Program Files\dotnet\packs\Microsoft.NETCore.App.Ref\8.0.25\ref/net8.0/mscorlib.dll [C:\Users\ultra\warewolf\Dev\Warewolf.Studio.Core\Warewolf.Studio.Core.csproj]
C:\Program Files\dotnet\sdk\10.0.201\Microsoft.Common.CurrentVersion.targets(2451,5): warning MSB3277:             C:\Users\ultra\.nuget\packages\aerowizard\2.3.1\lib\net45\AeroWizard.dll [C:\Users\ultra\warewolf\Dev\Warewolf.Studio.Core\Warewolf.Studio.Core.csproj]
C:\Program Files\dotnet\sdk\10.0.201\Microsoft.Common.CurrentVersion.targets(2451,5): warning MSB3277:             C:\Users\ultra\.nuget\packages\groupcontrols\1.9.0\lib\net45\GroupControls.dll [C:\Users\ultra\warewolf\Dev\Warewolf.Studio.Core\Warewolf.Studio.Core.csproj]
C:\Program Files\dotnet\sdk\10.0.201\Microsoft.Common.CurrentVersion.targets(2451,5): warning MSB3277:             C:\Users\ultra\.nuget\packages\microsoft.xaml.behaviors.wpf\1.1.122\lib\net462\Microsoft.Xaml.Behaviors.dll [C:\Users\ultra\warewolf\Dev\Warewolf.Studio.Core\Warewolf.Studio.Core.csproj]
C:\Program Files\dotnet\sdk\10.0.201\Microsoft.Common.CurrentVersion.targets(2451,5): warning MSB3277:             C:\Users\ultra\.nuget\packages\caliburn.micro\4.0.212\lib\netcoreapp3.1\Caliburn.Micro.Platform.dll [C:\Users\ultra\warewolf\Dev\Warewolf.Studio.Core\Warewolf.Studio.Core.csproj]
C:\Program Files\dotnet\sdk\10.0.201\Microsoft.Common.CurrentVersion.targets(2451,5): warning MSB3277:             C:\Users\ultra\.nuget\packages\oracle.manageddataaccess.core\3.21.70\lib\netstandard2.1\Oracle.ManagedDataAccess.dll [C:\Users\ultra\warewolf\Dev\Warewolf.Studio.Core\Warewolf.Studio.Core.csproj]
C:\Program Files\dotnet\sdk\10.0.201\Microsoft.Common.CurrentVersion.targets(2451,5): warning MSB3277:             C:\Users\ultra\warewolf\Dev\Dev2.Runtime.Services\bin\Debug\net8.0\Dev2.Runtime.Services.dll [C:\Users\ultra\warewolf\Dev\Warewolf.Studio.Core\Warewolf.Studio.Core.csproj]
C:\Program Files\dotnet\sdk\10.0.201\Microsoft.Common.CurrentVersion.targets(2451,5): warning MSB3277:             C:\Users\ultra\warewolf\Dev\Dev2.Studio.Interfaces\bin\Debug\net8.0\Dev2.Studio.Interfaces.dll [C:\Users\ultra\warewolf\Dev\Warewolf.Studio.Core\Warewolf.Studio.Core.csproj]
C:\Program Files\dotnet\sdk\10.0.201\Microsoft.Common.CurrentVersion.targets(2451,5): warning MSB3277:             C:\Users\ultra\warewolf\Dev\Dev2.Services.Sql\bin\Debug\net8.0\Dev2.Services.Sql.dll [C:\Users\ultra\warewolf\Dev\Warewolf.Studio.Core\Warewolf.Studio.Core.csproj]
C:\Program Files\dotnet\sdk\10.0.201\Microsoft.Common.CurrentVersion.targets(2451,5): warning MSB3277:             C:\Users\ultra\.nuget\packages\prism.wpf\9.0.537\lib\net462\Prism.Wpf.dll [C:\Users\ultra\warewolf\Dev\Warewolf.Studio.Core\Warewolf.Studio.Core.csproj]
C:\Program Files\dotnet\sdk\10.0.201\Microsoft.Common.CurrentVersion.targets(2451,5): warning MSB3277:             C:\Users\ultra\.nuget\packages\reactiveui.wpf\18.4.1\lib\net462\ReactiveUI.Wpf.dll [C:\Users\ultra\warewolf\Dev\Warewolf.Studio.Core\Warewolf.Studio.Core.csproj]
C:\Program Files\dotnet\sdk\10.0.201\Microsoft.Common.CurrentVersion.targets(2451,5): warning MSB3277:             C:\Users\ultra\.nuget\packages\taskschedulereditor\2.10.1\lib\net452\Microsoft.Win32.TaskSchedulerEditor.dll [C:\Users\ultra\warewolf\Dev\Warewolf.Studio.Core\Warewolf.Studio.Core.csproj]
C:\Program Files\dotnet\sdk\10.0.201\Microsoft.Common.CurrentVersion.targets(2451,5): warning MSB3277:             C:\Users\ultra\.nuget\packages\ttcue.netcore.sharepointonline.csom.16.1.8029.1200\16.1.8029.1200\lib\netcoreapp2.0\Microsoft.SharePoint.Client.Runtime.Windows.dll [C:\Users\ultra\warewolf\Dev\Warewolf.Studio.Core\Warewolf.Studio.Core.csproj]
C:\Program Files\dotnet\sdk\10.0.201\Microsoft.Common.CurrentVersion.targets(2451,5): warning MSB3277: Found conflicts between different versions of "WindowsBase" that could not be resolved. [C:\Users\ultra\warewolf\Dev\Warewolf.Studio.Core\Warewolf.Studio.Core.csproj]
C:\Program Files\dotnet\sdk\10.0.201\Microsoft.Common.CurrentVersion.targets(2451,5): warning MSB3277: There was a conflict between "WindowsBase, Version=4.0.0.0, Culture=neutral, PublicKeyToken=31bf3856ad364e35" and "WindowsBase, Version=6.0.2.0, Culture=neutral, PublicKeyToken=31bf3856ad364e35". [C:\Users\ultra\warewolf\Dev\Warewolf.Studio.Core\Warewolf.Studio.Core.csproj]
C:\Program Files\dotnet\sdk\10.0.201\Microsoft.Common.CurrentVersion.targets(2451,5): warning MSB3277:     "WindowsBase, Version=4.0.0.0, Culture=neutral, PublicKeyToken=31bf3856ad364e35" was chosen because it was primary and "WindowsBase, Version=6.0.2.0, Culture=neutral, PublicKeyToken=31bf3856ad364e35" was not. [C:\Users\ultra\warewolf\Dev\Warewolf.Studio.Core\Warewolf.Studio.Core.csproj]
C:\Program Files\dotnet\sdk\10.0.201\Microsoft.Common.CurrentVersion.targets(2451,5): warning MSB3277:     References which depend on "WindowsBase, Version=4.0.0.0, Culture=neutral, PublicKeyToken=31bf3856ad364e35" [C:\Program Files\dotnet\packs\Microsoft.NETCore.App.Ref\8.0.25\ref\net8.0\WindowsBase.dll]. [C:\Users\ultra\warewolf\Dev\Warewolf.Studio.Core\Warewolf.Studio.Core.csproj]
C:\Program Files\dotnet\sdk\10.0.201\Microsoft.Common.CurrentVersion.targets(2451,5): warning MSB3277:         C:\Program Files\dotnet\packs\Microsoft.NETCore.App.Ref\8.0.25\ref\net8.0\WindowsBase.dll [C:\Users\ultra\warewolf\Dev\Warewolf.Studio.Core\Warewolf.Studio.Core.csproj]
C:\Program Files\dotnet\sdk\10.0.201\Microsoft.Common.CurrentVersion.targets(2451,5): warning MSB3277:           Project file item includes which caused reference "C:\Program Files\dotnet\packs\Microsoft.NETCore.App.Ref\8.0.25\ref\net8.0\WindowsBase.dll". [C:\Users\ultra\warewolf\Dev\Warewolf.Studio.Core\Warewolf.Studio.Core.csproj]
C:\Program Files\dotnet\sdk\10.0.201\Microsoft.Common.CurrentVersion.targets(2451,5): warning MSB3277:             C:\Program Files\dotnet\packs\Microsoft.NETCore.App.Ref\8.0.25\ref/net8.0/WindowsBase.dll [C:\Users\ultra\warewolf\Dev\Warewolf.Studio.Core\Warewolf.Studio.Core.csproj]
C:\Program Files\dotnet\sdk\10.0.201\Microsoft.Common.CurrentVersion.targets(2451,5): warning MSB3277:     References which depend on or have been unified to "WindowsBase, Version=6.0.2.0, Culture=neutral, PublicKeyToken=31bf3856ad364e35" []. [C:\Users\ultra\warewolf\Dev\Warewolf.Studio.Core\Warewolf.Studio.Core.csproj]
C:\Program Files\dotnet\sdk\10.0.201\Microsoft.Common.CurrentVersion.targets(2451,5): warning MSB3277:         C:\Users\ultra\warewolf\Dev\Binaries\Infragistcs_Net6\InfragisticsWPF4.Controls.Menus.XamDataTree.v15.1.dll [C:\Users\ultra\warewolf\Dev\Warewolf.Studio.Core\Warewolf.Studio.Core.csproj]
C:\Program Files\dotnet\sdk\10.0.201\Microsoft.Common.CurrentVersion.targets(2451,5): warning MSB3277:           Project file item includes which caused reference "C:\Users\ultra\warewolf\Dev\Binaries\Infragistcs_Net6\InfragisticsWPF4.Controls.Menus.XamDataTree.v15.1.dll". [C:\Users\ultra\warewolf\Dev\Warewolf.Studio.Core\Warewolf.Studio.Core.csproj]
C:\Program Files\dotnet\sdk\10.0.201\Microsoft.Common.CurrentVersion.targets(2451,5): warning MSB3277:             InfragisticsWPF4.Controls.Menus.XamDataTree.v15.1, Version=15.1.20151.2055, Culture=neutral, PublicKeyToken=7dd5c3163f2cd0cb, processorArchitecture=MSIL [C:\Users\ultra\warewolf\Dev\Warewolf.Studio.Core\Warewolf.Studio.Core.csproj]
C:\Program Files\dotnet\sdk\10.0.201\Microsoft.Common.CurrentVersion.targets(2451,5): warning MSB3277:         C:\Users\ultra\warewolf\Dev\Binaries\Infragistcs_Net6\InfragisticsWPF4.DataManager.v15.1.dll [C:\Users\ultra\warewolf\Dev\Warewolf.Studio.Core\Warewolf.Studio.Core.csproj]
C:\Program Files\dotnet\sdk\10.0.201\Microsoft.Common.CurrentVersion.targets(2451,5): warning MSB3277:           Project file item includes which caused reference "C:\Users\ultra\warewolf\Dev\Binaries\Infragistcs_Net6\InfragisticsWPF4.DataManager.v15.1.dll". [C:\Users\ultra\warewolf\Dev\Warewolf.Studio.Core\Warewolf.Studio.Core.csproj]
C:\Program Files\dotnet\sdk\10.0.201\Microsoft.Common.CurrentVersion.targets(2451,5): warning MSB3277:             InfragisticsWPF4.DataManager.v15.1, Version=15.1.20151.2055, Culture=neutral, PublicKeyToken=7dd5c3163f2cd0cb, processorArchitecture=MSIL [C:\Users\ultra\warewolf\Dev\Warewolf.Studio.Core\Warewolf.Studio.Core.csproj]
C:\Program Files\dotnet\sdk\10.0.201\Microsoft.Common.CurrentVersion.targets(2451,5): warning MSB3277:             InfragisticsWPF4.Controls.Menus.XamDataTree.v15.1, Version=15.1.20151.2055, Culture=neutral, PublicKeyToken=7dd5c3163f2cd0cb, processorArchitecture=MSIL [C:\Users\ultra\warewolf\Dev\Warewolf.Studio.Core\Warewolf.Studio.Core.csproj]
C:\Program Files\dotnet\sdk\10.0.201\Microsoft.Common.CurrentVersion.targets(2451,5): warning MSB3277:         C:\Users\ultra\warewolf\Dev\Binaries\Infragistcs_Net6\InfragisticsWPF4.DockManager.v15.1.dll [C:\Users\ultra\warewolf\Dev\Warewolf.Studio.Core\Warewolf.Studio.Core.csproj]
C:\Program Files\dotnet\sdk\10.0.201\Microsoft.Common.CurrentVersion.targets(2451,5): warning MSB3277:           Project file item includes which caused reference "C:\Users\ultra\warewolf\Dev\Binaries\Infragistcs_Net6\InfragisticsWPF4.DockManager.v15.1.dll". [C:\Users\ultra\warewolf\Dev\Warewolf.Studio.Core\Warewolf.Studio.Core.csproj]
C:\Program Files\dotnet\sdk\10.0.201\Microsoft.Common.CurrentVersion.targets(2451,5): warning MSB3277:             InfragisticsWPF4.DockManager.v15.1, Version=15.1.20151.2055, Culture=neutral, PublicKeyToken=7dd5c3163f2cd0cb, processorArchitecture=MSIL [C:\Users\ultra\warewolf\Dev\Warewolf.Studio.Core\Warewolf.Studio.Core.csproj]
C:\Program Files\dotnet\sdk\10.0.201\Microsoft.Common.CurrentVersion.targets(2451,5): warning MSB3277:         C:\Users\ultra\warewolf\Dev\Binaries\Infragistcs_Net6\InfragisticsWPF4.v15.1.dll [C:\Users\ultra\warewolf\Dev\Warewolf.Studio.Core\Warewolf.Studio.Core.csproj]
C:\Program Files\dotnet\sdk\10.0.201\Microsoft.Common.CurrentVersion.targets(2451,5): warning MSB3277:           Project file item includes which caused reference "C:\Users\ultra\warewolf\Dev\Binaries\Infragistcs_Net6\InfragisticsWPF4.v15.1.dll". [C:\Users\ultra\warewolf\Dev\Warewolf.Studio.Core\Warewolf.Studio.Core.csproj]
C:\Program Files\dotnet\sdk\10.0.201\Microsoft.Common.CurrentVersion.targets(2451,5): warning MSB3277:             InfragisticsWPF4.v15.1, Version=15.1.20151.2055, Culture=neutral, PublicKeyToken=7dd5c3163f2cd0cb, processorArchitecture=MSIL [C:\Users\ultra\warewolf\Dev\Warewolf.Studio.Core\Warewolf.Studio.Core.csproj]
C:\Program Files\dotnet\sdk\10.0.201\Microsoft.Common.CurrentVersion.targets(2451,5): warning MSB3277:             InfragisticsWPF4.Controls.Menus.XamDataTree.v15.1, Version=15.1.20151.2055, Culture=neutral, PublicKeyToken=7dd5c3163f2cd0cb, processorArchitecture=MSIL [C:\Users\ultra\warewolf\Dev\Warewolf.Studio.Core\Warewolf.Studio.Core.csproj]
C:\Program Files\dotnet\sdk\10.0.201\Microsoft.Common.CurrentVersion.targets(2451,5): warning MSB3277:             InfragisticsWPF4.DataManager.v15.1, Version=15.1.20151.2055, Culture=neutral, PublicKeyToken=7dd5c3163f2cd0cb, processorArchitecture=MSIL [C:\Users\ultra\warewolf\Dev\Warewolf.Studio.Core\Warewolf.Studio.Core.csproj]
C:\Program Files\dotnet\sdk\10.0.201\Microsoft.Common.CurrentVersion.targets(2451,5): warning MSB3277:             InfragisticsWPF4.DockManager.v15.1, Version=15.1.20151.2055, Culture=neutral, PublicKeyToken=7dd5c3163f2cd0cb, processorArchitecture=MSIL [C:\Users\ultra\warewolf\Dev\Warewolf.Studio.Core\Warewolf.Studio.Core.csproj]
C:\Program Files\dotnet\sdk\10.0.201\Microsoft.Common.CurrentVersion.targets(2451,5): warning MSB3277:         C:\Users\ultra\.nuget\packages\caliburn.micro\4.0.212\lib\netcoreapp3.1\Caliburn.Micro.Platform.dll [C:\Users\ultra\warewolf\Dev\Warewolf.Studio.Core\Warewolf.Studio.Core.csproj]
C:\Program Files\dotnet\sdk\10.0.201\Microsoft.Common.CurrentVersion.targets(2451,5): warning MSB3277:           Project file item includes which caused reference "C:\Users\ultra\.nuget\packages\caliburn.micro\4.0.212\lib\netcoreapp3.1\Caliburn.Micro.Platform.dll". [C:\Users\ultra\warewolf\Dev\Warewolf.Studio.Core\Warewolf.Studio.Core.csproj]
C:\Program Files\dotnet\sdk\10.0.201\Microsoft.Common.CurrentVersion.targets(2451,5): warning MSB3277:             C:\Users\ultra\.nuget\packages\caliburn.micro\4.0.212\lib\netcoreapp3.1\Caliburn.Micro.Platform.dll [C:\Users\ultra\warewolf\Dev\Warewolf.Studio.Core\Warewolf.Studio.Core.csproj]
C:\Program Files\dotnet\sdk\10.0.201\Microsoft.Common.CurrentVersion.targets(2451,5): warning MSB3277:         C:\Users\ultra\.nuget\packages\microsoft.xaml.behaviors.wpf\1.1.122\lib\net462\Microsoft.Xaml.Behaviors.dll [C:\Users\ultra\warewolf\Dev\Warewolf.Studio.Core\Warewolf.Studio.Core.csproj]
C:\Program Files\dotnet\sdk\10.0.201\Microsoft.Common.CurrentVersion.targets(2451,5): warning MSB3277:           Project file item includes which caused reference "C:\Users\ultra\.nuget\packages\microsoft.xaml.behaviors.wpf\1.1.122\lib\net462\Microsoft.Xaml.Behaviors.dll". [C:\Users\ultra\warewolf\Dev\Warewolf.Studio.Core\Warewolf.Studio.Core.csproj]
C:\Program Files\dotnet\sdk\10.0.201\Microsoft.Common.CurrentVersion.targets(2451,5): warning MSB3277:             C:\Users\ultra\.nuget\packages\microsoft.xaml.behaviors.wpf\1.1.122\lib\net462\Microsoft.Xaml.Behaviors.dll [C:\Users\ultra\warewolf\Dev\Warewolf.Studio.Core\Warewolf.Studio.Core.csproj]
C:\Program Files\dotnet\sdk\10.0.201\Microsoft.Common.CurrentVersion.targets(2451,5): warning MSB3277:             C:\Users\ultra\.nuget\packages\caliburn.micro\4.0.212\lib\netcoreapp3.1\Caliburn.Micro.Platform.dll [C:\Users\ultra\warewolf\Dev\Warewolf.Studio.Core\Warewolf.Studio.Core.csproj]
C:\Program Files\dotnet\sdk\10.0.201\Microsoft.Common.CurrentVersion.targets(2451,5): warning MSB3277:             C:\Users\ultra\.nuget\packages\prism.wpf\9.0.537\lib\net462\Prism.Wpf.dll [C:\Users\ultra\warewolf\Dev\Warewolf.Studio.Core\Warewolf.Studio.Core.csproj]
C:\Program Files\dotnet\sdk\10.0.201\Microsoft.Common.CurrentVersion.targets(2451,5): warning MSB3277:         C:\Users\ultra\.nuget\packages\prism.wpf\9.0.537\lib\net462\Prism.Wpf.dll [C:\Users\ultra\warewolf\Dev\Warewolf.Studio.Core\Warewolf.Studio.Core.csproj]
C:\Program Files\dotnet\sdk\10.0.201\Microsoft.Common.CurrentVersion.targets(2451,5): warning MSB3277:           Project file item includes which caused reference "C:\Users\ultra\.nuget\packages\prism.wpf\9.0.537\lib\net462\Prism.Wpf.dll". [C:\Users\ultra\warewolf\Dev\Warewolf.Studio.Core\Warewolf.Studio.Core.csproj]
C:\Program Files\dotnet\sdk\10.0.201\Microsoft.Common.CurrentVersion.targets(2451,5): warning MSB3277:             C:\Users\ultra\.nuget\packages\prism.wpf\9.0.537\lib\net462\Prism.Wpf.dll [C:\Users\ultra\warewolf\Dev\Warewolf.Studio.Core\Warewolf.Studio.Core.csproj]
C:\Program Files\dotnet\sdk\10.0.201\Microsoft.Common.CurrentVersion.targets(2451,5): warning MSB3277:         C:\Users\ultra\.nuget\packages\reactiveui.wpf\18.4.1\lib\net462\ReactiveUI.Wpf.dll [C:\Users\ultra\warewolf\Dev\Warewolf.Studio.Core\Warewolf.Studio.Core.csproj]
C:\Program Files\dotnet\sdk\10.0.201\Microsoft.Common.CurrentVersion.targets(2451,5): warning MSB3277:           Project file item includes which caused reference "C:\Users\ultra\.nuget\packages\reactiveui.wpf\18.4.1\lib\net462\ReactiveUI.Wpf.dll". [C:\Users\ultra\warewolf\Dev\Warewolf.Studio.Core\Warewolf.Studio.Core.csproj]
C:\Program Files\dotnet\sdk\10.0.201\Microsoft.Common.CurrentVersion.targets(2451,5): warning MSB3277:             C:\Users\ultra\.nuget\packages\reactiveui.wpf\18.4.1\lib\net462\ReactiveUI.Wpf.dll [C:\Users\ultra\warewolf\Dev\Warewolf.Studio.Core\Warewolf.Studio.Core.csproj]
C:\Program Files\dotnet\sdk\10.0.201\Microsoft.Common.CurrentVersion.targets(2451,5): warning MSB3277:         C:\Users\ultra\warewolf\Dev\Binaries\Infragistcs_Net6\InfragisticsWPF4.DragDrop.v15.1.dll [C:\Users\ultra\warewolf\Dev\Warewolf.Studio.Core\Warewolf.Studio.Core.csproj]
C:\Program Files\dotnet\sdk\10.0.201\Microsoft.Common.CurrentVersion.targets(2451,5): warning MSB3277:           Project file item includes which caused reference "C:\Users\ultra\warewolf\Dev\Binaries\Infragistcs_Net6\InfragisticsWPF4.DragDrop.v15.1.dll". [C:\Users\ultra\warewolf\Dev\Warewolf.Studio.Core\Warewolf.Studio.Core.csproj]
C:\Program Files\dotnet\sdk\10.0.201\Microsoft.Common.CurrentVersion.targets(2451,5): warning MSB3277:             InfragisticsWPF4.Controls.Menus.XamDataTree.v15.1, Version=15.1.20151.2055, Culture=neutral, PublicKeyToken=7dd5c3163f2cd0cb, processorArchitecture=MSIL [C:\Users\ultra\warewolf\Dev\Warewolf.Studio.Core\Warewolf.Studio.Core.csproj]
  Warewolf.Testing -> C:\Users\ultra\warewolf\Dev\Warewolf.Testing\bin\Debug\net8.0\Warewolf.Testing.dll
  Warewolf.Studio.Core -> C:\Users\ultra\warewolf\Dev\Warewolf.Studio.Core\bin\Debug\net8.0\Warewolf.Studio.Core.dll
C:\Program Files\dotnet\sdk\10.0.201\Microsoft.Common.CurrentVersion.targets(2451,5): warning MSB3245: Could not resolve this reference. Could not locate the assembly "System.ServiceModel.Activities". Check to make sure the assembly exists on disk. If this reference is required by your code, you may get compilation errors. [C:\Users\ultra\warewolf\Dev\Dev2.Activities\Dev2.Activities.csproj]
C:\Program Files\dotnet\sdk\10.0.201\Microsoft.Common.CurrentVersion.targets(2451,5): warning MSB3277: Found conflicts between different versions of "WindowsBase" that could not be resolved. [C:\Users\ultra\warewolf\Dev\Dev2.Activities\Dev2.Activities.csproj]
C:\Program Files\dotnet\sdk\10.0.201\Microsoft.Common.CurrentVersion.targets(2451,5): warning MSB3277: There was a conflict between "WindowsBase, Version=4.0.0.0, Culture=neutral, PublicKeyToken=31bf3856ad364e35" and "WindowsBase, Version=6.0.2.0, Culture=neutral, PublicKeyToken=31bf3856ad364e35". [C:\Users\ultra\warewolf\Dev\Dev2.Activities\Dev2.Activities.csproj]
C:\Program Files\dotnet\sdk\10.0.201\Microsoft.Common.CurrentVersion.targets(2451,5): warning MSB3277:     "WindowsBase, Version=4.0.0.0, Culture=neutral, PublicKeyToken=31bf3856ad364e35" was chosen because it was primary and "WindowsBase, Version=6.0.2.0, Culture=neutral, PublicKeyToken=31bf3856ad364e35" was not. [C:\Users\ultra\warewolf\Dev\Dev2.Activities\Dev2.Activities.csproj]
C:\Program Files\dotnet\sdk\10.0.201\Microsoft.Common.CurrentVersion.targets(2451,5): warning MSB3277:     References which depend on "WindowsBase, Version=4.0.0.0, Culture=neutral, PublicKeyToken=31bf3856ad364e35" [C:\Program Files\dotnet\packs\Microsoft.NETCore.App.Ref\8.0.25\ref\net8.0\WindowsBase.dll]. [C:\Users\ultra\warewolf\Dev\Dev2.Activities\Dev2.Activities.csproj]
C:\Program Files\dotnet\sdk\10.0.201\Microsoft.Common.CurrentVersion.targets(2451,5): warning MSB3277:         C:\Program Files\dotnet\packs\Microsoft.NETCore.App.Ref\8.0.25\ref\net8.0\WindowsBase.dll [C:\Users\ultra\warewolf\Dev\Dev2.Activities\Dev2.Activities.csproj]
C:\Program Files\dotnet\sdk\10.0.201\Microsoft.Common.CurrentVersion.targets(2451,5): warning MSB3277:           Project file item includes which caused reference "C:\Program Files\dotnet\packs\Microsoft.NETCore.App.Ref\8.0.25\ref\net8.0\WindowsBase.dll". [C:\Users\ultra\warewolf\Dev\Dev2.Activities\Dev2.Activities.csproj]
C:\Program Files\dotnet\sdk\10.0.201\Microsoft.Common.CurrentVersion.targets(2451,5): warning MSB3277:             C:\Program Files\dotnet\packs\Microsoft.NETCore.App.Ref\8.0.25\ref/net8.0/WindowsBase.dll [C:\Users\ultra\warewolf\Dev\Dev2.Activities\Dev2.Activities.csproj]
C:\Program Files\dotnet\sdk\10.0.201\Microsoft.Common.CurrentVersion.targets(2451,5): warning MSB3277:     References which depend on or have been unified to "WindowsBase, Version=6.0.2.0, Culture=neutral, PublicKeyToken=31bf3856ad364e35" []. [C:\Users\ultra\warewolf\Dev\Dev2.Activities\Dev2.Activities.csproj]
C:\Program Files\dotnet\sdk\10.0.201\Microsoft.Common.CurrentVersion.targets(2451,5): warning MSB3277:         C:\Users\ultra\.nuget\packages\caliburn.micro\4.0.212\lib\netcoreapp3.1\Caliburn.Micro.Platform.dll [C:\Users\ultra\warewolf\Dev\Dev2.Activities\Dev2.Activities.csproj]
C:\Program Files\dotnet\sdk\10.0.201\Microsoft.Common.CurrentVersion.targets(2451,5): warning MSB3277:           Project file item includes which caused reference "C:\Users\ultra\.nuget\packages\caliburn.micro\4.0.212\lib\netcoreapp3.1\Caliburn.Micro.Platform.dll". [C:\Users\ultra\warewolf\Dev\Dev2.Activities\Dev2.Activities.csproj]
C:\Program Files\dotnet\sdk\10.0.201\Microsoft.Common.CurrentVersion.targets(2451,5): warning MSB3277:             C:\Users\ultra\.nuget\packages\caliburn.micro\4.0.212\lib\netcoreapp3.1\Caliburn.Micro.Platform.dll [C:\Users\ultra\warewolf\Dev\Dev2.Activities\Dev2.Activities.csproj]
C:\Program Files\dotnet\sdk\10.0.201\Microsoft.Common.CurrentVersion.targets(2451,5): warning MSB3277:         C:\Users\ultra\.nuget\packages\ironpython\3.4.0\lib\net6.0\IronPython.Wpf.dll [C:\Users\ultra\warewolf\Dev\Dev2.Activities\Dev2.Activities.csproj]
C:\Program Files\dotnet\sdk\10.0.201\Microsoft.Common.CurrentVersion.targets(2451,5): warning MSB3277:           Project file item includes which caused reference "C:\Users\ultra\.nuget\packages\ironpython\3.4.0\lib\net6.0\IronPython.Wpf.dll". [C:\Users\ultra\warewolf\Dev\Dev2.Activities\Dev2.Activities.csproj]
C:\Program Files\dotnet\sdk\10.0.201\Microsoft.Common.CurrentVersion.targets(2451,5): warning MSB3277:             C:\Users\ultra\.nuget\packages\ironpython\3.4.0\lib\net6.0\IronPython.Wpf.dll [C:\Users\ultra\warewolf\Dev\Dev2.Activities\Dev2.Activities.csproj]
C:\Program Files\dotnet\sdk\10.0.201\Microsoft.Common.CurrentVersion.targets(2451,5): warning MSB3277:         C:\Users\ultra\.nuget\packages\microsoft.xaml.behaviors.wpf\1.1.19\lib\netcoreapp3.0\Microsoft.Xaml.Behaviors.dll [C:\Users\ultra\warewolf\Dev\Dev2.Activities\Dev2.Activities.csproj]
C:\Program Files\dotnet\sdk\10.0.201\Microsoft.Common.CurrentVersion.targets(2451,5): warning MSB3277:           Project file item includes which caused reference "C:\Users\ultra\.nuget\packages\microsoft.xaml.behaviors.wpf\1.1.19\lib\netcoreapp3.0\Microsoft.Xaml.Behaviors.dll". [C:\Users\ultra\warewolf\Dev\Dev2.Activities\Dev2.Activities.csproj]
C:\Program Files\dotnet\sdk\10.0.201\Microsoft.Common.CurrentVersion.targets(2451,5): warning MSB3277:             C:\Users\ultra\.nuget\packages\microsoft.xaml.behaviors.wpf\1.1.19\lib\netcoreapp3.0\Microsoft.Xaml.Behaviors.dll [C:\Users\ultra\warewolf\Dev\Dev2.Activities\Dev2.Activities.csproj]
C:\Program Files\dotnet\sdk\10.0.201\Microsoft.Common.CurrentVersion.targets(2451,5): warning MSB3277:             C:\Users\ultra\.nuget\packages\caliburn.micro\4.0.212\lib\netcoreapp3.1\Caliburn.Micro.Platform.dll [C:\Users\ultra\warewolf\Dev\Dev2.Activities\Dev2.Activities.csproj]
C:\Program Files\dotnet\sdk\10.0.201\Microsoft.Common.CurrentVersion.targets(2451,5): warning MSB3277:         C:\Users\ultra\.nuget\packages\reactiveui.wpf\18.4.1\lib\net462\ReactiveUI.Wpf.dll [C:\Users\ultra\warewolf\Dev\Dev2.Activities\Dev2.Activities.csproj]
C:\Program Files\dotnet\sdk\10.0.201\Microsoft.Common.CurrentVersion.targets(2451,5): warning MSB3277:           Project file item includes which caused reference "C:\Users\ultra\.nuget\packages\reactiveui.wpf\18.4.1\lib\net462\ReactiveUI.Wpf.dll". [C:\Users\ultra\warewolf\Dev\Dev2.Activities\Dev2.Activities.csproj]
C:\Program Files\dotnet\sdk\10.0.201\Microsoft.Common.CurrentVersion.targets(2451,5): warning MSB3277:             C:\Users\ultra\.nuget\packages\reactiveui.wpf\18.4.1\lib\net462\ReactiveUI.Wpf.dll [C:\Users\ultra\warewolf\Dev\Dev2.Activities\Dev2.Activities.csproj]
  Consider app.config remapping of assembly "System.Runtime.CompilerServices.Unsafe, Culture=neutral, PublicKeyToken=b03f5f7f11d50a3a" from Version "6.0.0.0" [] to Version "8.0.0.0" [C:\Program Files\dotnet\packs\Microsoft.NETCore.App.Ref\8.0.25\ref\net8.0\System.Runtime.CompilerServices.Unsafe.dll] to solve conflict and get rid of warning.
C:\Users\ultra\warewolf\Dev\Dev2.Activities\WorkflowConverters\ActivityPropertiesReaderHelper.cs(54,45): warning CS8632: The annotation for nullable reference types should only be used in code within a '#nullable' annotations context. [C:\Users\ultra\warewolf\Dev\Dev2.Activities\Dev2.Activities.csproj]
C:\Users\ultra\warewolf\Dev\Dev2.Activities\WorkflowConverters\SwitchActivityDataHelper.cs(106,58): warning CS8632: The annotation for nullable reference types should only be used in code within a '#nullable' annotations context. [C:\Users\ultra\warewolf\Dev\Dev2.Activities\Dev2.Activities.csproj]
C:\Users\ultra\warewolf\Dev\Dev2.Activities\WorkflowConverters\SwitchActivityDataHelper.cs(225,65): warning CS8632: The annotation for nullable reference types should only be used in code within a '#nullable' annotations context. [C:\Users\ultra\warewolf\Dev\Dev2.Activities\Dev2.Activities.csproj]
C:\Users\ultra\warewolf\Dev\Dev2.Activities\WorkflowConverters\SwitchActivityDataHelper.cs(225,25): warning CS8632: The annotation for nullable reference types should only be used in code within a '#nullable' annotations context. [C:\Users\ultra\warewolf\Dev\Dev2.Activities\Dev2.Activities.csproj]
C:\Users\ultra\warewolf\Dev\Dev2.Activities\WorkflowConverters\SwitchActivityDataHelper.cs(342,61): warning CS8632: The annotation for nullable reference types should only be used in code within a '#nullable' annotations context. [C:\Users\ultra\warewolf\Dev\Dev2.Activities\Dev2.Activities.csproj]
C:\Users\ultra\warewolf\Dev\Dev2.Activities\WorkflowConverters\SwitchActivityDataHelper.cs(342,30): warning CS8632: The annotation for nullable reference types should only be used in code within a '#nullable' annotations context. [C:\Users\ultra\warewolf\Dev\Dev2.Activities\Dev2.Activities.csproj]
C:\Users\ultra\warewolf\Dev\Dev2.Activities\WorkflowConverters\SwitchActivityDataHelper.cs(32,25): warning CS8632: The annotation for nullable reference types should only be used in code within a '#nullable' annotations context. [C:\Users\ultra\warewolf\Dev\Dev2.Activities\Dev2.Activities.csproj]
C:\Users\ultra\warewolf\Dev\Dev2.Activities\WorkflowConverters\SwitchActivityDataHelper.cs(33,25): warning CS8632: The annotation for nullable reference types should only be used in code within a '#nullable' annotations context. [C:\Users\ultra\warewolf\Dev\Dev2.Activities\Dev2.Activities.csproj]
C:\Users\ultra\warewolf\Dev\Dev2.Activities\WorkflowConverters\SwitchActivityDataHelper.cs(34,25): warning CS8632: The annotation for nullable reference types should only be used in code within a '#nullable' annotations context. [C:\Users\ultra\warewolf\Dev\Dev2.Activities\Dev2.Activities.csproj]
C:\Users\ultra\warewolf\Dev\Dev2.Activities\WorkflowConverters\SwitchActivityDataHelper.cs(35,25): warning CS8632: The annotation for nullable reference types should only be used in code within a '#nullable' annotations context. [C:\Users\ultra\warewolf\Dev\Dev2.Activities\Dev2.Activities.csproj]
C:\Users\ultra\warewolf\Dev\Dev2.Activities\WorkflowConverters\SwitchActivityDataHelper.cs(36,25): warning CS8632: The annotation for nullable reference types should only be used in code within a '#nullable' annotations context. [C:\Users\ultra\warewolf\Dev\Dev2.Activities\Dev2.Activities.csproj]
C:\Users\ultra\warewolf\Dev\Dev2.Activities\WorkflowConverters\SwitchActivityDataHelper.cs(37,25): warning CS8632: The annotation for nullable reference types should only be used in code within a '#nullable' annotations context. [C:\Users\ultra\warewolf\Dev\Dev2.Activities\Dev2.Activities.csproj]
C:\Users\ultra\warewolf\Dev\Dev2.Activities\WorkflowConverters\SwitchActivityDataHelper.cs(108,19): warning CS8632: The annotation for nullable reference types should only be used in code within a '#nullable' annotations context. [C:\Users\ultra\warewolf\Dev\Dev2.Activities\Dev2.Activities.csproj]
C:\Users\ultra\warewolf\Dev\Dev2.Activities\WorkflowConverters\ActivityPropertiesReaderHelper.cs(60,59): warning CS8632: The annotation for nullable reference types should only be used in code within a '#nullable' annotations context. [C:\Users\ultra\warewolf\Dev\Dev2.Activities\Dev2.Activities.csproj]
C:\Users\ultra\warewolf\Dev\Dev2.Activities\Activities\GateActivity.cs(733,24): warning CC0022: WarewolfListIterator should be disposed. (https://code-cracker.github.io/diagnostics/CC0022.html) [C:\Users\ultra\warewolf\Dev\Dev2.Activities\Dev2.Activities.csproj]
C:\Users\ultra\warewolf\Dev\Dev2.Activities\Activities\GateActivity.cs(639,21): warning CC0003: Consider adding an Exception to the catch. (https://code-cracker.github.io/diagnostics/CC0003.html) [C:\Users\ultra\warewolf\Dev\Dev2.Activities\Dev2.Activities.csproj]
C:\Users\ultra\warewolf\Dev\Dev2.Activities\Activities\GateActivity.cs(656,21): warning CC0003: Consider adding an Exception to the catch. (https://code-cracker.github.io/diagnostics/CC0003.html) [C:\Users\ultra\warewolf\Dev\Dev2.Activities\Dev2.Activities.csproj]
C:\Users\ultra\warewolf\Dev\Dev2.Activities\Activities\WebPostActivity.cs(238,28): warning CC0022: WarewolfListIterator should be disposed. (https://code-cracker.github.io/diagnostics/CC0022.html) [C:\Users\ultra\warewolf\Dev\Dev2.Activities\Dev2.Activities.csproj]
C:\Users\ultra\warewolf\Dev\Dev2.Activities\Activities\WebPostActivityNew.cs(281,28): warning CC0022: WarewolfListIterator should be disposed. (https://code-cracker.github.io/diagnostics/CC0022.html) [C:\Users\ultra\warewolf\Dev\Dev2.Activities\Dev2.Activities.csproj]
C:\Users\ultra\warewolf\Dev\Dev2.Activities\WorkflowConverters\X6ToWorkflowConverter.cs(375,13): warning CC0003: Consider adding an Exception to the catch. (https://code-cracker.github.io/diagnostics/CC0003.html) [C:\Users\ultra\warewolf\Dev\Dev2.Activities\Dev2.Activities.csproj]
C:\Users\ultra\warewolf\Dev\Dev2.Activities\WorkflowConverters\X6ToWorkflowConverter.cs(833,17): warning CC0120: Consider put an default clause in Switch. (https://code-cracker.github.io/diagnostics/CC0120.html) [C:\Users\ultra\warewolf\Dev\Dev2.Activities\Dev2.Activities.csproj]
C:\Users\ultra\warewolf\Dev\Dev2.Activities\WorkflowConverters\X6ToWorkflowConverter.cs(958,13): warning CC0004: Empty Catch Block. (https://code-cracker.github.io/diagnostics/CC0004.html) [C:\Users\ultra\warewolf\Dev\Dev2.Activities\Dev2.Activities.csproj]
C:\Users\ultra\warewolf\Dev\Dev2.Activities\Activities\PathOperations\FileWriteActivity.cs(54,26): warning CC0022: WarewolfListIterator should be disposed. (https://code-cracker.github.io/diagnostics/CC0022.html) [C:\Users\ultra\warewolf\Dev\Dev2.Activities\Dev2.Activities.csproj]
C:\Users\ultra\warewolf\Dev\Dev2.Activities\WorkflowConverters\WorkflowToX6Converter.cs(567,13): warning CC0105: Use 'var' instead of specifying the type name. (https://code-cracker.github.io/diagnostics/CC0105.html) [C:\Users\ultra\warewolf\Dev\Dev2.Activities\Dev2.Activities.csproj]
C:\Users\ultra\warewolf\Dev\Dev2.Activities\WorkflowConverters\WorkflowToX6Converter.cs(998,13): warning CC0004: Empty Catch Block. (https://code-cracker.github.io/diagnostics/CC0004.html) [C:\Users\ultra\warewolf\Dev\Dev2.Activities\Dev2.Activities.csproj]
C:\Users\ultra\warewolf\Dev\Dev2.Activities\WorkflowConverters\WorkflowToX6Converter.cs(1376,17): warning CC0004: Empty Catch Block. (https://code-cracker.github.io/diagnostics/CC0004.html) [C:\Users\ultra\warewolf\Dev\Dev2.Activities\Dev2.Activities.csproj]
C:\Users\ultra\warewolf\Dev\Dev2.Activities\WorkflowConverters\WorkflowToX6Converter.cs(1365,13): warning CC0006: You can use foreach instead of for. (https://code-cracker.github.io/diagnostics/CC0006.html) [C:\Users\ultra\warewolf\Dev\Dev2.Activities\Dev2.Activities.csproj]
C:\Users\ultra\warewolf\Dev\Dev2.Activities\Activities\DsfWebActivityBase.cs(136,96): warning CC0022: StringContent should be disposed. (https://code-cracker.github.io/diagnostics/CC0022.html) [C:\Users\ultra\warewolf\Dev\Dev2.Activities\Dev2.Activities.csproj]
C:\Users\ultra\warewolf\Dev\Dev2.Activities\Activities\DsfWebActivityBase.cs(158,42): warning CC0022: StreamReader should be disposed. (https://code-cracker.github.io/diagnostics/CC0022.html) [C:\Users\ultra\warewolf\Dev\Dev2.Activities\Dev2.Activities.csproj]
C:\Users\ultra\warewolf\Dev\Dev2.Activities\Activities\DsfWebActivityBase.cs(175,35): warning CC0022: ByteArrayContent should be disposed. (https://code-cracker.github.io/diagnostics/CC0022.html) [C:\Users\ultra\warewolf\Dev\Dev2.Activities\Dev2.Activities.csproj]
C:\Users\ultra\warewolf\Dev\Dev2.Activities\Activities\DsfWebActivityBase.cs(184,31): warning CC0022: StringContent should be disposed. (https://code-cracker.github.io/diagnostics/CC0022.html) [C:\Users\ultra\warewolf\Dev\Dev2.Activities\Dev2.Activities.csproj]
C:\Users\ultra\warewolf\Dev\Dev2.Activities\Activities\GetSystemInformationHelper.cs(95,36): warning CA1416: This call site is reachable on all platforms. 'ManagementBaseObject.GetPropertyValue(string)' is only supported on: 'windows'. (https://learn.microsoft.com/dotnet/fundamentals/code-analysis/quality-rules/ca1416) [C:\Users\ultra\warewolf\Dev\Dev2.Activities\Dev2.Activities.csproj]
C:\Users\ultra\warewolf\Dev\Dev2.Activities\Activities\GetSystemInformationHelper.cs(332,60): warning CA1416: This call site is reachable on all platforms. 'ManagementBaseObject.this[string]' is only supported on: 'windows'. (https://learn.microsoft.com/dotnet/fundamentals/code-analysis/quality-rules/ca1416) [C:\Users\ultra\warewolf\Dev\Dev2.Activities\Dev2.Activities.csproj]
C:\Users\ultra\warewolf\Dev\Dev2.Activities\Activities\GetSystemInformationHelper.cs(327,28): warning CA1416: This call site is reachable on all platforms. 'ManagementObjectSearcher' is only supported on: 'windows'. (https://learn.microsoft.com/dotnet/fundamentals/code-analysis/quality-rules/ca1416) [C:\Users\ultra\warewolf\Dev\Dev2.Activities\Dev2.Activities.csproj]
C:\Users\ultra\warewolf\Dev\Dev2.Activities\Activities\GetSystemInformationHelper.cs(329,31): warning CA1416: This call site is reachable on all platforms. 'ManagementObjectSearcher.Get()' is only supported on: 'windows'. (https://learn.microsoft.com/dotnet/fundamentals/code-analysis/quality-rules/ca1416) [C:\Users\ultra\warewolf\Dev\Dev2.Activities\Dev2.Activities.csproj]
C:\Users\ultra\warewolf\Dev\Dev2.Activities\Activities\GetSystemInformationHelper.cs(326,28): warning CA1416: This call site is reachable on all platforms. 'ObjectQuery' is only supported on: 'windows'. (https://learn.microsoft.com/dotnet/fundamentals/code-analysis/quality-rules/ca1416) [C:\Users\ultra\warewolf\Dev\Dev2.Activities\Dev2.Activities.csproj]
C:\Users\ultra\warewolf\Dev\Dev2.Activities\Activities\GetSystemInformationHelper.cs(345,53): warning CA1416: This call site is reachable on all platforms. 'ManagementBaseObject.this[string]' is only supported on: 'windows'. (https://learn.microsoft.com/dotnet/fundamentals/code-analysis/quality-rules/ca1416) [C:\Users\ultra\warewolf\Dev\Dev2.Activities\Dev2.Activities.csproj]
C:\Users\ultra\warewolf\Dev\Dev2.Activities\Activities\GetSystemInformationHelper.cs(346,58): warning CA1416: This call site is reachable on all platforms. 'ManagementBaseObject.this[string]' is only supported on: 'windows'. (https://learn.microsoft.com/dotnet/fundamentals/code-analysis/quality-rules/ca1416) [C:\Users\ultra\warewolf\Dev\Dev2.Activities\Dev2.Activities.csproj]
C:\Users\ultra\warewolf\Dev\Dev2.Activities\Activities\GetSystemInformationHelper.cs(341,28): warning CA1416: This call site is reachable on all platforms. 'ManagementObjectSearcher' is only supported on: 'windows'. (https://learn.microsoft.com/dotnet/fundamentals/code-analysis/quality-rules/ca1416) [C:\Users\ultra\warewolf\Dev\Dev2.Activities\Dev2.Activities.csproj]
C:\Users\ultra\warewolf\Dev\Dev2.Activities\Activities\GetSystemInformationHelper.cs(342,31): warning CA1416: This call site is reachable on all platforms. 'ManagementObjectSearcher.Get()' is only supported on: 'windows'. (https://learn.microsoft.com/dotnet/fundamentals/code-analysis/quality-rules/ca1416) [C:\Users\ultra\warewolf\Dev\Dev2.Activities\Dev2.Activities.csproj]
C:\Users\ultra\warewolf\Dev\Dev2.Activities\Activities\GetSystemInformationHelper.cs(340,28): warning CA1416: This call site is reachable on all platforms. 'ObjectQuery' is only supported on: 'windows'. (https://learn.microsoft.com/dotnet/fundamentals/code-analysis/quality-rules/ca1416) [C:\Users\ultra\warewolf\Dev\Dev2.Activities\Dev2.Activities.csproj]
C:\Users\ultra\warewolf\Dev\Dev2.Activities\Activities\GetSystemInformationHelper.cs(372,17): warning CA1416: This call site is reachable on all platforms. 'WindowsIdentity.Groups' is only supported on: 'windows'. (https://learn.microsoft.com/dotnet/fundamentals/code-analysis/quality-rules/ca1416) [C:\Users\ultra\warewolf\Dev\Dev2.Activities\Dev2.Activities.csproj]
C:\Users\ultra\warewolf\Dev\Dev2.Activities\Activities\GetSystemInformationHelper.cs(374,37): warning CA1416: This call site is reachable on all platforms. 'WindowsIdentity.Groups' is only supported on: 'windows'. (https://learn.microsoft.com/dotnet/fundamentals/code-analysis/quality-rules/ca1416) [C:\Users\ultra\warewolf\Dev\Dev2.Activities\Dev2.Activities.csproj]
C:\Users\ultra\warewolf\Dev\Dev2.Activities\Activities\GetSystemInformationHelper.cs(370,92): warning CA1416: This call site is reachable on all platforms. 'WindowsIdentity.GetCurrent()' is only supported on: 'windows'. (https://learn.microsoft.com/dotnet/fundamentals/code-analysis/quality-rules/ca1416) [C:\Users\ultra\warewolf\Dev\Dev2.Activities\Dev2.Activities.csproj]
C:\Users\ultra\warewolf\Dev\Dev2.Activities\Activities\GetSystemInformationHelper.cs(386,39): warning CA1416: This call site is reachable on all platforms. 'IdentityReference.Translate(Type)' is only supported on: 'windows'. (https://learn.microsoft.com/dotnet/fundamentals/code-analysis/quality-rules/ca1416) [C:\Users\ultra\warewolf\Dev\Dev2.Activities\Dev2.Activities.csproj]
C:\Users\ultra\warewolf\Dev\Dev2.Activities\Activities\GetSystemInformationHelper.cs(392,90): warning CA1416: This call site is reachable on all platforms. 'IdentityReference.Value' is only supported on: 'windows'. (https://learn.microsoft.com/dotnet/fundamentals/code-analysis/quality-rules/ca1416) [C:\Users\ultra\warewolf\Dev\Dev2.Activities\Dev2.Activities.csproj]
C:\Users\ultra\warewolf\Dev\Dev2.Activities\Activities\GetSystemInformationHelper.cs(392,32): warning CA1416: This call site is reachable on all platforms. 'ObjectQuery' is only supported on: 'windows'. (https://learn.microsoft.com/dotnet/fundamentals/code-analysis/quality-rules/ca1416) [C:\Users\ultra\warewolf\Dev\Dev2.Activities\Dev2.Activities.csproj]
C:\Users\ultra\warewolf\Dev\Dev2.Activities\Activities\GetSystemInformationHelper.cs(393,32): warning CA1416: This call site is reachable on all platforms. 'ManagementObjectSearcher' is only supported on: 'windows'. (https://learn.microsoft.com/dotnet/fundamentals/code-analysis/quality-rules/ca1416) [C:\Users\ultra\warewolf\Dev\Dev2.Activities\Dev2.Activities.csproj]
C:\Users\ultra\warewolf\Dev\Dev2.Activities\Activities\GetSystemInformationHelper.cs(397,49): warning CA1416: This call site is reachable on all platforms. 'ManagementBaseObject.this[string]' is only supported on: 'windows'. (https://learn.microsoft.com/dotnet/fundamentals/code-analysis/quality-rules/ca1416) [C:\Users\ultra\warewolf\Dev\Dev2.Activities\Dev2.Activities.csproj]
C:\Users\ultra\warewolf\Dev\Dev2.Activities\Activities\GetSystemInformationHelper.cs(394,35): warning CA1416: This call site is reachable on all platforms. 'ManagementObjectSearcher.Get()' is only supported on: 'windows'. (https://learn.microsoft.com/dotnet/fundamentals/code-analysis/quality-rules/ca1416) [C:\Users\ultra\warewolf\Dev\Dev2.Activities\Dev2.Activities.csproj]
C:\Users\ultra\warewolf\Dev\Dev2.Activities\Activities\GetSystemInformationHelper.cs(387,28): warning CA1416: This call site is reachable on all platforms. 'IdentityReference.Value' is only supported on: 'windows'. (https://learn.microsoft.com/dotnet/fundamentals/code-analysis/quality-rules/ca1416) [C:\Users\ultra\warewolf\Dev\Dev2.Activities\Dev2.Activities.csproj]
C:\Users\ultra\warewolf\Dev\Dev2.Activities\Activities\GetSystemInformationHelper.cs(427,32): warning CA1416: This call site is reachable on all platforms. 'ManagementObjectSearcher' is only supported on: 'windows'. (https://learn.microsoft.com/dotnet/fundamentals/code-analysis/quality-rules/ca1416) [C:\Users\ultra\warewolf\Dev\Dev2.Activities\Dev2.Activities.csproj]
C:\Users\ultra\warewolf\Dev\Dev2.Activities\Activities\GetSystemInformationHelper.cs(431,57): warning CA1416: This call site is reachable on all platforms. 'ManagementBaseObject.this[string]' is only supported on: 'windows'. (https://learn.microsoft.com/dotnet/fundamentals/code-analysis/quality-rules/ca1416) [C:\Users\ultra\warewolf\Dev\Dev2.Activities\Dev2.Activities.csproj]
C:\Users\ultra\warewolf\Dev\Dev2.Activities\Activities\GetSystemInformationHelper.cs(428,35): warning CA1416: This call site is reachable on all platforms. 'ManagementObjectSearcher.Get()' is only supported on: 'windows'. (https://learn.microsoft.com/dotnet/fundamentals/code-analysis/quality-rules/ca1416) [C:\Users\ultra\warewolf\Dev\Dev2.Activities\Dev2.Activities.csproj]
C:\Users\ultra\warewolf\Dev\Dev2.Activities\Activities\GetSystemInformationHelper.cs(426,32): warning CA1416: This call site is reachable on all platforms. 'ObjectQuery' is only supported on: 'windows'. (https://learn.microsoft.com/dotnet/fundamentals/code-analysis/quality-rules/ca1416) [C:\Users\ultra\warewolf\Dev\Dev2.Activities\Dev2.Activities.csproj]
  Dev2.Activities -> C:\Users\ultra\warewolf\Dev\Dev2.Activities\bin\Debug\net8.0\Dev2.Activities.dll
C:\Program Files\dotnet\sdk\10.0.201\Microsoft.Common.CurrentVersion.targets(2451,5): warning MSB3277: Found conflicts between different versions of "WindowsBase" that could not be resolved. [C:\Users\ultra\warewolf\Dev\Dev2.Runtime\Dev2.Runtime.csproj]
C:\Program Files\dotnet\sdk\10.0.201\Microsoft.Common.CurrentVersion.targets(2451,5): warning MSB3277: There was a conflict between "WindowsBase, Version=4.0.0.0, Culture=neutral, PublicKeyToken=31bf3856ad364e35" and "WindowsBase, Version=6.0.2.0, Culture=neutral, PublicKeyToken=31bf3856ad364e35". [C:\Users\ultra\warewolf\Dev\Dev2.Runtime\Dev2.Runtime.csproj]
C:\Program Files\dotnet\sdk\10.0.201\Microsoft.Common.CurrentVersion.targets(2451,5): warning MSB3277:     "WindowsBase, Version=4.0.0.0, Culture=neutral, PublicKeyToken=31bf3856ad364e35" was chosen because it was primary and "WindowsBase, Version=6.0.2.0, Culture=neutral, PublicKeyToken=31bf3856ad364e35" was not. [C:\Users\ultra\warewolf\Dev\Dev2.Runtime\Dev2.Runtime.csproj]
C:\Program Files\dotnet\sdk\10.0.201\Microsoft.Common.CurrentVersion.targets(2451,5): warning MSB3277:     References which depend on "WindowsBase, Version=4.0.0.0, Culture=neutral, PublicKeyToken=31bf3856ad364e35" [C:\Program Files\dotnet\packs\Microsoft.NETCore.App.Ref\8.0.25\ref\net8.0\WindowsBase.dll]. [C:\Users\ultra\warewolf\Dev\Dev2.Runtime\Dev2.Runtime.csproj]
C:\Program Files\dotnet\sdk\10.0.201\Microsoft.Common.CurrentVersion.targets(2451,5): warning MSB3277:         C:\Program Files\dotnet\packs\Microsoft.NETCore.App.Ref\8.0.25\ref\net8.0\WindowsBase.dll [C:\Users\ultra\warewolf\Dev\Dev2.Runtime\Dev2.Runtime.csproj]
C:\Program Files\dotnet\sdk\10.0.201\Microsoft.Common.CurrentVersion.targets(2451,5): warning MSB3277:           Project file item includes which caused reference "C:\Program Files\dotnet\packs\Microsoft.NETCore.App.Ref\8.0.25\ref\net8.0\WindowsBase.dll". [C:\Users\ultra\warewolf\Dev\Dev2.Runtime\Dev2.Runtime.csproj]
C:\Program Files\dotnet\sdk\10.0.201\Microsoft.Common.CurrentVersion.targets(2451,5): warning MSB3277:             C:\Program Files\dotnet\packs\Microsoft.NETCore.App.Ref\8.0.25\ref/net8.0/WindowsBase.dll [C:\Users\ultra\warewolf\Dev\Dev2.Runtime\Dev2.Runtime.csproj]
C:\Program Files\dotnet\sdk\10.0.201\Microsoft.Common.CurrentVersion.targets(2451,5): warning MSB3277:     References which depend on or have been unified to "WindowsBase, Version=6.0.2.0, Culture=neutral, PublicKeyToken=31bf3856ad364e35" []. [C:\Users\ultra\warewolf\Dev\Dev2.Runtime\Dev2.Runtime.csproj]
C:\Program Files\dotnet\sdk\10.0.201\Microsoft.Common.CurrentVersion.targets(2451,5): warning MSB3277:         C:\Users\ultra\.nuget\packages\caliburn.micro\4.0.212\lib\netcoreapp3.1\Caliburn.Micro.Platform.dll [C:\Users\ultra\warewolf\Dev\Dev2.Runtime\Dev2.Runtime.csproj]
C:\Program Files\dotnet\sdk\10.0.201\Microsoft.Common.CurrentVersion.targets(2451,5): warning MSB3277:           Project file item includes which caused reference "C:\Users\ultra\.nuget\packages\caliburn.micro\4.0.212\lib\netcoreapp3.1\Caliburn.Micro.Platform.dll". [C:\Users\ultra\warewolf\Dev\Dev2.Runtime\Dev2.Runtime.csproj]
C:\Program Files\dotnet\sdk\10.0.201\Microsoft.Common.CurrentVersion.targets(2451,5): warning MSB3277:             C:\Users\ultra\.nuget\packages\caliburn.micro\4.0.212\lib\netcoreapp3.1\Caliburn.Micro.Platform.dll [C:\Users\ultra\warewolf\Dev\Dev2.Runtime\Dev2.Runtime.csproj]
C:\Program Files\dotnet\sdk\10.0.201\Microsoft.Common.CurrentVersion.targets(2451,5): warning MSB3277:         C:\Users\ultra\.nuget\packages\ironpython\3.4.0\lib\net6.0\IronPython.Wpf.dll [C:\Users\ultra\warewolf\Dev\Dev2.Runtime\Dev2.Runtime.csproj]
C:\Program Files\dotnet\sdk\10.0.201\Microsoft.Common.CurrentVersion.targets(2451,5): warning MSB3277:           Project file item includes which caused reference "C:\Users\ultra\.nuget\packages\ironpython\3.4.0\lib\net6.0\IronPython.Wpf.dll". [C:\Users\ultra\warewolf\Dev\Dev2.Runtime\Dev2.Runtime.csproj]
C:\Program Files\dotnet\sdk\10.0.201\Microsoft.Common.CurrentVersion.targets(2451,5): warning MSB3277:             C:\Users\ultra\.nuget\packages\ironpython\3.4.0\lib\net6.0\IronPython.Wpf.dll [C:\Users\ultra\warewolf\Dev\Dev2.Runtime\Dev2.Runtime.csproj]
C:\Program Files\dotnet\sdk\10.0.201\Microsoft.Common.CurrentVersion.targets(2451,5): warning MSB3277:         C:\Users\ultra\.nuget\packages\microsoft.xaml.behaviors.wpf\1.1.19\lib\netcoreapp3.0\Microsoft.Xaml.Behaviors.dll [C:\Users\ultra\warewolf\Dev\Dev2.Runtime\Dev2.Runtime.csproj]
C:\Program Files\dotnet\sdk\10.0.201\Microsoft.Common.CurrentVersion.targets(2451,5): warning MSB3277:           Project file item includes which caused reference "C:\Users\ultra\.nuget\packages\microsoft.xaml.behaviors.wpf\1.1.19\lib\netcoreapp3.0\Microsoft.Xaml.Behaviors.dll". [C:\Users\ultra\warewolf\Dev\Dev2.Runtime\Dev2.Runtime.csproj]
C:\Program Files\dotnet\sdk\10.0.201\Microsoft.Common.CurrentVersion.targets(2451,5): warning MSB3277:             C:\Users\ultra\.nuget\packages\microsoft.xaml.behaviors.wpf\1.1.19\lib\netcoreapp3.0\Microsoft.Xaml.Behaviors.dll [C:\Users\ultra\warewolf\Dev\Dev2.Runtime\Dev2.Runtime.csproj]
C:\Program Files\dotnet\sdk\10.0.201\Microsoft.Common.CurrentVersion.targets(2451,5): warning MSB3277:             C:\Users\ultra\.nuget\packages\caliburn.micro\4.0.212\lib\netcoreapp3.1\Caliburn.Micro.Platform.dll [C:\Users\ultra\warewolf\Dev\Dev2.Runtime\Dev2.Runtime.csproj]
C:\Program Files\dotnet\sdk\10.0.201\Microsoft.Common.CurrentVersion.targets(2451,5): warning MSB3277:         C:\Users\ultra\.nuget\packages\reactiveui.wpf\18.4.1\lib\net462\ReactiveUI.Wpf.dll [C:\Users\ultra\warewolf\Dev\Dev2.Runtime\Dev2.Runtime.csproj]
C:\Program Files\dotnet\sdk\10.0.201\Microsoft.Common.CurrentVersion.targets(2451,5): warning MSB3277:           Project file item includes which caused reference "C:\Users\ultra\.nuget\packages\reactiveui.wpf\18.4.1\lib\net462\ReactiveUI.Wpf.dll". [C:\Users\ultra\warewolf\Dev\Dev2.Runtime\Dev2.Runtime.csproj]
C:\Program Files\dotnet\sdk\10.0.201\Microsoft.Common.CurrentVersion.targets(2451,5): warning MSB3277:             C:\Users\ultra\.nuget\packages\reactiveui.wpf\18.4.1\lib\net462\ReactiveUI.Wpf.dll [C:\Users\ultra\warewolf\Dev\Dev2.Runtime\Dev2.Runtime.csproj]
C:\Users\ultra\warewolf\Dev\Dev2.Runtime\ESB\Execution\RemoteWorkflowExecutionContainer.cs(235,35): warning SYSLIB0013: 'Uri.EscapeUriString(string)' is obsolete: 'Uri.EscapeUriString can corrupt the Uri string in some cases. Consider using Uri.EscapeDataString for query string components instead.' (https://aka.ms/dotnet-warnings/SYSLIB0013) [C:\Users\ultra\warewolf\Dev\Dev2.Runtime\Dev2.Runtime.csproj]
C:\Users\ultra\warewolf\Dev\Dev2.Runtime\ESB\Execution\RemoteWorkflowExecutionContainer.cs(301,39): warning SYSLIB0013: 'Uri.EscapeUriString(string)' is obsolete: 'Uri.EscapeUriString can corrupt the Uri string in some cases. Consider using Uri.EscapeDataString for query string components instead.' (https://aka.ms/dotnet-warnings/SYSLIB0013) [C:\Users\ultra\warewolf\Dev\Dev2.Runtime\Dev2.Runtime.csproj]
C:\Users\ultra\warewolf\Dev\Dev2.Runtime\ESB\WF\XamlActivityHelper.cs(66,13): warning CC0004: Empty Catch Block. (https://code-cracker.github.io/diagnostics/CC0004.html) [C:\Users\ultra\warewolf\Dev\Dev2.Runtime\Dev2.Runtime.csproj]
C:\Users\ultra\warewolf\Dev\Dev2.Runtime\ESB\WF\XamlActivityHelper.cs(133,13): warning CC0004: Empty Catch Block. (https://code-cracker.github.io/diagnostics/CC0004.html) [C:\Users\ultra\warewolf\Dev\Dev2.Runtime\Dev2.Runtime.csproj]
C:\Users\ultra\warewolf\Dev\Dev2.Runtime\ESB\WF\XamlActivityHelper.cs(179,17): warning CC0004: Empty Catch Block. (https://code-cracker.github.io/diagnostics/CC0004.html) [C:\Users\ultra\warewolf\Dev\Dev2.Runtime\Dev2.Runtime.csproj]
C:\Users\ultra\warewolf\Dev\Dev2.Runtime\ESB\WF\XamlActivityHelper.cs(230,17): warning CC0004: Empty Catch Block. (https://code-cracker.github.io/diagnostics/CC0004.html) [C:\Users\ultra\warewolf\Dev\Dev2.Runtime\Dev2.Runtime.csproj]
C:\Users\ultra\warewolf\Dev\Dev2.Runtime\ESB\WF\XamlActivityHelper.cs(240,43): warning CC0057: Parameter 'instance' is not used. (https://code-cracker.github.io/diagnostics/CC0057.html) [C:\Users\ultra\warewolf\Dev\Dev2.Runtime\Dev2.Runtime.csproj]
C:\Users\ultra\warewolf\Dev\Dev2.Runtime\ESB\Execution\WfExecutionContainer.cs(63,35): warning CC0067: Do not call overridable methods in constructors (https://code-cracker.github.io/diagnostics/CC0067.html) [C:\Users\ultra\warewolf\Dev\Dev2.Runtime\Dev2.Runtime.csproj]
C:\Users\ultra\warewolf\Dev\Dev2.Runtime\ESB\Execution\WfExecutionContainer.cs(774,37): warning CC0022: StateAuditLogger should be disposed. (https://code-cracker.github.io/diagnostics/CC0022.html) [C:\Users\ultra\warewolf\Dev\Dev2.Runtime\Dev2.Runtime.csproj]
C:\Users\ultra\warewolf\Dev\Dev2.Runtime\ESB\Execution\WfExecutionContainer.cs(578,33): warning CC0003: Consider adding an Exception to the catch. (https://code-cracker.github.io/diagnostics/CC0003.html) [C:\Users\ultra\warewolf\Dev\Dev2.Runtime\Dev2.Runtime.csproj]
C:\Users\ultra\warewolf\Dev\Dev2.Runtime\ESB\Execution\WfExecutionContainer.cs(819,17): warning CC0004: Empty Catch Block. (https://code-cracker.github.io/diagnostics/CC0004.html) [C:\Users\ultra\warewolf\Dev\Dev2.Runtime\Dev2.Runtime.csproj]
C:\Users\ultra\warewolf\Dev\Dev2.Runtime\ESB\Execution\WfExecutionContainer.cs(864,21): warning CC0004: Empty Catch Block. (https://code-cracker.github.io/diagnostics/CC0004.html) [C:\Users\ultra\warewolf\Dev\Dev2.Runtime\Dev2.Runtime.csproj]
  Dev2.Runtime -> C:\Users\ultra\warewolf\Dev\Dev2.Runtime\bin\Debug\net8.0\Dev2.Runtime.dll
C:\Users\ultra\warewolf\Dev\Dev2.Studio.Core\Activities\Services\DesignerManagementService.cs(75,13): warning CS0618: 'EventAggregatorExtensions.Subscribe(IEventAggregator, object)' is obsolete: 'Use SubscribeOnPublishedThread' [C:\Users\ultra\warewolf\Dev\Dev2.Studio.Core\Dev2.Studio.Core.csproj]
C:\Users\ultra\warewolf\Dev\Dev2.Studio.Core\AppResources\Converters\NullableBoolToBoolConverter.cs(31,45): warning CC0057: Parameter 'targetType' is not used. (https://code-cracker.github.io/diagnostics/CC0057.html) [C:\Users\ultra\warewolf\Dev\Dev2.Studio.Core\Dev2.Studio.Core.csproj]
C:\Users\ultra\warewolf\Dev\Dev2.Studio.Core\AppResources\Converters\NullableBoolToBoolConverter.cs(31,62): warning CC0057: Parameter 'parameter' is not used. (https://code-cracker.github.io/diagnostics/CC0057.html) [C:\Users\ultra\warewolf\Dev\Dev2.Studio.Core\Dev2.Studio.Core.csproj]
C:\Users\ultra\warewolf\Dev\Dev2.Studio.Core\AppResources\Converters\NullableBoolToBoolConverter.cs(31,80): warning CC0057: Parameter 'culture' is not used. (https://code-cracker.github.io/diagnostics/CC0057.html) [C:\Users\ultra\warewolf\Dev\Dev2.Studio.Core\Dev2.Studio.Core.csproj]
C:\Users\ultra\warewolf\Dev\Dev2.Studio.Core\AppResources\Converters\NullableBoolToBoolConverter.cs(41,23): warning CC0057: Parameter 'value' is not used. (https://code-cracker.github.io/diagnostics/CC0057.html) [C:\Users\ultra\warewolf\Dev\Dev2.Studio.Core\Dev2.Studio.Core.csproj]
C:\Users\ultra\warewolf\Dev\Dev2.Studio.Core\AppResources\Converters\NullableBoolToBoolConverter.cs(41,37): warning CC0057: Parameter 'targetType' is not used. (https://code-cracker.github.io/diagnostics/CC0057.html) [C:\Users\ultra\warewolf\Dev\Dev2.Studio.Core\Dev2.Studio.Core.csproj]
C:\Users\ultra\warewolf\Dev\Dev2.Studio.Core\AppResources\Converters\NullableBoolToBoolConverter.cs(41,54): warning CC0057: Parameter 'parameter' is not used. (https://code-cracker.github.io/diagnostics/CC0057.html) [C:\Users\ultra\warewolf\Dev\Dev2.Studio.Core\Dev2.Studio.Core.csproj]
C:\Users\ultra\warewolf\Dev\Dev2.Studio.Core\AppResources\Converters\NullableBoolToBoolConverter.cs(41,72): warning CC0057: Parameter 'culture' is not used. (https://code-cracker.github.io/diagnostics/CC0057.html) [C:\Users\ultra\warewolf\Dev\Dev2.Studio.Core\Dev2.Studio.Core.csproj]
C:\Users\ultra\warewolf\Dev\Dev2.Studio.Core\AppResources\Converters\ModelItemToActivityConverter.cs(31,42): warning CC0057: Parameter 'targetType' is not used. (https://code-cracker.github.io/diagnostics/CC0057.html) [C:\Users\ultra\warewolf\Dev\Dev2.Studio.Core\Dev2.Studio.Core.csproj]
C:\Users\ultra\warewolf\Dev\Dev2.Studio.Core\AppResources\Converters\ModelItemToActivityConverter.cs(31,59): warning CC0057: Parameter 'parameter' is not used. (https://code-cracker.github.io/diagnostics/CC0057.html) [C:\Users\ultra\warewolf\Dev\Dev2.Studio.Core\Dev2.Studio.Core.csproj]
C:\Users\ultra\warewolf\Dev\Dev2.Studio.Core\AppResources\Converters\ModelItemToActivityConverter.cs(31,77): warning CC0057: Parameter 'culture' is not used. (https://code-cracker.github.io/diagnostics/CC0057.html) [C:\Users\ultra\warewolf\Dev\Dev2.Studio.Core\Dev2.Studio.Core.csproj]
C:\Users\ultra\warewolf\Dev\Dev2.Studio.Core\Diagnostics\DebugStateTreeViewItemViewModel.cs(119,13): warning CC0105: Use 'var' instead of specifying the type name. (https://code-cracker.github.io/diagnostics/CC0105.html) [C:\Users\ultra\warewolf\Dev\Dev2.Studio.Core\Dev2.Studio.Core.csproj]
C:\Users\ultra\warewolf\Dev\Dev2.Studio.Core\AppResources\Converters\ModelItemToActivityConverter.cs(45,46): warning CC0057: Parameter 'targetType' is not used. (https://code-cracker.github.io/diagnostics/CC0057.html) [C:\Users\ultra\warewolf\Dev\Dev2.Studio.Core\Dev2.Studio.Core.csproj]
C:\Users\ultra\warewolf\Dev\Dev2.Studio.Core\AppResources\Converters\ModelItemToActivityConverter.cs(45,81): warning CC0057: Parameter 'culture' is not used. (https://code-cracker.github.io/diagnostics/CC0057.html) [C:\Users\ultra\warewolf\Dev\Dev2.Studio.Core\Dev2.Studio.Core.csproj]
C:\Users\ultra\warewolf\Dev\Dev2.Studio.Core\DataList\Dev2TrieSuggestionProvider.cs(180,13): warning CC0004: Empty Catch Block. (https://code-cracker.github.io/diagnostics/CC0004.html) [C:\Users\ultra\warewolf\Dev\Dev2.Studio.Core\Dev2.Studio.Core.csproj]
  Dev2.Studio.Core -> C:\Users\ultra\warewolf\Dev\Dev2.Studio.Core\bin\Debug\net8.0\Dev2.Studio.Core.dll
  Warewolf.Common.Framework48 -> C:\Users\ultra\warewolf\Dev\Warewolf.Common.Framework48\bin\Debug\net8.0\Warewolf.Common.Framework48.dll
C:\Program Files\dotnet\sdk\10.0.201\Microsoft.Common.CurrentVersion.targets(2451,5): warning MSB3245: Could not resolve this reference. Could not locate the assembly "System.Web". Check to make sure the assembly exists on disk. If this reference is required by your code, you may get compilation errors. [C:\Users\ultra\warewolf\Dev\Dev2.Runtime.WebServer\Dev2.Runtime.WebServer.csproj]
C:\Program Files\dotnet\sdk\10.0.201\Microsoft.Common.CurrentVersion.targets(2451,5): warning MSB3243: No way to resolve conflict between "System.Web, Version=4.0.0.0, Culture=neutral, PublicKeyToken=b03f5f7f11d50a3a" and "System.Web". Choosing "System.Web, Version=4.0.0.0, Culture=neutral, PublicKeyToken=b03f5f7f11d50a3a" arbitrarily. [C:\Users\ultra\warewolf\Dev\Dev2.Runtime.WebServer\Dev2.Runtime.WebServer.csproj]
C:\Program Files\dotnet\sdk\10.0.201\Microsoft.Common.CurrentVersion.targets(2451,5): warning MSB3277: Found conflicts between different versions of "WindowsBase" that could not be resolved. [C:\Users\ultra\warewolf\Dev\Dev2.Runtime.WebServer\Dev2.Runtime.WebServer.csproj]
C:\Program Files\dotnet\sdk\10.0.201\Microsoft.Common.CurrentVersion.targets(2451,5): warning MSB3277: There was a conflict between "WindowsBase, Version=4.0.0.0, Culture=neutral, PublicKeyToken=31bf3856ad364e35" and "WindowsBase, Version=6.0.2.0, Culture=neutral, PublicKeyToken=31bf3856ad364e35". [C:\Users\ultra\warewolf\Dev\Dev2.Runtime.WebServer\Dev2.Runtime.WebServer.csproj]
C:\Program Files\dotnet\sdk\10.0.201\Microsoft.Common.CurrentVersion.targets(2451,5): warning MSB3277:     "WindowsBase, Version=4.0.0.0, Culture=neutral, PublicKeyToken=31bf3856ad364e35" was chosen because it was primary and "WindowsBase, Version=6.0.2.0, Culture=neutral, PublicKeyToken=31bf3856ad364e35" was not. [C:\Users\ultra\warewolf\Dev\Dev2.Runtime.WebServer\Dev2.Runtime.WebServer.csproj]
C:\Program Files\dotnet\sdk\10.0.201\Microsoft.Common.CurrentVersion.targets(2451,5): warning MSB3277:     References which depend on "WindowsBase, Version=4.0.0.0, Culture=neutral, PublicKeyToken=31bf3856ad364e35" [C:\Program Files\dotnet\packs\Microsoft.NETCore.App.Ref\8.0.25\ref\net8.0\WindowsBase.dll]. [C:\Users\ultra\warewolf\Dev\Dev2.Runtime.WebServer\Dev2.Runtime.WebServer.csproj]
C:\Program Files\dotnet\sdk\10.0.201\Microsoft.Common.CurrentVersion.targets(2451,5): warning MSB3277:         C:\Program Files\dotnet\packs\Microsoft.NETCore.App.Ref\8.0.25\ref\net8.0\WindowsBase.dll [C:\Users\ultra\warewolf\Dev\Dev2.Runtime.WebServer\Dev2.Runtime.WebServer.csproj]
C:\Program Files\dotnet\sdk\10.0.201\Microsoft.Common.CurrentVersion.targets(2451,5): warning MSB3277:           Project file item includes which caused reference "C:\Program Files\dotnet\packs\Microsoft.NETCore.App.Ref\8.0.25\ref\net8.0\WindowsBase.dll". [C:\Users\ultra\warewolf\Dev\Dev2.Runtime.WebServer\Dev2.Runtime.WebServer.csproj]
C:\Program Files\dotnet\sdk\10.0.201\Microsoft.Common.CurrentVersion.targets(2451,5): warning MSB3277:             C:\Program Files\dotnet\packs\Microsoft.NETCore.App.Ref\8.0.25\ref/net8.0/WindowsBase.dll [C:\Users\ultra\warewolf\Dev\Dev2.Runtime.WebServer\Dev2.Runtime.WebServer.csproj]
C:\Program Files\dotnet\sdk\10.0.201\Microsoft.Common.CurrentVersion.targets(2451,5): warning MSB3277:     References which depend on or have been unified to "WindowsBase, Version=6.0.2.0, Culture=neutral, PublicKeyToken=31bf3856ad364e35" []. [C:\Users\ultra\warewolf\Dev\Dev2.Runtime.WebServer\Dev2.Runtime.WebServer.csproj]
C:\Program Files\dotnet\sdk\10.0.201\Microsoft.Common.CurrentVersion.targets(2451,5): warning MSB3277:         C:\Users\ultra\.nuget\packages\caliburn.micro\4.0.212\lib\netcoreapp3.1\Caliburn.Micro.Platform.dll [C:\Users\ultra\warewolf\Dev\Dev2.Runtime.WebServer\Dev2.Runtime.WebServer.csproj]
C:\Program Files\dotnet\sdk\10.0.201\Microsoft.Common.CurrentVersion.targets(2451,5): warning MSB3277:           Project file item includes which caused reference "C:\Users\ultra\.nuget\packages\caliburn.micro\4.0.212\lib\netcoreapp3.1\Caliburn.Micro.Platform.dll". [C:\Users\ultra\warewolf\Dev\Dev2.Runtime.WebServer\Dev2.Runtime.WebServer.csproj]
C:\Program Files\dotnet\sdk\10.0.201\Microsoft.Common.CurrentVersion.targets(2451,5): warning MSB3277:             C:\Users\ultra\.nuget\packages\caliburn.micro\4.0.212\lib\netcoreapp3.1\Caliburn.Micro.Platform.dll [C:\Users\ultra\warewolf\Dev\Dev2.Runtime.WebServer\Dev2.Runtime.WebServer.csproj]
C:\Program Files\dotnet\sdk\10.0.201\Microsoft.Common.CurrentVersion.targets(2451,5): warning MSB3277:         C:\Users\ultra\.nuget\packages\ironpython\3.4.0\lib\net6.0\IronPython.Wpf.dll [C:\Users\ultra\warewolf\Dev\Dev2.Runtime.WebServer\Dev2.Runtime.WebServer.csproj]
C:\Program Files\dotnet\sdk\10.0.201\Microsoft.Common.CurrentVersion.targets(2451,5): warning MSB3277:           Project file item includes which caused reference "C:\Users\ultra\.nuget\packages\ironpython\3.4.0\lib\net6.0\IronPython.Wpf.dll". [C:\Users\ultra\warewolf\Dev\Dev2.Runtime.WebServer\Dev2.Runtime.WebServer.csproj]
C:\Program Files\dotnet\sdk\10.0.201\Microsoft.Common.CurrentVersion.targets(2451,5): warning MSB3277:             C:\Users\ultra\.nuget\packages\ironpython\3.4.0\lib\net6.0\IronPython.Wpf.dll [C:\Users\ultra\warewolf\Dev\Dev2.Runtime.WebServer\Dev2.Runtime.WebServer.csproj]
C:\Program Files\dotnet\sdk\10.0.201\Microsoft.Common.CurrentVersion.targets(2451,5): warning MSB3277:         C:\Users\ultra\.nuget\packages\microsoft.xaml.behaviors.wpf\1.1.122\lib\net462\Microsoft.Xaml.Behaviors.dll [C:\Users\ultra\warewolf\Dev\Dev2.Runtime.WebServer\Dev2.Runtime.WebServer.csproj]
C:\Program Files\dotnet\sdk\10.0.201\Microsoft.Common.CurrentVersion.targets(2451,5): warning MSB3277:           Project file item includes which caused reference "C:\Users\ultra\.nuget\packages\microsoft.xaml.behaviors.wpf\1.1.122\lib\net462\Microsoft.Xaml.Behaviors.dll". [C:\Users\ultra\warewolf\Dev\Dev2.Runtime.WebServer\Dev2.Runtime.WebServer.csproj]
C:\Program Files\dotnet\sdk\10.0.201\Microsoft.Common.CurrentVersion.targets(2451,5): warning MSB3277:             C:\Users\ultra\.nuget\packages\microsoft.xaml.behaviors.wpf\1.1.122\lib\net462\Microsoft.Xaml.Behaviors.dll [C:\Users\ultra\warewolf\Dev\Dev2.Runtime.WebServer\Dev2.Runtime.WebServer.csproj]
C:\Program Files\dotnet\sdk\10.0.201\Microsoft.Common.CurrentVersion.targets(2451,5): warning MSB3277:             C:\Users\ultra\.nuget\packages\caliburn.micro\4.0.212\lib\netcoreapp3.1\Caliburn.Micro.Platform.dll [C:\Users\ultra\warewolf\Dev\Dev2.Runtime.WebServer\Dev2.Runtime.WebServer.csproj]
C:\Program Files\dotnet\sdk\10.0.201\Microsoft.Common.CurrentVersion.targets(2451,5): warning MSB3277:             C:\Users\ultra\.nuget\packages\prism.wpf\9.0.537\lib\net462\Prism.Wpf.dll [C:\Users\ultra\warewolf\Dev\Dev2.Runtime.WebServer\Dev2.Runtime.WebServer.csproj]
C:\Program Files\dotnet\sdk\10.0.201\Microsoft.Common.CurrentVersion.targets(2451,5): warning MSB3277:         C:\Users\ultra\.nuget\packages\prism.wpf\9.0.537\lib\net462\Prism.Wpf.dll [C:\Users\ultra\warewolf\Dev\Dev2.Runtime.WebServer\Dev2.Runtime.WebServer.csproj]
C:\Program Files\dotnet\sdk\10.0.201\Microsoft.Common.CurrentVersion.targets(2451,5): warning MSB3277:           Project file item includes which caused reference "C:\Users\ultra\.nuget\packages\prism.wpf\9.0.537\lib\net462\Prism.Wpf.dll". [C:\Users\ultra\warewolf\Dev\Dev2.Runtime.WebServer\Dev2.Runtime.WebServer.csproj]
C:\Program Files\dotnet\sdk\10.0.201\Microsoft.Common.CurrentVersion.targets(2451,5): warning MSB3277:             C:\Users\ultra\.nuget\packages\prism.wpf\9.0.537\lib\net462\Prism.Wpf.dll [C:\Users\ultra\warewolf\Dev\Dev2.Runtime.WebServer\Dev2.Runtime.WebServer.csproj]
C:\Program Files\dotnet\sdk\10.0.201\Microsoft.Common.CurrentVersion.targets(2451,5): warning MSB3277:         C:\Users\ultra\.nuget\packages\reactiveui.wpf\18.4.1\lib\net462\ReactiveUI.Wpf.dll [C:\Users\ultra\warewolf\Dev\Dev2.Runtime.WebServer\Dev2.Runtime.WebServer.csproj]
C:\Program Files\dotnet\sdk\10.0.201\Microsoft.Common.CurrentVersion.targets(2451,5): warning MSB3277:           Project file item includes which caused reference "C:\Users\ultra\.nuget\packages\reactiveui.wpf\18.4.1\lib\net462\ReactiveUI.Wpf.dll". [C:\Users\ultra\warewolf\Dev\Dev2.Runtime.WebServer\Dev2.Runtime.WebServer.csproj]
C:\Program Files\dotnet\sdk\10.0.201\Microsoft.Common.CurrentVersion.targets(2451,5): warning MSB3277:             C:\Users\ultra\.nuget\packages\reactiveui.wpf\18.4.1\lib\net462\ReactiveUI.Wpf.dll [C:\Users\ultra\warewolf\Dev\Dev2.Runtime.WebServer\Dev2.Runtime.WebServer.csproj]
  Warewolf.Logger -> C:\Users\ultra\warewolf\Dev\Warewolf.Logger\bin\Debug\net8.0\linux-x64\WarewolfLogger.dll
C:\Users\ultra\warewolf\Dev\Dev2.Runtime.WebServer\BasicAuthenticationHandler.cs(20,13): warning CS0618: 'ISystemClock' is obsolete: 'Use TimeProvider instead.' [C:\Users\ultra\warewolf\Dev\Dev2.Runtime.WebServer\Dev2.Runtime.WebServer.csproj]
C:\Users\ultra\warewolf\Dev\Dev2.Runtime.WebServer\AnonymousAuthenticationHandler.cs(15,9): warning CS0618: 'ISystemClock' is obsolete: 'Use TimeProvider instead.' [C:\Users\ultra\warewolf\Dev\Dev2.Runtime.WebServer\Dev2.Runtime.WebServer.csproj]
C:\Users\ultra\warewolf\Dev\Dev2.Runtime.WebServer\BasicAuthenticationHandler.cs(21,13): warning CS0618: 'AuthenticationHandler<AuthenticationSchemeOptions>.AuthenticationHandler(IOptionsMonitor<AuthenticationSchemeOptions>, ILoggerFactory, UrlEncoder, ISystemClock)' is obsolete: 'ISystemClock is obsolete, use TimeProvider on AuthenticationSchemeOptions instead.' [C:\Users\ultra\warewolf\Dev\Dev2.Runtime.WebServer\Dev2.Runtime.WebServer.csproj]
C:\Users\ultra\warewolf\Dev\Dev2.Runtime.WebServer\AnonymousAuthenticationHandler.cs(16,9): warning CS0618: 'AuthenticationHandler<AuthenticationSchemeOptions>.AuthenticationHandler(IOptionsMonitor<AuthenticationSchemeOptions>, ILoggerFactory, UrlEncoder, ISystemClock)' is obsolete: 'ISystemClock is obsolete, use TimeProvider on AuthenticationSchemeOptions instead.' [C:\Users\ultra\warewolf\Dev\Dev2.Runtime.WebServer\Dev2.Runtime.WebServer.csproj]
C:\Users\ultra\warewolf\Dev\Dev2.Runtime.WebServer\Executor\ExecutionDtoExtensions.cs(119,13): warning CC0105: Use 'var' instead of specifying the type name. (https://code-cracker.github.io/diagnostics/CC0105.html) [C:\Users\ultra\warewolf\Dev\Dev2.Runtime.WebServer\Dev2.Runtime.WebServer.csproj]
C:\Users\ultra\warewolf\Dev\Dev2.Runtime.WebServer\BasicAuthenticationHandler.cs(70,13): warning CC0003: Consider adding an Exception to the catch. (https://code-cracker.github.io/diagnostics/CC0003.html) [C:\Users\ultra\warewolf\Dev\Dev2.Runtime.WebServer\Dev2.Runtime.WebServer.csproj]
C:\Users\ultra\warewolf\Dev\Dev2.Runtime.WebServer\Handlers\GetLogFileServiceHandler.cs(129,21): warning CC0105: Use 'var' instead of specifying the type name. (https://code-cracker.github.io/diagnostics/CC0105.html) [C:\Users\ultra\warewolf\Dev\Dev2.Runtime.WebServer\Dev2.Runtime.WebServer.csproj]
C:\Users\ultra\warewolf\Dev\Dev2.Runtime.WebServer\ServiceTesting\ServiceTestCoverageModelHTMLResultBuilder.cs(138,13): warning CC0105: Use 'var' instead of specifying the type name. (https://code-cracker.github.io/diagnostics/CC0105.html) [C:\Users\ultra\warewolf\Dev\Dev2.Runtime.WebServer\Dev2.Runtime.WebServer.csproj]
C:\Users\ultra\warewolf\Dev\Dev2.Runtime.WebServer\ServiceTesting\ServiceTestCoverageModelHTMLResultBuilder.cs(139,13): warning CC0105: Use 'var' instead of specifying the type name. (https://code-cracker.github.io/diagnostics/CC0105.html) [C:\Users\ultra\warewolf\Dev\Dev2.Runtime.WebServer\Dev2.Runtime.WebServer.csproj]
C:\Users\ultra\warewolf\Dev\Dev2.Runtime.WebServer\ServiceTesting\ServiceTestModelJObjectResultBuilder.cs(101,13): warning CC0105: Use 'var' instead of specifying the type name. (https://code-cracker.github.io/diagnostics/CC0105.html) [C:\Users\ultra\warewolf\Dev\Dev2.Runtime.WebServer\Dev2.Runtime.WebServer.csproj]
  Dev2.Runtime.WebServer -> C:\Users\ultra\warewolf\Dev\Dev2.Runtime.WebServer\bin\Debug\net8.0\Dev2.Runtime.WebServer.dll
C:\Program Files\dotnet\sdk\10.0.201\Microsoft.Common.CurrentVersion.targets(2451,5): warning MSB3277: Found conflicts between different versions of "WindowsBase" that could not be resolved. [C:\Users\ultra\warewolf\Dev\Dev2.Infrastructure.Tests\Dev2.Infrastructure.Tests.csproj]
C:\Program Files\dotnet\sdk\10.0.201\Microsoft.Common.CurrentVersion.targets(2451,5): warning MSB3277: There was a conflict between "WindowsBase, Version=4.0.0.0, Culture=neutral, PublicKeyToken=31bf3856ad364e35" and "WindowsBase, Version=6.0.2.0, Culture=neutral, PublicKeyToken=31bf3856ad364e35". [C:\Users\ultra\warewolf\Dev\Dev2.Infrastructure.Tests\Dev2.Infrastructure.Tests.csproj]
C:\Program Files\dotnet\sdk\10.0.201\Microsoft.Common.CurrentVersion.targets(2451,5): warning MSB3277:     "WindowsBase, Version=4.0.0.0, Culture=neutral, PublicKeyToken=31bf3856ad364e35" was chosen because it was primary and "WindowsBase, Version=6.0.2.0, Culture=neutral, PublicKeyToken=31bf3856ad364e35" was not. [C:\Users\ultra\warewolf\Dev\Dev2.Infrastructure.Tests\Dev2.Infrastructure.Tests.csproj]
C:\Program Files\dotnet\sdk\10.0.201\Microsoft.Common.CurrentVersion.targets(2451,5): warning MSB3277:     References which depend on "WindowsBase, Version=4.0.0.0, Culture=neutral, PublicKeyToken=31bf3856ad364e35" [C:\Program Files\dotnet\packs\Microsoft.NETCore.App.Ref\8.0.25\ref\net8.0\WindowsBase.dll]. [C:\Users\ultra\warewolf\Dev\Dev2.Infrastructure.Tests\Dev2.Infrastructure.Tests.csproj]
C:\Program Files\dotnet\sdk\10.0.201\Microsoft.Common.CurrentVersion.targets(2451,5): warning MSB3277:         C:\Program Files\dotnet\packs\Microsoft.NETCore.App.Ref\8.0.25\ref\net8.0\WindowsBase.dll [C:\Users\ultra\warewolf\Dev\Dev2.Infrastructure.Tests\Dev2.Infrastructure.Tests.csproj]
C:\Program Files\dotnet\sdk\10.0.201\Microsoft.Common.CurrentVersion.targets(2451,5): warning MSB3277:           Project file item includes which caused reference "C:\Program Files\dotnet\packs\Microsoft.NETCore.App.Ref\8.0.25\ref\net8.0\WindowsBase.dll". [C:\Users\ultra\warewolf\Dev\Dev2.Infrastructure.Tests\Dev2.Infrastructure.Tests.csproj]
C:\Program Files\dotnet\sdk\10.0.201\Microsoft.Common.CurrentVersion.targets(2451,5): warning MSB3277:             C:\Program Files\dotnet\packs\Microsoft.NETCore.App.Ref\8.0.25\ref/net8.0/WindowsBase.dll [C:\Users\ultra\warewolf\Dev\Dev2.Infrastructure.Tests\Dev2.Infrastructure.Tests.csproj]
C:\Program Files\dotnet\sdk\10.0.201\Microsoft.Common.CurrentVersion.targets(2451,5): warning MSB3277:     References which depend on or have been unified to "WindowsBase, Version=6.0.2.0, Culture=neutral, PublicKeyToken=31bf3856ad364e35" []. [C:\Users\ultra\warewolf\Dev\Dev2.Infrastructure.Tests\Dev2.Infrastructure.Tests.csproj]
C:\Program Files\dotnet\sdk\10.0.201\Microsoft.Common.CurrentVersion.targets(2451,5): warning MSB3277:         C:\Users\ultra\.nuget\packages\caliburn.micro\4.0.212\lib\netcoreapp3.1\Caliburn.Micro.Platform.dll [C:\Users\ultra\warewolf\Dev\Dev2.Infrastructure.Tests\Dev2.Infrastructure.Tests.csproj]
C:\Program Files\dotnet\sdk\10.0.201\Microsoft.Common.CurrentVersion.targets(2451,5): warning MSB3277:           Project file item includes which caused reference "C:\Users\ultra\.nuget\packages\caliburn.micro\4.0.212\lib\netcoreapp3.1\Caliburn.Micro.Platform.dll". [C:\Users\ultra\warewolf\Dev\Dev2.Infrastructure.Tests\Dev2.Infrastructure.Tests.csproj]
C:\Program Files\dotnet\sdk\10.0.201\Microsoft.Common.CurrentVersion.targets(2451,5): warning MSB3277:             C:\Users\ultra\.nuget\packages\caliburn.micro\4.0.212\lib\netcoreapp3.1\Caliburn.Micro.Platform.dll [C:\Users\ultra\warewolf\Dev\Dev2.Infrastructure.Tests\Dev2.Infrastructure.Tests.csproj]
C:\Program Files\dotnet\sdk\10.0.201\Microsoft.Common.CurrentVersion.targets(2451,5): warning MSB3277:         C:\Users\ultra\.nuget\packages\ironpython\3.4.0\lib\net6.0\IronPython.Wpf.dll [C:\Users\ultra\warewolf\Dev\Dev2.Infrastructure.Tests\Dev2.Infrastructure.Tests.csproj]
C:\Program Files\dotnet\sdk\10.0.201\Microsoft.Common.CurrentVersion.targets(2451,5): warning MSB3277:           Project file item includes which caused reference "C:\Users\ultra\.nuget\packages\ironpython\3.4.0\lib\net6.0\IronPython.Wpf.dll". [C:\Users\ultra\warewolf\Dev\Dev2.Infrastructure.Tests\Dev2.Infrastructure.Tests.csproj]
C:\Program Files\dotnet\sdk\10.0.201\Microsoft.Common.CurrentVersion.targets(2451,5): warning MSB3277:             C:\Users\ultra\.nuget\packages\ironpython\3.4.0\lib\net6.0\IronPython.Wpf.dll [C:\Users\ultra\warewolf\Dev\Dev2.Infrastructure.Tests\Dev2.Infrastructure.Tests.csproj]
C:\Program Files\dotnet\sdk\10.0.201\Microsoft.Common.CurrentVersion.targets(2451,5): warning MSB3277:         C:\Users\ultra\.nuget\packages\microsoft.xaml.behaviors.wpf\1.1.122\lib\net462\Microsoft.Xaml.Behaviors.dll [C:\Users\ultra\warewolf\Dev\Dev2.Infrastructure.Tests\Dev2.Infrastructure.Tests.csproj]
C:\Program Files\dotnet\sdk\10.0.201\Microsoft.Common.CurrentVersion.targets(2451,5): warning MSB3277:           Project file item includes which caused reference "C:\Users\ultra\.nuget\packages\microsoft.xaml.behaviors.wpf\1.1.122\lib\net462\Microsoft.Xaml.Behaviors.dll". [C:\Users\ultra\warewolf\Dev\Dev2.Infrastructure.Tests\Dev2.Infrastructure.Tests.csproj]
C:\Program Files\dotnet\sdk\10.0.201\Microsoft.Common.CurrentVersion.targets(2451,5): warning MSB3277:             C:\Users\ultra\.nuget\packages\microsoft.xaml.behaviors.wpf\1.1.122\lib\net462\Microsoft.Xaml.Behaviors.dll [C:\Users\ultra\warewolf\Dev\Dev2.Infrastructure.Tests\Dev2.Infrastructure.Tests.csproj]
C:\Program Files\dotnet\sdk\10.0.201\Microsoft.Common.CurrentVersion.targets(2451,5): warning MSB3277:             C:\Users\ultra\.nuget\packages\caliburn.micro\4.0.212\lib\netcoreapp3.1\Caliburn.Micro.Platform.dll [C:\Users\ultra\warewolf\Dev\Dev2.Infrastructure.Tests\Dev2.Infrastructure.Tests.csproj]
C:\Program Files\dotnet\sdk\10.0.201\Microsoft.Common.CurrentVersion.targets(2451,5): warning MSB3277:             C:\Users\ultra\.nuget\packages\prism.wpf\9.0.537\lib\net462\Prism.Wpf.dll [C:\Users\ultra\warewolf\Dev\Dev2.Infrastructure.Tests\Dev2.Infrastructure.Tests.csproj]
C:\Program Files\dotnet\sdk\10.0.201\Microsoft.Common.CurrentVersion.targets(2451,5): warning MSB3277:         C:\Users\ultra\.nuget\packages\prism.wpf\9.0.537\lib\net462\Prism.Wpf.dll [C:\Users\ultra\warewolf\Dev\Dev2.Infrastructure.Tests\Dev2.Infrastructure.Tests.csproj]
C:\Program Files\dotnet\sdk\10.0.201\Microsoft.Common.CurrentVersion.targets(2451,5): warning MSB3277:           Project file item includes which caused reference "C:\Users\ultra\.nuget\packages\prism.wpf\9.0.537\lib\net462\Prism.Wpf.dll". [C:\Users\ultra\warewolf\Dev\Dev2.Infrastructure.Tests\Dev2.Infrastructure.Tests.csproj]
C:\Program Files\dotnet\sdk\10.0.201\Microsoft.Common.CurrentVersion.targets(2451,5): warning MSB3277:             C:\Users\ultra\.nuget\packages\prism.wpf\9.0.537\lib\net462\Prism.Wpf.dll [C:\Users\ultra\warewolf\Dev\Dev2.Infrastructure.Tests\Dev2.Infrastructure.Tests.csproj]
C:\Program Files\dotnet\sdk\10.0.201\Microsoft.Common.CurrentVersion.targets(2451,5): warning MSB3277:         C:\Users\ultra\.nuget\packages\reactiveui.wpf\18.4.1\lib\net462\ReactiveUI.Wpf.dll [C:\Users\ultra\warewolf\Dev\Dev2.Infrastructure.Tests\Dev2.Infrastructure.Tests.csproj]
C:\Program Files\dotnet\sdk\10.0.201\Microsoft.Common.CurrentVersion.targets(2451,5): warning MSB3277:           Project file item includes which caused reference "C:\Users\ultra\.nuget\packages\reactiveui.wpf\18.4.1\lib\net462\ReactiveUI.Wpf.dll". [C:\Users\ultra\warewolf\Dev\Dev2.Infrastructure.Tests\Dev2.Infrastructure.Tests.csproj]
C:\Program Files\dotnet\sdk\10.0.201\Microsoft.Common.CurrentVersion.targets(2451,5): warning MSB3277:             C:\Users\ultra\.nuget\packages\reactiveui.wpf\18.4.1\lib\net462\ReactiveUI.Wpf.dll [C:\Users\ultra\warewolf\Dev\Dev2.Infrastructure.Tests\Dev2.Infrastructure.Tests.csproj]
C:\Users\ultra\warewolf\Dev\Warewolf.UnitTestAttributes\Depends.cs(587,5): warning SYSLIB0014: 'WebClient.WebClient()' is obsolete: 'WebRequest, HttpWebRequest, ServicePoint, and WebClient are obsolete. Use HttpClient instead.' (https://aka.ms/dotnet-warnings/SYSLIB0014) [C:\Users\ultra\warewolf\Dev\Dev2.Infrastructure.Tests\Dev2.Infrastructure.Tests.csproj]
C:\Users\ultra\warewolf\Dev\Warewolf.UnitTestAttributes\Depends.cs(309,33): warning SYSLIB0014: 'WebClient.WebClient()' is obsolete: 'WebRequest, HttpWebRequest, ServicePoint, and WebClient are obsolete. Use HttpClient instead.' (https://aka.ms/dotnet-warnings/SYSLIB0014) [C:\Users\ultra\warewolf\Dev\Dev2.Infrastructure.Tests\Dev2.Infrastructure.Tests.csproj]
C:\Users\ultra\warewolf\Dev\Warewolf.UnitTestAttributes\Depends.cs(523,30): warning SYSLIB0014: 'WebClient.WebClient()' is obsolete: 'WebRequest, HttpWebRequest, ServicePoint, and WebClient are obsolete. Use HttpClient instead.' (https://aka.ms/dotnet-warnings/SYSLIB0014) [C:\Users\ultra\warewolf\Dev\Dev2.Infrastructure.Tests\Dev2.Infrastructure.Tests.csproj]
C:\Users\ultra\warewolf\Dev\Dev2.Infrastructure.Tests\MoqInstallerActions\IntallerActionsForDevelopmentTest.cs(30,31): warning CA1416: This call site is reachable on all platforms. 'WindowsIdentity.GetCurrent(bool)' is only supported on: 'windows'. (https://learn.microsoft.com/dotnet/fundamentals/code-analysis/quality-rules/ca1416) [C:\Users\ultra\warewolf\Dev\Dev2.Infrastructure.Tests\Dev2.Infrastructure.Tests.csproj]
C:\Users\ultra\warewolf\Dev\Dev2.Infrastructure.Tests\MoqInstallerActions\IntallerActionsForDevelopmentTest.cs(57,31): warning CA1416: This call site is reachable on all platforms. 'WindowsIdentity.GetCurrent(bool)' is only supported on: 'windows'. (https://learn.microsoft.com/dotnet/fundamentals/code-analysis/quality-rules/ca1416) [C:\Users\ultra\warewolf\Dev\Dev2.Infrastructure.Tests\Dev2.Infrastructure.Tests.csproj]
C:\Users\ultra\warewolf\Dev\Dev2.Infrastructure.Tests\MoqInstallerActions\IntallerActionsForDevelopmentTest.cs(67,57): warning CA1416: This call site is reachable on all platforms. 'WindowsIdentity.Name' is only supported on: 'windows'. (https://learn.microsoft.com/dotnet/fundamentals/code-analysis/quality-rules/ca1416) [C:\Users\ultra\warewolf\Dev\Dev2.Infrastructure.Tests\Dev2.Infrastructure.Tests.csproj]
C:\Users\ultra\warewolf\Dev\Dev2.Infrastructure.Tests\MoqInstallerActions\IntallerActionsForDevelopmentTest.cs(40,57): warning CA1416: This call site is reachable on all platforms. 'WindowsIdentity.Name' is only supported on: 'windows'. (https://learn.microsoft.com/dotnet/fundamentals/code-analysis/quality-rules/ca1416) [C:\Users\ultra\warewolf\Dev\Dev2.Infrastructure.Tests\Dev2.Infrastructure.Tests.csproj]
  Dev2.Infrastructure.Tests -> C:\Users\ultra\warewolf\Dev\Dev2.Infrastructure.Tests\bin\Debug\net8.0\linux-x64\Dev2.Infrastructure.Tests.dll
C:\Users\ultra\warewolf\Dev\Warewolf.Driver.Serilog.Tests\SeriLogPublishTests.cs(385,30): warning CS0618: 'ElasticsearchClient.Ping()' is obsolete: 'Synchronous methods are deprecated and could be removed in the future.' [C:\Users\ultra\warewolf\Dev\Warewolf.Driver.Serilog.Tests\Warewolf.Driver.Serilog.Tests.csproj]
C:\Users\ultra\warewolf\Dev\Warewolf.Driver.Serilog.Tests\SeriLogPublishTests.cs(406,37): warning CS0618: 'ElasticsearchClient.Search<TDocument>(SearchRequestDescriptor<TDocument>)' is obsolete: 'Synchronous methods are deprecated and could be removed in the future.' [C:\Users\ultra\warewolf\Dev\Warewolf.Driver.Serilog.Tests\Warewolf.Driver.Serilog.Tests.csproj]
  Warewolf.Driver.Serilog.Tests -> C:\Users\ultra\warewolf\Dev\Warewolf.Driver.Serilog.Tests\bin\Debug\net8.0\linux-x64\Warewolf.Driver.Serilog.Tests.dll
  Warewolf.Driver.Serilog.Tests -> C:\Users\ultra\warewolf\Bin\ServerTests-Linux\Warewolf.Driver.Serilog.Tests\
Publishing Warewolf.HangfireServer.Tests for linux-x64...
  Determining projects to restore...
C:\Users\ultra\warewolf\Dev\Warewolf.Language.Parser\Warewolf.Language.Parser.fsproj : warning NU1504: Duplicate 'PackageReference' items found. Remove the duplicate items or use the Update functionality to ensure a consistent restore behavior. The duplicate 'PackageReference' items are: FSharp.Core 10.1.201, FSharp.Core 4.6.2.
C:\Users\ultra\warewolf\Dev\Dev2.Data.Interfaces\Dev2.Data.Interfaces.csproj : warning NU1903: Package 'DotNetZip' 1.16.0 has a known high severity vulnerability, https://github.com/advisories/GHSA-xhg6-9j5j-w4vf [C:\Users\ultra\warewolf\Dev\Warewolf.HangfireServer.Tests\Warewolf.HangfireServer.Tests.csproj]
C:\Users\ultra\warewolf\Dev\Dev2.CustomControls\Dev2.CustomControls.csproj : warning NU1903: Package 'Microsoft.Windows.Compatibility' 6.0.0 has a known high severity vulnerability, https://github.com/advisories/GHSA-555c-2p6r-68mm [C:\Users\ultra\warewolf\Dev\Warewolf.HangfireServer.Tests\Warewolf.HangfireServer.Tests.csproj]
C:\Users\ultra\warewolf\Dev\Dev2.Runtime.Configuration\Dev2.Runtime.Configuration.csproj : warning NU1903: Package 'Microsoft.Windows.Compatibility' 6.0.0 has a known high severity vulnerability, https://github.com/advisories/GHSA-555c-2p6r-68mm [C:\Users\ultra\warewolf\Dev\Warewolf.HangfireServer.Tests\Warewolf.HangfireServer.Tests.csproj]
C:\Users\ultra\warewolf\Dev\Warewolf.Storage\Warewolf.Storage.csproj : warning NU1701: Package 'AeroWizard 2.3.1' was restored using '.NETFramework,Version=v4.6.1, .NETFramework,Version=v4.6.2, .NETFramework,Version=v4.7, .NETFramework,Version=v4.7.1, .NETFramework,Version=v4.7.2, .NETFramework,Version=v4.8, .NETFramework,Version=v4.8.1' instead of the project target framework 'net8.0'. This package may not be fully compatible with your project. [C:\Users\ultra\warewolf\Dev\Warewolf.HangfireServer.Tests\Warewolf.HangfireServer.Tests.csproj]
C:\Users\ultra\warewolf\Dev\Warewolf.Storage.Interfaces\Warewolf.Storage.Interfaces.csproj : warning NU1701: Package 'AeroWizard 2.3.1' was restored using '.NETFramework,Version=v4.6.1, .NETFramework,Version=v4.6.2, .NETFramework,Version=v4.7, .NETFramework,Version=v4.7.1, .NETFramework,Version=v4.7.2, .NETFramework,Version=v4.8, .NETFramework,Version=v4.8.1' instead of the project target framework 'net8.0'. This package may not be fully compatible with your project. [C:\Users\ultra\warewolf\Dev\Warewolf.HangfireServer.Tests\Warewolf.HangfireServer.Tests.csproj]
C:\Users\ultra\warewolf\Dev\Warewolf.Sharepoint\Warewolf.Sharepoint.csproj : warning NU1701: Package 'AeroWizard 2.3.1' was restored using '.NETFramework,Version=v4.6.1, .NETFramework,Version=v4.6.2, .NETFramework,Version=v4.7, .NETFramework,Version=v4.7.1, .NETFramework,Version=v4.7.2, .NETFramework,Version=v4.8, .NETFramework,Version=v4.8.1' instead of the project target framework 'net8.0'. This package may not be fully compatible with your project. [C:\Users\ultra\warewolf\Dev\Warewolf.HangfireServer.Tests\Warewolf.HangfireServer.Tests.csproj]
C:\Users\ultra\warewolf\Dev\Dev2.Data.Interfaces\Dev2.Data.Interfaces.csproj : warning NU1701: Package 'AeroWizard 2.3.1' was restored using '.NETFramework,Version=v4.6.1, .NETFramework,Version=v4.6.2, .NETFramework,Version=v4.7, .NETFramework,Version=v4.7.1, .NETFramework,Version=v4.7.2, .NETFramework,Version=v4.8, .NETFramework,Version=v4.8.1' instead of the project target framework 'net8.0'. This package may not be fully compatible with your project. [C:\Users\ultra\warewolf\Dev\Warewolf.HangfireServer.Tests\Warewolf.HangfireServer.Tests.csproj]
C:\Users\ultra\warewolf\Dev\Dev2.Runtime.Configuration\Dev2.Runtime.Configuration.csproj : warning NU1701: Package 'AeroWizard 2.3.1' was restored using '.NETFramework,Version=v4.6.1, .NETFramework,Version=v4.6.2, .NETFramework,Version=v4.7, .NETFramework,Version=v4.7.1, .NETFramework,Version=v4.7.2, .NETFramework,Version=v4.8, .NETFramework,Version=v4.8.1' instead of the project target framework 'net8.0'. This package may not be fully compatible with your project. [C:\Users\ultra\warewolf\Dev\Warewolf.HangfireServer.Tests\Warewolf.HangfireServer.Tests.csproj]
C:\Users\ultra\warewolf\Dev\Warewolf.Storage\Warewolf.Storage.csproj : warning NU1701: Package 'GroupControls 1.9.0' was restored using '.NETFramework,Version=v4.6.1, .NETFramework,Version=v4.6.2, .NETFramework,Version=v4.7, .NETFramework,Version=v4.7.1, .NETFramework,Version=v4.7.2, .NETFramework,Version=v4.8, .NETFramework,Version=v4.8.1' instead of the project target framework 'net8.0'. This package may not be fully compatible with your project. [C:\Users\ultra\warewolf\Dev\Warewolf.HangfireServer.Tests\Warewolf.HangfireServer.Tests.csproj]
C:\Users\ultra\warewolf\Dev\Dev2.Data.Interfaces\Dev2.Data.Interfaces.csproj : warning NU1701: Package 'GroupControls 1.9.0' was restored using '.NETFramework,Version=v4.6.1, .NETFramework,Version=v4.6.2, .NETFramework,Version=v4.7, .NETFramework,Version=v4.7.1, .NETFramework,Version=v4.7.2, .NETFramework,Version=v4.8, .NETFramework,Version=v4.8.1' instead of the project target framework 'net8.0'. This package may not be fully compatible with your project. [C:\Users\ultra\warewolf\Dev\Warewolf.HangfireServer.Tests\Warewolf.HangfireServer.Tests.csproj]
C:\Users\ultra\warewolf\Dev\Dev2.CustomControls\Dev2.CustomControls.csproj : warning NU1701: Package 'AeroWizard 2.3.1' was restored using '.NETFramework,Version=v4.6.1, .NETFramework,Version=v4.6.2, .NETFramework,Version=v4.7, .NETFramework,Version=v4.7.1, .NETFramework,Version=v4.7.2, .NETFramework,Version=v4.8, .NETFramework,Version=v4.8.1' instead of the project target framework 'net8.0'. This package may not be fully compatible with your project. [C:\Users\ultra\warewolf\Dev\Warewolf.HangfireServer.Tests\Warewolf.HangfireServer.Tests.csproj]
C:\Users\ultra\warewolf\Dev\Dev2.Runtime.Configuration\Dev2.Runtime.Configuration.csproj : warning NU1701: Package 'GroupControls 1.9.0' was restored using '.NETFramework,Version=v4.6.1, .NETFramework,Version=v4.6.2, .NETFramework,Version=v4.7, .NETFramework,Version=v4.7.1, .NETFramework,Version=v4.7.2, .NETFramework,Version=v4.8, .NETFramework,Version=v4.8.1' instead of the project target framework 'net8.0'. This package may not be fully compatible with your project. [C:\Users\ultra\warewolf\Dev\Warewolf.HangfireServer.Tests\Warewolf.HangfireServer.Tests.csproj]
C:\Users\ultra\warewolf\Dev\Dev2.Data.Interfaces\Dev2.Data.Interfaces.csproj : warning NU1701: Package 'TaskSchedulerEditor 2.10.1' was restored using '.NETFramework,Version=v4.6.1, .NETFramework,Version=v4.6.2, .NETFramework,Version=v4.7, .NETFramework,Version=v4.7.1, .NETFramework,Version=v4.7.2, .NETFramework,Version=v4.8, .NETFramework,Version=v4.8.1' instead of the project target framework 'net8.0'. This package may not be fully compatible with your project. [C:\Users\ultra\warewolf\Dev\Warewolf.HangfireServer.Tests\Warewolf.HangfireServer.Tests.csproj]
C:\Users\ultra\warewolf\Dev\Warewolf.Storage.Interfaces\Warewolf.Storage.Interfaces.csproj : warning NU1701: Package 'GroupControls 1.9.0' was restored using '.NETFramework,Version=v4.6.1, .NETFramework,Version=v4.6.2, .NETFramework,Version=v4.7, .NETFramework,Version=v4.7.1, .NETFramework,Version=v4.7.2, .NETFramework,Version=v4.8, .NETFramework,Version=v4.8.1' instead of the project target framework 'net8.0'. This package may not be fully compatible with your project. [C:\Users\ultra\warewolf\Dev\Warewolf.HangfireServer.Tests\Warewolf.HangfireServer.Tests.csproj]
C:\Users\ultra\warewolf\Dev\Warewolf.Storage\Warewolf.Storage.csproj : warning NU1701: Package 'ReactiveUI.WPF 18.4.1' was restored using '.NETFramework,Version=v4.6.1, .NETFramework,Version=v4.6.2, .NETFramework,Version=v4.7, .NETFramework,Version=v4.7.1, .NETFramework,Version=v4.7.2, .NETFramework,Version=v4.8, .NETFramework,Version=v4.8.1' instead of the project target framework 'net8.0'. This package may not be fully compatible with your project. [C:\Users\ultra\warewolf\Dev\Warewolf.HangfireServer.Tests\Warewolf.HangfireServer.Tests.csproj]
C:\Users\ultra\warewolf\Dev\Warewolf.Sharepoint\Warewolf.Sharepoint.csproj : warning NU1701: Package 'GroupControls 1.9.0' was restored using '.NETFramework,Version=v4.6.1, .NETFramework,Version=v4.6.2, .NETFramework,Version=v4.7, .NETFramework,Version=v4.7.1, .NETFramework,Version=v4.7.2, .NETFramework,Version=v4.8, .NETFramework,Version=v4.8.1' instead of the project target framework 'net8.0'. This package may not be fully compatible with your project. [C:\Users\ultra\warewolf\Dev\Warewolf.HangfireServer.Tests\Warewolf.HangfireServer.Tests.csproj]
C:\Users\ultra\warewolf\Dev\Dev2.CustomControls\Dev2.CustomControls.csproj : warning NU1701: Package 'GroupControls 1.9.0' was restored using '.NETFramework,Version=v4.6.1, .NETFramework,Version=v4.6.2, .NETFramework,Version=v4.7, .NETFramework,Version=v4.7.1, .NETFramework,Version=v4.7.2, .NETFramework,Version=v4.8, .NETFramework,Version=v4.8.1' instead of the project target framework 'net8.0'. This package may not be fully compatible with your project. [C:\Users\ultra\warewolf\Dev\Warewolf.HangfireServer.Tests\Warewolf.HangfireServer.Tests.csproj]
C:\Users\ultra\warewolf\Dev\Dev2.Runtime.Configuration\Dev2.Runtime.Configuration.csproj : warning NU1701: Package 'TaskSchedulerEditor 2.10.1' was restored using '.NETFramework,Version=v4.6.1, .NETFramework,Version=v4.6.2, .NETFramework,Version=v4.7, .NETFramework,Version=v4.7.1, .NETFramework,Version=v4.7.2, .NETFramework,Version=v4.8, .NETFramework,Version=v4.8.1' instead of the project target framework 'net8.0'. This package may not be fully compatible with your project. [C:\Users\ultra\warewolf\Dev\Warewolf.HangfireServer.Tests\Warewolf.HangfireServer.Tests.csproj]
C:\Users\ultra\warewolf\Dev\Warewolf.Storage\Warewolf.Storage.csproj : warning NU1701: Package 'TaskSchedulerEditor 2.10.1' was restored using '.NETFramework,Version=v4.6.1, .NETFramework,Version=v4.6.2, .NETFramework,Version=v4.7, .NETFramework,Version=v4.7.1, .NETFramework,Version=v4.7.2, .NETFramework,Version=v4.8, .NETFramework,Version=v4.8.1' instead of the project target framework 'net8.0'. This package may not be fully compatible with your project. [C:\Users\ultra\warewolf\Dev\Warewolf.HangfireServer.Tests\Warewolf.HangfireServer.Tests.csproj]
C:\Users\ultra\warewolf\Dev\Dev2.CustomControls\Dev2.CustomControls.csproj : warning NU1701: Package 'TaskSchedulerEditor 2.10.1' was restored using '.NETFramework,Version=v4.6.1, .NETFramework,Version=v4.6.2, .NETFramework,Version=v4.7, .NETFramework,Version=v4.7.1, .NETFramework,Version=v4.7.2, .NETFramework,Version=v4.8, .NETFramework,Version=v4.8.1' instead of the project target framework 'net8.0'. This package may not be fully compatible with your project. [C:\Users\ultra\warewolf\Dev\Warewolf.HangfireServer.Tests\Warewolf.HangfireServer.Tests.csproj]
C:\Users\ultra\warewolf\Dev\Warewolf.Storage.Interfaces\Warewolf.Storage.Interfaces.csproj : warning NU1701: Package 'TaskSchedulerEditor 2.10.1' was restored using '.NETFramework,Version=v4.6.1, .NETFramework,Version=v4.6.2, .NETFramework,Version=v4.7, .NETFramework,Version=v4.7.1, .NETFramework,Version=v4.7.2, .NETFramework,Version=v4.8, .NETFramework,Version=v4.8.1' instead of the project target framework 'net8.0'. This package may not be fully compatible with your project. [C:\Users\ultra\warewolf\Dev\Warewolf.HangfireServer.Tests\Warewolf.HangfireServer.Tests.csproj]
C:\Users\ultra\warewolf\Dev\Warewolf.Sharepoint\Warewolf.Sharepoint.csproj : warning NU1701: Package 'ReactiveUI.WPF 18.4.1' was restored using '.NETFramework,Version=v4.6.1, .NETFramework,Version=v4.6.2, .NETFramework,Version=v4.7, .NETFramework,Version=v4.7.1, .NETFramework,Version=v4.7.2, .NETFramework,Version=v4.8, .NETFramework,Version=v4.8.1' instead of the project target framework 'net8.0'. This package may not be fully compatible with your project. [C:\Users\ultra\warewolf\Dev\Warewolf.HangfireServer.Tests\Warewolf.HangfireServer.Tests.csproj]
C:\Users\ultra\warewolf\Dev\Warewolf.Sharepoint\Warewolf.Sharepoint.csproj : warning NU1701: Package 'TaskSchedulerEditor 2.10.1' was restored using '.NETFramework,Version=v4.6.1, .NETFramework,Version=v4.6.2, .NETFramework,Version=v4.7, .NETFramework,Version=v4.7.1, .NETFramework,Version=v4.7.2, .NETFramework,Version=v4.8, .NETFramework,Version=v4.8.1' instead of the project target framework 'net8.0'. This package may not be fully compatible with your project. [C:\Users\ultra\warewolf\Dev\Warewolf.HangfireServer.Tests\Warewolf.HangfireServer.Tests.csproj]
C:\Users\ultra\warewolf\Dev\Dev2.Data\Dev2.Data.csproj : warning NU1701: Package 'AeroWizard 2.3.1' was restored using '.NETFramework,Version=v4.6.1, .NETFramework,Version=v4.6.2, .NETFramework,Version=v4.7, .NETFramework,Version=v4.7.1, .NETFramework,Version=v4.7.2, .NETFramework,Version=v4.8, .NETFramework,Version=v4.8.1' instead of the project target framework 'net8.0'. This package may not be fully compatible with your project. [C:\Users\ultra\warewolf\Dev\Warewolf.HangfireServer.Tests\Warewolf.HangfireServer.Tests.csproj]
C:\Users\ultra\warewolf\Dev\Dev2.Scheduler\Dev2.Scheduler.csproj : warning NU1701: Package 'AeroWizard 2.3.1' was restored using '.NETFramework,Version=v4.6.1, .NETFramework,Version=v4.6.2, .NETFramework,Version=v4.7, .NETFramework,Version=v4.7.1, .NETFramework,Version=v4.7.2, .NETFramework,Version=v4.8, .NETFramework,Version=v4.8.1' instead of the project target framework 'net8.0'. This package may not be fully compatible with your project. [C:\Users\ultra\warewolf\Dev\Warewolf.HangfireServer.Tests\Warewolf.HangfireServer.Tests.csproj]
C:\Users\ultra\warewolf\Dev\Dev2.Data\Dev2.Data.csproj : warning NU1701: Package 'GroupControls 1.9.0' was restored using '.NETFramework,Version=v4.6.1, .NETFramework,Version=v4.6.2, .NETFramework,Version=v4.7, .NETFramework,Version=v4.7.1, .NETFramework,Version=v4.7.2, .NETFramework,Version=v4.8, .NETFramework,Version=v4.8.1' instead of the project target framework 'net8.0'. This package may not be fully compatible with your project. [C:\Users\ultra\warewolf\Dev\Warewolf.HangfireServer.Tests\Warewolf.HangfireServer.Tests.csproj]
C:\Users\ultra\warewolf\Dev\Dev2.Data\Dev2.Data.csproj : warning NU1701: Package 'ReactiveUI.WPF 18.4.1' was restored using '.NETFramework,Version=v4.6.1, .NETFramework,Version=v4.6.2, .NETFramework,Version=v4.7, .NETFramework,Version=v4.7.1, .NETFramework,Version=v4.7.2, .NETFramework,Version=v4.8, .NETFramework,Version=v4.8.1' instead of the project target framework 'net8.0'. This package may not be fully compatible with your project. [C:\Users\ultra\warewolf\Dev\Warewolf.HangfireServer.Tests\Warewolf.HangfireServer.Tests.csproj]
C:\Users\ultra\warewolf\Dev\Dev2.Data\Dev2.Data.csproj : warning NU1701: Package 'TaskSchedulerEditor 2.10.1' was restored using '.NETFramework,Version=v4.6.1, .NETFramework,Version=v4.6.2, .NETFramework,Version=v4.7, .NETFramework,Version=v4.7.1, .NETFramework,Version=v4.7.2, .NETFramework,Version=v4.8, .NETFramework,Version=v4.8.1' instead of the project target framework 'net8.0'. This package may not be fully compatible with your project. [C:\Users\ultra\warewolf\Dev\Warewolf.HangfireServer.Tests\Warewolf.HangfireServer.Tests.csproj]
C:\Users\ultra\warewolf\Dev\Dev2.Scheduler\Dev2.Scheduler.csproj : warning NU1701: Package 'GroupControls 1.9.0' was restored using '.NETFramework,Version=v4.6.1, .NETFramework,Version=v4.6.2, .NETFramework,Version=v4.7, .NETFramework,Version=v4.7.1, .NETFramework,Version=v4.7.2, .NETFramework,Version=v4.8, .NETFramework,Version=v4.8.1' instead of the project target framework 'net8.0'. This package may not be fully compatible with your project. [C:\Users\ultra\warewolf\Dev\Warewolf.HangfireServer.Tests\Warewolf.HangfireServer.Tests.csproj]
C:\Users\ultra\warewolf\Dev\Warewolf.Data\Warewolf.Data.csproj : warning NU1701: Package 'AeroWizard 2.3.1' was restored using '.NETFramework,Version=v4.6.1, .NETFramework,Version=v4.6.2, .NETFramework,Version=v4.7, .NETFramework,Version=v4.7.1, .NETFramework,Version=v4.7.2, .NETFramework,Version=v4.8, .NETFramework,Version=v4.8.1' instead of the project target framework 'net8.0'. This package may not be fully compatible with your project. [C:\Users\ultra\warewolf\Dev\Warewolf.HangfireServer.Tests\Warewolf.HangfireServer.Tests.csproj]
C:\Users\ultra\warewolf\Dev\Dev2.Scheduler\Dev2.Scheduler.csproj : warning NU1701: Package 'ReactiveUI.WPF 18.4.1' was restored using '.NETFramework,Version=v4.6.1, .NETFramework,Version=v4.6.2, .NETFramework,Version=v4.7, .NETFramework,Version=v4.7.1, .NETFramework,Version=v4.7.2, .NETFramework,Version=v4.8, .NETFramework,Version=v4.8.1' instead of the project target framework 'net8.0'. This package may not be fully compatible with your project. [C:\Users\ultra\warewolf\Dev\Warewolf.HangfireServer.Tests\Warewolf.HangfireServer.Tests.csproj]
C:\Users\ultra\warewolf\Dev\Warewolf.Data\Warewolf.Data.csproj : warning NU1701: Package 'GroupControls 1.9.0' was restored using '.NETFramework,Version=v4.6.1, .NETFramework,Version=v4.6.2, .NETFramework,Version=v4.7, .NETFramework,Version=v4.7.1, .NETFramework,Version=v4.7.2, .NETFramework,Version=v4.8, .NETFramework,Version=v4.8.1' instead of the project target framework 'net8.0'. This package may not be fully compatible with your project. [C:\Users\ultra\warewolf\Dev\Warewolf.HangfireServer.Tests\Warewolf.HangfireServer.Tests.csproj]
C:\Users\ultra\warewolf\Dev\Dev2.Scheduler\Dev2.Scheduler.csproj : warning NU1701: Package 'TaskSchedulerEditor 2.10.1' was restored using '.NETFramework,Version=v4.6.1, .NETFramework,Version=v4.6.2, .NETFramework,Version=v4.7, .NETFramework,Version=v4.7.1, .NETFramework,Version=v4.7.2, .NETFramework,Version=v4.8, .NETFramework,Version=v4.8.1' instead of the project target framework 'net8.0'. This package may not be fully compatible with your project. [C:\Users\ultra\warewolf\Dev\Warewolf.HangfireServer.Tests\Warewolf.HangfireServer.Tests.csproj]
C:\Users\ultra\warewolf\Dev\Warewolf.Auditing\Warewolf.Auditing.csproj : warning NU1701: Package 'AeroWizard 2.3.1' was restored using '.NETFramework,Version=v4.6.1, .NETFramework,Version=v4.6.2, .NETFramework,Version=v4.7, .NETFramework,Version=v4.7.1, .NETFramework,Version=v4.7.2, .NETFramework,Version=v4.8, .NETFramework,Version=v4.8.1' instead of the project target framework 'net8.0'. This package may not be fully compatible with your project. [C:\Users\ultra\warewolf\Dev\Warewolf.HangfireServer.Tests\Warewolf.HangfireServer.Tests.csproj]
C:\Users\ultra\warewolf\Dev\Warewolf.Data\Warewolf.Data.csproj : warning NU1701: Package 'TaskSchedulerEditor 2.10.1' was restored using '.NETFramework,Version=v4.6.1, .NETFramework,Version=v4.6.2, .NETFramework,Version=v4.7, .NETFramework,Version=v4.7.1, .NETFramework,Version=v4.7.2, .NETFramework,Version=v4.8, .NETFramework,Version=v4.8.1' instead of the project target framework 'net8.0'. This package may not be fully compatible with your project. [C:\Users\ultra\warewolf\Dev\Warewolf.HangfireServer.Tests\Warewolf.HangfireServer.Tests.csproj]
C:\Users\ultra\warewolf\Dev\Warewolf.Auditing\Warewolf.Auditing.csproj : warning NU1701: Package 'GroupControls 1.9.0' was restored using '.NETFramework,Version=v4.6.1, .NETFramework,Version=v4.6.2, .NETFramework,Version=v4.7, .NETFramework,Version=v4.7.1, .NETFramework,Version=v4.7.2, .NETFramework,Version=v4.8, .NETFramework,Version=v4.8.1' instead of the project target framework 'net8.0'. This package may not be fully compatible with your project. [C:\Users\ultra\warewolf\Dev\Warewolf.HangfireServer.Tests\Warewolf.HangfireServer.Tests.csproj]
C:\Users\ultra\warewolf\Dev\Warewolf.Auditing\Warewolf.Auditing.csproj : warning NU1701: Package 'ReactiveUI.WPF 18.4.1' was restored using '.NETFramework,Version=v4.6.1, .NETFramework,Version=v4.6.2, .NETFramework,Version=v4.7, .NETFramework,Version=v4.7.1, .NETFramework,Version=v4.7.2, .NETFramework,Version=v4.8, .NETFramework,Version=v4.8.1' instead of the project target framework 'net8.0'. This package may not be fully compatible with your project. [C:\Users\ultra\warewolf\Dev\Warewolf.HangfireServer.Tests\Warewolf.HangfireServer.Tests.csproj]
C:\Users\ultra\warewolf\Dev\Dev2.Runtime.Services\Dev2.Runtime.Services.csproj : warning NU1902: Package 'MessagePack' 2.4.59 has a known moderate severity vulnerability, https://github.com/advisories/GHSA-4qm4-8hg2-g2xm [C:\Users\ultra\warewolf\Dev\Warewolf.HangfireServer.Tests\Warewolf.HangfireServer.Tests.csproj]
C:\Users\ultra\warewolf\Dev\Warewolf.Auditing\Warewolf.Auditing.csproj : warning NU1701: Package 'TaskSchedulerEditor 2.10.1' was restored using '.NETFramework,Version=v4.6.1, .NETFramework,Version=v4.6.2, .NETFramework,Version=v4.7, .NETFramework,Version=v4.7.1, .NETFramework,Version=v4.7.2, .NETFramework,Version=v4.8, .NETFramework,Version=v4.8.1' instead of the project target framework 'net8.0'. This package may not be fully compatible with your project. [C:\Users\ultra\warewolf\Dev\Warewolf.HangfireServer.Tests\Warewolf.HangfireServer.Tests.csproj]
C:\Users\ultra\warewolf\Dev\Dev2.Runtime.Services\Dev2.Runtime.Services.csproj : warning NU1903: Package 'Microsoft.Windows.Compatibility' 6.0.0 has a known high severity vulnerability, https://github.com/advisories/GHSA-555c-2p6r-68mm [C:\Users\ultra\warewolf\Dev\Warewolf.HangfireServer.Tests\Warewolf.HangfireServer.Tests.csproj]
C:\Users\ultra\warewolf\Dev\Warewolf.Driver.Persistence\Warewolf.Driver.Persistence.csproj : warning NU1701: Package 'AeroWizard 2.3.1' was restored using '.NETFramework,Version=v4.6.1, .NETFramework,Version=v4.6.2, .NETFramework,Version=v4.7, .NETFramework,Version=v4.7.1, .NETFramework,Version=v4.7.2, .NETFramework,Version=v4.8, .NETFramework,Version=v4.8.1' instead of the project target framework 'net8.0'. This package may not be fully compatible with your project. [C:\Users\ultra\warewolf\Dev\Warewolf.HangfireServer.Tests\Warewolf.HangfireServer.Tests.csproj]
C:\Users\ultra\warewolf\Dev\Dev2.Runtime.Services\Dev2.Runtime.Services.csproj : warning NU1701: Package 'AeroWizard 2.3.1' was restored using '.NETFramework,Version=v4.6.1, .NETFramework,Version=v4.6.2, .NETFramework,Version=v4.7, .NETFramework,Version=v4.7.1, .NETFramework,Version=v4.7.2, .NETFramework,Version=v4.8, .NETFramework,Version=v4.8.1' instead of the project target framework 'net8.0'. This package may not be fully compatible with your project. [C:\Users\ultra\warewolf\Dev\Warewolf.HangfireServer.Tests\Warewolf.HangfireServer.Tests.csproj]
C:\Users\ultra\warewolf\Dev\Dev2.Runtime.Services\Dev2.Runtime.Services.csproj : warning NU1701: Package 'GroupControls 1.9.0' was restored using '.NETFramework,Version=v4.6.1, .NETFramework,Version=v4.6.2, .NETFramework,Version=v4.7, .NETFramework,Version=v4.7.1, .NETFramework,Version=v4.7.2, .NETFramework,Version=v4.8, .NETFramework,Version=v4.8.1' instead of the project target framework 'net8.0'. This package may not be fully compatible with your project. [C:\Users\ultra\warewolf\Dev\Warewolf.HangfireServer.Tests\Warewolf.HangfireServer.Tests.csproj]
C:\Users\ultra\warewolf\Dev\Dev2.Runtime.Services\Dev2.Runtime.Services.csproj : warning NU1701: Package 'ReactiveUI.WPF 18.4.1' was restored using '.NETFramework,Version=v4.6.1, .NETFramework,Version=v4.6.2, .NETFramework,Version=v4.7, .NETFramework,Version=v4.7.1, .NETFramework,Version=v4.7.2, .NETFramework,Version=v4.8, .NETFramework,Version=v4.8.1' instead of the project target framework 'net8.0'. This package may not be fully compatible with your project. [C:\Users\ultra\warewolf\Dev\Warewolf.HangfireServer.Tests\Warewolf.HangfireServer.Tests.csproj]
C:\Users\ultra\warewolf\Dev\Dev2.Runtime.Services\Dev2.Runtime.Services.csproj : warning NU1701: Package 'TaskSchedulerEditor 2.10.1' was restored using '.NETFramework,Version=v4.6.1, .NETFramework,Version=v4.6.2, .NETFramework,Version=v4.7, .NETFramework,Version=v4.7.1, .NETFramework,Version=v4.7.2, .NETFramework,Version=v4.8, .NETFramework,Version=v4.8.1' instead of the project target framework 'net8.0'. This package may not be fully compatible with your project. [C:\Users\ultra\warewolf\Dev\Warewolf.HangfireServer.Tests\Warewolf.HangfireServer.Tests.csproj]
C:\Users\ultra\warewolf\Dev\Warewolf.Driver.Persistence\Warewolf.Driver.Persistence.csproj : warning NU1701: Package 'GroupControls 1.9.0' was restored using '.NETFramework,Version=v4.6.1, .NETFramework,Version=v4.6.2, .NETFramework,Version=v4.7, .NETFramework,Version=v4.7.1, .NETFramework,Version=v4.7.2, .NETFramework,Version=v4.8, .NETFramework,Version=v4.8.1' instead of the project target framework 'net8.0'. This package may not be fully compatible with your project. [C:\Users\ultra\warewolf\Dev\Warewolf.HangfireServer.Tests\Warewolf.HangfireServer.Tests.csproj]
C:\Users\ultra\warewolf\Dev\Warewolf.Driver.Persistence\Warewolf.Driver.Persistence.csproj : warning NU1701: Package 'ReactiveUI.WPF 18.4.1' was restored using '.NETFramework,Version=v4.6.1, .NETFramework,Version=v4.6.2, .NETFramework,Version=v4.7, .NETFramework,Version=v4.7.1, .NETFramework,Version=v4.7.2, .NETFramework,Version=v4.8, .NETFramework,Version=v4.8.1' instead of the project target framework 'net8.0'. This package may not be fully compatible with your project. [C:\Users\ultra\warewolf\Dev\Warewolf.HangfireServer.Tests\Warewolf.HangfireServer.Tests.csproj]
C:\Users\ultra\warewolf\Dev\Warewolf.Driver.Persistence\Warewolf.Driver.Persistence.csproj : warning NU1701: Package 'TaskSchedulerEditor 2.10.1' was restored using '.NETFramework,Version=v4.6.1, .NETFramework,Version=v4.6.2, .NETFramework,Version=v4.7, .NETFramework,Version=v4.7.1, .NETFramework,Version=v4.7.2, .NETFramework,Version=v4.8, .NETFramework,Version=v4.8.1' instead of the project target framework 'net8.0'. This package may not be fully compatible with your project. [C:\Users\ultra\warewolf\Dev\Warewolf.HangfireServer.Tests\Warewolf.HangfireServer.Tests.csproj]
C:\Users\ultra\warewolf\Dev\Warewolf.Security\Warewolf.Security.csproj : warning NU1904: Package 'System.Drawing.Common' 4.5.1 has a known critical severity vulnerability, https://github.com/advisories/GHSA-rxg9-xrhp-64gj [C:\Users\ultra\warewolf\Dev\Warewolf.HangfireServer.Tests\Warewolf.HangfireServer.Tests.csproj]
C:\Users\ultra\warewolf\Dev\Warewolf.Licensing\Warewolf.Licensing.csproj : warning NU1701: Package 'AeroWizard 2.3.1' was restored using '.NETFramework,Version=v4.6.1, .NETFramework,Version=v4.6.2, .NETFramework,Version=v4.7, .NETFramework,Version=v4.7.1, .NETFramework,Version=v4.7.2, .NETFramework,Version=v4.8, .NETFramework,Version=v4.8.1' instead of the project target framework 'net8.0'. This package may not be fully compatible with your project. [C:\Users\ultra\warewolf\Dev\Warewolf.HangfireServer.Tests\Warewolf.HangfireServer.Tests.csproj]
C:\Users\ultra\warewolf\Dev\Warewolf.Licensing\Warewolf.Licensing.csproj : warning NU1701: Package 'GroupControls 1.9.0' was restored using '.NETFramework,Version=v4.6.1, .NETFramework,Version=v4.6.2, .NETFramework,Version=v4.7, .NETFramework,Version=v4.7.1, .NETFramework,Version=v4.7.2, .NETFramework,Version=v4.8, .NETFramework,Version=v4.8.1' instead of the project target framework 'net8.0'. This package may not be fully compatible with your project. [C:\Users\ultra\warewolf\Dev\Warewolf.HangfireServer.Tests\Warewolf.HangfireServer.Tests.csproj]
C:\Users\ultra\warewolf\Dev\Warewolf.Licensing\Warewolf.Licensing.csproj : warning NU1701: Package 'TaskSchedulerEditor 2.10.1' was restored using '.NETFramework,Version=v4.6.1, .NETFramework,Version=v4.6.2, .NETFramework,Version=v4.7, .NETFramework,Version=v4.7.1, .NETFramework,Version=v4.7.2, .NETFramework,Version=v4.8, .NETFramework,Version=v4.8.1' instead of the project target framework 'net8.0'. This package may not be fully compatible with your project. [C:\Users\ultra\warewolf\Dev\Warewolf.HangfireServer.Tests\Warewolf.HangfireServer.Tests.csproj]
C:\Users\ultra\warewolf\Dev\Warewolf.AI.Harness\Warewolf.AI.Harness.csproj : warning NU1701: Package 'AeroWizard 2.3.1' was restored using '.NETFramework,Version=v4.6.1, .NETFramework,Version=v4.6.2, .NETFramework,Version=v4.7, .NETFramework,Version=v4.7.1, .NETFramework,Version=v4.7.2, .NETFramework,Version=v4.8, .NETFramework,Version=v4.8.1' instead of the project target framework 'net8.0'. This package may not be fully compatible with your project. [C:\Users\ultra\warewolf\Dev\Warewolf.HangfireServer.Tests\Warewolf.HangfireServer.Tests.csproj]
C:\Users\ultra\warewolf\Dev\Warewolf.AI.Harness\Warewolf.AI.Harness.csproj : warning NU1701: Package 'GroupControls 1.9.0' was restored using '.NETFramework,Version=v4.6.1, .NETFramework,Version=v4.6.2, .NETFramework,Version=v4.7, .NETFramework,Version=v4.7.1, .NETFramework,Version=v4.7.2, .NETFramework,Version=v4.8, .NETFramework,Version=v4.8.1' instead of the project target framework 'net8.0'. This package may not be fully compatible with your project. [C:\Users\ultra\warewolf\Dev\Warewolf.HangfireServer.Tests\Warewolf.HangfireServer.Tests.csproj]
C:\Users\ultra\warewolf\Dev\Warewolf.AI.Harness\Warewolf.AI.Harness.csproj : warning NU1701: Package 'TaskSchedulerEditor 2.10.1' was restored using '.NETFramework,Version=v4.6.1, .NETFramework,Version=v4.6.2, .NETFramework,Version=v4.7, .NETFramework,Version=v4.7.1, .NETFramework,Version=v4.7.2, .NETFramework,Version=v4.8, .NETFramework,Version=v4.8.1' instead of the project target framework 'net8.0'. This package may not be fully compatible with your project. [C:\Users\ultra\warewolf\Dev\Warewolf.HangfireServer.Tests\Warewolf.HangfireServer.Tests.csproj]
C:\Users\ultra\warewolf\Dev\Dev2.Diagnostics\Dev2.Diagnostics.csproj : warning NU1701: Package 'AeroWizard 2.3.1' was restored using '.NETFramework,Version=v4.6.1, .NETFramework,Version=v4.6.2, .NETFramework,Version=v4.7, .NETFramework,Version=v4.7.1, .NETFramework,Version=v4.7.2, .NETFramework,Version=v4.8, .NETFramework,Version=v4.8.1' instead of the project target framework 'net8.0'. This package may not be fully compatible with your project. [C:\Users\ultra\warewolf\Dev\Warewolf.HangfireServer.Tests\Warewolf.HangfireServer.Tests.csproj]
C:\Users\ultra\warewolf\Dev\Dev2.Diagnostics\Dev2.Diagnostics.csproj : warning NU1701: Package 'GroupControls 1.9.0' was restored using '.NETFramework,Version=v4.6.1, .NETFramework,Version=v4.6.2, .NETFramework,Version=v4.7, .NETFramework,Version=v4.7.1, .NETFramework,Version=v4.7.2, .NETFramework,Version=v4.8, .NETFramework,Version=v4.8.1' instead of the project target framework 'net8.0'. This package may not be fully compatible with your project. [C:\Users\ultra\warewolf\Dev\Warewolf.HangfireServer.Tests\Warewolf.HangfireServer.Tests.csproj]
C:\Users\ultra\warewolf\Dev\Dev2.Diagnostics\Dev2.Diagnostics.csproj : warning NU1701: Package 'TaskSchedulerEditor 2.10.1' was restored using '.NETFramework,Version=v4.6.1, .NETFramework,Version=v4.6.2, .NETFramework,Version=v4.7, .NETFramework,Version=v4.7.1, .NETFramework,Version=v4.7.2, .NETFramework,Version=v4.8, .NETFramework,Version=v4.8.1' instead of the project target framework 'net8.0'. This package may not be fully compatible with your project. [C:\Users\ultra\warewolf\Dev\Warewolf.HangfireServer.Tests\Warewolf.HangfireServer.Tests.csproj]
C:\Users\ultra\warewolf\Dev\Dev2.Infrastructure\Dev2.Infrastructure.csproj : warning NU1903: Package 'Microsoft.Windows.Compatibility' 6.0.0 has a known high severity vulnerability, https://github.com/advisories/GHSA-555c-2p6r-68mm [C:\Users\ultra\warewolf\Dev\Warewolf.HangfireServer.Tests\Warewolf.HangfireServer.Tests.csproj]
C:\Users\ultra\warewolf\Dev\Dev2.Infrastructure\Dev2.Infrastructure.csproj : warning NU1701: Package 'AeroWizard 2.3.1' was restored using '.NETFramework,Version=v4.6.1, .NETFramework,Version=v4.6.2, .NETFramework,Version=v4.7, .NETFramework,Version=v4.7.1, .NETFramework,Version=v4.7.2, .NETFramework,Version=v4.8, .NETFramework,Version=v4.8.1' instead of the project target framework 'net8.0'. This package may not be fully compatible with your project. [C:\Users\ultra\warewolf\Dev\Warewolf.HangfireServer.Tests\Warewolf.HangfireServer.Tests.csproj]
C:\Users\ultra\warewolf\Dev\Dev2.Infrastructure\Dev2.Infrastructure.csproj : warning NU1701: Package 'GroupControls 1.9.0' was restored using '.NETFramework,Version=v4.6.1, .NETFramework,Version=v4.6.2, .NETFramework,Version=v4.7, .NETFramework,Version=v4.7.1, .NETFramework,Version=v4.7.2, .NETFramework,Version=v4.8, .NETFramework,Version=v4.8.1' instead of the project target framework 'net8.0'. This package may not be fully compatible with your project. [C:\Users\ultra\warewolf\Dev\Warewolf.HangfireServer.Tests\Warewolf.HangfireServer.Tests.csproj]
C:\Users\ultra\warewolf\Dev\Dev2.Infrastructure\Dev2.Infrastructure.csproj : warning NU1701: Package 'ReactiveUI.WPF 18.4.1' was restored using '.NETFramework,Version=v4.6.1, .NETFramework,Version=v4.6.2, .NETFramework,Version=v4.7, .NETFramework,Version=v4.7.1, .NETFramework,Version=v4.7.2, .NETFramework,Version=v4.8, .NETFramework,Version=v4.8.1' instead of the project target framework 'net8.0'. This package may not be fully compatible with your project. [C:\Users\ultra\warewolf\Dev\Warewolf.HangfireServer.Tests\Warewolf.HangfireServer.Tests.csproj]
C:\Users\ultra\warewolf\Dev\Dev2.Infrastructure\Dev2.Infrastructure.csproj : warning NU1701: Package 'TaskSchedulerEditor 2.10.1' was restored using '.NETFramework,Version=v4.6.1, .NETFramework,Version=v4.6.2, .NETFramework,Version=v4.7, .NETFramework,Version=v4.7.1, .NETFramework,Version=v4.7.2, .NETFramework,Version=v4.8, .NETFramework,Version=v4.8.1' instead of the project target framework 'net8.0'. This package may not be fully compatible with your project. [C:\Users\ultra\warewolf\Dev\Warewolf.HangfireServer.Tests\Warewolf.HangfireServer.Tests.csproj]
C:\Users\ultra\warewolf\Dev\Warewolf.Driver.Serilog\Warewolf.Driver.Serilog.csproj : warning NU1701: Package 'AeroWizard 2.3.1' was restored using '.NETFramework,Version=v4.6.1, .NETFramework,Version=v4.6.2, .NETFramework,Version=v4.7, .NETFramework,Version=v4.7.1, .NETFramework,Version=v4.7.2, .NETFramework,Version=v4.8, .NETFramework,Version=v4.8.1' instead of the project target framework 'net8.0'. This package may not be fully compatible with your project. [C:\Users\ultra\warewolf\Dev\Warewolf.HangfireServer.Tests\Warewolf.HangfireServer.Tests.csproj]
C:\Users\ultra\warewolf\Dev\Warewolf.Driver.Serilog\Warewolf.Driver.Serilog.csproj : warning NU1701: Package 'GroupControls 1.9.0' was restored using '.NETFramework,Version=v4.6.1, .NETFramework,Version=v4.6.2, .NETFramework,Version=v4.7, .NETFramework,Version=v4.7.1, .NETFramework,Version=v4.7.2, .NETFramework,Version=v4.8, .NETFramework,Version=v4.8.1' instead of the project target framework 'net8.0'. This package may not be fully compatible with your project. [C:\Users\ultra\warewolf\Dev\Warewolf.HangfireServer.Tests\Warewolf.HangfireServer.Tests.csproj]
C:\Users\ultra\warewolf\Dev\Warewolf.Driver.Serilog\Warewolf.Driver.Serilog.csproj : warning NU1701: Package 'ReactiveUI.WPF 18.4.1' was restored using '.NETFramework,Version=v4.6.1, .NETFramework,Version=v4.6.2, .NETFramework,Version=v4.7, .NETFramework,Version=v4.7.1, .NETFramework,Version=v4.7.2, .NETFramework,Version=v4.8, .NETFramework,Version=v4.8.1' instead of the project target framework 'net8.0'. This package may not be fully compatible with your project. [C:\Users\ultra\warewolf\Dev\Warewolf.HangfireServer.Tests\Warewolf.HangfireServer.Tests.csproj]
C:\Users\ultra\warewolf\Dev\Warewolf.Driver.Serilog\Warewolf.Driver.Serilog.csproj : warning NU1701: Package 'TaskSchedulerEditor 2.10.1' was restored using '.NETFramework,Version=v4.6.1, .NETFramework,Version=v4.6.2, .NETFramework,Version=v4.7, .NETFramework,Version=v4.7.1, .NETFramework,Version=v4.7.2, .NETFramework,Version=v4.8, .NETFramework,Version=v4.8.1' instead of the project target framework 'net8.0'. This package may not be fully compatible with your project. [C:\Users\ultra\warewolf\Dev\Warewolf.HangfireServer.Tests\Warewolf.HangfireServer.Tests.csproj]
C:\Users\ultra\warewolf\Dev\Warewolf.ResourceManagement\Warewolf.ResourceManagement.csproj : warning NU1701: Package 'AeroWizard 2.3.1' was restored using '.NETFramework,Version=v4.6.1, .NETFramework,Version=v4.6.2, .NETFramework,Version=v4.7, .NETFramework,Version=v4.7.1, .NETFramework,Version=v4.7.2, .NETFramework,Version=v4.8, .NETFramework,Version=v4.8.1' instead of the project target framework 'net8.0'. This package may not be fully compatible with your project. [C:\Users\ultra\warewolf\Dev\Warewolf.HangfireServer.Tests\Warewolf.HangfireServer.Tests.csproj]
C:\Users\ultra\warewolf\Dev\Warewolf.ResourceManagement\Warewolf.ResourceManagement.csproj : warning NU1701: Package 'GroupControls 1.9.0' was restored using '.NETFramework,Version=v4.6.1, .NETFramework,Version=v4.6.2, .NETFramework,Version=v4.7, .NETFramework,Version=v4.7.1, .NETFramework,Version=v4.7.2, .NETFramework,Version=v4.8, .NETFramework,Version=v4.8.1' instead of the project target framework 'net8.0'. This package may not be fully compatible with your project. [C:\Users\ultra\warewolf\Dev\Warewolf.HangfireServer.Tests\Warewolf.HangfireServer.Tests.csproj]
C:\Users\ultra\warewolf\Dev\Warewolf.ResourceManagement\Warewolf.ResourceManagement.csproj : warning NU1701: Package 'ReactiveUI.WPF 18.4.1' was restored using '.NETFramework,Version=v4.6.1, .NETFramework,Version=v4.6.2, .NETFramework,Version=v4.7, .NETFramework,Version=v4.7.1, .NETFramework,Version=v4.7.2, .NETFramework,Version=v4.8, .NETFramework,Version=v4.8.1' instead of the project target framework 'net8.0'. This package may not be fully compatible with your project. [C:\Users\ultra\warewolf\Dev\Warewolf.HangfireServer.Tests\Warewolf.HangfireServer.Tests.csproj]
C:\Users\ultra\warewolf\Dev\Warewolf.ResourceManagement\Warewolf.ResourceManagement.csproj : warning NU1701: Package 'TaskSchedulerEditor 2.10.1' was restored using '.NETFramework,Version=v4.6.1, .NETFramework,Version=v4.6.2, .NETFramework,Version=v4.7, .NETFramework,Version=v4.7.1, .NETFramework,Version=v4.7.2, .NETFramework,Version=v4.8, .NETFramework,Version=v4.8.1' instead of the project target framework 'net8.0'. This package may not be fully compatible with your project. [C:\Users\ultra\warewolf\Dev\Warewolf.HangfireServer.Tests\Warewolf.HangfireServer.Tests.csproj]
C:\Users\ultra\warewolf\Dev\Dev2.Util\Dev2.Util.csproj : warning NU1903: Package 'Microsoft.Windows.Compatibility' 6.0.0 has a known high severity vulnerability, https://github.com/advisories/GHSA-555c-2p6r-68mm [C:\Users\ultra\warewolf\Dev\Warewolf.HangfireServer.Tests\Warewolf.HangfireServer.Tests.csproj]
C:\Users\ultra\warewolf\Dev\Dev2.Util\Dev2.Util.csproj : warning NU1701: Package 'AeroWizard 2.3.1' was restored using '.NETFramework,Version=v4.6.1, .NETFramework,Version=v4.6.2, .NETFramework,Version=v4.7, .NETFramework,Version=v4.7.1, .NETFramework,Version=v4.7.2, .NETFramework,Version=v4.8, .NETFramework,Version=v4.8.1' instead of the project target framework 'net8.0'. This package may not be fully compatible with your project. [C:\Users\ultra\warewolf\Dev\Warewolf.HangfireServer.Tests\Warewolf.HangfireServer.Tests.csproj]
C:\Users\ultra\warewolf\Dev\Dev2.Util\Dev2.Util.csproj : warning NU1701: Package 'GroupControls 1.9.0' was restored using '.NETFramework,Version=v4.6.1, .NETFramework,Version=v4.6.2, .NETFramework,Version=v4.7, .NETFramework,Version=v4.7.1, .NETFramework,Version=v4.7.2, .NETFramework,Version=v4.8, .NETFramework,Version=v4.8.1' instead of the project target framework 'net8.0'. This package may not be fully compatible with your project. [C:\Users\ultra\warewolf\Dev\Warewolf.HangfireServer.Tests\Warewolf.HangfireServer.Tests.csproj]
C:\Users\ultra\warewolf\Dev\Dev2.Util\Dev2.Util.csproj : warning NU1701: Package 'TaskSchedulerEditor 2.10.1' was restored using '.NETFramework,Version=v4.6.1, .NETFramework,Version=v4.6.2, .NETFramework,Version=v4.7, .NETFramework,Version=v4.7.1, .NETFramework,Version=v4.7.2, .NETFramework,Version=v4.8, .NETFramework,Version=v4.8.1' instead of the project target framework 'net8.0'. This package may not be fully compatible with your project. [C:\Users\ultra\warewolf\Dev\Warewolf.HangfireServer.Tests\Warewolf.HangfireServer.Tests.csproj]
C:\Users\ultra\warewolf\Dev\Dev2.Common.Interfaces\Dev2.Common.Interfaces.csproj : warning NU1903: Package 'Microsoft.Windows.Compatibility' 6.0.0 has a known high severity vulnerability, https://github.com/advisories/GHSA-555c-2p6r-68mm [C:\Users\ultra\warewolf\Dev\Warewolf.HangfireServer.Tests\Warewolf.HangfireServer.Tests.csproj]
C:\Users\ultra\warewolf\Dev\Dev2.Common.Interfaces\Dev2.Common.Interfaces.csproj : warning NU1701: Package 'AeroWizard 2.3.1' was restored using '.NETFramework,Version=v4.6.1, .NETFramework,Version=v4.6.2, .NETFramework,Version=v4.7, .NETFramework,Version=v4.7.1, .NETFramework,Version=v4.7.2, .NETFramework,Version=v4.8, .NETFramework,Version=v4.8.1' instead of the project target framework 'net8.0'. This package may not be fully compatible with your project. [C:\Users\ultra\warewolf\Dev\Warewolf.HangfireServer.Tests\Warewolf.HangfireServer.Tests.csproj]
C:\Users\ultra\warewolf\Dev\Dev2.Common.Interfaces\Dev2.Common.Interfaces.csproj : warning NU1701: Package 'GroupControls 1.9.0' was restored using '.NETFramework,Version=v4.6.1, .NETFramework,Version=v4.6.2, .NETFramework,Version=v4.7, .NETFramework,Version=v4.7.1, .NETFramework,Version=v4.7.2, .NETFramework,Version=v4.8, .NETFramework,Version=v4.8.1' instead of the project target framework 'net8.0'. This package may not be fully compatible with your project. [C:\Users\ultra\warewolf\Dev\Warewolf.HangfireServer.Tests\Warewolf.HangfireServer.Tests.csproj]
C:\Users\ultra\warewolf\Dev\Dev2.Common.Interfaces\Dev2.Common.Interfaces.csproj : warning NU1701: Package 'TaskSchedulerEditor 2.10.1' was restored using '.NETFramework,Version=v4.6.1, .NETFramework,Version=v4.6.2, .NETFramework,Version=v4.7, .NETFramework,Version=v4.7.1, .NETFramework,Version=v4.7.2, .NETFramework,Version=v4.8, .NETFramework,Version=v4.8.1' instead of the project target framework 'net8.0'. This package may not be fully compatible with your project. [C:\Users\ultra\warewolf\Dev\Warewolf.HangfireServer.Tests\Warewolf.HangfireServer.Tests.csproj]
C:\Users\ultra\warewolf\Dev\Dev2.TaskScheduler.Wrappers\Dev2.TaskScheduler.Wrappers.csproj : warning NU1701: Package 'AeroWizard 2.3.1' was restored using '.NETFramework,Version=v4.6.1, .NETFramework,Version=v4.6.2, .NETFramework,Version=v4.7, .NETFramework,Version=v4.7.1, .NETFramework,Version=v4.7.2, .NETFramework,Version=v4.8, .NETFramework,Version=v4.8.1' instead of the project target framework 'net8.0'. This package may not be fully compatible with your project. [C:\Users\ultra\warewolf\Dev\Warewolf.HangfireServer.Tests\Warewolf.HangfireServer.Tests.csproj]
C:\Users\ultra\warewolf\Dev\Dev2.TaskScheduler.Wrappers\Dev2.TaskScheduler.Wrappers.csproj : warning NU1701: Package 'GroupControls 1.9.0' was restored using '.NETFramework,Version=v4.6.1, .NETFramework,Version=v4.6.2, .NETFramework,Version=v4.7, .NETFramework,Version=v4.7.1, .NETFramework,Version=v4.7.2, .NETFramework,Version=v4.8, .NETFramework,Version=v4.8.1' instead of the project target framework 'net8.0'. This package may not be fully compatible with your project. [C:\Users\ultra\warewolf\Dev\Warewolf.HangfireServer.Tests\Warewolf.HangfireServer.Tests.csproj]
C:\Users\ultra\warewolf\Dev\Dev2.TaskScheduler.Wrappers\Dev2.TaskScheduler.Wrappers.csproj : warning NU1701: Package 'TaskSchedulerEditor 2.10.1' was restored using '.NETFramework,Version=v4.6.1, .NETFramework,Version=v4.6.2, .NETFramework,Version=v4.7, .NETFramework,Version=v4.7.1, .NETFramework,Version=v4.7.2, .NETFramework,Version=v4.8, .NETFramework,Version=v4.8.1' instead of the project target framework 'net8.0'. This package may not be fully compatible with your project. [C:\Users\ultra\warewolf\Dev\Warewolf.HangfireServer.Tests\Warewolf.HangfireServer.Tests.csproj]
C:\Users\ultra\warewolf\Dev\Warewolf.Common\Warewolf.Common.csproj : warning NU1701: Package 'AeroWizard 2.3.1' was restored using '.NETFramework,Version=v4.6.1, .NETFramework,Version=v4.6.2, .NETFramework,Version=v4.7, .NETFramework,Version=v4.7.1, .NETFramework,Version=v4.7.2, .NETFramework,Version=v4.8, .NETFramework,Version=v4.8.1' instead of the project target framework 'net8.0'. This package may not be fully compatible with your project. [C:\Users\ultra\warewolf\Dev\Warewolf.HangfireServer.Tests\Warewolf.HangfireServer.Tests.csproj]
C:\Users\ultra\warewolf\Dev\Warewolf.Common\Warewolf.Common.csproj : warning NU1701: Package 'GroupControls 1.9.0' was restored using '.NETFramework,Version=v4.6.1, .NETFramework,Version=v4.6.2, .NETFramework,Version=v4.7, .NETFramework,Version=v4.7.1, .NETFramework,Version=v4.7.2, .NETFramework,Version=v4.8, .NETFramework,Version=v4.8.1' instead of the project target framework 'net8.0'. This package may not be fully compatible with your project. [C:\Users\ultra\warewolf\Dev\Warewolf.HangfireServer.Tests\Warewolf.HangfireServer.Tests.csproj]
C:\Users\ultra\warewolf\Dev\Warewolf.Common\Warewolf.Common.csproj : warning NU1701: Package 'TaskSchedulerEditor 2.10.1' was restored using '.NETFramework,Version=v4.6.1, .NETFramework,Version=v4.6.2, .NETFramework,Version=v4.7, .NETFramework,Version=v4.7.1, .NETFramework,Version=v4.7.2, .NETFramework,Version=v4.8, .NETFramework,Version=v4.8.1' instead of the project target framework 'net8.0'. This package may not be fully compatible with your project. [C:\Users\ultra\warewolf\Dev\Warewolf.HangfireServer.Tests\Warewolf.HangfireServer.Tests.csproj]
C:\Users\ultra\warewolf\Dev\Dev2.Common\Dev2.Common.csproj : warning NU1903: Package 'Microsoft.Windows.Compatibility' 6.0.0 has a known high severity vulnerability, https://github.com/advisories/GHSA-555c-2p6r-68mm [C:\Users\ultra\warewolf\Dev\Warewolf.HangfireServer.Tests\Warewolf.HangfireServer.Tests.csproj]
C:\Users\ultra\warewolf\Dev\Dev2.Common\Dev2.Common.csproj : warning NU1701: Package 'AeroWizard 2.3.1' was restored using '.NETFramework,Version=v4.6.1, .NETFramework,Version=v4.6.2, .NETFramework,Version=v4.7, .NETFramework,Version=v4.7.1, .NETFramework,Version=v4.7.2, .NETFramework,Version=v4.8, .NETFramework,Version=v4.8.1' instead of the project target framework 'net8.0'. This package may not be fully compatible with your project. [C:\Users\ultra\warewolf\Dev\Warewolf.HangfireServer.Tests\Warewolf.HangfireServer.Tests.csproj]
C:\Users\ultra\warewolf\Dev\Dev2.Common\Dev2.Common.csproj : warning NU1701: Package 'GroupControls 1.9.0' was restored using '.NETFramework,Version=v4.6.1, .NETFramework,Version=v4.6.2, .NETFramework,Version=v4.7, .NETFramework,Version=v4.7.1, .NETFramework,Version=v4.7.2, .NETFramework,Version=v4.8, .NETFramework,Version=v4.8.1' instead of the project target framework 'net8.0'. This package may not be fully compatible with your project. [C:\Users\ultra\warewolf\Dev\Warewolf.HangfireServer.Tests\Warewolf.HangfireServer.Tests.csproj]
C:\Users\ultra\warewolf\Dev\Dev2.Common\Dev2.Common.csproj : warning NU1701: Package 'TaskSchedulerEditor 2.10.1' was restored using '.NETFramework,Version=v4.6.1, .NETFramework,Version=v4.6.2, .NETFramework,Version=v4.7, .NETFramework,Version=v4.7.1, .NETFramework,Version=v4.7.2, .NETFramework,Version=v4.8, .NETFramework,Version=v4.8.1' instead of the project target framework 'net8.0'. This package may not be fully compatible with your project. [C:\Users\ultra\warewolf\Dev\Warewolf.HangfireServer.Tests\Warewolf.HangfireServer.Tests.csproj]
C:\Users\ultra\warewolf\Dev\Dev2.Services.Sql\Dev2.Services.Sql.csproj : warning NU1903: Package 'Oracle.ManagedDataAccess.Core' 3.21.70 has a known high severity vulnerability, https://github.com/advisories/GHSA-5pm2-9mr2-3frq [C:\Users\ultra\warewolf\Dev\Warewolf.HangfireServer.Tests\Warewolf.HangfireServer.Tests.csproj]
C:\Users\ultra\warewolf\Dev\Dev2.Services.Sql\Dev2.Services.Sql.csproj : warning NU1701: Package 'AeroWizard 2.3.1' was restored using '.NETFramework,Version=v4.6.1, .NETFramework,Version=v4.6.2, .NETFramework,Version=v4.7, .NETFramework,Version=v4.7.1, .NETFramework,Version=v4.7.2, .NETFramework,Version=v4.8, .NETFramework,Version=v4.8.1' instead of the project target framework 'net8.0'. This package may not be fully compatible with your project. [C:\Users\ultra\warewolf\Dev\Warewolf.HangfireServer.Tests\Warewolf.HangfireServer.Tests.csproj]
C:\Users\ultra\warewolf\Dev\Dev2.Services.Sql\Dev2.Services.Sql.csproj : warning NU1701: Package 'GroupControls 1.9.0' was restored using '.NETFramework,Version=v4.6.1, .NETFramework,Version=v4.6.2, .NETFramework,Version=v4.7, .NETFramework,Version=v4.7.1, .NETFramework,Version=v4.7.2, .NETFramework,Version=v4.8, .NETFramework,Version=v4.8.1' instead of the project target framework 'net8.0'. This package may not be fully compatible with your project. [C:\Users\ultra\warewolf\Dev\Warewolf.HangfireServer.Tests\Warewolf.HangfireServer.Tests.csproj]
C:\Users\ultra\warewolf\Dev\Dev2.Services.Sql\Dev2.Services.Sql.csproj : warning NU1701: Package 'ReactiveUI.WPF 18.4.1' was restored using '.NETFramework,Version=v4.6.1, .NETFramework,Version=v4.6.2, .NETFramework,Version=v4.7, .NETFramework,Version=v4.7.1, .NETFramework,Version=v4.7.2, .NETFramework,Version=v4.8, .NETFramework,Version=v4.8.1' instead of the project target framework 'net8.0'. This package may not be fully compatible with your project. [C:\Users\ultra\warewolf\Dev\Warewolf.HangfireServer.Tests\Warewolf.HangfireServer.Tests.csproj]
C:\Users\ultra\warewolf\Dev\Dev2.Services.Sql\Dev2.Services.Sql.csproj : warning NU1701: Package 'TaskSchedulerEditor 2.10.1' was restored using '.NETFramework,Version=v4.6.1, .NETFramework,Version=v4.6.2, .NETFramework,Version=v4.7, .NETFramework,Version=v4.7.1, .NETFramework,Version=v4.7.2, .NETFramework,Version=v4.8, .NETFramework,Version=v4.8.1' instead of the project target framework 'net8.0'. This package may not be fully compatible with your project. [C:\Users\ultra\warewolf\Dev\Warewolf.HangfireServer.Tests\Warewolf.HangfireServer.Tests.csproj]
C:\Users\ultra\warewolf\Dev\Dev2.Core\Dev2.Core.csproj : warning NU1903: Package 'Microsoft.Windows.Compatibility' 6.0.0 has a known high severity vulnerability, https://github.com/advisories/GHSA-555c-2p6r-68mm [C:\Users\ultra\warewolf\Dev\Warewolf.HangfireServer.Tests\Warewolf.HangfireServer.Tests.csproj]
C:\Users\ultra\warewolf\Dev\Dev2.Core\Dev2.Core.csproj : warning NU1701: Package 'AeroWizard 2.3.1' was restored using '.NETFramework,Version=v4.6.1, .NETFramework,Version=v4.6.2, .NETFramework,Version=v4.7, .NETFramework,Version=v4.7.1, .NETFramework,Version=v4.7.2, .NETFramework,Version=v4.8, .NETFramework,Version=v4.8.1' instead of the project target framework 'net8.0'. This package may not be fully compatible with your project. [C:\Users\ultra\warewolf\Dev\Warewolf.HangfireServer.Tests\Warewolf.HangfireServer.Tests.csproj]
C:\Users\ultra\warewolf\Dev\Dev2.Core\Dev2.Core.csproj : warning NU1701: Package 'GroupControls 1.9.0' was restored using '.NETFramework,Version=v4.6.1, .NETFramework,Version=v4.6.2, .NETFramework,Version=v4.7, .NETFramework,Version=v4.7.1, .NETFramework,Version=v4.7.2, .NETFramework,Version=v4.8, .NETFramework,Version=v4.8.1' instead of the project target framework 'net8.0'. This package may not be fully compatible with your project. [C:\Users\ultra\warewolf\Dev\Warewolf.HangfireServer.Tests\Warewolf.HangfireServer.Tests.csproj]
C:\Users\ultra\warewolf\Dev\Dev2.Core\Dev2.Core.csproj : warning NU1701: Package 'ReactiveUI.WPF 18.4.1' was restored using '.NETFramework,Version=v4.6.1, .NETFramework,Version=v4.6.2, .NETFramework,Version=v4.7, .NETFramework,Version=v4.7.1, .NETFramework,Version=v4.7.2, .NETFramework,Version=v4.8, .NETFramework,Version=v4.8.1' instead of the project target framework 'net8.0'. This package may not be fully compatible with your project. [C:\Users\ultra\warewolf\Dev\Warewolf.HangfireServer.Tests\Warewolf.HangfireServer.Tests.csproj]
C:\Users\ultra\warewolf\Dev\Dev2.Core\Dev2.Core.csproj : warning NU1701: Package 'TaskSchedulerEditor 2.10.1' was restored using '.NETFramework,Version=v4.6.1, .NETFramework,Version=v4.6.2, .NETFramework,Version=v4.7, .NETFramework,Version=v4.7.1, .NETFramework,Version=v4.7.2, .NETFramework,Version=v4.8, .NETFramework,Version=v4.8.1' instead of the project target framework 'net8.0'. This package may not be fully compatible with your project. [C:\Users\ultra\warewolf\Dev\Warewolf.HangfireServer.Tests\Warewolf.HangfireServer.Tests.csproj]
C:\Users\ultra\warewolf\Dev\Warewolf.Common.NetStandard20\Warewolf.Common.NetStandard20.csproj : warning NU1701: Package 'AeroWizard 2.3.1' was restored using '.NETFramework,Version=v4.6.1, .NETFramework,Version=v4.6.2, .NETFramework,Version=v4.7, .NETFramework,Version=v4.7.1, .NETFramework,Version=v4.7.2, .NETFramework,Version=v4.8, .NETFramework,Version=v4.8.1' instead of the project target framework 'net8.0'. This package may not be fully compatible with your project. [C:\Users\ultra\warewolf\Dev\Warewolf.HangfireServer.Tests\Warewolf.HangfireServer.Tests.csproj]
C:\Users\ultra\warewolf\Dev\Warewolf.Common.NetStandard20\Warewolf.Common.NetStandard20.csproj : warning NU1701: Package 'GroupControls 1.9.0' was restored using '.NETFramework,Version=v4.6.1, .NETFramework,Version=v4.6.2, .NETFramework,Version=v4.7, .NETFramework,Version=v4.7.1, .NETFramework,Version=v4.7.2, .NETFramework,Version=v4.8, .NETFramework,Version=v4.8.1' instead of the project target framework 'net8.0'. This package may not be fully compatible with your project. [C:\Users\ultra\warewolf\Dev\Warewolf.HangfireServer.Tests\Warewolf.HangfireServer.Tests.csproj]
C:\Users\ultra\warewolf\Dev\Warewolf.Common.NetStandard20\Warewolf.Common.NetStandard20.csproj : warning NU1701: Package 'ReactiveUI.WPF 18.4.1' was restored using '.NETFramework,Version=v4.6.1, .NETFramework,Version=v4.6.2, .NETFramework,Version=v4.7, .NETFramework,Version=v4.7.1, .NETFramework,Version=v4.7.2, .NETFramework,Version=v4.8, .NETFramework,Version=v4.8.1' instead of the project target framework 'net8.0'. This package may not be fully compatible with your project. [C:\Users\ultra\warewolf\Dev\Warewolf.HangfireServer.Tests\Warewolf.HangfireServer.Tests.csproj]
C:\Users\ultra\warewolf\Dev\Warewolf.Common.NetStandard20\Warewolf.Common.NetStandard20.csproj : warning NU1701: Package 'TaskSchedulerEditor 2.10.1' was restored using '.NETFramework,Version=v4.6.1, .NETFramework,Version=v4.6.2, .NETFramework,Version=v4.7, .NETFramework,Version=v4.7.1, .NETFramework,Version=v4.7.2, .NETFramework,Version=v4.8, .NETFramework,Version=v4.8.1' instead of the project target framework 'net8.0'. This package may not be fully compatible with your project. [C:\Users\ultra\warewolf\Dev\Warewolf.HangfireServer.Tests\Warewolf.HangfireServer.Tests.csproj]
C:\Users\ultra\warewolf\Dev\Warewolf.Core\Warewolf.Core.csproj : warning NU1903: Package 'Microsoft.Windows.Compatibility' 6.0.0 has a known high severity vulnerability, https://github.com/advisories/GHSA-555c-2p6r-68mm [C:\Users\ultra\warewolf\Dev\Warewolf.HangfireServer.Tests\Warewolf.HangfireServer.Tests.csproj]
C:\Users\ultra\warewolf\Dev\Warewolf.Core\Warewolf.Core.csproj : warning NU1701: Package 'AeroWizard 2.3.1' was restored using '.NETFramework,Version=v4.6.1, .NETFramework,Version=v4.6.2, .NETFramework,Version=v4.7, .NETFramework,Version=v4.7.1, .NETFramework,Version=v4.7.2, .NETFramework,Version=v4.8, .NETFramework,Version=v4.8.1' instead of the project target framework 'net8.0'. This package may not be fully compatible with your project. [C:\Users\ultra\warewolf\Dev\Warewolf.HangfireServer.Tests\Warewolf.HangfireServer.Tests.csproj]
C:\Users\ultra\warewolf\Dev\Warewolf.Core\Warewolf.Core.csproj : warning NU1701: Package 'GroupControls 1.9.0' was restored using '.NETFramework,Version=v4.6.1, .NETFramework,Version=v4.6.2, .NETFramework,Version=v4.7, .NETFramework,Version=v4.7.1, .NETFramework,Version=v4.7.2, .NETFramework,Version=v4.8, .NETFramework,Version=v4.8.1' instead of the project target framework 'net8.0'. This package may not be fully compatible with your project. [C:\Users\ultra\warewolf\Dev\Warewolf.HangfireServer.Tests\Warewolf.HangfireServer.Tests.csproj]
C:\Users\ultra\warewolf\Dev\Warewolf.Core\Warewolf.Core.csproj : warning NU1701: Package 'ReactiveUI.WPF 18.4.1' was restored using '.NETFramework,Version=v4.6.1, .NETFramework,Version=v4.6.2, .NETFramework,Version=v4.7, .NETFramework,Version=v4.7.1, .NETFramework,Version=v4.7.2, .NETFramework,Version=v4.8, .NETFramework,Version=v4.8.1' instead of the project target framework 'net8.0'. This package may not be fully compatible with your project. [C:\Users\ultra\warewolf\Dev\Warewolf.HangfireServer.Tests\Warewolf.HangfireServer.Tests.csproj]
C:\Users\ultra\warewolf\Dev\Warewolf.Core\Warewolf.Core.csproj : warning NU1701: Package 'TaskSchedulerEditor 2.10.1' was restored using '.NETFramework,Version=v4.6.1, .NETFramework,Version=v4.6.2, .NETFramework,Version=v4.7, .NETFramework,Version=v4.7.1, .NETFramework,Version=v4.7.2, .NETFramework,Version=v4.8, .NETFramework,Version=v4.8.1' instead of the project target framework 'net8.0'. This package may not be fully compatible with your project. [C:\Users\ultra\warewolf\Dev\Warewolf.HangfireServer.Tests\Warewolf.HangfireServer.Tests.csproj]
C:\Users\ultra\warewolf\Dev\Warewolf.HangfireServer\Warewolf.HangfireServer.csproj : warning NU1903: Package 'Microsoft.Windows.Compatibility' 6.0.0 has a known high severity vulnerability, https://github.com/advisories/GHSA-555c-2p6r-68mm [C:\Users\ultra\warewolf\Dev\Warewolf.HangfireServer.Tests\Warewolf.HangfireServer.Tests.csproj]
C:\Users\ultra\warewolf\Dev\Warewolf.HangfireServer\Warewolf.HangfireServer.csproj : warning NU1701: Package 'AeroWizard 2.3.1' was restored using '.NETFramework,Version=v4.6.1, .NETFramework,Version=v4.6.2, .NETFramework,Version=v4.7, .NETFramework,Version=v4.7.1, .NETFramework,Version=v4.7.2, .NETFramework,Version=v4.8, .NETFramework,Version=v4.8.1' instead of the project target framework 'net8.0'. This package may not be fully compatible with your project. [C:\Users\ultra\warewolf\Dev\Warewolf.HangfireServer.Tests\Warewolf.HangfireServer.Tests.csproj]
C:\Users\ultra\warewolf\Dev\Warewolf.HangfireServer\Warewolf.HangfireServer.csproj : warning NU1701: Package 'GroupControls 1.9.0' was restored using '.NETFramework,Version=v4.6.1, .NETFramework,Version=v4.6.2, .NETFramework,Version=v4.7, .NETFramework,Version=v4.7.1, .NETFramework,Version=v4.7.2, .NETFramework,Version=v4.8, .NETFramework,Version=v4.8.1' instead of the project target framework 'net8.0'. This package may not be fully compatible with your project. [C:\Users\ultra\warewolf\Dev\Warewolf.HangfireServer.Tests\Warewolf.HangfireServer.Tests.csproj]
C:\Users\ultra\warewolf\Dev\Warewolf.HangfireServer\Warewolf.HangfireServer.csproj : warning NU1701: Package 'ReactiveUI.WPF 18.4.1' was restored using '.NETFramework,Version=v4.6.1, .NETFramework,Version=v4.6.2, .NETFramework,Version=v4.7, .NETFramework,Version=v4.7.1, .NETFramework,Version=v4.7.2, .NETFramework,Version=v4.8, .NETFramework,Version=v4.8.1' instead of the project target framework 'net8.0'. This package may not be fully compatible with your project. [C:\Users\ultra\warewolf\Dev\Warewolf.HangfireServer.Tests\Warewolf.HangfireServer.Tests.csproj]
C:\Users\ultra\warewolf\Dev\Warewolf.HangfireServer\Warewolf.HangfireServer.csproj : warning NU1701: Package 'TaskSchedulerEditor 2.10.1' was restored using '.NETFramework,Version=v4.6.1, .NETFramework,Version=v4.6.2, .NETFramework,Version=v4.7, .NETFramework,Version=v4.7.1, .NETFramework,Version=v4.7.2, .NETFramework,Version=v4.8, .NETFramework,Version=v4.8.1' instead of the project target framework 'net8.0'. This package may not be fully compatible with your project. [C:\Users\ultra\warewolf\Dev\Warewolf.HangfireServer.Tests\Warewolf.HangfireServer.Tests.csproj]
C:\Users\ultra\warewolf\Dev\Warewolf.HangfireServer.Tests\Warewolf.HangfireServer.Tests.csproj : warning NU1701: Package 'AeroWizard 2.3.1' was restored using '.NETFramework,Version=v4.6.1, .NETFramework,Version=v4.6.2, .NETFramework,Version=v4.7, .NETFramework,Version=v4.7.1, .NETFramework,Version=v4.7.2, .NETFramework,Version=v4.8, .NETFramework,Version=v4.8.1' instead of the project target framework 'net8.0'. This package may not be fully compatible with your project.
C:\Users\ultra\warewolf\Dev\Warewolf.HangfireServer.Tests\Warewolf.HangfireServer.Tests.csproj : warning NU1701: Package 'GroupControls 1.9.0' was restored using '.NETFramework,Version=v4.6.1, .NETFramework,Version=v4.6.2, .NETFramework,Version=v4.7, .NETFramework,Version=v4.7.1, .NETFramework,Version=v4.7.2, .NETFramework,Version=v4.8, .NETFramework,Version=v4.8.1' instead of the project target framework 'net8.0'. This package may not be fully compatible with your project.
C:\Users\ultra\warewolf\Dev\Warewolf.HangfireServer.Tests\Warewolf.HangfireServer.Tests.csproj : warning NU1701: Package 'ReactiveUI.WPF 18.4.1' was restored using '.NETFramework,Version=v4.6.1, .NETFramework,Version=v4.6.2, .NETFramework,Version=v4.7, .NETFramework,Version=v4.7.1, .NETFramework,Version=v4.7.2, .NETFramework,Version=v4.8, .NETFramework,Version=v4.8.1' instead of the project target framework 'net8.0'. This package may not be fully compatible with your project.
C:\Users\ultra\warewolf\Dev\Warewolf.HangfireServer.Tests\Warewolf.HangfireServer.Tests.csproj : warning NU1701: Package 'TaskSchedulerEditor 2.10.1' was restored using '.NETFramework,Version=v4.6.1, .NETFramework,Version=v4.6.2, .NETFramework,Version=v4.7, .NETFramework,Version=v4.7.1, .NETFramework,Version=v4.7.2, .NETFramework,Version=v4.8, .NETFramework,Version=v4.8.1' instead of the project target framework 'net8.0'. This package may not be fully compatible with your project.
  Restored C:\Users\ultra\warewolf\Dev\Warewolf.HangfireServer.Tests\Warewolf.HangfireServer.Tests.csproj (in 578 ms).
  43 of 44 projects are up-to-date for restore.
C:\Users\ultra\warewolf\Dev\Warewolf.HangfireServer.Tests\Warewolf.HangfireServer.Tests.csproj : warning NU1701: Package 'AeroWizard 2.3.1' was restored using '.NETFramework,Version=v4.6.1, .NETFramework,Version=v4.6.2, .NETFramework,Version=v4.7, .NETFramework,Version=v4.7.1, .NETFramework,Version=v4.7.2, .NETFramework,Version=v4.8, .NETFramework,Version=v4.8.1' instead of the project target framework 'net8.0'. This package may not be fully compatible with your project.
C:\Users\ultra\warewolf\Dev\Warewolf.HangfireServer.Tests\Warewolf.HangfireServer.Tests.csproj : warning NU1701: Package 'GroupControls 1.9.0' was restored using '.NETFramework,Version=v4.6.1, .NETFramework,Version=v4.6.2, .NETFramework,Version=v4.7, .NETFramework,Version=v4.7.1, .NETFramework,Version=v4.7.2, .NETFramework,Version=v4.8, .NETFramework,Version=v4.8.1' instead of the project target framework 'net8.0'. This package may not be fully compatible with your project.
C:\Users\ultra\warewolf\Dev\Warewolf.HangfireServer.Tests\Warewolf.HangfireServer.Tests.csproj : warning NU1701: Package 'ReactiveUI.WPF 18.4.1' was restored using '.NETFramework,Version=v4.6.1, .NETFramework,Version=v4.6.2, .NETFramework,Version=v4.7, .NETFramework,Version=v4.7.1, .NETFramework,Version=v4.7.2, .NETFramework,Version=v4.8, .NETFramework,Version=v4.8.1' instead of the project target framework 'net8.0'. This package may not be fully compatible with your project.
C:\Users\ultra\warewolf\Dev\Warewolf.HangfireServer.Tests\Warewolf.HangfireServer.Tests.csproj : warning NU1701: Package 'TaskSchedulerEditor 2.10.1' was restored using '.NETFramework,Version=v4.6.1, .NETFramework,Version=v4.6.2, .NETFramework,Version=v4.7, .NETFramework,Version=v4.7.1, .NETFramework,Version=v4.7.2, .NETFramework,Version=v4.8, .NETFramework,Version=v4.8.1' instead of the project target framework 'net8.0'. This package may not be fully compatible with your project.
C:\Users\ultra\warewolf\Dev\Dev2.Diagnostics\Dev2.Diagnostics.csproj : warning NU1701: Package 'AeroWizard 2.3.1' was restored using '.NETFramework,Version=v4.6.1, .NETFramework,Version=v4.6.2, .NETFramework,Version=v4.7, .NETFramework,Version=v4.7.1, .NETFramework,Version=v4.7.2, .NETFramework,Version=v4.8, .NETFramework,Version=v4.8.1' instead of the project target framework 'net8.0'. This package may not be fully compatible with your project.
C:\Users\ultra\warewolf\Dev\Dev2.Diagnostics\Dev2.Diagnostics.csproj : warning NU1701: Package 'GroupControls 1.9.0' was restored using '.NETFramework,Version=v4.6.1, .NETFramework,Version=v4.6.2, .NETFramework,Version=v4.7, .NETFramework,Version=v4.7.1, .NETFramework,Version=v4.7.2, .NETFramework,Version=v4.8, .NETFramework,Version=v4.8.1' instead of the project target framework 'net8.0'. This package may not be fully compatible with your project.
C:\Users\ultra\warewolf\Dev\Dev2.Diagnostics\Dev2.Diagnostics.csproj : warning NU1701: Package 'TaskSchedulerEditor 2.10.1' was restored using '.NETFramework,Version=v4.6.1, .NETFramework,Version=v4.6.2, .NETFramework,Version=v4.7, .NETFramework,Version=v4.7.1, .NETFramework,Version=v4.7.2, .NETFramework,Version=v4.8, .NETFramework,Version=v4.8.1' instead of the project target framework 'net8.0'. This package may not be fully compatible with your project.
C:\Users\ultra\warewolf\Dev\Dev2.Data\Dev2.Data.csproj : warning NU1701: Package 'AeroWizard 2.3.1' was restored using '.NETFramework,Version=v4.6.1, .NETFramework,Version=v4.6.2, .NETFramework,Version=v4.7, .NETFramework,Version=v4.7.1, .NETFramework,Version=v4.7.2, .NETFramework,Version=v4.8, .NETFramework,Version=v4.8.1' instead of the project target framework 'net8.0'. This package may not be fully compatible with your project.
C:\Users\ultra\warewolf\Dev\Dev2.Data\Dev2.Data.csproj : warning NU1701: Package 'GroupControls 1.9.0' was restored using '.NETFramework,Version=v4.6.1, .NETFramework,Version=v4.6.2, .NETFramework,Version=v4.7, .NETFramework,Version=v4.7.1, .NETFramework,Version=v4.7.2, .NETFramework,Version=v4.8, .NETFramework,Version=v4.8.1' instead of the project target framework 'net8.0'. This package may not be fully compatible with your project.
C:\Users\ultra\warewolf\Dev\Dev2.Data\Dev2.Data.csproj : warning NU1701: Package 'ReactiveUI.WPF 18.4.1' was restored using '.NETFramework,Version=v4.6.1, .NETFramework,Version=v4.6.2, .NETFramework,Version=v4.7, .NETFramework,Version=v4.7.1, .NETFramework,Version=v4.7.2, .NETFramework,Version=v4.8, .NETFramework,Version=v4.8.1' instead of the project target framework 'net8.0'. This package may not be fully compatible with your project.
C:\Users\ultra\warewolf\Dev\Dev2.Data\Dev2.Data.csproj : warning NU1701: Package 'TaskSchedulerEditor 2.10.1' was restored using '.NETFramework,Version=v4.6.1, .NETFramework,Version=v4.6.2, .NETFramework,Version=v4.7, .NETFramework,Version=v4.7.1, .NETFramework,Version=v4.7.2, .NETFramework,Version=v4.8, .NETFramework,Version=v4.8.1' instead of the project target framework 'net8.0'. This package may not be fully compatible with your project.
C:\Users\ultra\warewolf\Dev\Dev2.TaskScheduler.Wrappers\Dev2.TaskScheduler.Wrappers.csproj : warning NU1701: Package 'AeroWizard 2.3.1' was restored using '.NETFramework,Version=v4.6.1, .NETFramework,Version=v4.6.2, .NETFramework,Version=v4.7, .NETFramework,Version=v4.7.1, .NETFramework,Version=v4.7.2, .NETFramework,Version=v4.8, .NETFramework,Version=v4.8.1' instead of the project target framework 'net8.0'. This package may not be fully compatible with your project.
C:\Users\ultra\warewolf\Dev\Dev2.TaskScheduler.Wrappers\Dev2.TaskScheduler.Wrappers.csproj : warning NU1701: Package 'GroupControls 1.9.0' was restored using '.NETFramework,Version=v4.6.1, .NETFramework,Version=v4.6.2, .NETFramework,Version=v4.7, .NETFramework,Version=v4.7.1, .NETFramework,Version=v4.7.2, .NETFramework,Version=v4.8, .NETFramework,Version=v4.8.1' instead of the project target framework 'net8.0'. This package may not be fully compatible with your project.
C:\Users\ultra\warewolf\Dev\Dev2.TaskScheduler.Wrappers\Dev2.TaskScheduler.Wrappers.csproj : warning NU1701: Package 'TaskSchedulerEditor 2.10.1' was restored using '.NETFramework,Version=v4.6.1, .NETFramework,Version=v4.6.2, .NETFramework,Version=v4.7, .NETFramework,Version=v4.7.1, .NETFramework,Version=v4.7.2, .NETFramework,Version=v4.8, .NETFramework,Version=v4.8.1' instead of the project target framework 'net8.0'. This package may not be fully compatible with your project.
C:\Users\ultra\warewolf\Dev\Dev2.Data.Interfaces\Dev2.Data.Interfaces.csproj : warning NU1903: Package 'DotNetZip' 1.16.0 has a known high severity vulnerability, https://github.com/advisories/GHSA-xhg6-9j5j-w4vf
C:\Users\ultra\warewolf\Dev\Dev2.Infrastructure\Dev2.Infrastructure.csproj : warning NU1903: Package 'Microsoft.Windows.Compatibility' 6.0.0 has a known high severity vulnerability, https://github.com/advisories/GHSA-555c-2p6r-68mm
C:\Program Files\dotnet\sdk\10.0.201\Sdks\Microsoft.NET.Sdk\targets\Microsoft.NET.Sdk.DefaultItems.targets(162,5): warning NETSDK1137: It is no longer necessary to use the Microsoft.NET.Sdk.WindowsDesktop SDK. Consider changing the Sdk attribute of the root Project element to 'Microsoft.NET.Sdk'. [C:\Users\ultra\warewolf\Dev\Dev2.CustomControls\Dev2.CustomControls.csproj]
C:\Users\ultra\warewolf\Dev\Dev2.Common\Dev2.Common.csproj : warning NU1903: Package 'Microsoft.Windows.Compatibility' 6.0.0 has a known high severity vulnerability, https://github.com/advisories/GHSA-555c-2p6r-68mm
C:\Users\ultra\warewolf\Dev\Dev2.Core\Dev2.Core.csproj : warning NU1903: Package 'Microsoft.Windows.Compatibility' 6.0.0 has a known high severity vulnerability, https://github.com/advisories/GHSA-555c-2p6r-68mm
C:\Users\ultra\warewolf\Dev\Dev2.Data.Interfaces\Dev2.Data.Interfaces.csproj : warning NU1701: Package 'AeroWizard 2.3.1' was restored using '.NETFramework,Version=v4.6.1, .NETFramework,Version=v4.6.2, .NETFramework,Version=v4.7, .NETFramework,Version=v4.7.1, .NETFramework,Version=v4.7.2, .NETFramework,Version=v4.8, .NETFramework,Version=v4.8.1' instead of the project target framework 'net8.0'. This package may not be fully compatible with your project.
C:\Users\ultra\warewolf\Dev\Dev2.Common\Dev2.Common.csproj : warning NU1701: Package 'AeroWizard 2.3.1' was restored using '.NETFramework,Version=v4.6.1, .NETFramework,Version=v4.6.2, .NETFramework,Version=v4.7, .NETFramework,Version=v4.7.1, .NETFramework,Version=v4.7.2, .NETFramework,Version=v4.8, .NETFramework,Version=v4.8.1' instead of the project target framework 'net8.0'. This package may not be fully compatible with your project.
C:\Users\ultra\warewolf\Dev\Dev2.Core\Dev2.Core.csproj : warning NU1701: Package 'AeroWizard 2.3.1' was restored using '.NETFramework,Version=v4.6.1, .NETFramework,Version=v4.6.2, .NETFramework,Version=v4.7, .NETFramework,Version=v4.7.1, .NETFramework,Version=v4.7.2, .NETFramework,Version=v4.8, .NETFramework,Version=v4.8.1' instead of the project target framework 'net8.0'. This package may not be fully compatible with your project.
C:\Users\ultra\warewolf\Dev\Dev2.Infrastructure\Dev2.Infrastructure.csproj : warning NU1701: Package 'AeroWizard 2.3.1' was restored using '.NETFramework,Version=v4.6.1, .NETFramework,Version=v4.6.2, .NETFramework,Version=v4.7, .NETFramework,Version=v4.7.1, .NETFramework,Version=v4.7.2, .NETFramework,Version=v4.8, .NETFramework,Version=v4.8.1' instead of the project target framework 'net8.0'. This package may not be fully compatible with your project.
C:\Users\ultra\warewolf\Dev\Dev2.Common\Dev2.Common.csproj : warning NU1701: Package 'GroupControls 1.9.0' was restored using '.NETFramework,Version=v4.6.1, .NETFramework,Version=v4.6.2, .NETFramework,Version=v4.7, .NETFramework,Version=v4.7.1, .NETFramework,Version=v4.7.2, .NETFramework,Version=v4.8, .NETFramework,Version=v4.8.1' instead of the project target framework 'net8.0'. This package may not be fully compatible with your project.
C:\Users\ultra\warewolf\Dev\Dev2.Data.Interfaces\Dev2.Data.Interfaces.csproj : warning NU1701: Package 'GroupControls 1.9.0' was restored using '.NETFramework,Version=v4.6.1, .NETFramework,Version=v4.6.2, .NETFramework,Version=v4.7, .NETFramework,Version=v4.7.1, .NETFramework,Version=v4.7.2, .NETFramework,Version=v4.8, .NETFramework,Version=v4.8.1' instead of the project target framework 'net8.0'. This package may not be fully compatible with your project.
C:\Users\ultra\warewolf\Dev\Dev2.Core\Dev2.Core.csproj : warning NU1701: Package 'GroupControls 1.9.0' was restored using '.NETFramework,Version=v4.6.1, .NETFramework,Version=v4.6.2, .NETFramework,Version=v4.7, .NETFramework,Version=v4.7.1, .NETFramework,Version=v4.7.2, .NETFramework,Version=v4.8, .NETFramework,Version=v4.8.1' instead of the project target framework 'net8.0'. This package may not be fully compatible with your project.
C:\Users\ultra\warewolf\Dev\Dev2.Infrastructure\Dev2.Infrastructure.csproj : warning NU1701: Package 'GroupControls 1.9.0' was restored using '.NETFramework,Version=v4.6.1, .NETFramework,Version=v4.6.2, .NETFramework,Version=v4.7, .NETFramework,Version=v4.7.1, .NETFramework,Version=v4.7.2, .NETFramework,Version=v4.8, .NETFramework,Version=v4.8.1' instead of the project target framework 'net8.0'. This package may not be fully compatible with your project.
C:\Users\ultra\warewolf\Dev\Dev2.Common\Dev2.Common.csproj : warning NU1701: Package 'TaskSchedulerEditor 2.10.1' was restored using '.NETFramework,Version=v4.6.1, .NETFramework,Version=v4.6.2, .NETFramework,Version=v4.7, .NETFramework,Version=v4.7.1, .NETFramework,Version=v4.7.2, .NETFramework,Version=v4.8, .NETFramework,Version=v4.8.1' instead of the project target framework 'net8.0'. This package may not be fully compatible with your project.
C:\Users\ultra\warewolf\Dev\Dev2.Data.Interfaces\Dev2.Data.Interfaces.csproj : warning NU1701: Package 'TaskSchedulerEditor 2.10.1' was restored using '.NETFramework,Version=v4.6.1, .NETFramework,Version=v4.6.2, .NETFramework,Version=v4.7, .NETFramework,Version=v4.7.1, .NETFramework,Version=v4.7.2, .NETFramework,Version=v4.8, .NETFramework,Version=v4.8.1' instead of the project target framework 'net8.0'. This package may not be fully compatible with your project.
C:\Users\ultra\warewolf\Dev\Dev2.Core\Dev2.Core.csproj : warning NU1701: Package 'ReactiveUI.WPF 18.4.1' was restored using '.NETFramework,Version=v4.6.1, .NETFramework,Version=v4.6.2, .NETFramework,Version=v4.7, .NETFramework,Version=v4.7.1, .NETFramework,Version=v4.7.2, .NETFramework,Version=v4.8, .NETFramework,Version=v4.8.1' instead of the project target framework 'net8.0'. This package may not be fully compatible with your project.
C:\Users\ultra\warewolf\Dev\Dev2.Core\Dev2.Core.csproj : warning NU1701: Package 'TaskSchedulerEditor 2.10.1' was restored using '.NETFramework,Version=v4.6.1, .NETFramework,Version=v4.6.2, .NETFramework,Version=v4.7, .NETFramework,Version=v4.7.1, .NETFramework,Version=v4.7.2, .NETFramework,Version=v4.8, .NETFramework,Version=v4.8.1' instead of the project target framework 'net8.0'. This package may not be fully compatible with your project.
C:\Users\ultra\warewolf\Dev\Dev2.Infrastructure\Dev2.Infrastructure.csproj : warning NU1701: Package 'ReactiveUI.WPF 18.4.1' was restored using '.NETFramework,Version=v4.6.1, .NETFramework,Version=v4.6.2, .NETFramework,Version=v4.7, .NETFramework,Version=v4.7.1, .NETFramework,Version=v4.7.2, .NETFramework,Version=v4.8, .NETFramework,Version=v4.8.1' instead of the project target framework 'net8.0'. This package may not be fully compatible with your project.
C:\Users\ultra\warewolf\Dev\Dev2.Infrastructure\Dev2.Infrastructure.csproj : warning NU1701: Package 'TaskSchedulerEditor 2.10.1' was restored using '.NETFramework,Version=v4.6.1, .NETFramework,Version=v4.6.2, .NETFramework,Version=v4.7, .NETFramework,Version=v4.7.1, .NETFramework,Version=v4.7.2, .NETFramework,Version=v4.8, .NETFramework,Version=v4.8.1' instead of the project target framework 'net8.0'. This package may not be fully compatible with your project.
C:\Program Files\dotnet\sdk\10.0.201\Sdks\Microsoft.NET.Sdk.WindowsDesktop\targets\Microsoft.NET.Sdk.WindowsDesktop.targets(138,5): warning NETSDK1106: Microsoft.NET.Sdk.WindowsDesktop requires 'UseWpf' or 'UseWindowsForms' to be set to 'true' [C:\Users\ultra\warewolf\Dev\Dev2.CustomControls\Dev2.CustomControls.csproj]
C:\Users\ultra\warewolf\Dev\Dev2.Runtime.Configuration\Dev2.Runtime.Configuration.csproj : warning NU1903: Package 'Microsoft.Windows.Compatibility' 6.0.0 has a known high severity vulnerability, https://github.com/advisories/GHSA-555c-2p6r-68mm
C:\Users\ultra\warewolf\Dev\Dev2.Runtime.Configuration\Dev2.Runtime.Configuration.csproj : warning NU1701: Package 'AeroWizard 2.3.1' was restored using '.NETFramework,Version=v4.6.1, .NETFramework,Version=v4.6.2, .NETFramework,Version=v4.7, .NETFramework,Version=v4.7.1, .NETFramework,Version=v4.7.2, .NETFramework,Version=v4.8, .NETFramework,Version=v4.8.1' instead of the project target framework 'net8.0'. This package may not be fully compatible with your project.
C:\Users\ultra\warewolf\Dev\Dev2.Runtime.Configuration\Dev2.Runtime.Configuration.csproj : warning NU1701: Package 'GroupControls 1.9.0' was restored using '.NETFramework,Version=v4.6.1, .NETFramework,Version=v4.6.2, .NETFramework,Version=v4.7, .NETFramework,Version=v4.7.1, .NETFramework,Version=v4.7.2, .NETFramework,Version=v4.8, .NETFramework,Version=v4.8.1' instead of the project target framework 'net8.0'. This package may not be fully compatible with your project.
C:\Users\ultra\warewolf\Dev\Dev2.Runtime.Configuration\Dev2.Runtime.Configuration.csproj : warning NU1701: Package 'TaskSchedulerEditor 2.10.1' was restored using '.NETFramework,Version=v4.6.1, .NETFramework,Version=v4.6.2, .NETFramework,Version=v4.7, .NETFramework,Version=v4.7.1, .NETFramework,Version=v4.7.2, .NETFramework,Version=v4.8, .NETFramework,Version=v4.8.1' instead of the project target framework 'net8.0'. This package may not be fully compatible with your project.
C:\Users\ultra\warewolf\Dev\Dev2.CustomControls\Dev2.CustomControls.csproj : warning NU1903: Package 'Microsoft.Windows.Compatibility' 6.0.0 has a known high severity vulnerability, https://github.com/advisories/GHSA-555c-2p6r-68mm
C:\Users\ultra\warewolf\Dev\Dev2.CustomControls\Dev2.CustomControls.csproj : warning NU1701: Package 'AeroWizard 2.3.1' was restored using '.NETFramework,Version=v4.6.1, .NETFramework,Version=v4.6.2, .NETFramework,Version=v4.7, .NETFramework,Version=v4.7.1, .NETFramework,Version=v4.7.2, .NETFramework,Version=v4.8, .NETFramework,Version=v4.8.1' instead of the project target framework 'net8.0'. This package may not be fully compatible with your project.
C:\Users\ultra\warewolf\Dev\Dev2.CustomControls\Dev2.CustomControls.csproj : warning NU1701: Package 'GroupControls 1.9.0' was restored using '.NETFramework,Version=v4.6.1, .NETFramework,Version=v4.6.2, .NETFramework,Version=v4.7, .NETFramework,Version=v4.7.1, .NETFramework,Version=v4.7.2, .NETFramework,Version=v4.8, .NETFramework,Version=v4.8.1' instead of the project target framework 'net8.0'. This package may not be fully compatible with your project.
C:\Users\ultra\warewolf\Dev\Dev2.CustomControls\Dev2.CustomControls.csproj : warning NU1701: Package 'TaskSchedulerEditor 2.10.1' was restored using '.NETFramework,Version=v4.6.1, .NETFramework,Version=v4.6.2, .NETFramework,Version=v4.7, .NETFramework,Version=v4.7.1, .NETFramework,Version=v4.7.2, .NETFramework,Version=v4.8, .NETFramework,Version=v4.8.1' instead of the project target framework 'net8.0'. This package may not be fully compatible with your project.
C:\Users\ultra\warewolf\Dev\Dev2.Runtime.Services\Dev2.Runtime.Services.csproj : warning NU1902: Package 'MessagePack' 2.4.59 has a known moderate severity vulnerability, https://github.com/advisories/GHSA-4qm4-8hg2-g2xm
C:\Users\ultra\warewolf\Dev\Dev2.Runtime.Services\Dev2.Runtime.Services.csproj : warning NU1903: Package 'Microsoft.Windows.Compatibility' 6.0.0 has a known high severity vulnerability, https://github.com/advisories/GHSA-555c-2p6r-68mm
C:\Users\ultra\warewolf\Dev\Dev2.Runtime.Services\Dev2.Runtime.Services.csproj : warning NU1701: Package 'AeroWizard 2.3.1' was restored using '.NETFramework,Version=v4.6.1, .NETFramework,Version=v4.6.2, .NETFramework,Version=v4.7, .NETFramework,Version=v4.7.1, .NETFramework,Version=v4.7.2, .NETFramework,Version=v4.8, .NETFramework,Version=v4.8.1' instead of the project target framework 'net8.0'. This package may not be fully compatible with your project.
C:\Users\ultra\warewolf\Dev\Dev2.Runtime.Services\Dev2.Runtime.Services.csproj : warning NU1701: Package 'GroupControls 1.9.0' was restored using '.NETFramework,Version=v4.6.1, .NETFramework,Version=v4.6.2, .NETFramework,Version=v4.7, .NETFramework,Version=v4.7.1, .NETFramework,Version=v4.7.2, .NETFramework,Version=v4.8, .NETFramework,Version=v4.8.1' instead of the project target framework 'net8.0'. This package may not be fully compatible with your project.
C:\Users\ultra\warewolf\Dev\Dev2.Runtime.Services\Dev2.Runtime.Services.csproj : warning NU1701: Package 'ReactiveUI.WPF 18.4.1' was restored using '.NETFramework,Version=v4.6.1, .NETFramework,Version=v4.6.2, .NETFramework,Version=v4.7, .NETFramework,Version=v4.7.1, .NETFramework,Version=v4.7.2, .NETFramework,Version=v4.8, .NETFramework,Version=v4.8.1' instead of the project target framework 'net8.0'. This package may not be fully compatible with your project.
C:\Users\ultra\warewolf\Dev\Dev2.Runtime.Services\Dev2.Runtime.Services.csproj : warning NU1701: Package 'TaskSchedulerEditor 2.10.1' was restored using '.NETFramework,Version=v4.6.1, .NETFramework,Version=v4.6.2, .NETFramework,Version=v4.7, .NETFramework,Version=v4.7.1, .NETFramework,Version=v4.7.2, .NETFramework,Version=v4.8, .NETFramework,Version=v4.8.1' instead of the project target framework 'net8.0'. This package may not be fully compatible with your project.
C:\Users\ultra\warewolf\Dev\Warewolf.Security\Warewolf.Security.csproj : warning NU1904: Package 'System.Drawing.Common' 4.5.1 has a known critical severity vulnerability, https://github.com/advisories/GHSA-rxg9-xrhp-64gj
C:\Users\ultra\warewolf\Dev\Warewolf.Common\Warewolf.Common.csproj : warning NU1701: Package 'AeroWizard 2.3.1' was restored using '.NETFramework,Version=v4.6.1, .NETFramework,Version=v4.6.2, .NETFramework,Version=v4.7, .NETFramework,Version=v4.7.1, .NETFramework,Version=v4.7.2, .NETFramework,Version=v4.8, .NETFramework,Version=v4.8.1' instead of the project target framework 'net8.0'. This package may not be fully compatible with your project.
C:\Users\ultra\warewolf\Dev\Warewolf.Common\Warewolf.Common.csproj : warning NU1701: Package 'GroupControls 1.9.0' was restored using '.NETFramework,Version=v4.6.1, .NETFramework,Version=v4.6.2, .NETFramework,Version=v4.7, .NETFramework,Version=v4.7.1, .NETFramework,Version=v4.7.2, .NETFramework,Version=v4.8, .NETFramework,Version=v4.8.1' instead of the project target framework 'net8.0'. This package may not be fully compatible with your project.
C:\Users\ultra\warewolf\Dev\Warewolf.Common\Warewolf.Common.csproj : warning NU1701: Package 'TaskSchedulerEditor 2.10.1' was restored using '.NETFramework,Version=v4.6.1, .NETFramework,Version=v4.6.2, .NETFramework,Version=v4.7, .NETFramework,Version=v4.7.1, .NETFramework,Version=v4.7.2, .NETFramework,Version=v4.8, .NETFramework,Version=v4.8.1' instead of the project target framework 'net8.0'. This package may not be fully compatible with your project.
C:\Users\ultra\warewolf\Dev\Warewolf.Storage\Warewolf.Storage.csproj : warning NU1701: Package 'AeroWizard 2.3.1' was restored using '.NETFramework,Version=v4.6.1, .NETFramework,Version=v4.6.2, .NETFramework,Version=v4.7, .NETFramework,Version=v4.7.1, .NETFramework,Version=v4.7.2, .NETFramework,Version=v4.8, .NETFramework,Version=v4.8.1' instead of the project target framework 'net8.0'. This package may not be fully compatible with your project.
C:\Users\ultra\warewolf\Dev\Warewolf.Storage\Warewolf.Storage.csproj : warning NU1701: Package 'GroupControls 1.9.0' was restored using '.NETFramework,Version=v4.6.1, .NETFramework,Version=v4.6.2, .NETFramework,Version=v4.7, .NETFramework,Version=v4.7.1, .NETFramework,Version=v4.7.2, .NETFramework,Version=v4.8, .NETFramework,Version=v4.8.1' instead of the project target framework 'net8.0'. This package may not be fully compatible with your project.
C:\Users\ultra\warewolf\Dev\Warewolf.Storage\Warewolf.Storage.csproj : warning NU1701: Package 'ReactiveUI.WPF 18.4.1' was restored using '.NETFramework,Version=v4.6.1, .NETFramework,Version=v4.6.2, .NETFramework,Version=v4.7, .NETFramework,Version=v4.7.1, .NETFramework,Version=v4.7.2, .NETFramework,Version=v4.8, .NETFramework,Version=v4.8.1' instead of the project target framework 'net8.0'. This package may not be fully compatible with your project.
C:\Users\ultra\warewolf\Dev\Warewolf.Storage\Warewolf.Storage.csproj : warning NU1701: Package 'TaskSchedulerEditor 2.10.1' was restored using '.NETFramework,Version=v4.6.1, .NETFramework,Version=v4.6.2, .NETFramework,Version=v4.7, .NETFramework,Version=v4.7.1, .NETFramework,Version=v4.7.2, .NETFramework,Version=v4.8, .NETFramework,Version=v4.8.1' instead of the project target framework 'net8.0'. This package may not be fully compatible with your project.
C:\Users\ultra\warewolf\Dev\Warewolf.Driver.Serilog\Warewolf.Driver.Serilog.csproj : warning NU1701: Package 'AeroWizard 2.3.1' was restored using '.NETFramework,Version=v4.6.1, .NETFramework,Version=v4.6.2, .NETFramework,Version=v4.7, .NETFramework,Version=v4.7.1, .NETFramework,Version=v4.7.2, .NETFramework,Version=v4.8, .NETFramework,Version=v4.8.1' instead of the project target framework 'net8.0'. This package may not be fully compatible with your project.
C:\Users\ultra\warewolf\Dev\Warewolf.Driver.Serilog\Warewolf.Driver.Serilog.csproj : warning NU1701: Package 'GroupControls 1.9.0' was restored using '.NETFramework,Version=v4.6.1, .NETFramework,Version=v4.6.2, .NETFramework,Version=v4.7, .NETFramework,Version=v4.7.1, .NETFramework,Version=v4.7.2, .NETFramework,Version=v4.8, .NETFramework,Version=v4.8.1' instead of the project target framework 'net8.0'. This package may not be fully compatible with your project.
C:\Users\ultra\warewolf\Dev\Warewolf.Driver.Serilog\Warewolf.Driver.Serilog.csproj : warning NU1701: Package 'ReactiveUI.WPF 18.4.1' was restored using '.NETFramework,Version=v4.6.1, .NETFramework,Version=v4.6.2, .NETFramework,Version=v4.7, .NETFramework,Version=v4.7.1, .NETFramework,Version=v4.7.2, .NETFramework,Version=v4.8, .NETFramework,Version=v4.8.1' instead of the project target framework 'net8.0'. This package may not be fully compatible with your project.
C:\Users\ultra\warewolf\Dev\Warewolf.Driver.Serilog\Warewolf.Driver.Serilog.csproj : warning NU1701: Package 'TaskSchedulerEditor 2.10.1' was restored using '.NETFramework,Version=v4.6.1, .NETFramework,Version=v4.6.2, .NETFramework,Version=v4.7, .NETFramework,Version=v4.7.1, .NETFramework,Version=v4.7.2, .NETFramework,Version=v4.8, .NETFramework,Version=v4.8.1' instead of the project target framework 'net8.0'. This package may not be fully compatible with your project.
  Dev2.Net6.Compatibility -> C:\Users\ultra\warewolf\Dev\Dev2.Net6.Compatibility\bin\Debug\net8.0\Dev2.Net6.Compatibility.dll
C:\Users\ultra\warewolf\Dev\Warewolf.AI.Harness\Warewolf.AI.Harness.csproj : warning NU1701: Package 'AeroWizard 2.3.1' was restored using '.NETFramework,Version=v4.6.1, .NETFramework,Version=v4.6.2, .NETFramework,Version=v4.7, .NETFramework,Version=v4.7.1, .NETFramework,Version=v4.7.2, .NETFramework,Version=v4.8, .NETFramework,Version=v4.8.1' instead of the project target framework 'net8.0'. This package may not be fully compatible with your project.
C:\Users\ultra\warewolf\Dev\Warewolf.AI.Harness\Warewolf.AI.Harness.csproj : warning NU1701: Package 'GroupControls 1.9.0' was restored using '.NETFramework,Version=v4.6.1, .NETFramework,Version=v4.6.2, .NETFramework,Version=v4.7, .NETFramework,Version=v4.7.1, .NETFramework,Version=v4.7.2, .NETFramework,Version=v4.8, .NETFramework,Version=v4.8.1' instead of the project target framework 'net8.0'. This package may not be fully compatible with your project.
C:\Users\ultra\warewolf\Dev\Warewolf.AI.Harness\Warewolf.AI.Harness.csproj : warning NU1701: Package 'TaskSchedulerEditor 2.10.1' was restored using '.NETFramework,Version=v4.6.1, .NETFramework,Version=v4.6.2, .NETFramework,Version=v4.7, .NETFramework,Version=v4.7.1, .NETFramework,Version=v4.7.2, .NETFramework,Version=v4.8, .NETFramework,Version=v4.8.1' instead of the project target framework 'net8.0'. This package may not be fully compatible with your project.
C:\Users\ultra\warewolf\Dev\Dev2.Util\Dev2.Util.csproj : warning NU1903: Package 'Microsoft.Windows.Compatibility' 6.0.0 has a known high severity vulnerability, https://github.com/advisories/GHSA-555c-2p6r-68mm
C:\Users\ultra\warewolf\Dev\Dev2.Util\Dev2.Util.csproj : warning NU1701: Package 'AeroWizard 2.3.1' was restored using '.NETFramework,Version=v4.6.1, .NETFramework,Version=v4.6.2, .NETFramework,Version=v4.7, .NETFramework,Version=v4.7.1, .NETFramework,Version=v4.7.2, .NETFramework,Version=v4.8, .NETFramework,Version=v4.8.1' instead of the project target framework 'net8.0'. This package may not be fully compatible with your project.
C:\Users\ultra\warewolf\Dev\Dev2.Util\Dev2.Util.csproj : warning NU1701: Package 'GroupControls 1.9.0' was restored using '.NETFramework,Version=v4.6.1, .NETFramework,Version=v4.6.2, .NETFramework,Version=v4.7, .NETFramework,Version=v4.7.1, .NETFramework,Version=v4.7.2, .NETFramework,Version=v4.8, .NETFramework,Version=v4.8.1' instead of the project target framework 'net8.0'. This package may not be fully compatible with your project.
C:\Users\ultra\warewolf\Dev\Dev2.Util\Dev2.Util.csproj : warning NU1701: Package 'TaskSchedulerEditor 2.10.1' was restored using '.NETFramework,Version=v4.6.1, .NETFramework,Version=v4.6.2, .NETFramework,Version=v4.7, .NETFramework,Version=v4.7.1, .NETFramework,Version=v4.7.2, .NETFramework,Version=v4.8, .NETFramework,Version=v4.8.1' instead of the project target framework 'net8.0'. This package may not be fully compatible with your project.
C:\Users\ultra\warewolf\Dev\Warewolf.HangfireServer\Warewolf.HangfireServer.csproj : warning NU1903: Package 'Microsoft.Windows.Compatibility' 6.0.0 has a known high severity vulnerability, https://github.com/advisories/GHSA-555c-2p6r-68mm
C:\Users\ultra\warewolf\Dev\Warewolf.HangfireServer\Warewolf.HangfireServer.csproj : warning NU1701: Package 'AeroWizard 2.3.1' was restored using '.NETFramework,Version=v4.6.1, .NETFramework,Version=v4.6.2, .NETFramework,Version=v4.7, .NETFramework,Version=v4.7.1, .NETFramework,Version=v4.7.2, .NETFramework,Version=v4.8, .NETFramework,Version=v4.8.1' instead of the project target framework 'net8.0'. This package may not be fully compatible with your project.
C:\Users\ultra\warewolf\Dev\Warewolf.HangfireServer\Warewolf.HangfireServer.csproj : warning NU1701: Package 'GroupControls 1.9.0' was restored using '.NETFramework,Version=v4.6.1, .NETFramework,Version=v4.6.2, .NETFramework,Version=v4.7, .NETFramework,Version=v4.7.1, .NETFramework,Version=v4.7.2, .NETFramework,Version=v4.8, .NETFramework,Version=v4.8.1' instead of the project target framework 'net8.0'. This package may not be fully compatible with your project.
C:\Users\ultra\warewolf\Dev\Warewolf.HangfireServer\Warewolf.HangfireServer.csproj : warning NU1701: Package 'ReactiveUI.WPF 18.4.1' was restored using '.NETFramework,Version=v4.6.1, .NETFramework,Version=v4.6.2, .NETFramework,Version=v4.7, .NETFramework,Version=v4.7.1, .NETFramework,Version=v4.7.2, .NETFramework,Version=v4.8, .NETFramework,Version=v4.8.1' instead of the project target framework 'net8.0'. This package may not be fully compatible with your project.
C:\Users\ultra\warewolf\Dev\Warewolf.HangfireServer\Warewolf.HangfireServer.csproj : warning NU1701: Package 'TaskSchedulerEditor 2.10.1' was restored using '.NETFramework,Version=v4.6.1, .NETFramework,Version=v4.6.2, .NETFramework,Version=v4.7, .NETFramework,Version=v4.7.1, .NETFramework,Version=v4.7.2, .NETFramework,Version=v4.8, .NETFramework,Version=v4.8.1' instead of the project target framework 'net8.0'. This package may not be fully compatible with your project.
  GACManagerApi -> C:\Users\ultra\warewolf\Dev\GACManagerApi\bin\Debug\net8.0\GACManagerApi.dll
  Warewolf.Weave -> C:\Users\ultra\warewolf\Dev\Warewolf.Weave\bin\Debug\net8.0\Warewolf.Weave.dll
C:\Users\ultra\warewolf\Dev\Warewolf.Core\Warewolf.Core.csproj : warning NU1903: Package 'Microsoft.Windows.Compatibility' 6.0.0 has a known high severity vulnerability, https://github.com/advisories/GHSA-555c-2p6r-68mm
C:\Users\ultra\warewolf\Dev\Warewolf.Core\Warewolf.Core.csproj : warning NU1701: Package 'AeroWizard 2.3.1' was restored using '.NETFramework,Version=v4.6.1, .NETFramework,Version=v4.6.2, .NETFramework,Version=v4.7, .NETFramework,Version=v4.7.1, .NETFramework,Version=v4.7.2, .NETFramework,Version=v4.8, .NETFramework,Version=v4.8.1' instead of the project target framework 'net8.0'. This package may not be fully compatible with your project.
C:\Users\ultra\warewolf\Dev\Warewolf.Core\Warewolf.Core.csproj : warning NU1701: Package 'GroupControls 1.9.0' was restored using '.NETFramework,Version=v4.6.1, .NETFramework,Version=v4.6.2, .NETFramework,Version=v4.7, .NETFramework,Version=v4.7.1, .NETFramework,Version=v4.7.2, .NETFramework,Version=v4.8, .NETFramework,Version=v4.8.1' instead of the project target framework 'net8.0'. This package may not be fully compatible with your project.
C:\Users\ultra\warewolf\Dev\Warewolf.Core\Warewolf.Core.csproj : warning NU1701: Package 'ReactiveUI.WPF 18.4.1' was restored using '.NETFramework,Version=v4.6.1, .NETFramework,Version=v4.6.2, .NETFramework,Version=v4.7, .NETFramework,Version=v4.7.1, .NETFramework,Version=v4.7.2, .NETFramework,Version=v4.8, .NETFramework,Version=v4.8.1' instead of the project target framework 'net8.0'. This package may not be fully compatible with your project.
C:\Users\ultra\warewolf\Dev\Warewolf.Core\Warewolf.Core.csproj : warning NU1701: Package 'TaskSchedulerEditor 2.10.1' was restored using '.NETFramework,Version=v4.6.1, .NETFramework,Version=v4.6.2, .NETFramework,Version=v4.7, .NETFramework,Version=v4.7.1, .NETFramework,Version=v4.7.2, .NETFramework,Version=v4.8, .NETFramework,Version=v4.8.1' instead of the project target framework 'net8.0'. This package may not be fully compatible with your project.
  Log4Net.Async -> C:\Users\ultra\warewolf\Dev\Log4Net.Async\bin\Debug\net8.0\Log4Net.Async.dll
C:\Users\ultra\warewolf\Dev\Warewolf.Driver.Persistence\Warewolf.Driver.Persistence.csproj : warning NU1701: Package 'AeroWizard 2.3.1' was restored using '.NETFramework,Version=v4.6.1, .NETFramework,Version=v4.6.2, .NETFramework,Version=v4.7, .NETFramework,Version=v4.7.1, .NETFramework,Version=v4.7.2, .NETFramework,Version=v4.8, .NETFramework,Version=v4.8.1' instead of the project target framework 'net8.0'. This package may not be fully compatible with your project.
C:\Users\ultra\warewolf\Dev\Warewolf.Driver.Persistence\Warewolf.Driver.Persistence.csproj : warning NU1701: Package 'GroupControls 1.9.0' was restored using '.NETFramework,Version=v4.6.1, .NETFramework,Version=v4.6.2, .NETFramework,Version=v4.7, .NETFramework,Version=v4.7.1, .NETFramework,Version=v4.7.2, .NETFramework,Version=v4.8, .NETFramework,Version=v4.8.1' instead of the project target framework 'net8.0'. This package may not be fully compatible with your project.
C:\Users\ultra\warewolf\Dev\Warewolf.Driver.Persistence\Warewolf.Driver.Persistence.csproj : warning NU1701: Package 'ReactiveUI.WPF 18.4.1' was restored using '.NETFramework,Version=v4.6.1, .NETFramework,Version=v4.6.2, .NETFramework,Version=v4.7, .NETFramework,Version=v4.7.1, .NETFramework,Version=v4.7.2, .NETFramework,Version=v4.8, .NETFramework,Version=v4.8.1' instead of the project target framework 'net8.0'. This package may not be fully compatible with your project.
C:\Users\ultra\warewolf\Dev\Warewolf.Driver.Persistence\Warewolf.Driver.Persistence.csproj : warning NU1701: Package 'TaskSchedulerEditor 2.10.1' was restored using '.NETFramework,Version=v4.6.1, .NETFramework,Version=v4.6.2, .NETFramework,Version=v4.7, .NETFramework,Version=v4.7.1, .NETFramework,Version=v4.7.2, .NETFramework,Version=v4.8, .NETFramework,Version=v4.8.1' instead of the project target framework 'net8.0'. This package may not be fully compatible with your project.
C:\Users\ultra\warewolf\Dev\Warewolf.ResourceManagement\Warewolf.ResourceManagement.csproj : warning NU1701: Package 'AeroWizard 2.3.1' was restored using '.NETFramework,Version=v4.6.1, .NETFramework,Version=v4.6.2, .NETFramework,Version=v4.7, .NETFramework,Version=v4.7.1, .NETFramework,Version=v4.7.2, .NETFramework,Version=v4.8, .NETFramework,Version=v4.8.1' instead of the project target framework 'net8.0'. This package may not be fully compatible with your project.
C:\Users\ultra\warewolf\Dev\Warewolf.ResourceManagement\Warewolf.ResourceManagement.csproj : warning NU1701: Package 'GroupControls 1.9.0' was restored using '.NETFramework,Version=v4.6.1, .NETFramework,Version=v4.6.2, .NETFramework,Version=v4.7, .NETFramework,Version=v4.7.1, .NETFramework,Version=v4.7.2, .NETFramework,Version=v4.8, .NETFramework,Version=v4.8.1' instead of the project target framework 'net8.0'. This package may not be fully compatible with your project.
C:\Users\ultra\warewolf\Dev\Warewolf.ResourceManagement\Warewolf.ResourceManagement.csproj : warning NU1701: Package 'ReactiveUI.WPF 18.4.1' was restored using '.NETFramework,Version=v4.6.1, .NETFramework,Version=v4.6.2, .NETFramework,Version=v4.7, .NETFramework,Version=v4.7.1, .NETFramework,Version=v4.7.2, .NETFramework,Version=v4.8, .NETFramework,Version=v4.8.1' instead of the project target framework 'net8.0'. This package may not be fully compatible with your project.
C:\Users\ultra\warewolf\Dev\Warewolf.ResourceManagement\Warewolf.ResourceManagement.csproj : warning NU1701: Package 'TaskSchedulerEditor 2.10.1' was restored using '.NETFramework,Version=v4.6.1, .NETFramework,Version=v4.6.2, .NETFramework,Version=v4.7, .NETFramework,Version=v4.7.1, .NETFramework,Version=v4.7.2, .NETFramework,Version=v4.8, .NETFramework,Version=v4.8.1' instead of the project target framework 'net8.0'. This package may not be fully compatible with your project.
C:\Users\ultra\warewolf\Dev\Dev2.Scheduler\Dev2.Scheduler.csproj : warning NU1701: Package 'AeroWizard 2.3.1' was restored using '.NETFramework,Version=v4.6.1, .NETFramework,Version=v4.6.2, .NETFramework,Version=v4.7, .NETFramework,Version=v4.7.1, .NETFramework,Version=v4.7.2, .NETFramework,Version=v4.8, .NETFramework,Version=v4.8.1' instead of the project target framework 'net8.0'. This package may not be fully compatible with your project.
C:\Users\ultra\warewolf\Dev\Dev2.Scheduler\Dev2.Scheduler.csproj : warning NU1701: Package 'GroupControls 1.9.0' was restored using '.NETFramework,Version=v4.6.1, .NETFramework,Version=v4.6.2, .NETFramework,Version=v4.7, .NETFramework,Version=v4.7.1, .NETFramework,Version=v4.7.2, .NETFramework,Version=v4.8, .NETFramework,Version=v4.8.1' instead of the project target framework 'net8.0'. This package may not be fully compatible with your project.
C:\Users\ultra\warewolf\Dev\Dev2.Scheduler\Dev2.Scheduler.csproj : warning NU1701: Package 'ReactiveUI.WPF 18.4.1' was restored using '.NETFramework,Version=v4.6.1, .NETFramework,Version=v4.6.2, .NETFramework,Version=v4.7, .NETFramework,Version=v4.7.1, .NETFramework,Version=v4.7.2, .NETFramework,Version=v4.8, .NETFramework,Version=v4.8.1' instead of the project target framework 'net8.0'. This package may not be fully compatible with your project.
C:\Users\ultra\warewolf\Dev\Dev2.Scheduler\Dev2.Scheduler.csproj : warning NU1701: Package 'TaskSchedulerEditor 2.10.1' was restored using '.NETFramework,Version=v4.6.1, .NETFramework,Version=v4.6.2, .NETFramework,Version=v4.7, .NETFramework,Version=v4.7.1, .NETFramework,Version=v4.7.2, .NETFramework,Version=v4.8, .NETFramework,Version=v4.8.1' instead of the project target framework 'net8.0'. This package may not be fully compatible with your project.
C:\Users\ultra\warewolf\Dev\Warewolf.Sharepoint\Warewolf.Sharepoint.csproj : warning NU1701: Package 'AeroWizard 2.3.1' was restored using '.NETFramework,Version=v4.6.1, .NETFramework,Version=v4.6.2, .NETFramework,Version=v4.7, .NETFramework,Version=v4.7.1, .NETFramework,Version=v4.7.2, .NETFramework,Version=v4.8, .NETFramework,Version=v4.8.1' instead of the project target framework 'net8.0'. This package may not be fully compatible with your project.
C:\Users\ultra\warewolf\Dev\Warewolf.Sharepoint\Warewolf.Sharepoint.csproj : warning NU1701: Package 'GroupControls 1.9.0' was restored using '.NETFramework,Version=v4.6.1, .NETFramework,Version=v4.6.2, .NETFramework,Version=v4.7, .NETFramework,Version=v4.7.1, .NETFramework,Version=v4.7.2, .NETFramework,Version=v4.8, .NETFramework,Version=v4.8.1' instead of the project target framework 'net8.0'. This package may not be fully compatible with your project.
C:\Users\ultra\warewolf\Dev\Warewolf.Sharepoint\Warewolf.Sharepoint.csproj : warning NU1701: Package 'ReactiveUI.WPF 18.4.1' was restored using '.NETFramework,Version=v4.6.1, .NETFramework,Version=v4.6.2, .NETFramework,Version=v4.7, .NETFramework,Version=v4.7.1, .NETFramework,Version=v4.7.2, .NETFramework,Version=v4.8, .NETFramework,Version=v4.8.1' instead of the project target framework 'net8.0'. This package may not be fully compatible with your project.
C:\Users\ultra\warewolf\Dev\Warewolf.Sharepoint\Warewolf.Sharepoint.csproj : warning NU1701: Package 'TaskSchedulerEditor 2.10.1' was restored using '.NETFramework,Version=v4.6.1, .NETFramework,Version=v4.6.2, .NETFramework,Version=v4.7, .NETFramework,Version=v4.7.1, .NETFramework,Version=v4.7.2, .NETFramework,Version=v4.8, .NETFramework,Version=v4.8.1' instead of the project target framework 'net8.0'. This package may not be fully compatible with your project.
C:\Users\ultra\warewolf\Dev\Warewolf.Licensing\Warewolf.Licensing.csproj : warning NU1701: Package 'AeroWizard 2.3.1' was restored using '.NETFramework,Version=v4.6.1, .NETFramework,Version=v4.6.2, .NETFramework,Version=v4.7, .NETFramework,Version=v4.7.1, .NETFramework,Version=v4.7.2, .NETFramework,Version=v4.8, .NETFramework,Version=v4.8.1' instead of the project target framework 'net8.0'. This package may not be fully compatible with your project.
C:\Users\ultra\warewolf\Dev\Warewolf.Licensing\Warewolf.Licensing.csproj : warning NU1701: Package 'GroupControls 1.9.0' was restored using '.NETFramework,Version=v4.6.1, .NETFramework,Version=v4.6.2, .NETFramework,Version=v4.7, .NETFramework,Version=v4.7.1, .NETFramework,Version=v4.7.2, .NETFramework,Version=v4.8, .NETFramework,Version=v4.8.1' instead of the project target framework 'net8.0'. This package may not be fully compatible with your project.
C:\Users\ultra\warewolf\Dev\Warewolf.Licensing\Warewolf.Licensing.csproj : warning NU1701: Package 'TaskSchedulerEditor 2.10.1' was restored using '.NETFramework,Version=v4.6.1, .NETFramework,Version=v4.6.2, .NETFramework,Version=v4.7, .NETFramework,Version=v4.7.1, .NETFramework,Version=v4.7.2, .NETFramework,Version=v4.8, .NETFramework,Version=v4.8.1' instead of the project target framework 'net8.0'. This package may not be fully compatible with your project.
C:\Users\ultra\warewolf\Dev\Dev2.Common.Interfaces\Dev2.Common.Interfaces.csproj : warning NU1903: Package 'Microsoft.Windows.Compatibility' 6.0.0 has a known high severity vulnerability, https://github.com/advisories/GHSA-555c-2p6r-68mm
C:\Users\ultra\warewolf\Dev\Dev2.Common.Interfaces\Dev2.Common.Interfaces.csproj : warning NU1701: Package 'AeroWizard 2.3.1' was restored using '.NETFramework,Version=v4.6.1, .NETFramework,Version=v4.6.2, .NETFramework,Version=v4.7, .NETFramework,Version=v4.7.1, .NETFramework,Version=v4.7.2, .NETFramework,Version=v4.8, .NETFramework,Version=v4.8.1' instead of the project target framework 'net8.0'. This package may not be fully compatible with your project.
C:\Users\ultra\warewolf\Dev\Dev2.Common.Interfaces\Dev2.Common.Interfaces.csproj : warning NU1701: Package 'GroupControls 1.9.0' was restored using '.NETFramework,Version=v4.6.1, .NETFramework,Version=v4.6.2, .NETFramework,Version=v4.7, .NETFramework,Version=v4.7.1, .NETFramework,Version=v4.7.2, .NETFramework,Version=v4.8, .NETFramework,Version=v4.8.1' instead of the project target framework 'net8.0'. This package may not be fully compatible with your project.
C:\Users\ultra\warewolf\Dev\Dev2.Common.Interfaces\Dev2.Common.Interfaces.csproj : warning NU1701: Package 'TaskSchedulerEditor 2.10.1' was restored using '.NETFramework,Version=v4.6.1, .NETFramework,Version=v4.6.2, .NETFramework,Version=v4.7, .NETFramework,Version=v4.7.1, .NETFramework,Version=v4.7.2, .NETFramework,Version=v4.8, .NETFramework,Version=v4.8.1' instead of the project target framework 'net8.0'. This package may not be fully compatible with your project.
C:\Users\ultra\warewolf\Dev\Warewolf.Data\Warewolf.Data.csproj : warning NU1701: Package 'AeroWizard 2.3.1' was restored using '.NETFramework,Version=v4.6.1, .NETFramework,Version=v4.6.2, .NETFramework,Version=v4.7, .NETFramework,Version=v4.7.1, .NETFramework,Version=v4.7.2, .NETFramework,Version=v4.8, .NETFramework,Version=v4.8.1' instead of the project target framework 'net8.0'. This package may not be fully compatible with your project.
C:\Users\ultra\warewolf\Dev\Warewolf.Data\Warewolf.Data.csproj : warning NU1701: Package 'GroupControls 1.9.0' was restored using '.NETFramework,Version=v4.6.1, .NETFramework,Version=v4.6.2, .NETFramework,Version=v4.7, .NETFramework,Version=v4.7.1, .NETFramework,Version=v4.7.2, .NETFramework,Version=v4.8, .NETFramework,Version=v4.8.1' instead of the project target framework 'net8.0'. This package may not be fully compatible with your project.
C:\Users\ultra\warewolf\Dev\Warewolf.Data\Warewolf.Data.csproj : warning NU1701: Package 'TaskSchedulerEditor 2.10.1' was restored using '.NETFramework,Version=v4.6.1, .NETFramework,Version=v4.6.2, .NETFramework,Version=v4.7, .NETFramework,Version=v4.7.1, .NETFramework,Version=v4.7.2, .NETFramework,Version=v4.8, .NETFramework,Version=v4.8.1' instead of the project target framework 'net8.0'. This package may not be fully compatible with your project.
C:\Users\ultra\warewolf\Dev\Warewolf.Interfaces\Data\ChatbotSettingsData.cs(20,23): warning CS0169: The field 'ChatbotSettingsData._encryptDataSource' is never used [C:\Users\ultra\warewolf\Dev\Warewolf.Interfaces\Warewolf.Interfaces.csproj]
C:\Users\ultra\warewolf\Dev\Warewolf.Interfaces\Auditing\SerializableException.cs(15,7): warning CS0414: The field 'SerializableException.HResult' is assigned but its value is never used [C:\Users\ultra\warewolf\Dev\Warewolf.Interfaces\Warewolf.Interfaces.csproj]
  Warewolf.ServiceDefinitions -> C:\Users\ultra\warewolf\Dev\Warewolf.ServiceDefinitions\bin\Debug\net8.0\Warewolf.ServiceDefinitions.dll
C:\Users\ultra\warewolf\Dev\Warewolf.Security\Encryption\AESThenHMAC.cs(168,34): warning SYSLIB0021: 'AesManaged' is obsolete: 'Derived cryptographic types are obsolete. Use the Create method on the base type instead.' (https://aka.ms/dotnet-warnings/SYSLIB0021) [C:\Users\ultra\warewolf\Dev\Warewolf.Security\Warewolf.Security.csproj]
C:\Users\ultra\warewolf\Dev\Warewolf.Security\Encryption\AESThenHMAC.cs(264,38): warning SYSLIB0021: 'AesManaged' is obsolete: 'Derived cryptographic types are obsolete. Use the Create method on the base type instead.' (https://aka.ms/dotnet-warnings/SYSLIB0021) [C:\Users\ultra\warewolf\Dev\Warewolf.Security\Warewolf.Security.csproj]
C:\Users\ultra\warewolf\Dev\Warewolf.Security\Encryption\AESThenHMAC.cs(331,36): warning SYSLIB0041: 'Rfc2898DeriveBytes.Rfc2898DeriveBytes(string, int, int)' is obsolete: 'The default hash algorithm and iteration counts in Rfc2898DeriveBytes constructors are outdated and insecure. Use a constructor that accepts the hash algorithm and the number of iterations.' (https://aka.ms/dotnet-warnings/SYSLIB0041) [C:\Users\ultra\warewolf\Dev\Warewolf.Security\Warewolf.Security.csproj]
C:\Users\ultra\warewolf\Dev\Warewolf.Security\Encryption\AESThenHMAC.cs(345,36): warning SYSLIB0041: 'Rfc2898DeriveBytes.Rfc2898DeriveBytes(string, int, int)' is obsolete: 'The default hash algorithm and iteration counts in Rfc2898DeriveBytes constructors are outdated and insecure. Use a constructor that accepts the hash algorithm and the number of iterations.' (https://aka.ms/dotnet-warnings/SYSLIB0041) [C:\Users\ultra\warewolf\Dev\Warewolf.Security\Warewolf.Security.csproj]
C:\Users\ultra\warewolf\Dev\Warewolf.Security\Encryption\AESThenHMAC.cs(393,36): warning SYSLIB0041: 'Rfc2898DeriveBytes.Rfc2898DeriveBytes(string, byte[], int)' is obsolete: 'The default hash algorithm and iteration counts in Rfc2898DeriveBytes constructors are outdated and insecure. Use a constructor that accepts the hash algorithm and the number of iterations.' (https://aka.ms/dotnet-warnings/SYSLIB0041) [C:\Users\ultra\warewolf\Dev\Warewolf.Security\Warewolf.Security.csproj]
C:\Users\ultra\warewolf\Dev\Warewolf.Security\Encryption\AESThenHMAC.cs(398,36): warning SYSLIB0041: 'Rfc2898DeriveBytes.Rfc2898DeriveBytes(string, byte[], int)' is obsolete: 'The default hash algorithm and iteration counts in Rfc2898DeriveBytes constructors are outdated and insecure. Use a constructor that accepts the hash algorithm and the number of iterations.' (https://aka.ms/dotnet-warnings/SYSLIB0041) [C:\Users\ultra\warewolf\Dev\Warewolf.Security\Warewolf.Security.csproj]
  Warewolf.Interfaces -> C:\Users\ultra\warewolf\Dev\Warewolf.Interfaces\bin\Debug\net8.0\Warewolf.Interfaces.dll
  Warewolf.Security -> C:\Users\ultra\warewolf\Dev\Warewolf.Security\bin\Debug\net8.0\Warewolf.Security.dll
C:\Users\ultra\warewolf\Dev\Dev2.Services.Sql\Dev2.Services.Sql.csproj : warning NU1903: Package 'Oracle.ManagedDataAccess.Core' 3.21.70 has a known high severity vulnerability, https://github.com/advisories/GHSA-5pm2-9mr2-3frq
C:\Users\ultra\warewolf\Dev\Dev2.Services.Sql\Dev2.Services.Sql.csproj : warning NU1701: Package 'AeroWizard 2.3.1' was restored using '.NETFramework,Version=v4.6.1, .NETFramework,Version=v4.6.2, .NETFramework,Version=v4.7, .NETFramework,Version=v4.7.1, .NETFramework,Version=v4.7.2, .NETFramework,Version=v4.8, .NETFramework,Version=v4.8.1' instead of the project target framework 'net8.0'. This package may not be fully compatible with your project.
C:\Users\ultra\warewolf\Dev\Dev2.Services.Sql\Dev2.Services.Sql.csproj : warning NU1701: Package 'GroupControls 1.9.0' was restored using '.NETFramework,Version=v4.6.1, .NETFramework,Version=v4.6.2, .NETFramework,Version=v4.7, .NETFramework,Version=v4.7.1, .NETFramework,Version=v4.7.2, .NETFramework,Version=v4.8, .NETFramework,Version=v4.8.1' instead of the project target framework 'net8.0'. This package may not be fully compatible with your project.
C:\Users\ultra\warewolf\Dev\Dev2.Services.Sql\Dev2.Services.Sql.csproj : warning NU1701: Package 'ReactiveUI.WPF 18.4.1' was restored using '.NETFramework,Version=v4.6.1, .NETFramework,Version=v4.6.2, .NETFramework,Version=v4.7, .NETFramework,Version=v4.7.1, .NETFramework,Version=v4.7.2, .NETFramework,Version=v4.8, .NETFramework,Version=v4.8.1' instead of the project target framework 'net8.0'. This package may not be fully compatible with your project.
C:\Users\ultra\warewolf\Dev\Dev2.Services.Sql\Dev2.Services.Sql.csproj : warning NU1701: Package 'TaskSchedulerEditor 2.10.1' was restored using '.NETFramework,Version=v4.6.1, .NETFramework,Version=v4.6.2, .NETFramework,Version=v4.7, .NETFramework,Version=v4.7.1, .NETFramework,Version=v4.7.2, .NETFramework,Version=v4.8, .NETFramework,Version=v4.8.1' instead of the project target framework 'net8.0'. This package may not be fully compatible with your project.
  Warewolf.Resource -> C:\Users\ultra\warewolf\Dev\Warewolf.Resource\bin\Debug\net8.0\Warewolf.Resource.dll
C:\Users\ultra\warewolf\Dev\Warewolf.Auditing\Warewolf.Auditing.csproj : warning NU1701: Package 'AeroWizard 2.3.1' was restored using '.NETFramework,Version=v4.6.1, .NETFramework,Version=v4.6.2, .NETFramework,Version=v4.7, .NETFramework,Version=v4.7.1, .NETFramework,Version=v4.7.2, .NETFramework,Version=v4.8, .NETFramework,Version=v4.8.1' instead of the project target framework 'net8.0'. This package may not be fully compatible with your project.
C:\Users\ultra\warewolf\Dev\Warewolf.Auditing\Warewolf.Auditing.csproj : warning NU1701: Package 'GroupControls 1.9.0' was restored using '.NETFramework,Version=v4.6.1, .NETFramework,Version=v4.6.2, .NETFramework,Version=v4.7, .NETFramework,Version=v4.7.1, .NETFramework,Version=v4.7.2, .NETFramework,Version=v4.8, .NETFramework,Version=v4.8.1' instead of the project target framework 'net8.0'. This package may not be fully compatible with your project.
C:\Users\ultra\warewolf\Dev\Warewolf.Auditing\Warewolf.Auditing.csproj : warning NU1701: Package 'ReactiveUI.WPF 18.4.1' was restored using '.NETFramework,Version=v4.6.1, .NETFramework,Version=v4.6.2, .NETFramework,Version=v4.7, .NETFramework,Version=v4.7.1, .NETFramework,Version=v4.7.2, .NETFramework,Version=v4.8, .NETFramework,Version=v4.8.1' instead of the project target framework 'net8.0'. This package may not be fully compatible with your project.
C:\Users\ultra\warewolf\Dev\Warewolf.Auditing\Warewolf.Auditing.csproj : warning NU1701: Package 'TaskSchedulerEditor 2.10.1' was restored using '.NETFramework,Version=v4.6.1, .NETFramework,Version=v4.6.2, .NETFramework,Version=v4.7, .NETFramework,Version=v4.7.1, .NETFramework,Version=v4.7.2, .NETFramework,Version=v4.8, .NETFramework,Version=v4.8.1' instead of the project target framework 'net8.0'. This package may not be fully compatible with your project.
  Warewolf.Common.Interfaces.NetStandard20 -> C:\Users\ultra\warewolf\Dev\Warewolf.Common.Interfaces.NetStandard20\bin\Debug\net8.0\Warewolf.Common.Interfaces.NetStandard20.dll
C:\Users\ultra\warewolf\Dev\Warewolf.Storage.Interfaces\Warewolf.Storage.Interfaces.csproj : warning NU1701: Package 'AeroWizard 2.3.1' was restored using '.NETFramework,Version=v4.6.1, .NETFramework,Version=v4.6.2, .NETFramework,Version=v4.7, .NETFramework,Version=v4.7.1, .NETFramework,Version=v4.7.2, .NETFramework,Version=v4.8, .NETFramework,Version=v4.8.1' instead of the project target framework 'net8.0'. This package may not be fully compatible with your project.
C:\Users\ultra\warewolf\Dev\Warewolf.Storage.Interfaces\Warewolf.Storage.Interfaces.csproj : warning NU1701: Package 'GroupControls 1.9.0' was restored using '.NETFramework,Version=v4.6.1, .NETFramework,Version=v4.6.2, .NETFramework,Version=v4.7, .NETFramework,Version=v4.7.1, .NETFramework,Version=v4.7.2, .NETFramework,Version=v4.8, .NETFramework,Version=v4.8.1' instead of the project target framework 'net8.0'. This package may not be fully compatible with your project.
C:\Users\ultra\warewolf\Dev\Warewolf.Storage.Interfaces\Warewolf.Storage.Interfaces.csproj : warning NU1701: Package 'TaskSchedulerEditor 2.10.1' was restored using '.NETFramework,Version=v4.6.1, .NETFramework,Version=v4.6.2, .NETFramework,Version=v4.7, .NETFramework,Version=v4.7.1, .NETFramework,Version=v4.7.2, .NETFramework,Version=v4.8, .NETFramework,Version=v4.8.1' instead of the project target framework 'net8.0'. This package may not be fully compatible with your project.
C:\Users\ultra\warewolf\Dev\Warewolf.Language.Parser\Warewolf.Language.Parser.fsproj : warning NU1504: Duplicate 'PackageReference' items found. Remove the duplicate items or use the Update functionality to ensure a consistent restore behavior. The duplicate 'PackageReference' items are: FSharp.Core 10.1.201, FSharp.Core 4.6.2.
  Dev2.SignalR.Wrappers.Interfaces -> C:\Users\ultra\warewolf\Dev\Dev2.SignalR.Wrappers\bin\Debug\net8.0\Dev2.SignalR.Wrappers.dll
  Consider app.config remapping of assembly "System.Runtime.CompilerServices.Unsafe, Culture=neutral, PublicKeyToken=b03f5f7f11d50a3a" from Version "6.0.0.0" [] to Version "8.0.0.0" [C:\Program Files\dotnet\packs\Microsoft.NETCore.App.Ref\8.0.25\ref\net8.0\System.Runtime.CompilerServices.Unsafe.dll] to solve conflict and get rid of warning.
  Warewolf.Driver.RabbitMQ -> C:\Users\ultra\warewolf\Dev\Warewolf.Driver.RabbitMQ\bin\Debug\net8.0\Warewolf.Driver.RabbitMQ.dll
  Warewolf.Driver.Redis -> C:\Users\ultra\warewolf\Dev\Warewolf.Driver.Redis\bin\Debug\net8.0\Warewolf.Driver.Redis.dll
  Warewolf.Studio.Resources -> C:\Users\ultra\warewolf\Dev\Warewolf.Studio.Resources\bin\Debug\net8.0\Warewolf.Studio.Resources.dll
C:\Users\ultra\warewolf\Dev\Warewolf.Common.NetStandard20\Warewolf.Common.NetStandard20.csproj : warning NU1701: Package 'AeroWizard 2.3.1' was restored using '.NETFramework,Version=v4.6.1, .NETFramework,Version=v4.6.2, .NETFramework,Version=v4.7, .NETFramework,Version=v4.7.1, .NETFramework,Version=v4.7.2, .NETFramework,Version=v4.8, .NETFramework,Version=v4.8.1' instead of the project target framework 'net8.0'. This package may not be fully compatible with your project.
C:\Users\ultra\warewolf\Dev\Warewolf.Common.NetStandard20\Warewolf.Common.NetStandard20.csproj : warning NU1701: Package 'GroupControls 1.9.0' was restored using '.NETFramework,Version=v4.6.1, .NETFramework,Version=v4.6.2, .NETFramework,Version=v4.7, .NETFramework,Version=v4.7.1, .NETFramework,Version=v4.7.2, .NETFramework,Version=v4.8, .NETFramework,Version=v4.8.1' instead of the project target framework 'net8.0'. This package may not be fully compatible with your project.
C:\Users\ultra\warewolf\Dev\Warewolf.Common.NetStandard20\Warewolf.Common.NetStandard20.csproj : warning NU1701: Package 'ReactiveUI.WPF 18.4.1' was restored using '.NETFramework,Version=v4.6.1, .NETFramework,Version=v4.6.2, .NETFramework,Version=v4.7, .NETFramework,Version=v4.7.1, .NETFramework,Version=v4.7.2, .NETFramework,Version=v4.8, .NETFramework,Version=v4.8.1' instead of the project target framework 'net8.0'. This package may not be fully compatible with your project.
C:\Users\ultra\warewolf\Dev\Warewolf.Common.NetStandard20\Warewolf.Common.NetStandard20.csproj : warning NU1701: Package 'TaskSchedulerEditor 2.10.1' was restored using '.NETFramework,Version=v4.6.1, .NETFramework,Version=v4.6.2, .NETFramework,Version=v4.7, .NETFramework,Version=v4.7.1, .NETFramework,Version=v4.7.2, .NETFramework,Version=v4.8, .NETFramework,Version=v4.8.1' instead of the project target framework 'net8.0'. This package may not be fully compatible with your project.
  Warewolf.Parser.Interop -> C:\Users\ultra\warewolf\Dev\Warewolf.Parser.Interop\bin\Debug\net8.0\WarewolfParserInterop.dll
C:\Users\ultra\warewolf\Dev\Dev2.Common.Interfaces\Attribute\ReasonAttribute.cs(13,18): warning CC0023: Mark 'ReasonAttribute' as sealed. (https://code-cracker.github.io/diagnostics/CC0023.html) [C:\Users\ultra\warewolf\Dev\Dev2.Common.Interfaces\Dev2.Common.Interfaces.csproj]
C:\Users\ultra\warewolf\Dev\Dev2.Common.Interfaces\Wrappers\IDirectoryEntry.cs(190,35): warning CC0057: Parameter 'path' is not used. (https://code-cracker.github.io/diagnostics/CC0057.html) [C:\Users\ultra\warewolf\Dev\Dev2.Common.Interfaces\Dev2.Common.Interfaces.csproj]
C:\Users\ultra\warewolf\Dev\Dev2.Common.Interfaces\DllListing.cs(97,17): warning CC0105: Use 'var' instead of specifying the type name. (https://code-cracker.github.io/diagnostics/CC0105.html) [C:\Users\ultra\warewolf\Dev\Dev2.Common.Interfaces\Dev2.Common.Interfaces.csproj]
C:\Users\ultra\warewolf\Dev\Dev2.Common.Interfaces\DllListing.cs(98,17): warning CC0105: Use 'var' instead of specifying the type name. (https://code-cracker.github.io/diagnostics/CC0105.html) [C:\Users\ultra\warewolf\Dev\Dev2.Common.Interfaces\Dev2.Common.Interfaces.csproj]
C:\Users\ultra\warewolf\Dev\Dev2.Common.Interfaces\Runtime\Services\IStreamContentFactory.cs(48,21): warning CC0029: 'StreamContentWrapper' should call GC.SuppressFinalize inside the Dispose method. (https://code-cracker.github.io/diagnostics/CC0029.html) [C:\Users\ultra\warewolf\Dev\Dev2.Common.Interfaces\Dev2.Common.Interfaces.csproj]
  Dev2.Common.Interfaces -> C:\Users\ultra\warewolf\Dev\Dev2.Common.Interfaces\bin\Debug\net8.0\Dev2.Common.Interfaces.dll
C:\Users\ultra\warewolf\Dev\Warewolf.Language.Parser\EvaluationFunctions.fs(277,15): warning FS3548: Pattern discard is not allowed for union case that takes no data. [C:\Users\ultra\warewolf\Dev\Warewolf.Language.Parser\Warewolf.Language.Parser.fsproj]
C:\Users\ultra\warewolf\Dev\Warewolf.Language.Parser\EvaluationFunctions.fs(305,15): warning FS3548: Pattern discard is not allowed for union case that takes no data. [C:\Users\ultra\warewolf\Dev\Warewolf.Language.Parser\Warewolf.Language.Parser.fsproj]
C:\Users\ultra\warewolf\Dev\Warewolf.Language.Parser\EvaluationFunctions.fs(748,21): warning FS3873: This construct is deprecated. Sequence expressions should be of the form 'seq { ... }' [C:\Users\ultra\warewolf\Dev\Warewolf.Language.Parser\Warewolf.Language.Parser.fsproj]
C:\Users\ultra\warewolf\Dev\Warewolf.Language.Parser\EvaluationFunctions.fs(751,28): warning FS3873: This construct is deprecated. Sequence expressions should be of the form 'seq { ... }' [C:\Users\ultra\warewolf\Dev\Warewolf.Language.Parser\Warewolf.Language.Parser.fsproj]
C:\Users\ultra\warewolf\Dev\Warewolf.Language.Parser\WarewolfDataEvaluationCommon.fs(593,21): warning FS3873: This construct is deprecated. Sequence expressions should be of the form 'seq { ... }' [C:\Users\ultra\warewolf\Dev\Warewolf.Language.Parser\Warewolf.Language.Parser.fsproj]
C:\Users\ultra\warewolf\Dev\Warewolf.Language.Parser\WarewolfDataEvaluationCommon.fs(596,28): warning FS3873: This construct is deprecated. Sequence expressions should be of the form 'seq { ... }' [C:\Users\ultra\warewolf\Dev\Warewolf.Language.Parser\Warewolf.Language.Parser.fsproj]
  Warewolf.Language.Parser -> C:\Users\ultra\warewolf\Dev\Warewolf.Language.Parser\bin\Debug\net8.0\Warewolf.Language.Parser.dll
C:\Users\ultra\warewolf\Dev\Warewolf.Data\NamedInt.cs(160,21): warning CA2200: Re-throwing caught exception changes stack information (https://learn.microsoft.com/dotnet/fundamentals/code-analysis/quality-rules/ca2200) [C:\Users\ultra\warewolf\Dev\Warewolf.Data\Warewolf.Data.csproj]
  Warewolf.Data -> C:\Users\ultra\warewolf\Dev\Warewolf.Data\bin\Debug\net8.0\Warewolf.Data.dll
  Warewolf.Storage.Interfaces -> C:\Users\ultra\warewolf\Dev\Warewolf.Storage.Interfaces\bin\Debug\net8.0\Warewolf.Storage.Interfaces.dll
  Warewolf.Common -> C:\Users\ultra\warewolf\Dev\Warewolf.Common\bin\Debug\net8.0\Warewolf.Common.dll
  Dev2.Data.Interfaces -> C:\Users\ultra\warewolf\Dev\Dev2.Data.Interfaces\bin\Debug\net8.0\Dev2.Data.Interfaces.dll
C:\Users\ultra\warewolf\Dev\Dev2.Common\ExtMethods\StringExtension.cs(302,13): warning CC0004: Empty Catch Block. (https://code-cracker.github.io/diagnostics/CC0004.html) [C:\Users\ultra\warewolf\Dev\Dev2.Common\Dev2.Common.csproj]
  Dev2.Common -> C:\Users\ultra\warewolf\Dev\Dev2.Common\bin\Debug\net8.0\Dev2.Common.dll
  Dev2.Util -> C:\Users\ultra\warewolf\Dev\Dev2.Util\bin\Debug\net8.0\Dev2.Util.dll
C:\Users\ultra\warewolf\Dev\Dev2.TaskScheduler.Wrappers\Dev2TaskEvent.cs(47,33): warning CA1416: This call site is reachable on all platforms. 'SecurityIdentifier.Value' is only supported on: 'windows'. (https://learn.microsoft.com/dotnet/fundamentals/code-analysis/quality-rules/ca1416) [C:\Users\ultra\warewolf\Dev\Dev2.TaskScheduler.Wrappers\Dev2.TaskScheduler.Wrappers.csproj]
  Dev2.TaskScheduler.Wrappers -> C:\Users\ultra\warewolf\Dev\Dev2.TaskScheduler.Wrappers\bin\Debug\net8.0\Dev2.TaskScheduler.Wrappers.dll
  Warewolf.Licensing -> C:\Users\ultra\warewolf\Dev\Warewolf.Licensing\bin\Debug\net8.0\Warewolf.Licensing.dll
  Dev2.CustomControls -> C:\Users\ultra\warewolf\Dev\Dev2.CustomControls\bin\Debug\net8.0\Dev2.CustomControls.dll
  Consider app.config remapping of assembly "Newtonsoft.Json, Culture=neutral, PublicKeyToken=30ad4fe6b2a6aeed" from Version "12.0.0.0" [] to Version "13.0.0.0" [C:\Users\ultra\.nuget\packages\newtonsoft.json\13.0.2\lib\net6.0\Newtonsoft.Json.dll] to solve conflict and get rid of warning.
  Dev2.Runtime.Configuration -> C:\Users\ultra\warewolf\Dev\Dev2.Runtime.Configuration\bin\Debug\net8.0\Dev2.Runtime.Configuration.dll
C:\Users\ultra\warewolf\Dev\Dev2.Diagnostics\Debug\DebugDispatcher.cs(209,35): warning CC0057: Parameter 'previous' is not used. (https://code-cracker.github.io/diagnostics/CC0057.html) [C:\Users\ultra\warewolf\Dev\Dev2.Diagnostics\Dev2.Diagnostics.csproj]
  Dev2.Diagnostics -> C:\Users\ultra\warewolf\Dev\Dev2.Diagnostics\bin\Debug\net8.0\Dev2.Diagnostics.dll
C:\Users\ultra\warewolf\Dev\Warewolf.AI.Harness\ChatbotApiService.cs(11,7): warning CS0105: The using directive for 'System.Text' appeared previously in this namespace [C:\Users\ultra\warewolf\Dev\Warewolf.AI.Harness\Warewolf.AI.Harness.csproj]
C:\Users\ultra\warewolf\Dev\Warewolf.AI.Harness\ChatbotApiService.cs(12,7): warning CS0105: The using directive for 'Newtonsoft.Json' appeared previously in this namespace [C:\Users\ultra\warewolf\Dev\Warewolf.AI.Harness\Warewolf.AI.Harness.csproj]
C:\Users\ultra\warewolf\Dev\Warewolf.AI.Harness\ChatbotApiService.cs(641,23): warning CS8618: Non-nullable property 'Model' must contain a non-null value when exiting constructor. Consider adding the 'required' modifier or declaring the property as nullable. [C:\Users\ultra\warewolf\Dev\Warewolf.AI.Harness\Warewolf.AI.Harness.csproj]
C:\Users\ultra\warewolf\Dev\Warewolf.AI.Harness\ChatbotApiService.cs(659,23): warning CS8618: Non-nullable property 'FinishReason' must contain a non-null value when exiting constructor. Consider adding the 'required' modifier or declaring the property as nullable. [C:\Users\ultra\warewolf\Dev\Warewolf.AI.Harness\Warewolf.AI.Harness.csproj]
C:\Users\ultra\warewolf\Dev\Warewolf.AI.Harness\ChatbotApiService.cs(201,34): warning CS8600: Converting null literal or possible null value to non-nullable type. [C:\Users\ultra\warewolf\Dev\Warewolf.AI.Harness\Warewolf.AI.Harness.csproj]
C:\Users\ultra\warewolf\Dev\Warewolf.AI.Harness\ChatbotApiService.cs(215,51): warning CS8602: Dereference of a possibly null reference. [C:\Users\ultra\warewolf\Dev\Warewolf.AI.Harness\Warewolf.AI.Harness.csproj]
C:\Users\ultra\warewolf\Dev\Warewolf.AI.Harness\ChatbotApiService.cs(218,25): warning CS8602: Dereference of a possibly null reference. [C:\Users\ultra\warewolf\Dev\Warewolf.AI.Harness\Warewolf.AI.Harness.csproj]
C:\Users\ultra\warewolf\Dev\Warewolf.AI.Harness\ChatbotApiService.cs(303,34): warning CS8600: Converting null literal or possible null value to non-nullable type. [C:\Users\ultra\warewolf\Dev\Warewolf.AI.Harness\Warewolf.AI.Harness.csproj]
C:\Users\ultra\warewolf\Dev\Warewolf.AI.Harness\ChatbotApiService.cs(312,51): warning CS8602: Dereference of a possibly null reference. [C:\Users\ultra\warewolf\Dev\Warewolf.AI.Harness\Warewolf.AI.Harness.csproj]
C:\Users\ultra\warewolf\Dev\Warewolf.AI.Harness\ChatbotApiService.cs(314,30): warning CS8602: Dereference of a possibly null reference. [C:\Users\ultra\warewolf\Dev\Warewolf.AI.Harness\Warewolf.AI.Harness.csproj]
C:\Users\ultra\warewolf\Dev\Warewolf.AI.Harness\ChatbotApiService.cs(477,32): warning CS8600: Converting null literal or possible null value to non-nullable type. [C:\Users\ultra\warewolf\Dev\Warewolf.AI.Harness\Warewolf.AI.Harness.csproj]
C:\Users\ultra\warewolf\Dev\Warewolf.AI.Harness\ChatbotApiService.cs(478,32): warning CS8600: Converting null literal or possible null value to non-nullable type. [C:\Users\ultra\warewolf\Dev\Warewolf.AI.Harness\Warewolf.AI.Harness.csproj]
C:\Users\ultra\warewolf\Dev\Warewolf.AI.Harness\ChatbotApiService.cs(481,73): warning CS8625: Cannot convert null literal to non-nullable reference type. [C:\Users\ultra\warewolf\Dev\Warewolf.AI.Harness\Warewolf.AI.Harness.csproj]
C:\Users\ultra\warewolf\Dev\Warewolf.AI.Harness\ChatbotApiService.cs(482,60): warning CS8604: Possible null reference argument for parameter 'authHeaderName' in 'HttpResponseMessage ChatbotApiService.PostWithAuth(string endpoint, object payload, string authHeaderName, string authHeaderValue, string additionalHeaders)'. [C:\Users\ultra\warewolf\Dev\Warewolf.AI.Harness\Warewolf.AI.Harness.csproj]
C:\Users\ultra\warewolf\Dev\Warewolf.AI.Harness\ChatbotApiService.cs(482,70): warning CS8604: Possible null reference argument for parameter 'authHeaderValue' in 'HttpResponseMessage ChatbotApiService.PostWithAuth(string endpoint, object payload, string authHeaderName, string authHeaderValue, string additionalHeaders)'. [C:\Users\ultra\warewolf\Dev\Warewolf.AI.Harness\Warewolf.AI.Harness.csproj]
C:\Users\ultra\warewolf\Dev\Warewolf.AI.Harness\ChatbotApiService.cs(482,81): warning CS8625: Cannot convert null literal to non-nullable reference type. [C:\Users\ultra\warewolf\Dev\Warewolf.AI.Harness\Warewolf.AI.Harness.csproj]
C:\Users\ultra\warewolf\Dev\Warewolf.AI.Harness\ChatbotApiService.cs(496,73): warning CS8625: Cannot convert null literal to non-nullable reference type. [C:\Users\ultra\warewolf\Dev\Warewolf.AI.Harness\Warewolf.AI.Harness.csproj]
C:\Users\ultra\warewolf\Dev\Warewolf.AI.Harness\ChatbotApiService.cs(497,81): warning CS8625: Cannot convert null literal to non-nullable reference type. [C:\Users\ultra\warewolf\Dev\Warewolf.AI.Harness\Warewolf.AI.Harness.csproj]
C:\Users\ultra\warewolf\Dev\Warewolf.AI.Harness\ChatbotApiService.cs(514,73): warning CS8625: Cannot convert null literal to non-nullable reference type. [C:\Users\ultra\warewolf\Dev\Warewolf.AI.Harness\Warewolf.AI.Harness.csproj]
C:\Users\ultra\warewolf\Dev\Warewolf.AI.Harness\ChatbotApiService.cs(515,114): warning CS8625: Cannot convert null literal to non-nullable reference type. [C:\Users\ultra\warewolf\Dev\Warewolf.AI.Harness\Warewolf.AI.Harness.csproj]
C:\Users\ultra\warewolf\Dev\Warewolf.AI.Harness\ChatbotApiService.cs(521,36): warning CS8600: Converting null literal or possible null value to non-nullable type. [C:\Users\ultra\warewolf\Dev\Warewolf.AI.Harness\Warewolf.AI.Harness.csproj]
C:\Users\ultra\warewolf\Dev\Warewolf.AI.Harness\ChatbotApiService.cs(538,82): warning CS8604: Possible null reference argument for parameter 'systemMessage' in 'Dictionary<string, object> ChatbotApiService.CreatePayload(string model, object messages, string systemMessage, bool useMaxCompletionTokens, bool includeTemperature)'. [C:\Users\ultra\warewolf\Dev\Warewolf.AI.Harness\Warewolf.AI.Harness.csproj]
C:\Users\ultra\warewolf\Dev\Warewolf.AI.Harness\ChatbotApiService.cs(545,35): warning CS8600: Converting null literal or possible null value to non-nullable type. [C:\Users\ultra\warewolf\Dev\Warewolf.AI.Harness\Warewolf.AI.Harness.csproj]
C:\Users\ultra\warewolf\Dev\Warewolf.AI.Harness\ChatbotApiService.cs(589,68): warning CS8625: Cannot convert null literal to non-nullable reference type. [C:\Users\ultra\warewolf\Dev\Warewolf.AI.Harness\Warewolf.AI.Harness.csproj]
C:\Users\ultra\warewolf\Dev\Warewolf.AI.Harness\ChatbotApiService.cs(589,74): warning CS8625: Cannot convert null literal to non-nullable reference type. [C:\Users\ultra\warewolf\Dev\Warewolf.AI.Harness\Warewolf.AI.Harness.csproj]
C:\Users\ultra\warewolf\Dev\Warewolf.AI.Harness\ChatbotApiService.cs(589,80): warning CS8625: Cannot convert null literal to non-nullable reference type. [C:\Users\ultra\warewolf\Dev\Warewolf.AI.Harness\Warewolf.AI.Harness.csproj]
  Warewolf.AI.Harness -> C:\Users\ultra\warewolf\Dev\Warewolf.AI.Harness\bin\Debug\net8.0\Warewolf.AI.Harness.dll
C:\Users\ultra\warewolf\Dev\Dev2.Infrastructure\PerformanceCounters\PerformanceCounterCategoryWrapper.cs(12,51): warning CA1416: This call site is reachable on all platforms. 'PerformanceCounterCategory.CounterExists(string)' is only supported on: 'windows'. (https://learn.microsoft.com/dotnet/fundamentals/code-analysis/quality-rules/ca1416) [C:\Users\ultra\warewolf\Dev\Dev2.Infrastructure\Dev2.Infrastructure.csproj]
C:\Users\ultra\warewolf\Dev\Dev2.Infrastructure\PerformanceCounters\PerformanceCounterCategoryWrapper.cs(32,48): warning CA1416: This call site is reachable on all platforms. 'PerformanceCounterCategory.Delete(string)' is only supported on: 'windows'. (https://learn.microsoft.com/dotnet/fundamentals/code-analysis/quality-rules/ca1416) [C:\Users\ultra\warewolf\Dev\Dev2.Infrastructure\Dev2.Infrastructure.csproj]
C:\Users\ultra\warewolf\Dev\Dev2.Infrastructure\PerformanceCounters\PerformanceCounterCategoryWrapper.cs(38,29): warning CA1416: This call site is reachable on all platforms. 'PerformanceCounterCategory' is only supported on: 'windows'. (https://learn.microsoft.com/dotnet/fundamentals/code-analysis/quality-rules/ca1416) [C:\Users\ultra\warewolf\Dev\Dev2.Infrastructure\Dev2.Infrastructure.csproj]
C:\Users\ultra\warewolf\Dev\Dev2.Infrastructure\PerformanceCounters\PerformanceCounterCategoryWrapper.cs(33,48): warning CA1416: This call site is reachable on all platforms. 'PerformanceCounterCategory.Exists(string)' is only supported on: 'windows'. (https://learn.microsoft.com/dotnet/fundamentals/code-analysis/quality-rules/ca1416) [C:\Users\ultra\warewolf\Dev\Dev2.Infrastructure\Dev2.Infrastructure.csproj]
C:\Users\ultra\warewolf\Dev\Dev2.Infrastructure\PerformanceCounters\Management\WarewolfPerformanceCounterManager.cs(22,140): warning CC0057: Parameter 'register' is not used. (https://code-cracker.github.io/diagnostics/CC0057.html) [C:\Users\ultra\warewolf\Dev\Dev2.Infrastructure\Dev2.Infrastructure.csproj]
C:\Users\ultra\warewolf\Dev\Dev2.Infrastructure\PerformanceCounters\Management\WarewolfPerformanceCounterManager.cs(67,83): warning CC0057: Parameter 'name' is not used. (https://code-cracker.github.io/diagnostics/CC0057.html) [C:\Users\ultra\warewolf\Dev\Dev2.Infrastructure\Dev2.Infrastructure.csproj]
C:\Users\ultra\warewolf\Dev\Dev2.Infrastructure\PerformanceCounters\PerformanceCounterCategoryWrapper.cs(25,21): warning CA1416: This call site is reachable on all platforms. 'CounterCreationDataCollection.Add(CounterCreationData)' is only supported on: 'windows'. (https://learn.microsoft.com/dotnet/fundamentals/code-analysis/quality-rules/ca1416) [C:\Users\ultra\warewolf\Dev\Dev2.Infrastructure\Dev2.Infrastructure.csproj]
C:\Users\ultra\warewolf\Dev\Dev2.Infrastructure\PerformanceCounters\PerformanceCounterCategoryWrapper.cs(29,13): warning CA1416: This call site is reachable on all platforms. 'PerformanceCounterCategory.Create(string, string, PerformanceCounterCategoryType, CounterCreationDataCollection)' is only supported on: 'windows'. (https://learn.microsoft.com/dotnet/fundamentals/code-analysis/quality-rules/ca1416) [C:\Users\ultra\warewolf\Dev\Dev2.Infrastructure\Dev2.Infrastructure.csproj]
C:\Users\ultra\warewolf\Dev\Dev2.Infrastructure\PerformanceCounters\PerformanceCounterCategoryWrapper.cs(29,71): warning CA1416: This call site is reachable on all platforms. 'PerformanceCounterCategoryType.MultiInstance' is only supported on: 'windows'. (https://learn.microsoft.com/dotnet/fundamentals/code-analysis/quality-rules/ca1416) [C:\Users\ultra\warewolf\Dev\Dev2.Infrastructure\Dev2.Infrastructure.csproj]
C:\Users\ultra\warewolf\Dev\Dev2.Infrastructure\PerformanceCounters\PerformanceCounterCategoryWrapper.cs(14,49): warning CA1416: This call site is reachable on all platforms. 'CounterCreationDataCollection' is only supported on: 'windows'. (https://learn.microsoft.com/dotnet/fundamentals/code-analysis/quality-rules/ca1416) [C:\Users\ultra\warewolf\Dev\Dev2.Infrastructure\Dev2.Infrastructure.csproj]
C:\Users\ultra\warewolf\Dev\Dev2.Infrastructure\PerformanceCounters\PerformanceCounterCategoryWrapper.cs(19,45): warning CA1416: This call site is reachable on all platforms. 'CounterCreationData' is only supported on: 'windows'. (https://learn.microsoft.com/dotnet/fundamentals/code-analysis/quality-rules/ca1416) [C:\Users\ultra\warewolf\Dev\Dev2.Infrastructure\Dev2.Infrastructure.csproj]
C:\Users\ultra\warewolf\Dev\Dev2.Infrastructure\PerformanceCounters\Management\PerformanceCounterPersistence.cs(48,81): warning CC0057: Parameter 'resourcePerformanceCounters' is not used. (https://code-cracker.github.io/diagnostics/CC0057.html) [C:\Users\ultra\warewolf\Dev\Dev2.Infrastructure\Dev2.Infrastructure.csproj]
C:\Users\ultra\warewolf\Dev\Dev2.Infrastructure\PerformanceCounters\PerformanceCounterCategoryWrapper.cs(50,28): warning CA1416: This call site is reachable on all platforms. 'PerformanceCounterType.AverageTimer32' is only supported on: 'windows'. (https://learn.microsoft.com/dotnet/fundamentals/code-analysis/quality-rules/ca1416) [C:\Users\ultra\warewolf\Dev\Dev2.Infrastructure\Dev2.Infrastructure.csproj]
C:\Users\ultra\warewolf\Dev\Dev2.Infrastructure\PerformanceCounters\PerformanceCounterCategoryWrapper.cs(48,28): warning CA1416: This call site is reachable on all platforms. 'PerformanceCounterType.AverageBase' is only supported on: 'windows'. (https://learn.microsoft.com/dotnet/fundamentals/code-analysis/quality-rules/ca1416) [C:\Users\ultra\warewolf\Dev\Dev2.Infrastructure\Dev2.Infrastructure.csproj]
C:\Users\ultra\warewolf\Dev\Dev2.Infrastructure\PerformanceCounters\PerformanceCounterCategoryWrapper.cs(54,28): warning CA1416: This call site is reachable on all platforms. 'PerformanceCounterType.RateOfCountsPerSecond32' is only supported on: 'windows'. (https://learn.microsoft.com/dotnet/fundamentals/code-analysis/quality-rules/ca1416) [C:\Users\ultra\warewolf\Dev\Dev2.Infrastructure\Dev2.Infrastructure.csproj]
C:\Users\ultra\warewolf\Dev\Dev2.Infrastructure\PerformanceCounters\PerformanceCounterCategoryWrapper.cs(52,28): warning CA1416: This call site is reachable on all platforms. 'PerformanceCounterType.NumberOfItems32' is only supported on: 'windows'. (https://learn.microsoft.com/dotnet/fundamentals/code-analysis/quality-rules/ca1416) [C:\Users\ultra\warewolf\Dev\Dev2.Infrastructure\Dev2.Infrastructure.csproj]
C:\Users\ultra\warewolf\Dev\Dev2.Infrastructure\Services\Security\MoqInstallerActions\InstallerActionsForDevelopment.cs(57,31): warning CA1416: This call site is reachable on all platforms. 'WindowsIdentity.GetCurrent(bool)' is only supported on: 'windows'. (https://learn.microsoft.com/dotnet/fundamentals/code-analysis/quality-rules/ca1416) [C:\Users\ultra\warewolf\Dev\Dev2.Infrastructure\Dev2.Infrastructure.csproj]
C:\Users\ultra\warewolf\Dev\Dev2.Infrastructure\Services\Security\MoqInstallerActions\InstallerActionsForDevelopment.cs(59,57): warning CA1416: This call site is reachable on all platforms. 'WindowsIdentity.Name' is only supported on: 'windows'. (https://learn.microsoft.com/dotnet/fundamentals/code-analysis/quality-rules/ca1416) [C:\Users\ultra\warewolf\Dev\Dev2.Infrastructure\Dev2.Infrastructure.csproj]
C:\Users\ultra\warewolf\Dev\Dev2.Infrastructure\Services\Security\SecuritySettings.cs(92,28): warning CC0022: HMACSHA256 should be disposed. (https://code-cracker.github.io/diagnostics/CC0022.html) [C:\Users\ultra\warewolf\Dev\Dev2.Infrastructure\Dev2.Infrastructure.csproj]
CSC : warning AD0001: Analyzer 'CodeCracker.CSharp.Design.UseInvokeMethodToFireEventAnalyzer' threw an exception of type 'System.ArgumentException' with message 'Syntax node is not within syntax tree'. [C:\Users\ultra\warewolf\Dev\Dev2.Infrastructure\Dev2.Infrastructure.csproj]
CSC : warning AD0001: Analyzer 'CodeCracker.CSharp.Design.UseInvokeMethodToFireEventAnalyzer' threw an exception of type 'System.ArgumentException' with message 'Syntax node is not within syntax tree'. [C:\Users\ultra\warewolf\Dev\Dev2.Infrastructure\Dev2.Infrastructure.csproj]
CSC : warning AD0001: Analyzer 'CodeCracker.CSharp.Design.UseInvokeMethodToFireEventAnalyzer' threw an exception of type 'System.ArgumentException' with message 'Syntax node is not within syntax tree'. [C:\Users\ultra\warewolf\Dev\Dev2.Infrastructure\Dev2.Infrastructure.csproj]
CSC : warning AD0001: Analyzer 'CodeCracker.CSharp.Design.UseInvokeMethodToFireEventAnalyzer' threw an exception of type 'System.ArgumentException' with message 'Syntax node is not within syntax tree'. [C:\Users\ultra\warewolf\Dev\Dev2.Infrastructure\Dev2.Infrastructure.csproj]
CSC : warning AD0001: Analyzer 'CodeCracker.CSharp.Design.UseInvokeMethodToFireEventAnalyzer' threw an exception of type 'System.ArgumentException' with message 'Syntax node is not within syntax tree'. [C:\Users\ultra\warewolf\Dev\Dev2.Infrastructure\Dev2.Infrastructure.csproj]
CSC : warning AD0001: Analyzer 'CodeCracker.CSharp.Design.UseInvokeMethodToFireEventAnalyzer' threw an exception of type 'System.ArgumentException' with message 'Syntax node is not within syntax tree'. [C:\Users\ultra\warewolf\Dev\Dev2.Infrastructure\Dev2.Infrastructure.csproj]
CSC : warning AD0001: Analyzer 'CodeCracker.CSharp.Design.UseInvokeMethodToFireEventAnalyzer' threw an exception of type 'System.ArgumentException' with message 'Syntax node is not within syntax tree'. [C:\Users\ultra\warewolf\Dev\Dev2.Infrastructure\Dev2.Infrastructure.csproj]
CSC : warning AD0001: Analyzer 'CodeCracker.CSharp.Design.UseInvokeMethodToFireEventAnalyzer' threw an exception of type 'System.ArgumentException' with message 'Syntax node is not within syntax tree'. [C:\Users\ultra\warewolf\Dev\Dev2.Infrastructure\Dev2.Infrastructure.csproj]
CSC : warning AD0001: Analyzer 'CodeCracker.CSharp.Design.UseInvokeMethodToFireEventAnalyzer' threw an exception of type 'System.ArgumentException' with message 'Syntax node is not within syntax tree'. [C:\Users\ultra\warewolf\Dev\Dev2.Infrastructure\Dev2.Infrastructure.csproj]
CSC : warning AD0001: Analyzer 'CodeCracker.CSharp.Design.UseInvokeMethodToFireEventAnalyzer' threw an exception of type 'System.ArgumentException' with message 'Syntax node is not within syntax tree'. [C:\Users\ultra\warewolf\Dev\Dev2.Infrastructure\Dev2.Infrastructure.csproj]
CSC : warning AD0001: Analyzer 'CodeCracker.CSharp.Design.UseInvokeMethodToFireEventAnalyzer' threw an exception of type 'System.ArgumentException' with message 'Syntax node is not within syntax tree'. [C:\Users\ultra\warewolf\Dev\Dev2.Infrastructure\Dev2.Infrastructure.csproj]
CSC : warning AD0001: Analyzer 'CodeCracker.CSharp.Design.UseInvokeMethodToFireEventAnalyzer' threw an exception of type 'System.ArgumentException' with message 'Syntax node is not within syntax tree'. [C:\Users\ultra\warewolf\Dev\Dev2.Infrastructure\Dev2.Infrastructure.csproj]
CSC : warning AD0001: Analyzer 'CodeCracker.CSharp.Design.UseInvokeMethodToFireEventAnalyzer' threw an exception of type 'System.ArgumentException' with message 'Syntax node is not within syntax tree'. [C:\Users\ultra\warewolf\Dev\Dev2.Infrastructure\Dev2.Infrastructure.csproj]
CSC : warning AD0001: Analyzer 'CodeCracker.CSharp.Design.UseInvokeMethodToFireEventAnalyzer' threw an exception of type 'System.ArgumentException' with message 'Syntax node is not within syntax tree'. [C:\Users\ultra\warewolf\Dev\Dev2.Infrastructure\Dev2.Infrastructure.csproj]
  Dev2.Infrastructure -> C:\Users\ultra\warewolf\Dev\Dev2.Infrastructure\bin\Debug\net8.0\Dev2.Infrastructure.dll
C:\Program Files\dotnet\sdk\10.0.201\Microsoft.CSharp.CurrentVersion.targets(130,9): warning MSB3884: Could not find rule set file "..\.sonarlint\warewolf_dotnet_frameworkcsharp.ruleset". [C:\Users\ultra\warewolf\Dev\Warewolf.Sharepoint\Warewolf.Sharepoint.csproj]
  Warewolf.Sharepoint -> C:\Users\ultra\warewolf\Dev\Warewolf.Sharepoint\bin\Debug\net8.0\Warewolf.Sharepoint.dll
  Warewolf.Storage -> C:\Users\ultra\warewolf\Dev\Warewolf.Storage\bin\Debug\net8.0\Warewolf.Storage.dll
C:\Users\ultra\warewolf\Dev\Dev2.Services.Sql\ConnectionBuilder.cs(44,21): warning CC0029: 'ConnectionBuilder' should call GC.SuppressFinalize inside the Dispose method. (https://code-cracker.github.io/diagnostics/CC0029.html) [C:\Users\ultra\warewolf\Dev\Dev2.Services.Sql\Dev2.Services.Sql.csproj]
  Dev2.Services.Sql -> C:\Users\ultra\warewolf\Dev\Dev2.Services.Sql\bin\Debug\net8.0\Dev2.Services.Sql.dll
C:\Program Files\dotnet\sdk\10.0.201\Microsoft.Common.CurrentVersion.targets(2451,5): warning MSB3245: Could not resolve this reference. Could not locate the assembly "System.Web". Check to make sure the assembly exists on disk. If this reference is required by your code, you may get compilation errors. [C:\Users\ultra\warewolf\Dev\Dev2.Data\Dev2.Data.csproj]
C:\Program Files\dotnet\sdk\10.0.201\Microsoft.Common.CurrentVersion.targets(2451,5): warning MSB3245: Could not resolve this reference. Could not locate the assembly "System.Web.Extensions". Check to make sure the assembly exists on disk. If this reference is required by your code, you may get compilation errors. [C:\Users\ultra\warewolf\Dev\Dev2.Data\Dev2.Data.csproj]
C:\Program Files\dotnet\sdk\10.0.201\Microsoft.Common.CurrentVersion.targets(2451,5): warning MSB3245: Could not resolve this reference. Could not locate the assembly "System.Xml.Linq". Check to make sure the assembly exists on disk. If this reference is required by your code, you may get compilation errors. [C:\Users\ultra\warewolf\Dev\Dev2.Data\Dev2.Data.csproj]
C:\Program Files\dotnet\sdk\10.0.201\Microsoft.Common.CurrentVersion.targets(2451,5): warning MSB3245: Could not resolve this reference. Could not locate the assembly "System.Data.DataSetExtensions". Check to make sure the assembly exists on disk. If this reference is required by your code, you may get compilation errors. [C:\Users\ultra\warewolf\Dev\Dev2.Data\Dev2.Data.csproj]
C:\Program Files\dotnet\sdk\10.0.201\Microsoft.Common.CurrentVersion.targets(2451,5): warning MSB3245: Could not resolve this reference. Could not locate the assembly "Microsoft.CSharp". Check to make sure the assembly exists on disk. If this reference is required by your code, you may get compilation errors. [C:\Users\ultra\warewolf\Dev\Dev2.Data\Dev2.Data.csproj]
C:\Program Files\dotnet\sdk\10.0.201\Microsoft.Common.CurrentVersion.targets(2451,5): warning MSB3245: Could not resolve this reference. Could not locate the assembly "System.Data". Check to make sure the assembly exists on disk. If this reference is required by your code, you may get compilation errors. [C:\Users\ultra\warewolf\Dev\Dev2.Data\Dev2.Data.csproj]
C:\Program Files\dotnet\sdk\10.0.201\Microsoft.Common.CurrentVersion.targets(2451,5): warning MSB3245: Could not resolve this reference. Could not locate the assembly "System.Xml". Check to make sure the assembly exists on disk. If this reference is required by your code, you may get compilation errors. [C:\Users\ultra\warewolf\Dev\Dev2.Data\Dev2.Data.csproj]
C:\Program Files\dotnet\sdk\10.0.201\Microsoft.Common.CurrentVersion.targets(2451,5): warning MSB3243: No way to resolve conflict between "System.Web, Version=4.0.0.0, Culture=neutral, PublicKeyToken=b03f5f7f11d50a3a" and "System.Web". Choosing "System.Web, Version=4.0.0.0, Culture=neutral, PublicKeyToken=b03f5f7f11d50a3a" arbitrarily. [C:\Users\ultra\warewolf\Dev\Dev2.Data\Dev2.Data.csproj]
C:\Program Files\dotnet\sdk\10.0.201\Microsoft.Common.CurrentVersion.targets(2451,5): warning MSB3243: No way to resolve conflict between "System.Xml.Linq, Version=4.0.0.0, Culture=neutral, PublicKeyToken=b77a5c561934e089" and "System.Xml.Linq". Choosing "System.Xml.Linq, Version=4.0.0.0, Culture=neutral, PublicKeyToken=b77a5c561934e089" arbitrarily. [C:\Users\ultra\warewolf\Dev\Dev2.Data\Dev2.Data.csproj]
C:\Program Files\dotnet\sdk\10.0.201\Microsoft.Common.CurrentVersion.targets(2451,5): warning MSB3243: No way to resolve conflict between "System.Data.DataSetExtensions, Version=8.0.0.0, Culture=neutral, PublicKeyToken=b77a5c561934e089" and "System.Data.DataSetExtensions". Choosing "System.Data.DataSetExtensions, Version=8.0.0.0, Culture=neutral, PublicKeyToken=b77a5c561934e089" arbitrarily. [C:\Users\ultra\warewolf\Dev\Dev2.Data\Dev2.Data.csproj]
C:\Program Files\dotnet\sdk\10.0.201\Microsoft.Common.CurrentVersion.targets(2451,5): warning MSB3243: No way to resolve conflict between "Microsoft.CSharp, Version=8.0.0.0, Culture=neutral, PublicKeyToken=b03f5f7f11d50a3a" and "Microsoft.CSharp". Choosing "Microsoft.CSharp, Version=8.0.0.0, Culture=neutral, PublicKeyToken=b03f5f7f11d50a3a" arbitrarily. [C:\Users\ultra\warewolf\Dev\Dev2.Data\Dev2.Data.csproj]
C:\Program Files\dotnet\sdk\10.0.201\Microsoft.Common.CurrentVersion.targets(2451,5): warning MSB3243: No way to resolve conflict between "System.Data, Version=4.0.0.0, Culture=neutral, PublicKeyToken=b77a5c561934e089" and "System.Data". Choosing "System.Data, Version=4.0.0.0, Culture=neutral, PublicKeyToken=b77a5c561934e089" arbitrarily. [C:\Users\ultra\warewolf\Dev\Dev2.Data\Dev2.Data.csproj]
C:\Program Files\dotnet\sdk\10.0.201\Microsoft.Common.CurrentVersion.targets(2451,5): warning MSB3243: No way to resolve conflict between "System.Xml, Version=4.0.0.0, Culture=neutral, PublicKeyToken=b77a5c561934e089" and "System.Xml". Choosing "System.Xml, Version=4.0.0.0, Culture=neutral, PublicKeyToken=b77a5c561934e089" arbitrarily. [C:\Users\ultra\warewolf\Dev\Dev2.Data\Dev2.Data.csproj]
CSC : warning CS2002: Source file 'C:\Users\ultra\warewolf\Dev\Dev2.Data\MathOperations\NCalc\NCalcExpressionBuilder.cs' specified multiple times [C:\Users\ultra\warewolf\Dev\Dev2.Data\Dev2.Data.csproj]
CSC : warning CS2002: Source file 'C:\Users\ultra\warewolf\Dev\Dev2.Data\MathOperations\NCalc\NCalcFunctionArgHelper.cs' specified multiple times [C:\Users\ultra\warewolf\Dev\Dev2.Data\Dev2.Data.csproj]
CSC : warning CS2002: Source file 'C:\Users\ultra\warewolf\Dev\Dev2.Data\MathOperations\NCalc\Functions\BaseConversionFunctions.cs' specified multiple times [C:\Users\ultra\warewolf\Dev\Dev2.Data\Dev2.Data.csproj]
CSC : warning CS2002: Source file 'C:\Users\ultra\warewolf\Dev\Dev2.Data\MathOperations\NCalc\Functions\ComplexFunctions.cs' specified multiple times [C:\Users\ultra\warewolf\Dev\Dev2.Data\Dev2.Data.csproj]
CSC : warning CS2002: Source file 'C:\Users\ultra\warewolf\Dev\Dev2.Data\MathOperations\NCalc\Functions\DateTimeFunctions.cs' specified multiple times [C:\Users\ultra\warewolf\Dev\Dev2.Data\Dev2.Data.csproj]
CSC : warning CS2002: Source file 'C:\Users\ultra\warewolf\Dev\Dev2.Data\MathOperations\NCalc\Functions\FinancialFunctions.cs' specified multiple times [C:\Users\ultra\warewolf\Dev\Dev2.Data\Dev2.Data.csproj]
CSC : warning CS2002: Source file 'C:\Users\ultra\warewolf\Dev\Dev2.Data\MathOperations\NCalc\Functions\InformationFunctions.cs' specified multiple times [C:\Users\ultra\warewolf\Dev\Dev2.Data\Dev2.Data.csproj]
CSC : warning CS2002: Source file 'C:\Users\ultra\warewolf\Dev\Dev2.Data\MathOperations\NCalc\Functions\MathFunctions.cs' specified multiple times [C:\Users\ultra\warewolf\Dev\Dev2.Data\Dev2.Data.csproj]
CSC : warning CS2002: Source file 'C:\Users\ultra\warewolf\Dev\Dev2.Data\MathOperations\NCalc\Functions\StringFunctions.cs' specified multiple times [C:\Users\ultra\warewolf\Dev\Dev2.Data\Dev2.Data.csproj]
C:\Users\ultra\warewolf\Dev\Dev2.Data\MathOperations\NCalc\NCalcFunctionArgHelper.cs(51,47): warning CS8632: The annotation for nullable reference types should only be used in code within a '#nullable' annotations context. [C:\Users\ultra\warewolf\Dev\Dev2.Data\Dev2.Data.csproj]
C:\Users\ultra\warewolf\Dev\Dev2.Data\MathOperations\NCalc\Functions\MathFunctions.cs(22,30): warning CS8632: The annotation for nullable reference types should only be used in code within a '#nullable' annotations context. [C:\Users\ultra\warewolf\Dev\Dev2.Data\Dev2.Data.csproj]
C:\Users\ultra\warewolf\Dev\Dev2.Data\MathOperations\NCalc\Functions\StringFunctions.cs(94,59): warning CS8632: The annotation for nullable reference types should only be used in code within a '#nullable' annotations context. [C:\Users\ultra\warewolf\Dev\Dev2.Data\Dev2.Data.csproj]
C:\Users\ultra\warewolf\Dev\Dev2.Data\NativeMethods.cs(66,59): warning CS0472: The result of the expression is always 'false' since a value of type 'nint' is never equal to 'null' of type 'nint?' [C:\Users\ultra\warewolf\Dev\Dev2.Data\Dev2.Data.csproj]
C:\Users\ultra\warewolf\Dev\Dev2.Data\NativeMethods.cs(88,8): warning CS0472: The result of the expression is always 'false' since a value of type 'nint' is never equal to 'null' of type 'nint?' [C:\Users\ultra\warewolf\Dev\Dev2.Data\Dev2.Data.csproj]
C:\Users\ultra\warewolf\Dev\Dev2.Data\Security\WindowsIdentityExtensions.cs(28,17): warning CA1416: This call site is reachable on all platforms. 'WindowsIdentity.RunImpersonated(SafeAccessTokenHandle, Action)' is only supported on: 'windows'. (https://learn.microsoft.com/dotnet/fundamentals/code-analysis/quality-rules/ca1416) [C:\Users\ultra\warewolf\Dev\Dev2.Data\Dev2.Data.csproj]
C:\Users\ultra\warewolf\Dev\Dev2.Data\Security\WindowsIdentityExtensions.cs(41,59): warning CA1416: This call site is reachable on all platforms. 'WindowsIdentity.AccessToken' is only supported on: 'windows'. (https://learn.microsoft.com/dotnet/fundamentals/code-analysis/quality-rules/ca1416) [C:\Users\ultra\warewolf\Dev\Dev2.Data\Dev2.Data.csproj]
C:\Users\ultra\warewolf\Dev\Dev2.Data\Security\WindowsIdentityExtensions.cs(28,49): warning CA1416: This call site is reachable on all platforms. 'WindowsIdentity.AccessToken' is only supported on: 'windows'. (https://learn.microsoft.com/dotnet/fundamentals/code-analysis/quality-rules/ca1416) [C:\Users\ultra\warewolf\Dev\Dev2.Data\Dev2.Data.csproj]
C:\Users\ultra\warewolf\Dev\Dev2.Data\Security\WindowsIdentityExtensions.cs(41,24): warning CA1416: This call site is reachable on all platforms. 'WindowsIdentity.RunImpersonated<T>(SafeAccessTokenHandle, Func<T>)' is only supported on: 'windows'. (https://learn.microsoft.com/dotnet/fundamentals/code-analysis/quality-rules/ca1416) [C:\Users\ultra\warewolf\Dev\Dev2.Data\Dev2.Data.csproj]
C:\Users\ultra\warewolf\Dev\Dev2.Data\PathOperations\ValidateAuthorization.cs(73,33): warning CA1416: This call site is reachable on all platforms. 'WindowsIdentity' is only supported on: 'windows'. (https://learn.microsoft.com/dotnet/fundamentals/code-analysis/quality-rules/ca1416) [C:\Users\ultra\warewolf\Dev\Dev2.Data\Dev2.Data.csproj]
  Dev2.Data -> C:\Users\ultra\warewolf\Dev\Dev2.Data\bin\Debug\net8.0\Dev2.Data.dll
  Warewolf.Driver.Serilog -> C:\Users\ultra\warewolf\Dev\Warewolf.Driver.Serilog\bin\Debug\net8.0\Warewolf.Driver.Serilog.dll
  Dev2.Scheduler -> C:\Users\ultra\warewolf\Dev\Dev2.Scheduler\bin\Debug\net8.0\Dev2.Scheduler.dll
  Dev2.Core -> C:\Users\ultra\warewolf\Dev\Dev2.Core\bin\Debug\net8.0\Dev2.Core.dll
C:\Users\ultra\warewolf\Dev\Warewolf.Auditing\Audit.cs(189,26): warning CS8073: The result of the expression is always 'false' since a value of type 'DateTime' is never equal to 'null' of type 'DateTime?' [C:\Users\ultra\warewolf\Dev\Warewolf.Auditing\Warewolf.Auditing.csproj]
C:\Users\ultra\warewolf\Dev\Warewolf.Auditing\Drivers\AuditQueryableElastic.cs(360,33): warning CS0618: 'ElasticsearchClient.Search<TDocument>(SearchRequestDescriptor<TDocument>)' is obsolete: 'Synchronous methods are deprecated and could be removed in the future.' [C:\Users\ultra\warewolf\Dev\Warewolf.Auditing\Warewolf.Auditing.csproj]
C:\Users\ultra\warewolf\Dev\Warewolf.Auditing\Drivers\AuditQueryableElastic.cs(384,26): warning CS0618: 'ElasticsearchClient.Ping()' is obsolete: 'Synchronous methods are deprecated and could be removed in the future.' [C:\Users\ultra\warewolf\Dev\Warewolf.Auditing\Warewolf.Auditing.csproj]
  Warewolf.Auditing -> C:\Users\ultra\warewolf\Dev\Warewolf.Auditing\bin\Debug\net8.0\Warewolf.Auditing.dll
C:\Users\ultra\warewolf\Dev\Warewolf.Core\InputsFromJson.cs(99,21): warning CC0105: Use 'var' instead of specifying the type name. (https://code-cracker.github.io/diagnostics/CC0105.html) [C:\Users\ultra\warewolf\Dev\Warewolf.Core\Warewolf.Core.csproj]
  Warewolf.Core -> C:\Users\ultra\warewolf\Dev\Warewolf.Core\bin\Debug\net8.0\Warewolf.Core.dll
C:\Users\ultra\warewolf\Dev\Warewolf.Common.NetStandard20\Wrappers\WebRequestWrapper.cs(26,24): warning SYSLIB0014: 'WebRequest.Create(string)' is obsolete: 'WebRequest, HttpWebRequest, ServicePoint, and WebClient are obsolete. Use HttpClient instead.' (https://aka.ms/dotnet-warnings/SYSLIB0014) [C:\Users\ultra\warewolf\Dev\Warewolf.Common.NetStandard20\Warewolf.Common.NetStandard20.csproj]
C:\Users\ultra\warewolf\Dev\Warewolf.Common.NetStandard20\Wrappers\WebClientWrapper.cs(26,26): warning SYSLIB0014: 'WebClient.WebClient()' is obsolete: 'WebRequest, HttpWebRequest, ServicePoint, and WebClient are obsolete. Use HttpClient instead.' (https://aka.ms/dotnet-warnings/SYSLIB0014) [C:\Users\ultra\warewolf\Dev\Warewolf.Common.NetStandard20\Warewolf.Common.NetStandard20.csproj]
C:\Users\ultra\warewolf\Dev\Warewolf.Common.NetStandard20\Wrappers\WebClientWrapper.cs(31,26): warning SYSLIB0014: 'WebClient.WebClient()' is obsolete: 'WebRequest, HttpWebRequest, ServicePoint, and WebClient are obsolete. Use HttpClient instead.' (https://aka.ms/dotnet-warnings/SYSLIB0014) [C:\Users\ultra\warewolf\Dev\Warewolf.Common.NetStandard20\Warewolf.Common.NetStandard20.csproj]
  Warewolf.Common.NetStandard20 -> C:\Users\ultra\warewolf\Dev\Warewolf.Common.NetStandard20\bin\Debug\net8.0\Warewolf.Common.NetStandard20.dll
  Warewolf.ResourceManagement -> C:\Users\ultra\warewolf\Dev\Warewolf.ResourceManagement\bin\Debug\net8.0\Warewolf.ResourceManagement.dll
C:\Users\ultra\warewolf\Dev\Dev2.Runtime.Services\ServiceModel\ElasticsearchSources.cs(110,34): warning CS0618: 'ElasticsearchClient.Ping()' is obsolete: 'Synchronous methods are deprecated and could be removed in the future.' [C:\Users\ultra\warewolf\Dev\Dev2.Runtime.Services\Dev2.Runtime.Services.csproj]
C:\Users\ultra\warewolf\Dev\Dev2.Runtime.Services\ESB\Management\Services\FetchTestsAndTriggers.cs(45,17): warning CC0105: Use 'var' instead of specifying the type name. (https://code-cracker.github.io/diagnostics/CC0105.html) [C:\Users\ultra\warewolf\Dev\Dev2.Runtime.Services\Dev2.Runtime.Services.csproj]
C:\Users\ultra\warewolf\Dev\Dev2.Runtime.Services\UsageLogger.cs(66,33): warning CC0022: ManagementObjectSearcher should be disposed. (https://code-cracker.github.io/diagnostics/CC0022.html) [C:\Users\ultra\warewolf\Dev\Dev2.Runtime.Services\Dev2.Runtime.Services.csproj]
C:\Users\ultra\warewolf\Dev\Dev2.Runtime.Services\ServiceModel\WebSources.cs(532,7): warning CC0004: Empty Catch Block. (https://code-cracker.github.io/diagnostics/CC0004.html) [C:\Users\ultra\warewolf\Dev\Dev2.Runtime.Services\Dev2.Runtime.Services.csproj]
C:\Users\ultra\warewolf\Dev\Dev2.Runtime.Services\ServiceModel\WebSources.cs(751,38): warning CC0022: StringContent should be disposed. (https://code-cracker.github.io/diagnostics/CC0022.html) [C:\Users\ultra\warewolf\Dev\Dev2.Runtime.Services\Dev2.Runtime.Services.csproj]
C:\Users\ultra\warewolf\Dev\Dev2.Runtime.Services\ESB\Management\Services\ChatbotToolNormalizer.cs(80,17): warning CC0003: Consider adding an Exception to the catch. (https://code-cracker.github.io/diagnostics/CC0003.html) [C:\Users\ultra\warewolf\Dev\Dev2.Runtime.Services\Dev2.Runtime.Services.csproj]
C:\Users\ultra\warewolf\Dev\Dev2.Runtime.Services\ESB\Management\Services\ChatbotToolNormalizer.cs(101,21): warning CC0004: Empty Catch Block. (https://code-cracker.github.io/diagnostics/CC0004.html) [C:\Users\ultra\warewolf\Dev\Dev2.Runtime.Services\Dev2.Runtime.Services.csproj]
C:\Users\ultra\warewolf\Dev\Dev2.Runtime.Services\ESB\Management\Services\TestChatbotSource.cs(44,17): warning CC0105: Use 'var' instead of specifying the type name. (https://code-cracker.github.io/diagnostics/CC0105.html) [C:\Users\ultra\warewolf\Dev\Dev2.Runtime.Services\Dev2.Runtime.Services.csproj]
C:\Users\ultra\warewolf\Dev\Dev2.Runtime.Services\ESB\Management\Services\TestChatbotSource.cs(45,17): warning CC0105: Use 'var' instead of specifying the type name. (https://code-cracker.github.io/diagnostics/CC0105.html) [C:\Users\ultra\warewolf\Dev\Dev2.Runtime.Services\Dev2.Runtime.Services.csproj]
C:\Users\ultra\warewolf\Dev\Dev2.Runtime.Services\ESB\Management\Services\ChatbotToolNormalizer.cs(226,21): warning CC0105: Use 'var' instead of specifying the type name. (https://code-cracker.github.io/diagnostics/CC0105.html) [C:\Users\ultra\warewolf\Dev\Dev2.Runtime.Services\Dev2.Runtime.Services.csproj]
C:\Users\ultra\warewolf\Dev\Dev2.Runtime.Services\ESB\Management\Services\ChatbotToolNormalizer.cs(279,21): warning CC0105: Use 'var' instead of specifying the type name. (https://code-cracker.github.io/diagnostics/CC0105.html) [C:\Users\ultra\warewolf\Dev\Dev2.Runtime.Services\Dev2.Runtime.Services.csproj]
  Dev2.Runtime.Services -> C:\Users\ultra\warewolf\Dev\Dev2.Runtime.Services\bin\Debug\net8.0\Dev2.Runtime.Services.dll
C:\Users\ultra\warewolf\Dev\Warewolf.Driver.Persistence\Drivers\HangfireScheduler.cs(320,17): warning CA2200: Re-throwing caught exception changes stack information (https://learn.microsoft.com/dotnet/fundamentals/code-analysis/quality-rules/ca2200) [C:\Users\ultra\warewolf\Dev\Warewolf.Driver.Persistence\Warewolf.Driver.Persistence.csproj]
C:\Users\ultra\warewolf\Dev\Warewolf.Driver.Persistence\Drivers\HangfireScheduler.cs(376,17): warning CA2200: Re-throwing caught exception changes stack information (https://learn.microsoft.com/dotnet/fundamentals/code-analysis/quality-rules/ca2200) [C:\Users\ultra\warewolf\Dev\Warewolf.Driver.Persistence\Warewolf.Driver.Persistence.csproj]
C:\Users\ultra\warewolf\Dev\Warewolf.Driver.Persistence\Drivers\HangfireScheduler.cs(397,17): warning CA2200: Re-throwing caught exception changes stack information (https://learn.microsoft.com/dotnet/fundamentals/code-analysis/quality-rules/ca2200) [C:\Users\ultra\warewolf\Dev\Warewolf.Driver.Persistence\Warewolf.Driver.Persistence.csproj]
  Warewolf.Driver.Persistence -> C:\Users\ultra\warewolf\Dev\Warewolf.Driver.Persistence\bin\Debug\net8.0\Warewolf.Driver.Persistence.dll
  Warewolf.HangfireServer -> C:\Users\ultra\warewolf\Dev\Warewolf.HangfireServer\bin\Debug\net8.0\linux-x64\HangfireServer.dll
  Warewolf.HangfireServer.Tests -> C:\Users\ultra\warewolf\Dev\Warewolf.HangfireServer.Tests\bin\Debug\net8.0\linux-x64\Warewolf.HangfireServer.Tests.dll
  Warewolf.HangfireServer.Tests -> C:\Users\ultra\warewolf\Bin\ServerTests-Linux\Warewolf.HangfireServer.Tests\
Publishing Warewolf.Logger.Tests for linux-x64...
  Determining projects to restore...
C:\Users\ultra\warewolf\Dev\Warewolf.Language.Parser\Warewolf.Language.Parser.fsproj : warning NU1504: Duplicate 'PackageReference' items found. Remove the duplicate items or use the Update functionality to ensure a consistent restore behavior. The duplicate 'PackageReference' items are: FSharp.Core 10.1.201, FSharp.Core 4.6.2.
C:\Users\ultra\warewolf\Dev\Warewolf.Security\Warewolf.Security.csproj : warning NU1904: Package 'System.Drawing.Common' 4.5.1 has a known critical severity vulnerability, https://github.com/advisories/GHSA-rxg9-xrhp-64gj [C:\Users\ultra\warewolf\Dev\Warewolf.Logger.Tests\Warewolf.Logger.Tests.csproj]
C:\Users\ultra\warewolf\Dev\Warewolf.Common\Warewolf.Common.csproj : warning NU1701: Package 'AeroWizard 2.3.1' was restored using '.NETFramework,Version=v4.6.1, .NETFramework,Version=v4.6.2, .NETFramework,Version=v4.7, .NETFramework,Version=v4.7.1, .NETFramework,Version=v4.7.2, .NETFramework,Version=v4.8, .NETFramework,Version=v4.8.1' instead of the project target framework 'net8.0'. This package may not be fully compatible with your project. [C:\Users\ultra\warewolf\Dev\Warewolf.Logger.Tests\Warewolf.Logger.Tests.csproj]
C:\Users\ultra\warewolf\Dev\Warewolf.Core\Warewolf.Core.csproj : warning NU1903: Package 'Microsoft.Windows.Compatibility' 6.0.0 has a known high severity vulnerability, https://github.com/advisories/GHSA-555c-2p6r-68mm [C:\Users\ultra\warewolf\Dev\Warewolf.Logger.Tests\Warewolf.Logger.Tests.csproj]
C:\Users\ultra\warewolf\Dev\Warewolf.Licensing\Warewolf.Licensing.csproj : warning NU1701: Package 'AeroWizard 2.3.1' was restored using '.NETFramework,Version=v4.6.1, .NETFramework,Version=v4.6.2, .NETFramework,Version=v4.7, .NETFramework,Version=v4.7.1, .NETFramework,Version=v4.7.2, .NETFramework,Version=v4.8, .NETFramework,Version=v4.8.1' instead of the project target framework 'net8.0'. This package may not be fully compatible with your project. [C:\Users\ultra\warewolf\Dev\Warewolf.Logger.Tests\Warewolf.Logger.Tests.csproj]
C:\Users\ultra\warewolf\Dev\Warewolf.Driver.Persistence\Warewolf.Driver.Persistence.csproj : warning NU1701: Package 'AeroWizard 2.3.1' was restored using '.NETFramework,Version=v4.6.1, .NETFramework,Version=v4.6.2, .NETFramework,Version=v4.7, .NETFramework,Version=v4.7.1, .NETFramework,Version=v4.7.2, .NETFramework,Version=v4.8, .NETFramework,Version=v4.8.1' instead of the project target framework 'net8.0'. This package may not be fully compatible with your project. [C:\Users\ultra\warewolf\Dev\Warewolf.Logger.Tests\Warewolf.Logger.Tests.csproj]
C:\Users\ultra\warewolf\Dev\Warewolf.Data\Warewolf.Data.csproj : warning NU1701: Package 'AeroWizard 2.3.1' was restored using '.NETFramework,Version=v4.6.1, .NETFramework,Version=v4.6.2, .NETFramework,Version=v4.7, .NETFramework,Version=v4.7.1, .NETFramework,Version=v4.7.2, .NETFramework,Version=v4.8, .NETFramework,Version=v4.8.1' instead of the project target framework 'net8.0'. This package may not be fully compatible with your project. [C:\Users\ultra\warewolf\Dev\Warewolf.Logger.Tests\Warewolf.Logger.Tests.csproj]
C:\Users\ultra\warewolf\Dev\Warewolf.Storage.Interfaces\Warewolf.Storage.Interfaces.csproj : warning NU1701: Package 'AeroWizard 2.3.1' was restored using '.NETFramework,Version=v4.6.1, .NETFramework,Version=v4.6.2, .NETFramework,Version=v4.7, .NETFramework,Version=v4.7.1, .NETFramework,Version=v4.7.2, .NETFramework,Version=v4.8, .NETFramework,Version=v4.8.1' instead of the project target framework 'net8.0'. This package may not be fully compatible with your project. [C:\Users\ultra\warewolf\Dev\Warewolf.Logger.Tests\Warewolf.Logger.Tests.csproj]
C:\Users\ultra\warewolf\Dev\Warewolf.Driver.Serilog\Warewolf.Driver.Serilog.csproj : warning NU1701: Package 'AeroWizard 2.3.1' was restored using '.NETFramework,Version=v4.6.1, .NETFramework,Version=v4.6.2, .NETFramework,Version=v4.7, .NETFramework,Version=v4.7.1, .NETFramework,Version=v4.7.2, .NETFramework,Version=v4.8, .NETFramework,Version=v4.8.1' instead of the project target framework 'net8.0'. This package may not be fully compatible with your project. [C:\Users\ultra\warewolf\Dev\Warewolf.Logger.Tests\Warewolf.Logger.Tests.csproj]
C:\Users\ultra\warewolf\Dev\Warewolf.Core\Warewolf.Core.csproj : warning NU1701: Package 'AeroWizard 2.3.1' was restored using '.NETFramework,Version=v4.6.1, .NETFramework,Version=v4.6.2, .NETFramework,Version=v4.7, .NETFramework,Version=v4.7.1, .NETFramework,Version=v4.7.2, .NETFramework,Version=v4.8, .NETFramework,Version=v4.8.1' instead of the project target framework 'net8.0'. This package may not be fully compatible with your project. [C:\Users\ultra\warewolf\Dev\Warewolf.Logger.Tests\Warewolf.Logger.Tests.csproj]
C:\Users\ultra\warewolf\Dev\Warewolf.Data\Warewolf.Data.csproj : warning NU1701: Package 'GroupControls 1.9.0' was restored using '.NETFramework,Version=v4.6.1, .NETFramework,Version=v4.6.2, .NETFramework,Version=v4.7, .NETFramework,Version=v4.7.1, .NETFramework,Version=v4.7.2, .NETFramework,Version=v4.8, .NETFramework,Version=v4.8.1' instead of the project target framework 'net8.0'. This package may not be fully compatible with your project. [C:\Users\ultra\warewolf\Dev\Warewolf.Logger.Tests\Warewolf.Logger.Tests.csproj]
C:\Users\ultra\warewolf\Dev\Warewolf.Storage.Interfaces\Warewolf.Storage.Interfaces.csproj : warning NU1701: Package 'GroupControls 1.9.0' was restored using '.NETFramework,Version=v4.6.1, .NETFramework,Version=v4.6.2, .NETFramework,Version=v4.7, .NETFramework,Version=v4.7.1, .NETFramework,Version=v4.7.2, .NETFramework,Version=v4.8, .NETFramework,Version=v4.8.1' instead of the project target framework 'net8.0'. This package may not be fully compatible with your project. [C:\Users\ultra\warewolf\Dev\Warewolf.Logger.Tests\Warewolf.Logger.Tests.csproj]
C:\Users\ultra\warewolf\Dev\Warewolf.Licensing\Warewolf.Licensing.csproj : warning NU1701: Package 'GroupControls 1.9.0' was restored using '.NETFramework,Version=v4.6.1, .NETFramework,Version=v4.6.2, .NETFramework,Version=v4.7, .NETFramework,Version=v4.7.1, .NETFramework,Version=v4.7.2, .NETFramework,Version=v4.8, .NETFramework,Version=v4.8.1' instead of the project target framework 'net8.0'. This package may not be fully compatible with your project. [C:\Users\ultra\warewolf\Dev\Warewolf.Logger.Tests\Warewolf.Logger.Tests.csproj]
C:\Users\ultra\warewolf\Dev\Warewolf.Driver.Persistence\Warewolf.Driver.Persistence.csproj : warning NU1701: Package 'GroupControls 1.9.0' was restored using '.NETFramework,Version=v4.6.1, .NETFramework,Version=v4.6.2, .NETFramework,Version=v4.7, .NETFramework,Version=v4.7.1, .NETFramework,Version=v4.7.2, .NETFramework,Version=v4.8, .NETFramework,Version=v4.8.1' instead of the project target framework 'net8.0'. This package may not be fully compatible with your project. [C:\Users\ultra\warewolf\Dev\Warewolf.Logger.Tests\Warewolf.Logger.Tests.csproj]
C:\Users\ultra\warewolf\Dev\Warewolf.Storage.Interfaces\Warewolf.Storage.Interfaces.csproj : warning NU1701: Package 'TaskSchedulerEditor 2.10.1' was restored using '.NETFramework,Version=v4.6.1, .NETFramework,Version=v4.6.2, .NETFramework,Version=v4.7, .NETFramework,Version=v4.7.1, .NETFramework,Version=v4.7.2, .NETFramework,Version=v4.8, .NETFramework,Version=v4.8.1' instead of the project target framework 'net8.0'. This package may not be fully compatible with your project. [C:\Users\ultra\warewolf\Dev\Warewolf.Logger.Tests\Warewolf.Logger.Tests.csproj]
C:\Users\ultra\warewolf\Dev\Warewolf.Licensing\Warewolf.Licensing.csproj : warning NU1701: Package 'TaskSchedulerEditor 2.10.1' was restored using '.NETFramework,Version=v4.6.1, .NETFramework,Version=v4.6.2, .NETFramework,Version=v4.7, .NETFramework,Version=v4.7.1, .NETFramework,Version=v4.7.2, .NETFramework,Version=v4.8, .NETFramework,Version=v4.8.1' instead of the project target framework 'net8.0'. This package may not be fully compatible with your project. [C:\Users\ultra\warewolf\Dev\Warewolf.Logger.Tests\Warewolf.Logger.Tests.csproj]
C:\Users\ultra\warewolf\Dev\Warewolf.Driver.Serilog\Warewolf.Driver.Serilog.csproj : warning NU1701: Package 'GroupControls 1.9.0' was restored using '.NETFramework,Version=v4.6.1, .NETFramework,Version=v4.6.2, .NETFramework,Version=v4.7, .NETFramework,Version=v4.7.1, .NETFramework,Version=v4.7.2, .NETFramework,Version=v4.8, .NETFramework,Version=v4.8.1' instead of the project target framework 'net8.0'. This package may not be fully compatible with your project. [C:\Users\ultra\warewolf\Dev\Warewolf.Logger.Tests\Warewolf.Logger.Tests.csproj]
C:\Users\ultra\warewolf\Dev\Warewolf.Driver.Persistence\Warewolf.Driver.Persistence.csproj : warning NU1701: Package 'ReactiveUI.WPF 18.4.1' was restored using '.NETFramework,Version=v4.6.1, .NETFramework,Version=v4.6.2, .NETFramework,Version=v4.7, .NETFramework,Version=v4.7.1, .NETFramework,Version=v4.7.2, .NETFramework,Version=v4.8, .NETFramework,Version=v4.8.1' instead of the project target framework 'net8.0'. This package may not be fully compatible with your project. [C:\Users\ultra\warewolf\Dev\Warewolf.Logger.Tests\Warewolf.Logger.Tests.csproj]
C:\Users\ultra\warewolf\Dev\Warewolf.Core\Warewolf.Core.csproj : warning NU1701: Package 'GroupControls 1.9.0' was restored using '.NETFramework,Version=v4.6.1, .NETFramework,Version=v4.6.2, .NETFramework,Version=v4.7, .NETFramework,Version=v4.7.1, .NETFramework,Version=v4.7.2, .NETFramework,Version=v4.8, .NETFramework,Version=v4.8.1' instead of the project target framework 'net8.0'. This package may not be fully compatible with your project. [C:\Users\ultra\warewolf\Dev\Warewolf.Logger.Tests\Warewolf.Logger.Tests.csproj]
C:\Users\ultra\warewolf\Dev\Warewolf.Data\Warewolf.Data.csproj : warning NU1701: Package 'TaskSchedulerEditor 2.10.1' was restored using '.NETFramework,Version=v4.6.1, .NETFramework,Version=v4.6.2, .NETFramework,Version=v4.7, .NETFramework,Version=v4.7.1, .NETFramework,Version=v4.7.2, .NETFramework,Version=v4.8, .NETFramework,Version=v4.8.1' instead of the project target framework 'net8.0'. This package may not be fully compatible with your project. [C:\Users\ultra\warewolf\Dev\Warewolf.Logger.Tests\Warewolf.Logger.Tests.csproj]
C:\Users\ultra\warewolf\Dev\Warewolf.Driver.Serilog\Warewolf.Driver.Serilog.csproj : warning NU1701: Package 'ReactiveUI.WPF 18.4.1' was restored using '.NETFramework,Version=v4.6.1, .NETFramework,Version=v4.6.2, .NETFramework,Version=v4.7, .NETFramework,Version=v4.7.1, .NETFramework,Version=v4.7.2, .NETFramework,Version=v4.8, .NETFramework,Version=v4.8.1' instead of the project target framework 'net8.0'. This package may not be fully compatible with your project. [C:\Users\ultra\warewolf\Dev\Warewolf.Logger.Tests\Warewolf.Logger.Tests.csproj]
C:\Users\ultra\warewolf\Dev\Warewolf.Driver.Persistence\Warewolf.Driver.Persistence.csproj : warning NU1701: Package 'TaskSchedulerEditor 2.10.1' was restored using '.NETFramework,Version=v4.6.1, .NETFramework,Version=v4.6.2, .NETFramework,Version=v4.7, .NETFramework,Version=v4.7.1, .NETFramework,Version=v4.7.2, .NETFramework,Version=v4.8, .NETFramework,Version=v4.8.1' instead of the project target framework 'net8.0'. This package may not be fully compatible with your project. [C:\Users\ultra\warewolf\Dev\Warewolf.Logger.Tests\Warewolf.Logger.Tests.csproj]
C:\Users\ultra\warewolf\Dev\Warewolf.Common\Warewolf.Common.csproj : warning NU1701: Package 'GroupControls 1.9.0' was restored using '.NETFramework,Version=v4.6.1, .NETFramework,Version=v4.6.2, .NETFramework,Version=v4.7, .NETFramework,Version=v4.7.1, .NETFramework,Version=v4.7.2, .NETFramework,Version=v4.8, .NETFramework,Version=v4.8.1' instead of the project target framework 'net8.0'. This package may not be fully compatible with your project. [C:\Users\ultra\warewolf\Dev\Warewolf.Logger.Tests\Warewolf.Logger.Tests.csproj]
C:\Users\ultra\warewolf\Dev\Warewolf.Core\Warewolf.Core.csproj : warning NU1701: Package 'ReactiveUI.WPF 18.4.1' was restored using '.NETFramework,Version=v4.6.1, .NETFramework,Version=v4.6.2, .NETFramework,Version=v4.7, .NETFramework,Version=v4.7.1, .NETFramework,Version=v4.7.2, .NETFramework,Version=v4.8, .NETFramework,Version=v4.8.1' instead of the project target framework 'net8.0'. This package may not be fully compatible with your project. [C:\Users\ultra\warewolf\Dev\Warewolf.Logger.Tests\Warewolf.Logger.Tests.csproj]
C:\Users\ultra\warewolf\Dev\Warewolf.Driver.Serilog\Warewolf.Driver.Serilog.csproj : warning NU1701: Package 'TaskSchedulerEditor 2.10.1' was restored using '.NETFramework,Version=v4.6.1, .NETFramework,Version=v4.6.2, .NETFramework,Version=v4.7, .NETFramework,Version=v4.7.1, .NETFramework,Version=v4.7.2, .NETFramework,Version=v4.8, .NETFramework,Version=v4.8.1' instead of the project target framework 'net8.0'. This package may not be fully compatible with your project. [C:\Users\ultra\warewolf\Dev\Warewolf.Logger.Tests\Warewolf.Logger.Tests.csproj]
C:\Users\ultra\warewolf\Dev\Warewolf.Common\Warewolf.Common.csproj : warning NU1701: Package 'TaskSchedulerEditor 2.10.1' was restored using '.NETFramework,Version=v4.6.1, .NETFramework,Version=v4.6.2, .NETFramework,Version=v4.7, .NETFramework,Version=v4.7.1, .NETFramework,Version=v4.7.2, .NETFramework,Version=v4.8, .NETFramework,Version=v4.8.1' instead of the project target framework 'net8.0'. This package may not be fully compatible with your project. [C:\Users\ultra\warewolf\Dev\Warewolf.Logger.Tests\Warewolf.Logger.Tests.csproj]
C:\Users\ultra\warewolf\Dev\Warewolf.Core\Warewolf.Core.csproj : warning NU1701: Package 'TaskSchedulerEditor 2.10.1' was restored using '.NETFramework,Version=v4.6.1, .NETFramework,Version=v4.6.2, .NETFramework,Version=v4.7, .NETFramework,Version=v4.7.1, .NETFramework,Version=v4.7.2, .NETFramework,Version=v4.8, .NETFramework,Version=v4.8.1' instead of the project target framework 'net8.0'. This package may not be fully compatible with your project. [C:\Users\ultra\warewolf\Dev\Warewolf.Logger.Tests\Warewolf.Logger.Tests.csproj]
C:\Users\ultra\warewolf\Dev\Warewolf.Sharepoint\Warewolf.Sharepoint.csproj : warning NU1701: Package 'AeroWizard 2.3.1' was restored using '.NETFramework,Version=v4.6.1, .NETFramework,Version=v4.6.2, .NETFramework,Version=v4.7, .NETFramework,Version=v4.7.1, .NETFramework,Version=v4.7.2, .NETFramework,Version=v4.8, .NETFramework,Version=v4.8.1' instead of the project target framework 'net8.0'. This package may not be fully compatible with your project. [C:\Users\ultra\warewolf\Dev\Warewolf.Logger.Tests\Warewolf.Logger.Tests.csproj]
C:\Users\ultra\warewolf\Dev\Warewolf.Sharepoint\Warewolf.Sharepoint.csproj : warning NU1701: Package 'GroupControls 1.9.0' was restored using '.NETFramework,Version=v4.6.1, .NETFramework,Version=v4.6.2, .NETFramework,Version=v4.7, .NETFramework,Version=v4.7.1, .NETFramework,Version=v4.7.2, .NETFramework,Version=v4.8, .NETFramework,Version=v4.8.1' instead of the project target framework 'net8.0'. This package may not be fully compatible with your project. [C:\Users\ultra\warewolf\Dev\Warewolf.Logger.Tests\Warewolf.Logger.Tests.csproj]
C:\Users\ultra\warewolf\Dev\Warewolf.Sharepoint\Warewolf.Sharepoint.csproj : warning NU1701: Package 'ReactiveUI.WPF 18.4.1' was restored using '.NETFramework,Version=v4.6.1, .NETFramework,Version=v4.6.2, .NETFramework,Version=v4.7, .NETFramework,Version=v4.7.1, .NETFramework,Version=v4.7.2, .NETFramework,Version=v4.8, .NETFramework,Version=v4.8.1' instead of the project target framework 'net8.0'. This package may not be fully compatible with your project. [C:\Users\ultra\warewolf\Dev\Warewolf.Logger.Tests\Warewolf.Logger.Tests.csproj]
C:\Users\ultra\warewolf\Dev\Warewolf.Sharepoint\Warewolf.Sharepoint.csproj : warning NU1701: Package 'TaskSchedulerEditor 2.10.1' was restored using '.NETFramework,Version=v4.6.1, .NETFramework,Version=v4.6.2, .NETFramework,Version=v4.7, .NETFramework,Version=v4.7.1, .NETFramework,Version=v4.7.2, .NETFramework,Version=v4.8, .NETFramework,Version=v4.8.1' instead of the project target framework 'net8.0'. This package may not be fully compatible with your project. [C:\Users\ultra\warewolf\Dev\Warewolf.Logger.Tests\Warewolf.Logger.Tests.csproj]
C:\Users\ultra\warewolf\Dev\Warewolf.Logger\Warewolf.Logger.csproj : warning NU1701: Package 'AeroWizard 2.3.1' was restored using '.NETFramework,Version=v4.6.1, .NETFramework,Version=v4.6.2, .NETFramework,Version=v4.7, .NETFramework,Version=v4.7.1, .NETFramework,Version=v4.7.2, .NETFramework,Version=v4.8, .NETFramework,Version=v4.8.1' instead of the project target framework 'net8.0'. This package may not be fully compatible with your project. [C:\Users\ultra\warewolf\Dev\Warewolf.Logger.Tests\Warewolf.Logger.Tests.csproj]
C:\Users\ultra\warewolf\Dev\Warewolf.Logger\Warewolf.Logger.csproj : warning NU1701: Package 'GroupControls 1.9.0' was restored using '.NETFramework,Version=v4.6.1, .NETFramework,Version=v4.6.2, .NETFramework,Version=v4.7, .NETFramework,Version=v4.7.1, .NETFramework,Version=v4.7.2, .NETFramework,Version=v4.8, .NETFramework,Version=v4.8.1' instead of the project target framework 'net8.0'. This package may not be fully compatible with your project. [C:\Users\ultra\warewolf\Dev\Warewolf.Logger.Tests\Warewolf.Logger.Tests.csproj]
C:\Users\ultra\warewolf\Dev\Warewolf.Logger\Warewolf.Logger.csproj : warning NU1701: Package 'Microsoft.Xaml.Behaviors.Wpf 1.1.122' was restored using '.NETFramework,Version=v4.6.1, .NETFramework,Version=v4.6.2, .NETFramework,Version=v4.7, .NETFramework,Version=v4.7.1, .NETFramework,Version=v4.7.2, .NETFramework,Version=v4.8, .NETFramework,Version=v4.8.1' instead of the project target framework 'net8.0'. This package may not be fully compatible with your project. [C:\Users\ultra\warewolf\Dev\Warewolf.Logger.Tests\Warewolf.Logger.Tests.csproj]
C:\Users\ultra\warewolf\Dev\Warewolf.Logger\Warewolf.Logger.csproj : warning NU1701: Package 'Prism.Wpf 9.0.537' was restored using '.NETFramework,Version=v4.6.1, .NETFramework,Version=v4.6.2, .NETFramework,Version=v4.7, .NETFramework,Version=v4.7.1, .NETFramework,Version=v4.7.2, .NETFramework,Version=v4.8, .NETFramework,Version=v4.8.1' instead of the project target framework 'net8.0'. This package may not be fully compatible with your project. [C:\Users\ultra\warewolf\Dev\Warewolf.Logger.Tests\Warewolf.Logger.Tests.csproj]
C:\Users\ultra\warewolf\Dev\Warewolf.Logger\Warewolf.Logger.csproj : warning NU1701: Package 'ReactiveUI.WPF 18.4.1' was restored using '.NETFramework,Version=v4.6.1, .NETFramework,Version=v4.6.2, .NETFramework,Version=v4.7, .NETFramework,Version=v4.7.1, .NETFramework,Version=v4.7.2, .NETFramework,Version=v4.8, .NETFramework,Version=v4.8.1' instead of the project target framework 'net8.0'. This package may not be fully compatible with your project. [C:\Users\ultra\warewolf\Dev\Warewolf.Logger.Tests\Warewolf.Logger.Tests.csproj]
C:\Users\ultra\warewolf\Dev\Warewolf.Logger\Warewolf.Logger.csproj : warning NU1701: Package 'TaskSchedulerEditor 2.10.1' was restored using '.NETFramework,Version=v4.6.1, .NETFramework,Version=v4.6.2, .NETFramework,Version=v4.7, .NETFramework,Version=v4.7.1, .NETFramework,Version=v4.7.2, .NETFramework,Version=v4.8, .NETFramework,Version=v4.8.1' instead of the project target framework 'net8.0'. This package may not be fully compatible with your project. [C:\Users\ultra\warewolf\Dev\Warewolf.Logger.Tests\Warewolf.Logger.Tests.csproj]
C:\Users\ultra\warewolf\Dev\Warewolf.ResourceManagement\Warewolf.ResourceManagement.csproj : warning NU1701: Package 'AeroWizard 2.3.1' was restored using '.NETFramework,Version=v4.6.1, .NETFramework,Version=v4.6.2, .NETFramework,Version=v4.7, .NETFramework,Version=v4.7.1, .NETFramework,Version=v4.7.2, .NETFramework,Version=v4.8, .NETFramework,Version=v4.8.1' instead of the project target framework 'net8.0'. This package may not be fully compatible with your project. [C:\Users\ultra\warewolf\Dev\Warewolf.Logger.Tests\Warewolf.Logger.Tests.csproj]
C:\Users\ultra\warewolf\Dev\Warewolf.Exchange.Email.Wrapper\Warewolf.Exchange.Email.Wrapper.csproj : warning NU1701: Package 'AeroWizard 2.3.1' was restored using '.NETFramework,Version=v4.6.1, .NETFramework,Version=v4.6.2, .NETFramework,Version=v4.7, .NETFramework,Version=v4.7.1, .NETFramework,Version=v4.7.2, .NETFramework,Version=v4.8, .NETFramework,Version=v4.8.1' instead of the project target framework 'net8.0'. This package may not be fully compatible with your project. [C:\Users\ultra\warewolf\Dev\Warewolf.Logger.Tests\Warewolf.Logger.Tests.csproj]
C:\Users\ultra\warewolf\Dev\Warewolf.ResourceManagement\Warewolf.ResourceManagement.csproj : warning NU1701: Package 'GroupControls 1.9.0' was restored using '.NETFramework,Version=v4.6.1, .NETFramework,Version=v4.6.2, .NETFramework,Version=v4.7, .NETFramework,Version=v4.7.1, .NETFramework,Version=v4.7.2, .NETFramework,Version=v4.8, .NETFramework,Version=v4.8.1' instead of the project target framework 'net8.0'. This package may not be fully compatible with your project. [C:\Users\ultra\warewolf\Dev\Warewolf.Logger.Tests\Warewolf.Logger.Tests.csproj]
C:\Users\ultra\warewolf\Dev\Warewolf.Exchange.Email.Wrapper\Warewolf.Exchange.Email.Wrapper.csproj : warning NU1701: Package 'GroupControls 1.9.0' was restored using '.NETFramework,Version=v4.6.1, .NETFramework,Version=v4.6.2, .NETFramework,Version=v4.7, .NETFramework,Version=v4.7.1, .NETFramework,Version=v4.7.2, .NETFramework,Version=v4.8, .NETFramework,Version=v4.8.1' instead of the project target framework 'net8.0'. This package may not be fully compatible with your project. [C:\Users\ultra\warewolf\Dev\Warewolf.Logger.Tests\Warewolf.Logger.Tests.csproj]
C:\Users\ultra\warewolf\Dev\Warewolf.ResourceManagement\Warewolf.ResourceManagement.csproj : warning NU1701: Package 'ReactiveUI.WPF 18.4.1' was restored using '.NETFramework,Version=v4.6.1, .NETFramework,Version=v4.6.2, .NETFramework,Version=v4.7, .NETFramework,Version=v4.7.1, .NETFramework,Version=v4.7.2, .NETFramework,Version=v4.8, .NETFramework,Version=v4.8.1' instead of the project target framework 'net8.0'. This package may not be fully compatible with your project. [C:\Users\ultra\warewolf\Dev\Warewolf.Logger.Tests\Warewolf.Logger.Tests.csproj]
C:\Users\ultra\warewolf\Dev\Warewolf.Exchange.Email.Wrapper\Warewolf.Exchange.Email.Wrapper.csproj : warning NU1701: Package 'ReactiveUI.WPF 18.4.1' was restored using '.NETFramework,Version=v4.6.1, .NETFramework,Version=v4.6.2, .NETFramework,Version=v4.7, .NETFramework,Version=v4.7.1, .NETFramework,Version=v4.7.2, .NETFramework,Version=v4.8, .NETFramework,Version=v4.8.1' instead of the project target framework 'net8.0'. This package may not be fully compatible with your project. [C:\Users\ultra\warewolf\Dev\Warewolf.Logger.Tests\Warewolf.Logger.Tests.csproj]
C:\Users\ultra\warewolf\Dev\Warewolf.ResourceManagement\Warewolf.ResourceManagement.csproj : warning NU1701: Package 'TaskSchedulerEditor 2.10.1' was restored using '.NETFramework,Version=v4.6.1, .NETFramework,Version=v4.6.2, .NETFramework,Version=v4.7, .NETFramework,Version=v4.7.1, .NETFramework,Version=v4.7.2, .NETFramework,Version=v4.8, .NETFramework,Version=v4.8.1' instead of the project target framework 'net8.0'. This package may not be fully compatible with your project. [C:\Users\ultra\warewolf\Dev\Warewolf.Logger.Tests\Warewolf.Logger.Tests.csproj]
C:\Users\ultra\warewolf\Dev\Warewolf.Exchange.Email.Wrapper\Warewolf.Exchange.Email.Wrapper.csproj : warning NU1701: Package 'TaskSchedulerEditor 2.10.1' was restored using '.NETFramework,Version=v4.6.1, .NETFramework,Version=v4.6.2, .NETFramework,Version=v4.7, .NETFramework,Version=v4.7.1, .NETFramework,Version=v4.7.2, .NETFramework,Version=v4.8, .NETFramework,Version=v4.8.1' instead of the project target framework 'net8.0'. This package may not be fully compatible with your project. [C:\Users\ultra\warewolf\Dev\Warewolf.Logger.Tests\Warewolf.Logger.Tests.csproj]
C:\Users\ultra\warewolf\Dev\Dev2.Common.Interfaces\Dev2.Common.Interfaces.csproj : warning NU1903: Package 'Microsoft.Windows.Compatibility' 6.0.0 has a known high severity vulnerability, https://github.com/advisories/GHSA-555c-2p6r-68mm [C:\Users\ultra\warewolf\Dev\Warewolf.Logger.Tests\Warewolf.Logger.Tests.csproj]
C:\Users\ultra\warewolf\Dev\Dev2.Common.Interfaces\Dev2.Common.Interfaces.csproj : warning NU1701: Package 'AeroWizard 2.3.1' was restored using '.NETFramework,Version=v4.6.1, .NETFramework,Version=v4.6.2, .NETFramework,Version=v4.7, .NETFramework,Version=v4.7.1, .NETFramework,Version=v4.7.2, .NETFramework,Version=v4.8, .NETFramework,Version=v4.8.1' instead of the project target framework 'net8.0'. This package may not be fully compatible with your project. [C:\Users\ultra\warewolf\Dev\Warewolf.Logger.Tests\Warewolf.Logger.Tests.csproj]
C:\Users\ultra\warewolf\Dev\Dev2.Common.Interfaces\Dev2.Common.Interfaces.csproj : warning NU1701: Package 'GroupControls 1.9.0' was restored using '.NETFramework,Version=v4.6.1, .NETFramework,Version=v4.6.2, .NETFramework,Version=v4.7, .NETFramework,Version=v4.7.1, .NETFramework,Version=v4.7.2, .NETFramework,Version=v4.8, .NETFramework,Version=v4.8.1' instead of the project target framework 'net8.0'. This package may not be fully compatible with your project. [C:\Users\ultra\warewolf\Dev\Warewolf.Logger.Tests\Warewolf.Logger.Tests.csproj]
C:\Users\ultra\warewolf\Dev\Dev2.Common.Interfaces\Dev2.Common.Interfaces.csproj : warning NU1701: Package 'TaskSchedulerEditor 2.10.1' was restored using '.NETFramework,Version=v4.6.1, .NETFramework,Version=v4.6.2, .NETFramework,Version=v4.7, .NETFramework,Version=v4.7.1, .NETFramework,Version=v4.7.2, .NETFramework,Version=v4.8, .NETFramework,Version=v4.8.1' instead of the project target framework 'net8.0'. This package may not be fully compatible with your project. [C:\Users\ultra\warewolf\Dev\Warewolf.Logger.Tests\Warewolf.Logger.Tests.csproj]
C:\Users\ultra\warewolf\Dev\Warewolf.Storage\Warewolf.Storage.csproj : warning NU1701: Package 'AeroWizard 2.3.1' was restored using '.NETFramework,Version=v4.6.1, .NETFramework,Version=v4.6.2, .NETFramework,Version=v4.7, .NETFramework,Version=v4.7.1, .NETFramework,Version=v4.7.2, .NETFramework,Version=v4.8, .NETFramework,Version=v4.8.1' instead of the project target framework 'net8.0'. This package may not be fully compatible with your project. [C:\Users\ultra\warewolf\Dev\Warewolf.Logger.Tests\Warewolf.Logger.Tests.csproj]
C:\Users\ultra\warewolf\Dev\Warewolf.Storage\Warewolf.Storage.csproj : warning NU1701: Package 'GroupControls 1.9.0' was restored using '.NETFramework,Version=v4.6.1, .NETFramework,Version=v4.6.2, .NETFramework,Version=v4.7, .NETFramework,Version=v4.7.1, .NETFramework,Version=v4.7.2, .NETFramework,Version=v4.8, .NETFramework,Version=v4.8.1' instead of the project target framework 'net8.0'. This package may not be fully compatible with your project. [C:\Users\ultra\warewolf\Dev\Warewolf.Logger.Tests\Warewolf.Logger.Tests.csproj]
C:\Users\ultra\warewolf\Dev\Warewolf.Storage\Warewolf.Storage.csproj : warning NU1701: Package 'ReactiveUI.WPF 18.4.1' was restored using '.NETFramework,Version=v4.6.1, .NETFramework,Version=v4.6.2, .NETFramework,Version=v4.7, .NETFramework,Version=v4.7.1, .NETFramework,Version=v4.7.2, .NETFramework,Version=v4.8, .NETFramework,Version=v4.8.1' instead of the project target framework 'net8.0'. This package may not be fully compatible with your project. [C:\Users\ultra\warewolf\Dev\Warewolf.Logger.Tests\Warewolf.Logger.Tests.csproj]
C:\Users\ultra\warewolf\Dev\Warewolf.Storage\Warewolf.Storage.csproj : warning NU1701: Package 'TaskSchedulerEditor 2.10.1' was restored using '.NETFramework,Version=v4.6.1, .NETFramework,Version=v4.6.2, .NETFramework,Version=v4.7, .NETFramework,Version=v4.7.1, .NETFramework,Version=v4.7.2, .NETFramework,Version=v4.8, .NETFramework,Version=v4.8.1' instead of the project target framework 'net8.0'. This package may not be fully compatible with your project. [C:\Users\ultra\warewolf\Dev\Warewolf.Logger.Tests\Warewolf.Logger.Tests.csproj]
C:\Users\ultra\warewolf\Dev\Dev2.Core\Dev2.Core.csproj : warning NU1903: Package 'Microsoft.Windows.Compatibility' 6.0.0 has a known high severity vulnerability, https://github.com/advisories/GHSA-555c-2p6r-68mm [C:\Users\ultra\warewolf\Dev\Warewolf.Logger.Tests\Warewolf.Logger.Tests.csproj]
C:\Users\ultra\warewolf\Dev\Dev2.Core\Dev2.Core.csproj : warning NU1701: Package 'AeroWizard 2.3.1' was restored using '.NETFramework,Version=v4.6.1, .NETFramework,Version=v4.6.2, .NETFramework,Version=v4.7, .NETFramework,Version=v4.7.1, .NETFramework,Version=v4.7.2, .NETFramework,Version=v4.8, .NETFramework,Version=v4.8.1' instead of the project target framework 'net8.0'. This package may not be fully compatible with your project. [C:\Users\ultra\warewolf\Dev\Warewolf.Logger.Tests\Warewolf.Logger.Tests.csproj]
C:\Users\ultra\warewolf\Dev\Dev2.Core\Dev2.Core.csproj : warning NU1701: Package 'GroupControls 1.9.0' was restored using '.NETFramework,Version=v4.6.1, .NETFramework,Version=v4.6.2, .NETFramework,Version=v4.7, .NETFramework,Version=v4.7.1, .NETFramework,Version=v4.7.2, .NETFramework,Version=v4.8, .NETFramework,Version=v4.8.1' instead of the project target framework 'net8.0'. This package may not be fully compatible with your project. [C:\Users\ultra\warewolf\Dev\Warewolf.Logger.Tests\Warewolf.Logger.Tests.csproj]
C:\Users\ultra\warewolf\Dev\Dev2.Core\Dev2.Core.csproj : warning NU1701: Package 'ReactiveUI.WPF 18.4.1' was restored using '.NETFramework,Version=v4.6.1, .NETFramework,Version=v4.6.2, .NETFramework,Version=v4.7, .NETFramework,Version=v4.7.1, .NETFramework,Version=v4.7.2, .NETFramework,Version=v4.8, .NETFramework,Version=v4.8.1' instead of the project target framework 'net8.0'. This package may not be fully compatible with your project. [C:\Users\ultra\warewolf\Dev\Warewolf.Logger.Tests\Warewolf.Logger.Tests.csproj]
C:\Users\ultra\warewolf\Dev\Dev2.Core\Dev2.Core.csproj : warning NU1701: Package 'TaskSchedulerEditor 2.10.1' was restored using '.NETFramework,Version=v4.6.1, .NETFramework,Version=v4.6.2, .NETFramework,Version=v4.7, .NETFramework,Version=v4.7.1, .NETFramework,Version=v4.7.2, .NETFramework,Version=v4.8, .NETFramework,Version=v4.8.1' instead of the project target framework 'net8.0'. This package may not be fully compatible with your project. [C:\Users\ultra\warewolf\Dev\Warewolf.Logger.Tests\Warewolf.Logger.Tests.csproj]
C:\Users\ultra\warewolf\Dev\Warewolf.AI.Harness\Warewolf.AI.Harness.csproj : warning NU1701: Package 'AeroWizard 2.3.1' was restored using '.NETFramework,Version=v4.6.1, .NETFramework,Version=v4.6.2, .NETFramework,Version=v4.7, .NETFramework,Version=v4.7.1, .NETFramework,Version=v4.7.2, .NETFramework,Version=v4.8, .NETFramework,Version=v4.8.1' instead of the project target framework 'net8.0'. This package may not be fully compatible with your project. [C:\Users\ultra\warewolf\Dev\Warewolf.Logger.Tests\Warewolf.Logger.Tests.csproj]
C:\Users\ultra\warewolf\Dev\Warewolf.AI.Harness\Warewolf.AI.Harness.csproj : warning NU1701: Package 'GroupControls 1.9.0' was restored using '.NETFramework,Version=v4.6.1, .NETFramework,Version=v4.6.2, .NETFramework,Version=v4.7, .NETFramework,Version=v4.7.1, .NETFramework,Version=v4.7.2, .NETFramework,Version=v4.8, .NETFramework,Version=v4.8.1' instead of the project target framework 'net8.0'. This package may not be fully compatible with your project. [C:\Users\ultra\warewolf\Dev\Warewolf.Logger.Tests\Warewolf.Logger.Tests.csproj]
C:\Users\ultra\warewolf\Dev\Warewolf.AI.Harness\Warewolf.AI.Harness.csproj : warning NU1701: Package 'TaskSchedulerEditor 2.10.1' was restored using '.NETFramework,Version=v4.6.1, .NETFramework,Version=v4.6.2, .NETFramework,Version=v4.7, .NETFramework,Version=v4.7.1, .NETFramework,Version=v4.7.2, .NETFramework,Version=v4.8, .NETFramework,Version=v4.8.1' instead of the project target framework 'net8.0'. This package may not be fully compatible with your project. [C:\Users\ultra\warewolf\Dev\Warewolf.Logger.Tests\Warewolf.Logger.Tests.csproj]
C:\Users\ultra\warewolf\Dev\Dev2.Common\Dev2.Common.csproj : warning NU1903: Package 'Microsoft.Windows.Compatibility' 6.0.0 has a known high severity vulnerability, https://github.com/advisories/GHSA-555c-2p6r-68mm [C:\Users\ultra\warewolf\Dev\Warewolf.Logger.Tests\Warewolf.Logger.Tests.csproj]
C:\Users\ultra\warewolf\Dev\Dev2.Common\Dev2.Common.csproj : warning NU1701: Package 'AeroWizard 2.3.1' was restored using '.NETFramework,Version=v4.6.1, .NETFramework,Version=v4.6.2, .NETFramework,Version=v4.7, .NETFramework,Version=v4.7.1, .NETFramework,Version=v4.7.2, .NETFramework,Version=v4.8, .NETFramework,Version=v4.8.1' instead of the project target framework 'net8.0'. This package may not be fully compatible with your project. [C:\Users\ultra\warewolf\Dev\Warewolf.Logger.Tests\Warewolf.Logger.Tests.csproj]
C:\Users\ultra\warewolf\Dev\Dev2.Common\Dev2.Common.csproj : warning NU1701: Package 'GroupControls 1.9.0' was restored using '.NETFramework,Version=v4.6.1, .NETFramework,Version=v4.6.2, .NETFramework,Version=v4.7, .NETFramework,Version=v4.7.1, .NETFramework,Version=v4.7.2, .NETFramework,Version=v4.8, .NETFramework,Version=v4.8.1' instead of the project target framework 'net8.0'. This package may not be fully compatible with your project. [C:\Users\ultra\warewolf\Dev\Warewolf.Logger.Tests\Warewolf.Logger.Tests.csproj]
C:\Users\ultra\warewolf\Dev\Dev2.Common\Dev2.Common.csproj : warning NU1701: Package 'TaskSchedulerEditor 2.10.1' was restored using '.NETFramework,Version=v4.6.1, .NETFramework,Version=v4.6.2, .NETFramework,Version=v4.7, .NETFramework,Version=v4.7.1, .NETFramework,Version=v4.7.2, .NETFramework,Version=v4.8, .NETFramework,Version=v4.8.1' instead of the project target framework 'net8.0'. This package may not be fully compatible with your project. [C:\Users\ultra\warewolf\Dev\Warewolf.Logger.Tests\Warewolf.Logger.Tests.csproj]
C:\Users\ultra\warewolf\Dev\Warewolf.Common.NetStandard20\Warewolf.Common.NetStandard20.csproj : warning NU1701: Package 'AeroWizard 2.3.1' was restored using '.NETFramework,Version=v4.6.1, .NETFramework,Version=v4.6.2, .NETFramework,Version=v4.7, .NETFramework,Version=v4.7.1, .NETFramework,Version=v4.7.2, .NETFramework,Version=v4.8, .NETFramework,Version=v4.8.1' instead of the project target framework 'net8.0'. This package may not be fully compatible with your project. [C:\Users\ultra\warewolf\Dev\Warewolf.Logger.Tests\Warewolf.Logger.Tests.csproj]
C:\Users\ultra\warewolf\Dev\Warewolf.Common.NetStandard20\Warewolf.Common.NetStandard20.csproj : warning NU1701: Package 'GroupControls 1.9.0' was restored using '.NETFramework,Version=v4.6.1, .NETFramework,Version=v4.6.2, .NETFramework,Version=v4.7, .NETFramework,Version=v4.7.1, .NETFramework,Version=v4.7.2, .NETFramework,Version=v4.8, .NETFramework,Version=v4.8.1' instead of the project target framework 'net8.0'. This package may not be fully compatible with your project. [C:\Users\ultra\warewolf\Dev\Warewolf.Logger.Tests\Warewolf.Logger.Tests.csproj]
C:\Users\ultra\warewolf\Dev\Warewolf.Common.NetStandard20\Warewolf.Common.NetStandard20.csproj : warning NU1701: Package 'ReactiveUI.WPF 18.4.1' was restored using '.NETFramework,Version=v4.6.1, .NETFramework,Version=v4.6.2, .NETFramework,Version=v4.7, .NETFramework,Version=v4.7.1, .NETFramework,Version=v4.7.2, .NETFramework,Version=v4.8, .NETFramework,Version=v4.8.1' instead of the project target framework 'net8.0'. This package may not be fully compatible with your project. [C:\Users\ultra\warewolf\Dev\Warewolf.Logger.Tests\Warewolf.Logger.Tests.csproj]
C:\Users\ultra\warewolf\Dev\Warewolf.Common.NetStandard20\Warewolf.Common.NetStandard20.csproj : warning NU1701: Package 'TaskSchedulerEditor 2.10.1' was restored using '.NETFramework,Version=v4.6.1, .NETFramework,Version=v4.6.2, .NETFramework,Version=v4.7, .NETFramework,Version=v4.7.1, .NETFramework,Version=v4.7.2, .NETFramework,Version=v4.8, .NETFramework,Version=v4.8.1' instead of the project target framework 'net8.0'. This package may not be fully compatible with your project. [C:\Users\ultra\warewolf\Dev\Warewolf.Logger.Tests\Warewolf.Logger.Tests.csproj]
C:\Users\ultra\warewolf\Dev\Warewolf.Studio.Core\Warewolf.Studio.Core.csproj : warning NU1701: Package 'AeroWizard 2.3.1' was restored using '.NETFramework,Version=v4.6.1, .NETFramework,Version=v4.6.2, .NETFramework,Version=v4.7, .NETFramework,Version=v4.7.1, .NETFramework,Version=v4.7.2, .NETFramework,Version=v4.8, .NETFramework,Version=v4.8.1' instead of the project target framework 'net8.0'. This package may not be fully compatible with your project. [C:\Users\ultra\warewolf\Dev\Warewolf.Logger.Tests\Warewolf.Logger.Tests.csproj]
C:\Users\ultra\warewolf\Dev\Warewolf.Studio.Core\Warewolf.Studio.Core.csproj : warning NU1701: Package 'GroupControls 1.9.0' was restored using '.NETFramework,Version=v4.6.1, .NETFramework,Version=v4.6.2, .NETFramework,Version=v4.7, .NETFramework,Version=v4.7.1, .NETFramework,Version=v4.7.2, .NETFramework,Version=v4.8, .NETFramework,Version=v4.8.1' instead of the project target framework 'net8.0'. This package may not be fully compatible with your project. [C:\Users\ultra\warewolf\Dev\Warewolf.Logger.Tests\Warewolf.Logger.Tests.csproj]
C:\Users\ultra\warewolf\Dev\Warewolf.Studio.Core\Warewolf.Studio.Core.csproj : warning NU1701: Package 'Microsoft.Xaml.Behaviors.Wpf 1.1.122' was restored using '.NETFramework,Version=v4.6.1, .NETFramework,Version=v4.6.2, .NETFramework,Version=v4.7, .NETFramework,Version=v4.7.1, .NETFramework,Version=v4.7.2, .NETFramework,Version=v4.8, .NETFramework,Version=v4.8.1' instead of the project target framework 'net8.0'. This package may not be fully compatible with your project. [C:\Users\ultra\warewolf\Dev\Warewolf.Logger.Tests\Warewolf.Logger.Tests.csproj]
C:\Users\ultra\warewolf\Dev\Warewolf.Studio.Core\Warewolf.Studio.Core.csproj : warning NU1701: Package 'Prism.Wpf 9.0.537' was restored using '.NETFramework,Version=v4.6.1, .NETFramework,Version=v4.6.2, .NETFramework,Version=v4.7, .NETFramework,Version=v4.7.1, .NETFramework,Version=v4.7.2, .NETFramework,Version=v4.8, .NETFramework,Version=v4.8.1' instead of the project target framework 'net8.0'. This package may not be fully compatible with your project. [C:\Users\ultra\warewolf\Dev\Warewolf.Logger.Tests\Warewolf.Logger.Tests.csproj]
C:\Users\ultra\warewolf\Dev\Warewolf.Studio.Core\Warewolf.Studio.Core.csproj : warning NU1701: Package 'ReactiveUI.WPF 18.4.1' was restored using '.NETFramework,Version=v4.6.1, .NETFramework,Version=v4.6.2, .NETFramework,Version=v4.7, .NETFramework,Version=v4.7.1, .NETFramework,Version=v4.7.2, .NETFramework,Version=v4.8, .NETFramework,Version=v4.8.1' instead of the project target framework 'net8.0'. This package may not be fully compatible with your project. [C:\Users\ultra\warewolf\Dev\Warewolf.Logger.Tests\Warewolf.Logger.Tests.csproj]
C:\Users\ultra\warewolf\Dev\Warewolf.Studio.Core\Warewolf.Studio.Core.csproj : warning NU1701: Package 'TaskSchedulerEditor 2.10.1' was restored using '.NETFramework,Version=v4.6.1, .NETFramework,Version=v4.6.2, .NETFramework,Version=v4.7, .NETFramework,Version=v4.7.1, .NETFramework,Version=v4.7.2, .NETFramework,Version=v4.8, .NETFramework,Version=v4.8.1' instead of the project target framework 'net8.0'. This package may not be fully compatible with your project. [C:\Users\ultra\warewolf\Dev\Warewolf.Logger.Tests\Warewolf.Logger.Tests.csproj]
C:\Users\ultra\warewolf\Dev\Dev2.Runtime\Dev2.Runtime.csproj : warning NU1903: Package 'Microsoft.Windows.Compatibility' 6.0.0 has a known high severity vulnerability, https://github.com/advisories/GHSA-555c-2p6r-68mm [C:\Users\ultra\warewolf\Dev\Warewolf.Logger.Tests\Warewolf.Logger.Tests.csproj]
C:\Users\ultra\warewolf\Dev\Dev2.Runtime\Dev2.Runtime.csproj : warning NU1701: Package 'AeroWizard 2.3.1' was restored using '.NETFramework,Version=v4.6.1, .NETFramework,Version=v4.6.2, .NETFramework,Version=v4.7, .NETFramework,Version=v4.7.1, .NETFramework,Version=v4.7.2, .NETFramework,Version=v4.8, .NETFramework,Version=v4.8.1' instead of the project target framework 'net8.0'. This package may not be fully compatible with your project. [C:\Users\ultra\warewolf\Dev\Warewolf.Logger.Tests\Warewolf.Logger.Tests.csproj]
C:\Users\ultra\warewolf\Dev\Dev2.Runtime\Dev2.Runtime.csproj : warning NU1701: Package 'GroupControls 1.9.0' was restored using '.NETFramework,Version=v4.6.1, .NETFramework,Version=v4.6.2, .NETFramework,Version=v4.7, .NETFramework,Version=v4.7.1, .NETFramework,Version=v4.7.2, .NETFramework,Version=v4.8, .NETFramework,Version=v4.8.1' instead of the project target framework 'net8.0'. This package may not be fully compatible with your project. [C:\Users\ultra\warewolf\Dev\Warewolf.Logger.Tests\Warewolf.Logger.Tests.csproj]
C:\Users\ultra\warewolf\Dev\Dev2.Runtime\Dev2.Runtime.csproj : warning NU1701: Package 'ReactiveUI.WPF 18.4.1' was restored using '.NETFramework,Version=v4.6.1, .NETFramework,Version=v4.6.2, .NETFramework,Version=v4.7, .NETFramework,Version=v4.7.1, .NETFramework,Version=v4.7.2, .NETFramework,Version=v4.8, .NETFramework,Version=v4.8.1' instead of the project target framework 'net8.0'. This package may not be fully compatible with your project. [C:\Users\ultra\warewolf\Dev\Warewolf.Logger.Tests\Warewolf.Logger.Tests.csproj]
C:\Users\ultra\warewolf\Dev\Dev2.Runtime\Dev2.Runtime.csproj : warning NU1701: Package 'TaskSchedulerEditor 2.10.1' was restored using '.NETFramework,Version=v4.6.1, .NETFramework,Version=v4.6.2, .NETFramework,Version=v4.7, .NETFramework,Version=v4.7.1, .NETFramework,Version=v4.7.2, .NETFramework,Version=v4.8, .NETFramework,Version=v4.8.1' instead of the project target framework 'net8.0'. This package may not be fully compatible with your project. [C:\Users\ultra\warewolf\Dev\Warewolf.Logger.Tests\Warewolf.Logger.Tests.csproj]
C:\Users\ultra\warewolf\Dev\Dev2.Runtime.Configuration\Dev2.Runtime.Configuration.csproj : warning NU1903: Package 'Microsoft.Windows.Compatibility' 6.0.0 has a known high severity vulnerability, https://github.com/advisories/GHSA-555c-2p6r-68mm [C:\Users\ultra\warewolf\Dev\Warewolf.Logger.Tests\Warewolf.Logger.Tests.csproj]
C:\Users\ultra\warewolf\Dev\Dev2.Runtime.Configuration\Dev2.Runtime.Configuration.csproj : warning NU1701: Package 'AeroWizard 2.3.1' was restored using '.NETFramework,Version=v4.6.1, .NETFramework,Version=v4.6.2, .NETFramework,Version=v4.7, .NETFramework,Version=v4.7.1, .NETFramework,Version=v4.7.2, .NETFramework,Version=v4.8, .NETFramework,Version=v4.8.1' instead of the project target framework 'net8.0'. This package may not be fully compatible with your project. [C:\Users\ultra\warewolf\Dev\Warewolf.Logger.Tests\Warewolf.Logger.Tests.csproj]
C:\Users\ultra\warewolf\Dev\Dev2.Runtime.Configuration\Dev2.Runtime.Configuration.csproj : warning NU1701: Package 'GroupControls 1.9.0' was restored using '.NETFramework,Version=v4.6.1, .NETFramework,Version=v4.6.2, .NETFramework,Version=v4.7, .NETFramework,Version=v4.7.1, .NETFramework,Version=v4.7.2, .NETFramework,Version=v4.8, .NETFramework,Version=v4.8.1' instead of the project target framework 'net8.0'. This package may not be fully compatible with your project. [C:\Users\ultra\warewolf\Dev\Warewolf.Logger.Tests\Warewolf.Logger.Tests.csproj]
C:\Users\ultra\warewolf\Dev\Dev2.Runtime.Configuration\Dev2.Runtime.Configuration.csproj : warning NU1701: Package 'TaskSchedulerEditor 2.10.1' was restored using '.NETFramework,Version=v4.6.1, .NETFramework,Version=v4.6.2, .NETFramework,Version=v4.7, .NETFramework,Version=v4.7.1, .NETFramework,Version=v4.7.2, .NETFramework,Version=v4.8, .NETFramework,Version=v4.8.1' instead of the project target framework 'net8.0'. This package may not be fully compatible with your project. [C:\Users\ultra\warewolf\Dev\Warewolf.Logger.Tests\Warewolf.Logger.Tests.csproj]
C:\Users\ultra\warewolf\Dev\Dev2.Activities\Dev2.Activities.csproj : warning NU1903: Package 'Microsoft.Windows.Compatibility' 6.0.0 has a known high severity vulnerability, https://github.com/advisories/GHSA-555c-2p6r-68mm [C:\Users\ultra\warewolf\Dev\Warewolf.Logger.Tests\Warewolf.Logger.Tests.csproj]
C:\Users\ultra\warewolf\Dev\Dev2.Activities\Dev2.Activities.csproj : warning NU1701: Package 'AeroWizard 2.3.1' was restored using '.NETFramework,Version=v4.6.1, .NETFramework,Version=v4.6.2, .NETFramework,Version=v4.7, .NETFramework,Version=v4.7.1, .NETFramework,Version=v4.7.2, .NETFramework,Version=v4.8, .NETFramework,Version=v4.8.1' instead of the project target framework 'net8.0'. This package may not be fully compatible with your project. [C:\Users\ultra\warewolf\Dev\Warewolf.Logger.Tests\Warewolf.Logger.Tests.csproj]
C:\Users\ultra\warewolf\Dev\Dev2.Activities\Dev2.Activities.csproj : warning NU1701: Package 'GroupControls 1.9.0' was restored using '.NETFramework,Version=v4.6.1, .NETFramework,Version=v4.6.2, .NETFramework,Version=v4.7, .NETFramework,Version=v4.7.1, .NETFramework,Version=v4.7.2, .NETFramework,Version=v4.8, .NETFramework,Version=v4.8.1' instead of the project target framework 'net8.0'. This package may not be fully compatible with your project. [C:\Users\ultra\warewolf\Dev\Warewolf.Logger.Tests\Warewolf.Logger.Tests.csproj]
C:\Users\ultra\warewolf\Dev\Dev2.Activities\Dev2.Activities.csproj : warning NU1701: Package 'ReactiveUI.WPF 18.4.1' was restored using '.NETFramework,Version=v4.6.1, .NETFramework,Version=v4.6.2, .NETFramework,Version=v4.7, .NETFramework,Version=v4.7.1, .NETFramework,Version=v4.7.2, .NETFramework,Version=v4.8, .NETFramework,Version=v4.8.1' instead of the project target framework 'net8.0'. This package may not be fully compatible with your project. [C:\Users\ultra\warewolf\Dev\Warewolf.Logger.Tests\Warewolf.Logger.Tests.csproj]
C:\Users\ultra\warewolf\Dev\Dev2.Activities\Dev2.Activities.csproj : warning NU1701: Package 'TaskSchedulerEditor 2.10.1' was restored using '.NETFramework,Version=v4.6.1, .NETFramework,Version=v4.6.2, .NETFramework,Version=v4.7, .NETFramework,Version=v4.7.1, .NETFramework,Version=v4.7.2, .NETFramework,Version=v4.8, .NETFramework,Version=v4.8.1' instead of the project target framework 'net8.0'. This package may not be fully compatible with your project. [C:\Users\ultra\warewolf\Dev\Warewolf.Logger.Tests\Warewolf.Logger.Tests.csproj]
C:\Users\ultra\warewolf\Dev\Warewolf.Testing\Warewolf.Testing.csproj : warning NU1701: Package 'AeroWizard 2.3.1' was restored using '.NETFramework,Version=v4.6.1, .NETFramework,Version=v4.6.2, .NETFramework,Version=v4.7, .NETFramework,Version=v4.7.1, .NETFramework,Version=v4.7.2, .NETFramework,Version=v4.8, .NETFramework,Version=v4.8.1' instead of the project target framework 'net8.0'. This package may not be fully compatible with your project. [C:\Users\ultra\warewolf\Dev\Warewolf.Logger.Tests\Warewolf.Logger.Tests.csproj]
C:\Users\ultra\warewolf\Dev\Warewolf.Testing\Warewolf.Testing.csproj : warning NU1701: Package 'GroupControls 1.9.0' was restored using '.NETFramework,Version=v4.6.1, .NETFramework,Version=v4.6.2, .NETFramework,Version=v4.7, .NETFramework,Version=v4.7.1, .NETFramework,Version=v4.7.2, .NETFramework,Version=v4.8, .NETFramework,Version=v4.8.1' instead of the project target framework 'net8.0'. This package may not be fully compatible with your project. [C:\Users\ultra\warewolf\Dev\Warewolf.Logger.Tests\Warewolf.Logger.Tests.csproj]
C:\Users\ultra\warewolf\Dev\Dev2.Util\Dev2.Util.csproj : warning NU1903: Package 'Microsoft.Windows.Compatibility' 6.0.0 has a known high severity vulnerability, https://github.com/advisories/GHSA-555c-2p6r-68mm [C:\Users\ultra\warewolf\Dev\Warewolf.Logger.Tests\Warewolf.Logger.Tests.csproj]
C:\Users\ultra\warewolf\Dev\Warewolf.Testing\Warewolf.Testing.csproj : warning NU1701: Package 'Microsoft.Xaml.Behaviors.Wpf 1.1.122' was restored using '.NETFramework,Version=v4.6.1, .NETFramework,Version=v4.6.2, .NETFramework,Version=v4.7, .NETFramework,Version=v4.7.1, .NETFramework,Version=v4.7.2, .NETFramework,Version=v4.8, .NETFramework,Version=v4.8.1' instead of the project target framework 'net8.0'. This package may not be fully compatible with your project. [C:\Users\ultra\warewolf\Dev\Warewolf.Logger.Tests\Warewolf.Logger.Tests.csproj]
C:\Users\ultra\warewolf\Dev\Warewolf.Testing\Warewolf.Testing.csproj : warning NU1701: Package 'Prism.Wpf 9.0.537' was restored using '.NETFramework,Version=v4.6.1, .NETFramework,Version=v4.6.2, .NETFramework,Version=v4.7, .NETFramework,Version=v4.7.1, .NETFramework,Version=v4.7.2, .NETFramework,Version=v4.8, .NETFramework,Version=v4.8.1' instead of the project target framework 'net8.0'. This package may not be fully compatible with your project. [C:\Users\ultra\warewolf\Dev\Warewolf.Logger.Tests\Warewolf.Logger.Tests.csproj]
C:\Users\ultra\warewolf\Dev\Dev2.Util\Dev2.Util.csproj : warning NU1701: Package 'AeroWizard 2.3.1' was restored using '.NETFramework,Version=v4.6.1, .NETFramework,Version=v4.6.2, .NETFramework,Version=v4.7, .NETFramework,Version=v4.7.1, .NETFramework,Version=v4.7.2, .NETFramework,Version=v4.8, .NETFramework,Version=v4.8.1' instead of the project target framework 'net8.0'. This package may not be fully compatible with your project. [C:\Users\ultra\warewolf\Dev\Warewolf.Logger.Tests\Warewolf.Logger.Tests.csproj]
C:\Users\ultra\warewolf\Dev\Warewolf.Testing\Warewolf.Testing.csproj : warning NU1701: Package 'ReactiveUI.WPF 18.4.1' was restored using '.NETFramework,Version=v4.6.1, .NETFramework,Version=v4.6.2, .NETFramework,Version=v4.7, .NETFramework,Version=v4.7.1, .NETFramework,Version=v4.7.2, .NETFramework,Version=v4.8, .NETFramework,Version=v4.8.1' instead of the project target framework 'net8.0'. This package may not be fully compatible with your project. [C:\Users\ultra\warewolf\Dev\Warewolf.Logger.Tests\Warewolf.Logger.Tests.csproj]
C:\Users\ultra\warewolf\Dev\Dev2.Util\Dev2.Util.csproj : warning NU1701: Package 'GroupControls 1.9.0' was restored using '.NETFramework,Version=v4.6.1, .NETFramework,Version=v4.6.2, .NETFramework,Version=v4.7, .NETFramework,Version=v4.7.1, .NETFramework,Version=v4.7.2, .NETFramework,Version=v4.8, .NETFramework,Version=v4.8.1' instead of the project target framework 'net8.0'. This package may not be fully compatible with your project. [C:\Users\ultra\warewolf\Dev\Warewolf.Logger.Tests\Warewolf.Logger.Tests.csproj]
C:\Users\ultra\warewolf\Dev\Warewolf.Testing\Warewolf.Testing.csproj : warning NU1701: Package 'TaskSchedulerEditor 2.10.1' was restored using '.NETFramework,Version=v4.6.1, .NETFramework,Version=v4.6.2, .NETFramework,Version=v4.7, .NETFramework,Version=v4.7.1, .NETFramework,Version=v4.7.2, .NETFramework,Version=v4.8, .NETFramework,Version=v4.8.1' instead of the project target framework 'net8.0'. This package may not be fully compatible with your project. [C:\Users\ultra\warewolf\Dev\Warewolf.Logger.Tests\Warewolf.Logger.Tests.csproj]
C:\Users\ultra\warewolf\Dev\Dev2.Util\Dev2.Util.csproj : warning NU1701: Package 'TaskSchedulerEditor 2.10.1' was restored using '.NETFramework,Version=v4.6.1, .NETFramework,Version=v4.6.2, .NETFramework,Version=v4.7, .NETFramework,Version=v4.7.1, .NETFramework,Version=v4.7.2, .NETFramework,Version=v4.8, .NETFramework,Version=v4.8.1' instead of the project target framework 'net8.0'. This package may not be fully compatible with your project. [C:\Users\ultra\warewolf\Dev\Warewolf.Logger.Tests\Warewolf.Logger.Tests.csproj]
C:\Users\ultra\warewolf\Dev\Dev2.TaskScheduler.Wrappers\Dev2.TaskScheduler.Wrappers.csproj : warning NU1701: Package 'AeroWizard 2.3.1' was restored using '.NETFramework,Version=v4.6.1, .NETFramework,Version=v4.6.2, .NETFramework,Version=v4.7, .NETFramework,Version=v4.7.1, .NETFramework,Version=v4.7.2, .NETFramework,Version=v4.8, .NETFramework,Version=v4.8.1' instead of the project target framework 'net8.0'. This package may not be fully compatible with your project. [C:\Users\ultra\warewolf\Dev\Warewolf.Logger.Tests\Warewolf.Logger.Tests.csproj]
C:\Users\ultra\warewolf\Dev\Dev2.TaskScheduler.Wrappers\Dev2.TaskScheduler.Wrappers.csproj : warning NU1701: Package 'GroupControls 1.9.0' was restored using '.NETFramework,Version=v4.6.1, .NETFramework,Version=v4.6.2, .NETFramework,Version=v4.7, .NETFramework,Version=v4.7.1, .NETFramework,Version=v4.7.2, .NETFramework,Version=v4.8, .NETFramework,Version=v4.8.1' instead of the project target framework 'net8.0'. This package may not be fully compatible with your project. [C:\Users\ultra\warewolf\Dev\Warewolf.Logger.Tests\Warewolf.Logger.Tests.csproj]
C:\Users\ultra\warewolf\Dev\Dev2.TaskScheduler.Wrappers\Dev2.TaskScheduler.Wrappers.csproj : warning NU1701: Package 'TaskSchedulerEditor 2.10.1' was restored using '.NETFramework,Version=v4.6.1, .NETFramework,Version=v4.6.2, .NETFramework,Version=v4.7, .NETFramework,Version=v4.7.1, .NETFramework,Version=v4.7.2, .NETFramework,Version=v4.8, .NETFramework,Version=v4.8.1' instead of the project target framework 'net8.0'. This package may not be fully compatible with your project. [C:\Users\ultra\warewolf\Dev\Warewolf.Logger.Tests\Warewolf.Logger.Tests.csproj]
C:\Users\ultra\warewolf\Dev\Dev2.Runtime.Services\Dev2.Runtime.Services.csproj : warning NU1902: Package 'MessagePack' 2.4.59 has a known moderate severity vulnerability, https://github.com/advisories/GHSA-4qm4-8hg2-g2xm [C:\Users\ultra\warewolf\Dev\Warewolf.Logger.Tests\Warewolf.Logger.Tests.csproj]
C:\Users\ultra\warewolf\Dev\Dev2.Runtime.Services\Dev2.Runtime.Services.csproj : warning NU1903: Package 'Microsoft.Windows.Compatibility' 6.0.0 has a known high severity vulnerability, https://github.com/advisories/GHSA-555c-2p6r-68mm [C:\Users\ultra\warewolf\Dev\Warewolf.Logger.Tests\Warewolf.Logger.Tests.csproj]
C:\Users\ultra\warewolf\Dev\Dev2.Runtime.Services\Dev2.Runtime.Services.csproj : warning NU1701: Package 'AeroWizard 2.3.1' was restored using '.NETFramework,Version=v4.6.1, .NETFramework,Version=v4.6.2, .NETFramework,Version=v4.7, .NETFramework,Version=v4.7.1, .NETFramework,Version=v4.7.2, .NETFramework,Version=v4.8, .NETFramework,Version=v4.8.1' instead of the project target framework 'net8.0'. This package may not be fully compatible with your project. [C:\Users\ultra\warewolf\Dev\Warewolf.Logger.Tests\Warewolf.Logger.Tests.csproj]
C:\Users\ultra\warewolf\Dev\Dev2.Runtime.Services\Dev2.Runtime.Services.csproj : warning NU1701: Package 'GroupControls 1.9.0' was restored using '.NETFramework,Version=v4.6.1, .NETFramework,Version=v4.6.2, .NETFramework,Version=v4.7, .NETFramework,Version=v4.7.1, .NETFramework,Version=v4.7.2, .NETFramework,Version=v4.8, .NETFramework,Version=v4.8.1' instead of the project target framework 'net8.0'. This package may not be fully compatible with your project. [C:\Users\ultra\warewolf\Dev\Warewolf.Logger.Tests\Warewolf.Logger.Tests.csproj]
C:\Users\ultra\warewolf\Dev\Dev2.Runtime.Services\Dev2.Runtime.Services.csproj : warning NU1701: Package 'ReactiveUI.WPF 18.4.1' was restored using '.NETFramework,Version=v4.6.1, .NETFramework,Version=v4.6.2, .NETFramework,Version=v4.7, .NETFramework,Version=v4.7.1, .NETFramework,Version=v4.7.2, .NETFramework,Version=v4.8, .NETFramework,Version=v4.8.1' instead of the project target framework 'net8.0'. This package may not be fully compatible with your project. [C:\Users\ultra\warewolf\Dev\Warewolf.Logger.Tests\Warewolf.Logger.Tests.csproj]
C:\Users\ultra\warewolf\Dev\Dev2.Runtime.Services\Dev2.Runtime.Services.csproj : warning NU1701: Package 'TaskSchedulerEditor 2.10.1' was restored using '.NETFramework,Version=v4.6.1, .NETFramework,Version=v4.6.2, .NETFramework,Version=v4.7, .NETFramework,Version=v4.7.1, .NETFramework,Version=v4.7.2, .NETFramework,Version=v4.8, .NETFramework,Version=v4.8.1' instead of the project target framework 'net8.0'. This package may not be fully compatible with your project. [C:\Users\ultra\warewolf\Dev\Warewolf.Logger.Tests\Warewolf.Logger.Tests.csproj]
C:\Users\ultra\warewolf\Dev\Dev2.Services.Sql\Dev2.Services.Sql.csproj : warning NU1903: Package 'Oracle.ManagedDataAccess.Core' 3.21.70 has a known high severity vulnerability, https://github.com/advisories/GHSA-5pm2-9mr2-3frq [C:\Users\ultra\warewolf\Dev\Warewolf.Logger.Tests\Warewolf.Logger.Tests.csproj]
C:\Users\ultra\warewolf\Dev\Dev2.Services.Sql\Dev2.Services.Sql.csproj : warning NU1701: Package 'AeroWizard 2.3.1' was restored using '.NETFramework,Version=v4.6.1, .NETFramework,Version=v4.6.2, .NETFramework,Version=v4.7, .NETFramework,Version=v4.7.1, .NETFramework,Version=v4.7.2, .NETFramework,Version=v4.8, .NETFramework,Version=v4.8.1' instead of the project target framework 'net8.0'. This package may not be fully compatible with your project. [C:\Users\ultra\warewolf\Dev\Warewolf.Logger.Tests\Warewolf.Logger.Tests.csproj]
C:\Users\ultra\warewolf\Dev\Dev2.Services.Sql\Dev2.Services.Sql.csproj : warning NU1701: Package 'GroupControls 1.9.0' was restored using '.NETFramework,Version=v4.6.1, .NETFramework,Version=v4.6.2, .NETFramework,Version=v4.7, .NETFramework,Version=v4.7.1, .NETFramework,Version=v4.7.2, .NETFramework,Version=v4.8, .NETFramework,Version=v4.8.1' instead of the project target framework 'net8.0'. This package may not be fully compatible with your project. [C:\Users\ultra\warewolf\Dev\Warewolf.Logger.Tests\Warewolf.Logger.Tests.csproj]
C:\Users\ultra\warewolf\Dev\Dev2.Services.Sql\Dev2.Services.Sql.csproj : warning NU1701: Package 'ReactiveUI.WPF 18.4.1' was restored using '.NETFramework,Version=v4.6.1, .NETFramework,Version=v4.6.2, .NETFramework,Version=v4.7, .NETFramework,Version=v4.7.1, .NETFramework,Version=v4.7.2, .NETFramework,Version=v4.8, .NETFramework,Version=v4.8.1' instead of the project target framework 'net8.0'. This package may not be fully compatible with your project. [C:\Users\ultra\warewolf\Dev\Warewolf.Logger.Tests\Warewolf.Logger.Tests.csproj]
C:\Users\ultra\warewolf\Dev\Dev2.Services.Sql\Dev2.Services.Sql.csproj : warning NU1701: Package 'TaskSchedulerEditor 2.10.1' was restored using '.NETFramework,Version=v4.6.1, .NETFramework,Version=v4.6.2, .NETFramework,Version=v4.7, .NETFramework,Version=v4.7.1, .NETFramework,Version=v4.7.2, .NETFramework,Version=v4.8, .NETFramework,Version=v4.8.1' instead of the project target framework 'net8.0'. This package may not be fully compatible with your project. [C:\Users\ultra\warewolf\Dev\Warewolf.Logger.Tests\Warewolf.Logger.Tests.csproj]
C:\Users\ultra\warewolf\Dev\Dev2.Development.Languages\Dev2.Development.Languages.csproj : warning NU1701: Package 'AeroWizard 2.3.1' was restored using '.NETFramework,Version=v4.6.1, .NETFramework,Version=v4.6.2, .NETFramework,Version=v4.7, .NETFramework,Version=v4.7.1, .NETFramework,Version=v4.7.2, .NETFramework,Version=v4.8, .NETFramework,Version=v4.8.1' instead of the project target framework 'net8.0'. This package may not be fully compatible with your project. [C:\Users\ultra\warewolf\Dev\Warewolf.Logger.Tests\Warewolf.Logger.Tests.csproj]
C:\Users\ultra\warewolf\Dev\Dev2.Development.Languages\Dev2.Development.Languages.csproj : warning NU1701: Package 'GroupControls 1.9.0' was restored using '.NETFramework,Version=v4.6.1, .NETFramework,Version=v4.6.2, .NETFramework,Version=v4.7, .NETFramework,Version=v4.7.1, .NETFramework,Version=v4.7.2, .NETFramework,Version=v4.8, .NETFramework,Version=v4.8.1' instead of the project target framework 'net8.0'. This package may not be fully compatible with your project. [C:\Users\ultra\warewolf\Dev\Warewolf.Logger.Tests\Warewolf.Logger.Tests.csproj]
C:\Users\ultra\warewolf\Dev\Dev2.Development.Languages\Dev2.Development.Languages.csproj : warning NU1701: Package 'TaskSchedulerEditor 2.10.1' was restored using '.NETFramework,Version=v4.6.1, .NETFramework,Version=v4.6.2, .NETFramework,Version=v4.7, .NETFramework,Version=v4.7.1, .NETFramework,Version=v4.7.2, .NETFramework,Version=v4.8, .NETFramework,Version=v4.8.1' instead of the project target framework 'net8.0'. This package may not be fully compatible with your project. [C:\Users\ultra\warewolf\Dev\Warewolf.Logger.Tests\Warewolf.Logger.Tests.csproj]
C:\Users\ultra\warewolf\Dev\Dev2.SignalR.Wrappers.New\Dev2.SignalR.Wrappers.New.csproj : warning NU1701: Package 'AeroWizard 2.3.1' was restored using '.NETFramework,Version=v4.6.1, .NETFramework,Version=v4.6.2, .NETFramework,Version=v4.7, .NETFramework,Version=v4.7.1, .NETFramework,Version=v4.7.2, .NETFramework,Version=v4.8, .NETFramework,Version=v4.8.1' instead of the project target framework 'net8.0'. This package may not be fully compatible with your project. [C:\Users\ultra\warewolf\Dev\Warewolf.Logger.Tests\Warewolf.Logger.Tests.csproj]
C:\Users\ultra\warewolf\Dev\Dev2.SignalR.Wrappers.New\Dev2.SignalR.Wrappers.New.csproj : warning NU1701: Package 'GroupControls 1.9.0' was restored using '.NETFramework,Version=v4.6.1, .NETFramework,Version=v4.6.2, .NETFramework,Version=v4.7, .NETFramework,Version=v4.7.1, .NETFramework,Version=v4.7.2, .NETFramework,Version=v4.8, .NETFramework,Version=v4.8.1' instead of the project target framework 'net8.0'. This package may not be fully compatible with your project. [C:\Users\ultra\warewolf\Dev\Warewolf.Logger.Tests\Warewolf.Logger.Tests.csproj]
C:\Users\ultra\warewolf\Dev\Dev2.SignalR.Wrappers.New\Dev2.SignalR.Wrappers.New.csproj : warning NU1701: Package 'ReactiveUI.WPF 18.4.1' was restored using '.NETFramework,Version=v4.6.1, .NETFramework,Version=v4.6.2, .NETFramework,Version=v4.7, .NETFramework,Version=v4.7.1, .NETFramework,Version=v4.7.2, .NETFramework,Version=v4.8, .NETFramework,Version=v4.8.1' instead of the project target framework 'net8.0'. This package may not be fully compatible with your project. [C:\Users\ultra\warewolf\Dev\Warewolf.Logger.Tests\Warewolf.Logger.Tests.csproj]
C:\Users\ultra\warewolf\Dev\Dev2.SignalR.Wrappers.New\Dev2.SignalR.Wrappers.New.csproj : warning NU1701: Package 'TaskSchedulerEditor 2.10.1' was restored using '.NETFramework,Version=v4.6.1, .NETFramework,Version=v4.6.2, .NETFramework,Version=v4.7, .NETFramework,Version=v4.7.1, .NETFramework,Version=v4.7.2, .NETFramework,Version=v4.8, .NETFramework,Version=v4.8.1' instead of the project target framework 'net8.0'. This package may not be fully compatible with your project. [C:\Users\ultra\warewolf\Dev\Warewolf.Logger.Tests\Warewolf.Logger.Tests.csproj]
C:\Users\ultra\warewolf\Dev\Dev2.Scheduler\Dev2.Scheduler.csproj : warning NU1701: Package 'AeroWizard 2.3.1' was restored using '.NETFramework,Version=v4.6.1, .NETFramework,Version=v4.6.2, .NETFramework,Version=v4.7, .NETFramework,Version=v4.7.1, .NETFramework,Version=v4.7.2, .NETFramework,Version=v4.8, .NETFramework,Version=v4.8.1' instead of the project target framework 'net8.0'. This package may not be fully compatible with your project. [C:\Users\ultra\warewolf\Dev\Warewolf.Logger.Tests\Warewolf.Logger.Tests.csproj]
C:\Users\ultra\warewolf\Dev\Dev2.Scheduler\Dev2.Scheduler.csproj : warning NU1701: Package 'GroupControls 1.9.0' was restored using '.NETFramework,Version=v4.6.1, .NETFramework,Version=v4.6.2, .NETFramework,Version=v4.7, .NETFramework,Version=v4.7.1, .NETFramework,Version=v4.7.2, .NETFramework,Version=v4.8, .NETFramework,Version=v4.8.1' instead of the project target framework 'net8.0'. This package may not be fully compatible with your project. [C:\Users\ultra\warewolf\Dev\Warewolf.Logger.Tests\Warewolf.Logger.Tests.csproj]
C:\Users\ultra\warewolf\Dev\Dev2.Scheduler\Dev2.Scheduler.csproj : warning NU1701: Package 'ReactiveUI.WPF 18.4.1' was restored using '.NETFramework,Version=v4.6.1, .NETFramework,Version=v4.6.2, .NETFramework,Version=v4.7, .NETFramework,Version=v4.7.1, .NETFramework,Version=v4.7.2, .NETFramework,Version=v4.8, .NETFramework,Version=v4.8.1' instead of the project target framework 'net8.0'. This package may not be fully compatible with your project. [C:\Users\ultra\warewolf\Dev\Warewolf.Logger.Tests\Warewolf.Logger.Tests.csproj]
C:\Users\ultra\warewolf\Dev\Dev2.Scheduler\Dev2.Scheduler.csproj : warning NU1701: Package 'TaskSchedulerEditor 2.10.1' was restored using '.NETFramework,Version=v4.6.1, .NETFramework,Version=v4.6.2, .NETFramework,Version=v4.7, .NETFramework,Version=v4.7.1, .NETFramework,Version=v4.7.2, .NETFramework,Version=v4.8, .NETFramework,Version=v4.8.1' instead of the project target framework 'net8.0'. This package may not be fully compatible with your project. [C:\Users\ultra\warewolf\Dev\Warewolf.Logger.Tests\Warewolf.Logger.Tests.csproj]
C:\Users\ultra\warewolf\Dev\Dev2.Runtime.WebServer\Dev2.Runtime.WebServer.csproj : warning NU1902: Package 'System.IdentityModel.Tokens.Jwt' 5.1.0 has a known moderate severity vulnerability, https://github.com/advisories/GHSA-59j7-ghrg-fj52 [C:\Users\ultra\warewolf\Dev\Warewolf.Logger.Tests\Warewolf.Logger.Tests.csproj]
C:\Users\ultra\warewolf\Dev\Dev2.Runtime.WebServer\Dev2.Runtime.WebServer.csproj : warning NU1701: Package 'AeroWizard 2.3.1' was restored using '.NETFramework,Version=v4.6.1, .NETFramework,Version=v4.6.2, .NETFramework,Version=v4.7, .NETFramework,Version=v4.7.1, .NETFramework,Version=v4.7.2, .NETFramework,Version=v4.8, .NETFramework,Version=v4.8.1' instead of the project target framework 'net8.0'. This package may not be fully compatible with your project. [C:\Users\ultra\warewolf\Dev\Warewolf.Logger.Tests\Warewolf.Logger.Tests.csproj]
C:\Users\ultra\warewolf\Dev\Dev2.Runtime.WebServer\Dev2.Runtime.WebServer.csproj : warning NU1701: Package 'GroupControls 1.9.0' was restored using '.NETFramework,Version=v4.6.1, .NETFramework,Version=v4.6.2, .NETFramework,Version=v4.7, .NETFramework,Version=v4.7.1, .NETFramework,Version=v4.7.2, .NETFramework,Version=v4.8, .NETFramework,Version=v4.8.1' instead of the project target framework 'net8.0'. This package may not be fully compatible with your project. [C:\Users\ultra\warewolf\Dev\Warewolf.Logger.Tests\Warewolf.Logger.Tests.csproj]
C:\Users\ultra\warewolf\Dev\Dev2.Runtime.WebServer\Dev2.Runtime.WebServer.csproj : warning NU1701: Package 'Microsoft.Xaml.Behaviors.Wpf 1.1.122' was restored using '.NETFramework,Version=v4.6.1, .NETFramework,Version=v4.6.2, .NETFramework,Version=v4.7, .NETFramework,Version=v4.7.1, .NETFramework,Version=v4.7.2, .NETFramework,Version=v4.8, .NETFramework,Version=v4.8.1' instead of the project target framework 'net8.0'. This package may not be fully compatible with your project. [C:\Users\ultra\warewolf\Dev\Warewolf.Logger.Tests\Warewolf.Logger.Tests.csproj]
C:\Users\ultra\warewolf\Dev\Dev2.Runtime.WebServer\Dev2.Runtime.WebServer.csproj : warning NU1701: Package 'Prism.Wpf 9.0.537' was restored using '.NETFramework,Version=v4.6.1, .NETFramework,Version=v4.6.2, .NETFramework,Version=v4.7, .NETFramework,Version=v4.7.1, .NETFramework,Version=v4.7.2, .NETFramework,Version=v4.8, .NETFramework,Version=v4.8.1' instead of the project target framework 'net8.0'. This package may not be fully compatible with your project. [C:\Users\ultra\warewolf\Dev\Warewolf.Logger.Tests\Warewolf.Logger.Tests.csproj]
C:\Users\ultra\warewolf\Dev\Dev2.Data\Dev2.Data.csproj : warning NU1701: Package 'AeroWizard 2.3.1' was restored using '.NETFramework,Version=v4.6.1, .NETFramework,Version=v4.6.2, .NETFramework,Version=v4.7, .NETFramework,Version=v4.7.1, .NETFramework,Version=v4.7.2, .NETFramework,Version=v4.8, .NETFramework,Version=v4.8.1' instead of the project target framework 'net8.0'. This package may not be fully compatible with your project. [C:\Users\ultra\warewolf\Dev\Warewolf.Logger.Tests\Warewolf.Logger.Tests.csproj]
C:\Users\ultra\warewolf\Dev\Dev2.Runtime.WebServer\Dev2.Runtime.WebServer.csproj : warning NU1701: Package 'ReactiveUI.WPF 18.4.1' was restored using '.NETFramework,Version=v4.6.1, .NETFramework,Version=v4.6.2, .NETFramework,Version=v4.7, .NETFramework,Version=v4.7.1, .NETFramework,Version=v4.7.2, .NETFramework,Version=v4.8, .NETFramework,Version=v4.8.1' instead of the project target framework 'net8.0'. This package may not be fully compatible with your project. [C:\Users\ultra\warewolf\Dev\Warewolf.Logger.Tests\Warewolf.Logger.Tests.csproj]
C:\Users\ultra\warewolf\Dev\Dev2.Data\Dev2.Data.csproj : warning NU1701: Package 'GroupControls 1.9.0' was restored using '.NETFramework,Version=v4.6.1, .NETFramework,Version=v4.6.2, .NETFramework,Version=v4.7, .NETFramework,Version=v4.7.1, .NETFramework,Version=v4.7.2, .NETFramework,Version=v4.8, .NETFramework,Version=v4.8.1' instead of the project target framework 'net8.0'. This package may not be fully compatible with your project. [C:\Users\ultra\warewolf\Dev\Warewolf.Logger.Tests\Warewolf.Logger.Tests.csproj]
C:\Users\ultra\warewolf\Dev\Dev2.Runtime.WebServer\Dev2.Runtime.WebServer.csproj : warning NU1701: Package 'TaskSchedulerEditor 2.10.1' was restored using '.NETFramework,Version=v4.6.1, .NETFramework,Version=v4.6.2, .NETFramework,Version=v4.7, .NETFramework,Version=v4.7.1, .NETFramework,Version=v4.7.2, .NETFramework,Version=v4.8, .NETFramework,Version=v4.8.1' instead of the project target framework 'net8.0'. This package may not be fully compatible with your project. [C:\Users\ultra\warewolf\Dev\Warewolf.Logger.Tests\Warewolf.Logger.Tests.csproj]
C:\Users\ultra\warewolf\Dev\Dev2.Data\Dev2.Data.csproj : warning NU1701: Package 'ReactiveUI.WPF 18.4.1' was restored using '.NETFramework,Version=v4.6.1, .NETFramework,Version=v4.6.2, .NETFramework,Version=v4.7, .NETFramework,Version=v4.7.1, .NETFramework,Version=v4.7.2, .NETFramework,Version=v4.8, .NETFramework,Version=v4.8.1' instead of the project target framework 'net8.0'. This package may not be fully compatible with your project. [C:\Users\ultra\warewolf\Dev\Warewolf.Logger.Tests\Warewolf.Logger.Tests.csproj]
C:\Users\ultra\warewolf\Dev\Dev2.Data\Dev2.Data.csproj : warning NU1701: Package 'TaskSchedulerEditor 2.10.1' was restored using '.NETFramework,Version=v4.6.1, .NETFramework,Version=v4.6.2, .NETFramework,Version=v4.7, .NETFramework,Version=v4.7.1, .NETFramework,Version=v4.7.2, .NETFramework,Version=v4.8, .NETFramework,Version=v4.8.1' instead of the project target framework 'net8.0'. This package may not be fully compatible with your project. [C:\Users\ultra\warewolf\Dev\Warewolf.Logger.Tests\Warewolf.Logger.Tests.csproj]
C:\Users\ultra\warewolf\Dev\Dev2.CustomControls\Dev2.CustomControls.csproj : warning NU1903: Package 'Microsoft.Windows.Compatibility' 6.0.0 has a known high severity vulnerability, https://github.com/advisories/GHSA-555c-2p6r-68mm [C:\Users\ultra\warewolf\Dev\Warewolf.Logger.Tests\Warewolf.Logger.Tests.csproj]
C:\Users\ultra\warewolf\Dev\Dev2.CustomControls\Dev2.CustomControls.csproj : warning NU1701: Package 'AeroWizard 2.3.1' was restored using '.NETFramework,Version=v4.6.1, .NETFramework,Version=v4.6.2, .NETFramework,Version=v4.7, .NETFramework,Version=v4.7.1, .NETFramework,Version=v4.7.2, .NETFramework,Version=v4.8, .NETFramework,Version=v4.8.1' instead of the project target framework 'net8.0'. This package may not be fully compatible with your project. [C:\Users\ultra\warewolf\Dev\Warewolf.Logger.Tests\Warewolf.Logger.Tests.csproj]
C:\Users\ultra\warewolf\Dev\Dev2.CustomControls\Dev2.CustomControls.csproj : warning NU1701: Package 'GroupControls 1.9.0' was restored using '.NETFramework,Version=v4.6.1, .NETFramework,Version=v4.6.2, .NETFramework,Version=v4.7, .NETFramework,Version=v4.7.1, .NETFramework,Version=v4.7.2, .NETFramework,Version=v4.8, .NETFramework,Version=v4.8.1' instead of the project target framework 'net8.0'. This package may not be fully compatible with your project. [C:\Users\ultra\warewolf\Dev\Warewolf.Logger.Tests\Warewolf.Logger.Tests.csproj]
C:\Users\ultra\warewolf\Dev\Dev2.CustomControls\Dev2.CustomControls.csproj : warning NU1701: Package 'TaskSchedulerEditor 2.10.1' was restored using '.NETFramework,Version=v4.6.1, .NETFramework,Version=v4.6.2, .NETFramework,Version=v4.7, .NETFramework,Version=v4.7.1, .NETFramework,Version=v4.7.2, .NETFramework,Version=v4.8, .NETFramework,Version=v4.8.1' instead of the project target framework 'net8.0'. This package may not be fully compatible with your project. [C:\Users\ultra\warewolf\Dev\Warewolf.Logger.Tests\Warewolf.Logger.Tests.csproj]
C:\Users\ultra\warewolf\Dev\Dev2.Data.Interfaces\Dev2.Data.Interfaces.csproj : warning NU1903: Package 'DotNetZip' 1.16.0 has a known high severity vulnerability, https://github.com/advisories/GHSA-xhg6-9j5j-w4vf [C:\Users\ultra\warewolf\Dev\Warewolf.Logger.Tests\Warewolf.Logger.Tests.csproj]
C:\Users\ultra\warewolf\Dev\Dev2.Data.Interfaces\Dev2.Data.Interfaces.csproj : warning NU1701: Package 'AeroWizard 2.3.1' was restored using '.NETFramework,Version=v4.6.1, .NETFramework,Version=v4.6.2, .NETFramework,Version=v4.7, .NETFramework,Version=v4.7.1, .NETFramework,Version=v4.7.2, .NETFramework,Version=v4.8, .NETFramework,Version=v4.8.1' instead of the project target framework 'net8.0'. This package may not be fully compatible with your project. [C:\Users\ultra\warewolf\Dev\Warewolf.Logger.Tests\Warewolf.Logger.Tests.csproj]
C:\Users\ultra\warewolf\Dev\Dev2.Data.Interfaces\Dev2.Data.Interfaces.csproj : warning NU1701: Package 'GroupControls 1.9.0' was restored using '.NETFramework,Version=v4.6.1, .NETFramework,Version=v4.6.2, .NETFramework,Version=v4.7, .NETFramework,Version=v4.7.1, .NETFramework,Version=v4.7.2, .NETFramework,Version=v4.8, .NETFramework,Version=v4.8.1' instead of the project target framework 'net8.0'. This package may not be fully compatible with your project. [C:\Users\ultra\warewolf\Dev\Warewolf.Logger.Tests\Warewolf.Logger.Tests.csproj]
C:\Users\ultra\warewolf\Dev\Dev2.Data.Interfaces\Dev2.Data.Interfaces.csproj : warning NU1701: Package 'TaskSchedulerEditor 2.10.1' was restored using '.NETFramework,Version=v4.6.1, .NETFramework,Version=v4.6.2, .NETFramework,Version=v4.7, .NETFramework,Version=v4.7.1, .NETFramework,Version=v4.7.2, .NETFramework,Version=v4.8, .NETFramework,Version=v4.8.1' instead of the project target framework 'net8.0'. This package may not be fully compatible with your project. [C:\Users\ultra\warewolf\Dev\Warewolf.Logger.Tests\Warewolf.Logger.Tests.csproj]
C:\Users\ultra\warewolf\Dev\Warewolf.Auditing\Warewolf.Auditing.csproj : warning NU1701: Package 'AeroWizard 2.3.1' was restored using '.NETFramework,Version=v4.6.1, .NETFramework,Version=v4.6.2, .NETFramework,Version=v4.7, .NETFramework,Version=v4.7.1, .NETFramework,Version=v4.7.2, .NETFramework,Version=v4.8, .NETFramework,Version=v4.8.1' instead of the project target framework 'net8.0'. This package may not be fully compatible with your project. [C:\Users\ultra\warewolf\Dev\Warewolf.Logger.Tests\Warewolf.Logger.Tests.csproj]
C:\Users\ultra\warewolf\Dev\Warewolf.Auditing\Warewolf.Auditing.csproj : warning NU1701: Package 'GroupControls 1.9.0' was restored using '.NETFramework,Version=v4.6.1, .NETFramework,Version=v4.6.2, .NETFramework,Version=v4.7, .NETFramework,Version=v4.7.1, .NETFramework,Version=v4.7.2, .NETFramework,Version=v4.8, .NETFramework,Version=v4.8.1' instead of the project target framework 'net8.0'. This package may not be fully compatible with your project. [C:\Users\ultra\warewolf\Dev\Warewolf.Logger.Tests\Warewolf.Logger.Tests.csproj]
C:\Users\ultra\warewolf\Dev\Warewolf.Auditing\Warewolf.Auditing.csproj : warning NU1701: Package 'ReactiveUI.WPF 18.4.1' was restored using '.NETFramework,Version=v4.6.1, .NETFramework,Version=v4.6.2, .NETFramework,Version=v4.7, .NETFramework,Version=v4.7.1, .NETFramework,Version=v4.7.2, .NETFramework,Version=v4.8, .NETFramework,Version=v4.8.1' instead of the project target framework 'net8.0'. This package may not be fully compatible with your project. [C:\Users\ultra\warewolf\Dev\Warewolf.Logger.Tests\Warewolf.Logger.Tests.csproj]
C:\Users\ultra\warewolf\Dev\Warewolf.Auditing\Warewolf.Auditing.csproj : warning NU1701: Package 'TaskSchedulerEditor 2.10.1' was restored using '.NETFramework,Version=v4.6.1, .NETFramework,Version=v4.6.2, .NETFramework,Version=v4.7, .NETFramework,Version=v4.7.1, .NETFramework,Version=v4.7.2, .NETFramework,Version=v4.8, .NETFramework,Version=v4.8.1' instead of the project target framework 'net8.0'. This package may not be fully compatible with your project. [C:\Users\ultra\warewolf\Dev\Warewolf.Logger.Tests\Warewolf.Logger.Tests.csproj]
C:\Users\ultra\warewolf\Dev\Warewolf.Common.Framework48\Warewolf.Common.Framework48.csproj : warning NU1902: Package 'System.IdentityModel.Tokens.Jwt' 5.1.0 has a known moderate severity vulnerability, https://github.com/advisories/GHSA-59j7-ghrg-fj52 [C:\Users\ultra\warewolf\Dev\Warewolf.Logger.Tests\Warewolf.Logger.Tests.csproj]
C:\Users\ultra\warewolf\Dev\Warewolf.Common.Framework48\Warewolf.Common.Framework48.csproj : warning NU1701: Package 'AeroWizard 2.3.1' was restored using '.NETFramework,Version=v4.6.1, .NETFramework,Version=v4.6.2, .NETFramework,Version=v4.7, .NETFramework,Version=v4.7.1, .NETFramework,Version=v4.7.2, .NETFramework,Version=v4.8, .NETFramework,Version=v4.8.1' instead of the project target framework 'net8.0'. This package may not be fully compatible with your project. [C:\Users\ultra\warewolf\Dev\Warewolf.Logger.Tests\Warewolf.Logger.Tests.csproj]
C:\Users\ultra\warewolf\Dev\Warewolf.Common.Framework48\Warewolf.Common.Framework48.csproj : warning NU1701: Package 'GroupControls 1.9.0' was restored using '.NETFramework,Version=v4.6.1, .NETFramework,Version=v4.6.2, .NETFramework,Version=v4.7, .NETFramework,Version=v4.7.1, .NETFramework,Version=v4.7.2, .NETFramework,Version=v4.8, .NETFramework,Version=v4.8.1' instead of the project target framework 'net8.0'. This package may not be fully compatible with your project. [C:\Users\ultra\warewolf\Dev\Warewolf.Logger.Tests\Warewolf.Logger.Tests.csproj]
C:\Users\ultra\warewolf\Dev\Warewolf.Common.Framework48\Warewolf.Common.Framework48.csproj : warning NU1701: Package 'Microsoft.Xaml.Behaviors.Wpf 1.1.122' was restored using '.NETFramework,Version=v4.6.1, .NETFramework,Version=v4.6.2, .NETFramework,Version=v4.7, .NETFramework,Version=v4.7.1, .NETFramework,Version=v4.7.2, .NETFramework,Version=v4.8, .NETFramework,Version=v4.8.1' instead of the project target framework 'net8.0'. This package may not be fully compatible with your project. [C:\Users\ultra\warewolf\Dev\Warewolf.Logger.Tests\Warewolf.Logger.Tests.csproj]
C:\Users\ultra\warewolf\Dev\Warewolf.Common.Framework48\Warewolf.Common.Framework48.csproj : warning NU1701: Package 'Prism.Wpf 9.0.537' was restored using '.NETFramework,Version=v4.6.1, .NETFramework,Version=v4.6.2, .NETFramework,Version=v4.7, .NETFramework,Version=v4.7.1, .NETFramework,Version=v4.7.2, .NETFramework,Version=v4.8, .NETFramework,Version=v4.8.1' instead of the project target framework 'net8.0'. This package may not be fully compatible with your project. [C:\Users\ultra\warewolf\Dev\Warewolf.Logger.Tests\Warewolf.Logger.Tests.csproj]
C:\Users\ultra\warewolf\Dev\Warewolf.Common.Framework48\Warewolf.Common.Framework48.csproj : warning NU1701: Package 'ReactiveUI.WPF 18.4.1' was restored using '.NETFramework,Version=v4.6.1, .NETFramework,Version=v4.6.2, .NETFramework,Version=v4.7, .NETFramework,Version=v4.7.1, .NETFramework,Version=v4.7.2, .NETFramework,Version=v4.8, .NETFramework,Version=v4.8.1' instead of the project target framework 'net8.0'. This package may not be fully compatible with your project. [C:\Users\ultra\warewolf\Dev\Warewolf.Logger.Tests\Warewolf.Logger.Tests.csproj]
C:\Users\ultra\warewolf\Dev\Warewolf.Common.Framework48\Warewolf.Common.Framework48.csproj : warning NU1701: Package 'TaskSchedulerEditor 2.10.1' was restored using '.NETFramework,Version=v4.6.1, .NETFramework,Version=v4.6.2, .NETFramework,Version=v4.7, .NETFramework,Version=v4.7.1, .NETFramework,Version=v4.7.2, .NETFramework,Version=v4.8, .NETFramework,Version=v4.8.1' instead of the project target framework 'net8.0'. This package may not be fully compatible with your project. [C:\Users\ultra\warewolf\Dev\Warewolf.Logger.Tests\Warewolf.Logger.Tests.csproj]
C:\Users\ultra\warewolf\Dev\Dev2.Services.Execution\Dev2.Services.Execution.csproj : warning NU1701: Package 'AeroWizard 2.3.1' was restored using '.NETFramework,Version=v4.6.1, .NETFramework,Version=v4.6.2, .NETFramework,Version=v4.7, .NETFramework,Version=v4.7.1, .NETFramework,Version=v4.7.2, .NETFramework,Version=v4.8, .NETFramework,Version=v4.8.1' instead of the project target framework 'net8.0'. This package may not be fully compatible with your project. [C:\Users\ultra\warewolf\Dev\Warewolf.Logger.Tests\Warewolf.Logger.Tests.csproj]
C:\Users\ultra\warewolf\Dev\Dev2.Services.Execution\Dev2.Services.Execution.csproj : warning NU1701: Package 'GroupControls 1.9.0' was restored using '.NETFramework,Version=v4.6.1, .NETFramework,Version=v4.6.2, .NETFramework,Version=v4.7, .NETFramework,Version=v4.7.1, .NETFramework,Version=v4.7.2, .NETFramework,Version=v4.8, .NETFramework,Version=v4.8.1' instead of the project target framework 'net8.0'. This package may not be fully compatible with your project. [C:\Users\ultra\warewolf\Dev\Warewolf.Logger.Tests\Warewolf.Logger.Tests.csproj]
C:\Users\ultra\warewolf\Dev\Dev2.Services.Execution\Dev2.Services.Execution.csproj : warning NU1701: Package 'ReactiveUI.WPF 18.4.1' was restored using '.NETFramework,Version=v4.6.1, .NETFramework,Version=v4.6.2, .NETFramework,Version=v4.7, .NETFramework,Version=v4.7.1, .NETFramework,Version=v4.7.2, .NETFramework,Version=v4.8, .NETFramework,Version=v4.8.1' instead of the project target framework 'net8.0'. This package may not be fully compatible with your project. [C:\Users\ultra\warewolf\Dev\Warewolf.Logger.Tests\Warewolf.Logger.Tests.csproj]
C:\Users\ultra\warewolf\Dev\Dev2.Services.Execution\Dev2.Services.Execution.csproj : warning NU1701: Package 'TaskSchedulerEditor 2.10.1' was restored using '.NETFramework,Version=v4.6.1, .NETFramework,Version=v4.6.2, .NETFramework,Version=v4.7, .NETFramework,Version=v4.7.1, .NETFramework,Version=v4.7.2, .NETFramework,Version=v4.8, .NETFramework,Version=v4.8.1' instead of the project target framework 'net8.0'. This package may not be fully compatible with your project. [C:\Users\ultra\warewolf\Dev\Warewolf.Logger.Tests\Warewolf.Logger.Tests.csproj]
C:\Users\ultra\warewolf\Dev\Dev2.Infrastructure\Dev2.Infrastructure.csproj : warning NU1903: Package 'Microsoft.Windows.Compatibility' 6.0.0 has a known high severity vulnerability, https://github.com/advisories/GHSA-555c-2p6r-68mm [C:\Users\ultra\warewolf\Dev\Warewolf.Logger.Tests\Warewolf.Logger.Tests.csproj]
C:\Users\ultra\warewolf\Dev\Dev2.Infrastructure\Dev2.Infrastructure.csproj : warning NU1701: Package 'AeroWizard 2.3.1' was restored using '.NETFramework,Version=v4.6.1, .NETFramework,Version=v4.6.2, .NETFramework,Version=v4.7, .NETFramework,Version=v4.7.1, .NETFramework,Version=v4.7.2, .NETFramework,Version=v4.8, .NETFramework,Version=v4.8.1' instead of the project target framework 'net8.0'. This package may not be fully compatible with your project. [C:\Users\ultra\warewolf\Dev\Warewolf.Logger.Tests\Warewolf.Logger.Tests.csproj]
C:\Users\ultra\warewolf\Dev\Dev2.Infrastructure\Dev2.Infrastructure.csproj : warning NU1701: Package 'GroupControls 1.9.0' was restored using '.NETFramework,Version=v4.6.1, .NETFramework,Version=v4.6.2, .NETFramework,Version=v4.7, .NETFramework,Version=v4.7.1, .NETFramework,Version=v4.7.2, .NETFramework,Version=v4.8, .NETFramework,Version=v4.8.1' instead of the project target framework 'net8.0'. This package may not be fully compatible with your project. [C:\Users\ultra\warewolf\Dev\Warewolf.Logger.Tests\Warewolf.Logger.Tests.csproj]
C:\Users\ultra\warewolf\Dev\Dev2.Infrastructure\Dev2.Infrastructure.csproj : warning NU1701: Package 'ReactiveUI.WPF 18.4.1' was restored using '.NETFramework,Version=v4.6.1, .NETFramework,Version=v4.6.2, .NETFramework,Version=v4.7, .NETFramework,Version=v4.7.1, .NETFramework,Version=v4.7.2, .NETFramework,Version=v4.8, .NETFramework,Version=v4.8.1' instead of the project target framework 'net8.0'. This package may not be fully compatible with your project. [C:\Users\ultra\warewolf\Dev\Warewolf.Logger.Tests\Warewolf.Logger.Tests.csproj]
C:\Users\ultra\warewolf\Dev\Dev2.Infrastructure\Dev2.Infrastructure.csproj : warning NU1701: Package 'TaskSchedulerEditor 2.10.1' was restored using '.NETFramework,Version=v4.6.1, .NETFramework,Version=v4.6.2, .NETFramework,Version=v4.7, .NETFramework,Version=v4.7.1, .NETFramework,Version=v4.7.2, .NETFramework,Version=v4.8, .NETFramework,Version=v4.8.1' instead of the project target framework 'net8.0'. This package may not be fully compatible with your project. [C:\Users\ultra\warewolf\Dev\Warewolf.Logger.Tests\Warewolf.Logger.Tests.csproj]
C:\Users\ultra\warewolf\Dev\Dev2.Diagnostics\Dev2.Diagnostics.csproj : warning NU1701: Package 'AeroWizard 2.3.1' was restored using '.NETFramework,Version=v4.6.1, .NETFramework,Version=v4.6.2, .NETFramework,Version=v4.7, .NETFramework,Version=v4.7.1, .NETFramework,Version=v4.7.2, .NETFramework,Version=v4.8, .NETFramework,Version=v4.8.1' instead of the project target framework 'net8.0'. This package may not be fully compatible with your project. [C:\Users\ultra\warewolf\Dev\Warewolf.Logger.Tests\Warewolf.Logger.Tests.csproj]
C:\Users\ultra\warewolf\Dev\Dev2.Diagnostics\Dev2.Diagnostics.csproj : warning NU1701: Package 'GroupControls 1.9.0' was restored using '.NETFramework,Version=v4.6.1, .NETFramework,Version=v4.6.2, .NETFramework,Version=v4.7, .NETFramework,Version=v4.7.1, .NETFramework,Version=v4.7.2, .NETFramework,Version=v4.8, .NETFramework,Version=v4.8.1' instead of the project target framework 'net8.0'. This package may not be fully compatible with your project. [C:\Users\ultra\warewolf\Dev\Warewolf.Logger.Tests\Warewolf.Logger.Tests.csproj]
C:\Users\ultra\warewolf\Dev\Dev2.Diagnostics\Dev2.Diagnostics.csproj : warning NU1701: Package 'TaskSchedulerEditor 2.10.1' was restored using '.NETFramework,Version=v4.6.1, .NETFramework,Version=v4.6.2, .NETFramework,Version=v4.7, .NETFramework,Version=v4.7.1, .NETFramework,Version=v4.7.2, .NETFramework,Version=v4.8, .NETFramework,Version=v4.8.1' instead of the project target framework 'net8.0'. This package may not be fully compatible with your project. [C:\Users\ultra\warewolf\Dev\Warewolf.Logger.Tests\Warewolf.Logger.Tests.csproj]
C:\Users\ultra\warewolf\Dev\Dev2.Studio.Interfaces\Dev2.Studio.Interfaces.csproj : warning NU1701: Package 'AeroWizard 2.3.1' was restored using '.NETFramework,Version=v4.6.1, .NETFramework,Version=v4.6.2, .NETFramework,Version=v4.7, .NETFramework,Version=v4.7.1, .NETFramework,Version=v4.7.2, .NETFramework,Version=v4.8, .NETFramework,Version=v4.8.1' instead of the project target framework 'net8.0'. This package may not be fully compatible with your project. [C:\Users\ultra\warewolf\Dev\Warewolf.Logger.Tests\Warewolf.Logger.Tests.csproj]
C:\Users\ultra\warewolf\Dev\Dev2.Studio.Interfaces\Dev2.Studio.Interfaces.csproj : warning NU1701: Package 'GroupControls 1.9.0' was restored using '.NETFramework,Version=v4.6.1, .NETFramework,Version=v4.6.2, .NETFramework,Version=v4.7, .NETFramework,Version=v4.7.1, .NETFramework,Version=v4.7.2, .NETFramework,Version=v4.8, .NETFramework,Version=v4.8.1' instead of the project target framework 'net8.0'. This package may not be fully compatible with your project. [C:\Users\ultra\warewolf\Dev\Warewolf.Logger.Tests\Warewolf.Logger.Tests.csproj]
C:\Users\ultra\warewolf\Dev\Dev2.Studio.Interfaces\Dev2.Studio.Interfaces.csproj : warning NU1701: Package 'Microsoft.Xaml.Behaviors.Wpf 1.1.122' was restored using '.NETFramework,Version=v4.6.1, .NETFramework,Version=v4.6.2, .NETFramework,Version=v4.7, .NETFramework,Version=v4.7.1, .NETFramework,Version=v4.7.2, .NETFramework,Version=v4.8, .NETFramework,Version=v4.8.1' instead of the project target framework 'net8.0'. This package may not be fully compatible with your project. [C:\Users\ultra\warewolf\Dev\Warewolf.Logger.Tests\Warewolf.Logger.Tests.csproj]
C:\Users\ultra\warewolf\Dev\Dev2.Studio.Interfaces\Dev2.Studio.Interfaces.csproj : warning NU1701: Package 'Prism.Wpf 9.0.537' was restored using '.NETFramework,Version=v4.6.1, .NETFramework,Version=v4.6.2, .NETFramework,Version=v4.7, .NETFramework,Version=v4.7.1, .NETFramework,Version=v4.7.2, .NETFramework,Version=v4.8, .NETFramework,Version=v4.8.1' instead of the project target framework 'net8.0'. This package may not be fully compatible with your project. [C:\Users\ultra\warewolf\Dev\Warewolf.Logger.Tests\Warewolf.Logger.Tests.csproj]
C:\Users\ultra\warewolf\Dev\Dev2.Studio.Interfaces\Dev2.Studio.Interfaces.csproj : warning NU1701: Package 'ReactiveUI.WPF 18.4.1' was restored using '.NETFramework,Version=v4.6.1, .NETFramework,Version=v4.6.2, .NETFramework,Version=v4.7, .NETFramework,Version=v4.7.1, .NETFramework,Version=v4.7.2, .NETFramework,Version=v4.8, .NETFramework,Version=v4.8.1' instead of the project target framework 'net8.0'. This package may not be fully compatible with your project. [C:\Users\ultra\warewolf\Dev\Warewolf.Logger.Tests\Warewolf.Logger.Tests.csproj]
C:\Users\ultra\warewolf\Dev\Dev2.Studio.Interfaces\Dev2.Studio.Interfaces.csproj : warning NU1701: Package 'TaskSchedulerEditor 2.10.1' was restored using '.NETFramework,Version=v4.6.1, .NETFramework,Version=v4.6.2, .NETFramework,Version=v4.7, .NETFramework,Version=v4.7.1, .NETFramework,Version=v4.7.2, .NETFramework,Version=v4.8, .NETFramework,Version=v4.8.1' instead of the project target framework 'net8.0'. This package may not be fully compatible with your project. [C:\Users\ultra\warewolf\Dev\Warewolf.Logger.Tests\Warewolf.Logger.Tests.csproj]
C:\Users\ultra\warewolf\Dev\Dev2.Studio.Core\Dev2.Studio.Core.csproj : warning NU1701: Package 'AeroWizard 2.3.1' was restored using '.NETFramework,Version=v4.6.1, .NETFramework,Version=v4.6.2, .NETFramework,Version=v4.7, .NETFramework,Version=v4.7.1, .NETFramework,Version=v4.7.2, .NETFramework,Version=v4.8, .NETFramework,Version=v4.8.1' instead of the project target framework 'net8.0'. This package may not be fully compatible with your project. [C:\Users\ultra\warewolf\Dev\Warewolf.Logger.Tests\Warewolf.Logger.Tests.csproj]
C:\Users\ultra\warewolf\Dev\Dev2.Studio.Core\Dev2.Studio.Core.csproj : warning NU1701: Package 'GroupControls 1.9.0' was restored using '.NETFramework,Version=v4.6.1, .NETFramework,Version=v4.6.2, .NETFramework,Version=v4.7, .NETFramework,Version=v4.7.1, .NETFramework,Version=v4.7.2, .NETFramework,Version=v4.8, .NETFramework,Version=v4.8.1' instead of the project target framework 'net8.0'. This package may not be fully compatible with your project. [C:\Users\ultra\warewolf\Dev\Warewolf.Logger.Tests\Warewolf.Logger.Tests.csproj]
C:\Users\ultra\warewolf\Dev\Dev2.Studio.Core\Dev2.Studio.Core.csproj : warning NU1701: Package 'Microsoft.Xaml.Behaviors.Wpf 1.1.122' was restored using '.NETFramework,Version=v4.6.1, .NETFramework,Version=v4.6.2, .NETFramework,Version=v4.7, .NETFramework,Version=v4.7.1, .NETFramework,Version=v4.7.2, .NETFramework,Version=v4.8, .NETFramework,Version=v4.8.1' instead of the project target framework 'net8.0'. This package may not be fully compatible with your project. [C:\Users\ultra\warewolf\Dev\Warewolf.Logger.Tests\Warewolf.Logger.Tests.csproj]
C:\Users\ultra\warewolf\Dev\Dev2.Studio.Core\Dev2.Studio.Core.csproj : warning NU1701: Package 'Prism.Wpf 9.0.537' was restored using '.NETFramework,Version=v4.6.1, .NETFramework,Version=v4.6.2, .NETFramework,Version=v4.7, .NETFramework,Version=v4.7.1, .NETFramework,Version=v4.7.2, .NETFramework,Version=v4.8, .NETFramework,Version=v4.8.1' instead of the project target framework 'net8.0'. This package may not be fully compatible with your project. [C:\Users\ultra\warewolf\Dev\Warewolf.Logger.Tests\Warewolf.Logger.Tests.csproj]
C:\Users\ultra\warewolf\Dev\Dev2.Studio.Core\Dev2.Studio.Core.csproj : warning NU1701: Package 'ReactiveUI.WPF 18.4.1' was restored using '.NETFramework,Version=v4.6.1, .NETFramework,Version=v4.6.2, .NETFramework,Version=v4.7, .NETFramework,Version=v4.7.1, .NETFramework,Version=v4.7.2, .NETFramework,Version=v4.8, .NETFramework,Version=v4.8.1' instead of the project target framework 'net8.0'. This package may not be fully compatible with your project. [C:\Users\ultra\warewolf\Dev\Warewolf.Logger.Tests\Warewolf.Logger.Tests.csproj]
C:\Users\ultra\warewolf\Dev\Dev2.Studio.Core\Dev2.Studio.Core.csproj : warning NU1701: Package 'TaskSchedulerEditor 2.10.1' was restored using '.NETFramework,Version=v4.6.1, .NETFramework,Version=v4.6.2, .NETFramework,Version=v4.7, .NETFramework,Version=v4.7.1, .NETFramework,Version=v4.7.2, .NETFramework,Version=v4.8, .NETFramework,Version=v4.8.1' instead of the project target framework 'net8.0'. This package may not be fully compatible with your project. [C:\Users\ultra\warewolf\Dev\Warewolf.Logger.Tests\Warewolf.Logger.Tests.csproj]
C:\Users\ultra\warewolf\Dev\Dev2.Infrastructure.Tests\Dev2.Infrastructure.Tests.csproj : warning NU1701: Package 'AeroWizard 2.3.1' was restored using '.NETFramework,Version=v4.6.1, .NETFramework,Version=v4.6.2, .NETFramework,Version=v4.7, .NETFramework,Version=v4.7.1, .NETFramework,Version=v4.7.2, .NETFramework,Version=v4.8, .NETFramework,Version=v4.8.1' instead of the project target framework 'net8.0'. This package may not be fully compatible with your project. [C:\Users\ultra\warewolf\Dev\Warewolf.Logger.Tests\Warewolf.Logger.Tests.csproj]
C:\Users\ultra\warewolf\Dev\Dev2.Infrastructure.Tests\Dev2.Infrastructure.Tests.csproj : warning NU1701: Package 'GroupControls 1.9.0' was restored using '.NETFramework,Version=v4.6.1, .NETFramework,Version=v4.6.2, .NETFramework,Version=v4.7, .NETFramework,Version=v4.7.1, .NETFramework,Version=v4.7.2, .NETFramework,Version=v4.8, .NETFramework,Version=v4.8.1' instead of the project target framework 'net8.0'. This package may not be fully compatible with your project. [C:\Users\ultra\warewolf\Dev\Warewolf.Logger.Tests\Warewolf.Logger.Tests.csproj]
C:\Users\ultra\warewolf\Dev\Dev2.Infrastructure.Tests\Dev2.Infrastructure.Tests.csproj : warning NU1701: Package 'Microsoft.Xaml.Behaviors.Wpf 1.1.122' was restored using '.NETFramework,Version=v4.6.1, .NETFramework,Version=v4.6.2, .NETFramework,Version=v4.7, .NETFramework,Version=v4.7.1, .NETFramework,Version=v4.7.2, .NETFramework,Version=v4.8, .NETFramework,Version=v4.8.1' instead of the project target framework 'net8.0'. This package may not be fully compatible with your project. [C:\Users\ultra\warewolf\Dev\Warewolf.Logger.Tests\Warewolf.Logger.Tests.csproj]
C:\Users\ultra\warewolf\Dev\Dev2.Infrastructure.Tests\Dev2.Infrastructure.Tests.csproj : warning NU1701: Package 'Prism.Wpf 9.0.537' was restored using '.NETFramework,Version=v4.6.1, .NETFramework,Version=v4.6.2, .NETFramework,Version=v4.7, .NETFramework,Version=v4.7.1, .NETFramework,Version=v4.7.2, .NETFramework,Version=v4.8, .NETFramework,Version=v4.8.1' instead of the project target framework 'net8.0'. This package may not be fully compatible with your project. [C:\Users\ultra\warewolf\Dev\Warewolf.Logger.Tests\Warewolf.Logger.Tests.csproj]
C:\Users\ultra\warewolf\Dev\Dev2.Infrastructure.Tests\Dev2.Infrastructure.Tests.csproj : warning NU1701: Package 'ReactiveUI.WPF 18.4.1' was restored using '.NETFramework,Version=v4.6.1, .NETFramework,Version=v4.6.2, .NETFramework,Version=v4.7, .NETFramework,Version=v4.7.1, .NETFramework,Version=v4.7.2, .NETFramework,Version=v4.8, .NETFramework,Version=v4.8.1' instead of the project target framework 'net8.0'. This package may not be fully compatible with your project. [C:\Users\ultra\warewolf\Dev\Warewolf.Logger.Tests\Warewolf.Logger.Tests.csproj]
C:\Users\ultra\warewolf\Dev\Dev2.Infrastructure.Tests\Dev2.Infrastructure.Tests.csproj : warning NU1701: Package 'TaskSchedulerEditor 2.10.1' was restored using '.NETFramework,Version=v4.6.1, .NETFramework,Version=v4.6.2, .NETFramework,Version=v4.7, .NETFramework,Version=v4.7.1, .NETFramework,Version=v4.7.2, .NETFramework,Version=v4.8, .NETFramework,Version=v4.8.1' instead of the project target framework 'net8.0'. This package may not be fully compatible with your project. [C:\Users\ultra\warewolf\Dev\Warewolf.Logger.Tests\Warewolf.Logger.Tests.csproj]
C:\Users\ultra\warewolf\Dev\Warewolf.Logger.Tests\Warewolf.Logger.Tests.csproj : warning NU1701: Package 'AeroWizard 2.3.1' was restored using '.NETFramework,Version=v4.6.1, .NETFramework,Version=v4.6.2, .NETFramework,Version=v4.7, .NETFramework,Version=v4.7.1, .NETFramework,Version=v4.7.2, .NETFramework,Version=v4.8, .NETFramework,Version=v4.8.1' instead of the project target framework 'net8.0'. This package may not be fully compatible with your project.
C:\Users\ultra\warewolf\Dev\Warewolf.Logger.Tests\Warewolf.Logger.Tests.csproj : warning NU1701: Package 'GroupControls 1.9.0' was restored using '.NETFramework,Version=v4.6.1, .NETFramework,Version=v4.6.2, .NETFramework,Version=v4.7, .NETFramework,Version=v4.7.1, .NETFramework,Version=v4.7.2, .NETFramework,Version=v4.8, .NETFramework,Version=v4.8.1' instead of the project target framework 'net8.0'. This package may not be fully compatible with your project.
C:\Users\ultra\warewolf\Dev\Warewolf.Logger.Tests\Warewolf.Logger.Tests.csproj : warning NU1701: Package 'Microsoft.Xaml.Behaviors.Wpf 1.1.122' was restored using '.NETFramework,Version=v4.6.1, .NETFramework,Version=v4.6.2, .NETFramework,Version=v4.7, .NETFramework,Version=v4.7.1, .NETFramework,Version=v4.7.2, .NETFramework,Version=v4.8, .NETFramework,Version=v4.8.1' instead of the project target framework 'net8.0'. This package may not be fully compatible with your project.
C:\Users\ultra\warewolf\Dev\Warewolf.Logger.Tests\Warewolf.Logger.Tests.csproj : warning NU1701: Package 'Prism.Wpf 9.0.537' was restored using '.NETFramework,Version=v4.6.1, .NETFramework,Version=v4.6.2, .NETFramework,Version=v4.7, .NETFramework,Version=v4.7.1, .NETFramework,Version=v4.7.2, .NETFramework,Version=v4.8, .NETFramework,Version=v4.8.1' instead of the project target framework 'net8.0'. This package may not be fully compatible with your project.
C:\Users\ultra\warewolf\Dev\Warewolf.Logger.Tests\Warewolf.Logger.Tests.csproj : warning NU1701: Package 'ReactiveUI.WPF 18.4.1' was restored using '.NETFramework,Version=v4.6.1, .NETFramework,Version=v4.6.2, .NETFramework,Version=v4.7, .NETFramework,Version=v4.7.1, .NETFramework,Version=v4.7.2, .NETFramework,Version=v4.8, .NETFramework,Version=v4.8.1' instead of the project target framework 'net8.0'. This package may not be fully compatible with your project.
C:\Users\ultra\warewolf\Dev\Warewolf.Logger.Tests\Warewolf.Logger.Tests.csproj : warning NU1701: Package 'TaskSchedulerEditor 2.10.1' was restored using '.NETFramework,Version=v4.6.1, .NETFramework,Version=v4.6.2, .NETFramework,Version=v4.7, .NETFramework,Version=v4.7.1, .NETFramework,Version=v4.7.2, .NETFramework,Version=v4.8, .NETFramework,Version=v4.8.1' instead of the project target framework 'net8.0'. This package may not be fully compatible with your project.
  Restored C:\Users\ultra\warewolf\Dev\Warewolf.Logger.Tests\Warewolf.Logger.Tests.csproj (in 645 ms).
  56 of 57 projects are up-to-date for restore.
C:\Users\ultra\warewolf\Dev\Warewolf.Logger.Tests\Warewolf.Logger.Tests.csproj : warning NU1701: Package 'AeroWizard 2.3.1' was restored using '.NETFramework,Version=v4.6.1, .NETFramework,Version=v4.6.2, .NETFramework,Version=v4.7, .NETFramework,Version=v4.7.1, .NETFramework,Version=v4.7.2, .NETFramework,Version=v4.8, .NETFramework,Version=v4.8.1' instead of the project target framework 'net8.0'. This package may not be fully compatible with your project.
C:\Users\ultra\warewolf\Dev\Warewolf.Logger.Tests\Warewolf.Logger.Tests.csproj : warning NU1701: Package 'GroupControls 1.9.0' was restored using '.NETFramework,Version=v4.6.1, .NETFramework,Version=v4.6.2, .NETFramework,Version=v4.7, .NETFramework,Version=v4.7.1, .NETFramework,Version=v4.7.2, .NETFramework,Version=v4.8, .NETFramework,Version=v4.8.1' instead of the project target framework 'net8.0'. This package may not be fully compatible with your project.
C:\Users\ultra\warewolf\Dev\Warewolf.Logger.Tests\Warewolf.Logger.Tests.csproj : warning NU1701: Package 'Microsoft.Xaml.Behaviors.Wpf 1.1.122' was restored using '.NETFramework,Version=v4.6.1, .NETFramework,Version=v4.6.2, .NETFramework,Version=v4.7, .NETFramework,Version=v4.7.1, .NETFramework,Version=v4.7.2, .NETFramework,Version=v4.8, .NETFramework,Version=v4.8.1' instead of the project target framework 'net8.0'. This package may not be fully compatible with your project.
C:\Users\ultra\warewolf\Dev\Warewolf.Logger.Tests\Warewolf.Logger.Tests.csproj : warning NU1701: Package 'Prism.Wpf 9.0.537' was restored using '.NETFramework,Version=v4.6.1, .NETFramework,Version=v4.6.2, .NETFramework,Version=v4.7, .NETFramework,Version=v4.7.1, .NETFramework,Version=v4.7.2, .NETFramework,Version=v4.8, .NETFramework,Version=v4.8.1' instead of the project target framework 'net8.0'. This package may not be fully compatible with your project.
C:\Users\ultra\warewolf\Dev\Warewolf.Logger.Tests\Warewolf.Logger.Tests.csproj : warning NU1701: Package 'ReactiveUI.WPF 18.4.1' was restored using '.NETFramework,Version=v4.6.1, .NETFramework,Version=v4.6.2, .NETFramework,Version=v4.7, .NETFramework,Version=v4.7.1, .NETFramework,Version=v4.7.2, .NETFramework,Version=v4.8, .NETFramework,Version=v4.8.1' instead of the project target framework 'net8.0'. This package may not be fully compatible with your project.
C:\Users\ultra\warewolf\Dev\Warewolf.Logger.Tests\Warewolf.Logger.Tests.csproj : warning NU1701: Package 'TaskSchedulerEditor 2.10.1' was restored using '.NETFramework,Version=v4.6.1, .NETFramework,Version=v4.6.2, .NETFramework,Version=v4.7, .NETFramework,Version=v4.7.1, .NETFramework,Version=v4.7.2, .NETFramework,Version=v4.8, .NETFramework,Version=v4.8.1' instead of the project target framework 'net8.0'. This package may not be fully compatible with your project.
C:\Users\ultra\warewolf\Dev\Dev2.Diagnostics\Dev2.Diagnostics.csproj : warning NU1701: Package 'AeroWizard 2.3.1' was restored using '.NETFramework,Version=v4.6.1, .NETFramework,Version=v4.6.2, .NETFramework,Version=v4.7, .NETFramework,Version=v4.7.1, .NETFramework,Version=v4.7.2, .NETFramework,Version=v4.8, .NETFramework,Version=v4.8.1' instead of the project target framework 'net8.0'. This package may not be fully compatible with your project.
C:\Users\ultra\warewolf\Dev\Dev2.Diagnostics\Dev2.Diagnostics.csproj : warning NU1701: Package 'GroupControls 1.9.0' was restored using '.NETFramework,Version=v4.6.1, .NETFramework,Version=v4.6.2, .NETFramework,Version=v4.7, .NETFramework,Version=v4.7.1, .NETFramework,Version=v4.7.2, .NETFramework,Version=v4.8, .NETFramework,Version=v4.8.1' instead of the project target framework 'net8.0'. This package may not be fully compatible with your project.
C:\Users\ultra\warewolf\Dev\Dev2.Diagnostics\Dev2.Diagnostics.csproj : warning NU1701: Package 'TaskSchedulerEditor 2.10.1' was restored using '.NETFramework,Version=v4.6.1, .NETFramework,Version=v4.6.2, .NETFramework,Version=v4.7, .NETFramework,Version=v4.7.1, .NETFramework,Version=v4.7.2, .NETFramework,Version=v4.8, .NETFramework,Version=v4.8.1' instead of the project target framework 'net8.0'. This package may not be fully compatible with your project.
C:\Users\ultra\warewolf\Dev\Dev2.Data\Dev2.Data.csproj : warning NU1701: Package 'AeroWizard 2.3.1' was restored using '.NETFramework,Version=v4.6.1, .NETFramework,Version=v4.6.2, .NETFramework,Version=v4.7, .NETFramework,Version=v4.7.1, .NETFramework,Version=v4.7.2, .NETFramework,Version=v4.8, .NETFramework,Version=v4.8.1' instead of the project target framework 'net8.0'. This package may not be fully compatible with your project.
C:\Users\ultra\warewolf\Dev\Dev2.Data\Dev2.Data.csproj : warning NU1701: Package 'GroupControls 1.9.0' was restored using '.NETFramework,Version=v4.6.1, .NETFramework,Version=v4.6.2, .NETFramework,Version=v4.7, .NETFramework,Version=v4.7.1, .NETFramework,Version=v4.7.2, .NETFramework,Version=v4.8, .NETFramework,Version=v4.8.1' instead of the project target framework 'net8.0'. This package may not be fully compatible with your project.
C:\Users\ultra\warewolf\Dev\Dev2.Data\Dev2.Data.csproj : warning NU1701: Package 'ReactiveUI.WPF 18.4.1' was restored using '.NETFramework,Version=v4.6.1, .NETFramework,Version=v4.6.2, .NETFramework,Version=v4.7, .NETFramework,Version=v4.7.1, .NETFramework,Version=v4.7.2, .NETFramework,Version=v4.8, .NETFramework,Version=v4.8.1' instead of the project target framework 'net8.0'. This package may not be fully compatible with your project.
C:\Users\ultra\warewolf\Dev\Dev2.Data\Dev2.Data.csproj : warning NU1701: Package 'TaskSchedulerEditor 2.10.1' was restored using '.NETFramework,Version=v4.6.1, .NETFramework,Version=v4.6.2, .NETFramework,Version=v4.7, .NETFramework,Version=v4.7.1, .NETFramework,Version=v4.7.2, .NETFramework,Version=v4.8, .NETFramework,Version=v4.8.1' instead of the project target framework 'net8.0'. This package may not be fully compatible with your project.
C:\Users\ultra\warewolf\Dev\Dev2.Common\Dev2.Common.csproj : warning NU1903: Package 'Microsoft.Windows.Compatibility' 6.0.0 has a known high severity vulnerability, https://github.com/advisories/GHSA-555c-2p6r-68mm
C:\Users\ultra\warewolf\Dev\Dev2.Core\Dev2.Core.csproj : warning NU1903: Package 'Microsoft.Windows.Compatibility' 6.0.0 has a known high severity vulnerability, https://github.com/advisories/GHSA-555c-2p6r-68mm
C:\Users\ultra\warewolf\Dev\Dev2.Common\Dev2.Common.csproj : warning NU1701: Package 'AeroWizard 2.3.1' was restored using '.NETFramework,Version=v4.6.1, .NETFramework,Version=v4.6.2, .NETFramework,Version=v4.7, .NETFramework,Version=v4.7.1, .NETFramework,Version=v4.7.2, .NETFramework,Version=v4.8, .NETFramework,Version=v4.8.1' instead of the project target framework 'net8.0'. This package may not be fully compatible with your project.
C:\Users\ultra\warewolf\Dev\Dev2.Activities\Dev2.Activities.csproj : warning NU1903: Package 'Microsoft.Windows.Compatibility' 6.0.0 has a known high severity vulnerability, https://github.com/advisories/GHSA-555c-2p6r-68mm
C:\Users\ultra\warewolf\Dev\Dev2.Common\Dev2.Common.csproj : warning NU1701: Package 'GroupControls 1.9.0' was restored using '.NETFramework,Version=v4.6.1, .NETFramework,Version=v4.6.2, .NETFramework,Version=v4.7, .NETFramework,Version=v4.7.1, .NETFramework,Version=v4.7.2, .NETFramework,Version=v4.8, .NETFramework,Version=v4.8.1' instead of the project target framework 'net8.0'. This package may not be fully compatible with your project.
C:\Users\ultra\warewolf\Dev\Dev2.Core\Dev2.Core.csproj : warning NU1701: Package 'AeroWizard 2.3.1' was restored using '.NETFramework,Version=v4.6.1, .NETFramework,Version=v4.6.2, .NETFramework,Version=v4.7, .NETFramework,Version=v4.7.1, .NETFramework,Version=v4.7.2, .NETFramework,Version=v4.8, .NETFramework,Version=v4.8.1' instead of the project target framework 'net8.0'. This package may not be fully compatible with your project.
C:\Users\ultra\warewolf\Dev\Dev2.Core\Dev2.Core.csproj : warning NU1701: Package 'GroupControls 1.9.0' was restored using '.NETFramework,Version=v4.6.1, .NETFramework,Version=v4.6.2, .NETFramework,Version=v4.7, .NETFramework,Version=v4.7.1, .NETFramework,Version=v4.7.2, .NETFramework,Version=v4.8, .NETFramework,Version=v4.8.1' instead of the project target framework 'net8.0'. This package may not be fully compatible with your project.
C:\Users\ultra\warewolf\Dev\Dev2.Common\Dev2.Common.csproj : warning NU1701: Package 'TaskSchedulerEditor 2.10.1' was restored using '.NETFramework,Version=v4.6.1, .NETFramework,Version=v4.6.2, .NETFramework,Version=v4.7, .NETFramework,Version=v4.7.1, .NETFramework,Version=v4.7.2, .NETFramework,Version=v4.8, .NETFramework,Version=v4.8.1' instead of the project target framework 'net8.0'. This package may not be fully compatible with your project.
C:\Users\ultra\warewolf\Dev\Dev2.Activities\Dev2.Activities.csproj : warning NU1701: Package 'AeroWizard 2.3.1' was restored using '.NETFramework,Version=v4.6.1, .NETFramework,Version=v4.6.2, .NETFramework,Version=v4.7, .NETFramework,Version=v4.7.1, .NETFramework,Version=v4.7.2, .NETFramework,Version=v4.8, .NETFramework,Version=v4.8.1' instead of the project target framework 'net8.0'. This package may not be fully compatible with your project.
C:\Users\ultra\warewolf\Dev\Dev2.Activities\Dev2.Activities.csproj : warning NU1701: Package 'GroupControls 1.9.0' was restored using '.NETFramework,Version=v4.6.1, .NETFramework,Version=v4.6.2, .NETFramework,Version=v4.7, .NETFramework,Version=v4.7.1, .NETFramework,Version=v4.7.2, .NETFramework,Version=v4.8, .NETFramework,Version=v4.8.1' instead of the project target framework 'net8.0'. This package may not be fully compatible with your project.
C:\Users\ultra\warewolf\Dev\Dev2.Core\Dev2.Core.csproj : warning NU1701: Package 'ReactiveUI.WPF 18.4.1' was restored using '.NETFramework,Version=v4.6.1, .NETFramework,Version=v4.6.2, .NETFramework,Version=v4.7, .NETFramework,Version=v4.7.1, .NETFramework,Version=v4.7.2, .NETFramework,Version=v4.8, .NETFramework,Version=v4.8.1' instead of the project target framework 'net8.0'. This package may not be fully compatible with your project.
C:\Users\ultra\warewolf\Dev\Dev2.Common.Interfaces\Dev2.Common.Interfaces.csproj : warning NU1903: Package 'Microsoft.Windows.Compatibility' 6.0.0 has a known high severity vulnerability, https://github.com/advisories/GHSA-555c-2p6r-68mm
C:\Users\ultra\warewolf\Dev\Dev2.Activities\Dev2.Activities.csproj : warning NU1701: Package 'ReactiveUI.WPF 18.4.1' was restored using '.NETFramework,Version=v4.6.1, .NETFramework,Version=v4.6.2, .NETFramework,Version=v4.7, .NETFramework,Version=v4.7.1, .NETFramework,Version=v4.7.2, .NETFramework,Version=v4.8, .NETFramework,Version=v4.8.1' instead of the project target framework 'net8.0'. This package may not be fully compatible with your project.
C:\Users\ultra\warewolf\Dev\Dev2.Common.Interfaces\Dev2.Common.Interfaces.csproj : warning NU1701: Package 'AeroWizard 2.3.1' was restored using '.NETFramework,Version=v4.6.1, .NETFramework,Version=v4.6.2, .NETFramework,Version=v4.7, .NETFramework,Version=v4.7.1, .NETFramework,Version=v4.7.2, .NETFramework,Version=v4.8, .NETFramework,Version=v4.8.1' instead of the project target framework 'net8.0'. This package may not be fully compatible with your project.
C:\Users\ultra\warewolf\Dev\Dev2.Core\Dev2.Core.csproj : warning NU1701: Package 'TaskSchedulerEditor 2.10.1' was restored using '.NETFramework,Version=v4.6.1, .NETFramework,Version=v4.6.2, .NETFramework,Version=v4.7, .NETFramework,Version=v4.7.1, .NETFramework,Version=v4.7.2, .NETFramework,Version=v4.8, .NETFramework,Version=v4.8.1' instead of the project target framework 'net8.0'. This package may not be fully compatible with your project.
C:\Users\ultra\warewolf\Dev\Dev2.Activities\Dev2.Activities.csproj : warning NU1701: Package 'TaskSchedulerEditor 2.10.1' was restored using '.NETFramework,Version=v4.6.1, .NETFramework,Version=v4.6.2, .NETFramework,Version=v4.7, .NETFramework,Version=v4.7.1, .NETFramework,Version=v4.7.2, .NETFramework,Version=v4.8, .NETFramework,Version=v4.8.1' instead of the project target framework 'net8.0'. This package may not be fully compatible with your project.
C:\Users\ultra\warewolf\Dev\Dev2.Common.Interfaces\Dev2.Common.Interfaces.csproj : warning NU1701: Package 'GroupControls 1.9.0' was restored using '.NETFramework,Version=v4.6.1, .NETFramework,Version=v4.6.2, .NETFramework,Version=v4.7, .NETFramework,Version=v4.7.1, .NETFramework,Version=v4.7.2, .NETFramework,Version=v4.8, .NETFramework,Version=v4.8.1' instead of the project target framework 'net8.0'. This package may not be fully compatible with your project.
C:\Users\ultra\warewolf\Dev\Dev2.Common.Interfaces\Dev2.Common.Interfaces.csproj : warning NU1701: Package 'TaskSchedulerEditor 2.10.1' was restored using '.NETFramework,Version=v4.6.1, .NETFramework,Version=v4.6.2, .NETFramework,Version=v4.7, .NETFramework,Version=v4.7.1, .NETFramework,Version=v4.7.2, .NETFramework,Version=v4.8, .NETFramework,Version=v4.8.1' instead of the project target framework 'net8.0'. This package may not be fully compatible with your project.
C:\Program Files\dotnet\sdk\10.0.201\Sdks\Microsoft.NET.Sdk\targets\Microsoft.NET.Sdk.DefaultItems.targets(162,5): warning NETSDK1137: It is no longer necessary to use the Microsoft.NET.Sdk.WindowsDesktop SDK. Consider changing the Sdk attribute of the root Project element to 'Microsoft.NET.Sdk'. [C:\Users\ultra\warewolf\Dev\Dev2.CustomControls\Dev2.CustomControls.csproj]
C:\Program Files\dotnet\sdk\10.0.201\Sdks\Microsoft.NET.Sdk.WindowsDesktop\targets\Microsoft.NET.Sdk.WindowsDesktop.targets(138,5): warning NETSDK1106: Microsoft.NET.Sdk.WindowsDesktop requires 'UseWpf' or 'UseWindowsForms' to be set to 'true' [C:\Users\ultra\warewolf\Dev\Dev2.CustomControls\Dev2.CustomControls.csproj]
C:\Users\ultra\warewolf\Dev\Dev2.Development.Languages\Dev2.Development.Languages.csproj : warning NU1701: Package 'AeroWizard 2.3.1' was restored using '.NETFramework,Version=v4.6.1, .NETFramework,Version=v4.6.2, .NETFramework,Version=v4.7, .NETFramework,Version=v4.7.1, .NETFramework,Version=v4.7.2, .NETFramework,Version=v4.8, .NETFramework,Version=v4.8.1' instead of the project target framework 'net8.0'. This package may not be fully compatible with your project.
C:\Users\ultra\warewolf\Dev\Dev2.Development.Languages\Dev2.Development.Languages.csproj : warning NU1701: Package 'GroupControls 1.9.0' was restored using '.NETFramework,Version=v4.6.1, .NETFramework,Version=v4.6.2, .NETFramework,Version=v4.7, .NETFramework,Version=v4.7.1, .NETFramework,Version=v4.7.2, .NETFramework,Version=v4.8, .NETFramework,Version=v4.8.1' instead of the project target framework 'net8.0'. This package may not be fully compatible with your project.
C:\Users\ultra\warewolf\Dev\Dev2.Development.Languages\Dev2.Development.Languages.csproj : warning NU1701: Package 'TaskSchedulerEditor 2.10.1' was restored using '.NETFramework,Version=v4.6.1, .NETFramework,Version=v4.6.2, .NETFramework,Version=v4.7, .NETFramework,Version=v4.7.1, .NETFramework,Version=v4.7.2, .NETFramework,Version=v4.8, .NETFramework,Version=v4.8.1' instead of the project target framework 'net8.0'. This package may not be fully compatible with your project.
C:\Users\ultra\warewolf\Dev\Dev2.Util\Dev2.Util.csproj : warning NU1903: Package 'Microsoft.Windows.Compatibility' 6.0.0 has a known high severity vulnerability, https://github.com/advisories/GHSA-555c-2p6r-68mm
C:\Users\ultra\warewolf\Dev\Dev2.Util\Dev2.Util.csproj : warning NU1701: Package 'AeroWizard 2.3.1' was restored using '.NETFramework,Version=v4.6.1, .NETFramework,Version=v4.6.2, .NETFramework,Version=v4.7, .NETFramework,Version=v4.7.1, .NETFramework,Version=v4.7.2, .NETFramework,Version=v4.8, .NETFramework,Version=v4.8.1' instead of the project target framework 'net8.0'. This package may not be fully compatible with your project.
C:\Users\ultra\warewolf\Dev\Dev2.Util\Dev2.Util.csproj : warning NU1701: Package 'GroupControls 1.9.0' was restored using '.NETFramework,Version=v4.6.1, .NETFramework,Version=v4.6.2, .NETFramework,Version=v4.7, .NETFramework,Version=v4.7.1, .NETFramework,Version=v4.7.2, .NETFramework,Version=v4.8, .NETFramework,Version=v4.8.1' instead of the project target framework 'net8.0'. This package may not be fully compatible with your project.
C:\Users\ultra\warewolf\Dev\Dev2.Util\Dev2.Util.csproj : warning NU1701: Package 'TaskSchedulerEditor 2.10.1' was restored using '.NETFramework,Version=v4.6.1, .NETFramework,Version=v4.6.2, .NETFramework,Version=v4.7, .NETFramework,Version=v4.7.1, .NETFramework,Version=v4.7.2, .NETFramework,Version=v4.8, .NETFramework,Version=v4.8.1' instead of the project target framework 'net8.0'. This package may not be fully compatible with your project.
C:\Users\ultra\warewolf\Dev\Dev2.CustomControls\Dev2.CustomControls.csproj : warning NU1903: Package 'Microsoft.Windows.Compatibility' 6.0.0 has a known high severity vulnerability, https://github.com/advisories/GHSA-555c-2p6r-68mm
C:\Users\ultra\warewolf\Dev\Dev2.CustomControls\Dev2.CustomControls.csproj : warning NU1701: Package 'AeroWizard 2.3.1' was restored using '.NETFramework,Version=v4.6.1, .NETFramework,Version=v4.6.2, .NETFramework,Version=v4.7, .NETFramework,Version=v4.7.1, .NETFramework,Version=v4.7.2, .NETFramework,Version=v4.8, .NETFramework,Version=v4.8.1' instead of the project target framework 'net8.0'. This package may not be fully compatible with your project.
C:\Users\ultra\warewolf\Dev\Dev2.CustomControls\Dev2.CustomControls.csproj : warning NU1701: Package 'GroupControls 1.9.0' was restored using '.NETFramework,Version=v4.6.1, .NETFramework,Version=v4.6.2, .NETFramework,Version=v4.7, .NETFramework,Version=v4.7.1, .NETFramework,Version=v4.7.2, .NETFramework,Version=v4.8, .NETFramework,Version=v4.8.1' instead of the project target framework 'net8.0'. This package may not be fully compatible with your project.
C:\Users\ultra\warewolf\Dev\Dev2.CustomControls\Dev2.CustomControls.csproj : warning NU1701: Package 'TaskSchedulerEditor 2.10.1' was restored using '.NETFramework,Version=v4.6.1, .NETFramework,Version=v4.6.2, .NETFramework,Version=v4.7, .NETFramework,Version=v4.7.1, .NETFramework,Version=v4.7.2, .NETFramework,Version=v4.8, .NETFramework,Version=v4.8.1' instead of the project target framework 'net8.0'. This package may not be fully compatible with your project.
C:\Users\ultra\warewolf\Dev\Dev2.Data.Interfaces\Dev2.Data.Interfaces.csproj : warning NU1903: Package 'DotNetZip' 1.16.0 has a known high severity vulnerability, https://github.com/advisories/GHSA-xhg6-9j5j-w4vf
C:\Users\ultra\warewolf\Dev\Dev2.Data.Interfaces\Dev2.Data.Interfaces.csproj : warning NU1701: Package 'AeroWizard 2.3.1' was restored using '.NETFramework,Version=v4.6.1, .NETFramework,Version=v4.6.2, .NETFramework,Version=v4.7, .NETFramework,Version=v4.7.1, .NETFramework,Version=v4.7.2, .NETFramework,Version=v4.8, .NETFramework,Version=v4.8.1' instead of the project target framework 'net8.0'. This package may not be fully compatible with your project.
C:\Users\ultra\warewolf\Dev\Dev2.Data.Interfaces\Dev2.Data.Interfaces.csproj : warning NU1701: Package 'GroupControls 1.9.0' was restored using '.NETFramework,Version=v4.6.1, .NETFramework,Version=v4.6.2, .NETFramework,Version=v4.7, .NETFramework,Version=v4.7.1, .NETFramework,Version=v4.7.2, .NETFramework,Version=v4.8, .NETFramework,Version=v4.8.1' instead of the project target framework 'net8.0'. This package may not be fully compatible with your project.
C:\Users\ultra\warewolf\Dev\Dev2.Data.Interfaces\Dev2.Data.Interfaces.csproj : warning NU1701: Package 'TaskSchedulerEditor 2.10.1' was restored using '.NETFramework,Version=v4.6.1, .NETFramework,Version=v4.6.2, .NETFramework,Version=v4.7, .NETFramework,Version=v4.7.1, .NETFramework,Version=v4.7.2, .NETFramework,Version=v4.8, .NETFramework,Version=v4.8.1' instead of the project target framework 'net8.0'. This package may not be fully compatible with your project.
C:\Users\ultra\warewolf\Dev\Warewolf.Logger\Warewolf.Logger.csproj : warning NU1701: Package 'AeroWizard 2.3.1' was restored using '.NETFramework,Version=v4.6.1, .NETFramework,Version=v4.6.2, .NETFramework,Version=v4.7, .NETFramework,Version=v4.7.1, .NETFramework,Version=v4.7.2, .NETFramework,Version=v4.8, .NETFramework,Version=v4.8.1' instead of the project target framework 'net8.0'. This package may not be fully compatible with your project.
C:\Users\ultra\warewolf\Dev\Warewolf.Logger\Warewolf.Logger.csproj : warning NU1701: Package 'GroupControls 1.9.0' was restored using '.NETFramework,Version=v4.6.1, .NETFramework,Version=v4.6.2, .NETFramework,Version=v4.7, .NETFramework,Version=v4.7.1, .NETFramework,Version=v4.7.2, .NETFramework,Version=v4.8, .NETFramework,Version=v4.8.1' instead of the project target framework 'net8.0'. This package may not be fully compatible with your project.
C:\Users\ultra\warewolf\Dev\Warewolf.Logger\Warewolf.Logger.csproj : warning NU1701: Package 'Microsoft.Xaml.Behaviors.Wpf 1.1.122' was restored using '.NETFramework,Version=v4.6.1, .NETFramework,Version=v4.6.2, .NETFramework,Version=v4.7, .NETFramework,Version=v4.7.1, .NETFramework,Version=v4.7.2, .NETFramework,Version=v4.8, .NETFramework,Version=v4.8.1' instead of the project target framework 'net8.0'. This package may not be fully compatible with your project.
C:\Users\ultra\warewolf\Dev\Warewolf.Logger\Warewolf.Logger.csproj : warning NU1701: Package 'Prism.Wpf 9.0.537' was restored using '.NETFramework,Version=v4.6.1, .NETFramework,Version=v4.6.2, .NETFramework,Version=v4.7, .NETFramework,Version=v4.7.1, .NETFramework,Version=v4.7.2, .NETFramework,Version=v4.8, .NETFramework,Version=v4.8.1' instead of the project target framework 'net8.0'. This package may not be fully compatible with your project.
C:\Users\ultra\warewolf\Dev\Warewolf.Logger\Warewolf.Logger.csproj : warning NU1701: Package 'ReactiveUI.WPF 18.4.1' was restored using '.NETFramework,Version=v4.6.1, .NETFramework,Version=v4.6.2, .NETFramework,Version=v4.7, .NETFramework,Version=v4.7.1, .NETFramework,Version=v4.7.2, .NETFramework,Version=v4.8, .NETFramework,Version=v4.8.1' instead of the project target framework 'net8.0'. This package may not be fully compatible with your project.
C:\Users\ultra\warewolf\Dev\Warewolf.Logger\Warewolf.Logger.csproj : warning NU1701: Package 'TaskSchedulerEditor 2.10.1' was restored using '.NETFramework,Version=v4.6.1, .NETFramework,Version=v4.6.2, .NETFramework,Version=v4.7, .NETFramework,Version=v4.7.1, .NETFramework,Version=v4.7.2, .NETFramework,Version=v4.8, .NETFramework,Version=v4.8.1' instead of the project target framework 'net8.0'. This package may not be fully compatible with your project.
C:\Users\ultra\warewolf\Dev\Dev2.Runtime.Services\Dev2.Runtime.Services.csproj : warning NU1902: Package 'MessagePack' 2.4.59 has a known moderate severity vulnerability, https://github.com/advisories/GHSA-4qm4-8hg2-g2xm
C:\Users\ultra\warewolf\Dev\Dev2.Runtime.Services\Dev2.Runtime.Services.csproj : warning NU1903: Package 'Microsoft.Windows.Compatibility' 6.0.0 has a known high severity vulnerability, https://github.com/advisories/GHSA-555c-2p6r-68mm
C:\Users\ultra\warewolf\Dev\Dev2.Runtime.Services\Dev2.Runtime.Services.csproj : warning NU1701: Package 'AeroWizard 2.3.1' was restored using '.NETFramework,Version=v4.6.1, .NETFramework,Version=v4.6.2, .NETFramework,Version=v4.7, .NETFramework,Version=v4.7.1, .NETFramework,Version=v4.7.2, .NETFramework,Version=v4.8, .NETFramework,Version=v4.8.1' instead of the project target framework 'net8.0'. This package may not be fully compatible with your project.
C:\Users\ultra\warewolf\Dev\Dev2.Runtime.Services\Dev2.Runtime.Services.csproj : warning NU1701: Package 'GroupControls 1.9.0' was restored using '.NETFramework,Version=v4.6.1, .NETFramework,Version=v4.6.2, .NETFramework,Version=v4.7, .NETFramework,Version=v4.7.1, .NETFramework,Version=v4.7.2, .NETFramework,Version=v4.8, .NETFramework,Version=v4.8.1' instead of the project target framework 'net8.0'. This package may not be fully compatible with your project.
C:\Users\ultra\warewolf\Dev\Dev2.Runtime.Services\Dev2.Runtime.Services.csproj : warning NU1701: Package 'ReactiveUI.WPF 18.4.1' was restored using '.NETFramework,Version=v4.6.1, .NETFramework,Version=v4.6.2, .NETFramework,Version=v4.7, .NETFramework,Version=v4.7.1, .NETFramework,Version=v4.7.2, .NETFramework,Version=v4.8, .NETFramework,Version=v4.8.1' instead of the project target framework 'net8.0'. This package may not be fully compatible with your project.
C:\Users\ultra\warewolf\Dev\Dev2.Runtime.Services\Dev2.Runtime.Services.csproj : warning NU1701: Package 'TaskSchedulerEditor 2.10.1' was restored using '.NETFramework,Version=v4.6.1, .NETFramework,Version=v4.6.2, .NETFramework,Version=v4.7, .NETFramework,Version=v4.7.1, .NETFramework,Version=v4.7.2, .NETFramework,Version=v4.8, .NETFramework,Version=v4.8.1' instead of the project target framework 'net8.0'. This package may not be fully compatible with your project.
C:\Users\ultra\warewolf\Dev\Dev2.Infrastructure.Tests\Dev2.Infrastructure.Tests.csproj : warning NU1701: Package 'AeroWizard 2.3.1' was restored using '.NETFramework,Version=v4.6.1, .NETFramework,Version=v4.6.2, .NETFramework,Version=v4.7, .NETFramework,Version=v4.7.1, .NETFramework,Version=v4.7.2, .NETFramework,Version=v4.8, .NETFramework,Version=v4.8.1' instead of the project target framework 'net8.0'. This package may not be fully compatible with your project.
C:\Users\ultra\warewolf\Dev\Dev2.Infrastructure.Tests\Dev2.Infrastructure.Tests.csproj : warning NU1701: Package 'GroupControls 1.9.0' was restored using '.NETFramework,Version=v4.6.1, .NETFramework,Version=v4.6.2, .NETFramework,Version=v4.7, .NETFramework,Version=v4.7.1, .NETFramework,Version=v4.7.2, .NETFramework,Version=v4.8, .NETFramework,Version=v4.8.1' instead of the project target framework 'net8.0'. This package may not be fully compatible with your project.
C:\Users\ultra\warewolf\Dev\Dev2.Infrastructure.Tests\Dev2.Infrastructure.Tests.csproj : warning NU1701: Package 'Microsoft.Xaml.Behaviors.Wpf 1.1.122' was restored using '.NETFramework,Version=v4.6.1, .NETFramework,Version=v4.6.2, .NETFramework,Version=v4.7, .NETFramework,Version=v4.7.1, .NETFramework,Version=v4.7.2, .NETFramework,Version=v4.8, .NETFramework,Version=v4.8.1' instead of the project target framework 'net8.0'. This package may not be fully compatible with your project.
C:\Users\ultra\warewolf\Dev\Dev2.Infrastructure.Tests\Dev2.Infrastructure.Tests.csproj : warning NU1701: Package 'Prism.Wpf 9.0.537' was restored using '.NETFramework,Version=v4.6.1, .NETFramework,Version=v4.6.2, .NETFramework,Version=v4.7, .NETFramework,Version=v4.7.1, .NETFramework,Version=v4.7.2, .NETFramework,Version=v4.8, .NETFramework,Version=v4.8.1' instead of the project target framework 'net8.0'. This package may not be fully compatible with your project.
C:\Users\ultra\warewolf\Dev\Dev2.Infrastructure.Tests\Dev2.Infrastructure.Tests.csproj : warning NU1701: Package 'ReactiveUI.WPF 18.4.1' was restored using '.NETFramework,Version=v4.6.1, .NETFramework,Version=v4.6.2, .NETFramework,Version=v4.7, .NETFramework,Version=v4.7.1, .NETFramework,Version=v4.7.2, .NETFramework,Version=v4.8, .NETFramework,Version=v4.8.1' instead of the project target framework 'net8.0'. This package may not be fully compatible with your project.
C:\Users\ultra\warewolf\Dev\Dev2.Infrastructure.Tests\Dev2.Infrastructure.Tests.csproj : warning NU1701: Package 'TaskSchedulerEditor 2.10.1' was restored using '.NETFramework,Version=v4.6.1, .NETFramework,Version=v4.6.2, .NETFramework,Version=v4.7, .NETFramework,Version=v4.7.1, .NETFramework,Version=v4.7.2, .NETFramework,Version=v4.8, .NETFramework,Version=v4.8.1' instead of the project target framework 'net8.0'. This package may not be fully compatible with your project.
C:\Users\ultra\warewolf\Dev\Warewolf.Security\Warewolf.Security.csproj : warning NU1904: Package 'System.Drawing.Common' 4.5.1 has a known critical severity vulnerability, https://github.com/advisories/GHSA-rxg9-xrhp-64gj
C:\Users\ultra\warewolf\Dev\Dev2.Studio.Core\Dev2.Studio.Core.csproj : warning NU1701: Package 'AeroWizard 2.3.1' was restored using '.NETFramework,Version=v4.6.1, .NETFramework,Version=v4.6.2, .NETFramework,Version=v4.7, .NETFramework,Version=v4.7.1, .NETFramework,Version=v4.7.2, .NETFramework,Version=v4.8, .NETFramework,Version=v4.8.1' instead of the project target framework 'net8.0'. This package may not be fully compatible with your project.
C:\Users\ultra\warewolf\Dev\Dev2.Studio.Core\Dev2.Studio.Core.csproj : warning NU1701: Package 'GroupControls 1.9.0' was restored using '.NETFramework,Version=v4.6.1, .NETFramework,Version=v4.6.2, .NETFramework,Version=v4.7, .NETFramework,Version=v4.7.1, .NETFramework,Version=v4.7.2, .NETFramework,Version=v4.8, .NETFramework,Version=v4.8.1' instead of the project target framework 'net8.0'. This package may not be fully compatible with your project.
C:\Users\ultra\warewolf\Dev\Dev2.Studio.Core\Dev2.Studio.Core.csproj : warning NU1701: Package 'Microsoft.Xaml.Behaviors.Wpf 1.1.122' was restored using '.NETFramework,Version=v4.6.1, .NETFramework,Version=v4.6.2, .NETFramework,Version=v4.7, .NETFramework,Version=v4.7.1, .NETFramework,Version=v4.7.2, .NETFramework,Version=v4.8, .NETFramework,Version=v4.8.1' instead of the project target framework 'net8.0'. This package may not be fully compatible with your project.
C:\Users\ultra\warewolf\Dev\Dev2.Studio.Core\Dev2.Studio.Core.csproj : warning NU1701: Package 'Prism.Wpf 9.0.537' was restored using '.NETFramework,Version=v4.6.1, .NETFramework,Version=v4.6.2, .NETFramework,Version=v4.7, .NETFramework,Version=v4.7.1, .NETFramework,Version=v4.7.2, .NETFramework,Version=v4.8, .NETFramework,Version=v4.8.1' instead of the project target framework 'net8.0'. This package may not be fully compatible with your project.
C:\Users\ultra\warewolf\Dev\Dev2.Studio.Core\Dev2.Studio.Core.csproj : warning NU1701: Package 'ReactiveUI.WPF 18.4.1' was restored using '.NETFramework,Version=v4.6.1, .NETFramework,Version=v4.6.2, .NETFramework,Version=v4.7, .NETFramework,Version=v4.7.1, .NETFramework,Version=v4.7.2, .NETFramework,Version=v4.8, .NETFramework,Version=v4.8.1' instead of the project target framework 'net8.0'. This package may not be fully compatible with your project.
C:\Users\ultra\warewolf\Dev\Dev2.Studio.Core\Dev2.Studio.Core.csproj : warning NU1701: Package 'TaskSchedulerEditor 2.10.1' was restored using '.NETFramework,Version=v4.6.1, .NETFramework,Version=v4.6.2, .NETFramework,Version=v4.7, .NETFramework,Version=v4.7.1, .NETFramework,Version=v4.7.2, .NETFramework,Version=v4.8, .NETFramework,Version=v4.8.1' instead of the project target framework 'net8.0'. This package may not be fully compatible with your project.
  Dev2.Net6.Compatibility -> C:\Users\ultra\warewolf\Dev\Dev2.Net6.Compatibility\bin\Debug\net8.0\Dev2.Net6.Compatibility.dll
C:\Users\ultra\warewolf\Dev\Dev2.Infrastructure\Dev2.Infrastructure.csproj : warning NU1903: Package 'Microsoft.Windows.Compatibility' 6.0.0 has a known high severity vulnerability, https://github.com/advisories/GHSA-555c-2p6r-68mm
C:\Users\ultra\warewolf\Dev\Dev2.Infrastructure\Dev2.Infrastructure.csproj : warning NU1701: Package 'AeroWizard 2.3.1' was restored using '.NETFramework,Version=v4.6.1, .NETFramework,Version=v4.6.2, .NETFramework,Version=v4.7, .NETFramework,Version=v4.7.1, .NETFramework,Version=v4.7.2, .NETFramework,Version=v4.8, .NETFramework,Version=v4.8.1' instead of the project target framework 'net8.0'. This package may not be fully compatible with your project.
C:\Users\ultra\warewolf\Dev\Dev2.Infrastructure\Dev2.Infrastructure.csproj : warning NU1701: Package 'GroupControls 1.9.0' was restored using '.NETFramework,Version=v4.6.1, .NETFramework,Version=v4.6.2, .NETFramework,Version=v4.7, .NETFramework,Version=v4.7.1, .NETFramework,Version=v4.7.2, .NETFramework,Version=v4.8, .NETFramework,Version=v4.8.1' instead of the project target framework 'net8.0'. This package may not be fully compatible with your project.
C:\Users\ultra\warewolf\Dev\Dev2.Infrastructure\Dev2.Infrastructure.csproj : warning NU1701: Package 'ReactiveUI.WPF 18.4.1' was restored using '.NETFramework,Version=v4.6.1, .NETFramework,Version=v4.6.2, .NETFramework,Version=v4.7, .NETFramework,Version=v4.7.1, .NETFramework,Version=v4.7.2, .NETFramework,Version=v4.8, .NETFramework,Version=v4.8.1' instead of the project target framework 'net8.0'. This package may not be fully compatible with your project.
C:\Users\ultra\warewolf\Dev\Dev2.Infrastructure\Dev2.Infrastructure.csproj : warning NU1701: Package 'TaskSchedulerEditor 2.10.1' was restored using '.NETFramework,Version=v4.6.1, .NETFramework,Version=v4.6.2, .NETFramework,Version=v4.7, .NETFramework,Version=v4.7.1, .NETFramework,Version=v4.7.2, .NETFramework,Version=v4.8, .NETFramework,Version=v4.8.1' instead of the project target framework 'net8.0'. This package may not be fully compatible with your project.
  GACManagerApi -> C:\Users\ultra\warewolf\Dev\GACManagerApi\bin\Debug\net8.0\GACManagerApi.dll
C:\Users\ultra\warewolf\Dev\Dev2.TaskScheduler.Wrappers\Dev2.TaskScheduler.Wrappers.csproj : warning NU1701: Package 'AeroWizard 2.3.1' was restored using '.NETFramework,Version=v4.6.1, .NETFramework,Version=v4.6.2, .NETFramework,Version=v4.7, .NETFramework,Version=v4.7.1, .NETFramework,Version=v4.7.2, .NETFramework,Version=v4.8, .NETFramework,Version=v4.8.1' instead of the project target framework 'net8.0'. This package may not be fully compatible with your project.
C:\Users\ultra\warewolf\Dev\Dev2.TaskScheduler.Wrappers\Dev2.TaskScheduler.Wrappers.csproj : warning NU1701: Package 'GroupControls 1.9.0' was restored using '.NETFramework,Version=v4.6.1, .NETFramework,Version=v4.6.2, .NETFramework,Version=v4.7, .NETFramework,Version=v4.7.1, .NETFramework,Version=v4.7.2, .NETFramework,Version=v4.8, .NETFramework,Version=v4.8.1' instead of the project target framework 'net8.0'. This package may not be fully compatible with your project.
C:\Users\ultra\warewolf\Dev\Dev2.TaskScheduler.Wrappers\Dev2.TaskScheduler.Wrappers.csproj : warning NU1701: Package 'TaskSchedulerEditor 2.10.1' was restored using '.NETFramework,Version=v4.6.1, .NETFramework,Version=v4.6.2, .NETFramework,Version=v4.7, .NETFramework,Version=v4.7.1, .NETFramework,Version=v4.7.2, .NETFramework,Version=v4.8, .NETFramework,Version=v4.8.1' instead of the project target framework 'net8.0'. This package may not be fully compatible with your project.
C:\Users\ultra\warewolf\Dev\Warewolf.Exchange.Email.Wrapper\Warewolf.Exchange.Email.Wrapper.csproj : warning NU1701: Package 'AeroWizard 2.3.1' was restored using '.NETFramework,Version=v4.6.1, .NETFramework,Version=v4.6.2, .NETFramework,Version=v4.7, .NETFramework,Version=v4.7.1, .NETFramework,Version=v4.7.2, .NETFramework,Version=v4.8, .NETFramework,Version=v4.8.1' instead of the project target framework 'net8.0'. This package may not be fully compatible with your project.
C:\Users\ultra\warewolf\Dev\Warewolf.Exchange.Email.Wrapper\Warewolf.Exchange.Email.Wrapper.csproj : warning NU1701: Package 'GroupControls 1.9.0' was restored using '.NETFramework,Version=v4.6.1, .NETFramework,Version=v4.6.2, .NETFramework,Version=v4.7, .NETFramework,Version=v4.7.1, .NETFramework,Version=v4.7.2, .NETFramework,Version=v4.8, .NETFramework,Version=v4.8.1' instead of the project target framework 'net8.0'. This package may not be fully compatible with your project.
C:\Users\ultra\warewolf\Dev\Warewolf.Exchange.Email.Wrapper\Warewolf.Exchange.Email.Wrapper.csproj : warning NU1701: Package 'ReactiveUI.WPF 18.4.1' was restored using '.NETFramework,Version=v4.6.1, .NETFramework,Version=v4.6.2, .NETFramework,Version=v4.7, .NETFramework,Version=v4.7.1, .NETFramework,Version=v4.7.2, .NETFramework,Version=v4.8, .NETFramework,Version=v4.8.1' instead of the project target framework 'net8.0'. This package may not be fully compatible with your project.
C:\Users\ultra\warewolf\Dev\Warewolf.Exchange.Email.Wrapper\Warewolf.Exchange.Email.Wrapper.csproj : warning NU1701: Package 'TaskSchedulerEditor 2.10.1' was restored using '.NETFramework,Version=v4.6.1, .NETFramework,Version=v4.6.2, .NETFramework,Version=v4.7, .NETFramework,Version=v4.7.1, .NETFramework,Version=v4.7.2, .NETFramework,Version=v4.8, .NETFramework,Version=v4.8.1' instead of the project target framework 'net8.0'. This package may not be fully compatible with your project.
C:\Users\ultra\warewolf\Dev\Dev2.Scheduler\Dev2.Scheduler.csproj : warning NU1701: Package 'AeroWizard 2.3.1' was restored using '.NETFramework,Version=v4.6.1, .NETFramework,Version=v4.6.2, .NETFramework,Version=v4.7, .NETFramework,Version=v4.7.1, .NETFramework,Version=v4.7.2, .NETFramework,Version=v4.8, .NETFramework,Version=v4.8.1' instead of the project target framework 'net8.0'. This package may not be fully compatible with your project.
C:\Users\ultra\warewolf\Dev\Dev2.Scheduler\Dev2.Scheduler.csproj : warning NU1701: Package 'GroupControls 1.9.0' was restored using '.NETFramework,Version=v4.6.1, .NETFramework,Version=v4.6.2, .NETFramework,Version=v4.7, .NETFramework,Version=v4.7.1, .NETFramework,Version=v4.7.2, .NETFramework,Version=v4.8, .NETFramework,Version=v4.8.1' instead of the project target framework 'net8.0'. This package may not be fully compatible with your project.
C:\Users\ultra\warewolf\Dev\Dev2.Scheduler\Dev2.Scheduler.csproj : warning NU1701: Package 'ReactiveUI.WPF 18.4.1' was restored using '.NETFramework,Version=v4.6.1, .NETFramework,Version=v4.6.2, .NETFramework,Version=v4.7, .NETFramework,Version=v4.7.1, .NETFramework,Version=v4.7.2, .NETFramework,Version=v4.8, .NETFramework,Version=v4.8.1' instead of the project target framework 'net8.0'. This package may not be fully compatible with your project.
C:\Users\ultra\warewolf\Dev\Dev2.Scheduler\Dev2.Scheduler.csproj : warning NU1701: Package 'TaskSchedulerEditor 2.10.1' was restored using '.NETFramework,Version=v4.6.1, .NETFramework,Version=v4.6.2, .NETFramework,Version=v4.7, .NETFramework,Version=v4.7.1, .NETFramework,Version=v4.7.2, .NETFramework,Version=v4.8, .NETFramework,Version=v4.8.1' instead of the project target framework 'net8.0'. This package may not be fully compatible with your project.
C:\Users\ultra\warewolf\Dev\Warewolf.ResourceManagement\Warewolf.ResourceManagement.csproj : warning NU1701: Package 'AeroWizard 2.3.1' was restored using '.NETFramework,Version=v4.6.1, .NETFramework,Version=v4.6.2, .NETFramework,Version=v4.7, .NETFramework,Version=v4.7.1, .NETFramework,Version=v4.7.2, .NETFramework,Version=v4.8, .NETFramework,Version=v4.8.1' instead of the project target framework 'net8.0'. This package may not be fully compatible with your project.
C:\Users\ultra\warewolf\Dev\Warewolf.ResourceManagement\Warewolf.ResourceManagement.csproj : warning NU1701: Package 'GroupControls 1.9.0' was restored using '.NETFramework,Version=v4.6.1, .NETFramework,Version=v4.6.2, .NETFramework,Version=v4.7, .NETFramework,Version=v4.7.1, .NETFramework,Version=v4.7.2, .NETFramework,Version=v4.8, .NETFramework,Version=v4.8.1' instead of the project target framework 'net8.0'. This package may not be fully compatible with your project.
C:\Users\ultra\warewolf\Dev\Warewolf.ResourceManagement\Warewolf.ResourceManagement.csproj : warning NU1701: Package 'ReactiveUI.WPF 18.4.1' was restored using '.NETFramework,Version=v4.6.1, .NETFramework,Version=v4.6.2, .NETFramework,Version=v4.7, .NETFramework,Version=v4.7.1, .NETFramework,Version=v4.7.2, .NETFramework,Version=v4.8, .NETFramework,Version=v4.8.1' instead of the project target framework 'net8.0'. This package may not be fully compatible with your project.
C:\Users\ultra\warewolf\Dev\Warewolf.ResourceManagement\Warewolf.ResourceManagement.csproj : warning NU1701: Package 'TaskSchedulerEditor 2.10.1' was restored using '.NETFramework,Version=v4.6.1, .NETFramework,Version=v4.6.2, .NETFramework,Version=v4.7, .NETFramework,Version=v4.7.1, .NETFramework,Version=v4.7.2, .NETFramework,Version=v4.8, .NETFramework,Version=v4.8.1' instead of the project target framework 'net8.0'. This package may not be fully compatible with your project.
C:\Users\ultra\warewolf\Dev\Warewolf.AI.Harness\Warewolf.AI.Harness.csproj : warning NU1701: Package 'AeroWizard 2.3.1' was restored using '.NETFramework,Version=v4.6.1, .NETFramework,Version=v4.6.2, .NETFramework,Version=v4.7, .NETFramework,Version=v4.7.1, .NETFramework,Version=v4.7.2, .NETFramework,Version=v4.8, .NETFramework,Version=v4.8.1' instead of the project target framework 'net8.0'. This package may not be fully compatible with your project.
C:\Users\ultra\warewolf\Dev\Warewolf.AI.Harness\Warewolf.AI.Harness.csproj : warning NU1701: Package 'GroupControls 1.9.0' was restored using '.NETFramework,Version=v4.6.1, .NETFramework,Version=v4.6.2, .NETFramework,Version=v4.7, .NETFramework,Version=v4.7.1, .NETFramework,Version=v4.7.2, .NETFramework,Version=v4.8, .NETFramework,Version=v4.8.1' instead of the project target framework 'net8.0'. This package may not be fully compatible with your project.
C:\Users\ultra\warewolf\Dev\Warewolf.AI.Harness\Warewolf.AI.Harness.csproj : warning NU1701: Package 'TaskSchedulerEditor 2.10.1' was restored using '.NETFramework,Version=v4.6.1, .NETFramework,Version=v4.6.2, .NETFramework,Version=v4.7, .NETFramework,Version=v4.7.1, .NETFramework,Version=v4.7.2, .NETFramework,Version=v4.8, .NETFramework,Version=v4.8.1' instead of the project target framework 'net8.0'. This package may not be fully compatible with your project.
C:\Program Files\dotnet\sdk\10.0.201\Sdks\Microsoft.NET.Sdk\targets\Microsoft.NET.Sdk.DefaultItems.targets(162,5): warning NETSDK1137: It is no longer necessary to use the Microsoft.NET.Sdk.WindowsDesktop SDK. Consider changing the Sdk attribute of the root Project element to 'Microsoft.NET.Sdk'. [C:\Users\ultra\warewolf\Dev\Warewolf.Studio.Core\Warewolf.Studio.Core.csproj]
C:\Program Files\dotnet\sdk\10.0.201\Sdks\Microsoft.NET.Sdk.WindowsDesktop\targets\Microsoft.NET.Sdk.WindowsDesktop.targets(138,5): warning NETSDK1106: Microsoft.NET.Sdk.WindowsDesktop requires 'UseWpf' or 'UseWindowsForms' to be set to 'true' [C:\Users\ultra\warewolf\Dev\Warewolf.Studio.Core\Warewolf.Studio.Core.csproj]
C:\Users\ultra\warewolf\Dev\Warewolf.Core\Warewolf.Core.csproj : warning NU1903: Package 'Microsoft.Windows.Compatibility' 6.0.0 has a known high severity vulnerability, https://github.com/advisories/GHSA-555c-2p6r-68mm
C:\Users\ultra\warewolf\Dev\Warewolf.Core\Warewolf.Core.csproj : warning NU1701: Package 'AeroWizard 2.3.1' was restored using '.NETFramework,Version=v4.6.1, .NETFramework,Version=v4.6.2, .NETFramework,Version=v4.7, .NETFramework,Version=v4.7.1, .NETFramework,Version=v4.7.2, .NETFramework,Version=v4.8, .NETFramework,Version=v4.8.1' instead of the project target framework 'net8.0'. This package may not be fully compatible with your project.
C:\Users\ultra\warewolf\Dev\Warewolf.Core\Warewolf.Core.csproj : warning NU1701: Package 'GroupControls 1.9.0' was restored using '.NETFramework,Version=v4.6.1, .NETFramework,Version=v4.6.2, .NETFramework,Version=v4.7, .NETFramework,Version=v4.7.1, .NETFramework,Version=v4.7.2, .NETFramework,Version=v4.8, .NETFramework,Version=v4.8.1' instead of the project target framework 'net8.0'. This package may not be fully compatible with your project.
C:\Users\ultra\warewolf\Dev\Warewolf.Core\Warewolf.Core.csproj : warning NU1701: Package 'ReactiveUI.WPF 18.4.1' was restored using '.NETFramework,Version=v4.6.1, .NETFramework,Version=v4.6.2, .NETFramework,Version=v4.7, .NETFramework,Version=v4.7.1, .NETFramework,Version=v4.7.2, .NETFramework,Version=v4.8, .NETFramework,Version=v4.8.1' instead of the project target framework 'net8.0'. This package may not be fully compatible with your project.
C:\Users\ultra\warewolf\Dev\Warewolf.Core\Warewolf.Core.csproj : warning NU1701: Package 'TaskSchedulerEditor 2.10.1' was restored using '.NETFramework,Version=v4.6.1, .NETFramework,Version=v4.6.2, .NETFramework,Version=v4.7, .NETFramework,Version=v4.7.1, .NETFramework,Version=v4.7.2, .NETFramework,Version=v4.8, .NETFramework,Version=v4.8.1' instead of the project target framework 'net8.0'. This package may not be fully compatible with your project.
C:\Users\ultra\warewolf\Dev\Warewolf.Studio.Core\Warewolf.Studio.Core.csproj : warning NU1701: Package 'AeroWizard 2.3.1' was restored using '.NETFramework,Version=v4.6.1, .NETFramework,Version=v4.6.2, .NETFramework,Version=v4.7, .NETFramework,Version=v4.7.1, .NETFramework,Version=v4.7.2, .NETFramework,Version=v4.8, .NETFramework,Version=v4.8.1' instead of the project target framework 'net8.0'. This package may not be fully compatible with your project.
C:\Users\ultra\warewolf\Dev\Warewolf.Studio.Core\Warewolf.Studio.Core.csproj : warning NU1701: Package 'GroupControls 1.9.0' was restored using '.NETFramework,Version=v4.6.1, .NETFramework,Version=v4.6.2, .NETFramework,Version=v4.7, .NETFramework,Version=v4.7.1, .NETFramework,Version=v4.7.2, .NETFramework,Version=v4.8, .NETFramework,Version=v4.8.1' instead of the project target framework 'net8.0'. This package may not be fully compatible with your project.
C:\Users\ultra\warewolf\Dev\Warewolf.Studio.Core\Warewolf.Studio.Core.csproj : warning NU1701: Package 'Microsoft.Xaml.Behaviors.Wpf 1.1.122' was restored using '.NETFramework,Version=v4.6.1, .NETFramework,Version=v4.6.2, .NETFramework,Version=v4.7, .NETFramework,Version=v4.7.1, .NETFramework,Version=v4.7.2, .NETFramework,Version=v4.8, .NETFramework,Version=v4.8.1' instead of the project target framework 'net8.0'. This package may not be fully compatible with your project.
C:\Users\ultra\warewolf\Dev\Warewolf.Studio.Core\Warewolf.Studio.Core.csproj : warning NU1701: Package 'Prism.Wpf 9.0.537' was restored using '.NETFramework,Version=v4.6.1, .NETFramework,Version=v4.6.2, .NETFramework,Version=v4.7, .NETFramework,Version=v4.7.1, .NETFramework,Version=v4.7.2, .NETFramework,Version=v4.8, .NETFramework,Version=v4.8.1' instead of the project target framework 'net8.0'. This package may not be fully compatible with your project.
C:\Users\ultra\warewolf\Dev\Warewolf.Studio.Core\Warewolf.Studio.Core.csproj : warning NU1701: Package 'ReactiveUI.WPF 18.4.1' was restored using '.NETFramework,Version=v4.6.1, .NETFramework,Version=v4.6.2, .NETFramework,Version=v4.7, .NETFramework,Version=v4.7.1, .NETFramework,Version=v4.7.2, .NETFramework,Version=v4.8, .NETFramework,Version=v4.8.1' instead of the project target framework 'net8.0'. This package may not be fully compatible with your project.
C:\Users\ultra\warewolf\Dev\Warewolf.Studio.Core\Warewolf.Studio.Core.csproj : warning NU1701: Package 'TaskSchedulerEditor 2.10.1' was restored using '.NETFramework,Version=v4.6.1, .NETFramework,Version=v4.6.2, .NETFramework,Version=v4.7, .NETFramework,Version=v4.7.1, .NETFramework,Version=v4.7.2, .NETFramework,Version=v4.8, .NETFramework,Version=v4.8.1' instead of the project target framework 'net8.0'. This package may not be fully compatible with your project.
C:\Users\ultra\warewolf\Dev\Dev2.SignalR.Wrappers.New\Dev2.SignalR.Wrappers.New.csproj : warning NU1701: Package 'AeroWizard 2.3.1' was restored using '.NETFramework,Version=v4.6.1, .NETFramework,Version=v4.6.2, .NETFramework,Version=v4.7, .NETFramework,Version=v4.7.1, .NETFramework,Version=v4.7.2, .NETFramework,Version=v4.8, .NETFramework,Version=v4.8.1' instead of the project target framework 'net8.0'. This package may not be fully compatible with your project.
C:\Users\ultra\warewolf\Dev\Dev2.SignalR.Wrappers.New\Dev2.SignalR.Wrappers.New.csproj : warning NU1701: Package 'GroupControls 1.9.0' was restored using '.NETFramework,Version=v4.6.1, .NETFramework,Version=v4.6.2, .NETFramework,Version=v4.7, .NETFramework,Version=v4.7.1, .NETFramework,Version=v4.7.2, .NETFramework,Version=v4.8, .NETFramework,Version=v4.8.1' instead of the project target framework 'net8.0'. This package may not be fully compatible with your project.
C:\Users\ultra\warewolf\Dev\Dev2.SignalR.Wrappers.New\Dev2.SignalR.Wrappers.New.csproj : warning NU1701: Package 'ReactiveUI.WPF 18.4.1' was restored using '.NETFramework,Version=v4.6.1, .NETFramework,Version=v4.6.2, .NETFramework,Version=v4.7, .NETFramework,Version=v4.7.1, .NETFramework,Version=v4.7.2, .NETFramework,Version=v4.8, .NETFramework,Version=v4.8.1' instead of the project target framework 'net8.0'. This package may not be fully compatible with your project.
C:\Users\ultra\warewolf\Dev\Dev2.SignalR.Wrappers.New\Dev2.SignalR.Wrappers.New.csproj : warning NU1701: Package 'TaskSchedulerEditor 2.10.1' was restored using '.NETFramework,Version=v4.6.1, .NETFramework,Version=v4.6.2, .NETFramework,Version=v4.7, .NETFramework,Version=v4.7.1, .NETFramework,Version=v4.7.2, .NETFramework,Version=v4.8, .NETFramework,Version=v4.8.1' instead of the project target framework 'net8.0'. This package may not be fully compatible with your project.
C:\Users\ultra\warewolf\Dev\Warewolf.Licensing\Warewolf.Licensing.csproj : warning NU1701: Package 'AeroWizard 2.3.1' was restored using '.NETFramework,Version=v4.6.1, .NETFramework,Version=v4.6.2, .NETFramework,Version=v4.7, .NETFramework,Version=v4.7.1, .NETFramework,Version=v4.7.2, .NETFramework,Version=v4.8, .NETFramework,Version=v4.8.1' instead of the project target framework 'net8.0'. This package may not be fully compatible with your project.
C:\Users\ultra\warewolf\Dev\Warewolf.Licensing\Warewolf.Licensing.csproj : warning NU1701: Package 'GroupControls 1.9.0' was restored using '.NETFramework,Version=v4.6.1, .NETFramework,Version=v4.6.2, .NETFramework,Version=v4.7, .NETFramework,Version=v4.7.1, .NETFramework,Version=v4.7.2, .NETFramework,Version=v4.8, .NETFramework,Version=v4.8.1' instead of the project target framework 'net8.0'. This package may not be fully compatible with your project.
C:\Users\ultra\warewolf\Dev\Warewolf.Licensing\Warewolf.Licensing.csproj : warning NU1701: Package 'TaskSchedulerEditor 2.10.1' was restored using '.NETFramework,Version=v4.6.1, .NETFramework,Version=v4.6.2, .NETFramework,Version=v4.7, .NETFramework,Version=v4.7.1, .NETFramework,Version=v4.7.2, .NETFramework,Version=v4.8, .NETFramework,Version=v4.8.1' instead of the project target framework 'net8.0'. This package may not be fully compatible with your project.
C:\Users\ultra\warewolf\Dev\Warewolf.Testing\Warewolf.Testing.csproj : warning NU1701: Package 'AeroWizard 2.3.1' was restored using '.NETFramework,Version=v4.6.1, .NETFramework,Version=v4.6.2, .NETFramework,Version=v4.7, .NETFramework,Version=v4.7.1, .NETFramework,Version=v4.7.2, .NETFramework,Version=v4.8, .NETFramework,Version=v4.8.1' instead of the project target framework 'net8.0'. This package may not be fully compatible with your project.
C:\Users\ultra\warewolf\Dev\Warewolf.Testing\Warewolf.Testing.csproj : warning NU1701: Package 'GroupControls 1.9.0' was restored using '.NETFramework,Version=v4.6.1, .NETFramework,Version=v4.6.2, .NETFramework,Version=v4.7, .NETFramework,Version=v4.7.1, .NETFramework,Version=v4.7.2, .NETFramework,Version=v4.8, .NETFramework,Version=v4.8.1' instead of the project target framework 'net8.0'. This package may not be fully compatible with your project.
C:\Users\ultra\warewolf\Dev\Warewolf.Testing\Warewolf.Testing.csproj : warning NU1701: Package 'Microsoft.Xaml.Behaviors.Wpf 1.1.122' was restored using '.NETFramework,Version=v4.6.1, .NETFramework,Version=v4.6.2, .NETFramework,Version=v4.7, .NETFramework,Version=v4.7.1, .NETFramework,Version=v4.7.2, .NETFramework,Version=v4.8, .NETFramework,Version=v4.8.1' instead of the project target framework 'net8.0'. This package may not be fully compatible with your project.
C:\Users\ultra\warewolf\Dev\Warewolf.Testing\Warewolf.Testing.csproj : warning NU1701: Package 'Prism.Wpf 9.0.537' was restored using '.NETFramework,Version=v4.6.1, .NETFramework,Version=v4.6.2, .NETFramework,Version=v4.7, .NETFramework,Version=v4.7.1, .NETFramework,Version=v4.7.2, .NETFramework,Version=v4.8, .NETFramework,Version=v4.8.1' instead of the project target framework 'net8.0'. This package may not be fully compatible with your project.
C:\Users\ultra\warewolf\Dev\Warewolf.Testing\Warewolf.Testing.csproj : warning NU1701: Package 'ReactiveUI.WPF 18.4.1' was restored using '.NETFramework,Version=v4.6.1, .NETFramework,Version=v4.6.2, .NETFramework,Version=v4.7, .NETFramework,Version=v4.7.1, .NETFramework,Version=v4.7.2, .NETFramework,Version=v4.8, .NETFramework,Version=v4.8.1' instead of the project target framework 'net8.0'. This package may not be fully compatible with your project.
C:\Users\ultra\warewolf\Dev\Warewolf.Testing\Warewolf.Testing.csproj : warning NU1701: Package 'TaskSchedulerEditor 2.10.1' was restored using '.NETFramework,Version=v4.6.1, .NETFramework,Version=v4.6.2, .NETFramework,Version=v4.7, .NETFramework,Version=v4.7.1, .NETFramework,Version=v4.7.2, .NETFramework,Version=v4.8, .NETFramework,Version=v4.8.1' instead of the project target framework 'net8.0'. This package may not be fully compatible with your project.
C:\Users\ultra\warewolf\Dev\Warewolf.Sharepoint\Warewolf.Sharepoint.csproj : warning NU1701: Package 'AeroWizard 2.3.1' was restored using '.NETFramework,Version=v4.6.1, .NETFramework,Version=v4.6.2, .NETFramework,Version=v4.7, .NETFramework,Version=v4.7.1, .NETFramework,Version=v4.7.2, .NETFramework,Version=v4.8, .NETFramework,Version=v4.8.1' instead of the project target framework 'net8.0'. This package may not be fully compatible with your project.
C:\Users\ultra\warewolf\Dev\Warewolf.Sharepoint\Warewolf.Sharepoint.csproj : warning NU1701: Package 'GroupControls 1.9.0' was restored using '.NETFramework,Version=v4.6.1, .NETFramework,Version=v4.6.2, .NETFramework,Version=v4.7, .NETFramework,Version=v4.7.1, .NETFramework,Version=v4.7.2, .NETFramework,Version=v4.8, .NETFramework,Version=v4.8.1' instead of the project target framework 'net8.0'. This package may not be fully compatible with your project.
C:\Users\ultra\warewolf\Dev\Warewolf.Sharepoint\Warewolf.Sharepoint.csproj : warning NU1701: Package 'ReactiveUI.WPF 18.4.1' was restored using '.NETFramework,Version=v4.6.1, .NETFramework,Version=v4.6.2, .NETFramework,Version=v4.7, .NETFramework,Version=v4.7.1, .NETFramework,Version=v4.7.2, .NETFramework,Version=v4.8, .NETFramework,Version=v4.8.1' instead of the project target framework 'net8.0'. This package may not be fully compatible with your project.
C:\Users\ultra\warewolf\Dev\Warewolf.Sharepoint\Warewolf.Sharepoint.csproj : warning NU1701: Package 'TaskSchedulerEditor 2.10.1' was restored using '.NETFramework,Version=v4.6.1, .NETFramework,Version=v4.6.2, .NETFramework,Version=v4.7, .NETFramework,Version=v4.7.1, .NETFramework,Version=v4.7.2, .NETFramework,Version=v4.8, .NETFramework,Version=v4.8.1' instead of the project target framework 'net8.0'. This package may not be fully compatible with your project.
C:\Users\ultra\warewolf\Dev\Warewolf.Common.Framework48\Warewolf.Common.Framework48.csproj : warning NU1902: Package 'System.IdentityModel.Tokens.Jwt' 5.1.0 has a known moderate severity vulnerability, https://github.com/advisories/GHSA-59j7-ghrg-fj52
C:\Users\ultra\warewolf\Dev\Warewolf.Common.Framework48\Warewolf.Common.Framework48.csproj : warning NU1701: Package 'AeroWizard 2.3.1' was restored using '.NETFramework,Version=v4.6.1, .NETFramework,Version=v4.6.2, .NETFramework,Version=v4.7, .NETFramework,Version=v4.7.1, .NETFramework,Version=v4.7.2, .NETFramework,Version=v4.8, .NETFramework,Version=v4.8.1' instead of the project target framework 'net8.0'. This package may not be fully compatible with your project.
C:\Users\ultra\warewolf\Dev\Warewolf.Common.Framework48\Warewolf.Common.Framework48.csproj : warning NU1701: Package 'GroupControls 1.9.0' was restored using '.NETFramework,Version=v4.6.1, .NETFramework,Version=v4.6.2, .NETFramework,Version=v4.7, .NETFramework,Version=v4.7.1, .NETFramework,Version=v4.7.2, .NETFramework,Version=v4.8, .NETFramework,Version=v4.8.1' instead of the project target framework 'net8.0'. This package may not be fully compatible with your project.
C:\Users\ultra\warewolf\Dev\Warewolf.Common.Framework48\Warewolf.Common.Framework48.csproj : warning NU1701: Package 'Microsoft.Xaml.Behaviors.Wpf 1.1.122' was restored using '.NETFramework,Version=v4.6.1, .NETFramework,Version=v4.6.2, .NETFramework,Version=v4.7, .NETFramework,Version=v4.7.1, .NETFramework,Version=v4.7.2, .NETFramework,Version=v4.8, .NETFramework,Version=v4.8.1' instead of the project target framework 'net8.0'. This package may not be fully compatible with your project.
C:\Users\ultra\warewolf\Dev\Warewolf.Common.Framework48\Warewolf.Common.Framework48.csproj : warning NU1701: Package 'Prism.Wpf 9.0.537' was restored using '.NETFramework,Version=v4.6.1, .NETFramework,Version=v4.6.2, .NETFramework,Version=v4.7, .NETFramework,Version=v4.7.1, .NETFramework,Version=v4.7.2, .NETFramework,Version=v4.8, .NETFramework,Version=v4.8.1' instead of the project target framework 'net8.0'. This package may not be fully compatible with your project.
C:\Users\ultra\warewolf\Dev\Warewolf.Common.Framework48\Warewolf.Common.Framework48.csproj : warning NU1701: Package 'ReactiveUI.WPF 18.4.1' was restored using '.NETFramework,Version=v4.6.1, .NETFramework,Version=v4.6.2, .NETFramework,Version=v4.7, .NETFramework,Version=v4.7.1, .NETFramework,Version=v4.7.2, .NETFramework,Version=v4.8, .NETFramework,Version=v4.8.1' instead of the project target framework 'net8.0'. This package may not be fully compatible with your project.
C:\Users\ultra\warewolf\Dev\Warewolf.Common.Framework48\Warewolf.Common.Framework48.csproj : warning NU1701: Package 'TaskSchedulerEditor 2.10.1' was restored using '.NETFramework,Version=v4.6.1, .NETFramework,Version=v4.6.2, .NETFramework,Version=v4.7, .NETFramework,Version=v4.7.1, .NETFramework,Version=v4.7.2, .NETFramework,Version=v4.8, .NETFramework,Version=v4.8.1' instead of the project target framework 'net8.0'. This package may not be fully compatible with your project.
C:\Users\ultra\warewolf\Dev\Warewolf.Common.NetStandard20\Warewolf.Common.NetStandard20.csproj : warning NU1701: Package 'AeroWizard 2.3.1' was restored using '.NETFramework,Version=v4.6.1, .NETFramework,Version=v4.6.2, .NETFramework,Version=v4.7, .NETFramework,Version=v4.7.1, .NETFramework,Version=v4.7.2, .NETFramework,Version=v4.8, .NETFramework,Version=v4.8.1' instead of the project target framework 'net8.0'. This package may not be fully compatible with your project.
C:\Users\ultra\warewolf\Dev\Warewolf.Common.NetStandard20\Warewolf.Common.NetStandard20.csproj : warning NU1701: Package 'GroupControls 1.9.0' was restored using '.NETFramework,Version=v4.6.1, .NETFramework,Version=v4.6.2, .NETFramework,Version=v4.7, .NETFramework,Version=v4.7.1, .NETFramework,Version=v4.7.2, .NETFramework,Version=v4.8, .NETFramework,Version=v4.8.1' instead of the project target framework 'net8.0'. This package may not be fully compatible with your project.
C:\Users\ultra\warewolf\Dev\Warewolf.Common.NetStandard20\Warewolf.Common.NetStandard20.csproj : warning NU1701: Package 'ReactiveUI.WPF 18.4.1' was restored using '.NETFramework,Version=v4.6.1, .NETFramework,Version=v4.6.2, .NETFramework,Version=v4.7, .NETFramework,Version=v4.7.1, .NETFramework,Version=v4.7.2, .NETFramework,Version=v4.8, .NETFramework,Version=v4.8.1' instead of the project target framework 'net8.0'. This package may not be fully compatible with your project.
C:\Users\ultra\warewolf\Dev\Warewolf.Common.NetStandard20\Warewolf.Common.NetStandard20.csproj : warning NU1701: Package 'TaskSchedulerEditor 2.10.1' was restored using '.NETFramework,Version=v4.6.1, .NETFramework,Version=v4.6.2, .NETFramework,Version=v4.7, .NETFramework,Version=v4.7.1, .NETFramework,Version=v4.7.2, .NETFramework,Version=v4.8, .NETFramework,Version=v4.8.1' instead of the project target framework 'net8.0'. This package may not be fully compatible with your project.
  Warewolf.Weave -> C:\Users\ultra\warewolf\Dev\Warewolf.Weave\bin\Debug\net8.0\Warewolf.Weave.dll
  Log4Net.Async -> C:\Users\ultra\warewolf\Dev\Log4Net.Async\bin\Debug\net8.0\Log4Net.Async.dll
C:\Users\ultra\warewolf\Dev\Warewolf.Driver.Persistence\Warewolf.Driver.Persistence.csproj : warning NU1701: Package 'AeroWizard 2.3.1' was restored using '.NETFramework,Version=v4.6.1, .NETFramework,Version=v4.6.2, .NETFramework,Version=v4.7, .NETFramework,Version=v4.7.1, .NETFramework,Version=v4.7.2, .NETFramework,Version=v4.8, .NETFramework,Version=v4.8.1' instead of the project target framework 'net8.0'. This package may not be fully compatible with your project.
C:\Users\ultra\warewolf\Dev\Warewolf.Driver.Persistence\Warewolf.Driver.Persistence.csproj : warning NU1701: Package 'GroupControls 1.9.0' was restored using '.NETFramework,Version=v4.6.1, .NETFramework,Version=v4.6.2, .NETFramework,Version=v4.7, .NETFramework,Version=v4.7.1, .NETFramework,Version=v4.7.2, .NETFramework,Version=v4.8, .NETFramework,Version=v4.8.1' instead of the project target framework 'net8.0'. This package may not be fully compatible with your project.
C:\Users\ultra\warewolf\Dev\Warewolf.Driver.Persistence\Warewolf.Driver.Persistence.csproj : warning NU1701: Package 'ReactiveUI.WPF 18.4.1' was restored using '.NETFramework,Version=v4.6.1, .NETFramework,Version=v4.6.2, .NETFramework,Version=v4.7, .NETFramework,Version=v4.7.1, .NETFramework,Version=v4.7.2, .NETFramework,Version=v4.8, .NETFramework,Version=v4.8.1' instead of the project target framework 'net8.0'. This package may not be fully compatible with your project.
C:\Users\ultra\warewolf\Dev\Warewolf.Driver.Persistence\Warewolf.Driver.Persistence.csproj : warning NU1701: Package 'TaskSchedulerEditor 2.10.1' was restored using '.NETFramework,Version=v4.6.1, .NETFramework,Version=v4.6.2, .NETFramework,Version=v4.7, .NETFramework,Version=v4.7.1, .NETFramework,Version=v4.7.2, .NETFramework,Version=v4.8, .NETFramework,Version=v4.8.1' instead of the project target framework 'net8.0'. This package may not be fully compatible with your project.
C:\Users\ultra\warewolf\Dev\Dev2.Runtime\Dev2.Runtime.csproj : warning NU1903: Package 'Microsoft.Windows.Compatibility' 6.0.0 has a known high severity vulnerability, https://github.com/advisories/GHSA-555c-2p6r-68mm
C:\Users\ultra\warewolf\Dev\Dev2.Runtime\Dev2.Runtime.csproj : warning NU1701: Package 'AeroWizard 2.3.1' was restored using '.NETFramework,Version=v4.6.1, .NETFramework,Version=v4.6.2, .NETFramework,Version=v4.7, .NETFramework,Version=v4.7.1, .NETFramework,Version=v4.7.2, .NETFramework,Version=v4.8, .NETFramework,Version=v4.8.1' instead of the project target framework 'net8.0'. This package may not be fully compatible with your project.
C:\Users\ultra\warewolf\Dev\Dev2.Runtime\Dev2.Runtime.csproj : warning NU1701: Package 'GroupControls 1.9.0' was restored using '.NETFramework,Version=v4.6.1, .NETFramework,Version=v4.6.2, .NETFramework,Version=v4.7, .NETFramework,Version=v4.7.1, .NETFramework,Version=v4.7.2, .NETFramework,Version=v4.8, .NETFramework,Version=v4.8.1' instead of the project target framework 'net8.0'. This package may not be fully compatible with your project.
C:\Users\ultra\warewolf\Dev\Dev2.Runtime\Dev2.Runtime.csproj : warning NU1701: Package 'ReactiveUI.WPF 18.4.1' was restored using '.NETFramework,Version=v4.6.1, .NETFramework,Version=v4.6.2, .NETFramework,Version=v4.7, .NETFramework,Version=v4.7.1, .NETFramework,Version=v4.7.2, .NETFramework,Version=v4.8, .NETFramework,Version=v4.8.1' instead of the project target framework 'net8.0'. This package may not be fully compatible with your project.
C:\Users\ultra\warewolf\Dev\Dev2.Runtime\Dev2.Runtime.csproj : warning NU1701: Package 'TaskSchedulerEditor 2.10.1' was restored using '.NETFramework,Version=v4.6.1, .NETFramework,Version=v4.6.2, .NETFramework,Version=v4.7, .NETFramework,Version=v4.7.1, .NETFramework,Version=v4.7.2, .NETFramework,Version=v4.8, .NETFramework,Version=v4.8.1' instead of the project target framework 'net8.0'. This package may not be fully compatible with your project.
  Warewolf.Common.Interfaces.NetStandard20 -> C:\Users\ultra\warewolf\Dev\Warewolf.Common.Interfaces.NetStandard20\bin\Debug\net8.0\Warewolf.Common.Interfaces.NetStandard20.dll
C:\Users\ultra\warewolf\Dev\Dev2.Services.Execution\Dev2.Services.Execution.csproj : warning NU1701: Package 'AeroWizard 2.3.1' was restored using '.NETFramework,Version=v4.6.1, .NETFramework,Version=v4.6.2, .NETFramework,Version=v4.7, .NETFramework,Version=v4.7.1, .NETFramework,Version=v4.7.2, .NETFramework,Version=v4.8, .NETFramework,Version=v4.8.1' instead of the project target framework 'net8.0'. This package may not be fully compatible with your project.
C:\Users\ultra\warewolf\Dev\Dev2.Services.Execution\Dev2.Services.Execution.csproj : warning NU1701: Package 'GroupControls 1.9.0' was restored using '.NETFramework,Version=v4.6.1, .NETFramework,Version=v4.6.2, .NETFramework,Version=v4.7, .NETFramework,Version=v4.7.1, .NETFramework,Version=v4.7.2, .NETFramework,Version=v4.8, .NETFramework,Version=v4.8.1' instead of the project target framework 'net8.0'. This package may not be fully compatible with your project.
C:\Users\ultra\warewolf\Dev\Dev2.Services.Execution\Dev2.Services.Execution.csproj : warning NU1701: Package 'ReactiveUI.WPF 18.4.1' was restored using '.NETFramework,Version=v4.6.1, .NETFramework,Version=v4.6.2, .NETFramework,Version=v4.7, .NETFramework,Version=v4.7.1, .NETFramework,Version=v4.7.2, .NETFramework,Version=v4.8, .NETFramework,Version=v4.8.1' instead of the project target framework 'net8.0'. This package may not be fully compatible with your project.
C:\Users\ultra\warewolf\Dev\Dev2.Services.Execution\Dev2.Services.Execution.csproj : warning NU1701: Package 'TaskSchedulerEditor 2.10.1' was restored using '.NETFramework,Version=v4.6.1, .NETFramework,Version=v4.6.2, .NETFramework,Version=v4.7, .NETFramework,Version=v4.7.1, .NETFramework,Version=v4.7.2, .NETFramework,Version=v4.8, .NETFramework,Version=v4.8.1' instead of the project target framework 'net8.0'. This package may not be fully compatible with your project.
C:\Users\ultra\warewolf\Dev\Warewolf.Security\Encryption\AESThenHMAC.cs(168,34): warning SYSLIB0021: 'AesManaged' is obsolete: 'Derived cryptographic types are obsolete. Use the Create method on the base type instead.' (https://aka.ms/dotnet-warnings/SYSLIB0021) [C:\Users\ultra\warewolf\Dev\Warewolf.Security\Warewolf.Security.csproj]
C:\Users\ultra\warewolf\Dev\Warewolf.Security\Encryption\AESThenHMAC.cs(264,38): warning SYSLIB0021: 'AesManaged' is obsolete: 'Derived cryptographic types are obsolete. Use the Create method on the base type instead.' (https://aka.ms/dotnet-warnings/SYSLIB0021) [C:\Users\ultra\warewolf\Dev\Warewolf.Security\Warewolf.Security.csproj]
C:\Users\ultra\warewolf\Dev\Warewolf.Security\Encryption\AESThenHMAC.cs(331,36): warning SYSLIB0041: 'Rfc2898DeriveBytes.Rfc2898DeriveBytes(string, int, int)' is obsolete: 'The default hash algorithm and iteration counts in Rfc2898DeriveBytes constructors are outdated and insecure. Use a constructor that accepts the hash algorithm and the number of iterations.' (https://aka.ms/dotnet-warnings/SYSLIB0041) [C:\Users\ultra\warewolf\Dev\Warewolf.Security\Warewolf.Security.csproj]
C:\Users\ultra\warewolf\Dev\Warewolf.Security\Encryption\AESThenHMAC.cs(345,36): warning SYSLIB0041: 'Rfc2898DeriveBytes.Rfc2898DeriveBytes(string, int, int)' is obsolete: 'The default hash algorithm and iteration counts in Rfc2898DeriveBytes constructors are outdated and insecure. Use a constructor that accepts the hash algorithm and the number of iterations.' (https://aka.ms/dotnet-warnings/SYSLIB0041) [C:\Users\ultra\warewolf\Dev\Warewolf.Security\Warewolf.Security.csproj]
C:\Users\ultra\warewolf\Dev\Warewolf.Security\Encryption\AESThenHMAC.cs(393,36): warning SYSLIB0041: 'Rfc2898DeriveBytes.Rfc2898DeriveBytes(string, byte[], int)' is obsolete: 'The default hash algorithm and iteration counts in Rfc2898DeriveBytes constructors are outdated and insecure. Use a constructor that accepts the hash algorithm and the number of iterations.' (https://aka.ms/dotnet-warnings/SYSLIB0041) [C:\Users\ultra\warewolf\Dev\Warewolf.Security\Warewolf.Security.csproj]
C:\Users\ultra\warewolf\Dev\Warewolf.Security\Encryption\AESThenHMAC.cs(398,36): warning SYSLIB0041: 'Rfc2898DeriveBytes.Rfc2898DeriveBytes(string, byte[], int)' is obsolete: 'The default hash algorithm and iteration counts in Rfc2898DeriveBytes constructors are outdated and insecure. Use a constructor that accepts the hash algorithm and the number of iterations.' (https://aka.ms/dotnet-warnings/SYSLIB0041) [C:\Users\ultra\warewolf\Dev\Warewolf.Security\Warewolf.Security.csproj]
  Warewolf.Security -> C:\Users\ultra\warewolf\Dev\Warewolf.Security\bin\Debug\net8.0\Warewolf.Security.dll
C:\Users\ultra\warewolf\Dev\Dev2.Runtime.Configuration\Dev2.Runtime.Configuration.csproj : warning NU1903: Package 'Microsoft.Windows.Compatibility' 6.0.0 has a known high severity vulnerability, https://github.com/advisories/GHSA-555c-2p6r-68mm
C:\Users\ultra\warewolf\Dev\Dev2.Runtime.Configuration\Dev2.Runtime.Configuration.csproj : warning NU1701: Package 'AeroWizard 2.3.1' was restored using '.NETFramework,Version=v4.6.1, .NETFramework,Version=v4.6.2, .NETFramework,Version=v4.7, .NETFramework,Version=v4.7.1, .NETFramework,Version=v4.7.2, .NETFramework,Version=v4.8, .NETFramework,Version=v4.8.1' instead of the project target framework 'net8.0'. This package may not be fully compatible with your project.
C:\Users\ultra\warewolf\Dev\Dev2.Runtime.Configuration\Dev2.Runtime.Configuration.csproj : warning NU1701: Package 'GroupControls 1.9.0' was restored using '.NETFramework,Version=v4.6.1, .NETFramework,Version=v4.6.2, .NETFramework,Version=v4.7, .NETFramework,Version=v4.7.1, .NETFramework,Version=v4.7.2, .NETFramework,Version=v4.8, .NETFramework,Version=v4.8.1' instead of the project target framework 'net8.0'. This package may not be fully compatible with your project.
C:\Users\ultra\warewolf\Dev\Dev2.Runtime.Configuration\Dev2.Runtime.Configuration.csproj : warning NU1701: Package 'TaskSchedulerEditor 2.10.1' was restored using '.NETFramework,Version=v4.6.1, .NETFramework,Version=v4.6.2, .NETFramework,Version=v4.7, .NETFramework,Version=v4.7.1, .NETFramework,Version=v4.7.2, .NETFramework,Version=v4.8, .NETFramework,Version=v4.8.1' instead of the project target framework 'net8.0'. This package may not be fully compatible with your project.
C:\Users\ultra\warewolf\Dev\Warewolf.Language.Parser\Warewolf.Language.Parser.fsproj : warning NU1504: Duplicate 'PackageReference' items found. Remove the duplicate items or use the Update functionality to ensure a consistent restore behavior. The duplicate 'PackageReference' items are: FSharp.Core 10.1.201, FSharp.Core 4.6.2.
  Dev2.SignalR.Wrappers.Interfaces -> C:\Users\ultra\warewolf\Dev\Dev2.SignalR.Wrappers\bin\Debug\net8.0\Dev2.SignalR.Wrappers.dll
C:\Users\ultra\warewolf\Dev\Warewolf.Storage\Warewolf.Storage.csproj : warning NU1701: Package 'AeroWizard 2.3.1' was restored using '.NETFramework,Version=v4.6.1, .NETFramework,Version=v4.6.2, .NETFramework,Version=v4.7, .NETFramework,Version=v4.7.1, .NETFramework,Version=v4.7.2, .NETFramework,Version=v4.8, .NETFramework,Version=v4.8.1' instead of the project target framework 'net8.0'. This package may not be fully compatible with your project.
C:\Users\ultra\warewolf\Dev\Warewolf.Storage\Warewolf.Storage.csproj : warning NU1701: Package 'GroupControls 1.9.0' was restored using '.NETFramework,Version=v4.6.1, .NETFramework,Version=v4.6.2, .NETFramework,Version=v4.7, .NETFramework,Version=v4.7.1, .NETFramework,Version=v4.7.2, .NETFramework,Version=v4.8, .NETFramework,Version=v4.8.1' instead of the project target framework 'net8.0'. This package may not be fully compatible with your project.
C:\Users\ultra\warewolf\Dev\Warewolf.Storage\Warewolf.Storage.csproj : warning NU1701: Package 'ReactiveUI.WPF 18.4.1' was restored using '.NETFramework,Version=v4.6.1, .NETFramework,Version=v4.6.2, .NETFramework,Version=v4.7, .NETFramework,Version=v4.7.1, .NETFramework,Version=v4.7.2, .NETFramework,Version=v4.8, .NETFramework,Version=v4.8.1' instead of the project target framework 'net8.0'. This package may not be fully compatible with your project.
C:\Users\ultra\warewolf\Dev\Warewolf.Storage\Warewolf.Storage.csproj : warning NU1701: Package 'TaskSchedulerEditor 2.10.1' was restored using '.NETFramework,Version=v4.6.1, .NETFramework,Version=v4.6.2, .NETFramework,Version=v4.7, .NETFramework,Version=v4.7.1, .NETFramework,Version=v4.7.2, .NETFramework,Version=v4.8, .NETFramework,Version=v4.8.1' instead of the project target framework 'net8.0'. This package may not be fully compatible with your project.
  Warewolf.Resource -> C:\Users\ultra\warewolf\Dev\Warewolf.Resource\bin\Debug\net8.0\Warewolf.Resource.dll
C:\Users\ultra\warewolf\Dev\Dev2.Studio.Interfaces\Dev2.Studio.Interfaces.csproj : warning NU1701: Package 'AeroWizard 2.3.1' was restored using '.NETFramework,Version=v4.6.1, .NETFramework,Version=v4.6.2, .NETFramework,Version=v4.7, .NETFramework,Version=v4.7.1, .NETFramework,Version=v4.7.2, .NETFramework,Version=v4.8, .NETFramework,Version=v4.8.1' instead of the project target framework 'net8.0'. This package may not be fully compatible with your project.
C:\Users\ultra\warewolf\Dev\Dev2.Studio.Interfaces\Dev2.Studio.Interfaces.csproj : warning NU1701: Package 'GroupControls 1.9.0' was restored using '.NETFramework,Version=v4.6.1, .NETFramework,Version=v4.6.2, .NETFramework,Version=v4.7, .NETFramework,Version=v4.7.1, .NETFramework,Version=v4.7.2, .NETFramework,Version=v4.8, .NETFramework,Version=v4.8.1' instead of the project target framework 'net8.0'. This package may not be fully compatible with your project.
C:\Users\ultra\warewolf\Dev\Dev2.Studio.Interfaces\Dev2.Studio.Interfaces.csproj : warning NU1701: Package 'Microsoft.Xaml.Behaviors.Wpf 1.1.122' was restored using '.NETFramework,Version=v4.6.1, .NETFramework,Version=v4.6.2, .NETFramework,Version=v4.7, .NETFramework,Version=v4.7.1, .NETFramework,Version=v4.7.2, .NETFramework,Version=v4.8, .NETFramework,Version=v4.8.1' instead of the project target framework 'net8.0'. This package may not be fully compatible with your project.
C:\Users\ultra\warewolf\Dev\Dev2.Studio.Interfaces\Dev2.Studio.Interfaces.csproj : warning NU1701: Package 'Prism.Wpf 9.0.537' was restored using '.NETFramework,Version=v4.6.1, .NETFramework,Version=v4.6.2, .NETFramework,Version=v4.7, .NETFramework,Version=v4.7.1, .NETFramework,Version=v4.7.2, .NETFramework,Version=v4.8, .NETFramework,Version=v4.8.1' instead of the project target framework 'net8.0'. This package may not be fully compatible with your project.
C:\Users\ultra\warewolf\Dev\Dev2.Studio.Interfaces\Dev2.Studio.Interfaces.csproj : warning NU1701: Package 'ReactiveUI.WPF 18.4.1' was restored using '.NETFramework,Version=v4.6.1, .NETFramework,Version=v4.6.2, .NETFramework,Version=v4.7, .NETFramework,Version=v4.7.1, .NETFramework,Version=v4.7.2, .NETFramework,Version=v4.8, .NETFramework,Version=v4.8.1' instead of the project target framework 'net8.0'. This package may not be fully compatible with your project.
C:\Users\ultra\warewolf\Dev\Dev2.Studio.Interfaces\Dev2.Studio.Interfaces.csproj : warning NU1701: Package 'TaskSchedulerEditor 2.10.1' was restored using '.NETFramework,Version=v4.6.1, .NETFramework,Version=v4.6.2, .NETFramework,Version=v4.7, .NETFramework,Version=v4.7.1, .NETFramework,Version=v4.7.2, .NETFramework,Version=v4.8, .NETFramework,Version=v4.8.1' instead of the project target framework 'net8.0'. This package may not be fully compatible with your project.
C:\Users\ultra\warewolf\Dev\Dev2.Services.Sql\Dev2.Services.Sql.csproj : warning NU1903: Package 'Oracle.ManagedDataAccess.Core' 3.21.70 has a known high severity vulnerability, https://github.com/advisories/GHSA-5pm2-9mr2-3frq
C:\Users\ultra\warewolf\Dev\Dev2.Services.Sql\Dev2.Services.Sql.csproj : warning NU1701: Package 'AeroWizard 2.3.1' was restored using '.NETFramework,Version=v4.6.1, .NETFramework,Version=v4.6.2, .NETFramework,Version=v4.7, .NETFramework,Version=v4.7.1, .NETFramework,Version=v4.7.2, .NETFramework,Version=v4.8, .NETFramework,Version=v4.8.1' instead of the project target framework 'net8.0'. This package may not be fully compatible with your project.
C:\Users\ultra\warewolf\Dev\Dev2.Services.Sql\Dev2.Services.Sql.csproj : warning NU1701: Package 'GroupControls 1.9.0' was restored using '.NETFramework,Version=v4.6.1, .NETFramework,Version=v4.6.2, .NETFramework,Version=v4.7, .NETFramework,Version=v4.7.1, .NETFramework,Version=v4.7.2, .NETFramework,Version=v4.8, .NETFramework,Version=v4.8.1' instead of the project target framework 'net8.0'. This package may not be fully compatible with your project.
C:\Users\ultra\warewolf\Dev\Dev2.Services.Sql\Dev2.Services.Sql.csproj : warning NU1701: Package 'ReactiveUI.WPF 18.4.1' was restored using '.NETFramework,Version=v4.6.1, .NETFramework,Version=v4.6.2, .NETFramework,Version=v4.7, .NETFramework,Version=v4.7.1, .NETFramework,Version=v4.7.2, .NETFramework,Version=v4.8, .NETFramework,Version=v4.8.1' instead of the project target framework 'net8.0'. This package may not be fully compatible with your project.
C:\Users\ultra\warewolf\Dev\Dev2.Services.Sql\Dev2.Services.Sql.csproj : warning NU1701: Package 'TaskSchedulerEditor 2.10.1' was restored using '.NETFramework,Version=v4.6.1, .NETFramework,Version=v4.6.2, .NETFramework,Version=v4.7, .NETFramework,Version=v4.7.1, .NETFramework,Version=v4.7.2, .NETFramework,Version=v4.8, .NETFramework,Version=v4.8.1' instead of the project target framework 'net8.0'. This package may not be fully compatible with your project.
  Warewolf.ServiceDefinitions -> C:\Users\ultra\warewolf\Dev\Warewolf.ServiceDefinitions\bin\Debug\net8.0\Warewolf.ServiceDefinitions.dll
C:\Users\ultra\warewolf\Dev\Warewolf.Auditing\Warewolf.Auditing.csproj : warning NU1701: Package 'AeroWizard 2.3.1' was restored using '.NETFramework,Version=v4.6.1, .NETFramework,Version=v4.6.2, .NETFramework,Version=v4.7, .NETFramework,Version=v4.7.1, .NETFramework,Version=v4.7.2, .NETFramework,Version=v4.8, .NETFramework,Version=v4.8.1' instead of the project target framework 'net8.0'. This package may not be fully compatible with your project.
C:\Users\ultra\warewolf\Dev\Warewolf.Auditing\Warewolf.Auditing.csproj : warning NU1701: Package 'GroupControls 1.9.0' was restored using '.NETFramework,Version=v4.6.1, .NETFramework,Version=v4.6.2, .NETFramework,Version=v4.7, .NETFramework,Version=v4.7.1, .NETFramework,Version=v4.7.2, .NETFramework,Version=v4.8, .NETFramework,Version=v4.8.1' instead of the project target framework 'net8.0'. This package may not be fully compatible with your project.
C:\Users\ultra\warewolf\Dev\Warewolf.Auditing\Warewolf.Auditing.csproj : warning NU1701: Package 'ReactiveUI.WPF 18.4.1' was restored using '.NETFramework,Version=v4.6.1, .NETFramework,Version=v4.6.2, .NETFramework,Version=v4.7, .NETFramework,Version=v4.7.1, .NETFramework,Version=v4.7.2, .NETFramework,Version=v4.8, .NETFramework,Version=v4.8.1' instead of the project target framework 'net8.0'. This package may not be fully compatible with your project.
C:\Users\ultra\warewolf\Dev\Warewolf.Auditing\Warewolf.Auditing.csproj : warning NU1701: Package 'TaskSchedulerEditor 2.10.1' was restored using '.NETFramework,Version=v4.6.1, .NETFramework,Version=v4.6.2, .NETFramework,Version=v4.7, .NETFramework,Version=v4.7.1, .NETFramework,Version=v4.7.2, .NETFramework,Version=v4.8, .NETFramework,Version=v4.8.1' instead of the project target framework 'net8.0'. This package may not be fully compatible with your project.
C:\Users\ultra\warewolf\Dev\Warewolf.Driver.Serilog\Warewolf.Driver.Serilog.csproj : warning NU1701: Package 'AeroWizard 2.3.1' was restored using '.NETFramework,Version=v4.6.1, .NETFramework,Version=v4.6.2, .NETFramework,Version=v4.7, .NETFramework,Version=v4.7.1, .NETFramework,Version=v4.7.2, .NETFramework,Version=v4.8, .NETFramework,Version=v4.8.1' instead of the project target framework 'net8.0'. This package may not be fully compatible with your project.
C:\Users\ultra\warewolf\Dev\Warewolf.Driver.Serilog\Warewolf.Driver.Serilog.csproj : warning NU1701: Package 'GroupControls 1.9.0' was restored using '.NETFramework,Version=v4.6.1, .NETFramework,Version=v4.6.2, .NETFramework,Version=v4.7, .NETFramework,Version=v4.7.1, .NETFramework,Version=v4.7.2, .NETFramework,Version=v4.8, .NETFramework,Version=v4.8.1' instead of the project target framework 'net8.0'. This package may not be fully compatible with your project.
C:\Users\ultra\warewolf\Dev\Warewolf.Driver.Serilog\Warewolf.Driver.Serilog.csproj : warning NU1701: Package 'ReactiveUI.WPF 18.4.1' was restored using '.NETFramework,Version=v4.6.1, .NETFramework,Version=v4.6.2, .NETFramework,Version=v4.7, .NETFramework,Version=v4.7.1, .NETFramework,Version=v4.7.2, .NETFramework,Version=v4.8, .NETFramework,Version=v4.8.1' instead of the project target framework 'net8.0'. This package may not be fully compatible with your project.
C:\Users\ultra\warewolf\Dev\Warewolf.Driver.Serilog\Warewolf.Driver.Serilog.csproj : warning NU1701: Package 'TaskSchedulerEditor 2.10.1' was restored using '.NETFramework,Version=v4.6.1, .NETFramework,Version=v4.6.2, .NETFramework,Version=v4.7, .NETFramework,Version=v4.7.1, .NETFramework,Version=v4.7.2, .NETFramework,Version=v4.8, .NETFramework,Version=v4.8.1' instead of the project target framework 'net8.0'. This package may not be fully compatible with your project.
  Warewolf.Studio.Resources -> C:\Users\ultra\warewolf\Dev\Warewolf.Studio.Resources\bin\Debug\net8.0\Warewolf.Studio.Resources.dll
C:\Users\ultra\warewolf\Dev\Warewolf.Common\Warewolf.Common.csproj : warning NU1701: Package 'AeroWizard 2.3.1' was restored using '.NETFramework,Version=v4.6.1, .NETFramework,Version=v4.6.2, .NETFramework,Version=v4.7, .NETFramework,Version=v4.7.1, .NETFramework,Version=v4.7.2, .NETFramework,Version=v4.8, .NETFramework,Version=v4.8.1' instead of the project target framework 'net8.0'. This package may not be fully compatible with your project.
C:\Users\ultra\warewolf\Dev\Warewolf.Common\Warewolf.Common.csproj : warning NU1701: Package 'GroupControls 1.9.0' was restored using '.NETFramework,Version=v4.6.1, .NETFramework,Version=v4.6.2, .NETFramework,Version=v4.7, .NETFramework,Version=v4.7.1, .NETFramework,Version=v4.7.2, .NETFramework,Version=v4.8, .NETFramework,Version=v4.8.1' instead of the project target framework 'net8.0'. This package may not be fully compatible with your project.
C:\Users\ultra\warewolf\Dev\Warewolf.Common\Warewolf.Common.csproj : warning NU1701: Package 'TaskSchedulerEditor 2.10.1' was restored using '.NETFramework,Version=v4.6.1, .NETFramework,Version=v4.6.2, .NETFramework,Version=v4.7, .NETFramework,Version=v4.7.1, .NETFramework,Version=v4.7.2, .NETFramework,Version=v4.8, .NETFramework,Version=v4.8.1' instead of the project target framework 'net8.0'. This package may not be fully compatible with your project.
C:\Users\ultra\warewolf\Dev\Dev2.Runtime.WebServer\Dev2.Runtime.WebServer.csproj : warning NU1902: Package 'System.IdentityModel.Tokens.Jwt' 5.1.0 has a known moderate severity vulnerability, https://github.com/advisories/GHSA-59j7-ghrg-fj52
C:\Users\ultra\warewolf\Dev\Dev2.Runtime.WebServer\Dev2.Runtime.WebServer.csproj : warning NU1701: Package 'AeroWizard 2.3.1' was restored using '.NETFramework,Version=v4.6.1, .NETFramework,Version=v4.6.2, .NETFramework,Version=v4.7, .NETFramework,Version=v4.7.1, .NETFramework,Version=v4.7.2, .NETFramework,Version=v4.8, .NETFramework,Version=v4.8.1' instead of the project target framework 'net8.0'. This package may not be fully compatible with your project.
C:\Users\ultra\warewolf\Dev\Dev2.Runtime.WebServer\Dev2.Runtime.WebServer.csproj : warning NU1701: Package 'GroupControls 1.9.0' was restored using '.NETFramework,Version=v4.6.1, .NETFramework,Version=v4.6.2, .NETFramework,Version=v4.7, .NETFramework,Version=v4.7.1, .NETFramework,Version=v4.7.2, .NETFramework,Version=v4.8, .NETFramework,Version=v4.8.1' instead of the project target framework 'net8.0'. This package may not be fully compatible with your project.
C:\Users\ultra\warewolf\Dev\Dev2.Runtime.WebServer\Dev2.Runtime.WebServer.csproj : warning NU1701: Package 'Microsoft.Xaml.Behaviors.Wpf 1.1.122' was restored using '.NETFramework,Version=v4.6.1, .NETFramework,Version=v4.6.2, .NETFramework,Version=v4.7, .NETFramework,Version=v4.7.1, .NETFramework,Version=v4.7.2, .NETFramework,Version=v4.8, .NETFramework,Version=v4.8.1' instead of the project target framework 'net8.0'. This package may not be fully compatible with your project.
C:\Users\ultra\warewolf\Dev\Dev2.Runtime.WebServer\Dev2.Runtime.WebServer.csproj : warning NU1701: Package 'Prism.Wpf 9.0.537' was restored using '.NETFramework,Version=v4.6.1, .NETFramework,Version=v4.6.2, .NETFramework,Version=v4.7, .NETFramework,Version=v4.7.1, .NETFramework,Version=v4.7.2, .NETFramework,Version=v4.8, .NETFramework,Version=v4.8.1' instead of the project target framework 'net8.0'. This package may not be fully compatible with your project.
C:\Users\ultra\warewolf\Dev\Dev2.Runtime.WebServer\Dev2.Runtime.WebServer.csproj : warning NU1701: Package 'ReactiveUI.WPF 18.4.1' was restored using '.NETFramework,Version=v4.6.1, .NETFramework,Version=v4.6.2, .NETFramework,Version=v4.7, .NETFramework,Version=v4.7.1, .NETFramework,Version=v4.7.2, .NETFramework,Version=v4.8, .NETFramework,Version=v4.8.1' instead of the project target framework 'net8.0'. This package may not be fully compatible with your project.
C:\Users\ultra\warewolf\Dev\Dev2.Runtime.WebServer\Dev2.Runtime.WebServer.csproj : warning NU1701: Package 'TaskSchedulerEditor 2.10.1' was restored using '.NETFramework,Version=v4.6.1, .NETFramework,Version=v4.6.2, .NETFramework,Version=v4.7, .NETFramework,Version=v4.7.1, .NETFramework,Version=v4.7.2, .NETFramework,Version=v4.8, .NETFramework,Version=v4.8.1' instead of the project target framework 'net8.0'. This package may not be fully compatible with your project.
C:\Users\ultra\warewolf\Dev\Warewolf.Interfaces\Data\ChatbotSettingsData.cs(20,23): warning CS0169: The field 'ChatbotSettingsData._encryptDataSource' is never used [C:\Users\ultra\warewolf\Dev\Warewolf.Interfaces\Warewolf.Interfaces.csproj]
C:\Users\ultra\warewolf\Dev\Warewolf.Interfaces\Auditing\SerializableException.cs(15,7): warning CS0414: The field 'SerializableException.HResult' is assigned but its value is never used [C:\Users\ultra\warewolf\Dev\Warewolf.Interfaces\Warewolf.Interfaces.csproj]
  Warewolf.Interfaces -> C:\Users\ultra\warewolf\Dev\Warewolf.Interfaces\bin\Debug\net8.0\Warewolf.Interfaces.dll
C:\Users\ultra\warewolf\Dev\Warewolf.Storage.Interfaces\Warewolf.Storage.Interfaces.csproj : warning NU1701: Package 'AeroWizard 2.3.1' was restored using '.NETFramework,Version=v4.6.1, .NETFramework,Version=v4.6.2, .NETFramework,Version=v4.7, .NETFramework,Version=v4.7.1, .NETFramework,Version=v4.7.2, .NETFramework,Version=v4.8, .NETFramework,Version=v4.8.1' instead of the project target framework 'net8.0'. This package may not be fully compatible with your project.
C:\Users\ultra\warewolf\Dev\Warewolf.Storage.Interfaces\Warewolf.Storage.Interfaces.csproj : warning NU1701: Package 'GroupControls 1.9.0' was restored using '.NETFramework,Version=v4.6.1, .NETFramework,Version=v4.6.2, .NETFramework,Version=v4.7, .NETFramework,Version=v4.7.1, .NETFramework,Version=v4.7.2, .NETFramework,Version=v4.8, .NETFramework,Version=v4.8.1' instead of the project target framework 'net8.0'. This package may not be fully compatible with your project.
C:\Users\ultra\warewolf\Dev\Warewolf.Storage.Interfaces\Warewolf.Storage.Interfaces.csproj : warning NU1701: Package 'TaskSchedulerEditor 2.10.1' was restored using '.NETFramework,Version=v4.6.1, .NETFramework,Version=v4.6.2, .NETFramework,Version=v4.7, .NETFramework,Version=v4.7.1, .NETFramework,Version=v4.7.2, .NETFramework,Version=v4.8, .NETFramework,Version=v4.8.1' instead of the project target framework 'net8.0'. This package may not be fully compatible with your project.
C:\Users\ultra\warewolf\Dev\Warewolf.Data\Warewolf.Data.csproj : warning NU1701: Package 'AeroWizard 2.3.1' was restored using '.NETFramework,Version=v4.6.1, .NETFramework,Version=v4.6.2, .NETFramework,Version=v4.7, .NETFramework,Version=v4.7.1, .NETFramework,Version=v4.7.2, .NETFramework,Version=v4.8, .NETFramework,Version=v4.8.1' instead of the project target framework 'net8.0'. This package may not be fully compatible with your project.
C:\Users\ultra\warewolf\Dev\Warewolf.Data\Warewolf.Data.csproj : warning NU1701: Package 'GroupControls 1.9.0' was restored using '.NETFramework,Version=v4.6.1, .NETFramework,Version=v4.6.2, .NETFramework,Version=v4.7, .NETFramework,Version=v4.7.1, .NETFramework,Version=v4.7.2, .NETFramework,Version=v4.8, .NETFramework,Version=v4.8.1' instead of the project target framework 'net8.0'. This package may not be fully compatible with your project.
C:\Users\ultra\warewolf\Dev\Warewolf.Data\Warewolf.Data.csproj : warning NU1701: Package 'TaskSchedulerEditor 2.10.1' was restored using '.NETFramework,Version=v4.6.1, .NETFramework,Version=v4.6.2, .NETFramework,Version=v4.7, .NETFramework,Version=v4.7.1, .NETFramework,Version=v4.7.2, .NETFramework,Version=v4.8, .NETFramework,Version=v4.8.1' instead of the project target framework 'net8.0'. This package may not be fully compatible with your project.
  Consider app.config remapping of assembly "System.Runtime.CompilerServices.Unsafe, Culture=neutral, PublicKeyToken=b03f5f7f11d50a3a" from Version "6.0.0.0" [] to Version "8.0.0.0" [C:\Program Files\dotnet\packs\Microsoft.NETCore.App.Ref\8.0.25\ref\net8.0\System.Runtime.CompilerServices.Unsafe.dll] to solve conflict and get rid of warning.
  Warewolf.Driver.Redis -> C:\Users\ultra\warewolf\Dev\Warewolf.Driver.Redis\bin\Debug\net8.0\Warewolf.Driver.Redis.dll
  Warewolf.Driver.RabbitMQ -> C:\Users\ultra\warewolf\Dev\Warewolf.Driver.RabbitMQ\bin\Debug\net8.0\Warewolf.Driver.RabbitMQ.dll
  Warewolf.Parser.Interop -> C:\Users\ultra\warewolf\Dev\Warewolf.Parser.Interop\bin\Debug\net8.0\WarewolfParserInterop.dll
C:\Users\ultra\warewolf\Dev\Warewolf.Language.Parser\EvaluationFunctions.fs(277,15): warning FS3548: Pattern discard is not allowed for union case that takes no data. [C:\Users\ultra\warewolf\Dev\Warewolf.Language.Parser\Warewolf.Language.Parser.fsproj]
C:\Users\ultra\warewolf\Dev\Warewolf.Language.Parser\EvaluationFunctions.fs(305,15): warning FS3548: Pattern discard is not allowed for union case that takes no data. [C:\Users\ultra\warewolf\Dev\Warewolf.Language.Parser\Warewolf.Language.Parser.fsproj]
C:\Users\ultra\warewolf\Dev\Warewolf.Language.Parser\EvaluationFunctions.fs(748,21): warning FS3873: This construct is deprecated. Sequence expressions should be of the form 'seq { ... }' [C:\Users\ultra\warewolf\Dev\Warewolf.Language.Parser\Warewolf.Language.Parser.fsproj]
C:\Users\ultra\warewolf\Dev\Warewolf.Language.Parser\EvaluationFunctions.fs(751,28): warning FS3873: This construct is deprecated. Sequence expressions should be of the form 'seq { ... }' [C:\Users\ultra\warewolf\Dev\Warewolf.Language.Parser\Warewolf.Language.Parser.fsproj]
C:\Users\ultra\warewolf\Dev\Warewolf.Language.Parser\WarewolfDataEvaluationCommon.fs(593,21): warning FS3873: This construct is deprecated. Sequence expressions should be of the form 'seq { ... }' [C:\Users\ultra\warewolf\Dev\Warewolf.Language.Parser\Warewolf.Language.Parser.fsproj]
C:\Users\ultra\warewolf\Dev\Warewolf.Language.Parser\WarewolfDataEvaluationCommon.fs(596,28): warning FS3873: This construct is deprecated. Sequence expressions should be of the form 'seq { ... }' [C:\Users\ultra\warewolf\Dev\Warewolf.Language.Parser\Warewolf.Language.Parser.fsproj]
  Warewolf.Language.Parser -> C:\Users\ultra\warewolf\Dev\Warewolf.Language.Parser\bin\Debug\net8.0\Warewolf.Language.Parser.dll
C:\Users\ultra\warewolf\Dev\Dev2.Common.Interfaces\Attribute\ReasonAttribute.cs(13,18): warning CC0023: Mark 'ReasonAttribute' as sealed. (https://code-cracker.github.io/diagnostics/CC0023.html) [C:\Users\ultra\warewolf\Dev\Dev2.Common.Interfaces\Dev2.Common.Interfaces.csproj]
C:\Users\ultra\warewolf\Dev\Dev2.Common.Interfaces\Wrappers\IDirectoryEntry.cs(190,35): warning CC0057: Parameter 'path' is not used. (https://code-cracker.github.io/diagnostics/CC0057.html) [C:\Users\ultra\warewolf\Dev\Dev2.Common.Interfaces\Dev2.Common.Interfaces.csproj]
C:\Users\ultra\warewolf\Dev\Dev2.Common.Interfaces\DllListing.cs(97,17): warning CC0105: Use 'var' instead of specifying the type name. (https://code-cracker.github.io/diagnostics/CC0105.html) [C:\Users\ultra\warewolf\Dev\Dev2.Common.Interfaces\Dev2.Common.Interfaces.csproj]
C:\Users\ultra\warewolf\Dev\Dev2.Common.Interfaces\DllListing.cs(98,17): warning CC0105: Use 'var' instead of specifying the type name. (https://code-cracker.github.io/diagnostics/CC0105.html) [C:\Users\ultra\warewolf\Dev\Dev2.Common.Interfaces\Dev2.Common.Interfaces.csproj]
C:\Users\ultra\warewolf\Dev\Dev2.Common.Interfaces\Runtime\Services\IStreamContentFactory.cs(48,21): warning CC0029: 'StreamContentWrapper' should call GC.SuppressFinalize inside the Dispose method. (https://code-cracker.github.io/diagnostics/CC0029.html) [C:\Users\ultra\warewolf\Dev\Dev2.Common.Interfaces\Dev2.Common.Interfaces.csproj]
  Dev2.Common.Interfaces -> C:\Users\ultra\warewolf\Dev\Dev2.Common.Interfaces\bin\Debug\net8.0\Dev2.Common.Interfaces.dll
C:\Users\ultra\warewolf\Dev\Warewolf.Data\NamedInt.cs(160,21): warning CA2200: Re-throwing caught exception changes stack information (https://learn.microsoft.com/dotnet/fundamentals/code-analysis/quality-rules/ca2200) [C:\Users\ultra\warewolf\Dev\Warewolf.Data\Warewolf.Data.csproj]
  Warewolf.Data -> C:\Users\ultra\warewolf\Dev\Warewolf.Data\bin\Debug\net8.0\Warewolf.Data.dll
  Warewolf.Storage.Interfaces -> C:\Users\ultra\warewolf\Dev\Warewolf.Storage.Interfaces\bin\Debug\net8.0\Warewolf.Storage.Interfaces.dll
  Warewolf.Common -> C:\Users\ultra\warewolf\Dev\Warewolf.Common\bin\Debug\net8.0\Warewolf.Common.dll
  Dev2.Data.Interfaces -> C:\Users\ultra\warewolf\Dev\Dev2.Data.Interfaces\bin\Debug\net8.0\Dev2.Data.Interfaces.dll
C:\Users\ultra\warewolf\Dev\Dev2.Common\ExtMethods\StringExtension.cs(302,13): warning CC0004: Empty Catch Block. (https://code-cracker.github.io/diagnostics/CC0004.html) [C:\Users\ultra\warewolf\Dev\Dev2.Common\Dev2.Common.csproj]
  Dev2.Common -> C:\Users\ultra\warewolf\Dev\Dev2.Common\bin\Debug\net8.0\Dev2.Common.dll
C:\Program Files\dotnet\sdk\10.0.201\Microsoft.Common.CurrentVersion.targets(2451,5): warning MSB3277: Found conflicts between different versions of "WindowsBase" that could not be resolved. [C:\Users\ultra\warewolf\Dev\Dev2.Development.Languages\Dev2.Development.Languages.csproj]
C:\Program Files\dotnet\sdk\10.0.201\Microsoft.Common.CurrentVersion.targets(2451,5): warning MSB3277: There was a conflict between "WindowsBase, Version=4.0.0.0, Culture=neutral, PublicKeyToken=31bf3856ad364e35" and "WindowsBase, Version=6.0.2.0, Culture=neutral, PublicKeyToken=31bf3856ad364e35". [C:\Users\ultra\warewolf\Dev\Dev2.Development.Languages\Dev2.Development.Languages.csproj]
C:\Program Files\dotnet\sdk\10.0.201\Microsoft.Common.CurrentVersion.targets(2451,5): warning MSB3277:     "WindowsBase, Version=4.0.0.0, Culture=neutral, PublicKeyToken=31bf3856ad364e35" was chosen because it was primary and "WindowsBase, Version=6.0.2.0, Culture=neutral, PublicKeyToken=31bf3856ad364e35" was not. [C:\Users\ultra\warewolf\Dev\Dev2.Development.Languages\Dev2.Development.Languages.csproj]
C:\Program Files\dotnet\sdk\10.0.201\Microsoft.Common.CurrentVersion.targets(2451,5): warning MSB3277:     References which depend on "WindowsBase, Version=4.0.0.0, Culture=neutral, PublicKeyToken=31bf3856ad364e35" [C:\Program Files\dotnet\packs\Microsoft.NETCore.App.Ref\8.0.25\ref\net8.0\WindowsBase.dll]. [C:\Users\ultra\warewolf\Dev\Dev2.Development.Languages\Dev2.Development.Languages.csproj]
C:\Program Files\dotnet\sdk\10.0.201\Microsoft.Common.CurrentVersion.targets(2451,5): warning MSB3277:         C:\Program Files\dotnet\packs\Microsoft.NETCore.App.Ref\8.0.25\ref\net8.0\WindowsBase.dll [C:\Users\ultra\warewolf\Dev\Dev2.Development.Languages\Dev2.Development.Languages.csproj]
C:\Program Files\dotnet\sdk\10.0.201\Microsoft.Common.CurrentVersion.targets(2451,5): warning MSB3277:           Project file item includes which caused reference "C:\Program Files\dotnet\packs\Microsoft.NETCore.App.Ref\8.0.25\ref\net8.0\WindowsBase.dll". [C:\Users\ultra\warewolf\Dev\Dev2.Development.Languages\Dev2.Development.Languages.csproj]
C:\Program Files\dotnet\sdk\10.0.201\Microsoft.Common.CurrentVersion.targets(2451,5): warning MSB3277:             C:\Program Files\dotnet\packs\Microsoft.NETCore.App.Ref\8.0.25\ref/net8.0/WindowsBase.dll [C:\Users\ultra\warewolf\Dev\Dev2.Development.Languages\Dev2.Development.Languages.csproj]
C:\Program Files\dotnet\sdk\10.0.201\Microsoft.Common.CurrentVersion.targets(2451,5): warning MSB3277:     References which depend on or have been unified to "WindowsBase, Version=6.0.2.0, Culture=neutral, PublicKeyToken=31bf3856ad364e35" []. [C:\Users\ultra\warewolf\Dev\Dev2.Development.Languages\Dev2.Development.Languages.csproj]
C:\Program Files\dotnet\sdk\10.0.201\Microsoft.Common.CurrentVersion.targets(2451,5): warning MSB3277:         C:\Users\ultra\.nuget\packages\caliburn.micro\4.0.212\lib\netcoreapp3.1\Caliburn.Micro.Platform.dll [C:\Users\ultra\warewolf\Dev\Dev2.Development.Languages\Dev2.Development.Languages.csproj]
C:\Program Files\dotnet\sdk\10.0.201\Microsoft.Common.CurrentVersion.targets(2451,5): warning MSB3277:           Project file item includes which caused reference "C:\Users\ultra\.nuget\packages\caliburn.micro\4.0.212\lib\netcoreapp3.1\Caliburn.Micro.Platform.dll". [C:\Users\ultra\warewolf\Dev\Dev2.Development.Languages\Dev2.Development.Languages.csproj]
C:\Program Files\dotnet\sdk\10.0.201\Microsoft.Common.CurrentVersion.targets(2451,5): warning MSB3277:             C:\Users\ultra\.nuget\packages\caliburn.micro\4.0.212\lib\netcoreapp3.1\Caliburn.Micro.Platform.dll [C:\Users\ultra\warewolf\Dev\Dev2.Development.Languages\Dev2.Development.Languages.csproj]
C:\Program Files\dotnet\sdk\10.0.201\Microsoft.Common.CurrentVersion.targets(2451,5): warning MSB3277:         C:\Users\ultra\.nuget\packages\ironpython\3.4.0\lib\net6.0\IronPython.Wpf.dll [C:\Users\ultra\warewolf\Dev\Dev2.Development.Languages\Dev2.Development.Languages.csproj]
C:\Program Files\dotnet\sdk\10.0.201\Microsoft.Common.CurrentVersion.targets(2451,5): warning MSB3277:           Project file item includes which caused reference "C:\Users\ultra\.nuget\packages\ironpython\3.4.0\lib\net6.0\IronPython.Wpf.dll". [C:\Users\ultra\warewolf\Dev\Dev2.Development.Languages\Dev2.Development.Languages.csproj]
C:\Program Files\dotnet\sdk\10.0.201\Microsoft.Common.CurrentVersion.targets(2451,5): warning MSB3277:             C:\Users\ultra\.nuget\packages\ironpython\3.4.0\lib\net6.0\IronPython.Wpf.dll [C:\Users\ultra\warewolf\Dev\Dev2.Development.Languages\Dev2.Development.Languages.csproj]
C:\Program Files\dotnet\sdk\10.0.201\Microsoft.Common.CurrentVersion.targets(2451,5): warning MSB3277:         C:\Users\ultra\.nuget\packages\microsoft.xaml.behaviors.wpf\1.1.19\lib\netcoreapp3.0\Microsoft.Xaml.Behaviors.dll [C:\Users\ultra\warewolf\Dev\Dev2.Development.Languages\Dev2.Development.Languages.csproj]
C:\Program Files\dotnet\sdk\10.0.201\Microsoft.Common.CurrentVersion.targets(2451,5): warning MSB3277:           Project file item includes which caused reference "C:\Users\ultra\.nuget\packages\microsoft.xaml.behaviors.wpf\1.1.19\lib\netcoreapp3.0\Microsoft.Xaml.Behaviors.dll". [C:\Users\ultra\warewolf\Dev\Dev2.Development.Languages\Dev2.Development.Languages.csproj]
C:\Program Files\dotnet\sdk\10.0.201\Microsoft.Common.CurrentVersion.targets(2451,5): warning MSB3277:             C:\Users\ultra\.nuget\packages\microsoft.xaml.behaviors.wpf\1.1.19\lib\netcoreapp3.0\Microsoft.Xaml.Behaviors.dll [C:\Users\ultra\warewolf\Dev\Dev2.Development.Languages\Dev2.Development.Languages.csproj]
C:\Program Files\dotnet\sdk\10.0.201\Microsoft.Common.CurrentVersion.targets(2451,5): warning MSB3277:             C:\Users\ultra\.nuget\packages\caliburn.micro\4.0.212\lib\netcoreapp3.1\Caliburn.Micro.Platform.dll [C:\Users\ultra\warewolf\Dev\Dev2.Development.Languages\Dev2.Development.Languages.csproj]
  Dev2.Util -> C:\Users\ultra\warewolf\Dev\Dev2.Util\bin\Debug\net8.0\Dev2.Util.dll
C:\Users\ultra\warewolf\Dev\Dev2.TaskScheduler.Wrappers\Dev2TaskEvent.cs(47,33): warning CA1416: This call site is reachable on all platforms. 'SecurityIdentifier.Value' is only supported on: 'windows'. (https://learn.microsoft.com/dotnet/fundamentals/code-analysis/quality-rules/ca1416) [C:\Users\ultra\warewolf\Dev\Dev2.TaskScheduler.Wrappers\Dev2.TaskScheduler.Wrappers.csproj]
  Dev2.Development.Languages -> C:\Users\ultra\warewolf\Dev\Dev2.Development.Languages\bin\Debug\net8.0\Dev2.Development.Languages.dll
  Dev2.TaskScheduler.Wrappers -> C:\Users\ultra\warewolf\Dev\Dev2.TaskScheduler.Wrappers\bin\Debug\net8.0\Dev2.TaskScheduler.Wrappers.dll
  Dev2.CustomControls -> C:\Users\ultra\warewolf\Dev\Dev2.CustomControls\bin\Debug\net8.0\Dev2.CustomControls.dll
  Warewolf.Licensing -> C:\Users\ultra\warewolf\Dev\Warewolf.Licensing\bin\Debug\net8.0\Warewolf.Licensing.dll
  Consider app.config remapping of assembly "Newtonsoft.Json, Culture=neutral, PublicKeyToken=30ad4fe6b2a6aeed" from Version "12.0.0.0" [] to Version "13.0.0.0" [C:\Users\ultra\.nuget\packages\newtonsoft.json\13.0.2\lib\net6.0\Newtonsoft.Json.dll] to solve conflict and get rid of warning.
  Dev2.Runtime.Configuration -> C:\Users\ultra\warewolf\Dev\Dev2.Runtime.Configuration\bin\Debug\net8.0\Dev2.Runtime.Configuration.dll
C:\Users\ultra\warewolf\Dev\Dev2.Diagnostics\Debug\DebugDispatcher.cs(209,35): warning CC0057: Parameter 'previous' is not used. (https://code-cracker.github.io/diagnostics/CC0057.html) [C:\Users\ultra\warewolf\Dev\Dev2.Diagnostics\Dev2.Diagnostics.csproj]
  Dev2.Diagnostics -> C:\Users\ultra\warewolf\Dev\Dev2.Diagnostics\bin\Debug\net8.0\Dev2.Diagnostics.dll
C:\Users\ultra\warewolf\Dev\Warewolf.AI.Harness\ChatbotApiService.cs(11,7): warning CS0105: The using directive for 'System.Text' appeared previously in this namespace [C:\Users\ultra\warewolf\Dev\Warewolf.AI.Harness\Warewolf.AI.Harness.csproj]
C:\Users\ultra\warewolf\Dev\Warewolf.AI.Harness\ChatbotApiService.cs(12,7): warning CS0105: The using directive for 'Newtonsoft.Json' appeared previously in this namespace [C:\Users\ultra\warewolf\Dev\Warewolf.AI.Harness\Warewolf.AI.Harness.csproj]
C:\Users\ultra\warewolf\Dev\Warewolf.AI.Harness\ChatbotApiService.cs(641,23): warning CS8618: Non-nullable property 'Model' must contain a non-null value when exiting constructor. Consider adding the 'required' modifier or declaring the property as nullable. [C:\Users\ultra\warewolf\Dev\Warewolf.AI.Harness\Warewolf.AI.Harness.csproj]
C:\Users\ultra\warewolf\Dev\Warewolf.AI.Harness\ChatbotApiService.cs(659,23): warning CS8618: Non-nullable property 'FinishReason' must contain a non-null value when exiting constructor. Consider adding the 'required' modifier or declaring the property as nullable. [C:\Users\ultra\warewolf\Dev\Warewolf.AI.Harness\Warewolf.AI.Harness.csproj]
C:\Users\ultra\warewolf\Dev\Warewolf.AI.Harness\ChatbotApiService.cs(201,34): warning CS8600: Converting null literal or possible null value to non-nullable type. [C:\Users\ultra\warewolf\Dev\Warewolf.AI.Harness\Warewolf.AI.Harness.csproj]
C:\Users\ultra\warewolf\Dev\Warewolf.AI.Harness\ChatbotApiService.cs(215,51): warning CS8602: Dereference of a possibly null reference. [C:\Users\ultra\warewolf\Dev\Warewolf.AI.Harness\Warewolf.AI.Harness.csproj]
C:\Users\ultra\warewolf\Dev\Warewolf.AI.Harness\ChatbotApiService.cs(218,25): warning CS8602: Dereference of a possibly null reference. [C:\Users\ultra\warewolf\Dev\Warewolf.AI.Harness\Warewolf.AI.Harness.csproj]
C:\Users\ultra\warewolf\Dev\Warewolf.AI.Harness\ChatbotApiService.cs(303,34): warning CS8600: Converting null literal or possible null value to non-nullable type. [C:\Users\ultra\warewolf\Dev\Warewolf.AI.Harness\Warewolf.AI.Harness.csproj]
C:\Users\ultra\warewolf\Dev\Warewolf.AI.Harness\ChatbotApiService.cs(312,51): warning CS8602: Dereference of a possibly null reference. [C:\Users\ultra\warewolf\Dev\Warewolf.AI.Harness\Warewolf.AI.Harness.csproj]
C:\Users\ultra\warewolf\Dev\Warewolf.AI.Harness\ChatbotApiService.cs(314,30): warning CS8602: Dereference of a possibly null reference. [C:\Users\ultra\warewolf\Dev\Warewolf.AI.Harness\Warewolf.AI.Harness.csproj]
C:\Users\ultra\warewolf\Dev\Warewolf.AI.Harness\ChatbotApiService.cs(477,32): warning CS8600: Converting null literal or possible null value to non-nullable type. [C:\Users\ultra\warewolf\Dev\Warewolf.AI.Harness\Warewolf.AI.Harness.csproj]
C:\Users\ultra\warewolf\Dev\Warewolf.AI.Harness\ChatbotApiService.cs(478,32): warning CS8600: Converting null literal or possible null value to non-nullable type. [C:\Users\ultra\warewolf\Dev\Warewolf.AI.Harness\Warewolf.AI.Harness.csproj]
C:\Users\ultra\warewolf\Dev\Warewolf.AI.Harness\ChatbotApiService.cs(481,73): warning CS8625: Cannot convert null literal to non-nullable reference type. [C:\Users\ultra\warewolf\Dev\Warewolf.AI.Harness\Warewolf.AI.Harness.csproj]
C:\Users\ultra\warewolf\Dev\Warewolf.AI.Harness\ChatbotApiService.cs(482,60): warning CS8604: Possible null reference argument for parameter 'authHeaderName' in 'HttpResponseMessage ChatbotApiService.PostWithAuth(string endpoint, object payload, string authHeaderName, string authHeaderValue, string additionalHeaders)'. [C:\Users\ultra\warewolf\Dev\Warewolf.AI.Harness\Warewolf.AI.Harness.csproj]
C:\Users\ultra\warewolf\Dev\Warewolf.AI.Harness\ChatbotApiService.cs(482,70): warning CS8604: Possible null reference argument for parameter 'authHeaderValue' in 'HttpResponseMessage ChatbotApiService.PostWithAuth(string endpoint, object payload, string authHeaderName, string authHeaderValue, string additionalHeaders)'. [C:\Users\ultra\warewolf\Dev\Warewolf.AI.Harness\Warewolf.AI.Harness.csproj]
C:\Users\ultra\warewolf\Dev\Warewolf.AI.Harness\ChatbotApiService.cs(482,81): warning CS8625: Cannot convert null literal to non-nullable reference type. [C:\Users\ultra\warewolf\Dev\Warewolf.AI.Harness\Warewolf.AI.Harness.csproj]
C:\Users\ultra\warewolf\Dev\Warewolf.AI.Harness\ChatbotApiService.cs(496,73): warning CS8625: Cannot convert null literal to non-nullable reference type. [C:\Users\ultra\warewolf\Dev\Warewolf.AI.Harness\Warewolf.AI.Harness.csproj]
C:\Users\ultra\warewolf\Dev\Warewolf.AI.Harness\ChatbotApiService.cs(497,81): warning CS8625: Cannot convert null literal to non-nullable reference type. [C:\Users\ultra\warewolf\Dev\Warewolf.AI.Harness\Warewolf.AI.Harness.csproj]
C:\Users\ultra\warewolf\Dev\Warewolf.AI.Harness\ChatbotApiService.cs(514,73): warning CS8625: Cannot convert null literal to non-nullable reference type. [C:\Users\ultra\warewolf\Dev\Warewolf.AI.Harness\Warewolf.AI.Harness.csproj]
C:\Users\ultra\warewolf\Dev\Warewolf.AI.Harness\ChatbotApiService.cs(515,114): warning CS8625: Cannot convert null literal to non-nullable reference type. [C:\Users\ultra\warewolf\Dev\Warewolf.AI.Harness\Warewolf.AI.Harness.csproj]
C:\Users\ultra\warewolf\Dev\Warewolf.AI.Harness\ChatbotApiService.cs(521,36): warning CS8600: Converting null literal or possible null value to non-nullable type. [C:\Users\ultra\warewolf\Dev\Warewolf.AI.Harness\Warewolf.AI.Harness.csproj]
C:\Users\ultra\warewolf\Dev\Warewolf.AI.Harness\ChatbotApiService.cs(538,82): warning CS8604: Possible null reference argument for parameter 'systemMessage' in 'Dictionary<string, object> ChatbotApiService.CreatePayload(string model, object messages, string systemMessage, bool useMaxCompletionTokens, bool includeTemperature)'. [C:\Users\ultra\warewolf\Dev\Warewolf.AI.Harness\Warewolf.AI.Harness.csproj]
C:\Users\ultra\warewolf\Dev\Warewolf.AI.Harness\ChatbotApiService.cs(545,35): warning CS8600: Converting null literal or possible null value to non-nullable type. [C:\Users\ultra\warewolf\Dev\Warewolf.AI.Harness\Warewolf.AI.Harness.csproj]
C:\Users\ultra\warewolf\Dev\Warewolf.AI.Harness\ChatbotApiService.cs(589,68): warning CS8625: Cannot convert null literal to non-nullable reference type. [C:\Users\ultra\warewolf\Dev\Warewolf.AI.Harness\Warewolf.AI.Harness.csproj]
C:\Users\ultra\warewolf\Dev\Warewolf.AI.Harness\ChatbotApiService.cs(589,74): warning CS8625: Cannot convert null literal to non-nullable reference type. [C:\Users\ultra\warewolf\Dev\Warewolf.AI.Harness\Warewolf.AI.Harness.csproj]
C:\Users\ultra\warewolf\Dev\Warewolf.AI.Harness\ChatbotApiService.cs(589,80): warning CS8625: Cannot convert null literal to non-nullable reference type. [C:\Users\ultra\warewolf\Dev\Warewolf.AI.Harness\Warewolf.AI.Harness.csproj]
  Warewolf.AI.Harness -> C:\Users\ultra\warewolf\Dev\Warewolf.AI.Harness\bin\Debug\net8.0\Warewolf.AI.Harness.dll
C:\Users\ultra\warewolf\Dev\Dev2.Infrastructure\PerformanceCounters\PerformanceCounterCategoryWrapper.cs(33,48): warning CA1416: This call site is reachable on all platforms. 'PerformanceCounterCategory.Exists(string)' is only supported on: 'windows'. (https://learn.microsoft.com/dotnet/fundamentals/code-analysis/quality-rules/ca1416) [C:\Users\ultra\warewolf\Dev\Dev2.Infrastructure\Dev2.Infrastructure.csproj]
C:\Users\ultra\warewolf\Dev\Dev2.Infrastructure\PerformanceCounters\PerformanceCounterCategoryWrapper.cs(38,29): warning CA1416: This call site is reachable on all platforms. 'PerformanceCounterCategory' is only supported on: 'windows'. (https://learn.microsoft.com/dotnet/fundamentals/code-analysis/quality-rules/ca1416) [C:\Users\ultra\warewolf\Dev\Dev2.Infrastructure\Dev2.Infrastructure.csproj]
C:\Users\ultra\warewolf\Dev\Dev2.Infrastructure\PerformanceCounters\PerformanceCounterCategoryWrapper.cs(32,48): warning CA1416: This call site is reachable on all platforms. 'PerformanceCounterCategory.Delete(string)' is only supported on: 'windows'. (https://learn.microsoft.com/dotnet/fundamentals/code-analysis/quality-rules/ca1416) [C:\Users\ultra\warewolf\Dev\Dev2.Infrastructure\Dev2.Infrastructure.csproj]
C:\Users\ultra\warewolf\Dev\Dev2.Infrastructure\PerformanceCounters\PerformanceCounterCategoryWrapper.cs(12,51): warning CA1416: This call site is reachable on all platforms. 'PerformanceCounterCategory.CounterExists(string)' is only supported on: 'windows'. (https://learn.microsoft.com/dotnet/fundamentals/code-analysis/quality-rules/ca1416) [C:\Users\ultra\warewolf\Dev\Dev2.Infrastructure\Dev2.Infrastructure.csproj]
C:\Users\ultra\warewolf\Dev\Dev2.Infrastructure\PerformanceCounters\PerformanceCounterCategoryWrapper.cs(19,45): warning CA1416: This call site is reachable on all platforms. 'CounterCreationData' is only supported on: 'windows'. (https://learn.microsoft.com/dotnet/fundamentals/code-analysis/quality-rules/ca1416) [C:\Users\ultra\warewolf\Dev\Dev2.Infrastructure\Dev2.Infrastructure.csproj]
C:\Users\ultra\warewolf\Dev\Dev2.Infrastructure\PerformanceCounters\PerformanceCounterCategoryWrapper.cs(14,49): warning CA1416: This call site is reachable on all platforms. 'CounterCreationDataCollection' is only supported on: 'windows'. (https://learn.microsoft.com/dotnet/fundamentals/code-analysis/quality-rules/ca1416) [C:\Users\ultra\warewolf\Dev\Dev2.Infrastructure\Dev2.Infrastructure.csproj]
C:\Users\ultra\warewolf\Dev\Dev2.Infrastructure\PerformanceCounters\PerformanceCounterCategoryWrapper.cs(25,21): warning CA1416: This call site is reachable on all platforms. 'CounterCreationDataCollection.Add(CounterCreationData)' is only supported on: 'windows'. (https://learn.microsoft.com/dotnet/fundamentals/code-analysis/quality-rules/ca1416) [C:\Users\ultra\warewolf\Dev\Dev2.Infrastructure\Dev2.Infrastructure.csproj]
C:\Users\ultra\warewolf\Dev\Dev2.Infrastructure\PerformanceCounters\PerformanceCounterCategoryWrapper.cs(29,71): warning CA1416: This call site is reachable on all platforms. 'PerformanceCounterCategoryType.MultiInstance' is only supported on: 'windows'. (https://learn.microsoft.com/dotnet/fundamentals/code-analysis/quality-rules/ca1416) [C:\Users\ultra\warewolf\Dev\Dev2.Infrastructure\Dev2.Infrastructure.csproj]
C:\Users\ultra\warewolf\Dev\Dev2.Infrastructure\PerformanceCounters\PerformanceCounterCategoryWrapper.cs(29,13): warning CA1416: This call site is reachable on all platforms. 'PerformanceCounterCategory.Create(string, string, PerformanceCounterCategoryType, CounterCreationDataCollection)' is only supported on: 'windows'. (https://learn.microsoft.com/dotnet/fundamentals/code-analysis/quality-rules/ca1416) [C:\Users\ultra\warewolf\Dev\Dev2.Infrastructure\Dev2.Infrastructure.csproj]
C:\Users\ultra\warewolf\Dev\Dev2.Infrastructure\PerformanceCounters\Management\WarewolfPerformanceCounterManager.cs(22,140): warning CC0057: Parameter 'register' is not used. (https://code-cracker.github.io/diagnostics/CC0057.html) [C:\Users\ultra\warewolf\Dev\Dev2.Infrastructure\Dev2.Infrastructure.csproj]
C:\Users\ultra\warewolf\Dev\Dev2.Infrastructure\PerformanceCounters\Management\PerformanceCounterPersistence.cs(48,81): warning CC0057: Parameter 'resourcePerformanceCounters' is not used. (https://code-cracker.github.io/diagnostics/CC0057.html) [C:\Users\ultra\warewolf\Dev\Dev2.Infrastructure\Dev2.Infrastructure.csproj]
C:\Users\ultra\warewolf\Dev\Dev2.Infrastructure\PerformanceCounters\Management\WarewolfPerformanceCounterManager.cs(67,83): warning CC0057: Parameter 'name' is not used. (https://code-cracker.github.io/diagnostics/CC0057.html) [C:\Users\ultra\warewolf\Dev\Dev2.Infrastructure\Dev2.Infrastructure.csproj]
C:\Users\ultra\warewolf\Dev\Dev2.Infrastructure\PerformanceCounters\PerformanceCounterCategoryWrapper.cs(54,28): warning CA1416: This call site is reachable on all platforms. 'PerformanceCounterType.RateOfCountsPerSecond32' is only supported on: 'windows'. (https://learn.microsoft.com/dotnet/fundamentals/code-analysis/quality-rules/ca1416) [C:\Users\ultra\warewolf\Dev\Dev2.Infrastructure\Dev2.Infrastructure.csproj]
C:\Users\ultra\warewolf\Dev\Dev2.Infrastructure\PerformanceCounters\PerformanceCounterCategoryWrapper.cs(52,28): warning CA1416: This call site is reachable on all platforms. 'PerformanceCounterType.NumberOfItems32' is only supported on: 'windows'. (https://learn.microsoft.com/dotnet/fundamentals/code-analysis/quality-rules/ca1416) [C:\Users\ultra\warewolf\Dev\Dev2.Infrastructure\Dev2.Infrastructure.csproj]
C:\Users\ultra\warewolf\Dev\Dev2.Infrastructure\PerformanceCounters\PerformanceCounterCategoryWrapper.cs(48,28): warning CA1416: This call site is reachable on all platforms. 'PerformanceCounterType.AverageBase' is only supported on: 'windows'. (https://learn.microsoft.com/dotnet/fundamentals/code-analysis/quality-rules/ca1416) [C:\Users\ultra\warewolf\Dev\Dev2.Infrastructure\Dev2.Infrastructure.csproj]
C:\Users\ultra\warewolf\Dev\Dev2.Infrastructure\PerformanceCounters\PerformanceCounterCategoryWrapper.cs(50,28): warning CA1416: This call site is reachable on all platforms. 'PerformanceCounterType.AverageTimer32' is only supported on: 'windows'. (https://learn.microsoft.com/dotnet/fundamentals/code-analysis/quality-rules/ca1416) [C:\Users\ultra\warewolf\Dev\Dev2.Infrastructure\Dev2.Infrastructure.csproj]
C:\Users\ultra\warewolf\Dev\Dev2.Infrastructure\Services\Security\MoqInstallerActions\InstallerActionsForDevelopment.cs(57,31): warning CA1416: This call site is reachable on all platforms. 'WindowsIdentity.GetCurrent(bool)' is only supported on: 'windows'. (https://learn.microsoft.com/dotnet/fundamentals/code-analysis/quality-rules/ca1416) [C:\Users\ultra\warewolf\Dev\Dev2.Infrastructure\Dev2.Infrastructure.csproj]
C:\Users\ultra\warewolf\Dev\Dev2.Infrastructure\Services\Security\MoqInstallerActions\InstallerActionsForDevelopment.cs(59,57): warning CA1416: This call site is reachable on all platforms. 'WindowsIdentity.Name' is only supported on: 'windows'. (https://learn.microsoft.com/dotnet/fundamentals/code-analysis/quality-rules/ca1416) [C:\Users\ultra\warewolf\Dev\Dev2.Infrastructure\Dev2.Infrastructure.csproj]
C:\Users\ultra\warewolf\Dev\Dev2.Infrastructure\Services\Security\SecuritySettings.cs(92,28): warning CC0022: HMACSHA256 should be disposed. (https://code-cracker.github.io/diagnostics/CC0022.html) [C:\Users\ultra\warewolf\Dev\Dev2.Infrastructure\Dev2.Infrastructure.csproj]
CSC : warning AD0001: Analyzer 'CodeCracker.CSharp.Design.UseInvokeMethodToFireEventAnalyzer' threw an exception of type 'System.ArgumentException' with message 'Syntax node is not within syntax tree'. [C:\Users\ultra\warewolf\Dev\Dev2.Infrastructure\Dev2.Infrastructure.csproj]
CSC : warning AD0001: Analyzer 'CodeCracker.CSharp.Design.UseInvokeMethodToFireEventAnalyzer' threw an exception of type 'System.ArgumentException' with message 'Syntax node is not within syntax tree'. [C:\Users\ultra\warewolf\Dev\Dev2.Infrastructure\Dev2.Infrastructure.csproj]
CSC : warning AD0001: Analyzer 'CodeCracker.CSharp.Design.UseInvokeMethodToFireEventAnalyzer' threw an exception of type 'System.ArgumentException' with message 'Syntax node is not within syntax tree'. [C:\Users\ultra\warewolf\Dev\Dev2.Infrastructure\Dev2.Infrastructure.csproj]
CSC : warning AD0001: Analyzer 'CodeCracker.CSharp.Design.UseInvokeMethodToFireEventAnalyzer' threw an exception of type 'System.ArgumentException' with message 'Syntax node is not within syntax tree'. [C:\Users\ultra\warewolf\Dev\Dev2.Infrastructure\Dev2.Infrastructure.csproj]
CSC : warning AD0001: Analyzer 'CodeCracker.CSharp.Design.UseInvokeMethodToFireEventAnalyzer' threw an exception of type 'System.ArgumentException' with message 'Syntax node is not within syntax tree'. [C:\Users\ultra\warewolf\Dev\Dev2.Infrastructure\Dev2.Infrastructure.csproj]
CSC : warning AD0001: Analyzer 'CodeCracker.CSharp.Design.UseInvokeMethodToFireEventAnalyzer' threw an exception of type 'System.ArgumentException' with message 'Syntax node is not within syntax tree'. [C:\Users\ultra\warewolf\Dev\Dev2.Infrastructure\Dev2.Infrastructure.csproj]
CSC : warning AD0001: Analyzer 'CodeCracker.CSharp.Design.UseInvokeMethodToFireEventAnalyzer' threw an exception of type 'System.ArgumentException' with message 'Syntax node is not within syntax tree'. [C:\Users\ultra\warewolf\Dev\Dev2.Infrastructure\Dev2.Infrastructure.csproj]
CSC : warning AD0001: Analyzer 'CodeCracker.CSharp.Design.UseInvokeMethodToFireEventAnalyzer' threw an exception of type 'System.ArgumentException' with message 'Syntax node is not within syntax tree'. [C:\Users\ultra\warewolf\Dev\Dev2.Infrastructure\Dev2.Infrastructure.csproj]
CSC : warning AD0001: Analyzer 'CodeCracker.CSharp.Design.UseInvokeMethodToFireEventAnalyzer' threw an exception of type 'System.ArgumentException' with message 'Syntax node is not within syntax tree'. [C:\Users\ultra\warewolf\Dev\Dev2.Infrastructure\Dev2.Infrastructure.csproj]
CSC : warning AD0001: Analyzer 'CodeCracker.CSharp.Design.UseInvokeMethodToFireEventAnalyzer' threw an exception of type 'System.ArgumentException' with message 'Syntax node is not within syntax tree'. [C:\Users\ultra\warewolf\Dev\Dev2.Infrastructure\Dev2.Infrastructure.csproj]
CSC : warning AD0001: Analyzer 'CodeCracker.CSharp.Design.UseInvokeMethodToFireEventAnalyzer' threw an exception of type 'System.ArgumentException' with message 'Syntax node is not within syntax tree'. [C:\Users\ultra\warewolf\Dev\Dev2.Infrastructure\Dev2.Infrastructure.csproj]
CSC : warning AD0001: Analyzer 'CodeCracker.CSharp.Design.UseInvokeMethodToFireEventAnalyzer' threw an exception of type 'System.ArgumentException' with message 'Syntax node is not within syntax tree'. [C:\Users\ultra\warewolf\Dev\Dev2.Infrastructure\Dev2.Infrastructure.csproj]
CSC : warning AD0001: Analyzer 'CodeCracker.CSharp.Design.UseInvokeMethodToFireEventAnalyzer' threw an exception of type 'System.ArgumentException' with message 'Syntax node is not within syntax tree'. [C:\Users\ultra\warewolf\Dev\Dev2.Infrastructure\Dev2.Infrastructure.csproj]
CSC : warning AD0001: Analyzer 'CodeCracker.CSharp.Design.UseInvokeMethodToFireEventAnalyzer' threw an exception of type 'System.ArgumentException' with message 'Syntax node is not within syntax tree'. [C:\Users\ultra\warewolf\Dev\Dev2.Infrastructure\Dev2.Infrastructure.csproj]
  Dev2.Infrastructure -> C:\Users\ultra\warewolf\Dev\Dev2.Infrastructure\bin\Debug\net8.0\Dev2.Infrastructure.dll
C:\Program Files\dotnet\sdk\10.0.201\Microsoft.CSharp.CurrentVersion.targets(130,9): warning MSB3884: Could not find rule set file "..\.sonarlint\warewolf_dotnet_frameworkcsharp.ruleset". [C:\Users\ultra\warewolf\Dev\Warewolf.Sharepoint\Warewolf.Sharepoint.csproj]
C:\Users\ultra\warewolf\Dev\Dev2.SignalR.Wrappers.New\HubConnectionWrapper.cs(431,21): warning SYSLIB0006: 'Thread.Abort()' is obsolete: 'Thread.Abort is not supported and throws PlatformNotSupportedException.' (https://aka.ms/dotnet-warnings/SYSLIB0006) [C:\Users\ultra\warewolf\Dev\Dev2.SignalR.Wrappers.New\Dev2.SignalR.Wrappers.New.csproj]
C:\Users\ultra\warewolf\Dev\Dev2.SignalR.Wrappers.New\HubConnectionWrapper.cs(205,21): warning CC0029: 'HubConnectionWrapper' should call GC.SuppressFinalize inside the Dispose method. (https://code-cracker.github.io/diagnostics/CC0029.html) [C:\Users\ultra\warewolf\Dev\Dev2.SignalR.Wrappers.New\Dev2.SignalR.Wrappers.New.csproj]
C:\Users\ultra\warewolf\Dev\Dev2.SignalR.Wrappers.New\HubConnectionWrapper.cs(383,17): warning CC0105: Use 'var' instead of specifying the type name. (https://code-cracker.github.io/diagnostics/CC0105.html) [C:\Users\ultra\warewolf\Dev\Dev2.SignalR.Wrappers.New\Dev2.SignalR.Wrappers.New.csproj]
  Dev2.SignalR.Wrappers.New -> C:\Users\ultra\warewolf\Dev\Dev2.SignalR.Wrappers.New\bin\Debug\net8.0\Dev2.SignalR.Wrappers.New.dll
  Warewolf.Sharepoint -> C:\Users\ultra\warewolf\Dev\Warewolf.Sharepoint\bin\Debug\net8.0\Warewolf.Sharepoint.dll
  Warewolf.Storage -> C:\Users\ultra\warewolf\Dev\Warewolf.Storage\bin\Debug\net8.0\Warewolf.Storage.dll
C:\Users\ultra\warewolf\Dev\Dev2.Services.Sql\ConnectionBuilder.cs(44,21): warning CC0029: 'ConnectionBuilder' should call GC.SuppressFinalize inside the Dispose method. (https://code-cracker.github.io/diagnostics/CC0029.html) [C:\Users\ultra\warewolf\Dev\Dev2.Services.Sql\Dev2.Services.Sql.csproj]
C:\Program Files\dotnet\sdk\10.0.201\Microsoft.Common.CurrentVersion.targets(2451,5): warning MSB3245: Could not resolve this reference. Could not locate the assembly "System.Web". Check to make sure the assembly exists on disk. If this reference is required by your code, you may get compilation errors. [C:\Users\ultra\warewolf\Dev\Dev2.Data\Dev2.Data.csproj]
C:\Program Files\dotnet\sdk\10.0.201\Microsoft.Common.CurrentVersion.targets(2451,5): warning MSB3245: Could not resolve this reference. Could not locate the assembly "System.Web.Extensions". Check to make sure the assembly exists on disk. If this reference is required by your code, you may get compilation errors. [C:\Users\ultra\warewolf\Dev\Dev2.Data\Dev2.Data.csproj]
C:\Program Files\dotnet\sdk\10.0.201\Microsoft.Common.CurrentVersion.targets(2451,5): warning MSB3245: Could not resolve this reference. Could not locate the assembly "System.Xml.Linq". Check to make sure the assembly exists on disk. If this reference is required by your code, you may get compilation errors. [C:\Users\ultra\warewolf\Dev\Dev2.Data\Dev2.Data.csproj]
C:\Program Files\dotnet\sdk\10.0.201\Microsoft.Common.CurrentVersion.targets(2451,5): warning MSB3245: Could not resolve this reference. Could not locate the assembly "System.Data.DataSetExtensions". Check to make sure the assembly exists on disk. If this reference is required by your code, you may get compilation errors. [C:\Users\ultra\warewolf\Dev\Dev2.Data\Dev2.Data.csproj]
C:\Program Files\dotnet\sdk\10.0.201\Microsoft.Common.CurrentVersion.targets(2451,5): warning MSB3245: Could not resolve this reference. Could not locate the assembly "Microsoft.CSharp". Check to make sure the assembly exists on disk. If this reference is required by your code, you may get compilation errors. [C:\Users\ultra\warewolf\Dev\Dev2.Data\Dev2.Data.csproj]
C:\Program Files\dotnet\sdk\10.0.201\Microsoft.Common.CurrentVersion.targets(2451,5): warning MSB3245: Could not resolve this reference. Could not locate the assembly "System.Data". Check to make sure the assembly exists on disk. If this reference is required by your code, you may get compilation errors. [C:\Users\ultra\warewolf\Dev\Dev2.Data\Dev2.Data.csproj]
C:\Program Files\dotnet\sdk\10.0.201\Microsoft.Common.CurrentVersion.targets(2451,5): warning MSB3245: Could not resolve this reference. Could not locate the assembly "System.Xml". Check to make sure the assembly exists on disk. If this reference is required by your code, you may get compilation errors. [C:\Users\ultra\warewolf\Dev\Dev2.Data\Dev2.Data.csproj]
  Dev2.Services.Sql -> C:\Users\ultra\warewolf\Dev\Dev2.Services.Sql\bin\Debug\net8.0\Dev2.Services.Sql.dll
C:\Program Files\dotnet\sdk\10.0.201\Microsoft.Common.CurrentVersion.targets(2451,5): warning MSB3243: No way to resolve conflict between "System.Web, Version=4.0.0.0, Culture=neutral, PublicKeyToken=b03f5f7f11d50a3a" and "System.Web". Choosing "System.Web, Version=4.0.0.0, Culture=neutral, PublicKeyToken=b03f5f7f11d50a3a" arbitrarily. [C:\Users\ultra\warewolf\Dev\Dev2.Data\Dev2.Data.csproj]
C:\Program Files\dotnet\sdk\10.0.201\Microsoft.Common.CurrentVersion.targets(2451,5): warning MSB3243: No way to resolve conflict between "System.Xml.Linq, Version=4.0.0.0, Culture=neutral, PublicKeyToken=b77a5c561934e089" and "System.Xml.Linq". Choosing "System.Xml.Linq, Version=4.0.0.0, Culture=neutral, PublicKeyToken=b77a5c561934e089" arbitrarily. [C:\Users\ultra\warewolf\Dev\Dev2.Data\Dev2.Data.csproj]
C:\Program Files\dotnet\sdk\10.0.201\Microsoft.Common.CurrentVersion.targets(2451,5): warning MSB3243: No way to resolve conflict between "System.Data.DataSetExtensions, Version=8.0.0.0, Culture=neutral, PublicKeyToken=b77a5c561934e089" and "System.Data.DataSetExtensions". Choosing "System.Data.DataSetExtensions, Version=8.0.0.0, Culture=neutral, PublicKeyToken=b77a5c561934e089" arbitrarily. [C:\Users\ultra\warewolf\Dev\Dev2.Data\Dev2.Data.csproj]
C:\Program Files\dotnet\sdk\10.0.201\Microsoft.Common.CurrentVersion.targets(2451,5): warning MSB3243: No way to resolve conflict between "Microsoft.CSharp, Version=8.0.0.0, Culture=neutral, PublicKeyToken=b03f5f7f11d50a3a" and "Microsoft.CSharp". Choosing "Microsoft.CSharp, Version=8.0.0.0, Culture=neutral, PublicKeyToken=b03f5f7f11d50a3a" arbitrarily. [C:\Users\ultra\warewolf\Dev\Dev2.Data\Dev2.Data.csproj]
C:\Program Files\dotnet\sdk\10.0.201\Microsoft.Common.CurrentVersion.targets(2451,5): warning MSB3243: No way to resolve conflict between "System.Data, Version=4.0.0.0, Culture=neutral, PublicKeyToken=b77a5c561934e089" and "System.Data". Choosing "System.Data, Version=4.0.0.0, Culture=neutral, PublicKeyToken=b77a5c561934e089" arbitrarily. [C:\Users\ultra\warewolf\Dev\Dev2.Data\Dev2.Data.csproj]
C:\Program Files\dotnet\sdk\10.0.201\Microsoft.Common.CurrentVersion.targets(2451,5): warning MSB3243: No way to resolve conflict between "System.Xml, Version=4.0.0.0, Culture=neutral, PublicKeyToken=b77a5c561934e089" and "System.Xml". Choosing "System.Xml, Version=4.0.0.0, Culture=neutral, PublicKeyToken=b77a5c561934e089" arbitrarily. [C:\Users\ultra\warewolf\Dev\Dev2.Data\Dev2.Data.csproj]
CSC : warning CS2002: Source file 'C:\Users\ultra\warewolf\Dev\Dev2.Data\MathOperations\NCalc\NCalcExpressionBuilder.cs' specified multiple times [C:\Users\ultra\warewolf\Dev\Dev2.Data\Dev2.Data.csproj]
CSC : warning CS2002: Source file 'C:\Users\ultra\warewolf\Dev\Dev2.Data\MathOperations\NCalc\NCalcFunctionArgHelper.cs' specified multiple times [C:\Users\ultra\warewolf\Dev\Dev2.Data\Dev2.Data.csproj]
CSC : warning CS2002: Source file 'C:\Users\ultra\warewolf\Dev\Dev2.Data\MathOperations\NCalc\Functions\BaseConversionFunctions.cs' specified multiple times [C:\Users\ultra\warewolf\Dev\Dev2.Data\Dev2.Data.csproj]
CSC : warning CS2002: Source file 'C:\Users\ultra\warewolf\Dev\Dev2.Data\MathOperations\NCalc\Functions\ComplexFunctions.cs' specified multiple times [C:\Users\ultra\warewolf\Dev\Dev2.Data\Dev2.Data.csproj]
CSC : warning CS2002: Source file 'C:\Users\ultra\warewolf\Dev\Dev2.Data\MathOperations\NCalc\Functions\DateTimeFunctions.cs' specified multiple times [C:\Users\ultra\warewolf\Dev\Dev2.Data\Dev2.Data.csproj]
CSC : warning CS2002: Source file 'C:\Users\ultra\warewolf\Dev\Dev2.Data\MathOperations\NCalc\Functions\FinancialFunctions.cs' specified multiple times [C:\Users\ultra\warewolf\Dev\Dev2.Data\Dev2.Data.csproj]
CSC : warning CS2002: Source file 'C:\Users\ultra\warewolf\Dev\Dev2.Data\MathOperations\NCalc\Functions\InformationFunctions.cs' specified multiple times [C:\Users\ultra\warewolf\Dev\Dev2.Data\Dev2.Data.csproj]
CSC : warning CS2002: Source file 'C:\Users\ultra\warewolf\Dev\Dev2.Data\MathOperations\NCalc\Functions\MathFunctions.cs' specified multiple times [C:\Users\ultra\warewolf\Dev\Dev2.Data\Dev2.Data.csproj]
CSC : warning CS2002: Source file 'C:\Users\ultra\warewolf\Dev\Dev2.Data\MathOperations\NCalc\Functions\StringFunctions.cs' specified multiple times [C:\Users\ultra\warewolf\Dev\Dev2.Data\Dev2.Data.csproj]
C:\Users\ultra\warewolf\Dev\Dev2.Data\MathOperations\NCalc\NCalcFunctionArgHelper.cs(51,47): warning CS8632: The annotation for nullable reference types should only be used in code within a '#nullable' annotations context. [C:\Users\ultra\warewolf\Dev\Dev2.Data\Dev2.Data.csproj]
C:\Users\ultra\warewolf\Dev\Dev2.Data\MathOperations\NCalc\Functions\MathFunctions.cs(22,30): warning CS8632: The annotation for nullable reference types should only be used in code within a '#nullable' annotations context. [C:\Users\ultra\warewolf\Dev\Dev2.Data\Dev2.Data.csproj]
C:\Users\ultra\warewolf\Dev\Dev2.Data\MathOperations\NCalc\Functions\StringFunctions.cs(94,59): warning CS8632: The annotation for nullable reference types should only be used in code within a '#nullable' annotations context. [C:\Users\ultra\warewolf\Dev\Dev2.Data\Dev2.Data.csproj]
C:\Users\ultra\warewolf\Dev\Dev2.Data\NativeMethods.cs(66,59): warning CS0472: The result of the expression is always 'false' since a value of type 'nint' is never equal to 'null' of type 'nint?' [C:\Users\ultra\warewolf\Dev\Dev2.Data\Dev2.Data.csproj]
C:\Users\ultra\warewolf\Dev\Dev2.Data\NativeMethods.cs(88,8): warning CS0472: The result of the expression is always 'false' since a value of type 'nint' is never equal to 'null' of type 'nint?' [C:\Users\ultra\warewolf\Dev\Dev2.Data\Dev2.Data.csproj]
C:\Users\ultra\warewolf\Dev\Dev2.Data\Security\WindowsIdentityExtensions.cs(28,49): warning CA1416: This call site is reachable on all platforms. 'WindowsIdentity.AccessToken' is only supported on: 'windows'. (https://learn.microsoft.com/dotnet/fundamentals/code-analysis/quality-rules/ca1416) [C:\Users\ultra\warewolf\Dev\Dev2.Data\Dev2.Data.csproj]
C:\Users\ultra\warewolf\Dev\Dev2.Data\Security\WindowsIdentityExtensions.cs(41,24): warning CA1416: This call site is reachable on all platforms. 'WindowsIdentity.RunImpersonated<T>(SafeAccessTokenHandle, Func<T>)' is only supported on: 'windows'. (https://learn.microsoft.com/dotnet/fundamentals/code-analysis/quality-rules/ca1416) [C:\Users\ultra\warewolf\Dev\Dev2.Data\Dev2.Data.csproj]
C:\Users\ultra\warewolf\Dev\Dev2.Data\Security\WindowsIdentityExtensions.cs(28,17): warning CA1416: This call site is reachable on all platforms. 'WindowsIdentity.RunImpersonated(SafeAccessTokenHandle, Action)' is only supported on: 'windows'. (https://learn.microsoft.com/dotnet/fundamentals/code-analysis/quality-rules/ca1416) [C:\Users\ultra\warewolf\Dev\Dev2.Data\Dev2.Data.csproj]
C:\Users\ultra\warewolf\Dev\Dev2.Data\Security\WindowsIdentityExtensions.cs(41,59): warning CA1416: This call site is reachable on all platforms. 'WindowsIdentity.AccessToken' is only supported on: 'windows'. (https://learn.microsoft.com/dotnet/fundamentals/code-analysis/quality-rules/ca1416) [C:\Users\ultra\warewolf\Dev\Dev2.Data\Dev2.Data.csproj]
C:\Users\ultra\warewolf\Dev\Dev2.Data\PathOperations\ValidateAuthorization.cs(73,33): warning CA1416: This call site is reachable on all platforms. 'WindowsIdentity' is only supported on: 'windows'. (https://learn.microsoft.com/dotnet/fundamentals/code-analysis/quality-rules/ca1416) [C:\Users\ultra\warewolf\Dev\Dev2.Data\Dev2.Data.csproj]
  Dev2.Data -> C:\Users\ultra\warewolf\Dev\Dev2.Data\bin\Debug\net8.0\Dev2.Data.dll
  Warewolf.Driver.Serilog -> C:\Users\ultra\warewolf\Dev\Warewolf.Driver.Serilog\bin\Debug\net8.0\Warewolf.Driver.Serilog.dll
  Dev2.Scheduler -> C:\Users\ultra\warewolf\Dev\Dev2.Scheduler\bin\Debug\net8.0\Dev2.Scheduler.dll
  Dev2.Core -> C:\Users\ultra\warewolf\Dev\Dev2.Core\bin\Debug\net8.0\Dev2.Core.dll
  Warewolf.Exchange.Email.Wrapper -> C:\Users\ultra\warewolf\Dev\Warewolf.Exchange.Email.Wrapper\bin\Debug\net8.0\Warewolf.Exchange.Email.Wrapper.dll
  Warewolf.ResourceManagement -> C:\Users\ultra\warewolf\Dev\Warewolf.ResourceManagement\bin\Debug\net8.0\Warewolf.ResourceManagement.dll
C:\Users\ultra\warewolf\Dev\Warewolf.Auditing\Audit.cs(189,26): warning CS8073: The result of the expression is always 'false' since a value of type 'DateTime' is never equal to 'null' of type 'DateTime?' [C:\Users\ultra\warewolf\Dev\Warewolf.Auditing\Warewolf.Auditing.csproj]
C:\Users\ultra\warewolf\Dev\Warewolf.Auditing\Drivers\AuditQueryableElastic.cs(360,33): warning CS0618: 'ElasticsearchClient.Search<TDocument>(SearchRequestDescriptor<TDocument>)' is obsolete: 'Synchronous methods are deprecated and could be removed in the future.' [C:\Users\ultra\warewolf\Dev\Warewolf.Auditing\Warewolf.Auditing.csproj]
C:\Users\ultra\warewolf\Dev\Warewolf.Auditing\Drivers\AuditQueryableElastic.cs(384,26): warning CS0618: 'ElasticsearchClient.Ping()' is obsolete: 'Synchronous methods are deprecated and could be removed in the future.' [C:\Users\ultra\warewolf\Dev\Warewolf.Auditing\Warewolf.Auditing.csproj]
C:\Users\ultra\warewolf\Dev\Warewolf.Core\InputsFromJson.cs(99,21): warning CC0105: Use 'var' instead of specifying the type name. (https://code-cracker.github.io/diagnostics/CC0105.html) [C:\Users\ultra\warewolf\Dev\Warewolf.Core\Warewolf.Core.csproj]
  Warewolf.Auditing -> C:\Users\ultra\warewolf\Dev\Warewolf.Auditing\bin\Debug\net8.0\Warewolf.Auditing.dll
  Warewolf.Core -> C:\Users\ultra\warewolf\Dev\Warewolf.Core\bin\Debug\net8.0\Warewolf.Core.dll
C:\Users\ultra\warewolf\Dev\Warewolf.Common.NetStandard20\Wrappers\WebRequestWrapper.cs(26,24): warning SYSLIB0014: 'WebRequest.Create(string)' is obsolete: 'WebRequest, HttpWebRequest, ServicePoint, and WebClient are obsolete. Use HttpClient instead.' (https://aka.ms/dotnet-warnings/SYSLIB0014) [C:\Users\ultra\warewolf\Dev\Warewolf.Common.NetStandard20\Warewolf.Common.NetStandard20.csproj]
C:\Users\ultra\warewolf\Dev\Warewolf.Common.NetStandard20\Wrappers\WebClientWrapper.cs(26,26): warning SYSLIB0014: 'WebClient.WebClient()' is obsolete: 'WebRequest, HttpWebRequest, ServicePoint, and WebClient are obsolete. Use HttpClient instead.' (https://aka.ms/dotnet-warnings/SYSLIB0014) [C:\Users\ultra\warewolf\Dev\Warewolf.Common.NetStandard20\Warewolf.Common.NetStandard20.csproj]
C:\Users\ultra\warewolf\Dev\Warewolf.Common.NetStandard20\Wrappers\WebClientWrapper.cs(31,26): warning SYSLIB0014: 'WebClient.WebClient()' is obsolete: 'WebRequest, HttpWebRequest, ServicePoint, and WebClient are obsolete. Use HttpClient instead.' (https://aka.ms/dotnet-warnings/SYSLIB0014) [C:\Users\ultra\warewolf\Dev\Warewolf.Common.NetStandard20\Warewolf.Common.NetStandard20.csproj]
  Warewolf.Common.NetStandard20 -> C:\Users\ultra\warewolf\Dev\Warewolf.Common.NetStandard20\bin\Debug\net8.0\Warewolf.Common.NetStandard20.dll
C:\Users\ultra\warewolf\Dev\Dev2.Runtime.Services\ServiceModel\ElasticsearchSources.cs(110,34): warning CS0618: 'ElasticsearchClient.Ping()' is obsolete: 'Synchronous methods are deprecated and could be removed in the future.' [C:\Users\ultra\warewolf\Dev\Dev2.Runtime.Services\Dev2.Runtime.Services.csproj]
C:\Users\ultra\warewolf\Dev\Dev2.Runtime.Services\ESB\Management\Services\FetchTestsAndTriggers.cs(45,17): warning CC0105: Use 'var' instead of specifying the type name. (https://code-cracker.github.io/diagnostics/CC0105.html) [C:\Users\ultra\warewolf\Dev\Dev2.Runtime.Services\Dev2.Runtime.Services.csproj]
C:\Users\ultra\warewolf\Dev\Dev2.Runtime.Services\UsageLogger.cs(66,33): warning CC0022: ManagementObjectSearcher should be disposed. (https://code-cracker.github.io/diagnostics/CC0022.html) [C:\Users\ultra\warewolf\Dev\Dev2.Runtime.Services\Dev2.Runtime.Services.csproj]
C:\Users\ultra\warewolf\Dev\Dev2.Runtime.Services\ServiceModel\WebSources.cs(532,7): warning CC0004: Empty Catch Block. (https://code-cracker.github.io/diagnostics/CC0004.html) [C:\Users\ultra\warewolf\Dev\Dev2.Runtime.Services\Dev2.Runtime.Services.csproj]
C:\Users\ultra\warewolf\Dev\Dev2.Runtime.Services\ServiceModel\WebSources.cs(751,38): warning CC0022: StringContent should be disposed. (https://code-cracker.github.io/diagnostics/CC0022.html) [C:\Users\ultra\warewolf\Dev\Dev2.Runtime.Services\Dev2.Runtime.Services.csproj]
C:\Users\ultra\warewolf\Dev\Dev2.Runtime.Services\ESB\Management\Services\TestChatbotSource.cs(44,17): warning CC0105: Use 'var' instead of specifying the type name. (https://code-cracker.github.io/diagnostics/CC0105.html) [C:\Users\ultra\warewolf\Dev\Dev2.Runtime.Services\Dev2.Runtime.Services.csproj]
C:\Users\ultra\warewolf\Dev\Dev2.Runtime.Services\ESB\Management\Services\TestChatbotSource.cs(45,17): warning CC0105: Use 'var' instead of specifying the type name. (https://code-cracker.github.io/diagnostics/CC0105.html) [C:\Users\ultra\warewolf\Dev\Dev2.Runtime.Services\Dev2.Runtime.Services.csproj]
C:\Users\ultra\warewolf\Dev\Dev2.Runtime.Services\ESB\Management\Services\ChatbotToolNormalizer.cs(80,17): warning CC0003: Consider adding an Exception to the catch. (https://code-cracker.github.io/diagnostics/CC0003.html) [C:\Users\ultra\warewolf\Dev\Dev2.Runtime.Services\Dev2.Runtime.Services.csproj]
C:\Users\ultra\warewolf\Dev\Dev2.Runtime.Services\ESB\Management\Services\ChatbotToolNormalizer.cs(101,21): warning CC0004: Empty Catch Block. (https://code-cracker.github.io/diagnostics/CC0004.html) [C:\Users\ultra\warewolf\Dev\Dev2.Runtime.Services\Dev2.Runtime.Services.csproj]
C:\Users\ultra\warewolf\Dev\Dev2.Runtime.Services\ESB\Management\Services\ChatbotToolNormalizer.cs(226,21): warning CC0105: Use 'var' instead of specifying the type name. (https://code-cracker.github.io/diagnostics/CC0105.html) [C:\Users\ultra\warewolf\Dev\Dev2.Runtime.Services\Dev2.Runtime.Services.csproj]
C:\Users\ultra\warewolf\Dev\Dev2.Runtime.Services\ESB\Management\Services\ChatbotToolNormalizer.cs(279,21): warning CC0105: Use 'var' instead of specifying the type name. (https://code-cracker.github.io/diagnostics/CC0105.html) [C:\Users\ultra\warewolf\Dev\Dev2.Runtime.Services\Dev2.Runtime.Services.csproj]
  Dev2.Runtime.Services -> C:\Users\ultra\warewolf\Dev\Dev2.Runtime.Services\bin\Debug\net8.0\Dev2.Runtime.Services.dll
C:\Users\ultra\warewolf\Dev\Warewolf.Driver.Persistence\Drivers\HangfireScheduler.cs(397,17): warning CA2200: Re-throwing caught exception changes stack information (https://learn.microsoft.com/dotnet/fundamentals/code-analysis/quality-rules/ca2200) [C:\Users\ultra\warewolf\Dev\Warewolf.Driver.Persistence\Warewolf.Driver.Persistence.csproj]
C:\Users\ultra\warewolf\Dev\Warewolf.Driver.Persistence\Drivers\HangfireScheduler.cs(376,17): warning CA2200: Re-throwing caught exception changes stack information (https://learn.microsoft.com/dotnet/fundamentals/code-analysis/quality-rules/ca2200) [C:\Users\ultra\warewolf\Dev\Warewolf.Driver.Persistence\Warewolf.Driver.Persistence.csproj]
C:\Users\ultra\warewolf\Dev\Warewolf.Driver.Persistence\Drivers\HangfireScheduler.cs(320,17): warning CA2200: Re-throwing caught exception changes stack information (https://learn.microsoft.com/dotnet/fundamentals/code-analysis/quality-rules/ca2200) [C:\Users\ultra\warewolf\Dev\Warewolf.Driver.Persistence\Warewolf.Driver.Persistence.csproj]
  Warewolf.Driver.Persistence -> C:\Users\ultra\warewolf\Dev\Warewolf.Driver.Persistence\bin\Debug\net8.0\Warewolf.Driver.Persistence.dll
  Dev2.Studio.Interfaces -> C:\Users\ultra\warewolf\Dev\Dev2.Studio.Interfaces\bin\Debug\net8.0\Dev2.Studio.Interfaces.dll
  Dev2.Services.Execution -> C:\Users\ultra\warewolf\Dev\Dev2.Services.Execution\bin\Debug\net8.0\Dev2.Services.Execution.dll
C:\Program Files\dotnet\sdk\10.0.201\Microsoft.Common.CurrentVersion.targets(2451,5): warning MSB3245: Could not resolve this reference. Could not locate the assembly "System.ServiceModel.Activities". Check to make sure the assembly exists on disk. If this reference is required by your code, you may get compilation errors. [C:\Users\ultra\warewolf\Dev\Dev2.Activities\Dev2.Activities.csproj]
C:\Program Files\dotnet\sdk\10.0.201\Microsoft.Common.CurrentVersion.targets(2451,5): warning MSB3277: Found conflicts between different versions of "Microsoft.Win32.SystemEvents" that could not be resolved. [C:\Users\ultra\warewolf\Dev\Warewolf.Studio.Core\Warewolf.Studio.Core.csproj]
C:\Program Files\dotnet\sdk\10.0.201\Microsoft.Common.CurrentVersion.targets(2451,5): warning MSB3277: There was a conflict between "Microsoft.Win32.SystemEvents, Version=6.0.0.0, Culture=neutral, PublicKeyToken=cc7b13ffcd2ddd51" and "Microsoft.Win32.SystemEvents, Version=7.0.0.0, Culture=neutral, PublicKeyToken=cc7b13ffcd2ddd51". [C:\Users\ultra\warewolf\Dev\Warewolf.Studio.Core\Warewolf.Studio.Core.csproj]
C:\Program Files\dotnet\sdk\10.0.201\Microsoft.Common.CurrentVersion.targets(2451,5): warning MSB3277:     "Microsoft.Win32.SystemEvents, Version=6.0.0.0, Culture=neutral, PublicKeyToken=cc7b13ffcd2ddd51" was chosen because it was primary and "Microsoft.Win32.SystemEvents, Version=7.0.0.0, Culture=neutral, PublicKeyToken=cc7b13ffcd2ddd51" was not. [C:\Users\ultra\warewolf\Dev\Warewolf.Studio.Core\Warewolf.Studio.Core.csproj]
C:\Program Files\dotnet\sdk\10.0.201\Microsoft.Common.CurrentVersion.targets(2451,5): warning MSB3277:     References which depend on "Microsoft.Win32.SystemEvents, Version=6.0.0.0, Culture=neutral, PublicKeyToken=cc7b13ffcd2ddd51" [C:\Users\ultra\.nuget\packages\microsoft.win32.systemevents\6.0.0\lib\net6.0\Microsoft.Win32.SystemEvents.dll]. [C:\Users\ultra\warewolf\Dev\Warewolf.Studio.Core\Warewolf.Studio.Core.csproj]
C:\Program Files\dotnet\sdk\10.0.201\Microsoft.Common.CurrentVersion.targets(2451,5): warning MSB3277:         C:\Users\ultra\.nuget\packages\microsoft.win32.systemevents\6.0.0\lib\net6.0\Microsoft.Win32.SystemEvents.dll [C:\Users\ultra\warewolf\Dev\Warewolf.Studio.Core\Warewolf.Studio.Core.csproj]
C:\Program Files\dotnet\sdk\10.0.201\Microsoft.Common.CurrentVersion.targets(2451,5): warning MSB3277:           Project file item includes which caused reference "C:\Users\ultra\.nuget\packages\microsoft.win32.systemevents\6.0.0\lib\net6.0\Microsoft.Win32.SystemEvents.dll". [C:\Users\ultra\warewolf\Dev\Warewolf.Studio.Core\Warewolf.Studio.Core.csproj]
C:\Program Files\dotnet\sdk\10.0.201\Microsoft.Common.CurrentVersion.targets(2451,5): warning MSB3277:             C:\Users\ultra\.nuget\packages\microsoft.win32.systemevents\6.0.0\lib\net6.0\Microsoft.Win32.SystemEvents.dll [C:\Users\ultra\warewolf\Dev\Warewolf.Studio.Core\Warewolf.Studio.Core.csproj]
C:\Program Files\dotnet\sdk\10.0.201\Microsoft.Common.CurrentVersion.targets(2451,5): warning MSB3277:     References which depend on or have been unified to "Microsoft.Win32.SystemEvents, Version=7.0.0.0, Culture=neutral, PublicKeyToken=cc7b13ffcd2ddd51" []. [C:\Users\ultra\warewolf\Dev\Warewolf.Studio.Core\Warewolf.Studio.Core.csproj]
C:\Program Files\dotnet\sdk\10.0.201\Microsoft.Common.CurrentVersion.targets(2451,5): warning MSB3277:         C:\Users\ultra\warewolf\Dev\Dev2.Common\bin\Debug\net8.0\Dev2.Common.dll [C:\Users\ultra\warewolf\Dev\Warewolf.Studio.Core\Warewolf.Studio.Core.csproj]
C:\Program Files\dotnet\sdk\10.0.201\Microsoft.Common.CurrentVersion.targets(2451,5): warning MSB3277:           Project file item includes which caused reference "C:\Users\ultra\warewolf\Dev\Dev2.Common\bin\Debug\net8.0\Dev2.Common.dll". [C:\Users\ultra\warewolf\Dev\Warewolf.Studio.Core\Warewolf.Studio.Core.csproj]
C:\Program Files\dotnet\sdk\10.0.201\Microsoft.Common.CurrentVersion.targets(2451,5): warning MSB3277:             C:\Users\ultra\warewolf\Dev\Dev2.Common\bin\Debug\net8.0\Dev2.Common.dll [C:\Users\ultra\warewolf\Dev\Warewolf.Studio.Core\Warewolf.Studio.Core.csproj]
C:\Program Files\dotnet\sdk\10.0.201\Microsoft.Common.CurrentVersion.targets(2451,5): warning MSB3277:             C:\Users\ultra\warewolf\Dev\Dev2.Core\bin\Debug\net8.0\Dev2.Core.dll [C:\Users\ultra\warewolf\Dev\Warewolf.Studio.Core\Warewolf.Studio.Core.csproj]
C:\Program Files\dotnet\sdk\10.0.201\Microsoft.Common.CurrentVersion.targets(2451,5): warning MSB3277:             C:\Users\ultra\warewolf\Dev\Dev2.Infrastructure\bin\Debug\net8.0\Dev2.Infrastructure.dll [C:\Users\ultra\warewolf\Dev\Warewolf.Studio.Core\Warewolf.Studio.Core.csproj]
C:\Program Files\dotnet\sdk\10.0.201\Microsoft.Common.CurrentVersion.targets(2451,5): warning MSB3277:             C:\Users\ultra\warewolf\Dev\Dev2.Studio.Interfaces\bin\Debug\net8.0\Dev2.Studio.Interfaces.dll [C:\Users\ultra\warewolf\Dev\Warewolf.Studio.Core\Warewolf.Studio.Core.csproj]
C:\Program Files\dotnet\sdk\10.0.201\Microsoft.Common.CurrentVersion.targets(2451,5): warning MSB3277:             C:\Users\ultra\warewolf\Dev\Dev2.Data\bin\Debug\net8.0\Dev2.Data.dll [C:\Users\ultra\warewolf\Dev\Warewolf.Studio.Core\Warewolf.Studio.Core.csproj]
C:\Program Files\dotnet\sdk\10.0.201\Microsoft.Common.CurrentVersion.targets(2451,5): warning MSB3277:             C:\Users\ultra\warewolf\Dev\Dev2.Diagnostics\bin\Debug\net8.0\Dev2.Diagnostics.dll [C:\Users\ultra\warewolf\Dev\Warewolf.Studio.Core\Warewolf.Studio.Core.csproj]
C:\Program Files\dotnet\sdk\10.0.201\Microsoft.Common.CurrentVersion.targets(2451,5): warning MSB3277:             C:\Users\ultra\warewolf\Dev\Dev2.Runtime.Services\bin\Debug\net8.0\Dev2.Runtime.Services.dll [C:\Users\ultra\warewolf\Dev\Warewolf.Studio.Core\Warewolf.Studio.Core.csproj]
C:\Program Files\dotnet\sdk\10.0.201\Microsoft.Common.CurrentVersion.targets(2451,5): warning MSB3277:             C:\Users\ultra\warewolf\Dev\Dev2.Scheduler\bin\Debug\net8.0\Dev2.Scheduler.dll [C:\Users\ultra\warewolf\Dev\Warewolf.Studio.Core\Warewolf.Studio.Core.csproj]
C:\Program Files\dotnet\sdk\10.0.201\Microsoft.Common.CurrentVersion.targets(2451,5): warning MSB3277:             C:\Users\ultra\warewolf\Dev\Dev2.Services.Sql\bin\Debug\net8.0\Dev2.Services.Sql.dll [C:\Users\ultra\warewolf\Dev\Warewolf.Studio.Core\Warewolf.Studio.Core.csproj]
C:\Program Files\dotnet\sdk\10.0.201\Microsoft.Common.CurrentVersion.targets(2451,5): warning MSB3277:             C:\Users\ultra\warewolf\Dev\Dev2.TaskScheduler.Wrappers\bin\Debug\net8.0\Dev2.TaskScheduler.Wrappers.dll [C:\Users\ultra\warewolf\Dev\Warewolf.Studio.Core\Warewolf.Studio.Core.csproj]
C:\Program Files\dotnet\sdk\10.0.201\Microsoft.Common.CurrentVersion.targets(2451,5): warning MSB3277:             C:\Users\ultra\warewolf\Dev\Dev2.Util\bin\Debug\net8.0\Dev2.Util.dll [C:\Users\ultra\warewolf\Dev\Warewolf.Studio.Core\Warewolf.Studio.Core.csproj]
C:\Program Files\dotnet\sdk\10.0.201\Microsoft.Common.CurrentVersion.targets(2451,5): warning MSB3277:             C:\Users\ultra\warewolf\Dev\Warewolf.AI.Harness\bin\Debug\net8.0\Warewolf.AI.Harness.dll [C:\Users\ultra\warewolf\Dev\Warewolf.Studio.Core\Warewolf.Studio.Core.csproj]
C:\Program Files\dotnet\sdk\10.0.201\Microsoft.Common.CurrentVersion.targets(2451,5): warning MSB3277:             C:\Users\ultra\warewolf\Dev\Warewolf.Auditing\bin\Debug\net8.0\Warewolf.Auditing.dll [C:\Users\ultra\warewolf\Dev\Warewolf.Studio.Core\Warewolf.Studio.Core.csproj]
C:\Program Files\dotnet\sdk\10.0.201\Microsoft.Common.CurrentVersion.targets(2451,5): warning MSB3277:             C:\Users\ultra\warewolf\Dev\Warewolf.Common.NetStandard20\bin\Debug\net8.0\Warewolf.Common.NetStandard20.dll [C:\Users\ultra\warewolf\Dev\Warewolf.Studio.Core\Warewolf.Studio.Core.csproj]
C:\Program Files\dotnet\sdk\10.0.201\Microsoft.Common.CurrentVersion.targets(2451,5): warning MSB3277:             C:\Users\ultra\warewolf\Dev\Warewolf.Core\bin\Debug\net8.0\Warewolf.Core.dll [C:\Users\ultra\warewolf\Dev\Warewolf.Studio.Core\Warewolf.Studio.Core.csproj]
C:\Program Files\dotnet\sdk\10.0.201\Microsoft.Common.CurrentVersion.targets(2451,5): warning MSB3277:             C:\Users\ultra\warewolf\Dev\Warewolf.Driver.Serilog\bin\Debug\net8.0\Warewolf.Driver.Serilog.dll [C:\Users\ultra\warewolf\Dev\Warewolf.Studio.Core\Warewolf.Studio.Core.csproj]
C:\Program Files\dotnet\sdk\10.0.201\Microsoft.Common.CurrentVersion.targets(2451,5): warning MSB3277:             C:\Users\ultra\warewolf\Dev\Warewolf.ResourceManagement\bin\Debug\net8.0\Warewolf.ResourceManagement.dll [C:\Users\ultra\warewolf\Dev\Warewolf.Studio.Core\Warewolf.Studio.Core.csproj]
C:\Program Files\dotnet\sdk\10.0.201\Microsoft.Common.CurrentVersion.targets(2451,5): warning MSB3277:             C:\Users\ultra\warewolf\Dev\Warewolf.Sharepoint\bin\Debug\net8.0\Warewolf.Sharepoint.dll [C:\Users\ultra\warewolf\Dev\Warewolf.Studio.Core\Warewolf.Studio.Core.csproj]
C:\Program Files\dotnet\sdk\10.0.201\Microsoft.Common.CurrentVersion.targets(2451,5): warning MSB3277:             C:\Users\ultra\warewolf\Dev\Warewolf.Storage\bin\Debug\net8.0\Warewolf.Storage.dll [C:\Users\ultra\warewolf\Dev\Warewolf.Studio.Core\Warewolf.Studio.Core.csproj]
C:\Program Files\dotnet\sdk\10.0.201\Microsoft.Common.CurrentVersion.targets(2451,5): warning MSB3277:         C:\Users\ultra\warewolf\Dev\Binaries\Infragistcs_Net6\InfragisticsWPF4.v15.1.dll [C:\Users\ultra\warewolf\Dev\Warewolf.Studio.Core\Warewolf.Studio.Core.csproj]
C:\Program Files\dotnet\sdk\10.0.201\Microsoft.Common.CurrentVersion.targets(2451,5): warning MSB3277:           Project file item includes which caused reference "C:\Users\ultra\warewolf\Dev\Binaries\Infragistcs_Net6\InfragisticsWPF4.v15.1.dll". [C:\Users\ultra\warewolf\Dev\Warewolf.Studio.Core\Warewolf.Studio.Core.csproj]
C:\Program Files\dotnet\sdk\10.0.201\Microsoft.Common.CurrentVersion.targets(2451,5): warning MSB3277:             InfragisticsWPF4.v15.1, Version=15.1.20151.2055, Culture=neutral, PublicKeyToken=7dd5c3163f2cd0cb, processorArchitecture=MSIL [C:\Users\ultra\warewolf\Dev\Warewolf.Studio.Core\Warewolf.Studio.Core.csproj]
C:\Program Files\dotnet\sdk\10.0.201\Microsoft.Common.CurrentVersion.targets(2451,5): warning MSB3277:             InfragisticsWPF4.Controls.Menus.XamDataTree.v15.1, Version=15.1.20151.2055, Culture=neutral, PublicKeyToken=7dd5c3163f2cd0cb, processorArchitecture=MSIL [C:\Users\ultra\warewolf\Dev\Warewolf.Studio.Core\Warewolf.Studio.Core.csproj]
C:\Program Files\dotnet\sdk\10.0.201\Microsoft.Common.CurrentVersion.targets(2451,5): warning MSB3277:             InfragisticsWPF4.DataManager.v15.1, Version=15.1.20151.2055, Culture=neutral, PublicKeyToken=7dd5c3163f2cd0cb, processorArchitecture=MSIL [C:\Users\ultra\warewolf\Dev\Warewolf.Studio.Core\Warewolf.Studio.Core.csproj]
C:\Program Files\dotnet\sdk\10.0.201\Microsoft.Common.CurrentVersion.targets(2451,5): warning MSB3277:             InfragisticsWPF4.DockManager.v15.1, Version=15.1.20151.2055, Culture=neutral, PublicKeyToken=7dd5c3163f2cd0cb, processorArchitecture=MSIL [C:\Users\ultra\warewolf\Dev\Warewolf.Studio.Core\Warewolf.Studio.Core.csproj]
C:\Program Files\dotnet\sdk\10.0.201\Microsoft.Common.CurrentVersion.targets(2451,5): warning MSB3277:         C:\Users\ultra\.nuget\packages\timespan2\2.4.2\lib\netcoreapp3.1\TimeSpan2.dll [C:\Users\ultra\warewolf\Dev\Warewolf.Studio.Core\Warewolf.Studio.Core.csproj]
C:\Program Files\dotnet\sdk\10.0.201\Microsoft.Common.CurrentVersion.targets(2451,5): warning MSB3277:           Project file item includes which caused reference "C:\Users\ultra\.nuget\packages\timespan2\2.4.2\lib\netcoreapp3.1\TimeSpan2.dll". [C:\Users\ultra\warewolf\Dev\Warewolf.Studio.Core\Warewolf.Studio.Core.csproj]
C:\Program Files\dotnet\sdk\10.0.201\Microsoft.Common.CurrentVersion.targets(2451,5): warning MSB3277:             C:\Users\ultra\.nuget\packages\timespan2\2.4.2\lib\netcoreapp3.1\TimeSpan2.dll [C:\Users\ultra\warewolf\Dev\Warewolf.Studio.Core\Warewolf.Studio.Core.csproj]
C:\Program Files\dotnet\sdk\10.0.201\Microsoft.Common.CurrentVersion.targets(2451,5): warning MSB3277:             C:\Users\ultra\.nuget\packages\taskschedulereditor\2.10.1\lib\net452\Microsoft.Win32.TaskSchedulerEditor.dll [C:\Users\ultra\warewolf\Dev\Warewolf.Studio.Core\Warewolf.Studio.Core.csproj]
C:\Program Files\dotnet\sdk\10.0.201\Microsoft.Common.CurrentVersion.targets(2451,5): warning MSB3277:         C:\Program Files\dotnet\packs\Microsoft.NETCore.App.Ref\8.0.25\ref\net8.0\System.dll [C:\Users\ultra\warewolf\Dev\Warewolf.Studio.Core\Warewolf.Studio.Core.csproj]
C:\Program Files\dotnet\sdk\10.0.201\Microsoft.Common.CurrentVersion.targets(2451,5): warning MSB3277:           Project file item includes which caused reference "C:\Program Files\dotnet\packs\Microsoft.NETCore.App.Ref\8.0.25\ref\net8.0\System.dll". [C:\Users\ultra\warewolf\Dev\Warewolf.Studio.Core\Warewolf.Studio.Core.csproj]
C:\Program Files\dotnet\sdk\10.0.201\Microsoft.Common.CurrentVersion.targets(2451,5): warning MSB3277:             C:\Program Files\dotnet\packs\Microsoft.NETCore.App.Ref\8.0.25\ref/net8.0/System.dll [C:\Users\ultra\warewolf\Dev\Warewolf.Studio.Core\Warewolf.Studio.Core.csproj]
C:\Program Files\dotnet\sdk\10.0.201\Microsoft.Common.CurrentVersion.targets(2451,5): warning MSB3277:             C:\Users\ultra\.nuget\packages\aerowizard\2.3.1\lib\net45\AeroWizard.dll [C:\Users\ultra\warewolf\Dev\Warewolf.Studio.Core\Warewolf.Studio.Core.csproj]
C:\Program Files\dotnet\sdk\10.0.201\Microsoft.Common.CurrentVersion.targets(2451,5): warning MSB3277:             C:\Users\ultra\.nuget\packages\groupcontrols\1.9.0\lib\net45\GroupControls.dll [C:\Users\ultra\warewolf\Dev\Warewolf.Studio.Core\Warewolf.Studio.Core.csproj]
C:\Program Files\dotnet\sdk\10.0.201\Microsoft.Common.CurrentVersion.targets(2451,5): warning MSB3277:             C:\Users\ultra\.nuget\packages\microsoft.xaml.behaviors.wpf\1.1.122\lib\net462\Microsoft.Xaml.Behaviors.dll [C:\Users\ultra\warewolf\Dev\Warewolf.Studio.Core\Warewolf.Studio.Core.csproj]
C:\Program Files\dotnet\sdk\10.0.201\Microsoft.Common.CurrentVersion.targets(2451,5): warning MSB3277:             C:\Users\ultra\.nuget\packages\caliburn.micro\4.0.212\lib\netcoreapp3.1\Caliburn.Micro.Platform.dll [C:\Users\ultra\warewolf\Dev\Warewolf.Studio.Core\Warewolf.Studio.Core.csproj]
C:\Program Files\dotnet\sdk\10.0.201\Microsoft.Common.CurrentVersion.targets(2451,5): warning MSB3277:             C:\Users\ultra\.nuget\packages\prism.wpf\9.0.537\lib\net462\Prism.Wpf.dll [C:\Users\ultra\warewolf\Dev\Warewolf.Studio.Core\Warewolf.Studio.Core.csproj]
C:\Program Files\dotnet\sdk\10.0.201\Microsoft.Common.CurrentVersion.targets(2451,5): warning MSB3277:             C:\Users\ultra\.nuget\packages\reactiveui.wpf\18.4.1\lib\net462\ReactiveUI.Wpf.dll [C:\Users\ultra\warewolf\Dev\Warewolf.Studio.Core\Warewolf.Studio.Core.csproj]
C:\Program Files\dotnet\sdk\10.0.201\Microsoft.Common.CurrentVersion.targets(2451,5): warning MSB3277:             C:\Users\ultra\.nuget\packages\taskschedulereditor\2.10.1\lib\net452\Microsoft.Win32.TaskSchedulerEditor.dll [C:\Users\ultra\warewolf\Dev\Warewolf.Studio.Core\Warewolf.Studio.Core.csproj]
C:\Program Files\dotnet\sdk\10.0.201\Microsoft.Common.CurrentVersion.targets(2451,5): warning MSB3277:             C:\Users\ultra\.nuget\packages\ttcue.netcore.sharepointonline.csom.16.1.8029.1200\16.1.8029.1200\lib\netcoreapp2.0\Microsoft.SharePoint.Client.Runtime.Windows.dll [C:\Users\ultra\warewolf\Dev\Warewolf.Studio.Core\Warewolf.Studio.Core.csproj]
C:\Program Files\dotnet\sdk\10.0.201\Microsoft.Common.CurrentVersion.targets(2451,5): warning MSB3277: Found conflicts between different versions of "System.Security.Permissions" that could not be resolved. [C:\Users\ultra\warewolf\Dev\Warewolf.Studio.Core\Warewolf.Studio.Core.csproj]
C:\Program Files\dotnet\sdk\10.0.201\Microsoft.Common.CurrentVersion.targets(2451,5): warning MSB3277: There was a conflict between "System.Security.Permissions, Version=6.0.0.0, Culture=neutral, PublicKeyToken=cc7b13ffcd2ddd51" and "System.Security.Permissions, Version=7.0.0.0, Culture=neutral, PublicKeyToken=cc7b13ffcd2ddd51". [C:\Users\ultra\warewolf\Dev\Warewolf.Studio.Core\Warewolf.Studio.Core.csproj]
C:\Program Files\dotnet\sdk\10.0.201\Microsoft.Common.CurrentVersion.targets(2451,5): warning MSB3277:     "System.Security.Permissions, Version=6.0.0.0, Culture=neutral, PublicKeyToken=cc7b13ffcd2ddd51" was chosen because it was primary and "System.Security.Permissions, Version=7.0.0.0, Culture=neutral, PublicKeyToken=cc7b13ffcd2ddd51" was not. [C:\Users\ultra\warewolf\Dev\Warewolf.Studio.Core\Warewolf.Studio.Core.csproj]
C:\Program Files\dotnet\sdk\10.0.201\Microsoft.Common.CurrentVersion.targets(2451,5): warning MSB3277:     References which depend on "System.Security.Permissions, Version=6.0.0.0, Culture=neutral, PublicKeyToken=cc7b13ffcd2ddd51" [C:\Users\ultra\.nuget\packages\system.security.permissions\6.0.0\lib\net6.0\System.Security.Permissions.dll]. [C:\Users\ultra\warewolf\Dev\Warewolf.Studio.Core\Warewolf.Studio.Core.csproj]
C:\Program Files\dotnet\sdk\10.0.201\Microsoft.Common.CurrentVersion.targets(2451,5): warning MSB3277:         C:\Users\ultra\.nuget\packages\system.security.permissions\6.0.0\lib\net6.0\System.Security.Permissions.dll [C:\Users\ultra\warewolf\Dev\Warewolf.Studio.Core\Warewolf.Studio.Core.csproj]
C:\Program Files\dotnet\sdk\10.0.201\Microsoft.Common.CurrentVersion.targets(2451,5): warning MSB3277:           Project file item includes which caused reference "C:\Users\ultra\.nuget\packages\system.security.permissions\6.0.0\lib\net6.0\System.Security.Permissions.dll". [C:\Users\ultra\warewolf\Dev\Warewolf.Studio.Core\Warewolf.Studio.Core.csproj]
C:\Program Files\dotnet\sdk\10.0.201\Microsoft.Common.CurrentVersion.targets(2451,5): warning MSB3277:             C:\Users\ultra\.nuget\packages\system.security.permissions\6.0.0\lib\net6.0\System.Security.Permissions.dll [C:\Users\ultra\warewolf\Dev\Warewolf.Studio.Core\Warewolf.Studio.Core.csproj]
C:\Program Files\dotnet\sdk\10.0.201\Microsoft.Common.CurrentVersion.targets(2451,5): warning MSB3277:     References which depend on or have been unified to "System.Security.Permissions, Version=7.0.0.0, Culture=neutral, PublicKeyToken=cc7b13ffcd2ddd51" []. [C:\Users\ultra\warewolf\Dev\Warewolf.Studio.Core\Warewolf.Studio.Core.csproj]
C:\Program Files\dotnet\sdk\10.0.201\Microsoft.Common.CurrentVersion.targets(2451,5): warning MSB3277:         C:\Users\ultra\warewolf\Dev\Dev2.Data\bin\Debug\net8.0\Dev2.Data.dll [C:\Users\ultra\warewolf\Dev\Warewolf.Studio.Core\Warewolf.Studio.Core.csproj]
C:\Program Files\dotnet\sdk\10.0.201\Microsoft.Common.CurrentVersion.targets(2451,5): warning MSB3277:           Project file item includes which caused reference "C:\Users\ultra\warewolf\Dev\Dev2.Data\bin\Debug\net8.0\Dev2.Data.dll". [C:\Users\ultra\warewolf\Dev\Warewolf.Studio.Core\Warewolf.Studio.Core.csproj]
C:\Program Files\dotnet\sdk\10.0.201\Microsoft.Common.CurrentVersion.targets(2451,5): warning MSB3277:             C:\Users\ultra\warewolf\Dev\Dev2.Data\bin\Debug\net8.0\Dev2.Data.dll [C:\Users\ultra\warewolf\Dev\Warewolf.Studio.Core\Warewolf.Studio.Core.csproj]
C:\Program Files\dotnet\sdk\10.0.201\Microsoft.Common.CurrentVersion.targets(2451,5): warning MSB3277:             C:\Users\ultra\warewolf\Dev\Dev2.Core\bin\Debug\net8.0\Dev2.Core.dll [C:\Users\ultra\warewolf\Dev\Warewolf.Studio.Core\Warewolf.Studio.Core.csproj]
C:\Program Files\dotnet\sdk\10.0.201\Microsoft.Common.CurrentVersion.targets(2451,5): warning MSB3277:             C:\Users\ultra\warewolf\Dev\Dev2.Studio.Interfaces\bin\Debug\net8.0\Dev2.Studio.Interfaces.dll [C:\Users\ultra\warewolf\Dev\Warewolf.Studio.Core\Warewolf.Studio.Core.csproj]
C:\Program Files\dotnet\sdk\10.0.201\Microsoft.Common.CurrentVersion.targets(2451,5): warning MSB3277:             C:\Users\ultra\warewolf\Dev\Dev2.Runtime.Services\bin\Debug\net8.0\Dev2.Runtime.Services.dll [C:\Users\ultra\warewolf\Dev\Warewolf.Studio.Core\Warewolf.Studio.Core.csproj]
C:\Program Files\dotnet\sdk\10.0.201\Microsoft.Common.CurrentVersion.targets(2451,5): warning MSB3277:             C:\Users\ultra\warewolf\Dev\Dev2.Scheduler\bin\Debug\net8.0\Dev2.Scheduler.dll [C:\Users\ultra\warewolf\Dev\Warewolf.Studio.Core\Warewolf.Studio.Core.csproj]
C:\Program Files\dotnet\sdk\10.0.201\Microsoft.Common.CurrentVersion.targets(2451,5): warning MSB3277:             C:\Users\ultra\warewolf\Dev\Warewolf.Auditing\bin\Debug\net8.0\Warewolf.Auditing.dll [C:\Users\ultra\warewolf\Dev\Warewolf.Studio.Core\Warewolf.Studio.Core.csproj]
C:\Program Files\dotnet\sdk\10.0.201\Microsoft.Common.CurrentVersion.targets(2451,5): warning MSB3277:             C:\Users\ultra\warewolf\Dev\Warewolf.Common.NetStandard20\bin\Debug\net8.0\Warewolf.Common.NetStandard20.dll [C:\Users\ultra\warewolf\Dev\Warewolf.Studio.Core\Warewolf.Studio.Core.csproj]
C:\Program Files\dotnet\sdk\10.0.201\Microsoft.Common.CurrentVersion.targets(2451,5): warning MSB3277:             C:\Users\ultra\warewolf\Dev\Warewolf.Core\bin\Debug\net8.0\Warewolf.Core.dll [C:\Users\ultra\warewolf\Dev\Warewolf.Studio.Core\Warewolf.Studio.Core.csproj]
C:\Program Files\dotnet\sdk\10.0.201\Microsoft.Common.CurrentVersion.targets(2451,5): warning MSB3277:             C:\Users\ultra\warewolf\Dev\Warewolf.ResourceManagement\bin\Debug\net8.0\Warewolf.ResourceManagement.dll [C:\Users\ultra\warewolf\Dev\Warewolf.Studio.Core\Warewolf.Studio.Core.csproj]
C:\Program Files\dotnet\sdk\10.0.201\Microsoft.Common.CurrentVersion.targets(2451,5): warning MSB3277:         C:\Users\ultra\warewolf\Dev\Binaries\Infragistcs_Net6\InfragisticsWPF4.DockManager.v15.1.dll [C:\Users\ultra\warewolf\Dev\Warewolf.Studio.Core\Warewolf.Studio.Core.csproj]
C:\Program Files\dotnet\sdk\10.0.201\Microsoft.Common.CurrentVersion.targets(2451,5): warning MSB3277:           Project file item includes which caused reference "C:\Users\ultra\warewolf\Dev\Binaries\Infragistcs_Net6\InfragisticsWPF4.DockManager.v15.1.dll". [C:\Users\ultra\warewolf\Dev\Warewolf.Studio.Core\Warewolf.Studio.Core.csproj]
C:\Program Files\dotnet\sdk\10.0.201\Microsoft.Common.CurrentVersion.targets(2451,5): warning MSB3277:             InfragisticsWPF4.DockManager.v15.1, Version=15.1.20151.2055, Culture=neutral, PublicKeyToken=7dd5c3163f2cd0cb, processorArchitecture=MSIL [C:\Users\ultra\warewolf\Dev\Warewolf.Studio.Core\Warewolf.Studio.Core.csproj]
C:\Program Files\dotnet\sdk\10.0.201\Microsoft.Common.CurrentVersion.targets(2451,5): warning MSB3277:         C:\Users\ultra\warewolf\Dev\Binaries\Infragistcs_Net6\InfragisticsWPF4.v15.1.dll [C:\Users\ultra\warewolf\Dev\Warewolf.Studio.Core\Warewolf.Studio.Core.csproj]
C:\Program Files\dotnet\sdk\10.0.201\Microsoft.Common.CurrentVersion.targets(2451,5): warning MSB3277:           Project file item includes which caused reference "C:\Users\ultra\warewolf\Dev\Binaries\Infragistcs_Net6\InfragisticsWPF4.v15.1.dll". [C:\Users\ultra\warewolf\Dev\Warewolf.Studio.Core\Warewolf.Studio.Core.csproj]
C:\Program Files\dotnet\sdk\10.0.201\Microsoft.Common.CurrentVersion.targets(2451,5): warning MSB3277:             InfragisticsWPF4.v15.1, Version=15.1.20151.2055, Culture=neutral, PublicKeyToken=7dd5c3163f2cd0cb, processorArchitecture=MSIL [C:\Users\ultra\warewolf\Dev\Warewolf.Studio.Core\Warewolf.Studio.Core.csproj]
C:\Program Files\dotnet\sdk\10.0.201\Microsoft.Common.CurrentVersion.targets(2451,5): warning MSB3277:             InfragisticsWPF4.Controls.Menus.XamDataTree.v15.1, Version=15.1.20151.2055, Culture=neutral, PublicKeyToken=7dd5c3163f2cd0cb, processorArchitecture=MSIL [C:\Users\ultra\warewolf\Dev\Warewolf.Studio.Core\Warewolf.Studio.Core.csproj]
C:\Program Files\dotnet\sdk\10.0.201\Microsoft.Common.CurrentVersion.targets(2451,5): warning MSB3277:             InfragisticsWPF4.DataManager.v15.1, Version=15.1.20151.2055, Culture=neutral, PublicKeyToken=7dd5c3163f2cd0cb, processorArchitecture=MSIL [C:\Users\ultra\warewolf\Dev\Warewolf.Studio.Core\Warewolf.Studio.Core.csproj]
C:\Program Files\dotnet\sdk\10.0.201\Microsoft.Common.CurrentVersion.targets(2451,5): warning MSB3277:             InfragisticsWPF4.DockManager.v15.1, Version=15.1.20151.2055, Culture=neutral, PublicKeyToken=7dd5c3163f2cd0cb, processorArchitecture=MSIL [C:\Users\ultra\warewolf\Dev\Warewolf.Studio.Core\Warewolf.Studio.Core.csproj]
C:\Program Files\dotnet\sdk\10.0.201\Microsoft.Common.CurrentVersion.targets(2451,5): warning MSB3277:         C:\Users\ultra\.nuget\packages\dotnetzip\1.16.0\lib\netstandard2.0\DotNetZip.dll [C:\Users\ultra\warewolf\Dev\Warewolf.Studio.Core\Warewolf.Studio.Core.csproj]
C:\Program Files\dotnet\sdk\10.0.201\Microsoft.Common.CurrentVersion.targets(2451,5): warning MSB3277:           Project file item includes which caused reference "C:\Users\ultra\.nuget\packages\dotnetzip\1.16.0\lib\netstandard2.0\DotNetZip.dll". [C:\Users\ultra\warewolf\Dev\Warewolf.Studio.Core\Warewolf.Studio.Core.csproj]
C:\Program Files\dotnet\sdk\10.0.201\Microsoft.Common.CurrentVersion.targets(2451,5): warning MSB3277:             C:\Users\ultra\.nuget\packages\dotnetzip\1.16.0\lib\netstandard2.0\DotNetZip.dll [C:\Users\ultra\warewolf\Dev\Warewolf.Studio.Core\Warewolf.Studio.Core.csproj]
C:\Program Files\dotnet\sdk\10.0.201\Microsoft.Common.CurrentVersion.targets(2451,5): warning MSB3277:             C:\Users\ultra\warewolf\Dev\Dev2.Common\bin\Debug\net8.0\Dev2.Common.dll [C:\Users\ultra\warewolf\Dev\Warewolf.Studio.Core\Warewolf.Studio.Core.csproj]
C:\Program Files\dotnet\sdk\10.0.201\Microsoft.Common.CurrentVersion.targets(2451,5): warning MSB3277:             C:\Users\ultra\warewolf\Dev\Dev2.Core\bin\Debug\net8.0\Dev2.Core.dll [C:\Users\ultra\warewolf\Dev\Warewolf.Studio.Core\Warewolf.Studio.Core.csproj]
C:\Program Files\dotnet\sdk\10.0.201\Microsoft.Common.CurrentVersion.targets(2451,5): warning MSB3277:             C:\Users\ultra\warewolf\Dev\Dev2.Infrastructure\bin\Debug\net8.0\Dev2.Infrastructure.dll [C:\Users\ultra\warewolf\Dev\Warewolf.Studio.Core\Warewolf.Studio.Core.csproj]
C:\Program Files\dotnet\sdk\10.0.201\Microsoft.Common.CurrentVersion.targets(2451,5): warning MSB3277:             C:\Users\ultra\warewolf\Dev\Dev2.Studio.Interfaces\bin\Debug\net8.0\Dev2.Studio.Interfaces.dll [C:\Users\ultra\warewolf\Dev\Warewolf.Studio.Core\Warewolf.Studio.Core.csproj]
C:\Program Files\dotnet\sdk\10.0.201\Microsoft.Common.CurrentVersion.targets(2451,5): warning MSB3277:             C:\Users\ultra\warewolf\Dev\Dev2.Data\bin\Debug\net8.0\Dev2.Data.dll [C:\Users\ultra\warewolf\Dev\Warewolf.Studio.Core\Warewolf.Studio.Core.csproj]
C:\Program Files\dotnet\sdk\10.0.201\Microsoft.Common.CurrentVersion.targets(2451,5): warning MSB3277:             C:\Users\ultra\warewolf\Dev\Dev2.Data.Interfaces\bin\Debug\net8.0\Dev2.Data.Interfaces.dll [C:\Users\ultra\warewolf\Dev\Warewolf.Studio.Core\Warewolf.Studio.Core.csproj]
C:\Program Files\dotnet\sdk\10.0.201\Microsoft.Common.CurrentVersion.targets(2451,5): warning MSB3277:             C:\Users\ultra\warewolf\Dev\Dev2.Diagnostics\bin\Debug\net8.0\Dev2.Diagnostics.dll [C:\Users\ultra\warewolf\Dev\Warewolf.Studio.Core\Warewolf.Studio.Core.csproj]
C:\Program Files\dotnet\sdk\10.0.201\Microsoft.Common.CurrentVersion.targets(2451,5): warning MSB3277:             C:\Users\ultra\warewolf\Dev\Dev2.Runtime.Services\bin\Debug\net8.0\Dev2.Runtime.Services.dll [C:\Users\ultra\warewolf\Dev\Warewolf.Studio.Core\Warewolf.Studio.Core.csproj]
C:\Program Files\dotnet\sdk\10.0.201\Microsoft.Common.CurrentVersion.targets(2451,5): warning MSB3277:             C:\Users\ultra\warewolf\Dev\Dev2.Scheduler\bin\Debug\net8.0\Dev2.Scheduler.dll [C:\Users\ultra\warewolf\Dev\Warewolf.Studio.Core\Warewolf.Studio.Core.csproj]
C:\Program Files\dotnet\sdk\10.0.201\Microsoft.Common.CurrentVersion.targets(2451,5): warning MSB3277:             C:\Users\ultra\warewolf\Dev\Dev2.Services.Sql\bin\Debug\net8.0\Dev2.Services.Sql.dll [C:\Users\ultra\warewolf\Dev\Warewolf.Studio.Core\Warewolf.Studio.Core.csproj]
C:\Program Files\dotnet\sdk\10.0.201\Microsoft.Common.CurrentVersion.targets(2451,5): warning MSB3277:             C:\Users\ultra\warewolf\Dev\Dev2.TaskScheduler.Wrappers\bin\Debug\net8.0\Dev2.TaskScheduler.Wrappers.dll [C:\Users\ultra\warewolf\Dev\Warewolf.Studio.Core\Warewolf.Studio.Core.csproj]
C:\Program Files\dotnet\sdk\10.0.201\Microsoft.Common.CurrentVersion.targets(2451,5): warning MSB3277:             C:\Users\ultra\warewolf\Dev\Dev2.Util\bin\Debug\net8.0\Dev2.Util.dll [C:\Users\ultra\warewolf\Dev\Warewolf.Studio.Core\Warewolf.Studio.Core.csproj]
C:\Program Files\dotnet\sdk\10.0.201\Microsoft.Common.CurrentVersion.targets(2451,5): warning MSB3277:             C:\Users\ultra\warewolf\Dev\Warewolf.AI.Harness\bin\Debug\net8.0\Warewolf.AI.Harness.dll [C:\Users\ultra\warewolf\Dev\Warewolf.Studio.Core\Warewolf.Studio.Core.csproj]
C:\Program Files\dotnet\sdk\10.0.201\Microsoft.Common.CurrentVersion.targets(2451,5): warning MSB3277:             C:\Users\ultra\warewolf\Dev\Warewolf.Auditing\bin\Debug\net8.0\Warewolf.Auditing.dll [C:\Users\ultra\warewolf\Dev\Warewolf.Studio.Core\Warewolf.Studio.Core.csproj]
C:\Program Files\dotnet\sdk\10.0.201\Microsoft.Common.CurrentVersion.targets(2451,5): warning MSB3277:             C:\Users\ultra\warewolf\Dev\Warewolf.Common.NetStandard20\bin\Debug\net8.0\Warewolf.Common.NetStandard20.dll [C:\Users\ultra\warewolf\Dev\Warewolf.Studio.Core\Warewolf.Studio.Core.csproj]
C:\Program Files\dotnet\sdk\10.0.201\Microsoft.Common.CurrentVersion.targets(2451,5): warning MSB3277:             C:\Users\ultra\warewolf\Dev\Warewolf.Core\bin\Debug\net8.0\Warewolf.Core.dll [C:\Users\ultra\warewolf\Dev\Warewolf.Studio.Core\Warewolf.Studio.Core.csproj]
C:\Program Files\dotnet\sdk\10.0.201\Microsoft.Common.CurrentVersion.targets(2451,5): warning MSB3277:             C:\Users\ultra\warewolf\Dev\Warewolf.Driver.Serilog\bin\Debug\net8.0\Warewolf.Driver.Serilog.dll [C:\Users\ultra\warewolf\Dev\Warewolf.Studio.Core\Warewolf.Studio.Core.csproj]
C:\Program Files\dotnet\sdk\10.0.201\Microsoft.Common.CurrentVersion.targets(2451,5): warning MSB3277:             C:\Users\ultra\warewolf\Dev\Warewolf.ResourceManagement\bin\Debug\net8.0\Warewolf.ResourceManagement.dll [C:\Users\ultra\warewolf\Dev\Warewolf.Studio.Core\Warewolf.Studio.Core.csproj]
C:\Program Files\dotnet\sdk\10.0.201\Microsoft.Common.CurrentVersion.targets(2451,5): warning MSB3277:             C:\Users\ultra\warewolf\Dev\Warewolf.Sharepoint\bin\Debug\net8.0\Warewolf.Sharepoint.dll [C:\Users\ultra\warewolf\Dev\Warewolf.Studio.Core\Warewolf.Studio.Core.csproj]
C:\Program Files\dotnet\sdk\10.0.201\Microsoft.Common.CurrentVersion.targets(2451,5): warning MSB3277:             C:\Users\ultra\warewolf\Dev\Warewolf.Storage\bin\Debug\net8.0\Warewolf.Storage.dll [C:\Users\ultra\warewolf\Dev\Warewolf.Studio.Core\Warewolf.Studio.Core.csproj]
C:\Program Files\dotnet\sdk\10.0.201\Microsoft.Common.CurrentVersion.targets(2451,5): warning MSB3277:         C:\Users\ultra\.nuget\packages\mindbox.data.linq\5.0.0\lib\netstandard2.0\Mindbox.Data.Linq.dll [C:\Users\ultra\warewolf\Dev\Warewolf.Studio.Core\Warewolf.Studio.Core.csproj]
C:\Program Files\dotnet\sdk\10.0.201\Microsoft.Common.CurrentVersion.targets(2451,5): warning MSB3277:           Project file item includes which caused reference "C:\Users\ultra\.nuget\packages\mindbox.data.linq\5.0.0\lib\netstandard2.0\Mindbox.Data.Linq.dll". [C:\Users\ultra\warewolf\Dev\Warewolf.Studio.Core\Warewolf.Studio.Core.csproj]
C:\Program Files\dotnet\sdk\10.0.201\Microsoft.Common.CurrentVersion.targets(2451,5): warning MSB3277:             C:\Users\ultra\.nuget\packages\mindbox.data.linq\5.0.0\lib\netstandard2.0\Mindbox.Data.Linq.dll [C:\Users\ultra\warewolf\Dev\Warewolf.Studio.Core\Warewolf.Studio.Core.csproj]
C:\Program Files\dotnet\sdk\10.0.201\Microsoft.Common.CurrentVersion.targets(2451,5): warning MSB3277:             C:\Users\ultra\warewolf\Dev\Warewolf.Auditing\bin\Debug\net8.0\Warewolf.Auditing.dll [C:\Users\ultra\warewolf\Dev\Warewolf.Studio.Core\Warewolf.Studio.Core.csproj]
C:\Program Files\dotnet\sdk\10.0.201\Microsoft.Common.CurrentVersion.targets(2451,5): warning MSB3277:             C:\Users\ultra\warewolf\Dev\Dev2.Runtime.Services\bin\Debug\net8.0\Dev2.Runtime.Services.dll [C:\Users\ultra\warewolf\Dev\Warewolf.Studio.Core\Warewolf.Studio.Core.csproj]
C:\Program Files\dotnet\sdk\10.0.201\Microsoft.Common.CurrentVersion.targets(2451,5): warning MSB3277:             C:\Users\ultra\warewolf\Dev\Dev2.Studio.Interfaces\bin\Debug\net8.0\Dev2.Studio.Interfaces.dll [C:\Users\ultra\warewolf\Dev\Warewolf.Studio.Core\Warewolf.Studio.Core.csproj]
C:\Program Files\dotnet\sdk\10.0.201\Microsoft.Common.CurrentVersion.targets(2451,5): warning MSB3277:             C:\Users\ultra\warewolf\Dev\Warewolf.Common.NetStandard20\bin\Debug\net8.0\Warewolf.Common.NetStandard20.dll [C:\Users\ultra\warewolf\Dev\Warewolf.Studio.Core\Warewolf.Studio.Core.csproj]
C:\Program Files\dotnet\sdk\10.0.201\Microsoft.Common.CurrentVersion.targets(2451,5): warning MSB3277:         C:\Users\ultra\.nuget\packages\mysql.data\8.4.0\lib\net8.0\MySql.Data.dll [C:\Users\ultra\warewolf\Dev\Warewolf.Studio.Core\Warewolf.Studio.Core.csproj]
C:\Program Files\dotnet\sdk\10.0.201\Microsoft.Common.CurrentVersion.targets(2451,5): warning MSB3277:           Project file item includes which caused reference "C:\Users\ultra\.nuget\packages\mysql.data\8.4.0\lib\net8.0\MySql.Data.dll". [C:\Users\ultra\warewolf\Dev\Warewolf.Studio.Core\Warewolf.Studio.Core.csproj]
C:\Program Files\dotnet\sdk\10.0.201\Microsoft.Common.CurrentVersion.targets(2451,5): warning MSB3277:             C:\Users\ultra\.nuget\packages\mysql.data\8.4.0\lib\net8.0\MySql.Data.dll [C:\Users\ultra\warewolf\Dev\Warewolf.Studio.Core\Warewolf.Studio.Core.csproj]
C:\Program Files\dotnet\sdk\10.0.201\Microsoft.Common.CurrentVersion.targets(2451,5): warning MSB3277:             C:\Users\ultra\warewolf\Dev\Dev2.Runtime.Services\bin\Debug\net8.0\Dev2.Runtime.Services.dll [C:\Users\ultra\warewolf\Dev\Warewolf.Studio.Core\Warewolf.Studio.Core.csproj]
C:\Program Files\dotnet\sdk\10.0.201\Microsoft.Common.CurrentVersion.targets(2451,5): warning MSB3277:             C:\Users\ultra\warewolf\Dev\Dev2.Studio.Interfaces\bin\Debug\net8.0\Dev2.Studio.Interfaces.dll [C:\Users\ultra\warewolf\Dev\Warewolf.Studio.Core\Warewolf.Studio.Core.csproj]
C:\Program Files\dotnet\sdk\10.0.201\Microsoft.Common.CurrentVersion.targets(2451,5): warning MSB3277:             C:\Users\ultra\warewolf\Dev\Dev2.Services.Sql\bin\Debug\net8.0\Dev2.Services.Sql.dll [C:\Users\ultra\warewolf\Dev\Warewolf.Studio.Core\Warewolf.Studio.Core.csproj]
C:\Program Files\dotnet\sdk\10.0.201\Microsoft.Common.CurrentVersion.targets(2451,5): warning MSB3277:         C:\Users\ultra\.nuget\packages\oracle.manageddataaccess.core\3.21.70\lib\netstandard2.1\Oracle.ManagedDataAccess.dll [C:\Users\ultra\warewolf\Dev\Warewolf.Studio.Core\Warewolf.Studio.Core.csproj]
C:\Program Files\dotnet\sdk\10.0.201\Microsoft.Common.CurrentVersion.targets(2451,5): warning MSB3277:           Project file item includes which caused reference "C:\Users\ultra\.nuget\packages\oracle.manageddataaccess.core\3.21.70\lib\netstandard2.1\Oracle.ManagedDataAccess.dll". [C:\Users\ultra\warewolf\Dev\Warewolf.Studio.Core\Warewolf.Studio.Core.csproj]
C:\Program Files\dotnet\sdk\10.0.201\Microsoft.Common.CurrentVersion.targets(2451,5): warning MSB3277:             C:\Users\ultra\.nuget\packages\oracle.manageddataaccess.core\3.21.70\lib\netstandard2.1\Oracle.ManagedDataAccess.dll [C:\Users\ultra\warewolf\Dev\Warewolf.Studio.Core\Warewolf.Studio.Core.csproj]
C:\Program Files\dotnet\sdk\10.0.201\Microsoft.Common.CurrentVersion.targets(2451,5): warning MSB3277:             C:\Users\ultra\warewolf\Dev\Dev2.Runtime.Services\bin\Debug\net8.0\Dev2.Runtime.Services.dll [C:\Users\ultra\warewolf\Dev\Warewolf.Studio.Core\Warewolf.Studio.Core.csproj]
C:\Program Files\dotnet\sdk\10.0.201\Microsoft.Common.CurrentVersion.targets(2451,5): warning MSB3277:             C:\Users\ultra\warewolf\Dev\Dev2.Studio.Interfaces\bin\Debug\net8.0\Dev2.Studio.Interfaces.dll [C:\Users\ultra\warewolf\Dev\Warewolf.Studio.Core\Warewolf.Studio.Core.csproj]
C:\Program Files\dotnet\sdk\10.0.201\Microsoft.Common.CurrentVersion.targets(2451,5): warning MSB3277:             C:\Users\ultra\warewolf\Dev\Dev2.Services.Sql\bin\Debug\net8.0\Dev2.Services.Sql.dll [C:\Users\ultra\warewolf\Dev\Warewolf.Studio.Core\Warewolf.Studio.Core.csproj]
C:\Program Files\dotnet\sdk\10.0.201\Microsoft.Common.CurrentVersion.targets(2451,5): warning MSB3277:         C:\Users\ultra\.nuget\packages\system.directoryservices\6.0.0\lib\net6.0\System.DirectoryServices.dll [C:\Users\ultra\warewolf\Dev\Warewolf.Studio.Core\Warewolf.Studio.Core.csproj]
C:\Program Files\dotnet\sdk\10.0.201\Microsoft.Common.CurrentVersion.targets(2451,5): warning MSB3277:           Project file item includes which caused reference "C:\Users\ultra\.nuget\packages\system.directoryservices\6.0.0\lib\net6.0\System.DirectoryServices.dll". [C:\Users\ultra\warewolf\Dev\Warewolf.Studio.Core\Warewolf.Studio.Core.csproj]
C:\Program Files\dotnet\sdk\10.0.201\Microsoft.Common.CurrentVersion.targets(2451,5): warning MSB3277:             C:\Users\ultra\.nuget\packages\system.directoryservices\6.0.0\lib\net6.0\System.DirectoryServices.dll [C:\Users\ultra\warewolf\Dev\Warewolf.Studio.Core\Warewolf.Studio.Core.csproj]
C:\Program Files\dotnet\sdk\10.0.201\Microsoft.Common.CurrentVersion.targets(2451,5): warning MSB3277:             C:\Users\ultra\.nuget\packages\corewcf.primitives\1.2.1\lib\netstandard2.0\CoreWCF.Primitives.dll [C:\Users\ultra\warewolf\Dev\Warewolf.Studio.Core\Warewolf.Studio.Core.csproj]
C:\Program Files\dotnet\sdk\10.0.201\Microsoft.Common.CurrentVersion.targets(2451,5): warning MSB3277:             C:\Users\ultra\warewolf\Dev\Dev2.Runtime.Services\bin\Debug\net8.0\Dev2.Runtime.Services.dll [C:\Users\ultra\warewolf\Dev\Warewolf.Studio.Core\Warewolf.Studio.Core.csproj]
C:\Program Files\dotnet\sdk\10.0.201\Microsoft.Common.CurrentVersion.targets(2451,5): warning MSB3277:             C:\Users\ultra\warewolf\Dev\Dev2.Studio.Interfaces\bin\Debug\net8.0\Dev2.Studio.Interfaces.dll [C:\Users\ultra\warewolf\Dev\Warewolf.Studio.Core\Warewolf.Studio.Core.csproj]
C:\Program Files\dotnet\sdk\10.0.201\Microsoft.Common.CurrentVersion.targets(2451,5): warning MSB3277:             C:\Users\ultra\.nuget\packages\corewcf.http\1.2.1\lib\netstandard2.0\CoreWCF.Http.dll [C:\Users\ultra\warewolf\Dev\Warewolf.Studio.Core\Warewolf.Studio.Core.csproj]
C:\Program Files\dotnet\sdk\10.0.201\Microsoft.Common.CurrentVersion.targets(2451,5): warning MSB3277:             C:\Users\ultra\.nuget\packages\corewcf.nettcp\1.2.1\lib\netstandard2.0\CoreWCF.NetTcp.dll [C:\Users\ultra\warewolf\Dev\Warewolf.Studio.Core\Warewolf.Studio.Core.csproj]
C:\Program Files\dotnet\sdk\10.0.201\Microsoft.Common.CurrentVersion.targets(2451,5): warning MSB3277:             C:\Users\ultra\.nuget\packages\corewcf.webhttp\1.2.1\lib\netstandard2.0\CoreWCF.WebHttp.dll [C:\Users\ultra\warewolf\Dev\Warewolf.Studio.Core\Warewolf.Studio.Core.csproj]
C:\Program Files\dotnet\sdk\10.0.201\Microsoft.Common.CurrentVersion.targets(2451,5): warning MSB3277:         C:\Program Files\dotnet\packs\Microsoft.NETCore.App.Ref\8.0.25\ref\net8.0\System.Configuration.dll [C:\Users\ultra\warewolf\Dev\Warewolf.Studio.Core\Warewolf.Studio.Core.csproj]
C:\Program Files\dotnet\sdk\10.0.201\Microsoft.Common.CurrentVersion.targets(2451,5): warning MSB3277:           Project file item includes which caused reference "C:\Program Files\dotnet\packs\Microsoft.NETCore.App.Ref\8.0.25\ref\net8.0\System.Configuration.dll". [C:\Users\ultra\warewolf\Dev\Warewolf.Studio.Core\Warewolf.Studio.Core.csproj]
C:\Program Files\dotnet\sdk\10.0.201\Microsoft.Common.CurrentVersion.targets(2451,5): warning MSB3277:             C:\Program Files\dotnet\packs\Microsoft.NETCore.App.Ref\8.0.25\ref/net8.0/System.Configuration.dll [C:\Users\ultra\warewolf\Dev\Warewolf.Studio.Core\Warewolf.Studio.Core.csproj]
C:\Program Files\dotnet\sdk\10.0.201\Microsoft.Common.CurrentVersion.targets(2451,5): warning MSB3277:             C:\Users\ultra\.nuget\packages\prism.wpf\9.0.537\lib\net462\Prism.Wpf.dll [C:\Users\ultra\warewolf\Dev\Warewolf.Studio.Core\Warewolf.Studio.Core.csproj]
C:\Program Files\dotnet\sdk\10.0.201\Microsoft.Common.CurrentVersion.targets(2451,5): warning MSB3277:         C:\Program Files\dotnet\packs\Microsoft.NETCore.App.Ref\8.0.25\ref\net8.0\System.Data.dll [C:\Users\ultra\warewolf\Dev\Warewolf.Studio.Core\Warewolf.Studio.Core.csproj]
C:\Program Files\dotnet\sdk\10.0.201\Microsoft.Common.CurrentVersion.targets(2451,5): warning MSB3277:           Project file item includes which caused reference "C:\Program Files\dotnet\packs\Microsoft.NETCore.App.Ref\8.0.25\ref\net8.0\System.Data.dll". [C:\Users\ultra\warewolf\Dev\Warewolf.Studio.Core\Warewolf.Studio.Core.csproj]
C:\Program Files\dotnet\sdk\10.0.201\Microsoft.Common.CurrentVersion.targets(2451,5): warning MSB3277:             C:\Program Files\dotnet\packs\Microsoft.NETCore.App.Ref\8.0.25\ref/net8.0/System.Data.dll [C:\Users\ultra\warewolf\Dev\Warewolf.Studio.Core\Warewolf.Studio.Core.csproj]
C:\Program Files\dotnet\sdk\10.0.201\Microsoft.Common.CurrentVersion.targets(2451,5): warning MSB3277:             C:\Users\ultra\.nuget\packages\taskschedulereditor\2.10.1\lib\net452\Microsoft.Win32.TaskSchedulerEditor.dll [C:\Users\ultra\warewolf\Dev\Warewolf.Studio.Core\Warewolf.Studio.Core.csproj]
C:\Program Files\dotnet\sdk\10.0.201\Microsoft.Common.CurrentVersion.targets(2451,5): warning MSB3277:         C:\Program Files\dotnet\packs\Microsoft.NETCore.App.Ref\8.0.25\ref\net8.0\System.Drawing.dll [C:\Users\ultra\warewolf\Dev\Warewolf.Studio.Core\Warewolf.Studio.Core.csproj]
C:\Program Files\dotnet\sdk\10.0.201\Microsoft.Common.CurrentVersion.targets(2451,5): warning MSB3277:           Project file item includes which caused reference "C:\Program Files\dotnet\packs\Microsoft.NETCore.App.Ref\8.0.25\ref\net8.0\System.Drawing.dll". [C:\Users\ultra\warewolf\Dev\Warewolf.Studio.Core\Warewolf.Studio.Core.csproj]
C:\Program Files\dotnet\sdk\10.0.201\Microsoft.Common.CurrentVersion.targets(2451,5): warning MSB3277:             C:\Program Files\dotnet\packs\Microsoft.NETCore.App.Ref\8.0.25\ref/net8.0/System.Drawing.dll [C:\Users\ultra\warewolf\Dev\Warewolf.Studio.Core\Warewolf.Studio.Core.csproj]
C:\Program Files\dotnet\sdk\10.0.201\Microsoft.Common.CurrentVersion.targets(2451,5): warning MSB3277:             C:\Users\ultra\.nuget\packages\aerowizard\2.3.1\lib\net45\AeroWizard.dll [C:\Users\ultra\warewolf\Dev\Warewolf.Studio.Core\Warewolf.Studio.Core.csproj]
C:\Program Files\dotnet\sdk\10.0.201\Microsoft.Common.CurrentVersion.targets(2451,5): warning MSB3277:             C:\Users\ultra\.nuget\packages\groupcontrols\1.9.0\lib\net45\GroupControls.dll [C:\Users\ultra\warewolf\Dev\Warewolf.Studio.Core\Warewolf.Studio.Core.csproj]
C:\Program Files\dotnet\sdk\10.0.201\Microsoft.Common.CurrentVersion.targets(2451,5): warning MSB3277:             C:\Users\ultra\.nuget\packages\taskschedulereditor\2.10.1\lib\net452\Microsoft.Win32.TaskSchedulerEditor.dll [C:\Users\ultra\warewolf\Dev\Warewolf.Studio.Core\Warewolf.Studio.Core.csproj]
C:\Program Files\dotnet\sdk\10.0.201\Microsoft.Common.CurrentVersion.targets(2451,5): warning MSB3277:         C:\Program Files\dotnet\packs\Microsoft.NETCore.App.Ref\8.0.25\ref\net8.0\System.Net.dll [C:\Users\ultra\warewolf\Dev\Warewolf.Studio.Core\Warewolf.Studio.Core.csproj]
C:\Program Files\dotnet\sdk\10.0.201\Microsoft.Common.CurrentVersion.targets(2451,5): warning MSB3277:           Project file item includes which caused reference "C:\Program Files\dotnet\packs\Microsoft.NETCore.App.Ref\8.0.25\ref\net8.0\System.Net.dll". [C:\Users\ultra\warewolf\Dev\Warewolf.Studio.Core\Warewolf.Studio.Core.csproj]
C:\Program Files\dotnet\sdk\10.0.201\Microsoft.Common.CurrentVersion.targets(2451,5): warning MSB3277:             C:\Program Files\dotnet\packs\Microsoft.NETCore.App.Ref\8.0.25\ref/net8.0/System.Net.dll [C:\Users\ultra\warewolf\Dev\Warewolf.Studio.Core\Warewolf.Studio.Core.csproj]
C:\Program Files\dotnet\sdk\10.0.201\Microsoft.Common.CurrentVersion.targets(2451,5): warning MSB3277:         C:\Program Files\dotnet\packs\Microsoft.NETCore.App.Ref\8.0.25\ref\net8.0\System.Security.dll [C:\Users\ultra\warewolf\Dev\Warewolf.Studio.Core\Warewolf.Studio.Core.csproj]
C:\Program Files\dotnet\sdk\10.0.201\Microsoft.Common.CurrentVersion.targets(2451,5): warning MSB3277:           Project file item includes which caused reference "C:\Program Files\dotnet\packs\Microsoft.NETCore.App.Ref\8.0.25\ref\net8.0\System.Security.dll". [C:\Users\ultra\warewolf\Dev\Warewolf.Studio.Core\Warewolf.Studio.Core.csproj]
C:\Program Files\dotnet\sdk\10.0.201\Microsoft.Common.CurrentVersion.targets(2451,5): warning MSB3277:             C:\Program Files\dotnet\packs\Microsoft.NETCore.App.Ref\8.0.25\ref/net8.0/System.Security.dll [C:\Users\ultra\warewolf\Dev\Warewolf.Studio.Core\Warewolf.Studio.Core.csproj]
C:\Program Files\dotnet\sdk\10.0.201\Microsoft.Common.CurrentVersion.targets(2451,5): warning MSB3277:         C:\Program Files\dotnet\packs\Microsoft.NETCore.App.Ref\8.0.25\ref\net8.0\System.ServiceProcess.dll [C:\Users\ultra\warewolf\Dev\Warewolf.Studio.Core\Warewolf.Studio.Core.csproj]
C:\Program Files\dotnet\sdk\10.0.201\Microsoft.Common.CurrentVersion.targets(2451,5): warning MSB3277:           Project file item includes which caused reference "C:\Program Files\dotnet\packs\Microsoft.NETCore.App.Ref\8.0.25\ref\net8.0\System.ServiceProcess.dll". [C:\Users\ultra\warewolf\Dev\Warewolf.Studio.Core\Warewolf.Studio.Core.csproj]
C:\Program Files\dotnet\sdk\10.0.201\Microsoft.Common.CurrentVersion.targets(2451,5): warning MSB3277:             C:\Program Files\dotnet\packs\Microsoft.NETCore.App.Ref\8.0.25\ref/net8.0/System.ServiceProcess.dll [C:\Users\ultra\warewolf\Dev\Warewolf.Studio.Core\Warewolf.Studio.Core.csproj]
C:\Program Files\dotnet\sdk\10.0.201\Microsoft.Common.CurrentVersion.targets(2451,5): warning MSB3277:         C:\Program Files\dotnet\packs\Microsoft.NETCore.App.Ref\8.0.25\ref\net8.0\System.Transactions.dll [C:\Users\ultra\warewolf\Dev\Warewolf.Studio.Core\Warewolf.Studio.Core.csproj]
C:\Program Files\dotnet\sdk\10.0.201\Microsoft.Common.CurrentVersion.targets(2451,5): warning MSB3277:           Project file item includes which caused reference "C:\Program Files\dotnet\packs\Microsoft.NETCore.App.Ref\8.0.25\ref\net8.0\System.Transactions.dll". [C:\Users\ultra\warewolf\Dev\Warewolf.Studio.Core\Warewolf.Studio.Core.csproj]
C:\Program Files\dotnet\sdk\10.0.201\Microsoft.Common.CurrentVersion.targets(2451,5): warning MSB3277:             C:\Program Files\dotnet\packs\Microsoft.NETCore.App.Ref\8.0.25\ref/net8.0/System.Transactions.dll [C:\Users\ultra\warewolf\Dev\Warewolf.Studio.Core\Warewolf.Studio.Core.csproj]
C:\Program Files\dotnet\sdk\10.0.201\Microsoft.Common.CurrentVersion.targets(2451,5): warning MSB3277:         C:\Program Files\dotnet\packs\Microsoft.NETCore.App.Ref\8.0.25\ref\net8.0\System.dll [C:\Users\ultra\warewolf\Dev\Warewolf.Studio.Core\Warewolf.Studio.Core.csproj]
C:\Program Files\dotnet\sdk\10.0.201\Microsoft.Common.CurrentVersion.targets(2451,5): warning MSB3277:           Project file item includes which caused reference "C:\Program Files\dotnet\packs\Microsoft.NETCore.App.Ref\8.0.25\ref\net8.0\System.dll". [C:\Users\ultra\warewolf\Dev\Warewolf.Studio.Core\Warewolf.Studio.Core.csproj]
C:\Program Files\dotnet\sdk\10.0.201\Microsoft.Common.CurrentVersion.targets(2451,5): warning MSB3277:             C:\Program Files\dotnet\packs\Microsoft.NETCore.App.Ref\8.0.25\ref/net8.0/System.dll [C:\Users\ultra\warewolf\Dev\Warewolf.Studio.Core\Warewolf.Studio.Core.csproj]
C:\Program Files\dotnet\sdk\10.0.201\Microsoft.Common.CurrentVersion.targets(2451,5): warning MSB3277:             C:\Users\ultra\.nuget\packages\aerowizard\2.3.1\lib\net45\AeroWizard.dll [C:\Users\ultra\warewolf\Dev\Warewolf.Studio.Core\Warewolf.Studio.Core.csproj]
C:\Program Files\dotnet\sdk\10.0.201\Microsoft.Common.CurrentVersion.targets(2451,5): warning MSB3277:             C:\Users\ultra\.nuget\packages\groupcontrols\1.9.0\lib\net45\GroupControls.dll [C:\Users\ultra\warewolf\Dev\Warewolf.Studio.Core\Warewolf.Studio.Core.csproj]
C:\Program Files\dotnet\sdk\10.0.201\Microsoft.Common.CurrentVersion.targets(2451,5): warning MSB3277:             C:\Users\ultra\.nuget\packages\microsoft.xaml.behaviors.wpf\1.1.122\lib\net462\Microsoft.Xaml.Behaviors.dll [C:\Users\ultra\warewolf\Dev\Warewolf.Studio.Core\Warewolf.Studio.Core.csproj]
C:\Program Files\dotnet\sdk\10.0.201\Microsoft.Common.CurrentVersion.targets(2451,5): warning MSB3277:             C:\Users\ultra\.nuget\packages\caliburn.micro\4.0.212\lib\netcoreapp3.1\Caliburn.Micro.Platform.dll [C:\Users\ultra\warewolf\Dev\Warewolf.Studio.Core\Warewolf.Studio.Core.csproj]
C:\Program Files\dotnet\sdk\10.0.201\Microsoft.Common.CurrentVersion.targets(2451,5): warning MSB3277:             C:\Users\ultra\.nuget\packages\prism.wpf\9.0.537\lib\net462\Prism.Wpf.dll [C:\Users\ultra\warewolf\Dev\Warewolf.Studio.Core\Warewolf.Studio.Core.csproj]
C:\Program Files\dotnet\sdk\10.0.201\Microsoft.Common.CurrentVersion.targets(2451,5): warning MSB3277:             C:\Users\ultra\.nuget\packages\reactiveui.wpf\18.4.1\lib\net462\ReactiveUI.Wpf.dll [C:\Users\ultra\warewolf\Dev\Warewolf.Studio.Core\Warewolf.Studio.Core.csproj]
C:\Program Files\dotnet\sdk\10.0.201\Microsoft.Common.CurrentVersion.targets(2451,5): warning MSB3277:             C:\Users\ultra\.nuget\packages\taskschedulereditor\2.10.1\lib\net452\Microsoft.Win32.TaskSchedulerEditor.dll [C:\Users\ultra\warewolf\Dev\Warewolf.Studio.Core\Warewolf.Studio.Core.csproj]
C:\Program Files\dotnet\sdk\10.0.201\Microsoft.Common.CurrentVersion.targets(2451,5): warning MSB3277:             C:\Users\ultra\.nuget\packages\ttcue.netcore.sharepointonline.csom.16.1.8029.1200\16.1.8029.1200\lib\netcoreapp2.0\Microsoft.SharePoint.Client.Runtime.Windows.dll [C:\Users\ultra\warewolf\Dev\Warewolf.Studio.Core\Warewolf.Studio.Core.csproj]
C:\Program Files\dotnet\sdk\10.0.201\Microsoft.Common.CurrentVersion.targets(2451,5): warning MSB3277:         C:\Program Files\dotnet\packs\Microsoft.NETCore.App.Ref\8.0.25\ref\net8.0\WindowsBase.dll [C:\Users\ultra\warewolf\Dev\Warewolf.Studio.Core\Warewolf.Studio.Core.csproj]
C:\Program Files\dotnet\sdk\10.0.201\Microsoft.Common.CurrentVersion.targets(2451,5): warning MSB3277:           Project file item includes which caused reference "C:\Program Files\dotnet\packs\Microsoft.NETCore.App.Ref\8.0.25\ref\net8.0\WindowsBase.dll". [C:\Users\ultra\warewolf\Dev\Warewolf.Studio.Core\Warewolf.Studio.Core.csproj]
C:\Program Files\dotnet\sdk\10.0.201\Microsoft.Common.CurrentVersion.targets(2451,5): warning MSB3277:             C:\Program Files\dotnet\packs\Microsoft.NETCore.App.Ref\8.0.25\ref/net8.0/WindowsBase.dll [C:\Users\ultra\warewolf\Dev\Warewolf.Studio.Core\Warewolf.Studio.Core.csproj]
C:\Program Files\dotnet\sdk\10.0.201\Microsoft.Common.CurrentVersion.targets(2451,5): warning MSB3277:         C:\Program Files\dotnet\packs\Microsoft.NETCore.App.Ref\8.0.25\ref\net8.0\mscorlib.dll [C:\Users\ultra\warewolf\Dev\Warewolf.Studio.Core\Warewolf.Studio.Core.csproj]
C:\Program Files\dotnet\sdk\10.0.201\Microsoft.Common.CurrentVersion.targets(2451,5): warning MSB3277:           Project file item includes which caused reference "C:\Program Files\dotnet\packs\Microsoft.NETCore.App.Ref\8.0.25\ref\net8.0\mscorlib.dll". [C:\Users\ultra\warewolf\Dev\Warewolf.Studio.Core\Warewolf.Studio.Core.csproj]
C:\Program Files\dotnet\sdk\10.0.201\Microsoft.Common.CurrentVersion.targets(2451,5): warning MSB3277:             C:\Program Files\dotnet\packs\Microsoft.NETCore.App.Ref\8.0.25\ref/net8.0/mscorlib.dll [C:\Users\ultra\warewolf\Dev\Warewolf.Studio.Core\Warewolf.Studio.Core.csproj]
C:\Program Files\dotnet\sdk\10.0.201\Microsoft.Common.CurrentVersion.targets(2451,5): warning MSB3277:             C:\Users\ultra\.nuget\packages\aerowizard\2.3.1\lib\net45\AeroWizard.dll [C:\Users\ultra\warewolf\Dev\Warewolf.Studio.Core\Warewolf.Studio.Core.csproj]
C:\Program Files\dotnet\sdk\10.0.201\Microsoft.Common.CurrentVersion.targets(2451,5): warning MSB3277:             C:\Users\ultra\.nuget\packages\groupcontrols\1.9.0\lib\net45\GroupControls.dll [C:\Users\ultra\warewolf\Dev\Warewolf.Studio.Core\Warewolf.Studio.Core.csproj]
C:\Program Files\dotnet\sdk\10.0.201\Microsoft.Common.CurrentVersion.targets(2451,5): warning MSB3277:             C:\Users\ultra\.nuget\packages\microsoft.xaml.behaviors.wpf\1.1.122\lib\net462\Microsoft.Xaml.Behaviors.dll [C:\Users\ultra\warewolf\Dev\Warewolf.Studio.Core\Warewolf.Studio.Core.csproj]
C:\Program Files\dotnet\sdk\10.0.201\Microsoft.Common.CurrentVersion.targets(2451,5): warning MSB3277:             C:\Users\ultra\.nuget\packages\caliburn.micro\4.0.212\lib\netcoreapp3.1\Caliburn.Micro.Platform.dll [C:\Users\ultra\warewolf\Dev\Warewolf.Studio.Core\Warewolf.Studio.Core.csproj]
C:\Program Files\dotnet\sdk\10.0.201\Microsoft.Common.CurrentVersion.targets(2451,5): warning MSB3277:             C:\Users\ultra\.nuget\packages\oracle.manageddataaccess.core\3.21.70\lib\netstandard2.1\Oracle.ManagedDataAccess.dll [C:\Users\ultra\warewolf\Dev\Warewolf.Studio.Core\Warewolf.Studio.Core.csproj]
C:\Program Files\dotnet\sdk\10.0.201\Microsoft.Common.CurrentVersion.targets(2451,5): warning MSB3277:             C:\Users\ultra\warewolf\Dev\Dev2.Runtime.Services\bin\Debug\net8.0\Dev2.Runtime.Services.dll [C:\Users\ultra\warewolf\Dev\Warewolf.Studio.Core\Warewolf.Studio.Core.csproj]
C:\Program Files\dotnet\sdk\10.0.201\Microsoft.Common.CurrentVersion.targets(2451,5): warning MSB3277:             C:\Users\ultra\warewolf\Dev\Dev2.Studio.Interfaces\bin\Debug\net8.0\Dev2.Studio.Interfaces.dll [C:\Users\ultra\warewolf\Dev\Warewolf.Studio.Core\Warewolf.Studio.Core.csproj]
C:\Program Files\dotnet\sdk\10.0.201\Microsoft.Common.CurrentVersion.targets(2451,5): warning MSB3277:             C:\Users\ultra\warewolf\Dev\Dev2.Services.Sql\bin\Debug\net8.0\Dev2.Services.Sql.dll [C:\Users\ultra\warewolf\Dev\Warewolf.Studio.Core\Warewolf.Studio.Core.csproj]
C:\Program Files\dotnet\sdk\10.0.201\Microsoft.Common.CurrentVersion.targets(2451,5): warning MSB3277:             C:\Users\ultra\.nuget\packages\prism.wpf\9.0.537\lib\net462\Prism.Wpf.dll [C:\Users\ultra\warewolf\Dev\Warewolf.Studio.Core\Warewolf.Studio.Core.csproj]
C:\Program Files\dotnet\sdk\10.0.201\Microsoft.Common.CurrentVersion.targets(2451,5): warning MSB3277:             C:\Users\ultra\.nuget\packages\reactiveui.wpf\18.4.1\lib\net462\ReactiveUI.Wpf.dll [C:\Users\ultra\warewolf\Dev\Warewolf.Studio.Core\Warewolf.Studio.Core.csproj]
C:\Program Files\dotnet\sdk\10.0.201\Microsoft.Common.CurrentVersion.targets(2451,5): warning MSB3277:             C:\Users\ultra\.nuget\packages\taskschedulereditor\2.10.1\lib\net452\Microsoft.Win32.TaskSchedulerEditor.dll [C:\Users\ultra\warewolf\Dev\Warewolf.Studio.Core\Warewolf.Studio.Core.csproj]
C:\Program Files\dotnet\sdk\10.0.201\Microsoft.Common.CurrentVersion.targets(2451,5): warning MSB3277:             C:\Users\ultra\.nuget\packages\ttcue.netcore.sharepointonline.csom.16.1.8029.1200\16.1.8029.1200\lib\netcoreapp2.0\Microsoft.SharePoint.Client.Runtime.Windows.dll [C:\Users\ultra\warewolf\Dev\Warewolf.Studio.Core\Warewolf.Studio.Core.csproj]
C:\Program Files\dotnet\sdk\10.0.201\Microsoft.Common.CurrentVersion.targets(2451,5): warning MSB3277: Found conflicts between different versions of "WindowsBase" that could not be resolved. [C:\Users\ultra\warewolf\Dev\Warewolf.Studio.Core\Warewolf.Studio.Core.csproj]
C:\Program Files\dotnet\sdk\10.0.201\Microsoft.Common.CurrentVersion.targets(2451,5): warning MSB3277: There was a conflict between "WindowsBase, Version=4.0.0.0, Culture=neutral, PublicKeyToken=31bf3856ad364e35" and "WindowsBase, Version=6.0.2.0, Culture=neutral, PublicKeyToken=31bf3856ad364e35". [C:\Users\ultra\warewolf\Dev\Warewolf.Studio.Core\Warewolf.Studio.Core.csproj]
C:\Program Files\dotnet\sdk\10.0.201\Microsoft.Common.CurrentVersion.targets(2451,5): warning MSB3277:     "WindowsBase, Version=4.0.0.0, Culture=neutral, PublicKeyToken=31bf3856ad364e35" was chosen because it was primary and "WindowsBase, Version=6.0.2.0, Culture=neutral, PublicKeyToken=31bf3856ad364e35" was not. [C:\Users\ultra\warewolf\Dev\Warewolf.Studio.Core\Warewolf.Studio.Core.csproj]
C:\Program Files\dotnet\sdk\10.0.201\Microsoft.Common.CurrentVersion.targets(2451,5): warning MSB3277:     References which depend on "WindowsBase, Version=4.0.0.0, Culture=neutral, PublicKeyToken=31bf3856ad364e35" [C:\Program Files\dotnet\packs\Microsoft.NETCore.App.Ref\8.0.25\ref\net8.0\WindowsBase.dll]. [C:\Users\ultra\warewolf\Dev\Warewolf.Studio.Core\Warewolf.Studio.Core.csproj]
C:\Program Files\dotnet\sdk\10.0.201\Microsoft.Common.CurrentVersion.targets(2451,5): warning MSB3277:         C:\Program Files\dotnet\packs\Microsoft.NETCore.App.Ref\8.0.25\ref\net8.0\WindowsBase.dll [C:\Users\ultra\warewolf\Dev\Warewolf.Studio.Core\Warewolf.Studio.Core.csproj]
C:\Program Files\dotnet\sdk\10.0.201\Microsoft.Common.CurrentVersion.targets(2451,5): warning MSB3277:           Project file item includes which caused reference "C:\Program Files\dotnet\packs\Microsoft.NETCore.App.Ref\8.0.25\ref\net8.0\WindowsBase.dll". [C:\Users\ultra\warewolf\Dev\Warewolf.Studio.Core\Warewolf.Studio.Core.csproj]
C:\Program Files\dotnet\sdk\10.0.201\Microsoft.Common.CurrentVersion.targets(2451,5): warning MSB3277:             C:\Program Files\dotnet\packs\Microsoft.NETCore.App.Ref\8.0.25\ref/net8.0/WindowsBase.dll [C:\Users\ultra\warewolf\Dev\Warewolf.Studio.Core\Warewolf.Studio.Core.csproj]
C:\Program Files\dotnet\sdk\10.0.201\Microsoft.Common.CurrentVersion.targets(2451,5): warning MSB3277:     References which depend on or have been unified to "WindowsBase, Version=6.0.2.0, Culture=neutral, PublicKeyToken=31bf3856ad364e35" []. [C:\Users\ultra\warewolf\Dev\Warewolf.Studio.Core\Warewolf.Studio.Core.csproj]
C:\Program Files\dotnet\sdk\10.0.201\Microsoft.Common.CurrentVersion.targets(2451,5): warning MSB3277:         C:\Users\ultra\warewolf\Dev\Binaries\Infragistcs_Net6\InfragisticsWPF4.Controls.Menus.XamDataTree.v15.1.dll [C:\Users\ultra\warewolf\Dev\Warewolf.Studio.Core\Warewolf.Studio.Core.csproj]
C:\Program Files\dotnet\sdk\10.0.201\Microsoft.Common.CurrentVersion.targets(2451,5): warning MSB3277:           Project file item includes which caused reference "C:\Users\ultra\warewolf\Dev\Binaries\Infragistcs_Net6\InfragisticsWPF4.Controls.Menus.XamDataTree.v15.1.dll". [C:\Users\ultra\warewolf\Dev\Warewolf.Studio.Core\Warewolf.Studio.Core.csproj]
C:\Program Files\dotnet\sdk\10.0.201\Microsoft.Common.CurrentVersion.targets(2451,5): warning MSB3277:             InfragisticsWPF4.Controls.Menus.XamDataTree.v15.1, Version=15.1.20151.2055, Culture=neutral, PublicKeyToken=7dd5c3163f2cd0cb, processorArchitecture=MSIL [C:\Users\ultra\warewolf\Dev\Warewolf.Studio.Core\Warewolf.Studio.Core.csproj]
C:\Program Files\dotnet\sdk\10.0.201\Microsoft.Common.CurrentVersion.targets(2451,5): warning MSB3277:         C:\Users\ultra\warewolf\Dev\Binaries\Infragistcs_Net6\InfragisticsWPF4.DataManager.v15.1.dll [C:\Users\ultra\warewolf\Dev\Warewolf.Studio.Core\Warewolf.Studio.Core.csproj]
C:\Program Files\dotnet\sdk\10.0.201\Microsoft.Common.CurrentVersion.targets(2451,5): warning MSB3277:           Project file item includes which caused reference "C:\Users\ultra\warewolf\Dev\Binaries\Infragistcs_Net6\InfragisticsWPF4.DataManager.v15.1.dll". [C:\Users\ultra\warewolf\Dev\Warewolf.Studio.Core\Warewolf.Studio.Core.csproj]
C:\Program Files\dotnet\sdk\10.0.201\Microsoft.Common.CurrentVersion.targets(2451,5): warning MSB3277:             InfragisticsWPF4.DataManager.v15.1, Version=15.1.20151.2055, Culture=neutral, PublicKeyToken=7dd5c3163f2cd0cb, processorArchitecture=MSIL [C:\Users\ultra\warewolf\Dev\Warewolf.Studio.Core\Warewolf.Studio.Core.csproj]
C:\Program Files\dotnet\sdk\10.0.201\Microsoft.Common.CurrentVersion.targets(2451,5): warning MSB3277:             InfragisticsWPF4.Controls.Menus.XamDataTree.v15.1, Version=15.1.20151.2055, Culture=neutral, PublicKeyToken=7dd5c3163f2cd0cb, processorArchitecture=MSIL [C:\Users\ultra\warewolf\Dev\Warewolf.Studio.Core\Warewolf.Studio.Core.csproj]
C:\Program Files\dotnet\sdk\10.0.201\Microsoft.Common.CurrentVersion.targets(2451,5): warning MSB3277:         C:\Users\ultra\warewolf\Dev\Binaries\Infragistcs_Net6\InfragisticsWPF4.DockManager.v15.1.dll [C:\Users\ultra\warewolf\Dev\Warewolf.Studio.Core\Warewolf.Studio.Core.csproj]
C:\Program Files\dotnet\sdk\10.0.201\Microsoft.Common.CurrentVersion.targets(2451,5): warning MSB3277:           Project file item includes which caused reference "C:\Users\ultra\warewolf\Dev\Binaries\Infragistcs_Net6\InfragisticsWPF4.DockManager.v15.1.dll". [C:\Users\ultra\warewolf\Dev\Warewolf.Studio.Core\Warewolf.Studio.Core.csproj]
C:\Program Files\dotnet\sdk\10.0.201\Microsoft.Common.CurrentVersion.targets(2451,5): warning MSB3277:             InfragisticsWPF4.DockManager.v15.1, Version=15.1.20151.2055, Culture=neutral, PublicKeyToken=7dd5c3163f2cd0cb, processorArchitecture=MSIL [C:\Users\ultra\warewolf\Dev\Warewolf.Studio.Core\Warewolf.Studio.Core.csproj]
C:\Program Files\dotnet\sdk\10.0.201\Microsoft.Common.CurrentVersion.targets(2451,5): warning MSB3277:         C:\Users\ultra\warewolf\Dev\Binaries\Infragistcs_Net6\InfragisticsWPF4.v15.1.dll [C:\Users\ultra\warewolf\Dev\Warewolf.Studio.Core\Warewolf.Studio.Core.csproj]
C:\Program Files\dotnet\sdk\10.0.201\Microsoft.Common.CurrentVersion.targets(2451,5): warning MSB3277:           Project file item includes which caused reference "C:\Users\ultra\warewolf\Dev\Binaries\Infragistcs_Net6\InfragisticsWPF4.v15.1.dll". [C:\Users\ultra\warewolf\Dev\Warewolf.Studio.Core\Warewolf.Studio.Core.csproj]
C:\Program Files\dotnet\sdk\10.0.201\Microsoft.Common.CurrentVersion.targets(2451,5): warning MSB3277:             InfragisticsWPF4.v15.1, Version=15.1.20151.2055, Culture=neutral, PublicKeyToken=7dd5c3163f2cd0cb, processorArchitecture=MSIL [C:\Users\ultra\warewolf\Dev\Warewolf.Studio.Core\Warewolf.Studio.Core.csproj]
C:\Program Files\dotnet\sdk\10.0.201\Microsoft.Common.CurrentVersion.targets(2451,5): warning MSB3277:             InfragisticsWPF4.Controls.Menus.XamDataTree.v15.1, Version=15.1.20151.2055, Culture=neutral, PublicKeyToken=7dd5c3163f2cd0cb, processorArchitecture=MSIL [C:\Users\ultra\warewolf\Dev\Warewolf.Studio.Core\Warewolf.Studio.Core.csproj]
C:\Program Files\dotnet\sdk\10.0.201\Microsoft.Common.CurrentVersion.targets(2451,5): warning MSB3277:             InfragisticsWPF4.DataManager.v15.1, Version=15.1.20151.2055, Culture=neutral, PublicKeyToken=7dd5c3163f2cd0cb, processorArchitecture=MSIL [C:\Users\ultra\warewolf\Dev\Warewolf.Studio.Core\Warewolf.Studio.Core.csproj]
C:\Program Files\dotnet\sdk\10.0.201\Microsoft.Common.CurrentVersion.targets(2451,5): warning MSB3277:             InfragisticsWPF4.DockManager.v15.1, Version=15.1.20151.2055, Culture=neutral, PublicKeyToken=7dd5c3163f2cd0cb, processorArchitecture=MSIL [C:\Users\ultra\warewolf\Dev\Warewolf.Studio.Core\Warewolf.Studio.Core.csproj]
C:\Program Files\dotnet\sdk\10.0.201\Microsoft.Common.CurrentVersion.targets(2451,5): warning MSB3277:         C:\Users\ultra\.nuget\packages\caliburn.micro\4.0.212\lib\netcoreapp3.1\Caliburn.Micro.Platform.dll [C:\Users\ultra\warewolf\Dev\Warewolf.Studio.Core\Warewolf.Studio.Core.csproj]
C:\Program Files\dotnet\sdk\10.0.201\Microsoft.Common.CurrentVersion.targets(2451,5): warning MSB3277:           Project file item includes which caused reference "C:\Users\ultra\.nuget\packages\caliburn.micro\4.0.212\lib\netcoreapp3.1\Caliburn.Micro.Platform.dll". [C:\Users\ultra\warewolf\Dev\Warewolf.Studio.Core\Warewolf.Studio.Core.csproj]
C:\Program Files\dotnet\sdk\10.0.201\Microsoft.Common.CurrentVersion.targets(2451,5): warning MSB3277:             C:\Users\ultra\.nuget\packages\caliburn.micro\4.0.212\lib\netcoreapp3.1\Caliburn.Micro.Platform.dll [C:\Users\ultra\warewolf\Dev\Warewolf.Studio.Core\Warewolf.Studio.Core.csproj]
C:\Program Files\dotnet\sdk\10.0.201\Microsoft.Common.CurrentVersion.targets(2451,5): warning MSB3277:         C:\Users\ultra\.nuget\packages\microsoft.xaml.behaviors.wpf\1.1.122\lib\net462\Microsoft.Xaml.Behaviors.dll [C:\Users\ultra\warewolf\Dev\Warewolf.Studio.Core\Warewolf.Studio.Core.csproj]
C:\Program Files\dotnet\sdk\10.0.201\Microsoft.Common.CurrentVersion.targets(2451,5): warning MSB3277:           Project file item includes which caused reference "C:\Users\ultra\.nuget\packages\microsoft.xaml.behaviors.wpf\1.1.122\lib\net462\Microsoft.Xaml.Behaviors.dll". [C:\Users\ultra\warewolf\Dev\Warewolf.Studio.Core\Warewolf.Studio.Core.csproj]
C:\Program Files\dotnet\sdk\10.0.201\Microsoft.Common.CurrentVersion.targets(2451,5): warning MSB3277:             C:\Users\ultra\.nuget\packages\microsoft.xaml.behaviors.wpf\1.1.122\lib\net462\Microsoft.Xaml.Behaviors.dll [C:\Users\ultra\warewolf\Dev\Warewolf.Studio.Core\Warewolf.Studio.Core.csproj]
C:\Program Files\dotnet\sdk\10.0.201\Microsoft.Common.CurrentVersion.targets(2451,5): warning MSB3277:             C:\Users\ultra\.nuget\packages\caliburn.micro\4.0.212\lib\netcoreapp3.1\Caliburn.Micro.Platform.dll [C:\Users\ultra\warewolf\Dev\Warewolf.Studio.Core\Warewolf.Studio.Core.csproj]
C:\Program Files\dotnet\sdk\10.0.201\Microsoft.Common.CurrentVersion.targets(2451,5): warning MSB3277:             C:\Users\ultra\.nuget\packages\prism.wpf\9.0.537\lib\net462\Prism.Wpf.dll [C:\Users\ultra\warewolf\Dev\Warewolf.Studio.Core\Warewolf.Studio.Core.csproj]
C:\Program Files\dotnet\sdk\10.0.201\Microsoft.Common.CurrentVersion.targets(2451,5): warning MSB3277:         C:\Users\ultra\.nuget\packages\prism.wpf\9.0.537\lib\net462\Prism.Wpf.dll [C:\Users\ultra\warewolf\Dev\Warewolf.Studio.Core\Warewolf.Studio.Core.csproj]
C:\Program Files\dotnet\sdk\10.0.201\Microsoft.Common.CurrentVersion.targets(2451,5): warning MSB3277:           Project file item includes which caused reference "C:\Users\ultra\.nuget\packages\prism.wpf\9.0.537\lib\net462\Prism.Wpf.dll". [C:\Users\ultra\warewolf\Dev\Warewolf.Studio.Core\Warewolf.Studio.Core.csproj]
C:\Program Files\dotnet\sdk\10.0.201\Microsoft.Common.CurrentVersion.targets(2451,5): warning MSB3277:             C:\Users\ultra\.nuget\packages\prism.wpf\9.0.537\lib\net462\Prism.Wpf.dll [C:\Users\ultra\warewolf\Dev\Warewolf.Studio.Core\Warewolf.Studio.Core.csproj]
C:\Program Files\dotnet\sdk\10.0.201\Microsoft.Common.CurrentVersion.targets(2451,5): warning MSB3277:         C:\Users\ultra\.nuget\packages\reactiveui.wpf\18.4.1\lib\net462\ReactiveUI.Wpf.dll [C:\Users\ultra\warewolf\Dev\Warewolf.Studio.Core\Warewolf.Studio.Core.csproj]
C:\Program Files\dotnet\sdk\10.0.201\Microsoft.Common.CurrentVersion.targets(2451,5): warning MSB3277:           Project file item includes which caused reference "C:\Users\ultra\.nuget\packages\reactiveui.wpf\18.4.1\lib\net462\ReactiveUI.Wpf.dll". [C:\Users\ultra\warewolf\Dev\Warewolf.Studio.Core\Warewolf.Studio.Core.csproj]
C:\Program Files\dotnet\sdk\10.0.201\Microsoft.Common.CurrentVersion.targets(2451,5): warning MSB3277:             C:\Users\ultra\.nuget\packages\reactiveui.wpf\18.4.1\lib\net462\ReactiveUI.Wpf.dll [C:\Users\ultra\warewolf\Dev\Warewolf.Studio.Core\Warewolf.Studio.Core.csproj]
C:\Program Files\dotnet\sdk\10.0.201\Microsoft.Common.CurrentVersion.targets(2451,5): warning MSB3277:         C:\Users\ultra\warewolf\Dev\Binaries\Infragistcs_Net6\InfragisticsWPF4.DragDrop.v15.1.dll [C:\Users\ultra\warewolf\Dev\Warewolf.Studio.Core\Warewolf.Studio.Core.csproj]
C:\Program Files\dotnet\sdk\10.0.201\Microsoft.Common.CurrentVersion.targets(2451,5): warning MSB3277:           Project file item includes which caused reference "C:\Users\ultra\warewolf\Dev\Binaries\Infragistcs_Net6\InfragisticsWPF4.DragDrop.v15.1.dll". [C:\Users\ultra\warewolf\Dev\Warewolf.Studio.Core\Warewolf.Studio.Core.csproj]
C:\Program Files\dotnet\sdk\10.0.201\Microsoft.Common.CurrentVersion.targets(2451,5): warning MSB3277:             InfragisticsWPF4.Controls.Menus.XamDataTree.v15.1, Version=15.1.20151.2055, Culture=neutral, PublicKeyToken=7dd5c3163f2cd0cb, processorArchitecture=MSIL [C:\Users\ultra\warewolf\Dev\Warewolf.Studio.Core\Warewolf.Studio.Core.csproj]
C:\Program Files\dotnet\sdk\10.0.201\Microsoft.Common.CurrentVersion.targets(2451,5): warning MSB3277: Found conflicts between different versions of "WindowsBase" that could not be resolved. [C:\Users\ultra\warewolf\Dev\Dev2.Activities\Dev2.Activities.csproj]
C:\Program Files\dotnet\sdk\10.0.201\Microsoft.Common.CurrentVersion.targets(2451,5): warning MSB3277: There was a conflict between "WindowsBase, Version=4.0.0.0, Culture=neutral, PublicKeyToken=31bf3856ad364e35" and "WindowsBase, Version=6.0.2.0, Culture=neutral, PublicKeyToken=31bf3856ad364e35". [C:\Users\ultra\warewolf\Dev\Dev2.Activities\Dev2.Activities.csproj]
C:\Program Files\dotnet\sdk\10.0.201\Microsoft.Common.CurrentVersion.targets(2451,5): warning MSB3277:     "WindowsBase, Version=4.0.0.0, Culture=neutral, PublicKeyToken=31bf3856ad364e35" was chosen because it was primary and "WindowsBase, Version=6.0.2.0, Culture=neutral, PublicKeyToken=31bf3856ad364e35" was not. [C:\Users\ultra\warewolf\Dev\Dev2.Activities\Dev2.Activities.csproj]
C:\Program Files\dotnet\sdk\10.0.201\Microsoft.Common.CurrentVersion.targets(2451,5): warning MSB3277:     References which depend on "WindowsBase, Version=4.0.0.0, Culture=neutral, PublicKeyToken=31bf3856ad364e35" [C:\Program Files\dotnet\packs\Microsoft.NETCore.App.Ref\8.0.25\ref\net8.0\WindowsBase.dll]. [C:\Users\ultra\warewolf\Dev\Dev2.Activities\Dev2.Activities.csproj]
C:\Program Files\dotnet\sdk\10.0.201\Microsoft.Common.CurrentVersion.targets(2451,5): warning MSB3277:         C:\Program Files\dotnet\packs\Microsoft.NETCore.App.Ref\8.0.25\ref\net8.0\WindowsBase.dll [C:\Users\ultra\warewolf\Dev\Dev2.Activities\Dev2.Activities.csproj]
C:\Program Files\dotnet\sdk\10.0.201\Microsoft.Common.CurrentVersion.targets(2451,5): warning MSB3277:           Project file item includes which caused reference "C:\Program Files\dotnet\packs\Microsoft.NETCore.App.Ref\8.0.25\ref\net8.0\WindowsBase.dll". [C:\Users\ultra\warewolf\Dev\Dev2.Activities\Dev2.Activities.csproj]
C:\Program Files\dotnet\sdk\10.0.201\Microsoft.Common.CurrentVersion.targets(2451,5): warning MSB3277:             C:\Program Files\dotnet\packs\Microsoft.NETCore.App.Ref\8.0.25\ref/net8.0/WindowsBase.dll [C:\Users\ultra\warewolf\Dev\Dev2.Activities\Dev2.Activities.csproj]
C:\Program Files\dotnet\sdk\10.0.201\Microsoft.Common.CurrentVersion.targets(2451,5): warning MSB3277:     References which depend on or have been unified to "WindowsBase, Version=6.0.2.0, Culture=neutral, PublicKeyToken=31bf3856ad364e35" []. [C:\Users\ultra\warewolf\Dev\Dev2.Activities\Dev2.Activities.csproj]
C:\Program Files\dotnet\sdk\10.0.201\Microsoft.Common.CurrentVersion.targets(2451,5): warning MSB3277:         C:\Users\ultra\.nuget\packages\caliburn.micro\4.0.212\lib\netcoreapp3.1\Caliburn.Micro.Platform.dll [C:\Users\ultra\warewolf\Dev\Dev2.Activities\Dev2.Activities.csproj]
C:\Program Files\dotnet\sdk\10.0.201\Microsoft.Common.CurrentVersion.targets(2451,5): warning MSB3277:           Project file item includes which caused reference "C:\Users\ultra\.nuget\packages\caliburn.micro\4.0.212\lib\netcoreapp3.1\Caliburn.Micro.Platform.dll". [C:\Users\ultra\warewolf\Dev\Dev2.Activities\Dev2.Activities.csproj]
C:\Program Files\dotnet\sdk\10.0.201\Microsoft.Common.CurrentVersion.targets(2451,5): warning MSB3277:             C:\Users\ultra\.nuget\packages\caliburn.micro\4.0.212\lib\netcoreapp3.1\Caliburn.Micro.Platform.dll [C:\Users\ultra\warewolf\Dev\Dev2.Activities\Dev2.Activities.csproj]
C:\Program Files\dotnet\sdk\10.0.201\Microsoft.Common.CurrentVersion.targets(2451,5): warning MSB3277:         C:\Users\ultra\.nuget\packages\ironpython\3.4.0\lib\net6.0\IronPython.Wpf.dll [C:\Users\ultra\warewolf\Dev\Dev2.Activities\Dev2.Activities.csproj]
C:\Program Files\dotnet\sdk\10.0.201\Microsoft.Common.CurrentVersion.targets(2451,5): warning MSB3277:           Project file item includes which caused reference "C:\Users\ultra\.nuget\packages\ironpython\3.4.0\lib\net6.0\IronPython.Wpf.dll". [C:\Users\ultra\warewolf\Dev\Dev2.Activities\Dev2.Activities.csproj]
C:\Program Files\dotnet\sdk\10.0.201\Microsoft.Common.CurrentVersion.targets(2451,5): warning MSB3277:             C:\Users\ultra\.nuget\packages\ironpython\3.4.0\lib\net6.0\IronPython.Wpf.dll [C:\Users\ultra\warewolf\Dev\Dev2.Activities\Dev2.Activities.csproj]
C:\Program Files\dotnet\sdk\10.0.201\Microsoft.Common.CurrentVersion.targets(2451,5): warning MSB3277:         C:\Users\ultra\.nuget\packages\microsoft.xaml.behaviors.wpf\1.1.19\lib\netcoreapp3.0\Microsoft.Xaml.Behaviors.dll [C:\Users\ultra\warewolf\Dev\Dev2.Activities\Dev2.Activities.csproj]
C:\Program Files\dotnet\sdk\10.0.201\Microsoft.Common.CurrentVersion.targets(2451,5): warning MSB3277:           Project file item includes which caused reference "C:\Users\ultra\.nuget\packages\microsoft.xaml.behaviors.wpf\1.1.19\lib\netcoreapp3.0\Microsoft.Xaml.Behaviors.dll". [C:\Users\ultra\warewolf\Dev\Dev2.Activities\Dev2.Activities.csproj]
C:\Program Files\dotnet\sdk\10.0.201\Microsoft.Common.CurrentVersion.targets(2451,5): warning MSB3277:             C:\Users\ultra\.nuget\packages\microsoft.xaml.behaviors.wpf\1.1.19\lib\netcoreapp3.0\Microsoft.Xaml.Behaviors.dll [C:\Users\ultra\warewolf\Dev\Dev2.Activities\Dev2.Activities.csproj]
C:\Program Files\dotnet\sdk\10.0.201\Microsoft.Common.CurrentVersion.targets(2451,5): warning MSB3277:             C:\Users\ultra\.nuget\packages\caliburn.micro\4.0.212\lib\netcoreapp3.1\Caliburn.Micro.Platform.dll [C:\Users\ultra\warewolf\Dev\Dev2.Activities\Dev2.Activities.csproj]
C:\Program Files\dotnet\sdk\10.0.201\Microsoft.Common.CurrentVersion.targets(2451,5): warning MSB3277:         C:\Users\ultra\.nuget\packages\reactiveui.wpf\18.4.1\lib\net462\ReactiveUI.Wpf.dll [C:\Users\ultra\warewolf\Dev\Dev2.Activities\Dev2.Activities.csproj]
C:\Program Files\dotnet\sdk\10.0.201\Microsoft.Common.CurrentVersion.targets(2451,5): warning MSB3277:           Project file item includes which caused reference "C:\Users\ultra\.nuget\packages\reactiveui.wpf\18.4.1\lib\net462\ReactiveUI.Wpf.dll". [C:\Users\ultra\warewolf\Dev\Dev2.Activities\Dev2.Activities.csproj]
C:\Program Files\dotnet\sdk\10.0.201\Microsoft.Common.CurrentVersion.targets(2451,5): warning MSB3277:             C:\Users\ultra\.nuget\packages\reactiveui.wpf\18.4.1\lib\net462\ReactiveUI.Wpf.dll [C:\Users\ultra\warewolf\Dev\Dev2.Activities\Dev2.Activities.csproj]
  Consider app.config remapping of assembly "System.Runtime.CompilerServices.Unsafe, Culture=neutral, PublicKeyToken=b03f5f7f11d50a3a" from Version "6.0.0.0" [] to Version "8.0.0.0" [C:\Program Files\dotnet\packs\Microsoft.NETCore.App.Ref\8.0.25\ref\net8.0\System.Runtime.CompilerServices.Unsafe.dll] to solve conflict and get rid of warning.
  Warewolf.Testing -> C:\Users\ultra\warewolf\Dev\Warewolf.Testing\bin\Debug\net8.0\Warewolf.Testing.dll
  Warewolf.Studio.Core -> C:\Users\ultra\warewolf\Dev\Warewolf.Studio.Core\bin\Debug\net8.0\Warewolf.Studio.Core.dll
C:\Users\ultra\warewolf\Dev\Dev2.Activities\WorkflowConverters\ActivityPropertiesReaderHelper.cs(54,45): warning CS8632: The annotation for nullable reference types should only be used in code within a '#nullable' annotations context. [C:\Users\ultra\warewolf\Dev\Dev2.Activities\Dev2.Activities.csproj]
C:\Users\ultra\warewolf\Dev\Dev2.Activities\WorkflowConverters\SwitchActivityDataHelper.cs(106,58): warning CS8632: The annotation for nullable reference types should only be used in code within a '#nullable' annotations context. [C:\Users\ultra\warewolf\Dev\Dev2.Activities\Dev2.Activities.csproj]
C:\Users\ultra\warewolf\Dev\Dev2.Activities\WorkflowConverters\SwitchActivityDataHelper.cs(225,65): warning CS8632: The annotation for nullable reference types should only be used in code within a '#nullable' annotations context. [C:\Users\ultra\warewolf\Dev\Dev2.Activities\Dev2.Activities.csproj]
C:\Users\ultra\warewolf\Dev\Dev2.Activities\WorkflowConverters\SwitchActivityDataHelper.cs(225,25): warning CS8632: The annotation for nullable reference types should only be used in code within a '#nullable' annotations context. [C:\Users\ultra\warewolf\Dev\Dev2.Activities\Dev2.Activities.csproj]
C:\Users\ultra\warewolf\Dev\Dev2.Activities\WorkflowConverters\SwitchActivityDataHelper.cs(342,61): warning CS8632: The annotation for nullable reference types should only be used in code within a '#nullable' annotations context. [C:\Users\ultra\warewolf\Dev\Dev2.Activities\Dev2.Activities.csproj]
C:\Users\ultra\warewolf\Dev\Dev2.Activities\WorkflowConverters\SwitchActivityDataHelper.cs(342,30): warning CS8632: The annotation for nullable reference types should only be used in code within a '#nullable' annotations context. [C:\Users\ultra\warewolf\Dev\Dev2.Activities\Dev2.Activities.csproj]
C:\Users\ultra\warewolf\Dev\Dev2.Activities\WorkflowConverters\SwitchActivityDataHelper.cs(32,25): warning CS8632: The annotation for nullable reference types should only be used in code within a '#nullable' annotations context. [C:\Users\ultra\warewolf\Dev\Dev2.Activities\Dev2.Activities.csproj]
C:\Users\ultra\warewolf\Dev\Dev2.Activities\WorkflowConverters\SwitchActivityDataHelper.cs(33,25): warning CS8632: The annotation for nullable reference types should only be used in code within a '#nullable' annotations context. [C:\Users\ultra\warewolf\Dev\Dev2.Activities\Dev2.Activities.csproj]
C:\Users\ultra\warewolf\Dev\Dev2.Activities\WorkflowConverters\SwitchActivityDataHelper.cs(34,25): warning CS8632: The annotation for nullable reference types should only be used in code within a '#nullable' annotations context. [C:\Users\ultra\warewolf\Dev\Dev2.Activities\Dev2.Activities.csproj]
C:\Users\ultra\warewolf\Dev\Dev2.Activities\WorkflowConverters\SwitchActivityDataHelper.cs(35,25): warning CS8632: The annotation for nullable reference types should only be used in code within a '#nullable' annotations context. [C:\Users\ultra\warewolf\Dev\Dev2.Activities\Dev2.Activities.csproj]
C:\Users\ultra\warewolf\Dev\Dev2.Activities\WorkflowConverters\SwitchActivityDataHelper.cs(36,25): warning CS8632: The annotation for nullable reference types should only be used in code within a '#nullable' annotations context. [C:\Users\ultra\warewolf\Dev\Dev2.Activities\Dev2.Activities.csproj]
C:\Users\ultra\warewolf\Dev\Dev2.Activities\WorkflowConverters\SwitchActivityDataHelper.cs(37,25): warning CS8632: The annotation for nullable reference types should only be used in code within a '#nullable' annotations context. [C:\Users\ultra\warewolf\Dev\Dev2.Activities\Dev2.Activities.csproj]
C:\Users\ultra\warewolf\Dev\Dev2.Activities\WorkflowConverters\SwitchActivityDataHelper.cs(108,19): warning CS8632: The annotation for nullable reference types should only be used in code within a '#nullable' annotations context. [C:\Users\ultra\warewolf\Dev\Dev2.Activities\Dev2.Activities.csproj]
C:\Users\ultra\warewolf\Dev\Dev2.Activities\WorkflowConverters\ActivityPropertiesReaderHelper.cs(60,59): warning CS8632: The annotation for nullable reference types should only be used in code within a '#nullable' annotations context. [C:\Users\ultra\warewolf\Dev\Dev2.Activities\Dev2.Activities.csproj]
C:\Users\ultra\warewolf\Dev\Dev2.Activities\Activities\GateActivity.cs(733,24): warning CC0022: WarewolfListIterator should be disposed. (https://code-cracker.github.io/diagnostics/CC0022.html) [C:\Users\ultra\warewolf\Dev\Dev2.Activities\Dev2.Activities.csproj]
C:\Users\ultra\warewolf\Dev\Dev2.Activities\Activities\GateActivity.cs(639,21): warning CC0003: Consider adding an Exception to the catch. (https://code-cracker.github.io/diagnostics/CC0003.html) [C:\Users\ultra\warewolf\Dev\Dev2.Activities\Dev2.Activities.csproj]
C:\Users\ultra\warewolf\Dev\Dev2.Activities\Activities\GateActivity.cs(656,21): warning CC0003: Consider adding an Exception to the catch. (https://code-cracker.github.io/diagnostics/CC0003.html) [C:\Users\ultra\warewolf\Dev\Dev2.Activities\Dev2.Activities.csproj]
C:\Users\ultra\warewolf\Dev\Dev2.Activities\WorkflowConverters\X6ToWorkflowConverter.cs(375,13): warning CC0003: Consider adding an Exception to the catch. (https://code-cracker.github.io/diagnostics/CC0003.html) [C:\Users\ultra\warewolf\Dev\Dev2.Activities\Dev2.Activities.csproj]
C:\Users\ultra\warewolf\Dev\Dev2.Activities\WorkflowConverters\X6ToWorkflowConverter.cs(833,17): warning CC0120: Consider put an default clause in Switch. (https://code-cracker.github.io/diagnostics/CC0120.html) [C:\Users\ultra\warewolf\Dev\Dev2.Activities\Dev2.Activities.csproj]
C:\Users\ultra\warewolf\Dev\Dev2.Activities\WorkflowConverters\X6ToWorkflowConverter.cs(958,13): warning CC0004: Empty Catch Block. (https://code-cracker.github.io/diagnostics/CC0004.html) [C:\Users\ultra\warewolf\Dev\Dev2.Activities\Dev2.Activities.csproj]
C:\Users\ultra\warewolf\Dev\Dev2.Activities\Activities\PathOperations\FileWriteActivity.cs(54,26): warning CC0022: WarewolfListIterator should be disposed. (https://code-cracker.github.io/diagnostics/CC0022.html) [C:\Users\ultra\warewolf\Dev\Dev2.Activities\Dev2.Activities.csproj]
C:\Users\ultra\warewolf\Dev\Dev2.Activities\WorkflowConverters\WorkflowToX6Converter.cs(567,13): warning CC0105: Use 'var' instead of specifying the type name. (https://code-cracker.github.io/diagnostics/CC0105.html) [C:\Users\ultra\warewolf\Dev\Dev2.Activities\Dev2.Activities.csproj]
C:\Users\ultra\warewolf\Dev\Dev2.Activities\WorkflowConverters\WorkflowToX6Converter.cs(998,13): warning CC0004: Empty Catch Block. (https://code-cracker.github.io/diagnostics/CC0004.html) [C:\Users\ultra\warewolf\Dev\Dev2.Activities\Dev2.Activities.csproj]
C:\Users\ultra\warewolf\Dev\Dev2.Activities\Activities\WebPostActivity.cs(238,28): warning CC0022: WarewolfListIterator should be disposed. (https://code-cracker.github.io/diagnostics/CC0022.html) [C:\Users\ultra\warewolf\Dev\Dev2.Activities\Dev2.Activities.csproj]
C:\Users\ultra\warewolf\Dev\Dev2.Activities\WorkflowConverters\WorkflowToX6Converter.cs(1376,17): warning CC0004: Empty Catch Block. (https://code-cracker.github.io/diagnostics/CC0004.html) [C:\Users\ultra\warewolf\Dev\Dev2.Activities\Dev2.Activities.csproj]
C:\Users\ultra\warewolf\Dev\Dev2.Activities\WorkflowConverters\WorkflowToX6Converter.cs(1365,13): warning CC0006: You can use foreach instead of for. (https://code-cracker.github.io/diagnostics/CC0006.html) [C:\Users\ultra\warewolf\Dev\Dev2.Activities\Dev2.Activities.csproj]
C:\Users\ultra\warewolf\Dev\Dev2.Activities\Activities\WebPostActivityNew.cs(281,28): warning CC0022: WarewolfListIterator should be disposed. (https://code-cracker.github.io/diagnostics/CC0022.html) [C:\Users\ultra\warewolf\Dev\Dev2.Activities\Dev2.Activities.csproj]
C:\Users\ultra\warewolf\Dev\Dev2.Activities\Activities\DsfWebActivityBase.cs(136,96): warning CC0022: StringContent should be disposed. (https://code-cracker.github.io/diagnostics/CC0022.html) [C:\Users\ultra\warewolf\Dev\Dev2.Activities\Dev2.Activities.csproj]
C:\Users\ultra\warewolf\Dev\Dev2.Activities\Activities\DsfWebActivityBase.cs(158,42): warning CC0022: StreamReader should be disposed. (https://code-cracker.github.io/diagnostics/CC0022.html) [C:\Users\ultra\warewolf\Dev\Dev2.Activities\Dev2.Activities.csproj]
C:\Users\ultra\warewolf\Dev\Dev2.Activities\Activities\DsfWebActivityBase.cs(175,35): warning CC0022: ByteArrayContent should be disposed. (https://code-cracker.github.io/diagnostics/CC0022.html) [C:\Users\ultra\warewolf\Dev\Dev2.Activities\Dev2.Activities.csproj]
C:\Users\ultra\warewolf\Dev\Dev2.Activities\Activities\DsfWebActivityBase.cs(184,31): warning CC0022: StringContent should be disposed. (https://code-cracker.github.io/diagnostics/CC0022.html) [C:\Users\ultra\warewolf\Dev\Dev2.Activities\Dev2.Activities.csproj]
C:\Users\ultra\warewolf\Dev\Dev2.Activities\Activities\GetSystemInformationHelper.cs(332,60): warning CA1416: This call site is reachable on all platforms. 'ManagementBaseObject.this[string]' is only supported on: 'windows'. (https://learn.microsoft.com/dotnet/fundamentals/code-analysis/quality-rules/ca1416) [C:\Users\ultra\warewolf\Dev\Dev2.Activities\Dev2.Activities.csproj]
C:\Users\ultra\warewolf\Dev\Dev2.Activities\Activities\GetSystemInformationHelper.cs(327,28): warning CA1416: This call site is reachable on all platforms. 'ManagementObjectSearcher' is only supported on: 'windows'. (https://learn.microsoft.com/dotnet/fundamentals/code-analysis/quality-rules/ca1416) [C:\Users\ultra\warewolf\Dev\Dev2.Activities\Dev2.Activities.csproj]
C:\Users\ultra\warewolf\Dev\Dev2.Activities\Activities\GetSystemInformationHelper.cs(329,31): warning CA1416: This call site is reachable on all platforms. 'ManagementObjectSearcher.Get()' is only supported on: 'windows'. (https://learn.microsoft.com/dotnet/fundamentals/code-analysis/quality-rules/ca1416) [C:\Users\ultra\warewolf\Dev\Dev2.Activities\Dev2.Activities.csproj]
C:\Users\ultra\warewolf\Dev\Dev2.Activities\Activities\GetSystemInformationHelper.cs(326,28): warning CA1416: This call site is reachable on all platforms. 'ObjectQuery' is only supported on: 'windows'. (https://learn.microsoft.com/dotnet/fundamentals/code-analysis/quality-rules/ca1416) [C:\Users\ultra\warewolf\Dev\Dev2.Activities\Dev2.Activities.csproj]
C:\Users\ultra\warewolf\Dev\Dev2.Activities\Activities\GetSystemInformationHelper.cs(95,36): warning CA1416: This call site is reachable on all platforms. 'ManagementBaseObject.GetPropertyValue(string)' is only supported on: 'windows'. (https://learn.microsoft.com/dotnet/fundamentals/code-analysis/quality-rules/ca1416) [C:\Users\ultra\warewolf\Dev\Dev2.Activities\Dev2.Activities.csproj]
C:\Users\ultra\warewolf\Dev\Dev2.Activities\Activities\GetSystemInformationHelper.cs(374,37): warning CA1416: This call site is reachable on all platforms. 'WindowsIdentity.Groups' is only supported on: 'windows'. (https://learn.microsoft.com/dotnet/fundamentals/code-analysis/quality-rules/ca1416) [C:\Users\ultra\warewolf\Dev\Dev2.Activities\Dev2.Activities.csproj]
C:\Users\ultra\warewolf\Dev\Dev2.Activities\Activities\GetSystemInformationHelper.cs(372,17): warning CA1416: This call site is reachable on all platforms. 'WindowsIdentity.Groups' is only supported on: 'windows'. (https://learn.microsoft.com/dotnet/fundamentals/code-analysis/quality-rules/ca1416) [C:\Users\ultra\warewolf\Dev\Dev2.Activities\Dev2.Activities.csproj]
C:\Users\ultra\warewolf\Dev\Dev2.Activities\Activities\GetSystemInformationHelper.cs(370,92): warning CA1416: This call site is reachable on all platforms. 'WindowsIdentity.GetCurrent()' is only supported on: 'windows'. (https://learn.microsoft.com/dotnet/fundamentals/code-analysis/quality-rules/ca1416) [C:\Users\ultra\warewolf\Dev\Dev2.Activities\Dev2.Activities.csproj]
C:\Users\ultra\warewolf\Dev\Dev2.Activities\Activities\GetSystemInformationHelper.cs(346,58): warning CA1416: This call site is reachable on all platforms. 'ManagementBaseObject.this[string]' is only supported on: 'windows'. (https://learn.microsoft.com/dotnet/fundamentals/code-analysis/quality-rules/ca1416) [C:\Users\ultra\warewolf\Dev\Dev2.Activities\Dev2.Activities.csproj]
C:\Users\ultra\warewolf\Dev\Dev2.Activities\Activities\GetSystemInformationHelper.cs(345,53): warning CA1416: This call site is reachable on all platforms. 'ManagementBaseObject.this[string]' is only supported on: 'windows'. (https://learn.microsoft.com/dotnet/fundamentals/code-analysis/quality-rules/ca1416) [C:\Users\ultra\warewolf\Dev\Dev2.Activities\Dev2.Activities.csproj]
C:\Users\ultra\warewolf\Dev\Dev2.Activities\Activities\GetSystemInformationHelper.cs(341,28): warning CA1416: This call site is reachable on all platforms. 'ManagementObjectSearcher' is only supported on: 'windows'. (https://learn.microsoft.com/dotnet/fundamentals/code-analysis/quality-rules/ca1416) [C:\Users\ultra\warewolf\Dev\Dev2.Activities\Dev2.Activities.csproj]
C:\Users\ultra\warewolf\Dev\Dev2.Activities\Activities\GetSystemInformationHelper.cs(342,31): warning CA1416: This call site is reachable on all platforms. 'ManagementObjectSearcher.Get()' is only supported on: 'windows'. (https://learn.microsoft.com/dotnet/fundamentals/code-analysis/quality-rules/ca1416) [C:\Users\ultra\warewolf\Dev\Dev2.Activities\Dev2.Activities.csproj]
C:\Users\ultra\warewolf\Dev\Dev2.Activities\Activities\GetSystemInformationHelper.cs(340,28): warning CA1416: This call site is reachable on all platforms. 'ObjectQuery' is only supported on: 'windows'. (https://learn.microsoft.com/dotnet/fundamentals/code-analysis/quality-rules/ca1416) [C:\Users\ultra\warewolf\Dev\Dev2.Activities\Dev2.Activities.csproj]
C:\Users\ultra\warewolf\Dev\Dev2.Activities\Activities\GetSystemInformationHelper.cs(387,28): warning CA1416: This call site is reachable on all platforms. 'IdentityReference.Value' is only supported on: 'windows'. (https://learn.microsoft.com/dotnet/fundamentals/code-analysis/quality-rules/ca1416) [C:\Users\ultra\warewolf\Dev\Dev2.Activities\Dev2.Activities.csproj]
C:\Users\ultra\warewolf\Dev\Dev2.Activities\Activities\GetSystemInformationHelper.cs(392,90): warning CA1416: This call site is reachable on all platforms. 'IdentityReference.Value' is only supported on: 'windows'. (https://learn.microsoft.com/dotnet/fundamentals/code-analysis/quality-rules/ca1416) [C:\Users\ultra\warewolf\Dev\Dev2.Activities\Dev2.Activities.csproj]
C:\Users\ultra\warewolf\Dev\Dev2.Activities\Activities\GetSystemInformationHelper.cs(397,49): warning CA1416: This call site is reachable on all platforms. 'ManagementBaseObject.this[string]' is only supported on: 'windows'. (https://learn.microsoft.com/dotnet/fundamentals/code-analysis/quality-rules/ca1416) [C:\Users\ultra\warewolf\Dev\Dev2.Activities\Dev2.Activities.csproj]
C:\Users\ultra\warewolf\Dev\Dev2.Activities\Activities\GetSystemInformationHelper.cs(394,35): warning CA1416: This call site is reachable on all platforms. 'ManagementObjectSearcher.Get()' is only supported on: 'windows'. (https://learn.microsoft.com/dotnet/fundamentals/code-analysis/quality-rules/ca1416) [C:\Users\ultra\warewolf\Dev\Dev2.Activities\Dev2.Activities.csproj]
C:\Users\ultra\warewolf\Dev\Dev2.Activities\Activities\GetSystemInformationHelper.cs(393,32): warning CA1416: This call site is reachable on all platforms. 'ManagementObjectSearcher' is only supported on: 'windows'. (https://learn.microsoft.com/dotnet/fundamentals/code-analysis/quality-rules/ca1416) [C:\Users\ultra\warewolf\Dev\Dev2.Activities\Dev2.Activities.csproj]
C:\Users\ultra\warewolf\Dev\Dev2.Activities\Activities\GetSystemInformationHelper.cs(386,39): warning CA1416: This call site is reachable on all platforms. 'IdentityReference.Translate(Type)' is only supported on: 'windows'. (https://learn.microsoft.com/dotnet/fundamentals/code-analysis/quality-rules/ca1416) [C:\Users\ultra\warewolf\Dev\Dev2.Activities\Dev2.Activities.csproj]
C:\Users\ultra\warewolf\Dev\Dev2.Activities\Activities\GetSystemInformationHelper.cs(392,32): warning CA1416: This call site is reachable on all platforms. 'ObjectQuery' is only supported on: 'windows'. (https://learn.microsoft.com/dotnet/fundamentals/code-analysis/quality-rules/ca1416) [C:\Users\ultra\warewolf\Dev\Dev2.Activities\Dev2.Activities.csproj]
C:\Users\ultra\warewolf\Dev\Dev2.Activities\Activities\GetSystemInformationHelper.cs(431,57): warning CA1416: This call site is reachable on all platforms. 'ManagementBaseObject.this[string]' is only supported on: 'windows'. (https://learn.microsoft.com/dotnet/fundamentals/code-analysis/quality-rules/ca1416) [C:\Users\ultra\warewolf\Dev\Dev2.Activities\Dev2.Activities.csproj]
C:\Users\ultra\warewolf\Dev\Dev2.Activities\Activities\GetSystemInformationHelper.cs(426,32): warning CA1416: This call site is reachable on all platforms. 'ObjectQuery' is only supported on: 'windows'. (https://learn.microsoft.com/dotnet/fundamentals/code-analysis/quality-rules/ca1416) [C:\Users\ultra\warewolf\Dev\Dev2.Activities\Dev2.Activities.csproj]
C:\Users\ultra\warewolf\Dev\Dev2.Activities\Activities\GetSystemInformationHelper.cs(428,35): warning CA1416: This call site is reachable on all platforms. 'ManagementObjectSearcher.Get()' is only supported on: 'windows'. (https://learn.microsoft.com/dotnet/fundamentals/code-analysis/quality-rules/ca1416) [C:\Users\ultra\warewolf\Dev\Dev2.Activities\Dev2.Activities.csproj]
C:\Users\ultra\warewolf\Dev\Dev2.Activities\Activities\GetSystemInformationHelper.cs(427,32): warning CA1416: This call site is reachable on all platforms. 'ManagementObjectSearcher' is only supported on: 'windows'. (https://learn.microsoft.com/dotnet/fundamentals/code-analysis/quality-rules/ca1416) [C:\Users\ultra\warewolf\Dev\Dev2.Activities\Dev2.Activities.csproj]
  Dev2.Activities -> C:\Users\ultra\warewolf\Dev\Dev2.Activities\bin\Debug\net8.0\Dev2.Activities.dll
C:\Program Files\dotnet\sdk\10.0.201\Microsoft.Common.CurrentVersion.targets(2451,5): warning MSB3277: Found conflicts between different versions of "WindowsBase" that could not be resolved. [C:\Users\ultra\warewolf\Dev\Dev2.Runtime\Dev2.Runtime.csproj]
C:\Program Files\dotnet\sdk\10.0.201\Microsoft.Common.CurrentVersion.targets(2451,5): warning MSB3277: There was a conflict between "WindowsBase, Version=4.0.0.0, Culture=neutral, PublicKeyToken=31bf3856ad364e35" and "WindowsBase, Version=6.0.2.0, Culture=neutral, PublicKeyToken=31bf3856ad364e35". [C:\Users\ultra\warewolf\Dev\Dev2.Runtime\Dev2.Runtime.csproj]
C:\Program Files\dotnet\sdk\10.0.201\Microsoft.Common.CurrentVersion.targets(2451,5): warning MSB3277:     "WindowsBase, Version=4.0.0.0, Culture=neutral, PublicKeyToken=31bf3856ad364e35" was chosen because it was primary and "WindowsBase, Version=6.0.2.0, Culture=neutral, PublicKeyToken=31bf3856ad364e35" was not. [C:\Users\ultra\warewolf\Dev\Dev2.Runtime\Dev2.Runtime.csproj]
C:\Program Files\dotnet\sdk\10.0.201\Microsoft.Common.CurrentVersion.targets(2451,5): warning MSB3277:     References which depend on "WindowsBase, Version=4.0.0.0, Culture=neutral, PublicKeyToken=31bf3856ad364e35" [C:\Program Files\dotnet\packs\Microsoft.NETCore.App.Ref\8.0.25\ref\net8.0\WindowsBase.dll]. [C:\Users\ultra\warewolf\Dev\Dev2.Runtime\Dev2.Runtime.csproj]
C:\Program Files\dotnet\sdk\10.0.201\Microsoft.Common.CurrentVersion.targets(2451,5): warning MSB3277:         C:\Program Files\dotnet\packs\Microsoft.NETCore.App.Ref\8.0.25\ref\net8.0\WindowsBase.dll [C:\Users\ultra\warewolf\Dev\Dev2.Runtime\Dev2.Runtime.csproj]
C:\Program Files\dotnet\sdk\10.0.201\Microsoft.Common.CurrentVersion.targets(2451,5): warning MSB3277:           Project file item includes which caused reference "C:\Program Files\dotnet\packs\Microsoft.NETCore.App.Ref\8.0.25\ref\net8.0\WindowsBase.dll". [C:\Users\ultra\warewolf\Dev\Dev2.Runtime\Dev2.Runtime.csproj]
C:\Program Files\dotnet\sdk\10.0.201\Microsoft.Common.CurrentVersion.targets(2451,5): warning MSB3277:             C:\Program Files\dotnet\packs\Microsoft.NETCore.App.Ref\8.0.25\ref/net8.0/WindowsBase.dll [C:\Users\ultra\warewolf\Dev\Dev2.Runtime\Dev2.Runtime.csproj]
C:\Program Files\dotnet\sdk\10.0.201\Microsoft.Common.CurrentVersion.targets(2451,5): warning MSB3277:     References which depend on or have been unified to "WindowsBase, Version=6.0.2.0, Culture=neutral, PublicKeyToken=31bf3856ad364e35" []. [C:\Users\ultra\warewolf\Dev\Dev2.Runtime\Dev2.Runtime.csproj]
C:\Program Files\dotnet\sdk\10.0.201\Microsoft.Common.CurrentVersion.targets(2451,5): warning MSB3277:         C:\Users\ultra\.nuget\packages\caliburn.micro\4.0.212\lib\netcoreapp3.1\Caliburn.Micro.Platform.dll [C:\Users\ultra\warewolf\Dev\Dev2.Runtime\Dev2.Runtime.csproj]
C:\Program Files\dotnet\sdk\10.0.201\Microsoft.Common.CurrentVersion.targets(2451,5): warning MSB3277:           Project file item includes which caused reference "C:\Users\ultra\.nuget\packages\caliburn.micro\4.0.212\lib\netcoreapp3.1\Caliburn.Micro.Platform.dll". [C:\Users\ultra\warewolf\Dev\Dev2.Runtime\Dev2.Runtime.csproj]
C:\Program Files\dotnet\sdk\10.0.201\Microsoft.Common.CurrentVersion.targets(2451,5): warning MSB3277:             C:\Users\ultra\.nuget\packages\caliburn.micro\4.0.212\lib\netcoreapp3.1\Caliburn.Micro.Platform.dll [C:\Users\ultra\warewolf\Dev\Dev2.Runtime\Dev2.Runtime.csproj]
C:\Program Files\dotnet\sdk\10.0.201\Microsoft.Common.CurrentVersion.targets(2451,5): warning MSB3277:         C:\Users\ultra\.nuget\packages\ironpython\3.4.0\lib\net6.0\IronPython.Wpf.dll [C:\Users\ultra\warewolf\Dev\Dev2.Runtime\Dev2.Runtime.csproj]
C:\Program Files\dotnet\sdk\10.0.201\Microsoft.Common.CurrentVersion.targets(2451,5): warning MSB3277:           Project file item includes which caused reference "C:\Users\ultra\.nuget\packages\ironpython\3.4.0\lib\net6.0\IronPython.Wpf.dll". [C:\Users\ultra\warewolf\Dev\Dev2.Runtime\Dev2.Runtime.csproj]
C:\Program Files\dotnet\sdk\10.0.201\Microsoft.Common.CurrentVersion.targets(2451,5): warning MSB3277:             C:\Users\ultra\.nuget\packages\ironpython\3.4.0\lib\net6.0\IronPython.Wpf.dll [C:\Users\ultra\warewolf\Dev\Dev2.Runtime\Dev2.Runtime.csproj]
C:\Program Files\dotnet\sdk\10.0.201\Microsoft.Common.CurrentVersion.targets(2451,5): warning MSB3277:         C:\Users\ultra\.nuget\packages\microsoft.xaml.behaviors.wpf\1.1.19\lib\netcoreapp3.0\Microsoft.Xaml.Behaviors.dll [C:\Users\ultra\warewolf\Dev\Dev2.Runtime\Dev2.Runtime.csproj]
C:\Program Files\dotnet\sdk\10.0.201\Microsoft.Common.CurrentVersion.targets(2451,5): warning MSB3277:           Project file item includes which caused reference "C:\Users\ultra\.nuget\packages\microsoft.xaml.behaviors.wpf\1.1.19\lib\netcoreapp3.0\Microsoft.Xaml.Behaviors.dll". [C:\Users\ultra\warewolf\Dev\Dev2.Runtime\Dev2.Runtime.csproj]
C:\Program Files\dotnet\sdk\10.0.201\Microsoft.Common.CurrentVersion.targets(2451,5): warning MSB3277:             C:\Users\ultra\.nuget\packages\microsoft.xaml.behaviors.wpf\1.1.19\lib\netcoreapp3.0\Microsoft.Xaml.Behaviors.dll [C:\Users\ultra\warewolf\Dev\Dev2.Runtime\Dev2.Runtime.csproj]
C:\Program Files\dotnet\sdk\10.0.201\Microsoft.Common.CurrentVersion.targets(2451,5): warning MSB3277:             C:\Users\ultra\.nuget\packages\caliburn.micro\4.0.212\lib\netcoreapp3.1\Caliburn.Micro.Platform.dll [C:\Users\ultra\warewolf\Dev\Dev2.Runtime\Dev2.Runtime.csproj]
C:\Program Files\dotnet\sdk\10.0.201\Microsoft.Common.CurrentVersion.targets(2451,5): warning MSB3277:         C:\Users\ultra\.nuget\packages\reactiveui.wpf\18.4.1\lib\net462\ReactiveUI.Wpf.dll [C:\Users\ultra\warewolf\Dev\Dev2.Runtime\Dev2.Runtime.csproj]
C:\Program Files\dotnet\sdk\10.0.201\Microsoft.Common.CurrentVersion.targets(2451,5): warning MSB3277:           Project file item includes which caused reference "C:\Users\ultra\.nuget\packages\reactiveui.wpf\18.4.1\lib\net462\ReactiveUI.Wpf.dll". [C:\Users\ultra\warewolf\Dev\Dev2.Runtime\Dev2.Runtime.csproj]
C:\Program Files\dotnet\sdk\10.0.201\Microsoft.Common.CurrentVersion.targets(2451,5): warning MSB3277:             C:\Users\ultra\.nuget\packages\reactiveui.wpf\18.4.1\lib\net462\ReactiveUI.Wpf.dll [C:\Users\ultra\warewolf\Dev\Dev2.Runtime\Dev2.Runtime.csproj]
C:\Users\ultra\warewolf\Dev\Dev2.Runtime\ESB\Execution\RemoteWorkflowExecutionContainer.cs(235,35): warning SYSLIB0013: 'Uri.EscapeUriString(string)' is obsolete: 'Uri.EscapeUriString can corrupt the Uri string in some cases. Consider using Uri.EscapeDataString for query string components instead.' (https://aka.ms/dotnet-warnings/SYSLIB0013) [C:\Users\ultra\warewolf\Dev\Dev2.Runtime\Dev2.Runtime.csproj]
C:\Users\ultra\warewolf\Dev\Dev2.Runtime\ESB\Execution\RemoteWorkflowExecutionContainer.cs(301,39): warning SYSLIB0013: 'Uri.EscapeUriString(string)' is obsolete: 'Uri.EscapeUriString can corrupt the Uri string in some cases. Consider using Uri.EscapeDataString for query string components instead.' (https://aka.ms/dotnet-warnings/SYSLIB0013) [C:\Users\ultra\warewolf\Dev\Dev2.Runtime\Dev2.Runtime.csproj]
C:\Users\ultra\warewolf\Dev\Dev2.Runtime\ESB\Execution\WfExecutionContainer.cs(63,35): warning CC0067: Do not call overridable methods in constructors (https://code-cracker.github.io/diagnostics/CC0067.html) [C:\Users\ultra\warewolf\Dev\Dev2.Runtime\Dev2.Runtime.csproj]
C:\Users\ultra\warewolf\Dev\Dev2.Runtime\ESB\WF\XamlActivityHelper.cs(66,13): warning CC0004: Empty Catch Block. (https://code-cracker.github.io/diagnostics/CC0004.html) [C:\Users\ultra\warewolf\Dev\Dev2.Runtime\Dev2.Runtime.csproj]
C:\Users\ultra\warewolf\Dev\Dev2.Runtime\ESB\WF\XamlActivityHelper.cs(133,13): warning CC0004: Empty Catch Block. (https://code-cracker.github.io/diagnostics/CC0004.html) [C:\Users\ultra\warewolf\Dev\Dev2.Runtime\Dev2.Runtime.csproj]
C:\Users\ultra\warewolf\Dev\Dev2.Runtime\ESB\WF\XamlActivityHelper.cs(179,17): warning CC0004: Empty Catch Block. (https://code-cracker.github.io/diagnostics/CC0004.html) [C:\Users\ultra\warewolf\Dev\Dev2.Runtime\Dev2.Runtime.csproj]
C:\Users\ultra\warewolf\Dev\Dev2.Runtime\ESB\WF\XamlActivityHelper.cs(230,17): warning CC0004: Empty Catch Block. (https://code-cracker.github.io/diagnostics/CC0004.html) [C:\Users\ultra\warewolf\Dev\Dev2.Runtime\Dev2.Runtime.csproj]
C:\Users\ultra\warewolf\Dev\Dev2.Runtime\ESB\WF\XamlActivityHelper.cs(240,43): warning CC0057: Parameter 'instance' is not used. (https://code-cracker.github.io/diagnostics/CC0057.html) [C:\Users\ultra\warewolf\Dev\Dev2.Runtime\Dev2.Runtime.csproj]
C:\Users\ultra\warewolf\Dev\Dev2.Runtime\ESB\Execution\WfExecutionContainer.cs(774,37): warning CC0022: StateAuditLogger should be disposed. (https://code-cracker.github.io/diagnostics/CC0022.html) [C:\Users\ultra\warewolf\Dev\Dev2.Runtime\Dev2.Runtime.csproj]
C:\Users\ultra\warewolf\Dev\Dev2.Runtime\ESB\Execution\WfExecutionContainer.cs(578,33): warning CC0003: Consider adding an Exception to the catch. (https://code-cracker.github.io/diagnostics/CC0003.html) [C:\Users\ultra\warewolf\Dev\Dev2.Runtime\Dev2.Runtime.csproj]
C:\Users\ultra\warewolf\Dev\Dev2.Runtime\ESB\Execution\WfExecutionContainer.cs(819,17): warning CC0004: Empty Catch Block. (https://code-cracker.github.io/diagnostics/CC0004.html) [C:\Users\ultra\warewolf\Dev\Dev2.Runtime\Dev2.Runtime.csproj]
C:\Users\ultra\warewolf\Dev\Dev2.Runtime\ESB\Execution\WfExecutionContainer.cs(864,21): warning CC0004: Empty Catch Block. (https://code-cracker.github.io/diagnostics/CC0004.html) [C:\Users\ultra\warewolf\Dev\Dev2.Runtime\Dev2.Runtime.csproj]
  Dev2.Runtime -> C:\Users\ultra\warewolf\Dev\Dev2.Runtime\bin\Debug\net8.0\Dev2.Runtime.dll
C:\Users\ultra\warewolf\Dev\Dev2.Studio.Core\Activities\Services\DesignerManagementService.cs(75,13): warning CS0618: 'EventAggregatorExtensions.Subscribe(IEventAggregator, object)' is obsolete: 'Use SubscribeOnPublishedThread' [C:\Users\ultra\warewolf\Dev\Dev2.Studio.Core\Dev2.Studio.Core.csproj]
C:\Users\ultra\warewolf\Dev\Dev2.Studio.Core\AppResources\Converters\NullableBoolToBoolConverter.cs(31,45): warning CC0057: Parameter 'targetType' is not used. (https://code-cracker.github.io/diagnostics/CC0057.html) [C:\Users\ultra\warewolf\Dev\Dev2.Studio.Core\Dev2.Studio.Core.csproj]
C:\Users\ultra\warewolf\Dev\Dev2.Studio.Core\AppResources\Converters\NullableBoolToBoolConverter.cs(31,62): warning CC0057: Parameter 'parameter' is not used. (https://code-cracker.github.io/diagnostics/CC0057.html) [C:\Users\ultra\warewolf\Dev\Dev2.Studio.Core\Dev2.Studio.Core.csproj]
C:\Users\ultra\warewolf\Dev\Dev2.Studio.Core\AppResources\Converters\NullableBoolToBoolConverter.cs(31,80): warning CC0057: Parameter 'culture' is not used. (https://code-cracker.github.io/diagnostics/CC0057.html) [C:\Users\ultra\warewolf\Dev\Dev2.Studio.Core\Dev2.Studio.Core.csproj]
C:\Users\ultra\warewolf\Dev\Dev2.Studio.Core\AppResources\Converters\NullableBoolToBoolConverter.cs(41,23): warning CC0057: Parameter 'value' is not used. (https://code-cracker.github.io/diagnostics/CC0057.html) [C:\Users\ultra\warewolf\Dev\Dev2.Studio.Core\Dev2.Studio.Core.csproj]
C:\Users\ultra\warewolf\Dev\Dev2.Studio.Core\AppResources\Converters\NullableBoolToBoolConverter.cs(41,37): warning CC0057: Parameter 'targetType' is not used. (https://code-cracker.github.io/diagnostics/CC0057.html) [C:\Users\ultra\warewolf\Dev\Dev2.Studio.Core\Dev2.Studio.Core.csproj]
C:\Users\ultra\warewolf\Dev\Dev2.Studio.Core\AppResources\Converters\NullableBoolToBoolConverter.cs(41,54): warning CC0057: Parameter 'parameter' is not used. (https://code-cracker.github.io/diagnostics/CC0057.html) [C:\Users\ultra\warewolf\Dev\Dev2.Studio.Core\Dev2.Studio.Core.csproj]
C:\Users\ultra\warewolf\Dev\Dev2.Studio.Core\AppResources\Converters\NullableBoolToBoolConverter.cs(41,72): warning CC0057: Parameter 'culture' is not used. (https://code-cracker.github.io/diagnostics/CC0057.html) [C:\Users\ultra\warewolf\Dev\Dev2.Studio.Core\Dev2.Studio.Core.csproj]
C:\Users\ultra\warewolf\Dev\Dev2.Studio.Core\AppResources\Converters\ModelItemToActivityConverter.cs(31,42): warning CC0057: Parameter 'targetType' is not used. (https://code-cracker.github.io/diagnostics/CC0057.html) [C:\Users\ultra\warewolf\Dev\Dev2.Studio.Core\Dev2.Studio.Core.csproj]
C:\Users\ultra\warewolf\Dev\Dev2.Studio.Core\AppResources\Converters\ModelItemToActivityConverter.cs(31,59): warning CC0057: Parameter 'parameter' is not used. (https://code-cracker.github.io/diagnostics/CC0057.html) [C:\Users\ultra\warewolf\Dev\Dev2.Studio.Core\Dev2.Studio.Core.csproj]
C:\Users\ultra\warewolf\Dev\Dev2.Studio.Core\AppResources\Converters\ModelItemToActivityConverter.cs(31,77): warning CC0057: Parameter 'culture' is not used. (https://code-cracker.github.io/diagnostics/CC0057.html) [C:\Users\ultra\warewolf\Dev\Dev2.Studio.Core\Dev2.Studio.Core.csproj]
C:\Users\ultra\warewolf\Dev\Dev2.Studio.Core\AppResources\Converters\ModelItemToActivityConverter.cs(45,46): warning CC0057: Parameter 'targetType' is not used. (https://code-cracker.github.io/diagnostics/CC0057.html) [C:\Users\ultra\warewolf\Dev\Dev2.Studio.Core\Dev2.Studio.Core.csproj]
C:\Users\ultra\warewolf\Dev\Dev2.Studio.Core\AppResources\Converters\ModelItemToActivityConverter.cs(45,81): warning CC0057: Parameter 'culture' is not used. (https://code-cracker.github.io/diagnostics/CC0057.html) [C:\Users\ultra\warewolf\Dev\Dev2.Studio.Core\Dev2.Studio.Core.csproj]
C:\Users\ultra\warewolf\Dev\Dev2.Studio.Core\Diagnostics\DebugStateTreeViewItemViewModel.cs(119,13): warning CC0105: Use 'var' instead of specifying the type name. (https://code-cracker.github.io/diagnostics/CC0105.html) [C:\Users\ultra\warewolf\Dev\Dev2.Studio.Core\Dev2.Studio.Core.csproj]
C:\Users\ultra\warewolf\Dev\Dev2.Studio.Core\DataList\Dev2TrieSuggestionProvider.cs(180,13): warning CC0004: Empty Catch Block. (https://code-cracker.github.io/diagnostics/CC0004.html) [C:\Users\ultra\warewolf\Dev\Dev2.Studio.Core\Dev2.Studio.Core.csproj]
  Dev2.Studio.Core -> C:\Users\ultra\warewolf\Dev\Dev2.Studio.Core\bin\Debug\net8.0\Dev2.Studio.Core.dll
  Warewolf.Common.Framework48 -> C:\Users\ultra\warewolf\Dev\Warewolf.Common.Framework48\bin\Debug\net8.0\Warewolf.Common.Framework48.dll
C:\Program Files\dotnet\sdk\10.0.201\Microsoft.Common.CurrentVersion.targets(2451,5): warning MSB3245: Could not resolve this reference. Could not locate the assembly "System.Web". Check to make sure the assembly exists on disk. If this reference is required by your code, you may get compilation errors. [C:\Users\ultra\warewolf\Dev\Dev2.Runtime.WebServer\Dev2.Runtime.WebServer.csproj]
C:\Program Files\dotnet\sdk\10.0.201\Microsoft.Common.CurrentVersion.targets(2451,5): warning MSB3243: No way to resolve conflict between "System.Web, Version=4.0.0.0, Culture=neutral, PublicKeyToken=b03f5f7f11d50a3a" and "System.Web". Choosing "System.Web, Version=4.0.0.0, Culture=neutral, PublicKeyToken=b03f5f7f11d50a3a" arbitrarily. [C:\Users\ultra\warewolf\Dev\Dev2.Runtime.WebServer\Dev2.Runtime.WebServer.csproj]
C:\Program Files\dotnet\sdk\10.0.201\Microsoft.Common.CurrentVersion.targets(2451,5): warning MSB3277: Found conflicts between different versions of "WindowsBase" that could not be resolved. [C:\Users\ultra\warewolf\Dev\Dev2.Runtime.WebServer\Dev2.Runtime.WebServer.csproj]
C:\Program Files\dotnet\sdk\10.0.201\Microsoft.Common.CurrentVersion.targets(2451,5): warning MSB3277: There was a conflict between "WindowsBase, Version=4.0.0.0, Culture=neutral, PublicKeyToken=31bf3856ad364e35" and "WindowsBase, Version=6.0.2.0, Culture=neutral, PublicKeyToken=31bf3856ad364e35". [C:\Users\ultra\warewolf\Dev\Dev2.Runtime.WebServer\Dev2.Runtime.WebServer.csproj]
C:\Program Files\dotnet\sdk\10.0.201\Microsoft.Common.CurrentVersion.targets(2451,5): warning MSB3277:     "WindowsBase, Version=4.0.0.0, Culture=neutral, PublicKeyToken=31bf3856ad364e35" was chosen because it was primary and "WindowsBase, Version=6.0.2.0, Culture=neutral, PublicKeyToken=31bf3856ad364e35" was not. [C:\Users\ultra\warewolf\Dev\Dev2.Runtime.WebServer\Dev2.Runtime.WebServer.csproj]
C:\Program Files\dotnet\sdk\10.0.201\Microsoft.Common.CurrentVersion.targets(2451,5): warning MSB3277:     References which depend on "WindowsBase, Version=4.0.0.0, Culture=neutral, PublicKeyToken=31bf3856ad364e35" [C:\Program Files\dotnet\packs\Microsoft.NETCore.App.Ref\8.0.25\ref\net8.0\WindowsBase.dll]. [C:\Users\ultra\warewolf\Dev\Dev2.Runtime.WebServer\Dev2.Runtime.WebServer.csproj]
C:\Program Files\dotnet\sdk\10.0.201\Microsoft.Common.CurrentVersion.targets(2451,5): warning MSB3277:         C:\Program Files\dotnet\packs\Microsoft.NETCore.App.Ref\8.0.25\ref\net8.0\WindowsBase.dll [C:\Users\ultra\warewolf\Dev\Dev2.Runtime.WebServer\Dev2.Runtime.WebServer.csproj]
C:\Program Files\dotnet\sdk\10.0.201\Microsoft.Common.CurrentVersion.targets(2451,5): warning MSB3277:           Project file item includes which caused reference "C:\Program Files\dotnet\packs\Microsoft.NETCore.App.Ref\8.0.25\ref\net8.0\WindowsBase.dll". [C:\Users\ultra\warewolf\Dev\Dev2.Runtime.WebServer\Dev2.Runtime.WebServer.csproj]
C:\Program Files\dotnet\sdk\10.0.201\Microsoft.Common.CurrentVersion.targets(2451,5): warning MSB3277:             C:\Program Files\dotnet\packs\Microsoft.NETCore.App.Ref\8.0.25\ref/net8.0/WindowsBase.dll [C:\Users\ultra\warewolf\Dev\Dev2.Runtime.WebServer\Dev2.Runtime.WebServer.csproj]
C:\Program Files\dotnet\sdk\10.0.201\Microsoft.Common.CurrentVersion.targets(2451,5): warning MSB3277:     References which depend on or have been unified to "WindowsBase, Version=6.0.2.0, Culture=neutral, PublicKeyToken=31bf3856ad364e35" []. [C:\Users\ultra\warewolf\Dev\Dev2.Runtime.WebServer\Dev2.Runtime.WebServer.csproj]
C:\Program Files\dotnet\sdk\10.0.201\Microsoft.Common.CurrentVersion.targets(2451,5): warning MSB3277:         C:\Users\ultra\.nuget\packages\caliburn.micro\4.0.212\lib\netcoreapp3.1\Caliburn.Micro.Platform.dll [C:\Users\ultra\warewolf\Dev\Dev2.Runtime.WebServer\Dev2.Runtime.WebServer.csproj]
C:\Program Files\dotnet\sdk\10.0.201\Microsoft.Common.CurrentVersion.targets(2451,5): warning MSB3277:           Project file item includes which caused reference "C:\Users\ultra\.nuget\packages\caliburn.micro\4.0.212\lib\netcoreapp3.1\Caliburn.Micro.Platform.dll". [C:\Users\ultra\warewolf\Dev\Dev2.Runtime.WebServer\Dev2.Runtime.WebServer.csproj]
C:\Program Files\dotnet\sdk\10.0.201\Microsoft.Common.CurrentVersion.targets(2451,5): warning MSB3277:             C:\Users\ultra\.nuget\packages\caliburn.micro\4.0.212\lib\netcoreapp3.1\Caliburn.Micro.Platform.dll [C:\Users\ultra\warewolf\Dev\Dev2.Runtime.WebServer\Dev2.Runtime.WebServer.csproj]
C:\Program Files\dotnet\sdk\10.0.201\Microsoft.Common.CurrentVersion.targets(2451,5): warning MSB3277:         C:\Users\ultra\.nuget\packages\ironpython\3.4.0\lib\net6.0\IronPython.Wpf.dll [C:\Users\ultra\warewolf\Dev\Dev2.Runtime.WebServer\Dev2.Runtime.WebServer.csproj]
C:\Program Files\dotnet\sdk\10.0.201\Microsoft.Common.CurrentVersion.targets(2451,5): warning MSB3277:           Project file item includes which caused reference "C:\Users\ultra\.nuget\packages\ironpython\3.4.0\lib\net6.0\IronPython.Wpf.dll". [C:\Users\ultra\warewolf\Dev\Dev2.Runtime.WebServer\Dev2.Runtime.WebServer.csproj]
C:\Program Files\dotnet\sdk\10.0.201\Microsoft.Common.CurrentVersion.targets(2451,5): warning MSB3277:             C:\Users\ultra\.nuget\packages\ironpython\3.4.0\lib\net6.0\IronPython.Wpf.dll [C:\Users\ultra\warewolf\Dev\Dev2.Runtime.WebServer\Dev2.Runtime.WebServer.csproj]
C:\Program Files\dotnet\sdk\10.0.201\Microsoft.Common.CurrentVersion.targets(2451,5): warning MSB3277:         C:\Users\ultra\.nuget\packages\microsoft.xaml.behaviors.wpf\1.1.122\lib\net462\Microsoft.Xaml.Behaviors.dll [C:\Users\ultra\warewolf\Dev\Dev2.Runtime.WebServer\Dev2.Runtime.WebServer.csproj]
C:\Program Files\dotnet\sdk\10.0.201\Microsoft.Common.CurrentVersion.targets(2451,5): warning MSB3277:           Project file item includes which caused reference "C:\Users\ultra\.nuget\packages\microsoft.xaml.behaviors.wpf\1.1.122\lib\net462\Microsoft.Xaml.Behaviors.dll". [C:\Users\ultra\warewolf\Dev\Dev2.Runtime.WebServer\Dev2.Runtime.WebServer.csproj]
C:\Program Files\dotnet\sdk\10.0.201\Microsoft.Common.CurrentVersion.targets(2451,5): warning MSB3277:             C:\Users\ultra\.nuget\packages\microsoft.xaml.behaviors.wpf\1.1.122\lib\net462\Microsoft.Xaml.Behaviors.dll [C:\Users\ultra\warewolf\Dev\Dev2.Runtime.WebServer\Dev2.Runtime.WebServer.csproj]
C:\Program Files\dotnet\sdk\10.0.201\Microsoft.Common.CurrentVersion.targets(2451,5): warning MSB3277:             C:\Users\ultra\.nuget\packages\caliburn.micro\4.0.212\lib\netcoreapp3.1\Caliburn.Micro.Platform.dll [C:\Users\ultra\warewolf\Dev\Dev2.Runtime.WebServer\Dev2.Runtime.WebServer.csproj]
C:\Program Files\dotnet\sdk\10.0.201\Microsoft.Common.CurrentVersion.targets(2451,5): warning MSB3277:             C:\Users\ultra\.nuget\packages\prism.wpf\9.0.537\lib\net462\Prism.Wpf.dll [C:\Users\ultra\warewolf\Dev\Dev2.Runtime.WebServer\Dev2.Runtime.WebServer.csproj]
C:\Program Files\dotnet\sdk\10.0.201\Microsoft.Common.CurrentVersion.targets(2451,5): warning MSB3277:         C:\Users\ultra\.nuget\packages\prism.wpf\9.0.537\lib\net462\Prism.Wpf.dll [C:\Users\ultra\warewolf\Dev\Dev2.Runtime.WebServer\Dev2.Runtime.WebServer.csproj]
C:\Program Files\dotnet\sdk\10.0.201\Microsoft.Common.CurrentVersion.targets(2451,5): warning MSB3277:           Project file item includes which caused reference "C:\Users\ultra\.nuget\packages\prism.wpf\9.0.537\lib\net462\Prism.Wpf.dll". [C:\Users\ultra\warewolf\Dev\Dev2.Runtime.WebServer\Dev2.Runtime.WebServer.csproj]
C:\Program Files\dotnet\sdk\10.0.201\Microsoft.Common.CurrentVersion.targets(2451,5): warning MSB3277:             C:\Users\ultra\.nuget\packages\prism.wpf\9.0.537\lib\net462\Prism.Wpf.dll [C:\Users\ultra\warewolf\Dev\Dev2.Runtime.WebServer\Dev2.Runtime.WebServer.csproj]
C:\Program Files\dotnet\sdk\10.0.201\Microsoft.Common.CurrentVersion.targets(2451,5): warning MSB3277:         C:\Users\ultra\.nuget\packages\reactiveui.wpf\18.4.1\lib\net462\ReactiveUI.Wpf.dll [C:\Users\ultra\warewolf\Dev\Dev2.Runtime.WebServer\Dev2.Runtime.WebServer.csproj]
C:\Program Files\dotnet\sdk\10.0.201\Microsoft.Common.CurrentVersion.targets(2451,5): warning MSB3277:           Project file item includes which caused reference "C:\Users\ultra\.nuget\packages\reactiveui.wpf\18.4.1\lib\net462\ReactiveUI.Wpf.dll". [C:\Users\ultra\warewolf\Dev\Dev2.Runtime.WebServer\Dev2.Runtime.WebServer.csproj]
C:\Program Files\dotnet\sdk\10.0.201\Microsoft.Common.CurrentVersion.targets(2451,5): warning MSB3277:             C:\Users\ultra\.nuget\packages\reactiveui.wpf\18.4.1\lib\net462\ReactiveUI.Wpf.dll [C:\Users\ultra\warewolf\Dev\Dev2.Runtime.WebServer\Dev2.Runtime.WebServer.csproj]
  Warewolf.Logger -> C:\Users\ultra\warewolf\Dev\Warewolf.Logger\bin\Debug\net8.0\linux-x64\WarewolfLogger.dll
C:\Users\ultra\warewolf\Dev\Dev2.Runtime.WebServer\AnonymousAuthenticationHandler.cs(15,9): warning CS0618: 'ISystemClock' is obsolete: 'Use TimeProvider instead.' [C:\Users\ultra\warewolf\Dev\Dev2.Runtime.WebServer\Dev2.Runtime.WebServer.csproj]
C:\Users\ultra\warewolf\Dev\Dev2.Runtime.WebServer\BasicAuthenticationHandler.cs(20,13): warning CS0618: 'ISystemClock' is obsolete: 'Use TimeProvider instead.' [C:\Users\ultra\warewolf\Dev\Dev2.Runtime.WebServer\Dev2.Runtime.WebServer.csproj]
C:\Users\ultra\warewolf\Dev\Dev2.Runtime.WebServer\BasicAuthenticationHandler.cs(21,13): warning CS0618: 'AuthenticationHandler<AuthenticationSchemeOptions>.AuthenticationHandler(IOptionsMonitor<AuthenticationSchemeOptions>, ILoggerFactory, UrlEncoder, ISystemClock)' is obsolete: 'ISystemClock is obsolete, use TimeProvider on AuthenticationSchemeOptions instead.' [C:\Users\ultra\warewolf\Dev\Dev2.Runtime.WebServer\Dev2.Runtime.WebServer.csproj]
C:\Users\ultra\warewolf\Dev\Dev2.Runtime.WebServer\AnonymousAuthenticationHandler.cs(16,9): warning CS0618: 'AuthenticationHandler<AuthenticationSchemeOptions>.AuthenticationHandler(IOptionsMonitor<AuthenticationSchemeOptions>, ILoggerFactory, UrlEncoder, ISystemClock)' is obsolete: 'ISystemClock is obsolete, use TimeProvider on AuthenticationSchemeOptions instead.' [C:\Users\ultra\warewolf\Dev\Dev2.Runtime.WebServer\Dev2.Runtime.WebServer.csproj]
C:\Users\ultra\warewolf\Dev\Dev2.Runtime.WebServer\BasicAuthenticationHandler.cs(70,13): warning CC0003: Consider adding an Exception to the catch. (https://code-cracker.github.io/diagnostics/CC0003.html) [C:\Users\ultra\warewolf\Dev\Dev2.Runtime.WebServer\Dev2.Runtime.WebServer.csproj]
C:\Users\ultra\warewolf\Dev\Dev2.Runtime.WebServer\Executor\ExecutionDtoExtensions.cs(119,13): warning CC0105: Use 'var' instead of specifying the type name. (https://code-cracker.github.io/diagnostics/CC0105.html) [C:\Users\ultra\warewolf\Dev\Dev2.Runtime.WebServer\Dev2.Runtime.WebServer.csproj]
C:\Users\ultra\warewolf\Dev\Dev2.Runtime.WebServer\Handlers\GetLogFileServiceHandler.cs(129,21): warning CC0105: Use 'var' instead of specifying the type name. (https://code-cracker.github.io/diagnostics/CC0105.html) [C:\Users\ultra\warewolf\Dev\Dev2.Runtime.WebServer\Dev2.Runtime.WebServer.csproj]
C:\Users\ultra\warewolf\Dev\Dev2.Runtime.WebServer\ServiceTesting\ServiceTestModelJObjectResultBuilder.cs(101,13): warning CC0105: Use 'var' instead of specifying the type name. (https://code-cracker.github.io/diagnostics/CC0105.html) [C:\Users\ultra\warewolf\Dev\Dev2.Runtime.WebServer\Dev2.Runtime.WebServer.csproj]
C:\Users\ultra\warewolf\Dev\Dev2.Runtime.WebServer\ServiceTesting\ServiceTestCoverageModelHTMLResultBuilder.cs(138,13): warning CC0105: Use 'var' instead of specifying the type name. (https://code-cracker.github.io/diagnostics/CC0105.html) [C:\Users\ultra\warewolf\Dev\Dev2.Runtime.WebServer\Dev2.Runtime.WebServer.csproj]
C:\Users\ultra\warewolf\Dev\Dev2.Runtime.WebServer\ServiceTesting\ServiceTestCoverageModelHTMLResultBuilder.cs(139,13): warning CC0105: Use 'var' instead of specifying the type name. (https://code-cracker.github.io/diagnostics/CC0105.html) [C:\Users\ultra\warewolf\Dev\Dev2.Runtime.WebServer\Dev2.Runtime.WebServer.csproj]
  Dev2.Runtime.WebServer -> C:\Users\ultra\warewolf\Dev\Dev2.Runtime.WebServer\bin\Debug\net8.0\Dev2.Runtime.WebServer.dll
C:\Program Files\dotnet\sdk\10.0.201\Microsoft.Common.CurrentVersion.targets(2451,5): warning MSB3277: Found conflicts between different versions of "WindowsBase" that could not be resolved. [C:\Users\ultra\warewolf\Dev\Dev2.Infrastructure.Tests\Dev2.Infrastructure.Tests.csproj]
C:\Program Files\dotnet\sdk\10.0.201\Microsoft.Common.CurrentVersion.targets(2451,5): warning MSB3277: There was a conflict between "WindowsBase, Version=4.0.0.0, Culture=neutral, PublicKeyToken=31bf3856ad364e35" and "WindowsBase, Version=6.0.2.0, Culture=neutral, PublicKeyToken=31bf3856ad364e35". [C:\Users\ultra\warewolf\Dev\Dev2.Infrastructure.Tests\Dev2.Infrastructure.Tests.csproj]
C:\Program Files\dotnet\sdk\10.0.201\Microsoft.Common.CurrentVersion.targets(2451,5): warning MSB3277:     "WindowsBase, Version=4.0.0.0, Culture=neutral, PublicKeyToken=31bf3856ad364e35" was chosen because it was primary and "WindowsBase, Version=6.0.2.0, Culture=neutral, PublicKeyToken=31bf3856ad364e35" was not. [C:\Users\ultra\warewolf\Dev\Dev2.Infrastructure.Tests\Dev2.Infrastructure.Tests.csproj]
C:\Program Files\dotnet\sdk\10.0.201\Microsoft.Common.CurrentVersion.targets(2451,5): warning MSB3277:     References which depend on "WindowsBase, Version=4.0.0.0, Culture=neutral, PublicKeyToken=31bf3856ad364e35" [C:\Program Files\dotnet\packs\Microsoft.NETCore.App.Ref\8.0.25\ref\net8.0\WindowsBase.dll]. [C:\Users\ultra\warewolf\Dev\Dev2.Infrastructure.Tests\Dev2.Infrastructure.Tests.csproj]
C:\Program Files\dotnet\sdk\10.0.201\Microsoft.Common.CurrentVersion.targets(2451,5): warning MSB3277:         C:\Program Files\dotnet\packs\Microsoft.NETCore.App.Ref\8.0.25\ref\net8.0\WindowsBase.dll [C:\Users\ultra\warewolf\Dev\Dev2.Infrastructure.Tests\Dev2.Infrastructure.Tests.csproj]
C:\Program Files\dotnet\sdk\10.0.201\Microsoft.Common.CurrentVersion.targets(2451,5): warning MSB3277:           Project file item includes which caused reference "C:\Program Files\dotnet\packs\Microsoft.NETCore.App.Ref\8.0.25\ref\net8.0\WindowsBase.dll". [C:\Users\ultra\warewolf\Dev\Dev2.Infrastructure.Tests\Dev2.Infrastructure.Tests.csproj]
C:\Program Files\dotnet\sdk\10.0.201\Microsoft.Common.CurrentVersion.targets(2451,5): warning MSB3277:             C:\Program Files\dotnet\packs\Microsoft.NETCore.App.Ref\8.0.25\ref/net8.0/WindowsBase.dll [C:\Users\ultra\warewolf\Dev\Dev2.Infrastructure.Tests\Dev2.Infrastructure.Tests.csproj]
C:\Program Files\dotnet\sdk\10.0.201\Microsoft.Common.CurrentVersion.targets(2451,5): warning MSB3277:     References which depend on or have been unified to "WindowsBase, Version=6.0.2.0, Culture=neutral, PublicKeyToken=31bf3856ad364e35" []. [C:\Users\ultra\warewolf\Dev\Dev2.Infrastructure.Tests\Dev2.Infrastructure.Tests.csproj]
C:\Program Files\dotnet\sdk\10.0.201\Microsoft.Common.CurrentVersion.targets(2451,5): warning MSB3277:         C:\Users\ultra\.nuget\packages\caliburn.micro\4.0.212\lib\netcoreapp3.1\Caliburn.Micro.Platform.dll [C:\Users\ultra\warewolf\Dev\Dev2.Infrastructure.Tests\Dev2.Infrastructure.Tests.csproj]
C:\Program Files\dotnet\sdk\10.0.201\Microsoft.Common.CurrentVersion.targets(2451,5): warning MSB3277:           Project file item includes which caused reference "C:\Users\ultra\.nuget\packages\caliburn.micro\4.0.212\lib\netcoreapp3.1\Caliburn.Micro.Platform.dll". [C:\Users\ultra\warewolf\Dev\Dev2.Infrastructure.Tests\Dev2.Infrastructure.Tests.csproj]
C:\Program Files\dotnet\sdk\10.0.201\Microsoft.Common.CurrentVersion.targets(2451,5): warning MSB3277:             C:\Users\ultra\.nuget\packages\caliburn.micro\4.0.212\lib\netcoreapp3.1\Caliburn.Micro.Platform.dll [C:\Users\ultra\warewolf\Dev\Dev2.Infrastructure.Tests\Dev2.Infrastructure.Tests.csproj]
C:\Program Files\dotnet\sdk\10.0.201\Microsoft.Common.CurrentVersion.targets(2451,5): warning MSB3277:         C:\Users\ultra\.nuget\packages\ironpython\3.4.0\lib\net6.0\IronPython.Wpf.dll [C:\Users\ultra\warewolf\Dev\Dev2.Infrastructure.Tests\Dev2.Infrastructure.Tests.csproj]
C:\Program Files\dotnet\sdk\10.0.201\Microsoft.Common.CurrentVersion.targets(2451,5): warning MSB3277:           Project file item includes which caused reference "C:\Users\ultra\.nuget\packages\ironpython\3.4.0\lib\net6.0\IronPython.Wpf.dll". [C:\Users\ultra\warewolf\Dev\Dev2.Infrastructure.Tests\Dev2.Infrastructure.Tests.csproj]
C:\Program Files\dotnet\sdk\10.0.201\Microsoft.Common.CurrentVersion.targets(2451,5): warning MSB3277:             C:\Users\ultra\.nuget\packages\ironpython\3.4.0\lib\net6.0\IronPython.Wpf.dll [C:\Users\ultra\warewolf\Dev\Dev2.Infrastructure.Tests\Dev2.Infrastructure.Tests.csproj]
C:\Program Files\dotnet\sdk\10.0.201\Microsoft.Common.CurrentVersion.targets(2451,5): warning MSB3277:         C:\Users\ultra\.nuget\packages\microsoft.xaml.behaviors.wpf\1.1.122\lib\net462\Microsoft.Xaml.Behaviors.dll [C:\Users\ultra\warewolf\Dev\Dev2.Infrastructure.Tests\Dev2.Infrastructure.Tests.csproj]
C:\Program Files\dotnet\sdk\10.0.201\Microsoft.Common.CurrentVersion.targets(2451,5): warning MSB3277:           Project file item includes which caused reference "C:\Users\ultra\.nuget\packages\microsoft.xaml.behaviors.wpf\1.1.122\lib\net462\Microsoft.Xaml.Behaviors.dll". [C:\Users\ultra\warewolf\Dev\Dev2.Infrastructure.Tests\Dev2.Infrastructure.Tests.csproj]
C:\Program Files\dotnet\sdk\10.0.201\Microsoft.Common.CurrentVersion.targets(2451,5): warning MSB3277:             C:\Users\ultra\.nuget\packages\microsoft.xaml.behaviors.wpf\1.1.122\lib\net462\Microsoft.Xaml.Behaviors.dll [C:\Users\ultra\warewolf\Dev\Dev2.Infrastructure.Tests\Dev2.Infrastructure.Tests.csproj]
C:\Program Files\dotnet\sdk\10.0.201\Microsoft.Common.CurrentVersion.targets(2451,5): warning MSB3277:             C:\Users\ultra\.nuget\packages\caliburn.micro\4.0.212\lib\netcoreapp3.1\Caliburn.Micro.Platform.dll [C:\Users\ultra\warewolf\Dev\Dev2.Infrastructure.Tests\Dev2.Infrastructure.Tests.csproj]
C:\Program Files\dotnet\sdk\10.0.201\Microsoft.Common.CurrentVersion.targets(2451,5): warning MSB3277:             C:\Users\ultra\.nuget\packages\prism.wpf\9.0.537\lib\net462\Prism.Wpf.dll [C:\Users\ultra\warewolf\Dev\Dev2.Infrastructure.Tests\Dev2.Infrastructure.Tests.csproj]
C:\Program Files\dotnet\sdk\10.0.201\Microsoft.Common.CurrentVersion.targets(2451,5): warning MSB3277:         C:\Users\ultra\.nuget\packages\prism.wpf\9.0.537\lib\net462\Prism.Wpf.dll [C:\Users\ultra\warewolf\Dev\Dev2.Infrastructure.Tests\Dev2.Infrastructure.Tests.csproj]
C:\Program Files\dotnet\sdk\10.0.201\Microsoft.Common.CurrentVersion.targets(2451,5): warning MSB3277:           Project file item includes which caused reference "C:\Users\ultra\.nuget\packages\prism.wpf\9.0.537\lib\net462\Prism.Wpf.dll". [C:\Users\ultra\warewolf\Dev\Dev2.Infrastructure.Tests\Dev2.Infrastructure.Tests.csproj]
C:\Program Files\dotnet\sdk\10.0.201\Microsoft.Common.CurrentVersion.targets(2451,5): warning MSB3277:             C:\Users\ultra\.nuget\packages\prism.wpf\9.0.537\lib\net462\Prism.Wpf.dll [C:\Users\ultra\warewolf\Dev\Dev2.Infrastructure.Tests\Dev2.Infrastructure.Tests.csproj]
C:\Program Files\dotnet\sdk\10.0.201\Microsoft.Common.CurrentVersion.targets(2451,5): warning MSB3277:         C:\Users\ultra\.nuget\packages\reactiveui.wpf\18.4.1\lib\net462\ReactiveUI.Wpf.dll [C:\Users\ultra\warewolf\Dev\Dev2.Infrastructure.Tests\Dev2.Infrastructure.Tests.csproj]
C:\Program Files\dotnet\sdk\10.0.201\Microsoft.Common.CurrentVersion.targets(2451,5): warning MSB3277:           Project file item includes which caused reference "C:\Users\ultra\.nuget\packages\reactiveui.wpf\18.4.1\lib\net462\ReactiveUI.Wpf.dll". [C:\Users\ultra\warewolf\Dev\Dev2.Infrastructure.Tests\Dev2.Infrastructure.Tests.csproj]
C:\Program Files\dotnet\sdk\10.0.201\Microsoft.Common.CurrentVersion.targets(2451,5): warning MSB3277:             C:\Users\ultra\.nuget\packages\reactiveui.wpf\18.4.1\lib\net462\ReactiveUI.Wpf.dll [C:\Users\ultra\warewolf\Dev\Dev2.Infrastructure.Tests\Dev2.Infrastructure.Tests.csproj]
C:\Users\ultra\warewolf\Dev\Warewolf.UnitTestAttributes\Depends.cs(587,5): warning SYSLIB0014: 'WebClient.WebClient()' is obsolete: 'WebRequest, HttpWebRequest, ServicePoint, and WebClient are obsolete. Use HttpClient instead.' (https://aka.ms/dotnet-warnings/SYSLIB0014) [C:\Users\ultra\warewolf\Dev\Dev2.Infrastructure.Tests\Dev2.Infrastructure.Tests.csproj]
C:\Users\ultra\warewolf\Dev\Warewolf.UnitTestAttributes\Depends.cs(309,33): warning SYSLIB0014: 'WebClient.WebClient()' is obsolete: 'WebRequest, HttpWebRequest, ServicePoint, and WebClient are obsolete. Use HttpClient instead.' (https://aka.ms/dotnet-warnings/SYSLIB0014) [C:\Users\ultra\warewolf\Dev\Dev2.Infrastructure.Tests\Dev2.Infrastructure.Tests.csproj]
C:\Users\ultra\warewolf\Dev\Warewolf.UnitTestAttributes\Depends.cs(523,30): warning SYSLIB0014: 'WebClient.WebClient()' is obsolete: 'WebRequest, HttpWebRequest, ServicePoint, and WebClient are obsolete. Use HttpClient instead.' (https://aka.ms/dotnet-warnings/SYSLIB0014) [C:\Users\ultra\warewolf\Dev\Dev2.Infrastructure.Tests\Dev2.Infrastructure.Tests.csproj]
C:\Users\ultra\warewolf\Dev\Dev2.Infrastructure.Tests\MoqInstallerActions\IntallerActionsForDevelopmentTest.cs(57,31): warning CA1416: This call site is reachable on all platforms. 'WindowsIdentity.GetCurrent(bool)' is only supported on: 'windows'. (https://learn.microsoft.com/dotnet/fundamentals/code-analysis/quality-rules/ca1416) [C:\Users\ultra\warewolf\Dev\Dev2.Infrastructure.Tests\Dev2.Infrastructure.Tests.csproj]
C:\Users\ultra\warewolf\Dev\Dev2.Infrastructure.Tests\MoqInstallerActions\IntallerActionsForDevelopmentTest.cs(40,57): warning CA1416: This call site is reachable on all platforms. 'WindowsIdentity.Name' is only supported on: 'windows'. (https://learn.microsoft.com/dotnet/fundamentals/code-analysis/quality-rules/ca1416) [C:\Users\ultra\warewolf\Dev\Dev2.Infrastructure.Tests\Dev2.Infrastructure.Tests.csproj]
C:\Users\ultra\warewolf\Dev\Dev2.Infrastructure.Tests\MoqInstallerActions\IntallerActionsForDevelopmentTest.cs(67,57): warning CA1416: This call site is reachable on all platforms. 'WindowsIdentity.Name' is only supported on: 'windows'. (https://learn.microsoft.com/dotnet/fundamentals/code-analysis/quality-rules/ca1416) [C:\Users\ultra\warewolf\Dev\Dev2.Infrastructure.Tests\Dev2.Infrastructure.Tests.csproj]
C:\Users\ultra\warewolf\Dev\Dev2.Infrastructure.Tests\MoqInstallerActions\IntallerActionsForDevelopmentTest.cs(30,31): warning CA1416: This call site is reachable on all platforms. 'WindowsIdentity.GetCurrent(bool)' is only supported on: 'windows'. (https://learn.microsoft.com/dotnet/fundamentals/code-analysis/quality-rules/ca1416) [C:\Users\ultra\warewolf\Dev\Dev2.Infrastructure.Tests\Dev2.Infrastructure.Tests.csproj]
  Dev2.Infrastructure.Tests -> C:\Users\ultra\warewolf\Dev\Dev2.Infrastructure.Tests\bin\Debug\net8.0\linux-x64\Dev2.Infrastructure.Tests.dll
  Warewolf.Logger.Tests -> C:\Users\ultra\warewolf\Dev\Warewolf.Logger.Tests\bin\Debug\net8.0\linux-x64\Warewolf.Logger.Tests.dll
  Warewolf.Logger.Tests -> C:\Users\ultra\warewolf\Bin\ServerTests-Linux\Warewolf.Logger.Tests\
Publishing Warewolf.Parsing.Tests for linux-x64...
  Determining projects to restore...
C:\Users\ultra\warewolf\Dev\Warewolf.Language.Parser\Warewolf.Language.Parser.fsproj : warning NU1504: Duplicate 'PackageReference' items found. Remove the duplicate items or use the Update functionality to ensure a consistent restore behavior. The duplicate 'PackageReference' items are: FSharp.Core 10.1.201, FSharp.Core 4.6.2.
C:\Users\ultra\warewolf\Dev\Warewolf.Storage.Interfaces\Warewolf.Storage.Interfaces.csproj : warning NU1701: Package 'AeroWizard 2.3.1' was restored using '.NETFramework,Version=v4.6.1, .NETFramework,Version=v4.6.2, .NETFramework,Version=v4.7, .NETFramework,Version=v4.7.1, .NETFramework,Version=v4.7.2, .NETFramework,Version=v4.8, .NETFramework,Version=v4.8.1' instead of the project target framework 'net8.0'. This package may not be fully compatible with your project. [C:\Users\ultra\warewolf\Dev\Warewolf.Parsing.Tests\Warewolf.Parsing.Tests.csproj]
C:\Users\ultra\warewolf\Dev\Warewolf.Licensing\Warewolf.Licensing.csproj : warning NU1701: Package 'AeroWizard 2.3.1' was restored using '.NETFramework,Version=v4.6.1, .NETFramework,Version=v4.6.2, .NETFramework,Version=v4.7, .NETFramework,Version=v4.7.1, .NETFramework,Version=v4.7.2, .NETFramework,Version=v4.8, .NETFramework,Version=v4.8.1' instead of the project target framework 'net8.0'. This package may not be fully compatible with your project. [C:\Users\ultra\warewolf\Dev\Warewolf.Parsing.Tests\Warewolf.Parsing.Tests.csproj]
C:\Users\ultra\warewolf\Dev\Dev2.Runtime.Configuration\Dev2.Runtime.Configuration.csproj : warning NU1903: Package 'Microsoft.Windows.Compatibility' 6.0.0 has a known high severity vulnerability, https://github.com/advisories/GHSA-555c-2p6r-68mm [C:\Users\ultra\warewolf\Dev\Warewolf.Parsing.Tests\Warewolf.Parsing.Tests.csproj]
C:\Users\ultra\warewolf\Dev\Warewolf.Storage\Warewolf.Storage.csproj : warning NU1701: Package 'AeroWizard 2.3.1' was restored using '.NETFramework,Version=v4.6.1, .NETFramework,Version=v4.6.2, .NETFramework,Version=v4.7, .NETFramework,Version=v4.7.1, .NETFramework,Version=v4.7.2, .NETFramework,Version=v4.8, .NETFramework,Version=v4.8.1' instead of the project target framework 'net8.0'. This package may not be fully compatible with your project. [C:\Users\ultra\warewolf\Dev\Warewolf.Parsing.Tests\Warewolf.Parsing.Tests.csproj]
C:\Users\ultra\warewolf\Dev\Warewolf.Auditing\Warewolf.Auditing.csproj : warning NU1701: Package 'AeroWizard 2.3.1' was restored using '.NETFramework,Version=v4.6.1, .NETFramework,Version=v4.6.2, .NETFramework,Version=v4.7, .NETFramework,Version=v4.7.1, .NETFramework,Version=v4.7.2, .NETFramework,Version=v4.8, .NETFramework,Version=v4.8.1' instead of the project target framework 'net8.0'. This package may not be fully compatible with your project. [C:\Users\ultra\warewolf\Dev\Warewolf.Parsing.Tests\Warewolf.Parsing.Tests.csproj]
C:\Users\ultra\warewolf\Dev\Warewolf.Sharepoint\Warewolf.Sharepoint.csproj : warning NU1701: Package 'AeroWizard 2.3.1' was restored using '.NETFramework,Version=v4.6.1, .NETFramework,Version=v4.6.2, .NETFramework,Version=v4.7, .NETFramework,Version=v4.7.1, .NETFramework,Version=v4.7.2, .NETFramework,Version=v4.8, .NETFramework,Version=v4.8.1' instead of the project target framework 'net8.0'. This package may not be fully compatible with your project. [C:\Users\ultra\warewolf\Dev\Warewolf.Parsing.Tests\Warewolf.Parsing.Tests.csproj]
C:\Users\ultra\warewolf\Dev\Dev2.CustomControls\Dev2.CustomControls.csproj : warning NU1903: Package 'Microsoft.Windows.Compatibility' 6.0.0 has a known high severity vulnerability, https://github.com/advisories/GHSA-555c-2p6r-68mm [C:\Users\ultra\warewolf\Dev\Warewolf.Parsing.Tests\Warewolf.Parsing.Tests.csproj]
C:\Users\ultra\warewolf\Dev\Dev2.Data\Dev2.Data.csproj : warning NU1701: Package 'AeroWizard 2.3.1' was restored using '.NETFramework,Version=v4.6.1, .NETFramework,Version=v4.6.2, .NETFramework,Version=v4.7, .NETFramework,Version=v4.7.1, .NETFramework,Version=v4.7.2, .NETFramework,Version=v4.8, .NETFramework,Version=v4.8.1' instead of the project target framework 'net8.0'. This package may not be fully compatible with your project. [C:\Users\ultra\warewolf\Dev\Warewolf.Parsing.Tests\Warewolf.Parsing.Tests.csproj]
C:\Users\ultra\warewolf\Dev\Warewolf.Auditing\Warewolf.Auditing.csproj : warning NU1701: Package 'GroupControls 1.9.0' was restored using '.NETFramework,Version=v4.6.1, .NETFramework,Version=v4.6.2, .NETFramework,Version=v4.7, .NETFramework,Version=v4.7.1, .NETFramework,Version=v4.7.2, .NETFramework,Version=v4.8, .NETFramework,Version=v4.8.1' instead of the project target framework 'net8.0'. This package may not be fully compatible with your project. [C:\Users\ultra\warewolf\Dev\Warewolf.Parsing.Tests\Warewolf.Parsing.Tests.csproj]
C:\Users\ultra\warewolf\Dev\Warewolf.Licensing\Warewolf.Licensing.csproj : warning NU1701: Package 'GroupControls 1.9.0' was restored using '.NETFramework,Version=v4.6.1, .NETFramework,Version=v4.6.2, .NETFramework,Version=v4.7, .NETFramework,Version=v4.7.1, .NETFramework,Version=v4.7.2, .NETFramework,Version=v4.8, .NETFramework,Version=v4.8.1' instead of the project target framework 'net8.0'. This package may not be fully compatible with your project. [C:\Users\ultra\warewolf\Dev\Warewolf.Parsing.Tests\Warewolf.Parsing.Tests.csproj]
C:\Users\ultra\warewolf\Dev\Dev2.Runtime.Configuration\Dev2.Runtime.Configuration.csproj : warning NU1701: Package 'AeroWizard 2.3.1' was restored using '.NETFramework,Version=v4.6.1, .NETFramework,Version=v4.6.2, .NETFramework,Version=v4.7, .NETFramework,Version=v4.7.1, .NETFramework,Version=v4.7.2, .NETFramework,Version=v4.8, .NETFramework,Version=v4.8.1' instead of the project target framework 'net8.0'. This package may not be fully compatible with your project. [C:\Users\ultra\warewolf\Dev\Warewolf.Parsing.Tests\Warewolf.Parsing.Tests.csproj]
C:\Users\ultra\warewolf\Dev\Warewolf.Storage.Interfaces\Warewolf.Storage.Interfaces.csproj : warning NU1701: Package 'GroupControls 1.9.0' was restored using '.NETFramework,Version=v4.6.1, .NETFramework,Version=v4.6.2, .NETFramework,Version=v4.7, .NETFramework,Version=v4.7.1, .NETFramework,Version=v4.7.2, .NETFramework,Version=v4.8, .NETFramework,Version=v4.8.1' instead of the project target framework 'net8.0'. This package may not be fully compatible with your project. [C:\Users\ultra\warewolf\Dev\Warewolf.Parsing.Tests\Warewolf.Parsing.Tests.csproj]
C:\Users\ultra\warewolf\Dev\Warewolf.Sharepoint\Warewolf.Sharepoint.csproj : warning NU1701: Package 'GroupControls 1.9.0' was restored using '.NETFramework,Version=v4.6.1, .NETFramework,Version=v4.6.2, .NETFramework,Version=v4.7, .NETFramework,Version=v4.7.1, .NETFramework,Version=v4.7.2, .NETFramework,Version=v4.8, .NETFramework,Version=v4.8.1' instead of the project target framework 'net8.0'. This package may not be fully compatible with your project. [C:\Users\ultra\warewolf\Dev\Warewolf.Parsing.Tests\Warewolf.Parsing.Tests.csproj]
C:\Users\ultra\warewolf\Dev\Warewolf.Auditing\Warewolf.Auditing.csproj : warning NU1701: Package 'ReactiveUI.WPF 18.4.1' was restored using '.NETFramework,Version=v4.6.1, .NETFramework,Version=v4.6.2, .NETFramework,Version=v4.7, .NETFramework,Version=v4.7.1, .NETFramework,Version=v4.7.2, .NETFramework,Version=v4.8, .NETFramework,Version=v4.8.1' instead of the project target framework 'net8.0'. This package may not be fully compatible with your project. [C:\Users\ultra\warewolf\Dev\Warewolf.Parsing.Tests\Warewolf.Parsing.Tests.csproj]
C:\Users\ultra\warewolf\Dev\Dev2.CustomControls\Dev2.CustomControls.csproj : warning NU1701: Package 'AeroWizard 2.3.1' was restored using '.NETFramework,Version=v4.6.1, .NETFramework,Version=v4.6.2, .NETFramework,Version=v4.7, .NETFramework,Version=v4.7.1, .NETFramework,Version=v4.7.2, .NETFramework,Version=v4.8, .NETFramework,Version=v4.8.1' instead of the project target framework 'net8.0'. This package may not be fully compatible with your project. [C:\Users\ultra\warewolf\Dev\Warewolf.Parsing.Tests\Warewolf.Parsing.Tests.csproj]
C:\Users\ultra\warewolf\Dev\Warewolf.Storage.Interfaces\Warewolf.Storage.Interfaces.csproj : warning NU1701: Package 'TaskSchedulerEditor 2.10.1' was restored using '.NETFramework,Version=v4.6.1, .NETFramework,Version=v4.6.2, .NETFramework,Version=v4.7, .NETFramework,Version=v4.7.1, .NETFramework,Version=v4.7.2, .NETFramework,Version=v4.8, .NETFramework,Version=v4.8.1' instead of the project target framework 'net8.0'. This package may not be fully compatible with your project. [C:\Users\ultra\warewolf\Dev\Warewolf.Parsing.Tests\Warewolf.Parsing.Tests.csproj]
C:\Users\ultra\warewolf\Dev\Warewolf.Sharepoint\Warewolf.Sharepoint.csproj : warning NU1701: Package 'ReactiveUI.WPF 18.4.1' was restored using '.NETFramework,Version=v4.6.1, .NETFramework,Version=v4.6.2, .NETFramework,Version=v4.7, .NETFramework,Version=v4.7.1, .NETFramework,Version=v4.7.2, .NETFramework,Version=v4.8, .NETFramework,Version=v4.8.1' instead of the project target framework 'net8.0'. This package may not be fully compatible with your project. [C:\Users\ultra\warewolf\Dev\Warewolf.Parsing.Tests\Warewolf.Parsing.Tests.csproj]
C:\Users\ultra\warewolf\Dev\Dev2.Runtime.Configuration\Dev2.Runtime.Configuration.csproj : warning NU1701: Package 'GroupControls 1.9.0' was restored using '.NETFramework,Version=v4.6.1, .NETFramework,Version=v4.6.2, .NETFramework,Version=v4.7, .NETFramework,Version=v4.7.1, .NETFramework,Version=v4.7.2, .NETFramework,Version=v4.8, .NETFramework,Version=v4.8.1' instead of the project target framework 'net8.0'. This package may not be fully compatible with your project. [C:\Users\ultra\warewolf\Dev\Warewolf.Parsing.Tests\Warewolf.Parsing.Tests.csproj]
C:\Users\ultra\warewolf\Dev\Warewolf.Storage\Warewolf.Storage.csproj : warning NU1701: Package 'GroupControls 1.9.0' was restored using '.NETFramework,Version=v4.6.1, .NETFramework,Version=v4.6.2, .NETFramework,Version=v4.7, .NETFramework,Version=v4.7.1, .NETFramework,Version=v4.7.2, .NETFramework,Version=v4.8, .NETFramework,Version=v4.8.1' instead of the project target framework 'net8.0'. This package may not be fully compatible with your project. [C:\Users\ultra\warewolf\Dev\Warewolf.Parsing.Tests\Warewolf.Parsing.Tests.csproj]
C:\Users\ultra\warewolf\Dev\Warewolf.Licensing\Warewolf.Licensing.csproj : warning NU1701: Package 'TaskSchedulerEditor 2.10.1' was restored using '.NETFramework,Version=v4.6.1, .NETFramework,Version=v4.6.2, .NETFramework,Version=v4.7, .NETFramework,Version=v4.7.1, .NETFramework,Version=v4.7.2, .NETFramework,Version=v4.8, .NETFramework,Version=v4.8.1' instead of the project target framework 'net8.0'. This package may not be fully compatible with your project. [C:\Users\ultra\warewolf\Dev\Warewolf.Parsing.Tests\Warewolf.Parsing.Tests.csproj]
C:\Users\ultra\warewolf\Dev\Dev2.CustomControls\Dev2.CustomControls.csproj : warning NU1701: Package 'GroupControls 1.9.0' was restored using '.NETFramework,Version=v4.6.1, .NETFramework,Version=v4.6.2, .NETFramework,Version=v4.7, .NETFramework,Version=v4.7.1, .NETFramework,Version=v4.7.2, .NETFramework,Version=v4.8, .NETFramework,Version=v4.8.1' instead of the project target framework 'net8.0'. This package may not be fully compatible with your project. [C:\Users\ultra\warewolf\Dev\Warewolf.Parsing.Tests\Warewolf.Parsing.Tests.csproj]
C:\Users\ultra\warewolf\Dev\Dev2.Data\Dev2.Data.csproj : warning NU1701: Package 'GroupControls 1.9.0' was restored using '.NETFramework,Version=v4.6.1, .NETFramework,Version=v4.6.2, .NETFramework,Version=v4.7, .NETFramework,Version=v4.7.1, .NETFramework,Version=v4.7.2, .NETFramework,Version=v4.8, .NETFramework,Version=v4.8.1' instead of the project target framework 'net8.0'. This package may not be fully compatible with your project. [C:\Users\ultra\warewolf\Dev\Warewolf.Parsing.Tests\Warewolf.Parsing.Tests.csproj]
C:\Users\ultra\warewolf\Dev\Dev2.CustomControls\Dev2.CustomControls.csproj : warning NU1701: Package 'TaskSchedulerEditor 2.10.1' was restored using '.NETFramework,Version=v4.6.1, .NETFramework,Version=v4.6.2, .NETFramework,Version=v4.7, .NETFramework,Version=v4.7.1, .NETFramework,Version=v4.7.2, .NETFramework,Version=v4.8, .NETFramework,Version=v4.8.1' instead of the project target framework 'net8.0'. This package may not be fully compatible with your project. [C:\Users\ultra\warewolf\Dev\Warewolf.Parsing.Tests\Warewolf.Parsing.Tests.csproj]
C:\Users\ultra\warewolf\Dev\Warewolf.Auditing\Warewolf.Auditing.csproj : warning NU1701: Package 'TaskSchedulerEditor 2.10.1' was restored using '.NETFramework,Version=v4.6.1, .NETFramework,Version=v4.6.2, .NETFramework,Version=v4.7, .NETFramework,Version=v4.7.1, .NETFramework,Version=v4.7.2, .NETFramework,Version=v4.8, .NETFramework,Version=v4.8.1' instead of the project target framework 'net8.0'. This package may not be fully compatible with your project. [C:\Users\ultra\warewolf\Dev\Warewolf.Parsing.Tests\Warewolf.Parsing.Tests.csproj]
C:\Users\ultra\warewolf\Dev\Warewolf.Sharepoint\Warewolf.Sharepoint.csproj : warning NU1701: Package 'TaskSchedulerEditor 2.10.1' was restored using '.NETFramework,Version=v4.6.1, .NETFramework,Version=v4.6.2, .NETFramework,Version=v4.7, .NETFramework,Version=v4.7.1, .NETFramework,Version=v4.7.2, .NETFramework,Version=v4.8, .NETFramework,Version=v4.8.1' instead of the project target framework 'net8.0'. This package may not be fully compatible with your project. [C:\Users\ultra\warewolf\Dev\Warewolf.Parsing.Tests\Warewolf.Parsing.Tests.csproj]
C:\Users\ultra\warewolf\Dev\Dev2.Data\Dev2.Data.csproj : warning NU1701: Package 'ReactiveUI.WPF 18.4.1' was restored using '.NETFramework,Version=v4.6.1, .NETFramework,Version=v4.6.2, .NETFramework,Version=v4.7, .NETFramework,Version=v4.7.1, .NETFramework,Version=v4.7.2, .NETFramework,Version=v4.8, .NETFramework,Version=v4.8.1' instead of the project target framework 'net8.0'. This package may not be fully compatible with your project. [C:\Users\ultra\warewolf\Dev\Warewolf.Parsing.Tests\Warewolf.Parsing.Tests.csproj]
C:\Users\ultra\warewolf\Dev\Warewolf.Storage\Warewolf.Storage.csproj : warning NU1701: Package 'ReactiveUI.WPF 18.4.1' was restored using '.NETFramework,Version=v4.6.1, .NETFramework,Version=v4.6.2, .NETFramework,Version=v4.7, .NETFramework,Version=v4.7.1, .NETFramework,Version=v4.7.2, .NETFramework,Version=v4.8, .NETFramework,Version=v4.8.1' instead of the project target framework 'net8.0'. This package may not be fully compatible with your project. [C:\Users\ultra\warewolf\Dev\Warewolf.Parsing.Tests\Warewolf.Parsing.Tests.csproj]
C:\Users\ultra\warewolf\Dev\Dev2.Runtime.Configuration\Dev2.Runtime.Configuration.csproj : warning NU1701: Package 'TaskSchedulerEditor 2.10.1' was restored using '.NETFramework,Version=v4.6.1, .NETFramework,Version=v4.6.2, .NETFramework,Version=v4.7, .NETFramework,Version=v4.7.1, .NETFramework,Version=v4.7.2, .NETFramework,Version=v4.8, .NETFramework,Version=v4.8.1' instead of the project target framework 'net8.0'. This package may not be fully compatible with your project. [C:\Users\ultra\warewolf\Dev\Warewolf.Parsing.Tests\Warewolf.Parsing.Tests.csproj]
C:\Users\ultra\warewolf\Dev\Dev2.Data\Dev2.Data.csproj : warning NU1701: Package 'TaskSchedulerEditor 2.10.1' was restored using '.NETFramework,Version=v4.6.1, .NETFramework,Version=v4.6.2, .NETFramework,Version=v4.7, .NETFramework,Version=v4.7.1, .NETFramework,Version=v4.7.2, .NETFramework,Version=v4.8, .NETFramework,Version=v4.8.1' instead of the project target framework 'net8.0'. This package may not be fully compatible with your project. [C:\Users\ultra\warewolf\Dev\Warewolf.Parsing.Tests\Warewolf.Parsing.Tests.csproj]
C:\Users\ultra\warewolf\Dev\Warewolf.Storage\Warewolf.Storage.csproj : warning NU1701: Package 'TaskSchedulerEditor 2.10.1' was restored using '.NETFramework,Version=v4.6.1, .NETFramework,Version=v4.6.2, .NETFramework,Version=v4.7, .NETFramework,Version=v4.7.1, .NETFramework,Version=v4.7.2, .NETFramework,Version=v4.8, .NETFramework,Version=v4.8.1' instead of the project target framework 'net8.0'. This package may not be fully compatible with your project. [C:\Users\ultra\warewolf\Dev\Warewolf.Parsing.Tests\Warewolf.Parsing.Tests.csproj]
C:\Users\ultra\warewolf\Dev\Dev2.Scheduler\Dev2.Scheduler.csproj : warning NU1701: Package 'AeroWizard 2.3.1' was restored using '.NETFramework,Version=v4.6.1, .NETFramework,Version=v4.6.2, .NETFramework,Version=v4.7, .NETFramework,Version=v4.7.1, .NETFramework,Version=v4.7.2, .NETFramework,Version=v4.8, .NETFramework,Version=v4.8.1' instead of the project target framework 'net8.0'. This package may not be fully compatible with your project. [C:\Users\ultra\warewolf\Dev\Warewolf.Parsing.Tests\Warewolf.Parsing.Tests.csproj]
C:\Users\ultra\warewolf\Dev\Dev2.Scheduler\Dev2.Scheduler.csproj : warning NU1701: Package 'GroupControls 1.9.0' was restored using '.NETFramework,Version=v4.6.1, .NETFramework,Version=v4.6.2, .NETFramework,Version=v4.7, .NETFramework,Version=v4.7.1, .NETFramework,Version=v4.7.2, .NETFramework,Version=v4.8, .NETFramework,Version=v4.8.1' instead of the project target framework 'net8.0'. This package may not be fully compatible with your project. [C:\Users\ultra\warewolf\Dev\Warewolf.Parsing.Tests\Warewolf.Parsing.Tests.csproj]
C:\Users\ultra\warewolf\Dev\Dev2.Data.Interfaces\Dev2.Data.Interfaces.csproj : warning NU1903: Package 'DotNetZip' 1.16.0 has a known high severity vulnerability, https://github.com/advisories/GHSA-xhg6-9j5j-w4vf [C:\Users\ultra\warewolf\Dev\Warewolf.Parsing.Tests\Warewolf.Parsing.Tests.csproj]
C:\Users\ultra\warewolf\Dev\Dev2.Scheduler\Dev2.Scheduler.csproj : warning NU1701: Package 'ReactiveUI.WPF 18.4.1' was restored using '.NETFramework,Version=v4.6.1, .NETFramework,Version=v4.6.2, .NETFramework,Version=v4.7, .NETFramework,Version=v4.7.1, .NETFramework,Version=v4.7.2, .NETFramework,Version=v4.8, .NETFramework,Version=v4.8.1' instead of the project target framework 'net8.0'. This package may not be fully compatible with your project. [C:\Users\ultra\warewolf\Dev\Warewolf.Parsing.Tests\Warewolf.Parsing.Tests.csproj]
C:\Users\ultra\warewolf\Dev\Dev2.Data.Interfaces\Dev2.Data.Interfaces.csproj : warning NU1701: Package 'AeroWizard 2.3.1' was restored using '.NETFramework,Version=v4.6.1, .NETFramework,Version=v4.6.2, .NETFramework,Version=v4.7, .NETFramework,Version=v4.7.1, .NETFramework,Version=v4.7.2, .NETFramework,Version=v4.8, .NETFramework,Version=v4.8.1' instead of the project target framework 'net8.0'. This package may not be fully compatible with your project. [C:\Users\ultra\warewolf\Dev\Warewolf.Parsing.Tests\Warewolf.Parsing.Tests.csproj]
C:\Users\ultra\warewolf\Dev\Dev2.Data.Interfaces\Dev2.Data.Interfaces.csproj : warning NU1701: Package 'GroupControls 1.9.0' was restored using '.NETFramework,Version=v4.6.1, .NETFramework,Version=v4.6.2, .NETFramework,Version=v4.7, .NETFramework,Version=v4.7.1, .NETFramework,Version=v4.7.2, .NETFramework,Version=v4.8, .NETFramework,Version=v4.8.1' instead of the project target framework 'net8.0'. This package may not be fully compatible with your project. [C:\Users\ultra\warewolf\Dev\Warewolf.Parsing.Tests\Warewolf.Parsing.Tests.csproj]
C:\Users\ultra\warewolf\Dev\Dev2.Scheduler\Dev2.Scheduler.csproj : warning NU1701: Package 'TaskSchedulerEditor 2.10.1' was restored using '.NETFramework,Version=v4.6.1, .NETFramework,Version=v4.6.2, .NETFramework,Version=v4.7, .NETFramework,Version=v4.7.1, .NETFramework,Version=v4.7.2, .NETFramework,Version=v4.8, .NETFramework,Version=v4.8.1' instead of the project target framework 'net8.0'. This package may not be fully compatible with your project. [C:\Users\ultra\warewolf\Dev\Warewolf.Parsing.Tests\Warewolf.Parsing.Tests.csproj]
C:\Users\ultra\warewolf\Dev\Dev2.Data.Interfaces\Dev2.Data.Interfaces.csproj : warning NU1701: Package 'TaskSchedulerEditor 2.10.1' was restored using '.NETFramework,Version=v4.6.1, .NETFramework,Version=v4.6.2, .NETFramework,Version=v4.7, .NETFramework,Version=v4.7.1, .NETFramework,Version=v4.7.2, .NETFramework,Version=v4.8, .NETFramework,Version=v4.8.1' instead of the project target framework 'net8.0'. This package may not be fully compatible with your project. [C:\Users\ultra\warewolf\Dev\Warewolf.Parsing.Tests\Warewolf.Parsing.Tests.csproj]
C:\Users\ultra\warewolf\Dev\Dev2.Runtime.Services\Dev2.Runtime.Services.csproj : warning NU1902: Package 'MessagePack' 2.4.59 has a known moderate severity vulnerability, https://github.com/advisories/GHSA-4qm4-8hg2-g2xm [C:\Users\ultra\warewolf\Dev\Warewolf.Parsing.Tests\Warewolf.Parsing.Tests.csproj]
C:\Users\ultra\warewolf\Dev\Dev2.Runtime.Services\Dev2.Runtime.Services.csproj : warning NU1903: Package 'Microsoft.Windows.Compatibility' 6.0.0 has a known high severity vulnerability, https://github.com/advisories/GHSA-555c-2p6r-68mm [C:\Users\ultra\warewolf\Dev\Warewolf.Parsing.Tests\Warewolf.Parsing.Tests.csproj]
C:\Users\ultra\warewolf\Dev\Dev2.Runtime.Services\Dev2.Runtime.Services.csproj : warning NU1701: Package 'AeroWizard 2.3.1' was restored using '.NETFramework,Version=v4.6.1, .NETFramework,Version=v4.6.2, .NETFramework,Version=v4.7, .NETFramework,Version=v4.7.1, .NETFramework,Version=v4.7.2, .NETFramework,Version=v4.8, .NETFramework,Version=v4.8.1' instead of the project target framework 'net8.0'. This package may not be fully compatible with your project. [C:\Users\ultra\warewolf\Dev\Warewolf.Parsing.Tests\Warewolf.Parsing.Tests.csproj]
C:\Users\ultra\warewolf\Dev\Warewolf.AI.Harness\Warewolf.AI.Harness.csproj : warning NU1701: Package 'AeroWizard 2.3.1' was restored using '.NETFramework,Version=v4.6.1, .NETFramework,Version=v4.6.2, .NETFramework,Version=v4.7, .NETFramework,Version=v4.7.1, .NETFramework,Version=v4.7.2, .NETFramework,Version=v4.8, .NETFramework,Version=v4.8.1' instead of the project target framework 'net8.0'. This package may not be fully compatible with your project. [C:\Users\ultra\warewolf\Dev\Warewolf.Parsing.Tests\Warewolf.Parsing.Tests.csproj]
C:\Users\ultra\warewolf\Dev\Dev2.Runtime.Services\Dev2.Runtime.Services.csproj : warning NU1701: Package 'GroupControls 1.9.0' was restored using '.NETFramework,Version=v4.6.1, .NETFramework,Version=v4.6.2, .NETFramework,Version=v4.7, .NETFramework,Version=v4.7.1, .NETFramework,Version=v4.7.2, .NETFramework,Version=v4.8, .NETFramework,Version=v4.8.1' instead of the project target framework 'net8.0'. This package may not be fully compatible with your project. [C:\Users\ultra\warewolf\Dev\Warewolf.Parsing.Tests\Warewolf.Parsing.Tests.csproj]
C:\Users\ultra\warewolf\Dev\Dev2.Runtime.Services\Dev2.Runtime.Services.csproj : warning NU1701: Package 'ReactiveUI.WPF 18.4.1' was restored using '.NETFramework,Version=v4.6.1, .NETFramework,Version=v4.6.2, .NETFramework,Version=v4.7, .NETFramework,Version=v4.7.1, .NETFramework,Version=v4.7.2, .NETFramework,Version=v4.8, .NETFramework,Version=v4.8.1' instead of the project target framework 'net8.0'. This package may not be fully compatible with your project. [C:\Users\ultra\warewolf\Dev\Warewolf.Parsing.Tests\Warewolf.Parsing.Tests.csproj]
C:\Users\ultra\warewolf\Dev\Warewolf.AI.Harness\Warewolf.AI.Harness.csproj : warning NU1701: Package 'GroupControls 1.9.0' was restored using '.NETFramework,Version=v4.6.1, .NETFramework,Version=v4.6.2, .NETFramework,Version=v4.7, .NETFramework,Version=v4.7.1, .NETFramework,Version=v4.7.2, .NETFramework,Version=v4.8, .NETFramework,Version=v4.8.1' instead of the project target framework 'net8.0'. This package may not be fully compatible with your project. [C:\Users\ultra\warewolf\Dev\Warewolf.Parsing.Tests\Warewolf.Parsing.Tests.csproj]
C:\Users\ultra\warewolf\Dev\Dev2.Runtime.Services\Dev2.Runtime.Services.csproj : warning NU1701: Package 'TaskSchedulerEditor 2.10.1' was restored using '.NETFramework,Version=v4.6.1, .NETFramework,Version=v4.6.2, .NETFramework,Version=v4.7, .NETFramework,Version=v4.7.1, .NETFramework,Version=v4.7.2, .NETFramework,Version=v4.8, .NETFramework,Version=v4.8.1' instead of the project target framework 'net8.0'. This package may not be fully compatible with your project. [C:\Users\ultra\warewolf\Dev\Warewolf.Parsing.Tests\Warewolf.Parsing.Tests.csproj]
C:\Users\ultra\warewolf\Dev\Warewolf.AI.Harness\Warewolf.AI.Harness.csproj : warning NU1701: Package 'TaskSchedulerEditor 2.10.1' was restored using '.NETFramework,Version=v4.6.1, .NETFramework,Version=v4.6.2, .NETFramework,Version=v4.7, .NETFramework,Version=v4.7.1, .NETFramework,Version=v4.7.2, .NETFramework,Version=v4.8, .NETFramework,Version=v4.8.1' instead of the project target framework 'net8.0'. This package may not be fully compatible with your project. [C:\Users\ultra\warewolf\Dev\Warewolf.Parsing.Tests\Warewolf.Parsing.Tests.csproj]
C:\Users\ultra\warewolf\Dev\Warewolf.Security\Warewolf.Security.csproj : warning NU1904: Package 'System.Drawing.Common' 4.5.1 has a known critical severity vulnerability, https://github.com/advisories/GHSA-rxg9-xrhp-64gj [C:\Users\ultra\warewolf\Dev\Warewolf.Parsing.Tests\Warewolf.Parsing.Tests.csproj]
C:\Users\ultra\warewolf\Dev\Dev2.Infrastructure\Dev2.Infrastructure.csproj : warning NU1903: Package 'Microsoft.Windows.Compatibility' 6.0.0 has a known high severity vulnerability, https://github.com/advisories/GHSA-555c-2p6r-68mm [C:\Users\ultra\warewolf\Dev\Warewolf.Parsing.Tests\Warewolf.Parsing.Tests.csproj]
C:\Users\ultra\warewolf\Dev\Dev2.Infrastructure\Dev2.Infrastructure.csproj : warning NU1701: Package 'AeroWizard 2.3.1' was restored using '.NETFramework,Version=v4.6.1, .NETFramework,Version=v4.6.2, .NETFramework,Version=v4.7, .NETFramework,Version=v4.7.1, .NETFramework,Version=v4.7.2, .NETFramework,Version=v4.8, .NETFramework,Version=v4.8.1' instead of the project target framework 'net8.0'. This package may not be fully compatible with your project. [C:\Users\ultra\warewolf\Dev\Warewolf.Parsing.Tests\Warewolf.Parsing.Tests.csproj]
C:\Users\ultra\warewolf\Dev\Dev2.Infrastructure\Dev2.Infrastructure.csproj : warning NU1701: Package 'GroupControls 1.9.0' was restored using '.NETFramework,Version=v4.6.1, .NETFramework,Version=v4.6.2, .NETFramework,Version=v4.7, .NETFramework,Version=v4.7.1, .NETFramework,Version=v4.7.2, .NETFramework,Version=v4.8, .NETFramework,Version=v4.8.1' instead of the project target framework 'net8.0'. This package may not be fully compatible with your project. [C:\Users\ultra\warewolf\Dev\Warewolf.Parsing.Tests\Warewolf.Parsing.Tests.csproj]
C:\Users\ultra\warewolf\Dev\Dev2.Infrastructure\Dev2.Infrastructure.csproj : warning NU1701: Package 'ReactiveUI.WPF 18.4.1' was restored using '.NETFramework,Version=v4.6.1, .NETFramework,Version=v4.6.2, .NETFramework,Version=v4.7, .NETFramework,Version=v4.7.1, .NETFramework,Version=v4.7.2, .NETFramework,Version=v4.8, .NETFramework,Version=v4.8.1' instead of the project target framework 'net8.0'. This package may not be fully compatible with your project. [C:\Users\ultra\warewolf\Dev\Warewolf.Parsing.Tests\Warewolf.Parsing.Tests.csproj]
C:\Users\ultra\warewolf\Dev\Dev2.Infrastructure\Dev2.Infrastructure.csproj : warning NU1701: Package 'TaskSchedulerEditor 2.10.1' was restored using '.NETFramework,Version=v4.6.1, .NETFramework,Version=v4.6.2, .NETFramework,Version=v4.7, .NETFramework,Version=v4.7.1, .NETFramework,Version=v4.7.2, .NETFramework,Version=v4.8, .NETFramework,Version=v4.8.1' instead of the project target framework 'net8.0'. This package may not be fully compatible with your project. [C:\Users\ultra\warewolf\Dev\Warewolf.Parsing.Tests\Warewolf.Parsing.Tests.csproj]
C:\Users\ultra\warewolf\Dev\Dev2.Common.Interfaces\Dev2.Common.Interfaces.csproj : warning NU1903: Package 'Microsoft.Windows.Compatibility' 6.0.0 has a known high severity vulnerability, https://github.com/advisories/GHSA-555c-2p6r-68mm [C:\Users\ultra\warewolf\Dev\Warewolf.Parsing.Tests\Warewolf.Parsing.Tests.csproj]
C:\Users\ultra\warewolf\Dev\Dev2.Common.Interfaces\Dev2.Common.Interfaces.csproj : warning NU1701: Package 'AeroWizard 2.3.1' was restored using '.NETFramework,Version=v4.6.1, .NETFramework,Version=v4.6.2, .NETFramework,Version=v4.7, .NETFramework,Version=v4.7.1, .NETFramework,Version=v4.7.2, .NETFramework,Version=v4.8, .NETFramework,Version=v4.8.1' instead of the project target framework 'net8.0'. This package may not be fully compatible with your project. [C:\Users\ultra\warewolf\Dev\Warewolf.Parsing.Tests\Warewolf.Parsing.Tests.csproj]
C:\Users\ultra\warewolf\Dev\Dev2.Common.Interfaces\Dev2.Common.Interfaces.csproj : warning NU1701: Package 'GroupControls 1.9.0' was restored using '.NETFramework,Version=v4.6.1, .NETFramework,Version=v4.6.2, .NETFramework,Version=v4.7, .NETFramework,Version=v4.7.1, .NETFramework,Version=v4.7.2, .NETFramework,Version=v4.8, .NETFramework,Version=v4.8.1' instead of the project target framework 'net8.0'. This package may not be fully compatible with your project. [C:\Users\ultra\warewolf\Dev\Warewolf.Parsing.Tests\Warewolf.Parsing.Tests.csproj]
C:\Users\ultra\warewolf\Dev\Dev2.Common.Interfaces\Dev2.Common.Interfaces.csproj : warning NU1701: Package 'TaskSchedulerEditor 2.10.1' was restored using '.NETFramework,Version=v4.6.1, .NETFramework,Version=v4.6.2, .NETFramework,Version=v4.7, .NETFramework,Version=v4.7.1, .NETFramework,Version=v4.7.2, .NETFramework,Version=v4.8, .NETFramework,Version=v4.8.1' instead of the project target framework 'net8.0'. This package may not be fully compatible with your project. [C:\Users\ultra\warewolf\Dev\Warewolf.Parsing.Tests\Warewolf.Parsing.Tests.csproj]
C:\Users\ultra\warewolf\Dev\Warewolf.Data\Warewolf.Data.csproj : warning NU1701: Package 'AeroWizard 2.3.1' was restored using '.NETFramework,Version=v4.6.1, .NETFramework,Version=v4.6.2, .NETFramework,Version=v4.7, .NETFramework,Version=v4.7.1, .NETFramework,Version=v4.7.2, .NETFramework,Version=v4.8, .NETFramework,Version=v4.8.1' instead of the project target framework 'net8.0'. This package may not be fully compatible with your project. [C:\Users\ultra\warewolf\Dev\Warewolf.Parsing.Tests\Warewolf.Parsing.Tests.csproj]
C:\Users\ultra\warewolf\Dev\Warewolf.Data\Warewolf.Data.csproj : warning NU1701: Package 'GroupControls 1.9.0' was restored using '.NETFramework,Version=v4.6.1, .NETFramework,Version=v4.6.2, .NETFramework,Version=v4.7, .NETFramework,Version=v4.7.1, .NETFramework,Version=v4.7.2, .NETFramework,Version=v4.8, .NETFramework,Version=v4.8.1' instead of the project target framework 'net8.0'. This package may not be fully compatible with your project. [C:\Users\ultra\warewolf\Dev\Warewolf.Parsing.Tests\Warewolf.Parsing.Tests.csproj]
C:\Users\ultra\warewolf\Dev\Warewolf.Data\Warewolf.Data.csproj : warning NU1701: Package 'TaskSchedulerEditor 2.10.1' was restored using '.NETFramework,Version=v4.6.1, .NETFramework,Version=v4.6.2, .NETFramework,Version=v4.7, .NETFramework,Version=v4.7.1, .NETFramework,Version=v4.7.2, .NETFramework,Version=v4.8, .NETFramework,Version=v4.8.1' instead of the project target framework 'net8.0'. This package may not be fully compatible with your project. [C:\Users\ultra\warewolf\Dev\Warewolf.Parsing.Tests\Warewolf.Parsing.Tests.csproj]
C:\Users\ultra\warewolf\Dev\Warewolf.Common\Warewolf.Common.csproj : warning NU1701: Package 'AeroWizard 2.3.1' was restored using '.NETFramework,Version=v4.6.1, .NETFramework,Version=v4.6.2, .NETFramework,Version=v4.7, .NETFramework,Version=v4.7.1, .NETFramework,Version=v4.7.2, .NETFramework,Version=v4.8, .NETFramework,Version=v4.8.1' instead of the project target framework 'net8.0'. This package may not be fully compatible with your project. [C:\Users\ultra\warewolf\Dev\Warewolf.Parsing.Tests\Warewolf.Parsing.Tests.csproj]
C:\Users\ultra\warewolf\Dev\Warewolf.Common\Warewolf.Common.csproj : warning NU1701: Package 'GroupControls 1.9.0' was restored using '.NETFramework,Version=v4.6.1, .NETFramework,Version=v4.6.2, .NETFramework,Version=v4.7, .NETFramework,Version=v4.7.1, .NETFramework,Version=v4.7.2, .NETFramework,Version=v4.8, .NETFramework,Version=v4.8.1' instead of the project target framework 'net8.0'. This package may not be fully compatible with your project. [C:\Users\ultra\warewolf\Dev\Warewolf.Parsing.Tests\Warewolf.Parsing.Tests.csproj]
C:\Users\ultra\warewolf\Dev\Warewolf.Common\Warewolf.Common.csproj : warning NU1701: Package 'TaskSchedulerEditor 2.10.1' was restored using '.NETFramework,Version=v4.6.1, .NETFramework,Version=v4.6.2, .NETFramework,Version=v4.7, .NETFramework,Version=v4.7.1, .NETFramework,Version=v4.7.2, .NETFramework,Version=v4.8, .NETFramework,Version=v4.8.1' instead of the project target framework 'net8.0'. This package may not be fully compatible with your project. [C:\Users\ultra\warewolf\Dev\Warewolf.Parsing.Tests\Warewolf.Parsing.Tests.csproj]
C:\Users\ultra\warewolf\Dev\Warewolf.Driver.Serilog\Warewolf.Driver.Serilog.csproj : warning NU1701: Package 'AeroWizard 2.3.1' was restored using '.NETFramework,Version=v4.6.1, .NETFramework,Version=v4.6.2, .NETFramework,Version=v4.7, .NETFramework,Version=v4.7.1, .NETFramework,Version=v4.7.2, .NETFramework,Version=v4.8, .NETFramework,Version=v4.8.1' instead of the project target framework 'net8.0'. This package may not be fully compatible with your project. [C:\Users\ultra\warewolf\Dev\Warewolf.Parsing.Tests\Warewolf.Parsing.Tests.csproj]
C:\Users\ultra\warewolf\Dev\Warewolf.Driver.Serilog\Warewolf.Driver.Serilog.csproj : warning NU1701: Package 'GroupControls 1.9.0' was restored using '.NETFramework,Version=v4.6.1, .NETFramework,Version=v4.6.2, .NETFramework,Version=v4.7, .NETFramework,Version=v4.7.1, .NETFramework,Version=v4.7.2, .NETFramework,Version=v4.8, .NETFramework,Version=v4.8.1' instead of the project target framework 'net8.0'. This package may not be fully compatible with your project. [C:\Users\ultra\warewolf\Dev\Warewolf.Parsing.Tests\Warewolf.Parsing.Tests.csproj]
C:\Users\ultra\warewolf\Dev\Warewolf.Driver.Serilog\Warewolf.Driver.Serilog.csproj : warning NU1701: Package 'ReactiveUI.WPF 18.4.1' was restored using '.NETFramework,Version=v4.6.1, .NETFramework,Version=v4.6.2, .NETFramework,Version=v4.7, .NETFramework,Version=v4.7.1, .NETFramework,Version=v4.7.2, .NETFramework,Version=v4.8, .NETFramework,Version=v4.8.1' instead of the project target framework 'net8.0'. This package may not be fully compatible with your project. [C:\Users\ultra\warewolf\Dev\Warewolf.Parsing.Tests\Warewolf.Parsing.Tests.csproj]
C:\Users\ultra\warewolf\Dev\Warewolf.Driver.Serilog\Warewolf.Driver.Serilog.csproj : warning NU1701: Package 'TaskSchedulerEditor 2.10.1' was restored using '.NETFramework,Version=v4.6.1, .NETFramework,Version=v4.6.2, .NETFramework,Version=v4.7, .NETFramework,Version=v4.7.1, .NETFramework,Version=v4.7.2, .NETFramework,Version=v4.8, .NETFramework,Version=v4.8.1' instead of the project target framework 'net8.0'. This package may not be fully compatible with your project. [C:\Users\ultra\warewolf\Dev\Warewolf.Parsing.Tests\Warewolf.Parsing.Tests.csproj]
C:\Users\ultra\warewolf\Dev\Dev2.Diagnostics\Dev2.Diagnostics.csproj : warning NU1701: Package 'AeroWizard 2.3.1' was restored using '.NETFramework,Version=v4.6.1, .NETFramework,Version=v4.6.2, .NETFramework,Version=v4.7, .NETFramework,Version=v4.7.1, .NETFramework,Version=v4.7.2, .NETFramework,Version=v4.8, .NETFramework,Version=v4.8.1' instead of the project target framework 'net8.0'. This package may not be fully compatible with your project. [C:\Users\ultra\warewolf\Dev\Warewolf.Parsing.Tests\Warewolf.Parsing.Tests.csproj]
C:\Users\ultra\warewolf\Dev\Dev2.Diagnostics\Dev2.Diagnostics.csproj : warning NU1701: Package 'GroupControls 1.9.0' was restored using '.NETFramework,Version=v4.6.1, .NETFramework,Version=v4.6.2, .NETFramework,Version=v4.7, .NETFramework,Version=v4.7.1, .NETFramework,Version=v4.7.2, .NETFramework,Version=v4.8, .NETFramework,Version=v4.8.1' instead of the project target framework 'net8.0'. This package may not be fully compatible with your project. [C:\Users\ultra\warewolf\Dev\Warewolf.Parsing.Tests\Warewolf.Parsing.Tests.csproj]
C:\Users\ultra\warewolf\Dev\Dev2.Diagnostics\Dev2.Diagnostics.csproj : warning NU1701: Package 'TaskSchedulerEditor 2.10.1' was restored using '.NETFramework,Version=v4.6.1, .NETFramework,Version=v4.6.2, .NETFramework,Version=v4.7, .NETFramework,Version=v4.7.1, .NETFramework,Version=v4.7.2, .NETFramework,Version=v4.8, .NETFramework,Version=v4.8.1' instead of the project target framework 'net8.0'. This package may not be fully compatible with your project. [C:\Users\ultra\warewolf\Dev\Warewolf.Parsing.Tests\Warewolf.Parsing.Tests.csproj]
C:\Users\ultra\warewolf\Dev\Dev2.Services.Sql\Dev2.Services.Sql.csproj : warning NU1903: Package 'Oracle.ManagedDataAccess.Core' 3.21.70 has a known high severity vulnerability, https://github.com/advisories/GHSA-5pm2-9mr2-3frq [C:\Users\ultra\warewolf\Dev\Warewolf.Parsing.Tests\Warewolf.Parsing.Tests.csproj]
C:\Users\ultra\warewolf\Dev\Dev2.Services.Sql\Dev2.Services.Sql.csproj : warning NU1701: Package 'AeroWizard 2.3.1' was restored using '.NETFramework,Version=v4.6.1, .NETFramework,Version=v4.6.2, .NETFramework,Version=v4.7, .NETFramework,Version=v4.7.1, .NETFramework,Version=v4.7.2, .NETFramework,Version=v4.8, .NETFramework,Version=v4.8.1' instead of the project target framework 'net8.0'. This package may not be fully compatible with your project. [C:\Users\ultra\warewolf\Dev\Warewolf.Parsing.Tests\Warewolf.Parsing.Tests.csproj]
C:\Users\ultra\warewolf\Dev\Dev2.Services.Sql\Dev2.Services.Sql.csproj : warning NU1701: Package 'GroupControls 1.9.0' was restored using '.NETFramework,Version=v4.6.1, .NETFramework,Version=v4.6.2, .NETFramework,Version=v4.7, .NETFramework,Version=v4.7.1, .NETFramework,Version=v4.7.2, .NETFramework,Version=v4.8, .NETFramework,Version=v4.8.1' instead of the project target framework 'net8.0'. This package may not be fully compatible with your project. [C:\Users\ultra\warewolf\Dev\Warewolf.Parsing.Tests\Warewolf.Parsing.Tests.csproj]
C:\Users\ultra\warewolf\Dev\Dev2.Services.Sql\Dev2.Services.Sql.csproj : warning NU1701: Package 'ReactiveUI.WPF 18.4.1' was restored using '.NETFramework,Version=v4.6.1, .NETFramework,Version=v4.6.2, .NETFramework,Version=v4.7, .NETFramework,Version=v4.7.1, .NETFramework,Version=v4.7.2, .NETFramework,Version=v4.8, .NETFramework,Version=v4.8.1' instead of the project target framework 'net8.0'. This package may not be fully compatible with your project. [C:\Users\ultra\warewolf\Dev\Warewolf.Parsing.Tests\Warewolf.Parsing.Tests.csproj]
C:\Users\ultra\warewolf\Dev\Dev2.Services.Sql\Dev2.Services.Sql.csproj : warning NU1701: Package 'TaskSchedulerEditor 2.10.1' was restored using '.NETFramework,Version=v4.6.1, .NETFramework,Version=v4.6.2, .NETFramework,Version=v4.7, .NETFramework,Version=v4.7.1, .NETFramework,Version=v4.7.2, .NETFramework,Version=v4.8, .NETFramework,Version=v4.8.1' instead of the project target framework 'net8.0'. This package may not be fully compatible with your project. [C:\Users\ultra\warewolf\Dev\Warewolf.Parsing.Tests\Warewolf.Parsing.Tests.csproj]
C:\Users\ultra\warewolf\Dev\Dev2.Common\Dev2.Common.csproj : warning NU1903: Package 'Microsoft.Windows.Compatibility' 6.0.0 has a known high severity vulnerability, https://github.com/advisories/GHSA-555c-2p6r-68mm [C:\Users\ultra\warewolf\Dev\Warewolf.Parsing.Tests\Warewolf.Parsing.Tests.csproj]
C:\Users\ultra\warewolf\Dev\Dev2.Common\Dev2.Common.csproj : warning NU1701: Package 'AeroWizard 2.3.1' was restored using '.NETFramework,Version=v4.6.1, .NETFramework,Version=v4.6.2, .NETFramework,Version=v4.7, .NETFramework,Version=v4.7.1, .NETFramework,Version=v4.7.2, .NETFramework,Version=v4.8, .NETFramework,Version=v4.8.1' instead of the project target framework 'net8.0'. This package may not be fully compatible with your project. [C:\Users\ultra\warewolf\Dev\Warewolf.Parsing.Tests\Warewolf.Parsing.Tests.csproj]
C:\Users\ultra\warewolf\Dev\Dev2.Common\Dev2.Common.csproj : warning NU1701: Package 'GroupControls 1.9.0' was restored using '.NETFramework,Version=v4.6.1, .NETFramework,Version=v4.6.2, .NETFramework,Version=v4.7, .NETFramework,Version=v4.7.1, .NETFramework,Version=v4.7.2, .NETFramework,Version=v4.8, .NETFramework,Version=v4.8.1' instead of the project target framework 'net8.0'. This package may not be fully compatible with your project. [C:\Users\ultra\warewolf\Dev\Warewolf.Parsing.Tests\Warewolf.Parsing.Tests.csproj]
C:\Users\ultra\warewolf\Dev\Dev2.Common\Dev2.Common.csproj : warning NU1701: Package 'TaskSchedulerEditor 2.10.1' was restored using '.NETFramework,Version=v4.6.1, .NETFramework,Version=v4.6.2, .NETFramework,Version=v4.7, .NETFramework,Version=v4.7.1, .NETFramework,Version=v4.7.2, .NETFramework,Version=v4.8, .NETFramework,Version=v4.8.1' instead of the project target framework 'net8.0'. This package may not be fully compatible with your project. [C:\Users\ultra\warewolf\Dev\Warewolf.Parsing.Tests\Warewolf.Parsing.Tests.csproj]
C:\Users\ultra\warewolf\Dev\Dev2.Core\Dev2.Core.csproj : warning NU1903: Package 'Microsoft.Windows.Compatibility' 6.0.0 has a known high severity vulnerability, https://github.com/advisories/GHSA-555c-2p6r-68mm [C:\Users\ultra\warewolf\Dev\Warewolf.Parsing.Tests\Warewolf.Parsing.Tests.csproj]
C:\Users\ultra\warewolf\Dev\Dev2.Core\Dev2.Core.csproj : warning NU1701: Package 'AeroWizard 2.3.1' was restored using '.NETFramework,Version=v4.6.1, .NETFramework,Version=v4.6.2, .NETFramework,Version=v4.7, .NETFramework,Version=v4.7.1, .NETFramework,Version=v4.7.2, .NETFramework,Version=v4.8, .NETFramework,Version=v4.8.1' instead of the project target framework 'net8.0'. This package may not be fully compatible with your project. [C:\Users\ultra\warewolf\Dev\Warewolf.Parsing.Tests\Warewolf.Parsing.Tests.csproj]
C:\Users\ultra\warewolf\Dev\Dev2.Core\Dev2.Core.csproj : warning NU1701: Package 'GroupControls 1.9.0' was restored using '.NETFramework,Version=v4.6.1, .NETFramework,Version=v4.6.2, .NETFramework,Version=v4.7, .NETFramework,Version=v4.7.1, .NETFramework,Version=v4.7.2, .NETFramework,Version=v4.8, .NETFramework,Version=v4.8.1' instead of the project target framework 'net8.0'. This package may not be fully compatible with your project. [C:\Users\ultra\warewolf\Dev\Warewolf.Parsing.Tests\Warewolf.Parsing.Tests.csproj]
C:\Users\ultra\warewolf\Dev\Dev2.Core\Dev2.Core.csproj : warning NU1701: Package 'ReactiveUI.WPF 18.4.1' was restored using '.NETFramework,Version=v4.6.1, .NETFramework,Version=v4.6.2, .NETFramework,Version=v4.7, .NETFramework,Version=v4.7.1, .NETFramework,Version=v4.7.2, .NETFramework,Version=v4.8, .NETFramework,Version=v4.8.1' instead of the project target framework 'net8.0'. This package may not be fully compatible with your project. [C:\Users\ultra\warewolf\Dev\Warewolf.Parsing.Tests\Warewolf.Parsing.Tests.csproj]
C:\Users\ultra\warewolf\Dev\Dev2.Core\Dev2.Core.csproj : warning NU1701: Package 'TaskSchedulerEditor 2.10.1' was restored using '.NETFramework,Version=v4.6.1, .NETFramework,Version=v4.6.2, .NETFramework,Version=v4.7, .NETFramework,Version=v4.7.1, .NETFramework,Version=v4.7.2, .NETFramework,Version=v4.8, .NETFramework,Version=v4.8.1' instead of the project target framework 'net8.0'. This package may not be fully compatible with your project. [C:\Users\ultra\warewolf\Dev\Warewolf.Parsing.Tests\Warewolf.Parsing.Tests.csproj]
C:\Users\ultra\warewolf\Dev\Warewolf.Testing\Warewolf.Testing.csproj : warning NU1701: Package 'AeroWizard 2.3.1' was restored using '.NETFramework,Version=v4.6.1, .NETFramework,Version=v4.6.2, .NETFramework,Version=v4.7, .NETFramework,Version=v4.7.1, .NETFramework,Version=v4.7.2, .NETFramework,Version=v4.8, .NETFramework,Version=v4.8.1' instead of the project target framework 'net8.0'. This package may not be fully compatible with your project. [C:\Users\ultra\warewolf\Dev\Warewolf.Parsing.Tests\Warewolf.Parsing.Tests.csproj]
C:\Users\ultra\warewolf\Dev\Warewolf.Testing\Warewolf.Testing.csproj : warning NU1701: Package 'GroupControls 1.9.0' was restored using '.NETFramework,Version=v4.6.1, .NETFramework,Version=v4.6.2, .NETFramework,Version=v4.7, .NETFramework,Version=v4.7.1, .NETFramework,Version=v4.7.2, .NETFramework,Version=v4.8, .NETFramework,Version=v4.8.1' instead of the project target framework 'net8.0'. This package may not be fully compatible with your project. [C:\Users\ultra\warewolf\Dev\Warewolf.Parsing.Tests\Warewolf.Parsing.Tests.csproj]
C:\Users\ultra\warewolf\Dev\Warewolf.Testing\Warewolf.Testing.csproj : warning NU1701: Package 'Microsoft.Xaml.Behaviors.Wpf 1.1.122' was restored using '.NETFramework,Version=v4.6.1, .NETFramework,Version=v4.6.2, .NETFramework,Version=v4.7, .NETFramework,Version=v4.7.1, .NETFramework,Version=v4.7.2, .NETFramework,Version=v4.8, .NETFramework,Version=v4.8.1' instead of the project target framework 'net8.0'. This package may not be fully compatible with your project. [C:\Users\ultra\warewolf\Dev\Warewolf.Parsing.Tests\Warewolf.Parsing.Tests.csproj]
C:\Users\ultra\warewolf\Dev\Warewolf.Testing\Warewolf.Testing.csproj : warning NU1701: Package 'Prism.Wpf 9.0.537' was restored using '.NETFramework,Version=v4.6.1, .NETFramework,Version=v4.6.2, .NETFramework,Version=v4.7, .NETFramework,Version=v4.7.1, .NETFramework,Version=v4.7.2, .NETFramework,Version=v4.8, .NETFramework,Version=v4.8.1' instead of the project target framework 'net8.0'. This package may not be fully compatible with your project. [C:\Users\ultra\warewolf\Dev\Warewolf.Parsing.Tests\Warewolf.Parsing.Tests.csproj]
C:\Users\ultra\warewolf\Dev\Warewolf.Testing\Warewolf.Testing.csproj : warning NU1701: Package 'ReactiveUI.WPF 18.4.1' was restored using '.NETFramework,Version=v4.6.1, .NETFramework,Version=v4.6.2, .NETFramework,Version=v4.7, .NETFramework,Version=v4.7.1, .NETFramework,Version=v4.7.2, .NETFramework,Version=v4.8, .NETFramework,Version=v4.8.1' instead of the project target framework 'net8.0'. This package may not be fully compatible with your project. [C:\Users\ultra\warewolf\Dev\Warewolf.Parsing.Tests\Warewolf.Parsing.Tests.csproj]
C:\Users\ultra\warewolf\Dev\Warewolf.Testing\Warewolf.Testing.csproj : warning NU1701: Package 'TaskSchedulerEditor 2.10.1' was restored using '.NETFramework,Version=v4.6.1, .NETFramework,Version=v4.6.2, .NETFramework,Version=v4.7, .NETFramework,Version=v4.7.1, .NETFramework,Version=v4.7.2, .NETFramework,Version=v4.8, .NETFramework,Version=v4.8.1' instead of the project target framework 'net8.0'. This package may not be fully compatible with your project. [C:\Users\ultra\warewolf\Dev\Warewolf.Parsing.Tests\Warewolf.Parsing.Tests.csproj]
C:\Users\ultra\warewolf\Dev\Dev2.Studio.Interfaces\Dev2.Studio.Interfaces.csproj : warning NU1701: Package 'AeroWizard 2.3.1' was restored using '.NETFramework,Version=v4.6.1, .NETFramework,Version=v4.6.2, .NETFramework,Version=v4.7, .NETFramework,Version=v4.7.1, .NETFramework,Version=v4.7.2, .NETFramework,Version=v4.8, .NETFramework,Version=v4.8.1' instead of the project target framework 'net8.0'. This package may not be fully compatible with your project. [C:\Users\ultra\warewolf\Dev\Warewolf.Parsing.Tests\Warewolf.Parsing.Tests.csproj]
C:\Users\ultra\warewolf\Dev\Dev2.Studio.Interfaces\Dev2.Studio.Interfaces.csproj : warning NU1701: Package 'GroupControls 1.9.0' was restored using '.NETFramework,Version=v4.6.1, .NETFramework,Version=v4.6.2, .NETFramework,Version=v4.7, .NETFramework,Version=v4.7.1, .NETFramework,Version=v4.7.2, .NETFramework,Version=v4.8, .NETFramework,Version=v4.8.1' instead of the project target framework 'net8.0'. This package may not be fully compatible with your project. [C:\Users\ultra\warewolf\Dev\Warewolf.Parsing.Tests\Warewolf.Parsing.Tests.csproj]
C:\Users\ultra\warewolf\Dev\Dev2.Studio.Interfaces\Dev2.Studio.Interfaces.csproj : warning NU1701: Package 'Microsoft.Xaml.Behaviors.Wpf 1.1.122' was restored using '.NETFramework,Version=v4.6.1, .NETFramework,Version=v4.6.2, .NETFramework,Version=v4.7, .NETFramework,Version=v4.7.1, .NETFramework,Version=v4.7.2, .NETFramework,Version=v4.8, .NETFramework,Version=v4.8.1' instead of the project target framework 'net8.0'. This package may not be fully compatible with your project. [C:\Users\ultra\warewolf\Dev\Warewolf.Parsing.Tests\Warewolf.Parsing.Tests.csproj]
C:\Users\ultra\warewolf\Dev\Dev2.Studio.Interfaces\Dev2.Studio.Interfaces.csproj : warning NU1701: Package 'Prism.Wpf 9.0.537' was restored using '.NETFramework,Version=v4.6.1, .NETFramework,Version=v4.6.2, .NETFramework,Version=v4.7, .NETFramework,Version=v4.7.1, .NETFramework,Version=v4.7.2, .NETFramework,Version=v4.8, .NETFramework,Version=v4.8.1' instead of the project target framework 'net8.0'. This package may not be fully compatible with your project. [C:\Users\ultra\warewolf\Dev\Warewolf.Parsing.Tests\Warewolf.Parsing.Tests.csproj]
C:\Users\ultra\warewolf\Dev\Dev2.Studio.Interfaces\Dev2.Studio.Interfaces.csproj : warning NU1701: Package 'ReactiveUI.WPF 18.4.1' was restored using '.NETFramework,Version=v4.6.1, .NETFramework,Version=v4.6.2, .NETFramework,Version=v4.7, .NETFramework,Version=v4.7.1, .NETFramework,Version=v4.7.2, .NETFramework,Version=v4.8, .NETFramework,Version=v4.8.1' instead of the project target framework 'net8.0'. This package may not be fully compatible with your project. [C:\Users\ultra\warewolf\Dev\Warewolf.Parsing.Tests\Warewolf.Parsing.Tests.csproj]
C:\Users\ultra\warewolf\Dev\Dev2.Studio.Interfaces\Dev2.Studio.Interfaces.csproj : warning NU1701: Package 'TaskSchedulerEditor 2.10.1' was restored using '.NETFramework,Version=v4.6.1, .NETFramework,Version=v4.6.2, .NETFramework,Version=v4.7, .NETFramework,Version=v4.7.1, .NETFramework,Version=v4.7.2, .NETFramework,Version=v4.8, .NETFramework,Version=v4.8.1' instead of the project target framework 'net8.0'. This package may not be fully compatible with your project. [C:\Users\ultra\warewolf\Dev\Warewolf.Parsing.Tests\Warewolf.Parsing.Tests.csproj]
C:\Users\ultra\warewolf\Dev\Dev2.Util\Dev2.Util.csproj : warning NU1903: Package 'Microsoft.Windows.Compatibility' 6.0.0 has a known high severity vulnerability, https://github.com/advisories/GHSA-555c-2p6r-68mm [C:\Users\ultra\warewolf\Dev\Warewolf.Parsing.Tests\Warewolf.Parsing.Tests.csproj]
C:\Users\ultra\warewolf\Dev\Dev2.Util\Dev2.Util.csproj : warning NU1701: Package 'AeroWizard 2.3.1' was restored using '.NETFramework,Version=v4.6.1, .NETFramework,Version=v4.6.2, .NETFramework,Version=v4.7, .NETFramework,Version=v4.7.1, .NETFramework,Version=v4.7.2, .NETFramework,Version=v4.8, .NETFramework,Version=v4.8.1' instead of the project target framework 'net8.0'. This package may not be fully compatible with your project. [C:\Users\ultra\warewolf\Dev\Warewolf.Parsing.Tests\Warewolf.Parsing.Tests.csproj]
C:\Users\ultra\warewolf\Dev\Dev2.Util\Dev2.Util.csproj : warning NU1701: Package 'GroupControls 1.9.0' was restored using '.NETFramework,Version=v4.6.1, .NETFramework,Version=v4.6.2, .NETFramework,Version=v4.7, .NETFramework,Version=v4.7.1, .NETFramework,Version=v4.7.2, .NETFramework,Version=v4.8, .NETFramework,Version=v4.8.1' instead of the project target framework 'net8.0'. This package may not be fully compatible with your project. [C:\Users\ultra\warewolf\Dev\Warewolf.Parsing.Tests\Warewolf.Parsing.Tests.csproj]
C:\Users\ultra\warewolf\Dev\Dev2.Util\Dev2.Util.csproj : warning NU1701: Package 'TaskSchedulerEditor 2.10.1' was restored using '.NETFramework,Version=v4.6.1, .NETFramework,Version=v4.6.2, .NETFramework,Version=v4.7, .NETFramework,Version=v4.7.1, .NETFramework,Version=v4.7.2, .NETFramework,Version=v4.8, .NETFramework,Version=v4.8.1' instead of the project target framework 'net8.0'. This package may not be fully compatible with your project. [C:\Users\ultra\warewolf\Dev\Warewolf.Parsing.Tests\Warewolf.Parsing.Tests.csproj]
C:\Users\ultra\warewolf\Dev\Dev2.TaskScheduler.Wrappers\Dev2.TaskScheduler.Wrappers.csproj : warning NU1701: Package 'AeroWizard 2.3.1' was restored using '.NETFramework,Version=v4.6.1, .NETFramework,Version=v4.6.2, .NETFramework,Version=v4.7, .NETFramework,Version=v4.7.1, .NETFramework,Version=v4.7.2, .NETFramework,Version=v4.8, .NETFramework,Version=v4.8.1' instead of the project target framework 'net8.0'. This package may not be fully compatible with your project. [C:\Users\ultra\warewolf\Dev\Warewolf.Parsing.Tests\Warewolf.Parsing.Tests.csproj]
C:\Users\ultra\warewolf\Dev\Dev2.TaskScheduler.Wrappers\Dev2.TaskScheduler.Wrappers.csproj : warning NU1701: Package 'GroupControls 1.9.0' was restored using '.NETFramework,Version=v4.6.1, .NETFramework,Version=v4.6.2, .NETFramework,Version=v4.7, .NETFramework,Version=v4.7.1, .NETFramework,Version=v4.7.2, .NETFramework,Version=v4.8, .NETFramework,Version=v4.8.1' instead of the project target framework 'net8.0'. This package may not be fully compatible with your project. [C:\Users\ultra\warewolf\Dev\Warewolf.Parsing.Tests\Warewolf.Parsing.Tests.csproj]
C:\Users\ultra\warewolf\Dev\Dev2.TaskScheduler.Wrappers\Dev2.TaskScheduler.Wrappers.csproj : warning NU1701: Package 'TaskSchedulerEditor 2.10.1' was restored using '.NETFramework,Version=v4.6.1, .NETFramework,Version=v4.6.2, .NETFramework,Version=v4.7, .NETFramework,Version=v4.7.1, .NETFramework,Version=v4.7.2, .NETFramework,Version=v4.8, .NETFramework,Version=v4.8.1' instead of the project target framework 'net8.0'. This package may not be fully compatible with your project. [C:\Users\ultra\warewolf\Dev\Warewolf.Parsing.Tests\Warewolf.Parsing.Tests.csproj]
C:\Users\ultra\warewolf\Dev\Warewolf.Core\Warewolf.Core.csproj : warning NU1903: Package 'Microsoft.Windows.Compatibility' 6.0.0 has a known high severity vulnerability, https://github.com/advisories/GHSA-555c-2p6r-68mm [C:\Users\ultra\warewolf\Dev\Warewolf.Parsing.Tests\Warewolf.Parsing.Tests.csproj]
C:\Users\ultra\warewolf\Dev\Warewolf.Core\Warewolf.Core.csproj : warning NU1701: Package 'AeroWizard 2.3.1' was restored using '.NETFramework,Version=v4.6.1, .NETFramework,Version=v4.6.2, .NETFramework,Version=v4.7, .NETFramework,Version=v4.7.1, .NETFramework,Version=v4.7.2, .NETFramework,Version=v4.8, .NETFramework,Version=v4.8.1' instead of the project target framework 'net8.0'. This package may not be fully compatible with your project. [C:\Users\ultra\warewolf\Dev\Warewolf.Parsing.Tests\Warewolf.Parsing.Tests.csproj]
C:\Users\ultra\warewolf\Dev\Warewolf.Core\Warewolf.Core.csproj : warning NU1701: Package 'GroupControls 1.9.0' was restored using '.NETFramework,Version=v4.6.1, .NETFramework,Version=v4.6.2, .NETFramework,Version=v4.7, .NETFramework,Version=v4.7.1, .NETFramework,Version=v4.7.2, .NETFramework,Version=v4.8, .NETFramework,Version=v4.8.1' instead of the project target framework 'net8.0'. This package may not be fully compatible with your project. [C:\Users\ultra\warewolf\Dev\Warewolf.Parsing.Tests\Warewolf.Parsing.Tests.csproj]
C:\Users\ultra\warewolf\Dev\Warewolf.Core\Warewolf.Core.csproj : warning NU1701: Package 'ReactiveUI.WPF 18.4.1' was restored using '.NETFramework,Version=v4.6.1, .NETFramework,Version=v4.6.2, .NETFramework,Version=v4.7, .NETFramework,Version=v4.7.1, .NETFramework,Version=v4.7.2, .NETFramework,Version=v4.8, .NETFramework,Version=v4.8.1' instead of the project target framework 'net8.0'. This package may not be fully compatible with your project. [C:\Users\ultra\warewolf\Dev\Warewolf.Parsing.Tests\Warewolf.Parsing.Tests.csproj]
C:\Users\ultra\warewolf\Dev\Warewolf.Core\Warewolf.Core.csproj : warning NU1701: Package 'TaskSchedulerEditor 2.10.1' was restored using '.NETFramework,Version=v4.6.1, .NETFramework,Version=v4.6.2, .NETFramework,Version=v4.7, .NETFramework,Version=v4.7.1, .NETFramework,Version=v4.7.2, .NETFramework,Version=v4.8, .NETFramework,Version=v4.8.1' instead of the project target framework 'net8.0'. This package may not be fully compatible with your project. [C:\Users\ultra\warewolf\Dev\Warewolf.Parsing.Tests\Warewolf.Parsing.Tests.csproj]
C:\Users\ultra\warewolf\Dev\Warewolf.ResourceManagement\Warewolf.ResourceManagement.csproj : warning NU1701: Package 'AeroWizard 2.3.1' was restored using '.NETFramework,Version=v4.6.1, .NETFramework,Version=v4.6.2, .NETFramework,Version=v4.7, .NETFramework,Version=v4.7.1, .NETFramework,Version=v4.7.2, .NETFramework,Version=v4.8, .NETFramework,Version=v4.8.1' instead of the project target framework 'net8.0'. This package may not be fully compatible with your project. [C:\Users\ultra\warewolf\Dev\Warewolf.Parsing.Tests\Warewolf.Parsing.Tests.csproj]
C:\Users\ultra\warewolf\Dev\Warewolf.ResourceManagement\Warewolf.ResourceManagement.csproj : warning NU1701: Package 'GroupControls 1.9.0' was restored using '.NETFramework,Version=v4.6.1, .NETFramework,Version=v4.6.2, .NETFramework,Version=v4.7, .NETFramework,Version=v4.7.1, .NETFramework,Version=v4.7.2, .NETFramework,Version=v4.8, .NETFramework,Version=v4.8.1' instead of the project target framework 'net8.0'. This package may not be fully compatible with your project. [C:\Users\ultra\warewolf\Dev\Warewolf.Parsing.Tests\Warewolf.Parsing.Tests.csproj]
C:\Users\ultra\warewolf\Dev\Warewolf.ResourceManagement\Warewolf.ResourceManagement.csproj : warning NU1701: Package 'ReactiveUI.WPF 18.4.1' was restored using '.NETFramework,Version=v4.6.1, .NETFramework,Version=v4.6.2, .NETFramework,Version=v4.7, .NETFramework,Version=v4.7.1, .NETFramework,Version=v4.7.2, .NETFramework,Version=v4.8, .NETFramework,Version=v4.8.1' instead of the project target framework 'net8.0'. This package may not be fully compatible with your project. [C:\Users\ultra\warewolf\Dev\Warewolf.Parsing.Tests\Warewolf.Parsing.Tests.csproj]
C:\Users\ultra\warewolf\Dev\Warewolf.ResourceManagement\Warewolf.ResourceManagement.csproj : warning NU1701: Package 'TaskSchedulerEditor 2.10.1' was restored using '.NETFramework,Version=v4.6.1, .NETFramework,Version=v4.6.2, .NETFramework,Version=v4.7, .NETFramework,Version=v4.7.1, .NETFramework,Version=v4.7.2, .NETFramework,Version=v4.8, .NETFramework,Version=v4.8.1' instead of the project target framework 'net8.0'. This package may not be fully compatible with your project. [C:\Users\ultra\warewolf\Dev\Warewolf.Parsing.Tests\Warewolf.Parsing.Tests.csproj]
C:\Users\ultra\warewolf\Dev\Warewolf.Common.NetStandard20\Warewolf.Common.NetStandard20.csproj : warning NU1701: Package 'AeroWizard 2.3.1' was restored using '.NETFramework,Version=v4.6.1, .NETFramework,Version=v4.6.2, .NETFramework,Version=v4.7, .NETFramework,Version=v4.7.1, .NETFramework,Version=v4.7.2, .NETFramework,Version=v4.8, .NETFramework,Version=v4.8.1' instead of the project target framework 'net8.0'. This package may not be fully compatible with your project. [C:\Users\ultra\warewolf\Dev\Warewolf.Parsing.Tests\Warewolf.Parsing.Tests.csproj]
C:\Users\ultra\warewolf\Dev\Warewolf.Common.NetStandard20\Warewolf.Common.NetStandard20.csproj : warning NU1701: Package 'GroupControls 1.9.0' was restored using '.NETFramework,Version=v4.6.1, .NETFramework,Version=v4.6.2, .NETFramework,Version=v4.7, .NETFramework,Version=v4.7.1, .NETFramework,Version=v4.7.2, .NETFramework,Version=v4.8, .NETFramework,Version=v4.8.1' instead of the project target framework 'net8.0'. This package may not be fully compatible with your project. [C:\Users\ultra\warewolf\Dev\Warewolf.Parsing.Tests\Warewolf.Parsing.Tests.csproj]
C:\Users\ultra\warewolf\Dev\Warewolf.Common.NetStandard20\Warewolf.Common.NetStandard20.csproj : warning NU1701: Package 'ReactiveUI.WPF 18.4.1' was restored using '.NETFramework,Version=v4.6.1, .NETFramework,Version=v4.6.2, .NETFramework,Version=v4.7, .NETFramework,Version=v4.7.1, .NETFramework,Version=v4.7.2, .NETFramework,Version=v4.8, .NETFramework,Version=v4.8.1' instead of the project target framework 'net8.0'. This package may not be fully compatible with your project. [C:\Users\ultra\warewolf\Dev\Warewolf.Parsing.Tests\Warewolf.Parsing.Tests.csproj]
C:\Users\ultra\warewolf\Dev\Warewolf.Common.NetStandard20\Warewolf.Common.NetStandard20.csproj : warning NU1701: Package 'TaskSchedulerEditor 2.10.1' was restored using '.NETFramework,Version=v4.6.1, .NETFramework,Version=v4.6.2, .NETFramework,Version=v4.7, .NETFramework,Version=v4.7.1, .NETFramework,Version=v4.7.2, .NETFramework,Version=v4.8, .NETFramework,Version=v4.8.1' instead of the project target framework 'net8.0'. This package may not be fully compatible with your project. [C:\Users\ultra\warewolf\Dev\Warewolf.Parsing.Tests\Warewolf.Parsing.Tests.csproj]
C:\Users\ultra\warewolf\Dev\Warewolf.Parsing.Tests\Warewolf.Parsing.Tests.csproj : warning NU1701: Package 'AeroWizard 2.3.1' was restored using '.NETFramework,Version=v4.6.1, .NETFramework,Version=v4.6.2, .NETFramework,Version=v4.7, .NETFramework,Version=v4.7.1, .NETFramework,Version=v4.7.2, .NETFramework,Version=v4.8, .NETFramework,Version=v4.8.1' instead of the project target framework 'net8.0'. This package may not be fully compatible with your project.
C:\Users\ultra\warewolf\Dev\Warewolf.Parsing.Tests\Warewolf.Parsing.Tests.csproj : warning NU1701: Package 'GroupControls 1.9.0' was restored using '.NETFramework,Version=v4.6.1, .NETFramework,Version=v4.6.2, .NETFramework,Version=v4.7, .NETFramework,Version=v4.7.1, .NETFramework,Version=v4.7.2, .NETFramework,Version=v4.8, .NETFramework,Version=v4.8.1' instead of the project target framework 'net8.0'. This package may not be fully compatible with your project.
C:\Users\ultra\warewolf\Dev\Warewolf.Parsing.Tests\Warewolf.Parsing.Tests.csproj : warning NU1701: Package 'Microsoft.Xaml.Behaviors.Wpf 1.1.122' was restored using '.NETFramework,Version=v4.6.1, .NETFramework,Version=v4.6.2, .NETFramework,Version=v4.7, .NETFramework,Version=v4.7.1, .NETFramework,Version=v4.7.2, .NETFramework,Version=v4.8, .NETFramework,Version=v4.8.1' instead of the project target framework 'net8.0'. This package may not be fully compatible with your project.
C:\Users\ultra\warewolf\Dev\Warewolf.Parsing.Tests\Warewolf.Parsing.Tests.csproj : warning NU1701: Package 'Prism.Wpf 9.0.537' was restored using '.NETFramework,Version=v4.6.1, .NETFramework,Version=v4.6.2, .NETFramework,Version=v4.7, .NETFramework,Version=v4.7.1, .NETFramework,Version=v4.7.2, .NETFramework,Version=v4.8, .NETFramework,Version=v4.8.1' instead of the project target framework 'net8.0'. This package may not be fully compatible with your project.
C:\Users\ultra\warewolf\Dev\Warewolf.Parsing.Tests\Warewolf.Parsing.Tests.csproj : warning NU1701: Package 'ReactiveUI.WPF 18.4.1' was restored using '.NETFramework,Version=v4.6.1, .NETFramework,Version=v4.6.2, .NETFramework,Version=v4.7, .NETFramework,Version=v4.7.1, .NETFramework,Version=v4.7.2, .NETFramework,Version=v4.8, .NETFramework,Version=v4.8.1' instead of the project target framework 'net8.0'. This package may not be fully compatible with your project.
C:\Users\ultra\warewolf\Dev\Warewolf.Parsing.Tests\Warewolf.Parsing.Tests.csproj : warning NU1701: Package 'TaskSchedulerEditor 2.10.1' was restored using '.NETFramework,Version=v4.6.1, .NETFramework,Version=v4.6.2, .NETFramework,Version=v4.7, .NETFramework,Version=v4.7.1, .NETFramework,Version=v4.7.2, .NETFramework,Version=v4.8, .NETFramework,Version=v4.8.1' instead of the project target framework 'net8.0'. This package may not be fully compatible with your project.
  Restored C:\Users\ultra\warewolf\Dev\Warewolf.Parsing.Tests\Warewolf.Parsing.Tests.csproj (in 564 ms).
  43 of 44 projects are up-to-date for restore.
C:\Users\ultra\warewolf\Dev\Warewolf.Parsing.Tests\Warewolf.Parsing.Tests.csproj : warning NU1701: Package 'AeroWizard 2.3.1' was restored using '.NETFramework,Version=v4.6.1, .NETFramework,Version=v4.6.2, .NETFramework,Version=v4.7, .NETFramework,Version=v4.7.1, .NETFramework,Version=v4.7.2, .NETFramework,Version=v4.8, .NETFramework,Version=v4.8.1' instead of the project target framework 'net8.0'. This package may not be fully compatible with your project.
C:\Users\ultra\warewolf\Dev\Warewolf.Parsing.Tests\Warewolf.Parsing.Tests.csproj : warning NU1701: Package 'GroupControls 1.9.0' was restored using '.NETFramework,Version=v4.6.1, .NETFramework,Version=v4.6.2, .NETFramework,Version=v4.7, .NETFramework,Version=v4.7.1, .NETFramework,Version=v4.7.2, .NETFramework,Version=v4.8, .NETFramework,Version=v4.8.1' instead of the project target framework 'net8.0'. This package may not be fully compatible with your project.
C:\Users\ultra\warewolf\Dev\Warewolf.Parsing.Tests\Warewolf.Parsing.Tests.csproj : warning NU1701: Package 'Microsoft.Xaml.Behaviors.Wpf 1.1.122' was restored using '.NETFramework,Version=v4.6.1, .NETFramework,Version=v4.6.2, .NETFramework,Version=v4.7, .NETFramework,Version=v4.7.1, .NETFramework,Version=v4.7.2, .NETFramework,Version=v4.8, .NETFramework,Version=v4.8.1' instead of the project target framework 'net8.0'. This package may not be fully compatible with your project.
C:\Users\ultra\warewolf\Dev\Warewolf.Parsing.Tests\Warewolf.Parsing.Tests.csproj : warning NU1701: Package 'Prism.Wpf 9.0.537' was restored using '.NETFramework,Version=v4.6.1, .NETFramework,Version=v4.6.2, .NETFramework,Version=v4.7, .NETFramework,Version=v4.7.1, .NETFramework,Version=v4.7.2, .NETFramework,Version=v4.8, .NETFramework,Version=v4.8.1' instead of the project target framework 'net8.0'. This package may not be fully compatible with your project.
C:\Users\ultra\warewolf\Dev\Warewolf.Parsing.Tests\Warewolf.Parsing.Tests.csproj : warning NU1701: Package 'ReactiveUI.WPF 18.4.1' was restored using '.NETFramework,Version=v4.6.1, .NETFramework,Version=v4.6.2, .NETFramework,Version=v4.7, .NETFramework,Version=v4.7.1, .NETFramework,Version=v4.7.2, .NETFramework,Version=v4.8, .NETFramework,Version=v4.8.1' instead of the project target framework 'net8.0'. This package may not be fully compatible with your project.
C:\Users\ultra\warewolf\Dev\Warewolf.Parsing.Tests\Warewolf.Parsing.Tests.csproj : warning NU1701: Package 'TaskSchedulerEditor 2.10.1' was restored using '.NETFramework,Version=v4.6.1, .NETFramework,Version=v4.6.2, .NETFramework,Version=v4.7, .NETFramework,Version=v4.7.1, .NETFramework,Version=v4.7.2, .NETFramework,Version=v4.8, .NETFramework,Version=v4.8.1' instead of the project target framework 'net8.0'. This package may not be fully compatible with your project.
C:\Users\ultra\warewolf\Dev\Warewolf.Language.Parser\Warewolf.Language.Parser.fsproj : warning NU1504: Duplicate 'PackageReference' items found. Remove the duplicate items or use the Update functionality to ensure a consistent restore behavior. The duplicate 'PackageReference' items are: FSharp.Core 10.1.201, FSharp.Core 4.6.2.
C:\Program Files\dotnet\sdk\10.0.201\Sdks\Microsoft.NET.Sdk\targets\Microsoft.NET.Sdk.DefaultItems.targets(162,5): warning NETSDK1137: It is no longer necessary to use the Microsoft.NET.Sdk.WindowsDesktop SDK. Consider changing the Sdk attribute of the root Project element to 'Microsoft.NET.Sdk'. [C:\Users\ultra\warewolf\Dev\Dev2.CustomControls\Dev2.CustomControls.csproj]
C:\Program Files\dotnet\sdk\10.0.201\Sdks\Microsoft.NET.Sdk.WindowsDesktop\targets\Microsoft.NET.Sdk.WindowsDesktop.targets(138,5): warning NETSDK1106: Microsoft.NET.Sdk.WindowsDesktop requires 'UseWpf' or 'UseWindowsForms' to be set to 'true' [C:\Users\ultra\warewolf\Dev\Dev2.CustomControls\Dev2.CustomControls.csproj]
C:\Users\ultra\warewolf\Dev\Warewolf.Storage\Warewolf.Storage.csproj : warning NU1701: Package 'AeroWizard 2.3.1' was restored using '.NETFramework,Version=v4.6.1, .NETFramework,Version=v4.6.2, .NETFramework,Version=v4.7, .NETFramework,Version=v4.7.1, .NETFramework,Version=v4.7.2, .NETFramework,Version=v4.8, .NETFramework,Version=v4.8.1' instead of the project target framework 'net8.0'. This package may not be fully compatible with your project.
C:\Users\ultra\warewolf\Dev\Warewolf.Storage\Warewolf.Storage.csproj : warning NU1701: Package 'GroupControls 1.9.0' was restored using '.NETFramework,Version=v4.6.1, .NETFramework,Version=v4.6.2, .NETFramework,Version=v4.7, .NETFramework,Version=v4.7.1, .NETFramework,Version=v4.7.2, .NETFramework,Version=v4.8, .NETFramework,Version=v4.8.1' instead of the project target framework 'net8.0'. This package may not be fully compatible with your project.
C:\Users\ultra\warewolf\Dev\Warewolf.Storage.Interfaces\Warewolf.Storage.Interfaces.csproj : warning NU1701: Package 'AeroWizard 2.3.1' was restored using '.NETFramework,Version=v4.6.1, .NETFramework,Version=v4.6.2, .NETFramework,Version=v4.7, .NETFramework,Version=v4.7.1, .NETFramework,Version=v4.7.2, .NETFramework,Version=v4.8, .NETFramework,Version=v4.8.1' instead of the project target framework 'net8.0'. This package may not be fully compatible with your project.
C:\Users\ultra\warewolf\Dev\Warewolf.Storage.Interfaces\Warewolf.Storage.Interfaces.csproj : warning NU1701: Package 'GroupControls 1.9.0' was restored using '.NETFramework,Version=v4.6.1, .NETFramework,Version=v4.6.2, .NETFramework,Version=v4.7, .NETFramework,Version=v4.7.1, .NETFramework,Version=v4.7.2, .NETFramework,Version=v4.8, .NETFramework,Version=v4.8.1' instead of the project target framework 'net8.0'. This package may not be fully compatible with your project.
C:\Users\ultra\warewolf\Dev\Warewolf.Storage\Warewolf.Storage.csproj : warning NU1701: Package 'ReactiveUI.WPF 18.4.1' was restored using '.NETFramework,Version=v4.6.1, .NETFramework,Version=v4.6.2, .NETFramework,Version=v4.7, .NETFramework,Version=v4.7.1, .NETFramework,Version=v4.7.2, .NETFramework,Version=v4.8, .NETFramework,Version=v4.8.1' instead of the project target framework 'net8.0'. This package may not be fully compatible with your project.
C:\Users\ultra\warewolf\Dev\Warewolf.Storage.Interfaces\Warewolf.Storage.Interfaces.csproj : warning NU1701: Package 'TaskSchedulerEditor 2.10.1' was restored using '.NETFramework,Version=v4.6.1, .NETFramework,Version=v4.6.2, .NETFramework,Version=v4.7, .NETFramework,Version=v4.7.1, .NETFramework,Version=v4.7.2, .NETFramework,Version=v4.8, .NETFramework,Version=v4.8.1' instead of the project target framework 'net8.0'. This package may not be fully compatible with your project.
C:\Users\ultra\warewolf\Dev\Dev2.Core\Dev2.Core.csproj : warning NU1903: Package 'Microsoft.Windows.Compatibility' 6.0.0 has a known high severity vulnerability, https://github.com/advisories/GHSA-555c-2p6r-68mm
C:\Users\ultra\warewolf\Dev\Dev2.Common\Dev2.Common.csproj : warning NU1903: Package 'Microsoft.Windows.Compatibility' 6.0.0 has a known high severity vulnerability, https://github.com/advisories/GHSA-555c-2p6r-68mm
C:\Users\ultra\warewolf\Dev\Dev2.Core\Dev2.Core.csproj : warning NU1701: Package 'AeroWizard 2.3.1' was restored using '.NETFramework,Version=v4.6.1, .NETFramework,Version=v4.6.2, .NETFramework,Version=v4.7, .NETFramework,Version=v4.7.1, .NETFramework,Version=v4.7.2, .NETFramework,Version=v4.8, .NETFramework,Version=v4.8.1' instead of the project target framework 'net8.0'. This package may not be fully compatible with your project.
C:\Users\ultra\warewolf\Dev\Warewolf.Storage\Warewolf.Storage.csproj : warning NU1701: Package 'TaskSchedulerEditor 2.10.1' was restored using '.NETFramework,Version=v4.6.1, .NETFramework,Version=v4.6.2, .NETFramework,Version=v4.7, .NETFramework,Version=v4.7.1, .NETFramework,Version=v4.7.2, .NETFramework,Version=v4.8, .NETFramework,Version=v4.8.1' instead of the project target framework 'net8.0'. This package may not be fully compatible with your project.
C:\Users\ultra\warewolf\Dev\Dev2.Common\Dev2.Common.csproj : warning NU1701: Package 'AeroWizard 2.3.1' was restored using '.NETFramework,Version=v4.6.1, .NETFramework,Version=v4.6.2, .NETFramework,Version=v4.7, .NETFramework,Version=v4.7.1, .NETFramework,Version=v4.7.2, .NETFramework,Version=v4.8, .NETFramework,Version=v4.8.1' instead of the project target framework 'net8.0'. This package may not be fully compatible with your project.
C:\Users\ultra\warewolf\Dev\Dev2.Core\Dev2.Core.csproj : warning NU1701: Package 'GroupControls 1.9.0' was restored using '.NETFramework,Version=v4.6.1, .NETFramework,Version=v4.6.2, .NETFramework,Version=v4.7, .NETFramework,Version=v4.7.1, .NETFramework,Version=v4.7.2, .NETFramework,Version=v4.8, .NETFramework,Version=v4.8.1' instead of the project target framework 'net8.0'. This package may not be fully compatible with your project.
C:\Users\ultra\warewolf\Dev\Dev2.Common\Dev2.Common.csproj : warning NU1701: Package 'GroupControls 1.9.0' was restored using '.NETFramework,Version=v4.6.1, .NETFramework,Version=v4.6.2, .NETFramework,Version=v4.7, .NETFramework,Version=v4.7.1, .NETFramework,Version=v4.7.2, .NETFramework,Version=v4.8, .NETFramework,Version=v4.8.1' instead of the project target framework 'net8.0'. This package may not be fully compatible with your project.
C:\Users\ultra\warewolf\Dev\Dev2.Core\Dev2.Core.csproj : warning NU1701: Package 'ReactiveUI.WPF 18.4.1' was restored using '.NETFramework,Version=v4.6.1, .NETFramework,Version=v4.6.2, .NETFramework,Version=v4.7, .NETFramework,Version=v4.7.1, .NETFramework,Version=v4.7.2, .NETFramework,Version=v4.8, .NETFramework,Version=v4.8.1' instead of the project target framework 'net8.0'. This package may not be fully compatible with your project.
C:\Users\ultra\warewolf\Dev\Dev2.Common\Dev2.Common.csproj : warning NU1701: Package 'TaskSchedulerEditor 2.10.1' was restored using '.NETFramework,Version=v4.6.1, .NETFramework,Version=v4.6.2, .NETFramework,Version=v4.7, .NETFramework,Version=v4.7.1, .NETFramework,Version=v4.7.2, .NETFramework,Version=v4.8, .NETFramework,Version=v4.8.1' instead of the project target framework 'net8.0'. This package may not be fully compatible with your project.
C:\Users\ultra\warewolf\Dev\Dev2.Core\Dev2.Core.csproj : warning NU1701: Package 'TaskSchedulerEditor 2.10.1' was restored using '.NETFramework,Version=v4.6.1, .NETFramework,Version=v4.6.2, .NETFramework,Version=v4.7, .NETFramework,Version=v4.7.1, .NETFramework,Version=v4.7.2, .NETFramework,Version=v4.8, .NETFramework,Version=v4.8.1' instead of the project target framework 'net8.0'. This package may not be fully compatible with your project.
C:\Users\ultra\warewolf\Dev\Dev2.Common.Interfaces\Dev2.Common.Interfaces.csproj : warning NU1903: Package 'Microsoft.Windows.Compatibility' 6.0.0 has a known high severity vulnerability, https://github.com/advisories/GHSA-555c-2p6r-68mm
C:\Users\ultra\warewolf\Dev\Dev2.Infrastructure\Dev2.Infrastructure.csproj : warning NU1903: Package 'Microsoft.Windows.Compatibility' 6.0.0 has a known high severity vulnerability, https://github.com/advisories/GHSA-555c-2p6r-68mm
C:\Users\ultra\warewolf\Dev\Dev2.Common.Interfaces\Dev2.Common.Interfaces.csproj : warning NU1701: Package 'AeroWizard 2.3.1' was restored using '.NETFramework,Version=v4.6.1, .NETFramework,Version=v4.6.2, .NETFramework,Version=v4.7, .NETFramework,Version=v4.7.1, .NETFramework,Version=v4.7.2, .NETFramework,Version=v4.8, .NETFramework,Version=v4.8.1' instead of the project target framework 'net8.0'. This package may not be fully compatible with your project.
C:\Users\ultra\warewolf\Dev\Dev2.Infrastructure\Dev2.Infrastructure.csproj : warning NU1701: Package 'AeroWizard 2.3.1' was restored using '.NETFramework,Version=v4.6.1, .NETFramework,Version=v4.6.2, .NETFramework,Version=v4.7, .NETFramework,Version=v4.7.1, .NETFramework,Version=v4.7.2, .NETFramework,Version=v4.8, .NETFramework,Version=v4.8.1' instead of the project target framework 'net8.0'. This package may not be fully compatible with your project.
C:\Users\ultra\warewolf\Dev\Dev2.Common.Interfaces\Dev2.Common.Interfaces.csproj : warning NU1701: Package 'GroupControls 1.9.0' was restored using '.NETFramework,Version=v4.6.1, .NETFramework,Version=v4.6.2, .NETFramework,Version=v4.7, .NETFramework,Version=v4.7.1, .NETFramework,Version=v4.7.2, .NETFramework,Version=v4.8, .NETFramework,Version=v4.8.1' instead of the project target framework 'net8.0'. This package may not be fully compatible with your project.
C:\Users\ultra\warewolf\Dev\Dev2.Common.Interfaces\Dev2.Common.Interfaces.csproj : warning NU1701: Package 'TaskSchedulerEditor 2.10.1' was restored using '.NETFramework,Version=v4.6.1, .NETFramework,Version=v4.6.2, .NETFramework,Version=v4.7, .NETFramework,Version=v4.7.1, .NETFramework,Version=v4.7.2, .NETFramework,Version=v4.8, .NETFramework,Version=v4.8.1' instead of the project target framework 'net8.0'. This package may not be fully compatible with your project.
C:\Users\ultra\warewolf\Dev\Warewolf.Testing\Warewolf.Testing.csproj : warning NU1701: Package 'AeroWizard 2.3.1' was restored using '.NETFramework,Version=v4.6.1, .NETFramework,Version=v4.6.2, .NETFramework,Version=v4.7, .NETFramework,Version=v4.7.1, .NETFramework,Version=v4.7.2, .NETFramework,Version=v4.8, .NETFramework,Version=v4.8.1' instead of the project target framework 'net8.0'. This package may not be fully compatible with your project.
C:\Users\ultra\warewolf\Dev\Dev2.Infrastructure\Dev2.Infrastructure.csproj : warning NU1701: Package 'GroupControls 1.9.0' was restored using '.NETFramework,Version=v4.6.1, .NETFramework,Version=v4.6.2, .NETFramework,Version=v4.7, .NETFramework,Version=v4.7.1, .NETFramework,Version=v4.7.2, .NETFramework,Version=v4.8, .NETFramework,Version=v4.8.1' instead of the project target framework 'net8.0'. This package may not be fully compatible with your project.
C:\Users\ultra\warewolf\Dev\Warewolf.Testing\Warewolf.Testing.csproj : warning NU1701: Package 'GroupControls 1.9.0' was restored using '.NETFramework,Version=v4.6.1, .NETFramework,Version=v4.6.2, .NETFramework,Version=v4.7, .NETFramework,Version=v4.7.1, .NETFramework,Version=v4.7.2, .NETFramework,Version=v4.8, .NETFramework,Version=v4.8.1' instead of the project target framework 'net8.0'. This package may not be fully compatible with your project.
C:\Users\ultra\warewolf\Dev\Dev2.Infrastructure\Dev2.Infrastructure.csproj : warning NU1701: Package 'ReactiveUI.WPF 18.4.1' was restored using '.NETFramework,Version=v4.6.1, .NETFramework,Version=v4.6.2, .NETFramework,Version=v4.7, .NETFramework,Version=v4.7.1, .NETFramework,Version=v4.7.2, .NETFramework,Version=v4.8, .NETFramework,Version=v4.8.1' instead of the project target framework 'net8.0'. This package may not be fully compatible with your project.
C:\Users\ultra\warewolf\Dev\Warewolf.Testing\Warewolf.Testing.csproj : warning NU1701: Package 'Microsoft.Xaml.Behaviors.Wpf 1.1.122' was restored using '.NETFramework,Version=v4.6.1, .NETFramework,Version=v4.6.2, .NETFramework,Version=v4.7, .NETFramework,Version=v4.7.1, .NETFramework,Version=v4.7.2, .NETFramework,Version=v4.8, .NETFramework,Version=v4.8.1' instead of the project target framework 'net8.0'. This package may not be fully compatible with your project.
C:\Users\ultra\warewolf\Dev\Dev2.Infrastructure\Dev2.Infrastructure.csproj : warning NU1701: Package 'TaskSchedulerEditor 2.10.1' was restored using '.NETFramework,Version=v4.6.1, .NETFramework,Version=v4.6.2, .NETFramework,Version=v4.7, .NETFramework,Version=v4.7.1, .NETFramework,Version=v4.7.2, .NETFramework,Version=v4.8, .NETFramework,Version=v4.8.1' instead of the project target framework 'net8.0'. This package may not be fully compatible with your project.
C:\Users\ultra\warewolf\Dev\Warewolf.Testing\Warewolf.Testing.csproj : warning NU1701: Package 'Prism.Wpf 9.0.537' was restored using '.NETFramework,Version=v4.6.1, .NETFramework,Version=v4.6.2, .NETFramework,Version=v4.7, .NETFramework,Version=v4.7.1, .NETFramework,Version=v4.7.2, .NETFramework,Version=v4.8, .NETFramework,Version=v4.8.1' instead of the project target framework 'net8.0'. This package may not be fully compatible with your project.
C:\Users\ultra\warewolf\Dev\Warewolf.Testing\Warewolf.Testing.csproj : warning NU1701: Package 'ReactiveUI.WPF 18.4.1' was restored using '.NETFramework,Version=v4.6.1, .NETFramework,Version=v4.6.2, .NETFramework,Version=v4.7, .NETFramework,Version=v4.7.1, .NETFramework,Version=v4.7.2, .NETFramework,Version=v4.8, .NETFramework,Version=v4.8.1' instead of the project target framework 'net8.0'. This package may not be fully compatible with your project.
C:\Users\ultra\warewolf\Dev\Warewolf.Testing\Warewolf.Testing.csproj : warning NU1701: Package 'TaskSchedulerEditor 2.10.1' was restored using '.NETFramework,Version=v4.6.1, .NETFramework,Version=v4.6.2, .NETFramework,Version=v4.7, .NETFramework,Version=v4.7.1, .NETFramework,Version=v4.7.2, .NETFramework,Version=v4.8, .NETFramework,Version=v4.8.1' instead of the project target framework 'net8.0'. This package may not be fully compatible with your project.
C:\Users\ultra\warewolf\Dev\Dev2.CustomControls\Dev2.CustomControls.csproj : warning NU1903: Package 'Microsoft.Windows.Compatibility' 6.0.0 has a known high severity vulnerability, https://github.com/advisories/GHSA-555c-2p6r-68mm
C:\Users\ultra\warewolf\Dev\Dev2.CustomControls\Dev2.CustomControls.csproj : warning NU1701: Package 'AeroWizard 2.3.1' was restored using '.NETFramework,Version=v4.6.1, .NETFramework,Version=v4.6.2, .NETFramework,Version=v4.7, .NETFramework,Version=v4.7.1, .NETFramework,Version=v4.7.2, .NETFramework,Version=v4.8, .NETFramework,Version=v4.8.1' instead of the project target framework 'net8.0'. This package may not be fully compatible with your project.
C:\Users\ultra\warewolf\Dev\Dev2.CustomControls\Dev2.CustomControls.csproj : warning NU1701: Package 'GroupControls 1.9.0' was restored using '.NETFramework,Version=v4.6.1, .NETFramework,Version=v4.6.2, .NETFramework,Version=v4.7, .NETFramework,Version=v4.7.1, .NETFramework,Version=v4.7.2, .NETFramework,Version=v4.8, .NETFramework,Version=v4.8.1' instead of the project target framework 'net8.0'. This package may not be fully compatible with your project.
C:\Users\ultra\warewolf\Dev\Dev2.CustomControls\Dev2.CustomControls.csproj : warning NU1701: Package 'TaskSchedulerEditor 2.10.1' was restored using '.NETFramework,Version=v4.6.1, .NETFramework,Version=v4.6.2, .NETFramework,Version=v4.7, .NETFramework,Version=v4.7.1, .NETFramework,Version=v4.7.2, .NETFramework,Version=v4.8, .NETFramework,Version=v4.8.1' instead of the project target framework 'net8.0'. This package may not be fully compatible with your project.
C:\Users\ultra\warewolf\Dev\Dev2.Data\Dev2.Data.csproj : warning NU1701: Package 'AeroWizard 2.3.1' was restored using '.NETFramework,Version=v4.6.1, .NETFramework,Version=v4.6.2, .NETFramework,Version=v4.7, .NETFramework,Version=v4.7.1, .NETFramework,Version=v4.7.2, .NETFramework,Version=v4.8, .NETFramework,Version=v4.8.1' instead of the project target framework 'net8.0'. This package may not be fully compatible with your project.
C:\Users\ultra\warewolf\Dev\Dev2.Data\Dev2.Data.csproj : warning NU1701: Package 'GroupControls 1.9.0' was restored using '.NETFramework,Version=v4.6.1, .NETFramework,Version=v4.6.2, .NETFramework,Version=v4.7, .NETFramework,Version=v4.7.1, .NETFramework,Version=v4.7.2, .NETFramework,Version=v4.8, .NETFramework,Version=v4.8.1' instead of the project target framework 'net8.0'. This package may not be fully compatible with your project.
C:\Users\ultra\warewolf\Dev\Dev2.Data\Dev2.Data.csproj : warning NU1701: Package 'ReactiveUI.WPF 18.4.1' was restored using '.NETFramework,Version=v4.6.1, .NETFramework,Version=v4.6.2, .NETFramework,Version=v4.7, .NETFramework,Version=v4.7.1, .NETFramework,Version=v4.7.2, .NETFramework,Version=v4.8, .NETFramework,Version=v4.8.1' instead of the project target framework 'net8.0'. This package may not be fully compatible with your project.
C:\Users\ultra\warewolf\Dev\Dev2.Data\Dev2.Data.csproj : warning NU1701: Package 'TaskSchedulerEditor 2.10.1' was restored using '.NETFramework,Version=v4.6.1, .NETFramework,Version=v4.6.2, .NETFramework,Version=v4.7, .NETFramework,Version=v4.7.1, .NETFramework,Version=v4.7.2, .NETFramework,Version=v4.8, .NETFramework,Version=v4.8.1' instead of the project target framework 'net8.0'. This package may not be fully compatible with your project.
C:\Users\ultra\warewolf\Dev\Dev2.Diagnostics\Dev2.Diagnostics.csproj : warning NU1701: Package 'AeroWizard 2.3.1' was restored using '.NETFramework,Version=v4.6.1, .NETFramework,Version=v4.6.2, .NETFramework,Version=v4.7, .NETFramework,Version=v4.7.1, .NETFramework,Version=v4.7.2, .NETFramework,Version=v4.8, .NETFramework,Version=v4.8.1' instead of the project target framework 'net8.0'. This package may not be fully compatible with your project.
C:\Users\ultra\warewolf\Dev\Dev2.Diagnostics\Dev2.Diagnostics.csproj : warning NU1701: Package 'GroupControls 1.9.0' was restored using '.NETFramework,Version=v4.6.1, .NETFramework,Version=v4.6.2, .NETFramework,Version=v4.7, .NETFramework,Version=v4.7.1, .NETFramework,Version=v4.7.2, .NETFramework,Version=v4.8, .NETFramework,Version=v4.8.1' instead of the project target framework 'net8.0'. This package may not be fully compatible with your project.
C:\Users\ultra\warewolf\Dev\Dev2.Diagnostics\Dev2.Diagnostics.csproj : warning NU1701: Package 'TaskSchedulerEditor 2.10.1' was restored using '.NETFramework,Version=v4.6.1, .NETFramework,Version=v4.6.2, .NETFramework,Version=v4.7, .NETFramework,Version=v4.7.1, .NETFramework,Version=v4.7.2, .NETFramework,Version=v4.8, .NETFramework,Version=v4.8.1' instead of the project target framework 'net8.0'. This package may not be fully compatible with your project.
C:\Users\ultra\warewolf\Dev\Dev2.Services.Sql\Dev2.Services.Sql.csproj : warning NU1903: Package 'Oracle.ManagedDataAccess.Core' 3.21.70 has a known high severity vulnerability, https://github.com/advisories/GHSA-5pm2-9mr2-3frq
C:\Users\ultra\warewolf\Dev\Dev2.Services.Sql\Dev2.Services.Sql.csproj : warning NU1701: Package 'AeroWizard 2.3.1' was restored using '.NETFramework,Version=v4.6.1, .NETFramework,Version=v4.6.2, .NETFramework,Version=v4.7, .NETFramework,Version=v4.7.1, .NETFramework,Version=v4.7.2, .NETFramework,Version=v4.8, .NETFramework,Version=v4.8.1' instead of the project target framework 'net8.0'. This package may not be fully compatible with your project.
C:\Users\ultra\warewolf\Dev\Dev2.Services.Sql\Dev2.Services.Sql.csproj : warning NU1701: Package 'GroupControls 1.9.0' was restored using '.NETFramework,Version=v4.6.1, .NETFramework,Version=v4.6.2, .NETFramework,Version=v4.7, .NETFramework,Version=v4.7.1, .NETFramework,Version=v4.7.2, .NETFramework,Version=v4.8, .NETFramework,Version=v4.8.1' instead of the project target framework 'net8.0'. This package may not be fully compatible with your project.
C:\Users\ultra\warewolf\Dev\Dev2.Services.Sql\Dev2.Services.Sql.csproj : warning NU1701: Package 'ReactiveUI.WPF 18.4.1' was restored using '.NETFramework,Version=v4.6.1, .NETFramework,Version=v4.6.2, .NETFramework,Version=v4.7, .NETFramework,Version=v4.7.1, .NETFramework,Version=v4.7.2, .NETFramework,Version=v4.8, .NETFramework,Version=v4.8.1' instead of the project target framework 'net8.0'. This package may not be fully compatible with your project.
C:\Users\ultra\warewolf\Dev\Dev2.Services.Sql\Dev2.Services.Sql.csproj : warning NU1701: Package 'TaskSchedulerEditor 2.10.1' was restored using '.NETFramework,Version=v4.6.1, .NETFramework,Version=v4.6.2, .NETFramework,Version=v4.7, .NETFramework,Version=v4.7.1, .NETFramework,Version=v4.7.2, .NETFramework,Version=v4.8, .NETFramework,Version=v4.8.1' instead of the project target framework 'net8.0'. This package may not be fully compatible with your project.
C:\Users\ultra\warewolf\Dev\Dev2.Data.Interfaces\Dev2.Data.Interfaces.csproj : warning NU1903: Package 'DotNetZip' 1.16.0 has a known high severity vulnerability, https://github.com/advisories/GHSA-xhg6-9j5j-w4vf
C:\Users\ultra\warewolf\Dev\Dev2.Data.Interfaces\Dev2.Data.Interfaces.csproj : warning NU1701: Package 'AeroWizard 2.3.1' was restored using '.NETFramework,Version=v4.6.1, .NETFramework,Version=v4.6.2, .NETFramework,Version=v4.7, .NETFramework,Version=v4.7.1, .NETFramework,Version=v4.7.2, .NETFramework,Version=v4.8, .NETFramework,Version=v4.8.1' instead of the project target framework 'net8.0'. This package may not be fully compatible with your project.
C:\Users\ultra\warewolf\Dev\Dev2.Data.Interfaces\Dev2.Data.Interfaces.csproj : warning NU1701: Package 'GroupControls 1.9.0' was restored using '.NETFramework,Version=v4.6.1, .NETFramework,Version=v4.6.2, .NETFramework,Version=v4.7, .NETFramework,Version=v4.7.1, .NETFramework,Version=v4.7.2, .NETFramework,Version=v4.8, .NETFramework,Version=v4.8.1' instead of the project target framework 'net8.0'. This package may not be fully compatible with your project.
C:\Users\ultra\warewolf\Dev\Dev2.Data.Interfaces\Dev2.Data.Interfaces.csproj : warning NU1701: Package 'TaskSchedulerEditor 2.10.1' was restored using '.NETFramework,Version=v4.6.1, .NETFramework,Version=v4.6.2, .NETFramework,Version=v4.7, .NETFramework,Version=v4.7.1, .NETFramework,Version=v4.7.2, .NETFramework,Version=v4.8, .NETFramework,Version=v4.8.1' instead of the project target framework 'net8.0'. This package may not be fully compatible with your project.
C:\Users\ultra\warewolf\Dev\Dev2.Util\Dev2.Util.csproj : warning NU1903: Package 'Microsoft.Windows.Compatibility' 6.0.0 has a known high severity vulnerability, https://github.com/advisories/GHSA-555c-2p6r-68mm
C:\Users\ultra\warewolf\Dev\Dev2.Util\Dev2.Util.csproj : warning NU1701: Package 'AeroWizard 2.3.1' was restored using '.NETFramework,Version=v4.6.1, .NETFramework,Version=v4.6.2, .NETFramework,Version=v4.7, .NETFramework,Version=v4.7.1, .NETFramework,Version=v4.7.2, .NETFramework,Version=v4.8, .NETFramework,Version=v4.8.1' instead of the project target framework 'net8.0'. This package may not be fully compatible with your project.
C:\Users\ultra\warewolf\Dev\Dev2.Util\Dev2.Util.csproj : warning NU1701: Package 'GroupControls 1.9.0' was restored using '.NETFramework,Version=v4.6.1, .NETFramework,Version=v4.6.2, .NETFramework,Version=v4.7, .NETFramework,Version=v4.7.1, .NETFramework,Version=v4.7.2, .NETFramework,Version=v4.8, .NETFramework,Version=v4.8.1' instead of the project target framework 'net8.0'. This package may not be fully compatible with your project.
C:\Users\ultra\warewolf\Dev\Dev2.Util\Dev2.Util.csproj : warning NU1701: Package 'TaskSchedulerEditor 2.10.1' was restored using '.NETFramework,Version=v4.6.1, .NETFramework,Version=v4.6.2, .NETFramework,Version=v4.7, .NETFramework,Version=v4.7.1, .NETFramework,Version=v4.7.2, .NETFramework,Version=v4.8, .NETFramework,Version=v4.8.1' instead of the project target framework 'net8.0'. This package may not be fully compatible with your project.
C:\Users\ultra\warewolf\Dev\Warewolf.Security\Warewolf.Security.csproj : warning NU1904: Package 'System.Drawing.Common' 4.5.1 has a known critical severity vulnerability, https://github.com/advisories/GHSA-rxg9-xrhp-64gj
C:\Users\ultra\warewolf\Dev\Dev2.Runtime.Configuration\Dev2.Runtime.Configuration.csproj : warning NU1903: Package 'Microsoft.Windows.Compatibility' 6.0.0 has a known high severity vulnerability, https://github.com/advisories/GHSA-555c-2p6r-68mm
C:\Users\ultra\warewolf\Dev\Dev2.Runtime.Configuration\Dev2.Runtime.Configuration.csproj : warning NU1701: Package 'AeroWizard 2.3.1' was restored using '.NETFramework,Version=v4.6.1, .NETFramework,Version=v4.6.2, .NETFramework,Version=v4.7, .NETFramework,Version=v4.7.1, .NETFramework,Version=v4.7.2, .NETFramework,Version=v4.8, .NETFramework,Version=v4.8.1' instead of the project target framework 'net8.0'. This package may not be fully compatible with your project.
C:\Users\ultra\warewolf\Dev\Dev2.Runtime.Configuration\Dev2.Runtime.Configuration.csproj : warning NU1701: Package 'GroupControls 1.9.0' was restored using '.NETFramework,Version=v4.6.1, .NETFramework,Version=v4.6.2, .NETFramework,Version=v4.7, .NETFramework,Version=v4.7.1, .NETFramework,Version=v4.7.2, .NETFramework,Version=v4.8, .NETFramework,Version=v4.8.1' instead of the project target framework 'net8.0'. This package may not be fully compatible with your project.
C:\Users\ultra\warewolf\Dev\Dev2.Runtime.Configuration\Dev2.Runtime.Configuration.csproj : warning NU1701: Package 'TaskSchedulerEditor 2.10.1' was restored using '.NETFramework,Version=v4.6.1, .NETFramework,Version=v4.6.2, .NETFramework,Version=v4.7, .NETFramework,Version=v4.7.1, .NETFramework,Version=v4.7.2, .NETFramework,Version=v4.8, .NETFramework,Version=v4.8.1' instead of the project target framework 'net8.0'. This package may not be fully compatible with your project.
  Dev2.Net6.Compatibility -> C:\Users\ultra\warewolf\Dev\Dev2.Net6.Compatibility\bin\Debug\net8.0\Dev2.Net6.Compatibility.dll
  Warewolf.Weave -> C:\Users\ultra\warewolf\Dev\Warewolf.Weave\bin\Debug\net8.0\Warewolf.Weave.dll
C:\Users\ultra\warewolf\Dev\Dev2.Scheduler\Dev2.Scheduler.csproj : warning NU1701: Package 'AeroWizard 2.3.1' was restored using '.NETFramework,Version=v4.6.1, .NETFramework,Version=v4.6.2, .NETFramework,Version=v4.7, .NETFramework,Version=v4.7.1, .NETFramework,Version=v4.7.2, .NETFramework,Version=v4.8, .NETFramework,Version=v4.8.1' instead of the project target framework 'net8.0'. This package may not be fully compatible with your project.
C:\Users\ultra\warewolf\Dev\Dev2.Scheduler\Dev2.Scheduler.csproj : warning NU1701: Package 'GroupControls 1.9.0' was restored using '.NETFramework,Version=v4.6.1, .NETFramework,Version=v4.6.2, .NETFramework,Version=v4.7, .NETFramework,Version=v4.7.1, .NETFramework,Version=v4.7.2, .NETFramework,Version=v4.8, .NETFramework,Version=v4.8.1' instead of the project target framework 'net8.0'. This package may not be fully compatible with your project.
C:\Users\ultra\warewolf\Dev\Dev2.Scheduler\Dev2.Scheduler.csproj : warning NU1701: Package 'ReactiveUI.WPF 18.4.1' was restored using '.NETFramework,Version=v4.6.1, .NETFramework,Version=v4.6.2, .NETFramework,Version=v4.7, .NETFramework,Version=v4.7.1, .NETFramework,Version=v4.7.2, .NETFramework,Version=v4.8, .NETFramework,Version=v4.8.1' instead of the project target framework 'net8.0'. This package may not be fully compatible with your project.
C:\Users\ultra\warewolf\Dev\Dev2.Scheduler\Dev2.Scheduler.csproj : warning NU1701: Package 'TaskSchedulerEditor 2.10.1' was restored using '.NETFramework,Version=v4.6.1, .NETFramework,Version=v4.6.2, .NETFramework,Version=v4.7, .NETFramework,Version=v4.7.1, .NETFramework,Version=v4.7.2, .NETFramework,Version=v4.8, .NETFramework,Version=v4.8.1' instead of the project target framework 'net8.0'. This package may not be fully compatible with your project.
C:\Users\ultra\warewolf\Dev\Dev2.TaskScheduler.Wrappers\Dev2.TaskScheduler.Wrappers.csproj : warning NU1701: Package 'AeroWizard 2.3.1' was restored using '.NETFramework,Version=v4.6.1, .NETFramework,Version=v4.6.2, .NETFramework,Version=v4.7, .NETFramework,Version=v4.7.1, .NETFramework,Version=v4.7.2, .NETFramework,Version=v4.8, .NETFramework,Version=v4.8.1' instead of the project target framework 'net8.0'. This package may not be fully compatible with your project.
C:\Users\ultra\warewolf\Dev\Dev2.TaskScheduler.Wrappers\Dev2.TaskScheduler.Wrappers.csproj : warning NU1701: Package 'GroupControls 1.9.0' was restored using '.NETFramework,Version=v4.6.1, .NETFramework,Version=v4.6.2, .NETFramework,Version=v4.7, .NETFramework,Version=v4.7.1, .NETFramework,Version=v4.7.2, .NETFramework,Version=v4.8, .NETFramework,Version=v4.8.1' instead of the project target framework 'net8.0'. This package may not be fully compatible with your project.
C:\Users\ultra\warewolf\Dev\Dev2.TaskScheduler.Wrappers\Dev2.TaskScheduler.Wrappers.csproj : warning NU1701: Package 'TaskSchedulerEditor 2.10.1' was restored using '.NETFramework,Version=v4.6.1, .NETFramework,Version=v4.6.2, .NETFramework,Version=v4.7, .NETFramework,Version=v4.7.1, .NETFramework,Version=v4.7.2, .NETFramework,Version=v4.8, .NETFramework,Version=v4.8.1' instead of the project target framework 'net8.0'. This package may not be fully compatible with your project.
  Log4Net.Async -> C:\Users\ultra\warewolf\Dev\Log4Net.Async\bin\Debug\net8.0\Log4Net.Async.dll
  GACManagerApi -> C:\Users\ultra\warewolf\Dev\GACManagerApi\bin\Debug\net8.0\GACManagerApi.dll
C:\Users\ultra\warewolf\Dev\Warewolf.Auditing\Warewolf.Auditing.csproj : warning NU1701: Package 'AeroWizard 2.3.1' was restored using '.NETFramework,Version=v4.6.1, .NETFramework,Version=v4.6.2, .NETFramework,Version=v4.7, .NETFramework,Version=v4.7.1, .NETFramework,Version=v4.7.2, .NETFramework,Version=v4.8, .NETFramework,Version=v4.8.1' instead of the project target framework 'net8.0'. This package may not be fully compatible with your project.
C:\Users\ultra\warewolf\Dev\Warewolf.Auditing\Warewolf.Auditing.csproj : warning NU1701: Package 'GroupControls 1.9.0' was restored using '.NETFramework,Version=v4.6.1, .NETFramework,Version=v4.6.2, .NETFramework,Version=v4.7, .NETFramework,Version=v4.7.1, .NETFramework,Version=v4.7.2, .NETFramework,Version=v4.8, .NETFramework,Version=v4.8.1' instead of the project target framework 'net8.0'. This package may not be fully compatible with your project.
C:\Users\ultra\warewolf\Dev\Warewolf.Auditing\Warewolf.Auditing.csproj : warning NU1701: Package 'ReactiveUI.WPF 18.4.1' was restored using '.NETFramework,Version=v4.6.1, .NETFramework,Version=v4.6.2, .NETFramework,Version=v4.7, .NETFramework,Version=v4.7.1, .NETFramework,Version=v4.7.2, .NETFramework,Version=v4.8, .NETFramework,Version=v4.8.1' instead of the project target framework 'net8.0'. This package may not be fully compatible with your project.
C:\Users\ultra\warewolf\Dev\Warewolf.Auditing\Warewolf.Auditing.csproj : warning NU1701: Package 'TaskSchedulerEditor 2.10.1' was restored using '.NETFramework,Version=v4.6.1, .NETFramework,Version=v4.6.2, .NETFramework,Version=v4.7, .NETFramework,Version=v4.7.1, .NETFramework,Version=v4.7.2, .NETFramework,Version=v4.8, .NETFramework,Version=v4.8.1' instead of the project target framework 'net8.0'. This package may not be fully compatible with your project.
C:\Users\ultra\warewolf\Dev\Warewolf.Data\Warewolf.Data.csproj : warning NU1701: Package 'AeroWizard 2.3.1' was restored using '.NETFramework,Version=v4.6.1, .NETFramework,Version=v4.6.2, .NETFramework,Version=v4.7, .NETFramework,Version=v4.7.1, .NETFramework,Version=v4.7.2, .NETFramework,Version=v4.8, .NETFramework,Version=v4.8.1' instead of the project target framework 'net8.0'. This package may not be fully compatible with your project.
C:\Users\ultra\warewolf\Dev\Warewolf.Data\Warewolf.Data.csproj : warning NU1701: Package 'GroupControls 1.9.0' was restored using '.NETFramework,Version=v4.6.1, .NETFramework,Version=v4.6.2, .NETFramework,Version=v4.7, .NETFramework,Version=v4.7.1, .NETFramework,Version=v4.7.2, .NETFramework,Version=v4.8, .NETFramework,Version=v4.8.1' instead of the project target framework 'net8.0'. This package may not be fully compatible with your project.
C:\Users\ultra\warewolf\Dev\Warewolf.Data\Warewolf.Data.csproj : warning NU1701: Package 'TaskSchedulerEditor 2.10.1' was restored using '.NETFramework,Version=v4.6.1, .NETFramework,Version=v4.6.2, .NETFramework,Version=v4.7, .NETFramework,Version=v4.7.1, .NETFramework,Version=v4.7.2, .NETFramework,Version=v4.8, .NETFramework,Version=v4.8.1' instead of the project target framework 'net8.0'. This package may not be fully compatible with your project.
C:\Users\ultra\warewolf\Dev\Warewolf.Licensing\Warewolf.Licensing.csproj : warning NU1701: Package 'AeroWizard 2.3.1' was restored using '.NETFramework,Version=v4.6.1, .NETFramework,Version=v4.6.2, .NETFramework,Version=v4.7, .NETFramework,Version=v4.7.1, .NETFramework,Version=v4.7.2, .NETFramework,Version=v4.8, .NETFramework,Version=v4.8.1' instead of the project target framework 'net8.0'. This package may not be fully compatible with your project.
C:\Users\ultra\warewolf\Dev\Warewolf.Licensing\Warewolf.Licensing.csproj : warning NU1701: Package 'GroupControls 1.9.0' was restored using '.NETFramework,Version=v4.6.1, .NETFramework,Version=v4.6.2, .NETFramework,Version=v4.7, .NETFramework,Version=v4.7.1, .NETFramework,Version=v4.7.2, .NETFramework,Version=v4.8, .NETFramework,Version=v4.8.1' instead of the project target framework 'net8.0'. This package may not be fully compatible with your project.
C:\Users\ultra\warewolf\Dev\Warewolf.Licensing\Warewolf.Licensing.csproj : warning NU1701: Package 'TaskSchedulerEditor 2.10.1' was restored using '.NETFramework,Version=v4.6.1, .NETFramework,Version=v4.6.2, .NETFramework,Version=v4.7, .NETFramework,Version=v4.7.1, .NETFramework,Version=v4.7.2, .NETFramework,Version=v4.8, .NETFramework,Version=v4.8.1' instead of the project target framework 'net8.0'. This package may not be fully compatible with your project.
C:\Users\ultra\warewolf\Dev\Warewolf.AI.Harness\Warewolf.AI.Harness.csproj : warning NU1701: Package 'AeroWizard 2.3.1' was restored using '.NETFramework,Version=v4.6.1, .NETFramework,Version=v4.6.2, .NETFramework,Version=v4.7, .NETFramework,Version=v4.7.1, .NETFramework,Version=v4.7.2, .NETFramework,Version=v4.8, .NETFramework,Version=v4.8.1' instead of the project target framework 'net8.0'. This package may not be fully compatible with your project.
C:\Users\ultra\warewolf\Dev\Warewolf.AI.Harness\Warewolf.AI.Harness.csproj : warning NU1701: Package 'GroupControls 1.9.0' was restored using '.NETFramework,Version=v4.6.1, .NETFramework,Version=v4.6.2, .NETFramework,Version=v4.7, .NETFramework,Version=v4.7.1, .NETFramework,Version=v4.7.2, .NETFramework,Version=v4.8, .NETFramework,Version=v4.8.1' instead of the project target framework 'net8.0'. This package may not be fully compatible with your project.
C:\Users\ultra\warewolf\Dev\Warewolf.AI.Harness\Warewolf.AI.Harness.csproj : warning NU1701: Package 'TaskSchedulerEditor 2.10.1' was restored using '.NETFramework,Version=v4.6.1, .NETFramework,Version=v4.6.2, .NETFramework,Version=v4.7, .NETFramework,Version=v4.7.1, .NETFramework,Version=v4.7.2, .NETFramework,Version=v4.8, .NETFramework,Version=v4.8.1' instead of the project target framework 'net8.0'. This package may not be fully compatible with your project.
C:\Users\ultra\warewolf\Dev\Warewolf.Common.NetStandard20\Warewolf.Common.NetStandard20.csproj : warning NU1701: Package 'AeroWizard 2.3.1' was restored using '.NETFramework,Version=v4.6.1, .NETFramework,Version=v4.6.2, .NETFramework,Version=v4.7, .NETFramework,Version=v4.7.1, .NETFramework,Version=v4.7.2, .NETFramework,Version=v4.8, .NETFramework,Version=v4.8.1' instead of the project target framework 'net8.0'. This package may not be fully compatible with your project.
C:\Users\ultra\warewolf\Dev\Warewolf.Common.NetStandard20\Warewolf.Common.NetStandard20.csproj : warning NU1701: Package 'GroupControls 1.9.0' was restored using '.NETFramework,Version=v4.6.1, .NETFramework,Version=v4.6.2, .NETFramework,Version=v4.7, .NETFramework,Version=v4.7.1, .NETFramework,Version=v4.7.2, .NETFramework,Version=v4.8, .NETFramework,Version=v4.8.1' instead of the project target framework 'net8.0'. This package may not be fully compatible with your project.
C:\Users\ultra\warewolf\Dev\Warewolf.Common.NetStandard20\Warewolf.Common.NetStandard20.csproj : warning NU1701: Package 'ReactiveUI.WPF 18.4.1' was restored using '.NETFramework,Version=v4.6.1, .NETFramework,Version=v4.6.2, .NETFramework,Version=v4.7, .NETFramework,Version=v4.7.1, .NETFramework,Version=v4.7.2, .NETFramework,Version=v4.8, .NETFramework,Version=v4.8.1' instead of the project target framework 'net8.0'. This package may not be fully compatible with your project.
C:\Users\ultra\warewolf\Dev\Warewolf.Common.NetStandard20\Warewolf.Common.NetStandard20.csproj : warning NU1701: Package 'TaskSchedulerEditor 2.10.1' was restored using '.NETFramework,Version=v4.6.1, .NETFramework,Version=v4.6.2, .NETFramework,Version=v4.7, .NETFramework,Version=v4.7.1, .NETFramework,Version=v4.7.2, .NETFramework,Version=v4.8, .NETFramework,Version=v4.8.1' instead of the project target framework 'net8.0'. This package may not be fully compatible with your project.
C:\Users\ultra\warewolf\Dev\Warewolf.Driver.Serilog\Warewolf.Driver.Serilog.csproj : warning NU1701: Package 'AeroWizard 2.3.1' was restored using '.NETFramework,Version=v4.6.1, .NETFramework,Version=v4.6.2, .NETFramework,Version=v4.7, .NETFramework,Version=v4.7.1, .NETFramework,Version=v4.7.2, .NETFramework,Version=v4.8, .NETFramework,Version=v4.8.1' instead of the project target framework 'net8.0'. This package may not be fully compatible with your project.
C:\Users\ultra\warewolf\Dev\Warewolf.Driver.Serilog\Warewolf.Driver.Serilog.csproj : warning NU1701: Package 'GroupControls 1.9.0' was restored using '.NETFramework,Version=v4.6.1, .NETFramework,Version=v4.6.2, .NETFramework,Version=v4.7, .NETFramework,Version=v4.7.1, .NETFramework,Version=v4.7.2, .NETFramework,Version=v4.8, .NETFramework,Version=v4.8.1' instead of the project target framework 'net8.0'. This package may not be fully compatible with your project.
C:\Users\ultra\warewolf\Dev\Warewolf.Driver.Serilog\Warewolf.Driver.Serilog.csproj : warning NU1701: Package 'ReactiveUI.WPF 18.4.1' was restored using '.NETFramework,Version=v4.6.1, .NETFramework,Version=v4.6.2, .NETFramework,Version=v4.7, .NETFramework,Version=v4.7.1, .NETFramework,Version=v4.7.2, .NETFramework,Version=v4.8, .NETFramework,Version=v4.8.1' instead of the project target framework 'net8.0'. This package may not be fully compatible with your project.
C:\Users\ultra\warewolf\Dev\Warewolf.Driver.Serilog\Warewolf.Driver.Serilog.csproj : warning NU1701: Package 'TaskSchedulerEditor 2.10.1' was restored using '.NETFramework,Version=v4.6.1, .NETFramework,Version=v4.6.2, .NETFramework,Version=v4.7, .NETFramework,Version=v4.7.1, .NETFramework,Version=v4.7.2, .NETFramework,Version=v4.8, .NETFramework,Version=v4.8.1' instead of the project target framework 'net8.0'. This package may not be fully compatible with your project.
  Warewolf.Common.Interfaces.NetStandard20 -> C:\Users\ultra\warewolf\Dev\Warewolf.Common.Interfaces.NetStandard20\bin\Debug\net8.0\Warewolf.Common.Interfaces.NetStandard20.dll
C:\Users\ultra\warewolf\Dev\Warewolf.Sharepoint\Warewolf.Sharepoint.csproj : warning NU1701: Package 'AeroWizard 2.3.1' was restored using '.NETFramework,Version=v4.6.1, .NETFramework,Version=v4.6.2, .NETFramework,Version=v4.7, .NETFramework,Version=v4.7.1, .NETFramework,Version=v4.7.2, .NETFramework,Version=v4.8, .NETFramework,Version=v4.8.1' instead of the project target framework 'net8.0'. This package may not be fully compatible with your project.
C:\Users\ultra\warewolf\Dev\Warewolf.Sharepoint\Warewolf.Sharepoint.csproj : warning NU1701: Package 'GroupControls 1.9.0' was restored using '.NETFramework,Version=v4.6.1, .NETFramework,Version=v4.6.2, .NETFramework,Version=v4.7, .NETFramework,Version=v4.7.1, .NETFramework,Version=v4.7.2, .NETFramework,Version=v4.8, .NETFramework,Version=v4.8.1' instead of the project target framework 'net8.0'. This package may not be fully compatible with your project.
C:\Users\ultra\warewolf\Dev\Warewolf.Sharepoint\Warewolf.Sharepoint.csproj : warning NU1701: Package 'ReactiveUI.WPF 18.4.1' was restored using '.NETFramework,Version=v4.6.1, .NETFramework,Version=v4.6.2, .NETFramework,Version=v4.7, .NETFramework,Version=v4.7.1, .NETFramework,Version=v4.7.2, .NETFramework,Version=v4.8, .NETFramework,Version=v4.8.1' instead of the project target framework 'net8.0'. This package may not be fully compatible with your project.
C:\Users\ultra\warewolf\Dev\Warewolf.Sharepoint\Warewolf.Sharepoint.csproj : warning NU1701: Package 'TaskSchedulerEditor 2.10.1' was restored using '.NETFramework,Version=v4.6.1, .NETFramework,Version=v4.6.2, .NETFramework,Version=v4.7, .NETFramework,Version=v4.7.1, .NETFramework,Version=v4.7.2, .NETFramework,Version=v4.8, .NETFramework,Version=v4.8.1' instead of the project target framework 'net8.0'. This package may not be fully compatible with your project.
C:\Users\ultra\warewolf\Dev\Warewolf.Interfaces\Data\ChatbotSettingsData.cs(20,23): warning CS0169: The field 'ChatbotSettingsData._encryptDataSource' is never used [C:\Users\ultra\warewolf\Dev\Warewolf.Interfaces\Warewolf.Interfaces.csproj]
C:\Users\ultra\warewolf\Dev\Warewolf.Interfaces\Auditing\SerializableException.cs(15,7): warning CS0414: The field 'SerializableException.HResult' is assigned but its value is never used [C:\Users\ultra\warewolf\Dev\Warewolf.Interfaces\Warewolf.Interfaces.csproj]
  Warewolf.Interfaces -> C:\Users\ultra\warewolf\Dev\Warewolf.Interfaces\bin\Debug\net8.0\Warewolf.Interfaces.dll
C:\Users\ultra\warewolf\Dev\Dev2.Runtime.Services\Dev2.Runtime.Services.csproj : warning NU1902: Package 'MessagePack' 2.4.59 has a known moderate severity vulnerability, https://github.com/advisories/GHSA-4qm4-8hg2-g2xm
C:\Users\ultra\warewolf\Dev\Dev2.Runtime.Services\Dev2.Runtime.Services.csproj : warning NU1903: Package 'Microsoft.Windows.Compatibility' 6.0.0 has a known high severity vulnerability, https://github.com/advisories/GHSA-555c-2p6r-68mm
C:\Users\ultra\warewolf\Dev\Dev2.Runtime.Services\Dev2.Runtime.Services.csproj : warning NU1701: Package 'AeroWizard 2.3.1' was restored using '.NETFramework,Version=v4.6.1, .NETFramework,Version=v4.6.2, .NETFramework,Version=v4.7, .NETFramework,Version=v4.7.1, .NETFramework,Version=v4.7.2, .NETFramework,Version=v4.8, .NETFramework,Version=v4.8.1' instead of the project target framework 'net8.0'. This package may not be fully compatible with your project.
C:\Users\ultra\warewolf\Dev\Dev2.Runtime.Services\Dev2.Runtime.Services.csproj : warning NU1701: Package 'GroupControls 1.9.0' was restored using '.NETFramework,Version=v4.6.1, .NETFramework,Version=v4.6.2, .NETFramework,Version=v4.7, .NETFramework,Version=v4.7.1, .NETFramework,Version=v4.7.2, .NETFramework,Version=v4.8, .NETFramework,Version=v4.8.1' instead of the project target framework 'net8.0'. This package may not be fully compatible with your project.
C:\Users\ultra\warewolf\Dev\Dev2.Runtime.Services\Dev2.Runtime.Services.csproj : warning NU1701: Package 'ReactiveUI.WPF 18.4.1' was restored using '.NETFramework,Version=v4.6.1, .NETFramework,Version=v4.6.2, .NETFramework,Version=v4.7, .NETFramework,Version=v4.7.1, .NETFramework,Version=v4.7.2, .NETFramework,Version=v4.8, .NETFramework,Version=v4.8.1' instead of the project target framework 'net8.0'. This package may not be fully compatible with your project.
C:\Users\ultra\warewolf\Dev\Dev2.Runtime.Services\Dev2.Runtime.Services.csproj : warning NU1701: Package 'TaskSchedulerEditor 2.10.1' was restored using '.NETFramework,Version=v4.6.1, .NETFramework,Version=v4.6.2, .NETFramework,Version=v4.7, .NETFramework,Version=v4.7.1, .NETFramework,Version=v4.7.2, .NETFramework,Version=v4.8, .NETFramework,Version=v4.8.1' instead of the project target framework 'net8.0'. This package may not be fully compatible with your project.
C:\Users\ultra\warewolf\Dev\Warewolf.Security\Encryption\AESThenHMAC.cs(168,34): warning SYSLIB0021: 'AesManaged' is obsolete: 'Derived cryptographic types are obsolete. Use the Create method on the base type instead.' (https://aka.ms/dotnet-warnings/SYSLIB0021) [C:\Users\ultra\warewolf\Dev\Warewolf.Security\Warewolf.Security.csproj]
C:\Users\ultra\warewolf\Dev\Warewolf.Security\Encryption\AESThenHMAC.cs(264,38): warning SYSLIB0021: 'AesManaged' is obsolete: 'Derived cryptographic types are obsolete. Use the Create method on the base type instead.' (https://aka.ms/dotnet-warnings/SYSLIB0021) [C:\Users\ultra\warewolf\Dev\Warewolf.Security\Warewolf.Security.csproj]
C:\Users\ultra\warewolf\Dev\Warewolf.Security\Encryption\AESThenHMAC.cs(331,36): warning SYSLIB0041: 'Rfc2898DeriveBytes.Rfc2898DeriveBytes(string, int, int)' is obsolete: 'The default hash algorithm and iteration counts in Rfc2898DeriveBytes constructors are outdated and insecure. Use a constructor that accepts the hash algorithm and the number of iterations.' (https://aka.ms/dotnet-warnings/SYSLIB0041) [C:\Users\ultra\warewolf\Dev\Warewolf.Security\Warewolf.Security.csproj]
C:\Users\ultra\warewolf\Dev\Warewolf.Security\Encryption\AESThenHMAC.cs(345,36): warning SYSLIB0041: 'Rfc2898DeriveBytes.Rfc2898DeriveBytes(string, int, int)' is obsolete: 'The default hash algorithm and iteration counts in Rfc2898DeriveBytes constructors are outdated and insecure. Use a constructor that accepts the hash algorithm and the number of iterations.' (https://aka.ms/dotnet-warnings/SYSLIB0041) [C:\Users\ultra\warewolf\Dev\Warewolf.Security\Warewolf.Security.csproj]
C:\Users\ultra\warewolf\Dev\Warewolf.Security\Encryption\AESThenHMAC.cs(393,36): warning SYSLIB0041: 'Rfc2898DeriveBytes.Rfc2898DeriveBytes(string, byte[], int)' is obsolete: 'The default hash algorithm and iteration counts in Rfc2898DeriveBytes constructors are outdated and insecure. Use a constructor that accepts the hash algorithm and the number of iterations.' (https://aka.ms/dotnet-warnings/SYSLIB0041) [C:\Users\ultra\warewolf\Dev\Warewolf.Security\Warewolf.Security.csproj]
C:\Users\ultra\warewolf\Dev\Warewolf.Security\Encryption\AESThenHMAC.cs(398,36): warning SYSLIB0041: 'Rfc2898DeriveBytes.Rfc2898DeriveBytes(string, byte[], int)' is obsolete: 'The default hash algorithm and iteration counts in Rfc2898DeriveBytes constructors are outdated and insecure. Use a constructor that accepts the hash algorithm and the number of iterations.' (https://aka.ms/dotnet-warnings/SYSLIB0041) [C:\Users\ultra\warewolf\Dev\Warewolf.Security\Warewolf.Security.csproj]
  Warewolf.ServiceDefinitions -> C:\Users\ultra\warewolf\Dev\Warewolf.ServiceDefinitions\bin\Debug\net8.0\Warewolf.ServiceDefinitions.dll
C:\Users\ultra\warewolf\Dev\Warewolf.ResourceManagement\Warewolf.ResourceManagement.csproj : warning NU1701: Package 'AeroWizard 2.3.1' was restored using '.NETFramework,Version=v4.6.1, .NETFramework,Version=v4.6.2, .NETFramework,Version=v4.7, .NETFramework,Version=v4.7.1, .NETFramework,Version=v4.7.2, .NETFramework,Version=v4.8, .NETFramework,Version=v4.8.1' instead of the project target framework 'net8.0'. This package may not be fully compatible with your project.
C:\Users\ultra\warewolf\Dev\Warewolf.ResourceManagement\Warewolf.ResourceManagement.csproj : warning NU1701: Package 'GroupControls 1.9.0' was restored using '.NETFramework,Version=v4.6.1, .NETFramework,Version=v4.6.2, .NETFramework,Version=v4.7, .NETFramework,Version=v4.7.1, .NETFramework,Version=v4.7.2, .NETFramework,Version=v4.8, .NETFramework,Version=v4.8.1' instead of the project target framework 'net8.0'. This package may not be fully compatible with your project.
C:\Users\ultra\warewolf\Dev\Warewolf.ResourceManagement\Warewolf.ResourceManagement.csproj : warning NU1701: Package 'ReactiveUI.WPF 18.4.1' was restored using '.NETFramework,Version=v4.6.1, .NETFramework,Version=v4.6.2, .NETFramework,Version=v4.7, .NETFramework,Version=v4.7.1, .NETFramework,Version=v4.7.2, .NETFramework,Version=v4.8, .NETFramework,Version=v4.8.1' instead of the project target framework 'net8.0'. This package may not be fully compatible with your project.
C:\Users\ultra\warewolf\Dev\Warewolf.ResourceManagement\Warewolf.ResourceManagement.csproj : warning NU1701: Package 'TaskSchedulerEditor 2.10.1' was restored using '.NETFramework,Version=v4.6.1, .NETFramework,Version=v4.6.2, .NETFramework,Version=v4.7, .NETFramework,Version=v4.7.1, .NETFramework,Version=v4.7.2, .NETFramework,Version=v4.8, .NETFramework,Version=v4.8.1' instead of the project target framework 'net8.0'. This package may not be fully compatible with your project.
  Warewolf.Security -> C:\Users\ultra\warewolf\Dev\Warewolf.Security\bin\Debug\net8.0\Warewolf.Security.dll
  Warewolf.Resource -> C:\Users\ultra\warewolf\Dev\Warewolf.Resource\bin\Debug\net8.0\Warewolf.Resource.dll
C:\Users\ultra\warewolf\Dev\Warewolf.Common\Warewolf.Common.csproj : warning NU1701: Package 'AeroWizard 2.3.1' was restored using '.NETFramework,Version=v4.6.1, .NETFramework,Version=v4.6.2, .NETFramework,Version=v4.7, .NETFramework,Version=v4.7.1, .NETFramework,Version=v4.7.2, .NETFramework,Version=v4.8, .NETFramework,Version=v4.8.1' instead of the project target framework 'net8.0'. This package may not be fully compatible with your project.
C:\Users\ultra\warewolf\Dev\Warewolf.Common\Warewolf.Common.csproj : warning NU1701: Package 'GroupControls 1.9.0' was restored using '.NETFramework,Version=v4.6.1, .NETFramework,Version=v4.6.2, .NETFramework,Version=v4.7, .NETFramework,Version=v4.7.1, .NETFramework,Version=v4.7.2, .NETFramework,Version=v4.8, .NETFramework,Version=v4.8.1' instead of the project target framework 'net8.0'. This package may not be fully compatible with your project.
C:\Users\ultra\warewolf\Dev\Warewolf.Common\Warewolf.Common.csproj : warning NU1701: Package 'TaskSchedulerEditor 2.10.1' was restored using '.NETFramework,Version=v4.6.1, .NETFramework,Version=v4.6.2, .NETFramework,Version=v4.7, .NETFramework,Version=v4.7.1, .NETFramework,Version=v4.7.2, .NETFramework,Version=v4.8, .NETFramework,Version=v4.8.1' instead of the project target framework 'net8.0'. This package may not be fully compatible with your project.
C:\Users\ultra\warewolf\Dev\Dev2.Studio.Interfaces\Dev2.Studio.Interfaces.csproj : warning NU1701: Package 'AeroWizard 2.3.1' was restored using '.NETFramework,Version=v4.6.1, .NETFramework,Version=v4.6.2, .NETFramework,Version=v4.7, .NETFramework,Version=v4.7.1, .NETFramework,Version=v4.7.2, .NETFramework,Version=v4.8, .NETFramework,Version=v4.8.1' instead of the project target framework 'net8.0'. This package may not be fully compatible with your project.
C:\Users\ultra\warewolf\Dev\Dev2.Studio.Interfaces\Dev2.Studio.Interfaces.csproj : warning NU1701: Package 'GroupControls 1.9.0' was restored using '.NETFramework,Version=v4.6.1, .NETFramework,Version=v4.6.2, .NETFramework,Version=v4.7, .NETFramework,Version=v4.7.1, .NETFramework,Version=v4.7.2, .NETFramework,Version=v4.8, .NETFramework,Version=v4.8.1' instead of the project target framework 'net8.0'. This package may not be fully compatible with your project.
C:\Users\ultra\warewolf\Dev\Dev2.Studio.Interfaces\Dev2.Studio.Interfaces.csproj : warning NU1701: Package 'Microsoft.Xaml.Behaviors.Wpf 1.1.122' was restored using '.NETFramework,Version=v4.6.1, .NETFramework,Version=v4.6.2, .NETFramework,Version=v4.7, .NETFramework,Version=v4.7.1, .NETFramework,Version=v4.7.2, .NETFramework,Version=v4.8, .NETFramework,Version=v4.8.1' instead of the project target framework 'net8.0'. This package may not be fully compatible with your project.
C:\Users\ultra\warewolf\Dev\Dev2.Studio.Interfaces\Dev2.Studio.Interfaces.csproj : warning NU1701: Package 'Prism.Wpf 9.0.537' was restored using '.NETFramework,Version=v4.6.1, .NETFramework,Version=v4.6.2, .NETFramework,Version=v4.7, .NETFramework,Version=v4.7.1, .NETFramework,Version=v4.7.2, .NETFramework,Version=v4.8, .NETFramework,Version=v4.8.1' instead of the project target framework 'net8.0'. This package may not be fully compatible with your project.
C:\Users\ultra\warewolf\Dev\Dev2.Studio.Interfaces\Dev2.Studio.Interfaces.csproj : warning NU1701: Package 'ReactiveUI.WPF 18.4.1' was restored using '.NETFramework,Version=v4.6.1, .NETFramework,Version=v4.6.2, .NETFramework,Version=v4.7, .NETFramework,Version=v4.7.1, .NETFramework,Version=v4.7.2, .NETFramework,Version=v4.8, .NETFramework,Version=v4.8.1' instead of the project target framework 'net8.0'. This package may not be fully compatible with your project.
C:\Users\ultra\warewolf\Dev\Dev2.Studio.Interfaces\Dev2.Studio.Interfaces.csproj : warning NU1701: Package 'TaskSchedulerEditor 2.10.1' was restored using '.NETFramework,Version=v4.6.1, .NETFramework,Version=v4.6.2, .NETFramework,Version=v4.7, .NETFramework,Version=v4.7.1, .NETFramework,Version=v4.7.2, .NETFramework,Version=v4.8, .NETFramework,Version=v4.8.1' instead of the project target framework 'net8.0'. This package may not be fully compatible with your project.
  Warewolf.Studio.Resources -> C:\Users\ultra\warewolf\Dev\Warewolf.Studio.Resources\bin\Debug\net8.0\Warewolf.Studio.Resources.dll
  Consider app.config remapping of assembly "System.Runtime.CompilerServices.Unsafe, Culture=neutral, PublicKeyToken=b03f5f7f11d50a3a" from Version "6.0.0.0" [] to Version "8.0.0.0" [C:\Program Files\dotnet\packs\Microsoft.NETCore.App.Ref\8.0.25\ref\net8.0\System.Runtime.CompilerServices.Unsafe.dll] to solve conflict and get rid of warning.
  Dev2.SignalR.Wrappers.Interfaces -> C:\Users\ultra\warewolf\Dev\Dev2.SignalR.Wrappers\bin\Debug\net8.0\Dev2.SignalR.Wrappers.dll
  Warewolf.Driver.RabbitMQ -> C:\Users\ultra\warewolf\Dev\Warewolf.Driver.RabbitMQ\bin\Debug\net8.0\Warewolf.Driver.RabbitMQ.dll
C:\Users\ultra\warewolf\Dev\Warewolf.Core\Warewolf.Core.csproj : warning NU1903: Package 'Microsoft.Windows.Compatibility' 6.0.0 has a known high severity vulnerability, https://github.com/advisories/GHSA-555c-2p6r-68mm
C:\Users\ultra\warewolf\Dev\Warewolf.Core\Warewolf.Core.csproj : warning NU1701: Package 'AeroWizard 2.3.1' was restored using '.NETFramework,Version=v4.6.1, .NETFramework,Version=v4.6.2, .NETFramework,Version=v4.7, .NETFramework,Version=v4.7.1, .NETFramework,Version=v4.7.2, .NETFramework,Version=v4.8, .NETFramework,Version=v4.8.1' instead of the project target framework 'net8.0'. This package may not be fully compatible with your project.
C:\Users\ultra\warewolf\Dev\Warewolf.Core\Warewolf.Core.csproj : warning NU1701: Package 'GroupControls 1.9.0' was restored using '.NETFramework,Version=v4.6.1, .NETFramework,Version=v4.6.2, .NETFramework,Version=v4.7, .NETFramework,Version=v4.7.1, .NETFramework,Version=v4.7.2, .NETFramework,Version=v4.8, .NETFramework,Version=v4.8.1' instead of the project target framework 'net8.0'. This package may not be fully compatible with your project.
C:\Users\ultra\warewolf\Dev\Warewolf.Core\Warewolf.Core.csproj : warning NU1701: Package 'ReactiveUI.WPF 18.4.1' was restored using '.NETFramework,Version=v4.6.1, .NETFramework,Version=v4.6.2, .NETFramework,Version=v4.7, .NETFramework,Version=v4.7.1, .NETFramework,Version=v4.7.2, .NETFramework,Version=v4.8, .NETFramework,Version=v4.8.1' instead of the project target framework 'net8.0'. This package may not be fully compatible with your project.
C:\Users\ultra\warewolf\Dev\Warewolf.Core\Warewolf.Core.csproj : warning NU1701: Package 'TaskSchedulerEditor 2.10.1' was restored using '.NETFramework,Version=v4.6.1, .NETFramework,Version=v4.6.2, .NETFramework,Version=v4.7, .NETFramework,Version=v4.7.1, .NETFramework,Version=v4.7.2, .NETFramework,Version=v4.8, .NETFramework,Version=v4.8.1' instead of the project target framework 'net8.0'. This package may not be fully compatible with your project.
  Warewolf.Driver.Redis -> C:\Users\ultra\warewolf\Dev\Warewolf.Driver.Redis\bin\Debug\net8.0\Warewolf.Driver.Redis.dll
  Warewolf.Parser.Interop -> C:\Users\ultra\warewolf\Dev\Warewolf.Parser.Interop\bin\Debug\net8.0\WarewolfParserInterop.dll
C:\Users\ultra\warewolf\Dev\Dev2.Common.Interfaces\Attribute\ReasonAttribute.cs(13,18): warning CC0023: Mark 'ReasonAttribute' as sealed. (https://code-cracker.github.io/diagnostics/CC0023.html) [C:\Users\ultra\warewolf\Dev\Dev2.Common.Interfaces\Dev2.Common.Interfaces.csproj]
C:\Users\ultra\warewolf\Dev\Dev2.Common.Interfaces\Wrappers\IDirectoryEntry.cs(190,35): warning CC0057: Parameter 'path' is not used. (https://code-cracker.github.io/diagnostics/CC0057.html) [C:\Users\ultra\warewolf\Dev\Dev2.Common.Interfaces\Dev2.Common.Interfaces.csproj]
C:\Users\ultra\warewolf\Dev\Dev2.Common.Interfaces\DllListing.cs(97,17): warning CC0105: Use 'var' instead of specifying the type name. (https://code-cracker.github.io/diagnostics/CC0105.html) [C:\Users\ultra\warewolf\Dev\Dev2.Common.Interfaces\Dev2.Common.Interfaces.csproj]
C:\Users\ultra\warewolf\Dev\Dev2.Common.Interfaces\DllListing.cs(98,17): warning CC0105: Use 'var' instead of specifying the type name. (https://code-cracker.github.io/diagnostics/CC0105.html) [C:\Users\ultra\warewolf\Dev\Dev2.Common.Interfaces\Dev2.Common.Interfaces.csproj]
C:\Users\ultra\warewolf\Dev\Dev2.Common.Interfaces\Runtime\Services\IStreamContentFactory.cs(48,21): warning CC0029: 'StreamContentWrapper' should call GC.SuppressFinalize inside the Dispose method. (https://code-cracker.github.io/diagnostics/CC0029.html) [C:\Users\ultra\warewolf\Dev\Dev2.Common.Interfaces\Dev2.Common.Interfaces.csproj]
  Dev2.Common.Interfaces -> C:\Users\ultra\warewolf\Dev\Dev2.Common.Interfaces\bin\Debug\net8.0\Dev2.Common.Interfaces.dll
C:\Users\ultra\warewolf\Dev\Warewolf.Language.Parser\EvaluationFunctions.fs(277,15): warning FS3548: Pattern discard is not allowed for union case that takes no data. [C:\Users\ultra\warewolf\Dev\Warewolf.Language.Parser\Warewolf.Language.Parser.fsproj]
C:\Users\ultra\warewolf\Dev\Warewolf.Language.Parser\EvaluationFunctions.fs(305,15): warning FS3548: Pattern discard is not allowed for union case that takes no data. [C:\Users\ultra\warewolf\Dev\Warewolf.Language.Parser\Warewolf.Language.Parser.fsproj]
C:\Users\ultra\warewolf\Dev\Warewolf.Language.Parser\EvaluationFunctions.fs(748,21): warning FS3873: This construct is deprecated. Sequence expressions should be of the form 'seq { ... }' [C:\Users\ultra\warewolf\Dev\Warewolf.Language.Parser\Warewolf.Language.Parser.fsproj]
C:\Users\ultra\warewolf\Dev\Warewolf.Language.Parser\EvaluationFunctions.fs(751,28): warning FS3873: This construct is deprecated. Sequence expressions should be of the form 'seq { ... }' [C:\Users\ultra\warewolf\Dev\Warewolf.Language.Parser\Warewolf.Language.Parser.fsproj]
C:\Users\ultra\warewolf\Dev\Warewolf.Language.Parser\WarewolfDataEvaluationCommon.fs(593,21): warning FS3873: This construct is deprecated. Sequence expressions should be of the form 'seq { ... }' [C:\Users\ultra\warewolf\Dev\Warewolf.Language.Parser\Warewolf.Language.Parser.fsproj]
C:\Users\ultra\warewolf\Dev\Warewolf.Language.Parser\WarewolfDataEvaluationCommon.fs(596,28): warning FS3873: This construct is deprecated. Sequence expressions should be of the form 'seq { ... }' [C:\Users\ultra\warewolf\Dev\Warewolf.Language.Parser\Warewolf.Language.Parser.fsproj]
  Warewolf.Language.Parser -> C:\Users\ultra\warewolf\Dev\Warewolf.Language.Parser\bin\Debug\net8.0\Warewolf.Language.Parser.dll
C:\Users\ultra\warewolf\Dev\Warewolf.Data\NamedInt.cs(160,21): warning CA2200: Re-throwing caught exception changes stack information (https://learn.microsoft.com/dotnet/fundamentals/code-analysis/quality-rules/ca2200) [C:\Users\ultra\warewolf\Dev\Warewolf.Data\Warewolf.Data.csproj]
  Warewolf.Data -> C:\Users\ultra\warewolf\Dev\Warewolf.Data\bin\Debug\net8.0\Warewolf.Data.dll
  Warewolf.Storage.Interfaces -> C:\Users\ultra\warewolf\Dev\Warewolf.Storage.Interfaces\bin\Debug\net8.0\Warewolf.Storage.Interfaces.dll
  Warewolf.Common -> C:\Users\ultra\warewolf\Dev\Warewolf.Common\bin\Debug\net8.0\Warewolf.Common.dll
  Dev2.Data.Interfaces -> C:\Users\ultra\warewolf\Dev\Dev2.Data.Interfaces\bin\Debug\net8.0\Dev2.Data.Interfaces.dll
C:\Users\ultra\warewolf\Dev\Dev2.Common\ExtMethods\StringExtension.cs(302,13): warning CC0004: Empty Catch Block. (https://code-cracker.github.io/diagnostics/CC0004.html) [C:\Users\ultra\warewolf\Dev\Dev2.Common\Dev2.Common.csproj]
  Dev2.Common -> C:\Users\ultra\warewolf\Dev\Dev2.Common\bin\Debug\net8.0\Dev2.Common.dll
  Dev2.Util -> C:\Users\ultra\warewolf\Dev\Dev2.Util\bin\Debug\net8.0\Dev2.Util.dll
C:\Users\ultra\warewolf\Dev\Dev2.TaskScheduler.Wrappers\Dev2TaskEvent.cs(47,33): warning CA1416: This call site is reachable on all platforms. 'SecurityIdentifier.Value' is only supported on: 'windows'. (https://learn.microsoft.com/dotnet/fundamentals/code-analysis/quality-rules/ca1416) [C:\Users\ultra\warewolf\Dev\Dev2.TaskScheduler.Wrappers\Dev2.TaskScheduler.Wrappers.csproj]
  Dev2.TaskScheduler.Wrappers -> C:\Users\ultra\warewolf\Dev\Dev2.TaskScheduler.Wrappers\bin\Debug\net8.0\Dev2.TaskScheduler.Wrappers.dll
  Warewolf.Licensing -> C:\Users\ultra\warewolf\Dev\Warewolf.Licensing\bin\Debug\net8.0\Warewolf.Licensing.dll
  Dev2.CustomControls -> C:\Users\ultra\warewolf\Dev\Dev2.CustomControls\bin\Debug\net8.0\Dev2.CustomControls.dll
  Consider app.config remapping of assembly "Newtonsoft.Json, Culture=neutral, PublicKeyToken=30ad4fe6b2a6aeed" from Version "12.0.0.0" [] to Version "13.0.0.0" [C:\Users\ultra\.nuget\packages\newtonsoft.json\13.0.2\lib\net6.0\Newtonsoft.Json.dll] to solve conflict and get rid of warning.
  Dev2.Runtime.Configuration -> C:\Users\ultra\warewolf\Dev\Dev2.Runtime.Configuration\bin\Debug\net8.0\Dev2.Runtime.Configuration.dll
C:\Users\ultra\warewolf\Dev\Dev2.Diagnostics\Debug\DebugDispatcher.cs(209,35): warning CC0057: Parameter 'previous' is not used. (https://code-cracker.github.io/diagnostics/CC0057.html) [C:\Users\ultra\warewolf\Dev\Dev2.Diagnostics\Dev2.Diagnostics.csproj]
  Dev2.Diagnostics -> C:\Users\ultra\warewolf\Dev\Dev2.Diagnostics\bin\Debug\net8.0\Dev2.Diagnostics.dll
C:\Users\ultra\warewolf\Dev\Warewolf.AI.Harness\ChatbotApiService.cs(11,7): warning CS0105: The using directive for 'System.Text' appeared previously in this namespace [C:\Users\ultra\warewolf\Dev\Warewolf.AI.Harness\Warewolf.AI.Harness.csproj]
C:\Users\ultra\warewolf\Dev\Warewolf.AI.Harness\ChatbotApiService.cs(12,7): warning CS0105: The using directive for 'Newtonsoft.Json' appeared previously in this namespace [C:\Users\ultra\warewolf\Dev\Warewolf.AI.Harness\Warewolf.AI.Harness.csproj]
C:\Users\ultra\warewolf\Dev\Warewolf.AI.Harness\ChatbotApiService.cs(641,23): warning CS8618: Non-nullable property 'Model' must contain a non-null value when exiting constructor. Consider adding the 'required' modifier or declaring the property as nullable. [C:\Users\ultra\warewolf\Dev\Warewolf.AI.Harness\Warewolf.AI.Harness.csproj]
C:\Users\ultra\warewolf\Dev\Warewolf.AI.Harness\ChatbotApiService.cs(659,23): warning CS8618: Non-nullable property 'FinishReason' must contain a non-null value when exiting constructor. Consider adding the 'required' modifier or declaring the property as nullable. [C:\Users\ultra\warewolf\Dev\Warewolf.AI.Harness\Warewolf.AI.Harness.csproj]
C:\Users\ultra\warewolf\Dev\Warewolf.AI.Harness\ChatbotApiService.cs(201,34): warning CS8600: Converting null literal or possible null value to non-nullable type. [C:\Users\ultra\warewolf\Dev\Warewolf.AI.Harness\Warewolf.AI.Harness.csproj]
C:\Users\ultra\warewolf\Dev\Warewolf.AI.Harness\ChatbotApiService.cs(215,51): warning CS8602: Dereference of a possibly null reference. [C:\Users\ultra\warewolf\Dev\Warewolf.AI.Harness\Warewolf.AI.Harness.csproj]
C:\Users\ultra\warewolf\Dev\Warewolf.AI.Harness\ChatbotApiService.cs(218,25): warning CS8602: Dereference of a possibly null reference. [C:\Users\ultra\warewolf\Dev\Warewolf.AI.Harness\Warewolf.AI.Harness.csproj]
C:\Users\ultra\warewolf\Dev\Warewolf.AI.Harness\ChatbotApiService.cs(303,34): warning CS8600: Converting null literal or possible null value to non-nullable type. [C:\Users\ultra\warewolf\Dev\Warewolf.AI.Harness\Warewolf.AI.Harness.csproj]
C:\Users\ultra\warewolf\Dev\Warewolf.AI.Harness\ChatbotApiService.cs(312,51): warning CS8602: Dereference of a possibly null reference. [C:\Users\ultra\warewolf\Dev\Warewolf.AI.Harness\Warewolf.AI.Harness.csproj]
C:\Users\ultra\warewolf\Dev\Warewolf.AI.Harness\ChatbotApiService.cs(314,30): warning CS8602: Dereference of a possibly null reference. [C:\Users\ultra\warewolf\Dev\Warewolf.AI.Harness\Warewolf.AI.Harness.csproj]
C:\Users\ultra\warewolf\Dev\Warewolf.AI.Harness\ChatbotApiService.cs(477,32): warning CS8600: Converting null literal or possible null value to non-nullable type. [C:\Users\ultra\warewolf\Dev\Warewolf.AI.Harness\Warewolf.AI.Harness.csproj]
C:\Users\ultra\warewolf\Dev\Warewolf.AI.Harness\ChatbotApiService.cs(478,32): warning CS8600: Converting null literal or possible null value to non-nullable type. [C:\Users\ultra\warewolf\Dev\Warewolf.AI.Harness\Warewolf.AI.Harness.csproj]
C:\Users\ultra\warewolf\Dev\Warewolf.AI.Harness\ChatbotApiService.cs(481,73): warning CS8625: Cannot convert null literal to non-nullable reference type. [C:\Users\ultra\warewolf\Dev\Warewolf.AI.Harness\Warewolf.AI.Harness.csproj]
C:\Users\ultra\warewolf\Dev\Warewolf.AI.Harness\ChatbotApiService.cs(482,60): warning CS8604: Possible null reference argument for parameter 'authHeaderName' in 'HttpResponseMessage ChatbotApiService.PostWithAuth(string endpoint, object payload, string authHeaderName, string authHeaderValue, string additionalHeaders)'. [C:\Users\ultra\warewolf\Dev\Warewolf.AI.Harness\Warewolf.AI.Harness.csproj]
C:\Users\ultra\warewolf\Dev\Warewolf.AI.Harness\ChatbotApiService.cs(482,70): warning CS8604: Possible null reference argument for parameter 'authHeaderValue' in 'HttpResponseMessage ChatbotApiService.PostWithAuth(string endpoint, object payload, string authHeaderName, string authHeaderValue, string additionalHeaders)'. [C:\Users\ultra\warewolf\Dev\Warewolf.AI.Harness\Warewolf.AI.Harness.csproj]
C:\Users\ultra\warewolf\Dev\Warewolf.AI.Harness\ChatbotApiService.cs(482,81): warning CS8625: Cannot convert null literal to non-nullable reference type. [C:\Users\ultra\warewolf\Dev\Warewolf.AI.Harness\Warewolf.AI.Harness.csproj]
C:\Users\ultra\warewolf\Dev\Warewolf.AI.Harness\ChatbotApiService.cs(496,73): warning CS8625: Cannot convert null literal to non-nullable reference type. [C:\Users\ultra\warewolf\Dev\Warewolf.AI.Harness\Warewolf.AI.Harness.csproj]
C:\Users\ultra\warewolf\Dev\Warewolf.AI.Harness\ChatbotApiService.cs(497,81): warning CS8625: Cannot convert null literal to non-nullable reference type. [C:\Users\ultra\warewolf\Dev\Warewolf.AI.Harness\Warewolf.AI.Harness.csproj]
C:\Users\ultra\warewolf\Dev\Warewolf.AI.Harness\ChatbotApiService.cs(514,73): warning CS8625: Cannot convert null literal to non-nullable reference type. [C:\Users\ultra\warewolf\Dev\Warewolf.AI.Harness\Warewolf.AI.Harness.csproj]
C:\Users\ultra\warewolf\Dev\Warewolf.AI.Harness\ChatbotApiService.cs(515,114): warning CS8625: Cannot convert null literal to non-nullable reference type. [C:\Users\ultra\warewolf\Dev\Warewolf.AI.Harness\Warewolf.AI.Harness.csproj]
C:\Users\ultra\warewolf\Dev\Warewolf.AI.Harness\ChatbotApiService.cs(521,36): warning CS8600: Converting null literal or possible null value to non-nullable type. [C:\Users\ultra\warewolf\Dev\Warewolf.AI.Harness\Warewolf.AI.Harness.csproj]
C:\Users\ultra\warewolf\Dev\Warewolf.AI.Harness\ChatbotApiService.cs(538,82): warning CS8604: Possible null reference argument for parameter 'systemMessage' in 'Dictionary<string, object> ChatbotApiService.CreatePayload(string model, object messages, string systemMessage, bool useMaxCompletionTokens, bool includeTemperature)'. [C:\Users\ultra\warewolf\Dev\Warewolf.AI.Harness\Warewolf.AI.Harness.csproj]
C:\Users\ultra\warewolf\Dev\Warewolf.AI.Harness\ChatbotApiService.cs(545,35): warning CS8600: Converting null literal or possible null value to non-nullable type. [C:\Users\ultra\warewolf\Dev\Warewolf.AI.Harness\Warewolf.AI.Harness.csproj]
C:\Users\ultra\warewolf\Dev\Warewolf.AI.Harness\ChatbotApiService.cs(589,68): warning CS8625: Cannot convert null literal to non-nullable reference type. [C:\Users\ultra\warewolf\Dev\Warewolf.AI.Harness\Warewolf.AI.Harness.csproj]
C:\Users\ultra\warewolf\Dev\Warewolf.AI.Harness\ChatbotApiService.cs(589,74): warning CS8625: Cannot convert null literal to non-nullable reference type. [C:\Users\ultra\warewolf\Dev\Warewolf.AI.Harness\Warewolf.AI.Harness.csproj]
C:\Users\ultra\warewolf\Dev\Warewolf.AI.Harness\ChatbotApiService.cs(589,80): warning CS8625: Cannot convert null literal to non-nullable reference type. [C:\Users\ultra\warewolf\Dev\Warewolf.AI.Harness\Warewolf.AI.Harness.csproj]
  Warewolf.AI.Harness -> C:\Users\ultra\warewolf\Dev\Warewolf.AI.Harness\bin\Debug\net8.0\Warewolf.AI.Harness.dll
C:\Users\ultra\warewolf\Dev\Dev2.Infrastructure\PerformanceCounters\Management\PerformanceCounterPersistence.cs(48,81): warning CC0057: Parameter 'resourcePerformanceCounters' is not used. (https://code-cracker.github.io/diagnostics/CC0057.html) [C:\Users\ultra\warewolf\Dev\Dev2.Infrastructure\Dev2.Infrastructure.csproj]
C:\Users\ultra\warewolf\Dev\Dev2.Infrastructure\PerformanceCounters\Management\WarewolfPerformanceCounterManager.cs(22,140): warning CC0057: Parameter 'register' is not used. (https://code-cracker.github.io/diagnostics/CC0057.html) [C:\Users\ultra\warewolf\Dev\Dev2.Infrastructure\Dev2.Infrastructure.csproj]
C:\Users\ultra\warewolf\Dev\Dev2.Infrastructure\PerformanceCounters\Management\WarewolfPerformanceCounterManager.cs(67,83): warning CC0057: Parameter 'name' is not used. (https://code-cracker.github.io/diagnostics/CC0057.html) [C:\Users\ultra\warewolf\Dev\Dev2.Infrastructure\Dev2.Infrastructure.csproj]
C:\Users\ultra\warewolf\Dev\Dev2.Infrastructure\PerformanceCounters\PerformanceCounterCategoryWrapper.cs(33,48): warning CA1416: This call site is reachable on all platforms. 'PerformanceCounterCategory.Exists(string)' is only supported on: 'windows'. (https://learn.microsoft.com/dotnet/fundamentals/code-analysis/quality-rules/ca1416) [C:\Users\ultra\warewolf\Dev\Dev2.Infrastructure\Dev2.Infrastructure.csproj]
C:\Users\ultra\warewolf\Dev\Dev2.Infrastructure\PerformanceCounters\PerformanceCounterCategoryWrapper.cs(32,48): warning CA1416: This call site is reachable on all platforms. 'PerformanceCounterCategory.Delete(string)' is only supported on: 'windows'. (https://learn.microsoft.com/dotnet/fundamentals/code-analysis/quality-rules/ca1416) [C:\Users\ultra\warewolf\Dev\Dev2.Infrastructure\Dev2.Infrastructure.csproj]
C:\Users\ultra\warewolf\Dev\Dev2.Infrastructure\PerformanceCounters\PerformanceCounterCategoryWrapper.cs(12,51): warning CA1416: This call site is reachable on all platforms. 'PerformanceCounterCategory.CounterExists(string)' is only supported on: 'windows'. (https://learn.microsoft.com/dotnet/fundamentals/code-analysis/quality-rules/ca1416) [C:\Users\ultra\warewolf\Dev\Dev2.Infrastructure\Dev2.Infrastructure.csproj]
C:\Users\ultra\warewolf\Dev\Dev2.Infrastructure\PerformanceCounters\PerformanceCounterCategoryWrapper.cs(38,29): warning CA1416: This call site is reachable on all platforms. 'PerformanceCounterCategory' is only supported on: 'windows'. (https://learn.microsoft.com/dotnet/fundamentals/code-analysis/quality-rules/ca1416) [C:\Users\ultra\warewolf\Dev\Dev2.Infrastructure\Dev2.Infrastructure.csproj]
C:\Users\ultra\warewolf\Dev\Dev2.Infrastructure\PerformanceCounters\PerformanceCounterCategoryWrapper.cs(50,28): warning CA1416: This call site is reachable on all platforms. 'PerformanceCounterType.AverageTimer32' is only supported on: 'windows'. (https://learn.microsoft.com/dotnet/fundamentals/code-analysis/quality-rules/ca1416) [C:\Users\ultra\warewolf\Dev\Dev2.Infrastructure\Dev2.Infrastructure.csproj]
C:\Users\ultra\warewolf\Dev\Dev2.Infrastructure\PerformanceCounters\PerformanceCounterCategoryWrapper.cs(52,28): warning CA1416: This call site is reachable on all platforms. 'PerformanceCounterType.NumberOfItems32' is only supported on: 'windows'. (https://learn.microsoft.com/dotnet/fundamentals/code-analysis/quality-rules/ca1416) [C:\Users\ultra\warewolf\Dev\Dev2.Infrastructure\Dev2.Infrastructure.csproj]
C:\Users\ultra\warewolf\Dev\Dev2.Infrastructure\PerformanceCounters\PerformanceCounterCategoryWrapper.cs(48,28): warning CA1416: This call site is reachable on all platforms. 'PerformanceCounterType.AverageBase' is only supported on: 'windows'. (https://learn.microsoft.com/dotnet/fundamentals/code-analysis/quality-rules/ca1416) [C:\Users\ultra\warewolf\Dev\Dev2.Infrastructure\Dev2.Infrastructure.csproj]
C:\Users\ultra\warewolf\Dev\Dev2.Infrastructure\PerformanceCounters\PerformanceCounterCategoryWrapper.cs(54,28): warning CA1416: This call site is reachable on all platforms. 'PerformanceCounterType.RateOfCountsPerSecond32' is only supported on: 'windows'. (https://learn.microsoft.com/dotnet/fundamentals/code-analysis/quality-rules/ca1416) [C:\Users\ultra\warewolf\Dev\Dev2.Infrastructure\Dev2.Infrastructure.csproj]
C:\Users\ultra\warewolf\Dev\Dev2.Infrastructure\PerformanceCounters\PerformanceCounterCategoryWrapper.cs(19,45): warning CA1416: This call site is reachable on all platforms. 'CounterCreationData' is only supported on: 'windows'. (https://learn.microsoft.com/dotnet/fundamentals/code-analysis/quality-rules/ca1416) [C:\Users\ultra\warewolf\Dev\Dev2.Infrastructure\Dev2.Infrastructure.csproj]
C:\Users\ultra\warewolf\Dev\Dev2.Infrastructure\PerformanceCounters\PerformanceCounterCategoryWrapper.cs(29,13): warning CA1416: This call site is reachable on all platforms. 'PerformanceCounterCategory.Create(string, string, PerformanceCounterCategoryType, CounterCreationDataCollection)' is only supported on: 'windows'. (https://learn.microsoft.com/dotnet/fundamentals/code-analysis/quality-rules/ca1416) [C:\Users\ultra\warewolf\Dev\Dev2.Infrastructure\Dev2.Infrastructure.csproj]
C:\Users\ultra\warewolf\Dev\Dev2.Infrastructure\PerformanceCounters\PerformanceCounterCategoryWrapper.cs(29,71): warning CA1416: This call site is reachable on all platforms. 'PerformanceCounterCategoryType.MultiInstance' is only supported on: 'windows'. (https://learn.microsoft.com/dotnet/fundamentals/code-analysis/quality-rules/ca1416) [C:\Users\ultra\warewolf\Dev\Dev2.Infrastructure\Dev2.Infrastructure.csproj]
C:\Users\ultra\warewolf\Dev\Dev2.Infrastructure\PerformanceCounters\PerformanceCounterCategoryWrapper.cs(25,21): warning CA1416: This call site is reachable on all platforms. 'CounterCreationDataCollection.Add(CounterCreationData)' is only supported on: 'windows'. (https://learn.microsoft.com/dotnet/fundamentals/code-analysis/quality-rules/ca1416) [C:\Users\ultra\warewolf\Dev\Dev2.Infrastructure\Dev2.Infrastructure.csproj]
C:\Users\ultra\warewolf\Dev\Dev2.Infrastructure\PerformanceCounters\PerformanceCounterCategoryWrapper.cs(14,49): warning CA1416: This call site is reachable on all platforms. 'CounterCreationDataCollection' is only supported on: 'windows'. (https://learn.microsoft.com/dotnet/fundamentals/code-analysis/quality-rules/ca1416) [C:\Users\ultra\warewolf\Dev\Dev2.Infrastructure\Dev2.Infrastructure.csproj]
C:\Users\ultra\warewolf\Dev\Dev2.Infrastructure\Services\Security\MoqInstallerActions\InstallerActionsForDevelopment.cs(59,57): warning CA1416: This call site is reachable on all platforms. 'WindowsIdentity.Name' is only supported on: 'windows'. (https://learn.microsoft.com/dotnet/fundamentals/code-analysis/quality-rules/ca1416) [C:\Users\ultra\warewolf\Dev\Dev2.Infrastructure\Dev2.Infrastructure.csproj]
C:\Users\ultra\warewolf\Dev\Dev2.Infrastructure\Services\Security\MoqInstallerActions\InstallerActionsForDevelopment.cs(57,31): warning CA1416: This call site is reachable on all platforms. 'WindowsIdentity.GetCurrent(bool)' is only supported on: 'windows'. (https://learn.microsoft.com/dotnet/fundamentals/code-analysis/quality-rules/ca1416) [C:\Users\ultra\warewolf\Dev\Dev2.Infrastructure\Dev2.Infrastructure.csproj]
C:\Users\ultra\warewolf\Dev\Dev2.Infrastructure\Services\Security\SecuritySettings.cs(92,28): warning CC0022: HMACSHA256 should be disposed. (https://code-cracker.github.io/diagnostics/CC0022.html) [C:\Users\ultra\warewolf\Dev\Dev2.Infrastructure\Dev2.Infrastructure.csproj]
CSC : warning AD0001: Analyzer 'CodeCracker.CSharp.Design.UseInvokeMethodToFireEventAnalyzer' threw an exception of type 'System.ArgumentException' with message 'Syntax node is not within syntax tree'. [C:\Users\ultra\warewolf\Dev\Dev2.Infrastructure\Dev2.Infrastructure.csproj]
CSC : warning AD0001: Analyzer 'CodeCracker.CSharp.Design.UseInvokeMethodToFireEventAnalyzer' threw an exception of type 'System.ArgumentException' with message 'Syntax node is not within syntax tree'. [C:\Users\ultra\warewolf\Dev\Dev2.Infrastructure\Dev2.Infrastructure.csproj]
CSC : warning AD0001: Analyzer 'CodeCracker.CSharp.Design.UseInvokeMethodToFireEventAnalyzer' threw an exception of type 'System.ArgumentException' with message 'Syntax node is not within syntax tree'. [C:\Users\ultra\warewolf\Dev\Dev2.Infrastructure\Dev2.Infrastructure.csproj]
CSC : warning AD0001: Analyzer 'CodeCracker.CSharp.Design.UseInvokeMethodToFireEventAnalyzer' threw an exception of type 'System.ArgumentException' with message 'Syntax node is not within syntax tree'. [C:\Users\ultra\warewolf\Dev\Dev2.Infrastructure\Dev2.Infrastructure.csproj]
CSC : warning AD0001: Analyzer 'CodeCracker.CSharp.Design.UseInvokeMethodToFireEventAnalyzer' threw an exception of type 'System.ArgumentException' with message 'Syntax node is not within syntax tree'. [C:\Users\ultra\warewolf\Dev\Dev2.Infrastructure\Dev2.Infrastructure.csproj]
CSC : warning AD0001: Analyzer 'CodeCracker.CSharp.Design.UseInvokeMethodToFireEventAnalyzer' threw an exception of type 'System.ArgumentException' with message 'Syntax node is not within syntax tree'. [C:\Users\ultra\warewolf\Dev\Dev2.Infrastructure\Dev2.Infrastructure.csproj]
CSC : warning AD0001: Analyzer 'CodeCracker.CSharp.Design.UseInvokeMethodToFireEventAnalyzer' threw an exception of type 'System.ArgumentException' with message 'Syntax node is not within syntax tree'. [C:\Users\ultra\warewolf\Dev\Dev2.Infrastructure\Dev2.Infrastructure.csproj]
CSC : warning AD0001: Analyzer 'CodeCracker.CSharp.Design.UseInvokeMethodToFireEventAnalyzer' threw an exception of type 'System.ArgumentException' with message 'Syntax node is not within syntax tree'. [C:\Users\ultra\warewolf\Dev\Dev2.Infrastructure\Dev2.Infrastructure.csproj]
CSC : warning AD0001: Analyzer 'CodeCracker.CSharp.Design.UseInvokeMethodToFireEventAnalyzer' threw an exception of type 'System.ArgumentException' with message 'Syntax node is not within syntax tree'. [C:\Users\ultra\warewolf\Dev\Dev2.Infrastructure\Dev2.Infrastructure.csproj]
CSC : warning AD0001: Analyzer 'CodeCracker.CSharp.Design.UseInvokeMethodToFireEventAnalyzer' threw an exception of type 'System.ArgumentException' with message 'Syntax node is not within syntax tree'. [C:\Users\ultra\warewolf\Dev\Dev2.Infrastructure\Dev2.Infrastructure.csproj]
CSC : warning AD0001: Analyzer 'CodeCracker.CSharp.Design.UseInvokeMethodToFireEventAnalyzer' threw an exception of type 'System.ArgumentException' with message 'Syntax node is not within syntax tree'. [C:\Users\ultra\warewolf\Dev\Dev2.Infrastructure\Dev2.Infrastructure.csproj]
CSC : warning AD0001: Analyzer 'CodeCracker.CSharp.Design.UseInvokeMethodToFireEventAnalyzer' threw an exception of type 'System.ArgumentException' with message 'Syntax node is not within syntax tree'. [C:\Users\ultra\warewolf\Dev\Dev2.Infrastructure\Dev2.Infrastructure.csproj]
CSC : warning AD0001: Analyzer 'CodeCracker.CSharp.Design.UseInvokeMethodToFireEventAnalyzer' threw an exception of type 'System.ArgumentException' with message 'Syntax node is not within syntax tree'. [C:\Users\ultra\warewolf\Dev\Dev2.Infrastructure\Dev2.Infrastructure.csproj]
CSC : warning AD0001: Analyzer 'CodeCracker.CSharp.Design.UseInvokeMethodToFireEventAnalyzer' threw an exception of type 'System.ArgumentException' with message 'Syntax node is not within syntax tree'. [C:\Users\ultra\warewolf\Dev\Dev2.Infrastructure\Dev2.Infrastructure.csproj]
  Dev2.Infrastructure -> C:\Users\ultra\warewolf\Dev\Dev2.Infrastructure\bin\Debug\net8.0\Dev2.Infrastructure.dll
C:\Program Files\dotnet\sdk\10.0.201\Microsoft.CSharp.CurrentVersion.targets(130,9): warning MSB3884: Could not find rule set file "..\.sonarlint\warewolf_dotnet_frameworkcsharp.ruleset". [C:\Users\ultra\warewolf\Dev\Warewolf.Sharepoint\Warewolf.Sharepoint.csproj]
  Warewolf.Sharepoint -> C:\Users\ultra\warewolf\Dev\Warewolf.Sharepoint\bin\Debug\net8.0\Warewolf.Sharepoint.dll
  Warewolf.Storage -> C:\Users\ultra\warewolf\Dev\Warewolf.Storage\bin\Debug\net8.0\Warewolf.Storage.dll
C:\Users\ultra\warewolf\Dev\Dev2.Services.Sql\ConnectionBuilder.cs(44,21): warning CC0029: 'ConnectionBuilder' should call GC.SuppressFinalize inside the Dispose method. (https://code-cracker.github.io/diagnostics/CC0029.html) [C:\Users\ultra\warewolf\Dev\Dev2.Services.Sql\Dev2.Services.Sql.csproj]
  Dev2.Services.Sql -> C:\Users\ultra\warewolf\Dev\Dev2.Services.Sql\bin\Debug\net8.0\Dev2.Services.Sql.dll
C:\Program Files\dotnet\sdk\10.0.201\Microsoft.Common.CurrentVersion.targets(2451,5): warning MSB3245: Could not resolve this reference. Could not locate the assembly "System.Web". Check to make sure the assembly exists on disk. If this reference is required by your code, you may get compilation errors. [C:\Users\ultra\warewolf\Dev\Dev2.Data\Dev2.Data.csproj]
C:\Program Files\dotnet\sdk\10.0.201\Microsoft.Common.CurrentVersion.targets(2451,5): warning MSB3245: Could not resolve this reference. Could not locate the assembly "System.Web.Extensions". Check to make sure the assembly exists on disk. If this reference is required by your code, you may get compilation errors. [C:\Users\ultra\warewolf\Dev\Dev2.Data\Dev2.Data.csproj]
C:\Program Files\dotnet\sdk\10.0.201\Microsoft.Common.CurrentVersion.targets(2451,5): warning MSB3245: Could not resolve this reference. Could not locate the assembly "System.Xml.Linq". Check to make sure the assembly exists on disk. If this reference is required by your code, you may get compilation errors. [C:\Users\ultra\warewolf\Dev\Dev2.Data\Dev2.Data.csproj]
C:\Program Files\dotnet\sdk\10.0.201\Microsoft.Common.CurrentVersion.targets(2451,5): warning MSB3245: Could not resolve this reference. Could not locate the assembly "System.Data.DataSetExtensions". Check to make sure the assembly exists on disk. If this reference is required by your code, you may get compilation errors. [C:\Users\ultra\warewolf\Dev\Dev2.Data\Dev2.Data.csproj]
C:\Program Files\dotnet\sdk\10.0.201\Microsoft.Common.CurrentVersion.targets(2451,5): warning MSB3245: Could not resolve this reference. Could not locate the assembly "Microsoft.CSharp". Check to make sure the assembly exists on disk. If this reference is required by your code, you may get compilation errors. [C:\Users\ultra\warewolf\Dev\Dev2.Data\Dev2.Data.csproj]
C:\Program Files\dotnet\sdk\10.0.201\Microsoft.Common.CurrentVersion.targets(2451,5): warning MSB3245: Could not resolve this reference. Could not locate the assembly "System.Data". Check to make sure the assembly exists on disk. If this reference is required by your code, you may get compilation errors. [C:\Users\ultra\warewolf\Dev\Dev2.Data\Dev2.Data.csproj]
C:\Program Files\dotnet\sdk\10.0.201\Microsoft.Common.CurrentVersion.targets(2451,5): warning MSB3245: Could not resolve this reference. Could not locate the assembly "System.Xml". Check to make sure the assembly exists on disk. If this reference is required by your code, you may get compilation errors. [C:\Users\ultra\warewolf\Dev\Dev2.Data\Dev2.Data.csproj]
C:\Program Files\dotnet\sdk\10.0.201\Microsoft.Common.CurrentVersion.targets(2451,5): warning MSB3243: No way to resolve conflict between "System.Web, Version=4.0.0.0, Culture=neutral, PublicKeyToken=b03f5f7f11d50a3a" and "System.Web". Choosing "System.Web, Version=4.0.0.0, Culture=neutral, PublicKeyToken=b03f5f7f11d50a3a" arbitrarily. [C:\Users\ultra\warewolf\Dev\Dev2.Data\Dev2.Data.csproj]
C:\Program Files\dotnet\sdk\10.0.201\Microsoft.Common.CurrentVersion.targets(2451,5): warning MSB3243: No way to resolve conflict between "System.Xml.Linq, Version=4.0.0.0, Culture=neutral, PublicKeyToken=b77a5c561934e089" and "System.Xml.Linq". Choosing "System.Xml.Linq, Version=4.0.0.0, Culture=neutral, PublicKeyToken=b77a5c561934e089" arbitrarily. [C:\Users\ultra\warewolf\Dev\Dev2.Data\Dev2.Data.csproj]
C:\Program Files\dotnet\sdk\10.0.201\Microsoft.Common.CurrentVersion.targets(2451,5): warning MSB3243: No way to resolve conflict between "System.Data.DataSetExtensions, Version=8.0.0.0, Culture=neutral, PublicKeyToken=b77a5c561934e089" and "System.Data.DataSetExtensions". Choosing "System.Data.DataSetExtensions, Version=8.0.0.0, Culture=neutral, PublicKeyToken=b77a5c561934e089" arbitrarily. [C:\Users\ultra\warewolf\Dev\Dev2.Data\Dev2.Data.csproj]
C:\Program Files\dotnet\sdk\10.0.201\Microsoft.Common.CurrentVersion.targets(2451,5): warning MSB3243: No way to resolve conflict between "Microsoft.CSharp, Version=8.0.0.0, Culture=neutral, PublicKeyToken=b03f5f7f11d50a3a" and "Microsoft.CSharp". Choosing "Microsoft.CSharp, Version=8.0.0.0, Culture=neutral, PublicKeyToken=b03f5f7f11d50a3a" arbitrarily. [C:\Users\ultra\warewolf\Dev\Dev2.Data\Dev2.Data.csproj]
C:\Program Files\dotnet\sdk\10.0.201\Microsoft.Common.CurrentVersion.targets(2451,5): warning MSB3243: No way to resolve conflict between "System.Data, Version=4.0.0.0, Culture=neutral, PublicKeyToken=b77a5c561934e089" and "System.Data". Choosing "System.Data, Version=4.0.0.0, Culture=neutral, PublicKeyToken=b77a5c561934e089" arbitrarily. [C:\Users\ultra\warewolf\Dev\Dev2.Data\Dev2.Data.csproj]
C:\Program Files\dotnet\sdk\10.0.201\Microsoft.Common.CurrentVersion.targets(2451,5): warning MSB3243: No way to resolve conflict between "System.Xml, Version=4.0.0.0, Culture=neutral, PublicKeyToken=b77a5c561934e089" and "System.Xml". Choosing "System.Xml, Version=4.0.0.0, Culture=neutral, PublicKeyToken=b77a5c561934e089" arbitrarily. [C:\Users\ultra\warewolf\Dev\Dev2.Data\Dev2.Data.csproj]
CSC : warning CS2002: Source file 'C:\Users\ultra\warewolf\Dev\Dev2.Data\MathOperations\NCalc\NCalcExpressionBuilder.cs' specified multiple times [C:\Users\ultra\warewolf\Dev\Dev2.Data\Dev2.Data.csproj]
CSC : warning CS2002: Source file 'C:\Users\ultra\warewolf\Dev\Dev2.Data\MathOperations\NCalc\NCalcFunctionArgHelper.cs' specified multiple times [C:\Users\ultra\warewolf\Dev\Dev2.Data\Dev2.Data.csproj]
CSC : warning CS2002: Source file 'C:\Users\ultra\warewolf\Dev\Dev2.Data\MathOperations\NCalc\Functions\BaseConversionFunctions.cs' specified multiple times [C:\Users\ultra\warewolf\Dev\Dev2.Data\Dev2.Data.csproj]
CSC : warning CS2002: Source file 'C:\Users\ultra\warewolf\Dev\Dev2.Data\MathOperations\NCalc\Functions\ComplexFunctions.cs' specified multiple times [C:\Users\ultra\warewolf\Dev\Dev2.Data\Dev2.Data.csproj]
CSC : warning CS2002: Source file 'C:\Users\ultra\warewolf\Dev\Dev2.Data\MathOperations\NCalc\Functions\DateTimeFunctions.cs' specified multiple times [C:\Users\ultra\warewolf\Dev\Dev2.Data\Dev2.Data.csproj]
CSC : warning CS2002: Source file 'C:\Users\ultra\warewolf\Dev\Dev2.Data\MathOperations\NCalc\Functions\FinancialFunctions.cs' specified multiple times [C:\Users\ultra\warewolf\Dev\Dev2.Data\Dev2.Data.csproj]
CSC : warning CS2002: Source file 'C:\Users\ultra\warewolf\Dev\Dev2.Data\MathOperations\NCalc\Functions\InformationFunctions.cs' specified multiple times [C:\Users\ultra\warewolf\Dev\Dev2.Data\Dev2.Data.csproj]
CSC : warning CS2002: Source file 'C:\Users\ultra\warewolf\Dev\Dev2.Data\MathOperations\NCalc\Functions\MathFunctions.cs' specified multiple times [C:\Users\ultra\warewolf\Dev\Dev2.Data\Dev2.Data.csproj]
CSC : warning CS2002: Source file 'C:\Users\ultra\warewolf\Dev\Dev2.Data\MathOperations\NCalc\Functions\StringFunctions.cs' specified multiple times [C:\Users\ultra\warewolf\Dev\Dev2.Data\Dev2.Data.csproj]
C:\Users\ultra\warewolf\Dev\Dev2.Data\MathOperations\NCalc\NCalcFunctionArgHelper.cs(51,47): warning CS8632: The annotation for nullable reference types should only be used in code within a '#nullable' annotations context. [C:\Users\ultra\warewolf\Dev\Dev2.Data\Dev2.Data.csproj]
C:\Users\ultra\warewolf\Dev\Dev2.Data\MathOperations\NCalc\Functions\MathFunctions.cs(22,30): warning CS8632: The annotation for nullable reference types should only be used in code within a '#nullable' annotations context. [C:\Users\ultra\warewolf\Dev\Dev2.Data\Dev2.Data.csproj]
C:\Users\ultra\warewolf\Dev\Dev2.Data\MathOperations\NCalc\Functions\StringFunctions.cs(94,59): warning CS8632: The annotation for nullable reference types should only be used in code within a '#nullable' annotations context. [C:\Users\ultra\warewolf\Dev\Dev2.Data\Dev2.Data.csproj]
C:\Users\ultra\warewolf\Dev\Dev2.Data\NativeMethods.cs(66,59): warning CS0472: The result of the expression is always 'false' since a value of type 'nint' is never equal to 'null' of type 'nint?' [C:\Users\ultra\warewolf\Dev\Dev2.Data\Dev2.Data.csproj]
C:\Users\ultra\warewolf\Dev\Dev2.Data\NativeMethods.cs(88,8): warning CS0472: The result of the expression is always 'false' since a value of type 'nint' is never equal to 'null' of type 'nint?' [C:\Users\ultra\warewolf\Dev\Dev2.Data\Dev2.Data.csproj]
C:\Users\ultra\warewolf\Dev\Dev2.Data\Security\WindowsIdentityExtensions.cs(28,17): warning CA1416: This call site is reachable on all platforms. 'WindowsIdentity.RunImpersonated(SafeAccessTokenHandle, Action)' is only supported on: 'windows'. (https://learn.microsoft.com/dotnet/fundamentals/code-analysis/quality-rules/ca1416) [C:\Users\ultra\warewolf\Dev\Dev2.Data\Dev2.Data.csproj]
C:\Users\ultra\warewolf\Dev\Dev2.Data\Security\WindowsIdentityExtensions.cs(41,59): warning CA1416: This call site is reachable on all platforms. 'WindowsIdentity.AccessToken' is only supported on: 'windows'. (https://learn.microsoft.com/dotnet/fundamentals/code-analysis/quality-rules/ca1416) [C:\Users\ultra\warewolf\Dev\Dev2.Data\Dev2.Data.csproj]
C:\Users\ultra\warewolf\Dev\Dev2.Data\Security\WindowsIdentityExtensions.cs(28,49): warning CA1416: This call site is reachable on all platforms. 'WindowsIdentity.AccessToken' is only supported on: 'windows'. (https://learn.microsoft.com/dotnet/fundamentals/code-analysis/quality-rules/ca1416) [C:\Users\ultra\warewolf\Dev\Dev2.Data\Dev2.Data.csproj]
C:\Users\ultra\warewolf\Dev\Dev2.Data\Security\WindowsIdentityExtensions.cs(41,24): warning CA1416: This call site is reachable on all platforms. 'WindowsIdentity.RunImpersonated<T>(SafeAccessTokenHandle, Func<T>)' is only supported on: 'windows'. (https://learn.microsoft.com/dotnet/fundamentals/code-analysis/quality-rules/ca1416) [C:\Users\ultra\warewolf\Dev\Dev2.Data\Dev2.Data.csproj]
C:\Users\ultra\warewolf\Dev\Dev2.Data\PathOperations\ValidateAuthorization.cs(73,33): warning CA1416: This call site is reachable on all platforms. 'WindowsIdentity' is only supported on: 'windows'. (https://learn.microsoft.com/dotnet/fundamentals/code-analysis/quality-rules/ca1416) [C:\Users\ultra\warewolf\Dev\Dev2.Data\Dev2.Data.csproj]
  Dev2.Data -> C:\Users\ultra\warewolf\Dev\Dev2.Data\bin\Debug\net8.0\Dev2.Data.dll
  Warewolf.Driver.Serilog -> C:\Users\ultra\warewolf\Dev\Warewolf.Driver.Serilog\bin\Debug\net8.0\Warewolf.Driver.Serilog.dll
  Dev2.Core -> C:\Users\ultra\warewolf\Dev\Dev2.Core\bin\Debug\net8.0\Dev2.Core.dll
  Dev2.Scheduler -> C:\Users\ultra\warewolf\Dev\Dev2.Scheduler\bin\Debug\net8.0\Dev2.Scheduler.dll
  Warewolf.ResourceManagement -> C:\Users\ultra\warewolf\Dev\Warewolf.ResourceManagement\bin\Debug\net8.0\Warewolf.ResourceManagement.dll
C:\Users\ultra\warewolf\Dev\Warewolf.Core\InputsFromJson.cs(99,21): warning CC0105: Use 'var' instead of specifying the type name. (https://code-cracker.github.io/diagnostics/CC0105.html) [C:\Users\ultra\warewolf\Dev\Warewolf.Core\Warewolf.Core.csproj]
  Warewolf.Core -> C:\Users\ultra\warewolf\Dev\Warewolf.Core\bin\Debug\net8.0\Warewolf.Core.dll
C:\Users\ultra\warewolf\Dev\Warewolf.Auditing\Audit.cs(189,26): warning CS8073: The result of the expression is always 'false' since a value of type 'DateTime' is never equal to 'null' of type 'DateTime?' [C:\Users\ultra\warewolf\Dev\Warewolf.Auditing\Warewolf.Auditing.csproj]
C:\Users\ultra\warewolf\Dev\Warewolf.Auditing\Drivers\AuditQueryableElastic.cs(360,33): warning CS0618: 'ElasticsearchClient.Search<TDocument>(SearchRequestDescriptor<TDocument>)' is obsolete: 'Synchronous methods are deprecated and could be removed in the future.' [C:\Users\ultra\warewolf\Dev\Warewolf.Auditing\Warewolf.Auditing.csproj]
C:\Users\ultra\warewolf\Dev\Warewolf.Auditing\Drivers\AuditQueryableElastic.cs(384,26): warning CS0618: 'ElasticsearchClient.Ping()' is obsolete: 'Synchronous methods are deprecated and could be removed in the future.' [C:\Users\ultra\warewolf\Dev\Warewolf.Auditing\Warewolf.Auditing.csproj]
  Warewolf.Auditing -> C:\Users\ultra\warewolf\Dev\Warewolf.Auditing\bin\Debug\net8.0\Warewolf.Auditing.dll
C:\Users\ultra\warewolf\Dev\Warewolf.Common.NetStandard20\Wrappers\WebRequestWrapper.cs(26,24): warning SYSLIB0014: 'WebRequest.Create(string)' is obsolete: 'WebRequest, HttpWebRequest, ServicePoint, and WebClient are obsolete. Use HttpClient instead.' (https://aka.ms/dotnet-warnings/SYSLIB0014) [C:\Users\ultra\warewolf\Dev\Warewolf.Common.NetStandard20\Warewolf.Common.NetStandard20.csproj]
C:\Users\ultra\warewolf\Dev\Warewolf.Common.NetStandard20\Wrappers\WebClientWrapper.cs(26,26): warning SYSLIB0014: 'WebClient.WebClient()' is obsolete: 'WebRequest, HttpWebRequest, ServicePoint, and WebClient are obsolete. Use HttpClient instead.' (https://aka.ms/dotnet-warnings/SYSLIB0014) [C:\Users\ultra\warewolf\Dev\Warewolf.Common.NetStandard20\Warewolf.Common.NetStandard20.csproj]
C:\Users\ultra\warewolf\Dev\Warewolf.Common.NetStandard20\Wrappers\WebClientWrapper.cs(31,26): warning SYSLIB0014: 'WebClient.WebClient()' is obsolete: 'WebRequest, HttpWebRequest, ServicePoint, and WebClient are obsolete. Use HttpClient instead.' (https://aka.ms/dotnet-warnings/SYSLIB0014) [C:\Users\ultra\warewolf\Dev\Warewolf.Common.NetStandard20\Warewolf.Common.NetStandard20.csproj]
  Warewolf.Common.NetStandard20 -> C:\Users\ultra\warewolf\Dev\Warewolf.Common.NetStandard20\bin\Debug\net8.0\Warewolf.Common.NetStandard20.dll
C:\Users\ultra\warewolf\Dev\Dev2.Runtime.Services\ServiceModel\ElasticsearchSources.cs(110,34): warning CS0618: 'ElasticsearchClient.Ping()' is obsolete: 'Synchronous methods are deprecated and could be removed in the future.' [C:\Users\ultra\warewolf\Dev\Dev2.Runtime.Services\Dev2.Runtime.Services.csproj]
C:\Users\ultra\warewolf\Dev\Dev2.Runtime.Services\ESB\Management\Services\FetchTestsAndTriggers.cs(45,17): warning CC0105: Use 'var' instead of specifying the type name. (https://code-cracker.github.io/diagnostics/CC0105.html) [C:\Users\ultra\warewolf\Dev\Dev2.Runtime.Services\Dev2.Runtime.Services.csproj]
C:\Users\ultra\warewolf\Dev\Dev2.Runtime.Services\UsageLogger.cs(66,33): warning CC0022: ManagementObjectSearcher should be disposed. (https://code-cracker.github.io/diagnostics/CC0022.html) [C:\Users\ultra\warewolf\Dev\Dev2.Runtime.Services\Dev2.Runtime.Services.csproj]
C:\Users\ultra\warewolf\Dev\Dev2.Runtime.Services\ServiceModel\WebSources.cs(532,7): warning CC0004: Empty Catch Block. (https://code-cracker.github.io/diagnostics/CC0004.html) [C:\Users\ultra\warewolf\Dev\Dev2.Runtime.Services\Dev2.Runtime.Services.csproj]
C:\Users\ultra\warewolf\Dev\Dev2.Runtime.Services\ServiceModel\WebSources.cs(751,38): warning CC0022: StringContent should be disposed. (https://code-cracker.github.io/diagnostics/CC0022.html) [C:\Users\ultra\warewolf\Dev\Dev2.Runtime.Services\Dev2.Runtime.Services.csproj]
C:\Users\ultra\warewolf\Dev\Dev2.Runtime.Services\ESB\Management\Services\TestChatbotSource.cs(44,17): warning CC0105: Use 'var' instead of specifying the type name. (https://code-cracker.github.io/diagnostics/CC0105.html) [C:\Users\ultra\warewolf\Dev\Dev2.Runtime.Services\Dev2.Runtime.Services.csproj]
C:\Users\ultra\warewolf\Dev\Dev2.Runtime.Services\ESB\Management\Services\TestChatbotSource.cs(45,17): warning CC0105: Use 'var' instead of specifying the type name. (https://code-cracker.github.io/diagnostics/CC0105.html) [C:\Users\ultra\warewolf\Dev\Dev2.Runtime.Services\Dev2.Runtime.Services.csproj]
C:\Users\ultra\warewolf\Dev\Dev2.Runtime.Services\ESB\Management\Services\ChatbotToolNormalizer.cs(80,17): warning CC0003: Consider adding an Exception to the catch. (https://code-cracker.github.io/diagnostics/CC0003.html) [C:\Users\ultra\warewolf\Dev\Dev2.Runtime.Services\Dev2.Runtime.Services.csproj]
C:\Users\ultra\warewolf\Dev\Dev2.Runtime.Services\ESB\Management\Services\ChatbotToolNormalizer.cs(101,21): warning CC0004: Empty Catch Block. (https://code-cracker.github.io/diagnostics/CC0004.html) [C:\Users\ultra\warewolf\Dev\Dev2.Runtime.Services\Dev2.Runtime.Services.csproj]
C:\Users\ultra\warewolf\Dev\Dev2.Runtime.Services\ESB\Management\Services\ChatbotToolNormalizer.cs(226,21): warning CC0105: Use 'var' instead of specifying the type name. (https://code-cracker.github.io/diagnostics/CC0105.html) [C:\Users\ultra\warewolf\Dev\Dev2.Runtime.Services\Dev2.Runtime.Services.csproj]
C:\Users\ultra\warewolf\Dev\Dev2.Runtime.Services\ESB\Management\Services\ChatbotToolNormalizer.cs(279,21): warning CC0105: Use 'var' instead of specifying the type name. (https://code-cracker.github.io/diagnostics/CC0105.html) [C:\Users\ultra\warewolf\Dev\Dev2.Runtime.Services\Dev2.Runtime.Services.csproj]
  Dev2.Runtime.Services -> C:\Users\ultra\warewolf\Dev\Dev2.Runtime.Services\bin\Debug\net8.0\Dev2.Runtime.Services.dll
  Dev2.Studio.Interfaces -> C:\Users\ultra\warewolf\Dev\Dev2.Studio.Interfaces\bin\Debug\net8.0\Dev2.Studio.Interfaces.dll
  Warewolf.Testing -> C:\Users\ultra\warewolf\Dev\Warewolf.Testing\bin\Debug\net8.0\Warewolf.Testing.dll
  Warewolf.Parsing.Tests -> C:\Users\ultra\warewolf\Dev\Warewolf.Parsing.Tests\bin\Debug\net8.0\linux-x64\Warewolf.Parsing.Tests.dll
  Warewolf.Parsing.Tests -> C:\Users\ultra\warewolf\Bin\ServerTests-Linux\Warewolf.Parsing.Tests\
Publishing Warewolf.QueueWorker.Tests for linux-x64...
  Determining projects to restore...
C:\Users\ultra\warewolf\Dev\Dev2.CustomControls\Dev2.CustomControls.csproj(135,14): warning MSB4130: The condition "'$(TargetFramework)' != '' and ($(TargetFramework.EndsWith('-windows')) or '$(TargetFramework)' == 'net48') Or '$(TargetFrameworkIdentifier)' == '.NETFramework'" may have been evaluated incorrectly in an earlier version of MSBuild. Please verify that the order of the AND and OR clauses is written as intended. To avoid this warning, add parentheses to make the evaluation order explicit.
C:\Users\ultra\warewolf\Dev\Warewolf.Language.Parser\Warewolf.Language.Parser.fsproj : warning NU1504: Duplicate 'PackageReference' items found. Remove the duplicate items or use the Update functionality to ensure a consistent restore behavior. The duplicate 'PackageReference' items are: FSharp.Core 10.1.201, FSharp.Core 4.6.2.
C:\Users\ultra\warewolf\Dev\Dev2.Runtime.Services\Dev2.Runtime.Services.csproj : warning NU1902: Package 'MessagePack' 2.4.59 has a known moderate severity vulnerability, https://github.com/advisories/GHSA-4qm4-8hg2-g2xm [C:\Users\ultra\warewolf\Dev\Warewolf.QueueWorker.Tests\Warewolf.QueueWorker.Tests.csproj]
C:\Users\ultra\warewolf\Dev\Dev2.Intellisense\Dev2.Intellisense.csproj : warning NU1701: Package 'AeroWizard 2.3.1' was restored using '.NETFramework,Version=v4.6.1, .NETFramework,Version=v4.6.2, .NETFramework,Version=v4.7, .NETFramework,Version=v4.7.1, .NETFramework,Version=v4.7.2, .NETFramework,Version=v4.8, .NETFramework,Version=v4.8.1' instead of the project target framework 'net8.0'. This package may not be fully compatible with your project. [C:\Users\ultra\warewolf\Dev\Warewolf.QueueWorker.Tests\Warewolf.QueueWorker.Tests.csproj]
C:\Users\ultra\warewolf\Dev\Dev2.SignalR.Wrappers.New\Dev2.SignalR.Wrappers.New.csproj : warning NU1701: Package 'AeroWizard 2.3.1' was restored using '.NETFramework,Version=v4.6.1, .NETFramework,Version=v4.6.2, .NETFramework,Version=v4.7, .NETFramework,Version=v4.7.1, .NETFramework,Version=v4.7.2, .NETFramework,Version=v4.8, .NETFramework,Version=v4.8.1' instead of the project target framework 'net8.0'. This package may not be fully compatible with your project. [C:\Users\ultra\warewolf\Dev\Warewolf.QueueWorker.Tests\Warewolf.QueueWorker.Tests.csproj]
C:\Users\ultra\warewolf\Dev\Dev2.Scheduler\Dev2.Scheduler.csproj : warning NU1701: Package 'AeroWizard 2.3.1' was restored using '.NETFramework,Version=v4.6.1, .NETFramework,Version=v4.6.2, .NETFramework,Version=v4.7, .NETFramework,Version=v4.7.1, .NETFramework,Version=v4.7.2, .NETFramework,Version=v4.8, .NETFramework,Version=v4.8.1' instead of the project target framework 'net8.0'. This package may not be fully compatible with your project. [C:\Users\ultra\warewolf\Dev\Warewolf.QueueWorker.Tests\Warewolf.QueueWorker.Tests.csproj]
C:\Users\ultra\warewolf\Dev\Warewolf.AI.Harness\Warewolf.AI.Harness.csproj : warning NU1701: Package 'AeroWizard 2.3.1' was restored using '.NETFramework,Version=v4.6.1, .NETFramework,Version=v4.6.2, .NETFramework,Version=v4.7, .NETFramework,Version=v4.7.1, .NETFramework,Version=v4.7.2, .NETFramework,Version=v4.8, .NETFramework,Version=v4.8.1' instead of the project target framework 'net8.0'. This package may not be fully compatible with your project. [C:\Users\ultra\warewolf\Dev\Warewolf.QueueWorker.Tests\Warewolf.QueueWorker.Tests.csproj]
C:\Users\ultra\warewolf\Dev\Dev2.Runtime.Configuration\Dev2.Runtime.Configuration.csproj : warning NU1903: Package 'Microsoft.Windows.Compatibility' 6.0.0 has a known high severity vulnerability, https://github.com/advisories/GHSA-555c-2p6r-68mm [C:\Users\ultra\warewolf\Dev\Warewolf.QueueWorker.Tests\Warewolf.QueueWorker.Tests.csproj]
C:\Users\ultra\warewolf\Dev\Dev2.Studio.Core\Dev2.Studio.Core.csproj : warning NU1701: Package 'AeroWizard 2.3.1' was restored using '.NETFramework,Version=v4.6.1, .NETFramework,Version=v4.6.2, .NETFramework,Version=v4.7, .NETFramework,Version=v4.7.1, .NETFramework,Version=v4.7.2, .NETFramework,Version=v4.8, .NETFramework,Version=v4.8.1' instead of the project target framework 'net8.0'. This package may not be fully compatible with your project. [C:\Users\ultra\warewolf\Dev\Warewolf.QueueWorker.Tests\Warewolf.QueueWorker.Tests.csproj]
C:\Users\ultra\warewolf\Dev\Dev2.Infrastructure\Dev2.Infrastructure.csproj : warning NU1903: Package 'Microsoft.Windows.Compatibility' 6.0.0 has a known high severity vulnerability, https://github.com/advisories/GHSA-555c-2p6r-68mm [C:\Users\ultra\warewolf\Dev\Warewolf.QueueWorker.Tests\Warewolf.QueueWorker.Tests.csproj]
C:\Users\ultra\warewolf\Dev\Dev2.Scheduler\Dev2.Scheduler.csproj : warning NU1701: Package 'GroupControls 1.9.0' was restored using '.NETFramework,Version=v4.6.1, .NETFramework,Version=v4.6.2, .NETFramework,Version=v4.7, .NETFramework,Version=v4.7.1, .NETFramework,Version=v4.7.2, .NETFramework,Version=v4.8, .NETFramework,Version=v4.8.1' instead of the project target framework 'net8.0'. This package may not be fully compatible with your project. [C:\Users\ultra\warewolf\Dev\Warewolf.QueueWorker.Tests\Warewolf.QueueWorker.Tests.csproj]
C:\Users\ultra\warewolf\Dev\Dev2.Runtime.Services\Dev2.Runtime.Services.csproj : warning NU1903: Package 'Microsoft.Windows.Compatibility' 6.0.0 has a known high severity vulnerability, https://github.com/advisories/GHSA-555c-2p6r-68mm [C:\Users\ultra\warewolf\Dev\Warewolf.QueueWorker.Tests\Warewolf.QueueWorker.Tests.csproj]
C:\Users\ultra\warewolf\Dev\Dev2.Studio.Core\Dev2.Studio.Core.csproj : warning NU1701: Package 'GroupControls 1.9.0' was restored using '.NETFramework,Version=v4.6.1, .NETFramework,Version=v4.6.2, .NETFramework,Version=v4.7, .NETFramework,Version=v4.7.1, .NETFramework,Version=v4.7.2, .NETFramework,Version=v4.8, .NETFramework,Version=v4.8.1' instead of the project target framework 'net8.0'. This package may not be fully compatible with your project. [C:\Users\ultra\warewolf\Dev\Warewolf.QueueWorker.Tests\Warewolf.QueueWorker.Tests.csproj]
C:\Users\ultra\warewolf\Dev\Dev2.Scheduler\Dev2.Scheduler.csproj : warning NU1701: Package 'ReactiveUI.WPF 18.4.1' was restored using '.NETFramework,Version=v4.6.1, .NETFramework,Version=v4.6.2, .NETFramework,Version=v4.7, .NETFramework,Version=v4.7.1, .NETFramework,Version=v4.7.2, .NETFramework,Version=v4.8, .NETFramework,Version=v4.8.1' instead of the project target framework 'net8.0'. This package may not be fully compatible with your project. [C:\Users\ultra\warewolf\Dev\Warewolf.QueueWorker.Tests\Warewolf.QueueWorker.Tests.csproj]
C:\Users\ultra\warewolf\Dev\Warewolf.AI.Harness\Warewolf.AI.Harness.csproj : warning NU1701: Package 'GroupControls 1.9.0' was restored using '.NETFramework,Version=v4.6.1, .NETFramework,Version=v4.6.2, .NETFramework,Version=v4.7, .NETFramework,Version=v4.7.1, .NETFramework,Version=v4.7.2, .NETFramework,Version=v4.8, .NETFramework,Version=v4.8.1' instead of the project target framework 'net8.0'. This package may not be fully compatible with your project. [C:\Users\ultra\warewolf\Dev\Warewolf.QueueWorker.Tests\Warewolf.QueueWorker.Tests.csproj]
C:\Users\ultra\warewolf\Dev\Dev2.Intellisense\Dev2.Intellisense.csproj : warning NU1701: Package 'GroupControls 1.9.0' was restored using '.NETFramework,Version=v4.6.1, .NETFramework,Version=v4.6.2, .NETFramework,Version=v4.7, .NETFramework,Version=v4.7.1, .NETFramework,Version=v4.7.2, .NETFramework,Version=v4.8, .NETFramework,Version=v4.8.1' instead of the project target framework 'net8.0'. This package may not be fully compatible with your project. [C:\Users\ultra\warewolf\Dev\Warewolf.QueueWorker.Tests\Warewolf.QueueWorker.Tests.csproj]
C:\Users\ultra\warewolf\Dev\Dev2.Runtime.Services\Dev2.Runtime.Services.csproj : warning NU1701: Package 'AeroWizard 2.3.1' was restored using '.NETFramework,Version=v4.6.1, .NETFramework,Version=v4.6.2, .NETFramework,Version=v4.7, .NETFramework,Version=v4.7.1, .NETFramework,Version=v4.7.2, .NETFramework,Version=v4.8, .NETFramework,Version=v4.8.1' instead of the project target framework 'net8.0'. This package may not be fully compatible with your project. [C:\Users\ultra\warewolf\Dev\Warewolf.QueueWorker.Tests\Warewolf.QueueWorker.Tests.csproj]
C:\Users\ultra\warewolf\Dev\Dev2.Infrastructure\Dev2.Infrastructure.csproj : warning NU1701: Package 'AeroWizard 2.3.1' was restored using '.NETFramework,Version=v4.6.1, .NETFramework,Version=v4.6.2, .NETFramework,Version=v4.7, .NETFramework,Version=v4.7.1, .NETFramework,Version=v4.7.2, .NETFramework,Version=v4.8, .NETFramework,Version=v4.8.1' instead of the project target framework 'net8.0'. This package may not be fully compatible with your project. [C:\Users\ultra\warewolf\Dev\Warewolf.QueueWorker.Tests\Warewolf.QueueWorker.Tests.csproj]
C:\Users\ultra\warewolf\Dev\Dev2.Scheduler\Dev2.Scheduler.csproj : warning NU1701: Package 'TaskSchedulerEditor 2.10.1' was restored using '.NETFramework,Version=v4.6.1, .NETFramework,Version=v4.6.2, .NETFramework,Version=v4.7, .NETFramework,Version=v4.7.1, .NETFramework,Version=v4.7.2, .NETFramework,Version=v4.8, .NETFramework,Version=v4.8.1' instead of the project target framework 'net8.0'. This package may not be fully compatible with your project. [C:\Users\ultra\warewolf\Dev\Warewolf.QueueWorker.Tests\Warewolf.QueueWorker.Tests.csproj]
C:\Users\ultra\warewolf\Dev\Dev2.Studio.Core\Dev2.Studio.Core.csproj : warning NU1701: Package 'Microsoft.Xaml.Behaviors.Wpf 1.1.122' was restored using '.NETFramework,Version=v4.6.1, .NETFramework,Version=v4.6.2, .NETFramework,Version=v4.7, .NETFramework,Version=v4.7.1, .NETFramework,Version=v4.7.2, .NETFramework,Version=v4.8, .NETFramework,Version=v4.8.1' instead of the project target framework 'net8.0'. This package may not be fully compatible with your project. [C:\Users\ultra\warewolf\Dev\Warewolf.QueueWorker.Tests\Warewolf.QueueWorker.Tests.csproj]
C:\Users\ultra\warewolf\Dev\Dev2.Services.Sql\Dev2.Services.Sql.csproj : warning NU1903: Package 'Oracle.ManagedDataAccess.Core' 3.21.70 has a known high severity vulnerability, https://github.com/advisories/GHSA-5pm2-9mr2-3frq [C:\Users\ultra\warewolf\Dev\Warewolf.QueueWorker.Tests\Warewolf.QueueWorker.Tests.csproj]
C:\Users\ultra\warewolf\Dev\Dev2.Intellisense\Dev2.Intellisense.csproj : warning NU1701: Package 'Microsoft.Xaml.Behaviors.Wpf 1.1.122' was restored using '.NETFramework,Version=v4.6.1, .NETFramework,Version=v4.6.2, .NETFramework,Version=v4.7, .NETFramework,Version=v4.7.1, .NETFramework,Version=v4.7.2, .NETFramework,Version=v4.8, .NETFramework,Version=v4.8.1' instead of the project target framework 'net8.0'. This package may not be fully compatible with your project. [C:\Users\ultra\warewolf\Dev\Warewolf.QueueWorker.Tests\Warewolf.QueueWorker.Tests.csproj]
C:\Users\ultra\warewolf\Dev\Dev2.Studio.Core\Dev2.Studio.Core.csproj : warning NU1701: Package 'Prism.Wpf 9.0.537' was restored using '.NETFramework,Version=v4.6.1, .NETFramework,Version=v4.6.2, .NETFramework,Version=v4.7, .NETFramework,Version=v4.7.1, .NETFramework,Version=v4.7.2, .NETFramework,Version=v4.8, .NETFramework,Version=v4.8.1' instead of the project target framework 'net8.0'. This package may not be fully compatible with your project. [C:\Users\ultra\warewolf\Dev\Warewolf.QueueWorker.Tests\Warewolf.QueueWorker.Tests.csproj]
C:\Users\ultra\warewolf\Dev\Warewolf.AI.Harness\Warewolf.AI.Harness.csproj : warning NU1701: Package 'TaskSchedulerEditor 2.10.1' was restored using '.NETFramework,Version=v4.6.1, .NETFramework,Version=v4.6.2, .NETFramework,Version=v4.7, .NETFramework,Version=v4.7.1, .NETFramework,Version=v4.7.2, .NETFramework,Version=v4.8, .NETFramework,Version=v4.8.1' instead of the project target framework 'net8.0'. This package may not be fully compatible with your project. [C:\Users\ultra\warewolf\Dev\Warewolf.QueueWorker.Tests\Warewolf.QueueWorker.Tests.csproj]
C:\Users\ultra\warewolf\Dev\Dev2.Infrastructure\Dev2.Infrastructure.csproj : warning NU1701: Package 'GroupControls 1.9.0' was restored using '.NETFramework,Version=v4.6.1, .NETFramework,Version=v4.6.2, .NETFramework,Version=v4.7, .NETFramework,Version=v4.7.1, .NETFramework,Version=v4.7.2, .NETFramework,Version=v4.8, .NETFramework,Version=v4.8.1' instead of the project target framework 'net8.0'. This package may not be fully compatible with your project. [C:\Users\ultra\warewolf\Dev\Warewolf.QueueWorker.Tests\Warewolf.QueueWorker.Tests.csproj]
C:\Users\ultra\warewolf\Dev\Dev2.Intellisense\Dev2.Intellisense.csproj : warning NU1701: Package 'Prism.Wpf 9.0.537' was restored using '.NETFramework,Version=v4.6.1, .NETFramework,Version=v4.6.2, .NETFramework,Version=v4.7, .NETFramework,Version=v4.7.1, .NETFramework,Version=v4.7.2, .NETFramework,Version=v4.8, .NETFramework,Version=v4.8.1' instead of the project target framework 'net8.0'. This package may not be fully compatible with your project. [C:\Users\ultra\warewolf\Dev\Warewolf.QueueWorker.Tests\Warewolf.QueueWorker.Tests.csproj]
C:\Users\ultra\warewolf\Dev\Dev2.Studio.Core\Dev2.Studio.Core.csproj : warning NU1701: Package 'ReactiveUI.WPF 18.4.1' was restored using '.NETFramework,Version=v4.6.1, .NETFramework,Version=v4.6.2, .NETFramework,Version=v4.7, .NETFramework,Version=v4.7.1, .NETFramework,Version=v4.7.2, .NETFramework,Version=v4.8, .NETFramework,Version=v4.8.1' instead of the project target framework 'net8.0'. This package may not be fully compatible with your project. [C:\Users\ultra\warewolf\Dev\Warewolf.QueueWorker.Tests\Warewolf.QueueWorker.Tests.csproj]
C:\Users\ultra\warewolf\Dev\Dev2.Infrastructure\Dev2.Infrastructure.csproj : warning NU1701: Package 'ReactiveUI.WPF 18.4.1' was restored using '.NETFramework,Version=v4.6.1, .NETFramework,Version=v4.6.2, .NETFramework,Version=v4.7, .NETFramework,Version=v4.7.1, .NETFramework,Version=v4.7.2, .NETFramework,Version=v4.8, .NETFramework,Version=v4.8.1' instead of the project target framework 'net8.0'. This package may not be fully compatible with your project. [C:\Users\ultra\warewolf\Dev\Warewolf.QueueWorker.Tests\Warewolf.QueueWorker.Tests.csproj]
C:\Users\ultra\warewolf\Dev\Dev2.Intellisense\Dev2.Intellisense.csproj : warning NU1701: Package 'ReactiveUI.WPF 18.4.1' was restored using '.NETFramework,Version=v4.6.1, .NETFramework,Version=v4.6.2, .NETFramework,Version=v4.7, .NETFramework,Version=v4.7.1, .NETFramework,Version=v4.7.2, .NETFramework,Version=v4.8, .NETFramework,Version=v4.8.1' instead of the project target framework 'net8.0'. This package may not be fully compatible with your project. [C:\Users\ultra\warewolf\Dev\Warewolf.QueueWorker.Tests\Warewolf.QueueWorker.Tests.csproj]
C:\Users\ultra\warewolf\Dev\Dev2.Infrastructure\Dev2.Infrastructure.csproj : warning NU1701: Package 'TaskSchedulerEditor 2.10.1' was restored using '.NETFramework,Version=v4.6.1, .NETFramework,Version=v4.6.2, .NETFramework,Version=v4.7, .NETFramework,Version=v4.7.1, .NETFramework,Version=v4.7.2, .NETFramework,Version=v4.8, .NETFramework,Version=v4.8.1' instead of the project target framework 'net8.0'. This package may not be fully compatible with your project. [C:\Users\ultra\warewolf\Dev\Warewolf.QueueWorker.Tests\Warewolf.QueueWorker.Tests.csproj]
C:\Users\ultra\warewolf\Dev\Dev2.Intellisense\Dev2.Intellisense.csproj : warning NU1701: Package 'TaskSchedulerEditor 2.10.1' was restored using '.NETFramework,Version=v4.6.1, .NETFramework,Version=v4.6.2, .NETFramework,Version=v4.7, .NETFramework,Version=v4.7.1, .NETFramework,Version=v4.7.2, .NETFramework,Version=v4.8, .NETFramework,Version=v4.8.1' instead of the project target framework 'net8.0'. This package may not be fully compatible with your project. [C:\Users\ultra\warewolf\Dev\Warewolf.QueueWorker.Tests\Warewolf.QueueWorker.Tests.csproj]
C:\Users\ultra\warewolf\Dev\Dev2.Services.Sql\Dev2.Services.Sql.csproj : warning NU1701: Package 'AeroWizard 2.3.1' was restored using '.NETFramework,Version=v4.6.1, .NETFramework,Version=v4.6.2, .NETFramework,Version=v4.7, .NETFramework,Version=v4.7.1, .NETFramework,Version=v4.7.2, .NETFramework,Version=v4.8, .NETFramework,Version=v4.8.1' instead of the project target framework 'net8.0'. This package may not be fully compatible with your project. [C:\Users\ultra\warewolf\Dev\Warewolf.QueueWorker.Tests\Warewolf.QueueWorker.Tests.csproj]
C:\Users\ultra\warewolf\Dev\Dev2.Studio.Core\Dev2.Studio.Core.csproj : warning NU1701: Package 'TaskSchedulerEditor 2.10.1' was restored using '.NETFramework,Version=v4.6.1, .NETFramework,Version=v4.6.2, .NETFramework,Version=v4.7, .NETFramework,Version=v4.7.1, .NETFramework,Version=v4.7.2, .NETFramework,Version=v4.8, .NETFramework,Version=v4.8.1' instead of the project target framework 'net8.0'. This package may not be fully compatible with your project. [C:\Users\ultra\warewolf\Dev\Warewolf.QueueWorker.Tests\Warewolf.QueueWorker.Tests.csproj]
C:\Users\ultra\warewolf\Dev\Dev2.Services.Sql\Dev2.Services.Sql.csproj : warning NU1701: Package 'GroupControls 1.9.0' was restored using '.NETFramework,Version=v4.6.1, .NETFramework,Version=v4.6.2, .NETFramework,Version=v4.7, .NETFramework,Version=v4.7.1, .NETFramework,Version=v4.7.2, .NETFramework,Version=v4.8, .NETFramework,Version=v4.8.1' instead of the project target framework 'net8.0'. This package may not be fully compatible with your project. [C:\Users\ultra\warewolf\Dev\Warewolf.QueueWorker.Tests\Warewolf.QueueWorker.Tests.csproj]
C:\Users\ultra\warewolf\Dev\Dev2.Services.Sql\Dev2.Services.Sql.csproj : warning NU1701: Package 'ReactiveUI.WPF 18.4.1' was restored using '.NETFramework,Version=v4.6.1, .NETFramework,Version=v4.6.2, .NETFramework,Version=v4.7, .NETFramework,Version=v4.7.1, .NETFramework,Version=v4.7.2, .NETFramework,Version=v4.8, .NETFramework,Version=v4.8.1' instead of the project target framework 'net8.0'. This package may not be fully compatible with your project. [C:\Users\ultra\warewolf\Dev\Warewolf.QueueWorker.Tests\Warewolf.QueueWorker.Tests.csproj]
C:\Users\ultra\warewolf\Dev\Warewolf.Auditing\Warewolf.Auditing.csproj : warning NU1701: Package 'AeroWizard 2.3.1' was restored using '.NETFramework,Version=v4.6.1, .NETFramework,Version=v4.6.2, .NETFramework,Version=v4.7, .NETFramework,Version=v4.7.1, .NETFramework,Version=v4.7.2, .NETFramework,Version=v4.8, .NETFramework,Version=v4.8.1' instead of the project target framework 'net8.0'. This package may not be fully compatible with your project. [C:\Users\ultra\warewolf\Dev\Warewolf.QueueWorker.Tests\Warewolf.QueueWorker.Tests.csproj]
C:\Users\ultra\warewolf\Dev\Dev2.Services.Sql\Dev2.Services.Sql.csproj : warning NU1701: Package 'TaskSchedulerEditor 2.10.1' was restored using '.NETFramework,Version=v4.6.1, .NETFramework,Version=v4.6.2, .NETFramework,Version=v4.7, .NETFramework,Version=v4.7.1, .NETFramework,Version=v4.7.2, .NETFramework,Version=v4.8, .NETFramework,Version=v4.8.1' instead of the project target framework 'net8.0'. This package may not be fully compatible with your project. [C:\Users\ultra\warewolf\Dev\Warewolf.QueueWorker.Tests\Warewolf.QueueWorker.Tests.csproj]
C:\Users\ultra\warewolf\Dev\Warewolf.Auditing\Warewolf.Auditing.csproj : warning NU1701: Package 'GroupControls 1.9.0' was restored using '.NETFramework,Version=v4.6.1, .NETFramework,Version=v4.6.2, .NETFramework,Version=v4.7, .NETFramework,Version=v4.7.1, .NETFramework,Version=v4.7.2, .NETFramework,Version=v4.8, .NETFramework,Version=v4.8.1' instead of the project target framework 'net8.0'. This package may not be fully compatible with your project. [C:\Users\ultra\warewolf\Dev\Warewolf.QueueWorker.Tests\Warewolf.QueueWorker.Tests.csproj]
C:\Users\ultra\warewolf\Dev\Warewolf.Auditing\Warewolf.Auditing.csproj : warning NU1701: Package 'ReactiveUI.WPF 18.4.1' was restored using '.NETFramework,Version=v4.6.1, .NETFramework,Version=v4.6.2, .NETFramework,Version=v4.7, .NETFramework,Version=v4.7.1, .NETFramework,Version=v4.7.2, .NETFramework,Version=v4.8, .NETFramework,Version=v4.8.1' instead of the project target framework 'net8.0'. This package may not be fully compatible with your project. [C:\Users\ultra\warewolf\Dev\Warewolf.QueueWorker.Tests\Warewolf.QueueWorker.Tests.csproj]
C:\Users\ultra\warewolf\Dev\Warewolf.Auditing\Warewolf.Auditing.csproj : warning NU1701: Package 'TaskSchedulerEditor 2.10.1' was restored using '.NETFramework,Version=v4.6.1, .NETFramework,Version=v4.6.2, .NETFramework,Version=v4.7, .NETFramework,Version=v4.7.1, .NETFramework,Version=v4.7.2, .NETFramework,Version=v4.8, .NETFramework,Version=v4.8.1' instead of the project target framework 'net8.0'. This package may not be fully compatible with your project. [C:\Users\ultra\warewolf\Dev\Warewolf.QueueWorker.Tests\Warewolf.QueueWorker.Tests.csproj]
C:\Users\ultra\warewolf\Dev\Dev2.SignalR.Wrappers.New\Dev2.SignalR.Wrappers.New.csproj : warning NU1701: Package 'GroupControls 1.9.0' was restored using '.NETFramework,Version=v4.6.1, .NETFramework,Version=v4.6.2, .NETFramework,Version=v4.7, .NETFramework,Version=v4.7.1, .NETFramework,Version=v4.7.2, .NETFramework,Version=v4.8, .NETFramework,Version=v4.8.1' instead of the project target framework 'net8.0'. This package may not be fully compatible with your project. [C:\Users\ultra\warewolf\Dev\Warewolf.QueueWorker.Tests\Warewolf.QueueWorker.Tests.csproj]
C:\Users\ultra\warewolf\Dev\Dev2.SignalR.Wrappers.New\Dev2.SignalR.Wrappers.New.csproj : warning NU1701: Package 'ReactiveUI.WPF 18.4.1' was restored using '.NETFramework,Version=v4.6.1, .NETFramework,Version=v4.6.2, .NETFramework,Version=v4.7, .NETFramework,Version=v4.7.1, .NETFramework,Version=v4.7.2, .NETFramework,Version=v4.8, .NETFramework,Version=v4.8.1' instead of the project target framework 'net8.0'. This package may not be fully compatible with your project. [C:\Users\ultra\warewolf\Dev\Warewolf.QueueWorker.Tests\Warewolf.QueueWorker.Tests.csproj]
C:\Users\ultra\warewolf\Dev\Dev2.SignalR.Wrappers.New\Dev2.SignalR.Wrappers.New.csproj : warning NU1701: Package 'TaskSchedulerEditor 2.10.1' was restored using '.NETFramework,Version=v4.6.1, .NETFramework,Version=v4.6.2, .NETFramework,Version=v4.7, .NETFramework,Version=v4.7.1, .NETFramework,Version=v4.7.2, .NETFramework,Version=v4.8, .NETFramework,Version=v4.8.1' instead of the project target framework 'net8.0'. This package may not be fully compatible with your project. [C:\Users\ultra\warewolf\Dev\Warewolf.QueueWorker.Tests\Warewolf.QueueWorker.Tests.csproj]
C:\Users\ultra\warewolf\Dev\Dev2.Runtime.Configuration\Dev2.Runtime.Configuration.csproj : warning NU1701: Package 'AeroWizard 2.3.1' was restored using '.NETFramework,Version=v4.6.1, .NETFramework,Version=v4.6.2, .NETFramework,Version=v4.7, .NETFramework,Version=v4.7.1, .NETFramework,Version=v4.7.2, .NETFramework,Version=v4.8, .NETFramework,Version=v4.8.1' instead of the project target framework 'net8.0'. This package may not be fully compatible with your project. [C:\Users\ultra\warewolf\Dev\Warewolf.QueueWorker.Tests\Warewolf.QueueWorker.Tests.csproj]
C:\Users\ultra\warewolf\Dev\Dev2.Runtime.Services\Dev2.Runtime.Services.csproj : warning NU1701: Package 'GroupControls 1.9.0' was restored using '.NETFramework,Version=v4.6.1, .NETFramework,Version=v4.6.2, .NETFramework,Version=v4.7, .NETFramework,Version=v4.7.1, .NETFramework,Version=v4.7.2, .NETFramework,Version=v4.8, .NETFramework,Version=v4.8.1' instead of the project target framework 'net8.0'. This package may not be fully compatible with your project. [C:\Users\ultra\warewolf\Dev\Warewolf.QueueWorker.Tests\Warewolf.QueueWorker.Tests.csproj]
C:\Users\ultra\warewolf\Dev\Dev2.Runtime.Configuration\Dev2.Runtime.Configuration.csproj : warning NU1701: Package 'GroupControls 1.9.0' was restored using '.NETFramework,Version=v4.6.1, .NETFramework,Version=v4.6.2, .NETFramework,Version=v4.7, .NETFramework,Version=v4.7.1, .NETFramework,Version=v4.7.2, .NETFramework,Version=v4.8, .NETFramework,Version=v4.8.1' instead of the project target framework 'net8.0'. This package may not be fully compatible with your project. [C:\Users\ultra\warewolf\Dev\Warewolf.QueueWorker.Tests\Warewolf.QueueWorker.Tests.csproj]
C:\Users\ultra\warewolf\Dev\Dev2.Runtime.Configuration\Dev2.Runtime.Configuration.csproj : warning NU1701: Package 'TaskSchedulerEditor 2.10.1' was restored using '.NETFramework,Version=v4.6.1, .NETFramework,Version=v4.6.2, .NETFramework,Version=v4.7, .NETFramework,Version=v4.7.1, .NETFramework,Version=v4.7.2, .NETFramework,Version=v4.8, .NETFramework,Version=v4.8.1' instead of the project target framework 'net8.0'. This package may not be fully compatible with your project. [C:\Users\ultra\warewolf\Dev\Warewolf.QueueWorker.Tests\Warewolf.QueueWorker.Tests.csproj]
C:\Users\ultra\warewolf\Dev\Dev2.Diagnostics\Dev2.Diagnostics.csproj : warning NU1701: Package 'AeroWizard 2.3.1' was restored using '.NETFramework,Version=v4.6.1, .NETFramework,Version=v4.6.2, .NETFramework,Version=v4.7, .NETFramework,Version=v4.7.1, .NETFramework,Version=v4.7.2, .NETFramework,Version=v4.8, .NETFramework,Version=v4.8.1' instead of the project target framework 'net8.0'. This package may not be fully compatible with your project. [C:\Users\ultra\warewolf\Dev\Warewolf.QueueWorker.Tests\Warewolf.QueueWorker.Tests.csproj]
C:\Users\ultra\warewolf\Dev\Dev2.Runtime.Services\Dev2.Runtime.Services.csproj : warning NU1701: Package 'ReactiveUI.WPF 18.4.1' was restored using '.NETFramework,Version=v4.6.1, .NETFramework,Version=v4.6.2, .NETFramework,Version=v4.7, .NETFramework,Version=v4.7.1, .NETFramework,Version=v4.7.2, .NETFramework,Version=v4.8, .NETFramework,Version=v4.8.1' instead of the project target framework 'net8.0'. This package may not be fully compatible with your project. [C:\Users\ultra\warewolf\Dev\Warewolf.QueueWorker.Tests\Warewolf.QueueWorker.Tests.csproj]
C:\Users\ultra\warewolf\Dev\Dev2.Runtime.Services\Dev2.Runtime.Services.csproj : warning NU1701: Package 'TaskSchedulerEditor 2.10.1' was restored using '.NETFramework,Version=v4.6.1, .NETFramework,Version=v4.6.2, .NETFramework,Version=v4.7, .NETFramework,Version=v4.7.1, .NETFramework,Version=v4.7.2, .NETFramework,Version=v4.8, .NETFramework,Version=v4.8.1' instead of the project target framework 'net8.0'. This package may not be fully compatible with your project. [C:\Users\ultra\warewolf\Dev\Warewolf.QueueWorker.Tests\Warewolf.QueueWorker.Tests.csproj]
C:\Users\ultra\warewolf\Dev\Dev2.Diagnostics\Dev2.Diagnostics.csproj : warning NU1701: Package 'GroupControls 1.9.0' was restored using '.NETFramework,Version=v4.6.1, .NETFramework,Version=v4.6.2, .NETFramework,Version=v4.7, .NETFramework,Version=v4.7.1, .NETFramework,Version=v4.7.2, .NETFramework,Version=v4.8, .NETFramework,Version=v4.8.1' instead of the project target framework 'net8.0'. This package may not be fully compatible with your project. [C:\Users\ultra\warewolf\Dev\Warewolf.QueueWorker.Tests\Warewolf.QueueWorker.Tests.csproj]
C:\Users\ultra\warewolf\Dev\Dev2.Diagnostics\Dev2.Diagnostics.csproj : warning NU1701: Package 'TaskSchedulerEditor 2.10.1' was restored using '.NETFramework,Version=v4.6.1, .NETFramework,Version=v4.6.2, .NETFramework,Version=v4.7, .NETFramework,Version=v4.7.1, .NETFramework,Version=v4.7.2, .NETFramework,Version=v4.8, .NETFramework,Version=v4.8.1' instead of the project target framework 'net8.0'. This package may not be fully compatible with your project. [C:\Users\ultra\warewolf\Dev\Warewolf.QueueWorker.Tests\Warewolf.QueueWorker.Tests.csproj]
C:\Users\ultra\warewolf\Dev\Warewolf.Data\Warewolf.Data.csproj : warning NU1701: Package 'AeroWizard 2.3.1' was restored using '.NETFramework,Version=v4.6.1, .NETFramework,Version=v4.6.2, .NETFramework,Version=v4.7, .NETFramework,Version=v4.7.1, .NETFramework,Version=v4.7.2, .NETFramework,Version=v4.8, .NETFramework,Version=v4.8.1' instead of the project target framework 'net8.0'. This package may not be fully compatible with your project. [C:\Users\ultra\warewolf\Dev\Warewolf.QueueWorker.Tests\Warewolf.QueueWorker.Tests.csproj]
C:\Users\ultra\warewolf\Dev\Warewolf.Data\Warewolf.Data.csproj : warning NU1701: Package 'GroupControls 1.9.0' was restored using '.NETFramework,Version=v4.6.1, .NETFramework,Version=v4.6.2, .NETFramework,Version=v4.7, .NETFramework,Version=v4.7.1, .NETFramework,Version=v4.7.2, .NETFramework,Version=v4.8, .NETFramework,Version=v4.8.1' instead of the project target framework 'net8.0'. This package may not be fully compatible with your project. [C:\Users\ultra\warewolf\Dev\Warewolf.QueueWorker.Tests\Warewolf.QueueWorker.Tests.csproj]
C:\Users\ultra\warewolf\Dev\Warewolf.Data\Warewolf.Data.csproj : warning NU1701: Package 'TaskSchedulerEditor 2.10.1' was restored using '.NETFramework,Version=v4.6.1, .NETFramework,Version=v4.6.2, .NETFramework,Version=v4.7, .NETFramework,Version=v4.7.1, .NETFramework,Version=v4.7.2, .NETFramework,Version=v4.8, .NETFramework,Version=v4.8.1' instead of the project target framework 'net8.0'. This package may not be fully compatible with your project. [C:\Users\ultra\warewolf\Dev\Warewolf.QueueWorker.Tests\Warewolf.QueueWorker.Tests.csproj]
C:\Users\ultra\warewolf\Dev\Warewolf.Licensing\Warewolf.Licensing.csproj : warning NU1701: Package 'AeroWizard 2.3.1' was restored using '.NETFramework,Version=v4.6.1, .NETFramework,Version=v4.6.2, .NETFramework,Version=v4.7, .NETFramework,Version=v4.7.1, .NETFramework,Version=v4.7.2, .NETFramework,Version=v4.8, .NETFramework,Version=v4.8.1' instead of the project target framework 'net8.0'. This package may not be fully compatible with your project. [C:\Users\ultra\warewolf\Dev\Warewolf.QueueWorker.Tests\Warewolf.QueueWorker.Tests.csproj]
C:\Users\ultra\warewolf\Dev\Warewolf.Licensing\Warewolf.Licensing.csproj : warning NU1701: Package 'GroupControls 1.9.0' was restored using '.NETFramework,Version=v4.6.1, .NETFramework,Version=v4.6.2, .NETFramework,Version=v4.7, .NETFramework,Version=v4.7.1, .NETFramework,Version=v4.7.2, .NETFramework,Version=v4.8, .NETFramework,Version=v4.8.1' instead of the project target framework 'net8.0'. This package may not be fully compatible with your project. [C:\Users\ultra\warewolf\Dev\Warewolf.QueueWorker.Tests\Warewolf.QueueWorker.Tests.csproj]
C:\Users\ultra\warewolf\Dev\Warewolf.Licensing\Warewolf.Licensing.csproj : warning NU1701: Package 'TaskSchedulerEditor 2.10.1' was restored using '.NETFramework,Version=v4.6.1, .NETFramework,Version=v4.6.2, .NETFramework,Version=v4.7, .NETFramework,Version=v4.7.1, .NETFramework,Version=v4.7.2, .NETFramework,Version=v4.8, .NETFramework,Version=v4.8.1' instead of the project target framework 'net8.0'. This package may not be fully compatible with your project. [C:\Users\ultra\warewolf\Dev\Warewolf.QueueWorker.Tests\Warewolf.QueueWorker.Tests.csproj]
C:\Users\ultra\warewolf\Dev\Dev2.Common.Interfaces\Dev2.Common.Interfaces.csproj : warning NU1903: Package 'Microsoft.Windows.Compatibility' 6.0.0 has a known high severity vulnerability, https://github.com/advisories/GHSA-555c-2p6r-68mm [C:\Users\ultra\warewolf\Dev\Warewolf.QueueWorker.Tests\Warewolf.QueueWorker.Tests.csproj]
C:\Users\ultra\warewolf\Dev\Dev2.Common.Interfaces\Dev2.Common.Interfaces.csproj : warning NU1701: Package 'AeroWizard 2.3.1' was restored using '.NETFramework,Version=v4.6.1, .NETFramework,Version=v4.6.2, .NETFramework,Version=v4.7, .NETFramework,Version=v4.7.1, .NETFramework,Version=v4.7.2, .NETFramework,Version=v4.8, .NETFramework,Version=v4.8.1' instead of the project target framework 'net8.0'. This package may not be fully compatible with your project. [C:\Users\ultra\warewolf\Dev\Warewolf.QueueWorker.Tests\Warewolf.QueueWorker.Tests.csproj]
C:\Users\ultra\warewolf\Dev\Dev2.Common.Interfaces\Dev2.Common.Interfaces.csproj : warning NU1701: Package 'GroupControls 1.9.0' was restored using '.NETFramework,Version=v4.6.1, .NETFramework,Version=v4.6.2, .NETFramework,Version=v4.7, .NETFramework,Version=v4.7.1, .NETFramework,Version=v4.7.2, .NETFramework,Version=v4.8, .NETFramework,Version=v4.8.1' instead of the project target framework 'net8.0'. This package may not be fully compatible with your project. [C:\Users\ultra\warewolf\Dev\Warewolf.QueueWorker.Tests\Warewolf.QueueWorker.Tests.csproj]
C:\Users\ultra\warewolf\Dev\Dev2.Common.Interfaces\Dev2.Common.Interfaces.csproj : warning NU1701: Package 'TaskSchedulerEditor 2.10.1' was restored using '.NETFramework,Version=v4.6.1, .NETFramework,Version=v4.6.2, .NETFramework,Version=v4.7, .NETFramework,Version=v4.7.1, .NETFramework,Version=v4.7.2, .NETFramework,Version=v4.8, .NETFramework,Version=v4.8.1' instead of the project target framework 'net8.0'. This package may not be fully compatible with your project. [C:\Users\ultra\warewolf\Dev\Warewolf.QueueWorker.Tests\Warewolf.QueueWorker.Tests.csproj]
C:\Users\ultra\warewolf\Dev\Dev2.Common\Dev2.Common.csproj : warning NU1903: Package 'Microsoft.Windows.Compatibility' 6.0.0 has a known high severity vulnerability, https://github.com/advisories/GHSA-555c-2p6r-68mm [C:\Users\ultra\warewolf\Dev\Warewolf.QueueWorker.Tests\Warewolf.QueueWorker.Tests.csproj]
C:\Users\ultra\warewolf\Dev\Dev2.Common\Dev2.Common.csproj : warning NU1701: Package 'AeroWizard 2.3.1' was restored using '.NETFramework,Version=v4.6.1, .NETFramework,Version=v4.6.2, .NETFramework,Version=v4.7, .NETFramework,Version=v4.7.1, .NETFramework,Version=v4.7.2, .NETFramework,Version=v4.8, .NETFramework,Version=v4.8.1' instead of the project target framework 'net8.0'. This package may not be fully compatible with your project. [C:\Users\ultra\warewolf\Dev\Warewolf.QueueWorker.Tests\Warewolf.QueueWorker.Tests.csproj]
C:\Users\ultra\warewolf\Dev\Dev2.Common\Dev2.Common.csproj : warning NU1701: Package 'GroupControls 1.9.0' was restored using '.NETFramework,Version=v4.6.1, .NETFramework,Version=v4.6.2, .NETFramework,Version=v4.7, .NETFramework,Version=v4.7.1, .NETFramework,Version=v4.7.2, .NETFramework,Version=v4.8, .NETFramework,Version=v4.8.1' instead of the project target framework 'net8.0'. This package may not be fully compatible with your project. [C:\Users\ultra\warewolf\Dev\Warewolf.QueueWorker.Tests\Warewolf.QueueWorker.Tests.csproj]
C:\Users\ultra\warewolf\Dev\Dev2.Common\Dev2.Common.csproj : warning NU1701: Package 'TaskSchedulerEditor 2.10.1' was restored using '.NETFramework,Version=v4.6.1, .NETFramework,Version=v4.6.2, .NETFramework,Version=v4.7, .NETFramework,Version=v4.7.1, .NETFramework,Version=v4.7.2, .NETFramework,Version=v4.8, .NETFramework,Version=v4.8.1' instead of the project target framework 'net8.0'. This package may not be fully compatible with your project. [C:\Users\ultra\warewolf\Dev\Warewolf.QueueWorker.Tests\Warewolf.QueueWorker.Tests.csproj]
C:\Users\ultra\warewolf\Dev\Warewolf.Driver.Persistence\Warewolf.Driver.Persistence.csproj : warning NU1701: Package 'AeroWizard 2.3.1' was restored using '.NETFramework,Version=v4.6.1, .NETFramework,Version=v4.6.2, .NETFramework,Version=v4.7, .NETFramework,Version=v4.7.1, .NETFramework,Version=v4.7.2, .NETFramework,Version=v4.8, .NETFramework,Version=v4.8.1' instead of the project target framework 'net8.0'. This package may not be fully compatible with your project. [C:\Users\ultra\warewolf\Dev\Warewolf.QueueWorker.Tests\Warewolf.QueueWorker.Tests.csproj]
C:\Users\ultra\warewolf\Dev\Warewolf.Driver.Persistence\Warewolf.Driver.Persistence.csproj : warning NU1701: Package 'GroupControls 1.9.0' was restored using '.NETFramework,Version=v4.6.1, .NETFramework,Version=v4.6.2, .NETFramework,Version=v4.7, .NETFramework,Version=v4.7.1, .NETFramework,Version=v4.7.2, .NETFramework,Version=v4.8, .NETFramework,Version=v4.8.1' instead of the project target framework 'net8.0'. This package may not be fully compatible with your project. [C:\Users\ultra\warewolf\Dev\Warewolf.QueueWorker.Tests\Warewolf.QueueWorker.Tests.csproj]
C:\Users\ultra\warewolf\Dev\Warewolf.Driver.Persistence\Warewolf.Driver.Persistence.csproj : warning NU1701: Package 'ReactiveUI.WPF 18.4.1' was restored using '.NETFramework,Version=v4.6.1, .NETFramework,Version=v4.6.2, .NETFramework,Version=v4.7, .NETFramework,Version=v4.7.1, .NETFramework,Version=v4.7.2, .NETFramework,Version=v4.8, .NETFramework,Version=v4.8.1' instead of the project target framework 'net8.0'. This package may not be fully compatible with your project. [C:\Users\ultra\warewolf\Dev\Warewolf.QueueWorker.Tests\Warewolf.QueueWorker.Tests.csproj]
C:\Users\ultra\warewolf\Dev\Warewolf.Driver.Persistence\Warewolf.Driver.Persistence.csproj : warning NU1701: Package 'TaskSchedulerEditor 2.10.1' was restored using '.NETFramework,Version=v4.6.1, .NETFramework,Version=v4.6.2, .NETFramework,Version=v4.7, .NETFramework,Version=v4.7.1, .NETFramework,Version=v4.7.2, .NETFramework,Version=v4.8, .NETFramework,Version=v4.8.1' instead of the project target framework 'net8.0'. This package may not be fully compatible with your project. [C:\Users\ultra\warewolf\Dev\Warewolf.QueueWorker.Tests\Warewolf.QueueWorker.Tests.csproj]
C:\Users\ultra\warewolf\Dev\Warewolf.Core\Warewolf.Core.csproj : warning NU1903: Package 'Microsoft.Windows.Compatibility' 6.0.0 has a known high severity vulnerability, https://github.com/advisories/GHSA-555c-2p6r-68mm [C:\Users\ultra\warewolf\Dev\Warewolf.QueueWorker.Tests\Warewolf.QueueWorker.Tests.csproj]
C:\Users\ultra\warewolf\Dev\Warewolf.Core\Warewolf.Core.csproj : warning NU1701: Package 'AeroWizard 2.3.1' was restored using '.NETFramework,Version=v4.6.1, .NETFramework,Version=v4.6.2, .NETFramework,Version=v4.7, .NETFramework,Version=v4.7.1, .NETFramework,Version=v4.7.2, .NETFramework,Version=v4.8, .NETFramework,Version=v4.8.1' instead of the project target framework 'net8.0'. This package may not be fully compatible with your project. [C:\Users\ultra\warewolf\Dev\Warewolf.QueueWorker.Tests\Warewolf.QueueWorker.Tests.csproj]
C:\Users\ultra\warewolf\Dev\Warewolf.Core\Warewolf.Core.csproj : warning NU1701: Package 'GroupControls 1.9.0' was restored using '.NETFramework,Version=v4.6.1, .NETFramework,Version=v4.6.2, .NETFramework,Version=v4.7, .NETFramework,Version=v4.7.1, .NETFramework,Version=v4.7.2, .NETFramework,Version=v4.8, .NETFramework,Version=v4.8.1' instead of the project target framework 'net8.0'. This package may not be fully compatible with your project. [C:\Users\ultra\warewolf\Dev\Warewolf.QueueWorker.Tests\Warewolf.QueueWorker.Tests.csproj]
C:\Users\ultra\warewolf\Dev\Warewolf.Core\Warewolf.Core.csproj : warning NU1701: Package 'ReactiveUI.WPF 18.4.1' was restored using '.NETFramework,Version=v4.6.1, .NETFramework,Version=v4.6.2, .NETFramework,Version=v4.7, .NETFramework,Version=v4.7.1, .NETFramework,Version=v4.7.2, .NETFramework,Version=v4.8, .NETFramework,Version=v4.8.1' instead of the project target framework 'net8.0'. This package may not be fully compatible with your project. [C:\Users\ultra\warewolf\Dev\Warewolf.QueueWorker.Tests\Warewolf.QueueWorker.Tests.csproj]
C:\Users\ultra\warewolf\Dev\Warewolf.Core\Warewolf.Core.csproj : warning NU1701: Package 'TaskSchedulerEditor 2.10.1' was restored using '.NETFramework,Version=v4.6.1, .NETFramework,Version=v4.6.2, .NETFramework,Version=v4.7, .NETFramework,Version=v4.7.1, .NETFramework,Version=v4.7.2, .NETFramework,Version=v4.8, .NETFramework,Version=v4.8.1' instead of the project target framework 'net8.0'. This package may not be fully compatible with your project. [C:\Users\ultra\warewolf\Dev\Warewolf.QueueWorker.Tests\Warewolf.QueueWorker.Tests.csproj]
C:\Users\ultra\warewolf\Dev\Dev2.Development.Languages\Dev2.Development.Languages.csproj : warning NU1701: Package 'AeroWizard 2.3.1' was restored using '.NETFramework,Version=v4.6.1, .NETFramework,Version=v4.6.2, .NETFramework,Version=v4.7, .NETFramework,Version=v4.7.1, .NETFramework,Version=v4.7.2, .NETFramework,Version=v4.8, .NETFramework,Version=v4.8.1' instead of the project target framework 'net8.0'. This package may not be fully compatible with your project. [C:\Users\ultra\warewolf\Dev\Warewolf.QueueWorker.Tests\Warewolf.QueueWorker.Tests.csproj]
C:\Users\ultra\warewolf\Dev\Dev2.Development.Languages\Dev2.Development.Languages.csproj : warning NU1701: Package 'GroupControls 1.9.0' was restored using '.NETFramework,Version=v4.6.1, .NETFramework,Version=v4.6.2, .NETFramework,Version=v4.7, .NETFramework,Version=v4.7.1, .NETFramework,Version=v4.7.2, .NETFramework,Version=v4.8, .NETFramework,Version=v4.8.1' instead of the project target framework 'net8.0'. This package may not be fully compatible with your project. [C:\Users\ultra\warewolf\Dev\Warewolf.QueueWorker.Tests\Warewolf.QueueWorker.Tests.csproj]
C:\Users\ultra\warewolf\Dev\Dev2.Development.Languages\Dev2.Development.Languages.csproj : warning NU1701: Package 'TaskSchedulerEditor 2.10.1' was restored using '.NETFramework,Version=v4.6.1, .NETFramework,Version=v4.6.2, .NETFramework,Version=v4.7, .NETFramework,Version=v4.7.1, .NETFramework,Version=v4.7.2, .NETFramework,Version=v4.8, .NETFramework,Version=v4.8.1' instead of the project target framework 'net8.0'. This package may not be fully compatible with your project. [C:\Users\ultra\warewolf\Dev\Warewolf.QueueWorker.Tests\Warewolf.QueueWorker.Tests.csproj]
C:\Users\ultra\warewolf\Dev\Warewolf.UI\Warewolf.UI.csproj : warning NU1701: Package 'AeroWizard 2.3.1' was restored using '.NETFramework,Version=v4.6.1, .NETFramework,Version=v4.6.2, .NETFramework,Version=v4.7, .NETFramework,Version=v4.7.1, .NETFramework,Version=v4.7.2, .NETFramework,Version=v4.8, .NETFramework,Version=v4.8.1' instead of the project target framework 'net8.0'. This package may not be fully compatible with your project. [C:\Users\ultra\warewolf\Dev\Warewolf.QueueWorker.Tests\Warewolf.QueueWorker.Tests.csproj]
C:\Users\ultra\warewolf\Dev\Warewolf.UI\Warewolf.UI.csproj : warning NU1701: Package 'GroupControls 1.9.0' was restored using '.NETFramework,Version=v4.6.1, .NETFramework,Version=v4.6.2, .NETFramework,Version=v4.7, .NETFramework,Version=v4.7.1, .NETFramework,Version=v4.7.2, .NETFramework,Version=v4.8, .NETFramework,Version=v4.8.1' instead of the project target framework 'net8.0'. This package may not be fully compatible with your project. [C:\Users\ultra\warewolf\Dev\Warewolf.QueueWorker.Tests\Warewolf.QueueWorker.Tests.csproj]
C:\Users\ultra\warewolf\Dev\Warewolf.UI\Warewolf.UI.csproj : warning NU1701: Package 'Microsoft.Xaml.Behaviors.Wpf 1.1.122' was restored using '.NETFramework,Version=v4.6.1, .NETFramework,Version=v4.6.2, .NETFramework,Version=v4.7, .NETFramework,Version=v4.7.1, .NETFramework,Version=v4.7.2, .NETFramework,Version=v4.8, .NETFramework,Version=v4.8.1' instead of the project target framework 'net8.0'. This package may not be fully compatible with your project. [C:\Users\ultra\warewolf\Dev\Warewolf.QueueWorker.Tests\Warewolf.QueueWorker.Tests.csproj]
C:\Users\ultra\warewolf\Dev\Warewolf.UI\Warewolf.UI.csproj : warning NU1701: Package 'Prism.Wpf 9.0.537' was restored using '.NETFramework,Version=v4.6.1, .NETFramework,Version=v4.6.2, .NETFramework,Version=v4.7, .NETFramework,Version=v4.7.1, .NETFramework,Version=v4.7.2, .NETFramework,Version=v4.8, .NETFramework,Version=v4.8.1' instead of the project target framework 'net8.0'. This package may not be fully compatible with your project. [C:\Users\ultra\warewolf\Dev\Warewolf.QueueWorker.Tests\Warewolf.QueueWorker.Tests.csproj]
C:\Users\ultra\warewolf\Dev\Warewolf.UI\Warewolf.UI.csproj : warning NU1701: Package 'ReactiveUI.WPF 18.4.1' was restored using '.NETFramework,Version=v4.6.1, .NETFramework,Version=v4.6.2, .NETFramework,Version=v4.7, .NETFramework,Version=v4.7.1, .NETFramework,Version=v4.7.2, .NETFramework,Version=v4.8, .NETFramework,Version=v4.8.1' instead of the project target framework 'net8.0'. This package may not be fully compatible with your project. [C:\Users\ultra\warewolf\Dev\Warewolf.QueueWorker.Tests\Warewolf.QueueWorker.Tests.csproj]
C:\Users\ultra\warewolf\Dev\Warewolf.UI\Warewolf.UI.csproj : warning NU1701: Package 'TaskSchedulerEditor 2.10.1' was restored using '.NETFramework,Version=v4.6.1, .NETFramework,Version=v4.6.2, .NETFramework,Version=v4.7, .NETFramework,Version=v4.7.1, .NETFramework,Version=v4.7.2, .NETFramework,Version=v4.8, .NETFramework,Version=v4.8.1' instead of the project target framework 'net8.0'. This package may not be fully compatible with your project. [C:\Users\ultra\warewolf\Dev\Warewolf.QueueWorker.Tests\Warewolf.QueueWorker.Tests.csproj]
C:\Users\ultra\warewolf\Dev\Warewolf.Common.NetStandard20\Warewolf.Common.NetStandard20.csproj : warning NU1701: Package 'AeroWizard 2.3.1' was restored using '.NETFramework,Version=v4.6.1, .NETFramework,Version=v4.6.2, .NETFramework,Version=v4.7, .NETFramework,Version=v4.7.1, .NETFramework,Version=v4.7.2, .NETFramework,Version=v4.8, .NETFramework,Version=v4.8.1' instead of the project target framework 'net8.0'. This package may not be fully compatible with your project. [C:\Users\ultra\warewolf\Dev\Warewolf.QueueWorker.Tests\Warewolf.QueueWorker.Tests.csproj]
C:\Users\ultra\warewolf\Dev\Warewolf.Common\Warewolf.Common.csproj : warning NU1701: Package 'AeroWizard 2.3.1' was restored using '.NETFramework,Version=v4.6.1, .NETFramework,Version=v4.6.2, .NETFramework,Version=v4.7, .NETFramework,Version=v4.7.1, .NETFramework,Version=v4.7.2, .NETFramework,Version=v4.8, .NETFramework,Version=v4.8.1' instead of the project target framework 'net8.0'. This package may not be fully compatible with your project. [C:\Users\ultra\warewolf\Dev\Warewolf.QueueWorker.Tests\Warewolf.QueueWorker.Tests.csproj]
C:\Users\ultra\warewolf\Dev\Warewolf.Common.NetStandard20\Warewolf.Common.NetStandard20.csproj : warning NU1701: Package 'GroupControls 1.9.0' was restored using '.NETFramework,Version=v4.6.1, .NETFramework,Version=v4.6.2, .NETFramework,Version=v4.7, .NETFramework,Version=v4.7.1, .NETFramework,Version=v4.7.2, .NETFramework,Version=v4.8, .NETFramework,Version=v4.8.1' instead of the project target framework 'net8.0'. This package may not be fully compatible with your project. [C:\Users\ultra\warewolf\Dev\Warewolf.QueueWorker.Tests\Warewolf.QueueWorker.Tests.csproj]
C:\Users\ultra\warewolf\Dev\Warewolf.Common\Warewolf.Common.csproj : warning NU1701: Package 'GroupControls 1.9.0' was restored using '.NETFramework,Version=v4.6.1, .NETFramework,Version=v4.6.2, .NETFramework,Version=v4.7, .NETFramework,Version=v4.7.1, .NETFramework,Version=v4.7.2, .NETFramework,Version=v4.8, .NETFramework,Version=v4.8.1' instead of the project target framework 'net8.0'. This package may not be fully compatible with your project. [C:\Users\ultra\warewolf\Dev\Warewolf.QueueWorker.Tests\Warewolf.QueueWorker.Tests.csproj]
C:\Users\ultra\warewolf\Dev\Warewolf.Common.NetStandard20\Warewolf.Common.NetStandard20.csproj : warning NU1701: Package 'ReactiveUI.WPF 18.4.1' was restored using '.NETFramework,Version=v4.6.1, .NETFramework,Version=v4.6.2, .NETFramework,Version=v4.7, .NETFramework,Version=v4.7.1, .NETFramework,Version=v4.7.2, .NETFramework,Version=v4.8, .NETFramework,Version=v4.8.1' instead of the project target framework 'net8.0'. This package may not be fully compatible with your project. [C:\Users\ultra\warewolf\Dev\Warewolf.QueueWorker.Tests\Warewolf.QueueWorker.Tests.csproj]
C:\Users\ultra\warewolf\Dev\Warewolf.Common\Warewolf.Common.csproj : warning NU1701: Package 'TaskSchedulerEditor 2.10.1' was restored using '.NETFramework,Version=v4.6.1, .NETFramework,Version=v4.6.2, .NETFramework,Version=v4.7, .NETFramework,Version=v4.7.1, .NETFramework,Version=v4.7.2, .NETFramework,Version=v4.8, .NETFramework,Version=v4.8.1' instead of the project target framework 'net8.0'. This package may not be fully compatible with your project. [C:\Users\ultra\warewolf\Dev\Warewolf.QueueWorker.Tests\Warewolf.QueueWorker.Tests.csproj]
C:\Users\ultra\warewolf\Dev\Warewolf.Common.NetStandard20\Warewolf.Common.NetStandard20.csproj : warning NU1701: Package 'TaskSchedulerEditor 2.10.1' was restored using '.NETFramework,Version=v4.6.1, .NETFramework,Version=v4.6.2, .NETFramework,Version=v4.7, .NETFramework,Version=v4.7.1, .NETFramework,Version=v4.7.2, .NETFramework,Version=v4.8, .NETFramework,Version=v4.8.1' instead of the project target framework 'net8.0'. This package may not be fully compatible with your project. [C:\Users\ultra\warewolf\Dev\Warewolf.QueueWorker.Tests\Warewolf.QueueWorker.Tests.csproj]
C:\Users\ultra\warewolf\Dev\Warewolf.Trigger.Queue\Warewolf.Trigger.Queue.csproj : warning NU1701: Package 'AeroWizard 2.3.1' was restored using '.NETFramework,Version=v4.6.1, .NETFramework,Version=v4.6.2, .NETFramework,Version=v4.7, .NETFramework,Version=v4.7.1, .NETFramework,Version=v4.7.2, .NETFramework,Version=v4.8, .NETFramework,Version=v4.8.1' instead of the project target framework 'net8.0'. This package may not be fully compatible with your project. [C:\Users\ultra\warewolf\Dev\Warewolf.QueueWorker.Tests\Warewolf.QueueWorker.Tests.csproj]
C:\Users\ultra\warewolf\Dev\Warewolf.Trigger.Queue\Warewolf.Trigger.Queue.csproj : warning NU1701: Package 'GroupControls 1.9.0' was restored using '.NETFramework,Version=v4.6.1, .NETFramework,Version=v4.6.2, .NETFramework,Version=v4.7, .NETFramework,Version=v4.7.1, .NETFramework,Version=v4.7.2, .NETFramework,Version=v4.8, .NETFramework,Version=v4.8.1' instead of the project target framework 'net8.0'. This package may not be fully compatible with your project. [C:\Users\ultra\warewolf\Dev\Warewolf.QueueWorker.Tests\Warewolf.QueueWorker.Tests.csproj]
C:\Users\ultra\warewolf\Dev\Warewolf.Trigger.Queue\Warewolf.Trigger.Queue.csproj : warning NU1701: Package 'Microsoft.Xaml.Behaviors.Wpf 1.1.122' was restored using '.NETFramework,Version=v4.6.1, .NETFramework,Version=v4.6.2, .NETFramework,Version=v4.7, .NETFramework,Version=v4.7.1, .NETFramework,Version=v4.7.2, .NETFramework,Version=v4.8, .NETFramework,Version=v4.8.1' instead of the project target framework 'net8.0'. This package may not be fully compatible with your project. [C:\Users\ultra\warewolf\Dev\Warewolf.QueueWorker.Tests\Warewolf.QueueWorker.Tests.csproj]
C:\Users\ultra\warewolf\Dev\Warewolf.Trigger.Queue\Warewolf.Trigger.Queue.csproj : warning NU1701: Package 'Prism.Wpf 9.0.537' was restored using '.NETFramework,Version=v4.6.1, .NETFramework,Version=v4.6.2, .NETFramework,Version=v4.7, .NETFramework,Version=v4.7.1, .NETFramework,Version=v4.7.2, .NETFramework,Version=v4.8, .NETFramework,Version=v4.8.1' instead of the project target framework 'net8.0'. This package may not be fully compatible with your project. [C:\Users\ultra\warewolf\Dev\Warewolf.QueueWorker.Tests\Warewolf.QueueWorker.Tests.csproj]
C:\Users\ultra\warewolf\Dev\Warewolf.Trigger.Queue\Warewolf.Trigger.Queue.csproj : warning NU1701: Package 'ReactiveUI.WPF 18.4.1' was restored using '.NETFramework,Version=v4.6.1, .NETFramework,Version=v4.6.2, .NETFramework,Version=v4.7, .NETFramework,Version=v4.7.1, .NETFramework,Version=v4.7.2, .NETFramework,Version=v4.8, .NETFramework,Version=v4.8.1' instead of the project target framework 'net8.0'. This package may not be fully compatible with your project. [C:\Users\ultra\warewolf\Dev\Warewolf.QueueWorker.Tests\Warewolf.QueueWorker.Tests.csproj]
C:\Users\ultra\warewolf\Dev\Warewolf.Trigger.Queue\Warewolf.Trigger.Queue.csproj : warning NU1701: Package 'TaskSchedulerEditor 2.10.1' was restored using '.NETFramework,Version=v4.6.1, .NETFramework,Version=v4.6.2, .NETFramework,Version=v4.7, .NETFramework,Version=v4.7.1, .NETFramework,Version=v4.7.2, .NETFramework,Version=v4.8, .NETFramework,Version=v4.8.1' instead of the project target framework 'net8.0'. This package may not be fully compatible with your project. [C:\Users\ultra\warewolf\Dev\Warewolf.QueueWorker.Tests\Warewolf.QueueWorker.Tests.csproj]
C:\Users\ultra\warewolf\Dev\Warewolf.QueueWorker\Warewolf.QueueWorker.csproj : warning NU1701: Package 'AeroWizard 2.3.1' was restored using '.NETFramework,Version=v4.6.1, .NETFramework,Version=v4.6.2, .NETFramework,Version=v4.7, .NETFramework,Version=v4.7.1, .NETFramework,Version=v4.7.2, .NETFramework,Version=v4.8, .NETFramework,Version=v4.8.1' instead of the project target framework 'net8.0'. This package may not be fully compatible with your project. [C:\Users\ultra\warewolf\Dev\Warewolf.QueueWorker.Tests\Warewolf.QueueWorker.Tests.csproj]
C:\Users\ultra\warewolf\Dev\Warewolf.QueueWorker\Warewolf.QueueWorker.csproj : warning NU1701: Package 'GroupControls 1.9.0' was restored using '.NETFramework,Version=v4.6.1, .NETFramework,Version=v4.6.2, .NETFramework,Version=v4.7, .NETFramework,Version=v4.7.1, .NETFramework,Version=v4.7.2, .NETFramework,Version=v4.8, .NETFramework,Version=v4.8.1' instead of the project target framework 'net8.0'. This package may not be fully compatible with your project. [C:\Users\ultra\warewolf\Dev\Warewolf.QueueWorker.Tests\Warewolf.QueueWorker.Tests.csproj]
C:\Users\ultra\warewolf\Dev\Warewolf.QueueWorker\Warewolf.QueueWorker.csproj : warning NU1701: Package 'Microsoft.Xaml.Behaviors.Wpf 1.1.122' was restored using '.NETFramework,Version=v4.6.1, .NETFramework,Version=v4.6.2, .NETFramework,Version=v4.7, .NETFramework,Version=v4.7.1, .NETFramework,Version=v4.7.2, .NETFramework,Version=v4.8, .NETFramework,Version=v4.8.1' instead of the project target framework 'net8.0'. This package may not be fully compatible with your project. [C:\Users\ultra\warewolf\Dev\Warewolf.QueueWorker.Tests\Warewolf.QueueWorker.Tests.csproj]
C:\Users\ultra\warewolf\Dev\Warewolf.QueueWorker\Warewolf.QueueWorker.csproj : warning NU1701: Package 'Prism.Wpf 9.0.537' was restored using '.NETFramework,Version=v4.6.1, .NETFramework,Version=v4.6.2, .NETFramework,Version=v4.7, .NETFramework,Version=v4.7.1, .NETFramework,Version=v4.7.2, .NETFramework,Version=v4.8, .NETFramework,Version=v4.8.1' instead of the project target framework 'net8.0'. This package may not be fully compatible with your project. [C:\Users\ultra\warewolf\Dev\Warewolf.QueueWorker.Tests\Warewolf.QueueWorker.Tests.csproj]
C:\Users\ultra\warewolf\Dev\Warewolf.QueueWorker\Warewolf.QueueWorker.csproj : warning NU1701: Package 'ReactiveUI.WPF 18.4.1' was restored using '.NETFramework,Version=v4.6.1, .NETFramework,Version=v4.6.2, .NETFramework,Version=v4.7, .NETFramework,Version=v4.7.1, .NETFramework,Version=v4.7.2, .NETFramework,Version=v4.8, .NETFramework,Version=v4.8.1' instead of the project target framework 'net8.0'. This package may not be fully compatible with your project. [C:\Users\ultra\warewolf\Dev\Warewolf.QueueWorker.Tests\Warewolf.QueueWorker.Tests.csproj]
C:\Users\ultra\warewolf\Dev\Warewolf.QueueWorker\Warewolf.QueueWorker.csproj : warning NU1701: Package 'TaskSchedulerEditor 2.10.1' was restored using '.NETFramework,Version=v4.6.1, .NETFramework,Version=v4.6.2, .NETFramework,Version=v4.7, .NETFramework,Version=v4.7.1, .NETFramework,Version=v4.7.2, .NETFramework,Version=v4.8, .NETFramework,Version=v4.8.1' instead of the project target framework 'net8.0'. This package may not be fully compatible with your project. [C:\Users\ultra\warewolf\Dev\Warewolf.QueueWorker.Tests\Warewolf.QueueWorker.Tests.csproj]
C:\Users\ultra\warewolf\Dev\Dev2.Activities\Dev2.Activities.csproj : warning NU1903: Package 'Microsoft.Windows.Compatibility' 6.0.0 has a known high severity vulnerability, https://github.com/advisories/GHSA-555c-2p6r-68mm [C:\Users\ultra\warewolf\Dev\Warewolf.QueueWorker.Tests\Warewolf.QueueWorker.Tests.csproj]
C:\Users\ultra\warewolf\Dev\Dev2.Activities\Dev2.Activities.csproj : warning NU1701: Package 'AeroWizard 2.3.1' was restored using '.NETFramework,Version=v4.6.1, .NETFramework,Version=v4.6.2, .NETFramework,Version=v4.7, .NETFramework,Version=v4.7.1, .NETFramework,Version=v4.7.2, .NETFramework,Version=v4.8, .NETFramework,Version=v4.8.1' instead of the project target framework 'net8.0'. This package may not be fully compatible with your project. [C:\Users\ultra\warewolf\Dev\Warewolf.QueueWorker.Tests\Warewolf.QueueWorker.Tests.csproj]
C:\Users\ultra\warewolf\Dev\Dev2.Activities\Dev2.Activities.csproj : warning NU1701: Package 'GroupControls 1.9.0' was restored using '.NETFramework,Version=v4.6.1, .NETFramework,Version=v4.6.2, .NETFramework,Version=v4.7, .NETFramework,Version=v4.7.1, .NETFramework,Version=v4.7.2, .NETFramework,Version=v4.8, .NETFramework,Version=v4.8.1' instead of the project target framework 'net8.0'. This package may not be fully compatible with your project. [C:\Users\ultra\warewolf\Dev\Warewolf.QueueWorker.Tests\Warewolf.QueueWorker.Tests.csproj]
C:\Users\ultra\warewolf\Dev\Dev2.Activities\Dev2.Activities.csproj : warning NU1701: Package 'ReactiveUI.WPF 18.4.1' was restored using '.NETFramework,Version=v4.6.1, .NETFramework,Version=v4.6.2, .NETFramework,Version=v4.7, .NETFramework,Version=v4.7.1, .NETFramework,Version=v4.7.2, .NETFramework,Version=v4.8, .NETFramework,Version=v4.8.1' instead of the project target framework 'net8.0'. This package may not be fully compatible with your project. [C:\Users\ultra\warewolf\Dev\Warewolf.QueueWorker.Tests\Warewolf.QueueWorker.Tests.csproj]
C:\Users\ultra\warewolf\Dev\Dev2.Activities\Dev2.Activities.csproj : warning NU1701: Package 'TaskSchedulerEditor 2.10.1' was restored using '.NETFramework,Version=v4.6.1, .NETFramework,Version=v4.6.2, .NETFramework,Version=v4.7, .NETFramework,Version=v4.7.1, .NETFramework,Version=v4.7.2, .NETFramework,Version=v4.8, .NETFramework,Version=v4.8.1' instead of the project target framework 'net8.0'. This package may not be fully compatible with your project. [C:\Users\ultra\warewolf\Dev\Warewolf.QueueWorker.Tests\Warewolf.QueueWorker.Tests.csproj]
C:\Users\ultra\warewolf\Dev\Dev2.Data.Interfaces\Dev2.Data.Interfaces.csproj : warning NU1903: Package 'DotNetZip' 1.16.0 has a known high severity vulnerability, https://github.com/advisories/GHSA-xhg6-9j5j-w4vf [C:\Users\ultra\warewolf\Dev\Warewolf.QueueWorker.Tests\Warewolf.QueueWorker.Tests.csproj]
C:\Users\ultra\warewolf\Dev\Dev2.Data.Interfaces\Dev2.Data.Interfaces.csproj : warning NU1701: Package 'AeroWizard 2.3.1' was restored using '.NETFramework,Version=v4.6.1, .NETFramework,Version=v4.6.2, .NETFramework,Version=v4.7, .NETFramework,Version=v4.7.1, .NETFramework,Version=v4.7.2, .NETFramework,Version=v4.8, .NETFramework,Version=v4.8.1' instead of the project target framework 'net8.0'. This package may not be fully compatible with your project. [C:\Users\ultra\warewolf\Dev\Warewolf.QueueWorker.Tests\Warewolf.QueueWorker.Tests.csproj]
C:\Users\ultra\warewolf\Dev\Dev2.Data.Interfaces\Dev2.Data.Interfaces.csproj : warning NU1701: Package 'GroupControls 1.9.0' was restored using '.NETFramework,Version=v4.6.1, .NETFramework,Version=v4.6.2, .NETFramework,Version=v4.7, .NETFramework,Version=v4.7.1, .NETFramework,Version=v4.7.2, .NETFramework,Version=v4.8, .NETFramework,Version=v4.8.1' instead of the project target framework 'net8.0'. This package may not be fully compatible with your project. [C:\Users\ultra\warewolf\Dev\Warewolf.QueueWorker.Tests\Warewolf.QueueWorker.Tests.csproj]
C:\Users\ultra\warewolf\Dev\Dev2.Data.Interfaces\Dev2.Data.Interfaces.csproj : warning NU1701: Package 'TaskSchedulerEditor 2.10.1' was restored using '.NETFramework,Version=v4.6.1, .NETFramework,Version=v4.6.2, .NETFramework,Version=v4.7, .NETFramework,Version=v4.7.1, .NETFramework,Version=v4.7.2, .NETFramework,Version=v4.8, .NETFramework,Version=v4.8.1' instead of the project target framework 'net8.0'. This package may not be fully compatible with your project. [C:\Users\ultra\warewolf\Dev\Warewolf.QueueWorker.Tests\Warewolf.QueueWorker.Tests.csproj]
C:\Users\ultra\warewolf\Dev\Dev2.Data\Dev2.Data.csproj : warning NU1701: Package 'AeroWizard 2.3.1' was restored using '.NETFramework,Version=v4.6.1, .NETFramework,Version=v4.6.2, .NETFramework,Version=v4.7, .NETFramework,Version=v4.7.1, .NETFramework,Version=v4.7.2, .NETFramework,Version=v4.8, .NETFramework,Version=v4.8.1' instead of the project target framework 'net8.0'. This package may not be fully compatible with your project. [C:\Users\ultra\warewolf\Dev\Warewolf.QueueWorker.Tests\Warewolf.QueueWorker.Tests.csproj]
C:\Users\ultra\warewolf\Dev\Dev2.Data\Dev2.Data.csproj : warning NU1701: Package 'GroupControls 1.9.0' was restored using '.NETFramework,Version=v4.6.1, .NETFramework,Version=v4.6.2, .NETFramework,Version=v4.7, .NETFramework,Version=v4.7.1, .NETFramework,Version=v4.7.2, .NETFramework,Version=v4.8, .NETFramework,Version=v4.8.1' instead of the project target framework 'net8.0'. This package may not be fully compatible with your project. [C:\Users\ultra\warewolf\Dev\Warewolf.QueueWorker.Tests\Warewolf.QueueWorker.Tests.csproj]
C:\Users\ultra\warewolf\Dev\Dev2.Data\Dev2.Data.csproj : warning NU1701: Package 'ReactiveUI.WPF 18.4.1' was restored using '.NETFramework,Version=v4.6.1, .NETFramework,Version=v4.6.2, .NETFramework,Version=v4.7, .NETFramework,Version=v4.7.1, .NETFramework,Version=v4.7.2, .NETFramework,Version=v4.8, .NETFramework,Version=v4.8.1' instead of the project target framework 'net8.0'. This package may not be fully compatible with your project. [C:\Users\ultra\warewolf\Dev\Warewolf.QueueWorker.Tests\Warewolf.QueueWorker.Tests.csproj]
C:\Users\ultra\warewolf\Dev\Dev2.Data\Dev2.Data.csproj : warning NU1701: Package 'TaskSchedulerEditor 2.10.1' was restored using '.NETFramework,Version=v4.6.1, .NETFramework,Version=v4.6.2, .NETFramework,Version=v4.7, .NETFramework,Version=v4.7.1, .NETFramework,Version=v4.7.2, .NETFramework,Version=v4.8, .NETFramework,Version=v4.8.1' instead of the project target framework 'net8.0'. This package may not be fully compatible with your project. [C:\Users\ultra\warewolf\Dev\Warewolf.QueueWorker.Tests\Warewolf.QueueWorker.Tests.csproj]
C:\Users\ultra\warewolf\Dev\Dev2.CustomControls\Dev2.CustomControls.csproj : warning NU1903: Package 'Microsoft.Windows.Compatibility' 6.0.0 has a known high severity vulnerability, https://github.com/advisories/GHSA-555c-2p6r-68mm [C:\Users\ultra\warewolf\Dev\Warewolf.QueueWorker.Tests\Warewolf.QueueWorker.Tests.csproj]
C:\Users\ultra\warewolf\Dev\Dev2.CustomControls\Dev2.CustomControls.csproj : warning NU1701: Package 'AeroWizard 2.3.1' was restored using '.NETFramework,Version=v4.6.1, .NETFramework,Version=v4.6.2, .NETFramework,Version=v4.7, .NETFramework,Version=v4.7.1, .NETFramework,Version=v4.7.2, .NETFramework,Version=v4.8, .NETFramework,Version=v4.8.1' instead of the project target framework 'net8.0'. This package may not be fully compatible with your project. [C:\Users\ultra\warewolf\Dev\Warewolf.QueueWorker.Tests\Warewolf.QueueWorker.Tests.csproj]
C:\Users\ultra\warewolf\Dev\Dev2.CustomControls\Dev2.CustomControls.csproj : warning NU1701: Package 'GroupControls 1.9.0' was restored using '.NETFramework,Version=v4.6.1, .NETFramework,Version=v4.6.2, .NETFramework,Version=v4.7, .NETFramework,Version=v4.7.1, .NETFramework,Version=v4.7.2, .NETFramework,Version=v4.8, .NETFramework,Version=v4.8.1' instead of the project target framework 'net8.0'. This package may not be fully compatible with your project. [C:\Users\ultra\warewolf\Dev\Warewolf.QueueWorker.Tests\Warewolf.QueueWorker.Tests.csproj]
C:\Users\ultra\warewolf\Dev\Dev2.CustomControls\Dev2.CustomControls.csproj : warning NU1701: Package 'TaskSchedulerEditor 2.10.1' was restored using '.NETFramework,Version=v4.6.1, .NETFramework,Version=v4.6.2, .NETFramework,Version=v4.7, .NETFramework,Version=v4.7.1, .NETFramework,Version=v4.7.2, .NETFramework,Version=v4.8, .NETFramework,Version=v4.8.1' instead of the project target framework 'net8.0'. This package may not be fully compatible with your project. [C:\Users\ultra\warewolf\Dev\Warewolf.QueueWorker.Tests\Warewolf.QueueWorker.Tests.csproj]
C:\Users\ultra\warewolf\Dev\Dev2.Core\Dev2.Core.csproj : warning NU1903: Package 'Microsoft.Windows.Compatibility' 6.0.0 has a known high severity vulnerability, https://github.com/advisories/GHSA-555c-2p6r-68mm [C:\Users\ultra\warewolf\Dev\Warewolf.QueueWorker.Tests\Warewolf.QueueWorker.Tests.csproj]
C:\Users\ultra\warewolf\Dev\Dev2.Core\Dev2.Core.csproj : warning NU1701: Package 'AeroWizard 2.3.1' was restored using '.NETFramework,Version=v4.6.1, .NETFramework,Version=v4.6.2, .NETFramework,Version=v4.7, .NETFramework,Version=v4.7.1, .NETFramework,Version=v4.7.2, .NETFramework,Version=v4.8, .NETFramework,Version=v4.8.1' instead of the project target framework 'net8.0'. This package may not be fully compatible with your project. [C:\Users\ultra\warewolf\Dev\Warewolf.QueueWorker.Tests\Warewolf.QueueWorker.Tests.csproj]
C:\Users\ultra\warewolf\Dev\Dev2.Core\Dev2.Core.csproj : warning NU1701: Package 'GroupControls 1.9.0' was restored using '.NETFramework,Version=v4.6.1, .NETFramework,Version=v4.6.2, .NETFramework,Version=v4.7, .NETFramework,Version=v4.7.1, .NETFramework,Version=v4.7.2, .NETFramework,Version=v4.8, .NETFramework,Version=v4.8.1' instead of the project target framework 'net8.0'. This package may not be fully compatible with your project. [C:\Users\ultra\warewolf\Dev\Warewolf.QueueWorker.Tests\Warewolf.QueueWorker.Tests.csproj]
C:\Users\ultra\warewolf\Dev\Dev2.Core\Dev2.Core.csproj : warning NU1701: Package 'ReactiveUI.WPF 18.4.1' was restored using '.NETFramework,Version=v4.6.1, .NETFramework,Version=v4.6.2, .NETFramework,Version=v4.7, .NETFramework,Version=v4.7.1, .NETFramework,Version=v4.7.2, .NETFramework,Version=v4.8, .NETFramework,Version=v4.8.1' instead of the project target framework 'net8.0'. This package may not be fully compatible with your project. [C:\Users\ultra\warewolf\Dev\Warewolf.QueueWorker.Tests\Warewolf.QueueWorker.Tests.csproj]
C:\Users\ultra\warewolf\Dev\Dev2.Core\Dev2.Core.csproj : warning NU1701: Package 'TaskSchedulerEditor 2.10.1' was restored using '.NETFramework,Version=v4.6.1, .NETFramework,Version=v4.6.2, .NETFramework,Version=v4.7, .NETFramework,Version=v4.7.1, .NETFramework,Version=v4.7.2, .NETFramework,Version=v4.8, .NETFramework,Version=v4.8.1' instead of the project target framework 'net8.0'. This package may not be fully compatible with your project. [C:\Users\ultra\warewolf\Dev\Warewolf.QueueWorker.Tests\Warewolf.QueueWorker.Tests.csproj]
C:\Users\ultra\warewolf\Dev\Dev2.Services.Execution\Dev2.Services.Execution.csproj : warning NU1701: Package 'AeroWizard 2.3.1' was restored using '.NETFramework,Version=v4.6.1, .NETFramework,Version=v4.6.2, .NETFramework,Version=v4.7, .NETFramework,Version=v4.7.1, .NETFramework,Version=v4.7.2, .NETFramework,Version=v4.8, .NETFramework,Version=v4.8.1' instead of the project target framework 'net8.0'. This package may not be fully compatible with your project. [C:\Users\ultra\warewolf\Dev\Warewolf.QueueWorker.Tests\Warewolf.QueueWorker.Tests.csproj]
C:\Users\ultra\warewolf\Dev\Dev2.Services.Execution\Dev2.Services.Execution.csproj : warning NU1701: Package 'GroupControls 1.9.0' was restored using '.NETFramework,Version=v4.6.1, .NETFramework,Version=v4.6.2, .NETFramework,Version=v4.7, .NETFramework,Version=v4.7.1, .NETFramework,Version=v4.7.2, .NETFramework,Version=v4.8, .NETFramework,Version=v4.8.1' instead of the project target framework 'net8.0'. This package may not be fully compatible with your project. [C:\Users\ultra\warewolf\Dev\Warewolf.QueueWorker.Tests\Warewolf.QueueWorker.Tests.csproj]
C:\Users\ultra\warewolf\Dev\Dev2.Services.Execution\Dev2.Services.Execution.csproj : warning NU1701: Package 'ReactiveUI.WPF 18.4.1' was restored using '.NETFramework,Version=v4.6.1, .NETFramework,Version=v4.6.2, .NETFramework,Version=v4.7, .NETFramework,Version=v4.7.1, .NETFramework,Version=v4.7.2, .NETFramework,Version=v4.8, .NETFramework,Version=v4.8.1' instead of the project target framework 'net8.0'. This package may not be fully compatible with your project. [C:\Users\ultra\warewolf\Dev\Warewolf.QueueWorker.Tests\Warewolf.QueueWorker.Tests.csproj]
C:\Users\ultra\warewolf\Dev\Dev2.Services.Execution\Dev2.Services.Execution.csproj : warning NU1701: Package 'TaskSchedulerEditor 2.10.1' was restored using '.NETFramework,Version=v4.6.1, .NETFramework,Version=v4.6.2, .NETFramework,Version=v4.7, .NETFramework,Version=v4.7.1, .NETFramework,Version=v4.7.2, .NETFramework,Version=v4.8, .NETFramework,Version=v4.8.1' instead of the project target framework 'net8.0'. This package may not be fully compatible with your project. [C:\Users\ultra\warewolf\Dev\Warewolf.QueueWorker.Tests\Warewolf.QueueWorker.Tests.csproj]
C:\Users\ultra\warewolf\Dev\Dev2.Util\Dev2.Util.csproj : warning NU1903: Package 'Microsoft.Windows.Compatibility' 6.0.0 has a known high severity vulnerability, https://github.com/advisories/GHSA-555c-2p6r-68mm [C:\Users\ultra\warewolf\Dev\Warewolf.QueueWorker.Tests\Warewolf.QueueWorker.Tests.csproj]
C:\Users\ultra\warewolf\Dev\Dev2.Util\Dev2.Util.csproj : warning NU1701: Package 'AeroWizard 2.3.1' was restored using '.NETFramework,Version=v4.6.1, .NETFramework,Version=v4.6.2, .NETFramework,Version=v4.7, .NETFramework,Version=v4.7.1, .NETFramework,Version=v4.7.2, .NETFramework,Version=v4.8, .NETFramework,Version=v4.8.1' instead of the project target framework 'net8.0'. This package may not be fully compatible with your project. [C:\Users\ultra\warewolf\Dev\Warewolf.QueueWorker.Tests\Warewolf.QueueWorker.Tests.csproj]
C:\Users\ultra\warewolf\Dev\Dev2.Util\Dev2.Util.csproj : warning NU1701: Package 'GroupControls 1.9.0' was restored using '.NETFramework,Version=v4.6.1, .NETFramework,Version=v4.6.2, .NETFramework,Version=v4.7, .NETFramework,Version=v4.7.1, .NETFramework,Version=v4.7.2, .NETFramework,Version=v4.8, .NETFramework,Version=v4.8.1' instead of the project target framework 'net8.0'. This package may not be fully compatible with your project. [C:\Users\ultra\warewolf\Dev\Warewolf.QueueWorker.Tests\Warewolf.QueueWorker.Tests.csproj]
C:\Users\ultra\warewolf\Dev\Dev2.Util\Dev2.Util.csproj : warning NU1701: Package 'TaskSchedulerEditor 2.10.1' was restored using '.NETFramework,Version=v4.6.1, .NETFramework,Version=v4.6.2, .NETFramework,Version=v4.7, .NETFramework,Version=v4.7.1, .NETFramework,Version=v4.7.2, .NETFramework,Version=v4.8, .NETFramework,Version=v4.8.1' instead of the project target framework 'net8.0'. This package may not be fully compatible with your project. [C:\Users\ultra\warewolf\Dev\Warewolf.QueueWorker.Tests\Warewolf.QueueWorker.Tests.csproj]
C:\Users\ultra\warewolf\Dev\Warewolf.Driver.Serilog\Warewolf.Driver.Serilog.csproj : warning NU1701: Package 'AeroWizard 2.3.1' was restored using '.NETFramework,Version=v4.6.1, .NETFramework,Version=v4.6.2, .NETFramework,Version=v4.7, .NETFramework,Version=v4.7.1, .NETFramework,Version=v4.7.2, .NETFramework,Version=v4.8, .NETFramework,Version=v4.8.1' instead of the project target framework 'net8.0'. This package may not be fully compatible with your project. [C:\Users\ultra\warewolf\Dev\Warewolf.QueueWorker.Tests\Warewolf.QueueWorker.Tests.csproj]
C:\Users\ultra\warewolf\Dev\Warewolf.Driver.Serilog\Warewolf.Driver.Serilog.csproj : warning NU1701: Package 'GroupControls 1.9.0' was restored using '.NETFramework,Version=v4.6.1, .NETFramework,Version=v4.6.2, .NETFramework,Version=v4.7, .NETFramework,Version=v4.7.1, .NETFramework,Version=v4.7.2, .NETFramework,Version=v4.8, .NETFramework,Version=v4.8.1' instead of the project target framework 'net8.0'. This package may not be fully compatible with your project. [C:\Users\ultra\warewolf\Dev\Warewolf.QueueWorker.Tests\Warewolf.QueueWorker.Tests.csproj]
C:\Users\ultra\warewolf\Dev\Warewolf.Driver.Serilog\Warewolf.Driver.Serilog.csproj : warning NU1701: Package 'ReactiveUI.WPF 18.4.1' was restored using '.NETFramework,Version=v4.6.1, .NETFramework,Version=v4.6.2, .NETFramework,Version=v4.7, .NETFramework,Version=v4.7.1, .NETFramework,Version=v4.7.2, .NETFramework,Version=v4.8, .NETFramework,Version=v4.8.1' instead of the project target framework 'net8.0'. This package may not be fully compatible with your project. [C:\Users\ultra\warewolf\Dev\Warewolf.QueueWorker.Tests\Warewolf.QueueWorker.Tests.csproj]
C:\Users\ultra\warewolf\Dev\Warewolf.Driver.Serilog\Warewolf.Driver.Serilog.csproj : warning NU1701: Package 'TaskSchedulerEditor 2.10.1' was restored using '.NETFramework,Version=v4.6.1, .NETFramework,Version=v4.6.2, .NETFramework,Version=v4.7, .NETFramework,Version=v4.7.1, .NETFramework,Version=v4.7.2, .NETFramework,Version=v4.8, .NETFramework,Version=v4.8.1' instead of the project target framework 'net8.0'. This package may not be fully compatible with your project. [C:\Users\ultra\warewolf\Dev\Warewolf.QueueWorker.Tests\Warewolf.QueueWorker.Tests.csproj]
C:\Users\ultra\warewolf\Dev\Warewolf.Exchange.Email.Wrapper\Warewolf.Exchange.Email.Wrapper.csproj : warning NU1701: Package 'AeroWizard 2.3.1' was restored using '.NETFramework,Version=v4.6.1, .NETFramework,Version=v4.6.2, .NETFramework,Version=v4.7, .NETFramework,Version=v4.7.1, .NETFramework,Version=v4.7.2, .NETFramework,Version=v4.8, .NETFramework,Version=v4.8.1' instead of the project target framework 'net8.0'. This package may not be fully compatible with your project. [C:\Users\ultra\warewolf\Dev\Warewolf.QueueWorker.Tests\Warewolf.QueueWorker.Tests.csproj]
C:\Users\ultra\warewolf\Dev\Warewolf.Exchange.Email.Wrapper\Warewolf.Exchange.Email.Wrapper.csproj : warning NU1701: Package 'GroupControls 1.9.0' was restored using '.NETFramework,Version=v4.6.1, .NETFramework,Version=v4.6.2, .NETFramework,Version=v4.7, .NETFramework,Version=v4.7.1, .NETFramework,Version=v4.7.2, .NETFramework,Version=v4.8, .NETFramework,Version=v4.8.1' instead of the project target framework 'net8.0'. This package may not be fully compatible with your project. [C:\Users\ultra\warewolf\Dev\Warewolf.QueueWorker.Tests\Warewolf.QueueWorker.Tests.csproj]
C:\Users\ultra\warewolf\Dev\Warewolf.Exchange.Email.Wrapper\Warewolf.Exchange.Email.Wrapper.csproj : warning NU1701: Package 'ReactiveUI.WPF 18.4.1' was restored using '.NETFramework,Version=v4.6.1, .NETFramework,Version=v4.6.2, .NETFramework,Version=v4.7, .NETFramework,Version=v4.7.1, .NETFramework,Version=v4.7.2, .NETFramework,Version=v4.8, .NETFramework,Version=v4.8.1' instead of the project target framework 'net8.0'. This package may not be fully compatible with your project. [C:\Users\ultra\warewolf\Dev\Warewolf.QueueWorker.Tests\Warewolf.QueueWorker.Tests.csproj]
C:\Users\ultra\warewolf\Dev\Warewolf.Exchange.Email.Wrapper\Warewolf.Exchange.Email.Wrapper.csproj : warning NU1701: Package 'TaskSchedulerEditor 2.10.1' was restored using '.NETFramework,Version=v4.6.1, .NETFramework,Version=v4.6.2, .NETFramework,Version=v4.7, .NETFramework,Version=v4.7.1, .NETFramework,Version=v4.7.2, .NETFramework,Version=v4.8, .NETFramework,Version=v4.8.1' instead of the project target framework 'net8.0'. This package may not be fully compatible with your project. [C:\Users\ultra\warewolf\Dev\Warewolf.QueueWorker.Tests\Warewolf.QueueWorker.Tests.csproj]
C:\Users\ultra\warewolf\Dev\Warewolf.Storage.Interfaces\Warewolf.Storage.Interfaces.csproj : warning NU1701: Package 'AeroWizard 2.3.1' was restored using '.NETFramework,Version=v4.6.1, .NETFramework,Version=v4.6.2, .NETFramework,Version=v4.7, .NETFramework,Version=v4.7.1, .NETFramework,Version=v4.7.2, .NETFramework,Version=v4.8, .NETFramework,Version=v4.8.1' instead of the project target framework 'net8.0'. This package may not be fully compatible with your project. [C:\Users\ultra\warewolf\Dev\Warewolf.QueueWorker.Tests\Warewolf.QueueWorker.Tests.csproj]
C:\Users\ultra\warewolf\Dev\Warewolf.Storage.Interfaces\Warewolf.Storage.Interfaces.csproj : warning NU1701: Package 'GroupControls 1.9.0' was restored using '.NETFramework,Version=v4.6.1, .NETFramework,Version=v4.6.2, .NETFramework,Version=v4.7, .NETFramework,Version=v4.7.1, .NETFramework,Version=v4.7.2, .NETFramework,Version=v4.8, .NETFramework,Version=v4.8.1' instead of the project target framework 'net8.0'. This package may not be fully compatible with your project. [C:\Users\ultra\warewolf\Dev\Warewolf.QueueWorker.Tests\Warewolf.QueueWorker.Tests.csproj]
C:\Users\ultra\warewolf\Dev\Warewolf.Storage.Interfaces\Warewolf.Storage.Interfaces.csproj : warning NU1701: Package 'TaskSchedulerEditor 2.10.1' was restored using '.NETFramework,Version=v4.6.1, .NETFramework,Version=v4.6.2, .NETFramework,Version=v4.7, .NETFramework,Version=v4.7.1, .NETFramework,Version=v4.7.2, .NETFramework,Version=v4.8, .NETFramework,Version=v4.8.1' instead of the project target framework 'net8.0'. This package may not be fully compatible with your project. [C:\Users\ultra\warewolf\Dev\Warewolf.QueueWorker.Tests\Warewolf.QueueWorker.Tests.csproj]
C:\Users\ultra\warewolf\Dev\Warewolf.Security\Warewolf.Security.csproj : warning NU1904: Package 'System.Drawing.Common' 4.5.1 has a known critical severity vulnerability, https://github.com/advisories/GHSA-rxg9-xrhp-64gj [C:\Users\ultra\warewolf\Dev\Warewolf.QueueWorker.Tests\Warewolf.QueueWorker.Tests.csproj]
C:\Users\ultra\warewolf\Dev\Dev2.TaskScheduler.Wrappers\Dev2.TaskScheduler.Wrappers.csproj : warning NU1701: Package 'AeroWizard 2.3.1' was restored using '.NETFramework,Version=v4.6.1, .NETFramework,Version=v4.6.2, .NETFramework,Version=v4.7, .NETFramework,Version=v4.7.1, .NETFramework,Version=v4.7.2, .NETFramework,Version=v4.8, .NETFramework,Version=v4.8.1' instead of the project target framework 'net8.0'. This package may not be fully compatible with your project. [C:\Users\ultra\warewolf\Dev\Warewolf.QueueWorker.Tests\Warewolf.QueueWorker.Tests.csproj]
C:\Users\ultra\warewolf\Dev\Dev2.TaskScheduler.Wrappers\Dev2.TaskScheduler.Wrappers.csproj : warning NU1701: Package 'GroupControls 1.9.0' was restored using '.NETFramework,Version=v4.6.1, .NETFramework,Version=v4.6.2, .NETFramework,Version=v4.7, .NETFramework,Version=v4.7.1, .NETFramework,Version=v4.7.2, .NETFramework,Version=v4.8, .NETFramework,Version=v4.8.1' instead of the project target framework 'net8.0'. This package may not be fully compatible with your project. [C:\Users\ultra\warewolf\Dev\Warewolf.QueueWorker.Tests\Warewolf.QueueWorker.Tests.csproj]
C:\Users\ultra\warewolf\Dev\Dev2.TaskScheduler.Wrappers\Dev2.TaskScheduler.Wrappers.csproj : warning NU1701: Package 'TaskSchedulerEditor 2.10.1' was restored using '.NETFramework,Version=v4.6.1, .NETFramework,Version=v4.6.2, .NETFramework,Version=v4.7, .NETFramework,Version=v4.7.1, .NETFramework,Version=v4.7.2, .NETFramework,Version=v4.8, .NETFramework,Version=v4.8.1' instead of the project target framework 'net8.0'. This package may not be fully compatible with your project. [C:\Users\ultra\warewolf\Dev\Warewolf.QueueWorker.Tests\Warewolf.QueueWorker.Tests.csproj]
C:\Users\ultra\warewolf\Dev\Warewolf.Storage\Warewolf.Storage.csproj : warning NU1701: Package 'AeroWizard 2.3.1' was restored using '.NETFramework,Version=v4.6.1, .NETFramework,Version=v4.6.2, .NETFramework,Version=v4.7, .NETFramework,Version=v4.7.1, .NETFramework,Version=v4.7.2, .NETFramework,Version=v4.8, .NETFramework,Version=v4.8.1' instead of the project target framework 'net8.0'. This package may not be fully compatible with your project. [C:\Users\ultra\warewolf\Dev\Warewolf.QueueWorker.Tests\Warewolf.QueueWorker.Tests.csproj]
C:\Users\ultra\warewolf\Dev\Warewolf.Storage\Warewolf.Storage.csproj : warning NU1701: Package 'GroupControls 1.9.0' was restored using '.NETFramework,Version=v4.6.1, .NETFramework,Version=v4.6.2, .NETFramework,Version=v4.7, .NETFramework,Version=v4.7.1, .NETFramework,Version=v4.7.2, .NETFramework,Version=v4.8, .NETFramework,Version=v4.8.1' instead of the project target framework 'net8.0'. This package may not be fully compatible with your project. [C:\Users\ultra\warewolf\Dev\Warewolf.QueueWorker.Tests\Warewolf.QueueWorker.Tests.csproj]
C:\Users\ultra\warewolf\Dev\Warewolf.Storage\Warewolf.Storage.csproj : warning NU1701: Package 'ReactiveUI.WPF 18.4.1' was restored using '.NETFramework,Version=v4.6.1, .NETFramework,Version=v4.6.2, .NETFramework,Version=v4.7, .NETFramework,Version=v4.7.1, .NETFramework,Version=v4.7.2, .NETFramework,Version=v4.8, .NETFramework,Version=v4.8.1' instead of the project target framework 'net8.0'. This package may not be fully compatible with your project. [C:\Users\ultra\warewolf\Dev\Warewolf.QueueWorker.Tests\Warewolf.QueueWorker.Tests.csproj]
C:\Users\ultra\warewolf\Dev\Warewolf.Storage\Warewolf.Storage.csproj : warning NU1701: Package 'TaskSchedulerEditor 2.10.1' was restored using '.NETFramework,Version=v4.6.1, .NETFramework,Version=v4.6.2, .NETFramework,Version=v4.7, .NETFramework,Version=v4.7.1, .NETFramework,Version=v4.7.2, .NETFramework,Version=v4.8, .NETFramework,Version=v4.8.1' instead of the project target framework 'net8.0'. This package may not be fully compatible with your project. [C:\Users\ultra\warewolf\Dev\Warewolf.QueueWorker.Tests\Warewolf.QueueWorker.Tests.csproj]
C:\Users\ultra\warewolf\Dev\Warewolf.Sharepoint\Warewolf.Sharepoint.csproj : warning NU1701: Package 'AeroWizard 2.3.1' was restored using '.NETFramework,Version=v4.6.1, .NETFramework,Version=v4.6.2, .NETFramework,Version=v4.7, .NETFramework,Version=v4.7.1, .NETFramework,Version=v4.7.2, .NETFramework,Version=v4.8, .NETFramework,Version=v4.8.1' instead of the project target framework 'net8.0'. This package may not be fully compatible with your project. [C:\Users\ultra\warewolf\Dev\Warewolf.QueueWorker.Tests\Warewolf.QueueWorker.Tests.csproj]
C:\Users\ultra\warewolf\Dev\Warewolf.Sharepoint\Warewolf.Sharepoint.csproj : warning NU1701: Package 'GroupControls 1.9.0' was restored using '.NETFramework,Version=v4.6.1, .NETFramework,Version=v4.6.2, .NETFramework,Version=v4.7, .NETFramework,Version=v4.7.1, .NETFramework,Version=v4.7.2, .NETFramework,Version=v4.8, .NETFramework,Version=v4.8.1' instead of the project target framework 'net8.0'. This package may not be fully compatible with your project. [C:\Users\ultra\warewolf\Dev\Warewolf.QueueWorker.Tests\Warewolf.QueueWorker.Tests.csproj]
C:\Users\ultra\warewolf\Dev\Warewolf.Sharepoint\Warewolf.Sharepoint.csproj : warning NU1701: Package 'ReactiveUI.WPF 18.4.1' was restored using '.NETFramework,Version=v4.6.1, .NETFramework,Version=v4.6.2, .NETFramework,Version=v4.7, .NETFramework,Version=v4.7.1, .NETFramework,Version=v4.7.2, .NETFramework,Version=v4.8, .NETFramework,Version=v4.8.1' instead of the project target framework 'net8.0'. This package may not be fully compatible with your project. [C:\Users\ultra\warewolf\Dev\Warewolf.QueueWorker.Tests\Warewolf.QueueWorker.Tests.csproj]
C:\Users\ultra\warewolf\Dev\Warewolf.Sharepoint\Warewolf.Sharepoint.csproj : warning NU1701: Package 'TaskSchedulerEditor 2.10.1' was restored using '.NETFramework,Version=v4.6.1, .NETFramework,Version=v4.6.2, .NETFramework,Version=v4.7, .NETFramework,Version=v4.7.1, .NETFramework,Version=v4.7.2, .NETFramework,Version=v4.8, .NETFramework,Version=v4.8.1' instead of the project target framework 'net8.0'. This package may not be fully compatible with your project. [C:\Users\ultra\warewolf\Dev\Warewolf.QueueWorker.Tests\Warewolf.QueueWorker.Tests.csproj]
C:\Users\ultra\warewolf\Dev\Dev2.Studio.Interfaces\Dev2.Studio.Interfaces.csproj : warning NU1701: Package 'AeroWizard 2.3.1' was restored using '.NETFramework,Version=v4.6.1, .NETFramework,Version=v4.6.2, .NETFramework,Version=v4.7, .NETFramework,Version=v4.7.1, .NETFramework,Version=v4.7.2, .NETFramework,Version=v4.8, .NETFramework,Version=v4.8.1' instead of the project target framework 'net8.0'. This package may not be fully compatible with your project. [C:\Users\ultra\warewolf\Dev\Warewolf.QueueWorker.Tests\Warewolf.QueueWorker.Tests.csproj]
C:\Users\ultra\warewolf\Dev\Dev2.Studio.Interfaces\Dev2.Studio.Interfaces.csproj : warning NU1701: Package 'GroupControls 1.9.0' was restored using '.NETFramework,Version=v4.6.1, .NETFramework,Version=v4.6.2, .NETFramework,Version=v4.7, .NETFramework,Version=v4.7.1, .NETFramework,Version=v4.7.2, .NETFramework,Version=v4.8, .NETFramework,Version=v4.8.1' instead of the project target framework 'net8.0'. This package may not be fully compatible with your project. [C:\Users\ultra\warewolf\Dev\Warewolf.QueueWorker.Tests\Warewolf.QueueWorker.Tests.csproj]
C:\Users\ultra\warewolf\Dev\Dev2.Studio.Interfaces\Dev2.Studio.Interfaces.csproj : warning NU1701: Package 'Microsoft.Xaml.Behaviors.Wpf 1.1.122' was restored using '.NETFramework,Version=v4.6.1, .NETFramework,Version=v4.6.2, .NETFramework,Version=v4.7, .NETFramework,Version=v4.7.1, .NETFramework,Version=v4.7.2, .NETFramework,Version=v4.8, .NETFramework,Version=v4.8.1' instead of the project target framework 'net8.0'. This package may not be fully compatible with your project. [C:\Users\ultra\warewolf\Dev\Warewolf.QueueWorker.Tests\Warewolf.QueueWorker.Tests.csproj]
C:\Users\ultra\warewolf\Dev\Dev2.Studio.Interfaces\Dev2.Studio.Interfaces.csproj : warning NU1701: Package 'Prism.Wpf 9.0.537' was restored using '.NETFramework,Version=v4.6.1, .NETFramework,Version=v4.6.2, .NETFramework,Version=v4.7, .NETFramework,Version=v4.7.1, .NETFramework,Version=v4.7.2, .NETFramework,Version=v4.8, .NETFramework,Version=v4.8.1' instead of the project target framework 'net8.0'. This package may not be fully compatible with your project. [C:\Users\ultra\warewolf\Dev\Warewolf.QueueWorker.Tests\Warewolf.QueueWorker.Tests.csproj]
C:\Users\ultra\warewolf\Dev\Dev2.Studio.Interfaces\Dev2.Studio.Interfaces.csproj : warning NU1701: Package 'ReactiveUI.WPF 18.4.1' was restored using '.NETFramework,Version=v4.6.1, .NETFramework,Version=v4.6.2, .NETFramework,Version=v4.7, .NETFramework,Version=v4.7.1, .NETFramework,Version=v4.7.2, .NETFramework,Version=v4.8, .NETFramework,Version=v4.8.1' instead of the project target framework 'net8.0'. This package may not be fully compatible with your project. [C:\Users\ultra\warewolf\Dev\Warewolf.QueueWorker.Tests\Warewolf.QueueWorker.Tests.csproj]
C:\Users\ultra\warewolf\Dev\Dev2.Studio.Interfaces\Dev2.Studio.Interfaces.csproj : warning NU1701: Package 'TaskSchedulerEditor 2.10.1' was restored using '.NETFramework,Version=v4.6.1, .NETFramework,Version=v4.6.2, .NETFramework,Version=v4.7, .NETFramework,Version=v4.7.1, .NETFramework,Version=v4.7.2, .NETFramework,Version=v4.8, .NETFramework,Version=v4.8.1' instead of the project target framework 'net8.0'. This package may not be fully compatible with your project. [C:\Users\ultra\warewolf\Dev\Warewolf.QueueWorker.Tests\Warewolf.QueueWorker.Tests.csproj]
C:\Users\ultra\warewolf\Dev\Warewolf.Studio.Core\Warewolf.Studio.Core.csproj : warning NU1701: Package 'AeroWizard 2.3.1' was restored using '.NETFramework,Version=v4.6.1, .NETFramework,Version=v4.6.2, .NETFramework,Version=v4.7, .NETFramework,Version=v4.7.1, .NETFramework,Version=v4.7.2, .NETFramework,Version=v4.8, .NETFramework,Version=v4.8.1' instead of the project target framework 'net8.0'. This package may not be fully compatible with your project. [C:\Users\ultra\warewolf\Dev\Warewolf.QueueWorker.Tests\Warewolf.QueueWorker.Tests.csproj]
C:\Users\ultra\warewolf\Dev\Warewolf.Studio.Core\Warewolf.Studio.Core.csproj : warning NU1701: Package 'GroupControls 1.9.0' was restored using '.NETFramework,Version=v4.6.1, .NETFramework,Version=v4.6.2, .NETFramework,Version=v4.7, .NETFramework,Version=v4.7.1, .NETFramework,Version=v4.7.2, .NETFramework,Version=v4.8, .NETFramework,Version=v4.8.1' instead of the project target framework 'net8.0'. This package may not be fully compatible with your project. [C:\Users\ultra\warewolf\Dev\Warewolf.QueueWorker.Tests\Warewolf.QueueWorker.Tests.csproj]
C:\Users\ultra\warewolf\Dev\Warewolf.Studio.Core\Warewolf.Studio.Core.csproj : warning NU1701: Package 'Microsoft.Xaml.Behaviors.Wpf 1.1.122' was restored using '.NETFramework,Version=v4.6.1, .NETFramework,Version=v4.6.2, .NETFramework,Version=v4.7, .NETFramework,Version=v4.7.1, .NETFramework,Version=v4.7.2, .NETFramework,Version=v4.8, .NETFramework,Version=v4.8.1' instead of the project target framework 'net8.0'. This package may not be fully compatible with your project. [C:\Users\ultra\warewolf\Dev\Warewolf.QueueWorker.Tests\Warewolf.QueueWorker.Tests.csproj]
C:\Users\ultra\warewolf\Dev\Warewolf.Studio.Core\Warewolf.Studio.Core.csproj : warning NU1701: Package 'Prism.Wpf 9.0.537' was restored using '.NETFramework,Version=v4.6.1, .NETFramework,Version=v4.6.2, .NETFramework,Version=v4.7, .NETFramework,Version=v4.7.1, .NETFramework,Version=v4.7.2, .NETFramework,Version=v4.8, .NETFramework,Version=v4.8.1' instead of the project target framework 'net8.0'. This package may not be fully compatible with your project. [C:\Users\ultra\warewolf\Dev\Warewolf.QueueWorker.Tests\Warewolf.QueueWorker.Tests.csproj]
C:\Users\ultra\warewolf\Dev\Warewolf.Studio.Core\Warewolf.Studio.Core.csproj : warning NU1701: Package 'ReactiveUI.WPF 18.4.1' was restored using '.NETFramework,Version=v4.6.1, .NETFramework,Version=v4.6.2, .NETFramework,Version=v4.7, .NETFramework,Version=v4.7.1, .NETFramework,Version=v4.7.2, .NETFramework,Version=v4.8, .NETFramework,Version=v4.8.1' instead of the project target framework 'net8.0'. This package may not be fully compatible with your project. [C:\Users\ultra\warewolf\Dev\Warewolf.QueueWorker.Tests\Warewolf.QueueWorker.Tests.csproj]
C:\Users\ultra\warewolf\Dev\Warewolf.Studio.Core\Warewolf.Studio.Core.csproj : warning NU1701: Package 'TaskSchedulerEditor 2.10.1' was restored using '.NETFramework,Version=v4.6.1, .NETFramework,Version=v4.6.2, .NETFramework,Version=v4.7, .NETFramework,Version=v4.7.1, .NETFramework,Version=v4.7.2, .NETFramework,Version=v4.8, .NETFramework,Version=v4.8.1' instead of the project target framework 'net8.0'. This package may not be fully compatible with your project. [C:\Users\ultra\warewolf\Dev\Warewolf.QueueWorker.Tests\Warewolf.QueueWorker.Tests.csproj]
C:\Users\ultra\warewolf\Dev\Warewolf.ResourceManagement\Warewolf.ResourceManagement.csproj : warning NU1701: Package 'AeroWizard 2.3.1' was restored using '.NETFramework,Version=v4.6.1, .NETFramework,Version=v4.6.2, .NETFramework,Version=v4.7, .NETFramework,Version=v4.7.1, .NETFramework,Version=v4.7.2, .NETFramework,Version=v4.8, .NETFramework,Version=v4.8.1' instead of the project target framework 'net8.0'. This package may not be fully compatible with your project. [C:\Users\ultra\warewolf\Dev\Warewolf.QueueWorker.Tests\Warewolf.QueueWorker.Tests.csproj]
C:\Users\ultra\warewolf\Dev\Warewolf.ResourceManagement\Warewolf.ResourceManagement.csproj : warning NU1701: Package 'GroupControls 1.9.0' was restored using '.NETFramework,Version=v4.6.1, .NETFramework,Version=v4.6.2, .NETFramework,Version=v4.7, .NETFramework,Version=v4.7.1, .NETFramework,Version=v4.7.2, .NETFramework,Version=v4.8, .NETFramework,Version=v4.8.1' instead of the project target framework 'net8.0'. This package may not be fully compatible with your project. [C:\Users\ultra\warewolf\Dev\Warewolf.QueueWorker.Tests\Warewolf.QueueWorker.Tests.csproj]
C:\Users\ultra\warewolf\Dev\Warewolf.ResourceManagement\Warewolf.ResourceManagement.csproj : warning NU1701: Package 'ReactiveUI.WPF 18.4.1' was restored using '.NETFramework,Version=v4.6.1, .NETFramework,Version=v4.6.2, .NETFramework,Version=v4.7, .NETFramework,Version=v4.7.1, .NETFramework,Version=v4.7.2, .NETFramework,Version=v4.8, .NETFramework,Version=v4.8.1' instead of the project target framework 'net8.0'. This package may not be fully compatible with your project. [C:\Users\ultra\warewolf\Dev\Warewolf.QueueWorker.Tests\Warewolf.QueueWorker.Tests.csproj]
C:\Users\ultra\warewolf\Dev\Warewolf.ResourceManagement\Warewolf.ResourceManagement.csproj : warning NU1701: Package 'TaskSchedulerEditor 2.10.1' was restored using '.NETFramework,Version=v4.6.1, .NETFramework,Version=v4.6.2, .NETFramework,Version=v4.7, .NETFramework,Version=v4.7.1, .NETFramework,Version=v4.7.2, .NETFramework,Version=v4.8, .NETFramework,Version=v4.8.1' instead of the project target framework 'net8.0'. This package may not be fully compatible with your project. [C:\Users\ultra\warewolf\Dev\Warewolf.QueueWorker.Tests\Warewolf.QueueWorker.Tests.csproj]
C:\Users\ultra\warewolf\Dev\Warewolf.Common.Framework48\Warewolf.Common.Framework48.csproj : warning NU1902: Package 'System.IdentityModel.Tokens.Jwt' 5.1.0 has a known moderate severity vulnerability, https://github.com/advisories/GHSA-59j7-ghrg-fj52 [C:\Users\ultra\warewolf\Dev\Warewolf.QueueWorker.Tests\Warewolf.QueueWorker.Tests.csproj]
C:\Users\ultra\warewolf\Dev\Warewolf.Common.Framework48\Warewolf.Common.Framework48.csproj : warning NU1701: Package 'AeroWizard 2.3.1' was restored using '.NETFramework,Version=v4.6.1, .NETFramework,Version=v4.6.2, .NETFramework,Version=v4.7, .NETFramework,Version=v4.7.1, .NETFramework,Version=v4.7.2, .NETFramework,Version=v4.8, .NETFramework,Version=v4.8.1' instead of the project target framework 'net8.0'. This package may not be fully compatible with your project. [C:\Users\ultra\warewolf\Dev\Warewolf.QueueWorker.Tests\Warewolf.QueueWorker.Tests.csproj]
C:\Users\ultra\warewolf\Dev\Warewolf.Common.Framework48\Warewolf.Common.Framework48.csproj : warning NU1701: Package 'GroupControls 1.9.0' was restored using '.NETFramework,Version=v4.6.1, .NETFramework,Version=v4.6.2, .NETFramework,Version=v4.7, .NETFramework,Version=v4.7.1, .NETFramework,Version=v4.7.2, .NETFramework,Version=v4.8, .NETFramework,Version=v4.8.1' instead of the project target framework 'net8.0'. This package may not be fully compatible with your project. [C:\Users\ultra\warewolf\Dev\Warewolf.QueueWorker.Tests\Warewolf.QueueWorker.Tests.csproj]
C:\Users\ultra\warewolf\Dev\Warewolf.Common.Framework48\Warewolf.Common.Framework48.csproj : warning NU1701: Package 'Microsoft.Xaml.Behaviors.Wpf 1.1.122' was restored using '.NETFramework,Version=v4.6.1, .NETFramework,Version=v4.6.2, .NETFramework,Version=v4.7, .NETFramework,Version=v4.7.1, .NETFramework,Version=v4.7.2, .NETFramework,Version=v4.8, .NETFramework,Version=v4.8.1' instead of the project target framework 'net8.0'. This package may not be fully compatible with your project. [C:\Users\ultra\warewolf\Dev\Warewolf.QueueWorker.Tests\Warewolf.QueueWorker.Tests.csproj]
C:\Users\ultra\warewolf\Dev\Warewolf.Common.Framework48\Warewolf.Common.Framework48.csproj : warning NU1701: Package 'Prism.Wpf 9.0.537' was restored using '.NETFramework,Version=v4.6.1, .NETFramework,Version=v4.6.2, .NETFramework,Version=v4.7, .NETFramework,Version=v4.7.1, .NETFramework,Version=v4.7.2, .NETFramework,Version=v4.8, .NETFramework,Version=v4.8.1' instead of the project target framework 'net8.0'. This package may not be fully compatible with your project. [C:\Users\ultra\warewolf\Dev\Warewolf.QueueWorker.Tests\Warewolf.QueueWorker.Tests.csproj]
C:\Users\ultra\warewolf\Dev\Warewolf.Common.Framework48\Warewolf.Common.Framework48.csproj : warning NU1701: Package 'ReactiveUI.WPF 18.4.1' was restored using '.NETFramework,Version=v4.6.1, .NETFramework,Version=v4.6.2, .NETFramework,Version=v4.7, .NETFramework,Version=v4.7.1, .NETFramework,Version=v4.7.2, .NETFramework,Version=v4.8, .NETFramework,Version=v4.8.1' instead of the project target framework 'net8.0'. This package may not be fully compatible with your project. [C:\Users\ultra\warewolf\Dev\Warewolf.QueueWorker.Tests\Warewolf.QueueWorker.Tests.csproj]
C:\Users\ultra\warewolf\Dev\Warewolf.Common.Framework48\Warewolf.Common.Framework48.csproj : warning NU1701: Package 'TaskSchedulerEditor 2.10.1' was restored using '.NETFramework,Version=v4.6.1, .NETFramework,Version=v4.6.2, .NETFramework,Version=v4.7, .NETFramework,Version=v4.7.1, .NETFramework,Version=v4.7.2, .NETFramework,Version=v4.8, .NETFramework,Version=v4.8.1' instead of the project target framework 'net8.0'. This package may not be fully compatible with your project. [C:\Users\ultra\warewolf\Dev\Warewolf.QueueWorker.Tests\Warewolf.QueueWorker.Tests.csproj]
C:\Users\ultra\warewolf\Dev\Warewolf.QueueWorker.Tests\Warewolf.QueueWorker.Tests.csproj : warning NU1701: Package 'AeroWizard 2.3.1' was restored using '.NETFramework,Version=v4.6.1, .NETFramework,Version=v4.6.2, .NETFramework,Version=v4.7, .NETFramework,Version=v4.7.1, .NETFramework,Version=v4.7.2, .NETFramework,Version=v4.8, .NETFramework,Version=v4.8.1' instead of the project target framework 'net8.0'. This package may not be fully compatible with your project.
C:\Users\ultra\warewolf\Dev\Warewolf.QueueWorker.Tests\Warewolf.QueueWorker.Tests.csproj : warning NU1701: Package 'GroupControls 1.9.0' was restored using '.NETFramework,Version=v4.6.1, .NETFramework,Version=v4.6.2, .NETFramework,Version=v4.7, .NETFramework,Version=v4.7.1, .NETFramework,Version=v4.7.2, .NETFramework,Version=v4.8, .NETFramework,Version=v4.8.1' instead of the project target framework 'net8.0'. This package may not be fully compatible with your project.
C:\Users\ultra\warewolf\Dev\Warewolf.QueueWorker.Tests\Warewolf.QueueWorker.Tests.csproj : warning NU1701: Package 'Microsoft.Xaml.Behaviors.Wpf 1.1.122' was restored using '.NETFramework,Version=v4.6.1, .NETFramework,Version=v4.6.2, .NETFramework,Version=v4.7, .NETFramework,Version=v4.7.1, .NETFramework,Version=v4.7.2, .NETFramework,Version=v4.8, .NETFramework,Version=v4.8.1' instead of the project target framework 'net8.0'. This package may not be fully compatible with your project.
C:\Users\ultra\warewolf\Dev\Warewolf.QueueWorker.Tests\Warewolf.QueueWorker.Tests.csproj : warning NU1701: Package 'Prism.Wpf 9.0.537' was restored using '.NETFramework,Version=v4.6.1, .NETFramework,Version=v4.6.2, .NETFramework,Version=v4.7, .NETFramework,Version=v4.7.1, .NETFramework,Version=v4.7.2, .NETFramework,Version=v4.8, .NETFramework,Version=v4.8.1' instead of the project target framework 'net8.0'. This package may not be fully compatible with your project.
C:\Users\ultra\warewolf\Dev\Warewolf.QueueWorker.Tests\Warewolf.QueueWorker.Tests.csproj : warning NU1701: Package 'ReactiveUI.WPF 18.4.1' was restored using '.NETFramework,Version=v4.6.1, .NETFramework,Version=v4.6.2, .NETFramework,Version=v4.7, .NETFramework,Version=v4.7.1, .NETFramework,Version=v4.7.2, .NETFramework,Version=v4.8, .NETFramework,Version=v4.8.1' instead of the project target framework 'net8.0'. This package may not be fully compatible with your project.
C:\Users\ultra\warewolf\Dev\Warewolf.QueueWorker.Tests\Warewolf.QueueWorker.Tests.csproj : warning NU1701: Package 'TaskSchedulerEditor 2.10.1' was restored using '.NETFramework,Version=v4.6.1, .NETFramework,Version=v4.6.2, .NETFramework,Version=v4.7, .NETFramework,Version=v4.7.1, .NETFramework,Version=v4.7.2, .NETFramework,Version=v4.8, .NETFramework,Version=v4.8.1' instead of the project target framework 'net8.0'. This package may not be fully compatible with your project.
  Restored C:\Users\ultra\warewolf\Dev\Warewolf.QueueWorker.Tests\Warewolf.QueueWorker.Tests.csproj (in 625 ms).
  55 of 56 projects are up-to-date for restore.
C:\Users\ultra\warewolf\Dev\Warewolf.QueueWorker.Tests\Warewolf.QueueWorker.Tests.csproj : warning NU1701: Package 'AeroWizard 2.3.1' was restored using '.NETFramework,Version=v4.6.1, .NETFramework,Version=v4.6.2, .NETFramework,Version=v4.7, .NETFramework,Version=v4.7.1, .NETFramework,Version=v4.7.2, .NETFramework,Version=v4.8, .NETFramework,Version=v4.8.1' instead of the project target framework 'net8.0'. This package may not be fully compatible with your project.
C:\Users\ultra\warewolf\Dev\Warewolf.QueueWorker.Tests\Warewolf.QueueWorker.Tests.csproj : warning NU1701: Package 'GroupControls 1.9.0' was restored using '.NETFramework,Version=v4.6.1, .NETFramework,Version=v4.6.2, .NETFramework,Version=v4.7, .NETFramework,Version=v4.7.1, .NETFramework,Version=v4.7.2, .NETFramework,Version=v4.8, .NETFramework,Version=v4.8.1' instead of the project target framework 'net8.0'. This package may not be fully compatible with your project.
C:\Users\ultra\warewolf\Dev\Warewolf.QueueWorker.Tests\Warewolf.QueueWorker.Tests.csproj : warning NU1701: Package 'Microsoft.Xaml.Behaviors.Wpf 1.1.122' was restored using '.NETFramework,Version=v4.6.1, .NETFramework,Version=v4.6.2, .NETFramework,Version=v4.7, .NETFramework,Version=v4.7.1, .NETFramework,Version=v4.7.2, .NETFramework,Version=v4.8, .NETFramework,Version=v4.8.1' instead of the project target framework 'net8.0'. This package may not be fully compatible with your project.
C:\Users\ultra\warewolf\Dev\Warewolf.QueueWorker.Tests\Warewolf.QueueWorker.Tests.csproj : warning NU1701: Package 'Prism.Wpf 9.0.537' was restored using '.NETFramework,Version=v4.6.1, .NETFramework,Version=v4.6.2, .NETFramework,Version=v4.7, .NETFramework,Version=v4.7.1, .NETFramework,Version=v4.7.2, .NETFramework,Version=v4.8, .NETFramework,Version=v4.8.1' instead of the project target framework 'net8.0'. This package may not be fully compatible with your project.
C:\Users\ultra\warewolf\Dev\Warewolf.QueueWorker.Tests\Warewolf.QueueWorker.Tests.csproj : warning NU1701: Package 'ReactiveUI.WPF 18.4.1' was restored using '.NETFramework,Version=v4.6.1, .NETFramework,Version=v4.6.2, .NETFramework,Version=v4.7, .NETFramework,Version=v4.7.1, .NETFramework,Version=v4.7.2, .NETFramework,Version=v4.8, .NETFramework,Version=v4.8.1' instead of the project target framework 'net8.0'. This package may not be fully compatible with your project.
C:\Users\ultra\warewolf\Dev\Warewolf.QueueWorker.Tests\Warewolf.QueueWorker.Tests.csproj : warning NU1701: Package 'TaskSchedulerEditor 2.10.1' was restored using '.NETFramework,Version=v4.6.1, .NETFramework,Version=v4.6.2, .NETFramework,Version=v4.7, .NETFramework,Version=v4.7.1, .NETFramework,Version=v4.7.2, .NETFramework,Version=v4.8, .NETFramework,Version=v4.8.1' instead of the project target framework 'net8.0'. This package may not be fully compatible with your project.
C:\Users\ultra\warewolf\Dev\Dev2.Common\Dev2.Common.csproj : warning NU1903: Package 'Microsoft.Windows.Compatibility' 6.0.0 has a known high severity vulnerability, https://github.com/advisories/GHSA-555c-2p6r-68mm
C:\Users\ultra\warewolf\Dev\Dev2.Common\Dev2.Common.csproj : warning NU1701: Package 'AeroWizard 2.3.1' was restored using '.NETFramework,Version=v4.6.1, .NETFramework,Version=v4.6.2, .NETFramework,Version=v4.7, .NETFramework,Version=v4.7.1, .NETFramework,Version=v4.7.2, .NETFramework,Version=v4.8, .NETFramework,Version=v4.8.1' instead of the project target framework 'net8.0'. This package may not be fully compatible with your project.
C:\Users\ultra\warewolf\Dev\Dev2.Common\Dev2.Common.csproj : warning NU1701: Package 'GroupControls 1.9.0' was restored using '.NETFramework,Version=v4.6.1, .NETFramework,Version=v4.6.2, .NETFramework,Version=v4.7, .NETFramework,Version=v4.7.1, .NETFramework,Version=v4.7.2, .NETFramework,Version=v4.8, .NETFramework,Version=v4.8.1' instead of the project target framework 'net8.0'. This package may not be fully compatible with your project.
C:\Users\ultra\warewolf\Dev\Dev2.Common\Dev2.Common.csproj : warning NU1701: Package 'TaskSchedulerEditor 2.10.1' was restored using '.NETFramework,Version=v4.6.1, .NETFramework,Version=v4.6.2, .NETFramework,Version=v4.7, .NETFramework,Version=v4.7.1, .NETFramework,Version=v4.7.2, .NETFramework,Version=v4.8, .NETFramework,Version=v4.8.1' instead of the project target framework 'net8.0'. This package may not be fully compatible with your project.
C:\Program Files\dotnet\sdk\10.0.201\Sdks\Microsoft.NET.Sdk\targets\Microsoft.NET.Sdk.DefaultItems.targets(162,5): warning NETSDK1137: It is no longer necessary to use the Microsoft.NET.Sdk.WindowsDesktop SDK. Consider changing the Sdk attribute of the root Project element to 'Microsoft.NET.Sdk'. [C:\Users\ultra\warewolf\Dev\Dev2.CustomControls\Dev2.CustomControls.csproj]
C:\Users\ultra\warewolf\Dev\Dev2.Infrastructure\Dev2.Infrastructure.csproj : warning NU1903: Package 'Microsoft.Windows.Compatibility' 6.0.0 has a known high severity vulnerability, https://github.com/advisories/GHSA-555c-2p6r-68mm
C:\Program Files\dotnet\sdk\10.0.201\Sdks\Microsoft.NET.Sdk.WindowsDesktop\targets\Microsoft.NET.Sdk.WindowsDesktop.targets(138,5): warning NETSDK1106: Microsoft.NET.Sdk.WindowsDesktop requires 'UseWpf' or 'UseWindowsForms' to be set to 'true' [C:\Users\ultra\warewolf\Dev\Dev2.CustomControls\Dev2.CustomControls.csproj]
C:\Users\ultra\warewolf\Dev\Dev2.Infrastructure\Dev2.Infrastructure.csproj : warning NU1701: Package 'AeroWizard 2.3.1' was restored using '.NETFramework,Version=v4.6.1, .NETFramework,Version=v4.6.2, .NETFramework,Version=v4.7, .NETFramework,Version=v4.7.1, .NETFramework,Version=v4.7.2, .NETFramework,Version=v4.8, .NETFramework,Version=v4.8.1' instead of the project target framework 'net8.0'. This package may not be fully compatible with your project.
C:\Users\ultra\warewolf\Dev\Dev2.Common.Interfaces\Dev2.Common.Interfaces.csproj : warning NU1903: Package 'Microsoft.Windows.Compatibility' 6.0.0 has a known high severity vulnerability, https://github.com/advisories/GHSA-555c-2p6r-68mm
C:\Users\ultra\warewolf\Dev\Dev2.Infrastructure\Dev2.Infrastructure.csproj : warning NU1701: Package 'GroupControls 1.9.0' was restored using '.NETFramework,Version=v4.6.1, .NETFramework,Version=v4.6.2, .NETFramework,Version=v4.7, .NETFramework,Version=v4.7.1, .NETFramework,Version=v4.7.2, .NETFramework,Version=v4.8, .NETFramework,Version=v4.8.1' instead of the project target framework 'net8.0'. This package may not be fully compatible with your project.
C:\Users\ultra\warewolf\Dev\Dev2.Common.Interfaces\Dev2.Common.Interfaces.csproj : warning NU1701: Package 'AeroWizard 2.3.1' was restored using '.NETFramework,Version=v4.6.1, .NETFramework,Version=v4.6.2, .NETFramework,Version=v4.7, .NETFramework,Version=v4.7.1, .NETFramework,Version=v4.7.2, .NETFramework,Version=v4.8, .NETFramework,Version=v4.8.1' instead of the project target framework 'net8.0'. This package may not be fully compatible with your project.
C:\Users\ultra\warewolf\Dev\Dev2.Diagnostics\Dev2.Diagnostics.csproj : warning NU1701: Package 'AeroWizard 2.3.1' was restored using '.NETFramework,Version=v4.6.1, .NETFramework,Version=v4.6.2, .NETFramework,Version=v4.7, .NETFramework,Version=v4.7.1, .NETFramework,Version=v4.7.2, .NETFramework,Version=v4.8, .NETFramework,Version=v4.8.1' instead of the project target framework 'net8.0'. This package may not be fully compatible with your project.
C:\Users\ultra\warewolf\Dev\Dev2.Data\Dev2.Data.csproj : warning NU1701: Package 'AeroWizard 2.3.1' was restored using '.NETFramework,Version=v4.6.1, .NETFramework,Version=v4.6.2, .NETFramework,Version=v4.7, .NETFramework,Version=v4.7.1, .NETFramework,Version=v4.7.2, .NETFramework,Version=v4.8, .NETFramework,Version=v4.8.1' instead of the project target framework 'net8.0'. This package may not be fully compatible with your project.
C:\Users\ultra\warewolf\Dev\Dev2.Common.Interfaces\Dev2.Common.Interfaces.csproj : warning NU1701: Package 'GroupControls 1.9.0' was restored using '.NETFramework,Version=v4.6.1, .NETFramework,Version=v4.6.2, .NETFramework,Version=v4.7, .NETFramework,Version=v4.7.1, .NETFramework,Version=v4.7.2, .NETFramework,Version=v4.8, .NETFramework,Version=v4.8.1' instead of the project target framework 'net8.0'. This package may not be fully compatible with your project.
C:\Users\ultra\warewolf\Dev\Dev2.Infrastructure\Dev2.Infrastructure.csproj : warning NU1701: Package 'ReactiveUI.WPF 18.4.1' was restored using '.NETFramework,Version=v4.6.1, .NETFramework,Version=v4.6.2, .NETFramework,Version=v4.7, .NETFramework,Version=v4.7.1, .NETFramework,Version=v4.7.2, .NETFramework,Version=v4.8, .NETFramework,Version=v4.8.1' instead of the project target framework 'net8.0'. This package may not be fully compatible with your project.
C:\Users\ultra\warewolf\Dev\Dev2.Diagnostics\Dev2.Diagnostics.csproj : warning NU1701: Package 'GroupControls 1.9.0' was restored using '.NETFramework,Version=v4.6.1, .NETFramework,Version=v4.6.2, .NETFramework,Version=v4.7, .NETFramework,Version=v4.7.1, .NETFramework,Version=v4.7.2, .NETFramework,Version=v4.8, .NETFramework,Version=v4.8.1' instead of the project target framework 'net8.0'. This package may not be fully compatible with your project.
C:\Users\ultra\warewolf\Dev\Dev2.Data\Dev2.Data.csproj : warning NU1701: Package 'GroupControls 1.9.0' was restored using '.NETFramework,Version=v4.6.1, .NETFramework,Version=v4.6.2, .NETFramework,Version=v4.7, .NETFramework,Version=v4.7.1, .NETFramework,Version=v4.7.2, .NETFramework,Version=v4.8, .NETFramework,Version=v4.8.1' instead of the project target framework 'net8.0'. This package may not be fully compatible with your project.
C:\Users\ultra\warewolf\Dev\Dev2.Infrastructure\Dev2.Infrastructure.csproj : warning NU1701: Package 'TaskSchedulerEditor 2.10.1' was restored using '.NETFramework,Version=v4.6.1, .NETFramework,Version=v4.6.2, .NETFramework,Version=v4.7, .NETFramework,Version=v4.7.1, .NETFramework,Version=v4.7.2, .NETFramework,Version=v4.8, .NETFramework,Version=v4.8.1' instead of the project target framework 'net8.0'. This package may not be fully compatible with your project.
C:\Users\ultra\warewolf\Dev\Dev2.Common.Interfaces\Dev2.Common.Interfaces.csproj : warning NU1701: Package 'TaskSchedulerEditor 2.10.1' was restored using '.NETFramework,Version=v4.6.1, .NETFramework,Version=v4.6.2, .NETFramework,Version=v4.7, .NETFramework,Version=v4.7.1, .NETFramework,Version=v4.7.2, .NETFramework,Version=v4.8, .NETFramework,Version=v4.8.1' instead of the project target framework 'net8.0'. This package may not be fully compatible with your project.
C:\Users\ultra\warewolf\Dev\Dev2.Core\Dev2.Core.csproj : warning NU1903: Package 'Microsoft.Windows.Compatibility' 6.0.0 has a known high severity vulnerability, https://github.com/advisories/GHSA-555c-2p6r-68mm
C:\Users\ultra\warewolf\Dev\Dev2.Diagnostics\Dev2.Diagnostics.csproj : warning NU1701: Package 'TaskSchedulerEditor 2.10.1' was restored using '.NETFramework,Version=v4.6.1, .NETFramework,Version=v4.6.2, .NETFramework,Version=v4.7, .NETFramework,Version=v4.7.1, .NETFramework,Version=v4.7.2, .NETFramework,Version=v4.8, .NETFramework,Version=v4.8.1' instead of the project target framework 'net8.0'. This package may not be fully compatible with your project.
C:\Users\ultra\warewolf\Dev\Dev2.Data\Dev2.Data.csproj : warning NU1701: Package 'ReactiveUI.WPF 18.4.1' was restored using '.NETFramework,Version=v4.6.1, .NETFramework,Version=v4.6.2, .NETFramework,Version=v4.7, .NETFramework,Version=v4.7.1, .NETFramework,Version=v4.7.2, .NETFramework,Version=v4.8, .NETFramework,Version=v4.8.1' instead of the project target framework 'net8.0'. This package may not be fully compatible with your project.
C:\Users\ultra\warewolf\Dev\Dev2.Core\Dev2.Core.csproj : warning NU1701: Package 'AeroWizard 2.3.1' was restored using '.NETFramework,Version=v4.6.1, .NETFramework,Version=v4.6.2, .NETFramework,Version=v4.7, .NETFramework,Version=v4.7.1, .NETFramework,Version=v4.7.2, .NETFramework,Version=v4.8, .NETFramework,Version=v4.8.1' instead of the project target framework 'net8.0'. This package may not be fully compatible with your project.
C:\Users\ultra\warewolf\Dev\Dev2.Data\Dev2.Data.csproj : warning NU1701: Package 'TaskSchedulerEditor 2.10.1' was restored using '.NETFramework,Version=v4.6.1, .NETFramework,Version=v4.6.2, .NETFramework,Version=v4.7, .NETFramework,Version=v4.7.1, .NETFramework,Version=v4.7.2, .NETFramework,Version=v4.8, .NETFramework,Version=v4.8.1' instead of the project target framework 'net8.0'. This package may not be fully compatible with your project.
C:\Users\ultra\warewolf\Dev\Dev2.Core\Dev2.Core.csproj : warning NU1701: Package 'GroupControls 1.9.0' was restored using '.NETFramework,Version=v4.6.1, .NETFramework,Version=v4.6.2, .NETFramework,Version=v4.7, .NETFramework,Version=v4.7.1, .NETFramework,Version=v4.7.2, .NETFramework,Version=v4.8, .NETFramework,Version=v4.8.1' instead of the project target framework 'net8.0'. This package may not be fully compatible with your project.
C:\Users\ultra\warewolf\Dev\Dev2.Core\Dev2.Core.csproj : warning NU1701: Package 'ReactiveUI.WPF 18.4.1' was restored using '.NETFramework,Version=v4.6.1, .NETFramework,Version=v4.6.2, .NETFramework,Version=v4.7, .NETFramework,Version=v4.7.1, .NETFramework,Version=v4.7.2, .NETFramework,Version=v4.8, .NETFramework,Version=v4.8.1' instead of the project target framework 'net8.0'. This package may not be fully compatible with your project.
C:\Users\ultra\warewolf\Dev\Dev2.Core\Dev2.Core.csproj : warning NU1701: Package 'TaskSchedulerEditor 2.10.1' was restored using '.NETFramework,Version=v4.6.1, .NETFramework,Version=v4.6.2, .NETFramework,Version=v4.7, .NETFramework,Version=v4.7.1, .NETFramework,Version=v4.7.2, .NETFramework,Version=v4.8, .NETFramework,Version=v4.8.1' instead of the project target framework 'net8.0'. This package may not be fully compatible with your project.
C:\Users\ultra\warewolf\Dev\Dev2.Data.Interfaces\Dev2.Data.Interfaces.csproj : warning NU1903: Package 'DotNetZip' 1.16.0 has a known high severity vulnerability, https://github.com/advisories/GHSA-xhg6-9j5j-w4vf
C:\Users\ultra\warewolf\Dev\Dev2.Activities\Dev2.Activities.csproj : warning NU1903: Package 'Microsoft.Windows.Compatibility' 6.0.0 has a known high severity vulnerability, https://github.com/advisories/GHSA-555c-2p6r-68mm
C:\Users\ultra\warewolf\Dev\Dev2.Data.Interfaces\Dev2.Data.Interfaces.csproj : warning NU1701: Package 'AeroWizard 2.3.1' was restored using '.NETFramework,Version=v4.6.1, .NETFramework,Version=v4.6.2, .NETFramework,Version=v4.7, .NETFramework,Version=v4.7.1, .NETFramework,Version=v4.7.2, .NETFramework,Version=v4.8, .NETFramework,Version=v4.8.1' instead of the project target framework 'net8.0'. This package may not be fully compatible with your project.
C:\Users\ultra\warewolf\Dev\Dev2.Activities\Dev2.Activities.csproj : warning NU1701: Package 'AeroWizard 2.3.1' was restored using '.NETFramework,Version=v4.6.1, .NETFramework,Version=v4.6.2, .NETFramework,Version=v4.7, .NETFramework,Version=v4.7.1, .NETFramework,Version=v4.7.2, .NETFramework,Version=v4.8, .NETFramework,Version=v4.8.1' instead of the project target framework 'net8.0'. This package may not be fully compatible with your project.
C:\Users\ultra\warewolf\Dev\Dev2.Activities\Dev2.Activities.csproj : warning NU1701: Package 'GroupControls 1.9.0' was restored using '.NETFramework,Version=v4.6.1, .NETFramework,Version=v4.6.2, .NETFramework,Version=v4.7, .NETFramework,Version=v4.7.1, .NETFramework,Version=v4.7.2, .NETFramework,Version=v4.8, .NETFramework,Version=v4.8.1' instead of the project target framework 'net8.0'. This package may not be fully compatible with your project.
C:\Users\ultra\warewolf\Dev\Dev2.Data.Interfaces\Dev2.Data.Interfaces.csproj : warning NU1701: Package 'GroupControls 1.9.0' was restored using '.NETFramework,Version=v4.6.1, .NETFramework,Version=v4.6.2, .NETFramework,Version=v4.7, .NETFramework,Version=v4.7.1, .NETFramework,Version=v4.7.2, .NETFramework,Version=v4.8, .NETFramework,Version=v4.8.1' instead of the project target framework 'net8.0'. This package may not be fully compatible with your project.
C:\Users\ultra\warewolf\Dev\Dev2.Activities\Dev2.Activities.csproj : warning NU1701: Package 'ReactiveUI.WPF 18.4.1' was restored using '.NETFramework,Version=v4.6.1, .NETFramework,Version=v4.6.2, .NETFramework,Version=v4.7, .NETFramework,Version=v4.7.1, .NETFramework,Version=v4.7.2, .NETFramework,Version=v4.8, .NETFramework,Version=v4.8.1' instead of the project target framework 'net8.0'. This package may not be fully compatible with your project.
C:\Users\ultra\warewolf\Dev\Dev2.Data.Interfaces\Dev2.Data.Interfaces.csproj : warning NU1701: Package 'TaskSchedulerEditor 2.10.1' was restored using '.NETFramework,Version=v4.6.1, .NETFramework,Version=v4.6.2, .NETFramework,Version=v4.7, .NETFramework,Version=v4.7.1, .NETFramework,Version=v4.7.2, .NETFramework,Version=v4.8, .NETFramework,Version=v4.8.1' instead of the project target framework 'net8.0'. This package may not be fully compatible with your project.
C:\Users\ultra\warewolf\Dev\Dev2.Activities\Dev2.Activities.csproj : warning NU1701: Package 'TaskSchedulerEditor 2.10.1' was restored using '.NETFramework,Version=v4.6.1, .NETFramework,Version=v4.6.2, .NETFramework,Version=v4.7, .NETFramework,Version=v4.7.1, .NETFramework,Version=v4.7.2, .NETFramework,Version=v4.8, .NETFramework,Version=v4.8.1' instead of the project target framework 'net8.0'. This package may not be fully compatible with your project.
C:\Users\ultra\warewolf\Dev\Dev2.Development.Languages\Dev2.Development.Languages.csproj : warning NU1701: Package 'AeroWizard 2.3.1' was restored using '.NETFramework,Version=v4.6.1, .NETFramework,Version=v4.6.2, .NETFramework,Version=v4.7, .NETFramework,Version=v4.7.1, .NETFramework,Version=v4.7.2, .NETFramework,Version=v4.8, .NETFramework,Version=v4.8.1' instead of the project target framework 'net8.0'. This package may not be fully compatible with your project.
C:\Users\ultra\warewolf\Dev\Dev2.Development.Languages\Dev2.Development.Languages.csproj : warning NU1701: Package 'GroupControls 1.9.0' was restored using '.NETFramework,Version=v4.6.1, .NETFramework,Version=v4.6.2, .NETFramework,Version=v4.7, .NETFramework,Version=v4.7.1, .NETFramework,Version=v4.7.2, .NETFramework,Version=v4.8, .NETFramework,Version=v4.8.1' instead of the project target framework 'net8.0'. This package may not be fully compatible with your project.
C:\Users\ultra\warewolf\Dev\Dev2.Development.Languages\Dev2.Development.Languages.csproj : warning NU1701: Package 'TaskSchedulerEditor 2.10.1' was restored using '.NETFramework,Version=v4.6.1, .NETFramework,Version=v4.6.2, .NETFramework,Version=v4.7, .NETFramework,Version=v4.7.1, .NETFramework,Version=v4.7.2, .NETFramework,Version=v4.8, .NETFramework,Version=v4.8.1' instead of the project target framework 'net8.0'. This package may not be fully compatible with your project.
C:\Users\ultra\warewolf\Dev\Dev2.CustomControls\Dev2.CustomControls.csproj : warning NU1903: Package 'Microsoft.Windows.Compatibility' 6.0.0 has a known high severity vulnerability, https://github.com/advisories/GHSA-555c-2p6r-68mm
C:\Users\ultra\warewolf\Dev\Dev2.CustomControls\Dev2.CustomControls.csproj : warning NU1701: Package 'AeroWizard 2.3.1' was restored using '.NETFramework,Version=v4.6.1, .NETFramework,Version=v4.6.2, .NETFramework,Version=v4.7, .NETFramework,Version=v4.7.1, .NETFramework,Version=v4.7.2, .NETFramework,Version=v4.8, .NETFramework,Version=v4.8.1' instead of the project target framework 'net8.0'. This package may not be fully compatible with your project.
C:\Users\ultra\warewolf\Dev\Dev2.CustomControls\Dev2.CustomControls.csproj : warning NU1701: Package 'GroupControls 1.9.0' was restored using '.NETFramework,Version=v4.6.1, .NETFramework,Version=v4.6.2, .NETFramework,Version=v4.7, .NETFramework,Version=v4.7.1, .NETFramework,Version=v4.7.2, .NETFramework,Version=v4.8, .NETFramework,Version=v4.8.1' instead of the project target framework 'net8.0'. This package may not be fully compatible with your project.
C:\Users\ultra\warewolf\Dev\Dev2.CustomControls\Dev2.CustomControls.csproj : warning NU1701: Package 'TaskSchedulerEditor 2.10.1' was restored using '.NETFramework,Version=v4.6.1, .NETFramework,Version=v4.6.2, .NETFramework,Version=v4.7, .NETFramework,Version=v4.7.1, .NETFramework,Version=v4.7.2, .NETFramework,Version=v4.8, .NETFramework,Version=v4.8.1' instead of the project target framework 'net8.0'. This package may not be fully compatible with your project.
C:\Users\ultra\warewolf\Dev\Dev2.Intellisense\Dev2.Intellisense.csproj : warning NU1701: Package 'AeroWizard 2.3.1' was restored using '.NETFramework,Version=v4.6.1, .NETFramework,Version=v4.6.2, .NETFramework,Version=v4.7, .NETFramework,Version=v4.7.1, .NETFramework,Version=v4.7.2, .NETFramework,Version=v4.8, .NETFramework,Version=v4.8.1' instead of the project target framework 'net8.0'. This package may not be fully compatible with your project.
C:\Users\ultra\warewolf\Dev\Dev2.Intellisense\Dev2.Intellisense.csproj : warning NU1701: Package 'GroupControls 1.9.0' was restored using '.NETFramework,Version=v4.6.1, .NETFramework,Version=v4.6.2, .NETFramework,Version=v4.7, .NETFramework,Version=v4.7.1, .NETFramework,Version=v4.7.2, .NETFramework,Version=v4.8, .NETFramework,Version=v4.8.1' instead of the project target framework 'net8.0'. This package may not be fully compatible with your project.
C:\Users\ultra\warewolf\Dev\Dev2.Intellisense\Dev2.Intellisense.csproj : warning NU1701: Package 'Microsoft.Xaml.Behaviors.Wpf 1.1.122' was restored using '.NETFramework,Version=v4.6.1, .NETFramework,Version=v4.6.2, .NETFramework,Version=v4.7, .NETFramework,Version=v4.7.1, .NETFramework,Version=v4.7.2, .NETFramework,Version=v4.8, .NETFramework,Version=v4.8.1' instead of the project target framework 'net8.0'. This package may not be fully compatible with your project.
C:\Users\ultra\warewolf\Dev\Dev2.Intellisense\Dev2.Intellisense.csproj : warning NU1701: Package 'Prism.Wpf 9.0.537' was restored using '.NETFramework,Version=v4.6.1, .NETFramework,Version=v4.6.2, .NETFramework,Version=v4.7, .NETFramework,Version=v4.7.1, .NETFramework,Version=v4.7.2, .NETFramework,Version=v4.8, .NETFramework,Version=v4.8.1' instead of the project target framework 'net8.0'. This package may not be fully compatible with your project.
C:\Users\ultra\warewolf\Dev\Dev2.Intellisense\Dev2.Intellisense.csproj : warning NU1701: Package 'ReactiveUI.WPF 18.4.1' was restored using '.NETFramework,Version=v4.6.1, .NETFramework,Version=v4.6.2, .NETFramework,Version=v4.7, .NETFramework,Version=v4.7.1, .NETFramework,Version=v4.7.2, .NETFramework,Version=v4.8, .NETFramework,Version=v4.8.1' instead of the project target framework 'net8.0'. This package may not be fully compatible with your project.
C:\Users\ultra\warewolf\Dev\Dev2.Intellisense\Dev2.Intellisense.csproj : warning NU1701: Package 'TaskSchedulerEditor 2.10.1' was restored using '.NETFramework,Version=v4.6.1, .NETFramework,Version=v4.6.2, .NETFramework,Version=v4.7, .NETFramework,Version=v4.7.1, .NETFramework,Version=v4.7.2, .NETFramework,Version=v4.8, .NETFramework,Version=v4.8.1' instead of the project target framework 'net8.0'. This package may not be fully compatible with your project.
C:\Users\ultra\warewolf\Dev\Warewolf.QueueWorker\Warewolf.QueueWorker.csproj : warning NU1701: Package 'AeroWizard 2.3.1' was restored using '.NETFramework,Version=v4.6.1, .NETFramework,Version=v4.6.2, .NETFramework,Version=v4.7, .NETFramework,Version=v4.7.1, .NETFramework,Version=v4.7.2, .NETFramework,Version=v4.8, .NETFramework,Version=v4.8.1' instead of the project target framework 'net8.0'. This package may not be fully compatible with your project.
C:\Users\ultra\warewolf\Dev\Warewolf.QueueWorker\Warewolf.QueueWorker.csproj : warning NU1701: Package 'GroupControls 1.9.0' was restored using '.NETFramework,Version=v4.6.1, .NETFramework,Version=v4.6.2, .NETFramework,Version=v4.7, .NETFramework,Version=v4.7.1, .NETFramework,Version=v4.7.2, .NETFramework,Version=v4.8, .NETFramework,Version=v4.8.1' instead of the project target framework 'net8.0'. This package may not be fully compatible with your project.
C:\Users\ultra\warewolf\Dev\Warewolf.QueueWorker\Warewolf.QueueWorker.csproj : warning NU1701: Package 'Microsoft.Xaml.Behaviors.Wpf 1.1.122' was restored using '.NETFramework,Version=v4.6.1, .NETFramework,Version=v4.6.2, .NETFramework,Version=v4.7, .NETFramework,Version=v4.7.1, .NETFramework,Version=v4.7.2, .NETFramework,Version=v4.8, .NETFramework,Version=v4.8.1' instead of the project target framework 'net8.0'. This package may not be fully compatible with your project.
C:\Users\ultra\warewolf\Dev\Warewolf.QueueWorker\Warewolf.QueueWorker.csproj : warning NU1701: Package 'Prism.Wpf 9.0.537' was restored using '.NETFramework,Version=v4.6.1, .NETFramework,Version=v4.6.2, .NETFramework,Version=v4.7, .NETFramework,Version=v4.7.1, .NETFramework,Version=v4.7.2, .NETFramework,Version=v4.8, .NETFramework,Version=v4.8.1' instead of the project target framework 'net8.0'. This package may not be fully compatible with your project.
C:\Users\ultra\warewolf\Dev\Warewolf.QueueWorker\Warewolf.QueueWorker.csproj : warning NU1701: Package 'ReactiveUI.WPF 18.4.1' was restored using '.NETFramework,Version=v4.6.1, .NETFramework,Version=v4.6.2, .NETFramework,Version=v4.7, .NETFramework,Version=v4.7.1, .NETFramework,Version=v4.7.2, .NETFramework,Version=v4.8, .NETFramework,Version=v4.8.1' instead of the project target framework 'net8.0'. This package may not be fully compatible with your project.
C:\Users\ultra\warewolf\Dev\Warewolf.QueueWorker\Warewolf.QueueWorker.csproj : warning NU1701: Package 'TaskSchedulerEditor 2.10.1' was restored using '.NETFramework,Version=v4.6.1, .NETFramework,Version=v4.6.2, .NETFramework,Version=v4.7, .NETFramework,Version=v4.7.1, .NETFramework,Version=v4.7.2, .NETFramework,Version=v4.8, .NETFramework,Version=v4.8.1' instead of the project target framework 'net8.0'. This package may not be fully compatible with your project.
C:\Users\ultra\warewolf\Dev\Dev2.Runtime.Configuration\Dev2.Runtime.Configuration.csproj : warning NU1903: Package 'Microsoft.Windows.Compatibility' 6.0.0 has a known high severity vulnerability, https://github.com/advisories/GHSA-555c-2p6r-68mm
C:\Users\ultra\warewolf\Dev\Dev2.Runtime.Configuration\Dev2.Runtime.Configuration.csproj : warning NU1701: Package 'AeroWizard 2.3.1' was restored using '.NETFramework,Version=v4.6.1, .NETFramework,Version=v4.6.2, .NETFramework,Version=v4.7, .NETFramework,Version=v4.7.1, .NETFramework,Version=v4.7.2, .NETFramework,Version=v4.8, .NETFramework,Version=v4.8.1' instead of the project target framework 'net8.0'. This package may not be fully compatible with your project.
C:\Users\ultra\warewolf\Dev\Dev2.Runtime.Configuration\Dev2.Runtime.Configuration.csproj : warning NU1701: Package 'GroupControls 1.9.0' was restored using '.NETFramework,Version=v4.6.1, .NETFramework,Version=v4.6.2, .NETFramework,Version=v4.7, .NETFramework,Version=v4.7.1, .NETFramework,Version=v4.7.2, .NETFramework,Version=v4.8, .NETFramework,Version=v4.8.1' instead of the project target framework 'net8.0'. This package may not be fully compatible with your project.
C:\Users\ultra\warewolf\Dev\Dev2.Runtime.Configuration\Dev2.Runtime.Configuration.csproj : warning NU1701: Package 'TaskSchedulerEditor 2.10.1' was restored using '.NETFramework,Version=v4.6.1, .NETFramework,Version=v4.6.2, .NETFramework,Version=v4.7, .NETFramework,Version=v4.7.1, .NETFramework,Version=v4.7.2, .NETFramework,Version=v4.8, .NETFramework,Version=v4.8.1' instead of the project target framework 'net8.0'. This package may not be fully compatible with your project.
C:\Users\ultra\warewolf\Dev\Warewolf.Sharepoint\Warewolf.Sharepoint.csproj : warning NU1701: Package 'AeroWizard 2.3.1' was restored using '.NETFramework,Version=v4.6.1, .NETFramework,Version=v4.6.2, .NETFramework,Version=v4.7, .NETFramework,Version=v4.7.1, .NETFramework,Version=v4.7.2, .NETFramework,Version=v4.8, .NETFramework,Version=v4.8.1' instead of the project target framework 'net8.0'. This package may not be fully compatible with your project.
C:\Users\ultra\warewolf\Dev\Warewolf.Sharepoint\Warewolf.Sharepoint.csproj : warning NU1701: Package 'GroupControls 1.9.0' was restored using '.NETFramework,Version=v4.6.1, .NETFramework,Version=v4.6.2, .NETFramework,Version=v4.7, .NETFramework,Version=v4.7.1, .NETFramework,Version=v4.7.2, .NETFramework,Version=v4.8, .NETFramework,Version=v4.8.1' instead of the project target framework 'net8.0'. This package may not be fully compatible with your project.
C:\Users\ultra\warewolf\Dev\Warewolf.Sharepoint\Warewolf.Sharepoint.csproj : warning NU1701: Package 'ReactiveUI.WPF 18.4.1' was restored using '.NETFramework,Version=v4.6.1, .NETFramework,Version=v4.6.2, .NETFramework,Version=v4.7, .NETFramework,Version=v4.7.1, .NETFramework,Version=v4.7.2, .NETFramework,Version=v4.8, .NETFramework,Version=v4.8.1' instead of the project target framework 'net8.0'. This package may not be fully compatible with your project.
C:\Users\ultra\warewolf\Dev\Warewolf.Sharepoint\Warewolf.Sharepoint.csproj : warning NU1701: Package 'TaskSchedulerEditor 2.10.1' was restored using '.NETFramework,Version=v4.6.1, .NETFramework,Version=v4.6.2, .NETFramework,Version=v4.7, .NETFramework,Version=v4.7.1, .NETFramework,Version=v4.7.2, .NETFramework,Version=v4.8, .NETFramework,Version=v4.8.1' instead of the project target framework 'net8.0'. This package may not be fully compatible with your project.
C:\Users\ultra\warewolf\Dev\Warewolf.Storage\Warewolf.Storage.csproj : warning NU1701: Package 'AeroWizard 2.3.1' was restored using '.NETFramework,Version=v4.6.1, .NETFramework,Version=v4.6.2, .NETFramework,Version=v4.7, .NETFramework,Version=v4.7.1, .NETFramework,Version=v4.7.2, .NETFramework,Version=v4.8, .NETFramework,Version=v4.8.1' instead of the project target framework 'net8.0'. This package may not be fully compatible with your project.
C:\Users\ultra\warewolf\Dev\Warewolf.Storage\Warewolf.Storage.csproj : warning NU1701: Package 'GroupControls 1.9.0' was restored using '.NETFramework,Version=v4.6.1, .NETFramework,Version=v4.6.2, .NETFramework,Version=v4.7, .NETFramework,Version=v4.7.1, .NETFramework,Version=v4.7.2, .NETFramework,Version=v4.8, .NETFramework,Version=v4.8.1' instead of the project target framework 'net8.0'. This package may not be fully compatible with your project.
C:\Users\ultra\warewolf\Dev\Warewolf.Storage\Warewolf.Storage.csproj : warning NU1701: Package 'ReactiveUI.WPF 18.4.1' was restored using '.NETFramework,Version=v4.6.1, .NETFramework,Version=v4.6.2, .NETFramework,Version=v4.7, .NETFramework,Version=v4.7.1, .NETFramework,Version=v4.7.2, .NETFramework,Version=v4.8, .NETFramework,Version=v4.8.1' instead of the project target framework 'net8.0'. This package may not be fully compatible with your project.
C:\Users\ultra\warewolf\Dev\Warewolf.Storage\Warewolf.Storage.csproj : warning NU1701: Package 'TaskSchedulerEditor 2.10.1' was restored using '.NETFramework,Version=v4.6.1, .NETFramework,Version=v4.6.2, .NETFramework,Version=v4.7, .NETFramework,Version=v4.7.1, .NETFramework,Version=v4.7.2, .NETFramework,Version=v4.8, .NETFramework,Version=v4.8.1' instead of the project target framework 'net8.0'. This package may not be fully compatible with your project.
C:\Users\ultra\warewolf\Dev\Dev2.Util\Dev2.Util.csproj : warning NU1903: Package 'Microsoft.Windows.Compatibility' 6.0.0 has a known high severity vulnerability, https://github.com/advisories/GHSA-555c-2p6r-68mm
C:\Users\ultra\warewolf\Dev\Dev2.Util\Dev2.Util.csproj : warning NU1701: Package 'AeroWizard 2.3.1' was restored using '.NETFramework,Version=v4.6.1, .NETFramework,Version=v4.6.2, .NETFramework,Version=v4.7, .NETFramework,Version=v4.7.1, .NETFramework,Version=v4.7.2, .NETFramework,Version=v4.8, .NETFramework,Version=v4.8.1' instead of the project target framework 'net8.0'. This package may not be fully compatible with your project.
C:\Users\ultra\warewolf\Dev\Dev2.Util\Dev2.Util.csproj : warning NU1701: Package 'GroupControls 1.9.0' was restored using '.NETFramework,Version=v4.6.1, .NETFramework,Version=v4.6.2, .NETFramework,Version=v4.7, .NETFramework,Version=v4.7.1, .NETFramework,Version=v4.7.2, .NETFramework,Version=v4.8, .NETFramework,Version=v4.8.1' instead of the project target framework 'net8.0'. This package may not be fully compatible with your project.
C:\Users\ultra\warewolf\Dev\Dev2.Util\Dev2.Util.csproj : warning NU1701: Package 'TaskSchedulerEditor 2.10.1' was restored using '.NETFramework,Version=v4.6.1, .NETFramework,Version=v4.6.2, .NETFramework,Version=v4.7, .NETFramework,Version=v4.7.1, .NETFramework,Version=v4.7.2, .NETFramework,Version=v4.8, .NETFramework,Version=v4.8.1' instead of the project target framework 'net8.0'. This package may not be fully compatible with your project.
  Log4Net.Async -> C:\Users\ultra\warewolf\Dev\Log4Net.Async\bin\Debug\net8.0\Log4Net.Async.dll
C:\Users\ultra\warewolf\Dev\Dev2.TaskScheduler.Wrappers\Dev2.TaskScheduler.Wrappers.csproj : warning NU1701: Package 'AeroWizard 2.3.1' was restored using '.NETFramework,Version=v4.6.1, .NETFramework,Version=v4.6.2, .NETFramework,Version=v4.7, .NETFramework,Version=v4.7.1, .NETFramework,Version=v4.7.2, .NETFramework,Version=v4.8, .NETFramework,Version=v4.8.1' instead of the project target framework 'net8.0'. This package may not be fully compatible with your project.
C:\Users\ultra\warewolf\Dev\Dev2.TaskScheduler.Wrappers\Dev2.TaskScheduler.Wrappers.csproj : warning NU1701: Package 'GroupControls 1.9.0' was restored using '.NETFramework,Version=v4.6.1, .NETFramework,Version=v4.6.2, .NETFramework,Version=v4.7, .NETFramework,Version=v4.7.1, .NETFramework,Version=v4.7.2, .NETFramework,Version=v4.8, .NETFramework,Version=v4.8.1' instead of the project target framework 'net8.0'. This package may not be fully compatible with your project.
C:\Users\ultra\warewolf\Dev\Dev2.TaskScheduler.Wrappers\Dev2.TaskScheduler.Wrappers.csproj : warning NU1701: Package 'TaskSchedulerEditor 2.10.1' was restored using '.NETFramework,Version=v4.6.1, .NETFramework,Version=v4.6.2, .NETFramework,Version=v4.7, .NETFramework,Version=v4.7.1, .NETFramework,Version=v4.7.2, .NETFramework,Version=v4.8, .NETFramework,Version=v4.8.1' instead of the project target framework 'net8.0'. This package may not be fully compatible with your project.
C:\Users\ultra\warewolf\Dev\Warewolf.Exchange.Email.Wrapper\Warewolf.Exchange.Email.Wrapper.csproj : warning NU1701: Package 'AeroWizard 2.3.1' was restored using '.NETFramework,Version=v4.6.1, .NETFramework,Version=v4.6.2, .NETFramework,Version=v4.7, .NETFramework,Version=v4.7.1, .NETFramework,Version=v4.7.2, .NETFramework,Version=v4.8, .NETFramework,Version=v4.8.1' instead of the project target framework 'net8.0'. This package may not be fully compatible with your project.
C:\Users\ultra\warewolf\Dev\Warewolf.Exchange.Email.Wrapper\Warewolf.Exchange.Email.Wrapper.csproj : warning NU1701: Package 'GroupControls 1.9.0' was restored using '.NETFramework,Version=v4.6.1, .NETFramework,Version=v4.6.2, .NETFramework,Version=v4.7, .NETFramework,Version=v4.7.1, .NETFramework,Version=v4.7.2, .NETFramework,Version=v4.8, .NETFramework,Version=v4.8.1' instead of the project target framework 'net8.0'. This package may not be fully compatible with your project.
C:\Users\ultra\warewolf\Dev\Warewolf.Exchange.Email.Wrapper\Warewolf.Exchange.Email.Wrapper.csproj : warning NU1701: Package 'ReactiveUI.WPF 18.4.1' was restored using '.NETFramework,Version=v4.6.1, .NETFramework,Version=v4.6.2, .NETFramework,Version=v4.7, .NETFramework,Version=v4.7.1, .NETFramework,Version=v4.7.2, .NETFramework,Version=v4.8, .NETFramework,Version=v4.8.1' instead of the project target framework 'net8.0'. This package may not be fully compatible with your project.
C:\Users\ultra\warewolf\Dev\Dev2.Services.Execution\Dev2.Services.Execution.csproj : warning NU1701: Package 'AeroWizard 2.3.1' was restored using '.NETFramework,Version=v4.6.1, .NETFramework,Version=v4.6.2, .NETFramework,Version=v4.7, .NETFramework,Version=v4.7.1, .NETFramework,Version=v4.7.2, .NETFramework,Version=v4.8, .NETFramework,Version=v4.8.1' instead of the project target framework 'net8.0'. This package may not be fully compatible with your project.
C:\Users\ultra\warewolf\Dev\Dev2.Services.Execution\Dev2.Services.Execution.csproj : warning NU1701: Package 'GroupControls 1.9.0' was restored using '.NETFramework,Version=v4.6.1, .NETFramework,Version=v4.6.2, .NETFramework,Version=v4.7, .NETFramework,Version=v4.7.1, .NETFramework,Version=v4.7.2, .NETFramework,Version=v4.8, .NETFramework,Version=v4.8.1' instead of the project target framework 'net8.0'. This package may not be fully compatible with your project.
C:\Users\ultra\warewolf\Dev\Warewolf.Exchange.Email.Wrapper\Warewolf.Exchange.Email.Wrapper.csproj : warning NU1701: Package 'TaskSchedulerEditor 2.10.1' was restored using '.NETFramework,Version=v4.6.1, .NETFramework,Version=v4.6.2, .NETFramework,Version=v4.7, .NETFramework,Version=v4.7.1, .NETFramework,Version=v4.7.2, .NETFramework,Version=v4.8, .NETFramework,Version=v4.8.1' instead of the project target framework 'net8.0'. This package may not be fully compatible with your project.
C:\Users\ultra\warewolf\Dev\Dev2.Services.Execution\Dev2.Services.Execution.csproj : warning NU1701: Package 'ReactiveUI.WPF 18.4.1' was restored using '.NETFramework,Version=v4.6.1, .NETFramework,Version=v4.6.2, .NETFramework,Version=v4.7, .NETFramework,Version=v4.7.1, .NETFramework,Version=v4.7.2, .NETFramework,Version=v4.8, .NETFramework,Version=v4.8.1' instead of the project target framework 'net8.0'. This package may not be fully compatible with your project.
C:\Users\ultra\warewolf\Dev\Dev2.Services.Execution\Dev2.Services.Execution.csproj : warning NU1701: Package 'TaskSchedulerEditor 2.10.1' was restored using '.NETFramework,Version=v4.6.1, .NETFramework,Version=v4.6.2, .NETFramework,Version=v4.7, .NETFramework,Version=v4.7.1, .NETFramework,Version=v4.7.2, .NETFramework,Version=v4.8, .NETFramework,Version=v4.8.1' instead of the project target framework 'net8.0'. This package may not be fully compatible with your project.
C:\Users\ultra\warewolf\Dev\Warewolf.Driver.Persistence\Warewolf.Driver.Persistence.csproj : warning NU1701: Package 'AeroWizard 2.3.1' was restored using '.NETFramework,Version=v4.6.1, .NETFramework,Version=v4.6.2, .NETFramework,Version=v4.7, .NETFramework,Version=v4.7.1, .NETFramework,Version=v4.7.2, .NETFramework,Version=v4.8, .NETFramework,Version=v4.8.1' instead of the project target framework 'net8.0'. This package may not be fully compatible with your project.
C:\Users\ultra\warewolf\Dev\Warewolf.Driver.Persistence\Warewolf.Driver.Persistence.csproj : warning NU1701: Package 'GroupControls 1.9.0' was restored using '.NETFramework,Version=v4.6.1, .NETFramework,Version=v4.6.2, .NETFramework,Version=v4.7, .NETFramework,Version=v4.7.1, .NETFramework,Version=v4.7.2, .NETFramework,Version=v4.8, .NETFramework,Version=v4.8.1' instead of the project target framework 'net8.0'. This package may not be fully compatible with your project.
C:\Users\ultra\warewolf\Dev\Warewolf.Driver.Persistence\Warewolf.Driver.Persistence.csproj : warning NU1701: Package 'ReactiveUI.WPF 18.4.1' was restored using '.NETFramework,Version=v4.6.1, .NETFramework,Version=v4.6.2, .NETFramework,Version=v4.7, .NETFramework,Version=v4.7.1, .NETFramework,Version=v4.7.2, .NETFramework,Version=v4.8, .NETFramework,Version=v4.8.1' instead of the project target framework 'net8.0'. This package may not be fully compatible with your project.
C:\Users\ultra\warewolf\Dev\Warewolf.Driver.Persistence\Warewolf.Driver.Persistence.csproj : warning NU1701: Package 'TaskSchedulerEditor 2.10.1' was restored using '.NETFramework,Version=v4.6.1, .NETFramework,Version=v4.6.2, .NETFramework,Version=v4.7, .NETFramework,Version=v4.7.1, .NETFramework,Version=v4.7.2, .NETFramework,Version=v4.8, .NETFramework,Version=v4.8.1' instead of the project target framework 'net8.0'. This package may not be fully compatible with your project.
C:\Users\ultra\warewolf\Dev\Warewolf.Common.NetStandard20\Warewolf.Common.NetStandard20.csproj : warning NU1701: Package 'AeroWizard 2.3.1' was restored using '.NETFramework,Version=v4.6.1, .NETFramework,Version=v4.6.2, .NETFramework,Version=v4.7, .NETFramework,Version=v4.7.1, .NETFramework,Version=v4.7.2, .NETFramework,Version=v4.8, .NETFramework,Version=v4.8.1' instead of the project target framework 'net8.0'. This package may not be fully compatible with your project.
C:\Users\ultra\warewolf\Dev\Warewolf.Common.NetStandard20\Warewolf.Common.NetStandard20.csproj : warning NU1701: Package 'GroupControls 1.9.0' was restored using '.NETFramework,Version=v4.6.1, .NETFramework,Version=v4.6.2, .NETFramework,Version=v4.7, .NETFramework,Version=v4.7.1, .NETFramework,Version=v4.7.2, .NETFramework,Version=v4.8, .NETFramework,Version=v4.8.1' instead of the project target framework 'net8.0'. This package may not be fully compatible with your project.
C:\Users\ultra\warewolf\Dev\Warewolf.Common.NetStandard20\Warewolf.Common.NetStandard20.csproj : warning NU1701: Package 'ReactiveUI.WPF 18.4.1' was restored using '.NETFramework,Version=v4.6.1, .NETFramework,Version=v4.6.2, .NETFramework,Version=v4.7, .NETFramework,Version=v4.7.1, .NETFramework,Version=v4.7.2, .NETFramework,Version=v4.8, .NETFramework,Version=v4.8.1' instead of the project target framework 'net8.0'. This package may not be fully compatible with your project.
C:\Users\ultra\warewolf\Dev\Warewolf.Common.NetStandard20\Warewolf.Common.NetStandard20.csproj : warning NU1701: Package 'TaskSchedulerEditor 2.10.1' was restored using '.NETFramework,Version=v4.6.1, .NETFramework,Version=v4.6.2, .NETFramework,Version=v4.7, .NETFramework,Version=v4.7.1, .NETFramework,Version=v4.7.2, .NETFramework,Version=v4.8, .NETFramework,Version=v4.8.1' instead of the project target framework 'net8.0'. This package may not be fully compatible with your project.
C:\Users\ultra\warewolf\Dev\Warewolf.ResourceManagement\Warewolf.ResourceManagement.csproj : warning NU1701: Package 'AeroWizard 2.3.1' was restored using '.NETFramework,Version=v4.6.1, .NETFramework,Version=v4.6.2, .NETFramework,Version=v4.7, .NETFramework,Version=v4.7.1, .NETFramework,Version=v4.7.2, .NETFramework,Version=v4.8, .NETFramework,Version=v4.8.1' instead of the project target framework 'net8.0'. This package may not be fully compatible with your project.
C:\Users\ultra\warewolf\Dev\Warewolf.ResourceManagement\Warewolf.ResourceManagement.csproj : warning NU1701: Package 'GroupControls 1.9.0' was restored using '.NETFramework,Version=v4.6.1, .NETFramework,Version=v4.6.2, .NETFramework,Version=v4.7, .NETFramework,Version=v4.7.1, .NETFramework,Version=v4.7.2, .NETFramework,Version=v4.8, .NETFramework,Version=v4.8.1' instead of the project target framework 'net8.0'. This package may not be fully compatible with your project.
C:\Users\ultra\warewolf\Dev\Warewolf.ResourceManagement\Warewolf.ResourceManagement.csproj : warning NU1701: Package 'ReactiveUI.WPF 18.4.1' was restored using '.NETFramework,Version=v4.6.1, .NETFramework,Version=v4.6.2, .NETFramework,Version=v4.7, .NETFramework,Version=v4.7.1, .NETFramework,Version=v4.7.2, .NETFramework,Version=v4.8, .NETFramework,Version=v4.8.1' instead of the project target framework 'net8.0'. This package may not be fully compatible with your project.
C:\Users\ultra\warewolf\Dev\Warewolf.ResourceManagement\Warewolf.ResourceManagement.csproj : warning NU1701: Package 'TaskSchedulerEditor 2.10.1' was restored using '.NETFramework,Version=v4.6.1, .NETFramework,Version=v4.6.2, .NETFramework,Version=v4.7, .NETFramework,Version=v4.7.1, .NETFramework,Version=v4.7.2, .NETFramework,Version=v4.8, .NETFramework,Version=v4.8.1' instead of the project target framework 'net8.0'. This package may not be fully compatible with your project.
  Warewolf.Weave -> C:\Users\ultra\warewolf\Dev\Warewolf.Weave\bin\Debug\net8.0\Warewolf.Weave.dll
C:\Users\ultra\warewolf\Dev\Warewolf.Auditing\Warewolf.Auditing.csproj : warning NU1701: Package 'AeroWizard 2.3.1' was restored using '.NETFramework,Version=v4.6.1, .NETFramework,Version=v4.6.2, .NETFramework,Version=v4.7, .NETFramework,Version=v4.7.1, .NETFramework,Version=v4.7.2, .NETFramework,Version=v4.8, .NETFramework,Version=v4.8.1' instead of the project target framework 'net8.0'. This package may not be fully compatible with your project.
C:\Users\ultra\warewolf\Dev\Warewolf.Auditing\Warewolf.Auditing.csproj : warning NU1701: Package 'GroupControls 1.9.0' was restored using '.NETFramework,Version=v4.6.1, .NETFramework,Version=v4.6.2, .NETFramework,Version=v4.7, .NETFramework,Version=v4.7.1, .NETFramework,Version=v4.7.2, .NETFramework,Version=v4.8, .NETFramework,Version=v4.8.1' instead of the project target framework 'net8.0'. This package may not be fully compatible with your project.
C:\Users\ultra\warewolf\Dev\Warewolf.Auditing\Warewolf.Auditing.csproj : warning NU1701: Package 'ReactiveUI.WPF 18.4.1' was restored using '.NETFramework,Version=v4.6.1, .NETFramework,Version=v4.6.2, .NETFramework,Version=v4.7, .NETFramework,Version=v4.7.1, .NETFramework,Version=v4.7.2, .NETFramework,Version=v4.8, .NETFramework,Version=v4.8.1' instead of the project target framework 'net8.0'. This package may not be fully compatible with your project.
C:\Users\ultra\warewolf\Dev\Warewolf.Auditing\Warewolf.Auditing.csproj : warning NU1701: Package 'TaskSchedulerEditor 2.10.1' was restored using '.NETFramework,Version=v4.6.1, .NETFramework,Version=v4.6.2, .NETFramework,Version=v4.7, .NETFramework,Version=v4.7.1, .NETFramework,Version=v4.7.2, .NETFramework,Version=v4.8, .NETFramework,Version=v4.8.1' instead of the project target framework 'net8.0'. This package may not be fully compatible with your project.
  Dev2.Net6.Compatibility -> C:\Users\ultra\warewolf\Dev\Dev2.Net6.Compatibility\bin\Debug\net8.0\Dev2.Net6.Compatibility.dll
C:\Users\ultra\warewolf\Dev\Dev2.Runtime.Services\Dev2.Runtime.Services.csproj : warning NU1902: Package 'MessagePack' 2.4.59 has a known moderate severity vulnerability, https://github.com/advisories/GHSA-4qm4-8hg2-g2xm
C:\Users\ultra\warewolf\Dev\Dev2.Runtime.Services\Dev2.Runtime.Services.csproj : warning NU1903: Package 'Microsoft.Windows.Compatibility' 6.0.0 has a known high severity vulnerability, https://github.com/advisories/GHSA-555c-2p6r-68mm
C:\Users\ultra\warewolf\Dev\Dev2.Runtime.Services\Dev2.Runtime.Services.csproj : warning NU1701: Package 'AeroWizard 2.3.1' was restored using '.NETFramework,Version=v4.6.1, .NETFramework,Version=v4.6.2, .NETFramework,Version=v4.7, .NETFramework,Version=v4.7.1, .NETFramework,Version=v4.7.2, .NETFramework,Version=v4.8, .NETFramework,Version=v4.8.1' instead of the project target framework 'net8.0'. This package may not be fully compatible with your project.
C:\Users\ultra\warewolf\Dev\Dev2.Runtime.Services\Dev2.Runtime.Services.csproj : warning NU1701: Package 'GroupControls 1.9.0' was restored using '.NETFramework,Version=v4.6.1, .NETFramework,Version=v4.6.2, .NETFramework,Version=v4.7, .NETFramework,Version=v4.7.1, .NETFramework,Version=v4.7.2, .NETFramework,Version=v4.8, .NETFramework,Version=v4.8.1' instead of the project target framework 'net8.0'. This package may not be fully compatible with your project.
C:\Users\ultra\warewolf\Dev\Dev2.Runtime.Services\Dev2.Runtime.Services.csproj : warning NU1701: Package 'ReactiveUI.WPF 18.4.1' was restored using '.NETFramework,Version=v4.6.1, .NETFramework,Version=v4.6.2, .NETFramework,Version=v4.7, .NETFramework,Version=v4.7.1, .NETFramework,Version=v4.7.2, .NETFramework,Version=v4.8, .NETFramework,Version=v4.8.1' instead of the project target framework 'net8.0'. This package may not be fully compatible with your project.
C:\Users\ultra\warewolf\Dev\Dev2.Runtime.Services\Dev2.Runtime.Services.csproj : warning NU1701: Package 'TaskSchedulerEditor 2.10.1' was restored using '.NETFramework,Version=v4.6.1, .NETFramework,Version=v4.6.2, .NETFramework,Version=v4.7, .NETFramework,Version=v4.7.1, .NETFramework,Version=v4.7.2, .NETFramework,Version=v4.8, .NETFramework,Version=v4.8.1' instead of the project target framework 'net8.0'. This package may not be fully compatible with your project.
C:\Users\ultra\warewolf\Dev\Warewolf.Common\Warewolf.Common.csproj : warning NU1701: Package 'AeroWizard 2.3.1' was restored using '.NETFramework,Version=v4.6.1, .NETFramework,Version=v4.6.2, .NETFramework,Version=v4.7, .NETFramework,Version=v4.7.1, .NETFramework,Version=v4.7.2, .NETFramework,Version=v4.8, .NETFramework,Version=v4.8.1' instead of the project target framework 'net8.0'. This package may not be fully compatible with your project.
C:\Users\ultra\warewolf\Dev\Warewolf.Common\Warewolf.Common.csproj : warning NU1701: Package 'GroupControls 1.9.0' was restored using '.NETFramework,Version=v4.6.1, .NETFramework,Version=v4.6.2, .NETFramework,Version=v4.7, .NETFramework,Version=v4.7.1, .NETFramework,Version=v4.7.2, .NETFramework,Version=v4.8, .NETFramework,Version=v4.8.1' instead of the project target framework 'net8.0'. This package may not be fully compatible with your project.
C:\Users\ultra\warewolf\Dev\Warewolf.Common\Warewolf.Common.csproj : warning NU1701: Package 'TaskSchedulerEditor 2.10.1' was restored using '.NETFramework,Version=v4.6.1, .NETFramework,Version=v4.6.2, .NETFramework,Version=v4.7, .NETFramework,Version=v4.7.1, .NETFramework,Version=v4.7.2, .NETFramework,Version=v4.8, .NETFramework,Version=v4.8.1' instead of the project target framework 'net8.0'. This package may not be fully compatible with your project.
C:\Program Files\dotnet\sdk\10.0.201\Sdks\Microsoft.NET.Sdk\targets\Microsoft.NET.Sdk.DefaultItems.targets(162,5): warning NETSDK1137: It is no longer necessary to use the Microsoft.NET.Sdk.WindowsDesktop SDK. Consider changing the Sdk attribute of the root Project element to 'Microsoft.NET.Sdk'. [C:\Users\ultra\warewolf\Dev\Warewolf.UI\Warewolf.UI.csproj]
C:\Program Files\dotnet\sdk\10.0.201\Sdks\Microsoft.NET.Sdk.WindowsDesktop\targets\Microsoft.NET.Sdk.WindowsDesktop.targets(138,5): warning NETSDK1106: Microsoft.NET.Sdk.WindowsDesktop requires 'UseWpf' or 'UseWindowsForms' to be set to 'true' [C:\Users\ultra\warewolf\Dev\Warewolf.UI\Warewolf.UI.csproj]
C:\Users\ultra\warewolf\Dev\Warewolf.Data\Warewolf.Data.csproj : warning NU1701: Package 'AeroWizard 2.3.1' was restored using '.NETFramework,Version=v4.6.1, .NETFramework,Version=v4.6.2, .NETFramework,Version=v4.7, .NETFramework,Version=v4.7.1, .NETFramework,Version=v4.7.2, .NETFramework,Version=v4.8, .NETFramework,Version=v4.8.1' instead of the project target framework 'net8.0'. This package may not be fully compatible with your project.
C:\Users\ultra\warewolf\Dev\Warewolf.Data\Warewolf.Data.csproj : warning NU1701: Package 'GroupControls 1.9.0' was restored using '.NETFramework,Version=v4.6.1, .NETFramework,Version=v4.6.2, .NETFramework,Version=v4.7, .NETFramework,Version=v4.7.1, .NETFramework,Version=v4.7.2, .NETFramework,Version=v4.8, .NETFramework,Version=v4.8.1' instead of the project target framework 'net8.0'. This package may not be fully compatible with your project.
C:\Users\ultra\warewolf\Dev\Warewolf.Data\Warewolf.Data.csproj : warning NU1701: Package 'TaskSchedulerEditor 2.10.1' was restored using '.NETFramework,Version=v4.6.1, .NETFramework,Version=v4.6.2, .NETFramework,Version=v4.7, .NETFramework,Version=v4.7.1, .NETFramework,Version=v4.7.2, .NETFramework,Version=v4.8, .NETFramework,Version=v4.8.1' instead of the project target framework 'net8.0'. This package may not be fully compatible with your project.
C:\Users\ultra\warewolf\Dev\Warewolf.UI\Warewolf.UI.csproj : warning NU1701: Package 'AeroWizard 2.3.1' was restored using '.NETFramework,Version=v4.6.1, .NETFramework,Version=v4.6.2, .NETFramework,Version=v4.7, .NETFramework,Version=v4.7.1, .NETFramework,Version=v4.7.2, .NETFramework,Version=v4.8, .NETFramework,Version=v4.8.1' instead of the project target framework 'net8.0'. This package may not be fully compatible with your project.
C:\Users\ultra\warewolf\Dev\Warewolf.Common.Framework48\Warewolf.Common.Framework48.csproj : warning NU1902: Package 'System.IdentityModel.Tokens.Jwt' 5.1.0 has a known moderate severity vulnerability, https://github.com/advisories/GHSA-59j7-ghrg-fj52
C:\Users\ultra\warewolf\Dev\Warewolf.UI\Warewolf.UI.csproj : warning NU1701: Package 'GroupControls 1.9.0' was restored using '.NETFramework,Version=v4.6.1, .NETFramework,Version=v4.6.2, .NETFramework,Version=v4.7, .NETFramework,Version=v4.7.1, .NETFramework,Version=v4.7.2, .NETFramework,Version=v4.8, .NETFramework,Version=v4.8.1' instead of the project target framework 'net8.0'. This package may not be fully compatible with your project.
C:\Users\ultra\warewolf\Dev\Warewolf.Common.Framework48\Warewolf.Common.Framework48.csproj : warning NU1701: Package 'AeroWizard 2.3.1' was restored using '.NETFramework,Version=v4.6.1, .NETFramework,Version=v4.6.2, .NETFramework,Version=v4.7, .NETFramework,Version=v4.7.1, .NETFramework,Version=v4.7.2, .NETFramework,Version=v4.8, .NETFramework,Version=v4.8.1' instead of the project target framework 'net8.0'. This package may not be fully compatible with your project.
C:\Users\ultra\warewolf\Dev\Warewolf.Common.Framework48\Warewolf.Common.Framework48.csproj : warning NU1701: Package 'GroupControls 1.9.0' was restored using '.NETFramework,Version=v4.6.1, .NETFramework,Version=v4.6.2, .NETFramework,Version=v4.7, .NETFramework,Version=v4.7.1, .NETFramework,Version=v4.7.2, .NETFramework,Version=v4.8, .NETFramework,Version=v4.8.1' instead of the project target framework 'net8.0'. This package may not be fully compatible with your project.
C:\Users\ultra\warewolf\Dev\Warewolf.Common.Framework48\Warewolf.Common.Framework48.csproj : warning NU1701: Package 'Microsoft.Xaml.Behaviors.Wpf 1.1.122' was restored using '.NETFramework,Version=v4.6.1, .NETFramework,Version=v4.6.2, .NETFramework,Version=v4.7, .NETFramework,Version=v4.7.1, .NETFramework,Version=v4.7.2, .NETFramework,Version=v4.8, .NETFramework,Version=v4.8.1' instead of the project target framework 'net8.0'. This package may not be fully compatible with your project.
C:\Users\ultra\warewolf\Dev\Warewolf.Common.Framework48\Warewolf.Common.Framework48.csproj : warning NU1701: Package 'Prism.Wpf 9.0.537' was restored using '.NETFramework,Version=v4.6.1, .NETFramework,Version=v4.6.2, .NETFramework,Version=v4.7, .NETFramework,Version=v4.7.1, .NETFramework,Version=v4.7.2, .NETFramework,Version=v4.8, .NETFramework,Version=v4.8.1' instead of the project target framework 'net8.0'. This package may not be fully compatible with your project.
C:\Users\ultra\warewolf\Dev\Warewolf.UI\Warewolf.UI.csproj : warning NU1701: Package 'Microsoft.Xaml.Behaviors.Wpf 1.1.122' was restored using '.NETFramework,Version=v4.6.1, .NETFramework,Version=v4.6.2, .NETFramework,Version=v4.7, .NETFramework,Version=v4.7.1, .NETFramework,Version=v4.7.2, .NETFramework,Version=v4.8, .NETFramework,Version=v4.8.1' instead of the project target framework 'net8.0'. This package may not be fully compatible with your project.
C:\Users\ultra\warewolf\Dev\Warewolf.Common.Framework48\Warewolf.Common.Framework48.csproj : warning NU1701: Package 'ReactiveUI.WPF 18.4.1' was restored using '.NETFramework,Version=v4.6.1, .NETFramework,Version=v4.6.2, .NETFramework,Version=v4.7, .NETFramework,Version=v4.7.1, .NETFramework,Version=v4.7.2, .NETFramework,Version=v4.8, .NETFramework,Version=v4.8.1' instead of the project target framework 'net8.0'. This package may not be fully compatible with your project.
C:\Users\ultra\warewolf\Dev\Warewolf.Common.Framework48\Warewolf.Common.Framework48.csproj : warning NU1701: Package 'TaskSchedulerEditor 2.10.1' was restored using '.NETFramework,Version=v4.6.1, .NETFramework,Version=v4.6.2, .NETFramework,Version=v4.7, .NETFramework,Version=v4.7.1, .NETFramework,Version=v4.7.2, .NETFramework,Version=v4.8, .NETFramework,Version=v4.8.1' instead of the project target framework 'net8.0'. This package may not be fully compatible with your project.
C:\Users\ultra\warewolf\Dev\Warewolf.UI\Warewolf.UI.csproj : warning NU1701: Package 'Prism.Wpf 9.0.537' was restored using '.NETFramework,Version=v4.6.1, .NETFramework,Version=v4.6.2, .NETFramework,Version=v4.7, .NETFramework,Version=v4.7.1, .NETFramework,Version=v4.7.2, .NETFramework,Version=v4.8, .NETFramework,Version=v4.8.1' instead of the project target framework 'net8.0'. This package may not be fully compatible with your project.
C:\Users\ultra\warewolf\Dev\Warewolf.UI\Warewolf.UI.csproj : warning NU1701: Package 'ReactiveUI.WPF 18.4.1' was restored using '.NETFramework,Version=v4.6.1, .NETFramework,Version=v4.6.2, .NETFramework,Version=v4.7, .NETFramework,Version=v4.7.1, .NETFramework,Version=v4.7.2, .NETFramework,Version=v4.8, .NETFramework,Version=v4.8.1' instead of the project target framework 'net8.0'. This package may not be fully compatible with your project.
C:\Users\ultra\warewolf\Dev\Warewolf.UI\Warewolf.UI.csproj : warning NU1701: Package 'TaskSchedulerEditor 2.10.1' was restored using '.NETFramework,Version=v4.6.1, .NETFramework,Version=v4.6.2, .NETFramework,Version=v4.7, .NETFramework,Version=v4.7.1, .NETFramework,Version=v4.7.2, .NETFramework,Version=v4.8, .NETFramework,Version=v4.8.1' instead of the project target framework 'net8.0'. This package may not be fully compatible with your project.
C:\Users\ultra\warewolf\Dev\Warewolf.Language.Parser\Warewolf.Language.Parser.fsproj : warning NU1504: Duplicate 'PackageReference' items found. Remove the duplicate items or use the Update functionality to ensure a consistent restore behavior. The duplicate 'PackageReference' items are: FSharp.Core 10.1.201, FSharp.Core 4.6.2.
C:\Users\ultra\warewolf\Dev\Warewolf.Driver.Serilog\Warewolf.Driver.Serilog.csproj : warning NU1701: Package 'AeroWizard 2.3.1' was restored using '.NETFramework,Version=v4.6.1, .NETFramework,Version=v4.6.2, .NETFramework,Version=v4.7, .NETFramework,Version=v4.7.1, .NETFramework,Version=v4.7.2, .NETFramework,Version=v4.8, .NETFramework,Version=v4.8.1' instead of the project target framework 'net8.0'. This package may not be fully compatible with your project.
C:\Users\ultra\warewolf\Dev\Warewolf.Driver.Serilog\Warewolf.Driver.Serilog.csproj : warning NU1701: Package 'GroupControls 1.9.0' was restored using '.NETFramework,Version=v4.6.1, .NETFramework,Version=v4.6.2, .NETFramework,Version=v4.7, .NETFramework,Version=v4.7.1, .NETFramework,Version=v4.7.2, .NETFramework,Version=v4.8, .NETFramework,Version=v4.8.1' instead of the project target framework 'net8.0'. This package may not be fully compatible with your project.
C:\Users\ultra\warewolf\Dev\Warewolf.Driver.Serilog\Warewolf.Driver.Serilog.csproj : warning NU1701: Package 'ReactiveUI.WPF 18.4.1' was restored using '.NETFramework,Version=v4.6.1, .NETFramework,Version=v4.6.2, .NETFramework,Version=v4.7, .NETFramework,Version=v4.7.1, .NETFramework,Version=v4.7.2, .NETFramework,Version=v4.8, .NETFramework,Version=v4.8.1' instead of the project target framework 'net8.0'. This package may not be fully compatible with your project.
C:\Users\ultra\warewolf\Dev\Warewolf.Driver.Serilog\Warewolf.Driver.Serilog.csproj : warning NU1701: Package 'TaskSchedulerEditor 2.10.1' was restored using '.NETFramework,Version=v4.6.1, .NETFramework,Version=v4.6.2, .NETFramework,Version=v4.7, .NETFramework,Version=v4.7.1, .NETFramework,Version=v4.7.2, .NETFramework,Version=v4.8, .NETFramework,Version=v4.8.1' instead of the project target framework 'net8.0'. This package may not be fully compatible with your project.
C:\Users\ultra\warewolf\Dev\Warewolf.Storage.Interfaces\Warewolf.Storage.Interfaces.csproj : warning NU1701: Package 'AeroWizard 2.3.1' was restored using '.NETFramework,Version=v4.6.1, .NETFramework,Version=v4.6.2, .NETFramework,Version=v4.7, .NETFramework,Version=v4.7.1, .NETFramework,Version=v4.7.2, .NETFramework,Version=v4.8, .NETFramework,Version=v4.8.1' instead of the project target framework 'net8.0'. This package may not be fully compatible with your project.
C:\Users\ultra\warewolf\Dev\Warewolf.Storage.Interfaces\Warewolf.Storage.Interfaces.csproj : warning NU1701: Package 'GroupControls 1.9.0' was restored using '.NETFramework,Version=v4.6.1, .NETFramework,Version=v4.6.2, .NETFramework,Version=v4.7, .NETFramework,Version=v4.7.1, .NETFramework,Version=v4.7.2, .NETFramework,Version=v4.8, .NETFramework,Version=v4.8.1' instead of the project target framework 'net8.0'. This package may not be fully compatible with your project.
C:\Users\ultra\warewolf\Dev\Warewolf.Storage.Interfaces\Warewolf.Storage.Interfaces.csproj : warning NU1701: Package 'TaskSchedulerEditor 2.10.1' was restored using '.NETFramework,Version=v4.6.1, .NETFramework,Version=v4.6.2, .NETFramework,Version=v4.7, .NETFramework,Version=v4.7.1, .NETFramework,Version=v4.7.2, .NETFramework,Version=v4.8, .NETFramework,Version=v4.8.1' instead of the project target framework 'net8.0'. This package may not be fully compatible with your project.
C:\Program Files\dotnet\sdk\10.0.201\Sdks\Microsoft.NET.Sdk\targets\Microsoft.NET.Sdk.DefaultItems.targets(162,5): warning NETSDK1137: It is no longer necessary to use the Microsoft.NET.Sdk.WindowsDesktop SDK. Consider changing the Sdk attribute of the root Project element to 'Microsoft.NET.Sdk'. [C:\Users\ultra\warewolf\Dev\Warewolf.Studio.Core\Warewolf.Studio.Core.csproj]
C:\Program Files\dotnet\sdk\10.0.201\Sdks\Microsoft.NET.Sdk.WindowsDesktop\targets\Microsoft.NET.Sdk.WindowsDesktop.targets(138,5): warning NETSDK1106: Microsoft.NET.Sdk.WindowsDesktop requires 'UseWpf' or 'UseWindowsForms' to be set to 'true' [C:\Users\ultra\warewolf\Dev\Warewolf.Studio.Core\Warewolf.Studio.Core.csproj]
C:\Users\ultra\warewolf\Dev\Warewolf.Studio.Core\Warewolf.Studio.Core.csproj : warning NU1701: Package 'AeroWizard 2.3.1' was restored using '.NETFramework,Version=v4.6.1, .NETFramework,Version=v4.6.2, .NETFramework,Version=v4.7, .NETFramework,Version=v4.7.1, .NETFramework,Version=v4.7.2, .NETFramework,Version=v4.8, .NETFramework,Version=v4.8.1' instead of the project target framework 'net8.0'. This package may not be fully compatible with your project.
C:\Users\ultra\warewolf\Dev\Warewolf.Studio.Core\Warewolf.Studio.Core.csproj : warning NU1701: Package 'GroupControls 1.9.0' was restored using '.NETFramework,Version=v4.6.1, .NETFramework,Version=v4.6.2, .NETFramework,Version=v4.7, .NETFramework,Version=v4.7.1, .NETFramework,Version=v4.7.2, .NETFramework,Version=v4.8, .NETFramework,Version=v4.8.1' instead of the project target framework 'net8.0'. This package may not be fully compatible with your project.
C:\Users\ultra\warewolf\Dev\Warewolf.Studio.Core\Warewolf.Studio.Core.csproj : warning NU1701: Package 'Microsoft.Xaml.Behaviors.Wpf 1.1.122' was restored using '.NETFramework,Version=v4.6.1, .NETFramework,Version=v4.6.2, .NETFramework,Version=v4.7, .NETFramework,Version=v4.7.1, .NETFramework,Version=v4.7.2, .NETFramework,Version=v4.8, .NETFramework,Version=v4.8.1' instead of the project target framework 'net8.0'. This package may not be fully compatible with your project.
C:\Users\ultra\warewolf\Dev\Warewolf.Studio.Core\Warewolf.Studio.Core.csproj : warning NU1701: Package 'Prism.Wpf 9.0.537' was restored using '.NETFramework,Version=v4.6.1, .NETFramework,Version=v4.6.2, .NETFramework,Version=v4.7, .NETFramework,Version=v4.7.1, .NETFramework,Version=v4.7.2, .NETFramework,Version=v4.8, .NETFramework,Version=v4.8.1' instead of the project target framework 'net8.0'. This package may not be fully compatible with your project.
C:\Users\ultra\warewolf\Dev\Warewolf.Studio.Core\Warewolf.Studio.Core.csproj : warning NU1701: Package 'ReactiveUI.WPF 18.4.1' was restored using '.NETFramework,Version=v4.6.1, .NETFramework,Version=v4.6.2, .NETFramework,Version=v4.7, .NETFramework,Version=v4.7.1, .NETFramework,Version=v4.7.2, .NETFramework,Version=v4.8, .NETFramework,Version=v4.8.1' instead of the project target framework 'net8.0'. This package may not be fully compatible with your project.
C:\Users\ultra\warewolf\Dev\Warewolf.Studio.Core\Warewolf.Studio.Core.csproj : warning NU1701: Package 'TaskSchedulerEditor 2.10.1' was restored using '.NETFramework,Version=v4.6.1, .NETFramework,Version=v4.6.2, .NETFramework,Version=v4.7, .NETFramework,Version=v4.7.1, .NETFramework,Version=v4.7.2, .NETFramework,Version=v4.8, .NETFramework,Version=v4.8.1' instead of the project target framework 'net8.0'. This package may not be fully compatible with your project.
C:\Users\ultra\warewolf\Dev\Warewolf.Licensing\Warewolf.Licensing.csproj : warning NU1701: Package 'AeroWizard 2.3.1' was restored using '.NETFramework,Version=v4.6.1, .NETFramework,Version=v4.6.2, .NETFramework,Version=v4.7, .NETFramework,Version=v4.7.1, .NETFramework,Version=v4.7.2, .NETFramework,Version=v4.8, .NETFramework,Version=v4.8.1' instead of the project target framework 'net8.0'. This package may not be fully compatible with your project.
C:\Users\ultra\warewolf\Dev\Warewolf.Licensing\Warewolf.Licensing.csproj : warning NU1701: Package 'GroupControls 1.9.0' was restored using '.NETFramework,Version=v4.6.1, .NETFramework,Version=v4.6.2, .NETFramework,Version=v4.7, .NETFramework,Version=v4.7.1, .NETFramework,Version=v4.7.2, .NETFramework,Version=v4.8, .NETFramework,Version=v4.8.1' instead of the project target framework 'net8.0'. This package may not be fully compatible with your project.
C:\Users\ultra\warewolf\Dev\Warewolf.Licensing\Warewolf.Licensing.csproj : warning NU1701: Package 'TaskSchedulerEditor 2.10.1' was restored using '.NETFramework,Version=v4.6.1, .NETFramework,Version=v4.6.2, .NETFramework,Version=v4.7, .NETFramework,Version=v4.7.1, .NETFramework,Version=v4.7.2, .NETFramework,Version=v4.8, .NETFramework,Version=v4.8.1' instead of the project target framework 'net8.0'. This package may not be fully compatible with your project.
C:\Users\ultra\warewolf\Dev\Warewolf.Security\Warewolf.Security.csproj : warning NU1904: Package 'System.Drawing.Common' 4.5.1 has a known critical severity vulnerability, https://github.com/advisories/GHSA-rxg9-xrhp-64gj
C:\Users\ultra\warewolf\Dev\Dev2.SignalR.Wrappers.New\Dev2.SignalR.Wrappers.New.csproj : warning NU1701: Package 'AeroWizard 2.3.1' was restored using '.NETFramework,Version=v4.6.1, .NETFramework,Version=v4.6.2, .NETFramework,Version=v4.7, .NETFramework,Version=v4.7.1, .NETFramework,Version=v4.7.2, .NETFramework,Version=v4.8, .NETFramework,Version=v4.8.1' instead of the project target framework 'net8.0'. This package may not be fully compatible with your project.
C:\Users\ultra\warewolf\Dev\Dev2.SignalR.Wrappers.New\Dev2.SignalR.Wrappers.New.csproj : warning NU1701: Package 'GroupControls 1.9.0' was restored using '.NETFramework,Version=v4.6.1, .NETFramework,Version=v4.6.2, .NETFramework,Version=v4.7, .NETFramework,Version=v4.7.1, .NETFramework,Version=v4.7.2, .NETFramework,Version=v4.8, .NETFramework,Version=v4.8.1' instead of the project target framework 'net8.0'. This package may not be fully compatible with your project.
C:\Users\ultra\warewolf\Dev\Dev2.SignalR.Wrappers.New\Dev2.SignalR.Wrappers.New.csproj : warning NU1701: Package 'ReactiveUI.WPF 18.4.1' was restored using '.NETFramework,Version=v4.6.1, .NETFramework,Version=v4.6.2, .NETFramework,Version=v4.7, .NETFramework,Version=v4.7.1, .NETFramework,Version=v4.7.2, .NETFramework,Version=v4.8, .NETFramework,Version=v4.8.1' instead of the project target framework 'net8.0'. This package may not be fully compatible with your project.
C:\Users\ultra\warewolf\Dev\Dev2.SignalR.Wrappers.New\Dev2.SignalR.Wrappers.New.csproj : warning NU1701: Package 'TaskSchedulerEditor 2.10.1' was restored using '.NETFramework,Version=v4.6.1, .NETFramework,Version=v4.6.2, .NETFramework,Version=v4.7, .NETFramework,Version=v4.7.1, .NETFramework,Version=v4.7.2, .NETFramework,Version=v4.8, .NETFramework,Version=v4.8.1' instead of the project target framework 'net8.0'. This package may not be fully compatible with your project.
  GACManagerApi -> C:\Users\ultra\warewolf\Dev\GACManagerApi\bin\Debug\net8.0\GACManagerApi.dll
C:\Users\ultra\warewolf\Dev\Warewolf.Interfaces\Data\ChatbotSettingsData.cs(20,23): warning CS0169: The field 'ChatbotSettingsData._encryptDataSource' is never used [C:\Users\ultra\warewolf\Dev\Warewolf.Interfaces\Warewolf.Interfaces.csproj]
C:\Users\ultra\warewolf\Dev\Warewolf.Interfaces\Auditing\SerializableException.cs(15,7): warning CS0414: The field 'SerializableException.HResult' is assigned but its value is never used [C:\Users\ultra\warewolf\Dev\Warewolf.Interfaces\Warewolf.Interfaces.csproj]
  Warewolf.Resource -> C:\Users\ultra\warewolf\Dev\Warewolf.Resource\bin\Debug\net8.0\Warewolf.Resource.dll
  Warewolf.Interfaces -> C:\Users\ultra\warewolf\Dev\Warewolf.Interfaces\bin\Debug\net8.0\Warewolf.Interfaces.dll
C:\Users\ultra\warewolf\Dev\Dev2.Scheduler\Dev2.Scheduler.csproj : warning NU1701: Package 'AeroWizard 2.3.1' was restored using '.NETFramework,Version=v4.6.1, .NETFramework,Version=v4.6.2, .NETFramework,Version=v4.7, .NETFramework,Version=v4.7.1, .NETFramework,Version=v4.7.2, .NETFramework,Version=v4.8, .NETFramework,Version=v4.8.1' instead of the project target framework 'net8.0'. This package may not be fully compatible with your project.
C:\Users\ultra\warewolf\Dev\Dev2.Scheduler\Dev2.Scheduler.csproj : warning NU1701: Package 'GroupControls 1.9.0' was restored using '.NETFramework,Version=v4.6.1, .NETFramework,Version=v4.6.2, .NETFramework,Version=v4.7, .NETFramework,Version=v4.7.1, .NETFramework,Version=v4.7.2, .NETFramework,Version=v4.8, .NETFramework,Version=v4.8.1' instead of the project target framework 'net8.0'. This package may not be fully compatible with your project.
C:\Users\ultra\warewolf\Dev\Dev2.Scheduler\Dev2.Scheduler.csproj : warning NU1701: Package 'ReactiveUI.WPF 18.4.1' was restored using '.NETFramework,Version=v4.6.1, .NETFramework,Version=v4.6.2, .NETFramework,Version=v4.7, .NETFramework,Version=v4.7.1, .NETFramework,Version=v4.7.2, .NETFramework,Version=v4.8, .NETFramework,Version=v4.8.1' instead of the project target framework 'net8.0'. This package may not be fully compatible with your project.
C:\Users\ultra\warewolf\Dev\Dev2.Scheduler\Dev2.Scheduler.csproj : warning NU1701: Package 'TaskSchedulerEditor 2.10.1' was restored using '.NETFramework,Version=v4.6.1, .NETFramework,Version=v4.6.2, .NETFramework,Version=v4.7, .NETFramework,Version=v4.7.1, .NETFramework,Version=v4.7.2, .NETFramework,Version=v4.8, .NETFramework,Version=v4.8.1' instead of the project target framework 'net8.0'. This package may not be fully compatible with your project.
  Warewolf.ServiceDefinitions -> C:\Users\ultra\warewolf\Dev\Warewolf.ServiceDefinitions\bin\Debug\net8.0\Warewolf.ServiceDefinitions.dll
C:\Users\ultra\warewolf\Dev\Warewolf.AI.Harness\Warewolf.AI.Harness.csproj : warning NU1701: Package 'AeroWizard 2.3.1' was restored using '.NETFramework,Version=v4.6.1, .NETFramework,Version=v4.6.2, .NETFramework,Version=v4.7, .NETFramework,Version=v4.7.1, .NETFramework,Version=v4.7.2, .NETFramework,Version=v4.8, .NETFramework,Version=v4.8.1' instead of the project target framework 'net8.0'. This package may not be fully compatible with your project.
C:\Users\ultra\warewolf\Dev\Warewolf.AI.Harness\Warewolf.AI.Harness.csproj : warning NU1701: Package 'GroupControls 1.9.0' was restored using '.NETFramework,Version=v4.6.1, .NETFramework,Version=v4.6.2, .NETFramework,Version=v4.7, .NETFramework,Version=v4.7.1, .NETFramework,Version=v4.7.2, .NETFramework,Version=v4.8, .NETFramework,Version=v4.8.1' instead of the project target framework 'net8.0'. This package may not be fully compatible with your project.
C:\Users\ultra\warewolf\Dev\Warewolf.AI.Harness\Warewolf.AI.Harness.csproj : warning NU1701: Package 'TaskSchedulerEditor 2.10.1' was restored using '.NETFramework,Version=v4.6.1, .NETFramework,Version=v4.6.2, .NETFramework,Version=v4.7, .NETFramework,Version=v4.7.1, .NETFramework,Version=v4.7.2, .NETFramework,Version=v4.8, .NETFramework,Version=v4.8.1' instead of the project target framework 'net8.0'. This package may not be fully compatible with your project.
C:\Users\ultra\warewolf\Dev\Warewolf.Core\Warewolf.Core.csproj : warning NU1903: Package 'Microsoft.Windows.Compatibility' 6.0.0 has a known high severity vulnerability, https://github.com/advisories/GHSA-555c-2p6r-68mm
C:\Users\ultra\warewolf\Dev\Warewolf.Core\Warewolf.Core.csproj : warning NU1701: Package 'AeroWizard 2.3.1' was restored using '.NETFramework,Version=v4.6.1, .NETFramework,Version=v4.6.2, .NETFramework,Version=v4.7, .NETFramework,Version=v4.7.1, .NETFramework,Version=v4.7.2, .NETFramework,Version=v4.8, .NETFramework,Version=v4.8.1' instead of the project target framework 'net8.0'. This package may not be fully compatible with your project.
C:\Users\ultra\warewolf\Dev\Warewolf.Core\Warewolf.Core.csproj : warning NU1701: Package 'GroupControls 1.9.0' was restored using '.NETFramework,Version=v4.6.1, .NETFramework,Version=v4.6.2, .NETFramework,Version=v4.7, .NETFramework,Version=v4.7.1, .NETFramework,Version=v4.7.2, .NETFramework,Version=v4.8, .NETFramework,Version=v4.8.1' instead of the project target framework 'net8.0'. This package may not be fully compatible with your project.
C:\Users\ultra\warewolf\Dev\Warewolf.Core\Warewolf.Core.csproj : warning NU1701: Package 'ReactiveUI.WPF 18.4.1' was restored using '.NETFramework,Version=v4.6.1, .NETFramework,Version=v4.6.2, .NETFramework,Version=v4.7, .NETFramework,Version=v4.7.1, .NETFramework,Version=v4.7.2, .NETFramework,Version=v4.8, .NETFramework,Version=v4.8.1' instead of the project target framework 'net8.0'. This package may not be fully compatible with your project.
C:\Users\ultra\warewolf\Dev\Warewolf.Core\Warewolf.Core.csproj : warning NU1701: Package 'TaskSchedulerEditor 2.10.1' was restored using '.NETFramework,Version=v4.6.1, .NETFramework,Version=v4.6.2, .NETFramework,Version=v4.7, .NETFramework,Version=v4.7.1, .NETFramework,Version=v4.7.2, .NETFramework,Version=v4.8, .NETFramework,Version=v4.8.1' instead of the project target framework 'net8.0'. This package may not be fully compatible with your project.
C:\Users\ultra\warewolf\Dev\Warewolf.Security\Encryption\AESThenHMAC.cs(168,34): warning SYSLIB0021: 'AesManaged' is obsolete: 'Derived cryptographic types are obsolete. Use the Create method on the base type instead.' (https://aka.ms/dotnet-warnings/SYSLIB0021) [C:\Users\ultra\warewolf\Dev\Warewolf.Security\Warewolf.Security.csproj]
C:\Users\ultra\warewolf\Dev\Warewolf.Security\Encryption\AESThenHMAC.cs(264,38): warning SYSLIB0021: 'AesManaged' is obsolete: 'Derived cryptographic types are obsolete. Use the Create method on the base type instead.' (https://aka.ms/dotnet-warnings/SYSLIB0021) [C:\Users\ultra\warewolf\Dev\Warewolf.Security\Warewolf.Security.csproj]
C:\Users\ultra\warewolf\Dev\Warewolf.Security\Encryption\AESThenHMAC.cs(331,36): warning SYSLIB0041: 'Rfc2898DeriveBytes.Rfc2898DeriveBytes(string, int, int)' is obsolete: 'The default hash algorithm and iteration counts in Rfc2898DeriveBytes constructors are outdated and insecure. Use a constructor that accepts the hash algorithm and the number of iterations.' (https://aka.ms/dotnet-warnings/SYSLIB0041) [C:\Users\ultra\warewolf\Dev\Warewolf.Security\Warewolf.Security.csproj]
C:\Users\ultra\warewolf\Dev\Warewolf.Security\Encryption\AESThenHMAC.cs(345,36): warning SYSLIB0041: 'Rfc2898DeriveBytes.Rfc2898DeriveBytes(string, int, int)' is obsolete: 'The default hash algorithm and iteration counts in Rfc2898DeriveBytes constructors are outdated and insecure. Use a constructor that accepts the hash algorithm and the number of iterations.' (https://aka.ms/dotnet-warnings/SYSLIB0041) [C:\Users\ultra\warewolf\Dev\Warewolf.Security\Warewolf.Security.csproj]
C:\Users\ultra\warewolf\Dev\Warewolf.Security\Encryption\AESThenHMAC.cs(393,36): warning SYSLIB0041: 'Rfc2898DeriveBytes.Rfc2898DeriveBytes(string, byte[], int)' is obsolete: 'The default hash algorithm and iteration counts in Rfc2898DeriveBytes constructors are outdated and insecure. Use a constructor that accepts the hash algorithm and the number of iterations.' (https://aka.ms/dotnet-warnings/SYSLIB0041) [C:\Users\ultra\warewolf\Dev\Warewolf.Security\Warewolf.Security.csproj]
C:\Users\ultra\warewolf\Dev\Warewolf.Security\Encryption\AESThenHMAC.cs(398,36): warning SYSLIB0041: 'Rfc2898DeriveBytes.Rfc2898DeriveBytes(string, byte[], int)' is obsolete: 'The default hash algorithm and iteration counts in Rfc2898DeriveBytes constructors are outdated and insecure. Use a constructor that accepts the hash algorithm and the number of iterations.' (https://aka.ms/dotnet-warnings/SYSLIB0041) [C:\Users\ultra\warewolf\Dev\Warewolf.Security\Warewolf.Security.csproj]
  Warewolf.Security -> C:\Users\ultra\warewolf\Dev\Warewolf.Security\bin\Debug\net8.0\Warewolf.Security.dll
  Warewolf.Studio.Resources -> C:\Users\ultra\warewolf\Dev\Warewolf.Studio.Resources\bin\Debug\net8.0\Warewolf.Studio.Resources.dll
  Consider app.config remapping of assembly "System.Runtime.CompilerServices.Unsafe, Culture=neutral, PublicKeyToken=b03f5f7f11d50a3a" from Version "6.0.0.0" [] to Version "8.0.0.0" [C:\Program Files\dotnet\packs\Microsoft.NETCore.App.Ref\8.0.25\ref\net8.0\System.Runtime.CompilerServices.Unsafe.dll] to solve conflict and get rid of warning.
  Warewolf.Common.Interfaces.NetStandard20 -> C:\Users\ultra\warewolf\Dev\Warewolf.Common.Interfaces.NetStandard20\bin\Debug\net8.0\Warewolf.Common.Interfaces.NetStandard20.dll
C:\Users\ultra\warewolf\Dev\Dev2.Studio.Core\Dev2.Studio.Core.csproj : warning NU1701: Package 'AeroWizard 2.3.1' was restored using '.NETFramework,Version=v4.6.1, .NETFramework,Version=v4.6.2, .NETFramework,Version=v4.7, .NETFramework,Version=v4.7.1, .NETFramework,Version=v4.7.2, .NETFramework,Version=v4.8, .NETFramework,Version=v4.8.1' instead of the project target framework 'net8.0'. This package may not be fully compatible with your project.
C:\Users\ultra\warewolf\Dev\Dev2.Studio.Core\Dev2.Studio.Core.csproj : warning NU1701: Package 'GroupControls 1.9.0' was restored using '.NETFramework,Version=v4.6.1, .NETFramework,Version=v4.6.2, .NETFramework,Version=v4.7, .NETFramework,Version=v4.7.1, .NETFramework,Version=v4.7.2, .NETFramework,Version=v4.8, .NETFramework,Version=v4.8.1' instead of the project target framework 'net8.0'. This package may not be fully compatible with your project.
C:\Users\ultra\warewolf\Dev\Dev2.Studio.Core\Dev2.Studio.Core.csproj : warning NU1701: Package 'Microsoft.Xaml.Behaviors.Wpf 1.1.122' was restored using '.NETFramework,Version=v4.6.1, .NETFramework,Version=v4.6.2, .NETFramework,Version=v4.7, .NETFramework,Version=v4.7.1, .NETFramework,Version=v4.7.2, .NETFramework,Version=v4.8, .NETFramework,Version=v4.8.1' instead of the project target framework 'net8.0'. This package may not be fully compatible with your project.
C:\Users\ultra\warewolf\Dev\Dev2.Studio.Core\Dev2.Studio.Core.csproj : warning NU1701: Package 'Prism.Wpf 9.0.537' was restored using '.NETFramework,Version=v4.6.1, .NETFramework,Version=v4.6.2, .NETFramework,Version=v4.7, .NETFramework,Version=v4.7.1, .NETFramework,Version=v4.7.2, .NETFramework,Version=v4.8, .NETFramework,Version=v4.8.1' instead of the project target framework 'net8.0'. This package may not be fully compatible with your project.
C:\Users\ultra\warewolf\Dev\Dev2.Studio.Core\Dev2.Studio.Core.csproj : warning NU1701: Package 'ReactiveUI.WPF 18.4.1' was restored using '.NETFramework,Version=v4.6.1, .NETFramework,Version=v4.6.2, .NETFramework,Version=v4.7, .NETFramework,Version=v4.7.1, .NETFramework,Version=v4.7.2, .NETFramework,Version=v4.8, .NETFramework,Version=v4.8.1' instead of the project target framework 'net8.0'. This package may not be fully compatible with your project.
C:\Users\ultra\warewolf\Dev\Dev2.Studio.Core\Dev2.Studio.Core.csproj : warning NU1701: Package 'TaskSchedulerEditor 2.10.1' was restored using '.NETFramework,Version=v4.6.1, .NETFramework,Version=v4.6.2, .NETFramework,Version=v4.7, .NETFramework,Version=v4.7.1, .NETFramework,Version=v4.7.2, .NETFramework,Version=v4.8, .NETFramework,Version=v4.8.1' instead of the project target framework 'net8.0'. This package may not be fully compatible with your project.
C:\Users\ultra\warewolf\Dev\Dev2.Services.Sql\Dev2.Services.Sql.csproj : warning NU1903: Package 'Oracle.ManagedDataAccess.Core' 3.21.70 has a known high severity vulnerability, https://github.com/advisories/GHSA-5pm2-9mr2-3frq
C:\Users\ultra\warewolf\Dev\Dev2.Services.Sql\Dev2.Services.Sql.csproj : warning NU1701: Package 'AeroWizard 2.3.1' was restored using '.NETFramework,Version=v4.6.1, .NETFramework,Version=v4.6.2, .NETFramework,Version=v4.7, .NETFramework,Version=v4.7.1, .NETFramework,Version=v4.7.2, .NETFramework,Version=v4.8, .NETFramework,Version=v4.8.1' instead of the project target framework 'net8.0'. This package may not be fully compatible with your project.
C:\Users\ultra\warewolf\Dev\Dev2.Services.Sql\Dev2.Services.Sql.csproj : warning NU1701: Package 'GroupControls 1.9.0' was restored using '.NETFramework,Version=v4.6.1, .NETFramework,Version=v4.6.2, .NETFramework,Version=v4.7, .NETFramework,Version=v4.7.1, .NETFramework,Version=v4.7.2, .NETFramework,Version=v4.8, .NETFramework,Version=v4.8.1' instead of the project target framework 'net8.0'. This package may not be fully compatible with your project.
C:\Users\ultra\warewolf\Dev\Dev2.Services.Sql\Dev2.Services.Sql.csproj : warning NU1701: Package 'ReactiveUI.WPF 18.4.1' was restored using '.NETFramework,Version=v4.6.1, .NETFramework,Version=v4.6.2, .NETFramework,Version=v4.7, .NETFramework,Version=v4.7.1, .NETFramework,Version=v4.7.2, .NETFramework,Version=v4.8, .NETFramework,Version=v4.8.1' instead of the project target framework 'net8.0'. This package may not be fully compatible with your project.
C:\Users\ultra\warewolf\Dev\Dev2.Services.Sql\Dev2.Services.Sql.csproj : warning NU1701: Package 'TaskSchedulerEditor 2.10.1' was restored using '.NETFramework,Version=v4.6.1, .NETFramework,Version=v4.6.2, .NETFramework,Version=v4.7, .NETFramework,Version=v4.7.1, .NETFramework,Version=v4.7.2, .NETFramework,Version=v4.8, .NETFramework,Version=v4.8.1' instead of the project target framework 'net8.0'. This package may not be fully compatible with your project.
C:\Users\ultra\warewolf\Dev\Warewolf.Trigger.Queue\Warewolf.Trigger.Queue.csproj : warning NU1701: Package 'AeroWizard 2.3.1' was restored using '.NETFramework,Version=v4.6.1, .NETFramework,Version=v4.6.2, .NETFramework,Version=v4.7, .NETFramework,Version=v4.7.1, .NETFramework,Version=v4.7.2, .NETFramework,Version=v4.8, .NETFramework,Version=v4.8.1' instead of the project target framework 'net8.0'. This package may not be fully compatible with your project.
C:\Users\ultra\warewolf\Dev\Warewolf.Trigger.Queue\Warewolf.Trigger.Queue.csproj : warning NU1701: Package 'GroupControls 1.9.0' was restored using '.NETFramework,Version=v4.6.1, .NETFramework,Version=v4.6.2, .NETFramework,Version=v4.7, .NETFramework,Version=v4.7.1, .NETFramework,Version=v4.7.2, .NETFramework,Version=v4.8, .NETFramework,Version=v4.8.1' instead of the project target framework 'net8.0'. This package may not be fully compatible with your project.
C:\Users\ultra\warewolf\Dev\Warewolf.Trigger.Queue\Warewolf.Trigger.Queue.csproj : warning NU1701: Package 'Microsoft.Xaml.Behaviors.Wpf 1.1.122' was restored using '.NETFramework,Version=v4.6.1, .NETFramework,Version=v4.6.2, .NETFramework,Version=v4.7, .NETFramework,Version=v4.7.1, .NETFramework,Version=v4.7.2, .NETFramework,Version=v4.8, .NETFramework,Version=v4.8.1' instead of the project target framework 'net8.0'. This package may not be fully compatible with your project.
C:\Users\ultra\warewolf\Dev\Warewolf.Trigger.Queue\Warewolf.Trigger.Queue.csproj : warning NU1701: Package 'Prism.Wpf 9.0.537' was restored using '.NETFramework,Version=v4.6.1, .NETFramework,Version=v4.6.2, .NETFramework,Version=v4.7, .NETFramework,Version=v4.7.1, .NETFramework,Version=v4.7.2, .NETFramework,Version=v4.8, .NETFramework,Version=v4.8.1' instead of the project target framework 'net8.0'. This package may not be fully compatible with your project.
C:\Users\ultra\warewolf\Dev\Warewolf.Trigger.Queue\Warewolf.Trigger.Queue.csproj : warning NU1701: Package 'ReactiveUI.WPF 18.4.1' was restored using '.NETFramework,Version=v4.6.1, .NETFramework,Version=v4.6.2, .NETFramework,Version=v4.7, .NETFramework,Version=v4.7.1, .NETFramework,Version=v4.7.2, .NETFramework,Version=v4.8, .NETFramework,Version=v4.8.1' instead of the project target framework 'net8.0'. This package may not be fully compatible with your project.
C:\Users\ultra\warewolf\Dev\Warewolf.Trigger.Queue\Warewolf.Trigger.Queue.csproj : warning NU1701: Package 'TaskSchedulerEditor 2.10.1' was restored using '.NETFramework,Version=v4.6.1, .NETFramework,Version=v4.6.2, .NETFramework,Version=v4.7, .NETFramework,Version=v4.7.1, .NETFramework,Version=v4.7.2, .NETFramework,Version=v4.8, .NETFramework,Version=v4.8.1' instead of the project target framework 'net8.0'. This package may not be fully compatible with your project.
C:\Users\ultra\warewolf\Dev\Dev2.Studio.Interfaces\Dev2.Studio.Interfaces.csproj : warning NU1701: Package 'AeroWizard 2.3.1' was restored using '.NETFramework,Version=v4.6.1, .NETFramework,Version=v4.6.2, .NETFramework,Version=v4.7, .NETFramework,Version=v4.7.1, .NETFramework,Version=v4.7.2, .NETFramework,Version=v4.8, .NETFramework,Version=v4.8.1' instead of the project target framework 'net8.0'. This package may not be fully compatible with your project.
C:\Users\ultra\warewolf\Dev\Dev2.Studio.Interfaces\Dev2.Studio.Interfaces.csproj : warning NU1701: Package 'GroupControls 1.9.0' was restored using '.NETFramework,Version=v4.6.1, .NETFramework,Version=v4.6.2, .NETFramework,Version=v4.7, .NETFramework,Version=v4.7.1, .NETFramework,Version=v4.7.2, .NETFramework,Version=v4.8, .NETFramework,Version=v4.8.1' instead of the project target framework 'net8.0'. This package may not be fully compatible with your project.
C:\Users\ultra\warewolf\Dev\Dev2.Studio.Interfaces\Dev2.Studio.Interfaces.csproj : warning NU1701: Package 'Microsoft.Xaml.Behaviors.Wpf 1.1.122' was restored using '.NETFramework,Version=v4.6.1, .NETFramework,Version=v4.6.2, .NETFramework,Version=v4.7, .NETFramework,Version=v4.7.1, .NETFramework,Version=v4.7.2, .NETFramework,Version=v4.8, .NETFramework,Version=v4.8.1' instead of the project target framework 'net8.0'. This package may not be fully compatible with your project.
C:\Users\ultra\warewolf\Dev\Dev2.Studio.Interfaces\Dev2.Studio.Interfaces.csproj : warning NU1701: Package 'Prism.Wpf 9.0.537' was restored using '.NETFramework,Version=v4.6.1, .NETFramework,Version=v4.6.2, .NETFramework,Version=v4.7, .NETFramework,Version=v4.7.1, .NETFramework,Version=v4.7.2, .NETFramework,Version=v4.8, .NETFramework,Version=v4.8.1' instead of the project target framework 'net8.0'. This package may not be fully compatible with your project.
C:\Users\ultra\warewolf\Dev\Dev2.Studio.Interfaces\Dev2.Studio.Interfaces.csproj : warning NU1701: Package 'ReactiveUI.WPF 18.4.1' was restored using '.NETFramework,Version=v4.6.1, .NETFramework,Version=v4.6.2, .NETFramework,Version=v4.7, .NETFramework,Version=v4.7.1, .NETFramework,Version=v4.7.2, .NETFramework,Version=v4.8, .NETFramework,Version=v4.8.1' instead of the project target framework 'net8.0'. This package may not be fully compatible with your project.
C:\Users\ultra\warewolf\Dev\Dev2.Studio.Interfaces\Dev2.Studio.Interfaces.csproj : warning NU1701: Package 'TaskSchedulerEditor 2.10.1' was restored using '.NETFramework,Version=v4.6.1, .NETFramework,Version=v4.6.2, .NETFramework,Version=v4.7, .NETFramework,Version=v4.7.1, .NETFramework,Version=v4.7.2, .NETFramework,Version=v4.8, .NETFramework,Version=v4.8.1' instead of the project target framework 'net8.0'. This package may not be fully compatible with your project.
  Warewolf.Driver.RabbitMQ -> C:\Users\ultra\warewolf\Dev\Warewolf.Driver.RabbitMQ\bin\Debug\net8.0\Warewolf.Driver.RabbitMQ.dll
  Warewolf.Driver.Redis -> C:\Users\ultra\warewolf\Dev\Warewolf.Driver.Redis\bin\Debug\net8.0\Warewolf.Driver.Redis.dll
  Warewolf.Parser.Interop -> C:\Users\ultra\warewolf\Dev\Warewolf.Parser.Interop\bin\Debug\net8.0\WarewolfParserInterop.dll
  Dev2.SignalR.Wrappers.Interfaces -> C:\Users\ultra\warewolf\Dev\Dev2.SignalR.Wrappers\bin\Debug\net8.0\Dev2.SignalR.Wrappers.dll
C:\Users\ultra\warewolf\Dev\Warewolf.Language.Parser\EvaluationFunctions.fs(277,15): warning FS3548: Pattern discard is not allowed for union case that takes no data. [C:\Users\ultra\warewolf\Dev\Warewolf.Language.Parser\Warewolf.Language.Parser.fsproj]
C:\Users\ultra\warewolf\Dev\Warewolf.Language.Parser\EvaluationFunctions.fs(305,15): warning FS3548: Pattern discard is not allowed for union case that takes no data. [C:\Users\ultra\warewolf\Dev\Warewolf.Language.Parser\Warewolf.Language.Parser.fsproj]
C:\Users\ultra\warewolf\Dev\Warewolf.Language.Parser\EvaluationFunctions.fs(748,21): warning FS3873: This construct is deprecated. Sequence expressions should be of the form 'seq { ... }' [C:\Users\ultra\warewolf\Dev\Warewolf.Language.Parser\Warewolf.Language.Parser.fsproj]
C:\Users\ultra\warewolf\Dev\Warewolf.Language.Parser\EvaluationFunctions.fs(751,28): warning FS3873: This construct is deprecated. Sequence expressions should be of the form 'seq { ... }' [C:\Users\ultra\warewolf\Dev\Warewolf.Language.Parser\Warewolf.Language.Parser.fsproj]
C:\Users\ultra\warewolf\Dev\Warewolf.Language.Parser\WarewolfDataEvaluationCommon.fs(593,21): warning FS3873: This construct is deprecated. Sequence expressions should be of the form 'seq { ... }' [C:\Users\ultra\warewolf\Dev\Warewolf.Language.Parser\Warewolf.Language.Parser.fsproj]
C:\Users\ultra\warewolf\Dev\Warewolf.Language.Parser\WarewolfDataEvaluationCommon.fs(596,28): warning FS3873: This construct is deprecated. Sequence expressions should be of the form 'seq { ... }' [C:\Users\ultra\warewolf\Dev\Warewolf.Language.Parser\Warewolf.Language.Parser.fsproj]
C:\Users\ultra\warewolf\Dev\Dev2.Common.Interfaces\Attribute\ReasonAttribute.cs(13,18): warning CC0023: Mark 'ReasonAttribute' as sealed. (https://code-cracker.github.io/diagnostics/CC0023.html) [C:\Users\ultra\warewolf\Dev\Dev2.Common.Interfaces\Dev2.Common.Interfaces.csproj]
C:\Users\ultra\warewolf\Dev\Dev2.Common.Interfaces\Wrappers\IDirectoryEntry.cs(190,35): warning CC0057: Parameter 'path' is not used. (https://code-cracker.github.io/diagnostics/CC0057.html) [C:\Users\ultra\warewolf\Dev\Dev2.Common.Interfaces\Dev2.Common.Interfaces.csproj]
C:\Users\ultra\warewolf\Dev\Dev2.Common.Interfaces\DllListing.cs(97,17): warning CC0105: Use 'var' instead of specifying the type name. (https://code-cracker.github.io/diagnostics/CC0105.html) [C:\Users\ultra\warewolf\Dev\Dev2.Common.Interfaces\Dev2.Common.Interfaces.csproj]
C:\Users\ultra\warewolf\Dev\Dev2.Common.Interfaces\DllListing.cs(98,17): warning CC0105: Use 'var' instead of specifying the type name. (https://code-cracker.github.io/diagnostics/CC0105.html) [C:\Users\ultra\warewolf\Dev\Dev2.Common.Interfaces\Dev2.Common.Interfaces.csproj]
C:\Users\ultra\warewolf\Dev\Dev2.Common.Interfaces\Runtime\Services\IStreamContentFactory.cs(48,21): warning CC0029: 'StreamContentWrapper' should call GC.SuppressFinalize inside the Dispose method. (https://code-cracker.github.io/diagnostics/CC0029.html) [C:\Users\ultra\warewolf\Dev\Dev2.Common.Interfaces\Dev2.Common.Interfaces.csproj]
  Warewolf.Language.Parser -> C:\Users\ultra\warewolf\Dev\Warewolf.Language.Parser\bin\Debug\net8.0\Warewolf.Language.Parser.dll
  Dev2.Common.Interfaces -> C:\Users\ultra\warewolf\Dev\Dev2.Common.Interfaces\bin\Debug\net8.0\Dev2.Common.Interfaces.dll
C:\Users\ultra\warewolf\Dev\Warewolf.Data\NamedInt.cs(160,21): warning CA2200: Re-throwing caught exception changes stack information (https://learn.microsoft.com/dotnet/fundamentals/code-analysis/quality-rules/ca2200) [C:\Users\ultra\warewolf\Dev\Warewolf.Data\Warewolf.Data.csproj]
  Warewolf.Data -> C:\Users\ultra\warewolf\Dev\Warewolf.Data\bin\Debug\net8.0\Warewolf.Data.dll
  Warewolf.Storage.Interfaces -> C:\Users\ultra\warewolf\Dev\Warewolf.Storage.Interfaces\bin\Debug\net8.0\Warewolf.Storage.Interfaces.dll
  Warewolf.Common -> C:\Users\ultra\warewolf\Dev\Warewolf.Common\bin\Debug\net8.0\Warewolf.Common.dll
  Dev2.Data.Interfaces -> C:\Users\ultra\warewolf\Dev\Dev2.Data.Interfaces\bin\Debug\net8.0\Dev2.Data.Interfaces.dll
C:\Users\ultra\warewolf\Dev\Dev2.Common\ExtMethods\StringExtension.cs(302,13): warning CC0004: Empty Catch Block. (https://code-cracker.github.io/diagnostics/CC0004.html) [C:\Users\ultra\warewolf\Dev\Dev2.Common\Dev2.Common.csproj]
  Dev2.Common -> C:\Users\ultra\warewolf\Dev\Dev2.Common\bin\Debug\net8.0\Dev2.Common.dll
C:\Program Files\dotnet\sdk\10.0.201\Microsoft.Common.CurrentVersion.targets(2451,5): warning MSB3277: Found conflicts between different versions of "WindowsBase" that could not be resolved. [C:\Users\ultra\warewolf\Dev\Dev2.Development.Languages\Dev2.Development.Languages.csproj]
C:\Program Files\dotnet\sdk\10.0.201\Microsoft.Common.CurrentVersion.targets(2451,5): warning MSB3277: There was a conflict between "WindowsBase, Version=4.0.0.0, Culture=neutral, PublicKeyToken=31bf3856ad364e35" and "WindowsBase, Version=6.0.2.0, Culture=neutral, PublicKeyToken=31bf3856ad364e35". [C:\Users\ultra\warewolf\Dev\Dev2.Development.Languages\Dev2.Development.Languages.csproj]
C:\Program Files\dotnet\sdk\10.0.201\Microsoft.Common.CurrentVersion.targets(2451,5): warning MSB3277:     "WindowsBase, Version=4.0.0.0, Culture=neutral, PublicKeyToken=31bf3856ad364e35" was chosen because it was primary and "WindowsBase, Version=6.0.2.0, Culture=neutral, PublicKeyToken=31bf3856ad364e35" was not. [C:\Users\ultra\warewolf\Dev\Dev2.Development.Languages\Dev2.Development.Languages.csproj]
C:\Program Files\dotnet\sdk\10.0.201\Microsoft.Common.CurrentVersion.targets(2451,5): warning MSB3277:     References which depend on "WindowsBase, Version=4.0.0.0, Culture=neutral, PublicKeyToken=31bf3856ad364e35" [C:\Program Files\dotnet\packs\Microsoft.NETCore.App.Ref\8.0.25\ref\net8.0\WindowsBase.dll]. [C:\Users\ultra\warewolf\Dev\Dev2.Development.Languages\Dev2.Development.Languages.csproj]
C:\Program Files\dotnet\sdk\10.0.201\Microsoft.Common.CurrentVersion.targets(2451,5): warning MSB3277:         C:\Program Files\dotnet\packs\Microsoft.NETCore.App.Ref\8.0.25\ref\net8.0\WindowsBase.dll [C:\Users\ultra\warewolf\Dev\Dev2.Development.Languages\Dev2.Development.Languages.csproj]
C:\Program Files\dotnet\sdk\10.0.201\Microsoft.Common.CurrentVersion.targets(2451,5): warning MSB3277:           Project file item includes which caused reference "C:\Program Files\dotnet\packs\Microsoft.NETCore.App.Ref\8.0.25\ref\net8.0\WindowsBase.dll". [C:\Users\ultra\warewolf\Dev\Dev2.Development.Languages\Dev2.Development.Languages.csproj]
C:\Program Files\dotnet\sdk\10.0.201\Microsoft.Common.CurrentVersion.targets(2451,5): warning MSB3277:             C:\Program Files\dotnet\packs\Microsoft.NETCore.App.Ref\8.0.25\ref/net8.0/WindowsBase.dll [C:\Users\ultra\warewolf\Dev\Dev2.Development.Languages\Dev2.Development.Languages.csproj]
C:\Program Files\dotnet\sdk\10.0.201\Microsoft.Common.CurrentVersion.targets(2451,5): warning MSB3277:     References which depend on or have been unified to "WindowsBase, Version=6.0.2.0, Culture=neutral, PublicKeyToken=31bf3856ad364e35" []. [C:\Users\ultra\warewolf\Dev\Dev2.Development.Languages\Dev2.Development.Languages.csproj]
C:\Program Files\dotnet\sdk\10.0.201\Microsoft.Common.CurrentVersion.targets(2451,5): warning MSB3277:         C:\Users\ultra\.nuget\packages\caliburn.micro\4.0.212\lib\netcoreapp3.1\Caliburn.Micro.Platform.dll [C:\Users\ultra\warewolf\Dev\Dev2.Development.Languages\Dev2.Development.Languages.csproj]
C:\Program Files\dotnet\sdk\10.0.201\Microsoft.Common.CurrentVersion.targets(2451,5): warning MSB3277:           Project file item includes which caused reference "C:\Users\ultra\.nuget\packages\caliburn.micro\4.0.212\lib\netcoreapp3.1\Caliburn.Micro.Platform.dll". [C:\Users\ultra\warewolf\Dev\Dev2.Development.Languages\Dev2.Development.Languages.csproj]
C:\Program Files\dotnet\sdk\10.0.201\Microsoft.Common.CurrentVersion.targets(2451,5): warning MSB3277:             C:\Users\ultra\.nuget\packages\caliburn.micro\4.0.212\lib\netcoreapp3.1\Caliburn.Micro.Platform.dll [C:\Users\ultra\warewolf\Dev\Dev2.Development.Languages\Dev2.Development.Languages.csproj]
C:\Program Files\dotnet\sdk\10.0.201\Microsoft.Common.CurrentVersion.targets(2451,5): warning MSB3277:         C:\Users\ultra\.nuget\packages\ironpython\3.4.0\lib\net6.0\IronPython.Wpf.dll [C:\Users\ultra\warewolf\Dev\Dev2.Development.Languages\Dev2.Development.Languages.csproj]
C:\Program Files\dotnet\sdk\10.0.201\Microsoft.Common.CurrentVersion.targets(2451,5): warning MSB3277:           Project file item includes which caused reference "C:\Users\ultra\.nuget\packages\ironpython\3.4.0\lib\net6.0\IronPython.Wpf.dll". [C:\Users\ultra\warewolf\Dev\Dev2.Development.Languages\Dev2.Development.Languages.csproj]
C:\Program Files\dotnet\sdk\10.0.201\Microsoft.Common.CurrentVersion.targets(2451,5): warning MSB3277:             C:\Users\ultra\.nuget\packages\ironpython\3.4.0\lib\net6.0\IronPython.Wpf.dll [C:\Users\ultra\warewolf\Dev\Dev2.Development.Languages\Dev2.Development.Languages.csproj]
C:\Program Files\dotnet\sdk\10.0.201\Microsoft.Common.CurrentVersion.targets(2451,5): warning MSB3277:         C:\Users\ultra\.nuget\packages\microsoft.xaml.behaviors.wpf\1.1.19\lib\netcoreapp3.0\Microsoft.Xaml.Behaviors.dll [C:\Users\ultra\warewolf\Dev\Dev2.Development.Languages\Dev2.Development.Languages.csproj]
C:\Program Files\dotnet\sdk\10.0.201\Microsoft.Common.CurrentVersion.targets(2451,5): warning MSB3277:           Project file item includes which caused reference "C:\Users\ultra\.nuget\packages\microsoft.xaml.behaviors.wpf\1.1.19\lib\netcoreapp3.0\Microsoft.Xaml.Behaviors.dll". [C:\Users\ultra\warewolf\Dev\Dev2.Development.Languages\Dev2.Development.Languages.csproj]
C:\Program Files\dotnet\sdk\10.0.201\Microsoft.Common.CurrentVersion.targets(2451,5): warning MSB3277:             C:\Users\ultra\.nuget\packages\microsoft.xaml.behaviors.wpf\1.1.19\lib\netcoreapp3.0\Microsoft.Xaml.Behaviors.dll [C:\Users\ultra\warewolf\Dev\Dev2.Development.Languages\Dev2.Development.Languages.csproj]
C:\Program Files\dotnet\sdk\10.0.201\Microsoft.Common.CurrentVersion.targets(2451,5): warning MSB3277:             C:\Users\ultra\.nuget\packages\caliburn.micro\4.0.212\lib\netcoreapp3.1\Caliburn.Micro.Platform.dll [C:\Users\ultra\warewolf\Dev\Dev2.Development.Languages\Dev2.Development.Languages.csproj]
C:\Users\ultra\warewolf\Dev\Dev2.TaskScheduler.Wrappers\Dev2TaskEvent.cs(47,33): warning CA1416: This call site is reachable on all platforms. 'SecurityIdentifier.Value' is only supported on: 'windows'. (https://learn.microsoft.com/dotnet/fundamentals/code-analysis/quality-rules/ca1416) [C:\Users\ultra\warewolf\Dev\Dev2.TaskScheduler.Wrappers\Dev2.TaskScheduler.Wrappers.csproj]
  Dev2.TaskScheduler.Wrappers -> C:\Users\ultra\warewolf\Dev\Dev2.TaskScheduler.Wrappers\bin\Debug\net8.0\Dev2.TaskScheduler.Wrappers.dll
  Dev2.Util -> C:\Users\ultra\warewolf\Dev\Dev2.Util\bin\Debug\net8.0\Dev2.Util.dll
  Dev2.Development.Languages -> C:\Users\ultra\warewolf\Dev\Dev2.Development.Languages\bin\Debug\net8.0\Dev2.Development.Languages.dll
  Warewolf.Licensing -> C:\Users\ultra\warewolf\Dev\Warewolf.Licensing\bin\Debug\net8.0\Warewolf.Licensing.dll
  Dev2.CustomControls -> C:\Users\ultra\warewolf\Dev\Dev2.CustomControls\bin\Debug\net8.0\Dev2.CustomControls.dll
  Consider app.config remapping of assembly "Newtonsoft.Json, Culture=neutral, PublicKeyToken=30ad4fe6b2a6aeed" from Version "12.0.0.0" [] to Version "13.0.0.0" [C:\Users\ultra\.nuget\packages\newtonsoft.json\13.0.2\lib\net6.0\Newtonsoft.Json.dll] to solve conflict and get rid of warning.
  Dev2.Runtime.Configuration -> C:\Users\ultra\warewolf\Dev\Dev2.Runtime.Configuration\bin\Debug\net8.0\Dev2.Runtime.Configuration.dll
C:\Users\ultra\warewolf\Dev\Dev2.Diagnostics\Debug\DebugDispatcher.cs(209,35): warning CC0057: Parameter 'previous' is not used. (https://code-cracker.github.io/diagnostics/CC0057.html) [C:\Users\ultra\warewolf\Dev\Dev2.Diagnostics\Dev2.Diagnostics.csproj]
  Dev2.Diagnostics -> C:\Users\ultra\warewolf\Dev\Dev2.Diagnostics\bin\Debug\net8.0\Dev2.Diagnostics.dll
C:\Users\ultra\warewolf\Dev\Warewolf.AI.Harness\ChatbotApiService.cs(11,7): warning CS0105: The using directive for 'System.Text' appeared previously in this namespace [C:\Users\ultra\warewolf\Dev\Warewolf.AI.Harness\Warewolf.AI.Harness.csproj]
C:\Users\ultra\warewolf\Dev\Warewolf.AI.Harness\ChatbotApiService.cs(12,7): warning CS0105: The using directive for 'Newtonsoft.Json' appeared previously in this namespace [C:\Users\ultra\warewolf\Dev\Warewolf.AI.Harness\Warewolf.AI.Harness.csproj]
C:\Users\ultra\warewolf\Dev\Warewolf.AI.Harness\ChatbotApiService.cs(641,23): warning CS8618: Non-nullable property 'Model' must contain a non-null value when exiting constructor. Consider adding the 'required' modifier or declaring the property as nullable. [C:\Users\ultra\warewolf\Dev\Warewolf.AI.Harness\Warewolf.AI.Harness.csproj]
C:\Users\ultra\warewolf\Dev\Warewolf.AI.Harness\ChatbotApiService.cs(659,23): warning CS8618: Non-nullable property 'FinishReason' must contain a non-null value when exiting constructor. Consider adding the 'required' modifier or declaring the property as nullable. [C:\Users\ultra\warewolf\Dev\Warewolf.AI.Harness\Warewolf.AI.Harness.csproj]
C:\Users\ultra\warewolf\Dev\Warewolf.AI.Harness\ChatbotApiService.cs(201,34): warning CS8600: Converting null literal or possible null value to non-nullable type. [C:\Users\ultra\warewolf\Dev\Warewolf.AI.Harness\Warewolf.AI.Harness.csproj]
C:\Users\ultra\warewolf\Dev\Warewolf.AI.Harness\ChatbotApiService.cs(215,51): warning CS8602: Dereference of a possibly null reference. [C:\Users\ultra\warewolf\Dev\Warewolf.AI.Harness\Warewolf.AI.Harness.csproj]
C:\Users\ultra\warewolf\Dev\Warewolf.AI.Harness\ChatbotApiService.cs(218,25): warning CS8602: Dereference of a possibly null reference. [C:\Users\ultra\warewolf\Dev\Warewolf.AI.Harness\Warewolf.AI.Harness.csproj]
C:\Users\ultra\warewolf\Dev\Warewolf.AI.Harness\ChatbotApiService.cs(303,34): warning CS8600: Converting null literal or possible null value to non-nullable type. [C:\Users\ultra\warewolf\Dev\Warewolf.AI.Harness\Warewolf.AI.Harness.csproj]
C:\Users\ultra\warewolf\Dev\Warewolf.AI.Harness\ChatbotApiService.cs(312,51): warning CS8602: Dereference of a possibly null reference. [C:\Users\ultra\warewolf\Dev\Warewolf.AI.Harness\Warewolf.AI.Harness.csproj]
C:\Users\ultra\warewolf\Dev\Warewolf.AI.Harness\ChatbotApiService.cs(314,30): warning CS8602: Dereference of a possibly null reference. [C:\Users\ultra\warewolf\Dev\Warewolf.AI.Harness\Warewolf.AI.Harness.csproj]
C:\Users\ultra\warewolf\Dev\Warewolf.AI.Harness\ChatbotApiService.cs(477,32): warning CS8600: Converting null literal or possible null value to non-nullable type. [C:\Users\ultra\warewolf\Dev\Warewolf.AI.Harness\Warewolf.AI.Harness.csproj]
C:\Users\ultra\warewolf\Dev\Warewolf.AI.Harness\ChatbotApiService.cs(478,32): warning CS8600: Converting null literal or possible null value to non-nullable type. [C:\Users\ultra\warewolf\Dev\Warewolf.AI.Harness\Warewolf.AI.Harness.csproj]
C:\Users\ultra\warewolf\Dev\Warewolf.AI.Harness\ChatbotApiService.cs(481,73): warning CS8625: Cannot convert null literal to non-nullable reference type. [C:\Users\ultra\warewolf\Dev\Warewolf.AI.Harness\Warewolf.AI.Harness.csproj]
C:\Users\ultra\warewolf\Dev\Warewolf.AI.Harness\ChatbotApiService.cs(482,60): warning CS8604: Possible null reference argument for parameter 'authHeaderName' in 'HttpResponseMessage ChatbotApiService.PostWithAuth(string endpoint, object payload, string authHeaderName, string authHeaderValue, string additionalHeaders)'. [C:\Users\ultra\warewolf\Dev\Warewolf.AI.Harness\Warewolf.AI.Harness.csproj]
C:\Users\ultra\warewolf\Dev\Warewolf.AI.Harness\ChatbotApiService.cs(482,70): warning CS8604: Possible null reference argument for parameter 'authHeaderValue' in 'HttpResponseMessage ChatbotApiService.PostWithAuth(string endpoint, object payload, string authHeaderName, string authHeaderValue, string additionalHeaders)'. [C:\Users\ultra\warewolf\Dev\Warewolf.AI.Harness\Warewolf.AI.Harness.csproj]
C:\Users\ultra\warewolf\Dev\Warewolf.AI.Harness\ChatbotApiService.cs(482,81): warning CS8625: Cannot convert null literal to non-nullable reference type. [C:\Users\ultra\warewolf\Dev\Warewolf.AI.Harness\Warewolf.AI.Harness.csproj]
C:\Users\ultra\warewolf\Dev\Warewolf.AI.Harness\ChatbotApiService.cs(496,73): warning CS8625: Cannot convert null literal to non-nullable reference type. [C:\Users\ultra\warewolf\Dev\Warewolf.AI.Harness\Warewolf.AI.Harness.csproj]
C:\Users\ultra\warewolf\Dev\Warewolf.AI.Harness\ChatbotApiService.cs(497,81): warning CS8625: Cannot convert null literal to non-nullable reference type. [C:\Users\ultra\warewolf\Dev\Warewolf.AI.Harness\Warewolf.AI.Harness.csproj]
C:\Users\ultra\warewolf\Dev\Warewolf.AI.Harness\ChatbotApiService.cs(514,73): warning CS8625: Cannot convert null literal to non-nullable reference type. [C:\Users\ultra\warewolf\Dev\Warewolf.AI.Harness\Warewolf.AI.Harness.csproj]
C:\Users\ultra\warewolf\Dev\Warewolf.AI.Harness\ChatbotApiService.cs(515,114): warning CS8625: Cannot convert null literal to non-nullable reference type. [C:\Users\ultra\warewolf\Dev\Warewolf.AI.Harness\Warewolf.AI.Harness.csproj]
C:\Users\ultra\warewolf\Dev\Warewolf.AI.Harness\ChatbotApiService.cs(521,36): warning CS8600: Converting null literal or possible null value to non-nullable type. [C:\Users\ultra\warewolf\Dev\Warewolf.AI.Harness\Warewolf.AI.Harness.csproj]
C:\Users\ultra\warewolf\Dev\Warewolf.AI.Harness\ChatbotApiService.cs(538,82): warning CS8604: Possible null reference argument for parameter 'systemMessage' in 'Dictionary<string, object> ChatbotApiService.CreatePayload(string model, object messages, string systemMessage, bool useMaxCompletionTokens, bool includeTemperature)'. [C:\Users\ultra\warewolf\Dev\Warewolf.AI.Harness\Warewolf.AI.Harness.csproj]
C:\Users\ultra\warewolf\Dev\Warewolf.AI.Harness\ChatbotApiService.cs(545,35): warning CS8600: Converting null literal or possible null value to non-nullable type. [C:\Users\ultra\warewolf\Dev\Warewolf.AI.Harness\Warewolf.AI.Harness.csproj]
C:\Users\ultra\warewolf\Dev\Warewolf.AI.Harness\ChatbotApiService.cs(589,68): warning CS8625: Cannot convert null literal to non-nullable reference type. [C:\Users\ultra\warewolf\Dev\Warewolf.AI.Harness\Warewolf.AI.Harness.csproj]
C:\Users\ultra\warewolf\Dev\Warewolf.AI.Harness\ChatbotApiService.cs(589,74): warning CS8625: Cannot convert null literal to non-nullable reference type. [C:\Users\ultra\warewolf\Dev\Warewolf.AI.Harness\Warewolf.AI.Harness.csproj]
C:\Users\ultra\warewolf\Dev\Warewolf.AI.Harness\ChatbotApiService.cs(589,80): warning CS8625: Cannot convert null literal to non-nullable reference type. [C:\Users\ultra\warewolf\Dev\Warewolf.AI.Harness\Warewolf.AI.Harness.csproj]
  Warewolf.AI.Harness -> C:\Users\ultra\warewolf\Dev\Warewolf.AI.Harness\bin\Debug\net8.0\Warewolf.AI.Harness.dll
C:\Users\ultra\warewolf\Dev\Dev2.Infrastructure\PerformanceCounters\Management\WarewolfPerformanceCounterManager.cs(22,140): warning CC0057: Parameter 'register' is not used. (https://code-cracker.github.io/diagnostics/CC0057.html) [C:\Users\ultra\warewolf\Dev\Dev2.Infrastructure\Dev2.Infrastructure.csproj]
C:\Users\ultra\warewolf\Dev\Dev2.Infrastructure\PerformanceCounters\Management\WarewolfPerformanceCounterManager.cs(67,83): warning CC0057: Parameter 'name' is not used. (https://code-cracker.github.io/diagnostics/CC0057.html) [C:\Users\ultra\warewolf\Dev\Dev2.Infrastructure\Dev2.Infrastructure.csproj]
C:\Users\ultra\warewolf\Dev\Dev2.Infrastructure\PerformanceCounters\PerformanceCounterCategoryWrapper.cs(12,51): warning CA1416: This call site is reachable on all platforms. 'PerformanceCounterCategory.CounterExists(string)' is only supported on: 'windows'. (https://learn.microsoft.com/dotnet/fundamentals/code-analysis/quality-rules/ca1416) [C:\Users\ultra\warewolf\Dev\Dev2.Infrastructure\Dev2.Infrastructure.csproj]
C:\Users\ultra\warewolf\Dev\Dev2.Infrastructure\PerformanceCounters\PerformanceCounterCategoryWrapper.cs(32,48): warning CA1416: This call site is reachable on all platforms. 'PerformanceCounterCategory.Delete(string)' is only supported on: 'windows'. (https://learn.microsoft.com/dotnet/fundamentals/code-analysis/quality-rules/ca1416) [C:\Users\ultra\warewolf\Dev\Dev2.Infrastructure\Dev2.Infrastructure.csproj]
C:\Users\ultra\warewolf\Dev\Dev2.Infrastructure\PerformanceCounters\PerformanceCounterCategoryWrapper.cs(38,29): warning CA1416: This call site is reachable on all platforms. 'PerformanceCounterCategory' is only supported on: 'windows'. (https://learn.microsoft.com/dotnet/fundamentals/code-analysis/quality-rules/ca1416) [C:\Users\ultra\warewolf\Dev\Dev2.Infrastructure\Dev2.Infrastructure.csproj]
C:\Users\ultra\warewolf\Dev\Dev2.Infrastructure\PerformanceCounters\PerformanceCounterCategoryWrapper.cs(33,48): warning CA1416: This call site is reachable on all platforms. 'PerformanceCounterCategory.Exists(string)' is only supported on: 'windows'. (https://learn.microsoft.com/dotnet/fundamentals/code-analysis/quality-rules/ca1416) [C:\Users\ultra\warewolf\Dev\Dev2.Infrastructure\Dev2.Infrastructure.csproj]
C:\Users\ultra\warewolf\Dev\Dev2.Infrastructure\PerformanceCounters\Management\PerformanceCounterPersistence.cs(48,81): warning CC0057: Parameter 'resourcePerformanceCounters' is not used. (https://code-cracker.github.io/diagnostics/CC0057.html) [C:\Users\ultra\warewolf\Dev\Dev2.Infrastructure\Dev2.Infrastructure.csproj]
C:\Users\ultra\warewolf\Dev\Dev2.Infrastructure\PerformanceCounters\PerformanceCounterCategoryWrapper.cs(19,45): warning CA1416: This call site is reachable on all platforms. 'CounterCreationData' is only supported on: 'windows'. (https://learn.microsoft.com/dotnet/fundamentals/code-analysis/quality-rules/ca1416) [C:\Users\ultra\warewolf\Dev\Dev2.Infrastructure\Dev2.Infrastructure.csproj]
C:\Users\ultra\warewolf\Dev\Dev2.Infrastructure\PerformanceCounters\PerformanceCounterCategoryWrapper.cs(29,13): warning CA1416: This call site is reachable on all platforms. 'PerformanceCounterCategory.Create(string, string, PerformanceCounterCategoryType, CounterCreationDataCollection)' is only supported on: 'windows'. (https://learn.microsoft.com/dotnet/fundamentals/code-analysis/quality-rules/ca1416) [C:\Users\ultra\warewolf\Dev\Dev2.Infrastructure\Dev2.Infrastructure.csproj]
C:\Users\ultra\warewolf\Dev\Dev2.Infrastructure\PerformanceCounters\PerformanceCounterCategoryWrapper.cs(25,21): warning CA1416: This call site is reachable on all platforms. 'CounterCreationDataCollection.Add(CounterCreationData)' is only supported on: 'windows'. (https://learn.microsoft.com/dotnet/fundamentals/code-analysis/quality-rules/ca1416) [C:\Users\ultra\warewolf\Dev\Dev2.Infrastructure\Dev2.Infrastructure.csproj]
C:\Users\ultra\warewolf\Dev\Dev2.Infrastructure\PerformanceCounters\PerformanceCounterCategoryWrapper.cs(14,49): warning CA1416: This call site is reachable on all platforms. 'CounterCreationDataCollection' is only supported on: 'windows'. (https://learn.microsoft.com/dotnet/fundamentals/code-analysis/quality-rules/ca1416) [C:\Users\ultra\warewolf\Dev\Dev2.Infrastructure\Dev2.Infrastructure.csproj]
C:\Users\ultra\warewolf\Dev\Dev2.Infrastructure\PerformanceCounters\PerformanceCounterCategoryWrapper.cs(29,71): warning CA1416: This call site is reachable on all platforms. 'PerformanceCounterCategoryType.MultiInstance' is only supported on: 'windows'. (https://learn.microsoft.com/dotnet/fundamentals/code-analysis/quality-rules/ca1416) [C:\Users\ultra\warewolf\Dev\Dev2.Infrastructure\Dev2.Infrastructure.csproj]
C:\Users\ultra\warewolf\Dev\Dev2.Infrastructure\PerformanceCounters\PerformanceCounterCategoryWrapper.cs(52,28): warning CA1416: This call site is reachable on all platforms. 'PerformanceCounterType.NumberOfItems32' is only supported on: 'windows'. (https://learn.microsoft.com/dotnet/fundamentals/code-analysis/quality-rules/ca1416) [C:\Users\ultra\warewolf\Dev\Dev2.Infrastructure\Dev2.Infrastructure.csproj]
C:\Users\ultra\warewolf\Dev\Dev2.Infrastructure\PerformanceCounters\PerformanceCounterCategoryWrapper.cs(48,28): warning CA1416: This call site is reachable on all platforms. 'PerformanceCounterType.AverageBase' is only supported on: 'windows'. (https://learn.microsoft.com/dotnet/fundamentals/code-analysis/quality-rules/ca1416) [C:\Users\ultra\warewolf\Dev\Dev2.Infrastructure\Dev2.Infrastructure.csproj]
C:\Users\ultra\warewolf\Dev\Dev2.Infrastructure\PerformanceCounters\PerformanceCounterCategoryWrapper.cs(50,28): warning CA1416: This call site is reachable on all platforms. 'PerformanceCounterType.AverageTimer32' is only supported on: 'windows'. (https://learn.microsoft.com/dotnet/fundamentals/code-analysis/quality-rules/ca1416) [C:\Users\ultra\warewolf\Dev\Dev2.Infrastructure\Dev2.Infrastructure.csproj]
C:\Users\ultra\warewolf\Dev\Dev2.Infrastructure\PerformanceCounters\PerformanceCounterCategoryWrapper.cs(54,28): warning CA1416: This call site is reachable on all platforms. 'PerformanceCounterType.RateOfCountsPerSecond32' is only supported on: 'windows'. (https://learn.microsoft.com/dotnet/fundamentals/code-analysis/quality-rules/ca1416) [C:\Users\ultra\warewolf\Dev\Dev2.Infrastructure\Dev2.Infrastructure.csproj]
C:\Users\ultra\warewolf\Dev\Dev2.Infrastructure\Services\Security\MoqInstallerActions\InstallerActionsForDevelopment.cs(57,31): warning CA1416: This call site is reachable on all platforms. 'WindowsIdentity.GetCurrent(bool)' is only supported on: 'windows'. (https://learn.microsoft.com/dotnet/fundamentals/code-analysis/quality-rules/ca1416) [C:\Users\ultra\warewolf\Dev\Dev2.Infrastructure\Dev2.Infrastructure.csproj]
C:\Users\ultra\warewolf\Dev\Dev2.Infrastructure\Services\Security\MoqInstallerActions\InstallerActionsForDevelopment.cs(59,57): warning CA1416: This call site is reachable on all platforms. 'WindowsIdentity.Name' is only supported on: 'windows'. (https://learn.microsoft.com/dotnet/fundamentals/code-analysis/quality-rules/ca1416) [C:\Users\ultra\warewolf\Dev\Dev2.Infrastructure\Dev2.Infrastructure.csproj]
C:\Users\ultra\warewolf\Dev\Dev2.Infrastructure\Services\Security\SecuritySettings.cs(92,28): warning CC0022: HMACSHA256 should be disposed. (https://code-cracker.github.io/diagnostics/CC0022.html) [C:\Users\ultra\warewolf\Dev\Dev2.Infrastructure\Dev2.Infrastructure.csproj]
CSC : warning AD0001: Analyzer 'CodeCracker.CSharp.Design.UseInvokeMethodToFireEventAnalyzer' threw an exception of type 'System.ArgumentException' with message 'Syntax node is not within syntax tree'. [C:\Users\ultra\warewolf\Dev\Dev2.Infrastructure\Dev2.Infrastructure.csproj]
CSC : warning AD0001: Analyzer 'CodeCracker.CSharp.Design.UseInvokeMethodToFireEventAnalyzer' threw an exception of type 'System.ArgumentException' with message 'Syntax node is not within syntax tree'. [C:\Users\ultra\warewolf\Dev\Dev2.Infrastructure\Dev2.Infrastructure.csproj]
CSC : warning AD0001: Analyzer 'CodeCracker.CSharp.Design.UseInvokeMethodToFireEventAnalyzer' threw an exception of type 'System.ArgumentException' with message 'Syntax node is not within syntax tree'. [C:\Users\ultra\warewolf\Dev\Dev2.Infrastructure\Dev2.Infrastructure.csproj]
CSC : warning AD0001: Analyzer 'CodeCracker.CSharp.Design.UseInvokeMethodToFireEventAnalyzer' threw an exception of type 'System.ArgumentException' with message 'Syntax node is not within syntax tree'. [C:\Users\ultra\warewolf\Dev\Dev2.Infrastructure\Dev2.Infrastructure.csproj]
CSC : warning AD0001: Analyzer 'CodeCracker.CSharp.Design.UseInvokeMethodToFireEventAnalyzer' threw an exception of type 'System.ArgumentException' with message 'Syntax node is not within syntax tree'. [C:\Users\ultra\warewolf\Dev\Dev2.Infrastructure\Dev2.Infrastructure.csproj]
CSC : warning AD0001: Analyzer 'CodeCracker.CSharp.Design.UseInvokeMethodToFireEventAnalyzer' threw an exception of type 'System.ArgumentException' with message 'Syntax node is not within syntax tree'. [C:\Users\ultra\warewolf\Dev\Dev2.Infrastructure\Dev2.Infrastructure.csproj]
CSC : warning AD0001: Analyzer 'CodeCracker.CSharp.Design.UseInvokeMethodToFireEventAnalyzer' threw an exception of type 'System.ArgumentException' with message 'Syntax node is not within syntax tree'. [C:\Users\ultra\warewolf\Dev\Dev2.Infrastructure\Dev2.Infrastructure.csproj]
CSC : warning AD0001: Analyzer 'CodeCracker.CSharp.Design.UseInvokeMethodToFireEventAnalyzer' threw an exception of type 'System.ArgumentException' with message 'Syntax node is not within syntax tree'. [C:\Users\ultra\warewolf\Dev\Dev2.Infrastructure\Dev2.Infrastructure.csproj]
CSC : warning AD0001: Analyzer 'CodeCracker.CSharp.Design.UseInvokeMethodToFireEventAnalyzer' threw an exception of type 'System.ArgumentException' with message 'Syntax node is not within syntax tree'. [C:\Users\ultra\warewolf\Dev\Dev2.Infrastructure\Dev2.Infrastructure.csproj]
CSC : warning AD0001: Analyzer 'CodeCracker.CSharp.Design.UseInvokeMethodToFireEventAnalyzer' threw an exception of type 'System.ArgumentException' with message 'Syntax node is not within syntax tree'. [C:\Users\ultra\warewolf\Dev\Dev2.Infrastructure\Dev2.Infrastructure.csproj]
CSC : warning AD0001: Analyzer 'CodeCracker.CSharp.Design.UseInvokeMethodToFireEventAnalyzer' threw an exception of type 'System.ArgumentException' with message 'Syntax node is not within syntax tree'. [C:\Users\ultra\warewolf\Dev\Dev2.Infrastructure\Dev2.Infrastructure.csproj]
CSC : warning AD0001: Analyzer 'CodeCracker.CSharp.Design.UseInvokeMethodToFireEventAnalyzer' threw an exception of type 'System.ArgumentException' with message 'Syntax node is not within syntax tree'. [C:\Users\ultra\warewolf\Dev\Dev2.Infrastructure\Dev2.Infrastructure.csproj]
CSC : warning AD0001: Analyzer 'CodeCracker.CSharp.Design.UseInvokeMethodToFireEventAnalyzer' threw an exception of type 'System.ArgumentException' with message 'Syntax node is not within syntax tree'. [C:\Users\ultra\warewolf\Dev\Dev2.Infrastructure\Dev2.Infrastructure.csproj]
CSC : warning AD0001: Analyzer 'CodeCracker.CSharp.Design.UseInvokeMethodToFireEventAnalyzer' threw an exception of type 'System.ArgumentException' with message 'Syntax node is not within syntax tree'. [C:\Users\ultra\warewolf\Dev\Dev2.Infrastructure\Dev2.Infrastructure.csproj]
  Dev2.Infrastructure -> C:\Users\ultra\warewolf\Dev\Dev2.Infrastructure\bin\Debug\net8.0\Dev2.Infrastructure.dll
C:\Program Files\dotnet\sdk\10.0.201\Microsoft.CSharp.CurrentVersion.targets(130,9): warning MSB3884: Could not find rule set file "..\.sonarlint\warewolf_dotnet_frameworkcsharp.ruleset". [C:\Users\ultra\warewolf\Dev\Warewolf.Sharepoint\Warewolf.Sharepoint.csproj]
C:\Users\ultra\warewolf\Dev\Dev2.SignalR.Wrappers.New\HubConnectionWrapper.cs(431,21): warning SYSLIB0006: 'Thread.Abort()' is obsolete: 'Thread.Abort is not supported and throws PlatformNotSupportedException.' (https://aka.ms/dotnet-warnings/SYSLIB0006) [C:\Users\ultra\warewolf\Dev\Dev2.SignalR.Wrappers.New\Dev2.SignalR.Wrappers.New.csproj]
C:\Users\ultra\warewolf\Dev\Dev2.SignalR.Wrappers.New\HubConnectionWrapper.cs(205,21): warning CC0029: 'HubConnectionWrapper' should call GC.SuppressFinalize inside the Dispose method. (https://code-cracker.github.io/diagnostics/CC0029.html) [C:\Users\ultra\warewolf\Dev\Dev2.SignalR.Wrappers.New\Dev2.SignalR.Wrappers.New.csproj]
C:\Users\ultra\warewolf\Dev\Dev2.SignalR.Wrappers.New\HubConnectionWrapper.cs(383,17): warning CC0105: Use 'var' instead of specifying the type name. (https://code-cracker.github.io/diagnostics/CC0105.html) [C:\Users\ultra\warewolf\Dev\Dev2.SignalR.Wrappers.New\Dev2.SignalR.Wrappers.New.csproj]
C:\Users\ultra\warewolf\Dev\Dev2.Services.Sql\ConnectionBuilder.cs(44,21): warning CC0029: 'ConnectionBuilder' should call GC.SuppressFinalize inside the Dispose method. (https://code-cracker.github.io/diagnostics/CC0029.html) [C:\Users\ultra\warewolf\Dev\Dev2.Services.Sql\Dev2.Services.Sql.csproj]
  Dev2.Services.Sql -> C:\Users\ultra\warewolf\Dev\Dev2.Services.Sql\bin\Debug\net8.0\Dev2.Services.Sql.dll
  Dev2.SignalR.Wrappers.New -> C:\Users\ultra\warewolf\Dev\Dev2.SignalR.Wrappers.New\bin\Debug\net8.0\Dev2.SignalR.Wrappers.New.dll
  Warewolf.Sharepoint -> C:\Users\ultra\warewolf\Dev\Warewolf.Sharepoint\bin\Debug\net8.0\Warewolf.Sharepoint.dll
  Warewolf.Storage -> C:\Users\ultra\warewolf\Dev\Warewolf.Storage\bin\Debug\net8.0\Warewolf.Storage.dll
C:\Program Files\dotnet\sdk\10.0.201\Microsoft.Common.CurrentVersion.targets(2451,5): warning MSB3245: Could not resolve this reference. Could not locate the assembly "System.Web". Check to make sure the assembly exists on disk. If this reference is required by your code, you may get compilation errors. [C:\Users\ultra\warewolf\Dev\Dev2.Data\Dev2.Data.csproj]
C:\Program Files\dotnet\sdk\10.0.201\Microsoft.Common.CurrentVersion.targets(2451,5): warning MSB3245: Could not resolve this reference. Could not locate the assembly "System.Web.Extensions". Check to make sure the assembly exists on disk. If this reference is required by your code, you may get compilation errors. [C:\Users\ultra\warewolf\Dev\Dev2.Data\Dev2.Data.csproj]
C:\Program Files\dotnet\sdk\10.0.201\Microsoft.Common.CurrentVersion.targets(2451,5): warning MSB3245: Could not resolve this reference. Could not locate the assembly "System.Xml.Linq". Check to make sure the assembly exists on disk. If this reference is required by your code, you may get compilation errors. [C:\Users\ultra\warewolf\Dev\Dev2.Data\Dev2.Data.csproj]
C:\Program Files\dotnet\sdk\10.0.201\Microsoft.Common.CurrentVersion.targets(2451,5): warning MSB3245: Could not resolve this reference. Could not locate the assembly "System.Data.DataSetExtensions". Check to make sure the assembly exists on disk. If this reference is required by your code, you may get compilation errors. [C:\Users\ultra\warewolf\Dev\Dev2.Data\Dev2.Data.csproj]
C:\Program Files\dotnet\sdk\10.0.201\Microsoft.Common.CurrentVersion.targets(2451,5): warning MSB3245: Could not resolve this reference. Could not locate the assembly "Microsoft.CSharp". Check to make sure the assembly exists on disk. If this reference is required by your code, you may get compilation errors. [C:\Users\ultra\warewolf\Dev\Dev2.Data\Dev2.Data.csproj]
C:\Program Files\dotnet\sdk\10.0.201\Microsoft.Common.CurrentVersion.targets(2451,5): warning MSB3245: Could not resolve this reference. Could not locate the assembly "System.Data". Check to make sure the assembly exists on disk. If this reference is required by your code, you may get compilation errors. [C:\Users\ultra\warewolf\Dev\Dev2.Data\Dev2.Data.csproj]
C:\Program Files\dotnet\sdk\10.0.201\Microsoft.Common.CurrentVersion.targets(2451,5): warning MSB3245: Could not resolve this reference. Could not locate the assembly "System.Xml". Check to make sure the assembly exists on disk. If this reference is required by your code, you may get compilation errors. [C:\Users\ultra\warewolf\Dev\Dev2.Data\Dev2.Data.csproj]
C:\Program Files\dotnet\sdk\10.0.201\Microsoft.Common.CurrentVersion.targets(2451,5): warning MSB3243: No way to resolve conflict between "System.Web, Version=4.0.0.0, Culture=neutral, PublicKeyToken=b03f5f7f11d50a3a" and "System.Web". Choosing "System.Web, Version=4.0.0.0, Culture=neutral, PublicKeyToken=b03f5f7f11d50a3a" arbitrarily. [C:\Users\ultra\warewolf\Dev\Dev2.Data\Dev2.Data.csproj]
C:\Program Files\dotnet\sdk\10.0.201\Microsoft.Common.CurrentVersion.targets(2451,5): warning MSB3243: No way to resolve conflict between "System.Xml.Linq, Version=4.0.0.0, Culture=neutral, PublicKeyToken=b77a5c561934e089" and "System.Xml.Linq". Choosing "System.Xml.Linq, Version=4.0.0.0, Culture=neutral, PublicKeyToken=b77a5c561934e089" arbitrarily. [C:\Users\ultra\warewolf\Dev\Dev2.Data\Dev2.Data.csproj]
C:\Program Files\dotnet\sdk\10.0.201\Microsoft.Common.CurrentVersion.targets(2451,5): warning MSB3243: No way to resolve conflict between "System.Data.DataSetExtensions, Version=8.0.0.0, Culture=neutral, PublicKeyToken=b77a5c561934e089" and "System.Data.DataSetExtensions". Choosing "System.Data.DataSetExtensions, Version=8.0.0.0, Culture=neutral, PublicKeyToken=b77a5c561934e089" arbitrarily. [C:\Users\ultra\warewolf\Dev\Dev2.Data\Dev2.Data.csproj]
C:\Program Files\dotnet\sdk\10.0.201\Microsoft.Common.CurrentVersion.targets(2451,5): warning MSB3243: No way to resolve conflict between "Microsoft.CSharp, Version=8.0.0.0, Culture=neutral, PublicKeyToken=b03f5f7f11d50a3a" and "Microsoft.CSharp". Choosing "Microsoft.CSharp, Version=8.0.0.0, Culture=neutral, PublicKeyToken=b03f5f7f11d50a3a" arbitrarily. [C:\Users\ultra\warewolf\Dev\Dev2.Data\Dev2.Data.csproj]
C:\Program Files\dotnet\sdk\10.0.201\Microsoft.Common.CurrentVersion.targets(2451,5): warning MSB3243: No way to resolve conflict between "System.Data, Version=4.0.0.0, Culture=neutral, PublicKeyToken=b77a5c561934e089" and "System.Data". Choosing "System.Data, Version=4.0.0.0, Culture=neutral, PublicKeyToken=b77a5c561934e089" arbitrarily. [C:\Users\ultra\warewolf\Dev\Dev2.Data\Dev2.Data.csproj]
C:\Program Files\dotnet\sdk\10.0.201\Microsoft.Common.CurrentVersion.targets(2451,5): warning MSB3243: No way to resolve conflict between "System.Xml, Version=4.0.0.0, Culture=neutral, PublicKeyToken=b77a5c561934e089" and "System.Xml". Choosing "System.Xml, Version=4.0.0.0, Culture=neutral, PublicKeyToken=b77a5c561934e089" arbitrarily. [C:\Users\ultra\warewolf\Dev\Dev2.Data\Dev2.Data.csproj]
CSC : warning CS2002: Source file 'C:\Users\ultra\warewolf\Dev\Dev2.Data\MathOperations\NCalc\NCalcExpressionBuilder.cs' specified multiple times [C:\Users\ultra\warewolf\Dev\Dev2.Data\Dev2.Data.csproj]
CSC : warning CS2002: Source file 'C:\Users\ultra\warewolf\Dev\Dev2.Data\MathOperations\NCalc\NCalcFunctionArgHelper.cs' specified multiple times [C:\Users\ultra\warewolf\Dev\Dev2.Data\Dev2.Data.csproj]
CSC : warning CS2002: Source file 'C:\Users\ultra\warewolf\Dev\Dev2.Data\MathOperations\NCalc\Functions\BaseConversionFunctions.cs' specified multiple times [C:\Users\ultra\warewolf\Dev\Dev2.Data\Dev2.Data.csproj]
CSC : warning CS2002: Source file 'C:\Users\ultra\warewolf\Dev\Dev2.Data\MathOperations\NCalc\Functions\ComplexFunctions.cs' specified multiple times [C:\Users\ultra\warewolf\Dev\Dev2.Data\Dev2.Data.csproj]
CSC : warning CS2002: Source file 'C:\Users\ultra\warewolf\Dev\Dev2.Data\MathOperations\NCalc\Functions\DateTimeFunctions.cs' specified multiple times [C:\Users\ultra\warewolf\Dev\Dev2.Data\Dev2.Data.csproj]
CSC : warning CS2002: Source file 'C:\Users\ultra\warewolf\Dev\Dev2.Data\MathOperations\NCalc\Functions\FinancialFunctions.cs' specified multiple times [C:\Users\ultra\warewolf\Dev\Dev2.Data\Dev2.Data.csproj]
CSC : warning CS2002: Source file 'C:\Users\ultra\warewolf\Dev\Dev2.Data\MathOperations\NCalc\Functions\InformationFunctions.cs' specified multiple times [C:\Users\ultra\warewolf\Dev\Dev2.Data\Dev2.Data.csproj]
CSC : warning CS2002: Source file 'C:\Users\ultra\warewolf\Dev\Dev2.Data\MathOperations\NCalc\Functions\MathFunctions.cs' specified multiple times [C:\Users\ultra\warewolf\Dev\Dev2.Data\Dev2.Data.csproj]
CSC : warning CS2002: Source file 'C:\Users\ultra\warewolf\Dev\Dev2.Data\MathOperations\NCalc\Functions\StringFunctions.cs' specified multiple times [C:\Users\ultra\warewolf\Dev\Dev2.Data\Dev2.Data.csproj]
C:\Users\ultra\warewolf\Dev\Dev2.Data\MathOperations\NCalc\Functions\MathFunctions.cs(22,30): warning CS8632: The annotation for nullable reference types should only be used in code within a '#nullable' annotations context. [C:\Users\ultra\warewolf\Dev\Dev2.Data\Dev2.Data.csproj]
C:\Users\ultra\warewolf\Dev\Dev2.Data\MathOperations\NCalc\NCalcFunctionArgHelper.cs(51,47): warning CS8632: The annotation for nullable reference types should only be used in code within a '#nullable' annotations context. [C:\Users\ultra\warewolf\Dev\Dev2.Data\Dev2.Data.csproj]
C:\Users\ultra\warewolf\Dev\Dev2.Data\MathOperations\NCalc\Functions\StringFunctions.cs(94,59): warning CS8632: The annotation for nullable reference types should only be used in code within a '#nullable' annotations context. [C:\Users\ultra\warewolf\Dev\Dev2.Data\Dev2.Data.csproj]
C:\Users\ultra\warewolf\Dev\Dev2.Data\NativeMethods.cs(66,59): warning CS0472: The result of the expression is always 'false' since a value of type 'nint' is never equal to 'null' of type 'nint?' [C:\Users\ultra\warewolf\Dev\Dev2.Data\Dev2.Data.csproj]
C:\Users\ultra\warewolf\Dev\Dev2.Data\NativeMethods.cs(88,8): warning CS0472: The result of the expression is always 'false' since a value of type 'nint' is never equal to 'null' of type 'nint?' [C:\Users\ultra\warewolf\Dev\Dev2.Data\Dev2.Data.csproj]
C:\Users\ultra\warewolf\Dev\Dev2.Data\Security\WindowsIdentityExtensions.cs(41,24): warning CA1416: This call site is reachable on all platforms. 'WindowsIdentity.RunImpersonated<T>(SafeAccessTokenHandle, Func<T>)' is only supported on: 'windows'. (https://learn.microsoft.com/dotnet/fundamentals/code-analysis/quality-rules/ca1416) [C:\Users\ultra\warewolf\Dev\Dev2.Data\Dev2.Data.csproj]
C:\Users\ultra\warewolf\Dev\Dev2.Data\Security\WindowsIdentityExtensions.cs(28,49): warning CA1416: This call site is reachable on all platforms. 'WindowsIdentity.AccessToken' is only supported on: 'windows'. (https://learn.microsoft.com/dotnet/fundamentals/code-analysis/quality-rules/ca1416) [C:\Users\ultra\warewolf\Dev\Dev2.Data\Dev2.Data.csproj]
C:\Users\ultra\warewolf\Dev\Dev2.Data\Security\WindowsIdentityExtensions.cs(41,59): warning CA1416: This call site is reachable on all platforms. 'WindowsIdentity.AccessToken' is only supported on: 'windows'. (https://learn.microsoft.com/dotnet/fundamentals/code-analysis/quality-rules/ca1416) [C:\Users\ultra\warewolf\Dev\Dev2.Data\Dev2.Data.csproj]
C:\Users\ultra\warewolf\Dev\Dev2.Data\Security\WindowsIdentityExtensions.cs(28,17): warning CA1416: This call site is reachable on all platforms. 'WindowsIdentity.RunImpersonated(SafeAccessTokenHandle, Action)' is only supported on: 'windows'. (https://learn.microsoft.com/dotnet/fundamentals/code-analysis/quality-rules/ca1416) [C:\Users\ultra\warewolf\Dev\Dev2.Data\Dev2.Data.csproj]
C:\Users\ultra\warewolf\Dev\Dev2.Data\PathOperations\ValidateAuthorization.cs(73,33): warning CA1416: This call site is reachable on all platforms. 'WindowsIdentity' is only supported on: 'windows'. (https://learn.microsoft.com/dotnet/fundamentals/code-analysis/quality-rules/ca1416) [C:\Users\ultra\warewolf\Dev\Dev2.Data\Dev2.Data.csproj]
  Dev2.Data -> C:\Users\ultra\warewolf\Dev\Dev2.Data\bin\Debug\net8.0\Dev2.Data.dll
  Warewolf.Driver.Serilog -> C:\Users\ultra\warewolf\Dev\Warewolf.Driver.Serilog\bin\Debug\net8.0\Warewolf.Driver.Serilog.dll
  Dev2.Core -> C:\Users\ultra\warewolf\Dev\Dev2.Core\bin\Debug\net8.0\Dev2.Core.dll
  Dev2.Scheduler -> C:\Users\ultra\warewolf\Dev\Dev2.Scheduler\bin\Debug\net8.0\Dev2.Scheduler.dll
  Warewolf.Exchange.Email.Wrapper -> C:\Users\ultra\warewolf\Dev\Warewolf.Exchange.Email.Wrapper\bin\Debug\net8.0\Warewolf.Exchange.Email.Wrapper.dll
C:\Users\ultra\warewolf\Dev\Warewolf.Core\InputsFromJson.cs(99,21): warning CC0105: Use 'var' instead of specifying the type name. (https://code-cracker.github.io/diagnostics/CC0105.html) [C:\Users\ultra\warewolf\Dev\Warewolf.Core\Warewolf.Core.csproj]
  Warewolf.ResourceManagement -> C:\Users\ultra\warewolf\Dev\Warewolf.ResourceManagement\bin\Debug\net8.0\Warewolf.ResourceManagement.dll
C:\Users\ultra\warewolf\Dev\Warewolf.Auditing\Audit.cs(189,26): warning CS8073: The result of the expression is always 'false' since a value of type 'DateTime' is never equal to 'null' of type 'DateTime?' [C:\Users\ultra\warewolf\Dev\Warewolf.Auditing\Warewolf.Auditing.csproj]
C:\Users\ultra\warewolf\Dev\Warewolf.Auditing\Drivers\AuditQueryableElastic.cs(360,33): warning CS0618: 'ElasticsearchClient.Search<TDocument>(SearchRequestDescriptor<TDocument>)' is obsolete: 'Synchronous methods are deprecated and could be removed in the future.' [C:\Users\ultra\warewolf\Dev\Warewolf.Auditing\Warewolf.Auditing.csproj]
C:\Users\ultra\warewolf\Dev\Warewolf.Auditing\Drivers\AuditQueryableElastic.cs(384,26): warning CS0618: 'ElasticsearchClient.Ping()' is obsolete: 'Synchronous methods are deprecated and could be removed in the future.' [C:\Users\ultra\warewolf\Dev\Warewolf.Auditing\Warewolf.Auditing.csproj]
  Warewolf.Core -> C:\Users\ultra\warewolf\Dev\Warewolf.Core\bin\Debug\net8.0\Warewolf.Core.dll
  Warewolf.Auditing -> C:\Users\ultra\warewolf\Dev\Warewolf.Auditing\bin\Debug\net8.0\Warewolf.Auditing.dll
C:\Users\ultra\warewolf\Dev\Warewolf.Common.NetStandard20\Wrappers\WebClientWrapper.cs(26,26): warning SYSLIB0014: 'WebClient.WebClient()' is obsolete: 'WebRequest, HttpWebRequest, ServicePoint, and WebClient are obsolete. Use HttpClient instead.' (https://aka.ms/dotnet-warnings/SYSLIB0014) [C:\Users\ultra\warewolf\Dev\Warewolf.Common.NetStandard20\Warewolf.Common.NetStandard20.csproj]
C:\Users\ultra\warewolf\Dev\Warewolf.Common.NetStandard20\Wrappers\WebRequestWrapper.cs(26,24): warning SYSLIB0014: 'WebRequest.Create(string)' is obsolete: 'WebRequest, HttpWebRequest, ServicePoint, and WebClient are obsolete. Use HttpClient instead.' (https://aka.ms/dotnet-warnings/SYSLIB0014) [C:\Users\ultra\warewolf\Dev\Warewolf.Common.NetStandard20\Warewolf.Common.NetStandard20.csproj]
C:\Users\ultra\warewolf\Dev\Warewolf.Common.NetStandard20\Wrappers\WebClientWrapper.cs(31,26): warning SYSLIB0014: 'WebClient.WebClient()' is obsolete: 'WebRequest, HttpWebRequest, ServicePoint, and WebClient are obsolete. Use HttpClient instead.' (https://aka.ms/dotnet-warnings/SYSLIB0014) [C:\Users\ultra\warewolf\Dev\Warewolf.Common.NetStandard20\Warewolf.Common.NetStandard20.csproj]
  Warewolf.Common.NetStandard20 -> C:\Users\ultra\warewolf\Dev\Warewolf.Common.NetStandard20\bin\Debug\net8.0\Warewolf.Common.NetStandard20.dll
C:\Users\ultra\warewolf\Dev\Dev2.Runtime.Services\ServiceModel\ElasticsearchSources.cs(110,34): warning CS0618: 'ElasticsearchClient.Ping()' is obsolete: 'Synchronous methods are deprecated and could be removed in the future.' [C:\Users\ultra\warewolf\Dev\Dev2.Runtime.Services\Dev2.Runtime.Services.csproj]
C:\Users\ultra\warewolf\Dev\Dev2.Runtime.Services\ESB\Management\Services\FetchTestsAndTriggers.cs(45,17): warning CC0105: Use 'var' instead of specifying the type name. (https://code-cracker.github.io/diagnostics/CC0105.html) [C:\Users\ultra\warewolf\Dev\Dev2.Runtime.Services\Dev2.Runtime.Services.csproj]
C:\Users\ultra\warewolf\Dev\Dev2.Runtime.Services\UsageLogger.cs(66,33): warning CC0022: ManagementObjectSearcher should be disposed. (https://code-cracker.github.io/diagnostics/CC0022.html) [C:\Users\ultra\warewolf\Dev\Dev2.Runtime.Services\Dev2.Runtime.Services.csproj]
C:\Users\ultra\warewolf\Dev\Dev2.Runtime.Services\ServiceModel\WebSources.cs(532,7): warning CC0004: Empty Catch Block. (https://code-cracker.github.io/diagnostics/CC0004.html) [C:\Users\ultra\warewolf\Dev\Dev2.Runtime.Services\Dev2.Runtime.Services.csproj]
C:\Users\ultra\warewolf\Dev\Dev2.Runtime.Services\ServiceModel\WebSources.cs(751,38): warning CC0022: StringContent should be disposed. (https://code-cracker.github.io/diagnostics/CC0022.html) [C:\Users\ultra\warewolf\Dev\Dev2.Runtime.Services\Dev2.Runtime.Services.csproj]
C:\Users\ultra\warewolf\Dev\Dev2.Runtime.Services\ESB\Management\Services\TestChatbotSource.cs(44,17): warning CC0105: Use 'var' instead of specifying the type name. (https://code-cracker.github.io/diagnostics/CC0105.html) [C:\Users\ultra\warewolf\Dev\Dev2.Runtime.Services\Dev2.Runtime.Services.csproj]
C:\Users\ultra\warewolf\Dev\Dev2.Runtime.Services\ESB\Management\Services\TestChatbotSource.cs(45,17): warning CC0105: Use 'var' instead of specifying the type name. (https://code-cracker.github.io/diagnostics/CC0105.html) [C:\Users\ultra\warewolf\Dev\Dev2.Runtime.Services\Dev2.Runtime.Services.csproj]
C:\Users\ultra\warewolf\Dev\Dev2.Runtime.Services\ESB\Management\Services\ChatbotToolNormalizer.cs(80,17): warning CC0003: Consider adding an Exception to the catch. (https://code-cracker.github.io/diagnostics/CC0003.html) [C:\Users\ultra\warewolf\Dev\Dev2.Runtime.Services\Dev2.Runtime.Services.csproj]
C:\Users\ultra\warewolf\Dev\Dev2.Runtime.Services\ESB\Management\Services\ChatbotToolNormalizer.cs(101,21): warning CC0004: Empty Catch Block. (https://code-cracker.github.io/diagnostics/CC0004.html) [C:\Users\ultra\warewolf\Dev\Dev2.Runtime.Services\Dev2.Runtime.Services.csproj]
C:\Users\ultra\warewolf\Dev\Dev2.Runtime.Services\ESB\Management\Services\ChatbotToolNormalizer.cs(226,21): warning CC0105: Use 'var' instead of specifying the type name. (https://code-cracker.github.io/diagnostics/CC0105.html) [C:\Users\ultra\warewolf\Dev\Dev2.Runtime.Services\Dev2.Runtime.Services.csproj]
C:\Users\ultra\warewolf\Dev\Dev2.Runtime.Services\ESB\Management\Services\ChatbotToolNormalizer.cs(279,21): warning CC0105: Use 'var' instead of specifying the type name. (https://code-cracker.github.io/diagnostics/CC0105.html) [C:\Users\ultra\warewolf\Dev\Dev2.Runtime.Services\Dev2.Runtime.Services.csproj]
  Dev2.Runtime.Services -> C:\Users\ultra\warewolf\Dev\Dev2.Runtime.Services\bin\Debug\net8.0\Dev2.Runtime.Services.dll
C:\Users\ultra\warewolf\Dev\Warewolf.Driver.Persistence\Drivers\HangfireScheduler.cs(320,17): warning CA2200: Re-throwing caught exception changes stack information (https://learn.microsoft.com/dotnet/fundamentals/code-analysis/quality-rules/ca2200) [C:\Users\ultra\warewolf\Dev\Warewolf.Driver.Persistence\Warewolf.Driver.Persistence.csproj]
C:\Users\ultra\warewolf\Dev\Warewolf.Driver.Persistence\Drivers\HangfireScheduler.cs(397,17): warning CA2200: Re-throwing caught exception changes stack information (https://learn.microsoft.com/dotnet/fundamentals/code-analysis/quality-rules/ca2200) [C:\Users\ultra\warewolf\Dev\Warewolf.Driver.Persistence\Warewolf.Driver.Persistence.csproj]
C:\Users\ultra\warewolf\Dev\Warewolf.Driver.Persistence\Drivers\HangfireScheduler.cs(376,17): warning CA2200: Re-throwing caught exception changes stack information (https://learn.microsoft.com/dotnet/fundamentals/code-analysis/quality-rules/ca2200) [C:\Users\ultra\warewolf\Dev\Warewolf.Driver.Persistence\Warewolf.Driver.Persistence.csproj]
  Warewolf.Driver.Persistence -> C:\Users\ultra\warewolf\Dev\Warewolf.Driver.Persistence\bin\Debug\net8.0\Warewolf.Driver.Persistence.dll
  Dev2.Studio.Interfaces -> C:\Users\ultra\warewolf\Dev\Dev2.Studio.Interfaces\bin\Debug\net8.0\Dev2.Studio.Interfaces.dll
  Dev2.Services.Execution -> C:\Users\ultra\warewolf\Dev\Dev2.Services.Execution\bin\Debug\net8.0\Dev2.Services.Execution.dll
C:\Program Files\dotnet\sdk\10.0.201\Microsoft.Common.CurrentVersion.targets(2451,5): warning MSB3245: Could not resolve this reference. Could not locate the assembly "System.ServiceModel.Activities". Check to make sure the assembly exists on disk. If this reference is required by your code, you may get compilation errors. [C:\Users\ultra\warewolf\Dev\Dev2.Activities\Dev2.Activities.csproj]
C:\Program Files\dotnet\sdk\10.0.201\Microsoft.Common.CurrentVersion.targets(2451,5): warning MSB3277: Found conflicts between different versions of "Microsoft.Win32.SystemEvents" that could not be resolved. [C:\Users\ultra\warewolf\Dev\Warewolf.Studio.Core\Warewolf.Studio.Core.csproj]
C:\Program Files\dotnet\sdk\10.0.201\Microsoft.Common.CurrentVersion.targets(2451,5): warning MSB3277: There was a conflict between "Microsoft.Win32.SystemEvents, Version=6.0.0.0, Culture=neutral, PublicKeyToken=cc7b13ffcd2ddd51" and "Microsoft.Win32.SystemEvents, Version=7.0.0.0, Culture=neutral, PublicKeyToken=cc7b13ffcd2ddd51". [C:\Users\ultra\warewolf\Dev\Warewolf.Studio.Core\Warewolf.Studio.Core.csproj]
C:\Program Files\dotnet\sdk\10.0.201\Microsoft.Common.CurrentVersion.targets(2451,5): warning MSB3277:     "Microsoft.Win32.SystemEvents, Version=6.0.0.0, Culture=neutral, PublicKeyToken=cc7b13ffcd2ddd51" was chosen because it was primary and "Microsoft.Win32.SystemEvents, Version=7.0.0.0, Culture=neutral, PublicKeyToken=cc7b13ffcd2ddd51" was not. [C:\Users\ultra\warewolf\Dev\Warewolf.Studio.Core\Warewolf.Studio.Core.csproj]
C:\Program Files\dotnet\sdk\10.0.201\Microsoft.Common.CurrentVersion.targets(2451,5): warning MSB3277:     References which depend on "Microsoft.Win32.SystemEvents, Version=6.0.0.0, Culture=neutral, PublicKeyToken=cc7b13ffcd2ddd51" [C:\Users\ultra\.nuget\packages\microsoft.win32.systemevents\6.0.0\lib\net6.0\Microsoft.Win32.SystemEvents.dll]. [C:\Users\ultra\warewolf\Dev\Warewolf.Studio.Core\Warewolf.Studio.Core.csproj]
C:\Program Files\dotnet\sdk\10.0.201\Microsoft.Common.CurrentVersion.targets(2451,5): warning MSB3277:         C:\Users\ultra\.nuget\packages\microsoft.win32.systemevents\6.0.0\lib\net6.0\Microsoft.Win32.SystemEvents.dll [C:\Users\ultra\warewolf\Dev\Warewolf.Studio.Core\Warewolf.Studio.Core.csproj]
C:\Program Files\dotnet\sdk\10.0.201\Microsoft.Common.CurrentVersion.targets(2451,5): warning MSB3277:           Project file item includes which caused reference "C:\Users\ultra\.nuget\packages\microsoft.win32.systemevents\6.0.0\lib\net6.0\Microsoft.Win32.SystemEvents.dll". [C:\Users\ultra\warewolf\Dev\Warewolf.Studio.Core\Warewolf.Studio.Core.csproj]
C:\Program Files\dotnet\sdk\10.0.201\Microsoft.Common.CurrentVersion.targets(2451,5): warning MSB3277:             C:\Users\ultra\.nuget\packages\microsoft.win32.systemevents\6.0.0\lib\net6.0\Microsoft.Win32.SystemEvents.dll [C:\Users\ultra\warewolf\Dev\Warewolf.Studio.Core\Warewolf.Studio.Core.csproj]
C:\Program Files\dotnet\sdk\10.0.201\Microsoft.Common.CurrentVersion.targets(2451,5): warning MSB3277:     References which depend on or have been unified to "Microsoft.Win32.SystemEvents, Version=7.0.0.0, Culture=neutral, PublicKeyToken=cc7b13ffcd2ddd51" []. [C:\Users\ultra\warewolf\Dev\Warewolf.Studio.Core\Warewolf.Studio.Core.csproj]
C:\Program Files\dotnet\sdk\10.0.201\Microsoft.Common.CurrentVersion.targets(2451,5): warning MSB3277:         C:\Users\ultra\warewolf\Dev\Dev2.Common\bin\Debug\net8.0\Dev2.Common.dll [C:\Users\ultra\warewolf\Dev\Warewolf.Studio.Core\Warewolf.Studio.Core.csproj]
C:\Program Files\dotnet\sdk\10.0.201\Microsoft.Common.CurrentVersion.targets(2451,5): warning MSB3277:           Project file item includes which caused reference "C:\Users\ultra\warewolf\Dev\Dev2.Common\bin\Debug\net8.0\Dev2.Common.dll". [C:\Users\ultra\warewolf\Dev\Warewolf.Studio.Core\Warewolf.Studio.Core.csproj]
C:\Program Files\dotnet\sdk\10.0.201\Microsoft.Common.CurrentVersion.targets(2451,5): warning MSB3277:             C:\Users\ultra\warewolf\Dev\Dev2.Common\bin\Debug\net8.0\Dev2.Common.dll [C:\Users\ultra\warewolf\Dev\Warewolf.Studio.Core\Warewolf.Studio.Core.csproj]
C:\Program Files\dotnet\sdk\10.0.201\Microsoft.Common.CurrentVersion.targets(2451,5): warning MSB3277:             C:\Users\ultra\warewolf\Dev\Dev2.Core\bin\Debug\net8.0\Dev2.Core.dll [C:\Users\ultra\warewolf\Dev\Warewolf.Studio.Core\Warewolf.Studio.Core.csproj]
C:\Program Files\dotnet\sdk\10.0.201\Microsoft.Common.CurrentVersion.targets(2451,5): warning MSB3277:             C:\Users\ultra\warewolf\Dev\Dev2.Infrastructure\bin\Debug\net8.0\Dev2.Infrastructure.dll [C:\Users\ultra\warewolf\Dev\Warewolf.Studio.Core\Warewolf.Studio.Core.csproj]
C:\Program Files\dotnet\sdk\10.0.201\Microsoft.Common.CurrentVersion.targets(2451,5): warning MSB3277:             C:\Users\ultra\warewolf\Dev\Dev2.Studio.Interfaces\bin\Debug\net8.0\Dev2.Studio.Interfaces.dll [C:\Users\ultra\warewolf\Dev\Warewolf.Studio.Core\Warewolf.Studio.Core.csproj]
C:\Program Files\dotnet\sdk\10.0.201\Microsoft.Common.CurrentVersion.targets(2451,5): warning MSB3277:             C:\Users\ultra\warewolf\Dev\Dev2.Data\bin\Debug\net8.0\Dev2.Data.dll [C:\Users\ultra\warewolf\Dev\Warewolf.Studio.Core\Warewolf.Studio.Core.csproj]
C:\Program Files\dotnet\sdk\10.0.201\Microsoft.Common.CurrentVersion.targets(2451,5): warning MSB3277:             C:\Users\ultra\warewolf\Dev\Dev2.Diagnostics\bin\Debug\net8.0\Dev2.Diagnostics.dll [C:\Users\ultra\warewolf\Dev\Warewolf.Studio.Core\Warewolf.Studio.Core.csproj]
C:\Program Files\dotnet\sdk\10.0.201\Microsoft.Common.CurrentVersion.targets(2451,5): warning MSB3277:             C:\Users\ultra\warewolf\Dev\Dev2.Runtime.Services\bin\Debug\net8.0\Dev2.Runtime.Services.dll [C:\Users\ultra\warewolf\Dev\Warewolf.Studio.Core\Warewolf.Studio.Core.csproj]
C:\Program Files\dotnet\sdk\10.0.201\Microsoft.Common.CurrentVersion.targets(2451,5): warning MSB3277:             C:\Users\ultra\warewolf\Dev\Dev2.Scheduler\bin\Debug\net8.0\Dev2.Scheduler.dll [C:\Users\ultra\warewolf\Dev\Warewolf.Studio.Core\Warewolf.Studio.Core.csproj]
C:\Program Files\dotnet\sdk\10.0.201\Microsoft.Common.CurrentVersion.targets(2451,5): warning MSB3277:             C:\Users\ultra\warewolf\Dev\Dev2.Services.Sql\bin\Debug\net8.0\Dev2.Services.Sql.dll [C:\Users\ultra\warewolf\Dev\Warewolf.Studio.Core\Warewolf.Studio.Core.csproj]
C:\Program Files\dotnet\sdk\10.0.201\Microsoft.Common.CurrentVersion.targets(2451,5): warning MSB3277:             C:\Users\ultra\warewolf\Dev\Dev2.TaskScheduler.Wrappers\bin\Debug\net8.0\Dev2.TaskScheduler.Wrappers.dll [C:\Users\ultra\warewolf\Dev\Warewolf.Studio.Core\Warewolf.Studio.Core.csproj]
C:\Program Files\dotnet\sdk\10.0.201\Microsoft.Common.CurrentVersion.targets(2451,5): warning MSB3277:             C:\Users\ultra\warewolf\Dev\Dev2.Util\bin\Debug\net8.0\Dev2.Util.dll [C:\Users\ultra\warewolf\Dev\Warewolf.Studio.Core\Warewolf.Studio.Core.csproj]
C:\Program Files\dotnet\sdk\10.0.201\Microsoft.Common.CurrentVersion.targets(2451,5): warning MSB3277:             C:\Users\ultra\warewolf\Dev\Warewolf.AI.Harness\bin\Debug\net8.0\Warewolf.AI.Harness.dll [C:\Users\ultra\warewolf\Dev\Warewolf.Studio.Core\Warewolf.Studio.Core.csproj]
C:\Program Files\dotnet\sdk\10.0.201\Microsoft.Common.CurrentVersion.targets(2451,5): warning MSB3277:             C:\Users\ultra\warewolf\Dev\Warewolf.Auditing\bin\Debug\net8.0\Warewolf.Auditing.dll [C:\Users\ultra\warewolf\Dev\Warewolf.Studio.Core\Warewolf.Studio.Core.csproj]
C:\Program Files\dotnet\sdk\10.0.201\Microsoft.Common.CurrentVersion.targets(2451,5): warning MSB3277:             C:\Users\ultra\warewolf\Dev\Warewolf.Common.NetStandard20\bin\Debug\net8.0\Warewolf.Common.NetStandard20.dll [C:\Users\ultra\warewolf\Dev\Warewolf.Studio.Core\Warewolf.Studio.Core.csproj]
C:\Program Files\dotnet\sdk\10.0.201\Microsoft.Common.CurrentVersion.targets(2451,5): warning MSB3277:             C:\Users\ultra\warewolf\Dev\Warewolf.Core\bin\Debug\net8.0\Warewolf.Core.dll [C:\Users\ultra\warewolf\Dev\Warewolf.Studio.Core\Warewolf.Studio.Core.csproj]
C:\Program Files\dotnet\sdk\10.0.201\Microsoft.Common.CurrentVersion.targets(2451,5): warning MSB3277:             C:\Users\ultra\warewolf\Dev\Warewolf.Driver.Serilog\bin\Debug\net8.0\Warewolf.Driver.Serilog.dll [C:\Users\ultra\warewolf\Dev\Warewolf.Studio.Core\Warewolf.Studio.Core.csproj]
C:\Program Files\dotnet\sdk\10.0.201\Microsoft.Common.CurrentVersion.targets(2451,5): warning MSB3277:             C:\Users\ultra\warewolf\Dev\Warewolf.ResourceManagement\bin\Debug\net8.0\Warewolf.ResourceManagement.dll [C:\Users\ultra\warewolf\Dev\Warewolf.Studio.Core\Warewolf.Studio.Core.csproj]
C:\Program Files\dotnet\sdk\10.0.201\Microsoft.Common.CurrentVersion.targets(2451,5): warning MSB3277:             C:\Users\ultra\warewolf\Dev\Warewolf.Sharepoint\bin\Debug\net8.0\Warewolf.Sharepoint.dll [C:\Users\ultra\warewolf\Dev\Warewolf.Studio.Core\Warewolf.Studio.Core.csproj]
C:\Program Files\dotnet\sdk\10.0.201\Microsoft.Common.CurrentVersion.targets(2451,5): warning MSB3277:             C:\Users\ultra\warewolf\Dev\Warewolf.Storage\bin\Debug\net8.0\Warewolf.Storage.dll [C:\Users\ultra\warewolf\Dev\Warewolf.Studio.Core\Warewolf.Studio.Core.csproj]
C:\Program Files\dotnet\sdk\10.0.201\Microsoft.Common.CurrentVersion.targets(2451,5): warning MSB3277:         C:\Users\ultra\warewolf\Dev\Binaries\Infragistcs_Net6\InfragisticsWPF4.v15.1.dll [C:\Users\ultra\warewolf\Dev\Warewolf.Studio.Core\Warewolf.Studio.Core.csproj]
C:\Program Files\dotnet\sdk\10.0.201\Microsoft.Common.CurrentVersion.targets(2451,5): warning MSB3277:           Project file item includes which caused reference "C:\Users\ultra\warewolf\Dev\Binaries\Infragistcs_Net6\InfragisticsWPF4.v15.1.dll". [C:\Users\ultra\warewolf\Dev\Warewolf.Studio.Core\Warewolf.Studio.Core.csproj]
C:\Program Files\dotnet\sdk\10.0.201\Microsoft.Common.CurrentVersion.targets(2451,5): warning MSB3277:             InfragisticsWPF4.v15.1, Version=15.1.20151.2055, Culture=neutral, PublicKeyToken=7dd5c3163f2cd0cb, processorArchitecture=MSIL [C:\Users\ultra\warewolf\Dev\Warewolf.Studio.Core\Warewolf.Studio.Core.csproj]
C:\Program Files\dotnet\sdk\10.0.201\Microsoft.Common.CurrentVersion.targets(2451,5): warning MSB3277:             InfragisticsWPF4.Controls.Menus.XamDataTree.v15.1, Version=15.1.20151.2055, Culture=neutral, PublicKeyToken=7dd5c3163f2cd0cb, processorArchitecture=MSIL [C:\Users\ultra\warewolf\Dev\Warewolf.Studio.Core\Warewolf.Studio.Core.csproj]
C:\Program Files\dotnet\sdk\10.0.201\Microsoft.Common.CurrentVersion.targets(2451,5): warning MSB3277:             InfragisticsWPF4.DataManager.v15.1, Version=15.1.20151.2055, Culture=neutral, PublicKeyToken=7dd5c3163f2cd0cb, processorArchitecture=MSIL [C:\Users\ultra\warewolf\Dev\Warewolf.Studio.Core\Warewolf.Studio.Core.csproj]
C:\Program Files\dotnet\sdk\10.0.201\Microsoft.Common.CurrentVersion.targets(2451,5): warning MSB3277:             InfragisticsWPF4.DockManager.v15.1, Version=15.1.20151.2055, Culture=neutral, PublicKeyToken=7dd5c3163f2cd0cb, processorArchitecture=MSIL [C:\Users\ultra\warewolf\Dev\Warewolf.Studio.Core\Warewolf.Studio.Core.csproj]
C:\Program Files\dotnet\sdk\10.0.201\Microsoft.Common.CurrentVersion.targets(2451,5): warning MSB3277:         C:\Users\ultra\.nuget\packages\timespan2\2.4.2\lib\netcoreapp3.1\TimeSpan2.dll [C:\Users\ultra\warewolf\Dev\Warewolf.Studio.Core\Warewolf.Studio.Core.csproj]
C:\Program Files\dotnet\sdk\10.0.201\Microsoft.Common.CurrentVersion.targets(2451,5): warning MSB3277:           Project file item includes which caused reference "C:\Users\ultra\.nuget\packages\timespan2\2.4.2\lib\netcoreapp3.1\TimeSpan2.dll". [C:\Users\ultra\warewolf\Dev\Warewolf.Studio.Core\Warewolf.Studio.Core.csproj]
C:\Program Files\dotnet\sdk\10.0.201\Microsoft.Common.CurrentVersion.targets(2451,5): warning MSB3277:             C:\Users\ultra\.nuget\packages\timespan2\2.4.2\lib\netcoreapp3.1\TimeSpan2.dll [C:\Users\ultra\warewolf\Dev\Warewolf.Studio.Core\Warewolf.Studio.Core.csproj]
C:\Program Files\dotnet\sdk\10.0.201\Microsoft.Common.CurrentVersion.targets(2451,5): warning MSB3277:             C:\Users\ultra\.nuget\packages\taskschedulereditor\2.10.1\lib\net452\Microsoft.Win32.TaskSchedulerEditor.dll [C:\Users\ultra\warewolf\Dev\Warewolf.Studio.Core\Warewolf.Studio.Core.csproj]
C:\Program Files\dotnet\sdk\10.0.201\Microsoft.Common.CurrentVersion.targets(2451,5): warning MSB3277:         C:\Program Files\dotnet\packs\Microsoft.NETCore.App.Ref\8.0.25\ref\net8.0\System.dll [C:\Users\ultra\warewolf\Dev\Warewolf.Studio.Core\Warewolf.Studio.Core.csproj]
C:\Program Files\dotnet\sdk\10.0.201\Microsoft.Common.CurrentVersion.targets(2451,5): warning MSB3277:           Project file item includes which caused reference "C:\Program Files\dotnet\packs\Microsoft.NETCore.App.Ref\8.0.25\ref\net8.0\System.dll". [C:\Users\ultra\warewolf\Dev\Warewolf.Studio.Core\Warewolf.Studio.Core.csproj]
C:\Program Files\dotnet\sdk\10.0.201\Microsoft.Common.CurrentVersion.targets(2451,5): warning MSB3277:             C:\Program Files\dotnet\packs\Microsoft.NETCore.App.Ref\8.0.25\ref/net8.0/System.dll [C:\Users\ultra\warewolf\Dev\Warewolf.Studio.Core\Warewolf.Studio.Core.csproj]
C:\Program Files\dotnet\sdk\10.0.201\Microsoft.Common.CurrentVersion.targets(2451,5): warning MSB3277:             C:\Users\ultra\.nuget\packages\aerowizard\2.3.1\lib\net45\AeroWizard.dll [C:\Users\ultra\warewolf\Dev\Warewolf.Studio.Core\Warewolf.Studio.Core.csproj]
C:\Program Files\dotnet\sdk\10.0.201\Microsoft.Common.CurrentVersion.targets(2451,5): warning MSB3277:             C:\Users\ultra\.nuget\packages\groupcontrols\1.9.0\lib\net45\GroupControls.dll [C:\Users\ultra\warewolf\Dev\Warewolf.Studio.Core\Warewolf.Studio.Core.csproj]
C:\Program Files\dotnet\sdk\10.0.201\Microsoft.Common.CurrentVersion.targets(2451,5): warning MSB3277:             C:\Users\ultra\.nuget\packages\microsoft.xaml.behaviors.wpf\1.1.122\lib\net462\Microsoft.Xaml.Behaviors.dll [C:\Users\ultra\warewolf\Dev\Warewolf.Studio.Core\Warewolf.Studio.Core.csproj]
C:\Program Files\dotnet\sdk\10.0.201\Microsoft.Common.CurrentVersion.targets(2451,5): warning MSB3277:             C:\Users\ultra\.nuget\packages\caliburn.micro\4.0.212\lib\netcoreapp3.1\Caliburn.Micro.Platform.dll [C:\Users\ultra\warewolf\Dev\Warewolf.Studio.Core\Warewolf.Studio.Core.csproj]
C:\Program Files\dotnet\sdk\10.0.201\Microsoft.Common.CurrentVersion.targets(2451,5): warning MSB3277:             C:\Users\ultra\.nuget\packages\prism.wpf\9.0.537\lib\net462\Prism.Wpf.dll [C:\Users\ultra\warewolf\Dev\Warewolf.Studio.Core\Warewolf.Studio.Core.csproj]
C:\Program Files\dotnet\sdk\10.0.201\Microsoft.Common.CurrentVersion.targets(2451,5): warning MSB3277:             C:\Users\ultra\.nuget\packages\reactiveui.wpf\18.4.1\lib\net462\ReactiveUI.Wpf.dll [C:\Users\ultra\warewolf\Dev\Warewolf.Studio.Core\Warewolf.Studio.Core.csproj]
C:\Program Files\dotnet\sdk\10.0.201\Microsoft.Common.CurrentVersion.targets(2451,5): warning MSB3277:             C:\Users\ultra\.nuget\packages\taskschedulereditor\2.10.1\lib\net452\Microsoft.Win32.TaskSchedulerEditor.dll [C:\Users\ultra\warewolf\Dev\Warewolf.Studio.Core\Warewolf.Studio.Core.csproj]
C:\Program Files\dotnet\sdk\10.0.201\Microsoft.Common.CurrentVersion.targets(2451,5): warning MSB3277:             C:\Users\ultra\.nuget\packages\ttcue.netcore.sharepointonline.csom.16.1.8029.1200\16.1.8029.1200\lib\netcoreapp2.0\Microsoft.SharePoint.Client.Runtime.Windows.dll [C:\Users\ultra\warewolf\Dev\Warewolf.Studio.Core\Warewolf.Studio.Core.csproj]
C:\Program Files\dotnet\sdk\10.0.201\Microsoft.Common.CurrentVersion.targets(2451,5): warning MSB3277: Found conflicts between different versions of "System.Security.Permissions" that could not be resolved. [C:\Users\ultra\warewolf\Dev\Warewolf.Studio.Core\Warewolf.Studio.Core.csproj]
C:\Program Files\dotnet\sdk\10.0.201\Microsoft.Common.CurrentVersion.targets(2451,5): warning MSB3277: There was a conflict between "System.Security.Permissions, Version=6.0.0.0, Culture=neutral, PublicKeyToken=cc7b13ffcd2ddd51" and "System.Security.Permissions, Version=7.0.0.0, Culture=neutral, PublicKeyToken=cc7b13ffcd2ddd51". [C:\Users\ultra\warewolf\Dev\Warewolf.Studio.Core\Warewolf.Studio.Core.csproj]
C:\Program Files\dotnet\sdk\10.0.201\Microsoft.Common.CurrentVersion.targets(2451,5): warning MSB3277:     "System.Security.Permissions, Version=6.0.0.0, Culture=neutral, PublicKeyToken=cc7b13ffcd2ddd51" was chosen because it was primary and "System.Security.Permissions, Version=7.0.0.0, Culture=neutral, PublicKeyToken=cc7b13ffcd2ddd51" was not. [C:\Users\ultra\warewolf\Dev\Warewolf.Studio.Core\Warewolf.Studio.Core.csproj]
C:\Program Files\dotnet\sdk\10.0.201\Microsoft.Common.CurrentVersion.targets(2451,5): warning MSB3277:     References which depend on "System.Security.Permissions, Version=6.0.0.0, Culture=neutral, PublicKeyToken=cc7b13ffcd2ddd51" [C:\Users\ultra\.nuget\packages\system.security.permissions\6.0.0\lib\net6.0\System.Security.Permissions.dll]. [C:\Users\ultra\warewolf\Dev\Warewolf.Studio.Core\Warewolf.Studio.Core.csproj]
C:\Program Files\dotnet\sdk\10.0.201\Microsoft.Common.CurrentVersion.targets(2451,5): warning MSB3277:         C:\Users\ultra\.nuget\packages\system.security.permissions\6.0.0\lib\net6.0\System.Security.Permissions.dll [C:\Users\ultra\warewolf\Dev\Warewolf.Studio.Core\Warewolf.Studio.Core.csproj]
C:\Program Files\dotnet\sdk\10.0.201\Microsoft.Common.CurrentVersion.targets(2451,5): warning MSB3277:           Project file item includes which caused reference "C:\Users\ultra\.nuget\packages\system.security.permissions\6.0.0\lib\net6.0\System.Security.Permissions.dll". [C:\Users\ultra\warewolf\Dev\Warewolf.Studio.Core\Warewolf.Studio.Core.csproj]
C:\Program Files\dotnet\sdk\10.0.201\Microsoft.Common.CurrentVersion.targets(2451,5): warning MSB3277:             C:\Users\ultra\.nuget\packages\system.security.permissions\6.0.0\lib\net6.0\System.Security.Permissions.dll [C:\Users\ultra\warewolf\Dev\Warewolf.Studio.Core\Warewolf.Studio.Core.csproj]
C:\Program Files\dotnet\sdk\10.0.201\Microsoft.Common.CurrentVersion.targets(2451,5): warning MSB3277:     References which depend on or have been unified to "System.Security.Permissions, Version=7.0.0.0, Culture=neutral, PublicKeyToken=cc7b13ffcd2ddd51" []. [C:\Users\ultra\warewolf\Dev\Warewolf.Studio.Core\Warewolf.Studio.Core.csproj]
C:\Program Files\dotnet\sdk\10.0.201\Microsoft.Common.CurrentVersion.targets(2451,5): warning MSB3277:         C:\Users\ultra\warewolf\Dev\Dev2.Data\bin\Debug\net8.0\Dev2.Data.dll [C:\Users\ultra\warewolf\Dev\Warewolf.Studio.Core\Warewolf.Studio.Core.csproj]
C:\Program Files\dotnet\sdk\10.0.201\Microsoft.Common.CurrentVersion.targets(2451,5): warning MSB3277:           Project file item includes which caused reference "C:\Users\ultra\warewolf\Dev\Dev2.Data\bin\Debug\net8.0\Dev2.Data.dll". [C:\Users\ultra\warewolf\Dev\Warewolf.Studio.Core\Warewolf.Studio.Core.csproj]
C:\Program Files\dotnet\sdk\10.0.201\Microsoft.Common.CurrentVersion.targets(2451,5): warning MSB3277:             C:\Users\ultra\warewolf\Dev\Dev2.Data\bin\Debug\net8.0\Dev2.Data.dll [C:\Users\ultra\warewolf\Dev\Warewolf.Studio.Core\Warewolf.Studio.Core.csproj]
C:\Program Files\dotnet\sdk\10.0.201\Microsoft.Common.CurrentVersion.targets(2451,5): warning MSB3277:             C:\Users\ultra\warewolf\Dev\Dev2.Core\bin\Debug\net8.0\Dev2.Core.dll [C:\Users\ultra\warewolf\Dev\Warewolf.Studio.Core\Warewolf.Studio.Core.csproj]
C:\Program Files\dotnet\sdk\10.0.201\Microsoft.Common.CurrentVersion.targets(2451,5): warning MSB3277:             C:\Users\ultra\warewolf\Dev\Dev2.Studio.Interfaces\bin\Debug\net8.0\Dev2.Studio.Interfaces.dll [C:\Users\ultra\warewolf\Dev\Warewolf.Studio.Core\Warewolf.Studio.Core.csproj]
C:\Program Files\dotnet\sdk\10.0.201\Microsoft.Common.CurrentVersion.targets(2451,5): warning MSB3277:             C:\Users\ultra\warewolf\Dev\Dev2.Runtime.Services\bin\Debug\net8.0\Dev2.Runtime.Services.dll [C:\Users\ultra\warewolf\Dev\Warewolf.Studio.Core\Warewolf.Studio.Core.csproj]
C:\Program Files\dotnet\sdk\10.0.201\Microsoft.Common.CurrentVersion.targets(2451,5): warning MSB3277:             C:\Users\ultra\warewolf\Dev\Dev2.Scheduler\bin\Debug\net8.0\Dev2.Scheduler.dll [C:\Users\ultra\warewolf\Dev\Warewolf.Studio.Core\Warewolf.Studio.Core.csproj]
C:\Program Files\dotnet\sdk\10.0.201\Microsoft.Common.CurrentVersion.targets(2451,5): warning MSB3277:             C:\Users\ultra\warewolf\Dev\Warewolf.Auditing\bin\Debug\net8.0\Warewolf.Auditing.dll [C:\Users\ultra\warewolf\Dev\Warewolf.Studio.Core\Warewolf.Studio.Core.csproj]
C:\Program Files\dotnet\sdk\10.0.201\Microsoft.Common.CurrentVersion.targets(2451,5): warning MSB3277:             C:\Users\ultra\warewolf\Dev\Warewolf.Common.NetStandard20\bin\Debug\net8.0\Warewolf.Common.NetStandard20.dll [C:\Users\ultra\warewolf\Dev\Warewolf.Studio.Core\Warewolf.Studio.Core.csproj]
C:\Program Files\dotnet\sdk\10.0.201\Microsoft.Common.CurrentVersion.targets(2451,5): warning MSB3277:             C:\Users\ultra\warewolf\Dev\Warewolf.Core\bin\Debug\net8.0\Warewolf.Core.dll [C:\Users\ultra\warewolf\Dev\Warewolf.Studio.Core\Warewolf.Studio.Core.csproj]
C:\Program Files\dotnet\sdk\10.0.201\Microsoft.Common.CurrentVersion.targets(2451,5): warning MSB3277:             C:\Users\ultra\warewolf\Dev\Warewolf.ResourceManagement\bin\Debug\net8.0\Warewolf.ResourceManagement.dll [C:\Users\ultra\warewolf\Dev\Warewolf.Studio.Core\Warewolf.Studio.Core.csproj]
C:\Program Files\dotnet\sdk\10.0.201\Microsoft.Common.CurrentVersion.targets(2451,5): warning MSB3277:         C:\Users\ultra\warewolf\Dev\Binaries\Infragistcs_Net6\InfragisticsWPF4.DockManager.v15.1.dll [C:\Users\ultra\warewolf\Dev\Warewolf.Studio.Core\Warewolf.Studio.Core.csproj]
C:\Program Files\dotnet\sdk\10.0.201\Microsoft.Common.CurrentVersion.targets(2451,5): warning MSB3277:           Project file item includes which caused reference "C:\Users\ultra\warewolf\Dev\Binaries\Infragistcs_Net6\InfragisticsWPF4.DockManager.v15.1.dll". [C:\Users\ultra\warewolf\Dev\Warewolf.Studio.Core\Warewolf.Studio.Core.csproj]
C:\Program Files\dotnet\sdk\10.0.201\Microsoft.Common.CurrentVersion.targets(2451,5): warning MSB3277:             InfragisticsWPF4.DockManager.v15.1, Version=15.1.20151.2055, Culture=neutral, PublicKeyToken=7dd5c3163f2cd0cb, processorArchitecture=MSIL [C:\Users\ultra\warewolf\Dev\Warewolf.Studio.Core\Warewolf.Studio.Core.csproj]
C:\Program Files\dotnet\sdk\10.0.201\Microsoft.Common.CurrentVersion.targets(2451,5): warning MSB3277:         C:\Users\ultra\warewolf\Dev\Binaries\Infragistcs_Net6\InfragisticsWPF4.v15.1.dll [C:\Users\ultra\warewolf\Dev\Warewolf.Studio.Core\Warewolf.Studio.Core.csproj]
C:\Program Files\dotnet\sdk\10.0.201\Microsoft.Common.CurrentVersion.targets(2451,5): warning MSB3277:           Project file item includes which caused reference "C:\Users\ultra\warewolf\Dev\Binaries\Infragistcs_Net6\InfragisticsWPF4.v15.1.dll". [C:\Users\ultra\warewolf\Dev\Warewolf.Studio.Core\Warewolf.Studio.Core.csproj]
C:\Program Files\dotnet\sdk\10.0.201\Microsoft.Common.CurrentVersion.targets(2451,5): warning MSB3277:             InfragisticsWPF4.v15.1, Version=15.1.20151.2055, Culture=neutral, PublicKeyToken=7dd5c3163f2cd0cb, processorArchitecture=MSIL [C:\Users\ultra\warewolf\Dev\Warewolf.Studio.Core\Warewolf.Studio.Core.csproj]
C:\Program Files\dotnet\sdk\10.0.201\Microsoft.Common.CurrentVersion.targets(2451,5): warning MSB3277:             InfragisticsWPF4.Controls.Menus.XamDataTree.v15.1, Version=15.1.20151.2055, Culture=neutral, PublicKeyToken=7dd5c3163f2cd0cb, processorArchitecture=MSIL [C:\Users\ultra\warewolf\Dev\Warewolf.Studio.Core\Warewolf.Studio.Core.csproj]
C:\Program Files\dotnet\sdk\10.0.201\Microsoft.Common.CurrentVersion.targets(2451,5): warning MSB3277:             InfragisticsWPF4.DataManager.v15.1, Version=15.1.20151.2055, Culture=neutral, PublicKeyToken=7dd5c3163f2cd0cb, processorArchitecture=MSIL [C:\Users\ultra\warewolf\Dev\Warewolf.Studio.Core\Warewolf.Studio.Core.csproj]
C:\Program Files\dotnet\sdk\10.0.201\Microsoft.Common.CurrentVersion.targets(2451,5): warning MSB3277:             InfragisticsWPF4.DockManager.v15.1, Version=15.1.20151.2055, Culture=neutral, PublicKeyToken=7dd5c3163f2cd0cb, processorArchitecture=MSIL [C:\Users\ultra\warewolf\Dev\Warewolf.Studio.Core\Warewolf.Studio.Core.csproj]
C:\Program Files\dotnet\sdk\10.0.201\Microsoft.Common.CurrentVersion.targets(2451,5): warning MSB3277:         C:\Users\ultra\.nuget\packages\dotnetzip\1.16.0\lib\netstandard2.0\DotNetZip.dll [C:\Users\ultra\warewolf\Dev\Warewolf.Studio.Core\Warewolf.Studio.Core.csproj]
C:\Program Files\dotnet\sdk\10.0.201\Microsoft.Common.CurrentVersion.targets(2451,5): warning MSB3277:           Project file item includes which caused reference "C:\Users\ultra\.nuget\packages\dotnetzip\1.16.0\lib\netstandard2.0\DotNetZip.dll". [C:\Users\ultra\warewolf\Dev\Warewolf.Studio.Core\Warewolf.Studio.Core.csproj]
C:\Program Files\dotnet\sdk\10.0.201\Microsoft.Common.CurrentVersion.targets(2451,5): warning MSB3277:             C:\Users\ultra\.nuget\packages\dotnetzip\1.16.0\lib\netstandard2.0\DotNetZip.dll [C:\Users\ultra\warewolf\Dev\Warewolf.Studio.Core\Warewolf.Studio.Core.csproj]
C:\Program Files\dotnet\sdk\10.0.201\Microsoft.Common.CurrentVersion.targets(2451,5): warning MSB3277:             C:\Users\ultra\warewolf\Dev\Dev2.Common\bin\Debug\net8.0\Dev2.Common.dll [C:\Users\ultra\warewolf\Dev\Warewolf.Studio.Core\Warewolf.Studio.Core.csproj]
C:\Program Files\dotnet\sdk\10.0.201\Microsoft.Common.CurrentVersion.targets(2451,5): warning MSB3277:             C:\Users\ultra\warewolf\Dev\Dev2.Core\bin\Debug\net8.0\Dev2.Core.dll [C:\Users\ultra\warewolf\Dev\Warewolf.Studio.Core\Warewolf.Studio.Core.csproj]
C:\Program Files\dotnet\sdk\10.0.201\Microsoft.Common.CurrentVersion.targets(2451,5): warning MSB3277:             C:\Users\ultra\warewolf\Dev\Dev2.Infrastructure\bin\Debug\net8.0\Dev2.Infrastructure.dll [C:\Users\ultra\warewolf\Dev\Warewolf.Studio.Core\Warewolf.Studio.Core.csproj]
C:\Program Files\dotnet\sdk\10.0.201\Microsoft.Common.CurrentVersion.targets(2451,5): warning MSB3277:             C:\Users\ultra\warewolf\Dev\Dev2.Studio.Interfaces\bin\Debug\net8.0\Dev2.Studio.Interfaces.dll [C:\Users\ultra\warewolf\Dev\Warewolf.Studio.Core\Warewolf.Studio.Core.csproj]
C:\Program Files\dotnet\sdk\10.0.201\Microsoft.Common.CurrentVersion.targets(2451,5): warning MSB3277:             C:\Users\ultra\warewolf\Dev\Dev2.Data\bin\Debug\net8.0\Dev2.Data.dll [C:\Users\ultra\warewolf\Dev\Warewolf.Studio.Core\Warewolf.Studio.Core.csproj]
C:\Program Files\dotnet\sdk\10.0.201\Microsoft.Common.CurrentVersion.targets(2451,5): warning MSB3277:             C:\Users\ultra\warewolf\Dev\Dev2.Data.Interfaces\bin\Debug\net8.0\Dev2.Data.Interfaces.dll [C:\Users\ultra\warewolf\Dev\Warewolf.Studio.Core\Warewolf.Studio.Core.csproj]
C:\Program Files\dotnet\sdk\10.0.201\Microsoft.Common.CurrentVersion.targets(2451,5): warning MSB3277:             C:\Users\ultra\warewolf\Dev\Dev2.Diagnostics\bin\Debug\net8.0\Dev2.Diagnostics.dll [C:\Users\ultra\warewolf\Dev\Warewolf.Studio.Core\Warewolf.Studio.Core.csproj]
C:\Program Files\dotnet\sdk\10.0.201\Microsoft.Common.CurrentVersion.targets(2451,5): warning MSB3277:             C:\Users\ultra\warewolf\Dev\Dev2.Runtime.Services\bin\Debug\net8.0\Dev2.Runtime.Services.dll [C:\Users\ultra\warewolf\Dev\Warewolf.Studio.Core\Warewolf.Studio.Core.csproj]
C:\Program Files\dotnet\sdk\10.0.201\Microsoft.Common.CurrentVersion.targets(2451,5): warning MSB3277:             C:\Users\ultra\warewolf\Dev\Dev2.Scheduler\bin\Debug\net8.0\Dev2.Scheduler.dll [C:\Users\ultra\warewolf\Dev\Warewolf.Studio.Core\Warewolf.Studio.Core.csproj]
C:\Program Files\dotnet\sdk\10.0.201\Microsoft.Common.CurrentVersion.targets(2451,5): warning MSB3277:             C:\Users\ultra\warewolf\Dev\Dev2.Services.Sql\bin\Debug\net8.0\Dev2.Services.Sql.dll [C:\Users\ultra\warewolf\Dev\Warewolf.Studio.Core\Warewolf.Studio.Core.csproj]
C:\Program Files\dotnet\sdk\10.0.201\Microsoft.Common.CurrentVersion.targets(2451,5): warning MSB3277:             C:\Users\ultra\warewolf\Dev\Dev2.TaskScheduler.Wrappers\bin\Debug\net8.0\Dev2.TaskScheduler.Wrappers.dll [C:\Users\ultra\warewolf\Dev\Warewolf.Studio.Core\Warewolf.Studio.Core.csproj]
C:\Program Files\dotnet\sdk\10.0.201\Microsoft.Common.CurrentVersion.targets(2451,5): warning MSB3277:             C:\Users\ultra\warewolf\Dev\Dev2.Util\bin\Debug\net8.0\Dev2.Util.dll [C:\Users\ultra\warewolf\Dev\Warewolf.Studio.Core\Warewolf.Studio.Core.csproj]
C:\Program Files\dotnet\sdk\10.0.201\Microsoft.Common.CurrentVersion.targets(2451,5): warning MSB3277:             C:\Users\ultra\warewolf\Dev\Warewolf.AI.Harness\bin\Debug\net8.0\Warewolf.AI.Harness.dll [C:\Users\ultra\warewolf\Dev\Warewolf.Studio.Core\Warewolf.Studio.Core.csproj]
C:\Program Files\dotnet\sdk\10.0.201\Microsoft.Common.CurrentVersion.targets(2451,5): warning MSB3277:             C:\Users\ultra\warewolf\Dev\Warewolf.Auditing\bin\Debug\net8.0\Warewolf.Auditing.dll [C:\Users\ultra\warewolf\Dev\Warewolf.Studio.Core\Warewolf.Studio.Core.csproj]
C:\Program Files\dotnet\sdk\10.0.201\Microsoft.Common.CurrentVersion.targets(2451,5): warning MSB3277:             C:\Users\ultra\warewolf\Dev\Warewolf.Common.NetStandard20\bin\Debug\net8.0\Warewolf.Common.NetStandard20.dll [C:\Users\ultra\warewolf\Dev\Warewolf.Studio.Core\Warewolf.Studio.Core.csproj]
C:\Program Files\dotnet\sdk\10.0.201\Microsoft.Common.CurrentVersion.targets(2451,5): warning MSB3277:             C:\Users\ultra\warewolf\Dev\Warewolf.Core\bin\Debug\net8.0\Warewolf.Core.dll [C:\Users\ultra\warewolf\Dev\Warewolf.Studio.Core\Warewolf.Studio.Core.csproj]
C:\Program Files\dotnet\sdk\10.0.201\Microsoft.Common.CurrentVersion.targets(2451,5): warning MSB3277:             C:\Users\ultra\warewolf\Dev\Warewolf.Driver.Serilog\bin\Debug\net8.0\Warewolf.Driver.Serilog.dll [C:\Users\ultra\warewolf\Dev\Warewolf.Studio.Core\Warewolf.Studio.Core.csproj]
C:\Program Files\dotnet\sdk\10.0.201\Microsoft.Common.CurrentVersion.targets(2451,5): warning MSB3277:             C:\Users\ultra\warewolf\Dev\Warewolf.ResourceManagement\bin\Debug\net8.0\Warewolf.ResourceManagement.dll [C:\Users\ultra\warewolf\Dev\Warewolf.Studio.Core\Warewolf.Studio.Core.csproj]
C:\Program Files\dotnet\sdk\10.0.201\Microsoft.Common.CurrentVersion.targets(2451,5): warning MSB3277:             C:\Users\ultra\warewolf\Dev\Warewolf.Sharepoint\bin\Debug\net8.0\Warewolf.Sharepoint.dll [C:\Users\ultra\warewolf\Dev\Warewolf.Studio.Core\Warewolf.Studio.Core.csproj]
C:\Program Files\dotnet\sdk\10.0.201\Microsoft.Common.CurrentVersion.targets(2451,5): warning MSB3277:             C:\Users\ultra\warewolf\Dev\Warewolf.Storage\bin\Debug\net8.0\Warewolf.Storage.dll [C:\Users\ultra\warewolf\Dev\Warewolf.Studio.Core\Warewolf.Studio.Core.csproj]
C:\Program Files\dotnet\sdk\10.0.201\Microsoft.Common.CurrentVersion.targets(2451,5): warning MSB3277:         C:\Users\ultra\.nuget\packages\mindbox.data.linq\5.0.0\lib\netstandard2.0\Mindbox.Data.Linq.dll [C:\Users\ultra\warewolf\Dev\Warewolf.Studio.Core\Warewolf.Studio.Core.csproj]
C:\Program Files\dotnet\sdk\10.0.201\Microsoft.Common.CurrentVersion.targets(2451,5): warning MSB3277:           Project file item includes which caused reference "C:\Users\ultra\.nuget\packages\mindbox.data.linq\5.0.0\lib\netstandard2.0\Mindbox.Data.Linq.dll". [C:\Users\ultra\warewolf\Dev\Warewolf.Studio.Core\Warewolf.Studio.Core.csproj]
C:\Program Files\dotnet\sdk\10.0.201\Microsoft.Common.CurrentVersion.targets(2451,5): warning MSB3277:             C:\Users\ultra\.nuget\packages\mindbox.data.linq\5.0.0\lib\netstandard2.0\Mindbox.Data.Linq.dll [C:\Users\ultra\warewolf\Dev\Warewolf.Studio.Core\Warewolf.Studio.Core.csproj]
C:\Program Files\dotnet\sdk\10.0.201\Microsoft.Common.CurrentVersion.targets(2451,5): warning MSB3277:             C:\Users\ultra\warewolf\Dev\Warewolf.Auditing\bin\Debug\net8.0\Warewolf.Auditing.dll [C:\Users\ultra\warewolf\Dev\Warewolf.Studio.Core\Warewolf.Studio.Core.csproj]
C:\Program Files\dotnet\sdk\10.0.201\Microsoft.Common.CurrentVersion.targets(2451,5): warning MSB3277:             C:\Users\ultra\warewolf\Dev\Dev2.Runtime.Services\bin\Debug\net8.0\Dev2.Runtime.Services.dll [C:\Users\ultra\warewolf\Dev\Warewolf.Studio.Core\Warewolf.Studio.Core.csproj]
C:\Program Files\dotnet\sdk\10.0.201\Microsoft.Common.CurrentVersion.targets(2451,5): warning MSB3277:             C:\Users\ultra\warewolf\Dev\Dev2.Studio.Interfaces\bin\Debug\net8.0\Dev2.Studio.Interfaces.dll [C:\Users\ultra\warewolf\Dev\Warewolf.Studio.Core\Warewolf.Studio.Core.csproj]
C:\Program Files\dotnet\sdk\10.0.201\Microsoft.Common.CurrentVersion.targets(2451,5): warning MSB3277:             C:\Users\ultra\warewolf\Dev\Warewolf.Common.NetStandard20\bin\Debug\net8.0\Warewolf.Common.NetStandard20.dll [C:\Users\ultra\warewolf\Dev\Warewolf.Studio.Core\Warewolf.Studio.Core.csproj]
C:\Program Files\dotnet\sdk\10.0.201\Microsoft.Common.CurrentVersion.targets(2451,5): warning MSB3277:         C:\Users\ultra\.nuget\packages\mysql.data\8.4.0\lib\net8.0\MySql.Data.dll [C:\Users\ultra\warewolf\Dev\Warewolf.Studio.Core\Warewolf.Studio.Core.csproj]
C:\Program Files\dotnet\sdk\10.0.201\Microsoft.Common.CurrentVersion.targets(2451,5): warning MSB3277:           Project file item includes which caused reference "C:\Users\ultra\.nuget\packages\mysql.data\8.4.0\lib\net8.0\MySql.Data.dll". [C:\Users\ultra\warewolf\Dev\Warewolf.Studio.Core\Warewolf.Studio.Core.csproj]
C:\Program Files\dotnet\sdk\10.0.201\Microsoft.Common.CurrentVersion.targets(2451,5): warning MSB3277:             C:\Users\ultra\.nuget\packages\mysql.data\8.4.0\lib\net8.0\MySql.Data.dll [C:\Users\ultra\warewolf\Dev\Warewolf.Studio.Core\Warewolf.Studio.Core.csproj]
C:\Program Files\dotnet\sdk\10.0.201\Microsoft.Common.CurrentVersion.targets(2451,5): warning MSB3277:             C:\Users\ultra\warewolf\Dev\Dev2.Runtime.Services\bin\Debug\net8.0\Dev2.Runtime.Services.dll [C:\Users\ultra\warewolf\Dev\Warewolf.Studio.Core\Warewolf.Studio.Core.csproj]
C:\Program Files\dotnet\sdk\10.0.201\Microsoft.Common.CurrentVersion.targets(2451,5): warning MSB3277:             C:\Users\ultra\warewolf\Dev\Dev2.Studio.Interfaces\bin\Debug\net8.0\Dev2.Studio.Interfaces.dll [C:\Users\ultra\warewolf\Dev\Warewolf.Studio.Core\Warewolf.Studio.Core.csproj]
C:\Program Files\dotnet\sdk\10.0.201\Microsoft.Common.CurrentVersion.targets(2451,5): warning MSB3277:             C:\Users\ultra\warewolf\Dev\Dev2.Services.Sql\bin\Debug\net8.0\Dev2.Services.Sql.dll [C:\Users\ultra\warewolf\Dev\Warewolf.Studio.Core\Warewolf.Studio.Core.csproj]
C:\Program Files\dotnet\sdk\10.0.201\Microsoft.Common.CurrentVersion.targets(2451,5): warning MSB3277:         C:\Users\ultra\.nuget\packages\oracle.manageddataaccess.core\3.21.70\lib\netstandard2.1\Oracle.ManagedDataAccess.dll [C:\Users\ultra\warewolf\Dev\Warewolf.Studio.Core\Warewolf.Studio.Core.csproj]
C:\Program Files\dotnet\sdk\10.0.201\Microsoft.Common.CurrentVersion.targets(2451,5): warning MSB3277:           Project file item includes which caused reference "C:\Users\ultra\.nuget\packages\oracle.manageddataaccess.core\3.21.70\lib\netstandard2.1\Oracle.ManagedDataAccess.dll". [C:\Users\ultra\warewolf\Dev\Warewolf.Studio.Core\Warewolf.Studio.Core.csproj]
C:\Program Files\dotnet\sdk\10.0.201\Microsoft.Common.CurrentVersion.targets(2451,5): warning MSB3277:             C:\Users\ultra\.nuget\packages\oracle.manageddataaccess.core\3.21.70\lib\netstandard2.1\Oracle.ManagedDataAccess.dll [C:\Users\ultra\warewolf\Dev\Warewolf.Studio.Core\Warewolf.Studio.Core.csproj]
C:\Program Files\dotnet\sdk\10.0.201\Microsoft.Common.CurrentVersion.targets(2451,5): warning MSB3277:             C:\Users\ultra\warewolf\Dev\Dev2.Runtime.Services\bin\Debug\net8.0\Dev2.Runtime.Services.dll [C:\Users\ultra\warewolf\Dev\Warewolf.Studio.Core\Warewolf.Studio.Core.csproj]
C:\Program Files\dotnet\sdk\10.0.201\Microsoft.Common.CurrentVersion.targets(2451,5): warning MSB3277:             C:\Users\ultra\warewolf\Dev\Dev2.Studio.Interfaces\bin\Debug\net8.0\Dev2.Studio.Interfaces.dll [C:\Users\ultra\warewolf\Dev\Warewolf.Studio.Core\Warewolf.Studio.Core.csproj]
C:\Program Files\dotnet\sdk\10.0.201\Microsoft.Common.CurrentVersion.targets(2451,5): warning MSB3277:             C:\Users\ultra\warewolf\Dev\Dev2.Services.Sql\bin\Debug\net8.0\Dev2.Services.Sql.dll [C:\Users\ultra\warewolf\Dev\Warewolf.Studio.Core\Warewolf.Studio.Core.csproj]
C:\Program Files\dotnet\sdk\10.0.201\Microsoft.Common.CurrentVersion.targets(2451,5): warning MSB3277:         C:\Users\ultra\.nuget\packages\system.directoryservices\6.0.0\lib\net6.0\System.DirectoryServices.dll [C:\Users\ultra\warewolf\Dev\Warewolf.Studio.Core\Warewolf.Studio.Core.csproj]
C:\Program Files\dotnet\sdk\10.0.201\Microsoft.Common.CurrentVersion.targets(2451,5): warning MSB3277:           Project file item includes which caused reference "C:\Users\ultra\.nuget\packages\system.directoryservices\6.0.0\lib\net6.0\System.DirectoryServices.dll". [C:\Users\ultra\warewolf\Dev\Warewolf.Studio.Core\Warewolf.Studio.Core.csproj]
C:\Program Files\dotnet\sdk\10.0.201\Microsoft.Common.CurrentVersion.targets(2451,5): warning MSB3277:             C:\Users\ultra\.nuget\packages\system.directoryservices\6.0.0\lib\net6.0\System.DirectoryServices.dll [C:\Users\ultra\warewolf\Dev\Warewolf.Studio.Core\Warewolf.Studio.Core.csproj]
C:\Program Files\dotnet\sdk\10.0.201\Microsoft.Common.CurrentVersion.targets(2451,5): warning MSB3277:             C:\Users\ultra\.nuget\packages\corewcf.primitives\1.2.1\lib\netstandard2.0\CoreWCF.Primitives.dll [C:\Users\ultra\warewolf\Dev\Warewolf.Studio.Core\Warewolf.Studio.Core.csproj]
C:\Program Files\dotnet\sdk\10.0.201\Microsoft.Common.CurrentVersion.targets(2451,5): warning MSB3277:             C:\Users\ultra\warewolf\Dev\Dev2.Runtime.Services\bin\Debug\net8.0\Dev2.Runtime.Services.dll [C:\Users\ultra\warewolf\Dev\Warewolf.Studio.Core\Warewolf.Studio.Core.csproj]
C:\Program Files\dotnet\sdk\10.0.201\Microsoft.Common.CurrentVersion.targets(2451,5): warning MSB3277:             C:\Users\ultra\warewolf\Dev\Dev2.Studio.Interfaces\bin\Debug\net8.0\Dev2.Studio.Interfaces.dll [C:\Users\ultra\warewolf\Dev\Warewolf.Studio.Core\Warewolf.Studio.Core.csproj]
C:\Program Files\dotnet\sdk\10.0.201\Microsoft.Common.CurrentVersion.targets(2451,5): warning MSB3277:             C:\Users\ultra\.nuget\packages\corewcf.http\1.2.1\lib\netstandard2.0\CoreWCF.Http.dll [C:\Users\ultra\warewolf\Dev\Warewolf.Studio.Core\Warewolf.Studio.Core.csproj]
C:\Program Files\dotnet\sdk\10.0.201\Microsoft.Common.CurrentVersion.targets(2451,5): warning MSB3277:             C:\Users\ultra\.nuget\packages\corewcf.nettcp\1.2.1\lib\netstandard2.0\CoreWCF.NetTcp.dll [C:\Users\ultra\warewolf\Dev\Warewolf.Studio.Core\Warewolf.Studio.Core.csproj]
C:\Program Files\dotnet\sdk\10.0.201\Microsoft.Common.CurrentVersion.targets(2451,5): warning MSB3277:             C:\Users\ultra\.nuget\packages\corewcf.webhttp\1.2.1\lib\netstandard2.0\CoreWCF.WebHttp.dll [C:\Users\ultra\warewolf\Dev\Warewolf.Studio.Core\Warewolf.Studio.Core.csproj]
C:\Program Files\dotnet\sdk\10.0.201\Microsoft.Common.CurrentVersion.targets(2451,5): warning MSB3277:         C:\Program Files\dotnet\packs\Microsoft.NETCore.App.Ref\8.0.25\ref\net8.0\System.Configuration.dll [C:\Users\ultra\warewolf\Dev\Warewolf.Studio.Core\Warewolf.Studio.Core.csproj]
C:\Program Files\dotnet\sdk\10.0.201\Microsoft.Common.CurrentVersion.targets(2451,5): warning MSB3277:           Project file item includes which caused reference "C:\Program Files\dotnet\packs\Microsoft.NETCore.App.Ref\8.0.25\ref\net8.0\System.Configuration.dll". [C:\Users\ultra\warewolf\Dev\Warewolf.Studio.Core\Warewolf.Studio.Core.csproj]
C:\Program Files\dotnet\sdk\10.0.201\Microsoft.Common.CurrentVersion.targets(2451,5): warning MSB3277:             C:\Program Files\dotnet\packs\Microsoft.NETCore.App.Ref\8.0.25\ref/net8.0/System.Configuration.dll [C:\Users\ultra\warewolf\Dev\Warewolf.Studio.Core\Warewolf.Studio.Core.csproj]
C:\Program Files\dotnet\sdk\10.0.201\Microsoft.Common.CurrentVersion.targets(2451,5): warning MSB3277:             C:\Users\ultra\.nuget\packages\prism.wpf\9.0.537\lib\net462\Prism.Wpf.dll [C:\Users\ultra\warewolf\Dev\Warewolf.Studio.Core\Warewolf.Studio.Core.csproj]
C:\Program Files\dotnet\sdk\10.0.201\Microsoft.Common.CurrentVersion.targets(2451,5): warning MSB3277:         C:\Program Files\dotnet\packs\Microsoft.NETCore.App.Ref\8.0.25\ref\net8.0\System.Data.dll [C:\Users\ultra\warewolf\Dev\Warewolf.Studio.Core\Warewolf.Studio.Core.csproj]
C:\Program Files\dotnet\sdk\10.0.201\Microsoft.Common.CurrentVersion.targets(2451,5): warning MSB3277:           Project file item includes which caused reference "C:\Program Files\dotnet\packs\Microsoft.NETCore.App.Ref\8.0.25\ref\net8.0\System.Data.dll". [C:\Users\ultra\warewolf\Dev\Warewolf.Studio.Core\Warewolf.Studio.Core.csproj]
C:\Program Files\dotnet\sdk\10.0.201\Microsoft.Common.CurrentVersion.targets(2451,5): warning MSB3277:             C:\Program Files\dotnet\packs\Microsoft.NETCore.App.Ref\8.0.25\ref/net8.0/System.Data.dll [C:\Users\ultra\warewolf\Dev\Warewolf.Studio.Core\Warewolf.Studio.Core.csproj]
C:\Program Files\dotnet\sdk\10.0.201\Microsoft.Common.CurrentVersion.targets(2451,5): warning MSB3277:             C:\Users\ultra\.nuget\packages\taskschedulereditor\2.10.1\lib\net452\Microsoft.Win32.TaskSchedulerEditor.dll [C:\Users\ultra\warewolf\Dev\Warewolf.Studio.Core\Warewolf.Studio.Core.csproj]
C:\Program Files\dotnet\sdk\10.0.201\Microsoft.Common.CurrentVersion.targets(2451,5): warning MSB3277:         C:\Program Files\dotnet\packs\Microsoft.NETCore.App.Ref\8.0.25\ref\net8.0\System.Drawing.dll [C:\Users\ultra\warewolf\Dev\Warewolf.Studio.Core\Warewolf.Studio.Core.csproj]
C:\Program Files\dotnet\sdk\10.0.201\Microsoft.Common.CurrentVersion.targets(2451,5): warning MSB3277:           Project file item includes which caused reference "C:\Program Files\dotnet\packs\Microsoft.NETCore.App.Ref\8.0.25\ref\net8.0\System.Drawing.dll". [C:\Users\ultra\warewolf\Dev\Warewolf.Studio.Core\Warewolf.Studio.Core.csproj]
C:\Program Files\dotnet\sdk\10.0.201\Microsoft.Common.CurrentVersion.targets(2451,5): warning MSB3277:             C:\Program Files\dotnet\packs\Microsoft.NETCore.App.Ref\8.0.25\ref/net8.0/System.Drawing.dll [C:\Users\ultra\warewolf\Dev\Warewolf.Studio.Core\Warewolf.Studio.Core.csproj]
C:\Program Files\dotnet\sdk\10.0.201\Microsoft.Common.CurrentVersion.targets(2451,5): warning MSB3277:             C:\Users\ultra\.nuget\packages\aerowizard\2.3.1\lib\net45\AeroWizard.dll [C:\Users\ultra\warewolf\Dev\Warewolf.Studio.Core\Warewolf.Studio.Core.csproj]
C:\Program Files\dotnet\sdk\10.0.201\Microsoft.Common.CurrentVersion.targets(2451,5): warning MSB3277:             C:\Users\ultra\.nuget\packages\groupcontrols\1.9.0\lib\net45\GroupControls.dll [C:\Users\ultra\warewolf\Dev\Warewolf.Studio.Core\Warewolf.Studio.Core.csproj]
C:\Program Files\dotnet\sdk\10.0.201\Microsoft.Common.CurrentVersion.targets(2451,5): warning MSB3277:             C:\Users\ultra\.nuget\packages\taskschedulereditor\2.10.1\lib\net452\Microsoft.Win32.TaskSchedulerEditor.dll [C:\Users\ultra\warewolf\Dev\Warewolf.Studio.Core\Warewolf.Studio.Core.csproj]
C:\Program Files\dotnet\sdk\10.0.201\Microsoft.Common.CurrentVersion.targets(2451,5): warning MSB3277:         C:\Program Files\dotnet\packs\Microsoft.NETCore.App.Ref\8.0.25\ref\net8.0\System.Net.dll [C:\Users\ultra\warewolf\Dev\Warewolf.Studio.Core\Warewolf.Studio.Core.csproj]
C:\Program Files\dotnet\sdk\10.0.201\Microsoft.Common.CurrentVersion.targets(2451,5): warning MSB3277:           Project file item includes which caused reference "C:\Program Files\dotnet\packs\Microsoft.NETCore.App.Ref\8.0.25\ref\net8.0\System.Net.dll". [C:\Users\ultra\warewolf\Dev\Warewolf.Studio.Core\Warewolf.Studio.Core.csproj]
C:\Program Files\dotnet\sdk\10.0.201\Microsoft.Common.CurrentVersion.targets(2451,5): warning MSB3277:             C:\Program Files\dotnet\packs\Microsoft.NETCore.App.Ref\8.0.25\ref/net8.0/System.Net.dll [C:\Users\ultra\warewolf\Dev\Warewolf.Studio.Core\Warewolf.Studio.Core.csproj]
C:\Program Files\dotnet\sdk\10.0.201\Microsoft.Common.CurrentVersion.targets(2451,5): warning MSB3277:         C:\Program Files\dotnet\packs\Microsoft.NETCore.App.Ref\8.0.25\ref\net8.0\System.Security.dll [C:\Users\ultra\warewolf\Dev\Warewolf.Studio.Core\Warewolf.Studio.Core.csproj]
C:\Program Files\dotnet\sdk\10.0.201\Microsoft.Common.CurrentVersion.targets(2451,5): warning MSB3277:           Project file item includes which caused reference "C:\Program Files\dotnet\packs\Microsoft.NETCore.App.Ref\8.0.25\ref\net8.0\System.Security.dll". [C:\Users\ultra\warewolf\Dev\Warewolf.Studio.Core\Warewolf.Studio.Core.csproj]
C:\Program Files\dotnet\sdk\10.0.201\Microsoft.Common.CurrentVersion.targets(2451,5): warning MSB3277:             C:\Program Files\dotnet\packs\Microsoft.NETCore.App.Ref\8.0.25\ref/net8.0/System.Security.dll [C:\Users\ultra\warewolf\Dev\Warewolf.Studio.Core\Warewolf.Studio.Core.csproj]
C:\Program Files\dotnet\sdk\10.0.201\Microsoft.Common.CurrentVersion.targets(2451,5): warning MSB3277:         C:\Program Files\dotnet\packs\Microsoft.NETCore.App.Ref\8.0.25\ref\net8.0\System.ServiceProcess.dll [C:\Users\ultra\warewolf\Dev\Warewolf.Studio.Core\Warewolf.Studio.Core.csproj]
C:\Program Files\dotnet\sdk\10.0.201\Microsoft.Common.CurrentVersion.targets(2451,5): warning MSB3277:           Project file item includes which caused reference "C:\Program Files\dotnet\packs\Microsoft.NETCore.App.Ref\8.0.25\ref\net8.0\System.ServiceProcess.dll". [C:\Users\ultra\warewolf\Dev\Warewolf.Studio.Core\Warewolf.Studio.Core.csproj]
C:\Program Files\dotnet\sdk\10.0.201\Microsoft.Common.CurrentVersion.targets(2451,5): warning MSB3277:             C:\Program Files\dotnet\packs\Microsoft.NETCore.App.Ref\8.0.25\ref/net8.0/System.ServiceProcess.dll [C:\Users\ultra\warewolf\Dev\Warewolf.Studio.Core\Warewolf.Studio.Core.csproj]
C:\Program Files\dotnet\sdk\10.0.201\Microsoft.Common.CurrentVersion.targets(2451,5): warning MSB3277:         C:\Program Files\dotnet\packs\Microsoft.NETCore.App.Ref\8.0.25\ref\net8.0\System.Transactions.dll [C:\Users\ultra\warewolf\Dev\Warewolf.Studio.Core\Warewolf.Studio.Core.csproj]
C:\Program Files\dotnet\sdk\10.0.201\Microsoft.Common.CurrentVersion.targets(2451,5): warning MSB3277:           Project file item includes which caused reference "C:\Program Files\dotnet\packs\Microsoft.NETCore.App.Ref\8.0.25\ref\net8.0\System.Transactions.dll". [C:\Users\ultra\warewolf\Dev\Warewolf.Studio.Core\Warewolf.Studio.Core.csproj]
C:\Program Files\dotnet\sdk\10.0.201\Microsoft.Common.CurrentVersion.targets(2451,5): warning MSB3277:             C:\Program Files\dotnet\packs\Microsoft.NETCore.App.Ref\8.0.25\ref/net8.0/System.Transactions.dll [C:\Users\ultra\warewolf\Dev\Warewolf.Studio.Core\Warewolf.Studio.Core.csproj]
C:\Program Files\dotnet\sdk\10.0.201\Microsoft.Common.CurrentVersion.targets(2451,5): warning MSB3277:         C:\Program Files\dotnet\packs\Microsoft.NETCore.App.Ref\8.0.25\ref\net8.0\System.dll [C:\Users\ultra\warewolf\Dev\Warewolf.Studio.Core\Warewolf.Studio.Core.csproj]
C:\Program Files\dotnet\sdk\10.0.201\Microsoft.Common.CurrentVersion.targets(2451,5): warning MSB3277:           Project file item includes which caused reference "C:\Program Files\dotnet\packs\Microsoft.NETCore.App.Ref\8.0.25\ref\net8.0\System.dll". [C:\Users\ultra\warewolf\Dev\Warewolf.Studio.Core\Warewolf.Studio.Core.csproj]
C:\Program Files\dotnet\sdk\10.0.201\Microsoft.Common.CurrentVersion.targets(2451,5): warning MSB3277:             C:\Program Files\dotnet\packs\Microsoft.NETCore.App.Ref\8.0.25\ref/net8.0/System.dll [C:\Users\ultra\warewolf\Dev\Warewolf.Studio.Core\Warewolf.Studio.Core.csproj]
C:\Program Files\dotnet\sdk\10.0.201\Microsoft.Common.CurrentVersion.targets(2451,5): warning MSB3277:             C:\Users\ultra\.nuget\packages\aerowizard\2.3.1\lib\net45\AeroWizard.dll [C:\Users\ultra\warewolf\Dev\Warewolf.Studio.Core\Warewolf.Studio.Core.csproj]
C:\Program Files\dotnet\sdk\10.0.201\Microsoft.Common.CurrentVersion.targets(2451,5): warning MSB3277:             C:\Users\ultra\.nuget\packages\groupcontrols\1.9.0\lib\net45\GroupControls.dll [C:\Users\ultra\warewolf\Dev\Warewolf.Studio.Core\Warewolf.Studio.Core.csproj]
C:\Program Files\dotnet\sdk\10.0.201\Microsoft.Common.CurrentVersion.targets(2451,5): warning MSB3277:             C:\Users\ultra\.nuget\packages\microsoft.xaml.behaviors.wpf\1.1.122\lib\net462\Microsoft.Xaml.Behaviors.dll [C:\Users\ultra\warewolf\Dev\Warewolf.Studio.Core\Warewolf.Studio.Core.csproj]
C:\Program Files\dotnet\sdk\10.0.201\Microsoft.Common.CurrentVersion.targets(2451,5): warning MSB3277:             C:\Users\ultra\.nuget\packages\caliburn.micro\4.0.212\lib\netcoreapp3.1\Caliburn.Micro.Platform.dll [C:\Users\ultra\warewolf\Dev\Warewolf.Studio.Core\Warewolf.Studio.Core.csproj]
C:\Program Files\dotnet\sdk\10.0.201\Microsoft.Common.CurrentVersion.targets(2451,5): warning MSB3277:             C:\Users\ultra\.nuget\packages\prism.wpf\9.0.537\lib\net462\Prism.Wpf.dll [C:\Users\ultra\warewolf\Dev\Warewolf.Studio.Core\Warewolf.Studio.Core.csproj]
C:\Program Files\dotnet\sdk\10.0.201\Microsoft.Common.CurrentVersion.targets(2451,5): warning MSB3277:             C:\Users\ultra\.nuget\packages\reactiveui.wpf\18.4.1\lib\net462\ReactiveUI.Wpf.dll [C:\Users\ultra\warewolf\Dev\Warewolf.Studio.Core\Warewolf.Studio.Core.csproj]
C:\Program Files\dotnet\sdk\10.0.201\Microsoft.Common.CurrentVersion.targets(2451,5): warning MSB3277:             C:\Users\ultra\.nuget\packages\taskschedulereditor\2.10.1\lib\net452\Microsoft.Win32.TaskSchedulerEditor.dll [C:\Users\ultra\warewolf\Dev\Warewolf.Studio.Core\Warewolf.Studio.Core.csproj]
C:\Program Files\dotnet\sdk\10.0.201\Microsoft.Common.CurrentVersion.targets(2451,5): warning MSB3277:             C:\Users\ultra\.nuget\packages\ttcue.netcore.sharepointonline.csom.16.1.8029.1200\16.1.8029.1200\lib\netcoreapp2.0\Microsoft.SharePoint.Client.Runtime.Windows.dll [C:\Users\ultra\warewolf\Dev\Warewolf.Studio.Core\Warewolf.Studio.Core.csproj]
C:\Program Files\dotnet\sdk\10.0.201\Microsoft.Common.CurrentVersion.targets(2451,5): warning MSB3277:         C:\Program Files\dotnet\packs\Microsoft.NETCore.App.Ref\8.0.25\ref\net8.0\WindowsBase.dll [C:\Users\ultra\warewolf\Dev\Warewolf.Studio.Core\Warewolf.Studio.Core.csproj]
C:\Program Files\dotnet\sdk\10.0.201\Microsoft.Common.CurrentVersion.targets(2451,5): warning MSB3277:           Project file item includes which caused reference "C:\Program Files\dotnet\packs\Microsoft.NETCore.App.Ref\8.0.25\ref\net8.0\WindowsBase.dll". [C:\Users\ultra\warewolf\Dev\Warewolf.Studio.Core\Warewolf.Studio.Core.csproj]
C:\Program Files\dotnet\sdk\10.0.201\Microsoft.Common.CurrentVersion.targets(2451,5): warning MSB3277:             C:\Program Files\dotnet\packs\Microsoft.NETCore.App.Ref\8.0.25\ref/net8.0/WindowsBase.dll [C:\Users\ultra\warewolf\Dev\Warewolf.Studio.Core\Warewolf.Studio.Core.csproj]
C:\Program Files\dotnet\sdk\10.0.201\Microsoft.Common.CurrentVersion.targets(2451,5): warning MSB3277:         C:\Program Files\dotnet\packs\Microsoft.NETCore.App.Ref\8.0.25\ref\net8.0\mscorlib.dll [C:\Users\ultra\warewolf\Dev\Warewolf.Studio.Core\Warewolf.Studio.Core.csproj]
C:\Program Files\dotnet\sdk\10.0.201\Microsoft.Common.CurrentVersion.targets(2451,5): warning MSB3277:           Project file item includes which caused reference "C:\Program Files\dotnet\packs\Microsoft.NETCore.App.Ref\8.0.25\ref\net8.0\mscorlib.dll". [C:\Users\ultra\warewolf\Dev\Warewolf.Studio.Core\Warewolf.Studio.Core.csproj]
C:\Program Files\dotnet\sdk\10.0.201\Microsoft.Common.CurrentVersion.targets(2451,5): warning MSB3277:             C:\Program Files\dotnet\packs\Microsoft.NETCore.App.Ref\8.0.25\ref/net8.0/mscorlib.dll [C:\Users\ultra\warewolf\Dev\Warewolf.Studio.Core\Warewolf.Studio.Core.csproj]
C:\Program Files\dotnet\sdk\10.0.201\Microsoft.Common.CurrentVersion.targets(2451,5): warning MSB3277:             C:\Users\ultra\.nuget\packages\aerowizard\2.3.1\lib\net45\AeroWizard.dll [C:\Users\ultra\warewolf\Dev\Warewolf.Studio.Core\Warewolf.Studio.Core.csproj]
C:\Program Files\dotnet\sdk\10.0.201\Microsoft.Common.CurrentVersion.targets(2451,5): warning MSB3277:             C:\Users\ultra\.nuget\packages\groupcontrols\1.9.0\lib\net45\GroupControls.dll [C:\Users\ultra\warewolf\Dev\Warewolf.Studio.Core\Warewolf.Studio.Core.csproj]
C:\Program Files\dotnet\sdk\10.0.201\Microsoft.Common.CurrentVersion.targets(2451,5): warning MSB3277:             C:\Users\ultra\.nuget\packages\microsoft.xaml.behaviors.wpf\1.1.122\lib\net462\Microsoft.Xaml.Behaviors.dll [C:\Users\ultra\warewolf\Dev\Warewolf.Studio.Core\Warewolf.Studio.Core.csproj]
C:\Program Files\dotnet\sdk\10.0.201\Microsoft.Common.CurrentVersion.targets(2451,5): warning MSB3277:             C:\Users\ultra\.nuget\packages\caliburn.micro\4.0.212\lib\netcoreapp3.1\Caliburn.Micro.Platform.dll [C:\Users\ultra\warewolf\Dev\Warewolf.Studio.Core\Warewolf.Studio.Core.csproj]
C:\Program Files\dotnet\sdk\10.0.201\Microsoft.Common.CurrentVersion.targets(2451,5): warning MSB3277:             C:\Users\ultra\.nuget\packages\oracle.manageddataaccess.core\3.21.70\lib\netstandard2.1\Oracle.ManagedDataAccess.dll [C:\Users\ultra\warewolf\Dev\Warewolf.Studio.Core\Warewolf.Studio.Core.csproj]
C:\Program Files\dotnet\sdk\10.0.201\Microsoft.Common.CurrentVersion.targets(2451,5): warning MSB3277:             C:\Users\ultra\warewolf\Dev\Dev2.Runtime.Services\bin\Debug\net8.0\Dev2.Runtime.Services.dll [C:\Users\ultra\warewolf\Dev\Warewolf.Studio.Core\Warewolf.Studio.Core.csproj]
C:\Program Files\dotnet\sdk\10.0.201\Microsoft.Common.CurrentVersion.targets(2451,5): warning MSB3277:             C:\Users\ultra\warewolf\Dev\Dev2.Studio.Interfaces\bin\Debug\net8.0\Dev2.Studio.Interfaces.dll [C:\Users\ultra\warewolf\Dev\Warewolf.Studio.Core\Warewolf.Studio.Core.csproj]
C:\Program Files\dotnet\sdk\10.0.201\Microsoft.Common.CurrentVersion.targets(2451,5): warning MSB3277:             C:\Users\ultra\warewolf\Dev\Dev2.Services.Sql\bin\Debug\net8.0\Dev2.Services.Sql.dll [C:\Users\ultra\warewolf\Dev\Warewolf.Studio.Core\Warewolf.Studio.Core.csproj]
C:\Program Files\dotnet\sdk\10.0.201\Microsoft.Common.CurrentVersion.targets(2451,5): warning MSB3277:             C:\Users\ultra\.nuget\packages\prism.wpf\9.0.537\lib\net462\Prism.Wpf.dll [C:\Users\ultra\warewolf\Dev\Warewolf.Studio.Core\Warewolf.Studio.Core.csproj]
C:\Program Files\dotnet\sdk\10.0.201\Microsoft.Common.CurrentVersion.targets(2451,5): warning MSB3277:             C:\Users\ultra\.nuget\packages\reactiveui.wpf\18.4.1\lib\net462\ReactiveUI.Wpf.dll [C:\Users\ultra\warewolf\Dev\Warewolf.Studio.Core\Warewolf.Studio.Core.csproj]
C:\Program Files\dotnet\sdk\10.0.201\Microsoft.Common.CurrentVersion.targets(2451,5): warning MSB3277:             C:\Users\ultra\.nuget\packages\taskschedulereditor\2.10.1\lib\net452\Microsoft.Win32.TaskSchedulerEditor.dll [C:\Users\ultra\warewolf\Dev\Warewolf.Studio.Core\Warewolf.Studio.Core.csproj]
C:\Program Files\dotnet\sdk\10.0.201\Microsoft.Common.CurrentVersion.targets(2451,5): warning MSB3277:             C:\Users\ultra\.nuget\packages\ttcue.netcore.sharepointonline.csom.16.1.8029.1200\16.1.8029.1200\lib\netcoreapp2.0\Microsoft.SharePoint.Client.Runtime.Windows.dll [C:\Users\ultra\warewolf\Dev\Warewolf.Studio.Core\Warewolf.Studio.Core.csproj]
C:\Program Files\dotnet\sdk\10.0.201\Microsoft.Common.CurrentVersion.targets(2451,5): warning MSB3277: Found conflicts between different versions of "WindowsBase" that could not be resolved. [C:\Users\ultra\warewolf\Dev\Warewolf.Studio.Core\Warewolf.Studio.Core.csproj]
C:\Program Files\dotnet\sdk\10.0.201\Microsoft.Common.CurrentVersion.targets(2451,5): warning MSB3277: There was a conflict between "WindowsBase, Version=4.0.0.0, Culture=neutral, PublicKeyToken=31bf3856ad364e35" and "WindowsBase, Version=6.0.2.0, Culture=neutral, PublicKeyToken=31bf3856ad364e35". [C:\Users\ultra\warewolf\Dev\Warewolf.Studio.Core\Warewolf.Studio.Core.csproj]
C:\Program Files\dotnet\sdk\10.0.201\Microsoft.Common.CurrentVersion.targets(2451,5): warning MSB3277:     "WindowsBase, Version=4.0.0.0, Culture=neutral, PublicKeyToken=31bf3856ad364e35" was chosen because it was primary and "WindowsBase, Version=6.0.2.0, Culture=neutral, PublicKeyToken=31bf3856ad364e35" was not. [C:\Users\ultra\warewolf\Dev\Warewolf.Studio.Core\Warewolf.Studio.Core.csproj]
C:\Program Files\dotnet\sdk\10.0.201\Microsoft.Common.CurrentVersion.targets(2451,5): warning MSB3277:     References which depend on "WindowsBase, Version=4.0.0.0, Culture=neutral, PublicKeyToken=31bf3856ad364e35" [C:\Program Files\dotnet\packs\Microsoft.NETCore.App.Ref\8.0.25\ref\net8.0\WindowsBase.dll]. [C:\Users\ultra\warewolf\Dev\Warewolf.Studio.Core\Warewolf.Studio.Core.csproj]
C:\Program Files\dotnet\sdk\10.0.201\Microsoft.Common.CurrentVersion.targets(2451,5): warning MSB3277:         C:\Program Files\dotnet\packs\Microsoft.NETCore.App.Ref\8.0.25\ref\net8.0\WindowsBase.dll [C:\Users\ultra\warewolf\Dev\Warewolf.Studio.Core\Warewolf.Studio.Core.csproj]
C:\Program Files\dotnet\sdk\10.0.201\Microsoft.Common.CurrentVersion.targets(2451,5): warning MSB3277:           Project file item includes which caused reference "C:\Program Files\dotnet\packs\Microsoft.NETCore.App.Ref\8.0.25\ref\net8.0\WindowsBase.dll". [C:\Users\ultra\warewolf\Dev\Warewolf.Studio.Core\Warewolf.Studio.Core.csproj]
C:\Program Files\dotnet\sdk\10.0.201\Microsoft.Common.CurrentVersion.targets(2451,5): warning MSB3277:             C:\Program Files\dotnet\packs\Microsoft.NETCore.App.Ref\8.0.25\ref/net8.0/WindowsBase.dll [C:\Users\ultra\warewolf\Dev\Warewolf.Studio.Core\Warewolf.Studio.Core.csproj]
C:\Program Files\dotnet\sdk\10.0.201\Microsoft.Common.CurrentVersion.targets(2451,5): warning MSB3277:     References which depend on or have been unified to "WindowsBase, Version=6.0.2.0, Culture=neutral, PublicKeyToken=31bf3856ad364e35" []. [C:\Users\ultra\warewolf\Dev\Warewolf.Studio.Core\Warewolf.Studio.Core.csproj]
C:\Program Files\dotnet\sdk\10.0.201\Microsoft.Common.CurrentVersion.targets(2451,5): warning MSB3277:         C:\Users\ultra\warewolf\Dev\Binaries\Infragistcs_Net6\InfragisticsWPF4.Controls.Menus.XamDataTree.v15.1.dll [C:\Users\ultra\warewolf\Dev\Warewolf.Studio.Core\Warewolf.Studio.Core.csproj]
C:\Program Files\dotnet\sdk\10.0.201\Microsoft.Common.CurrentVersion.targets(2451,5): warning MSB3277:           Project file item includes which caused reference "C:\Users\ultra\warewolf\Dev\Binaries\Infragistcs_Net6\InfragisticsWPF4.Controls.Menus.XamDataTree.v15.1.dll". [C:\Users\ultra\warewolf\Dev\Warewolf.Studio.Core\Warewolf.Studio.Core.csproj]
C:\Program Files\dotnet\sdk\10.0.201\Microsoft.Common.CurrentVersion.targets(2451,5): warning MSB3277:             InfragisticsWPF4.Controls.Menus.XamDataTree.v15.1, Version=15.1.20151.2055, Culture=neutral, PublicKeyToken=7dd5c3163f2cd0cb, processorArchitecture=MSIL [C:\Users\ultra\warewolf\Dev\Warewolf.Studio.Core\Warewolf.Studio.Core.csproj]
C:\Program Files\dotnet\sdk\10.0.201\Microsoft.Common.CurrentVersion.targets(2451,5): warning MSB3277:         C:\Users\ultra\warewolf\Dev\Binaries\Infragistcs_Net6\InfragisticsWPF4.DataManager.v15.1.dll [C:\Users\ultra\warewolf\Dev\Warewolf.Studio.Core\Warewolf.Studio.Core.csproj]
C:\Program Files\dotnet\sdk\10.0.201\Microsoft.Common.CurrentVersion.targets(2451,5): warning MSB3277:           Project file item includes which caused reference "C:\Users\ultra\warewolf\Dev\Binaries\Infragistcs_Net6\InfragisticsWPF4.DataManager.v15.1.dll". [C:\Users\ultra\warewolf\Dev\Warewolf.Studio.Core\Warewolf.Studio.Core.csproj]
C:\Program Files\dotnet\sdk\10.0.201\Microsoft.Common.CurrentVersion.targets(2451,5): warning MSB3277:             InfragisticsWPF4.DataManager.v15.1, Version=15.1.20151.2055, Culture=neutral, PublicKeyToken=7dd5c3163f2cd0cb, processorArchitecture=MSIL [C:\Users\ultra\warewolf\Dev\Warewolf.Studio.Core\Warewolf.Studio.Core.csproj]
C:\Program Files\dotnet\sdk\10.0.201\Microsoft.Common.CurrentVersion.targets(2451,5): warning MSB3277:             InfragisticsWPF4.Controls.Menus.XamDataTree.v15.1, Version=15.1.20151.2055, Culture=neutral, PublicKeyToken=7dd5c3163f2cd0cb, processorArchitecture=MSIL [C:\Users\ultra\warewolf\Dev\Warewolf.Studio.Core\Warewolf.Studio.Core.csproj]
C:\Program Files\dotnet\sdk\10.0.201\Microsoft.Common.CurrentVersion.targets(2451,5): warning MSB3277:         C:\Users\ultra\warewolf\Dev\Binaries\Infragistcs_Net6\InfragisticsWPF4.DockManager.v15.1.dll [C:\Users\ultra\warewolf\Dev\Warewolf.Studio.Core\Warewolf.Studio.Core.csproj]
C:\Program Files\dotnet\sdk\10.0.201\Microsoft.Common.CurrentVersion.targets(2451,5): warning MSB3277:           Project file item includes which caused reference "C:\Users\ultra\warewolf\Dev\Binaries\Infragistcs_Net6\InfragisticsWPF4.DockManager.v15.1.dll". [C:\Users\ultra\warewolf\Dev\Warewolf.Studio.Core\Warewolf.Studio.Core.csproj]
C:\Program Files\dotnet\sdk\10.0.201\Microsoft.Common.CurrentVersion.targets(2451,5): warning MSB3277:             InfragisticsWPF4.DockManager.v15.1, Version=15.1.20151.2055, Culture=neutral, PublicKeyToken=7dd5c3163f2cd0cb, processorArchitecture=MSIL [C:\Users\ultra\warewolf\Dev\Warewolf.Studio.Core\Warewolf.Studio.Core.csproj]
C:\Program Files\dotnet\sdk\10.0.201\Microsoft.Common.CurrentVersion.targets(2451,5): warning MSB3277:         C:\Users\ultra\warewolf\Dev\Binaries\Infragistcs_Net6\InfragisticsWPF4.v15.1.dll [C:\Users\ultra\warewolf\Dev\Warewolf.Studio.Core\Warewolf.Studio.Core.csproj]
C:\Program Files\dotnet\sdk\10.0.201\Microsoft.Common.CurrentVersion.targets(2451,5): warning MSB3277:           Project file item includes which caused reference "C:\Users\ultra\warewolf\Dev\Binaries\Infragistcs_Net6\InfragisticsWPF4.v15.1.dll". [C:\Users\ultra\warewolf\Dev\Warewolf.Studio.Core\Warewolf.Studio.Core.csproj]
C:\Program Files\dotnet\sdk\10.0.201\Microsoft.Common.CurrentVersion.targets(2451,5): warning MSB3277:             InfragisticsWPF4.v15.1, Version=15.1.20151.2055, Culture=neutral, PublicKeyToken=7dd5c3163f2cd0cb, processorArchitecture=MSIL [C:\Users\ultra\warewolf\Dev\Warewolf.Studio.Core\Warewolf.Studio.Core.csproj]
C:\Program Files\dotnet\sdk\10.0.201\Microsoft.Common.CurrentVersion.targets(2451,5): warning MSB3277:             InfragisticsWPF4.Controls.Menus.XamDataTree.v15.1, Version=15.1.20151.2055, Culture=neutral, PublicKeyToken=7dd5c3163f2cd0cb, processorArchitecture=MSIL [C:\Users\ultra\warewolf\Dev\Warewolf.Studio.Core\Warewolf.Studio.Core.csproj]
C:\Program Files\dotnet\sdk\10.0.201\Microsoft.Common.CurrentVersion.targets(2451,5): warning MSB3277:             InfragisticsWPF4.DataManager.v15.1, Version=15.1.20151.2055, Culture=neutral, PublicKeyToken=7dd5c3163f2cd0cb, processorArchitecture=MSIL [C:\Users\ultra\warewolf\Dev\Warewolf.Studio.Core\Warewolf.Studio.Core.csproj]
C:\Program Files\dotnet\sdk\10.0.201\Microsoft.Common.CurrentVersion.targets(2451,5): warning MSB3277:             InfragisticsWPF4.DockManager.v15.1, Version=15.1.20151.2055, Culture=neutral, PublicKeyToken=7dd5c3163f2cd0cb, processorArchitecture=MSIL [C:\Users\ultra\warewolf\Dev\Warewolf.Studio.Core\Warewolf.Studio.Core.csproj]
C:\Program Files\dotnet\sdk\10.0.201\Microsoft.Common.CurrentVersion.targets(2451,5): warning MSB3277:         C:\Users\ultra\.nuget\packages\caliburn.micro\4.0.212\lib\netcoreapp3.1\Caliburn.Micro.Platform.dll [C:\Users\ultra\warewolf\Dev\Warewolf.Studio.Core\Warewolf.Studio.Core.csproj]
C:\Program Files\dotnet\sdk\10.0.201\Microsoft.Common.CurrentVersion.targets(2451,5): warning MSB3277:           Project file item includes which caused reference "C:\Users\ultra\.nuget\packages\caliburn.micro\4.0.212\lib\netcoreapp3.1\Caliburn.Micro.Platform.dll". [C:\Users\ultra\warewolf\Dev\Warewolf.Studio.Core\Warewolf.Studio.Core.csproj]
C:\Program Files\dotnet\sdk\10.0.201\Microsoft.Common.CurrentVersion.targets(2451,5): warning MSB3277:             C:\Users\ultra\.nuget\packages\caliburn.micro\4.0.212\lib\netcoreapp3.1\Caliburn.Micro.Platform.dll [C:\Users\ultra\warewolf\Dev\Warewolf.Studio.Core\Warewolf.Studio.Core.csproj]
C:\Program Files\dotnet\sdk\10.0.201\Microsoft.Common.CurrentVersion.targets(2451,5): warning MSB3277:         C:\Users\ultra\.nuget\packages\microsoft.xaml.behaviors.wpf\1.1.122\lib\net462\Microsoft.Xaml.Behaviors.dll [C:\Users\ultra\warewolf\Dev\Warewolf.Studio.Core\Warewolf.Studio.Core.csproj]
C:\Program Files\dotnet\sdk\10.0.201\Microsoft.Common.CurrentVersion.targets(2451,5): warning MSB3277:           Project file item includes which caused reference "C:\Users\ultra\.nuget\packages\microsoft.xaml.behaviors.wpf\1.1.122\lib\net462\Microsoft.Xaml.Behaviors.dll". [C:\Users\ultra\warewolf\Dev\Warewolf.Studio.Core\Warewolf.Studio.Core.csproj]
C:\Program Files\dotnet\sdk\10.0.201\Microsoft.Common.CurrentVersion.targets(2451,5): warning MSB3277:             C:\Users\ultra\.nuget\packages\microsoft.xaml.behaviors.wpf\1.1.122\lib\net462\Microsoft.Xaml.Behaviors.dll [C:\Users\ultra\warewolf\Dev\Warewolf.Studio.Core\Warewolf.Studio.Core.csproj]
C:\Program Files\dotnet\sdk\10.0.201\Microsoft.Common.CurrentVersion.targets(2451,5): warning MSB3277:             C:\Users\ultra\.nuget\packages\caliburn.micro\4.0.212\lib\netcoreapp3.1\Caliburn.Micro.Platform.dll [C:\Users\ultra\warewolf\Dev\Warewolf.Studio.Core\Warewolf.Studio.Core.csproj]
C:\Program Files\dotnet\sdk\10.0.201\Microsoft.Common.CurrentVersion.targets(2451,5): warning MSB3277:             C:\Users\ultra\.nuget\packages\prism.wpf\9.0.537\lib\net462\Prism.Wpf.dll [C:\Users\ultra\warewolf\Dev\Warewolf.Studio.Core\Warewolf.Studio.Core.csproj]
C:\Program Files\dotnet\sdk\10.0.201\Microsoft.Common.CurrentVersion.targets(2451,5): warning MSB3277:         C:\Users\ultra\.nuget\packages\prism.wpf\9.0.537\lib\net462\Prism.Wpf.dll [C:\Users\ultra\warewolf\Dev\Warewolf.Studio.Core\Warewolf.Studio.Core.csproj]
C:\Program Files\dotnet\sdk\10.0.201\Microsoft.Common.CurrentVersion.targets(2451,5): warning MSB3277:           Project file item includes which caused reference "C:\Users\ultra\.nuget\packages\prism.wpf\9.0.537\lib\net462\Prism.Wpf.dll". [C:\Users\ultra\warewolf\Dev\Warewolf.Studio.Core\Warewolf.Studio.Core.csproj]
C:\Program Files\dotnet\sdk\10.0.201\Microsoft.Common.CurrentVersion.targets(2451,5): warning MSB3277:             C:\Users\ultra\.nuget\packages\prism.wpf\9.0.537\lib\net462\Prism.Wpf.dll [C:\Users\ultra\warewolf\Dev\Warewolf.Studio.Core\Warewolf.Studio.Core.csproj]
C:\Program Files\dotnet\sdk\10.0.201\Microsoft.Common.CurrentVersion.targets(2451,5): warning MSB3277:         C:\Users\ultra\.nuget\packages\reactiveui.wpf\18.4.1\lib\net462\ReactiveUI.Wpf.dll [C:\Users\ultra\warewolf\Dev\Warewolf.Studio.Core\Warewolf.Studio.Core.csproj]
C:\Program Files\dotnet\sdk\10.0.201\Microsoft.Common.CurrentVersion.targets(2451,5): warning MSB3277:           Project file item includes which caused reference "C:\Users\ultra\.nuget\packages\reactiveui.wpf\18.4.1\lib\net462\ReactiveUI.Wpf.dll". [C:\Users\ultra\warewolf\Dev\Warewolf.Studio.Core\Warewolf.Studio.Core.csproj]
C:\Program Files\dotnet\sdk\10.0.201\Microsoft.Common.CurrentVersion.targets(2451,5): warning MSB3277:             C:\Users\ultra\.nuget\packages\reactiveui.wpf\18.4.1\lib\net462\ReactiveUI.Wpf.dll [C:\Users\ultra\warewolf\Dev\Warewolf.Studio.Core\Warewolf.Studio.Core.csproj]
C:\Program Files\dotnet\sdk\10.0.201\Microsoft.Common.CurrentVersion.targets(2451,5): warning MSB3277:         C:\Users\ultra\warewolf\Dev\Binaries\Infragistcs_Net6\InfragisticsWPF4.DragDrop.v15.1.dll [C:\Users\ultra\warewolf\Dev\Warewolf.Studio.Core\Warewolf.Studio.Core.csproj]
C:\Program Files\dotnet\sdk\10.0.201\Microsoft.Common.CurrentVersion.targets(2451,5): warning MSB3277:           Project file item includes which caused reference "C:\Users\ultra\warewolf\Dev\Binaries\Infragistcs_Net6\InfragisticsWPF4.DragDrop.v15.1.dll". [C:\Users\ultra\warewolf\Dev\Warewolf.Studio.Core\Warewolf.Studio.Core.csproj]
C:\Program Files\dotnet\sdk\10.0.201\Microsoft.Common.CurrentVersion.targets(2451,5): warning MSB3277:             InfragisticsWPF4.Controls.Menus.XamDataTree.v15.1, Version=15.1.20151.2055, Culture=neutral, PublicKeyToken=7dd5c3163f2cd0cb, processorArchitecture=MSIL [C:\Users\ultra\warewolf\Dev\Warewolf.Studio.Core\Warewolf.Studio.Core.csproj]
C:\Program Files\dotnet\sdk\10.0.201\Microsoft.Common.CurrentVersion.targets(2451,5): warning MSB3277: Found conflicts between different versions of "WindowsBase" that could not be resolved. [C:\Users\ultra\warewolf\Dev\Dev2.Activities\Dev2.Activities.csproj]
C:\Program Files\dotnet\sdk\10.0.201\Microsoft.Common.CurrentVersion.targets(2451,5): warning MSB3277: There was a conflict between "WindowsBase, Version=4.0.0.0, Culture=neutral, PublicKeyToken=31bf3856ad364e35" and "WindowsBase, Version=6.0.2.0, Culture=neutral, PublicKeyToken=31bf3856ad364e35". [C:\Users\ultra\warewolf\Dev\Dev2.Activities\Dev2.Activities.csproj]
C:\Program Files\dotnet\sdk\10.0.201\Microsoft.Common.CurrentVersion.targets(2451,5): warning MSB3277:     "WindowsBase, Version=4.0.0.0, Culture=neutral, PublicKeyToken=31bf3856ad364e35" was chosen because it was primary and "WindowsBase, Version=6.0.2.0, Culture=neutral, PublicKeyToken=31bf3856ad364e35" was not. [C:\Users\ultra\warewolf\Dev\Dev2.Activities\Dev2.Activities.csproj]
C:\Program Files\dotnet\sdk\10.0.201\Microsoft.Common.CurrentVersion.targets(2451,5): warning MSB3277:     References which depend on "WindowsBase, Version=4.0.0.0, Culture=neutral, PublicKeyToken=31bf3856ad364e35" [C:\Program Files\dotnet\packs\Microsoft.NETCore.App.Ref\8.0.25\ref\net8.0\WindowsBase.dll]. [C:\Users\ultra\warewolf\Dev\Dev2.Activities\Dev2.Activities.csproj]
C:\Program Files\dotnet\sdk\10.0.201\Microsoft.Common.CurrentVersion.targets(2451,5): warning MSB3277:         C:\Program Files\dotnet\packs\Microsoft.NETCore.App.Ref\8.0.25\ref\net8.0\WindowsBase.dll [C:\Users\ultra\warewolf\Dev\Dev2.Activities\Dev2.Activities.csproj]
C:\Program Files\dotnet\sdk\10.0.201\Microsoft.Common.CurrentVersion.targets(2451,5): warning MSB3277:           Project file item includes which caused reference "C:\Program Files\dotnet\packs\Microsoft.NETCore.App.Ref\8.0.25\ref\net8.0\WindowsBase.dll". [C:\Users\ultra\warewolf\Dev\Dev2.Activities\Dev2.Activities.csproj]
C:\Program Files\dotnet\sdk\10.0.201\Microsoft.Common.CurrentVersion.targets(2451,5): warning MSB3277:             C:\Program Files\dotnet\packs\Microsoft.NETCore.App.Ref\8.0.25\ref/net8.0/WindowsBase.dll [C:\Users\ultra\warewolf\Dev\Dev2.Activities\Dev2.Activities.csproj]
C:\Program Files\dotnet\sdk\10.0.201\Microsoft.Common.CurrentVersion.targets(2451,5): warning MSB3277:     References which depend on or have been unified to "WindowsBase, Version=6.0.2.0, Culture=neutral, PublicKeyToken=31bf3856ad364e35" []. [C:\Users\ultra\warewolf\Dev\Dev2.Activities\Dev2.Activities.csproj]
C:\Program Files\dotnet\sdk\10.0.201\Microsoft.Common.CurrentVersion.targets(2451,5): warning MSB3277:         C:\Users\ultra\.nuget\packages\caliburn.micro\4.0.212\lib\netcoreapp3.1\Caliburn.Micro.Platform.dll [C:\Users\ultra\warewolf\Dev\Dev2.Activities\Dev2.Activities.csproj]
C:\Program Files\dotnet\sdk\10.0.201\Microsoft.Common.CurrentVersion.targets(2451,5): warning MSB3277:           Project file item includes which caused reference "C:\Users\ultra\.nuget\packages\caliburn.micro\4.0.212\lib\netcoreapp3.1\Caliburn.Micro.Platform.dll". [C:\Users\ultra\warewolf\Dev\Dev2.Activities\Dev2.Activities.csproj]
C:\Program Files\dotnet\sdk\10.0.201\Microsoft.Common.CurrentVersion.targets(2451,5): warning MSB3277:             C:\Users\ultra\.nuget\packages\caliburn.micro\4.0.212\lib\netcoreapp3.1\Caliburn.Micro.Platform.dll [C:\Users\ultra\warewolf\Dev\Dev2.Activities\Dev2.Activities.csproj]
C:\Program Files\dotnet\sdk\10.0.201\Microsoft.Common.CurrentVersion.targets(2451,5): warning MSB3277:         C:\Users\ultra\.nuget\packages\ironpython\3.4.0\lib\net6.0\IronPython.Wpf.dll [C:\Users\ultra\warewolf\Dev\Dev2.Activities\Dev2.Activities.csproj]
C:\Program Files\dotnet\sdk\10.0.201\Microsoft.Common.CurrentVersion.targets(2451,5): warning MSB3277:           Project file item includes which caused reference "C:\Users\ultra\.nuget\packages\ironpython\3.4.0\lib\net6.0\IronPython.Wpf.dll". [C:\Users\ultra\warewolf\Dev\Dev2.Activities\Dev2.Activities.csproj]
C:\Program Files\dotnet\sdk\10.0.201\Microsoft.Common.CurrentVersion.targets(2451,5): warning MSB3277:             C:\Users\ultra\.nuget\packages\ironpython\3.4.0\lib\net6.0\IronPython.Wpf.dll [C:\Users\ultra\warewolf\Dev\Dev2.Activities\Dev2.Activities.csproj]
C:\Program Files\dotnet\sdk\10.0.201\Microsoft.Common.CurrentVersion.targets(2451,5): warning MSB3277:         C:\Users\ultra\.nuget\packages\microsoft.xaml.behaviors.wpf\1.1.19\lib\netcoreapp3.0\Microsoft.Xaml.Behaviors.dll [C:\Users\ultra\warewolf\Dev\Dev2.Activities\Dev2.Activities.csproj]
C:\Program Files\dotnet\sdk\10.0.201\Microsoft.Common.CurrentVersion.targets(2451,5): warning MSB3277:           Project file item includes which caused reference "C:\Users\ultra\.nuget\packages\microsoft.xaml.behaviors.wpf\1.1.19\lib\netcoreapp3.0\Microsoft.Xaml.Behaviors.dll". [C:\Users\ultra\warewolf\Dev\Dev2.Activities\Dev2.Activities.csproj]
C:\Program Files\dotnet\sdk\10.0.201\Microsoft.Common.CurrentVersion.targets(2451,5): warning MSB3277:             C:\Users\ultra\.nuget\packages\microsoft.xaml.behaviors.wpf\1.1.19\lib\netcoreapp3.0\Microsoft.Xaml.Behaviors.dll [C:\Users\ultra\warewolf\Dev\Dev2.Activities\Dev2.Activities.csproj]
C:\Program Files\dotnet\sdk\10.0.201\Microsoft.Common.CurrentVersion.targets(2451,5): warning MSB3277:             C:\Users\ultra\.nuget\packages\caliburn.micro\4.0.212\lib\netcoreapp3.1\Caliburn.Micro.Platform.dll [C:\Users\ultra\warewolf\Dev\Dev2.Activities\Dev2.Activities.csproj]
C:\Program Files\dotnet\sdk\10.0.201\Microsoft.Common.CurrentVersion.targets(2451,5): warning MSB3277:         C:\Users\ultra\.nuget\packages\reactiveui.wpf\18.4.1\lib\net462\ReactiveUI.Wpf.dll [C:\Users\ultra\warewolf\Dev\Dev2.Activities\Dev2.Activities.csproj]
C:\Program Files\dotnet\sdk\10.0.201\Microsoft.Common.CurrentVersion.targets(2451,5): warning MSB3277:           Project file item includes which caused reference "C:\Users\ultra\.nuget\packages\reactiveui.wpf\18.4.1\lib\net462\ReactiveUI.Wpf.dll". [C:\Users\ultra\warewolf\Dev\Dev2.Activities\Dev2.Activities.csproj]
C:\Program Files\dotnet\sdk\10.0.201\Microsoft.Common.CurrentVersion.targets(2451,5): warning MSB3277:             C:\Users\ultra\.nuget\packages\reactiveui.wpf\18.4.1\lib\net462\ReactiveUI.Wpf.dll [C:\Users\ultra\warewolf\Dev\Dev2.Activities\Dev2.Activities.csproj]
  Consider app.config remapping of assembly "System.Runtime.CompilerServices.Unsafe, Culture=neutral, PublicKeyToken=b03f5f7f11d50a3a" from Version "6.0.0.0" [] to Version "8.0.0.0" [C:\Program Files\dotnet\packs\Microsoft.NETCore.App.Ref\8.0.25\ref\net8.0\System.Runtime.CompilerServices.Unsafe.dll] to solve conflict and get rid of warning.
  Warewolf.Studio.Core -> C:\Users\ultra\warewolf\Dev\Warewolf.Studio.Core\bin\Debug\net8.0\Warewolf.Studio.Core.dll
C:\Users\ultra\warewolf\Dev\Dev2.Activities\WorkflowConverters\ActivityPropertiesReaderHelper.cs(54,45): warning CS8632: The annotation for nullable reference types should only be used in code within a '#nullable' annotations context. [C:\Users\ultra\warewolf\Dev\Dev2.Activities\Dev2.Activities.csproj]
C:\Users\ultra\warewolf\Dev\Dev2.Activities\WorkflowConverters\SwitchActivityDataHelper.cs(106,58): warning CS8632: The annotation for nullable reference types should only be used in code within a '#nullable' annotations context. [C:\Users\ultra\warewolf\Dev\Dev2.Activities\Dev2.Activities.csproj]
C:\Users\ultra\warewolf\Dev\Dev2.Activities\WorkflowConverters\SwitchActivityDataHelper.cs(225,65): warning CS8632: The annotation for nullable reference types should only be used in code within a '#nullable' annotations context. [C:\Users\ultra\warewolf\Dev\Dev2.Activities\Dev2.Activities.csproj]
C:\Users\ultra\warewolf\Dev\Dev2.Activities\WorkflowConverters\SwitchActivityDataHelper.cs(225,25): warning CS8632: The annotation for nullable reference types should only be used in code within a '#nullable' annotations context. [C:\Users\ultra\warewolf\Dev\Dev2.Activities\Dev2.Activities.csproj]
C:\Users\ultra\warewolf\Dev\Dev2.Activities\WorkflowConverters\SwitchActivityDataHelper.cs(342,61): warning CS8632: The annotation for nullable reference types should only be used in code within a '#nullable' annotations context. [C:\Users\ultra\warewolf\Dev\Dev2.Activities\Dev2.Activities.csproj]
C:\Users\ultra\warewolf\Dev\Dev2.Activities\WorkflowConverters\SwitchActivityDataHelper.cs(342,30): warning CS8632: The annotation for nullable reference types should only be used in code within a '#nullable' annotations context. [C:\Users\ultra\warewolf\Dev\Dev2.Activities\Dev2.Activities.csproj]
C:\Users\ultra\warewolf\Dev\Dev2.Activities\WorkflowConverters\SwitchActivityDataHelper.cs(32,25): warning CS8632: The annotation for nullable reference types should only be used in code within a '#nullable' annotations context. [C:\Users\ultra\warewolf\Dev\Dev2.Activities\Dev2.Activities.csproj]
C:\Users\ultra\warewolf\Dev\Dev2.Activities\WorkflowConverters\SwitchActivityDataHelper.cs(33,25): warning CS8632: The annotation for nullable reference types should only be used in code within a '#nullable' annotations context. [C:\Users\ultra\warewolf\Dev\Dev2.Activities\Dev2.Activities.csproj]
C:\Users\ultra\warewolf\Dev\Dev2.Activities\WorkflowConverters\SwitchActivityDataHelper.cs(34,25): warning CS8632: The annotation for nullable reference types should only be used in code within a '#nullable' annotations context. [C:\Users\ultra\warewolf\Dev\Dev2.Activities\Dev2.Activities.csproj]
C:\Users\ultra\warewolf\Dev\Dev2.Activities\WorkflowConverters\SwitchActivityDataHelper.cs(35,25): warning CS8632: The annotation for nullable reference types should only be used in code within a '#nullable' annotations context. [C:\Users\ultra\warewolf\Dev\Dev2.Activities\Dev2.Activities.csproj]
C:\Users\ultra\warewolf\Dev\Dev2.Activities\WorkflowConverters\SwitchActivityDataHelper.cs(36,25): warning CS8632: The annotation for nullable reference types should only be used in code within a '#nullable' annotations context. [C:\Users\ultra\warewolf\Dev\Dev2.Activities\Dev2.Activities.csproj]
C:\Users\ultra\warewolf\Dev\Dev2.Activities\WorkflowConverters\SwitchActivityDataHelper.cs(37,25): warning CS8632: The annotation for nullable reference types should only be used in code within a '#nullable' annotations context. [C:\Users\ultra\warewolf\Dev\Dev2.Activities\Dev2.Activities.csproj]
C:\Users\ultra\warewolf\Dev\Dev2.Activities\WorkflowConverters\SwitchActivityDataHelper.cs(108,19): warning CS8632: The annotation for nullable reference types should only be used in code within a '#nullable' annotations context. [C:\Users\ultra\warewolf\Dev\Dev2.Activities\Dev2.Activities.csproj]
C:\Users\ultra\warewolf\Dev\Dev2.Activities\WorkflowConverters\ActivityPropertiesReaderHelper.cs(60,59): warning CS8632: The annotation for nullable reference types should only be used in code within a '#nullable' annotations context. [C:\Users\ultra\warewolf\Dev\Dev2.Activities\Dev2.Activities.csproj]
C:\Users\ultra\warewolf\Dev\Dev2.Activities\WorkflowConverters\X6ToWorkflowConverter.cs(375,13): warning CC0003: Consider adding an Exception to the catch. (https://code-cracker.github.io/diagnostics/CC0003.html) [C:\Users\ultra\warewolf\Dev\Dev2.Activities\Dev2.Activities.csproj]
C:\Users\ultra\warewolf\Dev\Dev2.Activities\WorkflowConverters\X6ToWorkflowConverter.cs(833,17): warning CC0120: Consider put an default clause in Switch. (https://code-cracker.github.io/diagnostics/CC0120.html) [C:\Users\ultra\warewolf\Dev\Dev2.Activities\Dev2.Activities.csproj]
C:\Users\ultra\warewolf\Dev\Dev2.Activities\WorkflowConverters\X6ToWorkflowConverter.cs(958,13): warning CC0004: Empty Catch Block. (https://code-cracker.github.io/diagnostics/CC0004.html) [C:\Users\ultra\warewolf\Dev\Dev2.Activities\Dev2.Activities.csproj]
C:\Users\ultra\warewolf\Dev\Dev2.Activities\Activities\GateActivity.cs(733,24): warning CC0022: WarewolfListIterator should be disposed. (https://code-cracker.github.io/diagnostics/CC0022.html) [C:\Users\ultra\warewolf\Dev\Dev2.Activities\Dev2.Activities.csproj]
C:\Users\ultra\warewolf\Dev\Dev2.Activities\Activities\GateActivity.cs(639,21): warning CC0003: Consider adding an Exception to the catch. (https://code-cracker.github.io/diagnostics/CC0003.html) [C:\Users\ultra\warewolf\Dev\Dev2.Activities\Dev2.Activities.csproj]
C:\Users\ultra\warewolf\Dev\Dev2.Activities\Activities\GateActivity.cs(656,21): warning CC0003: Consider adding an Exception to the catch. (https://code-cracker.github.io/diagnostics/CC0003.html) [C:\Users\ultra\warewolf\Dev\Dev2.Activities\Dev2.Activities.csproj]
C:\Users\ultra\warewolf\Dev\Dev2.Activities\Activities\PathOperations\FileWriteActivity.cs(54,26): warning CC0022: WarewolfListIterator should be disposed. (https://code-cracker.github.io/diagnostics/CC0022.html) [C:\Users\ultra\warewolf\Dev\Dev2.Activities\Dev2.Activities.csproj]
C:\Users\ultra\warewolf\Dev\Dev2.Activities\WorkflowConverters\WorkflowToX6Converter.cs(567,13): warning CC0105: Use 'var' instead of specifying the type name. (https://code-cracker.github.io/diagnostics/CC0105.html) [C:\Users\ultra\warewolf\Dev\Dev2.Activities\Dev2.Activities.csproj]
C:\Users\ultra\warewolf\Dev\Dev2.Activities\WorkflowConverters\WorkflowToX6Converter.cs(998,13): warning CC0004: Empty Catch Block. (https://code-cracker.github.io/diagnostics/CC0004.html) [C:\Users\ultra\warewolf\Dev\Dev2.Activities\Dev2.Activities.csproj]
C:\Users\ultra\warewolf\Dev\Dev2.Activities\WorkflowConverters\WorkflowToX6Converter.cs(1376,17): warning CC0004: Empty Catch Block. (https://code-cracker.github.io/diagnostics/CC0004.html) [C:\Users\ultra\warewolf\Dev\Dev2.Activities\Dev2.Activities.csproj]
C:\Users\ultra\warewolf\Dev\Dev2.Activities\WorkflowConverters\WorkflowToX6Converter.cs(1365,13): warning CC0006: You can use foreach instead of for. (https://code-cracker.github.io/diagnostics/CC0006.html) [C:\Users\ultra\warewolf\Dev\Dev2.Activities\Dev2.Activities.csproj]
C:\Users\ultra\warewolf\Dev\Dev2.Activities\Activities\WebPostActivity.cs(238,28): warning CC0022: WarewolfListIterator should be disposed. (https://code-cracker.github.io/diagnostics/CC0022.html) [C:\Users\ultra\warewolf\Dev\Dev2.Activities\Dev2.Activities.csproj]
C:\Users\ultra\warewolf\Dev\Dev2.Activities\Activities\WebPostActivityNew.cs(281,28): warning CC0022: WarewolfListIterator should be disposed. (https://code-cracker.github.io/diagnostics/CC0022.html) [C:\Users\ultra\warewolf\Dev\Dev2.Activities\Dev2.Activities.csproj]
C:\Users\ultra\warewolf\Dev\Dev2.Activities\Activities\DsfWebActivityBase.cs(136,96): warning CC0022: StringContent should be disposed. (https://code-cracker.github.io/diagnostics/CC0022.html) [C:\Users\ultra\warewolf\Dev\Dev2.Activities\Dev2.Activities.csproj]
C:\Users\ultra\warewolf\Dev\Dev2.Activities\Activities\DsfWebActivityBase.cs(158,42): warning CC0022: StreamReader should be disposed. (https://code-cracker.github.io/diagnostics/CC0022.html) [C:\Users\ultra\warewolf\Dev\Dev2.Activities\Dev2.Activities.csproj]
C:\Users\ultra\warewolf\Dev\Dev2.Activities\Activities\DsfWebActivityBase.cs(175,35): warning CC0022: ByteArrayContent should be disposed. (https://code-cracker.github.io/diagnostics/CC0022.html) [C:\Users\ultra\warewolf\Dev\Dev2.Activities\Dev2.Activities.csproj]
C:\Users\ultra\warewolf\Dev\Dev2.Activities\Activities\DsfWebActivityBase.cs(184,31): warning CC0022: StringContent should be disposed. (https://code-cracker.github.io/diagnostics/CC0022.html) [C:\Users\ultra\warewolf\Dev\Dev2.Activities\Dev2.Activities.csproj]
C:\Users\ultra\warewolf\Dev\Dev2.Activities\Activities\GetSystemInformationHelper.cs(95,36): warning CA1416: This call site is reachable on all platforms. 'ManagementBaseObject.GetPropertyValue(string)' is only supported on: 'windows'. (https://learn.microsoft.com/dotnet/fundamentals/code-analysis/quality-rules/ca1416) [C:\Users\ultra\warewolf\Dev\Dev2.Activities\Dev2.Activities.csproj]
C:\Users\ultra\warewolf\Dev\Dev2.Activities\Activities\GetSystemInformationHelper.cs(370,92): warning CA1416: This call site is reachable on all platforms. 'WindowsIdentity.GetCurrent()' is only supported on: 'windows'. (https://learn.microsoft.com/dotnet/fundamentals/code-analysis/quality-rules/ca1416) [C:\Users\ultra\warewolf\Dev\Dev2.Activities\Dev2.Activities.csproj]
C:\Users\ultra\warewolf\Dev\Dev2.Activities\Activities\GetSystemInformationHelper.cs(374,37): warning CA1416: This call site is reachable on all platforms. 'WindowsIdentity.Groups' is only supported on: 'windows'. (https://learn.microsoft.com/dotnet/fundamentals/code-analysis/quality-rules/ca1416) [C:\Users\ultra\warewolf\Dev\Dev2.Activities\Dev2.Activities.csproj]
C:\Users\ultra\warewolf\Dev\Dev2.Activities\Activities\GetSystemInformationHelper.cs(372,17): warning CA1416: This call site is reachable on all platforms. 'WindowsIdentity.Groups' is only supported on: 'windows'. (https://learn.microsoft.com/dotnet/fundamentals/code-analysis/quality-rules/ca1416) [C:\Users\ultra\warewolf\Dev\Dev2.Activities\Dev2.Activities.csproj]
C:\Users\ultra\warewolf\Dev\Dev2.Activities\Activities\GetSystemInformationHelper.cs(327,28): warning CA1416: This call site is reachable on all platforms. 'ManagementObjectSearcher' is only supported on: 'windows'. (https://learn.microsoft.com/dotnet/fundamentals/code-analysis/quality-rules/ca1416) [C:\Users\ultra\warewolf\Dev\Dev2.Activities\Dev2.Activities.csproj]
C:\Users\ultra\warewolf\Dev\Dev2.Activities\Activities\GetSystemInformationHelper.cs(326,28): warning CA1416: This call site is reachable on all platforms. 'ObjectQuery' is only supported on: 'windows'. (https://learn.microsoft.com/dotnet/fundamentals/code-analysis/quality-rules/ca1416) [C:\Users\ultra\warewolf\Dev\Dev2.Activities\Dev2.Activities.csproj]
C:\Users\ultra\warewolf\Dev\Dev2.Activities\Activities\GetSystemInformationHelper.cs(332,60): warning CA1416: This call site is reachable on all platforms. 'ManagementBaseObject.this[string]' is only supported on: 'windows'. (https://learn.microsoft.com/dotnet/fundamentals/code-analysis/quality-rules/ca1416) [C:\Users\ultra\warewolf\Dev\Dev2.Activities\Dev2.Activities.csproj]
C:\Users\ultra\warewolf\Dev\Dev2.Activities\Activities\GetSystemInformationHelper.cs(329,31): warning CA1416: This call site is reachable on all platforms. 'ManagementObjectSearcher.Get()' is only supported on: 'windows'. (https://learn.microsoft.com/dotnet/fundamentals/code-analysis/quality-rules/ca1416) [C:\Users\ultra\warewolf\Dev\Dev2.Activities\Dev2.Activities.csproj]
C:\Users\ultra\warewolf\Dev\Dev2.Activities\Activities\GetSystemInformationHelper.cs(341,28): warning CA1416: This call site is reachable on all platforms. 'ManagementObjectSearcher' is only supported on: 'windows'. (https://learn.microsoft.com/dotnet/fundamentals/code-analysis/quality-rules/ca1416) [C:\Users\ultra\warewolf\Dev\Dev2.Activities\Dev2.Activities.csproj]
C:\Users\ultra\warewolf\Dev\Dev2.Activities\Activities\GetSystemInformationHelper.cs(340,28): warning CA1416: This call site is reachable on all platforms. 'ObjectQuery' is only supported on: 'windows'. (https://learn.microsoft.com/dotnet/fundamentals/code-analysis/quality-rules/ca1416) [C:\Users\ultra\warewolf\Dev\Dev2.Activities\Dev2.Activities.csproj]
C:\Users\ultra\warewolf\Dev\Dev2.Activities\Activities\GetSystemInformationHelper.cs(346,58): warning CA1416: This call site is reachable on all platforms. 'ManagementBaseObject.this[string]' is only supported on: 'windows'. (https://learn.microsoft.com/dotnet/fundamentals/code-analysis/quality-rules/ca1416) [C:\Users\ultra\warewolf\Dev\Dev2.Activities\Dev2.Activities.csproj]
C:\Users\ultra\warewolf\Dev\Dev2.Activities\Activities\GetSystemInformationHelper.cs(342,31): warning CA1416: This call site is reachable on all platforms. 'ManagementObjectSearcher.Get()' is only supported on: 'windows'. (https://learn.microsoft.com/dotnet/fundamentals/code-analysis/quality-rules/ca1416) [C:\Users\ultra\warewolf\Dev\Dev2.Activities\Dev2.Activities.csproj]
C:\Users\ultra\warewolf\Dev\Dev2.Activities\Activities\GetSystemInformationHelper.cs(345,53): warning CA1416: This call site is reachable on all platforms. 'ManagementBaseObject.this[string]' is only supported on: 'windows'. (https://learn.microsoft.com/dotnet/fundamentals/code-analysis/quality-rules/ca1416) [C:\Users\ultra\warewolf\Dev\Dev2.Activities\Dev2.Activities.csproj]
C:\Users\ultra\warewolf\Dev\Dev2.Activities\Activities\GetSystemInformationHelper.cs(394,35): warning CA1416: This call site is reachable on all platforms. 'ManagementObjectSearcher.Get()' is only supported on: 'windows'. (https://learn.microsoft.com/dotnet/fundamentals/code-analysis/quality-rules/ca1416) [C:\Users\ultra\warewolf\Dev\Dev2.Activities\Dev2.Activities.csproj]
C:\Users\ultra\warewolf\Dev\Dev2.Activities\Activities\GetSystemInformationHelper.cs(397,49): warning CA1416: This call site is reachable on all platforms. 'ManagementBaseObject.this[string]' is only supported on: 'windows'. (https://learn.microsoft.com/dotnet/fundamentals/code-analysis/quality-rules/ca1416) [C:\Users\ultra\warewolf\Dev\Dev2.Activities\Dev2.Activities.csproj]
C:\Users\ultra\warewolf\Dev\Dev2.Activities\Activities\GetSystemInformationHelper.cs(392,32): warning CA1416: This call site is reachable on all platforms. 'ObjectQuery' is only supported on: 'windows'. (https://learn.microsoft.com/dotnet/fundamentals/code-analysis/quality-rules/ca1416) [C:\Users\ultra\warewolf\Dev\Dev2.Activities\Dev2.Activities.csproj]
C:\Users\ultra\warewolf\Dev\Dev2.Activities\Activities\GetSystemInformationHelper.cs(386,39): warning CA1416: This call site is reachable on all platforms. 'IdentityReference.Translate(Type)' is only supported on: 'windows'. (https://learn.microsoft.com/dotnet/fundamentals/code-analysis/quality-rules/ca1416) [C:\Users\ultra\warewolf\Dev\Dev2.Activities\Dev2.Activities.csproj]
C:\Users\ultra\warewolf\Dev\Dev2.Activities\Activities\GetSystemInformationHelper.cs(392,90): warning CA1416: This call site is reachable on all platforms. 'IdentityReference.Value' is only supported on: 'windows'. (https://learn.microsoft.com/dotnet/fundamentals/code-analysis/quality-rules/ca1416) [C:\Users\ultra\warewolf\Dev\Dev2.Activities\Dev2.Activities.csproj]
C:\Users\ultra\warewolf\Dev\Dev2.Activities\Activities\GetSystemInformationHelper.cs(393,32): warning CA1416: This call site is reachable on all platforms. 'ManagementObjectSearcher' is only supported on: 'windows'. (https://learn.microsoft.com/dotnet/fundamentals/code-analysis/quality-rules/ca1416) [C:\Users\ultra\warewolf\Dev\Dev2.Activities\Dev2.Activities.csproj]
C:\Users\ultra\warewolf\Dev\Dev2.Activities\Activities\GetSystemInformationHelper.cs(387,28): warning CA1416: This call site is reachable on all platforms. 'IdentityReference.Value' is only supported on: 'windows'. (https://learn.microsoft.com/dotnet/fundamentals/code-analysis/quality-rules/ca1416) [C:\Users\ultra\warewolf\Dev\Dev2.Activities\Dev2.Activities.csproj]
C:\Users\ultra\warewolf\Dev\Dev2.Activities\Activities\GetSystemInformationHelper.cs(431,57): warning CA1416: This call site is reachable on all platforms. 'ManagementBaseObject.this[string]' is only supported on: 'windows'. (https://learn.microsoft.com/dotnet/fundamentals/code-analysis/quality-rules/ca1416) [C:\Users\ultra\warewolf\Dev\Dev2.Activities\Dev2.Activities.csproj]
C:\Users\ultra\warewolf\Dev\Dev2.Activities\Activities\GetSystemInformationHelper.cs(428,35): warning CA1416: This call site is reachable on all platforms. 'ManagementObjectSearcher.Get()' is only supported on: 'windows'. (https://learn.microsoft.com/dotnet/fundamentals/code-analysis/quality-rules/ca1416) [C:\Users\ultra\warewolf\Dev\Dev2.Activities\Dev2.Activities.csproj]
C:\Users\ultra\warewolf\Dev\Dev2.Activities\Activities\GetSystemInformationHelper.cs(426,32): warning CA1416: This call site is reachable on all platforms. 'ObjectQuery' is only supported on: 'windows'. (https://learn.microsoft.com/dotnet/fundamentals/code-analysis/quality-rules/ca1416) [C:\Users\ultra\warewolf\Dev\Dev2.Activities\Dev2.Activities.csproj]
C:\Users\ultra\warewolf\Dev\Dev2.Activities\Activities\GetSystemInformationHelper.cs(427,32): warning CA1416: This call site is reachable on all platforms. 'ManagementObjectSearcher' is only supported on: 'windows'. (https://learn.microsoft.com/dotnet/fundamentals/code-analysis/quality-rules/ca1416) [C:\Users\ultra\warewolf\Dev\Dev2.Activities\Dev2.Activities.csproj]
  Dev2.Activities -> C:\Users\ultra\warewolf\Dev\Dev2.Activities\bin\Debug\net8.0\Dev2.Activities.dll
C:\Users\ultra\warewolf\Dev\Dev2.Studio.Core\Activities\Services\DesignerManagementService.cs(75,13): warning CS0618: 'EventAggregatorExtensions.Subscribe(IEventAggregator, object)' is obsolete: 'Use SubscribeOnPublishedThread' [C:\Users\ultra\warewolf\Dev\Dev2.Studio.Core\Dev2.Studio.Core.csproj]
C:\Users\ultra\warewolf\Dev\Dev2.Studio.Core\AppResources\Converters\NullableBoolToBoolConverter.cs(31,45): warning CC0057: Parameter 'targetType' is not used. (https://code-cracker.github.io/diagnostics/CC0057.html) [C:\Users\ultra\warewolf\Dev\Dev2.Studio.Core\Dev2.Studio.Core.csproj]
C:\Users\ultra\warewolf\Dev\Dev2.Studio.Core\AppResources\Converters\NullableBoolToBoolConverter.cs(31,62): warning CC0057: Parameter 'parameter' is not used. (https://code-cracker.github.io/diagnostics/CC0057.html) [C:\Users\ultra\warewolf\Dev\Dev2.Studio.Core\Dev2.Studio.Core.csproj]
C:\Users\ultra\warewolf\Dev\Dev2.Studio.Core\AppResources\Converters\NullableBoolToBoolConverter.cs(31,80): warning CC0057: Parameter 'culture' is not used. (https://code-cracker.github.io/diagnostics/CC0057.html) [C:\Users\ultra\warewolf\Dev\Dev2.Studio.Core\Dev2.Studio.Core.csproj]
C:\Users\ultra\warewolf\Dev\Dev2.Studio.Core\AppResources\Converters\NullableBoolToBoolConverter.cs(41,23): warning CC0057: Parameter 'value' is not used. (https://code-cracker.github.io/diagnostics/CC0057.html) [C:\Users\ultra\warewolf\Dev\Dev2.Studio.Core\Dev2.Studio.Core.csproj]
C:\Users\ultra\warewolf\Dev\Dev2.Studio.Core\AppResources\Converters\NullableBoolToBoolConverter.cs(41,37): warning CC0057: Parameter 'targetType' is not used. (https://code-cracker.github.io/diagnostics/CC0057.html) [C:\Users\ultra\warewolf\Dev\Dev2.Studio.Core\Dev2.Studio.Core.csproj]
C:\Users\ultra\warewolf\Dev\Dev2.Studio.Core\AppResources\Converters\NullableBoolToBoolConverter.cs(41,54): warning CC0057: Parameter 'parameter' is not used. (https://code-cracker.github.io/diagnostics/CC0057.html) [C:\Users\ultra\warewolf\Dev\Dev2.Studio.Core\Dev2.Studio.Core.csproj]
C:\Users\ultra\warewolf\Dev\Dev2.Studio.Core\AppResources\Converters\NullableBoolToBoolConverter.cs(41,72): warning CC0057: Parameter 'culture' is not used. (https://code-cracker.github.io/diagnostics/CC0057.html) [C:\Users\ultra\warewolf\Dev\Dev2.Studio.Core\Dev2.Studio.Core.csproj]
C:\Users\ultra\warewolf\Dev\Dev2.Studio.Core\AppResources\Converters\ModelItemToActivityConverter.cs(31,42): warning CC0057: Parameter 'targetType' is not used. (https://code-cracker.github.io/diagnostics/CC0057.html) [C:\Users\ultra\warewolf\Dev\Dev2.Studio.Core\Dev2.Studio.Core.csproj]
C:\Users\ultra\warewolf\Dev\Dev2.Studio.Core\AppResources\Converters\ModelItemToActivityConverter.cs(31,59): warning CC0057: Parameter 'parameter' is not used. (https://code-cracker.github.io/diagnostics/CC0057.html) [C:\Users\ultra\warewolf\Dev\Dev2.Studio.Core\Dev2.Studio.Core.csproj]
C:\Users\ultra\warewolf\Dev\Dev2.Studio.Core\AppResources\Converters\ModelItemToActivityConverter.cs(31,77): warning CC0057: Parameter 'culture' is not used. (https://code-cracker.github.io/diagnostics/CC0057.html) [C:\Users\ultra\warewolf\Dev\Dev2.Studio.Core\Dev2.Studio.Core.csproj]
C:\Users\ultra\warewolf\Dev\Dev2.Studio.Core\Diagnostics\DebugStateTreeViewItemViewModel.cs(119,13): warning CC0105: Use 'var' instead of specifying the type name. (https://code-cracker.github.io/diagnostics/CC0105.html) [C:\Users\ultra\warewolf\Dev\Dev2.Studio.Core\Dev2.Studio.Core.csproj]
C:\Users\ultra\warewolf\Dev\Dev2.Studio.Core\AppResources\Converters\ModelItemToActivityConverter.cs(45,46): warning CC0057: Parameter 'targetType' is not used. (https://code-cracker.github.io/diagnostics/CC0057.html) [C:\Users\ultra\warewolf\Dev\Dev2.Studio.Core\Dev2.Studio.Core.csproj]
C:\Users\ultra\warewolf\Dev\Dev2.Studio.Core\AppResources\Converters\ModelItemToActivityConverter.cs(45,81): warning CC0057: Parameter 'culture' is not used. (https://code-cracker.github.io/diagnostics/CC0057.html) [C:\Users\ultra\warewolf\Dev\Dev2.Studio.Core\Dev2.Studio.Core.csproj]
C:\Users\ultra\warewolf\Dev\Dev2.Studio.Core\DataList\Dev2TrieSuggestionProvider.cs(180,13): warning CC0004: Empty Catch Block. (https://code-cracker.github.io/diagnostics/CC0004.html) [C:\Users\ultra\warewolf\Dev\Dev2.Studio.Core\Dev2.Studio.Core.csproj]
  Dev2.Studio.Core -> C:\Users\ultra\warewolf\Dev\Dev2.Studio.Core\bin\Debug\net8.0\Dev2.Studio.Core.dll
C:\Program Files\dotnet\sdk\10.0.201\Microsoft.Common.CurrentVersion.targets(2451,5): warning MSB3277: Found conflicts between different versions of "Microsoft.Win32.SystemEvents" that could not be resolved. [C:\Users\ultra\warewolf\Dev\Dev2.Intellisense\Dev2.Intellisense.csproj]
C:\Program Files\dotnet\sdk\10.0.201\Microsoft.Common.CurrentVersion.targets(2451,5): warning MSB3277: There was a conflict between "Microsoft.Win32.SystemEvents, Version=6.0.0.0, Culture=neutral, PublicKeyToken=cc7b13ffcd2ddd51" and "Microsoft.Win32.SystemEvents, Version=7.0.0.0, Culture=neutral, PublicKeyToken=cc7b13ffcd2ddd51". [C:\Users\ultra\warewolf\Dev\Dev2.Intellisense\Dev2.Intellisense.csproj]
C:\Program Files\dotnet\sdk\10.0.201\Microsoft.Common.CurrentVersion.targets(2451,5): warning MSB3277:     "Microsoft.Win32.SystemEvents, Version=6.0.0.0, Culture=neutral, PublicKeyToken=cc7b13ffcd2ddd51" was chosen because it was primary and "Microsoft.Win32.SystemEvents, Version=7.0.0.0, Culture=neutral, PublicKeyToken=cc7b13ffcd2ddd51" was not. [C:\Users\ultra\warewolf\Dev\Dev2.Intellisense\Dev2.Intellisense.csproj]
C:\Program Files\dotnet\sdk\10.0.201\Microsoft.Common.CurrentVersion.targets(2451,5): warning MSB3277:     References which depend on "Microsoft.Win32.SystemEvents, Version=6.0.0.0, Culture=neutral, PublicKeyToken=cc7b13ffcd2ddd51" [C:\Users\ultra\.nuget\packages\microsoft.win32.systemevents\6.0.0\lib\net6.0\Microsoft.Win32.SystemEvents.dll]. [C:\Users\ultra\warewolf\Dev\Dev2.Intellisense\Dev2.Intellisense.csproj]
C:\Program Files\dotnet\sdk\10.0.201\Microsoft.Common.CurrentVersion.targets(2451,5): warning MSB3277:         C:\Users\ultra\.nuget\packages\microsoft.win32.systemevents\6.0.0\lib\net6.0\Microsoft.Win32.SystemEvents.dll [C:\Users\ultra\warewolf\Dev\Dev2.Intellisense\Dev2.Intellisense.csproj]
C:\Program Files\dotnet\sdk\10.0.201\Microsoft.Common.CurrentVersion.targets(2451,5): warning MSB3277:           Project file item includes which caused reference "C:\Users\ultra\.nuget\packages\microsoft.win32.systemevents\6.0.0\lib\net6.0\Microsoft.Win32.SystemEvents.dll". [C:\Users\ultra\warewolf\Dev\Dev2.Intellisense\Dev2.Intellisense.csproj]
C:\Program Files\dotnet\sdk\10.0.201\Microsoft.Common.CurrentVersion.targets(2451,5): warning MSB3277:             C:\Users\ultra\.nuget\packages\microsoft.win32.systemevents\6.0.0\lib\net6.0\Microsoft.Win32.SystemEvents.dll [C:\Users\ultra\warewolf\Dev\Dev2.Intellisense\Dev2.Intellisense.csproj]
C:\Program Files\dotnet\sdk\10.0.201\Microsoft.Common.CurrentVersion.targets(2451,5): warning MSB3277:     References which depend on or have been unified to "Microsoft.Win32.SystemEvents, Version=7.0.0.0, Culture=neutral, PublicKeyToken=cc7b13ffcd2ddd51" []. [C:\Users\ultra\warewolf\Dev\Dev2.Intellisense\Dev2.Intellisense.csproj]
C:\Program Files\dotnet\sdk\10.0.201\Microsoft.Common.CurrentVersion.targets(2451,5): warning MSB3277:         C:\Users\ultra\warewolf\Dev\Dev2.Common\bin\Debug\net8.0\Dev2.Common.dll [C:\Users\ultra\warewolf\Dev\Dev2.Intellisense\Dev2.Intellisense.csproj]
C:\Program Files\dotnet\sdk\10.0.201\Microsoft.Common.CurrentVersion.targets(2451,5): warning MSB3277:           Project file item includes which caused reference "C:\Users\ultra\warewolf\Dev\Dev2.Common\bin\Debug\net8.0\Dev2.Common.dll". [C:\Users\ultra\warewolf\Dev\Dev2.Intellisense\Dev2.Intellisense.csproj]
C:\Program Files\dotnet\sdk\10.0.201\Microsoft.Common.CurrentVersion.targets(2451,5): warning MSB3277:             C:\Users\ultra\warewolf\Dev\Dev2.Common\bin\Debug\net8.0\Dev2.Common.dll [C:\Users\ultra\warewolf\Dev\Dev2.Intellisense\Dev2.Intellisense.csproj]
C:\Program Files\dotnet\sdk\10.0.201\Microsoft.Common.CurrentVersion.targets(2451,5): warning MSB3277:             C:\Users\ultra\warewolf\Dev\Dev2.Activities\bin\Debug\net8.0\Dev2.Activities.dll [C:\Users\ultra\warewolf\Dev\Dev2.Intellisense\Dev2.Intellisense.csproj]
C:\Program Files\dotnet\sdk\10.0.201\Microsoft.Common.CurrentVersion.targets(2451,5): warning MSB3277:             C:\Users\ultra\warewolf\Dev\Dev2.Core\bin\Debug\net8.0\Dev2.Core.dll [C:\Users\ultra\warewolf\Dev\Dev2.Intellisense\Dev2.Intellisense.csproj]
C:\Program Files\dotnet\sdk\10.0.201\Microsoft.Common.CurrentVersion.targets(2451,5): warning MSB3277:             C:\Users\ultra\warewolf\Dev\Dev2.Data\bin\Debug\net8.0\Dev2.Data.dll [C:\Users\ultra\warewolf\Dev\Dev2.Intellisense\Dev2.Intellisense.csproj]
C:\Program Files\dotnet\sdk\10.0.201\Microsoft.Common.CurrentVersion.targets(2451,5): warning MSB3277:             C:\Users\ultra\warewolf\Dev\Dev2.Infrastructure\bin\Debug\net8.0\Dev2.Infrastructure.dll [C:\Users\ultra\warewolf\Dev\Dev2.Intellisense\Dev2.Intellisense.csproj]
C:\Program Files\dotnet\sdk\10.0.201\Microsoft.Common.CurrentVersion.targets(2451,5): warning MSB3277:             C:\Users\ultra\warewolf\Dev\Dev2.Studio.Core\bin\Debug\net8.0\Dev2.Studio.Core.dll [C:\Users\ultra\warewolf\Dev\Dev2.Intellisense\Dev2.Intellisense.csproj]
C:\Program Files\dotnet\sdk\10.0.201\Microsoft.Common.CurrentVersion.targets(2451,5): warning MSB3277:             C:\Users\ultra\warewolf\Dev\Dev2.Studio.Interfaces\bin\Debug\net8.0\Dev2.Studio.Interfaces.dll [C:\Users\ultra\warewolf\Dev\Dev2.Intellisense\Dev2.Intellisense.csproj]
C:\Program Files\dotnet\sdk\10.0.201\Microsoft.Common.CurrentVersion.targets(2451,5): warning MSB3277:             C:\Users\ultra\warewolf\Dev\Warewolf.Studio.Core\bin\Debug\net8.0\Warewolf.Studio.Core.dll [C:\Users\ultra\warewolf\Dev\Dev2.Intellisense\Dev2.Intellisense.csproj]
C:\Program Files\dotnet\sdk\10.0.201\Microsoft.Common.CurrentVersion.targets(2451,5): warning MSB3277:             C:\Users\ultra\warewolf\Dev\Dev2.Development.Languages\bin\Debug\net8.0\Dev2.Development.Languages.dll [C:\Users\ultra\warewolf\Dev\Dev2.Intellisense\Dev2.Intellisense.csproj]
C:\Program Files\dotnet\sdk\10.0.201\Microsoft.Common.CurrentVersion.targets(2451,5): warning MSB3277:             C:\Users\ultra\warewolf\Dev\Dev2.Diagnostics\bin\Debug\net8.0\Dev2.Diagnostics.dll [C:\Users\ultra\warewolf\Dev\Dev2.Intellisense\Dev2.Intellisense.csproj]
C:\Program Files\dotnet\sdk\10.0.201\Microsoft.Common.CurrentVersion.targets(2451,5): warning MSB3277:             C:\Users\ultra\warewolf\Dev\Dev2.Runtime.Services\bin\Debug\net8.0\Dev2.Runtime.Services.dll [C:\Users\ultra\warewolf\Dev\Dev2.Intellisense\Dev2.Intellisense.csproj]
C:\Program Files\dotnet\sdk\10.0.201\Microsoft.Common.CurrentVersion.targets(2451,5): warning MSB3277:             C:\Users\ultra\warewolf\Dev\Dev2.Scheduler\bin\Debug\net8.0\Dev2.Scheduler.dll [C:\Users\ultra\warewolf\Dev\Dev2.Intellisense\Dev2.Intellisense.csproj]
C:\Program Files\dotnet\sdk\10.0.201\Microsoft.Common.CurrentVersion.targets(2451,5): warning MSB3277:             C:\Users\ultra\warewolf\Dev\Dev2.Services.Execution\bin\Debug\net8.0\Dev2.Services.Execution.dll [C:\Users\ultra\warewolf\Dev\Dev2.Intellisense\Dev2.Intellisense.csproj]
C:\Program Files\dotnet\sdk\10.0.201\Microsoft.Common.CurrentVersion.targets(2451,5): warning MSB3277:             C:\Users\ultra\warewolf\Dev\Dev2.Services.Sql\bin\Debug\net8.0\Dev2.Services.Sql.dll [C:\Users\ultra\warewolf\Dev\Dev2.Intellisense\Dev2.Intellisense.csproj]
C:\Program Files\dotnet\sdk\10.0.201\Microsoft.Common.CurrentVersion.targets(2451,5): warning MSB3277:             C:\Users\ultra\warewolf\Dev\Dev2.TaskScheduler.Wrappers\bin\Debug\net8.0\Dev2.TaskScheduler.Wrappers.dll [C:\Users\ultra\warewolf\Dev\Dev2.Intellisense\Dev2.Intellisense.csproj]
C:\Program Files\dotnet\sdk\10.0.201\Microsoft.Common.CurrentVersion.targets(2451,5): warning MSB3277:             C:\Users\ultra\warewolf\Dev\Dev2.Util\bin\Debug\net8.0\Dev2.Util.dll [C:\Users\ultra\warewolf\Dev\Dev2.Intellisense\Dev2.Intellisense.csproj]
C:\Program Files\dotnet\sdk\10.0.201\Microsoft.Common.CurrentVersion.targets(2451,5): warning MSB3277:             C:\Users\ultra\warewolf\Dev\Warewolf.AI.Harness\bin\Debug\net8.0\Warewolf.AI.Harness.dll [C:\Users\ultra\warewolf\Dev\Dev2.Intellisense\Dev2.Intellisense.csproj]
C:\Program Files\dotnet\sdk\10.0.201\Microsoft.Common.CurrentVersion.targets(2451,5): warning MSB3277:             C:\Users\ultra\warewolf\Dev\Warewolf.Auditing\bin\Debug\net8.0\Warewolf.Auditing.dll [C:\Users\ultra\warewolf\Dev\Dev2.Intellisense\Dev2.Intellisense.csproj]
C:\Program Files\dotnet\sdk\10.0.201\Microsoft.Common.CurrentVersion.targets(2451,5): warning MSB3277:             C:\Users\ultra\warewolf\Dev\Warewolf.Common.NetStandard20\bin\Debug\net8.0\Warewolf.Common.NetStandard20.dll [C:\Users\ultra\warewolf\Dev\Dev2.Intellisense\Dev2.Intellisense.csproj]
C:\Program Files\dotnet\sdk\10.0.201\Microsoft.Common.CurrentVersion.targets(2451,5): warning MSB3277:             C:\Users\ultra\warewolf\Dev\Warewolf.Core\bin\Debug\net8.0\Warewolf.Core.dll [C:\Users\ultra\warewolf\Dev\Dev2.Intellisense\Dev2.Intellisense.csproj]
C:\Program Files\dotnet\sdk\10.0.201\Microsoft.Common.CurrentVersion.targets(2451,5): warning MSB3277:             C:\Users\ultra\warewolf\Dev\Warewolf.Driver.Persistence\bin\Debug\net8.0\Warewolf.Driver.Persistence.dll [C:\Users\ultra\warewolf\Dev\Dev2.Intellisense\Dev2.Intellisense.csproj]
C:\Program Files\dotnet\sdk\10.0.201\Microsoft.Common.CurrentVersion.targets(2451,5): warning MSB3277:             C:\Users\ultra\warewolf\Dev\Warewolf.Driver.Serilog\bin\Debug\net8.0\Warewolf.Driver.Serilog.dll [C:\Users\ultra\warewolf\Dev\Dev2.Intellisense\Dev2.Intellisense.csproj]
C:\Program Files\dotnet\sdk\10.0.201\Microsoft.Common.CurrentVersion.targets(2451,5): warning MSB3277:             C:\Users\ultra\warewolf\Dev\Warewolf.Exchange.Email.Wrapper\bin\Debug\net8.0\Warewolf.Exchange.Email.Wrapper.dll [C:\Users\ultra\warewolf\Dev\Dev2.Intellisense\Dev2.Intellisense.csproj]
C:\Program Files\dotnet\sdk\10.0.201\Microsoft.Common.CurrentVersion.targets(2451,5): warning MSB3277:             C:\Users\ultra\warewolf\Dev\Warewolf.ResourceManagement\bin\Debug\net8.0\Warewolf.ResourceManagement.dll [C:\Users\ultra\warewolf\Dev\Dev2.Intellisense\Dev2.Intellisense.csproj]
C:\Program Files\dotnet\sdk\10.0.201\Microsoft.Common.CurrentVersion.targets(2451,5): warning MSB3277:             C:\Users\ultra\warewolf\Dev\Warewolf.Sharepoint\bin\Debug\net8.0\Warewolf.Sharepoint.dll [C:\Users\ultra\warewolf\Dev\Dev2.Intellisense\Dev2.Intellisense.csproj]
C:\Program Files\dotnet\sdk\10.0.201\Microsoft.Common.CurrentVersion.targets(2451,5): warning MSB3277:             C:\Users\ultra\warewolf\Dev\Warewolf.Storage\bin\Debug\net8.0\Warewolf.Storage.dll [C:\Users\ultra\warewolf\Dev\Dev2.Intellisense\Dev2.Intellisense.csproj]
C:\Program Files\dotnet\sdk\10.0.201\Microsoft.Common.CurrentVersion.targets(2451,5): warning MSB3277:         C:\Users\ultra\warewolf\Dev\Binaries\Infragistcs_Net6\InfragisticsWPF4.v15.1.dll [C:\Users\ultra\warewolf\Dev\Dev2.Intellisense\Dev2.Intellisense.csproj]
C:\Program Files\dotnet\sdk\10.0.201\Microsoft.Common.CurrentVersion.targets(2451,5): warning MSB3277:           Project file item includes which caused reference "C:\Users\ultra\warewolf\Dev\Binaries\Infragistcs_Net6\InfragisticsWPF4.v15.1.dll". [C:\Users\ultra\warewolf\Dev\Dev2.Intellisense\Dev2.Intellisense.csproj]
C:\Program Files\dotnet\sdk\10.0.201\Microsoft.Common.CurrentVersion.targets(2451,5): warning MSB3277:             InfragisticsWPF4.v15.1, Version=15.1.20151.2055, Culture=neutral, PublicKeyToken=7dd5c3163f2cd0cb, processorArchitecture=MSIL [C:\Users\ultra\warewolf\Dev\Dev2.Intellisense\Dev2.Intellisense.csproj]
C:\Program Files\dotnet\sdk\10.0.201\Microsoft.Common.CurrentVersion.targets(2451,5): warning MSB3277:             CalculationManager.WPF [C:\Users\ultra\warewolf\Dev\Dev2.Intellisense\Dev2.Intellisense.csproj]
C:\Program Files\dotnet\sdk\10.0.201\Microsoft.Common.CurrentVersion.targets(2451,5): warning MSB3277:             InfragisticsWPF4.Math.Calculators.v15.1, Version=15.1.20151.2055, Culture=neutral, PublicKeyToken=7dd5c3163f2cd0cb, processorArchitecture=MSIL [C:\Users\ultra\warewolf\Dev\Dev2.Intellisense\Dev2.Intellisense.csproj]
C:\Program Files\dotnet\sdk\10.0.201\Microsoft.Common.CurrentVersion.targets(2451,5): warning MSB3277:         C:\Users\ultra\.nuget\packages\timespan2\2.4.2\lib\netcoreapp3.1\TimeSpan2.dll [C:\Users\ultra\warewolf\Dev\Dev2.Intellisense\Dev2.Intellisense.csproj]
C:\Program Files\dotnet\sdk\10.0.201\Microsoft.Common.CurrentVersion.targets(2451,5): warning MSB3277:           Project file item includes which caused reference "C:\Users\ultra\.nuget\packages\timespan2\2.4.2\lib\netcoreapp3.1\TimeSpan2.dll". [C:\Users\ultra\warewolf\Dev\Dev2.Intellisense\Dev2.Intellisense.csproj]
C:\Program Files\dotnet\sdk\10.0.201\Microsoft.Common.CurrentVersion.targets(2451,5): warning MSB3277:             C:\Users\ultra\.nuget\packages\timespan2\2.4.2\lib\netcoreapp3.1\TimeSpan2.dll [C:\Users\ultra\warewolf\Dev\Dev2.Intellisense\Dev2.Intellisense.csproj]
C:\Program Files\dotnet\sdk\10.0.201\Microsoft.Common.CurrentVersion.targets(2451,5): warning MSB3277:             C:\Users\ultra\.nuget\packages\taskschedulereditor\2.10.1\lib\net452\Microsoft.Win32.TaskSchedulerEditor.dll [C:\Users\ultra\warewolf\Dev\Dev2.Intellisense\Dev2.Intellisense.csproj]
C:\Program Files\dotnet\sdk\10.0.201\Microsoft.Common.CurrentVersion.targets(2451,5): warning MSB3277:         C:\Program Files\dotnet\packs\Microsoft.NETCore.App.Ref\8.0.25\ref\net8.0\System.dll [C:\Users\ultra\warewolf\Dev\Dev2.Intellisense\Dev2.Intellisense.csproj]
C:\Program Files\dotnet\sdk\10.0.201\Microsoft.Common.CurrentVersion.targets(2451,5): warning MSB3277:           Project file item includes which caused reference "C:\Program Files\dotnet\packs\Microsoft.NETCore.App.Ref\8.0.25\ref\net8.0\System.dll". [C:\Users\ultra\warewolf\Dev\Dev2.Intellisense\Dev2.Intellisense.csproj]
C:\Program Files\dotnet\sdk\10.0.201\Microsoft.Common.CurrentVersion.targets(2451,5): warning MSB3277:             C:\Program Files\dotnet\packs\Microsoft.NETCore.App.Ref\8.0.25\ref/net8.0/System.dll [C:\Users\ultra\warewolf\Dev\Dev2.Intellisense\Dev2.Intellisense.csproj]
C:\Program Files\dotnet\sdk\10.0.201\Microsoft.Common.CurrentVersion.targets(2451,5): warning MSB3277:             C:\Users\ultra\.nuget\packages\aerowizard\2.3.1\lib\net45\AeroWizard.dll [C:\Users\ultra\warewolf\Dev\Dev2.Intellisense\Dev2.Intellisense.csproj]
C:\Program Files\dotnet\sdk\10.0.201\Microsoft.Common.CurrentVersion.targets(2451,5): warning MSB3277:             C:\Users\ultra\.nuget\packages\groupcontrols\1.9.0\lib\net45\GroupControls.dll [C:\Users\ultra\warewolf\Dev\Dev2.Intellisense\Dev2.Intellisense.csproj]
C:\Program Files\dotnet\sdk\10.0.201\Microsoft.Common.CurrentVersion.targets(2451,5): warning MSB3277:             C:\Users\ultra\.nuget\packages\microsoft.xaml.behaviors.wpf\1.1.122\lib\net462\Microsoft.Xaml.Behaviors.dll [C:\Users\ultra\warewolf\Dev\Dev2.Intellisense\Dev2.Intellisense.csproj]
C:\Program Files\dotnet\sdk\10.0.201\Microsoft.Common.CurrentVersion.targets(2451,5): warning MSB3277:             C:\Users\ultra\.nuget\packages\caliburn.micro\4.0.212\lib\netcoreapp3.1\Caliburn.Micro.Platform.dll [C:\Users\ultra\warewolf\Dev\Dev2.Intellisense\Dev2.Intellisense.csproj]
C:\Program Files\dotnet\sdk\10.0.201\Microsoft.Common.CurrentVersion.targets(2451,5): warning MSB3277:             C:\Users\ultra\.nuget\packages\prism.wpf\9.0.537\lib\net462\Prism.Wpf.dll [C:\Users\ultra\warewolf\Dev\Dev2.Intellisense\Dev2.Intellisense.csproj]
C:\Program Files\dotnet\sdk\10.0.201\Microsoft.Common.CurrentVersion.targets(2451,5): warning MSB3277:             C:\Users\ultra\.nuget\packages\reactiveui.wpf\18.4.1\lib\net462\ReactiveUI.Wpf.dll [C:\Users\ultra\warewolf\Dev\Dev2.Intellisense\Dev2.Intellisense.csproj]
C:\Program Files\dotnet\sdk\10.0.201\Microsoft.Common.CurrentVersion.targets(2451,5): warning MSB3277:             C:\Users\ultra\.nuget\packages\taskschedulereditor\2.10.1\lib\net452\Microsoft.Win32.TaskSchedulerEditor.dll [C:\Users\ultra\warewolf\Dev\Dev2.Intellisense\Dev2.Intellisense.csproj]
C:\Program Files\dotnet\sdk\10.0.201\Microsoft.Common.CurrentVersion.targets(2451,5): warning MSB3277:             C:\Users\ultra\.nuget\packages\ttcue.netcore.sharepointonline.csom.16.1.8029.1200\16.1.8029.1200\lib\netcoreapp2.0\Microsoft.SharePoint.Client.Runtime.Windows.dll [C:\Users\ultra\warewolf\Dev\Dev2.Intellisense\Dev2.Intellisense.csproj]
C:\Program Files\dotnet\sdk\10.0.201\Microsoft.Common.CurrentVersion.targets(2451,5): warning MSB3277: Found conflicts between different versions of "System.Security.Permissions" that could not be resolved. [C:\Users\ultra\warewolf\Dev\Dev2.Intellisense\Dev2.Intellisense.csproj]
C:\Program Files\dotnet\sdk\10.0.201\Microsoft.Common.CurrentVersion.targets(2451,5): warning MSB3277: There was a conflict between "System.Security.Permissions, Version=6.0.0.0, Culture=neutral, PublicKeyToken=cc7b13ffcd2ddd51" and "System.Security.Permissions, Version=7.0.0.0, Culture=neutral, PublicKeyToken=cc7b13ffcd2ddd51". [C:\Users\ultra\warewolf\Dev\Dev2.Intellisense\Dev2.Intellisense.csproj]
C:\Program Files\dotnet\sdk\10.0.201\Microsoft.Common.CurrentVersion.targets(2451,5): warning MSB3277:     "System.Security.Permissions, Version=6.0.0.0, Culture=neutral, PublicKeyToken=cc7b13ffcd2ddd51" was chosen because it was primary and "System.Security.Permissions, Version=7.0.0.0, Culture=neutral, PublicKeyToken=cc7b13ffcd2ddd51" was not. [C:\Users\ultra\warewolf\Dev\Dev2.Intellisense\Dev2.Intellisense.csproj]
C:\Program Files\dotnet\sdk\10.0.201\Microsoft.Common.CurrentVersion.targets(2451,5): warning MSB3277:     References which depend on "System.Security.Permissions, Version=6.0.0.0, Culture=neutral, PublicKeyToken=cc7b13ffcd2ddd51" [C:\Users\ultra\.nuget\packages\system.security.permissions\6.0.0\lib\net6.0\System.Security.Permissions.dll]. [C:\Users\ultra\warewolf\Dev\Dev2.Intellisense\Dev2.Intellisense.csproj]
C:\Program Files\dotnet\sdk\10.0.201\Microsoft.Common.CurrentVersion.targets(2451,5): warning MSB3277:         C:\Users\ultra\.nuget\packages\system.security.permissions\6.0.0\lib\net6.0\System.Security.Permissions.dll [C:\Users\ultra\warewolf\Dev\Dev2.Intellisense\Dev2.Intellisense.csproj]
C:\Program Files\dotnet\sdk\10.0.201\Microsoft.Common.CurrentVersion.targets(2451,5): warning MSB3277:           Project file item includes which caused reference "C:\Users\ultra\.nuget\packages\system.security.permissions\6.0.0\lib\net6.0\System.Security.Permissions.dll". [C:\Users\ultra\warewolf\Dev\Dev2.Intellisense\Dev2.Intellisense.csproj]
C:\Program Files\dotnet\sdk\10.0.201\Microsoft.Common.CurrentVersion.targets(2451,5): warning MSB3277:             C:\Users\ultra\.nuget\packages\system.security.permissions\6.0.0\lib\net6.0\System.Security.Permissions.dll [C:\Users\ultra\warewolf\Dev\Dev2.Intellisense\Dev2.Intellisense.csproj]
C:\Program Files\dotnet\sdk\10.0.201\Microsoft.Common.CurrentVersion.targets(2451,5): warning MSB3277:     References which depend on or have been unified to "System.Security.Permissions, Version=7.0.0.0, Culture=neutral, PublicKeyToken=cc7b13ffcd2ddd51" []. [C:\Users\ultra\warewolf\Dev\Dev2.Intellisense\Dev2.Intellisense.csproj]
C:\Program Files\dotnet\sdk\10.0.201\Microsoft.Common.CurrentVersion.targets(2451,5): warning MSB3277:         C:\Users\ultra\warewolf\Dev\Dev2.Data\bin\Debug\net8.0\Dev2.Data.dll [C:\Users\ultra\warewolf\Dev\Dev2.Intellisense\Dev2.Intellisense.csproj]
C:\Program Files\dotnet\sdk\10.0.201\Microsoft.Common.CurrentVersion.targets(2451,5): warning MSB3277:           Project file item includes which caused reference "C:\Users\ultra\warewolf\Dev\Dev2.Data\bin\Debug\net8.0\Dev2.Data.dll". [C:\Users\ultra\warewolf\Dev\Dev2.Intellisense\Dev2.Intellisense.csproj]
C:\Program Files\dotnet\sdk\10.0.201\Microsoft.Common.CurrentVersion.targets(2451,5): warning MSB3277:             C:\Users\ultra\warewolf\Dev\Dev2.Data\bin\Debug\net8.0\Dev2.Data.dll [C:\Users\ultra\warewolf\Dev\Dev2.Intellisense\Dev2.Intellisense.csproj]
C:\Program Files\dotnet\sdk\10.0.201\Microsoft.Common.CurrentVersion.targets(2451,5): warning MSB3277:             C:\Users\ultra\warewolf\Dev\Dev2.Activities\bin\Debug\net8.0\Dev2.Activities.dll [C:\Users\ultra\warewolf\Dev\Dev2.Intellisense\Dev2.Intellisense.csproj]
C:\Program Files\dotnet\sdk\10.0.201\Microsoft.Common.CurrentVersion.targets(2451,5): warning MSB3277:             C:\Users\ultra\warewolf\Dev\Dev2.Core\bin\Debug\net8.0\Dev2.Core.dll [C:\Users\ultra\warewolf\Dev\Dev2.Intellisense\Dev2.Intellisense.csproj]
C:\Program Files\dotnet\sdk\10.0.201\Microsoft.Common.CurrentVersion.targets(2451,5): warning MSB3277:             C:\Users\ultra\warewolf\Dev\Dev2.Studio.Core\bin\Debug\net8.0\Dev2.Studio.Core.dll [C:\Users\ultra\warewolf\Dev\Dev2.Intellisense\Dev2.Intellisense.csproj]
C:\Program Files\dotnet\sdk\10.0.201\Microsoft.Common.CurrentVersion.targets(2451,5): warning MSB3277:             C:\Users\ultra\warewolf\Dev\Dev2.Studio.Interfaces\bin\Debug\net8.0\Dev2.Studio.Interfaces.dll [C:\Users\ultra\warewolf\Dev\Dev2.Intellisense\Dev2.Intellisense.csproj]
C:\Program Files\dotnet\sdk\10.0.201\Microsoft.Common.CurrentVersion.targets(2451,5): warning MSB3277:             C:\Users\ultra\warewolf\Dev\Warewolf.Studio.Core\bin\Debug\net8.0\Warewolf.Studio.Core.dll [C:\Users\ultra\warewolf\Dev\Dev2.Intellisense\Dev2.Intellisense.csproj]
C:\Program Files\dotnet\sdk\10.0.201\Microsoft.Common.CurrentVersion.targets(2451,5): warning MSB3277:             C:\Users\ultra\warewolf\Dev\Dev2.Runtime.Services\bin\Debug\net8.0\Dev2.Runtime.Services.dll [C:\Users\ultra\warewolf\Dev\Dev2.Intellisense\Dev2.Intellisense.csproj]
C:\Program Files\dotnet\sdk\10.0.201\Microsoft.Common.CurrentVersion.targets(2451,5): warning MSB3277:             C:\Users\ultra\warewolf\Dev\Dev2.Scheduler\bin\Debug\net8.0\Dev2.Scheduler.dll [C:\Users\ultra\warewolf\Dev\Dev2.Intellisense\Dev2.Intellisense.csproj]
C:\Program Files\dotnet\sdk\10.0.201\Microsoft.Common.CurrentVersion.targets(2451,5): warning MSB3277:             C:\Users\ultra\warewolf\Dev\Dev2.Services.Execution\bin\Debug\net8.0\Dev2.Services.Execution.dll [C:\Users\ultra\warewolf\Dev\Dev2.Intellisense\Dev2.Intellisense.csproj]
C:\Program Files\dotnet\sdk\10.0.201\Microsoft.Common.CurrentVersion.targets(2451,5): warning MSB3277:             C:\Users\ultra\warewolf\Dev\Warewolf.Auditing\bin\Debug\net8.0\Warewolf.Auditing.dll [C:\Users\ultra\warewolf\Dev\Dev2.Intellisense\Dev2.Intellisense.csproj]
C:\Program Files\dotnet\sdk\10.0.201\Microsoft.Common.CurrentVersion.targets(2451,5): warning MSB3277:             C:\Users\ultra\warewolf\Dev\Warewolf.Common.NetStandard20\bin\Debug\net8.0\Warewolf.Common.NetStandard20.dll [C:\Users\ultra\warewolf\Dev\Dev2.Intellisense\Dev2.Intellisense.csproj]
C:\Program Files\dotnet\sdk\10.0.201\Microsoft.Common.CurrentVersion.targets(2451,5): warning MSB3277:             C:\Users\ultra\warewolf\Dev\Warewolf.Core\bin\Debug\net8.0\Warewolf.Core.dll [C:\Users\ultra\warewolf\Dev\Dev2.Intellisense\Dev2.Intellisense.csproj]
C:\Program Files\dotnet\sdk\10.0.201\Microsoft.Common.CurrentVersion.targets(2451,5): warning MSB3277:             C:\Users\ultra\warewolf\Dev\Warewolf.Driver.Persistence\bin\Debug\net8.0\Warewolf.Driver.Persistence.dll [C:\Users\ultra\warewolf\Dev\Dev2.Intellisense\Dev2.Intellisense.csproj]
C:\Program Files\dotnet\sdk\10.0.201\Microsoft.Common.CurrentVersion.targets(2451,5): warning MSB3277:             C:\Users\ultra\warewolf\Dev\Warewolf.Exchange.Email.Wrapper\bin\Debug\net8.0\Warewolf.Exchange.Email.Wrapper.dll [C:\Users\ultra\warewolf\Dev\Dev2.Intellisense\Dev2.Intellisense.csproj]
C:\Program Files\dotnet\sdk\10.0.201\Microsoft.Common.CurrentVersion.targets(2451,5): warning MSB3277:             C:\Users\ultra\warewolf\Dev\Warewolf.ResourceManagement\bin\Debug\net8.0\Warewolf.ResourceManagement.dll [C:\Users\ultra\warewolf\Dev\Dev2.Intellisense\Dev2.Intellisense.csproj]
C:\Program Files\dotnet\sdk\10.0.201\Microsoft.Common.CurrentVersion.targets(2451,5): warning MSB3277:         C:\Users\ultra\warewolf\Dev\Binaries\Infragistcs_Net6\InfragisticsWPF4.v15.1.dll [C:\Users\ultra\warewolf\Dev\Dev2.Intellisense\Dev2.Intellisense.csproj]
C:\Program Files\dotnet\sdk\10.0.201\Microsoft.Common.CurrentVersion.targets(2451,5): warning MSB3277:           Project file item includes which caused reference "C:\Users\ultra\warewolf\Dev\Binaries\Infragistcs_Net6\InfragisticsWPF4.v15.1.dll". [C:\Users\ultra\warewolf\Dev\Dev2.Intellisense\Dev2.Intellisense.csproj]
C:\Program Files\dotnet\sdk\10.0.201\Microsoft.Common.CurrentVersion.targets(2451,5): warning MSB3277:             InfragisticsWPF4.v15.1, Version=15.1.20151.2055, Culture=neutral, PublicKeyToken=7dd5c3163f2cd0cb, processorArchitecture=MSIL [C:\Users\ultra\warewolf\Dev\Dev2.Intellisense\Dev2.Intellisense.csproj]
C:\Program Files\dotnet\sdk\10.0.201\Microsoft.Common.CurrentVersion.targets(2451,5): warning MSB3277:             CalculationManager.WPF [C:\Users\ultra\warewolf\Dev\Dev2.Intellisense\Dev2.Intellisense.csproj]
C:\Program Files\dotnet\sdk\10.0.201\Microsoft.Common.CurrentVersion.targets(2451,5): warning MSB3277:             InfragisticsWPF4.Math.Calculators.v15.1, Version=15.1.20151.2055, Culture=neutral, PublicKeyToken=7dd5c3163f2cd0cb, processorArchitecture=MSIL [C:\Users\ultra\warewolf\Dev\Dev2.Intellisense\Dev2.Intellisense.csproj]
C:\Program Files\dotnet\sdk\10.0.201\Microsoft.Common.CurrentVersion.targets(2451,5): warning MSB3277:         C:\Users\ultra\.nuget\packages\dotnetzip\1.16.0\lib\netstandard2.0\DotNetZip.dll [C:\Users\ultra\warewolf\Dev\Dev2.Intellisense\Dev2.Intellisense.csproj]
C:\Program Files\dotnet\sdk\10.0.201\Microsoft.Common.CurrentVersion.targets(2451,5): warning MSB3277:           Project file item includes which caused reference "C:\Users\ultra\.nuget\packages\dotnetzip\1.16.0\lib\netstandard2.0\DotNetZip.dll". [C:\Users\ultra\warewolf\Dev\Dev2.Intellisense\Dev2.Intellisense.csproj]
C:\Program Files\dotnet\sdk\10.0.201\Microsoft.Common.CurrentVersion.targets(2451,5): warning MSB3277:             C:\Users\ultra\.nuget\packages\dotnetzip\1.16.0\lib\netstandard2.0\DotNetZip.dll [C:\Users\ultra\warewolf\Dev\Dev2.Intellisense\Dev2.Intellisense.csproj]
C:\Program Files\dotnet\sdk\10.0.201\Microsoft.Common.CurrentVersion.targets(2451,5): warning MSB3277:             C:\Users\ultra\warewolf\Dev\Dev2.Common\bin\Debug\net8.0\Dev2.Common.dll [C:\Users\ultra\warewolf\Dev\Dev2.Intellisense\Dev2.Intellisense.csproj]
C:\Program Files\dotnet\sdk\10.0.201\Microsoft.Common.CurrentVersion.targets(2451,5): warning MSB3277:             C:\Users\ultra\warewolf\Dev\Dev2.Activities\bin\Debug\net8.0\Dev2.Activities.dll [C:\Users\ultra\warewolf\Dev\Dev2.Intellisense\Dev2.Intellisense.csproj]
C:\Program Files\dotnet\sdk\10.0.201\Microsoft.Common.CurrentVersion.targets(2451,5): warning MSB3277:             C:\Users\ultra\warewolf\Dev\Dev2.Core\bin\Debug\net8.0\Dev2.Core.dll [C:\Users\ultra\warewolf\Dev\Dev2.Intellisense\Dev2.Intellisense.csproj]
C:\Program Files\dotnet\sdk\10.0.201\Microsoft.Common.CurrentVersion.targets(2451,5): warning MSB3277:             C:\Users\ultra\warewolf\Dev\Dev2.Data.Interfaces\bin\Debug\net8.0\Dev2.Data.Interfaces.dll [C:\Users\ultra\warewolf\Dev\Dev2.Intellisense\Dev2.Intellisense.csproj]
C:\Program Files\dotnet\sdk\10.0.201\Microsoft.Common.CurrentVersion.targets(2451,5): warning MSB3277:             C:\Users\ultra\warewolf\Dev\Dev2.Data\bin\Debug\net8.0\Dev2.Data.dll [C:\Users\ultra\warewolf\Dev\Dev2.Intellisense\Dev2.Intellisense.csproj]
C:\Program Files\dotnet\sdk\10.0.201\Microsoft.Common.CurrentVersion.targets(2451,5): warning MSB3277:             C:\Users\ultra\warewolf\Dev\Dev2.Infrastructure\bin\Debug\net8.0\Dev2.Infrastructure.dll [C:\Users\ultra\warewolf\Dev\Dev2.Intellisense\Dev2.Intellisense.csproj]
C:\Program Files\dotnet\sdk\10.0.201\Microsoft.Common.CurrentVersion.targets(2451,5): warning MSB3277:             C:\Users\ultra\warewolf\Dev\Dev2.Studio.Core\bin\Debug\net8.0\Dev2.Studio.Core.dll [C:\Users\ultra\warewolf\Dev\Dev2.Intellisense\Dev2.Intellisense.csproj]
C:\Program Files\dotnet\sdk\10.0.201\Microsoft.Common.CurrentVersion.targets(2451,5): warning MSB3277:             C:\Users\ultra\warewolf\Dev\Dev2.Studio.Interfaces\bin\Debug\net8.0\Dev2.Studio.Interfaces.dll [C:\Users\ultra\warewolf\Dev\Dev2.Intellisense\Dev2.Intellisense.csproj]
C:\Program Files\dotnet\sdk\10.0.201\Microsoft.Common.CurrentVersion.targets(2451,5): warning MSB3277:             C:\Users\ultra\warewolf\Dev\Warewolf.Studio.Core\bin\Debug\net8.0\Warewolf.Studio.Core.dll [C:\Users\ultra\warewolf\Dev\Dev2.Intellisense\Dev2.Intellisense.csproj]
C:\Program Files\dotnet\sdk\10.0.201\Microsoft.Common.CurrentVersion.targets(2451,5): warning MSB3277:             C:\Users\ultra\warewolf\Dev\Dev2.Development.Languages\bin\Debug\net8.0\Dev2.Development.Languages.dll [C:\Users\ultra\warewolf\Dev\Dev2.Intellisense\Dev2.Intellisense.csproj]
C:\Program Files\dotnet\sdk\10.0.201\Microsoft.Common.CurrentVersion.targets(2451,5): warning MSB3277:             C:\Users\ultra\warewolf\Dev\Dev2.Diagnostics\bin\Debug\net8.0\Dev2.Diagnostics.dll [C:\Users\ultra\warewolf\Dev\Dev2.Intellisense\Dev2.Intellisense.csproj]
C:\Program Files\dotnet\sdk\10.0.201\Microsoft.Common.CurrentVersion.targets(2451,5): warning MSB3277:             C:\Users\ultra\warewolf\Dev\Dev2.Runtime.Services\bin\Debug\net8.0\Dev2.Runtime.Services.dll [C:\Users\ultra\warewolf\Dev\Dev2.Intellisense\Dev2.Intellisense.csproj]
C:\Program Files\dotnet\sdk\10.0.201\Microsoft.Common.CurrentVersion.targets(2451,5): warning MSB3277:             C:\Users\ultra\warewolf\Dev\Dev2.Scheduler\bin\Debug\net8.0\Dev2.Scheduler.dll [C:\Users\ultra\warewolf\Dev\Dev2.Intellisense\Dev2.Intellisense.csproj]
C:\Program Files\dotnet\sdk\10.0.201\Microsoft.Common.CurrentVersion.targets(2451,5): warning MSB3277:             C:\Users\ultra\warewolf\Dev\Dev2.Services.Execution\bin\Debug\net8.0\Dev2.Services.Execution.dll [C:\Users\ultra\warewolf\Dev\Dev2.Intellisense\Dev2.Intellisense.csproj]
C:\Program Files\dotnet\sdk\10.0.201\Microsoft.Common.CurrentVersion.targets(2451,5): warning MSB3277:             C:\Users\ultra\warewolf\Dev\Dev2.Services.Sql\bin\Debug\net8.0\Dev2.Services.Sql.dll [C:\Users\ultra\warewolf\Dev\Dev2.Intellisense\Dev2.Intellisense.csproj]
C:\Program Files\dotnet\sdk\10.0.201\Microsoft.Common.CurrentVersion.targets(2451,5): warning MSB3277:             C:\Users\ultra\warewolf\Dev\Dev2.TaskScheduler.Wrappers\bin\Debug\net8.0\Dev2.TaskScheduler.Wrappers.dll [C:\Users\ultra\warewolf\Dev\Dev2.Intellisense\Dev2.Intellisense.csproj]
C:\Program Files\dotnet\sdk\10.0.201\Microsoft.Common.CurrentVersion.targets(2451,5): warning MSB3277:             C:\Users\ultra\warewolf\Dev\Dev2.Util\bin\Debug\net8.0\Dev2.Util.dll [C:\Users\ultra\warewolf\Dev\Dev2.Intellisense\Dev2.Intellisense.csproj]
C:\Program Files\dotnet\sdk\10.0.201\Microsoft.Common.CurrentVersion.targets(2451,5): warning MSB3277:             C:\Users\ultra\warewolf\Dev\Warewolf.AI.Harness\bin\Debug\net8.0\Warewolf.AI.Harness.dll [C:\Users\ultra\warewolf\Dev\Dev2.Intellisense\Dev2.Intellisense.csproj]
C:\Program Files\dotnet\sdk\10.0.201\Microsoft.Common.CurrentVersion.targets(2451,5): warning MSB3277:             C:\Users\ultra\warewolf\Dev\Warewolf.Auditing\bin\Debug\net8.0\Warewolf.Auditing.dll [C:\Users\ultra\warewolf\Dev\Dev2.Intellisense\Dev2.Intellisense.csproj]
C:\Program Files\dotnet\sdk\10.0.201\Microsoft.Common.CurrentVersion.targets(2451,5): warning MSB3277:             C:\Users\ultra\warewolf\Dev\Warewolf.Common.NetStandard20\bin\Debug\net8.0\Warewolf.Common.NetStandard20.dll [C:\Users\ultra\warewolf\Dev\Dev2.Intellisense\Dev2.Intellisense.csproj]
C:\Program Files\dotnet\sdk\10.0.201\Microsoft.Common.CurrentVersion.targets(2451,5): warning MSB3277:             C:\Users\ultra\warewolf\Dev\Warewolf.Core\bin\Debug\net8.0\Warewolf.Core.dll [C:\Users\ultra\warewolf\Dev\Dev2.Intellisense\Dev2.Intellisense.csproj]
C:\Program Files\dotnet\sdk\10.0.201\Microsoft.Common.CurrentVersion.targets(2451,5): warning MSB3277:             C:\Users\ultra\warewolf\Dev\Warewolf.Driver.Persistence\bin\Debug\net8.0\Warewolf.Driver.Persistence.dll [C:\Users\ultra\warewolf\Dev\Dev2.Intellisense\Dev2.Intellisense.csproj]
C:\Program Files\dotnet\sdk\10.0.201\Microsoft.Common.CurrentVersion.targets(2451,5): warning MSB3277:             C:\Users\ultra\warewolf\Dev\Warewolf.Driver.Serilog\bin\Debug\net8.0\Warewolf.Driver.Serilog.dll [C:\Users\ultra\warewolf\Dev\Dev2.Intellisense\Dev2.Intellisense.csproj]
C:\Program Files\dotnet\sdk\10.0.201\Microsoft.Common.CurrentVersion.targets(2451,5): warning MSB3277:             C:\Users\ultra\warewolf\Dev\Warewolf.Exchange.Email.Wrapper\bin\Debug\net8.0\Warewolf.Exchange.Email.Wrapper.dll [C:\Users\ultra\warewolf\Dev\Dev2.Intellisense\Dev2.Intellisense.csproj]
C:\Program Files\dotnet\sdk\10.0.201\Microsoft.Common.CurrentVersion.targets(2451,5): warning MSB3277:             C:\Users\ultra\warewolf\Dev\Warewolf.ResourceManagement\bin\Debug\net8.0\Warewolf.ResourceManagement.dll [C:\Users\ultra\warewolf\Dev\Dev2.Intellisense\Dev2.Intellisense.csproj]
C:\Program Files\dotnet\sdk\10.0.201\Microsoft.Common.CurrentVersion.targets(2451,5): warning MSB3277:             C:\Users\ultra\warewolf\Dev\Warewolf.Sharepoint\bin\Debug\net8.0\Warewolf.Sharepoint.dll [C:\Users\ultra\warewolf\Dev\Dev2.Intellisense\Dev2.Intellisense.csproj]
C:\Program Files\dotnet\sdk\10.0.201\Microsoft.Common.CurrentVersion.targets(2451,5): warning MSB3277:             C:\Users\ultra\warewolf\Dev\Warewolf.Storage\bin\Debug\net8.0\Warewolf.Storage.dll [C:\Users\ultra\warewolf\Dev\Dev2.Intellisense\Dev2.Intellisense.csproj]
C:\Program Files\dotnet\sdk\10.0.201\Microsoft.Common.CurrentVersion.targets(2451,5): warning MSB3277:         C:\Users\ultra\.nuget\packages\mindbox.data.linq\5.0.0\lib\netstandard2.0\Mindbox.Data.Linq.dll [C:\Users\ultra\warewolf\Dev\Dev2.Intellisense\Dev2.Intellisense.csproj]
C:\Program Files\dotnet\sdk\10.0.201\Microsoft.Common.CurrentVersion.targets(2451,5): warning MSB3277:           Project file item includes which caused reference "C:\Users\ultra\.nuget\packages\mindbox.data.linq\5.0.0\lib\netstandard2.0\Mindbox.Data.Linq.dll". [C:\Users\ultra\warewolf\Dev\Dev2.Intellisense\Dev2.Intellisense.csproj]
C:\Program Files\dotnet\sdk\10.0.201\Microsoft.Common.CurrentVersion.targets(2451,5): warning MSB3277:             C:\Users\ultra\.nuget\packages\mindbox.data.linq\5.0.0\lib\netstandard2.0\Mindbox.Data.Linq.dll [C:\Users\ultra\warewolf\Dev\Dev2.Intellisense\Dev2.Intellisense.csproj]
C:\Program Files\dotnet\sdk\10.0.201\Microsoft.Common.CurrentVersion.targets(2451,5): warning MSB3277:             C:\Users\ultra\warewolf\Dev\Warewolf.Auditing\bin\Debug\net8.0\Warewolf.Auditing.dll [C:\Users\ultra\warewolf\Dev\Dev2.Intellisense\Dev2.Intellisense.csproj]
C:\Program Files\dotnet\sdk\10.0.201\Microsoft.Common.CurrentVersion.targets(2451,5): warning MSB3277:             C:\Users\ultra\warewolf\Dev\Dev2.Activities\bin\Debug\net8.0\Dev2.Activities.dll [C:\Users\ultra\warewolf\Dev\Dev2.Intellisense\Dev2.Intellisense.csproj]
C:\Program Files\dotnet\sdk\10.0.201\Microsoft.Common.CurrentVersion.targets(2451,5): warning MSB3277:             C:\Users\ultra\warewolf\Dev\Dev2.Studio.Core\bin\Debug\net8.0\Dev2.Studio.Core.dll [C:\Users\ultra\warewolf\Dev\Dev2.Intellisense\Dev2.Intellisense.csproj]
C:\Program Files\dotnet\sdk\10.0.201\Microsoft.Common.CurrentVersion.targets(2451,5): warning MSB3277:             C:\Users\ultra\warewolf\Dev\Dev2.Runtime.Services\bin\Debug\net8.0\Dev2.Runtime.Services.dll [C:\Users\ultra\warewolf\Dev\Dev2.Intellisense\Dev2.Intellisense.csproj]
C:\Program Files\dotnet\sdk\10.0.201\Microsoft.Common.CurrentVersion.targets(2451,5): warning MSB3277:             C:\Users\ultra\warewolf\Dev\Dev2.Studio.Interfaces\bin\Debug\net8.0\Dev2.Studio.Interfaces.dll [C:\Users\ultra\warewolf\Dev\Dev2.Intellisense\Dev2.Intellisense.csproj]
C:\Program Files\dotnet\sdk\10.0.201\Microsoft.Common.CurrentVersion.targets(2451,5): warning MSB3277:             C:\Users\ultra\warewolf\Dev\Warewolf.Studio.Core\bin\Debug\net8.0\Warewolf.Studio.Core.dll [C:\Users\ultra\warewolf\Dev\Dev2.Intellisense\Dev2.Intellisense.csproj]
C:\Program Files\dotnet\sdk\10.0.201\Microsoft.Common.CurrentVersion.targets(2451,5): warning MSB3277:             C:\Users\ultra\warewolf\Dev\Dev2.Services.Execution\bin\Debug\net8.0\Dev2.Services.Execution.dll [C:\Users\ultra\warewolf\Dev\Dev2.Intellisense\Dev2.Intellisense.csproj]
C:\Program Files\dotnet\sdk\10.0.201\Microsoft.Common.CurrentVersion.targets(2451,5): warning MSB3277:             C:\Users\ultra\warewolf\Dev\Warewolf.Common.NetStandard20\bin\Debug\net8.0\Warewolf.Common.NetStandard20.dll [C:\Users\ultra\warewolf\Dev\Dev2.Intellisense\Dev2.Intellisense.csproj]
C:\Program Files\dotnet\sdk\10.0.201\Microsoft.Common.CurrentVersion.targets(2451,5): warning MSB3277:             C:\Users\ultra\warewolf\Dev\Warewolf.Driver.Persistence\bin\Debug\net8.0\Warewolf.Driver.Persistence.dll [C:\Users\ultra\warewolf\Dev\Dev2.Intellisense\Dev2.Intellisense.csproj]
C:\Program Files\dotnet\sdk\10.0.201\Microsoft.Common.CurrentVersion.targets(2451,5): warning MSB3277:         C:\Users\ultra\.nuget\packages\mysql.data\8.4.0\lib\net8.0\MySql.Data.dll [C:\Users\ultra\warewolf\Dev\Dev2.Intellisense\Dev2.Intellisense.csproj]
C:\Program Files\dotnet\sdk\10.0.201\Microsoft.Common.CurrentVersion.targets(2451,5): warning MSB3277:           Project file item includes which caused reference "C:\Users\ultra\.nuget\packages\mysql.data\8.4.0\lib\net8.0\MySql.Data.dll". [C:\Users\ultra\warewolf\Dev\Dev2.Intellisense\Dev2.Intellisense.csproj]
C:\Program Files\dotnet\sdk\10.0.201\Microsoft.Common.CurrentVersion.targets(2451,5): warning MSB3277:             C:\Users\ultra\.nuget\packages\mysql.data\8.4.0\lib\net8.0\MySql.Data.dll [C:\Users\ultra\warewolf\Dev\Dev2.Intellisense\Dev2.Intellisense.csproj]
C:\Program Files\dotnet\sdk\10.0.201\Microsoft.Common.CurrentVersion.targets(2451,5): warning MSB3277:             C:\Users\ultra\warewolf\Dev\Dev2.Activities\bin\Debug\net8.0\Dev2.Activities.dll [C:\Users\ultra\warewolf\Dev\Dev2.Intellisense\Dev2.Intellisense.csproj]
C:\Program Files\dotnet\sdk\10.0.201\Microsoft.Common.CurrentVersion.targets(2451,5): warning MSB3277:             C:\Users\ultra\warewolf\Dev\Dev2.Studio.Core\bin\Debug\net8.0\Dev2.Studio.Core.dll [C:\Users\ultra\warewolf\Dev\Dev2.Intellisense\Dev2.Intellisense.csproj]
C:\Program Files\dotnet\sdk\10.0.201\Microsoft.Common.CurrentVersion.targets(2451,5): warning MSB3277:             C:\Users\ultra\warewolf\Dev\Dev2.Runtime.Services\bin\Debug\net8.0\Dev2.Runtime.Services.dll [C:\Users\ultra\warewolf\Dev\Dev2.Intellisense\Dev2.Intellisense.csproj]
C:\Program Files\dotnet\sdk\10.0.201\Microsoft.Common.CurrentVersion.targets(2451,5): warning MSB3277:             C:\Users\ultra\warewolf\Dev\Dev2.Studio.Interfaces\bin\Debug\net8.0\Dev2.Studio.Interfaces.dll [C:\Users\ultra\warewolf\Dev\Dev2.Intellisense\Dev2.Intellisense.csproj]
C:\Program Files\dotnet\sdk\10.0.201\Microsoft.Common.CurrentVersion.targets(2451,5): warning MSB3277:             C:\Users\ultra\warewolf\Dev\Warewolf.Studio.Core\bin\Debug\net8.0\Warewolf.Studio.Core.dll [C:\Users\ultra\warewolf\Dev\Dev2.Intellisense\Dev2.Intellisense.csproj]
C:\Program Files\dotnet\sdk\10.0.201\Microsoft.Common.CurrentVersion.targets(2451,5): warning MSB3277:             C:\Users\ultra\warewolf\Dev\Dev2.Services.Execution\bin\Debug\net8.0\Dev2.Services.Execution.dll [C:\Users\ultra\warewolf\Dev\Dev2.Intellisense\Dev2.Intellisense.csproj]
C:\Program Files\dotnet\sdk\10.0.201\Microsoft.Common.CurrentVersion.targets(2451,5): warning MSB3277:             C:\Users\ultra\warewolf\Dev\Dev2.Services.Sql\bin\Debug\net8.0\Dev2.Services.Sql.dll [C:\Users\ultra\warewolf\Dev\Dev2.Intellisense\Dev2.Intellisense.csproj]
C:\Program Files\dotnet\sdk\10.0.201\Microsoft.Common.CurrentVersion.targets(2451,5): warning MSB3277:             C:\Users\ultra\warewolf\Dev\Warewolf.Driver.Persistence\bin\Debug\net8.0\Warewolf.Driver.Persistence.dll [C:\Users\ultra\warewolf\Dev\Dev2.Intellisense\Dev2.Intellisense.csproj]
C:\Program Files\dotnet\sdk\10.0.201\Microsoft.Common.CurrentVersion.targets(2451,5): warning MSB3277:         C:\Users\ultra\.nuget\packages\oracle.manageddataaccess.core\3.21.70\lib\netstandard2.1\Oracle.ManagedDataAccess.dll [C:\Users\ultra\warewolf\Dev\Dev2.Intellisense\Dev2.Intellisense.csproj]
C:\Program Files\dotnet\sdk\10.0.201\Microsoft.Common.CurrentVersion.targets(2451,5): warning MSB3277:           Project file item includes which caused reference "C:\Users\ultra\.nuget\packages\oracle.manageddataaccess.core\3.21.70\lib\netstandard2.1\Oracle.ManagedDataAccess.dll". [C:\Users\ultra\warewolf\Dev\Dev2.Intellisense\Dev2.Intellisense.csproj]
C:\Program Files\dotnet\sdk\10.0.201\Microsoft.Common.CurrentVersion.targets(2451,5): warning MSB3277:             C:\Users\ultra\.nuget\packages\oracle.manageddataaccess.core\3.21.70\lib\netstandard2.1\Oracle.ManagedDataAccess.dll [C:\Users\ultra\warewolf\Dev\Dev2.Intellisense\Dev2.Intellisense.csproj]
C:\Program Files\dotnet\sdk\10.0.201\Microsoft.Common.CurrentVersion.targets(2451,5): warning MSB3277:             C:\Users\ultra\warewolf\Dev\Dev2.Runtime.Services\bin\Debug\net8.0\Dev2.Runtime.Services.dll [C:\Users\ultra\warewolf\Dev\Dev2.Intellisense\Dev2.Intellisense.csproj]
C:\Program Files\dotnet\sdk\10.0.201\Microsoft.Common.CurrentVersion.targets(2451,5): warning MSB3277:             C:\Users\ultra\warewolf\Dev\Dev2.Activities\bin\Debug\net8.0\Dev2.Activities.dll [C:\Users\ultra\warewolf\Dev\Dev2.Intellisense\Dev2.Intellisense.csproj]
C:\Program Files\dotnet\sdk\10.0.201\Microsoft.Common.CurrentVersion.targets(2451,5): warning MSB3277:             C:\Users\ultra\warewolf\Dev\Dev2.Studio.Core\bin\Debug\net8.0\Dev2.Studio.Core.dll [C:\Users\ultra\warewolf\Dev\Dev2.Intellisense\Dev2.Intellisense.csproj]
C:\Program Files\dotnet\sdk\10.0.201\Microsoft.Common.CurrentVersion.targets(2451,5): warning MSB3277:             C:\Users\ultra\warewolf\Dev\Dev2.Studio.Interfaces\bin\Debug\net8.0\Dev2.Studio.Interfaces.dll [C:\Users\ultra\warewolf\Dev\Dev2.Intellisense\Dev2.Intellisense.csproj]
C:\Program Files\dotnet\sdk\10.0.201\Microsoft.Common.CurrentVersion.targets(2451,5): warning MSB3277:             C:\Users\ultra\warewolf\Dev\Warewolf.Studio.Core\bin\Debug\net8.0\Warewolf.Studio.Core.dll [C:\Users\ultra\warewolf\Dev\Dev2.Intellisense\Dev2.Intellisense.csproj]
C:\Program Files\dotnet\sdk\10.0.201\Microsoft.Common.CurrentVersion.targets(2451,5): warning MSB3277:             C:\Users\ultra\warewolf\Dev\Dev2.Services.Execution\bin\Debug\net8.0\Dev2.Services.Execution.dll [C:\Users\ultra\warewolf\Dev\Dev2.Intellisense\Dev2.Intellisense.csproj]
C:\Program Files\dotnet\sdk\10.0.201\Microsoft.Common.CurrentVersion.targets(2451,5): warning MSB3277:             C:\Users\ultra\warewolf\Dev\Dev2.Services.Sql\bin\Debug\net8.0\Dev2.Services.Sql.dll [C:\Users\ultra\warewolf\Dev\Dev2.Intellisense\Dev2.Intellisense.csproj]
C:\Program Files\dotnet\sdk\10.0.201\Microsoft.Common.CurrentVersion.targets(2451,5): warning MSB3277:             C:\Users\ultra\warewolf\Dev\Warewolf.Driver.Persistence\bin\Debug\net8.0\Warewolf.Driver.Persistence.dll [C:\Users\ultra\warewolf\Dev\Dev2.Intellisense\Dev2.Intellisense.csproj]
C:\Program Files\dotnet\sdk\10.0.201\Microsoft.Common.CurrentVersion.targets(2451,5): warning MSB3277:         C:\Users\ultra\.nuget\packages\system.directoryservices\6.0.0\lib\net6.0\System.DirectoryServices.dll [C:\Users\ultra\warewolf\Dev\Dev2.Intellisense\Dev2.Intellisense.csproj]
C:\Program Files\dotnet\sdk\10.0.201\Microsoft.Common.CurrentVersion.targets(2451,5): warning MSB3277:           Project file item includes which caused reference "C:\Users\ultra\.nuget\packages\system.directoryservices\6.0.0\lib\net6.0\System.DirectoryServices.dll". [C:\Users\ultra\warewolf\Dev\Dev2.Intellisense\Dev2.Intellisense.csproj]
C:\Program Files\dotnet\sdk\10.0.201\Microsoft.Common.CurrentVersion.targets(2451,5): warning MSB3277:             C:\Users\ultra\.nuget\packages\system.directoryservices\6.0.0\lib\net6.0\System.DirectoryServices.dll [C:\Users\ultra\warewolf\Dev\Dev2.Intellisense\Dev2.Intellisense.csproj]
C:\Program Files\dotnet\sdk\10.0.201\Microsoft.Common.CurrentVersion.targets(2451,5): warning MSB3277:             C:\Users\ultra\.nuget\packages\corewcf.primitives\1.2.1\lib\netstandard2.0\CoreWCF.Primitives.dll [C:\Users\ultra\warewolf\Dev\Dev2.Intellisense\Dev2.Intellisense.csproj]
C:\Program Files\dotnet\sdk\10.0.201\Microsoft.Common.CurrentVersion.targets(2451,5): warning MSB3277:             C:\Users\ultra\warewolf\Dev\Dev2.Runtime.Services\bin\Debug\net8.0\Dev2.Runtime.Services.dll [C:\Users\ultra\warewolf\Dev\Dev2.Intellisense\Dev2.Intellisense.csproj]
C:\Program Files\dotnet\sdk\10.0.201\Microsoft.Common.CurrentVersion.targets(2451,5): warning MSB3277:             C:\Users\ultra\warewolf\Dev\Dev2.Activities\bin\Debug\net8.0\Dev2.Activities.dll [C:\Users\ultra\warewolf\Dev\Dev2.Intellisense\Dev2.Intellisense.csproj]
C:\Program Files\dotnet\sdk\10.0.201\Microsoft.Common.CurrentVersion.targets(2451,5): warning MSB3277:             C:\Users\ultra\warewolf\Dev\Dev2.Studio.Core\bin\Debug\net8.0\Dev2.Studio.Core.dll [C:\Users\ultra\warewolf\Dev\Dev2.Intellisense\Dev2.Intellisense.csproj]
C:\Program Files\dotnet\sdk\10.0.201\Microsoft.Common.CurrentVersion.targets(2451,5): warning MSB3277:             C:\Users\ultra\warewolf\Dev\Dev2.Studio.Interfaces\bin\Debug\net8.0\Dev2.Studio.Interfaces.dll [C:\Users\ultra\warewolf\Dev\Dev2.Intellisense\Dev2.Intellisense.csproj]
C:\Program Files\dotnet\sdk\10.0.201\Microsoft.Common.CurrentVersion.targets(2451,5): warning MSB3277:             C:\Users\ultra\warewolf\Dev\Warewolf.Studio.Core\bin\Debug\net8.0\Warewolf.Studio.Core.dll [C:\Users\ultra\warewolf\Dev\Dev2.Intellisense\Dev2.Intellisense.csproj]
C:\Program Files\dotnet\sdk\10.0.201\Microsoft.Common.CurrentVersion.targets(2451,5): warning MSB3277:             C:\Users\ultra\warewolf\Dev\Dev2.Services.Execution\bin\Debug\net8.0\Dev2.Services.Execution.dll [C:\Users\ultra\warewolf\Dev\Dev2.Intellisense\Dev2.Intellisense.csproj]
C:\Program Files\dotnet\sdk\10.0.201\Microsoft.Common.CurrentVersion.targets(2451,5): warning MSB3277:             C:\Users\ultra\warewolf\Dev\Warewolf.Driver.Persistence\bin\Debug\net8.0\Warewolf.Driver.Persistence.dll [C:\Users\ultra\warewolf\Dev\Dev2.Intellisense\Dev2.Intellisense.csproj]
C:\Program Files\dotnet\sdk\10.0.201\Microsoft.Common.CurrentVersion.targets(2451,5): warning MSB3277:             C:\Users\ultra\.nuget\packages\corewcf.http\1.2.1\lib\netstandard2.0\CoreWCF.Http.dll [C:\Users\ultra\warewolf\Dev\Dev2.Intellisense\Dev2.Intellisense.csproj]
C:\Program Files\dotnet\sdk\10.0.201\Microsoft.Common.CurrentVersion.targets(2451,5): warning MSB3277:             C:\Users\ultra\.nuget\packages\corewcf.nettcp\1.2.1\lib\netstandard2.0\CoreWCF.NetTcp.dll [C:\Users\ultra\warewolf\Dev\Dev2.Intellisense\Dev2.Intellisense.csproj]
C:\Program Files\dotnet\sdk\10.0.201\Microsoft.Common.CurrentVersion.targets(2451,5): warning MSB3277:             C:\Users\ultra\.nuget\packages\corewcf.webhttp\1.2.1\lib\netstandard2.0\CoreWCF.WebHttp.dll [C:\Users\ultra\warewolf\Dev\Dev2.Intellisense\Dev2.Intellisense.csproj]
C:\Program Files\dotnet\sdk\10.0.201\Microsoft.Common.CurrentVersion.targets(2451,5): warning MSB3277:         C:\Program Files\dotnet\packs\Microsoft.NETCore.App.Ref\8.0.25\ref\net8.0\System.Configuration.dll [C:\Users\ultra\warewolf\Dev\Dev2.Intellisense\Dev2.Intellisense.csproj]
C:\Program Files\dotnet\sdk\10.0.201\Microsoft.Common.CurrentVersion.targets(2451,5): warning MSB3277:           Project file item includes which caused reference "C:\Program Files\dotnet\packs\Microsoft.NETCore.App.Ref\8.0.25\ref\net8.0\System.Configuration.dll". [C:\Users\ultra\warewolf\Dev\Dev2.Intellisense\Dev2.Intellisense.csproj]
C:\Program Files\dotnet\sdk\10.0.201\Microsoft.Common.CurrentVersion.targets(2451,5): warning MSB3277:             C:\Program Files\dotnet\packs\Microsoft.NETCore.App.Ref\8.0.25\ref/net8.0/System.Configuration.dll [C:\Users\ultra\warewolf\Dev\Dev2.Intellisense\Dev2.Intellisense.csproj]
C:\Program Files\dotnet\sdk\10.0.201\Microsoft.Common.CurrentVersion.targets(2451,5): warning MSB3277:             C:\Users\ultra\.nuget\packages\prism.wpf\9.0.537\lib\net462\Prism.Wpf.dll [C:\Users\ultra\warewolf\Dev\Dev2.Intellisense\Dev2.Intellisense.csproj]
C:\Program Files\dotnet\sdk\10.0.201\Microsoft.Common.CurrentVersion.targets(2451,5): warning MSB3277:         C:\Program Files\dotnet\packs\Microsoft.NETCore.App.Ref\8.0.25\ref\net8.0\System.Data.dll [C:\Users\ultra\warewolf\Dev\Dev2.Intellisense\Dev2.Intellisense.csproj]
C:\Program Files\dotnet\sdk\10.0.201\Microsoft.Common.CurrentVersion.targets(2451,5): warning MSB3277:           Project file item includes which caused reference "C:\Program Files\dotnet\packs\Microsoft.NETCore.App.Ref\8.0.25\ref\net8.0\System.Data.dll". [C:\Users\ultra\warewolf\Dev\Dev2.Intellisense\Dev2.Intellisense.csproj]
C:\Program Files\dotnet\sdk\10.0.201\Microsoft.Common.CurrentVersion.targets(2451,5): warning MSB3277:             C:\Program Files\dotnet\packs\Microsoft.NETCore.App.Ref\8.0.25\ref/net8.0/System.Data.dll [C:\Users\ultra\warewolf\Dev\Dev2.Intellisense\Dev2.Intellisense.csproj]
C:\Program Files\dotnet\sdk\10.0.201\Microsoft.Common.CurrentVersion.targets(2451,5): warning MSB3277:             C:\Users\ultra\.nuget\packages\taskschedulereditor\2.10.1\lib\net452\Microsoft.Win32.TaskSchedulerEditor.dll [C:\Users\ultra\warewolf\Dev\Dev2.Intellisense\Dev2.Intellisense.csproj]
C:\Program Files\dotnet\sdk\10.0.201\Microsoft.Common.CurrentVersion.targets(2451,5): warning MSB3277:         C:\Program Files\dotnet\packs\Microsoft.NETCore.App.Ref\8.0.25\ref\net8.0\System.Drawing.dll [C:\Users\ultra\warewolf\Dev\Dev2.Intellisense\Dev2.Intellisense.csproj]
C:\Program Files\dotnet\sdk\10.0.201\Microsoft.Common.CurrentVersion.targets(2451,5): warning MSB3277:           Project file item includes which caused reference "C:\Program Files\dotnet\packs\Microsoft.NETCore.App.Ref\8.0.25\ref\net8.0\System.Drawing.dll". [C:\Users\ultra\warewolf\Dev\Dev2.Intellisense\Dev2.Intellisense.csproj]
C:\Program Files\dotnet\sdk\10.0.201\Microsoft.Common.CurrentVersion.targets(2451,5): warning MSB3277:             C:\Program Files\dotnet\packs\Microsoft.NETCore.App.Ref\8.0.25\ref/net8.0/System.Drawing.dll [C:\Users\ultra\warewolf\Dev\Dev2.Intellisense\Dev2.Intellisense.csproj]
C:\Program Files\dotnet\sdk\10.0.201\Microsoft.Common.CurrentVersion.targets(2451,5): warning MSB3277:             C:\Users\ultra\.nuget\packages\aerowizard\2.3.1\lib\net45\AeroWizard.dll [C:\Users\ultra\warewolf\Dev\Dev2.Intellisense\Dev2.Intellisense.csproj]
C:\Program Files\dotnet\sdk\10.0.201\Microsoft.Common.CurrentVersion.targets(2451,5): warning MSB3277:             C:\Users\ultra\.nuget\packages\groupcontrols\1.9.0\lib\net45\GroupControls.dll [C:\Users\ultra\warewolf\Dev\Dev2.Intellisense\Dev2.Intellisense.csproj]
C:\Program Files\dotnet\sdk\10.0.201\Microsoft.Common.CurrentVersion.targets(2451,5): warning MSB3277:             C:\Users\ultra\.nuget\packages\taskschedulereditor\2.10.1\lib\net452\Microsoft.Win32.TaskSchedulerEditor.dll [C:\Users\ultra\warewolf\Dev\Dev2.Intellisense\Dev2.Intellisense.csproj]
C:\Program Files\dotnet\sdk\10.0.201\Microsoft.Common.CurrentVersion.targets(2451,5): warning MSB3277:         C:\Program Files\dotnet\packs\Microsoft.NETCore.App.Ref\8.0.25\ref\net8.0\System.Net.dll [C:\Users\ultra\warewolf\Dev\Dev2.Intellisense\Dev2.Intellisense.csproj]
C:\Program Files\dotnet\sdk\10.0.201\Microsoft.Common.CurrentVersion.targets(2451,5): warning MSB3277:           Project file item includes which caused reference "C:\Program Files\dotnet\packs\Microsoft.NETCore.App.Ref\8.0.25\ref\net8.0\System.Net.dll". [C:\Users\ultra\warewolf\Dev\Dev2.Intellisense\Dev2.Intellisense.csproj]
C:\Program Files\dotnet\sdk\10.0.201\Microsoft.Common.CurrentVersion.targets(2451,5): warning MSB3277:             C:\Program Files\dotnet\packs\Microsoft.NETCore.App.Ref\8.0.25\ref/net8.0/System.Net.dll [C:\Users\ultra\warewolf\Dev\Dev2.Intellisense\Dev2.Intellisense.csproj]
C:\Program Files\dotnet\sdk\10.0.201\Microsoft.Common.CurrentVersion.targets(2451,5): warning MSB3277:         C:\Program Files\dotnet\packs\Microsoft.NETCore.App.Ref\8.0.25\ref\net8.0\System.Security.dll [C:\Users\ultra\warewolf\Dev\Dev2.Intellisense\Dev2.Intellisense.csproj]
C:\Program Files\dotnet\sdk\10.0.201\Microsoft.Common.CurrentVersion.targets(2451,5): warning MSB3277:           Project file item includes which caused reference "C:\Program Files\dotnet\packs\Microsoft.NETCore.App.Ref\8.0.25\ref\net8.0\System.Security.dll". [C:\Users\ultra\warewolf\Dev\Dev2.Intellisense\Dev2.Intellisense.csproj]
C:\Program Files\dotnet\sdk\10.0.201\Microsoft.Common.CurrentVersion.targets(2451,5): warning MSB3277:             C:\Program Files\dotnet\packs\Microsoft.NETCore.App.Ref\8.0.25\ref/net8.0/System.Security.dll [C:\Users\ultra\warewolf\Dev\Dev2.Intellisense\Dev2.Intellisense.csproj]
C:\Program Files\dotnet\sdk\10.0.201\Microsoft.Common.CurrentVersion.targets(2451,5): warning MSB3277:         C:\Program Files\dotnet\packs\Microsoft.NETCore.App.Ref\8.0.25\ref\net8.0\System.ServiceProcess.dll [C:\Users\ultra\warewolf\Dev\Dev2.Intellisense\Dev2.Intellisense.csproj]
C:\Program Files\dotnet\sdk\10.0.201\Microsoft.Common.CurrentVersion.targets(2451,5): warning MSB3277:           Project file item includes which caused reference "C:\Program Files\dotnet\packs\Microsoft.NETCore.App.Ref\8.0.25\ref\net8.0\System.ServiceProcess.dll". [C:\Users\ultra\warewolf\Dev\Dev2.Intellisense\Dev2.Intellisense.csproj]
C:\Program Files\dotnet\sdk\10.0.201\Microsoft.Common.CurrentVersion.targets(2451,5): warning MSB3277:             C:\Program Files\dotnet\packs\Microsoft.NETCore.App.Ref\8.0.25\ref/net8.0/System.ServiceProcess.dll [C:\Users\ultra\warewolf\Dev\Dev2.Intellisense\Dev2.Intellisense.csproj]
C:\Program Files\dotnet\sdk\10.0.201\Microsoft.Common.CurrentVersion.targets(2451,5): warning MSB3277:         C:\Program Files\dotnet\packs\Microsoft.NETCore.App.Ref\8.0.25\ref\net8.0\System.Transactions.dll [C:\Users\ultra\warewolf\Dev\Dev2.Intellisense\Dev2.Intellisense.csproj]
C:\Program Files\dotnet\sdk\10.0.201\Microsoft.Common.CurrentVersion.targets(2451,5): warning MSB3277:           Project file item includes which caused reference "C:\Program Files\dotnet\packs\Microsoft.NETCore.App.Ref\8.0.25\ref\net8.0\System.Transactions.dll". [C:\Users\ultra\warewolf\Dev\Dev2.Intellisense\Dev2.Intellisense.csproj]
C:\Program Files\dotnet\sdk\10.0.201\Microsoft.Common.CurrentVersion.targets(2451,5): warning MSB3277:             C:\Program Files\dotnet\packs\Microsoft.NETCore.App.Ref\8.0.25\ref/net8.0/System.Transactions.dll [C:\Users\ultra\warewolf\Dev\Dev2.Intellisense\Dev2.Intellisense.csproj]
C:\Program Files\dotnet\sdk\10.0.201\Microsoft.Common.CurrentVersion.targets(2451,5): warning MSB3277:         C:\Program Files\dotnet\packs\Microsoft.NETCore.App.Ref\8.0.25\ref\net8.0\System.dll [C:\Users\ultra\warewolf\Dev\Dev2.Intellisense\Dev2.Intellisense.csproj]
C:\Program Files\dotnet\sdk\10.0.201\Microsoft.Common.CurrentVersion.targets(2451,5): warning MSB3277:           Project file item includes which caused reference "C:\Program Files\dotnet\packs\Microsoft.NETCore.App.Ref\8.0.25\ref\net8.0\System.dll". [C:\Users\ultra\warewolf\Dev\Dev2.Intellisense\Dev2.Intellisense.csproj]
C:\Program Files\dotnet\sdk\10.0.201\Microsoft.Common.CurrentVersion.targets(2451,5): warning MSB3277:             C:\Program Files\dotnet\packs\Microsoft.NETCore.App.Ref\8.0.25\ref/net8.0/System.dll [C:\Users\ultra\warewolf\Dev\Dev2.Intellisense\Dev2.Intellisense.csproj]
C:\Program Files\dotnet\sdk\10.0.201\Microsoft.Common.CurrentVersion.targets(2451,5): warning MSB3277:             C:\Users\ultra\.nuget\packages\aerowizard\2.3.1\lib\net45\AeroWizard.dll [C:\Users\ultra\warewolf\Dev\Dev2.Intellisense\Dev2.Intellisense.csproj]
C:\Program Files\dotnet\sdk\10.0.201\Microsoft.Common.CurrentVersion.targets(2451,5): warning MSB3277:             C:\Users\ultra\.nuget\packages\groupcontrols\1.9.0\lib\net45\GroupControls.dll [C:\Users\ultra\warewolf\Dev\Dev2.Intellisense\Dev2.Intellisense.csproj]
C:\Program Files\dotnet\sdk\10.0.201\Microsoft.Common.CurrentVersion.targets(2451,5): warning MSB3277:             C:\Users\ultra\.nuget\packages\microsoft.xaml.behaviors.wpf\1.1.122\lib\net462\Microsoft.Xaml.Behaviors.dll [C:\Users\ultra\warewolf\Dev\Dev2.Intellisense\Dev2.Intellisense.csproj]
C:\Program Files\dotnet\sdk\10.0.201\Microsoft.Common.CurrentVersion.targets(2451,5): warning MSB3277:             C:\Users\ultra\.nuget\packages\caliburn.micro\4.0.212\lib\netcoreapp3.1\Caliburn.Micro.Platform.dll [C:\Users\ultra\warewolf\Dev\Dev2.Intellisense\Dev2.Intellisense.csproj]
C:\Program Files\dotnet\sdk\10.0.201\Microsoft.Common.CurrentVersion.targets(2451,5): warning MSB3277:             C:\Users\ultra\.nuget\packages\prism.wpf\9.0.537\lib\net462\Prism.Wpf.dll [C:\Users\ultra\warewolf\Dev\Dev2.Intellisense\Dev2.Intellisense.csproj]
C:\Program Files\dotnet\sdk\10.0.201\Microsoft.Common.CurrentVersion.targets(2451,5): warning MSB3277:             C:\Users\ultra\.nuget\packages\reactiveui.wpf\18.4.1\lib\net462\ReactiveUI.Wpf.dll [C:\Users\ultra\warewolf\Dev\Dev2.Intellisense\Dev2.Intellisense.csproj]
C:\Program Files\dotnet\sdk\10.0.201\Microsoft.Common.CurrentVersion.targets(2451,5): warning MSB3277:             C:\Users\ultra\.nuget\packages\taskschedulereditor\2.10.1\lib\net452\Microsoft.Win32.TaskSchedulerEditor.dll [C:\Users\ultra\warewolf\Dev\Dev2.Intellisense\Dev2.Intellisense.csproj]
C:\Program Files\dotnet\sdk\10.0.201\Microsoft.Common.CurrentVersion.targets(2451,5): warning MSB3277:             C:\Users\ultra\.nuget\packages\ttcue.netcore.sharepointonline.csom.16.1.8029.1200\16.1.8029.1200\lib\netcoreapp2.0\Microsoft.SharePoint.Client.Runtime.Windows.dll [C:\Users\ultra\warewolf\Dev\Dev2.Intellisense\Dev2.Intellisense.csproj]
C:\Program Files\dotnet\sdk\10.0.201\Microsoft.Common.CurrentVersion.targets(2451,5): warning MSB3277:         C:\Program Files\dotnet\packs\Microsoft.NETCore.App.Ref\8.0.25\ref\net8.0\WindowsBase.dll [C:\Users\ultra\warewolf\Dev\Dev2.Intellisense\Dev2.Intellisense.csproj]
C:\Program Files\dotnet\sdk\10.0.201\Microsoft.Common.CurrentVersion.targets(2451,5): warning MSB3277:           Project file item includes which caused reference "C:\Program Files\dotnet\packs\Microsoft.NETCore.App.Ref\8.0.25\ref\net8.0\WindowsBase.dll". [C:\Users\ultra\warewolf\Dev\Dev2.Intellisense\Dev2.Intellisense.csproj]
C:\Program Files\dotnet\sdk\10.0.201\Microsoft.Common.CurrentVersion.targets(2451,5): warning MSB3277:             C:\Program Files\dotnet\packs\Microsoft.NETCore.App.Ref\8.0.25\ref/net8.0/WindowsBase.dll [C:\Users\ultra\warewolf\Dev\Dev2.Intellisense\Dev2.Intellisense.csproj]
C:\Program Files\dotnet\sdk\10.0.201\Microsoft.Common.CurrentVersion.targets(2451,5): warning MSB3277:         C:\Program Files\dotnet\packs\Microsoft.NETCore.App.Ref\8.0.25\ref\net8.0\mscorlib.dll [C:\Users\ultra\warewolf\Dev\Dev2.Intellisense\Dev2.Intellisense.csproj]
C:\Program Files\dotnet\sdk\10.0.201\Microsoft.Common.CurrentVersion.targets(2451,5): warning MSB3277:           Project file item includes which caused reference "C:\Program Files\dotnet\packs\Microsoft.NETCore.App.Ref\8.0.25\ref\net8.0\mscorlib.dll". [C:\Users\ultra\warewolf\Dev\Dev2.Intellisense\Dev2.Intellisense.csproj]
C:\Program Files\dotnet\sdk\10.0.201\Microsoft.Common.CurrentVersion.targets(2451,5): warning MSB3277:             C:\Program Files\dotnet\packs\Microsoft.NETCore.App.Ref\8.0.25\ref/net8.0/mscorlib.dll [C:\Users\ultra\warewolf\Dev\Dev2.Intellisense\Dev2.Intellisense.csproj]
C:\Program Files\dotnet\sdk\10.0.201\Microsoft.Common.CurrentVersion.targets(2451,5): warning MSB3277:             C:\Users\ultra\.nuget\packages\aerowizard\2.3.1\lib\net45\AeroWizard.dll [C:\Users\ultra\warewolf\Dev\Dev2.Intellisense\Dev2.Intellisense.csproj]
C:\Program Files\dotnet\sdk\10.0.201\Microsoft.Common.CurrentVersion.targets(2451,5): warning MSB3277:             C:\Users\ultra\.nuget\packages\groupcontrols\1.9.0\lib\net45\GroupControls.dll [C:\Users\ultra\warewolf\Dev\Dev2.Intellisense\Dev2.Intellisense.csproj]
C:\Program Files\dotnet\sdk\10.0.201\Microsoft.Common.CurrentVersion.targets(2451,5): warning MSB3277:             C:\Users\ultra\.nuget\packages\hangfire.core\1.7.32\lib\netstandard2.0\Hangfire.Core.dll [C:\Users\ultra\warewolf\Dev\Dev2.Intellisense\Dev2.Intellisense.csproj]
C:\Program Files\dotnet\sdk\10.0.201\Microsoft.Common.CurrentVersion.targets(2451,5): warning MSB3277:             C:\Users\ultra\warewolf\Dev\Dev2.Activities\bin\Debug\net8.0\Dev2.Activities.dll [C:\Users\ultra\warewolf\Dev\Dev2.Intellisense\Dev2.Intellisense.csproj]
C:\Program Files\dotnet\sdk\10.0.201\Microsoft.Common.CurrentVersion.targets(2451,5): warning MSB3277:             C:\Users\ultra\warewolf\Dev\Dev2.Studio.Core\bin\Debug\net8.0\Dev2.Studio.Core.dll [C:\Users\ultra\warewolf\Dev\Dev2.Intellisense\Dev2.Intellisense.csproj]
C:\Program Files\dotnet\sdk\10.0.201\Microsoft.Common.CurrentVersion.targets(2451,5): warning MSB3277:             C:\Users\ultra\warewolf\Dev\Warewolf.Driver.Persistence\bin\Debug\net8.0\Warewolf.Driver.Persistence.dll [C:\Users\ultra\warewolf\Dev\Dev2.Intellisense\Dev2.Intellisense.csproj]
C:\Program Files\dotnet\sdk\10.0.201\Microsoft.Common.CurrentVersion.targets(2451,5): warning MSB3277:             C:\Users\ultra\.nuget\packages\hangfire.sqlserver\1.7.32\lib\netstandard2.0\Hangfire.SqlServer.dll [C:\Users\ultra\warewolf\Dev\Dev2.Intellisense\Dev2.Intellisense.csproj]
C:\Program Files\dotnet\sdk\10.0.201\Microsoft.Common.CurrentVersion.targets(2451,5): warning MSB3277:             C:\Users\ultra\.nuget\packages\microsoft.xaml.behaviors.wpf\1.1.122\lib\net462\Microsoft.Xaml.Behaviors.dll [C:\Users\ultra\warewolf\Dev\Dev2.Intellisense\Dev2.Intellisense.csproj]
C:\Program Files\dotnet\sdk\10.0.201\Microsoft.Common.CurrentVersion.targets(2451,5): warning MSB3277:             C:\Users\ultra\.nuget\packages\caliburn.micro\4.0.212\lib\netcoreapp3.1\Caliburn.Micro.Platform.dll [C:\Users\ultra\warewolf\Dev\Dev2.Intellisense\Dev2.Intellisense.csproj]
C:\Program Files\dotnet\sdk\10.0.201\Microsoft.Common.CurrentVersion.targets(2451,5): warning MSB3277:             C:\Users\ultra\.nuget\packages\oracle.manageddataaccess.core\3.21.70\lib\netstandard2.1\Oracle.ManagedDataAccess.dll [C:\Users\ultra\warewolf\Dev\Dev2.Intellisense\Dev2.Intellisense.csproj]
C:\Program Files\dotnet\sdk\10.0.201\Microsoft.Common.CurrentVersion.targets(2451,5): warning MSB3277:             C:\Users\ultra\warewolf\Dev\Dev2.Runtime.Services\bin\Debug\net8.0\Dev2.Runtime.Services.dll [C:\Users\ultra\warewolf\Dev\Dev2.Intellisense\Dev2.Intellisense.csproj]
C:\Program Files\dotnet\sdk\10.0.201\Microsoft.Common.CurrentVersion.targets(2451,5): warning MSB3277:             C:\Users\ultra\warewolf\Dev\Dev2.Studio.Interfaces\bin\Debug\net8.0\Dev2.Studio.Interfaces.dll [C:\Users\ultra\warewolf\Dev\Dev2.Intellisense\Dev2.Intellisense.csproj]
C:\Program Files\dotnet\sdk\10.0.201\Microsoft.Common.CurrentVersion.targets(2451,5): warning MSB3277:             C:\Users\ultra\warewolf\Dev\Warewolf.Studio.Core\bin\Debug\net8.0\Warewolf.Studio.Core.dll [C:\Users\ultra\warewolf\Dev\Dev2.Intellisense\Dev2.Intellisense.csproj]
C:\Program Files\dotnet\sdk\10.0.201\Microsoft.Common.CurrentVersion.targets(2451,5): warning MSB3277:             C:\Users\ultra\warewolf\Dev\Dev2.Services.Execution\bin\Debug\net8.0\Dev2.Services.Execution.dll [C:\Users\ultra\warewolf\Dev\Dev2.Intellisense\Dev2.Intellisense.csproj]
C:\Program Files\dotnet\sdk\10.0.201\Microsoft.Common.CurrentVersion.targets(2451,5): warning MSB3277:             C:\Users\ultra\warewolf\Dev\Dev2.Services.Sql\bin\Debug\net8.0\Dev2.Services.Sql.dll [C:\Users\ultra\warewolf\Dev\Dev2.Intellisense\Dev2.Intellisense.csproj]
C:\Program Files\dotnet\sdk\10.0.201\Microsoft.Common.CurrentVersion.targets(2451,5): warning MSB3277:             C:\Users\ultra\.nuget\packages\prism.wpf\9.0.537\lib\net462\Prism.Wpf.dll [C:\Users\ultra\warewolf\Dev\Dev2.Intellisense\Dev2.Intellisense.csproj]
C:\Program Files\dotnet\sdk\10.0.201\Microsoft.Common.CurrentVersion.targets(2451,5): warning MSB3277:             C:\Users\ultra\.nuget\packages\reactiveui.wpf\18.4.1\lib\net462\ReactiveUI.Wpf.dll [C:\Users\ultra\warewolf\Dev\Dev2.Intellisense\Dev2.Intellisense.csproj]
C:\Program Files\dotnet\sdk\10.0.201\Microsoft.Common.CurrentVersion.targets(2451,5): warning MSB3277:             C:\Users\ultra\.nuget\packages\taskschedulereditor\2.10.1\lib\net452\Microsoft.Win32.TaskSchedulerEditor.dll [C:\Users\ultra\warewolf\Dev\Dev2.Intellisense\Dev2.Intellisense.csproj]
C:\Program Files\dotnet\sdk\10.0.201\Microsoft.Common.CurrentVersion.targets(2451,5): warning MSB3277:             C:\Users\ultra\.nuget\packages\ttcue.netcore.sharepointonline.csom.16.1.8029.1200\16.1.8029.1200\lib\netcoreapp2.0\Microsoft.SharePoint.Client.Runtime.Windows.dll [C:\Users\ultra\warewolf\Dev\Dev2.Intellisense\Dev2.Intellisense.csproj]
C:\Program Files\dotnet\sdk\10.0.201\Microsoft.Common.CurrentVersion.targets(2451,5): warning MSB3277:         C:\Users\ultra\warewolf\Dev\Dev2.Development.Languages\bin\Debug\net8.0\IronRuby.dll [C:\Users\ultra\warewolf\Dev\Dev2.Intellisense\Dev2.Intellisense.csproj]
C:\Program Files\dotnet\sdk\10.0.201\Microsoft.Common.CurrentVersion.targets(2451,5): warning MSB3277:           Project file item includes which caused reference "C:\Users\ultra\warewolf\Dev\Dev2.Development.Languages\bin\Debug\net8.0\IronRuby.dll". [C:\Users\ultra\warewolf\Dev\Dev2.Intellisense\Dev2.Intellisense.csproj]
C:\Program Files\dotnet\sdk\10.0.201\Microsoft.Common.CurrentVersion.targets(2451,5): warning MSB3277:             C:\Users\ultra\warewolf\Dev\Dev2.Development.Languages\bin\Debug\net8.0\Dev2.Development.Languages.dll [C:\Users\ultra\warewolf\Dev\Dev2.Intellisense\Dev2.Intellisense.csproj]
C:\Program Files\dotnet\sdk\10.0.201\Microsoft.Common.CurrentVersion.targets(2451,5): warning MSB3277:             C:\Users\ultra\warewolf\Dev\Dev2.Activities\bin\Debug\net8.0\Dev2.Activities.dll [C:\Users\ultra\warewolf\Dev\Dev2.Intellisense\Dev2.Intellisense.csproj]
C:\Program Files\dotnet\sdk\10.0.201\Microsoft.Common.CurrentVersion.targets(2451,5): warning MSB3277:             C:\Users\ultra\warewolf\Dev\Dev2.Studio.Core\bin\Debug\net8.0\Dev2.Studio.Core.dll [C:\Users\ultra\warewolf\Dev\Dev2.Intellisense\Dev2.Intellisense.csproj]
C:\Program Files\dotnet\sdk\10.0.201\Microsoft.Common.CurrentVersion.targets(2451,5): warning MSB3277:         C:\Users\ultra\warewolf\Dev\Dev2.Development.Languages\bin\Debug\net8.0\IronRuby.Libraries.dll [C:\Users\ultra\warewolf\Dev\Dev2.Intellisense\Dev2.Intellisense.csproj]
C:\Program Files\dotnet\sdk\10.0.201\Microsoft.Common.CurrentVersion.targets(2451,5): warning MSB3277:           Project file item includes which caused reference "C:\Users\ultra\warewolf\Dev\Dev2.Development.Languages\bin\Debug\net8.0\IronRuby.Libraries.dll". [C:\Users\ultra\warewolf\Dev\Dev2.Intellisense\Dev2.Intellisense.csproj]
C:\Program Files\dotnet\sdk\10.0.201\Microsoft.Common.CurrentVersion.targets(2451,5): warning MSB3277:             C:\Users\ultra\warewolf\Dev\Dev2.Development.Languages\bin\Debug\net8.0\Dev2.Development.Languages.dll [C:\Users\ultra\warewolf\Dev\Dev2.Intellisense\Dev2.Intellisense.csproj]
C:\Program Files\dotnet\sdk\10.0.201\Microsoft.Common.CurrentVersion.targets(2451,5): warning MSB3277:             C:\Users\ultra\warewolf\Dev\Dev2.Activities\bin\Debug\net8.0\Dev2.Activities.dll [C:\Users\ultra\warewolf\Dev\Dev2.Intellisense\Dev2.Intellisense.csproj]
C:\Program Files\dotnet\sdk\10.0.201\Microsoft.Common.CurrentVersion.targets(2451,5): warning MSB3277:             C:\Users\ultra\warewolf\Dev\Dev2.Studio.Core\bin\Debug\net8.0\Dev2.Studio.Core.dll [C:\Users\ultra\warewolf\Dev\Dev2.Intellisense\Dev2.Intellisense.csproj]
C:\Program Files\dotnet\sdk\10.0.201\Microsoft.Common.CurrentVersion.targets(2451,5): warning MSB3277:         C:\Users\ultra\warewolf\Dev\Binaries\Infragistcs_Net6\InfragisticsWPF4.DataVisualization.v15.1.dll [C:\Users\ultra\warewolf\Dev\Dev2.Intellisense\Dev2.Intellisense.csproj]
C:\Program Files\dotnet\sdk\10.0.201\Microsoft.Common.CurrentVersion.targets(2451,5): warning MSB3277:           Project file item includes which caused reference "C:\Users\ultra\warewolf\Dev\Binaries\Infragistcs_Net6\InfragisticsWPF4.DataVisualization.v15.1.dll". [C:\Users\ultra\warewolf\Dev\Dev2.Intellisense\Dev2.Intellisense.csproj]
C:\Program Files\dotnet\sdk\10.0.201\Microsoft.Common.CurrentVersion.targets(2451,5): warning MSB3277:             InfragisticsWPF4.Math.Calculators.v15.1, Version=15.1.20151.2055, Culture=neutral, PublicKeyToken=7dd5c3163f2cd0cb, processorArchitecture=MSIL [C:\Users\ultra\warewolf\Dev\Dev2.Intellisense\Dev2.Intellisense.csproj]
C:\Program Files\dotnet\sdk\10.0.201\Microsoft.Common.CurrentVersion.targets(2451,5): warning MSB3277: Found conflicts between different versions of "WindowsBase" that could not be resolved. [C:\Users\ultra\warewolf\Dev\Dev2.Intellisense\Dev2.Intellisense.csproj]
C:\Program Files\dotnet\sdk\10.0.201\Microsoft.Common.CurrentVersion.targets(2451,5): warning MSB3277: There was a conflict between "WindowsBase, Version=4.0.0.0, Culture=neutral, PublicKeyToken=31bf3856ad364e35" and "WindowsBase, Version=6.0.2.0, Culture=neutral, PublicKeyToken=31bf3856ad364e35". [C:\Users\ultra\warewolf\Dev\Dev2.Intellisense\Dev2.Intellisense.csproj]
C:\Program Files\dotnet\sdk\10.0.201\Microsoft.Common.CurrentVersion.targets(2451,5): warning MSB3277:     "WindowsBase, Version=4.0.0.0, Culture=neutral, PublicKeyToken=31bf3856ad364e35" was chosen because it was primary and "WindowsBase, Version=6.0.2.0, Culture=neutral, PublicKeyToken=31bf3856ad364e35" was not. [C:\Users\ultra\warewolf\Dev\Dev2.Intellisense\Dev2.Intellisense.csproj]
C:\Program Files\dotnet\sdk\10.0.201\Microsoft.Common.CurrentVersion.targets(2451,5): warning MSB3277:     References which depend on "WindowsBase, Version=4.0.0.0, Culture=neutral, PublicKeyToken=31bf3856ad364e35" [C:\Program Files\dotnet\packs\Microsoft.NETCore.App.Ref\8.0.25\ref\net8.0\WindowsBase.dll]. [C:\Users\ultra\warewolf\Dev\Dev2.Intellisense\Dev2.Intellisense.csproj]
C:\Program Files\dotnet\sdk\10.0.201\Microsoft.Common.CurrentVersion.targets(2451,5): warning MSB3277:         C:\Program Files\dotnet\packs\Microsoft.NETCore.App.Ref\8.0.25\ref\net8.0\WindowsBase.dll [C:\Users\ultra\warewolf\Dev\Dev2.Intellisense\Dev2.Intellisense.csproj]
C:\Program Files\dotnet\sdk\10.0.201\Microsoft.Common.CurrentVersion.targets(2451,5): warning MSB3277:           Project file item includes which caused reference "C:\Program Files\dotnet\packs\Microsoft.NETCore.App.Ref\8.0.25\ref\net8.0\WindowsBase.dll". [C:\Users\ultra\warewolf\Dev\Dev2.Intellisense\Dev2.Intellisense.csproj]
C:\Program Files\dotnet\sdk\10.0.201\Microsoft.Common.CurrentVersion.targets(2451,5): warning MSB3277:             C:\Program Files\dotnet\packs\Microsoft.NETCore.App.Ref\8.0.25\ref/net8.0/WindowsBase.dll [C:\Users\ultra\warewolf\Dev\Dev2.Intellisense\Dev2.Intellisense.csproj]
C:\Program Files\dotnet\sdk\10.0.201\Microsoft.Common.CurrentVersion.targets(2451,5): warning MSB3277:     References which depend on or have been unified to "WindowsBase, Version=6.0.2.0, Culture=neutral, PublicKeyToken=31bf3856ad364e35" []. [C:\Users\ultra\warewolf\Dev\Dev2.Intellisense\Dev2.Intellisense.csproj]
C:\Program Files\dotnet\sdk\10.0.201\Microsoft.Common.CurrentVersion.targets(2451,5): warning MSB3277:         C:\Users\ultra\warewolf\Dev\Binaries\Infragistcs_Net6\Infragistics.Calculations.dll [C:\Users\ultra\warewolf\Dev\Dev2.Intellisense\Dev2.Intellisense.csproj]
C:\Program Files\dotnet\sdk\10.0.201\Microsoft.Common.CurrentVersion.targets(2451,5): warning MSB3277:           Project file item includes which caused reference "C:\Users\ultra\warewolf\Dev\Binaries\Infragistcs_Net6\Infragistics.Calculations.dll". [C:\Users\ultra\warewolf\Dev\Dev2.Intellisense\Dev2.Intellisense.csproj]
C:\Program Files\dotnet\sdk\10.0.201\Microsoft.Common.CurrentVersion.targets(2451,5): warning MSB3277:             CalculationManager.WPF [C:\Users\ultra\warewolf\Dev\Dev2.Intellisense\Dev2.Intellisense.csproj]
C:\Program Files\dotnet\sdk\10.0.201\Microsoft.Common.CurrentVersion.targets(2451,5): warning MSB3277:         C:\Users\ultra\warewolf\Dev\Binaries\Infragistcs_Net6\InfragisticsWPF4.Math.Calculators.v15.1.dll [C:\Users\ultra\warewolf\Dev\Dev2.Intellisense\Dev2.Intellisense.csproj]
C:\Program Files\dotnet\sdk\10.0.201\Microsoft.Common.CurrentVersion.targets(2451,5): warning MSB3277:           Project file item includes which caused reference "C:\Users\ultra\warewolf\Dev\Binaries\Infragistcs_Net6\InfragisticsWPF4.Math.Calculators.v15.1.dll". [C:\Users\ultra\warewolf\Dev\Dev2.Intellisense\Dev2.Intellisense.csproj]
C:\Program Files\dotnet\sdk\10.0.201\Microsoft.Common.CurrentVersion.targets(2451,5): warning MSB3277:             InfragisticsWPF4.Math.Calculators.v15.1, Version=15.1.20151.2055, Culture=neutral, PublicKeyToken=7dd5c3163f2cd0cb, processorArchitecture=MSIL [C:\Users\ultra\warewolf\Dev\Dev2.Intellisense\Dev2.Intellisense.csproj]
C:\Program Files\dotnet\sdk\10.0.201\Microsoft.Common.CurrentVersion.targets(2451,5): warning MSB3277:         C:\Users\ultra\warewolf\Dev\Binaries\Infragistcs_Net6\InfragisticsWPF4.v15.1.dll [C:\Users\ultra\warewolf\Dev\Dev2.Intellisense\Dev2.Intellisense.csproj]
C:\Program Files\dotnet\sdk\10.0.201\Microsoft.Common.CurrentVersion.targets(2451,5): warning MSB3277:           Project file item includes which caused reference "C:\Users\ultra\warewolf\Dev\Binaries\Infragistcs_Net6\InfragisticsWPF4.v15.1.dll". [C:\Users\ultra\warewolf\Dev\Dev2.Intellisense\Dev2.Intellisense.csproj]
C:\Program Files\dotnet\sdk\10.0.201\Microsoft.Common.CurrentVersion.targets(2451,5): warning MSB3277:             InfragisticsWPF4.v15.1, Version=15.1.20151.2055, Culture=neutral, PublicKeyToken=7dd5c3163f2cd0cb, processorArchitecture=MSIL [C:\Users\ultra\warewolf\Dev\Dev2.Intellisense\Dev2.Intellisense.csproj]
C:\Program Files\dotnet\sdk\10.0.201\Microsoft.Common.CurrentVersion.targets(2451,5): warning MSB3277:             CalculationManager.WPF [C:\Users\ultra\warewolf\Dev\Dev2.Intellisense\Dev2.Intellisense.csproj]
C:\Program Files\dotnet\sdk\10.0.201\Microsoft.Common.CurrentVersion.targets(2451,5): warning MSB3277:             InfragisticsWPF4.Math.Calculators.v15.1, Version=15.1.20151.2055, Culture=neutral, PublicKeyToken=7dd5c3163f2cd0cb, processorArchitecture=MSIL [C:\Users\ultra\warewolf\Dev\Dev2.Intellisense\Dev2.Intellisense.csproj]
C:\Program Files\dotnet\sdk\10.0.201\Microsoft.Common.CurrentVersion.targets(2451,5): warning MSB3277:         C:\Users\ultra\.nuget\packages\caliburn.micro\4.0.212\lib\netcoreapp3.1\Caliburn.Micro.Platform.dll [C:\Users\ultra\warewolf\Dev\Dev2.Intellisense\Dev2.Intellisense.csproj]
C:\Program Files\dotnet\sdk\10.0.201\Microsoft.Common.CurrentVersion.targets(2451,5): warning MSB3277:           Project file item includes which caused reference "C:\Users\ultra\.nuget\packages\caliburn.micro\4.0.212\lib\netcoreapp3.1\Caliburn.Micro.Platform.dll". [C:\Users\ultra\warewolf\Dev\Dev2.Intellisense\Dev2.Intellisense.csproj]
C:\Program Files\dotnet\sdk\10.0.201\Microsoft.Common.CurrentVersion.targets(2451,5): warning MSB3277:             C:\Users\ultra\.nuget\packages\caliburn.micro\4.0.212\lib\netcoreapp3.1\Caliburn.Micro.Platform.dll [C:\Users\ultra\warewolf\Dev\Dev2.Intellisense\Dev2.Intellisense.csproj]
C:\Program Files\dotnet\sdk\10.0.201\Microsoft.Common.CurrentVersion.targets(2451,5): warning MSB3277:         C:\Users\ultra\.nuget\packages\ironpython\3.4.0\lib\net6.0\IronPython.Wpf.dll [C:\Users\ultra\warewolf\Dev\Dev2.Intellisense\Dev2.Intellisense.csproj]
C:\Program Files\dotnet\sdk\10.0.201\Microsoft.Common.CurrentVersion.targets(2451,5): warning MSB3277:           Project file item includes which caused reference "C:\Users\ultra\.nuget\packages\ironpython\3.4.0\lib\net6.0\IronPython.Wpf.dll". [C:\Users\ultra\warewolf\Dev\Dev2.Intellisense\Dev2.Intellisense.csproj]
C:\Program Files\dotnet\sdk\10.0.201\Microsoft.Common.CurrentVersion.targets(2451,5): warning MSB3277:             C:\Users\ultra\.nuget\packages\ironpython\3.4.0\lib\net6.0\IronPython.Wpf.dll [C:\Users\ultra\warewolf\Dev\Dev2.Intellisense\Dev2.Intellisense.csproj]
C:\Program Files\dotnet\sdk\10.0.201\Microsoft.Common.CurrentVersion.targets(2451,5): warning MSB3277:         C:\Users\ultra\.nuget\packages\microsoft.xaml.behaviors.wpf\1.1.122\lib\net462\Microsoft.Xaml.Behaviors.dll [C:\Users\ultra\warewolf\Dev\Dev2.Intellisense\Dev2.Intellisense.csproj]
C:\Program Files\dotnet\sdk\10.0.201\Microsoft.Common.CurrentVersion.targets(2451,5): warning MSB3277:           Project file item includes which caused reference "C:\Users\ultra\.nuget\packages\microsoft.xaml.behaviors.wpf\1.1.122\lib\net462\Microsoft.Xaml.Behaviors.dll". [C:\Users\ultra\warewolf\Dev\Dev2.Intellisense\Dev2.Intellisense.csproj]
C:\Program Files\dotnet\sdk\10.0.201\Microsoft.Common.CurrentVersion.targets(2451,5): warning MSB3277:             C:\Users\ultra\.nuget\packages\microsoft.xaml.behaviors.wpf\1.1.122\lib\net462\Microsoft.Xaml.Behaviors.dll [C:\Users\ultra\warewolf\Dev\Dev2.Intellisense\Dev2.Intellisense.csproj]
C:\Program Files\dotnet\sdk\10.0.201\Microsoft.Common.CurrentVersion.targets(2451,5): warning MSB3277:             C:\Users\ultra\.nuget\packages\caliburn.micro\4.0.212\lib\netcoreapp3.1\Caliburn.Micro.Platform.dll [C:\Users\ultra\warewolf\Dev\Dev2.Intellisense\Dev2.Intellisense.csproj]
C:\Program Files\dotnet\sdk\10.0.201\Microsoft.Common.CurrentVersion.targets(2451,5): warning MSB3277:             C:\Users\ultra\.nuget\packages\prism.wpf\9.0.537\lib\net462\Prism.Wpf.dll [C:\Users\ultra\warewolf\Dev\Dev2.Intellisense\Dev2.Intellisense.csproj]
C:\Program Files\dotnet\sdk\10.0.201\Microsoft.Common.CurrentVersion.targets(2451,5): warning MSB3277:         C:\Users\ultra\.nuget\packages\prism.wpf\9.0.537\lib\net462\Prism.Wpf.dll [C:\Users\ultra\warewolf\Dev\Dev2.Intellisense\Dev2.Intellisense.csproj]
C:\Program Files\dotnet\sdk\10.0.201\Microsoft.Common.CurrentVersion.targets(2451,5): warning MSB3277:           Project file item includes which caused reference "C:\Users\ultra\.nuget\packages\prism.wpf\9.0.537\lib\net462\Prism.Wpf.dll". [C:\Users\ultra\warewolf\Dev\Dev2.Intellisense\Dev2.Intellisense.csproj]
C:\Program Files\dotnet\sdk\10.0.201\Microsoft.Common.CurrentVersion.targets(2451,5): warning MSB3277:             C:\Users\ultra\.nuget\packages\prism.wpf\9.0.537\lib\net462\Prism.Wpf.dll [C:\Users\ultra\warewolf\Dev\Dev2.Intellisense\Dev2.Intellisense.csproj]
C:\Program Files\dotnet\sdk\10.0.201\Microsoft.Common.CurrentVersion.targets(2451,5): warning MSB3277:         C:\Users\ultra\.nuget\packages\reactiveui.wpf\18.4.1\lib\net462\ReactiveUI.Wpf.dll [C:\Users\ultra\warewolf\Dev\Dev2.Intellisense\Dev2.Intellisense.csproj]
C:\Program Files\dotnet\sdk\10.0.201\Microsoft.Common.CurrentVersion.targets(2451,5): warning MSB3277:           Project file item includes which caused reference "C:\Users\ultra\.nuget\packages\reactiveui.wpf\18.4.1\lib\net462\ReactiveUI.Wpf.dll". [C:\Users\ultra\warewolf\Dev\Dev2.Intellisense\Dev2.Intellisense.csproj]
C:\Program Files\dotnet\sdk\10.0.201\Microsoft.Common.CurrentVersion.targets(2451,5): warning MSB3277:             C:\Users\ultra\.nuget\packages\reactiveui.wpf\18.4.1\lib\net462\ReactiveUI.Wpf.dll [C:\Users\ultra\warewolf\Dev\Dev2.Intellisense\Dev2.Intellisense.csproj]
C:\Program Files\dotnet\sdk\10.0.201\Microsoft.Common.CurrentVersion.targets(2451,5): warning MSB3277:         C:\Users\ultra\warewolf\Dev\Binaries\Infragistcs_Net6\InfragisticsWPF4.DataVisualization.v15.1.dll [C:\Users\ultra\warewolf\Dev\Dev2.Intellisense\Dev2.Intellisense.csproj]
C:\Program Files\dotnet\sdk\10.0.201\Microsoft.Common.CurrentVersion.targets(2451,5): warning MSB3277:           Project file item includes which caused reference "C:\Users\ultra\warewolf\Dev\Binaries\Infragistcs_Net6\InfragisticsWPF4.DataVisualization.v15.1.dll". [C:\Users\ultra\warewolf\Dev\Dev2.Intellisense\Dev2.Intellisense.csproj]
C:\Program Files\dotnet\sdk\10.0.201\Microsoft.Common.CurrentVersion.targets(2451,5): warning MSB3277:             InfragisticsWPF4.Math.Calculators.v15.1, Version=15.1.20151.2055, Culture=neutral, PublicKeyToken=7dd5c3163f2cd0cb, processorArchitecture=MSIL [C:\Users\ultra\warewolf\Dev\Dev2.Intellisense\Dev2.Intellisense.csproj]
  Warewolf.Common.Framework48 -> C:\Users\ultra\warewolf\Dev\Warewolf.Common.Framework48\bin\Debug\net8.0\Warewolf.Common.Framework48.dll
  Dev2.Intellisense -> C:\Users\ultra\warewolf\Dev\Dev2.Intellisense\bin\Debug\net8.0\Dev2.Intellisense.dll
C:\Program Files\dotnet\sdk\10.0.201\Microsoft.Common.CurrentVersion.targets(2451,5): warning MSB3277: Found conflicts between different versions of "WindowsBase" that could not be resolved. [C:\Users\ultra\warewolf\Dev\Warewolf.UI\Warewolf.UI.csproj]
C:\Program Files\dotnet\sdk\10.0.201\Microsoft.Common.CurrentVersion.targets(2451,5): warning MSB3277: There was a conflict between "WindowsBase, Version=4.0.0.0, Culture=neutral, PublicKeyToken=31bf3856ad364e35" and "WindowsBase, Version=6.0.2.0, Culture=neutral, PublicKeyToken=31bf3856ad364e35". [C:\Users\ultra\warewolf\Dev\Warewolf.UI\Warewolf.UI.csproj]
C:\Program Files\dotnet\sdk\10.0.201\Microsoft.Common.CurrentVersion.targets(2451,5): warning MSB3277:     "WindowsBase, Version=4.0.0.0, Culture=neutral, PublicKeyToken=31bf3856ad364e35" was chosen because it was primary and "WindowsBase, Version=6.0.2.0, Culture=neutral, PublicKeyToken=31bf3856ad364e35" was not. [C:\Users\ultra\warewolf\Dev\Warewolf.UI\Warewolf.UI.csproj]
C:\Program Files\dotnet\sdk\10.0.201\Microsoft.Common.CurrentVersion.targets(2451,5): warning MSB3277:     References which depend on "WindowsBase, Version=4.0.0.0, Culture=neutral, PublicKeyToken=31bf3856ad364e35" [C:\Program Files\dotnet\packs\Microsoft.NETCore.App.Ref\8.0.25\ref\net8.0\WindowsBase.dll]. [C:\Users\ultra\warewolf\Dev\Warewolf.UI\Warewolf.UI.csproj]
C:\Program Files\dotnet\sdk\10.0.201\Microsoft.Common.CurrentVersion.targets(2451,5): warning MSB3277:         C:\Program Files\dotnet\packs\Microsoft.NETCore.App.Ref\8.0.25\ref\net8.0\WindowsBase.dll [C:\Users\ultra\warewolf\Dev\Warewolf.UI\Warewolf.UI.csproj]
C:\Program Files\dotnet\sdk\10.0.201\Microsoft.Common.CurrentVersion.targets(2451,5): warning MSB3277:           Project file item includes which caused reference "C:\Program Files\dotnet\packs\Microsoft.NETCore.App.Ref\8.0.25\ref\net8.0\WindowsBase.dll". [C:\Users\ultra\warewolf\Dev\Warewolf.UI\Warewolf.UI.csproj]
C:\Program Files\dotnet\sdk\10.0.201\Microsoft.Common.CurrentVersion.targets(2451,5): warning MSB3277:             C:\Program Files\dotnet\packs\Microsoft.NETCore.App.Ref\8.0.25\ref/net8.0/WindowsBase.dll [C:\Users\ultra\warewolf\Dev\Warewolf.UI\Warewolf.UI.csproj]
C:\Program Files\dotnet\sdk\10.0.201\Microsoft.Common.CurrentVersion.targets(2451,5): warning MSB3277:     References which depend on or have been unified to "WindowsBase, Version=6.0.2.0, Culture=neutral, PublicKeyToken=31bf3856ad364e35" []. [C:\Users\ultra\warewolf\Dev\Warewolf.UI\Warewolf.UI.csproj]
C:\Program Files\dotnet\sdk\10.0.201\Microsoft.Common.CurrentVersion.targets(2451,5): warning MSB3277:         C:\Users\ultra\.nuget\packages\caliburn.micro\4.0.212\lib\netcoreapp3.1\Caliburn.Micro.Platform.dll [C:\Users\ultra\warewolf\Dev\Warewolf.UI\Warewolf.UI.csproj]
C:\Program Files\dotnet\sdk\10.0.201\Microsoft.Common.CurrentVersion.targets(2451,5): warning MSB3277:           Project file item includes which caused reference "C:\Users\ultra\.nuget\packages\caliburn.micro\4.0.212\lib\netcoreapp3.1\Caliburn.Micro.Platform.dll". [C:\Users\ultra\warewolf\Dev\Warewolf.UI\Warewolf.UI.csproj]
C:\Program Files\dotnet\sdk\10.0.201\Microsoft.Common.CurrentVersion.targets(2451,5): warning MSB3277:             C:\Users\ultra\.nuget\packages\caliburn.micro\4.0.212\lib\netcoreapp3.1\Caliburn.Micro.Platform.dll [C:\Users\ultra\warewolf\Dev\Warewolf.UI\Warewolf.UI.csproj]
C:\Program Files\dotnet\sdk\10.0.201\Microsoft.Common.CurrentVersion.targets(2451,5): warning MSB3277:         C:\Users\ultra\.nuget\packages\ironpython\3.4.0\lib\net6.0\IronPython.Wpf.dll [C:\Users\ultra\warewolf\Dev\Warewolf.UI\Warewolf.UI.csproj]
C:\Program Files\dotnet\sdk\10.0.201\Microsoft.Common.CurrentVersion.targets(2451,5): warning MSB3277:           Project file item includes which caused reference "C:\Users\ultra\.nuget\packages\ironpython\3.4.0\lib\net6.0\IronPython.Wpf.dll". [C:\Users\ultra\warewolf\Dev\Warewolf.UI\Warewolf.UI.csproj]
C:\Program Files\dotnet\sdk\10.0.201\Microsoft.Common.CurrentVersion.targets(2451,5): warning MSB3277:             C:\Users\ultra\.nuget\packages\ironpython\3.4.0\lib\net6.0\IronPython.Wpf.dll [C:\Users\ultra\warewolf\Dev\Warewolf.UI\Warewolf.UI.csproj]
C:\Program Files\dotnet\sdk\10.0.201\Microsoft.Common.CurrentVersion.targets(2451,5): warning MSB3277:         C:\Users\ultra\.nuget\packages\microsoft.xaml.behaviors.wpf\1.1.122\lib\net462\Microsoft.Xaml.Behaviors.dll [C:\Users\ultra\warewolf\Dev\Warewolf.UI\Warewolf.UI.csproj]
C:\Program Files\dotnet\sdk\10.0.201\Microsoft.Common.CurrentVersion.targets(2451,5): warning MSB3277:           Project file item includes which caused reference "C:\Users\ultra\.nuget\packages\microsoft.xaml.behaviors.wpf\1.1.122\lib\net462\Microsoft.Xaml.Behaviors.dll". [C:\Users\ultra\warewolf\Dev\Warewolf.UI\Warewolf.UI.csproj]
C:\Program Files\dotnet\sdk\10.0.201\Microsoft.Common.CurrentVersion.targets(2451,5): warning MSB3277:             C:\Users\ultra\.nuget\packages\microsoft.xaml.behaviors.wpf\1.1.122\lib\net462\Microsoft.Xaml.Behaviors.dll [C:\Users\ultra\warewolf\Dev\Warewolf.UI\Warewolf.UI.csproj]
C:\Program Files\dotnet\sdk\10.0.201\Microsoft.Common.CurrentVersion.targets(2451,5): warning MSB3277:             C:\Users\ultra\.nuget\packages\caliburn.micro\4.0.212\lib\netcoreapp3.1\Caliburn.Micro.Platform.dll [C:\Users\ultra\warewolf\Dev\Warewolf.UI\Warewolf.UI.csproj]
C:\Program Files\dotnet\sdk\10.0.201\Microsoft.Common.CurrentVersion.targets(2451,5): warning MSB3277:             C:\Users\ultra\.nuget\packages\prism.wpf\9.0.537\lib\net462\Prism.Wpf.dll [C:\Users\ultra\warewolf\Dev\Warewolf.UI\Warewolf.UI.csproj]
C:\Program Files\dotnet\sdk\10.0.201\Microsoft.Common.CurrentVersion.targets(2451,5): warning MSB3277:         C:\Users\ultra\.nuget\packages\prism.wpf\9.0.537\lib\net462\Prism.Wpf.dll [C:\Users\ultra\warewolf\Dev\Warewolf.UI\Warewolf.UI.csproj]
C:\Program Files\dotnet\sdk\10.0.201\Microsoft.Common.CurrentVersion.targets(2451,5): warning MSB3277:           Project file item includes which caused reference "C:\Users\ultra\.nuget\packages\prism.wpf\9.0.537\lib\net462\Prism.Wpf.dll". [C:\Users\ultra\warewolf\Dev\Warewolf.UI\Warewolf.UI.csproj]
C:\Program Files\dotnet\sdk\10.0.201\Microsoft.Common.CurrentVersion.targets(2451,5): warning MSB3277:             C:\Users\ultra\.nuget\packages\prism.wpf\9.0.537\lib\net462\Prism.Wpf.dll [C:\Users\ultra\warewolf\Dev\Warewolf.UI\Warewolf.UI.csproj]
C:\Program Files\dotnet\sdk\10.0.201\Microsoft.Common.CurrentVersion.targets(2451,5): warning MSB3277:         C:\Users\ultra\.nuget\packages\reactiveui.wpf\18.4.1\lib\net462\ReactiveUI.Wpf.dll [C:\Users\ultra\warewolf\Dev\Warewolf.UI\Warewolf.UI.csproj]
C:\Program Files\dotnet\sdk\10.0.201\Microsoft.Common.CurrentVersion.targets(2451,5): warning MSB3277:           Project file item includes which caused reference "C:\Users\ultra\.nuget\packages\reactiveui.wpf\18.4.1\lib\net462\ReactiveUI.Wpf.dll". [C:\Users\ultra\warewolf\Dev\Warewolf.UI\Warewolf.UI.csproj]
C:\Program Files\dotnet\sdk\10.0.201\Microsoft.Common.CurrentVersion.targets(2451,5): warning MSB3277:             C:\Users\ultra\.nuget\packages\reactiveui.wpf\18.4.1\lib\net462\ReactiveUI.Wpf.dll [C:\Users\ultra\warewolf\Dev\Warewolf.UI\Warewolf.UI.csproj]
  Warewolf.UI -> C:\Users\ultra\warewolf\Dev\Warewolf.UI\bin\Debug\net8.0\Warewolf.UI.dll
  Warewolf.Trigger.Queue -> C:\Users\ultra\warewolf\Dev\Warewolf.Trigger.Queue\bin\Debug\net8.0\Warewolf.Trigger.Queue.dll
  Warewolf.QueueWorker -> C:\Users\ultra\warewolf\Dev\Warewolf.QueueWorker\bin\Debug\net8.0\linux-x64\QueueWorker.dll
  Warewolf.QueueWorker.Tests -> C:\Users\ultra\warewolf\Dev\Warewolf.QueueWorker.Tests\bin\Debug\net8.0\linux-x64\Warewolf.QueueWorker.Tests.dll
  Warewolf.QueueWorker.Tests -> C:\Users\ultra\warewolf\Bin\ServerTests-Linux\Warewolf.QueueWorker.Tests\
Publishing Warewolf.Resource.Tests for linux-x64...
  Determining projects to restore...
C:\Users\ultra\warewolf\Dev\Warewolf.Resource.Tests\Warewolf.Resource.Tests.csproj : warning NU1903: Package 'Microsoft.Windows.Compatibility' 6.0.0 has a known high severity vulnerability, https://github.com/advisories/GHSA-555c-2p6r-68mm
  Restored C:\Users\ultra\warewolf\Dev\Warewolf.Resource.Tests\Warewolf.Resource.Tests.csproj (in 295 ms).
  1 of 2 projects are up-to-date for restore.
C:\Users\ultra\warewolf\Dev\Warewolf.Resource.Tests\Warewolf.Resource.Tests.csproj : warning NU1903: Package 'Microsoft.Windows.Compatibility' 6.0.0 has a known high severity vulnerability, https://github.com/advisories/GHSA-555c-2p6r-68mm
  Warewolf.Resource -> C:\Users\ultra\warewolf\Dev\Warewolf.Resource\bin\Debug\net8.0\Warewolf.Resource.dll
C:\Program Files\dotnet\sdk\10.0.201\Microsoft.Common.CurrentVersion.targets(2451,5): warning MSB3277: Found conflicts between different versions of "System.Drawing.Common" that could not be resolved. [C:\Users\ultra\warewolf\Dev\Warewolf.Resource.Tests\Warewolf.Resource.Tests.csproj]
C:\Program Files\dotnet\sdk\10.0.201\Microsoft.Common.CurrentVersion.targets(2451,5): warning MSB3277: There was a conflict between "System.Drawing.Common, Version=6.0.0.0, Culture=neutral, PublicKeyToken=cc7b13ffcd2ddd51" and "System.Drawing.Common, Version=8.0.0.0, Culture=neutral, PublicKeyToken=cc7b13ffcd2ddd51". [C:\Users\ultra\warewolf\Dev\Warewolf.Resource.Tests\Warewolf.Resource.Tests.csproj]
C:\Program Files\dotnet\sdk\10.0.201\Microsoft.Common.CurrentVersion.targets(2451,5): warning MSB3277:     "System.Drawing.Common, Version=6.0.0.0, Culture=neutral, PublicKeyToken=cc7b13ffcd2ddd51" was chosen because it was primary and "System.Drawing.Common, Version=8.0.0.0, Culture=neutral, PublicKeyToken=cc7b13ffcd2ddd51" was not. [C:\Users\ultra\warewolf\Dev\Warewolf.Resource.Tests\Warewolf.Resource.Tests.csproj]
C:\Program Files\dotnet\sdk\10.0.201\Microsoft.Common.CurrentVersion.targets(2451,5): warning MSB3277:     References which depend on "System.Drawing.Common, Version=6.0.0.0, Culture=neutral, PublicKeyToken=cc7b13ffcd2ddd51" [C:\Users\ultra\.nuget\packages\system.drawing.common\6.0.0\lib\net6.0\System.Drawing.Common.dll]. [C:\Users\ultra\warewolf\Dev\Warewolf.Resource.Tests\Warewolf.Resource.Tests.csproj]
C:\Program Files\dotnet\sdk\10.0.201\Microsoft.Common.CurrentVersion.targets(2451,5): warning MSB3277:         C:\Users\ultra\.nuget\packages\system.drawing.common\6.0.0\lib\net6.0\System.Drawing.Common.dll [C:\Users\ultra\warewolf\Dev\Warewolf.Resource.Tests\Warewolf.Resource.Tests.csproj]
C:\Program Files\dotnet\sdk\10.0.201\Microsoft.Common.CurrentVersion.targets(2451,5): warning MSB3277:           Project file item includes which caused reference "C:\Users\ultra\.nuget\packages\system.drawing.common\6.0.0\lib\net6.0\System.Drawing.Common.dll". [C:\Users\ultra\warewolf\Dev\Warewolf.Resource.Tests\Warewolf.Resource.Tests.csproj]
C:\Program Files\dotnet\sdk\10.0.201\Microsoft.Common.CurrentVersion.targets(2451,5): warning MSB3277:             C:\Users\ultra\.nuget\packages\system.drawing.common\6.0.0\lib\net6.0\System.Drawing.Common.dll [C:\Users\ultra\warewolf\Dev\Warewolf.Resource.Tests\Warewolf.Resource.Tests.csproj]
C:\Program Files\dotnet\sdk\10.0.201\Microsoft.Common.CurrentVersion.targets(2451,5): warning MSB3277:     References which depend on or have been unified to "System.Drawing.Common, Version=8.0.0.0, Culture=neutral, PublicKeyToken=cc7b13ffcd2ddd51" []. [C:\Users\ultra\warewolf\Dev\Warewolf.Resource.Tests\Warewolf.Resource.Tests.csproj]
C:\Program Files\dotnet\sdk\10.0.201\Microsoft.Common.CurrentVersion.targets(2451,5): warning MSB3277:         C:\Users\ultra\.nuget\packages\system.windows.extensions\8.0.0\lib\net8.0\System.Windows.Extensions.dll [C:\Users\ultra\warewolf\Dev\Warewolf.Resource.Tests\Warewolf.Resource.Tests.csproj]
C:\Program Files\dotnet\sdk\10.0.201\Microsoft.Common.CurrentVersion.targets(2451,5): warning MSB3277:           Project file item includes which caused reference "C:\Users\ultra\.nuget\packages\system.windows.extensions\8.0.0\lib\net8.0\System.Windows.Extensions.dll". [C:\Users\ultra\warewolf\Dev\Warewolf.Resource.Tests\Warewolf.Resource.Tests.csproj]
C:\Program Files\dotnet\sdk\10.0.201\Microsoft.Common.CurrentVersion.targets(2451,5): warning MSB3277:             C:\Users\ultra\.nuget\packages\system.windows.extensions\8.0.0\lib\net8.0\System.Windows.Extensions.dll [C:\Users\ultra\warewolf\Dev\Warewolf.Resource.Tests\Warewolf.Resource.Tests.csproj]
C:\Program Files\dotnet\sdk\10.0.201\Microsoft.Common.CurrentVersion.targets(2451,5): warning MSB3277:             C:\Users\ultra\.nuget\packages\system.security.permissions\8.0.0\lib\net8.0\System.Security.Permissions.dll [C:\Users\ultra\warewolf\Dev\Warewolf.Resource.Tests\Warewolf.Resource.Tests.csproj]
C:\Program Files\dotnet\sdk\10.0.201\Microsoft.Common.CurrentVersion.targets(2451,5): warning MSB3277:             C:\Users\ultra\.nuget\packages\system.directoryservices\6.0.0\lib\net6.0\System.DirectoryServices.dll [C:\Users\ultra\warewolf\Dev\Warewolf.Resource.Tests\Warewolf.Resource.Tests.csproj]
C:\Program Files\dotnet\sdk\10.0.201\Microsoft.Common.CurrentVersion.targets(2451,5): warning MSB3277:             C:\Program Files\dotnet\packs\Microsoft.NETCore.App.Ref\8.0.25\ref/net8.0/System.Configuration.dll [C:\Users\ultra\warewolf\Dev\Warewolf.Resource.Tests\Warewolf.Resource.Tests.csproj]
C:\Program Files\dotnet\sdk\10.0.201\Microsoft.Common.CurrentVersion.targets(2451,5): warning MSB3277:             C:\Program Files\dotnet\packs\Microsoft.NETCore.App.Ref\8.0.25\ref/net8.0/System.Data.dll [C:\Users\ultra\warewolf\Dev\Warewolf.Resource.Tests\Warewolf.Resource.Tests.csproj]
C:\Program Files\dotnet\sdk\10.0.201\Microsoft.Common.CurrentVersion.targets(2451,5): warning MSB3277:             C:\Program Files\dotnet\packs\Microsoft.NETCore.App.Ref\8.0.25\ref/net8.0/System.Drawing.dll [C:\Users\ultra\warewolf\Dev\Warewolf.Resource.Tests\Warewolf.Resource.Tests.csproj]
C:\Program Files\dotnet\sdk\10.0.201\Microsoft.Common.CurrentVersion.targets(2451,5): warning MSB3277:             C:\Program Files\dotnet\packs\Microsoft.NETCore.App.Ref\8.0.25\ref/net8.0/System.Net.dll [C:\Users\ultra\warewolf\Dev\Warewolf.Resource.Tests\Warewolf.Resource.Tests.csproj]
C:\Program Files\dotnet\sdk\10.0.201\Microsoft.Common.CurrentVersion.targets(2451,5): warning MSB3277:             C:\Program Files\dotnet\packs\Microsoft.NETCore.App.Ref\8.0.25\ref/net8.0/System.Security.dll [C:\Users\ultra\warewolf\Dev\Warewolf.Resource.Tests\Warewolf.Resource.Tests.csproj]
C:\Program Files\dotnet\sdk\10.0.201\Microsoft.Common.CurrentVersion.targets(2451,5): warning MSB3277:             C:\Program Files\dotnet\packs\Microsoft.NETCore.App.Ref\8.0.25\ref/net8.0/System.ServiceProcess.dll [C:\Users\ultra\warewolf\Dev\Warewolf.Resource.Tests\Warewolf.Resource.Tests.csproj]
C:\Program Files\dotnet\sdk\10.0.201\Microsoft.Common.CurrentVersion.targets(2451,5): warning MSB3277:             C:\Program Files\dotnet\packs\Microsoft.NETCore.App.Ref\8.0.25\ref/net8.0/System.Transactions.dll [C:\Users\ultra\warewolf\Dev\Warewolf.Resource.Tests\Warewolf.Resource.Tests.csproj]
C:\Program Files\dotnet\sdk\10.0.201\Microsoft.Common.CurrentVersion.targets(2451,5): warning MSB3277:             C:\Program Files\dotnet\packs\Microsoft.NETCore.App.Ref\8.0.25\ref/net8.0/System.dll [C:\Users\ultra\warewolf\Dev\Warewolf.Resource.Tests\Warewolf.Resource.Tests.csproj]
C:\Program Files\dotnet\sdk\10.0.201\Microsoft.Common.CurrentVersion.targets(2451,5): warning MSB3277:             C:\Program Files\dotnet\packs\Microsoft.NETCore.App.Ref\8.0.25\ref/net8.0/WindowsBase.dll [C:\Users\ultra\warewolf\Dev\Warewolf.Resource.Tests\Warewolf.Resource.Tests.csproj]
C:\Program Files\dotnet\sdk\10.0.201\Microsoft.Common.CurrentVersion.targets(2451,5): warning MSB3277:             C:\Program Files\dotnet\packs\Microsoft.NETCore.App.Ref\8.0.25\ref/net8.0/mscorlib.dll [C:\Users\ultra\warewolf\Dev\Warewolf.Resource.Tests\Warewolf.Resource.Tests.csproj]
C:\Program Files\dotnet\sdk\10.0.201\Microsoft.Common.CurrentVersion.targets(2451,5): warning MSB3277:             C:\Users\ultra\.nuget\packages\microsoft.codecoverage\17.13.0\lib\netcoreapp3.1\Microsoft.VisualStudio.CodeCoverage.Shim.dll [C:\Users\ultra\warewolf\Dev\Warewolf.Resource.Tests\Warewolf.Resource.Tests.csproj]
C:\Program Files\dotnet\sdk\10.0.201\Microsoft.Common.CurrentVersion.targets(2451,5): warning MSB3277:         C:\Program Files\dotnet\packs\Microsoft.NETCore.App.Ref\8.0.25\ref\net8.0\System.Drawing.dll [C:\Users\ultra\warewolf\Dev\Warewolf.Resource.Tests\Warewolf.Resource.Tests.csproj]
C:\Program Files\dotnet\sdk\10.0.201\Microsoft.Common.CurrentVersion.targets(2451,5): warning MSB3277:           Project file item includes which caused reference "C:\Program Files\dotnet\packs\Microsoft.NETCore.App.Ref\8.0.25\ref\net8.0\System.Drawing.dll". [C:\Users\ultra\warewolf\Dev\Warewolf.Resource.Tests\Warewolf.Resource.Tests.csproj]
C:\Program Files\dotnet\sdk\10.0.201\Microsoft.Common.CurrentVersion.targets(2451,5): warning MSB3277:             C:\Program Files\dotnet\packs\Microsoft.NETCore.App.Ref\8.0.25\ref/net8.0/System.Drawing.dll [C:\Users\ultra\warewolf\Dev\Warewolf.Resource.Tests\Warewolf.Resource.Tests.csproj]
  Warewolf.Resource.Tests -> C:\Users\ultra\warewolf\Dev\Warewolf.Resource.Tests\bin\Debug\net8.0\linux-x64\Warewolf.Resource.Tests.dll
  Warewolf.Resource.Tests -> C:\Users\ultra\warewolf\Bin\ServerTests-Linux\Warewolf.Resource.Tests\
Publishing Warewolf.ResourceManagement.Tests for linux-x64...
  Determining projects to restore...
C:\Users\ultra\warewolf\Dev\Warewolf.Language.Parser\Warewolf.Language.Parser.fsproj : warning NU1504: Duplicate 'PackageReference' items found. Remove the duplicate items or use the Update functionality to ensure a consistent restore behavior. The duplicate 'PackageReference' items are: FSharp.Core 10.1.201, FSharp.Core 4.6.2.
C:\Users\ultra\warewolf\Dev\Warewolf.Exchange.Email.Wrapper\Warewolf.Exchange.Email.Wrapper.csproj : warning NU1701: Package 'AeroWizard 2.3.1' was restored using '.NETFramework,Version=v4.6.1, .NETFramework,Version=v4.6.2, .NETFramework,Version=v4.7, .NETFramework,Version=v4.7.1, .NETFramework,Version=v4.7.2, .NETFramework,Version=v4.8, .NETFramework,Version=v4.8.1' instead of the project target framework 'net8.0'. This package may not be fully compatible with your project. [C:\Users\ultra\warewolf\Dev\Warewolf.ResourceManagement.Tests\Warewolf.ResourceManagement.Tests.csproj]
C:\Users\ultra\warewolf\Dev\Dev2.Common\Dev2.Common.csproj : warning NU1903: Package 'Microsoft.Windows.Compatibility' 6.0.0 has a known high severity vulnerability, https://github.com/advisories/GHSA-555c-2p6r-68mm [C:\Users\ultra\warewolf\Dev\Warewolf.ResourceManagement.Tests\Warewolf.ResourceManagement.Tests.csproj]
C:\Users\ultra\warewolf\Dev\Dev2.Runtime.Services\Dev2.Runtime.Services.csproj : warning NU1902: Package 'MessagePack' 2.4.59 has a known moderate severity vulnerability, https://github.com/advisories/GHSA-4qm4-8hg2-g2xm [C:\Users\ultra\warewolf\Dev\Warewolf.ResourceManagement.Tests\Warewolf.ResourceManagement.Tests.csproj]
C:\Users\ultra\warewolf\Dev\Warewolf.Sharepoint\Warewolf.Sharepoint.csproj : warning NU1701: Package 'AeroWizard 2.3.1' was restored using '.NETFramework,Version=v4.6.1, .NETFramework,Version=v4.6.2, .NETFramework,Version=v4.7, .NETFramework,Version=v4.7.1, .NETFramework,Version=v4.7.2, .NETFramework,Version=v4.8, .NETFramework,Version=v4.8.1' instead of the project target framework 'net8.0'. This package may not be fully compatible with your project. [C:\Users\ultra\warewolf\Dev\Warewolf.ResourceManagement.Tests\Warewolf.ResourceManagement.Tests.csproj]
C:\Users\ultra\warewolf\Dev\Dev2.Activities\Dev2.Activities.csproj : warning NU1903: Package 'Microsoft.Windows.Compatibility' 6.0.0 has a known high severity vulnerability, https://github.com/advisories/GHSA-555c-2p6r-68mm [C:\Users\ultra\warewolf\Dev\Warewolf.ResourceManagement.Tests\Warewolf.ResourceManagement.Tests.csproj]
C:\Users\ultra\warewolf\Dev\Dev2.Runtime.Services\Dev2.Runtime.Services.csproj : warning NU1903: Package 'Microsoft.Windows.Compatibility' 6.0.0 has a known high severity vulnerability, https://github.com/advisories/GHSA-555c-2p6r-68mm [C:\Users\ultra\warewolf\Dev\Warewolf.ResourceManagement.Tests\Warewolf.ResourceManagement.Tests.csproj]
C:\Users\ultra\warewolf\Dev\Dev2.Services.Execution\Dev2.Services.Execution.csproj : warning NU1701: Package 'AeroWizard 2.3.1' was restored using '.NETFramework,Version=v4.6.1, .NETFramework,Version=v4.6.2, .NETFramework,Version=v4.7, .NETFramework,Version=v4.7.1, .NETFramework,Version=v4.7.2, .NETFramework,Version=v4.8, .NETFramework,Version=v4.8.1' instead of the project target framework 'net8.0'. This package may not be fully compatible with your project. [C:\Users\ultra\warewolf\Dev\Warewolf.ResourceManagement.Tests\Warewolf.ResourceManagement.Tests.csproj]
C:\Users\ultra\warewolf\Dev\Warewolf.Exchange.Email.Wrapper\Warewolf.Exchange.Email.Wrapper.csproj : warning NU1701: Package 'GroupControls 1.9.0' was restored using '.NETFramework,Version=v4.6.1, .NETFramework,Version=v4.6.2, .NETFramework,Version=v4.7, .NETFramework,Version=v4.7.1, .NETFramework,Version=v4.7.2, .NETFramework,Version=v4.8, .NETFramework,Version=v4.8.1' instead of the project target framework 'net8.0'. This package may not be fully compatible with your project. [C:\Users\ultra\warewolf\Dev\Warewolf.ResourceManagement.Tests\Warewolf.ResourceManagement.Tests.csproj]
C:\Users\ultra\warewolf\Dev\Dev2.Activities\Dev2.Activities.csproj : warning NU1701: Package 'AeroWizard 2.3.1' was restored using '.NETFramework,Version=v4.6.1, .NETFramework,Version=v4.6.2, .NETFramework,Version=v4.7, .NETFramework,Version=v4.7.1, .NETFramework,Version=v4.7.2, .NETFramework,Version=v4.8, .NETFramework,Version=v4.8.1' instead of the project target framework 'net8.0'. This package may not be fully compatible with your project. [C:\Users\ultra\warewolf\Dev\Warewolf.ResourceManagement.Tests\Warewolf.ResourceManagement.Tests.csproj]
C:\Users\ultra\warewolf\Dev\Dev2.Runtime.Services\Dev2.Runtime.Services.csproj : warning NU1701: Package 'AeroWizard 2.3.1' was restored using '.NETFramework,Version=v4.6.1, .NETFramework,Version=v4.6.2, .NETFramework,Version=v4.7, .NETFramework,Version=v4.7.1, .NETFramework,Version=v4.7.2, .NETFramework,Version=v4.8, .NETFramework,Version=v4.8.1' instead of the project target framework 'net8.0'. This package may not be fully compatible with your project. [C:\Users\ultra\warewolf\Dev\Warewolf.ResourceManagement.Tests\Warewolf.ResourceManagement.Tests.csproj]
C:\Users\ultra\warewolf\Dev\Warewolf.Sharepoint\Warewolf.Sharepoint.csproj : warning NU1701: Package 'GroupControls 1.9.0' was restored using '.NETFramework,Version=v4.6.1, .NETFramework,Version=v4.6.2, .NETFramework,Version=v4.7, .NETFramework,Version=v4.7.1, .NETFramework,Version=v4.7.2, .NETFramework,Version=v4.8, .NETFramework,Version=v4.8.1' instead of the project target framework 'net8.0'. This package may not be fully compatible with your project. [C:\Users\ultra\warewolf\Dev\Warewolf.ResourceManagement.Tests\Warewolf.ResourceManagement.Tests.csproj]
C:\Users\ultra\warewolf\Dev\Warewolf.Exchange.Email.Wrapper\Warewolf.Exchange.Email.Wrapper.csproj : warning NU1701: Package 'ReactiveUI.WPF 18.4.1' was restored using '.NETFramework,Version=v4.6.1, .NETFramework,Version=v4.6.2, .NETFramework,Version=v4.7, .NETFramework,Version=v4.7.1, .NETFramework,Version=v4.7.2, .NETFramework,Version=v4.8, .NETFramework,Version=v4.8.1' instead of the project target framework 'net8.0'. This package may not be fully compatible with your project. [C:\Users\ultra\warewolf\Dev\Warewolf.ResourceManagement.Tests\Warewolf.ResourceManagement.Tests.csproj]
C:\Users\ultra\warewolf\Dev\Dev2.Common\Dev2.Common.csproj : warning NU1701: Package 'AeroWizard 2.3.1' was restored using '.NETFramework,Version=v4.6.1, .NETFramework,Version=v4.6.2, .NETFramework,Version=v4.7, .NETFramework,Version=v4.7.1, .NETFramework,Version=v4.7.2, .NETFramework,Version=v4.8, .NETFramework,Version=v4.8.1' instead of the project target framework 'net8.0'. This package may not be fully compatible with your project. [C:\Users\ultra\warewolf\Dev\Warewolf.ResourceManagement.Tests\Warewolf.ResourceManagement.Tests.csproj]
C:\Users\ultra\warewolf\Dev\Dev2.Runtime.Services\Dev2.Runtime.Services.csproj : warning NU1701: Package 'GroupControls 1.9.0' was restored using '.NETFramework,Version=v4.6.1, .NETFramework,Version=v4.6.2, .NETFramework,Version=v4.7, .NETFramework,Version=v4.7.1, .NETFramework,Version=v4.7.2, .NETFramework,Version=v4.8, .NETFramework,Version=v4.8.1' instead of the project target framework 'net8.0'. This package may not be fully compatible with your project. [C:\Users\ultra\warewolf\Dev\Warewolf.ResourceManagement.Tests\Warewolf.ResourceManagement.Tests.csproj]
C:\Users\ultra\warewolf\Dev\Warewolf.Exchange.Email.Wrapper\Warewolf.Exchange.Email.Wrapper.csproj : warning NU1701: Package 'TaskSchedulerEditor 2.10.1' was restored using '.NETFramework,Version=v4.6.1, .NETFramework,Version=v4.6.2, .NETFramework,Version=v4.7, .NETFramework,Version=v4.7.1, .NETFramework,Version=v4.7.2, .NETFramework,Version=v4.8, .NETFramework,Version=v4.8.1' instead of the project target framework 'net8.0'. This package may not be fully compatible with your project. [C:\Users\ultra\warewolf\Dev\Warewolf.ResourceManagement.Tests\Warewolf.ResourceManagement.Tests.csproj]
C:\Users\ultra\warewolf\Dev\Dev2.Activities\Dev2.Activities.csproj : warning NU1701: Package 'GroupControls 1.9.0' was restored using '.NETFramework,Version=v4.6.1, .NETFramework,Version=v4.6.2, .NETFramework,Version=v4.7, .NETFramework,Version=v4.7.1, .NETFramework,Version=v4.7.2, .NETFramework,Version=v4.8, .NETFramework,Version=v4.8.1' instead of the project target framework 'net8.0'. This package may not be fully compatible with your project. [C:\Users\ultra\warewolf\Dev\Warewolf.ResourceManagement.Tests\Warewolf.ResourceManagement.Tests.csproj]
C:\Users\ultra\warewolf\Dev\Dev2.Services.Execution\Dev2.Services.Execution.csproj : warning NU1701: Package 'GroupControls 1.9.0' was restored using '.NETFramework,Version=v4.6.1, .NETFramework,Version=v4.6.2, .NETFramework,Version=v4.7, .NETFramework,Version=v4.7.1, .NETFramework,Version=v4.7.2, .NETFramework,Version=v4.8, .NETFramework,Version=v4.8.1' instead of the project target framework 'net8.0'. This package may not be fully compatible with your project. [C:\Users\ultra\warewolf\Dev\Warewolf.ResourceManagement.Tests\Warewolf.ResourceManagement.Tests.csproj]
C:\Users\ultra\warewolf\Dev\Dev2.Runtime.Services\Dev2.Runtime.Services.csproj : warning NU1701: Package 'ReactiveUI.WPF 18.4.1' was restored using '.NETFramework,Version=v4.6.1, .NETFramework,Version=v4.6.2, .NETFramework,Version=v4.7, .NETFramework,Version=v4.7.1, .NETFramework,Version=v4.7.2, .NETFramework,Version=v4.8, .NETFramework,Version=v4.8.1' instead of the project target framework 'net8.0'. This package may not be fully compatible with your project. [C:\Users\ultra\warewolf\Dev\Warewolf.ResourceManagement.Tests\Warewolf.ResourceManagement.Tests.csproj]
C:\Users\ultra\warewolf\Dev\Dev2.Activities\Dev2.Activities.csproj : warning NU1701: Package 'ReactiveUI.WPF 18.4.1' was restored using '.NETFramework,Version=v4.6.1, .NETFramework,Version=v4.6.2, .NETFramework,Version=v4.7, .NETFramework,Version=v4.7.1, .NETFramework,Version=v4.7.2, .NETFramework,Version=v4.8, .NETFramework,Version=v4.8.1' instead of the project target framework 'net8.0'. This package may not be fully compatible with your project. [C:\Users\ultra\warewolf\Dev\Warewolf.ResourceManagement.Tests\Warewolf.ResourceManagement.Tests.csproj]
C:\Users\ultra\warewolf\Dev\Dev2.Common\Dev2.Common.csproj : warning NU1701: Package 'GroupControls 1.9.0' was restored using '.NETFramework,Version=v4.6.1, .NETFramework,Version=v4.6.2, .NETFramework,Version=v4.7, .NETFramework,Version=v4.7.1, .NETFramework,Version=v4.7.2, .NETFramework,Version=v4.8, .NETFramework,Version=v4.8.1' instead of the project target framework 'net8.0'. This package may not be fully compatible with your project. [C:\Users\ultra\warewolf\Dev\Warewolf.ResourceManagement.Tests\Warewolf.ResourceManagement.Tests.csproj]
C:\Users\ultra\warewolf\Dev\Warewolf.Sharepoint\Warewolf.Sharepoint.csproj : warning NU1701: Package 'ReactiveUI.WPF 18.4.1' was restored using '.NETFramework,Version=v4.6.1, .NETFramework,Version=v4.6.2, .NETFramework,Version=v4.7, .NETFramework,Version=v4.7.1, .NETFramework,Version=v4.7.2, .NETFramework,Version=v4.8, .NETFramework,Version=v4.8.1' instead of the project target framework 'net8.0'. This package may not be fully compatible with your project. [C:\Users\ultra\warewolf\Dev\Warewolf.ResourceManagement.Tests\Warewolf.ResourceManagement.Tests.csproj]
C:\Users\ultra\warewolf\Dev\Dev2.Runtime.Services\Dev2.Runtime.Services.csproj : warning NU1701: Package 'TaskSchedulerEditor 2.10.1' was restored using '.NETFramework,Version=v4.6.1, .NETFramework,Version=v4.6.2, .NETFramework,Version=v4.7, .NETFramework,Version=v4.7.1, .NETFramework,Version=v4.7.2, .NETFramework,Version=v4.8, .NETFramework,Version=v4.8.1' instead of the project target framework 'net8.0'. This package may not be fully compatible with your project. [C:\Users\ultra\warewolf\Dev\Warewolf.ResourceManagement.Tests\Warewolf.ResourceManagement.Tests.csproj]
C:\Users\ultra\warewolf\Dev\Dev2.Activities\Dev2.Activities.csproj : warning NU1701: Package 'TaskSchedulerEditor 2.10.1' was restored using '.NETFramework,Version=v4.6.1, .NETFramework,Version=v4.6.2, .NETFramework,Version=v4.7, .NETFramework,Version=v4.7.1, .NETFramework,Version=v4.7.2, .NETFramework,Version=v4.8, .NETFramework,Version=v4.8.1' instead of the project target framework 'net8.0'. This package may not be fully compatible with your project. [C:\Users\ultra\warewolf\Dev\Warewolf.ResourceManagement.Tests\Warewolf.ResourceManagement.Tests.csproj]
C:\Users\ultra\warewolf\Dev\Warewolf.Sharepoint\Warewolf.Sharepoint.csproj : warning NU1701: Package 'TaskSchedulerEditor 2.10.1' was restored using '.NETFramework,Version=v4.6.1, .NETFramework,Version=v4.6.2, .NETFramework,Version=v4.7, .NETFramework,Version=v4.7.1, .NETFramework,Version=v4.7.2, .NETFramework,Version=v4.8, .NETFramework,Version=v4.8.1' instead of the project target framework 'net8.0'. This package may not be fully compatible with your project. [C:\Users\ultra\warewolf\Dev\Warewolf.ResourceManagement.Tests\Warewolf.ResourceManagement.Tests.csproj]
C:\Users\ultra\warewolf\Dev\Dev2.Common\Dev2.Common.csproj : warning NU1701: Package 'TaskSchedulerEditor 2.10.1' was restored using '.NETFramework,Version=v4.6.1, .NETFramework,Version=v4.6.2, .NETFramework,Version=v4.7, .NETFramework,Version=v4.7.1, .NETFramework,Version=v4.7.2, .NETFramework,Version=v4.8, .NETFramework,Version=v4.8.1' instead of the project target framework 'net8.0'. This package may not be fully compatible with your project. [C:\Users\ultra\warewolf\Dev\Warewolf.ResourceManagement.Tests\Warewolf.ResourceManagement.Tests.csproj]
C:\Users\ultra\warewolf\Dev\Dev2.Services.Execution\Dev2.Services.Execution.csproj : warning NU1701: Package 'ReactiveUI.WPF 18.4.1' was restored using '.NETFramework,Version=v4.6.1, .NETFramework,Version=v4.6.2, .NETFramework,Version=v4.7, .NETFramework,Version=v4.7.1, .NETFramework,Version=v4.7.2, .NETFramework,Version=v4.8, .NETFramework,Version=v4.8.1' instead of the project target framework 'net8.0'. This package may not be fully compatible with your project. [C:\Users\ultra\warewolf\Dev\Warewolf.ResourceManagement.Tests\Warewolf.ResourceManagement.Tests.csproj]
C:\Users\ultra\warewolf\Dev\Dev2.Services.Execution\Dev2.Services.Execution.csproj : warning NU1701: Package 'TaskSchedulerEditor 2.10.1' was restored using '.NETFramework,Version=v4.6.1, .NETFramework,Version=v4.6.2, .NETFramework,Version=v4.7, .NETFramework,Version=v4.7.1, .NETFramework,Version=v4.7.2, .NETFramework,Version=v4.8, .NETFramework,Version=v4.8.1' instead of the project target framework 'net8.0'. This package may not be fully compatible with your project. [C:\Users\ultra\warewolf\Dev\Warewolf.ResourceManagement.Tests\Warewolf.ResourceManagement.Tests.csproj]
C:\Users\ultra\warewolf\Dev\Warewolf.ResourceManagement\Warewolf.ResourceManagement.csproj : warning NU1701: Package 'AeroWizard 2.3.1' was restored using '.NETFramework,Version=v4.6.1, .NETFramework,Version=v4.6.2, .NETFramework,Version=v4.7, .NETFramework,Version=v4.7.1, .NETFramework,Version=v4.7.2, .NETFramework,Version=v4.8, .NETFramework,Version=v4.8.1' instead of the project target framework 'net8.0'. This package may not be fully compatible with your project. [C:\Users\ultra\warewolf\Dev\Warewolf.ResourceManagement.Tests\Warewolf.ResourceManagement.Tests.csproj]
C:\Users\ultra\warewolf\Dev\Warewolf.Storage\Warewolf.Storage.csproj : warning NU1701: Package 'AeroWizard 2.3.1' was restored using '.NETFramework,Version=v4.6.1, .NETFramework,Version=v4.6.2, .NETFramework,Version=v4.7, .NETFramework,Version=v4.7.1, .NETFramework,Version=v4.7.2, .NETFramework,Version=v4.8, .NETFramework,Version=v4.8.1' instead of the project target framework 'net8.0'. This package may not be fully compatible with your project. [C:\Users\ultra\warewolf\Dev\Warewolf.ResourceManagement.Tests\Warewolf.ResourceManagement.Tests.csproj]
C:\Users\ultra\warewolf\Dev\Warewolf.ResourceManagement\Warewolf.ResourceManagement.csproj : warning NU1701: Package 'GroupControls 1.9.0' was restored using '.NETFramework,Version=v4.6.1, .NETFramework,Version=v4.6.2, .NETFramework,Version=v4.7, .NETFramework,Version=v4.7.1, .NETFramework,Version=v4.7.2, .NETFramework,Version=v4.8, .NETFramework,Version=v4.8.1' instead of the project target framework 'net8.0'. This package may not be fully compatible with your project. [C:\Users\ultra\warewolf\Dev\Warewolf.ResourceManagement.Tests\Warewolf.ResourceManagement.Tests.csproj]
C:\Users\ultra\warewolf\Dev\Warewolf.ResourceManagement\Warewolf.ResourceManagement.csproj : warning NU1701: Package 'ReactiveUI.WPF 18.4.1' was restored using '.NETFramework,Version=v4.6.1, .NETFramework,Version=v4.6.2, .NETFramework,Version=v4.7, .NETFramework,Version=v4.7.1, .NETFramework,Version=v4.7.2, .NETFramework,Version=v4.8, .NETFramework,Version=v4.8.1' instead of the project target framework 'net8.0'. This package may not be fully compatible with your project. [C:\Users\ultra\warewolf\Dev\Warewolf.ResourceManagement.Tests\Warewolf.ResourceManagement.Tests.csproj]
C:\Users\ultra\warewolf\Dev\Warewolf.ResourceManagement\Warewolf.ResourceManagement.csproj : warning NU1701: Package 'TaskSchedulerEditor 2.10.1' was restored using '.NETFramework,Version=v4.6.1, .NETFramework,Version=v4.6.2, .NETFramework,Version=v4.7, .NETFramework,Version=v4.7.1, .NETFramework,Version=v4.7.2, .NETFramework,Version=v4.8, .NETFramework,Version=v4.8.1' instead of the project target framework 'net8.0'. This package may not be fully compatible with your project. [C:\Users\ultra\warewolf\Dev\Warewolf.ResourceManagement.Tests\Warewolf.ResourceManagement.Tests.csproj]
C:\Users\ultra\warewolf\Dev\Warewolf.Storage\Warewolf.Storage.csproj : warning NU1701: Package 'GroupControls 1.9.0' was restored using '.NETFramework,Version=v4.6.1, .NETFramework,Version=v4.6.2, .NETFramework,Version=v4.7, .NETFramework,Version=v4.7.1, .NETFramework,Version=v4.7.2, .NETFramework,Version=v4.8, .NETFramework,Version=v4.8.1' instead of the project target framework 'net8.0'. This package may not be fully compatible with your project. [C:\Users\ultra\warewolf\Dev\Warewolf.ResourceManagement.Tests\Warewolf.ResourceManagement.Tests.csproj]
C:\Users\ultra\warewolf\Dev\Warewolf.Driver.Serilog\Warewolf.Driver.Serilog.csproj : warning NU1701: Package 'AeroWizard 2.3.1' was restored using '.NETFramework,Version=v4.6.1, .NETFramework,Version=v4.6.2, .NETFramework,Version=v4.7, .NETFramework,Version=v4.7.1, .NETFramework,Version=v4.7.2, .NETFramework,Version=v4.8, .NETFramework,Version=v4.8.1' instead of the project target framework 'net8.0'. This package may not be fully compatible with your project. [C:\Users\ultra\warewolf\Dev\Warewolf.ResourceManagement.Tests\Warewolf.ResourceManagement.Tests.csproj]
C:\Users\ultra\warewolf\Dev\Warewolf.Storage\Warewolf.Storage.csproj : warning NU1701: Package 'ReactiveUI.WPF 18.4.1' was restored using '.NETFramework,Version=v4.6.1, .NETFramework,Version=v4.6.2, .NETFramework,Version=v4.7, .NETFramework,Version=v4.7.1, .NETFramework,Version=v4.7.2, .NETFramework,Version=v4.8, .NETFramework,Version=v4.8.1' instead of the project target framework 'net8.0'. This package may not be fully compatible with your project. [C:\Users\ultra\warewolf\Dev\Warewolf.ResourceManagement.Tests\Warewolf.ResourceManagement.Tests.csproj]
C:\Users\ultra\warewolf\Dev\Warewolf.Driver.Serilog\Warewolf.Driver.Serilog.csproj : warning NU1701: Package 'GroupControls 1.9.0' was restored using '.NETFramework,Version=v4.6.1, .NETFramework,Version=v4.6.2, .NETFramework,Version=v4.7, .NETFramework,Version=v4.7.1, .NETFramework,Version=v4.7.2, .NETFramework,Version=v4.8, .NETFramework,Version=v4.8.1' instead of the project target framework 'net8.0'. This package may not be fully compatible with your project. [C:\Users\ultra\warewolf\Dev\Warewolf.ResourceManagement.Tests\Warewolf.ResourceManagement.Tests.csproj]
C:\Users\ultra\warewolf\Dev\Warewolf.Driver.Serilog\Warewolf.Driver.Serilog.csproj : warning NU1701: Package 'ReactiveUI.WPF 18.4.1' was restored using '.NETFramework,Version=v4.6.1, .NETFramework,Version=v4.6.2, .NETFramework,Version=v4.7, .NETFramework,Version=v4.7.1, .NETFramework,Version=v4.7.2, .NETFramework,Version=v4.8, .NETFramework,Version=v4.8.1' instead of the project target framework 'net8.0'. This package may not be fully compatible with your project. [C:\Users\ultra\warewolf\Dev\Warewolf.ResourceManagement.Tests\Warewolf.ResourceManagement.Tests.csproj]
C:\Users\ultra\warewolf\Dev\Warewolf.Driver.Serilog\Warewolf.Driver.Serilog.csproj : warning NU1701: Package 'TaskSchedulerEditor 2.10.1' was restored using '.NETFramework,Version=v4.6.1, .NETFramework,Version=v4.6.2, .NETFramework,Version=v4.7, .NETFramework,Version=v4.7.1, .NETFramework,Version=v4.7.2, .NETFramework,Version=v4.8, .NETFramework,Version=v4.8.1' instead of the project target framework 'net8.0'. This package may not be fully compatible with your project. [C:\Users\ultra\warewolf\Dev\Warewolf.ResourceManagement.Tests\Warewolf.ResourceManagement.Tests.csproj]
C:\Users\ultra\warewolf\Dev\Dev2.Common.Interfaces\Dev2.Common.Interfaces.csproj : warning NU1903: Package 'Microsoft.Windows.Compatibility' 6.0.0 has a known high severity vulnerability, https://github.com/advisories/GHSA-555c-2p6r-68mm [C:\Users\ultra\warewolf\Dev\Warewolf.ResourceManagement.Tests\Warewolf.ResourceManagement.Tests.csproj]
C:\Users\ultra\warewolf\Dev\Dev2.Common.Interfaces\Dev2.Common.Interfaces.csproj : warning NU1701: Package 'AeroWizard 2.3.1' was restored using '.NETFramework,Version=v4.6.1, .NETFramework,Version=v4.6.2, .NETFramework,Version=v4.7, .NETFramework,Version=v4.7.1, .NETFramework,Version=v4.7.2, .NETFramework,Version=v4.8, .NETFramework,Version=v4.8.1' instead of the project target framework 'net8.0'. This package may not be fully compatible with your project. [C:\Users\ultra\warewolf\Dev\Warewolf.ResourceManagement.Tests\Warewolf.ResourceManagement.Tests.csproj]
C:\Users\ultra\warewolf\Dev\Dev2.Common.Interfaces\Dev2.Common.Interfaces.csproj : warning NU1701: Package 'GroupControls 1.9.0' was restored using '.NETFramework,Version=v4.6.1, .NETFramework,Version=v4.6.2, .NETFramework,Version=v4.7, .NETFramework,Version=v4.7.1, .NETFramework,Version=v4.7.2, .NETFramework,Version=v4.8, .NETFramework,Version=v4.8.1' instead of the project target framework 'net8.0'. This package may not be fully compatible with your project. [C:\Users\ultra\warewolf\Dev\Warewolf.ResourceManagement.Tests\Warewolf.ResourceManagement.Tests.csproj]
C:\Users\ultra\warewolf\Dev\Dev2.Common.Interfaces\Dev2.Common.Interfaces.csproj : warning NU1701: Package 'TaskSchedulerEditor 2.10.1' was restored using '.NETFramework,Version=v4.6.1, .NETFramework,Version=v4.6.2, .NETFramework,Version=v4.7, .NETFramework,Version=v4.7.1, .NETFramework,Version=v4.7.2, .NETFramework,Version=v4.8, .NETFramework,Version=v4.8.1' instead of the project target framework 'net8.0'. This package may not be fully compatible with your project. [C:\Users\ultra\warewolf\Dev\Warewolf.ResourceManagement.Tests\Warewolf.ResourceManagement.Tests.csproj]
C:\Users\ultra\warewolf\Dev\Warewolf.Storage.Interfaces\Warewolf.Storage.Interfaces.csproj : warning NU1701: Package 'AeroWizard 2.3.1' was restored using '.NETFramework,Version=v4.6.1, .NETFramework,Version=v4.6.2, .NETFramework,Version=v4.7, .NETFramework,Version=v4.7.1, .NETFramework,Version=v4.7.2, .NETFramework,Version=v4.8, .NETFramework,Version=v4.8.1' instead of the project target framework 'net8.0'. This package may not be fully compatible with your project. [C:\Users\ultra\warewolf\Dev\Warewolf.ResourceManagement.Tests\Warewolf.ResourceManagement.Tests.csproj]
C:\Users\ultra\warewolf\Dev\Dev2.Scheduler\Dev2.Scheduler.csproj : warning NU1701: Package 'AeroWizard 2.3.1' was restored using '.NETFramework,Version=v4.6.1, .NETFramework,Version=v4.6.2, .NETFramework,Version=v4.7, .NETFramework,Version=v4.7.1, .NETFramework,Version=v4.7.2, .NETFramework,Version=v4.8, .NETFramework,Version=v4.8.1' instead of the project target framework 'net8.0'. This package may not be fully compatible with your project. [C:\Users\ultra\warewolf\Dev\Warewolf.ResourceManagement.Tests\Warewolf.ResourceManagement.Tests.csproj]
C:\Users\ultra\warewolf\Dev\Warewolf.Storage.Interfaces\Warewolf.Storage.Interfaces.csproj : warning NU1701: Package 'GroupControls 1.9.0' was restored using '.NETFramework,Version=v4.6.1, .NETFramework,Version=v4.6.2, .NETFramework,Version=v4.7, .NETFramework,Version=v4.7.1, .NETFramework,Version=v4.7.2, .NETFramework,Version=v4.8, .NETFramework,Version=v4.8.1' instead of the project target framework 'net8.0'. This package may not be fully compatible with your project. [C:\Users\ultra\warewolf\Dev\Warewolf.ResourceManagement.Tests\Warewolf.ResourceManagement.Tests.csproj]
C:\Users\ultra\warewolf\Dev\Warewolf.Storage.Interfaces\Warewolf.Storage.Interfaces.csproj : warning NU1701: Package 'TaskSchedulerEditor 2.10.1' was restored using '.NETFramework,Version=v4.6.1, .NETFramework,Version=v4.6.2, .NETFramework,Version=v4.7, .NETFramework,Version=v4.7.1, .NETFramework,Version=v4.7.2, .NETFramework,Version=v4.8, .NETFramework,Version=v4.8.1' instead of the project target framework 'net8.0'. This package may not be fully compatible with your project. [C:\Users\ultra\warewolf\Dev\Warewolf.ResourceManagement.Tests\Warewolf.ResourceManagement.Tests.csproj]
C:\Users\ultra\warewolf\Dev\Dev2.Scheduler\Dev2.Scheduler.csproj : warning NU1701: Package 'GroupControls 1.9.0' was restored using '.NETFramework,Version=v4.6.1, .NETFramework,Version=v4.6.2, .NETFramework,Version=v4.7, .NETFramework,Version=v4.7.1, .NETFramework,Version=v4.7.2, .NETFramework,Version=v4.8, .NETFramework,Version=v4.8.1' instead of the project target framework 'net8.0'. This package may not be fully compatible with your project. [C:\Users\ultra\warewolf\Dev\Warewolf.ResourceManagement.Tests\Warewolf.ResourceManagement.Tests.csproj]
C:\Users\ultra\warewolf\Dev\Warewolf.Storage\Warewolf.Storage.csproj : warning NU1701: Package 'TaskSchedulerEditor 2.10.1' was restored using '.NETFramework,Version=v4.6.1, .NETFramework,Version=v4.6.2, .NETFramework,Version=v4.7, .NETFramework,Version=v4.7.1, .NETFramework,Version=v4.7.2, .NETFramework,Version=v4.8, .NETFramework,Version=v4.8.1' instead of the project target framework 'net8.0'. This package may not be fully compatible with your project. [C:\Users\ultra\warewolf\Dev\Warewolf.ResourceManagement.Tests\Warewolf.ResourceManagement.Tests.csproj]
C:\Users\ultra\warewolf\Dev\Dev2.Scheduler\Dev2.Scheduler.csproj : warning NU1701: Package 'ReactiveUI.WPF 18.4.1' was restored using '.NETFramework,Version=v4.6.1, .NETFramework,Version=v4.6.2, .NETFramework,Version=v4.7, .NETFramework,Version=v4.7.1, .NETFramework,Version=v4.7.2, .NETFramework,Version=v4.8, .NETFramework,Version=v4.8.1' instead of the project target framework 'net8.0'. This package may not be fully compatible with your project. [C:\Users\ultra\warewolf\Dev\Warewolf.ResourceManagement.Tests\Warewolf.ResourceManagement.Tests.csproj]
C:\Users\ultra\warewolf\Dev\Dev2.Scheduler\Dev2.Scheduler.csproj : warning NU1701: Package 'TaskSchedulerEditor 2.10.1' was restored using '.NETFramework,Version=v4.6.1, .NETFramework,Version=v4.6.2, .NETFramework,Version=v4.7, .NETFramework,Version=v4.7.1, .NETFramework,Version=v4.7.2, .NETFramework,Version=v4.8, .NETFramework,Version=v4.8.1' instead of the project target framework 'net8.0'. This package may not be fully compatible with your project. [C:\Users\ultra\warewolf\Dev\Warewolf.ResourceManagement.Tests\Warewolf.ResourceManagement.Tests.csproj]
C:\Users\ultra\warewolf\Dev\Warewolf.Common\Warewolf.Common.csproj : warning NU1701: Package 'AeroWizard 2.3.1' was restored using '.NETFramework,Version=v4.6.1, .NETFramework,Version=v4.6.2, .NETFramework,Version=v4.7, .NETFramework,Version=v4.7.1, .NETFramework,Version=v4.7.2, .NETFramework,Version=v4.8, .NETFramework,Version=v4.8.1' instead of the project target framework 'net8.0'. This package may not be fully compatible with your project. [C:\Users\ultra\warewolf\Dev\Warewolf.ResourceManagement.Tests\Warewolf.ResourceManagement.Tests.csproj]
C:\Users\ultra\warewolf\Dev\Warewolf.Common\Warewolf.Common.csproj : warning NU1701: Package 'GroupControls 1.9.0' was restored using '.NETFramework,Version=v4.6.1, .NETFramework,Version=v4.6.2, .NETFramework,Version=v4.7, .NETFramework,Version=v4.7.1, .NETFramework,Version=v4.7.2, .NETFramework,Version=v4.8, .NETFramework,Version=v4.8.1' instead of the project target framework 'net8.0'. This package may not be fully compatible with your project. [C:\Users\ultra\warewolf\Dev\Warewolf.ResourceManagement.Tests\Warewolf.ResourceManagement.Tests.csproj]
C:\Users\ultra\warewolf\Dev\Warewolf.Common\Warewolf.Common.csproj : warning NU1701: Package 'TaskSchedulerEditor 2.10.1' was restored using '.NETFramework,Version=v4.6.1, .NETFramework,Version=v4.6.2, .NETFramework,Version=v4.7, .NETFramework,Version=v4.7.1, .NETFramework,Version=v4.7.2, .NETFramework,Version=v4.8, .NETFramework,Version=v4.8.1' instead of the project target framework 'net8.0'. This package may not be fully compatible with your project. [C:\Users\ultra\warewolf\Dev\Warewolf.ResourceManagement.Tests\Warewolf.ResourceManagement.Tests.csproj]
C:\Users\ultra\warewolf\Dev\Dev2.Development.Languages\Dev2.Development.Languages.csproj : warning NU1701: Package 'AeroWizard 2.3.1' was restored using '.NETFramework,Version=v4.6.1, .NETFramework,Version=v4.6.2, .NETFramework,Version=v4.7, .NETFramework,Version=v4.7.1, .NETFramework,Version=v4.7.2, .NETFramework,Version=v4.8, .NETFramework,Version=v4.8.1' instead of the project target framework 'net8.0'. This package may not be fully compatible with your project. [C:\Users\ultra\warewolf\Dev\Warewolf.ResourceManagement.Tests\Warewolf.ResourceManagement.Tests.csproj]
C:\Users\ultra\warewolf\Dev\Dev2.Development.Languages\Dev2.Development.Languages.csproj : warning NU1701: Package 'GroupControls 1.9.0' was restored using '.NETFramework,Version=v4.6.1, .NETFramework,Version=v4.6.2, .NETFramework,Version=v4.7, .NETFramework,Version=v4.7.1, .NETFramework,Version=v4.7.2, .NETFramework,Version=v4.8, .NETFramework,Version=v4.8.1' instead of the project target framework 'net8.0'. This package may not be fully compatible with your project. [C:\Users\ultra\warewolf\Dev\Warewolf.ResourceManagement.Tests\Warewolf.ResourceManagement.Tests.csproj]
C:\Users\ultra\warewolf\Dev\Warewolf.Licensing\Warewolf.Licensing.csproj : warning NU1701: Package 'AeroWizard 2.3.1' was restored using '.NETFramework,Version=v4.6.1, .NETFramework,Version=v4.6.2, .NETFramework,Version=v4.7, .NETFramework,Version=v4.7.1, .NETFramework,Version=v4.7.2, .NETFramework,Version=v4.8, .NETFramework,Version=v4.8.1' instead of the project target framework 'net8.0'. This package may not be fully compatible with your project. [C:\Users\ultra\warewolf\Dev\Warewolf.ResourceManagement.Tests\Warewolf.ResourceManagement.Tests.csproj]
C:\Users\ultra\warewolf\Dev\Dev2.Development.Languages\Dev2.Development.Languages.csproj : warning NU1701: Package 'TaskSchedulerEditor 2.10.1' was restored using '.NETFramework,Version=v4.6.1, .NETFramework,Version=v4.6.2, .NETFramework,Version=v4.7, .NETFramework,Version=v4.7.1, .NETFramework,Version=v4.7.2, .NETFramework,Version=v4.8, .NETFramework,Version=v4.8.1' instead of the project target framework 'net8.0'. This package may not be fully compatible with your project. [C:\Users\ultra\warewolf\Dev\Warewolf.ResourceManagement.Tests\Warewolf.ResourceManagement.Tests.csproj]
C:\Users\ultra\warewolf\Dev\Warewolf.Licensing\Warewolf.Licensing.csproj : warning NU1701: Package 'GroupControls 1.9.0' was restored using '.NETFramework,Version=v4.6.1, .NETFramework,Version=v4.6.2, .NETFramework,Version=v4.7, .NETFramework,Version=v4.7.1, .NETFramework,Version=v4.7.2, .NETFramework,Version=v4.8, .NETFramework,Version=v4.8.1' instead of the project target framework 'net8.0'. This package may not be fully compatible with your project. [C:\Users\ultra\warewolf\Dev\Warewolf.ResourceManagement.Tests\Warewolf.ResourceManagement.Tests.csproj]
C:\Users\ultra\warewolf\Dev\Dev2.Util\Dev2.Util.csproj : warning NU1903: Package 'Microsoft.Windows.Compatibility' 6.0.0 has a known high severity vulnerability, https://github.com/advisories/GHSA-555c-2p6r-68mm [C:\Users\ultra\warewolf\Dev\Warewolf.ResourceManagement.Tests\Warewolf.ResourceManagement.Tests.csproj]
C:\Users\ultra\warewolf\Dev\Warewolf.Licensing\Warewolf.Licensing.csproj : warning NU1701: Package 'TaskSchedulerEditor 2.10.1' was restored using '.NETFramework,Version=v4.6.1, .NETFramework,Version=v4.6.2, .NETFramework,Version=v4.7, .NETFramework,Version=v4.7.1, .NETFramework,Version=v4.7.2, .NETFramework,Version=v4.8, .NETFramework,Version=v4.8.1' instead of the project target framework 'net8.0'. This package may not be fully compatible with your project. [C:\Users\ultra\warewolf\Dev\Warewolf.ResourceManagement.Tests\Warewolf.ResourceManagement.Tests.csproj]
C:\Users\ultra\warewolf\Dev\Dev2.Util\Dev2.Util.csproj : warning NU1701: Package 'AeroWizard 2.3.1' was restored using '.NETFramework,Version=v4.6.1, .NETFramework,Version=v4.6.2, .NETFramework,Version=v4.7, .NETFramework,Version=v4.7.1, .NETFramework,Version=v4.7.2, .NETFramework,Version=v4.8, .NETFramework,Version=v4.8.1' instead of the project target framework 'net8.0'. This package may not be fully compatible with your project. [C:\Users\ultra\warewolf\Dev\Warewolf.ResourceManagement.Tests\Warewolf.ResourceManagement.Tests.csproj]
C:\Users\ultra\warewolf\Dev\Dev2.Util\Dev2.Util.csproj : warning NU1701: Package 'GroupControls 1.9.0' was restored using '.NETFramework,Version=v4.6.1, .NETFramework,Version=v4.6.2, .NETFramework,Version=v4.7, .NETFramework,Version=v4.7.1, .NETFramework,Version=v4.7.2, .NETFramework,Version=v4.8, .NETFramework,Version=v4.8.1' instead of the project target framework 'net8.0'. This package may not be fully compatible with your project. [C:\Users\ultra\warewolf\Dev\Warewolf.ResourceManagement.Tests\Warewolf.ResourceManagement.Tests.csproj]
C:\Users\ultra\warewolf\Dev\Dev2.Util\Dev2.Util.csproj : warning NU1701: Package 'TaskSchedulerEditor 2.10.1' was restored using '.NETFramework,Version=v4.6.1, .NETFramework,Version=v4.6.2, .NETFramework,Version=v4.7, .NETFramework,Version=v4.7.1, .NETFramework,Version=v4.7.2, .NETFramework,Version=v4.8, .NETFramework,Version=v4.8.1' instead of the project target framework 'net8.0'. This package may not be fully compatible with your project. [C:\Users\ultra\warewolf\Dev\Warewolf.ResourceManagement.Tests\Warewolf.ResourceManagement.Tests.csproj]
C:\Users\ultra\warewolf\Dev\Dev2.Diagnostics\Dev2.Diagnostics.csproj : warning NU1701: Package 'AeroWizard 2.3.1' was restored using '.NETFramework,Version=v4.6.1, .NETFramework,Version=v4.6.2, .NETFramework,Version=v4.7, .NETFramework,Version=v4.7.1, .NETFramework,Version=v4.7.2, .NETFramework,Version=v4.8, .NETFramework,Version=v4.8.1' instead of the project target framework 'net8.0'. This package may not be fully compatible with your project. [C:\Users\ultra\warewolf\Dev\Warewolf.ResourceManagement.Tests\Warewolf.ResourceManagement.Tests.csproj]
C:\Users\ultra\warewolf\Dev\Dev2.Diagnostics\Dev2.Diagnostics.csproj : warning NU1701: Package 'GroupControls 1.9.0' was restored using '.NETFramework,Version=v4.6.1, .NETFramework,Version=v4.6.2, .NETFramework,Version=v4.7, .NETFramework,Version=v4.7.1, .NETFramework,Version=v4.7.2, .NETFramework,Version=v4.8, .NETFramework,Version=v4.8.1' instead of the project target framework 'net8.0'. This package may not be fully compatible with your project. [C:\Users\ultra\warewolf\Dev\Warewolf.ResourceManagement.Tests\Warewolf.ResourceManagement.Tests.csproj]
C:\Users\ultra\warewolf\Dev\Dev2.Diagnostics\Dev2.Diagnostics.csproj : warning NU1701: Package 'TaskSchedulerEditor 2.10.1' was restored using '.NETFramework,Version=v4.6.1, .NETFramework,Version=v4.6.2, .NETFramework,Version=v4.7, .NETFramework,Version=v4.7.1, .NETFramework,Version=v4.7.2, .NETFramework,Version=v4.8, .NETFramework,Version=v4.8.1' instead of the project target framework 'net8.0'. This package may not be fully compatible with your project. [C:\Users\ultra\warewolf\Dev\Warewolf.ResourceManagement.Tests\Warewolf.ResourceManagement.Tests.csproj]
C:\Users\ultra\warewolf\Dev\Dev2.TaskScheduler.Wrappers\Dev2.TaskScheduler.Wrappers.csproj : warning NU1701: Package 'AeroWizard 2.3.1' was restored using '.NETFramework,Version=v4.6.1, .NETFramework,Version=v4.6.2, .NETFramework,Version=v4.7, .NETFramework,Version=v4.7.1, .NETFramework,Version=v4.7.2, .NETFramework,Version=v4.8, .NETFramework,Version=v4.8.1' instead of the project target framework 'net8.0'. This package may not be fully compatible with your project. [C:\Users\ultra\warewolf\Dev\Warewolf.ResourceManagement.Tests\Warewolf.ResourceManagement.Tests.csproj]
C:\Users\ultra\warewolf\Dev\Dev2.TaskScheduler.Wrappers\Dev2.TaskScheduler.Wrappers.csproj : warning NU1701: Package 'GroupControls 1.9.0' was restored using '.NETFramework,Version=v4.6.1, .NETFramework,Version=v4.6.2, .NETFramework,Version=v4.7, .NETFramework,Version=v4.7.1, .NETFramework,Version=v4.7.2, .NETFramework,Version=v4.8, .NETFramework,Version=v4.8.1' instead of the project target framework 'net8.0'. This package may not be fully compatible with your project. [C:\Users\ultra\warewolf\Dev\Warewolf.ResourceManagement.Tests\Warewolf.ResourceManagement.Tests.csproj]
C:\Users\ultra\warewolf\Dev\Dev2.TaskScheduler.Wrappers\Dev2.TaskScheduler.Wrappers.csproj : warning NU1701: Package 'TaskSchedulerEditor 2.10.1' was restored using '.NETFramework,Version=v4.6.1, .NETFramework,Version=v4.6.2, .NETFramework,Version=v4.7, .NETFramework,Version=v4.7.1, .NETFramework,Version=v4.7.2, .NETFramework,Version=v4.8, .NETFramework,Version=v4.8.1' instead of the project target framework 'net8.0'. This package may not be fully compatible with your project. [C:\Users\ultra\warewolf\Dev\Warewolf.ResourceManagement.Tests\Warewolf.ResourceManagement.Tests.csproj]
C:\Users\ultra\warewolf\Dev\Warewolf.Core\Warewolf.Core.csproj : warning NU1903: Package 'Microsoft.Windows.Compatibility' 6.0.0 has a known high severity vulnerability, https://github.com/advisories/GHSA-555c-2p6r-68mm [C:\Users\ultra\warewolf\Dev\Warewolf.ResourceManagement.Tests\Warewolf.ResourceManagement.Tests.csproj]
C:\Users\ultra\warewolf\Dev\Warewolf.Core\Warewolf.Core.csproj : warning NU1701: Package 'AeroWizard 2.3.1' was restored using '.NETFramework,Version=v4.6.1, .NETFramework,Version=v4.6.2, .NETFramework,Version=v4.7, .NETFramework,Version=v4.7.1, .NETFramework,Version=v4.7.2, .NETFramework,Version=v4.8, .NETFramework,Version=v4.8.1' instead of the project target framework 'net8.0'. This package may not be fully compatible with your project. [C:\Users\ultra\warewolf\Dev\Warewolf.ResourceManagement.Tests\Warewolf.ResourceManagement.Tests.csproj]
C:\Users\ultra\warewolf\Dev\Warewolf.Core\Warewolf.Core.csproj : warning NU1701: Package 'GroupControls 1.9.0' was restored using '.NETFramework,Version=v4.6.1, .NETFramework,Version=v4.6.2, .NETFramework,Version=v4.7, .NETFramework,Version=v4.7.1, .NETFramework,Version=v4.7.2, .NETFramework,Version=v4.8, .NETFramework,Version=v4.8.1' instead of the project target framework 'net8.0'. This package may not be fully compatible with your project. [C:\Users\ultra\warewolf\Dev\Warewolf.ResourceManagement.Tests\Warewolf.ResourceManagement.Tests.csproj]
C:\Users\ultra\warewolf\Dev\Warewolf.Core\Warewolf.Core.csproj : warning NU1701: Package 'ReactiveUI.WPF 18.4.1' was restored using '.NETFramework,Version=v4.6.1, .NETFramework,Version=v4.6.2, .NETFramework,Version=v4.7, .NETFramework,Version=v4.7.1, .NETFramework,Version=v4.7.2, .NETFramework,Version=v4.8, .NETFramework,Version=v4.8.1' instead of the project target framework 'net8.0'. This package may not be fully compatible with your project. [C:\Users\ultra\warewolf\Dev\Warewolf.ResourceManagement.Tests\Warewolf.ResourceManagement.Tests.csproj]
C:\Users\ultra\warewolf\Dev\Warewolf.Core\Warewolf.Core.csproj : warning NU1701: Package 'TaskSchedulerEditor 2.10.1' was restored using '.NETFramework,Version=v4.6.1, .NETFramework,Version=v4.6.2, .NETFramework,Version=v4.7, .NETFramework,Version=v4.7.1, .NETFramework,Version=v4.7.2, .NETFramework,Version=v4.8, .NETFramework,Version=v4.8.1' instead of the project target framework 'net8.0'. This package may not be fully compatible with your project. [C:\Users\ultra\warewolf\Dev\Warewolf.ResourceManagement.Tests\Warewolf.ResourceManagement.Tests.csproj]
C:\Users\ultra\warewolf\Dev\Dev2.Data\Dev2.Data.csproj : warning NU1701: Package 'AeroWizard 2.3.1' was restored using '.NETFramework,Version=v4.6.1, .NETFramework,Version=v4.6.2, .NETFramework,Version=v4.7, .NETFramework,Version=v4.7.1, .NETFramework,Version=v4.7.2, .NETFramework,Version=v4.8, .NETFramework,Version=v4.8.1' instead of the project target framework 'net8.0'. This package may not be fully compatible with your project. [C:\Users\ultra\warewolf\Dev\Warewolf.ResourceManagement.Tests\Warewolf.ResourceManagement.Tests.csproj]
C:\Users\ultra\warewolf\Dev\Dev2.Data\Dev2.Data.csproj : warning NU1701: Package 'GroupControls 1.9.0' was restored using '.NETFramework,Version=v4.6.1, .NETFramework,Version=v4.6.2, .NETFramework,Version=v4.7, .NETFramework,Version=v4.7.1, .NETFramework,Version=v4.7.2, .NETFramework,Version=v4.8, .NETFramework,Version=v4.8.1' instead of the project target framework 'net8.0'. This package may not be fully compatible with your project. [C:\Users\ultra\warewolf\Dev\Warewolf.ResourceManagement.Tests\Warewolf.ResourceManagement.Tests.csproj]
C:\Users\ultra\warewolf\Dev\Dev2.Data\Dev2.Data.csproj : warning NU1701: Package 'ReactiveUI.WPF 18.4.1' was restored using '.NETFramework,Version=v4.6.1, .NETFramework,Version=v4.6.2, .NETFramework,Version=v4.7, .NETFramework,Version=v4.7.1, .NETFramework,Version=v4.7.2, .NETFramework,Version=v4.8, .NETFramework,Version=v4.8.1' instead of the project target framework 'net8.0'. This package may not be fully compatible with your project. [C:\Users\ultra\warewolf\Dev\Warewolf.ResourceManagement.Tests\Warewolf.ResourceManagement.Tests.csproj]
C:\Users\ultra\warewolf\Dev\Dev2.Data\Dev2.Data.csproj : warning NU1701: Package 'TaskSchedulerEditor 2.10.1' was restored using '.NETFramework,Version=v4.6.1, .NETFramework,Version=v4.6.2, .NETFramework,Version=v4.7, .NETFramework,Version=v4.7.1, .NETFramework,Version=v4.7.2, .NETFramework,Version=v4.8, .NETFramework,Version=v4.8.1' instead of the project target framework 'net8.0'. This package may not be fully compatible with your project. [C:\Users\ultra\warewolf\Dev\Warewolf.ResourceManagement.Tests\Warewolf.ResourceManagement.Tests.csproj]
C:\Users\ultra\warewolf\Dev\Warewolf.Data\Warewolf.Data.csproj : warning NU1701: Package 'AeroWizard 2.3.1' was restored using '.NETFramework,Version=v4.6.1, .NETFramework,Version=v4.6.2, .NETFramework,Version=v4.7, .NETFramework,Version=v4.7.1, .NETFramework,Version=v4.7.2, .NETFramework,Version=v4.8, .NETFramework,Version=v4.8.1' instead of the project target framework 'net8.0'. This package may not be fully compatible with your project. [C:\Users\ultra\warewolf\Dev\Warewolf.ResourceManagement.Tests\Warewolf.ResourceManagement.Tests.csproj]
C:\Users\ultra\warewolf\Dev\Warewolf.Data\Warewolf.Data.csproj : warning NU1701: Package 'GroupControls 1.9.0' was restored using '.NETFramework,Version=v4.6.1, .NETFramework,Version=v4.6.2, .NETFramework,Version=v4.7, .NETFramework,Version=v4.7.1, .NETFramework,Version=v4.7.2, .NETFramework,Version=v4.8, .NETFramework,Version=v4.8.1' instead of the project target framework 'net8.0'. This package may not be fully compatible with your project. [C:\Users\ultra\warewolf\Dev\Warewolf.ResourceManagement.Tests\Warewolf.ResourceManagement.Tests.csproj]
C:\Users\ultra\warewolf\Dev\Warewolf.Data\Warewolf.Data.csproj : warning NU1701: Package 'TaskSchedulerEditor 2.10.1' was restored using '.NETFramework,Version=v4.6.1, .NETFramework,Version=v4.6.2, .NETFramework,Version=v4.7, .NETFramework,Version=v4.7.1, .NETFramework,Version=v4.7.2, .NETFramework,Version=v4.8, .NETFramework,Version=v4.8.1' instead of the project target framework 'net8.0'. This package may not be fully compatible with your project. [C:\Users\ultra\warewolf\Dev\Warewolf.ResourceManagement.Tests\Warewolf.ResourceManagement.Tests.csproj]
C:\Users\ultra\warewolf\Dev\Warewolf.Common.NetStandard20\Warewolf.Common.NetStandard20.csproj : warning NU1701: Package 'AeroWizard 2.3.1' was restored using '.NETFramework,Version=v4.6.1, .NETFramework,Version=v4.6.2, .NETFramework,Version=v4.7, .NETFramework,Version=v4.7.1, .NETFramework,Version=v4.7.2, .NETFramework,Version=v4.8, .NETFramework,Version=v4.8.1' instead of the project target framework 'net8.0'. This package may not be fully compatible with your project. [C:\Users\ultra\warewolf\Dev\Warewolf.ResourceManagement.Tests\Warewolf.ResourceManagement.Tests.csproj]
C:\Users\ultra\warewolf\Dev\Warewolf.Common.NetStandard20\Warewolf.Common.NetStandard20.csproj : warning NU1701: Package 'GroupControls 1.9.0' was restored using '.NETFramework,Version=v4.6.1, .NETFramework,Version=v4.6.2, .NETFramework,Version=v4.7, .NETFramework,Version=v4.7.1, .NETFramework,Version=v4.7.2, .NETFramework,Version=v4.8, .NETFramework,Version=v4.8.1' instead of the project target framework 'net8.0'. This package may not be fully compatible with your project. [C:\Users\ultra\warewolf\Dev\Warewolf.ResourceManagement.Tests\Warewolf.ResourceManagement.Tests.csproj]
C:\Users\ultra\warewolf\Dev\Warewolf.Common.NetStandard20\Warewolf.Common.NetStandard20.csproj : warning NU1701: Package 'ReactiveUI.WPF 18.4.1' was restored using '.NETFramework,Version=v4.6.1, .NETFramework,Version=v4.6.2, .NETFramework,Version=v4.7, .NETFramework,Version=v4.7.1, .NETFramework,Version=v4.7.2, .NETFramework,Version=v4.8, .NETFramework,Version=v4.8.1' instead of the project target framework 'net8.0'. This package may not be fully compatible with your project. [C:\Users\ultra\warewolf\Dev\Warewolf.ResourceManagement.Tests\Warewolf.ResourceManagement.Tests.csproj]
C:\Users\ultra\warewolf\Dev\Warewolf.Common.NetStandard20\Warewolf.Common.NetStandard20.csproj : warning NU1701: Package 'TaskSchedulerEditor 2.10.1' was restored using '.NETFramework,Version=v4.6.1, .NETFramework,Version=v4.6.2, .NETFramework,Version=v4.7, .NETFramework,Version=v4.7.1, .NETFramework,Version=v4.7.2, .NETFramework,Version=v4.8, .NETFramework,Version=v4.8.1' instead of the project target framework 'net8.0'. This package may not be fully compatible with your project. [C:\Users\ultra\warewolf\Dev\Warewolf.ResourceManagement.Tests\Warewolf.ResourceManagement.Tests.csproj]
C:\Users\ultra\warewolf\Dev\Dev2.Services.Sql\Dev2.Services.Sql.csproj : warning NU1903: Package 'Oracle.ManagedDataAccess.Core' 3.21.70 has a known high severity vulnerability, https://github.com/advisories/GHSA-5pm2-9mr2-3frq [C:\Users\ultra\warewolf\Dev\Warewolf.ResourceManagement.Tests\Warewolf.ResourceManagement.Tests.csproj]
C:\Users\ultra\warewolf\Dev\Dev2.Services.Sql\Dev2.Services.Sql.csproj : warning NU1701: Package 'AeroWizard 2.3.1' was restored using '.NETFramework,Version=v4.6.1, .NETFramework,Version=v4.6.2, .NETFramework,Version=v4.7, .NETFramework,Version=v4.7.1, .NETFramework,Version=v4.7.2, .NETFramework,Version=v4.8, .NETFramework,Version=v4.8.1' instead of the project target framework 'net8.0'. This package may not be fully compatible with your project. [C:\Users\ultra\warewolf\Dev\Warewolf.ResourceManagement.Tests\Warewolf.ResourceManagement.Tests.csproj]
C:\Users\ultra\warewolf\Dev\Dev2.Services.Sql\Dev2.Services.Sql.csproj : warning NU1701: Package 'GroupControls 1.9.0' was restored using '.NETFramework,Version=v4.6.1, .NETFramework,Version=v4.6.2, .NETFramework,Version=v4.7, .NETFramework,Version=v4.7.1, .NETFramework,Version=v4.7.2, .NETFramework,Version=v4.8, .NETFramework,Version=v4.8.1' instead of the project target framework 'net8.0'. This package may not be fully compatible with your project. [C:\Users\ultra\warewolf\Dev\Warewolf.ResourceManagement.Tests\Warewolf.ResourceManagement.Tests.csproj]
C:\Users\ultra\warewolf\Dev\Dev2.Services.Sql\Dev2.Services.Sql.csproj : warning NU1701: Package 'ReactiveUI.WPF 18.4.1' was restored using '.NETFramework,Version=v4.6.1, .NETFramework,Version=v4.6.2, .NETFramework,Version=v4.7, .NETFramework,Version=v4.7.1, .NETFramework,Version=v4.7.2, .NETFramework,Version=v4.8, .NETFramework,Version=v4.8.1' instead of the project target framework 'net8.0'. This package may not be fully compatible with your project. [C:\Users\ultra\warewolf\Dev\Warewolf.ResourceManagement.Tests\Warewolf.ResourceManagement.Tests.csproj]
C:\Users\ultra\warewolf\Dev\Dev2.Services.Sql\Dev2.Services.Sql.csproj : warning NU1701: Package 'TaskSchedulerEditor 2.10.1' was restored using '.NETFramework,Version=v4.6.1, .NETFramework,Version=v4.6.2, .NETFramework,Version=v4.7, .NETFramework,Version=v4.7.1, .NETFramework,Version=v4.7.2, .NETFramework,Version=v4.8, .NETFramework,Version=v4.8.1' instead of the project target framework 'net8.0'. This package may not be fully compatible with your project. [C:\Users\ultra\warewolf\Dev\Warewolf.ResourceManagement.Tests\Warewolf.ResourceManagement.Tests.csproj]
C:\Users\ultra\warewolf\Dev\Warewolf.Security\Warewolf.Security.csproj : warning NU1904: Package 'System.Drawing.Common' 4.5.1 has a known critical severity vulnerability, https://github.com/advisories/GHSA-rxg9-xrhp-64gj [C:\Users\ultra\warewolf\Dev\Warewolf.ResourceManagement.Tests\Warewolf.ResourceManagement.Tests.csproj]
C:\Users\ultra\warewolf\Dev\Warewolf.AI.Harness\Warewolf.AI.Harness.csproj : warning NU1701: Package 'AeroWizard 2.3.1' was restored using '.NETFramework,Version=v4.6.1, .NETFramework,Version=v4.6.2, .NETFramework,Version=v4.7, .NETFramework,Version=v4.7.1, .NETFramework,Version=v4.7.2, .NETFramework,Version=v4.8, .NETFramework,Version=v4.8.1' instead of the project target framework 'net8.0'. This package may not be fully compatible with your project. [C:\Users\ultra\warewolf\Dev\Warewolf.ResourceManagement.Tests\Warewolf.ResourceManagement.Tests.csproj]
C:\Users\ultra\warewolf\Dev\Warewolf.AI.Harness\Warewolf.AI.Harness.csproj : warning NU1701: Package 'GroupControls 1.9.0' was restored using '.NETFramework,Version=v4.6.1, .NETFramework,Version=v4.6.2, .NETFramework,Version=v4.7, .NETFramework,Version=v4.7.1, .NETFramework,Version=v4.7.2, .NETFramework,Version=v4.8, .NETFramework,Version=v4.8.1' instead of the project target framework 'net8.0'. This package may not be fully compatible with your project. [C:\Users\ultra\warewolf\Dev\Warewolf.ResourceManagement.Tests\Warewolf.ResourceManagement.Tests.csproj]
C:\Users\ultra\warewolf\Dev\Warewolf.AI.Harness\Warewolf.AI.Harness.csproj : warning NU1701: Package 'TaskSchedulerEditor 2.10.1' was restored using '.NETFramework,Version=v4.6.1, .NETFramework,Version=v4.6.2, .NETFramework,Version=v4.7, .NETFramework,Version=v4.7.1, .NETFramework,Version=v4.7.2, .NETFramework,Version=v4.8, .NETFramework,Version=v4.8.1' instead of the project target framework 'net8.0'. This package may not be fully compatible with your project. [C:\Users\ultra\warewolf\Dev\Warewolf.ResourceManagement.Tests\Warewolf.ResourceManagement.Tests.csproj]
C:\Users\ultra\warewolf\Dev\Dev2.Runtime.Configuration\Dev2.Runtime.Configuration.csproj : warning NU1903: Package 'Microsoft.Windows.Compatibility' 6.0.0 has a known high severity vulnerability, https://github.com/advisories/GHSA-555c-2p6r-68mm [C:\Users\ultra\warewolf\Dev\Warewolf.ResourceManagement.Tests\Warewolf.ResourceManagement.Tests.csproj]
C:\Users\ultra\warewolf\Dev\Dev2.Runtime.Configuration\Dev2.Runtime.Configuration.csproj : warning NU1701: Package 'AeroWizard 2.3.1' was restored using '.NETFramework,Version=v4.6.1, .NETFramework,Version=v4.6.2, .NETFramework,Version=v4.7, .NETFramework,Version=v4.7.1, .NETFramework,Version=v4.7.2, .NETFramework,Version=v4.8, .NETFramework,Version=v4.8.1' instead of the project target framework 'net8.0'. This package may not be fully compatible with your project. [C:\Users\ultra\warewolf\Dev\Warewolf.ResourceManagement.Tests\Warewolf.ResourceManagement.Tests.csproj]
C:\Users\ultra\warewolf\Dev\Dev2.Runtime.Configuration\Dev2.Runtime.Configuration.csproj : warning NU1701: Package 'GroupControls 1.9.0' was restored using '.NETFramework,Version=v4.6.1, .NETFramework,Version=v4.6.2, .NETFramework,Version=v4.7, .NETFramework,Version=v4.7.1, .NETFramework,Version=v4.7.2, .NETFramework,Version=v4.8, .NETFramework,Version=v4.8.1' instead of the project target framework 'net8.0'. This package may not be fully compatible with your project. [C:\Users\ultra\warewolf\Dev\Warewolf.ResourceManagement.Tests\Warewolf.ResourceManagement.Tests.csproj]
C:\Users\ultra\warewolf\Dev\Dev2.Runtime.Configuration\Dev2.Runtime.Configuration.csproj : warning NU1701: Package 'TaskSchedulerEditor 2.10.1' was restored using '.NETFramework,Version=v4.6.1, .NETFramework,Version=v4.6.2, .NETFramework,Version=v4.7, .NETFramework,Version=v4.7.1, .NETFramework,Version=v4.7.2, .NETFramework,Version=v4.8, .NETFramework,Version=v4.8.1' instead of the project target framework 'net8.0'. This package may not be fully compatible with your project. [C:\Users\ultra\warewolf\Dev\Warewolf.ResourceManagement.Tests\Warewolf.ResourceManagement.Tests.csproj]
C:\Users\ultra\warewolf\Dev\Dev2.Data.Interfaces\Dev2.Data.Interfaces.csproj : warning NU1903: Package 'DotNetZip' 1.16.0 has a known high severity vulnerability, https://github.com/advisories/GHSA-xhg6-9j5j-w4vf [C:\Users\ultra\warewolf\Dev\Warewolf.ResourceManagement.Tests\Warewolf.ResourceManagement.Tests.csproj]
C:\Users\ultra\warewolf\Dev\Dev2.Data.Interfaces\Dev2.Data.Interfaces.csproj : warning NU1701: Package 'AeroWizard 2.3.1' was restored using '.NETFramework,Version=v4.6.1, .NETFramework,Version=v4.6.2, .NETFramework,Version=v4.7, .NETFramework,Version=v4.7.1, .NETFramework,Version=v4.7.2, .NETFramework,Version=v4.8, .NETFramework,Version=v4.8.1' instead of the project target framework 'net8.0'. This package may not be fully compatible with your project. [C:\Users\ultra\warewolf\Dev\Warewolf.ResourceManagement.Tests\Warewolf.ResourceManagement.Tests.csproj]
C:\Users\ultra\warewolf\Dev\Dev2.Data.Interfaces\Dev2.Data.Interfaces.csproj : warning NU1701: Package 'GroupControls 1.9.0' was restored using '.NETFramework,Version=v4.6.1, .NETFramework,Version=v4.6.2, .NETFramework,Version=v4.7, .NETFramework,Version=v4.7.1, .NETFramework,Version=v4.7.2, .NETFramework,Version=v4.8, .NETFramework,Version=v4.8.1' instead of the project target framework 'net8.0'. This package may not be fully compatible with your project. [C:\Users\ultra\warewolf\Dev\Warewolf.ResourceManagement.Tests\Warewolf.ResourceManagement.Tests.csproj]
C:\Users\ultra\warewolf\Dev\Dev2.Data.Interfaces\Dev2.Data.Interfaces.csproj : warning NU1701: Package 'TaskSchedulerEditor 2.10.1' was restored using '.NETFramework,Version=v4.6.1, .NETFramework,Version=v4.6.2, .NETFramework,Version=v4.7, .NETFramework,Version=v4.7.1, .NETFramework,Version=v4.7.2, .NETFramework,Version=v4.8, .NETFramework,Version=v4.8.1' instead of the project target framework 'net8.0'. This package may not be fully compatible with your project. [C:\Users\ultra\warewolf\Dev\Warewolf.ResourceManagement.Tests\Warewolf.ResourceManagement.Tests.csproj]
C:\Users\ultra\warewolf\Dev\Warewolf.Auditing\Warewolf.Auditing.csproj : warning NU1701: Package 'AeroWizard 2.3.1' was restored using '.NETFramework,Version=v4.6.1, .NETFramework,Version=v4.6.2, .NETFramework,Version=v4.7, .NETFramework,Version=v4.7.1, .NETFramework,Version=v4.7.2, .NETFramework,Version=v4.8, .NETFramework,Version=v4.8.1' instead of the project target framework 'net8.0'. This package may not be fully compatible with your project. [C:\Users\ultra\warewolf\Dev\Warewolf.ResourceManagement.Tests\Warewolf.ResourceManagement.Tests.csproj]
C:\Users\ultra\warewolf\Dev\Warewolf.Auditing\Warewolf.Auditing.csproj : warning NU1701: Package 'GroupControls 1.9.0' was restored using '.NETFramework,Version=v4.6.1, .NETFramework,Version=v4.6.2, .NETFramework,Version=v4.7, .NETFramework,Version=v4.7.1, .NETFramework,Version=v4.7.2, .NETFramework,Version=v4.8, .NETFramework,Version=v4.8.1' instead of the project target framework 'net8.0'. This package may not be fully compatible with your project. [C:\Users\ultra\warewolf\Dev\Warewolf.ResourceManagement.Tests\Warewolf.ResourceManagement.Tests.csproj]
C:\Users\ultra\warewolf\Dev\Warewolf.Auditing\Warewolf.Auditing.csproj : warning NU1701: Package 'ReactiveUI.WPF 18.4.1' was restored using '.NETFramework,Version=v4.6.1, .NETFramework,Version=v4.6.2, .NETFramework,Version=v4.7, .NETFramework,Version=v4.7.1, .NETFramework,Version=v4.7.2, .NETFramework,Version=v4.8, .NETFramework,Version=v4.8.1' instead of the project target framework 'net8.0'. This package may not be fully compatible with your project. [C:\Users\ultra\warewolf\Dev\Warewolf.ResourceManagement.Tests\Warewolf.ResourceManagement.Tests.csproj]
C:\Users\ultra\warewolf\Dev\Warewolf.Auditing\Warewolf.Auditing.csproj : warning NU1701: Package 'TaskSchedulerEditor 2.10.1' was restored using '.NETFramework,Version=v4.6.1, .NETFramework,Version=v4.6.2, .NETFramework,Version=v4.7, .NETFramework,Version=v4.7.1, .NETFramework,Version=v4.7.2, .NETFramework,Version=v4.8, .NETFramework,Version=v4.8.1' instead of the project target framework 'net8.0'. This package may not be fully compatible with your project. [C:\Users\ultra\warewolf\Dev\Warewolf.ResourceManagement.Tests\Warewolf.ResourceManagement.Tests.csproj]
C:\Users\ultra\warewolf\Dev\Dev2.Infrastructure\Dev2.Infrastructure.csproj : warning NU1903: Package 'Microsoft.Windows.Compatibility' 6.0.0 has a known high severity vulnerability, https://github.com/advisories/GHSA-555c-2p6r-68mm [C:\Users\ultra\warewolf\Dev\Warewolf.ResourceManagement.Tests\Warewolf.ResourceManagement.Tests.csproj]
C:\Users\ultra\warewolf\Dev\Dev2.Infrastructure\Dev2.Infrastructure.csproj : warning NU1701: Package 'AeroWizard 2.3.1' was restored using '.NETFramework,Version=v4.6.1, .NETFramework,Version=v4.6.2, .NETFramework,Version=v4.7, .NETFramework,Version=v4.7.1, .NETFramework,Version=v4.7.2, .NETFramework,Version=v4.8, .NETFramework,Version=v4.8.1' instead of the project target framework 'net8.0'. This package may not be fully compatible with your project. [C:\Users\ultra\warewolf\Dev\Warewolf.ResourceManagement.Tests\Warewolf.ResourceManagement.Tests.csproj]
C:\Users\ultra\warewolf\Dev\Dev2.Infrastructure\Dev2.Infrastructure.csproj : warning NU1701: Package 'GroupControls 1.9.0' was restored using '.NETFramework,Version=v4.6.1, .NETFramework,Version=v4.6.2, .NETFramework,Version=v4.7, .NETFramework,Version=v4.7.1, .NETFramework,Version=v4.7.2, .NETFramework,Version=v4.8, .NETFramework,Version=v4.8.1' instead of the project target framework 'net8.0'. This package may not be fully compatible with your project. [C:\Users\ultra\warewolf\Dev\Warewolf.ResourceManagement.Tests\Warewolf.ResourceManagement.Tests.csproj]
C:\Users\ultra\warewolf\Dev\Dev2.Infrastructure\Dev2.Infrastructure.csproj : warning NU1701: Package 'ReactiveUI.WPF 18.4.1' was restored using '.NETFramework,Version=v4.6.1, .NETFramework,Version=v4.6.2, .NETFramework,Version=v4.7, .NETFramework,Version=v4.7.1, .NETFramework,Version=v4.7.2, .NETFramework,Version=v4.8, .NETFramework,Version=v4.8.1' instead of the project target framework 'net8.0'. This package may not be fully compatible with your project. [C:\Users\ultra\warewolf\Dev\Warewolf.ResourceManagement.Tests\Warewolf.ResourceManagement.Tests.csproj]
C:\Users\ultra\warewolf\Dev\Dev2.Infrastructure\Dev2.Infrastructure.csproj : warning NU1701: Package 'TaskSchedulerEditor 2.10.1' was restored using '.NETFramework,Version=v4.6.1, .NETFramework,Version=v4.6.2, .NETFramework,Version=v4.7, .NETFramework,Version=v4.7.1, .NETFramework,Version=v4.7.2, .NETFramework,Version=v4.8, .NETFramework,Version=v4.8.1' instead of the project target framework 'net8.0'. This package may not be fully compatible with your project. [C:\Users\ultra\warewolf\Dev\Warewolf.ResourceManagement.Tests\Warewolf.ResourceManagement.Tests.csproj]
C:\Users\ultra\warewolf\Dev\Dev2.CustomControls\Dev2.CustomControls.csproj : warning NU1903: Package 'Microsoft.Windows.Compatibility' 6.0.0 has a known high severity vulnerability, https://github.com/advisories/GHSA-555c-2p6r-68mm [C:\Users\ultra\warewolf\Dev\Warewolf.ResourceManagement.Tests\Warewolf.ResourceManagement.Tests.csproj]
C:\Users\ultra\warewolf\Dev\Dev2.CustomControls\Dev2.CustomControls.csproj : warning NU1701: Package 'AeroWizard 2.3.1' was restored using '.NETFramework,Version=v4.6.1, .NETFramework,Version=v4.6.2, .NETFramework,Version=v4.7, .NETFramework,Version=v4.7.1, .NETFramework,Version=v4.7.2, .NETFramework,Version=v4.8, .NETFramework,Version=v4.8.1' instead of the project target framework 'net8.0'. This package may not be fully compatible with your project. [C:\Users\ultra\warewolf\Dev\Warewolf.ResourceManagement.Tests\Warewolf.ResourceManagement.Tests.csproj]
C:\Users\ultra\warewolf\Dev\Dev2.CustomControls\Dev2.CustomControls.csproj : warning NU1701: Package 'GroupControls 1.9.0' was restored using '.NETFramework,Version=v4.6.1, .NETFramework,Version=v4.6.2, .NETFramework,Version=v4.7, .NETFramework,Version=v4.7.1, .NETFramework,Version=v4.7.2, .NETFramework,Version=v4.8, .NETFramework,Version=v4.8.1' instead of the project target framework 'net8.0'. This package may not be fully compatible with your project. [C:\Users\ultra\warewolf\Dev\Warewolf.ResourceManagement.Tests\Warewolf.ResourceManagement.Tests.csproj]
C:\Users\ultra\warewolf\Dev\Dev2.CustomControls\Dev2.CustomControls.csproj : warning NU1701: Package 'TaskSchedulerEditor 2.10.1' was restored using '.NETFramework,Version=v4.6.1, .NETFramework,Version=v4.6.2, .NETFramework,Version=v4.7, .NETFramework,Version=v4.7.1, .NETFramework,Version=v4.7.2, .NETFramework,Version=v4.8, .NETFramework,Version=v4.8.1' instead of the project target framework 'net8.0'. This package may not be fully compatible with your project. [C:\Users\ultra\warewolf\Dev\Warewolf.ResourceManagement.Tests\Warewolf.ResourceManagement.Tests.csproj]
C:\Users\ultra\warewolf\Dev\Warewolf.Driver.Persistence\Warewolf.Driver.Persistence.csproj : warning NU1701: Package 'AeroWizard 2.3.1' was restored using '.NETFramework,Version=v4.6.1, .NETFramework,Version=v4.6.2, .NETFramework,Version=v4.7, .NETFramework,Version=v4.7.1, .NETFramework,Version=v4.7.2, .NETFramework,Version=v4.8, .NETFramework,Version=v4.8.1' instead of the project target framework 'net8.0'. This package may not be fully compatible with your project. [C:\Users\ultra\warewolf\Dev\Warewolf.ResourceManagement.Tests\Warewolf.ResourceManagement.Tests.csproj]
C:\Users\ultra\warewolf\Dev\Warewolf.Driver.Persistence\Warewolf.Driver.Persistence.csproj : warning NU1701: Package 'GroupControls 1.9.0' was restored using '.NETFramework,Version=v4.6.1, .NETFramework,Version=v4.6.2, .NETFramework,Version=v4.7, .NETFramework,Version=v4.7.1, .NETFramework,Version=v4.7.2, .NETFramework,Version=v4.8, .NETFramework,Version=v4.8.1' instead of the project target framework 'net8.0'. This package may not be fully compatible with your project. [C:\Users\ultra\warewolf\Dev\Warewolf.ResourceManagement.Tests\Warewolf.ResourceManagement.Tests.csproj]
C:\Users\ultra\warewolf\Dev\Warewolf.Driver.Persistence\Warewolf.Driver.Persistence.csproj : warning NU1701: Package 'ReactiveUI.WPF 18.4.1' was restored using '.NETFramework,Version=v4.6.1, .NETFramework,Version=v4.6.2, .NETFramework,Version=v4.7, .NETFramework,Version=v4.7.1, .NETFramework,Version=v4.7.2, .NETFramework,Version=v4.8, .NETFramework,Version=v4.8.1' instead of the project target framework 'net8.0'. This package may not be fully compatible with your project. [C:\Users\ultra\warewolf\Dev\Warewolf.ResourceManagement.Tests\Warewolf.ResourceManagement.Tests.csproj]
C:\Users\ultra\warewolf\Dev\Warewolf.Driver.Persistence\Warewolf.Driver.Persistence.csproj : warning NU1701: Package 'TaskSchedulerEditor 2.10.1' was restored using '.NETFramework,Version=v4.6.1, .NETFramework,Version=v4.6.2, .NETFramework,Version=v4.7, .NETFramework,Version=v4.7.1, .NETFramework,Version=v4.7.2, .NETFramework,Version=v4.8, .NETFramework,Version=v4.8.1' instead of the project target framework 'net8.0'. This package may not be fully compatible with your project. [C:\Users\ultra\warewolf\Dev\Warewolf.ResourceManagement.Tests\Warewolf.ResourceManagement.Tests.csproj]
C:\Users\ultra\warewolf\Dev\Dev2.Core\Dev2.Core.csproj : warning NU1903: Package 'Microsoft.Windows.Compatibility' 6.0.0 has a known high severity vulnerability, https://github.com/advisories/GHSA-555c-2p6r-68mm [C:\Users\ultra\warewolf\Dev\Warewolf.ResourceManagement.Tests\Warewolf.ResourceManagement.Tests.csproj]
C:\Users\ultra\warewolf\Dev\Dev2.Core\Dev2.Core.csproj : warning NU1701: Package 'AeroWizard 2.3.1' was restored using '.NETFramework,Version=v4.6.1, .NETFramework,Version=v4.6.2, .NETFramework,Version=v4.7, .NETFramework,Version=v4.7.1, .NETFramework,Version=v4.7.2, .NETFramework,Version=v4.8, .NETFramework,Version=v4.8.1' instead of the project target framework 'net8.0'. This package may not be fully compatible with your project. [C:\Users\ultra\warewolf\Dev\Warewolf.ResourceManagement.Tests\Warewolf.ResourceManagement.Tests.csproj]
C:\Users\ultra\warewolf\Dev\Dev2.Core\Dev2.Core.csproj : warning NU1701: Package 'GroupControls 1.9.0' was restored using '.NETFramework,Version=v4.6.1, .NETFramework,Version=v4.6.2, .NETFramework,Version=v4.7, .NETFramework,Version=v4.7.1, .NETFramework,Version=v4.7.2, .NETFramework,Version=v4.8, .NETFramework,Version=v4.8.1' instead of the project target framework 'net8.0'. This package may not be fully compatible with your project. [C:\Users\ultra\warewolf\Dev\Warewolf.ResourceManagement.Tests\Warewolf.ResourceManagement.Tests.csproj]
C:\Users\ultra\warewolf\Dev\Dev2.Core\Dev2.Core.csproj : warning NU1701: Package 'ReactiveUI.WPF 18.4.1' was restored using '.NETFramework,Version=v4.6.1, .NETFramework,Version=v4.6.2, .NETFramework,Version=v4.7, .NETFramework,Version=v4.7.1, .NETFramework,Version=v4.7.2, .NETFramework,Version=v4.8, .NETFramework,Version=v4.8.1' instead of the project target framework 'net8.0'. This package may not be fully compatible with your project. [C:\Users\ultra\warewolf\Dev\Warewolf.ResourceManagement.Tests\Warewolf.ResourceManagement.Tests.csproj]
C:\Users\ultra\warewolf\Dev\Dev2.Core\Dev2.Core.csproj : warning NU1701: Package 'TaskSchedulerEditor 2.10.1' was restored using '.NETFramework,Version=v4.6.1, .NETFramework,Version=v4.6.2, .NETFramework,Version=v4.7, .NETFramework,Version=v4.7.1, .NETFramework,Version=v4.7.2, .NETFramework,Version=v4.8, .NETFramework,Version=v4.8.1' instead of the project target framework 'net8.0'. This package may not be fully compatible with your project. [C:\Users\ultra\warewolf\Dev\Warewolf.ResourceManagement.Tests\Warewolf.ResourceManagement.Tests.csproj]
C:\Users\ultra\warewolf\Dev\Warewolf.ResourceManagement.Tests\Warewolf.ResourceManagement.Tests.csproj : warning NU1701: Package 'AeroWizard 2.3.1' was restored using '.NETFramework,Version=v4.6.1, .NETFramework,Version=v4.6.2, .NETFramework,Version=v4.7, .NETFramework,Version=v4.7.1, .NETFramework,Version=v4.7.2, .NETFramework,Version=v4.8, .NETFramework,Version=v4.8.1' instead of the project target framework 'net8.0'. This package may not be fully compatible with your project.
C:\Users\ultra\warewolf\Dev\Warewolf.ResourceManagement.Tests\Warewolf.ResourceManagement.Tests.csproj : warning NU1701: Package 'GroupControls 1.9.0' was restored using '.NETFramework,Version=v4.6.1, .NETFramework,Version=v4.6.2, .NETFramework,Version=v4.7, .NETFramework,Version=v4.7.1, .NETFramework,Version=v4.7.2, .NETFramework,Version=v4.8, .NETFramework,Version=v4.8.1' instead of the project target framework 'net8.0'. This package may not be fully compatible with your project.
C:\Users\ultra\warewolf\Dev\Warewolf.ResourceManagement.Tests\Warewolf.ResourceManagement.Tests.csproj : warning NU1701: Package 'ReactiveUI.WPF 18.4.1' was restored using '.NETFramework,Version=v4.6.1, .NETFramework,Version=v4.6.2, .NETFramework,Version=v4.7, .NETFramework,Version=v4.7.1, .NETFramework,Version=v4.7.2, .NETFramework,Version=v4.8, .NETFramework,Version=v4.8.1' instead of the project target framework 'net8.0'. This package may not be fully compatible with your project.
C:\Users\ultra\warewolf\Dev\Warewolf.ResourceManagement.Tests\Warewolf.ResourceManagement.Tests.csproj : warning NU1701: Package 'TaskSchedulerEditor 2.10.1' was restored using '.NETFramework,Version=v4.6.1, .NETFramework,Version=v4.6.2, .NETFramework,Version=v4.7, .NETFramework,Version=v4.7.1, .NETFramework,Version=v4.7.2, .NETFramework,Version=v4.8, .NETFramework,Version=v4.8.1' instead of the project target framework 'net8.0'. This package may not be fully compatible with your project.
  Restored C:\Users\ultra\warewolf\Dev\Warewolf.ResourceManagement.Tests\Warewolf.ResourceManagement.Tests.csproj (in 596 ms).
  46 of 47 projects are up-to-date for restore.
C:\Users\ultra\warewolf\Dev\Warewolf.ResourceManagement.Tests\Warewolf.ResourceManagement.Tests.csproj : warning NU1701: Package 'AeroWizard 2.3.1' was restored using '.NETFramework,Version=v4.6.1, .NETFramework,Version=v4.6.2, .NETFramework,Version=v4.7, .NETFramework,Version=v4.7.1, .NETFramework,Version=v4.7.2, .NETFramework,Version=v4.8, .NETFramework,Version=v4.8.1' instead of the project target framework 'net8.0'. This package may not be fully compatible with your project.
C:\Users\ultra\warewolf\Dev\Warewolf.ResourceManagement.Tests\Warewolf.ResourceManagement.Tests.csproj : warning NU1701: Package 'GroupControls 1.9.0' was restored using '.NETFramework,Version=v4.6.1, .NETFramework,Version=v4.6.2, .NETFramework,Version=v4.7, .NETFramework,Version=v4.7.1, .NETFramework,Version=v4.7.2, .NETFramework,Version=v4.8, .NETFramework,Version=v4.8.1' instead of the project target framework 'net8.0'. This package may not be fully compatible with your project.
C:\Users\ultra\warewolf\Dev\Warewolf.ResourceManagement.Tests\Warewolf.ResourceManagement.Tests.csproj : warning NU1701: Package 'ReactiveUI.WPF 18.4.1' was restored using '.NETFramework,Version=v4.6.1, .NETFramework,Version=v4.6.2, .NETFramework,Version=v4.7, .NETFramework,Version=v4.7.1, .NETFramework,Version=v4.7.2, .NETFramework,Version=v4.8, .NETFramework,Version=v4.8.1' instead of the project target framework 'net8.0'. This package may not be fully compatible with your project.
C:\Users\ultra\warewolf\Dev\Warewolf.ResourceManagement.Tests\Warewolf.ResourceManagement.Tests.csproj : warning NU1701: Package 'TaskSchedulerEditor 2.10.1' was restored using '.NETFramework,Version=v4.6.1, .NETFramework,Version=v4.6.2, .NETFramework,Version=v4.7, .NETFramework,Version=v4.7.1, .NETFramework,Version=v4.7.2, .NETFramework,Version=v4.8, .NETFramework,Version=v4.8.1' instead of the project target framework 'net8.0'. This package may not be fully compatible with your project.
C:\Users\ultra\warewolf\Dev\Warewolf.ResourceManagement\Warewolf.ResourceManagement.csproj : warning NU1701: Package 'AeroWizard 2.3.1' was restored using '.NETFramework,Version=v4.6.1, .NETFramework,Version=v4.6.2, .NETFramework,Version=v4.7, .NETFramework,Version=v4.7.1, .NETFramework,Version=v4.7.2, .NETFramework,Version=v4.8, .NETFramework,Version=v4.8.1' instead of the project target framework 'net8.0'. This package may not be fully compatible with your project.
C:\Users\ultra\warewolf\Dev\Warewolf.ResourceManagement\Warewolf.ResourceManagement.csproj : warning NU1701: Package 'GroupControls 1.9.0' was restored using '.NETFramework,Version=v4.6.1, .NETFramework,Version=v4.6.2, .NETFramework,Version=v4.7, .NETFramework,Version=v4.7.1, .NETFramework,Version=v4.7.2, .NETFramework,Version=v4.8, .NETFramework,Version=v4.8.1' instead of the project target framework 'net8.0'. This package may not be fully compatible with your project.
C:\Users\ultra\warewolf\Dev\Warewolf.ResourceManagement\Warewolf.ResourceManagement.csproj : warning NU1701: Package 'ReactiveUI.WPF 18.4.1' was restored using '.NETFramework,Version=v4.6.1, .NETFramework,Version=v4.6.2, .NETFramework,Version=v4.7, .NETFramework,Version=v4.7.1, .NETFramework,Version=v4.7.2, .NETFramework,Version=v4.8, .NETFramework,Version=v4.8.1' instead of the project target framework 'net8.0'. This package may not be fully compatible with your project.
C:\Users\ultra\warewolf\Dev\Warewolf.ResourceManagement\Warewolf.ResourceManagement.csproj : warning NU1701: Package 'TaskSchedulerEditor 2.10.1' was restored using '.NETFramework,Version=v4.6.1, .NETFramework,Version=v4.6.2, .NETFramework,Version=v4.7, .NETFramework,Version=v4.7.1, .NETFramework,Version=v4.7.2, .NETFramework,Version=v4.8, .NETFramework,Version=v4.8.1' instead of the project target framework 'net8.0'. This package may not be fully compatible with your project.
C:\Users\ultra\warewolf\Dev\Dev2.Data\Dev2.Data.csproj : warning NU1701: Package 'AeroWizard 2.3.1' was restored using '.NETFramework,Version=v4.6.1, .NETFramework,Version=v4.6.2, .NETFramework,Version=v4.7, .NETFramework,Version=v4.7.1, .NETFramework,Version=v4.7.2, .NETFramework,Version=v4.8, .NETFramework,Version=v4.8.1' instead of the project target framework 'net8.0'. This package may not be fully compatible with your project.
C:\Users\ultra\warewolf\Dev\Dev2.Data\Dev2.Data.csproj : warning NU1701: Package 'GroupControls 1.9.0' was restored using '.NETFramework,Version=v4.6.1, .NETFramework,Version=v4.6.2, .NETFramework,Version=v4.7, .NETFramework,Version=v4.7.1, .NETFramework,Version=v4.7.2, .NETFramework,Version=v4.8, .NETFramework,Version=v4.8.1' instead of the project target framework 'net8.0'. This package may not be fully compatible with your project.
C:\Users\ultra\warewolf\Dev\Dev2.Data\Dev2.Data.csproj : warning NU1701: Package 'ReactiveUI.WPF 18.4.1' was restored using '.NETFramework,Version=v4.6.1, .NETFramework,Version=v4.6.2, .NETFramework,Version=v4.7, .NETFramework,Version=v4.7.1, .NETFramework,Version=v4.7.2, .NETFramework,Version=v4.8, .NETFramework,Version=v4.8.1' instead of the project target framework 'net8.0'. This package may not be fully compatible with your project.
C:\Users\ultra\warewolf\Dev\Dev2.Data\Dev2.Data.csproj : warning NU1701: Package 'TaskSchedulerEditor 2.10.1' was restored using '.NETFramework,Version=v4.6.1, .NETFramework,Version=v4.6.2, .NETFramework,Version=v4.7, .NETFramework,Version=v4.7.1, .NETFramework,Version=v4.7.2, .NETFramework,Version=v4.8, .NETFramework,Version=v4.8.1' instead of the project target framework 'net8.0'. This package may not be fully compatible with your project.
C:\Program Files\dotnet\sdk\10.0.201\Sdks\Microsoft.NET.Sdk\targets\Microsoft.NET.Sdk.DefaultItems.targets(162,5): warning NETSDK1137: It is no longer necessary to use the Microsoft.NET.Sdk.WindowsDesktop SDK. Consider changing the Sdk attribute of the root Project element to 'Microsoft.NET.Sdk'. [C:\Users\ultra\warewolf\Dev\Dev2.CustomControls\Dev2.CustomControls.csproj]
C:\Program Files\dotnet\sdk\10.0.201\Sdks\Microsoft.NET.Sdk.WindowsDesktop\targets\Microsoft.NET.Sdk.WindowsDesktop.targets(138,5): warning NETSDK1106: Microsoft.NET.Sdk.WindowsDesktop requires 'UseWpf' or 'UseWindowsForms' to be set to 'true' [C:\Users\ultra\warewolf\Dev\Dev2.CustomControls\Dev2.CustomControls.csproj]
C:\Users\ultra\warewolf\Dev\Dev2.CustomControls\Dev2.CustomControls.csproj : warning NU1903: Package 'Microsoft.Windows.Compatibility' 6.0.0 has a known high severity vulnerability, https://github.com/advisories/GHSA-555c-2p6r-68mm
C:\Users\ultra\warewolf\Dev\Dev2.CustomControls\Dev2.CustomControls.csproj : warning NU1701: Package 'AeroWizard 2.3.1' was restored using '.NETFramework,Version=v4.6.1, .NETFramework,Version=v4.6.2, .NETFramework,Version=v4.7, .NETFramework,Version=v4.7.1, .NETFramework,Version=v4.7.2, .NETFramework,Version=v4.8, .NETFramework,Version=v4.8.1' instead of the project target framework 'net8.0'. This package may not be fully compatible with your project.
C:\Users\ultra\warewolf\Dev\Dev2.Common\Dev2.Common.csproj : warning NU1903: Package 'Microsoft.Windows.Compatibility' 6.0.0 has a known high severity vulnerability, https://github.com/advisories/GHSA-555c-2p6r-68mm
C:\Users\ultra\warewolf\Dev\Dev2.CustomControls\Dev2.CustomControls.csproj : warning NU1701: Package 'GroupControls 1.9.0' was restored using '.NETFramework,Version=v4.6.1, .NETFramework,Version=v4.6.2, .NETFramework,Version=v4.7, .NETFramework,Version=v4.7.1, .NETFramework,Version=v4.7.2, .NETFramework,Version=v4.8, .NETFramework,Version=v4.8.1' instead of the project target framework 'net8.0'. This package may not be fully compatible with your project.
C:\Users\ultra\warewolf\Dev\Dev2.Common\Dev2.Common.csproj : warning NU1701: Package 'AeroWizard 2.3.1' was restored using '.NETFramework,Version=v4.6.1, .NETFramework,Version=v4.6.2, .NETFramework,Version=v4.7, .NETFramework,Version=v4.7.1, .NETFramework,Version=v4.7.2, .NETFramework,Version=v4.8, .NETFramework,Version=v4.8.1' instead of the project target framework 'net8.0'. This package may not be fully compatible with your project.
C:\Users\ultra\warewolf\Dev\Dev2.CustomControls\Dev2.CustomControls.csproj : warning NU1701: Package 'TaskSchedulerEditor 2.10.1' was restored using '.NETFramework,Version=v4.6.1, .NETFramework,Version=v4.6.2, .NETFramework,Version=v4.7, .NETFramework,Version=v4.7.1, .NETFramework,Version=v4.7.2, .NETFramework,Version=v4.8, .NETFramework,Version=v4.8.1' instead of the project target framework 'net8.0'. This package may not be fully compatible with your project.
C:\Users\ultra\warewolf\Dev\Dev2.Common\Dev2.Common.csproj : warning NU1701: Package 'GroupControls 1.9.0' was restored using '.NETFramework,Version=v4.6.1, .NETFramework,Version=v4.6.2, .NETFramework,Version=v4.7, .NETFramework,Version=v4.7.1, .NETFramework,Version=v4.7.2, .NETFramework,Version=v4.8, .NETFramework,Version=v4.8.1' instead of the project target framework 'net8.0'. This package may not be fully compatible with your project.
C:\Users\ultra\warewolf\Dev\Dev2.Common\Dev2.Common.csproj : warning NU1701: Package 'TaskSchedulerEditor 2.10.1' was restored using '.NETFramework,Version=v4.6.1, .NETFramework,Version=v4.6.2, .NETFramework,Version=v4.7, .NETFramework,Version=v4.7.1, .NETFramework,Version=v4.7.2, .NETFramework,Version=v4.8, .NETFramework,Version=v4.8.1' instead of the project target framework 'net8.0'. This package may not be fully compatible with your project.
C:\Users\ultra\warewolf\Dev\Dev2.Development.Languages\Dev2.Development.Languages.csproj : warning NU1701: Package 'AeroWizard 2.3.1' was restored using '.NETFramework,Version=v4.6.1, .NETFramework,Version=v4.6.2, .NETFramework,Version=v4.7, .NETFramework,Version=v4.7.1, .NETFramework,Version=v4.7.2, .NETFramework,Version=v4.8, .NETFramework,Version=v4.8.1' instead of the project target framework 'net8.0'. This package may not be fully compatible with your project.
C:\Users\ultra\warewolf\Dev\Dev2.Development.Languages\Dev2.Development.Languages.csproj : warning NU1701: Package 'GroupControls 1.9.0' was restored using '.NETFramework,Version=v4.6.1, .NETFramework,Version=v4.6.2, .NETFramework,Version=v4.7, .NETFramework,Version=v4.7.1, .NETFramework,Version=v4.7.2, .NETFramework,Version=v4.8, .NETFramework,Version=v4.8.1' instead of the project target framework 'net8.0'. This package may not be fully compatible with your project.
C:\Users\ultra\warewolf\Dev\Dev2.Development.Languages\Dev2.Development.Languages.csproj : warning NU1701: Package 'TaskSchedulerEditor 2.10.1' was restored using '.NETFramework,Version=v4.6.1, .NETFramework,Version=v4.6.2, .NETFramework,Version=v4.7, .NETFramework,Version=v4.7.1, .NETFramework,Version=v4.7.2, .NETFramework,Version=v4.8, .NETFramework,Version=v4.8.1' instead of the project target framework 'net8.0'. This package may not be fully compatible with your project.
C:\Users\ultra\warewolf\Dev\Dev2.Data.Interfaces\Dev2.Data.Interfaces.csproj : warning NU1903: Package 'DotNetZip' 1.16.0 has a known high severity vulnerability, https://github.com/advisories/GHSA-xhg6-9j5j-w4vf
C:\Users\ultra\warewolf\Dev\Dev2.Data.Interfaces\Dev2.Data.Interfaces.csproj : warning NU1701: Package 'AeroWizard 2.3.1' was restored using '.NETFramework,Version=v4.6.1, .NETFramework,Version=v4.6.2, .NETFramework,Version=v4.7, .NETFramework,Version=v4.7.1, .NETFramework,Version=v4.7.2, .NETFramework,Version=v4.8, .NETFramework,Version=v4.8.1' instead of the project target framework 'net8.0'. This package may not be fully compatible with your project.
C:\Users\ultra\warewolf\Dev\Dev2.Data.Interfaces\Dev2.Data.Interfaces.csproj : warning NU1701: Package 'GroupControls 1.9.0' was restored using '.NETFramework,Version=v4.6.1, .NETFramework,Version=v4.6.2, .NETFramework,Version=v4.7, .NETFramework,Version=v4.7.1, .NETFramework,Version=v4.7.2, .NETFramework,Version=v4.8, .NETFramework,Version=v4.8.1' instead of the project target framework 'net8.0'. This package may not be fully compatible with your project.
C:\Users\ultra\warewolf\Dev\Dev2.Data.Interfaces\Dev2.Data.Interfaces.csproj : warning NU1701: Package 'TaskSchedulerEditor 2.10.1' was restored using '.NETFramework,Version=v4.6.1, .NETFramework,Version=v4.6.2, .NETFramework,Version=v4.7, .NETFramework,Version=v4.7.1, .NETFramework,Version=v4.7.2, .NETFramework,Version=v4.8, .NETFramework,Version=v4.8.1' instead of the project target framework 'net8.0'. This package may not be fully compatible with your project.
C:\Users\ultra\warewolf\Dev\Dev2.Diagnostics\Dev2.Diagnostics.csproj : warning NU1701: Package 'AeroWizard 2.3.1' was restored using '.NETFramework,Version=v4.6.1, .NETFramework,Version=v4.6.2, .NETFramework,Version=v4.7, .NETFramework,Version=v4.7.1, .NETFramework,Version=v4.7.2, .NETFramework,Version=v4.8, .NETFramework,Version=v4.8.1' instead of the project target framework 'net8.0'. This package may not be fully compatible with your project.
C:\Users\ultra\warewolf\Dev\Dev2.Diagnostics\Dev2.Diagnostics.csproj : warning NU1701: Package 'GroupControls 1.9.0' was restored using '.NETFramework,Version=v4.6.1, .NETFramework,Version=v4.6.2, .NETFramework,Version=v4.7, .NETFramework,Version=v4.7.1, .NETFramework,Version=v4.7.2, .NETFramework,Version=v4.8, .NETFramework,Version=v4.8.1' instead of the project target framework 'net8.0'. This package may not be fully compatible with your project.
C:\Users\ultra\warewolf\Dev\Dev2.Diagnostics\Dev2.Diagnostics.csproj : warning NU1701: Package 'TaskSchedulerEditor 2.10.1' was restored using '.NETFramework,Version=v4.6.1, .NETFramework,Version=v4.6.2, .NETFramework,Version=v4.7, .NETFramework,Version=v4.7.1, .NETFramework,Version=v4.7.2, .NETFramework,Version=v4.8, .NETFramework,Version=v4.8.1' instead of the project target framework 'net8.0'. This package may not be fully compatible with your project.
C:\Users\ultra\warewolf\Dev\Warewolf.Data\Warewolf.Data.csproj : warning NU1701: Package 'AeroWizard 2.3.1' was restored using '.NETFramework,Version=v4.6.1, .NETFramework,Version=v4.6.2, .NETFramework,Version=v4.7, .NETFramework,Version=v4.7.1, .NETFramework,Version=v4.7.2, .NETFramework,Version=v4.8, .NETFramework,Version=v4.8.1' instead of the project target framework 'net8.0'. This package may not be fully compatible with your project.
C:\Users\ultra\warewolf\Dev\Warewolf.Data\Warewolf.Data.csproj : warning NU1701: Package 'GroupControls 1.9.0' was restored using '.NETFramework,Version=v4.6.1, .NETFramework,Version=v4.6.2, .NETFramework,Version=v4.7, .NETFramework,Version=v4.7.1, .NETFramework,Version=v4.7.2, .NETFramework,Version=v4.8, .NETFramework,Version=v4.8.1' instead of the project target framework 'net8.0'. This package may not be fully compatible with your project.
C:\Users\ultra\warewolf\Dev\Warewolf.Data\Warewolf.Data.csproj : warning NU1701: Package 'TaskSchedulerEditor 2.10.1' was restored using '.NETFramework,Version=v4.6.1, .NETFramework,Version=v4.6.2, .NETFramework,Version=v4.7, .NETFramework,Version=v4.7.1, .NETFramework,Version=v4.7.2, .NETFramework,Version=v4.8, .NETFramework,Version=v4.8.1' instead of the project target framework 'net8.0'. This package may not be fully compatible with your project.
C:\Users\ultra\warewolf\Dev\Dev2.Runtime.Configuration\Dev2.Runtime.Configuration.csproj : warning NU1903: Package 'Microsoft.Windows.Compatibility' 6.0.0 has a known high severity vulnerability, https://github.com/advisories/GHSA-555c-2p6r-68mm
C:\Users\ultra\warewolf\Dev\Dev2.Runtime.Configuration\Dev2.Runtime.Configuration.csproj : warning NU1701: Package 'AeroWizard 2.3.1' was restored using '.NETFramework,Version=v4.6.1, .NETFramework,Version=v4.6.2, .NETFramework,Version=v4.7, .NETFramework,Version=v4.7.1, .NETFramework,Version=v4.7.2, .NETFramework,Version=v4.8, .NETFramework,Version=v4.8.1' instead of the project target framework 'net8.0'. This package may not be fully compatible with your project.
C:\Users\ultra\warewolf\Dev\Dev2.Runtime.Configuration\Dev2.Runtime.Configuration.csproj : warning NU1701: Package 'GroupControls 1.9.0' was restored using '.NETFramework,Version=v4.6.1, .NETFramework,Version=v4.6.2, .NETFramework,Version=v4.7, .NETFramework,Version=v4.7.1, .NETFramework,Version=v4.7.2, .NETFramework,Version=v4.8, .NETFramework,Version=v4.8.1' instead of the project target framework 'net8.0'. This package may not be fully compatible with your project.
C:\Users\ultra\warewolf\Dev\Dev2.Runtime.Configuration\Dev2.Runtime.Configuration.csproj : warning NU1701: Package 'TaskSchedulerEditor 2.10.1' was restored using '.NETFramework,Version=v4.6.1, .NETFramework,Version=v4.6.2, .NETFramework,Version=v4.7, .NETFramework,Version=v4.7.1, .NETFramework,Version=v4.7.2, .NETFramework,Version=v4.8, .NETFramework,Version=v4.8.1' instead of the project target framework 'net8.0'. This package may not be fully compatible with your project.
C:\Users\ultra\warewolf\Dev\Dev2.Common.Interfaces\Dev2.Common.Interfaces.csproj : warning NU1903: Package 'Microsoft.Windows.Compatibility' 6.0.0 has a known high severity vulnerability, https://github.com/advisories/GHSA-555c-2p6r-68mm
C:\Users\ultra\warewolf\Dev\Dev2.Common.Interfaces\Dev2.Common.Interfaces.csproj : warning NU1701: Package 'AeroWizard 2.3.1' was restored using '.NETFramework,Version=v4.6.1, .NETFramework,Version=v4.6.2, .NETFramework,Version=v4.7, .NETFramework,Version=v4.7.1, .NETFramework,Version=v4.7.2, .NETFramework,Version=v4.8, .NETFramework,Version=v4.8.1' instead of the project target framework 'net8.0'. This package may not be fully compatible with your project.
C:\Users\ultra\warewolf\Dev\Dev2.Common.Interfaces\Dev2.Common.Interfaces.csproj : warning NU1701: Package 'GroupControls 1.9.0' was restored using '.NETFramework,Version=v4.6.1, .NETFramework,Version=v4.6.2, .NETFramework,Version=v4.7, .NETFramework,Version=v4.7.1, .NETFramework,Version=v4.7.2, .NETFramework,Version=v4.8, .NETFramework,Version=v4.8.1' instead of the project target framework 'net8.0'. This package may not be fully compatible with your project.
C:\Users\ultra\warewolf\Dev\Dev2.Common.Interfaces\Dev2.Common.Interfaces.csproj : warning NU1701: Package 'TaskSchedulerEditor 2.10.1' was restored using '.NETFramework,Version=v4.6.1, .NETFramework,Version=v4.6.2, .NETFramework,Version=v4.7, .NETFramework,Version=v4.7.1, .NETFramework,Version=v4.7.2, .NETFramework,Version=v4.8, .NETFramework,Version=v4.8.1' instead of the project target framework 'net8.0'. This package may not be fully compatible with your project.
C:\Users\ultra\warewolf\Dev\Dev2.Infrastructure\Dev2.Infrastructure.csproj : warning NU1903: Package 'Microsoft.Windows.Compatibility' 6.0.0 has a known high severity vulnerability, https://github.com/advisories/GHSA-555c-2p6r-68mm
C:\Users\ultra\warewolf\Dev\Dev2.Infrastructure\Dev2.Infrastructure.csproj : warning NU1701: Package 'AeroWizard 2.3.1' was restored using '.NETFramework,Version=v4.6.1, .NETFramework,Version=v4.6.2, .NETFramework,Version=v4.7, .NETFramework,Version=v4.7.1, .NETFramework,Version=v4.7.2, .NETFramework,Version=v4.8, .NETFramework,Version=v4.8.1' instead of the project target framework 'net8.0'. This package may not be fully compatible with your project.
C:\Users\ultra\warewolf\Dev\Dev2.Infrastructure\Dev2.Infrastructure.csproj : warning NU1701: Package 'GroupControls 1.9.0' was restored using '.NETFramework,Version=v4.6.1, .NETFramework,Version=v4.6.2, .NETFramework,Version=v4.7, .NETFramework,Version=v4.7.1, .NETFramework,Version=v4.7.2, .NETFramework,Version=v4.8, .NETFramework,Version=v4.8.1' instead of the project target framework 'net8.0'. This package may not be fully compatible with your project.
C:\Users\ultra\warewolf\Dev\Dev2.Infrastructure\Dev2.Infrastructure.csproj : warning NU1701: Package 'ReactiveUI.WPF 18.4.1' was restored using '.NETFramework,Version=v4.6.1, .NETFramework,Version=v4.6.2, .NETFramework,Version=v4.7, .NETFramework,Version=v4.7.1, .NETFramework,Version=v4.7.2, .NETFramework,Version=v4.8, .NETFramework,Version=v4.8.1' instead of the project target framework 'net8.0'. This package may not be fully compatible with your project.
C:\Users\ultra\warewolf\Dev\Dev2.Infrastructure\Dev2.Infrastructure.csproj : warning NU1701: Package 'TaskSchedulerEditor 2.10.1' was restored using '.NETFramework,Version=v4.6.1, .NETFramework,Version=v4.6.2, .NETFramework,Version=v4.7, .NETFramework,Version=v4.7.1, .NETFramework,Version=v4.7.2, .NETFramework,Version=v4.8, .NETFramework,Version=v4.8.1' instead of the project target framework 'net8.0'. This package may not be fully compatible with your project.
C:\Users\ultra\warewolf\Dev\Dev2.Core\Dev2.Core.csproj : warning NU1903: Package 'Microsoft.Windows.Compatibility' 6.0.0 has a known high severity vulnerability, https://github.com/advisories/GHSA-555c-2p6r-68mm
C:\Users\ultra\warewolf\Dev\Dev2.Core\Dev2.Core.csproj : warning NU1701: Package 'AeroWizard 2.3.1' was restored using '.NETFramework,Version=v4.6.1, .NETFramework,Version=v4.6.2, .NETFramework,Version=v4.7, .NETFramework,Version=v4.7.1, .NETFramework,Version=v4.7.2, .NETFramework,Version=v4.8, .NETFramework,Version=v4.8.1' instead of the project target framework 'net8.0'. This package may not be fully compatible with your project.
C:\Users\ultra\warewolf\Dev\Dev2.Core\Dev2.Core.csproj : warning NU1701: Package 'GroupControls 1.9.0' was restored using '.NETFramework,Version=v4.6.1, .NETFramework,Version=v4.6.2, .NETFramework,Version=v4.7, .NETFramework,Version=v4.7.1, .NETFramework,Version=v4.7.2, .NETFramework,Version=v4.8, .NETFramework,Version=v4.8.1' instead of the project target framework 'net8.0'. This package may not be fully compatible with your project.
C:\Users\ultra\warewolf\Dev\Dev2.Core\Dev2.Core.csproj : warning NU1701: Package 'ReactiveUI.WPF 18.4.1' was restored using '.NETFramework,Version=v4.6.1, .NETFramework,Version=v4.6.2, .NETFramework,Version=v4.7, .NETFramework,Version=v4.7.1, .NETFramework,Version=v4.7.2, .NETFramework,Version=v4.8, .NETFramework,Version=v4.8.1' instead of the project target framework 'net8.0'. This package may not be fully compatible with your project.
C:\Users\ultra\warewolf\Dev\Dev2.Core\Dev2.Core.csproj : warning NU1701: Package 'TaskSchedulerEditor 2.10.1' was restored using '.NETFramework,Version=v4.6.1, .NETFramework,Version=v4.6.2, .NETFramework,Version=v4.7, .NETFramework,Version=v4.7.1, .NETFramework,Version=v4.7.2, .NETFramework,Version=v4.8, .NETFramework,Version=v4.8.1' instead of the project target framework 'net8.0'. This package may not be fully compatible with your project.
C:\Users\ultra\warewolf\Dev\Dev2.Activities\Dev2.Activities.csproj : warning NU1903: Package 'Microsoft.Windows.Compatibility' 6.0.0 has a known high severity vulnerability, https://github.com/advisories/GHSA-555c-2p6r-68mm
C:\Users\ultra\warewolf\Dev\Dev2.Activities\Dev2.Activities.csproj : warning NU1701: Package 'AeroWizard 2.3.1' was restored using '.NETFramework,Version=v4.6.1, .NETFramework,Version=v4.6.2, .NETFramework,Version=v4.7, .NETFramework,Version=v4.7.1, .NETFramework,Version=v4.7.2, .NETFramework,Version=v4.8, .NETFramework,Version=v4.8.1' instead of the project target framework 'net8.0'. This package may not be fully compatible with your project.
C:\Users\ultra\warewolf\Dev\Dev2.Activities\Dev2.Activities.csproj : warning NU1701: Package 'GroupControls 1.9.0' was restored using '.NETFramework,Version=v4.6.1, .NETFramework,Version=v4.6.2, .NETFramework,Version=v4.7, .NETFramework,Version=v4.7.1, .NETFramework,Version=v4.7.2, .NETFramework,Version=v4.8, .NETFramework,Version=v4.8.1' instead of the project target framework 'net8.0'. This package may not be fully compatible with your project.
C:\Users\ultra\warewolf\Dev\Dev2.Activities\Dev2.Activities.csproj : warning NU1701: Package 'ReactiveUI.WPF 18.4.1' was restored using '.NETFramework,Version=v4.6.1, .NETFramework,Version=v4.6.2, .NETFramework,Version=v4.7, .NETFramework,Version=v4.7.1, .NETFramework,Version=v4.7.2, .NETFramework,Version=v4.8, .NETFramework,Version=v4.8.1' instead of the project target framework 'net8.0'. This package may not be fully compatible with your project.
C:\Users\ultra\warewolf\Dev\Dev2.Activities\Dev2.Activities.csproj : warning NU1701: Package 'TaskSchedulerEditor 2.10.1' was restored using '.NETFramework,Version=v4.6.1, .NETFramework,Version=v4.6.2, .NETFramework,Version=v4.7, .NETFramework,Version=v4.7.1, .NETFramework,Version=v4.7.2, .NETFramework,Version=v4.8, .NETFramework,Version=v4.8.1' instead of the project target framework 'net8.0'. This package may not be fully compatible with your project.
C:\Users\ultra\warewolf\Dev\Warewolf.AI.Harness\Warewolf.AI.Harness.csproj : warning NU1701: Package 'AeroWizard 2.3.1' was restored using '.NETFramework,Version=v4.6.1, .NETFramework,Version=v4.6.2, .NETFramework,Version=v4.7, .NETFramework,Version=v4.7.1, .NETFramework,Version=v4.7.2, .NETFramework,Version=v4.8, .NETFramework,Version=v4.8.1' instead of the project target framework 'net8.0'. This package may not be fully compatible with your project.
C:\Users\ultra\warewolf\Dev\Warewolf.AI.Harness\Warewolf.AI.Harness.csproj : warning NU1701: Package 'GroupControls 1.9.0' was restored using '.NETFramework,Version=v4.6.1, .NETFramework,Version=v4.6.2, .NETFramework,Version=v4.7, .NETFramework,Version=v4.7.1, .NETFramework,Version=v4.7.2, .NETFramework,Version=v4.8, .NETFramework,Version=v4.8.1' instead of the project target framework 'net8.0'. This package may not be fully compatible with your project.
C:\Users\ultra\warewolf\Dev\Warewolf.AI.Harness\Warewolf.AI.Harness.csproj : warning NU1701: Package 'TaskSchedulerEditor 2.10.1' was restored using '.NETFramework,Version=v4.6.1, .NETFramework,Version=v4.6.2, .NETFramework,Version=v4.7, .NETFramework,Version=v4.7.1, .NETFramework,Version=v4.7.2, .NETFramework,Version=v4.8, .NETFramework,Version=v4.8.1' instead of the project target framework 'net8.0'. This package may not be fully compatible with your project.
C:\Users\ultra\warewolf\Dev\Dev2.Util\Dev2.Util.csproj : warning NU1903: Package 'Microsoft.Windows.Compatibility' 6.0.0 has a known high severity vulnerability, https://github.com/advisories/GHSA-555c-2p6r-68mm
C:\Users\ultra\warewolf\Dev\Dev2.Util\Dev2.Util.csproj : warning NU1701: Package 'AeroWizard 2.3.1' was restored using '.NETFramework,Version=v4.6.1, .NETFramework,Version=v4.6.2, .NETFramework,Version=v4.7, .NETFramework,Version=v4.7.1, .NETFramework,Version=v4.7.2, .NETFramework,Version=v4.8, .NETFramework,Version=v4.8.1' instead of the project target framework 'net8.0'. This package may not be fully compatible with your project.
C:\Users\ultra\warewolf\Dev\Dev2.Util\Dev2.Util.csproj : warning NU1701: Package 'GroupControls 1.9.0' was restored using '.NETFramework,Version=v4.6.1, .NETFramework,Version=v4.6.2, .NETFramework,Version=v4.7, .NETFramework,Version=v4.7.1, .NETFramework,Version=v4.7.2, .NETFramework,Version=v4.8, .NETFramework,Version=v4.8.1' instead of the project target framework 'net8.0'. This package may not be fully compatible with your project.
C:\Users\ultra\warewolf\Dev\Dev2.Util\Dev2.Util.csproj : warning NU1701: Package 'TaskSchedulerEditor 2.10.1' was restored using '.NETFramework,Version=v4.6.1, .NETFramework,Version=v4.6.2, .NETFramework,Version=v4.7, .NETFramework,Version=v4.7.1, .NETFramework,Version=v4.7.2, .NETFramework,Version=v4.8, .NETFramework,Version=v4.8.1' instead of the project target framework 'net8.0'. This package may not be fully compatible with your project.
C:\Users\ultra\warewolf\Dev\Warewolf.Sharepoint\Warewolf.Sharepoint.csproj : warning NU1701: Package 'AeroWizard 2.3.1' was restored using '.NETFramework,Version=v4.6.1, .NETFramework,Version=v4.6.2, .NETFramework,Version=v4.7, .NETFramework,Version=v4.7.1, .NETFramework,Version=v4.7.2, .NETFramework,Version=v4.8, .NETFramework,Version=v4.8.1' instead of the project target framework 'net8.0'. This package may not be fully compatible with your project.
C:\Users\ultra\warewolf\Dev\Warewolf.Sharepoint\Warewolf.Sharepoint.csproj : warning NU1701: Package 'GroupControls 1.9.0' was restored using '.NETFramework,Version=v4.6.1, .NETFramework,Version=v4.6.2, .NETFramework,Version=v4.7, .NETFramework,Version=v4.7.1, .NETFramework,Version=v4.7.2, .NETFramework,Version=v4.8, .NETFramework,Version=v4.8.1' instead of the project target framework 'net8.0'. This package may not be fully compatible with your project.
C:\Users\ultra\warewolf\Dev\Warewolf.Sharepoint\Warewolf.Sharepoint.csproj : warning NU1701: Package 'ReactiveUI.WPF 18.4.1' was restored using '.NETFramework,Version=v4.6.1, .NETFramework,Version=v4.6.2, .NETFramework,Version=v4.7, .NETFramework,Version=v4.7.1, .NETFramework,Version=v4.7.2, .NETFramework,Version=v4.8, .NETFramework,Version=v4.8.1' instead of the project target framework 'net8.0'. This package may not be fully compatible with your project.
C:\Users\ultra\warewolf\Dev\Warewolf.Sharepoint\Warewolf.Sharepoint.csproj : warning NU1701: Package 'TaskSchedulerEditor 2.10.1' was restored using '.NETFramework,Version=v4.6.1, .NETFramework,Version=v4.6.2, .NETFramework,Version=v4.7, .NETFramework,Version=v4.7.1, .NETFramework,Version=v4.7.2, .NETFramework,Version=v4.8, .NETFramework,Version=v4.8.1' instead of the project target framework 'net8.0'. This package may not be fully compatible with your project.
C:\Users\ultra\warewolf\Dev\Warewolf.Security\Warewolf.Security.csproj : warning NU1904: Package 'System.Drawing.Common' 4.5.1 has a known critical severity vulnerability, https://github.com/advisories/GHSA-rxg9-xrhp-64gj
C:\Users\ultra\warewolf\Dev\Warewolf.Language.Parser\Warewolf.Language.Parser.fsproj : warning NU1504: Duplicate 'PackageReference' items found. Remove the duplicate items or use the Update functionality to ensure a consistent restore behavior. The duplicate 'PackageReference' items are: FSharp.Core 10.1.201, FSharp.Core 4.6.2.
C:\Users\ultra\warewolf\Dev\Warewolf.Driver.Persistence\Warewolf.Driver.Persistence.csproj : warning NU1701: Package 'AeroWizard 2.3.1' was restored using '.NETFramework,Version=v4.6.1, .NETFramework,Version=v4.6.2, .NETFramework,Version=v4.7, .NETFramework,Version=v4.7.1, .NETFramework,Version=v4.7.2, .NETFramework,Version=v4.8, .NETFramework,Version=v4.8.1' instead of the project target framework 'net8.0'. This package may not be fully compatible with your project.
C:\Users\ultra\warewolf\Dev\Warewolf.Driver.Persistence\Warewolf.Driver.Persistence.csproj : warning NU1701: Package 'GroupControls 1.9.0' was restored using '.NETFramework,Version=v4.6.1, .NETFramework,Version=v4.6.2, .NETFramework,Version=v4.7, .NETFramework,Version=v4.7.1, .NETFramework,Version=v4.7.2, .NETFramework,Version=v4.8, .NETFramework,Version=v4.8.1' instead of the project target framework 'net8.0'. This package may not be fully compatible with your project.
C:\Users\ultra\warewolf\Dev\Warewolf.Driver.Persistence\Warewolf.Driver.Persistence.csproj : warning NU1701: Package 'ReactiveUI.WPF 18.4.1' was restored using '.NETFramework,Version=v4.6.1, .NETFramework,Version=v4.6.2, .NETFramework,Version=v4.7, .NETFramework,Version=v4.7.1, .NETFramework,Version=v4.7.2, .NETFramework,Version=v4.8, .NETFramework,Version=v4.8.1' instead of the project target framework 'net8.0'. This package may not be fully compatible with your project.
C:\Users\ultra\warewolf\Dev\Warewolf.Driver.Persistence\Warewolf.Driver.Persistence.csproj : warning NU1701: Package 'TaskSchedulerEditor 2.10.1' was restored using '.NETFramework,Version=v4.6.1, .NETFramework,Version=v4.6.2, .NETFramework,Version=v4.7, .NETFramework,Version=v4.7.1, .NETFramework,Version=v4.7.2, .NETFramework,Version=v4.8, .NETFramework,Version=v4.8.1' instead of the project target framework 'net8.0'. This package may not be fully compatible with your project.
C:\Users\ultra\warewolf\Dev\Warewolf.Storage.Interfaces\Warewolf.Storage.Interfaces.csproj : warning NU1701: Package 'AeroWizard 2.3.1' was restored using '.NETFramework,Version=v4.6.1, .NETFramework,Version=v4.6.2, .NETFramework,Version=v4.7, .NETFramework,Version=v4.7.1, .NETFramework,Version=v4.7.2, .NETFramework,Version=v4.8, .NETFramework,Version=v4.8.1' instead of the project target framework 'net8.0'. This package may not be fully compatible with your project.
C:\Users\ultra\warewolf\Dev\Warewolf.Storage.Interfaces\Warewolf.Storage.Interfaces.csproj : warning NU1701: Package 'GroupControls 1.9.0' was restored using '.NETFramework,Version=v4.6.1, .NETFramework,Version=v4.6.2, .NETFramework,Version=v4.7, .NETFramework,Version=v4.7.1, .NETFramework,Version=v4.7.2, .NETFramework,Version=v4.8, .NETFramework,Version=v4.8.1' instead of the project target framework 'net8.0'. This package may not be fully compatible with your project.
C:\Users\ultra\warewolf\Dev\Warewolf.Storage.Interfaces\Warewolf.Storage.Interfaces.csproj : warning NU1701: Package 'TaskSchedulerEditor 2.10.1' was restored using '.NETFramework,Version=v4.6.1, .NETFramework,Version=v4.6.2, .NETFramework,Version=v4.7, .NETFramework,Version=v4.7.1, .NETFramework,Version=v4.7.2, .NETFramework,Version=v4.8, .NETFramework,Version=v4.8.1' instead of the project target framework 'net8.0'. This package may not be fully compatible with your project.
C:\Users\ultra\warewolf\Dev\Dev2.Scheduler\Dev2.Scheduler.csproj : warning NU1701: Package 'AeroWizard 2.3.1' was restored using '.NETFramework,Version=v4.6.1, .NETFramework,Version=v4.6.2, .NETFramework,Version=v4.7, .NETFramework,Version=v4.7.1, .NETFramework,Version=v4.7.2, .NETFramework,Version=v4.8, .NETFramework,Version=v4.8.1' instead of the project target framework 'net8.0'. This package may not be fully compatible with your project.
C:\Users\ultra\warewolf\Dev\Dev2.Scheduler\Dev2.Scheduler.csproj : warning NU1701: Package 'GroupControls 1.9.0' was restored using '.NETFramework,Version=v4.6.1, .NETFramework,Version=v4.6.2, .NETFramework,Version=v4.7, .NETFramework,Version=v4.7.1, .NETFramework,Version=v4.7.2, .NETFramework,Version=v4.8, .NETFramework,Version=v4.8.1' instead of the project target framework 'net8.0'. This package may not be fully compatible with your project.
C:\Users\ultra\warewolf\Dev\Dev2.Scheduler\Dev2.Scheduler.csproj : warning NU1701: Package 'ReactiveUI.WPF 18.4.1' was restored using '.NETFramework,Version=v4.6.1, .NETFramework,Version=v4.6.2, .NETFramework,Version=v4.7, .NETFramework,Version=v4.7.1, .NETFramework,Version=v4.7.2, .NETFramework,Version=v4.8, .NETFramework,Version=v4.8.1' instead of the project target framework 'net8.0'. This package may not be fully compatible with your project.
C:\Users\ultra\warewolf\Dev\Dev2.Scheduler\Dev2.Scheduler.csproj : warning NU1701: Package 'TaskSchedulerEditor 2.10.1' was restored using '.NETFramework,Version=v4.6.1, .NETFramework,Version=v4.6.2, .NETFramework,Version=v4.7, .NETFramework,Version=v4.7.1, .NETFramework,Version=v4.7.2, .NETFramework,Version=v4.8, .NETFramework,Version=v4.8.1' instead of the project target framework 'net8.0'. This package may not be fully compatible with your project.
C:\Users\ultra\warewolf\Dev\Warewolf.Licensing\Warewolf.Licensing.csproj : warning NU1701: Package 'AeroWizard 2.3.1' was restored using '.NETFramework,Version=v4.6.1, .NETFramework,Version=v4.6.2, .NETFramework,Version=v4.7, .NETFramework,Version=v4.7.1, .NETFramework,Version=v4.7.2, .NETFramework,Version=v4.8, .NETFramework,Version=v4.8.1' instead of the project target framework 'net8.0'. This package may not be fully compatible with your project.
C:\Users\ultra\warewolf\Dev\Warewolf.Licensing\Warewolf.Licensing.csproj : warning NU1701: Package 'GroupControls 1.9.0' was restored using '.NETFramework,Version=v4.6.1, .NETFramework,Version=v4.6.2, .NETFramework,Version=v4.7, .NETFramework,Version=v4.7.1, .NETFramework,Version=v4.7.2, .NETFramework,Version=v4.8, .NETFramework,Version=v4.8.1' instead of the project target framework 'net8.0'. This package may not be fully compatible with your project.
C:\Users\ultra\warewolf\Dev\Warewolf.Licensing\Warewolf.Licensing.csproj : warning NU1701: Package 'TaskSchedulerEditor 2.10.1' was restored using '.NETFramework,Version=v4.6.1, .NETFramework,Version=v4.6.2, .NETFramework,Version=v4.7, .NETFramework,Version=v4.7.1, .NETFramework,Version=v4.7.2, .NETFramework,Version=v4.8, .NETFramework,Version=v4.8.1' instead of the project target framework 'net8.0'. This package may not be fully compatible with your project.
C:\Users\ultra\warewolf\Dev\Warewolf.Core\Warewolf.Core.csproj : warning NU1903: Package 'Microsoft.Windows.Compatibility' 6.0.0 has a known high severity vulnerability, https://github.com/advisories/GHSA-555c-2p6r-68mm
C:\Users\ultra\warewolf\Dev\Warewolf.Core\Warewolf.Core.csproj : warning NU1701: Package 'AeroWizard 2.3.1' was restored using '.NETFramework,Version=v4.6.1, .NETFramework,Version=v4.6.2, .NETFramework,Version=v4.7, .NETFramework,Version=v4.7.1, .NETFramework,Version=v4.7.2, .NETFramework,Version=v4.8, .NETFramework,Version=v4.8.1' instead of the project target framework 'net8.0'. This package may not be fully compatible with your project.
C:\Users\ultra\warewolf\Dev\Warewolf.Core\Warewolf.Core.csproj : warning NU1701: Package 'GroupControls 1.9.0' was restored using '.NETFramework,Version=v4.6.1, .NETFramework,Version=v4.6.2, .NETFramework,Version=v4.7, .NETFramework,Version=v4.7.1, .NETFramework,Version=v4.7.2, .NETFramework,Version=v4.8, .NETFramework,Version=v4.8.1' instead of the project target framework 'net8.0'. This package may not be fully compatible with your project.
C:\Users\ultra\warewolf\Dev\Warewolf.Core\Warewolf.Core.csproj : warning NU1701: Package 'ReactiveUI.WPF 18.4.1' was restored using '.NETFramework,Version=v4.6.1, .NETFramework,Version=v4.6.2, .NETFramework,Version=v4.7, .NETFramework,Version=v4.7.1, .NETFramework,Version=v4.7.2, .NETFramework,Version=v4.8, .NETFramework,Version=v4.8.1' instead of the project target framework 'net8.0'. This package may not be fully compatible with your project.
C:\Users\ultra\warewolf\Dev\Warewolf.Core\Warewolf.Core.csproj : warning NU1701: Package 'TaskSchedulerEditor 2.10.1' was restored using '.NETFramework,Version=v4.6.1, .NETFramework,Version=v4.6.2, .NETFramework,Version=v4.7, .NETFramework,Version=v4.7.1, .NETFramework,Version=v4.7.2, .NETFramework,Version=v4.8, .NETFramework,Version=v4.8.1' instead of the project target framework 'net8.0'. This package may not be fully compatible with your project.
  Dev2.Net6.Compatibility -> C:\Users\ultra\warewolf\Dev\Dev2.Net6.Compatibility\bin\Debug\net8.0\Dev2.Net6.Compatibility.dll
C:\Users\ultra\warewolf\Dev\Warewolf.Driver.Serilog\Warewolf.Driver.Serilog.csproj : warning NU1701: Package 'AeroWizard 2.3.1' was restored using '.NETFramework,Version=v4.6.1, .NETFramework,Version=v4.6.2, .NETFramework,Version=v4.7, .NETFramework,Version=v4.7.1, .NETFramework,Version=v4.7.2, .NETFramework,Version=v4.8, .NETFramework,Version=v4.8.1' instead of the project target framework 'net8.0'. This package may not be fully compatible with your project.
C:\Users\ultra\warewolf\Dev\Warewolf.Driver.Serilog\Warewolf.Driver.Serilog.csproj : warning NU1701: Package 'GroupControls 1.9.0' was restored using '.NETFramework,Version=v4.6.1, .NETFramework,Version=v4.6.2, .NETFramework,Version=v4.7, .NETFramework,Version=v4.7.1, .NETFramework,Version=v4.7.2, .NETFramework,Version=v4.8, .NETFramework,Version=v4.8.1' instead of the project target framework 'net8.0'. This package may not be fully compatible with your project.
C:\Users\ultra\warewolf\Dev\Warewolf.Driver.Serilog\Warewolf.Driver.Serilog.csproj : warning NU1701: Package 'ReactiveUI.WPF 18.4.1' was restored using '.NETFramework,Version=v4.6.1, .NETFramework,Version=v4.6.2, .NETFramework,Version=v4.7, .NETFramework,Version=v4.7.1, .NETFramework,Version=v4.7.2, .NETFramework,Version=v4.8, .NETFramework,Version=v4.8.1' instead of the project target framework 'net8.0'. This package may not be fully compatible with your project.
C:\Users\ultra\warewolf\Dev\Warewolf.Driver.Serilog\Warewolf.Driver.Serilog.csproj : warning NU1701: Package 'TaskSchedulerEditor 2.10.1' was restored using '.NETFramework,Version=v4.6.1, .NETFramework,Version=v4.6.2, .NETFramework,Version=v4.7, .NETFramework,Version=v4.7.1, .NETFramework,Version=v4.7.2, .NETFramework,Version=v4.8, .NETFramework,Version=v4.8.1' instead of the project target framework 'net8.0'. This package may not be fully compatible with your project.
C:\Users\ultra\warewolf\Dev\Dev2.Services.Sql\Dev2.Services.Sql.csproj : warning NU1903: Package 'Oracle.ManagedDataAccess.Core' 3.21.70 has a known high severity vulnerability, https://github.com/advisories/GHSA-5pm2-9mr2-3frq
C:\Users\ultra\warewolf\Dev\Dev2.Services.Sql\Dev2.Services.Sql.csproj : warning NU1701: Package 'AeroWizard 2.3.1' was restored using '.NETFramework,Version=v4.6.1, .NETFramework,Version=v4.6.2, .NETFramework,Version=v4.7, .NETFramework,Version=v4.7.1, .NETFramework,Version=v4.7.2, .NETFramework,Version=v4.8, .NETFramework,Version=v4.8.1' instead of the project target framework 'net8.0'. This package may not be fully compatible with your project.
C:\Users\ultra\warewolf\Dev\Dev2.Services.Sql\Dev2.Services.Sql.csproj : warning NU1701: Package 'GroupControls 1.9.0' was restored using '.NETFramework,Version=v4.6.1, .NETFramework,Version=v4.6.2, .NETFramework,Version=v4.7, .NETFramework,Version=v4.7.1, .NETFramework,Version=v4.7.2, .NETFramework,Version=v4.8, .NETFramework,Version=v4.8.1' instead of the project target framework 'net8.0'. This package may not be fully compatible with your project.
C:\Users\ultra\warewolf\Dev\Dev2.Services.Sql\Dev2.Services.Sql.csproj : warning NU1701: Package 'ReactiveUI.WPF 18.4.1' was restored using '.NETFramework,Version=v4.6.1, .NETFramework,Version=v4.6.2, .NETFramework,Version=v4.7, .NETFramework,Version=v4.7.1, .NETFramework,Version=v4.7.2, .NETFramework,Version=v4.8, .NETFramework,Version=v4.8.1' instead of the project target framework 'net8.0'. This package may not be fully compatible with your project.
C:\Users\ultra\warewolf\Dev\Dev2.Services.Sql\Dev2.Services.Sql.csproj : warning NU1701: Package 'TaskSchedulerEditor 2.10.1' was restored using '.NETFramework,Version=v4.6.1, .NETFramework,Version=v4.6.2, .NETFramework,Version=v4.7, .NETFramework,Version=v4.7.1, .NETFramework,Version=v4.7.2, .NETFramework,Version=v4.8, .NETFramework,Version=v4.8.1' instead of the project target framework 'net8.0'. This package may not be fully compatible with your project.
C:\Users\ultra\warewolf\Dev\Warewolf.Common.NetStandard20\Warewolf.Common.NetStandard20.csproj : warning NU1701: Package 'AeroWizard 2.3.1' was restored using '.NETFramework,Version=v4.6.1, .NETFramework,Version=v4.6.2, .NETFramework,Version=v4.7, .NETFramework,Version=v4.7.1, .NETFramework,Version=v4.7.2, .NETFramework,Version=v4.8, .NETFramework,Version=v4.8.1' instead of the project target framework 'net8.0'. This package may not be fully compatible with your project.
C:\Users\ultra\warewolf\Dev\Warewolf.Common.NetStandard20\Warewolf.Common.NetStandard20.csproj : warning NU1701: Package 'GroupControls 1.9.0' was restored using '.NETFramework,Version=v4.6.1, .NETFramework,Version=v4.6.2, .NETFramework,Version=v4.7, .NETFramework,Version=v4.7.1, .NETFramework,Version=v4.7.2, .NETFramework,Version=v4.8, .NETFramework,Version=v4.8.1' instead of the project target framework 'net8.0'. This package may not be fully compatible with your project.
C:\Users\ultra\warewolf\Dev\Warewolf.Common.NetStandard20\Warewolf.Common.NetStandard20.csproj : warning NU1701: Package 'ReactiveUI.WPF 18.4.1' was restored using '.NETFramework,Version=v4.6.1, .NETFramework,Version=v4.6.2, .NETFramework,Version=v4.7, .NETFramework,Version=v4.7.1, .NETFramework,Version=v4.7.2, .NETFramework,Version=v4.8, .NETFramework,Version=v4.8.1' instead of the project target framework 'net8.0'. This package may not be fully compatible with your project.
C:\Users\ultra\warewolf\Dev\Warewolf.Common.NetStandard20\Warewolf.Common.NetStandard20.csproj : warning NU1701: Package 'TaskSchedulerEditor 2.10.1' was restored using '.NETFramework,Version=v4.6.1, .NETFramework,Version=v4.6.2, .NETFramework,Version=v4.7, .NETFramework,Version=v4.7.1, .NETFramework,Version=v4.7.2, .NETFramework,Version=v4.8, .NETFramework,Version=v4.8.1' instead of the project target framework 'net8.0'. This package may not be fully compatible with your project.
  Log4Net.Async -> C:\Users\ultra\warewolf\Dev\Log4Net.Async\bin\Debug\net8.0\Log4Net.Async.dll
  Warewolf.Common.Interfaces.NetStandard20 -> C:\Users\ultra\warewolf\Dev\Warewolf.Common.Interfaces.NetStandard20\bin\Debug\net8.0\Warewolf.Common.Interfaces.NetStandard20.dll
C:\Users\ultra\warewolf\Dev\Warewolf.Security\Encryption\AESThenHMAC.cs(168,34): warning SYSLIB0021: 'AesManaged' is obsolete: 'Derived cryptographic types are obsolete. Use the Create method on the base type instead.' (https://aka.ms/dotnet-warnings/SYSLIB0021) [C:\Users\ultra\warewolf\Dev\Warewolf.Security\Warewolf.Security.csproj]
C:\Users\ultra\warewolf\Dev\Warewolf.Security\Encryption\AESThenHMAC.cs(264,38): warning SYSLIB0021: 'AesManaged' is obsolete: 'Derived cryptographic types are obsolete. Use the Create method on the base type instead.' (https://aka.ms/dotnet-warnings/SYSLIB0021) [C:\Users\ultra\warewolf\Dev\Warewolf.Security\Warewolf.Security.csproj]
C:\Users\ultra\warewolf\Dev\Warewolf.Security\Encryption\AESThenHMAC.cs(331,36): warning SYSLIB0041: 'Rfc2898DeriveBytes.Rfc2898DeriveBytes(string, int, int)' is obsolete: 'The default hash algorithm and iteration counts in Rfc2898DeriveBytes constructors are outdated and insecure. Use a constructor that accepts the hash algorithm and the number of iterations.' (https://aka.ms/dotnet-warnings/SYSLIB0041) [C:\Users\ultra\warewolf\Dev\Warewolf.Security\Warewolf.Security.csproj]
C:\Users\ultra\warewolf\Dev\Warewolf.Security\Encryption\AESThenHMAC.cs(345,36): warning SYSLIB0041: 'Rfc2898DeriveBytes.Rfc2898DeriveBytes(string, int, int)' is obsolete: 'The default hash algorithm and iteration counts in Rfc2898DeriveBytes constructors are outdated and insecure. Use a constructor that accepts the hash algorithm and the number of iterations.' (https://aka.ms/dotnet-warnings/SYSLIB0041) [C:\Users\ultra\warewolf\Dev\Warewolf.Security\Warewolf.Security.csproj]
C:\Users\ultra\warewolf\Dev\Warewolf.Security\Encryption\AESThenHMAC.cs(393,36): warning SYSLIB0041: 'Rfc2898DeriveBytes.Rfc2898DeriveBytes(string, byte[], int)' is obsolete: 'The default hash algorithm and iteration counts in Rfc2898DeriveBytes constructors are outdated and insecure. Use a constructor that accepts the hash algorithm and the number of iterations.' (https://aka.ms/dotnet-warnings/SYSLIB0041) [C:\Users\ultra\warewolf\Dev\Warewolf.Security\Warewolf.Security.csproj]
C:\Users\ultra\warewolf\Dev\Warewolf.Security\Encryption\AESThenHMAC.cs(398,36): warning SYSLIB0041: 'Rfc2898DeriveBytes.Rfc2898DeriveBytes(string, byte[], int)' is obsolete: 'The default hash algorithm and iteration counts in Rfc2898DeriveBytes constructors are outdated and insecure. Use a constructor that accepts the hash algorithm and the number of iterations.' (https://aka.ms/dotnet-warnings/SYSLIB0041) [C:\Users\ultra\warewolf\Dev\Warewolf.Security\Warewolf.Security.csproj]
  Warewolf.Resource -> C:\Users\ultra\warewolf\Dev\Warewolf.Resource\bin\Debug\net8.0\Warewolf.Resource.dll
  Warewolf.Security -> C:\Users\ultra\warewolf\Dev\Warewolf.Security\bin\Debug\net8.0\Warewolf.Security.dll
C:\Users\ultra\warewolf\Dev\Warewolf.Common\Warewolf.Common.csproj : warning NU1701: Package 'AeroWizard 2.3.1' was restored using '.NETFramework,Version=v4.6.1, .NETFramework,Version=v4.6.2, .NETFramework,Version=v4.7, .NETFramework,Version=v4.7.1, .NETFramework,Version=v4.7.2, .NETFramework,Version=v4.8, .NETFramework,Version=v4.8.1' instead of the project target framework 'net8.0'. This package may not be fully compatible with your project.
C:\Users\ultra\warewolf\Dev\Warewolf.Common\Warewolf.Common.csproj : warning NU1701: Package 'GroupControls 1.9.0' was restored using '.NETFramework,Version=v4.6.1, .NETFramework,Version=v4.6.2, .NETFramework,Version=v4.7, .NETFramework,Version=v4.7.1, .NETFramework,Version=v4.7.2, .NETFramework,Version=v4.8, .NETFramework,Version=v4.8.1' instead of the project target framework 'net8.0'. This package may not be fully compatible with your project.
C:\Users\ultra\warewolf\Dev\Warewolf.Common\Warewolf.Common.csproj : warning NU1701: Package 'TaskSchedulerEditor 2.10.1' was restored using '.NETFramework,Version=v4.6.1, .NETFramework,Version=v4.6.2, .NETFramework,Version=v4.7, .NETFramework,Version=v4.7.1, .NETFramework,Version=v4.7.2, .NETFramework,Version=v4.8, .NETFramework,Version=v4.8.1' instead of the project target framework 'net8.0'. This package may not be fully compatible with your project.
  Dev2.SignalR.Wrappers.Interfaces -> C:\Users\ultra\warewolf\Dev\Dev2.SignalR.Wrappers\bin\Debug\net8.0\Dev2.SignalR.Wrappers.dll
C:\Users\ultra\warewolf\Dev\Warewolf.Auditing\Warewolf.Auditing.csproj : warning NU1701: Package 'AeroWizard 2.3.1' was restored using '.NETFramework,Version=v4.6.1, .NETFramework,Version=v4.6.2, .NETFramework,Version=v4.7, .NETFramework,Version=v4.7.1, .NETFramework,Version=v4.7.2, .NETFramework,Version=v4.8, .NETFramework,Version=v4.8.1' instead of the project target framework 'net8.0'. This package may not be fully compatible with your project.
C:\Users\ultra\warewolf\Dev\Warewolf.Auditing\Warewolf.Auditing.csproj : warning NU1701: Package 'GroupControls 1.9.0' was restored using '.NETFramework,Version=v4.6.1, .NETFramework,Version=v4.6.2, .NETFramework,Version=v4.7, .NETFramework,Version=v4.7.1, .NETFramework,Version=v4.7.2, .NETFramework,Version=v4.8, .NETFramework,Version=v4.8.1' instead of the project target framework 'net8.0'. This package may not be fully compatible with your project.
C:\Users\ultra\warewolf\Dev\Warewolf.Auditing\Warewolf.Auditing.csproj : warning NU1701: Package 'ReactiveUI.WPF 18.4.1' was restored using '.NETFramework,Version=v4.6.1, .NETFramework,Version=v4.6.2, .NETFramework,Version=v4.7, .NETFramework,Version=v4.7.1, .NETFramework,Version=v4.7.2, .NETFramework,Version=v4.8, .NETFramework,Version=v4.8.1' instead of the project target framework 'net8.0'. This package may not be fully compatible with your project.
C:\Users\ultra\warewolf\Dev\Warewolf.Auditing\Warewolf.Auditing.csproj : warning NU1701: Package 'TaskSchedulerEditor 2.10.1' was restored using '.NETFramework,Version=v4.6.1, .NETFramework,Version=v4.6.2, .NETFramework,Version=v4.7, .NETFramework,Version=v4.7.1, .NETFramework,Version=v4.7.2, .NETFramework,Version=v4.8, .NETFramework,Version=v4.8.1' instead of the project target framework 'net8.0'. This package may not be fully compatible with your project.
C:\Users\ultra\warewolf\Dev\Warewolf.Exchange.Email.Wrapper\Warewolf.Exchange.Email.Wrapper.csproj : warning NU1701: Package 'AeroWizard 2.3.1' was restored using '.NETFramework,Version=v4.6.1, .NETFramework,Version=v4.6.2, .NETFramework,Version=v4.7, .NETFramework,Version=v4.7.1, .NETFramework,Version=v4.7.2, .NETFramework,Version=v4.8, .NETFramework,Version=v4.8.1' instead of the project target framework 'net8.0'. This package may not be fully compatible with your project.
C:\Users\ultra\warewolf\Dev\Warewolf.Exchange.Email.Wrapper\Warewolf.Exchange.Email.Wrapper.csproj : warning NU1701: Package 'GroupControls 1.9.0' was restored using '.NETFramework,Version=v4.6.1, .NETFramework,Version=v4.6.2, .NETFramework,Version=v4.7, .NETFramework,Version=v4.7.1, .NETFramework,Version=v4.7.2, .NETFramework,Version=v4.8, .NETFramework,Version=v4.8.1' instead of the project target framework 'net8.0'. This package may not be fully compatible with your project.
C:\Users\ultra\warewolf\Dev\Warewolf.Exchange.Email.Wrapper\Warewolf.Exchange.Email.Wrapper.csproj : warning NU1701: Package 'ReactiveUI.WPF 18.4.1' was restored using '.NETFramework,Version=v4.6.1, .NETFramework,Version=v4.6.2, .NETFramework,Version=v4.7, .NETFramework,Version=v4.7.1, .NETFramework,Version=v4.7.2, .NETFramework,Version=v4.8, .NETFramework,Version=v4.8.1' instead of the project target framework 'net8.0'. This package may not be fully compatible with your project.
C:\Users\ultra\warewolf\Dev\Warewolf.Exchange.Email.Wrapper\Warewolf.Exchange.Email.Wrapper.csproj : warning NU1701: Package 'TaskSchedulerEditor 2.10.1' was restored using '.NETFramework,Version=v4.6.1, .NETFramework,Version=v4.6.2, .NETFramework,Version=v4.7, .NETFramework,Version=v4.7.1, .NETFramework,Version=v4.7.2, .NETFramework,Version=v4.8, .NETFramework,Version=v4.8.1' instead of the project target framework 'net8.0'. This package may not be fully compatible with your project.
  Warewolf.ServiceDefinitions -> C:\Users\ultra\warewolf\Dev\Warewolf.ServiceDefinitions\bin\Debug\net8.0\Warewolf.ServiceDefinitions.dll
C:\Users\ultra\warewolf\Dev\Dev2.Services.Execution\Dev2.Services.Execution.csproj : warning NU1701: Package 'AeroWizard 2.3.1' was restored using '.NETFramework,Version=v4.6.1, .NETFramework,Version=v4.6.2, .NETFramework,Version=v4.7, .NETFramework,Version=v4.7.1, .NETFramework,Version=v4.7.2, .NETFramework,Version=v4.8, .NETFramework,Version=v4.8.1' instead of the project target framework 'net8.0'. This package may not be fully compatible with your project.
C:\Users\ultra\warewolf\Dev\Dev2.Services.Execution\Dev2.Services.Execution.csproj : warning NU1701: Package 'GroupControls 1.9.0' was restored using '.NETFramework,Version=v4.6.1, .NETFramework,Version=v4.6.2, .NETFramework,Version=v4.7, .NETFramework,Version=v4.7.1, .NETFramework,Version=v4.7.2, .NETFramework,Version=v4.8, .NETFramework,Version=v4.8.1' instead of the project target framework 'net8.0'. This package may not be fully compatible with your project.
C:\Users\ultra\warewolf\Dev\Dev2.Services.Execution\Dev2.Services.Execution.csproj : warning NU1701: Package 'ReactiveUI.WPF 18.4.1' was restored using '.NETFramework,Version=v4.6.1, .NETFramework,Version=v4.6.2, .NETFramework,Version=v4.7, .NETFramework,Version=v4.7.1, .NETFramework,Version=v4.7.2, .NETFramework,Version=v4.8, .NETFramework,Version=v4.8.1' instead of the project target framework 'net8.0'. This package may not be fully compatible with your project.
C:\Users\ultra\warewolf\Dev\Dev2.Services.Execution\Dev2.Services.Execution.csproj : warning NU1701: Package 'TaskSchedulerEditor 2.10.1' was restored using '.NETFramework,Version=v4.6.1, .NETFramework,Version=v4.6.2, .NETFramework,Version=v4.7, .NETFramework,Version=v4.7.1, .NETFramework,Version=v4.7.2, .NETFramework,Version=v4.8, .NETFramework,Version=v4.8.1' instead of the project target framework 'net8.0'. This package may not be fully compatible with your project.
  Warewolf.Weave -> C:\Users\ultra\warewolf\Dev\Warewolf.Weave\bin\Debug\net8.0\Warewolf.Weave.dll
C:\Users\ultra\warewolf\Dev\Dev2.TaskScheduler.Wrappers\Dev2.TaskScheduler.Wrappers.csproj : warning NU1701: Package 'AeroWizard 2.3.1' was restored using '.NETFramework,Version=v4.6.1, .NETFramework,Version=v4.6.2, .NETFramework,Version=v4.7, .NETFramework,Version=v4.7.1, .NETFramework,Version=v4.7.2, .NETFramework,Version=v4.8, .NETFramework,Version=v4.8.1' instead of the project target framework 'net8.0'. This package may not be fully compatible with your project.
C:\Users\ultra\warewolf\Dev\Dev2.TaskScheduler.Wrappers\Dev2.TaskScheduler.Wrappers.csproj : warning NU1701: Package 'GroupControls 1.9.0' was restored using '.NETFramework,Version=v4.6.1, .NETFramework,Version=v4.6.2, .NETFramework,Version=v4.7, .NETFramework,Version=v4.7.1, .NETFramework,Version=v4.7.2, .NETFramework,Version=v4.8, .NETFramework,Version=v4.8.1' instead of the project target framework 'net8.0'. This package may not be fully compatible with your project.
C:\Users\ultra\warewolf\Dev\Dev2.TaskScheduler.Wrappers\Dev2.TaskScheduler.Wrappers.csproj : warning NU1701: Package 'TaskSchedulerEditor 2.10.1' was restored using '.NETFramework,Version=v4.6.1, .NETFramework,Version=v4.6.2, .NETFramework,Version=v4.7, .NETFramework,Version=v4.7.1, .NETFramework,Version=v4.7.2, .NETFramework,Version=v4.8, .NETFramework,Version=v4.8.1' instead of the project target framework 'net8.0'. This package may not be fully compatible with your project.
  Warewolf.Studio.Resources -> C:\Users\ultra\warewolf\Dev\Warewolf.Studio.Resources\bin\Debug\net8.0\Warewolf.Studio.Resources.dll
  GACManagerApi -> C:\Users\ultra\warewolf\Dev\GACManagerApi\bin\Debug\net8.0\GACManagerApi.dll
C:\Users\ultra\warewolf\Dev\Warewolf.Interfaces\Data\ChatbotSettingsData.cs(20,23): warning CS0169: The field 'ChatbotSettingsData._encryptDataSource' is never used [C:\Users\ultra\warewolf\Dev\Warewolf.Interfaces\Warewolf.Interfaces.csproj]
C:\Users\ultra\warewolf\Dev\Warewolf.Interfaces\Auditing\SerializableException.cs(15,7): warning CS0414: The field 'SerializableException.HResult' is assigned but its value is never used [C:\Users\ultra\warewolf\Dev\Warewolf.Interfaces\Warewolf.Interfaces.csproj]
  Warewolf.Interfaces -> C:\Users\ultra\warewolf\Dev\Warewolf.Interfaces\bin\Debug\net8.0\Warewolf.Interfaces.dll
C:\Users\ultra\warewolf\Dev\Dev2.Runtime.Services\Dev2.Runtime.Services.csproj : warning NU1902: Package 'MessagePack' 2.4.59 has a known moderate severity vulnerability, https://github.com/advisories/GHSA-4qm4-8hg2-g2xm
C:\Users\ultra\warewolf\Dev\Dev2.Runtime.Services\Dev2.Runtime.Services.csproj : warning NU1903: Package 'Microsoft.Windows.Compatibility' 6.0.0 has a known high severity vulnerability, https://github.com/advisories/GHSA-555c-2p6r-68mm
C:\Users\ultra\warewolf\Dev\Dev2.Runtime.Services\Dev2.Runtime.Services.csproj : warning NU1701: Package 'AeroWizard 2.3.1' was restored using '.NETFramework,Version=v4.6.1, .NETFramework,Version=v4.6.2, .NETFramework,Version=v4.7, .NETFramework,Version=v4.7.1, .NETFramework,Version=v4.7.2, .NETFramework,Version=v4.8, .NETFramework,Version=v4.8.1' instead of the project target framework 'net8.0'. This package may not be fully compatible with your project.
C:\Users\ultra\warewolf\Dev\Dev2.Runtime.Services\Dev2.Runtime.Services.csproj : warning NU1701: Package 'GroupControls 1.9.0' was restored using '.NETFramework,Version=v4.6.1, .NETFramework,Version=v4.6.2, .NETFramework,Version=v4.7, .NETFramework,Version=v4.7.1, .NETFramework,Version=v4.7.2, .NETFramework,Version=v4.8, .NETFramework,Version=v4.8.1' instead of the project target framework 'net8.0'. This package may not be fully compatible with your project.
C:\Users\ultra\warewolf\Dev\Dev2.Runtime.Services\Dev2.Runtime.Services.csproj : warning NU1701: Package 'ReactiveUI.WPF 18.4.1' was restored using '.NETFramework,Version=v4.6.1, .NETFramework,Version=v4.6.2, .NETFramework,Version=v4.7, .NETFramework,Version=v4.7.1, .NETFramework,Version=v4.7.2, .NETFramework,Version=v4.8, .NETFramework,Version=v4.8.1' instead of the project target framework 'net8.0'. This package may not be fully compatible with your project.
C:\Users\ultra\warewolf\Dev\Dev2.Runtime.Services\Dev2.Runtime.Services.csproj : warning NU1701: Package 'TaskSchedulerEditor 2.10.1' was restored using '.NETFramework,Version=v4.6.1, .NETFramework,Version=v4.6.2, .NETFramework,Version=v4.7, .NETFramework,Version=v4.7.1, .NETFramework,Version=v4.7.2, .NETFramework,Version=v4.8, .NETFramework,Version=v4.8.1' instead of the project target framework 'net8.0'. This package may not be fully compatible with your project.
C:\Users\ultra\warewolf\Dev\Warewolf.Storage\Warewolf.Storage.csproj : warning NU1701: Package 'AeroWizard 2.3.1' was restored using '.NETFramework,Version=v4.6.1, .NETFramework,Version=v4.6.2, .NETFramework,Version=v4.7, .NETFramework,Version=v4.7.1, .NETFramework,Version=v4.7.2, .NETFramework,Version=v4.8, .NETFramework,Version=v4.8.1' instead of the project target framework 'net8.0'. This package may not be fully compatible with your project.
C:\Users\ultra\warewolf\Dev\Warewolf.Storage\Warewolf.Storage.csproj : warning NU1701: Package 'GroupControls 1.9.0' was restored using '.NETFramework,Version=v4.6.1, .NETFramework,Version=v4.6.2, .NETFramework,Version=v4.7, .NETFramework,Version=v4.7.1, .NETFramework,Version=v4.7.2, .NETFramework,Version=v4.8, .NETFramework,Version=v4.8.1' instead of the project target framework 'net8.0'. This package may not be fully compatible with your project.
C:\Users\ultra\warewolf\Dev\Warewolf.Storage\Warewolf.Storage.csproj : warning NU1701: Package 'ReactiveUI.WPF 18.4.1' was restored using '.NETFramework,Version=v4.6.1, .NETFramework,Version=v4.6.2, .NETFramework,Version=v4.7, .NETFramework,Version=v4.7.1, .NETFramework,Version=v4.7.2, .NETFramework,Version=v4.8, .NETFramework,Version=v4.8.1' instead of the project target framework 'net8.0'. This package may not be fully compatible with your project.
C:\Users\ultra\warewolf\Dev\Warewolf.Storage\Warewolf.Storage.csproj : warning NU1701: Package 'TaskSchedulerEditor 2.10.1' was restored using '.NETFramework,Version=v4.6.1, .NETFramework,Version=v4.6.2, .NETFramework,Version=v4.7, .NETFramework,Version=v4.7.1, .NETFramework,Version=v4.7.2, .NETFramework,Version=v4.8, .NETFramework,Version=v4.8.1' instead of the project target framework 'net8.0'. This package may not be fully compatible with your project.
  Consider app.config remapping of assembly "System.Runtime.CompilerServices.Unsafe, Culture=neutral, PublicKeyToken=b03f5f7f11d50a3a" from Version "6.0.0.0" [] to Version "8.0.0.0" [C:\Program Files\dotnet\packs\Microsoft.NETCore.App.Ref\8.0.25\ref\net8.0\System.Runtime.CompilerServices.Unsafe.dll] to solve conflict and get rid of warning.
  Warewolf.Driver.Redis -> C:\Users\ultra\warewolf\Dev\Warewolf.Driver.Redis\bin\Debug\net8.0\Warewolf.Driver.Redis.dll
  Warewolf.Driver.RabbitMQ -> C:\Users\ultra\warewolf\Dev\Warewolf.Driver.RabbitMQ\bin\Debug\net8.0\Warewolf.Driver.RabbitMQ.dll
  Warewolf.Parser.Interop -> C:\Users\ultra\warewolf\Dev\Warewolf.Parser.Interop\bin\Debug\net8.0\WarewolfParserInterop.dll
C:\Users\ultra\warewolf\Dev\Dev2.Common.Interfaces\Attribute\ReasonAttribute.cs(13,18): warning CC0023: Mark 'ReasonAttribute' as sealed. (https://code-cracker.github.io/diagnostics/CC0023.html) [C:\Users\ultra\warewolf\Dev\Dev2.Common.Interfaces\Dev2.Common.Interfaces.csproj]
C:\Users\ultra\warewolf\Dev\Dev2.Common.Interfaces\Wrappers\IDirectoryEntry.cs(190,35): warning CC0057: Parameter 'path' is not used. (https://code-cracker.github.io/diagnostics/CC0057.html) [C:\Users\ultra\warewolf\Dev\Dev2.Common.Interfaces\Dev2.Common.Interfaces.csproj]
C:\Users\ultra\warewolf\Dev\Dev2.Common.Interfaces\DllListing.cs(97,17): warning CC0105: Use 'var' instead of specifying the type name. (https://code-cracker.github.io/diagnostics/CC0105.html) [C:\Users\ultra\warewolf\Dev\Dev2.Common.Interfaces\Dev2.Common.Interfaces.csproj]
C:\Users\ultra\warewolf\Dev\Dev2.Common.Interfaces\DllListing.cs(98,17): warning CC0105: Use 'var' instead of specifying the type name. (https://code-cracker.github.io/diagnostics/CC0105.html) [C:\Users\ultra\warewolf\Dev\Dev2.Common.Interfaces\Dev2.Common.Interfaces.csproj]
C:\Users\ultra\warewolf\Dev\Dev2.Common.Interfaces\Runtime\Services\IStreamContentFactory.cs(48,21): warning CC0029: 'StreamContentWrapper' should call GC.SuppressFinalize inside the Dispose method. (https://code-cracker.github.io/diagnostics/CC0029.html) [C:\Users\ultra\warewolf\Dev\Dev2.Common.Interfaces\Dev2.Common.Interfaces.csproj]
  Dev2.Common.Interfaces -> C:\Users\ultra\warewolf\Dev\Dev2.Common.Interfaces\bin\Debug\net8.0\Dev2.Common.Interfaces.dll
C:\Users\ultra\warewolf\Dev\Warewolf.Language.Parser\EvaluationFunctions.fs(277,15): warning FS3548: Pattern discard is not allowed for union case that takes no data. [C:\Users\ultra\warewolf\Dev\Warewolf.Language.Parser\Warewolf.Language.Parser.fsproj]
C:\Users\ultra\warewolf\Dev\Warewolf.Language.Parser\EvaluationFunctions.fs(305,15): warning FS3548: Pattern discard is not allowed for union case that takes no data. [C:\Users\ultra\warewolf\Dev\Warewolf.Language.Parser\Warewolf.Language.Parser.fsproj]
C:\Users\ultra\warewolf\Dev\Warewolf.Language.Parser\EvaluationFunctions.fs(748,21): warning FS3873: This construct is deprecated. Sequence expressions should be of the form 'seq { ... }' [C:\Users\ultra\warewolf\Dev\Warewolf.Language.Parser\Warewolf.Language.Parser.fsproj]
C:\Users\ultra\warewolf\Dev\Warewolf.Language.Parser\EvaluationFunctions.fs(751,28): warning FS3873: This construct is deprecated. Sequence expressions should be of the form 'seq { ... }' [C:\Users\ultra\warewolf\Dev\Warewolf.Language.Parser\Warewolf.Language.Parser.fsproj]
C:\Users\ultra\warewolf\Dev\Warewolf.Language.Parser\WarewolfDataEvaluationCommon.fs(593,21): warning FS3873: This construct is deprecated. Sequence expressions should be of the form 'seq { ... }' [C:\Users\ultra\warewolf\Dev\Warewolf.Language.Parser\Warewolf.Language.Parser.fsproj]
C:\Users\ultra\warewolf\Dev\Warewolf.Language.Parser\WarewolfDataEvaluationCommon.fs(596,28): warning FS3873: This construct is deprecated. Sequence expressions should be of the form 'seq { ... }' [C:\Users\ultra\warewolf\Dev\Warewolf.Language.Parser\Warewolf.Language.Parser.fsproj]
C:\Users\ultra\warewolf\Dev\Warewolf.Data\NamedInt.cs(160,21): warning CA2200: Re-throwing caught exception changes stack information (https://learn.microsoft.com/dotnet/fundamentals/code-analysis/quality-rules/ca2200) [C:\Users\ultra\warewolf\Dev\Warewolf.Data\Warewolf.Data.csproj]
  Warewolf.Data -> C:\Users\ultra\warewolf\Dev\Warewolf.Data\bin\Debug\net8.0\Warewolf.Data.dll
  Warewolf.Language.Parser -> C:\Users\ultra\warewolf\Dev\Warewolf.Language.Parser\bin\Debug\net8.0\Warewolf.Language.Parser.dll
  Warewolf.Storage.Interfaces -> C:\Users\ultra\warewolf\Dev\Warewolf.Storage.Interfaces\bin\Debug\net8.0\Warewolf.Storage.Interfaces.dll
  Warewolf.Common -> C:\Users\ultra\warewolf\Dev\Warewolf.Common\bin\Debug\net8.0\Warewolf.Common.dll
  Dev2.Data.Interfaces -> C:\Users\ultra\warewolf\Dev\Dev2.Data.Interfaces\bin\Debug\net8.0\Dev2.Data.Interfaces.dll
C:\Users\ultra\warewolf\Dev\Dev2.Common\ExtMethods\StringExtension.cs(302,13): warning CC0004: Empty Catch Block. (https://code-cracker.github.io/diagnostics/CC0004.html) [C:\Users\ultra\warewolf\Dev\Dev2.Common\Dev2.Common.csproj]
  Dev2.Common -> C:\Users\ultra\warewolf\Dev\Dev2.Common\bin\Debug\net8.0\Dev2.Common.dll
C:\Program Files\dotnet\sdk\10.0.201\Microsoft.Common.CurrentVersion.targets(2451,5): warning MSB3277: Found conflicts between different versions of "WindowsBase" that could not be resolved. [C:\Users\ultra\warewolf\Dev\Dev2.Development.Languages\Dev2.Development.Languages.csproj]
C:\Program Files\dotnet\sdk\10.0.201\Microsoft.Common.CurrentVersion.targets(2451,5): warning MSB3277: There was a conflict between "WindowsBase, Version=4.0.0.0, Culture=neutral, PublicKeyToken=31bf3856ad364e35" and "WindowsBase, Version=6.0.2.0, Culture=neutral, PublicKeyToken=31bf3856ad364e35". [C:\Users\ultra\warewolf\Dev\Dev2.Development.Languages\Dev2.Development.Languages.csproj]
C:\Program Files\dotnet\sdk\10.0.201\Microsoft.Common.CurrentVersion.targets(2451,5): warning MSB3277:     "WindowsBase, Version=4.0.0.0, Culture=neutral, PublicKeyToken=31bf3856ad364e35" was chosen because it was primary and "WindowsBase, Version=6.0.2.0, Culture=neutral, PublicKeyToken=31bf3856ad364e35" was not. [C:\Users\ultra\warewolf\Dev\Dev2.Development.Languages\Dev2.Development.Languages.csproj]
C:\Program Files\dotnet\sdk\10.0.201\Microsoft.Common.CurrentVersion.targets(2451,5): warning MSB3277:     References which depend on "WindowsBase, Version=4.0.0.0, Culture=neutral, PublicKeyToken=31bf3856ad364e35" [C:\Program Files\dotnet\packs\Microsoft.NETCore.App.Ref\8.0.25\ref\net8.0\WindowsBase.dll]. [C:\Users\ultra\warewolf\Dev\Dev2.Development.Languages\Dev2.Development.Languages.csproj]
C:\Program Files\dotnet\sdk\10.0.201\Microsoft.Common.CurrentVersion.targets(2451,5): warning MSB3277:         C:\Program Files\dotnet\packs\Microsoft.NETCore.App.Ref\8.0.25\ref\net8.0\WindowsBase.dll [C:\Users\ultra\warewolf\Dev\Dev2.Development.Languages\Dev2.Development.Languages.csproj]
C:\Program Files\dotnet\sdk\10.0.201\Microsoft.Common.CurrentVersion.targets(2451,5): warning MSB3277:           Project file item includes which caused reference "C:\Program Files\dotnet\packs\Microsoft.NETCore.App.Ref\8.0.25\ref\net8.0\WindowsBase.dll". [C:\Users\ultra\warewolf\Dev\Dev2.Development.Languages\Dev2.Development.Languages.csproj]
C:\Program Files\dotnet\sdk\10.0.201\Microsoft.Common.CurrentVersion.targets(2451,5): warning MSB3277:             C:\Program Files\dotnet\packs\Microsoft.NETCore.App.Ref\8.0.25\ref/net8.0/WindowsBase.dll [C:\Users\ultra\warewolf\Dev\Dev2.Development.Languages\Dev2.Development.Languages.csproj]
C:\Program Files\dotnet\sdk\10.0.201\Microsoft.Common.CurrentVersion.targets(2451,5): warning MSB3277:     References which depend on or have been unified to "WindowsBase, Version=6.0.2.0, Culture=neutral, PublicKeyToken=31bf3856ad364e35" []. [C:\Users\ultra\warewolf\Dev\Dev2.Development.Languages\Dev2.Development.Languages.csproj]
C:\Program Files\dotnet\sdk\10.0.201\Microsoft.Common.CurrentVersion.targets(2451,5): warning MSB3277:         C:\Users\ultra\.nuget\packages\caliburn.micro\4.0.212\lib\netcoreapp3.1\Caliburn.Micro.Platform.dll [C:\Users\ultra\warewolf\Dev\Dev2.Development.Languages\Dev2.Development.Languages.csproj]
C:\Program Files\dotnet\sdk\10.0.201\Microsoft.Common.CurrentVersion.targets(2451,5): warning MSB3277:           Project file item includes which caused reference "C:\Users\ultra\.nuget\packages\caliburn.micro\4.0.212\lib\netcoreapp3.1\Caliburn.Micro.Platform.dll". [C:\Users\ultra\warewolf\Dev\Dev2.Development.Languages\Dev2.Development.Languages.csproj]
C:\Program Files\dotnet\sdk\10.0.201\Microsoft.Common.CurrentVersion.targets(2451,5): warning MSB3277:             C:\Users\ultra\.nuget\packages\caliburn.micro\4.0.212\lib\netcoreapp3.1\Caliburn.Micro.Platform.dll [C:\Users\ultra\warewolf\Dev\Dev2.Development.Languages\Dev2.Development.Languages.csproj]
C:\Program Files\dotnet\sdk\10.0.201\Microsoft.Common.CurrentVersion.targets(2451,5): warning MSB3277:         C:\Users\ultra\.nuget\packages\ironpython\3.4.0\lib\net6.0\IronPython.Wpf.dll [C:\Users\ultra\warewolf\Dev\Dev2.Development.Languages\Dev2.Development.Languages.csproj]
C:\Program Files\dotnet\sdk\10.0.201\Microsoft.Common.CurrentVersion.targets(2451,5): warning MSB3277:           Project file item includes which caused reference "C:\Users\ultra\.nuget\packages\ironpython\3.4.0\lib\net6.0\IronPython.Wpf.dll". [C:\Users\ultra\warewolf\Dev\Dev2.Development.Languages\Dev2.Development.Languages.csproj]
C:\Program Files\dotnet\sdk\10.0.201\Microsoft.Common.CurrentVersion.targets(2451,5): warning MSB3277:             C:\Users\ultra\.nuget\packages\ironpython\3.4.0\lib\net6.0\IronPython.Wpf.dll [C:\Users\ultra\warewolf\Dev\Dev2.Development.Languages\Dev2.Development.Languages.csproj]
C:\Program Files\dotnet\sdk\10.0.201\Microsoft.Common.CurrentVersion.targets(2451,5): warning MSB3277:         C:\Users\ultra\.nuget\packages\microsoft.xaml.behaviors.wpf\1.1.19\lib\netcoreapp3.0\Microsoft.Xaml.Behaviors.dll [C:\Users\ultra\warewolf\Dev\Dev2.Development.Languages\Dev2.Development.Languages.csproj]
C:\Program Files\dotnet\sdk\10.0.201\Microsoft.Common.CurrentVersion.targets(2451,5): warning MSB3277:           Project file item includes which caused reference "C:\Users\ultra\.nuget\packages\microsoft.xaml.behaviors.wpf\1.1.19\lib\netcoreapp3.0\Microsoft.Xaml.Behaviors.dll". [C:\Users\ultra\warewolf\Dev\Dev2.Development.Languages\Dev2.Development.Languages.csproj]
C:\Program Files\dotnet\sdk\10.0.201\Microsoft.Common.CurrentVersion.targets(2451,5): warning MSB3277:             C:\Users\ultra\.nuget\packages\microsoft.xaml.behaviors.wpf\1.1.19\lib\netcoreapp3.0\Microsoft.Xaml.Behaviors.dll [C:\Users\ultra\warewolf\Dev\Dev2.Development.Languages\Dev2.Development.Languages.csproj]
C:\Program Files\dotnet\sdk\10.0.201\Microsoft.Common.CurrentVersion.targets(2451,5): warning MSB3277:             C:\Users\ultra\.nuget\packages\caliburn.micro\4.0.212\lib\netcoreapp3.1\Caliburn.Micro.Platform.dll [C:\Users\ultra\warewolf\Dev\Dev2.Development.Languages\Dev2.Development.Languages.csproj]
  Dev2.Util -> C:\Users\ultra\warewolf\Dev\Dev2.Util\bin\Debug\net8.0\Dev2.Util.dll
  Dev2.Development.Languages -> C:\Users\ultra\warewolf\Dev\Dev2.Development.Languages\bin\Debug\net8.0\Dev2.Development.Languages.dll
C:\Users\ultra\warewolf\Dev\Dev2.TaskScheduler.Wrappers\Dev2TaskEvent.cs(47,33): warning CA1416: This call site is reachable on all platforms. 'SecurityIdentifier.Value' is only supported on: 'windows'. (https://learn.microsoft.com/dotnet/fundamentals/code-analysis/quality-rules/ca1416) [C:\Users\ultra\warewolf\Dev\Dev2.TaskScheduler.Wrappers\Dev2.TaskScheduler.Wrappers.csproj]
  Dev2.TaskScheduler.Wrappers -> C:\Users\ultra\warewolf\Dev\Dev2.TaskScheduler.Wrappers\bin\Debug\net8.0\Dev2.TaskScheduler.Wrappers.dll
  Dev2.CustomControls -> C:\Users\ultra\warewolf\Dev\Dev2.CustomControls\bin\Debug\net8.0\Dev2.CustomControls.dll
  Warewolf.Licensing -> C:\Users\ultra\warewolf\Dev\Warewolf.Licensing\bin\Debug\net8.0\Warewolf.Licensing.dll
  Consider app.config remapping of assembly "Newtonsoft.Json, Culture=neutral, PublicKeyToken=30ad4fe6b2a6aeed" from Version "12.0.0.0" [] to Version "13.0.0.0" [C:\Users\ultra\.nuget\packages\newtonsoft.json\13.0.2\lib\net6.0\Newtonsoft.Json.dll] to solve conflict and get rid of warning.
  Dev2.Runtime.Configuration -> C:\Users\ultra\warewolf\Dev\Dev2.Runtime.Configuration\bin\Debug\net8.0\Dev2.Runtime.Configuration.dll
C:\Users\ultra\warewolf\Dev\Dev2.Diagnostics\Debug\DebugDispatcher.cs(209,35): warning CC0057: Parameter 'previous' is not used. (https://code-cracker.github.io/diagnostics/CC0057.html) [C:\Users\ultra\warewolf\Dev\Dev2.Diagnostics\Dev2.Diagnostics.csproj]
  Dev2.Diagnostics -> C:\Users\ultra\warewolf\Dev\Dev2.Diagnostics\bin\Debug\net8.0\Dev2.Diagnostics.dll
C:\Users\ultra\warewolf\Dev\Warewolf.AI.Harness\ChatbotApiService.cs(11,7): warning CS0105: The using directive for 'System.Text' appeared previously in this namespace [C:\Users\ultra\warewolf\Dev\Warewolf.AI.Harness\Warewolf.AI.Harness.csproj]
C:\Users\ultra\warewolf\Dev\Warewolf.AI.Harness\ChatbotApiService.cs(12,7): warning CS0105: The using directive for 'Newtonsoft.Json' appeared previously in this namespace [C:\Users\ultra\warewolf\Dev\Warewolf.AI.Harness\Warewolf.AI.Harness.csproj]
C:\Users\ultra\warewolf\Dev\Warewolf.AI.Harness\ChatbotApiService.cs(641,23): warning CS8618: Non-nullable property 'Model' must contain a non-null value when exiting constructor. Consider adding the 'required' modifier or declaring the property as nullable. [C:\Users\ultra\warewolf\Dev\Warewolf.AI.Harness\Warewolf.AI.Harness.csproj]
C:\Users\ultra\warewolf\Dev\Warewolf.AI.Harness\ChatbotApiService.cs(659,23): warning CS8618: Non-nullable property 'FinishReason' must contain a non-null value when exiting constructor. Consider adding the 'required' modifier or declaring the property as nullable. [C:\Users\ultra\warewolf\Dev\Warewolf.AI.Harness\Warewolf.AI.Harness.csproj]
C:\Users\ultra\warewolf\Dev\Warewolf.AI.Harness\ChatbotApiService.cs(201,34): warning CS8600: Converting null literal or possible null value to non-nullable type. [C:\Users\ultra\warewolf\Dev\Warewolf.AI.Harness\Warewolf.AI.Harness.csproj]
C:\Users\ultra\warewolf\Dev\Warewolf.AI.Harness\ChatbotApiService.cs(215,51): warning CS8602: Dereference of a possibly null reference. [C:\Users\ultra\warewolf\Dev\Warewolf.AI.Harness\Warewolf.AI.Harness.csproj]
C:\Users\ultra\warewolf\Dev\Warewolf.AI.Harness\ChatbotApiService.cs(218,25): warning CS8602: Dereference of a possibly null reference. [C:\Users\ultra\warewolf\Dev\Warewolf.AI.Harness\Warewolf.AI.Harness.csproj]
C:\Users\ultra\warewolf\Dev\Warewolf.AI.Harness\ChatbotApiService.cs(303,34): warning CS8600: Converting null literal or possible null value to non-nullable type. [C:\Users\ultra\warewolf\Dev\Warewolf.AI.Harness\Warewolf.AI.Harness.csproj]
C:\Users\ultra\warewolf\Dev\Warewolf.AI.Harness\ChatbotApiService.cs(312,51): warning CS8602: Dereference of a possibly null reference. [C:\Users\ultra\warewolf\Dev\Warewolf.AI.Harness\Warewolf.AI.Harness.csproj]
C:\Users\ultra\warewolf\Dev\Warewolf.AI.Harness\ChatbotApiService.cs(314,30): warning CS8602: Dereference of a possibly null reference. [C:\Users\ultra\warewolf\Dev\Warewolf.AI.Harness\Warewolf.AI.Harness.csproj]
C:\Users\ultra\warewolf\Dev\Warewolf.AI.Harness\ChatbotApiService.cs(477,32): warning CS8600: Converting null literal or possible null value to non-nullable type. [C:\Users\ultra\warewolf\Dev\Warewolf.AI.Harness\Warewolf.AI.Harness.csproj]
C:\Users\ultra\warewolf\Dev\Warewolf.AI.Harness\ChatbotApiService.cs(478,32): warning CS8600: Converting null literal or possible null value to non-nullable type. [C:\Users\ultra\warewolf\Dev\Warewolf.AI.Harness\Warewolf.AI.Harness.csproj]
C:\Users\ultra\warewolf\Dev\Warewolf.AI.Harness\ChatbotApiService.cs(481,73): warning CS8625: Cannot convert null literal to non-nullable reference type. [C:\Users\ultra\warewolf\Dev\Warewolf.AI.Harness\Warewolf.AI.Harness.csproj]
C:\Users\ultra\warewolf\Dev\Warewolf.AI.Harness\ChatbotApiService.cs(482,60): warning CS8604: Possible null reference argument for parameter 'authHeaderName' in 'HttpResponseMessage ChatbotApiService.PostWithAuth(string endpoint, object payload, string authHeaderName, string authHeaderValue, string additionalHeaders)'. [C:\Users\ultra\warewolf\Dev\Warewolf.AI.Harness\Warewolf.AI.Harness.csproj]
C:\Users\ultra\warewolf\Dev\Warewolf.AI.Harness\ChatbotApiService.cs(482,70): warning CS8604: Possible null reference argument for parameter 'authHeaderValue' in 'HttpResponseMessage ChatbotApiService.PostWithAuth(string endpoint, object payload, string authHeaderName, string authHeaderValue, string additionalHeaders)'. [C:\Users\ultra\warewolf\Dev\Warewolf.AI.Harness\Warewolf.AI.Harness.csproj]
C:\Users\ultra\warewolf\Dev\Warewolf.AI.Harness\ChatbotApiService.cs(482,81): warning CS8625: Cannot convert null literal to non-nullable reference type. [C:\Users\ultra\warewolf\Dev\Warewolf.AI.Harness\Warewolf.AI.Harness.csproj]
C:\Users\ultra\warewolf\Dev\Warewolf.AI.Harness\ChatbotApiService.cs(496,73): warning CS8625: Cannot convert null literal to non-nullable reference type. [C:\Users\ultra\warewolf\Dev\Warewolf.AI.Harness\Warewolf.AI.Harness.csproj]
C:\Users\ultra\warewolf\Dev\Warewolf.AI.Harness\ChatbotApiService.cs(497,81): warning CS8625: Cannot convert null literal to non-nullable reference type. [C:\Users\ultra\warewolf\Dev\Warewolf.AI.Harness\Warewolf.AI.Harness.csproj]
C:\Users\ultra\warewolf\Dev\Warewolf.AI.Harness\ChatbotApiService.cs(514,73): warning CS8625: Cannot convert null literal to non-nullable reference type. [C:\Users\ultra\warewolf\Dev\Warewolf.AI.Harness\Warewolf.AI.Harness.csproj]
C:\Users\ultra\warewolf\Dev\Warewolf.AI.Harness\ChatbotApiService.cs(515,114): warning CS8625: Cannot convert null literal to non-nullable reference type. [C:\Users\ultra\warewolf\Dev\Warewolf.AI.Harness\Warewolf.AI.Harness.csproj]
C:\Users\ultra\warewolf\Dev\Warewolf.AI.Harness\ChatbotApiService.cs(521,36): warning CS8600: Converting null literal or possible null value to non-nullable type. [C:\Users\ultra\warewolf\Dev\Warewolf.AI.Harness\Warewolf.AI.Harness.csproj]
C:\Users\ultra\warewolf\Dev\Warewolf.AI.Harness\ChatbotApiService.cs(538,82): warning CS8604: Possible null reference argument for parameter 'systemMessage' in 'Dictionary<string, object> ChatbotApiService.CreatePayload(string model, object messages, string systemMessage, bool useMaxCompletionTokens, bool includeTemperature)'. [C:\Users\ultra\warewolf\Dev\Warewolf.AI.Harness\Warewolf.AI.Harness.csproj]
C:\Users\ultra\warewolf\Dev\Warewolf.AI.Harness\ChatbotApiService.cs(545,35): warning CS8600: Converting null literal or possible null value to non-nullable type. [C:\Users\ultra\warewolf\Dev\Warewolf.AI.Harness\Warewolf.AI.Harness.csproj]
C:\Users\ultra\warewolf\Dev\Warewolf.AI.Harness\ChatbotApiService.cs(589,68): warning CS8625: Cannot convert null literal to non-nullable reference type. [C:\Users\ultra\warewolf\Dev\Warewolf.AI.Harness\Warewolf.AI.Harness.csproj]
C:\Users\ultra\warewolf\Dev\Warewolf.AI.Harness\ChatbotApiService.cs(589,74): warning CS8625: Cannot convert null literal to non-nullable reference type. [C:\Users\ultra\warewolf\Dev\Warewolf.AI.Harness\Warewolf.AI.Harness.csproj]
C:\Users\ultra\warewolf\Dev\Warewolf.AI.Harness\ChatbotApiService.cs(589,80): warning CS8625: Cannot convert null literal to non-nullable reference type. [C:\Users\ultra\warewolf\Dev\Warewolf.AI.Harness\Warewolf.AI.Harness.csproj]
  Warewolf.AI.Harness -> C:\Users\ultra\warewolf\Dev\Warewolf.AI.Harness\bin\Debug\net8.0\Warewolf.AI.Harness.dll
C:\Users\ultra\warewolf\Dev\Dev2.Infrastructure\PerformanceCounters\Management\PerformanceCounterPersistence.cs(48,81): warning CC0057: Parameter 'resourcePerformanceCounters' is not used. (https://code-cracker.github.io/diagnostics/CC0057.html) [C:\Users\ultra\warewolf\Dev\Dev2.Infrastructure\Dev2.Infrastructure.csproj]
C:\Users\ultra\warewolf\Dev\Dev2.Infrastructure\PerformanceCounters\Management\WarewolfPerformanceCounterManager.cs(22,140): warning CC0057: Parameter 'register' is not used. (https://code-cracker.github.io/diagnostics/CC0057.html) [C:\Users\ultra\warewolf\Dev\Dev2.Infrastructure\Dev2.Infrastructure.csproj]
C:\Users\ultra\warewolf\Dev\Dev2.Infrastructure\PerformanceCounters\Management\WarewolfPerformanceCounterManager.cs(67,83): warning CC0057: Parameter 'name' is not used. (https://code-cracker.github.io/diagnostics/CC0057.html) [C:\Users\ultra\warewolf\Dev\Dev2.Infrastructure\Dev2.Infrastructure.csproj]
C:\Users\ultra\warewolf\Dev\Dev2.Infrastructure\PerformanceCounters\PerformanceCounterCategoryWrapper.cs(32,48): warning CA1416: This call site is reachable on all platforms. 'PerformanceCounterCategory.Delete(string)' is only supported on: 'windows'. (https://learn.microsoft.com/dotnet/fundamentals/code-analysis/quality-rules/ca1416) [C:\Users\ultra\warewolf\Dev\Dev2.Infrastructure\Dev2.Infrastructure.csproj]
C:\Users\ultra\warewolf\Dev\Dev2.Infrastructure\PerformanceCounters\PerformanceCounterCategoryWrapper.cs(12,51): warning CA1416: This call site is reachable on all platforms. 'PerformanceCounterCategory.CounterExists(string)' is only supported on: 'windows'. (https://learn.microsoft.com/dotnet/fundamentals/code-analysis/quality-rules/ca1416) [C:\Users\ultra\warewolf\Dev\Dev2.Infrastructure\Dev2.Infrastructure.csproj]
C:\Users\ultra\warewolf\Dev\Dev2.Infrastructure\PerformanceCounters\PerformanceCounterCategoryWrapper.cs(33,48): warning CA1416: This call site is reachable on all platforms. 'PerformanceCounterCategory.Exists(string)' is only supported on: 'windows'. (https://learn.microsoft.com/dotnet/fundamentals/code-analysis/quality-rules/ca1416) [C:\Users\ultra\warewolf\Dev\Dev2.Infrastructure\Dev2.Infrastructure.csproj]
C:\Users\ultra\warewolf\Dev\Dev2.Infrastructure\PerformanceCounters\PerformanceCounterCategoryWrapper.cs(38,29): warning CA1416: This call site is reachable on all platforms. 'PerformanceCounterCategory' is only supported on: 'windows'. (https://learn.microsoft.com/dotnet/fundamentals/code-analysis/quality-rules/ca1416) [C:\Users\ultra\warewolf\Dev\Dev2.Infrastructure\Dev2.Infrastructure.csproj]
C:\Users\ultra\warewolf\Dev\Dev2.Infrastructure\PerformanceCounters\PerformanceCounterCategoryWrapper.cs(25,21): warning CA1416: This call site is reachable on all platforms. 'CounterCreationDataCollection.Add(CounterCreationData)' is only supported on: 'windows'. (https://learn.microsoft.com/dotnet/fundamentals/code-analysis/quality-rules/ca1416) [C:\Users\ultra\warewolf\Dev\Dev2.Infrastructure\Dev2.Infrastructure.csproj]
C:\Users\ultra\warewolf\Dev\Dev2.Infrastructure\PerformanceCounters\PerformanceCounterCategoryWrapper.cs(29,13): warning CA1416: This call site is reachable on all platforms. 'PerformanceCounterCategory.Create(string, string, PerformanceCounterCategoryType, CounterCreationDataCollection)' is only supported on: 'windows'. (https://learn.microsoft.com/dotnet/fundamentals/code-analysis/quality-rules/ca1416) [C:\Users\ultra\warewolf\Dev\Dev2.Infrastructure\Dev2.Infrastructure.csproj]
C:\Users\ultra\warewolf\Dev\Dev2.Infrastructure\PerformanceCounters\PerformanceCounterCategoryWrapper.cs(29,71): warning CA1416: This call site is reachable on all platforms. 'PerformanceCounterCategoryType.MultiInstance' is only supported on: 'windows'. (https://learn.microsoft.com/dotnet/fundamentals/code-analysis/quality-rules/ca1416) [C:\Users\ultra\warewolf\Dev\Dev2.Infrastructure\Dev2.Infrastructure.csproj]
C:\Users\ultra\warewolf\Dev\Dev2.Infrastructure\PerformanceCounters\PerformanceCounterCategoryWrapper.cs(19,45): warning CA1416: This call site is reachable on all platforms. 'CounterCreationData' is only supported on: 'windows'. (https://learn.microsoft.com/dotnet/fundamentals/code-analysis/quality-rules/ca1416) [C:\Users\ultra\warewolf\Dev\Dev2.Infrastructure\Dev2.Infrastructure.csproj]
C:\Users\ultra\warewolf\Dev\Dev2.Infrastructure\PerformanceCounters\PerformanceCounterCategoryWrapper.cs(14,49): warning CA1416: This call site is reachable on all platforms. 'CounterCreationDataCollection' is only supported on: 'windows'. (https://learn.microsoft.com/dotnet/fundamentals/code-analysis/quality-rules/ca1416) [C:\Users\ultra\warewolf\Dev\Dev2.Infrastructure\Dev2.Infrastructure.csproj]
C:\Users\ultra\warewolf\Dev\Dev2.Infrastructure\PerformanceCounters\PerformanceCounterCategoryWrapper.cs(48,28): warning CA1416: This call site is reachable on all platforms. 'PerformanceCounterType.AverageBase' is only supported on: 'windows'. (https://learn.microsoft.com/dotnet/fundamentals/code-analysis/quality-rules/ca1416) [C:\Users\ultra\warewolf\Dev\Dev2.Infrastructure\Dev2.Infrastructure.csproj]
C:\Users\ultra\warewolf\Dev\Dev2.Infrastructure\PerformanceCounters\PerformanceCounterCategoryWrapper.cs(52,28): warning CA1416: This call site is reachable on all platforms. 'PerformanceCounterType.NumberOfItems32' is only supported on: 'windows'. (https://learn.microsoft.com/dotnet/fundamentals/code-analysis/quality-rules/ca1416) [C:\Users\ultra\warewolf\Dev\Dev2.Infrastructure\Dev2.Infrastructure.csproj]
C:\Users\ultra\warewolf\Dev\Dev2.Infrastructure\PerformanceCounters\PerformanceCounterCategoryWrapper.cs(54,28): warning CA1416: This call site is reachable on all platforms. 'PerformanceCounterType.RateOfCountsPerSecond32' is only supported on: 'windows'. (https://learn.microsoft.com/dotnet/fundamentals/code-analysis/quality-rules/ca1416) [C:\Users\ultra\warewolf\Dev\Dev2.Infrastructure\Dev2.Infrastructure.csproj]
C:\Users\ultra\warewolf\Dev\Dev2.Infrastructure\PerformanceCounters\PerformanceCounterCategoryWrapper.cs(50,28): warning CA1416: This call site is reachable on all platforms. 'PerformanceCounterType.AverageTimer32' is only supported on: 'windows'. (https://learn.microsoft.com/dotnet/fundamentals/code-analysis/quality-rules/ca1416) [C:\Users\ultra\warewolf\Dev\Dev2.Infrastructure\Dev2.Infrastructure.csproj]
C:\Users\ultra\warewolf\Dev\Dev2.Infrastructure\Services\Security\MoqInstallerActions\InstallerActionsForDevelopment.cs(57,31): warning CA1416: This call site is reachable on all platforms. 'WindowsIdentity.GetCurrent(bool)' is only supported on: 'windows'. (https://learn.microsoft.com/dotnet/fundamentals/code-analysis/quality-rules/ca1416) [C:\Users\ultra\warewolf\Dev\Dev2.Infrastructure\Dev2.Infrastructure.csproj]
C:\Users\ultra\warewolf\Dev\Dev2.Infrastructure\Services\Security\MoqInstallerActions\InstallerActionsForDevelopment.cs(59,57): warning CA1416: This call site is reachable on all platforms. 'WindowsIdentity.Name' is only supported on: 'windows'. (https://learn.microsoft.com/dotnet/fundamentals/code-analysis/quality-rules/ca1416) [C:\Users\ultra\warewolf\Dev\Dev2.Infrastructure\Dev2.Infrastructure.csproj]
C:\Users\ultra\warewolf\Dev\Dev2.Infrastructure\Services\Security\SecuritySettings.cs(92,28): warning CC0022: HMACSHA256 should be disposed. (https://code-cracker.github.io/diagnostics/CC0022.html) [C:\Users\ultra\warewolf\Dev\Dev2.Infrastructure\Dev2.Infrastructure.csproj]
CSC : warning AD0001: Analyzer 'CodeCracker.CSharp.Design.UseInvokeMethodToFireEventAnalyzer' threw an exception of type 'System.ArgumentException' with message 'Syntax node is not within syntax tree'. [C:\Users\ultra\warewolf\Dev\Dev2.Infrastructure\Dev2.Infrastructure.csproj]
CSC : warning AD0001: Analyzer 'CodeCracker.CSharp.Design.UseInvokeMethodToFireEventAnalyzer' threw an exception of type 'System.ArgumentException' with message 'Syntax node is not within syntax tree'. [C:\Users\ultra\warewolf\Dev\Dev2.Infrastructure\Dev2.Infrastructure.csproj]
CSC : warning AD0001: Analyzer 'CodeCracker.CSharp.Design.UseInvokeMethodToFireEventAnalyzer' threw an exception of type 'System.ArgumentException' with message 'Syntax node is not within syntax tree'. [C:\Users\ultra\warewolf\Dev\Dev2.Infrastructure\Dev2.Infrastructure.csproj]
CSC : warning AD0001: Analyzer 'CodeCracker.CSharp.Design.UseInvokeMethodToFireEventAnalyzer' threw an exception of type 'System.ArgumentException' with message 'Syntax node is not within syntax tree'. [C:\Users\ultra\warewolf\Dev\Dev2.Infrastructure\Dev2.Infrastructure.csproj]
CSC : warning AD0001: Analyzer 'CodeCracker.CSharp.Design.UseInvokeMethodToFireEventAnalyzer' threw an exception of type 'System.ArgumentException' with message 'Syntax node is not within syntax tree'. [C:\Users\ultra\warewolf\Dev\Dev2.Infrastructure\Dev2.Infrastructure.csproj]
CSC : warning AD0001: Analyzer 'CodeCracker.CSharp.Design.UseInvokeMethodToFireEventAnalyzer' threw an exception of type 'System.ArgumentException' with message 'Syntax node is not within syntax tree'. [C:\Users\ultra\warewolf\Dev\Dev2.Infrastructure\Dev2.Infrastructure.csproj]
CSC : warning AD0001: Analyzer 'CodeCracker.CSharp.Design.UseInvokeMethodToFireEventAnalyzer' threw an exception of type 'System.ArgumentException' with message 'Syntax node is not within syntax tree'. [C:\Users\ultra\warewolf\Dev\Dev2.Infrastructure\Dev2.Infrastructure.csproj]
CSC : warning AD0001: Analyzer 'CodeCracker.CSharp.Design.UseInvokeMethodToFireEventAnalyzer' threw an exception of type 'System.ArgumentException' with message 'Syntax node is not within syntax tree'. [C:\Users\ultra\warewolf\Dev\Dev2.Infrastructure\Dev2.Infrastructure.csproj]
CSC : warning AD0001: Analyzer 'CodeCracker.CSharp.Design.UseInvokeMethodToFireEventAnalyzer' threw an exception of type 'System.ArgumentException' with message 'Syntax node is not within syntax tree'. [C:\Users\ultra\warewolf\Dev\Dev2.Infrastructure\Dev2.Infrastructure.csproj]
CSC : warning AD0001: Analyzer 'CodeCracker.CSharp.Design.UseInvokeMethodToFireEventAnalyzer' threw an exception of type 'System.ArgumentException' with message 'Syntax node is not within syntax tree'. [C:\Users\ultra\warewolf\Dev\Dev2.Infrastructure\Dev2.Infrastructure.csproj]
CSC : warning AD0001: Analyzer 'CodeCracker.CSharp.Design.UseInvokeMethodToFireEventAnalyzer' threw an exception of type 'System.ArgumentException' with message 'Syntax node is not within syntax tree'. [C:\Users\ultra\warewolf\Dev\Dev2.Infrastructure\Dev2.Infrastructure.csproj]
CSC : warning AD0001: Analyzer 'CodeCracker.CSharp.Design.UseInvokeMethodToFireEventAnalyzer' threw an exception of type 'System.ArgumentException' with message 'Syntax node is not within syntax tree'. [C:\Users\ultra\warewolf\Dev\Dev2.Infrastructure\Dev2.Infrastructure.csproj]
CSC : warning AD0001: Analyzer 'CodeCracker.CSharp.Design.UseInvokeMethodToFireEventAnalyzer' threw an exception of type 'System.ArgumentException' with message 'Syntax node is not within syntax tree'. [C:\Users\ultra\warewolf\Dev\Dev2.Infrastructure\Dev2.Infrastructure.csproj]
CSC : warning AD0001: Analyzer 'CodeCracker.CSharp.Design.UseInvokeMethodToFireEventAnalyzer' threw an exception of type 'System.ArgumentException' with message 'Syntax node is not within syntax tree'. [C:\Users\ultra\warewolf\Dev\Dev2.Infrastructure\Dev2.Infrastructure.csproj]
  Dev2.Infrastructure -> C:\Users\ultra\warewolf\Dev\Dev2.Infrastructure\bin\Debug\net8.0\Dev2.Infrastructure.dll
C:\Program Files\dotnet\sdk\10.0.201\Microsoft.CSharp.CurrentVersion.targets(130,9): warning MSB3884: Could not find rule set file "..\.sonarlint\warewolf_dotnet_frameworkcsharp.ruleset". [C:\Users\ultra\warewolf\Dev\Warewolf.Sharepoint\Warewolf.Sharepoint.csproj]
  Warewolf.Sharepoint -> C:\Users\ultra\warewolf\Dev\Warewolf.Sharepoint\bin\Debug\net8.0\Warewolf.Sharepoint.dll
  Warewolf.Storage -> C:\Users\ultra\warewolf\Dev\Warewolf.Storage\bin\Debug\net8.0\Warewolf.Storage.dll
C:\Program Files\dotnet\sdk\10.0.201\Microsoft.Common.CurrentVersion.targets(2451,5): warning MSB3245: Could not resolve this reference. Could not locate the assembly "System.Web". Check to make sure the assembly exists on disk. If this reference is required by your code, you may get compilation errors. [C:\Users\ultra\warewolf\Dev\Dev2.Data\Dev2.Data.csproj]
C:\Program Files\dotnet\sdk\10.0.201\Microsoft.Common.CurrentVersion.targets(2451,5): warning MSB3245: Could not resolve this reference. Could not locate the assembly "System.Web.Extensions". Check to make sure the assembly exists on disk. If this reference is required by your code, you may get compilation errors. [C:\Users\ultra\warewolf\Dev\Dev2.Data\Dev2.Data.csproj]
C:\Program Files\dotnet\sdk\10.0.201\Microsoft.Common.CurrentVersion.targets(2451,5): warning MSB3245: Could not resolve this reference. Could not locate the assembly "System.Xml.Linq". Check to make sure the assembly exists on disk. If this reference is required by your code, you may get compilation errors. [C:\Users\ultra\warewolf\Dev\Dev2.Data\Dev2.Data.csproj]
C:\Program Files\dotnet\sdk\10.0.201\Microsoft.Common.CurrentVersion.targets(2451,5): warning MSB3245: Could not resolve this reference. Could not locate the assembly "System.Data.DataSetExtensions". Check to make sure the assembly exists on disk. If this reference is required by your code, you may get compilation errors. [C:\Users\ultra\warewolf\Dev\Dev2.Data\Dev2.Data.csproj]
C:\Program Files\dotnet\sdk\10.0.201\Microsoft.Common.CurrentVersion.targets(2451,5): warning MSB3245: Could not resolve this reference. Could not locate the assembly "Microsoft.CSharp". Check to make sure the assembly exists on disk. If this reference is required by your code, you may get compilation errors. [C:\Users\ultra\warewolf\Dev\Dev2.Data\Dev2.Data.csproj]
C:\Program Files\dotnet\sdk\10.0.201\Microsoft.Common.CurrentVersion.targets(2451,5): warning MSB3245: Could not resolve this reference. Could not locate the assembly "System.Data". Check to make sure the assembly exists on disk. If this reference is required by your code, you may get compilation errors. [C:\Users\ultra\warewolf\Dev\Dev2.Data\Dev2.Data.csproj]
C:\Program Files\dotnet\sdk\10.0.201\Microsoft.Common.CurrentVersion.targets(2451,5): warning MSB3245: Could not resolve this reference. Could not locate the assembly "System.Xml". Check to make sure the assembly exists on disk. If this reference is required by your code, you may get compilation errors. [C:\Users\ultra\warewolf\Dev\Dev2.Data\Dev2.Data.csproj]
C:\Users\ultra\warewolf\Dev\Dev2.Services.Sql\ConnectionBuilder.cs(44,21): warning CC0029: 'ConnectionBuilder' should call GC.SuppressFinalize inside the Dispose method. (https://code-cracker.github.io/diagnostics/CC0029.html) [C:\Users\ultra\warewolf\Dev\Dev2.Services.Sql\Dev2.Services.Sql.csproj]
C:\Program Files\dotnet\sdk\10.0.201\Microsoft.Common.CurrentVersion.targets(2451,5): warning MSB3243: No way to resolve conflict between "System.Web, Version=4.0.0.0, Culture=neutral, PublicKeyToken=b03f5f7f11d50a3a" and "System.Web". Choosing "System.Web, Version=4.0.0.0, Culture=neutral, PublicKeyToken=b03f5f7f11d50a3a" arbitrarily. [C:\Users\ultra\warewolf\Dev\Dev2.Data\Dev2.Data.csproj]
C:\Program Files\dotnet\sdk\10.0.201\Microsoft.Common.CurrentVersion.targets(2451,5): warning MSB3243: No way to resolve conflict between "System.Xml.Linq, Version=4.0.0.0, Culture=neutral, PublicKeyToken=b77a5c561934e089" and "System.Xml.Linq". Choosing "System.Xml.Linq, Version=4.0.0.0, Culture=neutral, PublicKeyToken=b77a5c561934e089" arbitrarily. [C:\Users\ultra\warewolf\Dev\Dev2.Data\Dev2.Data.csproj]
C:\Program Files\dotnet\sdk\10.0.201\Microsoft.Common.CurrentVersion.targets(2451,5): warning MSB3243: No way to resolve conflict between "System.Data.DataSetExtensions, Version=8.0.0.0, Culture=neutral, PublicKeyToken=b77a5c561934e089" and "System.Data.DataSetExtensions". Choosing "System.Data.DataSetExtensions, Version=8.0.0.0, Culture=neutral, PublicKeyToken=b77a5c561934e089" arbitrarily. [C:\Users\ultra\warewolf\Dev\Dev2.Data\Dev2.Data.csproj]
C:\Program Files\dotnet\sdk\10.0.201\Microsoft.Common.CurrentVersion.targets(2451,5): warning MSB3243: No way to resolve conflict between "Microsoft.CSharp, Version=8.0.0.0, Culture=neutral, PublicKeyToken=b03f5f7f11d50a3a" and "Microsoft.CSharp". Choosing "Microsoft.CSharp, Version=8.0.0.0, Culture=neutral, PublicKeyToken=b03f5f7f11d50a3a" arbitrarily. [C:\Users\ultra\warewolf\Dev\Dev2.Data\Dev2.Data.csproj]
C:\Program Files\dotnet\sdk\10.0.201\Microsoft.Common.CurrentVersion.targets(2451,5): warning MSB3243: No way to resolve conflict between "System.Data, Version=4.0.0.0, Culture=neutral, PublicKeyToken=b77a5c561934e089" and "System.Data". Choosing "System.Data, Version=4.0.0.0, Culture=neutral, PublicKeyToken=b77a5c561934e089" arbitrarily. [C:\Users\ultra\warewolf\Dev\Dev2.Data\Dev2.Data.csproj]
C:\Program Files\dotnet\sdk\10.0.201\Microsoft.Common.CurrentVersion.targets(2451,5): warning MSB3243: No way to resolve conflict between "System.Xml, Version=4.0.0.0, Culture=neutral, PublicKeyToken=b77a5c561934e089" and "System.Xml". Choosing "System.Xml, Version=4.0.0.0, Culture=neutral, PublicKeyToken=b77a5c561934e089" arbitrarily. [C:\Users\ultra\warewolf\Dev\Dev2.Data\Dev2.Data.csproj]
  Dev2.Services.Sql -> C:\Users\ultra\warewolf\Dev\Dev2.Services.Sql\bin\Debug\net8.0\Dev2.Services.Sql.dll
CSC : warning CS2002: Source file 'C:\Users\ultra\warewolf\Dev\Dev2.Data\MathOperations\NCalc\NCalcExpressionBuilder.cs' specified multiple times [C:\Users\ultra\warewolf\Dev\Dev2.Data\Dev2.Data.csproj]
CSC : warning CS2002: Source file 'C:\Users\ultra\warewolf\Dev\Dev2.Data\MathOperations\NCalc\NCalcFunctionArgHelper.cs' specified multiple times [C:\Users\ultra\warewolf\Dev\Dev2.Data\Dev2.Data.csproj]
CSC : warning CS2002: Source file 'C:\Users\ultra\warewolf\Dev\Dev2.Data\MathOperations\NCalc\Functions\BaseConversionFunctions.cs' specified multiple times [C:\Users\ultra\warewolf\Dev\Dev2.Data\Dev2.Data.csproj]
CSC : warning CS2002: Source file 'C:\Users\ultra\warewolf\Dev\Dev2.Data\MathOperations\NCalc\Functions\ComplexFunctions.cs' specified multiple times [C:\Users\ultra\warewolf\Dev\Dev2.Data\Dev2.Data.csproj]
CSC : warning CS2002: Source file 'C:\Users\ultra\warewolf\Dev\Dev2.Data\MathOperations\NCalc\Functions\DateTimeFunctions.cs' specified multiple times [C:\Users\ultra\warewolf\Dev\Dev2.Data\Dev2.Data.csproj]
CSC : warning CS2002: Source file 'C:\Users\ultra\warewolf\Dev\Dev2.Data\MathOperations\NCalc\Functions\FinancialFunctions.cs' specified multiple times [C:\Users\ultra\warewolf\Dev\Dev2.Data\Dev2.Data.csproj]
CSC : warning CS2002: Source file 'C:\Users\ultra\warewolf\Dev\Dev2.Data\MathOperations\NCalc\Functions\InformationFunctions.cs' specified multiple times [C:\Users\ultra\warewolf\Dev\Dev2.Data\Dev2.Data.csproj]
CSC : warning CS2002: Source file 'C:\Users\ultra\warewolf\Dev\Dev2.Data\MathOperations\NCalc\Functions\MathFunctions.cs' specified multiple times [C:\Users\ultra\warewolf\Dev\Dev2.Data\Dev2.Data.csproj]
CSC : warning CS2002: Source file 'C:\Users\ultra\warewolf\Dev\Dev2.Data\MathOperations\NCalc\Functions\StringFunctions.cs' specified multiple times [C:\Users\ultra\warewolf\Dev\Dev2.Data\Dev2.Data.csproj]
C:\Users\ultra\warewolf\Dev\Dev2.Data\MathOperations\NCalc\Functions\MathFunctions.cs(22,30): warning CS8632: The annotation for nullable reference types should only be used in code within a '#nullable' annotations context. [C:\Users\ultra\warewolf\Dev\Dev2.Data\Dev2.Data.csproj]
C:\Users\ultra\warewolf\Dev\Dev2.Data\MathOperations\NCalc\NCalcFunctionArgHelper.cs(51,47): warning CS8632: The annotation for nullable reference types should only be used in code within a '#nullable' annotations context. [C:\Users\ultra\warewolf\Dev\Dev2.Data\Dev2.Data.csproj]
C:\Users\ultra\warewolf\Dev\Dev2.Data\MathOperations\NCalc\Functions\StringFunctions.cs(94,59): warning CS8632: The annotation for nullable reference types should only be used in code within a '#nullable' annotations context. [C:\Users\ultra\warewolf\Dev\Dev2.Data\Dev2.Data.csproj]
C:\Users\ultra\warewolf\Dev\Dev2.Data\NativeMethods.cs(66,59): warning CS0472: The result of the expression is always 'false' since a value of type 'nint' is never equal to 'null' of type 'nint?' [C:\Users\ultra\warewolf\Dev\Dev2.Data\Dev2.Data.csproj]
C:\Users\ultra\warewolf\Dev\Dev2.Data\NativeMethods.cs(88,8): warning CS0472: The result of the expression is always 'false' since a value of type 'nint' is never equal to 'null' of type 'nint?' [C:\Users\ultra\warewolf\Dev\Dev2.Data\Dev2.Data.csproj]
C:\Users\ultra\warewolf\Dev\Dev2.Data\Security\WindowsIdentityExtensions.cs(41,59): warning CA1416: This call site is reachable on all platforms. 'WindowsIdentity.AccessToken' is only supported on: 'windows'. (https://learn.microsoft.com/dotnet/fundamentals/code-analysis/quality-rules/ca1416) [C:\Users\ultra\warewolf\Dev\Dev2.Data\Dev2.Data.csproj]
C:\Users\ultra\warewolf\Dev\Dev2.Data\Security\WindowsIdentityExtensions.cs(28,49): warning CA1416: This call site is reachable on all platforms. 'WindowsIdentity.AccessToken' is only supported on: 'windows'. (https://learn.microsoft.com/dotnet/fundamentals/code-analysis/quality-rules/ca1416) [C:\Users\ultra\warewolf\Dev\Dev2.Data\Dev2.Data.csproj]
C:\Users\ultra\warewolf\Dev\Dev2.Data\Security\WindowsIdentityExtensions.cs(28,17): warning CA1416: This call site is reachable on all platforms. 'WindowsIdentity.RunImpersonated(SafeAccessTokenHandle, Action)' is only supported on: 'windows'. (https://learn.microsoft.com/dotnet/fundamentals/code-analysis/quality-rules/ca1416) [C:\Users\ultra\warewolf\Dev\Dev2.Data\Dev2.Data.csproj]
C:\Users\ultra\warewolf\Dev\Dev2.Data\Security\WindowsIdentityExtensions.cs(41,24): warning CA1416: This call site is reachable on all platforms. 'WindowsIdentity.RunImpersonated<T>(SafeAccessTokenHandle, Func<T>)' is only supported on: 'windows'. (https://learn.microsoft.com/dotnet/fundamentals/code-analysis/quality-rules/ca1416) [C:\Users\ultra\warewolf\Dev\Dev2.Data\Dev2.Data.csproj]
C:\Users\ultra\warewolf\Dev\Dev2.Data\PathOperations\ValidateAuthorization.cs(73,33): warning CA1416: This call site is reachable on all platforms. 'WindowsIdentity' is only supported on: 'windows'. (https://learn.microsoft.com/dotnet/fundamentals/code-analysis/quality-rules/ca1416) [C:\Users\ultra\warewolf\Dev\Dev2.Data\Dev2.Data.csproj]
  Dev2.Data -> C:\Users\ultra\warewolf\Dev\Dev2.Data\bin\Debug\net8.0\Dev2.Data.dll
  Dev2.Core -> C:\Users\ultra\warewolf\Dev\Dev2.Core\bin\Debug\net8.0\Dev2.Core.dll
  Warewolf.Exchange.Email.Wrapper -> C:\Users\ultra\warewolf\Dev\Warewolf.Exchange.Email.Wrapper\bin\Debug\net8.0\Warewolf.Exchange.Email.Wrapper.dll
  Warewolf.ResourceManagement -> C:\Users\ultra\warewolf\Dev\Warewolf.ResourceManagement\bin\Debug\net8.0\Warewolf.ResourceManagement.dll
C:\Users\ultra\warewolf\Dev\Warewolf.Core\InputsFromJson.cs(99,21): warning CC0105: Use 'var' instead of specifying the type name. (https://code-cracker.github.io/diagnostics/CC0105.html) [C:\Users\ultra\warewolf\Dev\Warewolf.Core\Warewolf.Core.csproj]
  Warewolf.Core -> C:\Users\ultra\warewolf\Dev\Warewolf.Core\bin\Debug\net8.0\Warewolf.Core.dll
  Dev2.Scheduler -> C:\Users\ultra\warewolf\Dev\Dev2.Scheduler\bin\Debug\net8.0\Dev2.Scheduler.dll
  Warewolf.Driver.Serilog -> C:\Users\ultra\warewolf\Dev\Warewolf.Driver.Serilog\bin\Debug\net8.0\Warewolf.Driver.Serilog.dll
C:\Users\ultra\warewolf\Dev\Warewolf.Auditing\Audit.cs(189,26): warning CS8073: The result of the expression is always 'false' since a value of type 'DateTime' is never equal to 'null' of type 'DateTime?' [C:\Users\ultra\warewolf\Dev\Warewolf.Auditing\Warewolf.Auditing.csproj]
C:\Users\ultra\warewolf\Dev\Warewolf.Auditing\Drivers\AuditQueryableElastic.cs(360,33): warning CS0618: 'ElasticsearchClient.Search<TDocument>(SearchRequestDescriptor<TDocument>)' is obsolete: 'Synchronous methods are deprecated and could be removed in the future.' [C:\Users\ultra\warewolf\Dev\Warewolf.Auditing\Warewolf.Auditing.csproj]
C:\Users\ultra\warewolf\Dev\Warewolf.Auditing\Drivers\AuditQueryableElastic.cs(384,26): warning CS0618: 'ElasticsearchClient.Ping()' is obsolete: 'Synchronous methods are deprecated and could be removed in the future.' [C:\Users\ultra\warewolf\Dev\Warewolf.Auditing\Warewolf.Auditing.csproj]
  Warewolf.Auditing -> C:\Users\ultra\warewolf\Dev\Warewolf.Auditing\bin\Debug\net8.0\Warewolf.Auditing.dll
C:\Users\ultra\warewolf\Dev\Warewolf.Common.NetStandard20\Wrappers\WebRequestWrapper.cs(26,24): warning SYSLIB0014: 'WebRequest.Create(string)' is obsolete: 'WebRequest, HttpWebRequest, ServicePoint, and WebClient are obsolete. Use HttpClient instead.' (https://aka.ms/dotnet-warnings/SYSLIB0014) [C:\Users\ultra\warewolf\Dev\Warewolf.Common.NetStandard20\Warewolf.Common.NetStandard20.csproj]
C:\Users\ultra\warewolf\Dev\Warewolf.Common.NetStandard20\Wrappers\WebClientWrapper.cs(26,26): warning SYSLIB0014: 'WebClient.WebClient()' is obsolete: 'WebRequest, HttpWebRequest, ServicePoint, and WebClient are obsolete. Use HttpClient instead.' (https://aka.ms/dotnet-warnings/SYSLIB0014) [C:\Users\ultra\warewolf\Dev\Warewolf.Common.NetStandard20\Warewolf.Common.NetStandard20.csproj]
C:\Users\ultra\warewolf\Dev\Warewolf.Common.NetStandard20\Wrappers\WebClientWrapper.cs(31,26): warning SYSLIB0014: 'WebClient.WebClient()' is obsolete: 'WebRequest, HttpWebRequest, ServicePoint, and WebClient are obsolete. Use HttpClient instead.' (https://aka.ms/dotnet-warnings/SYSLIB0014) [C:\Users\ultra\warewolf\Dev\Warewolf.Common.NetStandard20\Warewolf.Common.NetStandard20.csproj]
  Warewolf.Common.NetStandard20 -> C:\Users\ultra\warewolf\Dev\Warewolf.Common.NetStandard20\bin\Debug\net8.0\Warewolf.Common.NetStandard20.dll
C:\Users\ultra\warewolf\Dev\Dev2.Runtime.Services\ServiceModel\ElasticsearchSources.cs(110,34): warning CS0618: 'ElasticsearchClient.Ping()' is obsolete: 'Synchronous methods are deprecated and could be removed in the future.' [C:\Users\ultra\warewolf\Dev\Dev2.Runtime.Services\Dev2.Runtime.Services.csproj]
C:\Users\ultra\warewolf\Dev\Dev2.Runtime.Services\ESB\Management\Services\FetchTestsAndTriggers.cs(45,17): warning CC0105: Use 'var' instead of specifying the type name. (https://code-cracker.github.io/diagnostics/CC0105.html) [C:\Users\ultra\warewolf\Dev\Dev2.Runtime.Services\Dev2.Runtime.Services.csproj]
C:\Users\ultra\warewolf\Dev\Dev2.Runtime.Services\UsageLogger.cs(66,33): warning CC0022: ManagementObjectSearcher should be disposed. (https://code-cracker.github.io/diagnostics/CC0022.html) [C:\Users\ultra\warewolf\Dev\Dev2.Runtime.Services\Dev2.Runtime.Services.csproj]
C:\Users\ultra\warewolf\Dev\Dev2.Runtime.Services\ESB\Management\Services\ChatbotToolNormalizer.cs(80,17): warning CC0003: Consider adding an Exception to the catch. (https://code-cracker.github.io/diagnostics/CC0003.html) [C:\Users\ultra\warewolf\Dev\Dev2.Runtime.Services\Dev2.Runtime.Services.csproj]
C:\Users\ultra\warewolf\Dev\Dev2.Runtime.Services\ESB\Management\Services\ChatbotToolNormalizer.cs(101,21): warning CC0004: Empty Catch Block. (https://code-cracker.github.io/diagnostics/CC0004.html) [C:\Users\ultra\warewolf\Dev\Dev2.Runtime.Services\Dev2.Runtime.Services.csproj]
C:\Users\ultra\warewolf\Dev\Dev2.Runtime.Services\ESB\Management\Services\TestChatbotSource.cs(44,17): warning CC0105: Use 'var' instead of specifying the type name. (https://code-cracker.github.io/diagnostics/CC0105.html) [C:\Users\ultra\warewolf\Dev\Dev2.Runtime.Services\Dev2.Runtime.Services.csproj]
C:\Users\ultra\warewolf\Dev\Dev2.Runtime.Services\ESB\Management\Services\TestChatbotSource.cs(45,17): warning CC0105: Use 'var' instead of specifying the type name. (https://code-cracker.github.io/diagnostics/CC0105.html) [C:\Users\ultra\warewolf\Dev\Dev2.Runtime.Services\Dev2.Runtime.Services.csproj]
C:\Users\ultra\warewolf\Dev\Dev2.Runtime.Services\ESB\Management\Services\ChatbotToolNormalizer.cs(226,21): warning CC0105: Use 'var' instead of specifying the type name. (https://code-cracker.github.io/diagnostics/CC0105.html) [C:\Users\ultra\warewolf\Dev\Dev2.Runtime.Services\Dev2.Runtime.Services.csproj]
C:\Users\ultra\warewolf\Dev\Dev2.Runtime.Services\ESB\Management\Services\ChatbotToolNormalizer.cs(279,21): warning CC0105: Use 'var' instead of specifying the type name. (https://code-cracker.github.io/diagnostics/CC0105.html) [C:\Users\ultra\warewolf\Dev\Dev2.Runtime.Services\Dev2.Runtime.Services.csproj]
C:\Users\ultra\warewolf\Dev\Dev2.Runtime.Services\ServiceModel\WebSources.cs(532,7): warning CC0004: Empty Catch Block. (https://code-cracker.github.io/diagnostics/CC0004.html) [C:\Users\ultra\warewolf\Dev\Dev2.Runtime.Services\Dev2.Runtime.Services.csproj]
C:\Users\ultra\warewolf\Dev\Dev2.Runtime.Services\ServiceModel\WebSources.cs(751,38): warning CC0022: StringContent should be disposed. (https://code-cracker.github.io/diagnostics/CC0022.html) [C:\Users\ultra\warewolf\Dev\Dev2.Runtime.Services\Dev2.Runtime.Services.csproj]
  Dev2.Runtime.Services -> C:\Users\ultra\warewolf\Dev\Dev2.Runtime.Services\bin\Debug\net8.0\Dev2.Runtime.Services.dll
C:\Users\ultra\warewolf\Dev\Warewolf.Driver.Persistence\Drivers\HangfireScheduler.cs(397,17): warning CA2200: Re-throwing caught exception changes stack information (https://learn.microsoft.com/dotnet/fundamentals/code-analysis/quality-rules/ca2200) [C:\Users\ultra\warewolf\Dev\Warewolf.Driver.Persistence\Warewolf.Driver.Persistence.csproj]
C:\Users\ultra\warewolf\Dev\Warewolf.Driver.Persistence\Drivers\HangfireScheduler.cs(376,17): warning CA2200: Re-throwing caught exception changes stack information (https://learn.microsoft.com/dotnet/fundamentals/code-analysis/quality-rules/ca2200) [C:\Users\ultra\warewolf\Dev\Warewolf.Driver.Persistence\Warewolf.Driver.Persistence.csproj]
C:\Users\ultra\warewolf\Dev\Warewolf.Driver.Persistence\Drivers\HangfireScheduler.cs(320,17): warning CA2200: Re-throwing caught exception changes stack information (https://learn.microsoft.com/dotnet/fundamentals/code-analysis/quality-rules/ca2200) [C:\Users\ultra\warewolf\Dev\Warewolf.Driver.Persistence\Warewolf.Driver.Persistence.csproj]
  Warewolf.Driver.Persistence -> C:\Users\ultra\warewolf\Dev\Warewolf.Driver.Persistence\bin\Debug\net8.0\Warewolf.Driver.Persistence.dll
  Dev2.Services.Execution -> C:\Users\ultra\warewolf\Dev\Dev2.Services.Execution\bin\Debug\net8.0\Dev2.Services.Execution.dll
C:\Program Files\dotnet\sdk\10.0.201\Microsoft.Common.CurrentVersion.targets(2451,5): warning MSB3245: Could not resolve this reference. Could not locate the assembly "System.ServiceModel.Activities". Check to make sure the assembly exists on disk. If this reference is required by your code, you may get compilation errors. [C:\Users\ultra\warewolf\Dev\Dev2.Activities\Dev2.Activities.csproj]
C:\Program Files\dotnet\sdk\10.0.201\Microsoft.Common.CurrentVersion.targets(2451,5): warning MSB3277: Found conflicts between different versions of "WindowsBase" that could not be resolved. [C:\Users\ultra\warewolf\Dev\Dev2.Activities\Dev2.Activities.csproj]
C:\Program Files\dotnet\sdk\10.0.201\Microsoft.Common.CurrentVersion.targets(2451,5): warning MSB3277: There was a conflict between "WindowsBase, Version=4.0.0.0, Culture=neutral, PublicKeyToken=31bf3856ad364e35" and "WindowsBase, Version=6.0.2.0, Culture=neutral, PublicKeyToken=31bf3856ad364e35". [C:\Users\ultra\warewolf\Dev\Dev2.Activities\Dev2.Activities.csproj]
C:\Program Files\dotnet\sdk\10.0.201\Microsoft.Common.CurrentVersion.targets(2451,5): warning MSB3277:     "WindowsBase, Version=4.0.0.0, Culture=neutral, PublicKeyToken=31bf3856ad364e35" was chosen because it was primary and "WindowsBase, Version=6.0.2.0, Culture=neutral, PublicKeyToken=31bf3856ad364e35" was not. [C:\Users\ultra\warewolf\Dev\Dev2.Activities\Dev2.Activities.csproj]
C:\Program Files\dotnet\sdk\10.0.201\Microsoft.Common.CurrentVersion.targets(2451,5): warning MSB3277:     References which depend on "WindowsBase, Version=4.0.0.0, Culture=neutral, PublicKeyToken=31bf3856ad364e35" [C:\Program Files\dotnet\packs\Microsoft.NETCore.App.Ref\8.0.25\ref\net8.0\WindowsBase.dll]. [C:\Users\ultra\warewolf\Dev\Dev2.Activities\Dev2.Activities.csproj]
C:\Program Files\dotnet\sdk\10.0.201\Microsoft.Common.CurrentVersion.targets(2451,5): warning MSB3277:         C:\Program Files\dotnet\packs\Microsoft.NETCore.App.Ref\8.0.25\ref\net8.0\WindowsBase.dll [C:\Users\ultra\warewolf\Dev\Dev2.Activities\Dev2.Activities.csproj]
C:\Program Files\dotnet\sdk\10.0.201\Microsoft.Common.CurrentVersion.targets(2451,5): warning MSB3277:           Project file item includes which caused reference "C:\Program Files\dotnet\packs\Microsoft.NETCore.App.Ref\8.0.25\ref\net8.0\WindowsBase.dll". [C:\Users\ultra\warewolf\Dev\Dev2.Activities\Dev2.Activities.csproj]
C:\Program Files\dotnet\sdk\10.0.201\Microsoft.Common.CurrentVersion.targets(2451,5): warning MSB3277:             C:\Program Files\dotnet\packs\Microsoft.NETCore.App.Ref\8.0.25\ref/net8.0/WindowsBase.dll [C:\Users\ultra\warewolf\Dev\Dev2.Activities\Dev2.Activities.csproj]
C:\Program Files\dotnet\sdk\10.0.201\Microsoft.Common.CurrentVersion.targets(2451,5): warning MSB3277:     References which depend on or have been unified to "WindowsBase, Version=6.0.2.0, Culture=neutral, PublicKeyToken=31bf3856ad364e35" []. [C:\Users\ultra\warewolf\Dev\Dev2.Activities\Dev2.Activities.csproj]
C:\Program Files\dotnet\sdk\10.0.201\Microsoft.Common.CurrentVersion.targets(2451,5): warning MSB3277:         C:\Users\ultra\.nuget\packages\caliburn.micro\4.0.212\lib\netcoreapp3.1\Caliburn.Micro.Platform.dll [C:\Users\ultra\warewolf\Dev\Dev2.Activities\Dev2.Activities.csproj]
C:\Program Files\dotnet\sdk\10.0.201\Microsoft.Common.CurrentVersion.targets(2451,5): warning MSB3277:           Project file item includes which caused reference "C:\Users\ultra\.nuget\packages\caliburn.micro\4.0.212\lib\netcoreapp3.1\Caliburn.Micro.Platform.dll". [C:\Users\ultra\warewolf\Dev\Dev2.Activities\Dev2.Activities.csproj]
C:\Program Files\dotnet\sdk\10.0.201\Microsoft.Common.CurrentVersion.targets(2451,5): warning MSB3277:             C:\Users\ultra\.nuget\packages\caliburn.micro\4.0.212\lib\netcoreapp3.1\Caliburn.Micro.Platform.dll [C:\Users\ultra\warewolf\Dev\Dev2.Activities\Dev2.Activities.csproj]
C:\Program Files\dotnet\sdk\10.0.201\Microsoft.Common.CurrentVersion.targets(2451,5): warning MSB3277:         C:\Users\ultra\.nuget\packages\ironpython\3.4.0\lib\net6.0\IronPython.Wpf.dll [C:\Users\ultra\warewolf\Dev\Dev2.Activities\Dev2.Activities.csproj]
C:\Program Files\dotnet\sdk\10.0.201\Microsoft.Common.CurrentVersion.targets(2451,5): warning MSB3277:           Project file item includes which caused reference "C:\Users\ultra\.nuget\packages\ironpython\3.4.0\lib\net6.0\IronPython.Wpf.dll". [C:\Users\ultra\warewolf\Dev\Dev2.Activities\Dev2.Activities.csproj]
C:\Program Files\dotnet\sdk\10.0.201\Microsoft.Common.CurrentVersion.targets(2451,5): warning MSB3277:             C:\Users\ultra\.nuget\packages\ironpython\3.4.0\lib\net6.0\IronPython.Wpf.dll [C:\Users\ultra\warewolf\Dev\Dev2.Activities\Dev2.Activities.csproj]
C:\Program Files\dotnet\sdk\10.0.201\Microsoft.Common.CurrentVersion.targets(2451,5): warning MSB3277:         C:\Users\ultra\.nuget\packages\microsoft.xaml.behaviors.wpf\1.1.19\lib\netcoreapp3.0\Microsoft.Xaml.Behaviors.dll [C:\Users\ultra\warewolf\Dev\Dev2.Activities\Dev2.Activities.csproj]
C:\Program Files\dotnet\sdk\10.0.201\Microsoft.Common.CurrentVersion.targets(2451,5): warning MSB3277:           Project file item includes which caused reference "C:\Users\ultra\.nuget\packages\microsoft.xaml.behaviors.wpf\1.1.19\lib\netcoreapp3.0\Microsoft.Xaml.Behaviors.dll". [C:\Users\ultra\warewolf\Dev\Dev2.Activities\Dev2.Activities.csproj]
C:\Program Files\dotnet\sdk\10.0.201\Microsoft.Common.CurrentVersion.targets(2451,5): warning MSB3277:             C:\Users\ultra\.nuget\packages\microsoft.xaml.behaviors.wpf\1.1.19\lib\netcoreapp3.0\Microsoft.Xaml.Behaviors.dll [C:\Users\ultra\warewolf\Dev\Dev2.Activities\Dev2.Activities.csproj]
C:\Program Files\dotnet\sdk\10.0.201\Microsoft.Common.CurrentVersion.targets(2451,5): warning MSB3277:             C:\Users\ultra\.nuget\packages\caliburn.micro\4.0.212\lib\netcoreapp3.1\Caliburn.Micro.Platform.dll [C:\Users\ultra\warewolf\Dev\Dev2.Activities\Dev2.Activities.csproj]
C:\Program Files\dotnet\sdk\10.0.201\Microsoft.Common.CurrentVersion.targets(2451,5): warning MSB3277:         C:\Users\ultra\.nuget\packages\reactiveui.wpf\18.4.1\lib\net462\ReactiveUI.Wpf.dll [C:\Users\ultra\warewolf\Dev\Dev2.Activities\Dev2.Activities.csproj]
C:\Program Files\dotnet\sdk\10.0.201\Microsoft.Common.CurrentVersion.targets(2451,5): warning MSB3277:           Project file item includes which caused reference "C:\Users\ultra\.nuget\packages\reactiveui.wpf\18.4.1\lib\net462\ReactiveUI.Wpf.dll". [C:\Users\ultra\warewolf\Dev\Dev2.Activities\Dev2.Activities.csproj]
C:\Program Files\dotnet\sdk\10.0.201\Microsoft.Common.CurrentVersion.targets(2451,5): warning MSB3277:             C:\Users\ultra\.nuget\packages\reactiveui.wpf\18.4.1\lib\net462\ReactiveUI.Wpf.dll [C:\Users\ultra\warewolf\Dev\Dev2.Activities\Dev2.Activities.csproj]
  Consider app.config remapping of assembly "System.Runtime.CompilerServices.Unsafe, Culture=neutral, PublicKeyToken=b03f5f7f11d50a3a" from Version "6.0.0.0" [] to Version "8.0.0.0" [C:\Program Files\dotnet\packs\Microsoft.NETCore.App.Ref\8.0.25\ref\net8.0\System.Runtime.CompilerServices.Unsafe.dll] to solve conflict and get rid of warning.
C:\Users\ultra\warewolf\Dev\Dev2.Activities\WorkflowConverters\ActivityPropertiesReaderHelper.cs(54,45): warning CS8632: The annotation for nullable reference types should only be used in code within a '#nullable' annotations context. [C:\Users\ultra\warewolf\Dev\Dev2.Activities\Dev2.Activities.csproj]
C:\Users\ultra\warewolf\Dev\Dev2.Activities\WorkflowConverters\SwitchActivityDataHelper.cs(106,58): warning CS8632: The annotation for nullable reference types should only be used in code within a '#nullable' annotations context. [C:\Users\ultra\warewolf\Dev\Dev2.Activities\Dev2.Activities.csproj]
C:\Users\ultra\warewolf\Dev\Dev2.Activities\WorkflowConverters\SwitchActivityDataHelper.cs(225,65): warning CS8632: The annotation for nullable reference types should only be used in code within a '#nullable' annotations context. [C:\Users\ultra\warewolf\Dev\Dev2.Activities\Dev2.Activities.csproj]
C:\Users\ultra\warewolf\Dev\Dev2.Activities\WorkflowConverters\SwitchActivityDataHelper.cs(225,25): warning CS8632: The annotation for nullable reference types should only be used in code within a '#nullable' annotations context. [C:\Users\ultra\warewolf\Dev\Dev2.Activities\Dev2.Activities.csproj]
C:\Users\ultra\warewolf\Dev\Dev2.Activities\WorkflowConverters\SwitchActivityDataHelper.cs(342,61): warning CS8632: The annotation for nullable reference types should only be used in code within a '#nullable' annotations context. [C:\Users\ultra\warewolf\Dev\Dev2.Activities\Dev2.Activities.csproj]
C:\Users\ultra\warewolf\Dev\Dev2.Activities\WorkflowConverters\SwitchActivityDataHelper.cs(342,30): warning CS8632: The annotation for nullable reference types should only be used in code within a '#nullable' annotations context. [C:\Users\ultra\warewolf\Dev\Dev2.Activities\Dev2.Activities.csproj]
C:\Users\ultra\warewolf\Dev\Dev2.Activities\WorkflowConverters\SwitchActivityDataHelper.cs(32,25): warning CS8632: The annotation for nullable reference types should only be used in code within a '#nullable' annotations context. [C:\Users\ultra\warewolf\Dev\Dev2.Activities\Dev2.Activities.csproj]
C:\Users\ultra\warewolf\Dev\Dev2.Activities\WorkflowConverters\SwitchActivityDataHelper.cs(33,25): warning CS8632: The annotation for nullable reference types should only be used in code within a '#nullable' annotations context. [C:\Users\ultra\warewolf\Dev\Dev2.Activities\Dev2.Activities.csproj]
C:\Users\ultra\warewolf\Dev\Dev2.Activities\WorkflowConverters\SwitchActivityDataHelper.cs(34,25): warning CS8632: The annotation for nullable reference types should only be used in code within a '#nullable' annotations context. [C:\Users\ultra\warewolf\Dev\Dev2.Activities\Dev2.Activities.csproj]
C:\Users\ultra\warewolf\Dev\Dev2.Activities\WorkflowConverters\SwitchActivityDataHelper.cs(35,25): warning CS8632: The annotation for nullable reference types should only be used in code within a '#nullable' annotations context. [C:\Users\ultra\warewolf\Dev\Dev2.Activities\Dev2.Activities.csproj]
C:\Users\ultra\warewolf\Dev\Dev2.Activities\WorkflowConverters\SwitchActivityDataHelper.cs(36,25): warning CS8632: The annotation for nullable reference types should only be used in code within a '#nullable' annotations context. [C:\Users\ultra\warewolf\Dev\Dev2.Activities\Dev2.Activities.csproj]
C:\Users\ultra\warewolf\Dev\Dev2.Activities\WorkflowConverters\SwitchActivityDataHelper.cs(37,25): warning CS8632: The annotation for nullable reference types should only be used in code within a '#nullable' annotations context. [C:\Users\ultra\warewolf\Dev\Dev2.Activities\Dev2.Activities.csproj]
C:\Users\ultra\warewolf\Dev\Dev2.Activities\WorkflowConverters\SwitchActivityDataHelper.cs(108,19): warning CS8632: The annotation for nullable reference types should only be used in code within a '#nullable' annotations context. [C:\Users\ultra\warewolf\Dev\Dev2.Activities\Dev2.Activities.csproj]
C:\Users\ultra\warewolf\Dev\Dev2.Activities\WorkflowConverters\ActivityPropertiesReaderHelper.cs(60,59): warning CS8632: The annotation for nullable reference types should only be used in code within a '#nullable' annotations context. [C:\Users\ultra\warewolf\Dev\Dev2.Activities\Dev2.Activities.csproj]
C:\Users\ultra\warewolf\Dev\Dev2.Activities\Activities\GateActivity.cs(733,24): warning CC0022: WarewolfListIterator should be disposed. (https://code-cracker.github.io/diagnostics/CC0022.html) [C:\Users\ultra\warewolf\Dev\Dev2.Activities\Dev2.Activities.csproj]
C:\Users\ultra\warewolf\Dev\Dev2.Activities\Activities\GateActivity.cs(639,21): warning CC0003: Consider adding an Exception to the catch. (https://code-cracker.github.io/diagnostics/CC0003.html) [C:\Users\ultra\warewolf\Dev\Dev2.Activities\Dev2.Activities.csproj]
C:\Users\ultra\warewolf\Dev\Dev2.Activities\Activities\GateActivity.cs(656,21): warning CC0003: Consider adding an Exception to the catch. (https://code-cracker.github.io/diagnostics/CC0003.html) [C:\Users\ultra\warewolf\Dev\Dev2.Activities\Dev2.Activities.csproj]
C:\Users\ultra\warewolf\Dev\Dev2.Activities\Activities\WebPostActivity.cs(238,28): warning CC0022: WarewolfListIterator should be disposed. (https://code-cracker.github.io/diagnostics/CC0022.html) [C:\Users\ultra\warewolf\Dev\Dev2.Activities\Dev2.Activities.csproj]
C:\Users\ultra\warewolf\Dev\Dev2.Activities\Activities\WebPostActivityNew.cs(281,28): warning CC0022: WarewolfListIterator should be disposed. (https://code-cracker.github.io/diagnostics/CC0022.html) [C:\Users\ultra\warewolf\Dev\Dev2.Activities\Dev2.Activities.csproj]
C:\Users\ultra\warewolf\Dev\Dev2.Activities\WorkflowConverters\X6ToWorkflowConverter.cs(375,13): warning CC0003: Consider adding an Exception to the catch. (https://code-cracker.github.io/diagnostics/CC0003.html) [C:\Users\ultra\warewolf\Dev\Dev2.Activities\Dev2.Activities.csproj]
C:\Users\ultra\warewolf\Dev\Dev2.Activities\WorkflowConverters\X6ToWorkflowConverter.cs(833,17): warning CC0120: Consider put an default clause in Switch. (https://code-cracker.github.io/diagnostics/CC0120.html) [C:\Users\ultra\warewolf\Dev\Dev2.Activities\Dev2.Activities.csproj]
C:\Users\ultra\warewolf\Dev\Dev2.Activities\WorkflowConverters\X6ToWorkflowConverter.cs(958,13): warning CC0004: Empty Catch Block. (https://code-cracker.github.io/diagnostics/CC0004.html) [C:\Users\ultra\warewolf\Dev\Dev2.Activities\Dev2.Activities.csproj]
C:\Users\ultra\warewolf\Dev\Dev2.Activities\Activities\PathOperations\FileWriteActivity.cs(54,26): warning CC0022: WarewolfListIterator should be disposed. (https://code-cracker.github.io/diagnostics/CC0022.html) [C:\Users\ultra\warewolf\Dev\Dev2.Activities\Dev2.Activities.csproj]
C:\Users\ultra\warewolf\Dev\Dev2.Activities\WorkflowConverters\WorkflowToX6Converter.cs(567,13): warning CC0105: Use 'var' instead of specifying the type name. (https://code-cracker.github.io/diagnostics/CC0105.html) [C:\Users\ultra\warewolf\Dev\Dev2.Activities\Dev2.Activities.csproj]
C:\Users\ultra\warewolf\Dev\Dev2.Activities\WorkflowConverters\WorkflowToX6Converter.cs(998,13): warning CC0004: Empty Catch Block. (https://code-cracker.github.io/diagnostics/CC0004.html) [C:\Users\ultra\warewolf\Dev\Dev2.Activities\Dev2.Activities.csproj]
C:\Users\ultra\warewolf\Dev\Dev2.Activities\WorkflowConverters\WorkflowToX6Converter.cs(1376,17): warning CC0004: Empty Catch Block. (https://code-cracker.github.io/diagnostics/CC0004.html) [C:\Users\ultra\warewolf\Dev\Dev2.Activities\Dev2.Activities.csproj]
C:\Users\ultra\warewolf\Dev\Dev2.Activities\WorkflowConverters\WorkflowToX6Converter.cs(1365,13): warning CC0006: You can use foreach instead of for. (https://code-cracker.github.io/diagnostics/CC0006.html) [C:\Users\ultra\warewolf\Dev\Dev2.Activities\Dev2.Activities.csproj]
C:\Users\ultra\warewolf\Dev\Dev2.Activities\Activities\DsfWebActivityBase.cs(136,96): warning CC0022: StringContent should be disposed. (https://code-cracker.github.io/diagnostics/CC0022.html) [C:\Users\ultra\warewolf\Dev\Dev2.Activities\Dev2.Activities.csproj]
C:\Users\ultra\warewolf\Dev\Dev2.Activities\Activities\DsfWebActivityBase.cs(158,42): warning CC0022: StreamReader should be disposed. (https://code-cracker.github.io/diagnostics/CC0022.html) [C:\Users\ultra\warewolf\Dev\Dev2.Activities\Dev2.Activities.csproj]
C:\Users\ultra\warewolf\Dev\Dev2.Activities\Activities\DsfWebActivityBase.cs(175,35): warning CC0022: ByteArrayContent should be disposed. (https://code-cracker.github.io/diagnostics/CC0022.html) [C:\Users\ultra\warewolf\Dev\Dev2.Activities\Dev2.Activities.csproj]
C:\Users\ultra\warewolf\Dev\Dev2.Activities\Activities\DsfWebActivityBase.cs(184,31): warning CC0022: StringContent should be disposed. (https://code-cracker.github.io/diagnostics/CC0022.html) [C:\Users\ultra\warewolf\Dev\Dev2.Activities\Dev2.Activities.csproj]
C:\Users\ultra\warewolf\Dev\Dev2.Activities\Activities\GetSystemInformationHelper.cs(95,36): warning CA1416: This call site is reachable on all platforms. 'ManagementBaseObject.GetPropertyValue(string)' is only supported on: 'windows'. (https://learn.microsoft.com/dotnet/fundamentals/code-analysis/quality-rules/ca1416) [C:\Users\ultra\warewolf\Dev\Dev2.Activities\Dev2.Activities.csproj]
C:\Users\ultra\warewolf\Dev\Dev2.Activities\Activities\GetSystemInformationHelper.cs(370,92): warning CA1416: This call site is reachable on all platforms. 'WindowsIdentity.GetCurrent()' is only supported on: 'windows'. (https://learn.microsoft.com/dotnet/fundamentals/code-analysis/quality-rules/ca1416) [C:\Users\ultra\warewolf\Dev\Dev2.Activities\Dev2.Activities.csproj]
C:\Users\ultra\warewolf\Dev\Dev2.Activities\Activities\GetSystemInformationHelper.cs(372,17): warning CA1416: This call site is reachable on all platforms. 'WindowsIdentity.Groups' is only supported on: 'windows'. (https://learn.microsoft.com/dotnet/fundamentals/code-analysis/quality-rules/ca1416) [C:\Users\ultra\warewolf\Dev\Dev2.Activities\Dev2.Activities.csproj]
C:\Users\ultra\warewolf\Dev\Dev2.Activities\Activities\GetSystemInformationHelper.cs(374,37): warning CA1416: This call site is reachable on all platforms. 'WindowsIdentity.Groups' is only supported on: 'windows'. (https://learn.microsoft.com/dotnet/fundamentals/code-analysis/quality-rules/ca1416) [C:\Users\ultra\warewolf\Dev\Dev2.Activities\Dev2.Activities.csproj]
C:\Users\ultra\warewolf\Dev\Dev2.Activities\Activities\GetSystemInformationHelper.cs(332,60): warning CA1416: This call site is reachable on all platforms. 'ManagementBaseObject.this[string]' is only supported on: 'windows'. (https://learn.microsoft.com/dotnet/fundamentals/code-analysis/quality-rules/ca1416) [C:\Users\ultra\warewolf\Dev\Dev2.Activities\Dev2.Activities.csproj]
C:\Users\ultra\warewolf\Dev\Dev2.Activities\Activities\GetSystemInformationHelper.cs(329,31): warning CA1416: This call site is reachable on all platforms. 'ManagementObjectSearcher.Get()' is only supported on: 'windows'. (https://learn.microsoft.com/dotnet/fundamentals/code-analysis/quality-rules/ca1416) [C:\Users\ultra\warewolf\Dev\Dev2.Activities\Dev2.Activities.csproj]
C:\Users\ultra\warewolf\Dev\Dev2.Activities\Activities\GetSystemInformationHelper.cs(327,28): warning CA1416: This call site is reachable on all platforms. 'ManagementObjectSearcher' is only supported on: 'windows'. (https://learn.microsoft.com/dotnet/fundamentals/code-analysis/quality-rules/ca1416) [C:\Users\ultra\warewolf\Dev\Dev2.Activities\Dev2.Activities.csproj]
C:\Users\ultra\warewolf\Dev\Dev2.Activities\Activities\GetSystemInformationHelper.cs(326,28): warning CA1416: This call site is reachable on all platforms. 'ObjectQuery' is only supported on: 'windows'. (https://learn.microsoft.com/dotnet/fundamentals/code-analysis/quality-rules/ca1416) [C:\Users\ultra\warewolf\Dev\Dev2.Activities\Dev2.Activities.csproj]
C:\Users\ultra\warewolf\Dev\Dev2.Activities\Activities\GetSystemInformationHelper.cs(346,58): warning CA1416: This call site is reachable on all platforms. 'ManagementBaseObject.this[string]' is only supported on: 'windows'. (https://learn.microsoft.com/dotnet/fundamentals/code-analysis/quality-rules/ca1416) [C:\Users\ultra\warewolf\Dev\Dev2.Activities\Dev2.Activities.csproj]
C:\Users\ultra\warewolf\Dev\Dev2.Activities\Activities\GetSystemInformationHelper.cs(345,53): warning CA1416: This call site is reachable on all platforms. 'ManagementBaseObject.this[string]' is only supported on: 'windows'. (https://learn.microsoft.com/dotnet/fundamentals/code-analysis/quality-rules/ca1416) [C:\Users\ultra\warewolf\Dev\Dev2.Activities\Dev2.Activities.csproj]
C:\Users\ultra\warewolf\Dev\Dev2.Activities\Activities\GetSystemInformationHelper.cs(342,31): warning CA1416: This call site is reachable on all platforms. 'ManagementObjectSearcher.Get()' is only supported on: 'windows'. (https://learn.microsoft.com/dotnet/fundamentals/code-analysis/quality-rules/ca1416) [C:\Users\ultra\warewolf\Dev\Dev2.Activities\Dev2.Activities.csproj]
C:\Users\ultra\warewolf\Dev\Dev2.Activities\Activities\GetSystemInformationHelper.cs(341,28): warning CA1416: This call site is reachable on all platforms. 'ManagementObjectSearcher' is only supported on: 'windows'. (https://learn.microsoft.com/dotnet/fundamentals/code-analysis/quality-rules/ca1416) [C:\Users\ultra\warewolf\Dev\Dev2.Activities\Dev2.Activities.csproj]
C:\Users\ultra\warewolf\Dev\Dev2.Activities\Activities\GetSystemInformationHelper.cs(340,28): warning CA1416: This call site is reachable on all platforms. 'ObjectQuery' is only supported on: 'windows'. (https://learn.microsoft.com/dotnet/fundamentals/code-analysis/quality-rules/ca1416) [C:\Users\ultra\warewolf\Dev\Dev2.Activities\Dev2.Activities.csproj]
C:\Users\ultra\warewolf\Dev\Dev2.Activities\Activities\GetSystemInformationHelper.cs(431,57): warning CA1416: This call site is reachable on all platforms. 'ManagementBaseObject.this[string]' is only supported on: 'windows'. (https://learn.microsoft.com/dotnet/fundamentals/code-analysis/quality-rules/ca1416) [C:\Users\ultra\warewolf\Dev\Dev2.Activities\Dev2.Activities.csproj]
C:\Users\ultra\warewolf\Dev\Dev2.Activities\Activities\GetSystemInformationHelper.cs(427,32): warning CA1416: This call site is reachable on all platforms. 'ManagementObjectSearcher' is only supported on: 'windows'. (https://learn.microsoft.com/dotnet/fundamentals/code-analysis/quality-rules/ca1416) [C:\Users\ultra\warewolf\Dev\Dev2.Activities\Dev2.Activities.csproj]
C:\Users\ultra\warewolf\Dev\Dev2.Activities\Activities\GetSystemInformationHelper.cs(428,35): warning CA1416: This call site is reachable on all platforms. 'ManagementObjectSearcher.Get()' is only supported on: 'windows'. (https://learn.microsoft.com/dotnet/fundamentals/code-analysis/quality-rules/ca1416) [C:\Users\ultra\warewolf\Dev\Dev2.Activities\Dev2.Activities.csproj]
C:\Users\ultra\warewolf\Dev\Dev2.Activities\Activities\GetSystemInformationHelper.cs(426,32): warning CA1416: This call site is reachable on all platforms. 'ObjectQuery' is only supported on: 'windows'. (https://learn.microsoft.com/dotnet/fundamentals/code-analysis/quality-rules/ca1416) [C:\Users\ultra\warewolf\Dev\Dev2.Activities\Dev2.Activities.csproj]
C:\Users\ultra\warewolf\Dev\Dev2.Activities\Activities\GetSystemInformationHelper.cs(397,49): warning CA1416: This call site is reachable on all platforms. 'ManagementBaseObject.this[string]' is only supported on: 'windows'. (https://learn.microsoft.com/dotnet/fundamentals/code-analysis/quality-rules/ca1416) [C:\Users\ultra\warewolf\Dev\Dev2.Activities\Dev2.Activities.csproj]
C:\Users\ultra\warewolf\Dev\Dev2.Activities\Activities\GetSystemInformationHelper.cs(392,32): warning CA1416: This call site is reachable on all platforms. 'ObjectQuery' is only supported on: 'windows'. (https://learn.microsoft.com/dotnet/fundamentals/code-analysis/quality-rules/ca1416) [C:\Users\ultra\warewolf\Dev\Dev2.Activities\Dev2.Activities.csproj]
C:\Users\ultra\warewolf\Dev\Dev2.Activities\Activities\GetSystemInformationHelper.cs(386,39): warning CA1416: This call site is reachable on all platforms. 'IdentityReference.Translate(Type)' is only supported on: 'windows'. (https://learn.microsoft.com/dotnet/fundamentals/code-analysis/quality-rules/ca1416) [C:\Users\ultra\warewolf\Dev\Dev2.Activities\Dev2.Activities.csproj]
C:\Users\ultra\warewolf\Dev\Dev2.Activities\Activities\GetSystemInformationHelper.cs(393,32): warning CA1416: This call site is reachable on all platforms. 'ManagementObjectSearcher' is only supported on: 'windows'. (https://learn.microsoft.com/dotnet/fundamentals/code-analysis/quality-rules/ca1416) [C:\Users\ultra\warewolf\Dev\Dev2.Activities\Dev2.Activities.csproj]
C:\Users\ultra\warewolf\Dev\Dev2.Activities\Activities\GetSystemInformationHelper.cs(392,90): warning CA1416: This call site is reachable on all platforms. 'IdentityReference.Value' is only supported on: 'windows'. (https://learn.microsoft.com/dotnet/fundamentals/code-analysis/quality-rules/ca1416) [C:\Users\ultra\warewolf\Dev\Dev2.Activities\Dev2.Activities.csproj]
C:\Users\ultra\warewolf\Dev\Dev2.Activities\Activities\GetSystemInformationHelper.cs(394,35): warning CA1416: This call site is reachable on all platforms. 'ManagementObjectSearcher.Get()' is only supported on: 'windows'. (https://learn.microsoft.com/dotnet/fundamentals/code-analysis/quality-rules/ca1416) [C:\Users\ultra\warewolf\Dev\Dev2.Activities\Dev2.Activities.csproj]
C:\Users\ultra\warewolf\Dev\Dev2.Activities\Activities\GetSystemInformationHelper.cs(387,28): warning CA1416: This call site is reachable on all platforms. 'IdentityReference.Value' is only supported on: 'windows'. (https://learn.microsoft.com/dotnet/fundamentals/code-analysis/quality-rules/ca1416) [C:\Users\ultra\warewolf\Dev\Dev2.Activities\Dev2.Activities.csproj]
  Dev2.Activities -> C:\Users\ultra\warewolf\Dev\Dev2.Activities\bin\Debug\net8.0\Dev2.Activities.dll
C:\Program Files\dotnet\sdk\10.0.201\Microsoft.Common.CurrentVersion.targets(2451,5): warning MSB3277: Found conflicts between different versions of "WindowsBase" that could not be resolved. [C:\Users\ultra\warewolf\Dev\Warewolf.ResourceManagement.Tests\Warewolf.ResourceManagement.Tests.csproj]
C:\Program Files\dotnet\sdk\10.0.201\Microsoft.Common.CurrentVersion.targets(2451,5): warning MSB3277: There was a conflict between "WindowsBase, Version=4.0.0.0, Culture=neutral, PublicKeyToken=31bf3856ad364e35" and "WindowsBase, Version=6.0.2.0, Culture=neutral, PublicKeyToken=31bf3856ad364e35". [C:\Users\ultra\warewolf\Dev\Warewolf.ResourceManagement.Tests\Warewolf.ResourceManagement.Tests.csproj]
C:\Program Files\dotnet\sdk\10.0.201\Microsoft.Common.CurrentVersion.targets(2451,5): warning MSB3277:     "WindowsBase, Version=4.0.0.0, Culture=neutral, PublicKeyToken=31bf3856ad364e35" was chosen because it was primary and "WindowsBase, Version=6.0.2.0, Culture=neutral, PublicKeyToken=31bf3856ad364e35" was not. [C:\Users\ultra\warewolf\Dev\Warewolf.ResourceManagement.Tests\Warewolf.ResourceManagement.Tests.csproj]
C:\Program Files\dotnet\sdk\10.0.201\Microsoft.Common.CurrentVersion.targets(2451,5): warning MSB3277:     References which depend on "WindowsBase, Version=4.0.0.0, Culture=neutral, PublicKeyToken=31bf3856ad364e35" [C:\Program Files\dotnet\packs\Microsoft.NETCore.App.Ref\8.0.25\ref\net8.0\WindowsBase.dll]. [C:\Users\ultra\warewolf\Dev\Warewolf.ResourceManagement.Tests\Warewolf.ResourceManagement.Tests.csproj]
C:\Program Files\dotnet\sdk\10.0.201\Microsoft.Common.CurrentVersion.targets(2451,5): warning MSB3277:         C:\Program Files\dotnet\packs\Microsoft.NETCore.App.Ref\8.0.25\ref\net8.0\WindowsBase.dll [C:\Users\ultra\warewolf\Dev\Warewolf.ResourceManagement.Tests\Warewolf.ResourceManagement.Tests.csproj]
C:\Program Files\dotnet\sdk\10.0.201\Microsoft.Common.CurrentVersion.targets(2451,5): warning MSB3277:           Project file item includes which caused reference "C:\Program Files\dotnet\packs\Microsoft.NETCore.App.Ref\8.0.25\ref\net8.0\WindowsBase.dll". [C:\Users\ultra\warewolf\Dev\Warewolf.ResourceManagement.Tests\Warewolf.ResourceManagement.Tests.csproj]
C:\Program Files\dotnet\sdk\10.0.201\Microsoft.Common.CurrentVersion.targets(2451,5): warning MSB3277:             C:\Program Files\dotnet\packs\Microsoft.NETCore.App.Ref\8.0.25\ref/net8.0/WindowsBase.dll [C:\Users\ultra\warewolf\Dev\Warewolf.ResourceManagement.Tests\Warewolf.ResourceManagement.Tests.csproj]
C:\Program Files\dotnet\sdk\10.0.201\Microsoft.Common.CurrentVersion.targets(2451,5): warning MSB3277:     References which depend on or have been unified to "WindowsBase, Version=6.0.2.0, Culture=neutral, PublicKeyToken=31bf3856ad364e35" []. [C:\Users\ultra\warewolf\Dev\Warewolf.ResourceManagement.Tests\Warewolf.ResourceManagement.Tests.csproj]
C:\Program Files\dotnet\sdk\10.0.201\Microsoft.Common.CurrentVersion.targets(2451,5): warning MSB3277:         C:\Users\ultra\.nuget\packages\caliburn.micro\4.0.212\lib\netcoreapp3.1\Caliburn.Micro.Platform.dll [C:\Users\ultra\warewolf\Dev\Warewolf.ResourceManagement.Tests\Warewolf.ResourceManagement.Tests.csproj]
C:\Program Files\dotnet\sdk\10.0.201\Microsoft.Common.CurrentVersion.targets(2451,5): warning MSB3277:           Project file item includes which caused reference "C:\Users\ultra\.nuget\packages\caliburn.micro\4.0.212\lib\netcoreapp3.1\Caliburn.Micro.Platform.dll". [C:\Users\ultra\warewolf\Dev\Warewolf.ResourceManagement.Tests\Warewolf.ResourceManagement.Tests.csproj]
C:\Program Files\dotnet\sdk\10.0.201\Microsoft.Common.CurrentVersion.targets(2451,5): warning MSB3277:             C:\Users\ultra\.nuget\packages\caliburn.micro\4.0.212\lib\netcoreapp3.1\Caliburn.Micro.Platform.dll [C:\Users\ultra\warewolf\Dev\Warewolf.ResourceManagement.Tests\Warewolf.ResourceManagement.Tests.csproj]
C:\Program Files\dotnet\sdk\10.0.201\Microsoft.Common.CurrentVersion.targets(2451,5): warning MSB3277:         C:\Users\ultra\.nuget\packages\ironpython\3.4.0\lib\net6.0\IronPython.Wpf.dll [C:\Users\ultra\warewolf\Dev\Warewolf.ResourceManagement.Tests\Warewolf.ResourceManagement.Tests.csproj]
C:\Program Files\dotnet\sdk\10.0.201\Microsoft.Common.CurrentVersion.targets(2451,5): warning MSB3277:           Project file item includes which caused reference "C:\Users\ultra\.nuget\packages\ironpython\3.4.0\lib\net6.0\IronPython.Wpf.dll". [C:\Users\ultra\warewolf\Dev\Warewolf.ResourceManagement.Tests\Warewolf.ResourceManagement.Tests.csproj]
C:\Program Files\dotnet\sdk\10.0.201\Microsoft.Common.CurrentVersion.targets(2451,5): warning MSB3277:             C:\Users\ultra\.nuget\packages\ironpython\3.4.0\lib\net6.0\IronPython.Wpf.dll [C:\Users\ultra\warewolf\Dev\Warewolf.ResourceManagement.Tests\Warewolf.ResourceManagement.Tests.csproj]
C:\Program Files\dotnet\sdk\10.0.201\Microsoft.Common.CurrentVersion.targets(2451,5): warning MSB3277:         C:\Users\ultra\.nuget\packages\microsoft.xaml.behaviors.wpf\1.1.19\lib\netcoreapp3.0\Microsoft.Xaml.Behaviors.dll [C:\Users\ultra\warewolf\Dev\Warewolf.ResourceManagement.Tests\Warewolf.ResourceManagement.Tests.csproj]
C:\Program Files\dotnet\sdk\10.0.201\Microsoft.Common.CurrentVersion.targets(2451,5): warning MSB3277:           Project file item includes which caused reference "C:\Users\ultra\.nuget\packages\microsoft.xaml.behaviors.wpf\1.1.19\lib\netcoreapp3.0\Microsoft.Xaml.Behaviors.dll". [C:\Users\ultra\warewolf\Dev\Warewolf.ResourceManagement.Tests\Warewolf.ResourceManagement.Tests.csproj]
C:\Program Files\dotnet\sdk\10.0.201\Microsoft.Common.CurrentVersion.targets(2451,5): warning MSB3277:             C:\Users\ultra\.nuget\packages\microsoft.xaml.behaviors.wpf\1.1.19\lib\netcoreapp3.0\Microsoft.Xaml.Behaviors.dll [C:\Users\ultra\warewolf\Dev\Warewolf.ResourceManagement.Tests\Warewolf.ResourceManagement.Tests.csproj]
C:\Program Files\dotnet\sdk\10.0.201\Microsoft.Common.CurrentVersion.targets(2451,5): warning MSB3277:             C:\Users\ultra\.nuget\packages\caliburn.micro\4.0.212\lib\netcoreapp3.1\Caliburn.Micro.Platform.dll [C:\Users\ultra\warewolf\Dev\Warewolf.ResourceManagement.Tests\Warewolf.ResourceManagement.Tests.csproj]
C:\Program Files\dotnet\sdk\10.0.201\Microsoft.Common.CurrentVersion.targets(2451,5): warning MSB3277:         C:\Users\ultra\.nuget\packages\reactiveui.wpf\18.4.1\lib\net462\ReactiveUI.Wpf.dll [C:\Users\ultra\warewolf\Dev\Warewolf.ResourceManagement.Tests\Warewolf.ResourceManagement.Tests.csproj]
C:\Program Files\dotnet\sdk\10.0.201\Microsoft.Common.CurrentVersion.targets(2451,5): warning MSB3277:           Project file item includes which caused reference "C:\Users\ultra\.nuget\packages\reactiveui.wpf\18.4.1\lib\net462\ReactiveUI.Wpf.dll". [C:\Users\ultra\warewolf\Dev\Warewolf.ResourceManagement.Tests\Warewolf.ResourceManagement.Tests.csproj]
C:\Program Files\dotnet\sdk\10.0.201\Microsoft.Common.CurrentVersion.targets(2451,5): warning MSB3277:             C:\Users\ultra\.nuget\packages\reactiveui.wpf\18.4.1\lib\net462\ReactiveUI.Wpf.dll [C:\Users\ultra\warewolf\Dev\Warewolf.ResourceManagement.Tests\Warewolf.ResourceManagement.Tests.csproj]
C:\Program Files\dotnet\sdk\10.0.201\Microsoft.Common.CurrentVersion.targets(2451,5): warning MSB3277: Found conflicts between different versions of "System.Drawing.Common" that could not be resolved. [C:\Users\ultra\warewolf\Dev\Warewolf.ResourceManagement.Tests\Warewolf.ResourceManagement.Tests.csproj]
C:\Program Files\dotnet\sdk\10.0.201\Microsoft.Common.CurrentVersion.targets(2451,5): warning MSB3277: There was a conflict between "System.Drawing.Common, Version=6.0.0.0, Culture=neutral, PublicKeyToken=cc7b13ffcd2ddd51" and "System.Drawing.Common, Version=8.0.0.0, Culture=neutral, PublicKeyToken=cc7b13ffcd2ddd51". [C:\Users\ultra\warewolf\Dev\Warewolf.ResourceManagement.Tests\Warewolf.ResourceManagement.Tests.csproj]
C:\Program Files\dotnet\sdk\10.0.201\Microsoft.Common.CurrentVersion.targets(2451,5): warning MSB3277:     "System.Drawing.Common, Version=6.0.0.0, Culture=neutral, PublicKeyToken=cc7b13ffcd2ddd51" was chosen because it was primary and "System.Drawing.Common, Version=8.0.0.0, Culture=neutral, PublicKeyToken=cc7b13ffcd2ddd51" was not. [C:\Users\ultra\warewolf\Dev\Warewolf.ResourceManagement.Tests\Warewolf.ResourceManagement.Tests.csproj]
C:\Program Files\dotnet\sdk\10.0.201\Microsoft.Common.CurrentVersion.targets(2451,5): warning MSB3277:     References which depend on "System.Drawing.Common, Version=6.0.0.0, Culture=neutral, PublicKeyToken=cc7b13ffcd2ddd51" [C:\Users\ultra\.nuget\packages\system.drawing.common\6.0.0\lib\net6.0\System.Drawing.Common.dll]. [C:\Users\ultra\warewolf\Dev\Warewolf.ResourceManagement.Tests\Warewolf.ResourceManagement.Tests.csproj]
C:\Program Files\dotnet\sdk\10.0.201\Microsoft.Common.CurrentVersion.targets(2451,5): warning MSB3277:         C:\Users\ultra\.nuget\packages\system.drawing.common\6.0.0\lib\net6.0\System.Drawing.Common.dll [C:\Users\ultra\warewolf\Dev\Warewolf.ResourceManagement.Tests\Warewolf.ResourceManagement.Tests.csproj]
C:\Program Files\dotnet\sdk\10.0.201\Microsoft.Common.CurrentVersion.targets(2451,5): warning MSB3277:           Project file item includes which caused reference "C:\Users\ultra\.nuget\packages\system.drawing.common\6.0.0\lib\net6.0\System.Drawing.Common.dll". [C:\Users\ultra\warewolf\Dev\Warewolf.ResourceManagement.Tests\Warewolf.ResourceManagement.Tests.csproj]
C:\Program Files\dotnet\sdk\10.0.201\Microsoft.Common.CurrentVersion.targets(2451,5): warning MSB3277:             C:\Users\ultra\.nuget\packages\system.drawing.common\6.0.0\lib\net6.0\System.Drawing.Common.dll [C:\Users\ultra\warewolf\Dev\Warewolf.ResourceManagement.Tests\Warewolf.ResourceManagement.Tests.csproj]
C:\Program Files\dotnet\sdk\10.0.201\Microsoft.Common.CurrentVersion.targets(2451,5): warning MSB3277:     References which depend on or have been unified to "System.Drawing.Common, Version=8.0.0.0, Culture=neutral, PublicKeyToken=cc7b13ffcd2ddd51" []. [C:\Users\ultra\warewolf\Dev\Warewolf.ResourceManagement.Tests\Warewolf.ResourceManagement.Tests.csproj]
C:\Program Files\dotnet\sdk\10.0.201\Microsoft.Common.CurrentVersion.targets(2451,5): warning MSB3277:         C:\Users\ultra\.nuget\packages\servicestack\6.3.0\lib\net6.0\ServiceStack.dll [C:\Users\ultra\warewolf\Dev\Warewolf.ResourceManagement.Tests\Warewolf.ResourceManagement.Tests.csproj]
C:\Program Files\dotnet\sdk\10.0.201\Microsoft.Common.CurrentVersion.targets(2451,5): warning MSB3277:           Project file item includes which caused reference "C:\Users\ultra\.nuget\packages\servicestack\6.3.0\lib\net6.0\ServiceStack.dll". [C:\Users\ultra\warewolf\Dev\Warewolf.ResourceManagement.Tests\Warewolf.ResourceManagement.Tests.csproj]
C:\Program Files\dotnet\sdk\10.0.201\Microsoft.Common.CurrentVersion.targets(2451,5): warning MSB3277:             C:\Users\ultra\.nuget\packages\servicestack\6.3.0\lib\net6.0\ServiceStack.dll [C:\Users\ultra\warewolf\Dev\Warewolf.ResourceManagement.Tests\Warewolf.ResourceManagement.Tests.csproj]
C:\Program Files\dotnet\sdk\10.0.201\Microsoft.Common.CurrentVersion.targets(2451,5): warning MSB3277:         C:\Users\ultra\.nuget\packages\system.windows.extensions\8.0.0\lib\net8.0\System.Windows.Extensions.dll [C:\Users\ultra\warewolf\Dev\Warewolf.ResourceManagement.Tests\Warewolf.ResourceManagement.Tests.csproj]
C:\Program Files\dotnet\sdk\10.0.201\Microsoft.Common.CurrentVersion.targets(2451,5): warning MSB3277:           Project file item includes which caused reference "C:\Users\ultra\.nuget\packages\system.windows.extensions\8.0.0\lib\net8.0\System.Windows.Extensions.dll". [C:\Users\ultra\warewolf\Dev\Warewolf.ResourceManagement.Tests\Warewolf.ResourceManagement.Tests.csproj]
C:\Program Files\dotnet\sdk\10.0.201\Microsoft.Common.CurrentVersion.targets(2451,5): warning MSB3277:             C:\Users\ultra\.nuget\packages\system.windows.extensions\8.0.0\lib\net8.0\System.Windows.Extensions.dll [C:\Users\ultra\warewolf\Dev\Warewolf.ResourceManagement.Tests\Warewolf.ResourceManagement.Tests.csproj]
C:\Program Files\dotnet\sdk\10.0.201\Microsoft.Common.CurrentVersion.targets(2451,5): warning MSB3277:             C:\Users\ultra\.nuget\packages\system.security.permissions\8.0.0\lib\net8.0\System.Security.Permissions.dll [C:\Users\ultra\warewolf\Dev\Warewolf.ResourceManagement.Tests\Warewolf.ResourceManagement.Tests.csproj]
C:\Program Files\dotnet\sdk\10.0.201\Microsoft.Common.CurrentVersion.targets(2451,5): warning MSB3277:             C:\Users\ultra\warewolf\Dev\Dev2.Data\bin\Debug\net8.0\Dev2.Data.dll [C:\Users\ultra\warewolf\Dev\Warewolf.ResourceManagement.Tests\Warewolf.ResourceManagement.Tests.csproj]
C:\Program Files\dotnet\sdk\10.0.201\Microsoft.Common.CurrentVersion.targets(2451,5): warning MSB3277:             C:\Users\ultra\warewolf\Dev\Dev2.Activities\bin\Debug\net8.0\Dev2.Activities.dll [C:\Users\ultra\warewolf\Dev\Warewolf.ResourceManagement.Tests\Warewolf.ResourceManagement.Tests.csproj]
C:\Program Files\dotnet\sdk\10.0.201\Microsoft.Common.CurrentVersion.targets(2451,5): warning MSB3277:             C:\Users\ultra\warewolf\Dev\Dev2.Core\bin\Debug\net8.0\Dev2.Core.dll [C:\Users\ultra\warewolf\Dev\Warewolf.ResourceManagement.Tests\Warewolf.ResourceManagement.Tests.csproj]
C:\Program Files\dotnet\sdk\10.0.201\Microsoft.Common.CurrentVersion.targets(2451,5): warning MSB3277:             C:\Users\ultra\warewolf\Dev\Warewolf.ResourceManagement\bin\Debug\net8.0\Warewolf.ResourceManagement.dll [C:\Users\ultra\warewolf\Dev\Warewolf.ResourceManagement.Tests\Warewolf.ResourceManagement.Tests.csproj]
C:\Program Files\dotnet\sdk\10.0.201\Microsoft.Common.CurrentVersion.targets(2451,5): warning MSB3277:             C:\Users\ultra\warewolf\Dev\Dev2.Runtime.Services\bin\Debug\net8.0\Dev2.Runtime.Services.dll [C:\Users\ultra\warewolf\Dev\Warewolf.ResourceManagement.Tests\Warewolf.ResourceManagement.Tests.csproj]
C:\Program Files\dotnet\sdk\10.0.201\Microsoft.Common.CurrentVersion.targets(2451,5): warning MSB3277:             C:\Users\ultra\warewolf\Dev\Dev2.Scheduler\bin\Debug\net8.0\Dev2.Scheduler.dll [C:\Users\ultra\warewolf\Dev\Warewolf.ResourceManagement.Tests\Warewolf.ResourceManagement.Tests.csproj]
C:\Program Files\dotnet\sdk\10.0.201\Microsoft.Common.CurrentVersion.targets(2451,5): warning MSB3277:             C:\Users\ultra\warewolf\Dev\Dev2.Services.Execution\bin\Debug\net8.0\Dev2.Services.Execution.dll [C:\Users\ultra\warewolf\Dev\Warewolf.ResourceManagement.Tests\Warewolf.ResourceManagement.Tests.csproj]
C:\Program Files\dotnet\sdk\10.0.201\Microsoft.Common.CurrentVersion.targets(2451,5): warning MSB3277:             C:\Users\ultra\warewolf\Dev\Warewolf.Auditing\bin\Debug\net8.0\Warewolf.Auditing.dll [C:\Users\ultra\warewolf\Dev\Warewolf.ResourceManagement.Tests\Warewolf.ResourceManagement.Tests.csproj]
C:\Program Files\dotnet\sdk\10.0.201\Microsoft.Common.CurrentVersion.targets(2451,5): warning MSB3277:             C:\Users\ultra\warewolf\Dev\Warewolf.Common.NetStandard20\bin\Debug\net8.0\Warewolf.Common.NetStandard20.dll [C:\Users\ultra\warewolf\Dev\Warewolf.ResourceManagement.Tests\Warewolf.ResourceManagement.Tests.csproj]
C:\Program Files\dotnet\sdk\10.0.201\Microsoft.Common.CurrentVersion.targets(2451,5): warning MSB3277:             C:\Users\ultra\warewolf\Dev\Warewolf.Core\bin\Debug\net8.0\Warewolf.Core.dll [C:\Users\ultra\warewolf\Dev\Warewolf.ResourceManagement.Tests\Warewolf.ResourceManagement.Tests.csproj]
C:\Program Files\dotnet\sdk\10.0.201\Microsoft.Common.CurrentVersion.targets(2451,5): warning MSB3277:             C:\Users\ultra\warewolf\Dev\Warewolf.Driver.Persistence\bin\Debug\net8.0\Warewolf.Driver.Persistence.dll [C:\Users\ultra\warewolf\Dev\Warewolf.ResourceManagement.Tests\Warewolf.ResourceManagement.Tests.csproj]
C:\Program Files\dotnet\sdk\10.0.201\Microsoft.Common.CurrentVersion.targets(2451,5): warning MSB3277:             C:\Users\ultra\warewolf\Dev\Warewolf.Exchange.Email.Wrapper\bin\Debug\net8.0\Warewolf.Exchange.Email.Wrapper.dll [C:\Users\ultra\warewolf\Dev\Warewolf.ResourceManagement.Tests\Warewolf.ResourceManagement.Tests.csproj]
C:\Program Files\dotnet\sdk\10.0.201\Microsoft.Common.CurrentVersion.targets(2451,5): warning MSB3277:             C:\Users\ultra\.nuget\packages\dotnetzip\1.16.0\lib\netstandard2.0\DotNetZip.dll [C:\Users\ultra\warewolf\Dev\Warewolf.ResourceManagement.Tests\Warewolf.ResourceManagement.Tests.csproj]
C:\Program Files\dotnet\sdk\10.0.201\Microsoft.Common.CurrentVersion.targets(2451,5): warning MSB3277:             C:\Users\ultra\warewolf\Dev\Dev2.Common\bin\Debug\net8.0\Dev2.Common.dll [C:\Users\ultra\warewolf\Dev\Warewolf.ResourceManagement.Tests\Warewolf.ResourceManagement.Tests.csproj]
C:\Program Files\dotnet\sdk\10.0.201\Microsoft.Common.CurrentVersion.targets(2451,5): warning MSB3277:             C:\Users\ultra\warewolf\Dev\Dev2.Data.Interfaces\bin\Debug\net8.0\Dev2.Data.Interfaces.dll [C:\Users\ultra\warewolf\Dev\Warewolf.ResourceManagement.Tests\Warewolf.ResourceManagement.Tests.csproj]
C:\Program Files\dotnet\sdk\10.0.201\Microsoft.Common.CurrentVersion.targets(2451,5): warning MSB3277:             C:\Users\ultra\warewolf\Dev\Dev2.Development.Languages\bin\Debug\net8.0\Dev2.Development.Languages.dll [C:\Users\ultra\warewolf\Dev\Warewolf.ResourceManagement.Tests\Warewolf.ResourceManagement.Tests.csproj]
C:\Program Files\dotnet\sdk\10.0.201\Microsoft.Common.CurrentVersion.targets(2451,5): warning MSB3277:             C:\Users\ultra\warewolf\Dev\Dev2.Diagnostics\bin\Debug\net8.0\Dev2.Diagnostics.dll [C:\Users\ultra\warewolf\Dev\Warewolf.ResourceManagement.Tests\Warewolf.ResourceManagement.Tests.csproj]
C:\Program Files\dotnet\sdk\10.0.201\Microsoft.Common.CurrentVersion.targets(2451,5): warning MSB3277:             C:\Users\ultra\warewolf\Dev\Dev2.Infrastructure\bin\Debug\net8.0\Dev2.Infrastructure.dll [C:\Users\ultra\warewolf\Dev\Warewolf.ResourceManagement.Tests\Warewolf.ResourceManagement.Tests.csproj]
C:\Program Files\dotnet\sdk\10.0.201\Microsoft.Common.CurrentVersion.targets(2451,5): warning MSB3277:             C:\Users\ultra\warewolf\Dev\Dev2.Services.Sql\bin\Debug\net8.0\Dev2.Services.Sql.dll [C:\Users\ultra\warewolf\Dev\Warewolf.ResourceManagement.Tests\Warewolf.ResourceManagement.Tests.csproj]
C:\Program Files\dotnet\sdk\10.0.201\Microsoft.Common.CurrentVersion.targets(2451,5): warning MSB3277:             C:\Users\ultra\warewolf\Dev\Dev2.TaskScheduler.Wrappers\bin\Debug\net8.0\Dev2.TaskScheduler.Wrappers.dll [C:\Users\ultra\warewolf\Dev\Warewolf.ResourceManagement.Tests\Warewolf.ResourceManagement.Tests.csproj]
C:\Program Files\dotnet\sdk\10.0.201\Microsoft.Common.CurrentVersion.targets(2451,5): warning MSB3277:             C:\Users\ultra\warewolf\Dev\Dev2.Util\bin\Debug\net8.0\Dev2.Util.dll [C:\Users\ultra\warewolf\Dev\Warewolf.ResourceManagement.Tests\Warewolf.ResourceManagement.Tests.csproj]
C:\Program Files\dotnet\sdk\10.0.201\Microsoft.Common.CurrentVersion.targets(2451,5): warning MSB3277:             C:\Users\ultra\warewolf\Dev\Warewolf.AI.Harness\bin\Debug\net8.0\Warewolf.AI.Harness.dll [C:\Users\ultra\warewolf\Dev\Warewolf.ResourceManagement.Tests\Warewolf.ResourceManagement.Tests.csproj]
C:\Program Files\dotnet\sdk\10.0.201\Microsoft.Common.CurrentVersion.targets(2451,5): warning MSB3277:             C:\Users\ultra\warewolf\Dev\Warewolf.Driver.Serilog\bin\Debug\net8.0\Warewolf.Driver.Serilog.dll [C:\Users\ultra\warewolf\Dev\Warewolf.ResourceManagement.Tests\Warewolf.ResourceManagement.Tests.csproj]
C:\Program Files\dotnet\sdk\10.0.201\Microsoft.Common.CurrentVersion.targets(2451,5): warning MSB3277:             C:\Users\ultra\warewolf\Dev\Warewolf.Sharepoint\bin\Debug\net8.0\Warewolf.Sharepoint.dll [C:\Users\ultra\warewolf\Dev\Warewolf.ResourceManagement.Tests\Warewolf.ResourceManagement.Tests.csproj]
C:\Program Files\dotnet\sdk\10.0.201\Microsoft.Common.CurrentVersion.targets(2451,5): warning MSB3277:             C:\Users\ultra\warewolf\Dev\Warewolf.Storage\bin\Debug\net8.0\Warewolf.Storage.dll [C:\Users\ultra\warewolf\Dev\Warewolf.ResourceManagement.Tests\Warewolf.ResourceManagement.Tests.csproj]
C:\Program Files\dotnet\sdk\10.0.201\Microsoft.Common.CurrentVersion.targets(2451,5): warning MSB3277:             C:\Users\ultra\.nuget\packages\mindbox.data.linq\5.0.0\lib\netstandard2.0\Mindbox.Data.Linq.dll [C:\Users\ultra\warewolf\Dev\Warewolf.ResourceManagement.Tests\Warewolf.ResourceManagement.Tests.csproj]
C:\Program Files\dotnet\sdk\10.0.201\Microsoft.Common.CurrentVersion.targets(2451,5): warning MSB3277:             C:\Users\ultra\.nuget\packages\mysql.data\8.4.0\lib\net8.0\MySql.Data.dll [C:\Users\ultra\warewolf\Dev\Warewolf.ResourceManagement.Tests\Warewolf.ResourceManagement.Tests.csproj]
C:\Program Files\dotnet\sdk\10.0.201\Microsoft.Common.CurrentVersion.targets(2451,5): warning MSB3277:             C:\Users\ultra\.nuget\packages\oracle.manageddataaccess.core\3.21.70\lib\netstandard2.1\Oracle.ManagedDataAccess.dll [C:\Users\ultra\warewolf\Dev\Warewolf.ResourceManagement.Tests\Warewolf.ResourceManagement.Tests.csproj]
C:\Program Files\dotnet\sdk\10.0.201\Microsoft.Common.CurrentVersion.targets(2451,5): warning MSB3277:             C:\Users\ultra\.nuget\packages\system.directoryservices\6.0.0\lib\net6.0\System.DirectoryServices.dll [C:\Users\ultra\warewolf\Dev\Warewolf.ResourceManagement.Tests\Warewolf.ResourceManagement.Tests.csproj]
C:\Program Files\dotnet\sdk\10.0.201\Microsoft.Common.CurrentVersion.targets(2451,5): warning MSB3277:             C:\Users\ultra\.nuget\packages\corewcf.primitives\1.2.1\lib\netstandard2.0\CoreWCF.Primitives.dll [C:\Users\ultra\warewolf\Dev\Warewolf.ResourceManagement.Tests\Warewolf.ResourceManagement.Tests.csproj]
C:\Program Files\dotnet\sdk\10.0.201\Microsoft.Common.CurrentVersion.targets(2451,5): warning MSB3277:             C:\Users\ultra\.nuget\packages\corewcf.http\1.2.1\lib\netstandard2.0\CoreWCF.Http.dll [C:\Users\ultra\warewolf\Dev\Warewolf.ResourceManagement.Tests\Warewolf.ResourceManagement.Tests.csproj]
C:\Program Files\dotnet\sdk\10.0.201\Microsoft.Common.CurrentVersion.targets(2451,5): warning MSB3277:             C:\Users\ultra\.nuget\packages\corewcf.nettcp\1.2.1\lib\netstandard2.0\CoreWCF.NetTcp.dll [C:\Users\ultra\warewolf\Dev\Warewolf.ResourceManagement.Tests\Warewolf.ResourceManagement.Tests.csproj]
C:\Program Files\dotnet\sdk\10.0.201\Microsoft.Common.CurrentVersion.targets(2451,5): warning MSB3277:             C:\Users\ultra\.nuget\packages\corewcf.webhttp\1.2.1\lib\netstandard2.0\CoreWCF.WebHttp.dll [C:\Users\ultra\warewolf\Dev\Warewolf.ResourceManagement.Tests\Warewolf.ResourceManagement.Tests.csproj]
C:\Program Files\dotnet\sdk\10.0.201\Microsoft.Common.CurrentVersion.targets(2451,5): warning MSB3277:             C:\Program Files\dotnet\packs\Microsoft.NETCore.App.Ref\8.0.25\ref/net8.0/System.Configuration.dll [C:\Users\ultra\warewolf\Dev\Warewolf.ResourceManagement.Tests\Warewolf.ResourceManagement.Tests.csproj]
C:\Program Files\dotnet\sdk\10.0.201\Microsoft.Common.CurrentVersion.targets(2451,5): warning MSB3277:             C:\Program Files\dotnet\packs\Microsoft.NETCore.App.Ref\8.0.25\ref/net8.0/System.Data.dll [C:\Users\ultra\warewolf\Dev\Warewolf.ResourceManagement.Tests\Warewolf.ResourceManagement.Tests.csproj]
C:\Program Files\dotnet\sdk\10.0.201\Microsoft.Common.CurrentVersion.targets(2451,5): warning MSB3277:             C:\Users\ultra\.nuget\packages\taskschedulereditor\2.10.1\lib\net452\Microsoft.Win32.TaskSchedulerEditor.dll [C:\Users\ultra\warewolf\Dev\Warewolf.ResourceManagement.Tests\Warewolf.ResourceManagement.Tests.csproj]
C:\Program Files\dotnet\sdk\10.0.201\Microsoft.Common.CurrentVersion.targets(2451,5): warning MSB3277:             C:\Program Files\dotnet\packs\Microsoft.NETCore.App.Ref\8.0.25\ref/net8.0/System.Drawing.dll [C:\Users\ultra\warewolf\Dev\Warewolf.ResourceManagement.Tests\Warewolf.ResourceManagement.Tests.csproj]
C:\Program Files\dotnet\sdk\10.0.201\Microsoft.Common.CurrentVersion.targets(2451,5): warning MSB3277:             C:\Users\ultra\.nuget\packages\aerowizard\2.3.1\lib\net45\AeroWizard.dll [C:\Users\ultra\warewolf\Dev\Warewolf.ResourceManagement.Tests\Warewolf.ResourceManagement.Tests.csproj]
C:\Program Files\dotnet\sdk\10.0.201\Microsoft.Common.CurrentVersion.targets(2451,5): warning MSB3277:             C:\Users\ultra\.nuget\packages\groupcontrols\1.9.0\lib\net45\GroupControls.dll [C:\Users\ultra\warewolf\Dev\Warewolf.ResourceManagement.Tests\Warewolf.ResourceManagement.Tests.csproj]
C:\Program Files\dotnet\sdk\10.0.201\Microsoft.Common.CurrentVersion.targets(2451,5): warning MSB3277:             C:\Program Files\dotnet\packs\Microsoft.NETCore.App.Ref\8.0.25\ref/net8.0/System.Net.dll [C:\Users\ultra\warewolf\Dev\Warewolf.ResourceManagement.Tests\Warewolf.ResourceManagement.Tests.csproj]
C:\Program Files\dotnet\sdk\10.0.201\Microsoft.Common.CurrentVersion.targets(2451,5): warning MSB3277:             C:\Program Files\dotnet\packs\Microsoft.NETCore.App.Ref\8.0.25\ref/net8.0/System.Security.dll [C:\Users\ultra\warewolf\Dev\Warewolf.ResourceManagement.Tests\Warewolf.ResourceManagement.Tests.csproj]
C:\Program Files\dotnet\sdk\10.0.201\Microsoft.Common.CurrentVersion.targets(2451,5): warning MSB3277:             C:\Program Files\dotnet\packs\Microsoft.NETCore.App.Ref\8.0.25\ref/net8.0/System.ServiceProcess.dll [C:\Users\ultra\warewolf\Dev\Warewolf.ResourceManagement.Tests\Warewolf.ResourceManagement.Tests.csproj]
C:\Program Files\dotnet\sdk\10.0.201\Microsoft.Common.CurrentVersion.targets(2451,5): warning MSB3277:             C:\Program Files\dotnet\packs\Microsoft.NETCore.App.Ref\8.0.25\ref/net8.0/System.Transactions.dll [C:\Users\ultra\warewolf\Dev\Warewolf.ResourceManagement.Tests\Warewolf.ResourceManagement.Tests.csproj]
C:\Program Files\dotnet\sdk\10.0.201\Microsoft.Common.CurrentVersion.targets(2451,5): warning MSB3277:             C:\Program Files\dotnet\packs\Microsoft.NETCore.App.Ref\8.0.25\ref/net8.0/System.dll [C:\Users\ultra\warewolf\Dev\Warewolf.ResourceManagement.Tests\Warewolf.ResourceManagement.Tests.csproj]
C:\Program Files\dotnet\sdk\10.0.201\Microsoft.Common.CurrentVersion.targets(2451,5): warning MSB3277:             C:\Users\ultra\.nuget\packages\reactiveui.wpf\18.4.1\lib\net462\ReactiveUI.Wpf.dll [C:\Users\ultra\warewolf\Dev\Warewolf.ResourceManagement.Tests\Warewolf.ResourceManagement.Tests.csproj]
C:\Program Files\dotnet\sdk\10.0.201\Microsoft.Common.CurrentVersion.targets(2451,5): warning MSB3277:             C:\Users\ultra\.nuget\packages\ttcue.netcore.sharepointonline.csom.16.1.8029.1200\16.1.8029.1200\lib\netcoreapp2.0\Microsoft.SharePoint.Client.Runtime.Windows.dll [C:\Users\ultra\warewolf\Dev\Warewolf.ResourceManagement.Tests\Warewolf.ResourceManagement.Tests.csproj]
C:\Program Files\dotnet\sdk\10.0.201\Microsoft.Common.CurrentVersion.targets(2451,5): warning MSB3277:             C:\Program Files\dotnet\packs\Microsoft.NETCore.App.Ref\8.0.25\ref/net8.0/WindowsBase.dll [C:\Users\ultra\warewolf\Dev\Warewolf.ResourceManagement.Tests\Warewolf.ResourceManagement.Tests.csproj]
C:\Program Files\dotnet\sdk\10.0.201\Microsoft.Common.CurrentVersion.targets(2451,5): warning MSB3277:             C:\Program Files\dotnet\packs\Microsoft.NETCore.App.Ref\8.0.25\ref/net8.0/mscorlib.dll [C:\Users\ultra\warewolf\Dev\Warewolf.ResourceManagement.Tests\Warewolf.ResourceManagement.Tests.csproj]
C:\Program Files\dotnet\sdk\10.0.201\Microsoft.Common.CurrentVersion.targets(2451,5): warning MSB3277:             C:\Users\ultra\.nuget\packages\hangfire.core\1.7.32\lib\netstandard2.0\Hangfire.Core.dll [C:\Users\ultra\warewolf\Dev\Warewolf.ResourceManagement.Tests\Warewolf.ResourceManagement.Tests.csproj]
C:\Program Files\dotnet\sdk\10.0.201\Microsoft.Common.CurrentVersion.targets(2451,5): warning MSB3277:             C:\Users\ultra\.nuget\packages\hangfire.sqlserver\1.7.32\lib\netstandard2.0\Hangfire.SqlServer.dll [C:\Users\ultra\warewolf\Dev\Warewolf.ResourceManagement.Tests\Warewolf.ResourceManagement.Tests.csproj]
C:\Program Files\dotnet\sdk\10.0.201\Microsoft.Common.CurrentVersion.targets(2451,5): warning MSB3277:             C:\Users\ultra\.nuget\packages\microsoft.codecoverage\17.13.0\lib\netcoreapp3.1\Microsoft.VisualStudio.CodeCoverage.Shim.dll [C:\Users\ultra\warewolf\Dev\Warewolf.ResourceManagement.Tests\Warewolf.ResourceManagement.Tests.csproj]
C:\Program Files\dotnet\sdk\10.0.201\Microsoft.Common.CurrentVersion.targets(2451,5): warning MSB3277:         C:\Program Files\dotnet\packs\Microsoft.NETCore.App.Ref\8.0.25\ref\net8.0\System.Drawing.dll [C:\Users\ultra\warewolf\Dev\Warewolf.ResourceManagement.Tests\Warewolf.ResourceManagement.Tests.csproj]
C:\Program Files\dotnet\sdk\10.0.201\Microsoft.Common.CurrentVersion.targets(2451,5): warning MSB3277:           Project file item includes which caused reference "C:\Program Files\dotnet\packs\Microsoft.NETCore.App.Ref\8.0.25\ref\net8.0\System.Drawing.dll". [C:\Users\ultra\warewolf\Dev\Warewolf.ResourceManagement.Tests\Warewolf.ResourceManagement.Tests.csproj]
C:\Program Files\dotnet\sdk\10.0.201\Microsoft.Common.CurrentVersion.targets(2451,5): warning MSB3277:             C:\Program Files\dotnet\packs\Microsoft.NETCore.App.Ref\8.0.25\ref/net8.0/System.Drawing.dll [C:\Users\ultra\warewolf\Dev\Warewolf.ResourceManagement.Tests\Warewolf.ResourceManagement.Tests.csproj]
C:\Program Files\dotnet\sdk\10.0.201\Microsoft.Common.CurrentVersion.targets(2451,5): warning MSB3277:             C:\Users\ultra\.nuget\packages\aerowizard\2.3.1\lib\net45\AeroWizard.dll [C:\Users\ultra\warewolf\Dev\Warewolf.ResourceManagement.Tests\Warewolf.ResourceManagement.Tests.csproj]
C:\Program Files\dotnet\sdk\10.0.201\Microsoft.Common.CurrentVersion.targets(2451,5): warning MSB3277:             C:\Users\ultra\.nuget\packages\groupcontrols\1.9.0\lib\net45\GroupControls.dll [C:\Users\ultra\warewolf\Dev\Warewolf.ResourceManagement.Tests\Warewolf.ResourceManagement.Tests.csproj]
C:\Program Files\dotnet\sdk\10.0.201\Microsoft.Common.CurrentVersion.targets(2451,5): warning MSB3277:             C:\Users\ultra\.nuget\packages\taskschedulereditor\2.10.1\lib\net452\Microsoft.Win32.TaskSchedulerEditor.dll [C:\Users\ultra\warewolf\Dev\Warewolf.ResourceManagement.Tests\Warewolf.ResourceManagement.Tests.csproj]
  Warewolf.ResourceManagement.Tests -> C:\Users\ultra\warewolf\Dev\Warewolf.ResourceManagement.Tests\bin\Debug\net8.0\linux-x64\Warewolf.ResourceManagement.Tests.dll
  Warewolf.ResourceManagement.Tests -> C:\Users\ultra\warewolf\Bin\ServerTests-Linux\Warewolf.ResourceManagement.Tests\
Publishing Warewolf.Storage.Tests for linux-x64...
  Determining projects to restore...
C:\Users\ultra\warewolf\Dev\Warewolf.Language.Parser\Warewolf.Language.Parser.fsproj : warning NU1504: Duplicate 'PackageReference' items found. Remove the duplicate items or use the Update functionality to ensure a consistent restore behavior. The duplicate 'PackageReference' items are: FSharp.Core 10.1.201, FSharp.Core 4.6.2.
C:\Users\ultra\warewolf\Dev\Warewolf.Data\Warewolf.Data.csproj : warning NU1701: Package 'AeroWizard 2.3.1' was restored using '.NETFramework,Version=v4.6.1, .NETFramework,Version=v4.6.2, .NETFramework,Version=v4.7, .NETFramework,Version=v4.7.1, .NETFramework,Version=v4.7.2, .NETFramework,Version=v4.8, .NETFramework,Version=v4.8.1' instead of the project target framework 'net8.0'. This package may not be fully compatible with your project. [C:\Users\ultra\warewolf\Dev\Warewolf.Storage.Tests\Warewolf.Storage.Tests.csproj]
C:\Users\ultra\warewolf\Dev\Dev2.Runtime.Services\Dev2.Runtime.Services.csproj : warning NU1902: Package 'MessagePack' 2.4.59 has a known moderate severity vulnerability, https://github.com/advisories/GHSA-4qm4-8hg2-g2xm [C:\Users\ultra\warewolf\Dev\Warewolf.Storage.Tests\Warewolf.Storage.Tests.csproj]
C:\Users\ultra\warewolf\Dev\Dev2.Runtime.Configuration\Dev2.Runtime.Configuration.csproj : warning NU1903: Package 'Microsoft.Windows.Compatibility' 6.0.0 has a known high severity vulnerability, https://github.com/advisories/GHSA-555c-2p6r-68mm [C:\Users\ultra\warewolf\Dev\Warewolf.Storage.Tests\Warewolf.Storage.Tests.csproj]
C:\Users\ultra\warewolf\Dev\Dev2.TaskScheduler.Wrappers\Dev2.TaskScheduler.Wrappers.csproj : warning NU1701: Package 'AeroWizard 2.3.1' was restored using '.NETFramework,Version=v4.6.1, .NETFramework,Version=v4.6.2, .NETFramework,Version=v4.7, .NETFramework,Version=v4.7.1, .NETFramework,Version=v4.7.2, .NETFramework,Version=v4.8, .NETFramework,Version=v4.8.1' instead of the project target framework 'net8.0'. This package may not be fully compatible with your project. [C:\Users\ultra\warewolf\Dev\Warewolf.Storage.Tests\Warewolf.Storage.Tests.csproj]
C:\Users\ultra\warewolf\Dev\Dev2.Scheduler\Dev2.Scheduler.csproj : warning NU1701: Package 'AeroWizard 2.3.1' was restored using '.NETFramework,Version=v4.6.1, .NETFramework,Version=v4.6.2, .NETFramework,Version=v4.7, .NETFramework,Version=v4.7.1, .NETFramework,Version=v4.7.2, .NETFramework,Version=v4.8, .NETFramework,Version=v4.8.1' instead of the project target framework 'net8.0'. This package may not be fully compatible with your project. [C:\Users\ultra\warewolf\Dev\Warewolf.Storage.Tests\Warewolf.Storage.Tests.csproj]
C:\Users\ultra\warewolf\Dev\Dev2.Runtime.Configuration\Dev2.Runtime.Configuration.csproj : warning NU1701: Package 'AeroWizard 2.3.1' was restored using '.NETFramework,Version=v4.6.1, .NETFramework,Version=v4.6.2, .NETFramework,Version=v4.7, .NETFramework,Version=v4.7.1, .NETFramework,Version=v4.7.2, .NETFramework,Version=v4.8, .NETFramework,Version=v4.8.1' instead of the project target framework 'net8.0'. This package may not be fully compatible with your project. [C:\Users\ultra\warewolf\Dev\Warewolf.Storage.Tests\Warewolf.Storage.Tests.csproj]
C:\Users\ultra\warewolf\Dev\Dev2.Runtime.Services\Dev2.Runtime.Services.csproj : warning NU1903: Package 'Microsoft.Windows.Compatibility' 6.0.0 has a known high severity vulnerability, https://github.com/advisories/GHSA-555c-2p6r-68mm [C:\Users\ultra\warewolf\Dev\Warewolf.Storage.Tests\Warewolf.Storage.Tests.csproj]
C:\Users\ultra\warewolf\Dev\Warewolf.Data\Warewolf.Data.csproj : warning NU1701: Package 'GroupControls 1.9.0' was restored using '.NETFramework,Version=v4.6.1, .NETFramework,Version=v4.6.2, .NETFramework,Version=v4.7, .NETFramework,Version=v4.7.1, .NETFramework,Version=v4.7.2, .NETFramework,Version=v4.8, .NETFramework,Version=v4.8.1' instead of the project target framework 'net8.0'. This package may not be fully compatible with your project. [C:\Users\ultra\warewolf\Dev\Warewolf.Storage.Tests\Warewolf.Storage.Tests.csproj]
C:\Users\ultra\warewolf\Dev\Dev2.TaskScheduler.Wrappers\Dev2.TaskScheduler.Wrappers.csproj : warning NU1701: Package 'GroupControls 1.9.0' was restored using '.NETFramework,Version=v4.6.1, .NETFramework,Version=v4.6.2, .NETFramework,Version=v4.7, .NETFramework,Version=v4.7.1, .NETFramework,Version=v4.7.2, .NETFramework,Version=v4.8, .NETFramework,Version=v4.8.1' instead of the project target framework 'net8.0'. This package may not be fully compatible with your project. [C:\Users\ultra\warewolf\Dev\Warewolf.Storage.Tests\Warewolf.Storage.Tests.csproj]
C:\Users\ultra\warewolf\Dev\Dev2.Runtime.Configuration\Dev2.Runtime.Configuration.csproj : warning NU1701: Package 'GroupControls 1.9.0' was restored using '.NETFramework,Version=v4.6.1, .NETFramework,Version=v4.6.2, .NETFramework,Version=v4.7, .NETFramework,Version=v4.7.1, .NETFramework,Version=v4.7.2, .NETFramework,Version=v4.8, .NETFramework,Version=v4.8.1' instead of the project target framework 'net8.0'. This package may not be fully compatible with your project. [C:\Users\ultra\warewolf\Dev\Warewolf.Storage.Tests\Warewolf.Storage.Tests.csproj]
C:\Users\ultra\warewolf\Dev\Dev2.Runtime.Services\Dev2.Runtime.Services.csproj : warning NU1701: Package 'AeroWizard 2.3.1' was restored using '.NETFramework,Version=v4.6.1, .NETFramework,Version=v4.6.2, .NETFramework,Version=v4.7, .NETFramework,Version=v4.7.1, .NETFramework,Version=v4.7.2, .NETFramework,Version=v4.8, .NETFramework,Version=v4.8.1' instead of the project target framework 'net8.0'. This package may not be fully compatible with your project. [C:\Users\ultra\warewolf\Dev\Warewolf.Storage.Tests\Warewolf.Storage.Tests.csproj]
C:\Users\ultra\warewolf\Dev\Dev2.TaskScheduler.Wrappers\Dev2.TaskScheduler.Wrappers.csproj : warning NU1701: Package 'TaskSchedulerEditor 2.10.1' was restored using '.NETFramework,Version=v4.6.1, .NETFramework,Version=v4.6.2, .NETFramework,Version=v4.7, .NETFramework,Version=v4.7.1, .NETFramework,Version=v4.7.2, .NETFramework,Version=v4.8, .NETFramework,Version=v4.8.1' instead of the project target framework 'net8.0'. This package may not be fully compatible with your project. [C:\Users\ultra\warewolf\Dev\Warewolf.Storage.Tests\Warewolf.Storage.Tests.csproj]
C:\Users\ultra\warewolf\Dev\Dev2.Runtime.Configuration\Dev2.Runtime.Configuration.csproj : warning NU1701: Package 'TaskSchedulerEditor 2.10.1' was restored using '.NETFramework,Version=v4.6.1, .NETFramework,Version=v4.6.2, .NETFramework,Version=v4.7, .NETFramework,Version=v4.7.1, .NETFramework,Version=v4.7.2, .NETFramework,Version=v4.8, .NETFramework,Version=v4.8.1' instead of the project target framework 'net8.0'. This package may not be fully compatible with your project. [C:\Users\ultra\warewolf\Dev\Warewolf.Storage.Tests\Warewolf.Storage.Tests.csproj]
C:\Users\ultra\warewolf\Dev\Dev2.Runtime.Services\Dev2.Runtime.Services.csproj : warning NU1701: Package 'GroupControls 1.9.0' was restored using '.NETFramework,Version=v4.6.1, .NETFramework,Version=v4.6.2, .NETFramework,Version=v4.7, .NETFramework,Version=v4.7.1, .NETFramework,Version=v4.7.2, .NETFramework,Version=v4.8, .NETFramework,Version=v4.8.1' instead of the project target framework 'net8.0'. This package may not be fully compatible with your project. [C:\Users\ultra\warewolf\Dev\Warewolf.Storage.Tests\Warewolf.Storage.Tests.csproj]
C:\Users\ultra\warewolf\Dev\Warewolf.Data\Warewolf.Data.csproj : warning NU1701: Package 'TaskSchedulerEditor 2.10.1' was restored using '.NETFramework,Version=v4.6.1, .NETFramework,Version=v4.6.2, .NETFramework,Version=v4.7, .NETFramework,Version=v4.7.1, .NETFramework,Version=v4.7.2, .NETFramework,Version=v4.8, .NETFramework,Version=v4.8.1' instead of the project target framework 'net8.0'. This package may not be fully compatible with your project. [C:\Users\ultra\warewolf\Dev\Warewolf.Storage.Tests\Warewolf.Storage.Tests.csproj]
C:\Users\ultra\warewolf\Dev\Dev2.Core\Dev2.Core.csproj : warning NU1903: Package 'Microsoft.Windows.Compatibility' 6.0.0 has a known high severity vulnerability, https://github.com/advisories/GHSA-555c-2p6r-68mm [C:\Users\ultra\warewolf\Dev\Warewolf.Storage.Tests\Warewolf.Storage.Tests.csproj]
C:\Users\ultra\warewolf\Dev\Dev2.Scheduler\Dev2.Scheduler.csproj : warning NU1701: Package 'GroupControls 1.9.0' was restored using '.NETFramework,Version=v4.6.1, .NETFramework,Version=v4.6.2, .NETFramework,Version=v4.7, .NETFramework,Version=v4.7.1, .NETFramework,Version=v4.7.2, .NETFramework,Version=v4.8, .NETFramework,Version=v4.8.1' instead of the project target framework 'net8.0'. This package may not be fully compatible with your project. [C:\Users\ultra\warewolf\Dev\Warewolf.Storage.Tests\Warewolf.Storage.Tests.csproj]
C:\Users\ultra\warewolf\Dev\Dev2.Runtime.Services\Dev2.Runtime.Services.csproj : warning NU1701: Package 'ReactiveUI.WPF 18.4.1' was restored using '.NETFramework,Version=v4.6.1, .NETFramework,Version=v4.6.2, .NETFramework,Version=v4.7, .NETFramework,Version=v4.7.1, .NETFramework,Version=v4.7.2, .NETFramework,Version=v4.8, .NETFramework,Version=v4.8.1' instead of the project target framework 'net8.0'. This package may not be fully compatible with your project. [C:\Users\ultra\warewolf\Dev\Warewolf.Storage.Tests\Warewolf.Storage.Tests.csproj]
C:\Users\ultra\warewolf\Dev\Dev2.Scheduler\Dev2.Scheduler.csproj : warning NU1701: Package 'ReactiveUI.WPF 18.4.1' was restored using '.NETFramework,Version=v4.6.1, .NETFramework,Version=v4.6.2, .NETFramework,Version=v4.7, .NETFramework,Version=v4.7.1, .NETFramework,Version=v4.7.2, .NETFramework,Version=v4.8, .NETFramework,Version=v4.8.1' instead of the project target framework 'net8.0'. This package may not be fully compatible with your project. [C:\Users\ultra\warewolf\Dev\Warewolf.Storage.Tests\Warewolf.Storage.Tests.csproj]
C:\Users\ultra\warewolf\Dev\Dev2.Runtime.Services\Dev2.Runtime.Services.csproj : warning NU1701: Package 'TaskSchedulerEditor 2.10.1' was restored using '.NETFramework,Version=v4.6.1, .NETFramework,Version=v4.6.2, .NETFramework,Version=v4.7, .NETFramework,Version=v4.7.1, .NETFramework,Version=v4.7.2, .NETFramework,Version=v4.8, .NETFramework,Version=v4.8.1' instead of the project target framework 'net8.0'. This package may not be fully compatible with your project. [C:\Users\ultra\warewolf\Dev\Warewolf.Storage.Tests\Warewolf.Storage.Tests.csproj]
C:\Users\ultra\warewolf\Dev\Dev2.Scheduler\Dev2.Scheduler.csproj : warning NU1701: Package 'TaskSchedulerEditor 2.10.1' was restored using '.NETFramework,Version=v4.6.1, .NETFramework,Version=v4.6.2, .NETFramework,Version=v4.7, .NETFramework,Version=v4.7.1, .NETFramework,Version=v4.7.2, .NETFramework,Version=v4.8, .NETFramework,Version=v4.8.1' instead of the project target framework 'net8.0'. This package may not be fully compatible with your project. [C:\Users\ultra\warewolf\Dev\Warewolf.Storage.Tests\Warewolf.Storage.Tests.csproj]
C:\Users\ultra\warewolf\Dev\Warewolf.Licensing\Warewolf.Licensing.csproj : warning NU1701: Package 'AeroWizard 2.3.1' was restored using '.NETFramework,Version=v4.6.1, .NETFramework,Version=v4.6.2, .NETFramework,Version=v4.7, .NETFramework,Version=v4.7.1, .NETFramework,Version=v4.7.2, .NETFramework,Version=v4.8, .NETFramework,Version=v4.8.1' instead of the project target framework 'net8.0'. This package may not be fully compatible with your project. [C:\Users\ultra\warewolf\Dev\Warewolf.Storage.Tests\Warewolf.Storage.Tests.csproj]
C:\Users\ultra\warewolf\Dev\Dev2.Core\Dev2.Core.csproj : warning NU1701: Package 'AeroWizard 2.3.1' was restored using '.NETFramework,Version=v4.6.1, .NETFramework,Version=v4.6.2, .NETFramework,Version=v4.7, .NETFramework,Version=v4.7.1, .NETFramework,Version=v4.7.2, .NETFramework,Version=v4.8, .NETFramework,Version=v4.8.1' instead of the project target framework 'net8.0'. This package may not be fully compatible with your project. [C:\Users\ultra\warewolf\Dev\Warewolf.Storage.Tests\Warewolf.Storage.Tests.csproj]
C:\Users\ultra\warewolf\Dev\Dev2.Core\Dev2.Core.csproj : warning NU1701: Package 'GroupControls 1.9.0' was restored using '.NETFramework,Version=v4.6.1, .NETFramework,Version=v4.6.2, .NETFramework,Version=v4.7, .NETFramework,Version=v4.7.1, .NETFramework,Version=v4.7.2, .NETFramework,Version=v4.8, .NETFramework,Version=v4.8.1' instead of the project target framework 'net8.0'. This package may not be fully compatible with your project. [C:\Users\ultra\warewolf\Dev\Warewolf.Storage.Tests\Warewolf.Storage.Tests.csproj]
C:\Users\ultra\warewolf\Dev\Dev2.Core\Dev2.Core.csproj : warning NU1701: Package 'ReactiveUI.WPF 18.4.1' was restored using '.NETFramework,Version=v4.6.1, .NETFramework,Version=v4.6.2, .NETFramework,Version=v4.7, .NETFramework,Version=v4.7.1, .NETFramework,Version=v4.7.2, .NETFramework,Version=v4.8, .NETFramework,Version=v4.8.1' instead of the project target framework 'net8.0'. This package may not be fully compatible with your project. [C:\Users\ultra\warewolf\Dev\Warewolf.Storage.Tests\Warewolf.Storage.Tests.csproj]
C:\Users\ultra\warewolf\Dev\Dev2.Services.Sql\Dev2.Services.Sql.csproj : warning NU1903: Package 'Oracle.ManagedDataAccess.Core' 3.21.70 has a known high severity vulnerability, https://github.com/advisories/GHSA-5pm2-9mr2-3frq [C:\Users\ultra\warewolf\Dev\Warewolf.Storage.Tests\Warewolf.Storage.Tests.csproj]
C:\Users\ultra\warewolf\Dev\Warewolf.Licensing\Warewolf.Licensing.csproj : warning NU1701: Package 'GroupControls 1.9.0' was restored using '.NETFramework,Version=v4.6.1, .NETFramework,Version=v4.6.2, .NETFramework,Version=v4.7, .NETFramework,Version=v4.7.1, .NETFramework,Version=v4.7.2, .NETFramework,Version=v4.8, .NETFramework,Version=v4.8.1' instead of the project target framework 'net8.0'. This package may not be fully compatible with your project. [C:\Users\ultra\warewolf\Dev\Warewolf.Storage.Tests\Warewolf.Storage.Tests.csproj]
C:\Users\ultra\warewolf\Dev\Dev2.Core\Dev2.Core.csproj : warning NU1701: Package 'TaskSchedulerEditor 2.10.1' was restored using '.NETFramework,Version=v4.6.1, .NETFramework,Version=v4.6.2, .NETFramework,Version=v4.7, .NETFramework,Version=v4.7.1, .NETFramework,Version=v4.7.2, .NETFramework,Version=v4.8, .NETFramework,Version=v4.8.1' instead of the project target framework 'net8.0'. This package may not be fully compatible with your project. [C:\Users\ultra\warewolf\Dev\Warewolf.Storage.Tests\Warewolf.Storage.Tests.csproj]
C:\Users\ultra\warewolf\Dev\Warewolf.Licensing\Warewolf.Licensing.csproj : warning NU1701: Package 'TaskSchedulerEditor 2.10.1' was restored using '.NETFramework,Version=v4.6.1, .NETFramework,Version=v4.6.2, .NETFramework,Version=v4.7, .NETFramework,Version=v4.7.1, .NETFramework,Version=v4.7.2, .NETFramework,Version=v4.8, .NETFramework,Version=v4.8.1' instead of the project target framework 'net8.0'. This package may not be fully compatible with your project. [C:\Users\ultra\warewolf\Dev\Warewolf.Storage.Tests\Warewolf.Storage.Tests.csproj]
C:\Users\ultra\warewolf\Dev\Dev2.Services.Sql\Dev2.Services.Sql.csproj : warning NU1701: Package 'AeroWizard 2.3.1' was restored using '.NETFramework,Version=v4.6.1, .NETFramework,Version=v4.6.2, .NETFramework,Version=v4.7, .NETFramework,Version=v4.7.1, .NETFramework,Version=v4.7.2, .NETFramework,Version=v4.8, .NETFramework,Version=v4.8.1' instead of the project target framework 'net8.0'. This package may not be fully compatible with your project. [C:\Users\ultra\warewolf\Dev\Warewolf.Storage.Tests\Warewolf.Storage.Tests.csproj]
C:\Users\ultra\warewolf\Dev\Dev2.Services.Sql\Dev2.Services.Sql.csproj : warning NU1701: Package 'GroupControls 1.9.0' was restored using '.NETFramework,Version=v4.6.1, .NETFramework,Version=v4.6.2, .NETFramework,Version=v4.7, .NETFramework,Version=v4.7.1, .NETFramework,Version=v4.7.2, .NETFramework,Version=v4.8, .NETFramework,Version=v4.8.1' instead of the project target framework 'net8.0'. This package may not be fully compatible with your project. [C:\Users\ultra\warewolf\Dev\Warewolf.Storage.Tests\Warewolf.Storage.Tests.csproj]
C:\Users\ultra\warewolf\Dev\Dev2.Services.Sql\Dev2.Services.Sql.csproj : warning NU1701: Package 'ReactiveUI.WPF 18.4.1' was restored using '.NETFramework,Version=v4.6.1, .NETFramework,Version=v4.6.2, .NETFramework,Version=v4.7, .NETFramework,Version=v4.7.1, .NETFramework,Version=v4.7.2, .NETFramework,Version=v4.8, .NETFramework,Version=v4.8.1' instead of the project target framework 'net8.0'. This package may not be fully compatible with your project. [C:\Users\ultra\warewolf\Dev\Warewolf.Storage.Tests\Warewolf.Storage.Tests.csproj]
C:\Users\ultra\warewolf\Dev\Dev2.Services.Sql\Dev2.Services.Sql.csproj : warning NU1701: Package 'TaskSchedulerEditor 2.10.1' was restored using '.NETFramework,Version=v4.6.1, .NETFramework,Version=v4.6.2, .NETFramework,Version=v4.7, .NETFramework,Version=v4.7.1, .NETFramework,Version=v4.7.2, .NETFramework,Version=v4.8, .NETFramework,Version=v4.8.1' instead of the project target framework 'net8.0'. This package may not be fully compatible with your project. [C:\Users\ultra\warewolf\Dev\Warewolf.Storage.Tests\Warewolf.Storage.Tests.csproj]
C:\Users\ultra\warewolf\Dev\Warewolf.Core\Warewolf.Core.csproj : warning NU1903: Package 'Microsoft.Windows.Compatibility' 6.0.0 has a known high severity vulnerability, https://github.com/advisories/GHSA-555c-2p6r-68mm [C:\Users\ultra\warewolf\Dev\Warewolf.Storage.Tests\Warewolf.Storage.Tests.csproj]
C:\Users\ultra\warewolf\Dev\Warewolf.Core\Warewolf.Core.csproj : warning NU1701: Package 'AeroWizard 2.3.1' was restored using '.NETFramework,Version=v4.6.1, .NETFramework,Version=v4.6.2, .NETFramework,Version=v4.7, .NETFramework,Version=v4.7.1, .NETFramework,Version=v4.7.2, .NETFramework,Version=v4.8, .NETFramework,Version=v4.8.1' instead of the project target framework 'net8.0'. This package may not be fully compatible with your project. [C:\Users\ultra\warewolf\Dev\Warewolf.Storage.Tests\Warewolf.Storage.Tests.csproj]
C:\Users\ultra\warewolf\Dev\Warewolf.Core\Warewolf.Core.csproj : warning NU1701: Package 'GroupControls 1.9.0' was restored using '.NETFramework,Version=v4.6.1, .NETFramework,Version=v4.6.2, .NETFramework,Version=v4.7, .NETFramework,Version=v4.7.1, .NETFramework,Version=v4.7.2, .NETFramework,Version=v4.8, .NETFramework,Version=v4.8.1' instead of the project target framework 'net8.0'. This package may not be fully compatible with your project. [C:\Users\ultra\warewolf\Dev\Warewolf.Storage.Tests\Warewolf.Storage.Tests.csproj]
C:\Users\ultra\warewolf\Dev\Warewolf.Core\Warewolf.Core.csproj : warning NU1701: Package 'ReactiveUI.WPF 18.4.1' was restored using '.NETFramework,Version=v4.6.1, .NETFramework,Version=v4.6.2, .NETFramework,Version=v4.7, .NETFramework,Version=v4.7.1, .NETFramework,Version=v4.7.2, .NETFramework,Version=v4.8, .NETFramework,Version=v4.8.1' instead of the project target framework 'net8.0'. This package may not be fully compatible with your project. [C:\Users\ultra\warewolf\Dev\Warewolf.Storage.Tests\Warewolf.Storage.Tests.csproj]
C:\Users\ultra\warewolf\Dev\Dev2.Studio.Interfaces\Dev2.Studio.Interfaces.csproj : warning NU1701: Package 'AeroWizard 2.3.1' was restored using '.NETFramework,Version=v4.6.1, .NETFramework,Version=v4.6.2, .NETFramework,Version=v4.7, .NETFramework,Version=v4.7.1, .NETFramework,Version=v4.7.2, .NETFramework,Version=v4.8, .NETFramework,Version=v4.8.1' instead of the project target framework 'net8.0'. This package may not be fully compatible with your project. [C:\Users\ultra\warewolf\Dev\Warewolf.Storage.Tests\Warewolf.Storage.Tests.csproj]
C:\Users\ultra\warewolf\Dev\Warewolf.Core\Warewolf.Core.csproj : warning NU1701: Package 'TaskSchedulerEditor 2.10.1' was restored using '.NETFramework,Version=v4.6.1, .NETFramework,Version=v4.6.2, .NETFramework,Version=v4.7, .NETFramework,Version=v4.7.1, .NETFramework,Version=v4.7.2, .NETFramework,Version=v4.8, .NETFramework,Version=v4.8.1' instead of the project target framework 'net8.0'. This package may not be fully compatible with your project. [C:\Users\ultra\warewolf\Dev\Warewolf.Storage.Tests\Warewolf.Storage.Tests.csproj]
C:\Users\ultra\warewolf\Dev\Dev2.Studio.Interfaces\Dev2.Studio.Interfaces.csproj : warning NU1701: Package 'GroupControls 1.9.0' was restored using '.NETFramework,Version=v4.6.1, .NETFramework,Version=v4.6.2, .NETFramework,Version=v4.7, .NETFramework,Version=v4.7.1, .NETFramework,Version=v4.7.2, .NETFramework,Version=v4.8, .NETFramework,Version=v4.8.1' instead of the project target framework 'net8.0'. This package may not be fully compatible with your project. [C:\Users\ultra\warewolf\Dev\Warewolf.Storage.Tests\Warewolf.Storage.Tests.csproj]
C:\Users\ultra\warewolf\Dev\Dev2.Studio.Interfaces\Dev2.Studio.Interfaces.csproj : warning NU1701: Package 'Microsoft.Xaml.Behaviors.Wpf 1.1.122' was restored using '.NETFramework,Version=v4.6.1, .NETFramework,Version=v4.6.2, .NETFramework,Version=v4.7, .NETFramework,Version=v4.7.1, .NETFramework,Version=v4.7.2, .NETFramework,Version=v4.8, .NETFramework,Version=v4.8.1' instead of the project target framework 'net8.0'. This package may not be fully compatible with your project. [C:\Users\ultra\warewolf\Dev\Warewolf.Storage.Tests\Warewolf.Storage.Tests.csproj]
C:\Users\ultra\warewolf\Dev\Dev2.Studio.Interfaces\Dev2.Studio.Interfaces.csproj : warning NU1701: Package 'Prism.Wpf 9.0.537' was restored using '.NETFramework,Version=v4.6.1, .NETFramework,Version=v4.6.2, .NETFramework,Version=v4.7, .NETFramework,Version=v4.7.1, .NETFramework,Version=v4.7.2, .NETFramework,Version=v4.8, .NETFramework,Version=v4.8.1' instead of the project target framework 'net8.0'. This package may not be fully compatible with your project. [C:\Users\ultra\warewolf\Dev\Warewolf.Storage.Tests\Warewolf.Storage.Tests.csproj]
C:\Users\ultra\warewolf\Dev\Dev2.Studio.Interfaces\Dev2.Studio.Interfaces.csproj : warning NU1701: Package 'ReactiveUI.WPF 18.4.1' was restored using '.NETFramework,Version=v4.6.1, .NETFramework,Version=v4.6.2, .NETFramework,Version=v4.7, .NETFramework,Version=v4.7.1, .NETFramework,Version=v4.7.2, .NETFramework,Version=v4.8, .NETFramework,Version=v4.8.1' instead of the project target framework 'net8.0'. This package may not be fully compatible with your project. [C:\Users\ultra\warewolf\Dev\Warewolf.Storage.Tests\Warewolf.Storage.Tests.csproj]
C:\Users\ultra\warewolf\Dev\Dev2.Studio.Interfaces\Dev2.Studio.Interfaces.csproj : warning NU1701: Package 'TaskSchedulerEditor 2.10.1' was restored using '.NETFramework,Version=v4.6.1, .NETFramework,Version=v4.6.2, .NETFramework,Version=v4.7, .NETFramework,Version=v4.7.1, .NETFramework,Version=v4.7.2, .NETFramework,Version=v4.8, .NETFramework,Version=v4.8.1' instead of the project target framework 'net8.0'. This package may not be fully compatible with your project. [C:\Users\ultra\warewolf\Dev\Warewolf.Storage.Tests\Warewolf.Storage.Tests.csproj]
C:\Users\ultra\warewolf\Dev\Warewolf.Storage\Warewolf.Storage.csproj : warning NU1701: Package 'AeroWizard 2.3.1' was restored using '.NETFramework,Version=v4.6.1, .NETFramework,Version=v4.6.2, .NETFramework,Version=v4.7, .NETFramework,Version=v4.7.1, .NETFramework,Version=v4.7.2, .NETFramework,Version=v4.8, .NETFramework,Version=v4.8.1' instead of the project target framework 'net8.0'. This package may not be fully compatible with your project. [C:\Users\ultra\warewolf\Dev\Warewolf.Storage.Tests\Warewolf.Storage.Tests.csproj]
C:\Users\ultra\warewolf\Dev\Warewolf.Storage\Warewolf.Storage.csproj : warning NU1701: Package 'GroupControls 1.9.0' was restored using '.NETFramework,Version=v4.6.1, .NETFramework,Version=v4.6.2, .NETFramework,Version=v4.7, .NETFramework,Version=v4.7.1, .NETFramework,Version=v4.7.2, .NETFramework,Version=v4.8, .NETFramework,Version=v4.8.1' instead of the project target framework 'net8.0'. This package may not be fully compatible with your project. [C:\Users\ultra\warewolf\Dev\Warewolf.Storage.Tests\Warewolf.Storage.Tests.csproj]
C:\Users\ultra\warewolf\Dev\Warewolf.Storage\Warewolf.Storage.csproj : warning NU1701: Package 'ReactiveUI.WPF 18.4.1' was restored using '.NETFramework,Version=v4.6.1, .NETFramework,Version=v4.6.2, .NETFramework,Version=v4.7, .NETFramework,Version=v4.7.1, .NETFramework,Version=v4.7.2, .NETFramework,Version=v4.8, .NETFramework,Version=v4.8.1' instead of the project target framework 'net8.0'. This package may not be fully compatible with your project. [C:\Users\ultra\warewolf\Dev\Warewolf.Storage.Tests\Warewolf.Storage.Tests.csproj]
C:\Users\ultra\warewolf\Dev\Warewolf.Storage\Warewolf.Storage.csproj : warning NU1701: Package 'TaskSchedulerEditor 2.10.1' was restored using '.NETFramework,Version=v4.6.1, .NETFramework,Version=v4.6.2, .NETFramework,Version=v4.7, .NETFramework,Version=v4.7.1, .NETFramework,Version=v4.7.2, .NETFramework,Version=v4.8, .NETFramework,Version=v4.8.1' instead of the project target framework 'net8.0'. This package may not be fully compatible with your project. [C:\Users\ultra\warewolf\Dev\Warewolf.Storage.Tests\Warewolf.Storage.Tests.csproj]
C:\Users\ultra\warewolf\Dev\Dev2.Common.Interfaces\Dev2.Common.Interfaces.csproj : warning NU1903: Package 'Microsoft.Windows.Compatibility' 6.0.0 has a known high severity vulnerability, https://github.com/advisories/GHSA-555c-2p6r-68mm [C:\Users\ultra\warewolf\Dev\Warewolf.Storage.Tests\Warewolf.Storage.Tests.csproj]
C:\Users\ultra\warewolf\Dev\Dev2.Common.Interfaces\Dev2.Common.Interfaces.csproj : warning NU1701: Package 'AeroWizard 2.3.1' was restored using '.NETFramework,Version=v4.6.1, .NETFramework,Version=v4.6.2, .NETFramework,Version=v4.7, .NETFramework,Version=v4.7.1, .NETFramework,Version=v4.7.2, .NETFramework,Version=v4.8, .NETFramework,Version=v4.8.1' instead of the project target framework 'net8.0'. This package may not be fully compatible with your project. [C:\Users\ultra\warewolf\Dev\Warewolf.Storage.Tests\Warewolf.Storage.Tests.csproj]
C:\Users\ultra\warewolf\Dev\Dev2.Common.Interfaces\Dev2.Common.Interfaces.csproj : warning NU1701: Package 'GroupControls 1.9.0' was restored using '.NETFramework,Version=v4.6.1, .NETFramework,Version=v4.6.2, .NETFramework,Version=v4.7, .NETFramework,Version=v4.7.1, .NETFramework,Version=v4.7.2, .NETFramework,Version=v4.8, .NETFramework,Version=v4.8.1' instead of the project target framework 'net8.0'. This package may not be fully compatible with your project. [C:\Users\ultra\warewolf\Dev\Warewolf.Storage.Tests\Warewolf.Storage.Tests.csproj]
C:\Users\ultra\warewolf\Dev\Dev2.Common.Interfaces\Dev2.Common.Interfaces.csproj : warning NU1701: Package 'TaskSchedulerEditor 2.10.1' was restored using '.NETFramework,Version=v4.6.1, .NETFramework,Version=v4.6.2, .NETFramework,Version=v4.7, .NETFramework,Version=v4.7.1, .NETFramework,Version=v4.7.2, .NETFramework,Version=v4.8, .NETFramework,Version=v4.8.1' instead of the project target framework 'net8.0'. This package may not be fully compatible with your project. [C:\Users\ultra\warewolf\Dev\Warewolf.Storage.Tests\Warewolf.Storage.Tests.csproj]
C:\Users\ultra\warewolf\Dev\Warewolf.Security\Warewolf.Security.csproj : warning NU1904: Package 'System.Drawing.Common' 4.5.1 has a known critical severity vulnerability, https://github.com/advisories/GHSA-rxg9-xrhp-64gj [C:\Users\ultra\warewolf\Dev\Warewolf.Storage.Tests\Warewolf.Storage.Tests.csproj]
C:\Users\ultra\warewolf\Dev\Dev2.Common\Dev2.Common.csproj : warning NU1903: Package 'Microsoft.Windows.Compatibility' 6.0.0 has a known high severity vulnerability, https://github.com/advisories/GHSA-555c-2p6r-68mm [C:\Users\ultra\warewolf\Dev\Warewolf.Storage.Tests\Warewolf.Storage.Tests.csproj]
C:\Users\ultra\warewolf\Dev\Dev2.Common\Dev2.Common.csproj : warning NU1701: Package 'AeroWizard 2.3.1' was restored using '.NETFramework,Version=v4.6.1, .NETFramework,Version=v4.6.2, .NETFramework,Version=v4.7, .NETFramework,Version=v4.7.1, .NETFramework,Version=v4.7.2, .NETFramework,Version=v4.8, .NETFramework,Version=v4.8.1' instead of the project target framework 'net8.0'. This package may not be fully compatible with your project. [C:\Users\ultra\warewolf\Dev\Warewolf.Storage.Tests\Warewolf.Storage.Tests.csproj]
C:\Users\ultra\warewolf\Dev\Dev2.Common\Dev2.Common.csproj : warning NU1701: Package 'GroupControls 1.9.0' was restored using '.NETFramework,Version=v4.6.1, .NETFramework,Version=v4.6.2, .NETFramework,Version=v4.7, .NETFramework,Version=v4.7.1, .NETFramework,Version=v4.7.2, .NETFramework,Version=v4.8, .NETFramework,Version=v4.8.1' instead of the project target framework 'net8.0'. This package may not be fully compatible with your project. [C:\Users\ultra\warewolf\Dev\Warewolf.Storage.Tests\Warewolf.Storage.Tests.csproj]
C:\Users\ultra\warewolf\Dev\Dev2.Common\Dev2.Common.csproj : warning NU1701: Package 'TaskSchedulerEditor 2.10.1' was restored using '.NETFramework,Version=v4.6.1, .NETFramework,Version=v4.6.2, .NETFramework,Version=v4.7, .NETFramework,Version=v4.7.1, .NETFramework,Version=v4.7.2, .NETFramework,Version=v4.8, .NETFramework,Version=v4.8.1' instead of the project target framework 'net8.0'. This package may not be fully compatible with your project. [C:\Users\ultra\warewolf\Dev\Warewolf.Storage.Tests\Warewolf.Storage.Tests.csproj]
C:\Users\ultra\warewolf\Dev\Warewolf.Sharepoint\Warewolf.Sharepoint.csproj : warning NU1701: Package 'AeroWizard 2.3.1' was restored using '.NETFramework,Version=v4.6.1, .NETFramework,Version=v4.6.2, .NETFramework,Version=v4.7, .NETFramework,Version=v4.7.1, .NETFramework,Version=v4.7.2, .NETFramework,Version=v4.8, .NETFramework,Version=v4.8.1' instead of the project target framework 'net8.0'. This package may not be fully compatible with your project. [C:\Users\ultra\warewolf\Dev\Warewolf.Storage.Tests\Warewolf.Storage.Tests.csproj]
C:\Users\ultra\warewolf\Dev\Warewolf.Sharepoint\Warewolf.Sharepoint.csproj : warning NU1701: Package 'GroupControls 1.9.0' was restored using '.NETFramework,Version=v4.6.1, .NETFramework,Version=v4.6.2, .NETFramework,Version=v4.7, .NETFramework,Version=v4.7.1, .NETFramework,Version=v4.7.2, .NETFramework,Version=v4.8, .NETFramework,Version=v4.8.1' instead of the project target framework 'net8.0'. This package may not be fully compatible with your project. [C:\Users\ultra\warewolf\Dev\Warewolf.Storage.Tests\Warewolf.Storage.Tests.csproj]
C:\Users\ultra\warewolf\Dev\Warewolf.Sharepoint\Warewolf.Sharepoint.csproj : warning NU1701: Package 'ReactiveUI.WPF 18.4.1' was restored using '.NETFramework,Version=v4.6.1, .NETFramework,Version=v4.6.2, .NETFramework,Version=v4.7, .NETFramework,Version=v4.7.1, .NETFramework,Version=v4.7.2, .NETFramework,Version=v4.8, .NETFramework,Version=v4.8.1' instead of the project target framework 'net8.0'. This package may not be fully compatible with your project. [C:\Users\ultra\warewolf\Dev\Warewolf.Storage.Tests\Warewolf.Storage.Tests.csproj]
C:\Users\ultra\warewolf\Dev\Warewolf.Sharepoint\Warewolf.Sharepoint.csproj : warning NU1701: Package 'TaskSchedulerEditor 2.10.1' was restored using '.NETFramework,Version=v4.6.1, .NETFramework,Version=v4.6.2, .NETFramework,Version=v4.7, .NETFramework,Version=v4.7.1, .NETFramework,Version=v4.7.2, .NETFramework,Version=v4.8, .NETFramework,Version=v4.8.1' instead of the project target framework 'net8.0'. This package may not be fully compatible with your project. [C:\Users\ultra\warewolf\Dev\Warewolf.Storage.Tests\Warewolf.Storage.Tests.csproj]
C:\Users\ultra\warewolf\Dev\Warewolf.Common\Warewolf.Common.csproj : warning NU1701: Package 'AeroWizard 2.3.1' was restored using '.NETFramework,Version=v4.6.1, .NETFramework,Version=v4.6.2, .NETFramework,Version=v4.7, .NETFramework,Version=v4.7.1, .NETFramework,Version=v4.7.2, .NETFramework,Version=v4.8, .NETFramework,Version=v4.8.1' instead of the project target framework 'net8.0'. This package may not be fully compatible with your project. [C:\Users\ultra\warewolf\Dev\Warewolf.Storage.Tests\Warewolf.Storage.Tests.csproj]
C:\Users\ultra\warewolf\Dev\Warewolf.Common\Warewolf.Common.csproj : warning NU1701: Package 'GroupControls 1.9.0' was restored using '.NETFramework,Version=v4.6.1, .NETFramework,Version=v4.6.2, .NETFramework,Version=v4.7, .NETFramework,Version=v4.7.1, .NETFramework,Version=v4.7.2, .NETFramework,Version=v4.8, .NETFramework,Version=v4.8.1' instead of the project target framework 'net8.0'. This package may not be fully compatible with your project. [C:\Users\ultra\warewolf\Dev\Warewolf.Storage.Tests\Warewolf.Storage.Tests.csproj]
C:\Users\ultra\warewolf\Dev\Warewolf.Common\Warewolf.Common.csproj : warning NU1701: Package 'TaskSchedulerEditor 2.10.1' was restored using '.NETFramework,Version=v4.6.1, .NETFramework,Version=v4.6.2, .NETFramework,Version=v4.7, .NETFramework,Version=v4.7.1, .NETFramework,Version=v4.7.2, .NETFramework,Version=v4.8, .NETFramework,Version=v4.8.1' instead of the project target framework 'net8.0'. This package may not be fully compatible with your project. [C:\Users\ultra\warewolf\Dev\Warewolf.Storage.Tests\Warewolf.Storage.Tests.csproj]
C:\Users\ultra\warewolf\Dev\Warewolf.Storage.Interfaces\Warewolf.Storage.Interfaces.csproj : warning NU1701: Package 'AeroWizard 2.3.1' was restored using '.NETFramework,Version=v4.6.1, .NETFramework,Version=v4.6.2, .NETFramework,Version=v4.7, .NETFramework,Version=v4.7.1, .NETFramework,Version=v4.7.2, .NETFramework,Version=v4.8, .NETFramework,Version=v4.8.1' instead of the project target framework 'net8.0'. This package may not be fully compatible with your project. [C:\Users\ultra\warewolf\Dev\Warewolf.Storage.Tests\Warewolf.Storage.Tests.csproj]
C:\Users\ultra\warewolf\Dev\Warewolf.Storage.Interfaces\Warewolf.Storage.Interfaces.csproj : warning NU1701: Package 'GroupControls 1.9.0' was restored using '.NETFramework,Version=v4.6.1, .NETFramework,Version=v4.6.2, .NETFramework,Version=v4.7, .NETFramework,Version=v4.7.1, .NETFramework,Version=v4.7.2, .NETFramework,Version=v4.8, .NETFramework,Version=v4.8.1' instead of the project target framework 'net8.0'. This package may not be fully compatible with your project. [C:\Users\ultra\warewolf\Dev\Warewolf.Storage.Tests\Warewolf.Storage.Tests.csproj]
C:\Users\ultra\warewolf\Dev\Warewolf.Storage.Interfaces\Warewolf.Storage.Interfaces.csproj : warning NU1701: Package 'TaskSchedulerEditor 2.10.1' was restored using '.NETFramework,Version=v4.6.1, .NETFramework,Version=v4.6.2, .NETFramework,Version=v4.7, .NETFramework,Version=v4.7.1, .NETFramework,Version=v4.7.2, .NETFramework,Version=v4.8, .NETFramework,Version=v4.8.1' instead of the project target framework 'net8.0'. This package may not be fully compatible with your project. [C:\Users\ultra\warewolf\Dev\Warewolf.Storage.Tests\Warewolf.Storage.Tests.csproj]
C:\Users\ultra\warewolf\Dev\Dev2.Util\Dev2.Util.csproj : warning NU1903: Package 'Microsoft.Windows.Compatibility' 6.0.0 has a known high severity vulnerability, https://github.com/advisories/GHSA-555c-2p6r-68mm [C:\Users\ultra\warewolf\Dev\Warewolf.Storage.Tests\Warewolf.Storage.Tests.csproj]
C:\Users\ultra\warewolf\Dev\Dev2.Util\Dev2.Util.csproj : warning NU1701: Package 'AeroWizard 2.3.1' was restored using '.NETFramework,Version=v4.6.1, .NETFramework,Version=v4.6.2, .NETFramework,Version=v4.7, .NETFramework,Version=v4.7.1, .NETFramework,Version=v4.7.2, .NETFramework,Version=v4.8, .NETFramework,Version=v4.8.1' instead of the project target framework 'net8.0'. This package may not be fully compatible with your project. [C:\Users\ultra\warewolf\Dev\Warewolf.Storage.Tests\Warewolf.Storage.Tests.csproj]
C:\Users\ultra\warewolf\Dev\Dev2.Util\Dev2.Util.csproj : warning NU1701: Package 'GroupControls 1.9.0' was restored using '.NETFramework,Version=v4.6.1, .NETFramework,Version=v4.6.2, .NETFramework,Version=v4.7, .NETFramework,Version=v4.7.1, .NETFramework,Version=v4.7.2, .NETFramework,Version=v4.8, .NETFramework,Version=v4.8.1' instead of the project target framework 'net8.0'. This package may not be fully compatible with your project. [C:\Users\ultra\warewolf\Dev\Warewolf.Storage.Tests\Warewolf.Storage.Tests.csproj]
C:\Users\ultra\warewolf\Dev\Warewolf.Driver.Serilog\Warewolf.Driver.Serilog.csproj : warning NU1701: Package 'AeroWizard 2.3.1' was restored using '.NETFramework,Version=v4.6.1, .NETFramework,Version=v4.6.2, .NETFramework,Version=v4.7, .NETFramework,Version=v4.7.1, .NETFramework,Version=v4.7.2, .NETFramework,Version=v4.8, .NETFramework,Version=v4.8.1' instead of the project target framework 'net8.0'. This package may not be fully compatible with your project. [C:\Users\ultra\warewolf\Dev\Warewolf.Storage.Tests\Warewolf.Storage.Tests.csproj]
C:\Users\ultra\warewolf\Dev\Dev2.Util\Dev2.Util.csproj : warning NU1701: Package 'TaskSchedulerEditor 2.10.1' was restored using '.NETFramework,Version=v4.6.1, .NETFramework,Version=v4.6.2, .NETFramework,Version=v4.7, .NETFramework,Version=v4.7.1, .NETFramework,Version=v4.7.2, .NETFramework,Version=v4.8, .NETFramework,Version=v4.8.1' instead of the project target framework 'net8.0'. This package may not be fully compatible with your project. [C:\Users\ultra\warewolf\Dev\Warewolf.Storage.Tests\Warewolf.Storage.Tests.csproj]
C:\Users\ultra\warewolf\Dev\Warewolf.Driver.Serilog\Warewolf.Driver.Serilog.csproj : warning NU1701: Package 'GroupControls 1.9.0' was restored using '.NETFramework,Version=v4.6.1, .NETFramework,Version=v4.6.2, .NETFramework,Version=v4.7, .NETFramework,Version=v4.7.1, .NETFramework,Version=v4.7.2, .NETFramework,Version=v4.8, .NETFramework,Version=v4.8.1' instead of the project target framework 'net8.0'. This package may not be fully compatible with your project. [C:\Users\ultra\warewolf\Dev\Warewolf.Storage.Tests\Warewolf.Storage.Tests.csproj]
C:\Users\ultra\warewolf\Dev\Warewolf.Driver.Serilog\Warewolf.Driver.Serilog.csproj : warning NU1701: Package 'ReactiveUI.WPF 18.4.1' was restored using '.NETFramework,Version=v4.6.1, .NETFramework,Version=v4.6.2, .NETFramework,Version=v4.7, .NETFramework,Version=v4.7.1, .NETFramework,Version=v4.7.2, .NETFramework,Version=v4.8, .NETFramework,Version=v4.8.1' instead of the project target framework 'net8.0'. This package may not be fully compatible with your project. [C:\Users\ultra\warewolf\Dev\Warewolf.Storage.Tests\Warewolf.Storage.Tests.csproj]
C:\Users\ultra\warewolf\Dev\Warewolf.Driver.Serilog\Warewolf.Driver.Serilog.csproj : warning NU1701: Package 'TaskSchedulerEditor 2.10.1' was restored using '.NETFramework,Version=v4.6.1, .NETFramework,Version=v4.6.2, .NETFramework,Version=v4.7, .NETFramework,Version=v4.7.1, .NETFramework,Version=v4.7.2, .NETFramework,Version=v4.8, .NETFramework,Version=v4.8.1' instead of the project target framework 'net8.0'. This package may not be fully compatible with your project. [C:\Users\ultra\warewolf\Dev\Warewolf.Storage.Tests\Warewolf.Storage.Tests.csproj]
C:\Users\ultra\warewolf\Dev\Dev2.Infrastructure\Dev2.Infrastructure.csproj : warning NU1903: Package 'Microsoft.Windows.Compatibility' 6.0.0 has a known high severity vulnerability, https://github.com/advisories/GHSA-555c-2p6r-68mm [C:\Users\ultra\warewolf\Dev\Warewolf.Storage.Tests\Warewolf.Storage.Tests.csproj]
C:\Users\ultra\warewolf\Dev\Dev2.Infrastructure\Dev2.Infrastructure.csproj : warning NU1701: Package 'AeroWizard 2.3.1' was restored using '.NETFramework,Version=v4.6.1, .NETFramework,Version=v4.6.2, .NETFramework,Version=v4.7, .NETFramework,Version=v4.7.1, .NETFramework,Version=v4.7.2, .NETFramework,Version=v4.8, .NETFramework,Version=v4.8.1' instead of the project target framework 'net8.0'. This package may not be fully compatible with your project. [C:\Users\ultra\warewolf\Dev\Warewolf.Storage.Tests\Warewolf.Storage.Tests.csproj]
C:\Users\ultra\warewolf\Dev\Dev2.Infrastructure\Dev2.Infrastructure.csproj : warning NU1701: Package 'GroupControls 1.9.0' was restored using '.NETFramework,Version=v4.6.1, .NETFramework,Version=v4.6.2, .NETFramework,Version=v4.7, .NETFramework,Version=v4.7.1, .NETFramework,Version=v4.7.2, .NETFramework,Version=v4.8, .NETFramework,Version=v4.8.1' instead of the project target framework 'net8.0'. This package may not be fully compatible with your project. [C:\Users\ultra\warewolf\Dev\Warewolf.Storage.Tests\Warewolf.Storage.Tests.csproj]
C:\Users\ultra\warewolf\Dev\Dev2.Infrastructure\Dev2.Infrastructure.csproj : warning NU1701: Package 'ReactiveUI.WPF 18.4.1' was restored using '.NETFramework,Version=v4.6.1, .NETFramework,Version=v4.6.2, .NETFramework,Version=v4.7, .NETFramework,Version=v4.7.1, .NETFramework,Version=v4.7.2, .NETFramework,Version=v4.8, .NETFramework,Version=v4.8.1' instead of the project target framework 'net8.0'. This package may not be fully compatible with your project. [C:\Users\ultra\warewolf\Dev\Warewolf.Storage.Tests\Warewolf.Storage.Tests.csproj]
C:\Users\ultra\warewolf\Dev\Dev2.Infrastructure\Dev2.Infrastructure.csproj : warning NU1701: Package 'TaskSchedulerEditor 2.10.1' was restored using '.NETFramework,Version=v4.6.1, .NETFramework,Version=v4.6.2, .NETFramework,Version=v4.7, .NETFramework,Version=v4.7.1, .NETFramework,Version=v4.7.2, .NETFramework,Version=v4.8, .NETFramework,Version=v4.8.1' instead of the project target framework 'net8.0'. This package may not be fully compatible with your project. [C:\Users\ultra\warewolf\Dev\Warewolf.Storage.Tests\Warewolf.Storage.Tests.csproj]
C:\Users\ultra\warewolf\Dev\Warewolf.ResourceManagement\Warewolf.ResourceManagement.csproj : warning NU1701: Package 'AeroWizard 2.3.1' was restored using '.NETFramework,Version=v4.6.1, .NETFramework,Version=v4.6.2, .NETFramework,Version=v4.7, .NETFramework,Version=v4.7.1, .NETFramework,Version=v4.7.2, .NETFramework,Version=v4.8, .NETFramework,Version=v4.8.1' instead of the project target framework 'net8.0'. This package may not be fully compatible with your project. [C:\Users\ultra\warewolf\Dev\Warewolf.Storage.Tests\Warewolf.Storage.Tests.csproj]
C:\Users\ultra\warewolf\Dev\Warewolf.ResourceManagement\Warewolf.ResourceManagement.csproj : warning NU1701: Package 'GroupControls 1.9.0' was restored using '.NETFramework,Version=v4.6.1, .NETFramework,Version=v4.6.2, .NETFramework,Version=v4.7, .NETFramework,Version=v4.7.1, .NETFramework,Version=v4.7.2, .NETFramework,Version=v4.8, .NETFramework,Version=v4.8.1' instead of the project target framework 'net8.0'. This package may not be fully compatible with your project. [C:\Users\ultra\warewolf\Dev\Warewolf.Storage.Tests\Warewolf.Storage.Tests.csproj]
C:\Users\ultra\warewolf\Dev\Warewolf.ResourceManagement\Warewolf.ResourceManagement.csproj : warning NU1701: Package 'ReactiveUI.WPF 18.4.1' was restored using '.NETFramework,Version=v4.6.1, .NETFramework,Version=v4.6.2, .NETFramework,Version=v4.7, .NETFramework,Version=v4.7.1, .NETFramework,Version=v4.7.2, .NETFramework,Version=v4.8, .NETFramework,Version=v4.8.1' instead of the project target framework 'net8.0'. This package may not be fully compatible with your project. [C:\Users\ultra\warewolf\Dev\Warewolf.Storage.Tests\Warewolf.Storage.Tests.csproj]
C:\Users\ultra\warewolf\Dev\Warewolf.ResourceManagement\Warewolf.ResourceManagement.csproj : warning NU1701: Package 'TaskSchedulerEditor 2.10.1' was restored using '.NETFramework,Version=v4.6.1, .NETFramework,Version=v4.6.2, .NETFramework,Version=v4.7, .NETFramework,Version=v4.7.1, .NETFramework,Version=v4.7.2, .NETFramework,Version=v4.8, .NETFramework,Version=v4.8.1' instead of the project target framework 'net8.0'. This package may not be fully compatible with your project. [C:\Users\ultra\warewolf\Dev\Warewolf.Storage.Tests\Warewolf.Storage.Tests.csproj]
C:\Users\ultra\warewolf\Dev\Dev2.Data.Interfaces\Dev2.Data.Interfaces.csproj : warning NU1903: Package 'DotNetZip' 1.16.0 has a known high severity vulnerability, https://github.com/advisories/GHSA-xhg6-9j5j-w4vf [C:\Users\ultra\warewolf\Dev\Warewolf.Storage.Tests\Warewolf.Storage.Tests.csproj]
C:\Users\ultra\warewolf\Dev\Dev2.Data.Interfaces\Dev2.Data.Interfaces.csproj : warning NU1701: Package 'AeroWizard 2.3.1' was restored using '.NETFramework,Version=v4.6.1, .NETFramework,Version=v4.6.2, .NETFramework,Version=v4.7, .NETFramework,Version=v4.7.1, .NETFramework,Version=v4.7.2, .NETFramework,Version=v4.8, .NETFramework,Version=v4.8.1' instead of the project target framework 'net8.0'. This package may not be fully compatible with your project. [C:\Users\ultra\warewolf\Dev\Warewolf.Storage.Tests\Warewolf.Storage.Tests.csproj]
C:\Users\ultra\warewolf\Dev\Dev2.Data.Interfaces\Dev2.Data.Interfaces.csproj : warning NU1701: Package 'GroupControls 1.9.0' was restored using '.NETFramework,Version=v4.6.1, .NETFramework,Version=v4.6.2, .NETFramework,Version=v4.7, .NETFramework,Version=v4.7.1, .NETFramework,Version=v4.7.2, .NETFramework,Version=v4.8, .NETFramework,Version=v4.8.1' instead of the project target framework 'net8.0'. This package may not be fully compatible with your project. [C:\Users\ultra\warewolf\Dev\Warewolf.Storage.Tests\Warewolf.Storage.Tests.csproj]
C:\Users\ultra\warewolf\Dev\Dev2.Data.Interfaces\Dev2.Data.Interfaces.csproj : warning NU1701: Package 'TaskSchedulerEditor 2.10.1' was restored using '.NETFramework,Version=v4.6.1, .NETFramework,Version=v4.6.2, .NETFramework,Version=v4.7, .NETFramework,Version=v4.7.1, .NETFramework,Version=v4.7.2, .NETFramework,Version=v4.8, .NETFramework,Version=v4.8.1' instead of the project target framework 'net8.0'. This package may not be fully compatible with your project. [C:\Users\ultra\warewolf\Dev\Warewolf.Storage.Tests\Warewolf.Storage.Tests.csproj]
C:\Users\ultra\warewolf\Dev\Dev2.Diagnostics\Dev2.Diagnostics.csproj : warning NU1701: Package 'AeroWizard 2.3.1' was restored using '.NETFramework,Version=v4.6.1, .NETFramework,Version=v4.6.2, .NETFramework,Version=v4.7, .NETFramework,Version=v4.7.1, .NETFramework,Version=v4.7.2, .NETFramework,Version=v4.8, .NETFramework,Version=v4.8.1' instead of the project target framework 'net8.0'. This package may not be fully compatible with your project. [C:\Users\ultra\warewolf\Dev\Warewolf.Storage.Tests\Warewolf.Storage.Tests.csproj]
C:\Users\ultra\warewolf\Dev\Dev2.Diagnostics\Dev2.Diagnostics.csproj : warning NU1701: Package 'GroupControls 1.9.0' was restored using '.NETFramework,Version=v4.6.1, .NETFramework,Version=v4.6.2, .NETFramework,Version=v4.7, .NETFramework,Version=v4.7.1, .NETFramework,Version=v4.7.2, .NETFramework,Version=v4.8, .NETFramework,Version=v4.8.1' instead of the project target framework 'net8.0'. This package may not be fully compatible with your project. [C:\Users\ultra\warewolf\Dev\Warewolf.Storage.Tests\Warewolf.Storage.Tests.csproj]
C:\Users\ultra\warewolf\Dev\Dev2.Diagnostics\Dev2.Diagnostics.csproj : warning NU1701: Package 'TaskSchedulerEditor 2.10.1' was restored using '.NETFramework,Version=v4.6.1, .NETFramework,Version=v4.6.2, .NETFramework,Version=v4.7, .NETFramework,Version=v4.7.1, .NETFramework,Version=v4.7.2, .NETFramework,Version=v4.8, .NETFramework,Version=v4.8.1' instead of the project target framework 'net8.0'. This package may not be fully compatible with your project. [C:\Users\ultra\warewolf\Dev\Warewolf.Storage.Tests\Warewolf.Storage.Tests.csproj]
C:\Users\ultra\warewolf\Dev\Dev2.CustomControls\Dev2.CustomControls.csproj : warning NU1903: Package 'Microsoft.Windows.Compatibility' 6.0.0 has a known high severity vulnerability, https://github.com/advisories/GHSA-555c-2p6r-68mm [C:\Users\ultra\warewolf\Dev\Warewolf.Storage.Tests\Warewolf.Storage.Tests.csproj]
C:\Users\ultra\warewolf\Dev\Dev2.CustomControls\Dev2.CustomControls.csproj : warning NU1701: Package 'AeroWizard 2.3.1' was restored using '.NETFramework,Version=v4.6.1, .NETFramework,Version=v4.6.2, .NETFramework,Version=v4.7, .NETFramework,Version=v4.7.1, .NETFramework,Version=v4.7.2, .NETFramework,Version=v4.8, .NETFramework,Version=v4.8.1' instead of the project target framework 'net8.0'. This package may not be fully compatible with your project. [C:\Users\ultra\warewolf\Dev\Warewolf.Storage.Tests\Warewolf.Storage.Tests.csproj]
C:\Users\ultra\warewolf\Dev\Dev2.CustomControls\Dev2.CustomControls.csproj : warning NU1701: Package 'GroupControls 1.9.0' was restored using '.NETFramework,Version=v4.6.1, .NETFramework,Version=v4.6.2, .NETFramework,Version=v4.7, .NETFramework,Version=v4.7.1, .NETFramework,Version=v4.7.2, .NETFramework,Version=v4.8, .NETFramework,Version=v4.8.1' instead of the project target framework 'net8.0'. This package may not be fully compatible with your project. [C:\Users\ultra\warewolf\Dev\Warewolf.Storage.Tests\Warewolf.Storage.Tests.csproj]
C:\Users\ultra\warewolf\Dev\Dev2.CustomControls\Dev2.CustomControls.csproj : warning NU1701: Package 'TaskSchedulerEditor 2.10.1' was restored using '.NETFramework,Version=v4.6.1, .NETFramework,Version=v4.6.2, .NETFramework,Version=v4.7, .NETFramework,Version=v4.7.1, .NETFramework,Version=v4.7.2, .NETFramework,Version=v4.8, .NETFramework,Version=v4.8.1' instead of the project target framework 'net8.0'. This package may not be fully compatible with your project. [C:\Users\ultra\warewolf\Dev\Warewolf.Storage.Tests\Warewolf.Storage.Tests.csproj]
C:\Users\ultra\warewolf\Dev\Warewolf.Common.NetStandard20\Warewolf.Common.NetStandard20.csproj : warning NU1701: Package 'AeroWizard 2.3.1' was restored using '.NETFramework,Version=v4.6.1, .NETFramework,Version=v4.6.2, .NETFramework,Version=v4.7, .NETFramework,Version=v4.7.1, .NETFramework,Version=v4.7.2, .NETFramework,Version=v4.8, .NETFramework,Version=v4.8.1' instead of the project target framework 'net8.0'. This package may not be fully compatible with your project. [C:\Users\ultra\warewolf\Dev\Warewolf.Storage.Tests\Warewolf.Storage.Tests.csproj]
C:\Users\ultra\warewolf\Dev\Warewolf.Common.NetStandard20\Warewolf.Common.NetStandard20.csproj : warning NU1701: Package 'GroupControls 1.9.0' was restored using '.NETFramework,Version=v4.6.1, .NETFramework,Version=v4.6.2, .NETFramework,Version=v4.7, .NETFramework,Version=v4.7.1, .NETFramework,Version=v4.7.2, .NETFramework,Version=v4.8, .NETFramework,Version=v4.8.1' instead of the project target framework 'net8.0'. This package may not be fully compatible with your project. [C:\Users\ultra\warewolf\Dev\Warewolf.Storage.Tests\Warewolf.Storage.Tests.csproj]
C:\Users\ultra\warewolf\Dev\Warewolf.Common.NetStandard20\Warewolf.Common.NetStandard20.csproj : warning NU1701: Package 'ReactiveUI.WPF 18.4.1' was restored using '.NETFramework,Version=v4.6.1, .NETFramework,Version=v4.6.2, .NETFramework,Version=v4.7, .NETFramework,Version=v4.7.1, .NETFramework,Version=v4.7.2, .NETFramework,Version=v4.8, .NETFramework,Version=v4.8.1' instead of the project target framework 'net8.0'. This package may not be fully compatible with your project. [C:\Users\ultra\warewolf\Dev\Warewolf.Storage.Tests\Warewolf.Storage.Tests.csproj]
C:\Users\ultra\warewolf\Dev\Warewolf.Common.NetStandard20\Warewolf.Common.NetStandard20.csproj : warning NU1701: Package 'TaskSchedulerEditor 2.10.1' was restored using '.NETFramework,Version=v4.6.1, .NETFramework,Version=v4.6.2, .NETFramework,Version=v4.7, .NETFramework,Version=v4.7.1, .NETFramework,Version=v4.7.2, .NETFramework,Version=v4.8, .NETFramework,Version=v4.8.1' instead of the project target framework 'net8.0'. This package may not be fully compatible with your project. [C:\Users\ultra\warewolf\Dev\Warewolf.Storage.Tests\Warewolf.Storage.Tests.csproj]
C:\Users\ultra\warewolf\Dev\Warewolf.Testing\Warewolf.Testing.csproj : warning NU1701: Package 'AeroWizard 2.3.1' was restored using '.NETFramework,Version=v4.6.1, .NETFramework,Version=v4.6.2, .NETFramework,Version=v4.7, .NETFramework,Version=v4.7.1, .NETFramework,Version=v4.7.2, .NETFramework,Version=v4.8, .NETFramework,Version=v4.8.1' instead of the project target framework 'net8.0'. This package may not be fully compatible with your project. [C:\Users\ultra\warewolf\Dev\Warewolf.Storage.Tests\Warewolf.Storage.Tests.csproj]
C:\Users\ultra\warewolf\Dev\Warewolf.Testing\Warewolf.Testing.csproj : warning NU1701: Package 'GroupControls 1.9.0' was restored using '.NETFramework,Version=v4.6.1, .NETFramework,Version=v4.6.2, .NETFramework,Version=v4.7, .NETFramework,Version=v4.7.1, .NETFramework,Version=v4.7.2, .NETFramework,Version=v4.8, .NETFramework,Version=v4.8.1' instead of the project target framework 'net8.0'. This package may not be fully compatible with your project. [C:\Users\ultra\warewolf\Dev\Warewolf.Storage.Tests\Warewolf.Storage.Tests.csproj]
C:\Users\ultra\warewolf\Dev\Warewolf.Testing\Warewolf.Testing.csproj : warning NU1701: Package 'Microsoft.Xaml.Behaviors.Wpf 1.1.122' was restored using '.NETFramework,Version=v4.6.1, .NETFramework,Version=v4.6.2, .NETFramework,Version=v4.7, .NETFramework,Version=v4.7.1, .NETFramework,Version=v4.7.2, .NETFramework,Version=v4.8, .NETFramework,Version=v4.8.1' instead of the project target framework 'net8.0'. This package may not be fully compatible with your project. [C:\Users\ultra\warewolf\Dev\Warewolf.Storage.Tests\Warewolf.Storage.Tests.csproj]
C:\Users\ultra\warewolf\Dev\Warewolf.Testing\Warewolf.Testing.csproj : warning NU1701: Package 'Prism.Wpf 9.0.537' was restored using '.NETFramework,Version=v4.6.1, .NETFramework,Version=v4.6.2, .NETFramework,Version=v4.7, .NETFramework,Version=v4.7.1, .NETFramework,Version=v4.7.2, .NETFramework,Version=v4.8, .NETFramework,Version=v4.8.1' instead of the project target framework 'net8.0'. This package may not be fully compatible with your project. [C:\Users\ultra\warewolf\Dev\Warewolf.Storage.Tests\Warewolf.Storage.Tests.csproj]
C:\Users\ultra\warewolf\Dev\Warewolf.Testing\Warewolf.Testing.csproj : warning NU1701: Package 'ReactiveUI.WPF 18.4.1' was restored using '.NETFramework,Version=v4.6.1, .NETFramework,Version=v4.6.2, .NETFramework,Version=v4.7, .NETFramework,Version=v4.7.1, .NETFramework,Version=v4.7.2, .NETFramework,Version=v4.8, .NETFramework,Version=v4.8.1' instead of the project target framework 'net8.0'. This package may not be fully compatible with your project. [C:\Users\ultra\warewolf\Dev\Warewolf.Storage.Tests\Warewolf.Storage.Tests.csproj]
C:\Users\ultra\warewolf\Dev\Warewolf.Testing\Warewolf.Testing.csproj : warning NU1701: Package 'TaskSchedulerEditor 2.10.1' was restored using '.NETFramework,Version=v4.6.1, .NETFramework,Version=v4.6.2, .NETFramework,Version=v4.7, .NETFramework,Version=v4.7.1, .NETFramework,Version=v4.7.2, .NETFramework,Version=v4.8, .NETFramework,Version=v4.8.1' instead of the project target framework 'net8.0'. This package may not be fully compatible with your project. [C:\Users\ultra\warewolf\Dev\Warewolf.Storage.Tests\Warewolf.Storage.Tests.csproj]
C:\Users\ultra\warewolf\Dev\Dev2.Data\Dev2.Data.csproj : warning NU1701: Package 'AeroWizard 2.3.1' was restored using '.NETFramework,Version=v4.6.1, .NETFramework,Version=v4.6.2, .NETFramework,Version=v4.7, .NETFramework,Version=v4.7.1, .NETFramework,Version=v4.7.2, .NETFramework,Version=v4.8, .NETFramework,Version=v4.8.1' instead of the project target framework 'net8.0'. This package may not be fully compatible with your project. [C:\Users\ultra\warewolf\Dev\Warewolf.Storage.Tests\Warewolf.Storage.Tests.csproj]
C:\Users\ultra\warewolf\Dev\Dev2.Data\Dev2.Data.csproj : warning NU1701: Package 'GroupControls 1.9.0' was restored using '.NETFramework,Version=v4.6.1, .NETFramework,Version=v4.6.2, .NETFramework,Version=v4.7, .NETFramework,Version=v4.7.1, .NETFramework,Version=v4.7.2, .NETFramework,Version=v4.8, .NETFramework,Version=v4.8.1' instead of the project target framework 'net8.0'. This package may not be fully compatible with your project. [C:\Users\ultra\warewolf\Dev\Warewolf.Storage.Tests\Warewolf.Storage.Tests.csproj]
C:\Users\ultra\warewolf\Dev\Dev2.Data\Dev2.Data.csproj : warning NU1701: Package 'ReactiveUI.WPF 18.4.1' was restored using '.NETFramework,Version=v4.6.1, .NETFramework,Version=v4.6.2, .NETFramework,Version=v4.7, .NETFramework,Version=v4.7.1, .NETFramework,Version=v4.7.2, .NETFramework,Version=v4.8, .NETFramework,Version=v4.8.1' instead of the project target framework 'net8.0'. This package may not be fully compatible with your project. [C:\Users\ultra\warewolf\Dev\Warewolf.Storage.Tests\Warewolf.Storage.Tests.csproj]
C:\Users\ultra\warewolf\Dev\Dev2.Data\Dev2.Data.csproj : warning NU1701: Package 'TaskSchedulerEditor 2.10.1' was restored using '.NETFramework,Version=v4.6.1, .NETFramework,Version=v4.6.2, .NETFramework,Version=v4.7, .NETFramework,Version=v4.7.1, .NETFramework,Version=v4.7.2, .NETFramework,Version=v4.8, .NETFramework,Version=v4.8.1' instead of the project target framework 'net8.0'. This package may not be fully compatible with your project. [C:\Users\ultra\warewolf\Dev\Warewolf.Storage.Tests\Warewolf.Storage.Tests.csproj]
C:\Users\ultra\warewolf\Dev\Warewolf.AI.Harness\Warewolf.AI.Harness.csproj : warning NU1701: Package 'AeroWizard 2.3.1' was restored using '.NETFramework,Version=v4.6.1, .NETFramework,Version=v4.6.2, .NETFramework,Version=v4.7, .NETFramework,Version=v4.7.1, .NETFramework,Version=v4.7.2, .NETFramework,Version=v4.8, .NETFramework,Version=v4.8.1' instead of the project target framework 'net8.0'. This package may not be fully compatible with your project. [C:\Users\ultra\warewolf\Dev\Warewolf.Storage.Tests\Warewolf.Storage.Tests.csproj]
C:\Users\ultra\warewolf\Dev\Warewolf.AI.Harness\Warewolf.AI.Harness.csproj : warning NU1701: Package 'GroupControls 1.9.0' was restored using '.NETFramework,Version=v4.6.1, .NETFramework,Version=v4.6.2, .NETFramework,Version=v4.7, .NETFramework,Version=v4.7.1, .NETFramework,Version=v4.7.2, .NETFramework,Version=v4.8, .NETFramework,Version=v4.8.1' instead of the project target framework 'net8.0'. This package may not be fully compatible with your project. [C:\Users\ultra\warewolf\Dev\Warewolf.Storage.Tests\Warewolf.Storage.Tests.csproj]
C:\Users\ultra\warewolf\Dev\Warewolf.AI.Harness\Warewolf.AI.Harness.csproj : warning NU1701: Package 'TaskSchedulerEditor 2.10.1' was restored using '.NETFramework,Version=v4.6.1, .NETFramework,Version=v4.6.2, .NETFramework,Version=v4.7, .NETFramework,Version=v4.7.1, .NETFramework,Version=v4.7.2, .NETFramework,Version=v4.8, .NETFramework,Version=v4.8.1' instead of the project target framework 'net8.0'. This package may not be fully compatible with your project. [C:\Users\ultra\warewolf\Dev\Warewolf.Storage.Tests\Warewolf.Storage.Tests.csproj]
C:\Users\ultra\warewolf\Dev\Warewolf.Auditing\Warewolf.Auditing.csproj : warning NU1701: Package 'AeroWizard 2.3.1' was restored using '.NETFramework,Version=v4.6.1, .NETFramework,Version=v4.6.2, .NETFramework,Version=v4.7, .NETFramework,Version=v4.7.1, .NETFramework,Version=v4.7.2, .NETFramework,Version=v4.8, .NETFramework,Version=v4.8.1' instead of the project target framework 'net8.0'. This package may not be fully compatible with your project. [C:\Users\ultra\warewolf\Dev\Warewolf.Storage.Tests\Warewolf.Storage.Tests.csproj]
C:\Users\ultra\warewolf\Dev\Warewolf.Auditing\Warewolf.Auditing.csproj : warning NU1701: Package 'GroupControls 1.9.0' was restored using '.NETFramework,Version=v4.6.1, .NETFramework,Version=v4.6.2, .NETFramework,Version=v4.7, .NETFramework,Version=v4.7.1, .NETFramework,Version=v4.7.2, .NETFramework,Version=v4.8, .NETFramework,Version=v4.8.1' instead of the project target framework 'net8.0'. This package may not be fully compatible with your project. [C:\Users\ultra\warewolf\Dev\Warewolf.Storage.Tests\Warewolf.Storage.Tests.csproj]
C:\Users\ultra\warewolf\Dev\Warewolf.Auditing\Warewolf.Auditing.csproj : warning NU1701: Package 'ReactiveUI.WPF 18.4.1' was restored using '.NETFramework,Version=v4.6.1, .NETFramework,Version=v4.6.2, .NETFramework,Version=v4.7, .NETFramework,Version=v4.7.1, .NETFramework,Version=v4.7.2, .NETFramework,Version=v4.8, .NETFramework,Version=v4.8.1' instead of the project target framework 'net8.0'. This package may not be fully compatible with your project. [C:\Users\ultra\warewolf\Dev\Warewolf.Storage.Tests\Warewolf.Storage.Tests.csproj]
C:\Users\ultra\warewolf\Dev\Warewolf.Auditing\Warewolf.Auditing.csproj : warning NU1701: Package 'TaskSchedulerEditor 2.10.1' was restored using '.NETFramework,Version=v4.6.1, .NETFramework,Version=v4.6.2, .NETFramework,Version=v4.7, .NETFramework,Version=v4.7.1, .NETFramework,Version=v4.7.2, .NETFramework,Version=v4.8, .NETFramework,Version=v4.8.1' instead of the project target framework 'net8.0'. This package may not be fully compatible with your project. [C:\Users\ultra\warewolf\Dev\Warewolf.Storage.Tests\Warewolf.Storage.Tests.csproj]
C:\Users\ultra\warewolf\Dev\Warewolf.Storage.Tests\Warewolf.Storage.Tests.csproj : warning NU1701: Package 'AeroWizard 2.3.1' was restored using '.NETFramework,Version=v4.6.1, .NETFramework,Version=v4.6.2, .NETFramework,Version=v4.7, .NETFramework,Version=v4.7.1, .NETFramework,Version=v4.7.2, .NETFramework,Version=v4.8, .NETFramework,Version=v4.8.1' instead of the project target framework 'net8.0'. This package may not be fully compatible with your project.
C:\Users\ultra\warewolf\Dev\Warewolf.Storage.Tests\Warewolf.Storage.Tests.csproj : warning NU1701: Package 'GroupControls 1.9.0' was restored using '.NETFramework,Version=v4.6.1, .NETFramework,Version=v4.6.2, .NETFramework,Version=v4.7, .NETFramework,Version=v4.7.1, .NETFramework,Version=v4.7.2, .NETFramework,Version=v4.8, .NETFramework,Version=v4.8.1' instead of the project target framework 'net8.0'. This package may not be fully compatible with your project.
C:\Users\ultra\warewolf\Dev\Warewolf.Storage.Tests\Warewolf.Storage.Tests.csproj : warning NU1701: Package 'Microsoft.Xaml.Behaviors.Wpf 1.1.122' was restored using '.NETFramework,Version=v4.6.1, .NETFramework,Version=v4.6.2, .NETFramework,Version=v4.7, .NETFramework,Version=v4.7.1, .NETFramework,Version=v4.7.2, .NETFramework,Version=v4.8, .NETFramework,Version=v4.8.1' instead of the project target framework 'net8.0'. This package may not be fully compatible with your project.
C:\Users\ultra\warewolf\Dev\Warewolf.Storage.Tests\Warewolf.Storage.Tests.csproj : warning NU1701: Package 'Prism.Wpf 9.0.537' was restored using '.NETFramework,Version=v4.6.1, .NETFramework,Version=v4.6.2, .NETFramework,Version=v4.7, .NETFramework,Version=v4.7.1, .NETFramework,Version=v4.7.2, .NETFramework,Version=v4.8, .NETFramework,Version=v4.8.1' instead of the project target framework 'net8.0'. This package may not be fully compatible with your project.
C:\Users\ultra\warewolf\Dev\Warewolf.Storage.Tests\Warewolf.Storage.Tests.csproj : warning NU1701: Package 'ReactiveUI.WPF 18.4.1' was restored using '.NETFramework,Version=v4.6.1, .NETFramework,Version=v4.6.2, .NETFramework,Version=v4.7, .NETFramework,Version=v4.7.1, .NETFramework,Version=v4.7.2, .NETFramework,Version=v4.8, .NETFramework,Version=v4.8.1' instead of the project target framework 'net8.0'. This package may not be fully compatible with your project.
C:\Users\ultra\warewolf\Dev\Warewolf.Storage.Tests\Warewolf.Storage.Tests.csproj : warning NU1701: Package 'TaskSchedulerEditor 2.10.1' was restored using '.NETFramework,Version=v4.6.1, .NETFramework,Version=v4.6.2, .NETFramework,Version=v4.7, .NETFramework,Version=v4.7.1, .NETFramework,Version=v4.7.2, .NETFramework,Version=v4.8, .NETFramework,Version=v4.8.1' instead of the project target framework 'net8.0'. This package may not be fully compatible with your project.
  Restored C:\Users\ultra\warewolf\Dev\Warewolf.Storage.Tests\Warewolf.Storage.Tests.csproj (in 641 ms).
  43 of 44 projects are up-to-date for restore.
C:\Users\ultra\warewolf\Dev\Warewolf.Storage.Tests\Warewolf.Storage.Tests.csproj : warning NU1701: Package 'AeroWizard 2.3.1' was restored using '.NETFramework,Version=v4.6.1, .NETFramework,Version=v4.6.2, .NETFramework,Version=v4.7, .NETFramework,Version=v4.7.1, .NETFramework,Version=v4.7.2, .NETFramework,Version=v4.8, .NETFramework,Version=v4.8.1' instead of the project target framework 'net8.0'. This package may not be fully compatible with your project.
C:\Users\ultra\warewolf\Dev\Warewolf.Storage.Tests\Warewolf.Storage.Tests.csproj : warning NU1701: Package 'GroupControls 1.9.0' was restored using '.NETFramework,Version=v4.6.1, .NETFramework,Version=v4.6.2, .NETFramework,Version=v4.7, .NETFramework,Version=v4.7.1, .NETFramework,Version=v4.7.2, .NETFramework,Version=v4.8, .NETFramework,Version=v4.8.1' instead of the project target framework 'net8.0'. This package may not be fully compatible with your project.
C:\Users\ultra\warewolf\Dev\Warewolf.Storage.Tests\Warewolf.Storage.Tests.csproj : warning NU1701: Package 'Microsoft.Xaml.Behaviors.Wpf 1.1.122' was restored using '.NETFramework,Version=v4.6.1, .NETFramework,Version=v4.6.2, .NETFramework,Version=v4.7, .NETFramework,Version=v4.7.1, .NETFramework,Version=v4.7.2, .NETFramework,Version=v4.8, .NETFramework,Version=v4.8.1' instead of the project target framework 'net8.0'. This package may not be fully compatible with your project.
C:\Users\ultra\warewolf\Dev\Warewolf.Storage.Tests\Warewolf.Storage.Tests.csproj : warning NU1701: Package 'Prism.Wpf 9.0.537' was restored using '.NETFramework,Version=v4.6.1, .NETFramework,Version=v4.6.2, .NETFramework,Version=v4.7, .NETFramework,Version=v4.7.1, .NETFramework,Version=v4.7.2, .NETFramework,Version=v4.8, .NETFramework,Version=v4.8.1' instead of the project target framework 'net8.0'. This package may not be fully compatible with your project.
C:\Users\ultra\warewolf\Dev\Warewolf.Storage.Tests\Warewolf.Storage.Tests.csproj : warning NU1701: Package 'ReactiveUI.WPF 18.4.1' was restored using '.NETFramework,Version=v4.6.1, .NETFramework,Version=v4.6.2, .NETFramework,Version=v4.7, .NETFramework,Version=v4.7.1, .NETFramework,Version=v4.7.2, .NETFramework,Version=v4.8, .NETFramework,Version=v4.8.1' instead of the project target framework 'net8.0'. This package may not be fully compatible with your project.
C:\Users\ultra\warewolf\Dev\Warewolf.Storage.Tests\Warewolf.Storage.Tests.csproj : warning NU1701: Package 'TaskSchedulerEditor 2.10.1' was restored using '.NETFramework,Version=v4.6.1, .NETFramework,Version=v4.6.2, .NETFramework,Version=v4.7, .NETFramework,Version=v4.7.1, .NETFramework,Version=v4.7.2, .NETFramework,Version=v4.8, .NETFramework,Version=v4.8.1' instead of the project target framework 'net8.0'. This package may not be fully compatible with your project.
C:\Users\ultra\warewolf\Dev\Dev2.CustomControls\Dev2.CustomControls.csproj(135,14): warning MSB4130: The condition "'$(TargetFramework)' != '' and ($(TargetFramework.EndsWith('-windows')) or '$(TargetFramework)' == 'net48') Or '$(TargetFrameworkIdentifier)' == '.NETFramework'" may have been evaluated incorrectly in an earlier version of MSBuild. Please verify that the order of the AND and OR clauses is written as intended. To avoid this warning, add parentheses to make the evaluation order explicit.
C:\Program Files\dotnet\sdk\10.0.201\Sdks\Microsoft.NET.Sdk\targets\Microsoft.NET.Sdk.DefaultItems.targets(162,5): warning NETSDK1137: It is no longer necessary to use the Microsoft.NET.Sdk.WindowsDesktop SDK. Consider changing the Sdk attribute of the root Project element to 'Microsoft.NET.Sdk'. [C:\Users\ultra\warewolf\Dev\Dev2.CustomControls\Dev2.CustomControls.csproj]
C:\Program Files\dotnet\sdk\10.0.201\Sdks\Microsoft.NET.Sdk.WindowsDesktop\targets\Microsoft.NET.Sdk.WindowsDesktop.targets(138,5): warning NETSDK1106: Microsoft.NET.Sdk.WindowsDesktop requires 'UseWpf' or 'UseWindowsForms' to be set to 'true' [C:\Users\ultra\warewolf\Dev\Dev2.CustomControls\Dev2.CustomControls.csproj]
C:\Users\ultra\warewolf\Dev\Warewolf.Storage\Warewolf.Storage.csproj : warning NU1701: Package 'AeroWizard 2.3.1' was restored using '.NETFramework,Version=v4.6.1, .NETFramework,Version=v4.6.2, .NETFramework,Version=v4.7, .NETFramework,Version=v4.7.1, .NETFramework,Version=v4.7.2, .NETFramework,Version=v4.8, .NETFramework,Version=v4.8.1' instead of the project target framework 'net8.0'. This package may not be fully compatible with your project.
C:\Users\ultra\warewolf\Dev\Warewolf.Storage\Warewolf.Storage.csproj : warning NU1701: Package 'GroupControls 1.9.0' was restored using '.NETFramework,Version=v4.6.1, .NETFramework,Version=v4.6.2, .NETFramework,Version=v4.7, .NETFramework,Version=v4.7.1, .NETFramework,Version=v4.7.2, .NETFramework,Version=v4.8, .NETFramework,Version=v4.8.1' instead of the project target framework 'net8.0'. This package may not be fully compatible with your project.
C:\Users\ultra\warewolf\Dev\Warewolf.Storage\Warewolf.Storage.csproj : warning NU1701: Package 'ReactiveUI.WPF 18.4.1' was restored using '.NETFramework,Version=v4.6.1, .NETFramework,Version=v4.6.2, .NETFramework,Version=v4.7, .NETFramework,Version=v4.7.1, .NETFramework,Version=v4.7.2, .NETFramework,Version=v4.8, .NETFramework,Version=v4.8.1' instead of the project target framework 'net8.0'. This package may not be fully compatible with your project.
C:\Users\ultra\warewolf\Dev\Warewolf.Storage\Warewolf.Storage.csproj : warning NU1701: Package 'TaskSchedulerEditor 2.10.1' was restored using '.NETFramework,Version=v4.6.1, .NETFramework,Version=v4.6.2, .NETFramework,Version=v4.7, .NETFramework,Version=v4.7.1, .NETFramework,Version=v4.7.2, .NETFramework,Version=v4.8, .NETFramework,Version=v4.8.1' instead of the project target framework 'net8.0'. This package may not be fully compatible with your project.
C:\Users\ultra\warewolf\Dev\Dev2.CustomControls\Dev2.CustomControls.csproj : warning NU1903: Package 'Microsoft.Windows.Compatibility' 6.0.0 has a known high severity vulnerability, https://github.com/advisories/GHSA-555c-2p6r-68mm
C:\Users\ultra\warewolf\Dev\Dev2.CustomControls\Dev2.CustomControls.csproj : warning NU1701: Package 'AeroWizard 2.3.1' was restored using '.NETFramework,Version=v4.6.1, .NETFramework,Version=v4.6.2, .NETFramework,Version=v4.7, .NETFramework,Version=v4.7.1, .NETFramework,Version=v4.7.2, .NETFramework,Version=v4.8, .NETFramework,Version=v4.8.1' instead of the project target framework 'net8.0'. This package may not be fully compatible with your project.
C:\Users\ultra\warewolf\Dev\Dev2.CustomControls\Dev2.CustomControls.csproj : warning NU1701: Package 'GroupControls 1.9.0' was restored using '.NETFramework,Version=v4.6.1, .NETFramework,Version=v4.6.2, .NETFramework,Version=v4.7, .NETFramework,Version=v4.7.1, .NETFramework,Version=v4.7.2, .NETFramework,Version=v4.8, .NETFramework,Version=v4.8.1' instead of the project target framework 'net8.0'. This package may not be fully compatible with your project.
C:\Users\ultra\warewolf\Dev\Dev2.CustomControls\Dev2.CustomControls.csproj : warning NU1701: Package 'TaskSchedulerEditor 2.10.1' was restored using '.NETFramework,Version=v4.6.1, .NETFramework,Version=v4.6.2, .NETFramework,Version=v4.7, .NETFramework,Version=v4.7.1, .NETFramework,Version=v4.7.2, .NETFramework,Version=v4.8, .NETFramework,Version=v4.8.1' instead of the project target framework 'net8.0'. This package may not be fully compatible with your project.
C:\Users\ultra\warewolf\Dev\Warewolf.Testing\Warewolf.Testing.csproj : warning NU1701: Package 'AeroWizard 2.3.1' was restored using '.NETFramework,Version=v4.6.1, .NETFramework,Version=v4.6.2, .NETFramework,Version=v4.7, .NETFramework,Version=v4.7.1, .NETFramework,Version=v4.7.2, .NETFramework,Version=v4.8, .NETFramework,Version=v4.8.1' instead of the project target framework 'net8.0'. This package may not be fully compatible with your project.
C:\Users\ultra\warewolf\Dev\Warewolf.Testing\Warewolf.Testing.csproj : warning NU1701: Package 'GroupControls 1.9.0' was restored using '.NETFramework,Version=v4.6.1, .NETFramework,Version=v4.6.2, .NETFramework,Version=v4.7, .NETFramework,Version=v4.7.1, .NETFramework,Version=v4.7.2, .NETFramework,Version=v4.8, .NETFramework,Version=v4.8.1' instead of the project target framework 'net8.0'. This package may not be fully compatible with your project.
C:\Users\ultra\warewolf\Dev\Warewolf.Testing\Warewolf.Testing.csproj : warning NU1701: Package 'Microsoft.Xaml.Behaviors.Wpf 1.1.122' was restored using '.NETFramework,Version=v4.6.1, .NETFramework,Version=v4.6.2, .NETFramework,Version=v4.7, .NETFramework,Version=v4.7.1, .NETFramework,Version=v4.7.2, .NETFramework,Version=v4.8, .NETFramework,Version=v4.8.1' instead of the project target framework 'net8.0'. This package may not be fully compatible with your project.
C:\Users\ultra\warewolf\Dev\Warewolf.Testing\Warewolf.Testing.csproj : warning NU1701: Package 'Prism.Wpf 9.0.537' was restored using '.NETFramework,Version=v4.6.1, .NETFramework,Version=v4.6.2, .NETFramework,Version=v4.7, .NETFramework,Version=v4.7.1, .NETFramework,Version=v4.7.2, .NETFramework,Version=v4.8, .NETFramework,Version=v4.8.1' instead of the project target framework 'net8.0'. This package may not be fully compatible with your project.
C:\Users\ultra\warewolf\Dev\Warewolf.Testing\Warewolf.Testing.csproj : warning NU1701: Package 'ReactiveUI.WPF 18.4.1' was restored using '.NETFramework,Version=v4.6.1, .NETFramework,Version=v4.6.2, .NETFramework,Version=v4.7, .NETFramework,Version=v4.7.1, .NETFramework,Version=v4.7.2, .NETFramework,Version=v4.8, .NETFramework,Version=v4.8.1' instead of the project target framework 'net8.0'. This package may not be fully compatible with your project.
C:\Users\ultra\warewolf\Dev\Warewolf.Testing\Warewolf.Testing.csproj : warning NU1701: Package 'TaskSchedulerEditor 2.10.1' was restored using '.NETFramework,Version=v4.6.1, .NETFramework,Version=v4.6.2, .NETFramework,Version=v4.7, .NETFramework,Version=v4.7.1, .NETFramework,Version=v4.7.2, .NETFramework,Version=v4.8, .NETFramework,Version=v4.8.1' instead of the project target framework 'net8.0'. This package may not be fully compatible with your project.
C:\Users\ultra\warewolf\Dev\Dev2.Common.Interfaces\Dev2.Common.Interfaces.csproj : warning NU1903: Package 'Microsoft.Windows.Compatibility' 6.0.0 has a known high severity vulnerability, https://github.com/advisories/GHSA-555c-2p6r-68mm
C:\Users\ultra\warewolf\Dev\Dev2.Common.Interfaces\Dev2.Common.Interfaces.csproj : warning NU1701: Package 'AeroWizard 2.3.1' was restored using '.NETFramework,Version=v4.6.1, .NETFramework,Version=v4.6.2, .NETFramework,Version=v4.7, .NETFramework,Version=v4.7.1, .NETFramework,Version=v4.7.2, .NETFramework,Version=v4.8, .NETFramework,Version=v4.8.1' instead of the project target framework 'net8.0'. This package may not be fully compatible with your project.
C:\Users\ultra\warewolf\Dev\Dev2.Common\Dev2.Common.csproj : warning NU1903: Package 'Microsoft.Windows.Compatibility' 6.0.0 has a known high severity vulnerability, https://github.com/advisories/GHSA-555c-2p6r-68mm
C:\Users\ultra\warewolf\Dev\Dev2.Common.Interfaces\Dev2.Common.Interfaces.csproj : warning NU1701: Package 'GroupControls 1.9.0' was restored using '.NETFramework,Version=v4.6.1, .NETFramework,Version=v4.6.2, .NETFramework,Version=v4.7, .NETFramework,Version=v4.7.1, .NETFramework,Version=v4.7.2, .NETFramework,Version=v4.8, .NETFramework,Version=v4.8.1' instead of the project target framework 'net8.0'. This package may not be fully compatible with your project.
C:\Users\ultra\warewolf\Dev\Dev2.Common\Dev2.Common.csproj : warning NU1701: Package 'AeroWizard 2.3.1' was restored using '.NETFramework,Version=v4.6.1, .NETFramework,Version=v4.6.2, .NETFramework,Version=v4.7, .NETFramework,Version=v4.7.1, .NETFramework,Version=v4.7.2, .NETFramework,Version=v4.8, .NETFramework,Version=v4.8.1' instead of the project target framework 'net8.0'. This package may not be fully compatible with your project.
C:\Users\ultra\warewolf\Dev\Dev2.Common.Interfaces\Dev2.Common.Interfaces.csproj : warning NU1701: Package 'TaskSchedulerEditor 2.10.1' was restored using '.NETFramework,Version=v4.6.1, .NETFramework,Version=v4.6.2, .NETFramework,Version=v4.7, .NETFramework,Version=v4.7.1, .NETFramework,Version=v4.7.2, .NETFramework,Version=v4.8, .NETFramework,Version=v4.8.1' instead of the project target framework 'net8.0'. This package may not be fully compatible with your project.
C:\Users\ultra\warewolf\Dev\Dev2.Common\Dev2.Common.csproj : warning NU1701: Package 'GroupControls 1.9.0' was restored using '.NETFramework,Version=v4.6.1, .NETFramework,Version=v4.6.2, .NETFramework,Version=v4.7, .NETFramework,Version=v4.7.1, .NETFramework,Version=v4.7.2, .NETFramework,Version=v4.8, .NETFramework,Version=v4.8.1' instead of the project target framework 'net8.0'. This package may not be fully compatible with your project.
C:\Users\ultra\warewolf\Dev\Dev2.Common\Dev2.Common.csproj : warning NU1701: Package 'TaskSchedulerEditor 2.10.1' was restored using '.NETFramework,Version=v4.6.1, .NETFramework,Version=v4.6.2, .NETFramework,Version=v4.7, .NETFramework,Version=v4.7.1, .NETFramework,Version=v4.7.2, .NETFramework,Version=v4.8, .NETFramework,Version=v4.8.1' instead of the project target framework 'net8.0'. This package may not be fully compatible with your project.
C:\Users\ultra\warewolf\Dev\Warewolf.Storage.Interfaces\Warewolf.Storage.Interfaces.csproj : warning NU1701: Package 'AeroWizard 2.3.1' was restored using '.NETFramework,Version=v4.6.1, .NETFramework,Version=v4.6.2, .NETFramework,Version=v4.7, .NETFramework,Version=v4.7.1, .NETFramework,Version=v4.7.2, .NETFramework,Version=v4.8, .NETFramework,Version=v4.8.1' instead of the project target framework 'net8.0'. This package may not be fully compatible with your project.
C:\Users\ultra\warewolf\Dev\Warewolf.Storage.Interfaces\Warewolf.Storage.Interfaces.csproj : warning NU1701: Package 'GroupControls 1.9.0' was restored using '.NETFramework,Version=v4.6.1, .NETFramework,Version=v4.6.2, .NETFramework,Version=v4.7, .NETFramework,Version=v4.7.1, .NETFramework,Version=v4.7.2, .NETFramework,Version=v4.8, .NETFramework,Version=v4.8.1' instead of the project target framework 'net8.0'. This package may not be fully compatible with your project.
C:\Users\ultra\warewolf\Dev\Warewolf.Storage.Interfaces\Warewolf.Storage.Interfaces.csproj : warning NU1701: Package 'TaskSchedulerEditor 2.10.1' was restored using '.NETFramework,Version=v4.6.1, .NETFramework,Version=v4.6.2, .NETFramework,Version=v4.7, .NETFramework,Version=v4.7.1, .NETFramework,Version=v4.7.2, .NETFramework,Version=v4.8, .NETFramework,Version=v4.8.1' instead of the project target framework 'net8.0'. This package may not be fully compatible with your project.
C:\Users\ultra\warewolf\Dev\Dev2.Core\Dev2.Core.csproj : warning NU1903: Package 'Microsoft.Windows.Compatibility' 6.0.0 has a known high severity vulnerability, https://github.com/advisories/GHSA-555c-2p6r-68mm
C:\Users\ultra\warewolf\Dev\Dev2.Core\Dev2.Core.csproj : warning NU1701: Package 'AeroWizard 2.3.1' was restored using '.NETFramework,Version=v4.6.1, .NETFramework,Version=v4.6.2, .NETFramework,Version=v4.7, .NETFramework,Version=v4.7.1, .NETFramework,Version=v4.7.2, .NETFramework,Version=v4.8, .NETFramework,Version=v4.8.1' instead of the project target framework 'net8.0'. This package may not be fully compatible with your project.
C:\Users\ultra\warewolf\Dev\Dev2.Core\Dev2.Core.csproj : warning NU1701: Package 'GroupControls 1.9.0' was restored using '.NETFramework,Version=v4.6.1, .NETFramework,Version=v4.6.2, .NETFramework,Version=v4.7, .NETFramework,Version=v4.7.1, .NETFramework,Version=v4.7.2, .NETFramework,Version=v4.8, .NETFramework,Version=v4.8.1' instead of the project target framework 'net8.0'. This package may not be fully compatible with your project.
C:\Users\ultra\warewolf\Dev\Dev2.Core\Dev2.Core.csproj : warning NU1701: Package 'ReactiveUI.WPF 18.4.1' was restored using '.NETFramework,Version=v4.6.1, .NETFramework,Version=v4.6.2, .NETFramework,Version=v4.7, .NETFramework,Version=v4.7.1, .NETFramework,Version=v4.7.2, .NETFramework,Version=v4.8, .NETFramework,Version=v4.8.1' instead of the project target framework 'net8.0'. This package may not be fully compatible with your project.
C:\Users\ultra\warewolf\Dev\Dev2.Core\Dev2.Core.csproj : warning NU1701: Package 'TaskSchedulerEditor 2.10.1' was restored using '.NETFramework,Version=v4.6.1, .NETFramework,Version=v4.6.2, .NETFramework,Version=v4.7, .NETFramework,Version=v4.7.1, .NETFramework,Version=v4.7.2, .NETFramework,Version=v4.8, .NETFramework,Version=v4.8.1' instead of the project target framework 'net8.0'. This package may not be fully compatible with your project.
C:\Users\ultra\warewolf\Dev\Warewolf.Language.Parser\Warewolf.Language.Parser.fsproj : warning NU1504: Duplicate 'PackageReference' items found. Remove the duplicate items or use the Update functionality to ensure a consistent restore behavior. The duplicate 'PackageReference' items are: FSharp.Core 10.1.201, FSharp.Core 4.6.2.
C:\Users\ultra\warewolf\Dev\Dev2.Data\Dev2.Data.csproj : warning NU1701: Package 'AeroWizard 2.3.1' was restored using '.NETFramework,Version=v4.6.1, .NETFramework,Version=v4.6.2, .NETFramework,Version=v4.7, .NETFramework,Version=v4.7.1, .NETFramework,Version=v4.7.2, .NETFramework,Version=v4.8, .NETFramework,Version=v4.8.1' instead of the project target framework 'net8.0'. This package may not be fully compatible with your project.
C:\Users\ultra\warewolf\Dev\Dev2.Data\Dev2.Data.csproj : warning NU1701: Package 'GroupControls 1.9.0' was restored using '.NETFramework,Version=v4.6.1, .NETFramework,Version=v4.6.2, .NETFramework,Version=v4.7, .NETFramework,Version=v4.7.1, .NETFramework,Version=v4.7.2, .NETFramework,Version=v4.8, .NETFramework,Version=v4.8.1' instead of the project target framework 'net8.0'. This package may not be fully compatible with your project.
C:\Users\ultra\warewolf\Dev\Dev2.Data\Dev2.Data.csproj : warning NU1701: Package 'ReactiveUI.WPF 18.4.1' was restored using '.NETFramework,Version=v4.6.1, .NETFramework,Version=v4.6.2, .NETFramework,Version=v4.7, .NETFramework,Version=v4.7.1, .NETFramework,Version=v4.7.2, .NETFramework,Version=v4.8, .NETFramework,Version=v4.8.1' instead of the project target framework 'net8.0'. This package may not be fully compatible with your project.
C:\Users\ultra\warewolf\Dev\Dev2.Data\Dev2.Data.csproj : warning NU1701: Package 'TaskSchedulerEditor 2.10.1' was restored using '.NETFramework,Version=v4.6.1, .NETFramework,Version=v4.6.2, .NETFramework,Version=v4.7, .NETFramework,Version=v4.7.1, .NETFramework,Version=v4.7.2, .NETFramework,Version=v4.8, .NETFramework,Version=v4.8.1' instead of the project target framework 'net8.0'. This package may not be fully compatible with your project.
C:\Users\ultra\warewolf\Dev\Dev2.Diagnostics\Dev2.Diagnostics.csproj : warning NU1701: Package 'AeroWizard 2.3.1' was restored using '.NETFramework,Version=v4.6.1, .NETFramework,Version=v4.6.2, .NETFramework,Version=v4.7, .NETFramework,Version=v4.7.1, .NETFramework,Version=v4.7.2, .NETFramework,Version=v4.8, .NETFramework,Version=v4.8.1' instead of the project target framework 'net8.0'. This package may not be fully compatible with your project.
C:\Users\ultra\warewolf\Dev\Dev2.Diagnostics\Dev2.Diagnostics.csproj : warning NU1701: Package 'GroupControls 1.9.0' was restored using '.NETFramework,Version=v4.6.1, .NETFramework,Version=v4.6.2, .NETFramework,Version=v4.7, .NETFramework,Version=v4.7.1, .NETFramework,Version=v4.7.2, .NETFramework,Version=v4.8, .NETFramework,Version=v4.8.1' instead of the project target framework 'net8.0'. This package may not be fully compatible with your project.
C:\Users\ultra\warewolf\Dev\Dev2.Diagnostics\Dev2.Diagnostics.csproj : warning NU1701: Package 'TaskSchedulerEditor 2.10.1' was restored using '.NETFramework,Version=v4.6.1, .NETFramework,Version=v4.6.2, .NETFramework,Version=v4.7, .NETFramework,Version=v4.7.1, .NETFramework,Version=v4.7.2, .NETFramework,Version=v4.8, .NETFramework,Version=v4.8.1' instead of the project target framework 'net8.0'. This package may not be fully compatible with your project.
C:\Users\ultra\warewolf\Dev\Dev2.Infrastructure\Dev2.Infrastructure.csproj : warning NU1903: Package 'Microsoft.Windows.Compatibility' 6.0.0 has a known high severity vulnerability, https://github.com/advisories/GHSA-555c-2p6r-68mm
C:\Users\ultra\warewolf\Dev\Dev2.Infrastructure\Dev2.Infrastructure.csproj : warning NU1701: Package 'AeroWizard 2.3.1' was restored using '.NETFramework,Version=v4.6.1, .NETFramework,Version=v4.6.2, .NETFramework,Version=v4.7, .NETFramework,Version=v4.7.1, .NETFramework,Version=v4.7.2, .NETFramework,Version=v4.8, .NETFramework,Version=v4.8.1' instead of the project target framework 'net8.0'. This package may not be fully compatible with your project.
C:\Users\ultra\warewolf\Dev\Dev2.Infrastructure\Dev2.Infrastructure.csproj : warning NU1701: Package 'GroupControls 1.9.0' was restored using '.NETFramework,Version=v4.6.1, .NETFramework,Version=v4.6.2, .NETFramework,Version=v4.7, .NETFramework,Version=v4.7.1, .NETFramework,Version=v4.7.2, .NETFramework,Version=v4.8, .NETFramework,Version=v4.8.1' instead of the project target framework 'net8.0'. This package may not be fully compatible with your project.
C:\Users\ultra\warewolf\Dev\Dev2.Infrastructure\Dev2.Infrastructure.csproj : warning NU1701: Package 'ReactiveUI.WPF 18.4.1' was restored using '.NETFramework,Version=v4.6.1, .NETFramework,Version=v4.6.2, .NETFramework,Version=v4.7, .NETFramework,Version=v4.7.1, .NETFramework,Version=v4.7.2, .NETFramework,Version=v4.8, .NETFramework,Version=v4.8.1' instead of the project target framework 'net8.0'. This package may not be fully compatible with your project.
C:\Users\ultra\warewolf\Dev\Dev2.Infrastructure\Dev2.Infrastructure.csproj : warning NU1701: Package 'TaskSchedulerEditor 2.10.1' was restored using '.NETFramework,Version=v4.6.1, .NETFramework,Version=v4.6.2, .NETFramework,Version=v4.7, .NETFramework,Version=v4.7.1, .NETFramework,Version=v4.7.2, .NETFramework,Version=v4.8, .NETFramework,Version=v4.8.1' instead of the project target framework 'net8.0'. This package may not be fully compatible with your project.
C:\Users\ultra\warewolf\Dev\Warewolf.Common\Warewolf.Common.csproj : warning NU1701: Package 'AeroWizard 2.3.1' was restored using '.NETFramework,Version=v4.6.1, .NETFramework,Version=v4.6.2, .NETFramework,Version=v4.7, .NETFramework,Version=v4.7.1, .NETFramework,Version=v4.7.2, .NETFramework,Version=v4.8, .NETFramework,Version=v4.8.1' instead of the project target framework 'net8.0'. This package may not be fully compatible with your project.
C:\Users\ultra\warewolf\Dev\Warewolf.Common\Warewolf.Common.csproj : warning NU1701: Package 'GroupControls 1.9.0' was restored using '.NETFramework,Version=v4.6.1, .NETFramework,Version=v4.6.2, .NETFramework,Version=v4.7, .NETFramework,Version=v4.7.1, .NETFramework,Version=v4.7.2, .NETFramework,Version=v4.8, .NETFramework,Version=v4.8.1' instead of the project target framework 'net8.0'. This package may not be fully compatible with your project.
C:\Users\ultra\warewolf\Dev\Warewolf.Common\Warewolf.Common.csproj : warning NU1701: Package 'TaskSchedulerEditor 2.10.1' was restored using '.NETFramework,Version=v4.6.1, .NETFramework,Version=v4.6.2, .NETFramework,Version=v4.7, .NETFramework,Version=v4.7.1, .NETFramework,Version=v4.7.2, .NETFramework,Version=v4.8, .NETFramework,Version=v4.8.1' instead of the project target framework 'net8.0'. This package may not be fully compatible with your project.
C:\Users\ultra\warewolf\Dev\Dev2.Services.Sql\Dev2.Services.Sql.csproj : warning NU1903: Package 'Oracle.ManagedDataAccess.Core' 3.21.70 has a known high severity vulnerability, https://github.com/advisories/GHSA-5pm2-9mr2-3frq
C:\Users\ultra\warewolf\Dev\Dev2.Services.Sql\Dev2.Services.Sql.csproj : warning NU1701: Package 'AeroWizard 2.3.1' was restored using '.NETFramework,Version=v4.6.1, .NETFramework,Version=v4.6.2, .NETFramework,Version=v4.7, .NETFramework,Version=v4.7.1, .NETFramework,Version=v4.7.2, .NETFramework,Version=v4.8, .NETFramework,Version=v4.8.1' instead of the project target framework 'net8.0'. This package may not be fully compatible with your project.
C:\Users\ultra\warewolf\Dev\Dev2.Services.Sql\Dev2.Services.Sql.csproj : warning NU1701: Package 'GroupControls 1.9.0' was restored using '.NETFramework,Version=v4.6.1, .NETFramework,Version=v4.6.2, .NETFramework,Version=v4.7, .NETFramework,Version=v4.7.1, .NETFramework,Version=v4.7.2, .NETFramework,Version=v4.8, .NETFramework,Version=v4.8.1' instead of the project target framework 'net8.0'. This package may not be fully compatible with your project.
C:\Users\ultra\warewolf\Dev\Dev2.Services.Sql\Dev2.Services.Sql.csproj : warning NU1701: Package 'ReactiveUI.WPF 18.4.1' was restored using '.NETFramework,Version=v4.6.1, .NETFramework,Version=v4.6.2, .NETFramework,Version=v4.7, .NETFramework,Version=v4.7.1, .NETFramework,Version=v4.7.2, .NETFramework,Version=v4.8, .NETFramework,Version=v4.8.1' instead of the project target framework 'net8.0'. This package may not be fully compatible with your project.
C:\Users\ultra\warewolf\Dev\Dev2.Services.Sql\Dev2.Services.Sql.csproj : warning NU1701: Package 'TaskSchedulerEditor 2.10.1' was restored using '.NETFramework,Version=v4.6.1, .NETFramework,Version=v4.6.2, .NETFramework,Version=v4.7, .NETFramework,Version=v4.7.1, .NETFramework,Version=v4.7.2, .NETFramework,Version=v4.8, .NETFramework,Version=v4.8.1' instead of the project target framework 'net8.0'. This package may not be fully compatible with your project.
C:\Users\ultra\warewolf\Dev\Dev2.TaskScheduler.Wrappers\Dev2.TaskScheduler.Wrappers.csproj : warning NU1701: Package 'AeroWizard 2.3.1' was restored using '.NETFramework,Version=v4.6.1, .NETFramework,Version=v4.6.2, .NETFramework,Version=v4.7, .NETFramework,Version=v4.7.1, .NETFramework,Version=v4.7.2, .NETFramework,Version=v4.8, .NETFramework,Version=v4.8.1' instead of the project target framework 'net8.0'. This package may not be fully compatible with your project.
C:\Users\ultra\warewolf\Dev\Dev2.TaskScheduler.Wrappers\Dev2.TaskScheduler.Wrappers.csproj : warning NU1701: Package 'GroupControls 1.9.0' was restored using '.NETFramework,Version=v4.6.1, .NETFramework,Version=v4.6.2, .NETFramework,Version=v4.7, .NETFramework,Version=v4.7.1, .NETFramework,Version=v4.7.2, .NETFramework,Version=v4.8, .NETFramework,Version=v4.8.1' instead of the project target framework 'net8.0'. This package may not be fully compatible with your project.
C:\Users\ultra\warewolf\Dev\Dev2.TaskScheduler.Wrappers\Dev2.TaskScheduler.Wrappers.csproj : warning NU1701: Package 'TaskSchedulerEditor 2.10.1' was restored using '.NETFramework,Version=v4.6.1, .NETFramework,Version=v4.6.2, .NETFramework,Version=v4.7, .NETFramework,Version=v4.7.1, .NETFramework,Version=v4.7.2, .NETFramework,Version=v4.8, .NETFramework,Version=v4.8.1' instead of the project target framework 'net8.0'. This package may not be fully compatible with your project.
  Dev2.Net6.Compatibility -> C:\Users\ultra\warewolf\Dev\Dev2.Net6.Compatibility\bin\Debug\net8.0\Dev2.Net6.Compatibility.dll
C:\Users\ultra\warewolf\Dev\Warewolf.Sharepoint\Warewolf.Sharepoint.csproj : warning NU1701: Package 'AeroWizard 2.3.1' was restored using '.NETFramework,Version=v4.6.1, .NETFramework,Version=v4.6.2, .NETFramework,Version=v4.7, .NETFramework,Version=v4.7.1, .NETFramework,Version=v4.7.2, .NETFramework,Version=v4.8, .NETFramework,Version=v4.8.1' instead of the project target framework 'net8.0'. This package may not be fully compatible with your project.
C:\Users\ultra\warewolf\Dev\Warewolf.Sharepoint\Warewolf.Sharepoint.csproj : warning NU1701: Package 'GroupControls 1.9.0' was restored using '.NETFramework,Version=v4.6.1, .NETFramework,Version=v4.6.2, .NETFramework,Version=v4.7, .NETFramework,Version=v4.7.1, .NETFramework,Version=v4.7.2, .NETFramework,Version=v4.8, .NETFramework,Version=v4.8.1' instead of the project target framework 'net8.0'. This package may not be fully compatible with your project.
C:\Users\ultra\warewolf\Dev\Warewolf.Sharepoint\Warewolf.Sharepoint.csproj : warning NU1701: Package 'ReactiveUI.WPF 18.4.1' was restored using '.NETFramework,Version=v4.6.1, .NETFramework,Version=v4.6.2, .NETFramework,Version=v4.7, .NETFramework,Version=v4.7.1, .NETFramework,Version=v4.7.2, .NETFramework,Version=v4.8, .NETFramework,Version=v4.8.1' instead of the project target framework 'net8.0'. This package may not be fully compatible with your project.
C:\Users\ultra\warewolf\Dev\Warewolf.Sharepoint\Warewolf.Sharepoint.csproj : warning NU1701: Package 'TaskSchedulerEditor 2.10.1' was restored using '.NETFramework,Version=v4.6.1, .NETFramework,Version=v4.6.2, .NETFramework,Version=v4.7, .NETFramework,Version=v4.7.1, .NETFramework,Version=v4.7.2, .NETFramework,Version=v4.8, .NETFramework,Version=v4.8.1' instead of the project target framework 'net8.0'. This package may not be fully compatible with your project.
C:\Users\ultra\warewolf\Dev\Dev2.Studio.Interfaces\Dev2.Studio.Interfaces.csproj : warning NU1701: Package 'AeroWizard 2.3.1' was restored using '.NETFramework,Version=v4.6.1, .NETFramework,Version=v4.6.2, .NETFramework,Version=v4.7, .NETFramework,Version=v4.7.1, .NETFramework,Version=v4.7.2, .NETFramework,Version=v4.8, .NETFramework,Version=v4.8.1' instead of the project target framework 'net8.0'. This package may not be fully compatible with your project.
C:\Users\ultra\warewolf\Dev\Dev2.Studio.Interfaces\Dev2.Studio.Interfaces.csproj : warning NU1701: Package 'GroupControls 1.9.0' was restored using '.NETFramework,Version=v4.6.1, .NETFramework,Version=v4.6.2, .NETFramework,Version=v4.7, .NETFramework,Version=v4.7.1, .NETFramework,Version=v4.7.2, .NETFramework,Version=v4.8, .NETFramework,Version=v4.8.1' instead of the project target framework 'net8.0'. This package may not be fully compatible with your project.
C:\Users\ultra\warewolf\Dev\Dev2.Studio.Interfaces\Dev2.Studio.Interfaces.csproj : warning NU1701: Package 'Microsoft.Xaml.Behaviors.Wpf 1.1.122' was restored using '.NETFramework,Version=v4.6.1, .NETFramework,Version=v4.6.2, .NETFramework,Version=v4.7, .NETFramework,Version=v4.7.1, .NETFramework,Version=v4.7.2, .NETFramework,Version=v4.8, .NETFramework,Version=v4.8.1' instead of the project target framework 'net8.0'. This package may not be fully compatible with your project.
C:\Users\ultra\warewolf\Dev\Dev2.Studio.Interfaces\Dev2.Studio.Interfaces.csproj : warning NU1701: Package 'Prism.Wpf 9.0.537' was restored using '.NETFramework,Version=v4.6.1, .NETFramework,Version=v4.6.2, .NETFramework,Version=v4.7, .NETFramework,Version=v4.7.1, .NETFramework,Version=v4.7.2, .NETFramework,Version=v4.8, .NETFramework,Version=v4.8.1' instead of the project target framework 'net8.0'. This package may not be fully compatible with your project.
C:\Users\ultra\warewolf\Dev\Dev2.Studio.Interfaces\Dev2.Studio.Interfaces.csproj : warning NU1701: Package 'ReactiveUI.WPF 18.4.1' was restored using '.NETFramework,Version=v4.6.1, .NETFramework,Version=v4.6.2, .NETFramework,Version=v4.7, .NETFramework,Version=v4.7.1, .NETFramework,Version=v4.7.2, .NETFramework,Version=v4.8, .NETFramework,Version=v4.8.1' instead of the project target framework 'net8.0'. This package may not be fully compatible with your project.
C:\Users\ultra\warewolf\Dev\Dev2.Studio.Interfaces\Dev2.Studio.Interfaces.csproj : warning NU1701: Package 'TaskSchedulerEditor 2.10.1' was restored using '.NETFramework,Version=v4.6.1, .NETFramework,Version=v4.6.2, .NETFramework,Version=v4.7, .NETFramework,Version=v4.7.1, .NETFramework,Version=v4.7.2, .NETFramework,Version=v4.8, .NETFramework,Version=v4.8.1' instead of the project target framework 'net8.0'. This package may not be fully compatible with your project.
C:\Users\ultra\warewolf\Dev\Dev2.Data.Interfaces\Dev2.Data.Interfaces.csproj : warning NU1903: Package 'DotNetZip' 1.16.0 has a known high severity vulnerability, https://github.com/advisories/GHSA-xhg6-9j5j-w4vf
C:\Users\ultra\warewolf\Dev\Dev2.Data.Interfaces\Dev2.Data.Interfaces.csproj : warning NU1701: Package 'AeroWizard 2.3.1' was restored using '.NETFramework,Version=v4.6.1, .NETFramework,Version=v4.6.2, .NETFramework,Version=v4.7, .NETFramework,Version=v4.7.1, .NETFramework,Version=v4.7.2, .NETFramework,Version=v4.8, .NETFramework,Version=v4.8.1' instead of the project target framework 'net8.0'. This package may not be fully compatible with your project.
C:\Users\ultra\warewolf\Dev\Dev2.Data.Interfaces\Dev2.Data.Interfaces.csproj : warning NU1701: Package 'GroupControls 1.9.0' was restored using '.NETFramework,Version=v4.6.1, .NETFramework,Version=v4.6.2, .NETFramework,Version=v4.7, .NETFramework,Version=v4.7.1, .NETFramework,Version=v4.7.2, .NETFramework,Version=v4.8, .NETFramework,Version=v4.8.1' instead of the project target framework 'net8.0'. This package may not be fully compatible with your project.
C:\Users\ultra\warewolf\Dev\Dev2.Data.Interfaces\Dev2.Data.Interfaces.csproj : warning NU1701: Package 'TaskSchedulerEditor 2.10.1' was restored using '.NETFramework,Version=v4.6.1, .NETFramework,Version=v4.6.2, .NETFramework,Version=v4.7, .NETFramework,Version=v4.7.1, .NETFramework,Version=v4.7.2, .NETFramework,Version=v4.8, .NETFramework,Version=v4.8.1' instead of the project target framework 'net8.0'. This package may not be fully compatible with your project.
C:\Users\ultra\warewolf\Dev\Dev2.Runtime.Configuration\Dev2.Runtime.Configuration.csproj : warning NU1903: Package 'Microsoft.Windows.Compatibility' 6.0.0 has a known high severity vulnerability, https://github.com/advisories/GHSA-555c-2p6r-68mm
C:\Users\ultra\warewolf\Dev\Dev2.Runtime.Configuration\Dev2.Runtime.Configuration.csproj : warning NU1701: Package 'AeroWizard 2.3.1' was restored using '.NETFramework,Version=v4.6.1, .NETFramework,Version=v4.6.2, .NETFramework,Version=v4.7, .NETFramework,Version=v4.7.1, .NETFramework,Version=v4.7.2, .NETFramework,Version=v4.8, .NETFramework,Version=v4.8.1' instead of the project target framework 'net8.0'. This package may not be fully compatible with your project.
C:\Users\ultra\warewolf\Dev\Dev2.Runtime.Configuration\Dev2.Runtime.Configuration.csproj : warning NU1701: Package 'GroupControls 1.9.0' was restored using '.NETFramework,Version=v4.6.1, .NETFramework,Version=v4.6.2, .NETFramework,Version=v4.7, .NETFramework,Version=v4.7.1, .NETFramework,Version=v4.7.2, .NETFramework,Version=v4.8, .NETFramework,Version=v4.8.1' instead of the project target framework 'net8.0'. This package may not be fully compatible with your project.
C:\Users\ultra\warewolf\Dev\Dev2.Runtime.Configuration\Dev2.Runtime.Configuration.csproj : warning NU1701: Package 'TaskSchedulerEditor 2.10.1' was restored using '.NETFramework,Version=v4.6.1, .NETFramework,Version=v4.6.2, .NETFramework,Version=v4.7, .NETFramework,Version=v4.7.1, .NETFramework,Version=v4.7.2, .NETFramework,Version=v4.8, .NETFramework,Version=v4.8.1' instead of the project target framework 'net8.0'. This package may not be fully compatible with your project.
C:\Users\ultra\warewolf\Dev\Warewolf.Driver.Serilog\Warewolf.Driver.Serilog.csproj : warning NU1701: Package 'AeroWizard 2.3.1' was restored using '.NETFramework,Version=v4.6.1, .NETFramework,Version=v4.6.2, .NETFramework,Version=v4.7, .NETFramework,Version=v4.7.1, .NETFramework,Version=v4.7.2, .NETFramework,Version=v4.8, .NETFramework,Version=v4.8.1' instead of the project target framework 'net8.0'. This package may not be fully compatible with your project.
C:\Users\ultra\warewolf\Dev\Warewolf.AI.Harness\Warewolf.AI.Harness.csproj : warning NU1701: Package 'AeroWizard 2.3.1' was restored using '.NETFramework,Version=v4.6.1, .NETFramework,Version=v4.6.2, .NETFramework,Version=v4.7, .NETFramework,Version=v4.7.1, .NETFramework,Version=v4.7.2, .NETFramework,Version=v4.8, .NETFramework,Version=v4.8.1' instead of the project target framework 'net8.0'. This package may not be fully compatible with your project.
C:\Users\ultra\warewolf\Dev\Warewolf.AI.Harness\Warewolf.AI.Harness.csproj : warning NU1701: Package 'GroupControls 1.9.0' was restored using '.NETFramework,Version=v4.6.1, .NETFramework,Version=v4.6.2, .NETFramework,Version=v4.7, .NETFramework,Version=v4.7.1, .NETFramework,Version=v4.7.2, .NETFramework,Version=v4.8, .NETFramework,Version=v4.8.1' instead of the project target framework 'net8.0'. This package may not be fully compatible with your project.
C:\Users\ultra\warewolf\Dev\Warewolf.AI.Harness\Warewolf.AI.Harness.csproj : warning NU1701: Package 'TaskSchedulerEditor 2.10.1' was restored using '.NETFramework,Version=v4.6.1, .NETFramework,Version=v4.6.2, .NETFramework,Version=v4.7, .NETFramework,Version=v4.7.1, .NETFramework,Version=v4.7.2, .NETFramework,Version=v4.8, .NETFramework,Version=v4.8.1' instead of the project target framework 'net8.0'. This package may not be fully compatible with your project.
C:\Users\ultra\warewolf\Dev\Warewolf.Driver.Serilog\Warewolf.Driver.Serilog.csproj : warning NU1701: Package 'GroupControls 1.9.0' was restored using '.NETFramework,Version=v4.6.1, .NETFramework,Version=v4.6.2, .NETFramework,Version=v4.7, .NETFramework,Version=v4.7.1, .NETFramework,Version=v4.7.2, .NETFramework,Version=v4.8, .NETFramework,Version=v4.8.1' instead of the project target framework 'net8.0'. This package may not be fully compatible with your project.
C:\Users\ultra\warewolf\Dev\Warewolf.Driver.Serilog\Warewolf.Driver.Serilog.csproj : warning NU1701: Package 'ReactiveUI.WPF 18.4.1' was restored using '.NETFramework,Version=v4.6.1, .NETFramework,Version=v4.6.2, .NETFramework,Version=v4.7, .NETFramework,Version=v4.7.1, .NETFramework,Version=v4.7.2, .NETFramework,Version=v4.8, .NETFramework,Version=v4.8.1' instead of the project target framework 'net8.0'. This package may not be fully compatible with your project.
C:\Users\ultra\warewolf\Dev\Warewolf.Driver.Serilog\Warewolf.Driver.Serilog.csproj : warning NU1701: Package 'TaskSchedulerEditor 2.10.1' was restored using '.NETFramework,Version=v4.6.1, .NETFramework,Version=v4.6.2, .NETFramework,Version=v4.7, .NETFramework,Version=v4.7.1, .NETFramework,Version=v4.7.2, .NETFramework,Version=v4.8, .NETFramework,Version=v4.8.1' instead of the project target framework 'net8.0'. This package may not be fully compatible with your project.
C:\Users\ultra\warewolf\Dev\Warewolf.Auditing\Warewolf.Auditing.csproj : warning NU1701: Package 'AeroWizard 2.3.1' was restored using '.NETFramework,Version=v4.6.1, .NETFramework,Version=v4.6.2, .NETFramework,Version=v4.7, .NETFramework,Version=v4.7.1, .NETFramework,Version=v4.7.2, .NETFramework,Version=v4.8, .NETFramework,Version=v4.8.1' instead of the project target framework 'net8.0'. This package may not be fully compatible with your project.
C:\Users\ultra\warewolf\Dev\Warewolf.Auditing\Warewolf.Auditing.csproj : warning NU1701: Package 'GroupControls 1.9.0' was restored using '.NETFramework,Version=v4.6.1, .NETFramework,Version=v4.6.2, .NETFramework,Version=v4.7, .NETFramework,Version=v4.7.1, .NETFramework,Version=v4.7.2, .NETFramework,Version=v4.8, .NETFramework,Version=v4.8.1' instead of the project target framework 'net8.0'. This package may not be fully compatible with your project.
C:\Users\ultra\warewolf\Dev\Warewolf.Auditing\Warewolf.Auditing.csproj : warning NU1701: Package 'ReactiveUI.WPF 18.4.1' was restored using '.NETFramework,Version=v4.6.1, .NETFramework,Version=v4.6.2, .NETFramework,Version=v4.7, .NETFramework,Version=v4.7.1, .NETFramework,Version=v4.7.2, .NETFramework,Version=v4.8, .NETFramework,Version=v4.8.1' instead of the project target framework 'net8.0'. This package may not be fully compatible with your project.
C:\Users\ultra\warewolf\Dev\Warewolf.Auditing\Warewolf.Auditing.csproj : warning NU1701: Package 'TaskSchedulerEditor 2.10.1' was restored using '.NETFramework,Version=v4.6.1, .NETFramework,Version=v4.6.2, .NETFramework,Version=v4.7, .NETFramework,Version=v4.7.1, .NETFramework,Version=v4.7.2, .NETFramework,Version=v4.8, .NETFramework,Version=v4.8.1' instead of the project target framework 'net8.0'. This package may not be fully compatible with your project.
  Log4Net.Async -> C:\Users\ultra\warewolf\Dev\Log4Net.Async\bin\Debug\net8.0\Log4Net.Async.dll
C:\Users\ultra\warewolf\Dev\Warewolf.Security\Warewolf.Security.csproj : warning NU1904: Package 'System.Drawing.Common' 4.5.1 has a known critical severity vulnerability, https://github.com/advisories/GHSA-rxg9-xrhp-64gj
C:\Users\ultra\warewolf\Dev\Warewolf.Licensing\Warewolf.Licensing.csproj : warning NU1701: Package 'AeroWizard 2.3.1' was restored using '.NETFramework,Version=v4.6.1, .NETFramework,Version=v4.6.2, .NETFramework,Version=v4.7, .NETFramework,Version=v4.7.1, .NETFramework,Version=v4.7.2, .NETFramework,Version=v4.8, .NETFramework,Version=v4.8.1' instead of the project target framework 'net8.0'. This package may not be fully compatible with your project.
C:\Users\ultra\warewolf\Dev\Warewolf.Licensing\Warewolf.Licensing.csproj : warning NU1701: Package 'GroupControls 1.9.0' was restored using '.NETFramework,Version=v4.6.1, .NETFramework,Version=v4.6.2, .NETFramework,Version=v4.7, .NETFramework,Version=v4.7.1, .NETFramework,Version=v4.7.2, .NETFramework,Version=v4.8, .NETFramework,Version=v4.8.1' instead of the project target framework 'net8.0'. This package may not be fully compatible with your project.
C:\Users\ultra\warewolf\Dev\Warewolf.Licensing\Warewolf.Licensing.csproj : warning NU1701: Package 'TaskSchedulerEditor 2.10.1' was restored using '.NETFramework,Version=v4.6.1, .NETFramework,Version=v4.6.2, .NETFramework,Version=v4.7, .NETFramework,Version=v4.7.1, .NETFramework,Version=v4.7.2, .NETFramework,Version=v4.8, .NETFramework,Version=v4.8.1' instead of the project target framework 'net8.0'. This package may not be fully compatible with your project.
  Warewolf.Common.Interfaces.NetStandard20 -> C:\Users\ultra\warewolf\Dev\Warewolf.Common.Interfaces.NetStandard20\bin\Debug\net8.0\Warewolf.Common.Interfaces.NetStandard20.dll
  Dev2.SignalR.Wrappers.Interfaces -> C:\Users\ultra\warewolf\Dev\Dev2.SignalR.Wrappers\bin\Debug\net8.0\Dev2.SignalR.Wrappers.dll
C:\Users\ultra\warewolf\Dev\Warewolf.Interfaces\Data\ChatbotSettingsData.cs(20,23): warning CS0169: The field 'ChatbotSettingsData._encryptDataSource' is never used [C:\Users\ultra\warewolf\Dev\Warewolf.Interfaces\Warewolf.Interfaces.csproj]
C:\Users\ultra\warewolf\Dev\Warewolf.Interfaces\Auditing\SerializableException.cs(15,7): warning CS0414: The field 'SerializableException.HResult' is assigned but its value is never used [C:\Users\ultra\warewolf\Dev\Warewolf.Interfaces\Warewolf.Interfaces.csproj]
C:\Users\ultra\warewolf\Dev\Warewolf.Common.NetStandard20\Warewolf.Common.NetStandard20.csproj : warning NU1701: Package 'AeroWizard 2.3.1' was restored using '.NETFramework,Version=v4.6.1, .NETFramework,Version=v4.6.2, .NETFramework,Version=v4.7, .NETFramework,Version=v4.7.1, .NETFramework,Version=v4.7.2, .NETFramework,Version=v4.8, .NETFramework,Version=v4.8.1' instead of the project target framework 'net8.0'. This package may not be fully compatible with your project.
C:\Users\ultra\warewolf\Dev\Warewolf.Common.NetStandard20\Warewolf.Common.NetStandard20.csproj : warning NU1701: Package 'GroupControls 1.9.0' was restored using '.NETFramework,Version=v4.6.1, .NETFramework,Version=v4.6.2, .NETFramework,Version=v4.7, .NETFramework,Version=v4.7.1, .NETFramework,Version=v4.7.2, .NETFramework,Version=v4.8, .NETFramework,Version=v4.8.1' instead of the project target framework 'net8.0'. This package may not be fully compatible with your project.
C:\Users\ultra\warewolf\Dev\Warewolf.Common.NetStandard20\Warewolf.Common.NetStandard20.csproj : warning NU1701: Package 'ReactiveUI.WPF 18.4.1' was restored using '.NETFramework,Version=v4.6.1, .NETFramework,Version=v4.6.2, .NETFramework,Version=v4.7, .NETFramework,Version=v4.7.1, .NETFramework,Version=v4.7.2, .NETFramework,Version=v4.8, .NETFramework,Version=v4.8.1' instead of the project target framework 'net8.0'. This package may not be fully compatible with your project.
C:\Users\ultra\warewolf\Dev\Warewolf.Common.NetStandard20\Warewolf.Common.NetStandard20.csproj : warning NU1701: Package 'TaskSchedulerEditor 2.10.1' was restored using '.NETFramework,Version=v4.6.1, .NETFramework,Version=v4.6.2, .NETFramework,Version=v4.7, .NETFramework,Version=v4.7.1, .NETFramework,Version=v4.7.2, .NETFramework,Version=v4.8, .NETFramework,Version=v4.8.1' instead of the project target framework 'net8.0'. This package may not be fully compatible with your project.
C:\Users\ultra\warewolf\Dev\Dev2.Util\Dev2.Util.csproj : warning NU1903: Package 'Microsoft.Windows.Compatibility' 6.0.0 has a known high severity vulnerability, https://github.com/advisories/GHSA-555c-2p6r-68mm
C:\Users\ultra\warewolf\Dev\Dev2.Util\Dev2.Util.csproj : warning NU1701: Package 'AeroWizard 2.3.1' was restored using '.NETFramework,Version=v4.6.1, .NETFramework,Version=v4.6.2, .NETFramework,Version=v4.7, .NETFramework,Version=v4.7.1, .NETFramework,Version=v4.7.2, .NETFramework,Version=v4.8, .NETFramework,Version=v4.8.1' instead of the project target framework 'net8.0'. This package may not be fully compatible with your project.
C:\Users\ultra\warewolf\Dev\Dev2.Util\Dev2.Util.csproj : warning NU1701: Package 'GroupControls 1.9.0' was restored using '.NETFramework,Version=v4.6.1, .NETFramework,Version=v4.6.2, .NETFramework,Version=v4.7, .NETFramework,Version=v4.7.1, .NETFramework,Version=v4.7.2, .NETFramework,Version=v4.8, .NETFramework,Version=v4.8.1' instead of the project target framework 'net8.0'. This package may not be fully compatible with your project.
C:\Users\ultra\warewolf\Dev\Dev2.Util\Dev2.Util.csproj : warning NU1701: Package 'TaskSchedulerEditor 2.10.1' was restored using '.NETFramework,Version=v4.6.1, .NETFramework,Version=v4.6.2, .NETFramework,Version=v4.7, .NETFramework,Version=v4.7.1, .NETFramework,Version=v4.7.2, .NETFramework,Version=v4.8, .NETFramework,Version=v4.8.1' instead of the project target framework 'net8.0'. This package may not be fully compatible with your project.
  Warewolf.ServiceDefinitions -> C:\Users\ultra\warewolf\Dev\Warewolf.ServiceDefinitions\bin\Debug\net8.0\Warewolf.ServiceDefinitions.dll
  Warewolf.Interfaces -> C:\Users\ultra\warewolf\Dev\Warewolf.Interfaces\bin\Debug\net8.0\Warewolf.Interfaces.dll
  Warewolf.Resource -> C:\Users\ultra\warewolf\Dev\Warewolf.Resource\bin\Debug\net8.0\Warewolf.Resource.dll
C:\Users\ultra\warewolf\Dev\Warewolf.Data\Warewolf.Data.csproj : warning NU1701: Package 'AeroWizard 2.3.1' was restored using '.NETFramework,Version=v4.6.1, .NETFramework,Version=v4.6.2, .NETFramework,Version=v4.7, .NETFramework,Version=v4.7.1, .NETFramework,Version=v4.7.2, .NETFramework,Version=v4.8, .NETFramework,Version=v4.8.1' instead of the project target framework 'net8.0'. This package may not be fully compatible with your project.
C:\Users\ultra\warewolf\Dev\Warewolf.Data\Warewolf.Data.csproj : warning NU1701: Package 'GroupControls 1.9.0' was restored using '.NETFramework,Version=v4.6.1, .NETFramework,Version=v4.6.2, .NETFramework,Version=v4.7, .NETFramework,Version=v4.7.1, .NETFramework,Version=v4.7.2, .NETFramework,Version=v4.8, .NETFramework,Version=v4.8.1' instead of the project target framework 'net8.0'. This package may not be fully compatible with your project.
C:\Users\ultra\warewolf\Dev\Warewolf.Data\Warewolf.Data.csproj : warning NU1701: Package 'TaskSchedulerEditor 2.10.1' was restored using '.NETFramework,Version=v4.6.1, .NETFramework,Version=v4.6.2, .NETFramework,Version=v4.7, .NETFramework,Version=v4.7.1, .NETFramework,Version=v4.7.2, .NETFramework,Version=v4.8, .NETFramework,Version=v4.8.1' instead of the project target framework 'net8.0'. This package may not be fully compatible with your project.
  GACManagerApi -> C:\Users\ultra\warewolf\Dev\GACManagerApi\bin\Debug\net8.0\GACManagerApi.dll
  Consider app.config remapping of assembly "System.Runtime.CompilerServices.Unsafe, Culture=neutral, PublicKeyToken=b03f5f7f11d50a3a" from Version "6.0.0.0" [] to Version "8.0.0.0" [C:\Program Files\dotnet\packs\Microsoft.NETCore.App.Ref\8.0.25\ref\net8.0\System.Runtime.CompilerServices.Unsafe.dll] to solve conflict and get rid of warning.
C:\Users\ultra\warewolf\Dev\Warewolf.Security\Encryption\AESThenHMAC.cs(168,34): warning SYSLIB0021: 'AesManaged' is obsolete: 'Derived cryptographic types are obsolete. Use the Create method on the base type instead.' (https://aka.ms/dotnet-warnings/SYSLIB0021) [C:\Users\ultra\warewolf\Dev\Warewolf.Security\Warewolf.Security.csproj]
C:\Users\ultra\warewolf\Dev\Warewolf.Security\Encryption\AESThenHMAC.cs(264,38): warning SYSLIB0021: 'AesManaged' is obsolete: 'Derived cryptographic types are obsolete. Use the Create method on the base type instead.' (https://aka.ms/dotnet-warnings/SYSLIB0021) [C:\Users\ultra\warewolf\Dev\Warewolf.Security\Warewolf.Security.csproj]
C:\Users\ultra\warewolf\Dev\Warewolf.Security\Encryption\AESThenHMAC.cs(331,36): warning SYSLIB0041: 'Rfc2898DeriveBytes.Rfc2898DeriveBytes(string, int, int)' is obsolete: 'The default hash algorithm and iteration counts in Rfc2898DeriveBytes constructors are outdated and insecure. Use a constructor that accepts the hash algorithm and the number of iterations.' (https://aka.ms/dotnet-warnings/SYSLIB0041) [C:\Users\ultra\warewolf\Dev\Warewolf.Security\Warewolf.Security.csproj]
C:\Users\ultra\warewolf\Dev\Warewolf.Security\Encryption\AESThenHMAC.cs(345,36): warning SYSLIB0041: 'Rfc2898DeriveBytes.Rfc2898DeriveBytes(string, int, int)' is obsolete: 'The default hash algorithm and iteration counts in Rfc2898DeriveBytes constructors are outdated and insecure. Use a constructor that accepts the hash algorithm and the number of iterations.' (https://aka.ms/dotnet-warnings/SYSLIB0041) [C:\Users\ultra\warewolf\Dev\Warewolf.Security\Warewolf.Security.csproj]
C:\Users\ultra\warewolf\Dev\Warewolf.Security\Encryption\AESThenHMAC.cs(393,36): warning SYSLIB0041: 'Rfc2898DeriveBytes.Rfc2898DeriveBytes(string, byte[], int)' is obsolete: 'The default hash algorithm and iteration counts in Rfc2898DeriveBytes constructors are outdated and insecure. Use a constructor that accepts the hash algorithm and the number of iterations.' (https://aka.ms/dotnet-warnings/SYSLIB0041) [C:\Users\ultra\warewolf\Dev\Warewolf.Security\Warewolf.Security.csproj]
C:\Users\ultra\warewolf\Dev\Warewolf.Security\Encryption\AESThenHMAC.cs(398,36): warning SYSLIB0041: 'Rfc2898DeriveBytes.Rfc2898DeriveBytes(string, byte[], int)' is obsolete: 'The default hash algorithm and iteration counts in Rfc2898DeriveBytes constructors are outdated and insecure. Use a constructor that accepts the hash algorithm and the number of iterations.' (https://aka.ms/dotnet-warnings/SYSLIB0041) [C:\Users\ultra\warewolf\Dev\Warewolf.Security\Warewolf.Security.csproj]
  Warewolf.Security -> C:\Users\ultra\warewolf\Dev\Warewolf.Security\bin\Debug\net8.0\Warewolf.Security.dll
  Warewolf.Studio.Resources -> C:\Users\ultra\warewolf\Dev\Warewolf.Studio.Resources\bin\Debug\net8.0\Warewolf.Studio.Resources.dll
C:\Users\ultra\warewolf\Dev\Dev2.Runtime.Services\Dev2.Runtime.Services.csproj : warning NU1902: Package 'MessagePack' 2.4.59 has a known moderate severity vulnerability, https://github.com/advisories/GHSA-4qm4-8hg2-g2xm
C:\Users\ultra\warewolf\Dev\Dev2.Runtime.Services\Dev2.Runtime.Services.csproj : warning NU1903: Package 'Microsoft.Windows.Compatibility' 6.0.0 has a known high severity vulnerability, https://github.com/advisories/GHSA-555c-2p6r-68mm
C:\Users\ultra\warewolf\Dev\Dev2.Runtime.Services\Dev2.Runtime.Services.csproj : warning NU1701: Package 'AeroWizard 2.3.1' was restored using '.NETFramework,Version=v4.6.1, .NETFramework,Version=v4.6.2, .NETFramework,Version=v4.7, .NETFramework,Version=v4.7.1, .NETFramework,Version=v4.7.2, .NETFramework,Version=v4.8, .NETFramework,Version=v4.8.1' instead of the project target framework 'net8.0'. This package may not be fully compatible with your project.
C:\Users\ultra\warewolf\Dev\Dev2.Runtime.Services\Dev2.Runtime.Services.csproj : warning NU1701: Package 'GroupControls 1.9.0' was restored using '.NETFramework,Version=v4.6.1, .NETFramework,Version=v4.6.2, .NETFramework,Version=v4.7, .NETFramework,Version=v4.7.1, .NETFramework,Version=v4.7.2, .NETFramework,Version=v4.8, .NETFramework,Version=v4.8.1' instead of the project target framework 'net8.0'. This package may not be fully compatible with your project.
C:\Users\ultra\warewolf\Dev\Dev2.Runtime.Services\Dev2.Runtime.Services.csproj : warning NU1701: Package 'ReactiveUI.WPF 18.4.1' was restored using '.NETFramework,Version=v4.6.1, .NETFramework,Version=v4.6.2, .NETFramework,Version=v4.7, .NETFramework,Version=v4.7.1, .NETFramework,Version=v4.7.2, .NETFramework,Version=v4.8, .NETFramework,Version=v4.8.1' instead of the project target framework 'net8.0'. This package may not be fully compatible with your project.
C:\Users\ultra\warewolf\Dev\Dev2.Runtime.Services\Dev2.Runtime.Services.csproj : warning NU1701: Package 'TaskSchedulerEditor 2.10.1' was restored using '.NETFramework,Version=v4.6.1, .NETFramework,Version=v4.6.2, .NETFramework,Version=v4.7, .NETFramework,Version=v4.7.1, .NETFramework,Version=v4.7.2, .NETFramework,Version=v4.8, .NETFramework,Version=v4.8.1' instead of the project target framework 'net8.0'. This package may not be fully compatible with your project.
C:\Users\ultra\warewolf\Dev\Warewolf.Core\Warewolf.Core.csproj : warning NU1903: Package 'Microsoft.Windows.Compatibility' 6.0.0 has a known high severity vulnerability, https://github.com/advisories/GHSA-555c-2p6r-68mm
C:\Users\ultra\warewolf\Dev\Warewolf.Core\Warewolf.Core.csproj : warning NU1701: Package 'AeroWizard 2.3.1' was restored using '.NETFramework,Version=v4.6.1, .NETFramework,Version=v4.6.2, .NETFramework,Version=v4.7, .NETFramework,Version=v4.7.1, .NETFramework,Version=v4.7.2, .NETFramework,Version=v4.8, .NETFramework,Version=v4.8.1' instead of the project target framework 'net8.0'. This package may not be fully compatible with your project.
C:\Users\ultra\warewolf\Dev\Warewolf.Core\Warewolf.Core.csproj : warning NU1701: Package 'GroupControls 1.9.0' was restored using '.NETFramework,Version=v4.6.1, .NETFramework,Version=v4.6.2, .NETFramework,Version=v4.7, .NETFramework,Version=v4.7.1, .NETFramework,Version=v4.7.2, .NETFramework,Version=v4.8, .NETFramework,Version=v4.8.1' instead of the project target framework 'net8.0'. This package may not be fully compatible with your project.
C:\Users\ultra\warewolf\Dev\Warewolf.Core\Warewolf.Core.csproj : warning NU1701: Package 'ReactiveUI.WPF 18.4.1' was restored using '.NETFramework,Version=v4.6.1, .NETFramework,Version=v4.6.2, .NETFramework,Version=v4.7, .NETFramework,Version=v4.7.1, .NETFramework,Version=v4.7.2, .NETFramework,Version=v4.8, .NETFramework,Version=v4.8.1' instead of the project target framework 'net8.0'. This package may not be fully compatible with your project.
C:\Users\ultra\warewolf\Dev\Warewolf.Core\Warewolf.Core.csproj : warning NU1701: Package 'TaskSchedulerEditor 2.10.1' was restored using '.NETFramework,Version=v4.6.1, .NETFramework,Version=v4.6.2, .NETFramework,Version=v4.7, .NETFramework,Version=v4.7.1, .NETFramework,Version=v4.7.2, .NETFramework,Version=v4.8, .NETFramework,Version=v4.8.1' instead of the project target framework 'net8.0'. This package may not be fully compatible with your project.
C:\Users\ultra\warewolf\Dev\Warewolf.ResourceManagement\Warewolf.ResourceManagement.csproj : warning NU1701: Package 'AeroWizard 2.3.1' was restored using '.NETFramework,Version=v4.6.1, .NETFramework,Version=v4.6.2, .NETFramework,Version=v4.7, .NETFramework,Version=v4.7.1, .NETFramework,Version=v4.7.2, .NETFramework,Version=v4.8, .NETFramework,Version=v4.8.1' instead of the project target framework 'net8.0'. This package may not be fully compatible with your project.
C:\Users\ultra\warewolf\Dev\Warewolf.ResourceManagement\Warewolf.ResourceManagement.csproj : warning NU1701: Package 'GroupControls 1.9.0' was restored using '.NETFramework,Version=v4.6.1, .NETFramework,Version=v4.6.2, .NETFramework,Version=v4.7, .NETFramework,Version=v4.7.1, .NETFramework,Version=v4.7.2, .NETFramework,Version=v4.8, .NETFramework,Version=v4.8.1' instead of the project target framework 'net8.0'. This package may not be fully compatible with your project.
C:\Users\ultra\warewolf\Dev\Warewolf.ResourceManagement\Warewolf.ResourceManagement.csproj : warning NU1701: Package 'ReactiveUI.WPF 18.4.1' was restored using '.NETFramework,Version=v4.6.1, .NETFramework,Version=v4.6.2, .NETFramework,Version=v4.7, .NETFramework,Version=v4.7.1, .NETFramework,Version=v4.7.2, .NETFramework,Version=v4.8, .NETFramework,Version=v4.8.1' instead of the project target framework 'net8.0'. This package may not be fully compatible with your project.
C:\Users\ultra\warewolf\Dev\Warewolf.ResourceManagement\Warewolf.ResourceManagement.csproj : warning NU1701: Package 'TaskSchedulerEditor 2.10.1' was restored using '.NETFramework,Version=v4.6.1, .NETFramework,Version=v4.6.2, .NETFramework,Version=v4.7, .NETFramework,Version=v4.7.1, .NETFramework,Version=v4.7.2, .NETFramework,Version=v4.8, .NETFramework,Version=v4.8.1' instead of the project target framework 'net8.0'. This package may not be fully compatible with your project.
  Warewolf.Weave -> C:\Users\ultra\warewolf\Dev\Warewolf.Weave\bin\Debug\net8.0\Warewolf.Weave.dll
  Warewolf.Driver.Redis -> C:\Users\ultra\warewolf\Dev\Warewolf.Driver.Redis\bin\Debug\net8.0\Warewolf.Driver.Redis.dll
C:\Users\ultra\warewolf\Dev\Dev2.Scheduler\Dev2.Scheduler.csproj : warning NU1701: Package 'AeroWizard 2.3.1' was restored using '.NETFramework,Version=v4.6.1, .NETFramework,Version=v4.6.2, .NETFramework,Version=v4.7, .NETFramework,Version=v4.7.1, .NETFramework,Version=v4.7.2, .NETFramework,Version=v4.8, .NETFramework,Version=v4.8.1' instead of the project target framework 'net8.0'. This package may not be fully compatible with your project.
C:\Users\ultra\warewolf\Dev\Dev2.Scheduler\Dev2.Scheduler.csproj : warning NU1701: Package 'GroupControls 1.9.0' was restored using '.NETFramework,Version=v4.6.1, .NETFramework,Version=v4.6.2, .NETFramework,Version=v4.7, .NETFramework,Version=v4.7.1, .NETFramework,Version=v4.7.2, .NETFramework,Version=v4.8, .NETFramework,Version=v4.8.1' instead of the project target framework 'net8.0'. This package may not be fully compatible with your project.
C:\Users\ultra\warewolf\Dev\Dev2.Scheduler\Dev2.Scheduler.csproj : warning NU1701: Package 'ReactiveUI.WPF 18.4.1' was restored using '.NETFramework,Version=v4.6.1, .NETFramework,Version=v4.6.2, .NETFramework,Version=v4.7, .NETFramework,Version=v4.7.1, .NETFramework,Version=v4.7.2, .NETFramework,Version=v4.8, .NETFramework,Version=v4.8.1' instead of the project target framework 'net8.0'. This package may not be fully compatible with your project.
C:\Users\ultra\warewolf\Dev\Dev2.Scheduler\Dev2.Scheduler.csproj : warning NU1701: Package 'TaskSchedulerEditor 2.10.1' was restored using '.NETFramework,Version=v4.6.1, .NETFramework,Version=v4.6.2, .NETFramework,Version=v4.7, .NETFramework,Version=v4.7.1, .NETFramework,Version=v4.7.2, .NETFramework,Version=v4.8, .NETFramework,Version=v4.8.1' instead of the project target framework 'net8.0'. This package may not be fully compatible with your project.
  Warewolf.Driver.RabbitMQ -> C:\Users\ultra\warewolf\Dev\Warewolf.Driver.RabbitMQ\bin\Debug\net8.0\Warewolf.Driver.RabbitMQ.dll
C:\Users\ultra\warewolf\Dev\Dev2.Common.Interfaces\Attribute\ReasonAttribute.cs(13,18): warning CC0023: Mark 'ReasonAttribute' as sealed. (https://code-cracker.github.io/diagnostics/CC0023.html) [C:\Users\ultra\warewolf\Dev\Dev2.Common.Interfaces\Dev2.Common.Interfaces.csproj]
C:\Users\ultra\warewolf\Dev\Dev2.Common.Interfaces\Wrappers\IDirectoryEntry.cs(190,35): warning CC0057: Parameter 'path' is not used. (https://code-cracker.github.io/diagnostics/CC0057.html) [C:\Users\ultra\warewolf\Dev\Dev2.Common.Interfaces\Dev2.Common.Interfaces.csproj]
C:\Users\ultra\warewolf\Dev\Dev2.Common.Interfaces\DllListing.cs(97,17): warning CC0105: Use 'var' instead of specifying the type name. (https://code-cracker.github.io/diagnostics/CC0105.html) [C:\Users\ultra\warewolf\Dev\Dev2.Common.Interfaces\Dev2.Common.Interfaces.csproj]
C:\Users\ultra\warewolf\Dev\Dev2.Common.Interfaces\DllListing.cs(98,17): warning CC0105: Use 'var' instead of specifying the type name. (https://code-cracker.github.io/diagnostics/CC0105.html) [C:\Users\ultra\warewolf\Dev\Dev2.Common.Interfaces\Dev2.Common.Interfaces.csproj]
C:\Users\ultra\warewolf\Dev\Dev2.Common.Interfaces\Runtime\Services\IStreamContentFactory.cs(48,21): warning CC0029: 'StreamContentWrapper' should call GC.SuppressFinalize inside the Dispose method. (https://code-cracker.github.io/diagnostics/CC0029.html) [C:\Users\ultra\warewolf\Dev\Dev2.Common.Interfaces\Dev2.Common.Interfaces.csproj]
  Warewolf.Parser.Interop -> C:\Users\ultra\warewolf\Dev\Warewolf.Parser.Interop\bin\Debug\net8.0\WarewolfParserInterop.dll
  Dev2.Common.Interfaces -> C:\Users\ultra\warewolf\Dev\Dev2.Common.Interfaces\bin\Debug\net8.0\Dev2.Common.Interfaces.dll
C:\Users\ultra\warewolf\Dev\Warewolf.Language.Parser\EvaluationFunctions.fs(277,15): warning FS3548: Pattern discard is not allowed for union case that takes no data. [C:\Users\ultra\warewolf\Dev\Warewolf.Language.Parser\Warewolf.Language.Parser.fsproj]
C:\Users\ultra\warewolf\Dev\Warewolf.Language.Parser\EvaluationFunctions.fs(305,15): warning FS3548: Pattern discard is not allowed for union case that takes no data. [C:\Users\ultra\warewolf\Dev\Warewolf.Language.Parser\Warewolf.Language.Parser.fsproj]
C:\Users\ultra\warewolf\Dev\Warewolf.Language.Parser\EvaluationFunctions.fs(748,21): warning FS3873: This construct is deprecated. Sequence expressions should be of the form 'seq { ... }' [C:\Users\ultra\warewolf\Dev\Warewolf.Language.Parser\Warewolf.Language.Parser.fsproj]
C:\Users\ultra\warewolf\Dev\Warewolf.Language.Parser\EvaluationFunctions.fs(751,28): warning FS3873: This construct is deprecated. Sequence expressions should be of the form 'seq { ... }' [C:\Users\ultra\warewolf\Dev\Warewolf.Language.Parser\Warewolf.Language.Parser.fsproj]
C:\Users\ultra\warewolf\Dev\Warewolf.Language.Parser\WarewolfDataEvaluationCommon.fs(593,21): warning FS3873: This construct is deprecated. Sequence expressions should be of the form 'seq { ... }' [C:\Users\ultra\warewolf\Dev\Warewolf.Language.Parser\Warewolf.Language.Parser.fsproj]
C:\Users\ultra\warewolf\Dev\Warewolf.Language.Parser\WarewolfDataEvaluationCommon.fs(596,28): warning FS3873: This construct is deprecated. Sequence expressions should be of the form 'seq { ... }' [C:\Users\ultra\warewolf\Dev\Warewolf.Language.Parser\Warewolf.Language.Parser.fsproj]
C:\Users\ultra\warewolf\Dev\Warewolf.Data\NamedInt.cs(160,21): warning CA2200: Re-throwing caught exception changes stack information (https://learn.microsoft.com/dotnet/fundamentals/code-analysis/quality-rules/ca2200) [C:\Users\ultra\warewolf\Dev\Warewolf.Data\Warewolf.Data.csproj]
  Warewolf.Data -> C:\Users\ultra\warewolf\Dev\Warewolf.Data\bin\Debug\net8.0\Warewolf.Data.dll
  Warewolf.Language.Parser -> C:\Users\ultra\warewolf\Dev\Warewolf.Language.Parser\bin\Debug\net8.0\Warewolf.Language.Parser.dll
  Warewolf.Storage.Interfaces -> C:\Users\ultra\warewolf\Dev\Warewolf.Storage.Interfaces\bin\Debug\net8.0\Warewolf.Storage.Interfaces.dll
  Warewolf.Common -> C:\Users\ultra\warewolf\Dev\Warewolf.Common\bin\Debug\net8.0\Warewolf.Common.dll
  Dev2.Data.Interfaces -> C:\Users\ultra\warewolf\Dev\Dev2.Data.Interfaces\bin\Debug\net8.0\Dev2.Data.Interfaces.dll
C:\Users\ultra\warewolf\Dev\Dev2.Common\ExtMethods\StringExtension.cs(302,13): warning CC0004: Empty Catch Block. (https://code-cracker.github.io/diagnostics/CC0004.html) [C:\Users\ultra\warewolf\Dev\Dev2.Common\Dev2.Common.csproj]
  Dev2.Common -> C:\Users\ultra\warewolf\Dev\Dev2.Common\bin\Debug\net8.0\Dev2.Common.dll
  Dev2.Util -> C:\Users\ultra\warewolf\Dev\Dev2.Util\bin\Debug\net8.0\Dev2.Util.dll
C:\Users\ultra\warewolf\Dev\Dev2.TaskScheduler.Wrappers\Dev2TaskEvent.cs(47,33): warning CA1416: This call site is reachable on all platforms. 'SecurityIdentifier.Value' is only supported on: 'windows'. (https://learn.microsoft.com/dotnet/fundamentals/code-analysis/quality-rules/ca1416) [C:\Users\ultra\warewolf\Dev\Dev2.TaskScheduler.Wrappers\Dev2.TaskScheduler.Wrappers.csproj]
  Dev2.TaskScheduler.Wrappers -> C:\Users\ultra\warewolf\Dev\Dev2.TaskScheduler.Wrappers\bin\Debug\net8.0\Dev2.TaskScheduler.Wrappers.dll
  Warewolf.Licensing -> C:\Users\ultra\warewolf\Dev\Warewolf.Licensing\bin\Debug\net8.0\Warewolf.Licensing.dll
  Dev2.CustomControls -> C:\Users\ultra\warewolf\Dev\Dev2.CustomControls\bin\Debug\net8.0\Dev2.CustomControls.dll
  Consider app.config remapping of assembly "Newtonsoft.Json, Culture=neutral, PublicKeyToken=30ad4fe6b2a6aeed" from Version "12.0.0.0" [] to Version "13.0.0.0" [C:\Users\ultra\.nuget\packages\newtonsoft.json\13.0.2\lib\net6.0\Newtonsoft.Json.dll] to solve conflict and get rid of warning.
  Dev2.Runtime.Configuration -> C:\Users\ultra\warewolf\Dev\Dev2.Runtime.Configuration\bin\Debug\net8.0\Dev2.Runtime.Configuration.dll
C:\Users\ultra\warewolf\Dev\Dev2.Diagnostics\Debug\DebugDispatcher.cs(209,35): warning CC0057: Parameter 'previous' is not used. (https://code-cracker.github.io/diagnostics/CC0057.html) [C:\Users\ultra\warewolf\Dev\Dev2.Diagnostics\Dev2.Diagnostics.csproj]
  Dev2.Diagnostics -> C:\Users\ultra\warewolf\Dev\Dev2.Diagnostics\bin\Debug\net8.0\Dev2.Diagnostics.dll
C:\Users\ultra\warewolf\Dev\Warewolf.AI.Harness\ChatbotApiService.cs(11,7): warning CS0105: The using directive for 'System.Text' appeared previously in this namespace [C:\Users\ultra\warewolf\Dev\Warewolf.AI.Harness\Warewolf.AI.Harness.csproj]
C:\Users\ultra\warewolf\Dev\Warewolf.AI.Harness\ChatbotApiService.cs(12,7): warning CS0105: The using directive for 'Newtonsoft.Json' appeared previously in this namespace [C:\Users\ultra\warewolf\Dev\Warewolf.AI.Harness\Warewolf.AI.Harness.csproj]
C:\Users\ultra\warewolf\Dev\Warewolf.AI.Harness\ChatbotApiService.cs(641,23): warning CS8618: Non-nullable property 'Model' must contain a non-null value when exiting constructor. Consider adding the 'required' modifier or declaring the property as nullable. [C:\Users\ultra\warewolf\Dev\Warewolf.AI.Harness\Warewolf.AI.Harness.csproj]
C:\Users\ultra\warewolf\Dev\Warewolf.AI.Harness\ChatbotApiService.cs(659,23): warning CS8618: Non-nullable property 'FinishReason' must contain a non-null value when exiting constructor. Consider adding the 'required' modifier or declaring the property as nullable. [C:\Users\ultra\warewolf\Dev\Warewolf.AI.Harness\Warewolf.AI.Harness.csproj]
C:\Users\ultra\warewolf\Dev\Warewolf.AI.Harness\ChatbotApiService.cs(201,34): warning CS8600: Converting null literal or possible null value to non-nullable type. [C:\Users\ultra\warewolf\Dev\Warewolf.AI.Harness\Warewolf.AI.Harness.csproj]
C:\Users\ultra\warewolf\Dev\Warewolf.AI.Harness\ChatbotApiService.cs(215,51): warning CS8602: Dereference of a possibly null reference. [C:\Users\ultra\warewolf\Dev\Warewolf.AI.Harness\Warewolf.AI.Harness.csproj]
C:\Users\ultra\warewolf\Dev\Warewolf.AI.Harness\ChatbotApiService.cs(218,25): warning CS8602: Dereference of a possibly null reference. [C:\Users\ultra\warewolf\Dev\Warewolf.AI.Harness\Warewolf.AI.Harness.csproj]
C:\Users\ultra\warewolf\Dev\Warewolf.AI.Harness\ChatbotApiService.cs(303,34): warning CS8600: Converting null literal or possible null value to non-nullable type. [C:\Users\ultra\warewolf\Dev\Warewolf.AI.Harness\Warewolf.AI.Harness.csproj]
C:\Users\ultra\warewolf\Dev\Warewolf.AI.Harness\ChatbotApiService.cs(312,51): warning CS8602: Dereference of a possibly null reference. [C:\Users\ultra\warewolf\Dev\Warewolf.AI.Harness\Warewolf.AI.Harness.csproj]
C:\Users\ultra\warewolf\Dev\Warewolf.AI.Harness\ChatbotApiService.cs(314,30): warning CS8602: Dereference of a possibly null reference. [C:\Users\ultra\warewolf\Dev\Warewolf.AI.Harness\Warewolf.AI.Harness.csproj]
C:\Users\ultra\warewolf\Dev\Warewolf.AI.Harness\ChatbotApiService.cs(477,32): warning CS8600: Converting null literal or possible null value to non-nullable type. [C:\Users\ultra\warewolf\Dev\Warewolf.AI.Harness\Warewolf.AI.Harness.csproj]
C:\Users\ultra\warewolf\Dev\Warewolf.AI.Harness\ChatbotApiService.cs(478,32): warning CS8600: Converting null literal or possible null value to non-nullable type. [C:\Users\ultra\warewolf\Dev\Warewolf.AI.Harness\Warewolf.AI.Harness.csproj]
C:\Users\ultra\warewolf\Dev\Warewolf.AI.Harness\ChatbotApiService.cs(481,73): warning CS8625: Cannot convert null literal to non-nullable reference type. [C:\Users\ultra\warewolf\Dev\Warewolf.AI.Harness\Warewolf.AI.Harness.csproj]
C:\Users\ultra\warewolf\Dev\Warewolf.AI.Harness\ChatbotApiService.cs(482,60): warning CS8604: Possible null reference argument for parameter 'authHeaderName' in 'HttpResponseMessage ChatbotApiService.PostWithAuth(string endpoint, object payload, string authHeaderName, string authHeaderValue, string additionalHeaders)'. [C:\Users\ultra\warewolf\Dev\Warewolf.AI.Harness\Warewolf.AI.Harness.csproj]
C:\Users\ultra\warewolf\Dev\Warewolf.AI.Harness\ChatbotApiService.cs(482,70): warning CS8604: Possible null reference argument for parameter 'authHeaderValue' in 'HttpResponseMessage ChatbotApiService.PostWithAuth(string endpoint, object payload, string authHeaderName, string authHeaderValue, string additionalHeaders)'. [C:\Users\ultra\warewolf\Dev\Warewolf.AI.Harness\Warewolf.AI.Harness.csproj]
C:\Users\ultra\warewolf\Dev\Warewolf.AI.Harness\ChatbotApiService.cs(482,81): warning CS8625: Cannot convert null literal to non-nullable reference type. [C:\Users\ultra\warewolf\Dev\Warewolf.AI.Harness\Warewolf.AI.Harness.csproj]
C:\Users\ultra\warewolf\Dev\Warewolf.AI.Harness\ChatbotApiService.cs(496,73): warning CS8625: Cannot convert null literal to non-nullable reference type. [C:\Users\ultra\warewolf\Dev\Warewolf.AI.Harness\Warewolf.AI.Harness.csproj]
C:\Users\ultra\warewolf\Dev\Warewolf.AI.Harness\ChatbotApiService.cs(497,81): warning CS8625: Cannot convert null literal to non-nullable reference type. [C:\Users\ultra\warewolf\Dev\Warewolf.AI.Harness\Warewolf.AI.Harness.csproj]
C:\Users\ultra\warewolf\Dev\Warewolf.AI.Harness\ChatbotApiService.cs(514,73): warning CS8625: Cannot convert null literal to non-nullable reference type. [C:\Users\ultra\warewolf\Dev\Warewolf.AI.Harness\Warewolf.AI.Harness.csproj]
C:\Users\ultra\warewolf\Dev\Warewolf.AI.Harness\ChatbotApiService.cs(515,114): warning CS8625: Cannot convert null literal to non-nullable reference type. [C:\Users\ultra\warewolf\Dev\Warewolf.AI.Harness\Warewolf.AI.Harness.csproj]
C:\Users\ultra\warewolf\Dev\Warewolf.AI.Harness\ChatbotApiService.cs(521,36): warning CS8600: Converting null literal or possible null value to non-nullable type. [C:\Users\ultra\warewolf\Dev\Warewolf.AI.Harness\Warewolf.AI.Harness.csproj]
C:\Users\ultra\warewolf\Dev\Warewolf.AI.Harness\ChatbotApiService.cs(538,82): warning CS8604: Possible null reference argument for parameter 'systemMessage' in 'Dictionary<string, object> ChatbotApiService.CreatePayload(string model, object messages, string systemMessage, bool useMaxCompletionTokens, bool includeTemperature)'. [C:\Users\ultra\warewolf\Dev\Warewolf.AI.Harness\Warewolf.AI.Harness.csproj]
C:\Users\ultra\warewolf\Dev\Warewolf.AI.Harness\ChatbotApiService.cs(545,35): warning CS8600: Converting null literal or possible null value to non-nullable type. [C:\Users\ultra\warewolf\Dev\Warewolf.AI.Harness\Warewolf.AI.Harness.csproj]
C:\Users\ultra\warewolf\Dev\Warewolf.AI.Harness\ChatbotApiService.cs(589,68): warning CS8625: Cannot convert null literal to non-nullable reference type. [C:\Users\ultra\warewolf\Dev\Warewolf.AI.Harness\Warewolf.AI.Harness.csproj]
C:\Users\ultra\warewolf\Dev\Warewolf.AI.Harness\ChatbotApiService.cs(589,74): warning CS8625: Cannot convert null literal to non-nullable reference type. [C:\Users\ultra\warewolf\Dev\Warewolf.AI.Harness\Warewolf.AI.Harness.csproj]
C:\Users\ultra\warewolf\Dev\Warewolf.AI.Harness\ChatbotApiService.cs(589,80): warning CS8625: Cannot convert null literal to non-nullable reference type. [C:\Users\ultra\warewolf\Dev\Warewolf.AI.Harness\Warewolf.AI.Harness.csproj]
  Warewolf.AI.Harness -> C:\Users\ultra\warewolf\Dev\Warewolf.AI.Harness\bin\Debug\net8.0\Warewolf.AI.Harness.dll
C:\Users\ultra\warewolf\Dev\Dev2.Infrastructure\PerformanceCounters\PerformanceCounterCategoryWrapper.cs(33,48): warning CA1416: This call site is reachable on all platforms. 'PerformanceCounterCategory.Exists(string)' is only supported on: 'windows'. (https://learn.microsoft.com/dotnet/fundamentals/code-analysis/quality-rules/ca1416) [C:\Users\ultra\warewolf\Dev\Dev2.Infrastructure\Dev2.Infrastructure.csproj]
C:\Users\ultra\warewolf\Dev\Dev2.Infrastructure\PerformanceCounters\PerformanceCounterCategoryWrapper.cs(38,29): warning CA1416: This call site is reachable on all platforms. 'PerformanceCounterCategory' is only supported on: 'windows'. (https://learn.microsoft.com/dotnet/fundamentals/code-analysis/quality-rules/ca1416) [C:\Users\ultra\warewolf\Dev\Dev2.Infrastructure\Dev2.Infrastructure.csproj]
C:\Users\ultra\warewolf\Dev\Dev2.Infrastructure\PerformanceCounters\PerformanceCounterCategoryWrapper.cs(32,48): warning CA1416: This call site is reachable on all platforms. 'PerformanceCounterCategory.Delete(string)' is only supported on: 'windows'. (https://learn.microsoft.com/dotnet/fundamentals/code-analysis/quality-rules/ca1416) [C:\Users\ultra\warewolf\Dev\Dev2.Infrastructure\Dev2.Infrastructure.csproj]
C:\Users\ultra\warewolf\Dev\Dev2.Infrastructure\PerformanceCounters\PerformanceCounterCategoryWrapper.cs(12,51): warning CA1416: This call site is reachable on all platforms. 'PerformanceCounterCategory.CounterExists(string)' is only supported on: 'windows'. (https://learn.microsoft.com/dotnet/fundamentals/code-analysis/quality-rules/ca1416) [C:\Users\ultra\warewolf\Dev\Dev2.Infrastructure\Dev2.Infrastructure.csproj]
C:\Users\ultra\warewolf\Dev\Dev2.Infrastructure\PerformanceCounters\PerformanceCounterCategoryWrapper.cs(29,13): warning CA1416: This call site is reachable on all platforms. 'PerformanceCounterCategory.Create(string, string, PerformanceCounterCategoryType, CounterCreationDataCollection)' is only supported on: 'windows'. (https://learn.microsoft.com/dotnet/fundamentals/code-analysis/quality-rules/ca1416) [C:\Users\ultra\warewolf\Dev\Dev2.Infrastructure\Dev2.Infrastructure.csproj]
C:\Users\ultra\warewolf\Dev\Dev2.Infrastructure\PerformanceCounters\PerformanceCounterCategoryWrapper.cs(19,45): warning CA1416: This call site is reachable on all platforms. 'CounterCreationData' is only supported on: 'windows'. (https://learn.microsoft.com/dotnet/fundamentals/code-analysis/quality-rules/ca1416) [C:\Users\ultra\warewolf\Dev\Dev2.Infrastructure\Dev2.Infrastructure.csproj]
C:\Users\ultra\warewolf\Dev\Dev2.Infrastructure\PerformanceCounters\PerformanceCounterCategoryWrapper.cs(14,49): warning CA1416: This call site is reachable on all platforms. 'CounterCreationDataCollection' is only supported on: 'windows'. (https://learn.microsoft.com/dotnet/fundamentals/code-analysis/quality-rules/ca1416) [C:\Users\ultra\warewolf\Dev\Dev2.Infrastructure\Dev2.Infrastructure.csproj]
C:\Users\ultra\warewolf\Dev\Dev2.Infrastructure\PerformanceCounters\PerformanceCounterCategoryWrapper.cs(29,71): warning CA1416: This call site is reachable on all platforms. 'PerformanceCounterCategoryType.MultiInstance' is only supported on: 'windows'. (https://learn.microsoft.com/dotnet/fundamentals/code-analysis/quality-rules/ca1416) [C:\Users\ultra\warewolf\Dev\Dev2.Infrastructure\Dev2.Infrastructure.csproj]
C:\Users\ultra\warewolf\Dev\Dev2.Infrastructure\PerformanceCounters\PerformanceCounterCategoryWrapper.cs(25,21): warning CA1416: This call site is reachable on all platforms. 'CounterCreationDataCollection.Add(CounterCreationData)' is only supported on: 'windows'. (https://learn.microsoft.com/dotnet/fundamentals/code-analysis/quality-rules/ca1416) [C:\Users\ultra\warewolf\Dev\Dev2.Infrastructure\Dev2.Infrastructure.csproj]
C:\Users\ultra\warewolf\Dev\Dev2.Infrastructure\PerformanceCounters\PerformanceCounterCategoryWrapper.cs(50,28): warning CA1416: This call site is reachable on all platforms. 'PerformanceCounterType.AverageTimer32' is only supported on: 'windows'. (https://learn.microsoft.com/dotnet/fundamentals/code-analysis/quality-rules/ca1416) [C:\Users\ultra\warewolf\Dev\Dev2.Infrastructure\Dev2.Infrastructure.csproj]
C:\Users\ultra\warewolf\Dev\Dev2.Infrastructure\PerformanceCounters\PerformanceCounterCategoryWrapper.cs(52,28): warning CA1416: This call site is reachable on all platforms. 'PerformanceCounterType.NumberOfItems32' is only supported on: 'windows'. (https://learn.microsoft.com/dotnet/fundamentals/code-analysis/quality-rules/ca1416) [C:\Users\ultra\warewolf\Dev\Dev2.Infrastructure\Dev2.Infrastructure.csproj]
C:\Users\ultra\warewolf\Dev\Dev2.Infrastructure\PerformanceCounters\PerformanceCounterCategoryWrapper.cs(54,28): warning CA1416: This call site is reachable on all platforms. 'PerformanceCounterType.RateOfCountsPerSecond32' is only supported on: 'windows'. (https://learn.microsoft.com/dotnet/fundamentals/code-analysis/quality-rules/ca1416) [C:\Users\ultra\warewolf\Dev\Dev2.Infrastructure\Dev2.Infrastructure.csproj]
C:\Users\ultra\warewolf\Dev\Dev2.Infrastructure\PerformanceCounters\PerformanceCounterCategoryWrapper.cs(48,28): warning CA1416: This call site is reachable on all platforms. 'PerformanceCounterType.AverageBase' is only supported on: 'windows'. (https://learn.microsoft.com/dotnet/fundamentals/code-analysis/quality-rules/ca1416) [C:\Users\ultra\warewolf\Dev\Dev2.Infrastructure\Dev2.Infrastructure.csproj]
C:\Users\ultra\warewolf\Dev\Dev2.Infrastructure\PerformanceCounters\Management\PerformanceCounterPersistence.cs(48,81): warning CC0057: Parameter 'resourcePerformanceCounters' is not used. (https://code-cracker.github.io/diagnostics/CC0057.html) [C:\Users\ultra\warewolf\Dev\Dev2.Infrastructure\Dev2.Infrastructure.csproj]
C:\Users\ultra\warewolf\Dev\Dev2.Infrastructure\PerformanceCounters\Management\WarewolfPerformanceCounterManager.cs(22,140): warning CC0057: Parameter 'register' is not used. (https://code-cracker.github.io/diagnostics/CC0057.html) [C:\Users\ultra\warewolf\Dev\Dev2.Infrastructure\Dev2.Infrastructure.csproj]
C:\Users\ultra\warewolf\Dev\Dev2.Infrastructure\PerformanceCounters\Management\WarewolfPerformanceCounterManager.cs(67,83): warning CC0057: Parameter 'name' is not used. (https://code-cracker.github.io/diagnostics/CC0057.html) [C:\Users\ultra\warewolf\Dev\Dev2.Infrastructure\Dev2.Infrastructure.csproj]
C:\Users\ultra\warewolf\Dev\Dev2.Infrastructure\Services\Security\MoqInstallerActions\InstallerActionsForDevelopment.cs(59,57): warning CA1416: This call site is reachable on all platforms. 'WindowsIdentity.Name' is only supported on: 'windows'. (https://learn.microsoft.com/dotnet/fundamentals/code-analysis/quality-rules/ca1416) [C:\Users\ultra\warewolf\Dev\Dev2.Infrastructure\Dev2.Infrastructure.csproj]
C:\Users\ultra\warewolf\Dev\Dev2.Infrastructure\Services\Security\MoqInstallerActions\InstallerActionsForDevelopment.cs(57,31): warning CA1416: This call site is reachable on all platforms. 'WindowsIdentity.GetCurrent(bool)' is only supported on: 'windows'. (https://learn.microsoft.com/dotnet/fundamentals/code-analysis/quality-rules/ca1416) [C:\Users\ultra\warewolf\Dev\Dev2.Infrastructure\Dev2.Infrastructure.csproj]
C:\Users\ultra\warewolf\Dev\Dev2.Infrastructure\Services\Security\SecuritySettings.cs(92,28): warning CC0022: HMACSHA256 should be disposed. (https://code-cracker.github.io/diagnostics/CC0022.html) [C:\Users\ultra\warewolf\Dev\Dev2.Infrastructure\Dev2.Infrastructure.csproj]
CSC : warning AD0001: Analyzer 'CodeCracker.CSharp.Design.UseInvokeMethodToFireEventAnalyzer' threw an exception of type 'System.ArgumentException' with message 'Syntax node is not within syntax tree'. [C:\Users\ultra\warewolf\Dev\Dev2.Infrastructure\Dev2.Infrastructure.csproj]
CSC : warning AD0001: Analyzer 'CodeCracker.CSharp.Design.UseInvokeMethodToFireEventAnalyzer' threw an exception of type 'System.ArgumentException' with message 'Syntax node is not within syntax tree'. [C:\Users\ultra\warewolf\Dev\Dev2.Infrastructure\Dev2.Infrastructure.csproj]
CSC : warning AD0001: Analyzer 'CodeCracker.CSharp.Design.UseInvokeMethodToFireEventAnalyzer' threw an exception of type 'System.ArgumentException' with message 'Syntax node is not within syntax tree'. [C:\Users\ultra\warewolf\Dev\Dev2.Infrastructure\Dev2.Infrastructure.csproj]
CSC : warning AD0001: Analyzer 'CodeCracker.CSharp.Design.UseInvokeMethodToFireEventAnalyzer' threw an exception of type 'System.ArgumentException' with message 'Syntax node is not within syntax tree'. [C:\Users\ultra\warewolf\Dev\Dev2.Infrastructure\Dev2.Infrastructure.csproj]
CSC : warning AD0001: Analyzer 'CodeCracker.CSharp.Design.UseInvokeMethodToFireEventAnalyzer' threw an exception of type 'System.ArgumentException' with message 'Syntax node is not within syntax tree'. [C:\Users\ultra\warewolf\Dev\Dev2.Infrastructure\Dev2.Infrastructure.csproj]
CSC : warning AD0001: Analyzer 'CodeCracker.CSharp.Design.UseInvokeMethodToFireEventAnalyzer' threw an exception of type 'System.ArgumentException' with message 'Syntax node is not within syntax tree'. [C:\Users\ultra\warewolf\Dev\Dev2.Infrastructure\Dev2.Infrastructure.csproj]
CSC : warning AD0001: Analyzer 'CodeCracker.CSharp.Design.UseInvokeMethodToFireEventAnalyzer' threw an exception of type 'System.ArgumentException' with message 'Syntax node is not within syntax tree'. [C:\Users\ultra\warewolf\Dev\Dev2.Infrastructure\Dev2.Infrastructure.csproj]
CSC : warning AD0001: Analyzer 'CodeCracker.CSharp.Design.UseInvokeMethodToFireEventAnalyzer' threw an exception of type 'System.ArgumentException' with message 'Syntax node is not within syntax tree'. [C:\Users\ultra\warewolf\Dev\Dev2.Infrastructure\Dev2.Infrastructure.csproj]
CSC : warning AD0001: Analyzer 'CodeCracker.CSharp.Design.UseInvokeMethodToFireEventAnalyzer' threw an exception of type 'System.ArgumentException' with message 'Syntax node is not within syntax tree'. [C:\Users\ultra\warewolf\Dev\Dev2.Infrastructure\Dev2.Infrastructure.csproj]
CSC : warning AD0001: Analyzer 'CodeCracker.CSharp.Design.UseInvokeMethodToFireEventAnalyzer' threw an exception of type 'System.ArgumentException' with message 'Syntax node is not within syntax tree'. [C:\Users\ultra\warewolf\Dev\Dev2.Infrastructure\Dev2.Infrastructure.csproj]
CSC : warning AD0001: Analyzer 'CodeCracker.CSharp.Design.UseInvokeMethodToFireEventAnalyzer' threw an exception of type 'System.ArgumentException' with message 'Syntax node is not within syntax tree'. [C:\Users\ultra\warewolf\Dev\Dev2.Infrastructure\Dev2.Infrastructure.csproj]
CSC : warning AD0001: Analyzer 'CodeCracker.CSharp.Design.UseInvokeMethodToFireEventAnalyzer' threw an exception of type 'System.ArgumentException' with message 'Syntax node is not within syntax tree'. [C:\Users\ultra\warewolf\Dev\Dev2.Infrastructure\Dev2.Infrastructure.csproj]
CSC : warning AD0001: Analyzer 'CodeCracker.CSharp.Design.UseInvokeMethodToFireEventAnalyzer' threw an exception of type 'System.ArgumentException' with message 'Syntax node is not within syntax tree'. [C:\Users\ultra\warewolf\Dev\Dev2.Infrastructure\Dev2.Infrastructure.csproj]
CSC : warning AD0001: Analyzer 'CodeCracker.CSharp.Design.UseInvokeMethodToFireEventAnalyzer' threw an exception of type 'System.ArgumentException' with message 'Syntax node is not within syntax tree'. [C:\Users\ultra\warewolf\Dev\Dev2.Infrastructure\Dev2.Infrastructure.csproj]
  Dev2.Infrastructure -> C:\Users\ultra\warewolf\Dev\Dev2.Infrastructure\bin\Debug\net8.0\Dev2.Infrastructure.dll
C:\Program Files\dotnet\sdk\10.0.201\Microsoft.CSharp.CurrentVersion.targets(130,9): warning MSB3884: Could not find rule set file "..\.sonarlint\warewolf_dotnet_frameworkcsharp.ruleset". [C:\Users\ultra\warewolf\Dev\Warewolf.Sharepoint\Warewolf.Sharepoint.csproj]
  Warewolf.Storage -> C:\Users\ultra\warewolf\Dev\Warewolf.Storage\bin\Debug\net8.0\Warewolf.Storage.dll
  Warewolf.Sharepoint -> C:\Users\ultra\warewolf\Dev\Warewolf.Sharepoint\bin\Debug\net8.0\Warewolf.Sharepoint.dll
C:\Users\ultra\warewolf\Dev\Dev2.Services.Sql\ConnectionBuilder.cs(44,21): warning CC0029: 'ConnectionBuilder' should call GC.SuppressFinalize inside the Dispose method. (https://code-cracker.github.io/diagnostics/CC0029.html) [C:\Users\ultra\warewolf\Dev\Dev2.Services.Sql\Dev2.Services.Sql.csproj]
  Dev2.Services.Sql -> C:\Users\ultra\warewolf\Dev\Dev2.Services.Sql\bin\Debug\net8.0\Dev2.Services.Sql.dll
C:\Program Files\dotnet\sdk\10.0.201\Microsoft.Common.CurrentVersion.targets(2451,5): warning MSB3245: Could not resolve this reference. Could not locate the assembly "System.Web". Check to make sure the assembly exists on disk. If this reference is required by your code, you may get compilation errors. [C:\Users\ultra\warewolf\Dev\Dev2.Data\Dev2.Data.csproj]
C:\Program Files\dotnet\sdk\10.0.201\Microsoft.Common.CurrentVersion.targets(2451,5): warning MSB3245: Could not resolve this reference. Could not locate the assembly "System.Web.Extensions". Check to make sure the assembly exists on disk. If this reference is required by your code, you may get compilation errors. [C:\Users\ultra\warewolf\Dev\Dev2.Data\Dev2.Data.csproj]
C:\Program Files\dotnet\sdk\10.0.201\Microsoft.Common.CurrentVersion.targets(2451,5): warning MSB3245: Could not resolve this reference. Could not locate the assembly "System.Xml.Linq". Check to make sure the assembly exists on disk. If this reference is required by your code, you may get compilation errors. [C:\Users\ultra\warewolf\Dev\Dev2.Data\Dev2.Data.csproj]
C:\Program Files\dotnet\sdk\10.0.201\Microsoft.Common.CurrentVersion.targets(2451,5): warning MSB3245: Could not resolve this reference. Could not locate the assembly "System.Data.DataSetExtensions". Check to make sure the assembly exists on disk. If this reference is required by your code, you may get compilation errors. [C:\Users\ultra\warewolf\Dev\Dev2.Data\Dev2.Data.csproj]
C:\Program Files\dotnet\sdk\10.0.201\Microsoft.Common.CurrentVersion.targets(2451,5): warning MSB3245: Could not resolve this reference. Could not locate the assembly "Microsoft.CSharp". Check to make sure the assembly exists on disk. If this reference is required by your code, you may get compilation errors. [C:\Users\ultra\warewolf\Dev\Dev2.Data\Dev2.Data.csproj]
C:\Program Files\dotnet\sdk\10.0.201\Microsoft.Common.CurrentVersion.targets(2451,5): warning MSB3245: Could not resolve this reference. Could not locate the assembly "System.Data". Check to make sure the assembly exists on disk. If this reference is required by your code, you may get compilation errors. [C:\Users\ultra\warewolf\Dev\Dev2.Data\Dev2.Data.csproj]
C:\Program Files\dotnet\sdk\10.0.201\Microsoft.Common.CurrentVersion.targets(2451,5): warning MSB3245: Could not resolve this reference. Could not locate the assembly "System.Xml". Check to make sure the assembly exists on disk. If this reference is required by your code, you may get compilation errors. [C:\Users\ultra\warewolf\Dev\Dev2.Data\Dev2.Data.csproj]
C:\Program Files\dotnet\sdk\10.0.201\Microsoft.Common.CurrentVersion.targets(2451,5): warning MSB3243: No way to resolve conflict between "System.Web, Version=4.0.0.0, Culture=neutral, PublicKeyToken=b03f5f7f11d50a3a" and "System.Web". Choosing "System.Web, Version=4.0.0.0, Culture=neutral, PublicKeyToken=b03f5f7f11d50a3a" arbitrarily. [C:\Users\ultra\warewolf\Dev\Dev2.Data\Dev2.Data.csproj]
C:\Program Files\dotnet\sdk\10.0.201\Microsoft.Common.CurrentVersion.targets(2451,5): warning MSB3243: No way to resolve conflict between "System.Xml.Linq, Version=4.0.0.0, Culture=neutral, PublicKeyToken=b77a5c561934e089" and "System.Xml.Linq". Choosing "System.Xml.Linq, Version=4.0.0.0, Culture=neutral, PublicKeyToken=b77a5c561934e089" arbitrarily. [C:\Users\ultra\warewolf\Dev\Dev2.Data\Dev2.Data.csproj]
C:\Program Files\dotnet\sdk\10.0.201\Microsoft.Common.CurrentVersion.targets(2451,5): warning MSB3243: No way to resolve conflict between "System.Data.DataSetExtensions, Version=8.0.0.0, Culture=neutral, PublicKeyToken=b77a5c561934e089" and "System.Data.DataSetExtensions". Choosing "System.Data.DataSetExtensions, Version=8.0.0.0, Culture=neutral, PublicKeyToken=b77a5c561934e089" arbitrarily. [C:\Users\ultra\warewolf\Dev\Dev2.Data\Dev2.Data.csproj]
C:\Program Files\dotnet\sdk\10.0.201\Microsoft.Common.CurrentVersion.targets(2451,5): warning MSB3243: No way to resolve conflict between "Microsoft.CSharp, Version=8.0.0.0, Culture=neutral, PublicKeyToken=b03f5f7f11d50a3a" and "Microsoft.CSharp". Choosing "Microsoft.CSharp, Version=8.0.0.0, Culture=neutral, PublicKeyToken=b03f5f7f11d50a3a" arbitrarily. [C:\Users\ultra\warewolf\Dev\Dev2.Data\Dev2.Data.csproj]
C:\Program Files\dotnet\sdk\10.0.201\Microsoft.Common.CurrentVersion.targets(2451,5): warning MSB3243: No way to resolve conflict between "System.Data, Version=4.0.0.0, Culture=neutral, PublicKeyToken=b77a5c561934e089" and "System.Data". Choosing "System.Data, Version=4.0.0.0, Culture=neutral, PublicKeyToken=b77a5c561934e089" arbitrarily. [C:\Users\ultra\warewolf\Dev\Dev2.Data\Dev2.Data.csproj]
C:\Program Files\dotnet\sdk\10.0.201\Microsoft.Common.CurrentVersion.targets(2451,5): warning MSB3243: No way to resolve conflict between "System.Xml, Version=4.0.0.0, Culture=neutral, PublicKeyToken=b77a5c561934e089" and "System.Xml". Choosing "System.Xml, Version=4.0.0.0, Culture=neutral, PublicKeyToken=b77a5c561934e089" arbitrarily. [C:\Users\ultra\warewolf\Dev\Dev2.Data\Dev2.Data.csproj]
CSC : warning CS2002: Source file 'C:\Users\ultra\warewolf\Dev\Dev2.Data\MathOperations\NCalc\NCalcExpressionBuilder.cs' specified multiple times [C:\Users\ultra\warewolf\Dev\Dev2.Data\Dev2.Data.csproj]
CSC : warning CS2002: Source file 'C:\Users\ultra\warewolf\Dev\Dev2.Data\MathOperations\NCalc\NCalcFunctionArgHelper.cs' specified multiple times [C:\Users\ultra\warewolf\Dev\Dev2.Data\Dev2.Data.csproj]
CSC : warning CS2002: Source file 'C:\Users\ultra\warewolf\Dev\Dev2.Data\MathOperations\NCalc\Functions\BaseConversionFunctions.cs' specified multiple times [C:\Users\ultra\warewolf\Dev\Dev2.Data\Dev2.Data.csproj]
CSC : warning CS2002: Source file 'C:\Users\ultra\warewolf\Dev\Dev2.Data\MathOperations\NCalc\Functions\ComplexFunctions.cs' specified multiple times [C:\Users\ultra\warewolf\Dev\Dev2.Data\Dev2.Data.csproj]
CSC : warning CS2002: Source file 'C:\Users\ultra\warewolf\Dev\Dev2.Data\MathOperations\NCalc\Functions\DateTimeFunctions.cs' specified multiple times [C:\Users\ultra\warewolf\Dev\Dev2.Data\Dev2.Data.csproj]
CSC : warning CS2002: Source file 'C:\Users\ultra\warewolf\Dev\Dev2.Data\MathOperations\NCalc\Functions\FinancialFunctions.cs' specified multiple times [C:\Users\ultra\warewolf\Dev\Dev2.Data\Dev2.Data.csproj]
CSC : warning CS2002: Source file 'C:\Users\ultra\warewolf\Dev\Dev2.Data\MathOperations\NCalc\Functions\InformationFunctions.cs' specified multiple times [C:\Users\ultra\warewolf\Dev\Dev2.Data\Dev2.Data.csproj]
CSC : warning CS2002: Source file 'C:\Users\ultra\warewolf\Dev\Dev2.Data\MathOperations\NCalc\Functions\MathFunctions.cs' specified multiple times [C:\Users\ultra\warewolf\Dev\Dev2.Data\Dev2.Data.csproj]
CSC : warning CS2002: Source file 'C:\Users\ultra\warewolf\Dev\Dev2.Data\MathOperations\NCalc\Functions\StringFunctions.cs' specified multiple times [C:\Users\ultra\warewolf\Dev\Dev2.Data\Dev2.Data.csproj]
C:\Users\ultra\warewolf\Dev\Dev2.Data\MathOperations\NCalc\Functions\MathFunctions.cs(22,30): warning CS8632: The annotation for nullable reference types should only be used in code within a '#nullable' annotations context. [C:\Users\ultra\warewolf\Dev\Dev2.Data\Dev2.Data.csproj]
C:\Users\ultra\warewolf\Dev\Dev2.Data\MathOperations\NCalc\NCalcFunctionArgHelper.cs(51,47): warning CS8632: The annotation for nullable reference types should only be used in code within a '#nullable' annotations context. [C:\Users\ultra\warewolf\Dev\Dev2.Data\Dev2.Data.csproj]
C:\Users\ultra\warewolf\Dev\Dev2.Data\MathOperations\NCalc\Functions\StringFunctions.cs(94,59): warning CS8632: The annotation for nullable reference types should only be used in code within a '#nullable' annotations context. [C:\Users\ultra\warewolf\Dev\Dev2.Data\Dev2.Data.csproj]
C:\Users\ultra\warewolf\Dev\Dev2.Data\NativeMethods.cs(66,59): warning CS0472: The result of the expression is always 'false' since a value of type 'nint' is never equal to 'null' of type 'nint?' [C:\Users\ultra\warewolf\Dev\Dev2.Data\Dev2.Data.csproj]
C:\Users\ultra\warewolf\Dev\Dev2.Data\NativeMethods.cs(88,8): warning CS0472: The result of the expression is always 'false' since a value of type 'nint' is never equal to 'null' of type 'nint?' [C:\Users\ultra\warewolf\Dev\Dev2.Data\Dev2.Data.csproj]
C:\Users\ultra\warewolf\Dev\Dev2.Data\Security\WindowsIdentityExtensions.cs(28,49): warning CA1416: This call site is reachable on all platforms. 'WindowsIdentity.AccessToken' is only supported on: 'windows'. (https://learn.microsoft.com/dotnet/fundamentals/code-analysis/quality-rules/ca1416) [C:\Users\ultra\warewolf\Dev\Dev2.Data\Dev2.Data.csproj]
C:\Users\ultra\warewolf\Dev\Dev2.Data\Security\WindowsIdentityExtensions.cs(41,59): warning CA1416: This call site is reachable on all platforms. 'WindowsIdentity.AccessToken' is only supported on: 'windows'. (https://learn.microsoft.com/dotnet/fundamentals/code-analysis/quality-rules/ca1416) [C:\Users\ultra\warewolf\Dev\Dev2.Data\Dev2.Data.csproj]
C:\Users\ultra\warewolf\Dev\Dev2.Data\Security\WindowsIdentityExtensions.cs(28,17): warning CA1416: This call site is reachable on all platforms. 'WindowsIdentity.RunImpersonated(SafeAccessTokenHandle, Action)' is only supported on: 'windows'. (https://learn.microsoft.com/dotnet/fundamentals/code-analysis/quality-rules/ca1416) [C:\Users\ultra\warewolf\Dev\Dev2.Data\Dev2.Data.csproj]
C:\Users\ultra\warewolf\Dev\Dev2.Data\Security\WindowsIdentityExtensions.cs(41,24): warning CA1416: This call site is reachable on all platforms. 'WindowsIdentity.RunImpersonated<T>(SafeAccessTokenHandle, Func<T>)' is only supported on: 'windows'. (https://learn.microsoft.com/dotnet/fundamentals/code-analysis/quality-rules/ca1416) [C:\Users\ultra\warewolf\Dev\Dev2.Data\Dev2.Data.csproj]
C:\Users\ultra\warewolf\Dev\Dev2.Data\PathOperations\ValidateAuthorization.cs(73,33): warning CA1416: This call site is reachable on all platforms. 'WindowsIdentity' is only supported on: 'windows'. (https://learn.microsoft.com/dotnet/fundamentals/code-analysis/quality-rules/ca1416) [C:\Users\ultra\warewolf\Dev\Dev2.Data\Dev2.Data.csproj]
  Dev2.Data -> C:\Users\ultra\warewolf\Dev\Dev2.Data\bin\Debug\net8.0\Dev2.Data.dll
  Warewolf.Driver.Serilog -> C:\Users\ultra\warewolf\Dev\Warewolf.Driver.Serilog\bin\Debug\net8.0\Warewolf.Driver.Serilog.dll
  Dev2.Core -> C:\Users\ultra\warewolf\Dev\Dev2.Core\bin\Debug\net8.0\Dev2.Core.dll
C:\Users\ultra\warewolf\Dev\Warewolf.Auditing\Audit.cs(189,26): warning CS8073: The result of the expression is always 'false' since a value of type 'DateTime' is never equal to 'null' of type 'DateTime?' [C:\Users\ultra\warewolf\Dev\Warewolf.Auditing\Warewolf.Auditing.csproj]
C:\Users\ultra\warewolf\Dev\Warewolf.Auditing\Drivers\AuditQueryableElastic.cs(360,33): warning CS0618: 'ElasticsearchClient.Search<TDocument>(SearchRequestDescriptor<TDocument>)' is obsolete: 'Synchronous methods are deprecated and could be removed in the future.' [C:\Users\ultra\warewolf\Dev\Warewolf.Auditing\Warewolf.Auditing.csproj]
C:\Users\ultra\warewolf\Dev\Warewolf.Auditing\Drivers\AuditQueryableElastic.cs(384,26): warning CS0618: 'ElasticsearchClient.Ping()' is obsolete: 'Synchronous methods are deprecated and could be removed in the future.' [C:\Users\ultra\warewolf\Dev\Warewolf.Auditing\Warewolf.Auditing.csproj]
  Warewolf.Auditing -> C:\Users\ultra\warewolf\Dev\Warewolf.Auditing\bin\Debug\net8.0\Warewolf.Auditing.dll
  Dev2.Scheduler -> C:\Users\ultra\warewolf\Dev\Dev2.Scheduler\bin\Debug\net8.0\Dev2.Scheduler.dll
C:\Users\ultra\warewolf\Dev\Warewolf.Core\InputsFromJson.cs(99,21): warning CC0105: Use 'var' instead of specifying the type name. (https://code-cracker.github.io/diagnostics/CC0105.html) [C:\Users\ultra\warewolf\Dev\Warewolf.Core\Warewolf.Core.csproj]
  Warewolf.Core -> C:\Users\ultra\warewolf\Dev\Warewolf.Core\bin\Debug\net8.0\Warewolf.Core.dll
C:\Users\ultra\warewolf\Dev\Warewolf.Common.NetStandard20\Wrappers\WebRequestWrapper.cs(26,24): warning SYSLIB0014: 'WebRequest.Create(string)' is obsolete: 'WebRequest, HttpWebRequest, ServicePoint, and WebClient are obsolete. Use HttpClient instead.' (https://aka.ms/dotnet-warnings/SYSLIB0014) [C:\Users\ultra\warewolf\Dev\Warewolf.Common.NetStandard20\Warewolf.Common.NetStandard20.csproj]
C:\Users\ultra\warewolf\Dev\Warewolf.Common.NetStandard20\Wrappers\WebClientWrapper.cs(26,26): warning SYSLIB0014: 'WebClient.WebClient()' is obsolete: 'WebRequest, HttpWebRequest, ServicePoint, and WebClient are obsolete. Use HttpClient instead.' (https://aka.ms/dotnet-warnings/SYSLIB0014) [C:\Users\ultra\warewolf\Dev\Warewolf.Common.NetStandard20\Warewolf.Common.NetStandard20.csproj]
C:\Users\ultra\warewolf\Dev\Warewolf.Common.NetStandard20\Wrappers\WebClientWrapper.cs(31,26): warning SYSLIB0014: 'WebClient.WebClient()' is obsolete: 'WebRequest, HttpWebRequest, ServicePoint, and WebClient are obsolete. Use HttpClient instead.' (https://aka.ms/dotnet-warnings/SYSLIB0014) [C:\Users\ultra\warewolf\Dev\Warewolf.Common.NetStandard20\Warewolf.Common.NetStandard20.csproj]
  Warewolf.Common.NetStandard20 -> C:\Users\ultra\warewolf\Dev\Warewolf.Common.NetStandard20\bin\Debug\net8.0\Warewolf.Common.NetStandard20.dll
  Warewolf.ResourceManagement -> C:\Users\ultra\warewolf\Dev\Warewolf.ResourceManagement\bin\Debug\net8.0\Warewolf.ResourceManagement.dll
C:\Users\ultra\warewolf\Dev\Dev2.Runtime.Services\ServiceModel\ElasticsearchSources.cs(110,34): warning CS0618: 'ElasticsearchClient.Ping()' is obsolete: 'Synchronous methods are deprecated and could be removed in the future.' [C:\Users\ultra\warewolf\Dev\Dev2.Runtime.Services\Dev2.Runtime.Services.csproj]
C:\Users\ultra\warewolf\Dev\Dev2.Runtime.Services\ESB\Management\Services\FetchTestsAndTriggers.cs(45,17): warning CC0105: Use 'var' instead of specifying the type name. (https://code-cracker.github.io/diagnostics/CC0105.html) [C:\Users\ultra\warewolf\Dev\Dev2.Runtime.Services\Dev2.Runtime.Services.csproj]
C:\Users\ultra\warewolf\Dev\Dev2.Runtime.Services\UsageLogger.cs(66,33): warning CC0022: ManagementObjectSearcher should be disposed. (https://code-cracker.github.io/diagnostics/CC0022.html) [C:\Users\ultra\warewolf\Dev\Dev2.Runtime.Services\Dev2.Runtime.Services.csproj]
C:\Users\ultra\warewolf\Dev\Dev2.Runtime.Services\ServiceModel\WebSources.cs(532,7): warning CC0004: Empty Catch Block. (https://code-cracker.github.io/diagnostics/CC0004.html) [C:\Users\ultra\warewolf\Dev\Dev2.Runtime.Services\Dev2.Runtime.Services.csproj]
C:\Users\ultra\warewolf\Dev\Dev2.Runtime.Services\ServiceModel\WebSources.cs(751,38): warning CC0022: StringContent should be disposed. (https://code-cracker.github.io/diagnostics/CC0022.html) [C:\Users\ultra\warewolf\Dev\Dev2.Runtime.Services\Dev2.Runtime.Services.csproj]
C:\Users\ultra\warewolf\Dev\Dev2.Runtime.Services\ESB\Management\Services\TestChatbotSource.cs(44,17): warning CC0105: Use 'var' instead of specifying the type name. (https://code-cracker.github.io/diagnostics/CC0105.html) [C:\Users\ultra\warewolf\Dev\Dev2.Runtime.Services\Dev2.Runtime.Services.csproj]
C:\Users\ultra\warewolf\Dev\Dev2.Runtime.Services\ESB\Management\Services\TestChatbotSource.cs(45,17): warning CC0105: Use 'var' instead of specifying the type name. (https://code-cracker.github.io/diagnostics/CC0105.html) [C:\Users\ultra\warewolf\Dev\Dev2.Runtime.Services\Dev2.Runtime.Services.csproj]
C:\Users\ultra\warewolf\Dev\Dev2.Runtime.Services\ESB\Management\Services\ChatbotToolNormalizer.cs(80,17): warning CC0003: Consider adding an Exception to the catch. (https://code-cracker.github.io/diagnostics/CC0003.html) [C:\Users\ultra\warewolf\Dev\Dev2.Runtime.Services\Dev2.Runtime.Services.csproj]
C:\Users\ultra\warewolf\Dev\Dev2.Runtime.Services\ESB\Management\Services\ChatbotToolNormalizer.cs(101,21): warning CC0004: Empty Catch Block. (https://code-cracker.github.io/diagnostics/CC0004.html) [C:\Users\ultra\warewolf\Dev\Dev2.Runtime.Services\Dev2.Runtime.Services.csproj]
C:\Users\ultra\warewolf\Dev\Dev2.Runtime.Services\ESB\Management\Services\ChatbotToolNormalizer.cs(226,21): warning CC0105: Use 'var' instead of specifying the type name. (https://code-cracker.github.io/diagnostics/CC0105.html) [C:\Users\ultra\warewolf\Dev\Dev2.Runtime.Services\Dev2.Runtime.Services.csproj]
C:\Users\ultra\warewolf\Dev\Dev2.Runtime.Services\ESB\Management\Services\ChatbotToolNormalizer.cs(279,21): warning CC0105: Use 'var' instead of specifying the type name. (https://code-cracker.github.io/diagnostics/CC0105.html) [C:\Users\ultra\warewolf\Dev\Dev2.Runtime.Services\Dev2.Runtime.Services.csproj]
  Dev2.Runtime.Services -> C:\Users\ultra\warewolf\Dev\Dev2.Runtime.Services\bin\Debug\net8.0\Dev2.Runtime.Services.dll
  Dev2.Studio.Interfaces -> C:\Users\ultra\warewolf\Dev\Dev2.Studio.Interfaces\bin\Debug\net8.0\Dev2.Studio.Interfaces.dll
  Warewolf.Testing -> C:\Users\ultra\warewolf\Dev\Warewolf.Testing\bin\Debug\net8.0\Warewolf.Testing.dll
  Warewolf.Storage.Tests -> C:\Users\ultra\warewolf\Dev\Warewolf.Storage.Tests\bin\Debug\net8.0\linux-x64\Warewolf.Storage.Tests.dll
  Warewolf.Storage.Tests -> C:\Users\ultra\warewolf\Bin\ServerTests-Linux\Warewolf.Storage.Tests\
Publishing Warewolf.Trigger.Queue.Tests for linux-x64...
  Determining projects to restore...
C:\Users\ultra\warewolf\Dev\Warewolf.Language.Parser\Warewolf.Language.Parser.fsproj : warning NU1504: Duplicate 'PackageReference' items found. Remove the duplicate items or use the Update functionality to ensure a consistent restore behavior. The duplicate 'PackageReference' items are: FSharp.Core 10.1.201, FSharp.Core 4.6.2.
C:\Users\ultra\warewolf\Dev\Warewolf.Exchange.Email.Wrapper\Warewolf.Exchange.Email.Wrapper.csproj : warning NU1701: Package 'AeroWizard 2.3.1' was restored using '.NETFramework,Version=v4.6.1, .NETFramework,Version=v4.6.2, .NETFramework,Version=v4.7, .NETFramework,Version=v4.7.1, .NETFramework,Version=v4.7.2, .NETFramework,Version=v4.8, .NETFramework,Version=v4.8.1' instead of the project target framework 'net8.0'. This package may not be fully compatible with your project. [C:\Users\ultra\warewolf\Dev\Warewolf.Trigger.Queue.Tests\Warewolf.Trigger.Queue.Tests.csproj]
C:\Users\ultra\warewolf\Dev\Warewolf.Storage.Interfaces\Warewolf.Storage.Interfaces.csproj : warning NU1701: Package 'AeroWizard 2.3.1' was restored using '.NETFramework,Version=v4.6.1, .NETFramework,Version=v4.6.2, .NETFramework,Version=v4.7, .NETFramework,Version=v4.7.1, .NETFramework,Version=v4.7.2, .NETFramework,Version=v4.8, .NETFramework,Version=v4.8.1' instead of the project target framework 'net8.0'. This package may not be fully compatible with your project. [C:\Users\ultra\warewolf\Dev\Warewolf.Trigger.Queue.Tests\Warewolf.Trigger.Queue.Tests.csproj]
C:\Users\ultra\warewolf\Dev\Warewolf.Sharepoint\Warewolf.Sharepoint.csproj : warning NU1701: Package 'AeroWizard 2.3.1' was restored using '.NETFramework,Version=v4.6.1, .NETFramework,Version=v4.6.2, .NETFramework,Version=v4.7, .NETFramework,Version=v4.7.1, .NETFramework,Version=v4.7.2, .NETFramework,Version=v4.8, .NETFramework,Version=v4.8.1' instead of the project target framework 'net8.0'. This package may not be fully compatible with your project. [C:\Users\ultra\warewolf\Dev\Warewolf.Trigger.Queue.Tests\Warewolf.Trigger.Queue.Tests.csproj]
C:\Users\ultra\warewolf\Dev\Dev2.Data.Interfaces\Dev2.Data.Interfaces.csproj : warning NU1903: Package 'DotNetZip' 1.16.0 has a known high severity vulnerability, https://github.com/advisories/GHSA-xhg6-9j5j-w4vf [C:\Users\ultra\warewolf\Dev\Warewolf.Trigger.Queue.Tests\Warewolf.Trigger.Queue.Tests.csproj]
C:\Users\ultra\warewolf\Dev\Warewolf.Driver.Persistence\Warewolf.Driver.Persistence.csproj : warning NU1701: Package 'AeroWizard 2.3.1' was restored using '.NETFramework,Version=v4.6.1, .NETFramework,Version=v4.6.2, .NETFramework,Version=v4.7, .NETFramework,Version=v4.7.1, .NETFramework,Version=v4.7.2, .NETFramework,Version=v4.8, .NETFramework,Version=v4.8.1' instead of the project target framework 'net8.0'. This package may not be fully compatible with your project. [C:\Users\ultra\warewolf\Dev\Warewolf.Trigger.Queue.Tests\Warewolf.Trigger.Queue.Tests.csproj]
C:\Users\ultra\warewolf\Dev\Dev2.Runtime.WebServer\Dev2.Runtime.WebServer.csproj : warning NU1902: Package 'System.IdentityModel.Tokens.Jwt' 5.1.0 has a known moderate severity vulnerability, https://github.com/advisories/GHSA-59j7-ghrg-fj52 [C:\Users\ultra\warewolf\Dev\Warewolf.Trigger.Queue.Tests\Warewolf.Trigger.Queue.Tests.csproj]
C:\Users\ultra\warewolf\Dev\Warewolf.Sharepoint\Warewolf.Sharepoint.csproj : warning NU1701: Package 'GroupControls 1.9.0' was restored using '.NETFramework,Version=v4.6.1, .NETFramework,Version=v4.6.2, .NETFramework,Version=v4.7, .NETFramework,Version=v4.7.1, .NETFramework,Version=v4.7.2, .NETFramework,Version=v4.8, .NETFramework,Version=v4.8.1' instead of the project target framework 'net8.0'. This package may not be fully compatible with your project. [C:\Users\ultra\warewolf\Dev\Warewolf.Trigger.Queue.Tests\Warewolf.Trigger.Queue.Tests.csproj]
C:\Users\ultra\warewolf\Dev\Warewolf.Exchange.Email.Wrapper\Warewolf.Exchange.Email.Wrapper.csproj : warning NU1701: Package 'GroupControls 1.9.0' was restored using '.NETFramework,Version=v4.6.1, .NETFramework,Version=v4.6.2, .NETFramework,Version=v4.7, .NETFramework,Version=v4.7.1, .NETFramework,Version=v4.7.2, .NETFramework,Version=v4.8, .NETFramework,Version=v4.8.1' instead of the project target framework 'net8.0'. This package may not be fully compatible with your project. [C:\Users\ultra\warewolf\Dev\Warewolf.Trigger.Queue.Tests\Warewolf.Trigger.Queue.Tests.csproj]
C:\Users\ultra\warewolf\Dev\Dev2.Data.Interfaces\Dev2.Data.Interfaces.csproj : warning NU1701: Package 'AeroWizard 2.3.1' was restored using '.NETFramework,Version=v4.6.1, .NETFramework,Version=v4.6.2, .NETFramework,Version=v4.7, .NETFramework,Version=v4.7.1, .NETFramework,Version=v4.7.2, .NETFramework,Version=v4.8, .NETFramework,Version=v4.8.1' instead of the project target framework 'net8.0'. This package may not be fully compatible with your project. [C:\Users\ultra\warewolf\Dev\Warewolf.Trigger.Queue.Tests\Warewolf.Trigger.Queue.Tests.csproj]
C:\Users\ultra\warewolf\Dev\Warewolf.Sharepoint\Warewolf.Sharepoint.csproj : warning NU1701: Package 'ReactiveUI.WPF 18.4.1' was restored using '.NETFramework,Version=v4.6.1, .NETFramework,Version=v4.6.2, .NETFramework,Version=v4.7, .NETFramework,Version=v4.7.1, .NETFramework,Version=v4.7.2, .NETFramework,Version=v4.8, .NETFramework,Version=v4.8.1' instead of the project target framework 'net8.0'. This package may not be fully compatible with your project. [C:\Users\ultra\warewolf\Dev\Warewolf.Trigger.Queue.Tests\Warewolf.Trigger.Queue.Tests.csproj]
C:\Users\ultra\warewolf\Dev\Warewolf.Exchange.Email.Wrapper\Warewolf.Exchange.Email.Wrapper.csproj : warning NU1701: Package 'ReactiveUI.WPF 18.4.1' was restored using '.NETFramework,Version=v4.6.1, .NETFramework,Version=v4.6.2, .NETFramework,Version=v4.7, .NETFramework,Version=v4.7.1, .NETFramework,Version=v4.7.2, .NETFramework,Version=v4.8, .NETFramework,Version=v4.8.1' instead of the project target framework 'net8.0'. This package may not be fully compatible with your project. [C:\Users\ultra\warewolf\Dev\Warewolf.Trigger.Queue.Tests\Warewolf.Trigger.Queue.Tests.csproj]
C:\Users\ultra\warewolf\Dev\Dev2.Data.Interfaces\Dev2.Data.Interfaces.csproj : warning NU1701: Package 'GroupControls 1.9.0' was restored using '.NETFramework,Version=v4.6.1, .NETFramework,Version=v4.6.2, .NETFramework,Version=v4.7, .NETFramework,Version=v4.7.1, .NETFramework,Version=v4.7.2, .NETFramework,Version=v4.8, .NETFramework,Version=v4.8.1' instead of the project target framework 'net8.0'. This package may not be fully compatible with your project. [C:\Users\ultra\warewolf\Dev\Warewolf.Trigger.Queue.Tests\Warewolf.Trigger.Queue.Tests.csproj]
C:\Users\ultra\warewolf\Dev\Warewolf.Exchange.Email.Wrapper\Warewolf.Exchange.Email.Wrapper.csproj : warning NU1701: Package 'TaskSchedulerEditor 2.10.1' was restored using '.NETFramework,Version=v4.6.1, .NETFramework,Version=v4.6.2, .NETFramework,Version=v4.7, .NETFramework,Version=v4.7.1, .NETFramework,Version=v4.7.2, .NETFramework,Version=v4.8, .NETFramework,Version=v4.8.1' instead of the project target framework 'net8.0'. This package may not be fully compatible with your project. [C:\Users\ultra\warewolf\Dev\Warewolf.Trigger.Queue.Tests\Warewolf.Trigger.Queue.Tests.csproj]
C:\Users\ultra\warewolf\Dev\Dev2.Runtime.WebServer\Dev2.Runtime.WebServer.csproj : warning NU1701: Package 'AeroWizard 2.3.1' was restored using '.NETFramework,Version=v4.6.1, .NETFramework,Version=v4.6.2, .NETFramework,Version=v4.7, .NETFramework,Version=v4.7.1, .NETFramework,Version=v4.7.2, .NETFramework,Version=v4.8, .NETFramework,Version=v4.8.1' instead of the project target framework 'net8.0'. This package may not be fully compatible with your project. [C:\Users\ultra\warewolf\Dev\Warewolf.Trigger.Queue.Tests\Warewolf.Trigger.Queue.Tests.csproj]
C:\Users\ultra\warewolf\Dev\Warewolf.Sharepoint\Warewolf.Sharepoint.csproj : warning NU1701: Package 'TaskSchedulerEditor 2.10.1' was restored using '.NETFramework,Version=v4.6.1, .NETFramework,Version=v4.6.2, .NETFramework,Version=v4.7, .NETFramework,Version=v4.7.1, .NETFramework,Version=v4.7.2, .NETFramework,Version=v4.8, .NETFramework,Version=v4.8.1' instead of the project target framework 'net8.0'. This package may not be fully compatible with your project. [C:\Users\ultra\warewolf\Dev\Warewolf.Trigger.Queue.Tests\Warewolf.Trigger.Queue.Tests.csproj]
C:\Users\ultra\warewolf\Dev\Dev2.Data.Interfaces\Dev2.Data.Interfaces.csproj : warning NU1701: Package 'TaskSchedulerEditor 2.10.1' was restored using '.NETFramework,Version=v4.6.1, .NETFramework,Version=v4.6.2, .NETFramework,Version=v4.7, .NETFramework,Version=v4.7.1, .NETFramework,Version=v4.7.2, .NETFramework,Version=v4.8, .NETFramework,Version=v4.8.1' instead of the project target framework 'net8.0'. This package may not be fully compatible with your project. [C:\Users\ultra\warewolf\Dev\Warewolf.Trigger.Queue.Tests\Warewolf.Trigger.Queue.Tests.csproj]
C:\Users\ultra\warewolf\Dev\Dev2.Runtime.WebServer\Dev2.Runtime.WebServer.csproj : warning NU1701: Package 'GroupControls 1.9.0' was restored using '.NETFramework,Version=v4.6.1, .NETFramework,Version=v4.6.2, .NETFramework,Version=v4.7, .NETFramework,Version=v4.7.1, .NETFramework,Version=v4.7.2, .NETFramework,Version=v4.8, .NETFramework,Version=v4.8.1' instead of the project target framework 'net8.0'. This package may not be fully compatible with your project. [C:\Users\ultra\warewolf\Dev\Warewolf.Trigger.Queue.Tests\Warewolf.Trigger.Queue.Tests.csproj]
C:\Users\ultra\warewolf\Dev\Warewolf.Studio.AntiCorruptionLayer\Warewolf.Studio.AntiCorruptionLayer.csproj : warning NU1701: Package 'AeroWizard 2.3.1' was restored using '.NETFramework,Version=v4.6.1, .NETFramework,Version=v4.6.2, .NETFramework,Version=v4.7, .NETFramework,Version=v4.7.1, .NETFramework,Version=v4.7.2, .NETFramework,Version=v4.8, .NETFramework,Version=v4.8.1' instead of the project target framework 'net8.0'. This package may not be fully compatible with your project. [C:\Users\ultra\warewolf\Dev\Warewolf.Trigger.Queue.Tests\Warewolf.Trigger.Queue.Tests.csproj]
C:\Users\ultra\warewolf\Dev\Dev2.Runtime.WebServer\Dev2.Runtime.WebServer.csproj : warning NU1701: Package 'Microsoft.Xaml.Behaviors.Wpf 1.1.122' was restored using '.NETFramework,Version=v4.6.1, .NETFramework,Version=v4.6.2, .NETFramework,Version=v4.7, .NETFramework,Version=v4.7.1, .NETFramework,Version=v4.7.2, .NETFramework,Version=v4.8, .NETFramework,Version=v4.8.1' instead of the project target framework 'net8.0'. This package may not be fully compatible with your project. [C:\Users\ultra\warewolf\Dev\Warewolf.Trigger.Queue.Tests\Warewolf.Trigger.Queue.Tests.csproj]
C:\Users\ultra\warewolf\Dev\Dev2.Runtime.WebServer\Dev2.Runtime.WebServer.csproj : warning NU1701: Package 'Prism.Wpf 9.0.537' was restored using '.NETFramework,Version=v4.6.1, .NETFramework,Version=v4.6.2, .NETFramework,Version=v4.7, .NETFramework,Version=v4.7.1, .NETFramework,Version=v4.7.2, .NETFramework,Version=v4.8, .NETFramework,Version=v4.8.1' instead of the project target framework 'net8.0'. This package may not be fully compatible with your project. [C:\Users\ultra\warewolf\Dev\Warewolf.Trigger.Queue.Tests\Warewolf.Trigger.Queue.Tests.csproj]
C:\Users\ultra\warewolf\Dev\Warewolf.Driver.Persistence\Warewolf.Driver.Persistence.csproj : warning NU1701: Package 'GroupControls 1.9.0' was restored using '.NETFramework,Version=v4.6.1, .NETFramework,Version=v4.6.2, .NETFramework,Version=v4.7, .NETFramework,Version=v4.7.1, .NETFramework,Version=v4.7.2, .NETFramework,Version=v4.8, .NETFramework,Version=v4.8.1' instead of the project target framework 'net8.0'. This package may not be fully compatible with your project. [C:\Users\ultra\warewolf\Dev\Warewolf.Trigger.Queue.Tests\Warewolf.Trigger.Queue.Tests.csproj]
C:\Users\ultra\warewolf\Dev\Dev2.Runtime.WebServer\Dev2.Runtime.WebServer.csproj : warning NU1701: Package 'ReactiveUI.WPF 18.4.1' was restored using '.NETFramework,Version=v4.6.1, .NETFramework,Version=v4.6.2, .NETFramework,Version=v4.7, .NETFramework,Version=v4.7.1, .NETFramework,Version=v4.7.2, .NETFramework,Version=v4.8, .NETFramework,Version=v4.8.1' instead of the project target framework 'net8.0'. This package may not be fully compatible with your project. [C:\Users\ultra\warewolf\Dev\Warewolf.Trigger.Queue.Tests\Warewolf.Trigger.Queue.Tests.csproj]
C:\Users\ultra\warewolf\Dev\Warewolf.Storage.Interfaces\Warewolf.Storage.Interfaces.csproj : warning NU1701: Package 'GroupControls 1.9.0' was restored using '.NETFramework,Version=v4.6.1, .NETFramework,Version=v4.6.2, .NETFramework,Version=v4.7, .NETFramework,Version=v4.7.1, .NETFramework,Version=v4.7.2, .NETFramework,Version=v4.8, .NETFramework,Version=v4.8.1' instead of the project target framework 'net8.0'. This package may not be fully compatible with your project. [C:\Users\ultra\warewolf\Dev\Warewolf.Trigger.Queue.Tests\Warewolf.Trigger.Queue.Tests.csproj]
C:\Users\ultra\warewolf\Dev\Dev2.Runtime.WebServer\Dev2.Runtime.WebServer.csproj : warning NU1701: Package 'TaskSchedulerEditor 2.10.1' was restored using '.NETFramework,Version=v4.6.1, .NETFramework,Version=v4.6.2, .NETFramework,Version=v4.7, .NETFramework,Version=v4.7.1, .NETFramework,Version=v4.7.2, .NETFramework,Version=v4.8, .NETFramework,Version=v4.8.1' instead of the project target framework 'net8.0'. This package may not be fully compatible with your project. [C:\Users\ultra\warewolf\Dev\Warewolf.Trigger.Queue.Tests\Warewolf.Trigger.Queue.Tests.csproj]
C:\Users\ultra\warewolf\Dev\Warewolf.Driver.Persistence\Warewolf.Driver.Persistence.csproj : warning NU1701: Package 'ReactiveUI.WPF 18.4.1' was restored using '.NETFramework,Version=v4.6.1, .NETFramework,Version=v4.6.2, .NETFramework,Version=v4.7, .NETFramework,Version=v4.7.1, .NETFramework,Version=v4.7.2, .NETFramework,Version=v4.8, .NETFramework,Version=v4.8.1' instead of the project target framework 'net8.0'. This package may not be fully compatible with your project. [C:\Users\ultra\warewolf\Dev\Warewolf.Trigger.Queue.Tests\Warewolf.Trigger.Queue.Tests.csproj]
C:\Users\ultra\warewolf\Dev\Warewolf.HangfireServer\Warewolf.HangfireServer.csproj : warning NU1903: Package 'Microsoft.Windows.Compatibility' 6.0.0 has a known high severity vulnerability, https://github.com/advisories/GHSA-555c-2p6r-68mm [C:\Users\ultra\warewolf\Dev\Warewolf.Trigger.Queue.Tests\Warewolf.Trigger.Queue.Tests.csproj]
C:\Users\ultra\warewolf\Dev\Warewolf.Storage.Interfaces\Warewolf.Storage.Interfaces.csproj : warning NU1701: Package 'TaskSchedulerEditor 2.10.1' was restored using '.NETFramework,Version=v4.6.1, .NETFramework,Version=v4.6.2, .NETFramework,Version=v4.7, .NETFramework,Version=v4.7.1, .NETFramework,Version=v4.7.2, .NETFramework,Version=v4.8, .NETFramework,Version=v4.8.1' instead of the project target framework 'net8.0'. This package may not be fully compatible with your project. [C:\Users\ultra\warewolf\Dev\Warewolf.Trigger.Queue.Tests\Warewolf.Trigger.Queue.Tests.csproj]
C:\Users\ultra\warewolf\Dev\Warewolf.Driver.Persistence\Warewolf.Driver.Persistence.csproj : warning NU1701: Package 'TaskSchedulerEditor 2.10.1' was restored using '.NETFramework,Version=v4.6.1, .NETFramework,Version=v4.6.2, .NETFramework,Version=v4.7, .NETFramework,Version=v4.7.1, .NETFramework,Version=v4.7.2, .NETFramework,Version=v4.8, .NETFramework,Version=v4.8.1' instead of the project target framework 'net8.0'. This package may not be fully compatible with your project. [C:\Users\ultra\warewolf\Dev\Warewolf.Trigger.Queue.Tests\Warewolf.Trigger.Queue.Tests.csproj]
C:\Users\ultra\warewolf\Dev\Warewolf.Studio.AntiCorruptionLayer\Warewolf.Studio.AntiCorruptionLayer.csproj : warning NU1701: Package 'GroupControls 1.9.0' was restored using '.NETFramework,Version=v4.6.1, .NETFramework,Version=v4.6.2, .NETFramework,Version=v4.7, .NETFramework,Version=v4.7.1, .NETFramework,Version=v4.7.2, .NETFramework,Version=v4.8, .NETFramework,Version=v4.8.1' instead of the project target framework 'net8.0'. This package may not be fully compatible with your project. [C:\Users\ultra\warewolf\Dev\Warewolf.Trigger.Queue.Tests\Warewolf.Trigger.Queue.Tests.csproj]
C:\Users\ultra\warewolf\Dev\Warewolf.HangfireServer\Warewolf.HangfireServer.csproj : warning NU1701: Package 'AeroWizard 2.3.1' was restored using '.NETFramework,Version=v4.6.1, .NETFramework,Version=v4.6.2, .NETFramework,Version=v4.7, .NETFramework,Version=v4.7.1, .NETFramework,Version=v4.7.2, .NETFramework,Version=v4.8, .NETFramework,Version=v4.8.1' instead of the project target framework 'net8.0'. This package may not be fully compatible with your project. [C:\Users\ultra\warewolf\Dev\Warewolf.Trigger.Queue.Tests\Warewolf.Trigger.Queue.Tests.csproj]
C:\Users\ultra\warewolf\Dev\Warewolf.Studio.AntiCorruptionLayer\Warewolf.Studio.AntiCorruptionLayer.csproj : warning NU1701: Package 'Microsoft.Xaml.Behaviors.Wpf 1.1.122' was restored using '.NETFramework,Version=v4.6.1, .NETFramework,Version=v4.6.2, .NETFramework,Version=v4.7, .NETFramework,Version=v4.7.1, .NETFramework,Version=v4.7.2, .NETFramework,Version=v4.8, .NETFramework,Version=v4.8.1' instead of the project target framework 'net8.0'. This package may not be fully compatible with your project. [C:\Users\ultra\warewolf\Dev\Warewolf.Trigger.Queue.Tests\Warewolf.Trigger.Queue.Tests.csproj]
C:\Users\ultra\warewolf\Dev\Warewolf.Studio.AntiCorruptionLayer\Warewolf.Studio.AntiCorruptionLayer.csproj : warning NU1701: Package 'Prism.Wpf 9.0.537' was restored using '.NETFramework,Version=v4.6.1, .NETFramework,Version=v4.6.2, .NETFramework,Version=v4.7, .NETFramework,Version=v4.7.1, .NETFramework,Version=v4.7.2, .NETFramework,Version=v4.8, .NETFramework,Version=v4.8.1' instead of the project target framework 'net8.0'. This package may not be fully compatible with your project. [C:\Users\ultra\warewolf\Dev\Warewolf.Trigger.Queue.Tests\Warewolf.Trigger.Queue.Tests.csproj]
C:\Users\ultra\warewolf\Dev\Warewolf.Storage\Warewolf.Storage.csproj : warning NU1701: Package 'AeroWizard 2.3.1' was restored using '.NETFramework,Version=v4.6.1, .NETFramework,Version=v4.6.2, .NETFramework,Version=v4.7, .NETFramework,Version=v4.7.1, .NETFramework,Version=v4.7.2, .NETFramework,Version=v4.8, .NETFramework,Version=v4.8.1' instead of the project target framework 'net8.0'. This package may not be fully compatible with your project. [C:\Users\ultra\warewolf\Dev\Warewolf.Trigger.Queue.Tests\Warewolf.Trigger.Queue.Tests.csproj]
C:\Users\ultra\warewolf\Dev\Warewolf.Studio.AntiCorruptionLayer\Warewolf.Studio.AntiCorruptionLayer.csproj : warning NU1701: Package 'ReactiveUI.WPF 18.4.1' was restored using '.NETFramework,Version=v4.6.1, .NETFramework,Version=v4.6.2, .NETFramework,Version=v4.7, .NETFramework,Version=v4.7.1, .NETFramework,Version=v4.7.2, .NETFramework,Version=v4.8, .NETFramework,Version=v4.8.1' instead of the project target framework 'net8.0'. This package may not be fully compatible with your project. [C:\Users\ultra\warewolf\Dev\Warewolf.Trigger.Queue.Tests\Warewolf.Trigger.Queue.Tests.csproj]
C:\Users\ultra\warewolf\Dev\Warewolf.HangfireServer\Warewolf.HangfireServer.csproj : warning NU1701: Package 'GroupControls 1.9.0' was restored using '.NETFramework,Version=v4.6.1, .NETFramework,Version=v4.6.2, .NETFramework,Version=v4.7, .NETFramework,Version=v4.7.1, .NETFramework,Version=v4.7.2, .NETFramework,Version=v4.8, .NETFramework,Version=v4.8.1' instead of the project target framework 'net8.0'. This package may not be fully compatible with your project. [C:\Users\ultra\warewolf\Dev\Warewolf.Trigger.Queue.Tests\Warewolf.Trigger.Queue.Tests.csproj]
C:\Users\ultra\warewolf\Dev\Warewolf.Studio.AntiCorruptionLayer\Warewolf.Studio.AntiCorruptionLayer.csproj : warning NU1701: Package 'TaskSchedulerEditor 2.10.1' was restored using '.NETFramework,Version=v4.6.1, .NETFramework,Version=v4.6.2, .NETFramework,Version=v4.7, .NETFramework,Version=v4.7.1, .NETFramework,Version=v4.7.2, .NETFramework,Version=v4.8, .NETFramework,Version=v4.8.1' instead of the project target framework 'net8.0'. This package may not be fully compatible with your project. [C:\Users\ultra\warewolf\Dev\Warewolf.Trigger.Queue.Tests\Warewolf.Trigger.Queue.Tests.csproj]
C:\Users\ultra\warewolf\Dev\Warewolf.Storage\Warewolf.Storage.csproj : warning NU1701: Package 'GroupControls 1.9.0' was restored using '.NETFramework,Version=v4.6.1, .NETFramework,Version=v4.6.2, .NETFramework,Version=v4.7, .NETFramework,Version=v4.7.1, .NETFramework,Version=v4.7.2, .NETFramework,Version=v4.8, .NETFramework,Version=v4.8.1' instead of the project target framework 'net8.0'. This package may not be fully compatible with your project. [C:\Users\ultra\warewolf\Dev\Warewolf.Trigger.Queue.Tests\Warewolf.Trigger.Queue.Tests.csproj]
C:\Users\ultra\warewolf\Dev\Warewolf.HangfireServer\Warewolf.HangfireServer.csproj : warning NU1701: Package 'ReactiveUI.WPF 18.4.1' was restored using '.NETFramework,Version=v4.6.1, .NETFramework,Version=v4.6.2, .NETFramework,Version=v4.7, .NETFramework,Version=v4.7.1, .NETFramework,Version=v4.7.2, .NETFramework,Version=v4.8, .NETFramework,Version=v4.8.1' instead of the project target framework 'net8.0'. This package may not be fully compatible with your project. [C:\Users\ultra\warewolf\Dev\Warewolf.Trigger.Queue.Tests\Warewolf.Trigger.Queue.Tests.csproj]
C:\Users\ultra\warewolf\Dev\Warewolf.Studio.Core\Warewolf.Studio.Core.csproj : warning NU1701: Package 'AeroWizard 2.3.1' was restored using '.NETFramework,Version=v4.6.1, .NETFramework,Version=v4.6.2, .NETFramework,Version=v4.7, .NETFramework,Version=v4.7.1, .NETFramework,Version=v4.7.2, .NETFramework,Version=v4.8, .NETFramework,Version=v4.8.1' instead of the project target framework 'net8.0'. This package may not be fully compatible with your project. [C:\Users\ultra\warewolf\Dev\Warewolf.Trigger.Queue.Tests\Warewolf.Trigger.Queue.Tests.csproj]
C:\Users\ultra\warewolf\Dev\Warewolf.Storage\Warewolf.Storage.csproj : warning NU1701: Package 'ReactiveUI.WPF 18.4.1' was restored using '.NETFramework,Version=v4.6.1, .NETFramework,Version=v4.6.2, .NETFramework,Version=v4.7, .NETFramework,Version=v4.7.1, .NETFramework,Version=v4.7.2, .NETFramework,Version=v4.8, .NETFramework,Version=v4.8.1' instead of the project target framework 'net8.0'. This package may not be fully compatible with your project. [C:\Users\ultra\warewolf\Dev\Warewolf.Trigger.Queue.Tests\Warewolf.Trigger.Queue.Tests.csproj]
C:\Users\ultra\warewolf\Dev\Warewolf.HangfireServer\Warewolf.HangfireServer.csproj : warning NU1701: Package 'TaskSchedulerEditor 2.10.1' was restored using '.NETFramework,Version=v4.6.1, .NETFramework,Version=v4.6.2, .NETFramework,Version=v4.7, .NETFramework,Version=v4.7.1, .NETFramework,Version=v4.7.2, .NETFramework,Version=v4.8, .NETFramework,Version=v4.8.1' instead of the project target framework 'net8.0'. This package may not be fully compatible with your project. [C:\Users\ultra\warewolf\Dev\Warewolf.Trigger.Queue.Tests\Warewolf.Trigger.Queue.Tests.csproj]
C:\Users\ultra\warewolf\Dev\Warewolf.Storage\Warewolf.Storage.csproj : warning NU1701: Package 'TaskSchedulerEditor 2.10.1' was restored using '.NETFramework,Version=v4.6.1, .NETFramework,Version=v4.6.2, .NETFramework,Version=v4.7, .NETFramework,Version=v4.7.1, .NETFramework,Version=v4.7.2, .NETFramework,Version=v4.8, .NETFramework,Version=v4.8.1' instead of the project target framework 'net8.0'. This package may not be fully compatible with your project. [C:\Users\ultra\warewolf\Dev\Warewolf.Trigger.Queue.Tests\Warewolf.Trigger.Queue.Tests.csproj]
C:\Users\ultra\warewolf\Dev\Warewolf.Studio.Core\Warewolf.Studio.Core.csproj : warning NU1701: Package 'GroupControls 1.9.0' was restored using '.NETFramework,Version=v4.6.1, .NETFramework,Version=v4.6.2, .NETFramework,Version=v4.7, .NETFramework,Version=v4.7.1, .NETFramework,Version=v4.7.2, .NETFramework,Version=v4.8, .NETFramework,Version=v4.8.1' instead of the project target framework 'net8.0'. This package may not be fully compatible with your project. [C:\Users\ultra\warewolf\Dev\Warewolf.Trigger.Queue.Tests\Warewolf.Trigger.Queue.Tests.csproj]
C:\Users\ultra\warewolf\Dev\Warewolf.Studio.Core\Warewolf.Studio.Core.csproj : warning NU1701: Package 'Microsoft.Xaml.Behaviors.Wpf 1.1.122' was restored using '.NETFramework,Version=v4.6.1, .NETFramework,Version=v4.6.2, .NETFramework,Version=v4.7, .NETFramework,Version=v4.7.1, .NETFramework,Version=v4.7.2, .NETFramework,Version=v4.8, .NETFramework,Version=v4.8.1' instead of the project target framework 'net8.0'. This package may not be fully compatible with your project. [C:\Users\ultra\warewolf\Dev\Warewolf.Trigger.Queue.Tests\Warewolf.Trigger.Queue.Tests.csproj]
C:\Users\ultra\warewolf\Dev\Warewolf.Studio.Core\Warewolf.Studio.Core.csproj : warning NU1701: Package 'Prism.Wpf 9.0.537' was restored using '.NETFramework,Version=v4.6.1, .NETFramework,Version=v4.6.2, .NETFramework,Version=v4.7, .NETFramework,Version=v4.7.1, .NETFramework,Version=v4.7.2, .NETFramework,Version=v4.8, .NETFramework,Version=v4.8.1' instead of the project target framework 'net8.0'. This package may not be fully compatible with your project. [C:\Users\ultra\warewolf\Dev\Warewolf.Trigger.Queue.Tests\Warewolf.Trigger.Queue.Tests.csproj]
C:\Users\ultra\warewolf\Dev\Dev2.Infrastructure.Tests\Dev2.Infrastructure.Tests.csproj : warning NU1701: Package 'AeroWizard 2.3.1' was restored using '.NETFramework,Version=v4.6.1, .NETFramework,Version=v4.6.2, .NETFramework,Version=v4.7, .NETFramework,Version=v4.7.1, .NETFramework,Version=v4.7.2, .NETFramework,Version=v4.8, .NETFramework,Version=v4.8.1' instead of the project target framework 'net8.0'. This package may not be fully compatible with your project. [C:\Users\ultra\warewolf\Dev\Warewolf.Trigger.Queue.Tests\Warewolf.Trigger.Queue.Tests.csproj]
C:\Users\ultra\warewolf\Dev\Warewolf.Studio.Core\Warewolf.Studio.Core.csproj : warning NU1701: Package 'ReactiveUI.WPF 18.4.1' was restored using '.NETFramework,Version=v4.6.1, .NETFramework,Version=v4.6.2, .NETFramework,Version=v4.7, .NETFramework,Version=v4.7.1, .NETFramework,Version=v4.7.2, .NETFramework,Version=v4.8, .NETFramework,Version=v4.8.1' instead of the project target framework 'net8.0'. This package may not be fully compatible with your project. [C:\Users\ultra\warewolf\Dev\Warewolf.Trigger.Queue.Tests\Warewolf.Trigger.Queue.Tests.csproj]
C:\Users\ultra\warewolf\Dev\Warewolf.Studio.Core\Warewolf.Studio.Core.csproj : warning NU1701: Package 'TaskSchedulerEditor 2.10.1' was restored using '.NETFramework,Version=v4.6.1, .NETFramework,Version=v4.6.2, .NETFramework,Version=v4.7, .NETFramework,Version=v4.7.1, .NETFramework,Version=v4.7.2, .NETFramework,Version=v4.8, .NETFramework,Version=v4.8.1' instead of the project target framework 'net8.0'. This package may not be fully compatible with your project. [C:\Users\ultra\warewolf\Dev\Warewolf.Trigger.Queue.Tests\Warewolf.Trigger.Queue.Tests.csproj]
C:\Users\ultra\warewolf\Dev\Warewolf.Driver.Serilog\Warewolf.Driver.Serilog.csproj : warning NU1701: Package 'AeroWizard 2.3.1' was restored using '.NETFramework,Version=v4.6.1, .NETFramework,Version=v4.6.2, .NETFramework,Version=v4.7, .NETFramework,Version=v4.7.1, .NETFramework,Version=v4.7.2, .NETFramework,Version=v4.8, .NETFramework,Version=v4.8.1' instead of the project target framework 'net8.0'. This package may not be fully compatible with your project. [C:\Users\ultra\warewolf\Dev\Warewolf.Trigger.Queue.Tests\Warewolf.Trigger.Queue.Tests.csproj]
C:\Users\ultra\warewolf\Dev\Dev2.Infrastructure.Tests\Dev2.Infrastructure.Tests.csproj : warning NU1701: Package 'GroupControls 1.9.0' was restored using '.NETFramework,Version=v4.6.1, .NETFramework,Version=v4.6.2, .NETFramework,Version=v4.7, .NETFramework,Version=v4.7.1, .NETFramework,Version=v4.7.2, .NETFramework,Version=v4.8, .NETFramework,Version=v4.8.1' instead of the project target framework 'net8.0'. This package may not be fully compatible with your project. [C:\Users\ultra\warewolf\Dev\Warewolf.Trigger.Queue.Tests\Warewolf.Trigger.Queue.Tests.csproj]
C:\Users\ultra\warewolf\Dev\Dev2.Infrastructure.Tests\Dev2.Infrastructure.Tests.csproj : warning NU1701: Package 'Microsoft.Xaml.Behaviors.Wpf 1.1.122' was restored using '.NETFramework,Version=v4.6.1, .NETFramework,Version=v4.6.2, .NETFramework,Version=v4.7, .NETFramework,Version=v4.7.1, .NETFramework,Version=v4.7.2, .NETFramework,Version=v4.8, .NETFramework,Version=v4.8.1' instead of the project target framework 'net8.0'. This package may not be fully compatible with your project. [C:\Users\ultra\warewolf\Dev\Warewolf.Trigger.Queue.Tests\Warewolf.Trigger.Queue.Tests.csproj]
C:\Users\ultra\warewolf\Dev\Dev2.Infrastructure.Tests\Dev2.Infrastructure.Tests.csproj : warning NU1701: Package 'Prism.Wpf 9.0.537' was restored using '.NETFramework,Version=v4.6.1, .NETFramework,Version=v4.6.2, .NETFramework,Version=v4.7, .NETFramework,Version=v4.7.1, .NETFramework,Version=v4.7.2, .NETFramework,Version=v4.8, .NETFramework,Version=v4.8.1' instead of the project target framework 'net8.0'. This package may not be fully compatible with your project. [C:\Users\ultra\warewolf\Dev\Warewolf.Trigger.Queue.Tests\Warewolf.Trigger.Queue.Tests.csproj]
C:\Users\ultra\warewolf\Dev\Warewolf.Driver.Serilog\Warewolf.Driver.Serilog.csproj : warning NU1701: Package 'GroupControls 1.9.0' was restored using '.NETFramework,Version=v4.6.1, .NETFramework,Version=v4.6.2, .NETFramework,Version=v4.7, .NETFramework,Version=v4.7.1, .NETFramework,Version=v4.7.2, .NETFramework,Version=v4.8, .NETFramework,Version=v4.8.1' instead of the project target framework 'net8.0'. This package may not be fully compatible with your project. [C:\Users\ultra\warewolf\Dev\Warewolf.Trigger.Queue.Tests\Warewolf.Trigger.Queue.Tests.csproj]
C:\Users\ultra\warewolf\Dev\Dev2.Infrastructure.Tests\Dev2.Infrastructure.Tests.csproj : warning NU1701: Package 'ReactiveUI.WPF 18.4.1' was restored using '.NETFramework,Version=v4.6.1, .NETFramework,Version=v4.6.2, .NETFramework,Version=v4.7, .NETFramework,Version=v4.7.1, .NETFramework,Version=v4.7.2, .NETFramework,Version=v4.8, .NETFramework,Version=v4.8.1' instead of the project target framework 'net8.0'. This package may not be fully compatible with your project. [C:\Users\ultra\warewolf\Dev\Warewolf.Trigger.Queue.Tests\Warewolf.Trigger.Queue.Tests.csproj]
C:\Users\ultra\warewolf\Dev\Warewolf.Driver.Serilog\Warewolf.Driver.Serilog.csproj : warning NU1701: Package 'ReactiveUI.WPF 18.4.1' was restored using '.NETFramework,Version=v4.6.1, .NETFramework,Version=v4.6.2, .NETFramework,Version=v4.7, .NETFramework,Version=v4.7.1, .NETFramework,Version=v4.7.2, .NETFramework,Version=v4.8, .NETFramework,Version=v4.8.1' instead of the project target framework 'net8.0'. This package may not be fully compatible with your project. [C:\Users\ultra\warewolf\Dev\Warewolf.Trigger.Queue.Tests\Warewolf.Trigger.Queue.Tests.csproj]
C:\Users\ultra\warewolf\Dev\Warewolf.Driver.Serilog\Warewolf.Driver.Serilog.csproj : warning NU1701: Package 'TaskSchedulerEditor 2.10.1' was restored using '.NETFramework,Version=v4.6.1, .NETFramework,Version=v4.6.2, .NETFramework,Version=v4.7, .NETFramework,Version=v4.7.1, .NETFramework,Version=v4.7.2, .NETFramework,Version=v4.8, .NETFramework,Version=v4.8.1' instead of the project target framework 'net8.0'. This package may not be fully compatible with your project. [C:\Users\ultra\warewolf\Dev\Warewolf.Trigger.Queue.Tests\Warewolf.Trigger.Queue.Tests.csproj]
C:\Users\ultra\warewolf\Dev\Dev2.Infrastructure.Tests\Dev2.Infrastructure.Tests.csproj : warning NU1701: Package 'TaskSchedulerEditor 2.10.1' was restored using '.NETFramework,Version=v4.6.1, .NETFramework,Version=v4.6.2, .NETFramework,Version=v4.7, .NETFramework,Version=v4.7.1, .NETFramework,Version=v4.7.2, .NETFramework,Version=v4.8, .NETFramework,Version=v4.8.1' instead of the project target framework 'net8.0'. This package may not be fully compatible with your project. [C:\Users\ultra\warewolf\Dev\Warewolf.Trigger.Queue.Tests\Warewolf.Trigger.Queue.Tests.csproj]
C:\Users\ultra\warewolf\Dev\Warewolf.Licensing\Warewolf.Licensing.csproj : warning NU1701: Package 'AeroWizard 2.3.1' was restored using '.NETFramework,Version=v4.6.1, .NETFramework,Version=v4.6.2, .NETFramework,Version=v4.7, .NETFramework,Version=v4.7.1, .NETFramework,Version=v4.7.2, .NETFramework,Version=v4.8, .NETFramework,Version=v4.8.1' instead of the project target framework 'net8.0'. This package may not be fully compatible with your project. [C:\Users\ultra\warewolf\Dev\Warewolf.Trigger.Queue.Tests\Warewolf.Trigger.Queue.Tests.csproj]
C:\Users\ultra\warewolf\Dev\Warewolf.Licensing\Warewolf.Licensing.csproj : warning NU1701: Package 'GroupControls 1.9.0' was restored using '.NETFramework,Version=v4.6.1, .NETFramework,Version=v4.6.2, .NETFramework,Version=v4.7, .NETFramework,Version=v4.7.1, .NETFramework,Version=v4.7.2, .NETFramework,Version=v4.8, .NETFramework,Version=v4.8.1' instead of the project target framework 'net8.0'. This package may not be fully compatible with your project. [C:\Users\ultra\warewolf\Dev\Warewolf.Trigger.Queue.Tests\Warewolf.Trigger.Queue.Tests.csproj]
C:\Users\ultra\warewolf\Dev\Warewolf.Licensing\Warewolf.Licensing.csproj : warning NU1701: Package 'TaskSchedulerEditor 2.10.1' was restored using '.NETFramework,Version=v4.6.1, .NETFramework,Version=v4.6.2, .NETFramework,Version=v4.7, .NETFramework,Version=v4.7.1, .NETFramework,Version=v4.7.2, .NETFramework,Version=v4.8, .NETFramework,Version=v4.8.1' instead of the project target framework 'net8.0'. This package may not be fully compatible with your project. [C:\Users\ultra\warewolf\Dev\Warewolf.Trigger.Queue.Tests\Warewolf.Trigger.Queue.Tests.csproj]
C:\Users\ultra\warewolf\Dev\Dev2.Runtime.Configuration\Dev2.Runtime.Configuration.csproj : warning NU1903: Package 'Microsoft.Windows.Compatibility' 6.0.0 has a known high severity vulnerability, https://github.com/advisories/GHSA-555c-2p6r-68mm [C:\Users\ultra\warewolf\Dev\Warewolf.Trigger.Queue.Tests\Warewolf.Trigger.Queue.Tests.csproj]
C:\Users\ultra\warewolf\Dev\Dev2.Runtime.Configuration\Dev2.Runtime.Configuration.csproj : warning NU1701: Package 'AeroWizard 2.3.1' was restored using '.NETFramework,Version=v4.6.1, .NETFramework,Version=v4.6.2, .NETFramework,Version=v4.7, .NETFramework,Version=v4.7.1, .NETFramework,Version=v4.7.2, .NETFramework,Version=v4.8, .NETFramework,Version=v4.8.1' instead of the project target framework 'net8.0'. This package may not be fully compatible with your project. [C:\Users\ultra\warewolf\Dev\Warewolf.Trigger.Queue.Tests\Warewolf.Trigger.Queue.Tests.csproj]
C:\Users\ultra\warewolf\Dev\Dev2.Runtime.Configuration\Dev2.Runtime.Configuration.csproj : warning NU1701: Package 'GroupControls 1.9.0' was restored using '.NETFramework,Version=v4.6.1, .NETFramework,Version=v4.6.2, .NETFramework,Version=v4.7, .NETFramework,Version=v4.7.1, .NETFramework,Version=v4.7.2, .NETFramework,Version=v4.8, .NETFramework,Version=v4.8.1' instead of the project target framework 'net8.0'. This package may not be fully compatible with your project. [C:\Users\ultra\warewolf\Dev\Warewolf.Trigger.Queue.Tests\Warewolf.Trigger.Queue.Tests.csproj]
C:\Users\ultra\warewolf\Dev\Dev2.Runtime.Configuration\Dev2.Runtime.Configuration.csproj : warning NU1701: Package 'TaskSchedulerEditor 2.10.1' was restored using '.NETFramework,Version=v4.6.1, .NETFramework,Version=v4.6.2, .NETFramework,Version=v4.7, .NETFramework,Version=v4.7.1, .NETFramework,Version=v4.7.2, .NETFramework,Version=v4.8, .NETFramework,Version=v4.8.1' instead of the project target framework 'net8.0'. This package may not be fully compatible with your project. [C:\Users\ultra\warewolf\Dev\Warewolf.Trigger.Queue.Tests\Warewolf.Trigger.Queue.Tests.csproj]
C:\Users\ultra\warewolf\Dev\Dev2.Infrastructure\Dev2.Infrastructure.csproj : warning NU1903: Package 'Microsoft.Windows.Compatibility' 6.0.0 has a known high severity vulnerability, https://github.com/advisories/GHSA-555c-2p6r-68mm [C:\Users\ultra\warewolf\Dev\Warewolf.Trigger.Queue.Tests\Warewolf.Trigger.Queue.Tests.csproj]
C:\Users\ultra\warewolf\Dev\Dev2.Infrastructure\Dev2.Infrastructure.csproj : warning NU1701: Package 'AeroWizard 2.3.1' was restored using '.NETFramework,Version=v4.6.1, .NETFramework,Version=v4.6.2, .NETFramework,Version=v4.7, .NETFramework,Version=v4.7.1, .NETFramework,Version=v4.7.2, .NETFramework,Version=v4.8, .NETFramework,Version=v4.8.1' instead of the project target framework 'net8.0'. This package may not be fully compatible with your project. [C:\Users\ultra\warewolf\Dev\Warewolf.Trigger.Queue.Tests\Warewolf.Trigger.Queue.Tests.csproj]
C:\Users\ultra\warewolf\Dev\Dev2.Infrastructure\Dev2.Infrastructure.csproj : warning NU1701: Package 'GroupControls 1.9.0' was restored using '.NETFramework,Version=v4.6.1, .NETFramework,Version=v4.6.2, .NETFramework,Version=v4.7, .NETFramework,Version=v4.7.1, .NETFramework,Version=v4.7.2, .NETFramework,Version=v4.8, .NETFramework,Version=v4.8.1' instead of the project target framework 'net8.0'. This package may not be fully compatible with your project. [C:\Users\ultra\warewolf\Dev\Warewolf.Trigger.Queue.Tests\Warewolf.Trigger.Queue.Tests.csproj]
C:\Users\ultra\warewolf\Dev\Dev2.Infrastructure\Dev2.Infrastructure.csproj : warning NU1701: Package 'ReactiveUI.WPF 18.4.1' was restored using '.NETFramework,Version=v4.6.1, .NETFramework,Version=v4.6.2, .NETFramework,Version=v4.7, .NETFramework,Version=v4.7.1, .NETFramework,Version=v4.7.2, .NETFramework,Version=v4.8, .NETFramework,Version=v4.8.1' instead of the project target framework 'net8.0'. This package may not be fully compatible with your project. [C:\Users\ultra\warewolf\Dev\Warewolf.Trigger.Queue.Tests\Warewolf.Trigger.Queue.Tests.csproj]
C:\Users\ultra\warewolf\Dev\Dev2.Runtime.Configuration.Tests\Dev2.Runtime.Configuration.Tests.csproj : warning NU1701: Package 'AeroWizard 2.3.1' was restored using '.NETFramework,Version=v4.6.1, .NETFramework,Version=v4.6.2, .NETFramework,Version=v4.7, .NETFramework,Version=v4.7.1, .NETFramework,Version=v4.7.2, .NETFramework,Version=v4.8, .NETFramework,Version=v4.8.1' instead of the project target framework 'net8.0'. This package may not be fully compatible with your project. [C:\Users\ultra\warewolf\Dev\Warewolf.Trigger.Queue.Tests\Warewolf.Trigger.Queue.Tests.csproj]
C:\Users\ultra\warewolf\Dev\Dev2.Infrastructure\Dev2.Infrastructure.csproj : warning NU1701: Package 'TaskSchedulerEditor 2.10.1' was restored using '.NETFramework,Version=v4.6.1, .NETFramework,Version=v4.6.2, .NETFramework,Version=v4.7, .NETFramework,Version=v4.7.1, .NETFramework,Version=v4.7.2, .NETFramework,Version=v4.8, .NETFramework,Version=v4.8.1' instead of the project target framework 'net8.0'. This package may not be fully compatible with your project. [C:\Users\ultra\warewolf\Dev\Warewolf.Trigger.Queue.Tests\Warewolf.Trigger.Queue.Tests.csproj]
C:\Users\ultra\warewolf\Dev\Dev2.Runtime.Configuration.Tests\Dev2.Runtime.Configuration.Tests.csproj : warning NU1701: Package 'GroupControls 1.9.0' was restored using '.NETFramework,Version=v4.6.1, .NETFramework,Version=v4.6.2, .NETFramework,Version=v4.7, .NETFramework,Version=v4.7.1, .NETFramework,Version=v4.7.2, .NETFramework,Version=v4.8, .NETFramework,Version=v4.8.1' instead of the project target framework 'net8.0'. This package may not be fully compatible with your project. [C:\Users\ultra\warewolf\Dev\Warewolf.Trigger.Queue.Tests\Warewolf.Trigger.Queue.Tests.csproj]
C:\Users\ultra\warewolf\Dev\Dev2.Runtime.Configuration.Tests\Dev2.Runtime.Configuration.Tests.csproj : warning NU1701: Package 'TaskSchedulerEditor 2.10.1' was restored using '.NETFramework,Version=v4.6.1, .NETFramework,Version=v4.6.2, .NETFramework,Version=v4.7, .NETFramework,Version=v4.7.1, .NETFramework,Version=v4.7.2, .NETFramework,Version=v4.8, .NETFramework,Version=v4.8.1' instead of the project target framework 'net8.0'. This package may not be fully compatible with your project. [C:\Users\ultra\warewolf\Dev\Warewolf.Trigger.Queue.Tests\Warewolf.Trigger.Queue.Tests.csproj]
C:\Users\ultra\warewolf\Dev\Warewolf.Security\Warewolf.Security.csproj : warning NU1904: Package 'System.Drawing.Common' 4.5.1 has a known critical severity vulnerability, https://github.com/advisories/GHSA-rxg9-xrhp-64gj [C:\Users\ultra\warewolf\Dev\Warewolf.Trigger.Queue.Tests\Warewolf.Trigger.Queue.Tests.csproj]
C:\Users\ultra\warewolf\Dev\Dev2.Services.Sql\Dev2.Services.Sql.csproj : warning NU1903: Package 'Oracle.ManagedDataAccess.Core' 3.21.70 has a known high severity vulnerability, https://github.com/advisories/GHSA-5pm2-9mr2-3frq [C:\Users\ultra\warewolf\Dev\Warewolf.Trigger.Queue.Tests\Warewolf.Trigger.Queue.Tests.csproj]
C:\Users\ultra\warewolf\Dev\Dev2.Services.Sql\Dev2.Services.Sql.csproj : warning NU1701: Package 'AeroWizard 2.3.1' was restored using '.NETFramework,Version=v4.6.1, .NETFramework,Version=v4.6.2, .NETFramework,Version=v4.7, .NETFramework,Version=v4.7.1, .NETFramework,Version=v4.7.2, .NETFramework,Version=v4.8, .NETFramework,Version=v4.8.1' instead of the project target framework 'net8.0'. This package may not be fully compatible with your project. [C:\Users\ultra\warewolf\Dev\Warewolf.Trigger.Queue.Tests\Warewolf.Trigger.Queue.Tests.csproj]
C:\Users\ultra\warewolf\Dev\Dev2.Services.Sql\Dev2.Services.Sql.csproj : warning NU1701: Package 'GroupControls 1.9.0' was restored using '.NETFramework,Version=v4.6.1, .NETFramework,Version=v4.6.2, .NETFramework,Version=v4.7, .NETFramework,Version=v4.7.1, .NETFramework,Version=v4.7.2, .NETFramework,Version=v4.8, .NETFramework,Version=v4.8.1' instead of the project target framework 'net8.0'. This package may not be fully compatible with your project. [C:\Users\ultra\warewolf\Dev\Warewolf.Trigger.Queue.Tests\Warewolf.Trigger.Queue.Tests.csproj]
C:\Users\ultra\warewolf\Dev\Dev2.Services.Sql\Dev2.Services.Sql.csproj : warning NU1701: Package 'ReactiveUI.WPF 18.4.1' was restored using '.NETFramework,Version=v4.6.1, .NETFramework,Version=v4.6.2, .NETFramework,Version=v4.7, .NETFramework,Version=v4.7.1, .NETFramework,Version=v4.7.2, .NETFramework,Version=v4.8, .NETFramework,Version=v4.8.1' instead of the project target framework 'net8.0'. This package may not be fully compatible with your project. [C:\Users\ultra\warewolf\Dev\Warewolf.Trigger.Queue.Tests\Warewolf.Trigger.Queue.Tests.csproj]
C:\Users\ultra\warewolf\Dev\Dev2.Services.Sql\Dev2.Services.Sql.csproj : warning NU1701: Package 'TaskSchedulerEditor 2.10.1' was restored using '.NETFramework,Version=v4.6.1, .NETFramework,Version=v4.6.2, .NETFramework,Version=v4.7, .NETFramework,Version=v4.7.1, .NETFramework,Version=v4.7.2, .NETFramework,Version=v4.8, .NETFramework,Version=v4.8.1' instead of the project target framework 'net8.0'. This package may not be fully compatible with your project. [C:\Users\ultra\warewolf\Dev\Warewolf.Trigger.Queue.Tests\Warewolf.Trigger.Queue.Tests.csproj]
C:\Users\ultra\warewolf\Dev\Dev2.Scheduler\Dev2.Scheduler.csproj : warning NU1701: Package 'AeroWizard 2.3.1' was restored using '.NETFramework,Version=v4.6.1, .NETFramework,Version=v4.6.2, .NETFramework,Version=v4.7, .NETFramework,Version=v4.7.1, .NETFramework,Version=v4.7.2, .NETFramework,Version=v4.8, .NETFramework,Version=v4.8.1' instead of the project target framework 'net8.0'. This package may not be fully compatible with your project. [C:\Users\ultra\warewolf\Dev\Warewolf.Trigger.Queue.Tests\Warewolf.Trigger.Queue.Tests.csproj]
C:\Users\ultra\warewolf\Dev\Dev2.Scheduler\Dev2.Scheduler.csproj : warning NU1701: Package 'GroupControls 1.9.0' was restored using '.NETFramework,Version=v4.6.1, .NETFramework,Version=v4.6.2, .NETFramework,Version=v4.7, .NETFramework,Version=v4.7.1, .NETFramework,Version=v4.7.2, .NETFramework,Version=v4.8, .NETFramework,Version=v4.8.1' instead of the project target framework 'net8.0'. This package may not be fully compatible with your project. [C:\Users\ultra\warewolf\Dev\Warewolf.Trigger.Queue.Tests\Warewolf.Trigger.Queue.Tests.csproj]
C:\Users\ultra\warewolf\Dev\Dev2.Scheduler\Dev2.Scheduler.csproj : warning NU1701: Package 'ReactiveUI.WPF 18.4.1' was restored using '.NETFramework,Version=v4.6.1, .NETFramework,Version=v4.6.2, .NETFramework,Version=v4.7, .NETFramework,Version=v4.7.1, .NETFramework,Version=v4.7.2, .NETFramework,Version=v4.8, .NETFramework,Version=v4.8.1' instead of the project target framework 'net8.0'. This package may not be fully compatible with your project. [C:\Users\ultra\warewolf\Dev\Warewolf.Trigger.Queue.Tests\Warewolf.Trigger.Queue.Tests.csproj]
C:\Users\ultra\warewolf\Dev\Dev2.Scheduler\Dev2.Scheduler.csproj : warning NU1701: Package 'TaskSchedulerEditor 2.10.1' was restored using '.NETFramework,Version=v4.6.1, .NETFramework,Version=v4.6.2, .NETFramework,Version=v4.7, .NETFramework,Version=v4.7.1, .NETFramework,Version=v4.7.2, .NETFramework,Version=v4.8, .NETFramework,Version=v4.8.1' instead of the project target framework 'net8.0'. This package may not be fully compatible with your project. [C:\Users\ultra\warewolf\Dev\Warewolf.Trigger.Queue.Tests\Warewolf.Trigger.Queue.Tests.csproj]
C:\Users\ultra\warewolf\Dev\Dev2.Intellisense\Dev2.Intellisense.csproj : warning NU1701: Package 'AeroWizard 2.3.1' was restored using '.NETFramework,Version=v4.6.1, .NETFramework,Version=v4.6.2, .NETFramework,Version=v4.7, .NETFramework,Version=v4.7.1, .NETFramework,Version=v4.7.2, .NETFramework,Version=v4.8, .NETFramework,Version=v4.8.1' instead of the project target framework 'net8.0'. This package may not be fully compatible with your project. [C:\Users\ultra\warewolf\Dev\Warewolf.Trigger.Queue.Tests\Warewolf.Trigger.Queue.Tests.csproj]
C:\Users\ultra\warewolf\Dev\Dev2.Intellisense\Dev2.Intellisense.csproj : warning NU1701: Package 'GroupControls 1.9.0' was restored using '.NETFramework,Version=v4.6.1, .NETFramework,Version=v4.6.2, .NETFramework,Version=v4.7, .NETFramework,Version=v4.7.1, .NETFramework,Version=v4.7.2, .NETFramework,Version=v4.8, .NETFramework,Version=v4.8.1' instead of the project target framework 'net8.0'. This package may not be fully compatible with your project. [C:\Users\ultra\warewolf\Dev\Warewolf.Trigger.Queue.Tests\Warewolf.Trigger.Queue.Tests.csproj]
C:\Users\ultra\warewolf\Dev\Dev2.Intellisense\Dev2.Intellisense.csproj : warning NU1701: Package 'Microsoft.Xaml.Behaviors.Wpf 1.1.122' was restored using '.NETFramework,Version=v4.6.1, .NETFramework,Version=v4.6.2, .NETFramework,Version=v4.7, .NETFramework,Version=v4.7.1, .NETFramework,Version=v4.7.2, .NETFramework,Version=v4.8, .NETFramework,Version=v4.8.1' instead of the project target framework 'net8.0'. This package may not be fully compatible with your project. [C:\Users\ultra\warewolf\Dev\Warewolf.Trigger.Queue.Tests\Warewolf.Trigger.Queue.Tests.csproj]
C:\Users\ultra\warewolf\Dev\Dev2.Intellisense\Dev2.Intellisense.csproj : warning NU1701: Package 'Prism.Wpf 9.0.537' was restored using '.NETFramework,Version=v4.6.1, .NETFramework,Version=v4.6.2, .NETFramework,Version=v4.7, .NETFramework,Version=v4.7.1, .NETFramework,Version=v4.7.2, .NETFramework,Version=v4.8, .NETFramework,Version=v4.8.1' instead of the project target framework 'net8.0'. This package may not be fully compatible with your project. [C:\Users\ultra\warewolf\Dev\Warewolf.Trigger.Queue.Tests\Warewolf.Trigger.Queue.Tests.csproj]
C:\Users\ultra\warewolf\Dev\Dev2.Intellisense\Dev2.Intellisense.csproj : warning NU1701: Package 'ReactiveUI.WPF 18.4.1' was restored using '.NETFramework,Version=v4.6.1, .NETFramework,Version=v4.6.2, .NETFramework,Version=v4.7, .NETFramework,Version=v4.7.1, .NETFramework,Version=v4.7.2, .NETFramework,Version=v4.8, .NETFramework,Version=v4.8.1' instead of the project target framework 'net8.0'. This package may not be fully compatible with your project. [C:\Users\ultra\warewolf\Dev\Warewolf.Trigger.Queue.Tests\Warewolf.Trigger.Queue.Tests.csproj]
C:\Users\ultra\warewolf\Dev\Dev2.Intellisense\Dev2.Intellisense.csproj : warning NU1701: Package 'TaskSchedulerEditor 2.10.1' was restored using '.NETFramework,Version=v4.6.1, .NETFramework,Version=v4.6.2, .NETFramework,Version=v4.7, .NETFramework,Version=v4.7.1, .NETFramework,Version=v4.7.2, .NETFramework,Version=v4.8, .NETFramework,Version=v4.8.1' instead of the project target framework 'net8.0'. This package may not be fully compatible with your project. [C:\Users\ultra\warewolf\Dev\Warewolf.Trigger.Queue.Tests\Warewolf.Trigger.Queue.Tests.csproj]
C:\Users\ultra\warewolf\Dev\Warewolf.MergeParser\Warewolf.MergeParser.csproj : warning NU1701: Package 'AeroWizard 2.3.1' was restored using '.NETFramework,Version=v4.6.1, .NETFramework,Version=v4.6.2, .NETFramework,Version=v4.7, .NETFramework,Version=v4.7.1, .NETFramework,Version=v4.7.2, .NETFramework,Version=v4.8, .NETFramework,Version=v4.8.1' instead of the project target framework 'net8.0'. This package may not be fully compatible with your project. [C:\Users\ultra\warewolf\Dev\Warewolf.Trigger.Queue.Tests\Warewolf.Trigger.Queue.Tests.csproj]
C:\Users\ultra\warewolf\Dev\Warewolf.MergeParser\Warewolf.MergeParser.csproj : warning NU1701: Package 'GroupControls 1.9.0' was restored using '.NETFramework,Version=v4.6.1, .NETFramework,Version=v4.6.2, .NETFramework,Version=v4.7, .NETFramework,Version=v4.7.1, .NETFramework,Version=v4.7.2, .NETFramework,Version=v4.8, .NETFramework,Version=v4.8.1' instead of the project target framework 'net8.0'. This package may not be fully compatible with your project. [C:\Users\ultra\warewolf\Dev\Warewolf.Trigger.Queue.Tests\Warewolf.Trigger.Queue.Tests.csproj]
C:\Users\ultra\warewolf\Dev\Warewolf.MergeParser\Warewolf.MergeParser.csproj : warning NU1701: Package 'Microsoft.Xaml.Behaviors.Wpf 1.1.122' was restored using '.NETFramework,Version=v4.6.1, .NETFramework,Version=v4.6.2, .NETFramework,Version=v4.7, .NETFramework,Version=v4.7.1, .NETFramework,Version=v4.7.2, .NETFramework,Version=v4.8, .NETFramework,Version=v4.8.1' instead of the project target framework 'net8.0'. This package may not be fully compatible with your project. [C:\Users\ultra\warewolf\Dev\Warewolf.Trigger.Queue.Tests\Warewolf.Trigger.Queue.Tests.csproj]
C:\Users\ultra\warewolf\Dev\Warewolf.MergeParser\Warewolf.MergeParser.csproj : warning NU1701: Package 'Prism.Wpf 9.0.537' was restored using '.NETFramework,Version=v4.6.1, .NETFramework,Version=v4.6.2, .NETFramework,Version=v4.7, .NETFramework,Version=v4.7.1, .NETFramework,Version=v4.7.2, .NETFramework,Version=v4.8, .NETFramework,Version=v4.8.1' instead of the project target framework 'net8.0'. This package may not be fully compatible with your project. [C:\Users\ultra\warewolf\Dev\Warewolf.Trigger.Queue.Tests\Warewolf.Trigger.Queue.Tests.csproj]
C:\Users\ultra\warewolf\Dev\Warewolf.MergeParser\Warewolf.MergeParser.csproj : warning NU1701: Package 'ReactiveUI.WPF 18.4.1' was restored using '.NETFramework,Version=v4.6.1, .NETFramework,Version=v4.6.2, .NETFramework,Version=v4.7, .NETFramework,Version=v4.7.1, .NETFramework,Version=v4.7.2, .NETFramework,Version=v4.8, .NETFramework,Version=v4.8.1' instead of the project target framework 'net8.0'. This package may not be fully compatible with your project. [C:\Users\ultra\warewolf\Dev\Warewolf.Trigger.Queue.Tests\Warewolf.Trigger.Queue.Tests.csproj]
C:\Users\ultra\warewolf\Dev\Warewolf.MergeParser\Warewolf.MergeParser.csproj : warning NU1701: Package 'TaskSchedulerEditor 2.10.1' was restored using '.NETFramework,Version=v4.6.1, .NETFramework,Version=v4.6.2, .NETFramework,Version=v4.7, .NETFramework,Version=v4.7.1, .NETFramework,Version=v4.7.2, .NETFramework,Version=v4.8, .NETFramework,Version=v4.8.1' instead of the project target framework 'net8.0'. This package may not be fully compatible with your project. [C:\Users\ultra\warewolf\Dev\Warewolf.Trigger.Queue.Tests\Warewolf.Trigger.Queue.Tests.csproj]
C:\Users\ultra\warewolf\Dev\Warewolf.AI.Harness\Warewolf.AI.Harness.csproj : warning NU1701: Package 'AeroWizard 2.3.1' was restored using '.NETFramework,Version=v4.6.1, .NETFramework,Version=v4.6.2, .NETFramework,Version=v4.7, .NETFramework,Version=v4.7.1, .NETFramework,Version=v4.7.2, .NETFramework,Version=v4.8, .NETFramework,Version=v4.8.1' instead of the project target framework 'net8.0'. This package may not be fully compatible with your project. [C:\Users\ultra\warewolf\Dev\Warewolf.Trigger.Queue.Tests\Warewolf.Trigger.Queue.Tests.csproj]
C:\Users\ultra\warewolf\Dev\Warewolf.AI.Harness\Warewolf.AI.Harness.csproj : warning NU1701: Package 'GroupControls 1.9.0' was restored using '.NETFramework,Version=v4.6.1, .NETFramework,Version=v4.6.2, .NETFramework,Version=v4.7, .NETFramework,Version=v4.7.1, .NETFramework,Version=v4.7.2, .NETFramework,Version=v4.8, .NETFramework,Version=v4.8.1' instead of the project target framework 'net8.0'. This package may not be fully compatible with your project. [C:\Users\ultra\warewolf\Dev\Warewolf.Trigger.Queue.Tests\Warewolf.Trigger.Queue.Tests.csproj]
C:\Users\ultra\warewolf\Dev\Warewolf.AI.Harness\Warewolf.AI.Harness.csproj : warning NU1701: Package 'TaskSchedulerEditor 2.10.1' was restored using '.NETFramework,Version=v4.6.1, .NETFramework,Version=v4.6.2, .NETFramework,Version=v4.7, .NETFramework,Version=v4.7.1, .NETFramework,Version=v4.7.2, .NETFramework,Version=v4.8, .NETFramework,Version=v4.8.1' instead of the project target framework 'net8.0'. This package may not be fully compatible with your project. [C:\Users\ultra\warewolf\Dev\Warewolf.Trigger.Queue.Tests\Warewolf.Trigger.Queue.Tests.csproj]
C:\Users\ultra\warewolf\Dev\Warewolf.MergeParser.Tests\Warewolf.MergeParser.Tests.csproj : warning NU1701: Package 'AeroWizard 2.3.1' was restored using '.NETFramework,Version=v4.6.1, .NETFramework,Version=v4.6.2, .NETFramework,Version=v4.7, .NETFramework,Version=v4.7.1, .NETFramework,Version=v4.7.2, .NETFramework,Version=v4.8, .NETFramework,Version=v4.8.1' instead of the project target framework 'net8.0'. This package may not be fully compatible with your project. [C:\Users\ultra\warewolf\Dev\Warewolf.Trigger.Queue.Tests\Warewolf.Trigger.Queue.Tests.csproj]
C:\Users\ultra\warewolf\Dev\Warewolf.MergeParser.Tests\Warewolf.MergeParser.Tests.csproj : warning NU1701: Package 'GroupControls 1.9.0' was restored using '.NETFramework,Version=v4.6.1, .NETFramework,Version=v4.6.2, .NETFramework,Version=v4.7, .NETFramework,Version=v4.7.1, .NETFramework,Version=v4.7.2, .NETFramework,Version=v4.8, .NETFramework,Version=v4.8.1' instead of the project target framework 'net8.0'. This package may not be fully compatible with your project. [C:\Users\ultra\warewolf\Dev\Warewolf.Trigger.Queue.Tests\Warewolf.Trigger.Queue.Tests.csproj]
C:\Users\ultra\warewolf\Dev\Warewolf.MergeParser.Tests\Warewolf.MergeParser.Tests.csproj : warning NU1701: Package 'Microsoft.Xaml.Behaviors.Wpf 1.1.122' was restored using '.NETFramework,Version=v4.6.1, .NETFramework,Version=v4.6.2, .NETFramework,Version=v4.7, .NETFramework,Version=v4.7.1, .NETFramework,Version=v4.7.2, .NETFramework,Version=v4.8, .NETFramework,Version=v4.8.1' instead of the project target framework 'net8.0'. This package may not be fully compatible with your project. [C:\Users\ultra\warewolf\Dev\Warewolf.Trigger.Queue.Tests\Warewolf.Trigger.Queue.Tests.csproj]
C:\Users\ultra\warewolf\Dev\Warewolf.MergeParser.Tests\Warewolf.MergeParser.Tests.csproj : warning NU1701: Package 'Prism.Wpf 9.0.537' was restored using '.NETFramework,Version=v4.6.1, .NETFramework,Version=v4.6.2, .NETFramework,Version=v4.7, .NETFramework,Version=v4.7.1, .NETFramework,Version=v4.7.2, .NETFramework,Version=v4.8, .NETFramework,Version=v4.8.1' instead of the project target framework 'net8.0'. This package may not be fully compatible with your project. [C:\Users\ultra\warewolf\Dev\Warewolf.Trigger.Queue.Tests\Warewolf.Trigger.Queue.Tests.csproj]
C:\Users\ultra\warewolf\Dev\Warewolf.MergeParser.Tests\Warewolf.MergeParser.Tests.csproj : warning NU1701: Package 'ReactiveUI.WPF 18.4.1' was restored using '.NETFramework,Version=v4.6.1, .NETFramework,Version=v4.6.2, .NETFramework,Version=v4.7, .NETFramework,Version=v4.7.1, .NETFramework,Version=v4.7.2, .NETFramework,Version=v4.8, .NETFramework,Version=v4.8.1' instead of the project target framework 'net8.0'. This package may not be fully compatible with your project. [C:\Users\ultra\warewolf\Dev\Warewolf.Trigger.Queue.Tests\Warewolf.Trigger.Queue.Tests.csproj]
C:\Users\ultra\warewolf\Dev\Warewolf.MergeParser.Tests\Warewolf.MergeParser.Tests.csproj : warning NU1701: Package 'TaskSchedulerEditor 2.10.1' was restored using '.NETFramework,Version=v4.6.1, .NETFramework,Version=v4.6.2, .NETFramework,Version=v4.7, .NETFramework,Version=v4.7.1, .NETFramework,Version=v4.7.2, .NETFramework,Version=v4.8, .NETFramework,Version=v4.8.1' instead of the project target framework 'net8.0'. This package may not be fully compatible with your project. [C:\Users\ultra\warewolf\Dev\Warewolf.Trigger.Queue.Tests\Warewolf.Trigger.Queue.Tests.csproj]
C:\Users\ultra\warewolf\Dev\Dev2.Services.Execution\Dev2.Services.Execution.csproj : warning NU1701: Package 'AeroWizard 2.3.1' was restored using '.NETFramework,Version=v4.6.1, .NETFramework,Version=v4.6.2, .NETFramework,Version=v4.7, .NETFramework,Version=v4.7.1, .NETFramework,Version=v4.7.2, .NETFramework,Version=v4.8, .NETFramework,Version=v4.8.1' instead of the project target framework 'net8.0'. This package may not be fully compatible with your project. [C:\Users\ultra\warewolf\Dev\Warewolf.Trigger.Queue.Tests\Warewolf.Trigger.Queue.Tests.csproj]
C:\Users\ultra\warewolf\Dev\Dev2.Services.Execution\Dev2.Services.Execution.csproj : warning NU1701: Package 'GroupControls 1.9.0' was restored using '.NETFramework,Version=v4.6.1, .NETFramework,Version=v4.6.2, .NETFramework,Version=v4.7, .NETFramework,Version=v4.7.1, .NETFramework,Version=v4.7.2, .NETFramework,Version=v4.8, .NETFramework,Version=v4.8.1' instead of the project target framework 'net8.0'. This package may not be fully compatible with your project. [C:\Users\ultra\warewolf\Dev\Warewolf.Trigger.Queue.Tests\Warewolf.Trigger.Queue.Tests.csproj]
C:\Users\ultra\warewolf\Dev\Dev2.Services.Execution\Dev2.Services.Execution.csproj : warning NU1701: Package 'ReactiveUI.WPF 18.4.1' was restored using '.NETFramework,Version=v4.6.1, .NETFramework,Version=v4.6.2, .NETFramework,Version=v4.7, .NETFramework,Version=v4.7.1, .NETFramework,Version=v4.7.2, .NETFramework,Version=v4.8, .NETFramework,Version=v4.8.1' instead of the project target framework 'net8.0'. This package may not be fully compatible with your project. [C:\Users\ultra\warewolf\Dev\Warewolf.Trigger.Queue.Tests\Warewolf.Trigger.Queue.Tests.csproj]
C:\Users\ultra\warewolf\Dev\Dev2.Services.Execution\Dev2.Services.Execution.csproj : warning NU1701: Package 'TaskSchedulerEditor 2.10.1' was restored using '.NETFramework,Version=v4.6.1, .NETFramework,Version=v4.6.2, .NETFramework,Version=v4.7, .NETFramework,Version=v4.7.1, .NETFramework,Version=v4.7.2, .NETFramework,Version=v4.8, .NETFramework,Version=v4.8.1' instead of the project target framework 'net8.0'. This package may not be fully compatible with your project. [C:\Users\ultra\warewolf\Dev\Warewolf.Trigger.Queue.Tests\Warewolf.Trigger.Queue.Tests.csproj]
C:\Users\ultra\warewolf\Dev\Warewolf.Auditing\Warewolf.Auditing.csproj : warning NU1701: Package 'AeroWizard 2.3.1' was restored using '.NETFramework,Version=v4.6.1, .NETFramework,Version=v4.6.2, .NETFramework,Version=v4.7, .NETFramework,Version=v4.7.1, .NETFramework,Version=v4.7.2, .NETFramework,Version=v4.8, .NETFramework,Version=v4.8.1' instead of the project target framework 'net8.0'. This package may not be fully compatible with your project. [C:\Users\ultra\warewolf\Dev\Warewolf.Trigger.Queue.Tests\Warewolf.Trigger.Queue.Tests.csproj]
C:\Users\ultra\warewolf\Dev\Warewolf.Auditing\Warewolf.Auditing.csproj : warning NU1701: Package 'GroupControls 1.9.0' was restored using '.NETFramework,Version=v4.6.1, .NETFramework,Version=v4.6.2, .NETFramework,Version=v4.7, .NETFramework,Version=v4.7.1, .NETFramework,Version=v4.7.2, .NETFramework,Version=v4.8, .NETFramework,Version=v4.8.1' instead of the project target framework 'net8.0'. This package may not be fully compatible with your project. [C:\Users\ultra\warewolf\Dev\Warewolf.Trigger.Queue.Tests\Warewolf.Trigger.Queue.Tests.csproj]
C:\Users\ultra\warewolf\Dev\Warewolf.Auditing\Warewolf.Auditing.csproj : warning NU1701: Package 'ReactiveUI.WPF 18.4.1' was restored using '.NETFramework,Version=v4.6.1, .NETFramework,Version=v4.6.2, .NETFramework,Version=v4.7, .NETFramework,Version=v4.7.1, .NETFramework,Version=v4.7.2, .NETFramework,Version=v4.8, .NETFramework,Version=v4.8.1' instead of the project target framework 'net8.0'. This package may not be fully compatible with your project. [C:\Users\ultra\warewolf\Dev\Warewolf.Trigger.Queue.Tests\Warewolf.Trigger.Queue.Tests.csproj]
C:\Users\ultra\warewolf\Dev\Warewolf.Auditing\Warewolf.Auditing.csproj : warning NU1701: Package 'TaskSchedulerEditor 2.10.1' was restored using '.NETFramework,Version=v4.6.1, .NETFramework,Version=v4.6.2, .NETFramework,Version=v4.7, .NETFramework,Version=v4.7.1, .NETFramework,Version=v4.7.2, .NETFramework,Version=v4.8, .NETFramework,Version=v4.8.1' instead of the project target framework 'net8.0'. This package may not be fully compatible with your project. [C:\Users\ultra\warewolf\Dev\Warewolf.Trigger.Queue.Tests\Warewolf.Trigger.Queue.Tests.csproj]
C:\Users\ultra\warewolf\Dev\Warewolf.Logger\Warewolf.Logger.csproj : warning NU1701: Package 'AeroWizard 2.3.1' was restored using '.NETFramework,Version=v4.6.1, .NETFramework,Version=v4.6.2, .NETFramework,Version=v4.7, .NETFramework,Version=v4.7.1, .NETFramework,Version=v4.7.2, .NETFramework,Version=v4.8, .NETFramework,Version=v4.8.1' instead of the project target framework 'net8.0'. This package may not be fully compatible with your project. [C:\Users\ultra\warewolf\Dev\Warewolf.Trigger.Queue.Tests\Warewolf.Trigger.Queue.Tests.csproj]
C:\Users\ultra\warewolf\Dev\Warewolf.Logger\Warewolf.Logger.csproj : warning NU1701: Package 'GroupControls 1.9.0' was restored using '.NETFramework,Version=v4.6.1, .NETFramework,Version=v4.6.2, .NETFramework,Version=v4.7, .NETFramework,Version=v4.7.1, .NETFramework,Version=v4.7.2, .NETFramework,Version=v4.8, .NETFramework,Version=v4.8.1' instead of the project target framework 'net8.0'. This package may not be fully compatible with your project. [C:\Users\ultra\warewolf\Dev\Warewolf.Trigger.Queue.Tests\Warewolf.Trigger.Queue.Tests.csproj]
C:\Users\ultra\warewolf\Dev\Warewolf.Logger\Warewolf.Logger.csproj : warning NU1701: Package 'Microsoft.Xaml.Behaviors.Wpf 1.1.122' was restored using '.NETFramework,Version=v4.6.1, .NETFramework,Version=v4.6.2, .NETFramework,Version=v4.7, .NETFramework,Version=v4.7.1, .NETFramework,Version=v4.7.2, .NETFramework,Version=v4.8, .NETFramework,Version=v4.8.1' instead of the project target framework 'net8.0'. This package may not be fully compatible with your project. [C:\Users\ultra\warewolf\Dev\Warewolf.Trigger.Queue.Tests\Warewolf.Trigger.Queue.Tests.csproj]
C:\Users\ultra\warewolf\Dev\Warewolf.Logger\Warewolf.Logger.csproj : warning NU1701: Package 'Prism.Wpf 9.0.537' was restored using '.NETFramework,Version=v4.6.1, .NETFramework,Version=v4.6.2, .NETFramework,Version=v4.7, .NETFramework,Version=v4.7.1, .NETFramework,Version=v4.7.2, .NETFramework,Version=v4.8, .NETFramework,Version=v4.8.1' instead of the project target framework 'net8.0'. This package may not be fully compatible with your project. [C:\Users\ultra\warewolf\Dev\Warewolf.Trigger.Queue.Tests\Warewolf.Trigger.Queue.Tests.csproj]
C:\Users\ultra\warewolf\Dev\Warewolf.Logger\Warewolf.Logger.csproj : warning NU1701: Package 'ReactiveUI.WPF 18.4.1' was restored using '.NETFramework,Version=v4.6.1, .NETFramework,Version=v4.6.2, .NETFramework,Version=v4.7, .NETFramework,Version=v4.7.1, .NETFramework,Version=v4.7.2, .NETFramework,Version=v4.8, .NETFramework,Version=v4.8.1' instead of the project target framework 'net8.0'. This package may not be fully compatible with your project. [C:\Users\ultra\warewolf\Dev\Warewolf.Trigger.Queue.Tests\Warewolf.Trigger.Queue.Tests.csproj]
C:\Users\ultra\warewolf\Dev\Warewolf.Logger\Warewolf.Logger.csproj : warning NU1701: Package 'TaskSchedulerEditor 2.10.1' was restored using '.NETFramework,Version=v4.6.1, .NETFramework,Version=v4.6.2, .NETFramework,Version=v4.7, .NETFramework,Version=v4.7.1, .NETFramework,Version=v4.7.2, .NETFramework,Version=v4.8, .NETFramework,Version=v4.8.1' instead of the project target framework 'net8.0'. This package may not be fully compatible with your project. [C:\Users\ultra\warewolf\Dev\Warewolf.Trigger.Queue.Tests\Warewolf.Trigger.Queue.Tests.csproj]
C:\Users\ultra\warewolf\Dev\Warewolf.ResourceManagement\Warewolf.ResourceManagement.csproj : warning NU1701: Package 'AeroWizard 2.3.1' was restored using '.NETFramework,Version=v4.6.1, .NETFramework,Version=v4.6.2, .NETFramework,Version=v4.7, .NETFramework,Version=v4.7.1, .NETFramework,Version=v4.7.2, .NETFramework,Version=v4.8, .NETFramework,Version=v4.8.1' instead of the project target framework 'net8.0'. This package may not be fully compatible with your project. [C:\Users\ultra\warewolf\Dev\Warewolf.Trigger.Queue.Tests\Warewolf.Trigger.Queue.Tests.csproj]
C:\Users\ultra\warewolf\Dev\Warewolf.ResourceManagement\Warewolf.ResourceManagement.csproj : warning NU1701: Package 'GroupControls 1.9.0' was restored using '.NETFramework,Version=v4.6.1, .NETFramework,Version=v4.6.2, .NETFramework,Version=v4.7, .NETFramework,Version=v4.7.1, .NETFramework,Version=v4.7.2, .NETFramework,Version=v4.8, .NETFramework,Version=v4.8.1' instead of the project target framework 'net8.0'. This package may not be fully compatible with your project. [C:\Users\ultra\warewolf\Dev\Warewolf.Trigger.Queue.Tests\Warewolf.Trigger.Queue.Tests.csproj]
C:\Users\ultra\warewolf\Dev\Warewolf.ResourceManagement\Warewolf.ResourceManagement.csproj : warning NU1701: Package 'ReactiveUI.WPF 18.4.1' was restored using '.NETFramework,Version=v4.6.1, .NETFramework,Version=v4.6.2, .NETFramework,Version=v4.7, .NETFramework,Version=v4.7.1, .NETFramework,Version=v4.7.2, .NETFramework,Version=v4.8, .NETFramework,Version=v4.8.1' instead of the project target framework 'net8.0'. This package may not be fully compatible with your project. [C:\Users\ultra\warewolf\Dev\Warewolf.Trigger.Queue.Tests\Warewolf.Trigger.Queue.Tests.csproj]
C:\Users\ultra\warewolf\Dev\Warewolf.ResourceManagement\Warewolf.ResourceManagement.csproj : warning NU1701: Package 'TaskSchedulerEditor 2.10.1' was restored using '.NETFramework,Version=v4.6.1, .NETFramework,Version=v4.6.2, .NETFramework,Version=v4.7, .NETFramework,Version=v4.7.1, .NETFramework,Version=v4.7.2, .NETFramework,Version=v4.8, .NETFramework,Version=v4.8.1' instead of the project target framework 'net8.0'. This package may not be fully compatible with your project. [C:\Users\ultra\warewolf\Dev\Warewolf.Trigger.Queue.Tests\Warewolf.Trigger.Queue.Tests.csproj]
C:\Users\ultra\warewolf\Dev\Dev2.Runtime\Dev2.Runtime.csproj : warning NU1903: Package 'Microsoft.Windows.Compatibility' 6.0.0 has a known high severity vulnerability, https://github.com/advisories/GHSA-555c-2p6r-68mm [C:\Users\ultra\warewolf\Dev\Warewolf.Trigger.Queue.Tests\Warewolf.Trigger.Queue.Tests.csproj]
C:\Users\ultra\warewolf\Dev\Dev2.Runtime\Dev2.Runtime.csproj : warning NU1701: Package 'AeroWizard 2.3.1' was restored using '.NETFramework,Version=v4.6.1, .NETFramework,Version=v4.6.2, .NETFramework,Version=v4.7, .NETFramework,Version=v4.7.1, .NETFramework,Version=v4.7.2, .NETFramework,Version=v4.8, .NETFramework,Version=v4.8.1' instead of the project target framework 'net8.0'. This package may not be fully compatible with your project. [C:\Users\ultra\warewolf\Dev\Warewolf.Trigger.Queue.Tests\Warewolf.Trigger.Queue.Tests.csproj]
C:\Users\ultra\warewolf\Dev\Dev2.Runtime\Dev2.Runtime.csproj : warning NU1701: Package 'GroupControls 1.9.0' was restored using '.NETFramework,Version=v4.6.1, .NETFramework,Version=v4.6.2, .NETFramework,Version=v4.7, .NETFramework,Version=v4.7.1, .NETFramework,Version=v4.7.2, .NETFramework,Version=v4.8, .NETFramework,Version=v4.8.1' instead of the project target framework 'net8.0'. This package may not be fully compatible with your project. [C:\Users\ultra\warewolf\Dev\Warewolf.Trigger.Queue.Tests\Warewolf.Trigger.Queue.Tests.csproj]
C:\Users\ultra\warewolf\Dev\Dev2.Runtime\Dev2.Runtime.csproj : warning NU1701: Package 'ReactiveUI.WPF 18.4.1' was restored using '.NETFramework,Version=v4.6.1, .NETFramework,Version=v4.6.2, .NETFramework,Version=v4.7, .NETFramework,Version=v4.7.1, .NETFramework,Version=v4.7.2, .NETFramework,Version=v4.8, .NETFramework,Version=v4.8.1' instead of the project target framework 'net8.0'. This package may not be fully compatible with your project. [C:\Users\ultra\warewolf\Dev\Warewolf.Trigger.Queue.Tests\Warewolf.Trigger.Queue.Tests.csproj]
C:\Users\ultra\warewolf\Dev\Dev2.Runtime\Dev2.Runtime.csproj : warning NU1701: Package 'TaskSchedulerEditor 2.10.1' was restored using '.NETFramework,Version=v4.6.1, .NETFramework,Version=v4.6.2, .NETFramework,Version=v4.7, .NETFramework,Version=v4.7.1, .NETFramework,Version=v4.7.2, .NETFramework,Version=v4.8, .NETFramework,Version=v4.8.1' instead of the project target framework 'net8.0'. This package may not be fully compatible with your project. [C:\Users\ultra\warewolf\Dev\Warewolf.Trigger.Queue.Tests\Warewolf.Trigger.Queue.Tests.csproj]
C:\Users\ultra\warewolf\Dev\Dev2.Runtime.Services\Dev2.Runtime.Services.csproj : warning NU1902: Package 'MessagePack' 2.4.59 has a known moderate severity vulnerability, https://github.com/advisories/GHSA-4qm4-8hg2-g2xm [C:\Users\ultra\warewolf\Dev\Warewolf.Trigger.Queue.Tests\Warewolf.Trigger.Queue.Tests.csproj]
C:\Users\ultra\warewolf\Dev\Dev2.Runtime.Services\Dev2.Runtime.Services.csproj : warning NU1903: Package 'Microsoft.Windows.Compatibility' 6.0.0 has a known high severity vulnerability, https://github.com/advisories/GHSA-555c-2p6r-68mm [C:\Users\ultra\warewolf\Dev\Warewolf.Trigger.Queue.Tests\Warewolf.Trigger.Queue.Tests.csproj]
C:\Users\ultra\warewolf\Dev\Dev2.Runtime.Services\Dev2.Runtime.Services.csproj : warning NU1701: Package 'AeroWizard 2.3.1' was restored using '.NETFramework,Version=v4.6.1, .NETFramework,Version=v4.6.2, .NETFramework,Version=v4.7, .NETFramework,Version=v4.7.1, .NETFramework,Version=v4.7.2, .NETFramework,Version=v4.8, .NETFramework,Version=v4.8.1' instead of the project target framework 'net8.0'. This package may not be fully compatible with your project. [C:\Users\ultra\warewolf\Dev\Warewolf.Trigger.Queue.Tests\Warewolf.Trigger.Queue.Tests.csproj]
C:\Users\ultra\warewolf\Dev\Dev2.Runtime.Services\Dev2.Runtime.Services.csproj : warning NU1701: Package 'GroupControls 1.9.0' was restored using '.NETFramework,Version=v4.6.1, .NETFramework,Version=v4.6.2, .NETFramework,Version=v4.7, .NETFramework,Version=v4.7.1, .NETFramework,Version=v4.7.2, .NETFramework,Version=v4.8, .NETFramework,Version=v4.8.1' instead of the project target framework 'net8.0'. This package may not be fully compatible with your project. [C:\Users\ultra\warewolf\Dev\Warewolf.Trigger.Queue.Tests\Warewolf.Trigger.Queue.Tests.csproj]
C:\Users\ultra\warewolf\Dev\Dev2.Runtime.Services\Dev2.Runtime.Services.csproj : warning NU1701: Package 'ReactiveUI.WPF 18.4.1' was restored using '.NETFramework,Version=v4.6.1, .NETFramework,Version=v4.6.2, .NETFramework,Version=v4.7, .NETFramework,Version=v4.7.1, .NETFramework,Version=v4.7.2, .NETFramework,Version=v4.8, .NETFramework,Version=v4.8.1' instead of the project target framework 'net8.0'. This package may not be fully compatible with your project. [C:\Users\ultra\warewolf\Dev\Warewolf.Trigger.Queue.Tests\Warewolf.Trigger.Queue.Tests.csproj]
C:\Users\ultra\warewolf\Dev\Dev2.Runtime.Services\Dev2.Runtime.Services.csproj : warning NU1701: Package 'TaskSchedulerEditor 2.10.1' was restored using '.NETFramework,Version=v4.6.1, .NETFramework,Version=v4.6.2, .NETFramework,Version=v4.7, .NETFramework,Version=v4.7.1, .NETFramework,Version=v4.7.2, .NETFramework,Version=v4.8, .NETFramework,Version=v4.8.1' instead of the project target framework 'net8.0'. This package may not be fully compatible with your project. [C:\Users\ultra\warewolf\Dev\Warewolf.Trigger.Queue.Tests\Warewolf.Trigger.Queue.Tests.csproj]
C:\Users\ultra\warewolf\Dev\Dev2.Util\Dev2.Util.csproj : warning NU1903: Package 'Microsoft.Windows.Compatibility' 6.0.0 has a known high severity vulnerability, https://github.com/advisories/GHSA-555c-2p6r-68mm [C:\Users\ultra\warewolf\Dev\Warewolf.Trigger.Queue.Tests\Warewolf.Trigger.Queue.Tests.csproj]
C:\Users\ultra\warewolf\Dev\Dev2.Util\Dev2.Util.csproj : warning NU1701: Package 'AeroWizard 2.3.1' was restored using '.NETFramework,Version=v4.6.1, .NETFramework,Version=v4.6.2, .NETFramework,Version=v4.7, .NETFramework,Version=v4.7.1, .NETFramework,Version=v4.7.2, .NETFramework,Version=v4.8, .NETFramework,Version=v4.8.1' instead of the project target framework 'net8.0'. This package may not be fully compatible with your project. [C:\Users\ultra\warewolf\Dev\Warewolf.Trigger.Queue.Tests\Warewolf.Trigger.Queue.Tests.csproj]
C:\Users\ultra\warewolf\Dev\Dev2.Util\Dev2.Util.csproj : warning NU1701: Package 'GroupControls 1.9.0' was restored using '.NETFramework,Version=v4.6.1, .NETFramework,Version=v4.6.2, .NETFramework,Version=v4.7, .NETFramework,Version=v4.7.1, .NETFramework,Version=v4.7.2, .NETFramework,Version=v4.8, .NETFramework,Version=v4.8.1' instead of the project target framework 'net8.0'. This package may not be fully compatible with your project. [C:\Users\ultra\warewolf\Dev\Warewolf.Trigger.Queue.Tests\Warewolf.Trigger.Queue.Tests.csproj]
C:\Users\ultra\warewolf\Dev\Dev2.Util\Dev2.Util.csproj : warning NU1701: Package 'TaskSchedulerEditor 2.10.1' was restored using '.NETFramework,Version=v4.6.1, .NETFramework,Version=v4.6.2, .NETFramework,Version=v4.7, .NETFramework,Version=v4.7.1, .NETFramework,Version=v4.7.2, .NETFramework,Version=v4.8, .NETFramework,Version=v4.8.1' instead of the project target framework 'net8.0'. This package may not be fully compatible with your project. [C:\Users\ultra\warewolf\Dev\Warewolf.Trigger.Queue.Tests\Warewolf.Trigger.Queue.Tests.csproj]
C:\Users\ultra\warewolf\Dev\Dev2.TaskScheduler.Wrappers\Dev2.TaskScheduler.Wrappers.csproj : warning NU1701: Package 'AeroWizard 2.3.1' was restored using '.NETFramework,Version=v4.6.1, .NETFramework,Version=v4.6.2, .NETFramework,Version=v4.7, .NETFramework,Version=v4.7.1, .NETFramework,Version=v4.7.2, .NETFramework,Version=v4.8, .NETFramework,Version=v4.8.1' instead of the project target framework 'net8.0'. This package may not be fully compatible with your project. [C:\Users\ultra\warewolf\Dev\Warewolf.Trigger.Queue.Tests\Warewolf.Trigger.Queue.Tests.csproj]
C:\Users\ultra\warewolf\Dev\Dev2.TaskScheduler.Wrappers\Dev2.TaskScheduler.Wrappers.csproj : warning NU1701: Package 'GroupControls 1.9.0' was restored using '.NETFramework,Version=v4.6.1, .NETFramework,Version=v4.6.2, .NETFramework,Version=v4.7, .NETFramework,Version=v4.7.1, .NETFramework,Version=v4.7.2, .NETFramework,Version=v4.8, .NETFramework,Version=v4.8.1' instead of the project target framework 'net8.0'. This package may not be fully compatible with your project. [C:\Users\ultra\warewolf\Dev\Warewolf.Trigger.Queue.Tests\Warewolf.Trigger.Queue.Tests.csproj]
C:\Users\ultra\warewolf\Dev\Dev2.TaskScheduler.Wrappers\Dev2.TaskScheduler.Wrappers.csproj : warning NU1701: Package 'TaskSchedulerEditor 2.10.1' was restored using '.NETFramework,Version=v4.6.1, .NETFramework,Version=v4.6.2, .NETFramework,Version=v4.7, .NETFramework,Version=v4.7.1, .NETFramework,Version=v4.7.2, .NETFramework,Version=v4.8, .NETFramework,Version=v4.8.1' instead of the project target framework 'net8.0'. This package may not be fully compatible with your project. [C:\Users\ultra\warewolf\Dev\Warewolf.Trigger.Queue.Tests\Warewolf.Trigger.Queue.Tests.csproj]
C:\Users\ultra\warewolf\Dev\Warewolf.Data\Warewolf.Data.csproj : warning NU1701: Package 'AeroWizard 2.3.1' was restored using '.NETFramework,Version=v4.6.1, .NETFramework,Version=v4.6.2, .NETFramework,Version=v4.7, .NETFramework,Version=v4.7.1, .NETFramework,Version=v4.7.2, .NETFramework,Version=v4.8, .NETFramework,Version=v4.8.1' instead of the project target framework 'net8.0'. This package may not be fully compatible with your project. [C:\Users\ultra\warewolf\Dev\Warewolf.Trigger.Queue.Tests\Warewolf.Trigger.Queue.Tests.csproj]
C:\Users\ultra\warewolf\Dev\Warewolf.Data\Warewolf.Data.csproj : warning NU1701: Package 'GroupControls 1.9.0' was restored using '.NETFramework,Version=v4.6.1, .NETFramework,Version=v4.6.2, .NETFramework,Version=v4.7, .NETFramework,Version=v4.7.1, .NETFramework,Version=v4.7.2, .NETFramework,Version=v4.8, .NETFramework,Version=v4.8.1' instead of the project target framework 'net8.0'. This package may not be fully compatible with your project. [C:\Users\ultra\warewolf\Dev\Warewolf.Trigger.Queue.Tests\Warewolf.Trigger.Queue.Tests.csproj]
C:\Users\ultra\warewolf\Dev\Warewolf.Data\Warewolf.Data.csproj : warning NU1701: Package 'TaskSchedulerEditor 2.10.1' was restored using '.NETFramework,Version=v4.6.1, .NETFramework,Version=v4.6.2, .NETFramework,Version=v4.7, .NETFramework,Version=v4.7.1, .NETFramework,Version=v4.7.2, .NETFramework,Version=v4.8, .NETFramework,Version=v4.8.1' instead of the project target framework 'net8.0'. This package may not be fully compatible with your project. [C:\Users\ultra\warewolf\Dev\Warewolf.Trigger.Queue.Tests\Warewolf.Trigger.Queue.Tests.csproj]
C:\Users\ultra\warewolf\Dev\Warewolf.Common\Warewolf.Common.csproj : warning NU1701: Package 'AeroWizard 2.3.1' was restored using '.NETFramework,Version=v4.6.1, .NETFramework,Version=v4.6.2, .NETFramework,Version=v4.7, .NETFramework,Version=v4.7.1, .NETFramework,Version=v4.7.2, .NETFramework,Version=v4.8, .NETFramework,Version=v4.8.1' instead of the project target framework 'net8.0'. This package may not be fully compatible with your project. [C:\Users\ultra\warewolf\Dev\Warewolf.Trigger.Queue.Tests\Warewolf.Trigger.Queue.Tests.csproj]
C:\Users\ultra\warewolf\Dev\Warewolf.Common\Warewolf.Common.csproj : warning NU1701: Package 'GroupControls 1.9.0' was restored using '.NETFramework,Version=v4.6.1, .NETFramework,Version=v4.6.2, .NETFramework,Version=v4.7, .NETFramework,Version=v4.7.1, .NETFramework,Version=v4.7.2, .NETFramework,Version=v4.8, .NETFramework,Version=v4.8.1' instead of the project target framework 'net8.0'. This package may not be fully compatible with your project. [C:\Users\ultra\warewolf\Dev\Warewolf.Trigger.Queue.Tests\Warewolf.Trigger.Queue.Tests.csproj]
C:\Users\ultra\warewolf\Dev\Warewolf.Common\Warewolf.Common.csproj : warning NU1701: Package 'TaskSchedulerEditor 2.10.1' was restored using '.NETFramework,Version=v4.6.1, .NETFramework,Version=v4.6.2, .NETFramework,Version=v4.7, .NETFramework,Version=v4.7.1, .NETFramework,Version=v4.7.2, .NETFramework,Version=v4.8, .NETFramework,Version=v4.8.1' instead of the project target framework 'net8.0'. This package may not be fully compatible with your project. [C:\Users\ultra\warewolf\Dev\Warewolf.Trigger.Queue.Tests\Warewolf.Trigger.Queue.Tests.csproj]
C:\Users\ultra\warewolf\Dev\Dev2.SignalR.Wrappers.New\Dev2.SignalR.Wrappers.New.csproj : warning NU1701: Package 'AeroWizard 2.3.1' was restored using '.NETFramework,Version=v4.6.1, .NETFramework,Version=v4.6.2, .NETFramework,Version=v4.7, .NETFramework,Version=v4.7.1, .NETFramework,Version=v4.7.2, .NETFramework,Version=v4.8, .NETFramework,Version=v4.8.1' instead of the project target framework 'net8.0'. This package may not be fully compatible with your project. [C:\Users\ultra\warewolf\Dev\Warewolf.Trigger.Queue.Tests\Warewolf.Trigger.Queue.Tests.csproj]
C:\Users\ultra\warewolf\Dev\Dev2.SignalR.Wrappers.New\Dev2.SignalR.Wrappers.New.csproj : warning NU1701: Package 'GroupControls 1.9.0' was restored using '.NETFramework,Version=v4.6.1, .NETFramework,Version=v4.6.2, .NETFramework,Version=v4.7, .NETFramework,Version=v4.7.1, .NETFramework,Version=v4.7.2, .NETFramework,Version=v4.8, .NETFramework,Version=v4.8.1' instead of the project target framework 'net8.0'. This package may not be fully compatible with your project. [C:\Users\ultra\warewolf\Dev\Warewolf.Trigger.Queue.Tests\Warewolf.Trigger.Queue.Tests.csproj]
C:\Users\ultra\warewolf\Dev\Dev2.SignalR.Wrappers.New\Dev2.SignalR.Wrappers.New.csproj : warning NU1701: Package 'ReactiveUI.WPF 18.4.1' was restored using '.NETFramework,Version=v4.6.1, .NETFramework,Version=v4.6.2, .NETFramework,Version=v4.7, .NETFramework,Version=v4.7.1, .NETFramework,Version=v4.7.2, .NETFramework,Version=v4.8, .NETFramework,Version=v4.8.1' instead of the project target framework 'net8.0'. This package may not be fully compatible with your project. [C:\Users\ultra\warewolf\Dev\Warewolf.Trigger.Queue.Tests\Warewolf.Trigger.Queue.Tests.csproj]
C:\Users\ultra\warewolf\Dev\Dev2.SignalR.Wrappers.New\Dev2.SignalR.Wrappers.New.csproj : warning NU1701: Package 'TaskSchedulerEditor 2.10.1' was restored using '.NETFramework,Version=v4.6.1, .NETFramework,Version=v4.6.2, .NETFramework,Version=v4.7, .NETFramework,Version=v4.7.1, .NETFramework,Version=v4.7.2, .NETFramework,Version=v4.8, .NETFramework,Version=v4.8.1' instead of the project target framework 'net8.0'. This package may not be fully compatible with your project. [C:\Users\ultra\warewolf\Dev\Warewolf.Trigger.Queue.Tests\Warewolf.Trigger.Queue.Tests.csproj]
C:\Users\ultra\warewolf\Dev\Dev2.Server\Dev2.Server.csproj : warning NU1903: Package 'Oracle.ManagedDataAccess.Core' 3.21.70 has a known high severity vulnerability, https://github.com/advisories/GHSA-5pm2-9mr2-3frq [C:\Users\ultra\warewolf\Dev\Warewolf.Trigger.Queue.Tests\Warewolf.Trigger.Queue.Tests.csproj]
C:\Users\ultra\warewolf\Dev\Dev2.Server\Dev2.Server.csproj : warning NU1701: Package 'AeroWizard 2.3.1' was restored using '.NETFramework,Version=v4.6.1, .NETFramework,Version=v4.6.2, .NETFramework,Version=v4.7, .NETFramework,Version=v4.7.1, .NETFramework,Version=v4.7.2, .NETFramework,Version=v4.8, .NETFramework,Version=v4.8.1' instead of the project target framework 'net8.0'. This package may not be fully compatible with your project. [C:\Users\ultra\warewolf\Dev\Warewolf.Trigger.Queue.Tests\Warewolf.Trigger.Queue.Tests.csproj]
C:\Users\ultra\warewolf\Dev\Dev2.Server\Dev2.Server.csproj : warning NU1701: Package 'GroupControls 1.9.0' was restored using '.NETFramework,Version=v4.6.1, .NETFramework,Version=v4.6.2, .NETFramework,Version=v4.7, .NETFramework,Version=v4.7.1, .NETFramework,Version=v4.7.2, .NETFramework,Version=v4.8, .NETFramework,Version=v4.8.1' instead of the project target framework 'net8.0'. This package may not be fully compatible with your project. [C:\Users\ultra\warewolf\Dev\Warewolf.Trigger.Queue.Tests\Warewolf.Trigger.Queue.Tests.csproj]
C:\Users\ultra\warewolf\Dev\Dev2.Server\Dev2.Server.csproj : warning NU1701: Package 'Microsoft.Xaml.Behaviors.Wpf 1.1.122' was restored using '.NETFramework,Version=v4.6.1, .NETFramework,Version=v4.6.2, .NETFramework,Version=v4.7, .NETFramework,Version=v4.7.1, .NETFramework,Version=v4.7.2, .NETFramework,Version=v4.8, .NETFramework,Version=v4.8.1' instead of the project target framework 'net8.0'. This package may not be fully compatible with your project. [C:\Users\ultra\warewolf\Dev\Warewolf.Trigger.Queue.Tests\Warewolf.Trigger.Queue.Tests.csproj]
C:\Users\ultra\warewolf\Dev\Dev2.Server\Dev2.Server.csproj : warning NU1701: Package 'Prism.Wpf 9.0.537' was restored using '.NETFramework,Version=v4.6.1, .NETFramework,Version=v4.6.2, .NETFramework,Version=v4.7, .NETFramework,Version=v4.7.1, .NETFramework,Version=v4.7.2, .NETFramework,Version=v4.8, .NETFramework,Version=v4.8.1' instead of the project target framework 'net8.0'. This package may not be fully compatible with your project. [C:\Users\ultra\warewolf\Dev\Warewolf.Trigger.Queue.Tests\Warewolf.Trigger.Queue.Tests.csproj]
C:\Users\ultra\warewolf\Dev\Dev2.Server\Dev2.Server.csproj : warning NU1701: Package 'ReactiveUI.WPF 18.4.1' was restored using '.NETFramework,Version=v4.6.1, .NETFramework,Version=v4.6.2, .NETFramework,Version=v4.7, .NETFramework,Version=v4.7.1, .NETFramework,Version=v4.7.2, .NETFramework,Version=v4.8, .NETFramework,Version=v4.8.1' instead of the project target framework 'net8.0'. This package may not be fully compatible with your project. [C:\Users\ultra\warewolf\Dev\Warewolf.Trigger.Queue.Tests\Warewolf.Trigger.Queue.Tests.csproj]
C:\Users\ultra\warewolf\Dev\Dev2.Server\Dev2.Server.csproj : warning NU1701: Package 'TaskSchedulerEditor 2.10.1' was restored using '.NETFramework,Version=v4.6.1, .NETFramework,Version=v4.6.2, .NETFramework,Version=v4.7, .NETFramework,Version=v4.7.1, .NETFramework,Version=v4.7.2, .NETFramework,Version=v4.8, .NETFramework,Version=v4.8.1' instead of the project target framework 'net8.0'. This package may not be fully compatible with your project. [C:\Users\ultra\warewolf\Dev\Warewolf.Trigger.Queue.Tests\Warewolf.Trigger.Queue.Tests.csproj]
C:\Users\ultra\warewolf\Dev\Warewolf.Core\Warewolf.Core.csproj : warning NU1903: Package 'Microsoft.Windows.Compatibility' 6.0.0 has a known high severity vulnerability, https://github.com/advisories/GHSA-555c-2p6r-68mm [C:\Users\ultra\warewolf\Dev\Warewolf.Trigger.Queue.Tests\Warewolf.Trigger.Queue.Tests.csproj]
C:\Users\ultra\warewolf\Dev\Warewolf.Core\Warewolf.Core.csproj : warning NU1701: Package 'AeroWizard 2.3.1' was restored using '.NETFramework,Version=v4.6.1, .NETFramework,Version=v4.6.2, .NETFramework,Version=v4.7, .NETFramework,Version=v4.7.1, .NETFramework,Version=v4.7.2, .NETFramework,Version=v4.8, .NETFramework,Version=v4.8.1' instead of the project target framework 'net8.0'. This package may not be fully compatible with your project. [C:\Users\ultra\warewolf\Dev\Warewolf.Trigger.Queue.Tests\Warewolf.Trigger.Queue.Tests.csproj]
C:\Users\ultra\warewolf\Dev\Warewolf.Core\Warewolf.Core.csproj : warning NU1701: Package 'GroupControls 1.9.0' was restored using '.NETFramework,Version=v4.6.1, .NETFramework,Version=v4.6.2, .NETFramework,Version=v4.7, .NETFramework,Version=v4.7.1, .NETFramework,Version=v4.7.2, .NETFramework,Version=v4.8, .NETFramework,Version=v4.8.1' instead of the project target framework 'net8.0'. This package may not be fully compatible with your project. [C:\Users\ultra\warewolf\Dev\Warewolf.Trigger.Queue.Tests\Warewolf.Trigger.Queue.Tests.csproj]
C:\Users\ultra\warewolf\Dev\Warewolf.Core\Warewolf.Core.csproj : warning NU1701: Package 'ReactiveUI.WPF 18.4.1' was restored using '.NETFramework,Version=v4.6.1, .NETFramework,Version=v4.6.2, .NETFramework,Version=v4.7, .NETFramework,Version=v4.7.1, .NETFramework,Version=v4.7.2, .NETFramework,Version=v4.8, .NETFramework,Version=v4.8.1' instead of the project target framework 'net8.0'. This package may not be fully compatible with your project. [C:\Users\ultra\warewolf\Dev\Warewolf.Trigger.Queue.Tests\Warewolf.Trigger.Queue.Tests.csproj]
C:\Users\ultra\warewolf\Dev\Warewolf.Core\Warewolf.Core.csproj : warning NU1701: Package 'TaskSchedulerEditor 2.10.1' was restored using '.NETFramework,Version=v4.6.1, .NETFramework,Version=v4.6.2, .NETFramework,Version=v4.7, .NETFramework,Version=v4.7.1, .NETFramework,Version=v4.7.2, .NETFramework,Version=v4.8, .NETFramework,Version=v4.8.1' instead of the project target framework 'net8.0'. This package may not be fully compatible with your project. [C:\Users\ultra\warewolf\Dev\Warewolf.Trigger.Queue.Tests\Warewolf.Trigger.Queue.Tests.csproj]
C:\Users\ultra\warewolf\Dev\Warewolf.Common.NetStandard20\Warewolf.Common.NetStandard20.csproj : warning NU1701: Package 'AeroWizard 2.3.1' was restored using '.NETFramework,Version=v4.6.1, .NETFramework,Version=v4.6.2, .NETFramework,Version=v4.7, .NETFramework,Version=v4.7.1, .NETFramework,Version=v4.7.2, .NETFramework,Version=v4.8, .NETFramework,Version=v4.8.1' instead of the project target framework 'net8.0'. This package may not be fully compatible with your project. [C:\Users\ultra\warewolf\Dev\Warewolf.Trigger.Queue.Tests\Warewolf.Trigger.Queue.Tests.csproj]
C:\Users\ultra\warewolf\Dev\Warewolf.Common.NetStandard20\Warewolf.Common.NetStandard20.csproj : warning NU1701: Package 'GroupControls 1.9.0' was restored using '.NETFramework,Version=v4.6.1, .NETFramework,Version=v4.6.2, .NETFramework,Version=v4.7, .NETFramework,Version=v4.7.1, .NETFramework,Version=v4.7.2, .NETFramework,Version=v4.8, .NETFramework,Version=v4.8.1' instead of the project target framework 'net8.0'. This package may not be fully compatible with your project. [C:\Users\ultra\warewolf\Dev\Warewolf.Trigger.Queue.Tests\Warewolf.Trigger.Queue.Tests.csproj]
C:\Users\ultra\warewolf\Dev\Warewolf.Common.NetStandard20\Warewolf.Common.NetStandard20.csproj : warning NU1701: Package 'ReactiveUI.WPF 18.4.1' was restored using '.NETFramework,Version=v4.6.1, .NETFramework,Version=v4.6.2, .NETFramework,Version=v4.7, .NETFramework,Version=v4.7.1, .NETFramework,Version=v4.7.2, .NETFramework,Version=v4.8, .NETFramework,Version=v4.8.1' instead of the project target framework 'net8.0'. This package may not be fully compatible with your project. [C:\Users\ultra\warewolf\Dev\Warewolf.Trigger.Queue.Tests\Warewolf.Trigger.Queue.Tests.csproj]
C:\Users\ultra\warewolf\Dev\Warewolf.Common.NetStandard20\Warewolf.Common.NetStandard20.csproj : warning NU1701: Package 'TaskSchedulerEditor 2.10.1' was restored using '.NETFramework,Version=v4.6.1, .NETFramework,Version=v4.6.2, .NETFramework,Version=v4.7, .NETFramework,Version=v4.7.1, .NETFramework,Version=v4.7.2, .NETFramework,Version=v4.8, .NETFramework,Version=v4.8.1' instead of the project target framework 'net8.0'. This package may not be fully compatible with your project. [C:\Users\ultra\warewolf\Dev\Warewolf.Trigger.Queue.Tests\Warewolf.Trigger.Queue.Tests.csproj]
C:\Users\ultra\warewolf\Dev\Warewolf.Testing\Warewolf.Testing.csproj : warning NU1701: Package 'AeroWizard 2.3.1' was restored using '.NETFramework,Version=v4.6.1, .NETFramework,Version=v4.6.2, .NETFramework,Version=v4.7, .NETFramework,Version=v4.7.1, .NETFramework,Version=v4.7.2, .NETFramework,Version=v4.8, .NETFramework,Version=v4.8.1' instead of the project target framework 'net8.0'. This package may not be fully compatible with your project. [C:\Users\ultra\warewolf\Dev\Warewolf.Trigger.Queue.Tests\Warewolf.Trigger.Queue.Tests.csproj]
C:\Users\ultra\warewolf\Dev\Warewolf.Testing\Warewolf.Testing.csproj : warning NU1701: Package 'GroupControls 1.9.0' was restored using '.NETFramework,Version=v4.6.1, .NETFramework,Version=v4.6.2, .NETFramework,Version=v4.7, .NETFramework,Version=v4.7.1, .NETFramework,Version=v4.7.2, .NETFramework,Version=v4.8, .NETFramework,Version=v4.8.1' instead of the project target framework 'net8.0'. This package may not be fully compatible with your project. [C:\Users\ultra\warewolf\Dev\Warewolf.Trigger.Queue.Tests\Warewolf.Trigger.Queue.Tests.csproj]
C:\Users\ultra\warewolf\Dev\Warewolf.Testing\Warewolf.Testing.csproj : warning NU1701: Package 'Microsoft.Xaml.Behaviors.Wpf 1.1.122' was restored using '.NETFramework,Version=v4.6.1, .NETFramework,Version=v4.6.2, .NETFramework,Version=v4.7, .NETFramework,Version=v4.7.1, .NETFramework,Version=v4.7.2, .NETFramework,Version=v4.8, .NETFramework,Version=v4.8.1' instead of the project target framework 'net8.0'. This package may not be fully compatible with your project. [C:\Users\ultra\warewolf\Dev\Warewolf.Trigger.Queue.Tests\Warewolf.Trigger.Queue.Tests.csproj]
C:\Users\ultra\warewolf\Dev\Warewolf.Testing\Warewolf.Testing.csproj : warning NU1701: Package 'Prism.Wpf 9.0.537' was restored using '.NETFramework,Version=v4.6.1, .NETFramework,Version=v4.6.2, .NETFramework,Version=v4.7, .NETFramework,Version=v4.7.1, .NETFramework,Version=v4.7.2, .NETFramework,Version=v4.8, .NETFramework,Version=v4.8.1' instead of the project target framework 'net8.0'. This package may not be fully compatible with your project. [C:\Users\ultra\warewolf\Dev\Warewolf.Trigger.Queue.Tests\Warewolf.Trigger.Queue.Tests.csproj]
C:\Users\ultra\warewolf\Dev\Warewolf.Testing\Warewolf.Testing.csproj : warning NU1701: Package 'ReactiveUI.WPF 18.4.1' was restored using '.NETFramework,Version=v4.6.1, .NETFramework,Version=v4.6.2, .NETFramework,Version=v4.7, .NETFramework,Version=v4.7.1, .NETFramework,Version=v4.7.2, .NETFramework,Version=v4.8, .NETFramework,Version=v4.8.1' instead of the project target framework 'net8.0'. This package may not be fully compatible with your project. [C:\Users\ultra\warewolf\Dev\Warewolf.Trigger.Queue.Tests\Warewolf.Trigger.Queue.Tests.csproj]
C:\Users\ultra\warewolf\Dev\Warewolf.Testing\Warewolf.Testing.csproj : warning NU1701: Package 'TaskSchedulerEditor 2.10.1' was restored using '.NETFramework,Version=v4.6.1, .NETFramework,Version=v4.6.2, .NETFramework,Version=v4.7, .NETFramework,Version=v4.7.1, .NETFramework,Version=v4.7.2, .NETFramework,Version=v4.8, .NETFramework,Version=v4.8.1' instead of the project target framework 'net8.0'. This package may not be fully compatible with your project. [C:\Users\ultra\warewolf\Dev\Warewolf.Trigger.Queue.Tests\Warewolf.Trigger.Queue.Tests.csproj]
C:\Users\ultra\warewolf\Dev\Warewolf.Trigger.Queue\Warewolf.Trigger.Queue.csproj : warning NU1701: Package 'AeroWizard 2.3.1' was restored using '.NETFramework,Version=v4.6.1, .NETFramework,Version=v4.6.2, .NETFramework,Version=v4.7, .NETFramework,Version=v4.7.1, .NETFramework,Version=v4.7.2, .NETFramework,Version=v4.8, .NETFramework,Version=v4.8.1' instead of the project target framework 'net8.0'. This package may not be fully compatible with your project. [C:\Users\ultra\warewolf\Dev\Warewolf.Trigger.Queue.Tests\Warewolf.Trigger.Queue.Tests.csproj]
C:\Users\ultra\warewolf\Dev\Warewolf.Trigger.Queue\Warewolf.Trigger.Queue.csproj : warning NU1701: Package 'GroupControls 1.9.0' was restored using '.NETFramework,Version=v4.6.1, .NETFramework,Version=v4.6.2, .NETFramework,Version=v4.7, .NETFramework,Version=v4.7.1, .NETFramework,Version=v4.7.2, .NETFramework,Version=v4.8, .NETFramework,Version=v4.8.1' instead of the project target framework 'net8.0'. This package may not be fully compatible with your project. [C:\Users\ultra\warewolf\Dev\Warewolf.Trigger.Queue.Tests\Warewolf.Trigger.Queue.Tests.csproj]
C:\Users\ultra\warewolf\Dev\Warewolf.Trigger.Queue\Warewolf.Trigger.Queue.csproj : warning NU1701: Package 'Microsoft.Xaml.Behaviors.Wpf 1.1.122' was restored using '.NETFramework,Version=v4.6.1, .NETFramework,Version=v4.6.2, .NETFramework,Version=v4.7, .NETFramework,Version=v4.7.1, .NETFramework,Version=v4.7.2, .NETFramework,Version=v4.8, .NETFramework,Version=v4.8.1' instead of the project target framework 'net8.0'. This package may not be fully compatible with your project. [C:\Users\ultra\warewolf\Dev\Warewolf.Trigger.Queue.Tests\Warewolf.Trigger.Queue.Tests.csproj]
C:\Users\ultra\warewolf\Dev\Warewolf.Trigger.Queue\Warewolf.Trigger.Queue.csproj : warning NU1701: Package 'Prism.Wpf 9.0.537' was restored using '.NETFramework,Version=v4.6.1, .NETFramework,Version=v4.6.2, .NETFramework,Version=v4.7, .NETFramework,Version=v4.7.1, .NETFramework,Version=v4.7.2, .NETFramework,Version=v4.8, .NETFramework,Version=v4.8.1' instead of the project target framework 'net8.0'. This package may not be fully compatible with your project. [C:\Users\ultra\warewolf\Dev\Warewolf.Trigger.Queue.Tests\Warewolf.Trigger.Queue.Tests.csproj]
C:\Users\ultra\warewolf\Dev\Warewolf.Trigger.Queue\Warewolf.Trigger.Queue.csproj : warning NU1701: Package 'ReactiveUI.WPF 18.4.1' was restored using '.NETFramework,Version=v4.6.1, .NETFramework,Version=v4.6.2, .NETFramework,Version=v4.7, .NETFramework,Version=v4.7.1, .NETFramework,Version=v4.7.2, .NETFramework,Version=v4.8, .NETFramework,Version=v4.8.1' instead of the project target framework 'net8.0'. This package may not be fully compatible with your project. [C:\Users\ultra\warewolf\Dev\Warewolf.Trigger.Queue.Tests\Warewolf.Trigger.Queue.Tests.csproj]
C:\Users\ultra\warewolf\Dev\Warewolf.Trigger.Queue\Warewolf.Trigger.Queue.csproj : warning NU1701: Package 'TaskSchedulerEditor 2.10.1' was restored using '.NETFramework,Version=v4.6.1, .NETFramework,Version=v4.6.2, .NETFramework,Version=v4.7, .NETFramework,Version=v4.7.1, .NETFramework,Version=v4.7.2, .NETFramework,Version=v4.8, .NETFramework,Version=v4.8.1' instead of the project target framework 'net8.0'. This package may not be fully compatible with your project. [C:\Users\ultra\warewolf\Dev\Warewolf.Trigger.Queue.Tests\Warewolf.Trigger.Queue.Tests.csproj]
C:\Users\ultra\warewolf\Dev\Dev2.CustomControls\Dev2.CustomControls.csproj : warning NU1903: Package 'Microsoft.Windows.Compatibility' 6.0.0 has a known high severity vulnerability, https://github.com/advisories/GHSA-555c-2p6r-68mm [C:\Users\ultra\warewolf\Dev\Warewolf.Trigger.Queue.Tests\Warewolf.Trigger.Queue.Tests.csproj]
C:\Users\ultra\warewolf\Dev\Dev2.CustomControls\Dev2.CustomControls.csproj : warning NU1701: Package 'AeroWizard 2.3.1' was restored using '.NETFramework,Version=v4.6.1, .NETFramework,Version=v4.6.2, .NETFramework,Version=v4.7, .NETFramework,Version=v4.7.1, .NETFramework,Version=v4.7.2, .NETFramework,Version=v4.8, .NETFramework,Version=v4.8.1' instead of the project target framework 'net8.0'. This package may not be fully compatible with your project. [C:\Users\ultra\warewolf\Dev\Warewolf.Trigger.Queue.Tests\Warewolf.Trigger.Queue.Tests.csproj]
C:\Users\ultra\warewolf\Dev\Dev2.CustomControls\Dev2.CustomControls.csproj : warning NU1701: Package 'GroupControls 1.9.0' was restored using '.NETFramework,Version=v4.6.1, .NETFramework,Version=v4.6.2, .NETFramework,Version=v4.7, .NETFramework,Version=v4.7.1, .NETFramework,Version=v4.7.2, .NETFramework,Version=v4.8, .NETFramework,Version=v4.8.1' instead of the project target framework 'net8.0'. This package may not be fully compatible with your project. [C:\Users\ultra\warewolf\Dev\Warewolf.Trigger.Queue.Tests\Warewolf.Trigger.Queue.Tests.csproj]
C:\Users\ultra\warewolf\Dev\Dev2.CustomControls\Dev2.CustomControls.csproj : warning NU1701: Package 'TaskSchedulerEditor 2.10.1' was restored using '.NETFramework,Version=v4.6.1, .NETFramework,Version=v4.6.2, .NETFramework,Version=v4.7, .NETFramework,Version=v4.7.1, .NETFramework,Version=v4.7.2, .NETFramework,Version=v4.8, .NETFramework,Version=v4.8.1' instead of the project target framework 'net8.0'. This package may not be fully compatible with your project. [C:\Users\ultra\warewolf\Dev\Warewolf.Trigger.Queue.Tests\Warewolf.Trigger.Queue.Tests.csproj]
C:\Users\ultra\warewolf\Dev\Dev2.Common\Dev2.Common.csproj : warning NU1903: Package 'Microsoft.Windows.Compatibility' 6.0.0 has a known high severity vulnerability, https://github.com/advisories/GHSA-555c-2p6r-68mm [C:\Users\ultra\warewolf\Dev\Warewolf.Trigger.Queue.Tests\Warewolf.Trigger.Queue.Tests.csproj]
C:\Users\ultra\warewolf\Dev\Dev2.Common\Dev2.Common.csproj : warning NU1701: Package 'AeroWizard 2.3.1' was restored using '.NETFramework,Version=v4.6.1, .NETFramework,Version=v4.6.2, .NETFramework,Version=v4.7, .NETFramework,Version=v4.7.1, .NETFramework,Version=v4.7.2, .NETFramework,Version=v4.8, .NETFramework,Version=v4.8.1' instead of the project target framework 'net8.0'. This package may not be fully compatible with your project. [C:\Users\ultra\warewolf\Dev\Warewolf.Trigger.Queue.Tests\Warewolf.Trigger.Queue.Tests.csproj]
C:\Users\ultra\warewolf\Dev\Dev2.Common\Dev2.Common.csproj : warning NU1701: Package 'GroupControls 1.9.0' was restored using '.NETFramework,Version=v4.6.1, .NETFramework,Version=v4.6.2, .NETFramework,Version=v4.7, .NETFramework,Version=v4.7.1, .NETFramework,Version=v4.7.2, .NETFramework,Version=v4.8, .NETFramework,Version=v4.8.1' instead of the project target framework 'net8.0'. This package may not be fully compatible with your project. [C:\Users\ultra\warewolf\Dev\Warewolf.Trigger.Queue.Tests\Warewolf.Trigger.Queue.Tests.csproj]
C:\Users\ultra\warewolf\Dev\Dev2.Common\Dev2.Common.csproj : warning NU1701: Package 'TaskSchedulerEditor 2.10.1' was restored using '.NETFramework,Version=v4.6.1, .NETFramework,Version=v4.6.2, .NETFramework,Version=v4.7, .NETFramework,Version=v4.7.1, .NETFramework,Version=v4.7.2, .NETFramework,Version=v4.8, .NETFramework,Version=v4.8.1' instead of the project target framework 'net8.0'. This package may not be fully compatible with your project. [C:\Users\ultra\warewolf\Dev\Warewolf.Trigger.Queue.Tests\Warewolf.Trigger.Queue.Tests.csproj]
C:\Users\ultra\warewolf\Dev\Dev2.Common.Interfaces\Dev2.Common.Interfaces.csproj : warning NU1903: Package 'Microsoft.Windows.Compatibility' 6.0.0 has a known high severity vulnerability, https://github.com/advisories/GHSA-555c-2p6r-68mm [C:\Users\ultra\warewolf\Dev\Warewolf.Trigger.Queue.Tests\Warewolf.Trigger.Queue.Tests.csproj]
C:\Users\ultra\warewolf\Dev\Dev2.Common.Interfaces\Dev2.Common.Interfaces.csproj : warning NU1701: Package 'AeroWizard 2.3.1' was restored using '.NETFramework,Version=v4.6.1, .NETFramework,Version=v4.6.2, .NETFramework,Version=v4.7, .NETFramework,Version=v4.7.1, .NETFramework,Version=v4.7.2, .NETFramework,Version=v4.8, .NETFramework,Version=v4.8.1' instead of the project target framework 'net8.0'. This package may not be fully compatible with your project. [C:\Users\ultra\warewolf\Dev\Warewolf.Trigger.Queue.Tests\Warewolf.Trigger.Queue.Tests.csproj]
C:\Users\ultra\warewolf\Dev\Dev2.Common.Interfaces\Dev2.Common.Interfaces.csproj : warning NU1701: Package 'GroupControls 1.9.0' was restored using '.NETFramework,Version=v4.6.1, .NETFramework,Version=v4.6.2, .NETFramework,Version=v4.7, .NETFramework,Version=v4.7.1, .NETFramework,Version=v4.7.2, .NETFramework,Version=v4.8, .NETFramework,Version=v4.8.1' instead of the project target framework 'net8.0'. This package may not be fully compatible with your project. [C:\Users\ultra\warewolf\Dev\Warewolf.Trigger.Queue.Tests\Warewolf.Trigger.Queue.Tests.csproj]
C:\Users\ultra\warewolf\Dev\Warewolf.UI\Warewolf.UI.csproj : warning NU1701: Package 'AeroWizard 2.3.1' was restored using '.NETFramework,Version=v4.6.1, .NETFramework,Version=v4.6.2, .NETFramework,Version=v4.7, .NETFramework,Version=v4.7.1, .NETFramework,Version=v4.7.2, .NETFramework,Version=v4.8, .NETFramework,Version=v4.8.1' instead of the project target framework 'net8.0'. This package may not be fully compatible with your project. [C:\Users\ultra\warewolf\Dev\Warewolf.Trigger.Queue.Tests\Warewolf.Trigger.Queue.Tests.csproj]
C:\Users\ultra\warewolf\Dev\Warewolf.UI\Warewolf.UI.csproj : warning NU1701: Package 'GroupControls 1.9.0' was restored using '.NETFramework,Version=v4.6.1, .NETFramework,Version=v4.6.2, .NETFramework,Version=v4.7, .NETFramework,Version=v4.7.1, .NETFramework,Version=v4.7.2, .NETFramework,Version=v4.8, .NETFramework,Version=v4.8.1' instead of the project target framework 'net8.0'. This package may not be fully compatible with your project. [C:\Users\ultra\warewolf\Dev\Warewolf.Trigger.Queue.Tests\Warewolf.Trigger.Queue.Tests.csproj]
C:\Users\ultra\warewolf\Dev\Warewolf.UI\Warewolf.UI.csproj : warning NU1701: Package 'Microsoft.Xaml.Behaviors.Wpf 1.1.122' was restored using '.NETFramework,Version=v4.6.1, .NETFramework,Version=v4.6.2, .NETFramework,Version=v4.7, .NETFramework,Version=v4.7.1, .NETFramework,Version=v4.7.2, .NETFramework,Version=v4.8, .NETFramework,Version=v4.8.1' instead of the project target framework 'net8.0'. This package may not be fully compatible with your project. [C:\Users\ultra\warewolf\Dev\Warewolf.Trigger.Queue.Tests\Warewolf.Trigger.Queue.Tests.csproj]
C:\Users\ultra\warewolf\Dev\Warewolf.UI\Warewolf.UI.csproj : warning NU1701: Package 'Prism.Wpf 9.0.537' was restored using '.NETFramework,Version=v4.6.1, .NETFramework,Version=v4.6.2, .NETFramework,Version=v4.7, .NETFramework,Version=v4.7.1, .NETFramework,Version=v4.7.2, .NETFramework,Version=v4.8, .NETFramework,Version=v4.8.1' instead of the project target framework 'net8.0'. This package may not be fully compatible with your project. [C:\Users\ultra\warewolf\Dev\Warewolf.Trigger.Queue.Tests\Warewolf.Trigger.Queue.Tests.csproj]
C:\Users\ultra\warewolf\Dev\Warewolf.UI\Warewolf.UI.csproj : warning NU1701: Package 'ReactiveUI.WPF 18.4.1' was restored using '.NETFramework,Version=v4.6.1, .NETFramework,Version=v4.6.2, .NETFramework,Version=v4.7, .NETFramework,Version=v4.7.1, .NETFramework,Version=v4.7.2, .NETFramework,Version=v4.8, .NETFramework,Version=v4.8.1' instead of the project target framework 'net8.0'. This package may not be fully compatible with your project. [C:\Users\ultra\warewolf\Dev\Warewolf.Trigger.Queue.Tests\Warewolf.Trigger.Queue.Tests.csproj]
C:\Users\ultra\warewolf\Dev\Warewolf.UI\Warewolf.UI.csproj : warning NU1701: Package 'TaskSchedulerEditor 2.10.1' was restored using '.NETFramework,Version=v4.6.1, .NETFramework,Version=v4.6.2, .NETFramework,Version=v4.7, .NETFramework,Version=v4.7.1, .NETFramework,Version=v4.7.2, .NETFramework,Version=v4.8, .NETFramework,Version=v4.8.1' instead of the project target framework 'net8.0'. This package may not be fully compatible with your project. [C:\Users\ultra\warewolf\Dev\Warewolf.Trigger.Queue.Tests\Warewolf.Trigger.Queue.Tests.csproj]
C:\Users\ultra\warewolf\Dev\Dev2.Common.Interfaces\Dev2.Common.Interfaces.csproj : warning NU1701: Package 'TaskSchedulerEditor 2.10.1' was restored using '.NETFramework,Version=v4.6.1, .NETFramework,Version=v4.6.2, .NETFramework,Version=v4.7, .NETFramework,Version=v4.7.1, .NETFramework,Version=v4.7.2, .NETFramework,Version=v4.8, .NETFramework,Version=v4.8.1' instead of the project target framework 'net8.0'. This package may not be fully compatible with your project. [C:\Users\ultra\warewolf\Dev\Warewolf.Trigger.Queue.Tests\Warewolf.Trigger.Queue.Tests.csproj]
C:\Users\ultra\warewolf\Dev\Dev2.Core\Dev2.Core.csproj : warning NU1903: Package 'Microsoft.Windows.Compatibility' 6.0.0 has a known high severity vulnerability, https://github.com/advisories/GHSA-555c-2p6r-68mm [C:\Users\ultra\warewolf\Dev\Warewolf.Trigger.Queue.Tests\Warewolf.Trigger.Queue.Tests.csproj]
C:\Users\ultra\warewolf\Dev\Dev2.Core\Dev2.Core.csproj : warning NU1701: Package 'AeroWizard 2.3.1' was restored using '.NETFramework,Version=v4.6.1, .NETFramework,Version=v4.6.2, .NETFramework,Version=v4.7, .NETFramework,Version=v4.7.1, .NETFramework,Version=v4.7.2, .NETFramework,Version=v4.8, .NETFramework,Version=v4.8.1' instead of the project target framework 'net8.0'. This package may not be fully compatible with your project. [C:\Users\ultra\warewolf\Dev\Warewolf.Trigger.Queue.Tests\Warewolf.Trigger.Queue.Tests.csproj]
C:\Users\ultra\warewolf\Dev\Dev2.Core\Dev2.Core.csproj : warning NU1701: Package 'GroupControls 1.9.0' was restored using '.NETFramework,Version=v4.6.1, .NETFramework,Version=v4.6.2, .NETFramework,Version=v4.7, .NETFramework,Version=v4.7.1, .NETFramework,Version=v4.7.2, .NETFramework,Version=v4.8, .NETFramework,Version=v4.8.1' instead of the project target framework 'net8.0'. This package may not be fully compatible with your project. [C:\Users\ultra\warewolf\Dev\Warewolf.Trigger.Queue.Tests\Warewolf.Trigger.Queue.Tests.csproj]
C:\Users\ultra\warewolf\Dev\Dev2.Studio.Interfaces\Dev2.Studio.Interfaces.csproj : warning NU1701: Package 'AeroWizard 2.3.1' was restored using '.NETFramework,Version=v4.6.1, .NETFramework,Version=v4.6.2, .NETFramework,Version=v4.7, .NETFramework,Version=v4.7.1, .NETFramework,Version=v4.7.2, .NETFramework,Version=v4.8, .NETFramework,Version=v4.8.1' instead of the project target framework 'net8.0'. This package may not be fully compatible with your project. [C:\Users\ultra\warewolf\Dev\Warewolf.Trigger.Queue.Tests\Warewolf.Trigger.Queue.Tests.csproj]
C:\Users\ultra\warewolf\Dev\Dev2.Core\Dev2.Core.csproj : warning NU1701: Package 'ReactiveUI.WPF 18.4.1' was restored using '.NETFramework,Version=v4.6.1, .NETFramework,Version=v4.6.2, .NETFramework,Version=v4.7, .NETFramework,Version=v4.7.1, .NETFramework,Version=v4.7.2, .NETFramework,Version=v4.8, .NETFramework,Version=v4.8.1' instead of the project target framework 'net8.0'. This package may not be fully compatible with your project. [C:\Users\ultra\warewolf\Dev\Warewolf.Trigger.Queue.Tests\Warewolf.Trigger.Queue.Tests.csproj]
C:\Users\ultra\warewolf\Dev\Dev2.Studio.Interfaces\Dev2.Studio.Interfaces.csproj : warning NU1701: Package 'GroupControls 1.9.0' was restored using '.NETFramework,Version=v4.6.1, .NETFramework,Version=v4.6.2, .NETFramework,Version=v4.7, .NETFramework,Version=v4.7.1, .NETFramework,Version=v4.7.2, .NETFramework,Version=v4.8, .NETFramework,Version=v4.8.1' instead of the project target framework 'net8.0'. This package may not be fully compatible with your project. [C:\Users\ultra\warewolf\Dev\Warewolf.Trigger.Queue.Tests\Warewolf.Trigger.Queue.Tests.csproj]
C:\Users\ultra\warewolf\Dev\Dev2.Core\Dev2.Core.csproj : warning NU1701: Package 'TaskSchedulerEditor 2.10.1' was restored using '.NETFramework,Version=v4.6.1, .NETFramework,Version=v4.6.2, .NETFramework,Version=v4.7, .NETFramework,Version=v4.7.1, .NETFramework,Version=v4.7.2, .NETFramework,Version=v4.8, .NETFramework,Version=v4.8.1' instead of the project target framework 'net8.0'. This package may not be fully compatible with your project. [C:\Users\ultra\warewolf\Dev\Warewolf.Trigger.Queue.Tests\Warewolf.Trigger.Queue.Tests.csproj]
C:\Users\ultra\warewolf\Dev\Dev2.Studio.Interfaces\Dev2.Studio.Interfaces.csproj : warning NU1701: Package 'Microsoft.Xaml.Behaviors.Wpf 1.1.122' was restored using '.NETFramework,Version=v4.6.1, .NETFramework,Version=v4.6.2, .NETFramework,Version=v4.7, .NETFramework,Version=v4.7.1, .NETFramework,Version=v4.7.2, .NETFramework,Version=v4.8, .NETFramework,Version=v4.8.1' instead of the project target framework 'net8.0'. This package may not be fully compatible with your project. [C:\Users\ultra\warewolf\Dev\Warewolf.Trigger.Queue.Tests\Warewolf.Trigger.Queue.Tests.csproj]
C:\Users\ultra\warewolf\Dev\Dev2.Studio.Interfaces\Dev2.Studio.Interfaces.csproj : warning NU1701: Package 'Prism.Wpf 9.0.537' was restored using '.NETFramework,Version=v4.6.1, .NETFramework,Version=v4.6.2, .NETFramework,Version=v4.7, .NETFramework,Version=v4.7.1, .NETFramework,Version=v4.7.2, .NETFramework,Version=v4.8, .NETFramework,Version=v4.8.1' instead of the project target framework 'net8.0'. This package may not be fully compatible with your project. [C:\Users\ultra\warewolf\Dev\Warewolf.Trigger.Queue.Tests\Warewolf.Trigger.Queue.Tests.csproj]
C:\Users\ultra\warewolf\Dev\Dev2.Studio.Interfaces\Dev2.Studio.Interfaces.csproj : warning NU1701: Package 'ReactiveUI.WPF 18.4.1' was restored using '.NETFramework,Version=v4.6.1, .NETFramework,Version=v4.6.2, .NETFramework,Version=v4.7, .NETFramework,Version=v4.7.1, .NETFramework,Version=v4.7.2, .NETFramework,Version=v4.8, .NETFramework,Version=v4.8.1' instead of the project target framework 'net8.0'. This package may not be fully compatible with your project. [C:\Users\ultra\warewolf\Dev\Warewolf.Trigger.Queue.Tests\Warewolf.Trigger.Queue.Tests.csproj]
C:\Users\ultra\warewolf\Dev\Dev2.Studio.Interfaces\Dev2.Studio.Interfaces.csproj : warning NU1701: Package 'TaskSchedulerEditor 2.10.1' was restored using '.NETFramework,Version=v4.6.1, .NETFramework,Version=v4.6.2, .NETFramework,Version=v4.7, .NETFramework,Version=v4.7.1, .NETFramework,Version=v4.7.2, .NETFramework,Version=v4.8, .NETFramework,Version=v4.8.1' instead of the project target framework 'net8.0'. This package may not be fully compatible with your project. [C:\Users\ultra\warewolf\Dev\Warewolf.Trigger.Queue.Tests\Warewolf.Trigger.Queue.Tests.csproj]
C:\Users\ultra\warewolf\Dev\Warewolf.Common.Framework48\Warewolf.Common.Framework48.csproj : warning NU1902: Package 'System.IdentityModel.Tokens.Jwt' 5.1.0 has a known moderate severity vulnerability, https://github.com/advisories/GHSA-59j7-ghrg-fj52 [C:\Users\ultra\warewolf\Dev\Warewolf.Trigger.Queue.Tests\Warewolf.Trigger.Queue.Tests.csproj]
C:\Users\ultra\warewolf\Dev\Warewolf.Common.Framework48\Warewolf.Common.Framework48.csproj : warning NU1701: Package 'AeroWizard 2.3.1' was restored using '.NETFramework,Version=v4.6.1, .NETFramework,Version=v4.6.2, .NETFramework,Version=v4.7, .NETFramework,Version=v4.7.1, .NETFramework,Version=v4.7.2, .NETFramework,Version=v4.8, .NETFramework,Version=v4.8.1' instead of the project target framework 'net8.0'. This package may not be fully compatible with your project. [C:\Users\ultra\warewolf\Dev\Warewolf.Trigger.Queue.Tests\Warewolf.Trigger.Queue.Tests.csproj]
C:\Users\ultra\warewolf\Dev\Warewolf.Common.Framework48\Warewolf.Common.Framework48.csproj : warning NU1701: Package 'GroupControls 1.9.0' was restored using '.NETFramework,Version=v4.6.1, .NETFramework,Version=v4.6.2, .NETFramework,Version=v4.7, .NETFramework,Version=v4.7.1, .NETFramework,Version=v4.7.2, .NETFramework,Version=v4.8, .NETFramework,Version=v4.8.1' instead of the project target framework 'net8.0'. This package may not be fully compatible with your project. [C:\Users\ultra\warewolf\Dev\Warewolf.Trigger.Queue.Tests\Warewolf.Trigger.Queue.Tests.csproj]
C:\Users\ultra\warewolf\Dev\Warewolf.Common.Framework48\Warewolf.Common.Framework48.csproj : warning NU1701: Package 'Microsoft.Xaml.Behaviors.Wpf 1.1.122' was restored using '.NETFramework,Version=v4.6.1, .NETFramework,Version=v4.6.2, .NETFramework,Version=v4.7, .NETFramework,Version=v4.7.1, .NETFramework,Version=v4.7.2, .NETFramework,Version=v4.8, .NETFramework,Version=v4.8.1' instead of the project target framework 'net8.0'. This package may not be fully compatible with your project. [C:\Users\ultra\warewolf\Dev\Warewolf.Trigger.Queue.Tests\Warewolf.Trigger.Queue.Tests.csproj]
C:\Users\ultra\warewolf\Dev\Warewolf.Common.Framework48\Warewolf.Common.Framework48.csproj : warning NU1701: Package 'Prism.Wpf 9.0.537' was restored using '.NETFramework,Version=v4.6.1, .NETFramework,Version=v4.6.2, .NETFramework,Version=v4.7, .NETFramework,Version=v4.7.1, .NETFramework,Version=v4.7.2, .NETFramework,Version=v4.8, .NETFramework,Version=v4.8.1' instead of the project target framework 'net8.0'. This package may not be fully compatible with your project. [C:\Users\ultra\warewolf\Dev\Warewolf.Trigger.Queue.Tests\Warewolf.Trigger.Queue.Tests.csproj]
C:\Users\ultra\warewolf\Dev\Warewolf.Common.Framework48\Warewolf.Common.Framework48.csproj : warning NU1701: Package 'ReactiveUI.WPF 18.4.1' was restored using '.NETFramework,Version=v4.6.1, .NETFramework,Version=v4.6.2, .NETFramework,Version=v4.7, .NETFramework,Version=v4.7.1, .NETFramework,Version=v4.7.2, .NETFramework,Version=v4.8, .NETFramework,Version=v4.8.1' instead of the project target framework 'net8.0'. This package may not be fully compatible with your project. [C:\Users\ultra\warewolf\Dev\Warewolf.Trigger.Queue.Tests\Warewolf.Trigger.Queue.Tests.csproj]
C:\Users\ultra\warewolf\Dev\Warewolf.Common.Framework48\Warewolf.Common.Framework48.csproj : warning NU1701: Package 'TaskSchedulerEditor 2.10.1' was restored using '.NETFramework,Version=v4.6.1, .NETFramework,Version=v4.6.2, .NETFramework,Version=v4.7, .NETFramework,Version=v4.7.1, .NETFramework,Version=v4.7.2, .NETFramework,Version=v4.8, .NETFramework,Version=v4.8.1' instead of the project target framework 'net8.0'. This package may not be fully compatible with your project. [C:\Users\ultra\warewolf\Dev\Warewolf.Trigger.Queue.Tests\Warewolf.Trigger.Queue.Tests.csproj]
C:\Users\ultra\warewolf\Dev\Dev2.Studio.Core.Tests\Dev2.Studio.Core.Tests.csproj : warning NU1701: Package 'AeroWizard 2.3.1' was restored using '.NETFramework,Version=v4.6.1, .NETFramework,Version=v4.6.2, .NETFramework,Version=v4.7, .NETFramework,Version=v4.7.1, .NETFramework,Version=v4.7.2, .NETFramework,Version=v4.8, .NETFramework,Version=v4.8.1' instead of the project target framework 'net8.0'. This package may not be fully compatible with your project. [C:\Users\ultra\warewolf\Dev\Warewolf.Trigger.Queue.Tests\Warewolf.Trigger.Queue.Tests.csproj]
C:\Users\ultra\warewolf\Dev\Dev2.Studio.Core.Tests\Dev2.Studio.Core.Tests.csproj : warning NU1701: Package 'AvalonEdit 6.3.0.90' was restored using '.NETFramework,Version=v4.6.1, .NETFramework,Version=v4.6.2, .NETFramework,Version=v4.7, .NETFramework,Version=v4.7.1, .NETFramework,Version=v4.7.2, .NETFramework,Version=v4.8, .NETFramework,Version=v4.8.1' instead of the project target framework 'net8.0'. This package may not be fully compatible with your project. [C:\Users\ultra\warewolf\Dev\Warewolf.Trigger.Queue.Tests\Warewolf.Trigger.Queue.Tests.csproj]
C:\Users\ultra\warewolf\Dev\Dev2.Studio.Core.Tests\Dev2.Studio.Core.Tests.csproj : warning NU1701: Package 'CommonServiceLocator 1.2.0' was restored using '.NETFramework,Version=v4.6.1, .NETFramework,Version=v4.6.2, .NETFramework,Version=v4.7, .NETFramework,Version=v4.7.1, .NETFramework,Version=v4.7.2, .NETFramework,Version=v4.8, .NETFramework,Version=v4.8.1' instead of the project target framework 'net8.0'. This package may not be fully compatible with your project. [C:\Users\ultra\warewolf\Dev\Warewolf.Trigger.Queue.Tests\Warewolf.Trigger.Queue.Tests.csproj]
C:\Users\ultra\warewolf\Dev\Dev2.Studio.Core.Tests\Dev2.Studio.Core.Tests.csproj : warning NU1701: Package 'FontAwesome.WPF 4.7.0.9' was restored using '.NETFramework,Version=v4.6.1, .NETFramework,Version=v4.6.2, .NETFramework,Version=v4.7, .NETFramework,Version=v4.7.1, .NETFramework,Version=v4.7.2, .NETFramework,Version=v4.8, .NETFramework,Version=v4.8.1' instead of the project target framework 'net8.0'. This package may not be fully compatible with your project. [C:\Users\ultra\warewolf\Dev\Warewolf.Trigger.Queue.Tests\Warewolf.Trigger.Queue.Tests.csproj]
C:\Users\ultra\warewolf\Dev\Dev2.Studio.Core.Tests\Dev2.Studio.Core.Tests.csproj : warning NU1701: Package 'GroupControls 1.9.0' was restored using '.NETFramework,Version=v4.6.1, .NETFramework,Version=v4.6.2, .NETFramework,Version=v4.7, .NETFramework,Version=v4.7.1, .NETFramework,Version=v4.7.2, .NETFramework,Version=v4.8, .NETFramework,Version=v4.8.1' instead of the project target framework 'net8.0'. This package may not be fully compatible with your project. [C:\Users\ultra\warewolf\Dev\Warewolf.Trigger.Queue.Tests\Warewolf.Trigger.Queue.Tests.csproj]
C:\Users\ultra\warewolf\Dev\Dev2.Studio.Core.Tests\Dev2.Studio.Core.Tests.csproj : warning NU1701: Package 'Log4Net.Async 2.0.4' was restored using '.NETFramework,Version=v4.6.1, .NETFramework,Version=v4.6.2, .NETFramework,Version=v4.7, .NETFramework,Version=v4.7.1, .NETFramework,Version=v4.7.2, .NETFramework,Version=v4.8, .NETFramework,Version=v4.8.1' instead of the project target framework 'net8.0'. This package may not be fully compatible with your project. [C:\Users\ultra\warewolf\Dev\Warewolf.Trigger.Queue.Tests\Warewolf.Trigger.Queue.Tests.csproj]
C:\Users\ultra\warewolf\Dev\Dev2.Studio.Core.Tests\Dev2.Studio.Core.Tests.csproj : warning NU1701: Package 'Microsoft.Xaml.Behaviors.Wpf 1.1.122' was restored using '.NETFramework,Version=v4.6.1, .NETFramework,Version=v4.6.2, .NETFramework,Version=v4.7, .NETFramework,Version=v4.7.1, .NETFramework,Version=v4.7.2, .NETFramework,Version=v4.8, .NETFramework,Version=v4.8.1' instead of the project target framework 'net8.0'. This package may not be fully compatible with your project. [C:\Users\ultra\warewolf\Dev\Warewolf.Trigger.Queue.Tests\Warewolf.Trigger.Queue.Tests.csproj]
C:\Users\ultra\warewolf\Dev\Dev2.Studio.Core.Tests\Dev2.Studio.Core.Tests.csproj : warning NU1701: Package 'Prism.Composition 5.0.0' was restored using '.NETFramework,Version=v4.6.1, .NETFramework,Version=v4.6.2, .NETFramework,Version=v4.7, .NETFramework,Version=v4.7.1, .NETFramework,Version=v4.7.2, .NETFramework,Version=v4.8, .NETFramework,Version=v4.8.1' instead of the project target framework 'net8.0'. This package may not be fully compatible with your project. [C:\Users\ultra\warewolf\Dev\Warewolf.Trigger.Queue.Tests\Warewolf.Trigger.Queue.Tests.csproj]
C:\Users\ultra\warewolf\Dev\Dev2.Studio.Core.Tests\Dev2.Studio.Core.Tests.csproj : warning NU1701: Package 'Prism.Interactivity 5.0.0' was restored using '.NETFramework,Version=v4.6.1, .NETFramework,Version=v4.6.2, .NETFramework,Version=v4.7, .NETFramework,Version=v4.7.1, .NETFramework,Version=v4.7.2, .NETFramework,Version=v4.8, .NETFramework,Version=v4.8.1' instead of the project target framework 'net8.0'. This package may not be fully compatible with your project. [C:\Users\ultra\warewolf\Dev\Warewolf.Trigger.Queue.Tests\Warewolf.Trigger.Queue.Tests.csproj]
C:\Users\ultra\warewolf\Dev\Dev2.Studio.Core.Tests\Dev2.Studio.Core.Tests.csproj : warning NU1701: Package 'Prism.Mvvm 1.0.0' was restored using '.NETFramework,Version=v4.6.1, .NETFramework,Version=v4.6.2, .NETFramework,Version=v4.7, .NETFramework,Version=v4.7.1, .NETFramework,Version=v4.7.2, .NETFramework,Version=v4.8, .NETFramework,Version=v4.8.1' instead of the project target framework 'net8.0'. This package may not be fully compatible with your project. [C:\Users\ultra\warewolf\Dev\Warewolf.Trigger.Queue.Tests\Warewolf.Trigger.Queue.Tests.csproj]
C:\Users\ultra\warewolf\Dev\Dev2.Studio.Core.Tests\Dev2.Studio.Core.Tests.csproj : warning NU1701: Package 'Prism.PubSubEvents 1.0.0' was restored using '.NETFramework,Version=v4.6.1, .NETFramework,Version=v4.6.2, .NETFramework,Version=v4.7, .NETFramework,Version=v4.7.1, .NETFramework,Version=v4.7.2, .NETFramework,Version=v4.8, .NETFramework,Version=v4.8.1' instead of the project target framework 'net8.0'. This package may not be fully compatible with your project. [C:\Users\ultra\warewolf\Dev\Warewolf.Trigger.Queue.Tests\Warewolf.Trigger.Queue.Tests.csproj]
C:\Users\ultra\warewolf\Dev\Dev2.Studio.Core.Tests\Dev2.Studio.Core.Tests.csproj : warning NU1701: Package 'Prism.UnityExtensions 5.0.1' was restored using '.NETFramework,Version=v4.6.1, .NETFramework,Version=v4.6.2, .NETFramework,Version=v4.7, .NETFramework,Version=v4.7.1, .NETFramework,Version=v4.7.2, .NETFramework,Version=v4.8, .NETFramework,Version=v4.8.1' instead of the project target framework 'net8.0'. This package may not be fully compatible with your project. [C:\Users\ultra\warewolf\Dev\Warewolf.Trigger.Queue.Tests\Warewolf.Trigger.Queue.Tests.csproj]
C:\Users\ultra\warewolf\Dev\Dev2.Studio.Core.Tests\Dev2.Studio.Core.Tests.csproj : warning NU1701: Package 'Prism.Wpf 9.0.537' was restored using '.NETFramework,Version=v4.6.1, .NETFramework,Version=v4.6.2, .NETFramework,Version=v4.7, .NETFramework,Version=v4.7.1, .NETFramework,Version=v4.7.2, .NETFramework,Version=v4.8, .NETFramework,Version=v4.8.1' instead of the project target framework 'net8.0'. This package may not be fully compatible with your project. [C:\Users\ultra\warewolf\Dev\Warewolf.Trigger.Queue.Tests\Warewolf.Trigger.Queue.Tests.csproj]
C:\Users\ultra\warewolf\Dev\Dev2.Studio.Core.Tests\Dev2.Studio.Core.Tests.csproj : warning NU1701: Package 'ReactiveUI.WPF 18.4.1' was restored using '.NETFramework,Version=v4.6.1, .NETFramework,Version=v4.6.2, .NETFramework,Version=v4.7, .NETFramework,Version=v4.7.1, .NETFramework,Version=v4.7.2, .NETFramework,Version=v4.8, .NETFramework,Version=v4.8.1' instead of the project target framework 'net8.0'. This package may not be fully compatible with your project. [C:\Users\ultra\warewolf\Dev\Warewolf.Trigger.Queue.Tests\Warewolf.Trigger.Queue.Tests.csproj]
C:\Users\ultra\warewolf\Dev\Dev2.Studio.Core.Tests\Dev2.Studio.Core.Tests.csproj : warning NU1701: Package 'TaskSchedulerEditor 2.10.1' was restored using '.NETFramework,Version=v4.6.1, .NETFramework,Version=v4.6.2, .NETFramework,Version=v4.7, .NETFramework,Version=v4.7.1, .NETFramework,Version=v4.7.2, .NETFramework,Version=v4.8, .NETFramework,Version=v4.8.1' instead of the project target framework 'net8.0'. This package may not be fully compatible with your project. [C:\Users\ultra\warewolf\Dev\Warewolf.Trigger.Queue.Tests\Warewolf.Trigger.Queue.Tests.csproj]
C:\Users\ultra\warewolf\Dev\Dev2.Studio.Core.Tests\Dev2.Studio.Core.Tests.csproj : warning NU1701: Package 'Unofficial.Microsoft.mshtml 7.0.3300' was restored using '.NETFramework,Version=v4.6.1, .NETFramework,Version=v4.6.2, .NETFramework,Version=v4.7, .NETFramework,Version=v4.7.1, .NETFramework,Version=v4.7.2, .NETFramework,Version=v4.8, .NETFramework,Version=v4.8.1' instead of the project target framework 'net8.0'. This package may not be fully compatible with your project. [C:\Users\ultra\warewolf\Dev\Warewolf.Trigger.Queue.Tests\Warewolf.Trigger.Queue.Tests.csproj]
C:\Users\ultra\warewolf\Dev\Dev2.Studio.Core\Dev2.Studio.Core.csproj : warning NU1701: Package 'AeroWizard 2.3.1' was restored using '.NETFramework,Version=v4.6.1, .NETFramework,Version=v4.6.2, .NETFramework,Version=v4.7, .NETFramework,Version=v4.7.1, .NETFramework,Version=v4.7.2, .NETFramework,Version=v4.8, .NETFramework,Version=v4.8.1' instead of the project target framework 'net8.0'. This package may not be fully compatible with your project. [C:\Users\ultra\warewolf\Dev\Warewolf.Trigger.Queue.Tests\Warewolf.Trigger.Queue.Tests.csproj]
C:\Users\ultra\warewolf\Dev\Dev2.Studio.Core\Dev2.Studio.Core.csproj : warning NU1701: Package 'GroupControls 1.9.0' was restored using '.NETFramework,Version=v4.6.1, .NETFramework,Version=v4.6.2, .NETFramework,Version=v4.7, .NETFramework,Version=v4.7.1, .NETFramework,Version=v4.7.2, .NETFramework,Version=v4.8, .NETFramework,Version=v4.8.1' instead of the project target framework 'net8.0'. This package may not be fully compatible with your project. [C:\Users\ultra\warewolf\Dev\Warewolf.Trigger.Queue.Tests\Warewolf.Trigger.Queue.Tests.csproj]
C:\Users\ultra\warewolf\Dev\Dev2.Studio.Core\Dev2.Studio.Core.csproj : warning NU1701: Package 'Microsoft.Xaml.Behaviors.Wpf 1.1.122' was restored using '.NETFramework,Version=v4.6.1, .NETFramework,Version=v4.6.2, .NETFramework,Version=v4.7, .NETFramework,Version=v4.7.1, .NETFramework,Version=v4.7.2, .NETFramework,Version=v4.8, .NETFramework,Version=v4.8.1' instead of the project target framework 'net8.0'. This package may not be fully compatible with your project. [C:\Users\ultra\warewolf\Dev\Warewolf.Trigger.Queue.Tests\Warewolf.Trigger.Queue.Tests.csproj]
C:\Users\ultra\warewolf\Dev\Dev2.Studio.Core\Dev2.Studio.Core.csproj : warning NU1701: Package 'Prism.Wpf 9.0.537' was restored using '.NETFramework,Version=v4.6.1, .NETFramework,Version=v4.6.2, .NETFramework,Version=v4.7, .NETFramework,Version=v4.7.1, .NETFramework,Version=v4.7.2, .NETFramework,Version=v4.8, .NETFramework,Version=v4.8.1' instead of the project target framework 'net8.0'. This package may not be fully compatible with your project. [C:\Users\ultra\warewolf\Dev\Warewolf.Trigger.Queue.Tests\Warewolf.Trigger.Queue.Tests.csproj]
C:\Users\ultra\warewolf\Dev\Dev2.Studio.Core\Dev2.Studio.Core.csproj : warning NU1701: Package 'ReactiveUI.WPF 18.4.1' was restored using '.NETFramework,Version=v4.6.1, .NETFramework,Version=v4.6.2, .NETFramework,Version=v4.7, .NETFramework,Version=v4.7.1, .NETFramework,Version=v4.7.2, .NETFramework,Version=v4.8, .NETFramework,Version=v4.8.1' instead of the project target framework 'net8.0'. This package may not be fully compatible with your project. [C:\Users\ultra\warewolf\Dev\Warewolf.Trigger.Queue.Tests\Warewolf.Trigger.Queue.Tests.csproj]
C:\Users\ultra\warewolf\Dev\Dev2.Studio.Core\Dev2.Studio.Core.csproj : warning NU1701: Package 'TaskSchedulerEditor 2.10.1' was restored using '.NETFramework,Version=v4.6.1, .NETFramework,Version=v4.6.2, .NETFramework,Version=v4.7, .NETFramework,Version=v4.7.1, .NETFramework,Version=v4.7.2, .NETFramework,Version=v4.8, .NETFramework,Version=v4.8.1' instead of the project target framework 'net8.0'. This package may not be fully compatible with your project. [C:\Users\ultra\warewolf\Dev\Warewolf.Trigger.Queue.Tests\Warewolf.Trigger.Queue.Tests.csproj]
C:\Users\ultra\warewolf\Dev\Dev2.Studio\Dev2.Studio.csproj : warning NU1701: Package 'AeroWizard 2.3.1' was restored using '.NETFramework,Version=v4.6.1, .NETFramework,Version=v4.6.2, .NETFramework,Version=v4.7, .NETFramework,Version=v4.7.1, .NETFramework,Version=v4.7.2, .NETFramework,Version=v4.8, .NETFramework,Version=v4.8.1' instead of the project target framework 'net8.0'. This package may not be fully compatible with your project. [C:\Users\ultra\warewolf\Dev\Warewolf.Trigger.Queue.Tests\Warewolf.Trigger.Queue.Tests.csproj]
C:\Users\ultra\warewolf\Dev\Dev2.Studio\Dev2.Studio.csproj : warning NU1701: Package 'AvalonEdit 6.3.0.90' was restored using '.NETFramework,Version=v4.6.1, .NETFramework,Version=v4.6.2, .NETFramework,Version=v4.7, .NETFramework,Version=v4.7.1, .NETFramework,Version=v4.7.2, .NETFramework,Version=v4.8, .NETFramework,Version=v4.8.1' instead of the project target framework 'net8.0'. This package may not be fully compatible with your project. [C:\Users\ultra\warewolf\Dev\Warewolf.Trigger.Queue.Tests\Warewolf.Trigger.Queue.Tests.csproj]
C:\Users\ultra\warewolf\Dev\Dev2.Studio\Dev2.Studio.csproj : warning NU1701: Package 'CommonServiceLocator 1.2.0' was restored using '.NETFramework,Version=v4.6.1, .NETFramework,Version=v4.6.2, .NETFramework,Version=v4.7, .NETFramework,Version=v4.7.1, .NETFramework,Version=v4.7.2, .NETFramework,Version=v4.8, .NETFramework,Version=v4.8.1' instead of the project target framework 'net8.0'. This package may not be fully compatible with your project. [C:\Users\ultra\warewolf\Dev\Warewolf.Trigger.Queue.Tests\Warewolf.Trigger.Queue.Tests.csproj]
C:\Users\ultra\warewolf\Dev\Dev2.Studio\Dev2.Studio.csproj : warning NU1701: Package 'FontAwesome.WPF 4.7.0.9' was restored using '.NETFramework,Version=v4.6.1, .NETFramework,Version=v4.6.2, .NETFramework,Version=v4.7, .NETFramework,Version=v4.7.1, .NETFramework,Version=v4.7.2, .NETFramework,Version=v4.8, .NETFramework,Version=v4.8.1' instead of the project target framework 'net8.0'. This package may not be fully compatible with your project. [C:\Users\ultra\warewolf\Dev\Warewolf.Trigger.Queue.Tests\Warewolf.Trigger.Queue.Tests.csproj]
C:\Users\ultra\warewolf\Dev\Dev2.Studio\Dev2.Studio.csproj : warning NU1701: Package 'GroupControls 1.9.0' was restored using '.NETFramework,Version=v4.6.1, .NETFramework,Version=v4.6.2, .NETFramework,Version=v4.7, .NETFramework,Version=v4.7.1, .NETFramework,Version=v4.7.2, .NETFramework,Version=v4.8, .NETFramework,Version=v4.8.1' instead of the project target framework 'net8.0'. This package may not be fully compatible with your project. [C:\Users\ultra\warewolf\Dev\Warewolf.Trigger.Queue.Tests\Warewolf.Trigger.Queue.Tests.csproj]
C:\Users\ultra\warewolf\Dev\Dev2.Studio\Dev2.Studio.csproj : warning NU1701: Package 'Log4Net.Async 2.0.4' was restored using '.NETFramework,Version=v4.6.1, .NETFramework,Version=v4.6.2, .NETFramework,Version=v4.7, .NETFramework,Version=v4.7.1, .NETFramework,Version=v4.7.2, .NETFramework,Version=v4.8, .NETFramework,Version=v4.8.1' instead of the project target framework 'net8.0'. This package may not be fully compatible with your project. [C:\Users\ultra\warewolf\Dev\Warewolf.Trigger.Queue.Tests\Warewolf.Trigger.Queue.Tests.csproj]
C:\Users\ultra\warewolf\Dev\Dev2.Studio\Dev2.Studio.csproj : warning NU1701: Package 'Microsoft.Xaml.Behaviors.Wpf 1.1.122' was restored using '.NETFramework,Version=v4.6.1, .NETFramework,Version=v4.6.2, .NETFramework,Version=v4.7, .NETFramework,Version=v4.7.1, .NETFramework,Version=v4.7.2, .NETFramework,Version=v4.8, .NETFramework,Version=v4.8.1' instead of the project target framework 'net8.0'. This package may not be fully compatible with your project. [C:\Users\ultra\warewolf\Dev\Warewolf.Trigger.Queue.Tests\Warewolf.Trigger.Queue.Tests.csproj]
C:\Users\ultra\warewolf\Dev\Dev2.Studio\Dev2.Studio.csproj : warning NU1701: Package 'Prism.Composition 5.0.0' was restored using '.NETFramework,Version=v4.6.1, .NETFramework,Version=v4.6.2, .NETFramework,Version=v4.7, .NETFramework,Version=v4.7.1, .NETFramework,Version=v4.7.2, .NETFramework,Version=v4.8, .NETFramework,Version=v4.8.1' instead of the project target framework 'net8.0'. This package may not be fully compatible with your project. [C:\Users\ultra\warewolf\Dev\Warewolf.Trigger.Queue.Tests\Warewolf.Trigger.Queue.Tests.csproj]
C:\Users\ultra\warewolf\Dev\Dev2.Studio\Dev2.Studio.csproj : warning NU1701: Package 'Prism.Interactivity 5.0.0' was restored using '.NETFramework,Version=v4.6.1, .NETFramework,Version=v4.6.2, .NETFramework,Version=v4.7, .NETFramework,Version=v4.7.1, .NETFramework,Version=v4.7.2, .NETFramework,Version=v4.8, .NETFramework,Version=v4.8.1' instead of the project target framework 'net8.0'. This package may not be fully compatible with your project. [C:\Users\ultra\warewolf\Dev\Warewolf.Trigger.Queue.Tests\Warewolf.Trigger.Queue.Tests.csproj]
C:\Users\ultra\warewolf\Dev\Dev2.Studio\Dev2.Studio.csproj : warning NU1701: Package 'Prism.Mvvm 1.0.0' was restored using '.NETFramework,Version=v4.6.1, .NETFramework,Version=v4.6.2, .NETFramework,Version=v4.7, .NETFramework,Version=v4.7.1, .NETFramework,Version=v4.7.2, .NETFramework,Version=v4.8, .NETFramework,Version=v4.8.1' instead of the project target framework 'net8.0'. This package may not be fully compatible with your project. [C:\Users\ultra\warewolf\Dev\Warewolf.Trigger.Queue.Tests\Warewolf.Trigger.Queue.Tests.csproj]
C:\Users\ultra\warewolf\Dev\Dev2.Studio\Dev2.Studio.csproj : warning NU1701: Package 'Prism.PubSubEvents 1.0.0' was restored using '.NETFramework,Version=v4.6.1, .NETFramework,Version=v4.6.2, .NETFramework,Version=v4.7, .NETFramework,Version=v4.7.1, .NETFramework,Version=v4.7.2, .NETFramework,Version=v4.8, .NETFramework,Version=v4.8.1' instead of the project target framework 'net8.0'. This package may not be fully compatible with your project. [C:\Users\ultra\warewolf\Dev\Warewolf.Trigger.Queue.Tests\Warewolf.Trigger.Queue.Tests.csproj]
C:\Users\ultra\warewolf\Dev\Dev2.Studio\Dev2.Studio.csproj : warning NU1701: Package 'Prism.UnityExtensions 5.0.1' was restored using '.NETFramework,Version=v4.6.1, .NETFramework,Version=v4.6.2, .NETFramework,Version=v4.7, .NETFramework,Version=v4.7.1, .NETFramework,Version=v4.7.2, .NETFramework,Version=v4.8, .NETFramework,Version=v4.8.1' instead of the project target framework 'net8.0'. This package may not be fully compatible with your project. [C:\Users\ultra\warewolf\Dev\Warewolf.Trigger.Queue.Tests\Warewolf.Trigger.Queue.Tests.csproj]
C:\Users\ultra\warewolf\Dev\Dev2.Studio\Dev2.Studio.csproj : warning NU1701: Package 'Prism.Wpf 9.0.537' was restored using '.NETFramework,Version=v4.6.1, .NETFramework,Version=v4.6.2, .NETFramework,Version=v4.7, .NETFramework,Version=v4.7.1, .NETFramework,Version=v4.7.2, .NETFramework,Version=v4.8, .NETFramework,Version=v4.8.1' instead of the project target framework 'net8.0'. This package may not be fully compatible with your project. [C:\Users\ultra\warewolf\Dev\Warewolf.Trigger.Queue.Tests\Warewolf.Trigger.Queue.Tests.csproj]
C:\Users\ultra\warewolf\Dev\Dev2.Studio\Dev2.Studio.csproj : warning NU1701: Package 'ReactiveUI.WPF 18.4.1' was restored using '.NETFramework,Version=v4.6.1, .NETFramework,Version=v4.6.2, .NETFramework,Version=v4.7, .NETFramework,Version=v4.7.1, .NETFramework,Version=v4.7.2, .NETFramework,Version=v4.8, .NETFramework,Version=v4.8.1' instead of the project target framework 'net8.0'. This package may not be fully compatible with your project. [C:\Users\ultra\warewolf\Dev\Warewolf.Trigger.Queue.Tests\Warewolf.Trigger.Queue.Tests.csproj]
C:\Users\ultra\warewolf\Dev\Dev2.Studio\Dev2.Studio.csproj : warning NU1701: Package 'TaskSchedulerEditor 2.10.1' was restored using '.NETFramework,Version=v4.6.1, .NETFramework,Version=v4.6.2, .NETFramework,Version=v4.7, .NETFramework,Version=v4.7.1, .NETFramework,Version=v4.7.2, .NETFramework,Version=v4.8, .NETFramework,Version=v4.8.1' instead of the project target framework 'net8.0'. This package may not be fully compatible with your project. [C:\Users\ultra\warewolf\Dev\Warewolf.Trigger.Queue.Tests\Warewolf.Trigger.Queue.Tests.csproj]
C:\Users\ultra\warewolf\Dev\Dev2.Studio\Dev2.Studio.csproj : warning NU1701: Package 'Unofficial.Microsoft.mshtml 7.0.3300' was restored using '.NETFramework,Version=v4.6.1, .NETFramework,Version=v4.6.2, .NETFramework,Version=v4.7, .NETFramework,Version=v4.7.1, .NETFramework,Version=v4.7.2, .NETFramework,Version=v4.8, .NETFramework,Version=v4.8.1' instead of the project target framework 'net8.0'. This package may not be fully compatible with your project. [C:\Users\ultra\warewolf\Dev\Warewolf.Trigger.Queue.Tests\Warewolf.Trigger.Queue.Tests.csproj]
C:\Users\ultra\warewolf\Dev\Dev2.Activities\Dev2.Activities.csproj : warning NU1903: Package 'Microsoft.Windows.Compatibility' 6.0.0 has a known high severity vulnerability, https://github.com/advisories/GHSA-555c-2p6r-68mm [C:\Users\ultra\warewolf\Dev\Warewolf.Trigger.Queue.Tests\Warewolf.Trigger.Queue.Tests.csproj]
C:\Users\ultra\warewolf\Dev\Dev2.Activities\Dev2.Activities.csproj : warning NU1701: Package 'AeroWizard 2.3.1' was restored using '.NETFramework,Version=v4.6.1, .NETFramework,Version=v4.6.2, .NETFramework,Version=v4.7, .NETFramework,Version=v4.7.1, .NETFramework,Version=v4.7.2, .NETFramework,Version=v4.8, .NETFramework,Version=v4.8.1' instead of the project target framework 'net8.0'. This package may not be fully compatible with your project. [C:\Users\ultra\warewolf\Dev\Warewolf.Trigger.Queue.Tests\Warewolf.Trigger.Queue.Tests.csproj]
C:\Users\ultra\warewolf\Dev\Dev2.Activities\Dev2.Activities.csproj : warning NU1701: Package 'GroupControls 1.9.0' was restored using '.NETFramework,Version=v4.6.1, .NETFramework,Version=v4.6.2, .NETFramework,Version=v4.7, .NETFramework,Version=v4.7.1, .NETFramework,Version=v4.7.2, .NETFramework,Version=v4.8, .NETFramework,Version=v4.8.1' instead of the project target framework 'net8.0'. This package may not be fully compatible with your project. [C:\Users\ultra\warewolf\Dev\Warewolf.Trigger.Queue.Tests\Warewolf.Trigger.Queue.Tests.csproj]
C:\Users\ultra\warewolf\Dev\Dev2.Activities\Dev2.Activities.csproj : warning NU1701: Package 'ReactiveUI.WPF 18.4.1' was restored using '.NETFramework,Version=v4.6.1, .NETFramework,Version=v4.6.2, .NETFramework,Version=v4.7, .NETFramework,Version=v4.7.1, .NETFramework,Version=v4.7.2, .NETFramework,Version=v4.8, .NETFramework,Version=v4.8.1' instead of the project target framework 'net8.0'. This package may not be fully compatible with your project. [C:\Users\ultra\warewolf\Dev\Warewolf.Trigger.Queue.Tests\Warewolf.Trigger.Queue.Tests.csproj]
C:\Users\ultra\warewolf\Dev\Dev2.Activities\Dev2.Activities.csproj : warning NU1701: Package 'TaskSchedulerEditor 2.10.1' was restored using '.NETFramework,Version=v4.6.1, .NETFramework,Version=v4.6.2, .NETFramework,Version=v4.7, .NETFramework,Version=v4.7.1, .NETFramework,Version=v4.7.2, .NETFramework,Version=v4.8, .NETFramework,Version=v4.8.1' instead of the project target framework 'net8.0'. This package may not be fully compatible with your project. [C:\Users\ultra\warewolf\Dev\Warewolf.Trigger.Queue.Tests\Warewolf.Trigger.Queue.Tests.csproj]
C:\Users\ultra\warewolf\Dev\Dev2.Activities.Designers\Dev2.Activities.Designers.csproj : warning NU1701: Package 'AeroWizard 2.3.1' was restored using '.NETFramework,Version=v4.6.1, .NETFramework,Version=v4.6.2, .NETFramework,Version=v4.7, .NETFramework,Version=v4.7.1, .NETFramework,Version=v4.7.2, .NETFramework,Version=v4.8, .NETFramework,Version=v4.8.1' instead of the project target framework 'net8.0'. This package may not be fully compatible with your project. [C:\Users\ultra\warewolf\Dev\Warewolf.Trigger.Queue.Tests\Warewolf.Trigger.Queue.Tests.csproj]
C:\Users\ultra\warewolf\Dev\Dev2.Activities.Designers\Dev2.Activities.Designers.csproj : warning NU1701: Package 'GroupControls 1.9.0' was restored using '.NETFramework,Version=v4.6.1, .NETFramework,Version=v4.6.2, .NETFramework,Version=v4.7, .NETFramework,Version=v4.7.1, .NETFramework,Version=v4.7.2, .NETFramework,Version=v4.8, .NETFramework,Version=v4.8.1' instead of the project target framework 'net8.0'. This package may not be fully compatible with your project. [C:\Users\ultra\warewolf\Dev\Warewolf.Trigger.Queue.Tests\Warewolf.Trigger.Queue.Tests.csproj]
C:\Users\ultra\warewolf\Dev\Dev2.Diagnostics\Dev2.Diagnostics.csproj : warning NU1701: Package 'AeroWizard 2.3.1' was restored using '.NETFramework,Version=v4.6.1, .NETFramework,Version=v4.6.2, .NETFramework,Version=v4.7, .NETFramework,Version=v4.7.1, .NETFramework,Version=v4.7.2, .NETFramework,Version=v4.8, .NETFramework,Version=v4.8.1' instead of the project target framework 'net8.0'. This package may not be fully compatible with your project. [C:\Users\ultra\warewolf\Dev\Warewolf.Trigger.Queue.Tests\Warewolf.Trigger.Queue.Tests.csproj]
C:\Users\ultra\warewolf\Dev\Dev2.Activities.Designers\Dev2.Activities.Designers.csproj : warning NU1701: Package 'Microsoft.Xaml.Behaviors.Wpf 1.1.122' was restored using '.NETFramework,Version=v4.6.1, .NETFramework,Version=v4.6.2, .NETFramework,Version=v4.7, .NETFramework,Version=v4.7.1, .NETFramework,Version=v4.7.2, .NETFramework,Version=v4.8, .NETFramework,Version=v4.8.1' instead of the project target framework 'net8.0'. This package may not be fully compatible with your project. [C:\Users\ultra\warewolf\Dev\Warewolf.Trigger.Queue.Tests\Warewolf.Trigger.Queue.Tests.csproj]
C:\Users\ultra\warewolf\Dev\Dev2.Diagnostics\Dev2.Diagnostics.csproj : warning NU1701: Package 'GroupControls 1.9.0' was restored using '.NETFramework,Version=v4.6.1, .NETFramework,Version=v4.6.2, .NETFramework,Version=v4.7, .NETFramework,Version=v4.7.1, .NETFramework,Version=v4.7.2, .NETFramework,Version=v4.8, .NETFramework,Version=v4.8.1' instead of the project target framework 'net8.0'. This package may not be fully compatible with your project. [C:\Users\ultra\warewolf\Dev\Warewolf.Trigger.Queue.Tests\Warewolf.Trigger.Queue.Tests.csproj]
C:\Users\ultra\warewolf\Dev\Dev2.Activities.Designers\Dev2.Activities.Designers.csproj : warning NU1701: Package 'Prism.Wpf 9.0.537' was restored using '.NETFramework,Version=v4.6.1, .NETFramework,Version=v4.6.2, .NETFramework,Version=v4.7, .NETFramework,Version=v4.7.1, .NETFramework,Version=v4.7.2, .NETFramework,Version=v4.8, .NETFramework,Version=v4.8.1' instead of the project target framework 'net8.0'. This package may not be fully compatible with your project. [C:\Users\ultra\warewolf\Dev\Warewolf.Trigger.Queue.Tests\Warewolf.Trigger.Queue.Tests.csproj]
C:\Users\ultra\warewolf\Dev\Dev2.Activities.Designers\Dev2.Activities.Designers.csproj : warning NU1701: Package 'ReactiveUI.WPF 18.4.1' was restored using '.NETFramework,Version=v4.6.1, .NETFramework,Version=v4.6.2, .NETFramework,Version=v4.7, .NETFramework,Version=v4.7.1, .NETFramework,Version=v4.7.2, .NETFramework,Version=v4.8, .NETFramework,Version=v4.8.1' instead of the project target framework 'net8.0'. This package may not be fully compatible with your project. [C:\Users\ultra\warewolf\Dev\Warewolf.Trigger.Queue.Tests\Warewolf.Trigger.Queue.Tests.csproj]
C:\Users\ultra\warewolf\Dev\Dev2.Diagnostics\Dev2.Diagnostics.csproj : warning NU1701: Package 'TaskSchedulerEditor 2.10.1' was restored using '.NETFramework,Version=v4.6.1, .NETFramework,Version=v4.6.2, .NETFramework,Version=v4.7, .NETFramework,Version=v4.7.1, .NETFramework,Version=v4.7.2, .NETFramework,Version=v4.8, .NETFramework,Version=v4.8.1' instead of the project target framework 'net8.0'. This package may not be fully compatible with your project. [C:\Users\ultra\warewolf\Dev\Warewolf.Trigger.Queue.Tests\Warewolf.Trigger.Queue.Tests.csproj]
C:\Users\ultra\warewolf\Dev\Dev2.Activities.Designers\Dev2.Activities.Designers.csproj : warning NU1701: Package 'TaskSchedulerEditor 2.10.1' was restored using '.NETFramework,Version=v4.6.1, .NETFramework,Version=v4.6.2, .NETFramework,Version=v4.7, .NETFramework,Version=v4.7.1, .NETFramework,Version=v4.7.2, .NETFramework,Version=v4.8, .NETFramework,Version=v4.8.1' instead of the project target framework 'net8.0'. This package may not be fully compatible with your project. [C:\Users\ultra\warewolf\Dev\Warewolf.Trigger.Queue.Tests\Warewolf.Trigger.Queue.Tests.csproj]
C:\Users\ultra\warewolf\Dev\Dev2.Development.Languages\Dev2.Development.Languages.csproj : warning NU1701: Package 'AeroWizard 2.3.1' was restored using '.NETFramework,Version=v4.6.1, .NETFramework,Version=v4.6.2, .NETFramework,Version=v4.7, .NETFramework,Version=v4.7.1, .NETFramework,Version=v4.7.2, .NETFramework,Version=v4.8, .NETFramework,Version=v4.8.1' instead of the project target framework 'net8.0'. This package may not be fully compatible with your project. [C:\Users\ultra\warewolf\Dev\Warewolf.Trigger.Queue.Tests\Warewolf.Trigger.Queue.Tests.csproj]
C:\Users\ultra\warewolf\Dev\Dev2.Development.Languages\Dev2.Development.Languages.csproj : warning NU1701: Package 'GroupControls 1.9.0' was restored using '.NETFramework,Version=v4.6.1, .NETFramework,Version=v4.6.2, .NETFramework,Version=v4.7, .NETFramework,Version=v4.7.1, .NETFramework,Version=v4.7.2, .NETFramework,Version=v4.8, .NETFramework,Version=v4.8.1' instead of the project target framework 'net8.0'. This package may not be fully compatible with your project. [C:\Users\ultra\warewolf\Dev\Warewolf.Trigger.Queue.Tests\Warewolf.Trigger.Queue.Tests.csproj]
C:\Users\ultra\warewolf\Dev\Dev2.Development.Languages\Dev2.Development.Languages.csproj : warning NU1701: Package 'TaskSchedulerEditor 2.10.1' was restored using '.NETFramework,Version=v4.6.1, .NETFramework,Version=v4.6.2, .NETFramework,Version=v4.7, .NETFramework,Version=v4.7.1, .NETFramework,Version=v4.7.2, .NETFramework,Version=v4.8, .NETFramework,Version=v4.8.1' instead of the project target framework 'net8.0'. This package may not be fully compatible with your project. [C:\Users\ultra\warewolf\Dev\Warewolf.Trigger.Queue.Tests\Warewolf.Trigger.Queue.Tests.csproj]
C:\Users\ultra\warewolf\Dev\Warewolf.Studio.Themes.Luna\Warewolf.Studio.Themes.Luna.csproj : warning NU1701: Package 'AeroWizard 2.3.1' was restored using '.NETFramework,Version=v4.6.1, .NETFramework,Version=v4.6.2, .NETFramework,Version=v4.7, .NETFramework,Version=v4.7.1, .NETFramework,Version=v4.7.2, .NETFramework,Version=v4.8, .NETFramework,Version=v4.8.1' instead of the project target framework 'net8.0'. This package may not be fully compatible with your project. [C:\Users\ultra\warewolf\Dev\Warewolf.Trigger.Queue.Tests\Warewolf.Trigger.Queue.Tests.csproj]
C:\Users\ultra\warewolf\Dev\Warewolf.Studio.Themes.Luna\Warewolf.Studio.Themes.Luna.csproj : warning NU1701: Package 'GroupControls 1.9.0' was restored using '.NETFramework,Version=v4.6.1, .NETFramework,Version=v4.6.2, .NETFramework,Version=v4.7, .NETFramework,Version=v4.7.1, .NETFramework,Version=v4.7.2, .NETFramework,Version=v4.8, .NETFramework,Version=v4.8.1' instead of the project target framework 'net8.0'. This package may not be fully compatible with your project. [C:\Users\ultra\warewolf\Dev\Warewolf.Trigger.Queue.Tests\Warewolf.Trigger.Queue.Tests.csproj]
C:\Users\ultra\warewolf\Dev\Warewolf.Studio.Themes.Luna\Warewolf.Studio.Themes.Luna.csproj : warning NU1701: Package 'Microsoft.Xaml.Behaviors.Wpf 1.1.122' was restored using '.NETFramework,Version=v4.6.1, .NETFramework,Version=v4.6.2, .NETFramework,Version=v4.7, .NETFramework,Version=v4.7.1, .NETFramework,Version=v4.7.2, .NETFramework,Version=v4.8, .NETFramework,Version=v4.8.1' instead of the project target framework 'net8.0'. This package may not be fully compatible with your project. [C:\Users\ultra\warewolf\Dev\Warewolf.Trigger.Queue.Tests\Warewolf.Trigger.Queue.Tests.csproj]
C:\Users\ultra\warewolf\Dev\Warewolf.Studio.Themes.Luna\Warewolf.Studio.Themes.Luna.csproj : warning NU1701: Package 'Prism.Wpf 9.0.537' was restored using '.NETFramework,Version=v4.6.1, .NETFramework,Version=v4.6.2, .NETFramework,Version=v4.7, .NETFramework,Version=v4.7.1, .NETFramework,Version=v4.7.2, .NETFramework,Version=v4.8, .NETFramework,Version=v4.8.1' instead of the project target framework 'net8.0'. This package may not be fully compatible with your project. [C:\Users\ultra\warewolf\Dev\Warewolf.Trigger.Queue.Tests\Warewolf.Trigger.Queue.Tests.csproj]
C:\Users\ultra\warewolf\Dev\Warewolf.Studio.Themes.Luna\Warewolf.Studio.Themes.Luna.csproj : warning NU1701: Package 'ReactiveUI.WPF 18.4.1' was restored using '.NETFramework,Version=v4.6.1, .NETFramework,Version=v4.6.2, .NETFramework,Version=v4.7, .NETFramework,Version=v4.7.1, .NETFramework,Version=v4.7.2, .NETFramework,Version=v4.8, .NETFramework,Version=v4.8.1' instead of the project target framework 'net8.0'. This package may not be fully compatible with your project. [C:\Users\ultra\warewolf\Dev\Warewolf.Trigger.Queue.Tests\Warewolf.Trigger.Queue.Tests.csproj]
C:\Users\ultra\warewolf\Dev\Warewolf.Studio.Themes.Luna\Warewolf.Studio.Themes.Luna.csproj : warning NU1701: Package 'TaskSchedulerEditor 2.10.1' was restored using '.NETFramework,Version=v4.6.1, .NETFramework,Version=v4.6.2, .NETFramework,Version=v4.7, .NETFramework,Version=v4.7.1, .NETFramework,Version=v4.7.2, .NETFramework,Version=v4.8, .NETFramework,Version=v4.8.1' instead of the project target framework 'net8.0'. This package may not be fully compatible with your project. [C:\Users\ultra\warewolf\Dev\Warewolf.Trigger.Queue.Tests\Warewolf.Trigger.Queue.Tests.csproj]
C:\Users\ultra\warewolf\Dev\Warewolf.Studio.CustomControls\Warewolf.Studio.CustomControls.csproj : warning NU1701: Package 'AeroWizard 2.3.1' was restored using '.NETFramework,Version=v4.6.1, .NETFramework,Version=v4.6.2, .NETFramework,Version=v4.7, .NETFramework,Version=v4.7.1, .NETFramework,Version=v4.7.2, .NETFramework,Version=v4.8, .NETFramework,Version=v4.8.1' instead of the project target framework 'net8.0'. This package may not be fully compatible with your project. [C:\Users\ultra\warewolf\Dev\Warewolf.Trigger.Queue.Tests\Warewolf.Trigger.Queue.Tests.csproj]
C:\Users\ultra\warewolf\Dev\Warewolf.Studio.CustomControls\Warewolf.Studio.CustomControls.csproj : warning NU1701: Package 'GroupControls 1.9.0' was restored using '.NETFramework,Version=v4.6.1, .NETFramework,Version=v4.6.2, .NETFramework,Version=v4.7, .NETFramework,Version=v4.7.1, .NETFramework,Version=v4.7.2, .NETFramework,Version=v4.8, .NETFramework,Version=v4.8.1' instead of the project target framework 'net8.0'. This package may not be fully compatible with your project. [C:\Users\ultra\warewolf\Dev\Warewolf.Trigger.Queue.Tests\Warewolf.Trigger.Queue.Tests.csproj]
C:\Users\ultra\warewolf\Dev\Warewolf.Studio.CustomControls\Warewolf.Studio.CustomControls.csproj : warning NU1701: Package 'Microsoft.Xaml.Behaviors.Wpf 1.1.122' was restored using '.NETFramework,Version=v4.6.1, .NETFramework,Version=v4.6.2, .NETFramework,Version=v4.7, .NETFramework,Version=v4.7.1, .NETFramework,Version=v4.7.2, .NETFramework,Version=v4.8, .NETFramework,Version=v4.8.1' instead of the project target framework 'net8.0'. This package may not be fully compatible with your project. [C:\Users\ultra\warewolf\Dev\Warewolf.Trigger.Queue.Tests\Warewolf.Trigger.Queue.Tests.csproj]
C:\Users\ultra\warewolf\Dev\Warewolf.Studio.CustomControls\Warewolf.Studio.CustomControls.csproj : warning NU1701: Package 'Prism.Wpf 9.0.537' was restored using '.NETFramework,Version=v4.6.1, .NETFramework,Version=v4.6.2, .NETFramework,Version=v4.7, .NETFramework,Version=v4.7.1, .NETFramework,Version=v4.7.2, .NETFramework,Version=v4.8, .NETFramework,Version=v4.8.1' instead of the project target framework 'net8.0'. This package may not be fully compatible with your project. [C:\Users\ultra\warewolf\Dev\Warewolf.Trigger.Queue.Tests\Warewolf.Trigger.Queue.Tests.csproj]
C:\Users\ultra\warewolf\Dev\Warewolf.Studio.CustomControls\Warewolf.Studio.CustomControls.csproj : warning NU1701: Package 'ReactiveUI.WPF 18.4.1' was restored using '.NETFramework,Version=v4.6.1, .NETFramework,Version=v4.6.2, .NETFramework,Version=v4.7, .NETFramework,Version=v4.7.1, .NETFramework,Version=v4.7.2, .NETFramework,Version=v4.8, .NETFramework,Version=v4.8.1' instead of the project target framework 'net8.0'. This package may not be fully compatible with your project. [C:\Users\ultra\warewolf\Dev\Warewolf.Trigger.Queue.Tests\Warewolf.Trigger.Queue.Tests.csproj]
C:\Users\ultra\warewolf\Dev\Warewolf.Studio.CustomControls\Warewolf.Studio.CustomControls.csproj : warning NU1701: Package 'TaskSchedulerEditor 2.10.1' was restored using '.NETFramework,Version=v4.6.1, .NETFramework,Version=v4.6.2, .NETFramework,Version=v4.7, .NETFramework,Version=v4.7.1, .NETFramework,Version=v4.7.2, .NETFramework,Version=v4.8, .NETFramework,Version=v4.8.1' instead of the project target framework 'net8.0'. This package may not be fully compatible with your project. [C:\Users\ultra\warewolf\Dev\Warewolf.Trigger.Queue.Tests\Warewolf.Trigger.Queue.Tests.csproj]
C:\Users\ultra\warewolf\Dev\Dev2.Data\Dev2.Data.csproj : warning NU1701: Package 'AeroWizard 2.3.1' was restored using '.NETFramework,Version=v4.6.1, .NETFramework,Version=v4.6.2, .NETFramework,Version=v4.7, .NETFramework,Version=v4.7.1, .NETFramework,Version=v4.7.2, .NETFramework,Version=v4.8, .NETFramework,Version=v4.8.1' instead of the project target framework 'net8.0'. This package may not be fully compatible with your project. [C:\Users\ultra\warewolf\Dev\Warewolf.Trigger.Queue.Tests\Warewolf.Trigger.Queue.Tests.csproj]
C:\Users\ultra\warewolf\Dev\Dev2.Data\Dev2.Data.csproj : warning NU1701: Package 'GroupControls 1.9.0' was restored using '.NETFramework,Version=v4.6.1, .NETFramework,Version=v4.6.2, .NETFramework,Version=v4.7, .NETFramework,Version=v4.7.1, .NETFramework,Version=v4.7.2, .NETFramework,Version=v4.8, .NETFramework,Version=v4.8.1' instead of the project target framework 'net8.0'. This package may not be fully compatible with your project. [C:\Users\ultra\warewolf\Dev\Warewolf.Trigger.Queue.Tests\Warewolf.Trigger.Queue.Tests.csproj]
C:\Users\ultra\warewolf\Dev\Dev2.Data\Dev2.Data.csproj : warning NU1701: Package 'ReactiveUI.WPF 18.4.1' was restored using '.NETFramework,Version=v4.6.1, .NETFramework,Version=v4.6.2, .NETFramework,Version=v4.7, .NETFramework,Version=v4.7.1, .NETFramework,Version=v4.7.2, .NETFramework,Version=v4.8, .NETFramework,Version=v4.8.1' instead of the project target framework 'net8.0'. This package may not be fully compatible with your project. [C:\Users\ultra\warewolf\Dev\Warewolf.Trigger.Queue.Tests\Warewolf.Trigger.Queue.Tests.csproj]
C:\Users\ultra\warewolf\Dev\Dev2.Data\Dev2.Data.csproj : warning NU1701: Package 'TaskSchedulerEditor 2.10.1' was restored using '.NETFramework,Version=v4.6.1, .NETFramework,Version=v4.6.2, .NETFramework,Version=v4.7, .NETFramework,Version=v4.7.1, .NETFramework,Version=v4.7.2, .NETFramework,Version=v4.8, .NETFramework,Version=v4.8.1' instead of the project target framework 'net8.0'. This package may not be fully compatible with your project. [C:\Users\ultra\warewolf\Dev\Warewolf.Trigger.Queue.Tests\Warewolf.Trigger.Queue.Tests.csproj]
C:\Users\ultra\warewolf\Dev\Warewolf.Studio.ViewModels\Warewolf.Studio.ViewModels.csproj : warning NU1701: Package 'AeroWizard 2.3.1' was restored using '.NETFramework,Version=v4.6.1, .NETFramework,Version=v4.6.2, .NETFramework,Version=v4.7, .NETFramework,Version=v4.7.1, .NETFramework,Version=v4.7.2, .NETFramework,Version=v4.8, .NETFramework,Version=v4.8.1' instead of the project target framework 'net8.0'. This package may not be fully compatible with your project. [C:\Users\ultra\warewolf\Dev\Warewolf.Trigger.Queue.Tests\Warewolf.Trigger.Queue.Tests.csproj]
C:\Users\ultra\warewolf\Dev\Warewolf.Studio.ViewModels\Warewolf.Studio.ViewModels.csproj : warning NU1701: Package 'GroupControls 1.9.0' was restored using '.NETFramework,Version=v4.6.1, .NETFramework,Version=v4.6.2, .NETFramework,Version=v4.7, .NETFramework,Version=v4.7.1, .NETFramework,Version=v4.7.2, .NETFramework,Version=v4.8, .NETFramework,Version=v4.8.1' instead of the project target framework 'net8.0'. This package may not be fully compatible with your project. [C:\Users\ultra\warewolf\Dev\Warewolf.Trigger.Queue.Tests\Warewolf.Trigger.Queue.Tests.csproj]
C:\Users\ultra\warewolf\Dev\Warewolf.Studio.ViewModels\Warewolf.Studio.ViewModels.csproj : warning NU1701: Package 'Microsoft.Xaml.Behaviors.Wpf 1.1.122' was restored using '.NETFramework,Version=v4.6.1, .NETFramework,Version=v4.6.2, .NETFramework,Version=v4.7, .NETFramework,Version=v4.7.1, .NETFramework,Version=v4.7.2, .NETFramework,Version=v4.8, .NETFramework,Version=v4.8.1' instead of the project target framework 'net8.0'. This package may not be fully compatible with your project. [C:\Users\ultra\warewolf\Dev\Warewolf.Trigger.Queue.Tests\Warewolf.Trigger.Queue.Tests.csproj]
C:\Users\ultra\warewolf\Dev\Warewolf.Studio.ViewModels\Warewolf.Studio.ViewModels.csproj : warning NU1701: Package 'Prism.Wpf 9.0.537' was restored using '.NETFramework,Version=v4.6.1, .NETFramework,Version=v4.6.2, .NETFramework,Version=v4.7, .NETFramework,Version=v4.7.1, .NETFramework,Version=v4.7.2, .NETFramework,Version=v4.8, .NETFramework,Version=v4.8.1' instead of the project target framework 'net8.0'. This package may not be fully compatible with your project. [C:\Users\ultra\warewolf\Dev\Warewolf.Trigger.Queue.Tests\Warewolf.Trigger.Queue.Tests.csproj]
C:\Users\ultra\warewolf\Dev\Warewolf.Studio.ViewModels\Warewolf.Studio.ViewModels.csproj : warning NU1701: Package 'ReactiveUI.WPF 18.4.1' was restored using '.NETFramework,Version=v4.6.1, .NETFramework,Version=v4.6.2, .NETFramework,Version=v4.7, .NETFramework,Version=v4.7.1, .NETFramework,Version=v4.7.2, .NETFramework,Version=v4.8, .NETFramework,Version=v4.8.1' instead of the project target framework 'net8.0'. This package may not be fully compatible with your project. [C:\Users\ultra\warewolf\Dev\Warewolf.Trigger.Queue.Tests\Warewolf.Trigger.Queue.Tests.csproj]
C:\Users\ultra\warewolf\Dev\Warewolf.Studio.ViewModels\Warewolf.Studio.ViewModels.csproj : warning NU1701: Package 'TaskSchedulerEditor 2.10.1' was restored using '.NETFramework,Version=v4.6.1, .NETFramework,Version=v4.6.2, .NETFramework,Version=v4.7, .NETFramework,Version=v4.7.1, .NETFramework,Version=v4.7.2, .NETFramework,Version=v4.8, .NETFramework,Version=v4.8.1' instead of the project target framework 'net8.0'. This package may not be fully compatible with your project. [C:\Users\ultra\warewolf\Dev\Warewolf.Trigger.Queue.Tests\Warewolf.Trigger.Queue.Tests.csproj]
C:\Users\ultra\warewolf\Dev\Warewolf.Studio.Views\Warewolf.Studio.Views.csproj : warning NU1701: Package 'AeroWizard 2.3.1' was restored using '.NETFramework,Version=v4.6.1, .NETFramework,Version=v4.6.2, .NETFramework,Version=v4.7, .NETFramework,Version=v4.7.1, .NETFramework,Version=v4.7.2, .NETFramework,Version=v4.8, .NETFramework,Version=v4.8.1' instead of the project target framework 'net8.0'. This package may not be fully compatible with your project. [C:\Users\ultra\warewolf\Dev\Warewolf.Trigger.Queue.Tests\Warewolf.Trigger.Queue.Tests.csproj]
C:\Users\ultra\warewolf\Dev\Warewolf.Studio.Views\Warewolf.Studio.Views.csproj : warning NU1701: Package 'GroupControls 1.9.0' was restored using '.NETFramework,Version=v4.6.1, .NETFramework,Version=v4.6.2, .NETFramework,Version=v4.7, .NETFramework,Version=v4.7.1, .NETFramework,Version=v4.7.2, .NETFramework,Version=v4.8, .NETFramework,Version=v4.8.1' instead of the project target framework 'net8.0'. This package may not be fully compatible with your project. [C:\Users\ultra\warewolf\Dev\Warewolf.Trigger.Queue.Tests\Warewolf.Trigger.Queue.Tests.csproj]
C:\Users\ultra\warewolf\Dev\Warewolf.Studio.Views\Warewolf.Studio.Views.csproj : warning NU1701: Package 'Microsoft.Xaml.Behaviors.Wpf 1.1.122' was restored using '.NETFramework,Version=v4.6.1, .NETFramework,Version=v4.6.2, .NETFramework,Version=v4.7, .NETFramework,Version=v4.7.1, .NETFramework,Version=v4.7.2, .NETFramework,Version=v4.8, .NETFramework,Version=v4.8.1' instead of the project target framework 'net8.0'. This package may not be fully compatible with your project. [C:\Users\ultra\warewolf\Dev\Warewolf.Trigger.Queue.Tests\Warewolf.Trigger.Queue.Tests.csproj]
C:\Users\ultra\warewolf\Dev\Warewolf.Studio.Views\Warewolf.Studio.Views.csproj : warning NU1701: Package 'Prism.Wpf 9.0.537' was restored using '.NETFramework,Version=v4.6.1, .NETFramework,Version=v4.6.2, .NETFramework,Version=v4.7, .NETFramework,Version=v4.7.1, .NETFramework,Version=v4.7.2, .NETFramework,Version=v4.8, .NETFramework,Version=v4.8.1' instead of the project target framework 'net8.0'. This package may not be fully compatible with your project. [C:\Users\ultra\warewolf\Dev\Warewolf.Trigger.Queue.Tests\Warewolf.Trigger.Queue.Tests.csproj]
C:\Users\ultra\warewolf\Dev\Warewolf.Studio.Views\Warewolf.Studio.Views.csproj : warning NU1701: Package 'ReactiveUI.WPF 18.4.1' was restored using '.NETFramework,Version=v4.6.1, .NETFramework,Version=v4.6.2, .NETFramework,Version=v4.7, .NETFramework,Version=v4.7.1, .NETFramework,Version=v4.7.2, .NETFramework,Version=v4.8, .NETFramework,Version=v4.8.1' instead of the project target framework 'net8.0'. This package may not be fully compatible with your project. [C:\Users\ultra\warewolf\Dev\Warewolf.Trigger.Queue.Tests\Warewolf.Trigger.Queue.Tests.csproj]
C:\Users\ultra\warewolf\Dev\Warewolf.Studio.Views\Warewolf.Studio.Views.csproj : warning NU1701: Package 'TaskSchedulerEditor 2.10.1' was restored using '.NETFramework,Version=v4.6.1, .NETFramework,Version=v4.6.2, .NETFramework,Version=v4.7, .NETFramework,Version=v4.7.1, .NETFramework,Version=v4.7.2, .NETFramework,Version=v4.8, .NETFramework,Version=v4.8.1' instead of the project target framework 'net8.0'. This package may not be fully compatible with your project. [C:\Users\ultra\warewolf\Dev\Warewolf.Trigger.Queue.Tests\Warewolf.Trigger.Queue.Tests.csproj]
C:\Users\ultra\warewolf\Dev\Warewolf.Studio.Views\Warewolf.Studio.Views.csproj : warning NU1701: Package 'Unofficial.Microsoft.mshtml 7.0.3300' was restored using '.NETFramework,Version=v4.6.1, .NETFramework,Version=v4.6.2, .NETFramework,Version=v4.7, .NETFramework,Version=v4.7.1, .NETFramework,Version=v4.7.2, .NETFramework,Version=v4.8, .NETFramework,Version=v4.8.1' instead of the project target framework 'net8.0'. This package may not be fully compatible with your project. [C:\Users\ultra\warewolf\Dev\Warewolf.Trigger.Queue.Tests\Warewolf.Trigger.Queue.Tests.csproj]
C:\Users\ultra\warewolf\Dev\Warewolf.Studio.Models\Warewolf.Studio.Models.csproj : warning NU1701: Package 'AeroWizard 2.3.1' was restored using '.NETFramework,Version=v4.6.1, .NETFramework,Version=v4.6.2, .NETFramework,Version=v4.7, .NETFramework,Version=v4.7.1, .NETFramework,Version=v4.7.2, .NETFramework,Version=v4.8, .NETFramework,Version=v4.8.1' instead of the project target framework 'net8.0'. This package may not be fully compatible with your project. [C:\Users\ultra\warewolf\Dev\Warewolf.Trigger.Queue.Tests\Warewolf.Trigger.Queue.Tests.csproj]
C:\Users\ultra\warewolf\Dev\Warewolf.Studio.Models\Warewolf.Studio.Models.csproj : warning NU1701: Package 'GroupControls 1.9.0' was restored using '.NETFramework,Version=v4.6.1, .NETFramework,Version=v4.6.2, .NETFramework,Version=v4.7, .NETFramework,Version=v4.7.1, .NETFramework,Version=v4.7.2, .NETFramework,Version=v4.8, .NETFramework,Version=v4.8.1' instead of the project target framework 'net8.0'. This package may not be fully compatible with your project. [C:\Users\ultra\warewolf\Dev\Warewolf.Trigger.Queue.Tests\Warewolf.Trigger.Queue.Tests.csproj]
C:\Users\ultra\warewolf\Dev\Warewolf.Studio.Models\Warewolf.Studio.Models.csproj : warning NU1701: Package 'Microsoft.Xaml.Behaviors.Wpf 1.1.122' was restored using '.NETFramework,Version=v4.6.1, .NETFramework,Version=v4.6.2, .NETFramework,Version=v4.7, .NETFramework,Version=v4.7.1, .NETFramework,Version=v4.7.2, .NETFramework,Version=v4.8, .NETFramework,Version=v4.8.1' instead of the project target framework 'net8.0'. This package may not be fully compatible with your project. [C:\Users\ultra\warewolf\Dev\Warewolf.Trigger.Queue.Tests\Warewolf.Trigger.Queue.Tests.csproj]
C:\Users\ultra\warewolf\Dev\Warewolf.Studio.Models\Warewolf.Studio.Models.csproj : warning NU1701: Package 'Prism.Wpf 9.0.537' was restored using '.NETFramework,Version=v4.6.1, .NETFramework,Version=v4.6.2, .NETFramework,Version=v4.7, .NETFramework,Version=v4.7.1, .NETFramework,Version=v4.7.2, .NETFramework,Version=v4.8, .NETFramework,Version=v4.8.1' instead of the project target framework 'net8.0'. This package may not be fully compatible with your project. [C:\Users\ultra\warewolf\Dev\Warewolf.Trigger.Queue.Tests\Warewolf.Trigger.Queue.Tests.csproj]
C:\Users\ultra\warewolf\Dev\Warewolf.Studio.Models\Warewolf.Studio.Models.csproj : warning NU1701: Package 'ReactiveUI.WPF 18.4.1' was restored using '.NETFramework,Version=v4.6.1, .NETFramework,Version=v4.6.2, .NETFramework,Version=v4.7, .NETFramework,Version=v4.7.1, .NETFramework,Version=v4.7.2, .NETFramework,Version=v4.8, .NETFramework,Version=v4.8.1' instead of the project target framework 'net8.0'. This package may not be fully compatible with your project. [C:\Users\ultra\warewolf\Dev\Warewolf.Trigger.Queue.Tests\Warewolf.Trigger.Queue.Tests.csproj]
C:\Users\ultra\warewolf\Dev\Warewolf.Studio.Models\Warewolf.Studio.Models.csproj : warning NU1701: Package 'TaskSchedulerEditor 2.10.1' was restored using '.NETFramework,Version=v4.6.1, .NETFramework,Version=v4.6.2, .NETFramework,Version=v4.7, .NETFramework,Version=v4.7.1, .NETFramework,Version=v4.7.2, .NETFramework,Version=v4.8, .NETFramework,Version=v4.8.1' instead of the project target framework 'net8.0'. This package may not be fully compatible with your project. [C:\Users\ultra\warewolf\Dev\Warewolf.Trigger.Queue.Tests\Warewolf.Trigger.Queue.Tests.csproj]
C:\Users\ultra\warewolf\Dev\Warewolf.PerfMon\Warewolf.PerfMon.csproj : warning NU1701: Package 'AeroWizard 2.3.1' was restored using '.NETFramework,Version=v4.6.1, .NETFramework,Version=v4.6.2, .NETFramework,Version=v4.7, .NETFramework,Version=v4.7.1, .NETFramework,Version=v4.7.2, .NETFramework,Version=v4.8, .NETFramework,Version=v4.8.1' instead of the project target framework 'net8.0'. This package may not be fully compatible with your project. [C:\Users\ultra\warewolf\Dev\Warewolf.Trigger.Queue.Tests\Warewolf.Trigger.Queue.Tests.csproj]
C:\Users\ultra\warewolf\Dev\Warewolf.PerfMon\Warewolf.PerfMon.csproj : warning NU1701: Package 'GroupControls 1.9.0' was restored using '.NETFramework,Version=v4.6.1, .NETFramework,Version=v4.6.2, .NETFramework,Version=v4.7, .NETFramework,Version=v4.7.1, .NETFramework,Version=v4.7.2, .NETFramework,Version=v4.8, .NETFramework,Version=v4.8.1' instead of the project target framework 'net8.0'. This package may not be fully compatible with your project. [C:\Users\ultra\warewolf\Dev\Warewolf.Trigger.Queue.Tests\Warewolf.Trigger.Queue.Tests.csproj]
C:\Users\ultra\warewolf\Dev\Warewolf.PerfMon\Warewolf.PerfMon.csproj : warning NU1701: Package 'ReactiveUI.WPF 18.4.1' was restored using '.NETFramework,Version=v4.6.1, .NETFramework,Version=v4.6.2, .NETFramework,Version=v4.7, .NETFramework,Version=v4.7.1, .NETFramework,Version=v4.7.2, .NETFramework,Version=v4.8, .NETFramework,Version=v4.8.1' instead of the project target framework 'net8.0'. This package may not be fully compatible with your project. [C:\Users\ultra\warewolf\Dev\Warewolf.Trigger.Queue.Tests\Warewolf.Trigger.Queue.Tests.csproj]
C:\Users\ultra\warewolf\Dev\Warewolf.PerfMon\Warewolf.PerfMon.csproj : warning NU1701: Package 'TaskSchedulerEditor 2.10.1' was restored using '.NETFramework,Version=v4.6.1, .NETFramework,Version=v4.6.2, .NETFramework,Version=v4.7, .NETFramework,Version=v4.7.1, .NETFramework,Version=v4.7.2, .NETFramework,Version=v4.8, .NETFramework,Version=v4.8.1' instead of the project target framework 'net8.0'. This package may not be fully compatible with your project. [C:\Users\ultra\warewolf\Dev\Warewolf.Trigger.Queue.Tests\Warewolf.Trigger.Queue.Tests.csproj]
C:\Users\ultra\warewolf\Dev\Dev2.Diagnostics.Tests\Dev2.Diagnostics.Tests.csproj : warning NU1701: Package 'AeroWizard 2.3.1' was restored using '.NETFramework,Version=v4.6.1, .NETFramework,Version=v4.6.2, .NETFramework,Version=v4.7, .NETFramework,Version=v4.7.1, .NETFramework,Version=v4.7.2, .NETFramework,Version=v4.8, .NETFramework,Version=v4.8.1' instead of the project target framework 'net8.0'. This package may not be fully compatible with your project. [C:\Users\ultra\warewolf\Dev\Warewolf.Trigger.Queue.Tests\Warewolf.Trigger.Queue.Tests.csproj]
C:\Users\ultra\warewolf\Dev\Dev2.Diagnostics.Tests\Dev2.Diagnostics.Tests.csproj : warning NU1701: Package 'GroupControls 1.9.0' was restored using '.NETFramework,Version=v4.6.1, .NETFramework,Version=v4.6.2, .NETFramework,Version=v4.7, .NETFramework,Version=v4.7.1, .NETFramework,Version=v4.7.2, .NETFramework,Version=v4.8, .NETFramework,Version=v4.8.1' instead of the project target framework 'net8.0'. This package may not be fully compatible with your project. [C:\Users\ultra\warewolf\Dev\Warewolf.Trigger.Queue.Tests\Warewolf.Trigger.Queue.Tests.csproj]
C:\Users\ultra\warewolf\Dev\Dev2.Diagnostics.Tests\Dev2.Diagnostics.Tests.csproj : warning NU1701: Package 'Microsoft.Xaml.Behaviors.Wpf 1.1.122' was restored using '.NETFramework,Version=v4.6.1, .NETFramework,Version=v4.6.2, .NETFramework,Version=v4.7, .NETFramework,Version=v4.7.1, .NETFramework,Version=v4.7.2, .NETFramework,Version=v4.8, .NETFramework,Version=v4.8.1' instead of the project target framework 'net8.0'. This package may not be fully compatible with your project. [C:\Users\ultra\warewolf\Dev\Warewolf.Trigger.Queue.Tests\Warewolf.Trigger.Queue.Tests.csproj]
C:\Users\ultra\warewolf\Dev\Dev2.Diagnostics.Tests\Dev2.Diagnostics.Tests.csproj : warning NU1701: Package 'Prism.Wpf 9.0.537' was restored using '.NETFramework,Version=v4.6.1, .NETFramework,Version=v4.6.2, .NETFramework,Version=v4.7, .NETFramework,Version=v4.7.1, .NETFramework,Version=v4.7.2, .NETFramework,Version=v4.8, .NETFramework,Version=v4.8.1' instead of the project target framework 'net8.0'. This package may not be fully compatible with your project. [C:\Users\ultra\warewolf\Dev\Warewolf.Trigger.Queue.Tests\Warewolf.Trigger.Queue.Tests.csproj]
C:\Users\ultra\warewolf\Dev\Dev2.Diagnostics.Tests\Dev2.Diagnostics.Tests.csproj : warning NU1701: Package 'ReactiveUI.WPF 18.4.1' was restored using '.NETFramework,Version=v4.6.1, .NETFramework,Version=v4.6.2, .NETFramework,Version=v4.7, .NETFramework,Version=v4.7.1, .NETFramework,Version=v4.7.2, .NETFramework,Version=v4.8, .NETFramework,Version=v4.8.1' instead of the project target framework 'net8.0'. This package may not be fully compatible with your project. [C:\Users\ultra\warewolf\Dev\Warewolf.Trigger.Queue.Tests\Warewolf.Trigger.Queue.Tests.csproj]
C:\Users\ultra\warewolf\Dev\Dev2.Diagnostics.Tests\Dev2.Diagnostics.Tests.csproj : warning NU1701: Package 'TaskSchedulerEditor 2.10.1' was restored using '.NETFramework,Version=v4.6.1, .NETFramework,Version=v4.6.2, .NETFramework,Version=v4.7, .NETFramework,Version=v4.7.1, .NETFramework,Version=v4.7.2, .NETFramework,Version=v4.8, .NETFramework,Version=v4.8.1' instead of the project target framework 'net8.0'. This package may not be fully compatible with your project. [C:\Users\ultra\warewolf\Dev\Warewolf.Trigger.Queue.Tests\Warewolf.Trigger.Queue.Tests.csproj]
C:\Users\ultra\warewolf\Dev\Warewolf.QueueWorker\Warewolf.QueueWorker.csproj : warning NU1701: Package 'AeroWizard 2.3.1' was restored using '.NETFramework,Version=v4.6.1, .NETFramework,Version=v4.6.2, .NETFramework,Version=v4.7, .NETFramework,Version=v4.7.1, .NETFramework,Version=v4.7.2, .NETFramework,Version=v4.8, .NETFramework,Version=v4.8.1' instead of the project target framework 'net8.0'. This package may not be fully compatible with your project. [C:\Users\ultra\warewolf\Dev\Warewolf.Trigger.Queue.Tests\Warewolf.Trigger.Queue.Tests.csproj]
C:\Users\ultra\warewolf\Dev\Warewolf.QueueWorker\Warewolf.QueueWorker.csproj : warning NU1701: Package 'GroupControls 1.9.0' was restored using '.NETFramework,Version=v4.6.1, .NETFramework,Version=v4.6.2, .NETFramework,Version=v4.7, .NETFramework,Version=v4.7.1, .NETFramework,Version=v4.7.2, .NETFramework,Version=v4.8, .NETFramework,Version=v4.8.1' instead of the project target framework 'net8.0'. This package may not be fully compatible with your project. [C:\Users\ultra\warewolf\Dev\Warewolf.Trigger.Queue.Tests\Warewolf.Trigger.Queue.Tests.csproj]
C:\Users\ultra\warewolf\Dev\Warewolf.QueueWorker\Warewolf.QueueWorker.csproj : warning NU1701: Package 'Microsoft.Xaml.Behaviors.Wpf 1.1.122' was restored using '.NETFramework,Version=v4.6.1, .NETFramework,Version=v4.6.2, .NETFramework,Version=v4.7, .NETFramework,Version=v4.7.1, .NETFramework,Version=v4.7.2, .NETFramework,Version=v4.8, .NETFramework,Version=v4.8.1' instead of the project target framework 'net8.0'. This package may not be fully compatible with your project. [C:\Users\ultra\warewolf\Dev\Warewolf.Trigger.Queue.Tests\Warewolf.Trigger.Queue.Tests.csproj]
C:\Users\ultra\warewolf\Dev\Warewolf.QueueWorker\Warewolf.QueueWorker.csproj : warning NU1701: Package 'Prism.Wpf 9.0.537' was restored using '.NETFramework,Version=v4.6.1, .NETFramework,Version=v4.6.2, .NETFramework,Version=v4.7, .NETFramework,Version=v4.7.1, .NETFramework,Version=v4.7.2, .NETFramework,Version=v4.8, .NETFramework,Version=v4.8.1' instead of the project target framework 'net8.0'. This package may not be fully compatible with your project. [C:\Users\ultra\warewolf\Dev\Warewolf.Trigger.Queue.Tests\Warewolf.Trigger.Queue.Tests.csproj]
C:\Users\ultra\warewolf\Dev\Warewolf.QueueWorker\Warewolf.QueueWorker.csproj : warning NU1701: Package 'ReactiveUI.WPF 18.4.1' was restored using '.NETFramework,Version=v4.6.1, .NETFramework,Version=v4.6.2, .NETFramework,Version=v4.7, .NETFramework,Version=v4.7.1, .NETFramework,Version=v4.7.2, .NETFramework,Version=v4.8, .NETFramework,Version=v4.8.1' instead of the project target framework 'net8.0'. This package may not be fully compatible with your project. [C:\Users\ultra\warewolf\Dev\Warewolf.Trigger.Queue.Tests\Warewolf.Trigger.Queue.Tests.csproj]
C:\Users\ultra\warewolf\Dev\Warewolf.QueueWorker\Warewolf.QueueWorker.csproj : warning NU1701: Package 'TaskSchedulerEditor 2.10.1' was restored using '.NETFramework,Version=v4.6.1, .NETFramework,Version=v4.6.2, .NETFramework,Version=v4.7, .NETFramework,Version=v4.7.1, .NETFramework,Version=v4.7.2, .NETFramework,Version=v4.8, .NETFramework,Version=v4.8.1' instead of the project target framework 'net8.0'. This package may not be fully compatible with your project. [C:\Users\ultra\warewolf\Dev\Warewolf.Trigger.Queue.Tests\Warewolf.Trigger.Queue.Tests.csproj]
C:\Users\ultra\warewolf\Dev\Warewolf.Trigger.Queue.Tests\Warewolf.Trigger.Queue.Tests.csproj : warning NU1701: Package 'AeroWizard 2.3.1' was restored using '.NETFramework,Version=v4.6.1, .NETFramework,Version=v4.6.2, .NETFramework,Version=v4.7, .NETFramework,Version=v4.7.1, .NETFramework,Version=v4.7.2, .NETFramework,Version=v4.8, .NETFramework,Version=v4.8.1' instead of the project target framework 'net8.0'. This package may not be fully compatible with your project.
C:\Users\ultra\warewolf\Dev\Warewolf.Trigger.Queue.Tests\Warewolf.Trigger.Queue.Tests.csproj : warning NU1701: Package 'AvalonEdit 6.3.0.90' was restored using '.NETFramework,Version=v4.6.1, .NETFramework,Version=v4.6.2, .NETFramework,Version=v4.7, .NETFramework,Version=v4.7.1, .NETFramework,Version=v4.7.2, .NETFramework,Version=v4.8, .NETFramework,Version=v4.8.1' instead of the project target framework 'net8.0'. This package may not be fully compatible with your project.
C:\Users\ultra\warewolf\Dev\Warewolf.Trigger.Queue.Tests\Warewolf.Trigger.Queue.Tests.csproj : warning NU1701: Package 'CommonServiceLocator 1.2.0' was restored using '.NETFramework,Version=v4.6.1, .NETFramework,Version=v4.6.2, .NETFramework,Version=v4.7, .NETFramework,Version=v4.7.1, .NETFramework,Version=v4.7.2, .NETFramework,Version=v4.8, .NETFramework,Version=v4.8.1' instead of the project target framework 'net8.0'. This package may not be fully compatible with your project.
C:\Users\ultra\warewolf\Dev\Warewolf.Trigger.Queue.Tests\Warewolf.Trigger.Queue.Tests.csproj : warning NU1701: Package 'FontAwesome.WPF 4.7.0.9' was restored using '.NETFramework,Version=v4.6.1, .NETFramework,Version=v4.6.2, .NETFramework,Version=v4.7, .NETFramework,Version=v4.7.1, .NETFramework,Version=v4.7.2, .NETFramework,Version=v4.8, .NETFramework,Version=v4.8.1' instead of the project target framework 'net8.0'. This package may not be fully compatible with your project.
C:\Users\ultra\warewolf\Dev\Warewolf.Trigger.Queue.Tests\Warewolf.Trigger.Queue.Tests.csproj : warning NU1701: Package 'GroupControls 1.9.0' was restored using '.NETFramework,Version=v4.6.1, .NETFramework,Version=v4.6.2, .NETFramework,Version=v4.7, .NETFramework,Version=v4.7.1, .NETFramework,Version=v4.7.2, .NETFramework,Version=v4.8, .NETFramework,Version=v4.8.1' instead of the project target framework 'net8.0'. This package may not be fully compatible with your project.
C:\Users\ultra\warewolf\Dev\Warewolf.Trigger.Queue.Tests\Warewolf.Trigger.Queue.Tests.csproj : warning NU1701: Package 'Log4Net.Async 2.0.4' was restored using '.NETFramework,Version=v4.6.1, .NETFramework,Version=v4.6.2, .NETFramework,Version=v4.7, .NETFramework,Version=v4.7.1, .NETFramework,Version=v4.7.2, .NETFramework,Version=v4.8, .NETFramework,Version=v4.8.1' instead of the project target framework 'net8.0'. This package may not be fully compatible with your project.
C:\Users\ultra\warewolf\Dev\Warewolf.Trigger.Queue.Tests\Warewolf.Trigger.Queue.Tests.csproj : warning NU1701: Package 'Microsoft.Xaml.Behaviors.Wpf 1.1.122' was restored using '.NETFramework,Version=v4.6.1, .NETFramework,Version=v4.6.2, .NETFramework,Version=v4.7, .NETFramework,Version=v4.7.1, .NETFramework,Version=v4.7.2, .NETFramework,Version=v4.8, .NETFramework,Version=v4.8.1' instead of the project target framework 'net8.0'. This package may not be fully compatible with your project.
C:\Users\ultra\warewolf\Dev\Warewolf.Trigger.Queue.Tests\Warewolf.Trigger.Queue.Tests.csproj : warning NU1701: Package 'Prism.Composition 5.0.0' was restored using '.NETFramework,Version=v4.6.1, .NETFramework,Version=v4.6.2, .NETFramework,Version=v4.7, .NETFramework,Version=v4.7.1, .NETFramework,Version=v4.7.2, .NETFramework,Version=v4.8, .NETFramework,Version=v4.8.1' instead of the project target framework 'net8.0'. This package may not be fully compatible with your project.
C:\Users\ultra\warewolf\Dev\Warewolf.Trigger.Queue.Tests\Warewolf.Trigger.Queue.Tests.csproj : warning NU1701: Package 'Prism.Interactivity 5.0.0' was restored using '.NETFramework,Version=v4.6.1, .NETFramework,Version=v4.6.2, .NETFramework,Version=v4.7, .NETFramework,Version=v4.7.1, .NETFramework,Version=v4.7.2, .NETFramework,Version=v4.8, .NETFramework,Version=v4.8.1' instead of the project target framework 'net8.0'. This package may not be fully compatible with your project.
C:\Users\ultra\warewolf\Dev\Warewolf.Trigger.Queue.Tests\Warewolf.Trigger.Queue.Tests.csproj : warning NU1701: Package 'Prism.Mvvm 1.0.0' was restored using '.NETFramework,Version=v4.6.1, .NETFramework,Version=v4.6.2, .NETFramework,Version=v4.7, .NETFramework,Version=v4.7.1, .NETFramework,Version=v4.7.2, .NETFramework,Version=v4.8, .NETFramework,Version=v4.8.1' instead of the project target framework 'net8.0'. This package may not be fully compatible with your project.
C:\Users\ultra\warewolf\Dev\Warewolf.Trigger.Queue.Tests\Warewolf.Trigger.Queue.Tests.csproj : warning NU1701: Package 'Prism.PubSubEvents 1.0.0' was restored using '.NETFramework,Version=v4.6.1, .NETFramework,Version=v4.6.2, .NETFramework,Version=v4.7, .NETFramework,Version=v4.7.1, .NETFramework,Version=v4.7.2, .NETFramework,Version=v4.8, .NETFramework,Version=v4.8.1' instead of the project target framework 'net8.0'. This package may not be fully compatible with your project.
C:\Users\ultra\warewolf\Dev\Warewolf.Trigger.Queue.Tests\Warewolf.Trigger.Queue.Tests.csproj : warning NU1701: Package 'Prism.UnityExtensions 5.0.1' was restored using '.NETFramework,Version=v4.6.1, .NETFramework,Version=v4.6.2, .NETFramework,Version=v4.7, .NETFramework,Version=v4.7.1, .NETFramework,Version=v4.7.2, .NETFramework,Version=v4.8, .NETFramework,Version=v4.8.1' instead of the project target framework 'net8.0'. This package may not be fully compatible with your project.
C:\Users\ultra\warewolf\Dev\Warewolf.Trigger.Queue.Tests\Warewolf.Trigger.Queue.Tests.csproj : warning NU1701: Package 'Prism.Wpf 9.0.537' was restored using '.NETFramework,Version=v4.6.1, .NETFramework,Version=v4.6.2, .NETFramework,Version=v4.7, .NETFramework,Version=v4.7.1, .NETFramework,Version=v4.7.2, .NETFramework,Version=v4.8, .NETFramework,Version=v4.8.1' instead of the project target framework 'net8.0'. This package may not be fully compatible with your project.
C:\Users\ultra\warewolf\Dev\Warewolf.Trigger.Queue.Tests\Warewolf.Trigger.Queue.Tests.csproj : warning NU1701: Package 'ReactiveUI.WPF 18.4.1' was restored using '.NETFramework,Version=v4.6.1, .NETFramework,Version=v4.6.2, .NETFramework,Version=v4.7, .NETFramework,Version=v4.7.1, .NETFramework,Version=v4.7.2, .NETFramework,Version=v4.8, .NETFramework,Version=v4.8.1' instead of the project target framework 'net8.0'. This package may not be fully compatible with your project.
C:\Users\ultra\warewolf\Dev\Warewolf.Trigger.Queue.Tests\Warewolf.Trigger.Queue.Tests.csproj : warning NU1701: Package 'TaskSchedulerEditor 2.10.1' was restored using '.NETFramework,Version=v4.6.1, .NETFramework,Version=v4.6.2, .NETFramework,Version=v4.7, .NETFramework,Version=v4.7.1, .NETFramework,Version=v4.7.2, .NETFramework,Version=v4.8, .NETFramework,Version=v4.8.1' instead of the project target framework 'net8.0'. This package may not be fully compatible with your project.
C:\Users\ultra\warewolf\Dev\Warewolf.Trigger.Queue.Tests\Warewolf.Trigger.Queue.Tests.csproj : warning NU1701: Package 'Unofficial.Microsoft.mshtml 7.0.3300' was restored using '.NETFramework,Version=v4.6.1, .NETFramework,Version=v4.6.2, .NETFramework,Version=v4.7, .NETFramework,Version=v4.7.1, .NETFramework,Version=v4.7.2, .NETFramework,Version=v4.8, .NETFramework,Version=v4.8.1' instead of the project target framework 'net8.0'. This package may not be fully compatible with your project.
  Restored C:\Users\ultra\warewolf\Dev\Warewolf.Trigger.Queue.Tests\Warewolf.Trigger.Queue.Tests.csproj (in 685 ms).
  76 of 77 projects are up-to-date for restore.
C:\Users\ultra\warewolf\Dev\Warewolf.Trigger.Queue.Tests\Warewolf.Trigger.Queue.Tests.csproj : warning NU1701: Package 'AeroWizard 2.3.1' was restored using '.NETFramework,Version=v4.6.1, .NETFramework,Version=v4.6.2, .NETFramework,Version=v4.7, .NETFramework,Version=v4.7.1, .NETFramework,Version=v4.7.2, .NETFramework,Version=v4.8, .NETFramework,Version=v4.8.1' instead of the project target framework 'net8.0'. This package may not be fully compatible with your project.
C:\Users\ultra\warewolf\Dev\Warewolf.Trigger.Queue.Tests\Warewolf.Trigger.Queue.Tests.csproj : warning NU1701: Package 'AvalonEdit 6.3.0.90' was restored using '.NETFramework,Version=v4.6.1, .NETFramework,Version=v4.6.2, .NETFramework,Version=v4.7, .NETFramework,Version=v4.7.1, .NETFramework,Version=v4.7.2, .NETFramework,Version=v4.8, .NETFramework,Version=v4.8.1' instead of the project target framework 'net8.0'. This package may not be fully compatible with your project.
C:\Users\ultra\warewolf\Dev\Warewolf.Trigger.Queue.Tests\Warewolf.Trigger.Queue.Tests.csproj : warning NU1701: Package 'CommonServiceLocator 1.2.0' was restored using '.NETFramework,Version=v4.6.1, .NETFramework,Version=v4.6.2, .NETFramework,Version=v4.7, .NETFramework,Version=v4.7.1, .NETFramework,Version=v4.7.2, .NETFramework,Version=v4.8, .NETFramework,Version=v4.8.1' instead of the project target framework 'net8.0'. This package may not be fully compatible with your project.
C:\Users\ultra\warewolf\Dev\Warewolf.Trigger.Queue.Tests\Warewolf.Trigger.Queue.Tests.csproj : warning NU1701: Package 'FontAwesome.WPF 4.7.0.9' was restored using '.NETFramework,Version=v4.6.1, .NETFramework,Version=v4.6.2, .NETFramework,Version=v4.7, .NETFramework,Version=v4.7.1, .NETFramework,Version=v4.7.2, .NETFramework,Version=v4.8, .NETFramework,Version=v4.8.1' instead of the project target framework 'net8.0'. This package may not be fully compatible with your project.
C:\Users\ultra\warewolf\Dev\Warewolf.Trigger.Queue.Tests\Warewolf.Trigger.Queue.Tests.csproj : warning NU1701: Package 'GroupControls 1.9.0' was restored using '.NETFramework,Version=v4.6.1, .NETFramework,Version=v4.6.2, .NETFramework,Version=v4.7, .NETFramework,Version=v4.7.1, .NETFramework,Version=v4.7.2, .NETFramework,Version=v4.8, .NETFramework,Version=v4.8.1' instead of the project target framework 'net8.0'. This package may not be fully compatible with your project.
C:\Users\ultra\warewolf\Dev\Warewolf.Trigger.Queue.Tests\Warewolf.Trigger.Queue.Tests.csproj : warning NU1701: Package 'Log4Net.Async 2.0.4' was restored using '.NETFramework,Version=v4.6.1, .NETFramework,Version=v4.6.2, .NETFramework,Version=v4.7, .NETFramework,Version=v4.7.1, .NETFramework,Version=v4.7.2, .NETFramework,Version=v4.8, .NETFramework,Version=v4.8.1' instead of the project target framework 'net8.0'. This package may not be fully compatible with your project.
C:\Users\ultra\warewolf\Dev\Warewolf.Trigger.Queue.Tests\Warewolf.Trigger.Queue.Tests.csproj : warning NU1701: Package 'Microsoft.Xaml.Behaviors.Wpf 1.1.122' was restored using '.NETFramework,Version=v4.6.1, .NETFramework,Version=v4.6.2, .NETFramework,Version=v4.7, .NETFramework,Version=v4.7.1, .NETFramework,Version=v4.7.2, .NETFramework,Version=v4.8, .NETFramework,Version=v4.8.1' instead of the project target framework 'net8.0'. This package may not be fully compatible with your project.
C:\Users\ultra\warewolf\Dev\Warewolf.Trigger.Queue.Tests\Warewolf.Trigger.Queue.Tests.csproj : warning NU1701: Package 'Prism.Composition 5.0.0' was restored using '.NETFramework,Version=v4.6.1, .NETFramework,Version=v4.6.2, .NETFramework,Version=v4.7, .NETFramework,Version=v4.7.1, .NETFramework,Version=v4.7.2, .NETFramework,Version=v4.8, .NETFramework,Version=v4.8.1' instead of the project target framework 'net8.0'. This package may not be fully compatible with your project.
C:\Users\ultra\warewolf\Dev\Warewolf.Trigger.Queue.Tests\Warewolf.Trigger.Queue.Tests.csproj : warning NU1701: Package 'Prism.Interactivity 5.0.0' was restored using '.NETFramework,Version=v4.6.1, .NETFramework,Version=v4.6.2, .NETFramework,Version=v4.7, .NETFramework,Version=v4.7.1, .NETFramework,Version=v4.7.2, .NETFramework,Version=v4.8, .NETFramework,Version=v4.8.1' instead of the project target framework 'net8.0'. This package may not be fully compatible with your project.
C:\Users\ultra\warewolf\Dev\Warewolf.Trigger.Queue.Tests\Warewolf.Trigger.Queue.Tests.csproj : warning NU1701: Package 'Prism.Mvvm 1.0.0' was restored using '.NETFramework,Version=v4.6.1, .NETFramework,Version=v4.6.2, .NETFramework,Version=v4.7, .NETFramework,Version=v4.7.1, .NETFramework,Version=v4.7.2, .NETFramework,Version=v4.8, .NETFramework,Version=v4.8.1' instead of the project target framework 'net8.0'. This package may not be fully compatible with your project.
C:\Users\ultra\warewolf\Dev\Warewolf.Trigger.Queue.Tests\Warewolf.Trigger.Queue.Tests.csproj : warning NU1701: Package 'Prism.PubSubEvents 1.0.0' was restored using '.NETFramework,Version=v4.6.1, .NETFramework,Version=v4.6.2, .NETFramework,Version=v4.7, .NETFramework,Version=v4.7.1, .NETFramework,Version=v4.7.2, .NETFramework,Version=v4.8, .NETFramework,Version=v4.8.1' instead of the project target framework 'net8.0'. This package may not be fully compatible with your project.
C:\Users\ultra\warewolf\Dev\Warewolf.Trigger.Queue.Tests\Warewolf.Trigger.Queue.Tests.csproj : warning NU1701: Package 'Prism.UnityExtensions 5.0.1' was restored using '.NETFramework,Version=v4.6.1, .NETFramework,Version=v4.6.2, .NETFramework,Version=v4.7, .NETFramework,Version=v4.7.1, .NETFramework,Version=v4.7.2, .NETFramework,Version=v4.8, .NETFramework,Version=v4.8.1' instead of the project target framework 'net8.0'. This package may not be fully compatible with your project.
C:\Users\ultra\warewolf\Dev\Warewolf.Trigger.Queue.Tests\Warewolf.Trigger.Queue.Tests.csproj : warning NU1701: Package 'Prism.Wpf 9.0.537' was restored using '.NETFramework,Version=v4.6.1, .NETFramework,Version=v4.6.2, .NETFramework,Version=v4.7, .NETFramework,Version=v4.7.1, .NETFramework,Version=v4.7.2, .NETFramework,Version=v4.8, .NETFramework,Version=v4.8.1' instead of the project target framework 'net8.0'. This package may not be fully compatible with your project.
C:\Users\ultra\warewolf\Dev\Warewolf.Trigger.Queue.Tests\Warewolf.Trigger.Queue.Tests.csproj : warning NU1701: Package 'ReactiveUI.WPF 18.4.1' was restored using '.NETFramework,Version=v4.6.1, .NETFramework,Version=v4.6.2, .NETFramework,Version=v4.7, .NETFramework,Version=v4.7.1, .NETFramework,Version=v4.7.2, .NETFramework,Version=v4.8, .NETFramework,Version=v4.8.1' instead of the project target framework 'net8.0'. This package may not be fully compatible with your project.
C:\Users\ultra\warewolf\Dev\Warewolf.Trigger.Queue.Tests\Warewolf.Trigger.Queue.Tests.csproj : warning NU1701: Package 'TaskSchedulerEditor 2.10.1' was restored using '.NETFramework,Version=v4.6.1, .NETFramework,Version=v4.6.2, .NETFramework,Version=v4.7, .NETFramework,Version=v4.7.1, .NETFramework,Version=v4.7.2, .NETFramework,Version=v4.8, .NETFramework,Version=v4.8.1' instead of the project target framework 'net8.0'. This package may not be fully compatible with your project.
C:\Users\ultra\warewolf\Dev\Warewolf.Trigger.Queue.Tests\Warewolf.Trigger.Queue.Tests.csproj : warning NU1701: Package 'Unofficial.Microsoft.mshtml 7.0.3300' was restored using '.NETFramework,Version=v4.6.1, .NETFramework,Version=v4.6.2, .NETFramework,Version=v4.7, .NETFramework,Version=v4.7.1, .NETFramework,Version=v4.7.2, .NETFramework,Version=v4.8, .NETFramework,Version=v4.8.1' instead of the project target framework 'net8.0'. This package may not be fully compatible with your project.
C:\Users\ultra\warewolf\Dev\Dev2.Data.Interfaces\Dev2.Data.Interfaces.csproj : warning NU1903: Package 'DotNetZip' 1.16.0 has a known high severity vulnerability, https://github.com/advisories/GHSA-xhg6-9j5j-w4vf
C:\Users\ultra\warewolf\Dev\Dev2.Data.Interfaces\Dev2.Data.Interfaces.csproj : warning NU1701: Package 'AeroWizard 2.3.1' was restored using '.NETFramework,Version=v4.6.1, .NETFramework,Version=v4.6.2, .NETFramework,Version=v4.7, .NETFramework,Version=v4.7.1, .NETFramework,Version=v4.7.2, .NETFramework,Version=v4.8, .NETFramework,Version=v4.8.1' instead of the project target framework 'net8.0'. This package may not be fully compatible with your project.
C:\Users\ultra\warewolf\Dev\Dev2.Data.Interfaces\Dev2.Data.Interfaces.csproj : warning NU1701: Package 'GroupControls 1.9.0' was restored using '.NETFramework,Version=v4.6.1, .NETFramework,Version=v4.6.2, .NETFramework,Version=v4.7, .NETFramework,Version=v4.7.1, .NETFramework,Version=v4.7.2, .NETFramework,Version=v4.8, .NETFramework,Version=v4.8.1' instead of the project target framework 'net8.0'. This package may not be fully compatible with your project.
C:\Users\ultra\warewolf\Dev\Dev2.Data.Interfaces\Dev2.Data.Interfaces.csproj : warning NU1701: Package 'TaskSchedulerEditor 2.10.1' was restored using '.NETFramework,Version=v4.6.1, .NETFramework,Version=v4.6.2, .NETFramework,Version=v4.7, .NETFramework,Version=v4.7.1, .NETFramework,Version=v4.7.2, .NETFramework,Version=v4.8, .NETFramework,Version=v4.8.1' instead of the project target framework 'net8.0'. This package may not be fully compatible with your project.
C:\Program Files\dotnet\sdk\10.0.201\Sdks\Microsoft.NET.Sdk\targets\Microsoft.NET.Sdk.DefaultItems.targets(162,5): warning NETSDK1137: It is no longer necessary to use the Microsoft.NET.Sdk.WindowsDesktop SDK. Consider changing the Sdk attribute of the root Project element to 'Microsoft.NET.Sdk'. [C:\Users\ultra\warewolf\Dev\Dev2.Activities.Designers\Dev2.Activities.Designers.csproj]
C:\Program Files\dotnet\sdk\10.0.201\Sdks\Microsoft.NET.Sdk.WindowsDesktop\targets\Microsoft.NET.Sdk.WindowsDesktop.targets(138,5): warning NETSDK1106: Microsoft.NET.Sdk.WindowsDesktop requires 'UseWpf' or 'UseWindowsForms' to be set to 'true' [C:\Users\ultra\warewolf\Dev\Dev2.Activities.Designers\Dev2.Activities.Designers.csproj]
C:\Users\ultra\warewolf\Dev\Dev2.Common.Interfaces\Dev2.Common.Interfaces.csproj : warning NU1903: Package 'Microsoft.Windows.Compatibility' 6.0.0 has a known high severity vulnerability, https://github.com/advisories/GHSA-555c-2p6r-68mm
C:\Users\ultra\warewolf\Dev\Dev2.Common.Interfaces\Dev2.Common.Interfaces.csproj : warning NU1701: Package 'AeroWizard 2.3.1' was restored using '.NETFramework,Version=v4.6.1, .NETFramework,Version=v4.6.2, .NETFramework,Version=v4.7, .NETFramework,Version=v4.7.1, .NETFramework,Version=v4.7.2, .NETFramework,Version=v4.8, .NETFramework,Version=v4.8.1' instead of the project target framework 'net8.0'. This package may not be fully compatible with your project.
C:\Users\ultra\warewolf\Dev\Dev2.Common.Interfaces\Dev2.Common.Interfaces.csproj : warning NU1701: Package 'GroupControls 1.9.0' was restored using '.NETFramework,Version=v4.6.1, .NETFramework,Version=v4.6.2, .NETFramework,Version=v4.7, .NETFramework,Version=v4.7.1, .NETFramework,Version=v4.7.2, .NETFramework,Version=v4.8, .NETFramework,Version=v4.8.1' instead of the project target framework 'net8.0'. This package may not be fully compatible with your project.
C:\Users\ultra\warewolf\Dev\Dev2.Common.Interfaces\Dev2.Common.Interfaces.csproj : warning NU1701: Package 'TaskSchedulerEditor 2.10.1' was restored using '.NETFramework,Version=v4.6.1, .NETFramework,Version=v4.6.2, .NETFramework,Version=v4.7, .NETFramework,Version=v4.7.1, .NETFramework,Version=v4.7.2, .NETFramework,Version=v4.8, .NETFramework,Version=v4.8.1' instead of the project target framework 'net8.0'. This package may not be fully compatible with your project.
C:\Users\ultra\warewolf\Dev\Dev2.Studio.Interfaces\Dev2.Studio.Interfaces.csproj : warning NU1701: Package 'AeroWizard 2.3.1' was restored using '.NETFramework,Version=v4.6.1, .NETFramework,Version=v4.6.2, .NETFramework,Version=v4.7, .NETFramework,Version=v4.7.1, .NETFramework,Version=v4.7.2, .NETFramework,Version=v4.8, .NETFramework,Version=v4.8.1' instead of the project target framework 'net8.0'. This package may not be fully compatible with your project.
C:\Users\ultra\warewolf\Dev\Dev2.Studio.Interfaces\Dev2.Studio.Interfaces.csproj : warning NU1701: Package 'GroupControls 1.9.0' was restored using '.NETFramework,Version=v4.6.1, .NETFramework,Version=v4.6.2, .NETFramework,Version=v4.7, .NETFramework,Version=v4.7.1, .NETFramework,Version=v4.7.2, .NETFramework,Version=v4.8, .NETFramework,Version=v4.8.1' instead of the project target framework 'net8.0'. This package may not be fully compatible with your project.
C:\Users\ultra\warewolf\Dev\Dev2.Studio.Interfaces\Dev2.Studio.Interfaces.csproj : warning NU1701: Package 'Microsoft.Xaml.Behaviors.Wpf 1.1.122' was restored using '.NETFramework,Version=v4.6.1, .NETFramework,Version=v4.6.2, .NETFramework,Version=v4.7, .NETFramework,Version=v4.7.1, .NETFramework,Version=v4.7.2, .NETFramework,Version=v4.8, .NETFramework,Version=v4.8.1' instead of the project target framework 'net8.0'. This package may not be fully compatible with your project.
C:\Users\ultra\warewolf\Dev\Dev2.Studio.Interfaces\Dev2.Studio.Interfaces.csproj : warning NU1701: Package 'Prism.Wpf 9.0.537' was restored using '.NETFramework,Version=v4.6.1, .NETFramework,Version=v4.6.2, .NETFramework,Version=v4.7, .NETFramework,Version=v4.7.1, .NETFramework,Version=v4.7.2, .NETFramework,Version=v4.8, .NETFramework,Version=v4.8.1' instead of the project target framework 'net8.0'. This package may not be fully compatible with your project.
C:\Users\ultra\warewolf\Dev\Dev2.Studio.Interfaces\Dev2.Studio.Interfaces.csproj : warning NU1701: Package 'ReactiveUI.WPF 18.4.1' was restored using '.NETFramework,Version=v4.6.1, .NETFramework,Version=v4.6.2, .NETFramework,Version=v4.7, .NETFramework,Version=v4.7.1, .NETFramework,Version=v4.7.2, .NETFramework,Version=v4.8, .NETFramework,Version=v4.8.1' instead of the project target framework 'net8.0'. This package may not be fully compatible with your project.
C:\Users\ultra\warewolf\Dev\Dev2.Studio.Interfaces\Dev2.Studio.Interfaces.csproj : warning NU1701: Package 'TaskSchedulerEditor 2.10.1' was restored using '.NETFramework,Version=v4.6.1, .NETFramework,Version=v4.6.2, .NETFramework,Version=v4.7, .NETFramework,Version=v4.7.1, .NETFramework,Version=v4.7.2, .NETFramework,Version=v4.8, .NETFramework,Version=v4.8.1' instead of the project target framework 'net8.0'. This package may not be fully compatible with your project.
C:\Users\ultra\warewolf\Dev\Warewolf.Trigger.Queue\Warewolf.Trigger.Queue.csproj : warning NU1701: Package 'AeroWizard 2.3.1' was restored using '.NETFramework,Version=v4.6.1, .NETFramework,Version=v4.6.2, .NETFramework,Version=v4.7, .NETFramework,Version=v4.7.1, .NETFramework,Version=v4.7.2, .NETFramework,Version=v4.8, .NETFramework,Version=v4.8.1' instead of the project target framework 'net8.0'. This package may not be fully compatible with your project.
C:\Users\ultra\warewolf\Dev\Warewolf.Trigger.Queue\Warewolf.Trigger.Queue.csproj : warning NU1701: Package 'GroupControls 1.9.0' was restored using '.NETFramework,Version=v4.6.1, .NETFramework,Version=v4.6.2, .NETFramework,Version=v4.7, .NETFramework,Version=v4.7.1, .NETFramework,Version=v4.7.2, .NETFramework,Version=v4.8, .NETFramework,Version=v4.8.1' instead of the project target framework 'net8.0'. This package may not be fully compatible with your project.
C:\Users\ultra\warewolf\Dev\Warewolf.Trigger.Queue\Warewolf.Trigger.Queue.csproj : warning NU1701: Package 'Microsoft.Xaml.Behaviors.Wpf 1.1.122' was restored using '.NETFramework,Version=v4.6.1, .NETFramework,Version=v4.6.2, .NETFramework,Version=v4.7, .NETFramework,Version=v4.7.1, .NETFramework,Version=v4.7.2, .NETFramework,Version=v4.8, .NETFramework,Version=v4.8.1' instead of the project target framework 'net8.0'. This package may not be fully compatible with your project.
C:\Users\ultra\warewolf\Dev\Warewolf.Trigger.Queue\Warewolf.Trigger.Queue.csproj : warning NU1701: Package 'Prism.Wpf 9.0.537' was restored using '.NETFramework,Version=v4.6.1, .NETFramework,Version=v4.6.2, .NETFramework,Version=v4.7, .NETFramework,Version=v4.7.1, .NETFramework,Version=v4.7.2, .NETFramework,Version=v4.8, .NETFramework,Version=v4.8.1' instead of the project target framework 'net8.0'. This package may not be fully compatible with your project.
C:\Users\ultra\warewolf\Dev\Warewolf.Trigger.Queue\Warewolf.Trigger.Queue.csproj : warning NU1701: Package 'ReactiveUI.WPF 18.4.1' was restored using '.NETFramework,Version=v4.6.1, .NETFramework,Version=v4.6.2, .NETFramework,Version=v4.7, .NETFramework,Version=v4.7.1, .NETFramework,Version=v4.7.2, .NETFramework,Version=v4.8, .NETFramework,Version=v4.8.1' instead of the project target framework 'net8.0'. This package may not be fully compatible with your project.
C:\Users\ultra\warewolf\Dev\Warewolf.Trigger.Queue\Warewolf.Trigger.Queue.csproj : warning NU1701: Package 'TaskSchedulerEditor 2.10.1' was restored using '.NETFramework,Version=v4.6.1, .NETFramework,Version=v4.6.2, .NETFramework,Version=v4.7, .NETFramework,Version=v4.7.1, .NETFramework,Version=v4.7.2, .NETFramework,Version=v4.8, .NETFramework,Version=v4.8.1' instead of the project target framework 'net8.0'. This package may not be fully compatible with your project.
C:\Users\ultra\warewolf\Dev\Dev2.Activities.Designers\Dev2.Activities.Designers.csproj : warning NU1701: Package 'AeroWizard 2.3.1' was restored using '.NETFramework,Version=v4.6.1, .NETFramework,Version=v4.6.2, .NETFramework,Version=v4.7, .NETFramework,Version=v4.7.1, .NETFramework,Version=v4.7.2, .NETFramework,Version=v4.8, .NETFramework,Version=v4.8.1' instead of the project target framework 'net8.0'. This package may not be fully compatible with your project.
C:\Users\ultra\warewolf\Dev\Dev2.Activities.Designers\Dev2.Activities.Designers.csproj : warning NU1701: Package 'GroupControls 1.9.0' was restored using '.NETFramework,Version=v4.6.1, .NETFramework,Version=v4.6.2, .NETFramework,Version=v4.7, .NETFramework,Version=v4.7.1, .NETFramework,Version=v4.7.2, .NETFramework,Version=v4.8, .NETFramework,Version=v4.8.1' instead of the project target framework 'net8.0'. This package may not be fully compatible with your project.
C:\Users\ultra\warewolf\Dev\Dev2.Activities.Designers\Dev2.Activities.Designers.csproj : warning NU1701: Package 'Microsoft.Xaml.Behaviors.Wpf 1.1.122' was restored using '.NETFramework,Version=v4.6.1, .NETFramework,Version=v4.6.2, .NETFramework,Version=v4.7, .NETFramework,Version=v4.7.1, .NETFramework,Version=v4.7.2, .NETFramework,Version=v4.8, .NETFramework,Version=v4.8.1' instead of the project target framework 'net8.0'. This package may not be fully compatible with your project.
C:\Users\ultra\warewolf\Dev\Dev2.Activities.Designers\Dev2.Activities.Designers.csproj : warning NU1701: Package 'Prism.Wpf 9.0.537' was restored using '.NETFramework,Version=v4.6.1, .NETFramework,Version=v4.6.2, .NETFramework,Version=v4.7, .NETFramework,Version=v4.7.1, .NETFramework,Version=v4.7.2, .NETFramework,Version=v4.8, .NETFramework,Version=v4.8.1' instead of the project target framework 'net8.0'. This package may not be fully compatible with your project.
C:\Users\ultra\warewolf\Dev\Dev2.Activities.Designers\Dev2.Activities.Designers.csproj : warning NU1701: Package 'ReactiveUI.WPF 18.4.1' was restored using '.NETFramework,Version=v4.6.1, .NETFramework,Version=v4.6.2, .NETFramework,Version=v4.7, .NETFramework,Version=v4.7.1, .NETFramework,Version=v4.7.2, .NETFramework,Version=v4.8, .NETFramework,Version=v4.8.1' instead of the project target framework 'net8.0'. This package may not be fully compatible with your project.
C:\Users\ultra\warewolf\Dev\Dev2.Activities.Designers\Dev2.Activities.Designers.csproj : warning NU1701: Package 'TaskSchedulerEditor 2.10.1' was restored using '.NETFramework,Version=v4.6.1, .NETFramework,Version=v4.6.2, .NETFramework,Version=v4.7, .NETFramework,Version=v4.7.1, .NETFramework,Version=v4.7.2, .NETFramework,Version=v4.8, .NETFramework,Version=v4.8.1' instead of the project target framework 'net8.0'. This package may not be fully compatible with your project.
C:\Users\ultra\warewolf\Dev\Dev2.Activities\Dev2.Activities.csproj : warning NU1903: Package 'Microsoft.Windows.Compatibility' 6.0.0 has a known high severity vulnerability, https://github.com/advisories/GHSA-555c-2p6r-68mm
C:\Users\ultra\warewolf\Dev\Dev2.Activities\Dev2.Activities.csproj : warning NU1701: Package 'AeroWizard 2.3.1' was restored using '.NETFramework,Version=v4.6.1, .NETFramework,Version=v4.6.2, .NETFramework,Version=v4.7, .NETFramework,Version=v4.7.1, .NETFramework,Version=v4.7.2, .NETFramework,Version=v4.8, .NETFramework,Version=v4.8.1' instead of the project target framework 'net8.0'. This package may not be fully compatible with your project.
C:\Users\ultra\warewolf\Dev\Dev2.Activities\Dev2.Activities.csproj : warning NU1701: Package 'GroupControls 1.9.0' was restored using '.NETFramework,Version=v4.6.1, .NETFramework,Version=v4.6.2, .NETFramework,Version=v4.7, .NETFramework,Version=v4.7.1, .NETFramework,Version=v4.7.2, .NETFramework,Version=v4.8, .NETFramework,Version=v4.8.1' instead of the project target framework 'net8.0'. This package may not be fully compatible with your project.
C:\Users\ultra\warewolf\Dev\Dev2.Activities\Dev2.Activities.csproj : warning NU1701: Package 'ReactiveUI.WPF 18.4.1' was restored using '.NETFramework,Version=v4.6.1, .NETFramework,Version=v4.6.2, .NETFramework,Version=v4.7, .NETFramework,Version=v4.7.1, .NETFramework,Version=v4.7.2, .NETFramework,Version=v4.8, .NETFramework,Version=v4.8.1' instead of the project target framework 'net8.0'. This package may not be fully compatible with your project.
C:\Users\ultra\warewolf\Dev\Dev2.Activities\Dev2.Activities.csproj : warning NU1701: Package 'TaskSchedulerEditor 2.10.1' was restored using '.NETFramework,Version=v4.6.1, .NETFramework,Version=v4.6.2, .NETFramework,Version=v4.7, .NETFramework,Version=v4.7.1, .NETFramework,Version=v4.7.2, .NETFramework,Version=v4.8, .NETFramework,Version=v4.8.1' instead of the project target framework 'net8.0'. This package may not be fully compatible with your project.
C:\Users\ultra\warewolf\Dev\Dev2.Studio.Core.Tests\Dev2.Studio.Core.Tests.csproj : warning NU1701: Package 'AeroWizard 2.3.1' was restored using '.NETFramework,Version=v4.6.1, .NETFramework,Version=v4.6.2, .NETFramework,Version=v4.7, .NETFramework,Version=v4.7.1, .NETFramework,Version=v4.7.2, .NETFramework,Version=v4.8, .NETFramework,Version=v4.8.1' instead of the project target framework 'net8.0'. This package may not be fully compatible with your project.
C:\Users\ultra\warewolf\Dev\Dev2.Studio.Core.Tests\Dev2.Studio.Core.Tests.csproj : warning NU1701: Package 'AvalonEdit 6.3.0.90' was restored using '.NETFramework,Version=v4.6.1, .NETFramework,Version=v4.6.2, .NETFramework,Version=v4.7, .NETFramework,Version=v4.7.1, .NETFramework,Version=v4.7.2, .NETFramework,Version=v4.8, .NETFramework,Version=v4.8.1' instead of the project target framework 'net8.0'. This package may not be fully compatible with your project.
C:\Users\ultra\warewolf\Dev\Dev2.Studio.Core.Tests\Dev2.Studio.Core.Tests.csproj : warning NU1701: Package 'CommonServiceLocator 1.2.0' was restored using '.NETFramework,Version=v4.6.1, .NETFramework,Version=v4.6.2, .NETFramework,Version=v4.7, .NETFramework,Version=v4.7.1, .NETFramework,Version=v4.7.2, .NETFramework,Version=v4.8, .NETFramework,Version=v4.8.1' instead of the project target framework 'net8.0'. This package may not be fully compatible with your project.
C:\Users\ultra\warewolf\Dev\Dev2.Studio.Core.Tests\Dev2.Studio.Core.Tests.csproj : warning NU1701: Package 'FontAwesome.WPF 4.7.0.9' was restored using '.NETFramework,Version=v4.6.1, .NETFramework,Version=v4.6.2, .NETFramework,Version=v4.7, .NETFramework,Version=v4.7.1, .NETFramework,Version=v4.7.2, .NETFramework,Version=v4.8, .NETFramework,Version=v4.8.1' instead of the project target framework 'net8.0'. This package may not be fully compatible with your project.
C:\Users\ultra\warewolf\Dev\Dev2.Studio.Core.Tests\Dev2.Studio.Core.Tests.csproj : warning NU1701: Package 'GroupControls 1.9.0' was restored using '.NETFramework,Version=v4.6.1, .NETFramework,Version=v4.6.2, .NETFramework,Version=v4.7, .NETFramework,Version=v4.7.1, .NETFramework,Version=v4.7.2, .NETFramework,Version=v4.8, .NETFramework,Version=v4.8.1' instead of the project target framework 'net8.0'. This package may not be fully compatible with your project.
C:\Users\ultra\warewolf\Dev\Dev2.Studio.Core.Tests\Dev2.Studio.Core.Tests.csproj : warning NU1701: Package 'Log4Net.Async 2.0.4' was restored using '.NETFramework,Version=v4.6.1, .NETFramework,Version=v4.6.2, .NETFramework,Version=v4.7, .NETFramework,Version=v4.7.1, .NETFramework,Version=v4.7.2, .NETFramework,Version=v4.8, .NETFramework,Version=v4.8.1' instead of the project target framework 'net8.0'. This package may not be fully compatible with your project.
C:\Users\ultra\warewolf\Dev\Dev2.Studio.Core.Tests\Dev2.Studio.Core.Tests.csproj : warning NU1701: Package 'Microsoft.Xaml.Behaviors.Wpf 1.1.122' was restored using '.NETFramework,Version=v4.6.1, .NETFramework,Version=v4.6.2, .NETFramework,Version=v4.7, .NETFramework,Version=v4.7.1, .NETFramework,Version=v4.7.2, .NETFramework,Version=v4.8, .NETFramework,Version=v4.8.1' instead of the project target framework 'net8.0'. This package may not be fully compatible with your project.
C:\Users\ultra\warewolf\Dev\Dev2.Studio.Core.Tests\Dev2.Studio.Core.Tests.csproj : warning NU1701: Package 'Prism.Composition 5.0.0' was restored using '.NETFramework,Version=v4.6.1, .NETFramework,Version=v4.6.2, .NETFramework,Version=v4.7, .NETFramework,Version=v4.7.1, .NETFramework,Version=v4.7.2, .NETFramework,Version=v4.8, .NETFramework,Version=v4.8.1' instead of the project target framework 'net8.0'. This package may not be fully compatible with your project.
C:\Users\ultra\warewolf\Dev\Dev2.Studio.Core.Tests\Dev2.Studio.Core.Tests.csproj : warning NU1701: Package 'Prism.Interactivity 5.0.0' was restored using '.NETFramework,Version=v4.6.1, .NETFramework,Version=v4.6.2, .NETFramework,Version=v4.7, .NETFramework,Version=v4.7.1, .NETFramework,Version=v4.7.2, .NETFramework,Version=v4.8, .NETFramework,Version=v4.8.1' instead of the project target framework 'net8.0'. This package may not be fully compatible with your project.
C:\Users\ultra\warewolf\Dev\Dev2.Studio.Core.Tests\Dev2.Studio.Core.Tests.csproj : warning NU1701: Package 'Prism.Mvvm 1.0.0' was restored using '.NETFramework,Version=v4.6.1, .NETFramework,Version=v4.6.2, .NETFramework,Version=v4.7, .NETFramework,Version=v4.7.1, .NETFramework,Version=v4.7.2, .NETFramework,Version=v4.8, .NETFramework,Version=v4.8.1' instead of the project target framework 'net8.0'. This package may not be fully compatible with your project.
C:\Users\ultra\warewolf\Dev\Dev2.Studio.Core.Tests\Dev2.Studio.Core.Tests.csproj : warning NU1701: Package 'Prism.PubSubEvents 1.0.0' was restored using '.NETFramework,Version=v4.6.1, .NETFramework,Version=v4.6.2, .NETFramework,Version=v4.7, .NETFramework,Version=v4.7.1, .NETFramework,Version=v4.7.2, .NETFramework,Version=v4.8, .NETFramework,Version=v4.8.1' instead of the project target framework 'net8.0'. This package may not be fully compatible with your project.
C:\Users\ultra\warewolf\Dev\Dev2.Studio.Core.Tests\Dev2.Studio.Core.Tests.csproj : warning NU1701: Package 'Prism.UnityExtensions 5.0.1' was restored using '.NETFramework,Version=v4.6.1, .NETFramework,Version=v4.6.2, .NETFramework,Version=v4.7, .NETFramework,Version=v4.7.1, .NETFramework,Version=v4.7.2, .NETFramework,Version=v4.8, .NETFramework,Version=v4.8.1' instead of the project target framework 'net8.0'. This package may not be fully compatible with your project.
C:\Users\ultra\warewolf\Dev\Dev2.Studio.Core.Tests\Dev2.Studio.Core.Tests.csproj : warning NU1701: Package 'Prism.Wpf 9.0.537' was restored using '.NETFramework,Version=v4.6.1, .NETFramework,Version=v4.6.2, .NETFramework,Version=v4.7, .NETFramework,Version=v4.7.1, .NETFramework,Version=v4.7.2, .NETFramework,Version=v4.8, .NETFramework,Version=v4.8.1' instead of the project target framework 'net8.0'. This package may not be fully compatible with your project.
C:\Users\ultra\warewolf\Dev\Dev2.Studio.Core.Tests\Dev2.Studio.Core.Tests.csproj : warning NU1701: Package 'ReactiveUI.WPF 18.4.1' was restored using '.NETFramework,Version=v4.6.1, .NETFramework,Version=v4.6.2, .NETFramework,Version=v4.7, .NETFramework,Version=v4.7.1, .NETFramework,Version=v4.7.2, .NETFramework,Version=v4.8, .NETFramework,Version=v4.8.1' instead of the project target framework 'net8.0'. This package may not be fully compatible with your project.
C:\Users\ultra\warewolf\Dev\Dev2.Studio.Core.Tests\Dev2.Studio.Core.Tests.csproj : warning NU1701: Package 'TaskSchedulerEditor 2.10.1' was restored using '.NETFramework,Version=v4.6.1, .NETFramework,Version=v4.6.2, .NETFramework,Version=v4.7, .NETFramework,Version=v4.7.1, .NETFramework,Version=v4.7.2, .NETFramework,Version=v4.8, .NETFramework,Version=v4.8.1' instead of the project target framework 'net8.0'. This package may not be fully compatible with your project.
C:\Users\ultra\warewolf\Dev\Dev2.Studio.Core.Tests\Dev2.Studio.Core.Tests.csproj : warning NU1701: Package 'Unofficial.Microsoft.mshtml 7.0.3300' was restored using '.NETFramework,Version=v4.6.1, .NETFramework,Version=v4.6.2, .NETFramework,Version=v4.7, .NETFramework,Version=v4.7.1, .NETFramework,Version=v4.7.2, .NETFramework,Version=v4.8, .NETFramework,Version=v4.8.1' instead of the project target framework 'net8.0'. This package may not be fully compatible with your project.
C:\Program Files\dotnet\sdk\10.0.201\Sdks\Microsoft.NET.Sdk\targets\Microsoft.NET.Sdk.DefaultItems.targets(162,5): warning NETSDK1137: It is no longer necessary to use the Microsoft.NET.Sdk.WindowsDesktop SDK. Consider changing the Sdk attribute of the root Project element to 'Microsoft.NET.Sdk'. [C:\Users\ultra\warewolf\Dev\Dev2.CustomControls\Dev2.CustomControls.csproj]
C:\Program Files\dotnet\sdk\10.0.201\Sdks\Microsoft.NET.Sdk.WindowsDesktop\targets\Microsoft.NET.Sdk.WindowsDesktop.targets(138,5): warning NETSDK1106: Microsoft.NET.Sdk.WindowsDesktop requires 'UseWpf' or 'UseWindowsForms' to be set to 'true' [C:\Users\ultra\warewolf\Dev\Dev2.CustomControls\Dev2.CustomControls.csproj]
C:\Users\ultra\warewolf\Dev\Dev2.Common\Dev2.Common.csproj : warning NU1903: Package 'Microsoft.Windows.Compatibility' 6.0.0 has a known high severity vulnerability, https://github.com/advisories/GHSA-555c-2p6r-68mm
C:\Users\ultra\warewolf\Dev\Dev2.Common\Dev2.Common.csproj : warning NU1701: Package 'AeroWizard 2.3.1' was restored using '.NETFramework,Version=v4.6.1, .NETFramework,Version=v4.6.2, .NETFramework,Version=v4.7, .NETFramework,Version=v4.7.1, .NETFramework,Version=v4.7.2, .NETFramework,Version=v4.8, .NETFramework,Version=v4.8.1' instead of the project target framework 'net8.0'. This package may not be fully compatible with your project.
C:\Users\ultra\warewolf\Dev\Dev2.Common\Dev2.Common.csproj : warning NU1701: Package 'GroupControls 1.9.0' was restored using '.NETFramework,Version=v4.6.1, .NETFramework,Version=v4.6.2, .NETFramework,Version=v4.7, .NETFramework,Version=v4.7.1, .NETFramework,Version=v4.7.2, .NETFramework,Version=v4.8, .NETFramework,Version=v4.8.1' instead of the project target framework 'net8.0'. This package may not be fully compatible with your project.
C:\Users\ultra\warewolf\Dev\Dev2.Common\Dev2.Common.csproj : warning NU1701: Package 'TaskSchedulerEditor 2.10.1' was restored using '.NETFramework,Version=v4.6.1, .NETFramework,Version=v4.6.2, .NETFramework,Version=v4.7, .NETFramework,Version=v4.7.1, .NETFramework,Version=v4.7.2, .NETFramework,Version=v4.8, .NETFramework,Version=v4.8.1' instead of the project target framework 'net8.0'. This package may not be fully compatible with your project.
C:\Users\ultra\warewolf\Dev\Dev2.CustomControls\Dev2.CustomControls.csproj : warning NU1903: Package 'Microsoft.Windows.Compatibility' 6.0.0 has a known high severity vulnerability, https://github.com/advisories/GHSA-555c-2p6r-68mm
C:\Users\ultra\warewolf\Dev\Dev2.CustomControls\Dev2.CustomControls.csproj : warning NU1701: Package 'AeroWizard 2.3.1' was restored using '.NETFramework,Version=v4.6.1, .NETFramework,Version=v4.6.2, .NETFramework,Version=v4.7, .NETFramework,Version=v4.7.1, .NETFramework,Version=v4.7.2, .NETFramework,Version=v4.8, .NETFramework,Version=v4.8.1' instead of the project target framework 'net8.0'. This package may not be fully compatible with your project.
C:\Users\ultra\warewolf\Dev\Dev2.CustomControls\Dev2.CustomControls.csproj : warning NU1701: Package 'GroupControls 1.9.0' was restored using '.NETFramework,Version=v4.6.1, .NETFramework,Version=v4.6.2, .NETFramework,Version=v4.7, .NETFramework,Version=v4.7.1, .NETFramework,Version=v4.7.2, .NETFramework,Version=v4.8, .NETFramework,Version=v4.8.1' instead of the project target framework 'net8.0'. This package may not be fully compatible with your project.
C:\Users\ultra\warewolf\Dev\Dev2.CustomControls\Dev2.CustomControls.csproj : warning NU1701: Package 'TaskSchedulerEditor 2.10.1' was restored using '.NETFramework,Version=v4.6.1, .NETFramework,Version=v4.6.2, .NETFramework,Version=v4.7, .NETFramework,Version=v4.7.1, .NETFramework,Version=v4.7.2, .NETFramework,Version=v4.8, .NETFramework,Version=v4.8.1' instead of the project target framework 'net8.0'. This package may not be fully compatible with your project.
C:\Users\ultra\warewolf\Dev\Dev2.Data\Dev2.Data.csproj : warning NU1701: Package 'AeroWizard 2.3.1' was restored using '.NETFramework,Version=v4.6.1, .NETFramework,Version=v4.6.2, .NETFramework,Version=v4.7, .NETFramework,Version=v4.7.1, .NETFramework,Version=v4.7.2, .NETFramework,Version=v4.8, .NETFramework,Version=v4.8.1' instead of the project target framework 'net8.0'. This package may not be fully compatible with your project.
C:\Users\ultra\warewolf\Dev\Dev2.Data\Dev2.Data.csproj : warning NU1701: Package 'GroupControls 1.9.0' was restored using '.NETFramework,Version=v4.6.1, .NETFramework,Version=v4.6.2, .NETFramework,Version=v4.7, .NETFramework,Version=v4.7.1, .NETFramework,Version=v4.7.2, .NETFramework,Version=v4.8, .NETFramework,Version=v4.8.1' instead of the project target framework 'net8.0'. This package may not be fully compatible with your project.
C:\Users\ultra\warewolf\Dev\Dev2.Data\Dev2.Data.csproj : warning NU1701: Package 'ReactiveUI.WPF 18.4.1' was restored using '.NETFramework,Version=v4.6.1, .NETFramework,Version=v4.6.2, .NETFramework,Version=v4.7, .NETFramework,Version=v4.7.1, .NETFramework,Version=v4.7.2, .NETFramework,Version=v4.8, .NETFramework,Version=v4.8.1' instead of the project target framework 'net8.0'. This package may not be fully compatible with your project.
C:\Users\ultra\warewolf\Dev\Dev2.Data\Dev2.Data.csproj : warning NU1701: Package 'TaskSchedulerEditor 2.10.1' was restored using '.NETFramework,Version=v4.6.1, .NETFramework,Version=v4.6.2, .NETFramework,Version=v4.7, .NETFramework,Version=v4.7.1, .NETFramework,Version=v4.7.2, .NETFramework,Version=v4.8, .NETFramework,Version=v4.8.1' instead of the project target framework 'net8.0'. This package may not be fully compatible with your project.
C:\Users\ultra\warewolf\Dev\Dev2.Core\Dev2.Core.csproj : warning NU1903: Package 'Microsoft.Windows.Compatibility' 6.0.0 has a known high severity vulnerability, https://github.com/advisories/GHSA-555c-2p6r-68mm
C:\Users\ultra\warewolf\Dev\Dev2.Core\Dev2.Core.csproj : warning NU1701: Package 'AeroWizard 2.3.1' was restored using '.NETFramework,Version=v4.6.1, .NETFramework,Version=v4.6.2, .NETFramework,Version=v4.7, .NETFramework,Version=v4.7.1, .NETFramework,Version=v4.7.2, .NETFramework,Version=v4.8, .NETFramework,Version=v4.8.1' instead of the project target framework 'net8.0'. This package may not be fully compatible with your project.
C:\Users\ultra\warewolf\Dev\Dev2.Core\Dev2.Core.csproj : warning NU1701: Package 'GroupControls 1.9.0' was restored using '.NETFramework,Version=v4.6.1, .NETFramework,Version=v4.6.2, .NETFramework,Version=v4.7, .NETFramework,Version=v4.7.1, .NETFramework,Version=v4.7.2, .NETFramework,Version=v4.8, .NETFramework,Version=v4.8.1' instead of the project target framework 'net8.0'. This package may not be fully compatible with your project.
C:\Users\ultra\warewolf\Dev\Dev2.Core\Dev2.Core.csproj : warning NU1701: Package 'ReactiveUI.WPF 18.4.1' was restored using '.NETFramework,Version=v4.6.1, .NETFramework,Version=v4.6.2, .NETFramework,Version=v4.7, .NETFramework,Version=v4.7.1, .NETFramework,Version=v4.7.2, .NETFramework,Version=v4.8, .NETFramework,Version=v4.8.1' instead of the project target framework 'net8.0'. This package may not be fully compatible with your project.
C:\Users\ultra\warewolf\Dev\Dev2.Core\Dev2.Core.csproj : warning NU1701: Package 'TaskSchedulerEditor 2.10.1' was restored using '.NETFramework,Version=v4.6.1, .NETFramework,Version=v4.6.2, .NETFramework,Version=v4.7, .NETFramework,Version=v4.7.1, .NETFramework,Version=v4.7.2, .NETFramework,Version=v4.8, .NETFramework,Version=v4.8.1' instead of the project target framework 'net8.0'. This package may not be fully compatible with your project.
C:\Users\ultra\warewolf\Dev\Warewolf.Auditing\Warewolf.Auditing.csproj : warning NU1701: Package 'AeroWizard 2.3.1' was restored using '.NETFramework,Version=v4.6.1, .NETFramework,Version=v4.6.2, .NETFramework,Version=v4.7, .NETFramework,Version=v4.7.1, .NETFramework,Version=v4.7.2, .NETFramework,Version=v4.8, .NETFramework,Version=v4.8.1' instead of the project target framework 'net8.0'. This package may not be fully compatible with your project.
C:\Users\ultra\warewolf\Dev\Warewolf.Auditing\Warewolf.Auditing.csproj : warning NU1701: Package 'GroupControls 1.9.0' was restored using '.NETFramework,Version=v4.6.1, .NETFramework,Version=v4.6.2, .NETFramework,Version=v4.7, .NETFramework,Version=v4.7.1, .NETFramework,Version=v4.7.2, .NETFramework,Version=v4.8, .NETFramework,Version=v4.8.1' instead of the project target framework 'net8.0'. This package may not be fully compatible with your project.
C:\Users\ultra\warewolf\Dev\Warewolf.Auditing\Warewolf.Auditing.csproj : warning NU1701: Package 'ReactiveUI.WPF 18.4.1' was restored using '.NETFramework,Version=v4.6.1, .NETFramework,Version=v4.6.2, .NETFramework,Version=v4.7, .NETFramework,Version=v4.7.1, .NETFramework,Version=v4.7.2, .NETFramework,Version=v4.8, .NETFramework,Version=v4.8.1' instead of the project target framework 'net8.0'. This package may not be fully compatible with your project.
C:\Users\ultra\warewolf\Dev\Warewolf.Auditing\Warewolf.Auditing.csproj : warning NU1701: Package 'TaskSchedulerEditor 2.10.1' was restored using '.NETFramework,Version=v4.6.1, .NETFramework,Version=v4.6.2, .NETFramework,Version=v4.7, .NETFramework,Version=v4.7.1, .NETFramework,Version=v4.7.2, .NETFramework,Version=v4.8, .NETFramework,Version=v4.8.1' instead of the project target framework 'net8.0'. This package may not be fully compatible with your project.
C:\Users\ultra\warewolf\Dev\Dev2.Diagnostics.Tests\Dev2.Diagnostics.Tests.csproj : warning NU1701: Package 'AeroWizard 2.3.1' was restored using '.NETFramework,Version=v4.6.1, .NETFramework,Version=v4.6.2, .NETFramework,Version=v4.7, .NETFramework,Version=v4.7.1, .NETFramework,Version=v4.7.2, .NETFramework,Version=v4.8, .NETFramework,Version=v4.8.1' instead of the project target framework 'net8.0'. This package may not be fully compatible with your project.
C:\Users\ultra\warewolf\Dev\Dev2.Diagnostics.Tests\Dev2.Diagnostics.Tests.csproj : warning NU1701: Package 'GroupControls 1.9.0' was restored using '.NETFramework,Version=v4.6.1, .NETFramework,Version=v4.6.2, .NETFramework,Version=v4.7, .NETFramework,Version=v4.7.1, .NETFramework,Version=v4.7.2, .NETFramework,Version=v4.8, .NETFramework,Version=v4.8.1' instead of the project target framework 'net8.0'. This package may not be fully compatible with your project.
C:\Users\ultra\warewolf\Dev\Dev2.Diagnostics.Tests\Dev2.Diagnostics.Tests.csproj : warning NU1701: Package 'Microsoft.Xaml.Behaviors.Wpf 1.1.122' was restored using '.NETFramework,Version=v4.6.1, .NETFramework,Version=v4.6.2, .NETFramework,Version=v4.7, .NETFramework,Version=v4.7.1, .NETFramework,Version=v4.7.2, .NETFramework,Version=v4.8, .NETFramework,Version=v4.8.1' instead of the project target framework 'net8.0'. This package may not be fully compatible with your project.
C:\Users\ultra\warewolf\Dev\Dev2.Diagnostics.Tests\Dev2.Diagnostics.Tests.csproj : warning NU1701: Package 'Prism.Wpf 9.0.537' was restored using '.NETFramework,Version=v4.6.1, .NETFramework,Version=v4.6.2, .NETFramework,Version=v4.7, .NETFramework,Version=v4.7.1, .NETFramework,Version=v4.7.2, .NETFramework,Version=v4.8, .NETFramework,Version=v4.8.1' instead of the project target framework 'net8.0'. This package may not be fully compatible with your project.
C:\Users\ultra\warewolf\Dev\Dev2.Diagnostics.Tests\Dev2.Diagnostics.Tests.csproj : warning NU1701: Package 'ReactiveUI.WPF 18.4.1' was restored using '.NETFramework,Version=v4.6.1, .NETFramework,Version=v4.6.2, .NETFramework,Version=v4.7, .NETFramework,Version=v4.7.1, .NETFramework,Version=v4.7.2, .NETFramework,Version=v4.8, .NETFramework,Version=v4.8.1' instead of the project target framework 'net8.0'. This package may not be fully compatible with your project.
C:\Users\ultra\warewolf\Dev\Dev2.Diagnostics.Tests\Dev2.Diagnostics.Tests.csproj : warning NU1701: Package 'TaskSchedulerEditor 2.10.1' was restored using '.NETFramework,Version=v4.6.1, .NETFramework,Version=v4.6.2, .NETFramework,Version=v4.7, .NETFramework,Version=v4.7.1, .NETFramework,Version=v4.7.2, .NETFramework,Version=v4.8, .NETFramework,Version=v4.8.1' instead of the project target framework 'net8.0'. This package may not be fully compatible with your project.
C:\Users\ultra\warewolf\Dev\Dev2.Infrastructure\Dev2.Infrastructure.csproj : warning NU1903: Package 'Microsoft.Windows.Compatibility' 6.0.0 has a known high severity vulnerability, https://github.com/advisories/GHSA-555c-2p6r-68mm
C:\Users\ultra\warewolf\Dev\Dev2.Infrastructure\Dev2.Infrastructure.csproj : warning NU1701: Package 'AeroWizard 2.3.1' was restored using '.NETFramework,Version=v4.6.1, .NETFramework,Version=v4.6.2, .NETFramework,Version=v4.7, .NETFramework,Version=v4.7.1, .NETFramework,Version=v4.7.2, .NETFramework,Version=v4.8, .NETFramework,Version=v4.8.1' instead of the project target framework 'net8.0'. This package may not be fully compatible with your project.
C:\Users\ultra\warewolf\Dev\Dev2.Infrastructure\Dev2.Infrastructure.csproj : warning NU1701: Package 'GroupControls 1.9.0' was restored using '.NETFramework,Version=v4.6.1, .NETFramework,Version=v4.6.2, .NETFramework,Version=v4.7, .NETFramework,Version=v4.7.1, .NETFramework,Version=v4.7.2, .NETFramework,Version=v4.8, .NETFramework,Version=v4.8.1' instead of the project target framework 'net8.0'. This package may not be fully compatible with your project.
C:\Users\ultra\warewolf\Dev\Dev2.Infrastructure\Dev2.Infrastructure.csproj : warning NU1701: Package 'ReactiveUI.WPF 18.4.1' was restored using '.NETFramework,Version=v4.6.1, .NETFramework,Version=v4.6.2, .NETFramework,Version=v4.7, .NETFramework,Version=v4.7.1, .NETFramework,Version=v4.7.2, .NETFramework,Version=v4.8, .NETFramework,Version=v4.8.1' instead of the project target framework 'net8.0'. This package may not be fully compatible with your project.
C:\Users\ultra\warewolf\Dev\Dev2.Infrastructure\Dev2.Infrastructure.csproj : warning NU1701: Package 'TaskSchedulerEditor 2.10.1' was restored using '.NETFramework,Version=v4.6.1, .NETFramework,Version=v4.6.2, .NETFramework,Version=v4.7, .NETFramework,Version=v4.7.1, .NETFramework,Version=v4.7.2, .NETFramework,Version=v4.8, .NETFramework,Version=v4.8.1' instead of the project target framework 'net8.0'. This package may not be fully compatible with your project.
C:\Users\ultra\warewolf\Dev\Dev2.Diagnostics\Dev2.Diagnostics.csproj : warning NU1701: Package 'AeroWizard 2.3.1' was restored using '.NETFramework,Version=v4.6.1, .NETFramework,Version=v4.6.2, .NETFramework,Version=v4.7, .NETFramework,Version=v4.7.1, .NETFramework,Version=v4.7.2, .NETFramework,Version=v4.8, .NETFramework,Version=v4.8.1' instead of the project target framework 'net8.0'. This package may not be fully compatible with your project.
C:\Users\ultra\warewolf\Dev\Dev2.Diagnostics\Dev2.Diagnostics.csproj : warning NU1701: Package 'GroupControls 1.9.0' was restored using '.NETFramework,Version=v4.6.1, .NETFramework,Version=v4.6.2, .NETFramework,Version=v4.7, .NETFramework,Version=v4.7.1, .NETFramework,Version=v4.7.2, .NETFramework,Version=v4.8, .NETFramework,Version=v4.8.1' instead of the project target framework 'net8.0'. This package may not be fully compatible with your project.
C:\Users\ultra\warewolf\Dev\Dev2.Diagnostics\Dev2.Diagnostics.csproj : warning NU1701: Package 'TaskSchedulerEditor 2.10.1' was restored using '.NETFramework,Version=v4.6.1, .NETFramework,Version=v4.6.2, .NETFramework,Version=v4.7, .NETFramework,Version=v4.7.1, .NETFramework,Version=v4.7.2, .NETFramework,Version=v4.8, .NETFramework,Version=v4.8.1' instead of the project target framework 'net8.0'. This package may not be fully compatible with your project.
C:\Users\ultra\warewolf\Dev\Warewolf.Language.Parser\Warewolf.Language.Parser.fsproj : warning NU1504: Duplicate 'PackageReference' items found. Remove the duplicate items or use the Update functionality to ensure a consistent restore behavior. The duplicate 'PackageReference' items are: FSharp.Core 10.1.201, FSharp.Core 4.6.2.
C:\Program Files\dotnet\sdk\10.0.201\Sdks\Microsoft.NET.Sdk\targets\Microsoft.NET.Sdk.DefaultItems.targets(162,5): warning NETSDK1137: It is no longer necessary to use the Microsoft.NET.Sdk.WindowsDesktop SDK. Consider changing the Sdk attribute of the root Project element to 'Microsoft.NET.Sdk'. [C:\Users\ultra\warewolf\Dev\Warewolf.Studio.Core\Warewolf.Studio.Core.csproj]
C:\Program Files\dotnet\sdk\10.0.201\Sdks\Microsoft.NET.Sdk.WindowsDesktop\targets\Microsoft.NET.Sdk.WindowsDesktop.targets(138,5): warning NETSDK1106: Microsoft.NET.Sdk.WindowsDesktop requires 'UseWpf' or 'UseWindowsForms' to be set to 'true' [C:\Users\ultra\warewolf\Dev\Warewolf.Studio.Core\Warewolf.Studio.Core.csproj]
C:\Users\ultra\warewolf\Dev\Warewolf.Studio.Core\Warewolf.Studio.Core.csproj : warning NU1701: Package 'AeroWizard 2.3.1' was restored using '.NETFramework,Version=v4.6.1, .NETFramework,Version=v4.6.2, .NETFramework,Version=v4.7, .NETFramework,Version=v4.7.1, .NETFramework,Version=v4.7.2, .NETFramework,Version=v4.8, .NETFramework,Version=v4.8.1' instead of the project target framework 'net8.0'. This package may not be fully compatible with your project.
C:\Users\ultra\warewolf\Dev\Warewolf.Studio.Core\Warewolf.Studio.Core.csproj : warning NU1701: Package 'GroupControls 1.9.0' was restored using '.NETFramework,Version=v4.6.1, .NETFramework,Version=v4.6.2, .NETFramework,Version=v4.7, .NETFramework,Version=v4.7.1, .NETFramework,Version=v4.7.2, .NETFramework,Version=v4.8, .NETFramework,Version=v4.8.1' instead of the project target framework 'net8.0'. This package may not be fully compatible with your project.
C:\Users\ultra\warewolf\Dev\Warewolf.Studio.Core\Warewolf.Studio.Core.csproj : warning NU1701: Package 'Microsoft.Xaml.Behaviors.Wpf 1.1.122' was restored using '.NETFramework,Version=v4.6.1, .NETFramework,Version=v4.6.2, .NETFramework,Version=v4.7, .NETFramework,Version=v4.7.1, .NETFramework,Version=v4.7.2, .NETFramework,Version=v4.8, .NETFramework,Version=v4.8.1' instead of the project target framework 'net8.0'. This package may not be fully compatible with your project.
C:\Users\ultra\warewolf\Dev\Warewolf.Studio.Core\Warewolf.Studio.Core.csproj : warning NU1701: Package 'Prism.Wpf 9.0.537' was restored using '.NETFramework,Version=v4.6.1, .NETFramework,Version=v4.6.2, .NETFramework,Version=v4.7, .NETFramework,Version=v4.7.1, .NETFramework,Version=v4.7.2, .NETFramework,Version=v4.8, .NETFramework,Version=v4.8.1' instead of the project target framework 'net8.0'. This package may not be fully compatible with your project.
C:\Users\ultra\warewolf\Dev\Warewolf.Studio.Core\Warewolf.Studio.Core.csproj : warning NU1701: Package 'ReactiveUI.WPF 18.4.1' was restored using '.NETFramework,Version=v4.6.1, .NETFramework,Version=v4.6.2, .NETFramework,Version=v4.7, .NETFramework,Version=v4.7.1, .NETFramework,Version=v4.7.2, .NETFramework,Version=v4.8, .NETFramework,Version=v4.8.1' instead of the project target framework 'net8.0'. This package may not be fully compatible with your project.
C:\Users\ultra\warewolf\Dev\Warewolf.Studio.Core\Warewolf.Studio.Core.csproj : warning NU1701: Package 'TaskSchedulerEditor 2.10.1' was restored using '.NETFramework,Version=v4.6.1, .NETFramework,Version=v4.6.2, .NETFramework,Version=v4.7, .NETFramework,Version=v4.7.1, .NETFramework,Version=v4.7.2, .NETFramework,Version=v4.8, .NETFramework,Version=v4.8.1' instead of the project target framework 'net8.0'. This package may not be fully compatible with your project.
C:\Users\ultra\warewolf\Dev\Dev2.Studio.Core\Dev2.Studio.Core.csproj : warning NU1701: Package 'AeroWizard 2.3.1' was restored using '.NETFramework,Version=v4.6.1, .NETFramework,Version=v4.6.2, .NETFramework,Version=v4.7, .NETFramework,Version=v4.7.1, .NETFramework,Version=v4.7.2, .NETFramework,Version=v4.8, .NETFramework,Version=v4.8.1' instead of the project target framework 'net8.0'. This package may not be fully compatible with your project.
C:\Users\ultra\warewolf\Dev\Dev2.Studio.Core\Dev2.Studio.Core.csproj : warning NU1701: Package 'GroupControls 1.9.0' was restored using '.NETFramework,Version=v4.6.1, .NETFramework,Version=v4.6.2, .NETFramework,Version=v4.7, .NETFramework,Version=v4.7.1, .NETFramework,Version=v4.7.2, .NETFramework,Version=v4.8, .NETFramework,Version=v4.8.1' instead of the project target framework 'net8.0'. This package may not be fully compatible with your project.
C:\Users\ultra\warewolf\Dev\Dev2.Studio.Core\Dev2.Studio.Core.csproj : warning NU1701: Package 'Microsoft.Xaml.Behaviors.Wpf 1.1.122' was restored using '.NETFramework,Version=v4.6.1, .NETFramework,Version=v4.6.2, .NETFramework,Version=v4.7, .NETFramework,Version=v4.7.1, .NETFramework,Version=v4.7.2, .NETFramework,Version=v4.8, .NETFramework,Version=v4.8.1' instead of the project target framework 'net8.0'. This package may not be fully compatible with your project.
C:\Users\ultra\warewolf\Dev\Dev2.Studio.Core\Dev2.Studio.Core.csproj : warning NU1701: Package 'Prism.Wpf 9.0.537' was restored using '.NETFramework,Version=v4.6.1, .NETFramework,Version=v4.6.2, .NETFramework,Version=v4.7, .NETFramework,Version=v4.7.1, .NETFramework,Version=v4.7.2, .NETFramework,Version=v4.8, .NETFramework,Version=v4.8.1' instead of the project target framework 'net8.0'. This package may not be fully compatible with your project.
C:\Users\ultra\warewolf\Dev\Warewolf.Sharepoint\Warewolf.Sharepoint.csproj : warning NU1701: Package 'AeroWizard 2.3.1' was restored using '.NETFramework,Version=v4.6.1, .NETFramework,Version=v4.6.2, .NETFramework,Version=v4.7, .NETFramework,Version=v4.7.1, .NETFramework,Version=v4.7.2, .NETFramework,Version=v4.8, .NETFramework,Version=v4.8.1' instead of the project target framework 'net8.0'. This package may not be fully compatible with your project.
C:\Users\ultra\warewolf\Dev\Warewolf.Sharepoint\Warewolf.Sharepoint.csproj : warning NU1701: Package 'GroupControls 1.9.0' was restored using '.NETFramework,Version=v4.6.1, .NETFramework,Version=v4.6.2, .NETFramework,Version=v4.7, .NETFramework,Version=v4.7.1, .NETFramework,Version=v4.7.2, .NETFramework,Version=v4.8, .NETFramework,Version=v4.8.1' instead of the project target framework 'net8.0'. This package may not be fully compatible with your project.
C:\Users\ultra\warewolf\Dev\Warewolf.Sharepoint\Warewolf.Sharepoint.csproj : warning NU1701: Package 'ReactiveUI.WPF 18.4.1' was restored using '.NETFramework,Version=v4.6.1, .NETFramework,Version=v4.6.2, .NETFramework,Version=v4.7, .NETFramework,Version=v4.7.1, .NETFramework,Version=v4.7.2, .NETFramework,Version=v4.8, .NETFramework,Version=v4.8.1' instead of the project target framework 'net8.0'. This package may not be fully compatible with your project.
C:\Users\ultra\warewolf\Dev\Warewolf.Sharepoint\Warewolf.Sharepoint.csproj : warning NU1701: Package 'TaskSchedulerEditor 2.10.1' was restored using '.NETFramework,Version=v4.6.1, .NETFramework,Version=v4.6.2, .NETFramework,Version=v4.7, .NETFramework,Version=v4.7.1, .NETFramework,Version=v4.7.2, .NETFramework,Version=v4.8, .NETFramework,Version=v4.8.1' instead of the project target framework 'net8.0'. This package may not be fully compatible with your project.
C:\Users\ultra\warewolf\Dev\Dev2.Studio.Core\Dev2.Studio.Core.csproj : warning NU1701: Package 'ReactiveUI.WPF 18.4.1' was restored using '.NETFramework,Version=v4.6.1, .NETFramework,Version=v4.6.2, .NETFramework,Version=v4.7, .NETFramework,Version=v4.7.1, .NETFramework,Version=v4.7.2, .NETFramework,Version=v4.8, .NETFramework,Version=v4.8.1' instead of the project target framework 'net8.0'. This package may not be fully compatible with your project.
C:\Users\ultra\warewolf\Dev\Dev2.Studio.Core\Dev2.Studio.Core.csproj : warning NU1701: Package 'TaskSchedulerEditor 2.10.1' was restored using '.NETFramework,Version=v4.6.1, .NETFramework,Version=v4.6.2, .NETFramework,Version=v4.7, .NETFramework,Version=v4.7.1, .NETFramework,Version=v4.7.2, .NETFramework,Version=v4.8, .NETFramework,Version=v4.8.1' instead of the project target framework 'net8.0'. This package may not be fully compatible with your project.
C:\Users\ultra\warewolf\Dev\Dev2.Runtime.Services\Dev2.Runtime.Services.csproj : warning NU1902: Package 'MessagePack' 2.4.59 has a known moderate severity vulnerability, https://github.com/advisories/GHSA-4qm4-8hg2-g2xm
C:\Users\ultra\warewolf\Dev\Dev2.Runtime.Services\Dev2.Runtime.Services.csproj : warning NU1903: Package 'Microsoft.Windows.Compatibility' 6.0.0 has a known high severity vulnerability, https://github.com/advisories/GHSA-555c-2p6r-68mm
C:\Users\ultra\warewolf\Dev\Dev2.Runtime.Services\Dev2.Runtime.Services.csproj : warning NU1701: Package 'AeroWizard 2.3.1' was restored using '.NETFramework,Version=v4.6.1, .NETFramework,Version=v4.6.2, .NETFramework,Version=v4.7, .NETFramework,Version=v4.7.1, .NETFramework,Version=v4.7.2, .NETFramework,Version=v4.8, .NETFramework,Version=v4.8.1' instead of the project target framework 'net8.0'. This package may not be fully compatible with your project.
C:\Users\ultra\warewolf\Dev\Dev2.Runtime.Services\Dev2.Runtime.Services.csproj : warning NU1701: Package 'GroupControls 1.9.0' was restored using '.NETFramework,Version=v4.6.1, .NETFramework,Version=v4.6.2, .NETFramework,Version=v4.7, .NETFramework,Version=v4.7.1, .NETFramework,Version=v4.7.2, .NETFramework,Version=v4.8, .NETFramework,Version=v4.8.1' instead of the project target framework 'net8.0'. This package may not be fully compatible with your project.
C:\Users\ultra\warewolf\Dev\Dev2.Runtime.Services\Dev2.Runtime.Services.csproj : warning NU1701: Package 'ReactiveUI.WPF 18.4.1' was restored using '.NETFramework,Version=v4.6.1, .NETFramework,Version=v4.6.2, .NETFramework,Version=v4.7, .NETFramework,Version=v4.7.1, .NETFramework,Version=v4.7.2, .NETFramework,Version=v4.8, .NETFramework,Version=v4.8.1' instead of the project target framework 'net8.0'. This package may not be fully compatible with your project.
C:\Users\ultra\warewolf\Dev\Dev2.Runtime.Services\Dev2.Runtime.Services.csproj : warning NU1701: Package 'TaskSchedulerEditor 2.10.1' was restored using '.NETFramework,Version=v4.6.1, .NETFramework,Version=v4.6.2, .NETFramework,Version=v4.7, .NETFramework,Version=v4.7.1, .NETFramework,Version=v4.7.2, .NETFramework,Version=v4.8, .NETFramework,Version=v4.8.1' instead of the project target framework 'net8.0'. This package may not be fully compatible with your project.
C:\Users\ultra\warewolf\Dev\Dev2.Services.Sql\Dev2.Services.Sql.csproj : warning NU1903: Package 'Oracle.ManagedDataAccess.Core' 3.21.70 has a known high severity vulnerability, https://github.com/advisories/GHSA-5pm2-9mr2-3frq
C:\Users\ultra\warewolf\Dev\Dev2.Services.Sql\Dev2.Services.Sql.csproj : warning NU1701: Package 'AeroWizard 2.3.1' was restored using '.NETFramework,Version=v4.6.1, .NETFramework,Version=v4.6.2, .NETFramework,Version=v4.7, .NETFramework,Version=v4.7.1, .NETFramework,Version=v4.7.2, .NETFramework,Version=v4.8, .NETFramework,Version=v4.8.1' instead of the project target framework 'net8.0'. This package may not be fully compatible with your project.
C:\Users\ultra\warewolf\Dev\Dev2.Services.Sql\Dev2.Services.Sql.csproj : warning NU1701: Package 'GroupControls 1.9.0' was restored using '.NETFramework,Version=v4.6.1, .NETFramework,Version=v4.6.2, .NETFramework,Version=v4.7, .NETFramework,Version=v4.7.1, .NETFramework,Version=v4.7.2, .NETFramework,Version=v4.8, .NETFramework,Version=v4.8.1' instead of the project target framework 'net8.0'. This package may not be fully compatible with your project.
C:\Users\ultra\warewolf\Dev\Dev2.Services.Sql\Dev2.Services.Sql.csproj : warning NU1701: Package 'ReactiveUI.WPF 18.4.1' was restored using '.NETFramework,Version=v4.6.1, .NETFramework,Version=v4.6.2, .NETFramework,Version=v4.7, .NETFramework,Version=v4.7.1, .NETFramework,Version=v4.7.2, .NETFramework,Version=v4.8, .NETFramework,Version=v4.8.1' instead of the project target framework 'net8.0'. This package may not be fully compatible with your project.
C:\Users\ultra\warewolf\Dev\Dev2.Services.Sql\Dev2.Services.Sql.csproj : warning NU1701: Package 'TaskSchedulerEditor 2.10.1' was restored using '.NETFramework,Version=v4.6.1, .NETFramework,Version=v4.6.2, .NETFramework,Version=v4.7, .NETFramework,Version=v4.7.1, .NETFramework,Version=v4.7.2, .NETFramework,Version=v4.8, .NETFramework,Version=v4.8.1' instead of the project target framework 'net8.0'. This package may not be fully compatible with your project.
C:\Users\ultra\warewolf\Dev\Dev2.Infrastructure.Tests\Dev2.Infrastructure.Tests.csproj : warning NU1701: Package 'AeroWizard 2.3.1' was restored using '.NETFramework,Version=v4.6.1, .NETFramework,Version=v4.6.2, .NETFramework,Version=v4.7, .NETFramework,Version=v4.7.1, .NETFramework,Version=v4.7.2, .NETFramework,Version=v4.8, .NETFramework,Version=v4.8.1' instead of the project target framework 'net8.0'. This package may not be fully compatible with your project.
C:\Users\ultra\warewolf\Dev\Dev2.Infrastructure.Tests\Dev2.Infrastructure.Tests.csproj : warning NU1701: Package 'GroupControls 1.9.0' was restored using '.NETFramework,Version=v4.6.1, .NETFramework,Version=v4.6.2, .NETFramework,Version=v4.7, .NETFramework,Version=v4.7.1, .NETFramework,Version=v4.7.2, .NETFramework,Version=v4.8, .NETFramework,Version=v4.8.1' instead of the project target framework 'net8.0'. This package may not be fully compatible with your project.
C:\Users\ultra\warewolf\Dev\Dev2.Infrastructure.Tests\Dev2.Infrastructure.Tests.csproj : warning NU1701: Package 'Microsoft.Xaml.Behaviors.Wpf 1.1.122' was restored using '.NETFramework,Version=v4.6.1, .NETFramework,Version=v4.6.2, .NETFramework,Version=v4.7, .NETFramework,Version=v4.7.1, .NETFramework,Version=v4.7.2, .NETFramework,Version=v4.8, .NETFramework,Version=v4.8.1' instead of the project target framework 'net8.0'. This package may not be fully compatible with your project.
C:\Users\ultra\warewolf\Dev\Dev2.Infrastructure.Tests\Dev2.Infrastructure.Tests.csproj : warning NU1701: Package 'Prism.Wpf 9.0.537' was restored using '.NETFramework,Version=v4.6.1, .NETFramework,Version=v4.6.2, .NETFramework,Version=v4.7, .NETFramework,Version=v4.7.1, .NETFramework,Version=v4.7.2, .NETFramework,Version=v4.8, .NETFramework,Version=v4.8.1' instead of the project target framework 'net8.0'. This package may not be fully compatible with your project.
C:\Users\ultra\warewolf\Dev\Dev2.Infrastructure.Tests\Dev2.Infrastructure.Tests.csproj : warning NU1701: Package 'ReactiveUI.WPF 18.4.1' was restored using '.NETFramework,Version=v4.6.1, .NETFramework,Version=v4.6.2, .NETFramework,Version=v4.7, .NETFramework,Version=v4.7.1, .NETFramework,Version=v4.7.2, .NETFramework,Version=v4.8, .NETFramework,Version=v4.8.1' instead of the project target framework 'net8.0'. This package may not be fully compatible with your project.
C:\Users\ultra\warewolf\Dev\Dev2.Infrastructure.Tests\Dev2.Infrastructure.Tests.csproj : warning NU1701: Package 'TaskSchedulerEditor 2.10.1' was restored using '.NETFramework,Version=v4.6.1, .NETFramework,Version=v4.6.2, .NETFramework,Version=v4.7, .NETFramework,Version=v4.7.1, .NETFramework,Version=v4.7.2, .NETFramework,Version=v4.8, .NETFramework,Version=v4.8.1' instead of the project target framework 'net8.0'. This package may not be fully compatible with your project.
C:\Users\ultra\warewolf\Dev\Warewolf.Common.NetStandard20\Warewolf.Common.NetStandard20.csproj : warning NU1701: Package 'AeroWizard 2.3.1' was restored using '.NETFramework,Version=v4.6.1, .NETFramework,Version=v4.6.2, .NETFramework,Version=v4.7, .NETFramework,Version=v4.7.1, .NETFramework,Version=v4.7.2, .NETFramework,Version=v4.8, .NETFramework,Version=v4.8.1' instead of the project target framework 'net8.0'. This package may not be fully compatible with your project.
C:\Users\ultra\warewolf\Dev\Warewolf.Common.NetStandard20\Warewolf.Common.NetStandard20.csproj : warning NU1701: Package 'GroupControls 1.9.0' was restored using '.NETFramework,Version=v4.6.1, .NETFramework,Version=v4.6.2, .NETFramework,Version=v4.7, .NETFramework,Version=v4.7.1, .NETFramework,Version=v4.7.2, .NETFramework,Version=v4.8, .NETFramework,Version=v4.8.1' instead of the project target framework 'net8.0'. This package may not be fully compatible with your project.
C:\Users\ultra\warewolf\Dev\Warewolf.Common.NetStandard20\Warewolf.Common.NetStandard20.csproj : warning NU1701: Package 'ReactiveUI.WPF 18.4.1' was restored using '.NETFramework,Version=v4.6.1, .NETFramework,Version=v4.6.2, .NETFramework,Version=v4.7, .NETFramework,Version=v4.7.1, .NETFramework,Version=v4.7.2, .NETFramework,Version=v4.8, .NETFramework,Version=v4.8.1' instead of the project target framework 'net8.0'. This package may not be fully compatible with your project.
C:\Users\ultra\warewolf\Dev\Warewolf.Common.NetStandard20\Warewolf.Common.NetStandard20.csproj : warning NU1701: Package 'TaskSchedulerEditor 2.10.1' was restored using '.NETFramework,Version=v4.6.1, .NETFramework,Version=v4.6.2, .NETFramework,Version=v4.7, .NETFramework,Version=v4.7.1, .NETFramework,Version=v4.7.2, .NETFramework,Version=v4.8, .NETFramework,Version=v4.8.1' instead of the project target framework 'net8.0'. This package may not be fully compatible with your project.
C:\Users\ultra\warewolf\Dev\Dev2.Runtime.Configuration\Dev2.Runtime.Configuration.csproj : warning NU1903: Package 'Microsoft.Windows.Compatibility' 6.0.0 has a known high severity vulnerability, https://github.com/advisories/GHSA-555c-2p6r-68mm
C:\Users\ultra\warewolf\Dev\Dev2.Runtime.Configuration\Dev2.Runtime.Configuration.csproj : warning NU1701: Package 'AeroWizard 2.3.1' was restored using '.NETFramework,Version=v4.6.1, .NETFramework,Version=v4.6.2, .NETFramework,Version=v4.7, .NETFramework,Version=v4.7.1, .NETFramework,Version=v4.7.2, .NETFramework,Version=v4.8, .NETFramework,Version=v4.8.1' instead of the project target framework 'net8.0'. This package may not be fully compatible with your project.
C:\Users\ultra\warewolf\Dev\Dev2.Runtime.Configuration\Dev2.Runtime.Configuration.csproj : warning NU1701: Package 'GroupControls 1.9.0' was restored using '.NETFramework,Version=v4.6.1, .NETFramework,Version=v4.6.2, .NETFramework,Version=v4.7, .NETFramework,Version=v4.7.1, .NETFramework,Version=v4.7.2, .NETFramework,Version=v4.8, .NETFramework,Version=v4.8.1' instead of the project target framework 'net8.0'. This package may not be fully compatible with your project.
C:\Users\ultra\warewolf\Dev\Dev2.Runtime.Configuration\Dev2.Runtime.Configuration.csproj : warning NU1701: Package 'TaskSchedulerEditor 2.10.1' was restored using '.NETFramework,Version=v4.6.1, .NETFramework,Version=v4.6.2, .NETFramework,Version=v4.7, .NETFramework,Version=v4.7.1, .NETFramework,Version=v4.7.2, .NETFramework,Version=v4.8, .NETFramework,Version=v4.8.1' instead of the project target framework 'net8.0'. This package may not be fully compatible with your project.
C:\Users\ultra\warewolf\Dev\Warewolf.Studio.Models\Warewolf.Studio.Models.csproj : warning NU1701: Package 'AeroWizard 2.3.1' was restored using '.NETFramework,Version=v4.6.1, .NETFramework,Version=v4.6.2, .NETFramework,Version=v4.7, .NETFramework,Version=v4.7.1, .NETFramework,Version=v4.7.2, .NETFramework,Version=v4.8, .NETFramework,Version=v4.8.1' instead of the project target framework 'net8.0'. This package may not be fully compatible with your project.
C:\Users\ultra\warewolf\Dev\Warewolf.Studio.Models\Warewolf.Studio.Models.csproj : warning NU1701: Package 'GroupControls 1.9.0' was restored using '.NETFramework,Version=v4.6.1, .NETFramework,Version=v4.6.2, .NETFramework,Version=v4.7, .NETFramework,Version=v4.7.1, .NETFramework,Version=v4.7.2, .NETFramework,Version=v4.8, .NETFramework,Version=v4.8.1' instead of the project target framework 'net8.0'. This package may not be fully compatible with your project.
C:\Users\ultra\warewolf\Dev\Warewolf.Studio.Models\Warewolf.Studio.Models.csproj : warning NU1701: Package 'Microsoft.Xaml.Behaviors.Wpf 1.1.122' was restored using '.NETFramework,Version=v4.6.1, .NETFramework,Version=v4.6.2, .NETFramework,Version=v4.7, .NETFramework,Version=v4.7.1, .NETFramework,Version=v4.7.2, .NETFramework,Version=v4.8, .NETFramework,Version=v4.8.1' instead of the project target framework 'net8.0'. This package may not be fully compatible with your project.
C:\Users\ultra\warewolf\Dev\Warewolf.Studio.Models\Warewolf.Studio.Models.csproj : warning NU1701: Package 'Prism.Wpf 9.0.537' was restored using '.NETFramework,Version=v4.6.1, .NETFramework,Version=v4.6.2, .NETFramework,Version=v4.7, .NETFramework,Version=v4.7.1, .NETFramework,Version=v4.7.2, .NETFramework,Version=v4.8, .NETFramework,Version=v4.8.1' instead of the project target framework 'net8.0'. This package may not be fully compatible with your project.
C:\Users\ultra\warewolf\Dev\Warewolf.Studio.Models\Warewolf.Studio.Models.csproj : warning NU1701: Package 'ReactiveUI.WPF 18.4.1' was restored using '.NETFramework,Version=v4.6.1, .NETFramework,Version=v4.6.2, .NETFramework,Version=v4.7, .NETFramework,Version=v4.7.1, .NETFramework,Version=v4.7.2, .NETFramework,Version=v4.8, .NETFramework,Version=v4.8.1' instead of the project target framework 'net8.0'. This package may not be fully compatible with your project.
C:\Users\ultra\warewolf\Dev\Warewolf.Studio.Models\Warewolf.Studio.Models.csproj : warning NU1701: Package 'TaskSchedulerEditor 2.10.1' was restored using '.NETFramework,Version=v4.6.1, .NETFramework,Version=v4.6.2, .NETFramework,Version=v4.7, .NETFramework,Version=v4.7.1, .NETFramework,Version=v4.7.2, .NETFramework,Version=v4.8, .NETFramework,Version=v4.8.1' instead of the project target framework 'net8.0'. This package may not be fully compatible with your project.
C:\Users\ultra\warewolf\Dev\Warewolf.ResourceManagement\Warewolf.ResourceManagement.csproj : warning NU1701: Package 'AeroWizard 2.3.1' was restored using '.NETFramework,Version=v4.6.1, .NETFramework,Version=v4.6.2, .NETFramework,Version=v4.7, .NETFramework,Version=v4.7.1, .NETFramework,Version=v4.7.2, .NETFramework,Version=v4.8, .NETFramework,Version=v4.8.1' instead of the project target framework 'net8.0'. This package may not be fully compatible with your project.
C:\Users\ultra\warewolf\Dev\Warewolf.ResourceManagement\Warewolf.ResourceManagement.csproj : warning NU1701: Package 'GroupControls 1.9.0' was restored using '.NETFramework,Version=v4.6.1, .NETFramework,Version=v4.6.2, .NETFramework,Version=v4.7, .NETFramework,Version=v4.7.1, .NETFramework,Version=v4.7.2, .NETFramework,Version=v4.8, .NETFramework,Version=v4.8.1' instead of the project target framework 'net8.0'. This package may not be fully compatible with your project.
C:\Users\ultra\warewolf\Dev\Warewolf.ResourceManagement\Warewolf.ResourceManagement.csproj : warning NU1701: Package 'ReactiveUI.WPF 18.4.1' was restored using '.NETFramework,Version=v4.6.1, .NETFramework,Version=v4.6.2, .NETFramework,Version=v4.7, .NETFramework,Version=v4.7.1, .NETFramework,Version=v4.7.2, .NETFramework,Version=v4.8, .NETFramework,Version=v4.8.1' instead of the project target framework 'net8.0'. This package may not be fully compatible with your project.
C:\Users\ultra\warewolf\Dev\Warewolf.ResourceManagement\Warewolf.ResourceManagement.csproj : warning NU1701: Package 'TaskSchedulerEditor 2.10.1' was restored using '.NETFramework,Version=v4.6.1, .NETFramework,Version=v4.6.2, .NETFramework,Version=v4.7, .NETFramework,Version=v4.7.1, .NETFramework,Version=v4.7.2, .NETFramework,Version=v4.8, .NETFramework,Version=v4.8.1' instead of the project target framework 'net8.0'. This package may not be fully compatible with your project.
C:\Users\ultra\warewolf\Dev\Dev2.Development.Languages\Dev2.Development.Languages.csproj : warning NU1701: Package 'AeroWizard 2.3.1' was restored using '.NETFramework,Version=v4.6.1, .NETFramework,Version=v4.6.2, .NETFramework,Version=v4.7, .NETFramework,Version=v4.7.1, .NETFramework,Version=v4.7.2, .NETFramework,Version=v4.8, .NETFramework,Version=v4.8.1' instead of the project target framework 'net8.0'. This package may not be fully compatible with your project.
C:\Users\ultra\warewolf\Dev\Dev2.Development.Languages\Dev2.Development.Languages.csproj : warning NU1701: Package 'GroupControls 1.9.0' was restored using '.NETFramework,Version=v4.6.1, .NETFramework,Version=v4.6.2, .NETFramework,Version=v4.7, .NETFramework,Version=v4.7.1, .NETFramework,Version=v4.7.2, .NETFramework,Version=v4.8, .NETFramework,Version=v4.8.1' instead of the project target framework 'net8.0'. This package may not be fully compatible with your project.
C:\Users\ultra\warewolf\Dev\Dev2.Development.Languages\Dev2.Development.Languages.csproj : warning NU1701: Package 'TaskSchedulerEditor 2.10.1' was restored using '.NETFramework,Version=v4.6.1, .NETFramework,Version=v4.6.2, .NETFramework,Version=v4.7, .NETFramework,Version=v4.7.1, .NETFramework,Version=v4.7.2, .NETFramework,Version=v4.8, .NETFramework,Version=v4.8.1' instead of the project target framework 'net8.0'. This package may not be fully compatible with your project.
C:\Users\ultra\warewolf\Dev\Warewolf.Storage.Interfaces\Warewolf.Storage.Interfaces.csproj : warning NU1701: Package 'AeroWizard 2.3.1' was restored using '.NETFramework,Version=v4.6.1, .NETFramework,Version=v4.6.2, .NETFramework,Version=v4.7, .NETFramework,Version=v4.7.1, .NETFramework,Version=v4.7.2, .NETFramework,Version=v4.8, .NETFramework,Version=v4.8.1' instead of the project target framework 'net8.0'. This package may not be fully compatible with your project.
C:\Users\ultra\warewolf\Dev\Warewolf.Storage.Interfaces\Warewolf.Storage.Interfaces.csproj : warning NU1701: Package 'GroupControls 1.9.0' was restored using '.NETFramework,Version=v4.6.1, .NETFramework,Version=v4.6.2, .NETFramework,Version=v4.7, .NETFramework,Version=v4.7.1, .NETFramework,Version=v4.7.2, .NETFramework,Version=v4.8, .NETFramework,Version=v4.8.1' instead of the project target framework 'net8.0'. This package may not be fully compatible with your project.
C:\Users\ultra\warewolf\Dev\Warewolf.Storage.Interfaces\Warewolf.Storage.Interfaces.csproj : warning NU1701: Package 'TaskSchedulerEditor 2.10.1' was restored using '.NETFramework,Version=v4.6.1, .NETFramework,Version=v4.6.2, .NETFramework,Version=v4.7, .NETFramework,Version=v4.7.1, .NETFramework,Version=v4.7.2, .NETFramework,Version=v4.8, .NETFramework,Version=v4.8.1' instead of the project target framework 'net8.0'. This package may not be fully compatible with your project.
C:\Users\ultra\warewolf\Dev\Dev2.Runtime.Configuration.Tests\Dev2.Runtime.Configuration.Tests.csproj : warning NU1701: Package 'AeroWizard 2.3.1' was restored using '.NETFramework,Version=v4.6.1, .NETFramework,Version=v4.6.2, .NETFramework,Version=v4.7, .NETFramework,Version=v4.7.1, .NETFramework,Version=v4.7.2, .NETFramework,Version=v4.8, .NETFramework,Version=v4.8.1' instead of the project target framework 'net8.0'. This package may not be fully compatible with your project.
C:\Users\ultra\warewolf\Dev\Dev2.Runtime.Configuration.Tests\Dev2.Runtime.Configuration.Tests.csproj : warning NU1701: Package 'GroupControls 1.9.0' was restored using '.NETFramework,Version=v4.6.1, .NETFramework,Version=v4.6.2, .NETFramework,Version=v4.7, .NETFramework,Version=v4.7.1, .NETFramework,Version=v4.7.2, .NETFramework,Version=v4.8, .NETFramework,Version=v4.8.1' instead of the project target framework 'net8.0'. This package may not be fully compatible with your project.
C:\Users\ultra\warewolf\Dev\Dev2.Runtime.Configuration.Tests\Dev2.Runtime.Configuration.Tests.csproj : warning NU1701: Package 'TaskSchedulerEditor 2.10.1' was restored using '.NETFramework,Version=v4.6.1, .NETFramework,Version=v4.6.2, .NETFramework,Version=v4.7, .NETFramework,Version=v4.7.1, .NETFramework,Version=v4.7.2, .NETFramework,Version=v4.8, .NETFramework,Version=v4.8.1' instead of the project target framework 'net8.0'. This package may not be fully compatible with your project.
C:\Users\ultra\warewolf\Dev\Dev2.Runtime.WebServer\Dev2.Runtime.WebServer.csproj : warning NU1902: Package 'System.IdentityModel.Tokens.Jwt' 5.1.0 has a known moderate severity vulnerability, https://github.com/advisories/GHSA-59j7-ghrg-fj52
C:\Users\ultra\warewolf\Dev\Dev2.Runtime.WebServer\Dev2.Runtime.WebServer.csproj : warning NU1701: Package 'AeroWizard 2.3.1' was restored using '.NETFramework,Version=v4.6.1, .NETFramework,Version=v4.6.2, .NETFramework,Version=v4.7, .NETFramework,Version=v4.7.1, .NETFramework,Version=v4.7.2, .NETFramework,Version=v4.8, .NETFramework,Version=v4.8.1' instead of the project target framework 'net8.0'. This package may not be fully compatible with your project.
C:\Users\ultra\warewolf\Dev\Dev2.Runtime.WebServer\Dev2.Runtime.WebServer.csproj : warning NU1701: Package 'GroupControls 1.9.0' was restored using '.NETFramework,Version=v4.6.1, .NETFramework,Version=v4.6.2, .NETFramework,Version=v4.7, .NETFramework,Version=v4.7.1, .NETFramework,Version=v4.7.2, .NETFramework,Version=v4.8, .NETFramework,Version=v4.8.1' instead of the project target framework 'net8.0'. This package may not be fully compatible with your project.
C:\Users\ultra\warewolf\Dev\Dev2.Runtime.WebServer\Dev2.Runtime.WebServer.csproj : warning NU1701: Package 'Microsoft.Xaml.Behaviors.Wpf 1.1.122' was restored using '.NETFramework,Version=v4.6.1, .NETFramework,Version=v4.6.2, .NETFramework,Version=v4.7, .NETFramework,Version=v4.7.1, .NETFramework,Version=v4.7.2, .NETFramework,Version=v4.8, .NETFramework,Version=v4.8.1' instead of the project target framework 'net8.0'. This package may not be fully compatible with your project.
C:\Users\ultra\warewolf\Dev\Dev2.Runtime.WebServer\Dev2.Runtime.WebServer.csproj : warning NU1701: Package 'Prism.Wpf 9.0.537' was restored using '.NETFramework,Version=v4.6.1, .NETFramework,Version=v4.6.2, .NETFramework,Version=v4.7, .NETFramework,Version=v4.7.1, .NETFramework,Version=v4.7.2, .NETFramework,Version=v4.8, .NETFramework,Version=v4.8.1' instead of the project target framework 'net8.0'. This package may not be fully compatible with your project.
C:\Users\ultra\warewolf\Dev\Dev2.Runtime.WebServer\Dev2.Runtime.WebServer.csproj : warning NU1701: Package 'ReactiveUI.WPF 18.4.1' was restored using '.NETFramework,Version=v4.6.1, .NETFramework,Version=v4.6.2, .NETFramework,Version=v4.7, .NETFramework,Version=v4.7.1, .NETFramework,Version=v4.7.2, .NETFramework,Version=v4.8, .NETFramework,Version=v4.8.1' instead of the project target framework 'net8.0'. This package may not be fully compatible with your project.
C:\Users\ultra\warewolf\Dev\Dev2.Runtime.WebServer\Dev2.Runtime.WebServer.csproj : warning NU1701: Package 'TaskSchedulerEditor 2.10.1' was restored using '.NETFramework,Version=v4.6.1, .NETFramework,Version=v4.6.2, .NETFramework,Version=v4.7, .NETFramework,Version=v4.7.1, .NETFramework,Version=v4.7.2, .NETFramework,Version=v4.8, .NETFramework,Version=v4.8.1' instead of the project target framework 'net8.0'. This package may not be fully compatible with your project.
C:\Users\ultra\warewolf\Dev\Dev2.Runtime\Dev2.Runtime.csproj : warning NU1903: Package 'Microsoft.Windows.Compatibility' 6.0.0 has a known high severity vulnerability, https://github.com/advisories/GHSA-555c-2p6r-68mm
C:\Users\ultra\warewolf\Dev\Warewolf.Common\Warewolf.Common.csproj : warning NU1701: Package 'AeroWizard 2.3.1' was restored using '.NETFramework,Version=v4.6.1, .NETFramework,Version=v4.6.2, .NETFramework,Version=v4.7, .NETFramework,Version=v4.7.1, .NETFramework,Version=v4.7.2, .NETFramework,Version=v4.8, .NETFramework,Version=v4.8.1' instead of the project target framework 'net8.0'. This package may not be fully compatible with your project.
C:\Users\ultra\warewolf\Dev\Dev2.Runtime\Dev2.Runtime.csproj : warning NU1701: Package 'AeroWizard 2.3.1' was restored using '.NETFramework,Version=v4.6.1, .NETFramework,Version=v4.6.2, .NETFramework,Version=v4.7, .NETFramework,Version=v4.7.1, .NETFramework,Version=v4.7.2, .NETFramework,Version=v4.8, .NETFramework,Version=v4.8.1' instead of the project target framework 'net8.0'. This package may not be fully compatible with your project.
C:\Users\ultra\warewolf\Dev\Warewolf.Common\Warewolf.Common.csproj : warning NU1701: Package 'GroupControls 1.9.0' was restored using '.NETFramework,Version=v4.6.1, .NETFramework,Version=v4.6.2, .NETFramework,Version=v4.7, .NETFramework,Version=v4.7.1, .NETFramework,Version=v4.7.2, .NETFramework,Version=v4.8, .NETFramework,Version=v4.8.1' instead of the project target framework 'net8.0'. This package may not be fully compatible with your project.
C:\Users\ultra\warewolf\Dev\Dev2.Runtime\Dev2.Runtime.csproj : warning NU1701: Package 'GroupControls 1.9.0' was restored using '.NETFramework,Version=v4.6.1, .NETFramework,Version=v4.6.2, .NETFramework,Version=v4.7, .NETFramework,Version=v4.7.1, .NETFramework,Version=v4.7.2, .NETFramework,Version=v4.8, .NETFramework,Version=v4.8.1' instead of the project target framework 'net8.0'. This package may not be fully compatible with your project.
C:\Users\ultra\warewolf\Dev\Dev2.Runtime\Dev2.Runtime.csproj : warning NU1701: Package 'ReactiveUI.WPF 18.4.1' was restored using '.NETFramework,Version=v4.6.1, .NETFramework,Version=v4.6.2, .NETFramework,Version=v4.7, .NETFramework,Version=v4.7.1, .NETFramework,Version=v4.7.2, .NETFramework,Version=v4.8, .NETFramework,Version=v4.8.1' instead of the project target framework 'net8.0'. This package may not be fully compatible with your project.
C:\Users\ultra\warewolf\Dev\Warewolf.Common\Warewolf.Common.csproj : warning NU1701: Package 'TaskSchedulerEditor 2.10.1' was restored using '.NETFramework,Version=v4.6.1, .NETFramework,Version=v4.6.2, .NETFramework,Version=v4.7, .NETFramework,Version=v4.7.1, .NETFramework,Version=v4.7.2, .NETFramework,Version=v4.8, .NETFramework,Version=v4.8.1' instead of the project target framework 'net8.0'. This package may not be fully compatible with your project.
C:\Users\ultra\warewolf\Dev\Dev2.Runtime\Dev2.Runtime.csproj : warning NU1701: Package 'TaskSchedulerEditor 2.10.1' was restored using '.NETFramework,Version=v4.6.1, .NETFramework,Version=v4.6.2, .NETFramework,Version=v4.7, .NETFramework,Version=v4.7.1, .NETFramework,Version=v4.7.2, .NETFramework,Version=v4.8, .NETFramework,Version=v4.8.1' instead of the project target framework 'net8.0'. This package may not be fully compatible with your project.
C:\Users\ultra\warewolf\Dev\Dev2.Server\Dev2.Server.csproj : warning NU1903: Package 'Oracle.ManagedDataAccess.Core' 3.21.70 has a known high severity vulnerability, https://github.com/advisories/GHSA-5pm2-9mr2-3frq
C:\Users\ultra\warewolf\Dev\Dev2.Server\Dev2.Server.csproj : warning NU1701: Package 'AeroWizard 2.3.1' was restored using '.NETFramework,Version=v4.6.1, .NETFramework,Version=v4.6.2, .NETFramework,Version=v4.7, .NETFramework,Version=v4.7.1, .NETFramework,Version=v4.7.2, .NETFramework,Version=v4.8, .NETFramework,Version=v4.8.1' instead of the project target framework 'net8.0'. This package may not be fully compatible with your project.
C:\Users\ultra\warewolf\Dev\Dev2.Server\Dev2.Server.csproj : warning NU1701: Package 'GroupControls 1.9.0' was restored using '.NETFramework,Version=v4.6.1, .NETFramework,Version=v4.6.2, .NETFramework,Version=v4.7, .NETFramework,Version=v4.7.1, .NETFramework,Version=v4.7.2, .NETFramework,Version=v4.8, .NETFramework,Version=v4.8.1' instead of the project target framework 'net8.0'. This package may not be fully compatible with your project.
C:\Users\ultra\warewolf\Dev\Dev2.Server\Dev2.Server.csproj : warning NU1701: Package 'Microsoft.Xaml.Behaviors.Wpf 1.1.122' was restored using '.NETFramework,Version=v4.6.1, .NETFramework,Version=v4.6.2, .NETFramework,Version=v4.7, .NETFramework,Version=v4.7.1, .NETFramework,Version=v4.7.2, .NETFramework,Version=v4.8, .NETFramework,Version=v4.8.1' instead of the project target framework 'net8.0'. This package may not be fully compatible with your project.
C:\Users\ultra\warewolf\Dev\Dev2.Server\Dev2.Server.csproj : warning NU1701: Package 'Prism.Wpf 9.0.537' was restored using '.NETFramework,Version=v4.6.1, .NETFramework,Version=v4.6.2, .NETFramework,Version=v4.7, .NETFramework,Version=v4.7.1, .NETFramework,Version=v4.7.2, .NETFramework,Version=v4.8, .NETFramework,Version=v4.8.1' instead of the project target framework 'net8.0'. This package may not be fully compatible with your project.
C:\Users\ultra\warewolf\Dev\Dev2.Server\Dev2.Server.csproj : warning NU1701: Package 'ReactiveUI.WPF 18.4.1' was restored using '.NETFramework,Version=v4.6.1, .NETFramework,Version=v4.6.2, .NETFramework,Version=v4.7, .NETFramework,Version=v4.7.1, .NETFramework,Version=v4.7.2, .NETFramework,Version=v4.8, .NETFramework,Version=v4.8.1' instead of the project target framework 'net8.0'. This package may not be fully compatible with your project.
C:\Users\ultra\warewolf\Dev\Dev2.Server\Dev2.Server.csproj : warning NU1701: Package 'TaskSchedulerEditor 2.10.1' was restored using '.NETFramework,Version=v4.6.1, .NETFramework,Version=v4.6.2, .NETFramework,Version=v4.7, .NETFramework,Version=v4.7.1, .NETFramework,Version=v4.7.2, .NETFramework,Version=v4.8, .NETFramework,Version=v4.8.1' instead of the project target framework 'net8.0'. This package may not be fully compatible with your project.
C:\Users\ultra\warewolf\Dev\Warewolf.HangfireServer\Warewolf.HangfireServer.csproj : warning NU1903: Package 'Microsoft.Windows.Compatibility' 6.0.0 has a known high severity vulnerability, https://github.com/advisories/GHSA-555c-2p6r-68mm
C:\Users\ultra\warewolf\Dev\Warewolf.HangfireServer\Warewolf.HangfireServer.csproj : warning NU1701: Package 'AeroWizard 2.3.1' was restored using '.NETFramework,Version=v4.6.1, .NETFramework,Version=v4.6.2, .NETFramework,Version=v4.7, .NETFramework,Version=v4.7.1, .NETFramework,Version=v4.7.2, .NETFramework,Version=v4.8, .NETFramework,Version=v4.8.1' instead of the project target framework 'net8.0'. This package may not be fully compatible with your project.
C:\Users\ultra\warewolf\Dev\Warewolf.HangfireServer\Warewolf.HangfireServer.csproj : warning NU1701: Package 'GroupControls 1.9.0' was restored using '.NETFramework,Version=v4.6.1, .NETFramework,Version=v4.6.2, .NETFramework,Version=v4.7, .NETFramework,Version=v4.7.1, .NETFramework,Version=v4.7.2, .NETFramework,Version=v4.8, .NETFramework,Version=v4.8.1' instead of the project target framework 'net8.0'. This package may not be fully compatible with your project.
C:\Users\ultra\warewolf\Dev\Warewolf.HangfireServer\Warewolf.HangfireServer.csproj : warning NU1701: Package 'ReactiveUI.WPF 18.4.1' was restored using '.NETFramework,Version=v4.6.1, .NETFramework,Version=v4.6.2, .NETFramework,Version=v4.7, .NETFramework,Version=v4.7.1, .NETFramework,Version=v4.7.2, .NETFramework,Version=v4.8, .NETFramework,Version=v4.8.1' instead of the project target framework 'net8.0'. This package may not be fully compatible with your project.
C:\Users\ultra\warewolf\Dev\Warewolf.HangfireServer\Warewolf.HangfireServer.csproj : warning NU1701: Package 'TaskSchedulerEditor 2.10.1' was restored using '.NETFramework,Version=v4.6.1, .NETFramework,Version=v4.6.2, .NETFramework,Version=v4.7, .NETFramework,Version=v4.7.1, .NETFramework,Version=v4.7.2, .NETFramework,Version=v4.8, .NETFramework,Version=v4.8.1' instead of the project target framework 'net8.0'. This package may not be fully compatible with your project.
C:\Users\ultra\warewolf\Dev\Warewolf.QueueWorker\Warewolf.QueueWorker.csproj : warning NU1701: Package 'AeroWizard 2.3.1' was restored using '.NETFramework,Version=v4.6.1, .NETFramework,Version=v4.6.2, .NETFramework,Version=v4.7, .NETFramework,Version=v4.7.1, .NETFramework,Version=v4.7.2, .NETFramework,Version=v4.8, .NETFramework,Version=v4.8.1' instead of the project target framework 'net8.0'. This package may not be fully compatible with your project.
C:\Users\ultra\warewolf\Dev\Warewolf.QueueWorker\Warewolf.QueueWorker.csproj : warning NU1701: Package 'GroupControls 1.9.0' was restored using '.NETFramework,Version=v4.6.1, .NETFramework,Version=v4.6.2, .NETFramework,Version=v4.7, .NETFramework,Version=v4.7.1, .NETFramework,Version=v4.7.2, .NETFramework,Version=v4.8, .NETFramework,Version=v4.8.1' instead of the project target framework 'net8.0'. This package may not be fully compatible with your project.
C:\Users\ultra\warewolf\Dev\Warewolf.QueueWorker\Warewolf.QueueWorker.csproj : warning NU1701: Package 'Microsoft.Xaml.Behaviors.Wpf 1.1.122' was restored using '.NETFramework,Version=v4.6.1, .NETFramework,Version=v4.6.2, .NETFramework,Version=v4.7, .NETFramework,Version=v4.7.1, .NETFramework,Version=v4.7.2, .NETFramework,Version=v4.8, .NETFramework,Version=v4.8.1' instead of the project target framework 'net8.0'. This package may not be fully compatible with your project.
C:\Users\ultra\warewolf\Dev\Warewolf.QueueWorker\Warewolf.QueueWorker.csproj : warning NU1701: Package 'Prism.Wpf 9.0.537' was restored using '.NETFramework,Version=v4.6.1, .NETFramework,Version=v4.6.2, .NETFramework,Version=v4.7, .NETFramework,Version=v4.7.1, .NETFramework,Version=v4.7.2, .NETFramework,Version=v4.8, .NETFramework,Version=v4.8.1' instead of the project target framework 'net8.0'. This package may not be fully compatible with your project.
C:\Users\ultra\warewolf\Dev\Warewolf.QueueWorker\Warewolf.QueueWorker.csproj : warning NU1701: Package 'ReactiveUI.WPF 18.4.1' was restored using '.NETFramework,Version=v4.6.1, .NETFramework,Version=v4.6.2, .NETFramework,Version=v4.7, .NETFramework,Version=v4.7.1, .NETFramework,Version=v4.7.2, .NETFramework,Version=v4.8, .NETFramework,Version=v4.8.1' instead of the project target framework 'net8.0'. This package may not be fully compatible with your project.
C:\Users\ultra\warewolf\Dev\Warewolf.QueueWorker\Warewolf.QueueWorker.csproj : warning NU1701: Package 'TaskSchedulerEditor 2.10.1' was restored using '.NETFramework,Version=v4.6.1, .NETFramework,Version=v4.6.2, .NETFramework,Version=v4.7, .NETFramework,Version=v4.7.1, .NETFramework,Version=v4.7.2, .NETFramework,Version=v4.8, .NETFramework,Version=v4.8.1' instead of the project target framework 'net8.0'. This package may not be fully compatible with your project.
C:\Users\ultra\warewolf\Dev\Warewolf.PerfMon\Warewolf.PerfMon.csproj : warning NU1701: Package 'AeroWizard 2.3.1' was restored using '.NETFramework,Version=v4.6.1, .NETFramework,Version=v4.6.2, .NETFramework,Version=v4.7, .NETFramework,Version=v4.7.1, .NETFramework,Version=v4.7.2, .NETFramework,Version=v4.8, .NETFramework,Version=v4.8.1' instead of the project target framework 'net8.0'. This package may not be fully compatible with your project.
C:\Users\ultra\warewolf\Dev\Warewolf.PerfMon\Warewolf.PerfMon.csproj : warning NU1701: Package 'GroupControls 1.9.0' was restored using '.NETFramework,Version=v4.6.1, .NETFramework,Version=v4.6.2, .NETFramework,Version=v4.7, .NETFramework,Version=v4.7.1, .NETFramework,Version=v4.7.2, .NETFramework,Version=v4.8, .NETFramework,Version=v4.8.1' instead of the project target framework 'net8.0'. This package may not be fully compatible with your project.
C:\Users\ultra\warewolf\Dev\Warewolf.PerfMon\Warewolf.PerfMon.csproj : warning NU1701: Package 'ReactiveUI.WPF 18.4.1' was restored using '.NETFramework,Version=v4.6.1, .NETFramework,Version=v4.6.2, .NETFramework,Version=v4.7, .NETFramework,Version=v4.7.1, .NETFramework,Version=v4.7.2, .NETFramework,Version=v4.8, .NETFramework,Version=v4.8.1' instead of the project target framework 'net8.0'. This package may not be fully compatible with your project.
C:\Users\ultra\warewolf\Dev\Warewolf.PerfMon\Warewolf.PerfMon.csproj : warning NU1701: Package 'TaskSchedulerEditor 2.10.1' was restored using '.NETFramework,Version=v4.6.1, .NETFramework,Version=v4.6.2, .NETFramework,Version=v4.7, .NETFramework,Version=v4.7.1, .NETFramework,Version=v4.7.2, .NETFramework,Version=v4.8, .NETFramework,Version=v4.8.1' instead of the project target framework 'net8.0'. This package may not be fully compatible with your project.
C:\Users\ultra\warewolf\Dev\Dev2.TaskScheduler.Wrappers\Dev2.TaskScheduler.Wrappers.csproj : warning NU1701: Package 'AeroWizard 2.3.1' was restored using '.NETFramework,Version=v4.6.1, .NETFramework,Version=v4.6.2, .NETFramework,Version=v4.7, .NETFramework,Version=v4.7.1, .NETFramework,Version=v4.7.2, .NETFramework,Version=v4.8, .NETFramework,Version=v4.8.1' instead of the project target framework 'net8.0'. This package may not be fully compatible with your project.
C:\Users\ultra\warewolf\Dev\Warewolf.Common.Framework48\Warewolf.Common.Framework48.csproj : warning NU1902: Package 'System.IdentityModel.Tokens.Jwt' 5.1.0 has a known moderate severity vulnerability, https://github.com/advisories/GHSA-59j7-ghrg-fj52
C:\Users\ultra\warewolf\Dev\Warewolf.Common.Framework48\Warewolf.Common.Framework48.csproj : warning NU1701: Package 'AeroWizard 2.3.1' was restored using '.NETFramework,Version=v4.6.1, .NETFramework,Version=v4.6.2, .NETFramework,Version=v4.7, .NETFramework,Version=v4.7.1, .NETFramework,Version=v4.7.2, .NETFramework,Version=v4.8, .NETFramework,Version=v4.8.1' instead of the project target framework 'net8.0'. This package may not be fully compatible with your project.
C:\Users\ultra\warewolf\Dev\Warewolf.Common.Framework48\Warewolf.Common.Framework48.csproj : warning NU1701: Package 'GroupControls 1.9.0' was restored using '.NETFramework,Version=v4.6.1, .NETFramework,Version=v4.6.2, .NETFramework,Version=v4.7, .NETFramework,Version=v4.7.1, .NETFramework,Version=v4.7.2, .NETFramework,Version=v4.8, .NETFramework,Version=v4.8.1' instead of the project target framework 'net8.0'. This package may not be fully compatible with your project.
C:\Users\ultra\warewolf\Dev\Warewolf.Common.Framework48\Warewolf.Common.Framework48.csproj : warning NU1701: Package 'Microsoft.Xaml.Behaviors.Wpf 1.1.122' was restored using '.NETFramework,Version=v4.6.1, .NETFramework,Version=v4.6.2, .NETFramework,Version=v4.7, .NETFramework,Version=v4.7.1, .NETFramework,Version=v4.7.2, .NETFramework,Version=v4.8, .NETFramework,Version=v4.8.1' instead of the project target framework 'net8.0'. This package may not be fully compatible with your project.
C:\Users\ultra\warewolf\Dev\Warewolf.Common.Framework48\Warewolf.Common.Framework48.csproj : warning NU1701: Package 'Prism.Wpf 9.0.537' was restored using '.NETFramework,Version=v4.6.1, .NETFramework,Version=v4.6.2, .NETFramework,Version=v4.7, .NETFramework,Version=v4.7.1, .NETFramework,Version=v4.7.2, .NETFramework,Version=v4.8, .NETFramework,Version=v4.8.1' instead of the project target framework 'net8.0'. This package may not be fully compatible with your project.
C:\Users\ultra\warewolf\Dev\Warewolf.Common.Framework48\Warewolf.Common.Framework48.csproj : warning NU1701: Package 'ReactiveUI.WPF 18.4.1' was restored using '.NETFramework,Version=v4.6.1, .NETFramework,Version=v4.6.2, .NETFramework,Version=v4.7, .NETFramework,Version=v4.7.1, .NETFramework,Version=v4.7.2, .NETFramework,Version=v4.8, .NETFramework,Version=v4.8.1' instead of the project target framework 'net8.0'. This package may not be fully compatible with your project.
C:\Users\ultra\warewolf\Dev\Warewolf.Common.Framework48\Warewolf.Common.Framework48.csproj : warning NU1701: Package 'TaskSchedulerEditor 2.10.1' was restored using '.NETFramework,Version=v4.6.1, .NETFramework,Version=v4.6.2, .NETFramework,Version=v4.7, .NETFramework,Version=v4.7.1, .NETFramework,Version=v4.7.2, .NETFramework,Version=v4.8, .NETFramework,Version=v4.8.1' instead of the project target framework 'net8.0'. This package may not be fully compatible with your project.
C:\Users\ultra\warewolf\Dev\Dev2.TaskScheduler.Wrappers\Dev2.TaskScheduler.Wrappers.csproj : warning NU1701: Package 'GroupControls 1.9.0' was restored using '.NETFramework,Version=v4.6.1, .NETFramework,Version=v4.6.2, .NETFramework,Version=v4.7, .NETFramework,Version=v4.7.1, .NETFramework,Version=v4.7.2, .NETFramework,Version=v4.8, .NETFramework,Version=v4.8.1' instead of the project target framework 'net8.0'. This package may not be fully compatible with your project.
C:\Users\ultra\warewolf\Dev\Dev2.TaskScheduler.Wrappers\Dev2.TaskScheduler.Wrappers.csproj : warning NU1701: Package 'TaskSchedulerEditor 2.10.1' was restored using '.NETFramework,Version=v4.6.1, .NETFramework,Version=v4.6.2, .NETFramework,Version=v4.7, .NETFramework,Version=v4.7.1, .NETFramework,Version=v4.7.2, .NETFramework,Version=v4.8, .NETFramework,Version=v4.8.1' instead of the project target framework 'net8.0'. This package may not be fully compatible with your project.
C:\Users\ultra\warewolf\Dev\Warewolf.Driver.Persistence\Warewolf.Driver.Persistence.csproj : warning NU1701: Package 'AeroWizard 2.3.1' was restored using '.NETFramework,Version=v4.6.1, .NETFramework,Version=v4.6.2, .NETFramework,Version=v4.7, .NETFramework,Version=v4.7.1, .NETFramework,Version=v4.7.2, .NETFramework,Version=v4.8, .NETFramework,Version=v4.8.1' instead of the project target framework 'net8.0'. This package may not be fully compatible with your project.
C:\Users\ultra\warewolf\Dev\Warewolf.Driver.Persistence\Warewolf.Driver.Persistence.csproj : warning NU1701: Package 'GroupControls 1.9.0' was restored using '.NETFramework,Version=v4.6.1, .NETFramework,Version=v4.6.2, .NETFramework,Version=v4.7, .NETFramework,Version=v4.7.1, .NETFramework,Version=v4.7.2, .NETFramework,Version=v4.8, .NETFramework,Version=v4.8.1' instead of the project target framework 'net8.0'. This package may not be fully compatible with your project.
C:\Users\ultra\warewolf\Dev\Warewolf.Driver.Persistence\Warewolf.Driver.Persistence.csproj : warning NU1701: Package 'ReactiveUI.WPF 18.4.1' was restored using '.NETFramework,Version=v4.6.1, .NETFramework,Version=v4.6.2, .NETFramework,Version=v4.7, .NETFramework,Version=v4.7.1, .NETFramework,Version=v4.7.2, .NETFramework,Version=v4.8, .NETFramework,Version=v4.8.1' instead of the project target framework 'net8.0'. This package may not be fully compatible with your project.
C:\Users\ultra\warewolf\Dev\Warewolf.Driver.Persistence\Warewolf.Driver.Persistence.csproj : warning NU1701: Package 'TaskSchedulerEditor 2.10.1' was restored using '.NETFramework,Version=v4.6.1, .NETFramework,Version=v4.6.2, .NETFramework,Version=v4.7, .NETFramework,Version=v4.7.1, .NETFramework,Version=v4.7.2, .NETFramework,Version=v4.8, .NETFramework,Version=v4.8.1' instead of the project target framework 'net8.0'. This package may not be fully compatible with your project.
C:\Program Files\dotnet\sdk\10.0.201\Sdks\Microsoft.NET.Sdk\targets\Microsoft.NET.Sdk.DefaultItems.targets(162,5): warning NETSDK1137: It is no longer necessary to use the Microsoft.NET.Sdk.WindowsDesktop SDK. Consider changing the Sdk attribute of the root Project element to 'Microsoft.NET.Sdk'. [C:\Users\ultra\warewolf\Dev\Dev2.Studio\Dev2.Studio.csproj]
C:\Program Files\dotnet\sdk\10.0.201\Sdks\Microsoft.NET.Sdk.WindowsDesktop\targets\Microsoft.NET.Sdk.WindowsDesktop.targets(138,5): warning NETSDK1106: Microsoft.NET.Sdk.WindowsDesktop requires 'UseWpf' or 'UseWindowsForms' to be set to 'true' [C:\Users\ultra\warewolf\Dev\Dev2.Studio\Dev2.Studio.csproj]
C:\Users\ultra\warewolf\Dev\Warewolf.Logger\Warewolf.Logger.csproj : warning NU1701: Package 'AeroWizard 2.3.1' was restored using '.NETFramework,Version=v4.6.1, .NETFramework,Version=v4.6.2, .NETFramework,Version=v4.7, .NETFramework,Version=v4.7.1, .NETFramework,Version=v4.7.2, .NETFramework,Version=v4.8, .NETFramework,Version=v4.8.1' instead of the project target framework 'net8.0'. This package may not be fully compatible with your project.
C:\Users\ultra\warewolf\Dev\Warewolf.Logger\Warewolf.Logger.csproj : warning NU1701: Package 'GroupControls 1.9.0' was restored using '.NETFramework,Version=v4.6.1, .NETFramework,Version=v4.6.2, .NETFramework,Version=v4.7, .NETFramework,Version=v4.7.1, .NETFramework,Version=v4.7.2, .NETFramework,Version=v4.8, .NETFramework,Version=v4.8.1' instead of the project target framework 'net8.0'. This package may not be fully compatible with your project.
C:\Users\ultra\warewolf\Dev\Warewolf.Logger\Warewolf.Logger.csproj : warning NU1701: Package 'Microsoft.Xaml.Behaviors.Wpf 1.1.122' was restored using '.NETFramework,Version=v4.6.1, .NETFramework,Version=v4.6.2, .NETFramework,Version=v4.7, .NETFramework,Version=v4.7.1, .NETFramework,Version=v4.7.2, .NETFramework,Version=v4.8, .NETFramework,Version=v4.8.1' instead of the project target framework 'net8.0'. This package may not be fully compatible with your project.
C:\Users\ultra\warewolf\Dev\Warewolf.Logger\Warewolf.Logger.csproj : warning NU1701: Package 'Prism.Wpf 9.0.537' was restored using '.NETFramework,Version=v4.6.1, .NETFramework,Version=v4.6.2, .NETFramework,Version=v4.7, .NETFramework,Version=v4.7.1, .NETFramework,Version=v4.7.2, .NETFramework,Version=v4.8, .NETFramework,Version=v4.8.1' instead of the project target framework 'net8.0'. This package may not be fully compatible with your project.
C:\Users\ultra\warewolf\Dev\Warewolf.Logger\Warewolf.Logger.csproj : warning NU1701: Package 'ReactiveUI.WPF 18.4.1' was restored using '.NETFramework,Version=v4.6.1, .NETFramework,Version=v4.6.2, .NETFramework,Version=v4.7, .NETFramework,Version=v4.7.1, .NETFramework,Version=v4.7.2, .NETFramework,Version=v4.8, .NETFramework,Version=v4.8.1' instead of the project target framework 'net8.0'. This package may not be fully compatible with your project.
C:\Users\ultra\warewolf\Dev\Warewolf.Logger\Warewolf.Logger.csproj : warning NU1701: Package 'TaskSchedulerEditor 2.10.1' was restored using '.NETFramework,Version=v4.6.1, .NETFramework,Version=v4.6.2, .NETFramework,Version=v4.7, .NETFramework,Version=v4.7.1, .NETFramework,Version=v4.7.2, .NETFramework,Version=v4.8, .NETFramework,Version=v4.8.1' instead of the project target framework 'net8.0'. This package may not be fully compatible with your project.
C:\Users\ultra\warewolf\Dev\Dev2.Studio\Dev2.Studio.csproj : warning NU1701: Package 'AeroWizard 2.3.1' was restored using '.NETFramework,Version=v4.6.1, .NETFramework,Version=v4.6.2, .NETFramework,Version=v4.7, .NETFramework,Version=v4.7.1, .NETFramework,Version=v4.7.2, .NETFramework,Version=v4.8, .NETFramework,Version=v4.8.1' instead of the project target framework 'net8.0'. This package may not be fully compatible with your project.
C:\Users\ultra\warewolf\Dev\Dev2.Studio\Dev2.Studio.csproj : warning NU1701: Package 'AvalonEdit 6.3.0.90' was restored using '.NETFramework,Version=v4.6.1, .NETFramework,Version=v4.6.2, .NETFramework,Version=v4.7, .NETFramework,Version=v4.7.1, .NETFramework,Version=v4.7.2, .NETFramework,Version=v4.8, .NETFramework,Version=v4.8.1' instead of the project target framework 'net8.0'. This package may not be fully compatible with your project.
C:\Users\ultra\warewolf\Dev\Dev2.Studio\Dev2.Studio.csproj : warning NU1701: Package 'CommonServiceLocator 1.2.0' was restored using '.NETFramework,Version=v4.6.1, .NETFramework,Version=v4.6.2, .NETFramework,Version=v4.7, .NETFramework,Version=v4.7.1, .NETFramework,Version=v4.7.2, .NETFramework,Version=v4.8, .NETFramework,Version=v4.8.1' instead of the project target framework 'net8.0'. This package may not be fully compatible with your project.
C:\Users\ultra\warewolf\Dev\Dev2.Studio\Dev2.Studio.csproj : warning NU1701: Package 'FontAwesome.WPF 4.7.0.9' was restored using '.NETFramework,Version=v4.6.1, .NETFramework,Version=v4.6.2, .NETFramework,Version=v4.7, .NETFramework,Version=v4.7.1, .NETFramework,Version=v4.7.2, .NETFramework,Version=v4.8, .NETFramework,Version=v4.8.1' instead of the project target framework 'net8.0'. This package may not be fully compatible with your project.
C:\Users\ultra\warewolf\Dev\Dev2.Studio\Dev2.Studio.csproj : warning NU1701: Package 'GroupControls 1.9.0' was restored using '.NETFramework,Version=v4.6.1, .NETFramework,Version=v4.6.2, .NETFramework,Version=v4.7, .NETFramework,Version=v4.7.1, .NETFramework,Version=v4.7.2, .NETFramework,Version=v4.8, .NETFramework,Version=v4.8.1' instead of the project target framework 'net8.0'. This package may not be fully compatible with your project.
C:\Users\ultra\warewolf\Dev\Dev2.Studio\Dev2.Studio.csproj : warning NU1701: Package 'Log4Net.Async 2.0.4' was restored using '.NETFramework,Version=v4.6.1, .NETFramework,Version=v4.6.2, .NETFramework,Version=v4.7, .NETFramework,Version=v4.7.1, .NETFramework,Version=v4.7.2, .NETFramework,Version=v4.8, .NETFramework,Version=v4.8.1' instead of the project target framework 'net8.0'. This package may not be fully compatible with your project.
C:\Users\ultra\warewolf\Dev\Dev2.Studio\Dev2.Studio.csproj : warning NU1701: Package 'Microsoft.Xaml.Behaviors.Wpf 1.1.122' was restored using '.NETFramework,Version=v4.6.1, .NETFramework,Version=v4.6.2, .NETFramework,Version=v4.7, .NETFramework,Version=v4.7.1, .NETFramework,Version=v4.7.2, .NETFramework,Version=v4.8, .NETFramework,Version=v4.8.1' instead of the project target framework 'net8.0'. This package may not be fully compatible with your project.
C:\Users\ultra\warewolf\Dev\Dev2.Studio\Dev2.Studio.csproj : warning NU1701: Package 'Prism.Composition 5.0.0' was restored using '.NETFramework,Version=v4.6.1, .NETFramework,Version=v4.6.2, .NETFramework,Version=v4.7, .NETFramework,Version=v4.7.1, .NETFramework,Version=v4.7.2, .NETFramework,Version=v4.8, .NETFramework,Version=v4.8.1' instead of the project target framework 'net8.0'. This package may not be fully compatible with your project.
C:\Users\ultra\warewolf\Dev\Dev2.Studio\Dev2.Studio.csproj : warning NU1701: Package 'Prism.Interactivity 5.0.0' was restored using '.NETFramework,Version=v4.6.1, .NETFramework,Version=v4.6.2, .NETFramework,Version=v4.7, .NETFramework,Version=v4.7.1, .NETFramework,Version=v4.7.2, .NETFramework,Version=v4.8, .NETFramework,Version=v4.8.1' instead of the project target framework 'net8.0'. This package may not be fully compatible with your project.
C:\Users\ultra\warewolf\Dev\Dev2.Studio\Dev2.Studio.csproj : warning NU1701: Package 'Prism.Mvvm 1.0.0' was restored using '.NETFramework,Version=v4.6.1, .NETFramework,Version=v4.6.2, .NETFramework,Version=v4.7, .NETFramework,Version=v4.7.1, .NETFramework,Version=v4.7.2, .NETFramework,Version=v4.8, .NETFramework,Version=v4.8.1' instead of the project target framework 'net8.0'. This package may not be fully compatible with your project.
C:\Users\ultra\warewolf\Dev\Dev2.Studio\Dev2.Studio.csproj : warning NU1701: Package 'Prism.PubSubEvents 1.0.0' was restored using '.NETFramework,Version=v4.6.1, .NETFramework,Version=v4.6.2, .NETFramework,Version=v4.7, .NETFramework,Version=v4.7.1, .NETFramework,Version=v4.7.2, .NETFramework,Version=v4.8, .NETFramework,Version=v4.8.1' instead of the project target framework 'net8.0'. This package may not be fully compatible with your project.
C:\Users\ultra\warewolf\Dev\Dev2.Studio\Dev2.Studio.csproj : warning NU1701: Package 'Prism.UnityExtensions 5.0.1' was restored using '.NETFramework,Version=v4.6.1, .NETFramework,Version=v4.6.2, .NETFramework,Version=v4.7, .NETFramework,Version=v4.7.1, .NETFramework,Version=v4.7.2, .NETFramework,Version=v4.8, .NETFramework,Version=v4.8.1' instead of the project target framework 'net8.0'. This package may not be fully compatible with your project.
C:\Users\ultra\warewolf\Dev\Dev2.Studio\Dev2.Studio.csproj : warning NU1701: Package 'Prism.Wpf 9.0.537' was restored using '.NETFramework,Version=v4.6.1, .NETFramework,Version=v4.6.2, .NETFramework,Version=v4.7, .NETFramework,Version=v4.7.1, .NETFramework,Version=v4.7.2, .NETFramework,Version=v4.8, .NETFramework,Version=v4.8.1' instead of the project target framework 'net8.0'. This package may not be fully compatible with your project.
C:\Users\ultra\warewolf\Dev\Dev2.Studio\Dev2.Studio.csproj : warning NU1701: Package 'ReactiveUI.WPF 18.4.1' was restored using '.NETFramework,Version=v4.6.1, .NETFramework,Version=v4.6.2, .NETFramework,Version=v4.7, .NETFramework,Version=v4.7.1, .NETFramework,Version=v4.7.2, .NETFramework,Version=v4.8, .NETFramework,Version=v4.8.1' instead of the project target framework 'net8.0'. This package may not be fully compatible with your project.
C:\Users\ultra\warewolf\Dev\Dev2.Studio\Dev2.Studio.csproj : warning NU1701: Package 'TaskSchedulerEditor 2.10.1' was restored using '.NETFramework,Version=v4.6.1, .NETFramework,Version=v4.6.2, .NETFramework,Version=v4.7, .NETFramework,Version=v4.7.1, .NETFramework,Version=v4.7.2, .NETFramework,Version=v4.8, .NETFramework,Version=v4.8.1' instead of the project target framework 'net8.0'. This package may not be fully compatible with your project.
C:\Users\ultra\warewolf\Dev\Dev2.Studio\Dev2.Studio.csproj : warning NU1701: Package 'Unofficial.Microsoft.mshtml 7.0.3300' was restored using '.NETFramework,Version=v4.6.1, .NETFramework,Version=v4.6.2, .NETFramework,Version=v4.7, .NETFramework,Version=v4.7.1, .NETFramework,Version=v4.7.2, .NETFramework,Version=v4.8, .NETFramework,Version=v4.8.1' instead of the project target framework 'net8.0'. This package may not be fully compatible with your project.
C:\Users\ultra\warewolf\Dev\Warewolf.Storage\Warewolf.Storage.csproj : warning NU1701: Package 'AeroWizard 2.3.1' was restored using '.NETFramework,Version=v4.6.1, .NETFramework,Version=v4.6.2, .NETFramework,Version=v4.7, .NETFramework,Version=v4.7.1, .NETFramework,Version=v4.7.2, .NETFramework,Version=v4.8, .NETFramework,Version=v4.8.1' instead of the project target framework 'net8.0'. This package may not be fully compatible with your project.
C:\Users\ultra\warewolf\Dev\Warewolf.Storage\Warewolf.Storage.csproj : warning NU1701: Package 'GroupControls 1.9.0' was restored using '.NETFramework,Version=v4.6.1, .NETFramework,Version=v4.6.2, .NETFramework,Version=v4.7, .NETFramework,Version=v4.7.1, .NETFramework,Version=v4.7.2, .NETFramework,Version=v4.8, .NETFramework,Version=v4.8.1' instead of the project target framework 'net8.0'. This package may not be fully compatible with your project.
C:\Users\ultra\warewolf\Dev\Warewolf.Storage\Warewolf.Storage.csproj : warning NU1701: Package 'ReactiveUI.WPF 18.4.1' was restored using '.NETFramework,Version=v4.6.1, .NETFramework,Version=v4.6.2, .NETFramework,Version=v4.7, .NETFramework,Version=v4.7.1, .NETFramework,Version=v4.7.2, .NETFramework,Version=v4.8, .NETFramework,Version=v4.8.1' instead of the project target framework 'net8.0'. This package may not be fully compatible with your project.
C:\Users\ultra\warewolf\Dev\Warewolf.Storage\Warewolf.Storage.csproj : warning NU1701: Package 'TaskSchedulerEditor 2.10.1' was restored using '.NETFramework,Version=v4.6.1, .NETFramework,Version=v4.6.2, .NETFramework,Version=v4.7, .NETFramework,Version=v4.7.1, .NETFramework,Version=v4.7.2, .NETFramework,Version=v4.8, .NETFramework,Version=v4.8.1' instead of the project target framework 'net8.0'. This package may not be fully compatible with your project.
C:\Users\ultra\warewolf\Dev\Warewolf.MergeParser.Tests\Warewolf.MergeParser.Tests.csproj : warning NU1701: Package 'AeroWizard 2.3.1' was restored using '.NETFramework,Version=v4.6.1, .NETFramework,Version=v4.6.2, .NETFramework,Version=v4.7, .NETFramework,Version=v4.7.1, .NETFramework,Version=v4.7.2, .NETFramework,Version=v4.8, .NETFramework,Version=v4.8.1' instead of the project target framework 'net8.0'. This package may not be fully compatible with your project.
C:\Users\ultra\warewolf\Dev\Warewolf.MergeParser.Tests\Warewolf.MergeParser.Tests.csproj : warning NU1701: Package 'GroupControls 1.9.0' was restored using '.NETFramework,Version=v4.6.1, .NETFramework,Version=v4.6.2, .NETFramework,Version=v4.7, .NETFramework,Version=v4.7.1, .NETFramework,Version=v4.7.2, .NETFramework,Version=v4.8, .NETFramework,Version=v4.8.1' instead of the project target framework 'net8.0'. This package may not be fully compatible with your project.
C:\Users\ultra\warewolf\Dev\Warewolf.MergeParser.Tests\Warewolf.MergeParser.Tests.csproj : warning NU1701: Package 'Microsoft.Xaml.Behaviors.Wpf 1.1.122' was restored using '.NETFramework,Version=v4.6.1, .NETFramework,Version=v4.6.2, .NETFramework,Version=v4.7, .NETFramework,Version=v4.7.1, .NETFramework,Version=v4.7.2, .NETFramework,Version=v4.8, .NETFramework,Version=v4.8.1' instead of the project target framework 'net8.0'. This package may not be fully compatible with your project.
C:\Users\ultra\warewolf\Dev\Warewolf.MergeParser.Tests\Warewolf.MergeParser.Tests.csproj : warning NU1701: Package 'Prism.Wpf 9.0.537' was restored using '.NETFramework,Version=v4.6.1, .NETFramework,Version=v4.6.2, .NETFramework,Version=v4.7, .NETFramework,Version=v4.7.1, .NETFramework,Version=v4.7.2, .NETFramework,Version=v4.8, .NETFramework,Version=v4.8.1' instead of the project target framework 'net8.0'. This package may not be fully compatible with your project.
C:\Users\ultra\warewolf\Dev\Warewolf.MergeParser.Tests\Warewolf.MergeParser.Tests.csproj : warning NU1701: Package 'ReactiveUI.WPF 18.4.1' was restored using '.NETFramework,Version=v4.6.1, .NETFramework,Version=v4.6.2, .NETFramework,Version=v4.7, .NETFramework,Version=v4.7.1, .NETFramework,Version=v4.7.2, .NETFramework,Version=v4.8, .NETFramework,Version=v4.8.1' instead of the project target framework 'net8.0'. This package may not be fully compatible with your project.
C:\Users\ultra\warewolf\Dev\Warewolf.MergeParser.Tests\Warewolf.MergeParser.Tests.csproj : warning NU1701: Package 'TaskSchedulerEditor 2.10.1' was restored using '.NETFramework,Version=v4.6.1, .NETFramework,Version=v4.6.2, .NETFramework,Version=v4.7, .NETFramework,Version=v4.7.1, .NETFramework,Version=v4.7.2, .NETFramework,Version=v4.8, .NETFramework,Version=v4.8.1' instead of the project target framework 'net8.0'. This package may not be fully compatible with your project.
C:\Program Files\dotnet\sdk\10.0.201\Sdks\Microsoft.NET.Sdk\targets\Microsoft.NET.Sdk.DefaultItems.targets(162,5): warning NETSDK1137: It is no longer necessary to use the Microsoft.NET.Sdk.WindowsDesktop SDK. Consider changing the Sdk attribute of the root Project element to 'Microsoft.NET.Sdk'. [C:\Users\ultra\warewolf\Dev\Warewolf.Studio.Views\Warewolf.Studio.Views.csproj]
C:\Program Files\dotnet\sdk\10.0.201\Sdks\Microsoft.NET.Sdk.WindowsDesktop\targets\Microsoft.NET.Sdk.WindowsDesktop.targets(138,5): warning NETSDK1106: Microsoft.NET.Sdk.WindowsDesktop requires 'UseWpf' or 'UseWindowsForms' to be set to 'true' [C:\Users\ultra\warewolf\Dev\Warewolf.Studio.Views\Warewolf.Studio.Views.csproj]
C:\Users\ultra\warewolf\Dev\Warewolf.Studio.Views\Warewolf.Studio.Views.csproj : warning NU1701: Package 'AeroWizard 2.3.1' was restored using '.NETFramework,Version=v4.6.1, .NETFramework,Version=v4.6.2, .NETFramework,Version=v4.7, .NETFramework,Version=v4.7.1, .NETFramework,Version=v4.7.2, .NETFramework,Version=v4.8, .NETFramework,Version=v4.8.1' instead of the project target framework 'net8.0'. This package may not be fully compatible with your project.
C:\Users\ultra\warewolf\Dev\Warewolf.Studio.Views\Warewolf.Studio.Views.csproj : warning NU1701: Package 'GroupControls 1.9.0' was restored using '.NETFramework,Version=v4.6.1, .NETFramework,Version=v4.6.2, .NETFramework,Version=v4.7, .NETFramework,Version=v4.7.1, .NETFramework,Version=v4.7.2, .NETFramework,Version=v4.8, .NETFramework,Version=v4.8.1' instead of the project target framework 'net8.0'. This package may not be fully compatible with your project.
C:\Users\ultra\warewolf\Dev\Warewolf.Studio.Views\Warewolf.Studio.Views.csproj : warning NU1701: Package 'Microsoft.Xaml.Behaviors.Wpf 1.1.122' was restored using '.NETFramework,Version=v4.6.1, .NETFramework,Version=v4.6.2, .NETFramework,Version=v4.7, .NETFramework,Version=v4.7.1, .NETFramework,Version=v4.7.2, .NETFramework,Version=v4.8, .NETFramework,Version=v4.8.1' instead of the project target framework 'net8.0'. This package may not be fully compatible with your project.
C:\Users\ultra\warewolf\Dev\Warewolf.Studio.Views\Warewolf.Studio.Views.csproj : warning NU1701: Package 'Prism.Wpf 9.0.537' was restored using '.NETFramework,Version=v4.6.1, .NETFramework,Version=v4.6.2, .NETFramework,Version=v4.7, .NETFramework,Version=v4.7.1, .NETFramework,Version=v4.7.2, .NETFramework,Version=v4.8, .NETFramework,Version=v4.8.1' instead of the project target framework 'net8.0'. This package may not be fully compatible with your project.
C:\Users\ultra\warewolf\Dev\Warewolf.Studio.Views\Warewolf.Studio.Views.csproj : warning NU1701: Package 'ReactiveUI.WPF 18.4.1' was restored using '.NETFramework,Version=v4.6.1, .NETFramework,Version=v4.6.2, .NETFramework,Version=v4.7, .NETFramework,Version=v4.7.1, .NETFramework,Version=v4.7.2, .NETFramework,Version=v4.8, .NETFramework,Version=v4.8.1' instead of the project target framework 'net8.0'. This package may not be fully compatible with your project.
C:\Users\ultra\warewolf\Dev\Warewolf.Studio.Views\Warewolf.Studio.Views.csproj : warning NU1701: Package 'TaskSchedulerEditor 2.10.1' was restored using '.NETFramework,Version=v4.6.1, .NETFramework,Version=v4.6.2, .NETFramework,Version=v4.7, .NETFramework,Version=v4.7.1, .NETFramework,Version=v4.7.2, .NETFramework,Version=v4.8, .NETFramework,Version=v4.8.1' instead of the project target framework 'net8.0'. This package may not be fully compatible with your project.
C:\Users\ultra\warewolf\Dev\Warewolf.Studio.Views\Warewolf.Studio.Views.csproj : warning NU1701: Package 'Unofficial.Microsoft.mshtml 7.0.3300' was restored using '.NETFramework,Version=v4.6.1, .NETFramework,Version=v4.6.2, .NETFramework,Version=v4.7, .NETFramework,Version=v4.7.1, .NETFramework,Version=v4.7.2, .NETFramework,Version=v4.8, .NETFramework,Version=v4.8.1' instead of the project target framework 'net8.0'. This package may not be fully compatible with your project.
C:\Program Files\dotnet\sdk\10.0.201\Sdks\Microsoft.NET.Sdk\targets\Microsoft.NET.Sdk.DefaultItems.targets(162,5): warning NETSDK1137: It is no longer necessary to use the Microsoft.NET.Sdk.WindowsDesktop SDK. Consider changing the Sdk attribute of the root Project element to 'Microsoft.NET.Sdk'. [C:\Users\ultra\warewolf\Dev\Warewolf.UI\Warewolf.UI.csproj]
C:\Program Files\dotnet\sdk\10.0.201\Sdks\Microsoft.NET.Sdk.WindowsDesktop\targets\Microsoft.NET.Sdk.WindowsDesktop.targets(138,5): warning NETSDK1106: Microsoft.NET.Sdk.WindowsDesktop requires 'UseWpf' or 'UseWindowsForms' to be set to 'true' [C:\Users\ultra\warewolf\Dev\Warewolf.UI\Warewolf.UI.csproj]
C:\Users\ultra\warewolf\Dev\Warewolf.UI\Warewolf.UI.csproj : warning NU1701: Package 'AeroWizard 2.3.1' was restored using '.NETFramework,Version=v4.6.1, .NETFramework,Version=v4.6.2, .NETFramework,Version=v4.7, .NETFramework,Version=v4.7.1, .NETFramework,Version=v4.7.2, .NETFramework,Version=v4.8, .NETFramework,Version=v4.8.1' instead of the project target framework 'net8.0'. This package may not be fully compatible with your project.
C:\Users\ultra\warewolf\Dev\Warewolf.UI\Warewolf.UI.csproj : warning NU1701: Package 'GroupControls 1.9.0' was restored using '.NETFramework,Version=v4.6.1, .NETFramework,Version=v4.6.2, .NETFramework,Version=v4.7, .NETFramework,Version=v4.7.1, .NETFramework,Version=v4.7.2, .NETFramework,Version=v4.8, .NETFramework,Version=v4.8.1' instead of the project target framework 'net8.0'. This package may not be fully compatible with your project.
C:\Users\ultra\warewolf\Dev\Warewolf.UI\Warewolf.UI.csproj : warning NU1701: Package 'Microsoft.Xaml.Behaviors.Wpf 1.1.122' was restored using '.NETFramework,Version=v4.6.1, .NETFramework,Version=v4.6.2, .NETFramework,Version=v4.7, .NETFramework,Version=v4.7.1, .NETFramework,Version=v4.7.2, .NETFramework,Version=v4.8, .NETFramework,Version=v4.8.1' instead of the project target framework 'net8.0'. This package may not be fully compatible with your project.
C:\Users\ultra\warewolf\Dev\Warewolf.UI\Warewolf.UI.csproj : warning NU1701: Package 'Prism.Wpf 9.0.537' was restored using '.NETFramework,Version=v4.6.1, .NETFramework,Version=v4.6.2, .NETFramework,Version=v4.7, .NETFramework,Version=v4.7.1, .NETFramework,Version=v4.7.2, .NETFramework,Version=v4.8, .NETFramework,Version=v4.8.1' instead of the project target framework 'net8.0'. This package may not be fully compatible with your project.
C:\Users\ultra\warewolf\Dev\Warewolf.UI\Warewolf.UI.csproj : warning NU1701: Package 'ReactiveUI.WPF 18.4.1' was restored using '.NETFramework,Version=v4.6.1, .NETFramework,Version=v4.6.2, .NETFramework,Version=v4.7, .NETFramework,Version=v4.7.1, .NETFramework,Version=v4.7.2, .NETFramework,Version=v4.8, .NETFramework,Version=v4.8.1' instead of the project target framework 'net8.0'. This package may not be fully compatible with your project.
C:\Users\ultra\warewolf\Dev\Warewolf.UI\Warewolf.UI.csproj : warning NU1701: Package 'TaskSchedulerEditor 2.10.1' was restored using '.NETFramework,Version=v4.6.1, .NETFramework,Version=v4.6.2, .NETFramework,Version=v4.7, .NETFramework,Version=v4.7.1, .NETFramework,Version=v4.7.2, .NETFramework,Version=v4.8, .NETFramework,Version=v4.8.1' instead of the project target framework 'net8.0'. This package may not be fully compatible with your project.
  Warewolf.Weave -> C:\Users\ultra\warewolf\Dev\Warewolf.Weave\bin\Debug\net8.0\Warewolf.Weave.dll
C:\Program Files\dotnet\sdk\10.0.201\Sdks\Microsoft.NET.Sdk\targets\Microsoft.NET.Sdk.DefaultItems.targets(162,5): warning NETSDK1137: It is no longer necessary to use the Microsoft.NET.Sdk.WindowsDesktop SDK. Consider changing the Sdk attribute of the root Project element to 'Microsoft.NET.Sdk'. [C:\Users\ultra\warewolf\Dev\Warewolf.Studio.CustomControls\Warewolf.Studio.CustomControls.csproj]
C:\Program Files\dotnet\sdk\10.0.201\Sdks\Microsoft.NET.Sdk.WindowsDesktop\targets\Microsoft.NET.Sdk.WindowsDesktop.targets(138,5): warning NETSDK1106: Microsoft.NET.Sdk.WindowsDesktop requires 'UseWpf' or 'UseWindowsForms' to be set to 'true' [C:\Users\ultra\warewolf\Dev\Warewolf.Studio.CustomControls\Warewolf.Studio.CustomControls.csproj]
C:\Users\ultra\warewolf\Dev\Warewolf.Studio.AntiCorruptionLayer\Warewolf.Studio.AntiCorruptionLayer.csproj : warning NU1701: Package 'AeroWizard 2.3.1' was restored using '.NETFramework,Version=v4.6.1, .NETFramework,Version=v4.6.2, .NETFramework,Version=v4.7, .NETFramework,Version=v4.7.1, .NETFramework,Version=v4.7.2, .NETFramework,Version=v4.8, .NETFramework,Version=v4.8.1' instead of the project target framework 'net8.0'. This package may not be fully compatible with your project.
C:\Users\ultra\warewolf\Dev\Warewolf.Studio.AntiCorruptionLayer\Warewolf.Studio.AntiCorruptionLayer.csproj : warning NU1701: Package 'GroupControls 1.9.0' was restored using '.NETFramework,Version=v4.6.1, .NETFramework,Version=v4.6.2, .NETFramework,Version=v4.7, .NETFramework,Version=v4.7.1, .NETFramework,Version=v4.7.2, .NETFramework,Version=v4.8, .NETFramework,Version=v4.8.1' instead of the project target framework 'net8.0'. This package may not be fully compatible with your project.
C:\Users\ultra\warewolf\Dev\Warewolf.Studio.AntiCorruptionLayer\Warewolf.Studio.AntiCorruptionLayer.csproj : warning NU1701: Package 'Microsoft.Xaml.Behaviors.Wpf 1.1.122' was restored using '.NETFramework,Version=v4.6.1, .NETFramework,Version=v4.6.2, .NETFramework,Version=v4.7, .NETFramework,Version=v4.7.1, .NETFramework,Version=v4.7.2, .NETFramework,Version=v4.8, .NETFramework,Version=v4.8.1' instead of the project target framework 'net8.0'. This package may not be fully compatible with your project.
C:\Users\ultra\warewolf\Dev\Warewolf.Studio.AntiCorruptionLayer\Warewolf.Studio.AntiCorruptionLayer.csproj : warning NU1701: Package 'Prism.Wpf 9.0.537' was restored using '.NETFramework,Version=v4.6.1, .NETFramework,Version=v4.6.2, .NETFramework,Version=v4.7, .NETFramework,Version=v4.7.1, .NETFramework,Version=v4.7.2, .NETFramework,Version=v4.8, .NETFramework,Version=v4.8.1' instead of the project target framework 'net8.0'. This package may not be fully compatible with your project.
C:\Users\ultra\warewolf\Dev\Warewolf.Studio.AntiCorruptionLayer\Warewolf.Studio.AntiCorruptionLayer.csproj : warning NU1701: Package 'ReactiveUI.WPF 18.4.1' was restored using '.NETFramework,Version=v4.6.1, .NETFramework,Version=v4.6.2, .NETFramework,Version=v4.7, .NETFramework,Version=v4.7.1, .NETFramework,Version=v4.7.2, .NETFramework,Version=v4.8, .NETFramework,Version=v4.8.1' instead of the project target framework 'net8.0'. This package may not be fully compatible with your project.
C:\Users\ultra\warewolf\Dev\Warewolf.Studio.AntiCorruptionLayer\Warewolf.Studio.AntiCorruptionLayer.csproj : warning NU1701: Package 'TaskSchedulerEditor 2.10.1' was restored using '.NETFramework,Version=v4.6.1, .NETFramework,Version=v4.6.2, .NETFramework,Version=v4.7, .NETFramework,Version=v4.7.1, .NETFramework,Version=v4.7.2, .NETFramework,Version=v4.8, .NETFramework,Version=v4.8.1' instead of the project target framework 'net8.0'. This package may not be fully compatible with your project.
C:\Users\ultra\warewolf\Dev\Warewolf.Studio.CustomControls\Warewolf.Studio.CustomControls.csproj : warning NU1701: Package 'AeroWizard 2.3.1' was restored using '.NETFramework,Version=v4.6.1, .NETFramework,Version=v4.6.2, .NETFramework,Version=v4.7, .NETFramework,Version=v4.7.1, .NETFramework,Version=v4.7.2, .NETFramework,Version=v4.8, .NETFramework,Version=v4.8.1' instead of the project target framework 'net8.0'. This package may not be fully compatible with your project.
C:\Users\ultra\warewolf\Dev\Warewolf.Studio.CustomControls\Warewolf.Studio.CustomControls.csproj : warning NU1701: Package 'GroupControls 1.9.0' was restored using '.NETFramework,Version=v4.6.1, .NETFramework,Version=v4.6.2, .NETFramework,Version=v4.7, .NETFramework,Version=v4.7.1, .NETFramework,Version=v4.7.2, .NETFramework,Version=v4.8, .NETFramework,Version=v4.8.1' instead of the project target framework 'net8.0'. This package may not be fully compatible with your project.
C:\Users\ultra\warewolf\Dev\Warewolf.Studio.CustomControls\Warewolf.Studio.CustomControls.csproj : warning NU1701: Package 'Microsoft.Xaml.Behaviors.Wpf 1.1.122' was restored using '.NETFramework,Version=v4.6.1, .NETFramework,Version=v4.6.2, .NETFramework,Version=v4.7, .NETFramework,Version=v4.7.1, .NETFramework,Version=v4.7.2, .NETFramework,Version=v4.8, .NETFramework,Version=v4.8.1' instead of the project target framework 'net8.0'. This package may not be fully compatible with your project.
C:\Users\ultra\warewolf\Dev\Warewolf.Studio.CustomControls\Warewolf.Studio.CustomControls.csproj : warning NU1701: Package 'Prism.Wpf 9.0.537' was restored using '.NETFramework,Version=v4.6.1, .NETFramework,Version=v4.6.2, .NETFramework,Version=v4.7, .NETFramework,Version=v4.7.1, .NETFramework,Version=v4.7.2, .NETFramework,Version=v4.8, .NETFramework,Version=v4.8.1' instead of the project target framework 'net8.0'. This package may not be fully compatible with your project.
C:\Users\ultra\warewolf\Dev\Warewolf.Studio.CustomControls\Warewolf.Studio.CustomControls.csproj : warning NU1701: Package 'ReactiveUI.WPF 18.4.1' was restored using '.NETFramework,Version=v4.6.1, .NETFramework,Version=v4.6.2, .NETFramework,Version=v4.7, .NETFramework,Version=v4.7.1, .NETFramework,Version=v4.7.2, .NETFramework,Version=v4.8, .NETFramework,Version=v4.8.1' instead of the project target framework 'net8.0'. This package may not be fully compatible with your project.
C:\Users\ultra\warewolf\Dev\Warewolf.Studio.CustomControls\Warewolf.Studio.CustomControls.csproj : warning NU1701: Package 'TaskSchedulerEditor 2.10.1' was restored using '.NETFramework,Version=v4.6.1, .NETFramework,Version=v4.6.2, .NETFramework,Version=v4.7, .NETFramework,Version=v4.7.1, .NETFramework,Version=v4.7.2, .NETFramework,Version=v4.8, .NETFramework,Version=v4.8.1' instead of the project target framework 'net8.0'. This package may not be fully compatible with your project.
C:\Users\ultra\warewolf\Dev\Warewolf.MergeParser\Warewolf.MergeParser.csproj : warning NU1701: Package 'AeroWizard 2.3.1' was restored using '.NETFramework,Version=v4.6.1, .NETFramework,Version=v4.6.2, .NETFramework,Version=v4.7, .NETFramework,Version=v4.7.1, .NETFramework,Version=v4.7.2, .NETFramework,Version=v4.8, .NETFramework,Version=v4.8.1' instead of the project target framework 'net8.0'. This package may not be fully compatible with your project.
C:\Users\ultra\warewolf\Dev\Warewolf.MergeParser\Warewolf.MergeParser.csproj : warning NU1701: Package 'GroupControls 1.9.0' was restored using '.NETFramework,Version=v4.6.1, .NETFramework,Version=v4.6.2, .NETFramework,Version=v4.7, .NETFramework,Version=v4.7.1, .NETFramework,Version=v4.7.2, .NETFramework,Version=v4.8, .NETFramework,Version=v4.8.1' instead of the project target framework 'net8.0'. This package may not be fully compatible with your project.
C:\Users\ultra\warewolf\Dev\Warewolf.MergeParser\Warewolf.MergeParser.csproj : warning NU1701: Package 'Microsoft.Xaml.Behaviors.Wpf 1.1.122' was restored using '.NETFramework,Version=v4.6.1, .NETFramework,Version=v4.6.2, .NETFramework,Version=v4.7, .NETFramework,Version=v4.7.1, .NETFramework,Version=v4.7.2, .NETFramework,Version=v4.8, .NETFramework,Version=v4.8.1' instead of the project target framework 'net8.0'. This package may not be fully compatible with your project.
C:\Users\ultra\warewolf\Dev\Warewolf.MergeParser\Warewolf.MergeParser.csproj : warning NU1701: Package 'Prism.Wpf 9.0.537' was restored using '.NETFramework,Version=v4.6.1, .NETFramework,Version=v4.6.2, .NETFramework,Version=v4.7, .NETFramework,Version=v4.7.1, .NETFramework,Version=v4.7.2, .NETFramework,Version=v4.8, .NETFramework,Version=v4.8.1' instead of the project target framework 'net8.0'. This package may not be fully compatible with your project.
C:\Users\ultra\warewolf\Dev\Warewolf.MergeParser\Warewolf.MergeParser.csproj : warning NU1701: Package 'ReactiveUI.WPF 18.4.1' was restored using '.NETFramework,Version=v4.6.1, .NETFramework,Version=v4.6.2, .NETFramework,Version=v4.7, .NETFramework,Version=v4.7.1, .NETFramework,Version=v4.7.2, .NETFramework,Version=v4.8, .NETFramework,Version=v4.8.1' instead of the project target framework 'net8.0'. This package may not be fully compatible with your project.
C:\Users\ultra\warewolf\Dev\Warewolf.MergeParser\Warewolf.MergeParser.csproj : warning NU1701: Package 'TaskSchedulerEditor 2.10.1' was restored using '.NETFramework,Version=v4.6.1, .NETFramework,Version=v4.6.2, .NETFramework,Version=v4.7, .NETFramework,Version=v4.7.1, .NETFramework,Version=v4.7.2, .NETFramework,Version=v4.8, .NETFramework,Version=v4.8.1' instead of the project target framework 'net8.0'. This package may not be fully compatible with your project.
C:\Users\ultra\warewolf\Dev\Warewolf.Licensing\Warewolf.Licensing.csproj : warning NU1701: Package 'AeroWizard 2.3.1' was restored using '.NETFramework,Version=v4.6.1, .NETFramework,Version=v4.6.2, .NETFramework,Version=v4.7, .NETFramework,Version=v4.7.1, .NETFramework,Version=v4.7.2, .NETFramework,Version=v4.8, .NETFramework,Version=v4.8.1' instead of the project target framework 'net8.0'. This package may not be fully compatible with your project.
C:\Users\ultra\warewolf\Dev\Warewolf.Licensing\Warewolf.Licensing.csproj : warning NU1701: Package 'GroupControls 1.9.0' was restored using '.NETFramework,Version=v4.6.1, .NETFramework,Version=v4.6.2, .NETFramework,Version=v4.7, .NETFramework,Version=v4.7.1, .NETFramework,Version=v4.7.2, .NETFramework,Version=v4.8, .NETFramework,Version=v4.8.1' instead of the project target framework 'net8.0'. This package may not be fully compatible with your project.
C:\Users\ultra\warewolf\Dev\Warewolf.Licensing\Warewolf.Licensing.csproj : warning NU1701: Package 'TaskSchedulerEditor 2.10.1' was restored using '.NETFramework,Version=v4.6.1, .NETFramework,Version=v4.6.2, .NETFramework,Version=v4.7, .NETFramework,Version=v4.7.1, .NETFramework,Version=v4.7.2, .NETFramework,Version=v4.8, .NETFramework,Version=v4.8.1' instead of the project target framework 'net8.0'. This package may not be fully compatible with your project.
C:\Users\ultra\warewolf\Dev\Warewolf.Interfaces\Data\ChatbotSettingsData.cs(20,23): warning CS0169: The field 'ChatbotSettingsData._encryptDataSource' is never used [C:\Users\ultra\warewolf\Dev\Warewolf.Interfaces\Warewolf.Interfaces.csproj]
C:\Users\ultra\warewolf\Dev\Warewolf.Interfaces\Auditing\SerializableException.cs(15,7): warning CS0414: The field 'SerializableException.HResult' is assigned but its value is never used [C:\Users\ultra\warewolf\Dev\Warewolf.Interfaces\Warewolf.Interfaces.csproj]
  Warewolf.Interfaces -> C:\Users\ultra\warewolf\Dev\Warewolf.Interfaces\bin\Debug\net8.0\Warewolf.Interfaces.dll
C:\Users\ultra\warewolf\Dev\Warewolf.Data\Warewolf.Data.csproj : warning NU1701: Package 'AeroWizard 2.3.1' was restored using '.NETFramework,Version=v4.6.1, .NETFramework,Version=v4.6.2, .NETFramework,Version=v4.7, .NETFramework,Version=v4.7.1, .NETFramework,Version=v4.7.2, .NETFramework,Version=v4.8, .NETFramework,Version=v4.8.1' instead of the project target framework 'net8.0'. This package may not be fully compatible with your project.
C:\Users\ultra\warewolf\Dev\Warewolf.Data\Warewolf.Data.csproj : warning NU1701: Package 'GroupControls 1.9.0' was restored using '.NETFramework,Version=v4.6.1, .NETFramework,Version=v4.6.2, .NETFramework,Version=v4.7, .NETFramework,Version=v4.7.1, .NETFramework,Version=v4.7.2, .NETFramework,Version=v4.8, .NETFramework,Version=v4.8.1' instead of the project target framework 'net8.0'. This package may not be fully compatible with your project.
C:\Users\ultra\warewolf\Dev\Warewolf.Data\Warewolf.Data.csproj : warning NU1701: Package 'TaskSchedulerEditor 2.10.1' was restored using '.NETFramework,Version=v4.6.1, .NETFramework,Version=v4.6.2, .NETFramework,Version=v4.7, .NETFramework,Version=v4.7.1, .NETFramework,Version=v4.7.2, .NETFramework,Version=v4.8, .NETFramework,Version=v4.8.1' instead of the project target framework 'net8.0'. This package may not be fully compatible with your project.
C:\Users\ultra\warewolf\Dev\Dev2.SignalR.Wrappers.New\Dev2.SignalR.Wrappers.New.csproj : warning NU1701: Package 'AeroWizard 2.3.1' was restored using '.NETFramework,Version=v4.6.1, .NETFramework,Version=v4.6.2, .NETFramework,Version=v4.7, .NETFramework,Version=v4.7.1, .NETFramework,Version=v4.7.2, .NETFramework,Version=v4.8, .NETFramework,Version=v4.8.1' instead of the project target framework 'net8.0'. This package may not be fully compatible with your project.
C:\Users\ultra\warewolf\Dev\Dev2.SignalR.Wrappers.New\Dev2.SignalR.Wrappers.New.csproj : warning NU1701: Package 'GroupControls 1.9.0' was restored using '.NETFramework,Version=v4.6.1, .NETFramework,Version=v4.6.2, .NETFramework,Version=v4.7, .NETFramework,Version=v4.7.1, .NETFramework,Version=v4.7.2, .NETFramework,Version=v4.8, .NETFramework,Version=v4.8.1' instead of the project target framework 'net8.0'. This package may not be fully compatible with your project.
C:\Users\ultra\warewolf\Dev\Dev2.SignalR.Wrappers.New\Dev2.SignalR.Wrappers.New.csproj : warning NU1701: Package 'ReactiveUI.WPF 18.4.1' was restored using '.NETFramework,Version=v4.6.1, .NETFramework,Version=v4.6.2, .NETFramework,Version=v4.7, .NETFramework,Version=v4.7.1, .NETFramework,Version=v4.7.2, .NETFramework,Version=v4.8, .NETFramework,Version=v4.8.1' instead of the project target framework 'net8.0'. This package may not be fully compatible with your project.
C:\Users\ultra\warewolf\Dev\Dev2.SignalR.Wrappers.New\Dev2.SignalR.Wrappers.New.csproj : warning NU1701: Package 'TaskSchedulerEditor 2.10.1' was restored using '.NETFramework,Version=v4.6.1, .NETFramework,Version=v4.6.2, .NETFramework,Version=v4.7, .NETFramework,Version=v4.7.1, .NETFramework,Version=v4.7.2, .NETFramework,Version=v4.8, .NETFramework,Version=v4.8.1' instead of the project target framework 'net8.0'. This package may not be fully compatible with your project.
  Dev2.SignalR.Wrappers.Interfaces -> C:\Users\ultra\warewolf\Dev\Dev2.SignalR.Wrappers\bin\Debug\net8.0\Dev2.SignalR.Wrappers.dll
  Warewolf.Resource -> C:\Users\ultra\warewolf\Dev\Warewolf.Resource\bin\Debug\net8.0\Warewolf.Resource.dll
  Dev2.Net6.Compatibility -> C:\Users\ultra\warewolf\Dev\Dev2.Net6.Compatibility\bin\Debug\net8.0\Dev2.Net6.Compatibility.dll
  Consider app.config remapping of assembly "System.Runtime.CompilerServices.Unsafe, Culture=neutral, PublicKeyToken=b03f5f7f11d50a3a" from Version "6.0.0.0" [] to Version "8.0.0.0" [C:\Program Files\dotnet\packs\Microsoft.NETCore.App.Ref\8.0.25\ref\net8.0\System.Runtime.CompilerServices.Unsafe.dll] to solve conflict and get rid of warning.
  Warewolf.Studio.Resources -> C:\Users\ultra\warewolf\Dev\Warewolf.Studio.Resources\bin\Debug\net8.0\Warewolf.Studio.Resources.dll
C:\Users\ultra\warewolf\Dev\Dev2.Util\Dev2.Util.csproj : warning NU1903: Package 'Microsoft.Windows.Compatibility' 6.0.0 has a known high severity vulnerability, https://github.com/advisories/GHSA-555c-2p6r-68mm
C:\Users\ultra\warewolf\Dev\Dev2.Util\Dev2.Util.csproj : warning NU1701: Package 'AeroWizard 2.3.1' was restored using '.NETFramework,Version=v4.6.1, .NETFramework,Version=v4.6.2, .NETFramework,Version=v4.7, .NETFramework,Version=v4.7.1, .NETFramework,Version=v4.7.2, .NETFramework,Version=v4.8, .NETFramework,Version=v4.8.1' instead of the project target framework 'net8.0'. This package may not be fully compatible with your project.
C:\Users\ultra\warewolf\Dev\Dev2.Util\Dev2.Util.csproj : warning NU1701: Package 'GroupControls 1.9.0' was restored using '.NETFramework,Version=v4.6.1, .NETFramework,Version=v4.6.2, .NETFramework,Version=v4.7, .NETFramework,Version=v4.7.1, .NETFramework,Version=v4.7.2, .NETFramework,Version=v4.8, .NETFramework,Version=v4.8.1' instead of the project target framework 'net8.0'. This package may not be fully compatible with your project.
C:\Users\ultra\warewolf\Dev\Dev2.Util\Dev2.Util.csproj : warning NU1701: Package 'TaskSchedulerEditor 2.10.1' was restored using '.NETFramework,Version=v4.6.1, .NETFramework,Version=v4.6.2, .NETFramework,Version=v4.7, .NETFramework,Version=v4.7.1, .NETFramework,Version=v4.7.2, .NETFramework,Version=v4.8, .NETFramework,Version=v4.8.1' instead of the project target framework 'net8.0'. This package may not be fully compatible with your project.
C:\Users\ultra\warewolf\Dev\Dev2.Services.Execution\Dev2.Services.Execution.csproj : warning NU1701: Package 'AeroWizard 2.3.1' was restored using '.NETFramework,Version=v4.6.1, .NETFramework,Version=v4.6.2, .NETFramework,Version=v4.7, .NETFramework,Version=v4.7.1, .NETFramework,Version=v4.7.2, .NETFramework,Version=v4.8, .NETFramework,Version=v4.8.1' instead of the project target framework 'net8.0'. This package may not be fully compatible with your project.
C:\Users\ultra\warewolf\Dev\Dev2.Services.Execution\Dev2.Services.Execution.csproj : warning NU1701: Package 'GroupControls 1.9.0' was restored using '.NETFramework,Version=v4.6.1, .NETFramework,Version=v4.6.2, .NETFramework,Version=v4.7, .NETFramework,Version=v4.7.1, .NETFramework,Version=v4.7.2, .NETFramework,Version=v4.8, .NETFramework,Version=v4.8.1' instead of the project target framework 'net8.0'. This package may not be fully compatible with your project.
C:\Users\ultra\warewolf\Dev\Dev2.Services.Execution\Dev2.Services.Execution.csproj : warning NU1701: Package 'ReactiveUI.WPF 18.4.1' was restored using '.NETFramework,Version=v4.6.1, .NETFramework,Version=v4.6.2, .NETFramework,Version=v4.7, .NETFramework,Version=v4.7.1, .NETFramework,Version=v4.7.2, .NETFramework,Version=v4.8, .NETFramework,Version=v4.8.1' instead of the project target framework 'net8.0'. This package may not be fully compatible with your project.
C:\Users\ultra\warewolf\Dev\Dev2.Services.Execution\Dev2.Services.Execution.csproj : warning NU1701: Package 'TaskSchedulerEditor 2.10.1' was restored using '.NETFramework,Version=v4.6.1, .NETFramework,Version=v4.6.2, .NETFramework,Version=v4.7, .NETFramework,Version=v4.7.1, .NETFramework,Version=v4.7.2, .NETFramework,Version=v4.8, .NETFramework,Version=v4.8.1' instead of the project target framework 'net8.0'. This package may not be fully compatible with your project.
  Log4Net.Async -> C:\Users\ultra\warewolf\Dev\Log4Net.Async\bin\Debug\net8.0\Log4Net.Async.dll
C:\Users\ultra\warewolf\Dev\Warewolf.Security\Warewolf.Security.csproj : warning NU1904: Package 'System.Drawing.Common' 4.5.1 has a known critical severity vulnerability, https://github.com/advisories/GHSA-rxg9-xrhp-64gj
C:\Users\ultra\warewolf\Dev\Warewolf.Core\Warewolf.Core.csproj : warning NU1903: Package 'Microsoft.Windows.Compatibility' 6.0.0 has a known high severity vulnerability, https://github.com/advisories/GHSA-555c-2p6r-68mm
C:\Users\ultra\warewolf\Dev\Warewolf.Core\Warewolf.Core.csproj : warning NU1701: Package 'AeroWizard 2.3.1' was restored using '.NETFramework,Version=v4.6.1, .NETFramework,Version=v4.6.2, .NETFramework,Version=v4.7, .NETFramework,Version=v4.7.1, .NETFramework,Version=v4.7.2, .NETFramework,Version=v4.8, .NETFramework,Version=v4.8.1' instead of the project target framework 'net8.0'. This package may not be fully compatible with your project.
C:\Users\ultra\warewolf\Dev\Warewolf.Core\Warewolf.Core.csproj : warning NU1701: Package 'GroupControls 1.9.0' was restored using '.NETFramework,Version=v4.6.1, .NETFramework,Version=v4.6.2, .NETFramework,Version=v4.7, .NETFramework,Version=v4.7.1, .NETFramework,Version=v4.7.2, .NETFramework,Version=v4.8, .NETFramework,Version=v4.8.1' instead of the project target framework 'net8.0'. This package may not be fully compatible with your project.
C:\Users\ultra\warewolf\Dev\Warewolf.Core\Warewolf.Core.csproj : warning NU1701: Package 'ReactiveUI.WPF 18.4.1' was restored using '.NETFramework,Version=v4.6.1, .NETFramework,Version=v4.6.2, .NETFramework,Version=v4.7, .NETFramework,Version=v4.7.1, .NETFramework,Version=v4.7.2, .NETFramework,Version=v4.8, .NETFramework,Version=v4.8.1' instead of the project target framework 'net8.0'. This package may not be fully compatible with your project.
C:\Users\ultra\warewolf\Dev\Warewolf.Core\Warewolf.Core.csproj : warning NU1701: Package 'TaskSchedulerEditor 2.10.1' was restored using '.NETFramework,Version=v4.6.1, .NETFramework,Version=v4.6.2, .NETFramework,Version=v4.7, .NETFramework,Version=v4.7.1, .NETFramework,Version=v4.7.2, .NETFramework,Version=v4.8, .NETFramework,Version=v4.8.1' instead of the project target framework 'net8.0'. This package may not be fully compatible with your project.
C:\Users\ultra\warewolf\Dev\Warewolf.Exchange.Email.Wrapper\Warewolf.Exchange.Email.Wrapper.csproj : warning NU1701: Package 'AeroWizard 2.3.1' was restored using '.NETFramework,Version=v4.6.1, .NETFramework,Version=v4.6.2, .NETFramework,Version=v4.7, .NETFramework,Version=v4.7.1, .NETFramework,Version=v4.7.2, .NETFramework,Version=v4.8, .NETFramework,Version=v4.8.1' instead of the project target framework 'net8.0'. This package may not be fully compatible with your project.
C:\Users\ultra\warewolf\Dev\Warewolf.Exchange.Email.Wrapper\Warewolf.Exchange.Email.Wrapper.csproj : warning NU1701: Package 'GroupControls 1.9.0' was restored using '.NETFramework,Version=v4.6.1, .NETFramework,Version=v4.6.2, .NETFramework,Version=v4.7, .NETFramework,Version=v4.7.1, .NETFramework,Version=v4.7.2, .NETFramework,Version=v4.8, .NETFramework,Version=v4.8.1' instead of the project target framework 'net8.0'. This package may not be fully compatible with your project.
C:\Users\ultra\warewolf\Dev\Warewolf.Exchange.Email.Wrapper\Warewolf.Exchange.Email.Wrapper.csproj : warning NU1701: Package 'ReactiveUI.WPF 18.4.1' was restored using '.NETFramework,Version=v4.6.1, .NETFramework,Version=v4.6.2, .NETFramework,Version=v4.7, .NETFramework,Version=v4.7.1, .NETFramework,Version=v4.7.2, .NETFramework,Version=v4.8, .NETFramework,Version=v4.8.1' instead of the project target framework 'net8.0'. This package may not be fully compatible with your project.
C:\Users\ultra\warewolf\Dev\Warewolf.Exchange.Email.Wrapper\Warewolf.Exchange.Email.Wrapper.csproj : warning NU1701: Package 'TaskSchedulerEditor 2.10.1' was restored using '.NETFramework,Version=v4.6.1, .NETFramework,Version=v4.6.2, .NETFramework,Version=v4.7, .NETFramework,Version=v4.7.1, .NETFramework,Version=v4.7.2, .NETFramework,Version=v4.8, .NETFramework,Version=v4.8.1' instead of the project target framework 'net8.0'. This package may not be fully compatible with your project.
C:\Users\ultra\warewolf\Dev\Dev2.Intellisense\Dev2.Intellisense.csproj : warning NU1701: Package 'AeroWizard 2.3.1' was restored using '.NETFramework,Version=v4.6.1, .NETFramework,Version=v4.6.2, .NETFramework,Version=v4.7, .NETFramework,Version=v4.7.1, .NETFramework,Version=v4.7.2, .NETFramework,Version=v4.8, .NETFramework,Version=v4.8.1' instead of the project target framework 'net8.0'. This package may not be fully compatible with your project.
C:\Users\ultra\warewolf\Dev\Dev2.Intellisense\Dev2.Intellisense.csproj : warning NU1701: Package 'GroupControls 1.9.0' was restored using '.NETFramework,Version=v4.6.1, .NETFramework,Version=v4.6.2, .NETFramework,Version=v4.7, .NETFramework,Version=v4.7.1, .NETFramework,Version=v4.7.2, .NETFramework,Version=v4.8, .NETFramework,Version=v4.8.1' instead of the project target framework 'net8.0'. This package may not be fully compatible with your project.
C:\Users\ultra\warewolf\Dev\Dev2.Intellisense\Dev2.Intellisense.csproj : warning NU1701: Package 'Microsoft.Xaml.Behaviors.Wpf 1.1.122' was restored using '.NETFramework,Version=v4.6.1, .NETFramework,Version=v4.6.2, .NETFramework,Version=v4.7, .NETFramework,Version=v4.7.1, .NETFramework,Version=v4.7.2, .NETFramework,Version=v4.8, .NETFramework,Version=v4.8.1' instead of the project target framework 'net8.0'. This package may not be fully compatible with your project.
C:\Users\ultra\warewolf\Dev\Dev2.Intellisense\Dev2.Intellisense.csproj : warning NU1701: Package 'Prism.Wpf 9.0.537' was restored using '.NETFramework,Version=v4.6.1, .NETFramework,Version=v4.6.2, .NETFramework,Version=v4.7, .NETFramework,Version=v4.7.1, .NETFramework,Version=v4.7.2, .NETFramework,Version=v4.8, .NETFramework,Version=v4.8.1' instead of the project target framework 'net8.0'. This package may not be fully compatible with your project.
C:\Users\ultra\warewolf\Dev\Dev2.Intellisense\Dev2.Intellisense.csproj : warning NU1701: Package 'ReactiveUI.WPF 18.4.1' was restored using '.NETFramework,Version=v4.6.1, .NETFramework,Version=v4.6.2, .NETFramework,Version=v4.7, .NETFramework,Version=v4.7.1, .NETFramework,Version=v4.7.2, .NETFramework,Version=v4.8, .NETFramework,Version=v4.8.1' instead of the project target framework 'net8.0'. This package may not be fully compatible with your project.
C:\Users\ultra\warewolf\Dev\Dev2.Intellisense\Dev2.Intellisense.csproj : warning NU1701: Package 'TaskSchedulerEditor 2.10.1' was restored using '.NETFramework,Version=v4.6.1, .NETFramework,Version=v4.6.2, .NETFramework,Version=v4.7, .NETFramework,Version=v4.7.1, .NETFramework,Version=v4.7.2, .NETFramework,Version=v4.8, .NETFramework,Version=v4.8.1' instead of the project target framework 'net8.0'. This package may not be fully compatible with your project.
  Warewolf.ServiceDefinitions -> C:\Users\ultra\warewolf\Dev\Warewolf.ServiceDefinitions\bin\Debug\net8.0\Warewolf.ServiceDefinitions.dll
  Warewolf.Driver.Redis -> C:\Users\ultra\warewolf\Dev\Warewolf.Driver.Redis\bin\Debug\net8.0\Warewolf.Driver.Redis.dll
C:\Users\ultra\warewolf\Dev\Warewolf.Testing\Warewolf.Testing.csproj : warning NU1701: Package 'AeroWizard 2.3.1' was restored using '.NETFramework,Version=v4.6.1, .NETFramework,Version=v4.6.2, .NETFramework,Version=v4.7, .NETFramework,Version=v4.7.1, .NETFramework,Version=v4.7.2, .NETFramework,Version=v4.8, .NETFramework,Version=v4.8.1' instead of the project target framework 'net8.0'. This package may not be fully compatible with your project.
C:\Users\ultra\warewolf\Dev\Warewolf.Testing\Warewolf.Testing.csproj : warning NU1701: Package 'GroupControls 1.9.0' was restored using '.NETFramework,Version=v4.6.1, .NETFramework,Version=v4.6.2, .NETFramework,Version=v4.7, .NETFramework,Version=v4.7.1, .NETFramework,Version=v4.7.2, .NETFramework,Version=v4.8, .NETFramework,Version=v4.8.1' instead of the project target framework 'net8.0'. This package may not be fully compatible with your project.
C:\Users\ultra\warewolf\Dev\Warewolf.Testing\Warewolf.Testing.csproj : warning NU1701: Package 'Microsoft.Xaml.Behaviors.Wpf 1.1.122' was restored using '.NETFramework,Version=v4.6.1, .NETFramework,Version=v4.6.2, .NETFramework,Version=v4.7, .NETFramework,Version=v4.7.1, .NETFramework,Version=v4.7.2, .NETFramework,Version=v4.8, .NETFramework,Version=v4.8.1' instead of the project target framework 'net8.0'. This package may not be fully compatible with your project.
C:\Users\ultra\warewolf\Dev\Warewolf.Testing\Warewolf.Testing.csproj : warning NU1701: Package 'Prism.Wpf 9.0.537' was restored using '.NETFramework,Version=v4.6.1, .NETFramework,Version=v4.6.2, .NETFramework,Version=v4.7, .NETFramework,Version=v4.7.1, .NETFramework,Version=v4.7.2, .NETFramework,Version=v4.8, .NETFramework,Version=v4.8.1' instead of the project target framework 'net8.0'. This package may not be fully compatible with your project.
C:\Users\ultra\warewolf\Dev\Warewolf.Testing\Warewolf.Testing.csproj : warning NU1701: Package 'ReactiveUI.WPF 18.4.1' was restored using '.NETFramework,Version=v4.6.1, .NETFramework,Version=v4.6.2, .NETFramework,Version=v4.7, .NETFramework,Version=v4.7.1, .NETFramework,Version=v4.7.2, .NETFramework,Version=v4.8, .NETFramework,Version=v4.8.1' instead of the project target framework 'net8.0'. This package may not be fully compatible with your project.
C:\Users\ultra\warewolf\Dev\Warewolf.Testing\Warewolf.Testing.csproj : warning NU1701: Package 'TaskSchedulerEditor 2.10.1' was restored using '.NETFramework,Version=v4.6.1, .NETFramework,Version=v4.6.2, .NETFramework,Version=v4.7, .NETFramework,Version=v4.7.1, .NETFramework,Version=v4.7.2, .NETFramework,Version=v4.8, .NETFramework,Version=v4.8.1' instead of the project target framework 'net8.0'. This package may not be fully compatible with your project.
  Warewolf.Driver.RabbitMQ -> C:\Users\ultra\warewolf\Dev\Warewolf.Driver.RabbitMQ\bin\Debug\net8.0\Warewolf.Driver.RabbitMQ.dll
  Warewolf.Common.Interfaces.NetStandard20 -> C:\Users\ultra\warewolf\Dev\Warewolf.Common.Interfaces.NetStandard20\bin\Debug\net8.0\Warewolf.Common.Interfaces.NetStandard20.dll
C:\Users\ultra\warewolf\Dev\Warewolf.HangfireServer\Warewolf.HangfireServer.csproj : warning NU1903: Package 'Microsoft.Windows.Compatibility' 6.0.0 has a known high severity vulnerability, https://github.com/advisories/GHSA-555c-2p6r-68mm
C:\Users\ultra\warewolf\Dev\Warewolf.HangfireServer\Warewolf.HangfireServer.csproj : warning NU1701: Package 'AeroWizard 2.3.1' was restored using '.NETFramework,Version=v4.6.1, .NETFramework,Version=v4.6.2, .NETFramework,Version=v4.7, .NETFramework,Version=v4.7.1, .NETFramework,Version=v4.7.2, .NETFramework,Version=v4.8, .NETFramework,Version=v4.8.1' instead of the project target framework 'net8.0'. This package may not be fully compatible with your project.
C:\Users\ultra\warewolf\Dev\Warewolf.HangfireServer\Warewolf.HangfireServer.csproj : warning NU1701: Package 'GroupControls 1.9.0' was restored using '.NETFramework,Version=v4.6.1, .NETFramework,Version=v4.6.2, .NETFramework,Version=v4.7, .NETFramework,Version=v4.7.1, .NETFramework,Version=v4.7.2, .NETFramework,Version=v4.8, .NETFramework,Version=v4.8.1' instead of the project target framework 'net8.0'. This package may not be fully compatible with your project.
C:\Users\ultra\warewolf\Dev\Warewolf.HangfireServer\Warewolf.HangfireServer.csproj : warning NU1701: Package 'ReactiveUI.WPF 18.4.1' was restored using '.NETFramework,Version=v4.6.1, .NETFramework,Version=v4.6.2, .NETFramework,Version=v4.7, .NETFramework,Version=v4.7.1, .NETFramework,Version=v4.7.2, .NETFramework,Version=v4.8, .NETFramework,Version=v4.8.1' instead of the project target framework 'net8.0'. This package may not be fully compatible with your project.
C:\Users\ultra\warewolf\Dev\Warewolf.HangfireServer\Warewolf.HangfireServer.csproj : warning NU1701: Package 'TaskSchedulerEditor 2.10.1' was restored using '.NETFramework,Version=v4.6.1, .NETFramework,Version=v4.6.2, .NETFramework,Version=v4.7, .NETFramework,Version=v4.7.1, .NETFramework,Version=v4.7.2, .NETFramework,Version=v4.8, .NETFramework,Version=v4.8.1' instead of the project target framework 'net8.0'. This package may not be fully compatible with your project.
C:\Users\ultra\warewolf\Dev\Dev2.Infrastructure.Tests\Dev2.Infrastructure.Tests.csproj : warning NU1701: Package 'AeroWizard 2.3.1' was restored using '.NETFramework,Version=v4.6.1, .NETFramework,Version=v4.6.2, .NETFramework,Version=v4.7, .NETFramework,Version=v4.7.1, .NETFramework,Version=v4.7.2, .NETFramework,Version=v4.8, .NETFramework,Version=v4.8.1' instead of the project target framework 'net8.0'. This package may not be fully compatible with your project.
C:\Users\ultra\warewolf\Dev\Dev2.Infrastructure.Tests\Dev2.Infrastructure.Tests.csproj : warning NU1701: Package 'GroupControls 1.9.0' was restored using '.NETFramework,Version=v4.6.1, .NETFramework,Version=v4.6.2, .NETFramework,Version=v4.7, .NETFramework,Version=v4.7.1, .NETFramework,Version=v4.7.2, .NETFramework,Version=v4.8, .NETFramework,Version=v4.8.1' instead of the project target framework 'net8.0'. This package may not be fully compatible with your project.
C:\Users\ultra\warewolf\Dev\Dev2.Infrastructure.Tests\Dev2.Infrastructure.Tests.csproj : warning NU1701: Package 'Microsoft.Xaml.Behaviors.Wpf 1.1.122' was restored using '.NETFramework,Version=v4.6.1, .NETFramework,Version=v4.6.2, .NETFramework,Version=v4.7, .NETFramework,Version=v4.7.1, .NETFramework,Version=v4.7.2, .NETFramework,Version=v4.8, .NETFramework,Version=v4.8.1' instead of the project target framework 'net8.0'. This package may not be fully compatible with your project.
C:\Users\ultra\warewolf\Dev\Dev2.Infrastructure.Tests\Dev2.Infrastructure.Tests.csproj : warning NU1701: Package 'Prism.Wpf 9.0.537' was restored using '.NETFramework,Version=v4.6.1, .NETFramework,Version=v4.6.2, .NETFramework,Version=v4.7, .NETFramework,Version=v4.7.1, .NETFramework,Version=v4.7.2, .NETFramework,Version=v4.8, .NETFramework,Version=v4.8.1' instead of the project target framework 'net8.0'. This package may not be fully compatible with your project.
C:\Users\ultra\warewolf\Dev\Dev2.Infrastructure.Tests\Dev2.Infrastructure.Tests.csproj : warning NU1701: Package 'ReactiveUI.WPF 18.4.1' was restored using '.NETFramework,Version=v4.6.1, .NETFramework,Version=v4.6.2, .NETFramework,Version=v4.7, .NETFramework,Version=v4.7.1, .NETFramework,Version=v4.7.2, .NETFramework,Version=v4.8, .NETFramework,Version=v4.8.1' instead of the project target framework 'net8.0'. This package may not be fully compatible with your project.
C:\Users\ultra\warewolf\Dev\Dev2.Infrastructure.Tests\Dev2.Infrastructure.Tests.csproj : warning NU1701: Package 'TaskSchedulerEditor 2.10.1' was restored using '.NETFramework,Version=v4.6.1, .NETFramework,Version=v4.6.2, .NETFramework,Version=v4.7, .NETFramework,Version=v4.7.1, .NETFramework,Version=v4.7.2, .NETFramework,Version=v4.8, .NETFramework,Version=v4.8.1' instead of the project target framework 'net8.0'. This package may not be fully compatible with your project.
C:\Users\ultra\warewolf\Dev\Warewolf.PerfMon\Warewolf.PerfMon.csproj : warning NU1701: Package 'AeroWizard 2.3.1' was restored using '.NETFramework,Version=v4.6.1, .NETFramework,Version=v4.6.2, .NETFramework,Version=v4.7, .NETFramework,Version=v4.7.1, .NETFramework,Version=v4.7.2, .NETFramework,Version=v4.8, .NETFramework,Version=v4.8.1' instead of the project target framework 'net8.0'. This package may not be fully compatible with your project.
C:\Users\ultra\warewolf\Dev\Warewolf.PerfMon\Warewolf.PerfMon.csproj : warning NU1701: Package 'GroupControls 1.9.0' was restored using '.NETFramework,Version=v4.6.1, .NETFramework,Version=v4.6.2, .NETFramework,Version=v4.7, .NETFramework,Version=v4.7.1, .NETFramework,Version=v4.7.2, .NETFramework,Version=v4.8, .NETFramework,Version=v4.8.1' instead of the project target framework 'net8.0'. This package may not be fully compatible with your project.
C:\Users\ultra\warewolf\Dev\Warewolf.PerfMon\Warewolf.PerfMon.csproj : warning NU1701: Package 'ReactiveUI.WPF 18.4.1' was restored using '.NETFramework,Version=v4.6.1, .NETFramework,Version=v4.6.2, .NETFramework,Version=v4.7, .NETFramework,Version=v4.7.1, .NETFramework,Version=v4.7.2, .NETFramework,Version=v4.8, .NETFramework,Version=v4.8.1' instead of the project target framework 'net8.0'. This package may not be fully compatible with your project.
C:\Users\ultra\warewolf\Dev\Warewolf.PerfMon\Warewolf.PerfMon.csproj : warning NU1701: Package 'TaskSchedulerEditor 2.10.1' was restored using '.NETFramework,Version=v4.6.1, .NETFramework,Version=v4.6.2, .NETFramework,Version=v4.7, .NETFramework,Version=v4.7.1, .NETFramework,Version=v4.7.2, .NETFramework,Version=v4.8, .NETFramework,Version=v4.8.1' instead of the project target framework 'net8.0'. This package may not be fully compatible with your project.
C:\Users\ultra\warewolf\Dev\Dev2.Scheduler\Dev2.Scheduler.csproj : warning NU1701: Package 'AeroWizard 2.3.1' was restored using '.NETFramework,Version=v4.6.1, .NETFramework,Version=v4.6.2, .NETFramework,Version=v4.7, .NETFramework,Version=v4.7.1, .NETFramework,Version=v4.7.2, .NETFramework,Version=v4.8, .NETFramework,Version=v4.8.1' instead of the project target framework 'net8.0'. This package may not be fully compatible with your project.
C:\Users\ultra\warewolf\Dev\Dev2.Scheduler\Dev2.Scheduler.csproj : warning NU1701: Package 'GroupControls 1.9.0' was restored using '.NETFramework,Version=v4.6.1, .NETFramework,Version=v4.6.2, .NETFramework,Version=v4.7, .NETFramework,Version=v4.7.1, .NETFramework,Version=v4.7.2, .NETFramework,Version=v4.8, .NETFramework,Version=v4.8.1' instead of the project target framework 'net8.0'. This package may not be fully compatible with your project.
C:\Users\ultra\warewolf\Dev\Dev2.Scheduler\Dev2.Scheduler.csproj : warning NU1701: Package 'ReactiveUI.WPF 18.4.1' was restored using '.NETFramework,Version=v4.6.1, .NETFramework,Version=v4.6.2, .NETFramework,Version=v4.7, .NETFramework,Version=v4.7.1, .NETFramework,Version=v4.7.2, .NETFramework,Version=v4.8, .NETFramework,Version=v4.8.1' instead of the project target framework 'net8.0'. This package may not be fully compatible with your project.
C:\Users\ultra\warewolf\Dev\Dev2.Scheduler\Dev2.Scheduler.csproj : warning NU1701: Package 'TaskSchedulerEditor 2.10.1' was restored using '.NETFramework,Version=v4.6.1, .NETFramework,Version=v4.6.2, .NETFramework,Version=v4.7, .NETFramework,Version=v4.7.1, .NETFramework,Version=v4.7.2, .NETFramework,Version=v4.8, .NETFramework,Version=v4.8.1' instead of the project target framework 'net8.0'. This package may not be fully compatible with your project.
C:\Users\ultra\warewolf\Dev\Warewolf.QueueWorker\Warewolf.QueueWorker.csproj : warning NU1701: Package 'AeroWizard 2.3.1' was restored using '.NETFramework,Version=v4.6.1, .NETFramework,Version=v4.6.2, .NETFramework,Version=v4.7, .NETFramework,Version=v4.7.1, .NETFramework,Version=v4.7.2, .NETFramework,Version=v4.8, .NETFramework,Version=v4.8.1' instead of the project target framework 'net8.0'. This package may not be fully compatible with your project.
C:\Users\ultra\warewolf\Dev\Warewolf.QueueWorker\Warewolf.QueueWorker.csproj : warning NU1701: Package 'GroupControls 1.9.0' was restored using '.NETFramework,Version=v4.6.1, .NETFramework,Version=v4.6.2, .NETFramework,Version=v4.7, .NETFramework,Version=v4.7.1, .NETFramework,Version=v4.7.2, .NETFramework,Version=v4.8, .NETFramework,Version=v4.8.1' instead of the project target framework 'net8.0'. This package may not be fully compatible with your project.
C:\Users\ultra\warewolf\Dev\Warewolf.QueueWorker\Warewolf.QueueWorker.csproj : warning NU1701: Package 'Microsoft.Xaml.Behaviors.Wpf 1.1.122' was restored using '.NETFramework,Version=v4.6.1, .NETFramework,Version=v4.6.2, .NETFramework,Version=v4.7, .NETFramework,Version=v4.7.1, .NETFramework,Version=v4.7.2, .NETFramework,Version=v4.8, .NETFramework,Version=v4.8.1' instead of the project target framework 'net8.0'. This package may not be fully compatible with your project.
C:\Users\ultra\warewolf\Dev\Warewolf.QueueWorker\Warewolf.QueueWorker.csproj : warning NU1701: Package 'Prism.Wpf 9.0.537' was restored using '.NETFramework,Version=v4.6.1, .NETFramework,Version=v4.6.2, .NETFramework,Version=v4.7, .NETFramework,Version=v4.7.1, .NETFramework,Version=v4.7.2, .NETFramework,Version=v4.8, .NETFramework,Version=v4.8.1' instead of the project target framework 'net8.0'. This package may not be fully compatible with your project.
C:\Users\ultra\warewolf\Dev\Warewolf.QueueWorker\Warewolf.QueueWorker.csproj : warning NU1701: Package 'ReactiveUI.WPF 18.4.1' was restored using '.NETFramework,Version=v4.6.1, .NETFramework,Version=v4.6.2, .NETFramework,Version=v4.7, .NETFramework,Version=v4.7.1, .NETFramework,Version=v4.7.2, .NETFramework,Version=v4.8, .NETFramework,Version=v4.8.1' instead of the project target framework 'net8.0'. This package may not be fully compatible with your project.
C:\Users\ultra\warewolf\Dev\Warewolf.QueueWorker\Warewolf.QueueWorker.csproj : warning NU1701: Package 'TaskSchedulerEditor 2.10.1' was restored using '.NETFramework,Version=v4.6.1, .NETFramework,Version=v4.6.2, .NETFramework,Version=v4.7, .NETFramework,Version=v4.7.1, .NETFramework,Version=v4.7.2, .NETFramework,Version=v4.8, .NETFramework,Version=v4.8.1' instead of the project target framework 'net8.0'. This package may not be fully compatible with your project.
C:\Program Files\dotnet\sdk\10.0.201\Sdks\Microsoft.NET.Sdk\targets\Microsoft.NET.Sdk.DefaultItems.targets(162,5): warning NETSDK1137: It is no longer necessary to use the Microsoft.NET.Sdk.WindowsDesktop SDK. Consider changing the Sdk attribute of the root Project element to 'Microsoft.NET.Sdk'. [C:\Users\ultra\warewolf\Dev\Dev2.Studio\Dev2.Studio.csproj]
C:\Program Files\dotnet\sdk\10.0.201\Sdks\Microsoft.NET.Sdk.WindowsDesktop\targets\Microsoft.NET.Sdk.WindowsDesktop.targets(138,5): warning NETSDK1106: Microsoft.NET.Sdk.WindowsDesktop requires 'UseWpf' or 'UseWindowsForms' to be set to 'true' [C:\Users\ultra\warewolf\Dev\Dev2.Studio\Dev2.Studio.csproj]
C:\Users\ultra\warewolf\Dev\Dev2.Server\Dev2.Server.csproj : warning NU1903: Package 'Oracle.ManagedDataAccess.Core' 3.21.70 has a known high severity vulnerability, https://github.com/advisories/GHSA-5pm2-9mr2-3frq
C:\Users\ultra\warewolf\Dev\Dev2.Server\Dev2.Server.csproj : warning NU1701: Package 'AeroWizard 2.3.1' was restored using '.NETFramework,Version=v4.6.1, .NETFramework,Version=v4.6.2, .NETFramework,Version=v4.7, .NETFramework,Version=v4.7.1, .NETFramework,Version=v4.7.2, .NETFramework,Version=v4.8, .NETFramework,Version=v4.8.1' instead of the project target framework 'net8.0'. This package may not be fully compatible with your project.
C:\Users\ultra\warewolf\Dev\Dev2.Server\Dev2.Server.csproj : warning NU1701: Package 'GroupControls 1.9.0' was restored using '.NETFramework,Version=v4.6.1, .NETFramework,Version=v4.6.2, .NETFramework,Version=v4.7, .NETFramework,Version=v4.7.1, .NETFramework,Version=v4.7.2, .NETFramework,Version=v4.8, .NETFramework,Version=v4.8.1' instead of the project target framework 'net8.0'. This package may not be fully compatible with your project.
C:\Users\ultra\warewolf\Dev\Dev2.Server\Dev2.Server.csproj : warning NU1701: Package 'Microsoft.Xaml.Behaviors.Wpf 1.1.122' was restored using '.NETFramework,Version=v4.6.1, .NETFramework,Version=v4.6.2, .NETFramework,Version=v4.7, .NETFramework,Version=v4.7.1, .NETFramework,Version=v4.7.2, .NETFramework,Version=v4.8, .NETFramework,Version=v4.8.1' instead of the project target framework 'net8.0'. This package may not be fully compatible with your project.
C:\Users\ultra\warewolf\Dev\Dev2.Server\Dev2.Server.csproj : warning NU1701: Package 'Prism.Wpf 9.0.537' was restored using '.NETFramework,Version=v4.6.1, .NETFramework,Version=v4.6.2, .NETFramework,Version=v4.7, .NETFramework,Version=v4.7.1, .NETFramework,Version=v4.7.2, .NETFramework,Version=v4.8, .NETFramework,Version=v4.8.1' instead of the project target framework 'net8.0'. This package may not be fully compatible with your project.
C:\Users\ultra\warewolf\Dev\Dev2.Server\Dev2.Server.csproj : warning NU1701: Package 'ReactiveUI.WPF 18.4.1' was restored using '.NETFramework,Version=v4.6.1, .NETFramework,Version=v4.6.2, .NETFramework,Version=v4.7, .NETFramework,Version=v4.7.1, .NETFramework,Version=v4.7.2, .NETFramework,Version=v4.8, .NETFramework,Version=v4.8.1' instead of the project target framework 'net8.0'. This package may not be fully compatible with your project.
C:\Users\ultra\warewolf\Dev\Dev2.Server\Dev2.Server.csproj : warning NU1701: Package 'TaskSchedulerEditor 2.10.1' was restored using '.NETFramework,Version=v4.6.1, .NETFramework,Version=v4.6.2, .NETFramework,Version=v4.7, .NETFramework,Version=v4.7.1, .NETFramework,Version=v4.7.2, .NETFramework,Version=v4.8, .NETFramework,Version=v4.8.1' instead of the project target framework 'net8.0'. This package may not be fully compatible with your project.
C:\Users\ultra\warewolf\Dev\Dev2.Diagnostics.Tests\Dev2.Diagnostics.Tests.csproj : warning NU1701: Package 'AeroWizard 2.3.1' was restored using '.NETFramework,Version=v4.6.1, .NETFramework,Version=v4.6.2, .NETFramework,Version=v4.7, .NETFramework,Version=v4.7.1, .NETFramework,Version=v4.7.2, .NETFramework,Version=v4.8, .NETFramework,Version=v4.8.1' instead of the project target framework 'net8.0'. This package may not be fully compatible with your project.
C:\Users\ultra\warewolf\Dev\Dev2.Diagnostics.Tests\Dev2.Diagnostics.Tests.csproj : warning NU1701: Package 'GroupControls 1.9.0' was restored using '.NETFramework,Version=v4.6.1, .NETFramework,Version=v4.6.2, .NETFramework,Version=v4.7, .NETFramework,Version=v4.7.1, .NETFramework,Version=v4.7.2, .NETFramework,Version=v4.8, .NETFramework,Version=v4.8.1' instead of the project target framework 'net8.0'. This package may not be fully compatible with your project.
C:\Users\ultra\warewolf\Dev\Dev2.Diagnostics.Tests\Dev2.Diagnostics.Tests.csproj : warning NU1701: Package 'Microsoft.Xaml.Behaviors.Wpf 1.1.122' was restored using '.NETFramework,Version=v4.6.1, .NETFramework,Version=v4.6.2, .NETFramework,Version=v4.7, .NETFramework,Version=v4.7.1, .NETFramework,Version=v4.7.2, .NETFramework,Version=v4.8, .NETFramework,Version=v4.8.1' instead of the project target framework 'net8.0'. This package may not be fully compatible with your project.
C:\Users\ultra\warewolf\Dev\Dev2.Diagnostics.Tests\Dev2.Diagnostics.Tests.csproj : warning NU1701: Package 'Prism.Wpf 9.0.537' was restored using '.NETFramework,Version=v4.6.1, .NETFramework,Version=v4.6.2, .NETFramework,Version=v4.7, .NETFramework,Version=v4.7.1, .NETFramework,Version=v4.7.2, .NETFramework,Version=v4.8, .NETFramework,Version=v4.8.1' instead of the project target framework 'net8.0'. This package may not be fully compatible with your project.
C:\Users\ultra\warewolf\Dev\Dev2.Diagnostics.Tests\Dev2.Diagnostics.Tests.csproj : warning NU1701: Package 'ReactiveUI.WPF 18.4.1' was restored using '.NETFramework,Version=v4.6.1, .NETFramework,Version=v4.6.2, .NETFramework,Version=v4.7, .NETFramework,Version=v4.7.1, .NETFramework,Version=v4.7.2, .NETFramework,Version=v4.8, .NETFramework,Version=v4.8.1' instead of the project target framework 'net8.0'. This package may not be fully compatible with your project.
C:\Users\ultra\warewolf\Dev\Dev2.Diagnostics.Tests\Dev2.Diagnostics.Tests.csproj : warning NU1701: Package 'TaskSchedulerEditor 2.10.1' was restored using '.NETFramework,Version=v4.6.1, .NETFramework,Version=v4.6.2, .NETFramework,Version=v4.7, .NETFramework,Version=v4.7.1, .NETFramework,Version=v4.7.2, .NETFramework,Version=v4.8, .NETFramework,Version=v4.8.1' instead of the project target framework 'net8.0'. This package may not be fully compatible with your project.
C:\Users\ultra\warewolf\Dev\Dev2.Studio\Dev2.Studio.csproj : warning NU1701: Package 'AeroWizard 2.3.1' was restored using '.NETFramework,Version=v4.6.1, .NETFramework,Version=v4.6.2, .NETFramework,Version=v4.7, .NETFramework,Version=v4.7.1, .NETFramework,Version=v4.7.2, .NETFramework,Version=v4.8, .NETFramework,Version=v4.8.1' instead of the project target framework 'net8.0'. This package may not be fully compatible with your project.
C:\Users\ultra\warewolf\Dev\Dev2.Studio\Dev2.Studio.csproj : warning NU1701: Package 'AvalonEdit 6.3.0.90' was restored using '.NETFramework,Version=v4.6.1, .NETFramework,Version=v4.6.2, .NETFramework,Version=v4.7, .NETFramework,Version=v4.7.1, .NETFramework,Version=v4.7.2, .NETFramework,Version=v4.8, .NETFramework,Version=v4.8.1' instead of the project target framework 'net8.0'. This package may not be fully compatible with your project.
C:\Users\ultra\warewolf\Dev\Dev2.Studio\Dev2.Studio.csproj : warning NU1701: Package 'CommonServiceLocator 1.2.0' was restored using '.NETFramework,Version=v4.6.1, .NETFramework,Version=v4.6.2, .NETFramework,Version=v4.7, .NETFramework,Version=v4.7.1, .NETFramework,Version=v4.7.2, .NETFramework,Version=v4.8, .NETFramework,Version=v4.8.1' instead of the project target framework 'net8.0'. This package may not be fully compatible with your project.
C:\Users\ultra\warewolf\Dev\Dev2.Studio\Dev2.Studio.csproj : warning NU1701: Package 'FontAwesome.WPF 4.7.0.9' was restored using '.NETFramework,Version=v4.6.1, .NETFramework,Version=v4.6.2, .NETFramework,Version=v4.7, .NETFramework,Version=v4.7.1, .NETFramework,Version=v4.7.2, .NETFramework,Version=v4.8, .NETFramework,Version=v4.8.1' instead of the project target framework 'net8.0'. This package may not be fully compatible with your project.
C:\Users\ultra\warewolf\Dev\Dev2.Studio\Dev2.Studio.csproj : warning NU1701: Package 'GroupControls 1.9.0' was restored using '.NETFramework,Version=v4.6.1, .NETFramework,Version=v4.6.2, .NETFramework,Version=v4.7, .NETFramework,Version=v4.7.1, .NETFramework,Version=v4.7.2, .NETFramework,Version=v4.8, .NETFramework,Version=v4.8.1' instead of the project target framework 'net8.0'. This package may not be fully compatible with your project.
C:\Users\ultra\warewolf\Dev\Dev2.Studio\Dev2.Studio.csproj : warning NU1701: Package 'Log4Net.Async 2.0.4' was restored using '.NETFramework,Version=v4.6.1, .NETFramework,Version=v4.6.2, .NETFramework,Version=v4.7, .NETFramework,Version=v4.7.1, .NETFramework,Version=v4.7.2, .NETFramework,Version=v4.8, .NETFramework,Version=v4.8.1' instead of the project target framework 'net8.0'. This package may not be fully compatible with your project.
C:\Users\ultra\warewolf\Dev\Dev2.Studio\Dev2.Studio.csproj : warning NU1701: Package 'Microsoft.Xaml.Behaviors.Wpf 1.1.122' was restored using '.NETFramework,Version=v4.6.1, .NETFramework,Version=v4.6.2, .NETFramework,Version=v4.7, .NETFramework,Version=v4.7.1, .NETFramework,Version=v4.7.2, .NETFramework,Version=v4.8, .NETFramework,Version=v4.8.1' instead of the project target framework 'net8.0'. This package may not be fully compatible with your project.
C:\Users\ultra\warewolf\Dev\Dev2.Studio\Dev2.Studio.csproj : warning NU1701: Package 'Prism.Composition 5.0.0' was restored using '.NETFramework,Version=v4.6.1, .NETFramework,Version=v4.6.2, .NETFramework,Version=v4.7, .NETFramework,Version=v4.7.1, .NETFramework,Version=v4.7.2, .NETFramework,Version=v4.8, .NETFramework,Version=v4.8.1' instead of the project target framework 'net8.0'. This package may not be fully compatible with your project.
C:\Users\ultra\warewolf\Dev\Dev2.Studio\Dev2.Studio.csproj : warning NU1701: Package 'Prism.Interactivity 5.0.0' was restored using '.NETFramework,Version=v4.6.1, .NETFramework,Version=v4.6.2, .NETFramework,Version=v4.7, .NETFramework,Version=v4.7.1, .NETFramework,Version=v4.7.2, .NETFramework,Version=v4.8, .NETFramework,Version=v4.8.1' instead of the project target framework 'net8.0'. This package may not be fully compatible with your project.
C:\Users\ultra\warewolf\Dev\Dev2.Studio\Dev2.Studio.csproj : warning NU1701: Package 'Prism.Mvvm 1.0.0' was restored using '.NETFramework,Version=v4.6.1, .NETFramework,Version=v4.6.2, .NETFramework,Version=v4.7, .NETFramework,Version=v4.7.1, .NETFramework,Version=v4.7.2, .NETFramework,Version=v4.8, .NETFramework,Version=v4.8.1' instead of the project target framework 'net8.0'. This package may not be fully compatible with your project.
C:\Users\ultra\warewolf\Dev\Dev2.Studio\Dev2.Studio.csproj : warning NU1701: Package 'Prism.PubSubEvents 1.0.0' was restored using '.NETFramework,Version=v4.6.1, .NETFramework,Version=v4.6.2, .NETFramework,Version=v4.7, .NETFramework,Version=v4.7.1, .NETFramework,Version=v4.7.2, .NETFramework,Version=v4.8, .NETFramework,Version=v4.8.1' instead of the project target framework 'net8.0'. This package may not be fully compatible with your project.
C:\Users\ultra\warewolf\Dev\Dev2.Studio\Dev2.Studio.csproj : warning NU1701: Package 'Prism.UnityExtensions 5.0.1' was restored using '.NETFramework,Version=v4.6.1, .NETFramework,Version=v4.6.2, .NETFramework,Version=v4.7, .NETFramework,Version=v4.7.1, .NETFramework,Version=v4.7.2, .NETFramework,Version=v4.8, .NETFramework,Version=v4.8.1' instead of the project target framework 'net8.0'. This package may not be fully compatible with your project.
C:\Users\ultra\warewolf\Dev\Dev2.Studio\Dev2.Studio.csproj : warning NU1701: Package 'Prism.Wpf 9.0.537' was restored using '.NETFramework,Version=v4.6.1, .NETFramework,Version=v4.6.2, .NETFramework,Version=v4.7, .NETFramework,Version=v4.7.1, .NETFramework,Version=v4.7.2, .NETFramework,Version=v4.8, .NETFramework,Version=v4.8.1' instead of the project target framework 'net8.0'. This package may not be fully compatible with your project.
C:\Users\ultra\warewolf\Dev\Dev2.Studio\Dev2.Studio.csproj : warning NU1701: Package 'ReactiveUI.WPF 18.4.1' was restored using '.NETFramework,Version=v4.6.1, .NETFramework,Version=v4.6.2, .NETFramework,Version=v4.7, .NETFramework,Version=v4.7.1, .NETFramework,Version=v4.7.2, .NETFramework,Version=v4.8, .NETFramework,Version=v4.8.1' instead of the project target framework 'net8.0'. This package may not be fully compatible with your project.
C:\Users\ultra\warewolf\Dev\Dev2.Studio\Dev2.Studio.csproj : warning NU1701: Package 'TaskSchedulerEditor 2.10.1' was restored using '.NETFramework,Version=v4.6.1, .NETFramework,Version=v4.6.2, .NETFramework,Version=v4.7, .NETFramework,Version=v4.7.1, .NETFramework,Version=v4.7.2, .NETFramework,Version=v4.8, .NETFramework,Version=v4.8.1' instead of the project target framework 'net8.0'. This package may not be fully compatible with your project.
C:\Users\ultra\warewolf\Dev\Dev2.Studio\Dev2.Studio.csproj : warning NU1701: Package 'Unofficial.Microsoft.mshtml 7.0.3300' was restored using '.NETFramework,Version=v4.6.1, .NETFramework,Version=v4.6.2, .NETFramework,Version=v4.7, .NETFramework,Version=v4.7.1, .NETFramework,Version=v4.7.2, .NETFramework,Version=v4.8, .NETFramework,Version=v4.8.1' instead of the project target framework 'net8.0'. This package may not be fully compatible with your project.
C:\Users\ultra\warewolf\Dev\Warewolf.MergeParser.Tests\Warewolf.MergeParser.Tests.csproj : warning NU1701: Package 'AeroWizard 2.3.1' was restored using '.NETFramework,Version=v4.6.1, .NETFramework,Version=v4.6.2, .NETFramework,Version=v4.7, .NETFramework,Version=v4.7.1, .NETFramework,Version=v4.7.2, .NETFramework,Version=v4.8, .NETFramework,Version=v4.8.1' instead of the project target framework 'net8.0'. This package may not be fully compatible with your project.
C:\Users\ultra\warewolf\Dev\Warewolf.MergeParser.Tests\Warewolf.MergeParser.Tests.csproj : warning NU1701: Package 'GroupControls 1.9.0' was restored using '.NETFramework,Version=v4.6.1, .NETFramework,Version=v4.6.2, .NETFramework,Version=v4.7, .NETFramework,Version=v4.7.1, .NETFramework,Version=v4.7.2, .NETFramework,Version=v4.8, .NETFramework,Version=v4.8.1' instead of the project target framework 'net8.0'. This package may not be fully compatible with your project.
C:\Users\ultra\warewolf\Dev\Warewolf.MergeParser.Tests\Warewolf.MergeParser.Tests.csproj : warning NU1701: Package 'Microsoft.Xaml.Behaviors.Wpf 1.1.122' was restored using '.NETFramework,Version=v4.6.1, .NETFramework,Version=v4.6.2, .NETFramework,Version=v4.7, .NETFramework,Version=v4.7.1, .NETFramework,Version=v4.7.2, .NETFramework,Version=v4.8, .NETFramework,Version=v4.8.1' instead of the project target framework 'net8.0'. This package may not be fully compatible with your project.
C:\Users\ultra\warewolf\Dev\Warewolf.MergeParser.Tests\Warewolf.MergeParser.Tests.csproj : warning NU1701: Package 'Prism.Wpf 9.0.537' was restored using '.NETFramework,Version=v4.6.1, .NETFramework,Version=v4.6.2, .NETFramework,Version=v4.7, .NETFramework,Version=v4.7.1, .NETFramework,Version=v4.7.2, .NETFramework,Version=v4.8, .NETFramework,Version=v4.8.1' instead of the project target framework 'net8.0'. This package may not be fully compatible with your project.
C:\Users\ultra\warewolf\Dev\Warewolf.MergeParser.Tests\Warewolf.MergeParser.Tests.csproj : warning NU1701: Package 'ReactiveUI.WPF 18.4.1' was restored using '.NETFramework,Version=v4.6.1, .NETFramework,Version=v4.6.2, .NETFramework,Version=v4.7, .NETFramework,Version=v4.7.1, .NETFramework,Version=v4.7.2, .NETFramework,Version=v4.8, .NETFramework,Version=v4.8.1' instead of the project target framework 'net8.0'. This package may not be fully compatible with your project.
C:\Users\ultra\warewolf\Dev\Warewolf.MergeParser.Tests\Warewolf.MergeParser.Tests.csproj : warning NU1701: Package 'TaskSchedulerEditor 2.10.1' was restored using '.NETFramework,Version=v4.6.1, .NETFramework,Version=v4.6.2, .NETFramework,Version=v4.7, .NETFramework,Version=v4.7.1, .NETFramework,Version=v4.7.2, .NETFramework,Version=v4.8, .NETFramework,Version=v4.8.1' instead of the project target framework 'net8.0'. This package may not be fully compatible with your project.
C:\Users\ultra\warewolf\Dev\Warewolf.Logger\Warewolf.Logger.csproj : warning NU1701: Package 'AeroWizard 2.3.1' was restored using '.NETFramework,Version=v4.6.1, .NETFramework,Version=v4.6.2, .NETFramework,Version=v4.7, .NETFramework,Version=v4.7.1, .NETFramework,Version=v4.7.2, .NETFramework,Version=v4.8, .NETFramework,Version=v4.8.1' instead of the project target framework 'net8.0'. This package may not be fully compatible with your project.
C:\Users\ultra\warewolf\Dev\Warewolf.Logger\Warewolf.Logger.csproj : warning NU1701: Package 'GroupControls 1.9.0' was restored using '.NETFramework,Version=v4.6.1, .NETFramework,Version=v4.6.2, .NETFramework,Version=v4.7, .NETFramework,Version=v4.7.1, .NETFramework,Version=v4.7.2, .NETFramework,Version=v4.8, .NETFramework,Version=v4.8.1' instead of the project target framework 'net8.0'. This package may not be fully compatible with your project.
C:\Users\ultra\warewolf\Dev\Warewolf.Logger\Warewolf.Logger.csproj : warning NU1701: Package 'Microsoft.Xaml.Behaviors.Wpf 1.1.122' was restored using '.NETFramework,Version=v4.6.1, .NETFramework,Version=v4.6.2, .NETFramework,Version=v4.7, .NETFramework,Version=v4.7.1, .NETFramework,Version=v4.7.2, .NETFramework,Version=v4.8, .NETFramework,Version=v4.8.1' instead of the project target framework 'net8.0'. This package may not be fully compatible with your project.
C:\Users\ultra\warewolf\Dev\Warewolf.Logger\Warewolf.Logger.csproj : warning NU1701: Package 'Prism.Wpf 9.0.537' was restored using '.NETFramework,Version=v4.6.1, .NETFramework,Version=v4.6.2, .NETFramework,Version=v4.7, .NETFramework,Version=v4.7.1, .NETFramework,Version=v4.7.2, .NETFramework,Version=v4.8, .NETFramework,Version=v4.8.1' instead of the project target framework 'net8.0'. This package may not be fully compatible with your project.
C:\Users\ultra\warewolf\Dev\Warewolf.Logger\Warewolf.Logger.csproj : warning NU1701: Package 'ReactiveUI.WPF 18.4.1' was restored using '.NETFramework,Version=v4.6.1, .NETFramework,Version=v4.6.2, .NETFramework,Version=v4.7, .NETFramework,Version=v4.7.1, .NETFramework,Version=v4.7.2, .NETFramework,Version=v4.8, .NETFramework,Version=v4.8.1' instead of the project target framework 'net8.0'. This package may not be fully compatible with your project.
C:\Users\ultra\warewolf\Dev\Warewolf.Logger\Warewolf.Logger.csproj : warning NU1701: Package 'TaskSchedulerEditor 2.10.1' was restored using '.NETFramework,Version=v4.6.1, .NETFramework,Version=v4.6.2, .NETFramework,Version=v4.7, .NETFramework,Version=v4.7.1, .NETFramework,Version=v4.7.2, .NETFramework,Version=v4.8, .NETFramework,Version=v4.8.1' instead of the project target framework 'net8.0'. This package may not be fully compatible with your project.
  GACManagerApi -> C:\Users\ultra\warewolf\Dev\GACManagerApi\bin\Debug\net8.0\GACManagerApi.dll
C:\Users\ultra\warewolf\Dev\Warewolf.Security\Encryption\AESThenHMAC.cs(168,34): warning SYSLIB0021: 'AesManaged' is obsolete: 'Derived cryptographic types are obsolete. Use the Create method on the base type instead.' (https://aka.ms/dotnet-warnings/SYSLIB0021) [C:\Users\ultra\warewolf\Dev\Warewolf.Security\Warewolf.Security.csproj]
C:\Users\ultra\warewolf\Dev\Warewolf.Security\Encryption\AESThenHMAC.cs(264,38): warning SYSLIB0021: 'AesManaged' is obsolete: 'Derived cryptographic types are obsolete. Use the Create method on the base type instead.' (https://aka.ms/dotnet-warnings/SYSLIB0021) [C:\Users\ultra\warewolf\Dev\Warewolf.Security\Warewolf.Security.csproj]
C:\Users\ultra\warewolf\Dev\Warewolf.Security\Encryption\AESThenHMAC.cs(331,36): warning SYSLIB0041: 'Rfc2898DeriveBytes.Rfc2898DeriveBytes(string, int, int)' is obsolete: 'The default hash algorithm and iteration counts in Rfc2898DeriveBytes constructors are outdated and insecure. Use a constructor that accepts the hash algorithm and the number of iterations.' (https://aka.ms/dotnet-warnings/SYSLIB0041) [C:\Users\ultra\warewolf\Dev\Warewolf.Security\Warewolf.Security.csproj]
C:\Users\ultra\warewolf\Dev\Warewolf.Security\Encryption\AESThenHMAC.cs(345,36): warning SYSLIB0041: 'Rfc2898DeriveBytes.Rfc2898DeriveBytes(string, int, int)' is obsolete: 'The default hash algorithm and iteration counts in Rfc2898DeriveBytes constructors are outdated and insecure. Use a constructor that accepts the hash algorithm and the number of iterations.' (https://aka.ms/dotnet-warnings/SYSLIB0041) [C:\Users\ultra\warewolf\Dev\Warewolf.Security\Warewolf.Security.csproj]
C:\Users\ultra\warewolf\Dev\Warewolf.Security\Encryption\AESThenHMAC.cs(393,36): warning SYSLIB0041: 'Rfc2898DeriveBytes.Rfc2898DeriveBytes(string, byte[], int)' is obsolete: 'The default hash algorithm and iteration counts in Rfc2898DeriveBytes constructors are outdated and insecure. Use a constructor that accepts the hash algorithm and the number of iterations.' (https://aka.ms/dotnet-warnings/SYSLIB0041) [C:\Users\ultra\warewolf\Dev\Warewolf.Security\Warewolf.Security.csproj]
C:\Users\ultra\warewolf\Dev\Warewolf.Security\Encryption\AESThenHMAC.cs(398,36): warning SYSLIB0041: 'Rfc2898DeriveBytes.Rfc2898DeriveBytes(string, byte[], int)' is obsolete: 'The default hash algorithm and iteration counts in Rfc2898DeriveBytes constructors are outdated and insecure. Use a constructor that accepts the hash algorithm and the number of iterations.' (https://aka.ms/dotnet-warnings/SYSLIB0041) [C:\Users\ultra\warewolf\Dev\Warewolf.Security\Warewolf.Security.csproj]
C:\Users\ultra\warewolf\Dev\Warewolf.Studio.Themes.Luna\Warewolf.Studio.Themes.Luna.csproj : warning NU1701: Package 'AeroWizard 2.3.1' was restored using '.NETFramework,Version=v4.6.1, .NETFramework,Version=v4.6.2, .NETFramework,Version=v4.7, .NETFramework,Version=v4.7.1, .NETFramework,Version=v4.7.2, .NETFramework,Version=v4.8, .NETFramework,Version=v4.8.1' instead of the project target framework 'net8.0'. This package may not be fully compatible with your project.
C:\Users\ultra\warewolf\Dev\Warewolf.Studio.Themes.Luna\Warewolf.Studio.Themes.Luna.csproj : warning NU1701: Package 'GroupControls 1.9.0' was restored using '.NETFramework,Version=v4.6.1, .NETFramework,Version=v4.6.2, .NETFramework,Version=v4.7, .NETFramework,Version=v4.7.1, .NETFramework,Version=v4.7.2, .NETFramework,Version=v4.8, .NETFramework,Version=v4.8.1' instead of the project target framework 'net8.0'. This package may not be fully compatible with your project.
C:\Users\ultra\warewolf\Dev\Warewolf.Studio.Themes.Luna\Warewolf.Studio.Themes.Luna.csproj : warning NU1701: Package 'Microsoft.Xaml.Behaviors.Wpf 1.1.122' was restored using '.NETFramework,Version=v4.6.1, .NETFramework,Version=v4.6.2, .NETFramework,Version=v4.7, .NETFramework,Version=v4.7.1, .NETFramework,Version=v4.7.2, .NETFramework,Version=v4.8, .NETFramework,Version=v4.8.1' instead of the project target framework 'net8.0'. This package may not be fully compatible with your project.
C:\Users\ultra\warewolf\Dev\Warewolf.Studio.Themes.Luna\Warewolf.Studio.Themes.Luna.csproj : warning NU1701: Package 'Prism.Wpf 9.0.537' was restored using '.NETFramework,Version=v4.6.1, .NETFramework,Version=v4.6.2, .NETFramework,Version=v4.7, .NETFramework,Version=v4.7.1, .NETFramework,Version=v4.7.2, .NETFramework,Version=v4.8, .NETFramework,Version=v4.8.1' instead of the project target framework 'net8.0'. This package may not be fully compatible with your project.
C:\Users\ultra\warewolf\Dev\Warewolf.Studio.Themes.Luna\Warewolf.Studio.Themes.Luna.csproj : warning NU1701: Package 'ReactiveUI.WPF 18.4.1' was restored using '.NETFramework,Version=v4.6.1, .NETFramework,Version=v4.6.2, .NETFramework,Version=v4.7, .NETFramework,Version=v4.7.1, .NETFramework,Version=v4.7.2, .NETFramework,Version=v4.8, .NETFramework,Version=v4.8.1' instead of the project target framework 'net8.0'. This package may not be fully compatible with your project.
C:\Users\ultra\warewolf\Dev\Warewolf.Studio.Themes.Luna\Warewolf.Studio.Themes.Luna.csproj : warning NU1701: Package 'TaskSchedulerEditor 2.10.1' was restored using '.NETFramework,Version=v4.6.1, .NETFramework,Version=v4.6.2, .NETFramework,Version=v4.7, .NETFramework,Version=v4.7.1, .NETFramework,Version=v4.7.2, .NETFramework,Version=v4.8, .NETFramework,Version=v4.8.1' instead of the project target framework 'net8.0'. This package may not be fully compatible with your project.
  Warewolf.Security -> C:\Users\ultra\warewolf\Dev\Warewolf.Security\bin\Debug\net8.0\Warewolf.Security.dll
C:\Users\ultra\warewolf\Dev\Warewolf.AI.Harness\Warewolf.AI.Harness.csproj : warning NU1701: Package 'AeroWizard 2.3.1' was restored using '.NETFramework,Version=v4.6.1, .NETFramework,Version=v4.6.2, .NETFramework,Version=v4.7, .NETFramework,Version=v4.7.1, .NETFramework,Version=v4.7.2, .NETFramework,Version=v4.8, .NETFramework,Version=v4.8.1' instead of the project target framework 'net8.0'. This package may not be fully compatible with your project.
C:\Users\ultra\warewolf\Dev\Dev2.Runtime.Configuration.Tests\Dev2.Runtime.Configuration.Tests.csproj : warning NU1701: Package 'AeroWizard 2.3.1' was restored using '.NETFramework,Version=v4.6.1, .NETFramework,Version=v4.6.2, .NETFramework,Version=v4.7, .NETFramework,Version=v4.7.1, .NETFramework,Version=v4.7.2, .NETFramework,Version=v4.8, .NETFramework,Version=v4.8.1' instead of the project target framework 'net8.0'. This package may not be fully compatible with your project.
C:\Users\ultra\warewolf\Dev\Warewolf.AI.Harness\Warewolf.AI.Harness.csproj : warning NU1701: Package 'GroupControls 1.9.0' was restored using '.NETFramework,Version=v4.6.1, .NETFramework,Version=v4.6.2, .NETFramework,Version=v4.7, .NETFramework,Version=v4.7.1, .NETFramework,Version=v4.7.2, .NETFramework,Version=v4.8, .NETFramework,Version=v4.8.1' instead of the project target framework 'net8.0'. This package may not be fully compatible with your project.
C:\Users\ultra\warewolf\Dev\Warewolf.AI.Harness\Warewolf.AI.Harness.csproj : warning NU1701: Package 'TaskSchedulerEditor 2.10.1' was restored using '.NETFramework,Version=v4.6.1, .NETFramework,Version=v4.6.2, .NETFramework,Version=v4.7, .NETFramework,Version=v4.7.1, .NETFramework,Version=v4.7.2, .NETFramework,Version=v4.8, .NETFramework,Version=v4.8.1' instead of the project target framework 'net8.0'. This package may not be fully compatible with your project.
C:\Users\ultra\warewolf\Dev\Dev2.Runtime.Configuration.Tests\Dev2.Runtime.Configuration.Tests.csproj : warning NU1701: Package 'GroupControls 1.9.0' was restored using '.NETFramework,Version=v4.6.1, .NETFramework,Version=v4.6.2, .NETFramework,Version=v4.7, .NETFramework,Version=v4.7.1, .NETFramework,Version=v4.7.2, .NETFramework,Version=v4.8, .NETFramework,Version=v4.8.1' instead of the project target framework 'net8.0'. This package may not be fully compatible with your project.
C:\Users\ultra\warewolf\Dev\Dev2.Runtime.Configuration.Tests\Dev2.Runtime.Configuration.Tests.csproj : warning NU1701: Package 'TaskSchedulerEditor 2.10.1' was restored using '.NETFramework,Version=v4.6.1, .NETFramework,Version=v4.6.2, .NETFramework,Version=v4.7, .NETFramework,Version=v4.7.1, .NETFramework,Version=v4.7.2, .NETFramework,Version=v4.8, .NETFramework,Version=v4.8.1' instead of the project target framework 'net8.0'. This package may not be fully compatible with your project.
C:\Users\ultra\warewolf\Dev\Warewolf.Driver.Serilog\Warewolf.Driver.Serilog.csproj : warning NU1701: Package 'AeroWizard 2.3.1' was restored using '.NETFramework,Version=v4.6.1, .NETFramework,Version=v4.6.2, .NETFramework,Version=v4.7, .NETFramework,Version=v4.7.1, .NETFramework,Version=v4.7.2, .NETFramework,Version=v4.8, .NETFramework,Version=v4.8.1' instead of the project target framework 'net8.0'. This package may not be fully compatible with your project.
C:\Users\ultra\warewolf\Dev\Warewolf.Driver.Serilog\Warewolf.Driver.Serilog.csproj : warning NU1701: Package 'GroupControls 1.9.0' was restored using '.NETFramework,Version=v4.6.1, .NETFramework,Version=v4.6.2, .NETFramework,Version=v4.7, .NETFramework,Version=v4.7.1, .NETFramework,Version=v4.7.2, .NETFramework,Version=v4.8, .NETFramework,Version=v4.8.1' instead of the project target framework 'net8.0'. This package may not be fully compatible with your project.
C:\Users\ultra\warewolf\Dev\Warewolf.Driver.Serilog\Warewolf.Driver.Serilog.csproj : warning NU1701: Package 'ReactiveUI.WPF 18.4.1' was restored using '.NETFramework,Version=v4.6.1, .NETFramework,Version=v4.6.2, .NETFramework,Version=v4.7, .NETFramework,Version=v4.7.1, .NETFramework,Version=v4.7.2, .NETFramework,Version=v4.8, .NETFramework,Version=v4.8.1' instead of the project target framework 'net8.0'. This package may not be fully compatible with your project.
C:\Users\ultra\warewolf\Dev\Warewolf.Driver.Serilog\Warewolf.Driver.Serilog.csproj : warning NU1701: Package 'TaskSchedulerEditor 2.10.1' was restored using '.NETFramework,Version=v4.6.1, .NETFramework,Version=v4.6.2, .NETFramework,Version=v4.7, .NETFramework,Version=v4.7.1, .NETFramework,Version=v4.7.2, .NETFramework,Version=v4.8, .NETFramework,Version=v4.8.1' instead of the project target framework 'net8.0'. This package may not be fully compatible with your project.
C:\Users\ultra\warewolf\Dev\Warewolf.Studio.ViewModels\Warewolf.Studio.ViewModels.csproj : warning NU1701: Package 'AeroWizard 2.3.1' was restored using '.NETFramework,Version=v4.6.1, .NETFramework,Version=v4.6.2, .NETFramework,Version=v4.7, .NETFramework,Version=v4.7.1, .NETFramework,Version=v4.7.2, .NETFramework,Version=v4.8, .NETFramework,Version=v4.8.1' instead of the project target framework 'net8.0'. This package may not be fully compatible with your project.
C:\Users\ultra\warewolf\Dev\Warewolf.Studio.ViewModels\Warewolf.Studio.ViewModels.csproj : warning NU1701: Package 'GroupControls 1.9.0' was restored using '.NETFramework,Version=v4.6.1, .NETFramework,Version=v4.6.2, .NETFramework,Version=v4.7, .NETFramework,Version=v4.7.1, .NETFramework,Version=v4.7.2, .NETFramework,Version=v4.8, .NETFramework,Version=v4.8.1' instead of the project target framework 'net8.0'. This package may not be fully compatible with your project.
C:\Users\ultra\warewolf\Dev\Warewolf.Studio.ViewModels\Warewolf.Studio.ViewModels.csproj : warning NU1701: Package 'Microsoft.Xaml.Behaviors.Wpf 1.1.122' was restored using '.NETFramework,Version=v4.6.1, .NETFramework,Version=v4.6.2, .NETFramework,Version=v4.7, .NETFramework,Version=v4.7.1, .NETFramework,Version=v4.7.2, .NETFramework,Version=v4.8, .NETFramework,Version=v4.8.1' instead of the project target framework 'net8.0'. This package may not be fully compatible with your project.
C:\Users\ultra\warewolf\Dev\Warewolf.Studio.ViewModels\Warewolf.Studio.ViewModels.csproj : warning NU1701: Package 'Prism.Wpf 9.0.537' was restored using '.NETFramework,Version=v4.6.1, .NETFramework,Version=v4.6.2, .NETFramework,Version=v4.7, .NETFramework,Version=v4.7.1, .NETFramework,Version=v4.7.2, .NETFramework,Version=v4.8, .NETFramework,Version=v4.8.1' instead of the project target framework 'net8.0'. This package may not be fully compatible with your project.
C:\Users\ultra\warewolf\Dev\Warewolf.Studio.ViewModels\Warewolf.Studio.ViewModels.csproj : warning NU1701: Package 'ReactiveUI.WPF 18.4.1' was restored using '.NETFramework,Version=v4.6.1, .NETFramework,Version=v4.6.2, .NETFramework,Version=v4.7, .NETFramework,Version=v4.7.1, .NETFramework,Version=v4.7.2, .NETFramework,Version=v4.8, .NETFramework,Version=v4.8.1' instead of the project target framework 'net8.0'. This package may not be fully compatible with your project.
C:\Users\ultra\warewolf\Dev\Warewolf.Studio.ViewModels\Warewolf.Studio.ViewModels.csproj : warning NU1701: Package 'TaskSchedulerEditor 2.10.1' was restored using '.NETFramework,Version=v4.6.1, .NETFramework,Version=v4.6.2, .NETFramework,Version=v4.7, .NETFramework,Version=v4.7.1, .NETFramework,Version=v4.7.2, .NETFramework,Version=v4.8, .NETFramework,Version=v4.8.1' instead of the project target framework 'net8.0'. This package may not be fully compatible with your project.
  Warewolf.Parser.Interop -> C:\Users\ultra\warewolf\Dev\Warewolf.Parser.Interop\bin\Debug\net8.0\WarewolfParserInterop.dll
C:\Users\ultra\warewolf\Dev\Dev2.Common.Interfaces\Attribute\ReasonAttribute.cs(13,18): warning CC0023: Mark 'ReasonAttribute' as sealed. (https://code-cracker.github.io/diagnostics/CC0023.html) [C:\Users\ultra\warewolf\Dev\Dev2.Common.Interfaces\Dev2.Common.Interfaces.csproj]
C:\Users\ultra\warewolf\Dev\Dev2.Common.Interfaces\Wrappers\IDirectoryEntry.cs(190,35): warning CC0057: Parameter 'path' is not used. (https://code-cracker.github.io/diagnostics/CC0057.html) [C:\Users\ultra\warewolf\Dev\Dev2.Common.Interfaces\Dev2.Common.Interfaces.csproj]
C:\Users\ultra\warewolf\Dev\Dev2.Common.Interfaces\DllListing.cs(97,17): warning CC0105: Use 'var' instead of specifying the type name. (https://code-cracker.github.io/diagnostics/CC0105.html) [C:\Users\ultra\warewolf\Dev\Dev2.Common.Interfaces\Dev2.Common.Interfaces.csproj]
C:\Users\ultra\warewolf\Dev\Dev2.Common.Interfaces\DllListing.cs(98,17): warning CC0105: Use 'var' instead of specifying the type name. (https://code-cracker.github.io/diagnostics/CC0105.html) [C:\Users\ultra\warewolf\Dev\Dev2.Common.Interfaces\Dev2.Common.Interfaces.csproj]
C:\Users\ultra\warewolf\Dev\Dev2.Common.Interfaces\Runtime\Services\IStreamContentFactory.cs(48,21): warning CC0029: 'StreamContentWrapper' should call GC.SuppressFinalize inside the Dispose method. (https://code-cracker.github.io/diagnostics/CC0029.html) [C:\Users\ultra\warewolf\Dev\Dev2.Common.Interfaces\Dev2.Common.Interfaces.csproj]
  Dev2.Common.Interfaces -> C:\Users\ultra\warewolf\Dev\Dev2.Common.Interfaces\bin\Debug\net8.0\Dev2.Common.Interfaces.dll
C:\Users\ultra\warewolf\Dev\Warewolf.Language.Parser\EvaluationFunctions.fs(277,15): warning FS3548: Pattern discard is not allowed for union case that takes no data. [C:\Users\ultra\warewolf\Dev\Warewolf.Language.Parser\Warewolf.Language.Parser.fsproj]
C:\Users\ultra\warewolf\Dev\Warewolf.Language.Parser\EvaluationFunctions.fs(305,15): warning FS3548: Pattern discard is not allowed for union case that takes no data. [C:\Users\ultra\warewolf\Dev\Warewolf.Language.Parser\Warewolf.Language.Parser.fsproj]
C:\Users\ultra\warewolf\Dev\Warewolf.Language.Parser\EvaluationFunctions.fs(748,21): warning FS3873: This construct is deprecated. Sequence expressions should be of the form 'seq { ... }' [C:\Users\ultra\warewolf\Dev\Warewolf.Language.Parser\Warewolf.Language.Parser.fsproj]
C:\Users\ultra\warewolf\Dev\Warewolf.Language.Parser\EvaluationFunctions.fs(751,28): warning FS3873: This construct is deprecated. Sequence expressions should be of the form 'seq { ... }' [C:\Users\ultra\warewolf\Dev\Warewolf.Language.Parser\Warewolf.Language.Parser.fsproj]
C:\Users\ultra\warewolf\Dev\Warewolf.Language.Parser\WarewolfDataEvaluationCommon.fs(593,21): warning FS3873: This construct is deprecated. Sequence expressions should be of the form 'seq { ... }' [C:\Users\ultra\warewolf\Dev\Warewolf.Language.Parser\Warewolf.Language.Parser.fsproj]
C:\Users\ultra\warewolf\Dev\Warewolf.Language.Parser\WarewolfDataEvaluationCommon.fs(596,28): warning FS3873: This construct is deprecated. Sequence expressions should be of the form 'seq { ... }' [C:\Users\ultra\warewolf\Dev\Warewolf.Language.Parser\Warewolf.Language.Parser.fsproj]
  Warewolf.Language.Parser -> C:\Users\ultra\warewolf\Dev\Warewolf.Language.Parser\bin\Debug\net8.0\Warewolf.Language.Parser.dll
C:\Users\ultra\warewolf\Dev\Warewolf.Data\NamedInt.cs(160,21): warning CA2200: Re-throwing caught exception changes stack information (https://learn.microsoft.com/dotnet/fundamentals/code-analysis/quality-rules/ca2200) [C:\Users\ultra\warewolf\Dev\Warewolf.Data\Warewolf.Data.csproj]
  Warewolf.Data -> C:\Users\ultra\warewolf\Dev\Warewolf.Data\bin\Debug\net8.0\Warewolf.Data.dll
  Warewolf.Storage.Interfaces -> C:\Users\ultra\warewolf\Dev\Warewolf.Storage.Interfaces\bin\Debug\net8.0\Warewolf.Storage.Interfaces.dll
  Warewolf.Common -> C:\Users\ultra\warewolf\Dev\Warewolf.Common\bin\Debug\net8.0\Warewolf.Common.dll
  Dev2.Data.Interfaces -> C:\Users\ultra\warewolf\Dev\Dev2.Data.Interfaces\bin\Debug\net8.0\Dev2.Data.Interfaces.dll
C:\Users\ultra\warewolf\Dev\Dev2.Common\ExtMethods\StringExtension.cs(302,13): warning CC0004: Empty Catch Block. (https://code-cracker.github.io/diagnostics/CC0004.html) [C:\Users\ultra\warewolf\Dev\Dev2.Common\Dev2.Common.csproj]
  Dev2.Common -> C:\Users\ultra\warewolf\Dev\Dev2.Common\bin\Debug\net8.0\Dev2.Common.dll
C:\Program Files\dotnet\sdk\10.0.201\Microsoft.Common.CurrentVersion.targets(2451,5): warning MSB3277: Found conflicts between different versions of "WindowsBase" that could not be resolved. [C:\Users\ultra\warewolf\Dev\Dev2.Development.Languages\Dev2.Development.Languages.csproj]
C:\Program Files\dotnet\sdk\10.0.201\Microsoft.Common.CurrentVersion.targets(2451,5): warning MSB3277: There was a conflict between "WindowsBase, Version=4.0.0.0, Culture=neutral, PublicKeyToken=31bf3856ad364e35" and "WindowsBase, Version=6.0.2.0, Culture=neutral, PublicKeyToken=31bf3856ad364e35". [C:\Users\ultra\warewolf\Dev\Dev2.Development.Languages\Dev2.Development.Languages.csproj]
C:\Program Files\dotnet\sdk\10.0.201\Microsoft.Common.CurrentVersion.targets(2451,5): warning MSB3277:     "WindowsBase, Version=4.0.0.0, Culture=neutral, PublicKeyToken=31bf3856ad364e35" was chosen because it was primary and "WindowsBase, Version=6.0.2.0, Culture=neutral, PublicKeyToken=31bf3856ad364e35" was not. [C:\Users\ultra\warewolf\Dev\Dev2.Development.Languages\Dev2.Development.Languages.csproj]
C:\Program Files\dotnet\sdk\10.0.201\Microsoft.Common.CurrentVersion.targets(2451,5): warning MSB3277:     References which depend on "WindowsBase, Version=4.0.0.0, Culture=neutral, PublicKeyToken=31bf3856ad364e35" [C:\Program Files\dotnet\packs\Microsoft.NETCore.App.Ref\8.0.25\ref\net8.0\WindowsBase.dll]. [C:\Users\ultra\warewolf\Dev\Dev2.Development.Languages\Dev2.Development.Languages.csproj]
C:\Program Files\dotnet\sdk\10.0.201\Microsoft.Common.CurrentVersion.targets(2451,5): warning MSB3277:         C:\Program Files\dotnet\packs\Microsoft.NETCore.App.Ref\8.0.25\ref\net8.0\WindowsBase.dll [C:\Users\ultra\warewolf\Dev\Dev2.Development.Languages\Dev2.Development.Languages.csproj]
C:\Program Files\dotnet\sdk\10.0.201\Microsoft.Common.CurrentVersion.targets(2451,5): warning MSB3277:           Project file item includes which caused reference "C:\Program Files\dotnet\packs\Microsoft.NETCore.App.Ref\8.0.25\ref\net8.0\WindowsBase.dll". [C:\Users\ultra\warewolf\Dev\Dev2.Development.Languages\Dev2.Development.Languages.csproj]
C:\Program Files\dotnet\sdk\10.0.201\Microsoft.Common.CurrentVersion.targets(2451,5): warning MSB3277:             C:\Program Files\dotnet\packs\Microsoft.NETCore.App.Ref\8.0.25\ref/net8.0/WindowsBase.dll [C:\Users\ultra\warewolf\Dev\Dev2.Development.Languages\Dev2.Development.Languages.csproj]
C:\Program Files\dotnet\sdk\10.0.201\Microsoft.Common.CurrentVersion.targets(2451,5): warning MSB3277:     References which depend on or have been unified to "WindowsBase, Version=6.0.2.0, Culture=neutral, PublicKeyToken=31bf3856ad364e35" []. [C:\Users\ultra\warewolf\Dev\Dev2.Development.Languages\Dev2.Development.Languages.csproj]
C:\Program Files\dotnet\sdk\10.0.201\Microsoft.Common.CurrentVersion.targets(2451,5): warning MSB3277:         C:\Users\ultra\.nuget\packages\caliburn.micro\4.0.212\lib\netcoreapp3.1\Caliburn.Micro.Platform.dll [C:\Users\ultra\warewolf\Dev\Dev2.Development.Languages\Dev2.Development.Languages.csproj]
C:\Program Files\dotnet\sdk\10.0.201\Microsoft.Common.CurrentVersion.targets(2451,5): warning MSB3277:           Project file item includes which caused reference "C:\Users\ultra\.nuget\packages\caliburn.micro\4.0.212\lib\netcoreapp3.1\Caliburn.Micro.Platform.dll". [C:\Users\ultra\warewolf\Dev\Dev2.Development.Languages\Dev2.Development.Languages.csproj]
C:\Program Files\dotnet\sdk\10.0.201\Microsoft.Common.CurrentVersion.targets(2451,5): warning MSB3277:             C:\Users\ultra\.nuget\packages\caliburn.micro\4.0.212\lib\netcoreapp3.1\Caliburn.Micro.Platform.dll [C:\Users\ultra\warewolf\Dev\Dev2.Development.Languages\Dev2.Development.Languages.csproj]
C:\Program Files\dotnet\sdk\10.0.201\Microsoft.Common.CurrentVersion.targets(2451,5): warning MSB3277:         C:\Users\ultra\.nuget\packages\ironpython\3.4.0\lib\net6.0\IronPython.Wpf.dll [C:\Users\ultra\warewolf\Dev\Dev2.Development.Languages\Dev2.Development.Languages.csproj]
C:\Program Files\dotnet\sdk\10.0.201\Microsoft.Common.CurrentVersion.targets(2451,5): warning MSB3277:           Project file item includes which caused reference "C:\Users\ultra\.nuget\packages\ironpython\3.4.0\lib\net6.0\IronPython.Wpf.dll". [C:\Users\ultra\warewolf\Dev\Dev2.Development.Languages\Dev2.Development.Languages.csproj]
C:\Program Files\dotnet\sdk\10.0.201\Microsoft.Common.CurrentVersion.targets(2451,5): warning MSB3277:             C:\Users\ultra\.nuget\packages\ironpython\3.4.0\lib\net6.0\IronPython.Wpf.dll [C:\Users\ultra\warewolf\Dev\Dev2.Development.Languages\Dev2.Development.Languages.csproj]
C:\Program Files\dotnet\sdk\10.0.201\Microsoft.Common.CurrentVersion.targets(2451,5): warning MSB3277:         C:\Users\ultra\.nuget\packages\microsoft.xaml.behaviors.wpf\1.1.19\lib\netcoreapp3.0\Microsoft.Xaml.Behaviors.dll [C:\Users\ultra\warewolf\Dev\Dev2.Development.Languages\Dev2.Development.Languages.csproj]
C:\Program Files\dotnet\sdk\10.0.201\Microsoft.Common.CurrentVersion.targets(2451,5): warning MSB3277:           Project file item includes which caused reference "C:\Users\ultra\.nuget\packages\microsoft.xaml.behaviors.wpf\1.1.19\lib\netcoreapp3.0\Microsoft.Xaml.Behaviors.dll". [C:\Users\ultra\warewolf\Dev\Dev2.Development.Languages\Dev2.Development.Languages.csproj]
C:\Program Files\dotnet\sdk\10.0.201\Microsoft.Common.CurrentVersion.targets(2451,5): warning MSB3277:             C:\Users\ultra\.nuget\packages\microsoft.xaml.behaviors.wpf\1.1.19\lib\netcoreapp3.0\Microsoft.Xaml.Behaviors.dll [C:\Users\ultra\warewolf\Dev\Dev2.Development.Languages\Dev2.Development.Languages.csproj]
C:\Program Files\dotnet\sdk\10.0.201\Microsoft.Common.CurrentVersion.targets(2451,5): warning MSB3277:             C:\Users\ultra\.nuget\packages\caliburn.micro\4.0.212\lib\netcoreapp3.1\Caliburn.Micro.Platform.dll [C:\Users\ultra\warewolf\Dev\Dev2.Development.Languages\Dev2.Development.Languages.csproj]
  Dev2.Util -> C:\Users\ultra\warewolf\Dev\Dev2.Util\bin\Debug\net8.0\Dev2.Util.dll
C:\Users\ultra\warewolf\Dev\Dev2.TaskScheduler.Wrappers\Dev2TaskEvent.cs(47,33): warning CA1416: This call site is reachable on all platforms. 'SecurityIdentifier.Value' is only supported on: 'windows'. (https://learn.microsoft.com/dotnet/fundamentals/code-analysis/quality-rules/ca1416) [C:\Users\ultra\warewolf\Dev\Dev2.TaskScheduler.Wrappers\Dev2.TaskScheduler.Wrappers.csproj]
  Dev2.Development.Languages -> C:\Users\ultra\warewolf\Dev\Dev2.Development.Languages\bin\Debug\net8.0\Dev2.Development.Languages.dll
  Dev2.TaskScheduler.Wrappers -> C:\Users\ultra\warewolf\Dev\Dev2.TaskScheduler.Wrappers\bin\Debug\net8.0\Dev2.TaskScheduler.Wrappers.dll
  Warewolf.Licensing -> C:\Users\ultra\warewolf\Dev\Warewolf.Licensing\bin\Debug\net8.0\Warewolf.Licensing.dll
  Dev2.CustomControls -> C:\Users\ultra\warewolf\Dev\Dev2.CustomControls\bin\Debug\net8.0\Dev2.CustomControls.dll
  Consider app.config remapping of assembly "Newtonsoft.Json, Culture=neutral, PublicKeyToken=30ad4fe6b2a6aeed" from Version "12.0.0.0" [] to Version "13.0.0.0" [C:\Users\ultra\.nuget\packages\newtonsoft.json\13.0.2\lib\net6.0\Newtonsoft.Json.dll] to solve conflict and get rid of warning.
  Dev2.Runtime.Configuration -> C:\Users\ultra\warewolf\Dev\Dev2.Runtime.Configuration\bin\Debug\net8.0\Dev2.Runtime.Configuration.dll
C:\Program Files\dotnet\sdk\10.0.201\Microsoft.Common.CurrentVersion.targets(2451,5): warning MSB3277: Found conflicts between different versions of "System.Drawing.Common" that could not be resolved. [C:\Users\ultra\warewolf\Dev\Dev2.Runtime.Configuration.Tests\Dev2.Runtime.Configuration.Tests.csproj]
C:\Program Files\dotnet\sdk\10.0.201\Microsoft.Common.CurrentVersion.targets(2451,5): warning MSB3277: There was a conflict between "System.Drawing.Common, Version=6.0.0.0, Culture=neutral, PublicKeyToken=cc7b13ffcd2ddd51" and "System.Drawing.Common, Version=8.0.0.0, Culture=neutral, PublicKeyToken=cc7b13ffcd2ddd51". [C:\Users\ultra\warewolf\Dev\Dev2.Runtime.Configuration.Tests\Dev2.Runtime.Configuration.Tests.csproj]
C:\Program Files\dotnet\sdk\10.0.201\Microsoft.Common.CurrentVersion.targets(2451,5): warning MSB3277:     "System.Drawing.Common, Version=6.0.0.0, Culture=neutral, PublicKeyToken=cc7b13ffcd2ddd51" was chosen because it was primary and "System.Drawing.Common, Version=8.0.0.0, Culture=neutral, PublicKeyToken=cc7b13ffcd2ddd51" was not. [C:\Users\ultra\warewolf\Dev\Dev2.Runtime.Configuration.Tests\Dev2.Runtime.Configuration.Tests.csproj]
C:\Program Files\dotnet\sdk\10.0.201\Microsoft.Common.CurrentVersion.targets(2451,5): warning MSB3277:     References which depend on "System.Drawing.Common, Version=6.0.0.0, Culture=neutral, PublicKeyToken=cc7b13ffcd2ddd51" [C:\Users\ultra\.nuget\packages\system.drawing.common\6.0.0\lib\net6.0\System.Drawing.Common.dll]. [C:\Users\ultra\warewolf\Dev\Dev2.Runtime.Configuration.Tests\Dev2.Runtime.Configuration.Tests.csproj]
C:\Program Files\dotnet\sdk\10.0.201\Microsoft.Common.CurrentVersion.targets(2451,5): warning MSB3277:         C:\Users\ultra\.nuget\packages\system.drawing.common\6.0.0\lib\net6.0\System.Drawing.Common.dll [C:\Users\ultra\warewolf\Dev\Dev2.Runtime.Configuration.Tests\Dev2.Runtime.Configuration.Tests.csproj]
C:\Program Files\dotnet\sdk\10.0.201\Microsoft.Common.CurrentVersion.targets(2451,5): warning MSB3277:           Project file item includes which caused reference "C:\Users\ultra\.nuget\packages\system.drawing.common\6.0.0\lib\net6.0\System.Drawing.Common.dll". [C:\Users\ultra\warewolf\Dev\Dev2.Runtime.Configuration.Tests\Dev2.Runtime.Configuration.Tests.csproj]
C:\Program Files\dotnet\sdk\10.0.201\Microsoft.Common.CurrentVersion.targets(2451,5): warning MSB3277:             C:\Users\ultra\.nuget\packages\system.drawing.common\6.0.0\lib\net6.0\System.Drawing.Common.dll [C:\Users\ultra\warewolf\Dev\Dev2.Runtime.Configuration.Tests\Dev2.Runtime.Configuration.Tests.csproj]
C:\Program Files\dotnet\sdk\10.0.201\Microsoft.Common.CurrentVersion.targets(2451,5): warning MSB3277:     References which depend on or have been unified to "System.Drawing.Common, Version=8.0.0.0, Culture=neutral, PublicKeyToken=cc7b13ffcd2ddd51" []. [C:\Users\ultra\warewolf\Dev\Dev2.Runtime.Configuration.Tests\Dev2.Runtime.Configuration.Tests.csproj]
C:\Program Files\dotnet\sdk\10.0.201\Microsoft.Common.CurrentVersion.targets(2451,5): warning MSB3277:         C:\Users\ultra\.nuget\packages\system.windows.extensions\8.0.0\lib\net8.0\System.Windows.Extensions.dll [C:\Users\ultra\warewolf\Dev\Dev2.Runtime.Configuration.Tests\Dev2.Runtime.Configuration.Tests.csproj]
C:\Program Files\dotnet\sdk\10.0.201\Microsoft.Common.CurrentVersion.targets(2451,5): warning MSB3277:           Project file item includes which caused reference "C:\Users\ultra\.nuget\packages\system.windows.extensions\8.0.0\lib\net8.0\System.Windows.Extensions.dll". [C:\Users\ultra\warewolf\Dev\Dev2.Runtime.Configuration.Tests\Dev2.Runtime.Configuration.Tests.csproj]
C:\Program Files\dotnet\sdk\10.0.201\Microsoft.Common.CurrentVersion.targets(2451,5): warning MSB3277:             C:\Users\ultra\.nuget\packages\system.windows.extensions\8.0.0\lib\net8.0\System.Windows.Extensions.dll [C:\Users\ultra\warewolf\Dev\Dev2.Runtime.Configuration.Tests\Dev2.Runtime.Configuration.Tests.csproj]
C:\Program Files\dotnet\sdk\10.0.201\Microsoft.Common.CurrentVersion.targets(2451,5): warning MSB3277:             C:\Users\ultra\.nuget\packages\system.security.permissions\8.0.0\lib\net8.0\System.Security.Permissions.dll [C:\Users\ultra\warewolf\Dev\Dev2.Runtime.Configuration.Tests\Dev2.Runtime.Configuration.Tests.csproj]
C:\Program Files\dotnet\sdk\10.0.201\Microsoft.Common.CurrentVersion.targets(2451,5): warning MSB3277:             C:\Users\ultra\.nuget\packages\dotnetzip\1.16.0\lib\netstandard2.0\DotNetZip.dll [C:\Users\ultra\warewolf\Dev\Dev2.Runtime.Configuration.Tests\Dev2.Runtime.Configuration.Tests.csproj]
C:\Program Files\dotnet\sdk\10.0.201\Microsoft.Common.CurrentVersion.targets(2451,5): warning MSB3277:             C:\Users\ultra\warewolf\Dev\Dev2.Common\bin\Debug\net8.0\Dev2.Common.dll [C:\Users\ultra\warewolf\Dev\Dev2.Runtime.Configuration.Tests\Dev2.Runtime.Configuration.Tests.csproj]
C:\Program Files\dotnet\sdk\10.0.201\Microsoft.Common.CurrentVersion.targets(2451,5): warning MSB3277:             C:\Users\ultra\warewolf\Dev\Dev2.Data.Interfaces\bin\Debug\net8.0\Dev2.Data.Interfaces.dll [C:\Users\ultra\warewolf\Dev\Dev2.Runtime.Configuration.Tests\Dev2.Runtime.Configuration.Tests.csproj]
C:\Program Files\dotnet\sdk\10.0.201\Microsoft.Common.CurrentVersion.targets(2451,5): warning MSB3277:             C:\Users\ultra\warewolf\Dev\Dev2.Util\bin\Debug\net8.0\Dev2.Util.dll [C:\Users\ultra\warewolf\Dev\Dev2.Runtime.Configuration.Tests\Dev2.Runtime.Configuration.Tests.csproj]
C:\Program Files\dotnet\sdk\10.0.201\Microsoft.Common.CurrentVersion.targets(2451,5): warning MSB3277:             C:\Users\ultra\.nuget\packages\system.directoryservices\6.0.0\lib\net6.0\System.DirectoryServices.dll [C:\Users\ultra\warewolf\Dev\Dev2.Runtime.Configuration.Tests\Dev2.Runtime.Configuration.Tests.csproj]
C:\Program Files\dotnet\sdk\10.0.201\Microsoft.Common.CurrentVersion.targets(2451,5): warning MSB3277:             C:\Program Files\dotnet\packs\Microsoft.NETCore.App.Ref\8.0.25\ref/net8.0/System.Configuration.dll [C:\Users\ultra\warewolf\Dev\Dev2.Runtime.Configuration.Tests\Dev2.Runtime.Configuration.Tests.csproj]
C:\Program Files\dotnet\sdk\10.0.201\Microsoft.Common.CurrentVersion.targets(2451,5): warning MSB3277:             C:\Program Files\dotnet\packs\Microsoft.NETCore.App.Ref\8.0.25\ref/net8.0/System.Data.dll [C:\Users\ultra\warewolf\Dev\Dev2.Runtime.Configuration.Tests\Dev2.Runtime.Configuration.Tests.csproj]
C:\Program Files\dotnet\sdk\10.0.201\Microsoft.Common.CurrentVersion.targets(2451,5): warning MSB3277:             C:\Users\ultra\.nuget\packages\taskschedulereditor\2.10.1\lib\net452\Microsoft.Win32.TaskSchedulerEditor.dll [C:\Users\ultra\warewolf\Dev\Dev2.Runtime.Configuration.Tests\Dev2.Runtime.Configuration.Tests.csproj]
C:\Program Files\dotnet\sdk\10.0.201\Microsoft.Common.CurrentVersion.targets(2451,5): warning MSB3277:             C:\Program Files\dotnet\packs\Microsoft.NETCore.App.Ref\8.0.25\ref/net8.0/System.Drawing.dll [C:\Users\ultra\warewolf\Dev\Dev2.Runtime.Configuration.Tests\Dev2.Runtime.Configuration.Tests.csproj]
C:\Program Files\dotnet\sdk\10.0.201\Microsoft.Common.CurrentVersion.targets(2451,5): warning MSB3277:             C:\Users\ultra\.nuget\packages\aerowizard\2.3.1\lib\net45\AeroWizard.dll [C:\Users\ultra\warewolf\Dev\Dev2.Runtime.Configuration.Tests\Dev2.Runtime.Configuration.Tests.csproj]
C:\Program Files\dotnet\sdk\10.0.201\Microsoft.Common.CurrentVersion.targets(2451,5): warning MSB3277:             C:\Users\ultra\.nuget\packages\groupcontrols\1.9.0\lib\net45\GroupControls.dll [C:\Users\ultra\warewolf\Dev\Dev2.Runtime.Configuration.Tests\Dev2.Runtime.Configuration.Tests.csproj]
C:\Program Files\dotnet\sdk\10.0.201\Microsoft.Common.CurrentVersion.targets(2451,5): warning MSB3277:             C:\Program Files\dotnet\packs\Microsoft.NETCore.App.Ref\8.0.25\ref/net8.0/System.Net.dll [C:\Users\ultra\warewolf\Dev\Dev2.Runtime.Configuration.Tests\Dev2.Runtime.Configuration.Tests.csproj]
C:\Program Files\dotnet\sdk\10.0.201\Microsoft.Common.CurrentVersion.targets(2451,5): warning MSB3277:             C:\Program Files\dotnet\packs\Microsoft.NETCore.App.Ref\8.0.25\ref/net8.0/System.Security.dll [C:\Users\ultra\warewolf\Dev\Dev2.Runtime.Configuration.Tests\Dev2.Runtime.Configuration.Tests.csproj]
C:\Program Files\dotnet\sdk\10.0.201\Microsoft.Common.CurrentVersion.targets(2451,5): warning MSB3277:             C:\Program Files\dotnet\packs\Microsoft.NETCore.App.Ref\8.0.25\ref/net8.0/System.ServiceProcess.dll [C:\Users\ultra\warewolf\Dev\Dev2.Runtime.Configuration.Tests\Dev2.Runtime.Configuration.Tests.csproj]
C:\Program Files\dotnet\sdk\10.0.201\Microsoft.Common.CurrentVersion.targets(2451,5): warning MSB3277:             C:\Program Files\dotnet\packs\Microsoft.NETCore.App.Ref\8.0.25\ref/net8.0/System.Transactions.dll [C:\Users\ultra\warewolf\Dev\Dev2.Runtime.Configuration.Tests\Dev2.Runtime.Configuration.Tests.csproj]
C:\Program Files\dotnet\sdk\10.0.201\Microsoft.Common.CurrentVersion.targets(2451,5): warning MSB3277:             C:\Program Files\dotnet\packs\Microsoft.NETCore.App.Ref\8.0.25\ref/net8.0/System.dll [C:\Users\ultra\warewolf\Dev\Dev2.Runtime.Configuration.Tests\Dev2.Runtime.Configuration.Tests.csproj]
C:\Program Files\dotnet\sdk\10.0.201\Microsoft.Common.CurrentVersion.targets(2451,5): warning MSB3277:             C:\Users\ultra\.nuget\packages\ttcue.netcore.sharepointonline.csom.16.1.8029.1200\16.1.8029.1200\lib\netcoreapp2.0\Microsoft.SharePoint.Client.Runtime.Windows.dll [C:\Users\ultra\warewolf\Dev\Dev2.Runtime.Configuration.Tests\Dev2.Runtime.Configuration.Tests.csproj]
C:\Program Files\dotnet\sdk\10.0.201\Microsoft.Common.CurrentVersion.targets(2451,5): warning MSB3277:             C:\Program Files\dotnet\packs\Microsoft.NETCore.App.Ref\8.0.25\ref/net8.0/WindowsBase.dll [C:\Users\ultra\warewolf\Dev\Dev2.Runtime.Configuration.Tests\Dev2.Runtime.Configuration.Tests.csproj]
C:\Program Files\dotnet\sdk\10.0.201\Microsoft.Common.CurrentVersion.targets(2451,5): warning MSB3277:             C:\Users\ultra\.nuget\packages\caliburn.micro\4.0.212\lib\netcoreapp3.1\Caliburn.Micro.Platform.dll [C:\Users\ultra\warewolf\Dev\Dev2.Runtime.Configuration.Tests\Dev2.Runtime.Configuration.Tests.csproj]
C:\Program Files\dotnet\sdk\10.0.201\Microsoft.Common.CurrentVersion.targets(2451,5): warning MSB3277:             C:\Users\ultra\.nuget\packages\microsoft.xaml.behaviors.wpf\1.1.19\lib\netcoreapp3.0\Microsoft.Xaml.Behaviors.dll [C:\Users\ultra\warewolf\Dev\Dev2.Runtime.Configuration.Tests\Dev2.Runtime.Configuration.Tests.csproj]
C:\Program Files\dotnet\sdk\10.0.201\Microsoft.Common.CurrentVersion.targets(2451,5): warning MSB3277:             C:\Program Files\dotnet\packs\Microsoft.NETCore.App.Ref\8.0.25\ref/net8.0/mscorlib.dll [C:\Users\ultra\warewolf\Dev\Dev2.Runtime.Configuration.Tests\Dev2.Runtime.Configuration.Tests.csproj]
C:\Program Files\dotnet\sdk\10.0.201\Microsoft.Common.CurrentVersion.targets(2451,5): warning MSB3277:             C:\Users\ultra\.nuget\packages\microsoft.codecoverage\17.13.0\lib\netcoreapp3.1\Microsoft.VisualStudio.CodeCoverage.Shim.dll [C:\Users\ultra\warewolf\Dev\Dev2.Runtime.Configuration.Tests\Dev2.Runtime.Configuration.Tests.csproj]
C:\Program Files\dotnet\sdk\10.0.201\Microsoft.Common.CurrentVersion.targets(2451,5): warning MSB3277:         C:\Program Files\dotnet\packs\Microsoft.NETCore.App.Ref\8.0.25\ref\net8.0\System.Drawing.dll [C:\Users\ultra\warewolf\Dev\Dev2.Runtime.Configuration.Tests\Dev2.Runtime.Configuration.Tests.csproj]
C:\Program Files\dotnet\sdk\10.0.201\Microsoft.Common.CurrentVersion.targets(2451,5): warning MSB3277:           Project file item includes which caused reference "C:\Program Files\dotnet\packs\Microsoft.NETCore.App.Ref\8.0.25\ref\net8.0\System.Drawing.dll". [C:\Users\ultra\warewolf\Dev\Dev2.Runtime.Configuration.Tests\Dev2.Runtime.Configuration.Tests.csproj]
C:\Program Files\dotnet\sdk\10.0.201\Microsoft.Common.CurrentVersion.targets(2451,5): warning MSB3277:             C:\Program Files\dotnet\packs\Microsoft.NETCore.App.Ref\8.0.25\ref/net8.0/System.Drawing.dll [C:\Users\ultra\warewolf\Dev\Dev2.Runtime.Configuration.Tests\Dev2.Runtime.Configuration.Tests.csproj]
C:\Program Files\dotnet\sdk\10.0.201\Microsoft.Common.CurrentVersion.targets(2451,5): warning MSB3277:             C:\Users\ultra\.nuget\packages\aerowizard\2.3.1\lib\net45\AeroWizard.dll [C:\Users\ultra\warewolf\Dev\Dev2.Runtime.Configuration.Tests\Dev2.Runtime.Configuration.Tests.csproj]
C:\Program Files\dotnet\sdk\10.0.201\Microsoft.Common.CurrentVersion.targets(2451,5): warning MSB3277:             C:\Users\ultra\.nuget\packages\groupcontrols\1.9.0\lib\net45\GroupControls.dll [C:\Users\ultra\warewolf\Dev\Dev2.Runtime.Configuration.Tests\Dev2.Runtime.Configuration.Tests.csproj]
C:\Program Files\dotnet\sdk\10.0.201\Microsoft.Common.CurrentVersion.targets(2451,5): warning MSB3277:             C:\Users\ultra\.nuget\packages\taskschedulereditor\2.10.1\lib\net452\Microsoft.Win32.TaskSchedulerEditor.dll [C:\Users\ultra\warewolf\Dev\Dev2.Runtime.Configuration.Tests\Dev2.Runtime.Configuration.Tests.csproj]
C:\Program Files\dotnet\sdk\10.0.201\Microsoft.Common.CurrentVersion.targets(2451,5): warning MSB3277: Found conflicts between different versions of "System.Drawing.Common" that could not be resolved. [C:\Users\ultra\warewolf\Dev\Dev2.Runtime.Configuration.Tests\Dev2.Runtime.Configuration.Tests.csproj]
C:\Program Files\dotnet\sdk\10.0.201\Microsoft.Common.CurrentVersion.targets(2451,5): warning MSB3277: There was a conflict between "System.Drawing.Common, Version=6.0.0.0, Culture=neutral, PublicKeyToken=cc7b13ffcd2ddd51" and "System.Drawing.Common, Version=8.0.0.0, Culture=neutral, PublicKeyToken=cc7b13ffcd2ddd51". [C:\Users\ultra\warewolf\Dev\Dev2.Runtime.Configuration.Tests\Dev2.Runtime.Configuration.Tests.csproj]
C:\Program Files\dotnet\sdk\10.0.201\Microsoft.Common.CurrentVersion.targets(2451,5): warning MSB3277:     "System.Drawing.Common, Version=6.0.0.0, Culture=neutral, PublicKeyToken=cc7b13ffcd2ddd51" was chosen because it was primary and "System.Drawing.Common, Version=8.0.0.0, Culture=neutral, PublicKeyToken=cc7b13ffcd2ddd51" was not. [C:\Users\ultra\warewolf\Dev\Dev2.Runtime.Configuration.Tests\Dev2.Runtime.Configuration.Tests.csproj]
C:\Program Files\dotnet\sdk\10.0.201\Microsoft.Common.CurrentVersion.targets(2451,5): warning MSB3277:     References which depend on "System.Drawing.Common, Version=6.0.0.0, Culture=neutral, PublicKeyToken=cc7b13ffcd2ddd51" [C:\Users\ultra\.nuget\packages\system.drawing.common\6.0.0\lib\net6.0\System.Drawing.Common.dll]. [C:\Users\ultra\warewolf\Dev\Dev2.Runtime.Configuration.Tests\Dev2.Runtime.Configuration.Tests.csproj]
C:\Program Files\dotnet\sdk\10.0.201\Microsoft.Common.CurrentVersion.targets(2451,5): warning MSB3277:         C:\Users\ultra\.nuget\packages\system.drawing.common\6.0.0\lib\net6.0\System.Drawing.Common.dll [C:\Users\ultra\warewolf\Dev\Dev2.Runtime.Configuration.Tests\Dev2.Runtime.Configuration.Tests.csproj]
C:\Program Files\dotnet\sdk\10.0.201\Microsoft.Common.CurrentVersion.targets(2451,5): warning MSB3277:           Project file item includes which caused reference "C:\Users\ultra\.nuget\packages\system.drawing.common\6.0.0\lib\net6.0\System.Drawing.Common.dll". [C:\Users\ultra\warewolf\Dev\Dev2.Runtime.Configuration.Tests\Dev2.Runtime.Configuration.Tests.csproj]
C:\Program Files\dotnet\sdk\10.0.201\Microsoft.Common.CurrentVersion.targets(2451,5): warning MSB3277:             C:\Users\ultra\.nuget\packages\system.drawing.common\6.0.0\lib\net6.0\System.Drawing.Common.dll [C:\Users\ultra\warewolf\Dev\Dev2.Runtime.Configuration.Tests\Dev2.Runtime.Configuration.Tests.csproj]
C:\Program Files\dotnet\sdk\10.0.201\Microsoft.Common.CurrentVersion.targets(2451,5): warning MSB3277:     References which depend on or have been unified to "System.Drawing.Common, Version=8.0.0.0, Culture=neutral, PublicKeyToken=cc7b13ffcd2ddd51" []. [C:\Users\ultra\warewolf\Dev\Dev2.Runtime.Configuration.Tests\Dev2.Runtime.Configuration.Tests.csproj]
C:\Program Files\dotnet\sdk\10.0.201\Microsoft.Common.CurrentVersion.targets(2451,5): warning MSB3277:         C:\Users\ultra\.nuget\packages\system.windows.extensions\8.0.0\lib\net8.0\System.Windows.Extensions.dll [C:\Users\ultra\warewolf\Dev\Dev2.Runtime.Configuration.Tests\Dev2.Runtime.Configuration.Tests.csproj]
C:\Program Files\dotnet\sdk\10.0.201\Microsoft.Common.CurrentVersion.targets(2451,5): warning MSB3277:           Project file item includes which caused reference "C:\Users\ultra\.nuget\packages\system.windows.extensions\8.0.0\lib\net8.0\System.Windows.Extensions.dll". [C:\Users\ultra\warewolf\Dev\Dev2.Runtime.Configuration.Tests\Dev2.Runtime.Configuration.Tests.csproj]
C:\Program Files\dotnet\sdk\10.0.201\Microsoft.Common.CurrentVersion.targets(2451,5): warning MSB3277:             C:\Users\ultra\.nuget\packages\system.windows.extensions\8.0.0\lib\net8.0\System.Windows.Extensions.dll [C:\Users\ultra\warewolf\Dev\Dev2.Runtime.Configuration.Tests\Dev2.Runtime.Configuration.Tests.csproj]
C:\Program Files\dotnet\sdk\10.0.201\Microsoft.Common.CurrentVersion.targets(2451,5): warning MSB3277:             C:\Users\ultra\.nuget\packages\system.security.permissions\8.0.0\lib\net8.0\System.Security.Permissions.dll [C:\Users\ultra\warewolf\Dev\Dev2.Runtime.Configuration.Tests\Dev2.Runtime.Configuration.Tests.csproj]
C:\Program Files\dotnet\sdk\10.0.201\Microsoft.Common.CurrentVersion.targets(2451,5): warning MSB3277:             C:\Users\ultra\.nuget\packages\dotnetzip\1.16.0\lib\netstandard2.0\DotNetZip.dll [C:\Users\ultra\warewolf\Dev\Dev2.Runtime.Configuration.Tests\Dev2.Runtime.Configuration.Tests.csproj]
C:\Program Files\dotnet\sdk\10.0.201\Microsoft.Common.CurrentVersion.targets(2451,5): warning MSB3277:             C:\Users\ultra\warewolf\Dev\Dev2.Common\bin\Debug\net8.0\Dev2.Common.dll [C:\Users\ultra\warewolf\Dev\Dev2.Runtime.Configuration.Tests\Dev2.Runtime.Configuration.Tests.csproj]
C:\Program Files\dotnet\sdk\10.0.201\Microsoft.Common.CurrentVersion.targets(2451,5): warning MSB3277:             C:\Users\ultra\warewolf\Dev\Dev2.Data.Interfaces\bin\Debug\net8.0\Dev2.Data.Interfaces.dll [C:\Users\ultra\warewolf\Dev\Dev2.Runtime.Configuration.Tests\Dev2.Runtime.Configuration.Tests.csproj]
C:\Program Files\dotnet\sdk\10.0.201\Microsoft.Common.CurrentVersion.targets(2451,5): warning MSB3277:             C:\Users\ultra\warewolf\Dev\Dev2.Util\bin\Debug\net8.0\Dev2.Util.dll [C:\Users\ultra\warewolf\Dev\Dev2.Runtime.Configuration.Tests\Dev2.Runtime.Configuration.Tests.csproj]
C:\Program Files\dotnet\sdk\10.0.201\Microsoft.Common.CurrentVersion.targets(2451,5): warning MSB3277:             C:\Users\ultra\.nuget\packages\system.directoryservices\6.0.0\lib\net6.0\System.DirectoryServices.dll [C:\Users\ultra\warewolf\Dev\Dev2.Runtime.Configuration.Tests\Dev2.Runtime.Configuration.Tests.csproj]
C:\Program Files\dotnet\sdk\10.0.201\Microsoft.Common.CurrentVersion.targets(2451,5): warning MSB3277:             C:\Program Files\dotnet\packs\Microsoft.NETCore.App.Ref\8.0.25\ref/net8.0/System.Configuration.dll [C:\Users\ultra\warewolf\Dev\Dev2.Runtime.Configuration.Tests\Dev2.Runtime.Configuration.Tests.csproj]
C:\Program Files\dotnet\sdk\10.0.201\Microsoft.Common.CurrentVersion.targets(2451,5): warning MSB3277:             C:\Program Files\dotnet\packs\Microsoft.NETCore.App.Ref\8.0.25\ref/net8.0/System.Data.dll [C:\Users\ultra\warewolf\Dev\Dev2.Runtime.Configuration.Tests\Dev2.Runtime.Configuration.Tests.csproj]
C:\Program Files\dotnet\sdk\10.0.201\Microsoft.Common.CurrentVersion.targets(2451,5): warning MSB3277:             C:\Users\ultra\.nuget\packages\taskschedulereditor\2.10.1\lib\net452\Microsoft.Win32.TaskSchedulerEditor.dll [C:\Users\ultra\warewolf\Dev\Dev2.Runtime.Configuration.Tests\Dev2.Runtime.Configuration.Tests.csproj]
C:\Program Files\dotnet\sdk\10.0.201\Microsoft.Common.CurrentVersion.targets(2451,5): warning MSB3277:             C:\Program Files\dotnet\packs\Microsoft.NETCore.App.Ref\8.0.25\ref/net8.0/System.Drawing.dll [C:\Users\ultra\warewolf\Dev\Dev2.Runtime.Configuration.Tests\Dev2.Runtime.Configuration.Tests.csproj]
C:\Program Files\dotnet\sdk\10.0.201\Microsoft.Common.CurrentVersion.targets(2451,5): warning MSB3277:             C:\Users\ultra\.nuget\packages\aerowizard\2.3.1\lib\net45\AeroWizard.dll [C:\Users\ultra\warewolf\Dev\Dev2.Runtime.Configuration.Tests\Dev2.Runtime.Configuration.Tests.csproj]
C:\Program Files\dotnet\sdk\10.0.201\Microsoft.Common.CurrentVersion.targets(2451,5): warning MSB3277:             C:\Users\ultra\.nuget\packages\groupcontrols\1.9.0\lib\net45\GroupControls.dll [C:\Users\ultra\warewolf\Dev\Dev2.Runtime.Configuration.Tests\Dev2.Runtime.Configuration.Tests.csproj]
C:\Program Files\dotnet\sdk\10.0.201\Microsoft.Common.CurrentVersion.targets(2451,5): warning MSB3277:             C:\Program Files\dotnet\packs\Microsoft.NETCore.App.Ref\8.0.25\ref/net8.0/System.Net.dll [C:\Users\ultra\warewolf\Dev\Dev2.Runtime.Configuration.Tests\Dev2.Runtime.Configuration.Tests.csproj]
C:\Program Files\dotnet\sdk\10.0.201\Microsoft.Common.CurrentVersion.targets(2451,5): warning MSB3277:             C:\Program Files\dotnet\packs\Microsoft.NETCore.App.Ref\8.0.25\ref/net8.0/System.Security.dll [C:\Users\ultra\warewolf\Dev\Dev2.Runtime.Configuration.Tests\Dev2.Runtime.Configuration.Tests.csproj]
C:\Program Files\dotnet\sdk\10.0.201\Microsoft.Common.CurrentVersion.targets(2451,5): warning MSB3277:             C:\Program Files\dotnet\packs\Microsoft.NETCore.App.Ref\8.0.25\ref/net8.0/System.ServiceProcess.dll [C:\Users\ultra\warewolf\Dev\Dev2.Runtime.Configuration.Tests\Dev2.Runtime.Configuration.Tests.csproj]
C:\Program Files\dotnet\sdk\10.0.201\Microsoft.Common.CurrentVersion.targets(2451,5): warning MSB3277:             C:\Program Files\dotnet\packs\Microsoft.NETCore.App.Ref\8.0.25\ref/net8.0/System.Transactions.dll [C:\Users\ultra\warewolf\Dev\Dev2.Runtime.Configuration.Tests\Dev2.Runtime.Configuration.Tests.csproj]
C:\Program Files\dotnet\sdk\10.0.201\Microsoft.Common.CurrentVersion.targets(2451,5): warning MSB3277:             C:\Program Files\dotnet\packs\Microsoft.NETCore.App.Ref\8.0.25\ref/net8.0/System.dll [C:\Users\ultra\warewolf\Dev\Dev2.Runtime.Configuration.Tests\Dev2.Runtime.Configuration.Tests.csproj]
C:\Program Files\dotnet\sdk\10.0.201\Microsoft.Common.CurrentVersion.targets(2451,5): warning MSB3277:             C:\Users\ultra\.nuget\packages\ttcue.netcore.sharepointonline.csom.16.1.8029.1200\16.1.8029.1200\lib\netcoreapp2.0\Microsoft.SharePoint.Client.Runtime.Windows.dll [C:\Users\ultra\warewolf\Dev\Dev2.Runtime.Configuration.Tests\Dev2.Runtime.Configuration.Tests.csproj]
C:\Program Files\dotnet\sdk\10.0.201\Microsoft.Common.CurrentVersion.targets(2451,5): warning MSB3277:             C:\Program Files\dotnet\packs\Microsoft.NETCore.App.Ref\8.0.25\ref/net8.0/WindowsBase.dll [C:\Users\ultra\warewolf\Dev\Dev2.Runtime.Configuration.Tests\Dev2.Runtime.Configuration.Tests.csproj]
C:\Program Files\dotnet\sdk\10.0.201\Microsoft.Common.CurrentVersion.targets(2451,5): warning MSB3277:             C:\Users\ultra\.nuget\packages\caliburn.micro\4.0.212\lib\netcoreapp3.1\Caliburn.Micro.Platform.dll [C:\Users\ultra\warewolf\Dev\Dev2.Runtime.Configuration.Tests\Dev2.Runtime.Configuration.Tests.csproj]
C:\Program Files\dotnet\sdk\10.0.201\Microsoft.Common.CurrentVersion.targets(2451,5): warning MSB3277:             C:\Users\ultra\.nuget\packages\microsoft.xaml.behaviors.wpf\1.1.19\lib\netcoreapp3.0\Microsoft.Xaml.Behaviors.dll [C:\Users\ultra\warewolf\Dev\Dev2.Runtime.Configuration.Tests\Dev2.Runtime.Configuration.Tests.csproj]
C:\Program Files\dotnet\sdk\10.0.201\Microsoft.Common.CurrentVersion.targets(2451,5): warning MSB3277:             C:\Program Files\dotnet\packs\Microsoft.NETCore.App.Ref\8.0.25\ref/net8.0/mscorlib.dll [C:\Users\ultra\warewolf\Dev\Dev2.Runtime.Configuration.Tests\Dev2.Runtime.Configuration.Tests.csproj]
C:\Program Files\dotnet\sdk\10.0.201\Microsoft.Common.CurrentVersion.targets(2451,5): warning MSB3277:             C:\Users\ultra\.nuget\packages\microsoft.codecoverage\17.13.0\lib\netcoreapp3.1\Microsoft.VisualStudio.CodeCoverage.Shim.dll [C:\Users\ultra\warewolf\Dev\Dev2.Runtime.Configuration.Tests\Dev2.Runtime.Configuration.Tests.csproj]
C:\Program Files\dotnet\sdk\10.0.201\Microsoft.Common.CurrentVersion.targets(2451,5): warning MSB3277:         C:\Program Files\dotnet\packs\Microsoft.NETCore.App.Ref\8.0.25\ref\net8.0\System.Drawing.dll [C:\Users\ultra\warewolf\Dev\Dev2.Runtime.Configuration.Tests\Dev2.Runtime.Configuration.Tests.csproj]
C:\Program Files\dotnet\sdk\10.0.201\Microsoft.Common.CurrentVersion.targets(2451,5): warning MSB3277:           Project file item includes which caused reference "C:\Program Files\dotnet\packs\Microsoft.NETCore.App.Ref\8.0.25\ref\net8.0\System.Drawing.dll". [C:\Users\ultra\warewolf\Dev\Dev2.Runtime.Configuration.Tests\Dev2.Runtime.Configuration.Tests.csproj]
C:\Program Files\dotnet\sdk\10.0.201\Microsoft.Common.CurrentVersion.targets(2451,5): warning MSB3277:             C:\Program Files\dotnet\packs\Microsoft.NETCore.App.Ref\8.0.25\ref/net8.0/System.Drawing.dll [C:\Users\ultra\warewolf\Dev\Dev2.Runtime.Configuration.Tests\Dev2.Runtime.Configuration.Tests.csproj]
C:\Program Files\dotnet\sdk\10.0.201\Microsoft.Common.CurrentVersion.targets(2451,5): warning MSB3277:             C:\Users\ultra\.nuget\packages\aerowizard\2.3.1\lib\net45\AeroWizard.dll [C:\Users\ultra\warewolf\Dev\Dev2.Runtime.Configuration.Tests\Dev2.Runtime.Configuration.Tests.csproj]
C:\Program Files\dotnet\sdk\10.0.201\Microsoft.Common.CurrentVersion.targets(2451,5): warning MSB3277:             C:\Users\ultra\.nuget\packages\groupcontrols\1.9.0\lib\net45\GroupControls.dll [C:\Users\ultra\warewolf\Dev\Dev2.Runtime.Configuration.Tests\Dev2.Runtime.Configuration.Tests.csproj]
C:\Program Files\dotnet\sdk\10.0.201\Microsoft.Common.CurrentVersion.targets(2451,5): warning MSB3277:             C:\Users\ultra\.nuget\packages\taskschedulereditor\2.10.1\lib\net452\Microsoft.Win32.TaskSchedulerEditor.dll [C:\Users\ultra\warewolf\Dev\Dev2.Runtime.Configuration.Tests\Dev2.Runtime.Configuration.Tests.csproj]
  Dev2.Runtime.Configuration.Tests -> C:\Users\ultra\warewolf\Dev\Dev2.Runtime.Configuration.Tests\bin\Debug\net8.0\linux-x64\Dev2.Runtime.Configuration.Tests.dll
C:\Users\ultra\warewolf\Dev\Dev2.Diagnostics\Debug\DebugDispatcher.cs(209,35): warning CC0057: Parameter 'previous' is not used. (https://code-cracker.github.io/diagnostics/CC0057.html) [C:\Users\ultra\warewolf\Dev\Dev2.Diagnostics\Dev2.Diagnostics.csproj]
  Dev2.Runtime.Configuration.Tests -> C:\Users\ultra\warewolf\Dev\Dev2.Runtime.Configuration.Tests\bin\Debug\net8.0\Dev2.Runtime.Configuration.Tests.dll
  Dev2.Diagnostics -> C:\Users\ultra\warewolf\Dev\Dev2.Diagnostics\bin\Debug\net8.0\Dev2.Diagnostics.dll
C:\Users\ultra\warewolf\Dev\Warewolf.AI.Harness\ChatbotApiService.cs(11,7): warning CS0105: The using directive for 'System.Text' appeared previously in this namespace [C:\Users\ultra\warewolf\Dev\Warewolf.AI.Harness\Warewolf.AI.Harness.csproj]
C:\Users\ultra\warewolf\Dev\Warewolf.AI.Harness\ChatbotApiService.cs(12,7): warning CS0105: The using directive for 'Newtonsoft.Json' appeared previously in this namespace [C:\Users\ultra\warewolf\Dev\Warewolf.AI.Harness\Warewolf.AI.Harness.csproj]
C:\Users\ultra\warewolf\Dev\Warewolf.AI.Harness\ChatbotApiService.cs(641,23): warning CS8618: Non-nullable property 'Model' must contain a non-null value when exiting constructor. Consider adding the 'required' modifier or declaring the property as nullable. [C:\Users\ultra\warewolf\Dev\Warewolf.AI.Harness\Warewolf.AI.Harness.csproj]
C:\Users\ultra\warewolf\Dev\Warewolf.AI.Harness\ChatbotApiService.cs(659,23): warning CS8618: Non-nullable property 'FinishReason' must contain a non-null value when exiting constructor. Consider adding the 'required' modifier or declaring the property as nullable. [C:\Users\ultra\warewolf\Dev\Warewolf.AI.Harness\Warewolf.AI.Harness.csproj]
C:\Users\ultra\warewolf\Dev\Warewolf.AI.Harness\ChatbotApiService.cs(201,34): warning CS8600: Converting null literal or possible null value to non-nullable type. [C:\Users\ultra\warewolf\Dev\Warewolf.AI.Harness\Warewolf.AI.Harness.csproj]
C:\Users\ultra\warewolf\Dev\Warewolf.AI.Harness\ChatbotApiService.cs(215,51): warning CS8602: Dereference of a possibly null reference. [C:\Users\ultra\warewolf\Dev\Warewolf.AI.Harness\Warewolf.AI.Harness.csproj]
C:\Users\ultra\warewolf\Dev\Warewolf.AI.Harness\ChatbotApiService.cs(218,25): warning CS8602: Dereference of a possibly null reference. [C:\Users\ultra\warewolf\Dev\Warewolf.AI.Harness\Warewolf.AI.Harness.csproj]
C:\Users\ultra\warewolf\Dev\Warewolf.AI.Harness\ChatbotApiService.cs(303,34): warning CS8600: Converting null literal or possible null value to non-nullable type. [C:\Users\ultra\warewolf\Dev\Warewolf.AI.Harness\Warewolf.AI.Harness.csproj]
C:\Users\ultra\warewolf\Dev\Warewolf.AI.Harness\ChatbotApiService.cs(312,51): warning CS8602: Dereference of a possibly null reference. [C:\Users\ultra\warewolf\Dev\Warewolf.AI.Harness\Warewolf.AI.Harness.csproj]
C:\Users\ultra\warewolf\Dev\Warewolf.AI.Harness\ChatbotApiService.cs(314,30): warning CS8602: Dereference of a possibly null reference. [C:\Users\ultra\warewolf\Dev\Warewolf.AI.Harness\Warewolf.AI.Harness.csproj]
C:\Users\ultra\warewolf\Dev\Warewolf.AI.Harness\ChatbotApiService.cs(477,32): warning CS8600: Converting null literal or possible null value to non-nullable type. [C:\Users\ultra\warewolf\Dev\Warewolf.AI.Harness\Warewolf.AI.Harness.csproj]
C:\Users\ultra\warewolf\Dev\Warewolf.AI.Harness\ChatbotApiService.cs(478,32): warning CS8600: Converting null literal or possible null value to non-nullable type. [C:\Users\ultra\warewolf\Dev\Warewolf.AI.Harness\Warewolf.AI.Harness.csproj]
C:\Users\ultra\warewolf\Dev\Warewolf.AI.Harness\ChatbotApiService.cs(481,73): warning CS8625: Cannot convert null literal to non-nullable reference type. [C:\Users\ultra\warewolf\Dev\Warewolf.AI.Harness\Warewolf.AI.Harness.csproj]
C:\Users\ultra\warewolf\Dev\Warewolf.AI.Harness\ChatbotApiService.cs(482,60): warning CS8604: Possible null reference argument for parameter 'authHeaderName' in 'HttpResponseMessage ChatbotApiService.PostWithAuth(string endpoint, object payload, string authHeaderName, string authHeaderValue, string additionalHeaders)'. [C:\Users\ultra\warewolf\Dev\Warewolf.AI.Harness\Warewolf.AI.Harness.csproj]
C:\Users\ultra\warewolf\Dev\Warewolf.AI.Harness\ChatbotApiService.cs(482,70): warning CS8604: Possible null reference argument for parameter 'authHeaderValue' in 'HttpResponseMessage ChatbotApiService.PostWithAuth(string endpoint, object payload, string authHeaderName, string authHeaderValue, string additionalHeaders)'. [C:\Users\ultra\warewolf\Dev\Warewolf.AI.Harness\Warewolf.AI.Harness.csproj]
C:\Users\ultra\warewolf\Dev\Warewolf.AI.Harness\ChatbotApiService.cs(482,81): warning CS8625: Cannot convert null literal to non-nullable reference type. [C:\Users\ultra\warewolf\Dev\Warewolf.AI.Harness\Warewolf.AI.Harness.csproj]
C:\Users\ultra\warewolf\Dev\Warewolf.AI.Harness\ChatbotApiService.cs(496,73): warning CS8625: Cannot convert null literal to non-nullable reference type. [C:\Users\ultra\warewolf\Dev\Warewolf.AI.Harness\Warewolf.AI.Harness.csproj]
C:\Users\ultra\warewolf\Dev\Warewolf.AI.Harness\ChatbotApiService.cs(497,81): warning CS8625: Cannot convert null literal to non-nullable reference type. [C:\Users\ultra\warewolf\Dev\Warewolf.AI.Harness\Warewolf.AI.Harness.csproj]
C:\Users\ultra\warewolf\Dev\Warewolf.AI.Harness\ChatbotApiService.cs(514,73): warning CS8625: Cannot convert null literal to non-nullable reference type. [C:\Users\ultra\warewolf\Dev\Warewolf.AI.Harness\Warewolf.AI.Harness.csproj]
C:\Users\ultra\warewolf\Dev\Warewolf.AI.Harness\ChatbotApiService.cs(515,114): warning CS8625: Cannot convert null literal to non-nullable reference type. [C:\Users\ultra\warewolf\Dev\Warewolf.AI.Harness\Warewolf.AI.Harness.csproj]
C:\Users\ultra\warewolf\Dev\Warewolf.AI.Harness\ChatbotApiService.cs(521,36): warning CS8600: Converting null literal or possible null value to non-nullable type. [C:\Users\ultra\warewolf\Dev\Warewolf.AI.Harness\Warewolf.AI.Harness.csproj]
C:\Users\ultra\warewolf\Dev\Warewolf.AI.Harness\ChatbotApiService.cs(538,82): warning CS8604: Possible null reference argument for parameter 'systemMessage' in 'Dictionary<string, object> ChatbotApiService.CreatePayload(string model, object messages, string systemMessage, bool useMaxCompletionTokens, bool includeTemperature)'. [C:\Users\ultra\warewolf\Dev\Warewolf.AI.Harness\Warewolf.AI.Harness.csproj]
C:\Users\ultra\warewolf\Dev\Warewolf.AI.Harness\ChatbotApiService.cs(545,35): warning CS8600: Converting null literal or possible null value to non-nullable type. [C:\Users\ultra\warewolf\Dev\Warewolf.AI.Harness\Warewolf.AI.Harness.csproj]
C:\Users\ultra\warewolf\Dev\Warewolf.AI.Harness\ChatbotApiService.cs(589,68): warning CS8625: Cannot convert null literal to non-nullable reference type. [C:\Users\ultra\warewolf\Dev\Warewolf.AI.Harness\Warewolf.AI.Harness.csproj]
C:\Users\ultra\warewolf\Dev\Warewolf.AI.Harness\ChatbotApiService.cs(589,74): warning CS8625: Cannot convert null literal to non-nullable reference type. [C:\Users\ultra\warewolf\Dev\Warewolf.AI.Harness\Warewolf.AI.Harness.csproj]
C:\Users\ultra\warewolf\Dev\Warewolf.AI.Harness\ChatbotApiService.cs(589,80): warning CS8625: Cannot convert null literal to non-nullable reference type. [C:\Users\ultra\warewolf\Dev\Warewolf.AI.Harness\Warewolf.AI.Harness.csproj]
  Warewolf.AI.Harness -> C:\Users\ultra\warewolf\Dev\Warewolf.AI.Harness\bin\Debug\net8.0\Warewolf.AI.Harness.dll
C:\Users\ultra\warewolf\Dev\Dev2.Infrastructure\PerformanceCounters\Management\WarewolfPerformanceCounterManager.cs(22,140): warning CC0057: Parameter 'register' is not used. (https://code-cracker.github.io/diagnostics/CC0057.html) [C:\Users\ultra\warewolf\Dev\Dev2.Infrastructure\Dev2.Infrastructure.csproj]
C:\Users\ultra\warewolf\Dev\Dev2.Infrastructure\PerformanceCounters\Management\PerformanceCounterPersistence.cs(48,81): warning CC0057: Parameter 'resourcePerformanceCounters' is not used. (https://code-cracker.github.io/diagnostics/CC0057.html) [C:\Users\ultra\warewolf\Dev\Dev2.Infrastructure\Dev2.Infrastructure.csproj]
C:\Users\ultra\warewolf\Dev\Dev2.Infrastructure\PerformanceCounters\Management\WarewolfPerformanceCounterManager.cs(67,83): warning CC0057: Parameter 'name' is not used. (https://code-cracker.github.io/diagnostics/CC0057.html) [C:\Users\ultra\warewolf\Dev\Dev2.Infrastructure\Dev2.Infrastructure.csproj]
C:\Users\ultra\warewolf\Dev\Dev2.Infrastructure\PerformanceCounters\PerformanceCounterCategoryWrapper.cs(12,51): warning CA1416: This call site is reachable on all platforms. 'PerformanceCounterCategory.CounterExists(string)' is only supported on: 'windows'. (https://learn.microsoft.com/dotnet/fundamentals/code-analysis/quality-rules/ca1416) [C:\Users\ultra\warewolf\Dev\Dev2.Infrastructure\Dev2.Infrastructure.csproj]
C:\Users\ultra\warewolf\Dev\Dev2.Infrastructure\PerformanceCounters\PerformanceCounterCategoryWrapper.cs(33,48): warning CA1416: This call site is reachable on all platforms. 'PerformanceCounterCategory.Exists(string)' is only supported on: 'windows'. (https://learn.microsoft.com/dotnet/fundamentals/code-analysis/quality-rules/ca1416) [C:\Users\ultra\warewolf\Dev\Dev2.Infrastructure\Dev2.Infrastructure.csproj]
C:\Users\ultra\warewolf\Dev\Dev2.Infrastructure\PerformanceCounters\PerformanceCounterCategoryWrapper.cs(32,48): warning CA1416: This call site is reachable on all platforms. 'PerformanceCounterCategory.Delete(string)' is only supported on: 'windows'. (https://learn.microsoft.com/dotnet/fundamentals/code-analysis/quality-rules/ca1416) [C:\Users\ultra\warewolf\Dev\Dev2.Infrastructure\Dev2.Infrastructure.csproj]
C:\Users\ultra\warewolf\Dev\Dev2.Infrastructure\PerformanceCounters\PerformanceCounterCategoryWrapper.cs(38,29): warning CA1416: This call site is reachable on all platforms. 'PerformanceCounterCategory' is only supported on: 'windows'. (https://learn.microsoft.com/dotnet/fundamentals/code-analysis/quality-rules/ca1416) [C:\Users\ultra\warewolf\Dev\Dev2.Infrastructure\Dev2.Infrastructure.csproj]
C:\Users\ultra\warewolf\Dev\Dev2.Infrastructure\PerformanceCounters\PerformanceCounterCategoryWrapper.cs(29,71): warning CA1416: This call site is reachable on all platforms. 'PerformanceCounterCategoryType.MultiInstance' is only supported on: 'windows'. (https://learn.microsoft.com/dotnet/fundamentals/code-analysis/quality-rules/ca1416) [C:\Users\ultra\warewolf\Dev\Dev2.Infrastructure\Dev2.Infrastructure.csproj]
C:\Users\ultra\warewolf\Dev\Dev2.Infrastructure\PerformanceCounters\PerformanceCounterCategoryWrapper.cs(14,49): warning CA1416: This call site is reachable on all platforms. 'CounterCreationDataCollection' is only supported on: 'windows'. (https://learn.microsoft.com/dotnet/fundamentals/code-analysis/quality-rules/ca1416) [C:\Users\ultra\warewolf\Dev\Dev2.Infrastructure\Dev2.Infrastructure.csproj]
C:\Users\ultra\warewolf\Dev\Dev2.Infrastructure\PerformanceCounters\PerformanceCounterCategoryWrapper.cs(19,45): warning CA1416: This call site is reachable on all platforms. 'CounterCreationData' is only supported on: 'windows'. (https://learn.microsoft.com/dotnet/fundamentals/code-analysis/quality-rules/ca1416) [C:\Users\ultra\warewolf\Dev\Dev2.Infrastructure\Dev2.Infrastructure.csproj]
C:\Users\ultra\warewolf\Dev\Dev2.Infrastructure\PerformanceCounters\PerformanceCounterCategoryWrapper.cs(25,21): warning CA1416: This call site is reachable on all platforms. 'CounterCreationDataCollection.Add(CounterCreationData)' is only supported on: 'windows'. (https://learn.microsoft.com/dotnet/fundamentals/code-analysis/quality-rules/ca1416) [C:\Users\ultra\warewolf\Dev\Dev2.Infrastructure\Dev2.Infrastructure.csproj]
C:\Users\ultra\warewolf\Dev\Dev2.Infrastructure\PerformanceCounters\PerformanceCounterCategoryWrapper.cs(29,13): warning CA1416: This call site is reachable on all platforms. 'PerformanceCounterCategory.Create(string, string, PerformanceCounterCategoryType, CounterCreationDataCollection)' is only supported on: 'windows'. (https://learn.microsoft.com/dotnet/fundamentals/code-analysis/quality-rules/ca1416) [C:\Users\ultra\warewolf\Dev\Dev2.Infrastructure\Dev2.Infrastructure.csproj]
C:\Users\ultra\warewolf\Dev\Dev2.Infrastructure\PerformanceCounters\PerformanceCounterCategoryWrapper.cs(52,28): warning CA1416: This call site is reachable on all platforms. 'PerformanceCounterType.NumberOfItems32' is only supported on: 'windows'. (https://learn.microsoft.com/dotnet/fundamentals/code-analysis/quality-rules/ca1416) [C:\Users\ultra\warewolf\Dev\Dev2.Infrastructure\Dev2.Infrastructure.csproj]
C:\Users\ultra\warewolf\Dev\Dev2.Infrastructure\PerformanceCounters\PerformanceCounterCategoryWrapper.cs(50,28): warning CA1416: This call site is reachable on all platforms. 'PerformanceCounterType.AverageTimer32' is only supported on: 'windows'. (https://learn.microsoft.com/dotnet/fundamentals/code-analysis/quality-rules/ca1416) [C:\Users\ultra\warewolf\Dev\Dev2.Infrastructure\Dev2.Infrastructure.csproj]
C:\Users\ultra\warewolf\Dev\Dev2.Infrastructure\PerformanceCounters\PerformanceCounterCategoryWrapper.cs(48,28): warning CA1416: This call site is reachable on all platforms. 'PerformanceCounterType.AverageBase' is only supported on: 'windows'. (https://learn.microsoft.com/dotnet/fundamentals/code-analysis/quality-rules/ca1416) [C:\Users\ultra\warewolf\Dev\Dev2.Infrastructure\Dev2.Infrastructure.csproj]
C:\Users\ultra\warewolf\Dev\Dev2.Infrastructure\PerformanceCounters\PerformanceCounterCategoryWrapper.cs(54,28): warning CA1416: This call site is reachable on all platforms. 'PerformanceCounterType.RateOfCountsPerSecond32' is only supported on: 'windows'. (https://learn.microsoft.com/dotnet/fundamentals/code-analysis/quality-rules/ca1416) [C:\Users\ultra\warewolf\Dev\Dev2.Infrastructure\Dev2.Infrastructure.csproj]
C:\Users\ultra\warewolf\Dev\Dev2.Infrastructure\Services\Security\MoqInstallerActions\InstallerActionsForDevelopment.cs(59,57): warning CA1416: This call site is reachable on all platforms. 'WindowsIdentity.Name' is only supported on: 'windows'. (https://learn.microsoft.com/dotnet/fundamentals/code-analysis/quality-rules/ca1416) [C:\Users\ultra\warewolf\Dev\Dev2.Infrastructure\Dev2.Infrastructure.csproj]
C:\Users\ultra\warewolf\Dev\Dev2.Infrastructure\Services\Security\MoqInstallerActions\InstallerActionsForDevelopment.cs(57,31): warning CA1416: This call site is reachable on all platforms. 'WindowsIdentity.GetCurrent(bool)' is only supported on: 'windows'. (https://learn.microsoft.com/dotnet/fundamentals/code-analysis/quality-rules/ca1416) [C:\Users\ultra\warewolf\Dev\Dev2.Infrastructure\Dev2.Infrastructure.csproj]
C:\Users\ultra\warewolf\Dev\Dev2.Infrastructure\Services\Security\SecuritySettings.cs(92,28): warning CC0022: HMACSHA256 should be disposed. (https://code-cracker.github.io/diagnostics/CC0022.html) [C:\Users\ultra\warewolf\Dev\Dev2.Infrastructure\Dev2.Infrastructure.csproj]
CSC : warning AD0001: Analyzer 'CodeCracker.CSharp.Design.UseInvokeMethodToFireEventAnalyzer' threw an exception of type 'System.ArgumentException' with message 'Syntax node is not within syntax tree'. [C:\Users\ultra\warewolf\Dev\Dev2.Infrastructure\Dev2.Infrastructure.csproj]
CSC : warning AD0001: Analyzer 'CodeCracker.CSharp.Design.UseInvokeMethodToFireEventAnalyzer' threw an exception of type 'System.ArgumentException' with message 'Syntax node is not within syntax tree'. [C:\Users\ultra\warewolf\Dev\Dev2.Infrastructure\Dev2.Infrastructure.csproj]
CSC : warning AD0001: Analyzer 'CodeCracker.CSharp.Design.UseInvokeMethodToFireEventAnalyzer' threw an exception of type 'System.ArgumentException' with message 'Syntax node is not within syntax tree'. [C:\Users\ultra\warewolf\Dev\Dev2.Infrastructure\Dev2.Infrastructure.csproj]
CSC : warning AD0001: Analyzer 'CodeCracker.CSharp.Design.UseInvokeMethodToFireEventAnalyzer' threw an exception of type 'System.ArgumentException' with message 'Syntax node is not within syntax tree'. [C:\Users\ultra\warewolf\Dev\Dev2.Infrastructure\Dev2.Infrastructure.csproj]
CSC : warning AD0001: Analyzer 'CodeCracker.CSharp.Design.UseInvokeMethodToFireEventAnalyzer' threw an exception of type 'System.ArgumentException' with message 'Syntax node is not within syntax tree'. [C:\Users\ultra\warewolf\Dev\Dev2.Infrastructure\Dev2.Infrastructure.csproj]
CSC : warning AD0001: Analyzer 'CodeCracker.CSharp.Design.UseInvokeMethodToFireEventAnalyzer' threw an exception of type 'System.ArgumentException' with message 'Syntax node is not within syntax tree'. [C:\Users\ultra\warewolf\Dev\Dev2.Infrastructure\Dev2.Infrastructure.csproj]
CSC : warning AD0001: Analyzer 'CodeCracker.CSharp.Design.UseInvokeMethodToFireEventAnalyzer' threw an exception of type 'System.ArgumentException' with message 'Syntax node is not within syntax tree'. [C:\Users\ultra\warewolf\Dev\Dev2.Infrastructure\Dev2.Infrastructure.csproj]
CSC : warning AD0001: Analyzer 'CodeCracker.CSharp.Design.UseInvokeMethodToFireEventAnalyzer' threw an exception of type 'System.ArgumentException' with message 'Syntax node is not within syntax tree'. [C:\Users\ultra\warewolf\Dev\Dev2.Infrastructure\Dev2.Infrastructure.csproj]
CSC : warning AD0001: Analyzer 'CodeCracker.CSharp.Design.UseInvokeMethodToFireEventAnalyzer' threw an exception of type 'System.ArgumentException' with message 'Syntax node is not within syntax tree'. [C:\Users\ultra\warewolf\Dev\Dev2.Infrastructure\Dev2.Infrastructure.csproj]
CSC : warning AD0001: Analyzer 'CodeCracker.CSharp.Design.UseInvokeMethodToFireEventAnalyzer' threw an exception of type 'System.ArgumentException' with message 'Syntax node is not within syntax tree'. [C:\Users\ultra\warewolf\Dev\Dev2.Infrastructure\Dev2.Infrastructure.csproj]
CSC : warning AD0001: Analyzer 'CodeCracker.CSharp.Design.UseInvokeMethodToFireEventAnalyzer' threw an exception of type 'System.ArgumentException' with message 'Syntax node is not within syntax tree'. [C:\Users\ultra\warewolf\Dev\Dev2.Infrastructure\Dev2.Infrastructure.csproj]
CSC : warning AD0001: Analyzer 'CodeCracker.CSharp.Design.UseInvokeMethodToFireEventAnalyzer' threw an exception of type 'System.ArgumentException' with message 'Syntax node is not within syntax tree'. [C:\Users\ultra\warewolf\Dev\Dev2.Infrastructure\Dev2.Infrastructure.csproj]
CSC : warning AD0001: Analyzer 'CodeCracker.CSharp.Design.UseInvokeMethodToFireEventAnalyzer' threw an exception of type 'System.ArgumentException' with message 'Syntax node is not within syntax tree'. [C:\Users\ultra\warewolf\Dev\Dev2.Infrastructure\Dev2.Infrastructure.csproj]
CSC : warning AD0001: Analyzer 'CodeCracker.CSharp.Design.UseInvokeMethodToFireEventAnalyzer' threw an exception of type 'System.ArgumentException' with message 'Syntax node is not within syntax tree'. [C:\Users\ultra\warewolf\Dev\Dev2.Infrastructure\Dev2.Infrastructure.csproj]
  Dev2.Infrastructure -> C:\Users\ultra\warewolf\Dev\Dev2.Infrastructure\bin\Debug\net8.0\Dev2.Infrastructure.dll
C:\Program Files\dotnet\sdk\10.0.201\Microsoft.CSharp.CurrentVersion.targets(130,9): warning MSB3884: Could not find rule set file "..\.sonarlint\warewolf_dotnet_frameworkcsharp.ruleset". [C:\Users\ultra\warewolf\Dev\Warewolf.Sharepoint\Warewolf.Sharepoint.csproj]
C:\Users\ultra\warewolf\Dev\Warewolf.PerfMon\Program.cs(26,2): warning CA1416: This call site is reachable on all platforms. 'ServiceBase.Run(ServiceBase)' is only supported on: 'windows'. (https://learn.microsoft.com/dotnet/fundamentals/code-analysis/quality-rules/ca1416) [C:\Users\ultra\warewolf\Dev\Warewolf.PerfMon\Warewolf.PerfMon.csproj]
C:\Users\ultra\warewolf\Dev\Warewolf.PerfMon\Program.cs(26,2): warning CA1416: This call site is reachable on all platforms. 'ServiceBase.Run(ServiceBase)' is only supported on: 'windows'. (https://learn.microsoft.com/dotnet/fundamentals/code-analysis/quality-rules/ca1416) [C:\Users\ultra\warewolf\Dev\Warewolf.PerfMon\Warewolf.PerfMon.csproj]
  Warewolf.PerfMon -> C:\Users\ultra\warewolf\Dev\Warewolf.PerfMon\bin\Debug\net8.0\linux-x64\Warewolf.PerfMon.dll
  Warewolf.PerfMon -> C:\Users\ultra\warewolf\Dev\Warewolf.PerfMon\bin\Debug\net8.0\Warewolf.PerfMon.dll
  Warewolf.Sharepoint -> C:\Users\ultra\warewolf\Dev\Warewolf.Sharepoint\bin\Debug\net8.0\Warewolf.Sharepoint.dll
C:\Users\ultra\warewolf\Dev\Dev2.SignalR.Wrappers.New\HubConnectionWrapper.cs(431,21): warning SYSLIB0006: 'Thread.Abort()' is obsolete: 'Thread.Abort is not supported and throws PlatformNotSupportedException.' (https://aka.ms/dotnet-warnings/SYSLIB0006) [C:\Users\ultra\warewolf\Dev\Dev2.SignalR.Wrappers.New\Dev2.SignalR.Wrappers.New.csproj]
C:\Users\ultra\warewolf\Dev\Dev2.SignalR.Wrappers.New\HubConnectionWrapper.cs(205,21): warning CC0029: 'HubConnectionWrapper' should call GC.SuppressFinalize inside the Dispose method. (https://code-cracker.github.io/diagnostics/CC0029.html) [C:\Users\ultra\warewolf\Dev\Dev2.SignalR.Wrappers.New\Dev2.SignalR.Wrappers.New.csproj]
C:\Users\ultra\warewolf\Dev\Dev2.SignalR.Wrappers.New\HubConnectionWrapper.cs(383,17): warning CC0105: Use 'var' instead of specifying the type name. (https://code-cracker.github.io/diagnostics/CC0105.html) [C:\Users\ultra\warewolf\Dev\Dev2.SignalR.Wrappers.New\Dev2.SignalR.Wrappers.New.csproj]
  Dev2.SignalR.Wrappers.New -> C:\Users\ultra\warewolf\Dev\Dev2.SignalR.Wrappers.New\bin\Debug\net8.0\Dev2.SignalR.Wrappers.New.dll
  Warewolf.Storage -> C:\Users\ultra\warewolf\Dev\Warewolf.Storage\bin\Debug\net8.0\Warewolf.Storage.dll
C:\Users\ultra\warewolf\Dev\Dev2.Services.Sql\ConnectionBuilder.cs(44,21): warning CC0029: 'ConnectionBuilder' should call GC.SuppressFinalize inside the Dispose method. (https://code-cracker.github.io/diagnostics/CC0029.html) [C:\Users\ultra\warewolf\Dev\Dev2.Services.Sql\Dev2.Services.Sql.csproj]
  Dev2.Services.Sql -> C:\Users\ultra\warewolf\Dev\Dev2.Services.Sql\bin\Debug\net8.0\Dev2.Services.Sql.dll
C:\Program Files\dotnet\sdk\10.0.201\Microsoft.Common.CurrentVersion.targets(2451,5): warning MSB3245: Could not resolve this reference. Could not locate the assembly "System.Web". Check to make sure the assembly exists on disk. If this reference is required by your code, you may get compilation errors. [C:\Users\ultra\warewolf\Dev\Dev2.Data\Dev2.Data.csproj]
C:\Program Files\dotnet\sdk\10.0.201\Microsoft.Common.CurrentVersion.targets(2451,5): warning MSB3245: Could not resolve this reference. Could not locate the assembly "System.Web.Extensions". Check to make sure the assembly exists on disk. If this reference is required by your code, you may get compilation errors. [C:\Users\ultra\warewolf\Dev\Dev2.Data\Dev2.Data.csproj]
C:\Program Files\dotnet\sdk\10.0.201\Microsoft.Common.CurrentVersion.targets(2451,5): warning MSB3245: Could not resolve this reference. Could not locate the assembly "System.Xml.Linq". Check to make sure the assembly exists on disk. If this reference is required by your code, you may get compilation errors. [C:\Users\ultra\warewolf\Dev\Dev2.Data\Dev2.Data.csproj]
C:\Program Files\dotnet\sdk\10.0.201\Microsoft.Common.CurrentVersion.targets(2451,5): warning MSB3245: Could not resolve this reference. Could not locate the assembly "System.Data.DataSetExtensions". Check to make sure the assembly exists on disk. If this reference is required by your code, you may get compilation errors. [C:\Users\ultra\warewolf\Dev\Dev2.Data\Dev2.Data.csproj]
C:\Program Files\dotnet\sdk\10.0.201\Microsoft.Common.CurrentVersion.targets(2451,5): warning MSB3245: Could not resolve this reference. Could not locate the assembly "Microsoft.CSharp". Check to make sure the assembly exists on disk. If this reference is required by your code, you may get compilation errors. [C:\Users\ultra\warewolf\Dev\Dev2.Data\Dev2.Data.csproj]
C:\Program Files\dotnet\sdk\10.0.201\Microsoft.Common.CurrentVersion.targets(2451,5): warning MSB3245: Could not resolve this reference. Could not locate the assembly "System.Data". Check to make sure the assembly exists on disk. If this reference is required by your code, you may get compilation errors. [C:\Users\ultra\warewolf\Dev\Dev2.Data\Dev2.Data.csproj]
C:\Program Files\dotnet\sdk\10.0.201\Microsoft.Common.CurrentVersion.targets(2451,5): warning MSB3245: Could not resolve this reference. Could not locate the assembly "System.Xml". Check to make sure the assembly exists on disk. If this reference is required by your code, you may get compilation errors. [C:\Users\ultra\warewolf\Dev\Dev2.Data\Dev2.Data.csproj]
C:\Program Files\dotnet\sdk\10.0.201\Microsoft.Common.CurrentVersion.targets(2451,5): warning MSB3243: No way to resolve conflict between "System.Web, Version=4.0.0.0, Culture=neutral, PublicKeyToken=b03f5f7f11d50a3a" and "System.Web". Choosing "System.Web, Version=4.0.0.0, Culture=neutral, PublicKeyToken=b03f5f7f11d50a3a" arbitrarily. [C:\Users\ultra\warewolf\Dev\Dev2.Data\Dev2.Data.csproj]
C:\Program Files\dotnet\sdk\10.0.201\Microsoft.Common.CurrentVersion.targets(2451,5): warning MSB3243: No way to resolve conflict between "System.Xml.Linq, Version=4.0.0.0, Culture=neutral, PublicKeyToken=b77a5c561934e089" and "System.Xml.Linq". Choosing "System.Xml.Linq, Version=4.0.0.0, Culture=neutral, PublicKeyToken=b77a5c561934e089" arbitrarily. [C:\Users\ultra\warewolf\Dev\Dev2.Data\Dev2.Data.csproj]
C:\Program Files\dotnet\sdk\10.0.201\Microsoft.Common.CurrentVersion.targets(2451,5): warning MSB3243: No way to resolve conflict between "System.Data.DataSetExtensions, Version=8.0.0.0, Culture=neutral, PublicKeyToken=b77a5c561934e089" and "System.Data.DataSetExtensions". Choosing "System.Data.DataSetExtensions, Version=8.0.0.0, Culture=neutral, PublicKeyToken=b77a5c561934e089" arbitrarily. [C:\Users\ultra\warewolf\Dev\Dev2.Data\Dev2.Data.csproj]
C:\Program Files\dotnet\sdk\10.0.201\Microsoft.Common.CurrentVersion.targets(2451,5): warning MSB3243: No way to resolve conflict between "Microsoft.CSharp, Version=8.0.0.0, Culture=neutral, PublicKeyToken=b03f5f7f11d50a3a" and "Microsoft.CSharp". Choosing "Microsoft.CSharp, Version=8.0.0.0, Culture=neutral, PublicKeyToken=b03f5f7f11d50a3a" arbitrarily. [C:\Users\ultra\warewolf\Dev\Dev2.Data\Dev2.Data.csproj]
C:\Program Files\dotnet\sdk\10.0.201\Microsoft.Common.CurrentVersion.targets(2451,5): warning MSB3243: No way to resolve conflict between "System.Data, Version=4.0.0.0, Culture=neutral, PublicKeyToken=b77a5c561934e089" and "System.Data". Choosing "System.Data, Version=4.0.0.0, Culture=neutral, PublicKeyToken=b77a5c561934e089" arbitrarily. [C:\Users\ultra\warewolf\Dev\Dev2.Data\Dev2.Data.csproj]
C:\Program Files\dotnet\sdk\10.0.201\Microsoft.Common.CurrentVersion.targets(2451,5): warning MSB3243: No way to resolve conflict between "System.Xml, Version=4.0.0.0, Culture=neutral, PublicKeyToken=b77a5c561934e089" and "System.Xml". Choosing "System.Xml, Version=4.0.0.0, Culture=neutral, PublicKeyToken=b77a5c561934e089" arbitrarily. [C:\Users\ultra\warewolf\Dev\Dev2.Data\Dev2.Data.csproj]
CSC : warning CS2002: Source file 'C:\Users\ultra\warewolf\Dev\Dev2.Data\MathOperations\NCalc\NCalcExpressionBuilder.cs' specified multiple times [C:\Users\ultra\warewolf\Dev\Dev2.Data\Dev2.Data.csproj]
CSC : warning CS2002: Source file 'C:\Users\ultra\warewolf\Dev\Dev2.Data\MathOperations\NCalc\NCalcFunctionArgHelper.cs' specified multiple times [C:\Users\ultra\warewolf\Dev\Dev2.Data\Dev2.Data.csproj]
CSC : warning CS2002: Source file 'C:\Users\ultra\warewolf\Dev\Dev2.Data\MathOperations\NCalc\Functions\BaseConversionFunctions.cs' specified multiple times [C:\Users\ultra\warewolf\Dev\Dev2.Data\Dev2.Data.csproj]
CSC : warning CS2002: Source file 'C:\Users\ultra\warewolf\Dev\Dev2.Data\MathOperations\NCalc\Functions\ComplexFunctions.cs' specified multiple times [C:\Users\ultra\warewolf\Dev\Dev2.Data\Dev2.Data.csproj]
CSC : warning CS2002: Source file 'C:\Users\ultra\warewolf\Dev\Dev2.Data\MathOperations\NCalc\Functions\DateTimeFunctions.cs' specified multiple times [C:\Users\ultra\warewolf\Dev\Dev2.Data\Dev2.Data.csproj]
CSC : warning CS2002: Source file 'C:\Users\ultra\warewolf\Dev\Dev2.Data\MathOperations\NCalc\Functions\FinancialFunctions.cs' specified multiple times [C:\Users\ultra\warewolf\Dev\Dev2.Data\Dev2.Data.csproj]
CSC : warning CS2002: Source file 'C:\Users\ultra\warewolf\Dev\Dev2.Data\MathOperations\NCalc\Functions\InformationFunctions.cs' specified multiple times [C:\Users\ultra\warewolf\Dev\Dev2.Data\Dev2.Data.csproj]
CSC : warning CS2002: Source file 'C:\Users\ultra\warewolf\Dev\Dev2.Data\MathOperations\NCalc\Functions\MathFunctions.cs' specified multiple times [C:\Users\ultra\warewolf\Dev\Dev2.Data\Dev2.Data.csproj]
CSC : warning CS2002: Source file 'C:\Users\ultra\warewolf\Dev\Dev2.Data\MathOperations\NCalc\Functions\StringFunctions.cs' specified multiple times [C:\Users\ultra\warewolf\Dev\Dev2.Data\Dev2.Data.csproj]
C:\Users\ultra\warewolf\Dev\Dev2.Data\MathOperations\NCalc\NCalcFunctionArgHelper.cs(51,47): warning CS8632: The annotation for nullable reference types should only be used in code within a '#nullable' annotations context. [C:\Users\ultra\warewolf\Dev\Dev2.Data\Dev2.Data.csproj]
C:\Users\ultra\warewolf\Dev\Dev2.Data\MathOperations\NCalc\Functions\MathFunctions.cs(22,30): warning CS8632: The annotation for nullable reference types should only be used in code within a '#nullable' annotations context. [C:\Users\ultra\warewolf\Dev\Dev2.Data\Dev2.Data.csproj]
C:\Users\ultra\warewolf\Dev\Dev2.Data\MathOperations\NCalc\Functions\StringFunctions.cs(94,59): warning CS8632: The annotation for nullable reference types should only be used in code within a '#nullable' annotations context. [C:\Users\ultra\warewolf\Dev\Dev2.Data\Dev2.Data.csproj]
C:\Users\ultra\warewolf\Dev\Dev2.Data\NativeMethods.cs(66,59): warning CS0472: The result of the expression is always 'false' since a value of type 'nint' is never equal to 'null' of type 'nint?' [C:\Users\ultra\warewolf\Dev\Dev2.Data\Dev2.Data.csproj]
C:\Users\ultra\warewolf\Dev\Dev2.Data\NativeMethods.cs(88,8): warning CS0472: The result of the expression is always 'false' since a value of type 'nint' is never equal to 'null' of type 'nint?' [C:\Users\ultra\warewolf\Dev\Dev2.Data\Dev2.Data.csproj]
C:\Users\ultra\warewolf\Dev\Dev2.Data\Security\WindowsIdentityExtensions.cs(28,17): warning CA1416: This call site is reachable on all platforms. 'WindowsIdentity.RunImpersonated(SafeAccessTokenHandle, Action)' is only supported on: 'windows'. (https://learn.microsoft.com/dotnet/fundamentals/code-analysis/quality-rules/ca1416) [C:\Users\ultra\warewolf\Dev\Dev2.Data\Dev2.Data.csproj]
C:\Users\ultra\warewolf\Dev\Dev2.Data\Security\WindowsIdentityExtensions.cs(41,24): warning CA1416: This call site is reachable on all platforms. 'WindowsIdentity.RunImpersonated<T>(SafeAccessTokenHandle, Func<T>)' is only supported on: 'windows'. (https://learn.microsoft.com/dotnet/fundamentals/code-analysis/quality-rules/ca1416) [C:\Users\ultra\warewolf\Dev\Dev2.Data\Dev2.Data.csproj]
C:\Users\ultra\warewolf\Dev\Dev2.Data\Security\WindowsIdentityExtensions.cs(28,49): warning CA1416: This call site is reachable on all platforms. 'WindowsIdentity.AccessToken' is only supported on: 'windows'. (https://learn.microsoft.com/dotnet/fundamentals/code-analysis/quality-rules/ca1416) [C:\Users\ultra\warewolf\Dev\Dev2.Data\Dev2.Data.csproj]
C:\Users\ultra\warewolf\Dev\Dev2.Data\Security\WindowsIdentityExtensions.cs(41,59): warning CA1416: This call site is reachable on all platforms. 'WindowsIdentity.AccessToken' is only supported on: 'windows'. (https://learn.microsoft.com/dotnet/fundamentals/code-analysis/quality-rules/ca1416) [C:\Users\ultra\warewolf\Dev\Dev2.Data\Dev2.Data.csproj]
C:\Users\ultra\warewolf\Dev\Dev2.Data\PathOperations\ValidateAuthorization.cs(73,33): warning CA1416: This call site is reachable on all platforms. 'WindowsIdentity' is only supported on: 'windows'. (https://learn.microsoft.com/dotnet/fundamentals/code-analysis/quality-rules/ca1416) [C:\Users\ultra\warewolf\Dev\Dev2.Data\Dev2.Data.csproj]
  Dev2.Data -> C:\Users\ultra\warewolf\Dev\Dev2.Data\bin\Debug\net8.0\Dev2.Data.dll
  Dev2.Scheduler -> C:\Users\ultra\warewolf\Dev\Dev2.Scheduler\bin\Debug\net8.0\Dev2.Scheduler.dll
  Warewolf.Driver.Serilog -> C:\Users\ultra\warewolf\Dev\Warewolf.Driver.Serilog\bin\Debug\net8.0\Warewolf.Driver.Serilog.dll
  Dev2.Core -> C:\Users\ultra\warewolf\Dev\Dev2.Core\bin\Debug\net8.0\Dev2.Core.dll
C:\Users\ultra\warewolf\Dev\Warewolf.Auditing\Audit.cs(189,26): warning CS8073: The result of the expression is always 'false' since a value of type 'DateTime' is never equal to 'null' of type 'DateTime?' [C:\Users\ultra\warewolf\Dev\Warewolf.Auditing\Warewolf.Auditing.csproj]
C:\Users\ultra\warewolf\Dev\Warewolf.Auditing\Drivers\AuditQueryableElastic.cs(360,33): warning CS0618: 'ElasticsearchClient.Search<TDocument>(SearchRequestDescriptor<TDocument>)' is obsolete: 'Synchronous methods are deprecated and could be removed in the future.' [C:\Users\ultra\warewolf\Dev\Warewolf.Auditing\Warewolf.Auditing.csproj]
C:\Users\ultra\warewolf\Dev\Warewolf.Auditing\Drivers\AuditQueryableElastic.cs(384,26): warning CS0618: 'ElasticsearchClient.Ping()' is obsolete: 'Synchronous methods are deprecated and could be removed in the future.' [C:\Users\ultra\warewolf\Dev\Warewolf.Auditing\Warewolf.Auditing.csproj]
  Warewolf.Auditing -> C:\Users\ultra\warewolf\Dev\Warewolf.Auditing\bin\Debug\net8.0\Warewolf.Auditing.dll
  Warewolf.ResourceManagement -> C:\Users\ultra\warewolf\Dev\Warewolf.ResourceManagement\bin\Debug\net8.0\Warewolf.ResourceManagement.dll
C:\Users\ultra\warewolf\Dev\Warewolf.Core\InputsFromJson.cs(99,21): warning CC0105: Use 'var' instead of specifying the type name. (https://code-cracker.github.io/diagnostics/CC0105.html) [C:\Users\ultra\warewolf\Dev\Warewolf.Core\Warewolf.Core.csproj]
  Warewolf.Core -> C:\Users\ultra\warewolf\Dev\Warewolf.Core\bin\Debug\net8.0\Warewolf.Core.dll
C:\Users\ultra\warewolf\Dev\Warewolf.Common.NetStandard20\Wrappers\WebClientWrapper.cs(26,26): warning SYSLIB0014: 'WebClient.WebClient()' is obsolete: 'WebRequest, HttpWebRequest, ServicePoint, and WebClient are obsolete. Use HttpClient instead.' (https://aka.ms/dotnet-warnings/SYSLIB0014) [C:\Users\ultra\warewolf\Dev\Warewolf.Common.NetStandard20\Warewolf.Common.NetStandard20.csproj]
C:\Users\ultra\warewolf\Dev\Warewolf.Common.NetStandard20\Wrappers\WebRequestWrapper.cs(26,24): warning SYSLIB0014: 'WebRequest.Create(string)' is obsolete: 'WebRequest, HttpWebRequest, ServicePoint, and WebClient are obsolete. Use HttpClient instead.' (https://aka.ms/dotnet-warnings/SYSLIB0014) [C:\Users\ultra\warewolf\Dev\Warewolf.Common.NetStandard20\Warewolf.Common.NetStandard20.csproj]
C:\Users\ultra\warewolf\Dev\Warewolf.Common.NetStandard20\Wrappers\WebClientWrapper.cs(31,26): warning SYSLIB0014: 'WebClient.WebClient()' is obsolete: 'WebRequest, HttpWebRequest, ServicePoint, and WebClient are obsolete. Use HttpClient instead.' (https://aka.ms/dotnet-warnings/SYSLIB0014) [C:\Users\ultra\warewolf\Dev\Warewolf.Common.NetStandard20\Warewolf.Common.NetStandard20.csproj]
  Warewolf.Common.NetStandard20 -> C:\Users\ultra\warewolf\Dev\Warewolf.Common.NetStandard20\bin\Debug\net8.0\Warewolf.Common.NetStandard20.dll
  Warewolf.Exchange.Email.Wrapper -> C:\Users\ultra\warewolf\Dev\Warewolf.Exchange.Email.Wrapper\bin\Debug\net8.0\Warewolf.Exchange.Email.Wrapper.dll
C:\Users\ultra\warewolf\Dev\Dev2.Runtime.Services\ServiceModel\ElasticsearchSources.cs(110,34): warning CS0618: 'ElasticsearchClient.Ping()' is obsolete: 'Synchronous methods are deprecated and could be removed in the future.' [C:\Users\ultra\warewolf\Dev\Dev2.Runtime.Services\Dev2.Runtime.Services.csproj]
C:\Users\ultra\warewolf\Dev\Dev2.Runtime.Services\ESB\Management\Services\FetchTestsAndTriggers.cs(45,17): warning CC0105: Use 'var' instead of specifying the type name. (https://code-cracker.github.io/diagnostics/CC0105.html) [C:\Users\ultra\warewolf\Dev\Dev2.Runtime.Services\Dev2.Runtime.Services.csproj]
C:\Users\ultra\warewolf\Dev\Dev2.Runtime.Services\UsageLogger.cs(66,33): warning CC0022: ManagementObjectSearcher should be disposed. (https://code-cracker.github.io/diagnostics/CC0022.html) [C:\Users\ultra\warewolf\Dev\Dev2.Runtime.Services\Dev2.Runtime.Services.csproj]
C:\Users\ultra\warewolf\Dev\Dev2.Runtime.Services\ESB\Management\Services\TestChatbotSource.cs(44,17): warning CC0105: Use 'var' instead of specifying the type name. (https://code-cracker.github.io/diagnostics/CC0105.html) [C:\Users\ultra\warewolf\Dev\Dev2.Runtime.Services\Dev2.Runtime.Services.csproj]
C:\Users\ultra\warewolf\Dev\Dev2.Runtime.Services\ESB\Management\Services\TestChatbotSource.cs(45,17): warning CC0105: Use 'var' instead of specifying the type name. (https://code-cracker.github.io/diagnostics/CC0105.html) [C:\Users\ultra\warewolf\Dev\Dev2.Runtime.Services\Dev2.Runtime.Services.csproj]
C:\Users\ultra\warewolf\Dev\Dev2.Runtime.Services\ESB\Management\Services\ChatbotToolNormalizer.cs(80,17): warning CC0003: Consider adding an Exception to the catch. (https://code-cracker.github.io/diagnostics/CC0003.html) [C:\Users\ultra\warewolf\Dev\Dev2.Runtime.Services\Dev2.Runtime.Services.csproj]
C:\Users\ultra\warewolf\Dev\Dev2.Runtime.Services\ESB\Management\Services\ChatbotToolNormalizer.cs(101,21): warning CC0004: Empty Catch Block. (https://code-cracker.github.io/diagnostics/CC0004.html) [C:\Users\ultra\warewolf\Dev\Dev2.Runtime.Services\Dev2.Runtime.Services.csproj]
C:\Users\ultra\warewolf\Dev\Dev2.Runtime.Services\ESB\Management\Services\ChatbotToolNormalizer.cs(226,21): warning CC0105: Use 'var' instead of specifying the type name. (https://code-cracker.github.io/diagnostics/CC0105.html) [C:\Users\ultra\warewolf\Dev\Dev2.Runtime.Services\Dev2.Runtime.Services.csproj]
C:\Users\ultra\warewolf\Dev\Dev2.Runtime.Services\ESB\Management\Services\ChatbotToolNormalizer.cs(279,21): warning CC0105: Use 'var' instead of specifying the type name. (https://code-cracker.github.io/diagnostics/CC0105.html) [C:\Users\ultra\warewolf\Dev\Dev2.Runtime.Services\Dev2.Runtime.Services.csproj]
C:\Users\ultra\warewolf\Dev\Dev2.Runtime.Services\ServiceModel\WebSources.cs(532,7): warning CC0004: Empty Catch Block. (https://code-cracker.github.io/diagnostics/CC0004.html) [C:\Users\ultra\warewolf\Dev\Dev2.Runtime.Services\Dev2.Runtime.Services.csproj]
C:\Users\ultra\warewolf\Dev\Dev2.Runtime.Services\ServiceModel\WebSources.cs(751,38): warning CC0022: StringContent should be disposed. (https://code-cracker.github.io/diagnostics/CC0022.html) [C:\Users\ultra\warewolf\Dev\Dev2.Runtime.Services\Dev2.Runtime.Services.csproj]
  Dev2.Runtime.Services -> C:\Users\ultra\warewolf\Dev\Dev2.Runtime.Services\bin\Debug\net8.0\Dev2.Runtime.Services.dll
C:\Users\ultra\warewolf\Dev\Warewolf.Driver.Persistence\Drivers\HangfireScheduler.cs(397,17): warning CA2200: Re-throwing caught exception changes stack information (https://learn.microsoft.com/dotnet/fundamentals/code-analysis/quality-rules/ca2200) [C:\Users\ultra\warewolf\Dev\Warewolf.Driver.Persistence\Warewolf.Driver.Persistence.csproj]
C:\Users\ultra\warewolf\Dev\Warewolf.Driver.Persistence\Drivers\HangfireScheduler.cs(376,17): warning CA2200: Re-throwing caught exception changes stack information (https://learn.microsoft.com/dotnet/fundamentals/code-analysis/quality-rules/ca2200) [C:\Users\ultra\warewolf\Dev\Warewolf.Driver.Persistence\Warewolf.Driver.Persistence.csproj]
C:\Users\ultra\warewolf\Dev\Warewolf.Driver.Persistence\Drivers\HangfireScheduler.cs(320,17): warning CA2200: Re-throwing caught exception changes stack information (https://learn.microsoft.com/dotnet/fundamentals/code-analysis/quality-rules/ca2200) [C:\Users\ultra\warewolf\Dev\Warewolf.Driver.Persistence\Warewolf.Driver.Persistence.csproj]
  Warewolf.Driver.Persistence -> C:\Users\ultra\warewolf\Dev\Warewolf.Driver.Persistence\bin\Debug\net8.0\Warewolf.Driver.Persistence.dll
  Dev2.Studio.Interfaces -> C:\Users\ultra\warewolf\Dev\Dev2.Studio.Interfaces\bin\Debug\net8.0\Dev2.Studio.Interfaces.dll
  Dev2.Services.Execution -> C:\Users\ultra\warewolf\Dev\Dev2.Services.Execution\bin\Debug\net8.0\Dev2.Services.Execution.dll
C:\Program Files\dotnet\sdk\10.0.201\Microsoft.Common.CurrentVersion.targets(2451,5): warning MSB3277: Found conflicts between different versions of "Microsoft.Win32.SystemEvents" that could not be resolved. [C:\Users\ultra\warewolf\Dev\Warewolf.Studio.Core\Warewolf.Studio.Core.csproj]
C:\Program Files\dotnet\sdk\10.0.201\Microsoft.Common.CurrentVersion.targets(2451,5): warning MSB3277: There was a conflict between "Microsoft.Win32.SystemEvents, Version=6.0.0.0, Culture=neutral, PublicKeyToken=cc7b13ffcd2ddd51" and "Microsoft.Win32.SystemEvents, Version=7.0.0.0, Culture=neutral, PublicKeyToken=cc7b13ffcd2ddd51". [C:\Users\ultra\warewolf\Dev\Warewolf.Studio.Core\Warewolf.Studio.Core.csproj]
C:\Program Files\dotnet\sdk\10.0.201\Microsoft.Common.CurrentVersion.targets(2451,5): warning MSB3277:     "Microsoft.Win32.SystemEvents, Version=6.0.0.0, Culture=neutral, PublicKeyToken=cc7b13ffcd2ddd51" was chosen because it was primary and "Microsoft.Win32.SystemEvents, Version=7.0.0.0, Culture=neutral, PublicKeyToken=cc7b13ffcd2ddd51" was not. [C:\Users\ultra\warewolf\Dev\Warewolf.Studio.Core\Warewolf.Studio.Core.csproj]
C:\Program Files\dotnet\sdk\10.0.201\Microsoft.Common.CurrentVersion.targets(2451,5): warning MSB3277:     References which depend on "Microsoft.Win32.SystemEvents, Version=6.0.0.0, Culture=neutral, PublicKeyToken=cc7b13ffcd2ddd51" [C:\Users\ultra\.nuget\packages\microsoft.win32.systemevents\6.0.0\lib\net6.0\Microsoft.Win32.SystemEvents.dll]. [C:\Users\ultra\warewolf\Dev\Warewolf.Studio.Core\Warewolf.Studio.Core.csproj]
C:\Program Files\dotnet\sdk\10.0.201\Microsoft.Common.CurrentVersion.targets(2451,5): warning MSB3277:         C:\Users\ultra\.nuget\packages\microsoft.win32.systemevents\6.0.0\lib\net6.0\Microsoft.Win32.SystemEvents.dll [C:\Users\ultra\warewolf\Dev\Warewolf.Studio.Core\Warewolf.Studio.Core.csproj]
C:\Program Files\dotnet\sdk\10.0.201\Microsoft.Common.CurrentVersion.targets(2451,5): warning MSB3277:           Project file item includes which caused reference "C:\Users\ultra\.nuget\packages\microsoft.win32.systemevents\6.0.0\lib\net6.0\Microsoft.Win32.SystemEvents.dll". [C:\Users\ultra\warewolf\Dev\Warewolf.Studio.Core\Warewolf.Studio.Core.csproj]
C:\Program Files\dotnet\sdk\10.0.201\Microsoft.Common.CurrentVersion.targets(2451,5): warning MSB3277:             C:\Users\ultra\.nuget\packages\microsoft.win32.systemevents\6.0.0\lib\net6.0\Microsoft.Win32.SystemEvents.dll [C:\Users\ultra\warewolf\Dev\Warewolf.Studio.Core\Warewolf.Studio.Core.csproj]
C:\Program Files\dotnet\sdk\10.0.201\Microsoft.Common.CurrentVersion.targets(2451,5): warning MSB3277:     References which depend on or have been unified to "Microsoft.Win32.SystemEvents, Version=7.0.0.0, Culture=neutral, PublicKeyToken=cc7b13ffcd2ddd51" []. [C:\Users\ultra\warewolf\Dev\Warewolf.Studio.Core\Warewolf.Studio.Core.csproj]
C:\Program Files\dotnet\sdk\10.0.201\Microsoft.Common.CurrentVersion.targets(2451,5): warning MSB3277:         C:\Users\ultra\warewolf\Dev\Dev2.Common\bin\Debug\net8.0\Dev2.Common.dll [C:\Users\ultra\warewolf\Dev\Warewolf.Studio.Core\Warewolf.Studio.Core.csproj]
C:\Program Files\dotnet\sdk\10.0.201\Microsoft.Common.CurrentVersion.targets(2451,5): warning MSB3277:           Project file item includes which caused reference "C:\Users\ultra\warewolf\Dev\Dev2.Common\bin\Debug\net8.0\Dev2.Common.dll". [C:\Users\ultra\warewolf\Dev\Warewolf.Studio.Core\Warewolf.Studio.Core.csproj]
C:\Program Files\dotnet\sdk\10.0.201\Microsoft.Common.CurrentVersion.targets(2451,5): warning MSB3277:             C:\Users\ultra\warewolf\Dev\Dev2.Common\bin\Debug\net8.0\Dev2.Common.dll [C:\Users\ultra\warewolf\Dev\Warewolf.Studio.Core\Warewolf.Studio.Core.csproj]
C:\Program Files\dotnet\sdk\10.0.201\Microsoft.Common.CurrentVersion.targets(2451,5): warning MSB3277:             C:\Users\ultra\warewolf\Dev\Dev2.Core\bin\Debug\net8.0\Dev2.Core.dll [C:\Users\ultra\warewolf\Dev\Warewolf.Studio.Core\Warewolf.Studio.Core.csproj]
C:\Program Files\dotnet\sdk\10.0.201\Microsoft.Common.CurrentVersion.targets(2451,5): warning MSB3277:             C:\Users\ultra\warewolf\Dev\Dev2.Infrastructure\bin\Debug\net8.0\Dev2.Infrastructure.dll [C:\Users\ultra\warewolf\Dev\Warewolf.Studio.Core\Warewolf.Studio.Core.csproj]
C:\Program Files\dotnet\sdk\10.0.201\Microsoft.Common.CurrentVersion.targets(2451,5): warning MSB3277:             C:\Users\ultra\warewolf\Dev\Dev2.Studio.Interfaces\bin\Debug\net8.0\Dev2.Studio.Interfaces.dll [C:\Users\ultra\warewolf\Dev\Warewolf.Studio.Core\Warewolf.Studio.Core.csproj]
C:\Program Files\dotnet\sdk\10.0.201\Microsoft.Common.CurrentVersion.targets(2451,5): warning MSB3277:             C:\Users\ultra\warewolf\Dev\Dev2.Data\bin\Debug\net8.0\Dev2.Data.dll [C:\Users\ultra\warewolf\Dev\Warewolf.Studio.Core\Warewolf.Studio.Core.csproj]
C:\Program Files\dotnet\sdk\10.0.201\Microsoft.Common.CurrentVersion.targets(2451,5): warning MSB3277:             C:\Users\ultra\warewolf\Dev\Dev2.Diagnostics\bin\Debug\net8.0\Dev2.Diagnostics.dll [C:\Users\ultra\warewolf\Dev\Warewolf.Studio.Core\Warewolf.Studio.Core.csproj]
C:\Program Files\dotnet\sdk\10.0.201\Microsoft.Common.CurrentVersion.targets(2451,5): warning MSB3277:             C:\Users\ultra\warewolf\Dev\Dev2.Runtime.Services\bin\Debug\net8.0\Dev2.Runtime.Services.dll [C:\Users\ultra\warewolf\Dev\Warewolf.Studio.Core\Warewolf.Studio.Core.csproj]
C:\Program Files\dotnet\sdk\10.0.201\Microsoft.Common.CurrentVersion.targets(2451,5): warning MSB3277:             C:\Users\ultra\warewolf\Dev\Dev2.Scheduler\bin\Debug\net8.0\Dev2.Scheduler.dll [C:\Users\ultra\warewolf\Dev\Warewolf.Studio.Core\Warewolf.Studio.Core.csproj]
C:\Program Files\dotnet\sdk\10.0.201\Microsoft.Common.CurrentVersion.targets(2451,5): warning MSB3277:             C:\Users\ultra\warewolf\Dev\Dev2.Services.Sql\bin\Debug\net8.0\Dev2.Services.Sql.dll [C:\Users\ultra\warewolf\Dev\Warewolf.Studio.Core\Warewolf.Studio.Core.csproj]
C:\Program Files\dotnet\sdk\10.0.201\Microsoft.Common.CurrentVersion.targets(2451,5): warning MSB3277:             C:\Users\ultra\warewolf\Dev\Dev2.TaskScheduler.Wrappers\bin\Debug\net8.0\Dev2.TaskScheduler.Wrappers.dll [C:\Users\ultra\warewolf\Dev\Warewolf.Studio.Core\Warewolf.Studio.Core.csproj]
C:\Program Files\dotnet\sdk\10.0.201\Microsoft.Common.CurrentVersion.targets(2451,5): warning MSB3277:             C:\Users\ultra\warewolf\Dev\Dev2.Util\bin\Debug\net8.0\Dev2.Util.dll [C:\Users\ultra\warewolf\Dev\Warewolf.Studio.Core\Warewolf.Studio.Core.csproj]
C:\Program Files\dotnet\sdk\10.0.201\Microsoft.Common.CurrentVersion.targets(2451,5): warning MSB3277:             C:\Users\ultra\warewolf\Dev\Warewolf.AI.Harness\bin\Debug\net8.0\Warewolf.AI.Harness.dll [C:\Users\ultra\warewolf\Dev\Warewolf.Studio.Core\Warewolf.Studio.Core.csproj]
C:\Program Files\dotnet\sdk\10.0.201\Microsoft.Common.CurrentVersion.targets(2451,5): warning MSB3277:             C:\Users\ultra\warewolf\Dev\Warewolf.Auditing\bin\Debug\net8.0\Warewolf.Auditing.dll [C:\Users\ultra\warewolf\Dev\Warewolf.Studio.Core\Warewolf.Studio.Core.csproj]
C:\Program Files\dotnet\sdk\10.0.201\Microsoft.Common.CurrentVersion.targets(2451,5): warning MSB3277:             C:\Users\ultra\warewolf\Dev\Warewolf.Common.NetStandard20\bin\Debug\net8.0\Warewolf.Common.NetStandard20.dll [C:\Users\ultra\warewolf\Dev\Warewolf.Studio.Core\Warewolf.Studio.Core.csproj]
C:\Program Files\dotnet\sdk\10.0.201\Microsoft.Common.CurrentVersion.targets(2451,5): warning MSB3277:             C:\Users\ultra\warewolf\Dev\Warewolf.Core\bin\Debug\net8.0\Warewolf.Core.dll [C:\Users\ultra\warewolf\Dev\Warewolf.Studio.Core\Warewolf.Studio.Core.csproj]
C:\Program Files\dotnet\sdk\10.0.201\Microsoft.Common.CurrentVersion.targets(2451,5): warning MSB3277:             C:\Users\ultra\warewolf\Dev\Warewolf.Driver.Serilog\bin\Debug\net8.0\Warewolf.Driver.Serilog.dll [C:\Users\ultra\warewolf\Dev\Warewolf.Studio.Core\Warewolf.Studio.Core.csproj]
C:\Program Files\dotnet\sdk\10.0.201\Microsoft.Common.CurrentVersion.targets(2451,5): warning MSB3277:             C:\Users\ultra\warewolf\Dev\Warewolf.ResourceManagement\bin\Debug\net8.0\Warewolf.ResourceManagement.dll [C:\Users\ultra\warewolf\Dev\Warewolf.Studio.Core\Warewolf.Studio.Core.csproj]
C:\Program Files\dotnet\sdk\10.0.201\Microsoft.Common.CurrentVersion.targets(2451,5): warning MSB3277:             C:\Users\ultra\warewolf\Dev\Warewolf.Sharepoint\bin\Debug\net8.0\Warewolf.Sharepoint.dll [C:\Users\ultra\warewolf\Dev\Warewolf.Studio.Core\Warewolf.Studio.Core.csproj]
C:\Program Files\dotnet\sdk\10.0.201\Microsoft.Common.CurrentVersion.targets(2451,5): warning MSB3277:             C:\Users\ultra\warewolf\Dev\Warewolf.Storage\bin\Debug\net8.0\Warewolf.Storage.dll [C:\Users\ultra\warewolf\Dev\Warewolf.Studio.Core\Warewolf.Studio.Core.csproj]
C:\Program Files\dotnet\sdk\10.0.201\Microsoft.Common.CurrentVersion.targets(2451,5): warning MSB3277:         C:\Users\ultra\warewolf\Dev\Binaries\Infragistcs_Net6\InfragisticsWPF4.v15.1.dll [C:\Users\ultra\warewolf\Dev\Warewolf.Studio.Core\Warewolf.Studio.Core.csproj]
C:\Program Files\dotnet\sdk\10.0.201\Microsoft.Common.CurrentVersion.targets(2451,5): warning MSB3277:           Project file item includes which caused reference "C:\Users\ultra\warewolf\Dev\Binaries\Infragistcs_Net6\InfragisticsWPF4.v15.1.dll". [C:\Users\ultra\warewolf\Dev\Warewolf.Studio.Core\Warewolf.Studio.Core.csproj]
C:\Program Files\dotnet\sdk\10.0.201\Microsoft.Common.CurrentVersion.targets(2451,5): warning MSB3277:             InfragisticsWPF4.v15.1, Version=15.1.20151.2055, Culture=neutral, PublicKeyToken=7dd5c3163f2cd0cb, processorArchitecture=MSIL [C:\Users\ultra\warewolf\Dev\Warewolf.Studio.Core\Warewolf.Studio.Core.csproj]
C:\Program Files\dotnet\sdk\10.0.201\Microsoft.Common.CurrentVersion.targets(2451,5): warning MSB3277:             InfragisticsWPF4.Controls.Menus.XamDataTree.v15.1, Version=15.1.20151.2055, Culture=neutral, PublicKeyToken=7dd5c3163f2cd0cb, processorArchitecture=MSIL [C:\Users\ultra\warewolf\Dev\Warewolf.Studio.Core\Warewolf.Studio.Core.csproj]
C:\Program Files\dotnet\sdk\10.0.201\Microsoft.Common.CurrentVersion.targets(2451,5): warning MSB3277:             InfragisticsWPF4.DataManager.v15.1, Version=15.1.20151.2055, Culture=neutral, PublicKeyToken=7dd5c3163f2cd0cb, processorArchitecture=MSIL [C:\Users\ultra\warewolf\Dev\Warewolf.Studio.Core\Warewolf.Studio.Core.csproj]
C:\Program Files\dotnet\sdk\10.0.201\Microsoft.Common.CurrentVersion.targets(2451,5): warning MSB3277:             InfragisticsWPF4.DockManager.v15.1, Version=15.1.20151.2055, Culture=neutral, PublicKeyToken=7dd5c3163f2cd0cb, processorArchitecture=MSIL [C:\Users\ultra\warewolf\Dev\Warewolf.Studio.Core\Warewolf.Studio.Core.csproj]
C:\Program Files\dotnet\sdk\10.0.201\Microsoft.Common.CurrentVersion.targets(2451,5): warning MSB3277:         C:\Users\ultra\.nuget\packages\timespan2\2.4.2\lib\netcoreapp3.1\TimeSpan2.dll [C:\Users\ultra\warewolf\Dev\Warewolf.Studio.Core\Warewolf.Studio.Core.csproj]
C:\Program Files\dotnet\sdk\10.0.201\Microsoft.Common.CurrentVersion.targets(2451,5): warning MSB3277:           Project file item includes which caused reference "C:\Users\ultra\.nuget\packages\timespan2\2.4.2\lib\netcoreapp3.1\TimeSpan2.dll". [C:\Users\ultra\warewolf\Dev\Warewolf.Studio.Core\Warewolf.Studio.Core.csproj]
C:\Program Files\dotnet\sdk\10.0.201\Microsoft.Common.CurrentVersion.targets(2451,5): warning MSB3277:             C:\Users\ultra\.nuget\packages\timespan2\2.4.2\lib\netcoreapp3.1\TimeSpan2.dll [C:\Users\ultra\warewolf\Dev\Warewolf.Studio.Core\Warewolf.Studio.Core.csproj]
C:\Program Files\dotnet\sdk\10.0.201\Microsoft.Common.CurrentVersion.targets(2451,5): warning MSB3277:             C:\Users\ultra\.nuget\packages\taskschedulereditor\2.10.1\lib\net452\Microsoft.Win32.TaskSchedulerEditor.dll [C:\Users\ultra\warewolf\Dev\Warewolf.Studio.Core\Warewolf.Studio.Core.csproj]
C:\Program Files\dotnet\sdk\10.0.201\Microsoft.Common.CurrentVersion.targets(2451,5): warning MSB3277:         C:\Program Files\dotnet\packs\Microsoft.NETCore.App.Ref\8.0.25\ref\net8.0\System.dll [C:\Users\ultra\warewolf\Dev\Warewolf.Studio.Core\Warewolf.Studio.Core.csproj]
C:\Program Files\dotnet\sdk\10.0.201\Microsoft.Common.CurrentVersion.targets(2451,5): warning MSB3277:           Project file item includes which caused reference "C:\Program Files\dotnet\packs\Microsoft.NETCore.App.Ref\8.0.25\ref\net8.0\System.dll". [C:\Users\ultra\warewolf\Dev\Warewolf.Studio.Core\Warewolf.Studio.Core.csproj]
C:\Program Files\dotnet\sdk\10.0.201\Microsoft.Common.CurrentVersion.targets(2451,5): warning MSB3277:             C:\Program Files\dotnet\packs\Microsoft.NETCore.App.Ref\8.0.25\ref/net8.0/System.dll [C:\Users\ultra\warewolf\Dev\Warewolf.Studio.Core\Warewolf.Studio.Core.csproj]
C:\Program Files\dotnet\sdk\10.0.201\Microsoft.Common.CurrentVersion.targets(2451,5): warning MSB3277:             C:\Users\ultra\.nuget\packages\aerowizard\2.3.1\lib\net45\AeroWizard.dll [C:\Users\ultra\warewolf\Dev\Warewolf.Studio.Core\Warewolf.Studio.Core.csproj]
C:\Program Files\dotnet\sdk\10.0.201\Microsoft.Common.CurrentVersion.targets(2451,5): warning MSB3277:             C:\Users\ultra\.nuget\packages\groupcontrols\1.9.0\lib\net45\GroupControls.dll [C:\Users\ultra\warewolf\Dev\Warewolf.Studio.Core\Warewolf.Studio.Core.csproj]
C:\Program Files\dotnet\sdk\10.0.201\Microsoft.Common.CurrentVersion.targets(2451,5): warning MSB3277:             C:\Users\ultra\.nuget\packages\microsoft.xaml.behaviors.wpf\1.1.122\lib\net462\Microsoft.Xaml.Behaviors.dll [C:\Users\ultra\warewolf\Dev\Warewolf.Studio.Core\Warewolf.Studio.Core.csproj]
C:\Program Files\dotnet\sdk\10.0.201\Microsoft.Common.CurrentVersion.targets(2451,5): warning MSB3277:             C:\Users\ultra\.nuget\packages\caliburn.micro\4.0.212\lib\netcoreapp3.1\Caliburn.Micro.Platform.dll [C:\Users\ultra\warewolf\Dev\Warewolf.Studio.Core\Warewolf.Studio.Core.csproj]
C:\Program Files\dotnet\sdk\10.0.201\Microsoft.Common.CurrentVersion.targets(2451,5): warning MSB3277:             C:\Users\ultra\.nuget\packages\prism.wpf\9.0.537\lib\net462\Prism.Wpf.dll [C:\Users\ultra\warewolf\Dev\Warewolf.Studio.Core\Warewolf.Studio.Core.csproj]
C:\Program Files\dotnet\sdk\10.0.201\Microsoft.Common.CurrentVersion.targets(2451,5): warning MSB3277:             C:\Users\ultra\.nuget\packages\reactiveui.wpf\18.4.1\lib\net462\ReactiveUI.Wpf.dll [C:\Users\ultra\warewolf\Dev\Warewolf.Studio.Core\Warewolf.Studio.Core.csproj]
C:\Program Files\dotnet\sdk\10.0.201\Microsoft.Common.CurrentVersion.targets(2451,5): warning MSB3277:             C:\Users\ultra\.nuget\packages\taskschedulereditor\2.10.1\lib\net452\Microsoft.Win32.TaskSchedulerEditor.dll [C:\Users\ultra\warewolf\Dev\Warewolf.Studio.Core\Warewolf.Studio.Core.csproj]
C:\Program Files\dotnet\sdk\10.0.201\Microsoft.Common.CurrentVersion.targets(2451,5): warning MSB3277:             C:\Users\ultra\.nuget\packages\ttcue.netcore.sharepointonline.csom.16.1.8029.1200\16.1.8029.1200\lib\netcoreapp2.0\Microsoft.SharePoint.Client.Runtime.Windows.dll [C:\Users\ultra\warewolf\Dev\Warewolf.Studio.Core\Warewolf.Studio.Core.csproj]
C:\Program Files\dotnet\sdk\10.0.201\Microsoft.Common.CurrentVersion.targets(2451,5): warning MSB3277: Found conflicts between different versions of "System.Security.Permissions" that could not be resolved. [C:\Users\ultra\warewolf\Dev\Warewolf.Studio.Core\Warewolf.Studio.Core.csproj]
C:\Program Files\dotnet\sdk\10.0.201\Microsoft.Common.CurrentVersion.targets(2451,5): warning MSB3277: There was a conflict between "System.Security.Permissions, Version=6.0.0.0, Culture=neutral, PublicKeyToken=cc7b13ffcd2ddd51" and "System.Security.Permissions, Version=7.0.0.0, Culture=neutral, PublicKeyToken=cc7b13ffcd2ddd51". [C:\Users\ultra\warewolf\Dev\Warewolf.Studio.Core\Warewolf.Studio.Core.csproj]
C:\Program Files\dotnet\sdk\10.0.201\Microsoft.Common.CurrentVersion.targets(2451,5): warning MSB3277:     "System.Security.Permissions, Version=6.0.0.0, Culture=neutral, PublicKeyToken=cc7b13ffcd2ddd51" was chosen because it was primary and "System.Security.Permissions, Version=7.0.0.0, Culture=neutral, PublicKeyToken=cc7b13ffcd2ddd51" was not. [C:\Users\ultra\warewolf\Dev\Warewolf.Studio.Core\Warewolf.Studio.Core.csproj]
C:\Program Files\dotnet\sdk\10.0.201\Microsoft.Common.CurrentVersion.targets(2451,5): warning MSB3277:     References which depend on "System.Security.Permissions, Version=6.0.0.0, Culture=neutral, PublicKeyToken=cc7b13ffcd2ddd51" [C:\Users\ultra\.nuget\packages\system.security.permissions\6.0.0\lib\net6.0\System.Security.Permissions.dll]. [C:\Users\ultra\warewolf\Dev\Warewolf.Studio.Core\Warewolf.Studio.Core.csproj]
C:\Program Files\dotnet\sdk\10.0.201\Microsoft.Common.CurrentVersion.targets(2451,5): warning MSB3277:         C:\Users\ultra\.nuget\packages\system.security.permissions\6.0.0\lib\net6.0\System.Security.Permissions.dll [C:\Users\ultra\warewolf\Dev\Warewolf.Studio.Core\Warewolf.Studio.Core.csproj]
C:\Program Files\dotnet\sdk\10.0.201\Microsoft.Common.CurrentVersion.targets(2451,5): warning MSB3277:           Project file item includes which caused reference "C:\Users\ultra\.nuget\packages\system.security.permissions\6.0.0\lib\net6.0\System.Security.Permissions.dll". [C:\Users\ultra\warewolf\Dev\Warewolf.Studio.Core\Warewolf.Studio.Core.csproj]
C:\Program Files\dotnet\sdk\10.0.201\Microsoft.Common.CurrentVersion.targets(2451,5): warning MSB3277:             C:\Users\ultra\.nuget\packages\system.security.permissions\6.0.0\lib\net6.0\System.Security.Permissions.dll [C:\Users\ultra\warewolf\Dev\Warewolf.Studio.Core\Warewolf.Studio.Core.csproj]
C:\Program Files\dotnet\sdk\10.0.201\Microsoft.Common.CurrentVersion.targets(2451,5): warning MSB3277:     References which depend on or have been unified to "System.Security.Permissions, Version=7.0.0.0, Culture=neutral, PublicKeyToken=cc7b13ffcd2ddd51" []. [C:\Users\ultra\warewolf\Dev\Warewolf.Studio.Core\Warewolf.Studio.Core.csproj]
C:\Program Files\dotnet\sdk\10.0.201\Microsoft.Common.CurrentVersion.targets(2451,5): warning MSB3277:         C:\Users\ultra\warewolf\Dev\Dev2.Data\bin\Debug\net8.0\Dev2.Data.dll [C:\Users\ultra\warewolf\Dev\Warewolf.Studio.Core\Warewolf.Studio.Core.csproj]
C:\Program Files\dotnet\sdk\10.0.201\Microsoft.Common.CurrentVersion.targets(2451,5): warning MSB3277:           Project file item includes which caused reference "C:\Users\ultra\warewolf\Dev\Dev2.Data\bin\Debug\net8.0\Dev2.Data.dll". [C:\Users\ultra\warewolf\Dev\Warewolf.Studio.Core\Warewolf.Studio.Core.csproj]
C:\Program Files\dotnet\sdk\10.0.201\Microsoft.Common.CurrentVersion.targets(2451,5): warning MSB3277:             C:\Users\ultra\warewolf\Dev\Dev2.Data\bin\Debug\net8.0\Dev2.Data.dll [C:\Users\ultra\warewolf\Dev\Warewolf.Studio.Core\Warewolf.Studio.Core.csproj]
C:\Program Files\dotnet\sdk\10.0.201\Microsoft.Common.CurrentVersion.targets(2451,5): warning MSB3277:             C:\Users\ultra\warewolf\Dev\Dev2.Core\bin\Debug\net8.0\Dev2.Core.dll [C:\Users\ultra\warewolf\Dev\Warewolf.Studio.Core\Warewolf.Studio.Core.csproj]
C:\Program Files\dotnet\sdk\10.0.201\Microsoft.Common.CurrentVersion.targets(2451,5): warning MSB3277:             C:\Users\ultra\warewolf\Dev\Dev2.Studio.Interfaces\bin\Debug\net8.0\Dev2.Studio.Interfaces.dll [C:\Users\ultra\warewolf\Dev\Warewolf.Studio.Core\Warewolf.Studio.Core.csproj]
C:\Program Files\dotnet\sdk\10.0.201\Microsoft.Common.CurrentVersion.targets(2451,5): warning MSB3277:             C:\Users\ultra\warewolf\Dev\Dev2.Runtime.Services\bin\Debug\net8.0\Dev2.Runtime.Services.dll [C:\Users\ultra\warewolf\Dev\Warewolf.Studio.Core\Warewolf.Studio.Core.csproj]
C:\Program Files\dotnet\sdk\10.0.201\Microsoft.Common.CurrentVersion.targets(2451,5): warning MSB3277:             C:\Users\ultra\warewolf\Dev\Dev2.Scheduler\bin\Debug\net8.0\Dev2.Scheduler.dll [C:\Users\ultra\warewolf\Dev\Warewolf.Studio.Core\Warewolf.Studio.Core.csproj]
C:\Program Files\dotnet\sdk\10.0.201\Microsoft.Common.CurrentVersion.targets(2451,5): warning MSB3277:             C:\Users\ultra\warewolf\Dev\Warewolf.Auditing\bin\Debug\net8.0\Warewolf.Auditing.dll [C:\Users\ultra\warewolf\Dev\Warewolf.Studio.Core\Warewolf.Studio.Core.csproj]
C:\Program Files\dotnet\sdk\10.0.201\Microsoft.Common.CurrentVersion.targets(2451,5): warning MSB3277:             C:\Users\ultra\warewolf\Dev\Warewolf.Common.NetStandard20\bin\Debug\net8.0\Warewolf.Common.NetStandard20.dll [C:\Users\ultra\warewolf\Dev\Warewolf.Studio.Core\Warewolf.Studio.Core.csproj]
C:\Program Files\dotnet\sdk\10.0.201\Microsoft.Common.CurrentVersion.targets(2451,5): warning MSB3277:             C:\Users\ultra\warewolf\Dev\Warewolf.Core\bin\Debug\net8.0\Warewolf.Core.dll [C:\Users\ultra\warewolf\Dev\Warewolf.Studio.Core\Warewolf.Studio.Core.csproj]
C:\Program Files\dotnet\sdk\10.0.201\Microsoft.Common.CurrentVersion.targets(2451,5): warning MSB3277:             C:\Users\ultra\warewolf\Dev\Warewolf.ResourceManagement\bin\Debug\net8.0\Warewolf.ResourceManagement.dll [C:\Users\ultra\warewolf\Dev\Warewolf.Studio.Core\Warewolf.Studio.Core.csproj]
C:\Program Files\dotnet\sdk\10.0.201\Microsoft.Common.CurrentVersion.targets(2451,5): warning MSB3277:         C:\Users\ultra\warewolf\Dev\Binaries\Infragistcs_Net6\InfragisticsWPF4.DockManager.v15.1.dll [C:\Users\ultra\warewolf\Dev\Warewolf.Studio.Core\Warewolf.Studio.Core.csproj]
C:\Program Files\dotnet\sdk\10.0.201\Microsoft.Common.CurrentVersion.targets(2451,5): warning MSB3277:           Project file item includes which caused reference "C:\Users\ultra\warewolf\Dev\Binaries\Infragistcs_Net6\InfragisticsWPF4.DockManager.v15.1.dll". [C:\Users\ultra\warewolf\Dev\Warewolf.Studio.Core\Warewolf.Studio.Core.csproj]
C:\Program Files\dotnet\sdk\10.0.201\Microsoft.Common.CurrentVersion.targets(2451,5): warning MSB3277:             InfragisticsWPF4.DockManager.v15.1, Version=15.1.20151.2055, Culture=neutral, PublicKeyToken=7dd5c3163f2cd0cb, processorArchitecture=MSIL [C:\Users\ultra\warewolf\Dev\Warewolf.Studio.Core\Warewolf.Studio.Core.csproj]
C:\Program Files\dotnet\sdk\10.0.201\Microsoft.Common.CurrentVersion.targets(2451,5): warning MSB3277:         C:\Users\ultra\warewolf\Dev\Binaries\Infragistcs_Net6\InfragisticsWPF4.v15.1.dll [C:\Users\ultra\warewolf\Dev\Warewolf.Studio.Core\Warewolf.Studio.Core.csproj]
C:\Program Files\dotnet\sdk\10.0.201\Microsoft.Common.CurrentVersion.targets(2451,5): warning MSB3277:           Project file item includes which caused reference "C:\Users\ultra\warewolf\Dev\Binaries\Infragistcs_Net6\InfragisticsWPF4.v15.1.dll". [C:\Users\ultra\warewolf\Dev\Warewolf.Studio.Core\Warewolf.Studio.Core.csproj]
C:\Program Files\dotnet\sdk\10.0.201\Microsoft.Common.CurrentVersion.targets(2451,5): warning MSB3277:             InfragisticsWPF4.v15.1, Version=15.1.20151.2055, Culture=neutral, PublicKeyToken=7dd5c3163f2cd0cb, processorArchitecture=MSIL [C:\Users\ultra\warewolf\Dev\Warewolf.Studio.Core\Warewolf.Studio.Core.csproj]
C:\Program Files\dotnet\sdk\10.0.201\Microsoft.Common.CurrentVersion.targets(2451,5): warning MSB3277:             InfragisticsWPF4.Controls.Menus.XamDataTree.v15.1, Version=15.1.20151.2055, Culture=neutral, PublicKeyToken=7dd5c3163f2cd0cb, processorArchitecture=MSIL [C:\Users\ultra\warewolf\Dev\Warewolf.Studio.Core\Warewolf.Studio.Core.csproj]
C:\Program Files\dotnet\sdk\10.0.201\Microsoft.Common.CurrentVersion.targets(2451,5): warning MSB3277:             InfragisticsWPF4.DataManager.v15.1, Version=15.1.20151.2055, Culture=neutral, PublicKeyToken=7dd5c3163f2cd0cb, processorArchitecture=MSIL [C:\Users\ultra\warewolf\Dev\Warewolf.Studio.Core\Warewolf.Studio.Core.csproj]
C:\Program Files\dotnet\sdk\10.0.201\Microsoft.Common.CurrentVersion.targets(2451,5): warning MSB3277:             InfragisticsWPF4.DockManager.v15.1, Version=15.1.20151.2055, Culture=neutral, PublicKeyToken=7dd5c3163f2cd0cb, processorArchitecture=MSIL [C:\Users\ultra\warewolf\Dev\Warewolf.Studio.Core\Warewolf.Studio.Core.csproj]
C:\Program Files\dotnet\sdk\10.0.201\Microsoft.Common.CurrentVersion.targets(2451,5): warning MSB3277:         C:\Users\ultra\.nuget\packages\dotnetzip\1.16.0\lib\netstandard2.0\DotNetZip.dll [C:\Users\ultra\warewolf\Dev\Warewolf.Studio.Core\Warewolf.Studio.Core.csproj]
C:\Program Files\dotnet\sdk\10.0.201\Microsoft.Common.CurrentVersion.targets(2451,5): warning MSB3277:           Project file item includes which caused reference "C:\Users\ultra\.nuget\packages\dotnetzip\1.16.0\lib\netstandard2.0\DotNetZip.dll". [C:\Users\ultra\warewolf\Dev\Warewolf.Studio.Core\Warewolf.Studio.Core.csproj]
C:\Program Files\dotnet\sdk\10.0.201\Microsoft.Common.CurrentVersion.targets(2451,5): warning MSB3277:             C:\Users\ultra\.nuget\packages\dotnetzip\1.16.0\lib\netstandard2.0\DotNetZip.dll [C:\Users\ultra\warewolf\Dev\Warewolf.Studio.Core\Warewolf.Studio.Core.csproj]
C:\Program Files\dotnet\sdk\10.0.201\Microsoft.Common.CurrentVersion.targets(2451,5): warning MSB3277:             C:\Users\ultra\warewolf\Dev\Dev2.Common\bin\Debug\net8.0\Dev2.Common.dll [C:\Users\ultra\warewolf\Dev\Warewolf.Studio.Core\Warewolf.Studio.Core.csproj]
C:\Program Files\dotnet\sdk\10.0.201\Microsoft.Common.CurrentVersion.targets(2451,5): warning MSB3277:             C:\Users\ultra\warewolf\Dev\Dev2.Core\bin\Debug\net8.0\Dev2.Core.dll [C:\Users\ultra\warewolf\Dev\Warewolf.Studio.Core\Warewolf.Studio.Core.csproj]
C:\Program Files\dotnet\sdk\10.0.201\Microsoft.Common.CurrentVersion.targets(2451,5): warning MSB3277:             C:\Users\ultra\warewolf\Dev\Dev2.Infrastructure\bin\Debug\net8.0\Dev2.Infrastructure.dll [C:\Users\ultra\warewolf\Dev\Warewolf.Studio.Core\Warewolf.Studio.Core.csproj]
C:\Program Files\dotnet\sdk\10.0.201\Microsoft.Common.CurrentVersion.targets(2451,5): warning MSB3277:             C:\Users\ultra\warewolf\Dev\Dev2.Studio.Interfaces\bin\Debug\net8.0\Dev2.Studio.Interfaces.dll [C:\Users\ultra\warewolf\Dev\Warewolf.Studio.Core\Warewolf.Studio.Core.csproj]
C:\Program Files\dotnet\sdk\10.0.201\Microsoft.Common.CurrentVersion.targets(2451,5): warning MSB3277:             C:\Users\ultra\warewolf\Dev\Dev2.Data\bin\Debug\net8.0\Dev2.Data.dll [C:\Users\ultra\warewolf\Dev\Warewolf.Studio.Core\Warewolf.Studio.Core.csproj]
C:\Program Files\dotnet\sdk\10.0.201\Microsoft.Common.CurrentVersion.targets(2451,5): warning MSB3277:             C:\Users\ultra\warewolf\Dev\Dev2.Data.Interfaces\bin\Debug\net8.0\Dev2.Data.Interfaces.dll [C:\Users\ultra\warewolf\Dev\Warewolf.Studio.Core\Warewolf.Studio.Core.csproj]
C:\Program Files\dotnet\sdk\10.0.201\Microsoft.Common.CurrentVersion.targets(2451,5): warning MSB3277:             C:\Users\ultra\warewolf\Dev\Dev2.Diagnostics\bin\Debug\net8.0\Dev2.Diagnostics.dll [C:\Users\ultra\warewolf\Dev\Warewolf.Studio.Core\Warewolf.Studio.Core.csproj]
C:\Program Files\dotnet\sdk\10.0.201\Microsoft.Common.CurrentVersion.targets(2451,5): warning MSB3277:             C:\Users\ultra\warewolf\Dev\Dev2.Runtime.Services\bin\Debug\net8.0\Dev2.Runtime.Services.dll [C:\Users\ultra\warewolf\Dev\Warewolf.Studio.Core\Warewolf.Studio.Core.csproj]
C:\Program Files\dotnet\sdk\10.0.201\Microsoft.Common.CurrentVersion.targets(2451,5): warning MSB3277:             C:\Users\ultra\warewolf\Dev\Dev2.Scheduler\bin\Debug\net8.0\Dev2.Scheduler.dll [C:\Users\ultra\warewolf\Dev\Warewolf.Studio.Core\Warewolf.Studio.Core.csproj]
C:\Program Files\dotnet\sdk\10.0.201\Microsoft.Common.CurrentVersion.targets(2451,5): warning MSB3277:             C:\Users\ultra\warewolf\Dev\Dev2.Services.Sql\bin\Debug\net8.0\Dev2.Services.Sql.dll [C:\Users\ultra\warewolf\Dev\Warewolf.Studio.Core\Warewolf.Studio.Core.csproj]
C:\Program Files\dotnet\sdk\10.0.201\Microsoft.Common.CurrentVersion.targets(2451,5): warning MSB3277:             C:\Users\ultra\warewolf\Dev\Dev2.TaskScheduler.Wrappers\bin\Debug\net8.0\Dev2.TaskScheduler.Wrappers.dll [C:\Users\ultra\warewolf\Dev\Warewolf.Studio.Core\Warewolf.Studio.Core.csproj]
C:\Program Files\dotnet\sdk\10.0.201\Microsoft.Common.CurrentVersion.targets(2451,5): warning MSB3277:             C:\Users\ultra\warewolf\Dev\Dev2.Util\bin\Debug\net8.0\Dev2.Util.dll [C:\Users\ultra\warewolf\Dev\Warewolf.Studio.Core\Warewolf.Studio.Core.csproj]
C:\Program Files\dotnet\sdk\10.0.201\Microsoft.Common.CurrentVersion.targets(2451,5): warning MSB3277:             C:\Users\ultra\warewolf\Dev\Warewolf.AI.Harness\bin\Debug\net8.0\Warewolf.AI.Harness.dll [C:\Users\ultra\warewolf\Dev\Warewolf.Studio.Core\Warewolf.Studio.Core.csproj]
C:\Program Files\dotnet\sdk\10.0.201\Microsoft.Common.CurrentVersion.targets(2451,5): warning MSB3277:             C:\Users\ultra\warewolf\Dev\Warewolf.Auditing\bin\Debug\net8.0\Warewolf.Auditing.dll [C:\Users\ultra\warewolf\Dev\Warewolf.Studio.Core\Warewolf.Studio.Core.csproj]
C:\Program Files\dotnet\sdk\10.0.201\Microsoft.Common.CurrentVersion.targets(2451,5): warning MSB3277:             C:\Users\ultra\warewolf\Dev\Warewolf.Common.NetStandard20\bin\Debug\net8.0\Warewolf.Common.NetStandard20.dll [C:\Users\ultra\warewolf\Dev\Warewolf.Studio.Core\Warewolf.Studio.Core.csproj]
C:\Program Files\dotnet\sdk\10.0.201\Microsoft.Common.CurrentVersion.targets(2451,5): warning MSB3277:             C:\Users\ultra\warewolf\Dev\Warewolf.Core\bin\Debug\net8.0\Warewolf.Core.dll [C:\Users\ultra\warewolf\Dev\Warewolf.Studio.Core\Warewolf.Studio.Core.csproj]
C:\Program Files\dotnet\sdk\10.0.201\Microsoft.Common.CurrentVersion.targets(2451,5): warning MSB3277:             C:\Users\ultra\warewolf\Dev\Warewolf.Driver.Serilog\bin\Debug\net8.0\Warewolf.Driver.Serilog.dll [C:\Users\ultra\warewolf\Dev\Warewolf.Studio.Core\Warewolf.Studio.Core.csproj]
C:\Program Files\dotnet\sdk\10.0.201\Microsoft.Common.CurrentVersion.targets(2451,5): warning MSB3277:             C:\Users\ultra\warewolf\Dev\Warewolf.ResourceManagement\bin\Debug\net8.0\Warewolf.ResourceManagement.dll [C:\Users\ultra\warewolf\Dev\Warewolf.Studio.Core\Warewolf.Studio.Core.csproj]
C:\Program Files\dotnet\sdk\10.0.201\Microsoft.Common.CurrentVersion.targets(2451,5): warning MSB3277:             C:\Users\ultra\warewolf\Dev\Warewolf.Sharepoint\bin\Debug\net8.0\Warewolf.Sharepoint.dll [C:\Users\ultra\warewolf\Dev\Warewolf.Studio.Core\Warewolf.Studio.Core.csproj]
C:\Program Files\dotnet\sdk\10.0.201\Microsoft.Common.CurrentVersion.targets(2451,5): warning MSB3277:             C:\Users\ultra\warewolf\Dev\Warewolf.Storage\bin\Debug\net8.0\Warewolf.Storage.dll [C:\Users\ultra\warewolf\Dev\Warewolf.Studio.Core\Warewolf.Studio.Core.csproj]
C:\Program Files\dotnet\sdk\10.0.201\Microsoft.Common.CurrentVersion.targets(2451,5): warning MSB3277:         C:\Users\ultra\.nuget\packages\mindbox.data.linq\5.0.0\lib\netstandard2.0\Mindbox.Data.Linq.dll [C:\Users\ultra\warewolf\Dev\Warewolf.Studio.Core\Warewolf.Studio.Core.csproj]
C:\Program Files\dotnet\sdk\10.0.201\Microsoft.Common.CurrentVersion.targets(2451,5): warning MSB3277:           Project file item includes which caused reference "C:\Users\ultra\.nuget\packages\mindbox.data.linq\5.0.0\lib\netstandard2.0\Mindbox.Data.Linq.dll". [C:\Users\ultra\warewolf\Dev\Warewolf.Studio.Core\Warewolf.Studio.Core.csproj]
C:\Program Files\dotnet\sdk\10.0.201\Microsoft.Common.CurrentVersion.targets(2451,5): warning MSB3277:             C:\Users\ultra\.nuget\packages\mindbox.data.linq\5.0.0\lib\netstandard2.0\Mindbox.Data.Linq.dll [C:\Users\ultra\warewolf\Dev\Warewolf.Studio.Core\Warewolf.Studio.Core.csproj]
C:\Program Files\dotnet\sdk\10.0.201\Microsoft.Common.CurrentVersion.targets(2451,5): warning MSB3277:             C:\Users\ultra\warewolf\Dev\Warewolf.Auditing\bin\Debug\net8.0\Warewolf.Auditing.dll [C:\Users\ultra\warewolf\Dev\Warewolf.Studio.Core\Warewolf.Studio.Core.csproj]
C:\Program Files\dotnet\sdk\10.0.201\Microsoft.Common.CurrentVersion.targets(2451,5): warning MSB3277:             C:\Users\ultra\warewolf\Dev\Dev2.Runtime.Services\bin\Debug\net8.0\Dev2.Runtime.Services.dll [C:\Users\ultra\warewolf\Dev\Warewolf.Studio.Core\Warewolf.Studio.Core.csproj]
C:\Program Files\dotnet\sdk\10.0.201\Microsoft.Common.CurrentVersion.targets(2451,5): warning MSB3277:             C:\Users\ultra\warewolf\Dev\Dev2.Studio.Interfaces\bin\Debug\net8.0\Dev2.Studio.Interfaces.dll [C:\Users\ultra\warewolf\Dev\Warewolf.Studio.Core\Warewolf.Studio.Core.csproj]
C:\Program Files\dotnet\sdk\10.0.201\Microsoft.Common.CurrentVersion.targets(2451,5): warning MSB3277:             C:\Users\ultra\warewolf\Dev\Warewolf.Common.NetStandard20\bin\Debug\net8.0\Warewolf.Common.NetStandard20.dll [C:\Users\ultra\warewolf\Dev\Warewolf.Studio.Core\Warewolf.Studio.Core.csproj]
C:\Program Files\dotnet\sdk\10.0.201\Microsoft.Common.CurrentVersion.targets(2451,5): warning MSB3277:         C:\Users\ultra\.nuget\packages\mysql.data\8.4.0\lib\net8.0\MySql.Data.dll [C:\Users\ultra\warewolf\Dev\Warewolf.Studio.Core\Warewolf.Studio.Core.csproj]
C:\Program Files\dotnet\sdk\10.0.201\Microsoft.Common.CurrentVersion.targets(2451,5): warning MSB3277:           Project file item includes which caused reference "C:\Users\ultra\.nuget\packages\mysql.data\8.4.0\lib\net8.0\MySql.Data.dll". [C:\Users\ultra\warewolf\Dev\Warewolf.Studio.Core\Warewolf.Studio.Core.csproj]
C:\Program Files\dotnet\sdk\10.0.201\Microsoft.Common.CurrentVersion.targets(2451,5): warning MSB3277:             C:\Users\ultra\.nuget\packages\mysql.data\8.4.0\lib\net8.0\MySql.Data.dll [C:\Users\ultra\warewolf\Dev\Warewolf.Studio.Core\Warewolf.Studio.Core.csproj]
C:\Program Files\dotnet\sdk\10.0.201\Microsoft.Common.CurrentVersion.targets(2451,5): warning MSB3277:             C:\Users\ultra\warewolf\Dev\Dev2.Runtime.Services\bin\Debug\net8.0\Dev2.Runtime.Services.dll [C:\Users\ultra\warewolf\Dev\Warewolf.Studio.Core\Warewolf.Studio.Core.csproj]
C:\Program Files\dotnet\sdk\10.0.201\Microsoft.Common.CurrentVersion.targets(2451,5): warning MSB3277:             C:\Users\ultra\warewolf\Dev\Dev2.Studio.Interfaces\bin\Debug\net8.0\Dev2.Studio.Interfaces.dll [C:\Users\ultra\warewolf\Dev\Warewolf.Studio.Core\Warewolf.Studio.Core.csproj]
C:\Program Files\dotnet\sdk\10.0.201\Microsoft.Common.CurrentVersion.targets(2451,5): warning MSB3277:             C:\Users\ultra\warewolf\Dev\Dev2.Services.Sql\bin\Debug\net8.0\Dev2.Services.Sql.dll [C:\Users\ultra\warewolf\Dev\Warewolf.Studio.Core\Warewolf.Studio.Core.csproj]
C:\Program Files\dotnet\sdk\10.0.201\Microsoft.Common.CurrentVersion.targets(2451,5): warning MSB3277:         C:\Users\ultra\.nuget\packages\oracle.manageddataaccess.core\3.21.70\lib\netstandard2.1\Oracle.ManagedDataAccess.dll [C:\Users\ultra\warewolf\Dev\Warewolf.Studio.Core\Warewolf.Studio.Core.csproj]
C:\Program Files\dotnet\sdk\10.0.201\Microsoft.Common.CurrentVersion.targets(2451,5): warning MSB3277:           Project file item includes which caused reference "C:\Users\ultra\.nuget\packages\oracle.manageddataaccess.core\3.21.70\lib\netstandard2.1\Oracle.ManagedDataAccess.dll". [C:\Users\ultra\warewolf\Dev\Warewolf.Studio.Core\Warewolf.Studio.Core.csproj]
C:\Program Files\dotnet\sdk\10.0.201\Microsoft.Common.CurrentVersion.targets(2451,5): warning MSB3277:             C:\Users\ultra\.nuget\packages\oracle.manageddataaccess.core\3.21.70\lib\netstandard2.1\Oracle.ManagedDataAccess.dll [C:\Users\ultra\warewolf\Dev\Warewolf.Studio.Core\Warewolf.Studio.Core.csproj]
C:\Program Files\dotnet\sdk\10.0.201\Microsoft.Common.CurrentVersion.targets(2451,5): warning MSB3277:             C:\Users\ultra\warewolf\Dev\Dev2.Runtime.Services\bin\Debug\net8.0\Dev2.Runtime.Services.dll [C:\Users\ultra\warewolf\Dev\Warewolf.Studio.Core\Warewolf.Studio.Core.csproj]
C:\Program Files\dotnet\sdk\10.0.201\Microsoft.Common.CurrentVersion.targets(2451,5): warning MSB3277:             C:\Users\ultra\warewolf\Dev\Dev2.Studio.Interfaces\bin\Debug\net8.0\Dev2.Studio.Interfaces.dll [C:\Users\ultra\warewolf\Dev\Warewolf.Studio.Core\Warewolf.Studio.Core.csproj]
C:\Program Files\dotnet\sdk\10.0.201\Microsoft.Common.CurrentVersion.targets(2451,5): warning MSB3277:             C:\Users\ultra\warewolf\Dev\Dev2.Services.Sql\bin\Debug\net8.0\Dev2.Services.Sql.dll [C:\Users\ultra\warewolf\Dev\Warewolf.Studio.Core\Warewolf.Studio.Core.csproj]
C:\Program Files\dotnet\sdk\10.0.201\Microsoft.Common.CurrentVersion.targets(2451,5): warning MSB3277:         C:\Users\ultra\.nuget\packages\system.directoryservices\6.0.0\lib\net6.0\System.DirectoryServices.dll [C:\Users\ultra\warewolf\Dev\Warewolf.Studio.Core\Warewolf.Studio.Core.csproj]
C:\Program Files\dotnet\sdk\10.0.201\Microsoft.Common.CurrentVersion.targets(2451,5): warning MSB3277:           Project file item includes which caused reference "C:\Users\ultra\.nuget\packages\system.directoryservices\6.0.0\lib\net6.0\System.DirectoryServices.dll". [C:\Users\ultra\warewolf\Dev\Warewolf.Studio.Core\Warewolf.Studio.Core.csproj]
C:\Program Files\dotnet\sdk\10.0.201\Microsoft.Common.CurrentVersion.targets(2451,5): warning MSB3277:             C:\Users\ultra\.nuget\packages\system.directoryservices\6.0.0\lib\net6.0\System.DirectoryServices.dll [C:\Users\ultra\warewolf\Dev\Warewolf.Studio.Core\Warewolf.Studio.Core.csproj]
C:\Program Files\dotnet\sdk\10.0.201\Microsoft.Common.CurrentVersion.targets(2451,5): warning MSB3277:             C:\Users\ultra\.nuget\packages\corewcf.primitives\1.2.1\lib\netstandard2.0\CoreWCF.Primitives.dll [C:\Users\ultra\warewolf\Dev\Warewolf.Studio.Core\Warewolf.Studio.Core.csproj]
C:\Program Files\dotnet\sdk\10.0.201\Microsoft.Common.CurrentVersion.targets(2451,5): warning MSB3277:             C:\Users\ultra\warewolf\Dev\Dev2.Runtime.Services\bin\Debug\net8.0\Dev2.Runtime.Services.dll [C:\Users\ultra\warewolf\Dev\Warewolf.Studio.Core\Warewolf.Studio.Core.csproj]
C:\Program Files\dotnet\sdk\10.0.201\Microsoft.Common.CurrentVersion.targets(2451,5): warning MSB3277:             C:\Users\ultra\warewolf\Dev\Dev2.Studio.Interfaces\bin\Debug\net8.0\Dev2.Studio.Interfaces.dll [C:\Users\ultra\warewolf\Dev\Warewolf.Studio.Core\Warewolf.Studio.Core.csproj]
C:\Program Files\dotnet\sdk\10.0.201\Microsoft.Common.CurrentVersion.targets(2451,5): warning MSB3277:             C:\Users\ultra\.nuget\packages\corewcf.http\1.2.1\lib\netstandard2.0\CoreWCF.Http.dll [C:\Users\ultra\warewolf\Dev\Warewolf.Studio.Core\Warewolf.Studio.Core.csproj]
C:\Program Files\dotnet\sdk\10.0.201\Microsoft.Common.CurrentVersion.targets(2451,5): warning MSB3277:             C:\Users\ultra\.nuget\packages\corewcf.nettcp\1.2.1\lib\netstandard2.0\CoreWCF.NetTcp.dll [C:\Users\ultra\warewolf\Dev\Warewolf.Studio.Core\Warewolf.Studio.Core.csproj]
C:\Program Files\dotnet\sdk\10.0.201\Microsoft.Common.CurrentVersion.targets(2451,5): warning MSB3277:             C:\Users\ultra\.nuget\packages\corewcf.webhttp\1.2.1\lib\netstandard2.0\CoreWCF.WebHttp.dll [C:\Users\ultra\warewolf\Dev\Warewolf.Studio.Core\Warewolf.Studio.Core.csproj]
C:\Program Files\dotnet\sdk\10.0.201\Microsoft.Common.CurrentVersion.targets(2451,5): warning MSB3277:         C:\Program Files\dotnet\packs\Microsoft.NETCore.App.Ref\8.0.25\ref\net8.0\System.Configuration.dll [C:\Users\ultra\warewolf\Dev\Warewolf.Studio.Core\Warewolf.Studio.Core.csproj]
C:\Program Files\dotnet\sdk\10.0.201\Microsoft.Common.CurrentVersion.targets(2451,5): warning MSB3277:           Project file item includes which caused reference "C:\Program Files\dotnet\packs\Microsoft.NETCore.App.Ref\8.0.25\ref\net8.0\System.Configuration.dll". [C:\Users\ultra\warewolf\Dev\Warewolf.Studio.Core\Warewolf.Studio.Core.csproj]
C:\Program Files\dotnet\sdk\10.0.201\Microsoft.Common.CurrentVersion.targets(2451,5): warning MSB3277:             C:\Program Files\dotnet\packs\Microsoft.NETCore.App.Ref\8.0.25\ref/net8.0/System.Configuration.dll [C:\Users\ultra\warewolf\Dev\Warewolf.Studio.Core\Warewolf.Studio.Core.csproj]
C:\Program Files\dotnet\sdk\10.0.201\Microsoft.Common.CurrentVersion.targets(2451,5): warning MSB3277:             C:\Users\ultra\.nuget\packages\prism.wpf\9.0.537\lib\net462\Prism.Wpf.dll [C:\Users\ultra\warewolf\Dev\Warewolf.Studio.Core\Warewolf.Studio.Core.csproj]
C:\Program Files\dotnet\sdk\10.0.201\Microsoft.Common.CurrentVersion.targets(2451,5): warning MSB3277:         C:\Program Files\dotnet\packs\Microsoft.NETCore.App.Ref\8.0.25\ref\net8.0\System.Data.dll [C:\Users\ultra\warewolf\Dev\Warewolf.Studio.Core\Warewolf.Studio.Core.csproj]
C:\Program Files\dotnet\sdk\10.0.201\Microsoft.Common.CurrentVersion.targets(2451,5): warning MSB3277:           Project file item includes which caused reference "C:\Program Files\dotnet\packs\Microsoft.NETCore.App.Ref\8.0.25\ref\net8.0\System.Data.dll". [C:\Users\ultra\warewolf\Dev\Warewolf.Studio.Core\Warewolf.Studio.Core.csproj]
C:\Program Files\dotnet\sdk\10.0.201\Microsoft.Common.CurrentVersion.targets(2451,5): warning MSB3277:             C:\Program Files\dotnet\packs\Microsoft.NETCore.App.Ref\8.0.25\ref/net8.0/System.Data.dll [C:\Users\ultra\warewolf\Dev\Warewolf.Studio.Core\Warewolf.Studio.Core.csproj]
C:\Program Files\dotnet\sdk\10.0.201\Microsoft.Common.CurrentVersion.targets(2451,5): warning MSB3277:             C:\Users\ultra\.nuget\packages\taskschedulereditor\2.10.1\lib\net452\Microsoft.Win32.TaskSchedulerEditor.dll [C:\Users\ultra\warewolf\Dev\Warewolf.Studio.Core\Warewolf.Studio.Core.csproj]
C:\Program Files\dotnet\sdk\10.0.201\Microsoft.Common.CurrentVersion.targets(2451,5): warning MSB3277:         C:\Program Files\dotnet\packs\Microsoft.NETCore.App.Ref\8.0.25\ref\net8.0\System.Drawing.dll [C:\Users\ultra\warewolf\Dev\Warewolf.Studio.Core\Warewolf.Studio.Core.csproj]
C:\Program Files\dotnet\sdk\10.0.201\Microsoft.Common.CurrentVersion.targets(2451,5): warning MSB3277:           Project file item includes which caused reference "C:\Program Files\dotnet\packs\Microsoft.NETCore.App.Ref\8.0.25\ref\net8.0\System.Drawing.dll". [C:\Users\ultra\warewolf\Dev\Warewolf.Studio.Core\Warewolf.Studio.Core.csproj]
C:\Program Files\dotnet\sdk\10.0.201\Microsoft.Common.CurrentVersion.targets(2451,5): warning MSB3277:             C:\Program Files\dotnet\packs\Microsoft.NETCore.App.Ref\8.0.25\ref/net8.0/System.Drawing.dll [C:\Users\ultra\warewolf\Dev\Warewolf.Studio.Core\Warewolf.Studio.Core.csproj]
C:\Program Files\dotnet\sdk\10.0.201\Microsoft.Common.CurrentVersion.targets(2451,5): warning MSB3277:             C:\Users\ultra\.nuget\packages\aerowizard\2.3.1\lib\net45\AeroWizard.dll [C:\Users\ultra\warewolf\Dev\Warewolf.Studio.Core\Warewolf.Studio.Core.csproj]
C:\Program Files\dotnet\sdk\10.0.201\Microsoft.Common.CurrentVersion.targets(2451,5): warning MSB3277:             C:\Users\ultra\.nuget\packages\groupcontrols\1.9.0\lib\net45\GroupControls.dll [C:\Users\ultra\warewolf\Dev\Warewolf.Studio.Core\Warewolf.Studio.Core.csproj]
C:\Program Files\dotnet\sdk\10.0.201\Microsoft.Common.CurrentVersion.targets(2451,5): warning MSB3277:             C:\Users\ultra\.nuget\packages\taskschedulereditor\2.10.1\lib\net452\Microsoft.Win32.TaskSchedulerEditor.dll [C:\Users\ultra\warewolf\Dev\Warewolf.Studio.Core\Warewolf.Studio.Core.csproj]
C:\Program Files\dotnet\sdk\10.0.201\Microsoft.Common.CurrentVersion.targets(2451,5): warning MSB3277:         C:\Program Files\dotnet\packs\Microsoft.NETCore.App.Ref\8.0.25\ref\net8.0\System.Net.dll [C:\Users\ultra\warewolf\Dev\Warewolf.Studio.Core\Warewolf.Studio.Core.csproj]
C:\Program Files\dotnet\sdk\10.0.201\Microsoft.Common.CurrentVersion.targets(2451,5): warning MSB3277:           Project file item includes which caused reference "C:\Program Files\dotnet\packs\Microsoft.NETCore.App.Ref\8.0.25\ref\net8.0\System.Net.dll". [C:\Users\ultra\warewolf\Dev\Warewolf.Studio.Core\Warewolf.Studio.Core.csproj]
C:\Program Files\dotnet\sdk\10.0.201\Microsoft.Common.CurrentVersion.targets(2451,5): warning MSB3277:             C:\Program Files\dotnet\packs\Microsoft.NETCore.App.Ref\8.0.25\ref/net8.0/System.Net.dll [C:\Users\ultra\warewolf\Dev\Warewolf.Studio.Core\Warewolf.Studio.Core.csproj]
C:\Program Files\dotnet\sdk\10.0.201\Microsoft.Common.CurrentVersion.targets(2451,5): warning MSB3277:         C:\Program Files\dotnet\packs\Microsoft.NETCore.App.Ref\8.0.25\ref\net8.0\System.Security.dll [C:\Users\ultra\warewolf\Dev\Warewolf.Studio.Core\Warewolf.Studio.Core.csproj]
C:\Program Files\dotnet\sdk\10.0.201\Microsoft.Common.CurrentVersion.targets(2451,5): warning MSB3277:           Project file item includes which caused reference "C:\Program Files\dotnet\packs\Microsoft.NETCore.App.Ref\8.0.25\ref\net8.0\System.Security.dll". [C:\Users\ultra\warewolf\Dev\Warewolf.Studio.Core\Warewolf.Studio.Core.csproj]
C:\Program Files\dotnet\sdk\10.0.201\Microsoft.Common.CurrentVersion.targets(2451,5): warning MSB3277:             C:\Program Files\dotnet\packs\Microsoft.NETCore.App.Ref\8.0.25\ref/net8.0/System.Security.dll [C:\Users\ultra\warewolf\Dev\Warewolf.Studio.Core\Warewolf.Studio.Core.csproj]
C:\Program Files\dotnet\sdk\10.0.201\Microsoft.Common.CurrentVersion.targets(2451,5): warning MSB3277:         C:\Program Files\dotnet\packs\Microsoft.NETCore.App.Ref\8.0.25\ref\net8.0\System.ServiceProcess.dll [C:\Users\ultra\warewolf\Dev\Warewolf.Studio.Core\Warewolf.Studio.Core.csproj]
C:\Program Files\dotnet\sdk\10.0.201\Microsoft.Common.CurrentVersion.targets(2451,5): warning MSB3277:           Project file item includes which caused reference "C:\Program Files\dotnet\packs\Microsoft.NETCore.App.Ref\8.0.25\ref\net8.0\System.ServiceProcess.dll". [C:\Users\ultra\warewolf\Dev\Warewolf.Studio.Core\Warewolf.Studio.Core.csproj]
C:\Program Files\dotnet\sdk\10.0.201\Microsoft.Common.CurrentVersion.targets(2451,5): warning MSB3277:             C:\Program Files\dotnet\packs\Microsoft.NETCore.App.Ref\8.0.25\ref/net8.0/System.ServiceProcess.dll [C:\Users\ultra\warewolf\Dev\Warewolf.Studio.Core\Warewolf.Studio.Core.csproj]
C:\Program Files\dotnet\sdk\10.0.201\Microsoft.Common.CurrentVersion.targets(2451,5): warning MSB3277:         C:\Program Files\dotnet\packs\Microsoft.NETCore.App.Ref\8.0.25\ref\net8.0\System.Transactions.dll [C:\Users\ultra\warewolf\Dev\Warewolf.Studio.Core\Warewolf.Studio.Core.csproj]
C:\Program Files\dotnet\sdk\10.0.201\Microsoft.Common.CurrentVersion.targets(2451,5): warning MSB3277:           Project file item includes which caused reference "C:\Program Files\dotnet\packs\Microsoft.NETCore.App.Ref\8.0.25\ref\net8.0\System.Transactions.dll". [C:\Users\ultra\warewolf\Dev\Warewolf.Studio.Core\Warewolf.Studio.Core.csproj]
C:\Program Files\dotnet\sdk\10.0.201\Microsoft.Common.CurrentVersion.targets(2451,5): warning MSB3277:             C:\Program Files\dotnet\packs\Microsoft.NETCore.App.Ref\8.0.25\ref/net8.0/System.Transactions.dll [C:\Users\ultra\warewolf\Dev\Warewolf.Studio.Core\Warewolf.Studio.Core.csproj]
C:\Program Files\dotnet\sdk\10.0.201\Microsoft.Common.CurrentVersion.targets(2451,5): warning MSB3277:         C:\Program Files\dotnet\packs\Microsoft.NETCore.App.Ref\8.0.25\ref\net8.0\System.dll [C:\Users\ultra\warewolf\Dev\Warewolf.Studio.Core\Warewolf.Studio.Core.csproj]
C:\Program Files\dotnet\sdk\10.0.201\Microsoft.Common.CurrentVersion.targets(2451,5): warning MSB3277:           Project file item includes which caused reference "C:\Program Files\dotnet\packs\Microsoft.NETCore.App.Ref\8.0.25\ref\net8.0\System.dll". [C:\Users\ultra\warewolf\Dev\Warewolf.Studio.Core\Warewolf.Studio.Core.csproj]
C:\Program Files\dotnet\sdk\10.0.201\Microsoft.Common.CurrentVersion.targets(2451,5): warning MSB3277:             C:\Program Files\dotnet\packs\Microsoft.NETCore.App.Ref\8.0.25\ref/net8.0/System.dll [C:\Users\ultra\warewolf\Dev\Warewolf.Studio.Core\Warewolf.Studio.Core.csproj]
C:\Program Files\dotnet\sdk\10.0.201\Microsoft.Common.CurrentVersion.targets(2451,5): warning MSB3277:             C:\Users\ultra\.nuget\packages\aerowizard\2.3.1\lib\net45\AeroWizard.dll [C:\Users\ultra\warewolf\Dev\Warewolf.Studio.Core\Warewolf.Studio.Core.csproj]
C:\Program Files\dotnet\sdk\10.0.201\Microsoft.Common.CurrentVersion.targets(2451,5): warning MSB3277:             C:\Users\ultra\.nuget\packages\groupcontrols\1.9.0\lib\net45\GroupControls.dll [C:\Users\ultra\warewolf\Dev\Warewolf.Studio.Core\Warewolf.Studio.Core.csproj]
C:\Program Files\dotnet\sdk\10.0.201\Microsoft.Common.CurrentVersion.targets(2451,5): warning MSB3277:             C:\Users\ultra\.nuget\packages\microsoft.xaml.behaviors.wpf\1.1.122\lib\net462\Microsoft.Xaml.Behaviors.dll [C:\Users\ultra\warewolf\Dev\Warewolf.Studio.Core\Warewolf.Studio.Core.csproj]
C:\Program Files\dotnet\sdk\10.0.201\Microsoft.Common.CurrentVersion.targets(2451,5): warning MSB3277:             C:\Users\ultra\.nuget\packages\caliburn.micro\4.0.212\lib\netcoreapp3.1\Caliburn.Micro.Platform.dll [C:\Users\ultra\warewolf\Dev\Warewolf.Studio.Core\Warewolf.Studio.Core.csproj]
C:\Program Files\dotnet\sdk\10.0.201\Microsoft.Common.CurrentVersion.targets(2451,5): warning MSB3277:             C:\Users\ultra\.nuget\packages\prism.wpf\9.0.537\lib\net462\Prism.Wpf.dll [C:\Users\ultra\warewolf\Dev\Warewolf.Studio.Core\Warewolf.Studio.Core.csproj]
C:\Program Files\dotnet\sdk\10.0.201\Microsoft.Common.CurrentVersion.targets(2451,5): warning MSB3277:             C:\Users\ultra\.nuget\packages\reactiveui.wpf\18.4.1\lib\net462\ReactiveUI.Wpf.dll [C:\Users\ultra\warewolf\Dev\Warewolf.Studio.Core\Warewolf.Studio.Core.csproj]
C:\Program Files\dotnet\sdk\10.0.201\Microsoft.Common.CurrentVersion.targets(2451,5): warning MSB3277:             C:\Users\ultra\.nuget\packages\taskschedulereditor\2.10.1\lib\net452\Microsoft.Win32.TaskSchedulerEditor.dll [C:\Users\ultra\warewolf\Dev\Warewolf.Studio.Core\Warewolf.Studio.Core.csproj]
C:\Program Files\dotnet\sdk\10.0.201\Microsoft.Common.CurrentVersion.targets(2451,5): warning MSB3277:             C:\Users\ultra\.nuget\packages\ttcue.netcore.sharepointonline.csom.16.1.8029.1200\16.1.8029.1200\lib\netcoreapp2.0\Microsoft.SharePoint.Client.Runtime.Windows.dll [C:\Users\ultra\warewolf\Dev\Warewolf.Studio.Core\Warewolf.Studio.Core.csproj]
C:\Program Files\dotnet\sdk\10.0.201\Microsoft.Common.CurrentVersion.targets(2451,5): warning MSB3277:         C:\Program Files\dotnet\packs\Microsoft.NETCore.App.Ref\8.0.25\ref\net8.0\WindowsBase.dll [C:\Users\ultra\warewolf\Dev\Warewolf.Studio.Core\Warewolf.Studio.Core.csproj]
C:\Program Files\dotnet\sdk\10.0.201\Microsoft.Common.CurrentVersion.targets(2451,5): warning MSB3277:           Project file item includes which caused reference "C:\Program Files\dotnet\packs\Microsoft.NETCore.App.Ref\8.0.25\ref\net8.0\WindowsBase.dll". [C:\Users\ultra\warewolf\Dev\Warewolf.Studio.Core\Warewolf.Studio.Core.csproj]
C:\Program Files\dotnet\sdk\10.0.201\Microsoft.Common.CurrentVersion.targets(2451,5): warning MSB3277:             C:\Program Files\dotnet\packs\Microsoft.NETCore.App.Ref\8.0.25\ref/net8.0/WindowsBase.dll [C:\Users\ultra\warewolf\Dev\Warewolf.Studio.Core\Warewolf.Studio.Core.csproj]
C:\Program Files\dotnet\sdk\10.0.201\Microsoft.Common.CurrentVersion.targets(2451,5): warning MSB3277:         C:\Program Files\dotnet\packs\Microsoft.NETCore.App.Ref\8.0.25\ref\net8.0\mscorlib.dll [C:\Users\ultra\warewolf\Dev\Warewolf.Studio.Core\Warewolf.Studio.Core.csproj]
C:\Program Files\dotnet\sdk\10.0.201\Microsoft.Common.CurrentVersion.targets(2451,5): warning MSB3277:           Project file item includes which caused reference "C:\Program Files\dotnet\packs\Microsoft.NETCore.App.Ref\8.0.25\ref\net8.0\mscorlib.dll". [C:\Users\ultra\warewolf\Dev\Warewolf.Studio.Core\Warewolf.Studio.Core.csproj]
C:\Program Files\dotnet\sdk\10.0.201\Microsoft.Common.CurrentVersion.targets(2451,5): warning MSB3277:             C:\Program Files\dotnet\packs\Microsoft.NETCore.App.Ref\8.0.25\ref/net8.0/mscorlib.dll [C:\Users\ultra\warewolf\Dev\Warewolf.Studio.Core\Warewolf.Studio.Core.csproj]
C:\Program Files\dotnet\sdk\10.0.201\Microsoft.Common.CurrentVersion.targets(2451,5): warning MSB3277:             C:\Users\ultra\.nuget\packages\aerowizard\2.3.1\lib\net45\AeroWizard.dll [C:\Users\ultra\warewolf\Dev\Warewolf.Studio.Core\Warewolf.Studio.Core.csproj]
C:\Program Files\dotnet\sdk\10.0.201\Microsoft.Common.CurrentVersion.targets(2451,5): warning MSB3277:             C:\Users\ultra\.nuget\packages\groupcontrols\1.9.0\lib\net45\GroupControls.dll [C:\Users\ultra\warewolf\Dev\Warewolf.Studio.Core\Warewolf.Studio.Core.csproj]
C:\Program Files\dotnet\sdk\10.0.201\Microsoft.Common.CurrentVersion.targets(2451,5): warning MSB3277:             C:\Users\ultra\.nuget\packages\microsoft.xaml.behaviors.wpf\1.1.122\lib\net462\Microsoft.Xaml.Behaviors.dll [C:\Users\ultra\warewolf\Dev\Warewolf.Studio.Core\Warewolf.Studio.Core.csproj]
C:\Program Files\dotnet\sdk\10.0.201\Microsoft.Common.CurrentVersion.targets(2451,5): warning MSB3277:             C:\Users\ultra\.nuget\packages\caliburn.micro\4.0.212\lib\netcoreapp3.1\Caliburn.Micro.Platform.dll [C:\Users\ultra\warewolf\Dev\Warewolf.Studio.Core\Warewolf.Studio.Core.csproj]
C:\Program Files\dotnet\sdk\10.0.201\Microsoft.Common.CurrentVersion.targets(2451,5): warning MSB3277:             C:\Users\ultra\.nuget\packages\oracle.manageddataaccess.core\3.21.70\lib\netstandard2.1\Oracle.ManagedDataAccess.dll [C:\Users\ultra\warewolf\Dev\Warewolf.Studio.Core\Warewolf.Studio.Core.csproj]
C:\Program Files\dotnet\sdk\10.0.201\Microsoft.Common.CurrentVersion.targets(2451,5): warning MSB3277:             C:\Users\ultra\warewolf\Dev\Dev2.Runtime.Services\bin\Debug\net8.0\Dev2.Runtime.Services.dll [C:\Users\ultra\warewolf\Dev\Warewolf.Studio.Core\Warewolf.Studio.Core.csproj]
C:\Program Files\dotnet\sdk\10.0.201\Microsoft.Common.CurrentVersion.targets(2451,5): warning MSB3277:             C:\Users\ultra\warewolf\Dev\Dev2.Studio.Interfaces\bin\Debug\net8.0\Dev2.Studio.Interfaces.dll [C:\Users\ultra\warewolf\Dev\Warewolf.Studio.Core\Warewolf.Studio.Core.csproj]
C:\Program Files\dotnet\sdk\10.0.201\Microsoft.Common.CurrentVersion.targets(2451,5): warning MSB3277:             C:\Users\ultra\warewolf\Dev\Dev2.Services.Sql\bin\Debug\net8.0\Dev2.Services.Sql.dll [C:\Users\ultra\warewolf\Dev\Warewolf.Studio.Core\Warewolf.Studio.Core.csproj]
C:\Program Files\dotnet\sdk\10.0.201\Microsoft.Common.CurrentVersion.targets(2451,5): warning MSB3277:             C:\Users\ultra\.nuget\packages\prism.wpf\9.0.537\lib\net462\Prism.Wpf.dll [C:\Users\ultra\warewolf\Dev\Warewolf.Studio.Core\Warewolf.Studio.Core.csproj]
C:\Program Files\dotnet\sdk\10.0.201\Microsoft.Common.CurrentVersion.targets(2451,5): warning MSB3277:             C:\Users\ultra\.nuget\packages\reactiveui.wpf\18.4.1\lib\net462\ReactiveUI.Wpf.dll [C:\Users\ultra\warewolf\Dev\Warewolf.Studio.Core\Warewolf.Studio.Core.csproj]
C:\Program Files\dotnet\sdk\10.0.201\Microsoft.Common.CurrentVersion.targets(2451,5): warning MSB3277:             C:\Users\ultra\.nuget\packages\taskschedulereditor\2.10.1\lib\net452\Microsoft.Win32.TaskSchedulerEditor.dll [C:\Users\ultra\warewolf\Dev\Warewolf.Studio.Core\Warewolf.Studio.Core.csproj]
C:\Program Files\dotnet\sdk\10.0.201\Microsoft.Common.CurrentVersion.targets(2451,5): warning MSB3277:             C:\Users\ultra\.nuget\packages\ttcue.netcore.sharepointonline.csom.16.1.8029.1200\16.1.8029.1200\lib\netcoreapp2.0\Microsoft.SharePoint.Client.Runtime.Windows.dll [C:\Users\ultra\warewolf\Dev\Warewolf.Studio.Core\Warewolf.Studio.Core.csproj]
C:\Program Files\dotnet\sdk\10.0.201\Microsoft.Common.CurrentVersion.targets(2451,5): warning MSB3277: Found conflicts between different versions of "WindowsBase" that could not be resolved. [C:\Users\ultra\warewolf\Dev\Warewolf.Studio.Core\Warewolf.Studio.Core.csproj]
C:\Program Files\dotnet\sdk\10.0.201\Microsoft.Common.CurrentVersion.targets(2451,5): warning MSB3277: There was a conflict between "WindowsBase, Version=4.0.0.0, Culture=neutral, PublicKeyToken=31bf3856ad364e35" and "WindowsBase, Version=6.0.2.0, Culture=neutral, PublicKeyToken=31bf3856ad364e35". [C:\Users\ultra\warewolf\Dev\Warewolf.Studio.Core\Warewolf.Studio.Core.csproj]
C:\Program Files\dotnet\sdk\10.0.201\Microsoft.Common.CurrentVersion.targets(2451,5): warning MSB3277:     "WindowsBase, Version=4.0.0.0, Culture=neutral, PublicKeyToken=31bf3856ad364e35" was chosen because it was primary and "WindowsBase, Version=6.0.2.0, Culture=neutral, PublicKeyToken=31bf3856ad364e35" was not. [C:\Users\ultra\warewolf\Dev\Warewolf.Studio.Core\Warewolf.Studio.Core.csproj]
C:\Program Files\dotnet\sdk\10.0.201\Microsoft.Common.CurrentVersion.targets(2451,5): warning MSB3277:     References which depend on "WindowsBase, Version=4.0.0.0, Culture=neutral, PublicKeyToken=31bf3856ad364e35" [C:\Program Files\dotnet\packs\Microsoft.NETCore.App.Ref\8.0.25\ref\net8.0\WindowsBase.dll]. [C:\Users\ultra\warewolf\Dev\Warewolf.Studio.Core\Warewolf.Studio.Core.csproj]
C:\Program Files\dotnet\sdk\10.0.201\Microsoft.Common.CurrentVersion.targets(2451,5): warning MSB3277:         C:\Program Files\dotnet\packs\Microsoft.NETCore.App.Ref\8.0.25\ref\net8.0\WindowsBase.dll [C:\Users\ultra\warewolf\Dev\Warewolf.Studio.Core\Warewolf.Studio.Core.csproj]
C:\Program Files\dotnet\sdk\10.0.201\Microsoft.Common.CurrentVersion.targets(2451,5): warning MSB3277:           Project file item includes which caused reference "C:\Program Files\dotnet\packs\Microsoft.NETCore.App.Ref\8.0.25\ref\net8.0\WindowsBase.dll". [C:\Users\ultra\warewolf\Dev\Warewolf.Studio.Core\Warewolf.Studio.Core.csproj]
C:\Program Files\dotnet\sdk\10.0.201\Microsoft.Common.CurrentVersion.targets(2451,5): warning MSB3277:             C:\Program Files\dotnet\packs\Microsoft.NETCore.App.Ref\8.0.25\ref/net8.0/WindowsBase.dll [C:\Users\ultra\warewolf\Dev\Warewolf.Studio.Core\Warewolf.Studio.Core.csproj]
C:\Program Files\dotnet\sdk\10.0.201\Microsoft.Common.CurrentVersion.targets(2451,5): warning MSB3277:     References which depend on or have been unified to "WindowsBase, Version=6.0.2.0, Culture=neutral, PublicKeyToken=31bf3856ad364e35" []. [C:\Users\ultra\warewolf\Dev\Warewolf.Studio.Core\Warewolf.Studio.Core.csproj]
C:\Program Files\dotnet\sdk\10.0.201\Microsoft.Common.CurrentVersion.targets(2451,5): warning MSB3277:         C:\Users\ultra\warewolf\Dev\Binaries\Infragistcs_Net6\InfragisticsWPF4.Controls.Menus.XamDataTree.v15.1.dll [C:\Users\ultra\warewolf\Dev\Warewolf.Studio.Core\Warewolf.Studio.Core.csproj]
C:\Program Files\dotnet\sdk\10.0.201\Microsoft.Common.CurrentVersion.targets(2451,5): warning MSB3277:           Project file item includes which caused reference "C:\Users\ultra\warewolf\Dev\Binaries\Infragistcs_Net6\InfragisticsWPF4.Controls.Menus.XamDataTree.v15.1.dll". [C:\Users\ultra\warewolf\Dev\Warewolf.Studio.Core\Warewolf.Studio.Core.csproj]
C:\Program Files\dotnet\sdk\10.0.201\Microsoft.Common.CurrentVersion.targets(2451,5): warning MSB3277:             InfragisticsWPF4.Controls.Menus.XamDataTree.v15.1, Version=15.1.20151.2055, Culture=neutral, PublicKeyToken=7dd5c3163f2cd0cb, processorArchitecture=MSIL [C:\Users\ultra\warewolf\Dev\Warewolf.Studio.Core\Warewolf.Studio.Core.csproj]
C:\Program Files\dotnet\sdk\10.0.201\Microsoft.Common.CurrentVersion.targets(2451,5): warning MSB3277:         C:\Users\ultra\warewolf\Dev\Binaries\Infragistcs_Net6\InfragisticsWPF4.DataManager.v15.1.dll [C:\Users\ultra\warewolf\Dev\Warewolf.Studio.Core\Warewolf.Studio.Core.csproj]
C:\Program Files\dotnet\sdk\10.0.201\Microsoft.Common.CurrentVersion.targets(2451,5): warning MSB3277:           Project file item includes which caused reference "C:\Users\ultra\warewolf\Dev\Binaries\Infragistcs_Net6\InfragisticsWPF4.DataManager.v15.1.dll". [C:\Users\ultra\warewolf\Dev\Warewolf.Studio.Core\Warewolf.Studio.Core.csproj]
C:\Program Files\dotnet\sdk\10.0.201\Microsoft.Common.CurrentVersion.targets(2451,5): warning MSB3277:             InfragisticsWPF4.DataManager.v15.1, Version=15.1.20151.2055, Culture=neutral, PublicKeyToken=7dd5c3163f2cd0cb, processorArchitecture=MSIL [C:\Users\ultra\warewolf\Dev\Warewolf.Studio.Core\Warewolf.Studio.Core.csproj]
C:\Program Files\dotnet\sdk\10.0.201\Microsoft.Common.CurrentVersion.targets(2451,5): warning MSB3277:             InfragisticsWPF4.Controls.Menus.XamDataTree.v15.1, Version=15.1.20151.2055, Culture=neutral, PublicKeyToken=7dd5c3163f2cd0cb, processorArchitecture=MSIL [C:\Users\ultra\warewolf\Dev\Warewolf.Studio.Core\Warewolf.Studio.Core.csproj]
C:\Program Files\dotnet\sdk\10.0.201\Microsoft.Common.CurrentVersion.targets(2451,5): warning MSB3277:         C:\Users\ultra\warewolf\Dev\Binaries\Infragistcs_Net6\InfragisticsWPF4.DockManager.v15.1.dll [C:\Users\ultra\warewolf\Dev\Warewolf.Studio.Core\Warewolf.Studio.Core.csproj]
C:\Program Files\dotnet\sdk\10.0.201\Microsoft.Common.CurrentVersion.targets(2451,5): warning MSB3277:           Project file item includes which caused reference "C:\Users\ultra\warewolf\Dev\Binaries\Infragistcs_Net6\InfragisticsWPF4.DockManager.v15.1.dll". [C:\Users\ultra\warewolf\Dev\Warewolf.Studio.Core\Warewolf.Studio.Core.csproj]
C:\Program Files\dotnet\sdk\10.0.201\Microsoft.Common.CurrentVersion.targets(2451,5): warning MSB3277:             InfragisticsWPF4.DockManager.v15.1, Version=15.1.20151.2055, Culture=neutral, PublicKeyToken=7dd5c3163f2cd0cb, processorArchitecture=MSIL [C:\Users\ultra\warewolf\Dev\Warewolf.Studio.Core\Warewolf.Studio.Core.csproj]
C:\Program Files\dotnet\sdk\10.0.201\Microsoft.Common.CurrentVersion.targets(2451,5): warning MSB3277:         C:\Users\ultra\warewolf\Dev\Binaries\Infragistcs_Net6\InfragisticsWPF4.v15.1.dll [C:\Users\ultra\warewolf\Dev\Warewolf.Studio.Core\Warewolf.Studio.Core.csproj]
C:\Program Files\dotnet\sdk\10.0.201\Microsoft.Common.CurrentVersion.targets(2451,5): warning MSB3277:           Project file item includes which caused reference "C:\Users\ultra\warewolf\Dev\Binaries\Infragistcs_Net6\InfragisticsWPF4.v15.1.dll". [C:\Users\ultra\warewolf\Dev\Warewolf.Studio.Core\Warewolf.Studio.Core.csproj]
C:\Program Files\dotnet\sdk\10.0.201\Microsoft.Common.CurrentVersion.targets(2451,5): warning MSB3277:             InfragisticsWPF4.v15.1, Version=15.1.20151.2055, Culture=neutral, PublicKeyToken=7dd5c3163f2cd0cb, processorArchitecture=MSIL [C:\Users\ultra\warewolf\Dev\Warewolf.Studio.Core\Warewolf.Studio.Core.csproj]
C:\Program Files\dotnet\sdk\10.0.201\Microsoft.Common.CurrentVersion.targets(2451,5): warning MSB3277:             InfragisticsWPF4.Controls.Menus.XamDataTree.v15.1, Version=15.1.20151.2055, Culture=neutral, PublicKeyToken=7dd5c3163f2cd0cb, processorArchitecture=MSIL [C:\Users\ultra\warewolf\Dev\Warewolf.Studio.Core\Warewolf.Studio.Core.csproj]
C:\Program Files\dotnet\sdk\10.0.201\Microsoft.Common.CurrentVersion.targets(2451,5): warning MSB3277:             InfragisticsWPF4.DataManager.v15.1, Version=15.1.20151.2055, Culture=neutral, PublicKeyToken=7dd5c3163f2cd0cb, processorArchitecture=MSIL [C:\Users\ultra\warewolf\Dev\Warewolf.Studio.Core\Warewolf.Studio.Core.csproj]
C:\Program Files\dotnet\sdk\10.0.201\Microsoft.Common.CurrentVersion.targets(2451,5): warning MSB3277:             InfragisticsWPF4.DockManager.v15.1, Version=15.1.20151.2055, Culture=neutral, PublicKeyToken=7dd5c3163f2cd0cb, processorArchitecture=MSIL [C:\Users\ultra\warewolf\Dev\Warewolf.Studio.Core\Warewolf.Studio.Core.csproj]
C:\Program Files\dotnet\sdk\10.0.201\Microsoft.Common.CurrentVersion.targets(2451,5): warning MSB3277:         C:\Users\ultra\.nuget\packages\caliburn.micro\4.0.212\lib\netcoreapp3.1\Caliburn.Micro.Platform.dll [C:\Users\ultra\warewolf\Dev\Warewolf.Studio.Core\Warewolf.Studio.Core.csproj]
C:\Program Files\dotnet\sdk\10.0.201\Microsoft.Common.CurrentVersion.targets(2451,5): warning MSB3277:           Project file item includes which caused reference "C:\Users\ultra\.nuget\packages\caliburn.micro\4.0.212\lib\netcoreapp3.1\Caliburn.Micro.Platform.dll". [C:\Users\ultra\warewolf\Dev\Warewolf.Studio.Core\Warewolf.Studio.Core.csproj]
C:\Program Files\dotnet\sdk\10.0.201\Microsoft.Common.CurrentVersion.targets(2451,5): warning MSB3277:             C:\Users\ultra\.nuget\packages\caliburn.micro\4.0.212\lib\netcoreapp3.1\Caliburn.Micro.Platform.dll [C:\Users\ultra\warewolf\Dev\Warewolf.Studio.Core\Warewolf.Studio.Core.csproj]
C:\Program Files\dotnet\sdk\10.0.201\Microsoft.Common.CurrentVersion.targets(2451,5): warning MSB3277:         C:\Users\ultra\.nuget\packages\microsoft.xaml.behaviors.wpf\1.1.122\lib\net462\Microsoft.Xaml.Behaviors.dll [C:\Users\ultra\warewolf\Dev\Warewolf.Studio.Core\Warewolf.Studio.Core.csproj]
C:\Program Files\dotnet\sdk\10.0.201\Microsoft.Common.CurrentVersion.targets(2451,5): warning MSB3277:           Project file item includes which caused reference "C:\Users\ultra\.nuget\packages\microsoft.xaml.behaviors.wpf\1.1.122\lib\net462\Microsoft.Xaml.Behaviors.dll". [C:\Users\ultra\warewolf\Dev\Warewolf.Studio.Core\Warewolf.Studio.Core.csproj]
C:\Program Files\dotnet\sdk\10.0.201\Microsoft.Common.CurrentVersion.targets(2451,5): warning MSB3277:             C:\Users\ultra\.nuget\packages\microsoft.xaml.behaviors.wpf\1.1.122\lib\net462\Microsoft.Xaml.Behaviors.dll [C:\Users\ultra\warewolf\Dev\Warewolf.Studio.Core\Warewolf.Studio.Core.csproj]
C:\Program Files\dotnet\sdk\10.0.201\Microsoft.Common.CurrentVersion.targets(2451,5): warning MSB3277:             C:\Users\ultra\.nuget\packages\caliburn.micro\4.0.212\lib\netcoreapp3.1\Caliburn.Micro.Platform.dll [C:\Users\ultra\warewolf\Dev\Warewolf.Studio.Core\Warewolf.Studio.Core.csproj]
C:\Program Files\dotnet\sdk\10.0.201\Microsoft.Common.CurrentVersion.targets(2451,5): warning MSB3277:             C:\Users\ultra\.nuget\packages\prism.wpf\9.0.537\lib\net462\Prism.Wpf.dll [C:\Users\ultra\warewolf\Dev\Warewolf.Studio.Core\Warewolf.Studio.Core.csproj]
C:\Program Files\dotnet\sdk\10.0.201\Microsoft.Common.CurrentVersion.targets(2451,5): warning MSB3277:         C:\Users\ultra\.nuget\packages\prism.wpf\9.0.537\lib\net462\Prism.Wpf.dll [C:\Users\ultra\warewolf\Dev\Warewolf.Studio.Core\Warewolf.Studio.Core.csproj]
C:\Program Files\dotnet\sdk\10.0.201\Microsoft.Common.CurrentVersion.targets(2451,5): warning MSB3277:           Project file item includes which caused reference "C:\Users\ultra\.nuget\packages\prism.wpf\9.0.537\lib\net462\Prism.Wpf.dll". [C:\Users\ultra\warewolf\Dev\Warewolf.Studio.Core\Warewolf.Studio.Core.csproj]
C:\Program Files\dotnet\sdk\10.0.201\Microsoft.Common.CurrentVersion.targets(2451,5): warning MSB3277:             C:\Users\ultra\.nuget\packages\prism.wpf\9.0.537\lib\net462\Prism.Wpf.dll [C:\Users\ultra\warewolf\Dev\Warewolf.Studio.Core\Warewolf.Studio.Core.csproj]
C:\Program Files\dotnet\sdk\10.0.201\Microsoft.Common.CurrentVersion.targets(2451,5): warning MSB3277:         C:\Users\ultra\.nuget\packages\reactiveui.wpf\18.4.1\lib\net462\ReactiveUI.Wpf.dll [C:\Users\ultra\warewolf\Dev\Warewolf.Studio.Core\Warewolf.Studio.Core.csproj]
C:\Program Files\dotnet\sdk\10.0.201\Microsoft.Common.CurrentVersion.targets(2451,5): warning MSB3277:           Project file item includes which caused reference "C:\Users\ultra\.nuget\packages\reactiveui.wpf\18.4.1\lib\net462\ReactiveUI.Wpf.dll". [C:\Users\ultra\warewolf\Dev\Warewolf.Studio.Core\Warewolf.Studio.Core.csproj]
C:\Program Files\dotnet\sdk\10.0.201\Microsoft.Common.CurrentVersion.targets(2451,5): warning MSB3277:             C:\Users\ultra\.nuget\packages\reactiveui.wpf\18.4.1\lib\net462\ReactiveUI.Wpf.dll [C:\Users\ultra\warewolf\Dev\Warewolf.Studio.Core\Warewolf.Studio.Core.csproj]
C:\Program Files\dotnet\sdk\10.0.201\Microsoft.Common.CurrentVersion.targets(2451,5): warning MSB3277:         C:\Users\ultra\warewolf\Dev\Binaries\Infragistcs_Net6\InfragisticsWPF4.DragDrop.v15.1.dll [C:\Users\ultra\warewolf\Dev\Warewolf.Studio.Core\Warewolf.Studio.Core.csproj]
C:\Program Files\dotnet\sdk\10.0.201\Microsoft.Common.CurrentVersion.targets(2451,5): warning MSB3277:           Project file item includes which caused reference "C:\Users\ultra\warewolf\Dev\Binaries\Infragistcs_Net6\InfragisticsWPF4.DragDrop.v15.1.dll". [C:\Users\ultra\warewolf\Dev\Warewolf.Studio.Core\Warewolf.Studio.Core.csproj]
C:\Program Files\dotnet\sdk\10.0.201\Microsoft.Common.CurrentVersion.targets(2451,5): warning MSB3277:             InfragisticsWPF4.Controls.Menus.XamDataTree.v15.1, Version=15.1.20151.2055, Culture=neutral, PublicKeyToken=7dd5c3163f2cd0cb, processorArchitecture=MSIL [C:\Users\ultra\warewolf\Dev\Warewolf.Studio.Core\Warewolf.Studio.Core.csproj]
  Warewolf.Testing -> C:\Users\ultra\warewolf\Dev\Warewolf.Testing\bin\Debug\net8.0\Warewolf.Testing.dll
  Warewolf.Studio.Models -> C:\Users\ultra\warewolf\Dev\Warewolf.Studio.Models\bin\Debug\net8.0\Warewolf.Studio.Models.dll
  Warewolf.Studio.Core -> C:\Users\ultra\warewolf\Dev\Warewolf.Studio.Core\bin\Debug\net8.0\Warewolf.Studio.Core.dll
  Warewolf.HangfireServer -> C:\Users\ultra\warewolf\Dev\Warewolf.HangfireServer\bin\Debug\net8.0\linux-x64\HangfireServer.dll
  Warewolf.HangfireServer -> C:\Users\ultra\warewolf\Dev\Warewolf.HangfireServer\bin\Debug\net8.0\HangfireServer.dll
C:\Program Files\dotnet\sdk\10.0.201\Microsoft.Common.CurrentVersion.targets(2451,5): warning MSB3245: Could not resolve this reference. Could not locate the assembly "System.ServiceModel.Activities". Check to make sure the assembly exists on disk. If this reference is required by your code, you may get compilation errors. [C:\Users\ultra\warewolf\Dev\Dev2.Activities\Dev2.Activities.csproj]
C:\Program Files\dotnet\sdk\10.0.201\Microsoft.Common.CurrentVersion.targets(2451,5): warning MSB3277: Found conflicts between different versions of "WindowsBase" that could not be resolved. [C:\Users\ultra\warewolf\Dev\Dev2.Activities\Dev2.Activities.csproj]
C:\Program Files\dotnet\sdk\10.0.201\Microsoft.Common.CurrentVersion.targets(2451,5): warning MSB3277: There was a conflict between "WindowsBase, Version=4.0.0.0, Culture=neutral, PublicKeyToken=31bf3856ad364e35" and "WindowsBase, Version=6.0.2.0, Culture=neutral, PublicKeyToken=31bf3856ad364e35". [C:\Users\ultra\warewolf\Dev\Dev2.Activities\Dev2.Activities.csproj]
C:\Program Files\dotnet\sdk\10.0.201\Microsoft.Common.CurrentVersion.targets(2451,5): warning MSB3277:     "WindowsBase, Version=4.0.0.0, Culture=neutral, PublicKeyToken=31bf3856ad364e35" was chosen because it was primary and "WindowsBase, Version=6.0.2.0, Culture=neutral, PublicKeyToken=31bf3856ad364e35" was not. [C:\Users\ultra\warewolf\Dev\Dev2.Activities\Dev2.Activities.csproj]
C:\Program Files\dotnet\sdk\10.0.201\Microsoft.Common.CurrentVersion.targets(2451,5): warning MSB3277:     References which depend on "WindowsBase, Version=4.0.0.0, Culture=neutral, PublicKeyToken=31bf3856ad364e35" [C:\Program Files\dotnet\packs\Microsoft.NETCore.App.Ref\8.0.25\ref\net8.0\WindowsBase.dll]. [C:\Users\ultra\warewolf\Dev\Dev2.Activities\Dev2.Activities.csproj]
C:\Program Files\dotnet\sdk\10.0.201\Microsoft.Common.CurrentVersion.targets(2451,5): warning MSB3277:         C:\Program Files\dotnet\packs\Microsoft.NETCore.App.Ref\8.0.25\ref\net8.0\WindowsBase.dll [C:\Users\ultra\warewolf\Dev\Dev2.Activities\Dev2.Activities.csproj]
C:\Program Files\dotnet\sdk\10.0.201\Microsoft.Common.CurrentVersion.targets(2451,5): warning MSB3277:           Project file item includes which caused reference "C:\Program Files\dotnet\packs\Microsoft.NETCore.App.Ref\8.0.25\ref\net8.0\WindowsBase.dll". [C:\Users\ultra\warewolf\Dev\Dev2.Activities\Dev2.Activities.csproj]
C:\Program Files\dotnet\sdk\10.0.201\Microsoft.Common.CurrentVersion.targets(2451,5): warning MSB3277:             C:\Program Files\dotnet\packs\Microsoft.NETCore.App.Ref\8.0.25\ref/net8.0/WindowsBase.dll [C:\Users\ultra\warewolf\Dev\Dev2.Activities\Dev2.Activities.csproj]
C:\Program Files\dotnet\sdk\10.0.201\Microsoft.Common.CurrentVersion.targets(2451,5): warning MSB3277:     References which depend on or have been unified to "WindowsBase, Version=6.0.2.0, Culture=neutral, PublicKeyToken=31bf3856ad364e35" []. [C:\Users\ultra\warewolf\Dev\Dev2.Activities\Dev2.Activities.csproj]
C:\Program Files\dotnet\sdk\10.0.201\Microsoft.Common.CurrentVersion.targets(2451,5): warning MSB3277:         C:\Users\ultra\.nuget\packages\caliburn.micro\4.0.212\lib\netcoreapp3.1\Caliburn.Micro.Platform.dll [C:\Users\ultra\warewolf\Dev\Dev2.Activities\Dev2.Activities.csproj]
C:\Program Files\dotnet\sdk\10.0.201\Microsoft.Common.CurrentVersion.targets(2451,5): warning MSB3277:           Project file item includes which caused reference "C:\Users\ultra\.nuget\packages\caliburn.micro\4.0.212\lib\netcoreapp3.1\Caliburn.Micro.Platform.dll". [C:\Users\ultra\warewolf\Dev\Dev2.Activities\Dev2.Activities.csproj]
C:\Program Files\dotnet\sdk\10.0.201\Microsoft.Common.CurrentVersion.targets(2451,5): warning MSB3277:             C:\Users\ultra\.nuget\packages\caliburn.micro\4.0.212\lib\netcoreapp3.1\Caliburn.Micro.Platform.dll [C:\Users\ultra\warewolf\Dev\Dev2.Activities\Dev2.Activities.csproj]
C:\Program Files\dotnet\sdk\10.0.201\Microsoft.Common.CurrentVersion.targets(2451,5): warning MSB3277:         C:\Users\ultra\.nuget\packages\ironpython\3.4.0\lib\net6.0\IronPython.Wpf.dll [C:\Users\ultra\warewolf\Dev\Dev2.Activities\Dev2.Activities.csproj]
C:\Program Files\dotnet\sdk\10.0.201\Microsoft.Common.CurrentVersion.targets(2451,5): warning MSB3277:           Project file item includes which caused reference "C:\Users\ultra\.nuget\packages\ironpython\3.4.0\lib\net6.0\IronPython.Wpf.dll". [C:\Users\ultra\warewolf\Dev\Dev2.Activities\Dev2.Activities.csproj]
C:\Program Files\dotnet\sdk\10.0.201\Microsoft.Common.CurrentVersion.targets(2451,5): warning MSB3277:             C:\Users\ultra\.nuget\packages\ironpython\3.4.0\lib\net6.0\IronPython.Wpf.dll [C:\Users\ultra\warewolf\Dev\Dev2.Activities\Dev2.Activities.csproj]
C:\Program Files\dotnet\sdk\10.0.201\Microsoft.Common.CurrentVersion.targets(2451,5): warning MSB3277:         C:\Users\ultra\.nuget\packages\microsoft.xaml.behaviors.wpf\1.1.19\lib\netcoreapp3.0\Microsoft.Xaml.Behaviors.dll [C:\Users\ultra\warewolf\Dev\Dev2.Activities\Dev2.Activities.csproj]
C:\Program Files\dotnet\sdk\10.0.201\Microsoft.Common.CurrentVersion.targets(2451,5): warning MSB3277:           Project file item includes which caused reference "C:\Users\ultra\.nuget\packages\microsoft.xaml.behaviors.wpf\1.1.19\lib\netcoreapp3.0\Microsoft.Xaml.Behaviors.dll". [C:\Users\ultra\warewolf\Dev\Dev2.Activities\Dev2.Activities.csproj]
C:\Program Files\dotnet\sdk\10.0.201\Microsoft.Common.CurrentVersion.targets(2451,5): warning MSB3277:             C:\Users\ultra\.nuget\packages\microsoft.xaml.behaviors.wpf\1.1.19\lib\netcoreapp3.0\Microsoft.Xaml.Behaviors.dll [C:\Users\ultra\warewolf\Dev\Dev2.Activities\Dev2.Activities.csproj]
C:\Program Files\dotnet\sdk\10.0.201\Microsoft.Common.CurrentVersion.targets(2451,5): warning MSB3277:             C:\Users\ultra\.nuget\packages\caliburn.micro\4.0.212\lib\netcoreapp3.1\Caliburn.Micro.Platform.dll [C:\Users\ultra\warewolf\Dev\Dev2.Activities\Dev2.Activities.csproj]
C:\Program Files\dotnet\sdk\10.0.201\Microsoft.Common.CurrentVersion.targets(2451,5): warning MSB3277:         C:\Users\ultra\.nuget\packages\reactiveui.wpf\18.4.1\lib\net462\ReactiveUI.Wpf.dll [C:\Users\ultra\warewolf\Dev\Dev2.Activities\Dev2.Activities.csproj]
C:\Program Files\dotnet\sdk\10.0.201\Microsoft.Common.CurrentVersion.targets(2451,5): warning MSB3277:           Project file item includes which caused reference "C:\Users\ultra\.nuget\packages\reactiveui.wpf\18.4.1\lib\net462\ReactiveUI.Wpf.dll". [C:\Users\ultra\warewolf\Dev\Dev2.Activities\Dev2.Activities.csproj]
C:\Program Files\dotnet\sdk\10.0.201\Microsoft.Common.CurrentVersion.targets(2451,5): warning MSB3277:             C:\Users\ultra\.nuget\packages\reactiveui.wpf\18.4.1\lib\net462\ReactiveUI.Wpf.dll [C:\Users\ultra\warewolf\Dev\Dev2.Activities\Dev2.Activities.csproj]
  Consider app.config remapping of assembly "System.Runtime.CompilerServices.Unsafe, Culture=neutral, PublicKeyToken=b03f5f7f11d50a3a" from Version "6.0.0.0" [] to Version "8.0.0.0" [C:\Program Files\dotnet\packs\Microsoft.NETCore.App.Ref\8.0.25\ref\net8.0\System.Runtime.CompilerServices.Unsafe.dll] to solve conflict and get rid of warning.
C:\Users\ultra\warewolf\Dev\Dev2.Activities\WorkflowConverters\ActivityPropertiesReaderHelper.cs(54,45): warning CS8632: The annotation for nullable reference types should only be used in code within a '#nullable' annotations context. [C:\Users\ultra\warewolf\Dev\Dev2.Activities\Dev2.Activities.csproj]
C:\Users\ultra\warewolf\Dev\Dev2.Activities\WorkflowConverters\SwitchActivityDataHelper.cs(106,58): warning CS8632: The annotation for nullable reference types should only be used in code within a '#nullable' annotations context. [C:\Users\ultra\warewolf\Dev\Dev2.Activities\Dev2.Activities.csproj]
C:\Users\ultra\warewolf\Dev\Dev2.Activities\WorkflowConverters\SwitchActivityDataHelper.cs(225,65): warning CS8632: The annotation for nullable reference types should only be used in code within a '#nullable' annotations context. [C:\Users\ultra\warewolf\Dev\Dev2.Activities\Dev2.Activities.csproj]
C:\Users\ultra\warewolf\Dev\Dev2.Activities\WorkflowConverters\SwitchActivityDataHelper.cs(225,25): warning CS8632: The annotation for nullable reference types should only be used in code within a '#nullable' annotations context. [C:\Users\ultra\warewolf\Dev\Dev2.Activities\Dev2.Activities.csproj]
C:\Users\ultra\warewolf\Dev\Dev2.Activities\WorkflowConverters\SwitchActivityDataHelper.cs(342,61): warning CS8632: The annotation for nullable reference types should only be used in code within a '#nullable' annotations context. [C:\Users\ultra\warewolf\Dev\Dev2.Activities\Dev2.Activities.csproj]
C:\Users\ultra\warewolf\Dev\Dev2.Activities\WorkflowConverters\SwitchActivityDataHelper.cs(342,30): warning CS8632: The annotation for nullable reference types should only be used in code within a '#nullable' annotations context. [C:\Users\ultra\warewolf\Dev\Dev2.Activities\Dev2.Activities.csproj]
C:\Users\ultra\warewolf\Dev\Dev2.Activities\WorkflowConverters\SwitchActivityDataHelper.cs(32,25): warning CS8632: The annotation for nullable reference types should only be used in code within a '#nullable' annotations context. [C:\Users\ultra\warewolf\Dev\Dev2.Activities\Dev2.Activities.csproj]
C:\Users\ultra\warewolf\Dev\Dev2.Activities\WorkflowConverters\SwitchActivityDataHelper.cs(33,25): warning CS8632: The annotation for nullable reference types should only be used in code within a '#nullable' annotations context. [C:\Users\ultra\warewolf\Dev\Dev2.Activities\Dev2.Activities.csproj]
C:\Users\ultra\warewolf\Dev\Dev2.Activities\WorkflowConverters\SwitchActivityDataHelper.cs(34,25): warning CS8632: The annotation for nullable reference types should only be used in code within a '#nullable' annotations context. [C:\Users\ultra\warewolf\Dev\Dev2.Activities\Dev2.Activities.csproj]
C:\Users\ultra\warewolf\Dev\Dev2.Activities\WorkflowConverters\SwitchActivityDataHelper.cs(35,25): warning CS8632: The annotation for nullable reference types should only be used in code within a '#nullable' annotations context. [C:\Users\ultra\warewolf\Dev\Dev2.Activities\Dev2.Activities.csproj]
C:\Users\ultra\warewolf\Dev\Dev2.Activities\WorkflowConverters\SwitchActivityDataHelper.cs(36,25): warning CS8632: The annotation for nullable reference types should only be used in code within a '#nullable' annotations context. [C:\Users\ultra\warewolf\Dev\Dev2.Activities\Dev2.Activities.csproj]
C:\Users\ultra\warewolf\Dev\Dev2.Activities\WorkflowConverters\SwitchActivityDataHelper.cs(37,25): warning CS8632: The annotation for nullable reference types should only be used in code within a '#nullable' annotations context. [C:\Users\ultra\warewolf\Dev\Dev2.Activities\Dev2.Activities.csproj]
C:\Users\ultra\warewolf\Dev\Dev2.Activities\WorkflowConverters\SwitchActivityDataHelper.cs(108,19): warning CS8632: The annotation for nullable reference types should only be used in code within a '#nullable' annotations context. [C:\Users\ultra\warewolf\Dev\Dev2.Activities\Dev2.Activities.csproj]
C:\Users\ultra\warewolf\Dev\Dev2.Activities\WorkflowConverters\ActivityPropertiesReaderHelper.cs(60,59): warning CS8632: The annotation for nullable reference types should only be used in code within a '#nullable' annotations context. [C:\Users\ultra\warewolf\Dev\Dev2.Activities\Dev2.Activities.csproj]
C:\Users\ultra\warewolf\Dev\Dev2.Activities\Activities\GateActivity.cs(639,21): warning CC0003: Consider adding an Exception to the catch. (https://code-cracker.github.io/diagnostics/CC0003.html) [C:\Users\ultra\warewolf\Dev\Dev2.Activities\Dev2.Activities.csproj]
C:\Users\ultra\warewolf\Dev\Dev2.Activities\Activities\GateActivity.cs(656,21): warning CC0003: Consider adding an Exception to the catch. (https://code-cracker.github.io/diagnostics/CC0003.html) [C:\Users\ultra\warewolf\Dev\Dev2.Activities\Dev2.Activities.csproj]
C:\Users\ultra\warewolf\Dev\Dev2.Activities\Activities\GateActivity.cs(733,24): warning CC0022: WarewolfListIterator should be disposed. (https://code-cracker.github.io/diagnostics/CC0022.html) [C:\Users\ultra\warewolf\Dev\Dev2.Activities\Dev2.Activities.csproj]
C:\Users\ultra\warewolf\Dev\Dev2.Activities\WorkflowConverters\X6ToWorkflowConverter.cs(375,13): warning CC0003: Consider adding an Exception to the catch. (https://code-cracker.github.io/diagnostics/CC0003.html) [C:\Users\ultra\warewolf\Dev\Dev2.Activities\Dev2.Activities.csproj]
C:\Users\ultra\warewolf\Dev\Dev2.Activities\WorkflowConverters\X6ToWorkflowConverter.cs(833,17): warning CC0120: Consider put an default clause in Switch. (https://code-cracker.github.io/diagnostics/CC0120.html) [C:\Users\ultra\warewolf\Dev\Dev2.Activities\Dev2.Activities.csproj]
C:\Users\ultra\warewolf\Dev\Dev2.Activities\WorkflowConverters\X6ToWorkflowConverter.cs(958,13): warning CC0004: Empty Catch Block. (https://code-cracker.github.io/diagnostics/CC0004.html) [C:\Users\ultra\warewolf\Dev\Dev2.Activities\Dev2.Activities.csproj]
C:\Users\ultra\warewolf\Dev\Dev2.Activities\Activities\PathOperations\FileWriteActivity.cs(54,26): warning CC0022: WarewolfListIterator should be disposed. (https://code-cracker.github.io/diagnostics/CC0022.html) [C:\Users\ultra\warewolf\Dev\Dev2.Activities\Dev2.Activities.csproj]
C:\Users\ultra\warewolf\Dev\Dev2.Activities\Activities\WebPostActivity.cs(238,28): warning CC0022: WarewolfListIterator should be disposed. (https://code-cracker.github.io/diagnostics/CC0022.html) [C:\Users\ultra\warewolf\Dev\Dev2.Activities\Dev2.Activities.csproj]
C:\Users\ultra\warewolf\Dev\Dev2.Activities\Activities\WebPostActivityNew.cs(281,28): warning CC0022: WarewolfListIterator should be disposed. (https://code-cracker.github.io/diagnostics/CC0022.html) [C:\Users\ultra\warewolf\Dev\Dev2.Activities\Dev2.Activities.csproj]
C:\Users\ultra\warewolf\Dev\Dev2.Activities\WorkflowConverters\WorkflowToX6Converter.cs(567,13): warning CC0105: Use 'var' instead of specifying the type name. (https://code-cracker.github.io/diagnostics/CC0105.html) [C:\Users\ultra\warewolf\Dev\Dev2.Activities\Dev2.Activities.csproj]
C:\Users\ultra\warewolf\Dev\Dev2.Activities\WorkflowConverters\WorkflowToX6Converter.cs(998,13): warning CC0004: Empty Catch Block. (https://code-cracker.github.io/diagnostics/CC0004.html) [C:\Users\ultra\warewolf\Dev\Dev2.Activities\Dev2.Activities.csproj]
C:\Users\ultra\warewolf\Dev\Dev2.Activities\WorkflowConverters\WorkflowToX6Converter.cs(1376,17): warning CC0004: Empty Catch Block. (https://code-cracker.github.io/diagnostics/CC0004.html) [C:\Users\ultra\warewolf\Dev\Dev2.Activities\Dev2.Activities.csproj]
C:\Users\ultra\warewolf\Dev\Dev2.Activities\WorkflowConverters\WorkflowToX6Converter.cs(1365,13): warning CC0006: You can use foreach instead of for. (https://code-cracker.github.io/diagnostics/CC0006.html) [C:\Users\ultra\warewolf\Dev\Dev2.Activities\Dev2.Activities.csproj]
C:\Users\ultra\warewolf\Dev\Dev2.Activities\Activities\DsfWebActivityBase.cs(136,96): warning CC0022: StringContent should be disposed. (https://code-cracker.github.io/diagnostics/CC0022.html) [C:\Users\ultra\warewolf\Dev\Dev2.Activities\Dev2.Activities.csproj]
C:\Users\ultra\warewolf\Dev\Dev2.Activities\Activities\DsfWebActivityBase.cs(158,42): warning CC0022: StreamReader should be disposed. (https://code-cracker.github.io/diagnostics/CC0022.html) [C:\Users\ultra\warewolf\Dev\Dev2.Activities\Dev2.Activities.csproj]
C:\Users\ultra\warewolf\Dev\Dev2.Activities\Activities\DsfWebActivityBase.cs(175,35): warning CC0022: ByteArrayContent should be disposed. (https://code-cracker.github.io/diagnostics/CC0022.html) [C:\Users\ultra\warewolf\Dev\Dev2.Activities\Dev2.Activities.csproj]
C:\Users\ultra\warewolf\Dev\Dev2.Activities\Activities\DsfWebActivityBase.cs(184,31): warning CC0022: StringContent should be disposed. (https://code-cracker.github.io/diagnostics/CC0022.html) [C:\Users\ultra\warewolf\Dev\Dev2.Activities\Dev2.Activities.csproj]
C:\Users\ultra\warewolf\Dev\Dev2.Activities\Activities\GetSystemInformationHelper.cs(327,28): warning CA1416: This call site is reachable on all platforms. 'ManagementObjectSearcher' is only supported on: 'windows'. (https://learn.microsoft.com/dotnet/fundamentals/code-analysis/quality-rules/ca1416) [C:\Users\ultra\warewolf\Dev\Dev2.Activities\Dev2.Activities.csproj]
C:\Users\ultra\warewolf\Dev\Dev2.Activities\Activities\GetSystemInformationHelper.cs(326,28): warning CA1416: This call site is reachable on all platforms. 'ObjectQuery' is only supported on: 'windows'. (https://learn.microsoft.com/dotnet/fundamentals/code-analysis/quality-rules/ca1416) [C:\Users\ultra\warewolf\Dev\Dev2.Activities\Dev2.Activities.csproj]
C:\Users\ultra\warewolf\Dev\Dev2.Activities\Activities\GetSystemInformationHelper.cs(332,60): warning CA1416: This call site is reachable on all platforms. 'ManagementBaseObject.this[string]' is only supported on: 'windows'. (https://learn.microsoft.com/dotnet/fundamentals/code-analysis/quality-rules/ca1416) [C:\Users\ultra\warewolf\Dev\Dev2.Activities\Dev2.Activities.csproj]
C:\Users\ultra\warewolf\Dev\Dev2.Activities\Activities\GetSystemInformationHelper.cs(329,31): warning CA1416: This call site is reachable on all platforms. 'ManagementObjectSearcher.Get()' is only supported on: 'windows'. (https://learn.microsoft.com/dotnet/fundamentals/code-analysis/quality-rules/ca1416) [C:\Users\ultra\warewolf\Dev\Dev2.Activities\Dev2.Activities.csproj]
C:\Users\ultra\warewolf\Dev\Dev2.Activities\Activities\GetSystemInformationHelper.cs(342,31): warning CA1416: This call site is reachable on all platforms. 'ManagementObjectSearcher.Get()' is only supported on: 'windows'. (https://learn.microsoft.com/dotnet/fundamentals/code-analysis/quality-rules/ca1416) [C:\Users\ultra\warewolf\Dev\Dev2.Activities\Dev2.Activities.csproj]
C:\Users\ultra\warewolf\Dev\Dev2.Activities\Activities\GetSystemInformationHelper.cs(345,53): warning CA1416: This call site is reachable on all platforms. 'ManagementBaseObject.this[string]' is only supported on: 'windows'. (https://learn.microsoft.com/dotnet/fundamentals/code-analysis/quality-rules/ca1416) [C:\Users\ultra\warewolf\Dev\Dev2.Activities\Dev2.Activities.csproj]
C:\Users\ultra\warewolf\Dev\Dev2.Activities\Activities\GetSystemInformationHelper.cs(341,28): warning CA1416: This call site is reachable on all platforms. 'ManagementObjectSearcher' is only supported on: 'windows'. (https://learn.microsoft.com/dotnet/fundamentals/code-analysis/quality-rules/ca1416) [C:\Users\ultra\warewolf\Dev\Dev2.Activities\Dev2.Activities.csproj]
C:\Users\ultra\warewolf\Dev\Dev2.Activities\Activities\GetSystemInformationHelper.cs(346,58): warning CA1416: This call site is reachable on all platforms. 'ManagementBaseObject.this[string]' is only supported on: 'windows'. (https://learn.microsoft.com/dotnet/fundamentals/code-analysis/quality-rules/ca1416) [C:\Users\ultra\warewolf\Dev\Dev2.Activities\Dev2.Activities.csproj]
C:\Users\ultra\warewolf\Dev\Dev2.Activities\Activities\GetSystemInformationHelper.cs(340,28): warning CA1416: This call site is reachable on all platforms. 'ObjectQuery' is only supported on: 'windows'. (https://learn.microsoft.com/dotnet/fundamentals/code-analysis/quality-rules/ca1416) [C:\Users\ultra\warewolf\Dev\Dev2.Activities\Dev2.Activities.csproj]
C:\Users\ultra\warewolf\Dev\Dev2.Activities\Activities\GetSystemInformationHelper.cs(372,17): warning CA1416: This call site is reachable on all platforms. 'WindowsIdentity.Groups' is only supported on: 'windows'. (https://learn.microsoft.com/dotnet/fundamentals/code-analysis/quality-rules/ca1416) [C:\Users\ultra\warewolf\Dev\Dev2.Activities\Dev2.Activities.csproj]
C:\Users\ultra\warewolf\Dev\Dev2.Activities\Activities\GetSystemInformationHelper.cs(374,37): warning CA1416: This call site is reachable on all platforms. 'WindowsIdentity.Groups' is only supported on: 'windows'. (https://learn.microsoft.com/dotnet/fundamentals/code-analysis/quality-rules/ca1416) [C:\Users\ultra\warewolf\Dev\Dev2.Activities\Dev2.Activities.csproj]
C:\Users\ultra\warewolf\Dev\Dev2.Activities\Activities\GetSystemInformationHelper.cs(370,92): warning CA1416: This call site is reachable on all platforms. 'WindowsIdentity.GetCurrent()' is only supported on: 'windows'. (https://learn.microsoft.com/dotnet/fundamentals/code-analysis/quality-rules/ca1416) [C:\Users\ultra\warewolf\Dev\Dev2.Activities\Dev2.Activities.csproj]
C:\Users\ultra\warewolf\Dev\Dev2.Activities\Activities\GetSystemInformationHelper.cs(95,36): warning CA1416: This call site is reachable on all platforms. 'ManagementBaseObject.GetPropertyValue(string)' is only supported on: 'windows'. (https://learn.microsoft.com/dotnet/fundamentals/code-analysis/quality-rules/ca1416) [C:\Users\ultra\warewolf\Dev\Dev2.Activities\Dev2.Activities.csproj]
C:\Users\ultra\warewolf\Dev\Dev2.Activities\Activities\GetSystemInformationHelper.cs(393,32): warning CA1416: This call site is reachable on all platforms. 'ManagementObjectSearcher' is only supported on: 'windows'. (https://learn.microsoft.com/dotnet/fundamentals/code-analysis/quality-rules/ca1416) [C:\Users\ultra\warewolf\Dev\Dev2.Activities\Dev2.Activities.csproj]
C:\Users\ultra\warewolf\Dev\Dev2.Activities\Activities\GetSystemInformationHelper.cs(394,35): warning CA1416: This call site is reachable on all platforms. 'ManagementObjectSearcher.Get()' is only supported on: 'windows'. (https://learn.microsoft.com/dotnet/fundamentals/code-analysis/quality-rules/ca1416) [C:\Users\ultra\warewolf\Dev\Dev2.Activities\Dev2.Activities.csproj]
C:\Users\ultra\warewolf\Dev\Dev2.Activities\Activities\GetSystemInformationHelper.cs(392,32): warning CA1416: This call site is reachable on all platforms. 'ObjectQuery' is only supported on: 'windows'. (https://learn.microsoft.com/dotnet/fundamentals/code-analysis/quality-rules/ca1416) [C:\Users\ultra\warewolf\Dev\Dev2.Activities\Dev2.Activities.csproj]
C:\Users\ultra\warewolf\Dev\Dev2.Activities\Activities\GetSystemInformationHelper.cs(392,90): warning CA1416: This call site is reachable on all platforms. 'IdentityReference.Value' is only supported on: 'windows'. (https://learn.microsoft.com/dotnet/fundamentals/code-analysis/quality-rules/ca1416) [C:\Users\ultra\warewolf\Dev\Dev2.Activities\Dev2.Activities.csproj]
C:\Users\ultra\warewolf\Dev\Dev2.Activities\Activities\GetSystemInformationHelper.cs(387,28): warning CA1416: This call site is reachable on all platforms. 'IdentityReference.Value' is only supported on: 'windows'. (https://learn.microsoft.com/dotnet/fundamentals/code-analysis/quality-rules/ca1416) [C:\Users\ultra\warewolf\Dev\Dev2.Activities\Dev2.Activities.csproj]
C:\Users\ultra\warewolf\Dev\Dev2.Activities\Activities\GetSystemInformationHelper.cs(386,39): warning CA1416: This call site is reachable on all platforms. 'IdentityReference.Translate(Type)' is only supported on: 'windows'. (https://learn.microsoft.com/dotnet/fundamentals/code-analysis/quality-rules/ca1416) [C:\Users\ultra\warewolf\Dev\Dev2.Activities\Dev2.Activities.csproj]
C:\Users\ultra\warewolf\Dev\Dev2.Activities\Activities\GetSystemInformationHelper.cs(397,49): warning CA1416: This call site is reachable on all platforms. 'ManagementBaseObject.this[string]' is only supported on: 'windows'. (https://learn.microsoft.com/dotnet/fundamentals/code-analysis/quality-rules/ca1416) [C:\Users\ultra\warewolf\Dev\Dev2.Activities\Dev2.Activities.csproj]
C:\Users\ultra\warewolf\Dev\Dev2.Activities\Activities\GetSystemInformationHelper.cs(431,57): warning CA1416: This call site is reachable on all platforms. 'ManagementBaseObject.this[string]' is only supported on: 'windows'. (https://learn.microsoft.com/dotnet/fundamentals/code-analysis/quality-rules/ca1416) [C:\Users\ultra\warewolf\Dev\Dev2.Activities\Dev2.Activities.csproj]
C:\Users\ultra\warewolf\Dev\Dev2.Activities\Activities\GetSystemInformationHelper.cs(428,35): warning CA1416: This call site is reachable on all platforms. 'ManagementObjectSearcher.Get()' is only supported on: 'windows'. (https://learn.microsoft.com/dotnet/fundamentals/code-analysis/quality-rules/ca1416) [C:\Users\ultra\warewolf\Dev\Dev2.Activities\Dev2.Activities.csproj]
C:\Users\ultra\warewolf\Dev\Dev2.Activities\Activities\GetSystemInformationHelper.cs(427,32): warning CA1416: This call site is reachable on all platforms. 'ManagementObjectSearcher' is only supported on: 'windows'. (https://learn.microsoft.com/dotnet/fundamentals/code-analysis/quality-rules/ca1416) [C:\Users\ultra\warewolf\Dev\Dev2.Activities\Dev2.Activities.csproj]
C:\Users\ultra\warewolf\Dev\Dev2.Activities\Activities\GetSystemInformationHelper.cs(426,32): warning CA1416: This call site is reachable on all platforms. 'ObjectQuery' is only supported on: 'windows'. (https://learn.microsoft.com/dotnet/fundamentals/code-analysis/quality-rules/ca1416) [C:\Users\ultra\warewolf\Dev\Dev2.Activities\Dev2.Activities.csproj]
  Dev2.Activities -> C:\Users\ultra\warewolf\Dev\Dev2.Activities\bin\Debug\net8.0\Dev2.Activities.dll
C:\Program Files\dotnet\sdk\10.0.201\Microsoft.Common.CurrentVersion.targets(2451,5): warning MSB3277: Found conflicts between different versions of "WindowsBase" that could not be resolved. [C:\Users\ultra\warewolf\Dev\Dev2.Runtime\Dev2.Runtime.csproj]
C:\Program Files\dotnet\sdk\10.0.201\Microsoft.Common.CurrentVersion.targets(2451,5): warning MSB3277: There was a conflict between "WindowsBase, Version=4.0.0.0, Culture=neutral, PublicKeyToken=31bf3856ad364e35" and "WindowsBase, Version=6.0.2.0, Culture=neutral, PublicKeyToken=31bf3856ad364e35". [C:\Users\ultra\warewolf\Dev\Dev2.Runtime\Dev2.Runtime.csproj]
C:\Program Files\dotnet\sdk\10.0.201\Microsoft.Common.CurrentVersion.targets(2451,5): warning MSB3277:     "WindowsBase, Version=4.0.0.0, Culture=neutral, PublicKeyToken=31bf3856ad364e35" was chosen because it was primary and "WindowsBase, Version=6.0.2.0, Culture=neutral, PublicKeyToken=31bf3856ad364e35" was not. [C:\Users\ultra\warewolf\Dev\Dev2.Runtime\Dev2.Runtime.csproj]
C:\Program Files\dotnet\sdk\10.0.201\Microsoft.Common.CurrentVersion.targets(2451,5): warning MSB3277:     References which depend on "WindowsBase, Version=4.0.0.0, Culture=neutral, PublicKeyToken=31bf3856ad364e35" [C:\Program Files\dotnet\packs\Microsoft.NETCore.App.Ref\8.0.25\ref\net8.0\WindowsBase.dll]. [C:\Users\ultra\warewolf\Dev\Dev2.Runtime\Dev2.Runtime.csproj]
C:\Program Files\dotnet\sdk\10.0.201\Microsoft.Common.CurrentVersion.targets(2451,5): warning MSB3277:         C:\Program Files\dotnet\packs\Microsoft.NETCore.App.Ref\8.0.25\ref\net8.0\WindowsBase.dll [C:\Users\ultra\warewolf\Dev\Dev2.Runtime\Dev2.Runtime.csproj]
C:\Program Files\dotnet\sdk\10.0.201\Microsoft.Common.CurrentVersion.targets(2451,5): warning MSB3277:           Project file item includes which caused reference "C:\Program Files\dotnet\packs\Microsoft.NETCore.App.Ref\8.0.25\ref\net8.0\WindowsBase.dll". [C:\Users\ultra\warewolf\Dev\Dev2.Runtime\Dev2.Runtime.csproj]
C:\Program Files\dotnet\sdk\10.0.201\Microsoft.Common.CurrentVersion.targets(2451,5): warning MSB3277:             C:\Program Files\dotnet\packs\Microsoft.NETCore.App.Ref\8.0.25\ref/net8.0/WindowsBase.dll [C:\Users\ultra\warewolf\Dev\Dev2.Runtime\Dev2.Runtime.csproj]
C:\Program Files\dotnet\sdk\10.0.201\Microsoft.Common.CurrentVersion.targets(2451,5): warning MSB3277:     References which depend on or have been unified to "WindowsBase, Version=6.0.2.0, Culture=neutral, PublicKeyToken=31bf3856ad364e35" []. [C:\Users\ultra\warewolf\Dev\Dev2.Runtime\Dev2.Runtime.csproj]
C:\Program Files\dotnet\sdk\10.0.201\Microsoft.Common.CurrentVersion.targets(2451,5): warning MSB3277:         C:\Users\ultra\.nuget\packages\caliburn.micro\4.0.212\lib\netcoreapp3.1\Caliburn.Micro.Platform.dll [C:\Users\ultra\warewolf\Dev\Dev2.Runtime\Dev2.Runtime.csproj]
C:\Program Files\dotnet\sdk\10.0.201\Microsoft.Common.CurrentVersion.targets(2451,5): warning MSB3277:           Project file item includes which caused reference "C:\Users\ultra\.nuget\packages\caliburn.micro\4.0.212\lib\netcoreapp3.1\Caliburn.Micro.Platform.dll". [C:\Users\ultra\warewolf\Dev\Dev2.Runtime\Dev2.Runtime.csproj]
C:\Program Files\dotnet\sdk\10.0.201\Microsoft.Common.CurrentVersion.targets(2451,5): warning MSB3277:             C:\Users\ultra\.nuget\packages\caliburn.micro\4.0.212\lib\netcoreapp3.1\Caliburn.Micro.Platform.dll [C:\Users\ultra\warewolf\Dev\Dev2.Runtime\Dev2.Runtime.csproj]
C:\Program Files\dotnet\sdk\10.0.201\Microsoft.Common.CurrentVersion.targets(2451,5): warning MSB3277:         C:\Users\ultra\.nuget\packages\ironpython\3.4.0\lib\net6.0\IronPython.Wpf.dll [C:\Users\ultra\warewolf\Dev\Dev2.Runtime\Dev2.Runtime.csproj]
C:\Program Files\dotnet\sdk\10.0.201\Microsoft.Common.CurrentVersion.targets(2451,5): warning MSB3277:           Project file item includes which caused reference "C:\Users\ultra\.nuget\packages\ironpython\3.4.0\lib\net6.0\IronPython.Wpf.dll". [C:\Users\ultra\warewolf\Dev\Dev2.Runtime\Dev2.Runtime.csproj]
C:\Program Files\dotnet\sdk\10.0.201\Microsoft.Common.CurrentVersion.targets(2451,5): warning MSB3277:             C:\Users\ultra\.nuget\packages\ironpython\3.4.0\lib\net6.0\IronPython.Wpf.dll [C:\Users\ultra\warewolf\Dev\Dev2.Runtime\Dev2.Runtime.csproj]
C:\Program Files\dotnet\sdk\10.0.201\Microsoft.Common.CurrentVersion.targets(2451,5): warning MSB3277:         C:\Users\ultra\.nuget\packages\microsoft.xaml.behaviors.wpf\1.1.19\lib\netcoreapp3.0\Microsoft.Xaml.Behaviors.dll [C:\Users\ultra\warewolf\Dev\Dev2.Runtime\Dev2.Runtime.csproj]
C:\Program Files\dotnet\sdk\10.0.201\Microsoft.Common.CurrentVersion.targets(2451,5): warning MSB3277:           Project file item includes which caused reference "C:\Users\ultra\.nuget\packages\microsoft.xaml.behaviors.wpf\1.1.19\lib\netcoreapp3.0\Microsoft.Xaml.Behaviors.dll". [C:\Users\ultra\warewolf\Dev\Dev2.Runtime\Dev2.Runtime.csproj]
C:\Program Files\dotnet\sdk\10.0.201\Microsoft.Common.CurrentVersion.targets(2451,5): warning MSB3277:             C:\Users\ultra\.nuget\packages\microsoft.xaml.behaviors.wpf\1.1.19\lib\netcoreapp3.0\Microsoft.Xaml.Behaviors.dll [C:\Users\ultra\warewolf\Dev\Dev2.Runtime\Dev2.Runtime.csproj]
C:\Program Files\dotnet\sdk\10.0.201\Microsoft.Common.CurrentVersion.targets(2451,5): warning MSB3277:             C:\Users\ultra\.nuget\packages\caliburn.micro\4.0.212\lib\netcoreapp3.1\Caliburn.Micro.Platform.dll [C:\Users\ultra\warewolf\Dev\Dev2.Runtime\Dev2.Runtime.csproj]
C:\Program Files\dotnet\sdk\10.0.201\Microsoft.Common.CurrentVersion.targets(2451,5): warning MSB3277:         C:\Users\ultra\.nuget\packages\reactiveui.wpf\18.4.1\lib\net462\ReactiveUI.Wpf.dll [C:\Users\ultra\warewolf\Dev\Dev2.Runtime\Dev2.Runtime.csproj]
C:\Program Files\dotnet\sdk\10.0.201\Microsoft.Common.CurrentVersion.targets(2451,5): warning MSB3277:           Project file item includes which caused reference "C:\Users\ultra\.nuget\packages\reactiveui.wpf\18.4.1\lib\net462\ReactiveUI.Wpf.dll". [C:\Users\ultra\warewolf\Dev\Dev2.Runtime\Dev2.Runtime.csproj]
C:\Program Files\dotnet\sdk\10.0.201\Microsoft.Common.CurrentVersion.targets(2451,5): warning MSB3277:             C:\Users\ultra\.nuget\packages\reactiveui.wpf\18.4.1\lib\net462\ReactiveUI.Wpf.dll [C:\Users\ultra\warewolf\Dev\Dev2.Runtime\Dev2.Runtime.csproj]
C:\Users\ultra\warewolf\Dev\Dev2.Runtime\ESB\Execution\RemoteWorkflowExecutionContainer.cs(235,35): warning SYSLIB0013: 'Uri.EscapeUriString(string)' is obsolete: 'Uri.EscapeUriString can corrupt the Uri string in some cases. Consider using Uri.EscapeDataString for query string components instead.' (https://aka.ms/dotnet-warnings/SYSLIB0013) [C:\Users\ultra\warewolf\Dev\Dev2.Runtime\Dev2.Runtime.csproj]
C:\Users\ultra\warewolf\Dev\Dev2.Runtime\ESB\Execution\RemoteWorkflowExecutionContainer.cs(301,39): warning SYSLIB0013: 'Uri.EscapeUriString(string)' is obsolete: 'Uri.EscapeUriString can corrupt the Uri string in some cases. Consider using Uri.EscapeDataString for query string components instead.' (https://aka.ms/dotnet-warnings/SYSLIB0013) [C:\Users\ultra\warewolf\Dev\Dev2.Runtime\Dev2.Runtime.csproj]
C:\Users\ultra\warewolf\Dev\Dev2.Runtime\ESB\WF\XamlActivityHelper.cs(66,13): warning CC0004: Empty Catch Block. (https://code-cracker.github.io/diagnostics/CC0004.html) [C:\Users\ultra\warewolf\Dev\Dev2.Runtime\Dev2.Runtime.csproj]
C:\Users\ultra\warewolf\Dev\Dev2.Runtime\ESB\WF\XamlActivityHelper.cs(133,13): warning CC0004: Empty Catch Block. (https://code-cracker.github.io/diagnostics/CC0004.html) [C:\Users\ultra\warewolf\Dev\Dev2.Runtime\Dev2.Runtime.csproj]
C:\Users\ultra\warewolf\Dev\Dev2.Runtime\ESB\WF\XamlActivityHelper.cs(179,17): warning CC0004: Empty Catch Block. (https://code-cracker.github.io/diagnostics/CC0004.html) [C:\Users\ultra\warewolf\Dev\Dev2.Runtime\Dev2.Runtime.csproj]
C:\Users\ultra\warewolf\Dev\Dev2.Runtime\ESB\Execution\WfExecutionContainer.cs(63,35): warning CC0067: Do not call overridable methods in constructors (https://code-cracker.github.io/diagnostics/CC0067.html) [C:\Users\ultra\warewolf\Dev\Dev2.Runtime\Dev2.Runtime.csproj]
C:\Users\ultra\warewolf\Dev\Dev2.Runtime\ESB\Execution\WfExecutionContainer.cs(578,33): warning CC0003: Consider adding an Exception to the catch. (https://code-cracker.github.io/diagnostics/CC0003.html) [C:\Users\ultra\warewolf\Dev\Dev2.Runtime\Dev2.Runtime.csproj]
C:\Users\ultra\warewolf\Dev\Dev2.Runtime\ESB\Execution\WfExecutionContainer.cs(819,17): warning CC0004: Empty Catch Block. (https://code-cracker.github.io/diagnostics/CC0004.html) [C:\Users\ultra\warewolf\Dev\Dev2.Runtime\Dev2.Runtime.csproj]
C:\Users\ultra\warewolf\Dev\Dev2.Runtime\ESB\WF\XamlActivityHelper.cs(230,17): warning CC0004: Empty Catch Block. (https://code-cracker.github.io/diagnostics/CC0004.html) [C:\Users\ultra\warewolf\Dev\Dev2.Runtime\Dev2.Runtime.csproj]
C:\Users\ultra\warewolf\Dev\Dev2.Runtime\ESB\Execution\WfExecutionContainer.cs(864,21): warning CC0004: Empty Catch Block. (https://code-cracker.github.io/diagnostics/CC0004.html) [C:\Users\ultra\warewolf\Dev\Dev2.Runtime\Dev2.Runtime.csproj]
C:\Users\ultra\warewolf\Dev\Dev2.Runtime\ESB\Execution\WfExecutionContainer.cs(774,37): warning CC0022: StateAuditLogger should be disposed. (https://code-cracker.github.io/diagnostics/CC0022.html) [C:\Users\ultra\warewolf\Dev\Dev2.Runtime\Dev2.Runtime.csproj]
C:\Users\ultra\warewolf\Dev\Dev2.Runtime\ESB\WF\XamlActivityHelper.cs(240,43): warning CC0057: Parameter 'instance' is not used. (https://code-cracker.github.io/diagnostics/CC0057.html) [C:\Users\ultra\warewolf\Dev\Dev2.Runtime\Dev2.Runtime.csproj]
  Dev2.Runtime -> C:\Users\ultra\warewolf\Dev\Dev2.Runtime\bin\Debug\net8.0\Dev2.Runtime.dll
C:\Users\ultra\warewolf\Dev\Dev2.Studio.Core\Activities\Services\DesignerManagementService.cs(75,13): warning CS0618: 'EventAggregatorExtensions.Subscribe(IEventAggregator, object)' is obsolete: 'Use SubscribeOnPublishedThread' [C:\Users\ultra\warewolf\Dev\Dev2.Studio.Core\Dev2.Studio.Core.csproj]
C:\Users\ultra\warewolf\Dev\Dev2.Studio.Core\AppResources\Converters\NullableBoolToBoolConverter.cs(31,45): warning CC0057: Parameter 'targetType' is not used. (https://code-cracker.github.io/diagnostics/CC0057.html) [C:\Users\ultra\warewolf\Dev\Dev2.Studio.Core\Dev2.Studio.Core.csproj]
C:\Users\ultra\warewolf\Dev\Dev2.Studio.Core\AppResources\Converters\NullableBoolToBoolConverter.cs(31,62): warning CC0057: Parameter 'parameter' is not used. (https://code-cracker.github.io/diagnostics/CC0057.html) [C:\Users\ultra\warewolf\Dev\Dev2.Studio.Core\Dev2.Studio.Core.csproj]
C:\Users\ultra\warewolf\Dev\Dev2.Studio.Core\AppResources\Converters\NullableBoolToBoolConverter.cs(31,80): warning CC0057: Parameter 'culture' is not used. (https://code-cracker.github.io/diagnostics/CC0057.html) [C:\Users\ultra\warewolf\Dev\Dev2.Studio.Core\Dev2.Studio.Core.csproj]
C:\Users\ultra\warewolf\Dev\Dev2.Studio.Core\AppResources\Converters\NullableBoolToBoolConverter.cs(41,23): warning CC0057: Parameter 'value' is not used. (https://code-cracker.github.io/diagnostics/CC0057.html) [C:\Users\ultra\warewolf\Dev\Dev2.Studio.Core\Dev2.Studio.Core.csproj]
C:\Users\ultra\warewolf\Dev\Dev2.Studio.Core\AppResources\Converters\NullableBoolToBoolConverter.cs(41,37): warning CC0057: Parameter 'targetType' is not used. (https://code-cracker.github.io/diagnostics/CC0057.html) [C:\Users\ultra\warewolf\Dev\Dev2.Studio.Core\Dev2.Studio.Core.csproj]
C:\Users\ultra\warewolf\Dev\Dev2.Studio.Core\AppResources\Converters\NullableBoolToBoolConverter.cs(41,54): warning CC0057: Parameter 'parameter' is not used. (https://code-cracker.github.io/diagnostics/CC0057.html) [C:\Users\ultra\warewolf\Dev\Dev2.Studio.Core\Dev2.Studio.Core.csproj]
C:\Users\ultra\warewolf\Dev\Dev2.Studio.Core\AppResources\Converters\NullableBoolToBoolConverter.cs(41,72): warning CC0057: Parameter 'culture' is not used. (https://code-cracker.github.io/diagnostics/CC0057.html) [C:\Users\ultra\warewolf\Dev\Dev2.Studio.Core\Dev2.Studio.Core.csproj]
C:\Users\ultra\warewolf\Dev\Dev2.Studio.Core\AppResources\Converters\ModelItemToActivityConverter.cs(31,42): warning CC0057: Parameter 'targetType' is not used. (https://code-cracker.github.io/diagnostics/CC0057.html) [C:\Users\ultra\warewolf\Dev\Dev2.Studio.Core\Dev2.Studio.Core.csproj]
C:\Users\ultra\warewolf\Dev\Dev2.Studio.Core\AppResources\Converters\ModelItemToActivityConverter.cs(31,59): warning CC0057: Parameter 'parameter' is not used. (https://code-cracker.github.io/diagnostics/CC0057.html) [C:\Users\ultra\warewolf\Dev\Dev2.Studio.Core\Dev2.Studio.Core.csproj]
C:\Users\ultra\warewolf\Dev\Dev2.Studio.Core\AppResources\Converters\ModelItemToActivityConverter.cs(31,77): warning CC0057: Parameter 'culture' is not used. (https://code-cracker.github.io/diagnostics/CC0057.html) [C:\Users\ultra\warewolf\Dev\Dev2.Studio.Core\Dev2.Studio.Core.csproj]
C:\Users\ultra\warewolf\Dev\Dev2.Studio.Core\AppResources\Converters\ModelItemToActivityConverter.cs(45,46): warning CC0057: Parameter 'targetType' is not used. (https://code-cracker.github.io/diagnostics/CC0057.html) [C:\Users\ultra\warewolf\Dev\Dev2.Studio.Core\Dev2.Studio.Core.csproj]
C:\Users\ultra\warewolf\Dev\Dev2.Studio.Core\AppResources\Converters\ModelItemToActivityConverter.cs(45,81): warning CC0057: Parameter 'culture' is not used. (https://code-cracker.github.io/diagnostics/CC0057.html) [C:\Users\ultra\warewolf\Dev\Dev2.Studio.Core\Dev2.Studio.Core.csproj]
C:\Users\ultra\warewolf\Dev\Dev2.Studio.Core\Diagnostics\DebugStateTreeViewItemViewModel.cs(119,13): warning CC0105: Use 'var' instead of specifying the type name. (https://code-cracker.github.io/diagnostics/CC0105.html) [C:\Users\ultra\warewolf\Dev\Dev2.Studio.Core\Dev2.Studio.Core.csproj]
C:\Users\ultra\warewolf\Dev\Dev2.Studio.Core\DataList\Dev2TrieSuggestionProvider.cs(180,13): warning CC0004: Empty Catch Block. (https://code-cracker.github.io/diagnostics/CC0004.html) [C:\Users\ultra\warewolf\Dev\Dev2.Studio.Core\Dev2.Studio.Core.csproj]
  Dev2.Studio.Core -> C:\Users\ultra\warewolf\Dev\Dev2.Studio.Core\bin\Debug\net8.0\Dev2.Studio.Core.dll
C:\Program Files\dotnet\sdk\10.0.201\Microsoft.Common.CurrentVersion.targets(2451,5): warning MSB3277: Found conflicts between different versions of "WindowsBase" that could not be resolved. [C:\Users\ultra\warewolf\Dev\Warewolf.MergeParser\Warewolf.MergeParser.csproj]
C:\Program Files\dotnet\sdk\10.0.201\Microsoft.Common.CurrentVersion.targets(2451,5): warning MSB3277: There was a conflict between "WindowsBase, Version=4.0.0.0, Culture=neutral, PublicKeyToken=31bf3856ad364e35" and "WindowsBase, Version=6.0.2.0, Culture=neutral, PublicKeyToken=31bf3856ad364e35". [C:\Users\ultra\warewolf\Dev\Warewolf.MergeParser\Warewolf.MergeParser.csproj]
C:\Program Files\dotnet\sdk\10.0.201\Microsoft.Common.CurrentVersion.targets(2451,5): warning MSB3277:     "WindowsBase, Version=4.0.0.0, Culture=neutral, PublicKeyToken=31bf3856ad364e35" was chosen because it was primary and "WindowsBase, Version=6.0.2.0, Culture=neutral, PublicKeyToken=31bf3856ad364e35" was not. [C:\Users\ultra\warewolf\Dev\Warewolf.MergeParser\Warewolf.MergeParser.csproj]
C:\Program Files\dotnet\sdk\10.0.201\Microsoft.Common.CurrentVersion.targets(2451,5): warning MSB3277:     References which depend on "WindowsBase, Version=4.0.0.0, Culture=neutral, PublicKeyToken=31bf3856ad364e35" [C:\Program Files\dotnet\packs\Microsoft.NETCore.App.Ref\8.0.25\ref\net8.0\WindowsBase.dll]. [C:\Users\ultra\warewolf\Dev\Warewolf.MergeParser\Warewolf.MergeParser.csproj]
C:\Program Files\dotnet\sdk\10.0.201\Microsoft.Common.CurrentVersion.targets(2451,5): warning MSB3277:         C:\Program Files\dotnet\packs\Microsoft.NETCore.App.Ref\8.0.25\ref\net8.0\WindowsBase.dll [C:\Users\ultra\warewolf\Dev\Warewolf.MergeParser\Warewolf.MergeParser.csproj]
C:\Program Files\dotnet\sdk\10.0.201\Microsoft.Common.CurrentVersion.targets(2451,5): warning MSB3277:           Project file item includes which caused reference "C:\Program Files\dotnet\packs\Microsoft.NETCore.App.Ref\8.0.25\ref\net8.0\WindowsBase.dll". [C:\Users\ultra\warewolf\Dev\Warewolf.MergeParser\Warewolf.MergeParser.csproj]
C:\Program Files\dotnet\sdk\10.0.201\Microsoft.Common.CurrentVersion.targets(2451,5): warning MSB3277:             C:\Program Files\dotnet\packs\Microsoft.NETCore.App.Ref\8.0.25\ref/net8.0/WindowsBase.dll [C:\Users\ultra\warewolf\Dev\Warewolf.MergeParser\Warewolf.MergeParser.csproj]
C:\Program Files\dotnet\sdk\10.0.201\Microsoft.Common.CurrentVersion.targets(2451,5): warning MSB3277:     References which depend on or have been unified to "WindowsBase, Version=6.0.2.0, Culture=neutral, PublicKeyToken=31bf3856ad364e35" []. [C:\Users\ultra\warewolf\Dev\Warewolf.MergeParser\Warewolf.MergeParser.csproj]
C:\Program Files\dotnet\sdk\10.0.201\Microsoft.Common.CurrentVersion.targets(2451,5): warning MSB3277:         C:\Users\ultra\.nuget\packages\caliburn.micro\4.0.212\lib\netcoreapp3.1\Caliburn.Micro.Platform.dll [C:\Users\ultra\warewolf\Dev\Warewolf.MergeParser\Warewolf.MergeParser.csproj]
C:\Program Files\dotnet\sdk\10.0.201\Microsoft.Common.CurrentVersion.targets(2451,5): warning MSB3277:           Project file item includes which caused reference "C:\Users\ultra\.nuget\packages\caliburn.micro\4.0.212\lib\netcoreapp3.1\Caliburn.Micro.Platform.dll". [C:\Users\ultra\warewolf\Dev\Warewolf.MergeParser\Warewolf.MergeParser.csproj]
C:\Program Files\dotnet\sdk\10.0.201\Microsoft.Common.CurrentVersion.targets(2451,5): warning MSB3277:             C:\Users\ultra\.nuget\packages\caliburn.micro\4.0.212\lib\netcoreapp3.1\Caliburn.Micro.Platform.dll [C:\Users\ultra\warewolf\Dev\Warewolf.MergeParser\Warewolf.MergeParser.csproj]
C:\Program Files\dotnet\sdk\10.0.201\Microsoft.Common.CurrentVersion.targets(2451,5): warning MSB3277:         C:\Users\ultra\.nuget\packages\ironpython\3.4.0\lib\net6.0\IronPython.Wpf.dll [C:\Users\ultra\warewolf\Dev\Warewolf.MergeParser\Warewolf.MergeParser.csproj]
C:\Program Files\dotnet\sdk\10.0.201\Microsoft.Common.CurrentVersion.targets(2451,5): warning MSB3277:           Project file item includes which caused reference "C:\Users\ultra\.nuget\packages\ironpython\3.4.0\lib\net6.0\IronPython.Wpf.dll". [C:\Users\ultra\warewolf\Dev\Warewolf.MergeParser\Warewolf.MergeParser.csproj]
C:\Program Files\dotnet\sdk\10.0.201\Microsoft.Common.CurrentVersion.targets(2451,5): warning MSB3277:             C:\Users\ultra\.nuget\packages\ironpython\3.4.0\lib\net6.0\IronPython.Wpf.dll [C:\Users\ultra\warewolf\Dev\Warewolf.MergeParser\Warewolf.MergeParser.csproj]
C:\Program Files\dotnet\sdk\10.0.201\Microsoft.Common.CurrentVersion.targets(2451,5): warning MSB3277:         C:\Users\ultra\.nuget\packages\microsoft.xaml.behaviors.wpf\1.1.122\lib\net462\Microsoft.Xaml.Behaviors.dll [C:\Users\ultra\warewolf\Dev\Warewolf.MergeParser\Warewolf.MergeParser.csproj]
C:\Program Files\dotnet\sdk\10.0.201\Microsoft.Common.CurrentVersion.targets(2451,5): warning MSB3277:           Project file item includes which caused reference "C:\Users\ultra\.nuget\packages\microsoft.xaml.behaviors.wpf\1.1.122\lib\net462\Microsoft.Xaml.Behaviors.dll". [C:\Users\ultra\warewolf\Dev\Warewolf.MergeParser\Warewolf.MergeParser.csproj]
C:\Program Files\dotnet\sdk\10.0.201\Microsoft.Common.CurrentVersion.targets(2451,5): warning MSB3277:             C:\Users\ultra\.nuget\packages\microsoft.xaml.behaviors.wpf\1.1.122\lib\net462\Microsoft.Xaml.Behaviors.dll [C:\Users\ultra\warewolf\Dev\Warewolf.MergeParser\Warewolf.MergeParser.csproj]
C:\Program Files\dotnet\sdk\10.0.201\Microsoft.Common.CurrentVersion.targets(2451,5): warning MSB3277:             C:\Users\ultra\.nuget\packages\caliburn.micro\4.0.212\lib\netcoreapp3.1\Caliburn.Micro.Platform.dll [C:\Users\ultra\warewolf\Dev\Warewolf.MergeParser\Warewolf.MergeParser.csproj]
C:\Program Files\dotnet\sdk\10.0.201\Microsoft.Common.CurrentVersion.targets(2451,5): warning MSB3277:             C:\Users\ultra\.nuget\packages\prism.wpf\9.0.537\lib\net462\Prism.Wpf.dll [C:\Users\ultra\warewolf\Dev\Warewolf.MergeParser\Warewolf.MergeParser.csproj]
C:\Program Files\dotnet\sdk\10.0.201\Microsoft.Common.CurrentVersion.targets(2451,5): warning MSB3277:         C:\Users\ultra\.nuget\packages\prism.wpf\9.0.537\lib\net462\Prism.Wpf.dll [C:\Users\ultra\warewolf\Dev\Warewolf.MergeParser\Warewolf.MergeParser.csproj]
C:\Program Files\dotnet\sdk\10.0.201\Microsoft.Common.CurrentVersion.targets(2451,5): warning MSB3277:           Project file item includes which caused reference "C:\Users\ultra\.nuget\packages\prism.wpf\9.0.537\lib\net462\Prism.Wpf.dll". [C:\Users\ultra\warewolf\Dev\Warewolf.MergeParser\Warewolf.MergeParser.csproj]
C:\Program Files\dotnet\sdk\10.0.201\Microsoft.Common.CurrentVersion.targets(2451,5): warning MSB3277:             C:\Users\ultra\.nuget\packages\prism.wpf\9.0.537\lib\net462\Prism.Wpf.dll [C:\Users\ultra\warewolf\Dev\Warewolf.MergeParser\Warewolf.MergeParser.csproj]
C:\Program Files\dotnet\sdk\10.0.201\Microsoft.Common.CurrentVersion.targets(2451,5): warning MSB3277:         C:\Users\ultra\.nuget\packages\reactiveui.wpf\18.4.1\lib\net462\ReactiveUI.Wpf.dll [C:\Users\ultra\warewolf\Dev\Warewolf.MergeParser\Warewolf.MergeParser.csproj]
C:\Program Files\dotnet\sdk\10.0.201\Microsoft.Common.CurrentVersion.targets(2451,5): warning MSB3277:           Project file item includes which caused reference "C:\Users\ultra\.nuget\packages\reactiveui.wpf\18.4.1\lib\net462\ReactiveUI.Wpf.dll". [C:\Users\ultra\warewolf\Dev\Warewolf.MergeParser\Warewolf.MergeParser.csproj]
C:\Program Files\dotnet\sdk\10.0.201\Microsoft.Common.CurrentVersion.targets(2451,5): warning MSB3277:             C:\Users\ultra\.nuget\packages\reactiveui.wpf\18.4.1\lib\net462\ReactiveUI.Wpf.dll [C:\Users\ultra\warewolf\Dev\Warewolf.MergeParser\Warewolf.MergeParser.csproj]
C:\Program Files\dotnet\sdk\10.0.201\Microsoft.Common.CurrentVersion.targets(2451,5): warning MSB3277: Found conflicts between different versions of "Microsoft.Win32.SystemEvents" that could not be resolved. [C:\Users\ultra\warewolf\Dev\Dev2.Intellisense\Dev2.Intellisense.csproj]
C:\Program Files\dotnet\sdk\10.0.201\Microsoft.Common.CurrentVersion.targets(2451,5): warning MSB3277: There was a conflict between "Microsoft.Win32.SystemEvents, Version=6.0.0.0, Culture=neutral, PublicKeyToken=cc7b13ffcd2ddd51" and "Microsoft.Win32.SystemEvents, Version=7.0.0.0, Culture=neutral, PublicKeyToken=cc7b13ffcd2ddd51". [C:\Users\ultra\warewolf\Dev\Dev2.Intellisense\Dev2.Intellisense.csproj]
C:\Program Files\dotnet\sdk\10.0.201\Microsoft.Common.CurrentVersion.targets(2451,5): warning MSB3277:     "Microsoft.Win32.SystemEvents, Version=6.0.0.0, Culture=neutral, PublicKeyToken=cc7b13ffcd2ddd51" was chosen because it was primary and "Microsoft.Win32.SystemEvents, Version=7.0.0.0, Culture=neutral, PublicKeyToken=cc7b13ffcd2ddd51" was not. [C:\Users\ultra\warewolf\Dev\Dev2.Intellisense\Dev2.Intellisense.csproj]
C:\Program Files\dotnet\sdk\10.0.201\Microsoft.Common.CurrentVersion.targets(2451,5): warning MSB3277:     References which depend on "Microsoft.Win32.SystemEvents, Version=6.0.0.0, Culture=neutral, PublicKeyToken=cc7b13ffcd2ddd51" [C:\Users\ultra\.nuget\packages\microsoft.win32.systemevents\6.0.0\lib\net6.0\Microsoft.Win32.SystemEvents.dll]. [C:\Users\ultra\warewolf\Dev\Dev2.Intellisense\Dev2.Intellisense.csproj]
C:\Program Files\dotnet\sdk\10.0.201\Microsoft.Common.CurrentVersion.targets(2451,5): warning MSB3277:         C:\Users\ultra\.nuget\packages\microsoft.win32.systemevents\6.0.0\lib\net6.0\Microsoft.Win32.SystemEvents.dll [C:\Users\ultra\warewolf\Dev\Dev2.Intellisense\Dev2.Intellisense.csproj]
C:\Program Files\dotnet\sdk\10.0.201\Microsoft.Common.CurrentVersion.targets(2451,5): warning MSB3277:           Project file item includes which caused reference "C:\Users\ultra\.nuget\packages\microsoft.win32.systemevents\6.0.0\lib\net6.0\Microsoft.Win32.SystemEvents.dll". [C:\Users\ultra\warewolf\Dev\Dev2.Intellisense\Dev2.Intellisense.csproj]
C:\Program Files\dotnet\sdk\10.0.201\Microsoft.Common.CurrentVersion.targets(2451,5): warning MSB3277:             C:\Users\ultra\.nuget\packages\microsoft.win32.systemevents\6.0.0\lib\net6.0\Microsoft.Win32.SystemEvents.dll [C:\Users\ultra\warewolf\Dev\Dev2.Intellisense\Dev2.Intellisense.csproj]
C:\Program Files\dotnet\sdk\10.0.201\Microsoft.Common.CurrentVersion.targets(2451,5): warning MSB3277:     References which depend on or have been unified to "Microsoft.Win32.SystemEvents, Version=7.0.0.0, Culture=neutral, PublicKeyToken=cc7b13ffcd2ddd51" []. [C:\Users\ultra\warewolf\Dev\Dev2.Intellisense\Dev2.Intellisense.csproj]
C:\Program Files\dotnet\sdk\10.0.201\Microsoft.Common.CurrentVersion.targets(2451,5): warning MSB3277:         C:\Users\ultra\warewolf\Dev\Dev2.Common\bin\Debug\net8.0\Dev2.Common.dll [C:\Users\ultra\warewolf\Dev\Dev2.Intellisense\Dev2.Intellisense.csproj]
C:\Program Files\dotnet\sdk\10.0.201\Microsoft.Common.CurrentVersion.targets(2451,5): warning MSB3277:           Project file item includes which caused reference "C:\Users\ultra\warewolf\Dev\Dev2.Common\bin\Debug\net8.0\Dev2.Common.dll". [C:\Users\ultra\warewolf\Dev\Dev2.Intellisense\Dev2.Intellisense.csproj]
C:\Program Files\dotnet\sdk\10.0.201\Microsoft.Common.CurrentVersion.targets(2451,5): warning MSB3277:             C:\Users\ultra\warewolf\Dev\Dev2.Common\bin\Debug\net8.0\Dev2.Common.dll [C:\Users\ultra\warewolf\Dev\Dev2.Intellisense\Dev2.Intellisense.csproj]
C:\Program Files\dotnet\sdk\10.0.201\Microsoft.Common.CurrentVersion.targets(2451,5): warning MSB3277:             C:\Users\ultra\warewolf\Dev\Dev2.Activities\bin\Debug\net8.0\Dev2.Activities.dll [C:\Users\ultra\warewolf\Dev\Dev2.Intellisense\Dev2.Intellisense.csproj]
C:\Program Files\dotnet\sdk\10.0.201\Microsoft.Common.CurrentVersion.targets(2451,5): warning MSB3277:             C:\Users\ultra\warewolf\Dev\Dev2.Core\bin\Debug\net8.0\Dev2.Core.dll [C:\Users\ultra\warewolf\Dev\Dev2.Intellisense\Dev2.Intellisense.csproj]
C:\Program Files\dotnet\sdk\10.0.201\Microsoft.Common.CurrentVersion.targets(2451,5): warning MSB3277:             C:\Users\ultra\warewolf\Dev\Dev2.Data\bin\Debug\net8.0\Dev2.Data.dll [C:\Users\ultra\warewolf\Dev\Dev2.Intellisense\Dev2.Intellisense.csproj]
C:\Program Files\dotnet\sdk\10.0.201\Microsoft.Common.CurrentVersion.targets(2451,5): warning MSB3277:             C:\Users\ultra\warewolf\Dev\Dev2.Infrastructure\bin\Debug\net8.0\Dev2.Infrastructure.dll [C:\Users\ultra\warewolf\Dev\Dev2.Intellisense\Dev2.Intellisense.csproj]
C:\Program Files\dotnet\sdk\10.0.201\Microsoft.Common.CurrentVersion.targets(2451,5): warning MSB3277:             C:\Users\ultra\warewolf\Dev\Dev2.Studio.Core\bin\Debug\net8.0\Dev2.Studio.Core.dll [C:\Users\ultra\warewolf\Dev\Dev2.Intellisense\Dev2.Intellisense.csproj]
C:\Program Files\dotnet\sdk\10.0.201\Microsoft.Common.CurrentVersion.targets(2451,5): warning MSB3277:             C:\Users\ultra\warewolf\Dev\Dev2.Studio.Interfaces\bin\Debug\net8.0\Dev2.Studio.Interfaces.dll [C:\Users\ultra\warewolf\Dev\Dev2.Intellisense\Dev2.Intellisense.csproj]
C:\Program Files\dotnet\sdk\10.0.201\Microsoft.Common.CurrentVersion.targets(2451,5): warning MSB3277:             C:\Users\ultra\warewolf\Dev\Warewolf.Studio.Core\bin\Debug\net8.0\Warewolf.Studio.Core.dll [C:\Users\ultra\warewolf\Dev\Dev2.Intellisense\Dev2.Intellisense.csproj]
C:\Program Files\dotnet\sdk\10.0.201\Microsoft.Common.CurrentVersion.targets(2451,5): warning MSB3277:             C:\Users\ultra\warewolf\Dev\Dev2.Development.Languages\bin\Debug\net8.0\Dev2.Development.Languages.dll [C:\Users\ultra\warewolf\Dev\Dev2.Intellisense\Dev2.Intellisense.csproj]
C:\Program Files\dotnet\sdk\10.0.201\Microsoft.Common.CurrentVersion.targets(2451,5): warning MSB3277:             C:\Users\ultra\warewolf\Dev\Dev2.Diagnostics\bin\Debug\net8.0\Dev2.Diagnostics.dll [C:\Users\ultra\warewolf\Dev\Dev2.Intellisense\Dev2.Intellisense.csproj]
C:\Program Files\dotnet\sdk\10.0.201\Microsoft.Common.CurrentVersion.targets(2451,5): warning MSB3277:             C:\Users\ultra\warewolf\Dev\Dev2.Runtime.Services\bin\Debug\net8.0\Dev2.Runtime.Services.dll [C:\Users\ultra\warewolf\Dev\Dev2.Intellisense\Dev2.Intellisense.csproj]
C:\Program Files\dotnet\sdk\10.0.201\Microsoft.Common.CurrentVersion.targets(2451,5): warning MSB3277:             C:\Users\ultra\warewolf\Dev\Dev2.Scheduler\bin\Debug\net8.0\Dev2.Scheduler.dll [C:\Users\ultra\warewolf\Dev\Dev2.Intellisense\Dev2.Intellisense.csproj]
C:\Program Files\dotnet\sdk\10.0.201\Microsoft.Common.CurrentVersion.targets(2451,5): warning MSB3277:             C:\Users\ultra\warewolf\Dev\Dev2.Services.Execution\bin\Debug\net8.0\Dev2.Services.Execution.dll [C:\Users\ultra\warewolf\Dev\Dev2.Intellisense\Dev2.Intellisense.csproj]
C:\Program Files\dotnet\sdk\10.0.201\Microsoft.Common.CurrentVersion.targets(2451,5): warning MSB3277:             C:\Users\ultra\warewolf\Dev\Dev2.Services.Sql\bin\Debug\net8.0\Dev2.Services.Sql.dll [C:\Users\ultra\warewolf\Dev\Dev2.Intellisense\Dev2.Intellisense.csproj]
C:\Program Files\dotnet\sdk\10.0.201\Microsoft.Common.CurrentVersion.targets(2451,5): warning MSB3277:             C:\Users\ultra\warewolf\Dev\Dev2.TaskScheduler.Wrappers\bin\Debug\net8.0\Dev2.TaskScheduler.Wrappers.dll [C:\Users\ultra\warewolf\Dev\Dev2.Intellisense\Dev2.Intellisense.csproj]
C:\Program Files\dotnet\sdk\10.0.201\Microsoft.Common.CurrentVersion.targets(2451,5): warning MSB3277:             C:\Users\ultra\warewolf\Dev\Dev2.Util\bin\Debug\net8.0\Dev2.Util.dll [C:\Users\ultra\warewolf\Dev\Dev2.Intellisense\Dev2.Intellisense.csproj]
C:\Program Files\dotnet\sdk\10.0.201\Microsoft.Common.CurrentVersion.targets(2451,5): warning MSB3277:             C:\Users\ultra\warewolf\Dev\Warewolf.AI.Harness\bin\Debug\net8.0\Warewolf.AI.Harness.dll [C:\Users\ultra\warewolf\Dev\Dev2.Intellisense\Dev2.Intellisense.csproj]
C:\Program Files\dotnet\sdk\10.0.201\Microsoft.Common.CurrentVersion.targets(2451,5): warning MSB3277:             C:\Users\ultra\warewolf\Dev\Warewolf.Auditing\bin\Debug\net8.0\Warewolf.Auditing.dll [C:\Users\ultra\warewolf\Dev\Dev2.Intellisense\Dev2.Intellisense.csproj]
C:\Program Files\dotnet\sdk\10.0.201\Microsoft.Common.CurrentVersion.targets(2451,5): warning MSB3277:             C:\Users\ultra\warewolf\Dev\Warewolf.Common.NetStandard20\bin\Debug\net8.0\Warewolf.Common.NetStandard20.dll [C:\Users\ultra\warewolf\Dev\Dev2.Intellisense\Dev2.Intellisense.csproj]
C:\Program Files\dotnet\sdk\10.0.201\Microsoft.Common.CurrentVersion.targets(2451,5): warning MSB3277:             C:\Users\ultra\warewolf\Dev\Warewolf.Core\bin\Debug\net8.0\Warewolf.Core.dll [C:\Users\ultra\warewolf\Dev\Dev2.Intellisense\Dev2.Intellisense.csproj]
C:\Program Files\dotnet\sdk\10.0.201\Microsoft.Common.CurrentVersion.targets(2451,5): warning MSB3277:             C:\Users\ultra\warewolf\Dev\Warewolf.Driver.Persistence\bin\Debug\net8.0\Warewolf.Driver.Persistence.dll [C:\Users\ultra\warewolf\Dev\Dev2.Intellisense\Dev2.Intellisense.csproj]
C:\Program Files\dotnet\sdk\10.0.201\Microsoft.Common.CurrentVersion.targets(2451,5): warning MSB3277:             C:\Users\ultra\warewolf\Dev\Warewolf.Driver.Serilog\bin\Debug\net8.0\Warewolf.Driver.Serilog.dll [C:\Users\ultra\warewolf\Dev\Dev2.Intellisense\Dev2.Intellisense.csproj]
C:\Program Files\dotnet\sdk\10.0.201\Microsoft.Common.CurrentVersion.targets(2451,5): warning MSB3277:             C:\Users\ultra\warewolf\Dev\Warewolf.Exchange.Email.Wrapper\bin\Debug\net8.0\Warewolf.Exchange.Email.Wrapper.dll [C:\Users\ultra\warewolf\Dev\Dev2.Intellisense\Dev2.Intellisense.csproj]
C:\Program Files\dotnet\sdk\10.0.201\Microsoft.Common.CurrentVersion.targets(2451,5): warning MSB3277:             C:\Users\ultra\warewolf\Dev\Warewolf.ResourceManagement\bin\Debug\net8.0\Warewolf.ResourceManagement.dll [C:\Users\ultra\warewolf\Dev\Dev2.Intellisense\Dev2.Intellisense.csproj]
C:\Program Files\dotnet\sdk\10.0.201\Microsoft.Common.CurrentVersion.targets(2451,5): warning MSB3277:             C:\Users\ultra\warewolf\Dev\Warewolf.Sharepoint\bin\Debug\net8.0\Warewolf.Sharepoint.dll [C:\Users\ultra\warewolf\Dev\Dev2.Intellisense\Dev2.Intellisense.csproj]
C:\Program Files\dotnet\sdk\10.0.201\Microsoft.Common.CurrentVersion.targets(2451,5): warning MSB3277:             C:\Users\ultra\warewolf\Dev\Warewolf.Storage\bin\Debug\net8.0\Warewolf.Storage.dll [C:\Users\ultra\warewolf\Dev\Dev2.Intellisense\Dev2.Intellisense.csproj]
C:\Program Files\dotnet\sdk\10.0.201\Microsoft.Common.CurrentVersion.targets(2451,5): warning MSB3277:         C:\Users\ultra\warewolf\Dev\Binaries\Infragistcs_Net6\InfragisticsWPF4.v15.1.dll [C:\Users\ultra\warewolf\Dev\Dev2.Intellisense\Dev2.Intellisense.csproj]
C:\Program Files\dotnet\sdk\10.0.201\Microsoft.Common.CurrentVersion.targets(2451,5): warning MSB3277:           Project file item includes which caused reference "C:\Users\ultra\warewolf\Dev\Binaries\Infragistcs_Net6\InfragisticsWPF4.v15.1.dll". [C:\Users\ultra\warewolf\Dev\Dev2.Intellisense\Dev2.Intellisense.csproj]
C:\Program Files\dotnet\sdk\10.0.201\Microsoft.Common.CurrentVersion.targets(2451,5): warning MSB3277:             InfragisticsWPF4.v15.1, Version=15.1.20151.2055, Culture=neutral, PublicKeyToken=7dd5c3163f2cd0cb, processorArchitecture=MSIL [C:\Users\ultra\warewolf\Dev\Dev2.Intellisense\Dev2.Intellisense.csproj]
C:\Program Files\dotnet\sdk\10.0.201\Microsoft.Common.CurrentVersion.targets(2451,5): warning MSB3277:             CalculationManager.WPF [C:\Users\ultra\warewolf\Dev\Dev2.Intellisense\Dev2.Intellisense.csproj]
C:\Program Files\dotnet\sdk\10.0.201\Microsoft.Common.CurrentVersion.targets(2451,5): warning MSB3277:             InfragisticsWPF4.Math.Calculators.v15.1, Version=15.1.20151.2055, Culture=neutral, PublicKeyToken=7dd5c3163f2cd0cb, processorArchitecture=MSIL [C:\Users\ultra\warewolf\Dev\Dev2.Intellisense\Dev2.Intellisense.csproj]
C:\Program Files\dotnet\sdk\10.0.201\Microsoft.Common.CurrentVersion.targets(2451,5): warning MSB3277:         C:\Users\ultra\.nuget\packages\timespan2\2.4.2\lib\netcoreapp3.1\TimeSpan2.dll [C:\Users\ultra\warewolf\Dev\Dev2.Intellisense\Dev2.Intellisense.csproj]
C:\Program Files\dotnet\sdk\10.0.201\Microsoft.Common.CurrentVersion.targets(2451,5): warning MSB3277:           Project file item includes which caused reference "C:\Users\ultra\.nuget\packages\timespan2\2.4.2\lib\netcoreapp3.1\TimeSpan2.dll". [C:\Users\ultra\warewolf\Dev\Dev2.Intellisense\Dev2.Intellisense.csproj]
C:\Program Files\dotnet\sdk\10.0.201\Microsoft.Common.CurrentVersion.targets(2451,5): warning MSB3277:             C:\Users\ultra\.nuget\packages\timespan2\2.4.2\lib\netcoreapp3.1\TimeSpan2.dll [C:\Users\ultra\warewolf\Dev\Dev2.Intellisense\Dev2.Intellisense.csproj]
C:\Program Files\dotnet\sdk\10.0.201\Microsoft.Common.CurrentVersion.targets(2451,5): warning MSB3277:             C:\Users\ultra\.nuget\packages\taskschedulereditor\2.10.1\lib\net452\Microsoft.Win32.TaskSchedulerEditor.dll [C:\Users\ultra\warewolf\Dev\Dev2.Intellisense\Dev2.Intellisense.csproj]
C:\Program Files\dotnet\sdk\10.0.201\Microsoft.Common.CurrentVersion.targets(2451,5): warning MSB3277:         C:\Program Files\dotnet\packs\Microsoft.NETCore.App.Ref\8.0.25\ref\net8.0\System.dll [C:\Users\ultra\warewolf\Dev\Dev2.Intellisense\Dev2.Intellisense.csproj]
C:\Program Files\dotnet\sdk\10.0.201\Microsoft.Common.CurrentVersion.targets(2451,5): warning MSB3277:           Project file item includes which caused reference "C:\Program Files\dotnet\packs\Microsoft.NETCore.App.Ref\8.0.25\ref\net8.0\System.dll". [C:\Users\ultra\warewolf\Dev\Dev2.Intellisense\Dev2.Intellisense.csproj]
C:\Program Files\dotnet\sdk\10.0.201\Microsoft.Common.CurrentVersion.targets(2451,5): warning MSB3277:             C:\Program Files\dotnet\packs\Microsoft.NETCore.App.Ref\8.0.25\ref/net8.0/System.dll [C:\Users\ultra\warewolf\Dev\Dev2.Intellisense\Dev2.Intellisense.csproj]
C:\Program Files\dotnet\sdk\10.0.201\Microsoft.Common.CurrentVersion.targets(2451,5): warning MSB3277:             C:\Users\ultra\.nuget\packages\aerowizard\2.3.1\lib\net45\AeroWizard.dll [C:\Users\ultra\warewolf\Dev\Dev2.Intellisense\Dev2.Intellisense.csproj]
C:\Program Files\dotnet\sdk\10.0.201\Microsoft.Common.CurrentVersion.targets(2451,5): warning MSB3277:             C:\Users\ultra\.nuget\packages\groupcontrols\1.9.0\lib\net45\GroupControls.dll [C:\Users\ultra\warewolf\Dev\Dev2.Intellisense\Dev2.Intellisense.csproj]
C:\Program Files\dotnet\sdk\10.0.201\Microsoft.Common.CurrentVersion.targets(2451,5): warning MSB3277:             C:\Users\ultra\.nuget\packages\microsoft.xaml.behaviors.wpf\1.1.122\lib\net462\Microsoft.Xaml.Behaviors.dll [C:\Users\ultra\warewolf\Dev\Dev2.Intellisense\Dev2.Intellisense.csproj]
C:\Program Files\dotnet\sdk\10.0.201\Microsoft.Common.CurrentVersion.targets(2451,5): warning MSB3277:             C:\Users\ultra\.nuget\packages\caliburn.micro\4.0.212\lib\netcoreapp3.1\Caliburn.Micro.Platform.dll [C:\Users\ultra\warewolf\Dev\Dev2.Intellisense\Dev2.Intellisense.csproj]
C:\Program Files\dotnet\sdk\10.0.201\Microsoft.Common.CurrentVersion.targets(2451,5): warning MSB3277:             C:\Users\ultra\.nuget\packages\prism.wpf\9.0.537\lib\net462\Prism.Wpf.dll [C:\Users\ultra\warewolf\Dev\Dev2.Intellisense\Dev2.Intellisense.csproj]
C:\Program Files\dotnet\sdk\10.0.201\Microsoft.Common.CurrentVersion.targets(2451,5): warning MSB3277:             C:\Users\ultra\.nuget\packages\reactiveui.wpf\18.4.1\lib\net462\ReactiveUI.Wpf.dll [C:\Users\ultra\warewolf\Dev\Dev2.Intellisense\Dev2.Intellisense.csproj]
C:\Program Files\dotnet\sdk\10.0.201\Microsoft.Common.CurrentVersion.targets(2451,5): warning MSB3277:             C:\Users\ultra\.nuget\packages\taskschedulereditor\2.10.1\lib\net452\Microsoft.Win32.TaskSchedulerEditor.dll [C:\Users\ultra\warewolf\Dev\Dev2.Intellisense\Dev2.Intellisense.csproj]
C:\Program Files\dotnet\sdk\10.0.201\Microsoft.Common.CurrentVersion.targets(2451,5): warning MSB3277:             C:\Users\ultra\.nuget\packages\ttcue.netcore.sharepointonline.csom.16.1.8029.1200\16.1.8029.1200\lib\netcoreapp2.0\Microsoft.SharePoint.Client.Runtime.Windows.dll [C:\Users\ultra\warewolf\Dev\Dev2.Intellisense\Dev2.Intellisense.csproj]
C:\Program Files\dotnet\sdk\10.0.201\Microsoft.Common.CurrentVersion.targets(2451,5): warning MSB3277: Found conflicts between different versions of "System.Security.Permissions" that could not be resolved. [C:\Users\ultra\warewolf\Dev\Dev2.Intellisense\Dev2.Intellisense.csproj]
C:\Program Files\dotnet\sdk\10.0.201\Microsoft.Common.CurrentVersion.targets(2451,5): warning MSB3277: There was a conflict between "System.Security.Permissions, Version=6.0.0.0, Culture=neutral, PublicKeyToken=cc7b13ffcd2ddd51" and "System.Security.Permissions, Version=7.0.0.0, Culture=neutral, PublicKeyToken=cc7b13ffcd2ddd51". [C:\Users\ultra\warewolf\Dev\Dev2.Intellisense\Dev2.Intellisense.csproj]
C:\Program Files\dotnet\sdk\10.0.201\Microsoft.Common.CurrentVersion.targets(2451,5): warning MSB3277:     "System.Security.Permissions, Version=6.0.0.0, Culture=neutral, PublicKeyToken=cc7b13ffcd2ddd51" was chosen because it was primary and "System.Security.Permissions, Version=7.0.0.0, Culture=neutral, PublicKeyToken=cc7b13ffcd2ddd51" was not. [C:\Users\ultra\warewolf\Dev\Dev2.Intellisense\Dev2.Intellisense.csproj]
C:\Program Files\dotnet\sdk\10.0.201\Microsoft.Common.CurrentVersion.targets(2451,5): warning MSB3277:     References which depend on "System.Security.Permissions, Version=6.0.0.0, Culture=neutral, PublicKeyToken=cc7b13ffcd2ddd51" [C:\Users\ultra\.nuget\packages\system.security.permissions\6.0.0\lib\net6.0\System.Security.Permissions.dll]. [C:\Users\ultra\warewolf\Dev\Dev2.Intellisense\Dev2.Intellisense.csproj]
C:\Program Files\dotnet\sdk\10.0.201\Microsoft.Common.CurrentVersion.targets(2451,5): warning MSB3277:         C:\Users\ultra\.nuget\packages\system.security.permissions\6.0.0\lib\net6.0\System.Security.Permissions.dll [C:\Users\ultra\warewolf\Dev\Dev2.Intellisense\Dev2.Intellisense.csproj]
C:\Program Files\dotnet\sdk\10.0.201\Microsoft.Common.CurrentVersion.targets(2451,5): warning MSB3277:           Project file item includes which caused reference "C:\Users\ultra\.nuget\packages\system.security.permissions\6.0.0\lib\net6.0\System.Security.Permissions.dll". [C:\Users\ultra\warewolf\Dev\Dev2.Intellisense\Dev2.Intellisense.csproj]
C:\Program Files\dotnet\sdk\10.0.201\Microsoft.Common.CurrentVersion.targets(2451,5): warning MSB3277:             C:\Users\ultra\.nuget\packages\system.security.permissions\6.0.0\lib\net6.0\System.Security.Permissions.dll [C:\Users\ultra\warewolf\Dev\Dev2.Intellisense\Dev2.Intellisense.csproj]
C:\Program Files\dotnet\sdk\10.0.201\Microsoft.Common.CurrentVersion.targets(2451,5): warning MSB3277:     References which depend on or have been unified to "System.Security.Permissions, Version=7.0.0.0, Culture=neutral, PublicKeyToken=cc7b13ffcd2ddd51" []. [C:\Users\ultra\warewolf\Dev\Dev2.Intellisense\Dev2.Intellisense.csproj]
C:\Program Files\dotnet\sdk\10.0.201\Microsoft.Common.CurrentVersion.targets(2451,5): warning MSB3277:         C:\Users\ultra\warewolf\Dev\Dev2.Data\bin\Debug\net8.0\Dev2.Data.dll [C:\Users\ultra\warewolf\Dev\Dev2.Intellisense\Dev2.Intellisense.csproj]
C:\Program Files\dotnet\sdk\10.0.201\Microsoft.Common.CurrentVersion.targets(2451,5): warning MSB3277:           Project file item includes which caused reference "C:\Users\ultra\warewolf\Dev\Dev2.Data\bin\Debug\net8.0\Dev2.Data.dll". [C:\Users\ultra\warewolf\Dev\Dev2.Intellisense\Dev2.Intellisense.csproj]
C:\Program Files\dotnet\sdk\10.0.201\Microsoft.Common.CurrentVersion.targets(2451,5): warning MSB3277:             C:\Users\ultra\warewolf\Dev\Dev2.Data\bin\Debug\net8.0\Dev2.Data.dll [C:\Users\ultra\warewolf\Dev\Dev2.Intellisense\Dev2.Intellisense.csproj]
C:\Program Files\dotnet\sdk\10.0.201\Microsoft.Common.CurrentVersion.targets(2451,5): warning MSB3277:             C:\Users\ultra\warewolf\Dev\Dev2.Activities\bin\Debug\net8.0\Dev2.Activities.dll [C:\Users\ultra\warewolf\Dev\Dev2.Intellisense\Dev2.Intellisense.csproj]
C:\Program Files\dotnet\sdk\10.0.201\Microsoft.Common.CurrentVersion.targets(2451,5): warning MSB3277:             C:\Users\ultra\warewolf\Dev\Dev2.Core\bin\Debug\net8.0\Dev2.Core.dll [C:\Users\ultra\warewolf\Dev\Dev2.Intellisense\Dev2.Intellisense.csproj]
C:\Program Files\dotnet\sdk\10.0.201\Microsoft.Common.CurrentVersion.targets(2451,5): warning MSB3277:             C:\Users\ultra\warewolf\Dev\Dev2.Studio.Core\bin\Debug\net8.0\Dev2.Studio.Core.dll [C:\Users\ultra\warewolf\Dev\Dev2.Intellisense\Dev2.Intellisense.csproj]
C:\Program Files\dotnet\sdk\10.0.201\Microsoft.Common.CurrentVersion.targets(2451,5): warning MSB3277:             C:\Users\ultra\warewolf\Dev\Dev2.Studio.Interfaces\bin\Debug\net8.0\Dev2.Studio.Interfaces.dll [C:\Users\ultra\warewolf\Dev\Dev2.Intellisense\Dev2.Intellisense.csproj]
C:\Program Files\dotnet\sdk\10.0.201\Microsoft.Common.CurrentVersion.targets(2451,5): warning MSB3277:             C:\Users\ultra\warewolf\Dev\Warewolf.Studio.Core\bin\Debug\net8.0\Warewolf.Studio.Core.dll [C:\Users\ultra\warewolf\Dev\Dev2.Intellisense\Dev2.Intellisense.csproj]
C:\Program Files\dotnet\sdk\10.0.201\Microsoft.Common.CurrentVersion.targets(2451,5): warning MSB3277:             C:\Users\ultra\warewolf\Dev\Dev2.Runtime.Services\bin\Debug\net8.0\Dev2.Runtime.Services.dll [C:\Users\ultra\warewolf\Dev\Dev2.Intellisense\Dev2.Intellisense.csproj]
C:\Program Files\dotnet\sdk\10.0.201\Microsoft.Common.CurrentVersion.targets(2451,5): warning MSB3277:             C:\Users\ultra\warewolf\Dev\Dev2.Scheduler\bin\Debug\net8.0\Dev2.Scheduler.dll [C:\Users\ultra\warewolf\Dev\Dev2.Intellisense\Dev2.Intellisense.csproj]
C:\Program Files\dotnet\sdk\10.0.201\Microsoft.Common.CurrentVersion.targets(2451,5): warning MSB3277:             C:\Users\ultra\warewolf\Dev\Dev2.Services.Execution\bin\Debug\net8.0\Dev2.Services.Execution.dll [C:\Users\ultra\warewolf\Dev\Dev2.Intellisense\Dev2.Intellisense.csproj]
C:\Program Files\dotnet\sdk\10.0.201\Microsoft.Common.CurrentVersion.targets(2451,5): warning MSB3277:             C:\Users\ultra\warewolf\Dev\Warewolf.Auditing\bin\Debug\net8.0\Warewolf.Auditing.dll [C:\Users\ultra\warewolf\Dev\Dev2.Intellisense\Dev2.Intellisense.csproj]
C:\Program Files\dotnet\sdk\10.0.201\Microsoft.Common.CurrentVersion.targets(2451,5): warning MSB3277:             C:\Users\ultra\warewolf\Dev\Warewolf.Common.NetStandard20\bin\Debug\net8.0\Warewolf.Common.NetStandard20.dll [C:\Users\ultra\warewolf\Dev\Dev2.Intellisense\Dev2.Intellisense.csproj]
C:\Program Files\dotnet\sdk\10.0.201\Microsoft.Common.CurrentVersion.targets(2451,5): warning MSB3277:             C:\Users\ultra\warewolf\Dev\Warewolf.Core\bin\Debug\net8.0\Warewolf.Core.dll [C:\Users\ultra\warewolf\Dev\Dev2.Intellisense\Dev2.Intellisense.csproj]
C:\Program Files\dotnet\sdk\10.0.201\Microsoft.Common.CurrentVersion.targets(2451,5): warning MSB3277:             C:\Users\ultra\warewolf\Dev\Warewolf.Driver.Persistence\bin\Debug\net8.0\Warewolf.Driver.Persistence.dll [C:\Users\ultra\warewolf\Dev\Dev2.Intellisense\Dev2.Intellisense.csproj]
C:\Program Files\dotnet\sdk\10.0.201\Microsoft.Common.CurrentVersion.targets(2451,5): warning MSB3277:             C:\Users\ultra\warewolf\Dev\Warewolf.Exchange.Email.Wrapper\bin\Debug\net8.0\Warewolf.Exchange.Email.Wrapper.dll [C:\Users\ultra\warewolf\Dev\Dev2.Intellisense\Dev2.Intellisense.csproj]
C:\Program Files\dotnet\sdk\10.0.201\Microsoft.Common.CurrentVersion.targets(2451,5): warning MSB3277:             C:\Users\ultra\warewolf\Dev\Warewolf.ResourceManagement\bin\Debug\net8.0\Warewolf.ResourceManagement.dll [C:\Users\ultra\warewolf\Dev\Dev2.Intellisense\Dev2.Intellisense.csproj]
C:\Program Files\dotnet\sdk\10.0.201\Microsoft.Common.CurrentVersion.targets(2451,5): warning MSB3277:         C:\Users\ultra\warewolf\Dev\Binaries\Infragistcs_Net6\InfragisticsWPF4.v15.1.dll [C:\Users\ultra\warewolf\Dev\Dev2.Intellisense\Dev2.Intellisense.csproj]
C:\Program Files\dotnet\sdk\10.0.201\Microsoft.Common.CurrentVersion.targets(2451,5): warning MSB3277:           Project file item includes which caused reference "C:\Users\ultra\warewolf\Dev\Binaries\Infragistcs_Net6\InfragisticsWPF4.v15.1.dll". [C:\Users\ultra\warewolf\Dev\Dev2.Intellisense\Dev2.Intellisense.csproj]
C:\Program Files\dotnet\sdk\10.0.201\Microsoft.Common.CurrentVersion.targets(2451,5): warning MSB3277:             InfragisticsWPF4.v15.1, Version=15.1.20151.2055, Culture=neutral, PublicKeyToken=7dd5c3163f2cd0cb, processorArchitecture=MSIL [C:\Users\ultra\warewolf\Dev\Dev2.Intellisense\Dev2.Intellisense.csproj]
C:\Program Files\dotnet\sdk\10.0.201\Microsoft.Common.CurrentVersion.targets(2451,5): warning MSB3277:             CalculationManager.WPF [C:\Users\ultra\warewolf\Dev\Dev2.Intellisense\Dev2.Intellisense.csproj]
C:\Program Files\dotnet\sdk\10.0.201\Microsoft.Common.CurrentVersion.targets(2451,5): warning MSB3277:             InfragisticsWPF4.Math.Calculators.v15.1, Version=15.1.20151.2055, Culture=neutral, PublicKeyToken=7dd5c3163f2cd0cb, processorArchitecture=MSIL [C:\Users\ultra\warewolf\Dev\Dev2.Intellisense\Dev2.Intellisense.csproj]
C:\Program Files\dotnet\sdk\10.0.201\Microsoft.Common.CurrentVersion.targets(2451,5): warning MSB3277:         C:\Users\ultra\.nuget\packages\dotnetzip\1.16.0\lib\netstandard2.0\DotNetZip.dll [C:\Users\ultra\warewolf\Dev\Dev2.Intellisense\Dev2.Intellisense.csproj]
C:\Program Files\dotnet\sdk\10.0.201\Microsoft.Common.CurrentVersion.targets(2451,5): warning MSB3277:           Project file item includes which caused reference "C:\Users\ultra\.nuget\packages\dotnetzip\1.16.0\lib\netstandard2.0\DotNetZip.dll". [C:\Users\ultra\warewolf\Dev\Dev2.Intellisense\Dev2.Intellisense.csproj]
C:\Program Files\dotnet\sdk\10.0.201\Microsoft.Common.CurrentVersion.targets(2451,5): warning MSB3277:             C:\Users\ultra\.nuget\packages\dotnetzip\1.16.0\lib\netstandard2.0\DotNetZip.dll [C:\Users\ultra\warewolf\Dev\Dev2.Intellisense\Dev2.Intellisense.csproj]
C:\Program Files\dotnet\sdk\10.0.201\Microsoft.Common.CurrentVersion.targets(2451,5): warning MSB3277:             C:\Users\ultra\warewolf\Dev\Dev2.Common\bin\Debug\net8.0\Dev2.Common.dll [C:\Users\ultra\warewolf\Dev\Dev2.Intellisense\Dev2.Intellisense.csproj]
C:\Program Files\dotnet\sdk\10.0.201\Microsoft.Common.CurrentVersion.targets(2451,5): warning MSB3277:             C:\Users\ultra\warewolf\Dev\Dev2.Activities\bin\Debug\net8.0\Dev2.Activities.dll [C:\Users\ultra\warewolf\Dev\Dev2.Intellisense\Dev2.Intellisense.csproj]
C:\Program Files\dotnet\sdk\10.0.201\Microsoft.Common.CurrentVersion.targets(2451,5): warning MSB3277:             C:\Users\ultra\warewolf\Dev\Dev2.Core\bin\Debug\net8.0\Dev2.Core.dll [C:\Users\ultra\warewolf\Dev\Dev2.Intellisense\Dev2.Intellisense.csproj]
C:\Program Files\dotnet\sdk\10.0.201\Microsoft.Common.CurrentVersion.targets(2451,5): warning MSB3277:             C:\Users\ultra\warewolf\Dev\Dev2.Data.Interfaces\bin\Debug\net8.0\Dev2.Data.Interfaces.dll [C:\Users\ultra\warewolf\Dev\Dev2.Intellisense\Dev2.Intellisense.csproj]
C:\Program Files\dotnet\sdk\10.0.201\Microsoft.Common.CurrentVersion.targets(2451,5): warning MSB3277:             C:\Users\ultra\warewolf\Dev\Dev2.Data\bin\Debug\net8.0\Dev2.Data.dll [C:\Users\ultra\warewolf\Dev\Dev2.Intellisense\Dev2.Intellisense.csproj]
C:\Program Files\dotnet\sdk\10.0.201\Microsoft.Common.CurrentVersion.targets(2451,5): warning MSB3277:             C:\Users\ultra\warewolf\Dev\Dev2.Infrastructure\bin\Debug\net8.0\Dev2.Infrastructure.dll [C:\Users\ultra\warewolf\Dev\Dev2.Intellisense\Dev2.Intellisense.csproj]
C:\Program Files\dotnet\sdk\10.0.201\Microsoft.Common.CurrentVersion.targets(2451,5): warning MSB3277:             C:\Users\ultra\warewolf\Dev\Dev2.Studio.Core\bin\Debug\net8.0\Dev2.Studio.Core.dll [C:\Users\ultra\warewolf\Dev\Dev2.Intellisense\Dev2.Intellisense.csproj]
C:\Program Files\dotnet\sdk\10.0.201\Microsoft.Common.CurrentVersion.targets(2451,5): warning MSB3277:             C:\Users\ultra\warewolf\Dev\Dev2.Studio.Interfaces\bin\Debug\net8.0\Dev2.Studio.Interfaces.dll [C:\Users\ultra\warewolf\Dev\Dev2.Intellisense\Dev2.Intellisense.csproj]
C:\Program Files\dotnet\sdk\10.0.201\Microsoft.Common.CurrentVersion.targets(2451,5): warning MSB3277:             C:\Users\ultra\warewolf\Dev\Warewolf.Studio.Core\bin\Debug\net8.0\Warewolf.Studio.Core.dll [C:\Users\ultra\warewolf\Dev\Dev2.Intellisense\Dev2.Intellisense.csproj]
C:\Program Files\dotnet\sdk\10.0.201\Microsoft.Common.CurrentVersion.targets(2451,5): warning MSB3277:             C:\Users\ultra\warewolf\Dev\Dev2.Development.Languages\bin\Debug\net8.0\Dev2.Development.Languages.dll [C:\Users\ultra\warewolf\Dev\Dev2.Intellisense\Dev2.Intellisense.csproj]
C:\Program Files\dotnet\sdk\10.0.201\Microsoft.Common.CurrentVersion.targets(2451,5): warning MSB3277:             C:\Users\ultra\warewolf\Dev\Dev2.Diagnostics\bin\Debug\net8.0\Dev2.Diagnostics.dll [C:\Users\ultra\warewolf\Dev\Dev2.Intellisense\Dev2.Intellisense.csproj]
C:\Program Files\dotnet\sdk\10.0.201\Microsoft.Common.CurrentVersion.targets(2451,5): warning MSB3277:             C:\Users\ultra\warewolf\Dev\Dev2.Runtime.Services\bin\Debug\net8.0\Dev2.Runtime.Services.dll [C:\Users\ultra\warewolf\Dev\Dev2.Intellisense\Dev2.Intellisense.csproj]
C:\Program Files\dotnet\sdk\10.0.201\Microsoft.Common.CurrentVersion.targets(2451,5): warning MSB3277:             C:\Users\ultra\warewolf\Dev\Dev2.Scheduler\bin\Debug\net8.0\Dev2.Scheduler.dll [C:\Users\ultra\warewolf\Dev\Dev2.Intellisense\Dev2.Intellisense.csproj]
C:\Program Files\dotnet\sdk\10.0.201\Microsoft.Common.CurrentVersion.targets(2451,5): warning MSB3277:             C:\Users\ultra\warewolf\Dev\Dev2.Services.Execution\bin\Debug\net8.0\Dev2.Services.Execution.dll [C:\Users\ultra\warewolf\Dev\Dev2.Intellisense\Dev2.Intellisense.csproj]
C:\Program Files\dotnet\sdk\10.0.201\Microsoft.Common.CurrentVersion.targets(2451,5): warning MSB3277:             C:\Users\ultra\warewolf\Dev\Dev2.Services.Sql\bin\Debug\net8.0\Dev2.Services.Sql.dll [C:\Users\ultra\warewolf\Dev\Dev2.Intellisense\Dev2.Intellisense.csproj]
C:\Program Files\dotnet\sdk\10.0.201\Microsoft.Common.CurrentVersion.targets(2451,5): warning MSB3277:             C:\Users\ultra\warewolf\Dev\Dev2.TaskScheduler.Wrappers\bin\Debug\net8.0\Dev2.TaskScheduler.Wrappers.dll [C:\Users\ultra\warewolf\Dev\Dev2.Intellisense\Dev2.Intellisense.csproj]
C:\Program Files\dotnet\sdk\10.0.201\Microsoft.Common.CurrentVersion.targets(2451,5): warning MSB3277:             C:\Users\ultra\warewolf\Dev\Dev2.Util\bin\Debug\net8.0\Dev2.Util.dll [C:\Users\ultra\warewolf\Dev\Dev2.Intellisense\Dev2.Intellisense.csproj]
C:\Program Files\dotnet\sdk\10.0.201\Microsoft.Common.CurrentVersion.targets(2451,5): warning MSB3277:             C:\Users\ultra\warewolf\Dev\Warewolf.AI.Harness\bin\Debug\net8.0\Warewolf.AI.Harness.dll [C:\Users\ultra\warewolf\Dev\Dev2.Intellisense\Dev2.Intellisense.csproj]
C:\Program Files\dotnet\sdk\10.0.201\Microsoft.Common.CurrentVersion.targets(2451,5): warning MSB3277:             C:\Users\ultra\warewolf\Dev\Warewolf.Auditing\bin\Debug\net8.0\Warewolf.Auditing.dll [C:\Users\ultra\warewolf\Dev\Dev2.Intellisense\Dev2.Intellisense.csproj]
C:\Program Files\dotnet\sdk\10.0.201\Microsoft.Common.CurrentVersion.targets(2451,5): warning MSB3277:             C:\Users\ultra\warewolf\Dev\Warewolf.Common.NetStandard20\bin\Debug\net8.0\Warewolf.Common.NetStandard20.dll [C:\Users\ultra\warewolf\Dev\Dev2.Intellisense\Dev2.Intellisense.csproj]
C:\Program Files\dotnet\sdk\10.0.201\Microsoft.Common.CurrentVersion.targets(2451,5): warning MSB3277:             C:\Users\ultra\warewolf\Dev\Warewolf.Core\bin\Debug\net8.0\Warewolf.Core.dll [C:\Users\ultra\warewolf\Dev\Dev2.Intellisense\Dev2.Intellisense.csproj]
C:\Program Files\dotnet\sdk\10.0.201\Microsoft.Common.CurrentVersion.targets(2451,5): warning MSB3277:             C:\Users\ultra\warewolf\Dev\Warewolf.Driver.Persistence\bin\Debug\net8.0\Warewolf.Driver.Persistence.dll [C:\Users\ultra\warewolf\Dev\Dev2.Intellisense\Dev2.Intellisense.csproj]
C:\Program Files\dotnet\sdk\10.0.201\Microsoft.Common.CurrentVersion.targets(2451,5): warning MSB3277:             C:\Users\ultra\warewolf\Dev\Warewolf.Driver.Serilog\bin\Debug\net8.0\Warewolf.Driver.Serilog.dll [C:\Users\ultra\warewolf\Dev\Dev2.Intellisense\Dev2.Intellisense.csproj]
C:\Program Files\dotnet\sdk\10.0.201\Microsoft.Common.CurrentVersion.targets(2451,5): warning MSB3277:             C:\Users\ultra\warewolf\Dev\Warewolf.Exchange.Email.Wrapper\bin\Debug\net8.0\Warewolf.Exchange.Email.Wrapper.dll [C:\Users\ultra\warewolf\Dev\Dev2.Intellisense\Dev2.Intellisense.csproj]
C:\Program Files\dotnet\sdk\10.0.201\Microsoft.Common.CurrentVersion.targets(2451,5): warning MSB3277:             C:\Users\ultra\warewolf\Dev\Warewolf.ResourceManagement\bin\Debug\net8.0\Warewolf.ResourceManagement.dll [C:\Users\ultra\warewolf\Dev\Dev2.Intellisense\Dev2.Intellisense.csproj]
C:\Program Files\dotnet\sdk\10.0.201\Microsoft.Common.CurrentVersion.targets(2451,5): warning MSB3277:             C:\Users\ultra\warewolf\Dev\Warewolf.Sharepoint\bin\Debug\net8.0\Warewolf.Sharepoint.dll [C:\Users\ultra\warewolf\Dev\Dev2.Intellisense\Dev2.Intellisense.csproj]
C:\Program Files\dotnet\sdk\10.0.201\Microsoft.Common.CurrentVersion.targets(2451,5): warning MSB3277:             C:\Users\ultra\warewolf\Dev\Warewolf.Storage\bin\Debug\net8.0\Warewolf.Storage.dll [C:\Users\ultra\warewolf\Dev\Dev2.Intellisense\Dev2.Intellisense.csproj]
C:\Program Files\dotnet\sdk\10.0.201\Microsoft.Common.CurrentVersion.targets(2451,5): warning MSB3277:         C:\Users\ultra\.nuget\packages\mindbox.data.linq\5.0.0\lib\netstandard2.0\Mindbox.Data.Linq.dll [C:\Users\ultra\warewolf\Dev\Dev2.Intellisense\Dev2.Intellisense.csproj]
C:\Program Files\dotnet\sdk\10.0.201\Microsoft.Common.CurrentVersion.targets(2451,5): warning MSB3277:           Project file item includes which caused reference "C:\Users\ultra\.nuget\packages\mindbox.data.linq\5.0.0\lib\netstandard2.0\Mindbox.Data.Linq.dll". [C:\Users\ultra\warewolf\Dev\Dev2.Intellisense\Dev2.Intellisense.csproj]
C:\Program Files\dotnet\sdk\10.0.201\Microsoft.Common.CurrentVersion.targets(2451,5): warning MSB3277:             C:\Users\ultra\.nuget\packages\mindbox.data.linq\5.0.0\lib\netstandard2.0\Mindbox.Data.Linq.dll [C:\Users\ultra\warewolf\Dev\Dev2.Intellisense\Dev2.Intellisense.csproj]
C:\Program Files\dotnet\sdk\10.0.201\Microsoft.Common.CurrentVersion.targets(2451,5): warning MSB3277:             C:\Users\ultra\warewolf\Dev\Warewolf.Auditing\bin\Debug\net8.0\Warewolf.Auditing.dll [C:\Users\ultra\warewolf\Dev\Dev2.Intellisense\Dev2.Intellisense.csproj]
C:\Program Files\dotnet\sdk\10.0.201\Microsoft.Common.CurrentVersion.targets(2451,5): warning MSB3277:             C:\Users\ultra\warewolf\Dev\Dev2.Activities\bin\Debug\net8.0\Dev2.Activities.dll [C:\Users\ultra\warewolf\Dev\Dev2.Intellisense\Dev2.Intellisense.csproj]
C:\Program Files\dotnet\sdk\10.0.201\Microsoft.Common.CurrentVersion.targets(2451,5): warning MSB3277:             C:\Users\ultra\warewolf\Dev\Dev2.Studio.Core\bin\Debug\net8.0\Dev2.Studio.Core.dll [C:\Users\ultra\warewolf\Dev\Dev2.Intellisense\Dev2.Intellisense.csproj]
C:\Program Files\dotnet\sdk\10.0.201\Microsoft.Common.CurrentVersion.targets(2451,5): warning MSB3277:             C:\Users\ultra\warewolf\Dev\Dev2.Runtime.Services\bin\Debug\net8.0\Dev2.Runtime.Services.dll [C:\Users\ultra\warewolf\Dev\Dev2.Intellisense\Dev2.Intellisense.csproj]
C:\Program Files\dotnet\sdk\10.0.201\Microsoft.Common.CurrentVersion.targets(2451,5): warning MSB3277:             C:\Users\ultra\warewolf\Dev\Dev2.Studio.Interfaces\bin\Debug\net8.0\Dev2.Studio.Interfaces.dll [C:\Users\ultra\warewolf\Dev\Dev2.Intellisense\Dev2.Intellisense.csproj]
C:\Program Files\dotnet\sdk\10.0.201\Microsoft.Common.CurrentVersion.targets(2451,5): warning MSB3277:             C:\Users\ultra\warewolf\Dev\Warewolf.Studio.Core\bin\Debug\net8.0\Warewolf.Studio.Core.dll [C:\Users\ultra\warewolf\Dev\Dev2.Intellisense\Dev2.Intellisense.csproj]
C:\Program Files\dotnet\sdk\10.0.201\Microsoft.Common.CurrentVersion.targets(2451,5): warning MSB3277:             C:\Users\ultra\warewolf\Dev\Dev2.Services.Execution\bin\Debug\net8.0\Dev2.Services.Execution.dll [C:\Users\ultra\warewolf\Dev\Dev2.Intellisense\Dev2.Intellisense.csproj]
C:\Program Files\dotnet\sdk\10.0.201\Microsoft.Common.CurrentVersion.targets(2451,5): warning MSB3277:             C:\Users\ultra\warewolf\Dev\Warewolf.Common.NetStandard20\bin\Debug\net8.0\Warewolf.Common.NetStandard20.dll [C:\Users\ultra\warewolf\Dev\Dev2.Intellisense\Dev2.Intellisense.csproj]
C:\Program Files\dotnet\sdk\10.0.201\Microsoft.Common.CurrentVersion.targets(2451,5): warning MSB3277:             C:\Users\ultra\warewolf\Dev\Warewolf.Driver.Persistence\bin\Debug\net8.0\Warewolf.Driver.Persistence.dll [C:\Users\ultra\warewolf\Dev\Dev2.Intellisense\Dev2.Intellisense.csproj]
C:\Program Files\dotnet\sdk\10.0.201\Microsoft.Common.CurrentVersion.targets(2451,5): warning MSB3277:         C:\Users\ultra\.nuget\packages\mysql.data\8.4.0\lib\net8.0\MySql.Data.dll [C:\Users\ultra\warewolf\Dev\Dev2.Intellisense\Dev2.Intellisense.csproj]
C:\Program Files\dotnet\sdk\10.0.201\Microsoft.Common.CurrentVersion.targets(2451,5): warning MSB3277:           Project file item includes which caused reference "C:\Users\ultra\.nuget\packages\mysql.data\8.4.0\lib\net8.0\MySql.Data.dll". [C:\Users\ultra\warewolf\Dev\Dev2.Intellisense\Dev2.Intellisense.csproj]
C:\Program Files\dotnet\sdk\10.0.201\Microsoft.Common.CurrentVersion.targets(2451,5): warning MSB3277:             C:\Users\ultra\.nuget\packages\mysql.data\8.4.0\lib\net8.0\MySql.Data.dll [C:\Users\ultra\warewolf\Dev\Dev2.Intellisense\Dev2.Intellisense.csproj]
C:\Program Files\dotnet\sdk\10.0.201\Microsoft.Common.CurrentVersion.targets(2451,5): warning MSB3277:             C:\Users\ultra\warewolf\Dev\Dev2.Activities\bin\Debug\net8.0\Dev2.Activities.dll [C:\Users\ultra\warewolf\Dev\Dev2.Intellisense\Dev2.Intellisense.csproj]
C:\Program Files\dotnet\sdk\10.0.201\Microsoft.Common.CurrentVersion.targets(2451,5): warning MSB3277:             C:\Users\ultra\warewolf\Dev\Dev2.Studio.Core\bin\Debug\net8.0\Dev2.Studio.Core.dll [C:\Users\ultra\warewolf\Dev\Dev2.Intellisense\Dev2.Intellisense.csproj]
C:\Program Files\dotnet\sdk\10.0.201\Microsoft.Common.CurrentVersion.targets(2451,5): warning MSB3277:             C:\Users\ultra\warewolf\Dev\Dev2.Runtime.Services\bin\Debug\net8.0\Dev2.Runtime.Services.dll [C:\Users\ultra\warewolf\Dev\Dev2.Intellisense\Dev2.Intellisense.csproj]
C:\Program Files\dotnet\sdk\10.0.201\Microsoft.Common.CurrentVersion.targets(2451,5): warning MSB3277:             C:\Users\ultra\warewolf\Dev\Dev2.Studio.Interfaces\bin\Debug\net8.0\Dev2.Studio.Interfaces.dll [C:\Users\ultra\warewolf\Dev\Dev2.Intellisense\Dev2.Intellisense.csproj]
C:\Program Files\dotnet\sdk\10.0.201\Microsoft.Common.CurrentVersion.targets(2451,5): warning MSB3277:             C:\Users\ultra\warewolf\Dev\Warewolf.Studio.Core\bin\Debug\net8.0\Warewolf.Studio.Core.dll [C:\Users\ultra\warewolf\Dev\Dev2.Intellisense\Dev2.Intellisense.csproj]
C:\Program Files\dotnet\sdk\10.0.201\Microsoft.Common.CurrentVersion.targets(2451,5): warning MSB3277:             C:\Users\ultra\warewolf\Dev\Dev2.Services.Execution\bin\Debug\net8.0\Dev2.Services.Execution.dll [C:\Users\ultra\warewolf\Dev\Dev2.Intellisense\Dev2.Intellisense.csproj]
C:\Program Files\dotnet\sdk\10.0.201\Microsoft.Common.CurrentVersion.targets(2451,5): warning MSB3277:             C:\Users\ultra\warewolf\Dev\Dev2.Services.Sql\bin\Debug\net8.0\Dev2.Services.Sql.dll [C:\Users\ultra\warewolf\Dev\Dev2.Intellisense\Dev2.Intellisense.csproj]
C:\Program Files\dotnet\sdk\10.0.201\Microsoft.Common.CurrentVersion.targets(2451,5): warning MSB3277:             C:\Users\ultra\warewolf\Dev\Warewolf.Driver.Persistence\bin\Debug\net8.0\Warewolf.Driver.Persistence.dll [C:\Users\ultra\warewolf\Dev\Dev2.Intellisense\Dev2.Intellisense.csproj]
C:\Program Files\dotnet\sdk\10.0.201\Microsoft.Common.CurrentVersion.targets(2451,5): warning MSB3277:         C:\Users\ultra\.nuget\packages\oracle.manageddataaccess.core\3.21.70\lib\netstandard2.1\Oracle.ManagedDataAccess.dll [C:\Users\ultra\warewolf\Dev\Dev2.Intellisense\Dev2.Intellisense.csproj]
C:\Program Files\dotnet\sdk\10.0.201\Microsoft.Common.CurrentVersion.targets(2451,5): warning MSB3277:           Project file item includes which caused reference "C:\Users\ultra\.nuget\packages\oracle.manageddataaccess.core\3.21.70\lib\netstandard2.1\Oracle.ManagedDataAccess.dll". [C:\Users\ultra\warewolf\Dev\Dev2.Intellisense\Dev2.Intellisense.csproj]
C:\Program Files\dotnet\sdk\10.0.201\Microsoft.Common.CurrentVersion.targets(2451,5): warning MSB3277:             C:\Users\ultra\.nuget\packages\oracle.manageddataaccess.core\3.21.70\lib\netstandard2.1\Oracle.ManagedDataAccess.dll [C:\Users\ultra\warewolf\Dev\Dev2.Intellisense\Dev2.Intellisense.csproj]
C:\Program Files\dotnet\sdk\10.0.201\Microsoft.Common.CurrentVersion.targets(2451,5): warning MSB3277:             C:\Users\ultra\warewolf\Dev\Dev2.Runtime.Services\bin\Debug\net8.0\Dev2.Runtime.Services.dll [C:\Users\ultra\warewolf\Dev\Dev2.Intellisense\Dev2.Intellisense.csproj]
C:\Program Files\dotnet\sdk\10.0.201\Microsoft.Common.CurrentVersion.targets(2451,5): warning MSB3277:             C:\Users\ultra\warewolf\Dev\Dev2.Activities\bin\Debug\net8.0\Dev2.Activities.dll [C:\Users\ultra\warewolf\Dev\Dev2.Intellisense\Dev2.Intellisense.csproj]
C:\Program Files\dotnet\sdk\10.0.201\Microsoft.Common.CurrentVersion.targets(2451,5): warning MSB3277:             C:\Users\ultra\warewolf\Dev\Dev2.Studio.Core\bin\Debug\net8.0\Dev2.Studio.Core.dll [C:\Users\ultra\warewolf\Dev\Dev2.Intellisense\Dev2.Intellisense.csproj]
C:\Program Files\dotnet\sdk\10.0.201\Microsoft.Common.CurrentVersion.targets(2451,5): warning MSB3277:             C:\Users\ultra\warewolf\Dev\Dev2.Studio.Interfaces\bin\Debug\net8.0\Dev2.Studio.Interfaces.dll [C:\Users\ultra\warewolf\Dev\Dev2.Intellisense\Dev2.Intellisense.csproj]
C:\Program Files\dotnet\sdk\10.0.201\Microsoft.Common.CurrentVersion.targets(2451,5): warning MSB3277:             C:\Users\ultra\warewolf\Dev\Warewolf.Studio.Core\bin\Debug\net8.0\Warewolf.Studio.Core.dll [C:\Users\ultra\warewolf\Dev\Dev2.Intellisense\Dev2.Intellisense.csproj]
C:\Program Files\dotnet\sdk\10.0.201\Microsoft.Common.CurrentVersion.targets(2451,5): warning MSB3277:             C:\Users\ultra\warewolf\Dev\Dev2.Services.Execution\bin\Debug\net8.0\Dev2.Services.Execution.dll [C:\Users\ultra\warewolf\Dev\Dev2.Intellisense\Dev2.Intellisense.csproj]
C:\Program Files\dotnet\sdk\10.0.201\Microsoft.Common.CurrentVersion.targets(2451,5): warning MSB3277:             C:\Users\ultra\warewolf\Dev\Dev2.Services.Sql\bin\Debug\net8.0\Dev2.Services.Sql.dll [C:\Users\ultra\warewolf\Dev\Dev2.Intellisense\Dev2.Intellisense.csproj]
C:\Program Files\dotnet\sdk\10.0.201\Microsoft.Common.CurrentVersion.targets(2451,5): warning MSB3277:             C:\Users\ultra\warewolf\Dev\Warewolf.Driver.Persistence\bin\Debug\net8.0\Warewolf.Driver.Persistence.dll [C:\Users\ultra\warewolf\Dev\Dev2.Intellisense\Dev2.Intellisense.csproj]
C:\Program Files\dotnet\sdk\10.0.201\Microsoft.Common.CurrentVersion.targets(2451,5): warning MSB3277:         C:\Users\ultra\.nuget\packages\system.directoryservices\6.0.0\lib\net6.0\System.DirectoryServices.dll [C:\Users\ultra\warewolf\Dev\Dev2.Intellisense\Dev2.Intellisense.csproj]
C:\Program Files\dotnet\sdk\10.0.201\Microsoft.Common.CurrentVersion.targets(2451,5): warning MSB3277:           Project file item includes which caused reference "C:\Users\ultra\.nuget\packages\system.directoryservices\6.0.0\lib\net6.0\System.DirectoryServices.dll". [C:\Users\ultra\warewolf\Dev\Dev2.Intellisense\Dev2.Intellisense.csproj]
C:\Program Files\dotnet\sdk\10.0.201\Microsoft.Common.CurrentVersion.targets(2451,5): warning MSB3277:             C:\Users\ultra\.nuget\packages\system.directoryservices\6.0.0\lib\net6.0\System.DirectoryServices.dll [C:\Users\ultra\warewolf\Dev\Dev2.Intellisense\Dev2.Intellisense.csproj]
C:\Program Files\dotnet\sdk\10.0.201\Microsoft.Common.CurrentVersion.targets(2451,5): warning MSB3277:             C:\Users\ultra\.nuget\packages\corewcf.primitives\1.2.1\lib\netstandard2.0\CoreWCF.Primitives.dll [C:\Users\ultra\warewolf\Dev\Dev2.Intellisense\Dev2.Intellisense.csproj]
C:\Program Files\dotnet\sdk\10.0.201\Microsoft.Common.CurrentVersion.targets(2451,5): warning MSB3277:             C:\Users\ultra\warewolf\Dev\Dev2.Runtime.Services\bin\Debug\net8.0\Dev2.Runtime.Services.dll [C:\Users\ultra\warewolf\Dev\Dev2.Intellisense\Dev2.Intellisense.csproj]
C:\Program Files\dotnet\sdk\10.0.201\Microsoft.Common.CurrentVersion.targets(2451,5): warning MSB3277:             C:\Users\ultra\warewolf\Dev\Dev2.Activities\bin\Debug\net8.0\Dev2.Activities.dll [C:\Users\ultra\warewolf\Dev\Dev2.Intellisense\Dev2.Intellisense.csproj]
C:\Program Files\dotnet\sdk\10.0.201\Microsoft.Common.CurrentVersion.targets(2451,5): warning MSB3277:             C:\Users\ultra\warewolf\Dev\Dev2.Studio.Core\bin\Debug\net8.0\Dev2.Studio.Core.dll [C:\Users\ultra\warewolf\Dev\Dev2.Intellisense\Dev2.Intellisense.csproj]
C:\Program Files\dotnet\sdk\10.0.201\Microsoft.Common.CurrentVersion.targets(2451,5): warning MSB3277:             C:\Users\ultra\warewolf\Dev\Dev2.Studio.Interfaces\bin\Debug\net8.0\Dev2.Studio.Interfaces.dll [C:\Users\ultra\warewolf\Dev\Dev2.Intellisense\Dev2.Intellisense.csproj]
C:\Program Files\dotnet\sdk\10.0.201\Microsoft.Common.CurrentVersion.targets(2451,5): warning MSB3277:             C:\Users\ultra\warewolf\Dev\Warewolf.Studio.Core\bin\Debug\net8.0\Warewolf.Studio.Core.dll [C:\Users\ultra\warewolf\Dev\Dev2.Intellisense\Dev2.Intellisense.csproj]
C:\Program Files\dotnet\sdk\10.0.201\Microsoft.Common.CurrentVersion.targets(2451,5): warning MSB3277:             C:\Users\ultra\warewolf\Dev\Dev2.Services.Execution\bin\Debug\net8.0\Dev2.Services.Execution.dll [C:\Users\ultra\warewolf\Dev\Dev2.Intellisense\Dev2.Intellisense.csproj]
C:\Program Files\dotnet\sdk\10.0.201\Microsoft.Common.CurrentVersion.targets(2451,5): warning MSB3277:             C:\Users\ultra\warewolf\Dev\Warewolf.Driver.Persistence\bin\Debug\net8.0\Warewolf.Driver.Persistence.dll [C:\Users\ultra\warewolf\Dev\Dev2.Intellisense\Dev2.Intellisense.csproj]
C:\Program Files\dotnet\sdk\10.0.201\Microsoft.Common.CurrentVersion.targets(2451,5): warning MSB3277:             C:\Users\ultra\.nuget\packages\corewcf.http\1.2.1\lib\netstandard2.0\CoreWCF.Http.dll [C:\Users\ultra\warewolf\Dev\Dev2.Intellisense\Dev2.Intellisense.csproj]
C:\Program Files\dotnet\sdk\10.0.201\Microsoft.Common.CurrentVersion.targets(2451,5): warning MSB3277:             C:\Users\ultra\.nuget\packages\corewcf.nettcp\1.2.1\lib\netstandard2.0\CoreWCF.NetTcp.dll [C:\Users\ultra\warewolf\Dev\Dev2.Intellisense\Dev2.Intellisense.csproj]
C:\Program Files\dotnet\sdk\10.0.201\Microsoft.Common.CurrentVersion.targets(2451,5): warning MSB3277:             C:\Users\ultra\.nuget\packages\corewcf.webhttp\1.2.1\lib\netstandard2.0\CoreWCF.WebHttp.dll [C:\Users\ultra\warewolf\Dev\Dev2.Intellisense\Dev2.Intellisense.csproj]
C:\Program Files\dotnet\sdk\10.0.201\Microsoft.Common.CurrentVersion.targets(2451,5): warning MSB3277:         C:\Program Files\dotnet\packs\Microsoft.NETCore.App.Ref\8.0.25\ref\net8.0\System.Configuration.dll [C:\Users\ultra\warewolf\Dev\Dev2.Intellisense\Dev2.Intellisense.csproj]
C:\Program Files\dotnet\sdk\10.0.201\Microsoft.Common.CurrentVersion.targets(2451,5): warning MSB3277:           Project file item includes which caused reference "C:\Program Files\dotnet\packs\Microsoft.NETCore.App.Ref\8.0.25\ref\net8.0\System.Configuration.dll". [C:\Users\ultra\warewolf\Dev\Dev2.Intellisense\Dev2.Intellisense.csproj]
C:\Program Files\dotnet\sdk\10.0.201\Microsoft.Common.CurrentVersion.targets(2451,5): warning MSB3277:             C:\Program Files\dotnet\packs\Microsoft.NETCore.App.Ref\8.0.25\ref/net8.0/System.Configuration.dll [C:\Users\ultra\warewolf\Dev\Dev2.Intellisense\Dev2.Intellisense.csproj]
C:\Program Files\dotnet\sdk\10.0.201\Microsoft.Common.CurrentVersion.targets(2451,5): warning MSB3277:             C:\Users\ultra\.nuget\packages\prism.wpf\9.0.537\lib\net462\Prism.Wpf.dll [C:\Users\ultra\warewolf\Dev\Dev2.Intellisense\Dev2.Intellisense.csproj]
C:\Program Files\dotnet\sdk\10.0.201\Microsoft.Common.CurrentVersion.targets(2451,5): warning MSB3277:         C:\Program Files\dotnet\packs\Microsoft.NETCore.App.Ref\8.0.25\ref\net8.0\System.Data.dll [C:\Users\ultra\warewolf\Dev\Dev2.Intellisense\Dev2.Intellisense.csproj]
C:\Program Files\dotnet\sdk\10.0.201\Microsoft.Common.CurrentVersion.targets(2451,5): warning MSB3277:           Project file item includes which caused reference "C:\Program Files\dotnet\packs\Microsoft.NETCore.App.Ref\8.0.25\ref\net8.0\System.Data.dll". [C:\Users\ultra\warewolf\Dev\Dev2.Intellisense\Dev2.Intellisense.csproj]
C:\Program Files\dotnet\sdk\10.0.201\Microsoft.Common.CurrentVersion.targets(2451,5): warning MSB3277:             C:\Program Files\dotnet\packs\Microsoft.NETCore.App.Ref\8.0.25\ref/net8.0/System.Data.dll [C:\Users\ultra\warewolf\Dev\Dev2.Intellisense\Dev2.Intellisense.csproj]
C:\Program Files\dotnet\sdk\10.0.201\Microsoft.Common.CurrentVersion.targets(2451,5): warning MSB3277:             C:\Users\ultra\.nuget\packages\taskschedulereditor\2.10.1\lib\net452\Microsoft.Win32.TaskSchedulerEditor.dll [C:\Users\ultra\warewolf\Dev\Dev2.Intellisense\Dev2.Intellisense.csproj]
C:\Program Files\dotnet\sdk\10.0.201\Microsoft.Common.CurrentVersion.targets(2451,5): warning MSB3277:         C:\Program Files\dotnet\packs\Microsoft.NETCore.App.Ref\8.0.25\ref\net8.0\System.Drawing.dll [C:\Users\ultra\warewolf\Dev\Dev2.Intellisense\Dev2.Intellisense.csproj]
C:\Program Files\dotnet\sdk\10.0.201\Microsoft.Common.CurrentVersion.targets(2451,5): warning MSB3277:           Project file item includes which caused reference "C:\Program Files\dotnet\packs\Microsoft.NETCore.App.Ref\8.0.25\ref\net8.0\System.Drawing.dll". [C:\Users\ultra\warewolf\Dev\Dev2.Intellisense\Dev2.Intellisense.csproj]
C:\Program Files\dotnet\sdk\10.0.201\Microsoft.Common.CurrentVersion.targets(2451,5): warning MSB3277:             C:\Program Files\dotnet\packs\Microsoft.NETCore.App.Ref\8.0.25\ref/net8.0/System.Drawing.dll [C:\Users\ultra\warewolf\Dev\Dev2.Intellisense\Dev2.Intellisense.csproj]
C:\Program Files\dotnet\sdk\10.0.201\Microsoft.Common.CurrentVersion.targets(2451,5): warning MSB3277:             C:\Users\ultra\.nuget\packages\aerowizard\2.3.1\lib\net45\AeroWizard.dll [C:\Users\ultra\warewolf\Dev\Dev2.Intellisense\Dev2.Intellisense.csproj]
C:\Program Files\dotnet\sdk\10.0.201\Microsoft.Common.CurrentVersion.targets(2451,5): warning MSB3277:             C:\Users\ultra\.nuget\packages\groupcontrols\1.9.0\lib\net45\GroupControls.dll [C:\Users\ultra\warewolf\Dev\Dev2.Intellisense\Dev2.Intellisense.csproj]
C:\Program Files\dotnet\sdk\10.0.201\Microsoft.Common.CurrentVersion.targets(2451,5): warning MSB3277:             C:\Users\ultra\.nuget\packages\taskschedulereditor\2.10.1\lib\net452\Microsoft.Win32.TaskSchedulerEditor.dll [C:\Users\ultra\warewolf\Dev\Dev2.Intellisense\Dev2.Intellisense.csproj]
C:\Program Files\dotnet\sdk\10.0.201\Microsoft.Common.CurrentVersion.targets(2451,5): warning MSB3277:         C:\Program Files\dotnet\packs\Microsoft.NETCore.App.Ref\8.0.25\ref\net8.0\System.Net.dll [C:\Users\ultra\warewolf\Dev\Dev2.Intellisense\Dev2.Intellisense.csproj]
C:\Program Files\dotnet\sdk\10.0.201\Microsoft.Common.CurrentVersion.targets(2451,5): warning MSB3277:           Project file item includes which caused reference "C:\Program Files\dotnet\packs\Microsoft.NETCore.App.Ref\8.0.25\ref\net8.0\System.Net.dll". [C:\Users\ultra\warewolf\Dev\Dev2.Intellisense\Dev2.Intellisense.csproj]
C:\Program Files\dotnet\sdk\10.0.201\Microsoft.Common.CurrentVersion.targets(2451,5): warning MSB3277:             C:\Program Files\dotnet\packs\Microsoft.NETCore.App.Ref\8.0.25\ref/net8.0/System.Net.dll [C:\Users\ultra\warewolf\Dev\Dev2.Intellisense\Dev2.Intellisense.csproj]
C:\Program Files\dotnet\sdk\10.0.201\Microsoft.Common.CurrentVersion.targets(2451,5): warning MSB3277:         C:\Program Files\dotnet\packs\Microsoft.NETCore.App.Ref\8.0.25\ref\net8.0\System.Security.dll [C:\Users\ultra\warewolf\Dev\Dev2.Intellisense\Dev2.Intellisense.csproj]
C:\Program Files\dotnet\sdk\10.0.201\Microsoft.Common.CurrentVersion.targets(2451,5): warning MSB3277:           Project file item includes which caused reference "C:\Program Files\dotnet\packs\Microsoft.NETCore.App.Ref\8.0.25\ref\net8.0\System.Security.dll". [C:\Users\ultra\warewolf\Dev\Dev2.Intellisense\Dev2.Intellisense.csproj]
C:\Program Files\dotnet\sdk\10.0.201\Microsoft.Common.CurrentVersion.targets(2451,5): warning MSB3277:             C:\Program Files\dotnet\packs\Microsoft.NETCore.App.Ref\8.0.25\ref/net8.0/System.Security.dll [C:\Users\ultra\warewolf\Dev\Dev2.Intellisense\Dev2.Intellisense.csproj]
C:\Program Files\dotnet\sdk\10.0.201\Microsoft.Common.CurrentVersion.targets(2451,5): warning MSB3277:         C:\Program Files\dotnet\packs\Microsoft.NETCore.App.Ref\8.0.25\ref\net8.0\System.ServiceProcess.dll [C:\Users\ultra\warewolf\Dev\Dev2.Intellisense\Dev2.Intellisense.csproj]
C:\Program Files\dotnet\sdk\10.0.201\Microsoft.Common.CurrentVersion.targets(2451,5): warning MSB3277:           Project file item includes which caused reference "C:\Program Files\dotnet\packs\Microsoft.NETCore.App.Ref\8.0.25\ref\net8.0\System.ServiceProcess.dll". [C:\Users\ultra\warewolf\Dev\Dev2.Intellisense\Dev2.Intellisense.csproj]
C:\Program Files\dotnet\sdk\10.0.201\Microsoft.Common.CurrentVersion.targets(2451,5): warning MSB3277:             C:\Program Files\dotnet\packs\Microsoft.NETCore.App.Ref\8.0.25\ref/net8.0/System.ServiceProcess.dll [C:\Users\ultra\warewolf\Dev\Dev2.Intellisense\Dev2.Intellisense.csproj]
C:\Program Files\dotnet\sdk\10.0.201\Microsoft.Common.CurrentVersion.targets(2451,5): warning MSB3277:         C:\Program Files\dotnet\packs\Microsoft.NETCore.App.Ref\8.0.25\ref\net8.0\System.Transactions.dll [C:\Users\ultra\warewolf\Dev\Dev2.Intellisense\Dev2.Intellisense.csproj]
C:\Program Files\dotnet\sdk\10.0.201\Microsoft.Common.CurrentVersion.targets(2451,5): warning MSB3277:           Project file item includes which caused reference "C:\Program Files\dotnet\packs\Microsoft.NETCore.App.Ref\8.0.25\ref\net8.0\System.Transactions.dll". [C:\Users\ultra\warewolf\Dev\Dev2.Intellisense\Dev2.Intellisense.csproj]
C:\Program Files\dotnet\sdk\10.0.201\Microsoft.Common.CurrentVersion.targets(2451,5): warning MSB3277:             C:\Program Files\dotnet\packs\Microsoft.NETCore.App.Ref\8.0.25\ref/net8.0/System.Transactions.dll [C:\Users\ultra\warewolf\Dev\Dev2.Intellisense\Dev2.Intellisense.csproj]
C:\Program Files\dotnet\sdk\10.0.201\Microsoft.Common.CurrentVersion.targets(2451,5): warning MSB3277:         C:\Program Files\dotnet\packs\Microsoft.NETCore.App.Ref\8.0.25\ref\net8.0\System.dll [C:\Users\ultra\warewolf\Dev\Dev2.Intellisense\Dev2.Intellisense.csproj]
C:\Program Files\dotnet\sdk\10.0.201\Microsoft.Common.CurrentVersion.targets(2451,5): warning MSB3277:           Project file item includes which caused reference "C:\Program Files\dotnet\packs\Microsoft.NETCore.App.Ref\8.0.25\ref\net8.0\System.dll". [C:\Users\ultra\warewolf\Dev\Dev2.Intellisense\Dev2.Intellisense.csproj]
C:\Program Files\dotnet\sdk\10.0.201\Microsoft.Common.CurrentVersion.targets(2451,5): warning MSB3277:             C:\Program Files\dotnet\packs\Microsoft.NETCore.App.Ref\8.0.25\ref/net8.0/System.dll [C:\Users\ultra\warewolf\Dev\Dev2.Intellisense\Dev2.Intellisense.csproj]
C:\Program Files\dotnet\sdk\10.0.201\Microsoft.Common.CurrentVersion.targets(2451,5): warning MSB3277:             C:\Users\ultra\.nuget\packages\aerowizard\2.3.1\lib\net45\AeroWizard.dll [C:\Users\ultra\warewolf\Dev\Dev2.Intellisense\Dev2.Intellisense.csproj]
C:\Program Files\dotnet\sdk\10.0.201\Microsoft.Common.CurrentVersion.targets(2451,5): warning MSB3277:             C:\Users\ultra\.nuget\packages\groupcontrols\1.9.0\lib\net45\GroupControls.dll [C:\Users\ultra\warewolf\Dev\Dev2.Intellisense\Dev2.Intellisense.csproj]
C:\Program Files\dotnet\sdk\10.0.201\Microsoft.Common.CurrentVersion.targets(2451,5): warning MSB3277:             C:\Users\ultra\.nuget\packages\microsoft.xaml.behaviors.wpf\1.1.122\lib\net462\Microsoft.Xaml.Behaviors.dll [C:\Users\ultra\warewolf\Dev\Dev2.Intellisense\Dev2.Intellisense.csproj]
C:\Program Files\dotnet\sdk\10.0.201\Microsoft.Common.CurrentVersion.targets(2451,5): warning MSB3277:             C:\Users\ultra\.nuget\packages\caliburn.micro\4.0.212\lib\netcoreapp3.1\Caliburn.Micro.Platform.dll [C:\Users\ultra\warewolf\Dev\Dev2.Intellisense\Dev2.Intellisense.csproj]
C:\Program Files\dotnet\sdk\10.0.201\Microsoft.Common.CurrentVersion.targets(2451,5): warning MSB3277:             C:\Users\ultra\.nuget\packages\prism.wpf\9.0.537\lib\net462\Prism.Wpf.dll [C:\Users\ultra\warewolf\Dev\Dev2.Intellisense\Dev2.Intellisense.csproj]
C:\Program Files\dotnet\sdk\10.0.201\Microsoft.Common.CurrentVersion.targets(2451,5): warning MSB3277:             C:\Users\ultra\.nuget\packages\reactiveui.wpf\18.4.1\lib\net462\ReactiveUI.Wpf.dll [C:\Users\ultra\warewolf\Dev\Dev2.Intellisense\Dev2.Intellisense.csproj]
C:\Program Files\dotnet\sdk\10.0.201\Microsoft.Common.CurrentVersion.targets(2451,5): warning MSB3277:             C:\Users\ultra\.nuget\packages\taskschedulereditor\2.10.1\lib\net452\Microsoft.Win32.TaskSchedulerEditor.dll [C:\Users\ultra\warewolf\Dev\Dev2.Intellisense\Dev2.Intellisense.csproj]
C:\Program Files\dotnet\sdk\10.0.201\Microsoft.Common.CurrentVersion.targets(2451,5): warning MSB3277:             C:\Users\ultra\.nuget\packages\ttcue.netcore.sharepointonline.csom.16.1.8029.1200\16.1.8029.1200\lib\netcoreapp2.0\Microsoft.SharePoint.Client.Runtime.Windows.dll [C:\Users\ultra\warewolf\Dev\Dev2.Intellisense\Dev2.Intellisense.csproj]
C:\Program Files\dotnet\sdk\10.0.201\Microsoft.Common.CurrentVersion.targets(2451,5): warning MSB3277:         C:\Program Files\dotnet\packs\Microsoft.NETCore.App.Ref\8.0.25\ref\net8.0\WindowsBase.dll [C:\Users\ultra\warewolf\Dev\Dev2.Intellisense\Dev2.Intellisense.csproj]
C:\Program Files\dotnet\sdk\10.0.201\Microsoft.Common.CurrentVersion.targets(2451,5): warning MSB3277:           Project file item includes which caused reference "C:\Program Files\dotnet\packs\Microsoft.NETCore.App.Ref\8.0.25\ref\net8.0\WindowsBase.dll". [C:\Users\ultra\warewolf\Dev\Dev2.Intellisense\Dev2.Intellisense.csproj]
C:\Program Files\dotnet\sdk\10.0.201\Microsoft.Common.CurrentVersion.targets(2451,5): warning MSB3277:             C:\Program Files\dotnet\packs\Microsoft.NETCore.App.Ref\8.0.25\ref/net8.0/WindowsBase.dll [C:\Users\ultra\warewolf\Dev\Dev2.Intellisense\Dev2.Intellisense.csproj]
C:\Program Files\dotnet\sdk\10.0.201\Microsoft.Common.CurrentVersion.targets(2451,5): warning MSB3277:         C:\Program Files\dotnet\packs\Microsoft.NETCore.App.Ref\8.0.25\ref\net8.0\mscorlib.dll [C:\Users\ultra\warewolf\Dev\Dev2.Intellisense\Dev2.Intellisense.csproj]
C:\Program Files\dotnet\sdk\10.0.201\Microsoft.Common.CurrentVersion.targets(2451,5): warning MSB3277:           Project file item includes which caused reference "C:\Program Files\dotnet\packs\Microsoft.NETCore.App.Ref\8.0.25\ref\net8.0\mscorlib.dll". [C:\Users\ultra\warewolf\Dev\Dev2.Intellisense\Dev2.Intellisense.csproj]
C:\Program Files\dotnet\sdk\10.0.201\Microsoft.Common.CurrentVersion.targets(2451,5): warning MSB3277:             C:\Program Files\dotnet\packs\Microsoft.NETCore.App.Ref\8.0.25\ref/net8.0/mscorlib.dll [C:\Users\ultra\warewolf\Dev\Dev2.Intellisense\Dev2.Intellisense.csproj]
C:\Program Files\dotnet\sdk\10.0.201\Microsoft.Common.CurrentVersion.targets(2451,5): warning MSB3277:             C:\Users\ultra\.nuget\packages\aerowizard\2.3.1\lib\net45\AeroWizard.dll [C:\Users\ultra\warewolf\Dev\Dev2.Intellisense\Dev2.Intellisense.csproj]
C:\Program Files\dotnet\sdk\10.0.201\Microsoft.Common.CurrentVersion.targets(2451,5): warning MSB3277:             C:\Users\ultra\.nuget\packages\groupcontrols\1.9.0\lib\net45\GroupControls.dll [C:\Users\ultra\warewolf\Dev\Dev2.Intellisense\Dev2.Intellisense.csproj]
C:\Program Files\dotnet\sdk\10.0.201\Microsoft.Common.CurrentVersion.targets(2451,5): warning MSB3277:             C:\Users\ultra\.nuget\packages\hangfire.core\1.7.32\lib\netstandard2.0\Hangfire.Core.dll [C:\Users\ultra\warewolf\Dev\Dev2.Intellisense\Dev2.Intellisense.csproj]
C:\Program Files\dotnet\sdk\10.0.201\Microsoft.Common.CurrentVersion.targets(2451,5): warning MSB3277:             C:\Users\ultra\warewolf\Dev\Dev2.Activities\bin\Debug\net8.0\Dev2.Activities.dll [C:\Users\ultra\warewolf\Dev\Dev2.Intellisense\Dev2.Intellisense.csproj]
C:\Program Files\dotnet\sdk\10.0.201\Microsoft.Common.CurrentVersion.targets(2451,5): warning MSB3277:             C:\Users\ultra\warewolf\Dev\Dev2.Studio.Core\bin\Debug\net8.0\Dev2.Studio.Core.dll [C:\Users\ultra\warewolf\Dev\Dev2.Intellisense\Dev2.Intellisense.csproj]
C:\Program Files\dotnet\sdk\10.0.201\Microsoft.Common.CurrentVersion.targets(2451,5): warning MSB3277:             C:\Users\ultra\warewolf\Dev\Warewolf.Driver.Persistence\bin\Debug\net8.0\Warewolf.Driver.Persistence.dll [C:\Users\ultra\warewolf\Dev\Dev2.Intellisense\Dev2.Intellisense.csproj]
C:\Program Files\dotnet\sdk\10.0.201\Microsoft.Common.CurrentVersion.targets(2451,5): warning MSB3277:             C:\Users\ultra\.nuget\packages\hangfire.sqlserver\1.7.32\lib\netstandard2.0\Hangfire.SqlServer.dll [C:\Users\ultra\warewolf\Dev\Dev2.Intellisense\Dev2.Intellisense.csproj]
C:\Program Files\dotnet\sdk\10.0.201\Microsoft.Common.CurrentVersion.targets(2451,5): warning MSB3277:             C:\Users\ultra\.nuget\packages\microsoft.xaml.behaviors.wpf\1.1.122\lib\net462\Microsoft.Xaml.Behaviors.dll [C:\Users\ultra\warewolf\Dev\Dev2.Intellisense\Dev2.Intellisense.csproj]
C:\Program Files\dotnet\sdk\10.0.201\Microsoft.Common.CurrentVersion.targets(2451,5): warning MSB3277:             C:\Users\ultra\.nuget\packages\caliburn.micro\4.0.212\lib\netcoreapp3.1\Caliburn.Micro.Platform.dll [C:\Users\ultra\warewolf\Dev\Dev2.Intellisense\Dev2.Intellisense.csproj]
C:\Program Files\dotnet\sdk\10.0.201\Microsoft.Common.CurrentVersion.targets(2451,5): warning MSB3277:             C:\Users\ultra\.nuget\packages\oracle.manageddataaccess.core\3.21.70\lib\netstandard2.1\Oracle.ManagedDataAccess.dll [C:\Users\ultra\warewolf\Dev\Dev2.Intellisense\Dev2.Intellisense.csproj]
C:\Program Files\dotnet\sdk\10.0.201\Microsoft.Common.CurrentVersion.targets(2451,5): warning MSB3277:             C:\Users\ultra\warewolf\Dev\Dev2.Runtime.Services\bin\Debug\net8.0\Dev2.Runtime.Services.dll [C:\Users\ultra\warewolf\Dev\Dev2.Intellisense\Dev2.Intellisense.csproj]
C:\Program Files\dotnet\sdk\10.0.201\Microsoft.Common.CurrentVersion.targets(2451,5): warning MSB3277:             C:\Users\ultra\warewolf\Dev\Dev2.Studio.Interfaces\bin\Debug\net8.0\Dev2.Studio.Interfaces.dll [C:\Users\ultra\warewolf\Dev\Dev2.Intellisense\Dev2.Intellisense.csproj]
C:\Program Files\dotnet\sdk\10.0.201\Microsoft.Common.CurrentVersion.targets(2451,5): warning MSB3277:             C:\Users\ultra\warewolf\Dev\Warewolf.Studio.Core\bin\Debug\net8.0\Warewolf.Studio.Core.dll [C:\Users\ultra\warewolf\Dev\Dev2.Intellisense\Dev2.Intellisense.csproj]
C:\Program Files\dotnet\sdk\10.0.201\Microsoft.Common.CurrentVersion.targets(2451,5): warning MSB3277:             C:\Users\ultra\warewolf\Dev\Dev2.Services.Execution\bin\Debug\net8.0\Dev2.Services.Execution.dll [C:\Users\ultra\warewolf\Dev\Dev2.Intellisense\Dev2.Intellisense.csproj]
C:\Program Files\dotnet\sdk\10.0.201\Microsoft.Common.CurrentVersion.targets(2451,5): warning MSB3277:             C:\Users\ultra\warewolf\Dev\Dev2.Services.Sql\bin\Debug\net8.0\Dev2.Services.Sql.dll [C:\Users\ultra\warewolf\Dev\Dev2.Intellisense\Dev2.Intellisense.csproj]
C:\Program Files\dotnet\sdk\10.0.201\Microsoft.Common.CurrentVersion.targets(2451,5): warning MSB3277:             C:\Users\ultra\.nuget\packages\prism.wpf\9.0.537\lib\net462\Prism.Wpf.dll [C:\Users\ultra\warewolf\Dev\Dev2.Intellisense\Dev2.Intellisense.csproj]
C:\Program Files\dotnet\sdk\10.0.201\Microsoft.Common.CurrentVersion.targets(2451,5): warning MSB3277:             C:\Users\ultra\.nuget\packages\reactiveui.wpf\18.4.1\lib\net462\ReactiveUI.Wpf.dll [C:\Users\ultra\warewolf\Dev\Dev2.Intellisense\Dev2.Intellisense.csproj]
C:\Program Files\dotnet\sdk\10.0.201\Microsoft.Common.CurrentVersion.targets(2451,5): warning MSB3277:             C:\Users\ultra\.nuget\packages\taskschedulereditor\2.10.1\lib\net452\Microsoft.Win32.TaskSchedulerEditor.dll [C:\Users\ultra\warewolf\Dev\Dev2.Intellisense\Dev2.Intellisense.csproj]
C:\Program Files\dotnet\sdk\10.0.201\Microsoft.Common.CurrentVersion.targets(2451,5): warning MSB3277:             C:\Users\ultra\.nuget\packages\ttcue.netcore.sharepointonline.csom.16.1.8029.1200\16.1.8029.1200\lib\netcoreapp2.0\Microsoft.SharePoint.Client.Runtime.Windows.dll [C:\Users\ultra\warewolf\Dev\Dev2.Intellisense\Dev2.Intellisense.csproj]
C:\Program Files\dotnet\sdk\10.0.201\Microsoft.Common.CurrentVersion.targets(2451,5): warning MSB3277:         C:\Users\ultra\warewolf\Dev\Dev2.Development.Languages\bin\Debug\net8.0\IronRuby.dll [C:\Users\ultra\warewolf\Dev\Dev2.Intellisense\Dev2.Intellisense.csproj]
C:\Program Files\dotnet\sdk\10.0.201\Microsoft.Common.CurrentVersion.targets(2451,5): warning MSB3277:           Project file item includes which caused reference "C:\Users\ultra\warewolf\Dev\Dev2.Development.Languages\bin\Debug\net8.0\IronRuby.dll". [C:\Users\ultra\warewolf\Dev\Dev2.Intellisense\Dev2.Intellisense.csproj]
C:\Program Files\dotnet\sdk\10.0.201\Microsoft.Common.CurrentVersion.targets(2451,5): warning MSB3277:             C:\Users\ultra\warewolf\Dev\Dev2.Development.Languages\bin\Debug\net8.0\Dev2.Development.Languages.dll [C:\Users\ultra\warewolf\Dev\Dev2.Intellisense\Dev2.Intellisense.csproj]
C:\Program Files\dotnet\sdk\10.0.201\Microsoft.Common.CurrentVersion.targets(2451,5): warning MSB3277:             C:\Users\ultra\warewolf\Dev\Dev2.Activities\bin\Debug\net8.0\Dev2.Activities.dll [C:\Users\ultra\warewolf\Dev\Dev2.Intellisense\Dev2.Intellisense.csproj]
C:\Program Files\dotnet\sdk\10.0.201\Microsoft.Common.CurrentVersion.targets(2451,5): warning MSB3277:             C:\Users\ultra\warewolf\Dev\Dev2.Studio.Core\bin\Debug\net8.0\Dev2.Studio.Core.dll [C:\Users\ultra\warewolf\Dev\Dev2.Intellisense\Dev2.Intellisense.csproj]
C:\Program Files\dotnet\sdk\10.0.201\Microsoft.Common.CurrentVersion.targets(2451,5): warning MSB3277:         C:\Users\ultra\warewolf\Dev\Dev2.Development.Languages\bin\Debug\net8.0\IronRuby.Libraries.dll [C:\Users\ultra\warewolf\Dev\Dev2.Intellisense\Dev2.Intellisense.csproj]
C:\Program Files\dotnet\sdk\10.0.201\Microsoft.Common.CurrentVersion.targets(2451,5): warning MSB3277:           Project file item includes which caused reference "C:\Users\ultra\warewolf\Dev\Dev2.Development.Languages\bin\Debug\net8.0\IronRuby.Libraries.dll". [C:\Users\ultra\warewolf\Dev\Dev2.Intellisense\Dev2.Intellisense.csproj]
C:\Program Files\dotnet\sdk\10.0.201\Microsoft.Common.CurrentVersion.targets(2451,5): warning MSB3277:             C:\Users\ultra\warewolf\Dev\Dev2.Development.Languages\bin\Debug\net8.0\Dev2.Development.Languages.dll [C:\Users\ultra\warewolf\Dev\Dev2.Intellisense\Dev2.Intellisense.csproj]
C:\Program Files\dotnet\sdk\10.0.201\Microsoft.Common.CurrentVersion.targets(2451,5): warning MSB3277:             C:\Users\ultra\warewolf\Dev\Dev2.Activities\bin\Debug\net8.0\Dev2.Activities.dll [C:\Users\ultra\warewolf\Dev\Dev2.Intellisense\Dev2.Intellisense.csproj]
C:\Program Files\dotnet\sdk\10.0.201\Microsoft.Common.CurrentVersion.targets(2451,5): warning MSB3277:             C:\Users\ultra\warewolf\Dev\Dev2.Studio.Core\bin\Debug\net8.0\Dev2.Studio.Core.dll [C:\Users\ultra\warewolf\Dev\Dev2.Intellisense\Dev2.Intellisense.csproj]
C:\Program Files\dotnet\sdk\10.0.201\Microsoft.Common.CurrentVersion.targets(2451,5): warning MSB3277:         C:\Users\ultra\warewolf\Dev\Binaries\Infragistcs_Net6\InfragisticsWPF4.DataVisualization.v15.1.dll [C:\Users\ultra\warewolf\Dev\Dev2.Intellisense\Dev2.Intellisense.csproj]
C:\Program Files\dotnet\sdk\10.0.201\Microsoft.Common.CurrentVersion.targets(2451,5): warning MSB3277:           Project file item includes which caused reference "C:\Users\ultra\warewolf\Dev\Binaries\Infragistcs_Net6\InfragisticsWPF4.DataVisualization.v15.1.dll". [C:\Users\ultra\warewolf\Dev\Dev2.Intellisense\Dev2.Intellisense.csproj]
C:\Program Files\dotnet\sdk\10.0.201\Microsoft.Common.CurrentVersion.targets(2451,5): warning MSB3277:             InfragisticsWPF4.Math.Calculators.v15.1, Version=15.1.20151.2055, Culture=neutral, PublicKeyToken=7dd5c3163f2cd0cb, processorArchitecture=MSIL [C:\Users\ultra\warewolf\Dev\Dev2.Intellisense\Dev2.Intellisense.csproj]
C:\Program Files\dotnet\sdk\10.0.201\Microsoft.Common.CurrentVersion.targets(2451,5): warning MSB3277: Found conflicts between different versions of "WindowsBase" that could not be resolved. [C:\Users\ultra\warewolf\Dev\Dev2.Intellisense\Dev2.Intellisense.csproj]
C:\Program Files\dotnet\sdk\10.0.201\Microsoft.Common.CurrentVersion.targets(2451,5): warning MSB3277: There was a conflict between "WindowsBase, Version=4.0.0.0, Culture=neutral, PublicKeyToken=31bf3856ad364e35" and "WindowsBase, Version=6.0.2.0, Culture=neutral, PublicKeyToken=31bf3856ad364e35". [C:\Users\ultra\warewolf\Dev\Dev2.Intellisense\Dev2.Intellisense.csproj]
C:\Program Files\dotnet\sdk\10.0.201\Microsoft.Common.CurrentVersion.targets(2451,5): warning MSB3277:     "WindowsBase, Version=4.0.0.0, Culture=neutral, PublicKeyToken=31bf3856ad364e35" was chosen because it was primary and "WindowsBase, Version=6.0.2.0, Culture=neutral, PublicKeyToken=31bf3856ad364e35" was not. [C:\Users\ultra\warewolf\Dev\Dev2.Intellisense\Dev2.Intellisense.csproj]
C:\Program Files\dotnet\sdk\10.0.201\Microsoft.Common.CurrentVersion.targets(2451,5): warning MSB3277:     References which depend on "WindowsBase, Version=4.0.0.0, Culture=neutral, PublicKeyToken=31bf3856ad364e35" [C:\Program Files\dotnet\packs\Microsoft.NETCore.App.Ref\8.0.25\ref\net8.0\WindowsBase.dll]. [C:\Users\ultra\warewolf\Dev\Dev2.Intellisense\Dev2.Intellisense.csproj]
C:\Program Files\dotnet\sdk\10.0.201\Microsoft.Common.CurrentVersion.targets(2451,5): warning MSB3277:         C:\Program Files\dotnet\packs\Microsoft.NETCore.App.Ref\8.0.25\ref\net8.0\WindowsBase.dll [C:\Users\ultra\warewolf\Dev\Dev2.Intellisense\Dev2.Intellisense.csproj]
C:\Program Files\dotnet\sdk\10.0.201\Microsoft.Common.CurrentVersion.targets(2451,5): warning MSB3277:           Project file item includes which caused reference "C:\Program Files\dotnet\packs\Microsoft.NETCore.App.Ref\8.0.25\ref\net8.0\WindowsBase.dll". [C:\Users\ultra\warewolf\Dev\Dev2.Intellisense\Dev2.Intellisense.csproj]
C:\Program Files\dotnet\sdk\10.0.201\Microsoft.Common.CurrentVersion.targets(2451,5): warning MSB3277:             C:\Program Files\dotnet\packs\Microsoft.NETCore.App.Ref\8.0.25\ref/net8.0/WindowsBase.dll [C:\Users\ultra\warewolf\Dev\Dev2.Intellisense\Dev2.Intellisense.csproj]
C:\Program Files\dotnet\sdk\10.0.201\Microsoft.Common.CurrentVersion.targets(2451,5): warning MSB3277:     References which depend on or have been unified to "WindowsBase, Version=6.0.2.0, Culture=neutral, PublicKeyToken=31bf3856ad364e35" []. [C:\Users\ultra\warewolf\Dev\Dev2.Intellisense\Dev2.Intellisense.csproj]
C:\Program Files\dotnet\sdk\10.0.201\Microsoft.Common.CurrentVersion.targets(2451,5): warning MSB3277:         C:\Users\ultra\warewolf\Dev\Binaries\Infragistcs_Net6\Infragistics.Calculations.dll [C:\Users\ultra\warewolf\Dev\Dev2.Intellisense\Dev2.Intellisense.csproj]
C:\Program Files\dotnet\sdk\10.0.201\Microsoft.Common.CurrentVersion.targets(2451,5): warning MSB3277:           Project file item includes which caused reference "C:\Users\ultra\warewolf\Dev\Binaries\Infragistcs_Net6\Infragistics.Calculations.dll". [C:\Users\ultra\warewolf\Dev\Dev2.Intellisense\Dev2.Intellisense.csproj]
C:\Program Files\dotnet\sdk\10.0.201\Microsoft.Common.CurrentVersion.targets(2451,5): warning MSB3277:             CalculationManager.WPF [C:\Users\ultra\warewolf\Dev\Dev2.Intellisense\Dev2.Intellisense.csproj]
C:\Program Files\dotnet\sdk\10.0.201\Microsoft.Common.CurrentVersion.targets(2451,5): warning MSB3277:         C:\Users\ultra\warewolf\Dev\Binaries\Infragistcs_Net6\InfragisticsWPF4.Math.Calculators.v15.1.dll [C:\Users\ultra\warewolf\Dev\Dev2.Intellisense\Dev2.Intellisense.csproj]
C:\Program Files\dotnet\sdk\10.0.201\Microsoft.Common.CurrentVersion.targets(2451,5): warning MSB3277:           Project file item includes which caused reference "C:\Users\ultra\warewolf\Dev\Binaries\Infragistcs_Net6\InfragisticsWPF4.Math.Calculators.v15.1.dll". [C:\Users\ultra\warewolf\Dev\Dev2.Intellisense\Dev2.Intellisense.csproj]
C:\Program Files\dotnet\sdk\10.0.201\Microsoft.Common.CurrentVersion.targets(2451,5): warning MSB3277:             InfragisticsWPF4.Math.Calculators.v15.1, Version=15.1.20151.2055, Culture=neutral, PublicKeyToken=7dd5c3163f2cd0cb, processorArchitecture=MSIL [C:\Users\ultra\warewolf\Dev\Dev2.Intellisense\Dev2.Intellisense.csproj]
C:\Program Files\dotnet\sdk\10.0.201\Microsoft.Common.CurrentVersion.targets(2451,5): warning MSB3277:         C:\Users\ultra\warewolf\Dev\Binaries\Infragistcs_Net6\InfragisticsWPF4.v15.1.dll [C:\Users\ultra\warewolf\Dev\Dev2.Intellisense\Dev2.Intellisense.csproj]
C:\Program Files\dotnet\sdk\10.0.201\Microsoft.Common.CurrentVersion.targets(2451,5): warning MSB3277:           Project file item includes which caused reference "C:\Users\ultra\warewolf\Dev\Binaries\Infragistcs_Net6\InfragisticsWPF4.v15.1.dll". [C:\Users\ultra\warewolf\Dev\Dev2.Intellisense\Dev2.Intellisense.csproj]
C:\Program Files\dotnet\sdk\10.0.201\Microsoft.Common.CurrentVersion.targets(2451,5): warning MSB3277:             InfragisticsWPF4.v15.1, Version=15.1.20151.2055, Culture=neutral, PublicKeyToken=7dd5c3163f2cd0cb, processorArchitecture=MSIL [C:\Users\ultra\warewolf\Dev\Dev2.Intellisense\Dev2.Intellisense.csproj]
C:\Program Files\dotnet\sdk\10.0.201\Microsoft.Common.CurrentVersion.targets(2451,5): warning MSB3277:             CalculationManager.WPF [C:\Users\ultra\warewolf\Dev\Dev2.Intellisense\Dev2.Intellisense.csproj]
C:\Program Files\dotnet\sdk\10.0.201\Microsoft.Common.CurrentVersion.targets(2451,5): warning MSB3277:             InfragisticsWPF4.Math.Calculators.v15.1, Version=15.1.20151.2055, Culture=neutral, PublicKeyToken=7dd5c3163f2cd0cb, processorArchitecture=MSIL [C:\Users\ultra\warewolf\Dev\Dev2.Intellisense\Dev2.Intellisense.csproj]
C:\Program Files\dotnet\sdk\10.0.201\Microsoft.Common.CurrentVersion.targets(2451,5): warning MSB3277:         C:\Users\ultra\.nuget\packages\caliburn.micro\4.0.212\lib\netcoreapp3.1\Caliburn.Micro.Platform.dll [C:\Users\ultra\warewolf\Dev\Dev2.Intellisense\Dev2.Intellisense.csproj]
C:\Program Files\dotnet\sdk\10.0.201\Microsoft.Common.CurrentVersion.targets(2451,5): warning MSB3277:           Project file item includes which caused reference "C:\Users\ultra\.nuget\packages\caliburn.micro\4.0.212\lib\netcoreapp3.1\Caliburn.Micro.Platform.dll". [C:\Users\ultra\warewolf\Dev\Dev2.Intellisense\Dev2.Intellisense.csproj]
C:\Program Files\dotnet\sdk\10.0.201\Microsoft.Common.CurrentVersion.targets(2451,5): warning MSB3277:             C:\Users\ultra\.nuget\packages\caliburn.micro\4.0.212\lib\netcoreapp3.1\Caliburn.Micro.Platform.dll [C:\Users\ultra\warewolf\Dev\Dev2.Intellisense\Dev2.Intellisense.csproj]
C:\Program Files\dotnet\sdk\10.0.201\Microsoft.Common.CurrentVersion.targets(2451,5): warning MSB3277:         C:\Users\ultra\.nuget\packages\ironpython\3.4.0\lib\net6.0\IronPython.Wpf.dll [C:\Users\ultra\warewolf\Dev\Dev2.Intellisense\Dev2.Intellisense.csproj]
C:\Program Files\dotnet\sdk\10.0.201\Microsoft.Common.CurrentVersion.targets(2451,5): warning MSB3277:           Project file item includes which caused reference "C:\Users\ultra\.nuget\packages\ironpython\3.4.0\lib\net6.0\IronPython.Wpf.dll". [C:\Users\ultra\warewolf\Dev\Dev2.Intellisense\Dev2.Intellisense.csproj]
C:\Program Files\dotnet\sdk\10.0.201\Microsoft.Common.CurrentVersion.targets(2451,5): warning MSB3277:             C:\Users\ultra\.nuget\packages\ironpython\3.4.0\lib\net6.0\IronPython.Wpf.dll [C:\Users\ultra\warewolf\Dev\Dev2.Intellisense\Dev2.Intellisense.csproj]
C:\Program Files\dotnet\sdk\10.0.201\Microsoft.Common.CurrentVersion.targets(2451,5): warning MSB3277:         C:\Users\ultra\.nuget\packages\microsoft.xaml.behaviors.wpf\1.1.122\lib\net462\Microsoft.Xaml.Behaviors.dll [C:\Users\ultra\warewolf\Dev\Dev2.Intellisense\Dev2.Intellisense.csproj]
C:\Program Files\dotnet\sdk\10.0.201\Microsoft.Common.CurrentVersion.targets(2451,5): warning MSB3277:           Project file item includes which caused reference "C:\Users\ultra\.nuget\packages\microsoft.xaml.behaviors.wpf\1.1.122\lib\net462\Microsoft.Xaml.Behaviors.dll". [C:\Users\ultra\warewolf\Dev\Dev2.Intellisense\Dev2.Intellisense.csproj]
C:\Program Files\dotnet\sdk\10.0.201\Microsoft.Common.CurrentVersion.targets(2451,5): warning MSB3277:             C:\Users\ultra\.nuget\packages\microsoft.xaml.behaviors.wpf\1.1.122\lib\net462\Microsoft.Xaml.Behaviors.dll [C:\Users\ultra\warewolf\Dev\Dev2.Intellisense\Dev2.Intellisense.csproj]
C:\Program Files\dotnet\sdk\10.0.201\Microsoft.Common.CurrentVersion.targets(2451,5): warning MSB3277:             C:\Users\ultra\.nuget\packages\caliburn.micro\4.0.212\lib\netcoreapp3.1\Caliburn.Micro.Platform.dll [C:\Users\ultra\warewolf\Dev\Dev2.Intellisense\Dev2.Intellisense.csproj]
C:\Program Files\dotnet\sdk\10.0.201\Microsoft.Common.CurrentVersion.targets(2451,5): warning MSB3277:             C:\Users\ultra\.nuget\packages\prism.wpf\9.0.537\lib\net462\Prism.Wpf.dll [C:\Users\ultra\warewolf\Dev\Dev2.Intellisense\Dev2.Intellisense.csproj]
C:\Program Files\dotnet\sdk\10.0.201\Microsoft.Common.CurrentVersion.targets(2451,5): warning MSB3277:         C:\Users\ultra\.nuget\packages\prism.wpf\9.0.537\lib\net462\Prism.Wpf.dll [C:\Users\ultra\warewolf\Dev\Dev2.Intellisense\Dev2.Intellisense.csproj]
C:\Program Files\dotnet\sdk\10.0.201\Microsoft.Common.CurrentVersion.targets(2451,5): warning MSB3277:           Project file item includes which caused reference "C:\Users\ultra\.nuget\packages\prism.wpf\9.0.537\lib\net462\Prism.Wpf.dll". [C:\Users\ultra\warewolf\Dev\Dev2.Intellisense\Dev2.Intellisense.csproj]
C:\Program Files\dotnet\sdk\10.0.201\Microsoft.Common.CurrentVersion.targets(2451,5): warning MSB3277:             C:\Users\ultra\.nuget\packages\prism.wpf\9.0.537\lib\net462\Prism.Wpf.dll [C:\Users\ultra\warewolf\Dev\Dev2.Intellisense\Dev2.Intellisense.csproj]
C:\Program Files\dotnet\sdk\10.0.201\Microsoft.Common.CurrentVersion.targets(2451,5): warning MSB3277:         C:\Users\ultra\.nuget\packages\reactiveui.wpf\18.4.1\lib\net462\ReactiveUI.Wpf.dll [C:\Users\ultra\warewolf\Dev\Dev2.Intellisense\Dev2.Intellisense.csproj]
C:\Program Files\dotnet\sdk\10.0.201\Microsoft.Common.CurrentVersion.targets(2451,5): warning MSB3277:           Project file item includes which caused reference "C:\Users\ultra\.nuget\packages\reactiveui.wpf\18.4.1\lib\net462\ReactiveUI.Wpf.dll". [C:\Users\ultra\warewolf\Dev\Dev2.Intellisense\Dev2.Intellisense.csproj]
C:\Program Files\dotnet\sdk\10.0.201\Microsoft.Common.CurrentVersion.targets(2451,5): warning MSB3277:             C:\Users\ultra\.nuget\packages\reactiveui.wpf\18.4.1\lib\net462\ReactiveUI.Wpf.dll [C:\Users\ultra\warewolf\Dev\Dev2.Intellisense\Dev2.Intellisense.csproj]
C:\Program Files\dotnet\sdk\10.0.201\Microsoft.Common.CurrentVersion.targets(2451,5): warning MSB3277:         C:\Users\ultra\warewolf\Dev\Binaries\Infragistcs_Net6\InfragisticsWPF4.DataVisualization.v15.1.dll [C:\Users\ultra\warewolf\Dev\Dev2.Intellisense\Dev2.Intellisense.csproj]
C:\Program Files\dotnet\sdk\10.0.201\Microsoft.Common.CurrentVersion.targets(2451,5): warning MSB3277:           Project file item includes which caused reference "C:\Users\ultra\warewolf\Dev\Binaries\Infragistcs_Net6\InfragisticsWPF4.DataVisualization.v15.1.dll". [C:\Users\ultra\warewolf\Dev\Dev2.Intellisense\Dev2.Intellisense.csproj]
C:\Program Files\dotnet\sdk\10.0.201\Microsoft.Common.CurrentVersion.targets(2451,5): warning MSB3277:             InfragisticsWPF4.Math.Calculators.v15.1, Version=15.1.20151.2055, Culture=neutral, PublicKeyToken=7dd5c3163f2cd0cb, processorArchitecture=MSIL [C:\Users\ultra\warewolf\Dev\Dev2.Intellisense\Dev2.Intellisense.csproj]
  Warewolf.Common.Framework48 -> C:\Users\ultra\warewolf\Dev\Warewolf.Common.Framework48\bin\Debug\net8.0\Warewolf.Common.Framework48.dll
  Warewolf.MergeParser -> C:\Users\ultra\warewolf\Dev\Warewolf.MergeParser\bin\Debug\net8.0\Warewolf.MergeParser.dll
C:\Program Files\dotnet\sdk\10.0.201\Microsoft.Common.CurrentVersion.targets(2451,5): warning MSB3245: Could not resolve this reference. Could not locate the assembly "System.Web". Check to make sure the assembly exists on disk. If this reference is required by your code, you may get compilation errors. [C:\Users\ultra\warewolf\Dev\Dev2.Runtime.WebServer\Dev2.Runtime.WebServer.csproj]
  Dev2.Intellisense -> C:\Users\ultra\warewolf\Dev\Dev2.Intellisense\bin\Debug\net8.0\Dev2.Intellisense.dll
C:\Program Files\dotnet\sdk\10.0.201\Microsoft.Common.CurrentVersion.targets(2451,5): warning MSB3277: Found conflicts between different versions of "WindowsBase" that could not be resolved. [C:\Users\ultra\warewolf\Dev\Warewolf.MergeParser.Tests\Warewolf.MergeParser.Tests.csproj]
C:\Program Files\dotnet\sdk\10.0.201\Microsoft.Common.CurrentVersion.targets(2451,5): warning MSB3277: There was a conflict between "WindowsBase, Version=4.0.0.0, Culture=neutral, PublicKeyToken=31bf3856ad364e35" and "WindowsBase, Version=6.0.2.0, Culture=neutral, PublicKeyToken=31bf3856ad364e35". [C:\Users\ultra\warewolf\Dev\Warewolf.MergeParser.Tests\Warewolf.MergeParser.Tests.csproj]
C:\Program Files\dotnet\sdk\10.0.201\Microsoft.Common.CurrentVersion.targets(2451,5): warning MSB3277:     "WindowsBase, Version=4.0.0.0, Culture=neutral, PublicKeyToken=31bf3856ad364e35" was chosen because it was primary and "WindowsBase, Version=6.0.2.0, Culture=neutral, PublicKeyToken=31bf3856ad364e35" was not. [C:\Users\ultra\warewolf\Dev\Warewolf.MergeParser.Tests\Warewolf.MergeParser.Tests.csproj]
C:\Program Files\dotnet\sdk\10.0.201\Microsoft.Common.CurrentVersion.targets(2451,5): warning MSB3277:     References which depend on "WindowsBase, Version=4.0.0.0, Culture=neutral, PublicKeyToken=31bf3856ad364e35" [C:\Program Files\dotnet\packs\Microsoft.NETCore.App.Ref\8.0.25\ref\net8.0\WindowsBase.dll]. [C:\Users\ultra\warewolf\Dev\Warewolf.MergeParser.Tests\Warewolf.MergeParser.Tests.csproj]
C:\Program Files\dotnet\sdk\10.0.201\Microsoft.Common.CurrentVersion.targets(2451,5): warning MSB3277:         C:\Program Files\dotnet\packs\Microsoft.NETCore.App.Ref\8.0.25\ref\net8.0\WindowsBase.dll [C:\Users\ultra\warewolf\Dev\Warewolf.MergeParser.Tests\Warewolf.MergeParser.Tests.csproj]
C:\Program Files\dotnet\sdk\10.0.201\Microsoft.Common.CurrentVersion.targets(2451,5): warning MSB3277:           Project file item includes which caused reference "C:\Program Files\dotnet\packs\Microsoft.NETCore.App.Ref\8.0.25\ref\net8.0\WindowsBase.dll". [C:\Users\ultra\warewolf\Dev\Warewolf.MergeParser.Tests\Warewolf.MergeParser.Tests.csproj]
C:\Program Files\dotnet\sdk\10.0.201\Microsoft.Common.CurrentVersion.targets(2451,5): warning MSB3277:             C:\Program Files\dotnet\packs\Microsoft.NETCore.App.Ref\8.0.25\ref/net8.0/WindowsBase.dll [C:\Users\ultra\warewolf\Dev\Warewolf.MergeParser.Tests\Warewolf.MergeParser.Tests.csproj]
C:\Program Files\dotnet\sdk\10.0.201\Microsoft.Common.CurrentVersion.targets(2451,5): warning MSB3277:     References which depend on or have been unified to "WindowsBase, Version=6.0.2.0, Culture=neutral, PublicKeyToken=31bf3856ad364e35" []. [C:\Users\ultra\warewolf\Dev\Warewolf.MergeParser.Tests\Warewolf.MergeParser.Tests.csproj]
C:\Program Files\dotnet\sdk\10.0.201\Microsoft.Common.CurrentVersion.targets(2451,5): warning MSB3277:         C:\Users\ultra\.nuget\packages\caliburn.micro\4.0.212\lib\netcoreapp3.1\Caliburn.Micro.Platform.dll [C:\Users\ultra\warewolf\Dev\Warewolf.MergeParser.Tests\Warewolf.MergeParser.Tests.csproj]
C:\Program Files\dotnet\sdk\10.0.201\Microsoft.Common.CurrentVersion.targets(2451,5): warning MSB3277:           Project file item includes which caused reference "C:\Users\ultra\.nuget\packages\caliburn.micro\4.0.212\lib\netcoreapp3.1\Caliburn.Micro.Platform.dll". [C:\Users\ultra\warewolf\Dev\Warewolf.MergeParser.Tests\Warewolf.MergeParser.Tests.csproj]
C:\Program Files\dotnet\sdk\10.0.201\Microsoft.Common.CurrentVersion.targets(2451,5): warning MSB3277:             C:\Users\ultra\.nuget\packages\caliburn.micro\4.0.212\lib\netcoreapp3.1\Caliburn.Micro.Platform.dll [C:\Users\ultra\warewolf\Dev\Warewolf.MergeParser.Tests\Warewolf.MergeParser.Tests.csproj]
C:\Program Files\dotnet\sdk\10.0.201\Microsoft.Common.CurrentVersion.targets(2451,5): warning MSB3277:         C:\Users\ultra\.nuget\packages\ironpython\3.4.0\lib\net6.0\IronPython.Wpf.dll [C:\Users\ultra\warewolf\Dev\Warewolf.MergeParser.Tests\Warewolf.MergeParser.Tests.csproj]
C:\Program Files\dotnet\sdk\10.0.201\Microsoft.Common.CurrentVersion.targets(2451,5): warning MSB3277:           Project file item includes which caused reference "C:\Users\ultra\.nuget\packages\ironpython\3.4.0\lib\net6.0\IronPython.Wpf.dll". [C:\Users\ultra\warewolf\Dev\Warewolf.MergeParser.Tests\Warewolf.MergeParser.Tests.csproj]
C:\Program Files\dotnet\sdk\10.0.201\Microsoft.Common.CurrentVersion.targets(2451,5): warning MSB3277:             C:\Users\ultra\.nuget\packages\ironpython\3.4.0\lib\net6.0\IronPython.Wpf.dll [C:\Users\ultra\warewolf\Dev\Warewolf.MergeParser.Tests\Warewolf.MergeParser.Tests.csproj]
C:\Program Files\dotnet\sdk\10.0.201\Microsoft.Common.CurrentVersion.targets(2451,5): warning MSB3277:         C:\Users\ultra\.nuget\packages\microsoft.xaml.behaviors.wpf\1.1.122\lib\net462\Microsoft.Xaml.Behaviors.dll [C:\Users\ultra\warewolf\Dev\Warewolf.MergeParser.Tests\Warewolf.MergeParser.Tests.csproj]
C:\Program Files\dotnet\sdk\10.0.201\Microsoft.Common.CurrentVersion.targets(2451,5): warning MSB3277:           Project file item includes which caused reference "C:\Users\ultra\.nuget\packages\microsoft.xaml.behaviors.wpf\1.1.122\lib\net462\Microsoft.Xaml.Behaviors.dll". [C:\Users\ultra\warewolf\Dev\Warewolf.MergeParser.Tests\Warewolf.MergeParser.Tests.csproj]
C:\Program Files\dotnet\sdk\10.0.201\Microsoft.Common.CurrentVersion.targets(2451,5): warning MSB3277:             C:\Users\ultra\.nuget\packages\microsoft.xaml.behaviors.wpf\1.1.122\lib\net462\Microsoft.Xaml.Behaviors.dll [C:\Users\ultra\warewolf\Dev\Warewolf.MergeParser.Tests\Warewolf.MergeParser.Tests.csproj]
C:\Program Files\dotnet\sdk\10.0.201\Microsoft.Common.CurrentVersion.targets(2451,5): warning MSB3277:             C:\Users\ultra\.nuget\packages\caliburn.micro\4.0.212\lib\netcoreapp3.1\Caliburn.Micro.Platform.dll [C:\Users\ultra\warewolf\Dev\Warewolf.MergeParser.Tests\Warewolf.MergeParser.Tests.csproj]
C:\Program Files\dotnet\sdk\10.0.201\Microsoft.Common.CurrentVersion.targets(2451,5): warning MSB3277:             C:\Users\ultra\.nuget\packages\prism.wpf\9.0.537\lib\net462\Prism.Wpf.dll [C:\Users\ultra\warewolf\Dev\Warewolf.MergeParser.Tests\Warewolf.MergeParser.Tests.csproj]
C:\Program Files\dotnet\sdk\10.0.201\Microsoft.Common.CurrentVersion.targets(2451,5): warning MSB3277:         C:\Users\ultra\.nuget\packages\prism.wpf\9.0.537\lib\net462\Prism.Wpf.dll [C:\Users\ultra\warewolf\Dev\Warewolf.MergeParser.Tests\Warewolf.MergeParser.Tests.csproj]
C:\Program Files\dotnet\sdk\10.0.201\Microsoft.Common.CurrentVersion.targets(2451,5): warning MSB3277:           Project file item includes which caused reference "C:\Users\ultra\.nuget\packages\prism.wpf\9.0.537\lib\net462\Prism.Wpf.dll". [C:\Users\ultra\warewolf\Dev\Warewolf.MergeParser.Tests\Warewolf.MergeParser.Tests.csproj]
C:\Program Files\dotnet\sdk\10.0.201\Microsoft.Common.CurrentVersion.targets(2451,5): warning MSB3277:             C:\Users\ultra\.nuget\packages\prism.wpf\9.0.537\lib\net462\Prism.Wpf.dll [C:\Users\ultra\warewolf\Dev\Warewolf.MergeParser.Tests\Warewolf.MergeParser.Tests.csproj]
C:\Program Files\dotnet\sdk\10.0.201\Microsoft.Common.CurrentVersion.targets(2451,5): warning MSB3277:         C:\Users\ultra\.nuget\packages\reactiveui.wpf\18.4.1\lib\net462\ReactiveUI.Wpf.dll [C:\Users\ultra\warewolf\Dev\Warewolf.MergeParser.Tests\Warewolf.MergeParser.Tests.csproj]
C:\Program Files\dotnet\sdk\10.0.201\Microsoft.Common.CurrentVersion.targets(2451,5): warning MSB3277:           Project file item includes which caused reference "C:\Users\ultra\.nuget\packages\reactiveui.wpf\18.4.1\lib\net462\ReactiveUI.Wpf.dll". [C:\Users\ultra\warewolf\Dev\Warewolf.MergeParser.Tests\Warewolf.MergeParser.Tests.csproj]
C:\Program Files\dotnet\sdk\10.0.201\Microsoft.Common.CurrentVersion.targets(2451,5): warning MSB3277:             C:\Users\ultra\.nuget\packages\reactiveui.wpf\18.4.1\lib\net462\ReactiveUI.Wpf.dll [C:\Users\ultra\warewolf\Dev\Warewolf.MergeParser.Tests\Warewolf.MergeParser.Tests.csproj]
C:\Program Files\dotnet\sdk\10.0.201\Microsoft.Common.CurrentVersion.targets(2451,5): warning MSB3243: No way to resolve conflict between "System.Web, Version=4.0.0.0, Culture=neutral, PublicKeyToken=b03f5f7f11d50a3a" and "System.Web". Choosing "System.Web, Version=4.0.0.0, Culture=neutral, PublicKeyToken=b03f5f7f11d50a3a" arbitrarily. [C:\Users\ultra\warewolf\Dev\Dev2.Runtime.WebServer\Dev2.Runtime.WebServer.csproj]
C:\Program Files\dotnet\sdk\10.0.201\Microsoft.Common.CurrentVersion.targets(2451,5): warning MSB3277: Found conflicts between different versions of "WindowsBase" that could not be resolved. [C:\Users\ultra\warewolf\Dev\Dev2.Runtime.WebServer\Dev2.Runtime.WebServer.csproj]
C:\Program Files\dotnet\sdk\10.0.201\Microsoft.Common.CurrentVersion.targets(2451,5): warning MSB3277: There was a conflict between "WindowsBase, Version=4.0.0.0, Culture=neutral, PublicKeyToken=31bf3856ad364e35" and "WindowsBase, Version=6.0.2.0, Culture=neutral, PublicKeyToken=31bf3856ad364e35". [C:\Users\ultra\warewolf\Dev\Dev2.Runtime.WebServer\Dev2.Runtime.WebServer.csproj]
C:\Program Files\dotnet\sdk\10.0.201\Microsoft.Common.CurrentVersion.targets(2451,5): warning MSB3277:     "WindowsBase, Version=4.0.0.0, Culture=neutral, PublicKeyToken=31bf3856ad364e35" was chosen because it was primary and "WindowsBase, Version=6.0.2.0, Culture=neutral, PublicKeyToken=31bf3856ad364e35" was not. [C:\Users\ultra\warewolf\Dev\Dev2.Runtime.WebServer\Dev2.Runtime.WebServer.csproj]
C:\Program Files\dotnet\sdk\10.0.201\Microsoft.Common.CurrentVersion.targets(2451,5): warning MSB3277:     References which depend on "WindowsBase, Version=4.0.0.0, Culture=neutral, PublicKeyToken=31bf3856ad364e35" [C:\Program Files\dotnet\packs\Microsoft.NETCore.App.Ref\8.0.25\ref\net8.0\WindowsBase.dll]. [C:\Users\ultra\warewolf\Dev\Dev2.Runtime.WebServer\Dev2.Runtime.WebServer.csproj]
C:\Program Files\dotnet\sdk\10.0.201\Microsoft.Common.CurrentVersion.targets(2451,5): warning MSB3277:         C:\Program Files\dotnet\packs\Microsoft.NETCore.App.Ref\8.0.25\ref\net8.0\WindowsBase.dll [C:\Users\ultra\warewolf\Dev\Dev2.Runtime.WebServer\Dev2.Runtime.WebServer.csproj]
C:\Program Files\dotnet\sdk\10.0.201\Microsoft.Common.CurrentVersion.targets(2451,5): warning MSB3277:           Project file item includes which caused reference "C:\Program Files\dotnet\packs\Microsoft.NETCore.App.Ref\8.0.25\ref\net8.0\WindowsBase.dll". [C:\Users\ultra\warewolf\Dev\Dev2.Runtime.WebServer\Dev2.Runtime.WebServer.csproj]
C:\Program Files\dotnet\sdk\10.0.201\Microsoft.Common.CurrentVersion.targets(2451,5): warning MSB3277:             C:\Program Files\dotnet\packs\Microsoft.NETCore.App.Ref\8.0.25\ref/net8.0/WindowsBase.dll [C:\Users\ultra\warewolf\Dev\Dev2.Runtime.WebServer\Dev2.Runtime.WebServer.csproj]
C:\Program Files\dotnet\sdk\10.0.201\Microsoft.Common.CurrentVersion.targets(2451,5): warning MSB3277:     References which depend on or have been unified to "WindowsBase, Version=6.0.2.0, Culture=neutral, PublicKeyToken=31bf3856ad364e35" []. [C:\Users\ultra\warewolf\Dev\Dev2.Runtime.WebServer\Dev2.Runtime.WebServer.csproj]
C:\Program Files\dotnet\sdk\10.0.201\Microsoft.Common.CurrentVersion.targets(2451,5): warning MSB3277:         C:\Users\ultra\.nuget\packages\caliburn.micro\4.0.212\lib\netcoreapp3.1\Caliburn.Micro.Platform.dll [C:\Users\ultra\warewolf\Dev\Dev2.Runtime.WebServer\Dev2.Runtime.WebServer.csproj]
C:\Program Files\dotnet\sdk\10.0.201\Microsoft.Common.CurrentVersion.targets(2451,5): warning MSB3277:           Project file item includes which caused reference "C:\Users\ultra\.nuget\packages\caliburn.micro\4.0.212\lib\netcoreapp3.1\Caliburn.Micro.Platform.dll". [C:\Users\ultra\warewolf\Dev\Dev2.Runtime.WebServer\Dev2.Runtime.WebServer.csproj]
C:\Program Files\dotnet\sdk\10.0.201\Microsoft.Common.CurrentVersion.targets(2451,5): warning MSB3277:             C:\Users\ultra\.nuget\packages\caliburn.micro\4.0.212\lib\netcoreapp3.1\Caliburn.Micro.Platform.dll [C:\Users\ultra\warewolf\Dev\Dev2.Runtime.WebServer\Dev2.Runtime.WebServer.csproj]
C:\Program Files\dotnet\sdk\10.0.201\Microsoft.Common.CurrentVersion.targets(2451,5): warning MSB3277:         C:\Users\ultra\.nuget\packages\ironpython\3.4.0\lib\net6.0\IronPython.Wpf.dll [C:\Users\ultra\warewolf\Dev\Dev2.Runtime.WebServer\Dev2.Runtime.WebServer.csproj]
C:\Program Files\dotnet\sdk\10.0.201\Microsoft.Common.CurrentVersion.targets(2451,5): warning MSB3277:           Project file item includes which caused reference "C:\Users\ultra\.nuget\packages\ironpython\3.4.0\lib\net6.0\IronPython.Wpf.dll". [C:\Users\ultra\warewolf\Dev\Dev2.Runtime.WebServer\Dev2.Runtime.WebServer.csproj]
C:\Program Files\dotnet\sdk\10.0.201\Microsoft.Common.CurrentVersion.targets(2451,5): warning MSB3277:             C:\Users\ultra\.nuget\packages\ironpython\3.4.0\lib\net6.0\IronPython.Wpf.dll [C:\Users\ultra\warewolf\Dev\Dev2.Runtime.WebServer\Dev2.Runtime.WebServer.csproj]
C:\Program Files\dotnet\sdk\10.0.201\Microsoft.Common.CurrentVersion.targets(2451,5): warning MSB3277:         C:\Users\ultra\.nuget\packages\microsoft.xaml.behaviors.wpf\1.1.122\lib\net462\Microsoft.Xaml.Behaviors.dll [C:\Users\ultra\warewolf\Dev\Dev2.Runtime.WebServer\Dev2.Runtime.WebServer.csproj]
C:\Program Files\dotnet\sdk\10.0.201\Microsoft.Common.CurrentVersion.targets(2451,5): warning MSB3277:           Project file item includes which caused reference "C:\Users\ultra\.nuget\packages\microsoft.xaml.behaviors.wpf\1.1.122\lib\net462\Microsoft.Xaml.Behaviors.dll". [C:\Users\ultra\warewolf\Dev\Dev2.Runtime.WebServer\Dev2.Runtime.WebServer.csproj]
C:\Program Files\dotnet\sdk\10.0.201\Microsoft.Common.CurrentVersion.targets(2451,5): warning MSB3277:             C:\Users\ultra\.nuget\packages\microsoft.xaml.behaviors.wpf\1.1.122\lib\net462\Microsoft.Xaml.Behaviors.dll [C:\Users\ultra\warewolf\Dev\Dev2.Runtime.WebServer\Dev2.Runtime.WebServer.csproj]
C:\Program Files\dotnet\sdk\10.0.201\Microsoft.Common.CurrentVersion.targets(2451,5): warning MSB3277:             C:\Users\ultra\.nuget\packages\caliburn.micro\4.0.212\lib\netcoreapp3.1\Caliburn.Micro.Platform.dll [C:\Users\ultra\warewolf\Dev\Dev2.Runtime.WebServer\Dev2.Runtime.WebServer.csproj]
C:\Program Files\dotnet\sdk\10.0.201\Microsoft.Common.CurrentVersion.targets(2451,5): warning MSB3277:             C:\Users\ultra\.nuget\packages\prism.wpf\9.0.537\lib\net462\Prism.Wpf.dll [C:\Users\ultra\warewolf\Dev\Dev2.Runtime.WebServer\Dev2.Runtime.WebServer.csproj]
C:\Program Files\dotnet\sdk\10.0.201\Microsoft.Common.CurrentVersion.targets(2451,5): warning MSB3277:         C:\Users\ultra\.nuget\packages\prism.wpf\9.0.537\lib\net462\Prism.Wpf.dll [C:\Users\ultra\warewolf\Dev\Dev2.Runtime.WebServer\Dev2.Runtime.WebServer.csproj]
C:\Program Files\dotnet\sdk\10.0.201\Microsoft.Common.CurrentVersion.targets(2451,5): warning MSB3277:           Project file item includes which caused reference "C:\Users\ultra\.nuget\packages\prism.wpf\9.0.537\lib\net462\Prism.Wpf.dll". [C:\Users\ultra\warewolf\Dev\Dev2.Runtime.WebServer\Dev2.Runtime.WebServer.csproj]
C:\Program Files\dotnet\sdk\10.0.201\Microsoft.Common.CurrentVersion.targets(2451,5): warning MSB3277:             C:\Users\ultra\.nuget\packages\prism.wpf\9.0.537\lib\net462\Prism.Wpf.dll [C:\Users\ultra\warewolf\Dev\Dev2.Runtime.WebServer\Dev2.Runtime.WebServer.csproj]
C:\Program Files\dotnet\sdk\10.0.201\Microsoft.Common.CurrentVersion.targets(2451,5): warning MSB3277:         C:\Users\ultra\.nuget\packages\reactiveui.wpf\18.4.1\lib\net462\ReactiveUI.Wpf.dll [C:\Users\ultra\warewolf\Dev\Dev2.Runtime.WebServer\Dev2.Runtime.WebServer.csproj]
C:\Program Files\dotnet\sdk\10.0.201\Microsoft.Common.CurrentVersion.targets(2451,5): warning MSB3277:           Project file item includes which caused reference "C:\Users\ultra\.nuget\packages\reactiveui.wpf\18.4.1\lib\net462\ReactiveUI.Wpf.dll". [C:\Users\ultra\warewolf\Dev\Dev2.Runtime.WebServer\Dev2.Runtime.WebServer.csproj]
C:\Program Files\dotnet\sdk\10.0.201\Microsoft.Common.CurrentVersion.targets(2451,5): warning MSB3277:             C:\Users\ultra\.nuget\packages\reactiveui.wpf\18.4.1\lib\net462\ReactiveUI.Wpf.dll [C:\Users\ultra\warewolf\Dev\Dev2.Runtime.WebServer\Dev2.Runtime.WebServer.csproj]
C:\Program Files\dotnet\sdk\10.0.201\Microsoft.Common.CurrentVersion.targets(2451,5): warning MSB3277: Found conflicts between different versions of "WindowsBase" that could not be resolved. [C:\Users\ultra\warewolf\Dev\Warewolf.UI\Warewolf.UI.csproj]
C:\Program Files\dotnet\sdk\10.0.201\Microsoft.Common.CurrentVersion.targets(2451,5): warning MSB3277: There was a conflict between "WindowsBase, Version=4.0.0.0, Culture=neutral, PublicKeyToken=31bf3856ad364e35" and "WindowsBase, Version=6.0.2.0, Culture=neutral, PublicKeyToken=31bf3856ad364e35". [C:\Users\ultra\warewolf\Dev\Warewolf.UI\Warewolf.UI.csproj]
C:\Program Files\dotnet\sdk\10.0.201\Microsoft.Common.CurrentVersion.targets(2451,5): warning MSB3277:     "WindowsBase, Version=4.0.0.0, Culture=neutral, PublicKeyToken=31bf3856ad364e35" was chosen because it was primary and "WindowsBase, Version=6.0.2.0, Culture=neutral, PublicKeyToken=31bf3856ad364e35" was not. [C:\Users\ultra\warewolf\Dev\Warewolf.UI\Warewolf.UI.csproj]
C:\Program Files\dotnet\sdk\10.0.201\Microsoft.Common.CurrentVersion.targets(2451,5): warning MSB3277:     References which depend on "WindowsBase, Version=4.0.0.0, Culture=neutral, PublicKeyToken=31bf3856ad364e35" [C:\Program Files\dotnet\packs\Microsoft.NETCore.App.Ref\8.0.25\ref\net8.0\WindowsBase.dll]. [C:\Users\ultra\warewolf\Dev\Warewolf.UI\Warewolf.UI.csproj]
C:\Program Files\dotnet\sdk\10.0.201\Microsoft.Common.CurrentVersion.targets(2451,5): warning MSB3277:         C:\Program Files\dotnet\packs\Microsoft.NETCore.App.Ref\8.0.25\ref\net8.0\WindowsBase.dll [C:\Users\ultra\warewolf\Dev\Warewolf.UI\Warewolf.UI.csproj]
C:\Program Files\dotnet\sdk\10.0.201\Microsoft.Common.CurrentVersion.targets(2451,5): warning MSB3277:           Project file item includes which caused reference "C:\Program Files\dotnet\packs\Microsoft.NETCore.App.Ref\8.0.25\ref\net8.0\WindowsBase.dll". [C:\Users\ultra\warewolf\Dev\Warewolf.UI\Warewolf.UI.csproj]
C:\Program Files\dotnet\sdk\10.0.201\Microsoft.Common.CurrentVersion.targets(2451,5): warning MSB3277:             C:\Program Files\dotnet\packs\Microsoft.NETCore.App.Ref\8.0.25\ref/net8.0/WindowsBase.dll [C:\Users\ultra\warewolf\Dev\Warewolf.UI\Warewolf.UI.csproj]
C:\Program Files\dotnet\sdk\10.0.201\Microsoft.Common.CurrentVersion.targets(2451,5): warning MSB3277:     References which depend on or have been unified to "WindowsBase, Version=6.0.2.0, Culture=neutral, PublicKeyToken=31bf3856ad364e35" []. [C:\Users\ultra\warewolf\Dev\Warewolf.UI\Warewolf.UI.csproj]
C:\Program Files\dotnet\sdk\10.0.201\Microsoft.Common.CurrentVersion.targets(2451,5): warning MSB3277:         C:\Users\ultra\.nuget\packages\caliburn.micro\4.0.212\lib\netcoreapp3.1\Caliburn.Micro.Platform.dll [C:\Users\ultra\warewolf\Dev\Warewolf.UI\Warewolf.UI.csproj]
C:\Program Files\dotnet\sdk\10.0.201\Microsoft.Common.CurrentVersion.targets(2451,5): warning MSB3277:           Project file item includes which caused reference "C:\Users\ultra\.nuget\packages\caliburn.micro\4.0.212\lib\netcoreapp3.1\Caliburn.Micro.Platform.dll". [C:\Users\ultra\warewolf\Dev\Warewolf.UI\Warewolf.UI.csproj]
C:\Program Files\dotnet\sdk\10.0.201\Microsoft.Common.CurrentVersion.targets(2451,5): warning MSB3277:             C:\Users\ultra\.nuget\packages\caliburn.micro\4.0.212\lib\netcoreapp3.1\Caliburn.Micro.Platform.dll [C:\Users\ultra\warewolf\Dev\Warewolf.UI\Warewolf.UI.csproj]
C:\Program Files\dotnet\sdk\10.0.201\Microsoft.Common.CurrentVersion.targets(2451,5): warning MSB3277:         C:\Users\ultra\.nuget\packages\ironpython\3.4.0\lib\net6.0\IronPython.Wpf.dll [C:\Users\ultra\warewolf\Dev\Warewolf.UI\Warewolf.UI.csproj]
C:\Program Files\dotnet\sdk\10.0.201\Microsoft.Common.CurrentVersion.targets(2451,5): warning MSB3277:           Project file item includes which caused reference "C:\Users\ultra\.nuget\packages\ironpython\3.4.0\lib\net6.0\IronPython.Wpf.dll". [C:\Users\ultra\warewolf\Dev\Warewolf.UI\Warewolf.UI.csproj]
C:\Program Files\dotnet\sdk\10.0.201\Microsoft.Common.CurrentVersion.targets(2451,5): warning MSB3277:             C:\Users\ultra\.nuget\packages\ironpython\3.4.0\lib\net6.0\IronPython.Wpf.dll [C:\Users\ultra\warewolf\Dev\Warewolf.UI\Warewolf.UI.csproj]
C:\Program Files\dotnet\sdk\10.0.201\Microsoft.Common.CurrentVersion.targets(2451,5): warning MSB3277:         C:\Users\ultra\.nuget\packages\microsoft.xaml.behaviors.wpf\1.1.122\lib\net462\Microsoft.Xaml.Behaviors.dll [C:\Users\ultra\warewolf\Dev\Warewolf.UI\Warewolf.UI.csproj]
C:\Program Files\dotnet\sdk\10.0.201\Microsoft.Common.CurrentVersion.targets(2451,5): warning MSB3277:           Project file item includes which caused reference "C:\Users\ultra\.nuget\packages\microsoft.xaml.behaviors.wpf\1.1.122\lib\net462\Microsoft.Xaml.Behaviors.dll". [C:\Users\ultra\warewolf\Dev\Warewolf.UI\Warewolf.UI.csproj]
C:\Program Files\dotnet\sdk\10.0.201\Microsoft.Common.CurrentVersion.targets(2451,5): warning MSB3277:             C:\Users\ultra\.nuget\packages\microsoft.xaml.behaviors.wpf\1.1.122\lib\net462\Microsoft.Xaml.Behaviors.dll [C:\Users\ultra\warewolf\Dev\Warewolf.UI\Warewolf.UI.csproj]
C:\Program Files\dotnet\sdk\10.0.201\Microsoft.Common.CurrentVersion.targets(2451,5): warning MSB3277:             C:\Users\ultra\.nuget\packages\caliburn.micro\4.0.212\lib\netcoreapp3.1\Caliburn.Micro.Platform.dll [C:\Users\ultra\warewolf\Dev\Warewolf.UI\Warewolf.UI.csproj]
C:\Program Files\dotnet\sdk\10.0.201\Microsoft.Common.CurrentVersion.targets(2451,5): warning MSB3277:             C:\Users\ultra\.nuget\packages\prism.wpf\9.0.537\lib\net462\Prism.Wpf.dll [C:\Users\ultra\warewolf\Dev\Warewolf.UI\Warewolf.UI.csproj]
C:\Program Files\dotnet\sdk\10.0.201\Microsoft.Common.CurrentVersion.targets(2451,5): warning MSB3277:         C:\Users\ultra\.nuget\packages\prism.wpf\9.0.537\lib\net462\Prism.Wpf.dll [C:\Users\ultra\warewolf\Dev\Warewolf.UI\Warewolf.UI.csproj]
C:\Program Files\dotnet\sdk\10.0.201\Microsoft.Common.CurrentVersion.targets(2451,5): warning MSB3277:           Project file item includes which caused reference "C:\Users\ultra\.nuget\packages\prism.wpf\9.0.537\lib\net462\Prism.Wpf.dll". [C:\Users\ultra\warewolf\Dev\Warewolf.UI\Warewolf.UI.csproj]
C:\Program Files\dotnet\sdk\10.0.201\Microsoft.Common.CurrentVersion.targets(2451,5): warning MSB3277:             C:\Users\ultra\.nuget\packages\prism.wpf\9.0.537\lib\net462\Prism.Wpf.dll [C:\Users\ultra\warewolf\Dev\Warewolf.UI\Warewolf.UI.csproj]
C:\Program Files\dotnet\sdk\10.0.201\Microsoft.Common.CurrentVersion.targets(2451,5): warning MSB3277:         C:\Users\ultra\.nuget\packages\reactiveui.wpf\18.4.1\lib\net462\ReactiveUI.Wpf.dll [C:\Users\ultra\warewolf\Dev\Warewolf.UI\Warewolf.UI.csproj]
C:\Program Files\dotnet\sdk\10.0.201\Microsoft.Common.CurrentVersion.targets(2451,5): warning MSB3277:           Project file item includes which caused reference "C:\Users\ultra\.nuget\packages\reactiveui.wpf\18.4.1\lib\net462\ReactiveUI.Wpf.dll". [C:\Users\ultra\warewolf\Dev\Warewolf.UI\Warewolf.UI.csproj]
C:\Program Files\dotnet\sdk\10.0.201\Microsoft.Common.CurrentVersion.targets(2451,5): warning MSB3277:             C:\Users\ultra\.nuget\packages\reactiveui.wpf\18.4.1\lib\net462\ReactiveUI.Wpf.dll [C:\Users\ultra\warewolf\Dev\Warewolf.UI\Warewolf.UI.csproj]
C:\Program Files\dotnet\sdk\10.0.201\Microsoft.Common.CurrentVersion.targets(2451,5): warning MSB3277: Found conflicts between different versions of "Microsoft.Win32.SystemEvents" that could not be resolved. [C:\Users\ultra\warewolf\Dev\Warewolf.Studio.CustomControls\Warewolf.Studio.CustomControls.csproj]
C:\Program Files\dotnet\sdk\10.0.201\Microsoft.Common.CurrentVersion.targets(2451,5): warning MSB3277: There was a conflict between "Microsoft.Win32.SystemEvents, Version=6.0.0.0, Culture=neutral, PublicKeyToken=cc7b13ffcd2ddd51" and "Microsoft.Win32.SystemEvents, Version=7.0.0.0, Culture=neutral, PublicKeyToken=cc7b13ffcd2ddd51". [C:\Users\ultra\warewolf\Dev\Warewolf.Studio.CustomControls\Warewolf.Studio.CustomControls.csproj]
C:\Program Files\dotnet\sdk\10.0.201\Microsoft.Common.CurrentVersion.targets(2451,5): warning MSB3277:     "Microsoft.Win32.SystemEvents, Version=6.0.0.0, Culture=neutral, PublicKeyToken=cc7b13ffcd2ddd51" was chosen because it was primary and "Microsoft.Win32.SystemEvents, Version=7.0.0.0, Culture=neutral, PublicKeyToken=cc7b13ffcd2ddd51" was not. [C:\Users\ultra\warewolf\Dev\Warewolf.Studio.CustomControls\Warewolf.Studio.CustomControls.csproj]
C:\Program Files\dotnet\sdk\10.0.201\Microsoft.Common.CurrentVersion.targets(2451,5): warning MSB3277:     References which depend on "Microsoft.Win32.SystemEvents, Version=6.0.0.0, Culture=neutral, PublicKeyToken=cc7b13ffcd2ddd51" [C:\Users\ultra\.nuget\packages\microsoft.win32.systemevents\6.0.0\lib\net6.0\Microsoft.Win32.SystemEvents.dll]. [C:\Users\ultra\warewolf\Dev\Warewolf.Studio.CustomControls\Warewolf.Studio.CustomControls.csproj]
C:\Program Files\dotnet\sdk\10.0.201\Microsoft.Common.CurrentVersion.targets(2451,5): warning MSB3277:         C:\Users\ultra\.nuget\packages\microsoft.win32.systemevents\6.0.0\lib\net6.0\Microsoft.Win32.SystemEvents.dll [C:\Users\ultra\warewolf\Dev\Warewolf.Studio.CustomControls\Warewolf.Studio.CustomControls.csproj]
C:\Program Files\dotnet\sdk\10.0.201\Microsoft.Common.CurrentVersion.targets(2451,5): warning MSB3277:           Project file item includes which caused reference "C:\Users\ultra\.nuget\packages\microsoft.win32.systemevents\6.0.0\lib\net6.0\Microsoft.Win32.SystemEvents.dll". [C:\Users\ultra\warewolf\Dev\Warewolf.Studio.CustomControls\Warewolf.Studio.CustomControls.csproj]
C:\Program Files\dotnet\sdk\10.0.201\Microsoft.Common.CurrentVersion.targets(2451,5): warning MSB3277:             C:\Users\ultra\.nuget\packages\microsoft.win32.systemevents\6.0.0\lib\net6.0\Microsoft.Win32.SystemEvents.dll [C:\Users\ultra\warewolf\Dev\Warewolf.Studio.CustomControls\Warewolf.Studio.CustomControls.csproj]
C:\Program Files\dotnet\sdk\10.0.201\Microsoft.Common.CurrentVersion.targets(2451,5): warning MSB3277:     References which depend on or have been unified to "Microsoft.Win32.SystemEvents, Version=7.0.0.0, Culture=neutral, PublicKeyToken=cc7b13ffcd2ddd51" []. [C:\Users\ultra\warewolf\Dev\Warewolf.Studio.CustomControls\Warewolf.Studio.CustomControls.csproj]
C:\Program Files\dotnet\sdk\10.0.201\Microsoft.Common.CurrentVersion.targets(2451,5): warning MSB3277:         C:\Users\ultra\warewolf\Dev\Dev2.Common\bin\Debug\net8.0\Dev2.Common.dll [C:\Users\ultra\warewolf\Dev\Warewolf.Studio.CustomControls\Warewolf.Studio.CustomControls.csproj]
C:\Program Files\dotnet\sdk\10.0.201\Microsoft.Common.CurrentVersion.targets(2451,5): warning MSB3277:           Project file item includes which caused reference "C:\Users\ultra\warewolf\Dev\Dev2.Common\bin\Debug\net8.0\Dev2.Common.dll". [C:\Users\ultra\warewolf\Dev\Warewolf.Studio.CustomControls\Warewolf.Studio.CustomControls.csproj]
C:\Program Files\dotnet\sdk\10.0.201\Microsoft.Common.CurrentVersion.targets(2451,5): warning MSB3277:             C:\Users\ultra\warewolf\Dev\Dev2.Common\bin\Debug\net8.0\Dev2.Common.dll [C:\Users\ultra\warewolf\Dev\Warewolf.Studio.CustomControls\Warewolf.Studio.CustomControls.csproj]
C:\Program Files\dotnet\sdk\10.0.201\Microsoft.Common.CurrentVersion.targets(2451,5): warning MSB3277:             C:\Users\ultra\warewolf\Dev\Dev2.Infrastructure\bin\Debug\net8.0\Dev2.Infrastructure.dll [C:\Users\ultra\warewolf\Dev\Warewolf.Studio.CustomControls\Warewolf.Studio.CustomControls.csproj]
C:\Program Files\dotnet\sdk\10.0.201\Microsoft.Common.CurrentVersion.targets(2451,5): warning MSB3277:             C:\Users\ultra\warewolf\Dev\Dev2.Intellisense\bin\Debug\net8.0\Dev2.Intellisense.dll [C:\Users\ultra\warewolf\Dev\Warewolf.Studio.CustomControls\Warewolf.Studio.CustomControls.csproj]
C:\Program Files\dotnet\sdk\10.0.201\Microsoft.Common.CurrentVersion.targets(2451,5): warning MSB3277:             C:\Users\ultra\warewolf\Dev\Dev2.Studio.Core\bin\Debug\net8.0\Dev2.Studio.Core.dll [C:\Users\ultra\warewolf\Dev\Warewolf.Studio.CustomControls\Warewolf.Studio.CustomControls.csproj]
C:\Program Files\dotnet\sdk\10.0.201\Microsoft.Common.CurrentVersion.targets(2451,5): warning MSB3277:             C:\Users\ultra\warewolf\Dev\Dev2.Studio.Interfaces\bin\Debug\net8.0\Dev2.Studio.Interfaces.dll [C:\Users\ultra\warewolf\Dev\Warewolf.Studio.CustomControls\Warewolf.Studio.CustomControls.csproj]
C:\Program Files\dotnet\sdk\10.0.201\Microsoft.Common.CurrentVersion.targets(2451,5): warning MSB3277:             C:\Users\ultra\warewolf\Dev\Dev2.Activities\bin\Debug\net8.0\Dev2.Activities.dll [C:\Users\ultra\warewolf\Dev\Warewolf.Studio.CustomControls\Warewolf.Studio.CustomControls.csproj]
C:\Program Files\dotnet\sdk\10.0.201\Microsoft.Common.CurrentVersion.targets(2451,5): warning MSB3277:             C:\Users\ultra\warewolf\Dev\Dev2.Core\bin\Debug\net8.0\Dev2.Core.dll [C:\Users\ultra\warewolf\Dev\Warewolf.Studio.CustomControls\Warewolf.Studio.CustomControls.csproj]
C:\Program Files\dotnet\sdk\10.0.201\Microsoft.Common.CurrentVersion.targets(2451,5): warning MSB3277:             C:\Users\ultra\warewolf\Dev\Dev2.Data\bin\Debug\net8.0\Dev2.Data.dll [C:\Users\ultra\warewolf\Dev\Warewolf.Studio.CustomControls\Warewolf.Studio.CustomControls.csproj]
C:\Program Files\dotnet\sdk\10.0.201\Microsoft.Common.CurrentVersion.targets(2451,5): warning MSB3277:             C:\Users\ultra\warewolf\Dev\Dev2.Development.Languages\bin\Debug\net8.0\Dev2.Development.Languages.dll [C:\Users\ultra\warewolf\Dev\Warewolf.Studio.CustomControls\Warewolf.Studio.CustomControls.csproj]
C:\Program Files\dotnet\sdk\10.0.201\Microsoft.Common.CurrentVersion.targets(2451,5): warning MSB3277:             C:\Users\ultra\warewolf\Dev\Dev2.Diagnostics\bin\Debug\net8.0\Dev2.Diagnostics.dll [C:\Users\ultra\warewolf\Dev\Warewolf.Studio.CustomControls\Warewolf.Studio.CustomControls.csproj]
C:\Program Files\dotnet\sdk\10.0.201\Microsoft.Common.CurrentVersion.targets(2451,5): warning MSB3277:             C:\Users\ultra\warewolf\Dev\Dev2.Runtime.Services\bin\Debug\net8.0\Dev2.Runtime.Services.dll [C:\Users\ultra\warewolf\Dev\Warewolf.Studio.CustomControls\Warewolf.Studio.CustomControls.csproj]
C:\Program Files\dotnet\sdk\10.0.201\Microsoft.Common.CurrentVersion.targets(2451,5): warning MSB3277:             C:\Users\ultra\warewolf\Dev\Dev2.Scheduler\bin\Debug\net8.0\Dev2.Scheduler.dll [C:\Users\ultra\warewolf\Dev\Warewolf.Studio.CustomControls\Warewolf.Studio.CustomControls.csproj]
C:\Program Files\dotnet\sdk\10.0.201\Microsoft.Common.CurrentVersion.targets(2451,5): warning MSB3277:             C:\Users\ultra\warewolf\Dev\Dev2.Services.Execution\bin\Debug\net8.0\Dev2.Services.Execution.dll [C:\Users\ultra\warewolf\Dev\Warewolf.Studio.CustomControls\Warewolf.Studio.CustomControls.csproj]
C:\Program Files\dotnet\sdk\10.0.201\Microsoft.Common.CurrentVersion.targets(2451,5): warning MSB3277:             C:\Users\ultra\warewolf\Dev\Dev2.Services.Sql\bin\Debug\net8.0\Dev2.Services.Sql.dll [C:\Users\ultra\warewolf\Dev\Warewolf.Studio.CustomControls\Warewolf.Studio.CustomControls.csproj]
C:\Program Files\dotnet\sdk\10.0.201\Microsoft.Common.CurrentVersion.targets(2451,5): warning MSB3277:             C:\Users\ultra\warewolf\Dev\Dev2.TaskScheduler.Wrappers\bin\Debug\net8.0\Dev2.TaskScheduler.Wrappers.dll [C:\Users\ultra\warewolf\Dev\Warewolf.Studio.CustomControls\Warewolf.Studio.CustomControls.csproj]
C:\Program Files\dotnet\sdk\10.0.201\Microsoft.Common.CurrentVersion.targets(2451,5): warning MSB3277:             C:\Users\ultra\warewolf\Dev\Dev2.Util\bin\Debug\net8.0\Dev2.Util.dll [C:\Users\ultra\warewolf\Dev\Warewolf.Studio.CustomControls\Warewolf.Studio.CustomControls.csproj]
C:\Program Files\dotnet\sdk\10.0.201\Microsoft.Common.CurrentVersion.targets(2451,5): warning MSB3277:             C:\Users\ultra\warewolf\Dev\Warewolf.AI.Harness\bin\Debug\net8.0\Warewolf.AI.Harness.dll [C:\Users\ultra\warewolf\Dev\Warewolf.Studio.CustomControls\Warewolf.Studio.CustomControls.csproj]
C:\Program Files\dotnet\sdk\10.0.201\Microsoft.Common.CurrentVersion.targets(2451,5): warning MSB3277:             C:\Users\ultra\warewolf\Dev\Warewolf.Auditing\bin\Debug\net8.0\Warewolf.Auditing.dll [C:\Users\ultra\warewolf\Dev\Warewolf.Studio.CustomControls\Warewolf.Studio.CustomControls.csproj]
C:\Program Files\dotnet\sdk\10.0.201\Microsoft.Common.CurrentVersion.targets(2451,5): warning MSB3277:             C:\Users\ultra\warewolf\Dev\Warewolf.Common.NetStandard20\bin\Debug\net8.0\Warewolf.Common.NetStandard20.dll [C:\Users\ultra\warewolf\Dev\Warewolf.Studio.CustomControls\Warewolf.Studio.CustomControls.csproj]
C:\Program Files\dotnet\sdk\10.0.201\Microsoft.Common.CurrentVersion.targets(2451,5): warning MSB3277:             C:\Users\ultra\warewolf\Dev\Warewolf.Core\bin\Debug\net8.0\Warewolf.Core.dll [C:\Users\ultra\warewolf\Dev\Warewolf.Studio.CustomControls\Warewolf.Studio.CustomControls.csproj]
C:\Program Files\dotnet\sdk\10.0.201\Microsoft.Common.CurrentVersion.targets(2451,5): warning MSB3277:             C:\Users\ultra\warewolf\Dev\Warewolf.Driver.Persistence\bin\Debug\net8.0\Warewolf.Driver.Persistence.dll [C:\Users\ultra\warewolf\Dev\Warewolf.Studio.CustomControls\Warewolf.Studio.CustomControls.csproj]
C:\Program Files\dotnet\sdk\10.0.201\Microsoft.Common.CurrentVersion.targets(2451,5): warning MSB3277:             C:\Users\ultra\warewolf\Dev\Warewolf.Driver.Serilog\bin\Debug\net8.0\Warewolf.Driver.Serilog.dll [C:\Users\ultra\warewolf\Dev\Warewolf.Studio.CustomControls\Warewolf.Studio.CustomControls.csproj]
C:\Program Files\dotnet\sdk\10.0.201\Microsoft.Common.CurrentVersion.targets(2451,5): warning MSB3277:             C:\Users\ultra\warewolf\Dev\Warewolf.Exchange.Email.Wrapper\bin\Debug\net8.0\Warewolf.Exchange.Email.Wrapper.dll [C:\Users\ultra\warewolf\Dev\Warewolf.Studio.CustomControls\Warewolf.Studio.CustomControls.csproj]
C:\Program Files\dotnet\sdk\10.0.201\Microsoft.Common.CurrentVersion.targets(2451,5): warning MSB3277:             C:\Users\ultra\warewolf\Dev\Warewolf.ResourceManagement\bin\Debug\net8.0\Warewolf.ResourceManagement.dll [C:\Users\ultra\warewolf\Dev\Warewolf.Studio.CustomControls\Warewolf.Studio.CustomControls.csproj]
C:\Program Files\dotnet\sdk\10.0.201\Microsoft.Common.CurrentVersion.targets(2451,5): warning MSB3277:             C:\Users\ultra\warewolf\Dev\Warewolf.Sharepoint\bin\Debug\net8.0\Warewolf.Sharepoint.dll [C:\Users\ultra\warewolf\Dev\Warewolf.Studio.CustomControls\Warewolf.Studio.CustomControls.csproj]
C:\Program Files\dotnet\sdk\10.0.201\Microsoft.Common.CurrentVersion.targets(2451,5): warning MSB3277:             C:\Users\ultra\warewolf\Dev\Warewolf.Storage\bin\Debug\net8.0\Warewolf.Storage.dll [C:\Users\ultra\warewolf\Dev\Warewolf.Studio.CustomControls\Warewolf.Studio.CustomControls.csproj]
C:\Program Files\dotnet\sdk\10.0.201\Microsoft.Common.CurrentVersion.targets(2451,5): warning MSB3277:             C:\Users\ultra\warewolf\Dev\Warewolf.Studio.Core\bin\Debug\net8.0\Warewolf.Studio.Core.dll [C:\Users\ultra\warewolf\Dev\Warewolf.Studio.CustomControls\Warewolf.Studio.CustomControls.csproj]
C:\Program Files\dotnet\sdk\10.0.201\Microsoft.Common.CurrentVersion.targets(2451,5): warning MSB3277:         C:\Users\ultra\warewolf\Dev\Binaries\Infragistcs_Net6\InfragisticsWPF4.v15.1.dll [C:\Users\ultra\warewolf\Dev\Warewolf.Studio.CustomControls\Warewolf.Studio.CustomControls.csproj]
C:\Program Files\dotnet\sdk\10.0.201\Microsoft.Common.CurrentVersion.targets(2451,5): warning MSB3277:           Project file item includes which caused reference "C:\Users\ultra\warewolf\Dev\Binaries\Infragistcs_Net6\InfragisticsWPF4.v15.1.dll". [C:\Users\ultra\warewolf\Dev\Warewolf.Studio.CustomControls\Warewolf.Studio.CustomControls.csproj]
C:\Program Files\dotnet\sdk\10.0.201\Microsoft.Common.CurrentVersion.targets(2451,5): warning MSB3277:             InfragisticsWPF4.v15.1, Version=15.1.20151.2055, Culture=neutral, processorArchitecture=MSIL [C:\Users\ultra\warewolf\Dev\Warewolf.Studio.CustomControls\Warewolf.Studio.CustomControls.csproj]
C:\Program Files\dotnet\sdk\10.0.201\Microsoft.Common.CurrentVersion.targets(2451,5): warning MSB3277:             InfragisticsWPF4.Controls.Grids.XamGrid.v15.1 [C:\Users\ultra\warewolf\Dev\Warewolf.Studio.CustomControls\Warewolf.Studio.CustomControls.csproj]
C:\Program Files\dotnet\sdk\10.0.201\Microsoft.Common.CurrentVersion.targets(2451,5): warning MSB3277:             InfragisticsWPF4.Controls.Menus.XamDataTree.v15.1, Version=15.1.20151.2055, Culture=neutral, PublicKeyToken=7dd5c3163f2cd0cb, processorArchitecture=MSIL [C:\Users\ultra\warewolf\Dev\Warewolf.Studio.CustomControls\Warewolf.Studio.CustomControls.csproj]
C:\Program Files\dotnet\sdk\10.0.201\Microsoft.Common.CurrentVersion.targets(2451,5): warning MSB3277:             InfragisticsWPF4.DataManager.v15.1, Version=15.1.20151.2055, Culture=neutral, processorArchitecture=MSIL [C:\Users\ultra\warewolf\Dev\Warewolf.Studio.CustomControls\Warewolf.Studio.CustomControls.csproj]
C:\Program Files\dotnet\sdk\10.0.201\Microsoft.Common.CurrentVersion.targets(2451,5): warning MSB3277:             InfragisticsWPF4.DataPresenter.v15.1 [C:\Users\ultra\warewolf\Dev\Warewolf.Studio.CustomControls\Warewolf.Studio.CustomControls.csproj]
C:\Program Files\dotnet\sdk\10.0.201\Microsoft.Common.CurrentVersion.targets(2451,5): warning MSB3277:         C:\Users\ultra\.nuget\packages\timespan2\2.4.2\lib\netcoreapp3.1\TimeSpan2.dll [C:\Users\ultra\warewolf\Dev\Warewolf.Studio.CustomControls\Warewolf.Studio.CustomControls.csproj]
C:\Program Files\dotnet\sdk\10.0.201\Microsoft.Common.CurrentVersion.targets(2451,5): warning MSB3277:           Project file item includes which caused reference "C:\Users\ultra\.nuget\packages\timespan2\2.4.2\lib\netcoreapp3.1\TimeSpan2.dll". [C:\Users\ultra\warewolf\Dev\Warewolf.Studio.CustomControls\Warewolf.Studio.CustomControls.csproj]
C:\Program Files\dotnet\sdk\10.0.201\Microsoft.Common.CurrentVersion.targets(2451,5): warning MSB3277:             C:\Users\ultra\.nuget\packages\timespan2\2.4.2\lib\netcoreapp3.1\TimeSpan2.dll [C:\Users\ultra\warewolf\Dev\Warewolf.Studio.CustomControls\Warewolf.Studio.CustomControls.csproj]
C:\Program Files\dotnet\sdk\10.0.201\Microsoft.Common.CurrentVersion.targets(2451,5): warning MSB3277:             C:\Users\ultra\.nuget\packages\taskschedulereditor\2.10.1\lib\net452\Microsoft.Win32.TaskSchedulerEditor.dll [C:\Users\ultra\warewolf\Dev\Warewolf.Studio.CustomControls\Warewolf.Studio.CustomControls.csproj]
C:\Program Files\dotnet\sdk\10.0.201\Microsoft.Common.CurrentVersion.targets(2451,5): warning MSB3277:         C:\Program Files\dotnet\packs\Microsoft.NETCore.App.Ref\8.0.25\ref\net8.0\System.dll [C:\Users\ultra\warewolf\Dev\Warewolf.Studio.CustomControls\Warewolf.Studio.CustomControls.csproj]
C:\Program Files\dotnet\sdk\10.0.201\Microsoft.Common.CurrentVersion.targets(2451,5): warning MSB3277:           Project file item includes which caused reference "C:\Program Files\dotnet\packs\Microsoft.NETCore.App.Ref\8.0.25\ref\net8.0\System.dll". [C:\Users\ultra\warewolf\Dev\Warewolf.Studio.CustomControls\Warewolf.Studio.CustomControls.csproj]
C:\Program Files\dotnet\sdk\10.0.201\Microsoft.Common.CurrentVersion.targets(2451,5): warning MSB3277:             C:\Program Files\dotnet\packs\Microsoft.NETCore.App.Ref\8.0.25\ref/net8.0/System.dll [C:\Users\ultra\warewolf\Dev\Warewolf.Studio.CustomControls\Warewolf.Studio.CustomControls.csproj]
C:\Program Files\dotnet\sdk\10.0.201\Microsoft.Common.CurrentVersion.targets(2451,5): warning MSB3277:             C:\Users\ultra\.nuget\packages\aerowizard\2.3.1\lib\net45\AeroWizard.dll [C:\Users\ultra\warewolf\Dev\Warewolf.Studio.CustomControls\Warewolf.Studio.CustomControls.csproj]
C:\Program Files\dotnet\sdk\10.0.201\Microsoft.Common.CurrentVersion.targets(2451,5): warning MSB3277:             C:\Users\ultra\.nuget\packages\groupcontrols\1.9.0\lib\net45\GroupControls.dll [C:\Users\ultra\warewolf\Dev\Warewolf.Studio.CustomControls\Warewolf.Studio.CustomControls.csproj]
C:\Program Files\dotnet\sdk\10.0.201\Microsoft.Common.CurrentVersion.targets(2451,5): warning MSB3277:             C:\Users\ultra\.nuget\packages\microsoft.xaml.behaviors.wpf\1.1.122\lib\net462\Microsoft.Xaml.Behaviors.dll [C:\Users\ultra\warewolf\Dev\Warewolf.Studio.CustomControls\Warewolf.Studio.CustomControls.csproj]
C:\Program Files\dotnet\sdk\10.0.201\Microsoft.Common.CurrentVersion.targets(2451,5): warning MSB3277:             C:\Users\ultra\.nuget\packages\caliburn.micro\4.0.212\lib\netcoreapp3.1\Caliburn.Micro.Platform.dll [C:\Users\ultra\warewolf\Dev\Warewolf.Studio.CustomControls\Warewolf.Studio.CustomControls.csproj]
C:\Program Files\dotnet\sdk\10.0.201\Microsoft.Common.CurrentVersion.targets(2451,5): warning MSB3277:             C:\Users\ultra\.nuget\packages\prism.wpf\9.0.537\lib\net462\Prism.Wpf.dll [C:\Users\ultra\warewolf\Dev\Warewolf.Studio.CustomControls\Warewolf.Studio.CustomControls.csproj]
C:\Program Files\dotnet\sdk\10.0.201\Microsoft.Common.CurrentVersion.targets(2451,5): warning MSB3277:             C:\Users\ultra\.nuget\packages\reactiveui.wpf\18.4.1\lib\net462\ReactiveUI.Wpf.dll [C:\Users\ultra\warewolf\Dev\Warewolf.Studio.CustomControls\Warewolf.Studio.CustomControls.csproj]
C:\Program Files\dotnet\sdk\10.0.201\Microsoft.Common.CurrentVersion.targets(2451,5): warning MSB3277:             C:\Users\ultra\.nuget\packages\taskschedulereditor\2.10.1\lib\net452\Microsoft.Win32.TaskSchedulerEditor.dll [C:\Users\ultra\warewolf\Dev\Warewolf.Studio.CustomControls\Warewolf.Studio.CustomControls.csproj]
C:\Program Files\dotnet\sdk\10.0.201\Microsoft.Common.CurrentVersion.targets(2451,5): warning MSB3277:             C:\Users\ultra\.nuget\packages\ttcue.netcore.sharepointonline.csom.16.1.8029.1200\16.1.8029.1200\lib\netcoreapp2.0\Microsoft.SharePoint.Client.Runtime.Windows.dll [C:\Users\ultra\warewolf\Dev\Warewolf.Studio.CustomControls\Warewolf.Studio.CustomControls.csproj]
C:\Program Files\dotnet\sdk\10.0.201\Microsoft.Common.CurrentVersion.targets(2451,5): warning MSB3277:         C:\Users\ultra\warewolf\Dev\Binaries\Infragistcs_Net6\InfragisticsWPF4.Editors.v15.1.dll [C:\Users\ultra\warewolf\Dev\Warewolf.Studio.CustomControls\Warewolf.Studio.CustomControls.csproj]
C:\Program Files\dotnet\sdk\10.0.201\Microsoft.Common.CurrentVersion.targets(2451,5): warning MSB3277:           Project file item includes which caused reference "C:\Users\ultra\warewolf\Dev\Binaries\Infragistcs_Net6\InfragisticsWPF4.Editors.v15.1.dll". [C:\Users\ultra\warewolf\Dev\Warewolf.Studio.CustomControls\Warewolf.Studio.CustomControls.csproj]
C:\Program Files\dotnet\sdk\10.0.201\Microsoft.Common.CurrentVersion.targets(2451,5): warning MSB3277:             InfragisticsWPF4.DataPresenter.v15.1 [C:\Users\ultra\warewolf\Dev\Warewolf.Studio.CustomControls\Warewolf.Studio.CustomControls.csproj]
C:\Program Files\dotnet\sdk\10.0.201\Microsoft.Common.CurrentVersion.targets(2451,5): warning MSB3277: Found conflicts between different versions of "System.Security.Permissions" that could not be resolved. [C:\Users\ultra\warewolf\Dev\Warewolf.Studio.CustomControls\Warewolf.Studio.CustomControls.csproj]
C:\Program Files\dotnet\sdk\10.0.201\Microsoft.Common.CurrentVersion.targets(2451,5): warning MSB3277: There was a conflict between "System.Security.Permissions, Version=6.0.0.0, Culture=neutral, PublicKeyToken=cc7b13ffcd2ddd51" and "System.Security.Permissions, Version=7.0.0.0, Culture=neutral, PublicKeyToken=cc7b13ffcd2ddd51". [C:\Users\ultra\warewolf\Dev\Warewolf.Studio.CustomControls\Warewolf.Studio.CustomControls.csproj]
C:\Program Files\dotnet\sdk\10.0.201\Microsoft.Common.CurrentVersion.targets(2451,5): warning MSB3277:     "System.Security.Permissions, Version=6.0.0.0, Culture=neutral, PublicKeyToken=cc7b13ffcd2ddd51" was chosen because it was primary and "System.Security.Permissions, Version=7.0.0.0, Culture=neutral, PublicKeyToken=cc7b13ffcd2ddd51" was not. [C:\Users\ultra\warewolf\Dev\Warewolf.Studio.CustomControls\Warewolf.Studio.CustomControls.csproj]
C:\Program Files\dotnet\sdk\10.0.201\Microsoft.Common.CurrentVersion.targets(2451,5): warning MSB3277:     References which depend on "System.Security.Permissions, Version=6.0.0.0, Culture=neutral, PublicKeyToken=cc7b13ffcd2ddd51" [C:\Users\ultra\.nuget\packages\system.security.permissions\6.0.0\lib\net6.0\System.Security.Permissions.dll]. [C:\Users\ultra\warewolf\Dev\Warewolf.Studio.CustomControls\Warewolf.Studio.CustomControls.csproj]
C:\Program Files\dotnet\sdk\10.0.201\Microsoft.Common.CurrentVersion.targets(2451,5): warning MSB3277:         C:\Users\ultra\.nuget\packages\system.security.permissions\6.0.0\lib\net6.0\System.Security.Permissions.dll [C:\Users\ultra\warewolf\Dev\Warewolf.Studio.CustomControls\Warewolf.Studio.CustomControls.csproj]
C:\Program Files\dotnet\sdk\10.0.201\Microsoft.Common.CurrentVersion.targets(2451,5): warning MSB3277:           Project file item includes which caused reference "C:\Users\ultra\.nuget\packages\system.security.permissions\6.0.0\lib\net6.0\System.Security.Permissions.dll". [C:\Users\ultra\warewolf\Dev\Warewolf.Studio.CustomControls\Warewolf.Studio.CustomControls.csproj]
C:\Program Files\dotnet\sdk\10.0.201\Microsoft.Common.CurrentVersion.targets(2451,5): warning MSB3277:             C:\Users\ultra\.nuget\packages\system.security.permissions\6.0.0\lib\net6.0\System.Security.Permissions.dll [C:\Users\ultra\warewolf\Dev\Warewolf.Studio.CustomControls\Warewolf.Studio.CustomControls.csproj]
C:\Program Files\dotnet\sdk\10.0.201\Microsoft.Common.CurrentVersion.targets(2451,5): warning MSB3277:     References which depend on or have been unified to "System.Security.Permissions, Version=7.0.0.0, Culture=neutral, PublicKeyToken=cc7b13ffcd2ddd51" []. [C:\Users\ultra\warewolf\Dev\Warewolf.Studio.CustomControls\Warewolf.Studio.CustomControls.csproj]
C:\Program Files\dotnet\sdk\10.0.201\Microsoft.Common.CurrentVersion.targets(2451,5): warning MSB3277:         C:\Users\ultra\warewolf\Dev\Dev2.Data\bin\Debug\net8.0\Dev2.Data.dll [C:\Users\ultra\warewolf\Dev\Warewolf.Studio.CustomControls\Warewolf.Studio.CustomControls.csproj]
C:\Program Files\dotnet\sdk\10.0.201\Microsoft.Common.CurrentVersion.targets(2451,5): warning MSB3277:           Project file item includes which caused reference "C:\Users\ultra\warewolf\Dev\Dev2.Data\bin\Debug\net8.0\Dev2.Data.dll". [C:\Users\ultra\warewolf\Dev\Warewolf.Studio.CustomControls\Warewolf.Studio.CustomControls.csproj]
C:\Program Files\dotnet\sdk\10.0.201\Microsoft.Common.CurrentVersion.targets(2451,5): warning MSB3277:             C:\Users\ultra\warewolf\Dev\Dev2.Data\bin\Debug\net8.0\Dev2.Data.dll [C:\Users\ultra\warewolf\Dev\Warewolf.Studio.CustomControls\Warewolf.Studio.CustomControls.csproj]
C:\Program Files\dotnet\sdk\10.0.201\Microsoft.Common.CurrentVersion.targets(2451,5): warning MSB3277:             C:\Users\ultra\warewolf\Dev\Dev2.Intellisense\bin\Debug\net8.0\Dev2.Intellisense.dll [C:\Users\ultra\warewolf\Dev\Warewolf.Studio.CustomControls\Warewolf.Studio.CustomControls.csproj]
C:\Program Files\dotnet\sdk\10.0.201\Microsoft.Common.CurrentVersion.targets(2451,5): warning MSB3277:             C:\Users\ultra\warewolf\Dev\Dev2.Studio.Core\bin\Debug\net8.0\Dev2.Studio.Core.dll [C:\Users\ultra\warewolf\Dev\Warewolf.Studio.CustomControls\Warewolf.Studio.CustomControls.csproj]
C:\Program Files\dotnet\sdk\10.0.201\Microsoft.Common.CurrentVersion.targets(2451,5): warning MSB3277:             C:\Users\ultra\warewolf\Dev\Dev2.Studio.Interfaces\bin\Debug\net8.0\Dev2.Studio.Interfaces.dll [C:\Users\ultra\warewolf\Dev\Warewolf.Studio.CustomControls\Warewolf.Studio.CustomControls.csproj]
C:\Program Files\dotnet\sdk\10.0.201\Microsoft.Common.CurrentVersion.targets(2451,5): warning MSB3277:             C:\Users\ultra\warewolf\Dev\Dev2.Activities\bin\Debug\net8.0\Dev2.Activities.dll [C:\Users\ultra\warewolf\Dev\Warewolf.Studio.CustomControls\Warewolf.Studio.CustomControls.csproj]
C:\Program Files\dotnet\sdk\10.0.201\Microsoft.Common.CurrentVersion.targets(2451,5): warning MSB3277:             C:\Users\ultra\warewolf\Dev\Dev2.Core\bin\Debug\net8.0\Dev2.Core.dll [C:\Users\ultra\warewolf\Dev\Warewolf.Studio.CustomControls\Warewolf.Studio.CustomControls.csproj]
C:\Program Files\dotnet\sdk\10.0.201\Microsoft.Common.CurrentVersion.targets(2451,5): warning MSB3277:             C:\Users\ultra\warewolf\Dev\Dev2.Runtime.Services\bin\Debug\net8.0\Dev2.Runtime.Services.dll [C:\Users\ultra\warewolf\Dev\Warewolf.Studio.CustomControls\Warewolf.Studio.CustomControls.csproj]
C:\Program Files\dotnet\sdk\10.0.201\Microsoft.Common.CurrentVersion.targets(2451,5): warning MSB3277:             C:\Users\ultra\warewolf\Dev\Dev2.Scheduler\bin\Debug\net8.0\Dev2.Scheduler.dll [C:\Users\ultra\warewolf\Dev\Warewolf.Studio.CustomControls\Warewolf.Studio.CustomControls.csproj]
C:\Program Files\dotnet\sdk\10.0.201\Microsoft.Common.CurrentVersion.targets(2451,5): warning MSB3277:             C:\Users\ultra\warewolf\Dev\Dev2.Services.Execution\bin\Debug\net8.0\Dev2.Services.Execution.dll [C:\Users\ultra\warewolf\Dev\Warewolf.Studio.CustomControls\Warewolf.Studio.CustomControls.csproj]
C:\Program Files\dotnet\sdk\10.0.201\Microsoft.Common.CurrentVersion.targets(2451,5): warning MSB3277:             C:\Users\ultra\warewolf\Dev\Warewolf.Auditing\bin\Debug\net8.0\Warewolf.Auditing.dll [C:\Users\ultra\warewolf\Dev\Warewolf.Studio.CustomControls\Warewolf.Studio.CustomControls.csproj]
C:\Program Files\dotnet\sdk\10.0.201\Microsoft.Common.CurrentVersion.targets(2451,5): warning MSB3277:             C:\Users\ultra\warewolf\Dev\Warewolf.Common.NetStandard20\bin\Debug\net8.0\Warewolf.Common.NetStandard20.dll [C:\Users\ultra\warewolf\Dev\Warewolf.Studio.CustomControls\Warewolf.Studio.CustomControls.csproj]
C:\Program Files\dotnet\sdk\10.0.201\Microsoft.Common.CurrentVersion.targets(2451,5): warning MSB3277:             C:\Users\ultra\warewolf\Dev\Warewolf.Core\bin\Debug\net8.0\Warewolf.Core.dll [C:\Users\ultra\warewolf\Dev\Warewolf.Studio.CustomControls\Warewolf.Studio.CustomControls.csproj]
C:\Program Files\dotnet\sdk\10.0.201\Microsoft.Common.CurrentVersion.targets(2451,5): warning MSB3277:             C:\Users\ultra\warewolf\Dev\Warewolf.Driver.Persistence\bin\Debug\net8.0\Warewolf.Driver.Persistence.dll [C:\Users\ultra\warewolf\Dev\Warewolf.Studio.CustomControls\Warewolf.Studio.CustomControls.csproj]
C:\Program Files\dotnet\sdk\10.0.201\Microsoft.Common.CurrentVersion.targets(2451,5): warning MSB3277:             C:\Users\ultra\warewolf\Dev\Warewolf.Exchange.Email.Wrapper\bin\Debug\net8.0\Warewolf.Exchange.Email.Wrapper.dll [C:\Users\ultra\warewolf\Dev\Warewolf.Studio.CustomControls\Warewolf.Studio.CustomControls.csproj]
C:\Program Files\dotnet\sdk\10.0.201\Microsoft.Common.CurrentVersion.targets(2451,5): warning MSB3277:             C:\Users\ultra\warewolf\Dev\Warewolf.ResourceManagement\bin\Debug\net8.0\Warewolf.ResourceManagement.dll [C:\Users\ultra\warewolf\Dev\Warewolf.Studio.CustomControls\Warewolf.Studio.CustomControls.csproj]
C:\Program Files\dotnet\sdk\10.0.201\Microsoft.Common.CurrentVersion.targets(2451,5): warning MSB3277:             C:\Users\ultra\warewolf\Dev\Warewolf.Studio.Core\bin\Debug\net8.0\Warewolf.Studio.Core.dll [C:\Users\ultra\warewolf\Dev\Warewolf.Studio.CustomControls\Warewolf.Studio.CustomControls.csproj]
C:\Program Files\dotnet\sdk\10.0.201\Microsoft.Common.CurrentVersion.targets(2451,5): warning MSB3277:         C:\Users\ultra\warewolf\Dev\Binaries\Infragistcs_Net6\InfragisticsWPF4.v15.1.dll [C:\Users\ultra\warewolf\Dev\Warewolf.Studio.CustomControls\Warewolf.Studio.CustomControls.csproj]
C:\Program Files\dotnet\sdk\10.0.201\Microsoft.Common.CurrentVersion.targets(2451,5): warning MSB3277:           Project file item includes which caused reference "C:\Users\ultra\warewolf\Dev\Binaries\Infragistcs_Net6\InfragisticsWPF4.v15.1.dll". [C:\Users\ultra\warewolf\Dev\Warewolf.Studio.CustomControls\Warewolf.Studio.CustomControls.csproj]
C:\Program Files\dotnet\sdk\10.0.201\Microsoft.Common.CurrentVersion.targets(2451,5): warning MSB3277:             InfragisticsWPF4.v15.1, Version=15.1.20151.2055, Culture=neutral, processorArchitecture=MSIL [C:\Users\ultra\warewolf\Dev\Warewolf.Studio.CustomControls\Warewolf.Studio.CustomControls.csproj]
C:\Program Files\dotnet\sdk\10.0.201\Microsoft.Common.CurrentVersion.targets(2451,5): warning MSB3277:             InfragisticsWPF4.Controls.Grids.XamGrid.v15.1 [C:\Users\ultra\warewolf\Dev\Warewolf.Studio.CustomControls\Warewolf.Studio.CustomControls.csproj]
C:\Program Files\dotnet\sdk\10.0.201\Microsoft.Common.CurrentVersion.targets(2451,5): warning MSB3277:             InfragisticsWPF4.Controls.Menus.XamDataTree.v15.1, Version=15.1.20151.2055, Culture=neutral, PublicKeyToken=7dd5c3163f2cd0cb, processorArchitecture=MSIL [C:\Users\ultra\warewolf\Dev\Warewolf.Studio.CustomControls\Warewolf.Studio.CustomControls.csproj]
C:\Program Files\dotnet\sdk\10.0.201\Microsoft.Common.CurrentVersion.targets(2451,5): warning MSB3277:             InfragisticsWPF4.DataManager.v15.1, Version=15.1.20151.2055, Culture=neutral, processorArchitecture=MSIL [C:\Users\ultra\warewolf\Dev\Warewolf.Studio.CustomControls\Warewolf.Studio.CustomControls.csproj]
C:\Program Files\dotnet\sdk\10.0.201\Microsoft.Common.CurrentVersion.targets(2451,5): warning MSB3277:             InfragisticsWPF4.DataPresenter.v15.1 [C:\Users\ultra\warewolf\Dev\Warewolf.Studio.CustomControls\Warewolf.Studio.CustomControls.csproj]
C:\Program Files\dotnet\sdk\10.0.201\Microsoft.Common.CurrentVersion.targets(2451,5): warning MSB3277:         C:\Users\ultra\.nuget\packages\dotnetzip\1.16.0\lib\netstandard2.0\DotNetZip.dll [C:\Users\ultra\warewolf\Dev\Warewolf.Studio.CustomControls\Warewolf.Studio.CustomControls.csproj]
C:\Program Files\dotnet\sdk\10.0.201\Microsoft.Common.CurrentVersion.targets(2451,5): warning MSB3277:           Project file item includes which caused reference "C:\Users\ultra\.nuget\packages\dotnetzip\1.16.0\lib\netstandard2.0\DotNetZip.dll". [C:\Users\ultra\warewolf\Dev\Warewolf.Studio.CustomControls\Warewolf.Studio.CustomControls.csproj]
C:\Program Files\dotnet\sdk\10.0.201\Microsoft.Common.CurrentVersion.targets(2451,5): warning MSB3277:             C:\Users\ultra\.nuget\packages\dotnetzip\1.16.0\lib\netstandard2.0\DotNetZip.dll [C:\Users\ultra\warewolf\Dev\Warewolf.Studio.CustomControls\Warewolf.Studio.CustomControls.csproj]
C:\Program Files\dotnet\sdk\10.0.201\Microsoft.Common.CurrentVersion.targets(2451,5): warning MSB3277:             C:\Users\ultra\warewolf\Dev\Dev2.Common\bin\Debug\net8.0\Dev2.Common.dll [C:\Users\ultra\warewolf\Dev\Warewolf.Studio.CustomControls\Warewolf.Studio.CustomControls.csproj]
C:\Program Files\dotnet\sdk\10.0.201\Microsoft.Common.CurrentVersion.targets(2451,5): warning MSB3277:             C:\Users\ultra\warewolf\Dev\Dev2.Infrastructure\bin\Debug\net8.0\Dev2.Infrastructure.dll [C:\Users\ultra\warewolf\Dev\Warewolf.Studio.CustomControls\Warewolf.Studio.CustomControls.csproj]
C:\Program Files\dotnet\sdk\10.0.201\Microsoft.Common.CurrentVersion.targets(2451,5): warning MSB3277:             C:\Users\ultra\warewolf\Dev\Dev2.Intellisense\bin\Debug\net8.0\Dev2.Intellisense.dll [C:\Users\ultra\warewolf\Dev\Warewolf.Studio.CustomControls\Warewolf.Studio.CustomControls.csproj]
C:\Program Files\dotnet\sdk\10.0.201\Microsoft.Common.CurrentVersion.targets(2451,5): warning MSB3277:             C:\Users\ultra\warewolf\Dev\Dev2.Studio.Core\bin\Debug\net8.0\Dev2.Studio.Core.dll [C:\Users\ultra\warewolf\Dev\Warewolf.Studio.CustomControls\Warewolf.Studio.CustomControls.csproj]
C:\Program Files\dotnet\sdk\10.0.201\Microsoft.Common.CurrentVersion.targets(2451,5): warning MSB3277:             C:\Users\ultra\warewolf\Dev\Dev2.Studio.Interfaces\bin\Debug\net8.0\Dev2.Studio.Interfaces.dll [C:\Users\ultra\warewolf\Dev\Warewolf.Studio.CustomControls\Warewolf.Studio.CustomControls.csproj]
C:\Program Files\dotnet\sdk\10.0.201\Microsoft.Common.CurrentVersion.targets(2451,5): warning MSB3277:             C:\Users\ultra\warewolf\Dev\Dev2.Activities\bin\Debug\net8.0\Dev2.Activities.dll [C:\Users\ultra\warewolf\Dev\Warewolf.Studio.CustomControls\Warewolf.Studio.CustomControls.csproj]
C:\Program Files\dotnet\sdk\10.0.201\Microsoft.Common.CurrentVersion.targets(2451,5): warning MSB3277:             C:\Users\ultra\warewolf\Dev\Dev2.Core\bin\Debug\net8.0\Dev2.Core.dll [C:\Users\ultra\warewolf\Dev\Warewolf.Studio.CustomControls\Warewolf.Studio.CustomControls.csproj]
C:\Program Files\dotnet\sdk\10.0.201\Microsoft.Common.CurrentVersion.targets(2451,5): warning MSB3277:             C:\Users\ultra\warewolf\Dev\Dev2.Data\bin\Debug\net8.0\Dev2.Data.dll [C:\Users\ultra\warewolf\Dev\Warewolf.Studio.CustomControls\Warewolf.Studio.CustomControls.csproj]
C:\Program Files\dotnet\sdk\10.0.201\Microsoft.Common.CurrentVersion.targets(2451,5): warning MSB3277:             C:\Users\ultra\warewolf\Dev\Dev2.Data.Interfaces\bin\Debug\net8.0\Dev2.Data.Interfaces.dll [C:\Users\ultra\warewolf\Dev\Warewolf.Studio.CustomControls\Warewolf.Studio.CustomControls.csproj]
C:\Program Files\dotnet\sdk\10.0.201\Microsoft.Common.CurrentVersion.targets(2451,5): warning MSB3277:             C:\Users\ultra\warewolf\Dev\Dev2.Development.Languages\bin\Debug\net8.0\Dev2.Development.Languages.dll [C:\Users\ultra\warewolf\Dev\Warewolf.Studio.CustomControls\Warewolf.Studio.CustomControls.csproj]
C:\Program Files\dotnet\sdk\10.0.201\Microsoft.Common.CurrentVersion.targets(2451,5): warning MSB3277:             C:\Users\ultra\warewolf\Dev\Dev2.Diagnostics\bin\Debug\net8.0\Dev2.Diagnostics.dll [C:\Users\ultra\warewolf\Dev\Warewolf.Studio.CustomControls\Warewolf.Studio.CustomControls.csproj]
C:\Program Files\dotnet\sdk\10.0.201\Microsoft.Common.CurrentVersion.targets(2451,5): warning MSB3277:             C:\Users\ultra\warewolf\Dev\Dev2.Runtime.Services\bin\Debug\net8.0\Dev2.Runtime.Services.dll [C:\Users\ultra\warewolf\Dev\Warewolf.Studio.CustomControls\Warewolf.Studio.CustomControls.csproj]
C:\Program Files\dotnet\sdk\10.0.201\Microsoft.Common.CurrentVersion.targets(2451,5): warning MSB3277:             C:\Users\ultra\warewolf\Dev\Dev2.Scheduler\bin\Debug\net8.0\Dev2.Scheduler.dll [C:\Users\ultra\warewolf\Dev\Warewolf.Studio.CustomControls\Warewolf.Studio.CustomControls.csproj]
C:\Program Files\dotnet\sdk\10.0.201\Microsoft.Common.CurrentVersion.targets(2451,5): warning MSB3277:             C:\Users\ultra\warewolf\Dev\Dev2.Services.Execution\bin\Debug\net8.0\Dev2.Services.Execution.dll [C:\Users\ultra\warewolf\Dev\Warewolf.Studio.CustomControls\Warewolf.Studio.CustomControls.csproj]
C:\Program Files\dotnet\sdk\10.0.201\Microsoft.Common.CurrentVersion.targets(2451,5): warning MSB3277:             C:\Users\ultra\warewolf\Dev\Dev2.Services.Sql\bin\Debug\net8.0\Dev2.Services.Sql.dll [C:\Users\ultra\warewolf\Dev\Warewolf.Studio.CustomControls\Warewolf.Studio.CustomControls.csproj]
C:\Program Files\dotnet\sdk\10.0.201\Microsoft.Common.CurrentVersion.targets(2451,5): warning MSB3277:             C:\Users\ultra\warewolf\Dev\Dev2.TaskScheduler.Wrappers\bin\Debug\net8.0\Dev2.TaskScheduler.Wrappers.dll [C:\Users\ultra\warewolf\Dev\Warewolf.Studio.CustomControls\Warewolf.Studio.CustomControls.csproj]
C:\Program Files\dotnet\sdk\10.0.201\Microsoft.Common.CurrentVersion.targets(2451,5): warning MSB3277:             C:\Users\ultra\warewolf\Dev\Dev2.Util\bin\Debug\net8.0\Dev2.Util.dll [C:\Users\ultra\warewolf\Dev\Warewolf.Studio.CustomControls\Warewolf.Studio.CustomControls.csproj]
C:\Program Files\dotnet\sdk\10.0.201\Microsoft.Common.CurrentVersion.targets(2451,5): warning MSB3277:             C:\Users\ultra\warewolf\Dev\Warewolf.AI.Harness\bin\Debug\net8.0\Warewolf.AI.Harness.dll [C:\Users\ultra\warewolf\Dev\Warewolf.Studio.CustomControls\Warewolf.Studio.CustomControls.csproj]
C:\Program Files\dotnet\sdk\10.0.201\Microsoft.Common.CurrentVersion.targets(2451,5): warning MSB3277:             C:\Users\ultra\warewolf\Dev\Warewolf.Auditing\bin\Debug\net8.0\Warewolf.Auditing.dll [C:\Users\ultra\warewolf\Dev\Warewolf.Studio.CustomControls\Warewolf.Studio.CustomControls.csproj]
C:\Program Files\dotnet\sdk\10.0.201\Microsoft.Common.CurrentVersion.targets(2451,5): warning MSB3277:             C:\Users\ultra\warewolf\Dev\Warewolf.Common.NetStandard20\bin\Debug\net8.0\Warewolf.Common.NetStandard20.dll [C:\Users\ultra\warewolf\Dev\Warewolf.Studio.CustomControls\Warewolf.Studio.CustomControls.csproj]
C:\Program Files\dotnet\sdk\10.0.201\Microsoft.Common.CurrentVersion.targets(2451,5): warning MSB3277:             C:\Users\ultra\warewolf\Dev\Warewolf.Core\bin\Debug\net8.0\Warewolf.Core.dll [C:\Users\ultra\warewolf\Dev\Warewolf.Studio.CustomControls\Warewolf.Studio.CustomControls.csproj]
C:\Program Files\dotnet\sdk\10.0.201\Microsoft.Common.CurrentVersion.targets(2451,5): warning MSB3277:             C:\Users\ultra\warewolf\Dev\Warewolf.Driver.Persistence\bin\Debug\net8.0\Warewolf.Driver.Persistence.dll [C:\Users\ultra\warewolf\Dev\Warewolf.Studio.CustomControls\Warewolf.Studio.CustomControls.csproj]
C:\Program Files\dotnet\sdk\10.0.201\Microsoft.Common.CurrentVersion.targets(2451,5): warning MSB3277:             C:\Users\ultra\warewolf\Dev\Warewolf.Driver.Serilog\bin\Debug\net8.0\Warewolf.Driver.Serilog.dll [C:\Users\ultra\warewolf\Dev\Warewolf.Studio.CustomControls\Warewolf.Studio.CustomControls.csproj]
C:\Program Files\dotnet\sdk\10.0.201\Microsoft.Common.CurrentVersion.targets(2451,5): warning MSB3277:             C:\Users\ultra\warewolf\Dev\Warewolf.Exchange.Email.Wrapper\bin\Debug\net8.0\Warewolf.Exchange.Email.Wrapper.dll [C:\Users\ultra\warewolf\Dev\Warewolf.Studio.CustomControls\Warewolf.Studio.CustomControls.csproj]
C:\Program Files\dotnet\sdk\10.0.201\Microsoft.Common.CurrentVersion.targets(2451,5): warning MSB3277:             C:\Users\ultra\warewolf\Dev\Warewolf.ResourceManagement\bin\Debug\net8.0\Warewolf.ResourceManagement.dll [C:\Users\ultra\warewolf\Dev\Warewolf.Studio.CustomControls\Warewolf.Studio.CustomControls.csproj]
C:\Program Files\dotnet\sdk\10.0.201\Microsoft.Common.CurrentVersion.targets(2451,5): warning MSB3277:             C:\Users\ultra\warewolf\Dev\Warewolf.Sharepoint\bin\Debug\net8.0\Warewolf.Sharepoint.dll [C:\Users\ultra\warewolf\Dev\Warewolf.Studio.CustomControls\Warewolf.Studio.CustomControls.csproj]
C:\Program Files\dotnet\sdk\10.0.201\Microsoft.Common.CurrentVersion.targets(2451,5): warning MSB3277:             C:\Users\ultra\warewolf\Dev\Warewolf.Storage\bin\Debug\net8.0\Warewolf.Storage.dll [C:\Users\ultra\warewolf\Dev\Warewolf.Studio.CustomControls\Warewolf.Studio.CustomControls.csproj]
C:\Program Files\dotnet\sdk\10.0.201\Microsoft.Common.CurrentVersion.targets(2451,5): warning MSB3277:             C:\Users\ultra\warewolf\Dev\Warewolf.Studio.Core\bin\Debug\net8.0\Warewolf.Studio.Core.dll [C:\Users\ultra\warewolf\Dev\Warewolf.Studio.CustomControls\Warewolf.Studio.CustomControls.csproj]
C:\Program Files\dotnet\sdk\10.0.201\Microsoft.Common.CurrentVersion.targets(2451,5): warning MSB3277:         C:\Users\ultra\.nuget\packages\mindbox.data.linq\5.0.0\lib\netstandard2.0\Mindbox.Data.Linq.dll [C:\Users\ultra\warewolf\Dev\Warewolf.Studio.CustomControls\Warewolf.Studio.CustomControls.csproj]
C:\Program Files\dotnet\sdk\10.0.201\Microsoft.Common.CurrentVersion.targets(2451,5): warning MSB3277:           Project file item includes which caused reference "C:\Users\ultra\.nuget\packages\mindbox.data.linq\5.0.0\lib\netstandard2.0\Mindbox.Data.Linq.dll". [C:\Users\ultra\warewolf\Dev\Warewolf.Studio.CustomControls\Warewolf.Studio.CustomControls.csproj]
C:\Program Files\dotnet\sdk\10.0.201\Microsoft.Common.CurrentVersion.targets(2451,5): warning MSB3277:             C:\Users\ultra\.nuget\packages\mindbox.data.linq\5.0.0\lib\netstandard2.0\Mindbox.Data.Linq.dll [C:\Users\ultra\warewolf\Dev\Warewolf.Studio.CustomControls\Warewolf.Studio.CustomControls.csproj]
C:\Program Files\dotnet\sdk\10.0.201\Microsoft.Common.CurrentVersion.targets(2451,5): warning MSB3277:             C:\Users\ultra\warewolf\Dev\Warewolf.Auditing\bin\Debug\net8.0\Warewolf.Auditing.dll [C:\Users\ultra\warewolf\Dev\Warewolf.Studio.CustomControls\Warewolf.Studio.CustomControls.csproj]
C:\Program Files\dotnet\sdk\10.0.201\Microsoft.Common.CurrentVersion.targets(2451,5): warning MSB3277:             C:\Users\ultra\warewolf\Dev\Dev2.Activities\bin\Debug\net8.0\Dev2.Activities.dll [C:\Users\ultra\warewolf\Dev\Warewolf.Studio.CustomControls\Warewolf.Studio.CustomControls.csproj]
C:\Program Files\dotnet\sdk\10.0.201\Microsoft.Common.CurrentVersion.targets(2451,5): warning MSB3277:             C:\Users\ultra\warewolf\Dev\Dev2.Studio.Core\bin\Debug\net8.0\Dev2.Studio.Core.dll [C:\Users\ultra\warewolf\Dev\Warewolf.Studio.CustomControls\Warewolf.Studio.CustomControls.csproj]
C:\Program Files\dotnet\sdk\10.0.201\Microsoft.Common.CurrentVersion.targets(2451,5): warning MSB3277:             C:\Users\ultra\warewolf\Dev\Dev2.Intellisense\bin\Debug\net8.0\Dev2.Intellisense.dll [C:\Users\ultra\warewolf\Dev\Warewolf.Studio.CustomControls\Warewolf.Studio.CustomControls.csproj]
C:\Program Files\dotnet\sdk\10.0.201\Microsoft.Common.CurrentVersion.targets(2451,5): warning MSB3277:             C:\Users\ultra\warewolf\Dev\Dev2.Runtime.Services\bin\Debug\net8.0\Dev2.Runtime.Services.dll [C:\Users\ultra\warewolf\Dev\Warewolf.Studio.CustomControls\Warewolf.Studio.CustomControls.csproj]
C:\Program Files\dotnet\sdk\10.0.201\Microsoft.Common.CurrentVersion.targets(2451,5): warning MSB3277:             C:\Users\ultra\warewolf\Dev\Dev2.Studio.Interfaces\bin\Debug\net8.0\Dev2.Studio.Interfaces.dll [C:\Users\ultra\warewolf\Dev\Warewolf.Studio.CustomControls\Warewolf.Studio.CustomControls.csproj]
C:\Program Files\dotnet\sdk\10.0.201\Microsoft.Common.CurrentVersion.targets(2451,5): warning MSB3277:             C:\Users\ultra\warewolf\Dev\Dev2.Services.Execution\bin\Debug\net8.0\Dev2.Services.Execution.dll [C:\Users\ultra\warewolf\Dev\Warewolf.Studio.CustomControls\Warewolf.Studio.CustomControls.csproj]
C:\Program Files\dotnet\sdk\10.0.201\Microsoft.Common.CurrentVersion.targets(2451,5): warning MSB3277:             C:\Users\ultra\warewolf\Dev\Warewolf.Common.NetStandard20\bin\Debug\net8.0\Warewolf.Common.NetStandard20.dll [C:\Users\ultra\warewolf\Dev\Warewolf.Studio.CustomControls\Warewolf.Studio.CustomControls.csproj]
C:\Program Files\dotnet\sdk\10.0.201\Microsoft.Common.CurrentVersion.targets(2451,5): warning MSB3277:             C:\Users\ultra\warewolf\Dev\Warewolf.Driver.Persistence\bin\Debug\net8.0\Warewolf.Driver.Persistence.dll [C:\Users\ultra\warewolf\Dev\Warewolf.Studio.CustomControls\Warewolf.Studio.CustomControls.csproj]
C:\Program Files\dotnet\sdk\10.0.201\Microsoft.Common.CurrentVersion.targets(2451,5): warning MSB3277:             C:\Users\ultra\warewolf\Dev\Warewolf.Studio.Core\bin\Debug\net8.0\Warewolf.Studio.Core.dll [C:\Users\ultra\warewolf\Dev\Warewolf.Studio.CustomControls\Warewolf.Studio.CustomControls.csproj]
C:\Program Files\dotnet\sdk\10.0.201\Microsoft.Common.CurrentVersion.targets(2451,5): warning MSB3277:         C:\Users\ultra\.nuget\packages\mysql.data\8.4.0\lib\net8.0\MySql.Data.dll [C:\Users\ultra\warewolf\Dev\Warewolf.Studio.CustomControls\Warewolf.Studio.CustomControls.csproj]
C:\Program Files\dotnet\sdk\10.0.201\Microsoft.Common.CurrentVersion.targets(2451,5): warning MSB3277:           Project file item includes which caused reference "C:\Users\ultra\.nuget\packages\mysql.data\8.4.0\lib\net8.0\MySql.Data.dll". [C:\Users\ultra\warewolf\Dev\Warewolf.Studio.CustomControls\Warewolf.Studio.CustomControls.csproj]
C:\Program Files\dotnet\sdk\10.0.201\Microsoft.Common.CurrentVersion.targets(2451,5): warning MSB3277:             C:\Users\ultra\.nuget\packages\mysql.data\8.4.0\lib\net8.0\MySql.Data.dll [C:\Users\ultra\warewolf\Dev\Warewolf.Studio.CustomControls\Warewolf.Studio.CustomControls.csproj]
C:\Program Files\dotnet\sdk\10.0.201\Microsoft.Common.CurrentVersion.targets(2451,5): warning MSB3277:             C:\Users\ultra\warewolf\Dev\Dev2.Activities\bin\Debug\net8.0\Dev2.Activities.dll [C:\Users\ultra\warewolf\Dev\Warewolf.Studio.CustomControls\Warewolf.Studio.CustomControls.csproj]
C:\Program Files\dotnet\sdk\10.0.201\Microsoft.Common.CurrentVersion.targets(2451,5): warning MSB3277:             C:\Users\ultra\warewolf\Dev\Dev2.Studio.Core\bin\Debug\net8.0\Dev2.Studio.Core.dll [C:\Users\ultra\warewolf\Dev\Warewolf.Studio.CustomControls\Warewolf.Studio.CustomControls.csproj]
C:\Program Files\dotnet\sdk\10.0.201\Microsoft.Common.CurrentVersion.targets(2451,5): warning MSB3277:             C:\Users\ultra\warewolf\Dev\Dev2.Intellisense\bin\Debug\net8.0\Dev2.Intellisense.dll [C:\Users\ultra\warewolf\Dev\Warewolf.Studio.CustomControls\Warewolf.Studio.CustomControls.csproj]
C:\Program Files\dotnet\sdk\10.0.201\Microsoft.Common.CurrentVersion.targets(2451,5): warning MSB3277:             C:\Users\ultra\warewolf\Dev\Dev2.Runtime.Services\bin\Debug\net8.0\Dev2.Runtime.Services.dll [C:\Users\ultra\warewolf\Dev\Warewolf.Studio.CustomControls\Warewolf.Studio.CustomControls.csproj]
C:\Program Files\dotnet\sdk\10.0.201\Microsoft.Common.CurrentVersion.targets(2451,5): warning MSB3277:             C:\Users\ultra\warewolf\Dev\Dev2.Studio.Interfaces\bin\Debug\net8.0\Dev2.Studio.Interfaces.dll [C:\Users\ultra\warewolf\Dev\Warewolf.Studio.CustomControls\Warewolf.Studio.CustomControls.csproj]
C:\Program Files\dotnet\sdk\10.0.201\Microsoft.Common.CurrentVersion.targets(2451,5): warning MSB3277:             C:\Users\ultra\warewolf\Dev\Dev2.Services.Execution\bin\Debug\net8.0\Dev2.Services.Execution.dll [C:\Users\ultra\warewolf\Dev\Warewolf.Studio.CustomControls\Warewolf.Studio.CustomControls.csproj]
C:\Program Files\dotnet\sdk\10.0.201\Microsoft.Common.CurrentVersion.targets(2451,5): warning MSB3277:             C:\Users\ultra\warewolf\Dev\Dev2.Services.Sql\bin\Debug\net8.0\Dev2.Services.Sql.dll [C:\Users\ultra\warewolf\Dev\Warewolf.Studio.CustomControls\Warewolf.Studio.CustomControls.csproj]
C:\Program Files\dotnet\sdk\10.0.201\Microsoft.Common.CurrentVersion.targets(2451,5): warning MSB3277:             C:\Users\ultra\warewolf\Dev\Warewolf.Driver.Persistence\bin\Debug\net8.0\Warewolf.Driver.Persistence.dll [C:\Users\ultra\warewolf\Dev\Warewolf.Studio.CustomControls\Warewolf.Studio.CustomControls.csproj]
C:\Program Files\dotnet\sdk\10.0.201\Microsoft.Common.CurrentVersion.targets(2451,5): warning MSB3277:             C:\Users\ultra\warewolf\Dev\Warewolf.Studio.Core\bin\Debug\net8.0\Warewolf.Studio.Core.dll [C:\Users\ultra\warewolf\Dev\Warewolf.Studio.CustomControls\Warewolf.Studio.CustomControls.csproj]
C:\Program Files\dotnet\sdk\10.0.201\Microsoft.Common.CurrentVersion.targets(2451,5): warning MSB3277:         C:\Users\ultra\.nuget\packages\oracle.manageddataaccess.core\3.21.70\lib\netstandard2.1\Oracle.ManagedDataAccess.dll [C:\Users\ultra\warewolf\Dev\Warewolf.Studio.CustomControls\Warewolf.Studio.CustomControls.csproj]
C:\Program Files\dotnet\sdk\10.0.201\Microsoft.Common.CurrentVersion.targets(2451,5): warning MSB3277:           Project file item includes which caused reference "C:\Users\ultra\.nuget\packages\oracle.manageddataaccess.core\3.21.70\lib\netstandard2.1\Oracle.ManagedDataAccess.dll". [C:\Users\ultra\warewolf\Dev\Warewolf.Studio.CustomControls\Warewolf.Studio.CustomControls.csproj]
C:\Program Files\dotnet\sdk\10.0.201\Microsoft.Common.CurrentVersion.targets(2451,5): warning MSB3277:             C:\Users\ultra\.nuget\packages\oracle.manageddataaccess.core\3.21.70\lib\netstandard2.1\Oracle.ManagedDataAccess.dll [C:\Users\ultra\warewolf\Dev\Warewolf.Studio.CustomControls\Warewolf.Studio.CustomControls.csproj]
C:\Program Files\dotnet\sdk\10.0.201\Microsoft.Common.CurrentVersion.targets(2451,5): warning MSB3277:             C:\Users\ultra\warewolf\Dev\Dev2.Runtime.Services\bin\Debug\net8.0\Dev2.Runtime.Services.dll [C:\Users\ultra\warewolf\Dev\Warewolf.Studio.CustomControls\Warewolf.Studio.CustomControls.csproj]
C:\Program Files\dotnet\sdk\10.0.201\Microsoft.Common.CurrentVersion.targets(2451,5): warning MSB3277:             C:\Users\ultra\warewolf\Dev\Dev2.Studio.Core\bin\Debug\net8.0\Dev2.Studio.Core.dll [C:\Users\ultra\warewolf\Dev\Warewolf.Studio.CustomControls\Warewolf.Studio.CustomControls.csproj]
C:\Program Files\dotnet\sdk\10.0.201\Microsoft.Common.CurrentVersion.targets(2451,5): warning MSB3277:             C:\Users\ultra\warewolf\Dev\Dev2.Intellisense\bin\Debug\net8.0\Dev2.Intellisense.dll [C:\Users\ultra\warewolf\Dev\Warewolf.Studio.CustomControls\Warewolf.Studio.CustomControls.csproj]
C:\Program Files\dotnet\sdk\10.0.201\Microsoft.Common.CurrentVersion.targets(2451,5): warning MSB3277:             C:\Users\ultra\warewolf\Dev\Dev2.Studio.Interfaces\bin\Debug\net8.0\Dev2.Studio.Interfaces.dll [C:\Users\ultra\warewolf\Dev\Warewolf.Studio.CustomControls\Warewolf.Studio.CustomControls.csproj]
C:\Program Files\dotnet\sdk\10.0.201\Microsoft.Common.CurrentVersion.targets(2451,5): warning MSB3277:             C:\Users\ultra\warewolf\Dev\Dev2.Activities\bin\Debug\net8.0\Dev2.Activities.dll [C:\Users\ultra\warewolf\Dev\Warewolf.Studio.CustomControls\Warewolf.Studio.CustomControls.csproj]
C:\Program Files\dotnet\sdk\10.0.201\Microsoft.Common.CurrentVersion.targets(2451,5): warning MSB3277:             C:\Users\ultra\warewolf\Dev\Dev2.Services.Execution\bin\Debug\net8.0\Dev2.Services.Execution.dll [C:\Users\ultra\warewolf\Dev\Warewolf.Studio.CustomControls\Warewolf.Studio.CustomControls.csproj]
C:\Program Files\dotnet\sdk\10.0.201\Microsoft.Common.CurrentVersion.targets(2451,5): warning MSB3277:             C:\Users\ultra\warewolf\Dev\Dev2.Services.Sql\bin\Debug\net8.0\Dev2.Services.Sql.dll [C:\Users\ultra\warewolf\Dev\Warewolf.Studio.CustomControls\Warewolf.Studio.CustomControls.csproj]
C:\Program Files\dotnet\sdk\10.0.201\Microsoft.Common.CurrentVersion.targets(2451,5): warning MSB3277:             C:\Users\ultra\warewolf\Dev\Warewolf.Driver.Persistence\bin\Debug\net8.0\Warewolf.Driver.Persistence.dll [C:\Users\ultra\warewolf\Dev\Warewolf.Studio.CustomControls\Warewolf.Studio.CustomControls.csproj]
C:\Program Files\dotnet\sdk\10.0.201\Microsoft.Common.CurrentVersion.targets(2451,5): warning MSB3277:             C:\Users\ultra\warewolf\Dev\Warewolf.Studio.Core\bin\Debug\net8.0\Warewolf.Studio.Core.dll [C:\Users\ultra\warewolf\Dev\Warewolf.Studio.CustomControls\Warewolf.Studio.CustomControls.csproj]
C:\Program Files\dotnet\sdk\10.0.201\Microsoft.Common.CurrentVersion.targets(2451,5): warning MSB3277:         C:\Users\ultra\.nuget\packages\system.directoryservices\6.0.0\lib\net6.0\System.DirectoryServices.dll [C:\Users\ultra\warewolf\Dev\Warewolf.Studio.CustomControls\Warewolf.Studio.CustomControls.csproj]
C:\Program Files\dotnet\sdk\10.0.201\Microsoft.Common.CurrentVersion.targets(2451,5): warning MSB3277:           Project file item includes which caused reference "C:\Users\ultra\.nuget\packages\system.directoryservices\6.0.0\lib\net6.0\System.DirectoryServices.dll". [C:\Users\ultra\warewolf\Dev\Warewolf.Studio.CustomControls\Warewolf.Studio.CustomControls.csproj]
C:\Program Files\dotnet\sdk\10.0.201\Microsoft.Common.CurrentVersion.targets(2451,5): warning MSB3277:             C:\Users\ultra\.nuget\packages\system.directoryservices\6.0.0\lib\net6.0\System.DirectoryServices.dll [C:\Users\ultra\warewolf\Dev\Warewolf.Studio.CustomControls\Warewolf.Studio.CustomControls.csproj]
C:\Program Files\dotnet\sdk\10.0.201\Microsoft.Common.CurrentVersion.targets(2451,5): warning MSB3277:             C:\Users\ultra\.nuget\packages\corewcf.primitives\1.2.1\lib\netstandard2.0\CoreWCF.Primitives.dll [C:\Users\ultra\warewolf\Dev\Warewolf.Studio.CustomControls\Warewolf.Studio.CustomControls.csproj]
C:\Program Files\dotnet\sdk\10.0.201\Microsoft.Common.CurrentVersion.targets(2451,5): warning MSB3277:             C:\Users\ultra\warewolf\Dev\Dev2.Runtime.Services\bin\Debug\net8.0\Dev2.Runtime.Services.dll [C:\Users\ultra\warewolf\Dev\Warewolf.Studio.CustomControls\Warewolf.Studio.CustomControls.csproj]
C:\Program Files\dotnet\sdk\10.0.201\Microsoft.Common.CurrentVersion.targets(2451,5): warning MSB3277:             C:\Users\ultra\warewolf\Dev\Dev2.Studio.Core\bin\Debug\net8.0\Dev2.Studio.Core.dll [C:\Users\ultra\warewolf\Dev\Warewolf.Studio.CustomControls\Warewolf.Studio.CustomControls.csproj]
C:\Program Files\dotnet\sdk\10.0.201\Microsoft.Common.CurrentVersion.targets(2451,5): warning MSB3277:             C:\Users\ultra\warewolf\Dev\Dev2.Intellisense\bin\Debug\net8.0\Dev2.Intellisense.dll [C:\Users\ultra\warewolf\Dev\Warewolf.Studio.CustomControls\Warewolf.Studio.CustomControls.csproj]
C:\Program Files\dotnet\sdk\10.0.201\Microsoft.Common.CurrentVersion.targets(2451,5): warning MSB3277:             C:\Users\ultra\warewolf\Dev\Dev2.Studio.Interfaces\bin\Debug\net8.0\Dev2.Studio.Interfaces.dll [C:\Users\ultra\warewolf\Dev\Warewolf.Studio.CustomControls\Warewolf.Studio.CustomControls.csproj]
C:\Program Files\dotnet\sdk\10.0.201\Microsoft.Common.CurrentVersion.targets(2451,5): warning MSB3277:             C:\Users\ultra\warewolf\Dev\Dev2.Activities\bin\Debug\net8.0\Dev2.Activities.dll [C:\Users\ultra\warewolf\Dev\Warewolf.Studio.CustomControls\Warewolf.Studio.CustomControls.csproj]
C:\Program Files\dotnet\sdk\10.0.201\Microsoft.Common.CurrentVersion.targets(2451,5): warning MSB3277:             C:\Users\ultra\warewolf\Dev\Dev2.Services.Execution\bin\Debug\net8.0\Dev2.Services.Execution.dll [C:\Users\ultra\warewolf\Dev\Warewolf.Studio.CustomControls\Warewolf.Studio.CustomControls.csproj]
C:\Program Files\dotnet\sdk\10.0.201\Microsoft.Common.CurrentVersion.targets(2451,5): warning MSB3277:             C:\Users\ultra\warewolf\Dev\Warewolf.Driver.Persistence\bin\Debug\net8.0\Warewolf.Driver.Persistence.dll [C:\Users\ultra\warewolf\Dev\Warewolf.Studio.CustomControls\Warewolf.Studio.CustomControls.csproj]
C:\Program Files\dotnet\sdk\10.0.201\Microsoft.Common.CurrentVersion.targets(2451,5): warning MSB3277:             C:\Users\ultra\warewolf\Dev\Warewolf.Studio.Core\bin\Debug\net8.0\Warewolf.Studio.Core.dll [C:\Users\ultra\warewolf\Dev\Warewolf.Studio.CustomControls\Warewolf.Studio.CustomControls.csproj]
C:\Program Files\dotnet\sdk\10.0.201\Microsoft.Common.CurrentVersion.targets(2451,5): warning MSB3277:             C:\Users\ultra\.nuget\packages\corewcf.http\1.2.1\lib\netstandard2.0\CoreWCF.Http.dll [C:\Users\ultra\warewolf\Dev\Warewolf.Studio.CustomControls\Warewolf.Studio.CustomControls.csproj]
C:\Program Files\dotnet\sdk\10.0.201\Microsoft.Common.CurrentVersion.targets(2451,5): warning MSB3277:             C:\Users\ultra\.nuget\packages\corewcf.nettcp\1.2.1\lib\netstandard2.0\CoreWCF.NetTcp.dll [C:\Users\ultra\warewolf\Dev\Warewolf.Studio.CustomControls\Warewolf.Studio.CustomControls.csproj]
C:\Program Files\dotnet\sdk\10.0.201\Microsoft.Common.CurrentVersion.targets(2451,5): warning MSB3277:             C:\Users\ultra\.nuget\packages\corewcf.webhttp\1.2.1\lib\netstandard2.0\CoreWCF.WebHttp.dll [C:\Users\ultra\warewolf\Dev\Warewolf.Studio.CustomControls\Warewolf.Studio.CustomControls.csproj]
C:\Program Files\dotnet\sdk\10.0.201\Microsoft.Common.CurrentVersion.targets(2451,5): warning MSB3277:         C:\Program Files\dotnet\packs\Microsoft.NETCore.App.Ref\8.0.25\ref\net8.0\System.Configuration.dll [C:\Users\ultra\warewolf\Dev\Warewolf.Studio.CustomControls\Warewolf.Studio.CustomControls.csproj]
C:\Program Files\dotnet\sdk\10.0.201\Microsoft.Common.CurrentVersion.targets(2451,5): warning MSB3277:           Project file item includes which caused reference "C:\Program Files\dotnet\packs\Microsoft.NETCore.App.Ref\8.0.25\ref\net8.0\System.Configuration.dll". [C:\Users\ultra\warewolf\Dev\Warewolf.Studio.CustomControls\Warewolf.Studio.CustomControls.csproj]
C:\Program Files\dotnet\sdk\10.0.201\Microsoft.Common.CurrentVersion.targets(2451,5): warning MSB3277:             C:\Program Files\dotnet\packs\Microsoft.NETCore.App.Ref\8.0.25\ref/net8.0/System.Configuration.dll [C:\Users\ultra\warewolf\Dev\Warewolf.Studio.CustomControls\Warewolf.Studio.CustomControls.csproj]
C:\Program Files\dotnet\sdk\10.0.201\Microsoft.Common.CurrentVersion.targets(2451,5): warning MSB3277:             C:\Users\ultra\.nuget\packages\prism.wpf\9.0.537\lib\net462\Prism.Wpf.dll [C:\Users\ultra\warewolf\Dev\Warewolf.Studio.CustomControls\Warewolf.Studio.CustomControls.csproj]
C:\Program Files\dotnet\sdk\10.0.201\Microsoft.Common.CurrentVersion.targets(2451,5): warning MSB3277:         C:\Program Files\dotnet\packs\Microsoft.NETCore.App.Ref\8.0.25\ref\net8.0\System.Data.dll [C:\Users\ultra\warewolf\Dev\Warewolf.Studio.CustomControls\Warewolf.Studio.CustomControls.csproj]
C:\Program Files\dotnet\sdk\10.0.201\Microsoft.Common.CurrentVersion.targets(2451,5): warning MSB3277:           Project file item includes which caused reference "C:\Program Files\dotnet\packs\Microsoft.NETCore.App.Ref\8.0.25\ref\net8.0\System.Data.dll". [C:\Users\ultra\warewolf\Dev\Warewolf.Studio.CustomControls\Warewolf.Studio.CustomControls.csproj]
C:\Program Files\dotnet\sdk\10.0.201\Microsoft.Common.CurrentVersion.targets(2451,5): warning MSB3277:             C:\Program Files\dotnet\packs\Microsoft.NETCore.App.Ref\8.0.25\ref/net8.0/System.Data.dll [C:\Users\ultra\warewolf\Dev\Warewolf.Studio.CustomControls\Warewolf.Studio.CustomControls.csproj]
C:\Program Files\dotnet\sdk\10.0.201\Microsoft.Common.CurrentVersion.targets(2451,5): warning MSB3277:             C:\Users\ultra\.nuget\packages\taskschedulereditor\2.10.1\lib\net452\Microsoft.Win32.TaskSchedulerEditor.dll [C:\Users\ultra\warewolf\Dev\Warewolf.Studio.CustomControls\Warewolf.Studio.CustomControls.csproj]
C:\Program Files\dotnet\sdk\10.0.201\Microsoft.Common.CurrentVersion.targets(2451,5): warning MSB3277:         C:\Program Files\dotnet\packs\Microsoft.NETCore.App.Ref\8.0.25\ref\net8.0\System.Drawing.dll [C:\Users\ultra\warewolf\Dev\Warewolf.Studio.CustomControls\Warewolf.Studio.CustomControls.csproj]
C:\Program Files\dotnet\sdk\10.0.201\Microsoft.Common.CurrentVersion.targets(2451,5): warning MSB3277:           Project file item includes which caused reference "C:\Program Files\dotnet\packs\Microsoft.NETCore.App.Ref\8.0.25\ref\net8.0\System.Drawing.dll". [C:\Users\ultra\warewolf\Dev\Warewolf.Studio.CustomControls\Warewolf.Studio.CustomControls.csproj]
C:\Program Files\dotnet\sdk\10.0.201\Microsoft.Common.CurrentVersion.targets(2451,5): warning MSB3277:             C:\Program Files\dotnet\packs\Microsoft.NETCore.App.Ref\8.0.25\ref/net8.0/System.Drawing.dll [C:\Users\ultra\warewolf\Dev\Warewolf.Studio.CustomControls\Warewolf.Studio.CustomControls.csproj]
C:\Program Files\dotnet\sdk\10.0.201\Microsoft.Common.CurrentVersion.targets(2451,5): warning MSB3277:             C:\Users\ultra\.nuget\packages\aerowizard\2.3.1\lib\net45\AeroWizard.dll [C:\Users\ultra\warewolf\Dev\Warewolf.Studio.CustomControls\Warewolf.Studio.CustomControls.csproj]
C:\Program Files\dotnet\sdk\10.0.201\Microsoft.Common.CurrentVersion.targets(2451,5): warning MSB3277:             C:\Users\ultra\.nuget\packages\groupcontrols\1.9.0\lib\net45\GroupControls.dll [C:\Users\ultra\warewolf\Dev\Warewolf.Studio.CustomControls\Warewolf.Studio.CustomControls.csproj]
C:\Program Files\dotnet\sdk\10.0.201\Microsoft.Common.CurrentVersion.targets(2451,5): warning MSB3277:             C:\Users\ultra\.nuget\packages\taskschedulereditor\2.10.1\lib\net452\Microsoft.Win32.TaskSchedulerEditor.dll [C:\Users\ultra\warewolf\Dev\Warewolf.Studio.CustomControls\Warewolf.Studio.CustomControls.csproj]
C:\Program Files\dotnet\sdk\10.0.201\Microsoft.Common.CurrentVersion.targets(2451,5): warning MSB3277:         C:\Program Files\dotnet\packs\Microsoft.NETCore.App.Ref\8.0.25\ref\net8.0\System.Net.dll [C:\Users\ultra\warewolf\Dev\Warewolf.Studio.CustomControls\Warewolf.Studio.CustomControls.csproj]
C:\Program Files\dotnet\sdk\10.0.201\Microsoft.Common.CurrentVersion.targets(2451,5): warning MSB3277:           Project file item includes which caused reference "C:\Program Files\dotnet\packs\Microsoft.NETCore.App.Ref\8.0.25\ref\net8.0\System.Net.dll". [C:\Users\ultra\warewolf\Dev\Warewolf.Studio.CustomControls\Warewolf.Studio.CustomControls.csproj]
C:\Program Files\dotnet\sdk\10.0.201\Microsoft.Common.CurrentVersion.targets(2451,5): warning MSB3277:             C:\Program Files\dotnet\packs\Microsoft.NETCore.App.Ref\8.0.25\ref/net8.0/System.Net.dll [C:\Users\ultra\warewolf\Dev\Warewolf.Studio.CustomControls\Warewolf.Studio.CustomControls.csproj]
C:\Program Files\dotnet\sdk\10.0.201\Microsoft.Common.CurrentVersion.targets(2451,5): warning MSB3277:         C:\Program Files\dotnet\packs\Microsoft.NETCore.App.Ref\8.0.25\ref\net8.0\System.Security.dll [C:\Users\ultra\warewolf\Dev\Warewolf.Studio.CustomControls\Warewolf.Studio.CustomControls.csproj]
C:\Program Files\dotnet\sdk\10.0.201\Microsoft.Common.CurrentVersion.targets(2451,5): warning MSB3277:           Project file item includes which caused reference "C:\Program Files\dotnet\packs\Microsoft.NETCore.App.Ref\8.0.25\ref\net8.0\System.Security.dll". [C:\Users\ultra\warewolf\Dev\Warewolf.Studio.CustomControls\Warewolf.Studio.CustomControls.csproj]
C:\Program Files\dotnet\sdk\10.0.201\Microsoft.Common.CurrentVersion.targets(2451,5): warning MSB3277:             C:\Program Files\dotnet\packs\Microsoft.NETCore.App.Ref\8.0.25\ref/net8.0/System.Security.dll [C:\Users\ultra\warewolf\Dev\Warewolf.Studio.CustomControls\Warewolf.Studio.CustomControls.csproj]
C:\Program Files\dotnet\sdk\10.0.201\Microsoft.Common.CurrentVersion.targets(2451,5): warning MSB3277:         C:\Program Files\dotnet\packs\Microsoft.NETCore.App.Ref\8.0.25\ref\net8.0\System.ServiceProcess.dll [C:\Users\ultra\warewolf\Dev\Warewolf.Studio.CustomControls\Warewolf.Studio.CustomControls.csproj]
C:\Program Files\dotnet\sdk\10.0.201\Microsoft.Common.CurrentVersion.targets(2451,5): warning MSB3277:           Project file item includes which caused reference "C:\Program Files\dotnet\packs\Microsoft.NETCore.App.Ref\8.0.25\ref\net8.0\System.ServiceProcess.dll". [C:\Users\ultra\warewolf\Dev\Warewolf.Studio.CustomControls\Warewolf.Studio.CustomControls.csproj]
C:\Program Files\dotnet\sdk\10.0.201\Microsoft.Common.CurrentVersion.targets(2451,5): warning MSB3277:             C:\Program Files\dotnet\packs\Microsoft.NETCore.App.Ref\8.0.25\ref/net8.0/System.ServiceProcess.dll [C:\Users\ultra\warewolf\Dev\Warewolf.Studio.CustomControls\Warewolf.Studio.CustomControls.csproj]
C:\Program Files\dotnet\sdk\10.0.201\Microsoft.Common.CurrentVersion.targets(2451,5): warning MSB3277:         C:\Program Files\dotnet\packs\Microsoft.NETCore.App.Ref\8.0.25\ref\net8.0\System.Transactions.dll [C:\Users\ultra\warewolf\Dev\Warewolf.Studio.CustomControls\Warewolf.Studio.CustomControls.csproj]
C:\Program Files\dotnet\sdk\10.0.201\Microsoft.Common.CurrentVersion.targets(2451,5): warning MSB3277:           Project file item includes which caused reference "C:\Program Files\dotnet\packs\Microsoft.NETCore.App.Ref\8.0.25\ref\net8.0\System.Transactions.dll". [C:\Users\ultra\warewolf\Dev\Warewolf.Studio.CustomControls\Warewolf.Studio.CustomControls.csproj]
C:\Program Files\dotnet\sdk\10.0.201\Microsoft.Common.CurrentVersion.targets(2451,5): warning MSB3277:             C:\Program Files\dotnet\packs\Microsoft.NETCore.App.Ref\8.0.25\ref/net8.0/System.Transactions.dll [C:\Users\ultra\warewolf\Dev\Warewolf.Studio.CustomControls\Warewolf.Studio.CustomControls.csproj]
C:\Program Files\dotnet\sdk\10.0.201\Microsoft.Common.CurrentVersion.targets(2451,5): warning MSB3277:         C:\Program Files\dotnet\packs\Microsoft.NETCore.App.Ref\8.0.25\ref\net8.0\System.dll [C:\Users\ultra\warewolf\Dev\Warewolf.Studio.CustomControls\Warewolf.Studio.CustomControls.csproj]
C:\Program Files\dotnet\sdk\10.0.201\Microsoft.Common.CurrentVersion.targets(2451,5): warning MSB3277:           Project file item includes which caused reference "C:\Program Files\dotnet\packs\Microsoft.NETCore.App.Ref\8.0.25\ref\net8.0\System.dll". [C:\Users\ultra\warewolf\Dev\Warewolf.Studio.CustomControls\Warewolf.Studio.CustomControls.csproj]
C:\Program Files\dotnet\sdk\10.0.201\Microsoft.Common.CurrentVersion.targets(2451,5): warning MSB3277:             C:\Program Files\dotnet\packs\Microsoft.NETCore.App.Ref\8.0.25\ref/net8.0/System.dll [C:\Users\ultra\warewolf\Dev\Warewolf.Studio.CustomControls\Warewolf.Studio.CustomControls.csproj]
C:\Program Files\dotnet\sdk\10.0.201\Microsoft.Common.CurrentVersion.targets(2451,5): warning MSB3277:             C:\Users\ultra\.nuget\packages\aerowizard\2.3.1\lib\net45\AeroWizard.dll [C:\Users\ultra\warewolf\Dev\Warewolf.Studio.CustomControls\Warewolf.Studio.CustomControls.csproj]
C:\Program Files\dotnet\sdk\10.0.201\Microsoft.Common.CurrentVersion.targets(2451,5): warning MSB3277:             C:\Users\ultra\.nuget\packages\groupcontrols\1.9.0\lib\net45\GroupControls.dll [C:\Users\ultra\warewolf\Dev\Warewolf.Studio.CustomControls\Warewolf.Studio.CustomControls.csproj]
C:\Program Files\dotnet\sdk\10.0.201\Microsoft.Common.CurrentVersion.targets(2451,5): warning MSB3277:             C:\Users\ultra\.nuget\packages\microsoft.xaml.behaviors.wpf\1.1.122\lib\net462\Microsoft.Xaml.Behaviors.dll [C:\Users\ultra\warewolf\Dev\Warewolf.Studio.CustomControls\Warewolf.Studio.CustomControls.csproj]
C:\Program Files\dotnet\sdk\10.0.201\Microsoft.Common.CurrentVersion.targets(2451,5): warning MSB3277:             C:\Users\ultra\.nuget\packages\caliburn.micro\4.0.212\lib\netcoreapp3.1\Caliburn.Micro.Platform.dll [C:\Users\ultra\warewolf\Dev\Warewolf.Studio.CustomControls\Warewolf.Studio.CustomControls.csproj]
C:\Program Files\dotnet\sdk\10.0.201\Microsoft.Common.CurrentVersion.targets(2451,5): warning MSB3277:             C:\Users\ultra\.nuget\packages\prism.wpf\9.0.537\lib\net462\Prism.Wpf.dll [C:\Users\ultra\warewolf\Dev\Warewolf.Studio.CustomControls\Warewolf.Studio.CustomControls.csproj]
C:\Program Files\dotnet\sdk\10.0.201\Microsoft.Common.CurrentVersion.targets(2451,5): warning MSB3277:             C:\Users\ultra\.nuget\packages\reactiveui.wpf\18.4.1\lib\net462\ReactiveUI.Wpf.dll [C:\Users\ultra\warewolf\Dev\Warewolf.Studio.CustomControls\Warewolf.Studio.CustomControls.csproj]
C:\Program Files\dotnet\sdk\10.0.201\Microsoft.Common.CurrentVersion.targets(2451,5): warning MSB3277:             C:\Users\ultra\.nuget\packages\taskschedulereditor\2.10.1\lib\net452\Microsoft.Win32.TaskSchedulerEditor.dll [C:\Users\ultra\warewolf\Dev\Warewolf.Studio.CustomControls\Warewolf.Studio.CustomControls.csproj]
C:\Program Files\dotnet\sdk\10.0.201\Microsoft.Common.CurrentVersion.targets(2451,5): warning MSB3277:             C:\Users\ultra\.nuget\packages\ttcue.netcore.sharepointonline.csom.16.1.8029.1200\16.1.8029.1200\lib\netcoreapp2.0\Microsoft.SharePoint.Client.Runtime.Windows.dll [C:\Users\ultra\warewolf\Dev\Warewolf.Studio.CustomControls\Warewolf.Studio.CustomControls.csproj]
C:\Program Files\dotnet\sdk\10.0.201\Microsoft.Common.CurrentVersion.targets(2451,5): warning MSB3277:         C:\Program Files\dotnet\packs\Microsoft.NETCore.App.Ref\8.0.25\ref\net8.0\WindowsBase.dll [C:\Users\ultra\warewolf\Dev\Warewolf.Studio.CustomControls\Warewolf.Studio.CustomControls.csproj]
C:\Program Files\dotnet\sdk\10.0.201\Microsoft.Common.CurrentVersion.targets(2451,5): warning MSB3277:           Project file item includes which caused reference "C:\Program Files\dotnet\packs\Microsoft.NETCore.App.Ref\8.0.25\ref\net8.0\WindowsBase.dll". [C:\Users\ultra\warewolf\Dev\Warewolf.Studio.CustomControls\Warewolf.Studio.CustomControls.csproj]
C:\Program Files\dotnet\sdk\10.0.201\Microsoft.Common.CurrentVersion.targets(2451,5): warning MSB3277:             C:\Program Files\dotnet\packs\Microsoft.NETCore.App.Ref\8.0.25\ref/net8.0/WindowsBase.dll [C:\Users\ultra\warewolf\Dev\Warewolf.Studio.CustomControls\Warewolf.Studio.CustomControls.csproj]
C:\Program Files\dotnet\sdk\10.0.201\Microsoft.Common.CurrentVersion.targets(2451,5): warning MSB3277:         C:\Program Files\dotnet\packs\Microsoft.NETCore.App.Ref\8.0.25\ref\net8.0\mscorlib.dll [C:\Users\ultra\warewolf\Dev\Warewolf.Studio.CustomControls\Warewolf.Studio.CustomControls.csproj]
C:\Program Files\dotnet\sdk\10.0.201\Microsoft.Common.CurrentVersion.targets(2451,5): warning MSB3277:           Project file item includes which caused reference "C:\Program Files\dotnet\packs\Microsoft.NETCore.App.Ref\8.0.25\ref\net8.0\mscorlib.dll". [C:\Users\ultra\warewolf\Dev\Warewolf.Studio.CustomControls\Warewolf.Studio.CustomControls.csproj]
C:\Program Files\dotnet\sdk\10.0.201\Microsoft.Common.CurrentVersion.targets(2451,5): warning MSB3277:             C:\Program Files\dotnet\packs\Microsoft.NETCore.App.Ref\8.0.25\ref/net8.0/mscorlib.dll [C:\Users\ultra\warewolf\Dev\Warewolf.Studio.CustomControls\Warewolf.Studio.CustomControls.csproj]
C:\Program Files\dotnet\sdk\10.0.201\Microsoft.Common.CurrentVersion.targets(2451,5): warning MSB3277:             C:\Users\ultra\.nuget\packages\aerowizard\2.3.1\lib\net45\AeroWizard.dll [C:\Users\ultra\warewolf\Dev\Warewolf.Studio.CustomControls\Warewolf.Studio.CustomControls.csproj]
C:\Program Files\dotnet\sdk\10.0.201\Microsoft.Common.CurrentVersion.targets(2451,5): warning MSB3277:             C:\Users\ultra\.nuget\packages\groupcontrols\1.9.0\lib\net45\GroupControls.dll [C:\Users\ultra\warewolf\Dev\Warewolf.Studio.CustomControls\Warewolf.Studio.CustomControls.csproj]
C:\Program Files\dotnet\sdk\10.0.201\Microsoft.Common.CurrentVersion.targets(2451,5): warning MSB3277:             C:\Users\ultra\.nuget\packages\hangfire.core\1.7.32\lib\netstandard2.0\Hangfire.Core.dll [C:\Users\ultra\warewolf\Dev\Warewolf.Studio.CustomControls\Warewolf.Studio.CustomControls.csproj]
C:\Program Files\dotnet\sdk\10.0.201\Microsoft.Common.CurrentVersion.targets(2451,5): warning MSB3277:             C:\Users\ultra\warewolf\Dev\Dev2.Activities\bin\Debug\net8.0\Dev2.Activities.dll [C:\Users\ultra\warewolf\Dev\Warewolf.Studio.CustomControls\Warewolf.Studio.CustomControls.csproj]
C:\Program Files\dotnet\sdk\10.0.201\Microsoft.Common.CurrentVersion.targets(2451,5): warning MSB3277:             C:\Users\ultra\warewolf\Dev\Dev2.Studio.Core\bin\Debug\net8.0\Dev2.Studio.Core.dll [C:\Users\ultra\warewolf\Dev\Warewolf.Studio.CustomControls\Warewolf.Studio.CustomControls.csproj]
C:\Program Files\dotnet\sdk\10.0.201\Microsoft.Common.CurrentVersion.targets(2451,5): warning MSB3277:             C:\Users\ultra\warewolf\Dev\Dev2.Intellisense\bin\Debug\net8.0\Dev2.Intellisense.dll [C:\Users\ultra\warewolf\Dev\Warewolf.Studio.CustomControls\Warewolf.Studio.CustomControls.csproj]
C:\Program Files\dotnet\sdk\10.0.201\Microsoft.Common.CurrentVersion.targets(2451,5): warning MSB3277:             C:\Users\ultra\warewolf\Dev\Warewolf.Driver.Persistence\bin\Debug\net8.0\Warewolf.Driver.Persistence.dll [C:\Users\ultra\warewolf\Dev\Warewolf.Studio.CustomControls\Warewolf.Studio.CustomControls.csproj]
C:\Program Files\dotnet\sdk\10.0.201\Microsoft.Common.CurrentVersion.targets(2451,5): warning MSB3277:             C:\Users\ultra\.nuget\packages\hangfire.sqlserver\1.7.32\lib\netstandard2.0\Hangfire.SqlServer.dll [C:\Users\ultra\warewolf\Dev\Warewolf.Studio.CustomControls\Warewolf.Studio.CustomControls.csproj]
C:\Program Files\dotnet\sdk\10.0.201\Microsoft.Common.CurrentVersion.targets(2451,5): warning MSB3277:             C:\Users\ultra\.nuget\packages\microsoft.xaml.behaviors.wpf\1.1.122\lib\net462\Microsoft.Xaml.Behaviors.dll [C:\Users\ultra\warewolf\Dev\Warewolf.Studio.CustomControls\Warewolf.Studio.CustomControls.csproj]
C:\Program Files\dotnet\sdk\10.0.201\Microsoft.Common.CurrentVersion.targets(2451,5): warning MSB3277:             C:\Users\ultra\.nuget\packages\caliburn.micro\4.0.212\lib\netcoreapp3.1\Caliburn.Micro.Platform.dll [C:\Users\ultra\warewolf\Dev\Warewolf.Studio.CustomControls\Warewolf.Studio.CustomControls.csproj]
C:\Program Files\dotnet\sdk\10.0.201\Microsoft.Common.CurrentVersion.targets(2451,5): warning MSB3277:             C:\Users\ultra\.nuget\packages\oracle.manageddataaccess.core\3.21.70\lib\netstandard2.1\Oracle.ManagedDataAccess.dll [C:\Users\ultra\warewolf\Dev\Warewolf.Studio.CustomControls\Warewolf.Studio.CustomControls.csproj]
C:\Program Files\dotnet\sdk\10.0.201\Microsoft.Common.CurrentVersion.targets(2451,5): warning MSB3277:             C:\Users\ultra\warewolf\Dev\Dev2.Runtime.Services\bin\Debug\net8.0\Dev2.Runtime.Services.dll [C:\Users\ultra\warewolf\Dev\Warewolf.Studio.CustomControls\Warewolf.Studio.CustomControls.csproj]
C:\Program Files\dotnet\sdk\10.0.201\Microsoft.Common.CurrentVersion.targets(2451,5): warning MSB3277:             C:\Users\ultra\warewolf\Dev\Dev2.Studio.Interfaces\bin\Debug\net8.0\Dev2.Studio.Interfaces.dll [C:\Users\ultra\warewolf\Dev\Warewolf.Studio.CustomControls\Warewolf.Studio.CustomControls.csproj]
C:\Program Files\dotnet\sdk\10.0.201\Microsoft.Common.CurrentVersion.targets(2451,5): warning MSB3277:             C:\Users\ultra\warewolf\Dev\Dev2.Services.Execution\bin\Debug\net8.0\Dev2.Services.Execution.dll [C:\Users\ultra\warewolf\Dev\Warewolf.Studio.CustomControls\Warewolf.Studio.CustomControls.csproj]
C:\Program Files\dotnet\sdk\10.0.201\Microsoft.Common.CurrentVersion.targets(2451,5): warning MSB3277:             C:\Users\ultra\warewolf\Dev\Dev2.Services.Sql\bin\Debug\net8.0\Dev2.Services.Sql.dll [C:\Users\ultra\warewolf\Dev\Warewolf.Studio.CustomControls\Warewolf.Studio.CustomControls.csproj]
C:\Program Files\dotnet\sdk\10.0.201\Microsoft.Common.CurrentVersion.targets(2451,5): warning MSB3277:             C:\Users\ultra\warewolf\Dev\Warewolf.Studio.Core\bin\Debug\net8.0\Warewolf.Studio.Core.dll [C:\Users\ultra\warewolf\Dev\Warewolf.Studio.CustomControls\Warewolf.Studio.CustomControls.csproj]
C:\Program Files\dotnet\sdk\10.0.201\Microsoft.Common.CurrentVersion.targets(2451,5): warning MSB3277:             C:\Users\ultra\.nuget\packages\prism.wpf\9.0.537\lib\net462\Prism.Wpf.dll [C:\Users\ultra\warewolf\Dev\Warewolf.Studio.CustomControls\Warewolf.Studio.CustomControls.csproj]
C:\Program Files\dotnet\sdk\10.0.201\Microsoft.Common.CurrentVersion.targets(2451,5): warning MSB3277:             C:\Users\ultra\.nuget\packages\reactiveui.wpf\18.4.1\lib\net462\ReactiveUI.Wpf.dll [C:\Users\ultra\warewolf\Dev\Warewolf.Studio.CustomControls\Warewolf.Studio.CustomControls.csproj]
C:\Program Files\dotnet\sdk\10.0.201\Microsoft.Common.CurrentVersion.targets(2451,5): warning MSB3277:             C:\Users\ultra\.nuget\packages\taskschedulereditor\2.10.1\lib\net452\Microsoft.Win32.TaskSchedulerEditor.dll [C:\Users\ultra\warewolf\Dev\Warewolf.Studio.CustomControls\Warewolf.Studio.CustomControls.csproj]
C:\Program Files\dotnet\sdk\10.0.201\Microsoft.Common.CurrentVersion.targets(2451,5): warning MSB3277:             C:\Users\ultra\.nuget\packages\ttcue.netcore.sharepointonline.csom.16.1.8029.1200\16.1.8029.1200\lib\netcoreapp2.0\Microsoft.SharePoint.Client.Runtime.Windows.dll [C:\Users\ultra\warewolf\Dev\Warewolf.Studio.CustomControls\Warewolf.Studio.CustomControls.csproj]
C:\Program Files\dotnet\sdk\10.0.201\Microsoft.Common.CurrentVersion.targets(2451,5): warning MSB3277:         C:\Users\ultra\warewolf\Dev\Dev2.Development.Languages\bin\Debug\net8.0\IronRuby.dll [C:\Users\ultra\warewolf\Dev\Warewolf.Studio.CustomControls\Warewolf.Studio.CustomControls.csproj]
C:\Program Files\dotnet\sdk\10.0.201\Microsoft.Common.CurrentVersion.targets(2451,5): warning MSB3277:           Project file item includes which caused reference "C:\Users\ultra\warewolf\Dev\Dev2.Development.Languages\bin\Debug\net8.0\IronRuby.dll". [C:\Users\ultra\warewolf\Dev\Warewolf.Studio.CustomControls\Warewolf.Studio.CustomControls.csproj]
C:\Program Files\dotnet\sdk\10.0.201\Microsoft.Common.CurrentVersion.targets(2451,5): warning MSB3277:             C:\Users\ultra\warewolf\Dev\Dev2.Development.Languages\bin\Debug\net8.0\Dev2.Development.Languages.dll [C:\Users\ultra\warewolf\Dev\Warewolf.Studio.CustomControls\Warewolf.Studio.CustomControls.csproj]
C:\Program Files\dotnet\sdk\10.0.201\Microsoft.Common.CurrentVersion.targets(2451,5): warning MSB3277:             C:\Users\ultra\warewolf\Dev\Dev2.Activities\bin\Debug\net8.0\Dev2.Activities.dll [C:\Users\ultra\warewolf\Dev\Warewolf.Studio.CustomControls\Warewolf.Studio.CustomControls.csproj]
C:\Program Files\dotnet\sdk\10.0.201\Microsoft.Common.CurrentVersion.targets(2451,5): warning MSB3277:             C:\Users\ultra\warewolf\Dev\Dev2.Studio.Core\bin\Debug\net8.0\Dev2.Studio.Core.dll [C:\Users\ultra\warewolf\Dev\Warewolf.Studio.CustomControls\Warewolf.Studio.CustomControls.csproj]
C:\Program Files\dotnet\sdk\10.0.201\Microsoft.Common.CurrentVersion.targets(2451,5): warning MSB3277:             C:\Users\ultra\warewolf\Dev\Dev2.Intellisense\bin\Debug\net8.0\Dev2.Intellisense.dll [C:\Users\ultra\warewolf\Dev\Warewolf.Studio.CustomControls\Warewolf.Studio.CustomControls.csproj]
C:\Program Files\dotnet\sdk\10.0.201\Microsoft.Common.CurrentVersion.targets(2451,5): warning MSB3277:         C:\Users\ultra\warewolf\Dev\Dev2.Development.Languages\bin\Debug\net8.0\IronRuby.Libraries.dll [C:\Users\ultra\warewolf\Dev\Warewolf.Studio.CustomControls\Warewolf.Studio.CustomControls.csproj]
C:\Program Files\dotnet\sdk\10.0.201\Microsoft.Common.CurrentVersion.targets(2451,5): warning MSB3277:           Project file item includes which caused reference "C:\Users\ultra\warewolf\Dev\Dev2.Development.Languages\bin\Debug\net8.0\IronRuby.Libraries.dll". [C:\Users\ultra\warewolf\Dev\Warewolf.Studio.CustomControls\Warewolf.Studio.CustomControls.csproj]
C:\Program Files\dotnet\sdk\10.0.201\Microsoft.Common.CurrentVersion.targets(2451,5): warning MSB3277:             C:\Users\ultra\warewolf\Dev\Dev2.Development.Languages\bin\Debug\net8.0\Dev2.Development.Languages.dll [C:\Users\ultra\warewolf\Dev\Warewolf.Studio.CustomControls\Warewolf.Studio.CustomControls.csproj]
C:\Program Files\dotnet\sdk\10.0.201\Microsoft.Common.CurrentVersion.targets(2451,5): warning MSB3277:             C:\Users\ultra\warewolf\Dev\Dev2.Activities\bin\Debug\net8.0\Dev2.Activities.dll [C:\Users\ultra\warewolf\Dev\Warewolf.Studio.CustomControls\Warewolf.Studio.CustomControls.csproj]
C:\Program Files\dotnet\sdk\10.0.201\Microsoft.Common.CurrentVersion.targets(2451,5): warning MSB3277:             C:\Users\ultra\warewolf\Dev\Dev2.Studio.Core\bin\Debug\net8.0\Dev2.Studio.Core.dll [C:\Users\ultra\warewolf\Dev\Warewolf.Studio.CustomControls\Warewolf.Studio.CustomControls.csproj]
C:\Program Files\dotnet\sdk\10.0.201\Microsoft.Common.CurrentVersion.targets(2451,5): warning MSB3277:             C:\Users\ultra\warewolf\Dev\Dev2.Intellisense\bin\Debug\net8.0\Dev2.Intellisense.dll [C:\Users\ultra\warewolf\Dev\Warewolf.Studio.CustomControls\Warewolf.Studio.CustomControls.csproj]
C:\Program Files\dotnet\sdk\10.0.201\Microsoft.Common.CurrentVersion.targets(2451,5): warning MSB3277: Found conflicts between different versions of "WindowsBase" that could not be resolved. [C:\Users\ultra\warewolf\Dev\Warewolf.Studio.CustomControls\Warewolf.Studio.CustomControls.csproj]
C:\Program Files\dotnet\sdk\10.0.201\Microsoft.Common.CurrentVersion.targets(2451,5): warning MSB3277: There was a conflict between "WindowsBase, Version=4.0.0.0, Culture=neutral, PublicKeyToken=31bf3856ad364e35" and "WindowsBase, Version=6.0.2.0, Culture=neutral, PublicKeyToken=31bf3856ad364e35". [C:\Users\ultra\warewolf\Dev\Warewolf.Studio.CustomControls\Warewolf.Studio.CustomControls.csproj]
C:\Program Files\dotnet\sdk\10.0.201\Microsoft.Common.CurrentVersion.targets(2451,5): warning MSB3277:     "WindowsBase, Version=4.0.0.0, Culture=neutral, PublicKeyToken=31bf3856ad364e35" was chosen because it was primary and "WindowsBase, Version=6.0.2.0, Culture=neutral, PublicKeyToken=31bf3856ad364e35" was not. [C:\Users\ultra\warewolf\Dev\Warewolf.Studio.CustomControls\Warewolf.Studio.CustomControls.csproj]
C:\Program Files\dotnet\sdk\10.0.201\Microsoft.Common.CurrentVersion.targets(2451,5): warning MSB3277:     References which depend on "WindowsBase, Version=4.0.0.0, Culture=neutral, PublicKeyToken=31bf3856ad364e35" [C:\Program Files\dotnet\packs\Microsoft.NETCore.App.Ref\8.0.25\ref\net8.0\WindowsBase.dll]. [C:\Users\ultra\warewolf\Dev\Warewolf.Studio.CustomControls\Warewolf.Studio.CustomControls.csproj]
C:\Program Files\dotnet\sdk\10.0.201\Microsoft.Common.CurrentVersion.targets(2451,5): warning MSB3277:         C:\Program Files\dotnet\packs\Microsoft.NETCore.App.Ref\8.0.25\ref\net8.0\WindowsBase.dll [C:\Users\ultra\warewolf\Dev\Warewolf.Studio.CustomControls\Warewolf.Studio.CustomControls.csproj]
C:\Program Files\dotnet\sdk\10.0.201\Microsoft.Common.CurrentVersion.targets(2451,5): warning MSB3277:           Project file item includes which caused reference "C:\Program Files\dotnet\packs\Microsoft.NETCore.App.Ref\8.0.25\ref\net8.0\WindowsBase.dll". [C:\Users\ultra\warewolf\Dev\Warewolf.Studio.CustomControls\Warewolf.Studio.CustomControls.csproj]
C:\Program Files\dotnet\sdk\10.0.201\Microsoft.Common.CurrentVersion.targets(2451,5): warning MSB3277:             C:\Program Files\dotnet\packs\Microsoft.NETCore.App.Ref\8.0.25\ref/net8.0/WindowsBase.dll [C:\Users\ultra\warewolf\Dev\Warewolf.Studio.CustomControls\Warewolf.Studio.CustomControls.csproj]
C:\Program Files\dotnet\sdk\10.0.201\Microsoft.Common.CurrentVersion.targets(2451,5): warning MSB3277:     References which depend on or have been unified to "WindowsBase, Version=6.0.2.0, Culture=neutral, PublicKeyToken=31bf3856ad364e35" []. [C:\Users\ultra\warewolf\Dev\Warewolf.Studio.CustomControls\Warewolf.Studio.CustomControls.csproj]
C:\Program Files\dotnet\sdk\10.0.201\Microsoft.Common.CurrentVersion.targets(2451,5): warning MSB3277:         C:\Users\ultra\warewolf\Dev\Binaries\Infragistcs_Net6\InfragisticsWPF4.Controls.Grids.XamGrid.v15.1.dll [C:\Users\ultra\warewolf\Dev\Warewolf.Studio.CustomControls\Warewolf.Studio.CustomControls.csproj]
C:\Program Files\dotnet\sdk\10.0.201\Microsoft.Common.CurrentVersion.targets(2451,5): warning MSB3277:           Project file item includes which caused reference "C:\Users\ultra\warewolf\Dev\Binaries\Infragistcs_Net6\InfragisticsWPF4.Controls.Grids.XamGrid.v15.1.dll". [C:\Users\ultra\warewolf\Dev\Warewolf.Studio.CustomControls\Warewolf.Studio.CustomControls.csproj]
C:\Program Files\dotnet\sdk\10.0.201\Microsoft.Common.CurrentVersion.targets(2451,5): warning MSB3277:             InfragisticsWPF4.Controls.Grids.XamGrid.v15.1 [C:\Users\ultra\warewolf\Dev\Warewolf.Studio.CustomControls\Warewolf.Studio.CustomControls.csproj]
C:\Program Files\dotnet\sdk\10.0.201\Microsoft.Common.CurrentVersion.targets(2451,5): warning MSB3277:         C:\Users\ultra\warewolf\Dev\Binaries\Infragistcs_Net6\InfragisticsWPF4.Controls.Menus.XamDataTree.v15.1.dll [C:\Users\ultra\warewolf\Dev\Warewolf.Studio.CustomControls\Warewolf.Studio.CustomControls.csproj]
C:\Program Files\dotnet\sdk\10.0.201\Microsoft.Common.CurrentVersion.targets(2451,5): warning MSB3277:           Project file item includes which caused reference "C:\Users\ultra\warewolf\Dev\Binaries\Infragistcs_Net6\InfragisticsWPF4.Controls.Menus.XamDataTree.v15.1.dll". [C:\Users\ultra\warewolf\Dev\Warewolf.Studio.CustomControls\Warewolf.Studio.CustomControls.csproj]
C:\Program Files\dotnet\sdk\10.0.201\Microsoft.Common.CurrentVersion.targets(2451,5): warning MSB3277:             InfragisticsWPF4.Controls.Menus.XamDataTree.v15.1, Version=15.1.20151.2055, Culture=neutral, PublicKeyToken=7dd5c3163f2cd0cb, processorArchitecture=MSIL [C:\Users\ultra\warewolf\Dev\Warewolf.Studio.CustomControls\Warewolf.Studio.CustomControls.csproj]
C:\Program Files\dotnet\sdk\10.0.201\Microsoft.Common.CurrentVersion.targets(2451,5): warning MSB3277:         C:\Users\ultra\warewolf\Dev\Binaries\Infragistcs_Net6\InfragisticsWPF4.DataManager.v15.1.dll [C:\Users\ultra\warewolf\Dev\Warewolf.Studio.CustomControls\Warewolf.Studio.CustomControls.csproj]
C:\Program Files\dotnet\sdk\10.0.201\Microsoft.Common.CurrentVersion.targets(2451,5): warning MSB3277:           Project file item includes which caused reference "C:\Users\ultra\warewolf\Dev\Binaries\Infragistcs_Net6\InfragisticsWPF4.DataManager.v15.1.dll". [C:\Users\ultra\warewolf\Dev\Warewolf.Studio.CustomControls\Warewolf.Studio.CustomControls.csproj]
C:\Program Files\dotnet\sdk\10.0.201\Microsoft.Common.CurrentVersion.targets(2451,5): warning MSB3277:             InfragisticsWPF4.DataManager.v15.1, Version=15.1.20151.2055, Culture=neutral, processorArchitecture=MSIL [C:\Users\ultra\warewolf\Dev\Warewolf.Studio.CustomControls\Warewolf.Studio.CustomControls.csproj]
C:\Program Files\dotnet\sdk\10.0.201\Microsoft.Common.CurrentVersion.targets(2451,5): warning MSB3277:             InfragisticsWPF4.Controls.Grids.XamGrid.v15.1 [C:\Users\ultra\warewolf\Dev\Warewolf.Studio.CustomControls\Warewolf.Studio.CustomControls.csproj]
C:\Program Files\dotnet\sdk\10.0.201\Microsoft.Common.CurrentVersion.targets(2451,5): warning MSB3277:             InfragisticsWPF4.Controls.Menus.XamDataTree.v15.1, Version=15.1.20151.2055, Culture=neutral, PublicKeyToken=7dd5c3163f2cd0cb, processorArchitecture=MSIL [C:\Users\ultra\warewolf\Dev\Warewolf.Studio.CustomControls\Warewolf.Studio.CustomControls.csproj]
C:\Program Files\dotnet\sdk\10.0.201\Microsoft.Common.CurrentVersion.targets(2451,5): warning MSB3277:         C:\Users\ultra\warewolf\Dev\Binaries\Infragistcs_Net6\InfragisticsWPF4.DataPresenter.v15.1.dll [C:\Users\ultra\warewolf\Dev\Warewolf.Studio.CustomControls\Warewolf.Studio.CustomControls.csproj]
C:\Program Files\dotnet\sdk\10.0.201\Microsoft.Common.CurrentVersion.targets(2451,5): warning MSB3277:           Project file item includes which caused reference "C:\Users\ultra\warewolf\Dev\Binaries\Infragistcs_Net6\InfragisticsWPF4.DataPresenter.v15.1.dll". [C:\Users\ultra\warewolf\Dev\Warewolf.Studio.CustomControls\Warewolf.Studio.CustomControls.csproj]
C:\Program Files\dotnet\sdk\10.0.201\Microsoft.Common.CurrentVersion.targets(2451,5): warning MSB3277:             InfragisticsWPF4.DataPresenter.v15.1 [C:\Users\ultra\warewolf\Dev\Warewolf.Studio.CustomControls\Warewolf.Studio.CustomControls.csproj]
C:\Program Files\dotnet\sdk\10.0.201\Microsoft.Common.CurrentVersion.targets(2451,5): warning MSB3277:         C:\Users\ultra\warewolf\Dev\Binaries\Infragistcs_Net6\InfragisticsWPF4.DragDrop.v15.1.dll [C:\Users\ultra\warewolf\Dev\Warewolf.Studio.CustomControls\Warewolf.Studio.CustomControls.csproj]
C:\Program Files\dotnet\sdk\10.0.201\Microsoft.Common.CurrentVersion.targets(2451,5): warning MSB3277:           Project file item includes which caused reference "C:\Users\ultra\warewolf\Dev\Binaries\Infragistcs_Net6\InfragisticsWPF4.DragDrop.v15.1.dll". [C:\Users\ultra\warewolf\Dev\Warewolf.Studio.CustomControls\Warewolf.Studio.CustomControls.csproj]
C:\Program Files\dotnet\sdk\10.0.201\Microsoft.Common.CurrentVersion.targets(2451,5): warning MSB3277:             InfragisticsWPF4.DragDrop.v15.1, Version=15.1.20151.2055, Culture=neutral, PublicKeyToken=7dd5c3163f2cd0cb, processorArchitecture=MSIL [C:\Users\ultra\warewolf\Dev\Warewolf.Studio.CustomControls\Warewolf.Studio.CustomControls.csproj]
C:\Program Files\dotnet\sdk\10.0.201\Microsoft.Common.CurrentVersion.targets(2451,5): warning MSB3277:             InfragisticsWPF4.Controls.Menus.XamDataTree.v15.1, Version=15.1.20151.2055, Culture=neutral, PublicKeyToken=7dd5c3163f2cd0cb, processorArchitecture=MSIL [C:\Users\ultra\warewolf\Dev\Warewolf.Studio.CustomControls\Warewolf.Studio.CustomControls.csproj]
C:\Program Files\dotnet\sdk\10.0.201\Microsoft.Common.CurrentVersion.targets(2451,5): warning MSB3277:         C:\Users\ultra\warewolf\Dev\Binaries\Infragistcs_Net6\InfragisticsWPF4.v15.1.dll [C:\Users\ultra\warewolf\Dev\Warewolf.Studio.CustomControls\Warewolf.Studio.CustomControls.csproj]
C:\Program Files\dotnet\sdk\10.0.201\Microsoft.Common.CurrentVersion.targets(2451,5): warning MSB3277:           Project file item includes which caused reference "C:\Users\ultra\warewolf\Dev\Binaries\Infragistcs_Net6\InfragisticsWPF4.v15.1.dll". [C:\Users\ultra\warewolf\Dev\Warewolf.Studio.CustomControls\Warewolf.Studio.CustomControls.csproj]
C:\Program Files\dotnet\sdk\10.0.201\Microsoft.Common.CurrentVersion.targets(2451,5): warning MSB3277:             InfragisticsWPF4.v15.1, Version=15.1.20151.2055, Culture=neutral, processorArchitecture=MSIL [C:\Users\ultra\warewolf\Dev\Warewolf.Studio.CustomControls\Warewolf.Studio.CustomControls.csproj]
C:\Program Files\dotnet\sdk\10.0.201\Microsoft.Common.CurrentVersion.targets(2451,5): warning MSB3277:             InfragisticsWPF4.Controls.Grids.XamGrid.v15.1 [C:\Users\ultra\warewolf\Dev\Warewolf.Studio.CustomControls\Warewolf.Studio.CustomControls.csproj]
C:\Program Files\dotnet\sdk\10.0.201\Microsoft.Common.CurrentVersion.targets(2451,5): warning MSB3277:             InfragisticsWPF4.Controls.Menus.XamDataTree.v15.1, Version=15.1.20151.2055, Culture=neutral, PublicKeyToken=7dd5c3163f2cd0cb, processorArchitecture=MSIL [C:\Users\ultra\warewolf\Dev\Warewolf.Studio.CustomControls\Warewolf.Studio.CustomControls.csproj]
C:\Program Files\dotnet\sdk\10.0.201\Microsoft.Common.CurrentVersion.targets(2451,5): warning MSB3277:             InfragisticsWPF4.DataManager.v15.1, Version=15.1.20151.2055, Culture=neutral, processorArchitecture=MSIL [C:\Users\ultra\warewolf\Dev\Warewolf.Studio.CustomControls\Warewolf.Studio.CustomControls.csproj]
C:\Program Files\dotnet\sdk\10.0.201\Microsoft.Common.CurrentVersion.targets(2451,5): warning MSB3277:             InfragisticsWPF4.DataPresenter.v15.1 [C:\Users\ultra\warewolf\Dev\Warewolf.Studio.CustomControls\Warewolf.Studio.CustomControls.csproj]
C:\Program Files\dotnet\sdk\10.0.201\Microsoft.Common.CurrentVersion.targets(2451,5): warning MSB3277:         C:\Users\ultra\.nuget\packages\caliburn.micro\4.0.212\lib\netcoreapp3.1\Caliburn.Micro.Platform.dll [C:\Users\ultra\warewolf\Dev\Warewolf.Studio.CustomControls\Warewolf.Studio.CustomControls.csproj]
C:\Program Files\dotnet\sdk\10.0.201\Microsoft.Common.CurrentVersion.targets(2451,5): warning MSB3277:           Project file item includes which caused reference "C:\Users\ultra\.nuget\packages\caliburn.micro\4.0.212\lib\netcoreapp3.1\Caliburn.Micro.Platform.dll". [C:\Users\ultra\warewolf\Dev\Warewolf.Studio.CustomControls\Warewolf.Studio.CustomControls.csproj]
C:\Program Files\dotnet\sdk\10.0.201\Microsoft.Common.CurrentVersion.targets(2451,5): warning MSB3277:             C:\Users\ultra\.nuget\packages\caliburn.micro\4.0.212\lib\netcoreapp3.1\Caliburn.Micro.Platform.dll [C:\Users\ultra\warewolf\Dev\Warewolf.Studio.CustomControls\Warewolf.Studio.CustomControls.csproj]
C:\Program Files\dotnet\sdk\10.0.201\Microsoft.Common.CurrentVersion.targets(2451,5): warning MSB3277:         C:\Users\ultra\.nuget\packages\extended.wpf.toolkit\4.4.0\lib\net5.0\Xceed.Wpf.AvalonDock.NET5.dll [C:\Users\ultra\warewolf\Dev\Warewolf.Studio.CustomControls\Warewolf.Studio.CustomControls.csproj]
C:\Program Files\dotnet\sdk\10.0.201\Microsoft.Common.CurrentVersion.targets(2451,5): warning MSB3277:           Project file item includes which caused reference "C:\Users\ultra\.nuget\packages\extended.wpf.toolkit\4.4.0\lib\net5.0\Xceed.Wpf.AvalonDock.NET5.dll". [C:\Users\ultra\warewolf\Dev\Warewolf.Studio.CustomControls\Warewolf.Studio.CustomControls.csproj]
C:\Program Files\dotnet\sdk\10.0.201\Microsoft.Common.CurrentVersion.targets(2451,5): warning MSB3277:             C:\Users\ultra\.nuget\packages\extended.wpf.toolkit\4.4.0\lib\net5.0\Xceed.Wpf.AvalonDock.NET5.dll [C:\Users\ultra\warewolf\Dev\Warewolf.Studio.CustomControls\Warewolf.Studio.CustomControls.csproj]
C:\Program Files\dotnet\sdk\10.0.201\Microsoft.Common.CurrentVersion.targets(2451,5): warning MSB3277:             C:\Users\ultra\.nuget\packages\extended.wpf.toolkit\4.4.0\lib\net5.0\Xceed.Wpf.AvalonDock.Themes.Aero.NET5.dll [C:\Users\ultra\warewolf\Dev\Warewolf.Studio.CustomControls\Warewolf.Studio.CustomControls.csproj]
C:\Program Files\dotnet\sdk\10.0.201\Microsoft.Common.CurrentVersion.targets(2451,5): warning MSB3277:             C:\Users\ultra\.nuget\packages\extended.wpf.toolkit\4.4.0\lib\net5.0\Xceed.Wpf.AvalonDock.Themes.Metro.NET5.dll [C:\Users\ultra\warewolf\Dev\Warewolf.Studio.CustomControls\Warewolf.Studio.CustomControls.csproj]
C:\Program Files\dotnet\sdk\10.0.201\Microsoft.Common.CurrentVersion.targets(2451,5): warning MSB3277:             C:\Users\ultra\.nuget\packages\extended.wpf.toolkit\4.4.0\lib\net5.0\Xceed.Wpf.AvalonDock.Themes.VS2010.NET5.dll [C:\Users\ultra\warewolf\Dev\Warewolf.Studio.CustomControls\Warewolf.Studio.CustomControls.csproj]
C:\Program Files\dotnet\sdk\10.0.201\Microsoft.Common.CurrentVersion.targets(2451,5): warning MSB3277:         C:\Users\ultra\.nuget\packages\extended.wpf.toolkit\4.4.0\lib\net5.0\Xceed.Wpf.AvalonDock.Themes.Aero.NET5.dll [C:\Users\ultra\warewolf\Dev\Warewolf.Studio.CustomControls\Warewolf.Studio.CustomControls.csproj]
C:\Program Files\dotnet\sdk\10.0.201\Microsoft.Common.CurrentVersion.targets(2451,5): warning MSB3277:           Project file item includes which caused reference "C:\Users\ultra\.nuget\packages\extended.wpf.toolkit\4.4.0\lib\net5.0\Xceed.Wpf.AvalonDock.Themes.Aero.NET5.dll". [C:\Users\ultra\warewolf\Dev\Warewolf.Studio.CustomControls\Warewolf.Studio.CustomControls.csproj]
C:\Program Files\dotnet\sdk\10.0.201\Microsoft.Common.CurrentVersion.targets(2451,5): warning MSB3277:             C:\Users\ultra\.nuget\packages\extended.wpf.toolkit\4.4.0\lib\net5.0\Xceed.Wpf.AvalonDock.Themes.Aero.NET5.dll [C:\Users\ultra\warewolf\Dev\Warewolf.Studio.CustomControls\Warewolf.Studio.CustomControls.csproj]
C:\Program Files\dotnet\sdk\10.0.201\Microsoft.Common.CurrentVersion.targets(2451,5): warning MSB3277:         C:\Users\ultra\.nuget\packages\extended.wpf.toolkit\4.4.0\lib\net5.0\Xceed.Wpf.Toolkit.NET5.dll [C:\Users\ultra\warewolf\Dev\Warewolf.Studio.CustomControls\Warewolf.Studio.CustomControls.csproj]
C:\Program Files\dotnet\sdk\10.0.201\Microsoft.Common.CurrentVersion.targets(2451,5): warning MSB3277:           Project file item includes which caused reference "C:\Users\ultra\.nuget\packages\extended.wpf.toolkit\4.4.0\lib\net5.0\Xceed.Wpf.Toolkit.NET5.dll". [C:\Users\ultra\warewolf\Dev\Warewolf.Studio.CustomControls\Warewolf.Studio.CustomControls.csproj]
C:\Program Files\dotnet\sdk\10.0.201\Microsoft.Common.CurrentVersion.targets(2451,5): warning MSB3277:             C:\Users\ultra\.nuget\packages\extended.wpf.toolkit\4.4.0\lib\net5.0\Xceed.Wpf.Toolkit.NET5.dll [C:\Users\ultra\warewolf\Dev\Warewolf.Studio.CustomControls\Warewolf.Studio.CustomControls.csproj]
C:\Program Files\dotnet\sdk\10.0.201\Microsoft.Common.CurrentVersion.targets(2451,5): warning MSB3277:         C:\Users\ultra\.nuget\packages\ironpython\3.4.0\lib\net6.0\IronPython.Wpf.dll [C:\Users\ultra\warewolf\Dev\Warewolf.Studio.CustomControls\Warewolf.Studio.CustomControls.csproj]
C:\Program Files\dotnet\sdk\10.0.201\Microsoft.Common.CurrentVersion.targets(2451,5): warning MSB3277:           Project file item includes which caused reference "C:\Users\ultra\.nuget\packages\ironpython\3.4.0\lib\net6.0\IronPython.Wpf.dll". [C:\Users\ultra\warewolf\Dev\Warewolf.Studio.CustomControls\Warewolf.Studio.CustomControls.csproj]
C:\Program Files\dotnet\sdk\10.0.201\Microsoft.Common.CurrentVersion.targets(2451,5): warning MSB3277:             C:\Users\ultra\.nuget\packages\ironpython\3.4.0\lib\net6.0\IronPython.Wpf.dll [C:\Users\ultra\warewolf\Dev\Warewolf.Studio.CustomControls\Warewolf.Studio.CustomControls.csproj]
C:\Program Files\dotnet\sdk\10.0.201\Microsoft.Common.CurrentVersion.targets(2451,5): warning MSB3277:         C:\Users\ultra\.nuget\packages\microsoft.xaml.behaviors.wpf\1.1.122\lib\net462\Microsoft.Xaml.Behaviors.dll [C:\Users\ultra\warewolf\Dev\Warewolf.Studio.CustomControls\Warewolf.Studio.CustomControls.csproj]
C:\Program Files\dotnet\sdk\10.0.201\Microsoft.Common.CurrentVersion.targets(2451,5): warning MSB3277:           Project file item includes which caused reference "C:\Users\ultra\.nuget\packages\microsoft.xaml.behaviors.wpf\1.1.122\lib\net462\Microsoft.Xaml.Behaviors.dll". [C:\Users\ultra\warewolf\Dev\Warewolf.Studio.CustomControls\Warewolf.Studio.CustomControls.csproj]
C:\Program Files\dotnet\sdk\10.0.201\Microsoft.Common.CurrentVersion.targets(2451,5): warning MSB3277:             C:\Users\ultra\.nuget\packages\microsoft.xaml.behaviors.wpf\1.1.122\lib\net462\Microsoft.Xaml.Behaviors.dll [C:\Users\ultra\warewolf\Dev\Warewolf.Studio.CustomControls\Warewolf.Studio.CustomControls.csproj]
C:\Program Files\dotnet\sdk\10.0.201\Microsoft.Common.CurrentVersion.targets(2451,5): warning MSB3277:             C:\Users\ultra\.nuget\packages\caliburn.micro\4.0.212\lib\netcoreapp3.1\Caliburn.Micro.Platform.dll [C:\Users\ultra\warewolf\Dev\Warewolf.Studio.CustomControls\Warewolf.Studio.CustomControls.csproj]
C:\Program Files\dotnet\sdk\10.0.201\Microsoft.Common.CurrentVersion.targets(2451,5): warning MSB3277:             C:\Users\ultra\.nuget\packages\prism.wpf\9.0.537\lib\net462\Prism.Wpf.dll [C:\Users\ultra\warewolf\Dev\Warewolf.Studio.CustomControls\Warewolf.Studio.CustomControls.csproj]
C:\Program Files\dotnet\sdk\10.0.201\Microsoft.Common.CurrentVersion.targets(2451,5): warning MSB3277:         C:\Users\ultra\.nuget\packages\prism.wpf\9.0.537\lib\net462\Prism.Wpf.dll [C:\Users\ultra\warewolf\Dev\Warewolf.Studio.CustomControls\Warewolf.Studio.CustomControls.csproj]
C:\Program Files\dotnet\sdk\10.0.201\Microsoft.Common.CurrentVersion.targets(2451,5): warning MSB3277:           Project file item includes which caused reference "C:\Users\ultra\.nuget\packages\prism.wpf\9.0.537\lib\net462\Prism.Wpf.dll". [C:\Users\ultra\warewolf\Dev\Warewolf.Studio.CustomControls\Warewolf.Studio.CustomControls.csproj]
C:\Program Files\dotnet\sdk\10.0.201\Microsoft.Common.CurrentVersion.targets(2451,5): warning MSB3277:             C:\Users\ultra\.nuget\packages\prism.wpf\9.0.537\lib\net462\Prism.Wpf.dll [C:\Users\ultra\warewolf\Dev\Warewolf.Studio.CustomControls\Warewolf.Studio.CustomControls.csproj]
C:\Program Files\dotnet\sdk\10.0.201\Microsoft.Common.CurrentVersion.targets(2451,5): warning MSB3277:         C:\Users\ultra\.nuget\packages\reactiveui.wpf\18.4.1\lib\net462\ReactiveUI.Wpf.dll [C:\Users\ultra\warewolf\Dev\Warewolf.Studio.CustomControls\Warewolf.Studio.CustomControls.csproj]
C:\Program Files\dotnet\sdk\10.0.201\Microsoft.Common.CurrentVersion.targets(2451,5): warning MSB3277:           Project file item includes which caused reference "C:\Users\ultra\.nuget\packages\reactiveui.wpf\18.4.1\lib\net462\ReactiveUI.Wpf.dll". [C:\Users\ultra\warewolf\Dev\Warewolf.Studio.CustomControls\Warewolf.Studio.CustomControls.csproj]
C:\Program Files\dotnet\sdk\10.0.201\Microsoft.Common.CurrentVersion.targets(2451,5): warning MSB3277:             C:\Users\ultra\.nuget\packages\reactiveui.wpf\18.4.1\lib\net462\ReactiveUI.Wpf.dll [C:\Users\ultra\warewolf\Dev\Warewolf.Studio.CustomControls\Warewolf.Studio.CustomControls.csproj]
C:\Program Files\dotnet\sdk\10.0.201\Microsoft.Common.CurrentVersion.targets(2451,5): warning MSB3277:         C:\Users\ultra\warewolf\Dev\Binaries\Infragistcs_Net6\InfragisticsWPF4.Controls.Menus.XamMenu.v15.1.dll [C:\Users\ultra\warewolf\Dev\Warewolf.Studio.CustomControls\Warewolf.Studio.CustomControls.csproj]
C:\Program Files\dotnet\sdk\10.0.201\Microsoft.Common.CurrentVersion.targets(2451,5): warning MSB3277:           Project file item includes which caused reference "C:\Users\ultra\warewolf\Dev\Binaries\Infragistcs_Net6\InfragisticsWPF4.Controls.Menus.XamMenu.v15.1.dll". [C:\Users\ultra\warewolf\Dev\Warewolf.Studio.CustomControls\Warewolf.Studio.CustomControls.csproj]
C:\Program Files\dotnet\sdk\10.0.201\Microsoft.Common.CurrentVersion.targets(2451,5): warning MSB3277:             InfragisticsWPF4.Controls.Grids.XamGrid.v15.1 [C:\Users\ultra\warewolf\Dev\Warewolf.Studio.CustomControls\Warewolf.Studio.CustomControls.csproj]
C:\Program Files\dotnet\sdk\10.0.201\Microsoft.Common.CurrentVersion.targets(2451,5): warning MSB3277:         C:\Users\ultra\warewolf\Dev\Binaries\Infragistcs_Net6\InfragisticsWPF4.Editors.v15.1.dll [C:\Users\ultra\warewolf\Dev\Warewolf.Studio.CustomControls\Warewolf.Studio.CustomControls.csproj]
C:\Program Files\dotnet\sdk\10.0.201\Microsoft.Common.CurrentVersion.targets(2451,5): warning MSB3277:           Project file item includes which caused reference "C:\Users\ultra\warewolf\Dev\Binaries\Infragistcs_Net6\InfragisticsWPF4.Editors.v15.1.dll". [C:\Users\ultra\warewolf\Dev\Warewolf.Studio.CustomControls\Warewolf.Studio.CustomControls.csproj]
C:\Program Files\dotnet\sdk\10.0.201\Microsoft.Common.CurrentVersion.targets(2451,5): warning MSB3277:             InfragisticsWPF4.DataPresenter.v15.1 [C:\Users\ultra\warewolf\Dev\Warewolf.Studio.CustomControls\Warewolf.Studio.CustomControls.csproj]
C:\Program Files\dotnet\sdk\10.0.201\Microsoft.Common.CurrentVersion.targets(2451,5): warning MSB3277: Found conflicts between different versions of "System.Windows.Extensions" that could not be resolved. [C:\Users\ultra\warewolf\Dev\Warewolf.Studio.CustomControls\Warewolf.Studio.CustomControls.csproj]
C:\Program Files\dotnet\sdk\10.0.201\Microsoft.Common.CurrentVersion.targets(2451,5): warning MSB3277: There was a conflict between "System.Windows.Extensions, Version=6.0.0.0, Culture=neutral, PublicKeyToken=cc7b13ffcd2ddd51" and "System.Windows.Extensions, Version=7.0.0.0, Culture=neutral, PublicKeyToken=cc7b13ffcd2ddd51". [C:\Users\ultra\warewolf\Dev\Warewolf.Studio.CustomControls\Warewolf.Studio.CustomControls.csproj]
C:\Program Files\dotnet\sdk\10.0.201\Microsoft.Common.CurrentVersion.targets(2451,5): warning MSB3277:     "System.Windows.Extensions, Version=6.0.0.0, Culture=neutral, PublicKeyToken=cc7b13ffcd2ddd51" was chosen because it was primary and "System.Windows.Extensions, Version=7.0.0.0, Culture=neutral, PublicKeyToken=cc7b13ffcd2ddd51" was not. [C:\Users\ultra\warewolf\Dev\Warewolf.Studio.CustomControls\Warewolf.Studio.CustomControls.csproj]
C:\Program Files\dotnet\sdk\10.0.201\Microsoft.Common.CurrentVersion.targets(2451,5): warning MSB3277:     References which depend on "System.Windows.Extensions, Version=6.0.0.0, Culture=neutral, PublicKeyToken=cc7b13ffcd2ddd51" [C:\Users\ultra\.nuget\packages\system.windows.extensions\6.0.0\lib\net6.0\System.Windows.Extensions.dll]. [C:\Users\ultra\warewolf\Dev\Warewolf.Studio.CustomControls\Warewolf.Studio.CustomControls.csproj]
C:\Program Files\dotnet\sdk\10.0.201\Microsoft.Common.CurrentVersion.targets(2451,5): warning MSB3277:         C:\Users\ultra\.nuget\packages\system.windows.extensions\6.0.0\lib\net6.0\System.Windows.Extensions.dll [C:\Users\ultra\warewolf\Dev\Warewolf.Studio.CustomControls\Warewolf.Studio.CustomControls.csproj]
C:\Program Files\dotnet\sdk\10.0.201\Microsoft.Common.CurrentVersion.targets(2451,5): warning MSB3277:           Project file item includes which caused reference "C:\Users\ultra\.nuget\packages\system.windows.extensions\6.0.0\lib\net6.0\System.Windows.Extensions.dll". [C:\Users\ultra\warewolf\Dev\Warewolf.Studio.CustomControls\Warewolf.Studio.CustomControls.csproj]
C:\Program Files\dotnet\sdk\10.0.201\Microsoft.Common.CurrentVersion.targets(2451,5): warning MSB3277:             C:\Users\ultra\.nuget\packages\system.windows.extensions\6.0.0\lib\net6.0\System.Windows.Extensions.dll [C:\Users\ultra\warewolf\Dev\Warewolf.Studio.CustomControls\Warewolf.Studio.CustomControls.csproj]
C:\Program Files\dotnet\sdk\10.0.201\Microsoft.Common.CurrentVersion.targets(2451,5): warning MSB3277:     References which depend on or have been unified to "System.Windows.Extensions, Version=7.0.0.0, Culture=neutral, PublicKeyToken=cc7b13ffcd2ddd51" []. [C:\Users\ultra\warewolf\Dev\Warewolf.Studio.CustomControls\Warewolf.Studio.CustomControls.csproj]
C:\Program Files\dotnet\sdk\10.0.201\Microsoft.Common.CurrentVersion.targets(2451,5): warning MSB3277:         C:\Users\ultra\.nuget\packages\extended.wpf.toolkit\4.4.0\lib\net5.0\Xceed.Wpf.Toolkit.NET5.dll [C:\Users\ultra\warewolf\Dev\Warewolf.Studio.CustomControls\Warewolf.Studio.CustomControls.csproj]
C:\Program Files\dotnet\sdk\10.0.201\Microsoft.Common.CurrentVersion.targets(2451,5): warning MSB3277:           Project file item includes which caused reference "C:\Users\ultra\.nuget\packages\extended.wpf.toolkit\4.4.0\lib\net5.0\Xceed.Wpf.Toolkit.NET5.dll". [C:\Users\ultra\warewolf\Dev\Warewolf.Studio.CustomControls\Warewolf.Studio.CustomControls.csproj]
C:\Program Files\dotnet\sdk\10.0.201\Microsoft.Common.CurrentVersion.targets(2451,5): warning MSB3277:             C:\Users\ultra\.nuget\packages\extended.wpf.toolkit\4.4.0\lib\net5.0\Xceed.Wpf.Toolkit.NET5.dll [C:\Users\ultra\warewolf\Dev\Warewolf.Studio.CustomControls\Warewolf.Studio.CustomControls.csproj]
C:\Program Files\dotnet\sdk\10.0.201\Microsoft.Common.CurrentVersion.targets(2451,5): warning MSB3277:         C:\Users\ultra\.nuget\packages\system.security.permissions\6.0.0\lib\net6.0\System.Security.Permissions.dll [C:\Users\ultra\warewolf\Dev\Warewolf.Studio.CustomControls\Warewolf.Studio.CustomControls.csproj]
C:\Program Files\dotnet\sdk\10.0.201\Microsoft.Common.CurrentVersion.targets(2451,5): warning MSB3277:           Project file item includes which caused reference "C:\Users\ultra\.nuget\packages\system.security.permissions\6.0.0\lib\net6.0\System.Security.Permissions.dll". [C:\Users\ultra\warewolf\Dev\Warewolf.Studio.CustomControls\Warewolf.Studio.CustomControls.csproj]
C:\Program Files\dotnet\sdk\10.0.201\Microsoft.Common.CurrentVersion.targets(2451,5): warning MSB3277:             C:\Users\ultra\.nuget\packages\system.security.permissions\6.0.0\lib\net6.0\System.Security.Permissions.dll [C:\Users\ultra\warewolf\Dev\Warewolf.Studio.CustomControls\Warewolf.Studio.CustomControls.csproj]
C:\Program Files\dotnet\sdk\10.0.201\Microsoft.Common.CurrentVersion.targets(2451,5): warning MSB3277:         C:\Program Files\dotnet\packs\Microsoft.NETCore.App.Ref\8.0.25\ref\net8.0\System.Security.dll [C:\Users\ultra\warewolf\Dev\Warewolf.Studio.CustomControls\Warewolf.Studio.CustomControls.csproj]
C:\Program Files\dotnet\sdk\10.0.201\Microsoft.Common.CurrentVersion.targets(2451,5): warning MSB3277:           Project file item includes which caused reference "C:\Program Files\dotnet\packs\Microsoft.NETCore.App.Ref\8.0.25\ref\net8.0\System.Security.dll". [C:\Users\ultra\warewolf\Dev\Warewolf.Studio.CustomControls\Warewolf.Studio.CustomControls.csproj]
C:\Program Files\dotnet\sdk\10.0.201\Microsoft.Common.CurrentVersion.targets(2451,5): warning MSB3277:             C:\Program Files\dotnet\packs\Microsoft.NETCore.App.Ref\8.0.25\ref/net8.0/System.Security.dll [C:\Users\ultra\warewolf\Dev\Warewolf.Studio.CustomControls\Warewolf.Studio.CustomControls.csproj]
C:\Program Files\dotnet\sdk\10.0.201\Microsoft.Common.CurrentVersion.targets(2451,5): warning MSB3277:         C:\Program Files\dotnet\packs\Microsoft.NETCore.App.Ref\8.0.25\ref\net8.0\System.dll [C:\Users\ultra\warewolf\Dev\Warewolf.Studio.CustomControls\Warewolf.Studio.CustomControls.csproj]
C:\Program Files\dotnet\sdk\10.0.201\Microsoft.Common.CurrentVersion.targets(2451,5): warning MSB3277:           Project file item includes which caused reference "C:\Program Files\dotnet\packs\Microsoft.NETCore.App.Ref\8.0.25\ref\net8.0\System.dll". [C:\Users\ultra\warewolf\Dev\Warewolf.Studio.CustomControls\Warewolf.Studio.CustomControls.csproj]
C:\Program Files\dotnet\sdk\10.0.201\Microsoft.Common.CurrentVersion.targets(2451,5): warning MSB3277:             C:\Program Files\dotnet\packs\Microsoft.NETCore.App.Ref\8.0.25\ref/net8.0/System.dll [C:\Users\ultra\warewolf\Dev\Warewolf.Studio.CustomControls\Warewolf.Studio.CustomControls.csproj]
C:\Program Files\dotnet\sdk\10.0.201\Microsoft.Common.CurrentVersion.targets(2451,5): warning MSB3277:             C:\Users\ultra\.nuget\packages\aerowizard\2.3.1\lib\net45\AeroWizard.dll [C:\Users\ultra\warewolf\Dev\Warewolf.Studio.CustomControls\Warewolf.Studio.CustomControls.csproj]
C:\Program Files\dotnet\sdk\10.0.201\Microsoft.Common.CurrentVersion.targets(2451,5): warning MSB3277:             C:\Users\ultra\.nuget\packages\groupcontrols\1.9.0\lib\net45\GroupControls.dll [C:\Users\ultra\warewolf\Dev\Warewolf.Studio.CustomControls\Warewolf.Studio.CustomControls.csproj]
C:\Program Files\dotnet\sdk\10.0.201\Microsoft.Common.CurrentVersion.targets(2451,5): warning MSB3277:             C:\Users\ultra\.nuget\packages\microsoft.xaml.behaviors.wpf\1.1.122\lib\net462\Microsoft.Xaml.Behaviors.dll [C:\Users\ultra\warewolf\Dev\Warewolf.Studio.CustomControls\Warewolf.Studio.CustomControls.csproj]
C:\Program Files\dotnet\sdk\10.0.201\Microsoft.Common.CurrentVersion.targets(2451,5): warning MSB3277:             C:\Users\ultra\.nuget\packages\caliburn.micro\4.0.212\lib\netcoreapp3.1\Caliburn.Micro.Platform.dll [C:\Users\ultra\warewolf\Dev\Warewolf.Studio.CustomControls\Warewolf.Studio.CustomControls.csproj]
C:\Program Files\dotnet\sdk\10.0.201\Microsoft.Common.CurrentVersion.targets(2451,5): warning MSB3277:             C:\Users\ultra\.nuget\packages\prism.wpf\9.0.537\lib\net462\Prism.Wpf.dll [C:\Users\ultra\warewolf\Dev\Warewolf.Studio.CustomControls\Warewolf.Studio.CustomControls.csproj]
C:\Program Files\dotnet\sdk\10.0.201\Microsoft.Common.CurrentVersion.targets(2451,5): warning MSB3277:             C:\Users\ultra\.nuget\packages\reactiveui.wpf\18.4.1\lib\net462\ReactiveUI.Wpf.dll [C:\Users\ultra\warewolf\Dev\Warewolf.Studio.CustomControls\Warewolf.Studio.CustomControls.csproj]
C:\Program Files\dotnet\sdk\10.0.201\Microsoft.Common.CurrentVersion.targets(2451,5): warning MSB3277:             C:\Users\ultra\.nuget\packages\taskschedulereditor\2.10.1\lib\net452\Microsoft.Win32.TaskSchedulerEditor.dll [C:\Users\ultra\warewolf\Dev\Warewolf.Studio.CustomControls\Warewolf.Studio.CustomControls.csproj]
C:\Program Files\dotnet\sdk\10.0.201\Microsoft.Common.CurrentVersion.targets(2451,5): warning MSB3277:             C:\Users\ultra\.nuget\packages\ttcue.netcore.sharepointonline.csom.16.1.8029.1200\16.1.8029.1200\lib\netcoreapp2.0\Microsoft.SharePoint.Client.Runtime.Windows.dll [C:\Users\ultra\warewolf\Dev\Warewolf.Studio.CustomControls\Warewolf.Studio.CustomControls.csproj]
C:\Program Files\dotnet\sdk\10.0.201\Microsoft.Common.CurrentVersion.targets(2451,5): warning MSB3277:         C:\Users\ultra\warewolf\Dev\Binaries\Infragistcs_Net6\InfragisticsWPF4.Editors.v15.1.dll [C:\Users\ultra\warewolf\Dev\Warewolf.Studio.CustomControls\Warewolf.Studio.CustomControls.csproj]
C:\Program Files\dotnet\sdk\10.0.201\Microsoft.Common.CurrentVersion.targets(2451,5): warning MSB3277:           Project file item includes which caused reference "C:\Users\ultra\warewolf\Dev\Binaries\Infragistcs_Net6\InfragisticsWPF4.Editors.v15.1.dll". [C:\Users\ultra\warewolf\Dev\Warewolf.Studio.CustomControls\Warewolf.Studio.CustomControls.csproj]
C:\Program Files\dotnet\sdk\10.0.201\Microsoft.Common.CurrentVersion.targets(2451,5): warning MSB3277:             InfragisticsWPF4.DataPresenter.v15.1 [C:\Users\ultra\warewolf\Dev\Warewolf.Studio.CustomControls\Warewolf.Studio.CustomControls.csproj]
  Warewolf.Logger -> C:\Users\ultra\warewolf\Dev\Warewolf.Logger\bin\Debug\net8.0\linux-x64\WarewolfLogger.dll
  Warewolf.Logger -> C:\Users\ultra\warewolf\Dev\Warewolf.Logger\bin\Debug\net8.0\WarewolfLogger.dll
  Warewolf.UI -> C:\Users\ultra\warewolf\Dev\Warewolf.UI\bin\Debug\net8.0\Warewolf.UI.dll
C:\Users\ultra\warewolf\Dev\Warewolf.Studio.CustomControls\ScriptManager.cs(36,6): warning SYSLIB0003: 'PermissionSetAttribute' is obsolete: 'Code Access Security is not supported or honored by the runtime.' (https://aka.ms/dotnet-warnings/SYSLIB0003) [C:\Users\ultra\warewolf\Dev\Warewolf.Studio.CustomControls\Warewolf.Studio.CustomControls.csproj]
C:\Users\ultra\warewolf\Dev\Warewolf.Studio.CustomControls\ScriptManager.cs(36,20): warning SYSLIB0003: 'SecurityAction' is obsolete: 'Code Access Security is not supported or honored by the runtime.' (https://aka.ms/dotnet-warnings/SYSLIB0003) [C:\Users\ultra\warewolf\Dev\Warewolf.Studio.CustomControls\Warewolf.Studio.CustomControls.csproj]
C:\Users\ultra\warewolf\Dev\Warewolf.Studio.CustomControls\ScriptManager.cs(53,48): warning SYSLIB0044: 'AssemblyName.CodeBase' is obsolete: 'AssemblyName.CodeBase and AssemblyName.EscapedCodeBase are obsolete. Using them for loading an assembly is not supported.' (https://aka.ms/dotnet-warnings/SYSLIB0044) [C:\Users\ultra\warewolf\Dev\Warewolf.Studio.CustomControls\Warewolf.Studio.CustomControls.csproj]
C:\Users\ultra\warewolf\Dev\Warewolf.Studio.CustomControls\ScriptManager.cs(153,33): warning CC0022: ManagementObjectSearcher should be disposed. (https://code-cracker.github.io/diagnostics/CC0022.html) [C:\Users\ultra\warewolf\Dev\Warewolf.Studio.CustomControls\Warewolf.Studio.CustomControls.csproj]
C:\Users\ultra\warewolf\Dev\Warewolf.Studio.CustomControls\ScriptManager.cs(155,40): warning CA1416: This call site is reachable on all platforms. 'ManagementBaseObject.this[string]' is only supported on: 'windows'. (https://learn.microsoft.com/dotnet/fundamentals/code-analysis/quality-rules/ca1416) [C:\Users\ultra\warewolf\Dev\Warewolf.Studio.CustomControls\Warewolf.Studio.CustomControls.csproj]
C:\Users\ultra\warewolf\Dev\Warewolf.Studio.CustomControls\ScriptManager.cs(153,33): warning CA1416: This call site is reachable on all platforms. 'ManagementObjectSearcher' is only supported on: 'windows'. (https://learn.microsoft.com/dotnet/fundamentals/code-analysis/quality-rules/ca1416) [C:\Users\ultra\warewolf\Dev\Warewolf.Studio.CustomControls\Warewolf.Studio.CustomControls.csproj]
C:\Users\ultra\warewolf\Dev\Warewolf.Studio.CustomControls\ScriptManager.cs(153,33): warning CA1416: This call site is reachable on all platforms. 'ManagementObjectSearcher.Get()' is only supported on: 'windows'. (https://learn.microsoft.com/dotnet/fundamentals/code-analysis/quality-rules/ca1416) [C:\Users\ultra\warewolf\Dev\Warewolf.Studio.CustomControls\Warewolf.Studio.CustomControls.csproj]
C:\Program Files\dotnet\sdk\10.0.201\Microsoft.Common.CurrentVersion.targets(2451,5): warning MSB3277: Found conflicts between different versions of "WindowsBase" that could not be resolved. [C:\Users\ultra\warewolf\Dev\Warewolf.MergeParser.Tests\Warewolf.MergeParser.Tests.csproj]
C:\Program Files\dotnet\sdk\10.0.201\Microsoft.Common.CurrentVersion.targets(2451,5): warning MSB3277: There was a conflict between "WindowsBase, Version=4.0.0.0, Culture=neutral, PublicKeyToken=31bf3856ad364e35" and "WindowsBase, Version=6.0.2.0, Culture=neutral, PublicKeyToken=31bf3856ad364e35". [C:\Users\ultra\warewolf\Dev\Warewolf.MergeParser.Tests\Warewolf.MergeParser.Tests.csproj]
C:\Program Files\dotnet\sdk\10.0.201\Microsoft.Common.CurrentVersion.targets(2451,5): warning MSB3277:     "WindowsBase, Version=4.0.0.0, Culture=neutral, PublicKeyToken=31bf3856ad364e35" was chosen because it was primary and "WindowsBase, Version=6.0.2.0, Culture=neutral, PublicKeyToken=31bf3856ad364e35" was not. [C:\Users\ultra\warewolf\Dev\Warewolf.MergeParser.Tests\Warewolf.MergeParser.Tests.csproj]
C:\Program Files\dotnet\sdk\10.0.201\Microsoft.Common.CurrentVersion.targets(2451,5): warning MSB3277:     References which depend on "WindowsBase, Version=4.0.0.0, Culture=neutral, PublicKeyToken=31bf3856ad364e35" [C:\Program Files\dotnet\packs\Microsoft.NETCore.App.Ref\8.0.25\ref\net8.0\WindowsBase.dll]. [C:\Users\ultra\warewolf\Dev\Warewolf.MergeParser.Tests\Warewolf.MergeParser.Tests.csproj]
C:\Program Files\dotnet\sdk\10.0.201\Microsoft.Common.CurrentVersion.targets(2451,5): warning MSB3277:         C:\Program Files\dotnet\packs\Microsoft.NETCore.App.Ref\8.0.25\ref\net8.0\WindowsBase.dll [C:\Users\ultra\warewolf\Dev\Warewolf.MergeParser.Tests\Warewolf.MergeParser.Tests.csproj]
C:\Program Files\dotnet\sdk\10.0.201\Microsoft.Common.CurrentVersion.targets(2451,5): warning MSB3277:           Project file item includes which caused reference "C:\Program Files\dotnet\packs\Microsoft.NETCore.App.Ref\8.0.25\ref\net8.0\WindowsBase.dll". [C:\Users\ultra\warewolf\Dev\Warewolf.MergeParser.Tests\Warewolf.MergeParser.Tests.csproj]
C:\Program Files\dotnet\sdk\10.0.201\Microsoft.Common.CurrentVersion.targets(2451,5): warning MSB3277:             C:\Program Files\dotnet\packs\Microsoft.NETCore.App.Ref\8.0.25\ref/net8.0/WindowsBase.dll [C:\Users\ultra\warewolf\Dev\Warewolf.MergeParser.Tests\Warewolf.MergeParser.Tests.csproj]
C:\Program Files\dotnet\sdk\10.0.201\Microsoft.Common.CurrentVersion.targets(2451,5): warning MSB3277:     References which depend on or have been unified to "WindowsBase, Version=6.0.2.0, Culture=neutral, PublicKeyToken=31bf3856ad364e35" []. [C:\Users\ultra\warewolf\Dev\Warewolf.MergeParser.Tests\Warewolf.MergeParser.Tests.csproj]
C:\Program Files\dotnet\sdk\10.0.201\Microsoft.Common.CurrentVersion.targets(2451,5): warning MSB3277:         C:\Users\ultra\.nuget\packages\caliburn.micro\4.0.212\lib\netcoreapp3.1\Caliburn.Micro.Platform.dll [C:\Users\ultra\warewolf\Dev\Warewolf.MergeParser.Tests\Warewolf.MergeParser.Tests.csproj]
C:\Program Files\dotnet\sdk\10.0.201\Microsoft.Common.CurrentVersion.targets(2451,5): warning MSB3277:           Project file item includes which caused reference "C:\Users\ultra\.nuget\packages\caliburn.micro\4.0.212\lib\netcoreapp3.1\Caliburn.Micro.Platform.dll". [C:\Users\ultra\warewolf\Dev\Warewolf.MergeParser.Tests\Warewolf.MergeParser.Tests.csproj]
C:\Program Files\dotnet\sdk\10.0.201\Microsoft.Common.CurrentVersion.targets(2451,5): warning MSB3277:             C:\Users\ultra\.nuget\packages\caliburn.micro\4.0.212\lib\netcoreapp3.1\Caliburn.Micro.Platform.dll [C:\Users\ultra\warewolf\Dev\Warewolf.MergeParser.Tests\Warewolf.MergeParser.Tests.csproj]
C:\Program Files\dotnet\sdk\10.0.201\Microsoft.Common.CurrentVersion.targets(2451,5): warning MSB3277:         C:\Users\ultra\.nuget\packages\ironpython\3.4.0\lib\net6.0\IronPython.Wpf.dll [C:\Users\ultra\warewolf\Dev\Warewolf.MergeParser.Tests\Warewolf.MergeParser.Tests.csproj]
C:\Program Files\dotnet\sdk\10.0.201\Microsoft.Common.CurrentVersion.targets(2451,5): warning MSB3277:           Project file item includes which caused reference "C:\Users\ultra\.nuget\packages\ironpython\3.4.0\lib\net6.0\IronPython.Wpf.dll". [C:\Users\ultra\warewolf\Dev\Warewolf.MergeParser.Tests\Warewolf.MergeParser.Tests.csproj]
C:\Program Files\dotnet\sdk\10.0.201\Microsoft.Common.CurrentVersion.targets(2451,5): warning MSB3277:             C:\Users\ultra\.nuget\packages\ironpython\3.4.0\lib\net6.0\IronPython.Wpf.dll [C:\Users\ultra\warewolf\Dev\Warewolf.MergeParser.Tests\Warewolf.MergeParser.Tests.csproj]
C:\Program Files\dotnet\sdk\10.0.201\Microsoft.Common.CurrentVersion.targets(2451,5): warning MSB3277:         C:\Users\ultra\.nuget\packages\microsoft.xaml.behaviors.wpf\1.1.122\lib\net462\Microsoft.Xaml.Behaviors.dll [C:\Users\ultra\warewolf\Dev\Warewolf.MergeParser.Tests\Warewolf.MergeParser.Tests.csproj]
C:\Program Files\dotnet\sdk\10.0.201\Microsoft.Common.CurrentVersion.targets(2451,5): warning MSB3277:           Project file item includes which caused reference "C:\Users\ultra\.nuget\packages\microsoft.xaml.behaviors.wpf\1.1.122\lib\net462\Microsoft.Xaml.Behaviors.dll". [C:\Users\ultra\warewolf\Dev\Warewolf.MergeParser.Tests\Warewolf.MergeParser.Tests.csproj]
C:\Program Files\dotnet\sdk\10.0.201\Microsoft.Common.CurrentVersion.targets(2451,5): warning MSB3277:             C:\Users\ultra\.nuget\packages\microsoft.xaml.behaviors.wpf\1.1.122\lib\net462\Microsoft.Xaml.Behaviors.dll [C:\Users\ultra\warewolf\Dev\Warewolf.MergeParser.Tests\Warewolf.MergeParser.Tests.csproj]
C:\Program Files\dotnet\sdk\10.0.201\Microsoft.Common.CurrentVersion.targets(2451,5): warning MSB3277:             C:\Users\ultra\.nuget\packages\caliburn.micro\4.0.212\lib\netcoreapp3.1\Caliburn.Micro.Platform.dll [C:\Users\ultra\warewolf\Dev\Warewolf.MergeParser.Tests\Warewolf.MergeParser.Tests.csproj]
C:\Program Files\dotnet\sdk\10.0.201\Microsoft.Common.CurrentVersion.targets(2451,5): warning MSB3277:             C:\Users\ultra\.nuget\packages\prism.wpf\9.0.537\lib\net462\Prism.Wpf.dll [C:\Users\ultra\warewolf\Dev\Warewolf.MergeParser.Tests\Warewolf.MergeParser.Tests.csproj]
C:\Program Files\dotnet\sdk\10.0.201\Microsoft.Common.CurrentVersion.targets(2451,5): warning MSB3277:         C:\Users\ultra\.nuget\packages\prism.wpf\9.0.537\lib\net462\Prism.Wpf.dll [C:\Users\ultra\warewolf\Dev\Warewolf.MergeParser.Tests\Warewolf.MergeParser.Tests.csproj]
C:\Program Files\dotnet\sdk\10.0.201\Microsoft.Common.CurrentVersion.targets(2451,5): warning MSB3277:           Project file item includes which caused reference "C:\Users\ultra\.nuget\packages\prism.wpf\9.0.537\lib\net462\Prism.Wpf.dll". [C:\Users\ultra\warewolf\Dev\Warewolf.MergeParser.Tests\Warewolf.MergeParser.Tests.csproj]
C:\Program Files\dotnet\sdk\10.0.201\Microsoft.Common.CurrentVersion.targets(2451,5): warning MSB3277:             C:\Users\ultra\.nuget\packages\prism.wpf\9.0.537\lib\net462\Prism.Wpf.dll [C:\Users\ultra\warewolf\Dev\Warewolf.MergeParser.Tests\Warewolf.MergeParser.Tests.csproj]
C:\Program Files\dotnet\sdk\10.0.201\Microsoft.Common.CurrentVersion.targets(2451,5): warning MSB3277:         C:\Users\ultra\.nuget\packages\reactiveui.wpf\18.4.1\lib\net462\ReactiveUI.Wpf.dll [C:\Users\ultra\warewolf\Dev\Warewolf.MergeParser.Tests\Warewolf.MergeParser.Tests.csproj]
C:\Program Files\dotnet\sdk\10.0.201\Microsoft.Common.CurrentVersion.targets(2451,5): warning MSB3277:           Project file item includes which caused reference "C:\Users\ultra\.nuget\packages\reactiveui.wpf\18.4.1\lib\net462\ReactiveUI.Wpf.dll". [C:\Users\ultra\warewolf\Dev\Warewolf.MergeParser.Tests\Warewolf.MergeParser.Tests.csproj]
C:\Program Files\dotnet\sdk\10.0.201\Microsoft.Common.CurrentVersion.targets(2451,5): warning MSB3277:             C:\Users\ultra\.nuget\packages\reactiveui.wpf\18.4.1\lib\net462\ReactiveUI.Wpf.dll [C:\Users\ultra\warewolf\Dev\Warewolf.MergeParser.Tests\Warewolf.MergeParser.Tests.csproj]
  Warewolf.Studio.CustomControls -> C:\Users\ultra\warewolf\Dev\Warewolf.Studio.CustomControls\bin\Debug\net8.0\Warewolf.Studio.CustomControls.dll
C:\Users\ultra\warewolf\Dev\Dev2.Runtime.WebServer\BasicAuthenticationHandler.cs(20,13): warning CS0618: 'ISystemClock' is obsolete: 'Use TimeProvider instead.' [C:\Users\ultra\warewolf\Dev\Dev2.Runtime.WebServer\Dev2.Runtime.WebServer.csproj]
C:\Users\ultra\warewolf\Dev\Dev2.Runtime.WebServer\AnonymousAuthenticationHandler.cs(15,9): warning CS0618: 'ISystemClock' is obsolete: 'Use TimeProvider instead.' [C:\Users\ultra\warewolf\Dev\Dev2.Runtime.WebServer\Dev2.Runtime.WebServer.csproj]
C:\Users\ultra\warewolf\Dev\Dev2.Runtime.WebServer\BasicAuthenticationHandler.cs(21,13): warning CS0618: 'AuthenticationHandler<AuthenticationSchemeOptions>.AuthenticationHandler(IOptionsMonitor<AuthenticationSchemeOptions>, ILoggerFactory, UrlEncoder, ISystemClock)' is obsolete: 'ISystemClock is obsolete, use TimeProvider on AuthenticationSchemeOptions instead.' [C:\Users\ultra\warewolf\Dev\Dev2.Runtime.WebServer\Dev2.Runtime.WebServer.csproj]
C:\Users\ultra\warewolf\Dev\Dev2.Runtime.WebServer\AnonymousAuthenticationHandler.cs(16,9): warning CS0618: 'AuthenticationHandler<AuthenticationSchemeOptions>.AuthenticationHandler(IOptionsMonitor<AuthenticationSchemeOptions>, ILoggerFactory, UrlEncoder, ISystemClock)' is obsolete: 'ISystemClock is obsolete, use TimeProvider on AuthenticationSchemeOptions instead.' [C:\Users\ultra\warewolf\Dev\Dev2.Runtime.WebServer\Dev2.Runtime.WebServer.csproj]
C:\Users\ultra\warewolf\Dev\Dev2.Runtime.WebServer\Executor\ExecutionDtoExtensions.cs(119,13): warning CC0105: Use 'var' instead of specifying the type name. (https://code-cracker.github.io/diagnostics/CC0105.html) [C:\Users\ultra\warewolf\Dev\Dev2.Runtime.WebServer\Dev2.Runtime.WebServer.csproj]
C:\Users\ultra\warewolf\Dev\Dev2.Runtime.WebServer\BasicAuthenticationHandler.cs(70,13): warning CC0003: Consider adding an Exception to the catch. (https://code-cracker.github.io/diagnostics/CC0003.html) [C:\Users\ultra\warewolf\Dev\Dev2.Runtime.WebServer\Dev2.Runtime.WebServer.csproj]
C:\Users\ultra\warewolf\Dev\Dev2.Runtime.WebServer\Handlers\GetLogFileServiceHandler.cs(129,21): warning CC0105: Use 'var' instead of specifying the type name. (https://code-cracker.github.io/diagnostics/CC0105.html) [C:\Users\ultra\warewolf\Dev\Dev2.Runtime.WebServer\Dev2.Runtime.WebServer.csproj]
C:\Users\ultra\warewolf\Dev\Dev2.Runtime.WebServer\ServiceTesting\ServiceTestModelJObjectResultBuilder.cs(101,13): warning CC0105: Use 'var' instead of specifying the type name. (https://code-cracker.github.io/diagnostics/CC0105.html) [C:\Users\ultra\warewolf\Dev\Dev2.Runtime.WebServer\Dev2.Runtime.WebServer.csproj]
C:\Users\ultra\warewolf\Dev\Dev2.Runtime.WebServer\ServiceTesting\ServiceTestCoverageModelHTMLResultBuilder.cs(138,13): warning CC0105: Use 'var' instead of specifying the type name. (https://code-cracker.github.io/diagnostics/CC0105.html) [C:\Users\ultra\warewolf\Dev\Dev2.Runtime.WebServer\Dev2.Runtime.WebServer.csproj]
C:\Users\ultra\warewolf\Dev\Dev2.Runtime.WebServer\ServiceTesting\ServiceTestCoverageModelHTMLResultBuilder.cs(139,13): warning CC0105: Use 'var' instead of specifying the type name. (https://code-cracker.github.io/diagnostics/CC0105.html) [C:\Users\ultra\warewolf\Dev\Dev2.Runtime.WebServer\Dev2.Runtime.WebServer.csproj]
  Dev2.Runtime.WebServer -> C:\Users\ultra\warewolf\Dev\Dev2.Runtime.WebServer\bin\Debug\net8.0\Dev2.Runtime.WebServer.dll
C:\Program Files\dotnet\sdk\10.0.201\Microsoft.Common.CurrentVersion.targets(2451,5): warning MSB3277: Found conflicts between different versions of "Microsoft.Win32.SystemEvents" that could not be resolved. [C:\Users\ultra\warewolf\Dev\Warewolf.Studio.Themes.Luna\Warewolf.Studio.Themes.Luna.csproj]
C:\Program Files\dotnet\sdk\10.0.201\Microsoft.Common.CurrentVersion.targets(2451,5): warning MSB3277: There was a conflict between "Microsoft.Win32.SystemEvents, Version=6.0.0.0, Culture=neutral, PublicKeyToken=cc7b13ffcd2ddd51" and "Microsoft.Win32.SystemEvents, Version=7.0.0.0, Culture=neutral, PublicKeyToken=cc7b13ffcd2ddd51". [C:\Users\ultra\warewolf\Dev\Warewolf.Studio.Themes.Luna\Warewolf.Studio.Themes.Luna.csproj]
C:\Program Files\dotnet\sdk\10.0.201\Microsoft.Common.CurrentVersion.targets(2451,5): warning MSB3277:     "Microsoft.Win32.SystemEvents, Version=6.0.0.0, Culture=neutral, PublicKeyToken=cc7b13ffcd2ddd51" was chosen because it was primary and "Microsoft.Win32.SystemEvents, Version=7.0.0.0, Culture=neutral, PublicKeyToken=cc7b13ffcd2ddd51" was not. [C:\Users\ultra\warewolf\Dev\Warewolf.Studio.Themes.Luna\Warewolf.Studio.Themes.Luna.csproj]
C:\Program Files\dotnet\sdk\10.0.201\Microsoft.Common.CurrentVersion.targets(2451,5): warning MSB3277:     References which depend on "Microsoft.Win32.SystemEvents, Version=6.0.0.0, Culture=neutral, PublicKeyToken=cc7b13ffcd2ddd51" [C:\Users\ultra\.nuget\packages\microsoft.win32.systemevents\6.0.0\lib\net6.0\Microsoft.Win32.SystemEvents.dll]. [C:\Users\ultra\warewolf\Dev\Warewolf.Studio.Themes.Luna\Warewolf.Studio.Themes.Luna.csproj]
C:\Program Files\dotnet\sdk\10.0.201\Microsoft.Common.CurrentVersion.targets(2451,5): warning MSB3277:         C:\Users\ultra\.nuget\packages\microsoft.win32.systemevents\6.0.0\lib\net6.0\Microsoft.Win32.SystemEvents.dll [C:\Users\ultra\warewolf\Dev\Warewolf.Studio.Themes.Luna\Warewolf.Studio.Themes.Luna.csproj]
C:\Program Files\dotnet\sdk\10.0.201\Microsoft.Common.CurrentVersion.targets(2451,5): warning MSB3277:           Project file item includes which caused reference "C:\Users\ultra\.nuget\packages\microsoft.win32.systemevents\6.0.0\lib\net6.0\Microsoft.Win32.SystemEvents.dll". [C:\Users\ultra\warewolf\Dev\Warewolf.Studio.Themes.Luna\Warewolf.Studio.Themes.Luna.csproj]
C:\Program Files\dotnet\sdk\10.0.201\Microsoft.Common.CurrentVersion.targets(2451,5): warning MSB3277:             C:\Users\ultra\.nuget\packages\microsoft.win32.systemevents\6.0.0\lib\net6.0\Microsoft.Win32.SystemEvents.dll [C:\Users\ultra\warewolf\Dev\Warewolf.Studio.Themes.Luna\Warewolf.Studio.Themes.Luna.csproj]
C:\Program Files\dotnet\sdk\10.0.201\Microsoft.Common.CurrentVersion.targets(2451,5): warning MSB3277:     References which depend on or have been unified to "Microsoft.Win32.SystemEvents, Version=7.0.0.0, Culture=neutral, PublicKeyToken=cc7b13ffcd2ddd51" []. [C:\Users\ultra\warewolf\Dev\Warewolf.Studio.Themes.Luna\Warewolf.Studio.Themes.Luna.csproj]
C:\Program Files\dotnet\sdk\10.0.201\Microsoft.Common.CurrentVersion.targets(2451,5): warning MSB3277:         C:\Users\ultra\warewolf\Dev\Dev2.Common\bin\Debug\net8.0\Dev2.Common.dll [C:\Users\ultra\warewolf\Dev\Warewolf.Studio.Themes.Luna\Warewolf.Studio.Themes.Luna.csproj]
C:\Program Files\dotnet\sdk\10.0.201\Microsoft.Common.CurrentVersion.targets(2451,5): warning MSB3277:           Project file item includes which caused reference "C:\Users\ultra\warewolf\Dev\Dev2.Common\bin\Debug\net8.0\Dev2.Common.dll". [C:\Users\ultra\warewolf\Dev\Warewolf.Studio.Themes.Luna\Warewolf.Studio.Themes.Luna.csproj]
C:\Program Files\dotnet\sdk\10.0.201\Microsoft.Common.CurrentVersion.targets(2451,5): warning MSB3277:             C:\Users\ultra\warewolf\Dev\Dev2.Common\bin\Debug\net8.0\Dev2.Common.dll [C:\Users\ultra\warewolf\Dev\Warewolf.Studio.Themes.Luna\Warewolf.Studio.Themes.Luna.csproj]
C:\Program Files\dotnet\sdk\10.0.201\Microsoft.Common.CurrentVersion.targets(2451,5): warning MSB3277:             C:\Users\ultra\warewolf\Dev\Dev2.Intellisense\bin\Debug\net8.0\Dev2.Intellisense.dll [C:\Users\ultra\warewolf\Dev\Warewolf.Studio.Themes.Luna\Warewolf.Studio.Themes.Luna.csproj]
C:\Program Files\dotnet\sdk\10.0.201\Microsoft.Common.CurrentVersion.targets(2451,5): warning MSB3277:             C:\Users\ultra\warewolf\Dev\Dev2.Studio.Core\bin\Debug\net8.0\Dev2.Studio.Core.dll [C:\Users\ultra\warewolf\Dev\Warewolf.Studio.Themes.Luna\Warewolf.Studio.Themes.Luna.csproj]
C:\Program Files\dotnet\sdk\10.0.201\Microsoft.Common.CurrentVersion.targets(2451,5): warning MSB3277:             C:\Users\ultra\warewolf\Dev\Dev2.Studio.Interfaces\bin\Debug\net8.0\Dev2.Studio.Interfaces.dll [C:\Users\ultra\warewolf\Dev\Warewolf.Studio.Themes.Luna\Warewolf.Studio.Themes.Luna.csproj]
C:\Program Files\dotnet\sdk\10.0.201\Microsoft.Common.CurrentVersion.targets(2451,5): warning MSB3277:             C:\Users\ultra\warewolf\Dev\Warewolf.Studio.Core\bin\Debug\net8.0\Warewolf.Studio.Core.dll [C:\Users\ultra\warewolf\Dev\Warewolf.Studio.Themes.Luna\Warewolf.Studio.Themes.Luna.csproj]
C:\Program Files\dotnet\sdk\10.0.201\Microsoft.Common.CurrentVersion.targets(2451,5): warning MSB3277:             C:\Users\ultra\warewolf\Dev\Warewolf.Studio.CustomControls\bin\Debug\net8.0\Warewolf.Studio.CustomControls.dll [C:\Users\ultra\warewolf\Dev\Warewolf.Studio.Themes.Luna\Warewolf.Studio.Themes.Luna.csproj]
C:\Program Files\dotnet\sdk\10.0.201\Microsoft.Common.CurrentVersion.targets(2451,5): warning MSB3277:             C:\Users\ultra\warewolf\Dev\Dev2.Activities\bin\Debug\net8.0\Dev2.Activities.dll [C:\Users\ultra\warewolf\Dev\Warewolf.Studio.Themes.Luna\Warewolf.Studio.Themes.Luna.csproj]
C:\Program Files\dotnet\sdk\10.0.201\Microsoft.Common.CurrentVersion.targets(2451,5): warning MSB3277:             C:\Users\ultra\warewolf\Dev\Dev2.Core\bin\Debug\net8.0\Dev2.Core.dll [C:\Users\ultra\warewolf\Dev\Warewolf.Studio.Themes.Luna\Warewolf.Studio.Themes.Luna.csproj]
C:\Program Files\dotnet\sdk\10.0.201\Microsoft.Common.CurrentVersion.targets(2451,5): warning MSB3277:             C:\Users\ultra\warewolf\Dev\Warewolf.UI\bin\Debug\net8.0\Warewolf.UI.dll [C:\Users\ultra\warewolf\Dev\Warewolf.Studio.Themes.Luna\Warewolf.Studio.Themes.Luna.csproj]
C:\Program Files\dotnet\sdk\10.0.201\Microsoft.Common.CurrentVersion.targets(2451,5): warning MSB3277:             C:\Users\ultra\warewolf\Dev\Dev2.Data\bin\Debug\net8.0\Dev2.Data.dll [C:\Users\ultra\warewolf\Dev\Warewolf.Studio.Themes.Luna\Warewolf.Studio.Themes.Luna.csproj]
C:\Program Files\dotnet\sdk\10.0.201\Microsoft.Common.CurrentVersion.targets(2451,5): warning MSB3277:             C:\Users\ultra\warewolf\Dev\Dev2.Development.Languages\bin\Debug\net8.0\Dev2.Development.Languages.dll [C:\Users\ultra\warewolf\Dev\Warewolf.Studio.Themes.Luna\Warewolf.Studio.Themes.Luna.csproj]
C:\Program Files\dotnet\sdk\10.0.201\Microsoft.Common.CurrentVersion.targets(2451,5): warning MSB3277:             C:\Users\ultra\warewolf\Dev\Dev2.Diagnostics\bin\Debug\net8.0\Dev2.Diagnostics.dll [C:\Users\ultra\warewolf\Dev\Warewolf.Studio.Themes.Luna\Warewolf.Studio.Themes.Luna.csproj]
C:\Program Files\dotnet\sdk\10.0.201\Microsoft.Common.CurrentVersion.targets(2451,5): warning MSB3277:             C:\Users\ultra\warewolf\Dev\Dev2.Infrastructure\bin\Debug\net8.0\Dev2.Infrastructure.dll [C:\Users\ultra\warewolf\Dev\Warewolf.Studio.Themes.Luna\Warewolf.Studio.Themes.Luna.csproj]
C:\Program Files\dotnet\sdk\10.0.201\Microsoft.Common.CurrentVersion.targets(2451,5): warning MSB3277:             C:\Users\ultra\warewolf\Dev\Dev2.Runtime.Services\bin\Debug\net8.0\Dev2.Runtime.Services.dll [C:\Users\ultra\warewolf\Dev\Warewolf.Studio.Themes.Luna\Warewolf.Studio.Themes.Luna.csproj]
C:\Program Files\dotnet\sdk\10.0.201\Microsoft.Common.CurrentVersion.targets(2451,5): warning MSB3277:             C:\Users\ultra\warewolf\Dev\Dev2.Scheduler\bin\Debug\net8.0\Dev2.Scheduler.dll [C:\Users\ultra\warewolf\Dev\Warewolf.Studio.Themes.Luna\Warewolf.Studio.Themes.Luna.csproj]
C:\Program Files\dotnet\sdk\10.0.201\Microsoft.Common.CurrentVersion.targets(2451,5): warning MSB3277:             C:\Users\ultra\warewolf\Dev\Dev2.Services.Execution\bin\Debug\net8.0\Dev2.Services.Execution.dll [C:\Users\ultra\warewolf\Dev\Warewolf.Studio.Themes.Luna\Warewolf.Studio.Themes.Luna.csproj]
C:\Program Files\dotnet\sdk\10.0.201\Microsoft.Common.CurrentVersion.targets(2451,5): warning MSB3277:             C:\Users\ultra\warewolf\Dev\Dev2.Services.Sql\bin\Debug\net8.0\Dev2.Services.Sql.dll [C:\Users\ultra\warewolf\Dev\Warewolf.Studio.Themes.Luna\Warewolf.Studio.Themes.Luna.csproj]
C:\Program Files\dotnet\sdk\10.0.201\Microsoft.Common.CurrentVersion.targets(2451,5): warning MSB3277:             C:\Users\ultra\warewolf\Dev\Dev2.TaskScheduler.Wrappers\bin\Debug\net8.0\Dev2.TaskScheduler.Wrappers.dll [C:\Users\ultra\warewolf\Dev\Warewolf.Studio.Themes.Luna\Warewolf.Studio.Themes.Luna.csproj]
C:\Program Files\dotnet\sdk\10.0.201\Microsoft.Common.CurrentVersion.targets(2451,5): warning MSB3277:             C:\Users\ultra\warewolf\Dev\Dev2.Util\bin\Debug\net8.0\Dev2.Util.dll [C:\Users\ultra\warewolf\Dev\Warewolf.Studio.Themes.Luna\Warewolf.Studio.Themes.Luna.csproj]
C:\Program Files\dotnet\sdk\10.0.201\Microsoft.Common.CurrentVersion.targets(2451,5): warning MSB3277:             C:\Users\ultra\warewolf\Dev\Warewolf.AI.Harness\bin\Debug\net8.0\Warewolf.AI.Harness.dll [C:\Users\ultra\warewolf\Dev\Warewolf.Studio.Themes.Luna\Warewolf.Studio.Themes.Luna.csproj]
C:\Program Files\dotnet\sdk\10.0.201\Microsoft.Common.CurrentVersion.targets(2451,5): warning MSB3277:             C:\Users\ultra\warewolf\Dev\Warewolf.Auditing\bin\Debug\net8.0\Warewolf.Auditing.dll [C:\Users\ultra\warewolf\Dev\Warewolf.Studio.Themes.Luna\Warewolf.Studio.Themes.Luna.csproj]
C:\Program Files\dotnet\sdk\10.0.201\Microsoft.Common.CurrentVersion.targets(2451,5): warning MSB3277:             C:\Users\ultra\warewolf\Dev\Warewolf.Common.NetStandard20\bin\Debug\net8.0\Warewolf.Common.NetStandard20.dll [C:\Users\ultra\warewolf\Dev\Warewolf.Studio.Themes.Luna\Warewolf.Studio.Themes.Luna.csproj]
C:\Program Files\dotnet\sdk\10.0.201\Microsoft.Common.CurrentVersion.targets(2451,5): warning MSB3277:             C:\Users\ultra\warewolf\Dev\Warewolf.Core\bin\Debug\net8.0\Warewolf.Core.dll [C:\Users\ultra\warewolf\Dev\Warewolf.Studio.Themes.Luna\Warewolf.Studio.Themes.Luna.csproj]
C:\Program Files\dotnet\sdk\10.0.201\Microsoft.Common.CurrentVersion.targets(2451,5): warning MSB3277:             C:\Users\ultra\warewolf\Dev\Warewolf.Driver.Persistence\bin\Debug\net8.0\Warewolf.Driver.Persistence.dll [C:\Users\ultra\warewolf\Dev\Warewolf.Studio.Themes.Luna\Warewolf.Studio.Themes.Luna.csproj]
C:\Program Files\dotnet\sdk\10.0.201\Microsoft.Common.CurrentVersion.targets(2451,5): warning MSB3277:             C:\Users\ultra\warewolf\Dev\Warewolf.Driver.Serilog\bin\Debug\net8.0\Warewolf.Driver.Serilog.dll [C:\Users\ultra\warewolf\Dev\Warewolf.Studio.Themes.Luna\Warewolf.Studio.Themes.Luna.csproj]
C:\Program Files\dotnet\sdk\10.0.201\Microsoft.Common.CurrentVersion.targets(2451,5): warning MSB3277:             C:\Users\ultra\warewolf\Dev\Warewolf.Exchange.Email.Wrapper\bin\Debug\net8.0\Warewolf.Exchange.Email.Wrapper.dll [C:\Users\ultra\warewolf\Dev\Warewolf.Studio.Themes.Luna\Warewolf.Studio.Themes.Luna.csproj]
C:\Program Files\dotnet\sdk\10.0.201\Microsoft.Common.CurrentVersion.targets(2451,5): warning MSB3277:             C:\Users\ultra\warewolf\Dev\Warewolf.ResourceManagement\bin\Debug\net8.0\Warewolf.ResourceManagement.dll [C:\Users\ultra\warewolf\Dev\Warewolf.Studio.Themes.Luna\Warewolf.Studio.Themes.Luna.csproj]
C:\Program Files\dotnet\sdk\10.0.201\Microsoft.Common.CurrentVersion.targets(2451,5): warning MSB3277:             C:\Users\ultra\warewolf\Dev\Warewolf.Sharepoint\bin\Debug\net8.0\Warewolf.Sharepoint.dll [C:\Users\ultra\warewolf\Dev\Warewolf.Studio.Themes.Luna\Warewolf.Studio.Themes.Luna.csproj]
C:\Program Files\dotnet\sdk\10.0.201\Microsoft.Common.CurrentVersion.targets(2451,5): warning MSB3277:             C:\Users\ultra\warewolf\Dev\Warewolf.Storage\bin\Debug\net8.0\Warewolf.Storage.dll [C:\Users\ultra\warewolf\Dev\Warewolf.Studio.Themes.Luna\Warewolf.Studio.Themes.Luna.csproj]
C:\Program Files\dotnet\sdk\10.0.201\Microsoft.Common.CurrentVersion.targets(2451,5): warning MSB3277:         C:\Users\ultra\warewolf\Dev\Binaries\Infragistcs_Net6\InfragisticsWPF4.Editors.v15.1.dll [C:\Users\ultra\warewolf\Dev\Warewolf.Studio.Themes.Luna\Warewolf.Studio.Themes.Luna.csproj]
C:\Program Files\dotnet\sdk\10.0.201\Microsoft.Common.CurrentVersion.targets(2451,5): warning MSB3277:           Project file item includes which caused reference "C:\Users\ultra\warewolf\Dev\Binaries\Infragistcs_Net6\InfragisticsWPF4.Editors.v15.1.dll". [C:\Users\ultra\warewolf\Dev\Warewolf.Studio.Themes.Luna\Warewolf.Studio.Themes.Luna.csproj]
C:\Program Files\dotnet\sdk\10.0.201\Microsoft.Common.CurrentVersion.targets(2451,5): warning MSB3277:             InfragisticsWPF4.Editors.v15.1, Version=15.1.20151.2055, Culture=neutral, PublicKeyToken=7dd5c3163f2cd0cb, processorArchitecture=MSIL [C:\Users\ultra\warewolf\Dev\Warewolf.Studio.Themes.Luna\Warewolf.Studio.Themes.Luna.csproj]
C:\Program Files\dotnet\sdk\10.0.201\Microsoft.Common.CurrentVersion.targets(2451,5): warning MSB3277:             InfragisticsWPF4.DataPresenter.v15.1, Version=15.1.20151.2055, Culture=neutral, PublicKeyToken=7dd5c3163f2cd0cb, processorArchitecture=MSIL [C:\Users\ultra\warewolf\Dev\Warewolf.Studio.Themes.Luna\Warewolf.Studio.Themes.Luna.csproj]
C:\Program Files\dotnet\sdk\10.0.201\Microsoft.Common.CurrentVersion.targets(2451,5): warning MSB3277:         C:\Users\ultra\warewolf\Dev\Binaries\Infragistcs_Net6\InfragisticsWPF4.v15.1.dll [C:\Users\ultra\warewolf\Dev\Warewolf.Studio.Themes.Luna\Warewolf.Studio.Themes.Luna.csproj]
C:\Program Files\dotnet\sdk\10.0.201\Microsoft.Common.CurrentVersion.targets(2451,5): warning MSB3277:           Project file item includes which caused reference "C:\Users\ultra\warewolf\Dev\Binaries\Infragistcs_Net6\InfragisticsWPF4.v15.1.dll". [C:\Users\ultra\warewolf\Dev\Warewolf.Studio.Themes.Luna\Warewolf.Studio.Themes.Luna.csproj]
C:\Program Files\dotnet\sdk\10.0.201\Microsoft.Common.CurrentVersion.targets(2451,5): warning MSB3277:             InfragisticsWPF4.v15.1, Version=15.1.20151.2055, Culture=neutral, PublicKeyToken=7dd5c3163f2cd0cb, processorArchitecture=MSIL [C:\Users\ultra\warewolf\Dev\Warewolf.Studio.Themes.Luna\Warewolf.Studio.Themes.Luna.csproj]
C:\Program Files\dotnet\sdk\10.0.201\Microsoft.Common.CurrentVersion.targets(2451,5): warning MSB3277:             CalculationManager.WPF [C:\Users\ultra\warewolf\Dev\Warewolf.Studio.Themes.Luna\Warewolf.Studio.Themes.Luna.csproj]
C:\Program Files\dotnet\sdk\10.0.201\Microsoft.Common.CurrentVersion.targets(2451,5): warning MSB3277:             InfragisticsWPF4.Controls.Editors.XamComboEditor.v15.1, Version=15.1.20151.2055, Culture=neutral, PublicKeyToken=7dd5c3163f2cd0cb, processorArchitecture=MSIL [C:\Users\ultra\warewolf\Dev\Warewolf.Studio.Themes.Luna\Warewolf.Studio.Themes.Luna.csproj]
C:\Program Files\dotnet\sdk\10.0.201\Microsoft.Common.CurrentVersion.targets(2451,5): warning MSB3277:             InfragisticsWPF4.Controls.Editors.XamRichTextEditor.v15.1, Version=15.1.20151.2055, Culture=neutral, PublicKeyToken=7dd5c3163f2cd0cb, processorArchitecture=MSIL [C:\Users\ultra\warewolf\Dev\Warewolf.Studio.Themes.Luna\Warewolf.Studio.Themes.Luna.csproj]
C:\Program Files\dotnet\sdk\10.0.201\Microsoft.Common.CurrentVersion.targets(2451,5): warning MSB3277:             InfragisticsWPF4.Controls.Editors.XamSyntaxEditor.v15.1, Version=15.1.20151.2055, Culture=neutral, PublicKeyToken=7dd5c3163f2cd0cb, processorArchitecture=MSIL [C:\Users\ultra\warewolf\Dev\Warewolf.Studio.Themes.Luna\Warewolf.Studio.Themes.Luna.csproj]
C:\Program Files\dotnet\sdk\10.0.201\Microsoft.Common.CurrentVersion.targets(2451,5): warning MSB3277:             InfragisticsWPF4.Controls.Grids.DateTimeColumn.v15.1, Version=15.1.20151.2055, Culture=neutral, PublicKeyToken=7dd5c3163f2cd0cb, processorArchitecture=MSIL [C:\Users\ultra\warewolf\Dev\Warewolf.Studio.Themes.Luna\Warewolf.Studio.Themes.Luna.csproj]
C:\Program Files\dotnet\sdk\10.0.201\Microsoft.Common.CurrentVersion.targets(2451,5): warning MSB3277:             InfragisticsWPF4.Controls.Grids.MultiColumnComboColumn.v15.1, Version=15.1.20151.2055, Culture=neutral, PublicKeyToken=7dd5c3163f2cd0cb, processorArchitecture=MSIL [C:\Users\ultra\warewolf\Dev\Warewolf.Studio.Themes.Luna\Warewolf.Studio.Themes.Luna.csproj]
C:\Program Files\dotnet\sdk\10.0.201\Microsoft.Common.CurrentVersion.targets(2451,5): warning MSB3277:             InfragisticsWPF4.Controls.Grids.XamGrid.v15.1, Version=15.1.20151.2055, Culture=neutral, PublicKeyToken=7dd5c3163f2cd0cb, processorArchitecture=MSIL [C:\Users\ultra\warewolf\Dev\Warewolf.Studio.Themes.Luna\Warewolf.Studio.Themes.Luna.csproj]
C:\Program Files\dotnet\sdk\10.0.201\Microsoft.Common.CurrentVersion.targets(2451,5): warning MSB3277:             InfragisticsWPF4.Controls.Interactions.XamDialogWindow.v15.1, Version=15.1.20151.2055, Culture=neutral, PublicKeyToken=7dd5c3163f2cd0cb, processorArchitecture=MSIL [C:\Users\ultra\warewolf\Dev\Warewolf.Studio.Themes.Luna\Warewolf.Studio.Themes.Luna.csproj]
C:\Program Files\dotnet\sdk\10.0.201\Microsoft.Common.CurrentVersion.targets(2451,5): warning MSB3277:             InfragisticsWPF4.Controls.Interactions.XamSpellChecker.v15.1, Version=15.1.20151.2055, Culture=neutral, PublicKeyToken=7dd5c3163f2cd0cb, processorArchitecture=MSIL [C:\Users\ultra\warewolf\Dev\Warewolf.Studio.Themes.Luna\Warewolf.Studio.Themes.Luna.csproj]
C:\Program Files\dotnet\sdk\10.0.201\Microsoft.Common.CurrentVersion.targets(2451,5): warning MSB3277:             InfragisticsWPF4.Controls.Maps.XamNetworkNode.v15.1, Version=15.1.20151.2055, Culture=neutral, PublicKeyToken=7dd5c3163f2cd0cb, processorArchitecture=MSIL [C:\Users\ultra\warewolf\Dev\Warewolf.Studio.Themes.Luna\Warewolf.Studio.Themes.Luna.csproj]
C:\Program Files\dotnet\sdk\10.0.201\Microsoft.Common.CurrentVersion.targets(2451,5): warning MSB3277:             InfragisticsWPF4.Controls.Menus.XamDataTree.v15.1 [C:\Users\ultra\warewolf\Dev\Warewolf.Studio.Themes.Luna\Warewolf.Studio.Themes.Luna.csproj]
C:\Program Files\dotnet\sdk\10.0.201\Microsoft.Common.CurrentVersion.targets(2451,5): warning MSB3277:             InfragisticsWPF4.Controls.Menus.XamMenu.v15.1, Version=15.1.20151.2055, Culture=neutral, PublicKeyToken=7dd5c3163f2cd0cb, processorArchitecture=MSIL [C:\Users\ultra\warewolf\Dev\Warewolf.Studio.Themes.Luna\Warewolf.Studio.Themes.Luna.csproj]
C:\Program Files\dotnet\sdk\10.0.201\Microsoft.Common.CurrentVersion.targets(2451,5): warning MSB3277:             InfragisticsWPF4.DataManager.v15.1, Version=15.1.20151.2055, Culture=neutral, PublicKeyToken=7dd5c3163f2cd0cb, processorArchitecture=MSIL [C:\Users\ultra\warewolf\Dev\Warewolf.Studio.Themes.Luna\Warewolf.Studio.Themes.Luna.csproj]
C:\Program Files\dotnet\sdk\10.0.201\Microsoft.Common.CurrentVersion.targets(2451,5): warning MSB3277:             InfragisticsWPF4.DataPresenter.v15.1, Version=15.1.20151.2055, Culture=neutral, PublicKeyToken=7dd5c3163f2cd0cb, processorArchitecture=MSIL [C:\Users\ultra\warewolf\Dev\Warewolf.Studio.Themes.Luna\Warewolf.Studio.Themes.Luna.csproj]
C:\Program Files\dotnet\sdk\10.0.201\Microsoft.Common.CurrentVersion.targets(2451,5): warning MSB3277:             InfragisticsWPF4.DataVisualization.v15.1, Version=15.1.20151.2055, Culture=neutral, PublicKeyToken=7dd5c3163f2cd0cb, processorArchitecture=MSIL [C:\Users\ultra\warewolf\Dev\Warewolf.Studio.Themes.Luna\Warewolf.Studio.Themes.Luna.csproj]
C:\Program Files\dotnet\sdk\10.0.201\Microsoft.Common.CurrentVersion.targets(2451,5): warning MSB3277:             InfragisticsWPF4.DockManager.v15.1, Version=15.1.20151.2055, Culture=neutral, PublicKeyToken=7dd5c3163f2cd0cb, processorArchitecture=MSIL [C:\Users\ultra\warewolf\Dev\Warewolf.Studio.Themes.Luna\Warewolf.Studio.Themes.Luna.csproj]
C:\Program Files\dotnet\sdk\10.0.201\Microsoft.Common.CurrentVersion.targets(2451,5): warning MSB3277:             InfragisticsWPF4.Documents.RichTextDocument.Html.v15.1, Version=15.1.20151.2055, Culture=neutral, PublicKeyToken=7dd5c3163f2cd0cb, processorArchitecture=MSIL [C:\Users\ultra\warewolf\Dev\Warewolf.Studio.Themes.Luna\Warewolf.Studio.Themes.Luna.csproj]
C:\Program Files\dotnet\sdk\10.0.201\Microsoft.Common.CurrentVersion.targets(2451,5): warning MSB3277:             InfragisticsWPF4.Documents.RichTextDocument.v15.1, Version=15.1.20151.2055, Culture=neutral, PublicKeyToken=7dd5c3163f2cd0cb, processorArchitecture=MSIL [C:\Users\ultra\warewolf\Dev\Warewolf.Studio.Themes.Luna\Warewolf.Studio.Themes.Luna.csproj]
C:\Program Files\dotnet\sdk\10.0.201\Microsoft.Common.CurrentVersion.targets(2451,5): warning MSB3277:             InfragisticsWPF4.Editors.v15.1, Version=15.1.20151.2055, Culture=neutral, PublicKeyToken=7dd5c3163f2cd0cb, processorArchitecture=MSIL [C:\Users\ultra\warewolf\Dev\Warewolf.Studio.Themes.Luna\Warewolf.Studio.Themes.Luna.csproj]
C:\Program Files\dotnet\sdk\10.0.201\Microsoft.Common.CurrentVersion.targets(2451,5): warning MSB3277:         C:\Users\ultra\.nuget\packages\timespan2\2.4.2\lib\netcoreapp3.1\TimeSpan2.dll [C:\Users\ultra\warewolf\Dev\Warewolf.Studio.Themes.Luna\Warewolf.Studio.Themes.Luna.csproj]
C:\Program Files\dotnet\sdk\10.0.201\Microsoft.Common.CurrentVersion.targets(2451,5): warning MSB3277:           Project file item includes which caused reference "C:\Users\ultra\.nuget\packages\timespan2\2.4.2\lib\netcoreapp3.1\TimeSpan2.dll". [C:\Users\ultra\warewolf\Dev\Warewolf.Studio.Themes.Luna\Warewolf.Studio.Themes.Luna.csproj]
C:\Program Files\dotnet\sdk\10.0.201\Microsoft.Common.CurrentVersion.targets(2451,5): warning MSB3277:             C:\Users\ultra\.nuget\packages\timespan2\2.4.2\lib\netcoreapp3.1\TimeSpan2.dll [C:\Users\ultra\warewolf\Dev\Warewolf.Studio.Themes.Luna\Warewolf.Studio.Themes.Luna.csproj]
C:\Program Files\dotnet\sdk\10.0.201\Microsoft.Common.CurrentVersion.targets(2451,5): warning MSB3277:             C:\Users\ultra\.nuget\packages\taskschedulereditor\2.10.1\lib\net452\Microsoft.Win32.TaskSchedulerEditor.dll [C:\Users\ultra\warewolf\Dev\Warewolf.Studio.Themes.Luna\Warewolf.Studio.Themes.Luna.csproj]
C:\Program Files\dotnet\sdk\10.0.201\Microsoft.Common.CurrentVersion.targets(2451,5): warning MSB3277:         C:\Program Files\dotnet\packs\Microsoft.NETCore.App.Ref\8.0.25\ref\net8.0\System.dll [C:\Users\ultra\warewolf\Dev\Warewolf.Studio.Themes.Luna\Warewolf.Studio.Themes.Luna.csproj]
C:\Program Files\dotnet\sdk\10.0.201\Microsoft.Common.CurrentVersion.targets(2451,5): warning MSB3277:           Project file item includes which caused reference "C:\Program Files\dotnet\packs\Microsoft.NETCore.App.Ref\8.0.25\ref\net8.0\System.dll". [C:\Users\ultra\warewolf\Dev\Warewolf.Studio.Themes.Luna\Warewolf.Studio.Themes.Luna.csproj]
C:\Program Files\dotnet\sdk\10.0.201\Microsoft.Common.CurrentVersion.targets(2451,5): warning MSB3277:             C:\Program Files\dotnet\packs\Microsoft.NETCore.App.Ref\8.0.25\ref/net8.0/System.dll [C:\Users\ultra\warewolf\Dev\Warewolf.Studio.Themes.Luna\Warewolf.Studio.Themes.Luna.csproj]
C:\Program Files\dotnet\sdk\10.0.201\Microsoft.Common.CurrentVersion.targets(2451,5): warning MSB3277:             C:\Users\ultra\.nuget\packages\aerowizard\2.3.1\lib\net45\AeroWizard.dll [C:\Users\ultra\warewolf\Dev\Warewolf.Studio.Themes.Luna\Warewolf.Studio.Themes.Luna.csproj]
C:\Program Files\dotnet\sdk\10.0.201\Microsoft.Common.CurrentVersion.targets(2451,5): warning MSB3277:             C:\Users\ultra\.nuget\packages\groupcontrols\1.9.0\lib\net45\GroupControls.dll [C:\Users\ultra\warewolf\Dev\Warewolf.Studio.Themes.Luna\Warewolf.Studio.Themes.Luna.csproj]
C:\Program Files\dotnet\sdk\10.0.201\Microsoft.Common.CurrentVersion.targets(2451,5): warning MSB3277:             C:\Users\ultra\.nuget\packages\microsoft.xaml.behaviors.wpf\1.1.122\lib\net462\Microsoft.Xaml.Behaviors.dll [C:\Users\ultra\warewolf\Dev\Warewolf.Studio.Themes.Luna\Warewolf.Studio.Themes.Luna.csproj]
C:\Program Files\dotnet\sdk\10.0.201\Microsoft.Common.CurrentVersion.targets(2451,5): warning MSB3277:             C:\Users\ultra\.nuget\packages\caliburn.micro\4.0.212\lib\netcoreapp3.1\Caliburn.Micro.Platform.dll [C:\Users\ultra\warewolf\Dev\Warewolf.Studio.Themes.Luna\Warewolf.Studio.Themes.Luna.csproj]
C:\Program Files\dotnet\sdk\10.0.201\Microsoft.Common.CurrentVersion.targets(2451,5): warning MSB3277:             C:\Users\ultra\.nuget\packages\prism.wpf\9.0.537\lib\net462\Prism.Wpf.dll [C:\Users\ultra\warewolf\Dev\Warewolf.Studio.Themes.Luna\Warewolf.Studio.Themes.Luna.csproj]
C:\Program Files\dotnet\sdk\10.0.201\Microsoft.Common.CurrentVersion.targets(2451,5): warning MSB3277:             C:\Users\ultra\.nuget\packages\reactiveui.wpf\18.4.1\lib\net462\ReactiveUI.Wpf.dll [C:\Users\ultra\warewolf\Dev\Warewolf.Studio.Themes.Luna\Warewolf.Studio.Themes.Luna.csproj]
C:\Program Files\dotnet\sdk\10.0.201\Microsoft.Common.CurrentVersion.targets(2451,5): warning MSB3277:             C:\Users\ultra\.nuget\packages\taskschedulereditor\2.10.1\lib\net452\Microsoft.Win32.TaskSchedulerEditor.dll [C:\Users\ultra\warewolf\Dev\Warewolf.Studio.Themes.Luna\Warewolf.Studio.Themes.Luna.csproj]
C:\Program Files\dotnet\sdk\10.0.201\Microsoft.Common.CurrentVersion.targets(2451,5): warning MSB3277:             C:\Users\ultra\.nuget\packages\ttcue.netcore.sharepointonline.csom.16.1.8029.1200\16.1.8029.1200\lib\netcoreapp2.0\Microsoft.SharePoint.Client.Runtime.Windows.dll [C:\Users\ultra\warewolf\Dev\Warewolf.Studio.Themes.Luna\Warewolf.Studio.Themes.Luna.csproj]
C:\Program Files\dotnet\sdk\10.0.201\Microsoft.Common.CurrentVersion.targets(2451,5): warning MSB3277: Found conflicts between different versions of "System.Security.Permissions" that could not be resolved. [C:\Users\ultra\warewolf\Dev\Warewolf.Studio.Themes.Luna\Warewolf.Studio.Themes.Luna.csproj]
C:\Program Files\dotnet\sdk\10.0.201\Microsoft.Common.CurrentVersion.targets(2451,5): warning MSB3277: There was a conflict between "System.Security.Permissions, Version=6.0.0.0, Culture=neutral, PublicKeyToken=cc7b13ffcd2ddd51" and "System.Security.Permissions, Version=7.0.0.0, Culture=neutral, PublicKeyToken=cc7b13ffcd2ddd51". [C:\Users\ultra\warewolf\Dev\Warewolf.Studio.Themes.Luna\Warewolf.Studio.Themes.Luna.csproj]
C:\Program Files\dotnet\sdk\10.0.201\Microsoft.Common.CurrentVersion.targets(2451,5): warning MSB3277:     "System.Security.Permissions, Version=6.0.0.0, Culture=neutral, PublicKeyToken=cc7b13ffcd2ddd51" was chosen because it was primary and "System.Security.Permissions, Version=7.0.0.0, Culture=neutral, PublicKeyToken=cc7b13ffcd2ddd51" was not. [C:\Users\ultra\warewolf\Dev\Warewolf.Studio.Themes.Luna\Warewolf.Studio.Themes.Luna.csproj]
C:\Program Files\dotnet\sdk\10.0.201\Microsoft.Common.CurrentVersion.targets(2451,5): warning MSB3277:     References which depend on "System.Security.Permissions, Version=6.0.0.0, Culture=neutral, PublicKeyToken=cc7b13ffcd2ddd51" [C:\Users\ultra\.nuget\packages\system.security.permissions\6.0.0\lib\net6.0\System.Security.Permissions.dll]. [C:\Users\ultra\warewolf\Dev\Warewolf.Studio.Themes.Luna\Warewolf.Studio.Themes.Luna.csproj]
C:\Program Files\dotnet\sdk\10.0.201\Microsoft.Common.CurrentVersion.targets(2451,5): warning MSB3277:         C:\Users\ultra\.nuget\packages\system.security.permissions\6.0.0\lib\net6.0\System.Security.Permissions.dll [C:\Users\ultra\warewolf\Dev\Warewolf.Studio.Themes.Luna\Warewolf.Studio.Themes.Luna.csproj]
C:\Program Files\dotnet\sdk\10.0.201\Microsoft.Common.CurrentVersion.targets(2451,5): warning MSB3277:           Project file item includes which caused reference "C:\Users\ultra\.nuget\packages\system.security.permissions\6.0.0\lib\net6.0\System.Security.Permissions.dll". [C:\Users\ultra\warewolf\Dev\Warewolf.Studio.Themes.Luna\Warewolf.Studio.Themes.Luna.csproj]
C:\Program Files\dotnet\sdk\10.0.201\Microsoft.Common.CurrentVersion.targets(2451,5): warning MSB3277:             C:\Users\ultra\.nuget\packages\system.security.permissions\6.0.0\lib\net6.0\System.Security.Permissions.dll [C:\Users\ultra\warewolf\Dev\Warewolf.Studio.Themes.Luna\Warewolf.Studio.Themes.Luna.csproj]
C:\Program Files\dotnet\sdk\10.0.201\Microsoft.Common.CurrentVersion.targets(2451,5): warning MSB3277:     References which depend on or have been unified to "System.Security.Permissions, Version=7.0.0.0, Culture=neutral, PublicKeyToken=cc7b13ffcd2ddd51" []. [C:\Users\ultra\warewolf\Dev\Warewolf.Studio.Themes.Luna\Warewolf.Studio.Themes.Luna.csproj]
C:\Program Files\dotnet\sdk\10.0.201\Microsoft.Common.CurrentVersion.targets(2451,5): warning MSB3277:         C:\Users\ultra\warewolf\Dev\Warewolf.Studio.CustomControls\bin\Debug\net8.0\Warewolf.Studio.CustomControls.dll [C:\Users\ultra\warewolf\Dev\Warewolf.Studio.Themes.Luna\Warewolf.Studio.Themes.Luna.csproj]
C:\Program Files\dotnet\sdk\10.0.201\Microsoft.Common.CurrentVersion.targets(2451,5): warning MSB3277:           Project file item includes which caused reference "C:\Users\ultra\warewolf\Dev\Warewolf.Studio.CustomControls\bin\Debug\net8.0\Warewolf.Studio.CustomControls.dll". [C:\Users\ultra\warewolf\Dev\Warewolf.Studio.Themes.Luna\Warewolf.Studio.Themes.Luna.csproj]
C:\Program Files\dotnet\sdk\10.0.201\Microsoft.Common.CurrentVersion.targets(2451,5): warning MSB3277:             C:\Users\ultra\warewolf\Dev\Warewolf.Studio.CustomControls\bin\Debug\net8.0\Warewolf.Studio.CustomControls.dll [C:\Users\ultra\warewolf\Dev\Warewolf.Studio.Themes.Luna\Warewolf.Studio.Themes.Luna.csproj]
C:\Program Files\dotnet\sdk\10.0.201\Microsoft.Common.CurrentVersion.targets(2451,5): warning MSB3277:         C:\Users\ultra\warewolf\Dev\Dev2.Data\bin\Debug\net8.0\Dev2.Data.dll [C:\Users\ultra\warewolf\Dev\Warewolf.Studio.Themes.Luna\Warewolf.Studio.Themes.Luna.csproj]
C:\Program Files\dotnet\sdk\10.0.201\Microsoft.Common.CurrentVersion.targets(2451,5): warning MSB3277:           Project file item includes which caused reference "C:\Users\ultra\warewolf\Dev\Dev2.Data\bin\Debug\net8.0\Dev2.Data.dll". [C:\Users\ultra\warewolf\Dev\Warewolf.Studio.Themes.Luna\Warewolf.Studio.Themes.Luna.csproj]
C:\Program Files\dotnet\sdk\10.0.201\Microsoft.Common.CurrentVersion.targets(2451,5): warning MSB3277:             C:\Users\ultra\warewolf\Dev\Dev2.Data\bin\Debug\net8.0\Dev2.Data.dll [C:\Users\ultra\warewolf\Dev\Warewolf.Studio.Themes.Luna\Warewolf.Studio.Themes.Luna.csproj]
C:\Program Files\dotnet\sdk\10.0.201\Microsoft.Common.CurrentVersion.targets(2451,5): warning MSB3277:             C:\Users\ultra\warewolf\Dev\Dev2.Intellisense\bin\Debug\net8.0\Dev2.Intellisense.dll [C:\Users\ultra\warewolf\Dev\Warewolf.Studio.Themes.Luna\Warewolf.Studio.Themes.Luna.csproj]
C:\Program Files\dotnet\sdk\10.0.201\Microsoft.Common.CurrentVersion.targets(2451,5): warning MSB3277:             C:\Users\ultra\warewolf\Dev\Dev2.Studio.Core\bin\Debug\net8.0\Dev2.Studio.Core.dll [C:\Users\ultra\warewolf\Dev\Warewolf.Studio.Themes.Luna\Warewolf.Studio.Themes.Luna.csproj]
C:\Program Files\dotnet\sdk\10.0.201\Microsoft.Common.CurrentVersion.targets(2451,5): warning MSB3277:             C:\Users\ultra\warewolf\Dev\Dev2.Studio.Interfaces\bin\Debug\net8.0\Dev2.Studio.Interfaces.dll [C:\Users\ultra\warewolf\Dev\Warewolf.Studio.Themes.Luna\Warewolf.Studio.Themes.Luna.csproj]
C:\Program Files\dotnet\sdk\10.0.201\Microsoft.Common.CurrentVersion.targets(2451,5): warning MSB3277:             C:\Users\ultra\warewolf\Dev\Warewolf.Studio.Core\bin\Debug\net8.0\Warewolf.Studio.Core.dll [C:\Users\ultra\warewolf\Dev\Warewolf.Studio.Themes.Luna\Warewolf.Studio.Themes.Luna.csproj]
C:\Program Files\dotnet\sdk\10.0.201\Microsoft.Common.CurrentVersion.targets(2451,5): warning MSB3277:             C:\Users\ultra\warewolf\Dev\Warewolf.Studio.CustomControls\bin\Debug\net8.0\Warewolf.Studio.CustomControls.dll [C:\Users\ultra\warewolf\Dev\Warewolf.Studio.Themes.Luna\Warewolf.Studio.Themes.Luna.csproj]
C:\Program Files\dotnet\sdk\10.0.201\Microsoft.Common.CurrentVersion.targets(2451,5): warning MSB3277:             C:\Users\ultra\warewolf\Dev\Dev2.Activities\bin\Debug\net8.0\Dev2.Activities.dll [C:\Users\ultra\warewolf\Dev\Warewolf.Studio.Themes.Luna\Warewolf.Studio.Themes.Luna.csproj]
C:\Program Files\dotnet\sdk\10.0.201\Microsoft.Common.CurrentVersion.targets(2451,5): warning MSB3277:             C:\Users\ultra\warewolf\Dev\Dev2.Core\bin\Debug\net8.0\Dev2.Core.dll [C:\Users\ultra\warewolf\Dev\Warewolf.Studio.Themes.Luna\Warewolf.Studio.Themes.Luna.csproj]
C:\Program Files\dotnet\sdk\10.0.201\Microsoft.Common.CurrentVersion.targets(2451,5): warning MSB3277:             C:\Users\ultra\warewolf\Dev\Warewolf.UI\bin\Debug\net8.0\Warewolf.UI.dll [C:\Users\ultra\warewolf\Dev\Warewolf.Studio.Themes.Luna\Warewolf.Studio.Themes.Luna.csproj]
C:\Program Files\dotnet\sdk\10.0.201\Microsoft.Common.CurrentVersion.targets(2451,5): warning MSB3277:             C:\Users\ultra\warewolf\Dev\Dev2.Runtime.Services\bin\Debug\net8.0\Dev2.Runtime.Services.dll [C:\Users\ultra\warewolf\Dev\Warewolf.Studio.Themes.Luna\Warewolf.Studio.Themes.Luna.csproj]
C:\Program Files\dotnet\sdk\10.0.201\Microsoft.Common.CurrentVersion.targets(2451,5): warning MSB3277:             C:\Users\ultra\warewolf\Dev\Dev2.Scheduler\bin\Debug\net8.0\Dev2.Scheduler.dll [C:\Users\ultra\warewolf\Dev\Warewolf.Studio.Themes.Luna\Warewolf.Studio.Themes.Luna.csproj]
C:\Program Files\dotnet\sdk\10.0.201\Microsoft.Common.CurrentVersion.targets(2451,5): warning MSB3277:             C:\Users\ultra\warewolf\Dev\Dev2.Services.Execution\bin\Debug\net8.0\Dev2.Services.Execution.dll [C:\Users\ultra\warewolf\Dev\Warewolf.Studio.Themes.Luna\Warewolf.Studio.Themes.Luna.csproj]
C:\Program Files\dotnet\sdk\10.0.201\Microsoft.Common.CurrentVersion.targets(2451,5): warning MSB3277:             C:\Users\ultra\warewolf\Dev\Warewolf.Auditing\bin\Debug\net8.0\Warewolf.Auditing.dll [C:\Users\ultra\warewolf\Dev\Warewolf.Studio.Themes.Luna\Warewolf.Studio.Themes.Luna.csproj]
C:\Program Files\dotnet\sdk\10.0.201\Microsoft.Common.CurrentVersion.targets(2451,5): warning MSB3277:             C:\Users\ultra\warewolf\Dev\Warewolf.Common.NetStandard20\bin\Debug\net8.0\Warewolf.Common.NetStandard20.dll [C:\Users\ultra\warewolf\Dev\Warewolf.Studio.Themes.Luna\Warewolf.Studio.Themes.Luna.csproj]
C:\Program Files\dotnet\sdk\10.0.201\Microsoft.Common.CurrentVersion.targets(2451,5): warning MSB3277:             C:\Users\ultra\warewolf\Dev\Warewolf.Core\bin\Debug\net8.0\Warewolf.Core.dll [C:\Users\ultra\warewolf\Dev\Warewolf.Studio.Themes.Luna\Warewolf.Studio.Themes.Luna.csproj]
C:\Program Files\dotnet\sdk\10.0.201\Microsoft.Common.CurrentVersion.targets(2451,5): warning MSB3277:             C:\Users\ultra\warewolf\Dev\Warewolf.Driver.Persistence\bin\Debug\net8.0\Warewolf.Driver.Persistence.dll [C:\Users\ultra\warewolf\Dev\Warewolf.Studio.Themes.Luna\Warewolf.Studio.Themes.Luna.csproj]
C:\Program Files\dotnet\sdk\10.0.201\Microsoft.Common.CurrentVersion.targets(2451,5): warning MSB3277:             C:\Users\ultra\warewolf\Dev\Warewolf.Exchange.Email.Wrapper\bin\Debug\net8.0\Warewolf.Exchange.Email.Wrapper.dll [C:\Users\ultra\warewolf\Dev\Warewolf.Studio.Themes.Luna\Warewolf.Studio.Themes.Luna.csproj]
C:\Program Files\dotnet\sdk\10.0.201\Microsoft.Common.CurrentVersion.targets(2451,5): warning MSB3277:             C:\Users\ultra\warewolf\Dev\Warewolf.ResourceManagement\bin\Debug\net8.0\Warewolf.ResourceManagement.dll [C:\Users\ultra\warewolf\Dev\Warewolf.Studio.Themes.Luna\Warewolf.Studio.Themes.Luna.csproj]
C:\Program Files\dotnet\sdk\10.0.201\Microsoft.Common.CurrentVersion.targets(2451,5): warning MSB3277:         C:\Users\ultra\warewolf\Dev\Binaries\Infragistcs_Net6\InfragisticsWPF4.DataVisualization.v15.1.dll [C:\Users\ultra\warewolf\Dev\Warewolf.Studio.Themes.Luna\Warewolf.Studio.Themes.Luna.csproj]
C:\Program Files\dotnet\sdk\10.0.201\Microsoft.Common.CurrentVersion.targets(2451,5): warning MSB3277:           Project file item includes which caused reference "C:\Users\ultra\warewolf\Dev\Binaries\Infragistcs_Net6\InfragisticsWPF4.DataVisualization.v15.1.dll". [C:\Users\ultra\warewolf\Dev\Warewolf.Studio.Themes.Luna\Warewolf.Studio.Themes.Luna.csproj]
C:\Program Files\dotnet\sdk\10.0.201\Microsoft.Common.CurrentVersion.targets(2451,5): warning MSB3277:             InfragisticsWPF4.DataVisualization.v15.1, Version=15.1.20151.2055, Culture=neutral, PublicKeyToken=7dd5c3163f2cd0cb, processorArchitecture=MSIL [C:\Users\ultra\warewolf\Dev\Warewolf.Studio.Themes.Luna\Warewolf.Studio.Themes.Luna.csproj]
C:\Program Files\dotnet\sdk\10.0.201\Microsoft.Common.CurrentVersion.targets(2451,5): warning MSB3277:             InfragisticsWPF4.Controls.Maps.XamNetworkNode.v15.1, Version=15.1.20151.2055, Culture=neutral, PublicKeyToken=7dd5c3163f2cd0cb, processorArchitecture=MSIL [C:\Users\ultra\warewolf\Dev\Warewolf.Studio.Themes.Luna\Warewolf.Studio.Themes.Luna.csproj]
C:\Program Files\dotnet\sdk\10.0.201\Microsoft.Common.CurrentVersion.targets(2451,5): warning MSB3277:         C:\Users\ultra\warewolf\Dev\Binaries\Infragistcs_Net6\InfragisticsWPF4.DockManager.v15.1.dll [C:\Users\ultra\warewolf\Dev\Warewolf.Studio.Themes.Luna\Warewolf.Studio.Themes.Luna.csproj]
C:\Program Files\dotnet\sdk\10.0.201\Microsoft.Common.CurrentVersion.targets(2451,5): warning MSB3277:           Project file item includes which caused reference "C:\Users\ultra\warewolf\Dev\Binaries\Infragistcs_Net6\InfragisticsWPF4.DockManager.v15.1.dll". [C:\Users\ultra\warewolf\Dev\Warewolf.Studio.Themes.Luna\Warewolf.Studio.Themes.Luna.csproj]
C:\Program Files\dotnet\sdk\10.0.201\Microsoft.Common.CurrentVersion.targets(2451,5): warning MSB3277:             InfragisticsWPF4.DockManager.v15.1, Version=15.1.20151.2055, Culture=neutral, PublicKeyToken=7dd5c3163f2cd0cb, processorArchitecture=MSIL [C:\Users\ultra\warewolf\Dev\Warewolf.Studio.Themes.Luna\Warewolf.Studio.Themes.Luna.csproj]
C:\Program Files\dotnet\sdk\10.0.201\Microsoft.Common.CurrentVersion.targets(2451,5): warning MSB3277:         C:\Users\ultra\warewolf\Dev\Binaries\Infragistcs_Net6\InfragisticsWPF4.v15.1.dll [C:\Users\ultra\warewolf\Dev\Warewolf.Studio.Themes.Luna\Warewolf.Studio.Themes.Luna.csproj]
C:\Program Files\dotnet\sdk\10.0.201\Microsoft.Common.CurrentVersion.targets(2451,5): warning MSB3277:           Project file item includes which caused reference "C:\Users\ultra\warewolf\Dev\Binaries\Infragistcs_Net6\InfragisticsWPF4.v15.1.dll". [C:\Users\ultra\warewolf\Dev\Warewolf.Studio.Themes.Luna\Warewolf.Studio.Themes.Luna.csproj]
C:\Program Files\dotnet\sdk\10.0.201\Microsoft.Common.CurrentVersion.targets(2451,5): warning MSB3277:             InfragisticsWPF4.v15.1, Version=15.1.20151.2055, Culture=neutral, PublicKeyToken=7dd5c3163f2cd0cb, processorArchitecture=MSIL [C:\Users\ultra\warewolf\Dev\Warewolf.Studio.Themes.Luna\Warewolf.Studio.Themes.Luna.csproj]
C:\Program Files\dotnet\sdk\10.0.201\Microsoft.Common.CurrentVersion.targets(2451,5): warning MSB3277:             CalculationManager.WPF [C:\Users\ultra\warewolf\Dev\Warewolf.Studio.Themes.Luna\Warewolf.Studio.Themes.Luna.csproj]
C:\Program Files\dotnet\sdk\10.0.201\Microsoft.Common.CurrentVersion.targets(2451,5): warning MSB3277:             InfragisticsWPF4.Controls.Editors.XamComboEditor.v15.1, Version=15.1.20151.2055, Culture=neutral, PublicKeyToken=7dd5c3163f2cd0cb, processorArchitecture=MSIL [C:\Users\ultra\warewolf\Dev\Warewolf.Studio.Themes.Luna\Warewolf.Studio.Themes.Luna.csproj]
C:\Program Files\dotnet\sdk\10.0.201\Microsoft.Common.CurrentVersion.targets(2451,5): warning MSB3277:             InfragisticsWPF4.Controls.Editors.XamRichTextEditor.v15.1, Version=15.1.20151.2055, Culture=neutral, PublicKeyToken=7dd5c3163f2cd0cb, processorArchitecture=MSIL [C:\Users\ultra\warewolf\Dev\Warewolf.Studio.Themes.Luna\Warewolf.Studio.Themes.Luna.csproj]
C:\Program Files\dotnet\sdk\10.0.201\Microsoft.Common.CurrentVersion.targets(2451,5): warning MSB3277:             InfragisticsWPF4.Controls.Editors.XamSyntaxEditor.v15.1, Version=15.1.20151.2055, Culture=neutral, PublicKeyToken=7dd5c3163f2cd0cb, processorArchitecture=MSIL [C:\Users\ultra\warewolf\Dev\Warewolf.Studio.Themes.Luna\Warewolf.Studio.Themes.Luna.csproj]
C:\Program Files\dotnet\sdk\10.0.201\Microsoft.Common.CurrentVersion.targets(2451,5): warning MSB3277:             InfragisticsWPF4.Controls.Grids.DateTimeColumn.v15.1, Version=15.1.20151.2055, Culture=neutral, PublicKeyToken=7dd5c3163f2cd0cb, processorArchitecture=MSIL [C:\Users\ultra\warewolf\Dev\Warewolf.Studio.Themes.Luna\Warewolf.Studio.Themes.Luna.csproj]
C:\Program Files\dotnet\sdk\10.0.201\Microsoft.Common.CurrentVersion.targets(2451,5): warning MSB3277:             InfragisticsWPF4.Controls.Grids.MultiColumnComboColumn.v15.1, Version=15.1.20151.2055, Culture=neutral, PublicKeyToken=7dd5c3163f2cd0cb, processorArchitecture=MSIL [C:\Users\ultra\warewolf\Dev\Warewolf.Studio.Themes.Luna\Warewolf.Studio.Themes.Luna.csproj]
C:\Program Files\dotnet\sdk\10.0.201\Microsoft.Common.CurrentVersion.targets(2451,5): warning MSB3277:             InfragisticsWPF4.Controls.Grids.XamGrid.v15.1, Version=15.1.20151.2055, Culture=neutral, PublicKeyToken=7dd5c3163f2cd0cb, processorArchitecture=MSIL [C:\Users\ultra\warewolf\Dev\Warewolf.Studio.Themes.Luna\Warewolf.Studio.Themes.Luna.csproj]
C:\Program Files\dotnet\sdk\10.0.201\Microsoft.Common.CurrentVersion.targets(2451,5): warning MSB3277:             InfragisticsWPF4.Controls.Interactions.XamDialogWindow.v15.1, Version=15.1.20151.2055, Culture=neutral, PublicKeyToken=7dd5c3163f2cd0cb, processorArchitecture=MSIL [C:\Users\ultra\warewolf\Dev\Warewolf.Studio.Themes.Luna\Warewolf.Studio.Themes.Luna.csproj]
C:\Program Files\dotnet\sdk\10.0.201\Microsoft.Common.CurrentVersion.targets(2451,5): warning MSB3277:             InfragisticsWPF4.Controls.Interactions.XamSpellChecker.v15.1, Version=15.1.20151.2055, Culture=neutral, PublicKeyToken=7dd5c3163f2cd0cb, processorArchitecture=MSIL [C:\Users\ultra\warewolf\Dev\Warewolf.Studio.Themes.Luna\Warewolf.Studio.Themes.Luna.csproj]
C:\Program Files\dotnet\sdk\10.0.201\Microsoft.Common.CurrentVersion.targets(2451,5): warning MSB3277:             InfragisticsWPF4.Controls.Maps.XamNetworkNode.v15.1, Version=15.1.20151.2055, Culture=neutral, PublicKeyToken=7dd5c3163f2cd0cb, processorArchitecture=MSIL [C:\Users\ultra\warewolf\Dev\Warewolf.Studio.Themes.Luna\Warewolf.Studio.Themes.Luna.csproj]
C:\Program Files\dotnet\sdk\10.0.201\Microsoft.Common.CurrentVersion.targets(2451,5): warning MSB3277:             InfragisticsWPF4.Controls.Menus.XamDataTree.v15.1 [C:\Users\ultra\warewolf\Dev\Warewolf.Studio.Themes.Luna\Warewolf.Studio.Themes.Luna.csproj]
C:\Program Files\dotnet\sdk\10.0.201\Microsoft.Common.CurrentVersion.targets(2451,5): warning MSB3277:             InfragisticsWPF4.Controls.Menus.XamMenu.v15.1, Version=15.1.20151.2055, Culture=neutral, PublicKeyToken=7dd5c3163f2cd0cb, processorArchitecture=MSIL [C:\Users\ultra\warewolf\Dev\Warewolf.Studio.Themes.Luna\Warewolf.Studio.Themes.Luna.csproj]
C:\Program Files\dotnet\sdk\10.0.201\Microsoft.Common.CurrentVersion.targets(2451,5): warning MSB3277:             InfragisticsWPF4.DataManager.v15.1, Version=15.1.20151.2055, Culture=neutral, PublicKeyToken=7dd5c3163f2cd0cb, processorArchitecture=MSIL [C:\Users\ultra\warewolf\Dev\Warewolf.Studio.Themes.Luna\Warewolf.Studio.Themes.Luna.csproj]
C:\Program Files\dotnet\sdk\10.0.201\Microsoft.Common.CurrentVersion.targets(2451,5): warning MSB3277:             InfragisticsWPF4.DataPresenter.v15.1, Version=15.1.20151.2055, Culture=neutral, PublicKeyToken=7dd5c3163f2cd0cb, processorArchitecture=MSIL [C:\Users\ultra\warewolf\Dev\Warewolf.Studio.Themes.Luna\Warewolf.Studio.Themes.Luna.csproj]
C:\Program Files\dotnet\sdk\10.0.201\Microsoft.Common.CurrentVersion.targets(2451,5): warning MSB3277:             InfragisticsWPF4.DataVisualization.v15.1, Version=15.1.20151.2055, Culture=neutral, PublicKeyToken=7dd5c3163f2cd0cb, processorArchitecture=MSIL [C:\Users\ultra\warewolf\Dev\Warewolf.Studio.Themes.Luna\Warewolf.Studio.Themes.Luna.csproj]
C:\Program Files\dotnet\sdk\10.0.201\Microsoft.Common.CurrentVersion.targets(2451,5): warning MSB3277:             InfragisticsWPF4.DockManager.v15.1, Version=15.1.20151.2055, Culture=neutral, PublicKeyToken=7dd5c3163f2cd0cb, processorArchitecture=MSIL [C:\Users\ultra\warewolf\Dev\Warewolf.Studio.Themes.Luna\Warewolf.Studio.Themes.Luna.csproj]
C:\Program Files\dotnet\sdk\10.0.201\Microsoft.Common.CurrentVersion.targets(2451,5): warning MSB3277:             InfragisticsWPF4.Documents.RichTextDocument.Html.v15.1, Version=15.1.20151.2055, Culture=neutral, PublicKeyToken=7dd5c3163f2cd0cb, processorArchitecture=MSIL [C:\Users\ultra\warewolf\Dev\Warewolf.Studio.Themes.Luna\Warewolf.Studio.Themes.Luna.csproj]
C:\Program Files\dotnet\sdk\10.0.201\Microsoft.Common.CurrentVersion.targets(2451,5): warning MSB3277:             InfragisticsWPF4.Documents.RichTextDocument.v15.1, Version=15.1.20151.2055, Culture=neutral, PublicKeyToken=7dd5c3163f2cd0cb, processorArchitecture=MSIL [C:\Users\ultra\warewolf\Dev\Warewolf.Studio.Themes.Luna\Warewolf.Studio.Themes.Luna.csproj]
C:\Program Files\dotnet\sdk\10.0.201\Microsoft.Common.CurrentVersion.targets(2451,5): warning MSB3277:             InfragisticsWPF4.Editors.v15.1, Version=15.1.20151.2055, Culture=neutral, PublicKeyToken=7dd5c3163f2cd0cb, processorArchitecture=MSIL [C:\Users\ultra\warewolf\Dev\Warewolf.Studio.Themes.Luna\Warewolf.Studio.Themes.Luna.csproj]
C:\Program Files\dotnet\sdk\10.0.201\Microsoft.Common.CurrentVersion.targets(2451,5): warning MSB3277:         C:\Users\ultra\.nuget\packages\dotnetzip\1.16.0\lib\netstandard2.0\DotNetZip.dll [C:\Users\ultra\warewolf\Dev\Warewolf.Studio.Themes.Luna\Warewolf.Studio.Themes.Luna.csproj]
C:\Program Files\dotnet\sdk\10.0.201\Microsoft.Common.CurrentVersion.targets(2451,5): warning MSB3277:           Project file item includes which caused reference "C:\Users\ultra\.nuget\packages\dotnetzip\1.16.0\lib\netstandard2.0\DotNetZip.dll". [C:\Users\ultra\warewolf\Dev\Warewolf.Studio.Themes.Luna\Warewolf.Studio.Themes.Luna.csproj]
C:\Program Files\dotnet\sdk\10.0.201\Microsoft.Common.CurrentVersion.targets(2451,5): warning MSB3277:             C:\Users\ultra\.nuget\packages\dotnetzip\1.16.0\lib\netstandard2.0\DotNetZip.dll [C:\Users\ultra\warewolf\Dev\Warewolf.Studio.Themes.Luna\Warewolf.Studio.Themes.Luna.csproj]
C:\Program Files\dotnet\sdk\10.0.201\Microsoft.Common.CurrentVersion.targets(2451,5): warning MSB3277:             C:\Users\ultra\warewolf\Dev\Dev2.Common\bin\Debug\net8.0\Dev2.Common.dll [C:\Users\ultra\warewolf\Dev\Warewolf.Studio.Themes.Luna\Warewolf.Studio.Themes.Luna.csproj]
C:\Program Files\dotnet\sdk\10.0.201\Microsoft.Common.CurrentVersion.targets(2451,5): warning MSB3277:             C:\Users\ultra\warewolf\Dev\Dev2.Intellisense\bin\Debug\net8.0\Dev2.Intellisense.dll [C:\Users\ultra\warewolf\Dev\Warewolf.Studio.Themes.Luna\Warewolf.Studio.Themes.Luna.csproj]
C:\Program Files\dotnet\sdk\10.0.201\Microsoft.Common.CurrentVersion.targets(2451,5): warning MSB3277:             C:\Users\ultra\warewolf\Dev\Dev2.Studio.Core\bin\Debug\net8.0\Dev2.Studio.Core.dll [C:\Users\ultra\warewolf\Dev\Warewolf.Studio.Themes.Luna\Warewolf.Studio.Themes.Luna.csproj]
C:\Program Files\dotnet\sdk\10.0.201\Microsoft.Common.CurrentVersion.targets(2451,5): warning MSB3277:             C:\Users\ultra\warewolf\Dev\Dev2.Studio.Interfaces\bin\Debug\net8.0\Dev2.Studio.Interfaces.dll [C:\Users\ultra\warewolf\Dev\Warewolf.Studio.Themes.Luna\Warewolf.Studio.Themes.Luna.csproj]
C:\Program Files\dotnet\sdk\10.0.201\Microsoft.Common.CurrentVersion.targets(2451,5): warning MSB3277:             C:\Users\ultra\warewolf\Dev\Warewolf.Studio.Core\bin\Debug\net8.0\Warewolf.Studio.Core.dll [C:\Users\ultra\warewolf\Dev\Warewolf.Studio.Themes.Luna\Warewolf.Studio.Themes.Luna.csproj]
C:\Program Files\dotnet\sdk\10.0.201\Microsoft.Common.CurrentVersion.targets(2451,5): warning MSB3277:             C:\Users\ultra\warewolf\Dev\Warewolf.Studio.CustomControls\bin\Debug\net8.0\Warewolf.Studio.CustomControls.dll [C:\Users\ultra\warewolf\Dev\Warewolf.Studio.Themes.Luna\Warewolf.Studio.Themes.Luna.csproj]
C:\Program Files\dotnet\sdk\10.0.201\Microsoft.Common.CurrentVersion.targets(2451,5): warning MSB3277:             C:\Users\ultra\warewolf\Dev\Dev2.Activities\bin\Debug\net8.0\Dev2.Activities.dll [C:\Users\ultra\warewolf\Dev\Warewolf.Studio.Themes.Luna\Warewolf.Studio.Themes.Luna.csproj]
C:\Program Files\dotnet\sdk\10.0.201\Microsoft.Common.CurrentVersion.targets(2451,5): warning MSB3277:             C:\Users\ultra\warewolf\Dev\Dev2.Core\bin\Debug\net8.0\Dev2.Core.dll [C:\Users\ultra\warewolf\Dev\Warewolf.Studio.Themes.Luna\Warewolf.Studio.Themes.Luna.csproj]
C:\Program Files\dotnet\sdk\10.0.201\Microsoft.Common.CurrentVersion.targets(2451,5): warning MSB3277:             C:\Users\ultra\warewolf\Dev\Warewolf.UI\bin\Debug\net8.0\Warewolf.UI.dll [C:\Users\ultra\warewolf\Dev\Warewolf.Studio.Themes.Luna\Warewolf.Studio.Themes.Luna.csproj]
C:\Program Files\dotnet\sdk\10.0.201\Microsoft.Common.CurrentVersion.targets(2451,5): warning MSB3277:             C:\Users\ultra\warewolf\Dev\Dev2.Data\bin\Debug\net8.0\Dev2.Data.dll [C:\Users\ultra\warewolf\Dev\Warewolf.Studio.Themes.Luna\Warewolf.Studio.Themes.Luna.csproj]
C:\Program Files\dotnet\sdk\10.0.201\Microsoft.Common.CurrentVersion.targets(2451,5): warning MSB3277:             C:\Users\ultra\warewolf\Dev\Dev2.Data.Interfaces\bin\Debug\net8.0\Dev2.Data.Interfaces.dll [C:\Users\ultra\warewolf\Dev\Warewolf.Studio.Themes.Luna\Warewolf.Studio.Themes.Luna.csproj]
C:\Program Files\dotnet\sdk\10.0.201\Microsoft.Common.CurrentVersion.targets(2451,5): warning MSB3277:             C:\Users\ultra\warewolf\Dev\Dev2.Development.Languages\bin\Debug\net8.0\Dev2.Development.Languages.dll [C:\Users\ultra\warewolf\Dev\Warewolf.Studio.Themes.Luna\Warewolf.Studio.Themes.Luna.csproj]
C:\Program Files\dotnet\sdk\10.0.201\Microsoft.Common.CurrentVersion.targets(2451,5): warning MSB3277:             C:\Users\ultra\warewolf\Dev\Dev2.Diagnostics\bin\Debug\net8.0\Dev2.Diagnostics.dll [C:\Users\ultra\warewolf\Dev\Warewolf.Studio.Themes.Luna\Warewolf.Studio.Themes.Luna.csproj]
C:\Program Files\dotnet\sdk\10.0.201\Microsoft.Common.CurrentVersion.targets(2451,5): warning MSB3277:             C:\Users\ultra\warewolf\Dev\Dev2.Infrastructure\bin\Debug\net8.0\Dev2.Infrastructure.dll [C:\Users\ultra\warewolf\Dev\Warewolf.Studio.Themes.Luna\Warewolf.Studio.Themes.Luna.csproj]
C:\Program Files\dotnet\sdk\10.0.201\Microsoft.Common.CurrentVersion.targets(2451,5): warning MSB3277:             C:\Users\ultra\warewolf\Dev\Dev2.Runtime.Services\bin\Debug\net8.0\Dev2.Runtime.Services.dll [C:\Users\ultra\warewolf\Dev\Warewolf.Studio.Themes.Luna\Warewolf.Studio.Themes.Luna.csproj]
C:\Program Files\dotnet\sdk\10.0.201\Microsoft.Common.CurrentVersion.targets(2451,5): warning MSB3277:             C:\Users\ultra\warewolf\Dev\Dev2.Scheduler\bin\Debug\net8.0\Dev2.Scheduler.dll [C:\Users\ultra\warewolf\Dev\Warewolf.Studio.Themes.Luna\Warewolf.Studio.Themes.Luna.csproj]
C:\Program Files\dotnet\sdk\10.0.201\Microsoft.Common.CurrentVersion.targets(2451,5): warning MSB3277:             C:\Users\ultra\warewolf\Dev\Dev2.Services.Execution\bin\Debug\net8.0\Dev2.Services.Execution.dll [C:\Users\ultra\warewolf\Dev\Warewolf.Studio.Themes.Luna\Warewolf.Studio.Themes.Luna.csproj]
C:\Program Files\dotnet\sdk\10.0.201\Microsoft.Common.CurrentVersion.targets(2451,5): warning MSB3277:             C:\Users\ultra\warewolf\Dev\Dev2.Services.Sql\bin\Debug\net8.0\Dev2.Services.Sql.dll [C:\Users\ultra\warewolf\Dev\Warewolf.Studio.Themes.Luna\Warewolf.Studio.Themes.Luna.csproj]
C:\Program Files\dotnet\sdk\10.0.201\Microsoft.Common.CurrentVersion.targets(2451,5): warning MSB3277:             C:\Users\ultra\warewolf\Dev\Dev2.TaskScheduler.Wrappers\bin\Debug\net8.0\Dev2.TaskScheduler.Wrappers.dll [C:\Users\ultra\warewolf\Dev\Warewolf.Studio.Themes.Luna\Warewolf.Studio.Themes.Luna.csproj]
C:\Program Files\dotnet\sdk\10.0.201\Microsoft.Common.CurrentVersion.targets(2451,5): warning MSB3277:             C:\Users\ultra\warewolf\Dev\Dev2.Util\bin\Debug\net8.0\Dev2.Util.dll [C:\Users\ultra\warewolf\Dev\Warewolf.Studio.Themes.Luna\Warewolf.Studio.Themes.Luna.csproj]
C:\Program Files\dotnet\sdk\10.0.201\Microsoft.Common.CurrentVersion.targets(2451,5): warning MSB3277:             C:\Users\ultra\warewolf\Dev\Warewolf.AI.Harness\bin\Debug\net8.0\Warewolf.AI.Harness.dll [C:\Users\ultra\warewolf\Dev\Warewolf.Studio.Themes.Luna\Warewolf.Studio.Themes.Luna.csproj]
C:\Program Files\dotnet\sdk\10.0.201\Microsoft.Common.CurrentVersion.targets(2451,5): warning MSB3277:             C:\Users\ultra\warewolf\Dev\Warewolf.Auditing\bin\Debug\net8.0\Warewolf.Auditing.dll [C:\Users\ultra\warewolf\Dev\Warewolf.Studio.Themes.Luna\Warewolf.Studio.Themes.Luna.csproj]
C:\Program Files\dotnet\sdk\10.0.201\Microsoft.Common.CurrentVersion.targets(2451,5): warning MSB3277:             C:\Users\ultra\warewolf\Dev\Warewolf.Common.NetStandard20\bin\Debug\net8.0\Warewolf.Common.NetStandard20.dll [C:\Users\ultra\warewolf\Dev\Warewolf.Studio.Themes.Luna\Warewolf.Studio.Themes.Luna.csproj]
C:\Program Files\dotnet\sdk\10.0.201\Microsoft.Common.CurrentVersion.targets(2451,5): warning MSB3277:             C:\Users\ultra\warewolf\Dev\Warewolf.Core\bin\Debug\net8.0\Warewolf.Core.dll [C:\Users\ultra\warewolf\Dev\Warewolf.Studio.Themes.Luna\Warewolf.Studio.Themes.Luna.csproj]
C:\Program Files\dotnet\sdk\10.0.201\Microsoft.Common.CurrentVersion.targets(2451,5): warning MSB3277:             C:\Users\ultra\warewolf\Dev\Warewolf.Driver.Persistence\bin\Debug\net8.0\Warewolf.Driver.Persistence.dll [C:\Users\ultra\warewolf\Dev\Warewolf.Studio.Themes.Luna\Warewolf.Studio.Themes.Luna.csproj]
C:\Program Files\dotnet\sdk\10.0.201\Microsoft.Common.CurrentVersion.targets(2451,5): warning MSB3277:             C:\Users\ultra\warewolf\Dev\Warewolf.Driver.Serilog\bin\Debug\net8.0\Warewolf.Driver.Serilog.dll [C:\Users\ultra\warewolf\Dev\Warewolf.Studio.Themes.Luna\Warewolf.Studio.Themes.Luna.csproj]
C:\Program Files\dotnet\sdk\10.0.201\Microsoft.Common.CurrentVersion.targets(2451,5): warning MSB3277:             C:\Users\ultra\warewolf\Dev\Warewolf.Exchange.Email.Wrapper\bin\Debug\net8.0\Warewolf.Exchange.Email.Wrapper.dll [C:\Users\ultra\warewolf\Dev\Warewolf.Studio.Themes.Luna\Warewolf.Studio.Themes.Luna.csproj]
C:\Program Files\dotnet\sdk\10.0.201\Microsoft.Common.CurrentVersion.targets(2451,5): warning MSB3277:             C:\Users\ultra\warewolf\Dev\Warewolf.ResourceManagement\bin\Debug\net8.0\Warewolf.ResourceManagement.dll [C:\Users\ultra\warewolf\Dev\Warewolf.Studio.Themes.Luna\Warewolf.Studio.Themes.Luna.csproj]
C:\Program Files\dotnet\sdk\10.0.201\Microsoft.Common.CurrentVersion.targets(2451,5): warning MSB3277:             C:\Users\ultra\warewolf\Dev\Warewolf.Sharepoint\bin\Debug\net8.0\Warewolf.Sharepoint.dll [C:\Users\ultra\warewolf\Dev\Warewolf.Studio.Themes.Luna\Warewolf.Studio.Themes.Luna.csproj]
C:\Program Files\dotnet\sdk\10.0.201\Microsoft.Common.CurrentVersion.targets(2451,5): warning MSB3277:             C:\Users\ultra\warewolf\Dev\Warewolf.Storage\bin\Debug\net8.0\Warewolf.Storage.dll [C:\Users\ultra\warewolf\Dev\Warewolf.Studio.Themes.Luna\Warewolf.Studio.Themes.Luna.csproj]
C:\Program Files\dotnet\sdk\10.0.201\Microsoft.Common.CurrentVersion.targets(2451,5): warning MSB3277:         C:\Users\ultra\.nuget\packages\mindbox.data.linq\5.0.0\lib\netstandard2.0\Mindbox.Data.Linq.dll [C:\Users\ultra\warewolf\Dev\Warewolf.Studio.Themes.Luna\Warewolf.Studio.Themes.Luna.csproj]
C:\Program Files\dotnet\sdk\10.0.201\Microsoft.Common.CurrentVersion.targets(2451,5): warning MSB3277:           Project file item includes which caused reference "C:\Users\ultra\.nuget\packages\mindbox.data.linq\5.0.0\lib\netstandard2.0\Mindbox.Data.Linq.dll". [C:\Users\ultra\warewolf\Dev\Warewolf.Studio.Themes.Luna\Warewolf.Studio.Themes.Luna.csproj]
C:\Program Files\dotnet\sdk\10.0.201\Microsoft.Common.CurrentVersion.targets(2451,5): warning MSB3277:             C:\Users\ultra\.nuget\packages\mindbox.data.linq\5.0.0\lib\netstandard2.0\Mindbox.Data.Linq.dll [C:\Users\ultra\warewolf\Dev\Warewolf.Studio.Themes.Luna\Warewolf.Studio.Themes.Luna.csproj]
C:\Program Files\dotnet\sdk\10.0.201\Microsoft.Common.CurrentVersion.targets(2451,5): warning MSB3277:             C:\Users\ultra\warewolf\Dev\Warewolf.Auditing\bin\Debug\net8.0\Warewolf.Auditing.dll [C:\Users\ultra\warewolf\Dev\Warewolf.Studio.Themes.Luna\Warewolf.Studio.Themes.Luna.csproj]
C:\Program Files\dotnet\sdk\10.0.201\Microsoft.Common.CurrentVersion.targets(2451,5): warning MSB3277:             C:\Users\ultra\warewolf\Dev\Dev2.Activities\bin\Debug\net8.0\Dev2.Activities.dll [C:\Users\ultra\warewolf\Dev\Warewolf.Studio.Themes.Luna\Warewolf.Studio.Themes.Luna.csproj]
C:\Program Files\dotnet\sdk\10.0.201\Microsoft.Common.CurrentVersion.targets(2451,5): warning MSB3277:             C:\Users\ultra\warewolf\Dev\Dev2.Studio.Core\bin\Debug\net8.0\Dev2.Studio.Core.dll [C:\Users\ultra\warewolf\Dev\Warewolf.Studio.Themes.Luna\Warewolf.Studio.Themes.Luna.csproj]
C:\Program Files\dotnet\sdk\10.0.201\Microsoft.Common.CurrentVersion.targets(2451,5): warning MSB3277:             C:\Users\ultra\warewolf\Dev\Dev2.Intellisense\bin\Debug\net8.0\Dev2.Intellisense.dll [C:\Users\ultra\warewolf\Dev\Warewolf.Studio.Themes.Luna\Warewolf.Studio.Themes.Luna.csproj]
C:\Program Files\dotnet\sdk\10.0.201\Microsoft.Common.CurrentVersion.targets(2451,5): warning MSB3277:             C:\Users\ultra\warewolf\Dev\Dev2.Runtime.Services\bin\Debug\net8.0\Dev2.Runtime.Services.dll [C:\Users\ultra\warewolf\Dev\Warewolf.Studio.Themes.Luna\Warewolf.Studio.Themes.Luna.csproj]
C:\Program Files\dotnet\sdk\10.0.201\Microsoft.Common.CurrentVersion.targets(2451,5): warning MSB3277:             C:\Users\ultra\warewolf\Dev\Dev2.Studio.Interfaces\bin\Debug\net8.0\Dev2.Studio.Interfaces.dll [C:\Users\ultra\warewolf\Dev\Warewolf.Studio.Themes.Luna\Warewolf.Studio.Themes.Luna.csproj]
C:\Program Files\dotnet\sdk\10.0.201\Microsoft.Common.CurrentVersion.targets(2451,5): warning MSB3277:             C:\Users\ultra\warewolf\Dev\Warewolf.Studio.Core\bin\Debug\net8.0\Warewolf.Studio.Core.dll [C:\Users\ultra\warewolf\Dev\Warewolf.Studio.Themes.Luna\Warewolf.Studio.Themes.Luna.csproj]
C:\Program Files\dotnet\sdk\10.0.201\Microsoft.Common.CurrentVersion.targets(2451,5): warning MSB3277:             C:\Users\ultra\warewolf\Dev\Warewolf.Studio.CustomControls\bin\Debug\net8.0\Warewolf.Studio.CustomControls.dll [C:\Users\ultra\warewolf\Dev\Warewolf.Studio.Themes.Luna\Warewolf.Studio.Themes.Luna.csproj]
C:\Program Files\dotnet\sdk\10.0.201\Microsoft.Common.CurrentVersion.targets(2451,5): warning MSB3277:             C:\Users\ultra\warewolf\Dev\Dev2.Services.Execution\bin\Debug\net8.0\Dev2.Services.Execution.dll [C:\Users\ultra\warewolf\Dev\Warewolf.Studio.Themes.Luna\Warewolf.Studio.Themes.Luna.csproj]
C:\Program Files\dotnet\sdk\10.0.201\Microsoft.Common.CurrentVersion.targets(2451,5): warning MSB3277:             C:\Users\ultra\warewolf\Dev\Warewolf.Common.NetStandard20\bin\Debug\net8.0\Warewolf.Common.NetStandard20.dll [C:\Users\ultra\warewolf\Dev\Warewolf.Studio.Themes.Luna\Warewolf.Studio.Themes.Luna.csproj]
C:\Program Files\dotnet\sdk\10.0.201\Microsoft.Common.CurrentVersion.targets(2451,5): warning MSB3277:             C:\Users\ultra\warewolf\Dev\Warewolf.Driver.Persistence\bin\Debug\net8.0\Warewolf.Driver.Persistence.dll [C:\Users\ultra\warewolf\Dev\Warewolf.Studio.Themes.Luna\Warewolf.Studio.Themes.Luna.csproj]
C:\Program Files\dotnet\sdk\10.0.201\Microsoft.Common.CurrentVersion.targets(2451,5): warning MSB3277:         C:\Users\ultra\.nuget\packages\mysql.data\8.4.0\lib\net8.0\MySql.Data.dll [C:\Users\ultra\warewolf\Dev\Warewolf.Studio.Themes.Luna\Warewolf.Studio.Themes.Luna.csproj]
C:\Program Files\dotnet\sdk\10.0.201\Microsoft.Common.CurrentVersion.targets(2451,5): warning MSB3277:           Project file item includes which caused reference "C:\Users\ultra\.nuget\packages\mysql.data\8.4.0\lib\net8.0\MySql.Data.dll". [C:\Users\ultra\warewolf\Dev\Warewolf.Studio.Themes.Luna\Warewolf.Studio.Themes.Luna.csproj]
C:\Program Files\dotnet\sdk\10.0.201\Microsoft.Common.CurrentVersion.targets(2451,5): warning MSB3277:             C:\Users\ultra\.nuget\packages\mysql.data\8.4.0\lib\net8.0\MySql.Data.dll [C:\Users\ultra\warewolf\Dev\Warewolf.Studio.Themes.Luna\Warewolf.Studio.Themes.Luna.csproj]
C:\Program Files\dotnet\sdk\10.0.201\Microsoft.Common.CurrentVersion.targets(2451,5): warning MSB3277:             C:\Users\ultra\warewolf\Dev\Dev2.Activities\bin\Debug\net8.0\Dev2.Activities.dll [C:\Users\ultra\warewolf\Dev\Warewolf.Studio.Themes.Luna\Warewolf.Studio.Themes.Luna.csproj]
C:\Program Files\dotnet\sdk\10.0.201\Microsoft.Common.CurrentVersion.targets(2451,5): warning MSB3277:             C:\Users\ultra\warewolf\Dev\Dev2.Studio.Core\bin\Debug\net8.0\Dev2.Studio.Core.dll [C:\Users\ultra\warewolf\Dev\Warewolf.Studio.Themes.Luna\Warewolf.Studio.Themes.Luna.csproj]
C:\Program Files\dotnet\sdk\10.0.201\Microsoft.Common.CurrentVersion.targets(2451,5): warning MSB3277:             C:\Users\ultra\warewolf\Dev\Dev2.Intellisense\bin\Debug\net8.0\Dev2.Intellisense.dll [C:\Users\ultra\warewolf\Dev\Warewolf.Studio.Themes.Luna\Warewolf.Studio.Themes.Luna.csproj]
C:\Program Files\dotnet\sdk\10.0.201\Microsoft.Common.CurrentVersion.targets(2451,5): warning MSB3277:             C:\Users\ultra\warewolf\Dev\Dev2.Runtime.Services\bin\Debug\net8.0\Dev2.Runtime.Services.dll [C:\Users\ultra\warewolf\Dev\Warewolf.Studio.Themes.Luna\Warewolf.Studio.Themes.Luna.csproj]
C:\Program Files\dotnet\sdk\10.0.201\Microsoft.Common.CurrentVersion.targets(2451,5): warning MSB3277:             C:\Users\ultra\warewolf\Dev\Dev2.Studio.Interfaces\bin\Debug\net8.0\Dev2.Studio.Interfaces.dll [C:\Users\ultra\warewolf\Dev\Warewolf.Studio.Themes.Luna\Warewolf.Studio.Themes.Luna.csproj]
C:\Program Files\dotnet\sdk\10.0.201\Microsoft.Common.CurrentVersion.targets(2451,5): warning MSB3277:             C:\Users\ultra\warewolf\Dev\Warewolf.Studio.Core\bin\Debug\net8.0\Warewolf.Studio.Core.dll [C:\Users\ultra\warewolf\Dev\Warewolf.Studio.Themes.Luna\Warewolf.Studio.Themes.Luna.csproj]
C:\Program Files\dotnet\sdk\10.0.201\Microsoft.Common.CurrentVersion.targets(2451,5): warning MSB3277:             C:\Users\ultra\warewolf\Dev\Warewolf.Studio.CustomControls\bin\Debug\net8.0\Warewolf.Studio.CustomControls.dll [C:\Users\ultra\warewolf\Dev\Warewolf.Studio.Themes.Luna\Warewolf.Studio.Themes.Luna.csproj]
C:\Program Files\dotnet\sdk\10.0.201\Microsoft.Common.CurrentVersion.targets(2451,5): warning MSB3277:             C:\Users\ultra\warewolf\Dev\Dev2.Services.Execution\bin\Debug\net8.0\Dev2.Services.Execution.dll [C:\Users\ultra\warewolf\Dev\Warewolf.Studio.Themes.Luna\Warewolf.Studio.Themes.Luna.csproj]
C:\Program Files\dotnet\sdk\10.0.201\Microsoft.Common.CurrentVersion.targets(2451,5): warning MSB3277:             C:\Users\ultra\warewolf\Dev\Dev2.Services.Sql\bin\Debug\net8.0\Dev2.Services.Sql.dll [C:\Users\ultra\warewolf\Dev\Warewolf.Studio.Themes.Luna\Warewolf.Studio.Themes.Luna.csproj]
C:\Program Files\dotnet\sdk\10.0.201\Microsoft.Common.CurrentVersion.targets(2451,5): warning MSB3277:             C:\Users\ultra\warewolf\Dev\Warewolf.Driver.Persistence\bin\Debug\net8.0\Warewolf.Driver.Persistence.dll [C:\Users\ultra\warewolf\Dev\Warewolf.Studio.Themes.Luna\Warewolf.Studio.Themes.Luna.csproj]
C:\Program Files\dotnet\sdk\10.0.201\Microsoft.Common.CurrentVersion.targets(2451,5): warning MSB3277:         C:\Users\ultra\.nuget\packages\oracle.manageddataaccess.core\3.21.70\lib\netstandard2.1\Oracle.ManagedDataAccess.dll [C:\Users\ultra\warewolf\Dev\Warewolf.Studio.Themes.Luna\Warewolf.Studio.Themes.Luna.csproj]
C:\Program Files\dotnet\sdk\10.0.201\Microsoft.Common.CurrentVersion.targets(2451,5): warning MSB3277:           Project file item includes which caused reference "C:\Users\ultra\.nuget\packages\oracle.manageddataaccess.core\3.21.70\lib\netstandard2.1\Oracle.ManagedDataAccess.dll". [C:\Users\ultra\warewolf\Dev\Warewolf.Studio.Themes.Luna\Warewolf.Studio.Themes.Luna.csproj]
C:\Program Files\dotnet\sdk\10.0.201\Microsoft.Common.CurrentVersion.targets(2451,5): warning MSB3277:             C:\Users\ultra\.nuget\packages\oracle.manageddataaccess.core\3.21.70\lib\netstandard2.1\Oracle.ManagedDataAccess.dll [C:\Users\ultra\warewolf\Dev\Warewolf.Studio.Themes.Luna\Warewolf.Studio.Themes.Luna.csproj]
C:\Program Files\dotnet\sdk\10.0.201\Microsoft.Common.CurrentVersion.targets(2451,5): warning MSB3277:             C:\Users\ultra\warewolf\Dev\Dev2.Runtime.Services\bin\Debug\net8.0\Dev2.Runtime.Services.dll [C:\Users\ultra\warewolf\Dev\Warewolf.Studio.Themes.Luna\Warewolf.Studio.Themes.Luna.csproj]
C:\Program Files\dotnet\sdk\10.0.201\Microsoft.Common.CurrentVersion.targets(2451,5): warning MSB3277:             C:\Users\ultra\warewolf\Dev\Dev2.Studio.Core\bin\Debug\net8.0\Dev2.Studio.Core.dll [C:\Users\ultra\warewolf\Dev\Warewolf.Studio.Themes.Luna\Warewolf.Studio.Themes.Luna.csproj]
C:\Program Files\dotnet\sdk\10.0.201\Microsoft.Common.CurrentVersion.targets(2451,5): warning MSB3277:             C:\Users\ultra\warewolf\Dev\Dev2.Intellisense\bin\Debug\net8.0\Dev2.Intellisense.dll [C:\Users\ultra\warewolf\Dev\Warewolf.Studio.Themes.Luna\Warewolf.Studio.Themes.Luna.csproj]
C:\Program Files\dotnet\sdk\10.0.201\Microsoft.Common.CurrentVersion.targets(2451,5): warning MSB3277:             C:\Users\ultra\warewolf\Dev\Dev2.Studio.Interfaces\bin\Debug\net8.0\Dev2.Studio.Interfaces.dll [C:\Users\ultra\warewolf\Dev\Warewolf.Studio.Themes.Luna\Warewolf.Studio.Themes.Luna.csproj]
C:\Program Files\dotnet\sdk\10.0.201\Microsoft.Common.CurrentVersion.targets(2451,5): warning MSB3277:             C:\Users\ultra\warewolf\Dev\Warewolf.Studio.Core\bin\Debug\net8.0\Warewolf.Studio.Core.dll [C:\Users\ultra\warewolf\Dev\Warewolf.Studio.Themes.Luna\Warewolf.Studio.Themes.Luna.csproj]
C:\Program Files\dotnet\sdk\10.0.201\Microsoft.Common.CurrentVersion.targets(2451,5): warning MSB3277:             C:\Users\ultra\warewolf\Dev\Warewolf.Studio.CustomControls\bin\Debug\net8.0\Warewolf.Studio.CustomControls.dll [C:\Users\ultra\warewolf\Dev\Warewolf.Studio.Themes.Luna\Warewolf.Studio.Themes.Luna.csproj]
C:\Program Files\dotnet\sdk\10.0.201\Microsoft.Common.CurrentVersion.targets(2451,5): warning MSB3277:             C:\Users\ultra\warewolf\Dev\Dev2.Activities\bin\Debug\net8.0\Dev2.Activities.dll [C:\Users\ultra\warewolf\Dev\Warewolf.Studio.Themes.Luna\Warewolf.Studio.Themes.Luna.csproj]
C:\Program Files\dotnet\sdk\10.0.201\Microsoft.Common.CurrentVersion.targets(2451,5): warning MSB3277:             C:\Users\ultra\warewolf\Dev\Dev2.Services.Execution\bin\Debug\net8.0\Dev2.Services.Execution.dll [C:\Users\ultra\warewolf\Dev\Warewolf.Studio.Themes.Luna\Warewolf.Studio.Themes.Luna.csproj]
C:\Program Files\dotnet\sdk\10.0.201\Microsoft.Common.CurrentVersion.targets(2451,5): warning MSB3277:             C:\Users\ultra\warewolf\Dev\Dev2.Services.Sql\bin\Debug\net8.0\Dev2.Services.Sql.dll [C:\Users\ultra\warewolf\Dev\Warewolf.Studio.Themes.Luna\Warewolf.Studio.Themes.Luna.csproj]
C:\Program Files\dotnet\sdk\10.0.201\Microsoft.Common.CurrentVersion.targets(2451,5): warning MSB3277:             C:\Users\ultra\warewolf\Dev\Warewolf.Driver.Persistence\bin\Debug\net8.0\Warewolf.Driver.Persistence.dll [C:\Users\ultra\warewolf\Dev\Warewolf.Studio.Themes.Luna\Warewolf.Studio.Themes.Luna.csproj]
C:\Program Files\dotnet\sdk\10.0.201\Microsoft.Common.CurrentVersion.targets(2451,5): warning MSB3277:         C:\Users\ultra\.nuget\packages\system.directoryservices\6.0.0\lib\net6.0\System.DirectoryServices.dll [C:\Users\ultra\warewolf\Dev\Warewolf.Studio.Themes.Luna\Warewolf.Studio.Themes.Luna.csproj]
C:\Program Files\dotnet\sdk\10.0.201\Microsoft.Common.CurrentVersion.targets(2451,5): warning MSB3277:           Project file item includes which caused reference "C:\Users\ultra\.nuget\packages\system.directoryservices\6.0.0\lib\net6.0\System.DirectoryServices.dll". [C:\Users\ultra\warewolf\Dev\Warewolf.Studio.Themes.Luna\Warewolf.Studio.Themes.Luna.csproj]
C:\Program Files\dotnet\sdk\10.0.201\Microsoft.Common.CurrentVersion.targets(2451,5): warning MSB3277:             C:\Users\ultra\.nuget\packages\system.directoryservices\6.0.0\lib\net6.0\System.DirectoryServices.dll [C:\Users\ultra\warewolf\Dev\Warewolf.Studio.Themes.Luna\Warewolf.Studio.Themes.Luna.csproj]
C:\Program Files\dotnet\sdk\10.0.201\Microsoft.Common.CurrentVersion.targets(2451,5): warning MSB3277:             C:\Users\ultra\.nuget\packages\corewcf.primitives\1.2.1\lib\netstandard2.0\CoreWCF.Primitives.dll [C:\Users\ultra\warewolf\Dev\Warewolf.Studio.Themes.Luna\Warewolf.Studio.Themes.Luna.csproj]
C:\Program Files\dotnet\sdk\10.0.201\Microsoft.Common.CurrentVersion.targets(2451,5): warning MSB3277:             C:\Users\ultra\warewolf\Dev\Dev2.Runtime.Services\bin\Debug\net8.0\Dev2.Runtime.Services.dll [C:\Users\ultra\warewolf\Dev\Warewolf.Studio.Themes.Luna\Warewolf.Studio.Themes.Luna.csproj]
C:\Program Files\dotnet\sdk\10.0.201\Microsoft.Common.CurrentVersion.targets(2451,5): warning MSB3277:             C:\Users\ultra\warewolf\Dev\Dev2.Studio.Core\bin\Debug\net8.0\Dev2.Studio.Core.dll [C:\Users\ultra\warewolf\Dev\Warewolf.Studio.Themes.Luna\Warewolf.Studio.Themes.Luna.csproj]
C:\Program Files\dotnet\sdk\10.0.201\Microsoft.Common.CurrentVersion.targets(2451,5): warning MSB3277:             C:\Users\ultra\warewolf\Dev\Dev2.Intellisense\bin\Debug\net8.0\Dev2.Intellisense.dll [C:\Users\ultra\warewolf\Dev\Warewolf.Studio.Themes.Luna\Warewolf.Studio.Themes.Luna.csproj]
C:\Program Files\dotnet\sdk\10.0.201\Microsoft.Common.CurrentVersion.targets(2451,5): warning MSB3277:             C:\Users\ultra\warewolf\Dev\Dev2.Studio.Interfaces\bin\Debug\net8.0\Dev2.Studio.Interfaces.dll [C:\Users\ultra\warewolf\Dev\Warewolf.Studio.Themes.Luna\Warewolf.Studio.Themes.Luna.csproj]
C:\Program Files\dotnet\sdk\10.0.201\Microsoft.Common.CurrentVersion.targets(2451,5): warning MSB3277:             C:\Users\ultra\warewolf\Dev\Warewolf.Studio.Core\bin\Debug\net8.0\Warewolf.Studio.Core.dll [C:\Users\ultra\warewolf\Dev\Warewolf.Studio.Themes.Luna\Warewolf.Studio.Themes.Luna.csproj]
C:\Program Files\dotnet\sdk\10.0.201\Microsoft.Common.CurrentVersion.targets(2451,5): warning MSB3277:             C:\Users\ultra\warewolf\Dev\Warewolf.Studio.CustomControls\bin\Debug\net8.0\Warewolf.Studio.CustomControls.dll [C:\Users\ultra\warewolf\Dev\Warewolf.Studio.Themes.Luna\Warewolf.Studio.Themes.Luna.csproj]
C:\Program Files\dotnet\sdk\10.0.201\Microsoft.Common.CurrentVersion.targets(2451,5): warning MSB3277:             C:\Users\ultra\warewolf\Dev\Dev2.Activities\bin\Debug\net8.0\Dev2.Activities.dll [C:\Users\ultra\warewolf\Dev\Warewolf.Studio.Themes.Luna\Warewolf.Studio.Themes.Luna.csproj]
C:\Program Files\dotnet\sdk\10.0.201\Microsoft.Common.CurrentVersion.targets(2451,5): warning MSB3277:             C:\Users\ultra\warewolf\Dev\Dev2.Services.Execution\bin\Debug\net8.0\Dev2.Services.Execution.dll [C:\Users\ultra\warewolf\Dev\Warewolf.Studio.Themes.Luna\Warewolf.Studio.Themes.Luna.csproj]
C:\Program Files\dotnet\sdk\10.0.201\Microsoft.Common.CurrentVersion.targets(2451,5): warning MSB3277:             C:\Users\ultra\warewolf\Dev\Warewolf.Driver.Persistence\bin\Debug\net8.0\Warewolf.Driver.Persistence.dll [C:\Users\ultra\warewolf\Dev\Warewolf.Studio.Themes.Luna\Warewolf.Studio.Themes.Luna.csproj]
C:\Program Files\dotnet\sdk\10.0.201\Microsoft.Common.CurrentVersion.targets(2451,5): warning MSB3277:             C:\Users\ultra\.nuget\packages\corewcf.http\1.2.1\lib\netstandard2.0\CoreWCF.Http.dll [C:\Users\ultra\warewolf\Dev\Warewolf.Studio.Themes.Luna\Warewolf.Studio.Themes.Luna.csproj]
C:\Program Files\dotnet\sdk\10.0.201\Microsoft.Common.CurrentVersion.targets(2451,5): warning MSB3277:             C:\Users\ultra\.nuget\packages\corewcf.nettcp\1.2.1\lib\netstandard2.0\CoreWCF.NetTcp.dll [C:\Users\ultra\warewolf\Dev\Warewolf.Studio.Themes.Luna\Warewolf.Studio.Themes.Luna.csproj]
C:\Program Files\dotnet\sdk\10.0.201\Microsoft.Common.CurrentVersion.targets(2451,5): warning MSB3277:             C:\Users\ultra\.nuget\packages\corewcf.webhttp\1.2.1\lib\netstandard2.0\CoreWCF.WebHttp.dll [C:\Users\ultra\warewolf\Dev\Warewolf.Studio.Themes.Luna\Warewolf.Studio.Themes.Luna.csproj]
C:\Program Files\dotnet\sdk\10.0.201\Microsoft.Common.CurrentVersion.targets(2451,5): warning MSB3277:         C:\Program Files\dotnet\packs\Microsoft.NETCore.App.Ref\8.0.25\ref\net8.0\System.Configuration.dll [C:\Users\ultra\warewolf\Dev\Warewolf.Studio.Themes.Luna\Warewolf.Studio.Themes.Luna.csproj]
C:\Program Files\dotnet\sdk\10.0.201\Microsoft.Common.CurrentVersion.targets(2451,5): warning MSB3277:           Project file item includes which caused reference "C:\Program Files\dotnet\packs\Microsoft.NETCore.App.Ref\8.0.25\ref\net8.0\System.Configuration.dll". [C:\Users\ultra\warewolf\Dev\Warewolf.Studio.Themes.Luna\Warewolf.Studio.Themes.Luna.csproj]
C:\Program Files\dotnet\sdk\10.0.201\Microsoft.Common.CurrentVersion.targets(2451,5): warning MSB3277:             C:\Program Files\dotnet\packs\Microsoft.NETCore.App.Ref\8.0.25\ref/net8.0/System.Configuration.dll [C:\Users\ultra\warewolf\Dev\Warewolf.Studio.Themes.Luna\Warewolf.Studio.Themes.Luna.csproj]
C:\Program Files\dotnet\sdk\10.0.201\Microsoft.Common.CurrentVersion.targets(2451,5): warning MSB3277:             C:\Users\ultra\.nuget\packages\prism.wpf\9.0.537\lib\net462\Prism.Wpf.dll [C:\Users\ultra\warewolf\Dev\Warewolf.Studio.Themes.Luna\Warewolf.Studio.Themes.Luna.csproj]
C:\Program Files\dotnet\sdk\10.0.201\Microsoft.Common.CurrentVersion.targets(2451,5): warning MSB3277:         C:\Program Files\dotnet\packs\Microsoft.NETCore.App.Ref\8.0.25\ref\net8.0\System.Data.dll [C:\Users\ultra\warewolf\Dev\Warewolf.Studio.Themes.Luna\Warewolf.Studio.Themes.Luna.csproj]
C:\Program Files\dotnet\sdk\10.0.201\Microsoft.Common.CurrentVersion.targets(2451,5): warning MSB3277:           Project file item includes which caused reference "C:\Program Files\dotnet\packs\Microsoft.NETCore.App.Ref\8.0.25\ref\net8.0\System.Data.dll". [C:\Users\ultra\warewolf\Dev\Warewolf.Studio.Themes.Luna\Warewolf.Studio.Themes.Luna.csproj]
C:\Program Files\dotnet\sdk\10.0.201\Microsoft.Common.CurrentVersion.targets(2451,5): warning MSB3277:             C:\Program Files\dotnet\packs\Microsoft.NETCore.App.Ref\8.0.25\ref/net8.0/System.Data.dll [C:\Users\ultra\warewolf\Dev\Warewolf.Studio.Themes.Luna\Warewolf.Studio.Themes.Luna.csproj]
C:\Program Files\dotnet\sdk\10.0.201\Microsoft.Common.CurrentVersion.targets(2451,5): warning MSB3277:             C:\Users\ultra\.nuget\packages\taskschedulereditor\2.10.1\lib\net452\Microsoft.Win32.TaskSchedulerEditor.dll [C:\Users\ultra\warewolf\Dev\Warewolf.Studio.Themes.Luna\Warewolf.Studio.Themes.Luna.csproj]
C:\Program Files\dotnet\sdk\10.0.201\Microsoft.Common.CurrentVersion.targets(2451,5): warning MSB3277:         C:\Program Files\dotnet\packs\Microsoft.NETCore.App.Ref\8.0.25\ref\net8.0\System.Drawing.dll [C:\Users\ultra\warewolf\Dev\Warewolf.Studio.Themes.Luna\Warewolf.Studio.Themes.Luna.csproj]
C:\Program Files\dotnet\sdk\10.0.201\Microsoft.Common.CurrentVersion.targets(2451,5): warning MSB3277:           Project file item includes which caused reference "C:\Program Files\dotnet\packs\Microsoft.NETCore.App.Ref\8.0.25\ref\net8.0\System.Drawing.dll". [C:\Users\ultra\warewolf\Dev\Warewolf.Studio.Themes.Luna\Warewolf.Studio.Themes.Luna.csproj]
C:\Program Files\dotnet\sdk\10.0.201\Microsoft.Common.CurrentVersion.targets(2451,5): warning MSB3277:             C:\Program Files\dotnet\packs\Microsoft.NETCore.App.Ref\8.0.25\ref/net8.0/System.Drawing.dll [C:\Users\ultra\warewolf\Dev\Warewolf.Studio.Themes.Luna\Warewolf.Studio.Themes.Luna.csproj]
C:\Program Files\dotnet\sdk\10.0.201\Microsoft.Common.CurrentVersion.targets(2451,5): warning MSB3277:             C:\Users\ultra\.nuget\packages\aerowizard\2.3.1\lib\net45\AeroWizard.dll [C:\Users\ultra\warewolf\Dev\Warewolf.Studio.Themes.Luna\Warewolf.Studio.Themes.Luna.csproj]
C:\Program Files\dotnet\sdk\10.0.201\Microsoft.Common.CurrentVersion.targets(2451,5): warning MSB3277:             C:\Users\ultra\.nuget\packages\groupcontrols\1.9.0\lib\net45\GroupControls.dll [C:\Users\ultra\warewolf\Dev\Warewolf.Studio.Themes.Luna\Warewolf.Studio.Themes.Luna.csproj]
C:\Program Files\dotnet\sdk\10.0.201\Microsoft.Common.CurrentVersion.targets(2451,5): warning MSB3277:             C:\Users\ultra\.nuget\packages\taskschedulereditor\2.10.1\lib\net452\Microsoft.Win32.TaskSchedulerEditor.dll [C:\Users\ultra\warewolf\Dev\Warewolf.Studio.Themes.Luna\Warewolf.Studio.Themes.Luna.csproj]
C:\Program Files\dotnet\sdk\10.0.201\Microsoft.Common.CurrentVersion.targets(2451,5): warning MSB3277:         C:\Program Files\dotnet\packs\Microsoft.NETCore.App.Ref\8.0.25\ref\net8.0\System.Net.dll [C:\Users\ultra\warewolf\Dev\Warewolf.Studio.Themes.Luna\Warewolf.Studio.Themes.Luna.csproj]
C:\Program Files\dotnet\sdk\10.0.201\Microsoft.Common.CurrentVersion.targets(2451,5): warning MSB3277:           Project file item includes which caused reference "C:\Program Files\dotnet\packs\Microsoft.NETCore.App.Ref\8.0.25\ref\net8.0\System.Net.dll". [C:\Users\ultra\warewolf\Dev\Warewolf.Studio.Themes.Luna\Warewolf.Studio.Themes.Luna.csproj]
C:\Program Files\dotnet\sdk\10.0.201\Microsoft.Common.CurrentVersion.targets(2451,5): warning MSB3277:             C:\Program Files\dotnet\packs\Microsoft.NETCore.App.Ref\8.0.25\ref/net8.0/System.Net.dll [C:\Users\ultra\warewolf\Dev\Warewolf.Studio.Themes.Luna\Warewolf.Studio.Themes.Luna.csproj]
C:\Program Files\dotnet\sdk\10.0.201\Microsoft.Common.CurrentVersion.targets(2451,5): warning MSB3277:         C:\Program Files\dotnet\packs\Microsoft.NETCore.App.Ref\8.0.25\ref\net8.0\System.Security.dll [C:\Users\ultra\warewolf\Dev\Warewolf.Studio.Themes.Luna\Warewolf.Studio.Themes.Luna.csproj]
C:\Program Files\dotnet\sdk\10.0.201\Microsoft.Common.CurrentVersion.targets(2451,5): warning MSB3277:           Project file item includes which caused reference "C:\Program Files\dotnet\packs\Microsoft.NETCore.App.Ref\8.0.25\ref\net8.0\System.Security.dll". [C:\Users\ultra\warewolf\Dev\Warewolf.Studio.Themes.Luna\Warewolf.Studio.Themes.Luna.csproj]
C:\Program Files\dotnet\sdk\10.0.201\Microsoft.Common.CurrentVersion.targets(2451,5): warning MSB3277:             C:\Program Files\dotnet\packs\Microsoft.NETCore.App.Ref\8.0.25\ref/net8.0/System.Security.dll [C:\Users\ultra\warewolf\Dev\Warewolf.Studio.Themes.Luna\Warewolf.Studio.Themes.Luna.csproj]
C:\Program Files\dotnet\sdk\10.0.201\Microsoft.Common.CurrentVersion.targets(2451,5): warning MSB3277:         C:\Program Files\dotnet\packs\Microsoft.NETCore.App.Ref\8.0.25\ref\net8.0\System.ServiceProcess.dll [C:\Users\ultra\warewolf\Dev\Warewolf.Studio.Themes.Luna\Warewolf.Studio.Themes.Luna.csproj]
C:\Program Files\dotnet\sdk\10.0.201\Microsoft.Common.CurrentVersion.targets(2451,5): warning MSB3277:           Project file item includes which caused reference "C:\Program Files\dotnet\packs\Microsoft.NETCore.App.Ref\8.0.25\ref\net8.0\System.ServiceProcess.dll". [C:\Users\ultra\warewolf\Dev\Warewolf.Studio.Themes.Luna\Warewolf.Studio.Themes.Luna.csproj]
C:\Program Files\dotnet\sdk\10.0.201\Microsoft.Common.CurrentVersion.targets(2451,5): warning MSB3277:             C:\Program Files\dotnet\packs\Microsoft.NETCore.App.Ref\8.0.25\ref/net8.0/System.ServiceProcess.dll [C:\Users\ultra\warewolf\Dev\Warewolf.Studio.Themes.Luna\Warewolf.Studio.Themes.Luna.csproj]
C:\Program Files\dotnet\sdk\10.0.201\Microsoft.Common.CurrentVersion.targets(2451,5): warning MSB3277:         C:\Program Files\dotnet\packs\Microsoft.NETCore.App.Ref\8.0.25\ref\net8.0\System.Transactions.dll [C:\Users\ultra\warewolf\Dev\Warewolf.Studio.Themes.Luna\Warewolf.Studio.Themes.Luna.csproj]
C:\Program Files\dotnet\sdk\10.0.201\Microsoft.Common.CurrentVersion.targets(2451,5): warning MSB3277:           Project file item includes which caused reference "C:\Program Files\dotnet\packs\Microsoft.NETCore.App.Ref\8.0.25\ref\net8.0\System.Transactions.dll". [C:\Users\ultra\warewolf\Dev\Warewolf.Studio.Themes.Luna\Warewolf.Studio.Themes.Luna.csproj]
C:\Program Files\dotnet\sdk\10.0.201\Microsoft.Common.CurrentVersion.targets(2451,5): warning MSB3277:             C:\Program Files\dotnet\packs\Microsoft.NETCore.App.Ref\8.0.25\ref/net8.0/System.Transactions.dll [C:\Users\ultra\warewolf\Dev\Warewolf.Studio.Themes.Luna\Warewolf.Studio.Themes.Luna.csproj]
C:\Program Files\dotnet\sdk\10.0.201\Microsoft.Common.CurrentVersion.targets(2451,5): warning MSB3277:         C:\Program Files\dotnet\packs\Microsoft.NETCore.App.Ref\8.0.25\ref\net8.0\System.dll [C:\Users\ultra\warewolf\Dev\Warewolf.Studio.Themes.Luna\Warewolf.Studio.Themes.Luna.csproj]
C:\Program Files\dotnet\sdk\10.0.201\Microsoft.Common.CurrentVersion.targets(2451,5): warning MSB3277:           Project file item includes which caused reference "C:\Program Files\dotnet\packs\Microsoft.NETCore.App.Ref\8.0.25\ref\net8.0\System.dll". [C:\Users\ultra\warewolf\Dev\Warewolf.Studio.Themes.Luna\Warewolf.Studio.Themes.Luna.csproj]
C:\Program Files\dotnet\sdk\10.0.201\Microsoft.Common.CurrentVersion.targets(2451,5): warning MSB3277:             C:\Program Files\dotnet\packs\Microsoft.NETCore.App.Ref\8.0.25\ref/net8.0/System.dll [C:\Users\ultra\warewolf\Dev\Warewolf.Studio.Themes.Luna\Warewolf.Studio.Themes.Luna.csproj]
C:\Program Files\dotnet\sdk\10.0.201\Microsoft.Common.CurrentVersion.targets(2451,5): warning MSB3277:             C:\Users\ultra\.nuget\packages\aerowizard\2.3.1\lib\net45\AeroWizard.dll [C:\Users\ultra\warewolf\Dev\Warewolf.Studio.Themes.Luna\Warewolf.Studio.Themes.Luna.csproj]
C:\Program Files\dotnet\sdk\10.0.201\Microsoft.Common.CurrentVersion.targets(2451,5): warning MSB3277:             C:\Users\ultra\.nuget\packages\groupcontrols\1.9.0\lib\net45\GroupControls.dll [C:\Users\ultra\warewolf\Dev\Warewolf.Studio.Themes.Luna\Warewolf.Studio.Themes.Luna.csproj]
C:\Program Files\dotnet\sdk\10.0.201\Microsoft.Common.CurrentVersion.targets(2451,5): warning MSB3277:             C:\Users\ultra\.nuget\packages\microsoft.xaml.behaviors.wpf\1.1.122\lib\net462\Microsoft.Xaml.Behaviors.dll [C:\Users\ultra\warewolf\Dev\Warewolf.Studio.Themes.Luna\Warewolf.Studio.Themes.Luna.csproj]
C:\Program Files\dotnet\sdk\10.0.201\Microsoft.Common.CurrentVersion.targets(2451,5): warning MSB3277:             C:\Users\ultra\.nuget\packages\caliburn.micro\4.0.212\lib\netcoreapp3.1\Caliburn.Micro.Platform.dll [C:\Users\ultra\warewolf\Dev\Warewolf.Studio.Themes.Luna\Warewolf.Studio.Themes.Luna.csproj]
C:\Program Files\dotnet\sdk\10.0.201\Microsoft.Common.CurrentVersion.targets(2451,5): warning MSB3277:             C:\Users\ultra\.nuget\packages\prism.wpf\9.0.537\lib\net462\Prism.Wpf.dll [C:\Users\ultra\warewolf\Dev\Warewolf.Studio.Themes.Luna\Warewolf.Studio.Themes.Luna.csproj]
C:\Program Files\dotnet\sdk\10.0.201\Microsoft.Common.CurrentVersion.targets(2451,5): warning MSB3277:             C:\Users\ultra\.nuget\packages\reactiveui.wpf\18.4.1\lib\net462\ReactiveUI.Wpf.dll [C:\Users\ultra\warewolf\Dev\Warewolf.Studio.Themes.Luna\Warewolf.Studio.Themes.Luna.csproj]
C:\Program Files\dotnet\sdk\10.0.201\Microsoft.Common.CurrentVersion.targets(2451,5): warning MSB3277:             C:\Users\ultra\.nuget\packages\taskschedulereditor\2.10.1\lib\net452\Microsoft.Win32.TaskSchedulerEditor.dll [C:\Users\ultra\warewolf\Dev\Warewolf.Studio.Themes.Luna\Warewolf.Studio.Themes.Luna.csproj]
C:\Program Files\dotnet\sdk\10.0.201\Microsoft.Common.CurrentVersion.targets(2451,5): warning MSB3277:             C:\Users\ultra\.nuget\packages\ttcue.netcore.sharepointonline.csom.16.1.8029.1200\16.1.8029.1200\lib\netcoreapp2.0\Microsoft.SharePoint.Client.Runtime.Windows.dll [C:\Users\ultra\warewolf\Dev\Warewolf.Studio.Themes.Luna\Warewolf.Studio.Themes.Luna.csproj]
C:\Program Files\dotnet\sdk\10.0.201\Microsoft.Common.CurrentVersion.targets(2451,5): warning MSB3277:         C:\Program Files\dotnet\packs\Microsoft.NETCore.App.Ref\8.0.25\ref\net8.0\WindowsBase.dll [C:\Users\ultra\warewolf\Dev\Warewolf.Studio.Themes.Luna\Warewolf.Studio.Themes.Luna.csproj]
C:\Program Files\dotnet\sdk\10.0.201\Microsoft.Common.CurrentVersion.targets(2451,5): warning MSB3277:           Project file item includes which caused reference "C:\Program Files\dotnet\packs\Microsoft.NETCore.App.Ref\8.0.25\ref\net8.0\WindowsBase.dll". [C:\Users\ultra\warewolf\Dev\Warewolf.Studio.Themes.Luna\Warewolf.Studio.Themes.Luna.csproj]
C:\Program Files\dotnet\sdk\10.0.201\Microsoft.Common.CurrentVersion.targets(2451,5): warning MSB3277:             C:\Program Files\dotnet\packs\Microsoft.NETCore.App.Ref\8.0.25\ref/net8.0/WindowsBase.dll [C:\Users\ultra\warewolf\Dev\Warewolf.Studio.Themes.Luna\Warewolf.Studio.Themes.Luna.csproj]
C:\Program Files\dotnet\sdk\10.0.201\Microsoft.Common.CurrentVersion.targets(2451,5): warning MSB3277:         C:\Program Files\dotnet\packs\Microsoft.NETCore.App.Ref\8.0.25\ref\net8.0\mscorlib.dll [C:\Users\ultra\warewolf\Dev\Warewolf.Studio.Themes.Luna\Warewolf.Studio.Themes.Luna.csproj]
C:\Program Files\dotnet\sdk\10.0.201\Microsoft.Common.CurrentVersion.targets(2451,5): warning MSB3277:           Project file item includes which caused reference "C:\Program Files\dotnet\packs\Microsoft.NETCore.App.Ref\8.0.25\ref\net8.0\mscorlib.dll". [C:\Users\ultra\warewolf\Dev\Warewolf.Studio.Themes.Luna\Warewolf.Studio.Themes.Luna.csproj]
C:\Program Files\dotnet\sdk\10.0.201\Microsoft.Common.CurrentVersion.targets(2451,5): warning MSB3277:             C:\Program Files\dotnet\packs\Microsoft.NETCore.App.Ref\8.0.25\ref/net8.0/mscorlib.dll [C:\Users\ultra\warewolf\Dev\Warewolf.Studio.Themes.Luna\Warewolf.Studio.Themes.Luna.csproj]
C:\Program Files\dotnet\sdk\10.0.201\Microsoft.Common.CurrentVersion.targets(2451,5): warning MSB3277:             C:\Users\ultra\.nuget\packages\aerowizard\2.3.1\lib\net45\AeroWizard.dll [C:\Users\ultra\warewolf\Dev\Warewolf.Studio.Themes.Luna\Warewolf.Studio.Themes.Luna.csproj]
C:\Program Files\dotnet\sdk\10.0.201\Microsoft.Common.CurrentVersion.targets(2451,5): warning MSB3277:             C:\Users\ultra\.nuget\packages\groupcontrols\1.9.0\lib\net45\GroupControls.dll [C:\Users\ultra\warewolf\Dev\Warewolf.Studio.Themes.Luna\Warewolf.Studio.Themes.Luna.csproj]
C:\Program Files\dotnet\sdk\10.0.201\Microsoft.Common.CurrentVersion.targets(2451,5): warning MSB3277:             C:\Users\ultra\.nuget\packages\hangfire.core\1.7.32\lib\netstandard2.0\Hangfire.Core.dll [C:\Users\ultra\warewolf\Dev\Warewolf.Studio.Themes.Luna\Warewolf.Studio.Themes.Luna.csproj]
C:\Program Files\dotnet\sdk\10.0.201\Microsoft.Common.CurrentVersion.targets(2451,5): warning MSB3277:             C:\Users\ultra\warewolf\Dev\Dev2.Activities\bin\Debug\net8.0\Dev2.Activities.dll [C:\Users\ultra\warewolf\Dev\Warewolf.Studio.Themes.Luna\Warewolf.Studio.Themes.Luna.csproj]
C:\Program Files\dotnet\sdk\10.0.201\Microsoft.Common.CurrentVersion.targets(2451,5): warning MSB3277:             C:\Users\ultra\warewolf\Dev\Dev2.Studio.Core\bin\Debug\net8.0\Dev2.Studio.Core.dll [C:\Users\ultra\warewolf\Dev\Warewolf.Studio.Themes.Luna\Warewolf.Studio.Themes.Luna.csproj]
C:\Program Files\dotnet\sdk\10.0.201\Microsoft.Common.CurrentVersion.targets(2451,5): warning MSB3277:             C:\Users\ultra\warewolf\Dev\Dev2.Intellisense\bin\Debug\net8.0\Dev2.Intellisense.dll [C:\Users\ultra\warewolf\Dev\Warewolf.Studio.Themes.Luna\Warewolf.Studio.Themes.Luna.csproj]
C:\Program Files\dotnet\sdk\10.0.201\Microsoft.Common.CurrentVersion.targets(2451,5): warning MSB3277:             C:\Users\ultra\warewolf\Dev\Warewolf.Driver.Persistence\bin\Debug\net8.0\Warewolf.Driver.Persistence.dll [C:\Users\ultra\warewolf\Dev\Warewolf.Studio.Themes.Luna\Warewolf.Studio.Themes.Luna.csproj]
C:\Program Files\dotnet\sdk\10.0.201\Microsoft.Common.CurrentVersion.targets(2451,5): warning MSB3277:             C:\Users\ultra\.nuget\packages\hangfire.sqlserver\1.7.32\lib\netstandard2.0\Hangfire.SqlServer.dll [C:\Users\ultra\warewolf\Dev\Warewolf.Studio.Themes.Luna\Warewolf.Studio.Themes.Luna.csproj]
C:\Program Files\dotnet\sdk\10.0.201\Microsoft.Common.CurrentVersion.targets(2451,5): warning MSB3277:             C:\Users\ultra\.nuget\packages\microsoft.xaml.behaviors.wpf\1.1.122\lib\net462\Microsoft.Xaml.Behaviors.dll [C:\Users\ultra\warewolf\Dev\Warewolf.Studio.Themes.Luna\Warewolf.Studio.Themes.Luna.csproj]
C:\Program Files\dotnet\sdk\10.0.201\Microsoft.Common.CurrentVersion.targets(2451,5): warning MSB3277:             C:\Users\ultra\.nuget\packages\caliburn.micro\4.0.212\lib\netcoreapp3.1\Caliburn.Micro.Platform.dll [C:\Users\ultra\warewolf\Dev\Warewolf.Studio.Themes.Luna\Warewolf.Studio.Themes.Luna.csproj]
C:\Program Files\dotnet\sdk\10.0.201\Microsoft.Common.CurrentVersion.targets(2451,5): warning MSB3277:             C:\Users\ultra\.nuget\packages\oracle.manageddataaccess.core\3.21.70\lib\netstandard2.1\Oracle.ManagedDataAccess.dll [C:\Users\ultra\warewolf\Dev\Warewolf.Studio.Themes.Luna\Warewolf.Studio.Themes.Luna.csproj]
C:\Program Files\dotnet\sdk\10.0.201\Microsoft.Common.CurrentVersion.targets(2451,5): warning MSB3277:             C:\Users\ultra\warewolf\Dev\Dev2.Runtime.Services\bin\Debug\net8.0\Dev2.Runtime.Services.dll [C:\Users\ultra\warewolf\Dev\Warewolf.Studio.Themes.Luna\Warewolf.Studio.Themes.Luna.csproj]
C:\Program Files\dotnet\sdk\10.0.201\Microsoft.Common.CurrentVersion.targets(2451,5): warning MSB3277:             C:\Users\ultra\warewolf\Dev\Dev2.Studio.Interfaces\bin\Debug\net8.0\Dev2.Studio.Interfaces.dll [C:\Users\ultra\warewolf\Dev\Warewolf.Studio.Themes.Luna\Warewolf.Studio.Themes.Luna.csproj]
C:\Program Files\dotnet\sdk\10.0.201\Microsoft.Common.CurrentVersion.targets(2451,5): warning MSB3277:             C:\Users\ultra\warewolf\Dev\Warewolf.Studio.Core\bin\Debug\net8.0\Warewolf.Studio.Core.dll [C:\Users\ultra\warewolf\Dev\Warewolf.Studio.Themes.Luna\Warewolf.Studio.Themes.Luna.csproj]
C:\Program Files\dotnet\sdk\10.0.201\Microsoft.Common.CurrentVersion.targets(2451,5): warning MSB3277:             C:\Users\ultra\warewolf\Dev\Warewolf.Studio.CustomControls\bin\Debug\net8.0\Warewolf.Studio.CustomControls.dll [C:\Users\ultra\warewolf\Dev\Warewolf.Studio.Themes.Luna\Warewolf.Studio.Themes.Luna.csproj]
C:\Program Files\dotnet\sdk\10.0.201\Microsoft.Common.CurrentVersion.targets(2451,5): warning MSB3277:             C:\Users\ultra\warewolf\Dev\Dev2.Services.Execution\bin\Debug\net8.0\Dev2.Services.Execution.dll [C:\Users\ultra\warewolf\Dev\Warewolf.Studio.Themes.Luna\Warewolf.Studio.Themes.Luna.csproj]
C:\Program Files\dotnet\sdk\10.0.201\Microsoft.Common.CurrentVersion.targets(2451,5): warning MSB3277:             C:\Users\ultra\warewolf\Dev\Dev2.Services.Sql\bin\Debug\net8.0\Dev2.Services.Sql.dll [C:\Users\ultra\warewolf\Dev\Warewolf.Studio.Themes.Luna\Warewolf.Studio.Themes.Luna.csproj]
C:\Program Files\dotnet\sdk\10.0.201\Microsoft.Common.CurrentVersion.targets(2451,5): warning MSB3277:             C:\Users\ultra\.nuget\packages\prism.wpf\9.0.537\lib\net462\Prism.Wpf.dll [C:\Users\ultra\warewolf\Dev\Warewolf.Studio.Themes.Luna\Warewolf.Studio.Themes.Luna.csproj]
C:\Program Files\dotnet\sdk\10.0.201\Microsoft.Common.CurrentVersion.targets(2451,5): warning MSB3277:             C:\Users\ultra\.nuget\packages\reactiveui.wpf\18.4.1\lib\net462\ReactiveUI.Wpf.dll [C:\Users\ultra\warewolf\Dev\Warewolf.Studio.Themes.Luna\Warewolf.Studio.Themes.Luna.csproj]
C:\Program Files\dotnet\sdk\10.0.201\Microsoft.Common.CurrentVersion.targets(2451,5): warning MSB3277:             C:\Users\ultra\.nuget\packages\taskschedulereditor\2.10.1\lib\net452\Microsoft.Win32.TaskSchedulerEditor.dll [C:\Users\ultra\warewolf\Dev\Warewolf.Studio.Themes.Luna\Warewolf.Studio.Themes.Luna.csproj]
C:\Program Files\dotnet\sdk\10.0.201\Microsoft.Common.CurrentVersion.targets(2451,5): warning MSB3277:             C:\Users\ultra\.nuget\packages\ttcue.netcore.sharepointonline.csom.16.1.8029.1200\16.1.8029.1200\lib\netcoreapp2.0\Microsoft.SharePoint.Client.Runtime.Windows.dll [C:\Users\ultra\warewolf\Dev\Warewolf.Studio.Themes.Luna\Warewolf.Studio.Themes.Luna.csproj]
C:\Program Files\dotnet\sdk\10.0.201\Microsoft.Common.CurrentVersion.targets(2451,5): warning MSB3277:         C:\Users\ultra\warewolf\Dev\Dev2.Development.Languages\bin\Debug\net8.0\IronRuby.dll [C:\Users\ultra\warewolf\Dev\Warewolf.Studio.Themes.Luna\Warewolf.Studio.Themes.Luna.csproj]
C:\Program Files\dotnet\sdk\10.0.201\Microsoft.Common.CurrentVersion.targets(2451,5): warning MSB3277:           Project file item includes which caused reference "C:\Users\ultra\warewolf\Dev\Dev2.Development.Languages\bin\Debug\net8.0\IronRuby.dll". [C:\Users\ultra\warewolf\Dev\Warewolf.Studio.Themes.Luna\Warewolf.Studio.Themes.Luna.csproj]
C:\Program Files\dotnet\sdk\10.0.201\Microsoft.Common.CurrentVersion.targets(2451,5): warning MSB3277:             C:\Users\ultra\warewolf\Dev\Dev2.Development.Languages\bin\Debug\net8.0\Dev2.Development.Languages.dll [C:\Users\ultra\warewolf\Dev\Warewolf.Studio.Themes.Luna\Warewolf.Studio.Themes.Luna.csproj]
C:\Program Files\dotnet\sdk\10.0.201\Microsoft.Common.CurrentVersion.targets(2451,5): warning MSB3277:             C:\Users\ultra\warewolf\Dev\Dev2.Activities\bin\Debug\net8.0\Dev2.Activities.dll [C:\Users\ultra\warewolf\Dev\Warewolf.Studio.Themes.Luna\Warewolf.Studio.Themes.Luna.csproj]
C:\Program Files\dotnet\sdk\10.0.201\Microsoft.Common.CurrentVersion.targets(2451,5): warning MSB3277:             C:\Users\ultra\warewolf\Dev\Dev2.Studio.Core\bin\Debug\net8.0\Dev2.Studio.Core.dll [C:\Users\ultra\warewolf\Dev\Warewolf.Studio.Themes.Luna\Warewolf.Studio.Themes.Luna.csproj]
C:\Program Files\dotnet\sdk\10.0.201\Microsoft.Common.CurrentVersion.targets(2451,5): warning MSB3277:             C:\Users\ultra\warewolf\Dev\Dev2.Intellisense\bin\Debug\net8.0\Dev2.Intellisense.dll [C:\Users\ultra\warewolf\Dev\Warewolf.Studio.Themes.Luna\Warewolf.Studio.Themes.Luna.csproj]
C:\Program Files\dotnet\sdk\10.0.201\Microsoft.Common.CurrentVersion.targets(2451,5): warning MSB3277:         C:\Users\ultra\warewolf\Dev\Dev2.Development.Languages\bin\Debug\net8.0\IronRuby.Libraries.dll [C:\Users\ultra\warewolf\Dev\Warewolf.Studio.Themes.Luna\Warewolf.Studio.Themes.Luna.csproj]
C:\Program Files\dotnet\sdk\10.0.201\Microsoft.Common.CurrentVersion.targets(2451,5): warning MSB3277:           Project file item includes which caused reference "C:\Users\ultra\warewolf\Dev\Dev2.Development.Languages\bin\Debug\net8.0\IronRuby.Libraries.dll". [C:\Users\ultra\warewolf\Dev\Warewolf.Studio.Themes.Luna\Warewolf.Studio.Themes.Luna.csproj]
C:\Program Files\dotnet\sdk\10.0.201\Microsoft.Common.CurrentVersion.targets(2451,5): warning MSB3277:             C:\Users\ultra\warewolf\Dev\Dev2.Development.Languages\bin\Debug\net8.0\Dev2.Development.Languages.dll [C:\Users\ultra\warewolf\Dev\Warewolf.Studio.Themes.Luna\Warewolf.Studio.Themes.Luna.csproj]
C:\Program Files\dotnet\sdk\10.0.201\Microsoft.Common.CurrentVersion.targets(2451,5): warning MSB3277:             C:\Users\ultra\warewolf\Dev\Dev2.Activities\bin\Debug\net8.0\Dev2.Activities.dll [C:\Users\ultra\warewolf\Dev\Warewolf.Studio.Themes.Luna\Warewolf.Studio.Themes.Luna.csproj]
C:\Program Files\dotnet\sdk\10.0.201\Microsoft.Common.CurrentVersion.targets(2451,5): warning MSB3277:             C:\Users\ultra\warewolf\Dev\Dev2.Studio.Core\bin\Debug\net8.0\Dev2.Studio.Core.dll [C:\Users\ultra\warewolf\Dev\Warewolf.Studio.Themes.Luna\Warewolf.Studio.Themes.Luna.csproj]
C:\Program Files\dotnet\sdk\10.0.201\Microsoft.Common.CurrentVersion.targets(2451,5): warning MSB3277:             C:\Users\ultra\warewolf\Dev\Dev2.Intellisense\bin\Debug\net8.0\Dev2.Intellisense.dll [C:\Users\ultra\warewolf\Dev\Warewolf.Studio.Themes.Luna\Warewolf.Studio.Themes.Luna.csproj]
C:\Program Files\dotnet\sdk\10.0.201\Microsoft.Common.CurrentVersion.targets(2451,5): warning MSB3277: Found conflicts between different versions of "WindowsBase" that could not be resolved. [C:\Users\ultra\warewolf\Dev\Warewolf.Studio.Themes.Luna\Warewolf.Studio.Themes.Luna.csproj]
C:\Program Files\dotnet\sdk\10.0.201\Microsoft.Common.CurrentVersion.targets(2451,5): warning MSB3277: There was a conflict between "WindowsBase, Version=4.0.0.0, Culture=neutral, PublicKeyToken=31bf3856ad364e35" and "WindowsBase, Version=6.0.2.0, Culture=neutral, PublicKeyToken=31bf3856ad364e35". [C:\Users\ultra\warewolf\Dev\Warewolf.Studio.Themes.Luna\Warewolf.Studio.Themes.Luna.csproj]
C:\Program Files\dotnet\sdk\10.0.201\Microsoft.Common.CurrentVersion.targets(2451,5): warning MSB3277:     "WindowsBase, Version=4.0.0.0, Culture=neutral, PublicKeyToken=31bf3856ad364e35" was chosen because it was primary and "WindowsBase, Version=6.0.2.0, Culture=neutral, PublicKeyToken=31bf3856ad364e35" was not. [C:\Users\ultra\warewolf\Dev\Warewolf.Studio.Themes.Luna\Warewolf.Studio.Themes.Luna.csproj]
C:\Program Files\dotnet\sdk\10.0.201\Microsoft.Common.CurrentVersion.targets(2451,5): warning MSB3277:     References which depend on "WindowsBase, Version=4.0.0.0, Culture=neutral, PublicKeyToken=31bf3856ad364e35" [C:\Program Files\dotnet\packs\Microsoft.NETCore.App.Ref\8.0.25\ref\net8.0\WindowsBase.dll]. [C:\Users\ultra\warewolf\Dev\Warewolf.Studio.Themes.Luna\Warewolf.Studio.Themes.Luna.csproj]
C:\Program Files\dotnet\sdk\10.0.201\Microsoft.Common.CurrentVersion.targets(2451,5): warning MSB3277:         C:\Program Files\dotnet\packs\Microsoft.NETCore.App.Ref\8.0.25\ref\net8.0\WindowsBase.dll [C:\Users\ultra\warewolf\Dev\Warewolf.Studio.Themes.Luna\Warewolf.Studio.Themes.Luna.csproj]
C:\Program Files\dotnet\sdk\10.0.201\Microsoft.Common.CurrentVersion.targets(2451,5): warning MSB3277:           Project file item includes which caused reference "C:\Program Files\dotnet\packs\Microsoft.NETCore.App.Ref\8.0.25\ref\net8.0\WindowsBase.dll". [C:\Users\ultra\warewolf\Dev\Warewolf.Studio.Themes.Luna\Warewolf.Studio.Themes.Luna.csproj]
C:\Program Files\dotnet\sdk\10.0.201\Microsoft.Common.CurrentVersion.targets(2451,5): warning MSB3277:             C:\Program Files\dotnet\packs\Microsoft.NETCore.App.Ref\8.0.25\ref/net8.0/WindowsBase.dll [C:\Users\ultra\warewolf\Dev\Warewolf.Studio.Themes.Luna\Warewolf.Studio.Themes.Luna.csproj]
C:\Program Files\dotnet\sdk\10.0.201\Microsoft.Common.CurrentVersion.targets(2451,5): warning MSB3277:     References which depend on or have been unified to "WindowsBase, Version=6.0.2.0, Culture=neutral, PublicKeyToken=31bf3856ad364e35" []. [C:\Users\ultra\warewolf\Dev\Warewolf.Studio.Themes.Luna\Warewolf.Studio.Themes.Luna.csproj]
C:\Program Files\dotnet\sdk\10.0.201\Microsoft.Common.CurrentVersion.targets(2451,5): warning MSB3277:         C:\Users\ultra\warewolf\Dev\Binaries\Infragistcs_Net6\Infragistics.Calculations.dll [C:\Users\ultra\warewolf\Dev\Warewolf.Studio.Themes.Luna\Warewolf.Studio.Themes.Luna.csproj]
C:\Program Files\dotnet\sdk\10.0.201\Microsoft.Common.CurrentVersion.targets(2451,5): warning MSB3277:           Project file item includes which caused reference "C:\Users\ultra\warewolf\Dev\Binaries\Infragistcs_Net6\Infragistics.Calculations.dll". [C:\Users\ultra\warewolf\Dev\Warewolf.Studio.Themes.Luna\Warewolf.Studio.Themes.Luna.csproj]
C:\Program Files\dotnet\sdk\10.0.201\Microsoft.Common.CurrentVersion.targets(2451,5): warning MSB3277:             CalculationManager.WPF [C:\Users\ultra\warewolf\Dev\Warewolf.Studio.Themes.Luna\Warewolf.Studio.Themes.Luna.csproj]
C:\Program Files\dotnet\sdk\10.0.201\Microsoft.Common.CurrentVersion.targets(2451,5): warning MSB3277:         C:\Users\ultra\warewolf\Dev\Binaries\Infragistcs_Net6\InfragisticsWPF4.Controls.Editors.XamComboEditor.v15.1.dll [C:\Users\ultra\warewolf\Dev\Warewolf.Studio.Themes.Luna\Warewolf.Studio.Themes.Luna.csproj]
C:\Program Files\dotnet\sdk\10.0.201\Microsoft.Common.CurrentVersion.targets(2451,5): warning MSB3277:           Project file item includes which caused reference "C:\Users\ultra\warewolf\Dev\Binaries\Infragistcs_Net6\InfragisticsWPF4.Controls.Editors.XamComboEditor.v15.1.dll". [C:\Users\ultra\warewolf\Dev\Warewolf.Studio.Themes.Luna\Warewolf.Studio.Themes.Luna.csproj]
C:\Program Files\dotnet\sdk\10.0.201\Microsoft.Common.CurrentVersion.targets(2451,5): warning MSB3277:             InfragisticsWPF4.Controls.Editors.XamComboEditor.v15.1, Version=15.1.20151.2055, Culture=neutral, PublicKeyToken=7dd5c3163f2cd0cb, processorArchitecture=MSIL [C:\Users\ultra\warewolf\Dev\Warewolf.Studio.Themes.Luna\Warewolf.Studio.Themes.Luna.csproj]
C:\Program Files\dotnet\sdk\10.0.201\Microsoft.Common.CurrentVersion.targets(2451,5): warning MSB3277:             InfragisticsWPF4.Controls.Grids.MultiColumnComboColumn.v15.1, Version=15.1.20151.2055, Culture=neutral, PublicKeyToken=7dd5c3163f2cd0cb, processorArchitecture=MSIL [C:\Users\ultra\warewolf\Dev\Warewolf.Studio.Themes.Luna\Warewolf.Studio.Themes.Luna.csproj]
C:\Program Files\dotnet\sdk\10.0.201\Microsoft.Common.CurrentVersion.targets(2451,5): warning MSB3277:         C:\Users\ultra\warewolf\Dev\Binaries\Infragistcs_Net6\InfragisticsWPF4.Controls.Editors.XamRichTextEditor.v15.1.dll [C:\Users\ultra\warewolf\Dev\Warewolf.Studio.Themes.Luna\Warewolf.Studio.Themes.Luna.csproj]
C:\Program Files\dotnet\sdk\10.0.201\Microsoft.Common.CurrentVersion.targets(2451,5): warning MSB3277:           Project file item includes which caused reference "C:\Users\ultra\warewolf\Dev\Binaries\Infragistcs_Net6\InfragisticsWPF4.Controls.Editors.XamRichTextEditor.v15.1.dll". [C:\Users\ultra\warewolf\Dev\Warewolf.Studio.Themes.Luna\Warewolf.Studio.Themes.Luna.csproj]
C:\Program Files\dotnet\sdk\10.0.201\Microsoft.Common.CurrentVersion.targets(2451,5): warning MSB3277:             InfragisticsWPF4.Controls.Editors.XamRichTextEditor.v15.1, Version=15.1.20151.2055, Culture=neutral, PublicKeyToken=7dd5c3163f2cd0cb, processorArchitecture=MSIL [C:\Users\ultra\warewolf\Dev\Warewolf.Studio.Themes.Luna\Warewolf.Studio.Themes.Luna.csproj]
C:\Program Files\dotnet\sdk\10.0.201\Microsoft.Common.CurrentVersion.targets(2451,5): warning MSB3277:         C:\Users\ultra\warewolf\Dev\Binaries\Infragistcs_Net6\InfragisticsWPF4.Controls.Editors.XamSyntaxEditor.v15.1.dll [C:\Users\ultra\warewolf\Dev\Warewolf.Studio.Themes.Luna\Warewolf.Studio.Themes.Luna.csproj]
C:\Program Files\dotnet\sdk\10.0.201\Microsoft.Common.CurrentVersion.targets(2451,5): warning MSB3277:           Project file item includes which caused reference "C:\Users\ultra\warewolf\Dev\Binaries\Infragistcs_Net6\InfragisticsWPF4.Controls.Editors.XamSyntaxEditor.v15.1.dll". [C:\Users\ultra\warewolf\Dev\Warewolf.Studio.Themes.Luna\Warewolf.Studio.Themes.Luna.csproj]
C:\Program Files\dotnet\sdk\10.0.201\Microsoft.Common.CurrentVersion.targets(2451,5): warning MSB3277:             InfragisticsWPF4.Controls.Editors.XamSyntaxEditor.v15.1, Version=15.1.20151.2055, Culture=neutral, PublicKeyToken=7dd5c3163f2cd0cb, processorArchitecture=MSIL [C:\Users\ultra\warewolf\Dev\Warewolf.Studio.Themes.Luna\Warewolf.Studio.Themes.Luna.csproj]
C:\Program Files\dotnet\sdk\10.0.201\Microsoft.Common.CurrentVersion.targets(2451,5): warning MSB3277:         C:\Users\ultra\warewolf\Dev\Binaries\Infragistcs_Net6\InfragisticsWPF4.Controls.Grids.DateTimeColumn.v15.1.dll [C:\Users\ultra\warewolf\Dev\Warewolf.Studio.Themes.Luna\Warewolf.Studio.Themes.Luna.csproj]
C:\Program Files\dotnet\sdk\10.0.201\Microsoft.Common.CurrentVersion.targets(2451,5): warning MSB3277:           Project file item includes which caused reference "C:\Users\ultra\warewolf\Dev\Binaries\Infragistcs_Net6\InfragisticsWPF4.Controls.Grids.DateTimeColumn.v15.1.dll". [C:\Users\ultra\warewolf\Dev\Warewolf.Studio.Themes.Luna\Warewolf.Studio.Themes.Luna.csproj]
C:\Program Files\dotnet\sdk\10.0.201\Microsoft.Common.CurrentVersion.targets(2451,5): warning MSB3277:             InfragisticsWPF4.Controls.Grids.DateTimeColumn.v15.1, Version=15.1.20151.2055, Culture=neutral, PublicKeyToken=7dd5c3163f2cd0cb, processorArchitecture=MSIL [C:\Users\ultra\warewolf\Dev\Warewolf.Studio.Themes.Luna\Warewolf.Studio.Themes.Luna.csproj]
C:\Program Files\dotnet\sdk\10.0.201\Microsoft.Common.CurrentVersion.targets(2451,5): warning MSB3277:         C:\Users\ultra\warewolf\Dev\Binaries\Infragistcs_Net6\InfragisticsWPF4.Controls.Grids.MultiColumnComboColumn.v15.1.dll [C:\Users\ultra\warewolf\Dev\Warewolf.Studio.Themes.Luna\Warewolf.Studio.Themes.Luna.csproj]
C:\Program Files\dotnet\sdk\10.0.201\Microsoft.Common.CurrentVersion.targets(2451,5): warning MSB3277:           Project file item includes which caused reference "C:\Users\ultra\warewolf\Dev\Binaries\Infragistcs_Net6\InfragisticsWPF4.Controls.Grids.MultiColumnComboColumn.v15.1.dll". [C:\Users\ultra\warewolf\Dev\Warewolf.Studio.Themes.Luna\Warewolf.Studio.Themes.Luna.csproj]
C:\Program Files\dotnet\sdk\10.0.201\Microsoft.Common.CurrentVersion.targets(2451,5): warning MSB3277:             InfragisticsWPF4.Controls.Grids.MultiColumnComboColumn.v15.1, Version=15.1.20151.2055, Culture=neutral, PublicKeyToken=7dd5c3163f2cd0cb, processorArchitecture=MSIL [C:\Users\ultra\warewolf\Dev\Warewolf.Studio.Themes.Luna\Warewolf.Studio.Themes.Luna.csproj]
C:\Program Files\dotnet\sdk\10.0.201\Microsoft.Common.CurrentVersion.targets(2451,5): warning MSB3277:         C:\Users\ultra\warewolf\Dev\Binaries\Infragistcs_Net6\InfragisticsWPF4.Controls.Grids.XamGrid.v15.1.dll [C:\Users\ultra\warewolf\Dev\Warewolf.Studio.Themes.Luna\Warewolf.Studio.Themes.Luna.csproj]
C:\Program Files\dotnet\sdk\10.0.201\Microsoft.Common.CurrentVersion.targets(2451,5): warning MSB3277:           Project file item includes which caused reference "C:\Users\ultra\warewolf\Dev\Binaries\Infragistcs_Net6\InfragisticsWPF4.Controls.Grids.XamGrid.v15.1.dll". [C:\Users\ultra\warewolf\Dev\Warewolf.Studio.Themes.Luna\Warewolf.Studio.Themes.Luna.csproj]
C:\Program Files\dotnet\sdk\10.0.201\Microsoft.Common.CurrentVersion.targets(2451,5): warning MSB3277:             InfragisticsWPF4.Controls.Grids.XamGrid.v15.1, Version=15.1.20151.2055, Culture=neutral, PublicKeyToken=7dd5c3163f2cd0cb, processorArchitecture=MSIL [C:\Users\ultra\warewolf\Dev\Warewolf.Studio.Themes.Luna\Warewolf.Studio.Themes.Luna.csproj]
C:\Program Files\dotnet\sdk\10.0.201\Microsoft.Common.CurrentVersion.targets(2451,5): warning MSB3277:             InfragisticsWPF4.Controls.Grids.DateTimeColumn.v15.1, Version=15.1.20151.2055, Culture=neutral, PublicKeyToken=7dd5c3163f2cd0cb, processorArchitecture=MSIL [C:\Users\ultra\warewolf\Dev\Warewolf.Studio.Themes.Luna\Warewolf.Studio.Themes.Luna.csproj]
C:\Program Files\dotnet\sdk\10.0.201\Microsoft.Common.CurrentVersion.targets(2451,5): warning MSB3277:             InfragisticsWPF4.Controls.Grids.MultiColumnComboColumn.v15.1, Version=15.1.20151.2055, Culture=neutral, PublicKeyToken=7dd5c3163f2cd0cb, processorArchitecture=MSIL [C:\Users\ultra\warewolf\Dev\Warewolf.Studio.Themes.Luna\Warewolf.Studio.Themes.Luna.csproj]
C:\Program Files\dotnet\sdk\10.0.201\Microsoft.Common.CurrentVersion.targets(2451,5): warning MSB3277:         C:\Users\ultra\warewolf\Dev\Binaries\Infragistcs_Net6\InfragisticsWPF4.Controls.Interactions.XamDialogWindow.v15.1.dll [C:\Users\ultra\warewolf\Dev\Warewolf.Studio.Themes.Luna\Warewolf.Studio.Themes.Luna.csproj]
C:\Program Files\dotnet\sdk\10.0.201\Microsoft.Common.CurrentVersion.targets(2451,5): warning MSB3277:           Project file item includes which caused reference "C:\Users\ultra\warewolf\Dev\Binaries\Infragistcs_Net6\InfragisticsWPF4.Controls.Interactions.XamDialogWindow.v15.1.dll". [C:\Users\ultra\warewolf\Dev\Warewolf.Studio.Themes.Luna\Warewolf.Studio.Themes.Luna.csproj]
C:\Program Files\dotnet\sdk\10.0.201\Microsoft.Common.CurrentVersion.targets(2451,5): warning MSB3277:             InfragisticsWPF4.Controls.Interactions.XamDialogWindow.v15.1, Version=15.1.20151.2055, Culture=neutral, PublicKeyToken=7dd5c3163f2cd0cb, processorArchitecture=MSIL [C:\Users\ultra\warewolf\Dev\Warewolf.Studio.Themes.Luna\Warewolf.Studio.Themes.Luna.csproj]
C:\Program Files\dotnet\sdk\10.0.201\Microsoft.Common.CurrentVersion.targets(2451,5): warning MSB3277:             InfragisticsWPF4.Controls.Interactions.XamSpellChecker.v15.1, Version=15.1.20151.2055, Culture=neutral, PublicKeyToken=7dd5c3163f2cd0cb, processorArchitecture=MSIL [C:\Users\ultra\warewolf\Dev\Warewolf.Studio.Themes.Luna\Warewolf.Studio.Themes.Luna.csproj]
C:\Program Files\dotnet\sdk\10.0.201\Microsoft.Common.CurrentVersion.targets(2451,5): warning MSB3277:         C:\Users\ultra\warewolf\Dev\Binaries\Infragistcs_Net6\InfragisticsWPF4.Controls.Interactions.XamSpellChecker.v15.1.dll [C:\Users\ultra\warewolf\Dev\Warewolf.Studio.Themes.Luna\Warewolf.Studio.Themes.Luna.csproj]
C:\Program Files\dotnet\sdk\10.0.201\Microsoft.Common.CurrentVersion.targets(2451,5): warning MSB3277:           Project file item includes which caused reference "C:\Users\ultra\warewolf\Dev\Binaries\Infragistcs_Net6\InfragisticsWPF4.Controls.Interactions.XamSpellChecker.v15.1.dll". [C:\Users\ultra\warewolf\Dev\Warewolf.Studio.Themes.Luna\Warewolf.Studio.Themes.Luna.csproj]
C:\Program Files\dotnet\sdk\10.0.201\Microsoft.Common.CurrentVersion.targets(2451,5): warning MSB3277:             InfragisticsWPF4.Controls.Interactions.XamSpellChecker.v15.1, Version=15.1.20151.2055, Culture=neutral, PublicKeyToken=7dd5c3163f2cd0cb, processorArchitecture=MSIL [C:\Users\ultra\warewolf\Dev\Warewolf.Studio.Themes.Luna\Warewolf.Studio.Themes.Luna.csproj]
C:\Program Files\dotnet\sdk\10.0.201\Microsoft.Common.CurrentVersion.targets(2451,5): warning MSB3277:         C:\Users\ultra\warewolf\Dev\Binaries\Infragistcs_Net6\InfragisticsWPF4.Controls.Maps.XamNetworkNode.v15.1.dll [C:\Users\ultra\warewolf\Dev\Warewolf.Studio.Themes.Luna\Warewolf.Studio.Themes.Luna.csproj]
C:\Program Files\dotnet\sdk\10.0.201\Microsoft.Common.CurrentVersion.targets(2451,5): warning MSB3277:           Project file item includes which caused reference "C:\Users\ultra\warewolf\Dev\Binaries\Infragistcs_Net6\InfragisticsWPF4.Controls.Maps.XamNetworkNode.v15.1.dll". [C:\Users\ultra\warewolf\Dev\Warewolf.Studio.Themes.Luna\Warewolf.Studio.Themes.Luna.csproj]
C:\Program Files\dotnet\sdk\10.0.201\Microsoft.Common.CurrentVersion.targets(2451,5): warning MSB3277:             InfragisticsWPF4.Controls.Maps.XamNetworkNode.v15.1, Version=15.1.20151.2055, Culture=neutral, PublicKeyToken=7dd5c3163f2cd0cb, processorArchitecture=MSIL [C:\Users\ultra\warewolf\Dev\Warewolf.Studio.Themes.Luna\Warewolf.Studio.Themes.Luna.csproj]
C:\Program Files\dotnet\sdk\10.0.201\Microsoft.Common.CurrentVersion.targets(2451,5): warning MSB3277:         C:\Users\ultra\warewolf\Dev\Binaries\Infragistcs_Net6\InfragisticsWPF4.Controls.Menus.XamDataTree.v15.1.dll [C:\Users\ultra\warewolf\Dev\Warewolf.Studio.Themes.Luna\Warewolf.Studio.Themes.Luna.csproj]
C:\Program Files\dotnet\sdk\10.0.201\Microsoft.Common.CurrentVersion.targets(2451,5): warning MSB3277:           Project file item includes which caused reference "C:\Users\ultra\warewolf\Dev\Binaries\Infragistcs_Net6\InfragisticsWPF4.Controls.Menus.XamDataTree.v15.1.dll". [C:\Users\ultra\warewolf\Dev\Warewolf.Studio.Themes.Luna\Warewolf.Studio.Themes.Luna.csproj]
C:\Program Files\dotnet\sdk\10.0.201\Microsoft.Common.CurrentVersion.targets(2451,5): warning MSB3277:             InfragisticsWPF4.Controls.Menus.XamDataTree.v15.1 [C:\Users\ultra\warewolf\Dev\Warewolf.Studio.Themes.Luna\Warewolf.Studio.Themes.Luna.csproj]
C:\Program Files\dotnet\sdk\10.0.201\Microsoft.Common.CurrentVersion.targets(2451,5): warning MSB3277:         C:\Users\ultra\warewolf\Dev\Binaries\Infragistcs_Net6\InfragisticsWPF4.Controls.Menus.XamMenu.v15.1.dll [C:\Users\ultra\warewolf\Dev\Warewolf.Studio.Themes.Luna\Warewolf.Studio.Themes.Luna.csproj]
C:\Program Files\dotnet\sdk\10.0.201\Microsoft.Common.CurrentVersion.targets(2451,5): warning MSB3277:           Project file item includes which caused reference "C:\Users\ultra\warewolf\Dev\Binaries\Infragistcs_Net6\InfragisticsWPF4.Controls.Menus.XamMenu.v15.1.dll". [C:\Users\ultra\warewolf\Dev\Warewolf.Studio.Themes.Luna\Warewolf.Studio.Themes.Luna.csproj]
C:\Program Files\dotnet\sdk\10.0.201\Microsoft.Common.CurrentVersion.targets(2451,5): warning MSB3277:             InfragisticsWPF4.Controls.Menus.XamMenu.v15.1, Version=15.1.20151.2055, Culture=neutral, PublicKeyToken=7dd5c3163f2cd0cb, processorArchitecture=MSIL [C:\Users\ultra\warewolf\Dev\Warewolf.Studio.Themes.Luna\Warewolf.Studio.Themes.Luna.csproj]
C:\Program Files\dotnet\sdk\10.0.201\Microsoft.Common.CurrentVersion.targets(2451,5): warning MSB3277:             InfragisticsWPF4.Controls.Editors.XamRichTextEditor.v15.1, Version=15.1.20151.2055, Culture=neutral, PublicKeyToken=7dd5c3163f2cd0cb, processorArchitecture=MSIL [C:\Users\ultra\warewolf\Dev\Warewolf.Studio.Themes.Luna\Warewolf.Studio.Themes.Luna.csproj]
C:\Program Files\dotnet\sdk\10.0.201\Microsoft.Common.CurrentVersion.targets(2451,5): warning MSB3277:             InfragisticsWPF4.Controls.Grids.XamGrid.v15.1, Version=15.1.20151.2055, Culture=neutral, PublicKeyToken=7dd5c3163f2cd0cb, processorArchitecture=MSIL [C:\Users\ultra\warewolf\Dev\Warewolf.Studio.Themes.Luna\Warewolf.Studio.Themes.Luna.csproj]
C:\Program Files\dotnet\sdk\10.0.201\Microsoft.Common.CurrentVersion.targets(2451,5): warning MSB3277:             InfragisticsWPF4.Controls.Grids.DateTimeColumn.v15.1, Version=15.1.20151.2055, Culture=neutral, PublicKeyToken=7dd5c3163f2cd0cb, processorArchitecture=MSIL [C:\Users\ultra\warewolf\Dev\Warewolf.Studio.Themes.Luna\Warewolf.Studio.Themes.Luna.csproj]
C:\Program Files\dotnet\sdk\10.0.201\Microsoft.Common.CurrentVersion.targets(2451,5): warning MSB3277:             InfragisticsWPF4.Controls.Grids.MultiColumnComboColumn.v15.1, Version=15.1.20151.2055, Culture=neutral, PublicKeyToken=7dd5c3163f2cd0cb, processorArchitecture=MSIL [C:\Users\ultra\warewolf\Dev\Warewolf.Studio.Themes.Luna\Warewolf.Studio.Themes.Luna.csproj]
C:\Program Files\dotnet\sdk\10.0.201\Microsoft.Common.CurrentVersion.targets(2451,5): warning MSB3277:         C:\Users\ultra\warewolf\Dev\Binaries\Infragistcs_Net6\InfragisticsWPF4.DataManager.v15.1.dll [C:\Users\ultra\warewolf\Dev\Warewolf.Studio.Themes.Luna\Warewolf.Studio.Themes.Luna.csproj]
C:\Program Files\dotnet\sdk\10.0.201\Microsoft.Common.CurrentVersion.targets(2451,5): warning MSB3277:           Project file item includes which caused reference "C:\Users\ultra\warewolf\Dev\Binaries\Infragistcs_Net6\InfragisticsWPF4.DataManager.v15.1.dll". [C:\Users\ultra\warewolf\Dev\Warewolf.Studio.Themes.Luna\Warewolf.Studio.Themes.Luna.csproj]
C:\Program Files\dotnet\sdk\10.0.201\Microsoft.Common.CurrentVersion.targets(2451,5): warning MSB3277:             InfragisticsWPF4.DataManager.v15.1, Version=15.1.20151.2055, Culture=neutral, PublicKeyToken=7dd5c3163f2cd0cb, processorArchitecture=MSIL [C:\Users\ultra\warewolf\Dev\Warewolf.Studio.Themes.Luna\Warewolf.Studio.Themes.Luna.csproj]
C:\Program Files\dotnet\sdk\10.0.201\Microsoft.Common.CurrentVersion.targets(2451,5): warning MSB3277:             InfragisticsWPF4.Controls.Editors.XamComboEditor.v15.1, Version=15.1.20151.2055, Culture=neutral, PublicKeyToken=7dd5c3163f2cd0cb, processorArchitecture=MSIL [C:\Users\ultra\warewolf\Dev\Warewolf.Studio.Themes.Luna\Warewolf.Studio.Themes.Luna.csproj]
C:\Program Files\dotnet\sdk\10.0.201\Microsoft.Common.CurrentVersion.targets(2451,5): warning MSB3277:             InfragisticsWPF4.Controls.Grids.DateTimeColumn.v15.1, Version=15.1.20151.2055, Culture=neutral, PublicKeyToken=7dd5c3163f2cd0cb, processorArchitecture=MSIL [C:\Users\ultra\warewolf\Dev\Warewolf.Studio.Themes.Luna\Warewolf.Studio.Themes.Luna.csproj]
C:\Program Files\dotnet\sdk\10.0.201\Microsoft.Common.CurrentVersion.targets(2451,5): warning MSB3277:             InfragisticsWPF4.Controls.Grids.MultiColumnComboColumn.v15.1, Version=15.1.20151.2055, Culture=neutral, PublicKeyToken=7dd5c3163f2cd0cb, processorArchitecture=MSIL [C:\Users\ultra\warewolf\Dev\Warewolf.Studio.Themes.Luna\Warewolf.Studio.Themes.Luna.csproj]
C:\Program Files\dotnet\sdk\10.0.201\Microsoft.Common.CurrentVersion.targets(2451,5): warning MSB3277:             InfragisticsWPF4.Controls.Grids.XamGrid.v15.1, Version=15.1.20151.2055, Culture=neutral, PublicKeyToken=7dd5c3163f2cd0cb, processorArchitecture=MSIL [C:\Users\ultra\warewolf\Dev\Warewolf.Studio.Themes.Luna\Warewolf.Studio.Themes.Luna.csproj]
C:\Program Files\dotnet\sdk\10.0.201\Microsoft.Common.CurrentVersion.targets(2451,5): warning MSB3277:             InfragisticsWPF4.Controls.Menus.XamDataTree.v15.1 [C:\Users\ultra\warewolf\Dev\Warewolf.Studio.Themes.Luna\Warewolf.Studio.Themes.Luna.csproj]
C:\Program Files\dotnet\sdk\10.0.201\Microsoft.Common.CurrentVersion.targets(2451,5): warning MSB3277:         C:\Users\ultra\warewolf\Dev\Binaries\Infragistcs_Net6\InfragisticsWPF4.DataPresenter.v15.1.dll [C:\Users\ultra\warewolf\Dev\Warewolf.Studio.Themes.Luna\Warewolf.Studio.Themes.Luna.csproj]
C:\Program Files\dotnet\sdk\10.0.201\Microsoft.Common.CurrentVersion.targets(2451,5): warning MSB3277:           Project file item includes which caused reference "C:\Users\ultra\warewolf\Dev\Binaries\Infragistcs_Net6\InfragisticsWPF4.DataPresenter.v15.1.dll". [C:\Users\ultra\warewolf\Dev\Warewolf.Studio.Themes.Luna\Warewolf.Studio.Themes.Luna.csproj]
C:\Program Files\dotnet\sdk\10.0.201\Microsoft.Common.CurrentVersion.targets(2451,5): warning MSB3277:             InfragisticsWPF4.DataPresenter.v15.1, Version=15.1.20151.2055, Culture=neutral, PublicKeyToken=7dd5c3163f2cd0cb, processorArchitecture=MSIL [C:\Users\ultra\warewolf\Dev\Warewolf.Studio.Themes.Luna\Warewolf.Studio.Themes.Luna.csproj]
C:\Program Files\dotnet\sdk\10.0.201\Microsoft.Common.CurrentVersion.targets(2451,5): warning MSB3277:         C:\Users\ultra\warewolf\Dev\Binaries\Infragistcs_Net6\InfragisticsWPF4.DataVisualization.v15.1.dll [C:\Users\ultra\warewolf\Dev\Warewolf.Studio.Themes.Luna\Warewolf.Studio.Themes.Luna.csproj]
C:\Program Files\dotnet\sdk\10.0.201\Microsoft.Common.CurrentVersion.targets(2451,5): warning MSB3277:           Project file item includes which caused reference "C:\Users\ultra\warewolf\Dev\Binaries\Infragistcs_Net6\InfragisticsWPF4.DataVisualization.v15.1.dll". [C:\Users\ultra\warewolf\Dev\Warewolf.Studio.Themes.Luna\Warewolf.Studio.Themes.Luna.csproj]
C:\Program Files\dotnet\sdk\10.0.201\Microsoft.Common.CurrentVersion.targets(2451,5): warning MSB3277:             InfragisticsWPF4.DataVisualization.v15.1, Version=15.1.20151.2055, Culture=neutral, PublicKeyToken=7dd5c3163f2cd0cb, processorArchitecture=MSIL [C:\Users\ultra\warewolf\Dev\Warewolf.Studio.Themes.Luna\Warewolf.Studio.Themes.Luna.csproj]
C:\Program Files\dotnet\sdk\10.0.201\Microsoft.Common.CurrentVersion.targets(2451,5): warning MSB3277:             InfragisticsWPF4.Controls.Maps.XamNetworkNode.v15.1, Version=15.1.20151.2055, Culture=neutral, PublicKeyToken=7dd5c3163f2cd0cb, processorArchitecture=MSIL [C:\Users\ultra\warewolf\Dev\Warewolf.Studio.Themes.Luna\Warewolf.Studio.Themes.Luna.csproj]
C:\Program Files\dotnet\sdk\10.0.201\Microsoft.Common.CurrentVersion.targets(2451,5): warning MSB3277:         C:\Users\ultra\warewolf\Dev\Binaries\Infragistcs_Net6\InfragisticsWPF4.DockManager.v15.1.dll [C:\Users\ultra\warewolf\Dev\Warewolf.Studio.Themes.Luna\Warewolf.Studio.Themes.Luna.csproj]
C:\Program Files\dotnet\sdk\10.0.201\Microsoft.Common.CurrentVersion.targets(2451,5): warning MSB3277:           Project file item includes which caused reference "C:\Users\ultra\warewolf\Dev\Binaries\Infragistcs_Net6\InfragisticsWPF4.DockManager.v15.1.dll". [C:\Users\ultra\warewolf\Dev\Warewolf.Studio.Themes.Luna\Warewolf.Studio.Themes.Luna.csproj]
C:\Program Files\dotnet\sdk\10.0.201\Microsoft.Common.CurrentVersion.targets(2451,5): warning MSB3277:             InfragisticsWPF4.DockManager.v15.1, Version=15.1.20151.2055, Culture=neutral, PublicKeyToken=7dd5c3163f2cd0cb, processorArchitecture=MSIL [C:\Users\ultra\warewolf\Dev\Warewolf.Studio.Themes.Luna\Warewolf.Studio.Themes.Luna.csproj]
C:\Program Files\dotnet\sdk\10.0.201\Microsoft.Common.CurrentVersion.targets(2451,5): warning MSB3277:         C:\Users\ultra\warewolf\Dev\Binaries\Infragistcs_Net6\InfragisticsWPF4.Documents.RichTextDocument.Html.v15.1.dll [C:\Users\ultra\warewolf\Dev\Warewolf.Studio.Themes.Luna\Warewolf.Studio.Themes.Luna.csproj]
C:\Program Files\dotnet\sdk\10.0.201\Microsoft.Common.CurrentVersion.targets(2451,5): warning MSB3277:           Project file item includes which caused reference "C:\Users\ultra\warewolf\Dev\Binaries\Infragistcs_Net6\InfragisticsWPF4.Documents.RichTextDocument.Html.v15.1.dll". [C:\Users\ultra\warewolf\Dev\Warewolf.Studio.Themes.Luna\Warewolf.Studio.Themes.Luna.csproj]
C:\Program Files\dotnet\sdk\10.0.201\Microsoft.Common.CurrentVersion.targets(2451,5): warning MSB3277:             InfragisticsWPF4.Documents.RichTextDocument.Html.v15.1, Version=15.1.20151.2055, Culture=neutral, PublicKeyToken=7dd5c3163f2cd0cb, processorArchitecture=MSIL [C:\Users\ultra\warewolf\Dev\Warewolf.Studio.Themes.Luna\Warewolf.Studio.Themes.Luna.csproj]
C:\Program Files\dotnet\sdk\10.0.201\Microsoft.Common.CurrentVersion.targets(2451,5): warning MSB3277:         C:\Users\ultra\warewolf\Dev\Binaries\Infragistcs_Net6\InfragisticsWPF4.Documents.RichTextDocument.v15.1.dll [C:\Users\ultra\warewolf\Dev\Warewolf.Studio.Themes.Luna\Warewolf.Studio.Themes.Luna.csproj]
C:\Program Files\dotnet\sdk\10.0.201\Microsoft.Common.CurrentVersion.targets(2451,5): warning MSB3277:           Project file item includes which caused reference "C:\Users\ultra\warewolf\Dev\Binaries\Infragistcs_Net6\InfragisticsWPF4.Documents.RichTextDocument.v15.1.dll". [C:\Users\ultra\warewolf\Dev\Warewolf.Studio.Themes.Luna\Warewolf.Studio.Themes.Luna.csproj]
C:\Program Files\dotnet\sdk\10.0.201\Microsoft.Common.CurrentVersion.targets(2451,5): warning MSB3277:             InfragisticsWPF4.Documents.RichTextDocument.v15.1, Version=15.1.20151.2055, Culture=neutral, PublicKeyToken=7dd5c3163f2cd0cb, processorArchitecture=MSIL [C:\Users\ultra\warewolf\Dev\Warewolf.Studio.Themes.Luna\Warewolf.Studio.Themes.Luna.csproj]
C:\Program Files\dotnet\sdk\10.0.201\Microsoft.Common.CurrentVersion.targets(2451,5): warning MSB3277:             InfragisticsWPF4.Controls.Editors.XamRichTextEditor.v15.1, Version=15.1.20151.2055, Culture=neutral, PublicKeyToken=7dd5c3163f2cd0cb, processorArchitecture=MSIL [C:\Users\ultra\warewolf\Dev\Warewolf.Studio.Themes.Luna\Warewolf.Studio.Themes.Luna.csproj]
C:\Program Files\dotnet\sdk\10.0.201\Microsoft.Common.CurrentVersion.targets(2451,5): warning MSB3277:             InfragisticsWPF4.Documents.RichTextDocument.Html.v15.1, Version=15.1.20151.2055, Culture=neutral, PublicKeyToken=7dd5c3163f2cd0cb, processorArchitecture=MSIL [C:\Users\ultra\warewolf\Dev\Warewolf.Studio.Themes.Luna\Warewolf.Studio.Themes.Luna.csproj]
C:\Program Files\dotnet\sdk\10.0.201\Microsoft.Common.CurrentVersion.targets(2451,5): warning MSB3277:         C:\Users\ultra\warewolf\Dev\Binaries\Infragistcs_Net6\InfragisticsWPF4.Editors.v15.1.dll [C:\Users\ultra\warewolf\Dev\Warewolf.Studio.Themes.Luna\Warewolf.Studio.Themes.Luna.csproj]
C:\Program Files\dotnet\sdk\10.0.201\Microsoft.Common.CurrentVersion.targets(2451,5): warning MSB3277:           Project file item includes which caused reference "C:\Users\ultra\warewolf\Dev\Binaries\Infragistcs_Net6\InfragisticsWPF4.Editors.v15.1.dll". [C:\Users\ultra\warewolf\Dev\Warewolf.Studio.Themes.Luna\Warewolf.Studio.Themes.Luna.csproj]
C:\Program Files\dotnet\sdk\10.0.201\Microsoft.Common.CurrentVersion.targets(2451,5): warning MSB3277:             InfragisticsWPF4.Editors.v15.1, Version=15.1.20151.2055, Culture=neutral, PublicKeyToken=7dd5c3163f2cd0cb, processorArchitecture=MSIL [C:\Users\ultra\warewolf\Dev\Warewolf.Studio.Themes.Luna\Warewolf.Studio.Themes.Luna.csproj]
C:\Program Files\dotnet\sdk\10.0.201\Microsoft.Common.CurrentVersion.targets(2451,5): warning MSB3277:             InfragisticsWPF4.DataPresenter.v15.1, Version=15.1.20151.2055, Culture=neutral, PublicKeyToken=7dd5c3163f2cd0cb, processorArchitecture=MSIL [C:\Users\ultra\warewolf\Dev\Warewolf.Studio.Themes.Luna\Warewolf.Studio.Themes.Luna.csproj]
C:\Program Files\dotnet\sdk\10.0.201\Microsoft.Common.CurrentVersion.targets(2451,5): warning MSB3277:         C:\Users\ultra\warewolf\Dev\Binaries\Infragistcs_Net6\InfragisticsWPF4.v15.1.dll [C:\Users\ultra\warewolf\Dev\Warewolf.Studio.Themes.Luna\Warewolf.Studio.Themes.Luna.csproj]
C:\Program Files\dotnet\sdk\10.0.201\Microsoft.Common.CurrentVersion.targets(2451,5): warning MSB3277:           Project file item includes which caused reference "C:\Users\ultra\warewolf\Dev\Binaries\Infragistcs_Net6\InfragisticsWPF4.v15.1.dll". [C:\Users\ultra\warewolf\Dev\Warewolf.Studio.Themes.Luna\Warewolf.Studio.Themes.Luna.csproj]
C:\Program Files\dotnet\sdk\10.0.201\Microsoft.Common.CurrentVersion.targets(2451,5): warning MSB3277:             InfragisticsWPF4.v15.1, Version=15.1.20151.2055, Culture=neutral, PublicKeyToken=7dd5c3163f2cd0cb, processorArchitecture=MSIL [C:\Users\ultra\warewolf\Dev\Warewolf.Studio.Themes.Luna\Warewolf.Studio.Themes.Luna.csproj]
C:\Program Files\dotnet\sdk\10.0.201\Microsoft.Common.CurrentVersion.targets(2451,5): warning MSB3277:             CalculationManager.WPF [C:\Users\ultra\warewolf\Dev\Warewolf.Studio.Themes.Luna\Warewolf.Studio.Themes.Luna.csproj]
C:\Program Files\dotnet\sdk\10.0.201\Microsoft.Common.CurrentVersion.targets(2451,5): warning MSB3277:             InfragisticsWPF4.Controls.Editors.XamComboEditor.v15.1, Version=15.1.20151.2055, Culture=neutral, PublicKeyToken=7dd5c3163f2cd0cb, processorArchitecture=MSIL [C:\Users\ultra\warewolf\Dev\Warewolf.Studio.Themes.Luna\Warewolf.Studio.Themes.Luna.csproj]
C:\Program Files\dotnet\sdk\10.0.201\Microsoft.Common.CurrentVersion.targets(2451,5): warning MSB3277:             InfragisticsWPF4.Controls.Editors.XamRichTextEditor.v15.1, Version=15.1.20151.2055, Culture=neutral, PublicKeyToken=7dd5c3163f2cd0cb, processorArchitecture=MSIL [C:\Users\ultra\warewolf\Dev\Warewolf.Studio.Themes.Luna\Warewolf.Studio.Themes.Luna.csproj]
C:\Program Files\dotnet\sdk\10.0.201\Microsoft.Common.CurrentVersion.targets(2451,5): warning MSB3277:             InfragisticsWPF4.Controls.Editors.XamSyntaxEditor.v15.1, Version=15.1.20151.2055, Culture=neutral, PublicKeyToken=7dd5c3163f2cd0cb, processorArchitecture=MSIL [C:\Users\ultra\warewolf\Dev\Warewolf.Studio.Themes.Luna\Warewolf.Studio.Themes.Luna.csproj]
C:\Program Files\dotnet\sdk\10.0.201\Microsoft.Common.CurrentVersion.targets(2451,5): warning MSB3277:             InfragisticsWPF4.Controls.Grids.DateTimeColumn.v15.1, Version=15.1.20151.2055, Culture=neutral, PublicKeyToken=7dd5c3163f2cd0cb, processorArchitecture=MSIL [C:\Users\ultra\warewolf\Dev\Warewolf.Studio.Themes.Luna\Warewolf.Studio.Themes.Luna.csproj]
C:\Program Files\dotnet\sdk\10.0.201\Microsoft.Common.CurrentVersion.targets(2451,5): warning MSB3277:             InfragisticsWPF4.Controls.Grids.MultiColumnComboColumn.v15.1, Version=15.1.20151.2055, Culture=neutral, PublicKeyToken=7dd5c3163f2cd0cb, processorArchitecture=MSIL [C:\Users\ultra\warewolf\Dev\Warewolf.Studio.Themes.Luna\Warewolf.Studio.Themes.Luna.csproj]
C:\Program Files\dotnet\sdk\10.0.201\Microsoft.Common.CurrentVersion.targets(2451,5): warning MSB3277:             InfragisticsWPF4.Controls.Grids.XamGrid.v15.1, Version=15.1.20151.2055, Culture=neutral, PublicKeyToken=7dd5c3163f2cd0cb, processorArchitecture=MSIL [C:\Users\ultra\warewolf\Dev\Warewolf.Studio.Themes.Luna\Warewolf.Studio.Themes.Luna.csproj]
C:\Program Files\dotnet\sdk\10.0.201\Microsoft.Common.CurrentVersion.targets(2451,5): warning MSB3277:             InfragisticsWPF4.Controls.Interactions.XamDialogWindow.v15.1, Version=15.1.20151.2055, Culture=neutral, PublicKeyToken=7dd5c3163f2cd0cb, processorArchitecture=MSIL [C:\Users\ultra\warewolf\Dev\Warewolf.Studio.Themes.Luna\Warewolf.Studio.Themes.Luna.csproj]
C:\Program Files\dotnet\sdk\10.0.201\Microsoft.Common.CurrentVersion.targets(2451,5): warning MSB3277:             InfragisticsWPF4.Controls.Interactions.XamSpellChecker.v15.1, Version=15.1.20151.2055, Culture=neutral, PublicKeyToken=7dd5c3163f2cd0cb, processorArchitecture=MSIL [C:\Users\ultra\warewolf\Dev\Warewolf.Studio.Themes.Luna\Warewolf.Studio.Themes.Luna.csproj]
C:\Program Files\dotnet\sdk\10.0.201\Microsoft.Common.CurrentVersion.targets(2451,5): warning MSB3277:             InfragisticsWPF4.Controls.Maps.XamNetworkNode.v15.1, Version=15.1.20151.2055, Culture=neutral, PublicKeyToken=7dd5c3163f2cd0cb, processorArchitecture=MSIL [C:\Users\ultra\warewolf\Dev\Warewolf.Studio.Themes.Luna\Warewolf.Studio.Themes.Luna.csproj]
C:\Program Files\dotnet\sdk\10.0.201\Microsoft.Common.CurrentVersion.targets(2451,5): warning MSB3277:             InfragisticsWPF4.Controls.Menus.XamDataTree.v15.1 [C:\Users\ultra\warewolf\Dev\Warewolf.Studio.Themes.Luna\Warewolf.Studio.Themes.Luna.csproj]
C:\Program Files\dotnet\sdk\10.0.201\Microsoft.Common.CurrentVersion.targets(2451,5): warning MSB3277:             InfragisticsWPF4.Controls.Menus.XamMenu.v15.1, Version=15.1.20151.2055, Culture=neutral, PublicKeyToken=7dd5c3163f2cd0cb, processorArchitecture=MSIL [C:\Users\ultra\warewolf\Dev\Warewolf.Studio.Themes.Luna\Warewolf.Studio.Themes.Luna.csproj]
C:\Program Files\dotnet\sdk\10.0.201\Microsoft.Common.CurrentVersion.targets(2451,5): warning MSB3277:             InfragisticsWPF4.DataManager.v15.1, Version=15.1.20151.2055, Culture=neutral, PublicKeyToken=7dd5c3163f2cd0cb, processorArchitecture=MSIL [C:\Users\ultra\warewolf\Dev\Warewolf.Studio.Themes.Luna\Warewolf.Studio.Themes.Luna.csproj]
C:\Program Files\dotnet\sdk\10.0.201\Microsoft.Common.CurrentVersion.targets(2451,5): warning MSB3277:             InfragisticsWPF4.DataPresenter.v15.1, Version=15.1.20151.2055, Culture=neutral, PublicKeyToken=7dd5c3163f2cd0cb, processorArchitecture=MSIL [C:\Users\ultra\warewolf\Dev\Warewolf.Studio.Themes.Luna\Warewolf.Studio.Themes.Luna.csproj]
C:\Program Files\dotnet\sdk\10.0.201\Microsoft.Common.CurrentVersion.targets(2451,5): warning MSB3277:             InfragisticsWPF4.DataVisualization.v15.1, Version=15.1.20151.2055, Culture=neutral, PublicKeyToken=7dd5c3163f2cd0cb, processorArchitecture=MSIL [C:\Users\ultra\warewolf\Dev\Warewolf.Studio.Themes.Luna\Warewolf.Studio.Themes.Luna.csproj]
C:\Program Files\dotnet\sdk\10.0.201\Microsoft.Common.CurrentVersion.targets(2451,5): warning MSB3277:             InfragisticsWPF4.DockManager.v15.1, Version=15.1.20151.2055, Culture=neutral, PublicKeyToken=7dd5c3163f2cd0cb, processorArchitecture=MSIL [C:\Users\ultra\warewolf\Dev\Warewolf.Studio.Themes.Luna\Warewolf.Studio.Themes.Luna.csproj]
C:\Program Files\dotnet\sdk\10.0.201\Microsoft.Common.CurrentVersion.targets(2451,5): warning MSB3277:             InfragisticsWPF4.Documents.RichTextDocument.Html.v15.1, Version=15.1.20151.2055, Culture=neutral, PublicKeyToken=7dd5c3163f2cd0cb, processorArchitecture=MSIL [C:\Users\ultra\warewolf\Dev\Warewolf.Studio.Themes.Luna\Warewolf.Studio.Themes.Luna.csproj]
C:\Program Files\dotnet\sdk\10.0.201\Microsoft.Common.CurrentVersion.targets(2451,5): warning MSB3277:             InfragisticsWPF4.Documents.RichTextDocument.v15.1, Version=15.1.20151.2055, Culture=neutral, PublicKeyToken=7dd5c3163f2cd0cb, processorArchitecture=MSIL [C:\Users\ultra\warewolf\Dev\Warewolf.Studio.Themes.Luna\Warewolf.Studio.Themes.Luna.csproj]
C:\Program Files\dotnet\sdk\10.0.201\Microsoft.Common.CurrentVersion.targets(2451,5): warning MSB3277:             InfragisticsWPF4.Editors.v15.1, Version=15.1.20151.2055, Culture=neutral, PublicKeyToken=7dd5c3163f2cd0cb, processorArchitecture=MSIL [C:\Users\ultra\warewolf\Dev\Warewolf.Studio.Themes.Luna\Warewolf.Studio.Themes.Luna.csproj]
C:\Program Files\dotnet\sdk\10.0.201\Microsoft.Common.CurrentVersion.targets(2451,5): warning MSB3277:         C:\Users\ultra\.nuget\packages\caliburn.micro\4.0.212\lib\netcoreapp3.1\Caliburn.Micro.Platform.dll [C:\Users\ultra\warewolf\Dev\Warewolf.Studio.Themes.Luna\Warewolf.Studio.Themes.Luna.csproj]
C:\Program Files\dotnet\sdk\10.0.201\Microsoft.Common.CurrentVersion.targets(2451,5): warning MSB3277:           Project file item includes which caused reference "C:\Users\ultra\.nuget\packages\caliburn.micro\4.0.212\lib\netcoreapp3.1\Caliburn.Micro.Platform.dll". [C:\Users\ultra\warewolf\Dev\Warewolf.Studio.Themes.Luna\Warewolf.Studio.Themes.Luna.csproj]
C:\Program Files\dotnet\sdk\10.0.201\Microsoft.Common.CurrentVersion.targets(2451,5): warning MSB3277:             C:\Users\ultra\.nuget\packages\caliburn.micro\4.0.212\lib\netcoreapp3.1\Caliburn.Micro.Platform.dll [C:\Users\ultra\warewolf\Dev\Warewolf.Studio.Themes.Luna\Warewolf.Studio.Themes.Luna.csproj]
C:\Program Files\dotnet\sdk\10.0.201\Microsoft.Common.CurrentVersion.targets(2451,5): warning MSB3277:         C:\Users\ultra\.nuget\packages\extended.wpf.toolkit\4.4.0\lib\net5.0\Xceed.Wpf.AvalonDock.NET5.dll [C:\Users\ultra\warewolf\Dev\Warewolf.Studio.Themes.Luna\Warewolf.Studio.Themes.Luna.csproj]
C:\Program Files\dotnet\sdk\10.0.201\Microsoft.Common.CurrentVersion.targets(2451,5): warning MSB3277:           Project file item includes which caused reference "C:\Users\ultra\.nuget\packages\extended.wpf.toolkit\4.4.0\lib\net5.0\Xceed.Wpf.AvalonDock.NET5.dll". [C:\Users\ultra\warewolf\Dev\Warewolf.Studio.Themes.Luna\Warewolf.Studio.Themes.Luna.csproj]
C:\Program Files\dotnet\sdk\10.0.201\Microsoft.Common.CurrentVersion.targets(2451,5): warning MSB3277:             C:\Users\ultra\.nuget\packages\extended.wpf.toolkit\4.4.0\lib\net5.0\Xceed.Wpf.AvalonDock.NET5.dll [C:\Users\ultra\warewolf\Dev\Warewolf.Studio.Themes.Luna\Warewolf.Studio.Themes.Luna.csproj]
C:\Program Files\dotnet\sdk\10.0.201\Microsoft.Common.CurrentVersion.targets(2451,5): warning MSB3277:             C:\Users\ultra\.nuget\packages\extended.wpf.toolkit\4.4.0\lib\net5.0\Xceed.Wpf.AvalonDock.Themes.Aero.NET5.dll [C:\Users\ultra\warewolf\Dev\Warewolf.Studio.Themes.Luna\Warewolf.Studio.Themes.Luna.csproj]
C:\Program Files\dotnet\sdk\10.0.201\Microsoft.Common.CurrentVersion.targets(2451,5): warning MSB3277:             C:\Users\ultra\.nuget\packages\extended.wpf.toolkit\4.4.0\lib\net5.0\Xceed.Wpf.AvalonDock.Themes.Metro.NET5.dll [C:\Users\ultra\warewolf\Dev\Warewolf.Studio.Themes.Luna\Warewolf.Studio.Themes.Luna.csproj]
C:\Program Files\dotnet\sdk\10.0.201\Microsoft.Common.CurrentVersion.targets(2451,5): warning MSB3277:             C:\Users\ultra\.nuget\packages\extended.wpf.toolkit\4.4.0\lib\net5.0\Xceed.Wpf.AvalonDock.Themes.VS2010.NET5.dll [C:\Users\ultra\warewolf\Dev\Warewolf.Studio.Themes.Luna\Warewolf.Studio.Themes.Luna.csproj]
C:\Program Files\dotnet\sdk\10.0.201\Microsoft.Common.CurrentVersion.targets(2451,5): warning MSB3277:         C:\Users\ultra\.nuget\packages\extended.wpf.toolkit\4.4.0\lib\net5.0\Xceed.Wpf.AvalonDock.Themes.Aero.NET5.dll [C:\Users\ultra\warewolf\Dev\Warewolf.Studio.Themes.Luna\Warewolf.Studio.Themes.Luna.csproj]
C:\Program Files\dotnet\sdk\10.0.201\Microsoft.Common.CurrentVersion.targets(2451,5): warning MSB3277:           Project file item includes which caused reference "C:\Users\ultra\.nuget\packages\extended.wpf.toolkit\4.4.0\lib\net5.0\Xceed.Wpf.AvalonDock.Themes.Aero.NET5.dll". [C:\Users\ultra\warewolf\Dev\Warewolf.Studio.Themes.Luna\Warewolf.Studio.Themes.Luna.csproj]
C:\Program Files\dotnet\sdk\10.0.201\Microsoft.Common.CurrentVersion.targets(2451,5): warning MSB3277:             C:\Users\ultra\.nuget\packages\extended.wpf.toolkit\4.4.0\lib\net5.0\Xceed.Wpf.AvalonDock.Themes.Aero.NET5.dll [C:\Users\ultra\warewolf\Dev\Warewolf.Studio.Themes.Luna\Warewolf.Studio.Themes.Luna.csproj]
C:\Program Files\dotnet\sdk\10.0.201\Microsoft.Common.CurrentVersion.targets(2451,5): warning MSB3277:         C:\Users\ultra\.nuget\packages\extended.wpf.toolkit\4.4.0\lib\net5.0\Xceed.Wpf.Toolkit.NET5.dll [C:\Users\ultra\warewolf\Dev\Warewolf.Studio.Themes.Luna\Warewolf.Studio.Themes.Luna.csproj]
C:\Program Files\dotnet\sdk\10.0.201\Microsoft.Common.CurrentVersion.targets(2451,5): warning MSB3277:           Project file item includes which caused reference "C:\Users\ultra\.nuget\packages\extended.wpf.toolkit\4.4.0\lib\net5.0\Xceed.Wpf.Toolkit.NET5.dll". [C:\Users\ultra\warewolf\Dev\Warewolf.Studio.Themes.Luna\Warewolf.Studio.Themes.Luna.csproj]
C:\Program Files\dotnet\sdk\10.0.201\Microsoft.Common.CurrentVersion.targets(2451,5): warning MSB3277:             C:\Users\ultra\.nuget\packages\extended.wpf.toolkit\4.4.0\lib\net5.0\Xceed.Wpf.Toolkit.NET5.dll [C:\Users\ultra\warewolf\Dev\Warewolf.Studio.Themes.Luna\Warewolf.Studio.Themes.Luna.csproj]
C:\Program Files\dotnet\sdk\10.0.201\Microsoft.Common.CurrentVersion.targets(2451,5): warning MSB3277:         C:\Users\ultra\.nuget\packages\ironpython\3.4.0\lib\net6.0\IronPython.Wpf.dll [C:\Users\ultra\warewolf\Dev\Warewolf.Studio.Themes.Luna\Warewolf.Studio.Themes.Luna.csproj]
C:\Program Files\dotnet\sdk\10.0.201\Microsoft.Common.CurrentVersion.targets(2451,5): warning MSB3277:           Project file item includes which caused reference "C:\Users\ultra\.nuget\packages\ironpython\3.4.0\lib\net6.0\IronPython.Wpf.dll". [C:\Users\ultra\warewolf\Dev\Warewolf.Studio.Themes.Luna\Warewolf.Studio.Themes.Luna.csproj]
C:\Program Files\dotnet\sdk\10.0.201\Microsoft.Common.CurrentVersion.targets(2451,5): warning MSB3277:             C:\Users\ultra\.nuget\packages\ironpython\3.4.0\lib\net6.0\IronPython.Wpf.dll [C:\Users\ultra\warewolf\Dev\Warewolf.Studio.Themes.Luna\Warewolf.Studio.Themes.Luna.csproj]
C:\Program Files\dotnet\sdk\10.0.201\Microsoft.Common.CurrentVersion.targets(2451,5): warning MSB3277:         C:\Users\ultra\.nuget\packages\microsoft.xaml.behaviors.wpf\1.1.122\lib\net462\Microsoft.Xaml.Behaviors.dll [C:\Users\ultra\warewolf\Dev\Warewolf.Studio.Themes.Luna\Warewolf.Studio.Themes.Luna.csproj]
C:\Program Files\dotnet\sdk\10.0.201\Microsoft.Common.CurrentVersion.targets(2451,5): warning MSB3277:           Project file item includes which caused reference "C:\Users\ultra\.nuget\packages\microsoft.xaml.behaviors.wpf\1.1.122\lib\net462\Microsoft.Xaml.Behaviors.dll". [C:\Users\ultra\warewolf\Dev\Warewolf.Studio.Themes.Luna\Warewolf.Studio.Themes.Luna.csproj]
C:\Program Files\dotnet\sdk\10.0.201\Microsoft.Common.CurrentVersion.targets(2451,5): warning MSB3277:             C:\Users\ultra\.nuget\packages\microsoft.xaml.behaviors.wpf\1.1.122\lib\net462\Microsoft.Xaml.Behaviors.dll [C:\Users\ultra\warewolf\Dev\Warewolf.Studio.Themes.Luna\Warewolf.Studio.Themes.Luna.csproj]
C:\Program Files\dotnet\sdk\10.0.201\Microsoft.Common.CurrentVersion.targets(2451,5): warning MSB3277:             C:\Users\ultra\.nuget\packages\caliburn.micro\4.0.212\lib\netcoreapp3.1\Caliburn.Micro.Platform.dll [C:\Users\ultra\warewolf\Dev\Warewolf.Studio.Themes.Luna\Warewolf.Studio.Themes.Luna.csproj]
C:\Program Files\dotnet\sdk\10.0.201\Microsoft.Common.CurrentVersion.targets(2451,5): warning MSB3277:             C:\Users\ultra\.nuget\packages\prism.wpf\9.0.537\lib\net462\Prism.Wpf.dll [C:\Users\ultra\warewolf\Dev\Warewolf.Studio.Themes.Luna\Warewolf.Studio.Themes.Luna.csproj]
C:\Program Files\dotnet\sdk\10.0.201\Microsoft.Common.CurrentVersion.targets(2451,5): warning MSB3277:         C:\Users\ultra\.nuget\packages\prism.wpf\9.0.537\lib\net462\Prism.Wpf.dll [C:\Users\ultra\warewolf\Dev\Warewolf.Studio.Themes.Luna\Warewolf.Studio.Themes.Luna.csproj]
C:\Program Files\dotnet\sdk\10.0.201\Microsoft.Common.CurrentVersion.targets(2451,5): warning MSB3277:           Project file item includes which caused reference "C:\Users\ultra\.nuget\packages\prism.wpf\9.0.537\lib\net462\Prism.Wpf.dll". [C:\Users\ultra\warewolf\Dev\Warewolf.Studio.Themes.Luna\Warewolf.Studio.Themes.Luna.csproj]
C:\Program Files\dotnet\sdk\10.0.201\Microsoft.Common.CurrentVersion.targets(2451,5): warning MSB3277:             C:\Users\ultra\.nuget\packages\prism.wpf\9.0.537\lib\net462\Prism.Wpf.dll [C:\Users\ultra\warewolf\Dev\Warewolf.Studio.Themes.Luna\Warewolf.Studio.Themes.Luna.csproj]
C:\Program Files\dotnet\sdk\10.0.201\Microsoft.Common.CurrentVersion.targets(2451,5): warning MSB3277:         C:\Users\ultra\.nuget\packages\reactiveui.wpf\18.4.1\lib\net462\ReactiveUI.Wpf.dll [C:\Users\ultra\warewolf\Dev\Warewolf.Studio.Themes.Luna\Warewolf.Studio.Themes.Luna.csproj]
C:\Program Files\dotnet\sdk\10.0.201\Microsoft.Common.CurrentVersion.targets(2451,5): warning MSB3277:           Project file item includes which caused reference "C:\Users\ultra\.nuget\packages\reactiveui.wpf\18.4.1\lib\net462\ReactiveUI.Wpf.dll". [C:\Users\ultra\warewolf\Dev\Warewolf.Studio.Themes.Luna\Warewolf.Studio.Themes.Luna.csproj]
C:\Program Files\dotnet\sdk\10.0.201\Microsoft.Common.CurrentVersion.targets(2451,5): warning MSB3277:             C:\Users\ultra\.nuget\packages\reactiveui.wpf\18.4.1\lib\net462\ReactiveUI.Wpf.dll [C:\Users\ultra\warewolf\Dev\Warewolf.Studio.Themes.Luna\Warewolf.Studio.Themes.Luna.csproj]
C:\Program Files\dotnet\sdk\10.0.201\Microsoft.Common.CurrentVersion.targets(2451,5): warning MSB3277:         C:\Users\ultra\warewolf\Dev\Binaries\Infragistcs_Net6\InfragisticsWPF4.Undo.v15.1.dll [C:\Users\ultra\warewolf\Dev\Warewolf.Studio.Themes.Luna\Warewolf.Studio.Themes.Luna.csproj]
C:\Program Files\dotnet\sdk\10.0.201\Microsoft.Common.CurrentVersion.targets(2451,5): warning MSB3277:           Project file item includes which caused reference "C:\Users\ultra\warewolf\Dev\Binaries\Infragistcs_Net6\InfragisticsWPF4.Undo.v15.1.dll". [C:\Users\ultra\warewolf\Dev\Warewolf.Studio.Themes.Luna\Warewolf.Studio.Themes.Luna.csproj]
C:\Program Files\dotnet\sdk\10.0.201\Microsoft.Common.CurrentVersion.targets(2451,5): warning MSB3277:             InfragisticsWPF4.Controls.Editors.XamRichTextEditor.v15.1, Version=15.1.20151.2055, Culture=neutral, PublicKeyToken=7dd5c3163f2cd0cb, processorArchitecture=MSIL [C:\Users\ultra\warewolf\Dev\Warewolf.Studio.Themes.Luna\Warewolf.Studio.Themes.Luna.csproj]
C:\Program Files\dotnet\sdk\10.0.201\Microsoft.Common.CurrentVersion.targets(2451,5): warning MSB3277:             InfragisticsWPF4.Controls.Editors.XamSyntaxEditor.v15.1, Version=15.1.20151.2055, Culture=neutral, PublicKeyToken=7dd5c3163f2cd0cb, processorArchitecture=MSIL [C:\Users\ultra\warewolf\Dev\Warewolf.Studio.Themes.Luna\Warewolf.Studio.Themes.Luna.csproj]
C:\Program Files\dotnet\sdk\10.0.201\Microsoft.Common.CurrentVersion.targets(2451,5): warning MSB3277:             InfragisticsWPF4.Documents.RichTextDocument.v15.1, Version=15.1.20151.2055, Culture=neutral, PublicKeyToken=7dd5c3163f2cd0cb, processorArchitecture=MSIL [C:\Users\ultra\warewolf\Dev\Warewolf.Studio.Themes.Luna\Warewolf.Studio.Themes.Luna.csproj]
C:\Program Files\dotnet\sdk\10.0.201\Microsoft.Common.CurrentVersion.targets(2451,5): warning MSB3277:             InfragisticsWPF4.Documents.RichTextDocument.Html.v15.1, Version=15.1.20151.2055, Culture=neutral, PublicKeyToken=7dd5c3163f2cd0cb, processorArchitecture=MSIL [C:\Users\ultra\warewolf\Dev\Warewolf.Studio.Themes.Luna\Warewolf.Studio.Themes.Luna.csproj]
C:\Program Files\dotnet\sdk\10.0.201\Microsoft.Common.CurrentVersion.targets(2451,5): warning MSB3277:         C:\Users\ultra\warewolf\Dev\Binaries\Infragistcs_Net6\InfragisticsWPF4.Controls.Editors.XamDateTimeInput.v15.1.dll [C:\Users\ultra\warewolf\Dev\Warewolf.Studio.Themes.Luna\Warewolf.Studio.Themes.Luna.csproj]
C:\Program Files\dotnet\sdk\10.0.201\Microsoft.Common.CurrentVersion.targets(2451,5): warning MSB3277:           Project file item includes which caused reference "C:\Users\ultra\warewolf\Dev\Binaries\Infragistcs_Net6\InfragisticsWPF4.Controls.Editors.XamDateTimeInput.v15.1.dll". [C:\Users\ultra\warewolf\Dev\Warewolf.Studio.Themes.Luna\Warewolf.Studio.Themes.Luna.csproj]
C:\Program Files\dotnet\sdk\10.0.201\Microsoft.Common.CurrentVersion.targets(2451,5): warning MSB3277:             InfragisticsWPF4.Controls.Grids.DateTimeColumn.v15.1, Version=15.1.20151.2055, Culture=neutral, PublicKeyToken=7dd5c3163f2cd0cb, processorArchitecture=MSIL [C:\Users\ultra\warewolf\Dev\Warewolf.Studio.Themes.Luna\Warewolf.Studio.Themes.Luna.csproj]
C:\Program Files\dotnet\sdk\10.0.201\Microsoft.Common.CurrentVersion.targets(2451,5): warning MSB3277:         C:\Users\ultra\warewolf\Dev\Binaries\Infragistcs_Net6\InfragisticsWPF4.Controls.Editors.XamMaskedInput.v15.1.dll [C:\Users\ultra\warewolf\Dev\Warewolf.Studio.Themes.Luna\Warewolf.Studio.Themes.Luna.csproj]
C:\Program Files\dotnet\sdk\10.0.201\Microsoft.Common.CurrentVersion.targets(2451,5): warning MSB3277:           Project file item includes which caused reference "C:\Users\ultra\warewolf\Dev\Binaries\Infragistcs_Net6\InfragisticsWPF4.Controls.Editors.XamMaskedInput.v15.1.dll". [C:\Users\ultra\warewolf\Dev\Warewolf.Studio.Themes.Luna\Warewolf.Studio.Themes.Luna.csproj]
C:\Program Files\dotnet\sdk\10.0.201\Microsoft.Common.CurrentVersion.targets(2451,5): warning MSB3277:             InfragisticsWPF4.Controls.Grids.DateTimeColumn.v15.1, Version=15.1.20151.2055, Culture=neutral, PublicKeyToken=7dd5c3163f2cd0cb, processorArchitecture=MSIL [C:\Users\ultra\warewolf\Dev\Warewolf.Studio.Themes.Luna\Warewolf.Studio.Themes.Luna.csproj]
C:\Program Files\dotnet\sdk\10.0.201\Microsoft.Common.CurrentVersion.targets(2451,5): warning MSB3277:         C:\Users\ultra\warewolf\Dev\Binaries\Infragistcs_Net6\InfragisticsWPF4.DragDrop.v15.1.dll [C:\Users\ultra\warewolf\Dev\Warewolf.Studio.Themes.Luna\Warewolf.Studio.Themes.Luna.csproj]
C:\Program Files\dotnet\sdk\10.0.201\Microsoft.Common.CurrentVersion.targets(2451,5): warning MSB3277:           Project file item includes which caused reference "C:\Users\ultra\warewolf\Dev\Binaries\Infragistcs_Net6\InfragisticsWPF4.DragDrop.v15.1.dll". [C:\Users\ultra\warewolf\Dev\Warewolf.Studio.Themes.Luna\Warewolf.Studio.Themes.Luna.csproj]
C:\Program Files\dotnet\sdk\10.0.201\Microsoft.Common.CurrentVersion.targets(2451,5): warning MSB3277:             InfragisticsWPF4.Controls.Menus.XamDataTree.v15.1 [C:\Users\ultra\warewolf\Dev\Warewolf.Studio.Themes.Luna\Warewolf.Studio.Themes.Luna.csproj]
C:\Program Files\dotnet\sdk\10.0.201\Microsoft.Common.CurrentVersion.targets(2451,5): warning MSB3277:         C:\Users\ultra\warewolf\Dev\Binaries\Infragistcs_Net6\InfragisticsWPF4.Controls.Editors.XamCalendar.v15.1.dll [C:\Users\ultra\warewolf\Dev\Warewolf.Studio.Themes.Luna\Warewolf.Studio.Themes.Luna.csproj]
C:\Program Files\dotnet\sdk\10.0.201\Microsoft.Common.CurrentVersion.targets(2451,5): warning MSB3277:           Project file item includes which caused reference "C:\Users\ultra\warewolf\Dev\Binaries\Infragistcs_Net6\InfragisticsWPF4.Controls.Editors.XamCalendar.v15.1.dll". [C:\Users\ultra\warewolf\Dev\Warewolf.Studio.Themes.Luna\Warewolf.Studio.Themes.Luna.csproj]
C:\Program Files\dotnet\sdk\10.0.201\Microsoft.Common.CurrentVersion.targets(2451,5): warning MSB3277:             InfragisticsWPF4.Controls.Grids.DateTimeColumn.v15.1, Version=15.1.20151.2055, Culture=neutral, PublicKeyToken=7dd5c3163f2cd0cb, processorArchitecture=MSIL [C:\Users\ultra\warewolf\Dev\Warewolf.Studio.Themes.Luna\Warewolf.Studio.Themes.Luna.csproj]
C:\Program Files\dotnet\sdk\10.0.201\Microsoft.Common.CurrentVersion.targets(2451,5): warning MSB3277: Found conflicts between different versions of "System.IO.Packaging" that could not be resolved. [C:\Users\ultra\warewolf\Dev\Warewolf.Studio.Themes.Luna\Warewolf.Studio.Themes.Luna.csproj]
C:\Program Files\dotnet\sdk\10.0.201\Microsoft.Common.CurrentVersion.targets(2451,5): warning MSB3277: There was a conflict between "System.IO.Packaging, Version=6.0.0.0, Culture=neutral, PublicKeyToken=b03f5f7f11d50a3a" and "System.IO.Packaging, Version=7.0.0.0, Culture=neutral, PublicKeyToken=b03f5f7f11d50a3a". [C:\Users\ultra\warewolf\Dev\Warewolf.Studio.Themes.Luna\Warewolf.Studio.Themes.Luna.csproj]
C:\Program Files\dotnet\sdk\10.0.201\Microsoft.Common.CurrentVersion.targets(2451,5): warning MSB3277:     "System.IO.Packaging, Version=6.0.0.0, Culture=neutral, PublicKeyToken=b03f5f7f11d50a3a" was chosen because it was primary and "System.IO.Packaging, Version=7.0.0.0, Culture=neutral, PublicKeyToken=b03f5f7f11d50a3a" was not. [C:\Users\ultra\warewolf\Dev\Warewolf.Studio.Themes.Luna\Warewolf.Studio.Themes.Luna.csproj]
C:\Program Files\dotnet\sdk\10.0.201\Microsoft.Common.CurrentVersion.targets(2451,5): warning MSB3277:     References which depend on "System.IO.Packaging, Version=6.0.0.0, Culture=neutral, PublicKeyToken=b03f5f7f11d50a3a" [C:\Users\ultra\.nuget\packages\system.io.packaging\6.0.0\lib\net6.0\System.IO.Packaging.dll]. [C:\Users\ultra\warewolf\Dev\Warewolf.Studio.Themes.Luna\Warewolf.Studio.Themes.Luna.csproj]
C:\Program Files\dotnet\sdk\10.0.201\Microsoft.Common.CurrentVersion.targets(2451,5): warning MSB3277:         C:\Users\ultra\.nuget\packages\system.io.packaging\6.0.0\lib\net6.0\System.IO.Packaging.dll [C:\Users\ultra\warewolf\Dev\Warewolf.Studio.Themes.Luna\Warewolf.Studio.Themes.Luna.csproj]
C:\Program Files\dotnet\sdk\10.0.201\Microsoft.Common.CurrentVersion.targets(2451,5): warning MSB3277:           Project file item includes which caused reference "C:\Users\ultra\.nuget\packages\system.io.packaging\6.0.0\lib\net6.0\System.IO.Packaging.dll". [C:\Users\ultra\warewolf\Dev\Warewolf.Studio.Themes.Luna\Warewolf.Studio.Themes.Luna.csproj]
C:\Program Files\dotnet\sdk\10.0.201\Microsoft.Common.CurrentVersion.targets(2451,5): warning MSB3277:             C:\Users\ultra\.nuget\packages\system.io.packaging\6.0.0\lib\net6.0\System.IO.Packaging.dll [C:\Users\ultra\warewolf\Dev\Warewolf.Studio.Themes.Luna\Warewolf.Studio.Themes.Luna.csproj]
C:\Program Files\dotnet\sdk\10.0.201\Microsoft.Common.CurrentVersion.targets(2451,5): warning MSB3277:     References which depend on or have been unified to "System.IO.Packaging, Version=7.0.0.0, Culture=neutral, PublicKeyToken=b03f5f7f11d50a3a" []. [C:\Users\ultra\warewolf\Dev\Warewolf.Studio.Themes.Luna\Warewolf.Studio.Themes.Luna.csproj]
C:\Program Files\dotnet\sdk\10.0.201\Microsoft.Common.CurrentVersion.targets(2451,5): warning MSB3277:         C:\Users\ultra\warewolf\Dev\Binaries\Infragistcs_Net6\InfragisticsWPF4.Documents.RichTextDocument.v15.1.dll [C:\Users\ultra\warewolf\Dev\Warewolf.Studio.Themes.Luna\Warewolf.Studio.Themes.Luna.csproj]
C:\Program Files\dotnet\sdk\10.0.201\Microsoft.Common.CurrentVersion.targets(2451,5): warning MSB3277:           Project file item includes which caused reference "C:\Users\ultra\warewolf\Dev\Binaries\Infragistcs_Net6\InfragisticsWPF4.Documents.RichTextDocument.v15.1.dll". [C:\Users\ultra\warewolf\Dev\Warewolf.Studio.Themes.Luna\Warewolf.Studio.Themes.Luna.csproj]
C:\Program Files\dotnet\sdk\10.0.201\Microsoft.Common.CurrentVersion.targets(2451,5): warning MSB3277:             InfragisticsWPF4.Documents.RichTextDocument.v15.1, Version=15.1.20151.2055, Culture=neutral, PublicKeyToken=7dd5c3163f2cd0cb, processorArchitecture=MSIL [C:\Users\ultra\warewolf\Dev\Warewolf.Studio.Themes.Luna\Warewolf.Studio.Themes.Luna.csproj]
C:\Program Files\dotnet\sdk\10.0.201\Microsoft.Common.CurrentVersion.targets(2451,5): warning MSB3277:             InfragisticsWPF4.Controls.Editors.XamRichTextEditor.v15.1, Version=15.1.20151.2055, Culture=neutral, PublicKeyToken=7dd5c3163f2cd0cb, processorArchitecture=MSIL [C:\Users\ultra\warewolf\Dev\Warewolf.Studio.Themes.Luna\Warewolf.Studio.Themes.Luna.csproj]
C:\Program Files\dotnet\sdk\10.0.201\Microsoft.Common.CurrentVersion.targets(2451,5): warning MSB3277:             InfragisticsWPF4.Documents.RichTextDocument.Html.v15.1, Version=15.1.20151.2055, Culture=neutral, PublicKeyToken=7dd5c3163f2cd0cb, processorArchitecture=MSIL [C:\Users\ultra\warewolf\Dev\Warewolf.Studio.Themes.Luna\Warewolf.Studio.Themes.Luna.csproj]
C:\Program Files\dotnet\sdk\10.0.201\Microsoft.Common.CurrentVersion.targets(2451,5): warning MSB3277:         C:\Program Files\dotnet\packs\Microsoft.NETCore.App.Ref\8.0.25\ref\net8.0\WindowsBase.dll [C:\Users\ultra\warewolf\Dev\Warewolf.Studio.Themes.Luna\Warewolf.Studio.Themes.Luna.csproj]
C:\Program Files\dotnet\sdk\10.0.201\Microsoft.Common.CurrentVersion.targets(2451,5): warning MSB3277:           Project file item includes which caused reference "C:\Program Files\dotnet\packs\Microsoft.NETCore.App.Ref\8.0.25\ref\net8.0\WindowsBase.dll". [C:\Users\ultra\warewolf\Dev\Warewolf.Studio.Themes.Luna\Warewolf.Studio.Themes.Luna.csproj]
C:\Program Files\dotnet\sdk\10.0.201\Microsoft.Common.CurrentVersion.targets(2451,5): warning MSB3277:             C:\Program Files\dotnet\packs\Microsoft.NETCore.App.Ref\8.0.25\ref/net8.0/WindowsBase.dll [C:\Users\ultra\warewolf\Dev\Warewolf.Studio.Themes.Luna\Warewolf.Studio.Themes.Luna.csproj]
C:\Program Files\dotnet\sdk\10.0.201\Microsoft.Common.CurrentVersion.targets(2451,5): warning MSB3277:         C:\Users\ultra\warewolf\Dev\Binaries\Infragistcs_Net6\InfragisticsWPF4.Documents.Core.v15.1.dll [C:\Users\ultra\warewolf\Dev\Warewolf.Studio.Themes.Luna\Warewolf.Studio.Themes.Luna.csproj]
C:\Program Files\dotnet\sdk\10.0.201\Microsoft.Common.CurrentVersion.targets(2451,5): warning MSB3277:           Project file item includes which caused reference "C:\Users\ultra\warewolf\Dev\Binaries\Infragistcs_Net6\InfragisticsWPF4.Documents.Core.v15.1.dll". [C:\Users\ultra\warewolf\Dev\Warewolf.Studio.Themes.Luna\Warewolf.Studio.Themes.Luna.csproj]
C:\Program Files\dotnet\sdk\10.0.201\Microsoft.Common.CurrentVersion.targets(2451,5): warning MSB3277:             InfragisticsWPF4.Documents.RichTextDocument.Html.v15.1, Version=15.1.20151.2055, Culture=neutral, PublicKeyToken=7dd5c3163f2cd0cb, processorArchitecture=MSIL [C:\Users\ultra\warewolf\Dev\Warewolf.Studio.Themes.Luna\Warewolf.Studio.Themes.Luna.csproj]
C:\Program Files\dotnet\sdk\10.0.201\Microsoft.Common.CurrentVersion.targets(2451,5): warning MSB3277: Found conflicts between different versions of "System.Windows.Extensions" that could not be resolved. [C:\Users\ultra\warewolf\Dev\Warewolf.Studio.Themes.Luna\Warewolf.Studio.Themes.Luna.csproj]
C:\Program Files\dotnet\sdk\10.0.201\Microsoft.Common.CurrentVersion.targets(2451,5): warning MSB3277: There was a conflict between "System.Windows.Extensions, Version=6.0.0.0, Culture=neutral, PublicKeyToken=cc7b13ffcd2ddd51" and "System.Windows.Extensions, Version=7.0.0.0, Culture=neutral, PublicKeyToken=cc7b13ffcd2ddd51". [C:\Users\ultra\warewolf\Dev\Warewolf.Studio.Themes.Luna\Warewolf.Studio.Themes.Luna.csproj]
C:\Program Files\dotnet\sdk\10.0.201\Microsoft.Common.CurrentVersion.targets(2451,5): warning MSB3277:     "System.Windows.Extensions, Version=6.0.0.0, Culture=neutral, PublicKeyToken=cc7b13ffcd2ddd51" was chosen because it was primary and "System.Windows.Extensions, Version=7.0.0.0, Culture=neutral, PublicKeyToken=cc7b13ffcd2ddd51" was not. [C:\Users\ultra\warewolf\Dev\Warewolf.Studio.Themes.Luna\Warewolf.Studio.Themes.Luna.csproj]
C:\Program Files\dotnet\sdk\10.0.201\Microsoft.Common.CurrentVersion.targets(2451,5): warning MSB3277:     References which depend on "System.Windows.Extensions, Version=6.0.0.0, Culture=neutral, PublicKeyToken=cc7b13ffcd2ddd51" [C:\Users\ultra\.nuget\packages\system.windows.extensions\6.0.0\lib\net6.0\System.Windows.Extensions.dll]. [C:\Users\ultra\warewolf\Dev\Warewolf.Studio.Themes.Luna\Warewolf.Studio.Themes.Luna.csproj]
C:\Program Files\dotnet\sdk\10.0.201\Microsoft.Common.CurrentVersion.targets(2451,5): warning MSB3277:         C:\Users\ultra\.nuget\packages\system.windows.extensions\6.0.0\lib\net6.0\System.Windows.Extensions.dll [C:\Users\ultra\warewolf\Dev\Warewolf.Studio.Themes.Luna\Warewolf.Studio.Themes.Luna.csproj]
C:\Program Files\dotnet\sdk\10.0.201\Microsoft.Common.CurrentVersion.targets(2451,5): warning MSB3277:           Project file item includes which caused reference "C:\Users\ultra\.nuget\packages\system.windows.extensions\6.0.0\lib\net6.0\System.Windows.Extensions.dll". [C:\Users\ultra\warewolf\Dev\Warewolf.Studio.Themes.Luna\Warewolf.Studio.Themes.Luna.csproj]
C:\Program Files\dotnet\sdk\10.0.201\Microsoft.Common.CurrentVersion.targets(2451,5): warning MSB3277:             C:\Users\ultra\.nuget\packages\system.windows.extensions\6.0.0\lib\net6.0\System.Windows.Extensions.dll [C:\Users\ultra\warewolf\Dev\Warewolf.Studio.Themes.Luna\Warewolf.Studio.Themes.Luna.csproj]
C:\Program Files\dotnet\sdk\10.0.201\Microsoft.Common.CurrentVersion.targets(2451,5): warning MSB3277:     References which depend on or have been unified to "System.Windows.Extensions, Version=7.0.0.0, Culture=neutral, PublicKeyToken=cc7b13ffcd2ddd51" []. [C:\Users\ultra\warewolf\Dev\Warewolf.Studio.Themes.Luna\Warewolf.Studio.Themes.Luna.csproj]
C:\Program Files\dotnet\sdk\10.0.201\Microsoft.Common.CurrentVersion.targets(2451,5): warning MSB3277:         C:\Users\ultra\warewolf\Dev\Binaries\Infragistcs_Net6\InfragisticsWPF4.Editors.v15.1.dll [C:\Users\ultra\warewolf\Dev\Warewolf.Studio.Themes.Luna\Warewolf.Studio.Themes.Luna.csproj]
C:\Program Files\dotnet\sdk\10.0.201\Microsoft.Common.CurrentVersion.targets(2451,5): warning MSB3277:           Project file item includes which caused reference "C:\Users\ultra\warewolf\Dev\Binaries\Infragistcs_Net6\InfragisticsWPF4.Editors.v15.1.dll". [C:\Users\ultra\warewolf\Dev\Warewolf.Studio.Themes.Luna\Warewolf.Studio.Themes.Luna.csproj]
C:\Program Files\dotnet\sdk\10.0.201\Microsoft.Common.CurrentVersion.targets(2451,5): warning MSB3277:             InfragisticsWPF4.Editors.v15.1, Version=15.1.20151.2055, Culture=neutral, PublicKeyToken=7dd5c3163f2cd0cb, processorArchitecture=MSIL [C:\Users\ultra\warewolf\Dev\Warewolf.Studio.Themes.Luna\Warewolf.Studio.Themes.Luna.csproj]
C:\Program Files\dotnet\sdk\10.0.201\Microsoft.Common.CurrentVersion.targets(2451,5): warning MSB3277:             InfragisticsWPF4.DataPresenter.v15.1, Version=15.1.20151.2055, Culture=neutral, PublicKeyToken=7dd5c3163f2cd0cb, processorArchitecture=MSIL [C:\Users\ultra\warewolf\Dev\Warewolf.Studio.Themes.Luna\Warewolf.Studio.Themes.Luna.csproj]
C:\Program Files\dotnet\sdk\10.0.201\Microsoft.Common.CurrentVersion.targets(2451,5): warning MSB3277:         C:\Users\ultra\.nuget\packages\extended.wpf.toolkit\4.4.0\lib\net5.0\Xceed.Wpf.Toolkit.NET5.dll [C:\Users\ultra\warewolf\Dev\Warewolf.Studio.Themes.Luna\Warewolf.Studio.Themes.Luna.csproj]
C:\Program Files\dotnet\sdk\10.0.201\Microsoft.Common.CurrentVersion.targets(2451,5): warning MSB3277:           Project file item includes which caused reference "C:\Users\ultra\.nuget\packages\extended.wpf.toolkit\4.4.0\lib\net5.0\Xceed.Wpf.Toolkit.NET5.dll". [C:\Users\ultra\warewolf\Dev\Warewolf.Studio.Themes.Luna\Warewolf.Studio.Themes.Luna.csproj]
C:\Program Files\dotnet\sdk\10.0.201\Microsoft.Common.CurrentVersion.targets(2451,5): warning MSB3277:             C:\Users\ultra\.nuget\packages\extended.wpf.toolkit\4.4.0\lib\net5.0\Xceed.Wpf.Toolkit.NET5.dll [C:\Users\ultra\warewolf\Dev\Warewolf.Studio.Themes.Luna\Warewolf.Studio.Themes.Luna.csproj]
C:\Program Files\dotnet\sdk\10.0.201\Microsoft.Common.CurrentVersion.targets(2451,5): warning MSB3277:         C:\Users\ultra\.nuget\packages\system.security.permissions\6.0.0\lib\net6.0\System.Security.Permissions.dll [C:\Users\ultra\warewolf\Dev\Warewolf.Studio.Themes.Luna\Warewolf.Studio.Themes.Luna.csproj]
C:\Program Files\dotnet\sdk\10.0.201\Microsoft.Common.CurrentVersion.targets(2451,5): warning MSB3277:           Project file item includes which caused reference "C:\Users\ultra\.nuget\packages\system.security.permissions\6.0.0\lib\net6.0\System.Security.Permissions.dll". [C:\Users\ultra\warewolf\Dev\Warewolf.Studio.Themes.Luna\Warewolf.Studio.Themes.Luna.csproj]
C:\Program Files\dotnet\sdk\10.0.201\Microsoft.Common.CurrentVersion.targets(2451,5): warning MSB3277:             C:\Users\ultra\.nuget\packages\system.security.permissions\6.0.0\lib\net6.0\System.Security.Permissions.dll [C:\Users\ultra\warewolf\Dev\Warewolf.Studio.Themes.Luna\Warewolf.Studio.Themes.Luna.csproj]
C:\Program Files\dotnet\sdk\10.0.201\Microsoft.Common.CurrentVersion.targets(2451,5): warning MSB3277:         C:\Program Files\dotnet\packs\Microsoft.NETCore.App.Ref\8.0.25\ref\net8.0\System.Security.dll [C:\Users\ultra\warewolf\Dev\Warewolf.Studio.Themes.Luna\Warewolf.Studio.Themes.Luna.csproj]
C:\Program Files\dotnet\sdk\10.0.201\Microsoft.Common.CurrentVersion.targets(2451,5): warning MSB3277:           Project file item includes which caused reference "C:\Program Files\dotnet\packs\Microsoft.NETCore.App.Ref\8.0.25\ref\net8.0\System.Security.dll". [C:\Users\ultra\warewolf\Dev\Warewolf.Studio.Themes.Luna\Warewolf.Studio.Themes.Luna.csproj]
C:\Program Files\dotnet\sdk\10.0.201\Microsoft.Common.CurrentVersion.targets(2451,5): warning MSB3277:             C:\Program Files\dotnet\packs\Microsoft.NETCore.App.Ref\8.0.25\ref/net8.0/System.Security.dll [C:\Users\ultra\warewolf\Dev\Warewolf.Studio.Themes.Luna\Warewolf.Studio.Themes.Luna.csproj]
C:\Program Files\dotnet\sdk\10.0.201\Microsoft.Common.CurrentVersion.targets(2451,5): warning MSB3277:         C:\Program Files\dotnet\packs\Microsoft.NETCore.App.Ref\8.0.25\ref\net8.0\System.dll [C:\Users\ultra\warewolf\Dev\Warewolf.Studio.Themes.Luna\Warewolf.Studio.Themes.Luna.csproj]
C:\Program Files\dotnet\sdk\10.0.201\Microsoft.Common.CurrentVersion.targets(2451,5): warning MSB3277:           Project file item includes which caused reference "C:\Program Files\dotnet\packs\Microsoft.NETCore.App.Ref\8.0.25\ref\net8.0\System.dll". [C:\Users\ultra\warewolf\Dev\Warewolf.Studio.Themes.Luna\Warewolf.Studio.Themes.Luna.csproj]
C:\Program Files\dotnet\sdk\10.0.201\Microsoft.Common.CurrentVersion.targets(2451,5): warning MSB3277:             C:\Program Files\dotnet\packs\Microsoft.NETCore.App.Ref\8.0.25\ref/net8.0/System.dll [C:\Users\ultra\warewolf\Dev\Warewolf.Studio.Themes.Luna\Warewolf.Studio.Themes.Luna.csproj]
C:\Program Files\dotnet\sdk\10.0.201\Microsoft.Common.CurrentVersion.targets(2451,5): warning MSB3277:             C:\Users\ultra\.nuget\packages\aerowizard\2.3.1\lib\net45\AeroWizard.dll [C:\Users\ultra\warewolf\Dev\Warewolf.Studio.Themes.Luna\Warewolf.Studio.Themes.Luna.csproj]
C:\Program Files\dotnet\sdk\10.0.201\Microsoft.Common.CurrentVersion.targets(2451,5): warning MSB3277:             C:\Users\ultra\.nuget\packages\groupcontrols\1.9.0\lib\net45\GroupControls.dll [C:\Users\ultra\warewolf\Dev\Warewolf.Studio.Themes.Luna\Warewolf.Studio.Themes.Luna.csproj]
C:\Program Files\dotnet\sdk\10.0.201\Microsoft.Common.CurrentVersion.targets(2451,5): warning MSB3277:             C:\Users\ultra\.nuget\packages\microsoft.xaml.behaviors.wpf\1.1.122\lib\net462\Microsoft.Xaml.Behaviors.dll [C:\Users\ultra\warewolf\Dev\Warewolf.Studio.Themes.Luna\Warewolf.Studio.Themes.Luna.csproj]
C:\Program Files\dotnet\sdk\10.0.201\Microsoft.Common.CurrentVersion.targets(2451,5): warning MSB3277:             C:\Users\ultra\.nuget\packages\caliburn.micro\4.0.212\lib\netcoreapp3.1\Caliburn.Micro.Platform.dll [C:\Users\ultra\warewolf\Dev\Warewolf.Studio.Themes.Luna\Warewolf.Studio.Themes.Luna.csproj]
C:\Program Files\dotnet\sdk\10.0.201\Microsoft.Common.CurrentVersion.targets(2451,5): warning MSB3277:             C:\Users\ultra\.nuget\packages\prism.wpf\9.0.537\lib\net462\Prism.Wpf.dll [C:\Users\ultra\warewolf\Dev\Warewolf.Studio.Themes.Luna\Warewolf.Studio.Themes.Luna.csproj]
C:\Program Files\dotnet\sdk\10.0.201\Microsoft.Common.CurrentVersion.targets(2451,5): warning MSB3277:             C:\Users\ultra\.nuget\packages\reactiveui.wpf\18.4.1\lib\net462\ReactiveUI.Wpf.dll [C:\Users\ultra\warewolf\Dev\Warewolf.Studio.Themes.Luna\Warewolf.Studio.Themes.Luna.csproj]
C:\Program Files\dotnet\sdk\10.0.201\Microsoft.Common.CurrentVersion.targets(2451,5): warning MSB3277:             C:\Users\ultra\.nuget\packages\taskschedulereditor\2.10.1\lib\net452\Microsoft.Win32.TaskSchedulerEditor.dll [C:\Users\ultra\warewolf\Dev\Warewolf.Studio.Themes.Luna\Warewolf.Studio.Themes.Luna.csproj]
C:\Program Files\dotnet\sdk\10.0.201\Microsoft.Common.CurrentVersion.targets(2451,5): warning MSB3277:             C:\Users\ultra\.nuget\packages\ttcue.netcore.sharepointonline.csom.16.1.8029.1200\16.1.8029.1200\lib\netcoreapp2.0\Microsoft.SharePoint.Client.Runtime.Windows.dll [C:\Users\ultra\warewolf\Dev\Warewolf.Studio.Themes.Luna\Warewolf.Studio.Themes.Luna.csproj]
C:\Program Files\dotnet\sdk\10.0.201\Microsoft.Common.CurrentVersion.targets(2451,5): warning MSB3277:         C:\Users\ultra\warewolf\Dev\Binaries\Infragistcs_Net6\InfragisticsWPF4.Controls.Editors.XamMaskedInput.v15.1.dll [C:\Users\ultra\warewolf\Dev\Warewolf.Studio.Themes.Luna\Warewolf.Studio.Themes.Luna.csproj]
C:\Program Files\dotnet\sdk\10.0.201\Microsoft.Common.CurrentVersion.targets(2451,5): warning MSB3277:           Project file item includes which caused reference "C:\Users\ultra\warewolf\Dev\Binaries\Infragistcs_Net6\InfragisticsWPF4.Controls.Editors.XamMaskedInput.v15.1.dll". [C:\Users\ultra\warewolf\Dev\Warewolf.Studio.Themes.Luna\Warewolf.Studio.Themes.Luna.csproj]
C:\Program Files\dotnet\sdk\10.0.201\Microsoft.Common.CurrentVersion.targets(2451,5): warning MSB3277:             InfragisticsWPF4.Controls.Grids.DateTimeColumn.v15.1, Version=15.1.20151.2055, Culture=neutral, PublicKeyToken=7dd5c3163f2cd0cb, processorArchitecture=MSIL [C:\Users\ultra\warewolf\Dev\Warewolf.Studio.Themes.Luna\Warewolf.Studio.Themes.Luna.csproj]
  Consider app.config remapping of assembly "System.Data.SQLite, Culture=neutral, PublicKeyToken=db937bc2d44ff139" from Version "1.0.117.0" [] to Version "1.0.118.0" [C:\Users\ultra\.nuget\packages\stub.system.data.sqlite.core.netstandard\1.0.118\lib\netstandard2.1\System.Data.SQLite.dll] to solve conflict and get rid of warning.
C:\Program Files\dotnet\sdk\10.0.201\Microsoft.Common.CurrentVersion.targets(2451,5): warning MSB3277: Found conflicts between different versions of "WindowsBase" that could not be resolved. [C:\Users\ultra\warewolf\Dev\Dev2.Infrastructure.Tests\Dev2.Infrastructure.Tests.csproj]
C:\Program Files\dotnet\sdk\10.0.201\Microsoft.Common.CurrentVersion.targets(2451,5): warning MSB3277: There was a conflict between "WindowsBase, Version=4.0.0.0, Culture=neutral, PublicKeyToken=31bf3856ad364e35" and "WindowsBase, Version=6.0.2.0, Culture=neutral, PublicKeyToken=31bf3856ad364e35". [C:\Users\ultra\warewolf\Dev\Dev2.Infrastructure.Tests\Dev2.Infrastructure.Tests.csproj]
C:\Program Files\dotnet\sdk\10.0.201\Microsoft.Common.CurrentVersion.targets(2451,5): warning MSB3277:     "WindowsBase, Version=4.0.0.0, Culture=neutral, PublicKeyToken=31bf3856ad364e35" was chosen because it was primary and "WindowsBase, Version=6.0.2.0, Culture=neutral, PublicKeyToken=31bf3856ad364e35" was not. [C:\Users\ultra\warewolf\Dev\Dev2.Infrastructure.Tests\Dev2.Infrastructure.Tests.csproj]
C:\Program Files\dotnet\sdk\10.0.201\Microsoft.Common.CurrentVersion.targets(2451,5): warning MSB3277:     References which depend on "WindowsBase, Version=4.0.0.0, Culture=neutral, PublicKeyToken=31bf3856ad364e35" [C:\Program Files\dotnet\packs\Microsoft.NETCore.App.Ref\8.0.25\ref\net8.0\WindowsBase.dll]. [C:\Users\ultra\warewolf\Dev\Dev2.Infrastructure.Tests\Dev2.Infrastructure.Tests.csproj]
C:\Program Files\dotnet\sdk\10.0.201\Microsoft.Common.CurrentVersion.targets(2451,5): warning MSB3277:         C:\Program Files\dotnet\packs\Microsoft.NETCore.App.Ref\8.0.25\ref\net8.0\WindowsBase.dll [C:\Users\ultra\warewolf\Dev\Dev2.Infrastructure.Tests\Dev2.Infrastructure.Tests.csproj]
C:\Program Files\dotnet\sdk\10.0.201\Microsoft.Common.CurrentVersion.targets(2451,5): warning MSB3277:           Project file item includes which caused reference "C:\Program Files\dotnet\packs\Microsoft.NETCore.App.Ref\8.0.25\ref\net8.0\WindowsBase.dll". [C:\Users\ultra\warewolf\Dev\Dev2.Infrastructure.Tests\Dev2.Infrastructure.Tests.csproj]
C:\Program Files\dotnet\sdk\10.0.201\Microsoft.Common.CurrentVersion.targets(2451,5): warning MSB3277:             C:\Program Files\dotnet\packs\Microsoft.NETCore.App.Ref\8.0.25\ref/net8.0/WindowsBase.dll [C:\Users\ultra\warewolf\Dev\Dev2.Infrastructure.Tests\Dev2.Infrastructure.Tests.csproj]
C:\Program Files\dotnet\sdk\10.0.201\Microsoft.Common.CurrentVersion.targets(2451,5): warning MSB3277:     References which depend on or have been unified to "WindowsBase, Version=6.0.2.0, Culture=neutral, PublicKeyToken=31bf3856ad364e35" []. [C:\Users\ultra\warewolf\Dev\Dev2.Infrastructure.Tests\Dev2.Infrastructure.Tests.csproj]
C:\Program Files\dotnet\sdk\10.0.201\Microsoft.Common.CurrentVersion.targets(2451,5): warning MSB3277:         C:\Users\ultra\.nuget\packages\caliburn.micro\4.0.212\lib\netcoreapp3.1\Caliburn.Micro.Platform.dll [C:\Users\ultra\warewolf\Dev\Dev2.Infrastructure.Tests\Dev2.Infrastructure.Tests.csproj]
C:\Program Files\dotnet\sdk\10.0.201\Microsoft.Common.CurrentVersion.targets(2451,5): warning MSB3277:           Project file item includes which caused reference "C:\Users\ultra\.nuget\packages\caliburn.micro\4.0.212\lib\netcoreapp3.1\Caliburn.Micro.Platform.dll". [C:\Users\ultra\warewolf\Dev\Dev2.Infrastructure.Tests\Dev2.Infrastructure.Tests.csproj]
C:\Program Files\dotnet\sdk\10.0.201\Microsoft.Common.CurrentVersion.targets(2451,5): warning MSB3277:             C:\Users\ultra\.nuget\packages\caliburn.micro\4.0.212\lib\netcoreapp3.1\Caliburn.Micro.Platform.dll [C:\Users\ultra\warewolf\Dev\Dev2.Infrastructure.Tests\Dev2.Infrastructure.Tests.csproj]
C:\Program Files\dotnet\sdk\10.0.201\Microsoft.Common.CurrentVersion.targets(2451,5): warning MSB3277:         C:\Users\ultra\.nuget\packages\ironpython\3.4.0\lib\net6.0\IronPython.Wpf.dll [C:\Users\ultra\warewolf\Dev\Dev2.Infrastructure.Tests\Dev2.Infrastructure.Tests.csproj]
C:\Program Files\dotnet\sdk\10.0.201\Microsoft.Common.CurrentVersion.targets(2451,5): warning MSB3277:           Project file item includes which caused reference "C:\Users\ultra\.nuget\packages\ironpython\3.4.0\lib\net6.0\IronPython.Wpf.dll". [C:\Users\ultra\warewolf\Dev\Dev2.Infrastructure.Tests\Dev2.Infrastructure.Tests.csproj]
C:\Program Files\dotnet\sdk\10.0.201\Microsoft.Common.CurrentVersion.targets(2451,5): warning MSB3277:             C:\Users\ultra\.nuget\packages\ironpython\3.4.0\lib\net6.0\IronPython.Wpf.dll [C:\Users\ultra\warewolf\Dev\Dev2.Infrastructure.Tests\Dev2.Infrastructure.Tests.csproj]
C:\Program Files\dotnet\sdk\10.0.201\Microsoft.Common.CurrentVersion.targets(2451,5): warning MSB3277:         C:\Users\ultra\.nuget\packages\microsoft.xaml.behaviors.wpf\1.1.122\lib\net462\Microsoft.Xaml.Behaviors.dll [C:\Users\ultra\warewolf\Dev\Dev2.Infrastructure.Tests\Dev2.Infrastructure.Tests.csproj]
C:\Program Files\dotnet\sdk\10.0.201\Microsoft.Common.CurrentVersion.targets(2451,5): warning MSB3277:           Project file item includes which caused reference "C:\Users\ultra\.nuget\packages\microsoft.xaml.behaviors.wpf\1.1.122\lib\net462\Microsoft.Xaml.Behaviors.dll". [C:\Users\ultra\warewolf\Dev\Dev2.Infrastructure.Tests\Dev2.Infrastructure.Tests.csproj]
C:\Program Files\dotnet\sdk\10.0.201\Microsoft.Common.CurrentVersion.targets(2451,5): warning MSB3277:             C:\Users\ultra\.nuget\packages\microsoft.xaml.behaviors.wpf\1.1.122\lib\net462\Microsoft.Xaml.Behaviors.dll [C:\Users\ultra\warewolf\Dev\Dev2.Infrastructure.Tests\Dev2.Infrastructure.Tests.csproj]
C:\Program Files\dotnet\sdk\10.0.201\Microsoft.Common.CurrentVersion.targets(2451,5): warning MSB3277:             C:\Users\ultra\.nuget\packages\caliburn.micro\4.0.212\lib\netcoreapp3.1\Caliburn.Micro.Platform.dll [C:\Users\ultra\warewolf\Dev\Dev2.Infrastructure.Tests\Dev2.Infrastructure.Tests.csproj]
C:\Program Files\dotnet\sdk\10.0.201\Microsoft.Common.CurrentVersion.targets(2451,5): warning MSB3277:             C:\Users\ultra\.nuget\packages\prism.wpf\9.0.537\lib\net462\Prism.Wpf.dll [C:\Users\ultra\warewolf\Dev\Dev2.Infrastructure.Tests\Dev2.Infrastructure.Tests.csproj]
C:\Program Files\dotnet\sdk\10.0.201\Microsoft.Common.CurrentVersion.targets(2451,5): warning MSB3277:         C:\Users\ultra\.nuget\packages\prism.wpf\9.0.537\lib\net462\Prism.Wpf.dll [C:\Users\ultra\warewolf\Dev\Dev2.Infrastructure.Tests\Dev2.Infrastructure.Tests.csproj]
C:\Program Files\dotnet\sdk\10.0.201\Microsoft.Common.CurrentVersion.targets(2451,5): warning MSB3277:           Project file item includes which caused reference "C:\Users\ultra\.nuget\packages\prism.wpf\9.0.537\lib\net462\Prism.Wpf.dll". [C:\Users\ultra\warewolf\Dev\Dev2.Infrastructure.Tests\Dev2.Infrastructure.Tests.csproj]
C:\Program Files\dotnet\sdk\10.0.201\Microsoft.Common.CurrentVersion.targets(2451,5): warning MSB3277:             C:\Users\ultra\.nuget\packages\prism.wpf\9.0.537\lib\net462\Prism.Wpf.dll [C:\Users\ultra\warewolf\Dev\Dev2.Infrastructure.Tests\Dev2.Infrastructure.Tests.csproj]
C:\Program Files\dotnet\sdk\10.0.201\Microsoft.Common.CurrentVersion.targets(2451,5): warning MSB3277:         C:\Users\ultra\.nuget\packages\reactiveui.wpf\18.4.1\lib\net462\ReactiveUI.Wpf.dll [C:\Users\ultra\warewolf\Dev\Dev2.Infrastructure.Tests\Dev2.Infrastructure.Tests.csproj]
C:\Program Files\dotnet\sdk\10.0.201\Microsoft.Common.CurrentVersion.targets(2451,5): warning MSB3277:           Project file item includes which caused reference "C:\Users\ultra\.nuget\packages\reactiveui.wpf\18.4.1\lib\net462\ReactiveUI.Wpf.dll". [C:\Users\ultra\warewolf\Dev\Dev2.Infrastructure.Tests\Dev2.Infrastructure.Tests.csproj]
C:\Program Files\dotnet\sdk\10.0.201\Microsoft.Common.CurrentVersion.targets(2451,5): warning MSB3277:             C:\Users\ultra\.nuget\packages\reactiveui.wpf\18.4.1\lib\net462\ReactiveUI.Wpf.dll [C:\Users\ultra\warewolf\Dev\Dev2.Infrastructure.Tests\Dev2.Infrastructure.Tests.csproj]
C:\Program Files\dotnet\sdk\10.0.201\Microsoft.Common.CurrentVersion.targets(2451,5): warning MSB3277: Found conflicts between different versions of "WindowsBase" that could not be resolved. [C:\Users\ultra\warewolf\Dev\Dev2.Infrastructure.Tests\Dev2.Infrastructure.Tests.csproj]
C:\Program Files\dotnet\sdk\10.0.201\Microsoft.Common.CurrentVersion.targets(2451,5): warning MSB3277: There was a conflict between "WindowsBase, Version=4.0.0.0, Culture=neutral, PublicKeyToken=31bf3856ad364e35" and "WindowsBase, Version=6.0.2.0, Culture=neutral, PublicKeyToken=31bf3856ad364e35". [C:\Users\ultra\warewolf\Dev\Dev2.Infrastructure.Tests\Dev2.Infrastructure.Tests.csproj]
C:\Program Files\dotnet\sdk\10.0.201\Microsoft.Common.CurrentVersion.targets(2451,5): warning MSB3277:     "WindowsBase, Version=4.0.0.0, Culture=neutral, PublicKeyToken=31bf3856ad364e35" was chosen because it was primary and "WindowsBase, Version=6.0.2.0, Culture=neutral, PublicKeyToken=31bf3856ad364e35" was not. [C:\Users\ultra\warewolf\Dev\Dev2.Infrastructure.Tests\Dev2.Infrastructure.Tests.csproj]
C:\Program Files\dotnet\sdk\10.0.201\Microsoft.Common.CurrentVersion.targets(2451,5): warning MSB3277:     References which depend on "WindowsBase, Version=4.0.0.0, Culture=neutral, PublicKeyToken=31bf3856ad364e35" [C:\Program Files\dotnet\packs\Microsoft.NETCore.App.Ref\8.0.25\ref\net8.0\WindowsBase.dll]. [C:\Users\ultra\warewolf\Dev\Dev2.Infrastructure.Tests\Dev2.Infrastructure.Tests.csproj]
C:\Program Files\dotnet\sdk\10.0.201\Microsoft.Common.CurrentVersion.targets(2451,5): warning MSB3277:         C:\Program Files\dotnet\packs\Microsoft.NETCore.App.Ref\8.0.25\ref\net8.0\WindowsBase.dll [C:\Users\ultra\warewolf\Dev\Dev2.Infrastructure.Tests\Dev2.Infrastructure.Tests.csproj]
C:\Program Files\dotnet\sdk\10.0.201\Microsoft.Common.CurrentVersion.targets(2451,5): warning MSB3277:           Project file item includes which caused reference "C:\Program Files\dotnet\packs\Microsoft.NETCore.App.Ref\8.0.25\ref\net8.0\WindowsBase.dll". [C:\Users\ultra\warewolf\Dev\Dev2.Infrastructure.Tests\Dev2.Infrastructure.Tests.csproj]
C:\Program Files\dotnet\sdk\10.0.201\Microsoft.Common.CurrentVersion.targets(2451,5): warning MSB3277:             C:\Program Files\dotnet\packs\Microsoft.NETCore.App.Ref\8.0.25\ref/net8.0/WindowsBase.dll [C:\Users\ultra\warewolf\Dev\Dev2.Infrastructure.Tests\Dev2.Infrastructure.Tests.csproj]
C:\Program Files\dotnet\sdk\10.0.201\Microsoft.Common.CurrentVersion.targets(2451,5): warning MSB3277:     References which depend on or have been unified to "WindowsBase, Version=6.0.2.0, Culture=neutral, PublicKeyToken=31bf3856ad364e35" []. [C:\Users\ultra\warewolf\Dev\Dev2.Infrastructure.Tests\Dev2.Infrastructure.Tests.csproj]
C:\Program Files\dotnet\sdk\10.0.201\Microsoft.Common.CurrentVersion.targets(2451,5): warning MSB3277:         C:\Users\ultra\.nuget\packages\caliburn.micro\4.0.212\lib\netcoreapp3.1\Caliburn.Micro.Platform.dll [C:\Users\ultra\warewolf\Dev\Dev2.Infrastructure.Tests\Dev2.Infrastructure.Tests.csproj]
C:\Program Files\dotnet\sdk\10.0.201\Microsoft.Common.CurrentVersion.targets(2451,5): warning MSB3277:           Project file item includes which caused reference "C:\Users\ultra\.nuget\packages\caliburn.micro\4.0.212\lib\netcoreapp3.1\Caliburn.Micro.Platform.dll". [C:\Users\ultra\warewolf\Dev\Dev2.Infrastructure.Tests\Dev2.Infrastructure.Tests.csproj]
C:\Program Files\dotnet\sdk\10.0.201\Microsoft.Common.CurrentVersion.targets(2451,5): warning MSB3277:             C:\Users\ultra\.nuget\packages\caliburn.micro\4.0.212\lib\netcoreapp3.1\Caliburn.Micro.Platform.dll [C:\Users\ultra\warewolf\Dev\Dev2.Infrastructure.Tests\Dev2.Infrastructure.Tests.csproj]
C:\Program Files\dotnet\sdk\10.0.201\Microsoft.Common.CurrentVersion.targets(2451,5): warning MSB3277:         C:\Users\ultra\.nuget\packages\ironpython\3.4.0\lib\net6.0\IronPython.Wpf.dll [C:\Users\ultra\warewolf\Dev\Dev2.Infrastructure.Tests\Dev2.Infrastructure.Tests.csproj]
C:\Program Files\dotnet\sdk\10.0.201\Microsoft.Common.CurrentVersion.targets(2451,5): warning MSB3277:           Project file item includes which caused reference "C:\Users\ultra\.nuget\packages\ironpython\3.4.0\lib\net6.0\IronPython.Wpf.dll". [C:\Users\ultra\warewolf\Dev\Dev2.Infrastructure.Tests\Dev2.Infrastructure.Tests.csproj]
C:\Program Files\dotnet\sdk\10.0.201\Microsoft.Common.CurrentVersion.targets(2451,5): warning MSB3277:             C:\Users\ultra\.nuget\packages\ironpython\3.4.0\lib\net6.0\IronPython.Wpf.dll [C:\Users\ultra\warewolf\Dev\Dev2.Infrastructure.Tests\Dev2.Infrastructure.Tests.csproj]
C:\Program Files\dotnet\sdk\10.0.201\Microsoft.Common.CurrentVersion.targets(2451,5): warning MSB3277:         C:\Users\ultra\.nuget\packages\microsoft.xaml.behaviors.wpf\1.1.122\lib\net462\Microsoft.Xaml.Behaviors.dll [C:\Users\ultra\warewolf\Dev\Dev2.Infrastructure.Tests\Dev2.Infrastructure.Tests.csproj]
C:\Program Files\dotnet\sdk\10.0.201\Microsoft.Common.CurrentVersion.targets(2451,5): warning MSB3277:           Project file item includes which caused reference "C:\Users\ultra\.nuget\packages\microsoft.xaml.behaviors.wpf\1.1.122\lib\net462\Microsoft.Xaml.Behaviors.dll". [C:\Users\ultra\warewolf\Dev\Dev2.Infrastructure.Tests\Dev2.Infrastructure.Tests.csproj]
C:\Program Files\dotnet\sdk\10.0.201\Microsoft.Common.CurrentVersion.targets(2451,5): warning MSB3277:             C:\Users\ultra\.nuget\packages\microsoft.xaml.behaviors.wpf\1.1.122\lib\net462\Microsoft.Xaml.Behaviors.dll [C:\Users\ultra\warewolf\Dev\Dev2.Infrastructure.Tests\Dev2.Infrastructure.Tests.csproj]
C:\Program Files\dotnet\sdk\10.0.201\Microsoft.Common.CurrentVersion.targets(2451,5): warning MSB3277:             C:\Users\ultra\.nuget\packages\caliburn.micro\4.0.212\lib\netcoreapp3.1\Caliburn.Micro.Platform.dll [C:\Users\ultra\warewolf\Dev\Dev2.Infrastructure.Tests\Dev2.Infrastructure.Tests.csproj]
C:\Program Files\dotnet\sdk\10.0.201\Microsoft.Common.CurrentVersion.targets(2451,5): warning MSB3277:             C:\Users\ultra\.nuget\packages\prism.wpf\9.0.537\lib\net462\Prism.Wpf.dll [C:\Users\ultra\warewolf\Dev\Dev2.Infrastructure.Tests\Dev2.Infrastructure.Tests.csproj]
C:\Program Files\dotnet\sdk\10.0.201\Microsoft.Common.CurrentVersion.targets(2451,5): warning MSB3277:         C:\Users\ultra\.nuget\packages\prism.wpf\9.0.537\lib\net462\Prism.Wpf.dll [C:\Users\ultra\warewolf\Dev\Dev2.Infrastructure.Tests\Dev2.Infrastructure.Tests.csproj]
C:\Program Files\dotnet\sdk\10.0.201\Microsoft.Common.CurrentVersion.targets(2451,5): warning MSB3277:           Project file item includes which caused reference "C:\Users\ultra\.nuget\packages\prism.wpf\9.0.537\lib\net462\Prism.Wpf.dll". [C:\Users\ultra\warewolf\Dev\Dev2.Infrastructure.Tests\Dev2.Infrastructure.Tests.csproj]
C:\Program Files\dotnet\sdk\10.0.201\Microsoft.Common.CurrentVersion.targets(2451,5): warning MSB3277:             C:\Users\ultra\.nuget\packages\prism.wpf\9.0.537\lib\net462\Prism.Wpf.dll [C:\Users\ultra\warewolf\Dev\Dev2.Infrastructure.Tests\Dev2.Infrastructure.Tests.csproj]
C:\Program Files\dotnet\sdk\10.0.201\Microsoft.Common.CurrentVersion.targets(2451,5): warning MSB3277:         C:\Users\ultra\.nuget\packages\reactiveui.wpf\18.4.1\lib\net462\ReactiveUI.Wpf.dll [C:\Users\ultra\warewolf\Dev\Dev2.Infrastructure.Tests\Dev2.Infrastructure.Tests.csproj]
C:\Program Files\dotnet\sdk\10.0.201\Microsoft.Common.CurrentVersion.targets(2451,5): warning MSB3277:           Project file item includes which caused reference "C:\Users\ultra\.nuget\packages\reactiveui.wpf\18.4.1\lib\net462\ReactiveUI.Wpf.dll". [C:\Users\ultra\warewolf\Dev\Dev2.Infrastructure.Tests\Dev2.Infrastructure.Tests.csproj]
C:\Program Files\dotnet\sdk\10.0.201\Microsoft.Common.CurrentVersion.targets(2451,5): warning MSB3277:             C:\Users\ultra\.nuget\packages\reactiveui.wpf\18.4.1\lib\net462\ReactiveUI.Wpf.dll [C:\Users\ultra\warewolf\Dev\Dev2.Infrastructure.Tests\Dev2.Infrastructure.Tests.csproj]
  Warewolf.Trigger.Queue -> C:\Users\ultra\warewolf\Dev\Warewolf.Trigger.Queue\bin\Debug\net8.0\Warewolf.Trigger.Queue.dll
  Warewolf.Studio.Themes.Luna -> C:\Users\ultra\warewolf\Dev\Warewolf.Studio.Themes.Luna\bin\Debug\net8.0\Warewolf.Studio.Themes.Luna.dll
C:\Program Files\dotnet\sdk\10.0.201\Microsoft.Common.CurrentVersion.targets(2451,5): warning MSB3277: Found conflicts between different versions of "Microsoft.Win32.SystemEvents" that could not be resolved. [C:\Users\ultra\warewolf\Dev\Dev2.Activities.Designers\Dev2.Activities.Designers.csproj]
C:\Program Files\dotnet\sdk\10.0.201\Microsoft.Common.CurrentVersion.targets(2451,5): warning MSB3277: There was a conflict between "Microsoft.Win32.SystemEvents, Version=6.0.0.0, Culture=neutral, PublicKeyToken=cc7b13ffcd2ddd51" and "Microsoft.Win32.SystemEvents, Version=7.0.0.0, Culture=neutral, PublicKeyToken=cc7b13ffcd2ddd51". [C:\Users\ultra\warewolf\Dev\Dev2.Activities.Designers\Dev2.Activities.Designers.csproj]
C:\Program Files\dotnet\sdk\10.0.201\Microsoft.Common.CurrentVersion.targets(2451,5): warning MSB3277:     "Microsoft.Win32.SystemEvents, Version=6.0.0.0, Culture=neutral, PublicKeyToken=cc7b13ffcd2ddd51" was chosen because it was primary and "Microsoft.Win32.SystemEvents, Version=7.0.0.0, Culture=neutral, PublicKeyToken=cc7b13ffcd2ddd51" was not. [C:\Users\ultra\warewolf\Dev\Dev2.Activities.Designers\Dev2.Activities.Designers.csproj]
C:\Program Files\dotnet\sdk\10.0.201\Microsoft.Common.CurrentVersion.targets(2451,5): warning MSB3277:     References which depend on "Microsoft.Win32.SystemEvents, Version=6.0.0.0, Culture=neutral, PublicKeyToken=cc7b13ffcd2ddd51" [C:\Users\ultra\.nuget\packages\microsoft.win32.systemevents\6.0.0\lib\net6.0\Microsoft.Win32.SystemEvents.dll]. [C:\Users\ultra\warewolf\Dev\Dev2.Activities.Designers\Dev2.Activities.Designers.csproj]
C:\Program Files\dotnet\sdk\10.0.201\Microsoft.Common.CurrentVersion.targets(2451,5): warning MSB3277:         C:\Users\ultra\.nuget\packages\microsoft.win32.systemevents\6.0.0\lib\net6.0\Microsoft.Win32.SystemEvents.dll [C:\Users\ultra\warewolf\Dev\Dev2.Activities.Designers\Dev2.Activities.Designers.csproj]
C:\Program Files\dotnet\sdk\10.0.201\Microsoft.Common.CurrentVersion.targets(2451,5): warning MSB3277:           Project file item includes which caused reference "C:\Users\ultra\.nuget\packages\microsoft.win32.systemevents\6.0.0\lib\net6.0\Microsoft.Win32.SystemEvents.dll". [C:\Users\ultra\warewolf\Dev\Dev2.Activities.Designers\Dev2.Activities.Designers.csproj]
C:\Program Files\dotnet\sdk\10.0.201\Microsoft.Common.CurrentVersion.targets(2451,5): warning MSB3277:             C:\Users\ultra\.nuget\packages\microsoft.win32.systemevents\6.0.0\lib\net6.0\Microsoft.Win32.SystemEvents.dll [C:\Users\ultra\warewolf\Dev\Dev2.Activities.Designers\Dev2.Activities.Designers.csproj]
C:\Program Files\dotnet\sdk\10.0.201\Microsoft.Common.CurrentVersion.targets(2451,5): warning MSB3277:     References which depend on or have been unified to "Microsoft.Win32.SystemEvents, Version=7.0.0.0, Culture=neutral, PublicKeyToken=cc7b13ffcd2ddd51" []. [C:\Users\ultra\warewolf\Dev\Dev2.Activities.Designers\Dev2.Activities.Designers.csproj]
C:\Program Files\dotnet\sdk\10.0.201\Microsoft.Common.CurrentVersion.targets(2451,5): warning MSB3277:         C:\Users\ultra\warewolf\Dev\Dev2.Common\bin\Debug\net8.0\Dev2.Common.dll [C:\Users\ultra\warewolf\Dev\Dev2.Activities.Designers\Dev2.Activities.Designers.csproj]
C:\Program Files\dotnet\sdk\10.0.201\Microsoft.Common.CurrentVersion.targets(2451,5): warning MSB3277:           Project file item includes which caused reference "C:\Users\ultra\warewolf\Dev\Dev2.Common\bin\Debug\net8.0\Dev2.Common.dll". [C:\Users\ultra\warewolf\Dev\Dev2.Activities.Designers\Dev2.Activities.Designers.csproj]
C:\Program Files\dotnet\sdk\10.0.201\Microsoft.Common.CurrentVersion.targets(2451,5): warning MSB3277:             C:\Users\ultra\warewolf\Dev\Dev2.Common\bin\Debug\net8.0\Dev2.Common.dll [C:\Users\ultra\warewolf\Dev\Dev2.Activities.Designers\Dev2.Activities.Designers.csproj]
C:\Program Files\dotnet\sdk\10.0.201\Microsoft.Common.CurrentVersion.targets(2451,5): warning MSB3277:             C:\Users\ultra\warewolf\Dev\Dev2.Activities\bin\Debug\net8.0\Dev2.Activities.dll [C:\Users\ultra\warewolf\Dev\Dev2.Activities.Designers\Dev2.Activities.Designers.csproj]
C:\Program Files\dotnet\sdk\10.0.201\Microsoft.Common.CurrentVersion.targets(2451,5): warning MSB3277:             C:\Users\ultra\warewolf\Dev\Dev2.Core\bin\Debug\net8.0\Dev2.Core.dll [C:\Users\ultra\warewolf\Dev\Dev2.Activities.Designers\Dev2.Activities.Designers.csproj]
C:\Program Files\dotnet\sdk\10.0.201\Microsoft.Common.CurrentVersion.targets(2451,5): warning MSB3277:             C:\Users\ultra\warewolf\Dev\Dev2.Data\bin\Debug\net8.0\Dev2.Data.dll [C:\Users\ultra\warewolf\Dev\Dev2.Activities.Designers\Dev2.Activities.Designers.csproj]
C:\Program Files\dotnet\sdk\10.0.201\Microsoft.Common.CurrentVersion.targets(2451,5): warning MSB3277:             C:\Users\ultra\warewolf\Dev\Dev2.Diagnostics\bin\Debug\net8.0\Dev2.Diagnostics.dll [C:\Users\ultra\warewolf\Dev\Dev2.Activities.Designers\Dev2.Activities.Designers.csproj]
C:\Program Files\dotnet\sdk\10.0.201\Microsoft.Common.CurrentVersion.targets(2451,5): warning MSB3277:             C:\Users\ultra\warewolf\Dev\Dev2.Infrastructure\bin\Debug\net8.0\Dev2.Infrastructure.dll [C:\Users\ultra\warewolf\Dev\Dev2.Activities.Designers\Dev2.Activities.Designers.csproj]
C:\Program Files\dotnet\sdk\10.0.201\Microsoft.Common.CurrentVersion.targets(2451,5): warning MSB3277:             C:\Users\ultra\warewolf\Dev\Dev2.Intellisense\bin\Debug\net8.0\Dev2.Intellisense.dll [C:\Users\ultra\warewolf\Dev\Dev2.Activities.Designers\Dev2.Activities.Designers.csproj]
C:\Program Files\dotnet\sdk\10.0.201\Microsoft.Common.CurrentVersion.targets(2451,5): warning MSB3277:             C:\Users\ultra\warewolf\Dev\Dev2.Runtime.Services\bin\Debug\net8.0\Dev2.Runtime.Services.dll [C:\Users\ultra\warewolf\Dev\Dev2.Activities.Designers\Dev2.Activities.Designers.csproj]
C:\Program Files\dotnet\sdk\10.0.201\Microsoft.Common.CurrentVersion.targets(2451,5): warning MSB3277:             C:\Users\ultra\warewolf\Dev\Dev2.Studio.Core\bin\Debug\net8.0\Dev2.Studio.Core.dll [C:\Users\ultra\warewolf\Dev\Dev2.Activities.Designers\Dev2.Activities.Designers.csproj]
C:\Program Files\dotnet\sdk\10.0.201\Microsoft.Common.CurrentVersion.targets(2451,5): warning MSB3277:             C:\Users\ultra\warewolf\Dev\Dev2.Studio.Interfaces\bin\Debug\net8.0\Dev2.Studio.Interfaces.dll [C:\Users\ultra\warewolf\Dev\Dev2.Activities.Designers\Dev2.Activities.Designers.csproj]
C:\Program Files\dotnet\sdk\10.0.201\Microsoft.Common.CurrentVersion.targets(2451,5): warning MSB3277:             C:\Users\ultra\warewolf\Dev\Dev2.Util\bin\Debug\net8.0\Dev2.Util.dll [C:\Users\ultra\warewolf\Dev\Dev2.Activities.Designers\Dev2.Activities.Designers.csproj]
C:\Program Files\dotnet\sdk\10.0.201\Microsoft.Common.CurrentVersion.targets(2451,5): warning MSB3277:             C:\Users\ultra\warewolf\Dev\Warewolf.Storage\bin\Debug\net8.0\Warewolf.Storage.dll [C:\Users\ultra\warewolf\Dev\Dev2.Activities.Designers\Dev2.Activities.Designers.csproj]
C:\Program Files\dotnet\sdk\10.0.201\Microsoft.Common.CurrentVersion.targets(2451,5): warning MSB3277:             C:\Users\ultra\warewolf\Dev\Warewolf.Core\bin\Debug\net8.0\Warewolf.Core.dll [C:\Users\ultra\warewolf\Dev\Dev2.Activities.Designers\Dev2.Activities.Designers.csproj]
C:\Program Files\dotnet\sdk\10.0.201\Microsoft.Common.CurrentVersion.targets(2451,5): warning MSB3277:             C:\Users\ultra\warewolf\Dev\Warewolf.Studio.Core\bin\Debug\net8.0\Warewolf.Studio.Core.dll [C:\Users\ultra\warewolf\Dev\Dev2.Activities.Designers\Dev2.Activities.Designers.csproj]
C:\Program Files\dotnet\sdk\10.0.201\Microsoft.Common.CurrentVersion.targets(2451,5): warning MSB3277:             C:\Users\ultra\warewolf\Dev\Warewolf.Studio.CustomControls\bin\Debug\net8.0\Warewolf.Studio.CustomControls.dll [C:\Users\ultra\warewolf\Dev\Dev2.Activities.Designers\Dev2.Activities.Designers.csproj]
C:\Program Files\dotnet\sdk\10.0.201\Microsoft.Common.CurrentVersion.targets(2451,5): warning MSB3277:             C:\Users\ultra\warewolf\Dev\Warewolf.Studio.Models\bin\Debug\net8.0\Warewolf.Studio.Models.dll [C:\Users\ultra\warewolf\Dev\Dev2.Activities.Designers\Dev2.Activities.Designers.csproj]
C:\Program Files\dotnet\sdk\10.0.201\Microsoft.Common.CurrentVersion.targets(2451,5): warning MSB3277:             C:\Users\ultra\warewolf\Dev\Warewolf.UI\bin\Debug\net8.0\Warewolf.UI.dll [C:\Users\ultra\warewolf\Dev\Dev2.Activities.Designers\Dev2.Activities.Designers.csproj]
C:\Program Files\dotnet\sdk\10.0.201\Microsoft.Common.CurrentVersion.targets(2451,5): warning MSB3277:             C:\Users\ultra\warewolf\Dev\Dev2.Development.Languages\bin\Debug\net8.0\Dev2.Development.Languages.dll [C:\Users\ultra\warewolf\Dev\Dev2.Activities.Designers\Dev2.Activities.Designers.csproj]
C:\Program Files\dotnet\sdk\10.0.201\Microsoft.Common.CurrentVersion.targets(2451,5): warning MSB3277:             C:\Users\ultra\warewolf\Dev\Dev2.Scheduler\bin\Debug\net8.0\Dev2.Scheduler.dll [C:\Users\ultra\warewolf\Dev\Dev2.Activities.Designers\Dev2.Activities.Designers.csproj]
C:\Program Files\dotnet\sdk\10.0.201\Microsoft.Common.CurrentVersion.targets(2451,5): warning MSB3277:             C:\Users\ultra\warewolf\Dev\Dev2.Services.Execution\bin\Debug\net8.0\Dev2.Services.Execution.dll [C:\Users\ultra\warewolf\Dev\Dev2.Activities.Designers\Dev2.Activities.Designers.csproj]
C:\Program Files\dotnet\sdk\10.0.201\Microsoft.Common.CurrentVersion.targets(2451,5): warning MSB3277:             C:\Users\ultra\warewolf\Dev\Dev2.Services.Sql\bin\Debug\net8.0\Dev2.Services.Sql.dll [C:\Users\ultra\warewolf\Dev\Dev2.Activities.Designers\Dev2.Activities.Designers.csproj]
C:\Program Files\dotnet\sdk\10.0.201\Microsoft.Common.CurrentVersion.targets(2451,5): warning MSB3277:             C:\Users\ultra\warewolf\Dev\Dev2.TaskScheduler.Wrappers\bin\Debug\net8.0\Dev2.TaskScheduler.Wrappers.dll [C:\Users\ultra\warewolf\Dev\Dev2.Activities.Designers\Dev2.Activities.Designers.csproj]
C:\Program Files\dotnet\sdk\10.0.201\Microsoft.Common.CurrentVersion.targets(2451,5): warning MSB3277:             C:\Users\ultra\warewolf\Dev\Warewolf.AI.Harness\bin\Debug\net8.0\Warewolf.AI.Harness.dll [C:\Users\ultra\warewolf\Dev\Dev2.Activities.Designers\Dev2.Activities.Designers.csproj]
C:\Program Files\dotnet\sdk\10.0.201\Microsoft.Common.CurrentVersion.targets(2451,5): warning MSB3277:             C:\Users\ultra\warewolf\Dev\Warewolf.Auditing\bin\Debug\net8.0\Warewolf.Auditing.dll [C:\Users\ultra\warewolf\Dev\Dev2.Activities.Designers\Dev2.Activities.Designers.csproj]
C:\Program Files\dotnet\sdk\10.0.201\Microsoft.Common.CurrentVersion.targets(2451,5): warning MSB3277:             C:\Users\ultra\warewolf\Dev\Warewolf.Common.NetStandard20\bin\Debug\net8.0\Warewolf.Common.NetStandard20.dll [C:\Users\ultra\warewolf\Dev\Dev2.Activities.Designers\Dev2.Activities.Designers.csproj]
C:\Program Files\dotnet\sdk\10.0.201\Microsoft.Common.CurrentVersion.targets(2451,5): warning MSB3277:             C:\Users\ultra\warewolf\Dev\Warewolf.Driver.Persistence\bin\Debug\net8.0\Warewolf.Driver.Persistence.dll [C:\Users\ultra\warewolf\Dev\Dev2.Activities.Designers\Dev2.Activities.Designers.csproj]
C:\Program Files\dotnet\sdk\10.0.201\Microsoft.Common.CurrentVersion.targets(2451,5): warning MSB3277:             C:\Users\ultra\warewolf\Dev\Warewolf.Driver.Serilog\bin\Debug\net8.0\Warewolf.Driver.Serilog.dll [C:\Users\ultra\warewolf\Dev\Dev2.Activities.Designers\Dev2.Activities.Designers.csproj]
C:\Program Files\dotnet\sdk\10.0.201\Microsoft.Common.CurrentVersion.targets(2451,5): warning MSB3277:             C:\Users\ultra\warewolf\Dev\Warewolf.Exchange.Email.Wrapper\bin\Debug\net8.0\Warewolf.Exchange.Email.Wrapper.dll [C:\Users\ultra\warewolf\Dev\Dev2.Activities.Designers\Dev2.Activities.Designers.csproj]
C:\Program Files\dotnet\sdk\10.0.201\Microsoft.Common.CurrentVersion.targets(2451,5): warning MSB3277:             C:\Users\ultra\warewolf\Dev\Warewolf.ResourceManagement\bin\Debug\net8.0\Warewolf.ResourceManagement.dll [C:\Users\ultra\warewolf\Dev\Dev2.Activities.Designers\Dev2.Activities.Designers.csproj]
C:\Program Files\dotnet\sdk\10.0.201\Microsoft.Common.CurrentVersion.targets(2451,5): warning MSB3277:             C:\Users\ultra\warewolf\Dev\Warewolf.Sharepoint\bin\Debug\net8.0\Warewolf.Sharepoint.dll [C:\Users\ultra\warewolf\Dev\Dev2.Activities.Designers\Dev2.Activities.Designers.csproj]
C:\Program Files\dotnet\sdk\10.0.201\Microsoft.Common.CurrentVersion.targets(2451,5): warning MSB3277:         C:\Users\ultra\warewolf\Dev\Binaries\Infragistcs_Net6\InfragisticsWPF4.Editors.v15.1.dll [C:\Users\ultra\warewolf\Dev\Dev2.Activities.Designers\Dev2.Activities.Designers.csproj]
C:\Program Files\dotnet\sdk\10.0.201\Microsoft.Common.CurrentVersion.targets(2451,5): warning MSB3277:           Project file item includes which caused reference "C:\Users\ultra\warewolf\Dev\Binaries\Infragistcs_Net6\InfragisticsWPF4.Editors.v15.1.dll". [C:\Users\ultra\warewolf\Dev\Dev2.Activities.Designers\Dev2.Activities.Designers.csproj]
C:\Program Files\dotnet\sdk\10.0.201\Microsoft.Common.CurrentVersion.targets(2451,5): warning MSB3277:             InfragisticsWPF4.Editors.v15.1, Version=15.1.20151.2055, Culture=neutral, processorArchitecture=MSIL [C:\Users\ultra\warewolf\Dev\Dev2.Activities.Designers\Dev2.Activities.Designers.csproj]
C:\Program Files\dotnet\sdk\10.0.201\Microsoft.Common.CurrentVersion.targets(2451,5): warning MSB3277:         C:\Users\ultra\warewolf\Dev\Binaries\Infragistcs_Net6\InfragisticsWPF4.v15.1.dll [C:\Users\ultra\warewolf\Dev\Dev2.Activities.Designers\Dev2.Activities.Designers.csproj]
C:\Program Files\dotnet\sdk\10.0.201\Microsoft.Common.CurrentVersion.targets(2451,5): warning MSB3277:           Project file item includes which caused reference "C:\Users\ultra\warewolf\Dev\Binaries\Infragistcs_Net6\InfragisticsWPF4.v15.1.dll". [C:\Users\ultra\warewolf\Dev\Dev2.Activities.Designers\Dev2.Activities.Designers.csproj]
C:\Program Files\dotnet\sdk\10.0.201\Microsoft.Common.CurrentVersion.targets(2451,5): warning MSB3277:             InfragisticsWPF4.v15.1, Version=15.1.20151.2055, Culture=neutral, PublicKeyToken=7dd5c3163f2cd0cb, processorArchitecture=MSIL [C:\Users\ultra\warewolf\Dev\Dev2.Activities.Designers\Dev2.Activities.Designers.csproj]
C:\Program Files\dotnet\sdk\10.0.201\Microsoft.Common.CurrentVersion.targets(2451,5): warning MSB3277:             InfragisticsWPF4.Controls.Editors.XamComboEditor.v15.1, Version=15.1.20151.2055, Culture=neutral, processorArchitecture=MSIL [C:\Users\ultra\warewolf\Dev\Dev2.Activities.Designers\Dev2.Activities.Designers.csproj]
C:\Program Files\dotnet\sdk\10.0.201\Microsoft.Common.CurrentVersion.targets(2451,5): warning MSB3277:             InfragisticsWPF4.Controls.Grids.XamGrid.v15.1 [C:\Users\ultra\warewolf\Dev\Dev2.Activities.Designers\Dev2.Activities.Designers.csproj]
C:\Program Files\dotnet\sdk\10.0.201\Microsoft.Common.CurrentVersion.targets(2451,5): warning MSB3277:             InfragisticsWPF4.Controls.Interactions.XamDialogWindow.v15.1, Version=15.1.20151.2055, Culture=neutral, PublicKeyToken=7dd5c3163f2cd0cb, processorArchitecture=MSIL [C:\Users\ultra\warewolf\Dev\Dev2.Activities.Designers\Dev2.Activities.Designers.csproj]
C:\Program Files\dotnet\sdk\10.0.201\Microsoft.Common.CurrentVersion.targets(2451,5): warning MSB3277:             InfragisticsWPF4.Controls.Menus.XamDataTree.v15.1 [C:\Users\ultra\warewolf\Dev\Dev2.Activities.Designers\Dev2.Activities.Designers.csproj]
C:\Program Files\dotnet\sdk\10.0.201\Microsoft.Common.CurrentVersion.targets(2451,5): warning MSB3277:             InfragisticsWPF4.Controls.Menus.XamMenu.v15.1, Version=15.1.20151.2055, Culture=neutral, processorArchitecture=MSIL [C:\Users\ultra\warewolf\Dev\Dev2.Activities.Designers\Dev2.Activities.Designers.csproj]
C:\Program Files\dotnet\sdk\10.0.201\Microsoft.Common.CurrentVersion.targets(2451,5): warning MSB3277:             InfragisticsWPF4.DataManager.v15.1, Version=15.1.20151.2188, Culture=neutral, PublicKeyToken=7dd5c3163f2cd0cb, processorArchitecture=MSIL [C:\Users\ultra\warewolf\Dev\Dev2.Activities.Designers\Dev2.Activities.Designers.csproj]
C:\Program Files\dotnet\sdk\10.0.201\Microsoft.Common.CurrentVersion.targets(2451,5): warning MSB3277:             InfragisticsWPF4.Editors.v15.1, Version=15.1.20151.2055, Culture=neutral, processorArchitecture=MSIL [C:\Users\ultra\warewolf\Dev\Dev2.Activities.Designers\Dev2.Activities.Designers.csproj]
C:\Program Files\dotnet\sdk\10.0.201\Microsoft.Common.CurrentVersion.targets(2451,5): warning MSB3277:         C:\Users\ultra\.nuget\packages\timespan2\2.4.2\lib\netcoreapp3.1\TimeSpan2.dll [C:\Users\ultra\warewolf\Dev\Dev2.Activities.Designers\Dev2.Activities.Designers.csproj]
C:\Program Files\dotnet\sdk\10.0.201\Microsoft.Common.CurrentVersion.targets(2451,5): warning MSB3277:           Project file item includes which caused reference "C:\Users\ultra\.nuget\packages\timespan2\2.4.2\lib\netcoreapp3.1\TimeSpan2.dll". [C:\Users\ultra\warewolf\Dev\Dev2.Activities.Designers\Dev2.Activities.Designers.csproj]
C:\Program Files\dotnet\sdk\10.0.201\Microsoft.Common.CurrentVersion.targets(2451,5): warning MSB3277:             C:\Users\ultra\.nuget\packages\timespan2\2.4.2\lib\netcoreapp3.1\TimeSpan2.dll [C:\Users\ultra\warewolf\Dev\Dev2.Activities.Designers\Dev2.Activities.Designers.csproj]
C:\Program Files\dotnet\sdk\10.0.201\Microsoft.Common.CurrentVersion.targets(2451,5): warning MSB3277:             C:\Users\ultra\.nuget\packages\taskschedulereditor\2.10.1\lib\net452\Microsoft.Win32.TaskSchedulerEditor.dll [C:\Users\ultra\warewolf\Dev\Dev2.Activities.Designers\Dev2.Activities.Designers.csproj]
C:\Program Files\dotnet\sdk\10.0.201\Microsoft.Common.CurrentVersion.targets(2451,5): warning MSB3277:         C:\Program Files\dotnet\packs\Microsoft.NETCore.App.Ref\8.0.25\ref\net8.0\System.dll [C:\Users\ultra\warewolf\Dev\Dev2.Activities.Designers\Dev2.Activities.Designers.csproj]
C:\Program Files\dotnet\sdk\10.0.201\Microsoft.Common.CurrentVersion.targets(2451,5): warning MSB3277:           Project file item includes which caused reference "C:\Program Files\dotnet\packs\Microsoft.NETCore.App.Ref\8.0.25\ref\net8.0\System.dll". [C:\Users\ultra\warewolf\Dev\Dev2.Activities.Designers\Dev2.Activities.Designers.csproj]
C:\Program Files\dotnet\sdk\10.0.201\Microsoft.Common.CurrentVersion.targets(2451,5): warning MSB3277:             C:\Program Files\dotnet\packs\Microsoft.NETCore.App.Ref\8.0.25\ref/net8.0/System.dll [C:\Users\ultra\warewolf\Dev\Dev2.Activities.Designers\Dev2.Activities.Designers.csproj]
C:\Program Files\dotnet\sdk\10.0.201\Microsoft.Common.CurrentVersion.targets(2451,5): warning MSB3277:             C:\Users\ultra\.nuget\packages\aerowizard\2.3.1\lib\net45\AeroWizard.dll [C:\Users\ultra\warewolf\Dev\Dev2.Activities.Designers\Dev2.Activities.Designers.csproj]
C:\Program Files\dotnet\sdk\10.0.201\Microsoft.Common.CurrentVersion.targets(2451,5): warning MSB3277:             C:\Users\ultra\.nuget\packages\groupcontrols\1.9.0\lib\net45\GroupControls.dll [C:\Users\ultra\warewolf\Dev\Dev2.Activities.Designers\Dev2.Activities.Designers.csproj]
C:\Program Files\dotnet\sdk\10.0.201\Microsoft.Common.CurrentVersion.targets(2451,5): warning MSB3277:             C:\Users\ultra\.nuget\packages\microsoft.xaml.behaviors.wpf\1.1.122\lib\net462\Microsoft.Xaml.Behaviors.dll [C:\Users\ultra\warewolf\Dev\Dev2.Activities.Designers\Dev2.Activities.Designers.csproj]
C:\Program Files\dotnet\sdk\10.0.201\Microsoft.Common.CurrentVersion.targets(2451,5): warning MSB3277:             C:\Users\ultra\.nuget\packages\caliburn.micro\4.0.212\lib\netcoreapp3.1\Caliburn.Micro.Platform.dll [C:\Users\ultra\warewolf\Dev\Dev2.Activities.Designers\Dev2.Activities.Designers.csproj]
C:\Program Files\dotnet\sdk\10.0.201\Microsoft.Common.CurrentVersion.targets(2451,5): warning MSB3277:             C:\Users\ultra\.nuget\packages\prism.wpf\9.0.537\lib\net462\Prism.Wpf.dll [C:\Users\ultra\warewolf\Dev\Dev2.Activities.Designers\Dev2.Activities.Designers.csproj]
C:\Program Files\dotnet\sdk\10.0.201\Microsoft.Common.CurrentVersion.targets(2451,5): warning MSB3277:             C:\Users\ultra\.nuget\packages\reactiveui.wpf\18.4.1\lib\net462\ReactiveUI.Wpf.dll [C:\Users\ultra\warewolf\Dev\Dev2.Activities.Designers\Dev2.Activities.Designers.csproj]
C:\Program Files\dotnet\sdk\10.0.201\Microsoft.Common.CurrentVersion.targets(2451,5): warning MSB3277:             C:\Users\ultra\.nuget\packages\taskschedulereditor\2.10.1\lib\net452\Microsoft.Win32.TaskSchedulerEditor.dll [C:\Users\ultra\warewolf\Dev\Dev2.Activities.Designers\Dev2.Activities.Designers.csproj]
C:\Program Files\dotnet\sdk\10.0.201\Microsoft.Common.CurrentVersion.targets(2451,5): warning MSB3277:             C:\Users\ultra\.nuget\packages\ttcue.netcore.sharepointonline.csom.16.1.8029.1200\16.1.8029.1200\lib\netcoreapp2.0\Microsoft.SharePoint.Client.Runtime.Windows.dll [C:\Users\ultra\warewolf\Dev\Dev2.Activities.Designers\Dev2.Activities.Designers.csproj]
C:\Program Files\dotnet\sdk\10.0.201\Microsoft.Common.CurrentVersion.targets(2451,5): warning MSB3277: Found conflicts between different versions of "System.Security.Permissions" that could not be resolved. [C:\Users\ultra\warewolf\Dev\Dev2.Activities.Designers\Dev2.Activities.Designers.csproj]
C:\Program Files\dotnet\sdk\10.0.201\Microsoft.Common.CurrentVersion.targets(2451,5): warning MSB3277: There was a conflict between "System.Security.Permissions, Version=6.0.0.0, Culture=neutral, PublicKeyToken=cc7b13ffcd2ddd51" and "System.Security.Permissions, Version=7.0.0.0, Culture=neutral, PublicKeyToken=cc7b13ffcd2ddd51". [C:\Users\ultra\warewolf\Dev\Dev2.Activities.Designers\Dev2.Activities.Designers.csproj]
C:\Program Files\dotnet\sdk\10.0.201\Microsoft.Common.CurrentVersion.targets(2451,5): warning MSB3277:     "System.Security.Permissions, Version=6.0.0.0, Culture=neutral, PublicKeyToken=cc7b13ffcd2ddd51" was chosen because it was primary and "System.Security.Permissions, Version=7.0.0.0, Culture=neutral, PublicKeyToken=cc7b13ffcd2ddd51" was not. [C:\Users\ultra\warewolf\Dev\Dev2.Activities.Designers\Dev2.Activities.Designers.csproj]
C:\Program Files\dotnet\sdk\10.0.201\Microsoft.Common.CurrentVersion.targets(2451,5): warning MSB3277:     References which depend on "System.Security.Permissions, Version=6.0.0.0, Culture=neutral, PublicKeyToken=cc7b13ffcd2ddd51" [C:\Users\ultra\.nuget\packages\system.security.permissions\6.0.0\lib\net6.0\System.Security.Permissions.dll]. [C:\Users\ultra\warewolf\Dev\Dev2.Activities.Designers\Dev2.Activities.Designers.csproj]
C:\Program Files\dotnet\sdk\10.0.201\Microsoft.Common.CurrentVersion.targets(2451,5): warning MSB3277:         C:\Users\ultra\.nuget\packages\system.security.permissions\6.0.0\lib\net6.0\System.Security.Permissions.dll [C:\Users\ultra\warewolf\Dev\Dev2.Activities.Designers\Dev2.Activities.Designers.csproj]
C:\Program Files\dotnet\sdk\10.0.201\Microsoft.Common.CurrentVersion.targets(2451,5): warning MSB3277:           Project file item includes which caused reference "C:\Users\ultra\.nuget\packages\system.security.permissions\6.0.0\lib\net6.0\System.Security.Permissions.dll". [C:\Users\ultra\warewolf\Dev\Dev2.Activities.Designers\Dev2.Activities.Designers.csproj]
C:\Program Files\dotnet\sdk\10.0.201\Microsoft.Common.CurrentVersion.targets(2451,5): warning MSB3277:             C:\Users\ultra\.nuget\packages\system.security.permissions\6.0.0\lib\net6.0\System.Security.Permissions.dll [C:\Users\ultra\warewolf\Dev\Dev2.Activities.Designers\Dev2.Activities.Designers.csproj]
C:\Program Files\dotnet\sdk\10.0.201\Microsoft.Common.CurrentVersion.targets(2451,5): warning MSB3277:     References which depend on or have been unified to "System.Security.Permissions, Version=7.0.0.0, Culture=neutral, PublicKeyToken=cc7b13ffcd2ddd51" []. [C:\Users\ultra\warewolf\Dev\Dev2.Activities.Designers\Dev2.Activities.Designers.csproj]
C:\Program Files\dotnet\sdk\10.0.201\Microsoft.Common.CurrentVersion.targets(2451,5): warning MSB3277:         C:\Users\ultra\warewolf\Dev\Dev2.Data\bin\Debug\net8.0\Dev2.Data.dll [C:\Users\ultra\warewolf\Dev\Dev2.Activities.Designers\Dev2.Activities.Designers.csproj]
C:\Program Files\dotnet\sdk\10.0.201\Microsoft.Common.CurrentVersion.targets(2451,5): warning MSB3277:           Project file item includes which caused reference "C:\Users\ultra\warewolf\Dev\Dev2.Data\bin\Debug\net8.0\Dev2.Data.dll". [C:\Users\ultra\warewolf\Dev\Dev2.Activities.Designers\Dev2.Activities.Designers.csproj]
C:\Program Files\dotnet\sdk\10.0.201\Microsoft.Common.CurrentVersion.targets(2451,5): warning MSB3277:             C:\Users\ultra\warewolf\Dev\Dev2.Data\bin\Debug\net8.0\Dev2.Data.dll [C:\Users\ultra\warewolf\Dev\Dev2.Activities.Designers\Dev2.Activities.Designers.csproj]
C:\Program Files\dotnet\sdk\10.0.201\Microsoft.Common.CurrentVersion.targets(2451,5): warning MSB3277:             C:\Users\ultra\warewolf\Dev\Dev2.Activities\bin\Debug\net8.0\Dev2.Activities.dll [C:\Users\ultra\warewolf\Dev\Dev2.Activities.Designers\Dev2.Activities.Designers.csproj]
C:\Program Files\dotnet\sdk\10.0.201\Microsoft.Common.CurrentVersion.targets(2451,5): warning MSB3277:             C:\Users\ultra\warewolf\Dev\Dev2.Core\bin\Debug\net8.0\Dev2.Core.dll [C:\Users\ultra\warewolf\Dev\Dev2.Activities.Designers\Dev2.Activities.Designers.csproj]
C:\Program Files\dotnet\sdk\10.0.201\Microsoft.Common.CurrentVersion.targets(2451,5): warning MSB3277:             C:\Users\ultra\warewolf\Dev\Dev2.Intellisense\bin\Debug\net8.0\Dev2.Intellisense.dll [C:\Users\ultra\warewolf\Dev\Dev2.Activities.Designers\Dev2.Activities.Designers.csproj]
C:\Program Files\dotnet\sdk\10.0.201\Microsoft.Common.CurrentVersion.targets(2451,5): warning MSB3277:             C:\Users\ultra\warewolf\Dev\Dev2.Runtime.Services\bin\Debug\net8.0\Dev2.Runtime.Services.dll [C:\Users\ultra\warewolf\Dev\Dev2.Activities.Designers\Dev2.Activities.Designers.csproj]
C:\Program Files\dotnet\sdk\10.0.201\Microsoft.Common.CurrentVersion.targets(2451,5): warning MSB3277:             C:\Users\ultra\warewolf\Dev\Dev2.Studio.Core\bin\Debug\net8.0\Dev2.Studio.Core.dll [C:\Users\ultra\warewolf\Dev\Dev2.Activities.Designers\Dev2.Activities.Designers.csproj]
C:\Program Files\dotnet\sdk\10.0.201\Microsoft.Common.CurrentVersion.targets(2451,5): warning MSB3277:             C:\Users\ultra\warewolf\Dev\Dev2.Studio.Interfaces\bin\Debug\net8.0\Dev2.Studio.Interfaces.dll [C:\Users\ultra\warewolf\Dev\Dev2.Activities.Designers\Dev2.Activities.Designers.csproj]
C:\Program Files\dotnet\sdk\10.0.201\Microsoft.Common.CurrentVersion.targets(2451,5): warning MSB3277:             C:\Users\ultra\warewolf\Dev\Warewolf.Core\bin\Debug\net8.0\Warewolf.Core.dll [C:\Users\ultra\warewolf\Dev\Dev2.Activities.Designers\Dev2.Activities.Designers.csproj]
C:\Program Files\dotnet\sdk\10.0.201\Microsoft.Common.CurrentVersion.targets(2451,5): warning MSB3277:             C:\Users\ultra\warewolf\Dev\Warewolf.Studio.Core\bin\Debug\net8.0\Warewolf.Studio.Core.dll [C:\Users\ultra\warewolf\Dev\Dev2.Activities.Designers\Dev2.Activities.Designers.csproj]
C:\Program Files\dotnet\sdk\10.0.201\Microsoft.Common.CurrentVersion.targets(2451,5): warning MSB3277:             C:\Users\ultra\warewolf\Dev\Warewolf.Studio.CustomControls\bin\Debug\net8.0\Warewolf.Studio.CustomControls.dll [C:\Users\ultra\warewolf\Dev\Dev2.Activities.Designers\Dev2.Activities.Designers.csproj]
C:\Program Files\dotnet\sdk\10.0.201\Microsoft.Common.CurrentVersion.targets(2451,5): warning MSB3277:             C:\Users\ultra\warewolf\Dev\Warewolf.Studio.Models\bin\Debug\net8.0\Warewolf.Studio.Models.dll [C:\Users\ultra\warewolf\Dev\Dev2.Activities.Designers\Dev2.Activities.Designers.csproj]
C:\Program Files\dotnet\sdk\10.0.201\Microsoft.Common.CurrentVersion.targets(2451,5): warning MSB3277:             C:\Users\ultra\warewolf\Dev\Warewolf.UI\bin\Debug\net8.0\Warewolf.UI.dll [C:\Users\ultra\warewolf\Dev\Dev2.Activities.Designers\Dev2.Activities.Designers.csproj]
C:\Program Files\dotnet\sdk\10.0.201\Microsoft.Common.CurrentVersion.targets(2451,5): warning MSB3277:             C:\Users\ultra\warewolf\Dev\Dev2.Scheduler\bin\Debug\net8.0\Dev2.Scheduler.dll [C:\Users\ultra\warewolf\Dev\Dev2.Activities.Designers\Dev2.Activities.Designers.csproj]
C:\Program Files\dotnet\sdk\10.0.201\Microsoft.Common.CurrentVersion.targets(2451,5): warning MSB3277:             C:\Users\ultra\warewolf\Dev\Dev2.Services.Execution\bin\Debug\net8.0\Dev2.Services.Execution.dll [C:\Users\ultra\warewolf\Dev\Dev2.Activities.Designers\Dev2.Activities.Designers.csproj]
C:\Program Files\dotnet\sdk\10.0.201\Microsoft.Common.CurrentVersion.targets(2451,5): warning MSB3277:             C:\Users\ultra\warewolf\Dev\Warewolf.Auditing\bin\Debug\net8.0\Warewolf.Auditing.dll [C:\Users\ultra\warewolf\Dev\Dev2.Activities.Designers\Dev2.Activities.Designers.csproj]
C:\Program Files\dotnet\sdk\10.0.201\Microsoft.Common.CurrentVersion.targets(2451,5): warning MSB3277:             C:\Users\ultra\warewolf\Dev\Warewolf.Common.NetStandard20\bin\Debug\net8.0\Warewolf.Common.NetStandard20.dll [C:\Users\ultra\warewolf\Dev\Dev2.Activities.Designers\Dev2.Activities.Designers.csproj]
C:\Program Files\dotnet\sdk\10.0.201\Microsoft.Common.CurrentVersion.targets(2451,5): warning MSB3277:             C:\Users\ultra\warewolf\Dev\Warewolf.Driver.Persistence\bin\Debug\net8.0\Warewolf.Driver.Persistence.dll [C:\Users\ultra\warewolf\Dev\Dev2.Activities.Designers\Dev2.Activities.Designers.csproj]
C:\Program Files\dotnet\sdk\10.0.201\Microsoft.Common.CurrentVersion.targets(2451,5): warning MSB3277:             C:\Users\ultra\warewolf\Dev\Warewolf.Exchange.Email.Wrapper\bin\Debug\net8.0\Warewolf.Exchange.Email.Wrapper.dll [C:\Users\ultra\warewolf\Dev\Dev2.Activities.Designers\Dev2.Activities.Designers.csproj]
C:\Program Files\dotnet\sdk\10.0.201\Microsoft.Common.CurrentVersion.targets(2451,5): warning MSB3277:             C:\Users\ultra\warewolf\Dev\Warewolf.ResourceManagement\bin\Debug\net8.0\Warewolf.ResourceManagement.dll [C:\Users\ultra\warewolf\Dev\Dev2.Activities.Designers\Dev2.Activities.Designers.csproj]
C:\Program Files\dotnet\sdk\10.0.201\Microsoft.Common.CurrentVersion.targets(2451,5): warning MSB3277:         C:\Users\ultra\warewolf\Dev\Warewolf.Studio.CustomControls\bin\Debug\net8.0\Warewolf.Studio.CustomControls.dll [C:\Users\ultra\warewolf\Dev\Dev2.Activities.Designers\Dev2.Activities.Designers.csproj]
C:\Program Files\dotnet\sdk\10.0.201\Microsoft.Common.CurrentVersion.targets(2451,5): warning MSB3277:           Project file item includes which caused reference "C:\Users\ultra\warewolf\Dev\Warewolf.Studio.CustomControls\bin\Debug\net8.0\Warewolf.Studio.CustomControls.dll". [C:\Users\ultra\warewolf\Dev\Dev2.Activities.Designers\Dev2.Activities.Designers.csproj]
C:\Program Files\dotnet\sdk\10.0.201\Microsoft.Common.CurrentVersion.targets(2451,5): warning MSB3277:             C:\Users\ultra\warewolf\Dev\Warewolf.Studio.CustomControls\bin\Debug\net8.0\Warewolf.Studio.CustomControls.dll [C:\Users\ultra\warewolf\Dev\Dev2.Activities.Designers\Dev2.Activities.Designers.csproj]
C:\Program Files\dotnet\sdk\10.0.201\Microsoft.Common.CurrentVersion.targets(2451,5): warning MSB3277:         C:\Users\ultra\warewolf\Dev\Binaries\Infragistcs_Net6\InfragisticsWPF4.v15.1.dll [C:\Users\ultra\warewolf\Dev\Dev2.Activities.Designers\Dev2.Activities.Designers.csproj]
C:\Program Files\dotnet\sdk\10.0.201\Microsoft.Common.CurrentVersion.targets(2451,5): warning MSB3277:           Project file item includes which caused reference "C:\Users\ultra\warewolf\Dev\Binaries\Infragistcs_Net6\InfragisticsWPF4.v15.1.dll". [C:\Users\ultra\warewolf\Dev\Dev2.Activities.Designers\Dev2.Activities.Designers.csproj]
C:\Program Files\dotnet\sdk\10.0.201\Microsoft.Common.CurrentVersion.targets(2451,5): warning MSB3277:             InfragisticsWPF4.v15.1, Version=15.1.20151.2055, Culture=neutral, PublicKeyToken=7dd5c3163f2cd0cb, processorArchitecture=MSIL [C:\Users\ultra\warewolf\Dev\Dev2.Activities.Designers\Dev2.Activities.Designers.csproj]
C:\Program Files\dotnet\sdk\10.0.201\Microsoft.Common.CurrentVersion.targets(2451,5): warning MSB3277:             InfragisticsWPF4.Controls.Editors.XamComboEditor.v15.1, Version=15.1.20151.2055, Culture=neutral, processorArchitecture=MSIL [C:\Users\ultra\warewolf\Dev\Dev2.Activities.Designers\Dev2.Activities.Designers.csproj]
C:\Program Files\dotnet\sdk\10.0.201\Microsoft.Common.CurrentVersion.targets(2451,5): warning MSB3277:             InfragisticsWPF4.Controls.Grids.XamGrid.v15.1 [C:\Users\ultra\warewolf\Dev\Dev2.Activities.Designers\Dev2.Activities.Designers.csproj]
C:\Program Files\dotnet\sdk\10.0.201\Microsoft.Common.CurrentVersion.targets(2451,5): warning MSB3277:             InfragisticsWPF4.Controls.Interactions.XamDialogWindow.v15.1, Version=15.1.20151.2055, Culture=neutral, PublicKeyToken=7dd5c3163f2cd0cb, processorArchitecture=MSIL [C:\Users\ultra\warewolf\Dev\Dev2.Activities.Designers\Dev2.Activities.Designers.csproj]
C:\Program Files\dotnet\sdk\10.0.201\Microsoft.Common.CurrentVersion.targets(2451,5): warning MSB3277:             InfragisticsWPF4.Controls.Menus.XamDataTree.v15.1 [C:\Users\ultra\warewolf\Dev\Dev2.Activities.Designers\Dev2.Activities.Designers.csproj]
C:\Program Files\dotnet\sdk\10.0.201\Microsoft.Common.CurrentVersion.targets(2451,5): warning MSB3277:             InfragisticsWPF4.Controls.Menus.XamMenu.v15.1, Version=15.1.20151.2055, Culture=neutral, processorArchitecture=MSIL [C:\Users\ultra\warewolf\Dev\Dev2.Activities.Designers\Dev2.Activities.Designers.csproj]
C:\Program Files\dotnet\sdk\10.0.201\Microsoft.Common.CurrentVersion.targets(2451,5): warning MSB3277:             InfragisticsWPF4.DataManager.v15.1, Version=15.1.20151.2188, Culture=neutral, PublicKeyToken=7dd5c3163f2cd0cb, processorArchitecture=MSIL [C:\Users\ultra\warewolf\Dev\Dev2.Activities.Designers\Dev2.Activities.Designers.csproj]
C:\Program Files\dotnet\sdk\10.0.201\Microsoft.Common.CurrentVersion.targets(2451,5): warning MSB3277:             InfragisticsWPF4.Editors.v15.1, Version=15.1.20151.2055, Culture=neutral, processorArchitecture=MSIL [C:\Users\ultra\warewolf\Dev\Dev2.Activities.Designers\Dev2.Activities.Designers.csproj]
C:\Program Files\dotnet\sdk\10.0.201\Microsoft.Common.CurrentVersion.targets(2451,5): warning MSB3277:         C:\Users\ultra\.nuget\packages\dotnetzip\1.16.0\lib\netstandard2.0\DotNetZip.dll [C:\Users\ultra\warewolf\Dev\Dev2.Activities.Designers\Dev2.Activities.Designers.csproj]
C:\Program Files\dotnet\sdk\10.0.201\Microsoft.Common.CurrentVersion.targets(2451,5): warning MSB3277:           Project file item includes which caused reference "C:\Users\ultra\.nuget\packages\dotnetzip\1.16.0\lib\netstandard2.0\DotNetZip.dll". [C:\Users\ultra\warewolf\Dev\Dev2.Activities.Designers\Dev2.Activities.Designers.csproj]
C:\Program Files\dotnet\sdk\10.0.201\Microsoft.Common.CurrentVersion.targets(2451,5): warning MSB3277:             C:\Users\ultra\.nuget\packages\dotnetzip\1.16.0\lib\netstandard2.0\DotNetZip.dll [C:\Users\ultra\warewolf\Dev\Dev2.Activities.Designers\Dev2.Activities.Designers.csproj]
C:\Program Files\dotnet\sdk\10.0.201\Microsoft.Common.CurrentVersion.targets(2451,5): warning MSB3277:             C:\Users\ultra\warewolf\Dev\Dev2.Common\bin\Debug\net8.0\Dev2.Common.dll [C:\Users\ultra\warewolf\Dev\Dev2.Activities.Designers\Dev2.Activities.Designers.csproj]
C:\Program Files\dotnet\sdk\10.0.201\Microsoft.Common.CurrentVersion.targets(2451,5): warning MSB3277:             C:\Users\ultra\warewolf\Dev\Dev2.Activities\bin\Debug\net8.0\Dev2.Activities.dll [C:\Users\ultra\warewolf\Dev\Dev2.Activities.Designers\Dev2.Activities.Designers.csproj]
C:\Program Files\dotnet\sdk\10.0.201\Microsoft.Common.CurrentVersion.targets(2451,5): warning MSB3277:             C:\Users\ultra\warewolf\Dev\Dev2.Core\bin\Debug\net8.0\Dev2.Core.dll [C:\Users\ultra\warewolf\Dev\Dev2.Activities.Designers\Dev2.Activities.Designers.csproj]
C:\Program Files\dotnet\sdk\10.0.201\Microsoft.Common.CurrentVersion.targets(2451,5): warning MSB3277:             C:\Users\ultra\warewolf\Dev\Dev2.Data.Interfaces\bin\Debug\net8.0\Dev2.Data.Interfaces.dll [C:\Users\ultra\warewolf\Dev\Dev2.Activities.Designers\Dev2.Activities.Designers.csproj]
C:\Program Files\dotnet\sdk\10.0.201\Microsoft.Common.CurrentVersion.targets(2451,5): warning MSB3277:             C:\Users\ultra\warewolf\Dev\Dev2.Data\bin\Debug\net8.0\Dev2.Data.dll [C:\Users\ultra\warewolf\Dev\Dev2.Activities.Designers\Dev2.Activities.Designers.csproj]
C:\Program Files\dotnet\sdk\10.0.201\Microsoft.Common.CurrentVersion.targets(2451,5): warning MSB3277:             C:\Users\ultra\warewolf\Dev\Dev2.Diagnostics\bin\Debug\net8.0\Dev2.Diagnostics.dll [C:\Users\ultra\warewolf\Dev\Dev2.Activities.Designers\Dev2.Activities.Designers.csproj]
C:\Program Files\dotnet\sdk\10.0.201\Microsoft.Common.CurrentVersion.targets(2451,5): warning MSB3277:             C:\Users\ultra\warewolf\Dev\Dev2.Infrastructure\bin\Debug\net8.0\Dev2.Infrastructure.dll [C:\Users\ultra\warewolf\Dev\Dev2.Activities.Designers\Dev2.Activities.Designers.csproj]
C:\Program Files\dotnet\sdk\10.0.201\Microsoft.Common.CurrentVersion.targets(2451,5): warning MSB3277:             C:\Users\ultra\warewolf\Dev\Dev2.Intellisense\bin\Debug\net8.0\Dev2.Intellisense.dll [C:\Users\ultra\warewolf\Dev\Dev2.Activities.Designers\Dev2.Activities.Designers.csproj]
C:\Program Files\dotnet\sdk\10.0.201\Microsoft.Common.CurrentVersion.targets(2451,5): warning MSB3277:             C:\Users\ultra\warewolf\Dev\Dev2.Runtime.Services\bin\Debug\net8.0\Dev2.Runtime.Services.dll [C:\Users\ultra\warewolf\Dev\Dev2.Activities.Designers\Dev2.Activities.Designers.csproj]
C:\Program Files\dotnet\sdk\10.0.201\Microsoft.Common.CurrentVersion.targets(2451,5): warning MSB3277:             C:\Users\ultra\warewolf\Dev\Dev2.Studio.Core\bin\Debug\net8.0\Dev2.Studio.Core.dll [C:\Users\ultra\warewolf\Dev\Dev2.Activities.Designers\Dev2.Activities.Designers.csproj]
C:\Program Files\dotnet\sdk\10.0.201\Microsoft.Common.CurrentVersion.targets(2451,5): warning MSB3277:             C:\Users\ultra\warewolf\Dev\Dev2.Studio.Interfaces\bin\Debug\net8.0\Dev2.Studio.Interfaces.dll [C:\Users\ultra\warewolf\Dev\Dev2.Activities.Designers\Dev2.Activities.Designers.csproj]
C:\Program Files\dotnet\sdk\10.0.201\Microsoft.Common.CurrentVersion.targets(2451,5): warning MSB3277:             C:\Users\ultra\warewolf\Dev\Dev2.Util\bin\Debug\net8.0\Dev2.Util.dll [C:\Users\ultra\warewolf\Dev\Dev2.Activities.Designers\Dev2.Activities.Designers.csproj]
C:\Program Files\dotnet\sdk\10.0.201\Microsoft.Common.CurrentVersion.targets(2451,5): warning MSB3277:             C:\Users\ultra\warewolf\Dev\Warewolf.Storage\bin\Debug\net8.0\Warewolf.Storage.dll [C:\Users\ultra\warewolf\Dev\Dev2.Activities.Designers\Dev2.Activities.Designers.csproj]
C:\Program Files\dotnet\sdk\10.0.201\Microsoft.Common.CurrentVersion.targets(2451,5): warning MSB3277:             C:\Users\ultra\warewolf\Dev\Warewolf.Core\bin\Debug\net8.0\Warewolf.Core.dll [C:\Users\ultra\warewolf\Dev\Dev2.Activities.Designers\Dev2.Activities.Designers.csproj]
C:\Program Files\dotnet\sdk\10.0.201\Microsoft.Common.CurrentVersion.targets(2451,5): warning MSB3277:             C:\Users\ultra\warewolf\Dev\Warewolf.Studio.Core\bin\Debug\net8.0\Warewolf.Studio.Core.dll [C:\Users\ultra\warewolf\Dev\Dev2.Activities.Designers\Dev2.Activities.Designers.csproj]
C:\Program Files\dotnet\sdk\10.0.201\Microsoft.Common.CurrentVersion.targets(2451,5): warning MSB3277:             C:\Users\ultra\warewolf\Dev\Warewolf.Studio.CustomControls\bin\Debug\net8.0\Warewolf.Studio.CustomControls.dll [C:\Users\ultra\warewolf\Dev\Dev2.Activities.Designers\Dev2.Activities.Designers.csproj]
C:\Program Files\dotnet\sdk\10.0.201\Microsoft.Common.CurrentVersion.targets(2451,5): warning MSB3277:             C:\Users\ultra\warewolf\Dev\Warewolf.Studio.Models\bin\Debug\net8.0\Warewolf.Studio.Models.dll [C:\Users\ultra\warewolf\Dev\Dev2.Activities.Designers\Dev2.Activities.Designers.csproj]
C:\Program Files\dotnet\sdk\10.0.201\Microsoft.Common.CurrentVersion.targets(2451,5): warning MSB3277:             C:\Users\ultra\warewolf\Dev\Warewolf.UI\bin\Debug\net8.0\Warewolf.UI.dll [C:\Users\ultra\warewolf\Dev\Dev2.Activities.Designers\Dev2.Activities.Designers.csproj]
C:\Program Files\dotnet\sdk\10.0.201\Microsoft.Common.CurrentVersion.targets(2451,5): warning MSB3277:             C:\Users\ultra\warewolf\Dev\Dev2.Development.Languages\bin\Debug\net8.0\Dev2.Development.Languages.dll [C:\Users\ultra\warewolf\Dev\Dev2.Activities.Designers\Dev2.Activities.Designers.csproj]
C:\Program Files\dotnet\sdk\10.0.201\Microsoft.Common.CurrentVersion.targets(2451,5): warning MSB3277:             C:\Users\ultra\warewolf\Dev\Dev2.Scheduler\bin\Debug\net8.0\Dev2.Scheduler.dll [C:\Users\ultra\warewolf\Dev\Dev2.Activities.Designers\Dev2.Activities.Designers.csproj]
C:\Program Files\dotnet\sdk\10.0.201\Microsoft.Common.CurrentVersion.targets(2451,5): warning MSB3277:             C:\Users\ultra\warewolf\Dev\Dev2.Services.Execution\bin\Debug\net8.0\Dev2.Services.Execution.dll [C:\Users\ultra\warewolf\Dev\Dev2.Activities.Designers\Dev2.Activities.Designers.csproj]
C:\Program Files\dotnet\sdk\10.0.201\Microsoft.Common.CurrentVersion.targets(2451,5): warning MSB3277:             C:\Users\ultra\warewolf\Dev\Dev2.Services.Sql\bin\Debug\net8.0\Dev2.Services.Sql.dll [C:\Users\ultra\warewolf\Dev\Dev2.Activities.Designers\Dev2.Activities.Designers.csproj]
C:\Program Files\dotnet\sdk\10.0.201\Microsoft.Common.CurrentVersion.targets(2451,5): warning MSB3277:             C:\Users\ultra\warewolf\Dev\Dev2.TaskScheduler.Wrappers\bin\Debug\net8.0\Dev2.TaskScheduler.Wrappers.dll [C:\Users\ultra\warewolf\Dev\Dev2.Activities.Designers\Dev2.Activities.Designers.csproj]
C:\Program Files\dotnet\sdk\10.0.201\Microsoft.Common.CurrentVersion.targets(2451,5): warning MSB3277:             C:\Users\ultra\warewolf\Dev\Warewolf.AI.Harness\bin\Debug\net8.0\Warewolf.AI.Harness.dll [C:\Users\ultra\warewolf\Dev\Dev2.Activities.Designers\Dev2.Activities.Designers.csproj]
C:\Program Files\dotnet\sdk\10.0.201\Microsoft.Common.CurrentVersion.targets(2451,5): warning MSB3277:             C:\Users\ultra\warewolf\Dev\Warewolf.Auditing\bin\Debug\net8.0\Warewolf.Auditing.dll [C:\Users\ultra\warewolf\Dev\Dev2.Activities.Designers\Dev2.Activities.Designers.csproj]
C:\Program Files\dotnet\sdk\10.0.201\Microsoft.Common.CurrentVersion.targets(2451,5): warning MSB3277:             C:\Users\ultra\warewolf\Dev\Warewolf.Common.NetStandard20\bin\Debug\net8.0\Warewolf.Common.NetStandard20.dll [C:\Users\ultra\warewolf\Dev\Dev2.Activities.Designers\Dev2.Activities.Designers.csproj]
C:\Program Files\dotnet\sdk\10.0.201\Microsoft.Common.CurrentVersion.targets(2451,5): warning MSB3277:             C:\Users\ultra\warewolf\Dev\Warewolf.Driver.Persistence\bin\Debug\net8.0\Warewolf.Driver.Persistence.dll [C:\Users\ultra\warewolf\Dev\Dev2.Activities.Designers\Dev2.Activities.Designers.csproj]
C:\Program Files\dotnet\sdk\10.0.201\Microsoft.Common.CurrentVersion.targets(2451,5): warning MSB3277:             C:\Users\ultra\warewolf\Dev\Warewolf.Driver.Serilog\bin\Debug\net8.0\Warewolf.Driver.Serilog.dll [C:\Users\ultra\warewolf\Dev\Dev2.Activities.Designers\Dev2.Activities.Designers.csproj]
C:\Program Files\dotnet\sdk\10.0.201\Microsoft.Common.CurrentVersion.targets(2451,5): warning MSB3277:             C:\Users\ultra\warewolf\Dev\Warewolf.Exchange.Email.Wrapper\bin\Debug\net8.0\Warewolf.Exchange.Email.Wrapper.dll [C:\Users\ultra\warewolf\Dev\Dev2.Activities.Designers\Dev2.Activities.Designers.csproj]
C:\Program Files\dotnet\sdk\10.0.201\Microsoft.Common.CurrentVersion.targets(2451,5): warning MSB3277:             C:\Users\ultra\warewolf\Dev\Warewolf.ResourceManagement\bin\Debug\net8.0\Warewolf.ResourceManagement.dll [C:\Users\ultra\warewolf\Dev\Dev2.Activities.Designers\Dev2.Activities.Designers.csproj]
C:\Program Files\dotnet\sdk\10.0.201\Microsoft.Common.CurrentVersion.targets(2451,5): warning MSB3277:             C:\Users\ultra\warewolf\Dev\Warewolf.Sharepoint\bin\Debug\net8.0\Warewolf.Sharepoint.dll [C:\Users\ultra\warewolf\Dev\Dev2.Activities.Designers\Dev2.Activities.Designers.csproj]
C:\Program Files\dotnet\sdk\10.0.201\Microsoft.Common.CurrentVersion.targets(2451,5): warning MSB3277:         C:\Users\ultra\.nuget\packages\mindbox.data.linq\5.0.0\lib\netstandard2.0\Mindbox.Data.Linq.dll [C:\Users\ultra\warewolf\Dev\Dev2.Activities.Designers\Dev2.Activities.Designers.csproj]
C:\Program Files\dotnet\sdk\10.0.201\Microsoft.Common.CurrentVersion.targets(2451,5): warning MSB3277:           Project file item includes which caused reference "C:\Users\ultra\.nuget\packages\mindbox.data.linq\5.0.0\lib\netstandard2.0\Mindbox.Data.Linq.dll". [C:\Users\ultra\warewolf\Dev\Dev2.Activities.Designers\Dev2.Activities.Designers.csproj]
C:\Program Files\dotnet\sdk\10.0.201\Microsoft.Common.CurrentVersion.targets(2451,5): warning MSB3277:             C:\Users\ultra\.nuget\packages\mindbox.data.linq\5.0.0\lib\netstandard2.0\Mindbox.Data.Linq.dll [C:\Users\ultra\warewolf\Dev\Dev2.Activities.Designers\Dev2.Activities.Designers.csproj]
C:\Program Files\dotnet\sdk\10.0.201\Microsoft.Common.CurrentVersion.targets(2451,5): warning MSB3277:             C:\Users\ultra\warewolf\Dev\Warewolf.Auditing\bin\Debug\net8.0\Warewolf.Auditing.dll [C:\Users\ultra\warewolf\Dev\Dev2.Activities.Designers\Dev2.Activities.Designers.csproj]
C:\Program Files\dotnet\sdk\10.0.201\Microsoft.Common.CurrentVersion.targets(2451,5): warning MSB3277:             C:\Users\ultra\warewolf\Dev\Dev2.Activities\bin\Debug\net8.0\Dev2.Activities.dll [C:\Users\ultra\warewolf\Dev\Dev2.Activities.Designers\Dev2.Activities.Designers.csproj]
C:\Program Files\dotnet\sdk\10.0.201\Microsoft.Common.CurrentVersion.targets(2451,5): warning MSB3277:             C:\Users\ultra\warewolf\Dev\Dev2.Runtime.Services\bin\Debug\net8.0\Dev2.Runtime.Services.dll [C:\Users\ultra\warewolf\Dev\Dev2.Activities.Designers\Dev2.Activities.Designers.csproj]
C:\Program Files\dotnet\sdk\10.0.201\Microsoft.Common.CurrentVersion.targets(2451,5): warning MSB3277:             C:\Users\ultra\warewolf\Dev\Dev2.Studio.Core\bin\Debug\net8.0\Dev2.Studio.Core.dll [C:\Users\ultra\warewolf\Dev\Dev2.Activities.Designers\Dev2.Activities.Designers.csproj]
C:\Program Files\dotnet\sdk\10.0.201\Microsoft.Common.CurrentVersion.targets(2451,5): warning MSB3277:             C:\Users\ultra\warewolf\Dev\Dev2.Intellisense\bin\Debug\net8.0\Dev2.Intellisense.dll [C:\Users\ultra\warewolf\Dev\Dev2.Activities.Designers\Dev2.Activities.Designers.csproj]
C:\Program Files\dotnet\sdk\10.0.201\Microsoft.Common.CurrentVersion.targets(2451,5): warning MSB3277:             C:\Users\ultra\warewolf\Dev\Dev2.Studio.Interfaces\bin\Debug\net8.0\Dev2.Studio.Interfaces.dll [C:\Users\ultra\warewolf\Dev\Dev2.Activities.Designers\Dev2.Activities.Designers.csproj]
C:\Program Files\dotnet\sdk\10.0.201\Microsoft.Common.CurrentVersion.targets(2451,5): warning MSB3277:             C:\Users\ultra\warewolf\Dev\Warewolf.Studio.Core\bin\Debug\net8.0\Warewolf.Studio.Core.dll [C:\Users\ultra\warewolf\Dev\Dev2.Activities.Designers\Dev2.Activities.Designers.csproj]
C:\Program Files\dotnet\sdk\10.0.201\Microsoft.Common.CurrentVersion.targets(2451,5): warning MSB3277:             C:\Users\ultra\warewolf\Dev\Warewolf.Studio.CustomControls\bin\Debug\net8.0\Warewolf.Studio.CustomControls.dll [C:\Users\ultra\warewolf\Dev\Dev2.Activities.Designers\Dev2.Activities.Designers.csproj]
C:\Program Files\dotnet\sdk\10.0.201\Microsoft.Common.CurrentVersion.targets(2451,5): warning MSB3277:             C:\Users\ultra\warewolf\Dev\Warewolf.Studio.Models\bin\Debug\net8.0\Warewolf.Studio.Models.dll [C:\Users\ultra\warewolf\Dev\Dev2.Activities.Designers\Dev2.Activities.Designers.csproj]
C:\Program Files\dotnet\sdk\10.0.201\Microsoft.Common.CurrentVersion.targets(2451,5): warning MSB3277:             C:\Users\ultra\warewolf\Dev\Dev2.Services.Execution\bin\Debug\net8.0\Dev2.Services.Execution.dll [C:\Users\ultra\warewolf\Dev\Dev2.Activities.Designers\Dev2.Activities.Designers.csproj]
C:\Program Files\dotnet\sdk\10.0.201\Microsoft.Common.CurrentVersion.targets(2451,5): warning MSB3277:             C:\Users\ultra\warewolf\Dev\Warewolf.Common.NetStandard20\bin\Debug\net8.0\Warewolf.Common.NetStandard20.dll [C:\Users\ultra\warewolf\Dev\Dev2.Activities.Designers\Dev2.Activities.Designers.csproj]
C:\Program Files\dotnet\sdk\10.0.201\Microsoft.Common.CurrentVersion.targets(2451,5): warning MSB3277:             C:\Users\ultra\warewolf\Dev\Warewolf.Driver.Persistence\bin\Debug\net8.0\Warewolf.Driver.Persistence.dll [C:\Users\ultra\warewolf\Dev\Dev2.Activities.Designers\Dev2.Activities.Designers.csproj]
C:\Program Files\dotnet\sdk\10.0.201\Microsoft.Common.CurrentVersion.targets(2451,5): warning MSB3277:         C:\Users\ultra\.nuget\packages\mysql.data\8.4.0\lib\net8.0\MySql.Data.dll [C:\Users\ultra\warewolf\Dev\Dev2.Activities.Designers\Dev2.Activities.Designers.csproj]
C:\Program Files\dotnet\sdk\10.0.201\Microsoft.Common.CurrentVersion.targets(2451,5): warning MSB3277:           Project file item includes which caused reference "C:\Users\ultra\.nuget\packages\mysql.data\8.4.0\lib\net8.0\MySql.Data.dll". [C:\Users\ultra\warewolf\Dev\Dev2.Activities.Designers\Dev2.Activities.Designers.csproj]
C:\Program Files\dotnet\sdk\10.0.201\Microsoft.Common.CurrentVersion.targets(2451,5): warning MSB3277:             C:\Users\ultra\.nuget\packages\mysql.data\8.4.0\lib\net8.0\MySql.Data.dll [C:\Users\ultra\warewolf\Dev\Dev2.Activities.Designers\Dev2.Activities.Designers.csproj]
C:\Program Files\dotnet\sdk\10.0.201\Microsoft.Common.CurrentVersion.targets(2451,5): warning MSB3277:             C:\Users\ultra\warewolf\Dev\Dev2.Activities\bin\Debug\net8.0\Dev2.Activities.dll [C:\Users\ultra\warewolf\Dev\Dev2.Activities.Designers\Dev2.Activities.Designers.csproj]
C:\Program Files\dotnet\sdk\10.0.201\Microsoft.Common.CurrentVersion.targets(2451,5): warning MSB3277:             C:\Users\ultra\warewolf\Dev\Dev2.Runtime.Services\bin\Debug\net8.0\Dev2.Runtime.Services.dll [C:\Users\ultra\warewolf\Dev\Dev2.Activities.Designers\Dev2.Activities.Designers.csproj]
C:\Program Files\dotnet\sdk\10.0.201\Microsoft.Common.CurrentVersion.targets(2451,5): warning MSB3277:             C:\Users\ultra\warewolf\Dev\Dev2.Studio.Core\bin\Debug\net8.0\Dev2.Studio.Core.dll [C:\Users\ultra\warewolf\Dev\Dev2.Activities.Designers\Dev2.Activities.Designers.csproj]
C:\Program Files\dotnet\sdk\10.0.201\Microsoft.Common.CurrentVersion.targets(2451,5): warning MSB3277:             C:\Users\ultra\warewolf\Dev\Dev2.Intellisense\bin\Debug\net8.0\Dev2.Intellisense.dll [C:\Users\ultra\warewolf\Dev\Dev2.Activities.Designers\Dev2.Activities.Designers.csproj]
C:\Program Files\dotnet\sdk\10.0.201\Microsoft.Common.CurrentVersion.targets(2451,5): warning MSB3277:             C:\Users\ultra\warewolf\Dev\Dev2.Studio.Interfaces\bin\Debug\net8.0\Dev2.Studio.Interfaces.dll [C:\Users\ultra\warewolf\Dev\Dev2.Activities.Designers\Dev2.Activities.Designers.csproj]
C:\Program Files\dotnet\sdk\10.0.201\Microsoft.Common.CurrentVersion.targets(2451,5): warning MSB3277:             C:\Users\ultra\warewolf\Dev\Warewolf.Studio.Core\bin\Debug\net8.0\Warewolf.Studio.Core.dll [C:\Users\ultra\warewolf\Dev\Dev2.Activities.Designers\Dev2.Activities.Designers.csproj]
C:\Program Files\dotnet\sdk\10.0.201\Microsoft.Common.CurrentVersion.targets(2451,5): warning MSB3277:             C:\Users\ultra\warewolf\Dev\Warewolf.Studio.CustomControls\bin\Debug\net8.0\Warewolf.Studio.CustomControls.dll [C:\Users\ultra\warewolf\Dev\Dev2.Activities.Designers\Dev2.Activities.Designers.csproj]
C:\Program Files\dotnet\sdk\10.0.201\Microsoft.Common.CurrentVersion.targets(2451,5): warning MSB3277:             C:\Users\ultra\warewolf\Dev\Warewolf.Studio.Models\bin\Debug\net8.0\Warewolf.Studio.Models.dll [C:\Users\ultra\warewolf\Dev\Dev2.Activities.Designers\Dev2.Activities.Designers.csproj]
C:\Program Files\dotnet\sdk\10.0.201\Microsoft.Common.CurrentVersion.targets(2451,5): warning MSB3277:             C:\Users\ultra\warewolf\Dev\Dev2.Services.Execution\bin\Debug\net8.0\Dev2.Services.Execution.dll [C:\Users\ultra\warewolf\Dev\Dev2.Activities.Designers\Dev2.Activities.Designers.csproj]
C:\Program Files\dotnet\sdk\10.0.201\Microsoft.Common.CurrentVersion.targets(2451,5): warning MSB3277:             C:\Users\ultra\warewolf\Dev\Dev2.Services.Sql\bin\Debug\net8.0\Dev2.Services.Sql.dll [C:\Users\ultra\warewolf\Dev\Dev2.Activities.Designers\Dev2.Activities.Designers.csproj]
C:\Program Files\dotnet\sdk\10.0.201\Microsoft.Common.CurrentVersion.targets(2451,5): warning MSB3277:             C:\Users\ultra\warewolf\Dev\Warewolf.Driver.Persistence\bin\Debug\net8.0\Warewolf.Driver.Persistence.dll [C:\Users\ultra\warewolf\Dev\Dev2.Activities.Designers\Dev2.Activities.Designers.csproj]
C:\Program Files\dotnet\sdk\10.0.201\Microsoft.Common.CurrentVersion.targets(2451,5): warning MSB3277:         C:\Users\ultra\.nuget\packages\oracle.manageddataaccess.core\3.21.70\lib\netstandard2.1\Oracle.ManagedDataAccess.dll [C:\Users\ultra\warewolf\Dev\Dev2.Activities.Designers\Dev2.Activities.Designers.csproj]
C:\Program Files\dotnet\sdk\10.0.201\Microsoft.Common.CurrentVersion.targets(2451,5): warning MSB3277:           Project file item includes which caused reference "C:\Users\ultra\.nuget\packages\oracle.manageddataaccess.core\3.21.70\lib\netstandard2.1\Oracle.ManagedDataAccess.dll". [C:\Users\ultra\warewolf\Dev\Dev2.Activities.Designers\Dev2.Activities.Designers.csproj]
C:\Program Files\dotnet\sdk\10.0.201\Microsoft.Common.CurrentVersion.targets(2451,5): warning MSB3277:             C:\Users\ultra\.nuget\packages\oracle.manageddataaccess.core\3.21.70\lib\netstandard2.1\Oracle.ManagedDataAccess.dll [C:\Users\ultra\warewolf\Dev\Dev2.Activities.Designers\Dev2.Activities.Designers.csproj]
C:\Program Files\dotnet\sdk\10.0.201\Microsoft.Common.CurrentVersion.targets(2451,5): warning MSB3277:             C:\Users\ultra\warewolf\Dev\Dev2.Runtime.Services\bin\Debug\net8.0\Dev2.Runtime.Services.dll [C:\Users\ultra\warewolf\Dev\Dev2.Activities.Designers\Dev2.Activities.Designers.csproj]
C:\Program Files\dotnet\sdk\10.0.201\Microsoft.Common.CurrentVersion.targets(2451,5): warning MSB3277:             C:\Users\ultra\warewolf\Dev\Dev2.Activities\bin\Debug\net8.0\Dev2.Activities.dll [C:\Users\ultra\warewolf\Dev\Dev2.Activities.Designers\Dev2.Activities.Designers.csproj]
C:\Program Files\dotnet\sdk\10.0.201\Microsoft.Common.CurrentVersion.targets(2451,5): warning MSB3277:             C:\Users\ultra\warewolf\Dev\Dev2.Studio.Core\bin\Debug\net8.0\Dev2.Studio.Core.dll [C:\Users\ultra\warewolf\Dev\Dev2.Activities.Designers\Dev2.Activities.Designers.csproj]
C:\Program Files\dotnet\sdk\10.0.201\Microsoft.Common.CurrentVersion.targets(2451,5): warning MSB3277:             C:\Users\ultra\warewolf\Dev\Dev2.Intellisense\bin\Debug\net8.0\Dev2.Intellisense.dll [C:\Users\ultra\warewolf\Dev\Dev2.Activities.Designers\Dev2.Activities.Designers.csproj]
C:\Program Files\dotnet\sdk\10.0.201\Microsoft.Common.CurrentVersion.targets(2451,5): warning MSB3277:             C:\Users\ultra\warewolf\Dev\Dev2.Studio.Interfaces\bin\Debug\net8.0\Dev2.Studio.Interfaces.dll [C:\Users\ultra\warewolf\Dev\Dev2.Activities.Designers\Dev2.Activities.Designers.csproj]
C:\Program Files\dotnet\sdk\10.0.201\Microsoft.Common.CurrentVersion.targets(2451,5): warning MSB3277:             C:\Users\ultra\warewolf\Dev\Warewolf.Studio.Core\bin\Debug\net8.0\Warewolf.Studio.Core.dll [C:\Users\ultra\warewolf\Dev\Dev2.Activities.Designers\Dev2.Activities.Designers.csproj]
C:\Program Files\dotnet\sdk\10.0.201\Microsoft.Common.CurrentVersion.targets(2451,5): warning MSB3277:             C:\Users\ultra\warewolf\Dev\Warewolf.Studio.CustomControls\bin\Debug\net8.0\Warewolf.Studio.CustomControls.dll [C:\Users\ultra\warewolf\Dev\Dev2.Activities.Designers\Dev2.Activities.Designers.csproj]
C:\Program Files\dotnet\sdk\10.0.201\Microsoft.Common.CurrentVersion.targets(2451,5): warning MSB3277:             C:\Users\ultra\warewolf\Dev\Warewolf.Studio.Models\bin\Debug\net8.0\Warewolf.Studio.Models.dll [C:\Users\ultra\warewolf\Dev\Dev2.Activities.Designers\Dev2.Activities.Designers.csproj]
C:\Program Files\dotnet\sdk\10.0.201\Microsoft.Common.CurrentVersion.targets(2451,5): warning MSB3277:             C:\Users\ultra\warewolf\Dev\Dev2.Services.Execution\bin\Debug\net8.0\Dev2.Services.Execution.dll [C:\Users\ultra\warewolf\Dev\Dev2.Activities.Designers\Dev2.Activities.Designers.csproj]
C:\Program Files\dotnet\sdk\10.0.201\Microsoft.Common.CurrentVersion.targets(2451,5): warning MSB3277:             C:\Users\ultra\warewolf\Dev\Dev2.Services.Sql\bin\Debug\net8.0\Dev2.Services.Sql.dll [C:\Users\ultra\warewolf\Dev\Dev2.Activities.Designers\Dev2.Activities.Designers.csproj]
C:\Program Files\dotnet\sdk\10.0.201\Microsoft.Common.CurrentVersion.targets(2451,5): warning MSB3277:             C:\Users\ultra\warewolf\Dev\Warewolf.Driver.Persistence\bin\Debug\net8.0\Warewolf.Driver.Persistence.dll [C:\Users\ultra\warewolf\Dev\Dev2.Activities.Designers\Dev2.Activities.Designers.csproj]
C:\Program Files\dotnet\sdk\10.0.201\Microsoft.Common.CurrentVersion.targets(2451,5): warning MSB3277:         C:\Users\ultra\.nuget\packages\system.directoryservices\6.0.0\lib\net6.0\System.DirectoryServices.dll [C:\Users\ultra\warewolf\Dev\Dev2.Activities.Designers\Dev2.Activities.Designers.csproj]
C:\Program Files\dotnet\sdk\10.0.201\Microsoft.Common.CurrentVersion.targets(2451,5): warning MSB3277:           Project file item includes which caused reference "C:\Users\ultra\.nuget\packages\system.directoryservices\6.0.0\lib\net6.0\System.DirectoryServices.dll". [C:\Users\ultra\warewolf\Dev\Dev2.Activities.Designers\Dev2.Activities.Designers.csproj]
C:\Program Files\dotnet\sdk\10.0.201\Microsoft.Common.CurrentVersion.targets(2451,5): warning MSB3277:             C:\Users\ultra\.nuget\packages\system.directoryservices\6.0.0\lib\net6.0\System.DirectoryServices.dll [C:\Users\ultra\warewolf\Dev\Dev2.Activities.Designers\Dev2.Activities.Designers.csproj]
C:\Program Files\dotnet\sdk\10.0.201\Microsoft.Common.CurrentVersion.targets(2451,5): warning MSB3277:             C:\Users\ultra\.nuget\packages\corewcf.primitives\1.2.1\lib\netstandard2.0\CoreWCF.Primitives.dll [C:\Users\ultra\warewolf\Dev\Dev2.Activities.Designers\Dev2.Activities.Designers.csproj]
C:\Program Files\dotnet\sdk\10.0.201\Microsoft.Common.CurrentVersion.targets(2451,5): warning MSB3277:             C:\Users\ultra\warewolf\Dev\Dev2.Runtime.Services\bin\Debug\net8.0\Dev2.Runtime.Services.dll [C:\Users\ultra\warewolf\Dev\Dev2.Activities.Designers\Dev2.Activities.Designers.csproj]
C:\Program Files\dotnet\sdk\10.0.201\Microsoft.Common.CurrentVersion.targets(2451,5): warning MSB3277:             C:\Users\ultra\warewolf\Dev\Dev2.Activities\bin\Debug\net8.0\Dev2.Activities.dll [C:\Users\ultra\warewolf\Dev\Dev2.Activities.Designers\Dev2.Activities.Designers.csproj]
C:\Program Files\dotnet\sdk\10.0.201\Microsoft.Common.CurrentVersion.targets(2451,5): warning MSB3277:             C:\Users\ultra\warewolf\Dev\Dev2.Studio.Core\bin\Debug\net8.0\Dev2.Studio.Core.dll [C:\Users\ultra\warewolf\Dev\Dev2.Activities.Designers\Dev2.Activities.Designers.csproj]
C:\Program Files\dotnet\sdk\10.0.201\Microsoft.Common.CurrentVersion.targets(2451,5): warning MSB3277:             C:\Users\ultra\warewolf\Dev\Dev2.Intellisense\bin\Debug\net8.0\Dev2.Intellisense.dll [C:\Users\ultra\warewolf\Dev\Dev2.Activities.Designers\Dev2.Activities.Designers.csproj]
C:\Program Files\dotnet\sdk\10.0.201\Microsoft.Common.CurrentVersion.targets(2451,5): warning MSB3277:             C:\Users\ultra\warewolf\Dev\Dev2.Studio.Interfaces\bin\Debug\net8.0\Dev2.Studio.Interfaces.dll [C:\Users\ultra\warewolf\Dev\Dev2.Activities.Designers\Dev2.Activities.Designers.csproj]
C:\Program Files\dotnet\sdk\10.0.201\Microsoft.Common.CurrentVersion.targets(2451,5): warning MSB3277:             C:\Users\ultra\warewolf\Dev\Warewolf.Studio.Core\bin\Debug\net8.0\Warewolf.Studio.Core.dll [C:\Users\ultra\warewolf\Dev\Dev2.Activities.Designers\Dev2.Activities.Designers.csproj]
C:\Program Files\dotnet\sdk\10.0.201\Microsoft.Common.CurrentVersion.targets(2451,5): warning MSB3277:             C:\Users\ultra\warewolf\Dev\Warewolf.Studio.CustomControls\bin\Debug\net8.0\Warewolf.Studio.CustomControls.dll [C:\Users\ultra\warewolf\Dev\Dev2.Activities.Designers\Dev2.Activities.Designers.csproj]
C:\Program Files\dotnet\sdk\10.0.201\Microsoft.Common.CurrentVersion.targets(2451,5): warning MSB3277:             C:\Users\ultra\warewolf\Dev\Warewolf.Studio.Models\bin\Debug\net8.0\Warewolf.Studio.Models.dll [C:\Users\ultra\warewolf\Dev\Dev2.Activities.Designers\Dev2.Activities.Designers.csproj]
C:\Program Files\dotnet\sdk\10.0.201\Microsoft.Common.CurrentVersion.targets(2451,5): warning MSB3277:             C:\Users\ultra\warewolf\Dev\Dev2.Services.Execution\bin\Debug\net8.0\Dev2.Services.Execution.dll [C:\Users\ultra\warewolf\Dev\Dev2.Activities.Designers\Dev2.Activities.Designers.csproj]
C:\Program Files\dotnet\sdk\10.0.201\Microsoft.Common.CurrentVersion.targets(2451,5): warning MSB3277:             C:\Users\ultra\warewolf\Dev\Warewolf.Driver.Persistence\bin\Debug\net8.0\Warewolf.Driver.Persistence.dll [C:\Users\ultra\warewolf\Dev\Dev2.Activities.Designers\Dev2.Activities.Designers.csproj]
C:\Program Files\dotnet\sdk\10.0.201\Microsoft.Common.CurrentVersion.targets(2451,5): warning MSB3277:             C:\Users\ultra\.nuget\packages\corewcf.http\1.2.1\lib\netstandard2.0\CoreWCF.Http.dll [C:\Users\ultra\warewolf\Dev\Dev2.Activities.Designers\Dev2.Activities.Designers.csproj]
C:\Program Files\dotnet\sdk\10.0.201\Microsoft.Common.CurrentVersion.targets(2451,5): warning MSB3277:             C:\Users\ultra\.nuget\packages\corewcf.nettcp\1.2.1\lib\netstandard2.0\CoreWCF.NetTcp.dll [C:\Users\ultra\warewolf\Dev\Dev2.Activities.Designers\Dev2.Activities.Designers.csproj]
C:\Program Files\dotnet\sdk\10.0.201\Microsoft.Common.CurrentVersion.targets(2451,5): warning MSB3277:             C:\Users\ultra\.nuget\packages\corewcf.webhttp\1.2.1\lib\netstandard2.0\CoreWCF.WebHttp.dll [C:\Users\ultra\warewolf\Dev\Dev2.Activities.Designers\Dev2.Activities.Designers.csproj]
C:\Program Files\dotnet\sdk\10.0.201\Microsoft.Common.CurrentVersion.targets(2451,5): warning MSB3277:         C:\Program Files\dotnet\packs\Microsoft.NETCore.App.Ref\8.0.25\ref\net8.0\System.Configuration.dll [C:\Users\ultra\warewolf\Dev\Dev2.Activities.Designers\Dev2.Activities.Designers.csproj]
C:\Program Files\dotnet\sdk\10.0.201\Microsoft.Common.CurrentVersion.targets(2451,5): warning MSB3277:           Project file item includes which caused reference "C:\Program Files\dotnet\packs\Microsoft.NETCore.App.Ref\8.0.25\ref\net8.0\System.Configuration.dll". [C:\Users\ultra\warewolf\Dev\Dev2.Activities.Designers\Dev2.Activities.Designers.csproj]
C:\Program Files\dotnet\sdk\10.0.201\Microsoft.Common.CurrentVersion.targets(2451,5): warning MSB3277:             C:\Program Files\dotnet\packs\Microsoft.NETCore.App.Ref\8.0.25\ref/net8.0/System.Configuration.dll [C:\Users\ultra\warewolf\Dev\Dev2.Activities.Designers\Dev2.Activities.Designers.csproj]
C:\Program Files\dotnet\sdk\10.0.201\Microsoft.Common.CurrentVersion.targets(2451,5): warning MSB3277:             C:\Users\ultra\.nuget\packages\prism.wpf\9.0.537\lib\net462\Prism.Wpf.dll [C:\Users\ultra\warewolf\Dev\Dev2.Activities.Designers\Dev2.Activities.Designers.csproj]
C:\Program Files\dotnet\sdk\10.0.201\Microsoft.Common.CurrentVersion.targets(2451,5): warning MSB3277:         C:\Program Files\dotnet\packs\Microsoft.NETCore.App.Ref\8.0.25\ref\net8.0\System.Data.dll [C:\Users\ultra\warewolf\Dev\Dev2.Activities.Designers\Dev2.Activities.Designers.csproj]
C:\Program Files\dotnet\sdk\10.0.201\Microsoft.Common.CurrentVersion.targets(2451,5): warning MSB3277:           Project file item includes which caused reference "C:\Program Files\dotnet\packs\Microsoft.NETCore.App.Ref\8.0.25\ref\net8.0\System.Data.dll". [C:\Users\ultra\warewolf\Dev\Dev2.Activities.Designers\Dev2.Activities.Designers.csproj]
C:\Program Files\dotnet\sdk\10.0.201\Microsoft.Common.CurrentVersion.targets(2451,5): warning MSB3277:             C:\Program Files\dotnet\packs\Microsoft.NETCore.App.Ref\8.0.25\ref/net8.0/System.Data.dll [C:\Users\ultra\warewolf\Dev\Dev2.Activities.Designers\Dev2.Activities.Designers.csproj]
C:\Program Files\dotnet\sdk\10.0.201\Microsoft.Common.CurrentVersion.targets(2451,5): warning MSB3277:             C:\Users\ultra\.nuget\packages\taskschedulereditor\2.10.1\lib\net452\Microsoft.Win32.TaskSchedulerEditor.dll [C:\Users\ultra\warewolf\Dev\Dev2.Activities.Designers\Dev2.Activities.Designers.csproj]
C:\Program Files\dotnet\sdk\10.0.201\Microsoft.Common.CurrentVersion.targets(2451,5): warning MSB3277:         C:\Program Files\dotnet\packs\Microsoft.NETCore.App.Ref\8.0.25\ref\net8.0\System.Drawing.dll [C:\Users\ultra\warewolf\Dev\Dev2.Activities.Designers\Dev2.Activities.Designers.csproj]
C:\Program Files\dotnet\sdk\10.0.201\Microsoft.Common.CurrentVersion.targets(2451,5): warning MSB3277:           Project file item includes which caused reference "C:\Program Files\dotnet\packs\Microsoft.NETCore.App.Ref\8.0.25\ref\net8.0\System.Drawing.dll". [C:\Users\ultra\warewolf\Dev\Dev2.Activities.Designers\Dev2.Activities.Designers.csproj]
C:\Program Files\dotnet\sdk\10.0.201\Microsoft.Common.CurrentVersion.targets(2451,5): warning MSB3277:             C:\Program Files\dotnet\packs\Microsoft.NETCore.App.Ref\8.0.25\ref/net8.0/System.Drawing.dll [C:\Users\ultra\warewolf\Dev\Dev2.Activities.Designers\Dev2.Activities.Designers.csproj]
C:\Program Files\dotnet\sdk\10.0.201\Microsoft.Common.CurrentVersion.targets(2451,5): warning MSB3277:             C:\Users\ultra\.nuget\packages\aerowizard\2.3.1\lib\net45\AeroWizard.dll [C:\Users\ultra\warewolf\Dev\Dev2.Activities.Designers\Dev2.Activities.Designers.csproj]
C:\Program Files\dotnet\sdk\10.0.201\Microsoft.Common.CurrentVersion.targets(2451,5): warning MSB3277:             C:\Users\ultra\.nuget\packages\groupcontrols\1.9.0\lib\net45\GroupControls.dll [C:\Users\ultra\warewolf\Dev\Dev2.Activities.Designers\Dev2.Activities.Designers.csproj]
C:\Program Files\dotnet\sdk\10.0.201\Microsoft.Common.CurrentVersion.targets(2451,5): warning MSB3277:             C:\Users\ultra\.nuget\packages\taskschedulereditor\2.10.1\lib\net452\Microsoft.Win32.TaskSchedulerEditor.dll [C:\Users\ultra\warewolf\Dev\Dev2.Activities.Designers\Dev2.Activities.Designers.csproj]
C:\Program Files\dotnet\sdk\10.0.201\Microsoft.Common.CurrentVersion.targets(2451,5): warning MSB3277:         C:\Program Files\dotnet\packs\Microsoft.NETCore.App.Ref\8.0.25\ref\net8.0\System.Net.dll [C:\Users\ultra\warewolf\Dev\Dev2.Activities.Designers\Dev2.Activities.Designers.csproj]
C:\Program Files\dotnet\sdk\10.0.201\Microsoft.Common.CurrentVersion.targets(2451,5): warning MSB3277:           Project file item includes which caused reference "C:\Program Files\dotnet\packs\Microsoft.NETCore.App.Ref\8.0.25\ref\net8.0\System.Net.dll". [C:\Users\ultra\warewolf\Dev\Dev2.Activities.Designers\Dev2.Activities.Designers.csproj]
C:\Program Files\dotnet\sdk\10.0.201\Microsoft.Common.CurrentVersion.targets(2451,5): warning MSB3277:             C:\Program Files\dotnet\packs\Microsoft.NETCore.App.Ref\8.0.25\ref/net8.0/System.Net.dll [C:\Users\ultra\warewolf\Dev\Dev2.Activities.Designers\Dev2.Activities.Designers.csproj]
C:\Program Files\dotnet\sdk\10.0.201\Microsoft.Common.CurrentVersion.targets(2451,5): warning MSB3277:         C:\Program Files\dotnet\packs\Microsoft.NETCore.App.Ref\8.0.25\ref\net8.0\System.Security.dll [C:\Users\ultra\warewolf\Dev\Dev2.Activities.Designers\Dev2.Activities.Designers.csproj]
C:\Program Files\dotnet\sdk\10.0.201\Microsoft.Common.CurrentVersion.targets(2451,5): warning MSB3277:           Project file item includes which caused reference "C:\Program Files\dotnet\packs\Microsoft.NETCore.App.Ref\8.0.25\ref\net8.0\System.Security.dll". [C:\Users\ultra\warewolf\Dev\Dev2.Activities.Designers\Dev2.Activities.Designers.csproj]
C:\Program Files\dotnet\sdk\10.0.201\Microsoft.Common.CurrentVersion.targets(2451,5): warning MSB3277:             C:\Program Files\dotnet\packs\Microsoft.NETCore.App.Ref\8.0.25\ref/net8.0/System.Security.dll [C:\Users\ultra\warewolf\Dev\Dev2.Activities.Designers\Dev2.Activities.Designers.csproj]
C:\Program Files\dotnet\sdk\10.0.201\Microsoft.Common.CurrentVersion.targets(2451,5): warning MSB3277:         C:\Program Files\dotnet\packs\Microsoft.NETCore.App.Ref\8.0.25\ref\net8.0\System.ServiceProcess.dll [C:\Users\ultra\warewolf\Dev\Dev2.Activities.Designers\Dev2.Activities.Designers.csproj]
C:\Program Files\dotnet\sdk\10.0.201\Microsoft.Common.CurrentVersion.targets(2451,5): warning MSB3277:           Project file item includes which caused reference "C:\Program Files\dotnet\packs\Microsoft.NETCore.App.Ref\8.0.25\ref\net8.0\System.ServiceProcess.dll". [C:\Users\ultra\warewolf\Dev\Dev2.Activities.Designers\Dev2.Activities.Designers.csproj]
C:\Program Files\dotnet\sdk\10.0.201\Microsoft.Common.CurrentVersion.targets(2451,5): warning MSB3277:             C:\Program Files\dotnet\packs\Microsoft.NETCore.App.Ref\8.0.25\ref/net8.0/System.ServiceProcess.dll [C:\Users\ultra\warewolf\Dev\Dev2.Activities.Designers\Dev2.Activities.Designers.csproj]
C:\Program Files\dotnet\sdk\10.0.201\Microsoft.Common.CurrentVersion.targets(2451,5): warning MSB3277:         C:\Program Files\dotnet\packs\Microsoft.NETCore.App.Ref\8.0.25\ref\net8.0\System.Transactions.dll [C:\Users\ultra\warewolf\Dev\Dev2.Activities.Designers\Dev2.Activities.Designers.csproj]
C:\Program Files\dotnet\sdk\10.0.201\Microsoft.Common.CurrentVersion.targets(2451,5): warning MSB3277:           Project file item includes which caused reference "C:\Program Files\dotnet\packs\Microsoft.NETCore.App.Ref\8.0.25\ref\net8.0\System.Transactions.dll". [C:\Users\ultra\warewolf\Dev\Dev2.Activities.Designers\Dev2.Activities.Designers.csproj]
C:\Program Files\dotnet\sdk\10.0.201\Microsoft.Common.CurrentVersion.targets(2451,5): warning MSB3277:             C:\Program Files\dotnet\packs\Microsoft.NETCore.App.Ref\8.0.25\ref/net8.0/System.Transactions.dll [C:\Users\ultra\warewolf\Dev\Dev2.Activities.Designers\Dev2.Activities.Designers.csproj]
C:\Program Files\dotnet\sdk\10.0.201\Microsoft.Common.CurrentVersion.targets(2451,5): warning MSB3277:         C:\Program Files\dotnet\packs\Microsoft.NETCore.App.Ref\8.0.25\ref\net8.0\System.dll [C:\Users\ultra\warewolf\Dev\Dev2.Activities.Designers\Dev2.Activities.Designers.csproj]
C:\Program Files\dotnet\sdk\10.0.201\Microsoft.Common.CurrentVersion.targets(2451,5): warning MSB3277:           Project file item includes which caused reference "C:\Program Files\dotnet\packs\Microsoft.NETCore.App.Ref\8.0.25\ref\net8.0\System.dll". [C:\Users\ultra\warewolf\Dev\Dev2.Activities.Designers\Dev2.Activities.Designers.csproj]
C:\Program Files\dotnet\sdk\10.0.201\Microsoft.Common.CurrentVersion.targets(2451,5): warning MSB3277:             C:\Program Files\dotnet\packs\Microsoft.NETCore.App.Ref\8.0.25\ref/net8.0/System.dll [C:\Users\ultra\warewolf\Dev\Dev2.Activities.Designers\Dev2.Activities.Designers.csproj]
C:\Program Files\dotnet\sdk\10.0.201\Microsoft.Common.CurrentVersion.targets(2451,5): warning MSB3277:             C:\Users\ultra\.nuget\packages\aerowizard\2.3.1\lib\net45\AeroWizard.dll [C:\Users\ultra\warewolf\Dev\Dev2.Activities.Designers\Dev2.Activities.Designers.csproj]
C:\Program Files\dotnet\sdk\10.0.201\Microsoft.Common.CurrentVersion.targets(2451,5): warning MSB3277:             C:\Users\ultra\.nuget\packages\groupcontrols\1.9.0\lib\net45\GroupControls.dll [C:\Users\ultra\warewolf\Dev\Dev2.Activities.Designers\Dev2.Activities.Designers.csproj]
C:\Program Files\dotnet\sdk\10.0.201\Microsoft.Common.CurrentVersion.targets(2451,5): warning MSB3277:             C:\Users\ultra\.nuget\packages\microsoft.xaml.behaviors.wpf\1.1.122\lib\net462\Microsoft.Xaml.Behaviors.dll [C:\Users\ultra\warewolf\Dev\Dev2.Activities.Designers\Dev2.Activities.Designers.csproj]
C:\Program Files\dotnet\sdk\10.0.201\Microsoft.Common.CurrentVersion.targets(2451,5): warning MSB3277:             C:\Users\ultra\.nuget\packages\caliburn.micro\4.0.212\lib\netcoreapp3.1\Caliburn.Micro.Platform.dll [C:\Users\ultra\warewolf\Dev\Dev2.Activities.Designers\Dev2.Activities.Designers.csproj]
C:\Program Files\dotnet\sdk\10.0.201\Microsoft.Common.CurrentVersion.targets(2451,5): warning MSB3277:             C:\Users\ultra\.nuget\packages\prism.wpf\9.0.537\lib\net462\Prism.Wpf.dll [C:\Users\ultra\warewolf\Dev\Dev2.Activities.Designers\Dev2.Activities.Designers.csproj]
C:\Program Files\dotnet\sdk\10.0.201\Microsoft.Common.CurrentVersion.targets(2451,5): warning MSB3277:             C:\Users\ultra\.nuget\packages\reactiveui.wpf\18.4.1\lib\net462\ReactiveUI.Wpf.dll [C:\Users\ultra\warewolf\Dev\Dev2.Activities.Designers\Dev2.Activities.Designers.csproj]
C:\Program Files\dotnet\sdk\10.0.201\Microsoft.Common.CurrentVersion.targets(2451,5): warning MSB3277:             C:\Users\ultra\.nuget\packages\taskschedulereditor\2.10.1\lib\net452\Microsoft.Win32.TaskSchedulerEditor.dll [C:\Users\ultra\warewolf\Dev\Dev2.Activities.Designers\Dev2.Activities.Designers.csproj]
C:\Program Files\dotnet\sdk\10.0.201\Microsoft.Common.CurrentVersion.targets(2451,5): warning MSB3277:             C:\Users\ultra\.nuget\packages\ttcue.netcore.sharepointonline.csom.16.1.8029.1200\16.1.8029.1200\lib\netcoreapp2.0\Microsoft.SharePoint.Client.Runtime.Windows.dll [C:\Users\ultra\warewolf\Dev\Dev2.Activities.Designers\Dev2.Activities.Designers.csproj]
C:\Program Files\dotnet\sdk\10.0.201\Microsoft.Common.CurrentVersion.targets(2451,5): warning MSB3277:         C:\Program Files\dotnet\packs\Microsoft.NETCore.App.Ref\8.0.25\ref\net8.0\WindowsBase.dll [C:\Users\ultra\warewolf\Dev\Dev2.Activities.Designers\Dev2.Activities.Designers.csproj]
C:\Program Files\dotnet\sdk\10.0.201\Microsoft.Common.CurrentVersion.targets(2451,5): warning MSB3277:           Project file item includes which caused reference "C:\Program Files\dotnet\packs\Microsoft.NETCore.App.Ref\8.0.25\ref\net8.0\WindowsBase.dll". [C:\Users\ultra\warewolf\Dev\Dev2.Activities.Designers\Dev2.Activities.Designers.csproj]
C:\Program Files\dotnet\sdk\10.0.201\Microsoft.Common.CurrentVersion.targets(2451,5): warning MSB3277:             C:\Program Files\dotnet\packs\Microsoft.NETCore.App.Ref\8.0.25\ref/net8.0/WindowsBase.dll [C:\Users\ultra\warewolf\Dev\Dev2.Activities.Designers\Dev2.Activities.Designers.csproj]
C:\Program Files\dotnet\sdk\10.0.201\Microsoft.Common.CurrentVersion.targets(2451,5): warning MSB3277:         C:\Program Files\dotnet\packs\Microsoft.NETCore.App.Ref\8.0.25\ref\net8.0\mscorlib.dll [C:\Users\ultra\warewolf\Dev\Dev2.Activities.Designers\Dev2.Activities.Designers.csproj]
C:\Program Files\dotnet\sdk\10.0.201\Microsoft.Common.CurrentVersion.targets(2451,5): warning MSB3277:           Project file item includes which caused reference "C:\Program Files\dotnet\packs\Microsoft.NETCore.App.Ref\8.0.25\ref\net8.0\mscorlib.dll". [C:\Users\ultra\warewolf\Dev\Dev2.Activities.Designers\Dev2.Activities.Designers.csproj]
C:\Program Files\dotnet\sdk\10.0.201\Microsoft.Common.CurrentVersion.targets(2451,5): warning MSB3277:             C:\Program Files\dotnet\packs\Microsoft.NETCore.App.Ref\8.0.25\ref/net8.0/mscorlib.dll [C:\Users\ultra\warewolf\Dev\Dev2.Activities.Designers\Dev2.Activities.Designers.csproj]
C:\Program Files\dotnet\sdk\10.0.201\Microsoft.Common.CurrentVersion.targets(2451,5): warning MSB3277:             C:\Users\ultra\.nuget\packages\aerowizard\2.3.1\lib\net45\AeroWizard.dll [C:\Users\ultra\warewolf\Dev\Dev2.Activities.Designers\Dev2.Activities.Designers.csproj]
C:\Program Files\dotnet\sdk\10.0.201\Microsoft.Common.CurrentVersion.targets(2451,5): warning MSB3277:             C:\Users\ultra\.nuget\packages\groupcontrols\1.9.0\lib\net45\GroupControls.dll [C:\Users\ultra\warewolf\Dev\Dev2.Activities.Designers\Dev2.Activities.Designers.csproj]
C:\Program Files\dotnet\sdk\10.0.201\Microsoft.Common.CurrentVersion.targets(2451,5): warning MSB3277:             C:\Users\ultra\.nuget\packages\hangfire.core\1.7.32\lib\netstandard2.0\Hangfire.Core.dll [C:\Users\ultra\warewolf\Dev\Dev2.Activities.Designers\Dev2.Activities.Designers.csproj]
C:\Program Files\dotnet\sdk\10.0.201\Microsoft.Common.CurrentVersion.targets(2451,5): warning MSB3277:             C:\Users\ultra\warewolf\Dev\Dev2.Activities\bin\Debug\net8.0\Dev2.Activities.dll [C:\Users\ultra\warewolf\Dev\Dev2.Activities.Designers\Dev2.Activities.Designers.csproj]
C:\Program Files\dotnet\sdk\10.0.201\Microsoft.Common.CurrentVersion.targets(2451,5): warning MSB3277:             C:\Users\ultra\warewolf\Dev\Dev2.Studio.Core\bin\Debug\net8.0\Dev2.Studio.Core.dll [C:\Users\ultra\warewolf\Dev\Dev2.Activities.Designers\Dev2.Activities.Designers.csproj]
C:\Program Files\dotnet\sdk\10.0.201\Microsoft.Common.CurrentVersion.targets(2451,5): warning MSB3277:             C:\Users\ultra\warewolf\Dev\Dev2.Intellisense\bin\Debug\net8.0\Dev2.Intellisense.dll [C:\Users\ultra\warewolf\Dev\Dev2.Activities.Designers\Dev2.Activities.Designers.csproj]
C:\Program Files\dotnet\sdk\10.0.201\Microsoft.Common.CurrentVersion.targets(2451,5): warning MSB3277:             C:\Users\ultra\warewolf\Dev\Warewolf.Driver.Persistence\bin\Debug\net8.0\Warewolf.Driver.Persistence.dll [C:\Users\ultra\warewolf\Dev\Dev2.Activities.Designers\Dev2.Activities.Designers.csproj]
C:\Program Files\dotnet\sdk\10.0.201\Microsoft.Common.CurrentVersion.targets(2451,5): warning MSB3277:             C:\Users\ultra\.nuget\packages\hangfire.sqlserver\1.7.32\lib\netstandard2.0\Hangfire.SqlServer.dll [C:\Users\ultra\warewolf\Dev\Dev2.Activities.Designers\Dev2.Activities.Designers.csproj]
C:\Program Files\dotnet\sdk\10.0.201\Microsoft.Common.CurrentVersion.targets(2451,5): warning MSB3277:             C:\Users\ultra\.nuget\packages\microsoft.xaml.behaviors.wpf\1.1.122\lib\net462\Microsoft.Xaml.Behaviors.dll [C:\Users\ultra\warewolf\Dev\Dev2.Activities.Designers\Dev2.Activities.Designers.csproj]
C:\Program Files\dotnet\sdk\10.0.201\Microsoft.Common.CurrentVersion.targets(2451,5): warning MSB3277:             C:\Users\ultra\.nuget\packages\caliburn.micro\4.0.212\lib\netcoreapp3.1\Caliburn.Micro.Platform.dll [C:\Users\ultra\warewolf\Dev\Dev2.Activities.Designers\Dev2.Activities.Designers.csproj]
C:\Program Files\dotnet\sdk\10.0.201\Microsoft.Common.CurrentVersion.targets(2451,5): warning MSB3277:             C:\Users\ultra\.nuget\packages\oracle.manageddataaccess.core\3.21.70\lib\netstandard2.1\Oracle.ManagedDataAccess.dll [C:\Users\ultra\warewolf\Dev\Dev2.Activities.Designers\Dev2.Activities.Designers.csproj]
C:\Program Files\dotnet\sdk\10.0.201\Microsoft.Common.CurrentVersion.targets(2451,5): warning MSB3277:             C:\Users\ultra\warewolf\Dev\Dev2.Runtime.Services\bin\Debug\net8.0\Dev2.Runtime.Services.dll [C:\Users\ultra\warewolf\Dev\Dev2.Activities.Designers\Dev2.Activities.Designers.csproj]
C:\Program Files\dotnet\sdk\10.0.201\Microsoft.Common.CurrentVersion.targets(2451,5): warning MSB3277:             C:\Users\ultra\warewolf\Dev\Dev2.Studio.Interfaces\bin\Debug\net8.0\Dev2.Studio.Interfaces.dll [C:\Users\ultra\warewolf\Dev\Dev2.Activities.Designers\Dev2.Activities.Designers.csproj]
C:\Program Files\dotnet\sdk\10.0.201\Microsoft.Common.CurrentVersion.targets(2451,5): warning MSB3277:             C:\Users\ultra\warewolf\Dev\Warewolf.Studio.Core\bin\Debug\net8.0\Warewolf.Studio.Core.dll [C:\Users\ultra\warewolf\Dev\Dev2.Activities.Designers\Dev2.Activities.Designers.csproj]
C:\Program Files\dotnet\sdk\10.0.201\Microsoft.Common.CurrentVersion.targets(2451,5): warning MSB3277:             C:\Users\ultra\warewolf\Dev\Warewolf.Studio.CustomControls\bin\Debug\net8.0\Warewolf.Studio.CustomControls.dll [C:\Users\ultra\warewolf\Dev\Dev2.Activities.Designers\Dev2.Activities.Designers.csproj]
C:\Program Files\dotnet\sdk\10.0.201\Microsoft.Common.CurrentVersion.targets(2451,5): warning MSB3277:             C:\Users\ultra\warewolf\Dev\Warewolf.Studio.Models\bin\Debug\net8.0\Warewolf.Studio.Models.dll [C:\Users\ultra\warewolf\Dev\Dev2.Activities.Designers\Dev2.Activities.Designers.csproj]
C:\Program Files\dotnet\sdk\10.0.201\Microsoft.Common.CurrentVersion.targets(2451,5): warning MSB3277:             C:\Users\ultra\warewolf\Dev\Dev2.Services.Execution\bin\Debug\net8.0\Dev2.Services.Execution.dll [C:\Users\ultra\warewolf\Dev\Dev2.Activities.Designers\Dev2.Activities.Designers.csproj]
C:\Program Files\dotnet\sdk\10.0.201\Microsoft.Common.CurrentVersion.targets(2451,5): warning MSB3277:             C:\Users\ultra\warewolf\Dev\Dev2.Services.Sql\bin\Debug\net8.0\Dev2.Services.Sql.dll [C:\Users\ultra\warewolf\Dev\Dev2.Activities.Designers\Dev2.Activities.Designers.csproj]
C:\Program Files\dotnet\sdk\10.0.201\Microsoft.Common.CurrentVersion.targets(2451,5): warning MSB3277:             C:\Users\ultra\.nuget\packages\prism.wpf\9.0.537\lib\net462\Prism.Wpf.dll [C:\Users\ultra\warewolf\Dev\Dev2.Activities.Designers\Dev2.Activities.Designers.csproj]
C:\Program Files\dotnet\sdk\10.0.201\Microsoft.Common.CurrentVersion.targets(2451,5): warning MSB3277:             C:\Users\ultra\.nuget\packages\reactiveui.wpf\18.4.1\lib\net462\ReactiveUI.Wpf.dll [C:\Users\ultra\warewolf\Dev\Dev2.Activities.Designers\Dev2.Activities.Designers.csproj]
C:\Program Files\dotnet\sdk\10.0.201\Microsoft.Common.CurrentVersion.targets(2451,5): warning MSB3277:             C:\Users\ultra\.nuget\packages\taskschedulereditor\2.10.1\lib\net452\Microsoft.Win32.TaskSchedulerEditor.dll [C:\Users\ultra\warewolf\Dev\Dev2.Activities.Designers\Dev2.Activities.Designers.csproj]
C:\Program Files\dotnet\sdk\10.0.201\Microsoft.Common.CurrentVersion.targets(2451,5): warning MSB3277:             C:\Users\ultra\.nuget\packages\ttcue.netcore.sharepointonline.csom.16.1.8029.1200\16.1.8029.1200\lib\netcoreapp2.0\Microsoft.SharePoint.Client.Runtime.Windows.dll [C:\Users\ultra\warewolf\Dev\Dev2.Activities.Designers\Dev2.Activities.Designers.csproj]
C:\Program Files\dotnet\sdk\10.0.201\Microsoft.Common.CurrentVersion.targets(2451,5): warning MSB3277:         C:\Users\ultra\warewolf\Dev\Dev2.Development.Languages\bin\Debug\net8.0\IronRuby.dll [C:\Users\ultra\warewolf\Dev\Dev2.Activities.Designers\Dev2.Activities.Designers.csproj]
C:\Program Files\dotnet\sdk\10.0.201\Microsoft.Common.CurrentVersion.targets(2451,5): warning MSB3277:           Project file item includes which caused reference "C:\Users\ultra\warewolf\Dev\Dev2.Development.Languages\bin\Debug\net8.0\IronRuby.dll". [C:\Users\ultra\warewolf\Dev\Dev2.Activities.Designers\Dev2.Activities.Designers.csproj]
C:\Program Files\dotnet\sdk\10.0.201\Microsoft.Common.CurrentVersion.targets(2451,5): warning MSB3277:             C:\Users\ultra\warewolf\Dev\Dev2.Development.Languages\bin\Debug\net8.0\Dev2.Development.Languages.dll [C:\Users\ultra\warewolf\Dev\Dev2.Activities.Designers\Dev2.Activities.Designers.csproj]
C:\Program Files\dotnet\sdk\10.0.201\Microsoft.Common.CurrentVersion.targets(2451,5): warning MSB3277:             C:\Users\ultra\warewolf\Dev\Dev2.Activities\bin\Debug\net8.0\Dev2.Activities.dll [C:\Users\ultra\warewolf\Dev\Dev2.Activities.Designers\Dev2.Activities.Designers.csproj]
C:\Program Files\dotnet\sdk\10.0.201\Microsoft.Common.CurrentVersion.targets(2451,5): warning MSB3277:             C:\Users\ultra\warewolf\Dev\Dev2.Studio.Core\bin\Debug\net8.0\Dev2.Studio.Core.dll [C:\Users\ultra\warewolf\Dev\Dev2.Activities.Designers\Dev2.Activities.Designers.csproj]
C:\Program Files\dotnet\sdk\10.0.201\Microsoft.Common.CurrentVersion.targets(2451,5): warning MSB3277:             C:\Users\ultra\warewolf\Dev\Dev2.Intellisense\bin\Debug\net8.0\Dev2.Intellisense.dll [C:\Users\ultra\warewolf\Dev\Dev2.Activities.Designers\Dev2.Activities.Designers.csproj]
C:\Program Files\dotnet\sdk\10.0.201\Microsoft.Common.CurrentVersion.targets(2451,5): warning MSB3277:         C:\Users\ultra\warewolf\Dev\Dev2.Development.Languages\bin\Debug\net8.0\IronRuby.Libraries.dll [C:\Users\ultra\warewolf\Dev\Dev2.Activities.Designers\Dev2.Activities.Designers.csproj]
C:\Program Files\dotnet\sdk\10.0.201\Microsoft.Common.CurrentVersion.targets(2451,5): warning MSB3277:           Project file item includes which caused reference "C:\Users\ultra\warewolf\Dev\Dev2.Development.Languages\bin\Debug\net8.0\IronRuby.Libraries.dll". [C:\Users\ultra\warewolf\Dev\Dev2.Activities.Designers\Dev2.Activities.Designers.csproj]
C:\Program Files\dotnet\sdk\10.0.201\Microsoft.Common.CurrentVersion.targets(2451,5): warning MSB3277:             C:\Users\ultra\warewolf\Dev\Dev2.Development.Languages\bin\Debug\net8.0\Dev2.Development.Languages.dll [C:\Users\ultra\warewolf\Dev\Dev2.Activities.Designers\Dev2.Activities.Designers.csproj]
C:\Program Files\dotnet\sdk\10.0.201\Microsoft.Common.CurrentVersion.targets(2451,5): warning MSB3277:             C:\Users\ultra\warewolf\Dev\Dev2.Activities\bin\Debug\net8.0\Dev2.Activities.dll [C:\Users\ultra\warewolf\Dev\Dev2.Activities.Designers\Dev2.Activities.Designers.csproj]
C:\Program Files\dotnet\sdk\10.0.201\Microsoft.Common.CurrentVersion.targets(2451,5): warning MSB3277:             C:\Users\ultra\warewolf\Dev\Dev2.Studio.Core\bin\Debug\net8.0\Dev2.Studio.Core.dll [C:\Users\ultra\warewolf\Dev\Dev2.Activities.Designers\Dev2.Activities.Designers.csproj]
C:\Program Files\dotnet\sdk\10.0.201\Microsoft.Common.CurrentVersion.targets(2451,5): warning MSB3277:             C:\Users\ultra\warewolf\Dev\Dev2.Intellisense\bin\Debug\net8.0\Dev2.Intellisense.dll [C:\Users\ultra\warewolf\Dev\Dev2.Activities.Designers\Dev2.Activities.Designers.csproj]
C:\Program Files\dotnet\sdk\10.0.201\Microsoft.Common.CurrentVersion.targets(2451,5): warning MSB3277: Found conflicts between different versions of "WindowsBase" that could not be resolved. [C:\Users\ultra\warewolf\Dev\Dev2.Activities.Designers\Dev2.Activities.Designers.csproj]
C:\Program Files\dotnet\sdk\10.0.201\Microsoft.Common.CurrentVersion.targets(2451,5): warning MSB3277: There was a conflict between "WindowsBase, Version=4.0.0.0, Culture=neutral, PublicKeyToken=31bf3856ad364e35" and "WindowsBase, Version=6.0.2.0, Culture=neutral, PublicKeyToken=31bf3856ad364e35". [C:\Users\ultra\warewolf\Dev\Dev2.Activities.Designers\Dev2.Activities.Designers.csproj]
C:\Program Files\dotnet\sdk\10.0.201\Microsoft.Common.CurrentVersion.targets(2451,5): warning MSB3277:     "WindowsBase, Version=4.0.0.0, Culture=neutral, PublicKeyToken=31bf3856ad364e35" was chosen because it was primary and "WindowsBase, Version=6.0.2.0, Culture=neutral, PublicKeyToken=31bf3856ad364e35" was not. [C:\Users\ultra\warewolf\Dev\Dev2.Activities.Designers\Dev2.Activities.Designers.csproj]
C:\Program Files\dotnet\sdk\10.0.201\Microsoft.Common.CurrentVersion.targets(2451,5): warning MSB3277:     References which depend on "WindowsBase, Version=4.0.0.0, Culture=neutral, PublicKeyToken=31bf3856ad364e35" [C:\Program Files\dotnet\packs\Microsoft.NETCore.App.Ref\8.0.25\ref\net8.0\WindowsBase.dll]. [C:\Users\ultra\warewolf\Dev\Dev2.Activities.Designers\Dev2.Activities.Designers.csproj]
C:\Program Files\dotnet\sdk\10.0.201\Microsoft.Common.CurrentVersion.targets(2451,5): warning MSB3277:         C:\Program Files\dotnet\packs\Microsoft.NETCore.App.Ref\8.0.25\ref\net8.0\WindowsBase.dll [C:\Users\ultra\warewolf\Dev\Dev2.Activities.Designers\Dev2.Activities.Designers.csproj]
C:\Program Files\dotnet\sdk\10.0.201\Microsoft.Common.CurrentVersion.targets(2451,5): warning MSB3277:           Project file item includes which caused reference "C:\Program Files\dotnet\packs\Microsoft.NETCore.App.Ref\8.0.25\ref\net8.0\WindowsBase.dll". [C:\Users\ultra\warewolf\Dev\Dev2.Activities.Designers\Dev2.Activities.Designers.csproj]
C:\Program Files\dotnet\sdk\10.0.201\Microsoft.Common.CurrentVersion.targets(2451,5): warning MSB3277:             C:\Program Files\dotnet\packs\Microsoft.NETCore.App.Ref\8.0.25\ref/net8.0/WindowsBase.dll [C:\Users\ultra\warewolf\Dev\Dev2.Activities.Designers\Dev2.Activities.Designers.csproj]
C:\Program Files\dotnet\sdk\10.0.201\Microsoft.Common.CurrentVersion.targets(2451,5): warning MSB3277:     References which depend on or have been unified to "WindowsBase, Version=6.0.2.0, Culture=neutral, PublicKeyToken=31bf3856ad364e35" []. [C:\Users\ultra\warewolf\Dev\Dev2.Activities.Designers\Dev2.Activities.Designers.csproj]
C:\Program Files\dotnet\sdk\10.0.201\Microsoft.Common.CurrentVersion.targets(2451,5): warning MSB3277:         C:\Users\ultra\warewolf\Dev\Binaries\Infragistcs_Net6\InfragisticsWPF4.Controls.Editors.XamComboEditor.v15.1.dll [C:\Users\ultra\warewolf\Dev\Dev2.Activities.Designers\Dev2.Activities.Designers.csproj]
C:\Program Files\dotnet\sdk\10.0.201\Microsoft.Common.CurrentVersion.targets(2451,5): warning MSB3277:           Project file item includes which caused reference "C:\Users\ultra\warewolf\Dev\Binaries\Infragistcs_Net6\InfragisticsWPF4.Controls.Editors.XamComboEditor.v15.1.dll". [C:\Users\ultra\warewolf\Dev\Dev2.Activities.Designers\Dev2.Activities.Designers.csproj]
C:\Program Files\dotnet\sdk\10.0.201\Microsoft.Common.CurrentVersion.targets(2451,5): warning MSB3277:             InfragisticsWPF4.Controls.Editors.XamComboEditor.v15.1, Version=15.1.20151.2055, Culture=neutral, processorArchitecture=MSIL [C:\Users\ultra\warewolf\Dev\Dev2.Activities.Designers\Dev2.Activities.Designers.csproj]
C:\Program Files\dotnet\sdk\10.0.201\Microsoft.Common.CurrentVersion.targets(2451,5): warning MSB3277:         C:\Users\ultra\warewolf\Dev\Binaries\Infragistcs_Net6\InfragisticsWPF4.Controls.Grids.XamGrid.v15.1.dll [C:\Users\ultra\warewolf\Dev\Dev2.Activities.Designers\Dev2.Activities.Designers.csproj]
C:\Program Files\dotnet\sdk\10.0.201\Microsoft.Common.CurrentVersion.targets(2451,5): warning MSB3277:           Project file item includes which caused reference "C:\Users\ultra\warewolf\Dev\Binaries\Infragistcs_Net6\InfragisticsWPF4.Controls.Grids.XamGrid.v15.1.dll". [C:\Users\ultra\warewolf\Dev\Dev2.Activities.Designers\Dev2.Activities.Designers.csproj]
C:\Program Files\dotnet\sdk\10.0.201\Microsoft.Common.CurrentVersion.targets(2451,5): warning MSB3277:             InfragisticsWPF4.Controls.Grids.XamGrid.v15.1 [C:\Users\ultra\warewolf\Dev\Dev2.Activities.Designers\Dev2.Activities.Designers.csproj]
C:\Program Files\dotnet\sdk\10.0.201\Microsoft.Common.CurrentVersion.targets(2451,5): warning MSB3277:         C:\Users\ultra\warewolf\Dev\Binaries\Infragistcs_Net6\InfragisticsWPF4.Controls.Interactions.XamDialogWindow.v15.1.dll [C:\Users\ultra\warewolf\Dev\Dev2.Activities.Designers\Dev2.Activities.Designers.csproj]
C:\Program Files\dotnet\sdk\10.0.201\Microsoft.Common.CurrentVersion.targets(2451,5): warning MSB3277:           Project file item includes which caused reference "C:\Users\ultra\warewolf\Dev\Binaries\Infragistcs_Net6\InfragisticsWPF4.Controls.Interactions.XamDialogWindow.v15.1.dll". [C:\Users\ultra\warewolf\Dev\Dev2.Activities.Designers\Dev2.Activities.Designers.csproj]
C:\Program Files\dotnet\sdk\10.0.201\Microsoft.Common.CurrentVersion.targets(2451,5): warning MSB3277:             InfragisticsWPF4.Controls.Interactions.XamDialogWindow.v15.1, Version=15.1.20151.2055, Culture=neutral, PublicKeyToken=7dd5c3163f2cd0cb, processorArchitecture=MSIL [C:\Users\ultra\warewolf\Dev\Dev2.Activities.Designers\Dev2.Activities.Designers.csproj]
C:\Program Files\dotnet\sdk\10.0.201\Microsoft.Common.CurrentVersion.targets(2451,5): warning MSB3277:         C:\Users\ultra\warewolf\Dev\Binaries\Infragistcs_Net6\InfragisticsWPF4.Controls.Menus.XamDataTree.v15.1.dll [C:\Users\ultra\warewolf\Dev\Dev2.Activities.Designers\Dev2.Activities.Designers.csproj]
C:\Program Files\dotnet\sdk\10.0.201\Microsoft.Common.CurrentVersion.targets(2451,5): warning MSB3277:           Project file item includes which caused reference "C:\Users\ultra\warewolf\Dev\Binaries\Infragistcs_Net6\InfragisticsWPF4.Controls.Menus.XamDataTree.v15.1.dll". [C:\Users\ultra\warewolf\Dev\Dev2.Activities.Designers\Dev2.Activities.Designers.csproj]
C:\Program Files\dotnet\sdk\10.0.201\Microsoft.Common.CurrentVersion.targets(2451,5): warning MSB3277:             InfragisticsWPF4.Controls.Menus.XamDataTree.v15.1 [C:\Users\ultra\warewolf\Dev\Dev2.Activities.Designers\Dev2.Activities.Designers.csproj]
C:\Program Files\dotnet\sdk\10.0.201\Microsoft.Common.CurrentVersion.targets(2451,5): warning MSB3277:         C:\Users\ultra\warewolf\Dev\Binaries\Infragistcs_Net6\InfragisticsWPF4.Controls.Menus.XamMenu.v15.1.dll [C:\Users\ultra\warewolf\Dev\Dev2.Activities.Designers\Dev2.Activities.Designers.csproj]
C:\Program Files\dotnet\sdk\10.0.201\Microsoft.Common.CurrentVersion.targets(2451,5): warning MSB3277:           Project file item includes which caused reference "C:\Users\ultra\warewolf\Dev\Binaries\Infragistcs_Net6\InfragisticsWPF4.Controls.Menus.XamMenu.v15.1.dll". [C:\Users\ultra\warewolf\Dev\Dev2.Activities.Designers\Dev2.Activities.Designers.csproj]
C:\Program Files\dotnet\sdk\10.0.201\Microsoft.Common.CurrentVersion.targets(2451,5): warning MSB3277:             InfragisticsWPF4.Controls.Menus.XamMenu.v15.1, Version=15.1.20151.2055, Culture=neutral, processorArchitecture=MSIL [C:\Users\ultra\warewolf\Dev\Dev2.Activities.Designers\Dev2.Activities.Designers.csproj]
C:\Program Files\dotnet\sdk\10.0.201\Microsoft.Common.CurrentVersion.targets(2451,5): warning MSB3277:             InfragisticsWPF4.Controls.Grids.XamGrid.v15.1 [C:\Users\ultra\warewolf\Dev\Dev2.Activities.Designers\Dev2.Activities.Designers.csproj]
C:\Program Files\dotnet\sdk\10.0.201\Microsoft.Common.CurrentVersion.targets(2451,5): warning MSB3277:         C:\Users\ultra\warewolf\Dev\Binaries\Infragistcs_Net6\InfragisticsWPF4.DataManager.v15.1.dll [C:\Users\ultra\warewolf\Dev\Dev2.Activities.Designers\Dev2.Activities.Designers.csproj]
C:\Program Files\dotnet\sdk\10.0.201\Microsoft.Common.CurrentVersion.targets(2451,5): warning MSB3277:           Project file item includes which caused reference "C:\Users\ultra\warewolf\Dev\Binaries\Infragistcs_Net6\InfragisticsWPF4.DataManager.v15.1.dll". [C:\Users\ultra\warewolf\Dev\Dev2.Activities.Designers\Dev2.Activities.Designers.csproj]
C:\Program Files\dotnet\sdk\10.0.201\Microsoft.Common.CurrentVersion.targets(2451,5): warning MSB3277:             InfragisticsWPF4.DataManager.v15.1, Version=15.1.20151.2188, Culture=neutral, PublicKeyToken=7dd5c3163f2cd0cb, processorArchitecture=MSIL [C:\Users\ultra\warewolf\Dev\Dev2.Activities.Designers\Dev2.Activities.Designers.csproj]
C:\Program Files\dotnet\sdk\10.0.201\Microsoft.Common.CurrentVersion.targets(2451,5): warning MSB3277:             InfragisticsWPF4.Controls.Editors.XamComboEditor.v15.1, Version=15.1.20151.2055, Culture=neutral, processorArchitecture=MSIL [C:\Users\ultra\warewolf\Dev\Dev2.Activities.Designers\Dev2.Activities.Designers.csproj]
C:\Program Files\dotnet\sdk\10.0.201\Microsoft.Common.CurrentVersion.targets(2451,5): warning MSB3277:             InfragisticsWPF4.Controls.Grids.XamGrid.v15.1 [C:\Users\ultra\warewolf\Dev\Dev2.Activities.Designers\Dev2.Activities.Designers.csproj]
C:\Program Files\dotnet\sdk\10.0.201\Microsoft.Common.CurrentVersion.targets(2451,5): warning MSB3277:             InfragisticsWPF4.Controls.Menus.XamDataTree.v15.1 [C:\Users\ultra\warewolf\Dev\Dev2.Activities.Designers\Dev2.Activities.Designers.csproj]
C:\Program Files\dotnet\sdk\10.0.201\Microsoft.Common.CurrentVersion.targets(2451,5): warning MSB3277:         C:\Users\ultra\warewolf\Dev\Binaries\Infragistcs_Net6\InfragisticsWPF4.Editors.v15.1.dll [C:\Users\ultra\warewolf\Dev\Dev2.Activities.Designers\Dev2.Activities.Designers.csproj]
C:\Program Files\dotnet\sdk\10.0.201\Microsoft.Common.CurrentVersion.targets(2451,5): warning MSB3277:           Project file item includes which caused reference "C:\Users\ultra\warewolf\Dev\Binaries\Infragistcs_Net6\InfragisticsWPF4.Editors.v15.1.dll". [C:\Users\ultra\warewolf\Dev\Dev2.Activities.Designers\Dev2.Activities.Designers.csproj]
C:\Program Files\dotnet\sdk\10.0.201\Microsoft.Common.CurrentVersion.targets(2451,5): warning MSB3277:             InfragisticsWPF4.Editors.v15.1, Version=15.1.20151.2055, Culture=neutral, processorArchitecture=MSIL [C:\Users\ultra\warewolf\Dev\Dev2.Activities.Designers\Dev2.Activities.Designers.csproj]
C:\Program Files\dotnet\sdk\10.0.201\Microsoft.Common.CurrentVersion.targets(2451,5): warning MSB3277:         C:\Users\ultra\warewolf\Dev\Binaries\Infragistcs_Net6\InfragisticsWPF4.v15.1.dll [C:\Users\ultra\warewolf\Dev\Dev2.Activities.Designers\Dev2.Activities.Designers.csproj]
C:\Program Files\dotnet\sdk\10.0.201\Microsoft.Common.CurrentVersion.targets(2451,5): warning MSB3277:           Project file item includes which caused reference "C:\Users\ultra\warewolf\Dev\Binaries\Infragistcs_Net6\InfragisticsWPF4.v15.1.dll". [C:\Users\ultra\warewolf\Dev\Dev2.Activities.Designers\Dev2.Activities.Designers.csproj]
C:\Program Files\dotnet\sdk\10.0.201\Microsoft.Common.CurrentVersion.targets(2451,5): warning MSB3277:             InfragisticsWPF4.v15.1, Version=15.1.20151.2055, Culture=neutral, PublicKeyToken=7dd5c3163f2cd0cb, processorArchitecture=MSIL [C:\Users\ultra\warewolf\Dev\Dev2.Activities.Designers\Dev2.Activities.Designers.csproj]
C:\Program Files\dotnet\sdk\10.0.201\Microsoft.Common.CurrentVersion.targets(2451,5): warning MSB3277:             InfragisticsWPF4.Controls.Editors.XamComboEditor.v15.1, Version=15.1.20151.2055, Culture=neutral, processorArchitecture=MSIL [C:\Users\ultra\warewolf\Dev\Dev2.Activities.Designers\Dev2.Activities.Designers.csproj]
C:\Program Files\dotnet\sdk\10.0.201\Microsoft.Common.CurrentVersion.targets(2451,5): warning MSB3277:             InfragisticsWPF4.Controls.Grids.XamGrid.v15.1 [C:\Users\ultra\warewolf\Dev\Dev2.Activities.Designers\Dev2.Activities.Designers.csproj]
C:\Program Files\dotnet\sdk\10.0.201\Microsoft.Common.CurrentVersion.targets(2451,5): warning MSB3277:             InfragisticsWPF4.Controls.Interactions.XamDialogWindow.v15.1, Version=15.1.20151.2055, Culture=neutral, PublicKeyToken=7dd5c3163f2cd0cb, processorArchitecture=MSIL [C:\Users\ultra\warewolf\Dev\Dev2.Activities.Designers\Dev2.Activities.Designers.csproj]
C:\Program Files\dotnet\sdk\10.0.201\Microsoft.Common.CurrentVersion.targets(2451,5): warning MSB3277:             InfragisticsWPF4.Controls.Menus.XamDataTree.v15.1 [C:\Users\ultra\warewolf\Dev\Dev2.Activities.Designers\Dev2.Activities.Designers.csproj]
C:\Program Files\dotnet\sdk\10.0.201\Microsoft.Common.CurrentVersion.targets(2451,5): warning MSB3277:             InfragisticsWPF4.Controls.Menus.XamMenu.v15.1, Version=15.1.20151.2055, Culture=neutral, processorArchitecture=MSIL [C:\Users\ultra\warewolf\Dev\Dev2.Activities.Designers\Dev2.Activities.Designers.csproj]
C:\Program Files\dotnet\sdk\10.0.201\Microsoft.Common.CurrentVersion.targets(2451,5): warning MSB3277:             InfragisticsWPF4.DataManager.v15.1, Version=15.1.20151.2188, Culture=neutral, PublicKeyToken=7dd5c3163f2cd0cb, processorArchitecture=MSIL [C:\Users\ultra\warewolf\Dev\Dev2.Activities.Designers\Dev2.Activities.Designers.csproj]
C:\Program Files\dotnet\sdk\10.0.201\Microsoft.Common.CurrentVersion.targets(2451,5): warning MSB3277:             InfragisticsWPF4.Editors.v15.1, Version=15.1.20151.2055, Culture=neutral, processorArchitecture=MSIL [C:\Users\ultra\warewolf\Dev\Dev2.Activities.Designers\Dev2.Activities.Designers.csproj]
C:\Program Files\dotnet\sdk\10.0.201\Microsoft.Common.CurrentVersion.targets(2451,5): warning MSB3277:         C:\Users\ultra\.nuget\packages\caliburn.micro\4.0.212\lib\netcoreapp3.1\Caliburn.Micro.Platform.dll [C:\Users\ultra\warewolf\Dev\Dev2.Activities.Designers\Dev2.Activities.Designers.csproj]
C:\Program Files\dotnet\sdk\10.0.201\Microsoft.Common.CurrentVersion.targets(2451,5): warning MSB3277:           Project file item includes which caused reference "C:\Users\ultra\.nuget\packages\caliburn.micro\4.0.212\lib\netcoreapp3.1\Caliburn.Micro.Platform.dll". [C:\Users\ultra\warewolf\Dev\Dev2.Activities.Designers\Dev2.Activities.Designers.csproj]
C:\Program Files\dotnet\sdk\10.0.201\Microsoft.Common.CurrentVersion.targets(2451,5): warning MSB3277:             C:\Users\ultra\.nuget\packages\caliburn.micro\4.0.212\lib\netcoreapp3.1\Caliburn.Micro.Platform.dll [C:\Users\ultra\warewolf\Dev\Dev2.Activities.Designers\Dev2.Activities.Designers.csproj]
C:\Program Files\dotnet\sdk\10.0.201\Microsoft.Common.CurrentVersion.targets(2451,5): warning MSB3277:         C:\Users\ultra\.nuget\packages\extended.wpf.toolkit\4.4.0\lib\net5.0\Xceed.Wpf.AvalonDock.NET5.dll [C:\Users\ultra\warewolf\Dev\Dev2.Activities.Designers\Dev2.Activities.Designers.csproj]
C:\Program Files\dotnet\sdk\10.0.201\Microsoft.Common.CurrentVersion.targets(2451,5): warning MSB3277:           Project file item includes which caused reference "C:\Users\ultra\.nuget\packages\extended.wpf.toolkit\4.4.0\lib\net5.0\Xceed.Wpf.AvalonDock.NET5.dll". [C:\Users\ultra\warewolf\Dev\Dev2.Activities.Designers\Dev2.Activities.Designers.csproj]
C:\Program Files\dotnet\sdk\10.0.201\Microsoft.Common.CurrentVersion.targets(2451,5): warning MSB3277:             C:\Users\ultra\.nuget\packages\extended.wpf.toolkit\4.4.0\lib\net5.0\Xceed.Wpf.AvalonDock.NET5.dll [C:\Users\ultra\warewolf\Dev\Dev2.Activities.Designers\Dev2.Activities.Designers.csproj]
C:\Program Files\dotnet\sdk\10.0.201\Microsoft.Common.CurrentVersion.targets(2451,5): warning MSB3277:             C:\Users\ultra\.nuget\packages\extended.wpf.toolkit\4.4.0\lib\net5.0\Xceed.Wpf.AvalonDock.Themes.Aero.NET5.dll [C:\Users\ultra\warewolf\Dev\Dev2.Activities.Designers\Dev2.Activities.Designers.csproj]
C:\Program Files\dotnet\sdk\10.0.201\Microsoft.Common.CurrentVersion.targets(2451,5): warning MSB3277:             C:\Users\ultra\.nuget\packages\extended.wpf.toolkit\4.4.0\lib\net5.0\Xceed.Wpf.AvalonDock.Themes.Metro.NET5.dll [C:\Users\ultra\warewolf\Dev\Dev2.Activities.Designers\Dev2.Activities.Designers.csproj]
C:\Program Files\dotnet\sdk\10.0.201\Microsoft.Common.CurrentVersion.targets(2451,5): warning MSB3277:             C:\Users\ultra\.nuget\packages\extended.wpf.toolkit\4.4.0\lib\net5.0\Xceed.Wpf.AvalonDock.Themes.VS2010.NET5.dll [C:\Users\ultra\warewolf\Dev\Dev2.Activities.Designers\Dev2.Activities.Designers.csproj]
C:\Program Files\dotnet\sdk\10.0.201\Microsoft.Common.CurrentVersion.targets(2451,5): warning MSB3277:         C:\Users\ultra\.nuget\packages\extended.wpf.toolkit\4.4.0\lib\net5.0\Xceed.Wpf.AvalonDock.Themes.Aero.NET5.dll [C:\Users\ultra\warewolf\Dev\Dev2.Activities.Designers\Dev2.Activities.Designers.csproj]
C:\Program Files\dotnet\sdk\10.0.201\Microsoft.Common.CurrentVersion.targets(2451,5): warning MSB3277:           Project file item includes which caused reference "C:\Users\ultra\.nuget\packages\extended.wpf.toolkit\4.4.0\lib\net5.0\Xceed.Wpf.AvalonDock.Themes.Aero.NET5.dll". [C:\Users\ultra\warewolf\Dev\Dev2.Activities.Designers\Dev2.Activities.Designers.csproj]
C:\Program Files\dotnet\sdk\10.0.201\Microsoft.Common.CurrentVersion.targets(2451,5): warning MSB3277:             C:\Users\ultra\.nuget\packages\extended.wpf.toolkit\4.4.0\lib\net5.0\Xceed.Wpf.AvalonDock.Themes.Aero.NET5.dll [C:\Users\ultra\warewolf\Dev\Dev2.Activities.Designers\Dev2.Activities.Designers.csproj]
C:\Program Files\dotnet\sdk\10.0.201\Microsoft.Common.CurrentVersion.targets(2451,5): warning MSB3277:         C:\Users\ultra\.nuget\packages\extended.wpf.toolkit\4.4.0\lib\net5.0\Xceed.Wpf.Toolkit.NET5.dll [C:\Users\ultra\warewolf\Dev\Dev2.Activities.Designers\Dev2.Activities.Designers.csproj]
C:\Program Files\dotnet\sdk\10.0.201\Microsoft.Common.CurrentVersion.targets(2451,5): warning MSB3277:           Project file item includes which caused reference "C:\Users\ultra\.nuget\packages\extended.wpf.toolkit\4.4.0\lib\net5.0\Xceed.Wpf.Toolkit.NET5.dll". [C:\Users\ultra\warewolf\Dev\Dev2.Activities.Designers\Dev2.Activities.Designers.csproj]
C:\Program Files\dotnet\sdk\10.0.201\Microsoft.Common.CurrentVersion.targets(2451,5): warning MSB3277:             C:\Users\ultra\.nuget\packages\extended.wpf.toolkit\4.4.0\lib\net5.0\Xceed.Wpf.Toolkit.NET5.dll [C:\Users\ultra\warewolf\Dev\Dev2.Activities.Designers\Dev2.Activities.Designers.csproj]
C:\Program Files\dotnet\sdk\10.0.201\Microsoft.Common.CurrentVersion.targets(2451,5): warning MSB3277:         C:\Users\ultra\.nuget\packages\ironpython\3.4.0\lib\net6.0\IronPython.Wpf.dll [C:\Users\ultra\warewolf\Dev\Dev2.Activities.Designers\Dev2.Activities.Designers.csproj]
C:\Program Files\dotnet\sdk\10.0.201\Microsoft.Common.CurrentVersion.targets(2451,5): warning MSB3277:           Project file item includes which caused reference "C:\Users\ultra\.nuget\packages\ironpython\3.4.0\lib\net6.0\IronPython.Wpf.dll". [C:\Users\ultra\warewolf\Dev\Dev2.Activities.Designers\Dev2.Activities.Designers.csproj]
C:\Program Files\dotnet\sdk\10.0.201\Microsoft.Common.CurrentVersion.targets(2451,5): warning MSB3277:             C:\Users\ultra\.nuget\packages\ironpython\3.4.0\lib\net6.0\IronPython.Wpf.dll [C:\Users\ultra\warewolf\Dev\Dev2.Activities.Designers\Dev2.Activities.Designers.csproj]
C:\Program Files\dotnet\sdk\10.0.201\Microsoft.Common.CurrentVersion.targets(2451,5): warning MSB3277:         C:\Users\ultra\.nuget\packages\microsoft.xaml.behaviors.wpf\1.1.122\lib\net462\Microsoft.Xaml.Behaviors.dll [C:\Users\ultra\warewolf\Dev\Dev2.Activities.Designers\Dev2.Activities.Designers.csproj]
C:\Program Files\dotnet\sdk\10.0.201\Microsoft.Common.CurrentVersion.targets(2451,5): warning MSB3277:           Project file item includes which caused reference "C:\Users\ultra\.nuget\packages\microsoft.xaml.behaviors.wpf\1.1.122\lib\net462\Microsoft.Xaml.Behaviors.dll". [C:\Users\ultra\warewolf\Dev\Dev2.Activities.Designers\Dev2.Activities.Designers.csproj]
C:\Program Files\dotnet\sdk\10.0.201\Microsoft.Common.CurrentVersion.targets(2451,5): warning MSB3277:             C:\Users\ultra\.nuget\packages\microsoft.xaml.behaviors.wpf\1.1.122\lib\net462\Microsoft.Xaml.Behaviors.dll [C:\Users\ultra\warewolf\Dev\Dev2.Activities.Designers\Dev2.Activities.Designers.csproj]
C:\Program Files\dotnet\sdk\10.0.201\Microsoft.Common.CurrentVersion.targets(2451,5): warning MSB3277:             C:\Users\ultra\.nuget\packages\caliburn.micro\4.0.212\lib\netcoreapp3.1\Caliburn.Micro.Platform.dll [C:\Users\ultra\warewolf\Dev\Dev2.Activities.Designers\Dev2.Activities.Designers.csproj]
C:\Program Files\dotnet\sdk\10.0.201\Microsoft.Common.CurrentVersion.targets(2451,5): warning MSB3277:             C:\Users\ultra\.nuget\packages\prism.wpf\9.0.537\lib\net462\Prism.Wpf.dll [C:\Users\ultra\warewolf\Dev\Dev2.Activities.Designers\Dev2.Activities.Designers.csproj]
C:\Program Files\dotnet\sdk\10.0.201\Microsoft.Common.CurrentVersion.targets(2451,5): warning MSB3277:         C:\Users\ultra\.nuget\packages\prism.wpf\9.0.537\lib\net462\Prism.Wpf.dll [C:\Users\ultra\warewolf\Dev\Dev2.Activities.Designers\Dev2.Activities.Designers.csproj]
C:\Program Files\dotnet\sdk\10.0.201\Microsoft.Common.CurrentVersion.targets(2451,5): warning MSB3277:           Project file item includes which caused reference "C:\Users\ultra\.nuget\packages\prism.wpf\9.0.537\lib\net462\Prism.Wpf.dll". [C:\Users\ultra\warewolf\Dev\Dev2.Activities.Designers\Dev2.Activities.Designers.csproj]
C:\Program Files\dotnet\sdk\10.0.201\Microsoft.Common.CurrentVersion.targets(2451,5): warning MSB3277:             C:\Users\ultra\.nuget\packages\prism.wpf\9.0.537\lib\net462\Prism.Wpf.dll [C:\Users\ultra\warewolf\Dev\Dev2.Activities.Designers\Dev2.Activities.Designers.csproj]
C:\Program Files\dotnet\sdk\10.0.201\Microsoft.Common.CurrentVersion.targets(2451,5): warning MSB3277:         C:\Users\ultra\.nuget\packages\reactiveui.wpf\18.4.1\lib\net462\ReactiveUI.Wpf.dll [C:\Users\ultra\warewolf\Dev\Dev2.Activities.Designers\Dev2.Activities.Designers.csproj]
C:\Program Files\dotnet\sdk\10.0.201\Microsoft.Common.CurrentVersion.targets(2451,5): warning MSB3277:           Project file item includes which caused reference "C:\Users\ultra\.nuget\packages\reactiveui.wpf\18.4.1\lib\net462\ReactiveUI.Wpf.dll". [C:\Users\ultra\warewolf\Dev\Dev2.Activities.Designers\Dev2.Activities.Designers.csproj]
C:\Program Files\dotnet\sdk\10.0.201\Microsoft.Common.CurrentVersion.targets(2451,5): warning MSB3277:             C:\Users\ultra\.nuget\packages\reactiveui.wpf\18.4.1\lib\net462\ReactiveUI.Wpf.dll [C:\Users\ultra\warewolf\Dev\Dev2.Activities.Designers\Dev2.Activities.Designers.csproj]
C:\Program Files\dotnet\sdk\10.0.201\Microsoft.Common.CurrentVersion.targets(2451,5): warning MSB3277:         C:\Users\ultra\warewolf\Dev\Binaries\Infragistcs_Net6\InfragisticsWPF4.DragDrop.v15.1.dll [C:\Users\ultra\warewolf\Dev\Dev2.Activities.Designers\Dev2.Activities.Designers.csproj]
C:\Program Files\dotnet\sdk\10.0.201\Microsoft.Common.CurrentVersion.targets(2451,5): warning MSB3277:           Project file item includes which caused reference "C:\Users\ultra\warewolf\Dev\Binaries\Infragistcs_Net6\InfragisticsWPF4.DragDrop.v15.1.dll". [C:\Users\ultra\warewolf\Dev\Dev2.Activities.Designers\Dev2.Activities.Designers.csproj]
C:\Program Files\dotnet\sdk\10.0.201\Microsoft.Common.CurrentVersion.targets(2451,5): warning MSB3277:             InfragisticsWPF4.Controls.Menus.XamDataTree.v15.1 [C:\Users\ultra\warewolf\Dev\Dev2.Activities.Designers\Dev2.Activities.Designers.csproj]
C:\Program Files\dotnet\sdk\10.0.201\Microsoft.Common.CurrentVersion.targets(2451,5): warning MSB3277: Found conflicts between different versions of "System.Windows.Extensions" that could not be resolved. [C:\Users\ultra\warewolf\Dev\Dev2.Activities.Designers\Dev2.Activities.Designers.csproj]
C:\Program Files\dotnet\sdk\10.0.201\Microsoft.Common.CurrentVersion.targets(2451,5): warning MSB3277: There was a conflict between "System.Windows.Extensions, Version=6.0.0.0, Culture=neutral, PublicKeyToken=cc7b13ffcd2ddd51" and "System.Windows.Extensions, Version=7.0.0.0, Culture=neutral, PublicKeyToken=cc7b13ffcd2ddd51". [C:\Users\ultra\warewolf\Dev\Dev2.Activities.Designers\Dev2.Activities.Designers.csproj]
C:\Program Files\dotnet\sdk\10.0.201\Microsoft.Common.CurrentVersion.targets(2451,5): warning MSB3277:     "System.Windows.Extensions, Version=6.0.0.0, Culture=neutral, PublicKeyToken=cc7b13ffcd2ddd51" was chosen because it was primary and "System.Windows.Extensions, Version=7.0.0.0, Culture=neutral, PublicKeyToken=cc7b13ffcd2ddd51" was not. [C:\Users\ultra\warewolf\Dev\Dev2.Activities.Designers\Dev2.Activities.Designers.csproj]
C:\Program Files\dotnet\sdk\10.0.201\Microsoft.Common.CurrentVersion.targets(2451,5): warning MSB3277:     References which depend on "System.Windows.Extensions, Version=6.0.0.0, Culture=neutral, PublicKeyToken=cc7b13ffcd2ddd51" [C:\Users\ultra\.nuget\packages\system.windows.extensions\6.0.0\lib\net6.0\System.Windows.Extensions.dll]. [C:\Users\ultra\warewolf\Dev\Dev2.Activities.Designers\Dev2.Activities.Designers.csproj]
C:\Program Files\dotnet\sdk\10.0.201\Microsoft.Common.CurrentVersion.targets(2451,5): warning MSB3277:         C:\Users\ultra\.nuget\packages\system.windows.extensions\6.0.0\lib\net6.0\System.Windows.Extensions.dll [C:\Users\ultra\warewolf\Dev\Dev2.Activities.Designers\Dev2.Activities.Designers.csproj]
C:\Program Files\dotnet\sdk\10.0.201\Microsoft.Common.CurrentVersion.targets(2451,5): warning MSB3277:           Project file item includes which caused reference "C:\Users\ultra\.nuget\packages\system.windows.extensions\6.0.0\lib\net6.0\System.Windows.Extensions.dll". [C:\Users\ultra\warewolf\Dev\Dev2.Activities.Designers\Dev2.Activities.Designers.csproj]
C:\Program Files\dotnet\sdk\10.0.201\Microsoft.Common.CurrentVersion.targets(2451,5): warning MSB3277:             C:\Users\ultra\.nuget\packages\system.windows.extensions\6.0.0\lib\net6.0\System.Windows.Extensions.dll [C:\Users\ultra\warewolf\Dev\Dev2.Activities.Designers\Dev2.Activities.Designers.csproj]
C:\Program Files\dotnet\sdk\10.0.201\Microsoft.Common.CurrentVersion.targets(2451,5): warning MSB3277:     References which depend on or have been unified to "System.Windows.Extensions, Version=7.0.0.0, Culture=neutral, PublicKeyToken=cc7b13ffcd2ddd51" []. [C:\Users\ultra\warewolf\Dev\Dev2.Activities.Designers\Dev2.Activities.Designers.csproj]
C:\Program Files\dotnet\sdk\10.0.201\Microsoft.Common.CurrentVersion.targets(2451,5): warning MSB3277:         C:\Users\ultra\warewolf\Dev\Binaries\Infragistcs_Net6\InfragisticsWPF4.Editors.v15.1.dll [C:\Users\ultra\warewolf\Dev\Dev2.Activities.Designers\Dev2.Activities.Designers.csproj]
C:\Program Files\dotnet\sdk\10.0.201\Microsoft.Common.CurrentVersion.targets(2451,5): warning MSB3277:           Project file item includes which caused reference "C:\Users\ultra\warewolf\Dev\Binaries\Infragistcs_Net6\InfragisticsWPF4.Editors.v15.1.dll". [C:\Users\ultra\warewolf\Dev\Dev2.Activities.Designers\Dev2.Activities.Designers.csproj]
C:\Program Files\dotnet\sdk\10.0.201\Microsoft.Common.CurrentVersion.targets(2451,5): warning MSB3277:             InfragisticsWPF4.Editors.v15.1, Version=15.1.20151.2055, Culture=neutral, processorArchitecture=MSIL [C:\Users\ultra\warewolf\Dev\Dev2.Activities.Designers\Dev2.Activities.Designers.csproj]
C:\Program Files\dotnet\sdk\10.0.201\Microsoft.Common.CurrentVersion.targets(2451,5): warning MSB3277:         C:\Users\ultra\.nuget\packages\extended.wpf.toolkit\4.4.0\lib\net5.0\Xceed.Wpf.Toolkit.NET5.dll [C:\Users\ultra\warewolf\Dev\Dev2.Activities.Designers\Dev2.Activities.Designers.csproj]
C:\Program Files\dotnet\sdk\10.0.201\Microsoft.Common.CurrentVersion.targets(2451,5): warning MSB3277:           Project file item includes which caused reference "C:\Users\ultra\.nuget\packages\extended.wpf.toolkit\4.4.0\lib\net5.0\Xceed.Wpf.Toolkit.NET5.dll". [C:\Users\ultra\warewolf\Dev\Dev2.Activities.Designers\Dev2.Activities.Designers.csproj]
C:\Program Files\dotnet\sdk\10.0.201\Microsoft.Common.CurrentVersion.targets(2451,5): warning MSB3277:             C:\Users\ultra\.nuget\packages\extended.wpf.toolkit\4.4.0\lib\net5.0\Xceed.Wpf.Toolkit.NET5.dll [C:\Users\ultra\warewolf\Dev\Dev2.Activities.Designers\Dev2.Activities.Designers.csproj]
C:\Program Files\dotnet\sdk\10.0.201\Microsoft.Common.CurrentVersion.targets(2451,5): warning MSB3277:         C:\Users\ultra\.nuget\packages\system.security.permissions\6.0.0\lib\net6.0\System.Security.Permissions.dll [C:\Users\ultra\warewolf\Dev\Dev2.Activities.Designers\Dev2.Activities.Designers.csproj]
C:\Program Files\dotnet\sdk\10.0.201\Microsoft.Common.CurrentVersion.targets(2451,5): warning MSB3277:           Project file item includes which caused reference "C:\Users\ultra\.nuget\packages\system.security.permissions\6.0.0\lib\net6.0\System.Security.Permissions.dll". [C:\Users\ultra\warewolf\Dev\Dev2.Activities.Designers\Dev2.Activities.Designers.csproj]
C:\Program Files\dotnet\sdk\10.0.201\Microsoft.Common.CurrentVersion.targets(2451,5): warning MSB3277:             C:\Users\ultra\.nuget\packages\system.security.permissions\6.0.0\lib\net6.0\System.Security.Permissions.dll [C:\Users\ultra\warewolf\Dev\Dev2.Activities.Designers\Dev2.Activities.Designers.csproj]
C:\Program Files\dotnet\sdk\10.0.201\Microsoft.Common.CurrentVersion.targets(2451,5): warning MSB3277:         C:\Program Files\dotnet\packs\Microsoft.NETCore.App.Ref\8.0.25\ref\net8.0\System.Security.dll [C:\Users\ultra\warewolf\Dev\Dev2.Activities.Designers\Dev2.Activities.Designers.csproj]
C:\Program Files\dotnet\sdk\10.0.201\Microsoft.Common.CurrentVersion.targets(2451,5): warning MSB3277:           Project file item includes which caused reference "C:\Program Files\dotnet\packs\Microsoft.NETCore.App.Ref\8.0.25\ref\net8.0\System.Security.dll". [C:\Users\ultra\warewolf\Dev\Dev2.Activities.Designers\Dev2.Activities.Designers.csproj]
C:\Program Files\dotnet\sdk\10.0.201\Microsoft.Common.CurrentVersion.targets(2451,5): warning MSB3277:             C:\Program Files\dotnet\packs\Microsoft.NETCore.App.Ref\8.0.25\ref/net8.0/System.Security.dll [C:\Users\ultra\warewolf\Dev\Dev2.Activities.Designers\Dev2.Activities.Designers.csproj]
C:\Program Files\dotnet\sdk\10.0.201\Microsoft.Common.CurrentVersion.targets(2451,5): warning MSB3277:         C:\Program Files\dotnet\packs\Microsoft.NETCore.App.Ref\8.0.25\ref\net8.0\System.dll [C:\Users\ultra\warewolf\Dev\Dev2.Activities.Designers\Dev2.Activities.Designers.csproj]
C:\Program Files\dotnet\sdk\10.0.201\Microsoft.Common.CurrentVersion.targets(2451,5): warning MSB3277:           Project file item includes which caused reference "C:\Program Files\dotnet\packs\Microsoft.NETCore.App.Ref\8.0.25\ref\net8.0\System.dll". [C:\Users\ultra\warewolf\Dev\Dev2.Activities.Designers\Dev2.Activities.Designers.csproj]
C:\Program Files\dotnet\sdk\10.0.201\Microsoft.Common.CurrentVersion.targets(2451,5): warning MSB3277:             C:\Program Files\dotnet\packs\Microsoft.NETCore.App.Ref\8.0.25\ref/net8.0/System.dll [C:\Users\ultra\warewolf\Dev\Dev2.Activities.Designers\Dev2.Activities.Designers.csproj]
C:\Program Files\dotnet\sdk\10.0.201\Microsoft.Common.CurrentVersion.targets(2451,5): warning MSB3277:             C:\Users\ultra\.nuget\packages\aerowizard\2.3.1\lib\net45\AeroWizard.dll [C:\Users\ultra\warewolf\Dev\Dev2.Activities.Designers\Dev2.Activities.Designers.csproj]
C:\Program Files\dotnet\sdk\10.0.201\Microsoft.Common.CurrentVersion.targets(2451,5): warning MSB3277:             C:\Users\ultra\.nuget\packages\groupcontrols\1.9.0\lib\net45\GroupControls.dll [C:\Users\ultra\warewolf\Dev\Dev2.Activities.Designers\Dev2.Activities.Designers.csproj]
C:\Program Files\dotnet\sdk\10.0.201\Microsoft.Common.CurrentVersion.targets(2451,5): warning MSB3277:             C:\Users\ultra\.nuget\packages\microsoft.xaml.behaviors.wpf\1.1.122\lib\net462\Microsoft.Xaml.Behaviors.dll [C:\Users\ultra\warewolf\Dev\Dev2.Activities.Designers\Dev2.Activities.Designers.csproj]
C:\Program Files\dotnet\sdk\10.0.201\Microsoft.Common.CurrentVersion.targets(2451,5): warning MSB3277:             C:\Users\ultra\.nuget\packages\caliburn.micro\4.0.212\lib\netcoreapp3.1\Caliburn.Micro.Platform.dll [C:\Users\ultra\warewolf\Dev\Dev2.Activities.Designers\Dev2.Activities.Designers.csproj]
C:\Program Files\dotnet\sdk\10.0.201\Microsoft.Common.CurrentVersion.targets(2451,5): warning MSB3277:             C:\Users\ultra\.nuget\packages\prism.wpf\9.0.537\lib\net462\Prism.Wpf.dll [C:\Users\ultra\warewolf\Dev\Dev2.Activities.Designers\Dev2.Activities.Designers.csproj]
C:\Program Files\dotnet\sdk\10.0.201\Microsoft.Common.CurrentVersion.targets(2451,5): warning MSB3277:             C:\Users\ultra\.nuget\packages\reactiveui.wpf\18.4.1\lib\net462\ReactiveUI.Wpf.dll [C:\Users\ultra\warewolf\Dev\Dev2.Activities.Designers\Dev2.Activities.Designers.csproj]
C:\Program Files\dotnet\sdk\10.0.201\Microsoft.Common.CurrentVersion.targets(2451,5): warning MSB3277:             C:\Users\ultra\.nuget\packages\taskschedulereditor\2.10.1\lib\net452\Microsoft.Win32.TaskSchedulerEditor.dll [C:\Users\ultra\warewolf\Dev\Dev2.Activities.Designers\Dev2.Activities.Designers.csproj]
C:\Program Files\dotnet\sdk\10.0.201\Microsoft.Common.CurrentVersion.targets(2451,5): warning MSB3277:             C:\Users\ultra\.nuget\packages\ttcue.netcore.sharepointonline.csom.16.1.8029.1200\16.1.8029.1200\lib\netcoreapp2.0\Microsoft.SharePoint.Client.Runtime.Windows.dll [C:\Users\ultra\warewolf\Dev\Dev2.Activities.Designers\Dev2.Activities.Designers.csproj]
  Consider app.config remapping of assembly "System.Data.SQLite, Culture=neutral, PublicKeyToken=db937bc2d44ff139" from Version "1.0.117.0" [] to Version "1.0.118.0" [C:\Users\ultra\.nuget\packages\stub.system.data.sqlite.core.netstandard\1.0.118\lib\netstandard2.1\System.Data.SQLite.dll] to solve conflict and get rid of warning.
  Warewolf.QueueWorker -> C:\Users\ultra\warewolf\Dev\Warewolf.QueueWorker\bin\Debug\net8.0\QueueWorker.dll
  Warewolf.QueueWorker -> C:\Users\ultra\warewolf\Dev\Warewolf.QueueWorker\bin\Debug\net8.0\linux-x64\QueueWorker.dll
  Dev2.Activities.Designers -> C:\Users\ultra\warewolf\Dev\Dev2.Activities.Designers\bin\Debug\net8.0\Dev2.Activities.Designers.dll
C:\Program Files\dotnet\sdk\10.0.201\Microsoft.Common.CurrentVersion.targets(2451,5): warning MSB3277: Found conflicts between different versions of "WindowsBase" that could not be resolved. [C:\Users\ultra\warewolf\Dev\Dev2.Server\Dev2.Server.csproj]
C:\Program Files\dotnet\sdk\10.0.201\Microsoft.Common.CurrentVersion.targets(2451,5): warning MSB3277: There was a conflict between "WindowsBase, Version=4.0.0.0, Culture=neutral, PublicKeyToken=31bf3856ad364e35" and "WindowsBase, Version=6.0.2.0, Culture=neutral, PublicKeyToken=31bf3856ad364e35". [C:\Users\ultra\warewolf\Dev\Dev2.Server\Dev2.Server.csproj]
C:\Program Files\dotnet\sdk\10.0.201\Microsoft.Common.CurrentVersion.targets(2451,5): warning MSB3277:     "WindowsBase, Version=4.0.0.0, Culture=neutral, PublicKeyToken=31bf3856ad364e35" was chosen because it was primary and "WindowsBase, Version=6.0.2.0, Culture=neutral, PublicKeyToken=31bf3856ad364e35" was not. [C:\Users\ultra\warewolf\Dev\Dev2.Server\Dev2.Server.csproj]
C:\Program Files\dotnet\sdk\10.0.201\Microsoft.Common.CurrentVersion.targets(2451,5): warning MSB3277:     References which depend on "WindowsBase, Version=4.0.0.0, Culture=neutral, PublicKeyToken=31bf3856ad364e35" [C:\Program Files\dotnet\packs\Microsoft.NETCore.App.Ref\8.0.25\ref\net8.0\WindowsBase.dll]. [C:\Users\ultra\warewolf\Dev\Dev2.Server\Dev2.Server.csproj]
C:\Program Files\dotnet\sdk\10.0.201\Microsoft.Common.CurrentVersion.targets(2451,5): warning MSB3277:         C:\Program Files\dotnet\packs\Microsoft.NETCore.App.Ref\8.0.25\ref\net8.0\WindowsBase.dll [C:\Users\ultra\warewolf\Dev\Dev2.Server\Dev2.Server.csproj]
C:\Program Files\dotnet\sdk\10.0.201\Microsoft.Common.CurrentVersion.targets(2451,5): warning MSB3277:           Project file item includes which caused reference "C:\Program Files\dotnet\packs\Microsoft.NETCore.App.Ref\8.0.25\ref\net8.0\WindowsBase.dll". [C:\Users\ultra\warewolf\Dev\Dev2.Server\Dev2.Server.csproj]
C:\Program Files\dotnet\sdk\10.0.201\Microsoft.Common.CurrentVersion.targets(2451,5): warning MSB3277:             C:\Program Files\dotnet\packs\Microsoft.NETCore.App.Ref\8.0.25\ref/net8.0/WindowsBase.dll [C:\Users\ultra\warewolf\Dev\Dev2.Server\Dev2.Server.csproj]
C:\Program Files\dotnet\sdk\10.0.201\Microsoft.Common.CurrentVersion.targets(2451,5): warning MSB3277:     References which depend on or have been unified to "WindowsBase, Version=6.0.2.0, Culture=neutral, PublicKeyToken=31bf3856ad364e35" []. [C:\Users\ultra\warewolf\Dev\Dev2.Server\Dev2.Server.csproj]
C:\Program Files\dotnet\sdk\10.0.201\Microsoft.Common.CurrentVersion.targets(2451,5): warning MSB3277:         C:\Users\ultra\.nuget\packages\caliburn.micro\4.0.212\lib\netcoreapp3.1\Caliburn.Micro.Platform.dll [C:\Users\ultra\warewolf\Dev\Dev2.Server\Dev2.Server.csproj]
C:\Program Files\dotnet\sdk\10.0.201\Microsoft.Common.CurrentVersion.targets(2451,5): warning MSB3277:           Project file item includes which caused reference "C:\Users\ultra\.nuget\packages\caliburn.micro\4.0.212\lib\netcoreapp3.1\Caliburn.Micro.Platform.dll". [C:\Users\ultra\warewolf\Dev\Dev2.Server\Dev2.Server.csproj]
C:\Program Files\dotnet\sdk\10.0.201\Microsoft.Common.CurrentVersion.targets(2451,5): warning MSB3277:             C:\Users\ultra\.nuget\packages\caliburn.micro\4.0.212\lib\netcoreapp3.1\Caliburn.Micro.Platform.dll [C:\Users\ultra\warewolf\Dev\Dev2.Server\Dev2.Server.csproj]
C:\Program Files\dotnet\sdk\10.0.201\Microsoft.Common.CurrentVersion.targets(2451,5): warning MSB3277:         C:\Users\ultra\.nuget\packages\ironpython\3.4.0\lib\net6.0\IronPython.Wpf.dll [C:\Users\ultra\warewolf\Dev\Dev2.Server\Dev2.Server.csproj]
C:\Program Files\dotnet\sdk\10.0.201\Microsoft.Common.CurrentVersion.targets(2451,5): warning MSB3277:           Project file item includes which caused reference "C:\Users\ultra\.nuget\packages\ironpython\3.4.0\lib\net6.0\IronPython.Wpf.dll". [C:\Users\ultra\warewolf\Dev\Dev2.Server\Dev2.Server.csproj]
C:\Program Files\dotnet\sdk\10.0.201\Microsoft.Common.CurrentVersion.targets(2451,5): warning MSB3277:             C:\Users\ultra\.nuget\packages\ironpython\3.4.0\lib\net6.0\IronPython.Wpf.dll [C:\Users\ultra\warewolf\Dev\Dev2.Server\Dev2.Server.csproj]
C:\Program Files\dotnet\sdk\10.0.201\Microsoft.Common.CurrentVersion.targets(2451,5): warning MSB3277:         C:\Users\ultra\.nuget\packages\microsoft.xaml.behaviors.wpf\1.1.122\lib\net462\Microsoft.Xaml.Behaviors.dll [C:\Users\ultra\warewolf\Dev\Dev2.Server\Dev2.Server.csproj]
C:\Program Files\dotnet\sdk\10.0.201\Microsoft.Common.CurrentVersion.targets(2451,5): warning MSB3277:           Project file item includes which caused reference "C:\Users\ultra\.nuget\packages\microsoft.xaml.behaviors.wpf\1.1.122\lib\net462\Microsoft.Xaml.Behaviors.dll". [C:\Users\ultra\warewolf\Dev\Dev2.Server\Dev2.Server.csproj]
C:\Program Files\dotnet\sdk\10.0.201\Microsoft.Common.CurrentVersion.targets(2451,5): warning MSB3277:             C:\Users\ultra\.nuget\packages\microsoft.xaml.behaviors.wpf\1.1.122\lib\net462\Microsoft.Xaml.Behaviors.dll [C:\Users\ultra\warewolf\Dev\Dev2.Server\Dev2.Server.csproj]
C:\Program Files\dotnet\sdk\10.0.201\Microsoft.Common.CurrentVersion.targets(2451,5): warning MSB3277:             C:\Users\ultra\.nuget\packages\caliburn.micro\4.0.212\lib\netcoreapp3.1\Caliburn.Micro.Platform.dll [C:\Users\ultra\warewolf\Dev\Dev2.Server\Dev2.Server.csproj]
C:\Program Files\dotnet\sdk\10.0.201\Microsoft.Common.CurrentVersion.targets(2451,5): warning MSB3277:             C:\Users\ultra\.nuget\packages\prism.wpf\9.0.537\lib\net462\Prism.Wpf.dll [C:\Users\ultra\warewolf\Dev\Dev2.Server\Dev2.Server.csproj]
C:\Program Files\dotnet\sdk\10.0.201\Microsoft.Common.CurrentVersion.targets(2451,5): warning MSB3277:         C:\Users\ultra\.nuget\packages\prism.wpf\9.0.537\lib\net462\Prism.Wpf.dll [C:\Users\ultra\warewolf\Dev\Dev2.Server\Dev2.Server.csproj]
C:\Program Files\dotnet\sdk\10.0.201\Microsoft.Common.CurrentVersion.targets(2451,5): warning MSB3277:           Project file item includes which caused reference "C:\Users\ultra\.nuget\packages\prism.wpf\9.0.537\lib\net462\Prism.Wpf.dll". [C:\Users\ultra\warewolf\Dev\Dev2.Server\Dev2.Server.csproj]
C:\Program Files\dotnet\sdk\10.0.201\Microsoft.Common.CurrentVersion.targets(2451,5): warning MSB3277:             C:\Users\ultra\.nuget\packages\prism.wpf\9.0.537\lib\net462\Prism.Wpf.dll [C:\Users\ultra\warewolf\Dev\Dev2.Server\Dev2.Server.csproj]
C:\Program Files\dotnet\sdk\10.0.201\Microsoft.Common.CurrentVersion.targets(2451,5): warning MSB3277:         C:\Users\ultra\.nuget\packages\reactiveui.wpf\18.4.1\lib\net462\ReactiveUI.Wpf.dll [C:\Users\ultra\warewolf\Dev\Dev2.Server\Dev2.Server.csproj]
C:\Program Files\dotnet\sdk\10.0.201\Microsoft.Common.CurrentVersion.targets(2451,5): warning MSB3277:           Project file item includes which caused reference "C:\Users\ultra\.nuget\packages\reactiveui.wpf\18.4.1\lib\net462\ReactiveUI.Wpf.dll". [C:\Users\ultra\warewolf\Dev\Dev2.Server\Dev2.Server.csproj]
C:\Program Files\dotnet\sdk\10.0.201\Microsoft.Common.CurrentVersion.targets(2451,5): warning MSB3277:             C:\Users\ultra\.nuget\packages\reactiveui.wpf\18.4.1\lib\net462\ReactiveUI.Wpf.dll [C:\Users\ultra\warewolf\Dev\Dev2.Server\Dev2.Server.csproj]
C:\Program Files\dotnet\sdk\10.0.201\Microsoft.Common.CurrentVersion.targets(2451,5): warning MSB3277: Found conflicts between different versions of "System.Drawing.Common" that could not be resolved. [C:\Users\ultra\warewolf\Dev\Dev2.Server\Dev2.Server.csproj]
C:\Program Files\dotnet\sdk\10.0.201\Microsoft.Common.CurrentVersion.targets(2451,5): warning MSB3277: There was a conflict between "System.Drawing.Common, Version=6.0.0.0, Culture=neutral, PublicKeyToken=cc7b13ffcd2ddd51" and "System.Drawing.Common, Version=8.0.0.0, Culture=neutral, PublicKeyToken=cc7b13ffcd2ddd51". [C:\Users\ultra\warewolf\Dev\Dev2.Server\Dev2.Server.csproj]
C:\Program Files\dotnet\sdk\10.0.201\Microsoft.Common.CurrentVersion.targets(2451,5): warning MSB3277:     "System.Drawing.Common, Version=6.0.0.0, Culture=neutral, PublicKeyToken=cc7b13ffcd2ddd51" was chosen because it was primary and "System.Drawing.Common, Version=8.0.0.0, Culture=neutral, PublicKeyToken=cc7b13ffcd2ddd51" was not. [C:\Users\ultra\warewolf\Dev\Dev2.Server\Dev2.Server.csproj]
C:\Program Files\dotnet\sdk\10.0.201\Microsoft.Common.CurrentVersion.targets(2451,5): warning MSB3277:     References which depend on "System.Drawing.Common, Version=6.0.0.0, Culture=neutral, PublicKeyToken=cc7b13ffcd2ddd51" [C:\Users\ultra\.nuget\packages\system.drawing.common\6.0.0\lib\net6.0\System.Drawing.Common.dll]. [C:\Users\ultra\warewolf\Dev\Dev2.Server\Dev2.Server.csproj]
C:\Program Files\dotnet\sdk\10.0.201\Microsoft.Common.CurrentVersion.targets(2451,5): warning MSB3277:         C:\Users\ultra\.nuget\packages\system.drawing.common\6.0.0\lib\net6.0\System.Drawing.Common.dll [C:\Users\ultra\warewolf\Dev\Dev2.Server\Dev2.Server.csproj]
C:\Program Files\dotnet\sdk\10.0.201\Microsoft.Common.CurrentVersion.targets(2451,5): warning MSB3277:           Project file item includes which caused reference "C:\Users\ultra\.nuget\packages\system.drawing.common\6.0.0\lib\net6.0\System.Drawing.Common.dll". [C:\Users\ultra\warewolf\Dev\Dev2.Server\Dev2.Server.csproj]
C:\Program Files\dotnet\sdk\10.0.201\Microsoft.Common.CurrentVersion.targets(2451,5): warning MSB3277:             C:\Users\ultra\.nuget\packages\system.drawing.common\6.0.0\lib\net6.0\System.Drawing.Common.dll [C:\Users\ultra\warewolf\Dev\Dev2.Server\Dev2.Server.csproj]
C:\Program Files\dotnet\sdk\10.0.201\Microsoft.Common.CurrentVersion.targets(2451,5): warning MSB3277:     References which depend on or have been unified to "System.Drawing.Common, Version=8.0.0.0, Culture=neutral, PublicKeyToken=cc7b13ffcd2ddd51" []. [C:\Users\ultra\warewolf\Dev\Dev2.Server\Dev2.Server.csproj]
C:\Program Files\dotnet\sdk\10.0.201\Microsoft.Common.CurrentVersion.targets(2451,5): warning MSB3277:         C:\Users\ultra\.nuget\packages\servicestack\6.3.0\lib\net6.0\ServiceStack.dll [C:\Users\ultra\warewolf\Dev\Dev2.Server\Dev2.Server.csproj]
C:\Program Files\dotnet\sdk\10.0.201\Microsoft.Common.CurrentVersion.targets(2451,5): warning MSB3277:           Project file item includes which caused reference "C:\Users\ultra\.nuget\packages\servicestack\6.3.0\lib\net6.0\ServiceStack.dll". [C:\Users\ultra\warewolf\Dev\Dev2.Server\Dev2.Server.csproj]
C:\Program Files\dotnet\sdk\10.0.201\Microsoft.Common.CurrentVersion.targets(2451,5): warning MSB3277:             C:\Users\ultra\.nuget\packages\servicestack\6.3.0\lib\net6.0\ServiceStack.dll [C:\Users\ultra\warewolf\Dev\Dev2.Server\Dev2.Server.csproj]
C:\Program Files\dotnet\sdk\10.0.201\Microsoft.Common.CurrentVersion.targets(2451,5): warning MSB3277:         C:\Users\ultra\.nuget\packages\system.windows.extensions\8.0.0\lib\net8.0\System.Windows.Extensions.dll [C:\Users\ultra\warewolf\Dev\Dev2.Server\Dev2.Server.csproj]
C:\Program Files\dotnet\sdk\10.0.201\Microsoft.Common.CurrentVersion.targets(2451,5): warning MSB3277:           Project file item includes which caused reference "C:\Users\ultra\.nuget\packages\system.windows.extensions\8.0.0\lib\net8.0\System.Windows.Extensions.dll". [C:\Users\ultra\warewolf\Dev\Dev2.Server\Dev2.Server.csproj]
C:\Program Files\dotnet\sdk\10.0.201\Microsoft.Common.CurrentVersion.targets(2451,5): warning MSB3277:             C:\Users\ultra\.nuget\packages\system.windows.extensions\8.0.0\lib\net8.0\System.Windows.Extensions.dll [C:\Users\ultra\warewolf\Dev\Dev2.Server\Dev2.Server.csproj]
C:\Program Files\dotnet\sdk\10.0.201\Microsoft.Common.CurrentVersion.targets(2451,5): warning MSB3277:             C:\Users\ultra\.nuget\packages\system.security.permissions\8.0.0\lib\net8.0\System.Security.Permissions.dll [C:\Users\ultra\warewolf\Dev\Dev2.Server\Dev2.Server.csproj]
C:\Program Files\dotnet\sdk\10.0.201\Microsoft.Common.CurrentVersion.targets(2451,5): warning MSB3277:             C:\Users\ultra\warewolf\Dev\Dev2.Data\bin\Debug\net8.0\Dev2.Data.dll [C:\Users\ultra\warewolf\Dev\Dev2.Server\Dev2.Server.csproj]
C:\Program Files\dotnet\sdk\10.0.201\Microsoft.Common.CurrentVersion.targets(2451,5): warning MSB3277:             C:\Users\ultra\warewolf\Dev\Dev2.Activities\bin\Debug\net8.0\Dev2.Activities.dll [C:\Users\ultra\warewolf\Dev\Dev2.Server\Dev2.Server.csproj]
C:\Program Files\dotnet\sdk\10.0.201\Microsoft.Common.CurrentVersion.targets(2451,5): warning MSB3277:             C:\Users\ultra\warewolf\Dev\Dev2.Core\bin\Debug\net8.0\Dev2.Core.dll [C:\Users\ultra\warewolf\Dev\Dev2.Server\Dev2.Server.csproj]
C:\Program Files\dotnet\sdk\10.0.201\Microsoft.Common.CurrentVersion.targets(2451,5): warning MSB3277:             C:\Users\ultra\warewolf\Dev\Dev2.Runtime.Services\bin\Debug\net8.0\Dev2.Runtime.Services.dll [C:\Users\ultra\warewolf\Dev\Dev2.Server\Dev2.Server.csproj]
C:\Program Files\dotnet\sdk\10.0.201\Microsoft.Common.CurrentVersion.targets(2451,5): warning MSB3277:             C:\Users\ultra\warewolf\Dev\Dev2.Runtime.WebServer\bin\Debug\net8.0\Dev2.Runtime.WebServer.dll [C:\Users\ultra\warewolf\Dev\Dev2.Server\Dev2.Server.csproj]
C:\Program Files\dotnet\sdk\10.0.201\Microsoft.Common.CurrentVersion.targets(2451,5): warning MSB3277:             C:\Users\ultra\warewolf\Dev\Dev2.Runtime\bin\Debug\net8.0\Dev2.Runtime.dll [C:\Users\ultra\warewolf\Dev\Dev2.Server\Dev2.Server.csproj]
C:\Program Files\dotnet\sdk\10.0.201\Microsoft.Common.CurrentVersion.targets(2451,5): warning MSB3277:             C:\Users\ultra\warewolf\Dev\Dev2.Scheduler\bin\Debug\net8.0\Dev2.Scheduler.dll [C:\Users\ultra\warewolf\Dev\Dev2.Server\Dev2.Server.csproj]
C:\Program Files\dotnet\sdk\10.0.201\Microsoft.Common.CurrentVersion.targets(2451,5): warning MSB3277:             C:\Users\ultra\warewolf\Dev\Dev2.Services.Execution\bin\Debug\net8.0\Dev2.Services.Execution.dll [C:\Users\ultra\warewolf\Dev\Dev2.Server\Dev2.Server.csproj]
C:\Program Files\dotnet\sdk\10.0.201\Microsoft.Common.CurrentVersion.targets(2451,5): warning MSB3277:             C:\Users\ultra\warewolf\Dev\Warewolf.Auditing\bin\Debug\net8.0\Warewolf.Auditing.dll [C:\Users\ultra\warewolf\Dev\Dev2.Server\Dev2.Server.csproj]
C:\Program Files\dotnet\sdk\10.0.201\Microsoft.Common.CurrentVersion.targets(2451,5): warning MSB3277:             C:\Users\ultra\warewolf\Dev\Warewolf.HangfireServer\bin\Debug\net8.0\HangfireServer.dll [C:\Users\ultra\warewolf\Dev\Dev2.Server\Dev2.Server.csproj]
C:\Program Files\dotnet\sdk\10.0.201\Microsoft.Common.CurrentVersion.targets(2451,5): warning MSB3277:             C:\Users\ultra\warewolf\Dev\Warewolf.Logger\bin\Debug\net8.0\WarewolfLogger.dll [C:\Users\ultra\warewolf\Dev\Dev2.Server\Dev2.Server.csproj]
C:\Program Files\dotnet\sdk\10.0.201\Microsoft.Common.CurrentVersion.targets(2451,5): warning MSB3277:             C:\Users\ultra\warewolf\Dev\Warewolf.QueueWorker\bin\Debug\net8.0\QueueWorker.dll [C:\Users\ultra\warewolf\Dev\Dev2.Server\Dev2.Server.csproj]
C:\Program Files\dotnet\sdk\10.0.201\Microsoft.Common.CurrentVersion.targets(2451,5): warning MSB3277:             C:\Users\ultra\warewolf\Dev\Warewolf.Core\bin\Debug\net8.0\Warewolf.Core.dll [C:\Users\ultra\warewolf\Dev\Dev2.Server\Dev2.Server.csproj]
C:\Program Files\dotnet\sdk\10.0.201\Microsoft.Common.CurrentVersion.targets(2451,5): warning MSB3277:             C:\Users\ultra\warewolf\Dev\Warewolf.ResourceManagement\bin\Debug\net8.0\Warewolf.ResourceManagement.dll [C:\Users\ultra\warewolf\Dev\Dev2.Server\Dev2.Server.csproj]
C:\Program Files\dotnet\sdk\10.0.201\Microsoft.Common.CurrentVersion.targets(2451,5): warning MSB3277:             C:\Users\ultra\warewolf\Dev\Warewolf.Trigger.Queue\bin\Debug\net8.0\Warewolf.Trigger.Queue.dll [C:\Users\ultra\warewolf\Dev\Dev2.Server\Dev2.Server.csproj]
C:\Program Files\dotnet\sdk\10.0.201\Microsoft.Common.CurrentVersion.targets(2451,5): warning MSB3277:             C:\Users\ultra\warewolf\Dev\Dev2.Intellisense\bin\Debug\net8.0\Dev2.Intellisense.dll [C:\Users\ultra\warewolf\Dev\Dev2.Server\Dev2.Server.csproj]
C:\Program Files\dotnet\sdk\10.0.201\Microsoft.Common.CurrentVersion.targets(2451,5): warning MSB3277:             C:\Users\ultra\warewolf\Dev\Dev2.Studio.Core\bin\Debug\net8.0\Dev2.Studio.Core.dll [C:\Users\ultra\warewolf\Dev\Dev2.Server\Dev2.Server.csproj]
C:\Program Files\dotnet\sdk\10.0.201\Microsoft.Common.CurrentVersion.targets(2451,5): warning MSB3277:             C:\Users\ultra\warewolf\Dev\Dev2.Studio.Interfaces\bin\Debug\net8.0\Dev2.Studio.Interfaces.dll [C:\Users\ultra\warewolf\Dev\Dev2.Server\Dev2.Server.csproj]
C:\Program Files\dotnet\sdk\10.0.201\Microsoft.Common.CurrentVersion.targets(2451,5): warning MSB3277:             C:\Users\ultra\warewolf\Dev\Warewolf.Common.Framework48\bin\Debug\net8.0\Warewolf.Common.Framework48.dll [C:\Users\ultra\warewolf\Dev\Dev2.Server\Dev2.Server.csproj]
C:\Program Files\dotnet\sdk\10.0.201\Microsoft.Common.CurrentVersion.targets(2451,5): warning MSB3277:             C:\Users\ultra\warewolf\Dev\Warewolf.Common.NetStandard20\bin\Debug\net8.0\Warewolf.Common.NetStandard20.dll [C:\Users\ultra\warewolf\Dev\Dev2.Server\Dev2.Server.csproj]
C:\Program Files\dotnet\sdk\10.0.201\Microsoft.Common.CurrentVersion.targets(2451,5): warning MSB3277:             C:\Users\ultra\warewolf\Dev\Warewolf.Driver.Persistence\bin\Debug\net8.0\Warewolf.Driver.Persistence.dll [C:\Users\ultra\warewolf\Dev\Dev2.Server\Dev2.Server.csproj]
C:\Program Files\dotnet\sdk\10.0.201\Microsoft.Common.CurrentVersion.targets(2451,5): warning MSB3277:             C:\Users\ultra\warewolf\Dev\Warewolf.Exchange.Email.Wrapper\bin\Debug\net8.0\Warewolf.Exchange.Email.Wrapper.dll [C:\Users\ultra\warewolf\Dev\Dev2.Server\Dev2.Server.csproj]
C:\Program Files\dotnet\sdk\10.0.201\Microsoft.Common.CurrentVersion.targets(2451,5): warning MSB3277:             C:\Users\ultra\warewolf\Dev\Warewolf.Studio.Core\bin\Debug\net8.0\Warewolf.Studio.Core.dll [C:\Users\ultra\warewolf\Dev\Dev2.Server\Dev2.Server.csproj]
C:\Program Files\dotnet\sdk\10.0.201\Microsoft.Common.CurrentVersion.targets(2451,5): warning MSB3277:             C:\Users\ultra\warewolf\Dev\Warewolf.UI\bin\Debug\net8.0\Warewolf.UI.dll [C:\Users\ultra\warewolf\Dev\Dev2.Server\Dev2.Server.csproj]
C:\Program Files\dotnet\sdk\10.0.201\Microsoft.Common.CurrentVersion.targets(2451,5): warning MSB3277:             C:\Users\ultra\.nuget\packages\dotnetzip\1.16.0\lib\netstandard2.0\DotNetZip.dll [C:\Users\ultra\warewolf\Dev\Dev2.Server\Dev2.Server.csproj]
C:\Program Files\dotnet\sdk\10.0.201\Microsoft.Common.CurrentVersion.targets(2451,5): warning MSB3277:             C:\Users\ultra\warewolf\Dev\Dev2.Common\bin\Debug\net8.0\Dev2.Common.dll [C:\Users\ultra\warewolf\Dev\Dev2.Server\Dev2.Server.csproj]
C:\Program Files\dotnet\sdk\10.0.201\Microsoft.Common.CurrentVersion.targets(2451,5): warning MSB3277:             C:\Users\ultra\warewolf\Dev\Dev2.Development.Languages\bin\Debug\net8.0\Dev2.Development.Languages.dll [C:\Users\ultra\warewolf\Dev\Dev2.Server\Dev2.Server.csproj]
C:\Program Files\dotnet\sdk\10.0.201\Microsoft.Common.CurrentVersion.targets(2451,5): warning MSB3277:             C:\Users\ultra\warewolf\Dev\Dev2.Diagnostics\bin\Debug\net8.0\Dev2.Diagnostics.dll [C:\Users\ultra\warewolf\Dev\Dev2.Server\Dev2.Server.csproj]
C:\Program Files\dotnet\sdk\10.0.201\Microsoft.Common.CurrentVersion.targets(2451,5): warning MSB3277:             C:\Users\ultra\warewolf\Dev\Dev2.Infrastructure\bin\Debug\net8.0\Dev2.Infrastructure.dll [C:\Users\ultra\warewolf\Dev\Dev2.Server\Dev2.Server.csproj]
C:\Program Files\dotnet\sdk\10.0.201\Microsoft.Common.CurrentVersion.targets(2451,5): warning MSB3277:             C:\Users\ultra\warewolf\Dev\Dev2.Util\bin\Debug\net8.0\Dev2.Util.dll [C:\Users\ultra\warewolf\Dev\Dev2.Server\Dev2.Server.csproj]
C:\Program Files\dotnet\sdk\10.0.201\Microsoft.Common.CurrentVersion.targets(2451,5): warning MSB3277:             C:\Users\ultra\warewolf\Dev\Warewolf.PerfMon\bin\Debug\net8.0\Warewolf.PerfMon.dll [C:\Users\ultra\warewolf\Dev\Dev2.Server\Dev2.Server.csproj]
C:\Program Files\dotnet\sdk\10.0.201\Microsoft.Common.CurrentVersion.targets(2451,5): warning MSB3277:             C:\Users\ultra\warewolf\Dev\Warewolf.Sharepoint\bin\Debug\net8.0\Warewolf.Sharepoint.dll [C:\Users\ultra\warewolf\Dev\Dev2.Server\Dev2.Server.csproj]
C:\Program Files\dotnet\sdk\10.0.201\Microsoft.Common.CurrentVersion.targets(2451,5): warning MSB3277:             C:\Users\ultra\warewolf\Dev\Warewolf.Storage\bin\Debug\net8.0\Warewolf.Storage.dll [C:\Users\ultra\warewolf\Dev\Dev2.Server\Dev2.Server.csproj]
C:\Program Files\dotnet\sdk\10.0.201\Microsoft.Common.CurrentVersion.targets(2451,5): warning MSB3277:             C:\Users\ultra\warewolf\Dev\Dev2.Data.Interfaces\bin\Debug\net8.0\Dev2.Data.Interfaces.dll [C:\Users\ultra\warewolf\Dev\Dev2.Server\Dev2.Server.csproj]
C:\Program Files\dotnet\sdk\10.0.201\Microsoft.Common.CurrentVersion.targets(2451,5): warning MSB3277:             C:\Users\ultra\warewolf\Dev\Dev2.Services.Sql\bin\Debug\net8.0\Dev2.Services.Sql.dll [C:\Users\ultra\warewolf\Dev\Dev2.Server\Dev2.Server.csproj]
C:\Program Files\dotnet\sdk\10.0.201\Microsoft.Common.CurrentVersion.targets(2451,5): warning MSB3277:             C:\Users\ultra\warewolf\Dev\Dev2.TaskScheduler.Wrappers\bin\Debug\net8.0\Dev2.TaskScheduler.Wrappers.dll [C:\Users\ultra\warewolf\Dev\Dev2.Server\Dev2.Server.csproj]
C:\Program Files\dotnet\sdk\10.0.201\Microsoft.Common.CurrentVersion.targets(2451,5): warning MSB3277:             C:\Users\ultra\warewolf\Dev\Warewolf.AI.Harness\bin\Debug\net8.0\Warewolf.AI.Harness.dll [C:\Users\ultra\warewolf\Dev\Dev2.Server\Dev2.Server.csproj]
C:\Program Files\dotnet\sdk\10.0.201\Microsoft.Common.CurrentVersion.targets(2451,5): warning MSB3277:             C:\Users\ultra\warewolf\Dev\Warewolf.Driver.Serilog\bin\Debug\net8.0\Warewolf.Driver.Serilog.dll [C:\Users\ultra\warewolf\Dev\Dev2.Server\Dev2.Server.csproj]
C:\Program Files\dotnet\sdk\10.0.201\Microsoft.Common.CurrentVersion.targets(2451,5): warning MSB3277:             C:\Users\ultra\.nuget\packages\mindbox.data.linq\5.0.0\lib\netstandard2.0\Mindbox.Data.Linq.dll [C:\Users\ultra\warewolf\Dev\Dev2.Server\Dev2.Server.csproj]
C:\Program Files\dotnet\sdk\10.0.201\Microsoft.Common.CurrentVersion.targets(2451,5): warning MSB3277:             C:\Users\ultra\.nuget\packages\mysql.data\8.4.0\lib\net8.0\MySql.Data.dll [C:\Users\ultra\warewolf\Dev\Dev2.Server\Dev2.Server.csproj]
C:\Program Files\dotnet\sdk\10.0.201\Microsoft.Common.CurrentVersion.targets(2451,5): warning MSB3277:             C:\Users\ultra\.nuget\packages\oracle.manageddataaccess.core\3.21.70\lib\netstandard2.1\Oracle.ManagedDataAccess.dll [C:\Users\ultra\warewolf\Dev\Dev2.Server\Dev2.Server.csproj]
C:\Program Files\dotnet\sdk\10.0.201\Microsoft.Common.CurrentVersion.targets(2451,5): warning MSB3277:             C:\Users\ultra\.nuget\packages\system.directoryservices\6.0.0\lib\net6.0\System.DirectoryServices.dll [C:\Users\ultra\warewolf\Dev\Dev2.Server\Dev2.Server.csproj]
C:\Program Files\dotnet\sdk\10.0.201\Microsoft.Common.CurrentVersion.targets(2451,5): warning MSB3277:             C:\Users\ultra\.nuget\packages\corewcf.primitives\1.2.1\lib\netstandard2.0\CoreWCF.Primitives.dll [C:\Users\ultra\warewolf\Dev\Dev2.Server\Dev2.Server.csproj]
C:\Program Files\dotnet\sdk\10.0.201\Microsoft.Common.CurrentVersion.targets(2451,5): warning MSB3277:             C:\Users\ultra\.nuget\packages\corewcf.http\1.2.1\lib\netstandard2.0\CoreWCF.Http.dll [C:\Users\ultra\warewolf\Dev\Dev2.Server\Dev2.Server.csproj]
C:\Program Files\dotnet\sdk\10.0.201\Microsoft.Common.CurrentVersion.targets(2451,5): warning MSB3277:             C:\Users\ultra\.nuget\packages\corewcf.nettcp\1.2.1\lib\netstandard2.0\CoreWCF.NetTcp.dll [C:\Users\ultra\warewolf\Dev\Dev2.Server\Dev2.Server.csproj]
C:\Program Files\dotnet\sdk\10.0.201\Microsoft.Common.CurrentVersion.targets(2451,5): warning MSB3277:             C:\Users\ultra\.nuget\packages\corewcf.webhttp\1.2.1\lib\netstandard2.0\CoreWCF.WebHttp.dll [C:\Users\ultra\warewolf\Dev\Dev2.Server\Dev2.Server.csproj]
C:\Program Files\dotnet\sdk\10.0.201\Microsoft.Common.CurrentVersion.targets(2451,5): warning MSB3277:             C:\Program Files\dotnet\packs\Microsoft.NETCore.App.Ref\8.0.25\ref/net8.0/System.Configuration.dll [C:\Users\ultra\warewolf\Dev\Dev2.Server\Dev2.Server.csproj]
C:\Program Files\dotnet\sdk\10.0.201\Microsoft.Common.CurrentVersion.targets(2451,5): warning MSB3277:             C:\Users\ultra\.nuget\packages\prism.wpf\9.0.537\lib\net462\Prism.Wpf.dll [C:\Users\ultra\warewolf\Dev\Dev2.Server\Dev2.Server.csproj]
C:\Program Files\dotnet\sdk\10.0.201\Microsoft.Common.CurrentVersion.targets(2451,5): warning MSB3277:             C:\Program Files\dotnet\packs\Microsoft.NETCore.App.Ref\8.0.25\ref/net8.0/System.Data.dll [C:\Users\ultra\warewolf\Dev\Dev2.Server\Dev2.Server.csproj]
C:\Program Files\dotnet\sdk\10.0.201\Microsoft.Common.CurrentVersion.targets(2451,5): warning MSB3277:             C:\Users\ultra\.nuget\packages\taskschedulereditor\2.10.1\lib\net452\Microsoft.Win32.TaskSchedulerEditor.dll [C:\Users\ultra\warewolf\Dev\Dev2.Server\Dev2.Server.csproj]
C:\Program Files\dotnet\sdk\10.0.201\Microsoft.Common.CurrentVersion.targets(2451,5): warning MSB3277:             C:\Program Files\dotnet\packs\Microsoft.NETCore.App.Ref\8.0.25\ref/net8.0/System.Drawing.dll [C:\Users\ultra\warewolf\Dev\Dev2.Server\Dev2.Server.csproj]
C:\Program Files\dotnet\sdk\10.0.201\Microsoft.Common.CurrentVersion.targets(2451,5): warning MSB3277:             C:\Users\ultra\.nuget\packages\aerowizard\2.3.1\lib\net45\AeroWizard.dll [C:\Users\ultra\warewolf\Dev\Dev2.Server\Dev2.Server.csproj]
C:\Program Files\dotnet\sdk\10.0.201\Microsoft.Common.CurrentVersion.targets(2451,5): warning MSB3277:             C:\Users\ultra\.nuget\packages\groupcontrols\1.9.0\lib\net45\GroupControls.dll [C:\Users\ultra\warewolf\Dev\Dev2.Server\Dev2.Server.csproj]
C:\Program Files\dotnet\sdk\10.0.201\Microsoft.Common.CurrentVersion.targets(2451,5): warning MSB3277:             C:\Program Files\dotnet\packs\Microsoft.NETCore.App.Ref\8.0.25\ref/net8.0/System.Net.dll [C:\Users\ultra\warewolf\Dev\Dev2.Server\Dev2.Server.csproj]
C:\Program Files\dotnet\sdk\10.0.201\Microsoft.Common.CurrentVersion.targets(2451,5): warning MSB3277:             C:\Program Files\dotnet\packs\Microsoft.NETCore.App.Ref\8.0.25\ref/net8.0/System.Security.dll [C:\Users\ultra\warewolf\Dev\Dev2.Server\Dev2.Server.csproj]
C:\Program Files\dotnet\sdk\10.0.201\Microsoft.Common.CurrentVersion.targets(2451,5): warning MSB3277:             C:\Program Files\dotnet\packs\Microsoft.NETCore.App.Ref\8.0.25\ref/net8.0/System.ServiceProcess.dll [C:\Users\ultra\warewolf\Dev\Dev2.Server\Dev2.Server.csproj]
C:\Program Files\dotnet\sdk\10.0.201\Microsoft.Common.CurrentVersion.targets(2451,5): warning MSB3277:             C:\Program Files\dotnet\packs\Microsoft.NETCore.App.Ref\8.0.25\ref/net8.0/System.Transactions.dll [C:\Users\ultra\warewolf\Dev\Dev2.Server\Dev2.Server.csproj]
C:\Program Files\dotnet\sdk\10.0.201\Microsoft.Common.CurrentVersion.targets(2451,5): warning MSB3277:             C:\Program Files\dotnet\packs\Microsoft.NETCore.App.Ref\8.0.25\ref/net8.0/System.dll [C:\Users\ultra\warewolf\Dev\Dev2.Server\Dev2.Server.csproj]
C:\Program Files\dotnet\sdk\10.0.201\Microsoft.Common.CurrentVersion.targets(2451,5): warning MSB3277:             C:\Users\ultra\.nuget\packages\microsoft.xaml.behaviors.wpf\1.1.122\lib\net462\Microsoft.Xaml.Behaviors.dll [C:\Users\ultra\warewolf\Dev\Dev2.Server\Dev2.Server.csproj]
C:\Program Files\dotnet\sdk\10.0.201\Microsoft.Common.CurrentVersion.targets(2451,5): warning MSB3277:             C:\Users\ultra\.nuget\packages\caliburn.micro\4.0.212\lib\netcoreapp3.1\Caliburn.Micro.Platform.dll [C:\Users\ultra\warewolf\Dev\Dev2.Server\Dev2.Server.csproj]
C:\Program Files\dotnet\sdk\10.0.201\Microsoft.Common.CurrentVersion.targets(2451,5): warning MSB3277:             C:\Users\ultra\.nuget\packages\reactiveui.wpf\18.4.1\lib\net462\ReactiveUI.Wpf.dll [C:\Users\ultra\warewolf\Dev\Dev2.Server\Dev2.Server.csproj]
C:\Program Files\dotnet\sdk\10.0.201\Microsoft.Common.CurrentVersion.targets(2451,5): warning MSB3277:             C:\Users\ultra\.nuget\packages\ttcue.netcore.sharepointonline.csom.16.1.8029.1200\16.1.8029.1200\lib\netcoreapp2.0\Microsoft.SharePoint.Client.Runtime.Windows.dll [C:\Users\ultra\warewolf\Dev\Dev2.Server\Dev2.Server.csproj]
C:\Program Files\dotnet\sdk\10.0.201\Microsoft.Common.CurrentVersion.targets(2451,5): warning MSB3277:             C:\Program Files\dotnet\packs\Microsoft.NETCore.App.Ref\8.0.25\ref/net8.0/WindowsBase.dll [C:\Users\ultra\warewolf\Dev\Dev2.Server\Dev2.Server.csproj]
C:\Program Files\dotnet\sdk\10.0.201\Microsoft.Common.CurrentVersion.targets(2451,5): warning MSB3277:             C:\Program Files\dotnet\packs\Microsoft.NETCore.App.Ref\8.0.25\ref/net8.0/mscorlib.dll [C:\Users\ultra\warewolf\Dev\Dev2.Server\Dev2.Server.csproj]
C:\Program Files\dotnet\sdk\10.0.201\Microsoft.Common.CurrentVersion.targets(2451,5): warning MSB3277:             Warewolf.Usage, Version=1.0.0.0, Culture=neutral, PublicKeyToken=null [C:\Users\ultra\warewolf\Dev\Dev2.Server\Dev2.Server.csproj]
C:\Program Files\dotnet\sdk\10.0.201\Microsoft.Common.CurrentVersion.targets(2451,5): warning MSB3277:             C:\Users\ultra\.nuget\packages\hangfire.core\1.7.32\lib\netstandard2.0\Hangfire.Core.dll [C:\Users\ultra\warewolf\Dev\Dev2.Server\Dev2.Server.csproj]
C:\Program Files\dotnet\sdk\10.0.201\Microsoft.Common.CurrentVersion.targets(2451,5): warning MSB3277:             C:\Users\ultra\.nuget\packages\hangfire.aspnetcore\1.7.32\lib\netcoreapp3.0\Hangfire.AspNetCore.dll [C:\Users\ultra\warewolf\Dev\Dev2.Server\Dev2.Server.csproj]
C:\Program Files\dotnet\sdk\10.0.201\Microsoft.Common.CurrentVersion.targets(2451,5): warning MSB3277:             C:\Users\ultra\.nuget\packages\hangfire.sqlserver\1.7.32\lib\netstandard2.0\Hangfire.SqlServer.dll [C:\Users\ultra\warewolf\Dev\Dev2.Server\Dev2.Server.csproj]
C:\Program Files\dotnet\sdk\10.0.201\Microsoft.Common.CurrentVersion.targets(2451,5): warning MSB3277:         C:\Program Files\dotnet\packs\Microsoft.NETCore.App.Ref\8.0.25\ref\net8.0\System.Drawing.dll [C:\Users\ultra\warewolf\Dev\Dev2.Server\Dev2.Server.csproj]
C:\Program Files\dotnet\sdk\10.0.201\Microsoft.Common.CurrentVersion.targets(2451,5): warning MSB3277:           Project file item includes which caused reference "C:\Program Files\dotnet\packs\Microsoft.NETCore.App.Ref\8.0.25\ref\net8.0\System.Drawing.dll". [C:\Users\ultra\warewolf\Dev\Dev2.Server\Dev2.Server.csproj]
C:\Program Files\dotnet\sdk\10.0.201\Microsoft.Common.CurrentVersion.targets(2451,5): warning MSB3277:             C:\Program Files\dotnet\packs\Microsoft.NETCore.App.Ref\8.0.25\ref/net8.0/System.Drawing.dll [C:\Users\ultra\warewolf\Dev\Dev2.Server\Dev2.Server.csproj]
C:\Program Files\dotnet\sdk\10.0.201\Microsoft.Common.CurrentVersion.targets(2451,5): warning MSB3277:             C:\Users\ultra\.nuget\packages\aerowizard\2.3.1\lib\net45\AeroWizard.dll [C:\Users\ultra\warewolf\Dev\Dev2.Server\Dev2.Server.csproj]
C:\Program Files\dotnet\sdk\10.0.201\Microsoft.Common.CurrentVersion.targets(2451,5): warning MSB3277:             C:\Users\ultra\.nuget\packages\groupcontrols\1.9.0\lib\net45\GroupControls.dll [C:\Users\ultra\warewolf\Dev\Dev2.Server\Dev2.Server.csproj]
C:\Program Files\dotnet\sdk\10.0.201\Microsoft.Common.CurrentVersion.targets(2451,5): warning MSB3277:             C:\Users\ultra\.nuget\packages\taskschedulereditor\2.10.1\lib\net452\Microsoft.Win32.TaskSchedulerEditor.dll [C:\Users\ultra\warewolf\Dev\Dev2.Server\Dev2.Server.csproj]
C:\Users\ultra\warewolf\Dev\Dev2.Server\Startup.cs(59,95): warning CC0004: Empty Catch Block. (https://code-cracker.github.io/diagnostics/CC0004.html) [C:\Users\ultra\warewolf\Dev\Dev2.Server\Dev2.Server.csproj]
  Dev2.Server -> C:\Users\ultra\warewolf\Dev\Dev2.Server\bin\Debug\net8.0\Warewolf Server.dll
C:\Program Files\dotnet\sdk\10.0.201\Microsoft.Common.CurrentVersion.targets(2451,5): warning MSB3245: Could not resolve this reference. Could not locate the assembly "System.Activities.Core.Presentation". Check to make sure the assembly exists on disk. If this reference is required by your code, you may get compilation errors. [C:\Users\ultra\warewolf\Dev\Warewolf.Studio.AntiCorruptionLayer\Warewolf.Studio.AntiCorruptionLayer.csproj]
C:\Program Files\dotnet\sdk\10.0.201\Microsoft.Common.CurrentVersion.targets(2451,5): warning MSB3277: Found conflicts between different versions of "WindowsBase" that could not be resolved. [C:\Users\ultra\warewolf\Dev\Warewolf.Studio.AntiCorruptionLayer\Warewolf.Studio.AntiCorruptionLayer.csproj]
C:\Program Files\dotnet\sdk\10.0.201\Microsoft.Common.CurrentVersion.targets(2451,5): warning MSB3277: There was a conflict between "WindowsBase, Version=4.0.0.0, Culture=neutral, PublicKeyToken=31bf3856ad364e35" and "WindowsBase, Version=6.0.2.0, Culture=neutral, PublicKeyToken=31bf3856ad364e35". [C:\Users\ultra\warewolf\Dev\Warewolf.Studio.AntiCorruptionLayer\Warewolf.Studio.AntiCorruptionLayer.csproj]
C:\Program Files\dotnet\sdk\10.0.201\Microsoft.Common.CurrentVersion.targets(2451,5): warning MSB3277:     "WindowsBase, Version=4.0.0.0, Culture=neutral, PublicKeyToken=31bf3856ad364e35" was chosen because it was primary and "WindowsBase, Version=6.0.2.0, Culture=neutral, PublicKeyToken=31bf3856ad364e35" was not. [C:\Users\ultra\warewolf\Dev\Warewolf.Studio.AntiCorruptionLayer\Warewolf.Studio.AntiCorruptionLayer.csproj]
C:\Program Files\dotnet\sdk\10.0.201\Microsoft.Common.CurrentVersion.targets(2451,5): warning MSB3277:     References which depend on "WindowsBase, Version=4.0.0.0, Culture=neutral, PublicKeyToken=31bf3856ad364e35" [C:\Program Files\dotnet\packs\Microsoft.NETCore.App.Ref\8.0.25\ref\net8.0\WindowsBase.dll]. [C:\Users\ultra\warewolf\Dev\Warewolf.Studio.AntiCorruptionLayer\Warewolf.Studio.AntiCorruptionLayer.csproj]
C:\Program Files\dotnet\sdk\10.0.201\Microsoft.Common.CurrentVersion.targets(2451,5): warning MSB3277:         C:\Program Files\dotnet\packs\Microsoft.NETCore.App.Ref\8.0.25\ref\net8.0\WindowsBase.dll [C:\Users\ultra\warewolf\Dev\Warewolf.Studio.AntiCorruptionLayer\Warewolf.Studio.AntiCorruptionLayer.csproj]
C:\Program Files\dotnet\sdk\10.0.201\Microsoft.Common.CurrentVersion.targets(2451,5): warning MSB3277:           Project file item includes which caused reference "C:\Program Files\dotnet\packs\Microsoft.NETCore.App.Ref\8.0.25\ref\net8.0\WindowsBase.dll". [C:\Users\ultra\warewolf\Dev\Warewolf.Studio.AntiCorruptionLayer\Warewolf.Studio.AntiCorruptionLayer.csproj]
C:\Program Files\dotnet\sdk\10.0.201\Microsoft.Common.CurrentVersion.targets(2451,5): warning MSB3277:             C:\Program Files\dotnet\packs\Microsoft.NETCore.App.Ref\8.0.25\ref/net8.0/WindowsBase.dll [C:\Users\ultra\warewolf\Dev\Warewolf.Studio.AntiCorruptionLayer\Warewolf.Studio.AntiCorruptionLayer.csproj]
C:\Program Files\dotnet\sdk\10.0.201\Microsoft.Common.CurrentVersion.targets(2451,5): warning MSB3277:     References which depend on or have been unified to "WindowsBase, Version=6.0.2.0, Culture=neutral, PublicKeyToken=31bf3856ad364e35" []. [C:\Users\ultra\warewolf\Dev\Warewolf.Studio.AntiCorruptionLayer\Warewolf.Studio.AntiCorruptionLayer.csproj]
C:\Program Files\dotnet\sdk\10.0.201\Microsoft.Common.CurrentVersion.targets(2451,5): warning MSB3277:         C:\Users\ultra\.nuget\packages\caliburn.micro\4.0.212\lib\netcoreapp3.1\Caliburn.Micro.Platform.dll [C:\Users\ultra\warewolf\Dev\Warewolf.Studio.AntiCorruptionLayer\Warewolf.Studio.AntiCorruptionLayer.csproj]
C:\Program Files\dotnet\sdk\10.0.201\Microsoft.Common.CurrentVersion.targets(2451,5): warning MSB3277:           Project file item includes which caused reference "C:\Users\ultra\.nuget\packages\caliburn.micro\4.0.212\lib\netcoreapp3.1\Caliburn.Micro.Platform.dll". [C:\Users\ultra\warewolf\Dev\Warewolf.Studio.AntiCorruptionLayer\Warewolf.Studio.AntiCorruptionLayer.csproj]
C:\Program Files\dotnet\sdk\10.0.201\Microsoft.Common.CurrentVersion.targets(2451,5): warning MSB3277:             C:\Users\ultra\.nuget\packages\caliburn.micro\4.0.212\lib\netcoreapp3.1\Caliburn.Micro.Platform.dll [C:\Users\ultra\warewolf\Dev\Warewolf.Studio.AntiCorruptionLayer\Warewolf.Studio.AntiCorruptionLayer.csproj]
C:\Program Files\dotnet\sdk\10.0.201\Microsoft.Common.CurrentVersion.targets(2451,5): warning MSB3277:         C:\Users\ultra\.nuget\packages\extended.wpf.toolkit\4.4.0\lib\net5.0\Xceed.Wpf.AvalonDock.NET5.dll [C:\Users\ultra\warewolf\Dev\Warewolf.Studio.AntiCorruptionLayer\Warewolf.Studio.AntiCorruptionLayer.csproj]
C:\Program Files\dotnet\sdk\10.0.201\Microsoft.Common.CurrentVersion.targets(2451,5): warning MSB3277:           Project file item includes which caused reference "C:\Users\ultra\.nuget\packages\extended.wpf.toolkit\4.4.0\lib\net5.0\Xceed.Wpf.AvalonDock.NET5.dll". [C:\Users\ultra\warewolf\Dev\Warewolf.Studio.AntiCorruptionLayer\Warewolf.Studio.AntiCorruptionLayer.csproj]
C:\Program Files\dotnet\sdk\10.0.201\Microsoft.Common.CurrentVersion.targets(2451,5): warning MSB3277:             C:\Users\ultra\.nuget\packages\extended.wpf.toolkit\4.4.0\lib\net5.0\Xceed.Wpf.AvalonDock.NET5.dll [C:\Users\ultra\warewolf\Dev\Warewolf.Studio.AntiCorruptionLayer\Warewolf.Studio.AntiCorruptionLayer.csproj]
C:\Program Files\dotnet\sdk\10.0.201\Microsoft.Common.CurrentVersion.targets(2451,5): warning MSB3277:             C:\Users\ultra\.nuget\packages\extended.wpf.toolkit\4.4.0\lib\net5.0\Xceed.Wpf.AvalonDock.Themes.Aero.NET5.dll [C:\Users\ultra\warewolf\Dev\Warewolf.Studio.AntiCorruptionLayer\Warewolf.Studio.AntiCorruptionLayer.csproj]
C:\Program Files\dotnet\sdk\10.0.201\Microsoft.Common.CurrentVersion.targets(2451,5): warning MSB3277:             C:\Users\ultra\.nuget\packages\extended.wpf.toolkit\4.4.0\lib\net5.0\Xceed.Wpf.AvalonDock.Themes.Metro.NET5.dll [C:\Users\ultra\warewolf\Dev\Warewolf.Studio.AntiCorruptionLayer\Warewolf.Studio.AntiCorruptionLayer.csproj]
C:\Program Files\dotnet\sdk\10.0.201\Microsoft.Common.CurrentVersion.targets(2451,5): warning MSB3277:             C:\Users\ultra\.nuget\packages\extended.wpf.toolkit\4.4.0\lib\net5.0\Xceed.Wpf.AvalonDock.Themes.VS2010.NET5.dll [C:\Users\ultra\warewolf\Dev\Warewolf.Studio.AntiCorruptionLayer\Warewolf.Studio.AntiCorruptionLayer.csproj]
C:\Program Files\dotnet\sdk\10.0.201\Microsoft.Common.CurrentVersion.targets(2451,5): warning MSB3277:         C:\Users\ultra\.nuget\packages\extended.wpf.toolkit\4.4.0\lib\net5.0\Xceed.Wpf.AvalonDock.Themes.Aero.NET5.dll [C:\Users\ultra\warewolf\Dev\Warewolf.Studio.AntiCorruptionLayer\Warewolf.Studio.AntiCorruptionLayer.csproj]
C:\Program Files\dotnet\sdk\10.0.201\Microsoft.Common.CurrentVersion.targets(2451,5): warning MSB3277:           Project file item includes which caused reference "C:\Users\ultra\.nuget\packages\extended.wpf.toolkit\4.4.0\lib\net5.0\Xceed.Wpf.AvalonDock.Themes.Aero.NET5.dll". [C:\Users\ultra\warewolf\Dev\Warewolf.Studio.AntiCorruptionLayer\Warewolf.Studio.AntiCorruptionLayer.csproj]
C:\Program Files\dotnet\sdk\10.0.201\Microsoft.Common.CurrentVersion.targets(2451,5): warning MSB3277:             C:\Users\ultra\.nuget\packages\extended.wpf.toolkit\4.4.0\lib\net5.0\Xceed.Wpf.AvalonDock.Themes.Aero.NET5.dll [C:\Users\ultra\warewolf\Dev\Warewolf.Studio.AntiCorruptionLayer\Warewolf.Studio.AntiCorruptionLayer.csproj]
C:\Program Files\dotnet\sdk\10.0.201\Microsoft.Common.CurrentVersion.targets(2451,5): warning MSB3277:         C:\Users\ultra\.nuget\packages\extended.wpf.toolkit\4.4.0\lib\net5.0\Xceed.Wpf.Toolkit.NET5.dll [C:\Users\ultra\warewolf\Dev\Warewolf.Studio.AntiCorruptionLayer\Warewolf.Studio.AntiCorruptionLayer.csproj]
C:\Program Files\dotnet\sdk\10.0.201\Microsoft.Common.CurrentVersion.targets(2451,5): warning MSB3277:           Project file item includes which caused reference "C:\Users\ultra\.nuget\packages\extended.wpf.toolkit\4.4.0\lib\net5.0\Xceed.Wpf.Toolkit.NET5.dll". [C:\Users\ultra\warewolf\Dev\Warewolf.Studio.AntiCorruptionLayer\Warewolf.Studio.AntiCorruptionLayer.csproj]
C:\Program Files\dotnet\sdk\10.0.201\Microsoft.Common.CurrentVersion.targets(2451,5): warning MSB3277:             C:\Users\ultra\.nuget\packages\extended.wpf.toolkit\4.4.0\lib\net5.0\Xceed.Wpf.Toolkit.NET5.dll [C:\Users\ultra\warewolf\Dev\Warewolf.Studio.AntiCorruptionLayer\Warewolf.Studio.AntiCorruptionLayer.csproj]
C:\Program Files\dotnet\sdk\10.0.201\Microsoft.Common.CurrentVersion.targets(2451,5): warning MSB3277:         C:\Users\ultra\.nuget\packages\ironpython\3.4.0\lib\net6.0\IronPython.Wpf.dll [C:\Users\ultra\warewolf\Dev\Warewolf.Studio.AntiCorruptionLayer\Warewolf.Studio.AntiCorruptionLayer.csproj]
C:\Program Files\dotnet\sdk\10.0.201\Microsoft.Common.CurrentVersion.targets(2451,5): warning MSB3277:           Project file item includes which caused reference "C:\Users\ultra\.nuget\packages\ironpython\3.4.0\lib\net6.0\IronPython.Wpf.dll". [C:\Users\ultra\warewolf\Dev\Warewolf.Studio.AntiCorruptionLayer\Warewolf.Studio.AntiCorruptionLayer.csproj]
C:\Program Files\dotnet\sdk\10.0.201\Microsoft.Common.CurrentVersion.targets(2451,5): warning MSB3277:             C:\Users\ultra\.nuget\packages\ironpython\3.4.0\lib\net6.0\IronPython.Wpf.dll [C:\Users\ultra\warewolf\Dev\Warewolf.Studio.AntiCorruptionLayer\Warewolf.Studio.AntiCorruptionLayer.csproj]
C:\Program Files\dotnet\sdk\10.0.201\Microsoft.Common.CurrentVersion.targets(2451,5): warning MSB3277:         C:\Users\ultra\.nuget\packages\microsoft.xaml.behaviors.wpf\1.1.122\lib\net462\Microsoft.Xaml.Behaviors.dll [C:\Users\ultra\warewolf\Dev\Warewolf.Studio.AntiCorruptionLayer\Warewolf.Studio.AntiCorruptionLayer.csproj]
C:\Program Files\dotnet\sdk\10.0.201\Microsoft.Common.CurrentVersion.targets(2451,5): warning MSB3277:           Project file item includes which caused reference "C:\Users\ultra\.nuget\packages\microsoft.xaml.behaviors.wpf\1.1.122\lib\net462\Microsoft.Xaml.Behaviors.dll". [C:\Users\ultra\warewolf\Dev\Warewolf.Studio.AntiCorruptionLayer\Warewolf.Studio.AntiCorruptionLayer.csproj]
C:\Program Files\dotnet\sdk\10.0.201\Microsoft.Common.CurrentVersion.targets(2451,5): warning MSB3277:             C:\Users\ultra\.nuget\packages\microsoft.xaml.behaviors.wpf\1.1.122\lib\net462\Microsoft.Xaml.Behaviors.dll [C:\Users\ultra\warewolf\Dev\Warewolf.Studio.AntiCorruptionLayer\Warewolf.Studio.AntiCorruptionLayer.csproj]
C:\Program Files\dotnet\sdk\10.0.201\Microsoft.Common.CurrentVersion.targets(2451,5): warning MSB3277:             C:\Users\ultra\.nuget\packages\caliburn.micro\4.0.212\lib\netcoreapp3.1\Caliburn.Micro.Platform.dll [C:\Users\ultra\warewolf\Dev\Warewolf.Studio.AntiCorruptionLayer\Warewolf.Studio.AntiCorruptionLayer.csproj]
C:\Program Files\dotnet\sdk\10.0.201\Microsoft.Common.CurrentVersion.targets(2451,5): warning MSB3277:             C:\Users\ultra\.nuget\packages\prism.wpf\9.0.537\lib\net462\Prism.Wpf.dll [C:\Users\ultra\warewolf\Dev\Warewolf.Studio.AntiCorruptionLayer\Warewolf.Studio.AntiCorruptionLayer.csproj]
C:\Program Files\dotnet\sdk\10.0.201\Microsoft.Common.CurrentVersion.targets(2451,5): warning MSB3277:         C:\Users\ultra\.nuget\packages\prism.wpf\9.0.537\lib\net462\Prism.Wpf.dll [C:\Users\ultra\warewolf\Dev\Warewolf.Studio.AntiCorruptionLayer\Warewolf.Studio.AntiCorruptionLayer.csproj]
C:\Program Files\dotnet\sdk\10.0.201\Microsoft.Common.CurrentVersion.targets(2451,5): warning MSB3277:           Project file item includes which caused reference "C:\Users\ultra\.nuget\packages\prism.wpf\9.0.537\lib\net462\Prism.Wpf.dll". [C:\Users\ultra\warewolf\Dev\Warewolf.Studio.AntiCorruptionLayer\Warewolf.Studio.AntiCorruptionLayer.csproj]
C:\Program Files\dotnet\sdk\10.0.201\Microsoft.Common.CurrentVersion.targets(2451,5): warning MSB3277:             C:\Users\ultra\.nuget\packages\prism.wpf\9.0.537\lib\net462\Prism.Wpf.dll [C:\Users\ultra\warewolf\Dev\Warewolf.Studio.AntiCorruptionLayer\Warewolf.Studio.AntiCorruptionLayer.csproj]
C:\Program Files\dotnet\sdk\10.0.201\Microsoft.Common.CurrentVersion.targets(2451,5): warning MSB3277:         C:\Users\ultra\.nuget\packages\reactiveui.wpf\18.4.1\lib\net462\ReactiveUI.Wpf.dll [C:\Users\ultra\warewolf\Dev\Warewolf.Studio.AntiCorruptionLayer\Warewolf.Studio.AntiCorruptionLayer.csproj]
C:\Program Files\dotnet\sdk\10.0.201\Microsoft.Common.CurrentVersion.targets(2451,5): warning MSB3277:           Project file item includes which caused reference "C:\Users\ultra\.nuget\packages\reactiveui.wpf\18.4.1\lib\net462\ReactiveUI.Wpf.dll". [C:\Users\ultra\warewolf\Dev\Warewolf.Studio.AntiCorruptionLayer\Warewolf.Studio.AntiCorruptionLayer.csproj]
C:\Program Files\dotnet\sdk\10.0.201\Microsoft.Common.CurrentVersion.targets(2451,5): warning MSB3277:             C:\Users\ultra\.nuget\packages\reactiveui.wpf\18.4.1\lib\net462\ReactiveUI.Wpf.dll [C:\Users\ultra\warewolf\Dev\Warewolf.Studio.AntiCorruptionLayer\Warewolf.Studio.AntiCorruptionLayer.csproj]
  Consider app.config remapping of assembly "System.Data.SQLite, Culture=neutral, PublicKeyToken=db937bc2d44ff139" from Version "1.0.117.0" [] to Version "1.0.118.0" [C:\Users\ultra\.nuget\packages\stub.system.data.sqlite.core.netstandard\1.0.118\lib\netstandard2.1\System.Data.SQLite.dll] to solve conflict and get rid of warning.
  
  INFO: No tasks running with the specified criteria.
  
  INFO: No tasks running with the specified criteria.
C:\Program Files\dotnet\sdk\10.0.201\Microsoft.Common.CurrentVersion.targets(2451,5): warning MSB3277: Found conflicts between different versions of "WindowsBase" that could not be resolved. [C:\Users\ultra\warewolf\Dev\Dev2.Server\Dev2.Server.csproj]
C:\Program Files\dotnet\sdk\10.0.201\Microsoft.Common.CurrentVersion.targets(2451,5): warning MSB3277: There was a conflict between "WindowsBase, Version=4.0.0.0, Culture=neutral, PublicKeyToken=31bf3856ad364e35" and "WindowsBase, Version=6.0.2.0, Culture=neutral, PublicKeyToken=31bf3856ad364e35". [C:\Users\ultra\warewolf\Dev\Dev2.Server\Dev2.Server.csproj]
C:\Program Files\dotnet\sdk\10.0.201\Microsoft.Common.CurrentVersion.targets(2451,5): warning MSB3277:     "WindowsBase, Version=4.0.0.0, Culture=neutral, PublicKeyToken=31bf3856ad364e35" was chosen because it was primary and "WindowsBase, Version=6.0.2.0, Culture=neutral, PublicKeyToken=31bf3856ad364e35" was not. [C:\Users\ultra\warewolf\Dev\Dev2.Server\Dev2.Server.csproj]
C:\Program Files\dotnet\sdk\10.0.201\Microsoft.Common.CurrentVersion.targets(2451,5): warning MSB3277:     References which depend on "WindowsBase, Version=4.0.0.0, Culture=neutral, PublicKeyToken=31bf3856ad364e35" [C:\Program Files\dotnet\packs\Microsoft.NETCore.App.Ref\8.0.25\ref\net8.0\WindowsBase.dll]. [C:\Users\ultra\warewolf\Dev\Dev2.Server\Dev2.Server.csproj]
C:\Program Files\dotnet\sdk\10.0.201\Microsoft.Common.CurrentVersion.targets(2451,5): warning MSB3277:         C:\Program Files\dotnet\packs\Microsoft.NETCore.App.Ref\8.0.25\ref\net8.0\WindowsBase.dll [C:\Users\ultra\warewolf\Dev\Dev2.Server\Dev2.Server.csproj]
C:\Program Files\dotnet\sdk\10.0.201\Microsoft.Common.CurrentVersion.targets(2451,5): warning MSB3277:           Project file item includes which caused reference "C:\Program Files\dotnet\packs\Microsoft.NETCore.App.Ref\8.0.25\ref\net8.0\WindowsBase.dll". [C:\Users\ultra\warewolf\Dev\Dev2.Server\Dev2.Server.csproj]
C:\Program Files\dotnet\sdk\10.0.201\Microsoft.Common.CurrentVersion.targets(2451,5): warning MSB3277:             C:\Program Files\dotnet\packs\Microsoft.NETCore.App.Ref\8.0.25\ref/net8.0/WindowsBase.dll [C:\Users\ultra\warewolf\Dev\Dev2.Server\Dev2.Server.csproj]
C:\Program Files\dotnet\sdk\10.0.201\Microsoft.Common.CurrentVersion.targets(2451,5): warning MSB3277:     References which depend on or have been unified to "WindowsBase, Version=6.0.2.0, Culture=neutral, PublicKeyToken=31bf3856ad364e35" []. [C:\Users\ultra\warewolf\Dev\Dev2.Server\Dev2.Server.csproj]
C:\Program Files\dotnet\sdk\10.0.201\Microsoft.Common.CurrentVersion.targets(2451,5): warning MSB3277:         C:\Users\ultra\.nuget\packages\caliburn.micro\4.0.212\lib\netcoreapp3.1\Caliburn.Micro.Platform.dll [C:\Users\ultra\warewolf\Dev\Dev2.Server\Dev2.Server.csproj]
C:\Program Files\dotnet\sdk\10.0.201\Microsoft.Common.CurrentVersion.targets(2451,5): warning MSB3277:           Project file item includes which caused reference "C:\Users\ultra\.nuget\packages\caliburn.micro\4.0.212\lib\netcoreapp3.1\Caliburn.Micro.Platform.dll". [C:\Users\ultra\warewolf\Dev\Dev2.Server\Dev2.Server.csproj]
C:\Program Files\dotnet\sdk\10.0.201\Microsoft.Common.CurrentVersion.targets(2451,5): warning MSB3277:             C:\Users\ultra\.nuget\packages\caliburn.micro\4.0.212\lib\netcoreapp3.1\Caliburn.Micro.Platform.dll [C:\Users\ultra\warewolf\Dev\Dev2.Server\Dev2.Server.csproj]
C:\Program Files\dotnet\sdk\10.0.201\Microsoft.Common.CurrentVersion.targets(2451,5): warning MSB3277:         C:\Users\ultra\.nuget\packages\ironpython\3.4.0\lib\net6.0\IronPython.Wpf.dll [C:\Users\ultra\warewolf\Dev\Dev2.Server\Dev2.Server.csproj]
C:\Program Files\dotnet\sdk\10.0.201\Microsoft.Common.CurrentVersion.targets(2451,5): warning MSB3277:           Project file item includes which caused reference "C:\Users\ultra\.nuget\packages\ironpython\3.4.0\lib\net6.0\IronPython.Wpf.dll". [C:\Users\ultra\warewolf\Dev\Dev2.Server\Dev2.Server.csproj]
C:\Program Files\dotnet\sdk\10.0.201\Microsoft.Common.CurrentVersion.targets(2451,5): warning MSB3277:             C:\Users\ultra\.nuget\packages\ironpython\3.4.0\lib\net6.0\IronPython.Wpf.dll [C:\Users\ultra\warewolf\Dev\Dev2.Server\Dev2.Server.csproj]
C:\Program Files\dotnet\sdk\10.0.201\Microsoft.Common.CurrentVersion.targets(2451,5): warning MSB3277:         C:\Users\ultra\.nuget\packages\microsoft.xaml.behaviors.wpf\1.1.122\lib\net462\Microsoft.Xaml.Behaviors.dll [C:\Users\ultra\warewolf\Dev\Dev2.Server\Dev2.Server.csproj]
C:\Program Files\dotnet\sdk\10.0.201\Microsoft.Common.CurrentVersion.targets(2451,5): warning MSB3277:           Project file item includes which caused reference "C:\Users\ultra\.nuget\packages\microsoft.xaml.behaviors.wpf\1.1.122\lib\net462\Microsoft.Xaml.Behaviors.dll". [C:\Users\ultra\warewolf\Dev\Dev2.Server\Dev2.Server.csproj]
C:\Program Files\dotnet\sdk\10.0.201\Microsoft.Common.CurrentVersion.targets(2451,5): warning MSB3277:             C:\Users\ultra\.nuget\packages\microsoft.xaml.behaviors.wpf\1.1.122\lib\net462\Microsoft.Xaml.Behaviors.dll [C:\Users\ultra\warewolf\Dev\Dev2.Server\Dev2.Server.csproj]
C:\Program Files\dotnet\sdk\10.0.201\Microsoft.Common.CurrentVersion.targets(2451,5): warning MSB3277:             C:\Users\ultra\.nuget\packages\caliburn.micro\4.0.212\lib\netcoreapp3.1\Caliburn.Micro.Platform.dll [C:\Users\ultra\warewolf\Dev\Dev2.Server\Dev2.Server.csproj]
C:\Program Files\dotnet\sdk\10.0.201\Microsoft.Common.CurrentVersion.targets(2451,5): warning MSB3277:             C:\Users\ultra\.nuget\packages\prism.wpf\9.0.537\lib\net462\Prism.Wpf.dll [C:\Users\ultra\warewolf\Dev\Dev2.Server\Dev2.Server.csproj]
C:\Program Files\dotnet\sdk\10.0.201\Microsoft.Common.CurrentVersion.targets(2451,5): warning MSB3277:         C:\Users\ultra\.nuget\packages\prism.wpf\9.0.537\lib\net462\Prism.Wpf.dll [C:\Users\ultra\warewolf\Dev\Dev2.Server\Dev2.Server.csproj]
C:\Program Files\dotnet\sdk\10.0.201\Microsoft.Common.CurrentVersion.targets(2451,5): warning MSB3277:           Project file item includes which caused reference "C:\Users\ultra\.nuget\packages\prism.wpf\9.0.537\lib\net462\Prism.Wpf.dll". [C:\Users\ultra\warewolf\Dev\Dev2.Server\Dev2.Server.csproj]
C:\Program Files\dotnet\sdk\10.0.201\Microsoft.Common.CurrentVersion.targets(2451,5): warning MSB3277:             C:\Users\ultra\.nuget\packages\prism.wpf\9.0.537\lib\net462\Prism.Wpf.dll [C:\Users\ultra\warewolf\Dev\Dev2.Server\Dev2.Server.csproj]
C:\Program Files\dotnet\sdk\10.0.201\Microsoft.Common.CurrentVersion.targets(2451,5): warning MSB3277:         C:\Users\ultra\.nuget\packages\reactiveui.wpf\18.4.1\lib\net462\ReactiveUI.Wpf.dll [C:\Users\ultra\warewolf\Dev\Dev2.Server\Dev2.Server.csproj]
C:\Program Files\dotnet\sdk\10.0.201\Microsoft.Common.CurrentVersion.targets(2451,5): warning MSB3277:           Project file item includes which caused reference "C:\Users\ultra\.nuget\packages\reactiveui.wpf\18.4.1\lib\net462\ReactiveUI.Wpf.dll". [C:\Users\ultra\warewolf\Dev\Dev2.Server\Dev2.Server.csproj]
C:\Program Files\dotnet\sdk\10.0.201\Microsoft.Common.CurrentVersion.targets(2451,5): warning MSB3277:             C:\Users\ultra\.nuget\packages\reactiveui.wpf\18.4.1\lib\net462\ReactiveUI.Wpf.dll [C:\Users\ultra\warewolf\Dev\Dev2.Server\Dev2.Server.csproj]
C:\Program Files\dotnet\sdk\10.0.201\Microsoft.Common.CurrentVersion.targets(2451,5): warning MSB3277: Found conflicts between different versions of "System.Drawing.Common" that could not be resolved. [C:\Users\ultra\warewolf\Dev\Dev2.Server\Dev2.Server.csproj]
C:\Program Files\dotnet\sdk\10.0.201\Microsoft.Common.CurrentVersion.targets(2451,5): warning MSB3277: There was a conflict between "System.Drawing.Common, Version=6.0.0.0, Culture=neutral, PublicKeyToken=cc7b13ffcd2ddd51" and "System.Drawing.Common, Version=8.0.0.0, Culture=neutral, PublicKeyToken=cc7b13ffcd2ddd51". [C:\Users\ultra\warewolf\Dev\Dev2.Server\Dev2.Server.csproj]
C:\Program Files\dotnet\sdk\10.0.201\Microsoft.Common.CurrentVersion.targets(2451,5): warning MSB3277:     "System.Drawing.Common, Version=6.0.0.0, Culture=neutral, PublicKeyToken=cc7b13ffcd2ddd51" was chosen because it was primary and "System.Drawing.Common, Version=8.0.0.0, Culture=neutral, PublicKeyToken=cc7b13ffcd2ddd51" was not. [C:\Users\ultra\warewolf\Dev\Dev2.Server\Dev2.Server.csproj]
C:\Program Files\dotnet\sdk\10.0.201\Microsoft.Common.CurrentVersion.targets(2451,5): warning MSB3277:     References which depend on "System.Drawing.Common, Version=6.0.0.0, Culture=neutral, PublicKeyToken=cc7b13ffcd2ddd51" [C:\Users\ultra\.nuget\packages\system.drawing.common\6.0.0\lib\net6.0\System.Drawing.Common.dll]. [C:\Users\ultra\warewolf\Dev\Dev2.Server\Dev2.Server.csproj]
C:\Program Files\dotnet\sdk\10.0.201\Microsoft.Common.CurrentVersion.targets(2451,5): warning MSB3277:         C:\Users\ultra\.nuget\packages\system.drawing.common\6.0.0\lib\net6.0\System.Drawing.Common.dll [C:\Users\ultra\warewolf\Dev\Dev2.Server\Dev2.Server.csproj]
C:\Program Files\dotnet\sdk\10.0.201\Microsoft.Common.CurrentVersion.targets(2451,5): warning MSB3277:           Project file item includes which caused reference "C:\Users\ultra\.nuget\packages\system.drawing.common\6.0.0\lib\net6.0\System.Drawing.Common.dll". [C:\Users\ultra\warewolf\Dev\Dev2.Server\Dev2.Server.csproj]
C:\Program Files\dotnet\sdk\10.0.201\Microsoft.Common.CurrentVersion.targets(2451,5): warning MSB3277:             C:\Users\ultra\.nuget\packages\system.drawing.common\6.0.0\lib\net6.0\System.Drawing.Common.dll [C:\Users\ultra\warewolf\Dev\Dev2.Server\Dev2.Server.csproj]
C:\Program Files\dotnet\sdk\10.0.201\Microsoft.Common.CurrentVersion.targets(2451,5): warning MSB3277:     References which depend on or have been unified to "System.Drawing.Common, Version=8.0.0.0, Culture=neutral, PublicKeyToken=cc7b13ffcd2ddd51" []. [C:\Users\ultra\warewolf\Dev\Dev2.Server\Dev2.Server.csproj]
C:\Program Files\dotnet\sdk\10.0.201\Microsoft.Common.CurrentVersion.targets(2451,5): warning MSB3277:         C:\Users\ultra\.nuget\packages\servicestack\6.3.0\lib\net6.0\ServiceStack.dll [C:\Users\ultra\warewolf\Dev\Dev2.Server\Dev2.Server.csproj]
C:\Program Files\dotnet\sdk\10.0.201\Microsoft.Common.CurrentVersion.targets(2451,5): warning MSB3277:           Project file item includes which caused reference "C:\Users\ultra\.nuget\packages\servicestack\6.3.0\lib\net6.0\ServiceStack.dll". [C:\Users\ultra\warewolf\Dev\Dev2.Server\Dev2.Server.csproj]
C:\Program Files\dotnet\sdk\10.0.201\Microsoft.Common.CurrentVersion.targets(2451,5): warning MSB3277:             C:\Users\ultra\.nuget\packages\servicestack\6.3.0\lib\net6.0\ServiceStack.dll [C:\Users\ultra\warewolf\Dev\Dev2.Server\Dev2.Server.csproj]
C:\Program Files\dotnet\sdk\10.0.201\Microsoft.Common.CurrentVersion.targets(2451,5): warning MSB3277:         C:\Users\ultra\.nuget\packages\system.windows.extensions\8.0.0\lib\net8.0\System.Windows.Extensions.dll [C:\Users\ultra\warewolf\Dev\Dev2.Server\Dev2.Server.csproj]
C:\Program Files\dotnet\sdk\10.0.201\Microsoft.Common.CurrentVersion.targets(2451,5): warning MSB3277:           Project file item includes which caused reference "C:\Users\ultra\.nuget\packages\system.windows.extensions\8.0.0\lib\net8.0\System.Windows.Extensions.dll". [C:\Users\ultra\warewolf\Dev\Dev2.Server\Dev2.Server.csproj]
C:\Program Files\dotnet\sdk\10.0.201\Microsoft.Common.CurrentVersion.targets(2451,5): warning MSB3277:             C:\Users\ultra\.nuget\packages\system.windows.extensions\8.0.0\lib\net8.0\System.Windows.Extensions.dll [C:\Users\ultra\warewolf\Dev\Dev2.Server\Dev2.Server.csproj]
C:\Program Files\dotnet\sdk\10.0.201\Microsoft.Common.CurrentVersion.targets(2451,5): warning MSB3277:             C:\Users\ultra\.nuget\packages\system.security.permissions\8.0.0\lib\net8.0\System.Security.Permissions.dll [C:\Users\ultra\warewolf\Dev\Dev2.Server\Dev2.Server.csproj]
C:\Program Files\dotnet\sdk\10.0.201\Microsoft.Common.CurrentVersion.targets(2451,5): warning MSB3277:             C:\Users\ultra\warewolf\Dev\Dev2.Data\bin\Debug\net8.0\Dev2.Data.dll [C:\Users\ultra\warewolf\Dev\Dev2.Server\Dev2.Server.csproj]
C:\Program Files\dotnet\sdk\10.0.201\Microsoft.Common.CurrentVersion.targets(2451,5): warning MSB3277:             C:\Users\ultra\warewolf\Dev\Dev2.Activities\bin\Debug\net8.0\Dev2.Activities.dll [C:\Users\ultra\warewolf\Dev\Dev2.Server\Dev2.Server.csproj]
C:\Program Files\dotnet\sdk\10.0.201\Microsoft.Common.CurrentVersion.targets(2451,5): warning MSB3277:             C:\Users\ultra\warewolf\Dev\Dev2.Core\bin\Debug\net8.0\Dev2.Core.dll [C:\Users\ultra\warewolf\Dev\Dev2.Server\Dev2.Server.csproj]
C:\Program Files\dotnet\sdk\10.0.201\Microsoft.Common.CurrentVersion.targets(2451,5): warning MSB3277:             C:\Users\ultra\warewolf\Dev\Dev2.Runtime.Services\bin\Debug\net8.0\Dev2.Runtime.Services.dll [C:\Users\ultra\warewolf\Dev\Dev2.Server\Dev2.Server.csproj]
C:\Program Files\dotnet\sdk\10.0.201\Microsoft.Common.CurrentVersion.targets(2451,5): warning MSB3277:             C:\Users\ultra\warewolf\Dev\Dev2.Runtime.WebServer\bin\Debug\net8.0\Dev2.Runtime.WebServer.dll [C:\Users\ultra\warewolf\Dev\Dev2.Server\Dev2.Server.csproj]
C:\Program Files\dotnet\sdk\10.0.201\Microsoft.Common.CurrentVersion.targets(2451,5): warning MSB3277:             C:\Users\ultra\warewolf\Dev\Dev2.Runtime\bin\Debug\net8.0\Dev2.Runtime.dll [C:\Users\ultra\warewolf\Dev\Dev2.Server\Dev2.Server.csproj]
C:\Program Files\dotnet\sdk\10.0.201\Microsoft.Common.CurrentVersion.targets(2451,5): warning MSB3277:             C:\Users\ultra\warewolf\Dev\Dev2.Scheduler\bin\Debug\net8.0\Dev2.Scheduler.dll [C:\Users\ultra\warewolf\Dev\Dev2.Server\Dev2.Server.csproj]
C:\Program Files\dotnet\sdk\10.0.201\Microsoft.Common.CurrentVersion.targets(2451,5): warning MSB3277:             C:\Users\ultra\warewolf\Dev\Dev2.Services.Execution\bin\Debug\net8.0\Dev2.Services.Execution.dll [C:\Users\ultra\warewolf\Dev\Dev2.Server\Dev2.Server.csproj]
C:\Program Files\dotnet\sdk\10.0.201\Microsoft.Common.CurrentVersion.targets(2451,5): warning MSB3277:             C:\Users\ultra\warewolf\Dev\Warewolf.Auditing\bin\Debug\net8.0\Warewolf.Auditing.dll [C:\Users\ultra\warewolf\Dev\Dev2.Server\Dev2.Server.csproj]
C:\Program Files\dotnet\sdk\10.0.201\Microsoft.Common.CurrentVersion.targets(2451,5): warning MSB3277:             C:\Users\ultra\warewolf\Dev\Warewolf.HangfireServer\bin\Debug\net8.0\linux-x64\HangfireServer.dll [C:\Users\ultra\warewolf\Dev\Dev2.Server\Dev2.Server.csproj]
C:\Program Files\dotnet\sdk\10.0.201\Microsoft.Common.CurrentVersion.targets(2451,5): warning MSB3277:             C:\Users\ultra\warewolf\Dev\Warewolf.Logger\bin\Debug\net8.0\linux-x64\WarewolfLogger.dll [C:\Users\ultra\warewolf\Dev\Dev2.Server\Dev2.Server.csproj]
C:\Program Files\dotnet\sdk\10.0.201\Microsoft.Common.CurrentVersion.targets(2451,5): warning MSB3277:             C:\Users\ultra\warewolf\Dev\Warewolf.QueueWorker\bin\Debug\net8.0\linux-x64\QueueWorker.dll [C:\Users\ultra\warewolf\Dev\Dev2.Server\Dev2.Server.csproj]
C:\Program Files\dotnet\sdk\10.0.201\Microsoft.Common.CurrentVersion.targets(2451,5): warning MSB3277:             C:\Users\ultra\warewolf\Dev\Warewolf.Core\bin\Debug\net8.0\Warewolf.Core.dll [C:\Users\ultra\warewolf\Dev\Dev2.Server\Dev2.Server.csproj]
C:\Program Files\dotnet\sdk\10.0.201\Microsoft.Common.CurrentVersion.targets(2451,5): warning MSB3277:             C:\Users\ultra\warewolf\Dev\Warewolf.ResourceManagement\bin\Debug\net8.0\Warewolf.ResourceManagement.dll [C:\Users\ultra\warewolf\Dev\Dev2.Server\Dev2.Server.csproj]
C:\Program Files\dotnet\sdk\10.0.201\Microsoft.Common.CurrentVersion.targets(2451,5): warning MSB3277:             C:\Users\ultra\warewolf\Dev\Warewolf.Trigger.Queue\bin\Debug\net8.0\Warewolf.Trigger.Queue.dll [C:\Users\ultra\warewolf\Dev\Dev2.Server\Dev2.Server.csproj]
C:\Program Files\dotnet\sdk\10.0.201\Microsoft.Common.CurrentVersion.targets(2451,5): warning MSB3277:             C:\Users\ultra\warewolf\Dev\Dev2.Intellisense\bin\Debug\net8.0\Dev2.Intellisense.dll [C:\Users\ultra\warewolf\Dev\Dev2.Server\Dev2.Server.csproj]
C:\Program Files\dotnet\sdk\10.0.201\Microsoft.Common.CurrentVersion.targets(2451,5): warning MSB3277:             C:\Users\ultra\warewolf\Dev\Dev2.Studio.Core\bin\Debug\net8.0\Dev2.Studio.Core.dll [C:\Users\ultra\warewolf\Dev\Dev2.Server\Dev2.Server.csproj]
C:\Program Files\dotnet\sdk\10.0.201\Microsoft.Common.CurrentVersion.targets(2451,5): warning MSB3277:             C:\Users\ultra\warewolf\Dev\Dev2.Studio.Interfaces\bin\Debug\net8.0\Dev2.Studio.Interfaces.dll [C:\Users\ultra\warewolf\Dev\Dev2.Server\Dev2.Server.csproj]
C:\Program Files\dotnet\sdk\10.0.201\Microsoft.Common.CurrentVersion.targets(2451,5): warning MSB3277:             C:\Users\ultra\warewolf\Dev\Warewolf.Common.Framework48\bin\Debug\net8.0\Warewolf.Common.Framework48.dll [C:\Users\ultra\warewolf\Dev\Dev2.Server\Dev2.Server.csproj]
C:\Program Files\dotnet\sdk\10.0.201\Microsoft.Common.CurrentVersion.targets(2451,5): warning MSB3277:             C:\Users\ultra\warewolf\Dev\Warewolf.Common.NetStandard20\bin\Debug\net8.0\Warewolf.Common.NetStandard20.dll [C:\Users\ultra\warewolf\Dev\Dev2.Server\Dev2.Server.csproj]
C:\Program Files\dotnet\sdk\10.0.201\Microsoft.Common.CurrentVersion.targets(2451,5): warning MSB3277:             C:\Users\ultra\warewolf\Dev\Warewolf.Driver.Persistence\bin\Debug\net8.0\Warewolf.Driver.Persistence.dll [C:\Users\ultra\warewolf\Dev\Dev2.Server\Dev2.Server.csproj]
C:\Program Files\dotnet\sdk\10.0.201\Microsoft.Common.CurrentVersion.targets(2451,5): warning MSB3277:             C:\Users\ultra\warewolf\Dev\Warewolf.Exchange.Email.Wrapper\bin\Debug\net8.0\Warewolf.Exchange.Email.Wrapper.dll [C:\Users\ultra\warewolf\Dev\Dev2.Server\Dev2.Server.csproj]
C:\Program Files\dotnet\sdk\10.0.201\Microsoft.Common.CurrentVersion.targets(2451,5): warning MSB3277:             C:\Users\ultra\warewolf\Dev\Warewolf.Studio.Core\bin\Debug\net8.0\Warewolf.Studio.Core.dll [C:\Users\ultra\warewolf\Dev\Dev2.Server\Dev2.Server.csproj]
C:\Program Files\dotnet\sdk\10.0.201\Microsoft.Common.CurrentVersion.targets(2451,5): warning MSB3277:             C:\Users\ultra\warewolf\Dev\Warewolf.UI\bin\Debug\net8.0\Warewolf.UI.dll [C:\Users\ultra\warewolf\Dev\Dev2.Server\Dev2.Server.csproj]
C:\Program Files\dotnet\sdk\10.0.201\Microsoft.Common.CurrentVersion.targets(2451,5): warning MSB3277:             C:\Users\ultra\.nuget\packages\dotnetzip\1.16.0\lib\netstandard2.0\DotNetZip.dll [C:\Users\ultra\warewolf\Dev\Dev2.Server\Dev2.Server.csproj]
C:\Program Files\dotnet\sdk\10.0.201\Microsoft.Common.CurrentVersion.targets(2451,5): warning MSB3277:             C:\Users\ultra\warewolf\Dev\Dev2.Common\bin\Debug\net8.0\Dev2.Common.dll [C:\Users\ultra\warewolf\Dev\Dev2.Server\Dev2.Server.csproj]
C:\Program Files\dotnet\sdk\10.0.201\Microsoft.Common.CurrentVersion.targets(2451,5): warning MSB3277:             C:\Users\ultra\warewolf\Dev\Dev2.Development.Languages\bin\Debug\net8.0\Dev2.Development.Languages.dll [C:\Users\ultra\warewolf\Dev\Dev2.Server\Dev2.Server.csproj]
C:\Program Files\dotnet\sdk\10.0.201\Microsoft.Common.CurrentVersion.targets(2451,5): warning MSB3277:             C:\Users\ultra\warewolf\Dev\Dev2.Diagnostics\bin\Debug\net8.0\Dev2.Diagnostics.dll [C:\Users\ultra\warewolf\Dev\Dev2.Server\Dev2.Server.csproj]
C:\Program Files\dotnet\sdk\10.0.201\Microsoft.Common.CurrentVersion.targets(2451,5): warning MSB3277:             C:\Users\ultra\warewolf\Dev\Dev2.Infrastructure\bin\Debug\net8.0\Dev2.Infrastructure.dll [C:\Users\ultra\warewolf\Dev\Dev2.Server\Dev2.Server.csproj]
C:\Program Files\dotnet\sdk\10.0.201\Microsoft.Common.CurrentVersion.targets(2451,5): warning MSB3277:             C:\Users\ultra\warewolf\Dev\Dev2.Util\bin\Debug\net8.0\Dev2.Util.dll [C:\Users\ultra\warewolf\Dev\Dev2.Server\Dev2.Server.csproj]
C:\Program Files\dotnet\sdk\10.0.201\Microsoft.Common.CurrentVersion.targets(2451,5): warning MSB3277:             C:\Users\ultra\warewolf\Dev\Warewolf.PerfMon\bin\Debug\net8.0\linux-x64\Warewolf.PerfMon.dll [C:\Users\ultra\warewolf\Dev\Dev2.Server\Dev2.Server.csproj]
C:\Program Files\dotnet\sdk\10.0.201\Microsoft.Common.CurrentVersion.targets(2451,5): warning MSB3277:             C:\Users\ultra\warewolf\Dev\Warewolf.Sharepoint\bin\Debug\net8.0\Warewolf.Sharepoint.dll [C:\Users\ultra\warewolf\Dev\Dev2.Server\Dev2.Server.csproj]
C:\Program Files\dotnet\sdk\10.0.201\Microsoft.Common.CurrentVersion.targets(2451,5): warning MSB3277:             C:\Users\ultra\warewolf\Dev\Warewolf.Storage\bin\Debug\net8.0\Warewolf.Storage.dll [C:\Users\ultra\warewolf\Dev\Dev2.Server\Dev2.Server.csproj]
C:\Program Files\dotnet\sdk\10.0.201\Microsoft.Common.CurrentVersion.targets(2451,5): warning MSB3277:             C:\Users\ultra\warewolf\Dev\Dev2.Data.Interfaces\bin\Debug\net8.0\Dev2.Data.Interfaces.dll [C:\Users\ultra\warewolf\Dev\Dev2.Server\Dev2.Server.csproj]
C:\Program Files\dotnet\sdk\10.0.201\Microsoft.Common.CurrentVersion.targets(2451,5): warning MSB3277:             C:\Users\ultra\warewolf\Dev\Dev2.Services.Sql\bin\Debug\net8.0\Dev2.Services.Sql.dll [C:\Users\ultra\warewolf\Dev\Dev2.Server\Dev2.Server.csproj]
C:\Program Files\dotnet\sdk\10.0.201\Microsoft.Common.CurrentVersion.targets(2451,5): warning MSB3277:             C:\Users\ultra\warewolf\Dev\Dev2.TaskScheduler.Wrappers\bin\Debug\net8.0\Dev2.TaskScheduler.Wrappers.dll [C:\Users\ultra\warewolf\Dev\Dev2.Server\Dev2.Server.csproj]
C:\Program Files\dotnet\sdk\10.0.201\Microsoft.Common.CurrentVersion.targets(2451,5): warning MSB3277:             C:\Users\ultra\warewolf\Dev\Warewolf.AI.Harness\bin\Debug\net8.0\Warewolf.AI.Harness.dll [C:\Users\ultra\warewolf\Dev\Dev2.Server\Dev2.Server.csproj]
C:\Program Files\dotnet\sdk\10.0.201\Microsoft.Common.CurrentVersion.targets(2451,5): warning MSB3277:             C:\Users\ultra\warewolf\Dev\Warewolf.Driver.Serilog\bin\Debug\net8.0\Warewolf.Driver.Serilog.dll [C:\Users\ultra\warewolf\Dev\Dev2.Server\Dev2.Server.csproj]
C:\Program Files\dotnet\sdk\10.0.201\Microsoft.Common.CurrentVersion.targets(2451,5): warning MSB3277:             C:\Users\ultra\.nuget\packages\mindbox.data.linq\5.0.0\lib\netstandard2.0\Mindbox.Data.Linq.dll [C:\Users\ultra\warewolf\Dev\Dev2.Server\Dev2.Server.csproj]
C:\Program Files\dotnet\sdk\10.0.201\Microsoft.Common.CurrentVersion.targets(2451,5): warning MSB3277:             C:\Users\ultra\.nuget\packages\mysql.data\8.4.0\lib\net8.0\MySql.Data.dll [C:\Users\ultra\warewolf\Dev\Dev2.Server\Dev2.Server.csproj]
C:\Program Files\dotnet\sdk\10.0.201\Microsoft.Common.CurrentVersion.targets(2451,5): warning MSB3277:             C:\Users\ultra\.nuget\packages\oracle.manageddataaccess.core\3.21.70\lib\netstandard2.1\Oracle.ManagedDataAccess.dll [C:\Users\ultra\warewolf\Dev\Dev2.Server\Dev2.Server.csproj]
C:\Program Files\dotnet\sdk\10.0.201\Microsoft.Common.CurrentVersion.targets(2451,5): warning MSB3277:             C:\Users\ultra\.nuget\packages\system.directoryservices\6.0.0\lib\net6.0\System.DirectoryServices.dll [C:\Users\ultra\warewolf\Dev\Dev2.Server\Dev2.Server.csproj]
C:\Program Files\dotnet\sdk\10.0.201\Microsoft.Common.CurrentVersion.targets(2451,5): warning MSB3277:             C:\Users\ultra\.nuget\packages\corewcf.primitives\1.2.1\lib\netstandard2.0\CoreWCF.Primitives.dll [C:\Users\ultra\warewolf\Dev\Dev2.Server\Dev2.Server.csproj]
C:\Program Files\dotnet\sdk\10.0.201\Microsoft.Common.CurrentVersion.targets(2451,5): warning MSB3277:             C:\Users\ultra\.nuget\packages\corewcf.http\1.2.1\lib\netstandard2.0\CoreWCF.Http.dll [C:\Users\ultra\warewolf\Dev\Dev2.Server\Dev2.Server.csproj]
C:\Program Files\dotnet\sdk\10.0.201\Microsoft.Common.CurrentVersion.targets(2451,5): warning MSB3277:             C:\Users\ultra\.nuget\packages\corewcf.nettcp\1.2.1\lib\netstandard2.0\CoreWCF.NetTcp.dll [C:\Users\ultra\warewolf\Dev\Dev2.Server\Dev2.Server.csproj]
C:\Program Files\dotnet\sdk\10.0.201\Microsoft.Common.CurrentVersion.targets(2451,5): warning MSB3277:             C:\Users\ultra\.nuget\packages\corewcf.webhttp\1.2.1\lib\netstandard2.0\CoreWCF.WebHttp.dll [C:\Users\ultra\warewolf\Dev\Dev2.Server\Dev2.Server.csproj]
C:\Program Files\dotnet\sdk\10.0.201\Microsoft.Common.CurrentVersion.targets(2451,5): warning MSB3277:             C:\Program Files\dotnet\packs\Microsoft.NETCore.App.Ref\8.0.25\ref/net8.0/System.Configuration.dll [C:\Users\ultra\warewolf\Dev\Dev2.Server\Dev2.Server.csproj]
C:\Program Files\dotnet\sdk\10.0.201\Microsoft.Common.CurrentVersion.targets(2451,5): warning MSB3277:             C:\Users\ultra\.nuget\packages\prism.wpf\9.0.537\lib\net462\Prism.Wpf.dll [C:\Users\ultra\warewolf\Dev\Dev2.Server\Dev2.Server.csproj]
C:\Program Files\dotnet\sdk\10.0.201\Microsoft.Common.CurrentVersion.targets(2451,5): warning MSB3277:             C:\Program Files\dotnet\packs\Microsoft.NETCore.App.Ref\8.0.25\ref/net8.0/System.Data.dll [C:\Users\ultra\warewolf\Dev\Dev2.Server\Dev2.Server.csproj]
C:\Program Files\dotnet\sdk\10.0.201\Microsoft.Common.CurrentVersion.targets(2451,5): warning MSB3277:             C:\Users\ultra\.nuget\packages\taskschedulereditor\2.10.1\lib\net452\Microsoft.Win32.TaskSchedulerEditor.dll [C:\Users\ultra\warewolf\Dev\Dev2.Server\Dev2.Server.csproj]
C:\Program Files\dotnet\sdk\10.0.201\Microsoft.Common.CurrentVersion.targets(2451,5): warning MSB3277:             C:\Program Files\dotnet\packs\Microsoft.NETCore.App.Ref\8.0.25\ref/net8.0/System.Drawing.dll [C:\Users\ultra\warewolf\Dev\Dev2.Server\Dev2.Server.csproj]
C:\Program Files\dotnet\sdk\10.0.201\Microsoft.Common.CurrentVersion.targets(2451,5): warning MSB3277:             C:\Users\ultra\.nuget\packages\aerowizard\2.3.1\lib\net45\AeroWizard.dll [C:\Users\ultra\warewolf\Dev\Dev2.Server\Dev2.Server.csproj]
C:\Program Files\dotnet\sdk\10.0.201\Microsoft.Common.CurrentVersion.targets(2451,5): warning MSB3277:             C:\Users\ultra\.nuget\packages\groupcontrols\1.9.0\lib\net45\GroupControls.dll [C:\Users\ultra\warewolf\Dev\Dev2.Server\Dev2.Server.csproj]
C:\Program Files\dotnet\sdk\10.0.201\Microsoft.Common.CurrentVersion.targets(2451,5): warning MSB3277:             C:\Program Files\dotnet\packs\Microsoft.NETCore.App.Ref\8.0.25\ref/net8.0/System.Net.dll [C:\Users\ultra\warewolf\Dev\Dev2.Server\Dev2.Server.csproj]
C:\Program Files\dotnet\sdk\10.0.201\Microsoft.Common.CurrentVersion.targets(2451,5): warning MSB3277:             C:\Program Files\dotnet\packs\Microsoft.NETCore.App.Ref\8.0.25\ref/net8.0/System.Security.dll [C:\Users\ultra\warewolf\Dev\Dev2.Server\Dev2.Server.csproj]
C:\Program Files\dotnet\sdk\10.0.201\Microsoft.Common.CurrentVersion.targets(2451,5): warning MSB3277:             C:\Program Files\dotnet\packs\Microsoft.NETCore.App.Ref\8.0.25\ref/net8.0/System.ServiceProcess.dll [C:\Users\ultra\warewolf\Dev\Dev2.Server\Dev2.Server.csproj]
C:\Program Files\dotnet\sdk\10.0.201\Microsoft.Common.CurrentVersion.targets(2451,5): warning MSB3277:             C:\Program Files\dotnet\packs\Microsoft.NETCore.App.Ref\8.0.25\ref/net8.0/System.Transactions.dll [C:\Users\ultra\warewolf\Dev\Dev2.Server\Dev2.Server.csproj]
C:\Program Files\dotnet\sdk\10.0.201\Microsoft.Common.CurrentVersion.targets(2451,5): warning MSB3277:             C:\Program Files\dotnet\packs\Microsoft.NETCore.App.Ref\8.0.25\ref/net8.0/System.dll [C:\Users\ultra\warewolf\Dev\Dev2.Server\Dev2.Server.csproj]
C:\Program Files\dotnet\sdk\10.0.201\Microsoft.Common.CurrentVersion.targets(2451,5): warning MSB3277:             C:\Users\ultra\.nuget\packages\microsoft.xaml.behaviors.wpf\1.1.122\lib\net462\Microsoft.Xaml.Behaviors.dll [C:\Users\ultra\warewolf\Dev\Dev2.Server\Dev2.Server.csproj]
C:\Program Files\dotnet\sdk\10.0.201\Microsoft.Common.CurrentVersion.targets(2451,5): warning MSB3277:             C:\Users\ultra\.nuget\packages\caliburn.micro\4.0.212\lib\netcoreapp3.1\Caliburn.Micro.Platform.dll [C:\Users\ultra\warewolf\Dev\Dev2.Server\Dev2.Server.csproj]
C:\Program Files\dotnet\sdk\10.0.201\Microsoft.Common.CurrentVersion.targets(2451,5): warning MSB3277:             C:\Users\ultra\.nuget\packages\reactiveui.wpf\18.4.1\lib\net462\ReactiveUI.Wpf.dll [C:\Users\ultra\warewolf\Dev\Dev2.Server\Dev2.Server.csproj]
C:\Program Files\dotnet\sdk\10.0.201\Microsoft.Common.CurrentVersion.targets(2451,5): warning MSB3277:             C:\Users\ultra\.nuget\packages\ttcue.netcore.sharepointonline.csom.16.1.8029.1200\16.1.8029.1200\lib\netcoreapp2.0\Microsoft.SharePoint.Client.Runtime.Windows.dll [C:\Users\ultra\warewolf\Dev\Dev2.Server\Dev2.Server.csproj]
C:\Program Files\dotnet\sdk\10.0.201\Microsoft.Common.CurrentVersion.targets(2451,5): warning MSB3277:             C:\Program Files\dotnet\packs\Microsoft.NETCore.App.Ref\8.0.25\ref/net8.0/WindowsBase.dll [C:\Users\ultra\warewolf\Dev\Dev2.Server\Dev2.Server.csproj]
C:\Program Files\dotnet\sdk\10.0.201\Microsoft.Common.CurrentVersion.targets(2451,5): warning MSB3277:             C:\Program Files\dotnet\packs\Microsoft.NETCore.App.Ref\8.0.25\ref/net8.0/mscorlib.dll [C:\Users\ultra\warewolf\Dev\Dev2.Server\Dev2.Server.csproj]
C:\Program Files\dotnet\sdk\10.0.201\Microsoft.Common.CurrentVersion.targets(2451,5): warning MSB3277:             Warewolf.Usage, Version=1.0.0.0, Culture=neutral, PublicKeyToken=null [C:\Users\ultra\warewolf\Dev\Dev2.Server\Dev2.Server.csproj]
C:\Program Files\dotnet\sdk\10.0.201\Microsoft.Common.CurrentVersion.targets(2451,5): warning MSB3277:             C:\Users\ultra\.nuget\packages\hangfire.core\1.7.32\lib\netstandard2.0\Hangfire.Core.dll [C:\Users\ultra\warewolf\Dev\Dev2.Server\Dev2.Server.csproj]
C:\Program Files\dotnet\sdk\10.0.201\Microsoft.Common.CurrentVersion.targets(2451,5): warning MSB3277:             C:\Users\ultra\.nuget\packages\hangfire.aspnetcore\1.7.32\lib\netcoreapp3.0\Hangfire.AspNetCore.dll [C:\Users\ultra\warewolf\Dev\Dev2.Server\Dev2.Server.csproj]
C:\Program Files\dotnet\sdk\10.0.201\Microsoft.Common.CurrentVersion.targets(2451,5): warning MSB3277:             C:\Users\ultra\.nuget\packages\hangfire.sqlserver\1.7.32\lib\netstandard2.0\Hangfire.SqlServer.dll [C:\Users\ultra\warewolf\Dev\Dev2.Server\Dev2.Server.csproj]
C:\Program Files\dotnet\sdk\10.0.201\Microsoft.Common.CurrentVersion.targets(2451,5): warning MSB3277:         C:\Program Files\dotnet\packs\Microsoft.NETCore.App.Ref\8.0.25\ref\net8.0\System.Drawing.dll [C:\Users\ultra\warewolf\Dev\Dev2.Server\Dev2.Server.csproj]
C:\Program Files\dotnet\sdk\10.0.201\Microsoft.Common.CurrentVersion.targets(2451,5): warning MSB3277:           Project file item includes which caused reference "C:\Program Files\dotnet\packs\Microsoft.NETCore.App.Ref\8.0.25\ref\net8.0\System.Drawing.dll". [C:\Users\ultra\warewolf\Dev\Dev2.Server\Dev2.Server.csproj]
C:\Program Files\dotnet\sdk\10.0.201\Microsoft.Common.CurrentVersion.targets(2451,5): warning MSB3277:             C:\Program Files\dotnet\packs\Microsoft.NETCore.App.Ref\8.0.25\ref/net8.0/System.Drawing.dll [C:\Users\ultra\warewolf\Dev\Dev2.Server\Dev2.Server.csproj]
C:\Program Files\dotnet\sdk\10.0.201\Microsoft.Common.CurrentVersion.targets(2451,5): warning MSB3277:             C:\Users\ultra\.nuget\packages\aerowizard\2.3.1\lib\net45\AeroWizard.dll [C:\Users\ultra\warewolf\Dev\Dev2.Server\Dev2.Server.csproj]
C:\Program Files\dotnet\sdk\10.0.201\Microsoft.Common.CurrentVersion.targets(2451,5): warning MSB3277:             C:\Users\ultra\.nuget\packages\groupcontrols\1.9.0\lib\net45\GroupControls.dll [C:\Users\ultra\warewolf\Dev\Dev2.Server\Dev2.Server.csproj]
C:\Program Files\dotnet\sdk\10.0.201\Microsoft.Common.CurrentVersion.targets(2451,5): warning MSB3277:             C:\Users\ultra\.nuget\packages\taskschedulereditor\2.10.1\lib\net452\Microsoft.Win32.TaskSchedulerEditor.dll [C:\Users\ultra\warewolf\Dev\Dev2.Server\Dev2.Server.csproj]
  Warewolf.Studio.AntiCorruptionLayer -> C:\Users\ultra\warewolf\Dev\Warewolf.Studio.AntiCorruptionLayer\bin\Debug\net8.0\Warewolf.Studio.AntiCorruptionLayer.dll
C:\Program Files\dotnet\sdk\10.0.201\Microsoft.Common.CurrentVersion.targets(2451,5): warning MSB3277: Found conflicts between different versions of "Microsoft.Win32.SystemEvents" that could not be resolved. [C:\Users\ultra\warewolf\Dev\Warewolf.Studio.ViewModels\Warewolf.Studio.ViewModels.csproj]
C:\Program Files\dotnet\sdk\10.0.201\Microsoft.Common.CurrentVersion.targets(2451,5): warning MSB3277: There was a conflict between "Microsoft.Win32.SystemEvents, Version=6.0.0.0, Culture=neutral, PublicKeyToken=cc7b13ffcd2ddd51" and "Microsoft.Win32.SystemEvents, Version=7.0.0.0, Culture=neutral, PublicKeyToken=cc7b13ffcd2ddd51". [C:\Users\ultra\warewolf\Dev\Warewolf.Studio.ViewModels\Warewolf.Studio.ViewModels.csproj]
C:\Program Files\dotnet\sdk\10.0.201\Microsoft.Common.CurrentVersion.targets(2451,5): warning MSB3277:     "Microsoft.Win32.SystemEvents, Version=6.0.0.0, Culture=neutral, PublicKeyToken=cc7b13ffcd2ddd51" was chosen because it was primary and "Microsoft.Win32.SystemEvents, Version=7.0.0.0, Culture=neutral, PublicKeyToken=cc7b13ffcd2ddd51" was not. [C:\Users\ultra\warewolf\Dev\Warewolf.Studio.ViewModels\Warewolf.Studio.ViewModels.csproj]
C:\Program Files\dotnet\sdk\10.0.201\Microsoft.Common.CurrentVersion.targets(2451,5): warning MSB3277:     References which depend on "Microsoft.Win32.SystemEvents, Version=6.0.0.0, Culture=neutral, PublicKeyToken=cc7b13ffcd2ddd51" [C:\Users\ultra\.nuget\packages\microsoft.win32.systemevents\6.0.0\lib\net6.0\Microsoft.Win32.SystemEvents.dll]. [C:\Users\ultra\warewolf\Dev\Warewolf.Studio.ViewModels\Warewolf.Studio.ViewModels.csproj]
C:\Program Files\dotnet\sdk\10.0.201\Microsoft.Common.CurrentVersion.targets(2451,5): warning MSB3277:         C:\Users\ultra\.nuget\packages\microsoft.win32.systemevents\6.0.0\lib\net6.0\Microsoft.Win32.SystemEvents.dll [C:\Users\ultra\warewolf\Dev\Warewolf.Studio.ViewModels\Warewolf.Studio.ViewModels.csproj]
C:\Program Files\dotnet\sdk\10.0.201\Microsoft.Common.CurrentVersion.targets(2451,5): warning MSB3277:           Project file item includes which caused reference "C:\Users\ultra\.nuget\packages\microsoft.win32.systemevents\6.0.0\lib\net6.0\Microsoft.Win32.SystemEvents.dll". [C:\Users\ultra\warewolf\Dev\Warewolf.Studio.ViewModels\Warewolf.Studio.ViewModels.csproj]
C:\Program Files\dotnet\sdk\10.0.201\Microsoft.Common.CurrentVersion.targets(2451,5): warning MSB3277:             C:\Users\ultra\.nuget\packages\microsoft.win32.systemevents\6.0.0\lib\net6.0\Microsoft.Win32.SystemEvents.dll [C:\Users\ultra\warewolf\Dev\Warewolf.Studio.ViewModels\Warewolf.Studio.ViewModels.csproj]
C:\Program Files\dotnet\sdk\10.0.201\Microsoft.Common.CurrentVersion.targets(2451,5): warning MSB3277:     References which depend on or have been unified to "Microsoft.Win32.SystemEvents, Version=7.0.0.0, Culture=neutral, PublicKeyToken=cc7b13ffcd2ddd51" []. [C:\Users\ultra\warewolf\Dev\Warewolf.Studio.ViewModels\Warewolf.Studio.ViewModels.csproj]
C:\Program Files\dotnet\sdk\10.0.201\Microsoft.Common.CurrentVersion.targets(2451,5): warning MSB3277:         C:\Users\ultra\warewolf\Dev\Dev2.Common\bin\Debug\net8.0\Dev2.Common.dll [C:\Users\ultra\warewolf\Dev\Warewolf.Studio.ViewModels\Warewolf.Studio.ViewModels.csproj]
C:\Program Files\dotnet\sdk\10.0.201\Microsoft.Common.CurrentVersion.targets(2451,5): warning MSB3277:           Project file item includes which caused reference "C:\Users\ultra\warewolf\Dev\Dev2.Common\bin\Debug\net8.0\Dev2.Common.dll". [C:\Users\ultra\warewolf\Dev\Warewolf.Studio.ViewModels\Warewolf.Studio.ViewModels.csproj]
C:\Program Files\dotnet\sdk\10.0.201\Microsoft.Common.CurrentVersion.targets(2451,5): warning MSB3277:             C:\Users\ultra\warewolf\Dev\Dev2.Common\bin\Debug\net8.0\Dev2.Common.dll [C:\Users\ultra\warewolf\Dev\Warewolf.Studio.ViewModels\Warewolf.Studio.ViewModels.csproj]
C:\Program Files\dotnet\sdk\10.0.201\Microsoft.Common.CurrentVersion.targets(2451,5): warning MSB3277:             C:\Users\ultra\warewolf\Dev\Dev2.Activities\bin\Debug\net8.0\Dev2.Activities.dll [C:\Users\ultra\warewolf\Dev\Warewolf.Studio.ViewModels\Warewolf.Studio.ViewModels.csproj]
C:\Program Files\dotnet\sdk\10.0.201\Microsoft.Common.CurrentVersion.targets(2451,5): warning MSB3277:             C:\Users\ultra\warewolf\Dev\Dev2.Core\bin\Debug\net8.0\Dev2.Core.dll [C:\Users\ultra\warewolf\Dev\Warewolf.Studio.ViewModels\Warewolf.Studio.ViewModels.csproj]
C:\Program Files\dotnet\sdk\10.0.201\Microsoft.Common.CurrentVersion.targets(2451,5): warning MSB3277:             C:\Users\ultra\warewolf\Dev\Dev2.Data\bin\Debug\net8.0\Dev2.Data.dll [C:\Users\ultra\warewolf\Dev\Warewolf.Studio.ViewModels\Warewolf.Studio.ViewModels.csproj]
C:\Program Files\dotnet\sdk\10.0.201\Microsoft.Common.CurrentVersion.targets(2451,5): warning MSB3277:             C:\Users\ultra\warewolf\Dev\Dev2.Diagnostics\bin\Debug\net8.0\Dev2.Diagnostics.dll [C:\Users\ultra\warewolf\Dev\Warewolf.Studio.ViewModels\Warewolf.Studio.ViewModels.csproj]
C:\Program Files\dotnet\sdk\10.0.201\Microsoft.Common.CurrentVersion.targets(2451,5): warning MSB3277:             C:\Users\ultra\warewolf\Dev\Dev2.Infrastructure\bin\Debug\net8.0\Dev2.Infrastructure.dll [C:\Users\ultra\warewolf\Dev\Warewolf.Studio.ViewModels\Warewolf.Studio.ViewModels.csproj]
C:\Program Files\dotnet\sdk\10.0.201\Microsoft.Common.CurrentVersion.targets(2451,5): warning MSB3277:             C:\Users\ultra\warewolf\Dev\Dev2.Studio.Core\bin\Debug\net8.0\Dev2.Studio.Core.dll [C:\Users\ultra\warewolf\Dev\Warewolf.Studio.ViewModels\Warewolf.Studio.ViewModels.csproj]
C:\Program Files\dotnet\sdk\10.0.201\Microsoft.Common.CurrentVersion.targets(2451,5): warning MSB3277:             C:\Users\ultra\warewolf\Dev\Dev2.Studio.Interfaces\bin\Debug\net8.0\Dev2.Studio.Interfaces.dll [C:\Users\ultra\warewolf\Dev\Warewolf.Studio.ViewModels\Warewolf.Studio.ViewModels.csproj]
C:\Program Files\dotnet\sdk\10.0.201\Microsoft.Common.CurrentVersion.targets(2451,5): warning MSB3277:             C:\Users\ultra\warewolf\Dev\Warewolf.Core\bin\Debug\net8.0\Warewolf.Core.dll [C:\Users\ultra\warewolf\Dev\Warewolf.Studio.ViewModels\Warewolf.Studio.ViewModels.csproj]
C:\Program Files\dotnet\sdk\10.0.201\Microsoft.Common.CurrentVersion.targets(2451,5): warning MSB3277:             C:\Users\ultra\warewolf\Dev\Warewolf.ResourceManagement\bin\Debug\net8.0\Warewolf.ResourceManagement.dll [C:\Users\ultra\warewolf\Dev\Warewolf.Studio.ViewModels\Warewolf.Studio.ViewModels.csproj]
C:\Program Files\dotnet\sdk\10.0.201\Microsoft.Common.CurrentVersion.targets(2451,5): warning MSB3277:             C:\Users\ultra\warewolf\Dev\Warewolf.Studio.Core\bin\Debug\net8.0\Warewolf.Studio.Core.dll [C:\Users\ultra\warewolf\Dev\Warewolf.Studio.ViewModels\Warewolf.Studio.ViewModels.csproj]
C:\Program Files\dotnet\sdk\10.0.201\Microsoft.Common.CurrentVersion.targets(2451,5): warning MSB3277:             C:\Users\ultra\warewolf\Dev\Warewolf.Studio.CustomControls\bin\Debug\net8.0\Warewolf.Studio.CustomControls.dll [C:\Users\ultra\warewolf\Dev\Warewolf.Studio.ViewModels\Warewolf.Studio.ViewModels.csproj]
C:\Program Files\dotnet\sdk\10.0.201\Microsoft.Common.CurrentVersion.targets(2451,5): warning MSB3277:             C:\Users\ultra\warewolf\Dev\Warewolf.Studio.Models\bin\Debug\net8.0\Warewolf.Studio.Models.dll [C:\Users\ultra\warewolf\Dev\Warewolf.Studio.ViewModels\Warewolf.Studio.ViewModels.csproj]
C:\Program Files\dotnet\sdk\10.0.201\Microsoft.Common.CurrentVersion.targets(2451,5): warning MSB3277:             C:\Users\ultra\warewolf\Dev\Dev2.Development.Languages\bin\Debug\net8.0\Dev2.Development.Languages.dll [C:\Users\ultra\warewolf\Dev\Warewolf.Studio.ViewModels\Warewolf.Studio.ViewModels.csproj]
C:\Program Files\dotnet\sdk\10.0.201\Microsoft.Common.CurrentVersion.targets(2451,5): warning MSB3277:             C:\Users\ultra\warewolf\Dev\Dev2.Intellisense\bin\Debug\net8.0\Dev2.Intellisense.dll [C:\Users\ultra\warewolf\Dev\Warewolf.Studio.ViewModels\Warewolf.Studio.ViewModels.csproj]
C:\Program Files\dotnet\sdk\10.0.201\Microsoft.Common.CurrentVersion.targets(2451,5): warning MSB3277:             C:\Users\ultra\warewolf\Dev\Dev2.Runtime.Services\bin\Debug\net8.0\Dev2.Runtime.Services.dll [C:\Users\ultra\warewolf\Dev\Warewolf.Studio.ViewModels\Warewolf.Studio.ViewModels.csproj]
C:\Program Files\dotnet\sdk\10.0.201\Microsoft.Common.CurrentVersion.targets(2451,5): warning MSB3277:             C:\Users\ultra\warewolf\Dev\Dev2.Scheduler\bin\Debug\net8.0\Dev2.Scheduler.dll [C:\Users\ultra\warewolf\Dev\Warewolf.Studio.ViewModels\Warewolf.Studio.ViewModels.csproj]
C:\Program Files\dotnet\sdk\10.0.201\Microsoft.Common.CurrentVersion.targets(2451,5): warning MSB3277:             C:\Users\ultra\warewolf\Dev\Dev2.Services.Execution\bin\Debug\net8.0\Dev2.Services.Execution.dll [C:\Users\ultra\warewolf\Dev\Warewolf.Studio.ViewModels\Warewolf.Studio.ViewModels.csproj]
C:\Program Files\dotnet\sdk\10.0.201\Microsoft.Common.CurrentVersion.targets(2451,5): warning MSB3277:             C:\Users\ultra\warewolf\Dev\Dev2.Services.Sql\bin\Debug\net8.0\Dev2.Services.Sql.dll [C:\Users\ultra\warewolf\Dev\Warewolf.Studio.ViewModels\Warewolf.Studio.ViewModels.csproj]
C:\Program Files\dotnet\sdk\10.0.201\Microsoft.Common.CurrentVersion.targets(2451,5): warning MSB3277:             C:\Users\ultra\warewolf\Dev\Dev2.TaskScheduler.Wrappers\bin\Debug\net8.0\Dev2.TaskScheduler.Wrappers.dll [C:\Users\ultra\warewolf\Dev\Warewolf.Studio.ViewModels\Warewolf.Studio.ViewModels.csproj]
C:\Program Files\dotnet\sdk\10.0.201\Microsoft.Common.CurrentVersion.targets(2451,5): warning MSB3277:             C:\Users\ultra\warewolf\Dev\Dev2.Util\bin\Debug\net8.0\Dev2.Util.dll [C:\Users\ultra\warewolf\Dev\Warewolf.Studio.ViewModels\Warewolf.Studio.ViewModels.csproj]
C:\Program Files\dotnet\sdk\10.0.201\Microsoft.Common.CurrentVersion.targets(2451,5): warning MSB3277:             C:\Users\ultra\warewolf\Dev\Warewolf.AI.Harness\bin\Debug\net8.0\Warewolf.AI.Harness.dll [C:\Users\ultra\warewolf\Dev\Warewolf.Studio.ViewModels\Warewolf.Studio.ViewModels.csproj]
C:\Program Files\dotnet\sdk\10.0.201\Microsoft.Common.CurrentVersion.targets(2451,5): warning MSB3277:             C:\Users\ultra\warewolf\Dev\Warewolf.Auditing\bin\Debug\net8.0\Warewolf.Auditing.dll [C:\Users\ultra\warewolf\Dev\Warewolf.Studio.ViewModels\Warewolf.Studio.ViewModels.csproj]
C:\Program Files\dotnet\sdk\10.0.201\Microsoft.Common.CurrentVersion.targets(2451,5): warning MSB3277:             C:\Users\ultra\warewolf\Dev\Warewolf.Common.NetStandard20\bin\Debug\net8.0\Warewolf.Common.NetStandard20.dll [C:\Users\ultra\warewolf\Dev\Warewolf.Studio.ViewModels\Warewolf.Studio.ViewModels.csproj]
C:\Program Files\dotnet\sdk\10.0.201\Microsoft.Common.CurrentVersion.targets(2451,5): warning MSB3277:             C:\Users\ultra\warewolf\Dev\Warewolf.Driver.Persistence\bin\Debug\net8.0\Warewolf.Driver.Persistence.dll [C:\Users\ultra\warewolf\Dev\Warewolf.Studio.ViewModels\Warewolf.Studio.ViewModels.csproj]
C:\Program Files\dotnet\sdk\10.0.201\Microsoft.Common.CurrentVersion.targets(2451,5): warning MSB3277:             C:\Users\ultra\warewolf\Dev\Warewolf.Driver.Serilog\bin\Debug\net8.0\Warewolf.Driver.Serilog.dll [C:\Users\ultra\warewolf\Dev\Warewolf.Studio.ViewModels\Warewolf.Studio.ViewModels.csproj]
C:\Program Files\dotnet\sdk\10.0.201\Microsoft.Common.CurrentVersion.targets(2451,5): warning MSB3277:             C:\Users\ultra\warewolf\Dev\Warewolf.Exchange.Email.Wrapper\bin\Debug\net8.0\Warewolf.Exchange.Email.Wrapper.dll [C:\Users\ultra\warewolf\Dev\Warewolf.Studio.ViewModels\Warewolf.Studio.ViewModels.csproj]
C:\Program Files\dotnet\sdk\10.0.201\Microsoft.Common.CurrentVersion.targets(2451,5): warning MSB3277:             C:\Users\ultra\warewolf\Dev\Warewolf.Sharepoint\bin\Debug\net8.0\Warewolf.Sharepoint.dll [C:\Users\ultra\warewolf\Dev\Warewolf.Studio.ViewModels\Warewolf.Studio.ViewModels.csproj]
C:\Program Files\dotnet\sdk\10.0.201\Microsoft.Common.CurrentVersion.targets(2451,5): warning MSB3277:             C:\Users\ultra\warewolf\Dev\Warewolf.Storage\bin\Debug\net8.0\Warewolf.Storage.dll [C:\Users\ultra\warewolf\Dev\Warewolf.Studio.ViewModels\Warewolf.Studio.ViewModels.csproj]
C:\Program Files\dotnet\sdk\10.0.201\Microsoft.Common.CurrentVersion.targets(2451,5): warning MSB3277:             C:\Users\ultra\warewolf\Dev\Warewolf.UI\bin\Debug\net8.0\Warewolf.UI.dll [C:\Users\ultra\warewolf\Dev\Warewolf.Studio.ViewModels\Warewolf.Studio.ViewModels.csproj]
C:\Program Files\dotnet\sdk\10.0.201\Microsoft.Common.CurrentVersion.targets(2451,5): warning MSB3277:         C:\Users\ultra\warewolf\Dev\Binaries\Infragistcs_Net6\InfragisticsWPF4.v15.1.dll [C:\Users\ultra\warewolf\Dev\Warewolf.Studio.ViewModels\Warewolf.Studio.ViewModels.csproj]
C:\Program Files\dotnet\sdk\10.0.201\Microsoft.Common.CurrentVersion.targets(2451,5): warning MSB3277:           Project file item includes which caused reference "C:\Users\ultra\warewolf\Dev\Binaries\Infragistcs_Net6\InfragisticsWPF4.v15.1.dll". [C:\Users\ultra\warewolf\Dev\Warewolf.Studio.ViewModels\Warewolf.Studio.ViewModels.csproj]
C:\Program Files\dotnet\sdk\10.0.201\Microsoft.Common.CurrentVersion.targets(2451,5): warning MSB3277:             InfragisticsWPF4.v15.1, Version=15.1.20151.2055, Culture=neutral, processorArchitecture=MSIL [C:\Users\ultra\warewolf\Dev\Warewolf.Studio.ViewModels\Warewolf.Studio.ViewModels.csproj]
C:\Program Files\dotnet\sdk\10.0.201\Microsoft.Common.CurrentVersion.targets(2451,5): warning MSB3277:             InfragisticsWPF4.Controls.Editors.XamComboEditor.v15.1, Version=15.1.20151.2055, Culture=neutral, processorArchitecture=MSIL [C:\Users\ultra\warewolf\Dev\Warewolf.Studio.ViewModels\Warewolf.Studio.ViewModels.csproj]
C:\Program Files\dotnet\sdk\10.0.201\Microsoft.Common.CurrentVersion.targets(2451,5): warning MSB3277:             InfragisticsWPF4.DataManager.v15.1, Version=15.1.20151.2055, Culture=neutral, processorArchitecture=MSIL [C:\Users\ultra\warewolf\Dev\Warewolf.Studio.ViewModels\Warewolf.Studio.ViewModels.csproj]
C:\Program Files\dotnet\sdk\10.0.201\Microsoft.Common.CurrentVersion.targets(2451,5): warning MSB3277:         C:\Users\ultra\.nuget\packages\timespan2\2.4.2\lib\netcoreapp3.1\TimeSpan2.dll [C:\Users\ultra\warewolf\Dev\Warewolf.Studio.ViewModels\Warewolf.Studio.ViewModels.csproj]
C:\Program Files\dotnet\sdk\10.0.201\Microsoft.Common.CurrentVersion.targets(2451,5): warning MSB3277:           Project file item includes which caused reference "C:\Users\ultra\.nuget\packages\timespan2\2.4.2\lib\netcoreapp3.1\TimeSpan2.dll". [C:\Users\ultra\warewolf\Dev\Warewolf.Studio.ViewModels\Warewolf.Studio.ViewModels.csproj]
C:\Program Files\dotnet\sdk\10.0.201\Microsoft.Common.CurrentVersion.targets(2451,5): warning MSB3277:             C:\Users\ultra\.nuget\packages\timespan2\2.4.2\lib\netcoreapp3.1\TimeSpan2.dll [C:\Users\ultra\warewolf\Dev\Warewolf.Studio.ViewModels\Warewolf.Studio.ViewModels.csproj]
C:\Program Files\dotnet\sdk\10.0.201\Microsoft.Common.CurrentVersion.targets(2451,5): warning MSB3277:             C:\Users\ultra\.nuget\packages\taskschedulereditor\2.10.1\lib\net452\Microsoft.Win32.TaskSchedulerEditor.dll [C:\Users\ultra\warewolf\Dev\Warewolf.Studio.ViewModels\Warewolf.Studio.ViewModels.csproj]
C:\Program Files\dotnet\sdk\10.0.201\Microsoft.Common.CurrentVersion.targets(2451,5): warning MSB3277:         C:\Program Files\dotnet\packs\Microsoft.NETCore.App.Ref\8.0.25\ref\net8.0\System.dll [C:\Users\ultra\warewolf\Dev\Warewolf.Studio.ViewModels\Warewolf.Studio.ViewModels.csproj]
C:\Program Files\dotnet\sdk\10.0.201\Microsoft.Common.CurrentVersion.targets(2451,5): warning MSB3277:           Project file item includes which caused reference "C:\Program Files\dotnet\packs\Microsoft.NETCore.App.Ref\8.0.25\ref\net8.0\System.dll". [C:\Users\ultra\warewolf\Dev\Warewolf.Studio.ViewModels\Warewolf.Studio.ViewModels.csproj]
C:\Program Files\dotnet\sdk\10.0.201\Microsoft.Common.CurrentVersion.targets(2451,5): warning MSB3277:             C:\Program Files\dotnet\packs\Microsoft.NETCore.App.Ref\8.0.25\ref/net8.0/System.dll [C:\Users\ultra\warewolf\Dev\Warewolf.Studio.ViewModels\Warewolf.Studio.ViewModels.csproj]
C:\Program Files\dotnet\sdk\10.0.201\Microsoft.Common.CurrentVersion.targets(2451,5): warning MSB3277:             C:\Users\ultra\.nuget\packages\aerowizard\2.3.1\lib\net45\AeroWizard.dll [C:\Users\ultra\warewolf\Dev\Warewolf.Studio.ViewModels\Warewolf.Studio.ViewModels.csproj]
C:\Program Files\dotnet\sdk\10.0.201\Microsoft.Common.CurrentVersion.targets(2451,5): warning MSB3277:             C:\Users\ultra\.nuget\packages\groupcontrols\1.9.0\lib\net45\GroupControls.dll [C:\Users\ultra\warewolf\Dev\Warewolf.Studio.ViewModels\Warewolf.Studio.ViewModels.csproj]
C:\Program Files\dotnet\sdk\10.0.201\Microsoft.Common.CurrentVersion.targets(2451,5): warning MSB3277:             C:\Users\ultra\.nuget\packages\microsoft.xaml.behaviors.wpf\1.1.122\lib\net462\Microsoft.Xaml.Behaviors.dll [C:\Users\ultra\warewolf\Dev\Warewolf.Studio.ViewModels\Warewolf.Studio.ViewModels.csproj]
C:\Program Files\dotnet\sdk\10.0.201\Microsoft.Common.CurrentVersion.targets(2451,5): warning MSB3277:             C:\Users\ultra\.nuget\packages\caliburn.micro\4.0.212\lib\netcoreapp3.1\Caliburn.Micro.Platform.dll [C:\Users\ultra\warewolf\Dev\Warewolf.Studio.ViewModels\Warewolf.Studio.ViewModels.csproj]
C:\Program Files\dotnet\sdk\10.0.201\Microsoft.Common.CurrentVersion.targets(2451,5): warning MSB3277:             C:\Users\ultra\.nuget\packages\prism.wpf\9.0.537\lib\net462\Prism.Wpf.dll [C:\Users\ultra\warewolf\Dev\Warewolf.Studio.ViewModels\Warewolf.Studio.ViewModels.csproj]
C:\Program Files\dotnet\sdk\10.0.201\Microsoft.Common.CurrentVersion.targets(2451,5): warning MSB3277:             C:\Users\ultra\.nuget\packages\reactiveui.wpf\18.4.1\lib\net462\ReactiveUI.Wpf.dll [C:\Users\ultra\warewolf\Dev\Warewolf.Studio.ViewModels\Warewolf.Studio.ViewModels.csproj]
C:\Program Files\dotnet\sdk\10.0.201\Microsoft.Common.CurrentVersion.targets(2451,5): warning MSB3277:             C:\Users\ultra\.nuget\packages\taskschedulereditor\2.10.1\lib\net452\Microsoft.Win32.TaskSchedulerEditor.dll [C:\Users\ultra\warewolf\Dev\Warewolf.Studio.ViewModels\Warewolf.Studio.ViewModels.csproj]
C:\Program Files\dotnet\sdk\10.0.201\Microsoft.Common.CurrentVersion.targets(2451,5): warning MSB3277:             C:\Users\ultra\.nuget\packages\ttcue.netcore.sharepointonline.csom.16.1.8029.1200\16.1.8029.1200\lib\netcoreapp2.0\Microsoft.SharePoint.Client.Runtime.Windows.dll [C:\Users\ultra\warewolf\Dev\Warewolf.Studio.ViewModels\Warewolf.Studio.ViewModels.csproj]
C:\Program Files\dotnet\sdk\10.0.201\Microsoft.Common.CurrentVersion.targets(2451,5): warning MSB3277: Found conflicts between different versions of "System.Security.Permissions" that could not be resolved. [C:\Users\ultra\warewolf\Dev\Warewolf.Studio.ViewModels\Warewolf.Studio.ViewModels.csproj]
C:\Program Files\dotnet\sdk\10.0.201\Microsoft.Common.CurrentVersion.targets(2451,5): warning MSB3277: There was a conflict between "System.Security.Permissions, Version=6.0.0.0, Culture=neutral, PublicKeyToken=cc7b13ffcd2ddd51" and "System.Security.Permissions, Version=7.0.0.0, Culture=neutral, PublicKeyToken=cc7b13ffcd2ddd51". [C:\Users\ultra\warewolf\Dev\Warewolf.Studio.ViewModels\Warewolf.Studio.ViewModels.csproj]
C:\Program Files\dotnet\sdk\10.0.201\Microsoft.Common.CurrentVersion.targets(2451,5): warning MSB3277:     "System.Security.Permissions, Version=6.0.0.0, Culture=neutral, PublicKeyToken=cc7b13ffcd2ddd51" was chosen because it was primary and "System.Security.Permissions, Version=7.0.0.0, Culture=neutral, PublicKeyToken=cc7b13ffcd2ddd51" was not. [C:\Users\ultra\warewolf\Dev\Warewolf.Studio.ViewModels\Warewolf.Studio.ViewModels.csproj]
C:\Program Files\dotnet\sdk\10.0.201\Microsoft.Common.CurrentVersion.targets(2451,5): warning MSB3277:     References which depend on "System.Security.Permissions, Version=6.0.0.0, Culture=neutral, PublicKeyToken=cc7b13ffcd2ddd51" [C:\Users\ultra\.nuget\packages\system.security.permissions\6.0.0\lib\net6.0\System.Security.Permissions.dll]. [C:\Users\ultra\warewolf\Dev\Warewolf.Studio.ViewModels\Warewolf.Studio.ViewModels.csproj]
C:\Program Files\dotnet\sdk\10.0.201\Microsoft.Common.CurrentVersion.targets(2451,5): warning MSB3277:         C:\Users\ultra\.nuget\packages\system.security.permissions\6.0.0\lib\net6.0\System.Security.Permissions.dll [C:\Users\ultra\warewolf\Dev\Warewolf.Studio.ViewModels\Warewolf.Studio.ViewModels.csproj]
C:\Program Files\dotnet\sdk\10.0.201\Microsoft.Common.CurrentVersion.targets(2451,5): warning MSB3277:           Project file item includes which caused reference "C:\Users\ultra\.nuget\packages\system.security.permissions\6.0.0\lib\net6.0\System.Security.Permissions.dll". [C:\Users\ultra\warewolf\Dev\Warewolf.Studio.ViewModels\Warewolf.Studio.ViewModels.csproj]
C:\Program Files\dotnet\sdk\10.0.201\Microsoft.Common.CurrentVersion.targets(2451,5): warning MSB3277:             C:\Users\ultra\.nuget\packages\system.security.permissions\6.0.0\lib\net6.0\System.Security.Permissions.dll [C:\Users\ultra\warewolf\Dev\Warewolf.Studio.ViewModels\Warewolf.Studio.ViewModels.csproj]
C:\Program Files\dotnet\sdk\10.0.201\Microsoft.Common.CurrentVersion.targets(2451,5): warning MSB3277:     References which depend on or have been unified to "System.Security.Permissions, Version=7.0.0.0, Culture=neutral, PublicKeyToken=cc7b13ffcd2ddd51" []. [C:\Users\ultra\warewolf\Dev\Warewolf.Studio.ViewModels\Warewolf.Studio.ViewModels.csproj]
C:\Program Files\dotnet\sdk\10.0.201\Microsoft.Common.CurrentVersion.targets(2451,5): warning MSB3277:         C:\Users\ultra\warewolf\Dev\Dev2.Data\bin\Debug\net8.0\Dev2.Data.dll [C:\Users\ultra\warewolf\Dev\Warewolf.Studio.ViewModels\Warewolf.Studio.ViewModels.csproj]
C:\Program Files\dotnet\sdk\10.0.201\Microsoft.Common.CurrentVersion.targets(2451,5): warning MSB3277:           Project file item includes which caused reference "C:\Users\ultra\warewolf\Dev\Dev2.Data\bin\Debug\net8.0\Dev2.Data.dll". [C:\Users\ultra\warewolf\Dev\Warewolf.Studio.ViewModels\Warewolf.Studio.ViewModels.csproj]
C:\Program Files\dotnet\sdk\10.0.201\Microsoft.Common.CurrentVersion.targets(2451,5): warning MSB3277:             C:\Users\ultra\warewolf\Dev\Dev2.Data\bin\Debug\net8.0\Dev2.Data.dll [C:\Users\ultra\warewolf\Dev\Warewolf.Studio.ViewModels\Warewolf.Studio.ViewModels.csproj]
C:\Program Files\dotnet\sdk\10.0.201\Microsoft.Common.CurrentVersion.targets(2451,5): warning MSB3277:             C:\Users\ultra\warewolf\Dev\Dev2.Activities\bin\Debug\net8.0\Dev2.Activities.dll [C:\Users\ultra\warewolf\Dev\Warewolf.Studio.ViewModels\Warewolf.Studio.ViewModels.csproj]
C:\Program Files\dotnet\sdk\10.0.201\Microsoft.Common.CurrentVersion.targets(2451,5): warning MSB3277:             C:\Users\ultra\warewolf\Dev\Dev2.Core\bin\Debug\net8.0\Dev2.Core.dll [C:\Users\ultra\warewolf\Dev\Warewolf.Studio.ViewModels\Warewolf.Studio.ViewModels.csproj]
C:\Program Files\dotnet\sdk\10.0.201\Microsoft.Common.CurrentVersion.targets(2451,5): warning MSB3277:             C:\Users\ultra\warewolf\Dev\Dev2.Studio.Core\bin\Debug\net8.0\Dev2.Studio.Core.dll [C:\Users\ultra\warewolf\Dev\Warewolf.Studio.ViewModels\Warewolf.Studio.ViewModels.csproj]
C:\Program Files\dotnet\sdk\10.0.201\Microsoft.Common.CurrentVersion.targets(2451,5): warning MSB3277:             C:\Users\ultra\warewolf\Dev\Dev2.Studio.Interfaces\bin\Debug\net8.0\Dev2.Studio.Interfaces.dll [C:\Users\ultra\warewolf\Dev\Warewolf.Studio.ViewModels\Warewolf.Studio.ViewModels.csproj]
C:\Program Files\dotnet\sdk\10.0.201\Microsoft.Common.CurrentVersion.targets(2451,5): warning MSB3277:             C:\Users\ultra\warewolf\Dev\Warewolf.Core\bin\Debug\net8.0\Warewolf.Core.dll [C:\Users\ultra\warewolf\Dev\Warewolf.Studio.ViewModels\Warewolf.Studio.ViewModels.csproj]
C:\Program Files\dotnet\sdk\10.0.201\Microsoft.Common.CurrentVersion.targets(2451,5): warning MSB3277:             C:\Users\ultra\warewolf\Dev\Warewolf.ResourceManagement\bin\Debug\net8.0\Warewolf.ResourceManagement.dll [C:\Users\ultra\warewolf\Dev\Warewolf.Studio.ViewModels\Warewolf.Studio.ViewModels.csproj]
C:\Program Files\dotnet\sdk\10.0.201\Microsoft.Common.CurrentVersion.targets(2451,5): warning MSB3277:             C:\Users\ultra\warewolf\Dev\Warewolf.Studio.Core\bin\Debug\net8.0\Warewolf.Studio.Core.dll [C:\Users\ultra\warewolf\Dev\Warewolf.Studio.ViewModels\Warewolf.Studio.ViewModels.csproj]
C:\Program Files\dotnet\sdk\10.0.201\Microsoft.Common.CurrentVersion.targets(2451,5): warning MSB3277:             C:\Users\ultra\warewolf\Dev\Warewolf.Studio.CustomControls\bin\Debug\net8.0\Warewolf.Studio.CustomControls.dll [C:\Users\ultra\warewolf\Dev\Warewolf.Studio.ViewModels\Warewolf.Studio.ViewModels.csproj]
C:\Program Files\dotnet\sdk\10.0.201\Microsoft.Common.CurrentVersion.targets(2451,5): warning MSB3277:             C:\Users\ultra\warewolf\Dev\Warewolf.Studio.Models\bin\Debug\net8.0\Warewolf.Studio.Models.dll [C:\Users\ultra\warewolf\Dev\Warewolf.Studio.ViewModels\Warewolf.Studio.ViewModels.csproj]
C:\Program Files\dotnet\sdk\10.0.201\Microsoft.Common.CurrentVersion.targets(2451,5): warning MSB3277:             C:\Users\ultra\warewolf\Dev\Dev2.Intellisense\bin\Debug\net8.0\Dev2.Intellisense.dll [C:\Users\ultra\warewolf\Dev\Warewolf.Studio.ViewModels\Warewolf.Studio.ViewModels.csproj]
C:\Program Files\dotnet\sdk\10.0.201\Microsoft.Common.CurrentVersion.targets(2451,5): warning MSB3277:             C:\Users\ultra\warewolf\Dev\Dev2.Runtime.Services\bin\Debug\net8.0\Dev2.Runtime.Services.dll [C:\Users\ultra\warewolf\Dev\Warewolf.Studio.ViewModels\Warewolf.Studio.ViewModels.csproj]
C:\Program Files\dotnet\sdk\10.0.201\Microsoft.Common.CurrentVersion.targets(2451,5): warning MSB3277:             C:\Users\ultra\warewolf\Dev\Dev2.Scheduler\bin\Debug\net8.0\Dev2.Scheduler.dll [C:\Users\ultra\warewolf\Dev\Warewolf.Studio.ViewModels\Warewolf.Studio.ViewModels.csproj]
C:\Program Files\dotnet\sdk\10.0.201\Microsoft.Common.CurrentVersion.targets(2451,5): warning MSB3277:             C:\Users\ultra\warewolf\Dev\Dev2.Services.Execution\bin\Debug\net8.0\Dev2.Services.Execution.dll [C:\Users\ultra\warewolf\Dev\Warewolf.Studio.ViewModels\Warewolf.Studio.ViewModels.csproj]
C:\Program Files\dotnet\sdk\10.0.201\Microsoft.Common.CurrentVersion.targets(2451,5): warning MSB3277:             C:\Users\ultra\warewolf\Dev\Warewolf.Auditing\bin\Debug\net8.0\Warewolf.Auditing.dll [C:\Users\ultra\warewolf\Dev\Warewolf.Studio.ViewModels\Warewolf.Studio.ViewModels.csproj]
C:\Program Files\dotnet\sdk\10.0.201\Microsoft.Common.CurrentVersion.targets(2451,5): warning MSB3277:             C:\Users\ultra\warewolf\Dev\Warewolf.Common.NetStandard20\bin\Debug\net8.0\Warewolf.Common.NetStandard20.dll [C:\Users\ultra\warewolf\Dev\Warewolf.Studio.ViewModels\Warewolf.Studio.ViewModels.csproj]
C:\Program Files\dotnet\sdk\10.0.201\Microsoft.Common.CurrentVersion.targets(2451,5): warning MSB3277:             C:\Users\ultra\warewolf\Dev\Warewolf.Driver.Persistence\bin\Debug\net8.0\Warewolf.Driver.Persistence.dll [C:\Users\ultra\warewolf\Dev\Warewolf.Studio.ViewModels\Warewolf.Studio.ViewModels.csproj]
C:\Program Files\dotnet\sdk\10.0.201\Microsoft.Common.CurrentVersion.targets(2451,5): warning MSB3277:             C:\Users\ultra\warewolf\Dev\Warewolf.Exchange.Email.Wrapper\bin\Debug\net8.0\Warewolf.Exchange.Email.Wrapper.dll [C:\Users\ultra\warewolf\Dev\Warewolf.Studio.ViewModels\Warewolf.Studio.ViewModels.csproj]
C:\Program Files\dotnet\sdk\10.0.201\Microsoft.Common.CurrentVersion.targets(2451,5): warning MSB3277:             C:\Users\ultra\warewolf\Dev\Warewolf.UI\bin\Debug\net8.0\Warewolf.UI.dll [C:\Users\ultra\warewolf\Dev\Warewolf.Studio.ViewModels\Warewolf.Studio.ViewModels.csproj]
C:\Program Files\dotnet\sdk\10.0.201\Microsoft.Common.CurrentVersion.targets(2451,5): warning MSB3277:         C:\Users\ultra\warewolf\Dev\Warewolf.Studio.CustomControls\bin\Debug\net8.0\Warewolf.Studio.CustomControls.dll [C:\Users\ultra\warewolf\Dev\Warewolf.Studio.ViewModels\Warewolf.Studio.ViewModels.csproj]
C:\Program Files\dotnet\sdk\10.0.201\Microsoft.Common.CurrentVersion.targets(2451,5): warning MSB3277:           Project file item includes which caused reference "C:\Users\ultra\warewolf\Dev\Warewolf.Studio.CustomControls\bin\Debug\net8.0\Warewolf.Studio.CustomControls.dll". [C:\Users\ultra\warewolf\Dev\Warewolf.Studio.ViewModels\Warewolf.Studio.ViewModels.csproj]
C:\Program Files\dotnet\sdk\10.0.201\Microsoft.Common.CurrentVersion.targets(2451,5): warning MSB3277:             C:\Users\ultra\warewolf\Dev\Warewolf.Studio.CustomControls\bin\Debug\net8.0\Warewolf.Studio.CustomControls.dll [C:\Users\ultra\warewolf\Dev\Warewolf.Studio.ViewModels\Warewolf.Studio.ViewModels.csproj]
C:\Program Files\dotnet\sdk\10.0.201\Microsoft.Common.CurrentVersion.targets(2451,5): warning MSB3277:         C:\Users\ultra\warewolf\Dev\Binaries\Infragistcs_Net6\InfragisticsWPF4.v15.1.dll [C:\Users\ultra\warewolf\Dev\Warewolf.Studio.ViewModels\Warewolf.Studio.ViewModels.csproj]
C:\Program Files\dotnet\sdk\10.0.201\Microsoft.Common.CurrentVersion.targets(2451,5): warning MSB3277:           Project file item includes which caused reference "C:\Users\ultra\warewolf\Dev\Binaries\Infragistcs_Net6\InfragisticsWPF4.v15.1.dll". [C:\Users\ultra\warewolf\Dev\Warewolf.Studio.ViewModels\Warewolf.Studio.ViewModels.csproj]
C:\Program Files\dotnet\sdk\10.0.201\Microsoft.Common.CurrentVersion.targets(2451,5): warning MSB3277:             InfragisticsWPF4.v15.1, Version=15.1.20151.2055, Culture=neutral, processorArchitecture=MSIL [C:\Users\ultra\warewolf\Dev\Warewolf.Studio.ViewModels\Warewolf.Studio.ViewModels.csproj]
C:\Program Files\dotnet\sdk\10.0.201\Microsoft.Common.CurrentVersion.targets(2451,5): warning MSB3277:             InfragisticsWPF4.Controls.Editors.XamComboEditor.v15.1, Version=15.1.20151.2055, Culture=neutral, processorArchitecture=MSIL [C:\Users\ultra\warewolf\Dev\Warewolf.Studio.ViewModels\Warewolf.Studio.ViewModels.csproj]
C:\Program Files\dotnet\sdk\10.0.201\Microsoft.Common.CurrentVersion.targets(2451,5): warning MSB3277:             InfragisticsWPF4.DataManager.v15.1, Version=15.1.20151.2055, Culture=neutral, processorArchitecture=MSIL [C:\Users\ultra\warewolf\Dev\Warewolf.Studio.ViewModels\Warewolf.Studio.ViewModels.csproj]
C:\Program Files\dotnet\sdk\10.0.201\Microsoft.Common.CurrentVersion.targets(2451,5): warning MSB3277:         C:\Users\ultra\.nuget\packages\dotnetzip\1.16.0\lib\netstandard2.0\DotNetZip.dll [C:\Users\ultra\warewolf\Dev\Warewolf.Studio.ViewModels\Warewolf.Studio.ViewModels.csproj]
C:\Program Files\dotnet\sdk\10.0.201\Microsoft.Common.CurrentVersion.targets(2451,5): warning MSB3277:           Project file item includes which caused reference "C:\Users\ultra\.nuget\packages\dotnetzip\1.16.0\lib\netstandard2.0\DotNetZip.dll". [C:\Users\ultra\warewolf\Dev\Warewolf.Studio.ViewModels\Warewolf.Studio.ViewModels.csproj]
C:\Program Files\dotnet\sdk\10.0.201\Microsoft.Common.CurrentVersion.targets(2451,5): warning MSB3277:             C:\Users\ultra\.nuget\packages\dotnetzip\1.16.0\lib\netstandard2.0\DotNetZip.dll [C:\Users\ultra\warewolf\Dev\Warewolf.Studio.ViewModels\Warewolf.Studio.ViewModels.csproj]
C:\Program Files\dotnet\sdk\10.0.201\Microsoft.Common.CurrentVersion.targets(2451,5): warning MSB3277:             C:\Users\ultra\warewolf\Dev\Dev2.Common\bin\Debug\net8.0\Dev2.Common.dll [C:\Users\ultra\warewolf\Dev\Warewolf.Studio.ViewModels\Warewolf.Studio.ViewModels.csproj]
C:\Program Files\dotnet\sdk\10.0.201\Microsoft.Common.CurrentVersion.targets(2451,5): warning MSB3277:             C:\Users\ultra\warewolf\Dev\Dev2.Activities\bin\Debug\net8.0\Dev2.Activities.dll [C:\Users\ultra\warewolf\Dev\Warewolf.Studio.ViewModels\Warewolf.Studio.ViewModels.csproj]
C:\Program Files\dotnet\sdk\10.0.201\Microsoft.Common.CurrentVersion.targets(2451,5): warning MSB3277:             C:\Users\ultra\warewolf\Dev\Dev2.Core\bin\Debug\net8.0\Dev2.Core.dll [C:\Users\ultra\warewolf\Dev\Warewolf.Studio.ViewModels\Warewolf.Studio.ViewModels.csproj]
C:\Program Files\dotnet\sdk\10.0.201\Microsoft.Common.CurrentVersion.targets(2451,5): warning MSB3277:             C:\Users\ultra\warewolf\Dev\Dev2.Data.Interfaces\bin\Debug\net8.0\Dev2.Data.Interfaces.dll [C:\Users\ultra\warewolf\Dev\Warewolf.Studio.ViewModels\Warewolf.Studio.ViewModels.csproj]
C:\Program Files\dotnet\sdk\10.0.201\Microsoft.Common.CurrentVersion.targets(2451,5): warning MSB3277:             C:\Users\ultra\warewolf\Dev\Dev2.Data\bin\Debug\net8.0\Dev2.Data.dll [C:\Users\ultra\warewolf\Dev\Warewolf.Studio.ViewModels\Warewolf.Studio.ViewModels.csproj]
C:\Program Files\dotnet\sdk\10.0.201\Microsoft.Common.CurrentVersion.targets(2451,5): warning MSB3277:             C:\Users\ultra\warewolf\Dev\Dev2.Diagnostics\bin\Debug\net8.0\Dev2.Diagnostics.dll [C:\Users\ultra\warewolf\Dev\Warewolf.Studio.ViewModels\Warewolf.Studio.ViewModels.csproj]
C:\Program Files\dotnet\sdk\10.0.201\Microsoft.Common.CurrentVersion.targets(2451,5): warning MSB3277:             C:\Users\ultra\warewolf\Dev\Dev2.Infrastructure\bin\Debug\net8.0\Dev2.Infrastructure.dll [C:\Users\ultra\warewolf\Dev\Warewolf.Studio.ViewModels\Warewolf.Studio.ViewModels.csproj]
C:\Program Files\dotnet\sdk\10.0.201\Microsoft.Common.CurrentVersion.targets(2451,5): warning MSB3277:             C:\Users\ultra\warewolf\Dev\Dev2.Studio.Core\bin\Debug\net8.0\Dev2.Studio.Core.dll [C:\Users\ultra\warewolf\Dev\Warewolf.Studio.ViewModels\Warewolf.Studio.ViewModels.csproj]
C:\Program Files\dotnet\sdk\10.0.201\Microsoft.Common.CurrentVersion.targets(2451,5): warning MSB3277:             C:\Users\ultra\warewolf\Dev\Dev2.Studio.Interfaces\bin\Debug\net8.0\Dev2.Studio.Interfaces.dll [C:\Users\ultra\warewolf\Dev\Warewolf.Studio.ViewModels\Warewolf.Studio.ViewModels.csproj]
C:\Program Files\dotnet\sdk\10.0.201\Microsoft.Common.CurrentVersion.targets(2451,5): warning MSB3277:             C:\Users\ultra\warewolf\Dev\Warewolf.Core\bin\Debug\net8.0\Warewolf.Core.dll [C:\Users\ultra\warewolf\Dev\Warewolf.Studio.ViewModels\Warewolf.Studio.ViewModels.csproj]
C:\Program Files\dotnet\sdk\10.0.201\Microsoft.Common.CurrentVersion.targets(2451,5): warning MSB3277:             C:\Users\ultra\warewolf\Dev\Warewolf.ResourceManagement\bin\Debug\net8.0\Warewolf.ResourceManagement.dll [C:\Users\ultra\warewolf\Dev\Warewolf.Studio.ViewModels\Warewolf.Studio.ViewModels.csproj]
C:\Program Files\dotnet\sdk\10.0.201\Microsoft.Common.CurrentVersion.targets(2451,5): warning MSB3277:             C:\Users\ultra\warewolf\Dev\Warewolf.Studio.Core\bin\Debug\net8.0\Warewolf.Studio.Core.dll [C:\Users\ultra\warewolf\Dev\Warewolf.Studio.ViewModels\Warewolf.Studio.ViewModels.csproj]
C:\Program Files\dotnet\sdk\10.0.201\Microsoft.Common.CurrentVersion.targets(2451,5): warning MSB3277:             C:\Users\ultra\warewolf\Dev\Warewolf.Studio.CustomControls\bin\Debug\net8.0\Warewolf.Studio.CustomControls.dll [C:\Users\ultra\warewolf\Dev\Warewolf.Studio.ViewModels\Warewolf.Studio.ViewModels.csproj]
C:\Program Files\dotnet\sdk\10.0.201\Microsoft.Common.CurrentVersion.targets(2451,5): warning MSB3277:             C:\Users\ultra\warewolf\Dev\Warewolf.Studio.Models\bin\Debug\net8.0\Warewolf.Studio.Models.dll [C:\Users\ultra\warewolf\Dev\Warewolf.Studio.ViewModels\Warewolf.Studio.ViewModels.csproj]
C:\Program Files\dotnet\sdk\10.0.201\Microsoft.Common.CurrentVersion.targets(2451,5): warning MSB3277:             C:\Users\ultra\warewolf\Dev\Dev2.Development.Languages\bin\Debug\net8.0\Dev2.Development.Languages.dll [C:\Users\ultra\warewolf\Dev\Warewolf.Studio.ViewModels\Warewolf.Studio.ViewModels.csproj]
C:\Program Files\dotnet\sdk\10.0.201\Microsoft.Common.CurrentVersion.targets(2451,5): warning MSB3277:             C:\Users\ultra\warewolf\Dev\Dev2.Intellisense\bin\Debug\net8.0\Dev2.Intellisense.dll [C:\Users\ultra\warewolf\Dev\Warewolf.Studio.ViewModels\Warewolf.Studio.ViewModels.csproj]
C:\Program Files\dotnet\sdk\10.0.201\Microsoft.Common.CurrentVersion.targets(2451,5): warning MSB3277:             C:\Users\ultra\warewolf\Dev\Dev2.Runtime.Services\bin\Debug\net8.0\Dev2.Runtime.Services.dll [C:\Users\ultra\warewolf\Dev\Warewolf.Studio.ViewModels\Warewolf.Studio.ViewModels.csproj]
C:\Program Files\dotnet\sdk\10.0.201\Microsoft.Common.CurrentVersion.targets(2451,5): warning MSB3277:             C:\Users\ultra\warewolf\Dev\Dev2.Scheduler\bin\Debug\net8.0\Dev2.Scheduler.dll [C:\Users\ultra\warewolf\Dev\Warewolf.Studio.ViewModels\Warewolf.Studio.ViewModels.csproj]
C:\Program Files\dotnet\sdk\10.0.201\Microsoft.Common.CurrentVersion.targets(2451,5): warning MSB3277:             C:\Users\ultra\warewolf\Dev\Dev2.Services.Execution\bin\Debug\net8.0\Dev2.Services.Execution.dll [C:\Users\ultra\warewolf\Dev\Warewolf.Studio.ViewModels\Warewolf.Studio.ViewModels.csproj]
C:\Program Files\dotnet\sdk\10.0.201\Microsoft.Common.CurrentVersion.targets(2451,5): warning MSB3277:             C:\Users\ultra\warewolf\Dev\Dev2.Services.Sql\bin\Debug\net8.0\Dev2.Services.Sql.dll [C:\Users\ultra\warewolf\Dev\Warewolf.Studio.ViewModels\Warewolf.Studio.ViewModels.csproj]
C:\Program Files\dotnet\sdk\10.0.201\Microsoft.Common.CurrentVersion.targets(2451,5): warning MSB3277:             C:\Users\ultra\warewolf\Dev\Dev2.TaskScheduler.Wrappers\bin\Debug\net8.0\Dev2.TaskScheduler.Wrappers.dll [C:\Users\ultra\warewolf\Dev\Warewolf.Studio.ViewModels\Warewolf.Studio.ViewModels.csproj]
C:\Program Files\dotnet\sdk\10.0.201\Microsoft.Common.CurrentVersion.targets(2451,5): warning MSB3277:             C:\Users\ultra\warewolf\Dev\Dev2.Util\bin\Debug\net8.0\Dev2.Util.dll [C:\Users\ultra\warewolf\Dev\Warewolf.Studio.ViewModels\Warewolf.Studio.ViewModels.csproj]
C:\Program Files\dotnet\sdk\10.0.201\Microsoft.Common.CurrentVersion.targets(2451,5): warning MSB3277:             C:\Users\ultra\warewolf\Dev\Warewolf.AI.Harness\bin\Debug\net8.0\Warewolf.AI.Harness.dll [C:\Users\ultra\warewolf\Dev\Warewolf.Studio.ViewModels\Warewolf.Studio.ViewModels.csproj]
C:\Program Files\dotnet\sdk\10.0.201\Microsoft.Common.CurrentVersion.targets(2451,5): warning MSB3277:             C:\Users\ultra\warewolf\Dev\Warewolf.Auditing\bin\Debug\net8.0\Warewolf.Auditing.dll [C:\Users\ultra\warewolf\Dev\Warewolf.Studio.ViewModels\Warewolf.Studio.ViewModels.csproj]
C:\Program Files\dotnet\sdk\10.0.201\Microsoft.Common.CurrentVersion.targets(2451,5): warning MSB3277:             C:\Users\ultra\warewolf\Dev\Warewolf.Common.NetStandard20\bin\Debug\net8.0\Warewolf.Common.NetStandard20.dll [C:\Users\ultra\warewolf\Dev\Warewolf.Studio.ViewModels\Warewolf.Studio.ViewModels.csproj]
C:\Program Files\dotnet\sdk\10.0.201\Microsoft.Common.CurrentVersion.targets(2451,5): warning MSB3277:             C:\Users\ultra\warewolf\Dev\Warewolf.Driver.Persistence\bin\Debug\net8.0\Warewolf.Driver.Persistence.dll [C:\Users\ultra\warewolf\Dev\Warewolf.Studio.ViewModels\Warewolf.Studio.ViewModels.csproj]
C:\Program Files\dotnet\sdk\10.0.201\Microsoft.Common.CurrentVersion.targets(2451,5): warning MSB3277:             C:\Users\ultra\warewolf\Dev\Warewolf.Driver.Serilog\bin\Debug\net8.0\Warewolf.Driver.Serilog.dll [C:\Users\ultra\warewolf\Dev\Warewolf.Studio.ViewModels\Warewolf.Studio.ViewModels.csproj]
C:\Program Files\dotnet\sdk\10.0.201\Microsoft.Common.CurrentVersion.targets(2451,5): warning MSB3277:             C:\Users\ultra\warewolf\Dev\Warewolf.Exchange.Email.Wrapper\bin\Debug\net8.0\Warewolf.Exchange.Email.Wrapper.dll [C:\Users\ultra\warewolf\Dev\Warewolf.Studio.ViewModels\Warewolf.Studio.ViewModels.csproj]
C:\Program Files\dotnet\sdk\10.0.201\Microsoft.Common.CurrentVersion.targets(2451,5): warning MSB3277:             C:\Users\ultra\warewolf\Dev\Warewolf.Sharepoint\bin\Debug\net8.0\Warewolf.Sharepoint.dll [C:\Users\ultra\warewolf\Dev\Warewolf.Studio.ViewModels\Warewolf.Studio.ViewModels.csproj]
C:\Program Files\dotnet\sdk\10.0.201\Microsoft.Common.CurrentVersion.targets(2451,5): warning MSB3277:             C:\Users\ultra\warewolf\Dev\Warewolf.Storage\bin\Debug\net8.0\Warewolf.Storage.dll [C:\Users\ultra\warewolf\Dev\Warewolf.Studio.ViewModels\Warewolf.Studio.ViewModels.csproj]
C:\Program Files\dotnet\sdk\10.0.201\Microsoft.Common.CurrentVersion.targets(2451,5): warning MSB3277:             C:\Users\ultra\warewolf\Dev\Warewolf.UI\bin\Debug\net8.0\Warewolf.UI.dll [C:\Users\ultra\warewolf\Dev\Warewolf.Studio.ViewModels\Warewolf.Studio.ViewModels.csproj]
C:\Program Files\dotnet\sdk\10.0.201\Microsoft.Common.CurrentVersion.targets(2451,5): warning MSB3277:         C:\Users\ultra\.nuget\packages\mindbox.data.linq\5.0.0\lib\netstandard2.0\Mindbox.Data.Linq.dll [C:\Users\ultra\warewolf\Dev\Warewolf.Studio.ViewModels\Warewolf.Studio.ViewModels.csproj]
C:\Program Files\dotnet\sdk\10.0.201\Microsoft.Common.CurrentVersion.targets(2451,5): warning MSB3277:           Project file item includes which caused reference "C:\Users\ultra\.nuget\packages\mindbox.data.linq\5.0.0\lib\netstandard2.0\Mindbox.Data.Linq.dll". [C:\Users\ultra\warewolf\Dev\Warewolf.Studio.ViewModels\Warewolf.Studio.ViewModels.csproj]
C:\Program Files\dotnet\sdk\10.0.201\Microsoft.Common.CurrentVersion.targets(2451,5): warning MSB3277:             C:\Users\ultra\.nuget\packages\mindbox.data.linq\5.0.0\lib\netstandard2.0\Mindbox.Data.Linq.dll [C:\Users\ultra\warewolf\Dev\Warewolf.Studio.ViewModels\Warewolf.Studio.ViewModels.csproj]
C:\Program Files\dotnet\sdk\10.0.201\Microsoft.Common.CurrentVersion.targets(2451,5): warning MSB3277:             C:\Users\ultra\warewolf\Dev\Warewolf.Auditing\bin\Debug\net8.0\Warewolf.Auditing.dll [C:\Users\ultra\warewolf\Dev\Warewolf.Studio.ViewModels\Warewolf.Studio.ViewModels.csproj]
C:\Program Files\dotnet\sdk\10.0.201\Microsoft.Common.CurrentVersion.targets(2451,5): warning MSB3277:             C:\Users\ultra\warewolf\Dev\Dev2.Activities\bin\Debug\net8.0\Dev2.Activities.dll [C:\Users\ultra\warewolf\Dev\Warewolf.Studio.ViewModels\Warewolf.Studio.ViewModels.csproj]
C:\Program Files\dotnet\sdk\10.0.201\Microsoft.Common.CurrentVersion.targets(2451,5): warning MSB3277:             C:\Users\ultra\warewolf\Dev\Dev2.Studio.Core\bin\Debug\net8.0\Dev2.Studio.Core.dll [C:\Users\ultra\warewolf\Dev\Warewolf.Studio.ViewModels\Warewolf.Studio.ViewModels.csproj]
C:\Program Files\dotnet\sdk\10.0.201\Microsoft.Common.CurrentVersion.targets(2451,5): warning MSB3277:             C:\Users\ultra\warewolf\Dev\Dev2.Intellisense\bin\Debug\net8.0\Dev2.Intellisense.dll [C:\Users\ultra\warewolf\Dev\Warewolf.Studio.ViewModels\Warewolf.Studio.ViewModels.csproj]
C:\Program Files\dotnet\sdk\10.0.201\Microsoft.Common.CurrentVersion.targets(2451,5): warning MSB3277:             C:\Users\ultra\warewolf\Dev\Dev2.Runtime.Services\bin\Debug\net8.0\Dev2.Runtime.Services.dll [C:\Users\ultra\warewolf\Dev\Warewolf.Studio.ViewModels\Warewolf.Studio.ViewModels.csproj]
C:\Program Files\dotnet\sdk\10.0.201\Microsoft.Common.CurrentVersion.targets(2451,5): warning MSB3277:             C:\Users\ultra\warewolf\Dev\Dev2.Studio.Interfaces\bin\Debug\net8.0\Dev2.Studio.Interfaces.dll [C:\Users\ultra\warewolf\Dev\Warewolf.Studio.ViewModels\Warewolf.Studio.ViewModels.csproj]
C:\Program Files\dotnet\sdk\10.0.201\Microsoft.Common.CurrentVersion.targets(2451,5): warning MSB3277:             C:\Users\ultra\warewolf\Dev\Warewolf.Studio.Core\bin\Debug\net8.0\Warewolf.Studio.Core.dll [C:\Users\ultra\warewolf\Dev\Warewolf.Studio.ViewModels\Warewolf.Studio.ViewModels.csproj]
C:\Program Files\dotnet\sdk\10.0.201\Microsoft.Common.CurrentVersion.targets(2451,5): warning MSB3277:             C:\Users\ultra\warewolf\Dev\Warewolf.Studio.CustomControls\bin\Debug\net8.0\Warewolf.Studio.CustomControls.dll [C:\Users\ultra\warewolf\Dev\Warewolf.Studio.ViewModels\Warewolf.Studio.ViewModels.csproj]
C:\Program Files\dotnet\sdk\10.0.201\Microsoft.Common.CurrentVersion.targets(2451,5): warning MSB3277:             C:\Users\ultra\warewolf\Dev\Warewolf.Studio.Models\bin\Debug\net8.0\Warewolf.Studio.Models.dll [C:\Users\ultra\warewolf\Dev\Warewolf.Studio.ViewModels\Warewolf.Studio.ViewModels.csproj]
C:\Program Files\dotnet\sdk\10.0.201\Microsoft.Common.CurrentVersion.targets(2451,5): warning MSB3277:             C:\Users\ultra\warewolf\Dev\Dev2.Services.Execution\bin\Debug\net8.0\Dev2.Services.Execution.dll [C:\Users\ultra\warewolf\Dev\Warewolf.Studio.ViewModels\Warewolf.Studio.ViewModels.csproj]
C:\Program Files\dotnet\sdk\10.0.201\Microsoft.Common.CurrentVersion.targets(2451,5): warning MSB3277:             C:\Users\ultra\warewolf\Dev\Warewolf.Common.NetStandard20\bin\Debug\net8.0\Warewolf.Common.NetStandard20.dll [C:\Users\ultra\warewolf\Dev\Warewolf.Studio.ViewModels\Warewolf.Studio.ViewModels.csproj]
C:\Program Files\dotnet\sdk\10.0.201\Microsoft.Common.CurrentVersion.targets(2451,5): warning MSB3277:             C:\Users\ultra\warewolf\Dev\Warewolf.Driver.Persistence\bin\Debug\net8.0\Warewolf.Driver.Persistence.dll [C:\Users\ultra\warewolf\Dev\Warewolf.Studio.ViewModels\Warewolf.Studio.ViewModels.csproj]
C:\Program Files\dotnet\sdk\10.0.201\Microsoft.Common.CurrentVersion.targets(2451,5): warning MSB3277:         C:\Users\ultra\.nuget\packages\mysql.data\8.4.0\lib\net8.0\MySql.Data.dll [C:\Users\ultra\warewolf\Dev\Warewolf.Studio.ViewModels\Warewolf.Studio.ViewModels.csproj]
C:\Program Files\dotnet\sdk\10.0.201\Microsoft.Common.CurrentVersion.targets(2451,5): warning MSB3277:           Project file item includes which caused reference "C:\Users\ultra\.nuget\packages\mysql.data\8.4.0\lib\net8.0\MySql.Data.dll". [C:\Users\ultra\warewolf\Dev\Warewolf.Studio.ViewModels\Warewolf.Studio.ViewModels.csproj]
C:\Program Files\dotnet\sdk\10.0.201\Microsoft.Common.CurrentVersion.targets(2451,5): warning MSB3277:             C:\Users\ultra\.nuget\packages\mysql.data\8.4.0\lib\net8.0\MySql.Data.dll [C:\Users\ultra\warewolf\Dev\Warewolf.Studio.ViewModels\Warewolf.Studio.ViewModels.csproj]
C:\Program Files\dotnet\sdk\10.0.201\Microsoft.Common.CurrentVersion.targets(2451,5): warning MSB3277:             C:\Users\ultra\warewolf\Dev\Dev2.Activities\bin\Debug\net8.0\Dev2.Activities.dll [C:\Users\ultra\warewolf\Dev\Warewolf.Studio.ViewModels\Warewolf.Studio.ViewModels.csproj]
C:\Program Files\dotnet\sdk\10.0.201\Microsoft.Common.CurrentVersion.targets(2451,5): warning MSB3277:             C:\Users\ultra\warewolf\Dev\Dev2.Studio.Core\bin\Debug\net8.0\Dev2.Studio.Core.dll [C:\Users\ultra\warewolf\Dev\Warewolf.Studio.ViewModels\Warewolf.Studio.ViewModels.csproj]
C:\Program Files\dotnet\sdk\10.0.201\Microsoft.Common.CurrentVersion.targets(2451,5): warning MSB3277:             C:\Users\ultra\warewolf\Dev\Dev2.Intellisense\bin\Debug\net8.0\Dev2.Intellisense.dll [C:\Users\ultra\warewolf\Dev\Warewolf.Studio.ViewModels\Warewolf.Studio.ViewModels.csproj]
C:\Program Files\dotnet\sdk\10.0.201\Microsoft.Common.CurrentVersion.targets(2451,5): warning MSB3277:             C:\Users\ultra\warewolf\Dev\Dev2.Runtime.Services\bin\Debug\net8.0\Dev2.Runtime.Services.dll [C:\Users\ultra\warewolf\Dev\Warewolf.Studio.ViewModels\Warewolf.Studio.ViewModels.csproj]
C:\Program Files\dotnet\sdk\10.0.201\Microsoft.Common.CurrentVersion.targets(2451,5): warning MSB3277:             C:\Users\ultra\warewolf\Dev\Dev2.Studio.Interfaces\bin\Debug\net8.0\Dev2.Studio.Interfaces.dll [C:\Users\ultra\warewolf\Dev\Warewolf.Studio.ViewModels\Warewolf.Studio.ViewModels.csproj]
C:\Program Files\dotnet\sdk\10.0.201\Microsoft.Common.CurrentVersion.targets(2451,5): warning MSB3277:             C:\Users\ultra\warewolf\Dev\Warewolf.Studio.Core\bin\Debug\net8.0\Warewolf.Studio.Core.dll [C:\Users\ultra\warewolf\Dev\Warewolf.Studio.ViewModels\Warewolf.Studio.ViewModels.csproj]
C:\Program Files\dotnet\sdk\10.0.201\Microsoft.Common.CurrentVersion.targets(2451,5): warning MSB3277:             C:\Users\ultra\warewolf\Dev\Warewolf.Studio.CustomControls\bin\Debug\net8.0\Warewolf.Studio.CustomControls.dll [C:\Users\ultra\warewolf\Dev\Warewolf.Studio.ViewModels\Warewolf.Studio.ViewModels.csproj]
C:\Program Files\dotnet\sdk\10.0.201\Microsoft.Common.CurrentVersion.targets(2451,5): warning MSB3277:             C:\Users\ultra\warewolf\Dev\Warewolf.Studio.Models\bin\Debug\net8.0\Warewolf.Studio.Models.dll [C:\Users\ultra\warewolf\Dev\Warewolf.Studio.ViewModels\Warewolf.Studio.ViewModels.csproj]
C:\Program Files\dotnet\sdk\10.0.201\Microsoft.Common.CurrentVersion.targets(2451,5): warning MSB3277:             C:\Users\ultra\warewolf\Dev\Dev2.Services.Execution\bin\Debug\net8.0\Dev2.Services.Execution.dll [C:\Users\ultra\warewolf\Dev\Warewolf.Studio.ViewModels\Warewolf.Studio.ViewModels.csproj]
C:\Program Files\dotnet\sdk\10.0.201\Microsoft.Common.CurrentVersion.targets(2451,5): warning MSB3277:             C:\Users\ultra\warewolf\Dev\Dev2.Services.Sql\bin\Debug\net8.0\Dev2.Services.Sql.dll [C:\Users\ultra\warewolf\Dev\Warewolf.Studio.ViewModels\Warewolf.Studio.ViewModels.csproj]
C:\Program Files\dotnet\sdk\10.0.201\Microsoft.Common.CurrentVersion.targets(2451,5): warning MSB3277:             C:\Users\ultra\warewolf\Dev\Warewolf.Driver.Persistence\bin\Debug\net8.0\Warewolf.Driver.Persistence.dll [C:\Users\ultra\warewolf\Dev\Warewolf.Studio.ViewModels\Warewolf.Studio.ViewModels.csproj]
C:\Program Files\dotnet\sdk\10.0.201\Microsoft.Common.CurrentVersion.targets(2451,5): warning MSB3277:         C:\Users\ultra\.nuget\packages\oracle.manageddataaccess.core\3.21.70\lib\netstandard2.1\Oracle.ManagedDataAccess.dll [C:\Users\ultra\warewolf\Dev\Warewolf.Studio.ViewModels\Warewolf.Studio.ViewModels.csproj]
C:\Program Files\dotnet\sdk\10.0.201\Microsoft.Common.CurrentVersion.targets(2451,5): warning MSB3277:           Project file item includes which caused reference "C:\Users\ultra\.nuget\packages\oracle.manageddataaccess.core\3.21.70\lib\netstandard2.1\Oracle.ManagedDataAccess.dll". [C:\Users\ultra\warewolf\Dev\Warewolf.Studio.ViewModels\Warewolf.Studio.ViewModels.csproj]
C:\Program Files\dotnet\sdk\10.0.201\Microsoft.Common.CurrentVersion.targets(2451,5): warning MSB3277:             C:\Users\ultra\.nuget\packages\oracle.manageddataaccess.core\3.21.70\lib\netstandard2.1\Oracle.ManagedDataAccess.dll [C:\Users\ultra\warewolf\Dev\Warewolf.Studio.ViewModels\Warewolf.Studio.ViewModels.csproj]
C:\Program Files\dotnet\sdk\10.0.201\Microsoft.Common.CurrentVersion.targets(2451,5): warning MSB3277:             C:\Users\ultra\warewolf\Dev\Dev2.Runtime.Services\bin\Debug\net8.0\Dev2.Runtime.Services.dll [C:\Users\ultra\warewolf\Dev\Warewolf.Studio.ViewModels\Warewolf.Studio.ViewModels.csproj]
C:\Program Files\dotnet\sdk\10.0.201\Microsoft.Common.CurrentVersion.targets(2451,5): warning MSB3277:             C:\Users\ultra\warewolf\Dev\Dev2.Activities\bin\Debug\net8.0\Dev2.Activities.dll [C:\Users\ultra\warewolf\Dev\Warewolf.Studio.ViewModels\Warewolf.Studio.ViewModels.csproj]
C:\Program Files\dotnet\sdk\10.0.201\Microsoft.Common.CurrentVersion.targets(2451,5): warning MSB3277:             C:\Users\ultra\warewolf\Dev\Dev2.Studio.Core\bin\Debug\net8.0\Dev2.Studio.Core.dll [C:\Users\ultra\warewolf\Dev\Warewolf.Studio.ViewModels\Warewolf.Studio.ViewModels.csproj]
C:\Program Files\dotnet\sdk\10.0.201\Microsoft.Common.CurrentVersion.targets(2451,5): warning MSB3277:             C:\Users\ultra\warewolf\Dev\Dev2.Studio.Interfaces\bin\Debug\net8.0\Dev2.Studio.Interfaces.dll [C:\Users\ultra\warewolf\Dev\Warewolf.Studio.ViewModels\Warewolf.Studio.ViewModels.csproj]
C:\Program Files\dotnet\sdk\10.0.201\Microsoft.Common.CurrentVersion.targets(2451,5): warning MSB3277:             C:\Users\ultra\warewolf\Dev\Warewolf.Studio.Core\bin\Debug\net8.0\Warewolf.Studio.Core.dll [C:\Users\ultra\warewolf\Dev\Warewolf.Studio.ViewModels\Warewolf.Studio.ViewModels.csproj]
C:\Program Files\dotnet\sdk\10.0.201\Microsoft.Common.CurrentVersion.targets(2451,5): warning MSB3277:             C:\Users\ultra\warewolf\Dev\Warewolf.Studio.CustomControls\bin\Debug\net8.0\Warewolf.Studio.CustomControls.dll [C:\Users\ultra\warewolf\Dev\Warewolf.Studio.ViewModels\Warewolf.Studio.ViewModels.csproj]
C:\Program Files\dotnet\sdk\10.0.201\Microsoft.Common.CurrentVersion.targets(2451,5): warning MSB3277:             C:\Users\ultra\warewolf\Dev\Warewolf.Studio.Models\bin\Debug\net8.0\Warewolf.Studio.Models.dll [C:\Users\ultra\warewolf\Dev\Warewolf.Studio.ViewModels\Warewolf.Studio.ViewModels.csproj]
C:\Program Files\dotnet\sdk\10.0.201\Microsoft.Common.CurrentVersion.targets(2451,5): warning MSB3277:             C:\Users\ultra\warewolf\Dev\Dev2.Intellisense\bin\Debug\net8.0\Dev2.Intellisense.dll [C:\Users\ultra\warewolf\Dev\Warewolf.Studio.ViewModels\Warewolf.Studio.ViewModels.csproj]
C:\Program Files\dotnet\sdk\10.0.201\Microsoft.Common.CurrentVersion.targets(2451,5): warning MSB3277:             C:\Users\ultra\warewolf\Dev\Dev2.Services.Execution\bin\Debug\net8.0\Dev2.Services.Execution.dll [C:\Users\ultra\warewolf\Dev\Warewolf.Studio.ViewModels\Warewolf.Studio.ViewModels.csproj]
C:\Program Files\dotnet\sdk\10.0.201\Microsoft.Common.CurrentVersion.targets(2451,5): warning MSB3277:             C:\Users\ultra\warewolf\Dev\Dev2.Services.Sql\bin\Debug\net8.0\Dev2.Services.Sql.dll [C:\Users\ultra\warewolf\Dev\Warewolf.Studio.ViewModels\Warewolf.Studio.ViewModels.csproj]
C:\Program Files\dotnet\sdk\10.0.201\Microsoft.Common.CurrentVersion.targets(2451,5): warning MSB3277:             C:\Users\ultra\warewolf\Dev\Warewolf.Driver.Persistence\bin\Debug\net8.0\Warewolf.Driver.Persistence.dll [C:\Users\ultra\warewolf\Dev\Warewolf.Studio.ViewModels\Warewolf.Studio.ViewModels.csproj]
C:\Program Files\dotnet\sdk\10.0.201\Microsoft.Common.CurrentVersion.targets(2451,5): warning MSB3277:         C:\Users\ultra\.nuget\packages\system.directoryservices\6.0.0\lib\net6.0\System.DirectoryServices.dll [C:\Users\ultra\warewolf\Dev\Warewolf.Studio.ViewModels\Warewolf.Studio.ViewModels.csproj]
C:\Program Files\dotnet\sdk\10.0.201\Microsoft.Common.CurrentVersion.targets(2451,5): warning MSB3277:           Project file item includes which caused reference "C:\Users\ultra\.nuget\packages\system.directoryservices\6.0.0\lib\net6.0\System.DirectoryServices.dll". [C:\Users\ultra\warewolf\Dev\Warewolf.Studio.ViewModels\Warewolf.Studio.ViewModels.csproj]
C:\Program Files\dotnet\sdk\10.0.201\Microsoft.Common.CurrentVersion.targets(2451,5): warning MSB3277:             C:\Users\ultra\.nuget\packages\system.directoryservices\6.0.0\lib\net6.0\System.DirectoryServices.dll [C:\Users\ultra\warewolf\Dev\Warewolf.Studio.ViewModels\Warewolf.Studio.ViewModels.csproj]
C:\Program Files\dotnet\sdk\10.0.201\Microsoft.Common.CurrentVersion.targets(2451,5): warning MSB3277:             C:\Users\ultra\.nuget\packages\corewcf.primitives\1.2.1\lib\netstandard2.0\CoreWCF.Primitives.dll [C:\Users\ultra\warewolf\Dev\Warewolf.Studio.ViewModels\Warewolf.Studio.ViewModels.csproj]
C:\Program Files\dotnet\sdk\10.0.201\Microsoft.Common.CurrentVersion.targets(2451,5): warning MSB3277:             C:\Users\ultra\warewolf\Dev\Dev2.Runtime.Services\bin\Debug\net8.0\Dev2.Runtime.Services.dll [C:\Users\ultra\warewolf\Dev\Warewolf.Studio.ViewModels\Warewolf.Studio.ViewModels.csproj]
C:\Program Files\dotnet\sdk\10.0.201\Microsoft.Common.CurrentVersion.targets(2451,5): warning MSB3277:             C:\Users\ultra\warewolf\Dev\Dev2.Activities\bin\Debug\net8.0\Dev2.Activities.dll [C:\Users\ultra\warewolf\Dev\Warewolf.Studio.ViewModels\Warewolf.Studio.ViewModels.csproj]
C:\Program Files\dotnet\sdk\10.0.201\Microsoft.Common.CurrentVersion.targets(2451,5): warning MSB3277:             C:\Users\ultra\warewolf\Dev\Dev2.Studio.Core\bin\Debug\net8.0\Dev2.Studio.Core.dll [C:\Users\ultra\warewolf\Dev\Warewolf.Studio.ViewModels\Warewolf.Studio.ViewModels.csproj]
C:\Program Files\dotnet\sdk\10.0.201\Microsoft.Common.CurrentVersion.targets(2451,5): warning MSB3277:             C:\Users\ultra\warewolf\Dev\Dev2.Studio.Interfaces\bin\Debug\net8.0\Dev2.Studio.Interfaces.dll [C:\Users\ultra\warewolf\Dev\Warewolf.Studio.ViewModels\Warewolf.Studio.ViewModels.csproj]
C:\Program Files\dotnet\sdk\10.0.201\Microsoft.Common.CurrentVersion.targets(2451,5): warning MSB3277:             C:\Users\ultra\warewolf\Dev\Warewolf.Studio.Core\bin\Debug\net8.0\Warewolf.Studio.Core.dll [C:\Users\ultra\warewolf\Dev\Warewolf.Studio.ViewModels\Warewolf.Studio.ViewModels.csproj]
C:\Program Files\dotnet\sdk\10.0.201\Microsoft.Common.CurrentVersion.targets(2451,5): warning MSB3277:             C:\Users\ultra\warewolf\Dev\Warewolf.Studio.CustomControls\bin\Debug\net8.0\Warewolf.Studio.CustomControls.dll [C:\Users\ultra\warewolf\Dev\Warewolf.Studio.ViewModels\Warewolf.Studio.ViewModels.csproj]
C:\Program Files\dotnet\sdk\10.0.201\Microsoft.Common.CurrentVersion.targets(2451,5): warning MSB3277:             C:\Users\ultra\warewolf\Dev\Warewolf.Studio.Models\bin\Debug\net8.0\Warewolf.Studio.Models.dll [C:\Users\ultra\warewolf\Dev\Warewolf.Studio.ViewModels\Warewolf.Studio.ViewModels.csproj]
C:\Program Files\dotnet\sdk\10.0.201\Microsoft.Common.CurrentVersion.targets(2451,5): warning MSB3277:             C:\Users\ultra\warewolf\Dev\Dev2.Intellisense\bin\Debug\net8.0\Dev2.Intellisense.dll [C:\Users\ultra\warewolf\Dev\Warewolf.Studio.ViewModels\Warewolf.Studio.ViewModels.csproj]
C:\Program Files\dotnet\sdk\10.0.201\Microsoft.Common.CurrentVersion.targets(2451,5): warning MSB3277:             C:\Users\ultra\warewolf\Dev\Dev2.Services.Execution\bin\Debug\net8.0\Dev2.Services.Execution.dll [C:\Users\ultra\warewolf\Dev\Warewolf.Studio.ViewModels\Warewolf.Studio.ViewModels.csproj]
C:\Program Files\dotnet\sdk\10.0.201\Microsoft.Common.CurrentVersion.targets(2451,5): warning MSB3277:             C:\Users\ultra\warewolf\Dev\Warewolf.Driver.Persistence\bin\Debug\net8.0\Warewolf.Driver.Persistence.dll [C:\Users\ultra\warewolf\Dev\Warewolf.Studio.ViewModels\Warewolf.Studio.ViewModels.csproj]
C:\Program Files\dotnet\sdk\10.0.201\Microsoft.Common.CurrentVersion.targets(2451,5): warning MSB3277:             C:\Users\ultra\.nuget\packages\corewcf.http\1.2.1\lib\netstandard2.0\CoreWCF.Http.dll [C:\Users\ultra\warewolf\Dev\Warewolf.Studio.ViewModels\Warewolf.Studio.ViewModels.csproj]
C:\Program Files\dotnet\sdk\10.0.201\Microsoft.Common.CurrentVersion.targets(2451,5): warning MSB3277:             C:\Users\ultra\.nuget\packages\corewcf.nettcp\1.2.1\lib\netstandard2.0\CoreWCF.NetTcp.dll [C:\Users\ultra\warewolf\Dev\Warewolf.Studio.ViewModels\Warewolf.Studio.ViewModels.csproj]
C:\Program Files\dotnet\sdk\10.0.201\Microsoft.Common.CurrentVersion.targets(2451,5): warning MSB3277:             C:\Users\ultra\.nuget\packages\corewcf.webhttp\1.2.1\lib\netstandard2.0\CoreWCF.WebHttp.dll [C:\Users\ultra\warewolf\Dev\Warewolf.Studio.ViewModels\Warewolf.Studio.ViewModels.csproj]
C:\Program Files\dotnet\sdk\10.0.201\Microsoft.Common.CurrentVersion.targets(2451,5): warning MSB3277:         C:\Program Files\dotnet\packs\Microsoft.NETCore.App.Ref\8.0.25\ref\net8.0\System.Configuration.dll [C:\Users\ultra\warewolf\Dev\Warewolf.Studio.ViewModels\Warewolf.Studio.ViewModels.csproj]
C:\Program Files\dotnet\sdk\10.0.201\Microsoft.Common.CurrentVersion.targets(2451,5): warning MSB3277:           Project file item includes which caused reference "C:\Program Files\dotnet\packs\Microsoft.NETCore.App.Ref\8.0.25\ref\net8.0\System.Configuration.dll". [C:\Users\ultra\warewolf\Dev\Warewolf.Studio.ViewModels\Warewolf.Studio.ViewModels.csproj]
C:\Program Files\dotnet\sdk\10.0.201\Microsoft.Common.CurrentVersion.targets(2451,5): warning MSB3277:             C:\Program Files\dotnet\packs\Microsoft.NETCore.App.Ref\8.0.25\ref/net8.0/System.Configuration.dll [C:\Users\ultra\warewolf\Dev\Warewolf.Studio.ViewModels\Warewolf.Studio.ViewModels.csproj]
C:\Program Files\dotnet\sdk\10.0.201\Microsoft.Common.CurrentVersion.targets(2451,5): warning MSB3277:             C:\Users\ultra\.nuget\packages\prism.wpf\9.0.537\lib\net462\Prism.Wpf.dll [C:\Users\ultra\warewolf\Dev\Warewolf.Studio.ViewModels\Warewolf.Studio.ViewModels.csproj]
C:\Program Files\dotnet\sdk\10.0.201\Microsoft.Common.CurrentVersion.targets(2451,5): warning MSB3277:         C:\Program Files\dotnet\packs\Microsoft.NETCore.App.Ref\8.0.25\ref\net8.0\System.Data.dll [C:\Users\ultra\warewolf\Dev\Warewolf.Studio.ViewModels\Warewolf.Studio.ViewModels.csproj]
C:\Program Files\dotnet\sdk\10.0.201\Microsoft.Common.CurrentVersion.targets(2451,5): warning MSB3277:           Project file item includes which caused reference "C:\Program Files\dotnet\packs\Microsoft.NETCore.App.Ref\8.0.25\ref\net8.0\System.Data.dll". [C:\Users\ultra\warewolf\Dev\Warewolf.Studio.ViewModels\Warewolf.Studio.ViewModels.csproj]
C:\Program Files\dotnet\sdk\10.0.201\Microsoft.Common.CurrentVersion.targets(2451,5): warning MSB3277:             C:\Program Files\dotnet\packs\Microsoft.NETCore.App.Ref\8.0.25\ref/net8.0/System.Data.dll [C:\Users\ultra\warewolf\Dev\Warewolf.Studio.ViewModels\Warewolf.Studio.ViewModels.csproj]
C:\Program Files\dotnet\sdk\10.0.201\Microsoft.Common.CurrentVersion.targets(2451,5): warning MSB3277:             C:\Users\ultra\.nuget\packages\taskschedulereditor\2.10.1\lib\net452\Microsoft.Win32.TaskSchedulerEditor.dll [C:\Users\ultra\warewolf\Dev\Warewolf.Studio.ViewModels\Warewolf.Studio.ViewModels.csproj]
C:\Program Files\dotnet\sdk\10.0.201\Microsoft.Common.CurrentVersion.targets(2451,5): warning MSB3277:         C:\Program Files\dotnet\packs\Microsoft.NETCore.App.Ref\8.0.25\ref\net8.0\System.Drawing.dll [C:\Users\ultra\warewolf\Dev\Warewolf.Studio.ViewModels\Warewolf.Studio.ViewModels.csproj]
C:\Program Files\dotnet\sdk\10.0.201\Microsoft.Common.CurrentVersion.targets(2451,5): warning MSB3277:           Project file item includes which caused reference "C:\Program Files\dotnet\packs\Microsoft.NETCore.App.Ref\8.0.25\ref\net8.0\System.Drawing.dll". [C:\Users\ultra\warewolf\Dev\Warewolf.Studio.ViewModels\Warewolf.Studio.ViewModels.csproj]
C:\Program Files\dotnet\sdk\10.0.201\Microsoft.Common.CurrentVersion.targets(2451,5): warning MSB3277:             C:\Program Files\dotnet\packs\Microsoft.NETCore.App.Ref\8.0.25\ref/net8.0/System.Drawing.dll [C:\Users\ultra\warewolf\Dev\Warewolf.Studio.ViewModels\Warewolf.Studio.ViewModels.csproj]
C:\Program Files\dotnet\sdk\10.0.201\Microsoft.Common.CurrentVersion.targets(2451,5): warning MSB3277:             C:\Users\ultra\.nuget\packages\aerowizard\2.3.1\lib\net45\AeroWizard.dll [C:\Users\ultra\warewolf\Dev\Warewolf.Studio.ViewModels\Warewolf.Studio.ViewModels.csproj]
C:\Program Files\dotnet\sdk\10.0.201\Microsoft.Common.CurrentVersion.targets(2451,5): warning MSB3277:             C:\Users\ultra\.nuget\packages\groupcontrols\1.9.0\lib\net45\GroupControls.dll [C:\Users\ultra\warewolf\Dev\Warewolf.Studio.ViewModels\Warewolf.Studio.ViewModels.csproj]
C:\Program Files\dotnet\sdk\10.0.201\Microsoft.Common.CurrentVersion.targets(2451,5): warning MSB3277:             C:\Users\ultra\.nuget\packages\taskschedulereditor\2.10.1\lib\net452\Microsoft.Win32.TaskSchedulerEditor.dll [C:\Users\ultra\warewolf\Dev\Warewolf.Studio.ViewModels\Warewolf.Studio.ViewModels.csproj]
C:\Program Files\dotnet\sdk\10.0.201\Microsoft.Common.CurrentVersion.targets(2451,5): warning MSB3277:         C:\Program Files\dotnet\packs\Microsoft.NETCore.App.Ref\8.0.25\ref\net8.0\System.Net.dll [C:\Users\ultra\warewolf\Dev\Warewolf.Studio.ViewModels\Warewolf.Studio.ViewModels.csproj]
C:\Program Files\dotnet\sdk\10.0.201\Microsoft.Common.CurrentVersion.targets(2451,5): warning MSB3277:           Project file item includes which caused reference "C:\Program Files\dotnet\packs\Microsoft.NETCore.App.Ref\8.0.25\ref\net8.0\System.Net.dll". [C:\Users\ultra\warewolf\Dev\Warewolf.Studio.ViewModels\Warewolf.Studio.ViewModels.csproj]
C:\Program Files\dotnet\sdk\10.0.201\Microsoft.Common.CurrentVersion.targets(2451,5): warning MSB3277:             C:\Program Files\dotnet\packs\Microsoft.NETCore.App.Ref\8.0.25\ref/net8.0/System.Net.dll [C:\Users\ultra\warewolf\Dev\Warewolf.Studio.ViewModels\Warewolf.Studio.ViewModels.csproj]
C:\Program Files\dotnet\sdk\10.0.201\Microsoft.Common.CurrentVersion.targets(2451,5): warning MSB3277:         C:\Program Files\dotnet\packs\Microsoft.NETCore.App.Ref\8.0.25\ref\net8.0\System.Security.dll [C:\Users\ultra\warewolf\Dev\Warewolf.Studio.ViewModels\Warewolf.Studio.ViewModels.csproj]
C:\Program Files\dotnet\sdk\10.0.201\Microsoft.Common.CurrentVersion.targets(2451,5): warning MSB3277:           Project file item includes which caused reference "C:\Program Files\dotnet\packs\Microsoft.NETCore.App.Ref\8.0.25\ref\net8.0\System.Security.dll". [C:\Users\ultra\warewolf\Dev\Warewolf.Studio.ViewModels\Warewolf.Studio.ViewModels.csproj]
C:\Program Files\dotnet\sdk\10.0.201\Microsoft.Common.CurrentVersion.targets(2451,5): warning MSB3277:             C:\Program Files\dotnet\packs\Microsoft.NETCore.App.Ref\8.0.25\ref/net8.0/System.Security.dll [C:\Users\ultra\warewolf\Dev\Warewolf.Studio.ViewModels\Warewolf.Studio.ViewModels.csproj]
C:\Program Files\dotnet\sdk\10.0.201\Microsoft.Common.CurrentVersion.targets(2451,5): warning MSB3277:         C:\Program Files\dotnet\packs\Microsoft.NETCore.App.Ref\8.0.25\ref\net8.0\System.ServiceProcess.dll [C:\Users\ultra\warewolf\Dev\Warewolf.Studio.ViewModels\Warewolf.Studio.ViewModels.csproj]
C:\Program Files\dotnet\sdk\10.0.201\Microsoft.Common.CurrentVersion.targets(2451,5): warning MSB3277:           Project file item includes which caused reference "C:\Program Files\dotnet\packs\Microsoft.NETCore.App.Ref\8.0.25\ref\net8.0\System.ServiceProcess.dll". [C:\Users\ultra\warewolf\Dev\Warewolf.Studio.ViewModels\Warewolf.Studio.ViewModels.csproj]
C:\Program Files\dotnet\sdk\10.0.201\Microsoft.Common.CurrentVersion.targets(2451,5): warning MSB3277:             C:\Program Files\dotnet\packs\Microsoft.NETCore.App.Ref\8.0.25\ref/net8.0/System.ServiceProcess.dll [C:\Users\ultra\warewolf\Dev\Warewolf.Studio.ViewModels\Warewolf.Studio.ViewModels.csproj]
C:\Program Files\dotnet\sdk\10.0.201\Microsoft.Common.CurrentVersion.targets(2451,5): warning MSB3277:         C:\Program Files\dotnet\packs\Microsoft.NETCore.App.Ref\8.0.25\ref\net8.0\System.Transactions.dll [C:\Users\ultra\warewolf\Dev\Warewolf.Studio.ViewModels\Warewolf.Studio.ViewModels.csproj]
C:\Program Files\dotnet\sdk\10.0.201\Microsoft.Common.CurrentVersion.targets(2451,5): warning MSB3277:           Project file item includes which caused reference "C:\Program Files\dotnet\packs\Microsoft.NETCore.App.Ref\8.0.25\ref\net8.0\System.Transactions.dll". [C:\Users\ultra\warewolf\Dev\Warewolf.Studio.ViewModels\Warewolf.Studio.ViewModels.csproj]
C:\Program Files\dotnet\sdk\10.0.201\Microsoft.Common.CurrentVersion.targets(2451,5): warning MSB3277:             C:\Program Files\dotnet\packs\Microsoft.NETCore.App.Ref\8.0.25\ref/net8.0/System.Transactions.dll [C:\Users\ultra\warewolf\Dev\Warewolf.Studio.ViewModels\Warewolf.Studio.ViewModels.csproj]
C:\Program Files\dotnet\sdk\10.0.201\Microsoft.Common.CurrentVersion.targets(2451,5): warning MSB3277:         C:\Program Files\dotnet\packs\Microsoft.NETCore.App.Ref\8.0.25\ref\net8.0\System.dll [C:\Users\ultra\warewolf\Dev\Warewolf.Studio.ViewModels\Warewolf.Studio.ViewModels.csproj]
C:\Program Files\dotnet\sdk\10.0.201\Microsoft.Common.CurrentVersion.targets(2451,5): warning MSB3277:           Project file item includes which caused reference "C:\Program Files\dotnet\packs\Microsoft.NETCore.App.Ref\8.0.25\ref\net8.0\System.dll". [C:\Users\ultra\warewolf\Dev\Warewolf.Studio.ViewModels\Warewolf.Studio.ViewModels.csproj]
C:\Program Files\dotnet\sdk\10.0.201\Microsoft.Common.CurrentVersion.targets(2451,5): warning MSB3277:             C:\Program Files\dotnet\packs\Microsoft.NETCore.App.Ref\8.0.25\ref/net8.0/System.dll [C:\Users\ultra\warewolf\Dev\Warewolf.Studio.ViewModels\Warewolf.Studio.ViewModels.csproj]
C:\Program Files\dotnet\sdk\10.0.201\Microsoft.Common.CurrentVersion.targets(2451,5): warning MSB3277:             C:\Users\ultra\.nuget\packages\aerowizard\2.3.1\lib\net45\AeroWizard.dll [C:\Users\ultra\warewolf\Dev\Warewolf.Studio.ViewModels\Warewolf.Studio.ViewModels.csproj]
C:\Program Files\dotnet\sdk\10.0.201\Microsoft.Common.CurrentVersion.targets(2451,5): warning MSB3277:             C:\Users\ultra\.nuget\packages\groupcontrols\1.9.0\lib\net45\GroupControls.dll [C:\Users\ultra\warewolf\Dev\Warewolf.Studio.ViewModels\Warewolf.Studio.ViewModels.csproj]
C:\Program Files\dotnet\sdk\10.0.201\Microsoft.Common.CurrentVersion.targets(2451,5): warning MSB3277:             C:\Users\ultra\.nuget\packages\microsoft.xaml.behaviors.wpf\1.1.122\lib\net462\Microsoft.Xaml.Behaviors.dll [C:\Users\ultra\warewolf\Dev\Warewolf.Studio.ViewModels\Warewolf.Studio.ViewModels.csproj]
C:\Program Files\dotnet\sdk\10.0.201\Microsoft.Common.CurrentVersion.targets(2451,5): warning MSB3277:             C:\Users\ultra\.nuget\packages\caliburn.micro\4.0.212\lib\netcoreapp3.1\Caliburn.Micro.Platform.dll [C:\Users\ultra\warewolf\Dev\Warewolf.Studio.ViewModels\Warewolf.Studio.ViewModels.csproj]
C:\Program Files\dotnet\sdk\10.0.201\Microsoft.Common.CurrentVersion.targets(2451,5): warning MSB3277:             C:\Users\ultra\.nuget\packages\prism.wpf\9.0.537\lib\net462\Prism.Wpf.dll [C:\Users\ultra\warewolf\Dev\Warewolf.Studio.ViewModels\Warewolf.Studio.ViewModels.csproj]
C:\Program Files\dotnet\sdk\10.0.201\Microsoft.Common.CurrentVersion.targets(2451,5): warning MSB3277:             C:\Users\ultra\.nuget\packages\reactiveui.wpf\18.4.1\lib\net462\ReactiveUI.Wpf.dll [C:\Users\ultra\warewolf\Dev\Warewolf.Studio.ViewModels\Warewolf.Studio.ViewModels.csproj]
C:\Program Files\dotnet\sdk\10.0.201\Microsoft.Common.CurrentVersion.targets(2451,5): warning MSB3277:             C:\Users\ultra\.nuget\packages\taskschedulereditor\2.10.1\lib\net452\Microsoft.Win32.TaskSchedulerEditor.dll [C:\Users\ultra\warewolf\Dev\Warewolf.Studio.ViewModels\Warewolf.Studio.ViewModels.csproj]
C:\Program Files\dotnet\sdk\10.0.201\Microsoft.Common.CurrentVersion.targets(2451,5): warning MSB3277:             C:\Users\ultra\.nuget\packages\ttcue.netcore.sharepointonline.csom.16.1.8029.1200\16.1.8029.1200\lib\netcoreapp2.0\Microsoft.SharePoint.Client.Runtime.Windows.dll [C:\Users\ultra\warewolf\Dev\Warewolf.Studio.ViewModels\Warewolf.Studio.ViewModels.csproj]
C:\Program Files\dotnet\sdk\10.0.201\Microsoft.Common.CurrentVersion.targets(2451,5): warning MSB3277:         C:\Program Files\dotnet\packs\Microsoft.NETCore.App.Ref\8.0.25\ref\net8.0\WindowsBase.dll [C:\Users\ultra\warewolf\Dev\Warewolf.Studio.ViewModels\Warewolf.Studio.ViewModels.csproj]
C:\Program Files\dotnet\sdk\10.0.201\Microsoft.Common.CurrentVersion.targets(2451,5): warning MSB3277:           Project file item includes which caused reference "C:\Program Files\dotnet\packs\Microsoft.NETCore.App.Ref\8.0.25\ref\net8.0\WindowsBase.dll". [C:\Users\ultra\warewolf\Dev\Warewolf.Studio.ViewModels\Warewolf.Studio.ViewModels.csproj]
C:\Program Files\dotnet\sdk\10.0.201\Microsoft.Common.CurrentVersion.targets(2451,5): warning MSB3277:             C:\Program Files\dotnet\packs\Microsoft.NETCore.App.Ref\8.0.25\ref/net8.0/WindowsBase.dll [C:\Users\ultra\warewolf\Dev\Warewolf.Studio.ViewModels\Warewolf.Studio.ViewModels.csproj]
C:\Program Files\dotnet\sdk\10.0.201\Microsoft.Common.CurrentVersion.targets(2451,5): warning MSB3277:         C:\Program Files\dotnet\packs\Microsoft.NETCore.App.Ref\8.0.25\ref\net8.0\mscorlib.dll [C:\Users\ultra\warewolf\Dev\Warewolf.Studio.ViewModels\Warewolf.Studio.ViewModels.csproj]
C:\Program Files\dotnet\sdk\10.0.201\Microsoft.Common.CurrentVersion.targets(2451,5): warning MSB3277:           Project file item includes which caused reference "C:\Program Files\dotnet\packs\Microsoft.NETCore.App.Ref\8.0.25\ref\net8.0\mscorlib.dll". [C:\Users\ultra\warewolf\Dev\Warewolf.Studio.ViewModels\Warewolf.Studio.ViewModels.csproj]
C:\Program Files\dotnet\sdk\10.0.201\Microsoft.Common.CurrentVersion.targets(2451,5): warning MSB3277:             C:\Program Files\dotnet\packs\Microsoft.NETCore.App.Ref\8.0.25\ref/net8.0/mscorlib.dll [C:\Users\ultra\warewolf\Dev\Warewolf.Studio.ViewModels\Warewolf.Studio.ViewModels.csproj]
C:\Program Files\dotnet\sdk\10.0.201\Microsoft.Common.CurrentVersion.targets(2451,5): warning MSB3277:             C:\Users\ultra\.nuget\packages\aerowizard\2.3.1\lib\net45\AeroWizard.dll [C:\Users\ultra\warewolf\Dev\Warewolf.Studio.ViewModels\Warewolf.Studio.ViewModels.csproj]
C:\Program Files\dotnet\sdk\10.0.201\Microsoft.Common.CurrentVersion.targets(2451,5): warning MSB3277:             C:\Users\ultra\.nuget\packages\groupcontrols\1.9.0\lib\net45\GroupControls.dll [C:\Users\ultra\warewolf\Dev\Warewolf.Studio.ViewModels\Warewolf.Studio.ViewModels.csproj]
C:\Program Files\dotnet\sdk\10.0.201\Microsoft.Common.CurrentVersion.targets(2451,5): warning MSB3277:             C:\Users\ultra\.nuget\packages\hangfire.core\1.7.32\lib\netstandard2.0\Hangfire.Core.dll [C:\Users\ultra\warewolf\Dev\Warewolf.Studio.ViewModels\Warewolf.Studio.ViewModels.csproj]
C:\Program Files\dotnet\sdk\10.0.201\Microsoft.Common.CurrentVersion.targets(2451,5): warning MSB3277:             C:\Users\ultra\warewolf\Dev\Dev2.Activities\bin\Debug\net8.0\Dev2.Activities.dll [C:\Users\ultra\warewolf\Dev\Warewolf.Studio.ViewModels\Warewolf.Studio.ViewModels.csproj]
C:\Program Files\dotnet\sdk\10.0.201\Microsoft.Common.CurrentVersion.targets(2451,5): warning MSB3277:             C:\Users\ultra\warewolf\Dev\Dev2.Studio.Core\bin\Debug\net8.0\Dev2.Studio.Core.dll [C:\Users\ultra\warewolf\Dev\Warewolf.Studio.ViewModels\Warewolf.Studio.ViewModels.csproj]
C:\Program Files\dotnet\sdk\10.0.201\Microsoft.Common.CurrentVersion.targets(2451,5): warning MSB3277:             C:\Users\ultra\warewolf\Dev\Dev2.Intellisense\bin\Debug\net8.0\Dev2.Intellisense.dll [C:\Users\ultra\warewolf\Dev\Warewolf.Studio.ViewModels\Warewolf.Studio.ViewModels.csproj]
C:\Program Files\dotnet\sdk\10.0.201\Microsoft.Common.CurrentVersion.targets(2451,5): warning MSB3277:             C:\Users\ultra\warewolf\Dev\Warewolf.Driver.Persistence\bin\Debug\net8.0\Warewolf.Driver.Persistence.dll [C:\Users\ultra\warewolf\Dev\Warewolf.Studio.ViewModels\Warewolf.Studio.ViewModels.csproj]
C:\Program Files\dotnet\sdk\10.0.201\Microsoft.Common.CurrentVersion.targets(2451,5): warning MSB3277:             C:\Users\ultra\.nuget\packages\hangfire.sqlserver\1.7.32\lib\netstandard2.0\Hangfire.SqlServer.dll [C:\Users\ultra\warewolf\Dev\Warewolf.Studio.ViewModels\Warewolf.Studio.ViewModels.csproj]
C:\Program Files\dotnet\sdk\10.0.201\Microsoft.Common.CurrentVersion.targets(2451,5): warning MSB3277:             C:\Users\ultra\.nuget\packages\microsoft.xaml.behaviors.wpf\1.1.122\lib\net462\Microsoft.Xaml.Behaviors.dll [C:\Users\ultra\warewolf\Dev\Warewolf.Studio.ViewModels\Warewolf.Studio.ViewModels.csproj]
C:\Program Files\dotnet\sdk\10.0.201\Microsoft.Common.CurrentVersion.targets(2451,5): warning MSB3277:             C:\Users\ultra\.nuget\packages\caliburn.micro\4.0.212\lib\netcoreapp3.1\Caliburn.Micro.Platform.dll [C:\Users\ultra\warewolf\Dev\Warewolf.Studio.ViewModels\Warewolf.Studio.ViewModels.csproj]
C:\Program Files\dotnet\sdk\10.0.201\Microsoft.Common.CurrentVersion.targets(2451,5): warning MSB3277:             C:\Users\ultra\.nuget\packages\oracle.manageddataaccess.core\3.21.70\lib\netstandard2.1\Oracle.ManagedDataAccess.dll [C:\Users\ultra\warewolf\Dev\Warewolf.Studio.ViewModels\Warewolf.Studio.ViewModels.csproj]
C:\Program Files\dotnet\sdk\10.0.201\Microsoft.Common.CurrentVersion.targets(2451,5): warning MSB3277:             C:\Users\ultra\warewolf\Dev\Dev2.Runtime.Services\bin\Debug\net8.0\Dev2.Runtime.Services.dll [C:\Users\ultra\warewolf\Dev\Warewolf.Studio.ViewModels\Warewolf.Studio.ViewModels.csproj]
C:\Program Files\dotnet\sdk\10.0.201\Microsoft.Common.CurrentVersion.targets(2451,5): warning MSB3277:             C:\Users\ultra\warewolf\Dev\Dev2.Studio.Interfaces\bin\Debug\net8.0\Dev2.Studio.Interfaces.dll [C:\Users\ultra\warewolf\Dev\Warewolf.Studio.ViewModels\Warewolf.Studio.ViewModels.csproj]
C:\Program Files\dotnet\sdk\10.0.201\Microsoft.Common.CurrentVersion.targets(2451,5): warning MSB3277:             C:\Users\ultra\warewolf\Dev\Warewolf.Studio.Core\bin\Debug\net8.0\Warewolf.Studio.Core.dll [C:\Users\ultra\warewolf\Dev\Warewolf.Studio.ViewModels\Warewolf.Studio.ViewModels.csproj]
C:\Program Files\dotnet\sdk\10.0.201\Microsoft.Common.CurrentVersion.targets(2451,5): warning MSB3277:             C:\Users\ultra\warewolf\Dev\Warewolf.Studio.CustomControls\bin\Debug\net8.0\Warewolf.Studio.CustomControls.dll [C:\Users\ultra\warewolf\Dev\Warewolf.Studio.ViewModels\Warewolf.Studio.ViewModels.csproj]
C:\Program Files\dotnet\sdk\10.0.201\Microsoft.Common.CurrentVersion.targets(2451,5): warning MSB3277:             C:\Users\ultra\warewolf\Dev\Warewolf.Studio.Models\bin\Debug\net8.0\Warewolf.Studio.Models.dll [C:\Users\ultra\warewolf\Dev\Warewolf.Studio.ViewModels\Warewolf.Studio.ViewModels.csproj]
C:\Program Files\dotnet\sdk\10.0.201\Microsoft.Common.CurrentVersion.targets(2451,5): warning MSB3277:             C:\Users\ultra\warewolf\Dev\Dev2.Services.Execution\bin\Debug\net8.0\Dev2.Services.Execution.dll [C:\Users\ultra\warewolf\Dev\Warewolf.Studio.ViewModels\Warewolf.Studio.ViewModels.csproj]
C:\Program Files\dotnet\sdk\10.0.201\Microsoft.Common.CurrentVersion.targets(2451,5): warning MSB3277:             C:\Users\ultra\warewolf\Dev\Dev2.Services.Sql\bin\Debug\net8.0\Dev2.Services.Sql.dll [C:\Users\ultra\warewolf\Dev\Warewolf.Studio.ViewModels\Warewolf.Studio.ViewModels.csproj]
C:\Program Files\dotnet\sdk\10.0.201\Microsoft.Common.CurrentVersion.targets(2451,5): warning MSB3277:             C:\Users\ultra\.nuget\packages\prism.wpf\9.0.537\lib\net462\Prism.Wpf.dll [C:\Users\ultra\warewolf\Dev\Warewolf.Studio.ViewModels\Warewolf.Studio.ViewModels.csproj]
C:\Program Files\dotnet\sdk\10.0.201\Microsoft.Common.CurrentVersion.targets(2451,5): warning MSB3277:             C:\Users\ultra\.nuget\packages\reactiveui.wpf\18.4.1\lib\net462\ReactiveUI.Wpf.dll [C:\Users\ultra\warewolf\Dev\Warewolf.Studio.ViewModels\Warewolf.Studio.ViewModels.csproj]
C:\Program Files\dotnet\sdk\10.0.201\Microsoft.Common.CurrentVersion.targets(2451,5): warning MSB3277:             C:\Users\ultra\.nuget\packages\taskschedulereditor\2.10.1\lib\net452\Microsoft.Win32.TaskSchedulerEditor.dll [C:\Users\ultra\warewolf\Dev\Warewolf.Studio.ViewModels\Warewolf.Studio.ViewModels.csproj]
C:\Program Files\dotnet\sdk\10.0.201\Microsoft.Common.CurrentVersion.targets(2451,5): warning MSB3277:             C:\Users\ultra\.nuget\packages\ttcue.netcore.sharepointonline.csom.16.1.8029.1200\16.1.8029.1200\lib\netcoreapp2.0\Microsoft.SharePoint.Client.Runtime.Windows.dll [C:\Users\ultra\warewolf\Dev\Warewolf.Studio.ViewModels\Warewolf.Studio.ViewModels.csproj]
C:\Program Files\dotnet\sdk\10.0.201\Microsoft.Common.CurrentVersion.targets(2451,5): warning MSB3277:         C:\Users\ultra\warewolf\Dev\Dev2.Development.Languages\bin\Debug\net8.0\IronRuby.dll [C:\Users\ultra\warewolf\Dev\Warewolf.Studio.ViewModels\Warewolf.Studio.ViewModels.csproj]
C:\Program Files\dotnet\sdk\10.0.201\Microsoft.Common.CurrentVersion.targets(2451,5): warning MSB3277:           Project file item includes which caused reference "C:\Users\ultra\warewolf\Dev\Dev2.Development.Languages\bin\Debug\net8.0\IronRuby.dll". [C:\Users\ultra\warewolf\Dev\Warewolf.Studio.ViewModels\Warewolf.Studio.ViewModels.csproj]
C:\Program Files\dotnet\sdk\10.0.201\Microsoft.Common.CurrentVersion.targets(2451,5): warning MSB3277:             C:\Users\ultra\warewolf\Dev\Dev2.Development.Languages\bin\Debug\net8.0\Dev2.Development.Languages.dll [C:\Users\ultra\warewolf\Dev\Warewolf.Studio.ViewModels\Warewolf.Studio.ViewModels.csproj]
C:\Program Files\dotnet\sdk\10.0.201\Microsoft.Common.CurrentVersion.targets(2451,5): warning MSB3277:             C:\Users\ultra\warewolf\Dev\Dev2.Activities\bin\Debug\net8.0\Dev2.Activities.dll [C:\Users\ultra\warewolf\Dev\Warewolf.Studio.ViewModels\Warewolf.Studio.ViewModels.csproj]
C:\Program Files\dotnet\sdk\10.0.201\Microsoft.Common.CurrentVersion.targets(2451,5): warning MSB3277:             C:\Users\ultra\warewolf\Dev\Dev2.Studio.Core\bin\Debug\net8.0\Dev2.Studio.Core.dll [C:\Users\ultra\warewolf\Dev\Warewolf.Studio.ViewModels\Warewolf.Studio.ViewModels.csproj]
C:\Program Files\dotnet\sdk\10.0.201\Microsoft.Common.CurrentVersion.targets(2451,5): warning MSB3277:             C:\Users\ultra\warewolf\Dev\Dev2.Intellisense\bin\Debug\net8.0\Dev2.Intellisense.dll [C:\Users\ultra\warewolf\Dev\Warewolf.Studio.ViewModels\Warewolf.Studio.ViewModels.csproj]
C:\Program Files\dotnet\sdk\10.0.201\Microsoft.Common.CurrentVersion.targets(2451,5): warning MSB3277:         C:\Users\ultra\warewolf\Dev\Dev2.Development.Languages\bin\Debug\net8.0\IronRuby.Libraries.dll [C:\Users\ultra\warewolf\Dev\Warewolf.Studio.ViewModels\Warewolf.Studio.ViewModels.csproj]
C:\Program Files\dotnet\sdk\10.0.201\Microsoft.Common.CurrentVersion.targets(2451,5): warning MSB3277:           Project file item includes which caused reference "C:\Users\ultra\warewolf\Dev\Dev2.Development.Languages\bin\Debug\net8.0\IronRuby.Libraries.dll". [C:\Users\ultra\warewolf\Dev\Warewolf.Studio.ViewModels\Warewolf.Studio.ViewModels.csproj]
C:\Program Files\dotnet\sdk\10.0.201\Microsoft.Common.CurrentVersion.targets(2451,5): warning MSB3277:             C:\Users\ultra\warewolf\Dev\Dev2.Development.Languages\bin\Debug\net8.0\Dev2.Development.Languages.dll [C:\Users\ultra\warewolf\Dev\Warewolf.Studio.ViewModels\Warewolf.Studio.ViewModels.csproj]
C:\Program Files\dotnet\sdk\10.0.201\Microsoft.Common.CurrentVersion.targets(2451,5): warning MSB3277:             C:\Users\ultra\warewolf\Dev\Dev2.Activities\bin\Debug\net8.0\Dev2.Activities.dll [C:\Users\ultra\warewolf\Dev\Warewolf.Studio.ViewModels\Warewolf.Studio.ViewModels.csproj]
C:\Program Files\dotnet\sdk\10.0.201\Microsoft.Common.CurrentVersion.targets(2451,5): warning MSB3277:             C:\Users\ultra\warewolf\Dev\Dev2.Studio.Core\bin\Debug\net8.0\Dev2.Studio.Core.dll [C:\Users\ultra\warewolf\Dev\Warewolf.Studio.ViewModels\Warewolf.Studio.ViewModels.csproj]
C:\Program Files\dotnet\sdk\10.0.201\Microsoft.Common.CurrentVersion.targets(2451,5): warning MSB3277:             C:\Users\ultra\warewolf\Dev\Dev2.Intellisense\bin\Debug\net8.0\Dev2.Intellisense.dll [C:\Users\ultra\warewolf\Dev\Warewolf.Studio.ViewModels\Warewolf.Studio.ViewModels.csproj]
C:\Program Files\dotnet\sdk\10.0.201\Microsoft.Common.CurrentVersion.targets(2451,5): warning MSB3277: Found conflicts between different versions of "WindowsBase" that could not be resolved. [C:\Users\ultra\warewolf\Dev\Warewolf.Studio.ViewModels\Warewolf.Studio.ViewModels.csproj]
C:\Program Files\dotnet\sdk\10.0.201\Microsoft.Common.CurrentVersion.targets(2451,5): warning MSB3277: There was a conflict between "WindowsBase, Version=4.0.0.0, Culture=neutral, PublicKeyToken=31bf3856ad364e35" and "WindowsBase, Version=6.0.2.0, Culture=neutral, PublicKeyToken=31bf3856ad364e35". [C:\Users\ultra\warewolf\Dev\Warewolf.Studio.ViewModels\Warewolf.Studio.ViewModels.csproj]
C:\Program Files\dotnet\sdk\10.0.201\Microsoft.Common.CurrentVersion.targets(2451,5): warning MSB3277:     "WindowsBase, Version=4.0.0.0, Culture=neutral, PublicKeyToken=31bf3856ad364e35" was chosen because it was primary and "WindowsBase, Version=6.0.2.0, Culture=neutral, PublicKeyToken=31bf3856ad364e35" was not. [C:\Users\ultra\warewolf\Dev\Warewolf.Studio.ViewModels\Warewolf.Studio.ViewModels.csproj]
C:\Program Files\dotnet\sdk\10.0.201\Microsoft.Common.CurrentVersion.targets(2451,5): warning MSB3277:     References which depend on "WindowsBase, Version=4.0.0.0, Culture=neutral, PublicKeyToken=31bf3856ad364e35" [C:\Program Files\dotnet\packs\Microsoft.NETCore.App.Ref\8.0.25\ref\net8.0\WindowsBase.dll]. [C:\Users\ultra\warewolf\Dev\Warewolf.Studio.ViewModels\Warewolf.Studio.ViewModels.csproj]
C:\Program Files\dotnet\sdk\10.0.201\Microsoft.Common.CurrentVersion.targets(2451,5): warning MSB3277:         C:\Program Files\dotnet\packs\Microsoft.NETCore.App.Ref\8.0.25\ref\net8.0\WindowsBase.dll [C:\Users\ultra\warewolf\Dev\Warewolf.Studio.ViewModels\Warewolf.Studio.ViewModels.csproj]
C:\Program Files\dotnet\sdk\10.0.201\Microsoft.Common.CurrentVersion.targets(2451,5): warning MSB3277:           Project file item includes which caused reference "C:\Program Files\dotnet\packs\Microsoft.NETCore.App.Ref\8.0.25\ref\net8.0\WindowsBase.dll". [C:\Users\ultra\warewolf\Dev\Warewolf.Studio.ViewModels\Warewolf.Studio.ViewModels.csproj]
C:\Program Files\dotnet\sdk\10.0.201\Microsoft.Common.CurrentVersion.targets(2451,5): warning MSB3277:             C:\Program Files\dotnet\packs\Microsoft.NETCore.App.Ref\8.0.25\ref/net8.0/WindowsBase.dll [C:\Users\ultra\warewolf\Dev\Warewolf.Studio.ViewModels\Warewolf.Studio.ViewModels.csproj]
C:\Program Files\dotnet\sdk\10.0.201\Microsoft.Common.CurrentVersion.targets(2451,5): warning MSB3277:     References which depend on or have been unified to "WindowsBase, Version=6.0.2.0, Culture=neutral, PublicKeyToken=31bf3856ad364e35" []. [C:\Users\ultra\warewolf\Dev\Warewolf.Studio.ViewModels\Warewolf.Studio.ViewModels.csproj]
C:\Program Files\dotnet\sdk\10.0.201\Microsoft.Common.CurrentVersion.targets(2451,5): warning MSB3277:         C:\Users\ultra\warewolf\Dev\Binaries\Infragistcs_Net6\InfragisticsWPF4.Controls.Editors.XamComboEditor.v15.1.dll [C:\Users\ultra\warewolf\Dev\Warewolf.Studio.ViewModels\Warewolf.Studio.ViewModels.csproj]
C:\Program Files\dotnet\sdk\10.0.201\Microsoft.Common.CurrentVersion.targets(2451,5): warning MSB3277:           Project file item includes which caused reference "C:\Users\ultra\warewolf\Dev\Binaries\Infragistcs_Net6\InfragisticsWPF4.Controls.Editors.XamComboEditor.v15.1.dll". [C:\Users\ultra\warewolf\Dev\Warewolf.Studio.ViewModels\Warewolf.Studio.ViewModels.csproj]
C:\Program Files\dotnet\sdk\10.0.201\Microsoft.Common.CurrentVersion.targets(2451,5): warning MSB3277:             InfragisticsWPF4.Controls.Editors.XamComboEditor.v15.1, Version=15.1.20151.2055, Culture=neutral, processorArchitecture=MSIL [C:\Users\ultra\warewolf\Dev\Warewolf.Studio.ViewModels\Warewolf.Studio.ViewModels.csproj]
C:\Program Files\dotnet\sdk\10.0.201\Microsoft.Common.CurrentVersion.targets(2451,5): warning MSB3277:         C:\Users\ultra\warewolf\Dev\Binaries\Infragistcs_Net6\InfragisticsWPF4.DataManager.v15.1.dll [C:\Users\ultra\warewolf\Dev\Warewolf.Studio.ViewModels\Warewolf.Studio.ViewModels.csproj]
C:\Program Files\dotnet\sdk\10.0.201\Microsoft.Common.CurrentVersion.targets(2451,5): warning MSB3277:           Project file item includes which caused reference "C:\Users\ultra\warewolf\Dev\Binaries\Infragistcs_Net6\InfragisticsWPF4.DataManager.v15.1.dll". [C:\Users\ultra\warewolf\Dev\Warewolf.Studio.ViewModels\Warewolf.Studio.ViewModels.csproj]
C:\Program Files\dotnet\sdk\10.0.201\Microsoft.Common.CurrentVersion.targets(2451,5): warning MSB3277:             InfragisticsWPF4.DataManager.v15.1, Version=15.1.20151.2055, Culture=neutral, processorArchitecture=MSIL [C:\Users\ultra\warewolf\Dev\Warewolf.Studio.ViewModels\Warewolf.Studio.ViewModels.csproj]
C:\Program Files\dotnet\sdk\10.0.201\Microsoft.Common.CurrentVersion.targets(2451,5): warning MSB3277:             InfragisticsWPF4.Controls.Editors.XamComboEditor.v15.1, Version=15.1.20151.2055, Culture=neutral, processorArchitecture=MSIL [C:\Users\ultra\warewolf\Dev\Warewolf.Studio.ViewModels\Warewolf.Studio.ViewModels.csproj]
C:\Program Files\dotnet\sdk\10.0.201\Microsoft.Common.CurrentVersion.targets(2451,5): warning MSB3277:         C:\Users\ultra\warewolf\Dev\Binaries\Infragistcs_Net6\InfragisticsWPF4.v15.1.dll [C:\Users\ultra\warewolf\Dev\Warewolf.Studio.ViewModels\Warewolf.Studio.ViewModels.csproj]
C:\Program Files\dotnet\sdk\10.0.201\Microsoft.Common.CurrentVersion.targets(2451,5): warning MSB3277:           Project file item includes which caused reference "C:\Users\ultra\warewolf\Dev\Binaries\Infragistcs_Net6\InfragisticsWPF4.v15.1.dll". [C:\Users\ultra\warewolf\Dev\Warewolf.Studio.ViewModels\Warewolf.Studio.ViewModels.csproj]
C:\Program Files\dotnet\sdk\10.0.201\Microsoft.Common.CurrentVersion.targets(2451,5): warning MSB3277:             InfragisticsWPF4.v15.1, Version=15.1.20151.2055, Culture=neutral, processorArchitecture=MSIL [C:\Users\ultra\warewolf\Dev\Warewolf.Studio.ViewModels\Warewolf.Studio.ViewModels.csproj]
C:\Program Files\dotnet\sdk\10.0.201\Microsoft.Common.CurrentVersion.targets(2451,5): warning MSB3277:             InfragisticsWPF4.Controls.Editors.XamComboEditor.v15.1, Version=15.1.20151.2055, Culture=neutral, processorArchitecture=MSIL [C:\Users\ultra\warewolf\Dev\Warewolf.Studio.ViewModels\Warewolf.Studio.ViewModels.csproj]
C:\Program Files\dotnet\sdk\10.0.201\Microsoft.Common.CurrentVersion.targets(2451,5): warning MSB3277:             InfragisticsWPF4.DataManager.v15.1, Version=15.1.20151.2055, Culture=neutral, processorArchitecture=MSIL [C:\Users\ultra\warewolf\Dev\Warewolf.Studio.ViewModels\Warewolf.Studio.ViewModels.csproj]
C:\Program Files\dotnet\sdk\10.0.201\Microsoft.Common.CurrentVersion.targets(2451,5): warning MSB3277:         C:\Users\ultra\.nuget\packages\caliburn.micro\4.0.212\lib\netcoreapp3.1\Caliburn.Micro.Platform.dll [C:\Users\ultra\warewolf\Dev\Warewolf.Studio.ViewModels\Warewolf.Studio.ViewModels.csproj]
C:\Program Files\dotnet\sdk\10.0.201\Microsoft.Common.CurrentVersion.targets(2451,5): warning MSB3277:           Project file item includes which caused reference "C:\Users\ultra\.nuget\packages\caliburn.micro\4.0.212\lib\netcoreapp3.1\Caliburn.Micro.Platform.dll". [C:\Users\ultra\warewolf\Dev\Warewolf.Studio.ViewModels\Warewolf.Studio.ViewModels.csproj]
C:\Program Files\dotnet\sdk\10.0.201\Microsoft.Common.CurrentVersion.targets(2451,5): warning MSB3277:             C:\Users\ultra\.nuget\packages\caliburn.micro\4.0.212\lib\netcoreapp3.1\Caliburn.Micro.Platform.dll [C:\Users\ultra\warewolf\Dev\Warewolf.Studio.ViewModels\Warewolf.Studio.ViewModels.csproj]
C:\Program Files\dotnet\sdk\10.0.201\Microsoft.Common.CurrentVersion.targets(2451,5): warning MSB3277:         C:\Users\ultra\.nuget\packages\extended.wpf.toolkit\4.4.0\lib\net5.0\Xceed.Wpf.AvalonDock.NET5.dll [C:\Users\ultra\warewolf\Dev\Warewolf.Studio.ViewModels\Warewolf.Studio.ViewModels.csproj]
C:\Program Files\dotnet\sdk\10.0.201\Microsoft.Common.CurrentVersion.targets(2451,5): warning MSB3277:           Project file item includes which caused reference "C:\Users\ultra\.nuget\packages\extended.wpf.toolkit\4.4.0\lib\net5.0\Xceed.Wpf.AvalonDock.NET5.dll". [C:\Users\ultra\warewolf\Dev\Warewolf.Studio.ViewModels\Warewolf.Studio.ViewModels.csproj]
C:\Program Files\dotnet\sdk\10.0.201\Microsoft.Common.CurrentVersion.targets(2451,5): warning MSB3277:             C:\Users\ultra\.nuget\packages\extended.wpf.toolkit\4.4.0\lib\net5.0\Xceed.Wpf.AvalonDock.NET5.dll [C:\Users\ultra\warewolf\Dev\Warewolf.Studio.ViewModels\Warewolf.Studio.ViewModels.csproj]
C:\Program Files\dotnet\sdk\10.0.201\Microsoft.Common.CurrentVersion.targets(2451,5): warning MSB3277:             C:\Users\ultra\.nuget\packages\extended.wpf.toolkit\4.4.0\lib\net5.0\Xceed.Wpf.AvalonDock.Themes.Aero.NET5.dll [C:\Users\ultra\warewolf\Dev\Warewolf.Studio.ViewModels\Warewolf.Studio.ViewModels.csproj]
C:\Program Files\dotnet\sdk\10.0.201\Microsoft.Common.CurrentVersion.targets(2451,5): warning MSB3277:             C:\Users\ultra\.nuget\packages\extended.wpf.toolkit\4.4.0\lib\net5.0\Xceed.Wpf.AvalonDock.Themes.Metro.NET5.dll [C:\Users\ultra\warewolf\Dev\Warewolf.Studio.ViewModels\Warewolf.Studio.ViewModels.csproj]
C:\Program Files\dotnet\sdk\10.0.201\Microsoft.Common.CurrentVersion.targets(2451,5): warning MSB3277:             C:\Users\ultra\.nuget\packages\extended.wpf.toolkit\4.4.0\lib\net5.0\Xceed.Wpf.AvalonDock.Themes.VS2010.NET5.dll [C:\Users\ultra\warewolf\Dev\Warewolf.Studio.ViewModels\Warewolf.Studio.ViewModels.csproj]
C:\Program Files\dotnet\sdk\10.0.201\Microsoft.Common.CurrentVersion.targets(2451,5): warning MSB3277:         C:\Users\ultra\.nuget\packages\extended.wpf.toolkit\4.4.0\lib\net5.0\Xceed.Wpf.AvalonDock.Themes.Aero.NET5.dll [C:\Users\ultra\warewolf\Dev\Warewolf.Studio.ViewModels\Warewolf.Studio.ViewModels.csproj]
C:\Program Files\dotnet\sdk\10.0.201\Microsoft.Common.CurrentVersion.targets(2451,5): warning MSB3277:           Project file item includes which caused reference "C:\Users\ultra\.nuget\packages\extended.wpf.toolkit\4.4.0\lib\net5.0\Xceed.Wpf.AvalonDock.Themes.Aero.NET5.dll". [C:\Users\ultra\warewolf\Dev\Warewolf.Studio.ViewModels\Warewolf.Studio.ViewModels.csproj]
C:\Program Files\dotnet\sdk\10.0.201\Microsoft.Common.CurrentVersion.targets(2451,5): warning MSB3277:             C:\Users\ultra\.nuget\packages\extended.wpf.toolkit\4.4.0\lib\net5.0\Xceed.Wpf.AvalonDock.Themes.Aero.NET5.dll [C:\Users\ultra\warewolf\Dev\Warewolf.Studio.ViewModels\Warewolf.Studio.ViewModels.csproj]
C:\Program Files\dotnet\sdk\10.0.201\Microsoft.Common.CurrentVersion.targets(2451,5): warning MSB3277:         C:\Users\ultra\.nuget\packages\extended.wpf.toolkit\4.4.0\lib\net5.0\Xceed.Wpf.Toolkit.NET5.dll [C:\Users\ultra\warewolf\Dev\Warewolf.Studio.ViewModels\Warewolf.Studio.ViewModels.csproj]
C:\Program Files\dotnet\sdk\10.0.201\Microsoft.Common.CurrentVersion.targets(2451,5): warning MSB3277:           Project file item includes which caused reference "C:\Users\ultra\.nuget\packages\extended.wpf.toolkit\4.4.0\lib\net5.0\Xceed.Wpf.Toolkit.NET5.dll". [C:\Users\ultra\warewolf\Dev\Warewolf.Studio.ViewModels\Warewolf.Studio.ViewModels.csproj]
C:\Program Files\dotnet\sdk\10.0.201\Microsoft.Common.CurrentVersion.targets(2451,5): warning MSB3277:             C:\Users\ultra\.nuget\packages\extended.wpf.toolkit\4.4.0\lib\net5.0\Xceed.Wpf.Toolkit.NET5.dll [C:\Users\ultra\warewolf\Dev\Warewolf.Studio.ViewModels\Warewolf.Studio.ViewModels.csproj]
C:\Program Files\dotnet\sdk\10.0.201\Microsoft.Common.CurrentVersion.targets(2451,5): warning MSB3277:         C:\Users\ultra\.nuget\packages\ironpython\3.4.0\lib\net6.0\IronPython.Wpf.dll [C:\Users\ultra\warewolf\Dev\Warewolf.Studio.ViewModels\Warewolf.Studio.ViewModels.csproj]
C:\Program Files\dotnet\sdk\10.0.201\Microsoft.Common.CurrentVersion.targets(2451,5): warning MSB3277:           Project file item includes which caused reference "C:\Users\ultra\.nuget\packages\ironpython\3.4.0\lib\net6.0\IronPython.Wpf.dll". [C:\Users\ultra\warewolf\Dev\Warewolf.Studio.ViewModels\Warewolf.Studio.ViewModels.csproj]
C:\Program Files\dotnet\sdk\10.0.201\Microsoft.Common.CurrentVersion.targets(2451,5): warning MSB3277:             C:\Users\ultra\.nuget\packages\ironpython\3.4.0\lib\net6.0\IronPython.Wpf.dll [C:\Users\ultra\warewolf\Dev\Warewolf.Studio.ViewModels\Warewolf.Studio.ViewModels.csproj]
C:\Program Files\dotnet\sdk\10.0.201\Microsoft.Common.CurrentVersion.targets(2451,5): warning MSB3277:         C:\Users\ultra\.nuget\packages\microsoft.xaml.behaviors.wpf\1.1.122\lib\net462\Microsoft.Xaml.Behaviors.dll [C:\Users\ultra\warewolf\Dev\Warewolf.Studio.ViewModels\Warewolf.Studio.ViewModels.csproj]
C:\Program Files\dotnet\sdk\10.0.201\Microsoft.Common.CurrentVersion.targets(2451,5): warning MSB3277:           Project file item includes which caused reference "C:\Users\ultra\.nuget\packages\microsoft.xaml.behaviors.wpf\1.1.122\lib\net462\Microsoft.Xaml.Behaviors.dll". [C:\Users\ultra\warewolf\Dev\Warewolf.Studio.ViewModels\Warewolf.Studio.ViewModels.csproj]
C:\Program Files\dotnet\sdk\10.0.201\Microsoft.Common.CurrentVersion.targets(2451,5): warning MSB3277:             C:\Users\ultra\.nuget\packages\microsoft.xaml.behaviors.wpf\1.1.122\lib\net462\Microsoft.Xaml.Behaviors.dll [C:\Users\ultra\warewolf\Dev\Warewolf.Studio.ViewModels\Warewolf.Studio.ViewModels.csproj]
C:\Program Files\dotnet\sdk\10.0.201\Microsoft.Common.CurrentVersion.targets(2451,5): warning MSB3277:             C:\Users\ultra\.nuget\packages\caliburn.micro\4.0.212\lib\netcoreapp3.1\Caliburn.Micro.Platform.dll [C:\Users\ultra\warewolf\Dev\Warewolf.Studio.ViewModels\Warewolf.Studio.ViewModels.csproj]
C:\Program Files\dotnet\sdk\10.0.201\Microsoft.Common.CurrentVersion.targets(2451,5): warning MSB3277:             C:\Users\ultra\.nuget\packages\prism.wpf\9.0.537\lib\net462\Prism.Wpf.dll [C:\Users\ultra\warewolf\Dev\Warewolf.Studio.ViewModels\Warewolf.Studio.ViewModels.csproj]
C:\Program Files\dotnet\sdk\10.0.201\Microsoft.Common.CurrentVersion.targets(2451,5): warning MSB3277:         C:\Users\ultra\.nuget\packages\prism.wpf\9.0.537\lib\net462\Prism.Wpf.dll [C:\Users\ultra\warewolf\Dev\Warewolf.Studio.ViewModels\Warewolf.Studio.ViewModels.csproj]
C:\Program Files\dotnet\sdk\10.0.201\Microsoft.Common.CurrentVersion.targets(2451,5): warning MSB3277:           Project file item includes which caused reference "C:\Users\ultra\.nuget\packages\prism.wpf\9.0.537\lib\net462\Prism.Wpf.dll". [C:\Users\ultra\warewolf\Dev\Warewolf.Studio.ViewModels\Warewolf.Studio.ViewModels.csproj]
C:\Program Files\dotnet\sdk\10.0.201\Microsoft.Common.CurrentVersion.targets(2451,5): warning MSB3277:             C:\Users\ultra\.nuget\packages\prism.wpf\9.0.537\lib\net462\Prism.Wpf.dll [C:\Users\ultra\warewolf\Dev\Warewolf.Studio.ViewModels\Warewolf.Studio.ViewModels.csproj]
C:\Program Files\dotnet\sdk\10.0.201\Microsoft.Common.CurrentVersion.targets(2451,5): warning MSB3277:         C:\Users\ultra\.nuget\packages\reactiveui.wpf\18.4.1\lib\net462\ReactiveUI.Wpf.dll [C:\Users\ultra\warewolf\Dev\Warewolf.Studio.ViewModels\Warewolf.Studio.ViewModels.csproj]
C:\Program Files\dotnet\sdk\10.0.201\Microsoft.Common.CurrentVersion.targets(2451,5): warning MSB3277:           Project file item includes which caused reference "C:\Users\ultra\.nuget\packages\reactiveui.wpf\18.4.1\lib\net462\ReactiveUI.Wpf.dll". [C:\Users\ultra\warewolf\Dev\Warewolf.Studio.ViewModels\Warewolf.Studio.ViewModels.csproj]
C:\Program Files\dotnet\sdk\10.0.201\Microsoft.Common.CurrentVersion.targets(2451,5): warning MSB3277:             C:\Users\ultra\.nuget\packages\reactiveui.wpf\18.4.1\lib\net462\ReactiveUI.Wpf.dll [C:\Users\ultra\warewolf\Dev\Warewolf.Studio.ViewModels\Warewolf.Studio.ViewModels.csproj]
  Consider app.config remapping of assembly "System.Data.SQLite, Culture=neutral, PublicKeyToken=db937bc2d44ff139" from Version "1.0.117.0" [] to Version "1.0.118.0" [C:\Users\ultra\.nuget\packages\stub.system.data.sqlite.core.netstandard\1.0.118\lib\netstandard2.1\System.Data.SQLite.dll] to solve conflict and get rid of warning.
  Consider app.config remapping of assembly "System.Runtime.CompilerServices.Unsafe, Culture=neutral, PublicKeyToken=b03f5f7f11d50a3a" from Version "6.0.0.0" [] to Version "8.0.0.0" [C:\Program Files\dotnet\packs\Microsoft.NETCore.App.Ref\8.0.25\ref\net8.0\System.Runtime.CompilerServices.Unsafe.dll] to solve conflict and get rid of warning.
C:\Program Files\dotnet\sdk\10.0.201\Microsoft.CSharp.CurrentVersion.targets(130,9): warning MSB3884: Could not find rule set file "..\.sonarlint\warewolf_dotnet_frameworkcsharp.ruleset". [C:\Users\ultra\warewolf\Dev\Warewolf.Studio.ViewModels\Warewolf.Studio.ViewModels.csproj]
C:\Users\ultra\warewolf\Dev\Dev2.Server\Startup.cs(59,95): warning CC0004: Empty Catch Block. (https://code-cracker.github.io/diagnostics/CC0004.html) [C:\Users\ultra\warewolf\Dev\Dev2.Server\Dev2.Server.csproj]
  Dev2.Server -> C:\Users\ultra\warewolf\Dev\Dev2.Server\bin\Debug\net8.0\linux-x64\Warewolf Server.dll
  
  INFO: No tasks running with the specified criteria.
  
  INFO: No tasks running with the specified criteria.
C:\Program Files\dotnet\sdk\10.0.201\Microsoft.Common.CurrentVersion.targets(2451,5): warning MSB3277: Found conflicts between different versions of "WindowsBase" that could not be resolved. [C:\Users\ultra\warewolf\Dev\Dev2.Diagnostics.Tests\Dev2.Diagnostics.Tests.csproj]
C:\Program Files\dotnet\sdk\10.0.201\Microsoft.Common.CurrentVersion.targets(2451,5): warning MSB3277: There was a conflict between "WindowsBase, Version=4.0.0.0, Culture=neutral, PublicKeyToken=31bf3856ad364e35" and "WindowsBase, Version=6.0.2.0, Culture=neutral, PublicKeyToken=31bf3856ad364e35". [C:\Users\ultra\warewolf\Dev\Dev2.Diagnostics.Tests\Dev2.Diagnostics.Tests.csproj]
C:\Program Files\dotnet\sdk\10.0.201\Microsoft.Common.CurrentVersion.targets(2451,5): warning MSB3277:     "WindowsBase, Version=4.0.0.0, Culture=neutral, PublicKeyToken=31bf3856ad364e35" was chosen because it was primary and "WindowsBase, Version=6.0.2.0, Culture=neutral, PublicKeyToken=31bf3856ad364e35" was not. [C:\Users\ultra\warewolf\Dev\Dev2.Diagnostics.Tests\Dev2.Diagnostics.Tests.csproj]
C:\Program Files\dotnet\sdk\10.0.201\Microsoft.Common.CurrentVersion.targets(2451,5): warning MSB3277:     References which depend on "WindowsBase, Version=4.0.0.0, Culture=neutral, PublicKeyToken=31bf3856ad364e35" [C:\Program Files\dotnet\packs\Microsoft.NETCore.App.Ref\8.0.25\ref\net8.0\WindowsBase.dll]. [C:\Users\ultra\warewolf\Dev\Dev2.Diagnostics.Tests\Dev2.Diagnostics.Tests.csproj]
C:\Program Files\dotnet\sdk\10.0.201\Microsoft.Common.CurrentVersion.targets(2451,5): warning MSB3277:         C:\Program Files\dotnet\packs\Microsoft.NETCore.App.Ref\8.0.25\ref\net8.0\WindowsBase.dll [C:\Users\ultra\warewolf\Dev\Dev2.Diagnostics.Tests\Dev2.Diagnostics.Tests.csproj]
C:\Program Files\dotnet\sdk\10.0.201\Microsoft.Common.CurrentVersion.targets(2451,5): warning MSB3277:           Project file item includes which caused reference "C:\Program Files\dotnet\packs\Microsoft.NETCore.App.Ref\8.0.25\ref\net8.0\WindowsBase.dll". [C:\Users\ultra\warewolf\Dev\Dev2.Diagnostics.Tests\Dev2.Diagnostics.Tests.csproj]
C:\Program Files\dotnet\sdk\10.0.201\Microsoft.Common.CurrentVersion.targets(2451,5): warning MSB3277:             C:\Program Files\dotnet\packs\Microsoft.NETCore.App.Ref\8.0.25\ref/net8.0/WindowsBase.dll [C:\Users\ultra\warewolf\Dev\Dev2.Diagnostics.Tests\Dev2.Diagnostics.Tests.csproj]
C:\Program Files\dotnet\sdk\10.0.201\Microsoft.Common.CurrentVersion.targets(2451,5): warning MSB3277:     References which depend on or have been unified to "WindowsBase, Version=6.0.2.0, Culture=neutral, PublicKeyToken=31bf3856ad364e35" []. [C:\Users\ultra\warewolf\Dev\Dev2.Diagnostics.Tests\Dev2.Diagnostics.Tests.csproj]
C:\Program Files\dotnet\sdk\10.0.201\Microsoft.Common.CurrentVersion.targets(2451,5): warning MSB3277:         C:\Users\ultra\.nuget\packages\caliburn.micro\4.0.212\lib\netcoreapp3.1\Caliburn.Micro.Platform.dll [C:\Users\ultra\warewolf\Dev\Dev2.Diagnostics.Tests\Dev2.Diagnostics.Tests.csproj]
C:\Program Files\dotnet\sdk\10.0.201\Microsoft.Common.CurrentVersion.targets(2451,5): warning MSB3277:           Project file item includes which caused reference "C:\Users\ultra\.nuget\packages\caliburn.micro\4.0.212\lib\netcoreapp3.1\Caliburn.Micro.Platform.dll". [C:\Users\ultra\warewolf\Dev\Dev2.Diagnostics.Tests\Dev2.Diagnostics.Tests.csproj]
C:\Program Files\dotnet\sdk\10.0.201\Microsoft.Common.CurrentVersion.targets(2451,5): warning MSB3277:             C:\Users\ultra\.nuget\packages\caliburn.micro\4.0.212\lib\netcoreapp3.1\Caliburn.Micro.Platform.dll [C:\Users\ultra\warewolf\Dev\Dev2.Diagnostics.Tests\Dev2.Diagnostics.Tests.csproj]
C:\Program Files\dotnet\sdk\10.0.201\Microsoft.Common.CurrentVersion.targets(2451,5): warning MSB3277:         C:\Users\ultra\.nuget\packages\ironpython\3.4.0\lib\net6.0\IronPython.Wpf.dll [C:\Users\ultra\warewolf\Dev\Dev2.Diagnostics.Tests\Dev2.Diagnostics.Tests.csproj]
C:\Program Files\dotnet\sdk\10.0.201\Microsoft.Common.CurrentVersion.targets(2451,5): warning MSB3277:           Project file item includes which caused reference "C:\Users\ultra\.nuget\packages\ironpython\3.4.0\lib\net6.0\IronPython.Wpf.dll". [C:\Users\ultra\warewolf\Dev\Dev2.Diagnostics.Tests\Dev2.Diagnostics.Tests.csproj]
C:\Program Files\dotnet\sdk\10.0.201\Microsoft.Common.CurrentVersion.targets(2451,5): warning MSB3277:             C:\Users\ultra\.nuget\packages\ironpython\3.4.0\lib\net6.0\IronPython.Wpf.dll [C:\Users\ultra\warewolf\Dev\Dev2.Diagnostics.Tests\Dev2.Diagnostics.Tests.csproj]
C:\Program Files\dotnet\sdk\10.0.201\Microsoft.Common.CurrentVersion.targets(2451,5): warning MSB3277:         C:\Users\ultra\.nuget\packages\microsoft.xaml.behaviors.wpf\1.1.122\lib\net462\Microsoft.Xaml.Behaviors.dll [C:\Users\ultra\warewolf\Dev\Dev2.Diagnostics.Tests\Dev2.Diagnostics.Tests.csproj]
C:\Program Files\dotnet\sdk\10.0.201\Microsoft.Common.CurrentVersion.targets(2451,5): warning MSB3277:           Project file item includes which caused reference "C:\Users\ultra\.nuget\packages\microsoft.xaml.behaviors.wpf\1.1.122\lib\net462\Microsoft.Xaml.Behaviors.dll". [C:\Users\ultra\warewolf\Dev\Dev2.Diagnostics.Tests\Dev2.Diagnostics.Tests.csproj]
C:\Program Files\dotnet\sdk\10.0.201\Microsoft.Common.CurrentVersion.targets(2451,5): warning MSB3277:             C:\Users\ultra\.nuget\packages\microsoft.xaml.behaviors.wpf\1.1.122\lib\net462\Microsoft.Xaml.Behaviors.dll [C:\Users\ultra\warewolf\Dev\Dev2.Diagnostics.Tests\Dev2.Diagnostics.Tests.csproj]
C:\Program Files\dotnet\sdk\10.0.201\Microsoft.Common.CurrentVersion.targets(2451,5): warning MSB3277:             C:\Users\ultra\.nuget\packages\caliburn.micro\4.0.212\lib\netcoreapp3.1\Caliburn.Micro.Platform.dll [C:\Users\ultra\warewolf\Dev\Dev2.Diagnostics.Tests\Dev2.Diagnostics.Tests.csproj]
C:\Program Files\dotnet\sdk\10.0.201\Microsoft.Common.CurrentVersion.targets(2451,5): warning MSB3277:             C:\Users\ultra\.nuget\packages\prism.wpf\9.0.537\lib\net462\Prism.Wpf.dll [C:\Users\ultra\warewolf\Dev\Dev2.Diagnostics.Tests\Dev2.Diagnostics.Tests.csproj]
C:\Program Files\dotnet\sdk\10.0.201\Microsoft.Common.CurrentVersion.targets(2451,5): warning MSB3277:         C:\Users\ultra\.nuget\packages\prism.wpf\9.0.537\lib\net462\Prism.Wpf.dll [C:\Users\ultra\warewolf\Dev\Dev2.Diagnostics.Tests\Dev2.Diagnostics.Tests.csproj]
C:\Program Files\dotnet\sdk\10.0.201\Microsoft.Common.CurrentVersion.targets(2451,5): warning MSB3277:           Project file item includes which caused reference "C:\Users\ultra\.nuget\packages\prism.wpf\9.0.537\lib\net462\Prism.Wpf.dll". [C:\Users\ultra\warewolf\Dev\Dev2.Diagnostics.Tests\Dev2.Diagnostics.Tests.csproj]
C:\Program Files\dotnet\sdk\10.0.201\Microsoft.Common.CurrentVersion.targets(2451,5): warning MSB3277:             C:\Users\ultra\.nuget\packages\prism.wpf\9.0.537\lib\net462\Prism.Wpf.dll [C:\Users\ultra\warewolf\Dev\Dev2.Diagnostics.Tests\Dev2.Diagnostics.Tests.csproj]
C:\Program Files\dotnet\sdk\10.0.201\Microsoft.Common.CurrentVersion.targets(2451,5): warning MSB3277:         C:\Users\ultra\.nuget\packages\reactiveui.wpf\18.4.1\lib\net462\ReactiveUI.Wpf.dll [C:\Users\ultra\warewolf\Dev\Dev2.Diagnostics.Tests\Dev2.Diagnostics.Tests.csproj]
C:\Program Files\dotnet\sdk\10.0.201\Microsoft.Common.CurrentVersion.targets(2451,5): warning MSB3277:           Project file item includes which caused reference "C:\Users\ultra\.nuget\packages\reactiveui.wpf\18.4.1\lib\net462\ReactiveUI.Wpf.dll". [C:\Users\ultra\warewolf\Dev\Dev2.Diagnostics.Tests\Dev2.Diagnostics.Tests.csproj]
C:\Program Files\dotnet\sdk\10.0.201\Microsoft.Common.CurrentVersion.targets(2451,5): warning MSB3277:             C:\Users\ultra\.nuget\packages\reactiveui.wpf\18.4.1\lib\net462\ReactiveUI.Wpf.dll [C:\Users\ultra\warewolf\Dev\Dev2.Diagnostics.Tests\Dev2.Diagnostics.Tests.csproj]
C:\Program Files\dotnet\sdk\10.0.201\Microsoft.Common.CurrentVersion.targets(2451,5): warning MSB3277: Found conflicts between different versions of "System.Drawing.Common" that could not be resolved. [C:\Users\ultra\warewolf\Dev\Dev2.Diagnostics.Tests\Dev2.Diagnostics.Tests.csproj]
C:\Program Files\dotnet\sdk\10.0.201\Microsoft.Common.CurrentVersion.targets(2451,5): warning MSB3277: There was a conflict between "System.Drawing.Common, Version=6.0.0.0, Culture=neutral, PublicKeyToken=cc7b13ffcd2ddd51" and "System.Drawing.Common, Version=8.0.0.0, Culture=neutral, PublicKeyToken=cc7b13ffcd2ddd51". [C:\Users\ultra\warewolf\Dev\Dev2.Diagnostics.Tests\Dev2.Diagnostics.Tests.csproj]
C:\Program Files\dotnet\sdk\10.0.201\Microsoft.Common.CurrentVersion.targets(2451,5): warning MSB3277:     "System.Drawing.Common, Version=6.0.0.0, Culture=neutral, PublicKeyToken=cc7b13ffcd2ddd51" was chosen because it was primary and "System.Drawing.Common, Version=8.0.0.0, Culture=neutral, PublicKeyToken=cc7b13ffcd2ddd51" was not. [C:\Users\ultra\warewolf\Dev\Dev2.Diagnostics.Tests\Dev2.Diagnostics.Tests.csproj]
C:\Program Files\dotnet\sdk\10.0.201\Microsoft.Common.CurrentVersion.targets(2451,5): warning MSB3277:     References which depend on "System.Drawing.Common, Version=6.0.0.0, Culture=neutral, PublicKeyToken=cc7b13ffcd2ddd51" [C:\Users\ultra\.nuget\packages\system.drawing.common\6.0.0\lib\net6.0\System.Drawing.Common.dll]. [C:\Users\ultra\warewolf\Dev\Dev2.Diagnostics.Tests\Dev2.Diagnostics.Tests.csproj]
C:\Program Files\dotnet\sdk\10.0.201\Microsoft.Common.CurrentVersion.targets(2451,5): warning MSB3277:         C:\Users\ultra\.nuget\packages\system.drawing.common\6.0.0\lib\net6.0\System.Drawing.Common.dll [C:\Users\ultra\warewolf\Dev\Dev2.Diagnostics.Tests\Dev2.Diagnostics.Tests.csproj]
C:\Program Files\dotnet\sdk\10.0.201\Microsoft.Common.CurrentVersion.targets(2451,5): warning MSB3277:           Project file item includes which caused reference "C:\Users\ultra\.nuget\packages\system.drawing.common\6.0.0\lib\net6.0\System.Drawing.Common.dll". [C:\Users\ultra\warewolf\Dev\Dev2.Diagnostics.Tests\Dev2.Diagnostics.Tests.csproj]
C:\Program Files\dotnet\sdk\10.0.201\Microsoft.Common.CurrentVersion.targets(2451,5): warning MSB3277:             C:\Users\ultra\.nuget\packages\system.drawing.common\6.0.0\lib\net6.0\System.Drawing.Common.dll [C:\Users\ultra\warewolf\Dev\Dev2.Diagnostics.Tests\Dev2.Diagnostics.Tests.csproj]
C:\Program Files\dotnet\sdk\10.0.201\Microsoft.Common.CurrentVersion.targets(2451,5): warning MSB3277:     References which depend on or have been unified to "System.Drawing.Common, Version=8.0.0.0, Culture=neutral, PublicKeyToken=cc7b13ffcd2ddd51" []. [C:\Users\ultra\warewolf\Dev\Dev2.Diagnostics.Tests\Dev2.Diagnostics.Tests.csproj]
C:\Program Files\dotnet\sdk\10.0.201\Microsoft.Common.CurrentVersion.targets(2451,5): warning MSB3277:         C:\Users\ultra\.nuget\packages\servicestack\6.3.0\lib\net6.0\ServiceStack.dll [C:\Users\ultra\warewolf\Dev\Dev2.Diagnostics.Tests\Dev2.Diagnostics.Tests.csproj]
C:\Program Files\dotnet\sdk\10.0.201\Microsoft.Common.CurrentVersion.targets(2451,5): warning MSB3277:           Project file item includes which caused reference "C:\Users\ultra\.nuget\packages\servicestack\6.3.0\lib\net6.0\ServiceStack.dll". [C:\Users\ultra\warewolf\Dev\Dev2.Diagnostics.Tests\Dev2.Diagnostics.Tests.csproj]
C:\Program Files\dotnet\sdk\10.0.201\Microsoft.Common.CurrentVersion.targets(2451,5): warning MSB3277:             C:\Users\ultra\.nuget\packages\servicestack\6.3.0\lib\net6.0\ServiceStack.dll [C:\Users\ultra\warewolf\Dev\Dev2.Diagnostics.Tests\Dev2.Diagnostics.Tests.csproj]
C:\Program Files\dotnet\sdk\10.0.201\Microsoft.Common.CurrentVersion.targets(2451,5): warning MSB3277:         C:\Users\ultra\.nuget\packages\system.windows.extensions\8.0.0\lib\net8.0\System.Windows.Extensions.dll [C:\Users\ultra\warewolf\Dev\Dev2.Diagnostics.Tests\Dev2.Diagnostics.Tests.csproj]
C:\Program Files\dotnet\sdk\10.0.201\Microsoft.Common.CurrentVersion.targets(2451,5): warning MSB3277:           Project file item includes which caused reference "C:\Users\ultra\.nuget\packages\system.windows.extensions\8.0.0\lib\net8.0\System.Windows.Extensions.dll". [C:\Users\ultra\warewolf\Dev\Dev2.Diagnostics.Tests\Dev2.Diagnostics.Tests.csproj]
C:\Program Files\dotnet\sdk\10.0.201\Microsoft.Common.CurrentVersion.targets(2451,5): warning MSB3277:             C:\Users\ultra\.nuget\packages\system.windows.extensions\8.0.0\lib\net8.0\System.Windows.Extensions.dll [C:\Users\ultra\warewolf\Dev\Dev2.Diagnostics.Tests\Dev2.Diagnostics.Tests.csproj]
C:\Program Files\dotnet\sdk\10.0.201\Microsoft.Common.CurrentVersion.targets(2451,5): warning MSB3277:             C:\Users\ultra\.nuget\packages\system.security.permissions\8.0.0\lib\net8.0\System.Security.Permissions.dll [C:\Users\ultra\warewolf\Dev\Dev2.Diagnostics.Tests\Dev2.Diagnostics.Tests.csproj]
C:\Program Files\dotnet\sdk\10.0.201\Microsoft.Common.CurrentVersion.targets(2451,5): warning MSB3277:             C:\Users\ultra\warewolf\Dev\Dev2.Data\bin\Debug\net8.0\Dev2.Data.dll [C:\Users\ultra\warewolf\Dev\Dev2.Diagnostics.Tests\Dev2.Diagnostics.Tests.csproj]
C:\Program Files\dotnet\sdk\10.0.201\Microsoft.Common.CurrentVersion.targets(2451,5): warning MSB3277:             C:\Users\ultra\warewolf\Dev\Dev2.Core\bin\Debug\net8.0\Dev2.Core.dll [C:\Users\ultra\warewolf\Dev\Dev2.Diagnostics.Tests\Dev2.Diagnostics.Tests.csproj]
C:\Program Files\dotnet\sdk\10.0.201\Microsoft.Common.CurrentVersion.targets(2451,5): warning MSB3277:             C:\Users\ultra\warewolf\Dev\Dev2.Runtime.Services\bin\Debug\net8.0\Dev2.Runtime.Services.dll [C:\Users\ultra\warewolf\Dev\Dev2.Diagnostics.Tests\Dev2.Diagnostics.Tests.csproj]
C:\Program Files\dotnet\sdk\10.0.201\Microsoft.Common.CurrentVersion.targets(2451,5): warning MSB3277:             C:\Users\ultra\warewolf\Dev\Dev2.Runtime\bin\Debug\net8.0\Dev2.Runtime.dll [C:\Users\ultra\warewolf\Dev\Dev2.Diagnostics.Tests\Dev2.Diagnostics.Tests.csproj]
C:\Program Files\dotnet\sdk\10.0.201\Microsoft.Common.CurrentVersion.targets(2451,5): warning MSB3277:             C:\Users\ultra\warewolf\Dev\Dev2.Server\bin\Debug\net8.0\linux-x64\Warewolf Server.dll [C:\Users\ultra\warewolf\Dev\Dev2.Diagnostics.Tests\Dev2.Diagnostics.Tests.csproj]
C:\Program Files\dotnet\sdk\10.0.201\Microsoft.Common.CurrentVersion.targets(2451,5): warning MSB3277:             C:\Users\ultra\warewolf\Dev\Warewolf.Testing\bin\Debug\net8.0\Warewolf.Testing.dll [C:\Users\ultra\warewolf\Dev\Dev2.Diagnostics.Tests\Dev2.Diagnostics.Tests.csproj]
C:\Program Files\dotnet\sdk\10.0.201\Microsoft.Common.CurrentVersion.targets(2451,5): warning MSB3277:             C:\Users\ultra\warewolf\Dev\Dev2.Activities\bin\Debug\net8.0\Dev2.Activities.dll [C:\Users\ultra\warewolf\Dev\Dev2.Diagnostics.Tests\Dev2.Diagnostics.Tests.csproj]
C:\Program Files\dotnet\sdk\10.0.201\Microsoft.Common.CurrentVersion.targets(2451,5): warning MSB3277:             C:\Users\ultra\warewolf\Dev\Dev2.Intellisense\bin\Debug\net8.0\Dev2.Intellisense.dll [C:\Users\ultra\warewolf\Dev\Dev2.Diagnostics.Tests\Dev2.Diagnostics.Tests.csproj]
C:\Program Files\dotnet\sdk\10.0.201\Microsoft.Common.CurrentVersion.targets(2451,5): warning MSB3277:             C:\Users\ultra\warewolf\Dev\Dev2.Runtime.WebServer\bin\Debug\net8.0\Dev2.Runtime.WebServer.dll [C:\Users\ultra\warewolf\Dev\Dev2.Diagnostics.Tests\Dev2.Diagnostics.Tests.csproj]
C:\Program Files\dotnet\sdk\10.0.201\Microsoft.Common.CurrentVersion.targets(2451,5): warning MSB3277:             C:\Users\ultra\warewolf\Dev\Dev2.Scheduler\bin\Debug\net8.0\Dev2.Scheduler.dll [C:\Users\ultra\warewolf\Dev\Dev2.Diagnostics.Tests\Dev2.Diagnostics.Tests.csproj]
C:\Program Files\dotnet\sdk\10.0.201\Microsoft.Common.CurrentVersion.targets(2451,5): warning MSB3277:             C:\Users\ultra\warewolf\Dev\Dev2.Services.Execution\bin\Debug\net8.0\Dev2.Services.Execution.dll [C:\Users\ultra\warewolf\Dev\Dev2.Diagnostics.Tests\Dev2.Diagnostics.Tests.csproj]
C:\Program Files\dotnet\sdk\10.0.201\Microsoft.Common.CurrentVersion.targets(2451,5): warning MSB3277:             C:\Users\ultra\warewolf\Dev\Dev2.Studio.Core\bin\Debug\net8.0\Dev2.Studio.Core.dll [C:\Users\ultra\warewolf\Dev\Dev2.Diagnostics.Tests\Dev2.Diagnostics.Tests.csproj]
C:\Program Files\dotnet\sdk\10.0.201\Microsoft.Common.CurrentVersion.targets(2451,5): warning MSB3277:             C:\Users\ultra\warewolf\Dev\Dev2.Studio.Interfaces\bin\Debug\net8.0\Dev2.Studio.Interfaces.dll [C:\Users\ultra\warewolf\Dev\Dev2.Diagnostics.Tests\Dev2.Diagnostics.Tests.csproj]
C:\Program Files\dotnet\sdk\10.0.201\Microsoft.Common.CurrentVersion.targets(2451,5): warning MSB3277:             C:\Users\ultra\warewolf\Dev\Warewolf.HangfireServer\bin\Debug\net8.0\linux-x64\HangfireServer.dll [C:\Users\ultra\warewolf\Dev\Dev2.Diagnostics.Tests\Dev2.Diagnostics.Tests.csproj]
C:\Program Files\dotnet\sdk\10.0.201\Microsoft.Common.CurrentVersion.targets(2451,5): warning MSB3277:             C:\Users\ultra\warewolf\Dev\Warewolf.QueueWorker\bin\Debug\net8.0\linux-x64\QueueWorker.dll [C:\Users\ultra\warewolf\Dev\Dev2.Diagnostics.Tests\Dev2.Diagnostics.Tests.csproj]
C:\Program Files\dotnet\sdk\10.0.201\Microsoft.Common.CurrentVersion.targets(2451,5): warning MSB3277:             C:\Users\ultra\warewolf\Dev\Warewolf.Auditing\bin\Debug\net8.0\Warewolf.Auditing.dll [C:\Users\ultra\warewolf\Dev\Dev2.Diagnostics.Tests\Dev2.Diagnostics.Tests.csproj]
C:\Program Files\dotnet\sdk\10.0.201\Microsoft.Common.CurrentVersion.targets(2451,5): warning MSB3277:             C:\Users\ultra\warewolf\Dev\Warewolf.Common.Framework48\bin\Debug\net8.0\Warewolf.Common.Framework48.dll [C:\Users\ultra\warewolf\Dev\Dev2.Diagnostics.Tests\Dev2.Diagnostics.Tests.csproj]
C:\Program Files\dotnet\sdk\10.0.201\Microsoft.Common.CurrentVersion.targets(2451,5): warning MSB3277:             C:\Users\ultra\warewolf\Dev\Warewolf.Common.NetStandard20\bin\Debug\net8.0\Warewolf.Common.NetStandard20.dll [C:\Users\ultra\warewolf\Dev\Dev2.Diagnostics.Tests\Dev2.Diagnostics.Tests.csproj]
C:\Program Files\dotnet\sdk\10.0.201\Microsoft.Common.CurrentVersion.targets(2451,5): warning MSB3277:             C:\Users\ultra\warewolf\Dev\Warewolf.Core\bin\Debug\net8.0\Warewolf.Core.dll [C:\Users\ultra\warewolf\Dev\Dev2.Diagnostics.Tests\Dev2.Diagnostics.Tests.csproj]
C:\Program Files\dotnet\sdk\10.0.201\Microsoft.Common.CurrentVersion.targets(2451,5): warning MSB3277:             C:\Users\ultra\warewolf\Dev\Warewolf.Driver.Persistence\bin\Debug\net8.0\Warewolf.Driver.Persistence.dll [C:\Users\ultra\warewolf\Dev\Dev2.Diagnostics.Tests\Dev2.Diagnostics.Tests.csproj]
C:\Program Files\dotnet\sdk\10.0.201\Microsoft.Common.CurrentVersion.targets(2451,5): warning MSB3277:             C:\Users\ultra\warewolf\Dev\Warewolf.Exchange.Email.Wrapper\bin\Debug\net8.0\Warewolf.Exchange.Email.Wrapper.dll [C:\Users\ultra\warewolf\Dev\Dev2.Diagnostics.Tests\Dev2.Diagnostics.Tests.csproj]
C:\Program Files\dotnet\sdk\10.0.201\Microsoft.Common.CurrentVersion.targets(2451,5): warning MSB3277:             C:\Users\ultra\warewolf\Dev\Warewolf.ResourceManagement\bin\Debug\net8.0\Warewolf.ResourceManagement.dll [C:\Users\ultra\warewolf\Dev\Dev2.Diagnostics.Tests\Dev2.Diagnostics.Tests.csproj]
C:\Program Files\dotnet\sdk\10.0.201\Microsoft.Common.CurrentVersion.targets(2451,5): warning MSB3277:             C:\Users\ultra\warewolf\Dev\Warewolf.Studio.Core\bin\Debug\net8.0\Warewolf.Studio.Core.dll [C:\Users\ultra\warewolf\Dev\Dev2.Diagnostics.Tests\Dev2.Diagnostics.Tests.csproj]
C:\Program Files\dotnet\sdk\10.0.201\Microsoft.Common.CurrentVersion.targets(2451,5): warning MSB3277:             C:\Users\ultra\warewolf\Dev\Warewolf.Trigger.Queue\bin\Debug\net8.0\Warewolf.Trigger.Queue.dll [C:\Users\ultra\warewolf\Dev\Dev2.Diagnostics.Tests\Dev2.Diagnostics.Tests.csproj]
C:\Program Files\dotnet\sdk\10.0.201\Microsoft.Common.CurrentVersion.targets(2451,5): warning MSB3277:             C:\Users\ultra\warewolf\Dev\Warewolf.UI\bin\Debug\net8.0\Warewolf.UI.dll [C:\Users\ultra\warewolf\Dev\Dev2.Diagnostics.Tests\Dev2.Diagnostics.Tests.csproj]
C:\Program Files\dotnet\sdk\10.0.201\Microsoft.Common.CurrentVersion.targets(2451,5): warning MSB3277:             C:\Users\ultra\warewolf\Dev\Warewolf.Logger\bin\Debug\net8.0\linux-x64\WarewolfLogger.dll [C:\Users\ultra\warewolf\Dev\Dev2.Diagnostics.Tests\Dev2.Diagnostics.Tests.csproj]
C:\Program Files\dotnet\sdk\10.0.201\Microsoft.Common.CurrentVersion.targets(2451,5): warning MSB3277:             C:\Users\ultra\.nuget\packages\dotnetzip\1.16.0\lib\netstandard2.0\DotNetZip.dll [C:\Users\ultra\warewolf\Dev\Dev2.Diagnostics.Tests\Dev2.Diagnostics.Tests.csproj]
C:\Program Files\dotnet\sdk\10.0.201\Microsoft.Common.CurrentVersion.targets(2451,5): warning MSB3277:             C:\Users\ultra\warewolf\Dev\Dev2.Common\bin\Debug\net8.0\Dev2.Common.dll [C:\Users\ultra\warewolf\Dev\Dev2.Diagnostics.Tests\Dev2.Diagnostics.Tests.csproj]
C:\Program Files\dotnet\sdk\10.0.201\Microsoft.Common.CurrentVersion.targets(2451,5): warning MSB3277:             C:\Users\ultra\warewolf\Dev\Dev2.Diagnostics\bin\Debug\net8.0\Dev2.Diagnostics.dll [C:\Users\ultra\warewolf\Dev\Dev2.Diagnostics.Tests\Dev2.Diagnostics.Tests.csproj]
C:\Program Files\dotnet\sdk\10.0.201\Microsoft.Common.CurrentVersion.targets(2451,5): warning MSB3277:             C:\Users\ultra\warewolf\Dev\Dev2.Infrastructure\bin\Debug\net8.0\Dev2.Infrastructure.dll [C:\Users\ultra\warewolf\Dev\Dev2.Diagnostics.Tests\Dev2.Diagnostics.Tests.csproj]
C:\Program Files\dotnet\sdk\10.0.201\Microsoft.Common.CurrentVersion.targets(2451,5): warning MSB3277:             C:\Users\ultra\warewolf\Dev\Dev2.Data.Interfaces\bin\Debug\net8.0\Dev2.Data.Interfaces.dll [C:\Users\ultra\warewolf\Dev\Dev2.Diagnostics.Tests\Dev2.Diagnostics.Tests.csproj]
C:\Program Files\dotnet\sdk\10.0.201\Microsoft.Common.CurrentVersion.targets(2451,5): warning MSB3277:             C:\Users\ultra\warewolf\Dev\Dev2.Development.Languages\bin\Debug\net8.0\Dev2.Development.Languages.dll [C:\Users\ultra\warewolf\Dev\Dev2.Diagnostics.Tests\Dev2.Diagnostics.Tests.csproj]
C:\Program Files\dotnet\sdk\10.0.201\Microsoft.Common.CurrentVersion.targets(2451,5): warning MSB3277:             C:\Users\ultra\warewolf\Dev\Dev2.Services.Sql\bin\Debug\net8.0\Dev2.Services.Sql.dll [C:\Users\ultra\warewolf\Dev\Dev2.Diagnostics.Tests\Dev2.Diagnostics.Tests.csproj]
C:\Program Files\dotnet\sdk\10.0.201\Microsoft.Common.CurrentVersion.targets(2451,5): warning MSB3277:             C:\Users\ultra\warewolf\Dev\Dev2.TaskScheduler.Wrappers\bin\Debug\net8.0\Dev2.TaskScheduler.Wrappers.dll [C:\Users\ultra\warewolf\Dev\Dev2.Diagnostics.Tests\Dev2.Diagnostics.Tests.csproj]
C:\Program Files\dotnet\sdk\10.0.201\Microsoft.Common.CurrentVersion.targets(2451,5): warning MSB3277:             C:\Users\ultra\warewolf\Dev\Dev2.Util\bin\Debug\net8.0\Dev2.Util.dll [C:\Users\ultra\warewolf\Dev\Dev2.Diagnostics.Tests\Dev2.Diagnostics.Tests.csproj]
C:\Program Files\dotnet\sdk\10.0.201\Microsoft.Common.CurrentVersion.targets(2451,5): warning MSB3277:             C:\Users\ultra\warewolf\Dev\Warewolf.AI.Harness\bin\Debug\net8.0\Warewolf.AI.Harness.dll [C:\Users\ultra\warewolf\Dev\Dev2.Diagnostics.Tests\Dev2.Diagnostics.Tests.csproj]
C:\Program Files\dotnet\sdk\10.0.201\Microsoft.Common.CurrentVersion.targets(2451,5): warning MSB3277:             C:\Users\ultra\warewolf\Dev\Warewolf.Driver.Serilog\bin\Debug\net8.0\Warewolf.Driver.Serilog.dll [C:\Users\ultra\warewolf\Dev\Dev2.Diagnostics.Tests\Dev2.Diagnostics.Tests.csproj]
C:\Program Files\dotnet\sdk\10.0.201\Microsoft.Common.CurrentVersion.targets(2451,5): warning MSB3277:             C:\Users\ultra\warewolf\Dev\Warewolf.PerfMon\bin\Debug\net8.0\linux-x64\Warewolf.PerfMon.dll [C:\Users\ultra\warewolf\Dev\Dev2.Diagnostics.Tests\Dev2.Diagnostics.Tests.csproj]
C:\Program Files\dotnet\sdk\10.0.201\Microsoft.Common.CurrentVersion.targets(2451,5): warning MSB3277:             C:\Users\ultra\warewolf\Dev\Warewolf.Sharepoint\bin\Debug\net8.0\Warewolf.Sharepoint.dll [C:\Users\ultra\warewolf\Dev\Dev2.Diagnostics.Tests\Dev2.Diagnostics.Tests.csproj]
C:\Program Files\dotnet\sdk\10.0.201\Microsoft.Common.CurrentVersion.targets(2451,5): warning MSB3277:             C:\Users\ultra\warewolf\Dev\Warewolf.Storage\bin\Debug\net8.0\Warewolf.Storage.dll [C:\Users\ultra\warewolf\Dev\Dev2.Diagnostics.Tests\Dev2.Diagnostics.Tests.csproj]
C:\Program Files\dotnet\sdk\10.0.201\Microsoft.Common.CurrentVersion.targets(2451,5): warning MSB3277:             C:\Users\ultra\.nuget\packages\mindbox.data.linq\5.0.0\lib\netstandard2.0\Mindbox.Data.Linq.dll [C:\Users\ultra\warewolf\Dev\Dev2.Diagnostics.Tests\Dev2.Diagnostics.Tests.csproj]
C:\Program Files\dotnet\sdk\10.0.201\Microsoft.Common.CurrentVersion.targets(2451,5): warning MSB3277:             C:\Users\ultra\.nuget\packages\mysql.data\8.4.0\lib\net8.0\MySql.Data.dll [C:\Users\ultra\warewolf\Dev\Dev2.Diagnostics.Tests\Dev2.Diagnostics.Tests.csproj]
C:\Program Files\dotnet\sdk\10.0.201\Microsoft.Common.CurrentVersion.targets(2451,5): warning MSB3277:             C:\Users\ultra\.nuget\packages\oracle.manageddataaccess.core\3.21.70\lib\netstandard2.1\Oracle.ManagedDataAccess.dll [C:\Users\ultra\warewolf\Dev\Dev2.Diagnostics.Tests\Dev2.Diagnostics.Tests.csproj]
C:\Program Files\dotnet\sdk\10.0.201\Microsoft.Common.CurrentVersion.targets(2451,5): warning MSB3277:             C:\Users\ultra\.nuget\packages\system.directoryservices\6.0.0\lib\net6.0\System.DirectoryServices.dll [C:\Users\ultra\warewolf\Dev\Dev2.Diagnostics.Tests\Dev2.Diagnostics.Tests.csproj]
C:\Program Files\dotnet\sdk\10.0.201\Microsoft.Common.CurrentVersion.targets(2451,5): warning MSB3277:             C:\Users\ultra\.nuget\packages\corewcf.primitives\1.2.1\lib\netstandard2.0\CoreWCF.Primitives.dll [C:\Users\ultra\warewolf\Dev\Dev2.Diagnostics.Tests\Dev2.Diagnostics.Tests.csproj]
C:\Program Files\dotnet\sdk\10.0.201\Microsoft.Common.CurrentVersion.targets(2451,5): warning MSB3277:             C:\Users\ultra\.nuget\packages\corewcf.http\1.2.1\lib\netstandard2.0\CoreWCF.Http.dll [C:\Users\ultra\warewolf\Dev\Dev2.Diagnostics.Tests\Dev2.Diagnostics.Tests.csproj]
C:\Program Files\dotnet\sdk\10.0.201\Microsoft.Common.CurrentVersion.targets(2451,5): warning MSB3277:             C:\Users\ultra\.nuget\packages\corewcf.nettcp\1.2.1\lib\netstandard2.0\CoreWCF.NetTcp.dll [C:\Users\ultra\warewolf\Dev\Dev2.Diagnostics.Tests\Dev2.Diagnostics.Tests.csproj]
C:\Program Files\dotnet\sdk\10.0.201\Microsoft.Common.CurrentVersion.targets(2451,5): warning MSB3277:             C:\Users\ultra\.nuget\packages\corewcf.webhttp\1.2.1\lib\netstandard2.0\CoreWCF.WebHttp.dll [C:\Users\ultra\warewolf\Dev\Dev2.Diagnostics.Tests\Dev2.Diagnostics.Tests.csproj]
C:\Program Files\dotnet\sdk\10.0.201\Microsoft.Common.CurrentVersion.targets(2451,5): warning MSB3277:             C:\Program Files\dotnet\packs\Microsoft.NETCore.App.Ref\8.0.25\ref/net8.0/System.Configuration.dll [C:\Users\ultra\warewolf\Dev\Dev2.Diagnostics.Tests\Dev2.Diagnostics.Tests.csproj]
C:\Program Files\dotnet\sdk\10.0.201\Microsoft.Common.CurrentVersion.targets(2451,5): warning MSB3277:             C:\Users\ultra\.nuget\packages\prism.wpf\9.0.537\lib\net462\Prism.Wpf.dll [C:\Users\ultra\warewolf\Dev\Dev2.Diagnostics.Tests\Dev2.Diagnostics.Tests.csproj]
C:\Program Files\dotnet\sdk\10.0.201\Microsoft.Common.CurrentVersion.targets(2451,5): warning MSB3277:             C:\Program Files\dotnet\packs\Microsoft.NETCore.App.Ref\8.0.25\ref/net8.0/System.Data.dll [C:\Users\ultra\warewolf\Dev\Dev2.Diagnostics.Tests\Dev2.Diagnostics.Tests.csproj]
C:\Program Files\dotnet\sdk\10.0.201\Microsoft.Common.CurrentVersion.targets(2451,5): warning MSB3277:             C:\Users\ultra\.nuget\packages\taskschedulereditor\2.10.1\lib\net452\Microsoft.Win32.TaskSchedulerEditor.dll [C:\Users\ultra\warewolf\Dev\Dev2.Diagnostics.Tests\Dev2.Diagnostics.Tests.csproj]
C:\Program Files\dotnet\sdk\10.0.201\Microsoft.Common.CurrentVersion.targets(2451,5): warning MSB3277:             C:\Program Files\dotnet\packs\Microsoft.NETCore.App.Ref\8.0.25\ref/net8.0/System.Drawing.dll [C:\Users\ultra\warewolf\Dev\Dev2.Diagnostics.Tests\Dev2.Diagnostics.Tests.csproj]
C:\Program Files\dotnet\sdk\10.0.201\Microsoft.Common.CurrentVersion.targets(2451,5): warning MSB3277:             C:\Users\ultra\.nuget\packages\aerowizard\2.3.1\lib\net45\AeroWizard.dll [C:\Users\ultra\warewolf\Dev\Dev2.Diagnostics.Tests\Dev2.Diagnostics.Tests.csproj]
C:\Program Files\dotnet\sdk\10.0.201\Microsoft.Common.CurrentVersion.targets(2451,5): warning MSB3277:             C:\Users\ultra\.nuget\packages\groupcontrols\1.9.0\lib\net45\GroupControls.dll [C:\Users\ultra\warewolf\Dev\Dev2.Diagnostics.Tests\Dev2.Diagnostics.Tests.csproj]
C:\Program Files\dotnet\sdk\10.0.201\Microsoft.Common.CurrentVersion.targets(2451,5): warning MSB3277:             C:\Program Files\dotnet\packs\Microsoft.NETCore.App.Ref\8.0.25\ref/net8.0/System.Net.dll [C:\Users\ultra\warewolf\Dev\Dev2.Diagnostics.Tests\Dev2.Diagnostics.Tests.csproj]
C:\Program Files\dotnet\sdk\10.0.201\Microsoft.Common.CurrentVersion.targets(2451,5): warning MSB3277:             C:\Program Files\dotnet\packs\Microsoft.NETCore.App.Ref\8.0.25\ref/net8.0/System.Security.dll [C:\Users\ultra\warewolf\Dev\Dev2.Diagnostics.Tests\Dev2.Diagnostics.Tests.csproj]
C:\Program Files\dotnet\sdk\10.0.201\Microsoft.Common.CurrentVersion.targets(2451,5): warning MSB3277:             C:\Program Files\dotnet\packs\Microsoft.NETCore.App.Ref\8.0.25\ref/net8.0/System.ServiceProcess.dll [C:\Users\ultra\warewolf\Dev\Dev2.Diagnostics.Tests\Dev2.Diagnostics.Tests.csproj]
C:\Program Files\dotnet\sdk\10.0.201\Microsoft.Common.CurrentVersion.targets(2451,5): warning MSB3277:             C:\Program Files\dotnet\packs\Microsoft.NETCore.App.Ref\8.0.25\ref/net8.0/System.Transactions.dll [C:\Users\ultra\warewolf\Dev\Dev2.Diagnostics.Tests\Dev2.Diagnostics.Tests.csproj]
C:\Program Files\dotnet\sdk\10.0.201\Microsoft.Common.CurrentVersion.targets(2451,5): warning MSB3277:             C:\Program Files\dotnet\packs\Microsoft.NETCore.App.Ref\8.0.25\ref/net8.0/System.dll [C:\Users\ultra\warewolf\Dev\Dev2.Diagnostics.Tests\Dev2.Diagnostics.Tests.csproj]
C:\Program Files\dotnet\sdk\10.0.201\Microsoft.Common.CurrentVersion.targets(2451,5): warning MSB3277:             C:\Users\ultra\.nuget\packages\microsoft.xaml.behaviors.wpf\1.1.122\lib\net462\Microsoft.Xaml.Behaviors.dll [C:\Users\ultra\warewolf\Dev\Dev2.Diagnostics.Tests\Dev2.Diagnostics.Tests.csproj]
C:\Program Files\dotnet\sdk\10.0.201\Microsoft.Common.CurrentVersion.targets(2451,5): warning MSB3277:             C:\Users\ultra\.nuget\packages\caliburn.micro\4.0.212\lib\netcoreapp3.1\Caliburn.Micro.Platform.dll [C:\Users\ultra\warewolf\Dev\Dev2.Diagnostics.Tests\Dev2.Diagnostics.Tests.csproj]
C:\Program Files\dotnet\sdk\10.0.201\Microsoft.Common.CurrentVersion.targets(2451,5): warning MSB3277:             C:\Users\ultra\.nuget\packages\reactiveui.wpf\18.4.1\lib\net462\ReactiveUI.Wpf.dll [C:\Users\ultra\warewolf\Dev\Dev2.Diagnostics.Tests\Dev2.Diagnostics.Tests.csproj]
C:\Program Files\dotnet\sdk\10.0.201\Microsoft.Common.CurrentVersion.targets(2451,5): warning MSB3277:             C:\Users\ultra\.nuget\packages\ttcue.netcore.sharepointonline.csom.16.1.8029.1200\16.1.8029.1200\lib\netcoreapp2.0\Microsoft.SharePoint.Client.Runtime.Windows.dll [C:\Users\ultra\warewolf\Dev\Dev2.Diagnostics.Tests\Dev2.Diagnostics.Tests.csproj]
C:\Program Files\dotnet\sdk\10.0.201\Microsoft.Common.CurrentVersion.targets(2451,5): warning MSB3277:             C:\Program Files\dotnet\packs\Microsoft.NETCore.App.Ref\8.0.25\ref/net8.0/WindowsBase.dll [C:\Users\ultra\warewolf\Dev\Dev2.Diagnostics.Tests\Dev2.Diagnostics.Tests.csproj]
C:\Program Files\dotnet\sdk\10.0.201\Microsoft.Common.CurrentVersion.targets(2451,5): warning MSB3277:             C:\Program Files\dotnet\packs\Microsoft.NETCore.App.Ref\8.0.25\ref/net8.0/mscorlib.dll [C:\Users\ultra\warewolf\Dev\Dev2.Diagnostics.Tests\Dev2.Diagnostics.Tests.csproj]
C:\Program Files\dotnet\sdk\10.0.201\Microsoft.Common.CurrentVersion.targets(2451,5): warning MSB3277:             C:\Users\ultra\.nuget\packages\hangfire.core\1.7.32\lib\netstandard2.0\Hangfire.Core.dll [C:\Users\ultra\warewolf\Dev\Dev2.Diagnostics.Tests\Dev2.Diagnostics.Tests.csproj]
C:\Program Files\dotnet\sdk\10.0.201\Microsoft.Common.CurrentVersion.targets(2451,5): warning MSB3277:             C:\Users\ultra\.nuget\packages\hangfire.aspnetcore\1.7.32\lib\netcoreapp3.0\Hangfire.AspNetCore.dll [C:\Users\ultra\warewolf\Dev\Dev2.Diagnostics.Tests\Dev2.Diagnostics.Tests.csproj]
C:\Program Files\dotnet\sdk\10.0.201\Microsoft.Common.CurrentVersion.targets(2451,5): warning MSB3277:             C:\Users\ultra\.nuget\packages\hangfire.sqlserver\1.7.32\lib\netstandard2.0\Hangfire.SqlServer.dll [C:\Users\ultra\warewolf\Dev\Dev2.Diagnostics.Tests\Dev2.Diagnostics.Tests.csproj]
C:\Program Files\dotnet\sdk\10.0.201\Microsoft.Common.CurrentVersion.targets(2451,5): warning MSB3277:             C:\Users\ultra\.nuget\packages\microsoft.codecoverage\17.13.0\lib\netcoreapp3.1\Microsoft.VisualStudio.CodeCoverage.Shim.dll [C:\Users\ultra\warewolf\Dev\Dev2.Diagnostics.Tests\Dev2.Diagnostics.Tests.csproj]
C:\Program Files\dotnet\sdk\10.0.201\Microsoft.Common.CurrentVersion.targets(2451,5): warning MSB3277:         C:\Program Files\dotnet\packs\Microsoft.NETCore.App.Ref\8.0.25\ref\net8.0\System.Drawing.dll [C:\Users\ultra\warewolf\Dev\Dev2.Diagnostics.Tests\Dev2.Diagnostics.Tests.csproj]
C:\Program Files\dotnet\sdk\10.0.201\Microsoft.Common.CurrentVersion.targets(2451,5): warning MSB3277:           Project file item includes which caused reference "C:\Program Files\dotnet\packs\Microsoft.NETCore.App.Ref\8.0.25\ref\net8.0\System.Drawing.dll". [C:\Users\ultra\warewolf\Dev\Dev2.Diagnostics.Tests\Dev2.Diagnostics.Tests.csproj]
C:\Program Files\dotnet\sdk\10.0.201\Microsoft.Common.CurrentVersion.targets(2451,5): warning MSB3277:             C:\Program Files\dotnet\packs\Microsoft.NETCore.App.Ref\8.0.25\ref/net8.0/System.Drawing.dll [C:\Users\ultra\warewolf\Dev\Dev2.Diagnostics.Tests\Dev2.Diagnostics.Tests.csproj]
C:\Program Files\dotnet\sdk\10.0.201\Microsoft.Common.CurrentVersion.targets(2451,5): warning MSB3277:             C:\Users\ultra\.nuget\packages\aerowizard\2.3.1\lib\net45\AeroWizard.dll [C:\Users\ultra\warewolf\Dev\Dev2.Diagnostics.Tests\Dev2.Diagnostics.Tests.csproj]
C:\Program Files\dotnet\sdk\10.0.201\Microsoft.Common.CurrentVersion.targets(2451,5): warning MSB3277:             C:\Users\ultra\.nuget\packages\groupcontrols\1.9.0\lib\net45\GroupControls.dll [C:\Users\ultra\warewolf\Dev\Dev2.Diagnostics.Tests\Dev2.Diagnostics.Tests.csproj]
C:\Program Files\dotnet\sdk\10.0.201\Microsoft.Common.CurrentVersion.targets(2451,5): warning MSB3277:             C:\Users\ultra\.nuget\packages\taskschedulereditor\2.10.1\lib\net452\Microsoft.Win32.TaskSchedulerEditor.dll [C:\Users\ultra\warewolf\Dev\Dev2.Diagnostics.Tests\Dev2.Diagnostics.Tests.csproj]
C:\Program Files\dotnet\sdk\10.0.201\Microsoft.Common.CurrentVersion.targets(2451,5): warning MSB3277: Found conflicts between different versions of "WindowsBase" that could not be resolved. [C:\Users\ultra\warewolf\Dev\Dev2.Diagnostics.Tests\Dev2.Diagnostics.Tests.csproj]
C:\Program Files\dotnet\sdk\10.0.201\Microsoft.Common.CurrentVersion.targets(2451,5): warning MSB3277: There was a conflict between "WindowsBase, Version=4.0.0.0, Culture=neutral, PublicKeyToken=31bf3856ad364e35" and "WindowsBase, Version=6.0.2.0, Culture=neutral, PublicKeyToken=31bf3856ad364e35". [C:\Users\ultra\warewolf\Dev\Dev2.Diagnostics.Tests\Dev2.Diagnostics.Tests.csproj]
C:\Program Files\dotnet\sdk\10.0.201\Microsoft.Common.CurrentVersion.targets(2451,5): warning MSB3277:     "WindowsBase, Version=4.0.0.0, Culture=neutral, PublicKeyToken=31bf3856ad364e35" was chosen because it was primary and "WindowsBase, Version=6.0.2.0, Culture=neutral, PublicKeyToken=31bf3856ad364e35" was not. [C:\Users\ultra\warewolf\Dev\Dev2.Diagnostics.Tests\Dev2.Diagnostics.Tests.csproj]
C:\Program Files\dotnet\sdk\10.0.201\Microsoft.Common.CurrentVersion.targets(2451,5): warning MSB3277:     References which depend on "WindowsBase, Version=4.0.0.0, Culture=neutral, PublicKeyToken=31bf3856ad364e35" [C:\Program Files\dotnet\packs\Microsoft.NETCore.App.Ref\8.0.25\ref\net8.0\WindowsBase.dll]. [C:\Users\ultra\warewolf\Dev\Dev2.Diagnostics.Tests\Dev2.Diagnostics.Tests.csproj]
C:\Program Files\dotnet\sdk\10.0.201\Microsoft.Common.CurrentVersion.targets(2451,5): warning MSB3277:         C:\Program Files\dotnet\packs\Microsoft.NETCore.App.Ref\8.0.25\ref\net8.0\WindowsBase.dll [C:\Users\ultra\warewolf\Dev\Dev2.Diagnostics.Tests\Dev2.Diagnostics.Tests.csproj]
C:\Program Files\dotnet\sdk\10.0.201\Microsoft.Common.CurrentVersion.targets(2451,5): warning MSB3277:           Project file item includes which caused reference "C:\Program Files\dotnet\packs\Microsoft.NETCore.App.Ref\8.0.25\ref\net8.0\WindowsBase.dll". [C:\Users\ultra\warewolf\Dev\Dev2.Diagnostics.Tests\Dev2.Diagnostics.Tests.csproj]
C:\Program Files\dotnet\sdk\10.0.201\Microsoft.Common.CurrentVersion.targets(2451,5): warning MSB3277:             C:\Program Files\dotnet\packs\Microsoft.NETCore.App.Ref\8.0.25\ref/net8.0/WindowsBase.dll [C:\Users\ultra\warewolf\Dev\Dev2.Diagnostics.Tests\Dev2.Diagnostics.Tests.csproj]
C:\Program Files\dotnet\sdk\10.0.201\Microsoft.Common.CurrentVersion.targets(2451,5): warning MSB3277:     References which depend on or have been unified to "WindowsBase, Version=6.0.2.0, Culture=neutral, PublicKeyToken=31bf3856ad364e35" []. [C:\Users\ultra\warewolf\Dev\Dev2.Diagnostics.Tests\Dev2.Diagnostics.Tests.csproj]
C:\Program Files\dotnet\sdk\10.0.201\Microsoft.Common.CurrentVersion.targets(2451,5): warning MSB3277:         C:\Users\ultra\.nuget\packages\caliburn.micro\4.0.212\lib\netcoreapp3.1\Caliburn.Micro.Platform.dll [C:\Users\ultra\warewolf\Dev\Dev2.Diagnostics.Tests\Dev2.Diagnostics.Tests.csproj]
C:\Program Files\dotnet\sdk\10.0.201\Microsoft.Common.CurrentVersion.targets(2451,5): warning MSB3277:           Project file item includes which caused reference "C:\Users\ultra\.nuget\packages\caliburn.micro\4.0.212\lib\netcoreapp3.1\Caliburn.Micro.Platform.dll". [C:\Users\ultra\warewolf\Dev\Dev2.Diagnostics.Tests\Dev2.Diagnostics.Tests.csproj]
C:\Program Files\dotnet\sdk\10.0.201\Microsoft.Common.CurrentVersion.targets(2451,5): warning MSB3277:             C:\Users\ultra\.nuget\packages\caliburn.micro\4.0.212\lib\netcoreapp3.1\Caliburn.Micro.Platform.dll [C:\Users\ultra\warewolf\Dev\Dev2.Diagnostics.Tests\Dev2.Diagnostics.Tests.csproj]
C:\Program Files\dotnet\sdk\10.0.201\Microsoft.Common.CurrentVersion.targets(2451,5): warning MSB3277:         C:\Users\ultra\.nuget\packages\ironpython\3.4.0\lib\net6.0\IronPython.Wpf.dll [C:\Users\ultra\warewolf\Dev\Dev2.Diagnostics.Tests\Dev2.Diagnostics.Tests.csproj]
C:\Program Files\dotnet\sdk\10.0.201\Microsoft.Common.CurrentVersion.targets(2451,5): warning MSB3277:           Project file item includes which caused reference "C:\Users\ultra\.nuget\packages\ironpython\3.4.0\lib\net6.0\IronPython.Wpf.dll". [C:\Users\ultra\warewolf\Dev\Dev2.Diagnostics.Tests\Dev2.Diagnostics.Tests.csproj]
C:\Program Files\dotnet\sdk\10.0.201\Microsoft.Common.CurrentVersion.targets(2451,5): warning MSB3277:             C:\Users\ultra\.nuget\packages\ironpython\3.4.0\lib\net6.0\IronPython.Wpf.dll [C:\Users\ultra\warewolf\Dev\Dev2.Diagnostics.Tests\Dev2.Diagnostics.Tests.csproj]
C:\Program Files\dotnet\sdk\10.0.201\Microsoft.Common.CurrentVersion.targets(2451,5): warning MSB3277:         C:\Users\ultra\.nuget\packages\microsoft.xaml.behaviors.wpf\1.1.122\lib\net462\Microsoft.Xaml.Behaviors.dll [C:\Users\ultra\warewolf\Dev\Dev2.Diagnostics.Tests\Dev2.Diagnostics.Tests.csproj]
C:\Program Files\dotnet\sdk\10.0.201\Microsoft.Common.CurrentVersion.targets(2451,5): warning MSB3277:           Project file item includes which caused reference "C:\Users\ultra\.nuget\packages\microsoft.xaml.behaviors.wpf\1.1.122\lib\net462\Microsoft.Xaml.Behaviors.dll". [C:\Users\ultra\warewolf\Dev\Dev2.Diagnostics.Tests\Dev2.Diagnostics.Tests.csproj]
C:\Program Files\dotnet\sdk\10.0.201\Microsoft.Common.CurrentVersion.targets(2451,5): warning MSB3277:             C:\Users\ultra\.nuget\packages\microsoft.xaml.behaviors.wpf\1.1.122\lib\net462\Microsoft.Xaml.Behaviors.dll [C:\Users\ultra\warewolf\Dev\Dev2.Diagnostics.Tests\Dev2.Diagnostics.Tests.csproj]
C:\Program Files\dotnet\sdk\10.0.201\Microsoft.Common.CurrentVersion.targets(2451,5): warning MSB3277:             C:\Users\ultra\.nuget\packages\caliburn.micro\4.0.212\lib\netcoreapp3.1\Caliburn.Micro.Platform.dll [C:\Users\ultra\warewolf\Dev\Dev2.Diagnostics.Tests\Dev2.Diagnostics.Tests.csproj]
C:\Program Files\dotnet\sdk\10.0.201\Microsoft.Common.CurrentVersion.targets(2451,5): warning MSB3277:             C:\Users\ultra\.nuget\packages\prism.wpf\9.0.537\lib\net462\Prism.Wpf.dll [C:\Users\ultra\warewolf\Dev\Dev2.Diagnostics.Tests\Dev2.Diagnostics.Tests.csproj]
C:\Program Files\dotnet\sdk\10.0.201\Microsoft.Common.CurrentVersion.targets(2451,5): warning MSB3277:         C:\Users\ultra\.nuget\packages\prism.wpf\9.0.537\lib\net462\Prism.Wpf.dll [C:\Users\ultra\warewolf\Dev\Dev2.Diagnostics.Tests\Dev2.Diagnostics.Tests.csproj]
C:\Program Files\dotnet\sdk\10.0.201\Microsoft.Common.CurrentVersion.targets(2451,5): warning MSB3277:           Project file item includes which caused reference "C:\Users\ultra\.nuget\packages\prism.wpf\9.0.537\lib\net462\Prism.Wpf.dll". [C:\Users\ultra\warewolf\Dev\Dev2.Diagnostics.Tests\Dev2.Diagnostics.Tests.csproj]
C:\Program Files\dotnet\sdk\10.0.201\Microsoft.Common.CurrentVersion.targets(2451,5): warning MSB3277:             C:\Users\ultra\.nuget\packages\prism.wpf\9.0.537\lib\net462\Prism.Wpf.dll [C:\Users\ultra\warewolf\Dev\Dev2.Diagnostics.Tests\Dev2.Diagnostics.Tests.csproj]
C:\Program Files\dotnet\sdk\10.0.201\Microsoft.Common.CurrentVersion.targets(2451,5): warning MSB3277:         C:\Users\ultra\.nuget\packages\reactiveui.wpf\18.4.1\lib\net462\ReactiveUI.Wpf.dll [C:\Users\ultra\warewolf\Dev\Dev2.Diagnostics.Tests\Dev2.Diagnostics.Tests.csproj]
C:\Program Files\dotnet\sdk\10.0.201\Microsoft.Common.CurrentVersion.targets(2451,5): warning MSB3277:           Project file item includes which caused reference "C:\Users\ultra\.nuget\packages\reactiveui.wpf\18.4.1\lib\net462\ReactiveUI.Wpf.dll". [C:\Users\ultra\warewolf\Dev\Dev2.Diagnostics.Tests\Dev2.Diagnostics.Tests.csproj]
C:\Program Files\dotnet\sdk\10.0.201\Microsoft.Common.CurrentVersion.targets(2451,5): warning MSB3277:             C:\Users\ultra\.nuget\packages\reactiveui.wpf\18.4.1\lib\net462\ReactiveUI.Wpf.dll [C:\Users\ultra\warewolf\Dev\Dev2.Diagnostics.Tests\Dev2.Diagnostics.Tests.csproj]
C:\Program Files\dotnet\sdk\10.0.201\Microsoft.Common.CurrentVersion.targets(2451,5): warning MSB3277: Found conflicts between different versions of "System.Drawing.Common" that could not be resolved. [C:\Users\ultra\warewolf\Dev\Dev2.Diagnostics.Tests\Dev2.Diagnostics.Tests.csproj]
C:\Program Files\dotnet\sdk\10.0.201\Microsoft.Common.CurrentVersion.targets(2451,5): warning MSB3277: There was a conflict between "System.Drawing.Common, Version=6.0.0.0, Culture=neutral, PublicKeyToken=cc7b13ffcd2ddd51" and "System.Drawing.Common, Version=8.0.0.0, Culture=neutral, PublicKeyToken=cc7b13ffcd2ddd51". [C:\Users\ultra\warewolf\Dev\Dev2.Diagnostics.Tests\Dev2.Diagnostics.Tests.csproj]
C:\Program Files\dotnet\sdk\10.0.201\Microsoft.Common.CurrentVersion.targets(2451,5): warning MSB3277:     "System.Drawing.Common, Version=6.0.0.0, Culture=neutral, PublicKeyToken=cc7b13ffcd2ddd51" was chosen because it was primary and "System.Drawing.Common, Version=8.0.0.0, Culture=neutral, PublicKeyToken=cc7b13ffcd2ddd51" was not. [C:\Users\ultra\warewolf\Dev\Dev2.Diagnostics.Tests\Dev2.Diagnostics.Tests.csproj]
C:\Program Files\dotnet\sdk\10.0.201\Microsoft.Common.CurrentVersion.targets(2451,5): warning MSB3277:     References which depend on "System.Drawing.Common, Version=6.0.0.0, Culture=neutral, PublicKeyToken=cc7b13ffcd2ddd51" [C:\Users\ultra\.nuget\packages\system.drawing.common\6.0.0\lib\net6.0\System.Drawing.Common.dll]. [C:\Users\ultra\warewolf\Dev\Dev2.Diagnostics.Tests\Dev2.Diagnostics.Tests.csproj]
C:\Program Files\dotnet\sdk\10.0.201\Microsoft.Common.CurrentVersion.targets(2451,5): warning MSB3277:         C:\Users\ultra\.nuget\packages\system.drawing.common\6.0.0\lib\net6.0\System.Drawing.Common.dll [C:\Users\ultra\warewolf\Dev\Dev2.Diagnostics.Tests\Dev2.Diagnostics.Tests.csproj]
C:\Program Files\dotnet\sdk\10.0.201\Microsoft.Common.CurrentVersion.targets(2451,5): warning MSB3277:           Project file item includes which caused reference "C:\Users\ultra\.nuget\packages\system.drawing.common\6.0.0\lib\net6.0\System.Drawing.Common.dll". [C:\Users\ultra\warewolf\Dev\Dev2.Diagnostics.Tests\Dev2.Diagnostics.Tests.csproj]
C:\Program Files\dotnet\sdk\10.0.201\Microsoft.Common.CurrentVersion.targets(2451,5): warning MSB3277:             C:\Users\ultra\.nuget\packages\system.drawing.common\6.0.0\lib\net6.0\System.Drawing.Common.dll [C:\Users\ultra\warewolf\Dev\Dev2.Diagnostics.Tests\Dev2.Diagnostics.Tests.csproj]
C:\Program Files\dotnet\sdk\10.0.201\Microsoft.Common.CurrentVersion.targets(2451,5): warning MSB3277:     References which depend on or have been unified to "System.Drawing.Common, Version=8.0.0.0, Culture=neutral, PublicKeyToken=cc7b13ffcd2ddd51" []. [C:\Users\ultra\warewolf\Dev\Dev2.Diagnostics.Tests\Dev2.Diagnostics.Tests.csproj]
C:\Program Files\dotnet\sdk\10.0.201\Microsoft.Common.CurrentVersion.targets(2451,5): warning MSB3277:         C:\Users\ultra\.nuget\packages\servicestack\6.3.0\lib\net6.0\ServiceStack.dll [C:\Users\ultra\warewolf\Dev\Dev2.Diagnostics.Tests\Dev2.Diagnostics.Tests.csproj]
C:\Program Files\dotnet\sdk\10.0.201\Microsoft.Common.CurrentVersion.targets(2451,5): warning MSB3277:           Project file item includes which caused reference "C:\Users\ultra\.nuget\packages\servicestack\6.3.0\lib\net6.0\ServiceStack.dll". [C:\Users\ultra\warewolf\Dev\Dev2.Diagnostics.Tests\Dev2.Diagnostics.Tests.csproj]
C:\Program Files\dotnet\sdk\10.0.201\Microsoft.Common.CurrentVersion.targets(2451,5): warning MSB3277:             C:\Users\ultra\.nuget\packages\servicestack\6.3.0\lib\net6.0\ServiceStack.dll [C:\Users\ultra\warewolf\Dev\Dev2.Diagnostics.Tests\Dev2.Diagnostics.Tests.csproj]
C:\Program Files\dotnet\sdk\10.0.201\Microsoft.Common.CurrentVersion.targets(2451,5): warning MSB3277:         C:\Users\ultra\.nuget\packages\system.windows.extensions\8.0.0\lib\net8.0\System.Windows.Extensions.dll [C:\Users\ultra\warewolf\Dev\Dev2.Diagnostics.Tests\Dev2.Diagnostics.Tests.csproj]
C:\Program Files\dotnet\sdk\10.0.201\Microsoft.Common.CurrentVersion.targets(2451,5): warning MSB3277:           Project file item includes which caused reference "C:\Users\ultra\.nuget\packages\system.windows.extensions\8.0.0\lib\net8.0\System.Windows.Extensions.dll". [C:\Users\ultra\warewolf\Dev\Dev2.Diagnostics.Tests\Dev2.Diagnostics.Tests.csproj]
C:\Program Files\dotnet\sdk\10.0.201\Microsoft.Common.CurrentVersion.targets(2451,5): warning MSB3277:             C:\Users\ultra\.nuget\packages\system.windows.extensions\8.0.0\lib\net8.0\System.Windows.Extensions.dll [C:\Users\ultra\warewolf\Dev\Dev2.Diagnostics.Tests\Dev2.Diagnostics.Tests.csproj]
C:\Program Files\dotnet\sdk\10.0.201\Microsoft.Common.CurrentVersion.targets(2451,5): warning MSB3277:             C:\Users\ultra\.nuget\packages\system.security.permissions\8.0.0\lib\net8.0\System.Security.Permissions.dll [C:\Users\ultra\warewolf\Dev\Dev2.Diagnostics.Tests\Dev2.Diagnostics.Tests.csproj]
C:\Program Files\dotnet\sdk\10.0.201\Microsoft.Common.CurrentVersion.targets(2451,5): warning MSB3277:             C:\Users\ultra\warewolf\Dev\Dev2.Data\bin\Debug\net8.0\Dev2.Data.dll [C:\Users\ultra\warewolf\Dev\Dev2.Diagnostics.Tests\Dev2.Diagnostics.Tests.csproj]
C:\Program Files\dotnet\sdk\10.0.201\Microsoft.Common.CurrentVersion.targets(2451,5): warning MSB3277:             C:\Users\ultra\warewolf\Dev\Dev2.Core\bin\Debug\net8.0\Dev2.Core.dll [C:\Users\ultra\warewolf\Dev\Dev2.Diagnostics.Tests\Dev2.Diagnostics.Tests.csproj]
C:\Program Files\dotnet\sdk\10.0.201\Microsoft.Common.CurrentVersion.targets(2451,5): warning MSB3277:             C:\Users\ultra\warewolf\Dev\Dev2.Runtime.Services\bin\Debug\net8.0\Dev2.Runtime.Services.dll [C:\Users\ultra\warewolf\Dev\Dev2.Diagnostics.Tests\Dev2.Diagnostics.Tests.csproj]
C:\Program Files\dotnet\sdk\10.0.201\Microsoft.Common.CurrentVersion.targets(2451,5): warning MSB3277:             C:\Users\ultra\warewolf\Dev\Dev2.Runtime\bin\Debug\net8.0\Dev2.Runtime.dll [C:\Users\ultra\warewolf\Dev\Dev2.Diagnostics.Tests\Dev2.Diagnostics.Tests.csproj]
C:\Program Files\dotnet\sdk\10.0.201\Microsoft.Common.CurrentVersion.targets(2451,5): warning MSB3277:             C:\Users\ultra\warewolf\Dev\Dev2.Server\bin\Debug\net8.0\Warewolf Server.dll [C:\Users\ultra\warewolf\Dev\Dev2.Diagnostics.Tests\Dev2.Diagnostics.Tests.csproj]
C:\Program Files\dotnet\sdk\10.0.201\Microsoft.Common.CurrentVersion.targets(2451,5): warning MSB3277:             C:\Users\ultra\warewolf\Dev\Warewolf.Testing\bin\Debug\net8.0\Warewolf.Testing.dll [C:\Users\ultra\warewolf\Dev\Dev2.Diagnostics.Tests\Dev2.Diagnostics.Tests.csproj]
C:\Program Files\dotnet\sdk\10.0.201\Microsoft.Common.CurrentVersion.targets(2451,5): warning MSB3277:             C:\Users\ultra\warewolf\Dev\Dev2.Activities\bin\Debug\net8.0\Dev2.Activities.dll [C:\Users\ultra\warewolf\Dev\Dev2.Diagnostics.Tests\Dev2.Diagnostics.Tests.csproj]
C:\Program Files\dotnet\sdk\10.0.201\Microsoft.Common.CurrentVersion.targets(2451,5): warning MSB3277:             C:\Users\ultra\warewolf\Dev\Dev2.Intellisense\bin\Debug\net8.0\Dev2.Intellisense.dll [C:\Users\ultra\warewolf\Dev\Dev2.Diagnostics.Tests\Dev2.Diagnostics.Tests.csproj]
C:\Program Files\dotnet\sdk\10.0.201\Microsoft.Common.CurrentVersion.targets(2451,5): warning MSB3277:             C:\Users\ultra\warewolf\Dev\Dev2.Runtime.WebServer\bin\Debug\net8.0\Dev2.Runtime.WebServer.dll [C:\Users\ultra\warewolf\Dev\Dev2.Diagnostics.Tests\Dev2.Diagnostics.Tests.csproj]
C:\Program Files\dotnet\sdk\10.0.201\Microsoft.Common.CurrentVersion.targets(2451,5): warning MSB3277:             C:\Users\ultra\warewolf\Dev\Dev2.Scheduler\bin\Debug\net8.0\Dev2.Scheduler.dll [C:\Users\ultra\warewolf\Dev\Dev2.Diagnostics.Tests\Dev2.Diagnostics.Tests.csproj]
C:\Program Files\dotnet\sdk\10.0.201\Microsoft.Common.CurrentVersion.targets(2451,5): warning MSB3277:             C:\Users\ultra\warewolf\Dev\Dev2.Services.Execution\bin\Debug\net8.0\Dev2.Services.Execution.dll [C:\Users\ultra\warewolf\Dev\Dev2.Diagnostics.Tests\Dev2.Diagnostics.Tests.csproj]
C:\Program Files\dotnet\sdk\10.0.201\Microsoft.Common.CurrentVersion.targets(2451,5): warning MSB3277:             C:\Users\ultra\warewolf\Dev\Dev2.Studio.Core\bin\Debug\net8.0\Dev2.Studio.Core.dll [C:\Users\ultra\warewolf\Dev\Dev2.Diagnostics.Tests\Dev2.Diagnostics.Tests.csproj]
C:\Program Files\dotnet\sdk\10.0.201\Microsoft.Common.CurrentVersion.targets(2451,5): warning MSB3277:             C:\Users\ultra\warewolf\Dev\Dev2.Studio.Interfaces\bin\Debug\net8.0\Dev2.Studio.Interfaces.dll [C:\Users\ultra\warewolf\Dev\Dev2.Diagnostics.Tests\Dev2.Diagnostics.Tests.csproj]
C:\Program Files\dotnet\sdk\10.0.201\Microsoft.Common.CurrentVersion.targets(2451,5): warning MSB3277:             C:\Users\ultra\warewolf\Dev\Warewolf.HangfireServer\bin\Debug\net8.0\HangfireServer.dll [C:\Users\ultra\warewolf\Dev\Dev2.Diagnostics.Tests\Dev2.Diagnostics.Tests.csproj]
C:\Program Files\dotnet\sdk\10.0.201\Microsoft.Common.CurrentVersion.targets(2451,5): warning MSB3277:             C:\Users\ultra\warewolf\Dev\Warewolf.QueueWorker\bin\Debug\net8.0\QueueWorker.dll [C:\Users\ultra\warewolf\Dev\Dev2.Diagnostics.Tests\Dev2.Diagnostics.Tests.csproj]
C:\Program Files\dotnet\sdk\10.0.201\Microsoft.Common.CurrentVersion.targets(2451,5): warning MSB3277:             C:\Users\ultra\warewolf\Dev\Warewolf.Auditing\bin\Debug\net8.0\Warewolf.Auditing.dll [C:\Users\ultra\warewolf\Dev\Dev2.Diagnostics.Tests\Dev2.Diagnostics.Tests.csproj]
C:\Program Files\dotnet\sdk\10.0.201\Microsoft.Common.CurrentVersion.targets(2451,5): warning MSB3277:             C:\Users\ultra\warewolf\Dev\Warewolf.Common.Framework48\bin\Debug\net8.0\Warewolf.Common.Framework48.dll [C:\Users\ultra\warewolf\Dev\Dev2.Diagnostics.Tests\Dev2.Diagnostics.Tests.csproj]
C:\Program Files\dotnet\sdk\10.0.201\Microsoft.Common.CurrentVersion.targets(2451,5): warning MSB3277:             C:\Users\ultra\warewolf\Dev\Warewolf.Common.NetStandard20\bin\Debug\net8.0\Warewolf.Common.NetStandard20.dll [C:\Users\ultra\warewolf\Dev\Dev2.Diagnostics.Tests\Dev2.Diagnostics.Tests.csproj]
C:\Program Files\dotnet\sdk\10.0.201\Microsoft.Common.CurrentVersion.targets(2451,5): warning MSB3277:             C:\Users\ultra\warewolf\Dev\Warewolf.Core\bin\Debug\net8.0\Warewolf.Core.dll [C:\Users\ultra\warewolf\Dev\Dev2.Diagnostics.Tests\Dev2.Diagnostics.Tests.csproj]
C:\Program Files\dotnet\sdk\10.0.201\Microsoft.Common.CurrentVersion.targets(2451,5): warning MSB3277:             C:\Users\ultra\warewolf\Dev\Warewolf.Driver.Persistence\bin\Debug\net8.0\Warewolf.Driver.Persistence.dll [C:\Users\ultra\warewolf\Dev\Dev2.Diagnostics.Tests\Dev2.Diagnostics.Tests.csproj]
C:\Program Files\dotnet\sdk\10.0.201\Microsoft.Common.CurrentVersion.targets(2451,5): warning MSB3277:             C:\Users\ultra\warewolf\Dev\Warewolf.Exchange.Email.Wrapper\bin\Debug\net8.0\Warewolf.Exchange.Email.Wrapper.dll [C:\Users\ultra\warewolf\Dev\Dev2.Diagnostics.Tests\Dev2.Diagnostics.Tests.csproj]
C:\Program Files\dotnet\sdk\10.0.201\Microsoft.Common.CurrentVersion.targets(2451,5): warning MSB3277:             C:\Users\ultra\warewolf\Dev\Warewolf.ResourceManagement\bin\Debug\net8.0\Warewolf.ResourceManagement.dll [C:\Users\ultra\warewolf\Dev\Dev2.Diagnostics.Tests\Dev2.Diagnostics.Tests.csproj]
C:\Program Files\dotnet\sdk\10.0.201\Microsoft.Common.CurrentVersion.targets(2451,5): warning MSB3277:             C:\Users\ultra\warewolf\Dev\Warewolf.Studio.Core\bin\Debug\net8.0\Warewolf.Studio.Core.dll [C:\Users\ultra\warewolf\Dev\Dev2.Diagnostics.Tests\Dev2.Diagnostics.Tests.csproj]
C:\Program Files\dotnet\sdk\10.0.201\Microsoft.Common.CurrentVersion.targets(2451,5): warning MSB3277:             C:\Users\ultra\warewolf\Dev\Warewolf.Trigger.Queue\bin\Debug\net8.0\Warewolf.Trigger.Queue.dll [C:\Users\ultra\warewolf\Dev\Dev2.Diagnostics.Tests\Dev2.Diagnostics.Tests.csproj]
C:\Program Files\dotnet\sdk\10.0.201\Microsoft.Common.CurrentVersion.targets(2451,5): warning MSB3277:             C:\Users\ultra\warewolf\Dev\Warewolf.UI\bin\Debug\net8.0\Warewolf.UI.dll [C:\Users\ultra\warewolf\Dev\Dev2.Diagnostics.Tests\Dev2.Diagnostics.Tests.csproj]
C:\Program Files\dotnet\sdk\10.0.201\Microsoft.Common.CurrentVersion.targets(2451,5): warning MSB3277:             C:\Users\ultra\warewolf\Dev\Warewolf.Logger\bin\Debug\net8.0\WarewolfLogger.dll [C:\Users\ultra\warewolf\Dev\Dev2.Diagnostics.Tests\Dev2.Diagnostics.Tests.csproj]
C:\Program Files\dotnet\sdk\10.0.201\Microsoft.Common.CurrentVersion.targets(2451,5): warning MSB3277:             C:\Users\ultra\.nuget\packages\dotnetzip\1.16.0\lib\netstandard2.0\DotNetZip.dll [C:\Users\ultra\warewolf\Dev\Dev2.Diagnostics.Tests\Dev2.Diagnostics.Tests.csproj]
C:\Program Files\dotnet\sdk\10.0.201\Microsoft.Common.CurrentVersion.targets(2451,5): warning MSB3277:             C:\Users\ultra\warewolf\Dev\Dev2.Common\bin\Debug\net8.0\Dev2.Common.dll [C:\Users\ultra\warewolf\Dev\Dev2.Diagnostics.Tests\Dev2.Diagnostics.Tests.csproj]
C:\Program Files\dotnet\sdk\10.0.201\Microsoft.Common.CurrentVersion.targets(2451,5): warning MSB3277:             C:\Users\ultra\warewolf\Dev\Dev2.Diagnostics\bin\Debug\net8.0\Dev2.Diagnostics.dll [C:\Users\ultra\warewolf\Dev\Dev2.Diagnostics.Tests\Dev2.Diagnostics.Tests.csproj]
C:\Program Files\dotnet\sdk\10.0.201\Microsoft.Common.CurrentVersion.targets(2451,5): warning MSB3277:             C:\Users\ultra\warewolf\Dev\Dev2.Infrastructure\bin\Debug\net8.0\Dev2.Infrastructure.dll [C:\Users\ultra\warewolf\Dev\Dev2.Diagnostics.Tests\Dev2.Diagnostics.Tests.csproj]
C:\Program Files\dotnet\sdk\10.0.201\Microsoft.Common.CurrentVersion.targets(2451,5): warning MSB3277:             C:\Users\ultra\warewolf\Dev\Dev2.Data.Interfaces\bin\Debug\net8.0\Dev2.Data.Interfaces.dll [C:\Users\ultra\warewolf\Dev\Dev2.Diagnostics.Tests\Dev2.Diagnostics.Tests.csproj]
C:\Program Files\dotnet\sdk\10.0.201\Microsoft.Common.CurrentVersion.targets(2451,5): warning MSB3277:             C:\Users\ultra\warewolf\Dev\Dev2.Development.Languages\bin\Debug\net8.0\Dev2.Development.Languages.dll [C:\Users\ultra\warewolf\Dev\Dev2.Diagnostics.Tests\Dev2.Diagnostics.Tests.csproj]
C:\Program Files\dotnet\sdk\10.0.201\Microsoft.Common.CurrentVersion.targets(2451,5): warning MSB3277:             C:\Users\ultra\warewolf\Dev\Dev2.Services.Sql\bin\Debug\net8.0\Dev2.Services.Sql.dll [C:\Users\ultra\warewolf\Dev\Dev2.Diagnostics.Tests\Dev2.Diagnostics.Tests.csproj]
C:\Program Files\dotnet\sdk\10.0.201\Microsoft.Common.CurrentVersion.targets(2451,5): warning MSB3277:             C:\Users\ultra\warewolf\Dev\Dev2.TaskScheduler.Wrappers\bin\Debug\net8.0\Dev2.TaskScheduler.Wrappers.dll [C:\Users\ultra\warewolf\Dev\Dev2.Diagnostics.Tests\Dev2.Diagnostics.Tests.csproj]
C:\Program Files\dotnet\sdk\10.0.201\Microsoft.Common.CurrentVersion.targets(2451,5): warning MSB3277:             C:\Users\ultra\warewolf\Dev\Dev2.Util\bin\Debug\net8.0\Dev2.Util.dll [C:\Users\ultra\warewolf\Dev\Dev2.Diagnostics.Tests\Dev2.Diagnostics.Tests.csproj]
C:\Program Files\dotnet\sdk\10.0.201\Microsoft.Common.CurrentVersion.targets(2451,5): warning MSB3277:             C:\Users\ultra\warewolf\Dev\Warewolf.AI.Harness\bin\Debug\net8.0\Warewolf.AI.Harness.dll [C:\Users\ultra\warewolf\Dev\Dev2.Diagnostics.Tests\Dev2.Diagnostics.Tests.csproj]
C:\Program Files\dotnet\sdk\10.0.201\Microsoft.Common.CurrentVersion.targets(2451,5): warning MSB3277:             C:\Users\ultra\warewolf\Dev\Warewolf.Driver.Serilog\bin\Debug\net8.0\Warewolf.Driver.Serilog.dll [C:\Users\ultra\warewolf\Dev\Dev2.Diagnostics.Tests\Dev2.Diagnostics.Tests.csproj]
C:\Program Files\dotnet\sdk\10.0.201\Microsoft.Common.CurrentVersion.targets(2451,5): warning MSB3277:             C:\Users\ultra\warewolf\Dev\Warewolf.PerfMon\bin\Debug\net8.0\Warewolf.PerfMon.dll [C:\Users\ultra\warewolf\Dev\Dev2.Diagnostics.Tests\Dev2.Diagnostics.Tests.csproj]
C:\Program Files\dotnet\sdk\10.0.201\Microsoft.Common.CurrentVersion.targets(2451,5): warning MSB3277:             C:\Users\ultra\warewolf\Dev\Warewolf.Sharepoint\bin\Debug\net8.0\Warewolf.Sharepoint.dll [C:\Users\ultra\warewolf\Dev\Dev2.Diagnostics.Tests\Dev2.Diagnostics.Tests.csproj]
C:\Program Files\dotnet\sdk\10.0.201\Microsoft.Common.CurrentVersion.targets(2451,5): warning MSB3277:             C:\Users\ultra\warewolf\Dev\Warewolf.Storage\bin\Debug\net8.0\Warewolf.Storage.dll [C:\Users\ultra\warewolf\Dev\Dev2.Diagnostics.Tests\Dev2.Diagnostics.Tests.csproj]
C:\Program Files\dotnet\sdk\10.0.201\Microsoft.Common.CurrentVersion.targets(2451,5): warning MSB3277:             C:\Users\ultra\.nuget\packages\mindbox.data.linq\5.0.0\lib\netstandard2.0\Mindbox.Data.Linq.dll [C:\Users\ultra\warewolf\Dev\Dev2.Diagnostics.Tests\Dev2.Diagnostics.Tests.csproj]
C:\Program Files\dotnet\sdk\10.0.201\Microsoft.Common.CurrentVersion.targets(2451,5): warning MSB3277:             C:\Users\ultra\.nuget\packages\mysql.data\8.4.0\lib\net8.0\MySql.Data.dll [C:\Users\ultra\warewolf\Dev\Dev2.Diagnostics.Tests\Dev2.Diagnostics.Tests.csproj]
C:\Program Files\dotnet\sdk\10.0.201\Microsoft.Common.CurrentVersion.targets(2451,5): warning MSB3277:             C:\Users\ultra\.nuget\packages\oracle.manageddataaccess.core\3.21.70\lib\netstandard2.1\Oracle.ManagedDataAccess.dll [C:\Users\ultra\warewolf\Dev\Dev2.Diagnostics.Tests\Dev2.Diagnostics.Tests.csproj]
C:\Program Files\dotnet\sdk\10.0.201\Microsoft.Common.CurrentVersion.targets(2451,5): warning MSB3277:             C:\Users\ultra\.nuget\packages\system.directoryservices\6.0.0\lib\net6.0\System.DirectoryServices.dll [C:\Users\ultra\warewolf\Dev\Dev2.Diagnostics.Tests\Dev2.Diagnostics.Tests.csproj]
C:\Program Files\dotnet\sdk\10.0.201\Microsoft.Common.CurrentVersion.targets(2451,5): warning MSB3277:             C:\Users\ultra\.nuget\packages\corewcf.primitives\1.2.1\lib\netstandard2.0\CoreWCF.Primitives.dll [C:\Users\ultra\warewolf\Dev\Dev2.Diagnostics.Tests\Dev2.Diagnostics.Tests.csproj]
C:\Program Files\dotnet\sdk\10.0.201\Microsoft.Common.CurrentVersion.targets(2451,5): warning MSB3277:             C:\Users\ultra\.nuget\packages\corewcf.http\1.2.1\lib\netstandard2.0\CoreWCF.Http.dll [C:\Users\ultra\warewolf\Dev\Dev2.Diagnostics.Tests\Dev2.Diagnostics.Tests.csproj]
C:\Program Files\dotnet\sdk\10.0.201\Microsoft.Common.CurrentVersion.targets(2451,5): warning MSB3277:             C:\Users\ultra\.nuget\packages\corewcf.nettcp\1.2.1\lib\netstandard2.0\CoreWCF.NetTcp.dll [C:\Users\ultra\warewolf\Dev\Dev2.Diagnostics.Tests\Dev2.Diagnostics.Tests.csproj]
C:\Program Files\dotnet\sdk\10.0.201\Microsoft.Common.CurrentVersion.targets(2451,5): warning MSB3277:             C:\Users\ultra\.nuget\packages\corewcf.webhttp\1.2.1\lib\netstandard2.0\CoreWCF.WebHttp.dll [C:\Users\ultra\warewolf\Dev\Dev2.Diagnostics.Tests\Dev2.Diagnostics.Tests.csproj]
C:\Program Files\dotnet\sdk\10.0.201\Microsoft.Common.CurrentVersion.targets(2451,5): warning MSB3277:             C:\Program Files\dotnet\packs\Microsoft.NETCore.App.Ref\8.0.25\ref/net8.0/System.Configuration.dll [C:\Users\ultra\warewolf\Dev\Dev2.Diagnostics.Tests\Dev2.Diagnostics.Tests.csproj]
C:\Program Files\dotnet\sdk\10.0.201\Microsoft.Common.CurrentVersion.targets(2451,5): warning MSB3277:             C:\Users\ultra\.nuget\packages\prism.wpf\9.0.537\lib\net462\Prism.Wpf.dll [C:\Users\ultra\warewolf\Dev\Dev2.Diagnostics.Tests\Dev2.Diagnostics.Tests.csproj]
C:\Program Files\dotnet\sdk\10.0.201\Microsoft.Common.CurrentVersion.targets(2451,5): warning MSB3277:             C:\Program Files\dotnet\packs\Microsoft.NETCore.App.Ref\8.0.25\ref/net8.0/System.Data.dll [C:\Users\ultra\warewolf\Dev\Dev2.Diagnostics.Tests\Dev2.Diagnostics.Tests.csproj]
C:\Program Files\dotnet\sdk\10.0.201\Microsoft.Common.CurrentVersion.targets(2451,5): warning MSB3277:             C:\Users\ultra\.nuget\packages\taskschedulereditor\2.10.1\lib\net452\Microsoft.Win32.TaskSchedulerEditor.dll [C:\Users\ultra\warewolf\Dev\Dev2.Diagnostics.Tests\Dev2.Diagnostics.Tests.csproj]
C:\Program Files\dotnet\sdk\10.0.201\Microsoft.Common.CurrentVersion.targets(2451,5): warning MSB3277:             C:\Program Files\dotnet\packs\Microsoft.NETCore.App.Ref\8.0.25\ref/net8.0/System.Drawing.dll [C:\Users\ultra\warewolf\Dev\Dev2.Diagnostics.Tests\Dev2.Diagnostics.Tests.csproj]
C:\Program Files\dotnet\sdk\10.0.201\Microsoft.Common.CurrentVersion.targets(2451,5): warning MSB3277:             C:\Users\ultra\.nuget\packages\aerowizard\2.3.1\lib\net45\AeroWizard.dll [C:\Users\ultra\warewolf\Dev\Dev2.Diagnostics.Tests\Dev2.Diagnostics.Tests.csproj]
C:\Program Files\dotnet\sdk\10.0.201\Microsoft.Common.CurrentVersion.targets(2451,5): warning MSB3277:             C:\Users\ultra\.nuget\packages\groupcontrols\1.9.0\lib\net45\GroupControls.dll [C:\Users\ultra\warewolf\Dev\Dev2.Diagnostics.Tests\Dev2.Diagnostics.Tests.csproj]
C:\Program Files\dotnet\sdk\10.0.201\Microsoft.Common.CurrentVersion.targets(2451,5): warning MSB3277:             C:\Program Files\dotnet\packs\Microsoft.NETCore.App.Ref\8.0.25\ref/net8.0/System.Net.dll [C:\Users\ultra\warewolf\Dev\Dev2.Diagnostics.Tests\Dev2.Diagnostics.Tests.csproj]
C:\Program Files\dotnet\sdk\10.0.201\Microsoft.Common.CurrentVersion.targets(2451,5): warning MSB3277:             C:\Program Files\dotnet\packs\Microsoft.NETCore.App.Ref\8.0.25\ref/net8.0/System.Security.dll [C:\Users\ultra\warewolf\Dev\Dev2.Diagnostics.Tests\Dev2.Diagnostics.Tests.csproj]
C:\Program Files\dotnet\sdk\10.0.201\Microsoft.Common.CurrentVersion.targets(2451,5): warning MSB3277:             C:\Program Files\dotnet\packs\Microsoft.NETCore.App.Ref\8.0.25\ref/net8.0/System.ServiceProcess.dll [C:\Users\ultra\warewolf\Dev\Dev2.Diagnostics.Tests\Dev2.Diagnostics.Tests.csproj]
C:\Program Files\dotnet\sdk\10.0.201\Microsoft.Common.CurrentVersion.targets(2451,5): warning MSB3277:             C:\Program Files\dotnet\packs\Microsoft.NETCore.App.Ref\8.0.25\ref/net8.0/System.Transactions.dll [C:\Users\ultra\warewolf\Dev\Dev2.Diagnostics.Tests\Dev2.Diagnostics.Tests.csproj]
C:\Program Files\dotnet\sdk\10.0.201\Microsoft.Common.CurrentVersion.targets(2451,5): warning MSB3277:             C:\Program Files\dotnet\packs\Microsoft.NETCore.App.Ref\8.0.25\ref/net8.0/System.dll [C:\Users\ultra\warewolf\Dev\Dev2.Diagnostics.Tests\Dev2.Diagnostics.Tests.csproj]
C:\Program Files\dotnet\sdk\10.0.201\Microsoft.Common.CurrentVersion.targets(2451,5): warning MSB3277:             C:\Users\ultra\.nuget\packages\microsoft.xaml.behaviors.wpf\1.1.122\lib\net462\Microsoft.Xaml.Behaviors.dll [C:\Users\ultra\warewolf\Dev\Dev2.Diagnostics.Tests\Dev2.Diagnostics.Tests.csproj]
C:\Program Files\dotnet\sdk\10.0.201\Microsoft.Common.CurrentVersion.targets(2451,5): warning MSB3277:             C:\Users\ultra\.nuget\packages\caliburn.micro\4.0.212\lib\netcoreapp3.1\Caliburn.Micro.Platform.dll [C:\Users\ultra\warewolf\Dev\Dev2.Diagnostics.Tests\Dev2.Diagnostics.Tests.csproj]
C:\Program Files\dotnet\sdk\10.0.201\Microsoft.Common.CurrentVersion.targets(2451,5): warning MSB3277:             C:\Users\ultra\.nuget\packages\reactiveui.wpf\18.4.1\lib\net462\ReactiveUI.Wpf.dll [C:\Users\ultra\warewolf\Dev\Dev2.Diagnostics.Tests\Dev2.Diagnostics.Tests.csproj]
C:\Program Files\dotnet\sdk\10.0.201\Microsoft.Common.CurrentVersion.targets(2451,5): warning MSB3277:             C:\Users\ultra\.nuget\packages\ttcue.netcore.sharepointonline.csom.16.1.8029.1200\16.1.8029.1200\lib\netcoreapp2.0\Microsoft.SharePoint.Client.Runtime.Windows.dll [C:\Users\ultra\warewolf\Dev\Dev2.Diagnostics.Tests\Dev2.Diagnostics.Tests.csproj]
C:\Program Files\dotnet\sdk\10.0.201\Microsoft.Common.CurrentVersion.targets(2451,5): warning MSB3277:             C:\Program Files\dotnet\packs\Microsoft.NETCore.App.Ref\8.0.25\ref/net8.0/WindowsBase.dll [C:\Users\ultra\warewolf\Dev\Dev2.Diagnostics.Tests\Dev2.Diagnostics.Tests.csproj]
C:\Program Files\dotnet\sdk\10.0.201\Microsoft.Common.CurrentVersion.targets(2451,5): warning MSB3277:             C:\Program Files\dotnet\packs\Microsoft.NETCore.App.Ref\8.0.25\ref/net8.0/mscorlib.dll [C:\Users\ultra\warewolf\Dev\Dev2.Diagnostics.Tests\Dev2.Diagnostics.Tests.csproj]
C:\Program Files\dotnet\sdk\10.0.201\Microsoft.Common.CurrentVersion.targets(2451,5): warning MSB3277:             C:\Users\ultra\.nuget\packages\hangfire.core\1.7.32\lib\netstandard2.0\Hangfire.Core.dll [C:\Users\ultra\warewolf\Dev\Dev2.Diagnostics.Tests\Dev2.Diagnostics.Tests.csproj]
C:\Program Files\dotnet\sdk\10.0.201\Microsoft.Common.CurrentVersion.targets(2451,5): warning MSB3277:             C:\Users\ultra\.nuget\packages\hangfire.aspnetcore\1.7.32\lib\netcoreapp3.0\Hangfire.AspNetCore.dll [C:\Users\ultra\warewolf\Dev\Dev2.Diagnostics.Tests\Dev2.Diagnostics.Tests.csproj]
C:\Program Files\dotnet\sdk\10.0.201\Microsoft.Common.CurrentVersion.targets(2451,5): warning MSB3277:             C:\Users\ultra\.nuget\packages\hangfire.sqlserver\1.7.32\lib\netstandard2.0\Hangfire.SqlServer.dll [C:\Users\ultra\warewolf\Dev\Dev2.Diagnostics.Tests\Dev2.Diagnostics.Tests.csproj]
C:\Program Files\dotnet\sdk\10.0.201\Microsoft.Common.CurrentVersion.targets(2451,5): warning MSB3277:             C:\Users\ultra\.nuget\packages\microsoft.codecoverage\17.13.0\lib\netcoreapp3.1\Microsoft.VisualStudio.CodeCoverage.Shim.dll [C:\Users\ultra\warewolf\Dev\Dev2.Diagnostics.Tests\Dev2.Diagnostics.Tests.csproj]
C:\Program Files\dotnet\sdk\10.0.201\Microsoft.Common.CurrentVersion.targets(2451,5): warning MSB3277:         C:\Program Files\dotnet\packs\Microsoft.NETCore.App.Ref\8.0.25\ref\net8.0\System.Drawing.dll [C:\Users\ultra\warewolf\Dev\Dev2.Diagnostics.Tests\Dev2.Diagnostics.Tests.csproj]
C:\Program Files\dotnet\sdk\10.0.201\Microsoft.Common.CurrentVersion.targets(2451,5): warning MSB3277:           Project file item includes which caused reference "C:\Program Files\dotnet\packs\Microsoft.NETCore.App.Ref\8.0.25\ref\net8.0\System.Drawing.dll". [C:\Users\ultra\warewolf\Dev\Dev2.Diagnostics.Tests\Dev2.Diagnostics.Tests.csproj]
C:\Program Files\dotnet\sdk\10.0.201\Microsoft.Common.CurrentVersion.targets(2451,5): warning MSB3277:             C:\Program Files\dotnet\packs\Microsoft.NETCore.App.Ref\8.0.25\ref/net8.0/System.Drawing.dll [C:\Users\ultra\warewolf\Dev\Dev2.Diagnostics.Tests\Dev2.Diagnostics.Tests.csproj]
C:\Program Files\dotnet\sdk\10.0.201\Microsoft.Common.CurrentVersion.targets(2451,5): warning MSB3277:             C:\Users\ultra\.nuget\packages\aerowizard\2.3.1\lib\net45\AeroWizard.dll [C:\Users\ultra\warewolf\Dev\Dev2.Diagnostics.Tests\Dev2.Diagnostics.Tests.csproj]
C:\Program Files\dotnet\sdk\10.0.201\Microsoft.Common.CurrentVersion.targets(2451,5): warning MSB3277:             C:\Users\ultra\.nuget\packages\groupcontrols\1.9.0\lib\net45\GroupControls.dll [C:\Users\ultra\warewolf\Dev\Dev2.Diagnostics.Tests\Dev2.Diagnostics.Tests.csproj]
C:\Program Files\dotnet\sdk\10.0.201\Microsoft.Common.CurrentVersion.targets(2451,5): warning MSB3277:             C:\Users\ultra\.nuget\packages\taskschedulereditor\2.10.1\lib\net452\Microsoft.Win32.TaskSchedulerEditor.dll [C:\Users\ultra\warewolf\Dev\Dev2.Diagnostics.Tests\Dev2.Diagnostics.Tests.csproj]
  Warewolf.Studio.ViewModels -> C:\Users\ultra\warewolf\Dev\Warewolf.Studio.ViewModels\bin\Debug\net8.0\Warewolf.Studio.ViewModels.dll
C:\Program Files\dotnet\sdk\10.0.201\Microsoft.Common.CurrentVersion.targets(2451,5): warning MSB3245: Could not resolve this reference. Could not locate the assembly "System.ServiceModel.Activities". Check to make sure the assembly exists on disk. If this reference is required by your code, you may get compilation errors. [C:\Users\ultra\warewolf\Dev\Warewolf.Studio.Views\Warewolf.Studio.Views.csproj]
C:\Program Files\dotnet\sdk\10.0.201\Microsoft.Common.CurrentVersion.targets(2451,5): warning MSB3277: Found conflicts between different versions of "Microsoft.Win32.SystemEvents" that could not be resolved. [C:\Users\ultra\warewolf\Dev\Warewolf.Studio.Views\Warewolf.Studio.Views.csproj]
C:\Program Files\dotnet\sdk\10.0.201\Microsoft.Common.CurrentVersion.targets(2451,5): warning MSB3277: There was a conflict between "Microsoft.Win32.SystemEvents, Version=6.0.0.0, Culture=neutral, PublicKeyToken=cc7b13ffcd2ddd51" and "Microsoft.Win32.SystemEvents, Version=7.0.0.0, Culture=neutral, PublicKeyToken=cc7b13ffcd2ddd51". [C:\Users\ultra\warewolf\Dev\Warewolf.Studio.Views\Warewolf.Studio.Views.csproj]
C:\Program Files\dotnet\sdk\10.0.201\Microsoft.Common.CurrentVersion.targets(2451,5): warning MSB3277:     "Microsoft.Win32.SystemEvents, Version=6.0.0.0, Culture=neutral, PublicKeyToken=cc7b13ffcd2ddd51" was chosen because it was primary and "Microsoft.Win32.SystemEvents, Version=7.0.0.0, Culture=neutral, PublicKeyToken=cc7b13ffcd2ddd51" was not. [C:\Users\ultra\warewolf\Dev\Warewolf.Studio.Views\Warewolf.Studio.Views.csproj]
C:\Program Files\dotnet\sdk\10.0.201\Microsoft.Common.CurrentVersion.targets(2451,5): warning MSB3277:     References which depend on "Microsoft.Win32.SystemEvents, Version=6.0.0.0, Culture=neutral, PublicKeyToken=cc7b13ffcd2ddd51" [C:\Users\ultra\.nuget\packages\microsoft.win32.systemevents\6.0.0\lib\net6.0\Microsoft.Win32.SystemEvents.dll]. [C:\Users\ultra\warewolf\Dev\Warewolf.Studio.Views\Warewolf.Studio.Views.csproj]
C:\Program Files\dotnet\sdk\10.0.201\Microsoft.Common.CurrentVersion.targets(2451,5): warning MSB3277:         C:\Users\ultra\.nuget\packages\microsoft.win32.systemevents\6.0.0\lib\net6.0\Microsoft.Win32.SystemEvents.dll [C:\Users\ultra\warewolf\Dev\Warewolf.Studio.Views\Warewolf.Studio.Views.csproj]
C:\Program Files\dotnet\sdk\10.0.201\Microsoft.Common.CurrentVersion.targets(2451,5): warning MSB3277:           Project file item includes which caused reference "C:\Users\ultra\.nuget\packages\microsoft.win32.systemevents\6.0.0\lib\net6.0\Microsoft.Win32.SystemEvents.dll". [C:\Users\ultra\warewolf\Dev\Warewolf.Studio.Views\Warewolf.Studio.Views.csproj]
C:\Program Files\dotnet\sdk\10.0.201\Microsoft.Common.CurrentVersion.targets(2451,5): warning MSB3277:             C:\Users\ultra\.nuget\packages\microsoft.win32.systemevents\6.0.0\lib\net6.0\Microsoft.Win32.SystemEvents.dll [C:\Users\ultra\warewolf\Dev\Warewolf.Studio.Views\Warewolf.Studio.Views.csproj]
C:\Program Files\dotnet\sdk\10.0.201\Microsoft.Common.CurrentVersion.targets(2451,5): warning MSB3277:     References which depend on or have been unified to "Microsoft.Win32.SystemEvents, Version=7.0.0.0, Culture=neutral, PublicKeyToken=cc7b13ffcd2ddd51" []. [C:\Users\ultra\warewolf\Dev\Warewolf.Studio.Views\Warewolf.Studio.Views.csproj]
C:\Program Files\dotnet\sdk\10.0.201\Microsoft.Common.CurrentVersion.targets(2451,5): warning MSB3277:         C:\Users\ultra\warewolf\Dev\Dev2.Common\bin\Debug\net8.0\Dev2.Common.dll [C:\Users\ultra\warewolf\Dev\Warewolf.Studio.Views\Warewolf.Studio.Views.csproj]
C:\Program Files\dotnet\sdk\10.0.201\Microsoft.Common.CurrentVersion.targets(2451,5): warning MSB3277:           Project file item includes which caused reference "C:\Users\ultra\warewolf\Dev\Dev2.Common\bin\Debug\net8.0\Dev2.Common.dll". [C:\Users\ultra\warewolf\Dev\Warewolf.Studio.Views\Warewolf.Studio.Views.csproj]
C:\Program Files\dotnet\sdk\10.0.201\Microsoft.Common.CurrentVersion.targets(2451,5): warning MSB3277:             C:\Users\ultra\warewolf\Dev\Dev2.Common\bin\Debug\net8.0\Dev2.Common.dll [C:\Users\ultra\warewolf\Dev\Warewolf.Studio.Views\Warewolf.Studio.Views.csproj]
C:\Program Files\dotnet\sdk\10.0.201\Microsoft.Common.CurrentVersion.targets(2451,5): warning MSB3277:             C:\Users\ultra\warewolf\Dev\Dev2.Activities\bin\Debug\net8.0\Dev2.Activities.dll [C:\Users\ultra\warewolf\Dev\Warewolf.Studio.Views\Warewolf.Studio.Views.csproj]
C:\Program Files\dotnet\sdk\10.0.201\Microsoft.Common.CurrentVersion.targets(2451,5): warning MSB3277:             C:\Users\ultra\warewolf\Dev\Dev2.Core\bin\Debug\net8.0\Dev2.Core.dll [C:\Users\ultra\warewolf\Dev\Warewolf.Studio.Views\Warewolf.Studio.Views.csproj]
C:\Program Files\dotnet\sdk\10.0.201\Microsoft.Common.CurrentVersion.targets(2451,5): warning MSB3277:             C:\Users\ultra\warewolf\Dev\Dev2.Diagnostics\bin\Debug\net8.0\Dev2.Diagnostics.dll [C:\Users\ultra\warewolf\Dev\Warewolf.Studio.Views\Warewolf.Studio.Views.csproj]
C:\Program Files\dotnet\sdk\10.0.201\Microsoft.Common.CurrentVersion.targets(2451,5): warning MSB3277:             C:\Users\ultra\warewolf\Dev\Dev2.Infrastructure\bin\Debug\net8.0\Dev2.Infrastructure.dll [C:\Users\ultra\warewolf\Dev\Warewolf.Studio.Views\Warewolf.Studio.Views.csproj]
C:\Program Files\dotnet\sdk\10.0.201\Microsoft.Common.CurrentVersion.targets(2451,5): warning MSB3277:             C:\Users\ultra\warewolf\Dev\Dev2.Intellisense\bin\Debug\net8.0\Dev2.Intellisense.dll [C:\Users\ultra\warewolf\Dev\Warewolf.Studio.Views\Warewolf.Studio.Views.csproj]
C:\Program Files\dotnet\sdk\10.0.201\Microsoft.Common.CurrentVersion.targets(2451,5): warning MSB3277:             C:\Users\ultra\warewolf\Dev\Dev2.Studio.Core\bin\Debug\net8.0\Dev2.Studio.Core.dll [C:\Users\ultra\warewolf\Dev\Warewolf.Studio.Views\Warewolf.Studio.Views.csproj]
C:\Program Files\dotnet\sdk\10.0.201\Microsoft.Common.CurrentVersion.targets(2451,5): warning MSB3277:             C:\Users\ultra\warewolf\Dev\Dev2.Studio.Interfaces\bin\Debug\net8.0\Dev2.Studio.Interfaces.dll [C:\Users\ultra\warewolf\Dev\Warewolf.Studio.Views\Warewolf.Studio.Views.csproj]
C:\Program Files\dotnet\sdk\10.0.201\Microsoft.Common.CurrentVersion.targets(2451,5): warning MSB3277:             C:\Users\ultra\warewolf\Dev\Warewolf.Studio.Core\bin\Debug\net8.0\Warewolf.Studio.Core.dll [C:\Users\ultra\warewolf\Dev\Warewolf.Studio.Views\Warewolf.Studio.Views.csproj]
C:\Program Files\dotnet\sdk\10.0.201\Microsoft.Common.CurrentVersion.targets(2451,5): warning MSB3277:             C:\Users\ultra\warewolf\Dev\Warewolf.Studio.CustomControls\bin\Debug\net8.0\Warewolf.Studio.CustomControls.dll [C:\Users\ultra\warewolf\Dev\Warewolf.Studio.Views\Warewolf.Studio.Views.csproj]
C:\Program Files\dotnet\sdk\10.0.201\Microsoft.Common.CurrentVersion.targets(2451,5): warning MSB3277:             C:\Users\ultra\warewolf\Dev\Warewolf.Studio.ViewModels\bin\Debug\net8.0\Warewolf.Studio.ViewModels.dll [C:\Users\ultra\warewolf\Dev\Warewolf.Studio.Views\Warewolf.Studio.Views.csproj]
C:\Program Files\dotnet\sdk\10.0.201\Microsoft.Common.CurrentVersion.targets(2451,5): warning MSB3277:             C:\Users\ultra\warewolf\Dev\Dev2.Data\bin\Debug\net8.0\Dev2.Data.dll [C:\Users\ultra\warewolf\Dev\Warewolf.Studio.Views\Warewolf.Studio.Views.csproj]
C:\Program Files\dotnet\sdk\10.0.201\Microsoft.Common.CurrentVersion.targets(2451,5): warning MSB3277:             C:\Users\ultra\warewolf\Dev\Dev2.Development.Languages\bin\Debug\net8.0\Dev2.Development.Languages.dll [C:\Users\ultra\warewolf\Dev\Warewolf.Studio.Views\Warewolf.Studio.Views.csproj]
C:\Program Files\dotnet\sdk\10.0.201\Microsoft.Common.CurrentVersion.targets(2451,5): warning MSB3277:             C:\Users\ultra\warewolf\Dev\Dev2.Runtime.Services\bin\Debug\net8.0\Dev2.Runtime.Services.dll [C:\Users\ultra\warewolf\Dev\Warewolf.Studio.Views\Warewolf.Studio.Views.csproj]
C:\Program Files\dotnet\sdk\10.0.201\Microsoft.Common.CurrentVersion.targets(2451,5): warning MSB3277:             C:\Users\ultra\warewolf\Dev\Dev2.Scheduler\bin\Debug\net8.0\Dev2.Scheduler.dll [C:\Users\ultra\warewolf\Dev\Warewolf.Studio.Views\Warewolf.Studio.Views.csproj]
C:\Program Files\dotnet\sdk\10.0.201\Microsoft.Common.CurrentVersion.targets(2451,5): warning MSB3277:             C:\Users\ultra\warewolf\Dev\Dev2.Services.Execution\bin\Debug\net8.0\Dev2.Services.Execution.dll [C:\Users\ultra\warewolf\Dev\Warewolf.Studio.Views\Warewolf.Studio.Views.csproj]
C:\Program Files\dotnet\sdk\10.0.201\Microsoft.Common.CurrentVersion.targets(2451,5): warning MSB3277:             C:\Users\ultra\warewolf\Dev\Dev2.Services.Sql\bin\Debug\net8.0\Dev2.Services.Sql.dll [C:\Users\ultra\warewolf\Dev\Warewolf.Studio.Views\Warewolf.Studio.Views.csproj]
C:\Program Files\dotnet\sdk\10.0.201\Microsoft.Common.CurrentVersion.targets(2451,5): warning MSB3277:             C:\Users\ultra\warewolf\Dev\Dev2.TaskScheduler.Wrappers\bin\Debug\net8.0\Dev2.TaskScheduler.Wrappers.dll [C:\Users\ultra\warewolf\Dev\Warewolf.Studio.Views\Warewolf.Studio.Views.csproj]
C:\Program Files\dotnet\sdk\10.0.201\Microsoft.Common.CurrentVersion.targets(2451,5): warning MSB3277:             C:\Users\ultra\warewolf\Dev\Dev2.Util\bin\Debug\net8.0\Dev2.Util.dll [C:\Users\ultra\warewolf\Dev\Warewolf.Studio.Views\Warewolf.Studio.Views.csproj]
C:\Program Files\dotnet\sdk\10.0.201\Microsoft.Common.CurrentVersion.targets(2451,5): warning MSB3277:             C:\Users\ultra\warewolf\Dev\Warewolf.AI.Harness\bin\Debug\net8.0\Warewolf.AI.Harness.dll [C:\Users\ultra\warewolf\Dev\Warewolf.Studio.Views\Warewolf.Studio.Views.csproj]
C:\Program Files\dotnet\sdk\10.0.201\Microsoft.Common.CurrentVersion.targets(2451,5): warning MSB3277:             C:\Users\ultra\warewolf\Dev\Warewolf.Auditing\bin\Debug\net8.0\Warewolf.Auditing.dll [C:\Users\ultra\warewolf\Dev\Warewolf.Studio.Views\Warewolf.Studio.Views.csproj]
C:\Program Files\dotnet\sdk\10.0.201\Microsoft.Common.CurrentVersion.targets(2451,5): warning MSB3277:             C:\Users\ultra\warewolf\Dev\Warewolf.Common.NetStandard20\bin\Debug\net8.0\Warewolf.Common.NetStandard20.dll [C:\Users\ultra\warewolf\Dev\Warewolf.Studio.Views\Warewolf.Studio.Views.csproj]
C:\Program Files\dotnet\sdk\10.0.201\Microsoft.Common.CurrentVersion.targets(2451,5): warning MSB3277:             C:\Users\ultra\warewolf\Dev\Warewolf.Core\bin\Debug\net8.0\Warewolf.Core.dll [C:\Users\ultra\warewolf\Dev\Warewolf.Studio.Views\Warewolf.Studio.Views.csproj]
C:\Program Files\dotnet\sdk\10.0.201\Microsoft.Common.CurrentVersion.targets(2451,5): warning MSB3277:             C:\Users\ultra\warewolf\Dev\Warewolf.Driver.Persistence\bin\Debug\net8.0\Warewolf.Driver.Persistence.dll [C:\Users\ultra\warewolf\Dev\Warewolf.Studio.Views\Warewolf.Studio.Views.csproj]
C:\Program Files\dotnet\sdk\10.0.201\Microsoft.Common.CurrentVersion.targets(2451,5): warning MSB3277:             C:\Users\ultra\warewolf\Dev\Warewolf.Driver.Serilog\bin\Debug\net8.0\Warewolf.Driver.Serilog.dll [C:\Users\ultra\warewolf\Dev\Warewolf.Studio.Views\Warewolf.Studio.Views.csproj]
C:\Program Files\dotnet\sdk\10.0.201\Microsoft.Common.CurrentVersion.targets(2451,5): warning MSB3277:             C:\Users\ultra\warewolf\Dev\Warewolf.Exchange.Email.Wrapper\bin\Debug\net8.0\Warewolf.Exchange.Email.Wrapper.dll [C:\Users\ultra\warewolf\Dev\Warewolf.Studio.Views\Warewolf.Studio.Views.csproj]
C:\Program Files\dotnet\sdk\10.0.201\Microsoft.Common.CurrentVersion.targets(2451,5): warning MSB3277:             C:\Users\ultra\warewolf\Dev\Warewolf.ResourceManagement\bin\Debug\net8.0\Warewolf.ResourceManagement.dll [C:\Users\ultra\warewolf\Dev\Warewolf.Studio.Views\Warewolf.Studio.Views.csproj]
C:\Program Files\dotnet\sdk\10.0.201\Microsoft.Common.CurrentVersion.targets(2451,5): warning MSB3277:             C:\Users\ultra\warewolf\Dev\Warewolf.Sharepoint\bin\Debug\net8.0\Warewolf.Sharepoint.dll [C:\Users\ultra\warewolf\Dev\Warewolf.Studio.Views\Warewolf.Studio.Views.csproj]
C:\Program Files\dotnet\sdk\10.0.201\Microsoft.Common.CurrentVersion.targets(2451,5): warning MSB3277:             C:\Users\ultra\warewolf\Dev\Warewolf.Storage\bin\Debug\net8.0\Warewolf.Storage.dll [C:\Users\ultra\warewolf\Dev\Warewolf.Studio.Views\Warewolf.Studio.Views.csproj]
C:\Program Files\dotnet\sdk\10.0.201\Microsoft.Common.CurrentVersion.targets(2451,5): warning MSB3277:             C:\Users\ultra\warewolf\Dev\Warewolf.Studio.Models\bin\Debug\net8.0\Warewolf.Studio.Models.dll [C:\Users\ultra\warewolf\Dev\Warewolf.Studio.Views\Warewolf.Studio.Views.csproj]
C:\Program Files\dotnet\sdk\10.0.201\Microsoft.Common.CurrentVersion.targets(2451,5): warning MSB3277:             C:\Users\ultra\warewolf\Dev\Warewolf.UI\bin\Debug\net8.0\Warewolf.UI.dll [C:\Users\ultra\warewolf\Dev\Warewolf.Studio.Views\Warewolf.Studio.Views.csproj]
C:\Program Files\dotnet\sdk\10.0.201\Microsoft.Common.CurrentVersion.targets(2451,5): warning MSB3277:         C:\Users\ultra\warewolf\Dev\Binaries\Infragistcs_Net6\InfragisticsWPF4.Editors.v15.1.dll [C:\Users\ultra\warewolf\Dev\Warewolf.Studio.Views\Warewolf.Studio.Views.csproj]
C:\Program Files\dotnet\sdk\10.0.201\Microsoft.Common.CurrentVersion.targets(2451,5): warning MSB3277:           Project file item includes which caused reference "C:\Users\ultra\warewolf\Dev\Binaries\Infragistcs_Net6\InfragisticsWPF4.Editors.v15.1.dll". [C:\Users\ultra\warewolf\Dev\Warewolf.Studio.Views\Warewolf.Studio.Views.csproj]
C:\Program Files\dotnet\sdk\10.0.201\Microsoft.Common.CurrentVersion.targets(2451,5): warning MSB3277:             InfragisticsWPF4.Editors.v15.1 [C:\Users\ultra\warewolf\Dev\Warewolf.Studio.Views\Warewolf.Studio.Views.csproj]
C:\Program Files\dotnet\sdk\10.0.201\Microsoft.Common.CurrentVersion.targets(2451,5): warning MSB3277:         C:\Users\ultra\warewolf\Dev\Binaries\Infragistcs_Net6\InfragisticsWPF4.v15.1.dll [C:\Users\ultra\warewolf\Dev\Warewolf.Studio.Views\Warewolf.Studio.Views.csproj]
C:\Program Files\dotnet\sdk\10.0.201\Microsoft.Common.CurrentVersion.targets(2451,5): warning MSB3277:           Project file item includes which caused reference "C:\Users\ultra\warewolf\Dev\Binaries\Infragistcs_Net6\InfragisticsWPF4.v15.1.dll". [C:\Users\ultra\warewolf\Dev\Warewolf.Studio.Views\Warewolf.Studio.Views.csproj]
C:\Program Files\dotnet\sdk\10.0.201\Microsoft.Common.CurrentVersion.targets(2451,5): warning MSB3277:             InfragisticsWPF4.v15.1 [C:\Users\ultra\warewolf\Dev\Warewolf.Studio.Views\Warewolf.Studio.Views.csproj]
C:\Program Files\dotnet\sdk\10.0.201\Microsoft.Common.CurrentVersion.targets(2451,5): warning MSB3277:             InfragisticsWPF4.Controls.Editors.XamComboEditor.v15.1 [C:\Users\ultra\warewolf\Dev\Warewolf.Studio.Views\Warewolf.Studio.Views.csproj]
C:\Program Files\dotnet\sdk\10.0.201\Microsoft.Common.CurrentVersion.targets(2451,5): warning MSB3277:             InfragisticsWPF4.Controls.Editors.XamRichTextEditor.v15.1 [C:\Users\ultra\warewolf\Dev\Warewolf.Studio.Views\Warewolf.Studio.Views.csproj]
C:\Program Files\dotnet\sdk\10.0.201\Microsoft.Common.CurrentVersion.targets(2451,5): warning MSB3277:             InfragisticsWPF4.Controls.Grids.XamGrid.v15.1 [C:\Users\ultra\warewolf\Dev\Warewolf.Studio.Views\Warewolf.Studio.Views.csproj]
C:\Program Files\dotnet\sdk\10.0.201\Microsoft.Common.CurrentVersion.targets(2451,5): warning MSB3277:             InfragisticsWPF4.Controls.Interactions.XamDialogWindow.v15.1 [C:\Users\ultra\warewolf\Dev\Warewolf.Studio.Views\Warewolf.Studio.Views.csproj]
C:\Program Files\dotnet\sdk\10.0.201\Microsoft.Common.CurrentVersion.targets(2451,5): warning MSB3277:             InfragisticsWPF4.Controls.Menus.XamDataTree.v15.1 [C:\Users\ultra\warewolf\Dev\Warewolf.Studio.Views\Warewolf.Studio.Views.csproj]
C:\Program Files\dotnet\sdk\10.0.201\Microsoft.Common.CurrentVersion.targets(2451,5): warning MSB3277:             InfragisticsWPF4.Controls.Menus.XamMenu.v15.1 [C:\Users\ultra\warewolf\Dev\Warewolf.Studio.Views\Warewolf.Studio.Views.csproj]
C:\Program Files\dotnet\sdk\10.0.201\Microsoft.Common.CurrentVersion.targets(2451,5): warning MSB3277:             InfragisticsWPF4.DataManager.v15.1 [C:\Users\ultra\warewolf\Dev\Warewolf.Studio.Views\Warewolf.Studio.Views.csproj]
C:\Program Files\dotnet\sdk\10.0.201\Microsoft.Common.CurrentVersion.targets(2451,5): warning MSB3277:             InfragisticsWPF4.DockManager.v15.1 [C:\Users\ultra\warewolf\Dev\Warewolf.Studio.Views\Warewolf.Studio.Views.csproj]
C:\Program Files\dotnet\sdk\10.0.201\Microsoft.Common.CurrentVersion.targets(2451,5): warning MSB3277:             InfragisticsWPF4.Documents.RichTextDocument.Html.v15.1 [C:\Users\ultra\warewolf\Dev\Warewolf.Studio.Views\Warewolf.Studio.Views.csproj]
C:\Program Files\dotnet\sdk\10.0.201\Microsoft.Common.CurrentVersion.targets(2451,5): warning MSB3277:             InfragisticsWPF4.Documents.RichTextDocument.v15.1 [C:\Users\ultra\warewolf\Dev\Warewolf.Studio.Views\Warewolf.Studio.Views.csproj]
C:\Program Files\dotnet\sdk\10.0.201\Microsoft.Common.CurrentVersion.targets(2451,5): warning MSB3277:             InfragisticsWPF4.Editors.v15.1 [C:\Users\ultra\warewolf\Dev\Warewolf.Studio.Views\Warewolf.Studio.Views.csproj]
C:\Program Files\dotnet\sdk\10.0.201\Microsoft.Common.CurrentVersion.targets(2451,5): warning MSB3277:         C:\Users\ultra\.nuget\packages\timespan2\2.4.2\lib\netcoreapp3.1\TimeSpan2.dll [C:\Users\ultra\warewolf\Dev\Warewolf.Studio.Views\Warewolf.Studio.Views.csproj]
C:\Program Files\dotnet\sdk\10.0.201\Microsoft.Common.CurrentVersion.targets(2451,5): warning MSB3277:           Project file item includes which caused reference "C:\Users\ultra\.nuget\packages\timespan2\2.4.2\lib\netcoreapp3.1\TimeSpan2.dll". [C:\Users\ultra\warewolf\Dev\Warewolf.Studio.Views\Warewolf.Studio.Views.csproj]
C:\Program Files\dotnet\sdk\10.0.201\Microsoft.Common.CurrentVersion.targets(2451,5): warning MSB3277:             C:\Users\ultra\.nuget\packages\timespan2\2.4.2\lib\netcoreapp3.1\TimeSpan2.dll [C:\Users\ultra\warewolf\Dev\Warewolf.Studio.Views\Warewolf.Studio.Views.csproj]
C:\Program Files\dotnet\sdk\10.0.201\Microsoft.Common.CurrentVersion.targets(2451,5): warning MSB3277:             C:\Users\ultra\.nuget\packages\taskschedulereditor\2.10.1\lib\net452\Microsoft.Win32.TaskSchedulerEditor.dll [C:\Users\ultra\warewolf\Dev\Warewolf.Studio.Views\Warewolf.Studio.Views.csproj]
C:\Program Files\dotnet\sdk\10.0.201\Microsoft.Common.CurrentVersion.targets(2451,5): warning MSB3277:         C:\Program Files\dotnet\packs\Microsoft.NETCore.App.Ref\8.0.25\ref\net8.0\System.dll [C:\Users\ultra\warewolf\Dev\Warewolf.Studio.Views\Warewolf.Studio.Views.csproj]
C:\Program Files\dotnet\sdk\10.0.201\Microsoft.Common.CurrentVersion.targets(2451,5): warning MSB3277:           Project file item includes which caused reference "C:\Program Files\dotnet\packs\Microsoft.NETCore.App.Ref\8.0.25\ref\net8.0\System.dll". [C:\Users\ultra\warewolf\Dev\Warewolf.Studio.Views\Warewolf.Studio.Views.csproj]
C:\Program Files\dotnet\sdk\10.0.201\Microsoft.Common.CurrentVersion.targets(2451,5): warning MSB3277:             C:\Program Files\dotnet\packs\Microsoft.NETCore.App.Ref\8.0.25\ref/net8.0/System.dll [C:\Users\ultra\warewolf\Dev\Warewolf.Studio.Views\Warewolf.Studio.Views.csproj]
C:\Program Files\dotnet\sdk\10.0.201\Microsoft.Common.CurrentVersion.targets(2451,5): warning MSB3277:             C:\Users\ultra\.nuget\packages\aerowizard\2.3.1\lib\net45\AeroWizard.dll [C:\Users\ultra\warewolf\Dev\Warewolf.Studio.Views\Warewolf.Studio.Views.csproj]
C:\Program Files\dotnet\sdk\10.0.201\Microsoft.Common.CurrentVersion.targets(2451,5): warning MSB3277:             C:\Users\ultra\.nuget\packages\groupcontrols\1.9.0\lib\net45\GroupControls.dll [C:\Users\ultra\warewolf\Dev\Warewolf.Studio.Views\Warewolf.Studio.Views.csproj]
C:\Program Files\dotnet\sdk\10.0.201\Microsoft.Common.CurrentVersion.targets(2451,5): warning MSB3277:             C:\Users\ultra\.nuget\packages\microsoft.xaml.behaviors.wpf\1.1.122\lib\net462\Microsoft.Xaml.Behaviors.dll [C:\Users\ultra\warewolf\Dev\Warewolf.Studio.Views\Warewolf.Studio.Views.csproj]
C:\Program Files\dotnet\sdk\10.0.201\Microsoft.Common.CurrentVersion.targets(2451,5): warning MSB3277:             C:\Users\ultra\.nuget\packages\caliburn.micro\4.0.212\lib\netcoreapp3.1\Caliburn.Micro.Platform.dll [C:\Users\ultra\warewolf\Dev\Warewolf.Studio.Views\Warewolf.Studio.Views.csproj]
C:\Program Files\dotnet\sdk\10.0.201\Microsoft.Common.CurrentVersion.targets(2451,5): warning MSB3277:             C:\Users\ultra\.nuget\packages\prism.wpf\9.0.537\lib\net462\Prism.Wpf.dll [C:\Users\ultra\warewolf\Dev\Warewolf.Studio.Views\Warewolf.Studio.Views.csproj]
C:\Program Files\dotnet\sdk\10.0.201\Microsoft.Common.CurrentVersion.targets(2451,5): warning MSB3277:             C:\Users\ultra\.nuget\packages\reactiveui.wpf\18.4.1\lib\net462\ReactiveUI.Wpf.dll [C:\Users\ultra\warewolf\Dev\Warewolf.Studio.Views\Warewolf.Studio.Views.csproj]
C:\Program Files\dotnet\sdk\10.0.201\Microsoft.Common.CurrentVersion.targets(2451,5): warning MSB3277:             C:\Users\ultra\.nuget\packages\taskschedulereditor\2.10.1\lib\net452\Microsoft.Win32.TaskSchedulerEditor.dll [C:\Users\ultra\warewolf\Dev\Warewolf.Studio.Views\Warewolf.Studio.Views.csproj]
C:\Program Files\dotnet\sdk\10.0.201\Microsoft.Common.CurrentVersion.targets(2451,5): warning MSB3277:             C:\Users\ultra\.nuget\packages\ttcue.netcore.sharepointonline.csom.16.1.8029.1200\16.1.8029.1200\lib\netcoreapp2.0\Microsoft.SharePoint.Client.Runtime.Windows.dll [C:\Users\ultra\warewolf\Dev\Warewolf.Studio.Views\Warewolf.Studio.Views.csproj]
C:\Program Files\dotnet\sdk\10.0.201\Microsoft.Common.CurrentVersion.targets(2451,5): warning MSB3277: Found conflicts between different versions of "System.Security.Permissions" that could not be resolved. [C:\Users\ultra\warewolf\Dev\Warewolf.Studio.Views\Warewolf.Studio.Views.csproj]
C:\Program Files\dotnet\sdk\10.0.201\Microsoft.Common.CurrentVersion.targets(2451,5): warning MSB3277: There was a conflict between "System.Security.Permissions, Version=6.0.0.0, Culture=neutral, PublicKeyToken=cc7b13ffcd2ddd51" and "System.Security.Permissions, Version=7.0.0.0, Culture=neutral, PublicKeyToken=cc7b13ffcd2ddd51". [C:\Users\ultra\warewolf\Dev\Warewolf.Studio.Views\Warewolf.Studio.Views.csproj]
C:\Program Files\dotnet\sdk\10.0.201\Microsoft.Common.CurrentVersion.targets(2451,5): warning MSB3277:     "System.Security.Permissions, Version=6.0.0.0, Culture=neutral, PublicKeyToken=cc7b13ffcd2ddd51" was chosen because it was primary and "System.Security.Permissions, Version=7.0.0.0, Culture=neutral, PublicKeyToken=cc7b13ffcd2ddd51" was not. [C:\Users\ultra\warewolf\Dev\Warewolf.Studio.Views\Warewolf.Studio.Views.csproj]
C:\Program Files\dotnet\sdk\10.0.201\Microsoft.Common.CurrentVersion.targets(2451,5): warning MSB3277:     References which depend on "System.Security.Permissions, Version=6.0.0.0, Culture=neutral, PublicKeyToken=cc7b13ffcd2ddd51" [C:\Users\ultra\.nuget\packages\system.security.permissions\6.0.0\lib\net6.0\System.Security.Permissions.dll]. [C:\Users\ultra\warewolf\Dev\Warewolf.Studio.Views\Warewolf.Studio.Views.csproj]
C:\Program Files\dotnet\sdk\10.0.201\Microsoft.Common.CurrentVersion.targets(2451,5): warning MSB3277:         C:\Users\ultra\.nuget\packages\system.security.permissions\6.0.0\lib\net6.0\System.Security.Permissions.dll [C:\Users\ultra\warewolf\Dev\Warewolf.Studio.Views\Warewolf.Studio.Views.csproj]
C:\Program Files\dotnet\sdk\10.0.201\Microsoft.Common.CurrentVersion.targets(2451,5): warning MSB3277:           Project file item includes which caused reference "C:\Users\ultra\.nuget\packages\system.security.permissions\6.0.0\lib\net6.0\System.Security.Permissions.dll". [C:\Users\ultra\warewolf\Dev\Warewolf.Studio.Views\Warewolf.Studio.Views.csproj]
C:\Program Files\dotnet\sdk\10.0.201\Microsoft.Common.CurrentVersion.targets(2451,5): warning MSB3277:             C:\Users\ultra\.nuget\packages\system.security.permissions\6.0.0\lib\net6.0\System.Security.Permissions.dll [C:\Users\ultra\warewolf\Dev\Warewolf.Studio.Views\Warewolf.Studio.Views.csproj]
C:\Program Files\dotnet\sdk\10.0.201\Microsoft.Common.CurrentVersion.targets(2451,5): warning MSB3277:     References which depend on or have been unified to "System.Security.Permissions, Version=7.0.0.0, Culture=neutral, PublicKeyToken=cc7b13ffcd2ddd51" []. [C:\Users\ultra\warewolf\Dev\Warewolf.Studio.Views\Warewolf.Studio.Views.csproj]
C:\Program Files\dotnet\sdk\10.0.201\Microsoft.Common.CurrentVersion.targets(2451,5): warning MSB3277:         C:\Users\ultra\warewolf\Dev\Warewolf.Studio.CustomControls\bin\Debug\net8.0\Warewolf.Studio.CustomControls.dll [C:\Users\ultra\warewolf\Dev\Warewolf.Studio.Views\Warewolf.Studio.Views.csproj]
C:\Program Files\dotnet\sdk\10.0.201\Microsoft.Common.CurrentVersion.targets(2451,5): warning MSB3277:           Project file item includes which caused reference "C:\Users\ultra\warewolf\Dev\Warewolf.Studio.CustomControls\bin\Debug\net8.0\Warewolf.Studio.CustomControls.dll". [C:\Users\ultra\warewolf\Dev\Warewolf.Studio.Views\Warewolf.Studio.Views.csproj]
C:\Program Files\dotnet\sdk\10.0.201\Microsoft.Common.CurrentVersion.targets(2451,5): warning MSB3277:             C:\Users\ultra\warewolf\Dev\Warewolf.Studio.CustomControls\bin\Debug\net8.0\Warewolf.Studio.CustomControls.dll [C:\Users\ultra\warewolf\Dev\Warewolf.Studio.Views\Warewolf.Studio.Views.csproj]
C:\Program Files\dotnet\sdk\10.0.201\Microsoft.Common.CurrentVersion.targets(2451,5): warning MSB3277:         C:\Users\ultra\warewolf\Dev\Dev2.Data\bin\Debug\net8.0\Dev2.Data.dll [C:\Users\ultra\warewolf\Dev\Warewolf.Studio.Views\Warewolf.Studio.Views.csproj]
C:\Program Files\dotnet\sdk\10.0.201\Microsoft.Common.CurrentVersion.targets(2451,5): warning MSB3277:           Project file item includes which caused reference "C:\Users\ultra\warewolf\Dev\Dev2.Data\bin\Debug\net8.0\Dev2.Data.dll". [C:\Users\ultra\warewolf\Dev\Warewolf.Studio.Views\Warewolf.Studio.Views.csproj]
C:\Program Files\dotnet\sdk\10.0.201\Microsoft.Common.CurrentVersion.targets(2451,5): warning MSB3277:             C:\Users\ultra\warewolf\Dev\Dev2.Data\bin\Debug\net8.0\Dev2.Data.dll [C:\Users\ultra\warewolf\Dev\Warewolf.Studio.Views\Warewolf.Studio.Views.csproj]
C:\Program Files\dotnet\sdk\10.0.201\Microsoft.Common.CurrentVersion.targets(2451,5): warning MSB3277:             C:\Users\ultra\warewolf\Dev\Dev2.Activities\bin\Debug\net8.0\Dev2.Activities.dll [C:\Users\ultra\warewolf\Dev\Warewolf.Studio.Views\Warewolf.Studio.Views.csproj]
C:\Program Files\dotnet\sdk\10.0.201\Microsoft.Common.CurrentVersion.targets(2451,5): warning MSB3277:             C:\Users\ultra\warewolf\Dev\Dev2.Core\bin\Debug\net8.0\Dev2.Core.dll [C:\Users\ultra\warewolf\Dev\Warewolf.Studio.Views\Warewolf.Studio.Views.csproj]
C:\Program Files\dotnet\sdk\10.0.201\Microsoft.Common.CurrentVersion.targets(2451,5): warning MSB3277:             C:\Users\ultra\warewolf\Dev\Dev2.Intellisense\bin\Debug\net8.0\Dev2.Intellisense.dll [C:\Users\ultra\warewolf\Dev\Warewolf.Studio.Views\Warewolf.Studio.Views.csproj]
C:\Program Files\dotnet\sdk\10.0.201\Microsoft.Common.CurrentVersion.targets(2451,5): warning MSB3277:             C:\Users\ultra\warewolf\Dev\Dev2.Studio.Core\bin\Debug\net8.0\Dev2.Studio.Core.dll [C:\Users\ultra\warewolf\Dev\Warewolf.Studio.Views\Warewolf.Studio.Views.csproj]
C:\Program Files\dotnet\sdk\10.0.201\Microsoft.Common.CurrentVersion.targets(2451,5): warning MSB3277:             C:\Users\ultra\warewolf\Dev\Dev2.Studio.Interfaces\bin\Debug\net8.0\Dev2.Studio.Interfaces.dll [C:\Users\ultra\warewolf\Dev\Warewolf.Studio.Views\Warewolf.Studio.Views.csproj]
C:\Program Files\dotnet\sdk\10.0.201\Microsoft.Common.CurrentVersion.targets(2451,5): warning MSB3277:             C:\Users\ultra\warewolf\Dev\Warewolf.Studio.Core\bin\Debug\net8.0\Warewolf.Studio.Core.dll [C:\Users\ultra\warewolf\Dev\Warewolf.Studio.Views\Warewolf.Studio.Views.csproj]
C:\Program Files\dotnet\sdk\10.0.201\Microsoft.Common.CurrentVersion.targets(2451,5): warning MSB3277:             C:\Users\ultra\warewolf\Dev\Warewolf.Studio.CustomControls\bin\Debug\net8.0\Warewolf.Studio.CustomControls.dll [C:\Users\ultra\warewolf\Dev\Warewolf.Studio.Views\Warewolf.Studio.Views.csproj]
C:\Program Files\dotnet\sdk\10.0.201\Microsoft.Common.CurrentVersion.targets(2451,5): warning MSB3277:             C:\Users\ultra\warewolf\Dev\Warewolf.Studio.ViewModels\bin\Debug\net8.0\Warewolf.Studio.ViewModels.dll [C:\Users\ultra\warewolf\Dev\Warewolf.Studio.Views\Warewolf.Studio.Views.csproj]
C:\Program Files\dotnet\sdk\10.0.201\Microsoft.Common.CurrentVersion.targets(2451,5): warning MSB3277:             C:\Users\ultra\warewolf\Dev\Dev2.Runtime.Services\bin\Debug\net8.0\Dev2.Runtime.Services.dll [C:\Users\ultra\warewolf\Dev\Warewolf.Studio.Views\Warewolf.Studio.Views.csproj]
C:\Program Files\dotnet\sdk\10.0.201\Microsoft.Common.CurrentVersion.targets(2451,5): warning MSB3277:             C:\Users\ultra\warewolf\Dev\Dev2.Scheduler\bin\Debug\net8.0\Dev2.Scheduler.dll [C:\Users\ultra\warewolf\Dev\Warewolf.Studio.Views\Warewolf.Studio.Views.csproj]
C:\Program Files\dotnet\sdk\10.0.201\Microsoft.Common.CurrentVersion.targets(2451,5): warning MSB3277:             C:\Users\ultra\warewolf\Dev\Dev2.Services.Execution\bin\Debug\net8.0\Dev2.Services.Execution.dll [C:\Users\ultra\warewolf\Dev\Warewolf.Studio.Views\Warewolf.Studio.Views.csproj]
C:\Program Files\dotnet\sdk\10.0.201\Microsoft.Common.CurrentVersion.targets(2451,5): warning MSB3277:             C:\Users\ultra\warewolf\Dev\Warewolf.Auditing\bin\Debug\net8.0\Warewolf.Auditing.dll [C:\Users\ultra\warewolf\Dev\Warewolf.Studio.Views\Warewolf.Studio.Views.csproj]
C:\Program Files\dotnet\sdk\10.0.201\Microsoft.Common.CurrentVersion.targets(2451,5): warning MSB3277:             C:\Users\ultra\warewolf\Dev\Warewolf.Common.NetStandard20\bin\Debug\net8.0\Warewolf.Common.NetStandard20.dll [C:\Users\ultra\warewolf\Dev\Warewolf.Studio.Views\Warewolf.Studio.Views.csproj]
C:\Program Files\dotnet\sdk\10.0.201\Microsoft.Common.CurrentVersion.targets(2451,5): warning MSB3277:             C:\Users\ultra\warewolf\Dev\Warewolf.Core\bin\Debug\net8.0\Warewolf.Core.dll [C:\Users\ultra\warewolf\Dev\Warewolf.Studio.Views\Warewolf.Studio.Views.csproj]
C:\Program Files\dotnet\sdk\10.0.201\Microsoft.Common.CurrentVersion.targets(2451,5): warning MSB3277:             C:\Users\ultra\warewolf\Dev\Warewolf.Driver.Persistence\bin\Debug\net8.0\Warewolf.Driver.Persistence.dll [C:\Users\ultra\warewolf\Dev\Warewolf.Studio.Views\Warewolf.Studio.Views.csproj]
C:\Program Files\dotnet\sdk\10.0.201\Microsoft.Common.CurrentVersion.targets(2451,5): warning MSB3277:             C:\Users\ultra\warewolf\Dev\Warewolf.Exchange.Email.Wrapper\bin\Debug\net8.0\Warewolf.Exchange.Email.Wrapper.dll [C:\Users\ultra\warewolf\Dev\Warewolf.Studio.Views\Warewolf.Studio.Views.csproj]
C:\Program Files\dotnet\sdk\10.0.201\Microsoft.Common.CurrentVersion.targets(2451,5): warning MSB3277:             C:\Users\ultra\warewolf\Dev\Warewolf.ResourceManagement\bin\Debug\net8.0\Warewolf.ResourceManagement.dll [C:\Users\ultra\warewolf\Dev\Warewolf.Studio.Views\Warewolf.Studio.Views.csproj]
C:\Program Files\dotnet\sdk\10.0.201\Microsoft.Common.CurrentVersion.targets(2451,5): warning MSB3277:             C:\Users\ultra\warewolf\Dev\Warewolf.Studio.Models\bin\Debug\net8.0\Warewolf.Studio.Models.dll [C:\Users\ultra\warewolf\Dev\Warewolf.Studio.Views\Warewolf.Studio.Views.csproj]
C:\Program Files\dotnet\sdk\10.0.201\Microsoft.Common.CurrentVersion.targets(2451,5): warning MSB3277:             C:\Users\ultra\warewolf\Dev\Warewolf.UI\bin\Debug\net8.0\Warewolf.UI.dll [C:\Users\ultra\warewolf\Dev\Warewolf.Studio.Views\Warewolf.Studio.Views.csproj]
C:\Program Files\dotnet\sdk\10.0.201\Microsoft.Common.CurrentVersion.targets(2451,5): warning MSB3277:         C:\Users\ultra\warewolf\Dev\Binaries\Infragistcs_Net6\InfragisticsWPF4.DockManager.v15.1.dll [C:\Users\ultra\warewolf\Dev\Warewolf.Studio.Views\Warewolf.Studio.Views.csproj]
C:\Program Files\dotnet\sdk\10.0.201\Microsoft.Common.CurrentVersion.targets(2451,5): warning MSB3277:           Project file item includes which caused reference "C:\Users\ultra\warewolf\Dev\Binaries\Infragistcs_Net6\InfragisticsWPF4.DockManager.v15.1.dll". [C:\Users\ultra\warewolf\Dev\Warewolf.Studio.Views\Warewolf.Studio.Views.csproj]
C:\Program Files\dotnet\sdk\10.0.201\Microsoft.Common.CurrentVersion.targets(2451,5): warning MSB3277:             InfragisticsWPF4.DockManager.v15.1 [C:\Users\ultra\warewolf\Dev\Warewolf.Studio.Views\Warewolf.Studio.Views.csproj]
C:\Program Files\dotnet\sdk\10.0.201\Microsoft.Common.CurrentVersion.targets(2451,5): warning MSB3277:         C:\Users\ultra\warewolf\Dev\Binaries\Infragistcs_Net6\InfragisticsWPF4.v15.1.dll [C:\Users\ultra\warewolf\Dev\Warewolf.Studio.Views\Warewolf.Studio.Views.csproj]
C:\Program Files\dotnet\sdk\10.0.201\Microsoft.Common.CurrentVersion.targets(2451,5): warning MSB3277:           Project file item includes which caused reference "C:\Users\ultra\warewolf\Dev\Binaries\Infragistcs_Net6\InfragisticsWPF4.v15.1.dll". [C:\Users\ultra\warewolf\Dev\Warewolf.Studio.Views\Warewolf.Studio.Views.csproj]
C:\Program Files\dotnet\sdk\10.0.201\Microsoft.Common.CurrentVersion.targets(2451,5): warning MSB3277:             InfragisticsWPF4.v15.1 [C:\Users\ultra\warewolf\Dev\Warewolf.Studio.Views\Warewolf.Studio.Views.csproj]
C:\Program Files\dotnet\sdk\10.0.201\Microsoft.Common.CurrentVersion.targets(2451,5): warning MSB3277:             InfragisticsWPF4.Controls.Editors.XamComboEditor.v15.1 [C:\Users\ultra\warewolf\Dev\Warewolf.Studio.Views\Warewolf.Studio.Views.csproj]
C:\Program Files\dotnet\sdk\10.0.201\Microsoft.Common.CurrentVersion.targets(2451,5): warning MSB3277:             InfragisticsWPF4.Controls.Editors.XamRichTextEditor.v15.1 [C:\Users\ultra\warewolf\Dev\Warewolf.Studio.Views\Warewolf.Studio.Views.csproj]
C:\Program Files\dotnet\sdk\10.0.201\Microsoft.Common.CurrentVersion.targets(2451,5): warning MSB3277:             InfragisticsWPF4.Controls.Grids.XamGrid.v15.1 [C:\Users\ultra\warewolf\Dev\Warewolf.Studio.Views\Warewolf.Studio.Views.csproj]
C:\Program Files\dotnet\sdk\10.0.201\Microsoft.Common.CurrentVersion.targets(2451,5): warning MSB3277:             InfragisticsWPF4.Controls.Interactions.XamDialogWindow.v15.1 [C:\Users\ultra\warewolf\Dev\Warewolf.Studio.Views\Warewolf.Studio.Views.csproj]
C:\Program Files\dotnet\sdk\10.0.201\Microsoft.Common.CurrentVersion.targets(2451,5): warning MSB3277:             InfragisticsWPF4.Controls.Menus.XamDataTree.v15.1 [C:\Users\ultra\warewolf\Dev\Warewolf.Studio.Views\Warewolf.Studio.Views.csproj]
C:\Program Files\dotnet\sdk\10.0.201\Microsoft.Common.CurrentVersion.targets(2451,5): warning MSB3277:             InfragisticsWPF4.Controls.Menus.XamMenu.v15.1 [C:\Users\ultra\warewolf\Dev\Warewolf.Studio.Views\Warewolf.Studio.Views.csproj]
C:\Program Files\dotnet\sdk\10.0.201\Microsoft.Common.CurrentVersion.targets(2451,5): warning MSB3277:             InfragisticsWPF4.DataManager.v15.1 [C:\Users\ultra\warewolf\Dev\Warewolf.Studio.Views\Warewolf.Studio.Views.csproj]
C:\Program Files\dotnet\sdk\10.0.201\Microsoft.Common.CurrentVersion.targets(2451,5): warning MSB3277:             InfragisticsWPF4.DockManager.v15.1 [C:\Users\ultra\warewolf\Dev\Warewolf.Studio.Views\Warewolf.Studio.Views.csproj]
C:\Program Files\dotnet\sdk\10.0.201\Microsoft.Common.CurrentVersion.targets(2451,5): warning MSB3277:             InfragisticsWPF4.Documents.RichTextDocument.Html.v15.1 [C:\Users\ultra\warewolf\Dev\Warewolf.Studio.Views\Warewolf.Studio.Views.csproj]
C:\Program Files\dotnet\sdk\10.0.201\Microsoft.Common.CurrentVersion.targets(2451,5): warning MSB3277:             InfragisticsWPF4.Documents.RichTextDocument.v15.1 [C:\Users\ultra\warewolf\Dev\Warewolf.Studio.Views\Warewolf.Studio.Views.csproj]
C:\Program Files\dotnet\sdk\10.0.201\Microsoft.Common.CurrentVersion.targets(2451,5): warning MSB3277:             InfragisticsWPF4.Editors.v15.1 [C:\Users\ultra\warewolf\Dev\Warewolf.Studio.Views\Warewolf.Studio.Views.csproj]
C:\Program Files\dotnet\sdk\10.0.201\Microsoft.Common.CurrentVersion.targets(2451,5): warning MSB3277:         C:\Users\ultra\.nuget\packages\dotnetzip\1.16.0\lib\netstandard2.0\DotNetZip.dll [C:\Users\ultra\warewolf\Dev\Warewolf.Studio.Views\Warewolf.Studio.Views.csproj]
C:\Program Files\dotnet\sdk\10.0.201\Microsoft.Common.CurrentVersion.targets(2451,5): warning MSB3277:           Project file item includes which caused reference "C:\Users\ultra\.nuget\packages\dotnetzip\1.16.0\lib\netstandard2.0\DotNetZip.dll". [C:\Users\ultra\warewolf\Dev\Warewolf.Studio.Views\Warewolf.Studio.Views.csproj]
C:\Program Files\dotnet\sdk\10.0.201\Microsoft.Common.CurrentVersion.targets(2451,5): warning MSB3277:             C:\Users\ultra\.nuget\packages\dotnetzip\1.16.0\lib\netstandard2.0\DotNetZip.dll [C:\Users\ultra\warewolf\Dev\Warewolf.Studio.Views\Warewolf.Studio.Views.csproj]
C:\Program Files\dotnet\sdk\10.0.201\Microsoft.Common.CurrentVersion.targets(2451,5): warning MSB3277:             C:\Users\ultra\warewolf\Dev\Dev2.Common\bin\Debug\net8.0\Dev2.Common.dll [C:\Users\ultra\warewolf\Dev\Warewolf.Studio.Views\Warewolf.Studio.Views.csproj]
C:\Program Files\dotnet\sdk\10.0.201\Microsoft.Common.CurrentVersion.targets(2451,5): warning MSB3277:             C:\Users\ultra\warewolf\Dev\Dev2.Activities\bin\Debug\net8.0\Dev2.Activities.dll [C:\Users\ultra\warewolf\Dev\Warewolf.Studio.Views\Warewolf.Studio.Views.csproj]
C:\Program Files\dotnet\sdk\10.0.201\Microsoft.Common.CurrentVersion.targets(2451,5): warning MSB3277:             C:\Users\ultra\warewolf\Dev\Dev2.Core\bin\Debug\net8.0\Dev2.Core.dll [C:\Users\ultra\warewolf\Dev\Warewolf.Studio.Views\Warewolf.Studio.Views.csproj]
C:\Program Files\dotnet\sdk\10.0.201\Microsoft.Common.CurrentVersion.targets(2451,5): warning MSB3277:             C:\Users\ultra\warewolf\Dev\Dev2.Diagnostics\bin\Debug\net8.0\Dev2.Diagnostics.dll [C:\Users\ultra\warewolf\Dev\Warewolf.Studio.Views\Warewolf.Studio.Views.csproj]
C:\Program Files\dotnet\sdk\10.0.201\Microsoft.Common.CurrentVersion.targets(2451,5): warning MSB3277:             C:\Users\ultra\warewolf\Dev\Dev2.Infrastructure\bin\Debug\net8.0\Dev2.Infrastructure.dll [C:\Users\ultra\warewolf\Dev\Warewolf.Studio.Views\Warewolf.Studio.Views.csproj]
C:\Program Files\dotnet\sdk\10.0.201\Microsoft.Common.CurrentVersion.targets(2451,5): warning MSB3277:             C:\Users\ultra\warewolf\Dev\Dev2.Intellisense\bin\Debug\net8.0\Dev2.Intellisense.dll [C:\Users\ultra\warewolf\Dev\Warewolf.Studio.Views\Warewolf.Studio.Views.csproj]
C:\Program Files\dotnet\sdk\10.0.201\Microsoft.Common.CurrentVersion.targets(2451,5): warning MSB3277:             C:\Users\ultra\warewolf\Dev\Dev2.Studio.Core\bin\Debug\net8.0\Dev2.Studio.Core.dll [C:\Users\ultra\warewolf\Dev\Warewolf.Studio.Views\Warewolf.Studio.Views.csproj]
C:\Program Files\dotnet\sdk\10.0.201\Microsoft.Common.CurrentVersion.targets(2451,5): warning MSB3277:             C:\Users\ultra\warewolf\Dev\Dev2.Studio.Interfaces\bin\Debug\net8.0\Dev2.Studio.Interfaces.dll [C:\Users\ultra\warewolf\Dev\Warewolf.Studio.Views\Warewolf.Studio.Views.csproj]
C:\Program Files\dotnet\sdk\10.0.201\Microsoft.Common.CurrentVersion.targets(2451,5): warning MSB3277:             C:\Users\ultra\warewolf\Dev\Warewolf.Studio.Core\bin\Debug\net8.0\Warewolf.Studio.Core.dll [C:\Users\ultra\warewolf\Dev\Warewolf.Studio.Views\Warewolf.Studio.Views.csproj]
C:\Program Files\dotnet\sdk\10.0.201\Microsoft.Common.CurrentVersion.targets(2451,5): warning MSB3277:             C:\Users\ultra\warewolf\Dev\Warewolf.Studio.CustomControls\bin\Debug\net8.0\Warewolf.Studio.CustomControls.dll [C:\Users\ultra\warewolf\Dev\Warewolf.Studio.Views\Warewolf.Studio.Views.csproj]
C:\Program Files\dotnet\sdk\10.0.201\Microsoft.Common.CurrentVersion.targets(2451,5): warning MSB3277:             C:\Users\ultra\warewolf\Dev\Warewolf.Studio.ViewModels\bin\Debug\net8.0\Warewolf.Studio.ViewModels.dll [C:\Users\ultra\warewolf\Dev\Warewolf.Studio.Views\Warewolf.Studio.Views.csproj]
C:\Program Files\dotnet\sdk\10.0.201\Microsoft.Common.CurrentVersion.targets(2451,5): warning MSB3277:             C:\Users\ultra\warewolf\Dev\Dev2.Data\bin\Debug\net8.0\Dev2.Data.dll [C:\Users\ultra\warewolf\Dev\Warewolf.Studio.Views\Warewolf.Studio.Views.csproj]
C:\Program Files\dotnet\sdk\10.0.201\Microsoft.Common.CurrentVersion.targets(2451,5): warning MSB3277:             C:\Users\ultra\warewolf\Dev\Dev2.Data.Interfaces\bin\Debug\net8.0\Dev2.Data.Interfaces.dll [C:\Users\ultra\warewolf\Dev\Warewolf.Studio.Views\Warewolf.Studio.Views.csproj]
C:\Program Files\dotnet\sdk\10.0.201\Microsoft.Common.CurrentVersion.targets(2451,5): warning MSB3277:             C:\Users\ultra\warewolf\Dev\Dev2.Development.Languages\bin\Debug\net8.0\Dev2.Development.Languages.dll [C:\Users\ultra\warewolf\Dev\Warewolf.Studio.Views\Warewolf.Studio.Views.csproj]
C:\Program Files\dotnet\sdk\10.0.201\Microsoft.Common.CurrentVersion.targets(2451,5): warning MSB3277:             C:\Users\ultra\warewolf\Dev\Dev2.Runtime.Services\bin\Debug\net8.0\Dev2.Runtime.Services.dll [C:\Users\ultra\warewolf\Dev\Warewolf.Studio.Views\Warewolf.Studio.Views.csproj]
C:\Program Files\dotnet\sdk\10.0.201\Microsoft.Common.CurrentVersion.targets(2451,5): warning MSB3277:             C:\Users\ultra\warewolf\Dev\Dev2.Scheduler\bin\Debug\net8.0\Dev2.Scheduler.dll [C:\Users\ultra\warewolf\Dev\Warewolf.Studio.Views\Warewolf.Studio.Views.csproj]
C:\Program Files\dotnet\sdk\10.0.201\Microsoft.Common.CurrentVersion.targets(2451,5): warning MSB3277:             C:\Users\ultra\warewolf\Dev\Dev2.Services.Execution\bin\Debug\net8.0\Dev2.Services.Execution.dll [C:\Users\ultra\warewolf\Dev\Warewolf.Studio.Views\Warewolf.Studio.Views.csproj]
C:\Program Files\dotnet\sdk\10.0.201\Microsoft.Common.CurrentVersion.targets(2451,5): warning MSB3277:             C:\Users\ultra\warewolf\Dev\Dev2.Services.Sql\bin\Debug\net8.0\Dev2.Services.Sql.dll [C:\Users\ultra\warewolf\Dev\Warewolf.Studio.Views\Warewolf.Studio.Views.csproj]
C:\Program Files\dotnet\sdk\10.0.201\Microsoft.Common.CurrentVersion.targets(2451,5): warning MSB3277:             C:\Users\ultra\warewolf\Dev\Dev2.TaskScheduler.Wrappers\bin\Debug\net8.0\Dev2.TaskScheduler.Wrappers.dll [C:\Users\ultra\warewolf\Dev\Warewolf.Studio.Views\Warewolf.Studio.Views.csproj]
C:\Program Files\dotnet\sdk\10.0.201\Microsoft.Common.CurrentVersion.targets(2451,5): warning MSB3277:             C:\Users\ultra\warewolf\Dev\Dev2.Util\bin\Debug\net8.0\Dev2.Util.dll [C:\Users\ultra\warewolf\Dev\Warewolf.Studio.Views\Warewolf.Studio.Views.csproj]
C:\Program Files\dotnet\sdk\10.0.201\Microsoft.Common.CurrentVersion.targets(2451,5): warning MSB3277:             C:\Users\ultra\warewolf\Dev\Warewolf.AI.Harness\bin\Debug\net8.0\Warewolf.AI.Harness.dll [C:\Users\ultra\warewolf\Dev\Warewolf.Studio.Views\Warewolf.Studio.Views.csproj]
C:\Program Files\dotnet\sdk\10.0.201\Microsoft.Common.CurrentVersion.targets(2451,5): warning MSB3277:             C:\Users\ultra\warewolf\Dev\Warewolf.Auditing\bin\Debug\net8.0\Warewolf.Auditing.dll [C:\Users\ultra\warewolf\Dev\Warewolf.Studio.Views\Warewolf.Studio.Views.csproj]
C:\Program Files\dotnet\sdk\10.0.201\Microsoft.Common.CurrentVersion.targets(2451,5): warning MSB3277:             C:\Users\ultra\warewolf\Dev\Warewolf.Common.NetStandard20\bin\Debug\net8.0\Warewolf.Common.NetStandard20.dll [C:\Users\ultra\warewolf\Dev\Warewolf.Studio.Views\Warewolf.Studio.Views.csproj]
C:\Program Files\dotnet\sdk\10.0.201\Microsoft.Common.CurrentVersion.targets(2451,5): warning MSB3277:             C:\Users\ultra\warewolf\Dev\Warewolf.Core\bin\Debug\net8.0\Warewolf.Core.dll [C:\Users\ultra\warewolf\Dev\Warewolf.Studio.Views\Warewolf.Studio.Views.csproj]
C:\Program Files\dotnet\sdk\10.0.201\Microsoft.Common.CurrentVersion.targets(2451,5): warning MSB3277:             C:\Users\ultra\warewolf\Dev\Warewolf.Driver.Persistence\bin\Debug\net8.0\Warewolf.Driver.Persistence.dll [C:\Users\ultra\warewolf\Dev\Warewolf.Studio.Views\Warewolf.Studio.Views.csproj]
C:\Program Files\dotnet\sdk\10.0.201\Microsoft.Common.CurrentVersion.targets(2451,5): warning MSB3277:             C:\Users\ultra\warewolf\Dev\Warewolf.Driver.Serilog\bin\Debug\net8.0\Warewolf.Driver.Serilog.dll [C:\Users\ultra\warewolf\Dev\Warewolf.Studio.Views\Warewolf.Studio.Views.csproj]
C:\Program Files\dotnet\sdk\10.0.201\Microsoft.Common.CurrentVersion.targets(2451,5): warning MSB3277:             C:\Users\ultra\warewolf\Dev\Warewolf.Exchange.Email.Wrapper\bin\Debug\net8.0\Warewolf.Exchange.Email.Wrapper.dll [C:\Users\ultra\warewolf\Dev\Warewolf.Studio.Views\Warewolf.Studio.Views.csproj]
C:\Program Files\dotnet\sdk\10.0.201\Microsoft.Common.CurrentVersion.targets(2451,5): warning MSB3277:             C:\Users\ultra\warewolf\Dev\Warewolf.ResourceManagement\bin\Debug\net8.0\Warewolf.ResourceManagement.dll [C:\Users\ultra\warewolf\Dev\Warewolf.Studio.Views\Warewolf.Studio.Views.csproj]
C:\Program Files\dotnet\sdk\10.0.201\Microsoft.Common.CurrentVersion.targets(2451,5): warning MSB3277:             C:\Users\ultra\warewolf\Dev\Warewolf.Sharepoint\bin\Debug\net8.0\Warewolf.Sharepoint.dll [C:\Users\ultra\warewolf\Dev\Warewolf.Studio.Views\Warewolf.Studio.Views.csproj]
C:\Program Files\dotnet\sdk\10.0.201\Microsoft.Common.CurrentVersion.targets(2451,5): warning MSB3277:             C:\Users\ultra\warewolf\Dev\Warewolf.Storage\bin\Debug\net8.0\Warewolf.Storage.dll [C:\Users\ultra\warewolf\Dev\Warewolf.Studio.Views\Warewolf.Studio.Views.csproj]
C:\Program Files\dotnet\sdk\10.0.201\Microsoft.Common.CurrentVersion.targets(2451,5): warning MSB3277:             C:\Users\ultra\warewolf\Dev\Warewolf.Studio.Models\bin\Debug\net8.0\Warewolf.Studio.Models.dll [C:\Users\ultra\warewolf\Dev\Warewolf.Studio.Views\Warewolf.Studio.Views.csproj]
C:\Program Files\dotnet\sdk\10.0.201\Microsoft.Common.CurrentVersion.targets(2451,5): warning MSB3277:             C:\Users\ultra\warewolf\Dev\Warewolf.UI\bin\Debug\net8.0\Warewolf.UI.dll [C:\Users\ultra\warewolf\Dev\Warewolf.Studio.Views\Warewolf.Studio.Views.csproj]
C:\Program Files\dotnet\sdk\10.0.201\Microsoft.Common.CurrentVersion.targets(2451,5): warning MSB3277:         C:\Users\ultra\.nuget\packages\mindbox.data.linq\5.0.0\lib\netstandard2.0\Mindbox.Data.Linq.dll [C:\Users\ultra\warewolf\Dev\Warewolf.Studio.Views\Warewolf.Studio.Views.csproj]
C:\Program Files\dotnet\sdk\10.0.201\Microsoft.Common.CurrentVersion.targets(2451,5): warning MSB3277:           Project file item includes which caused reference "C:\Users\ultra\.nuget\packages\mindbox.data.linq\5.0.0\lib\netstandard2.0\Mindbox.Data.Linq.dll". [C:\Users\ultra\warewolf\Dev\Warewolf.Studio.Views\Warewolf.Studio.Views.csproj]
C:\Program Files\dotnet\sdk\10.0.201\Microsoft.Common.CurrentVersion.targets(2451,5): warning MSB3277:             C:\Users\ultra\.nuget\packages\mindbox.data.linq\5.0.0\lib\netstandard2.0\Mindbox.Data.Linq.dll [C:\Users\ultra\warewolf\Dev\Warewolf.Studio.Views\Warewolf.Studio.Views.csproj]
C:\Program Files\dotnet\sdk\10.0.201\Microsoft.Common.CurrentVersion.targets(2451,5): warning MSB3277:             C:\Users\ultra\warewolf\Dev\Warewolf.Auditing\bin\Debug\net8.0\Warewolf.Auditing.dll [C:\Users\ultra\warewolf\Dev\Warewolf.Studio.Views\Warewolf.Studio.Views.csproj]
C:\Program Files\dotnet\sdk\10.0.201\Microsoft.Common.CurrentVersion.targets(2451,5): warning MSB3277:             C:\Users\ultra\warewolf\Dev\Dev2.Activities\bin\Debug\net8.0\Dev2.Activities.dll [C:\Users\ultra\warewolf\Dev\Warewolf.Studio.Views\Warewolf.Studio.Views.csproj]
C:\Program Files\dotnet\sdk\10.0.201\Microsoft.Common.CurrentVersion.targets(2451,5): warning MSB3277:             C:\Users\ultra\warewolf\Dev\Dev2.Studio.Core\bin\Debug\net8.0\Dev2.Studio.Core.dll [C:\Users\ultra\warewolf\Dev\Warewolf.Studio.Views\Warewolf.Studio.Views.csproj]
C:\Program Files\dotnet\sdk\10.0.201\Microsoft.Common.CurrentVersion.targets(2451,5): warning MSB3277:             C:\Users\ultra\warewolf\Dev\Dev2.Intellisense\bin\Debug\net8.0\Dev2.Intellisense.dll [C:\Users\ultra\warewolf\Dev\Warewolf.Studio.Views\Warewolf.Studio.Views.csproj]
C:\Program Files\dotnet\sdk\10.0.201\Microsoft.Common.CurrentVersion.targets(2451,5): warning MSB3277:             C:\Users\ultra\warewolf\Dev\Warewolf.Studio.ViewModels\bin\Debug\net8.0\Warewolf.Studio.ViewModels.dll [C:\Users\ultra\warewolf\Dev\Warewolf.Studio.Views\Warewolf.Studio.Views.csproj]
C:\Program Files\dotnet\sdk\10.0.201\Microsoft.Common.CurrentVersion.targets(2451,5): warning MSB3277:             C:\Users\ultra\warewolf\Dev\Dev2.Runtime.Services\bin\Debug\net8.0\Dev2.Runtime.Services.dll [C:\Users\ultra\warewolf\Dev\Warewolf.Studio.Views\Warewolf.Studio.Views.csproj]
C:\Program Files\dotnet\sdk\10.0.201\Microsoft.Common.CurrentVersion.targets(2451,5): warning MSB3277:             C:\Users\ultra\warewolf\Dev\Dev2.Studio.Interfaces\bin\Debug\net8.0\Dev2.Studio.Interfaces.dll [C:\Users\ultra\warewolf\Dev\Warewolf.Studio.Views\Warewolf.Studio.Views.csproj]
C:\Program Files\dotnet\sdk\10.0.201\Microsoft.Common.CurrentVersion.targets(2451,5): warning MSB3277:             C:\Users\ultra\warewolf\Dev\Warewolf.Studio.Core\bin\Debug\net8.0\Warewolf.Studio.Core.dll [C:\Users\ultra\warewolf\Dev\Warewolf.Studio.Views\Warewolf.Studio.Views.csproj]
C:\Program Files\dotnet\sdk\10.0.201\Microsoft.Common.CurrentVersion.targets(2451,5): warning MSB3277:             C:\Users\ultra\warewolf\Dev\Warewolf.Studio.CustomControls\bin\Debug\net8.0\Warewolf.Studio.CustomControls.dll [C:\Users\ultra\warewolf\Dev\Warewolf.Studio.Views\Warewolf.Studio.Views.csproj]
C:\Program Files\dotnet\sdk\10.0.201\Microsoft.Common.CurrentVersion.targets(2451,5): warning MSB3277:             C:\Users\ultra\warewolf\Dev\Dev2.Services.Execution\bin\Debug\net8.0\Dev2.Services.Execution.dll [C:\Users\ultra\warewolf\Dev\Warewolf.Studio.Views\Warewolf.Studio.Views.csproj]
C:\Program Files\dotnet\sdk\10.0.201\Microsoft.Common.CurrentVersion.targets(2451,5): warning MSB3277:             C:\Users\ultra\warewolf\Dev\Warewolf.Common.NetStandard20\bin\Debug\net8.0\Warewolf.Common.NetStandard20.dll [C:\Users\ultra\warewolf\Dev\Warewolf.Studio.Views\Warewolf.Studio.Views.csproj]
C:\Program Files\dotnet\sdk\10.0.201\Microsoft.Common.CurrentVersion.targets(2451,5): warning MSB3277:             C:\Users\ultra\warewolf\Dev\Warewolf.Driver.Persistence\bin\Debug\net8.0\Warewolf.Driver.Persistence.dll [C:\Users\ultra\warewolf\Dev\Warewolf.Studio.Views\Warewolf.Studio.Views.csproj]
C:\Program Files\dotnet\sdk\10.0.201\Microsoft.Common.CurrentVersion.targets(2451,5): warning MSB3277:             C:\Users\ultra\warewolf\Dev\Warewolf.Studio.Models\bin\Debug\net8.0\Warewolf.Studio.Models.dll [C:\Users\ultra\warewolf\Dev\Warewolf.Studio.Views\Warewolf.Studio.Views.csproj]
C:\Program Files\dotnet\sdk\10.0.201\Microsoft.Common.CurrentVersion.targets(2451,5): warning MSB3277:         C:\Users\ultra\.nuget\packages\mysql.data\8.4.0\lib\net8.0\MySql.Data.dll [C:\Users\ultra\warewolf\Dev\Warewolf.Studio.Views\Warewolf.Studio.Views.csproj]
C:\Program Files\dotnet\sdk\10.0.201\Microsoft.Common.CurrentVersion.targets(2451,5): warning MSB3277:           Project file item includes which caused reference "C:\Users\ultra\.nuget\packages\mysql.data\8.4.0\lib\net8.0\MySql.Data.dll". [C:\Users\ultra\warewolf\Dev\Warewolf.Studio.Views\Warewolf.Studio.Views.csproj]
C:\Program Files\dotnet\sdk\10.0.201\Microsoft.Common.CurrentVersion.targets(2451,5): warning MSB3277:             C:\Users\ultra\.nuget\packages\mysql.data\8.4.0\lib\net8.0\MySql.Data.dll [C:\Users\ultra\warewolf\Dev\Warewolf.Studio.Views\Warewolf.Studio.Views.csproj]
C:\Program Files\dotnet\sdk\10.0.201\Microsoft.Common.CurrentVersion.targets(2451,5): warning MSB3277:             C:\Users\ultra\warewolf\Dev\Dev2.Activities\bin\Debug\net8.0\Dev2.Activities.dll [C:\Users\ultra\warewolf\Dev\Warewolf.Studio.Views\Warewolf.Studio.Views.csproj]
C:\Program Files\dotnet\sdk\10.0.201\Microsoft.Common.CurrentVersion.targets(2451,5): warning MSB3277:             C:\Users\ultra\warewolf\Dev\Dev2.Studio.Core\bin\Debug\net8.0\Dev2.Studio.Core.dll [C:\Users\ultra\warewolf\Dev\Warewolf.Studio.Views\Warewolf.Studio.Views.csproj]
C:\Program Files\dotnet\sdk\10.0.201\Microsoft.Common.CurrentVersion.targets(2451,5): warning MSB3277:             C:\Users\ultra\warewolf\Dev\Dev2.Intellisense\bin\Debug\net8.0\Dev2.Intellisense.dll [C:\Users\ultra\warewolf\Dev\Warewolf.Studio.Views\Warewolf.Studio.Views.csproj]
C:\Program Files\dotnet\sdk\10.0.201\Microsoft.Common.CurrentVersion.targets(2451,5): warning MSB3277:             C:\Users\ultra\warewolf\Dev\Warewolf.Studio.ViewModels\bin\Debug\net8.0\Warewolf.Studio.ViewModels.dll [C:\Users\ultra\warewolf\Dev\Warewolf.Studio.Views\Warewolf.Studio.Views.csproj]
C:\Program Files\dotnet\sdk\10.0.201\Microsoft.Common.CurrentVersion.targets(2451,5): warning MSB3277:             C:\Users\ultra\warewolf\Dev\Dev2.Runtime.Services\bin\Debug\net8.0\Dev2.Runtime.Services.dll [C:\Users\ultra\warewolf\Dev\Warewolf.Studio.Views\Warewolf.Studio.Views.csproj]
C:\Program Files\dotnet\sdk\10.0.201\Microsoft.Common.CurrentVersion.targets(2451,5): warning MSB3277:             C:\Users\ultra\warewolf\Dev\Dev2.Studio.Interfaces\bin\Debug\net8.0\Dev2.Studio.Interfaces.dll [C:\Users\ultra\warewolf\Dev\Warewolf.Studio.Views\Warewolf.Studio.Views.csproj]
C:\Program Files\dotnet\sdk\10.0.201\Microsoft.Common.CurrentVersion.targets(2451,5): warning MSB3277:             C:\Users\ultra\warewolf\Dev\Warewolf.Studio.Core\bin\Debug\net8.0\Warewolf.Studio.Core.dll [C:\Users\ultra\warewolf\Dev\Warewolf.Studio.Views\Warewolf.Studio.Views.csproj]
C:\Program Files\dotnet\sdk\10.0.201\Microsoft.Common.CurrentVersion.targets(2451,5): warning MSB3277:             C:\Users\ultra\warewolf\Dev\Warewolf.Studio.CustomControls\bin\Debug\net8.0\Warewolf.Studio.CustomControls.dll [C:\Users\ultra\warewolf\Dev\Warewolf.Studio.Views\Warewolf.Studio.Views.csproj]
C:\Program Files\dotnet\sdk\10.0.201\Microsoft.Common.CurrentVersion.targets(2451,5): warning MSB3277:             C:\Users\ultra\warewolf\Dev\Dev2.Services.Execution\bin\Debug\net8.0\Dev2.Services.Execution.dll [C:\Users\ultra\warewolf\Dev\Warewolf.Studio.Views\Warewolf.Studio.Views.csproj]
C:\Program Files\dotnet\sdk\10.0.201\Microsoft.Common.CurrentVersion.targets(2451,5): warning MSB3277:             C:\Users\ultra\warewolf\Dev\Dev2.Services.Sql\bin\Debug\net8.0\Dev2.Services.Sql.dll [C:\Users\ultra\warewolf\Dev\Warewolf.Studio.Views\Warewolf.Studio.Views.csproj]
C:\Program Files\dotnet\sdk\10.0.201\Microsoft.Common.CurrentVersion.targets(2451,5): warning MSB3277:             C:\Users\ultra\warewolf\Dev\Warewolf.Driver.Persistence\bin\Debug\net8.0\Warewolf.Driver.Persistence.dll [C:\Users\ultra\warewolf\Dev\Warewolf.Studio.Views\Warewolf.Studio.Views.csproj]
C:\Program Files\dotnet\sdk\10.0.201\Microsoft.Common.CurrentVersion.targets(2451,5): warning MSB3277:             C:\Users\ultra\warewolf\Dev\Warewolf.Studio.Models\bin\Debug\net8.0\Warewolf.Studio.Models.dll [C:\Users\ultra\warewolf\Dev\Warewolf.Studio.Views\Warewolf.Studio.Views.csproj]
C:\Program Files\dotnet\sdk\10.0.201\Microsoft.Common.CurrentVersion.targets(2451,5): warning MSB3277:         C:\Users\ultra\.nuget\packages\oracle.manageddataaccess.core\3.21.70\lib\netstandard2.1\Oracle.ManagedDataAccess.dll [C:\Users\ultra\warewolf\Dev\Warewolf.Studio.Views\Warewolf.Studio.Views.csproj]
C:\Program Files\dotnet\sdk\10.0.201\Microsoft.Common.CurrentVersion.targets(2451,5): warning MSB3277:           Project file item includes which caused reference "C:\Users\ultra\.nuget\packages\oracle.manageddataaccess.core\3.21.70\lib\netstandard2.1\Oracle.ManagedDataAccess.dll". [C:\Users\ultra\warewolf\Dev\Warewolf.Studio.Views\Warewolf.Studio.Views.csproj]
C:\Program Files\dotnet\sdk\10.0.201\Microsoft.Common.CurrentVersion.targets(2451,5): warning MSB3277:             C:\Users\ultra\.nuget\packages\oracle.manageddataaccess.core\3.21.70\lib\netstandard2.1\Oracle.ManagedDataAccess.dll [C:\Users\ultra\warewolf\Dev\Warewolf.Studio.Views\Warewolf.Studio.Views.csproj]
C:\Program Files\dotnet\sdk\10.0.201\Microsoft.Common.CurrentVersion.targets(2451,5): warning MSB3277:             C:\Users\ultra\warewolf\Dev\Dev2.Runtime.Services\bin\Debug\net8.0\Dev2.Runtime.Services.dll [C:\Users\ultra\warewolf\Dev\Warewolf.Studio.Views\Warewolf.Studio.Views.csproj]
C:\Program Files\dotnet\sdk\10.0.201\Microsoft.Common.CurrentVersion.targets(2451,5): warning MSB3277:             C:\Users\ultra\warewolf\Dev\Dev2.Activities\bin\Debug\net8.0\Dev2.Activities.dll [C:\Users\ultra\warewolf\Dev\Warewolf.Studio.Views\Warewolf.Studio.Views.csproj]
C:\Program Files\dotnet\sdk\10.0.201\Microsoft.Common.CurrentVersion.targets(2451,5): warning MSB3277:             C:\Users\ultra\warewolf\Dev\Dev2.Studio.Core\bin\Debug\net8.0\Dev2.Studio.Core.dll [C:\Users\ultra\warewolf\Dev\Warewolf.Studio.Views\Warewolf.Studio.Views.csproj]
C:\Program Files\dotnet\sdk\10.0.201\Microsoft.Common.CurrentVersion.targets(2451,5): warning MSB3277:             C:\Users\ultra\warewolf\Dev\Dev2.Intellisense\bin\Debug\net8.0\Dev2.Intellisense.dll [C:\Users\ultra\warewolf\Dev\Warewolf.Studio.Views\Warewolf.Studio.Views.csproj]
C:\Program Files\dotnet\sdk\10.0.201\Microsoft.Common.CurrentVersion.targets(2451,5): warning MSB3277:             C:\Users\ultra\warewolf\Dev\Dev2.Studio.Interfaces\bin\Debug\net8.0\Dev2.Studio.Interfaces.dll [C:\Users\ultra\warewolf\Dev\Warewolf.Studio.Views\Warewolf.Studio.Views.csproj]
C:\Program Files\dotnet\sdk\10.0.201\Microsoft.Common.CurrentVersion.targets(2451,5): warning MSB3277:             C:\Users\ultra\warewolf\Dev\Warewolf.Studio.Core\bin\Debug\net8.0\Warewolf.Studio.Core.dll [C:\Users\ultra\warewolf\Dev\Warewolf.Studio.Views\Warewolf.Studio.Views.csproj]
C:\Program Files\dotnet\sdk\10.0.201\Microsoft.Common.CurrentVersion.targets(2451,5): warning MSB3277:             C:\Users\ultra\warewolf\Dev\Warewolf.Studio.CustomControls\bin\Debug\net8.0\Warewolf.Studio.CustomControls.dll [C:\Users\ultra\warewolf\Dev\Warewolf.Studio.Views\Warewolf.Studio.Views.csproj]
C:\Program Files\dotnet\sdk\10.0.201\Microsoft.Common.CurrentVersion.targets(2451,5): warning MSB3277:             C:\Users\ultra\warewolf\Dev\Warewolf.Studio.ViewModels\bin\Debug\net8.0\Warewolf.Studio.ViewModels.dll [C:\Users\ultra\warewolf\Dev\Warewolf.Studio.Views\Warewolf.Studio.Views.csproj]
C:\Program Files\dotnet\sdk\10.0.201\Microsoft.Common.CurrentVersion.targets(2451,5): warning MSB3277:             C:\Users\ultra\warewolf\Dev\Dev2.Services.Execution\bin\Debug\net8.0\Dev2.Services.Execution.dll [C:\Users\ultra\warewolf\Dev\Warewolf.Studio.Views\Warewolf.Studio.Views.csproj]
C:\Program Files\dotnet\sdk\10.0.201\Microsoft.Common.CurrentVersion.targets(2451,5): warning MSB3277:             C:\Users\ultra\warewolf\Dev\Dev2.Services.Sql\bin\Debug\net8.0\Dev2.Services.Sql.dll [C:\Users\ultra\warewolf\Dev\Warewolf.Studio.Views\Warewolf.Studio.Views.csproj]
C:\Program Files\dotnet\sdk\10.0.201\Microsoft.Common.CurrentVersion.targets(2451,5): warning MSB3277:             C:\Users\ultra\warewolf\Dev\Warewolf.Driver.Persistence\bin\Debug\net8.0\Warewolf.Driver.Persistence.dll [C:\Users\ultra\warewolf\Dev\Warewolf.Studio.Views\Warewolf.Studio.Views.csproj]
C:\Program Files\dotnet\sdk\10.0.201\Microsoft.Common.CurrentVersion.targets(2451,5): warning MSB3277:             C:\Users\ultra\warewolf\Dev\Warewolf.Studio.Models\bin\Debug\net8.0\Warewolf.Studio.Models.dll [C:\Users\ultra\warewolf\Dev\Warewolf.Studio.Views\Warewolf.Studio.Views.csproj]
C:\Program Files\dotnet\sdk\10.0.201\Microsoft.Common.CurrentVersion.targets(2451,5): warning MSB3277:         C:\Users\ultra\.nuget\packages\system.directoryservices\6.0.0\lib\net6.0\System.DirectoryServices.dll [C:\Users\ultra\warewolf\Dev\Warewolf.Studio.Views\Warewolf.Studio.Views.csproj]
C:\Program Files\dotnet\sdk\10.0.201\Microsoft.Common.CurrentVersion.targets(2451,5): warning MSB3277:           Project file item includes which caused reference "C:\Users\ultra\.nuget\packages\system.directoryservices\6.0.0\lib\net6.0\System.DirectoryServices.dll". [C:\Users\ultra\warewolf\Dev\Warewolf.Studio.Views\Warewolf.Studio.Views.csproj]
C:\Program Files\dotnet\sdk\10.0.201\Microsoft.Common.CurrentVersion.targets(2451,5): warning MSB3277:             C:\Users\ultra\.nuget\packages\system.directoryservices\6.0.0\lib\net6.0\System.DirectoryServices.dll [C:\Users\ultra\warewolf\Dev\Warewolf.Studio.Views\Warewolf.Studio.Views.csproj]
C:\Program Files\dotnet\sdk\10.0.201\Microsoft.Common.CurrentVersion.targets(2451,5): warning MSB3277:             C:\Users\ultra\.nuget\packages\corewcf.primitives\1.2.1\lib\netstandard2.0\CoreWCF.Primitives.dll [C:\Users\ultra\warewolf\Dev\Warewolf.Studio.Views\Warewolf.Studio.Views.csproj]
C:\Program Files\dotnet\sdk\10.0.201\Microsoft.Common.CurrentVersion.targets(2451,5): warning MSB3277:             C:\Users\ultra\warewolf\Dev\Dev2.Runtime.Services\bin\Debug\net8.0\Dev2.Runtime.Services.dll [C:\Users\ultra\warewolf\Dev\Warewolf.Studio.Views\Warewolf.Studio.Views.csproj]
C:\Program Files\dotnet\sdk\10.0.201\Microsoft.Common.CurrentVersion.targets(2451,5): warning MSB3277:             C:\Users\ultra\warewolf\Dev\Dev2.Activities\bin\Debug\net8.0\Dev2.Activities.dll [C:\Users\ultra\warewolf\Dev\Warewolf.Studio.Views\Warewolf.Studio.Views.csproj]
C:\Program Files\dotnet\sdk\10.0.201\Microsoft.Common.CurrentVersion.targets(2451,5): warning MSB3277:             C:\Users\ultra\warewolf\Dev\Dev2.Studio.Core\bin\Debug\net8.0\Dev2.Studio.Core.dll [C:\Users\ultra\warewolf\Dev\Warewolf.Studio.Views\Warewolf.Studio.Views.csproj]
C:\Program Files\dotnet\sdk\10.0.201\Microsoft.Common.CurrentVersion.targets(2451,5): warning MSB3277:             C:\Users\ultra\warewolf\Dev\Dev2.Intellisense\bin\Debug\net8.0\Dev2.Intellisense.dll [C:\Users\ultra\warewolf\Dev\Warewolf.Studio.Views\Warewolf.Studio.Views.csproj]
C:\Program Files\dotnet\sdk\10.0.201\Microsoft.Common.CurrentVersion.targets(2451,5): warning MSB3277:             C:\Users\ultra\warewolf\Dev\Dev2.Studio.Interfaces\bin\Debug\net8.0\Dev2.Studio.Interfaces.dll [C:\Users\ultra\warewolf\Dev\Warewolf.Studio.Views\Warewolf.Studio.Views.csproj]
C:\Program Files\dotnet\sdk\10.0.201\Microsoft.Common.CurrentVersion.targets(2451,5): warning MSB3277:             C:\Users\ultra\warewolf\Dev\Warewolf.Studio.Core\bin\Debug\net8.0\Warewolf.Studio.Core.dll [C:\Users\ultra\warewolf\Dev\Warewolf.Studio.Views\Warewolf.Studio.Views.csproj]
C:\Program Files\dotnet\sdk\10.0.201\Microsoft.Common.CurrentVersion.targets(2451,5): warning MSB3277:             C:\Users\ultra\warewolf\Dev\Warewolf.Studio.CustomControls\bin\Debug\net8.0\Warewolf.Studio.CustomControls.dll [C:\Users\ultra\warewolf\Dev\Warewolf.Studio.Views\Warewolf.Studio.Views.csproj]
C:\Program Files\dotnet\sdk\10.0.201\Microsoft.Common.CurrentVersion.targets(2451,5): warning MSB3277:             C:\Users\ultra\warewolf\Dev\Warewolf.Studio.ViewModels\bin\Debug\net8.0\Warewolf.Studio.ViewModels.dll [C:\Users\ultra\warewolf\Dev\Warewolf.Studio.Views\Warewolf.Studio.Views.csproj]
C:\Program Files\dotnet\sdk\10.0.201\Microsoft.Common.CurrentVersion.targets(2451,5): warning MSB3277:             C:\Users\ultra\warewolf\Dev\Dev2.Services.Execution\bin\Debug\net8.0\Dev2.Services.Execution.dll [C:\Users\ultra\warewolf\Dev\Warewolf.Studio.Views\Warewolf.Studio.Views.csproj]
C:\Program Files\dotnet\sdk\10.0.201\Microsoft.Common.CurrentVersion.targets(2451,5): warning MSB3277:             C:\Users\ultra\warewolf\Dev\Warewolf.Driver.Persistence\bin\Debug\net8.0\Warewolf.Driver.Persistence.dll [C:\Users\ultra\warewolf\Dev\Warewolf.Studio.Views\Warewolf.Studio.Views.csproj]
C:\Program Files\dotnet\sdk\10.0.201\Microsoft.Common.CurrentVersion.targets(2451,5): warning MSB3277:             C:\Users\ultra\warewolf\Dev\Warewolf.Studio.Models\bin\Debug\net8.0\Warewolf.Studio.Models.dll [C:\Users\ultra\warewolf\Dev\Warewolf.Studio.Views\Warewolf.Studio.Views.csproj]
C:\Program Files\dotnet\sdk\10.0.201\Microsoft.Common.CurrentVersion.targets(2451,5): warning MSB3277:             C:\Users\ultra\.nuget\packages\corewcf.http\1.2.1\lib\netstandard2.0\CoreWCF.Http.dll [C:\Users\ultra\warewolf\Dev\Warewolf.Studio.Views\Warewolf.Studio.Views.csproj]
C:\Program Files\dotnet\sdk\10.0.201\Microsoft.Common.CurrentVersion.targets(2451,5): warning MSB3277:             C:\Users\ultra\.nuget\packages\corewcf.nettcp\1.2.1\lib\netstandard2.0\CoreWCF.NetTcp.dll [C:\Users\ultra\warewolf\Dev\Warewolf.Studio.Views\Warewolf.Studio.Views.csproj]
C:\Program Files\dotnet\sdk\10.0.201\Microsoft.Common.CurrentVersion.targets(2451,5): warning MSB3277:             C:\Users\ultra\.nuget\packages\corewcf.webhttp\1.2.1\lib\netstandard2.0\CoreWCF.WebHttp.dll [C:\Users\ultra\warewolf\Dev\Warewolf.Studio.Views\Warewolf.Studio.Views.csproj]
C:\Program Files\dotnet\sdk\10.0.201\Microsoft.Common.CurrentVersion.targets(2451,5): warning MSB3277:         C:\Program Files\dotnet\packs\Microsoft.NETCore.App.Ref\8.0.25\ref\net8.0\System.Configuration.dll [C:\Users\ultra\warewolf\Dev\Warewolf.Studio.Views\Warewolf.Studio.Views.csproj]
C:\Program Files\dotnet\sdk\10.0.201\Microsoft.Common.CurrentVersion.targets(2451,5): warning MSB3277:           Project file item includes which caused reference "C:\Program Files\dotnet\packs\Microsoft.NETCore.App.Ref\8.0.25\ref\net8.0\System.Configuration.dll". [C:\Users\ultra\warewolf\Dev\Warewolf.Studio.Views\Warewolf.Studio.Views.csproj]
C:\Program Files\dotnet\sdk\10.0.201\Microsoft.Common.CurrentVersion.targets(2451,5): warning MSB3277:             C:\Program Files\dotnet\packs\Microsoft.NETCore.App.Ref\8.0.25\ref/net8.0/System.Configuration.dll [C:\Users\ultra\warewolf\Dev\Warewolf.Studio.Views\Warewolf.Studio.Views.csproj]
C:\Program Files\dotnet\sdk\10.0.201\Microsoft.Common.CurrentVersion.targets(2451,5): warning MSB3277:             C:\Users\ultra\.nuget\packages\prism.wpf\9.0.537\lib\net462\Prism.Wpf.dll [C:\Users\ultra\warewolf\Dev\Warewolf.Studio.Views\Warewolf.Studio.Views.csproj]
C:\Program Files\dotnet\sdk\10.0.201\Microsoft.Common.CurrentVersion.targets(2451,5): warning MSB3277:         C:\Program Files\dotnet\packs\Microsoft.NETCore.App.Ref\8.0.25\ref\net8.0\System.Data.dll [C:\Users\ultra\warewolf\Dev\Warewolf.Studio.Views\Warewolf.Studio.Views.csproj]
C:\Program Files\dotnet\sdk\10.0.201\Microsoft.Common.CurrentVersion.targets(2451,5): warning MSB3277:           Project file item includes which caused reference "C:\Program Files\dotnet\packs\Microsoft.NETCore.App.Ref\8.0.25\ref\net8.0\System.Data.dll". [C:\Users\ultra\warewolf\Dev\Warewolf.Studio.Views\Warewolf.Studio.Views.csproj]
C:\Program Files\dotnet\sdk\10.0.201\Microsoft.Common.CurrentVersion.targets(2451,5): warning MSB3277:             C:\Program Files\dotnet\packs\Microsoft.NETCore.App.Ref\8.0.25\ref/net8.0/System.Data.dll [C:\Users\ultra\warewolf\Dev\Warewolf.Studio.Views\Warewolf.Studio.Views.csproj]
C:\Program Files\dotnet\sdk\10.0.201\Microsoft.Common.CurrentVersion.targets(2451,5): warning MSB3277:             C:\Users\ultra\.nuget\packages\taskschedulereditor\2.10.1\lib\net452\Microsoft.Win32.TaskSchedulerEditor.dll [C:\Users\ultra\warewolf\Dev\Warewolf.Studio.Views\Warewolf.Studio.Views.csproj]
C:\Program Files\dotnet\sdk\10.0.201\Microsoft.Common.CurrentVersion.targets(2451,5): warning MSB3277:         C:\Program Files\dotnet\packs\Microsoft.NETCore.App.Ref\8.0.25\ref\net8.0\System.Drawing.dll [C:\Users\ultra\warewolf\Dev\Warewolf.Studio.Views\Warewolf.Studio.Views.csproj]
C:\Program Files\dotnet\sdk\10.0.201\Microsoft.Common.CurrentVersion.targets(2451,5): warning MSB3277:           Project file item includes which caused reference "C:\Program Files\dotnet\packs\Microsoft.NETCore.App.Ref\8.0.25\ref\net8.0\System.Drawing.dll". [C:\Users\ultra\warewolf\Dev\Warewolf.Studio.Views\Warewolf.Studio.Views.csproj]
C:\Program Files\dotnet\sdk\10.0.201\Microsoft.Common.CurrentVersion.targets(2451,5): warning MSB3277:             C:\Program Files\dotnet\packs\Microsoft.NETCore.App.Ref\8.0.25\ref/net8.0/System.Drawing.dll [C:\Users\ultra\warewolf\Dev\Warewolf.Studio.Views\Warewolf.Studio.Views.csproj]
C:\Program Files\dotnet\sdk\10.0.201\Microsoft.Common.CurrentVersion.targets(2451,5): warning MSB3277:             C:\Users\ultra\.nuget\packages\aerowizard\2.3.1\lib\net45\AeroWizard.dll [C:\Users\ultra\warewolf\Dev\Warewolf.Studio.Views\Warewolf.Studio.Views.csproj]
C:\Program Files\dotnet\sdk\10.0.201\Microsoft.Common.CurrentVersion.targets(2451,5): warning MSB3277:             C:\Users\ultra\.nuget\packages\groupcontrols\1.9.0\lib\net45\GroupControls.dll [C:\Users\ultra\warewolf\Dev\Warewolf.Studio.Views\Warewolf.Studio.Views.csproj]
C:\Program Files\dotnet\sdk\10.0.201\Microsoft.Common.CurrentVersion.targets(2451,5): warning MSB3277:             C:\Users\ultra\.nuget\packages\taskschedulereditor\2.10.1\lib\net452\Microsoft.Win32.TaskSchedulerEditor.dll [C:\Users\ultra\warewolf\Dev\Warewolf.Studio.Views\Warewolf.Studio.Views.csproj]
C:\Program Files\dotnet\sdk\10.0.201\Microsoft.Common.CurrentVersion.targets(2451,5): warning MSB3277:         C:\Program Files\dotnet\packs\Microsoft.NETCore.App.Ref\8.0.25\ref\net8.0\System.Net.dll [C:\Users\ultra\warewolf\Dev\Warewolf.Studio.Views\Warewolf.Studio.Views.csproj]
C:\Program Files\dotnet\sdk\10.0.201\Microsoft.Common.CurrentVersion.targets(2451,5): warning MSB3277:           Project file item includes which caused reference "C:\Program Files\dotnet\packs\Microsoft.NETCore.App.Ref\8.0.25\ref\net8.0\System.Net.dll". [C:\Users\ultra\warewolf\Dev\Warewolf.Studio.Views\Warewolf.Studio.Views.csproj]
C:\Program Files\dotnet\sdk\10.0.201\Microsoft.Common.CurrentVersion.targets(2451,5): warning MSB3277:             C:\Program Files\dotnet\packs\Microsoft.NETCore.App.Ref\8.0.25\ref/net8.0/System.Net.dll [C:\Users\ultra\warewolf\Dev\Warewolf.Studio.Views\Warewolf.Studio.Views.csproj]
C:\Program Files\dotnet\sdk\10.0.201\Microsoft.Common.CurrentVersion.targets(2451,5): warning MSB3277:         C:\Program Files\dotnet\packs\Microsoft.NETCore.App.Ref\8.0.25\ref\net8.0\System.Security.dll [C:\Users\ultra\warewolf\Dev\Warewolf.Studio.Views\Warewolf.Studio.Views.csproj]
C:\Program Files\dotnet\sdk\10.0.201\Microsoft.Common.CurrentVersion.targets(2451,5): warning MSB3277:           Project file item includes which caused reference "C:\Program Files\dotnet\packs\Microsoft.NETCore.App.Ref\8.0.25\ref\net8.0\System.Security.dll". [C:\Users\ultra\warewolf\Dev\Warewolf.Studio.Views\Warewolf.Studio.Views.csproj]
C:\Program Files\dotnet\sdk\10.0.201\Microsoft.Common.CurrentVersion.targets(2451,5): warning MSB3277:             C:\Program Files\dotnet\packs\Microsoft.NETCore.App.Ref\8.0.25\ref/net8.0/System.Security.dll [C:\Users\ultra\warewolf\Dev\Warewolf.Studio.Views\Warewolf.Studio.Views.csproj]
C:\Program Files\dotnet\sdk\10.0.201\Microsoft.Common.CurrentVersion.targets(2451,5): warning MSB3277:         C:\Program Files\dotnet\packs\Microsoft.NETCore.App.Ref\8.0.25\ref\net8.0\System.ServiceProcess.dll [C:\Users\ultra\warewolf\Dev\Warewolf.Studio.Views\Warewolf.Studio.Views.csproj]
C:\Program Files\dotnet\sdk\10.0.201\Microsoft.Common.CurrentVersion.targets(2451,5): warning MSB3277:           Project file item includes which caused reference "C:\Program Files\dotnet\packs\Microsoft.NETCore.App.Ref\8.0.25\ref\net8.0\System.ServiceProcess.dll". [C:\Users\ultra\warewolf\Dev\Warewolf.Studio.Views\Warewolf.Studio.Views.csproj]
C:\Program Files\dotnet\sdk\10.0.201\Microsoft.Common.CurrentVersion.targets(2451,5): warning MSB3277:             C:\Program Files\dotnet\packs\Microsoft.NETCore.App.Ref\8.0.25\ref/net8.0/System.ServiceProcess.dll [C:\Users\ultra\warewolf\Dev\Warewolf.Studio.Views\Warewolf.Studio.Views.csproj]
C:\Program Files\dotnet\sdk\10.0.201\Microsoft.Common.CurrentVersion.targets(2451,5): warning MSB3277:         C:\Program Files\dotnet\packs\Microsoft.NETCore.App.Ref\8.0.25\ref\net8.0\System.Transactions.dll [C:\Users\ultra\warewolf\Dev\Warewolf.Studio.Views\Warewolf.Studio.Views.csproj]
C:\Program Files\dotnet\sdk\10.0.201\Microsoft.Common.CurrentVersion.targets(2451,5): warning MSB3277:           Project file item includes which caused reference "C:\Program Files\dotnet\packs\Microsoft.NETCore.App.Ref\8.0.25\ref\net8.0\System.Transactions.dll". [C:\Users\ultra\warewolf\Dev\Warewolf.Studio.Views\Warewolf.Studio.Views.csproj]
C:\Program Files\dotnet\sdk\10.0.201\Microsoft.Common.CurrentVersion.targets(2451,5): warning MSB3277:             C:\Program Files\dotnet\packs\Microsoft.NETCore.App.Ref\8.0.25\ref/net8.0/System.Transactions.dll [C:\Users\ultra\warewolf\Dev\Warewolf.Studio.Views\Warewolf.Studio.Views.csproj]
C:\Program Files\dotnet\sdk\10.0.201\Microsoft.Common.CurrentVersion.targets(2451,5): warning MSB3277:         C:\Program Files\dotnet\packs\Microsoft.NETCore.App.Ref\8.0.25\ref\net8.0\System.dll [C:\Users\ultra\warewolf\Dev\Warewolf.Studio.Views\Warewolf.Studio.Views.csproj]
C:\Program Files\dotnet\sdk\10.0.201\Microsoft.Common.CurrentVersion.targets(2451,5): warning MSB3277:           Project file item includes which caused reference "C:\Program Files\dotnet\packs\Microsoft.NETCore.App.Ref\8.0.25\ref\net8.0\System.dll". [C:\Users\ultra\warewolf\Dev\Warewolf.Studio.Views\Warewolf.Studio.Views.csproj]
C:\Program Files\dotnet\sdk\10.0.201\Microsoft.Common.CurrentVersion.targets(2451,5): warning MSB3277:             C:\Program Files\dotnet\packs\Microsoft.NETCore.App.Ref\8.0.25\ref/net8.0/System.dll [C:\Users\ultra\warewolf\Dev\Warewolf.Studio.Views\Warewolf.Studio.Views.csproj]
C:\Program Files\dotnet\sdk\10.0.201\Microsoft.Common.CurrentVersion.targets(2451,5): warning MSB3277:             C:\Users\ultra\.nuget\packages\aerowizard\2.3.1\lib\net45\AeroWizard.dll [C:\Users\ultra\warewolf\Dev\Warewolf.Studio.Views\Warewolf.Studio.Views.csproj]
C:\Program Files\dotnet\sdk\10.0.201\Microsoft.Common.CurrentVersion.targets(2451,5): warning MSB3277:             C:\Users\ultra\.nuget\packages\groupcontrols\1.9.0\lib\net45\GroupControls.dll [C:\Users\ultra\warewolf\Dev\Warewolf.Studio.Views\Warewolf.Studio.Views.csproj]
C:\Program Files\dotnet\sdk\10.0.201\Microsoft.Common.CurrentVersion.targets(2451,5): warning MSB3277:             C:\Users\ultra\.nuget\packages\microsoft.xaml.behaviors.wpf\1.1.122\lib\net462\Microsoft.Xaml.Behaviors.dll [C:\Users\ultra\warewolf\Dev\Warewolf.Studio.Views\Warewolf.Studio.Views.csproj]
C:\Program Files\dotnet\sdk\10.0.201\Microsoft.Common.CurrentVersion.targets(2451,5): warning MSB3277:             C:\Users\ultra\.nuget\packages\caliburn.micro\4.0.212\lib\netcoreapp3.1\Caliburn.Micro.Platform.dll [C:\Users\ultra\warewolf\Dev\Warewolf.Studio.Views\Warewolf.Studio.Views.csproj]
C:\Program Files\dotnet\sdk\10.0.201\Microsoft.Common.CurrentVersion.targets(2451,5): warning MSB3277:             C:\Users\ultra\.nuget\packages\prism.wpf\9.0.537\lib\net462\Prism.Wpf.dll [C:\Users\ultra\warewolf\Dev\Warewolf.Studio.Views\Warewolf.Studio.Views.csproj]
C:\Program Files\dotnet\sdk\10.0.201\Microsoft.Common.CurrentVersion.targets(2451,5): warning MSB3277:             C:\Users\ultra\.nuget\packages\reactiveui.wpf\18.4.1\lib\net462\ReactiveUI.Wpf.dll [C:\Users\ultra\warewolf\Dev\Warewolf.Studio.Views\Warewolf.Studio.Views.csproj]
C:\Program Files\dotnet\sdk\10.0.201\Microsoft.Common.CurrentVersion.targets(2451,5): warning MSB3277:             C:\Users\ultra\.nuget\packages\taskschedulereditor\2.10.1\lib\net452\Microsoft.Win32.TaskSchedulerEditor.dll [C:\Users\ultra\warewolf\Dev\Warewolf.Studio.Views\Warewolf.Studio.Views.csproj]
C:\Program Files\dotnet\sdk\10.0.201\Microsoft.Common.CurrentVersion.targets(2451,5): warning MSB3277:             C:\Users\ultra\.nuget\packages\ttcue.netcore.sharepointonline.csom.16.1.8029.1200\16.1.8029.1200\lib\netcoreapp2.0\Microsoft.SharePoint.Client.Runtime.Windows.dll [C:\Users\ultra\warewolf\Dev\Warewolf.Studio.Views\Warewolf.Studio.Views.csproj]
C:\Program Files\dotnet\sdk\10.0.201\Microsoft.Common.CurrentVersion.targets(2451,5): warning MSB3277:         C:\Program Files\dotnet\packs\Microsoft.NETCore.App.Ref\8.0.25\ref\net8.0\WindowsBase.dll [C:\Users\ultra\warewolf\Dev\Warewolf.Studio.Views\Warewolf.Studio.Views.csproj]
C:\Program Files\dotnet\sdk\10.0.201\Microsoft.Common.CurrentVersion.targets(2451,5): warning MSB3277:           Project file item includes which caused reference "C:\Program Files\dotnet\packs\Microsoft.NETCore.App.Ref\8.0.25\ref\net8.0\WindowsBase.dll". [C:\Users\ultra\warewolf\Dev\Warewolf.Studio.Views\Warewolf.Studio.Views.csproj]
C:\Program Files\dotnet\sdk\10.0.201\Microsoft.Common.CurrentVersion.targets(2451,5): warning MSB3277:             C:\Program Files\dotnet\packs\Microsoft.NETCore.App.Ref\8.0.25\ref/net8.0/WindowsBase.dll [C:\Users\ultra\warewolf\Dev\Warewolf.Studio.Views\Warewolf.Studio.Views.csproj]
C:\Program Files\dotnet\sdk\10.0.201\Microsoft.Common.CurrentVersion.targets(2451,5): warning MSB3277:         C:\Program Files\dotnet\packs\Microsoft.NETCore.App.Ref\8.0.25\ref\net8.0\mscorlib.dll [C:\Users\ultra\warewolf\Dev\Warewolf.Studio.Views\Warewolf.Studio.Views.csproj]
C:\Program Files\dotnet\sdk\10.0.201\Microsoft.Common.CurrentVersion.targets(2451,5): warning MSB3277:           Project file item includes which caused reference "C:\Program Files\dotnet\packs\Microsoft.NETCore.App.Ref\8.0.25\ref\net8.0\mscorlib.dll". [C:\Users\ultra\warewolf\Dev\Warewolf.Studio.Views\Warewolf.Studio.Views.csproj]
C:\Program Files\dotnet\sdk\10.0.201\Microsoft.Common.CurrentVersion.targets(2451,5): warning MSB3277:             C:\Program Files\dotnet\packs\Microsoft.NETCore.App.Ref\8.0.25\ref/net8.0/mscorlib.dll [C:\Users\ultra\warewolf\Dev\Warewolf.Studio.Views\Warewolf.Studio.Views.csproj]
C:\Program Files\dotnet\sdk\10.0.201\Microsoft.Common.CurrentVersion.targets(2451,5): warning MSB3277:             C:\Users\ultra\.nuget\packages\aerowizard\2.3.1\lib\net45\AeroWizard.dll [C:\Users\ultra\warewolf\Dev\Warewolf.Studio.Views\Warewolf.Studio.Views.csproj]
C:\Program Files\dotnet\sdk\10.0.201\Microsoft.Common.CurrentVersion.targets(2451,5): warning MSB3277:             C:\Users\ultra\.nuget\packages\groupcontrols\1.9.0\lib\net45\GroupControls.dll [C:\Users\ultra\warewolf\Dev\Warewolf.Studio.Views\Warewolf.Studio.Views.csproj]
C:\Program Files\dotnet\sdk\10.0.201\Microsoft.Common.CurrentVersion.targets(2451,5): warning MSB3277:             C:\Users\ultra\.nuget\packages\hangfire.core\1.7.32\lib\netstandard2.0\Hangfire.Core.dll [C:\Users\ultra\warewolf\Dev\Warewolf.Studio.Views\Warewolf.Studio.Views.csproj]
C:\Program Files\dotnet\sdk\10.0.201\Microsoft.Common.CurrentVersion.targets(2451,5): warning MSB3277:             C:\Users\ultra\warewolf\Dev\Dev2.Activities\bin\Debug\net8.0\Dev2.Activities.dll [C:\Users\ultra\warewolf\Dev\Warewolf.Studio.Views\Warewolf.Studio.Views.csproj]
C:\Program Files\dotnet\sdk\10.0.201\Microsoft.Common.CurrentVersion.targets(2451,5): warning MSB3277:             C:\Users\ultra\warewolf\Dev\Dev2.Studio.Core\bin\Debug\net8.0\Dev2.Studio.Core.dll [C:\Users\ultra\warewolf\Dev\Warewolf.Studio.Views\Warewolf.Studio.Views.csproj]
C:\Program Files\dotnet\sdk\10.0.201\Microsoft.Common.CurrentVersion.targets(2451,5): warning MSB3277:             C:\Users\ultra\warewolf\Dev\Dev2.Intellisense\bin\Debug\net8.0\Dev2.Intellisense.dll [C:\Users\ultra\warewolf\Dev\Warewolf.Studio.Views\Warewolf.Studio.Views.csproj]
C:\Program Files\dotnet\sdk\10.0.201\Microsoft.Common.CurrentVersion.targets(2451,5): warning MSB3277:             C:\Users\ultra\warewolf\Dev\Warewolf.Studio.ViewModels\bin\Debug\net8.0\Warewolf.Studio.ViewModels.dll [C:\Users\ultra\warewolf\Dev\Warewolf.Studio.Views\Warewolf.Studio.Views.csproj]
C:\Program Files\dotnet\sdk\10.0.201\Microsoft.Common.CurrentVersion.targets(2451,5): warning MSB3277:             C:\Users\ultra\warewolf\Dev\Warewolf.Driver.Persistence\bin\Debug\net8.0\Warewolf.Driver.Persistence.dll [C:\Users\ultra\warewolf\Dev\Warewolf.Studio.Views\Warewolf.Studio.Views.csproj]
C:\Program Files\dotnet\sdk\10.0.201\Microsoft.Common.CurrentVersion.targets(2451,5): warning MSB3277:             C:\Users\ultra\.nuget\packages\hangfire.sqlserver\1.7.32\lib\netstandard2.0\Hangfire.SqlServer.dll [C:\Users\ultra\warewolf\Dev\Warewolf.Studio.Views\Warewolf.Studio.Views.csproj]
C:\Program Files\dotnet\sdk\10.0.201\Microsoft.Common.CurrentVersion.targets(2451,5): warning MSB3277:             C:\Users\ultra\.nuget\packages\microsoft.xaml.behaviors.wpf\1.1.122\lib\net462\Microsoft.Xaml.Behaviors.dll [C:\Users\ultra\warewolf\Dev\Warewolf.Studio.Views\Warewolf.Studio.Views.csproj]
C:\Program Files\dotnet\sdk\10.0.201\Microsoft.Common.CurrentVersion.targets(2451,5): warning MSB3277:             C:\Users\ultra\.nuget\packages\caliburn.micro\4.0.212\lib\netcoreapp3.1\Caliburn.Micro.Platform.dll [C:\Users\ultra\warewolf\Dev\Warewolf.Studio.Views\Warewolf.Studio.Views.csproj]
C:\Program Files\dotnet\sdk\10.0.201\Microsoft.Common.CurrentVersion.targets(2451,5): warning MSB3277:             C:\Users\ultra\.nuget\packages\oracle.manageddataaccess.core\3.21.70\lib\netstandard2.1\Oracle.ManagedDataAccess.dll [C:\Users\ultra\warewolf\Dev\Warewolf.Studio.Views\Warewolf.Studio.Views.csproj]
C:\Program Files\dotnet\sdk\10.0.201\Microsoft.Common.CurrentVersion.targets(2451,5): warning MSB3277:             C:\Users\ultra\warewolf\Dev\Dev2.Runtime.Services\bin\Debug\net8.0\Dev2.Runtime.Services.dll [C:\Users\ultra\warewolf\Dev\Warewolf.Studio.Views\Warewolf.Studio.Views.csproj]
C:\Program Files\dotnet\sdk\10.0.201\Microsoft.Common.CurrentVersion.targets(2451,5): warning MSB3277:             C:\Users\ultra\warewolf\Dev\Dev2.Studio.Interfaces\bin\Debug\net8.0\Dev2.Studio.Interfaces.dll [C:\Users\ultra\warewolf\Dev\Warewolf.Studio.Views\Warewolf.Studio.Views.csproj]
C:\Program Files\dotnet\sdk\10.0.201\Microsoft.Common.CurrentVersion.targets(2451,5): warning MSB3277:             C:\Users\ultra\warewolf\Dev\Warewolf.Studio.Core\bin\Debug\net8.0\Warewolf.Studio.Core.dll [C:\Users\ultra\warewolf\Dev\Warewolf.Studio.Views\Warewolf.Studio.Views.csproj]
C:\Program Files\dotnet\sdk\10.0.201\Microsoft.Common.CurrentVersion.targets(2451,5): warning MSB3277:             C:\Users\ultra\warewolf\Dev\Warewolf.Studio.CustomControls\bin\Debug\net8.0\Warewolf.Studio.CustomControls.dll [C:\Users\ultra\warewolf\Dev\Warewolf.Studio.Views\Warewolf.Studio.Views.csproj]
C:\Program Files\dotnet\sdk\10.0.201\Microsoft.Common.CurrentVersion.targets(2451,5): warning MSB3277:             C:\Users\ultra\warewolf\Dev\Dev2.Services.Execution\bin\Debug\net8.0\Dev2.Services.Execution.dll [C:\Users\ultra\warewolf\Dev\Warewolf.Studio.Views\Warewolf.Studio.Views.csproj]
C:\Program Files\dotnet\sdk\10.0.201\Microsoft.Common.CurrentVersion.targets(2451,5): warning MSB3277:             C:\Users\ultra\warewolf\Dev\Dev2.Services.Sql\bin\Debug\net8.0\Dev2.Services.Sql.dll [C:\Users\ultra\warewolf\Dev\Warewolf.Studio.Views\Warewolf.Studio.Views.csproj]
C:\Program Files\dotnet\sdk\10.0.201\Microsoft.Common.CurrentVersion.targets(2451,5): warning MSB3277:             C:\Users\ultra\warewolf\Dev\Warewolf.Studio.Models\bin\Debug\net8.0\Warewolf.Studio.Models.dll [C:\Users\ultra\warewolf\Dev\Warewolf.Studio.Views\Warewolf.Studio.Views.csproj]
C:\Program Files\dotnet\sdk\10.0.201\Microsoft.Common.CurrentVersion.targets(2451,5): warning MSB3277:             C:\Users\ultra\.nuget\packages\prism.wpf\9.0.537\lib\net462\Prism.Wpf.dll [C:\Users\ultra\warewolf\Dev\Warewolf.Studio.Views\Warewolf.Studio.Views.csproj]
C:\Program Files\dotnet\sdk\10.0.201\Microsoft.Common.CurrentVersion.targets(2451,5): warning MSB3277:             C:\Users\ultra\.nuget\packages\reactiveui.wpf\18.4.1\lib\net462\ReactiveUI.Wpf.dll [C:\Users\ultra\warewolf\Dev\Warewolf.Studio.Views\Warewolf.Studio.Views.csproj]
C:\Program Files\dotnet\sdk\10.0.201\Microsoft.Common.CurrentVersion.targets(2451,5): warning MSB3277:             C:\Users\ultra\.nuget\packages\taskschedulereditor\2.10.1\lib\net452\Microsoft.Win32.TaskSchedulerEditor.dll [C:\Users\ultra\warewolf\Dev\Warewolf.Studio.Views\Warewolf.Studio.Views.csproj]
C:\Program Files\dotnet\sdk\10.0.201\Microsoft.Common.CurrentVersion.targets(2451,5): warning MSB3277:             C:\Users\ultra\.nuget\packages\ttcue.netcore.sharepointonline.csom.16.1.8029.1200\16.1.8029.1200\lib\netcoreapp2.0\Microsoft.SharePoint.Client.Runtime.Windows.dll [C:\Users\ultra\warewolf\Dev\Warewolf.Studio.Views\Warewolf.Studio.Views.csproj]
C:\Program Files\dotnet\sdk\10.0.201\Microsoft.Common.CurrentVersion.targets(2451,5): warning MSB3277:             C:\Users\ultra\.nuget\packages\unofficial.microsoft.mshtml\7.0.3300\lib\net40\Microsoft.mshtml.dll [C:\Users\ultra\warewolf\Dev\Warewolf.Studio.Views\Warewolf.Studio.Views.csproj]
C:\Program Files\dotnet\sdk\10.0.201\Microsoft.Common.CurrentVersion.targets(2451,5): warning MSB3277:         C:\Users\ultra\warewolf\Dev\Dev2.Development.Languages\bin\Debug\net8.0\IronRuby.dll [C:\Users\ultra\warewolf\Dev\Warewolf.Studio.Views\Warewolf.Studio.Views.csproj]
C:\Program Files\dotnet\sdk\10.0.201\Microsoft.Common.CurrentVersion.targets(2451,5): warning MSB3277:           Project file item includes which caused reference "C:\Users\ultra\warewolf\Dev\Dev2.Development.Languages\bin\Debug\net8.0\IronRuby.dll". [C:\Users\ultra\warewolf\Dev\Warewolf.Studio.Views\Warewolf.Studio.Views.csproj]
C:\Program Files\dotnet\sdk\10.0.201\Microsoft.Common.CurrentVersion.targets(2451,5): warning MSB3277:             C:\Users\ultra\warewolf\Dev\Dev2.Development.Languages\bin\Debug\net8.0\Dev2.Development.Languages.dll [C:\Users\ultra\warewolf\Dev\Warewolf.Studio.Views\Warewolf.Studio.Views.csproj]
C:\Program Files\dotnet\sdk\10.0.201\Microsoft.Common.CurrentVersion.targets(2451,5): warning MSB3277:             C:\Users\ultra\warewolf\Dev\Dev2.Activities\bin\Debug\net8.0\Dev2.Activities.dll [C:\Users\ultra\warewolf\Dev\Warewolf.Studio.Views\Warewolf.Studio.Views.csproj]
C:\Program Files\dotnet\sdk\10.0.201\Microsoft.Common.CurrentVersion.targets(2451,5): warning MSB3277:             C:\Users\ultra\warewolf\Dev\Dev2.Studio.Core\bin\Debug\net8.0\Dev2.Studio.Core.dll [C:\Users\ultra\warewolf\Dev\Warewolf.Studio.Views\Warewolf.Studio.Views.csproj]
C:\Program Files\dotnet\sdk\10.0.201\Microsoft.Common.CurrentVersion.targets(2451,5): warning MSB3277:             C:\Users\ultra\warewolf\Dev\Dev2.Intellisense\bin\Debug\net8.0\Dev2.Intellisense.dll [C:\Users\ultra\warewolf\Dev\Warewolf.Studio.Views\Warewolf.Studio.Views.csproj]
C:\Program Files\dotnet\sdk\10.0.201\Microsoft.Common.CurrentVersion.targets(2451,5): warning MSB3277:             C:\Users\ultra\warewolf\Dev\Warewolf.Studio.ViewModels\bin\Debug\net8.0\Warewolf.Studio.ViewModels.dll [C:\Users\ultra\warewolf\Dev\Warewolf.Studio.Views\Warewolf.Studio.Views.csproj]
C:\Program Files\dotnet\sdk\10.0.201\Microsoft.Common.CurrentVersion.targets(2451,5): warning MSB3277:         C:\Users\ultra\warewolf\Dev\Dev2.Development.Languages\bin\Debug\net8.0\IronRuby.Libraries.dll [C:\Users\ultra\warewolf\Dev\Warewolf.Studio.Views\Warewolf.Studio.Views.csproj]
C:\Program Files\dotnet\sdk\10.0.201\Microsoft.Common.CurrentVersion.targets(2451,5): warning MSB3277:           Project file item includes which caused reference "C:\Users\ultra\warewolf\Dev\Dev2.Development.Languages\bin\Debug\net8.0\IronRuby.Libraries.dll". [C:\Users\ultra\warewolf\Dev\Warewolf.Studio.Views\Warewolf.Studio.Views.csproj]
C:\Program Files\dotnet\sdk\10.0.201\Microsoft.Common.CurrentVersion.targets(2451,5): warning MSB3277:             C:\Users\ultra\warewolf\Dev\Dev2.Development.Languages\bin\Debug\net8.0\Dev2.Development.Languages.dll [C:\Users\ultra\warewolf\Dev\Warewolf.Studio.Views\Warewolf.Studio.Views.csproj]
C:\Program Files\dotnet\sdk\10.0.201\Microsoft.Common.CurrentVersion.targets(2451,5): warning MSB3277:             C:\Users\ultra\warewolf\Dev\Dev2.Activities\bin\Debug\net8.0\Dev2.Activities.dll [C:\Users\ultra\warewolf\Dev\Warewolf.Studio.Views\Warewolf.Studio.Views.csproj]
C:\Program Files\dotnet\sdk\10.0.201\Microsoft.Common.CurrentVersion.targets(2451,5): warning MSB3277:             C:\Users\ultra\warewolf\Dev\Dev2.Studio.Core\bin\Debug\net8.0\Dev2.Studio.Core.dll [C:\Users\ultra\warewolf\Dev\Warewolf.Studio.Views\Warewolf.Studio.Views.csproj]
C:\Program Files\dotnet\sdk\10.0.201\Microsoft.Common.CurrentVersion.targets(2451,5): warning MSB3277:             C:\Users\ultra\warewolf\Dev\Dev2.Intellisense\bin\Debug\net8.0\Dev2.Intellisense.dll [C:\Users\ultra\warewolf\Dev\Warewolf.Studio.Views\Warewolf.Studio.Views.csproj]
C:\Program Files\dotnet\sdk\10.0.201\Microsoft.Common.CurrentVersion.targets(2451,5): warning MSB3277:             C:\Users\ultra\warewolf\Dev\Warewolf.Studio.ViewModels\bin\Debug\net8.0\Warewolf.Studio.ViewModels.dll [C:\Users\ultra\warewolf\Dev\Warewolf.Studio.Views\Warewolf.Studio.Views.csproj]
C:\Program Files\dotnet\sdk\10.0.201\Microsoft.Common.CurrentVersion.targets(2451,5): warning MSB3277: Found conflicts between different versions of "WindowsBase" that could not be resolved. [C:\Users\ultra\warewolf\Dev\Warewolf.Studio.Views\Warewolf.Studio.Views.csproj]
C:\Program Files\dotnet\sdk\10.0.201\Microsoft.Common.CurrentVersion.targets(2451,5): warning MSB3277: There was a conflict between "WindowsBase, Version=4.0.0.0, Culture=neutral, PublicKeyToken=31bf3856ad364e35" and "WindowsBase, Version=6.0.2.0, Culture=neutral, PublicKeyToken=31bf3856ad364e35". [C:\Users\ultra\warewolf\Dev\Warewolf.Studio.Views\Warewolf.Studio.Views.csproj]
C:\Program Files\dotnet\sdk\10.0.201\Microsoft.Common.CurrentVersion.targets(2451,5): warning MSB3277:     "WindowsBase, Version=4.0.0.0, Culture=neutral, PublicKeyToken=31bf3856ad364e35" was chosen because it was primary and "WindowsBase, Version=6.0.2.0, Culture=neutral, PublicKeyToken=31bf3856ad364e35" was not. [C:\Users\ultra\warewolf\Dev\Warewolf.Studio.Views\Warewolf.Studio.Views.csproj]
C:\Program Files\dotnet\sdk\10.0.201\Microsoft.Common.CurrentVersion.targets(2451,5): warning MSB3277:     References which depend on "WindowsBase, Version=4.0.0.0, Culture=neutral, PublicKeyToken=31bf3856ad364e35" [C:\Program Files\dotnet\packs\Microsoft.NETCore.App.Ref\8.0.25\ref\net8.0\WindowsBase.dll]. [C:\Users\ultra\warewolf\Dev\Warewolf.Studio.Views\Warewolf.Studio.Views.csproj]
C:\Program Files\dotnet\sdk\10.0.201\Microsoft.Common.CurrentVersion.targets(2451,5): warning MSB3277:         C:\Program Files\dotnet\packs\Microsoft.NETCore.App.Ref\8.0.25\ref\net8.0\WindowsBase.dll [C:\Users\ultra\warewolf\Dev\Warewolf.Studio.Views\Warewolf.Studio.Views.csproj]
C:\Program Files\dotnet\sdk\10.0.201\Microsoft.Common.CurrentVersion.targets(2451,5): warning MSB3277:           Project file item includes which caused reference "C:\Program Files\dotnet\packs\Microsoft.NETCore.App.Ref\8.0.25\ref\net8.0\WindowsBase.dll". [C:\Users\ultra\warewolf\Dev\Warewolf.Studio.Views\Warewolf.Studio.Views.csproj]
C:\Program Files\dotnet\sdk\10.0.201\Microsoft.Common.CurrentVersion.targets(2451,5): warning MSB3277:             C:\Program Files\dotnet\packs\Microsoft.NETCore.App.Ref\8.0.25\ref/net8.0/WindowsBase.dll [C:\Users\ultra\warewolf\Dev\Warewolf.Studio.Views\Warewolf.Studio.Views.csproj]
C:\Program Files\dotnet\sdk\10.0.201\Microsoft.Common.CurrentVersion.targets(2451,5): warning MSB3277:     References which depend on or have been unified to "WindowsBase, Version=6.0.2.0, Culture=neutral, PublicKeyToken=31bf3856ad364e35" []. [C:\Users\ultra\warewolf\Dev\Warewolf.Studio.Views\Warewolf.Studio.Views.csproj]
C:\Program Files\dotnet\sdk\10.0.201\Microsoft.Common.CurrentVersion.targets(2451,5): warning MSB3277:         C:\Users\ultra\warewolf\Dev\Binaries\Infragistcs_Net6\InfragisticsWPF4.Controls.Editors.XamComboEditor.v15.1.dll [C:\Users\ultra\warewolf\Dev\Warewolf.Studio.Views\Warewolf.Studio.Views.csproj]
C:\Program Files\dotnet\sdk\10.0.201\Microsoft.Common.CurrentVersion.targets(2451,5): warning MSB3277:           Project file item includes which caused reference "C:\Users\ultra\warewolf\Dev\Binaries\Infragistcs_Net6\InfragisticsWPF4.Controls.Editors.XamComboEditor.v15.1.dll". [C:\Users\ultra\warewolf\Dev\Warewolf.Studio.Views\Warewolf.Studio.Views.csproj]
C:\Program Files\dotnet\sdk\10.0.201\Microsoft.Common.CurrentVersion.targets(2451,5): warning MSB3277:             InfragisticsWPF4.Controls.Editors.XamComboEditor.v15.1 [C:\Users\ultra\warewolf\Dev\Warewolf.Studio.Views\Warewolf.Studio.Views.csproj]
C:\Program Files\dotnet\sdk\10.0.201\Microsoft.Common.CurrentVersion.targets(2451,5): warning MSB3277:         C:\Users\ultra\warewolf\Dev\Binaries\Infragistcs_Net6\InfragisticsWPF4.Controls.Editors.XamRichTextEditor.v15.1.dll [C:\Users\ultra\warewolf\Dev\Warewolf.Studio.Views\Warewolf.Studio.Views.csproj]
C:\Program Files\dotnet\sdk\10.0.201\Microsoft.Common.CurrentVersion.targets(2451,5): warning MSB3277:           Project file item includes which caused reference "C:\Users\ultra\warewolf\Dev\Binaries\Infragistcs_Net6\InfragisticsWPF4.Controls.Editors.XamRichTextEditor.v15.1.dll". [C:\Users\ultra\warewolf\Dev\Warewolf.Studio.Views\Warewolf.Studio.Views.csproj]
C:\Program Files\dotnet\sdk\10.0.201\Microsoft.Common.CurrentVersion.targets(2451,5): warning MSB3277:             InfragisticsWPF4.Controls.Editors.XamRichTextEditor.v15.1 [C:\Users\ultra\warewolf\Dev\Warewolf.Studio.Views\Warewolf.Studio.Views.csproj]
C:\Program Files\dotnet\sdk\10.0.201\Microsoft.Common.CurrentVersion.targets(2451,5): warning MSB3277:         C:\Users\ultra\warewolf\Dev\Binaries\Infragistcs_Net6\InfragisticsWPF4.Controls.Grids.XamGrid.v15.1.dll [C:\Users\ultra\warewolf\Dev\Warewolf.Studio.Views\Warewolf.Studio.Views.csproj]
C:\Program Files\dotnet\sdk\10.0.201\Microsoft.Common.CurrentVersion.targets(2451,5): warning MSB3277:           Project file item includes which caused reference "C:\Users\ultra\warewolf\Dev\Binaries\Infragistcs_Net6\InfragisticsWPF4.Controls.Grids.XamGrid.v15.1.dll". [C:\Users\ultra\warewolf\Dev\Warewolf.Studio.Views\Warewolf.Studio.Views.csproj]
C:\Program Files\dotnet\sdk\10.0.201\Microsoft.Common.CurrentVersion.targets(2451,5): warning MSB3277:             InfragisticsWPF4.Controls.Grids.XamGrid.v15.1 [C:\Users\ultra\warewolf\Dev\Warewolf.Studio.Views\Warewolf.Studio.Views.csproj]
C:\Program Files\dotnet\sdk\10.0.201\Microsoft.Common.CurrentVersion.targets(2451,5): warning MSB3277:         C:\Users\ultra\warewolf\Dev\Binaries\Infragistcs_Net6\InfragisticsWPF4.Controls.Interactions.XamDialogWindow.v15.1.dll [C:\Users\ultra\warewolf\Dev\Warewolf.Studio.Views\Warewolf.Studio.Views.csproj]
C:\Program Files\dotnet\sdk\10.0.201\Microsoft.Common.CurrentVersion.targets(2451,5): warning MSB3277:           Project file item includes which caused reference "C:\Users\ultra\warewolf\Dev\Binaries\Infragistcs_Net6\InfragisticsWPF4.Controls.Interactions.XamDialogWindow.v15.1.dll". [C:\Users\ultra\warewolf\Dev\Warewolf.Studio.Views\Warewolf.Studio.Views.csproj]
C:\Program Files\dotnet\sdk\10.0.201\Microsoft.Common.CurrentVersion.targets(2451,5): warning MSB3277:             InfragisticsWPF4.Controls.Interactions.XamDialogWindow.v15.1 [C:\Users\ultra\warewolf\Dev\Warewolf.Studio.Views\Warewolf.Studio.Views.csproj]
C:\Program Files\dotnet\sdk\10.0.201\Microsoft.Common.CurrentVersion.targets(2451,5): warning MSB3277:         C:\Users\ultra\warewolf\Dev\Binaries\Infragistcs_Net6\InfragisticsWPF4.Controls.Menus.XamDataTree.v15.1.dll [C:\Users\ultra\warewolf\Dev\Warewolf.Studio.Views\Warewolf.Studio.Views.csproj]
C:\Program Files\dotnet\sdk\10.0.201\Microsoft.Common.CurrentVersion.targets(2451,5): warning MSB3277:           Project file item includes which caused reference "C:\Users\ultra\warewolf\Dev\Binaries\Infragistcs_Net6\InfragisticsWPF4.Controls.Menus.XamDataTree.v15.1.dll". [C:\Users\ultra\warewolf\Dev\Warewolf.Studio.Views\Warewolf.Studio.Views.csproj]
C:\Program Files\dotnet\sdk\10.0.201\Microsoft.Common.CurrentVersion.targets(2451,5): warning MSB3277:             InfragisticsWPF4.Controls.Menus.XamDataTree.v15.1 [C:\Users\ultra\warewolf\Dev\Warewolf.Studio.Views\Warewolf.Studio.Views.csproj]
C:\Program Files\dotnet\sdk\10.0.201\Microsoft.Common.CurrentVersion.targets(2451,5): warning MSB3277:         C:\Users\ultra\warewolf\Dev\Binaries\Infragistcs_Net6\InfragisticsWPF4.Controls.Menus.XamMenu.v15.1.dll [C:\Users\ultra\warewolf\Dev\Warewolf.Studio.Views\Warewolf.Studio.Views.csproj]
C:\Program Files\dotnet\sdk\10.0.201\Microsoft.Common.CurrentVersion.targets(2451,5): warning MSB3277:           Project file item includes which caused reference "C:\Users\ultra\warewolf\Dev\Binaries\Infragistcs_Net6\InfragisticsWPF4.Controls.Menus.XamMenu.v15.1.dll". [C:\Users\ultra\warewolf\Dev\Warewolf.Studio.Views\Warewolf.Studio.Views.csproj]
C:\Program Files\dotnet\sdk\10.0.201\Microsoft.Common.CurrentVersion.targets(2451,5): warning MSB3277:             InfragisticsWPF4.Controls.Menus.XamMenu.v15.1 [C:\Users\ultra\warewolf\Dev\Warewolf.Studio.Views\Warewolf.Studio.Views.csproj]
C:\Program Files\dotnet\sdk\10.0.201\Microsoft.Common.CurrentVersion.targets(2451,5): warning MSB3277:             InfragisticsWPF4.Controls.Editors.XamRichTextEditor.v15.1 [C:\Users\ultra\warewolf\Dev\Warewolf.Studio.Views\Warewolf.Studio.Views.csproj]
C:\Program Files\dotnet\sdk\10.0.201\Microsoft.Common.CurrentVersion.targets(2451,5): warning MSB3277:             InfragisticsWPF4.Controls.Grids.XamGrid.v15.1 [C:\Users\ultra\warewolf\Dev\Warewolf.Studio.Views\Warewolf.Studio.Views.csproj]
C:\Program Files\dotnet\sdk\10.0.201\Microsoft.Common.CurrentVersion.targets(2451,5): warning MSB3277:         C:\Users\ultra\warewolf\Dev\Binaries\Infragistcs_Net6\InfragisticsWPF4.DataManager.v15.1.dll [C:\Users\ultra\warewolf\Dev\Warewolf.Studio.Views\Warewolf.Studio.Views.csproj]
C:\Program Files\dotnet\sdk\10.0.201\Microsoft.Common.CurrentVersion.targets(2451,5): warning MSB3277:           Project file item includes which caused reference "C:\Users\ultra\warewolf\Dev\Binaries\Infragistcs_Net6\InfragisticsWPF4.DataManager.v15.1.dll". [C:\Users\ultra\warewolf\Dev\Warewolf.Studio.Views\Warewolf.Studio.Views.csproj]
C:\Program Files\dotnet\sdk\10.0.201\Microsoft.Common.CurrentVersion.targets(2451,5): warning MSB3277:             InfragisticsWPF4.DataManager.v15.1 [C:\Users\ultra\warewolf\Dev\Warewolf.Studio.Views\Warewolf.Studio.Views.csproj]
C:\Program Files\dotnet\sdk\10.0.201\Microsoft.Common.CurrentVersion.targets(2451,5): warning MSB3277:             InfragisticsWPF4.Controls.Editors.XamComboEditor.v15.1 [C:\Users\ultra\warewolf\Dev\Warewolf.Studio.Views\Warewolf.Studio.Views.csproj]
C:\Program Files\dotnet\sdk\10.0.201\Microsoft.Common.CurrentVersion.targets(2451,5): warning MSB3277:             InfragisticsWPF4.Controls.Grids.XamGrid.v15.1 [C:\Users\ultra\warewolf\Dev\Warewolf.Studio.Views\Warewolf.Studio.Views.csproj]
C:\Program Files\dotnet\sdk\10.0.201\Microsoft.Common.CurrentVersion.targets(2451,5): warning MSB3277:             InfragisticsWPF4.Controls.Menus.XamDataTree.v15.1 [C:\Users\ultra\warewolf\Dev\Warewolf.Studio.Views\Warewolf.Studio.Views.csproj]
C:\Program Files\dotnet\sdk\10.0.201\Microsoft.Common.CurrentVersion.targets(2451,5): warning MSB3277:         C:\Users\ultra\warewolf\Dev\Binaries\Infragistcs_Net6\InfragisticsWPF4.DockManager.v15.1.dll [C:\Users\ultra\warewolf\Dev\Warewolf.Studio.Views\Warewolf.Studio.Views.csproj]
C:\Program Files\dotnet\sdk\10.0.201\Microsoft.Common.CurrentVersion.targets(2451,5): warning MSB3277:           Project file item includes which caused reference "C:\Users\ultra\warewolf\Dev\Binaries\Infragistcs_Net6\InfragisticsWPF4.DockManager.v15.1.dll". [C:\Users\ultra\warewolf\Dev\Warewolf.Studio.Views\Warewolf.Studio.Views.csproj]
C:\Program Files\dotnet\sdk\10.0.201\Microsoft.Common.CurrentVersion.targets(2451,5): warning MSB3277:             InfragisticsWPF4.DockManager.v15.1 [C:\Users\ultra\warewolf\Dev\Warewolf.Studio.Views\Warewolf.Studio.Views.csproj]
C:\Program Files\dotnet\sdk\10.0.201\Microsoft.Common.CurrentVersion.targets(2451,5): warning MSB3277:         C:\Users\ultra\warewolf\Dev\Binaries\Infragistcs_Net6\InfragisticsWPF4.Documents.RichTextDocument.Html.v15.1.dll [C:\Users\ultra\warewolf\Dev\Warewolf.Studio.Views\Warewolf.Studio.Views.csproj]
C:\Program Files\dotnet\sdk\10.0.201\Microsoft.Common.CurrentVersion.targets(2451,5): warning MSB3277:           Project file item includes which caused reference "C:\Users\ultra\warewolf\Dev\Binaries\Infragistcs_Net6\InfragisticsWPF4.Documents.RichTextDocument.Html.v15.1.dll". [C:\Users\ultra\warewolf\Dev\Warewolf.Studio.Views\Warewolf.Studio.Views.csproj]
C:\Program Files\dotnet\sdk\10.0.201\Microsoft.Common.CurrentVersion.targets(2451,5): warning MSB3277:             InfragisticsWPF4.Documents.RichTextDocument.Html.v15.1 [C:\Users\ultra\warewolf\Dev\Warewolf.Studio.Views\Warewolf.Studio.Views.csproj]
C:\Program Files\dotnet\sdk\10.0.201\Microsoft.Common.CurrentVersion.targets(2451,5): warning MSB3277:         C:\Users\ultra\warewolf\Dev\Binaries\Infragistcs_Net6\InfragisticsWPF4.Documents.RichTextDocument.v15.1.dll [C:\Users\ultra\warewolf\Dev\Warewolf.Studio.Views\Warewolf.Studio.Views.csproj]
C:\Program Files\dotnet\sdk\10.0.201\Microsoft.Common.CurrentVersion.targets(2451,5): warning MSB3277:           Project file item includes which caused reference "C:\Users\ultra\warewolf\Dev\Binaries\Infragistcs_Net6\InfragisticsWPF4.Documents.RichTextDocument.v15.1.dll". [C:\Users\ultra\warewolf\Dev\Warewolf.Studio.Views\Warewolf.Studio.Views.csproj]
C:\Program Files\dotnet\sdk\10.0.201\Microsoft.Common.CurrentVersion.targets(2451,5): warning MSB3277:             InfragisticsWPF4.Documents.RichTextDocument.v15.1 [C:\Users\ultra\warewolf\Dev\Warewolf.Studio.Views\Warewolf.Studio.Views.csproj]
C:\Program Files\dotnet\sdk\10.0.201\Microsoft.Common.CurrentVersion.targets(2451,5): warning MSB3277:             InfragisticsWPF4.Controls.Editors.XamRichTextEditor.v15.1 [C:\Users\ultra\warewolf\Dev\Warewolf.Studio.Views\Warewolf.Studio.Views.csproj]
C:\Program Files\dotnet\sdk\10.0.201\Microsoft.Common.CurrentVersion.targets(2451,5): warning MSB3277:             InfragisticsWPF4.Documents.RichTextDocument.Html.v15.1 [C:\Users\ultra\warewolf\Dev\Warewolf.Studio.Views\Warewolf.Studio.Views.csproj]
C:\Program Files\dotnet\sdk\10.0.201\Microsoft.Common.CurrentVersion.targets(2451,5): warning MSB3277:         C:\Users\ultra\warewolf\Dev\Binaries\Infragistcs_Net6\InfragisticsWPF4.DragDrop.v15.1.dll [C:\Users\ultra\warewolf\Dev\Warewolf.Studio.Views\Warewolf.Studio.Views.csproj]
C:\Program Files\dotnet\sdk\10.0.201\Microsoft.Common.CurrentVersion.targets(2451,5): warning MSB3277:           Project file item includes which caused reference "C:\Users\ultra\warewolf\Dev\Binaries\Infragistcs_Net6\InfragisticsWPF4.DragDrop.v15.1.dll". [C:\Users\ultra\warewolf\Dev\Warewolf.Studio.Views\Warewolf.Studio.Views.csproj]
C:\Program Files\dotnet\sdk\10.0.201\Microsoft.Common.CurrentVersion.targets(2451,5): warning MSB3277:             InfragisticsWPF4.DragDrop.v15.1 [C:\Users\ultra\warewolf\Dev\Warewolf.Studio.Views\Warewolf.Studio.Views.csproj]
C:\Program Files\dotnet\sdk\10.0.201\Microsoft.Common.CurrentVersion.targets(2451,5): warning MSB3277:             InfragisticsWPF4.Controls.Menus.XamDataTree.v15.1 [C:\Users\ultra\warewolf\Dev\Warewolf.Studio.Views\Warewolf.Studio.Views.csproj]
C:\Program Files\dotnet\sdk\10.0.201\Microsoft.Common.CurrentVersion.targets(2451,5): warning MSB3277:         C:\Users\ultra\warewolf\Dev\Binaries\Infragistcs_Net6\InfragisticsWPF4.Editors.v15.1.dll [C:\Users\ultra\warewolf\Dev\Warewolf.Studio.Views\Warewolf.Studio.Views.csproj]
C:\Program Files\dotnet\sdk\10.0.201\Microsoft.Common.CurrentVersion.targets(2451,5): warning MSB3277:           Project file item includes which caused reference "C:\Users\ultra\warewolf\Dev\Binaries\Infragistcs_Net6\InfragisticsWPF4.Editors.v15.1.dll". [C:\Users\ultra\warewolf\Dev\Warewolf.Studio.Views\Warewolf.Studio.Views.csproj]
C:\Program Files\dotnet\sdk\10.0.201\Microsoft.Common.CurrentVersion.targets(2451,5): warning MSB3277:             InfragisticsWPF4.Editors.v15.1 [C:\Users\ultra\warewolf\Dev\Warewolf.Studio.Views\Warewolf.Studio.Views.csproj]
C:\Program Files\dotnet\sdk\10.0.201\Microsoft.Common.CurrentVersion.targets(2451,5): warning MSB3277:         C:\Users\ultra\warewolf\Dev\Binaries\Infragistcs_Net6\InfragisticsWPF4.v15.1.dll [C:\Users\ultra\warewolf\Dev\Warewolf.Studio.Views\Warewolf.Studio.Views.csproj]
C:\Program Files\dotnet\sdk\10.0.201\Microsoft.Common.CurrentVersion.targets(2451,5): warning MSB3277:           Project file item includes which caused reference "C:\Users\ultra\warewolf\Dev\Binaries\Infragistcs_Net6\InfragisticsWPF4.v15.1.dll". [C:\Users\ultra\warewolf\Dev\Warewolf.Studio.Views\Warewolf.Studio.Views.csproj]
C:\Program Files\dotnet\sdk\10.0.201\Microsoft.Common.CurrentVersion.targets(2451,5): warning MSB3277:             InfragisticsWPF4.v15.1 [C:\Users\ultra\warewolf\Dev\Warewolf.Studio.Views\Warewolf.Studio.Views.csproj]
C:\Program Files\dotnet\sdk\10.0.201\Microsoft.Common.CurrentVersion.targets(2451,5): warning MSB3277:             InfragisticsWPF4.Controls.Editors.XamComboEditor.v15.1 [C:\Users\ultra\warewolf\Dev\Warewolf.Studio.Views\Warewolf.Studio.Views.csproj]
C:\Program Files\dotnet\sdk\10.0.201\Microsoft.Common.CurrentVersion.targets(2451,5): warning MSB3277:             InfragisticsWPF4.Controls.Editors.XamRichTextEditor.v15.1 [C:\Users\ultra\warewolf\Dev\Warewolf.Studio.Views\Warewolf.Studio.Views.csproj]
C:\Program Files\dotnet\sdk\10.0.201\Microsoft.Common.CurrentVersion.targets(2451,5): warning MSB3277:             InfragisticsWPF4.Controls.Grids.XamGrid.v15.1 [C:\Users\ultra\warewolf\Dev\Warewolf.Studio.Views\Warewolf.Studio.Views.csproj]
C:\Program Files\dotnet\sdk\10.0.201\Microsoft.Common.CurrentVersion.targets(2451,5): warning MSB3277:             InfragisticsWPF4.Controls.Interactions.XamDialogWindow.v15.1 [C:\Users\ultra\warewolf\Dev\Warewolf.Studio.Views\Warewolf.Studio.Views.csproj]
C:\Program Files\dotnet\sdk\10.0.201\Microsoft.Common.CurrentVersion.targets(2451,5): warning MSB3277:             InfragisticsWPF4.Controls.Menus.XamDataTree.v15.1 [C:\Users\ultra\warewolf\Dev\Warewolf.Studio.Views\Warewolf.Studio.Views.csproj]
C:\Program Files\dotnet\sdk\10.0.201\Microsoft.Common.CurrentVersion.targets(2451,5): warning MSB3277:             InfragisticsWPF4.Controls.Menus.XamMenu.v15.1 [C:\Users\ultra\warewolf\Dev\Warewolf.Studio.Views\Warewolf.Studio.Views.csproj]
C:\Program Files\dotnet\sdk\10.0.201\Microsoft.Common.CurrentVersion.targets(2451,5): warning MSB3277:             InfragisticsWPF4.DataManager.v15.1 [C:\Users\ultra\warewolf\Dev\Warewolf.Studio.Views\Warewolf.Studio.Views.csproj]
C:\Program Files\dotnet\sdk\10.0.201\Microsoft.Common.CurrentVersion.targets(2451,5): warning MSB3277:             InfragisticsWPF4.DockManager.v15.1 [C:\Users\ultra\warewolf\Dev\Warewolf.Studio.Views\Warewolf.Studio.Views.csproj]
C:\Program Files\dotnet\sdk\10.0.201\Microsoft.Common.CurrentVersion.targets(2451,5): warning MSB3277:             InfragisticsWPF4.Documents.RichTextDocument.Html.v15.1 [C:\Users\ultra\warewolf\Dev\Warewolf.Studio.Views\Warewolf.Studio.Views.csproj]
C:\Program Files\dotnet\sdk\10.0.201\Microsoft.Common.CurrentVersion.targets(2451,5): warning MSB3277:             InfragisticsWPF4.Documents.RichTextDocument.v15.1 [C:\Users\ultra\warewolf\Dev\Warewolf.Studio.Views\Warewolf.Studio.Views.csproj]
C:\Program Files\dotnet\sdk\10.0.201\Microsoft.Common.CurrentVersion.targets(2451,5): warning MSB3277:             InfragisticsWPF4.Editors.v15.1 [C:\Users\ultra\warewolf\Dev\Warewolf.Studio.Views\Warewolf.Studio.Views.csproj]
C:\Program Files\dotnet\sdk\10.0.201\Microsoft.Common.CurrentVersion.targets(2451,5): warning MSB3277:         C:\Users\ultra\.nuget\packages\caliburn.micro\4.0.212\lib\netcoreapp3.1\Caliburn.Micro.Platform.dll [C:\Users\ultra\warewolf\Dev\Warewolf.Studio.Views\Warewolf.Studio.Views.csproj]
C:\Program Files\dotnet\sdk\10.0.201\Microsoft.Common.CurrentVersion.targets(2451,5): warning MSB3277:           Project file item includes which caused reference "C:\Users\ultra\.nuget\packages\caliburn.micro\4.0.212\lib\netcoreapp3.1\Caliburn.Micro.Platform.dll". [C:\Users\ultra\warewolf\Dev\Warewolf.Studio.Views\Warewolf.Studio.Views.csproj]
C:\Program Files\dotnet\sdk\10.0.201\Microsoft.Common.CurrentVersion.targets(2451,5): warning MSB3277:             C:\Users\ultra\.nuget\packages\caliburn.micro\4.0.212\lib\netcoreapp3.1\Caliburn.Micro.Platform.dll [C:\Users\ultra\warewolf\Dev\Warewolf.Studio.Views\Warewolf.Studio.Views.csproj]
C:\Program Files\dotnet\sdk\10.0.201\Microsoft.Common.CurrentVersion.targets(2451,5): warning MSB3277:         C:\Users\ultra\.nuget\packages\extended.wpf.toolkit\4.4.0\lib\net5.0\Xceed.Wpf.AvalonDock.NET5.dll [C:\Users\ultra\warewolf\Dev\Warewolf.Studio.Views\Warewolf.Studio.Views.csproj]
C:\Program Files\dotnet\sdk\10.0.201\Microsoft.Common.CurrentVersion.targets(2451,5): warning MSB3277:           Project file item includes which caused reference "C:\Users\ultra\.nuget\packages\extended.wpf.toolkit\4.4.0\lib\net5.0\Xceed.Wpf.AvalonDock.NET5.dll". [C:\Users\ultra\warewolf\Dev\Warewolf.Studio.Views\Warewolf.Studio.Views.csproj]
C:\Program Files\dotnet\sdk\10.0.201\Microsoft.Common.CurrentVersion.targets(2451,5): warning MSB3277:             C:\Users\ultra\.nuget\packages\extended.wpf.toolkit\4.4.0\lib\net5.0\Xceed.Wpf.AvalonDock.NET5.dll [C:\Users\ultra\warewolf\Dev\Warewolf.Studio.Views\Warewolf.Studio.Views.csproj]
C:\Program Files\dotnet\sdk\10.0.201\Microsoft.Common.CurrentVersion.targets(2451,5): warning MSB3277:             C:\Users\ultra\.nuget\packages\extended.wpf.toolkit\4.4.0\lib\net5.0\Xceed.Wpf.AvalonDock.Themes.Aero.NET5.dll [C:\Users\ultra\warewolf\Dev\Warewolf.Studio.Views\Warewolf.Studio.Views.csproj]
C:\Program Files\dotnet\sdk\10.0.201\Microsoft.Common.CurrentVersion.targets(2451,5): warning MSB3277:             C:\Users\ultra\.nuget\packages\extended.wpf.toolkit\4.4.0\lib\net5.0\Xceed.Wpf.AvalonDock.Themes.Metro.NET5.dll [C:\Users\ultra\warewolf\Dev\Warewolf.Studio.Views\Warewolf.Studio.Views.csproj]
C:\Program Files\dotnet\sdk\10.0.201\Microsoft.Common.CurrentVersion.targets(2451,5): warning MSB3277:             C:\Users\ultra\.nuget\packages\extended.wpf.toolkit\4.4.0\lib\net5.0\Xceed.Wpf.AvalonDock.Themes.VS2010.NET5.dll [C:\Users\ultra\warewolf\Dev\Warewolf.Studio.Views\Warewolf.Studio.Views.csproj]
C:\Program Files\dotnet\sdk\10.0.201\Microsoft.Common.CurrentVersion.targets(2451,5): warning MSB3277:         C:\Users\ultra\.nuget\packages\extended.wpf.toolkit\4.4.0\lib\net5.0\Xceed.Wpf.AvalonDock.Themes.Aero.NET5.dll [C:\Users\ultra\warewolf\Dev\Warewolf.Studio.Views\Warewolf.Studio.Views.csproj]
C:\Program Files\dotnet\sdk\10.0.201\Microsoft.Common.CurrentVersion.targets(2451,5): warning MSB3277:           Project file item includes which caused reference "C:\Users\ultra\.nuget\packages\extended.wpf.toolkit\4.4.0\lib\net5.0\Xceed.Wpf.AvalonDock.Themes.Aero.NET5.dll". [C:\Users\ultra\warewolf\Dev\Warewolf.Studio.Views\Warewolf.Studio.Views.csproj]
C:\Program Files\dotnet\sdk\10.0.201\Microsoft.Common.CurrentVersion.targets(2451,5): warning MSB3277:             C:\Users\ultra\.nuget\packages\extended.wpf.toolkit\4.4.0\lib\net5.0\Xceed.Wpf.AvalonDock.Themes.Aero.NET5.dll [C:\Users\ultra\warewolf\Dev\Warewolf.Studio.Views\Warewolf.Studio.Views.csproj]
C:\Program Files\dotnet\sdk\10.0.201\Microsoft.Common.CurrentVersion.targets(2451,5): warning MSB3277:         C:\Users\ultra\.nuget\packages\extended.wpf.toolkit\4.4.0\lib\net5.0\Xceed.Wpf.Toolkit.NET5.dll [C:\Users\ultra\warewolf\Dev\Warewolf.Studio.Views\Warewolf.Studio.Views.csproj]
C:\Program Files\dotnet\sdk\10.0.201\Microsoft.Common.CurrentVersion.targets(2451,5): warning MSB3277:           Project file item includes which caused reference "C:\Users\ultra\.nuget\packages\extended.wpf.toolkit\4.4.0\lib\net5.0\Xceed.Wpf.Toolkit.NET5.dll". [C:\Users\ultra\warewolf\Dev\Warewolf.Studio.Views\Warewolf.Studio.Views.csproj]
C:\Program Files\dotnet\sdk\10.0.201\Microsoft.Common.CurrentVersion.targets(2451,5): warning MSB3277:             C:\Users\ultra\.nuget\packages\extended.wpf.toolkit\4.4.0\lib\net5.0\Xceed.Wpf.Toolkit.NET5.dll [C:\Users\ultra\warewolf\Dev\Warewolf.Studio.Views\Warewolf.Studio.Views.csproj]
C:\Program Files\dotnet\sdk\10.0.201\Microsoft.Common.CurrentVersion.targets(2451,5): warning MSB3277:         C:\Users\ultra\.nuget\packages\ironpython\3.4.0\lib\net6.0\IronPython.Wpf.dll [C:\Users\ultra\warewolf\Dev\Warewolf.Studio.Views\Warewolf.Studio.Views.csproj]
C:\Program Files\dotnet\sdk\10.0.201\Microsoft.Common.CurrentVersion.targets(2451,5): warning MSB3277:           Project file item includes which caused reference "C:\Users\ultra\.nuget\packages\ironpython\3.4.0\lib\net6.0\IronPython.Wpf.dll". [C:\Users\ultra\warewolf\Dev\Warewolf.Studio.Views\Warewolf.Studio.Views.csproj]
C:\Program Files\dotnet\sdk\10.0.201\Microsoft.Common.CurrentVersion.targets(2451,5): warning MSB3277:             C:\Users\ultra\.nuget\packages\ironpython\3.4.0\lib\net6.0\IronPython.Wpf.dll [C:\Users\ultra\warewolf\Dev\Warewolf.Studio.Views\Warewolf.Studio.Views.csproj]
C:\Program Files\dotnet\sdk\10.0.201\Microsoft.Common.CurrentVersion.targets(2451,5): warning MSB3277:         C:\Users\ultra\.nuget\packages\microsoft.xaml.behaviors.wpf\1.1.122\lib\net462\Microsoft.Xaml.Behaviors.dll [C:\Users\ultra\warewolf\Dev\Warewolf.Studio.Views\Warewolf.Studio.Views.csproj]
C:\Program Files\dotnet\sdk\10.0.201\Microsoft.Common.CurrentVersion.targets(2451,5): warning MSB3277:           Project file item includes which caused reference "C:\Users\ultra\.nuget\packages\microsoft.xaml.behaviors.wpf\1.1.122\lib\net462\Microsoft.Xaml.Behaviors.dll". [C:\Users\ultra\warewolf\Dev\Warewolf.Studio.Views\Warewolf.Studio.Views.csproj]
C:\Program Files\dotnet\sdk\10.0.201\Microsoft.Common.CurrentVersion.targets(2451,5): warning MSB3277:             C:\Users\ultra\.nuget\packages\microsoft.xaml.behaviors.wpf\1.1.122\lib\net462\Microsoft.Xaml.Behaviors.dll [C:\Users\ultra\warewolf\Dev\Warewolf.Studio.Views\Warewolf.Studio.Views.csproj]
C:\Program Files\dotnet\sdk\10.0.201\Microsoft.Common.CurrentVersion.targets(2451,5): warning MSB3277:             C:\Users\ultra\.nuget\packages\caliburn.micro\4.0.212\lib\netcoreapp3.1\Caliburn.Micro.Platform.dll [C:\Users\ultra\warewolf\Dev\Warewolf.Studio.Views\Warewolf.Studio.Views.csproj]
C:\Program Files\dotnet\sdk\10.0.201\Microsoft.Common.CurrentVersion.targets(2451,5): warning MSB3277:             C:\Users\ultra\.nuget\packages\prism.wpf\9.0.537\lib\net462\Prism.Wpf.dll [C:\Users\ultra\warewolf\Dev\Warewolf.Studio.Views\Warewolf.Studio.Views.csproj]
C:\Program Files\dotnet\sdk\10.0.201\Microsoft.Common.CurrentVersion.targets(2451,5): warning MSB3277:         C:\Users\ultra\.nuget\packages\prism.wpf\9.0.537\lib\net462\Prism.Wpf.dll [C:\Users\ultra\warewolf\Dev\Warewolf.Studio.Views\Warewolf.Studio.Views.csproj]
C:\Program Files\dotnet\sdk\10.0.201\Microsoft.Common.CurrentVersion.targets(2451,5): warning MSB3277:           Project file item includes which caused reference "C:\Users\ultra\.nuget\packages\prism.wpf\9.0.537\lib\net462\Prism.Wpf.dll". [C:\Users\ultra\warewolf\Dev\Warewolf.Studio.Views\Warewolf.Studio.Views.csproj]
C:\Program Files\dotnet\sdk\10.0.201\Microsoft.Common.CurrentVersion.targets(2451,5): warning MSB3277:             C:\Users\ultra\.nuget\packages\prism.wpf\9.0.537\lib\net462\Prism.Wpf.dll [C:\Users\ultra\warewolf\Dev\Warewolf.Studio.Views\Warewolf.Studio.Views.csproj]
C:\Program Files\dotnet\sdk\10.0.201\Microsoft.Common.CurrentVersion.targets(2451,5): warning MSB3277:         C:\Users\ultra\.nuget\packages\reactiveui.wpf\18.4.1\lib\net462\ReactiveUI.Wpf.dll [C:\Users\ultra\warewolf\Dev\Warewolf.Studio.Views\Warewolf.Studio.Views.csproj]
C:\Program Files\dotnet\sdk\10.0.201\Microsoft.Common.CurrentVersion.targets(2451,5): warning MSB3277:           Project file item includes which caused reference "C:\Users\ultra\.nuget\packages\reactiveui.wpf\18.4.1\lib\net462\ReactiveUI.Wpf.dll". [C:\Users\ultra\warewolf\Dev\Warewolf.Studio.Views\Warewolf.Studio.Views.csproj]
C:\Program Files\dotnet\sdk\10.0.201\Microsoft.Common.CurrentVersion.targets(2451,5): warning MSB3277:             C:\Users\ultra\.nuget\packages\reactiveui.wpf\18.4.1\lib\net462\ReactiveUI.Wpf.dll [C:\Users\ultra\warewolf\Dev\Warewolf.Studio.Views\Warewolf.Studio.Views.csproj]
C:\Program Files\dotnet\sdk\10.0.201\Microsoft.Common.CurrentVersion.targets(2451,5): warning MSB3277:         C:\Users\ultra\warewolf\Dev\Binaries\Infragistcs_Net6\InfragisticsWPF4.Undo.v15.1.dll [C:\Users\ultra\warewolf\Dev\Warewolf.Studio.Views\Warewolf.Studio.Views.csproj]
C:\Program Files\dotnet\sdk\10.0.201\Microsoft.Common.CurrentVersion.targets(2451,5): warning MSB3277:           Project file item includes which caused reference "C:\Users\ultra\warewolf\Dev\Binaries\Infragistcs_Net6\InfragisticsWPF4.Undo.v15.1.dll". [C:\Users\ultra\warewolf\Dev\Warewolf.Studio.Views\Warewolf.Studio.Views.csproj]
C:\Program Files\dotnet\sdk\10.0.201\Microsoft.Common.CurrentVersion.targets(2451,5): warning MSB3277:             InfragisticsWPF4.Controls.Editors.XamRichTextEditor.v15.1 [C:\Users\ultra\warewolf\Dev\Warewolf.Studio.Views\Warewolf.Studio.Views.csproj]
C:\Program Files\dotnet\sdk\10.0.201\Microsoft.Common.CurrentVersion.targets(2451,5): warning MSB3277:             InfragisticsWPF4.Documents.RichTextDocument.v15.1 [C:\Users\ultra\warewolf\Dev\Warewolf.Studio.Views\Warewolf.Studio.Views.csproj]
C:\Program Files\dotnet\sdk\10.0.201\Microsoft.Common.CurrentVersion.targets(2451,5): warning MSB3277:             InfragisticsWPF4.Documents.RichTextDocument.Html.v15.1 [C:\Users\ultra\warewolf\Dev\Warewolf.Studio.Views\Warewolf.Studio.Views.csproj]
C:\Program Files\dotnet\sdk\10.0.201\Microsoft.Common.CurrentVersion.targets(2451,5): warning MSB3277: Found conflicts between different versions of "System.IO.Packaging" that could not be resolved. [C:\Users\ultra\warewolf\Dev\Warewolf.Studio.Views\Warewolf.Studio.Views.csproj]
C:\Program Files\dotnet\sdk\10.0.201\Microsoft.Common.CurrentVersion.targets(2451,5): warning MSB3277: There was a conflict between "System.IO.Packaging, Version=6.0.0.0, Culture=neutral, PublicKeyToken=b03f5f7f11d50a3a" and "System.IO.Packaging, Version=7.0.0.0, Culture=neutral, PublicKeyToken=b03f5f7f11d50a3a". [C:\Users\ultra\warewolf\Dev\Warewolf.Studio.Views\Warewolf.Studio.Views.csproj]
C:\Program Files\dotnet\sdk\10.0.201\Microsoft.Common.CurrentVersion.targets(2451,5): warning MSB3277:     "System.IO.Packaging, Version=6.0.0.0, Culture=neutral, PublicKeyToken=b03f5f7f11d50a3a" was chosen because it was primary and "System.IO.Packaging, Version=7.0.0.0, Culture=neutral, PublicKeyToken=b03f5f7f11d50a3a" was not. [C:\Users\ultra\warewolf\Dev\Warewolf.Studio.Views\Warewolf.Studio.Views.csproj]
C:\Program Files\dotnet\sdk\10.0.201\Microsoft.Common.CurrentVersion.targets(2451,5): warning MSB3277:     References which depend on "System.IO.Packaging, Version=6.0.0.0, Culture=neutral, PublicKeyToken=b03f5f7f11d50a3a" [C:\Users\ultra\.nuget\packages\system.io.packaging\6.0.0\lib\net6.0\System.IO.Packaging.dll]. [C:\Users\ultra\warewolf\Dev\Warewolf.Studio.Views\Warewolf.Studio.Views.csproj]
C:\Program Files\dotnet\sdk\10.0.201\Microsoft.Common.CurrentVersion.targets(2451,5): warning MSB3277:         C:\Users\ultra\.nuget\packages\system.io.packaging\6.0.0\lib\net6.0\System.IO.Packaging.dll [C:\Users\ultra\warewolf\Dev\Warewolf.Studio.Views\Warewolf.Studio.Views.csproj]
C:\Program Files\dotnet\sdk\10.0.201\Microsoft.Common.CurrentVersion.targets(2451,5): warning MSB3277:           Project file item includes which caused reference "C:\Users\ultra\.nuget\packages\system.io.packaging\6.0.0\lib\net6.0\System.IO.Packaging.dll". [C:\Users\ultra\warewolf\Dev\Warewolf.Studio.Views\Warewolf.Studio.Views.csproj]
C:\Program Files\dotnet\sdk\10.0.201\Microsoft.Common.CurrentVersion.targets(2451,5): warning MSB3277:             C:\Users\ultra\.nuget\packages\system.io.packaging\6.0.0\lib\net6.0\System.IO.Packaging.dll [C:\Users\ultra\warewolf\Dev\Warewolf.Studio.Views\Warewolf.Studio.Views.csproj]
C:\Program Files\dotnet\sdk\10.0.201\Microsoft.Common.CurrentVersion.targets(2451,5): warning MSB3277:     References which depend on or have been unified to "System.IO.Packaging, Version=7.0.0.0, Culture=neutral, PublicKeyToken=b03f5f7f11d50a3a" []. [C:\Users\ultra\warewolf\Dev\Warewolf.Studio.Views\Warewolf.Studio.Views.csproj]
C:\Program Files\dotnet\sdk\10.0.201\Microsoft.Common.CurrentVersion.targets(2451,5): warning MSB3277:         C:\Users\ultra\warewolf\Dev\Binaries\Infragistcs_Net6\InfragisticsWPF4.Documents.RichTextDocument.v15.1.dll [C:\Users\ultra\warewolf\Dev\Warewolf.Studio.Views\Warewolf.Studio.Views.csproj]
C:\Program Files\dotnet\sdk\10.0.201\Microsoft.Common.CurrentVersion.targets(2451,5): warning MSB3277:           Project file item includes which caused reference "C:\Users\ultra\warewolf\Dev\Binaries\Infragistcs_Net6\InfragisticsWPF4.Documents.RichTextDocument.v15.1.dll". [C:\Users\ultra\warewolf\Dev\Warewolf.Studio.Views\Warewolf.Studio.Views.csproj]
C:\Program Files\dotnet\sdk\10.0.201\Microsoft.Common.CurrentVersion.targets(2451,5): warning MSB3277:             InfragisticsWPF4.Documents.RichTextDocument.v15.1 [C:\Users\ultra\warewolf\Dev\Warewolf.Studio.Views\Warewolf.Studio.Views.csproj]
C:\Program Files\dotnet\sdk\10.0.201\Microsoft.Common.CurrentVersion.targets(2451,5): warning MSB3277:             InfragisticsWPF4.Controls.Editors.XamRichTextEditor.v15.1 [C:\Users\ultra\warewolf\Dev\Warewolf.Studio.Views\Warewolf.Studio.Views.csproj]
C:\Program Files\dotnet\sdk\10.0.201\Microsoft.Common.CurrentVersion.targets(2451,5): warning MSB3277:             InfragisticsWPF4.Documents.RichTextDocument.Html.v15.1 [C:\Users\ultra\warewolf\Dev\Warewolf.Studio.Views\Warewolf.Studio.Views.csproj]
C:\Program Files\dotnet\sdk\10.0.201\Microsoft.Common.CurrentVersion.targets(2451,5): warning MSB3277:         C:\Program Files\dotnet\packs\Microsoft.NETCore.App.Ref\8.0.25\ref\net8.0\WindowsBase.dll [C:\Users\ultra\warewolf\Dev\Warewolf.Studio.Views\Warewolf.Studio.Views.csproj]
C:\Program Files\dotnet\sdk\10.0.201\Microsoft.Common.CurrentVersion.targets(2451,5): warning MSB3277:           Project file item includes which caused reference "C:\Program Files\dotnet\packs\Microsoft.NETCore.App.Ref\8.0.25\ref\net8.0\WindowsBase.dll". [C:\Users\ultra\warewolf\Dev\Warewolf.Studio.Views\Warewolf.Studio.Views.csproj]
C:\Program Files\dotnet\sdk\10.0.201\Microsoft.Common.CurrentVersion.targets(2451,5): warning MSB3277:             C:\Program Files\dotnet\packs\Microsoft.NETCore.App.Ref\8.0.25\ref/net8.0/WindowsBase.dll [C:\Users\ultra\warewolf\Dev\Warewolf.Studio.Views\Warewolf.Studio.Views.csproj]
C:\Program Files\dotnet\sdk\10.0.201\Microsoft.Common.CurrentVersion.targets(2451,5): warning MSB3277:         C:\Users\ultra\warewolf\Dev\Binaries\Infragistcs_Net6\InfragisticsWPF4.Documents.Core.v15.1.dll [C:\Users\ultra\warewolf\Dev\Warewolf.Studio.Views\Warewolf.Studio.Views.csproj]
C:\Program Files\dotnet\sdk\10.0.201\Microsoft.Common.CurrentVersion.targets(2451,5): warning MSB3277:           Project file item includes which caused reference "C:\Users\ultra\warewolf\Dev\Binaries\Infragistcs_Net6\InfragisticsWPF4.Documents.Core.v15.1.dll". [C:\Users\ultra\warewolf\Dev\Warewolf.Studio.Views\Warewolf.Studio.Views.csproj]
C:\Program Files\dotnet\sdk\10.0.201\Microsoft.Common.CurrentVersion.targets(2451,5): warning MSB3277:             InfragisticsWPF4.Documents.RichTextDocument.Html.v15.1 [C:\Users\ultra\warewolf\Dev\Warewolf.Studio.Views\Warewolf.Studio.Views.csproj]
C:\Program Files\dotnet\sdk\10.0.201\Microsoft.Common.CurrentVersion.targets(2451,5): warning MSB3277: Found conflicts between different versions of "System.Windows.Extensions" that could not be resolved. [C:\Users\ultra\warewolf\Dev\Warewolf.Studio.Views\Warewolf.Studio.Views.csproj]
C:\Program Files\dotnet\sdk\10.0.201\Microsoft.Common.CurrentVersion.targets(2451,5): warning MSB3277: There was a conflict between "System.Windows.Extensions, Version=6.0.0.0, Culture=neutral, PublicKeyToken=cc7b13ffcd2ddd51" and "System.Windows.Extensions, Version=7.0.0.0, Culture=neutral, PublicKeyToken=cc7b13ffcd2ddd51". [C:\Users\ultra\warewolf\Dev\Warewolf.Studio.Views\Warewolf.Studio.Views.csproj]
C:\Program Files\dotnet\sdk\10.0.201\Microsoft.Common.CurrentVersion.targets(2451,5): warning MSB3277:     "System.Windows.Extensions, Version=6.0.0.0, Culture=neutral, PublicKeyToken=cc7b13ffcd2ddd51" was chosen because it was primary and "System.Windows.Extensions, Version=7.0.0.0, Culture=neutral, PublicKeyToken=cc7b13ffcd2ddd51" was not. [C:\Users\ultra\warewolf\Dev\Warewolf.Studio.Views\Warewolf.Studio.Views.csproj]
C:\Program Files\dotnet\sdk\10.0.201\Microsoft.Common.CurrentVersion.targets(2451,5): warning MSB3277:     References which depend on "System.Windows.Extensions, Version=6.0.0.0, Culture=neutral, PublicKeyToken=cc7b13ffcd2ddd51" [C:\Users\ultra\.nuget\packages\system.windows.extensions\6.0.0\lib\net6.0\System.Windows.Extensions.dll]. [C:\Users\ultra\warewolf\Dev\Warewolf.Studio.Views\Warewolf.Studio.Views.csproj]
C:\Program Files\dotnet\sdk\10.0.201\Microsoft.Common.CurrentVersion.targets(2451,5): warning MSB3277:         C:\Users\ultra\.nuget\packages\system.windows.extensions\6.0.0\lib\net6.0\System.Windows.Extensions.dll [C:\Users\ultra\warewolf\Dev\Warewolf.Studio.Views\Warewolf.Studio.Views.csproj]
C:\Program Files\dotnet\sdk\10.0.201\Microsoft.Common.CurrentVersion.targets(2451,5): warning MSB3277:           Project file item includes which caused reference "C:\Users\ultra\.nuget\packages\system.windows.extensions\6.0.0\lib\net6.0\System.Windows.Extensions.dll". [C:\Users\ultra\warewolf\Dev\Warewolf.Studio.Views\Warewolf.Studio.Views.csproj]
C:\Program Files\dotnet\sdk\10.0.201\Microsoft.Common.CurrentVersion.targets(2451,5): warning MSB3277:             C:\Users\ultra\.nuget\packages\system.windows.extensions\6.0.0\lib\net6.0\System.Windows.Extensions.dll [C:\Users\ultra\warewolf\Dev\Warewolf.Studio.Views\Warewolf.Studio.Views.csproj]
C:\Program Files\dotnet\sdk\10.0.201\Microsoft.Common.CurrentVersion.targets(2451,5): warning MSB3277:     References which depend on or have been unified to "System.Windows.Extensions, Version=7.0.0.0, Culture=neutral, PublicKeyToken=cc7b13ffcd2ddd51" []. [C:\Users\ultra\warewolf\Dev\Warewolf.Studio.Views\Warewolf.Studio.Views.csproj]
C:\Program Files\dotnet\sdk\10.0.201\Microsoft.Common.CurrentVersion.targets(2451,5): warning MSB3277:         C:\Users\ultra\warewolf\Dev\Binaries\Infragistcs_Net6\InfragisticsWPF4.Editors.v15.1.dll [C:\Users\ultra\warewolf\Dev\Warewolf.Studio.Views\Warewolf.Studio.Views.csproj]
C:\Program Files\dotnet\sdk\10.0.201\Microsoft.Common.CurrentVersion.targets(2451,5): warning MSB3277:           Project file item includes which caused reference "C:\Users\ultra\warewolf\Dev\Binaries\Infragistcs_Net6\InfragisticsWPF4.Editors.v15.1.dll". [C:\Users\ultra\warewolf\Dev\Warewolf.Studio.Views\Warewolf.Studio.Views.csproj]
C:\Program Files\dotnet\sdk\10.0.201\Microsoft.Common.CurrentVersion.targets(2451,5): warning MSB3277:             InfragisticsWPF4.Editors.v15.1 [C:\Users\ultra\warewolf\Dev\Warewolf.Studio.Views\Warewolf.Studio.Views.csproj]
C:\Program Files\dotnet\sdk\10.0.201\Microsoft.Common.CurrentVersion.targets(2451,5): warning MSB3277:         C:\Users\ultra\.nuget\packages\extended.wpf.toolkit\4.4.0\lib\net5.0\Xceed.Wpf.Toolkit.NET5.dll [C:\Users\ultra\warewolf\Dev\Warewolf.Studio.Views\Warewolf.Studio.Views.csproj]
C:\Program Files\dotnet\sdk\10.0.201\Microsoft.Common.CurrentVersion.targets(2451,5): warning MSB3277:           Project file item includes which caused reference "C:\Users\ultra\.nuget\packages\extended.wpf.toolkit\4.4.0\lib\net5.0\Xceed.Wpf.Toolkit.NET5.dll". [C:\Users\ultra\warewolf\Dev\Warewolf.Studio.Views\Warewolf.Studio.Views.csproj]
C:\Program Files\dotnet\sdk\10.0.201\Microsoft.Common.CurrentVersion.targets(2451,5): warning MSB3277:             C:\Users\ultra\.nuget\packages\extended.wpf.toolkit\4.4.0\lib\net5.0\Xceed.Wpf.Toolkit.NET5.dll [C:\Users\ultra\warewolf\Dev\Warewolf.Studio.Views\Warewolf.Studio.Views.csproj]
C:\Program Files\dotnet\sdk\10.0.201\Microsoft.Common.CurrentVersion.targets(2451,5): warning MSB3277:         C:\Users\ultra\.nuget\packages\system.security.permissions\6.0.0\lib\net6.0\System.Security.Permissions.dll [C:\Users\ultra\warewolf\Dev\Warewolf.Studio.Views\Warewolf.Studio.Views.csproj]
C:\Program Files\dotnet\sdk\10.0.201\Microsoft.Common.CurrentVersion.targets(2451,5): warning MSB3277:           Project file item includes which caused reference "C:\Users\ultra\.nuget\packages\system.security.permissions\6.0.0\lib\net6.0\System.Security.Permissions.dll". [C:\Users\ultra\warewolf\Dev\Warewolf.Studio.Views\Warewolf.Studio.Views.csproj]
C:\Program Files\dotnet\sdk\10.0.201\Microsoft.Common.CurrentVersion.targets(2451,5): warning MSB3277:             C:\Users\ultra\.nuget\packages\system.security.permissions\6.0.0\lib\net6.0\System.Security.Permissions.dll [C:\Users\ultra\warewolf\Dev\Warewolf.Studio.Views\Warewolf.Studio.Views.csproj]
C:\Program Files\dotnet\sdk\10.0.201\Microsoft.Common.CurrentVersion.targets(2451,5): warning MSB3277:         C:\Program Files\dotnet\packs\Microsoft.NETCore.App.Ref\8.0.25\ref\net8.0\System.Security.dll [C:\Users\ultra\warewolf\Dev\Warewolf.Studio.Views\Warewolf.Studio.Views.csproj]
C:\Program Files\dotnet\sdk\10.0.201\Microsoft.Common.CurrentVersion.targets(2451,5): warning MSB3277:           Project file item includes which caused reference "C:\Program Files\dotnet\packs\Microsoft.NETCore.App.Ref\8.0.25\ref\net8.0\System.Security.dll". [C:\Users\ultra\warewolf\Dev\Warewolf.Studio.Views\Warewolf.Studio.Views.csproj]
C:\Program Files\dotnet\sdk\10.0.201\Microsoft.Common.CurrentVersion.targets(2451,5): warning MSB3277:             C:\Program Files\dotnet\packs\Microsoft.NETCore.App.Ref\8.0.25\ref/net8.0/System.Security.dll [C:\Users\ultra\warewolf\Dev\Warewolf.Studio.Views\Warewolf.Studio.Views.csproj]
C:\Program Files\dotnet\sdk\10.0.201\Microsoft.Common.CurrentVersion.targets(2451,5): warning MSB3277:         C:\Program Files\dotnet\packs\Microsoft.NETCore.App.Ref\8.0.25\ref\net8.0\System.dll [C:\Users\ultra\warewolf\Dev\Warewolf.Studio.Views\Warewolf.Studio.Views.csproj]
C:\Program Files\dotnet\sdk\10.0.201\Microsoft.Common.CurrentVersion.targets(2451,5): warning MSB3277:           Project file item includes which caused reference "C:\Program Files\dotnet\packs\Microsoft.NETCore.App.Ref\8.0.25\ref\net8.0\System.dll". [C:\Users\ultra\warewolf\Dev\Warewolf.Studio.Views\Warewolf.Studio.Views.csproj]
C:\Program Files\dotnet\sdk\10.0.201\Microsoft.Common.CurrentVersion.targets(2451,5): warning MSB3277:             C:\Program Files\dotnet\packs\Microsoft.NETCore.App.Ref\8.0.25\ref/net8.0/System.dll [C:\Users\ultra\warewolf\Dev\Warewolf.Studio.Views\Warewolf.Studio.Views.csproj]
C:\Program Files\dotnet\sdk\10.0.201\Microsoft.Common.CurrentVersion.targets(2451,5): warning MSB3277:             C:\Users\ultra\.nuget\packages\aerowizard\2.3.1\lib\net45\AeroWizard.dll [C:\Users\ultra\warewolf\Dev\Warewolf.Studio.Views\Warewolf.Studio.Views.csproj]
C:\Program Files\dotnet\sdk\10.0.201\Microsoft.Common.CurrentVersion.targets(2451,5): warning MSB3277:             C:\Users\ultra\.nuget\packages\groupcontrols\1.9.0\lib\net45\GroupControls.dll [C:\Users\ultra\warewolf\Dev\Warewolf.Studio.Views\Warewolf.Studio.Views.csproj]
C:\Program Files\dotnet\sdk\10.0.201\Microsoft.Common.CurrentVersion.targets(2451,5): warning MSB3277:             C:\Users\ultra\.nuget\packages\microsoft.xaml.behaviors.wpf\1.1.122\lib\net462\Microsoft.Xaml.Behaviors.dll [C:\Users\ultra\warewolf\Dev\Warewolf.Studio.Views\Warewolf.Studio.Views.csproj]
C:\Program Files\dotnet\sdk\10.0.201\Microsoft.Common.CurrentVersion.targets(2451,5): warning MSB3277:             C:\Users\ultra\.nuget\packages\caliburn.micro\4.0.212\lib\netcoreapp3.1\Caliburn.Micro.Platform.dll [C:\Users\ultra\warewolf\Dev\Warewolf.Studio.Views\Warewolf.Studio.Views.csproj]
C:\Program Files\dotnet\sdk\10.0.201\Microsoft.Common.CurrentVersion.targets(2451,5): warning MSB3277:             C:\Users\ultra\.nuget\packages\prism.wpf\9.0.537\lib\net462\Prism.Wpf.dll [C:\Users\ultra\warewolf\Dev\Warewolf.Studio.Views\Warewolf.Studio.Views.csproj]
C:\Program Files\dotnet\sdk\10.0.201\Microsoft.Common.CurrentVersion.targets(2451,5): warning MSB3277:             C:\Users\ultra\.nuget\packages\reactiveui.wpf\18.4.1\lib\net462\ReactiveUI.Wpf.dll [C:\Users\ultra\warewolf\Dev\Warewolf.Studio.Views\Warewolf.Studio.Views.csproj]
C:\Program Files\dotnet\sdk\10.0.201\Microsoft.Common.CurrentVersion.targets(2451,5): warning MSB3277:             C:\Users\ultra\.nuget\packages\taskschedulereditor\2.10.1\lib\net452\Microsoft.Win32.TaskSchedulerEditor.dll [C:\Users\ultra\warewolf\Dev\Warewolf.Studio.Views\Warewolf.Studio.Views.csproj]
C:\Program Files\dotnet\sdk\10.0.201\Microsoft.Common.CurrentVersion.targets(2451,5): warning MSB3277:             C:\Users\ultra\.nuget\packages\ttcue.netcore.sharepointonline.csom.16.1.8029.1200\16.1.8029.1200\lib\netcoreapp2.0\Microsoft.SharePoint.Client.Runtime.Windows.dll [C:\Users\ultra\warewolf\Dev\Warewolf.Studio.Views\Warewolf.Studio.Views.csproj]
  Consider app.config remapping of assembly "System.Data.SQLite, Culture=neutral, PublicKeyToken=db937bc2d44ff139" from Version "1.0.117.0" [] to Version "1.0.118.0" [C:\Users\ultra\.nuget\packages\stub.system.data.sqlite.core.netstandard\1.0.118\lib\netstandard2.1\System.Data.SQLite.dll] to solve conflict and get rid of warning.
C:\Program Files\dotnet\sdk\10.0.201\Microsoft.CSharp.CurrentVersion.targets(130,9): warning MSB3884: Could not find rule set file "..\.sonarlint\warewolf_dotnet_frameworkcsharp.ruleset". [C:\Users\ultra\warewolf\Dev\Warewolf.Studio.Views\Warewolf.Studio.Views.csproj]
  Warewolf.MergeParser.Tests -> C:\Users\ultra\warewolf\Dev\Warewolf.MergeParser.Tests\bin\Debug\net8.0\linux-x64\Warewolf.MergeParser.Tests.dll
  Warewolf.MergeParser.Tests -> C:\Users\ultra\warewolf\Dev\Warewolf.MergeParser.Tests\bin\Debug\net8.0\Warewolf.MergeParser.Tests.dll
  Warewolf.Studio.Views -> C:\Users\ultra\warewolf\Dev\Warewolf.Studio.Views\bin\Debug\net8.0\Warewolf.Studio.Views.dll
C:\Users\ultra\warewolf\Dev\Warewolf.UnitTestAttributes\Depends.cs(587,5): warning SYSLIB0014: 'WebClient.WebClient()' is obsolete: 'WebRequest, HttpWebRequest, ServicePoint, and WebClient are obsolete. Use HttpClient instead.' (https://aka.ms/dotnet-warnings/SYSLIB0014) [C:\Users\ultra\warewolf\Dev\Dev2.Infrastructure.Tests\Dev2.Infrastructure.Tests.csproj]
C:\Users\ultra\warewolf\Dev\Warewolf.UnitTestAttributes\Depends.cs(309,33): warning SYSLIB0014: 'WebClient.WebClient()' is obsolete: 'WebRequest, HttpWebRequest, ServicePoint, and WebClient are obsolete. Use HttpClient instead.' (https://aka.ms/dotnet-warnings/SYSLIB0014) [C:\Users\ultra\warewolf\Dev\Dev2.Infrastructure.Tests\Dev2.Infrastructure.Tests.csproj]
C:\Users\ultra\warewolf\Dev\Warewolf.UnitTestAttributes\Depends.cs(523,30): warning SYSLIB0014: 'WebClient.WebClient()' is obsolete: 'WebRequest, HttpWebRequest, ServicePoint, and WebClient are obsolete. Use HttpClient instead.' (https://aka.ms/dotnet-warnings/SYSLIB0014) [C:\Users\ultra\warewolf\Dev\Dev2.Infrastructure.Tests\Dev2.Infrastructure.Tests.csproj]
C:\Users\ultra\warewolf\Dev\Dev2.Infrastructure.Tests\MoqInstallerActions\IntallerActionsForDevelopmentTest.cs(67,57): warning CA1416: This call site is reachable on all platforms. 'WindowsIdentity.Name' is only supported on: 'windows'. (https://learn.microsoft.com/dotnet/fundamentals/code-analysis/quality-rules/ca1416) [C:\Users\ultra\warewolf\Dev\Dev2.Infrastructure.Tests\Dev2.Infrastructure.Tests.csproj]
C:\Users\ultra\warewolf\Dev\Dev2.Infrastructure.Tests\MoqInstallerActions\IntallerActionsForDevelopmentTest.cs(30,31): warning CA1416: This call site is reachable on all platforms. 'WindowsIdentity.GetCurrent(bool)' is only supported on: 'windows'. (https://learn.microsoft.com/dotnet/fundamentals/code-analysis/quality-rules/ca1416) [C:\Users\ultra\warewolf\Dev\Dev2.Infrastructure.Tests\Dev2.Infrastructure.Tests.csproj]
C:\Users\ultra\warewolf\Dev\Dev2.Infrastructure.Tests\MoqInstallerActions\IntallerActionsForDevelopmentTest.cs(40,57): warning CA1416: This call site is reachable on all platforms. 'WindowsIdentity.Name' is only supported on: 'windows'. (https://learn.microsoft.com/dotnet/fundamentals/code-analysis/quality-rules/ca1416) [C:\Users\ultra\warewolf\Dev\Dev2.Infrastructure.Tests\Dev2.Infrastructure.Tests.csproj]
C:\Users\ultra\warewolf\Dev\Dev2.Infrastructure.Tests\MoqInstallerActions\IntallerActionsForDevelopmentTest.cs(57,31): warning CA1416: This call site is reachable on all platforms. 'WindowsIdentity.GetCurrent(bool)' is only supported on: 'windows'. (https://learn.microsoft.com/dotnet/fundamentals/code-analysis/quality-rules/ca1416) [C:\Users\ultra\warewolf\Dev\Dev2.Infrastructure.Tests\Dev2.Infrastructure.Tests.csproj]
C:\Users\ultra\warewolf\Dev\Warewolf.UnitTestAttributes\Depends.cs(587,5): warning SYSLIB0014: 'WebClient.WebClient()' is obsolete: 'WebRequest, HttpWebRequest, ServicePoint, and WebClient are obsolete. Use HttpClient instead.' (https://aka.ms/dotnet-warnings/SYSLIB0014) [C:\Users\ultra\warewolf\Dev\Dev2.Infrastructure.Tests\Dev2.Infrastructure.Tests.csproj]
C:\Users\ultra\warewolf\Dev\Warewolf.UnitTestAttributes\Depends.cs(309,33): warning SYSLIB0014: 'WebClient.WebClient()' is obsolete: 'WebRequest, HttpWebRequest, ServicePoint, and WebClient are obsolete. Use HttpClient instead.' (https://aka.ms/dotnet-warnings/SYSLIB0014) [C:\Users\ultra\warewolf\Dev\Dev2.Infrastructure.Tests\Dev2.Infrastructure.Tests.csproj]
C:\Users\ultra\warewolf\Dev\Warewolf.UnitTestAttributes\Depends.cs(523,30): warning SYSLIB0014: 'WebClient.WebClient()' is obsolete: 'WebRequest, HttpWebRequest, ServicePoint, and WebClient are obsolete. Use HttpClient instead.' (https://aka.ms/dotnet-warnings/SYSLIB0014) [C:\Users\ultra\warewolf\Dev\Dev2.Infrastructure.Tests\Dev2.Infrastructure.Tests.csproj]
C:\Users\ultra\warewolf\Dev\Dev2.Infrastructure.Tests\MoqInstallerActions\IntallerActionsForDevelopmentTest.cs(30,31): warning CA1416: This call site is reachable on all platforms. 'WindowsIdentity.GetCurrent(bool)' is only supported on: 'windows'. (https://learn.microsoft.com/dotnet/fundamentals/code-analysis/quality-rules/ca1416) [C:\Users\ultra\warewolf\Dev\Dev2.Infrastructure.Tests\Dev2.Infrastructure.Tests.csproj]
C:\Users\ultra\warewolf\Dev\Dev2.Infrastructure.Tests\MoqInstallerActions\IntallerActionsForDevelopmentTest.cs(57,31): warning CA1416: This call site is reachable on all platforms. 'WindowsIdentity.GetCurrent(bool)' is only supported on: 'windows'. (https://learn.microsoft.com/dotnet/fundamentals/code-analysis/quality-rules/ca1416) [C:\Users\ultra\warewolf\Dev\Dev2.Infrastructure.Tests\Dev2.Infrastructure.Tests.csproj]
C:\Users\ultra\warewolf\Dev\Dev2.Infrastructure.Tests\MoqInstallerActions\IntallerActionsForDevelopmentTest.cs(40,57): warning CA1416: This call site is reachable on all platforms. 'WindowsIdentity.Name' is only supported on: 'windows'. (https://learn.microsoft.com/dotnet/fundamentals/code-analysis/quality-rules/ca1416) [C:\Users\ultra\warewolf\Dev\Dev2.Infrastructure.Tests\Dev2.Infrastructure.Tests.csproj]
C:\Users\ultra\warewolf\Dev\Dev2.Infrastructure.Tests\MoqInstallerActions\IntallerActionsForDevelopmentTest.cs(67,57): warning CA1416: This call site is reachable on all platforms. 'WindowsIdentity.Name' is only supported on: 'windows'. (https://learn.microsoft.com/dotnet/fundamentals/code-analysis/quality-rules/ca1416) [C:\Users\ultra\warewolf\Dev\Dev2.Infrastructure.Tests\Dev2.Infrastructure.Tests.csproj]
  Dev2.Infrastructure.Tests -> C:\Users\ultra\warewolf\Dev\Dev2.Infrastructure.Tests\bin\Debug\net8.0\Dev2.Infrastructure.Tests.dll
C:\Program Files\dotnet\sdk\10.0.201\Microsoft.Common.CurrentVersion.targets(2451,5): warning MSB3277: Found conflicts between different versions of "Microsoft.Win32.SystemEvents" that could not be resolved. [C:\Users\ultra\warewolf\Dev\Dev2.Studio\Dev2.Studio.csproj]
C:\Program Files\dotnet\sdk\10.0.201\Microsoft.Common.CurrentVersion.targets(2451,5): warning MSB3277: There was a conflict between "Microsoft.Win32.SystemEvents, Version=6.0.0.0, Culture=neutral, PublicKeyToken=cc7b13ffcd2ddd51" and "Microsoft.Win32.SystemEvents, Version=7.0.0.0, Culture=neutral, PublicKeyToken=cc7b13ffcd2ddd51". [C:\Users\ultra\warewolf\Dev\Dev2.Studio\Dev2.Studio.csproj]
C:\Program Files\dotnet\sdk\10.0.201\Microsoft.Common.CurrentVersion.targets(2451,5): warning MSB3277:     "Microsoft.Win32.SystemEvents, Version=6.0.0.0, Culture=neutral, PublicKeyToken=cc7b13ffcd2ddd51" was chosen because it was primary and "Microsoft.Win32.SystemEvents, Version=7.0.0.0, Culture=neutral, PublicKeyToken=cc7b13ffcd2ddd51" was not. [C:\Users\ultra\warewolf\Dev\Dev2.Studio\Dev2.Studio.csproj]
C:\Program Files\dotnet\sdk\10.0.201\Microsoft.Common.CurrentVersion.targets(2451,5): warning MSB3277:     References which depend on "Microsoft.Win32.SystemEvents, Version=6.0.0.0, Culture=neutral, PublicKeyToken=cc7b13ffcd2ddd51" [C:\Users\ultra\.nuget\packages\microsoft.win32.systemevents\6.0.0\lib\net6.0\Microsoft.Win32.SystemEvents.dll]. [C:\Users\ultra\warewolf\Dev\Dev2.Studio\Dev2.Studio.csproj]
C:\Program Files\dotnet\sdk\10.0.201\Microsoft.Common.CurrentVersion.targets(2451,5): warning MSB3277:         C:\Users\ultra\.nuget\packages\microsoft.win32.systemevents\6.0.0\lib\net6.0\Microsoft.Win32.SystemEvents.dll [C:\Users\ultra\warewolf\Dev\Dev2.Studio\Dev2.Studio.csproj]
C:\Program Files\dotnet\sdk\10.0.201\Microsoft.Common.CurrentVersion.targets(2451,5): warning MSB3277:           Project file item includes which caused reference "C:\Users\ultra\.nuget\packages\microsoft.win32.systemevents\6.0.0\lib\net6.0\Microsoft.Win32.SystemEvents.dll". [C:\Users\ultra\warewolf\Dev\Dev2.Studio\Dev2.Studio.csproj]
C:\Program Files\dotnet\sdk\10.0.201\Microsoft.Common.CurrentVersion.targets(2451,5): warning MSB3277:             C:\Users\ultra\.nuget\packages\microsoft.win32.systemevents\6.0.0\lib\net6.0\Microsoft.Win32.SystemEvents.dll [C:\Users\ultra\warewolf\Dev\Dev2.Studio\Dev2.Studio.csproj]
C:\Program Files\dotnet\sdk\10.0.201\Microsoft.Common.CurrentVersion.targets(2451,5): warning MSB3277:     References which depend on or have been unified to "Microsoft.Win32.SystemEvents, Version=7.0.0.0, Culture=neutral, PublicKeyToken=cc7b13ffcd2ddd51" []. [C:\Users\ultra\warewolf\Dev\Dev2.Studio\Dev2.Studio.csproj]
C:\Program Files\dotnet\sdk\10.0.201\Microsoft.Common.CurrentVersion.targets(2451,5): warning MSB3277:         C:\Users\ultra\warewolf\Dev\Dev2.Common\bin\Debug\net8.0\Dev2.Common.dll [C:\Users\ultra\warewolf\Dev\Dev2.Studio\Dev2.Studio.csproj]
C:\Program Files\dotnet\sdk\10.0.201\Microsoft.Common.CurrentVersion.targets(2451,5): warning MSB3277:           Project file item includes which caused reference "C:\Users\ultra\warewolf\Dev\Dev2.Common\bin\Debug\net8.0\Dev2.Common.dll". [C:\Users\ultra\warewolf\Dev\Dev2.Studio\Dev2.Studio.csproj]
C:\Program Files\dotnet\sdk\10.0.201\Microsoft.Common.CurrentVersion.targets(2451,5): warning MSB3277:             C:\Users\ultra\warewolf\Dev\Dev2.Common\bin\Debug\net8.0\Dev2.Common.dll [C:\Users\ultra\warewolf\Dev\Dev2.Studio\Dev2.Studio.csproj]
C:\Program Files\dotnet\sdk\10.0.201\Microsoft.Common.CurrentVersion.targets(2451,5): warning MSB3277:             C:\Users\ultra\warewolf\Dev\Dev2.Activities\bin\Debug\net8.0\Dev2.Activities.dll [C:\Users\ultra\warewolf\Dev\Dev2.Studio\Dev2.Studio.csproj]
C:\Program Files\dotnet\sdk\10.0.201\Microsoft.Common.CurrentVersion.targets(2451,5): warning MSB3277:             C:\Users\ultra\warewolf\Dev\Dev2.Core\bin\Debug\net8.0\Dev2.Core.dll [C:\Users\ultra\warewolf\Dev\Dev2.Studio\Dev2.Studio.csproj]
C:\Program Files\dotnet\sdk\10.0.201\Microsoft.Common.CurrentVersion.targets(2451,5): warning MSB3277:             C:\Users\ultra\warewolf\Dev\Dev2.Data\bin\Debug\net8.0\Dev2.Data.dll [C:\Users\ultra\warewolf\Dev\Dev2.Studio\Dev2.Studio.csproj]
C:\Program Files\dotnet\sdk\10.0.201\Microsoft.Common.CurrentVersion.targets(2451,5): warning MSB3277:             C:\Users\ultra\warewolf\Dev\Dev2.Diagnostics\bin\Debug\net8.0\Dev2.Diagnostics.dll [C:\Users\ultra\warewolf\Dev\Dev2.Studio\Dev2.Studio.csproj]
C:\Program Files\dotnet\sdk\10.0.201\Microsoft.Common.CurrentVersion.targets(2451,5): warning MSB3277:             C:\Users\ultra\warewolf\Dev\Dev2.Infrastructure\bin\Debug\net8.0\Dev2.Infrastructure.dll [C:\Users\ultra\warewolf\Dev\Dev2.Studio\Dev2.Studio.csproj]
C:\Program Files\dotnet\sdk\10.0.201\Microsoft.Common.CurrentVersion.targets(2451,5): warning MSB3277:             C:\Users\ultra\warewolf\Dev\Dev2.Intellisense\bin\Debug\net8.0\Dev2.Intellisense.dll [C:\Users\ultra\warewolf\Dev\Dev2.Studio\Dev2.Studio.csproj]
C:\Program Files\dotnet\sdk\10.0.201\Microsoft.Common.CurrentVersion.targets(2451,5): warning MSB3277:             C:\Users\ultra\warewolf\Dev\Dev2.Scheduler\bin\Debug\net8.0\Dev2.Scheduler.dll [C:\Users\ultra\warewolf\Dev\Dev2.Studio\Dev2.Studio.csproj]
C:\Program Files\dotnet\sdk\10.0.201\Microsoft.Common.CurrentVersion.targets(2451,5): warning MSB3277:             C:\Users\ultra\warewolf\Dev\Dev2.Services.Execution\bin\Debug\net8.0\Dev2.Services.Execution.dll [C:\Users\ultra\warewolf\Dev\Dev2.Studio\Dev2.Studio.csproj]
C:\Program Files\dotnet\sdk\10.0.201\Microsoft.Common.CurrentVersion.targets(2451,5): warning MSB3277:             C:\Users\ultra\warewolf\Dev\Dev2.Studio.Core\bin\Debug\net8.0\Dev2.Studio.Core.dll [C:\Users\ultra\warewolf\Dev\Dev2.Studio\Dev2.Studio.csproj]
C:\Program Files\dotnet\sdk\10.0.201\Microsoft.Common.CurrentVersion.targets(2451,5): warning MSB3277:             C:\Users\ultra\warewolf\Dev\Dev2.Studio.Interfaces\bin\Debug\net8.0\Dev2.Studio.Interfaces.dll [C:\Users\ultra\warewolf\Dev\Dev2.Studio\Dev2.Studio.csproj]
C:\Program Files\dotnet\sdk\10.0.201\Microsoft.Common.CurrentVersion.targets(2451,5): warning MSB3277:             C:\Users\ultra\warewolf\Dev\Dev2.TaskScheduler.Wrappers\bin\Debug\net8.0\Dev2.TaskScheduler.Wrappers.dll [C:\Users\ultra\warewolf\Dev\Dev2.Studio\Dev2.Studio.csproj]
C:\Program Files\dotnet\sdk\10.0.201\Microsoft.Common.CurrentVersion.targets(2451,5): warning MSB3277:             C:\Users\ultra\warewolf\Dev\Dev2.Util\bin\Debug\net8.0\Dev2.Util.dll [C:\Users\ultra\warewolf\Dev\Dev2.Studio\Dev2.Studio.csproj]
C:\Program Files\dotnet\sdk\10.0.201\Microsoft.Common.CurrentVersion.targets(2451,5): warning MSB3277:             C:\Users\ultra\warewolf\Dev\Warewolf.Core\bin\Debug\net8.0\Warewolf.Core.dll [C:\Users\ultra\warewolf\Dev\Dev2.Studio\Dev2.Studio.csproj]
C:\Program Files\dotnet\sdk\10.0.201\Microsoft.Common.CurrentVersion.targets(2451,5): warning MSB3277:             C:\Users\ultra\warewolf\Dev\Warewolf.ResourceManagement\bin\Debug\net8.0\Warewolf.ResourceManagement.dll [C:\Users\ultra\warewolf\Dev\Dev2.Studio\Dev2.Studio.csproj]
C:\Program Files\dotnet\sdk\10.0.201\Microsoft.Common.CurrentVersion.targets(2451,5): warning MSB3277:             C:\Users\ultra\warewolf\Dev\Warewolf.Sharepoint\bin\Debug\net8.0\Warewolf.Sharepoint.dll [C:\Users\ultra\warewolf\Dev\Dev2.Studio\Dev2.Studio.csproj]
C:\Program Files\dotnet\sdk\10.0.201\Microsoft.Common.CurrentVersion.targets(2451,5): warning MSB3277:             C:\Users\ultra\warewolf\Dev\Warewolf.Storage\bin\Debug\net8.0\Warewolf.Storage.dll [C:\Users\ultra\warewolf\Dev\Dev2.Studio\Dev2.Studio.csproj]
C:\Program Files\dotnet\sdk\10.0.201\Microsoft.Common.CurrentVersion.targets(2451,5): warning MSB3277:             C:\Users\ultra\warewolf\Dev\Warewolf.Studio.Core\bin\Debug\net8.0\Warewolf.Studio.Core.dll [C:\Users\ultra\warewolf\Dev\Dev2.Studio\Dev2.Studio.csproj]
C:\Program Files\dotnet\sdk\10.0.201\Microsoft.Common.CurrentVersion.targets(2451,5): warning MSB3277:             C:\Users\ultra\warewolf\Dev\Warewolf.Studio.Models\bin\Debug\net8.0\Warewolf.Studio.Models.dll [C:\Users\ultra\warewolf\Dev\Dev2.Studio\Dev2.Studio.csproj]
C:\Program Files\dotnet\sdk\10.0.201\Microsoft.Common.CurrentVersion.targets(2451,5): warning MSB3277:             C:\Users\ultra\warewolf\Dev\Warewolf.Studio.CustomControls\bin\Debug\net8.0\Warewolf.Studio.CustomControls.dll [C:\Users\ultra\warewolf\Dev\Dev2.Studio\Dev2.Studio.csproj]
C:\Program Files\dotnet\sdk\10.0.201\Microsoft.Common.CurrentVersion.targets(2451,5): warning MSB3277:             C:\Users\ultra\warewolf\Dev\Warewolf.Studio.ViewModels\bin\Debug\net8.0\Warewolf.Studio.ViewModels.dll [C:\Users\ultra\warewolf\Dev\Dev2.Studio\Dev2.Studio.csproj]
C:\Program Files\dotnet\sdk\10.0.201\Microsoft.Common.CurrentVersion.targets(2451,5): warning MSB3277:             C:\Users\ultra\warewolf\Dev\Warewolf.Trigger.Queue\bin\Debug\net8.0\Warewolf.Trigger.Queue.dll [C:\Users\ultra\warewolf\Dev\Dev2.Studio\Dev2.Studio.csproj]
C:\Program Files\dotnet\sdk\10.0.201\Microsoft.Common.CurrentVersion.targets(2451,5): warning MSB3277:             C:\Users\ultra\warewolf\Dev\Warewolf.UI\bin\Debug\net8.0\Warewolf.UI.dll [C:\Users\ultra\warewolf\Dev\Dev2.Studio\Dev2.Studio.csproj]
C:\Program Files\dotnet\sdk\10.0.201\Microsoft.Common.CurrentVersion.targets(2451,5): warning MSB3277:             C:\Users\ultra\warewolf\Dev\Dev2.Development.Languages\bin\Debug\net8.0\Dev2.Development.Languages.dll [C:\Users\ultra\warewolf\Dev\Dev2.Studio\Dev2.Studio.csproj]
C:\Program Files\dotnet\sdk\10.0.201\Microsoft.Common.CurrentVersion.targets(2451,5): warning MSB3277:             C:\Users\ultra\warewolf\Dev\Dev2.Runtime.Services\bin\Debug\net8.0\Dev2.Runtime.Services.dll [C:\Users\ultra\warewolf\Dev\Dev2.Studio\Dev2.Studio.csproj]
C:\Program Files\dotnet\sdk\10.0.201\Microsoft.Common.CurrentVersion.targets(2451,5): warning MSB3277:             C:\Users\ultra\warewolf\Dev\Dev2.Services.Sql\bin\Debug\net8.0\Dev2.Services.Sql.dll [C:\Users\ultra\warewolf\Dev\Dev2.Studio\Dev2.Studio.csproj]
C:\Program Files\dotnet\sdk\10.0.201\Microsoft.Common.CurrentVersion.targets(2451,5): warning MSB3277:             C:\Users\ultra\warewolf\Dev\Warewolf.AI.Harness\bin\Debug\net8.0\Warewolf.AI.Harness.dll [C:\Users\ultra\warewolf\Dev\Dev2.Studio\Dev2.Studio.csproj]
C:\Program Files\dotnet\sdk\10.0.201\Microsoft.Common.CurrentVersion.targets(2451,5): warning MSB3277:             C:\Users\ultra\warewolf\Dev\Warewolf.Auditing\bin\Debug\net8.0\Warewolf.Auditing.dll [C:\Users\ultra\warewolf\Dev\Dev2.Studio\Dev2.Studio.csproj]
C:\Program Files\dotnet\sdk\10.0.201\Microsoft.Common.CurrentVersion.targets(2451,5): warning MSB3277:             C:\Users\ultra\warewolf\Dev\Warewolf.Common.NetStandard20\bin\Debug\net8.0\Warewolf.Common.NetStandard20.dll [C:\Users\ultra\warewolf\Dev\Dev2.Studio\Dev2.Studio.csproj]
C:\Program Files\dotnet\sdk\10.0.201\Microsoft.Common.CurrentVersion.targets(2451,5): warning MSB3277:             C:\Users\ultra\warewolf\Dev\Warewolf.Driver.Persistence\bin\Debug\net8.0\Warewolf.Driver.Persistence.dll [C:\Users\ultra\warewolf\Dev\Dev2.Studio\Dev2.Studio.csproj]
C:\Program Files\dotnet\sdk\10.0.201\Microsoft.Common.CurrentVersion.targets(2451,5): warning MSB3277:             C:\Users\ultra\warewolf\Dev\Warewolf.Driver.Serilog\bin\Debug\net8.0\Warewolf.Driver.Serilog.dll [C:\Users\ultra\warewolf\Dev\Dev2.Studio\Dev2.Studio.csproj]
C:\Program Files\dotnet\sdk\10.0.201\Microsoft.Common.CurrentVersion.targets(2451,5): warning MSB3277:             C:\Users\ultra\warewolf\Dev\Warewolf.Exchange.Email.Wrapper\bin\Debug\net8.0\Warewolf.Exchange.Email.Wrapper.dll [C:\Users\ultra\warewolf\Dev\Dev2.Studio\Dev2.Studio.csproj]
C:\Program Files\dotnet\sdk\10.0.201\Microsoft.Common.CurrentVersion.targets(2451,5): warning MSB3277:         C:\Users\ultra\warewolf\Dev\Binaries\Infragistcs_Net6\InfragisticsWPF4.Editors.v15.1.dll [C:\Users\ultra\warewolf\Dev\Dev2.Studio\Dev2.Studio.csproj]
C:\Program Files\dotnet\sdk\10.0.201\Microsoft.Common.CurrentVersion.targets(2451,5): warning MSB3277:           Project file item includes which caused reference "C:\Users\ultra\warewolf\Dev\Binaries\Infragistcs_Net6\InfragisticsWPF4.Editors.v15.1.dll". [C:\Users\ultra\warewolf\Dev\Dev2.Studio\Dev2.Studio.csproj]
C:\Program Files\dotnet\sdk\10.0.201\Microsoft.Common.CurrentVersion.targets(2451,5): warning MSB3277:             InfragisticsWPF4.Editors.v15.1, Version=15.1.20151.2055, Culture=neutral, processorArchitecture=MSIL [C:\Users\ultra\warewolf\Dev\Dev2.Studio\Dev2.Studio.csproj]
C:\Program Files\dotnet\sdk\10.0.201\Microsoft.Common.CurrentVersion.targets(2451,5): warning MSB3277:             InfragisticsWPF4.DataPresenter.v15.1 [C:\Users\ultra\warewolf\Dev\Dev2.Studio\Dev2.Studio.csproj]
C:\Program Files\dotnet\sdk\10.0.201\Microsoft.Common.CurrentVersion.targets(2451,5): warning MSB3277:         C:\Users\ultra\warewolf\Dev\Binaries\Infragistcs_Net6\InfragisticsWPF4.v15.1.dll [C:\Users\ultra\warewolf\Dev\Dev2.Studio\Dev2.Studio.csproj]
C:\Program Files\dotnet\sdk\10.0.201\Microsoft.Common.CurrentVersion.targets(2451,5): warning MSB3277:           Project file item includes which caused reference "C:\Users\ultra\warewolf\Dev\Binaries\Infragistcs_Net6\InfragisticsWPF4.v15.1.dll". [C:\Users\ultra\warewolf\Dev\Dev2.Studio\Dev2.Studio.csproj]
C:\Program Files\dotnet\sdk\10.0.201\Microsoft.Common.CurrentVersion.targets(2451,5): warning MSB3277:             InfragisticsWPF4.v15.1, Version=15.1.20151.2055, Culture=neutral, PublicKeyToken=7dd5c3163f2cd0cb, processorArchitecture=MSIL [C:\Users\ultra\warewolf\Dev\Dev2.Studio\Dev2.Studio.csproj]
C:\Program Files\dotnet\sdk\10.0.201\Microsoft.Common.CurrentVersion.targets(2451,5): warning MSB3277:             InfragisticsWPF4.Controls.Editors.XamComboEditor.v15.1, Version=15.1.20151.2055, Culture=neutral, processorArchitecture=MSIL [C:\Users\ultra\warewolf\Dev\Dev2.Studio\Dev2.Studio.csproj]
C:\Program Files\dotnet\sdk\10.0.201\Microsoft.Common.CurrentVersion.targets(2451,5): warning MSB3277:             InfragisticsWPF4.Controls.Grids.XamGrid.v15.1, Version=15.1.20151.2055, Culture=neutral, PublicKeyToken=7dd5c3163f2cd0cb, processorArchitecture=MSIL [C:\Users\ultra\warewolf\Dev\Dev2.Studio\Dev2.Studio.csproj]
C:\Program Files\dotnet\sdk\10.0.201\Microsoft.Common.CurrentVersion.targets(2451,5): warning MSB3277:             CalculationManager.WPF [C:\Users\ultra\warewolf\Dev\Dev2.Studio\Dev2.Studio.csproj]
C:\Program Files\dotnet\sdk\10.0.201\Microsoft.Common.CurrentVersion.targets(2451,5): warning MSB3277:             InfragisticsWPF4.Controls.Interactions.XamDialogWindow.v15.1, Version=15.1.20151.2055, Culture=neutral, PublicKeyToken=7dd5c3163f2cd0cb, processorArchitecture=MSIL [C:\Users\ultra\warewolf\Dev\Dev2.Studio\Dev2.Studio.csproj]
C:\Program Files\dotnet\sdk\10.0.201\Microsoft.Common.CurrentVersion.targets(2451,5): warning MSB3277:             InfragisticsWPF4.Controls.Maps.XamNetworkNode.v15.1, Version=15.1.20151.2055, Culture=neutral, PublicKeyToken=7dd5c3163f2cd0cb, processorArchitecture=MSIL [C:\Users\ultra\warewolf\Dev\Dev2.Studio\Dev2.Studio.csproj]
C:\Program Files\dotnet\sdk\10.0.201\Microsoft.Common.CurrentVersion.targets(2451,5): warning MSB3277:             InfragisticsWPF4.Controls.Menus.XamDataTree.v15.1, Version=15.1.20151.2055, Culture=neutral, processorArchitecture=MSIL [C:\Users\ultra\warewolf\Dev\Dev2.Studio\Dev2.Studio.csproj]
C:\Program Files\dotnet\sdk\10.0.201\Microsoft.Common.CurrentVersion.targets(2451,5): warning MSB3277:             InfragisticsWPF4.Controls.Menus.XamMenu.v15.1, Version=15.1.20151.2055, Culture=neutral, processorArchitecture=MSIL [C:\Users\ultra\warewolf\Dev\Dev2.Studio\Dev2.Studio.csproj]
C:\Program Files\dotnet\sdk\10.0.201\Microsoft.Common.CurrentVersion.targets(2451,5): warning MSB3277:             InfragisticsWPF4.DataManager.v15.1, Version=15.1.20151.2055, Culture=neutral, processorArchitecture=MSIL [C:\Users\ultra\warewolf\Dev\Dev2.Studio\Dev2.Studio.csproj]
C:\Program Files\dotnet\sdk\10.0.201\Microsoft.Common.CurrentVersion.targets(2451,5): warning MSB3277:             InfragisticsWPF4.DataPresenter.v15.1 [C:\Users\ultra\warewolf\Dev\Dev2.Studio\Dev2.Studio.csproj]
C:\Program Files\dotnet\sdk\10.0.201\Microsoft.Common.CurrentVersion.targets(2451,5): warning MSB3277:             InfragisticsWPF4.DataVisualization.v15.1, Version=15.1.20151.2055, Culture=neutral, PublicKeyToken=7dd5c3163f2cd0cb, processorArchitecture=MSIL [C:\Users\ultra\warewolf\Dev\Dev2.Studio\Dev2.Studio.csproj]
C:\Program Files\dotnet\sdk\10.0.201\Microsoft.Common.CurrentVersion.targets(2451,5): warning MSB3277:             InfragisticsWPF4.DockManager.v15.1, Version=15.1.20151.2055, Culture=neutral, PublicKeyToken=7dd5c3163f2cd0cb, processorArchitecture=MSIL [C:\Users\ultra\warewolf\Dev\Dev2.Studio\Dev2.Studio.csproj]
C:\Program Files\dotnet\sdk\10.0.201\Microsoft.Common.CurrentVersion.targets(2451,5): warning MSB3277:             InfragisticsWPF4.Editors.v15.1, Version=15.1.20151.2055, Culture=neutral, processorArchitecture=MSIL [C:\Users\ultra\warewolf\Dev\Dev2.Studio\Dev2.Studio.csproj]
C:\Program Files\dotnet\sdk\10.0.201\Microsoft.Common.CurrentVersion.targets(2451,5): warning MSB3277:             InfragisticsWPF4.Math.Calculators.v15.1, Version=15.1.20151.2055, Culture=neutral, PublicKeyToken=7dd5c3163f2cd0cb, processorArchitecture=MSIL [C:\Users\ultra\warewolf\Dev\Dev2.Studio\Dev2.Studio.csproj]
C:\Program Files\dotnet\sdk\10.0.201\Microsoft.Common.CurrentVersion.targets(2451,5): warning MSB3277:             InfragisticsWPF4.Math.v15.1, Version=15.1.20151.2055, Culture=neutral, PublicKeyToken=7dd5c3163f2cd0cb, processorArchitecture=MSIL [C:\Users\ultra\warewolf\Dev\Dev2.Studio\Dev2.Studio.csproj]
C:\Program Files\dotnet\sdk\10.0.201\Microsoft.Common.CurrentVersion.targets(2451,5): warning MSB3277:         C:\Users\ultra\.nuget\packages\timespan2\2.4.2\lib\netcoreapp3.1\TimeSpan2.dll [C:\Users\ultra\warewolf\Dev\Dev2.Studio\Dev2.Studio.csproj]
C:\Program Files\dotnet\sdk\10.0.201\Microsoft.Common.CurrentVersion.targets(2451,5): warning MSB3277:           Project file item includes which caused reference "C:\Users\ultra\.nuget\packages\timespan2\2.4.2\lib\netcoreapp3.1\TimeSpan2.dll". [C:\Users\ultra\warewolf\Dev\Dev2.Studio\Dev2.Studio.csproj]
C:\Program Files\dotnet\sdk\10.0.201\Microsoft.Common.CurrentVersion.targets(2451,5): warning MSB3277:             C:\Users\ultra\.nuget\packages\timespan2\2.4.2\lib\netcoreapp3.1\TimeSpan2.dll [C:\Users\ultra\warewolf\Dev\Dev2.Studio\Dev2.Studio.csproj]
C:\Program Files\dotnet\sdk\10.0.201\Microsoft.Common.CurrentVersion.targets(2451,5): warning MSB3277:             C:\Users\ultra\.nuget\packages\taskschedulereditor\2.10.1\lib\net452\Microsoft.Win32.TaskSchedulerEditor.dll [C:\Users\ultra\warewolf\Dev\Dev2.Studio\Dev2.Studio.csproj]
C:\Program Files\dotnet\sdk\10.0.201\Microsoft.Common.CurrentVersion.targets(2451,5): warning MSB3277:         C:\Program Files\dotnet\packs\Microsoft.NETCore.App.Ref\8.0.25\ref\net8.0\System.dll [C:\Users\ultra\warewolf\Dev\Dev2.Studio\Dev2.Studio.csproj]
C:\Program Files\dotnet\sdk\10.0.201\Microsoft.Common.CurrentVersion.targets(2451,5): warning MSB3277:           Project file item includes which caused reference "C:\Program Files\dotnet\packs\Microsoft.NETCore.App.Ref\8.0.25\ref\net8.0\System.dll". [C:\Users\ultra\warewolf\Dev\Dev2.Studio\Dev2.Studio.csproj]
C:\Program Files\dotnet\sdk\10.0.201\Microsoft.Common.CurrentVersion.targets(2451,5): warning MSB3277:             C:\Program Files\dotnet\packs\Microsoft.NETCore.App.Ref\8.0.25\ref/net8.0/System.dll [C:\Users\ultra\warewolf\Dev\Dev2.Studio\Dev2.Studio.csproj]
C:\Program Files\dotnet\sdk\10.0.201\Microsoft.Common.CurrentVersion.targets(2451,5): warning MSB3277:             C:\Users\ultra\.nuget\packages\aerowizard\2.3.1\lib\net45\AeroWizard.dll [C:\Users\ultra\warewolf\Dev\Dev2.Studio\Dev2.Studio.csproj]
C:\Program Files\dotnet\sdk\10.0.201\Microsoft.Common.CurrentVersion.targets(2451,5): warning MSB3277:             C:\Users\ultra\.nuget\packages\avalonedit\6.3.0.90\lib\net462\ICSharpCode.AvalonEdit.dll [C:\Users\ultra\warewolf\Dev\Dev2.Studio\Dev2.Studio.csproj]
C:\Program Files\dotnet\sdk\10.0.201\Microsoft.Common.CurrentVersion.targets(2451,5): warning MSB3277:             C:\Users\ultra\.nuget\packages\fontawesome.wpf\4.7.0.9\lib\net40\FontAwesome.WPF.dll [C:\Users\ultra\warewolf\Dev\Dev2.Studio\Dev2.Studio.csproj]
C:\Program Files\dotnet\sdk\10.0.201\Microsoft.Common.CurrentVersion.targets(2451,5): warning MSB3277:             C:\Users\ultra\.nuget\packages\groupcontrols\1.9.0\lib\net45\GroupControls.dll [C:\Users\ultra\warewolf\Dev\Dev2.Studio\Dev2.Studio.csproj]
C:\Program Files\dotnet\sdk\10.0.201\Microsoft.Common.CurrentVersion.targets(2451,5): warning MSB3277:             C:\Users\ultra\.nuget\packages\log4net.async\2.0.4\lib\net40\Log4Net.Async.dll [C:\Users\ultra\warewolf\Dev\Dev2.Studio\Dev2.Studio.csproj]
C:\Program Files\dotnet\sdk\10.0.201\Microsoft.Common.CurrentVersion.targets(2451,5): warning MSB3277:             C:\Users\ultra\.nuget\packages\microsoft.xaml.behaviors.wpf\1.1.122\lib\net462\Microsoft.Xaml.Behaviors.dll [C:\Users\ultra\warewolf\Dev\Dev2.Studio\Dev2.Studio.csproj]
C:\Program Files\dotnet\sdk\10.0.201\Microsoft.Common.CurrentVersion.targets(2451,5): warning MSB3277:             C:\Users\ultra\.nuget\packages\caliburn.micro\4.0.212\lib\netcoreapp3.1\Caliburn.Micro.Platform.dll [C:\Users\ultra\warewolf\Dev\Dev2.Studio\Dev2.Studio.csproj]
C:\Program Files\dotnet\sdk\10.0.201\Microsoft.Common.CurrentVersion.targets(2451,5): warning MSB3277:             C:\Users\ultra\.nuget\packages\prism.composition\5.0.0\lib\NET45\Microsoft.Practices.Prism.Composition.dll [C:\Users\ultra\warewolf\Dev\Dev2.Studio\Dev2.Studio.csproj]
C:\Program Files\dotnet\sdk\10.0.201\Microsoft.Common.CurrentVersion.targets(2451,5): warning MSB3277:             C:\Users\ultra\.nuget\packages\prism.interactivity\5.0.0\lib\NET45\Microsoft.Practices.Prism.Interactivity.dll [C:\Users\ultra\warewolf\Dev\Dev2.Studio\Dev2.Studio.csproj]
C:\Program Files\dotnet\sdk\10.0.201\Microsoft.Common.CurrentVersion.targets(2451,5): warning MSB3277:             C:\Users\ultra\.nuget\packages\prism.mvvm\1.0.0\lib\net45\Microsoft.Practices.Prism.Mvvm.Desktop.dll [C:\Users\ultra\warewolf\Dev\Dev2.Studio\Dev2.Studio.csproj]
C:\Program Files\dotnet\sdk\10.0.201\Microsoft.Common.CurrentVersion.targets(2451,5): warning MSB3277:             C:\Users\ultra\.nuget\packages\prism.unityextensions\5.0.1\lib\NET45\Microsoft.Practices.Prism.UnityExtensions.dll [C:\Users\ultra\warewolf\Dev\Dev2.Studio\Dev2.Studio.csproj]
C:\Program Files\dotnet\sdk\10.0.201\Microsoft.Common.CurrentVersion.targets(2451,5): warning MSB3277:             C:\Users\ultra\.nuget\packages\prism.wpf\9.0.537\lib\net462\Prism.Wpf.dll [C:\Users\ultra\warewolf\Dev\Dev2.Studio\Dev2.Studio.csproj]
C:\Program Files\dotnet\sdk\10.0.201\Microsoft.Common.CurrentVersion.targets(2451,5): warning MSB3277:             C:\Users\ultra\.nuget\packages\reactiveui.wpf\18.4.1\lib\net462\ReactiveUI.Wpf.dll [C:\Users\ultra\warewolf\Dev\Dev2.Studio\Dev2.Studio.csproj]
C:\Program Files\dotnet\sdk\10.0.201\Microsoft.Common.CurrentVersion.targets(2451,5): warning MSB3277:             C:\Users\ultra\.nuget\packages\taskschedulereditor\2.10.1\lib\net452\Microsoft.Win32.TaskSchedulerEditor.dll [C:\Users\ultra\warewolf\Dev\Dev2.Studio\Dev2.Studio.csproj]
C:\Program Files\dotnet\sdk\10.0.201\Microsoft.Common.CurrentVersion.targets(2451,5): warning MSB3277:             C:\Users\ultra\.nuget\packages\ttcue.netcore.sharepointonline.csom.16.1.8029.1200\16.1.8029.1200\lib\netcoreapp2.0\Microsoft.SharePoint.Client.Runtime.Windows.dll [C:\Users\ultra\warewolf\Dev\Dev2.Studio\Dev2.Studio.csproj]
C:\Program Files\dotnet\sdk\10.0.201\Microsoft.Common.CurrentVersion.targets(2451,5): warning MSB3277: Found conflicts between different versions of "WindowsBase" that could not be resolved. [C:\Users\ultra\warewolf\Dev\Dev2.Studio\Dev2.Studio.csproj]
C:\Program Files\dotnet\sdk\10.0.201\Microsoft.Common.CurrentVersion.targets(2451,5): warning MSB3277: There was a conflict between "WindowsBase, Version=4.0.0.0, Culture=neutral, PublicKeyToken=31bf3856ad364e35" and "WindowsBase, Version=6.0.2.0, Culture=neutral, PublicKeyToken=31bf3856ad364e35". [C:\Users\ultra\warewolf\Dev\Dev2.Studio\Dev2.Studio.csproj]
C:\Program Files\dotnet\sdk\10.0.201\Microsoft.Common.CurrentVersion.targets(2451,5): warning MSB3277:     "WindowsBase, Version=4.0.0.0, Culture=neutral, PublicKeyToken=31bf3856ad364e35" was chosen because it was primary and "WindowsBase, Version=6.0.2.0, Culture=neutral, PublicKeyToken=31bf3856ad364e35" was not. [C:\Users\ultra\warewolf\Dev\Dev2.Studio\Dev2.Studio.csproj]
C:\Program Files\dotnet\sdk\10.0.201\Microsoft.Common.CurrentVersion.targets(2451,5): warning MSB3277:     References which depend on "WindowsBase, Version=4.0.0.0, Culture=neutral, PublicKeyToken=31bf3856ad364e35" [C:\Program Files\dotnet\packs\Microsoft.NETCore.App.Ref\8.0.25\ref\net8.0\WindowsBase.dll]. [C:\Users\ultra\warewolf\Dev\Dev2.Studio\Dev2.Studio.csproj]
C:\Program Files\dotnet\sdk\10.0.201\Microsoft.Common.CurrentVersion.targets(2451,5): warning MSB3277:         C:\Program Files\dotnet\packs\Microsoft.NETCore.App.Ref\8.0.25\ref\net8.0\WindowsBase.dll [C:\Users\ultra\warewolf\Dev\Dev2.Studio\Dev2.Studio.csproj]
C:\Program Files\dotnet\sdk\10.0.201\Microsoft.Common.CurrentVersion.targets(2451,5): warning MSB3277:           Project file item includes which caused reference "C:\Program Files\dotnet\packs\Microsoft.NETCore.App.Ref\8.0.25\ref\net8.0\WindowsBase.dll". [C:\Users\ultra\warewolf\Dev\Dev2.Studio\Dev2.Studio.csproj]
C:\Program Files\dotnet\sdk\10.0.201\Microsoft.Common.CurrentVersion.targets(2451,5): warning MSB3277:             C:\Program Files\dotnet\packs\Microsoft.NETCore.App.Ref\8.0.25\ref/net8.0/WindowsBase.dll [C:\Users\ultra\warewolf\Dev\Dev2.Studio\Dev2.Studio.csproj]
C:\Program Files\dotnet\sdk\10.0.201\Microsoft.Common.CurrentVersion.targets(2451,5): warning MSB3277:     References which depend on or have been unified to "WindowsBase, Version=6.0.2.0, Culture=neutral, PublicKeyToken=31bf3856ad364e35" []. [C:\Users\ultra\warewolf\Dev\Dev2.Studio\Dev2.Studio.csproj]
C:\Program Files\dotnet\sdk\10.0.201\Microsoft.Common.CurrentVersion.targets(2451,5): warning MSB3277:         C:\Users\ultra\warewolf\Dev\Binaries\Infragistcs_Net6\InfragisticsWPF4.Controls.Editors.XamComboEditor.v15.1.dll [C:\Users\ultra\warewolf\Dev\Dev2.Studio\Dev2.Studio.csproj]
C:\Program Files\dotnet\sdk\10.0.201\Microsoft.Common.CurrentVersion.targets(2451,5): warning MSB3277:           Project file item includes which caused reference "C:\Users\ultra\warewolf\Dev\Binaries\Infragistcs_Net6\InfragisticsWPF4.Controls.Editors.XamComboEditor.v15.1.dll". [C:\Users\ultra\warewolf\Dev\Dev2.Studio\Dev2.Studio.csproj]
C:\Program Files\dotnet\sdk\10.0.201\Microsoft.Common.CurrentVersion.targets(2451,5): warning MSB3277:             InfragisticsWPF4.Controls.Editors.XamComboEditor.v15.1, Version=15.1.20151.2055, Culture=neutral, processorArchitecture=MSIL [C:\Users\ultra\warewolf\Dev\Dev2.Studio\Dev2.Studio.csproj]
C:\Program Files\dotnet\sdk\10.0.201\Microsoft.Common.CurrentVersion.targets(2451,5): warning MSB3277:         C:\Users\ultra\warewolf\Dev\Binaries\Infragistcs_Net6\InfragisticsWPF4.Controls.Grids.XamGrid.v15.1.dll [C:\Users\ultra\warewolf\Dev\Dev2.Studio\Dev2.Studio.csproj]
C:\Program Files\dotnet\sdk\10.0.201\Microsoft.Common.CurrentVersion.targets(2451,5): warning MSB3277:           Project file item includes which caused reference "C:\Users\ultra\warewolf\Dev\Binaries\Infragistcs_Net6\InfragisticsWPF4.Controls.Grids.XamGrid.v15.1.dll". [C:\Users\ultra\warewolf\Dev\Dev2.Studio\Dev2.Studio.csproj]
C:\Program Files\dotnet\sdk\10.0.201\Microsoft.Common.CurrentVersion.targets(2451,5): warning MSB3277:             InfragisticsWPF4.Controls.Grids.XamGrid.v15.1, Version=15.1.20151.2055, Culture=neutral, PublicKeyToken=7dd5c3163f2cd0cb, processorArchitecture=MSIL [C:\Users\ultra\warewolf\Dev\Dev2.Studio\Dev2.Studio.csproj]
C:\Program Files\dotnet\sdk\10.0.201\Microsoft.Common.CurrentVersion.targets(2451,5): warning MSB3277:         C:\Users\ultra\warewolf\Dev\Binaries\Infragistcs_Net6\Infragistics.Calculations.dll [C:\Users\ultra\warewolf\Dev\Dev2.Studio\Dev2.Studio.csproj]
C:\Program Files\dotnet\sdk\10.0.201\Microsoft.Common.CurrentVersion.targets(2451,5): warning MSB3277:           Project file item includes which caused reference "C:\Users\ultra\warewolf\Dev\Binaries\Infragistcs_Net6\Infragistics.Calculations.dll". [C:\Users\ultra\warewolf\Dev\Dev2.Studio\Dev2.Studio.csproj]
C:\Program Files\dotnet\sdk\10.0.201\Microsoft.Common.CurrentVersion.targets(2451,5): warning MSB3277:             CalculationManager.WPF [C:\Users\ultra\warewolf\Dev\Dev2.Studio\Dev2.Studio.csproj]
C:\Program Files\dotnet\sdk\10.0.201\Microsoft.Common.CurrentVersion.targets(2451,5): warning MSB3277:         C:\Users\ultra\warewolf\Dev\Binaries\Infragistcs_Net6\InfragisticsWPF4.Controls.Interactions.XamDialogWindow.v15.1.dll [C:\Users\ultra\warewolf\Dev\Dev2.Studio\Dev2.Studio.csproj]
C:\Program Files\dotnet\sdk\10.0.201\Microsoft.Common.CurrentVersion.targets(2451,5): warning MSB3277:           Project file item includes which caused reference "C:\Users\ultra\warewolf\Dev\Binaries\Infragistcs_Net6\InfragisticsWPF4.Controls.Interactions.XamDialogWindow.v15.1.dll". [C:\Users\ultra\warewolf\Dev\Dev2.Studio\Dev2.Studio.csproj]
C:\Program Files\dotnet\sdk\10.0.201\Microsoft.Common.CurrentVersion.targets(2451,5): warning MSB3277:             InfragisticsWPF4.Controls.Interactions.XamDialogWindow.v15.1, Version=15.1.20151.2055, Culture=neutral, PublicKeyToken=7dd5c3163f2cd0cb, processorArchitecture=MSIL [C:\Users\ultra\warewolf\Dev\Dev2.Studio\Dev2.Studio.csproj]
C:\Program Files\dotnet\sdk\10.0.201\Microsoft.Common.CurrentVersion.targets(2451,5): warning MSB3277:         C:\Users\ultra\warewolf\Dev\Binaries\Infragistcs_Net6\InfragisticsWPF4.Controls.Maps.XamNetworkNode.v15.1.dll [C:\Users\ultra\warewolf\Dev\Dev2.Studio\Dev2.Studio.csproj]
C:\Program Files\dotnet\sdk\10.0.201\Microsoft.Common.CurrentVersion.targets(2451,5): warning MSB3277:           Project file item includes which caused reference "C:\Users\ultra\warewolf\Dev\Binaries\Infragistcs_Net6\InfragisticsWPF4.Controls.Maps.XamNetworkNode.v15.1.dll". [C:\Users\ultra\warewolf\Dev\Dev2.Studio\Dev2.Studio.csproj]
C:\Program Files\dotnet\sdk\10.0.201\Microsoft.Common.CurrentVersion.targets(2451,5): warning MSB3277:             InfragisticsWPF4.Controls.Maps.XamNetworkNode.v15.1, Version=15.1.20151.2055, Culture=neutral, PublicKeyToken=7dd5c3163f2cd0cb, processorArchitecture=MSIL [C:\Users\ultra\warewolf\Dev\Dev2.Studio\Dev2.Studio.csproj]
C:\Program Files\dotnet\sdk\10.0.201\Microsoft.Common.CurrentVersion.targets(2451,5): warning MSB3277:         C:\Users\ultra\warewolf\Dev\Binaries\Infragistcs_Net6\InfragisticsWPF4.Controls.Menus.XamDataTree.v15.1.dll [C:\Users\ultra\warewolf\Dev\Dev2.Studio\Dev2.Studio.csproj]
C:\Program Files\dotnet\sdk\10.0.201\Microsoft.Common.CurrentVersion.targets(2451,5): warning MSB3277:           Project file item includes which caused reference "C:\Users\ultra\warewolf\Dev\Binaries\Infragistcs_Net6\InfragisticsWPF4.Controls.Menus.XamDataTree.v15.1.dll". [C:\Users\ultra\warewolf\Dev\Dev2.Studio\Dev2.Studio.csproj]
C:\Program Files\dotnet\sdk\10.0.201\Microsoft.Common.CurrentVersion.targets(2451,5): warning MSB3277:             InfragisticsWPF4.Controls.Menus.XamDataTree.v15.1, Version=15.1.20151.2055, Culture=neutral, processorArchitecture=MSIL [C:\Users\ultra\warewolf\Dev\Dev2.Studio\Dev2.Studio.csproj]
C:\Program Files\dotnet\sdk\10.0.201\Microsoft.Common.CurrentVersion.targets(2451,5): warning MSB3277:         C:\Users\ultra\warewolf\Dev\Binaries\Infragistcs_Net6\InfragisticsWPF4.Controls.Menus.XamMenu.v15.1.dll [C:\Users\ultra\warewolf\Dev\Dev2.Studio\Dev2.Studio.csproj]
C:\Program Files\dotnet\sdk\10.0.201\Microsoft.Common.CurrentVersion.targets(2451,5): warning MSB3277:           Project file item includes which caused reference "C:\Users\ultra\warewolf\Dev\Binaries\Infragistcs_Net6\InfragisticsWPF4.Controls.Menus.XamMenu.v15.1.dll". [C:\Users\ultra\warewolf\Dev\Dev2.Studio\Dev2.Studio.csproj]
C:\Program Files\dotnet\sdk\10.0.201\Microsoft.Common.CurrentVersion.targets(2451,5): warning MSB3277:             InfragisticsWPF4.Controls.Menus.XamMenu.v15.1, Version=15.1.20151.2055, Culture=neutral, processorArchitecture=MSIL [C:\Users\ultra\warewolf\Dev\Dev2.Studio\Dev2.Studio.csproj]
C:\Program Files\dotnet\sdk\10.0.201\Microsoft.Common.CurrentVersion.targets(2451,5): warning MSB3277:             InfragisticsWPF4.Controls.Grids.XamGrid.v15.1, Version=15.1.20151.2055, Culture=neutral, PublicKeyToken=7dd5c3163f2cd0cb, processorArchitecture=MSIL [C:\Users\ultra\warewolf\Dev\Dev2.Studio\Dev2.Studio.csproj]
C:\Program Files\dotnet\sdk\10.0.201\Microsoft.Common.CurrentVersion.targets(2451,5): warning MSB3277:         C:\Users\ultra\warewolf\Dev\Binaries\Infragistcs_Net6\InfragisticsWPF4.DataManager.v15.1.dll [C:\Users\ultra\warewolf\Dev\Dev2.Studio\Dev2.Studio.csproj]
C:\Program Files\dotnet\sdk\10.0.201\Microsoft.Common.CurrentVersion.targets(2451,5): warning MSB3277:           Project file item includes which caused reference "C:\Users\ultra\warewolf\Dev\Binaries\Infragistcs_Net6\InfragisticsWPF4.DataManager.v15.1.dll". [C:\Users\ultra\warewolf\Dev\Dev2.Studio\Dev2.Studio.csproj]
C:\Program Files\dotnet\sdk\10.0.201\Microsoft.Common.CurrentVersion.targets(2451,5): warning MSB3277:             InfragisticsWPF4.DataManager.v15.1, Version=15.1.20151.2055, Culture=neutral, processorArchitecture=MSIL [C:\Users\ultra\warewolf\Dev\Dev2.Studio\Dev2.Studio.csproj]
C:\Program Files\dotnet\sdk\10.0.201\Microsoft.Common.CurrentVersion.targets(2451,5): warning MSB3277:             InfragisticsWPF4.Controls.Editors.XamComboEditor.v15.1, Version=15.1.20151.2055, Culture=neutral, processorArchitecture=MSIL [C:\Users\ultra\warewolf\Dev\Dev2.Studio\Dev2.Studio.csproj]
C:\Program Files\dotnet\sdk\10.0.201\Microsoft.Common.CurrentVersion.targets(2451,5): warning MSB3277:             InfragisticsWPF4.Controls.Grids.XamGrid.v15.1, Version=15.1.20151.2055, Culture=neutral, PublicKeyToken=7dd5c3163f2cd0cb, processorArchitecture=MSIL [C:\Users\ultra\warewolf\Dev\Dev2.Studio\Dev2.Studio.csproj]
C:\Program Files\dotnet\sdk\10.0.201\Microsoft.Common.CurrentVersion.targets(2451,5): warning MSB3277:             InfragisticsWPF4.Controls.Menus.XamDataTree.v15.1, Version=15.1.20151.2055, Culture=neutral, processorArchitecture=MSIL [C:\Users\ultra\warewolf\Dev\Dev2.Studio\Dev2.Studio.csproj]
C:\Program Files\dotnet\sdk\10.0.201\Microsoft.Common.CurrentVersion.targets(2451,5): warning MSB3277:         C:\Users\ultra\warewolf\Dev\Binaries\Infragistcs_Net6\InfragisticsWPF4.DataPresenter.v15.1.dll [C:\Users\ultra\warewolf\Dev\Dev2.Studio\Dev2.Studio.csproj]
C:\Program Files\dotnet\sdk\10.0.201\Microsoft.Common.CurrentVersion.targets(2451,5): warning MSB3277:           Project file item includes which caused reference "C:\Users\ultra\warewolf\Dev\Binaries\Infragistcs_Net6\InfragisticsWPF4.DataPresenter.v15.1.dll". [C:\Users\ultra\warewolf\Dev\Dev2.Studio\Dev2.Studio.csproj]
C:\Program Files\dotnet\sdk\10.0.201\Microsoft.Common.CurrentVersion.targets(2451,5): warning MSB3277:             InfragisticsWPF4.DataPresenter.v15.1 [C:\Users\ultra\warewolf\Dev\Dev2.Studio\Dev2.Studio.csproj]
C:\Program Files\dotnet\sdk\10.0.201\Microsoft.Common.CurrentVersion.targets(2451,5): warning MSB3277:         C:\Users\ultra\warewolf\Dev\Binaries\Infragistcs_Net6\InfragisticsWPF4.DataVisualization.v15.1.dll [C:\Users\ultra\warewolf\Dev\Dev2.Studio\Dev2.Studio.csproj]
C:\Program Files\dotnet\sdk\10.0.201\Microsoft.Common.CurrentVersion.targets(2451,5): warning MSB3277:           Project file item includes which caused reference "C:\Users\ultra\warewolf\Dev\Binaries\Infragistcs_Net6\InfragisticsWPF4.DataVisualization.v15.1.dll". [C:\Users\ultra\warewolf\Dev\Dev2.Studio\Dev2.Studio.csproj]
C:\Program Files\dotnet\sdk\10.0.201\Microsoft.Common.CurrentVersion.targets(2451,5): warning MSB3277:             InfragisticsWPF4.DataVisualization.v15.1, Version=15.1.20151.2055, Culture=neutral, PublicKeyToken=7dd5c3163f2cd0cb, processorArchitecture=MSIL [C:\Users\ultra\warewolf\Dev\Dev2.Studio\Dev2.Studio.csproj]
C:\Program Files\dotnet\sdk\10.0.201\Microsoft.Common.CurrentVersion.targets(2451,5): warning MSB3277:             InfragisticsWPF4.Controls.Maps.XamNetworkNode.v15.1, Version=15.1.20151.2055, Culture=neutral, PublicKeyToken=7dd5c3163f2cd0cb, processorArchitecture=MSIL [C:\Users\ultra\warewolf\Dev\Dev2.Studio\Dev2.Studio.csproj]
C:\Program Files\dotnet\sdk\10.0.201\Microsoft.Common.CurrentVersion.targets(2451,5): warning MSB3277:             InfragisticsWPF4.Math.Calculators.v15.1, Version=15.1.20151.2055, Culture=neutral, PublicKeyToken=7dd5c3163f2cd0cb, processorArchitecture=MSIL [C:\Users\ultra\warewolf\Dev\Dev2.Studio\Dev2.Studio.csproj]
C:\Program Files\dotnet\sdk\10.0.201\Microsoft.Common.CurrentVersion.targets(2451,5): warning MSB3277:         C:\Users\ultra\warewolf\Dev\Binaries\Infragistcs_Net6\InfragisticsWPF4.DockManager.v15.1.dll [C:\Users\ultra\warewolf\Dev\Dev2.Studio\Dev2.Studio.csproj]
C:\Program Files\dotnet\sdk\10.0.201\Microsoft.Common.CurrentVersion.targets(2451,5): warning MSB3277:           Project file item includes which caused reference "C:\Users\ultra\warewolf\Dev\Binaries\Infragistcs_Net6\InfragisticsWPF4.DockManager.v15.1.dll". [C:\Users\ultra\warewolf\Dev\Dev2.Studio\Dev2.Studio.csproj]
C:\Program Files\dotnet\sdk\10.0.201\Microsoft.Common.CurrentVersion.targets(2451,5): warning MSB3277:             InfragisticsWPF4.DockManager.v15.1, Version=15.1.20151.2055, Culture=neutral, PublicKeyToken=7dd5c3163f2cd0cb, processorArchitecture=MSIL [C:\Users\ultra\warewolf\Dev\Dev2.Studio\Dev2.Studio.csproj]
C:\Program Files\dotnet\sdk\10.0.201\Microsoft.Common.CurrentVersion.targets(2451,5): warning MSB3277:         C:\Users\ultra\warewolf\Dev\Binaries\Infragistcs_Net6\InfragisticsWPF4.DragDrop.v15.1.dll [C:\Users\ultra\warewolf\Dev\Dev2.Studio\Dev2.Studio.csproj]
C:\Program Files\dotnet\sdk\10.0.201\Microsoft.Common.CurrentVersion.targets(2451,5): warning MSB3277:           Project file item includes which caused reference "C:\Users\ultra\warewolf\Dev\Binaries\Infragistcs_Net6\InfragisticsWPF4.DragDrop.v15.1.dll". [C:\Users\ultra\warewolf\Dev\Dev2.Studio\Dev2.Studio.csproj]
C:\Program Files\dotnet\sdk\10.0.201\Microsoft.Common.CurrentVersion.targets(2451,5): warning MSB3277:             InfragisticsWPF4.DragDrop.v15.1, Version=15.1.20151.2055, Culture=neutral, PublicKeyToken=7dd5c3163f2cd0cb, processorArchitecture=MSIL [C:\Users\ultra\warewolf\Dev\Dev2.Studio\Dev2.Studio.csproj]
C:\Program Files\dotnet\sdk\10.0.201\Microsoft.Common.CurrentVersion.targets(2451,5): warning MSB3277:             InfragisticsWPF4.Controls.Menus.XamDataTree.v15.1, Version=15.1.20151.2055, Culture=neutral, processorArchitecture=MSIL [C:\Users\ultra\warewolf\Dev\Dev2.Studio\Dev2.Studio.csproj]
C:\Program Files\dotnet\sdk\10.0.201\Microsoft.Common.CurrentVersion.targets(2451,5): warning MSB3277:         C:\Users\ultra\warewolf\Dev\Binaries\Infragistcs_Net6\InfragisticsWPF4.Editors.v15.1.dll [C:\Users\ultra\warewolf\Dev\Dev2.Studio\Dev2.Studio.csproj]
C:\Program Files\dotnet\sdk\10.0.201\Microsoft.Common.CurrentVersion.targets(2451,5): warning MSB3277:           Project file item includes which caused reference "C:\Users\ultra\warewolf\Dev\Binaries\Infragistcs_Net6\InfragisticsWPF4.Editors.v15.1.dll". [C:\Users\ultra\warewolf\Dev\Dev2.Studio\Dev2.Studio.csproj]
C:\Program Files\dotnet\sdk\10.0.201\Microsoft.Common.CurrentVersion.targets(2451,5): warning MSB3277:             InfragisticsWPF4.Editors.v15.1, Version=15.1.20151.2055, Culture=neutral, processorArchitecture=MSIL [C:\Users\ultra\warewolf\Dev\Dev2.Studio\Dev2.Studio.csproj]
C:\Program Files\dotnet\sdk\10.0.201\Microsoft.Common.CurrentVersion.targets(2451,5): warning MSB3277:             InfragisticsWPF4.DataPresenter.v15.1 [C:\Users\ultra\warewolf\Dev\Dev2.Studio\Dev2.Studio.csproj]
C:\Program Files\dotnet\sdk\10.0.201\Microsoft.Common.CurrentVersion.targets(2451,5): warning MSB3277:         C:\Users\ultra\warewolf\Dev\Binaries\Infragistcs_Net6\InfragisticsWPF4.Math.Calculators.v15.1.dll [C:\Users\ultra\warewolf\Dev\Dev2.Studio\Dev2.Studio.csproj]
C:\Program Files\dotnet\sdk\10.0.201\Microsoft.Common.CurrentVersion.targets(2451,5): warning MSB3277:           Project file item includes which caused reference "C:\Users\ultra\warewolf\Dev\Binaries\Infragistcs_Net6\InfragisticsWPF4.Math.Calculators.v15.1.dll". [C:\Users\ultra\warewolf\Dev\Dev2.Studio\Dev2.Studio.csproj]
C:\Program Files\dotnet\sdk\10.0.201\Microsoft.Common.CurrentVersion.targets(2451,5): warning MSB3277:             InfragisticsWPF4.Math.Calculators.v15.1, Version=15.1.20151.2055, Culture=neutral, PublicKeyToken=7dd5c3163f2cd0cb, processorArchitecture=MSIL [C:\Users\ultra\warewolf\Dev\Dev2.Studio\Dev2.Studio.csproj]
C:\Program Files\dotnet\sdk\10.0.201\Microsoft.Common.CurrentVersion.targets(2451,5): warning MSB3277:         C:\Users\ultra\warewolf\Dev\Binaries\Infragistcs_Net6\InfragisticsWPF4.v15.1.dll [C:\Users\ultra\warewolf\Dev\Dev2.Studio\Dev2.Studio.csproj]
C:\Program Files\dotnet\sdk\10.0.201\Microsoft.Common.CurrentVersion.targets(2451,5): warning MSB3277:           Project file item includes which caused reference "C:\Users\ultra\warewolf\Dev\Binaries\Infragistcs_Net6\InfragisticsWPF4.v15.1.dll". [C:\Users\ultra\warewolf\Dev\Dev2.Studio\Dev2.Studio.csproj]
C:\Program Files\dotnet\sdk\10.0.201\Microsoft.Common.CurrentVersion.targets(2451,5): warning MSB3277:             InfragisticsWPF4.v15.1, Version=15.1.20151.2055, Culture=neutral, PublicKeyToken=7dd5c3163f2cd0cb, processorArchitecture=MSIL [C:\Users\ultra\warewolf\Dev\Dev2.Studio\Dev2.Studio.csproj]
C:\Program Files\dotnet\sdk\10.0.201\Microsoft.Common.CurrentVersion.targets(2451,5): warning MSB3277:             InfragisticsWPF4.Controls.Editors.XamComboEditor.v15.1, Version=15.1.20151.2055, Culture=neutral, processorArchitecture=MSIL [C:\Users\ultra\warewolf\Dev\Dev2.Studio\Dev2.Studio.csproj]
C:\Program Files\dotnet\sdk\10.0.201\Microsoft.Common.CurrentVersion.targets(2451,5): warning MSB3277:             InfragisticsWPF4.Controls.Grids.XamGrid.v15.1, Version=15.1.20151.2055, Culture=neutral, PublicKeyToken=7dd5c3163f2cd0cb, processorArchitecture=MSIL [C:\Users\ultra\warewolf\Dev\Dev2.Studio\Dev2.Studio.csproj]
C:\Program Files\dotnet\sdk\10.0.201\Microsoft.Common.CurrentVersion.targets(2451,5): warning MSB3277:             CalculationManager.WPF [C:\Users\ultra\warewolf\Dev\Dev2.Studio\Dev2.Studio.csproj]
C:\Program Files\dotnet\sdk\10.0.201\Microsoft.Common.CurrentVersion.targets(2451,5): warning MSB3277:             InfragisticsWPF4.Controls.Interactions.XamDialogWindow.v15.1, Version=15.1.20151.2055, Culture=neutral, PublicKeyToken=7dd5c3163f2cd0cb, processorArchitecture=MSIL [C:\Users\ultra\warewolf\Dev\Dev2.Studio\Dev2.Studio.csproj]
C:\Program Files\dotnet\sdk\10.0.201\Microsoft.Common.CurrentVersion.targets(2451,5): warning MSB3277:             InfragisticsWPF4.Controls.Maps.XamNetworkNode.v15.1, Version=15.1.20151.2055, Culture=neutral, PublicKeyToken=7dd5c3163f2cd0cb, processorArchitecture=MSIL [C:\Users\ultra\warewolf\Dev\Dev2.Studio\Dev2.Studio.csproj]
C:\Program Files\dotnet\sdk\10.0.201\Microsoft.Common.CurrentVersion.targets(2451,5): warning MSB3277:             InfragisticsWPF4.Controls.Menus.XamDataTree.v15.1, Version=15.1.20151.2055, Culture=neutral, processorArchitecture=MSIL [C:\Users\ultra\warewolf\Dev\Dev2.Studio\Dev2.Studio.csproj]
C:\Program Files\dotnet\sdk\10.0.201\Microsoft.Common.CurrentVersion.targets(2451,5): warning MSB3277:             InfragisticsWPF4.Controls.Menus.XamMenu.v15.1, Version=15.1.20151.2055, Culture=neutral, processorArchitecture=MSIL [C:\Users\ultra\warewolf\Dev\Dev2.Studio\Dev2.Studio.csproj]
C:\Program Files\dotnet\sdk\10.0.201\Microsoft.Common.CurrentVersion.targets(2451,5): warning MSB3277:             InfragisticsWPF4.DataManager.v15.1, Version=15.1.20151.2055, Culture=neutral, processorArchitecture=MSIL [C:\Users\ultra\warewolf\Dev\Dev2.Studio\Dev2.Studio.csproj]
C:\Program Files\dotnet\sdk\10.0.201\Microsoft.Common.CurrentVersion.targets(2451,5): warning MSB3277:             InfragisticsWPF4.DataPresenter.v15.1 [C:\Users\ultra\warewolf\Dev\Dev2.Studio\Dev2.Studio.csproj]
C:\Program Files\dotnet\sdk\10.0.201\Microsoft.Common.CurrentVersion.targets(2451,5): warning MSB3277:             InfragisticsWPF4.DataVisualization.v15.1, Version=15.1.20151.2055, Culture=neutral, PublicKeyToken=7dd5c3163f2cd0cb, processorArchitecture=MSIL [C:\Users\ultra\warewolf\Dev\Dev2.Studio\Dev2.Studio.csproj]
C:\Program Files\dotnet\sdk\10.0.201\Microsoft.Common.CurrentVersion.targets(2451,5): warning MSB3277:             InfragisticsWPF4.DockManager.v15.1, Version=15.1.20151.2055, Culture=neutral, PublicKeyToken=7dd5c3163f2cd0cb, processorArchitecture=MSIL [C:\Users\ultra\warewolf\Dev\Dev2.Studio\Dev2.Studio.csproj]
C:\Program Files\dotnet\sdk\10.0.201\Microsoft.Common.CurrentVersion.targets(2451,5): warning MSB3277:             InfragisticsWPF4.Editors.v15.1, Version=15.1.20151.2055, Culture=neutral, processorArchitecture=MSIL [C:\Users\ultra\warewolf\Dev\Dev2.Studio\Dev2.Studio.csproj]
C:\Program Files\dotnet\sdk\10.0.201\Microsoft.Common.CurrentVersion.targets(2451,5): warning MSB3277:             InfragisticsWPF4.Math.Calculators.v15.1, Version=15.1.20151.2055, Culture=neutral, PublicKeyToken=7dd5c3163f2cd0cb, processorArchitecture=MSIL [C:\Users\ultra\warewolf\Dev\Dev2.Studio\Dev2.Studio.csproj]
C:\Program Files\dotnet\sdk\10.0.201\Microsoft.Common.CurrentVersion.targets(2451,5): warning MSB3277:             InfragisticsWPF4.Math.v15.1, Version=15.1.20151.2055, Culture=neutral, PublicKeyToken=7dd5c3163f2cd0cb, processorArchitecture=MSIL [C:\Users\ultra\warewolf\Dev\Dev2.Studio\Dev2.Studio.csproj]
C:\Program Files\dotnet\sdk\10.0.201\Microsoft.Common.CurrentVersion.targets(2451,5): warning MSB3277:         C:\Users\ultra\.nuget\packages\avalonedit\6.3.0.90\lib\net462\ICSharpCode.AvalonEdit.dll [C:\Users\ultra\warewolf\Dev\Dev2.Studio\Dev2.Studio.csproj]
C:\Program Files\dotnet\sdk\10.0.201\Microsoft.Common.CurrentVersion.targets(2451,5): warning MSB3277:           Project file item includes which caused reference "C:\Users\ultra\.nuget\packages\avalonedit\6.3.0.90\lib\net462\ICSharpCode.AvalonEdit.dll". [C:\Users\ultra\warewolf\Dev\Dev2.Studio\Dev2.Studio.csproj]
C:\Program Files\dotnet\sdk\10.0.201\Microsoft.Common.CurrentVersion.targets(2451,5): warning MSB3277:             C:\Users\ultra\.nuget\packages\avalonedit\6.3.0.90\lib\net462\ICSharpCode.AvalonEdit.dll [C:\Users\ultra\warewolf\Dev\Dev2.Studio\Dev2.Studio.csproj]
C:\Program Files\dotnet\sdk\10.0.201\Microsoft.Common.CurrentVersion.targets(2451,5): warning MSB3277:         C:\Users\ultra\.nuget\packages\caliburn.micro\4.0.212\lib\netcoreapp3.1\Caliburn.Micro.Platform.dll [C:\Users\ultra\warewolf\Dev\Dev2.Studio\Dev2.Studio.csproj]
C:\Program Files\dotnet\sdk\10.0.201\Microsoft.Common.CurrentVersion.targets(2451,5): warning MSB3277:           Project file item includes which caused reference "C:\Users\ultra\.nuget\packages\caliburn.micro\4.0.212\lib\netcoreapp3.1\Caliburn.Micro.Platform.dll". [C:\Users\ultra\warewolf\Dev\Dev2.Studio\Dev2.Studio.csproj]
C:\Program Files\dotnet\sdk\10.0.201\Microsoft.Common.CurrentVersion.targets(2451,5): warning MSB3277:             C:\Users\ultra\.nuget\packages\caliburn.micro\4.0.212\lib\netcoreapp3.1\Caliburn.Micro.Platform.dll [C:\Users\ultra\warewolf\Dev\Dev2.Studio\Dev2.Studio.csproj]
C:\Program Files\dotnet\sdk\10.0.201\Microsoft.Common.CurrentVersion.targets(2451,5): warning MSB3277:         C:\Users\ultra\.nuget\packages\extended.wpf.toolkit\4.4.0\lib\net5.0\Xceed.Wpf.AvalonDock.NET5.dll [C:\Users\ultra\warewolf\Dev\Dev2.Studio\Dev2.Studio.csproj]
C:\Program Files\dotnet\sdk\10.0.201\Microsoft.Common.CurrentVersion.targets(2451,5): warning MSB3277:           Project file item includes which caused reference "C:\Users\ultra\.nuget\packages\extended.wpf.toolkit\4.4.0\lib\net5.0\Xceed.Wpf.AvalonDock.NET5.dll". [C:\Users\ultra\warewolf\Dev\Dev2.Studio\Dev2.Studio.csproj]
C:\Program Files\dotnet\sdk\10.0.201\Microsoft.Common.CurrentVersion.targets(2451,5): warning MSB3277:             C:\Users\ultra\.nuget\packages\extended.wpf.toolkit\4.4.0\lib\net5.0\Xceed.Wpf.AvalonDock.NET5.dll [C:\Users\ultra\warewolf\Dev\Dev2.Studio\Dev2.Studio.csproj]
C:\Program Files\dotnet\sdk\10.0.201\Microsoft.Common.CurrentVersion.targets(2451,5): warning MSB3277:             C:\Users\ultra\.nuget\packages\extended.wpf.toolkit\4.4.0\lib\net5.0\Xceed.Wpf.AvalonDock.Themes.Aero.NET5.dll [C:\Users\ultra\warewolf\Dev\Dev2.Studio\Dev2.Studio.csproj]
C:\Program Files\dotnet\sdk\10.0.201\Microsoft.Common.CurrentVersion.targets(2451,5): warning MSB3277:             C:\Users\ultra\.nuget\packages\extended.wpf.toolkit\4.4.0\lib\net5.0\Xceed.Wpf.AvalonDock.Themes.Metro.NET5.dll [C:\Users\ultra\warewolf\Dev\Dev2.Studio\Dev2.Studio.csproj]
C:\Program Files\dotnet\sdk\10.0.201\Microsoft.Common.CurrentVersion.targets(2451,5): warning MSB3277:             C:\Users\ultra\.nuget\packages\extended.wpf.toolkit\4.4.0\lib\net5.0\Xceed.Wpf.AvalonDock.Themes.VS2010.NET5.dll [C:\Users\ultra\warewolf\Dev\Dev2.Studio\Dev2.Studio.csproj]
C:\Program Files\dotnet\sdk\10.0.201\Microsoft.Common.CurrentVersion.targets(2451,5): warning MSB3277:         C:\Users\ultra\.nuget\packages\extended.wpf.toolkit\4.4.0\lib\net5.0\Xceed.Wpf.AvalonDock.Themes.Aero.NET5.dll [C:\Users\ultra\warewolf\Dev\Dev2.Studio\Dev2.Studio.csproj]
C:\Program Files\dotnet\sdk\10.0.201\Microsoft.Common.CurrentVersion.targets(2451,5): warning MSB3277:           Project file item includes which caused reference "C:\Users\ultra\.nuget\packages\extended.wpf.toolkit\4.4.0\lib\net5.0\Xceed.Wpf.AvalonDock.Themes.Aero.NET5.dll". [C:\Users\ultra\warewolf\Dev\Dev2.Studio\Dev2.Studio.csproj]
C:\Program Files\dotnet\sdk\10.0.201\Microsoft.Common.CurrentVersion.targets(2451,5): warning MSB3277:             C:\Users\ultra\.nuget\packages\extended.wpf.toolkit\4.4.0\lib\net5.0\Xceed.Wpf.AvalonDock.Themes.Aero.NET5.dll [C:\Users\ultra\warewolf\Dev\Dev2.Studio\Dev2.Studio.csproj]
C:\Program Files\dotnet\sdk\10.0.201\Microsoft.Common.CurrentVersion.targets(2451,5): warning MSB3277:         C:\Users\ultra\.nuget\packages\extended.wpf.toolkit\4.4.0\lib\net5.0\Xceed.Wpf.Toolkit.NET5.dll [C:\Users\ultra\warewolf\Dev\Dev2.Studio\Dev2.Studio.csproj]
C:\Program Files\dotnet\sdk\10.0.201\Microsoft.Common.CurrentVersion.targets(2451,5): warning MSB3277:           Project file item includes which caused reference "C:\Users\ultra\.nuget\packages\extended.wpf.toolkit\4.4.0\lib\net5.0\Xceed.Wpf.Toolkit.NET5.dll". [C:\Users\ultra\warewolf\Dev\Dev2.Studio\Dev2.Studio.csproj]
C:\Program Files\dotnet\sdk\10.0.201\Microsoft.Common.CurrentVersion.targets(2451,5): warning MSB3277:             C:\Users\ultra\.nuget\packages\extended.wpf.toolkit\4.4.0\lib\net5.0\Xceed.Wpf.Toolkit.NET5.dll [C:\Users\ultra\warewolf\Dev\Dev2.Studio\Dev2.Studio.csproj]
C:\Program Files\dotnet\sdk\10.0.201\Microsoft.Common.CurrentVersion.targets(2451,5): warning MSB3277:         C:\Users\ultra\.nuget\packages\fontawesome.wpf\4.7.0.9\lib\net40\FontAwesome.WPF.dll [C:\Users\ultra\warewolf\Dev\Dev2.Studio\Dev2.Studio.csproj]
C:\Program Files\dotnet\sdk\10.0.201\Microsoft.Common.CurrentVersion.targets(2451,5): warning MSB3277:           Project file item includes which caused reference "C:\Users\ultra\.nuget\packages\fontawesome.wpf\4.7.0.9\lib\net40\FontAwesome.WPF.dll". [C:\Users\ultra\warewolf\Dev\Dev2.Studio\Dev2.Studio.csproj]
C:\Program Files\dotnet\sdk\10.0.201\Microsoft.Common.CurrentVersion.targets(2451,5): warning MSB3277:             C:\Users\ultra\.nuget\packages\fontawesome.wpf\4.7.0.9\lib\net40\FontAwesome.WPF.dll [C:\Users\ultra\warewolf\Dev\Dev2.Studio\Dev2.Studio.csproj]
C:\Program Files\dotnet\sdk\10.0.201\Microsoft.Common.CurrentVersion.targets(2451,5): warning MSB3277:         C:\Users\ultra\.nuget\packages\ironpython\3.4.0\lib\net6.0\IronPython.Wpf.dll [C:\Users\ultra\warewolf\Dev\Dev2.Studio\Dev2.Studio.csproj]
C:\Program Files\dotnet\sdk\10.0.201\Microsoft.Common.CurrentVersion.targets(2451,5): warning MSB3277:           Project file item includes which caused reference "C:\Users\ultra\.nuget\packages\ironpython\3.4.0\lib\net6.0\IronPython.Wpf.dll". [C:\Users\ultra\warewolf\Dev\Dev2.Studio\Dev2.Studio.csproj]
C:\Program Files\dotnet\sdk\10.0.201\Microsoft.Common.CurrentVersion.targets(2451,5): warning MSB3277:             C:\Users\ultra\.nuget\packages\ironpython\3.4.0\lib\net6.0\IronPython.Wpf.dll [C:\Users\ultra\warewolf\Dev\Dev2.Studio\Dev2.Studio.csproj]
C:\Program Files\dotnet\sdk\10.0.201\Microsoft.Common.CurrentVersion.targets(2451,5): warning MSB3277:         C:\Users\ultra\.nuget\packages\microsoft.xaml.behaviors.wpf\1.1.122\lib\net462\Microsoft.Xaml.Behaviors.dll [C:\Users\ultra\warewolf\Dev\Dev2.Studio\Dev2.Studio.csproj]
C:\Program Files\dotnet\sdk\10.0.201\Microsoft.Common.CurrentVersion.targets(2451,5): warning MSB3277:           Project file item includes which caused reference "C:\Users\ultra\.nuget\packages\microsoft.xaml.behaviors.wpf\1.1.122\lib\net462\Microsoft.Xaml.Behaviors.dll". [C:\Users\ultra\warewolf\Dev\Dev2.Studio\Dev2.Studio.csproj]
C:\Program Files\dotnet\sdk\10.0.201\Microsoft.Common.CurrentVersion.targets(2451,5): warning MSB3277:             C:\Users\ultra\.nuget\packages\microsoft.xaml.behaviors.wpf\1.1.122\lib\net462\Microsoft.Xaml.Behaviors.dll [C:\Users\ultra\warewolf\Dev\Dev2.Studio\Dev2.Studio.csproj]
C:\Program Files\dotnet\sdk\10.0.201\Microsoft.Common.CurrentVersion.targets(2451,5): warning MSB3277:             C:\Users\ultra\.nuget\packages\caliburn.micro\4.0.212\lib\netcoreapp3.1\Caliburn.Micro.Platform.dll [C:\Users\ultra\warewolf\Dev\Dev2.Studio\Dev2.Studio.csproj]
C:\Program Files\dotnet\sdk\10.0.201\Microsoft.Common.CurrentVersion.targets(2451,5): warning MSB3277:             C:\Users\ultra\.nuget\packages\prism.wpf\9.0.537\lib\net462\Prism.Wpf.dll [C:\Users\ultra\warewolf\Dev\Dev2.Studio\Dev2.Studio.csproj]
C:\Program Files\dotnet\sdk\10.0.201\Microsoft.Common.CurrentVersion.targets(2451,5): warning MSB3277:         C:\Users\ultra\.nuget\packages\prism.composition\5.0.0\lib\NET45\Microsoft.Practices.Prism.Composition.dll [C:\Users\ultra\warewolf\Dev\Dev2.Studio\Dev2.Studio.csproj]
C:\Program Files\dotnet\sdk\10.0.201\Microsoft.Common.CurrentVersion.targets(2451,5): warning MSB3277:           Project file item includes which caused reference "C:\Users\ultra\.nuget\packages\prism.composition\5.0.0\lib\NET45\Microsoft.Practices.Prism.Composition.dll". [C:\Users\ultra\warewolf\Dev\Dev2.Studio\Dev2.Studio.csproj]
C:\Program Files\dotnet\sdk\10.0.201\Microsoft.Common.CurrentVersion.targets(2451,5): warning MSB3277:             C:\Users\ultra\.nuget\packages\prism.composition\5.0.0\lib\NET45\Microsoft.Practices.Prism.Composition.dll [C:\Users\ultra\warewolf\Dev\Dev2.Studio\Dev2.Studio.csproj]
C:\Program Files\dotnet\sdk\10.0.201\Microsoft.Common.CurrentVersion.targets(2451,5): warning MSB3277:             C:\Users\ultra\.nuget\packages\prism.unityextensions\5.0.1\lib\NET45\Microsoft.Practices.Prism.UnityExtensions.dll [C:\Users\ultra\warewolf\Dev\Dev2.Studio\Dev2.Studio.csproj]
C:\Program Files\dotnet\sdk\10.0.201\Microsoft.Common.CurrentVersion.targets(2451,5): warning MSB3277:         C:\Users\ultra\.nuget\packages\prism.interactivity\5.0.0\lib\NET45\Microsoft.Practices.Prism.Interactivity.dll [C:\Users\ultra\warewolf\Dev\Dev2.Studio\Dev2.Studio.csproj]
C:\Program Files\dotnet\sdk\10.0.201\Microsoft.Common.CurrentVersion.targets(2451,5): warning MSB3277:           Project file item includes which caused reference "C:\Users\ultra\.nuget\packages\prism.interactivity\5.0.0\lib\NET45\Microsoft.Practices.Prism.Interactivity.dll". [C:\Users\ultra\warewolf\Dev\Dev2.Studio\Dev2.Studio.csproj]
C:\Program Files\dotnet\sdk\10.0.201\Microsoft.Common.CurrentVersion.targets(2451,5): warning MSB3277:             C:\Users\ultra\.nuget\packages\prism.interactivity\5.0.0\lib\NET45\Microsoft.Practices.Prism.Interactivity.dll [C:\Users\ultra\warewolf\Dev\Dev2.Studio\Dev2.Studio.csproj]
C:\Program Files\dotnet\sdk\10.0.201\Microsoft.Common.CurrentVersion.targets(2451,5): warning MSB3277:         C:\Users\ultra\.nuget\packages\prism.mvvm\1.0.0\lib\net45\Microsoft.Practices.Prism.Mvvm.Desktop.dll [C:\Users\ultra\warewolf\Dev\Dev2.Studio\Dev2.Studio.csproj]
C:\Program Files\dotnet\sdk\10.0.201\Microsoft.Common.CurrentVersion.targets(2451,5): warning MSB3277:           Project file item includes which caused reference "C:\Users\ultra\.nuget\packages\prism.mvvm\1.0.0\lib\net45\Microsoft.Practices.Prism.Mvvm.Desktop.dll". [C:\Users\ultra\warewolf\Dev\Dev2.Studio\Dev2.Studio.csproj]
C:\Program Files\dotnet\sdk\10.0.201\Microsoft.Common.CurrentVersion.targets(2451,5): warning MSB3277:             C:\Users\ultra\.nuget\packages\prism.mvvm\1.0.0\lib\net45\Microsoft.Practices.Prism.Mvvm.Desktop.dll [C:\Users\ultra\warewolf\Dev\Dev2.Studio\Dev2.Studio.csproj]
C:\Program Files\dotnet\sdk\10.0.201\Microsoft.Common.CurrentVersion.targets(2451,5): warning MSB3277:         C:\Users\ultra\.nuget\packages\prism.unityextensions\5.0.1\lib\NET45\Microsoft.Practices.Prism.UnityExtensions.dll [C:\Users\ultra\warewolf\Dev\Dev2.Studio\Dev2.Studio.csproj]
C:\Program Files\dotnet\sdk\10.0.201\Microsoft.Common.CurrentVersion.targets(2451,5): warning MSB3277:           Project file item includes which caused reference "C:\Users\ultra\.nuget\packages\prism.unityextensions\5.0.1\lib\NET45\Microsoft.Practices.Prism.UnityExtensions.dll". [C:\Users\ultra\warewolf\Dev\Dev2.Studio\Dev2.Studio.csproj]
C:\Program Files\dotnet\sdk\10.0.201\Microsoft.Common.CurrentVersion.targets(2451,5): warning MSB3277:             C:\Users\ultra\.nuget\packages\prism.unityextensions\5.0.1\lib\NET45\Microsoft.Practices.Prism.UnityExtensions.dll [C:\Users\ultra\warewolf\Dev\Dev2.Studio\Dev2.Studio.csproj]
C:\Program Files\dotnet\sdk\10.0.201\Microsoft.Common.CurrentVersion.targets(2451,5): warning MSB3277:         C:\Users\ultra\.nuget\packages\prism.wpf\9.0.537\lib\net462\Prism.Wpf.dll [C:\Users\ultra\warewolf\Dev\Dev2.Studio\Dev2.Studio.csproj]
C:\Program Files\dotnet\sdk\10.0.201\Microsoft.Common.CurrentVersion.targets(2451,5): warning MSB3277:           Project file item includes which caused reference "C:\Users\ultra\.nuget\packages\prism.wpf\9.0.537\lib\net462\Prism.Wpf.dll". [C:\Users\ultra\warewolf\Dev\Dev2.Studio\Dev2.Studio.csproj]
C:\Program Files\dotnet\sdk\10.0.201\Microsoft.Common.CurrentVersion.targets(2451,5): warning MSB3277:             C:\Users\ultra\.nuget\packages\prism.wpf\9.0.537\lib\net462\Prism.Wpf.dll [C:\Users\ultra\warewolf\Dev\Dev2.Studio\Dev2.Studio.csproj]
C:\Program Files\dotnet\sdk\10.0.201\Microsoft.Common.CurrentVersion.targets(2451,5): warning MSB3277:         C:\Users\ultra\.nuget\packages\reactiveui.wpf\18.4.1\lib\net462\ReactiveUI.Wpf.dll [C:\Users\ultra\warewolf\Dev\Dev2.Studio\Dev2.Studio.csproj]
C:\Program Files\dotnet\sdk\10.0.201\Microsoft.Common.CurrentVersion.targets(2451,5): warning MSB3277:           Project file item includes which caused reference "C:\Users\ultra\.nuget\packages\reactiveui.wpf\18.4.1\lib\net462\ReactiveUI.Wpf.dll". [C:\Users\ultra\warewolf\Dev\Dev2.Studio\Dev2.Studio.csproj]
C:\Program Files\dotnet\sdk\10.0.201\Microsoft.Common.CurrentVersion.targets(2451,5): warning MSB3277:             C:\Users\ultra\.nuget\packages\reactiveui.wpf\18.4.1\lib\net462\ReactiveUI.Wpf.dll [C:\Users\ultra\warewolf\Dev\Dev2.Studio\Dev2.Studio.csproj]
C:\Program Files\dotnet\sdk\10.0.201\Microsoft.Common.CurrentVersion.targets(2451,5): warning MSB3277: Found conflicts between different versions of "System.Drawing.Common" that could not be resolved. [C:\Users\ultra\warewolf\Dev\Dev2.Studio\Dev2.Studio.csproj]
C:\Program Files\dotnet\sdk\10.0.201\Microsoft.Common.CurrentVersion.targets(2451,5): warning MSB3277: There was a conflict between "System.Drawing.Common, Version=6.0.0.0, Culture=neutral, PublicKeyToken=cc7b13ffcd2ddd51" and "System.Drawing.Common, Version=8.0.0.0, Culture=neutral, PublicKeyToken=cc7b13ffcd2ddd51". [C:\Users\ultra\warewolf\Dev\Dev2.Studio\Dev2.Studio.csproj]
C:\Program Files\dotnet\sdk\10.0.201\Microsoft.Common.CurrentVersion.targets(2451,5): warning MSB3277:     "System.Drawing.Common, Version=6.0.0.0, Culture=neutral, PublicKeyToken=cc7b13ffcd2ddd51" was chosen because it was primary and "System.Drawing.Common, Version=8.0.0.0, Culture=neutral, PublicKeyToken=cc7b13ffcd2ddd51" was not. [C:\Users\ultra\warewolf\Dev\Dev2.Studio\Dev2.Studio.csproj]
C:\Program Files\dotnet\sdk\10.0.201\Microsoft.Common.CurrentVersion.targets(2451,5): warning MSB3277:     References which depend on "System.Drawing.Common, Version=6.0.0.0, Culture=neutral, PublicKeyToken=cc7b13ffcd2ddd51" [C:\Users\ultra\.nuget\packages\system.drawing.common\6.0.0\lib\net6.0\System.Drawing.Common.dll]. [C:\Users\ultra\warewolf\Dev\Dev2.Studio\Dev2.Studio.csproj]
C:\Program Files\dotnet\sdk\10.0.201\Microsoft.Common.CurrentVersion.targets(2451,5): warning MSB3277:         C:\Users\ultra\.nuget\packages\system.drawing.common\6.0.0\lib\net6.0\System.Drawing.Common.dll [C:\Users\ultra\warewolf\Dev\Dev2.Studio\Dev2.Studio.csproj]
C:\Program Files\dotnet\sdk\10.0.201\Microsoft.Common.CurrentVersion.targets(2451,5): warning MSB3277:           Project file item includes which caused reference "C:\Users\ultra\.nuget\packages\system.drawing.common\6.0.0\lib\net6.0\System.Drawing.Common.dll". [C:\Users\ultra\warewolf\Dev\Dev2.Studio\Dev2.Studio.csproj]
C:\Program Files\dotnet\sdk\10.0.201\Microsoft.Common.CurrentVersion.targets(2451,5): warning MSB3277:             C:\Users\ultra\.nuget\packages\system.drawing.common\6.0.0\lib\net6.0\System.Drawing.Common.dll [C:\Users\ultra\warewolf\Dev\Dev2.Studio\Dev2.Studio.csproj]
C:\Program Files\dotnet\sdk\10.0.201\Microsoft.Common.CurrentVersion.targets(2451,5): warning MSB3277:     References which depend on or have been unified to "System.Drawing.Common, Version=8.0.0.0, Culture=neutral, PublicKeyToken=cc7b13ffcd2ddd51" []. [C:\Users\ultra\warewolf\Dev\Dev2.Studio\Dev2.Studio.csproj]
C:\Program Files\dotnet\sdk\10.0.201\Microsoft.Common.CurrentVersion.targets(2451,5): warning MSB3277:         C:\Users\ultra\.nuget\packages\servicestack\6.3.0\lib\net6.0\ServiceStack.dll [C:\Users\ultra\warewolf\Dev\Dev2.Studio\Dev2.Studio.csproj]
C:\Program Files\dotnet\sdk\10.0.201\Microsoft.Common.CurrentVersion.targets(2451,5): warning MSB3277:           Project file item includes which caused reference "C:\Users\ultra\.nuget\packages\servicestack\6.3.0\lib\net6.0\ServiceStack.dll". [C:\Users\ultra\warewolf\Dev\Dev2.Studio\Dev2.Studio.csproj]
C:\Program Files\dotnet\sdk\10.0.201\Microsoft.Common.CurrentVersion.targets(2451,5): warning MSB3277:             C:\Users\ultra\.nuget\packages\servicestack\6.3.0\lib\net6.0\ServiceStack.dll [C:\Users\ultra\warewolf\Dev\Dev2.Studio\Dev2.Studio.csproj]
C:\Program Files\dotnet\sdk\10.0.201\Microsoft.Common.CurrentVersion.targets(2451,5): warning MSB3277:         C:\Users\ultra\.nuget\packages\system.windows.extensions\8.0.0\lib\net8.0\System.Windows.Extensions.dll [C:\Users\ultra\warewolf\Dev\Dev2.Studio\Dev2.Studio.csproj]
C:\Program Files\dotnet\sdk\10.0.201\Microsoft.Common.CurrentVersion.targets(2451,5): warning MSB3277:           Project file item includes which caused reference "C:\Users\ultra\.nuget\packages\system.windows.extensions\8.0.0\lib\net8.0\System.Windows.Extensions.dll". [C:\Users\ultra\warewolf\Dev\Dev2.Studio\Dev2.Studio.csproj]
C:\Program Files\dotnet\sdk\10.0.201\Microsoft.Common.CurrentVersion.targets(2451,5): warning MSB3277:             C:\Users\ultra\.nuget\packages\system.windows.extensions\8.0.0\lib\net8.0\System.Windows.Extensions.dll [C:\Users\ultra\warewolf\Dev\Dev2.Studio\Dev2.Studio.csproj]
C:\Program Files\dotnet\sdk\10.0.201\Microsoft.Common.CurrentVersion.targets(2451,5): warning MSB3277:             InfragisticsWPF4.Editors.v15.1, Version=15.1.20151.2055, Culture=neutral, processorArchitecture=MSIL [C:\Users\ultra\warewolf\Dev\Dev2.Studio\Dev2.Studio.csproj]
C:\Program Files\dotnet\sdk\10.0.201\Microsoft.Common.CurrentVersion.targets(2451,5): warning MSB3277:             InfragisticsWPF4.DataPresenter.v15.1 [C:\Users\ultra\warewolf\Dev\Dev2.Studio\Dev2.Studio.csproj]
C:\Program Files\dotnet\sdk\10.0.201\Microsoft.Common.CurrentVersion.targets(2451,5): warning MSB3277:             C:\Users\ultra\.nuget\packages\extended.wpf.toolkit\4.4.0\lib\net5.0\Xceed.Wpf.Toolkit.NET5.dll [C:\Users\ultra\warewolf\Dev\Dev2.Studio\Dev2.Studio.csproj]
C:\Program Files\dotnet\sdk\10.0.201\Microsoft.Common.CurrentVersion.targets(2451,5): warning MSB3277:             C:\Users\ultra\.nuget\packages\system.security.permissions\8.0.0\lib\net8.0\System.Security.Permissions.dll [C:\Users\ultra\warewolf\Dev\Dev2.Studio\Dev2.Studio.csproj]
C:\Program Files\dotnet\sdk\10.0.201\Microsoft.Common.CurrentVersion.targets(2451,5): warning MSB3277:             C:\Users\ultra\warewolf\Dev\Dev2.Data\bin\Debug\net8.0\Dev2.Data.dll [C:\Users\ultra\warewolf\Dev\Dev2.Studio\Dev2.Studio.csproj]
C:\Program Files\dotnet\sdk\10.0.201\Microsoft.Common.CurrentVersion.targets(2451,5): warning MSB3277:             C:\Users\ultra\warewolf\Dev\Dev2.Activities\bin\Debug\net8.0\Dev2.Activities.dll [C:\Users\ultra\warewolf\Dev\Dev2.Studio\Dev2.Studio.csproj]
C:\Program Files\dotnet\sdk\10.0.201\Microsoft.Common.CurrentVersion.targets(2451,5): warning MSB3277:             C:\Users\ultra\warewolf\Dev\Dev2.Core\bin\Debug\net8.0\Dev2.Core.dll [C:\Users\ultra\warewolf\Dev\Dev2.Studio\Dev2.Studio.csproj]
C:\Program Files\dotnet\sdk\10.0.201\Microsoft.Common.CurrentVersion.targets(2451,5): warning MSB3277:             C:\Users\ultra\warewolf\Dev\Dev2.Intellisense\bin\Debug\net8.0\Dev2.Intellisense.dll [C:\Users\ultra\warewolf\Dev\Dev2.Studio\Dev2.Studio.csproj]
C:\Program Files\dotnet\sdk\10.0.201\Microsoft.Common.CurrentVersion.targets(2451,5): warning MSB3277:             C:\Users\ultra\warewolf\Dev\Dev2.Scheduler\bin\Debug\net8.0\Dev2.Scheduler.dll [C:\Users\ultra\warewolf\Dev\Dev2.Studio\Dev2.Studio.csproj]
C:\Program Files\dotnet\sdk\10.0.201\Microsoft.Common.CurrentVersion.targets(2451,5): warning MSB3277:             C:\Users\ultra\warewolf\Dev\Dev2.Services.Execution\bin\Debug\net8.0\Dev2.Services.Execution.dll [C:\Users\ultra\warewolf\Dev\Dev2.Studio\Dev2.Studio.csproj]
C:\Program Files\dotnet\sdk\10.0.201\Microsoft.Common.CurrentVersion.targets(2451,5): warning MSB3277:             C:\Users\ultra\warewolf\Dev\Dev2.Studio.Core\bin\Debug\net8.0\Dev2.Studio.Core.dll [C:\Users\ultra\warewolf\Dev\Dev2.Studio\Dev2.Studio.csproj]
C:\Program Files\dotnet\sdk\10.0.201\Microsoft.Common.CurrentVersion.targets(2451,5): warning MSB3277:             C:\Users\ultra\warewolf\Dev\Dev2.Studio.Interfaces\bin\Debug\net8.0\Dev2.Studio.Interfaces.dll [C:\Users\ultra\warewolf\Dev\Dev2.Studio\Dev2.Studio.csproj]
C:\Program Files\dotnet\sdk\10.0.201\Microsoft.Common.CurrentVersion.targets(2451,5): warning MSB3277:             C:\Users\ultra\warewolf\Dev\Warewolf.Core\bin\Debug\net8.0\Warewolf.Core.dll [C:\Users\ultra\warewolf\Dev\Dev2.Studio\Dev2.Studio.csproj]
C:\Program Files\dotnet\sdk\10.0.201\Microsoft.Common.CurrentVersion.targets(2451,5): warning MSB3277:             C:\Users\ultra\warewolf\Dev\Warewolf.ResourceManagement\bin\Debug\net8.0\Warewolf.ResourceManagement.dll [C:\Users\ultra\warewolf\Dev\Dev2.Studio\Dev2.Studio.csproj]
C:\Program Files\dotnet\sdk\10.0.201\Microsoft.Common.CurrentVersion.targets(2451,5): warning MSB3277:             C:\Users\ultra\warewolf\Dev\Warewolf.Studio.Core\bin\Debug\net8.0\Warewolf.Studio.Core.dll [C:\Users\ultra\warewolf\Dev\Dev2.Studio\Dev2.Studio.csproj]
C:\Program Files\dotnet\sdk\10.0.201\Microsoft.Common.CurrentVersion.targets(2451,5): warning MSB3277:             C:\Users\ultra\warewolf\Dev\Warewolf.Studio.Models\bin\Debug\net8.0\Warewolf.Studio.Models.dll [C:\Users\ultra\warewolf\Dev\Dev2.Studio\Dev2.Studio.csproj]
C:\Program Files\dotnet\sdk\10.0.201\Microsoft.Common.CurrentVersion.targets(2451,5): warning MSB3277:             C:\Users\ultra\warewolf\Dev\Warewolf.Studio.CustomControls\bin\Debug\net8.0\Warewolf.Studio.CustomControls.dll [C:\Users\ultra\warewolf\Dev\Dev2.Studio\Dev2.Studio.csproj]
C:\Program Files\dotnet\sdk\10.0.201\Microsoft.Common.CurrentVersion.targets(2451,5): warning MSB3277:             C:\Users\ultra\warewolf\Dev\Warewolf.Studio.ViewModels\bin\Debug\net8.0\Warewolf.Studio.ViewModels.dll [C:\Users\ultra\warewolf\Dev\Dev2.Studio\Dev2.Studio.csproj]
C:\Program Files\dotnet\sdk\10.0.201\Microsoft.Common.CurrentVersion.targets(2451,5): warning MSB3277:             C:\Users\ultra\warewolf\Dev\Warewolf.Trigger.Queue\bin\Debug\net8.0\Warewolf.Trigger.Queue.dll [C:\Users\ultra\warewolf\Dev\Dev2.Studio\Dev2.Studio.csproj]
C:\Program Files\dotnet\sdk\10.0.201\Microsoft.Common.CurrentVersion.targets(2451,5): warning MSB3277:             C:\Users\ultra\warewolf\Dev\Warewolf.UI\bin\Debug\net8.0\Warewolf.UI.dll [C:\Users\ultra\warewolf\Dev\Dev2.Studio\Dev2.Studio.csproj]
C:\Program Files\dotnet\sdk\10.0.201\Microsoft.Common.CurrentVersion.targets(2451,5): warning MSB3277:             C:\Users\ultra\warewolf\Dev\Dev2.Runtime.Services\bin\Debug\net8.0\Dev2.Runtime.Services.dll [C:\Users\ultra\warewolf\Dev\Dev2.Studio\Dev2.Studio.csproj]
C:\Program Files\dotnet\sdk\10.0.201\Microsoft.Common.CurrentVersion.targets(2451,5): warning MSB3277:             C:\Users\ultra\warewolf\Dev\Warewolf.Auditing\bin\Debug\net8.0\Warewolf.Auditing.dll [C:\Users\ultra\warewolf\Dev\Dev2.Studio\Dev2.Studio.csproj]
C:\Program Files\dotnet\sdk\10.0.201\Microsoft.Common.CurrentVersion.targets(2451,5): warning MSB3277:             C:\Users\ultra\warewolf\Dev\Warewolf.Common.NetStandard20\bin\Debug\net8.0\Warewolf.Common.NetStandard20.dll [C:\Users\ultra\warewolf\Dev\Dev2.Studio\Dev2.Studio.csproj]
C:\Program Files\dotnet\sdk\10.0.201\Microsoft.Common.CurrentVersion.targets(2451,5): warning MSB3277:             C:\Users\ultra\warewolf\Dev\Warewolf.Driver.Persistence\bin\Debug\net8.0\Warewolf.Driver.Persistence.dll [C:\Users\ultra\warewolf\Dev\Dev2.Studio\Dev2.Studio.csproj]
C:\Program Files\dotnet\sdk\10.0.201\Microsoft.Common.CurrentVersion.targets(2451,5): warning MSB3277:             C:\Users\ultra\warewolf\Dev\Warewolf.Exchange.Email.Wrapper\bin\Debug\net8.0\Warewolf.Exchange.Email.Wrapper.dll [C:\Users\ultra\warewolf\Dev\Dev2.Studio\Dev2.Studio.csproj]
C:\Program Files\dotnet\sdk\10.0.201\Microsoft.Common.CurrentVersion.targets(2451,5): warning MSB3277:             InfragisticsWPF4.DataVisualization.v15.1, Version=15.1.20151.2055, Culture=neutral, PublicKeyToken=7dd5c3163f2cd0cb, processorArchitecture=MSIL [C:\Users\ultra\warewolf\Dev\Dev2.Studio\Dev2.Studio.csproj]
C:\Program Files\dotnet\sdk\10.0.201\Microsoft.Common.CurrentVersion.targets(2451,5): warning MSB3277:             InfragisticsWPF4.Controls.Maps.XamNetworkNode.v15.1, Version=15.1.20151.2055, Culture=neutral, PublicKeyToken=7dd5c3163f2cd0cb, processorArchitecture=MSIL [C:\Users\ultra\warewolf\Dev\Dev2.Studio\Dev2.Studio.csproj]
C:\Program Files\dotnet\sdk\10.0.201\Microsoft.Common.CurrentVersion.targets(2451,5): warning MSB3277:             InfragisticsWPF4.DockManager.v15.1, Version=15.1.20151.2055, Culture=neutral, PublicKeyToken=7dd5c3163f2cd0cb, processorArchitecture=MSIL [C:\Users\ultra\warewolf\Dev\Dev2.Studio\Dev2.Studio.csproj]
C:\Program Files\dotnet\sdk\10.0.201\Microsoft.Common.CurrentVersion.targets(2451,5): warning MSB3277:             InfragisticsWPF4.Math.Calculators.v15.1, Version=15.1.20151.2055, Culture=neutral, PublicKeyToken=7dd5c3163f2cd0cb, processorArchitecture=MSIL [C:\Users\ultra\warewolf\Dev\Dev2.Studio\Dev2.Studio.csproj]
C:\Program Files\dotnet\sdk\10.0.201\Microsoft.Common.CurrentVersion.targets(2451,5): warning MSB3277:             InfragisticsWPF4.v15.1, Version=15.1.20151.2055, Culture=neutral, PublicKeyToken=7dd5c3163f2cd0cb, processorArchitecture=MSIL [C:\Users\ultra\warewolf\Dev\Dev2.Studio\Dev2.Studio.csproj]
C:\Program Files\dotnet\sdk\10.0.201\Microsoft.Common.CurrentVersion.targets(2451,5): warning MSB3277:             InfragisticsWPF4.Controls.Editors.XamComboEditor.v15.1, Version=15.1.20151.2055, Culture=neutral, processorArchitecture=MSIL [C:\Users\ultra\warewolf\Dev\Dev2.Studio\Dev2.Studio.csproj]
C:\Program Files\dotnet\sdk\10.0.201\Microsoft.Common.CurrentVersion.targets(2451,5): warning MSB3277:             InfragisticsWPF4.Controls.Grids.XamGrid.v15.1, Version=15.1.20151.2055, Culture=neutral, PublicKeyToken=7dd5c3163f2cd0cb, processorArchitecture=MSIL [C:\Users\ultra\warewolf\Dev\Dev2.Studio\Dev2.Studio.csproj]
C:\Program Files\dotnet\sdk\10.0.201\Microsoft.Common.CurrentVersion.targets(2451,5): warning MSB3277:             CalculationManager.WPF [C:\Users\ultra\warewolf\Dev\Dev2.Studio\Dev2.Studio.csproj]
C:\Program Files\dotnet\sdk\10.0.201\Microsoft.Common.CurrentVersion.targets(2451,5): warning MSB3277:             InfragisticsWPF4.Controls.Interactions.XamDialogWindow.v15.1, Version=15.1.20151.2055, Culture=neutral, PublicKeyToken=7dd5c3163f2cd0cb, processorArchitecture=MSIL [C:\Users\ultra\warewolf\Dev\Dev2.Studio\Dev2.Studio.csproj]
C:\Program Files\dotnet\sdk\10.0.201\Microsoft.Common.CurrentVersion.targets(2451,5): warning MSB3277:             InfragisticsWPF4.Controls.Menus.XamDataTree.v15.1, Version=15.1.20151.2055, Culture=neutral, processorArchitecture=MSIL [C:\Users\ultra\warewolf\Dev\Dev2.Studio\Dev2.Studio.csproj]
C:\Program Files\dotnet\sdk\10.0.201\Microsoft.Common.CurrentVersion.targets(2451,5): warning MSB3277:             InfragisticsWPF4.Controls.Menus.XamMenu.v15.1, Version=15.1.20151.2055, Culture=neutral, processorArchitecture=MSIL [C:\Users\ultra\warewolf\Dev\Dev2.Studio\Dev2.Studio.csproj]
C:\Program Files\dotnet\sdk\10.0.201\Microsoft.Common.CurrentVersion.targets(2451,5): warning MSB3277:             InfragisticsWPF4.DataManager.v15.1, Version=15.1.20151.2055, Culture=neutral, processorArchitecture=MSIL [C:\Users\ultra\warewolf\Dev\Dev2.Studio\Dev2.Studio.csproj]
C:\Program Files\dotnet\sdk\10.0.201\Microsoft.Common.CurrentVersion.targets(2451,5): warning MSB3277:             InfragisticsWPF4.Math.v15.1, Version=15.1.20151.2055, Culture=neutral, PublicKeyToken=7dd5c3163f2cd0cb, processorArchitecture=MSIL [C:\Users\ultra\warewolf\Dev\Dev2.Studio\Dev2.Studio.csproj]
C:\Program Files\dotnet\sdk\10.0.201\Microsoft.Common.CurrentVersion.targets(2451,5): warning MSB3277:             C:\Users\ultra\.nuget\packages\dotnetzip\1.16.0\lib\netstandard2.0\DotNetZip.dll [C:\Users\ultra\warewolf\Dev\Dev2.Studio\Dev2.Studio.csproj]
C:\Program Files\dotnet\sdk\10.0.201\Microsoft.Common.CurrentVersion.targets(2451,5): warning MSB3277:             C:\Users\ultra\warewolf\Dev\Dev2.Data.Interfaces\bin\Debug\net8.0\Dev2.Data.Interfaces.dll [C:\Users\ultra\warewolf\Dev\Dev2.Studio\Dev2.Studio.csproj]
C:\Program Files\dotnet\sdk\10.0.201\Microsoft.Common.CurrentVersion.targets(2451,5): warning MSB3277:             C:\Users\ultra\warewolf\Dev\Dev2.Diagnostics\bin\Debug\net8.0\Dev2.Diagnostics.dll [C:\Users\ultra\warewolf\Dev\Dev2.Studio\Dev2.Studio.csproj]
C:\Program Files\dotnet\sdk\10.0.201\Microsoft.Common.CurrentVersion.targets(2451,5): warning MSB3277:             C:\Users\ultra\warewolf\Dev\Dev2.Infrastructure\bin\Debug\net8.0\Dev2.Infrastructure.dll [C:\Users\ultra\warewolf\Dev\Dev2.Studio\Dev2.Studio.csproj]
C:\Program Files\dotnet\sdk\10.0.201\Microsoft.Common.CurrentVersion.targets(2451,5): warning MSB3277:             C:\Users\ultra\warewolf\Dev\Dev2.Common\bin\Debug\net8.0\Dev2.Common.dll [C:\Users\ultra\warewolf\Dev\Dev2.Studio\Dev2.Studio.csproj]
C:\Program Files\dotnet\sdk\10.0.201\Microsoft.Common.CurrentVersion.targets(2451,5): warning MSB3277:             C:\Users\ultra\warewolf\Dev\Dev2.TaskScheduler.Wrappers\bin\Debug\net8.0\Dev2.TaskScheduler.Wrappers.dll [C:\Users\ultra\warewolf\Dev\Dev2.Studio\Dev2.Studio.csproj]
C:\Program Files\dotnet\sdk\10.0.201\Microsoft.Common.CurrentVersion.targets(2451,5): warning MSB3277:             C:\Users\ultra\warewolf\Dev\Dev2.Util\bin\Debug\net8.0\Dev2.Util.dll [C:\Users\ultra\warewolf\Dev\Dev2.Studio\Dev2.Studio.csproj]
C:\Program Files\dotnet\sdk\10.0.201\Microsoft.Common.CurrentVersion.targets(2451,5): warning MSB3277:             C:\Users\ultra\warewolf\Dev\Warewolf.Sharepoint\bin\Debug\net8.0\Warewolf.Sharepoint.dll [C:\Users\ultra\warewolf\Dev\Dev2.Studio\Dev2.Studio.csproj]
C:\Program Files\dotnet\sdk\10.0.201\Microsoft.Common.CurrentVersion.targets(2451,5): warning MSB3277:             C:\Users\ultra\warewolf\Dev\Warewolf.Storage\bin\Debug\net8.0\Warewolf.Storage.dll [C:\Users\ultra\warewolf\Dev\Dev2.Studio\Dev2.Studio.csproj]
C:\Program Files\dotnet\sdk\10.0.201\Microsoft.Common.CurrentVersion.targets(2451,5): warning MSB3277:             C:\Users\ultra\warewolf\Dev\Dev2.Development.Languages\bin\Debug\net8.0\Dev2.Development.Languages.dll [C:\Users\ultra\warewolf\Dev\Dev2.Studio\Dev2.Studio.csproj]
C:\Program Files\dotnet\sdk\10.0.201\Microsoft.Common.CurrentVersion.targets(2451,5): warning MSB3277:             C:\Users\ultra\warewolf\Dev\Dev2.Services.Sql\bin\Debug\net8.0\Dev2.Services.Sql.dll [C:\Users\ultra\warewolf\Dev\Dev2.Studio\Dev2.Studio.csproj]
C:\Program Files\dotnet\sdk\10.0.201\Microsoft.Common.CurrentVersion.targets(2451,5): warning MSB3277:             C:\Users\ultra\warewolf\Dev\Warewolf.AI.Harness\bin\Debug\net8.0\Warewolf.AI.Harness.dll [C:\Users\ultra\warewolf\Dev\Dev2.Studio\Dev2.Studio.csproj]
C:\Program Files\dotnet\sdk\10.0.201\Microsoft.Common.CurrentVersion.targets(2451,5): warning MSB3277:             C:\Users\ultra\warewolf\Dev\Warewolf.Driver.Serilog\bin\Debug\net8.0\Warewolf.Driver.Serilog.dll [C:\Users\ultra\warewolf\Dev\Dev2.Studio\Dev2.Studio.csproj]
C:\Program Files\dotnet\sdk\10.0.201\Microsoft.Common.CurrentVersion.targets(2451,5): warning MSB3277:             C:\Users\ultra\.nuget\packages\mindbox.data.linq\5.0.0\lib\netstandard2.0\Mindbox.Data.Linq.dll [C:\Users\ultra\warewolf\Dev\Dev2.Studio\Dev2.Studio.csproj]
C:\Program Files\dotnet\sdk\10.0.201\Microsoft.Common.CurrentVersion.targets(2451,5): warning MSB3277:             C:\Users\ultra\.nuget\packages\mysql.data\8.4.0\lib\net8.0\MySql.Data.dll [C:\Users\ultra\warewolf\Dev\Dev2.Studio\Dev2.Studio.csproj]
C:\Program Files\dotnet\sdk\10.0.201\Microsoft.Common.CurrentVersion.targets(2451,5): warning MSB3277:             C:\Users\ultra\.nuget\packages\oracle.manageddataaccess.core\3.21.70\lib\netstandard2.1\Oracle.ManagedDataAccess.dll [C:\Users\ultra\warewolf\Dev\Dev2.Studio\Dev2.Studio.csproj]
C:\Program Files\dotnet\sdk\10.0.201\Microsoft.Common.CurrentVersion.targets(2451,5): warning MSB3277:             C:\Users\ultra\.nuget\packages\system.directoryservices\6.0.0\lib\net6.0\System.DirectoryServices.dll [C:\Users\ultra\warewolf\Dev\Dev2.Studio\Dev2.Studio.csproj]
C:\Program Files\dotnet\sdk\10.0.201\Microsoft.Common.CurrentVersion.targets(2451,5): warning MSB3277:             C:\Users\ultra\.nuget\packages\corewcf.primitives\1.2.1\lib\netstandard2.0\CoreWCF.Primitives.dll [C:\Users\ultra\warewolf\Dev\Dev2.Studio\Dev2.Studio.csproj]
C:\Program Files\dotnet\sdk\10.0.201\Microsoft.Common.CurrentVersion.targets(2451,5): warning MSB3277:             C:\Users\ultra\.nuget\packages\corewcf.http\1.2.1\lib\netstandard2.0\CoreWCF.Http.dll [C:\Users\ultra\warewolf\Dev\Dev2.Studio\Dev2.Studio.csproj]
C:\Program Files\dotnet\sdk\10.0.201\Microsoft.Common.CurrentVersion.targets(2451,5): warning MSB3277:             C:\Users\ultra\.nuget\packages\corewcf.nettcp\1.2.1\lib\netstandard2.0\CoreWCF.NetTcp.dll [C:\Users\ultra\warewolf\Dev\Dev2.Studio\Dev2.Studio.csproj]
C:\Program Files\dotnet\sdk\10.0.201\Microsoft.Common.CurrentVersion.targets(2451,5): warning MSB3277:             C:\Users\ultra\.nuget\packages\corewcf.webhttp\1.2.1\lib\netstandard2.0\CoreWCF.WebHttp.dll [C:\Users\ultra\warewolf\Dev\Dev2.Studio\Dev2.Studio.csproj]
C:\Program Files\dotnet\sdk\10.0.201\Microsoft.Common.CurrentVersion.targets(2451,5): warning MSB3277:             C:\Program Files\dotnet\packs\Microsoft.NETCore.App.Ref\8.0.25\ref/net8.0/System.Configuration.dll [C:\Users\ultra\warewolf\Dev\Dev2.Studio\Dev2.Studio.csproj]
C:\Program Files\dotnet\sdk\10.0.201\Microsoft.Common.CurrentVersion.targets(2451,5): warning MSB3277:             C:\Users\ultra\.nuget\packages\prism.composition\5.0.0\lib\NET45\Microsoft.Practices.Prism.Composition.dll [C:\Users\ultra\warewolf\Dev\Dev2.Studio\Dev2.Studio.csproj]
C:\Program Files\dotnet\sdk\10.0.201\Microsoft.Common.CurrentVersion.targets(2451,5): warning MSB3277:             C:\Users\ultra\.nuget\packages\prism.unityextensions\5.0.1\lib\NET45\Microsoft.Practices.Prism.UnityExtensions.dll [C:\Users\ultra\warewolf\Dev\Dev2.Studio\Dev2.Studio.csproj]
C:\Program Files\dotnet\sdk\10.0.201\Microsoft.Common.CurrentVersion.targets(2451,5): warning MSB3277:             C:\Users\ultra\.nuget\packages\prism.wpf\9.0.537\lib\net462\Prism.Wpf.dll [C:\Users\ultra\warewolf\Dev\Dev2.Studio\Dev2.Studio.csproj]
C:\Program Files\dotnet\sdk\10.0.201\Microsoft.Common.CurrentVersion.targets(2451,5): warning MSB3277:             C:\Program Files\dotnet\packs\Microsoft.NETCore.App.Ref\8.0.25\ref/net8.0/System.Data.dll [C:\Users\ultra\warewolf\Dev\Dev2.Studio\Dev2.Studio.csproj]
C:\Program Files\dotnet\sdk\10.0.201\Microsoft.Common.CurrentVersion.targets(2451,5): warning MSB3277:             C:\Users\ultra\.nuget\packages\taskschedulereditor\2.10.1\lib\net452\Microsoft.Win32.TaskSchedulerEditor.dll [C:\Users\ultra\warewolf\Dev\Dev2.Studio\Dev2.Studio.csproj]
C:\Program Files\dotnet\sdk\10.0.201\Microsoft.Common.CurrentVersion.targets(2451,5): warning MSB3277:             C:\Program Files\dotnet\packs\Microsoft.NETCore.App.Ref\8.0.25\ref/net8.0/System.Drawing.dll [C:\Users\ultra\warewolf\Dev\Dev2.Studio\Dev2.Studio.csproj]
C:\Program Files\dotnet\sdk\10.0.201\Microsoft.Common.CurrentVersion.targets(2451,5): warning MSB3277:             C:\Users\ultra\.nuget\packages\aerowizard\2.3.1\lib\net45\AeroWizard.dll [C:\Users\ultra\warewolf\Dev\Dev2.Studio\Dev2.Studio.csproj]
C:\Program Files\dotnet\sdk\10.0.201\Microsoft.Common.CurrentVersion.targets(2451,5): warning MSB3277:             C:\Users\ultra\.nuget\packages\avalonedit\6.3.0.90\lib\net462\ICSharpCode.AvalonEdit.dll [C:\Users\ultra\warewolf\Dev\Dev2.Studio\Dev2.Studio.csproj]
C:\Program Files\dotnet\sdk\10.0.201\Microsoft.Common.CurrentVersion.targets(2451,5): warning MSB3277:             C:\Users\ultra\.nuget\packages\groupcontrols\1.9.0\lib\net45\GroupControls.dll [C:\Users\ultra\warewolf\Dev\Dev2.Studio\Dev2.Studio.csproj]
C:\Program Files\dotnet\sdk\10.0.201\Microsoft.Common.CurrentVersion.targets(2451,5): warning MSB3277:             C:\Program Files\dotnet\packs\Microsoft.NETCore.App.Ref\8.0.25\ref/net8.0/System.Net.dll [C:\Users\ultra\warewolf\Dev\Dev2.Studio\Dev2.Studio.csproj]
C:\Program Files\dotnet\sdk\10.0.201\Microsoft.Common.CurrentVersion.targets(2451,5): warning MSB3277:             C:\Program Files\dotnet\packs\Microsoft.NETCore.App.Ref\8.0.25\ref/net8.0/System.Security.dll [C:\Users\ultra\warewolf\Dev\Dev2.Studio\Dev2.Studio.csproj]
C:\Program Files\dotnet\sdk\10.0.201\Microsoft.Common.CurrentVersion.targets(2451,5): warning MSB3277:             C:\Program Files\dotnet\packs\Microsoft.NETCore.App.Ref\8.0.25\ref/net8.0/System.ServiceProcess.dll [C:\Users\ultra\warewolf\Dev\Dev2.Studio\Dev2.Studio.csproj]
C:\Program Files\dotnet\sdk\10.0.201\Microsoft.Common.CurrentVersion.targets(2451,5): warning MSB3277:             C:\Program Files\dotnet\packs\Microsoft.NETCore.App.Ref\8.0.25\ref/net8.0/System.Transactions.dll [C:\Users\ultra\warewolf\Dev\Dev2.Studio\Dev2.Studio.csproj]
C:\Program Files\dotnet\sdk\10.0.201\Microsoft.Common.CurrentVersion.targets(2451,5): warning MSB3277:             C:\Program Files\dotnet\packs\Microsoft.NETCore.App.Ref\8.0.25\ref/net8.0/System.dll [C:\Users\ultra\warewolf\Dev\Dev2.Studio\Dev2.Studio.csproj]
C:\Program Files\dotnet\sdk\10.0.201\Microsoft.Common.CurrentVersion.targets(2451,5): warning MSB3277:             C:\Users\ultra\.nuget\packages\fontawesome.wpf\4.7.0.9\lib\net40\FontAwesome.WPF.dll [C:\Users\ultra\warewolf\Dev\Dev2.Studio\Dev2.Studio.csproj]
C:\Program Files\dotnet\sdk\10.0.201\Microsoft.Common.CurrentVersion.targets(2451,5): warning MSB3277:             C:\Users\ultra\.nuget\packages\log4net.async\2.0.4\lib\net40\Log4Net.Async.dll [C:\Users\ultra\warewolf\Dev\Dev2.Studio\Dev2.Studio.csproj]
C:\Program Files\dotnet\sdk\10.0.201\Microsoft.Common.CurrentVersion.targets(2451,5): warning MSB3277:             C:\Users\ultra\.nuget\packages\microsoft.xaml.behaviors.wpf\1.1.122\lib\net462\Microsoft.Xaml.Behaviors.dll [C:\Users\ultra\warewolf\Dev\Dev2.Studio\Dev2.Studio.csproj]
C:\Program Files\dotnet\sdk\10.0.201\Microsoft.Common.CurrentVersion.targets(2451,5): warning MSB3277:             C:\Users\ultra\.nuget\packages\caliburn.micro\4.0.212\lib\netcoreapp3.1\Caliburn.Micro.Platform.dll [C:\Users\ultra\warewolf\Dev\Dev2.Studio\Dev2.Studio.csproj]
C:\Program Files\dotnet\sdk\10.0.201\Microsoft.Common.CurrentVersion.targets(2451,5): warning MSB3277:             C:\Users\ultra\.nuget\packages\prism.interactivity\5.0.0\lib\NET45\Microsoft.Practices.Prism.Interactivity.dll [C:\Users\ultra\warewolf\Dev\Dev2.Studio\Dev2.Studio.csproj]
C:\Program Files\dotnet\sdk\10.0.201\Microsoft.Common.CurrentVersion.targets(2451,5): warning MSB3277:             C:\Users\ultra\.nuget\packages\prism.mvvm\1.0.0\lib\net45\Microsoft.Practices.Prism.Mvvm.Desktop.dll [C:\Users\ultra\warewolf\Dev\Dev2.Studio\Dev2.Studio.csproj]
C:\Program Files\dotnet\sdk\10.0.201\Microsoft.Common.CurrentVersion.targets(2451,5): warning MSB3277:             C:\Users\ultra\.nuget\packages\reactiveui.wpf\18.4.1\lib\net462\ReactiveUI.Wpf.dll [C:\Users\ultra\warewolf\Dev\Dev2.Studio\Dev2.Studio.csproj]
C:\Program Files\dotnet\sdk\10.0.201\Microsoft.Common.CurrentVersion.targets(2451,5): warning MSB3277:             C:\Users\ultra\.nuget\packages\ttcue.netcore.sharepointonline.csom.16.1.8029.1200\16.1.8029.1200\lib\netcoreapp2.0\Microsoft.SharePoint.Client.Runtime.Windows.dll [C:\Users\ultra\warewolf\Dev\Dev2.Studio\Dev2.Studio.csproj]
C:\Program Files\dotnet\sdk\10.0.201\Microsoft.Common.CurrentVersion.targets(2451,5): warning MSB3277:             C:\Program Files\dotnet\packs\Microsoft.NETCore.App.Ref\8.0.25\ref/net8.0/WindowsBase.dll [C:\Users\ultra\warewolf\Dev\Dev2.Studio\Dev2.Studio.csproj]
C:\Program Files\dotnet\sdk\10.0.201\Microsoft.Common.CurrentVersion.targets(2451,5): warning MSB3277:             C:\Program Files\dotnet\packs\Microsoft.NETCore.App.Ref\8.0.25\ref/net8.0/mscorlib.dll [C:\Users\ultra\warewolf\Dev\Dev2.Studio\Dev2.Studio.csproj]
C:\Program Files\dotnet\sdk\10.0.201\Microsoft.Common.CurrentVersion.targets(2451,5): warning MSB3277:             C:\Users\ultra\.nuget\packages\hangfire.core\1.7.32\lib\netstandard2.0\Hangfire.Core.dll [C:\Users\ultra\warewolf\Dev\Dev2.Studio\Dev2.Studio.csproj]
C:\Program Files\dotnet\sdk\10.0.201\Microsoft.Common.CurrentVersion.targets(2451,5): warning MSB3277:             C:\Users\ultra\.nuget\packages\hangfire.sqlserver\1.7.32\lib\netstandard2.0\Hangfire.SqlServer.dll [C:\Users\ultra\warewolf\Dev\Dev2.Studio\Dev2.Studio.csproj]
C:\Program Files\dotnet\sdk\10.0.201\Microsoft.Common.CurrentVersion.targets(2451,5): warning MSB3277:             C:\Users\ultra\.nuget\packages\unofficial.microsoft.mshtml\7.0.3300\lib\net40\Microsoft.mshtml.dll [C:\Users\ultra\warewolf\Dev\Dev2.Studio\Dev2.Studio.csproj]
C:\Program Files\dotnet\sdk\10.0.201\Microsoft.Common.CurrentVersion.targets(2451,5): warning MSB3277:         C:\Program Files\dotnet\packs\Microsoft.NETCore.App.Ref\8.0.25\ref\net8.0\System.Drawing.dll [C:\Users\ultra\warewolf\Dev\Dev2.Studio\Dev2.Studio.csproj]
C:\Program Files\dotnet\sdk\10.0.201\Microsoft.Common.CurrentVersion.targets(2451,5): warning MSB3277:           Project file item includes which caused reference "C:\Program Files\dotnet\packs\Microsoft.NETCore.App.Ref\8.0.25\ref\net8.0\System.Drawing.dll". [C:\Users\ultra\warewolf\Dev\Dev2.Studio\Dev2.Studio.csproj]
C:\Program Files\dotnet\sdk\10.0.201\Microsoft.Common.CurrentVersion.targets(2451,5): warning MSB3277:             C:\Program Files\dotnet\packs\Microsoft.NETCore.App.Ref\8.0.25\ref/net8.0/System.Drawing.dll [C:\Users\ultra\warewolf\Dev\Dev2.Studio\Dev2.Studio.csproj]
C:\Program Files\dotnet\sdk\10.0.201\Microsoft.Common.CurrentVersion.targets(2451,5): warning MSB3277:             C:\Users\ultra\.nuget\packages\aerowizard\2.3.1\lib\net45\AeroWizard.dll [C:\Users\ultra\warewolf\Dev\Dev2.Studio\Dev2.Studio.csproj]
C:\Program Files\dotnet\sdk\10.0.201\Microsoft.Common.CurrentVersion.targets(2451,5): warning MSB3277:             C:\Users\ultra\.nuget\packages\avalonedit\6.3.0.90\lib\net462\ICSharpCode.AvalonEdit.dll [C:\Users\ultra\warewolf\Dev\Dev2.Studio\Dev2.Studio.csproj]
C:\Program Files\dotnet\sdk\10.0.201\Microsoft.Common.CurrentVersion.targets(2451,5): warning MSB3277:             C:\Users\ultra\.nuget\packages\groupcontrols\1.9.0\lib\net45\GroupControls.dll [C:\Users\ultra\warewolf\Dev\Dev2.Studio\Dev2.Studio.csproj]
C:\Program Files\dotnet\sdk\10.0.201\Microsoft.Common.CurrentVersion.targets(2451,5): warning MSB3277:             C:\Users\ultra\.nuget\packages\taskschedulereditor\2.10.1\lib\net452\Microsoft.Win32.TaskSchedulerEditor.dll [C:\Users\ultra\warewolf\Dev\Dev2.Studio\Dev2.Studio.csproj]
C:\Program Files\dotnet\sdk\10.0.201\Microsoft.Common.CurrentVersion.targets(2451,5): warning MSB3277: Found conflicts between different versions of "Microsoft.Win32.SystemEvents" that could not be resolved. [C:\Users\ultra\warewolf\Dev\Dev2.Studio\Dev2.Studio.csproj]
C:\Program Files\dotnet\sdk\10.0.201\Microsoft.Common.CurrentVersion.targets(2451,5): warning MSB3277: There was a conflict between "Microsoft.Win32.SystemEvents, Version=6.0.0.0, Culture=neutral, PublicKeyToken=cc7b13ffcd2ddd51" and "Microsoft.Win32.SystemEvents, Version=7.0.0.0, Culture=neutral, PublicKeyToken=cc7b13ffcd2ddd51". [C:\Users\ultra\warewolf\Dev\Dev2.Studio\Dev2.Studio.csproj]
C:\Program Files\dotnet\sdk\10.0.201\Microsoft.Common.CurrentVersion.targets(2451,5): warning MSB3277:     "Microsoft.Win32.SystemEvents, Version=6.0.0.0, Culture=neutral, PublicKeyToken=cc7b13ffcd2ddd51" was chosen because it was primary and "Microsoft.Win32.SystemEvents, Version=7.0.0.0, Culture=neutral, PublicKeyToken=cc7b13ffcd2ddd51" was not. [C:\Users\ultra\warewolf\Dev\Dev2.Studio\Dev2.Studio.csproj]
C:\Program Files\dotnet\sdk\10.0.201\Microsoft.Common.CurrentVersion.targets(2451,5): warning MSB3277:     References which depend on "Microsoft.Win32.SystemEvents, Version=6.0.0.0, Culture=neutral, PublicKeyToken=cc7b13ffcd2ddd51" [C:\Users\ultra\.nuget\packages\microsoft.win32.systemevents\6.0.0\lib\net6.0\Microsoft.Win32.SystemEvents.dll]. [C:\Users\ultra\warewolf\Dev\Dev2.Studio\Dev2.Studio.csproj]
C:\Program Files\dotnet\sdk\10.0.201\Microsoft.Common.CurrentVersion.targets(2451,5): warning MSB3277:         C:\Users\ultra\.nuget\packages\microsoft.win32.systemevents\6.0.0\lib\net6.0\Microsoft.Win32.SystemEvents.dll [C:\Users\ultra\warewolf\Dev\Dev2.Studio\Dev2.Studio.csproj]
C:\Program Files\dotnet\sdk\10.0.201\Microsoft.Common.CurrentVersion.targets(2451,5): warning MSB3277:           Project file item includes which caused reference "C:\Users\ultra\.nuget\packages\microsoft.win32.systemevents\6.0.0\lib\net6.0\Microsoft.Win32.SystemEvents.dll". [C:\Users\ultra\warewolf\Dev\Dev2.Studio\Dev2.Studio.csproj]
C:\Program Files\dotnet\sdk\10.0.201\Microsoft.Common.CurrentVersion.targets(2451,5): warning MSB3277:             C:\Users\ultra\.nuget\packages\microsoft.win32.systemevents\6.0.0\lib\net6.0\Microsoft.Win32.SystemEvents.dll [C:\Users\ultra\warewolf\Dev\Dev2.Studio\Dev2.Studio.csproj]
C:\Program Files\dotnet\sdk\10.0.201\Microsoft.Common.CurrentVersion.targets(2451,5): warning MSB3277:     References which depend on or have been unified to "Microsoft.Win32.SystemEvents, Version=7.0.0.0, Culture=neutral, PublicKeyToken=cc7b13ffcd2ddd51" []. [C:\Users\ultra\warewolf\Dev\Dev2.Studio\Dev2.Studio.csproj]
C:\Program Files\dotnet\sdk\10.0.201\Microsoft.Common.CurrentVersion.targets(2451,5): warning MSB3277:         C:\Users\ultra\warewolf\Dev\Dev2.Common\bin\Debug\net8.0\Dev2.Common.dll [C:\Users\ultra\warewolf\Dev\Dev2.Studio\Dev2.Studio.csproj]
C:\Program Files\dotnet\sdk\10.0.201\Microsoft.Common.CurrentVersion.targets(2451,5): warning MSB3277:           Project file item includes which caused reference "C:\Users\ultra\warewolf\Dev\Dev2.Common\bin\Debug\net8.0\Dev2.Common.dll". [C:\Users\ultra\warewolf\Dev\Dev2.Studio\Dev2.Studio.csproj]
C:\Program Files\dotnet\sdk\10.0.201\Microsoft.Common.CurrentVersion.targets(2451,5): warning MSB3277:             C:\Users\ultra\warewolf\Dev\Dev2.Common\bin\Debug\net8.0\Dev2.Common.dll [C:\Users\ultra\warewolf\Dev\Dev2.Studio\Dev2.Studio.csproj]
C:\Program Files\dotnet\sdk\10.0.201\Microsoft.Common.CurrentVersion.targets(2451,5): warning MSB3277:             C:\Users\ultra\warewolf\Dev\Dev2.Activities\bin\Debug\net8.0\Dev2.Activities.dll [C:\Users\ultra\warewolf\Dev\Dev2.Studio\Dev2.Studio.csproj]
C:\Program Files\dotnet\sdk\10.0.201\Microsoft.Common.CurrentVersion.targets(2451,5): warning MSB3277:             C:\Users\ultra\warewolf\Dev\Dev2.Core\bin\Debug\net8.0\Dev2.Core.dll [C:\Users\ultra\warewolf\Dev\Dev2.Studio\Dev2.Studio.csproj]
C:\Program Files\dotnet\sdk\10.0.201\Microsoft.Common.CurrentVersion.targets(2451,5): warning MSB3277:             C:\Users\ultra\warewolf\Dev\Dev2.Data\bin\Debug\net8.0\Dev2.Data.dll [C:\Users\ultra\warewolf\Dev\Dev2.Studio\Dev2.Studio.csproj]
C:\Program Files\dotnet\sdk\10.0.201\Microsoft.Common.CurrentVersion.targets(2451,5): warning MSB3277:             C:\Users\ultra\warewolf\Dev\Dev2.Diagnostics\bin\Debug\net8.0\Dev2.Diagnostics.dll [C:\Users\ultra\warewolf\Dev\Dev2.Studio\Dev2.Studio.csproj]
C:\Program Files\dotnet\sdk\10.0.201\Microsoft.Common.CurrentVersion.targets(2451,5): warning MSB3277:             C:\Users\ultra\warewolf\Dev\Dev2.Infrastructure\bin\Debug\net8.0\Dev2.Infrastructure.dll [C:\Users\ultra\warewolf\Dev\Dev2.Studio\Dev2.Studio.csproj]
C:\Program Files\dotnet\sdk\10.0.201\Microsoft.Common.CurrentVersion.targets(2451,5): warning MSB3277:             C:\Users\ultra\warewolf\Dev\Dev2.Intellisense\bin\Debug\net8.0\Dev2.Intellisense.dll [C:\Users\ultra\warewolf\Dev\Dev2.Studio\Dev2.Studio.csproj]
C:\Program Files\dotnet\sdk\10.0.201\Microsoft.Common.CurrentVersion.targets(2451,5): warning MSB3277:             C:\Users\ultra\warewolf\Dev\Dev2.Scheduler\bin\Debug\net8.0\Dev2.Scheduler.dll [C:\Users\ultra\warewolf\Dev\Dev2.Studio\Dev2.Studio.csproj]
C:\Program Files\dotnet\sdk\10.0.201\Microsoft.Common.CurrentVersion.targets(2451,5): warning MSB3277:             C:\Users\ultra\warewolf\Dev\Dev2.Services.Execution\bin\Debug\net8.0\Dev2.Services.Execution.dll [C:\Users\ultra\warewolf\Dev\Dev2.Studio\Dev2.Studio.csproj]
C:\Program Files\dotnet\sdk\10.0.201\Microsoft.Common.CurrentVersion.targets(2451,5): warning MSB3277:             C:\Users\ultra\warewolf\Dev\Dev2.Studio.Core\bin\Debug\net8.0\Dev2.Studio.Core.dll [C:\Users\ultra\warewolf\Dev\Dev2.Studio\Dev2.Studio.csproj]
C:\Program Files\dotnet\sdk\10.0.201\Microsoft.Common.CurrentVersion.targets(2451,5): warning MSB3277:             C:\Users\ultra\warewolf\Dev\Dev2.Studio.Interfaces\bin\Debug\net8.0\Dev2.Studio.Interfaces.dll [C:\Users\ultra\warewolf\Dev\Dev2.Studio\Dev2.Studio.csproj]
C:\Program Files\dotnet\sdk\10.0.201\Microsoft.Common.CurrentVersion.targets(2451,5): warning MSB3277:             C:\Users\ultra\warewolf\Dev\Dev2.TaskScheduler.Wrappers\bin\Debug\net8.0\Dev2.TaskScheduler.Wrappers.dll [C:\Users\ultra\warewolf\Dev\Dev2.Studio\Dev2.Studio.csproj]
C:\Program Files\dotnet\sdk\10.0.201\Microsoft.Common.CurrentVersion.targets(2451,5): warning MSB3277:             C:\Users\ultra\warewolf\Dev\Dev2.Util\bin\Debug\net8.0\Dev2.Util.dll [C:\Users\ultra\warewolf\Dev\Dev2.Studio\Dev2.Studio.csproj]
C:\Program Files\dotnet\sdk\10.0.201\Microsoft.Common.CurrentVersion.targets(2451,5): warning MSB3277:             C:\Users\ultra\warewolf\Dev\Warewolf.Core\bin\Debug\net8.0\Warewolf.Core.dll [C:\Users\ultra\warewolf\Dev\Dev2.Studio\Dev2.Studio.csproj]
C:\Program Files\dotnet\sdk\10.0.201\Microsoft.Common.CurrentVersion.targets(2451,5): warning MSB3277:             C:\Users\ultra\warewolf\Dev\Warewolf.ResourceManagement\bin\Debug\net8.0\Warewolf.ResourceManagement.dll [C:\Users\ultra\warewolf\Dev\Dev2.Studio\Dev2.Studio.csproj]
C:\Program Files\dotnet\sdk\10.0.201\Microsoft.Common.CurrentVersion.targets(2451,5): warning MSB3277:             C:\Users\ultra\warewolf\Dev\Warewolf.Sharepoint\bin\Debug\net8.0\Warewolf.Sharepoint.dll [C:\Users\ultra\warewolf\Dev\Dev2.Studio\Dev2.Studio.csproj]
C:\Program Files\dotnet\sdk\10.0.201\Microsoft.Common.CurrentVersion.targets(2451,5): warning MSB3277:             C:\Users\ultra\warewolf\Dev\Warewolf.Storage\bin\Debug\net8.0\Warewolf.Storage.dll [C:\Users\ultra\warewolf\Dev\Dev2.Studio\Dev2.Studio.csproj]
C:\Program Files\dotnet\sdk\10.0.201\Microsoft.Common.CurrentVersion.targets(2451,5): warning MSB3277:             C:\Users\ultra\warewolf\Dev\Warewolf.Studio.Core\bin\Debug\net8.0\Warewolf.Studio.Core.dll [C:\Users\ultra\warewolf\Dev\Dev2.Studio\Dev2.Studio.csproj]
C:\Program Files\dotnet\sdk\10.0.201\Microsoft.Common.CurrentVersion.targets(2451,5): warning MSB3277:             C:\Users\ultra\warewolf\Dev\Warewolf.Studio.Models\bin\Debug\net8.0\Warewolf.Studio.Models.dll [C:\Users\ultra\warewolf\Dev\Dev2.Studio\Dev2.Studio.csproj]
C:\Program Files\dotnet\sdk\10.0.201\Microsoft.Common.CurrentVersion.targets(2451,5): warning MSB3277:             C:\Users\ultra\warewolf\Dev\Warewolf.Studio.CustomControls\bin\Debug\net8.0\Warewolf.Studio.CustomControls.dll [C:\Users\ultra\warewolf\Dev\Dev2.Studio\Dev2.Studio.csproj]
C:\Program Files\dotnet\sdk\10.0.201\Microsoft.Common.CurrentVersion.targets(2451,5): warning MSB3277:             C:\Users\ultra\warewolf\Dev\Warewolf.Studio.ViewModels\bin\Debug\net8.0\Warewolf.Studio.ViewModels.dll [C:\Users\ultra\warewolf\Dev\Dev2.Studio\Dev2.Studio.csproj]
C:\Program Files\dotnet\sdk\10.0.201\Microsoft.Common.CurrentVersion.targets(2451,5): warning MSB3277:             C:\Users\ultra\warewolf\Dev\Warewolf.Trigger.Queue\bin\Debug\net8.0\Warewolf.Trigger.Queue.dll [C:\Users\ultra\warewolf\Dev\Dev2.Studio\Dev2.Studio.csproj]
C:\Program Files\dotnet\sdk\10.0.201\Microsoft.Common.CurrentVersion.targets(2451,5): warning MSB3277:             C:\Users\ultra\warewolf\Dev\Warewolf.UI\bin\Debug\net8.0\Warewolf.UI.dll [C:\Users\ultra\warewolf\Dev\Dev2.Studio\Dev2.Studio.csproj]
C:\Program Files\dotnet\sdk\10.0.201\Microsoft.Common.CurrentVersion.targets(2451,5): warning MSB3277:             C:\Users\ultra\warewolf\Dev\Dev2.Development.Languages\bin\Debug\net8.0\Dev2.Development.Languages.dll [C:\Users\ultra\warewolf\Dev\Dev2.Studio\Dev2.Studio.csproj]
C:\Program Files\dotnet\sdk\10.0.201\Microsoft.Common.CurrentVersion.targets(2451,5): warning MSB3277:             C:\Users\ultra\warewolf\Dev\Dev2.Runtime.Services\bin\Debug\net8.0\Dev2.Runtime.Services.dll [C:\Users\ultra\warewolf\Dev\Dev2.Studio\Dev2.Studio.csproj]
C:\Program Files\dotnet\sdk\10.0.201\Microsoft.Common.CurrentVersion.targets(2451,5): warning MSB3277:             C:\Users\ultra\warewolf\Dev\Dev2.Services.Sql\bin\Debug\net8.0\Dev2.Services.Sql.dll [C:\Users\ultra\warewolf\Dev\Dev2.Studio\Dev2.Studio.csproj]
C:\Program Files\dotnet\sdk\10.0.201\Microsoft.Common.CurrentVersion.targets(2451,5): warning MSB3277:             C:\Users\ultra\warewolf\Dev\Warewolf.AI.Harness\bin\Debug\net8.0\Warewolf.AI.Harness.dll [C:\Users\ultra\warewolf\Dev\Dev2.Studio\Dev2.Studio.csproj]
C:\Program Files\dotnet\sdk\10.0.201\Microsoft.Common.CurrentVersion.targets(2451,5): warning MSB3277:             C:\Users\ultra\warewolf\Dev\Warewolf.Auditing\bin\Debug\net8.0\Warewolf.Auditing.dll [C:\Users\ultra\warewolf\Dev\Dev2.Studio\Dev2.Studio.csproj]
C:\Program Files\dotnet\sdk\10.0.201\Microsoft.Common.CurrentVersion.targets(2451,5): warning MSB3277:             C:\Users\ultra\warewolf\Dev\Warewolf.Common.NetStandard20\bin\Debug\net8.0\Warewolf.Common.NetStandard20.dll [C:\Users\ultra\warewolf\Dev\Dev2.Studio\Dev2.Studio.csproj]
C:\Program Files\dotnet\sdk\10.0.201\Microsoft.Common.CurrentVersion.targets(2451,5): warning MSB3277:             C:\Users\ultra\warewolf\Dev\Warewolf.Driver.Persistence\bin\Debug\net8.0\Warewolf.Driver.Persistence.dll [C:\Users\ultra\warewolf\Dev\Dev2.Studio\Dev2.Studio.csproj]
C:\Program Files\dotnet\sdk\10.0.201\Microsoft.Common.CurrentVersion.targets(2451,5): warning MSB3277:             C:\Users\ultra\warewolf\Dev\Warewolf.Driver.Serilog\bin\Debug\net8.0\Warewolf.Driver.Serilog.dll [C:\Users\ultra\warewolf\Dev\Dev2.Studio\Dev2.Studio.csproj]
C:\Program Files\dotnet\sdk\10.0.201\Microsoft.Common.CurrentVersion.targets(2451,5): warning MSB3277:             C:\Users\ultra\warewolf\Dev\Warewolf.Exchange.Email.Wrapper\bin\Debug\net8.0\Warewolf.Exchange.Email.Wrapper.dll [C:\Users\ultra\warewolf\Dev\Dev2.Studio\Dev2.Studio.csproj]
C:\Program Files\dotnet\sdk\10.0.201\Microsoft.Common.CurrentVersion.targets(2451,5): warning MSB3277:         C:\Users\ultra\warewolf\Dev\Binaries\Infragistcs_Net6\InfragisticsWPF4.Editors.v15.1.dll [C:\Users\ultra\warewolf\Dev\Dev2.Studio\Dev2.Studio.csproj]
C:\Program Files\dotnet\sdk\10.0.201\Microsoft.Common.CurrentVersion.targets(2451,5): warning MSB3277:           Project file item includes which caused reference "C:\Users\ultra\warewolf\Dev\Binaries\Infragistcs_Net6\InfragisticsWPF4.Editors.v15.1.dll". [C:\Users\ultra\warewolf\Dev\Dev2.Studio\Dev2.Studio.csproj]
C:\Program Files\dotnet\sdk\10.0.201\Microsoft.Common.CurrentVersion.targets(2451,5): warning MSB3277:             InfragisticsWPF4.Editors.v15.1, Version=15.1.20151.2055, Culture=neutral, processorArchitecture=MSIL [C:\Users\ultra\warewolf\Dev\Dev2.Studio\Dev2.Studio.csproj]
C:\Program Files\dotnet\sdk\10.0.201\Microsoft.Common.CurrentVersion.targets(2451,5): warning MSB3277:             InfragisticsWPF4.DataPresenter.v15.1 [C:\Users\ultra\warewolf\Dev\Dev2.Studio\Dev2.Studio.csproj]
C:\Program Files\dotnet\sdk\10.0.201\Microsoft.Common.CurrentVersion.targets(2451,5): warning MSB3277:         C:\Users\ultra\warewolf\Dev\Binaries\Infragistcs_Net6\InfragisticsWPF4.v15.1.dll [C:\Users\ultra\warewolf\Dev\Dev2.Studio\Dev2.Studio.csproj]
C:\Program Files\dotnet\sdk\10.0.201\Microsoft.Common.CurrentVersion.targets(2451,5): warning MSB3277:           Project file item includes which caused reference "C:\Users\ultra\warewolf\Dev\Binaries\Infragistcs_Net6\InfragisticsWPF4.v15.1.dll". [C:\Users\ultra\warewolf\Dev\Dev2.Studio\Dev2.Studio.csproj]
C:\Program Files\dotnet\sdk\10.0.201\Microsoft.Common.CurrentVersion.targets(2451,5): warning MSB3277:             InfragisticsWPF4.v15.1, Version=15.1.20151.2055, Culture=neutral, PublicKeyToken=7dd5c3163f2cd0cb, processorArchitecture=MSIL [C:\Users\ultra\warewolf\Dev\Dev2.Studio\Dev2.Studio.csproj]
C:\Program Files\dotnet\sdk\10.0.201\Microsoft.Common.CurrentVersion.targets(2451,5): warning MSB3277:             InfragisticsWPF4.Controls.Editors.XamComboEditor.v15.1, Version=15.1.20151.2055, Culture=neutral, processorArchitecture=MSIL [C:\Users\ultra\warewolf\Dev\Dev2.Studio\Dev2.Studio.csproj]
C:\Program Files\dotnet\sdk\10.0.201\Microsoft.Common.CurrentVersion.targets(2451,5): warning MSB3277:             InfragisticsWPF4.Controls.Grids.XamGrid.v15.1, Version=15.1.20151.2055, Culture=neutral, PublicKeyToken=7dd5c3163f2cd0cb, processorArchitecture=MSIL [C:\Users\ultra\warewolf\Dev\Dev2.Studio\Dev2.Studio.csproj]
C:\Program Files\dotnet\sdk\10.0.201\Microsoft.Common.CurrentVersion.targets(2451,5): warning MSB3277:             CalculationManager.WPF [C:\Users\ultra\warewolf\Dev\Dev2.Studio\Dev2.Studio.csproj]
C:\Program Files\dotnet\sdk\10.0.201\Microsoft.Common.CurrentVersion.targets(2451,5): warning MSB3277:             InfragisticsWPF4.Controls.Interactions.XamDialogWindow.v15.1, Version=15.1.20151.2055, Culture=neutral, PublicKeyToken=7dd5c3163f2cd0cb, processorArchitecture=MSIL [C:\Users\ultra\warewolf\Dev\Dev2.Studio\Dev2.Studio.csproj]
C:\Program Files\dotnet\sdk\10.0.201\Microsoft.Common.CurrentVersion.targets(2451,5): warning MSB3277:             InfragisticsWPF4.Controls.Maps.XamNetworkNode.v15.1, Version=15.1.20151.2055, Culture=neutral, PublicKeyToken=7dd5c3163f2cd0cb, processorArchitecture=MSIL [C:\Users\ultra\warewolf\Dev\Dev2.Studio\Dev2.Studio.csproj]
C:\Program Files\dotnet\sdk\10.0.201\Microsoft.Common.CurrentVersion.targets(2451,5): warning MSB3277:             InfragisticsWPF4.Controls.Menus.XamDataTree.v15.1, Version=15.1.20151.2055, Culture=neutral, processorArchitecture=MSIL [C:\Users\ultra\warewolf\Dev\Dev2.Studio\Dev2.Studio.csproj]
C:\Program Files\dotnet\sdk\10.0.201\Microsoft.Common.CurrentVersion.targets(2451,5): warning MSB3277:             InfragisticsWPF4.Controls.Menus.XamMenu.v15.1, Version=15.1.20151.2055, Culture=neutral, processorArchitecture=MSIL [C:\Users\ultra\warewolf\Dev\Dev2.Studio\Dev2.Studio.csproj]
C:\Program Files\dotnet\sdk\10.0.201\Microsoft.Common.CurrentVersion.targets(2451,5): warning MSB3277:             InfragisticsWPF4.DataManager.v15.1, Version=15.1.20151.2055, Culture=neutral, processorArchitecture=MSIL [C:\Users\ultra\warewolf\Dev\Dev2.Studio\Dev2.Studio.csproj]
C:\Program Files\dotnet\sdk\10.0.201\Microsoft.Common.CurrentVersion.targets(2451,5): warning MSB3277:             InfragisticsWPF4.DataPresenter.v15.1 [C:\Users\ultra\warewolf\Dev\Dev2.Studio\Dev2.Studio.csproj]
C:\Program Files\dotnet\sdk\10.0.201\Microsoft.Common.CurrentVersion.targets(2451,5): warning MSB3277:             InfragisticsWPF4.DataVisualization.v15.1, Version=15.1.20151.2055, Culture=neutral, PublicKeyToken=7dd5c3163f2cd0cb, processorArchitecture=MSIL [C:\Users\ultra\warewolf\Dev\Dev2.Studio\Dev2.Studio.csproj]
C:\Program Files\dotnet\sdk\10.0.201\Microsoft.Common.CurrentVersion.targets(2451,5): warning MSB3277:             InfragisticsWPF4.DockManager.v15.1, Version=15.1.20151.2055, Culture=neutral, PublicKeyToken=7dd5c3163f2cd0cb, processorArchitecture=MSIL [C:\Users\ultra\warewolf\Dev\Dev2.Studio\Dev2.Studio.csproj]
C:\Program Files\dotnet\sdk\10.0.201\Microsoft.Common.CurrentVersion.targets(2451,5): warning MSB3277:             InfragisticsWPF4.Editors.v15.1, Version=15.1.20151.2055, Culture=neutral, processorArchitecture=MSIL [C:\Users\ultra\warewolf\Dev\Dev2.Studio\Dev2.Studio.csproj]
C:\Program Files\dotnet\sdk\10.0.201\Microsoft.Common.CurrentVersion.targets(2451,5): warning MSB3277:             InfragisticsWPF4.Math.Calculators.v15.1, Version=15.1.20151.2055, Culture=neutral, PublicKeyToken=7dd5c3163f2cd0cb, processorArchitecture=MSIL [C:\Users\ultra\warewolf\Dev\Dev2.Studio\Dev2.Studio.csproj]
C:\Program Files\dotnet\sdk\10.0.201\Microsoft.Common.CurrentVersion.targets(2451,5): warning MSB3277:             InfragisticsWPF4.Math.v15.1, Version=15.1.20151.2055, Culture=neutral, PublicKeyToken=7dd5c3163f2cd0cb, processorArchitecture=MSIL [C:\Users\ultra\warewolf\Dev\Dev2.Studio\Dev2.Studio.csproj]
C:\Program Files\dotnet\sdk\10.0.201\Microsoft.Common.CurrentVersion.targets(2451,5): warning MSB3277:         C:\Users\ultra\.nuget\packages\timespan2\2.4.2\lib\netcoreapp3.1\TimeSpan2.dll [C:\Users\ultra\warewolf\Dev\Dev2.Studio\Dev2.Studio.csproj]
C:\Program Files\dotnet\sdk\10.0.201\Microsoft.Common.CurrentVersion.targets(2451,5): warning MSB3277:           Project file item includes which caused reference "C:\Users\ultra\.nuget\packages\timespan2\2.4.2\lib\netcoreapp3.1\TimeSpan2.dll". [C:\Users\ultra\warewolf\Dev\Dev2.Studio\Dev2.Studio.csproj]
C:\Program Files\dotnet\sdk\10.0.201\Microsoft.Common.CurrentVersion.targets(2451,5): warning MSB3277:             C:\Users\ultra\.nuget\packages\timespan2\2.4.2\lib\netcoreapp3.1\TimeSpan2.dll [C:\Users\ultra\warewolf\Dev\Dev2.Studio\Dev2.Studio.csproj]
C:\Program Files\dotnet\sdk\10.0.201\Microsoft.Common.CurrentVersion.targets(2451,5): warning MSB3277:             C:\Users\ultra\.nuget\packages\taskschedulereditor\2.10.1\lib\net452\Microsoft.Win32.TaskSchedulerEditor.dll [C:\Users\ultra\warewolf\Dev\Dev2.Studio\Dev2.Studio.csproj]
C:\Program Files\dotnet\sdk\10.0.201\Microsoft.Common.CurrentVersion.targets(2451,5): warning MSB3277:         C:\Program Files\dotnet\packs\Microsoft.NETCore.App.Ref\8.0.25\ref\net8.0\System.dll [C:\Users\ultra\warewolf\Dev\Dev2.Studio\Dev2.Studio.csproj]
C:\Program Files\dotnet\sdk\10.0.201\Microsoft.Common.CurrentVersion.targets(2451,5): warning MSB3277:           Project file item includes which caused reference "C:\Program Files\dotnet\packs\Microsoft.NETCore.App.Ref\8.0.25\ref\net8.0\System.dll". [C:\Users\ultra\warewolf\Dev\Dev2.Studio\Dev2.Studio.csproj]
C:\Program Files\dotnet\sdk\10.0.201\Microsoft.Common.CurrentVersion.targets(2451,5): warning MSB3277:             C:\Program Files\dotnet\packs\Microsoft.NETCore.App.Ref\8.0.25\ref/net8.0/System.dll [C:\Users\ultra\warewolf\Dev\Dev2.Studio\Dev2.Studio.csproj]
C:\Program Files\dotnet\sdk\10.0.201\Microsoft.Common.CurrentVersion.targets(2451,5): warning MSB3277:             C:\Users\ultra\.nuget\packages\aerowizard\2.3.1\lib\net45\AeroWizard.dll [C:\Users\ultra\warewolf\Dev\Dev2.Studio\Dev2.Studio.csproj]
C:\Program Files\dotnet\sdk\10.0.201\Microsoft.Common.CurrentVersion.targets(2451,5): warning MSB3277:             C:\Users\ultra\.nuget\packages\avalonedit\6.3.0.90\lib\net462\ICSharpCode.AvalonEdit.dll [C:\Users\ultra\warewolf\Dev\Dev2.Studio\Dev2.Studio.csproj]
C:\Program Files\dotnet\sdk\10.0.201\Microsoft.Common.CurrentVersion.targets(2451,5): warning MSB3277:             C:\Users\ultra\.nuget\packages\fontawesome.wpf\4.7.0.9\lib\net40\FontAwesome.WPF.dll [C:\Users\ultra\warewolf\Dev\Dev2.Studio\Dev2.Studio.csproj]
C:\Program Files\dotnet\sdk\10.0.201\Microsoft.Common.CurrentVersion.targets(2451,5): warning MSB3277:             C:\Users\ultra\.nuget\packages\groupcontrols\1.9.0\lib\net45\GroupControls.dll [C:\Users\ultra\warewolf\Dev\Dev2.Studio\Dev2.Studio.csproj]
C:\Program Files\dotnet\sdk\10.0.201\Microsoft.Common.CurrentVersion.targets(2451,5): warning MSB3277:             C:\Users\ultra\.nuget\packages\log4net.async\2.0.4\lib\net40\Log4Net.Async.dll [C:\Users\ultra\warewolf\Dev\Dev2.Studio\Dev2.Studio.csproj]
C:\Program Files\dotnet\sdk\10.0.201\Microsoft.Common.CurrentVersion.targets(2451,5): warning MSB3277:             C:\Users\ultra\.nuget\packages\microsoft.xaml.behaviors.wpf\1.1.122\lib\net462\Microsoft.Xaml.Behaviors.dll [C:\Users\ultra\warewolf\Dev\Dev2.Studio\Dev2.Studio.csproj]
C:\Program Files\dotnet\sdk\10.0.201\Microsoft.Common.CurrentVersion.targets(2451,5): warning MSB3277:             C:\Users\ultra\.nuget\packages\caliburn.micro\4.0.212\lib\netcoreapp3.1\Caliburn.Micro.Platform.dll [C:\Users\ultra\warewolf\Dev\Dev2.Studio\Dev2.Studio.csproj]
C:\Program Files\dotnet\sdk\10.0.201\Microsoft.Common.CurrentVersion.targets(2451,5): warning MSB3277:             C:\Users\ultra\.nuget\packages\prism.composition\5.0.0\lib\NET45\Microsoft.Practices.Prism.Composition.dll [C:\Users\ultra\warewolf\Dev\Dev2.Studio\Dev2.Studio.csproj]
C:\Program Files\dotnet\sdk\10.0.201\Microsoft.Common.CurrentVersion.targets(2451,5): warning MSB3277:             C:\Users\ultra\.nuget\packages\prism.interactivity\5.0.0\lib\NET45\Microsoft.Practices.Prism.Interactivity.dll [C:\Users\ultra\warewolf\Dev\Dev2.Studio\Dev2.Studio.csproj]
C:\Program Files\dotnet\sdk\10.0.201\Microsoft.Common.CurrentVersion.targets(2451,5): warning MSB3277:             C:\Users\ultra\.nuget\packages\prism.mvvm\1.0.0\lib\net45\Microsoft.Practices.Prism.Mvvm.Desktop.dll [C:\Users\ultra\warewolf\Dev\Dev2.Studio\Dev2.Studio.csproj]
C:\Program Files\dotnet\sdk\10.0.201\Microsoft.Common.CurrentVersion.targets(2451,5): warning MSB3277:             C:\Users\ultra\.nuget\packages\prism.unityextensions\5.0.1\lib\NET45\Microsoft.Practices.Prism.UnityExtensions.dll [C:\Users\ultra\warewolf\Dev\Dev2.Studio\Dev2.Studio.csproj]
C:\Program Files\dotnet\sdk\10.0.201\Microsoft.Common.CurrentVersion.targets(2451,5): warning MSB3277:             C:\Users\ultra\.nuget\packages\prism.wpf\9.0.537\lib\net462\Prism.Wpf.dll [C:\Users\ultra\warewolf\Dev\Dev2.Studio\Dev2.Studio.csproj]
C:\Program Files\dotnet\sdk\10.0.201\Microsoft.Common.CurrentVersion.targets(2451,5): warning MSB3277:             C:\Users\ultra\.nuget\packages\reactiveui.wpf\18.4.1\lib\net462\ReactiveUI.Wpf.dll [C:\Users\ultra\warewolf\Dev\Dev2.Studio\Dev2.Studio.csproj]
C:\Program Files\dotnet\sdk\10.0.201\Microsoft.Common.CurrentVersion.targets(2451,5): warning MSB3277:             C:\Users\ultra\.nuget\packages\taskschedulereditor\2.10.1\lib\net452\Microsoft.Win32.TaskSchedulerEditor.dll [C:\Users\ultra\warewolf\Dev\Dev2.Studio\Dev2.Studio.csproj]
C:\Program Files\dotnet\sdk\10.0.201\Microsoft.Common.CurrentVersion.targets(2451,5): warning MSB3277:             C:\Users\ultra\.nuget\packages\ttcue.netcore.sharepointonline.csom.16.1.8029.1200\16.1.8029.1200\lib\netcoreapp2.0\Microsoft.SharePoint.Client.Runtime.Windows.dll [C:\Users\ultra\warewolf\Dev\Dev2.Studio\Dev2.Studio.csproj]
C:\Program Files\dotnet\sdk\10.0.201\Microsoft.Common.CurrentVersion.targets(2451,5): warning MSB3277: Found conflicts between different versions of "WindowsBase" that could not be resolved. [C:\Users\ultra\warewolf\Dev\Dev2.Studio\Dev2.Studio.csproj]
C:\Program Files\dotnet\sdk\10.0.201\Microsoft.Common.CurrentVersion.targets(2451,5): warning MSB3277: There was a conflict between "WindowsBase, Version=4.0.0.0, Culture=neutral, PublicKeyToken=31bf3856ad364e35" and "WindowsBase, Version=6.0.2.0, Culture=neutral, PublicKeyToken=31bf3856ad364e35". [C:\Users\ultra\warewolf\Dev\Dev2.Studio\Dev2.Studio.csproj]
C:\Program Files\dotnet\sdk\10.0.201\Microsoft.Common.CurrentVersion.targets(2451,5): warning MSB3277:     "WindowsBase, Version=4.0.0.0, Culture=neutral, PublicKeyToken=31bf3856ad364e35" was chosen because it was primary and "WindowsBase, Version=6.0.2.0, Culture=neutral, PublicKeyToken=31bf3856ad364e35" was not. [C:\Users\ultra\warewolf\Dev\Dev2.Studio\Dev2.Studio.csproj]
C:\Program Files\dotnet\sdk\10.0.201\Microsoft.Common.CurrentVersion.targets(2451,5): warning MSB3277:     References which depend on "WindowsBase, Version=4.0.0.0, Culture=neutral, PublicKeyToken=31bf3856ad364e35" [C:\Program Files\dotnet\packs\Microsoft.NETCore.App.Ref\8.0.25\ref\net8.0\WindowsBase.dll]. [C:\Users\ultra\warewolf\Dev\Dev2.Studio\Dev2.Studio.csproj]
C:\Program Files\dotnet\sdk\10.0.201\Microsoft.Common.CurrentVersion.targets(2451,5): warning MSB3277:         C:\Program Files\dotnet\packs\Microsoft.NETCore.App.Ref\8.0.25\ref\net8.0\WindowsBase.dll [C:\Users\ultra\warewolf\Dev\Dev2.Studio\Dev2.Studio.csproj]
C:\Program Files\dotnet\sdk\10.0.201\Microsoft.Common.CurrentVersion.targets(2451,5): warning MSB3277:           Project file item includes which caused reference "C:\Program Files\dotnet\packs\Microsoft.NETCore.App.Ref\8.0.25\ref\net8.0\WindowsBase.dll". [C:\Users\ultra\warewolf\Dev\Dev2.Studio\Dev2.Studio.csproj]
C:\Program Files\dotnet\sdk\10.0.201\Microsoft.Common.CurrentVersion.targets(2451,5): warning MSB3277:             C:\Program Files\dotnet\packs\Microsoft.NETCore.App.Ref\8.0.25\ref/net8.0/WindowsBase.dll [C:\Users\ultra\warewolf\Dev\Dev2.Studio\Dev2.Studio.csproj]
C:\Program Files\dotnet\sdk\10.0.201\Microsoft.Common.CurrentVersion.targets(2451,5): warning MSB3277:     References which depend on or have been unified to "WindowsBase, Version=6.0.2.0, Culture=neutral, PublicKeyToken=31bf3856ad364e35" []. [C:\Users\ultra\warewolf\Dev\Dev2.Studio\Dev2.Studio.csproj]
C:\Program Files\dotnet\sdk\10.0.201\Microsoft.Common.CurrentVersion.targets(2451,5): warning MSB3277:         C:\Users\ultra\warewolf\Dev\Binaries\Infragistcs_Net6\InfragisticsWPF4.Controls.Editors.XamComboEditor.v15.1.dll [C:\Users\ultra\warewolf\Dev\Dev2.Studio\Dev2.Studio.csproj]
C:\Program Files\dotnet\sdk\10.0.201\Microsoft.Common.CurrentVersion.targets(2451,5): warning MSB3277:           Project file item includes which caused reference "C:\Users\ultra\warewolf\Dev\Binaries\Infragistcs_Net6\InfragisticsWPF4.Controls.Editors.XamComboEditor.v15.1.dll". [C:\Users\ultra\warewolf\Dev\Dev2.Studio\Dev2.Studio.csproj]
C:\Program Files\dotnet\sdk\10.0.201\Microsoft.Common.CurrentVersion.targets(2451,5): warning MSB3277:             InfragisticsWPF4.Controls.Editors.XamComboEditor.v15.1, Version=15.1.20151.2055, Culture=neutral, processorArchitecture=MSIL [C:\Users\ultra\warewolf\Dev\Dev2.Studio\Dev2.Studio.csproj]
C:\Program Files\dotnet\sdk\10.0.201\Microsoft.Common.CurrentVersion.targets(2451,5): warning MSB3277:         C:\Users\ultra\warewolf\Dev\Binaries\Infragistcs_Net6\InfragisticsWPF4.Controls.Grids.XamGrid.v15.1.dll [C:\Users\ultra\warewolf\Dev\Dev2.Studio\Dev2.Studio.csproj]
C:\Program Files\dotnet\sdk\10.0.201\Microsoft.Common.CurrentVersion.targets(2451,5): warning MSB3277:           Project file item includes which caused reference "C:\Users\ultra\warewolf\Dev\Binaries\Infragistcs_Net6\InfragisticsWPF4.Controls.Grids.XamGrid.v15.1.dll". [C:\Users\ultra\warewolf\Dev\Dev2.Studio\Dev2.Studio.csproj]
C:\Program Files\dotnet\sdk\10.0.201\Microsoft.Common.CurrentVersion.targets(2451,5): warning MSB3277:             InfragisticsWPF4.Controls.Grids.XamGrid.v15.1, Version=15.1.20151.2055, Culture=neutral, PublicKeyToken=7dd5c3163f2cd0cb, processorArchitecture=MSIL [C:\Users\ultra\warewolf\Dev\Dev2.Studio\Dev2.Studio.csproj]
C:\Program Files\dotnet\sdk\10.0.201\Microsoft.Common.CurrentVersion.targets(2451,5): warning MSB3277:         C:\Users\ultra\warewolf\Dev\Binaries\Infragistcs_Net6\Infragistics.Calculations.dll [C:\Users\ultra\warewolf\Dev\Dev2.Studio\Dev2.Studio.csproj]
C:\Program Files\dotnet\sdk\10.0.201\Microsoft.Common.CurrentVersion.targets(2451,5): warning MSB3277:           Project file item includes which caused reference "C:\Users\ultra\warewolf\Dev\Binaries\Infragistcs_Net6\Infragistics.Calculations.dll". [C:\Users\ultra\warewolf\Dev\Dev2.Studio\Dev2.Studio.csproj]
C:\Program Files\dotnet\sdk\10.0.201\Microsoft.Common.CurrentVersion.targets(2451,5): warning MSB3277:             CalculationManager.WPF [C:\Users\ultra\warewolf\Dev\Dev2.Studio\Dev2.Studio.csproj]
C:\Program Files\dotnet\sdk\10.0.201\Microsoft.Common.CurrentVersion.targets(2451,5): warning MSB3277:         C:\Users\ultra\warewolf\Dev\Binaries\Infragistcs_Net6\InfragisticsWPF4.Controls.Interactions.XamDialogWindow.v15.1.dll [C:\Users\ultra\warewolf\Dev\Dev2.Studio\Dev2.Studio.csproj]
C:\Program Files\dotnet\sdk\10.0.201\Microsoft.Common.CurrentVersion.targets(2451,5): warning MSB3277:           Project file item includes which caused reference "C:\Users\ultra\warewolf\Dev\Binaries\Infragistcs_Net6\InfragisticsWPF4.Controls.Interactions.XamDialogWindow.v15.1.dll". [C:\Users\ultra\warewolf\Dev\Dev2.Studio\Dev2.Studio.csproj]
C:\Program Files\dotnet\sdk\10.0.201\Microsoft.Common.CurrentVersion.targets(2451,5): warning MSB3277:             InfragisticsWPF4.Controls.Interactions.XamDialogWindow.v15.1, Version=15.1.20151.2055, Culture=neutral, PublicKeyToken=7dd5c3163f2cd0cb, processorArchitecture=MSIL [C:\Users\ultra\warewolf\Dev\Dev2.Studio\Dev2.Studio.csproj]
C:\Program Files\dotnet\sdk\10.0.201\Microsoft.Common.CurrentVersion.targets(2451,5): warning MSB3277:         C:\Users\ultra\warewolf\Dev\Binaries\Infragistcs_Net6\InfragisticsWPF4.Controls.Maps.XamNetworkNode.v15.1.dll [C:\Users\ultra\warewolf\Dev\Dev2.Studio\Dev2.Studio.csproj]
C:\Program Files\dotnet\sdk\10.0.201\Microsoft.Common.CurrentVersion.targets(2451,5): warning MSB3277:           Project file item includes which caused reference "C:\Users\ultra\warewolf\Dev\Binaries\Infragistcs_Net6\InfragisticsWPF4.Controls.Maps.XamNetworkNode.v15.1.dll". [C:\Users\ultra\warewolf\Dev\Dev2.Studio\Dev2.Studio.csproj]
C:\Program Files\dotnet\sdk\10.0.201\Microsoft.Common.CurrentVersion.targets(2451,5): warning MSB3277:             InfragisticsWPF4.Controls.Maps.XamNetworkNode.v15.1, Version=15.1.20151.2055, Culture=neutral, PublicKeyToken=7dd5c3163f2cd0cb, processorArchitecture=MSIL [C:\Users\ultra\warewolf\Dev\Dev2.Studio\Dev2.Studio.csproj]
C:\Program Files\dotnet\sdk\10.0.201\Microsoft.Common.CurrentVersion.targets(2451,5): warning MSB3277:         C:\Users\ultra\warewolf\Dev\Binaries\Infragistcs_Net6\InfragisticsWPF4.Controls.Menus.XamDataTree.v15.1.dll [C:\Users\ultra\warewolf\Dev\Dev2.Studio\Dev2.Studio.csproj]
C:\Program Files\dotnet\sdk\10.0.201\Microsoft.Common.CurrentVersion.targets(2451,5): warning MSB3277:           Project file item includes which caused reference "C:\Users\ultra\warewolf\Dev\Binaries\Infragistcs_Net6\InfragisticsWPF4.Controls.Menus.XamDataTree.v15.1.dll". [C:\Users\ultra\warewolf\Dev\Dev2.Studio\Dev2.Studio.csproj]
C:\Program Files\dotnet\sdk\10.0.201\Microsoft.Common.CurrentVersion.targets(2451,5): warning MSB3277:             InfragisticsWPF4.Controls.Menus.XamDataTree.v15.1, Version=15.1.20151.2055, Culture=neutral, processorArchitecture=MSIL [C:\Users\ultra\warewolf\Dev\Dev2.Studio\Dev2.Studio.csproj]
C:\Program Files\dotnet\sdk\10.0.201\Microsoft.Common.CurrentVersion.targets(2451,5): warning MSB3277:         C:\Users\ultra\warewolf\Dev\Binaries\Infragistcs_Net6\InfragisticsWPF4.Controls.Menus.XamMenu.v15.1.dll [C:\Users\ultra\warewolf\Dev\Dev2.Studio\Dev2.Studio.csproj]
C:\Program Files\dotnet\sdk\10.0.201\Microsoft.Common.CurrentVersion.targets(2451,5): warning MSB3277:           Project file item includes which caused reference "C:\Users\ultra\warewolf\Dev\Binaries\Infragistcs_Net6\InfragisticsWPF4.Controls.Menus.XamMenu.v15.1.dll". [C:\Users\ultra\warewolf\Dev\Dev2.Studio\Dev2.Studio.csproj]
C:\Program Files\dotnet\sdk\10.0.201\Microsoft.Common.CurrentVersion.targets(2451,5): warning MSB3277:             InfragisticsWPF4.Controls.Menus.XamMenu.v15.1, Version=15.1.20151.2055, Culture=neutral, processorArchitecture=MSIL [C:\Users\ultra\warewolf\Dev\Dev2.Studio\Dev2.Studio.csproj]
C:\Program Files\dotnet\sdk\10.0.201\Microsoft.Common.CurrentVersion.targets(2451,5): warning MSB3277:             InfragisticsWPF4.Controls.Grids.XamGrid.v15.1, Version=15.1.20151.2055, Culture=neutral, PublicKeyToken=7dd5c3163f2cd0cb, processorArchitecture=MSIL [C:\Users\ultra\warewolf\Dev\Dev2.Studio\Dev2.Studio.csproj]
C:\Program Files\dotnet\sdk\10.0.201\Microsoft.Common.CurrentVersion.targets(2451,5): warning MSB3277:         C:\Users\ultra\warewolf\Dev\Binaries\Infragistcs_Net6\InfragisticsWPF4.DataManager.v15.1.dll [C:\Users\ultra\warewolf\Dev\Dev2.Studio\Dev2.Studio.csproj]
C:\Program Files\dotnet\sdk\10.0.201\Microsoft.Common.CurrentVersion.targets(2451,5): warning MSB3277:           Project file item includes which caused reference "C:\Users\ultra\warewolf\Dev\Binaries\Infragistcs_Net6\InfragisticsWPF4.DataManager.v15.1.dll". [C:\Users\ultra\warewolf\Dev\Dev2.Studio\Dev2.Studio.csproj]
C:\Program Files\dotnet\sdk\10.0.201\Microsoft.Common.CurrentVersion.targets(2451,5): warning MSB3277:             InfragisticsWPF4.DataManager.v15.1, Version=15.1.20151.2055, Culture=neutral, processorArchitecture=MSIL [C:\Users\ultra\warewolf\Dev\Dev2.Studio\Dev2.Studio.csproj]
C:\Program Files\dotnet\sdk\10.0.201\Microsoft.Common.CurrentVersion.targets(2451,5): warning MSB3277:             InfragisticsWPF4.Controls.Editors.XamComboEditor.v15.1, Version=15.1.20151.2055, Culture=neutral, processorArchitecture=MSIL [C:\Users\ultra\warewolf\Dev\Dev2.Studio\Dev2.Studio.csproj]
C:\Program Files\dotnet\sdk\10.0.201\Microsoft.Common.CurrentVersion.targets(2451,5): warning MSB3277:             InfragisticsWPF4.Controls.Grids.XamGrid.v15.1, Version=15.1.20151.2055, Culture=neutral, PublicKeyToken=7dd5c3163f2cd0cb, processorArchitecture=MSIL [C:\Users\ultra\warewolf\Dev\Dev2.Studio\Dev2.Studio.csproj]
C:\Program Files\dotnet\sdk\10.0.201\Microsoft.Common.CurrentVersion.targets(2451,5): warning MSB3277:             InfragisticsWPF4.Controls.Menus.XamDataTree.v15.1, Version=15.1.20151.2055, Culture=neutral, processorArchitecture=MSIL [C:\Users\ultra\warewolf\Dev\Dev2.Studio\Dev2.Studio.csproj]
C:\Program Files\dotnet\sdk\10.0.201\Microsoft.Common.CurrentVersion.targets(2451,5): warning MSB3277:         C:\Users\ultra\warewolf\Dev\Binaries\Infragistcs_Net6\InfragisticsWPF4.DataPresenter.v15.1.dll [C:\Users\ultra\warewolf\Dev\Dev2.Studio\Dev2.Studio.csproj]
C:\Program Files\dotnet\sdk\10.0.201\Microsoft.Common.CurrentVersion.targets(2451,5): warning MSB3277:           Project file item includes which caused reference "C:\Users\ultra\warewolf\Dev\Binaries\Infragistcs_Net6\InfragisticsWPF4.DataPresenter.v15.1.dll". [C:\Users\ultra\warewolf\Dev\Dev2.Studio\Dev2.Studio.csproj]
C:\Program Files\dotnet\sdk\10.0.201\Microsoft.Common.CurrentVersion.targets(2451,5): warning MSB3277:             InfragisticsWPF4.DataPresenter.v15.1 [C:\Users\ultra\warewolf\Dev\Dev2.Studio\Dev2.Studio.csproj]
C:\Program Files\dotnet\sdk\10.0.201\Microsoft.Common.CurrentVersion.targets(2451,5): warning MSB3277:         C:\Users\ultra\warewolf\Dev\Binaries\Infragistcs_Net6\InfragisticsWPF4.DataVisualization.v15.1.dll [C:\Users\ultra\warewolf\Dev\Dev2.Studio\Dev2.Studio.csproj]
C:\Program Files\dotnet\sdk\10.0.201\Microsoft.Common.CurrentVersion.targets(2451,5): warning MSB3277:           Project file item includes which caused reference "C:\Users\ultra\warewolf\Dev\Binaries\Infragistcs_Net6\InfragisticsWPF4.DataVisualization.v15.1.dll". [C:\Users\ultra\warewolf\Dev\Dev2.Studio\Dev2.Studio.csproj]
C:\Program Files\dotnet\sdk\10.0.201\Microsoft.Common.CurrentVersion.targets(2451,5): warning MSB3277:             InfragisticsWPF4.DataVisualization.v15.1, Version=15.1.20151.2055, Culture=neutral, PublicKeyToken=7dd5c3163f2cd0cb, processorArchitecture=MSIL [C:\Users\ultra\warewolf\Dev\Dev2.Studio\Dev2.Studio.csproj]
C:\Program Files\dotnet\sdk\10.0.201\Microsoft.Common.CurrentVersion.targets(2451,5): warning MSB3277:             InfragisticsWPF4.Controls.Maps.XamNetworkNode.v15.1, Version=15.1.20151.2055, Culture=neutral, PublicKeyToken=7dd5c3163f2cd0cb, processorArchitecture=MSIL [C:\Users\ultra\warewolf\Dev\Dev2.Studio\Dev2.Studio.csproj]
C:\Program Files\dotnet\sdk\10.0.201\Microsoft.Common.CurrentVersion.targets(2451,5): warning MSB3277:             InfragisticsWPF4.Math.Calculators.v15.1, Version=15.1.20151.2055, Culture=neutral, PublicKeyToken=7dd5c3163f2cd0cb, processorArchitecture=MSIL [C:\Users\ultra\warewolf\Dev\Dev2.Studio\Dev2.Studio.csproj]
C:\Program Files\dotnet\sdk\10.0.201\Microsoft.Common.CurrentVersion.targets(2451,5): warning MSB3277:         C:\Users\ultra\warewolf\Dev\Binaries\Infragistcs_Net6\InfragisticsWPF4.DockManager.v15.1.dll [C:\Users\ultra\warewolf\Dev\Dev2.Studio\Dev2.Studio.csproj]
C:\Program Files\dotnet\sdk\10.0.201\Microsoft.Common.CurrentVersion.targets(2451,5): warning MSB3277:           Project file item includes which caused reference "C:\Users\ultra\warewolf\Dev\Binaries\Infragistcs_Net6\InfragisticsWPF4.DockManager.v15.1.dll". [C:\Users\ultra\warewolf\Dev\Dev2.Studio\Dev2.Studio.csproj]
C:\Program Files\dotnet\sdk\10.0.201\Microsoft.Common.CurrentVersion.targets(2451,5): warning MSB3277:             InfragisticsWPF4.DockManager.v15.1, Version=15.1.20151.2055, Culture=neutral, PublicKeyToken=7dd5c3163f2cd0cb, processorArchitecture=MSIL [C:\Users\ultra\warewolf\Dev\Dev2.Studio\Dev2.Studio.csproj]
C:\Program Files\dotnet\sdk\10.0.201\Microsoft.Common.CurrentVersion.targets(2451,5): warning MSB3277:         C:\Users\ultra\warewolf\Dev\Binaries\Infragistcs_Net6\InfragisticsWPF4.DragDrop.v15.1.dll [C:\Users\ultra\warewolf\Dev\Dev2.Studio\Dev2.Studio.csproj]
C:\Program Files\dotnet\sdk\10.0.201\Microsoft.Common.CurrentVersion.targets(2451,5): warning MSB3277:           Project file item includes which caused reference "C:\Users\ultra\warewolf\Dev\Binaries\Infragistcs_Net6\InfragisticsWPF4.DragDrop.v15.1.dll". [C:\Users\ultra\warewolf\Dev\Dev2.Studio\Dev2.Studio.csproj]
C:\Program Files\dotnet\sdk\10.0.201\Microsoft.Common.CurrentVersion.targets(2451,5): warning MSB3277:             InfragisticsWPF4.DragDrop.v15.1, Version=15.1.20151.2055, Culture=neutral, PublicKeyToken=7dd5c3163f2cd0cb, processorArchitecture=MSIL [C:\Users\ultra\warewolf\Dev\Dev2.Studio\Dev2.Studio.csproj]
C:\Program Files\dotnet\sdk\10.0.201\Microsoft.Common.CurrentVersion.targets(2451,5): warning MSB3277:             InfragisticsWPF4.Controls.Menus.XamDataTree.v15.1, Version=15.1.20151.2055, Culture=neutral, processorArchitecture=MSIL [C:\Users\ultra\warewolf\Dev\Dev2.Studio\Dev2.Studio.csproj]
C:\Program Files\dotnet\sdk\10.0.201\Microsoft.Common.CurrentVersion.targets(2451,5): warning MSB3277:         C:\Users\ultra\warewolf\Dev\Binaries\Infragistcs_Net6\InfragisticsWPF4.Editors.v15.1.dll [C:\Users\ultra\warewolf\Dev\Dev2.Studio\Dev2.Studio.csproj]
C:\Program Files\dotnet\sdk\10.0.201\Microsoft.Common.CurrentVersion.targets(2451,5): warning MSB3277:           Project file item includes which caused reference "C:\Users\ultra\warewolf\Dev\Binaries\Infragistcs_Net6\InfragisticsWPF4.Editors.v15.1.dll". [C:\Users\ultra\warewolf\Dev\Dev2.Studio\Dev2.Studio.csproj]
C:\Program Files\dotnet\sdk\10.0.201\Microsoft.Common.CurrentVersion.targets(2451,5): warning MSB3277:             InfragisticsWPF4.Editors.v15.1, Version=15.1.20151.2055, Culture=neutral, processorArchitecture=MSIL [C:\Users\ultra\warewolf\Dev\Dev2.Studio\Dev2.Studio.csproj]
C:\Program Files\dotnet\sdk\10.0.201\Microsoft.Common.CurrentVersion.targets(2451,5): warning MSB3277:             InfragisticsWPF4.DataPresenter.v15.1 [C:\Users\ultra\warewolf\Dev\Dev2.Studio\Dev2.Studio.csproj]
C:\Program Files\dotnet\sdk\10.0.201\Microsoft.Common.CurrentVersion.targets(2451,5): warning MSB3277:         C:\Users\ultra\warewolf\Dev\Binaries\Infragistcs_Net6\InfragisticsWPF4.Math.Calculators.v15.1.dll [C:\Users\ultra\warewolf\Dev\Dev2.Studio\Dev2.Studio.csproj]
C:\Program Files\dotnet\sdk\10.0.201\Microsoft.Common.CurrentVersion.targets(2451,5): warning MSB3277:           Project file item includes which caused reference "C:\Users\ultra\warewolf\Dev\Binaries\Infragistcs_Net6\InfragisticsWPF4.Math.Calculators.v15.1.dll". [C:\Users\ultra\warewolf\Dev\Dev2.Studio\Dev2.Studio.csproj]
C:\Program Files\dotnet\sdk\10.0.201\Microsoft.Common.CurrentVersion.targets(2451,5): warning MSB3277:             InfragisticsWPF4.Math.Calculators.v15.1, Version=15.1.20151.2055, Culture=neutral, PublicKeyToken=7dd5c3163f2cd0cb, processorArchitecture=MSIL [C:\Users\ultra\warewolf\Dev\Dev2.Studio\Dev2.Studio.csproj]
C:\Program Files\dotnet\sdk\10.0.201\Microsoft.Common.CurrentVersion.targets(2451,5): warning MSB3277:         C:\Users\ultra\warewolf\Dev\Binaries\Infragistcs_Net6\InfragisticsWPF4.v15.1.dll [C:\Users\ultra\warewolf\Dev\Dev2.Studio\Dev2.Studio.csproj]
C:\Program Files\dotnet\sdk\10.0.201\Microsoft.Common.CurrentVersion.targets(2451,5): warning MSB3277:           Project file item includes which caused reference "C:\Users\ultra\warewolf\Dev\Binaries\Infragistcs_Net6\InfragisticsWPF4.v15.1.dll". [C:\Users\ultra\warewolf\Dev\Dev2.Studio\Dev2.Studio.csproj]
C:\Program Files\dotnet\sdk\10.0.201\Microsoft.Common.CurrentVersion.targets(2451,5): warning MSB3277:             InfragisticsWPF4.v15.1, Version=15.1.20151.2055, Culture=neutral, PublicKeyToken=7dd5c3163f2cd0cb, processorArchitecture=MSIL [C:\Users\ultra\warewolf\Dev\Dev2.Studio\Dev2.Studio.csproj]
C:\Program Files\dotnet\sdk\10.0.201\Microsoft.Common.CurrentVersion.targets(2451,5): warning MSB3277:             InfragisticsWPF4.Controls.Editors.XamComboEditor.v15.1, Version=15.1.20151.2055, Culture=neutral, processorArchitecture=MSIL [C:\Users\ultra\warewolf\Dev\Dev2.Studio\Dev2.Studio.csproj]
C:\Program Files\dotnet\sdk\10.0.201\Microsoft.Common.CurrentVersion.targets(2451,5): warning MSB3277:             InfragisticsWPF4.Controls.Grids.XamGrid.v15.1, Version=15.1.20151.2055, Culture=neutral, PublicKeyToken=7dd5c3163f2cd0cb, processorArchitecture=MSIL [C:\Users\ultra\warewolf\Dev\Dev2.Studio\Dev2.Studio.csproj]
C:\Program Files\dotnet\sdk\10.0.201\Microsoft.Common.CurrentVersion.targets(2451,5): warning MSB3277:             CalculationManager.WPF [C:\Users\ultra\warewolf\Dev\Dev2.Studio\Dev2.Studio.csproj]
C:\Program Files\dotnet\sdk\10.0.201\Microsoft.Common.CurrentVersion.targets(2451,5): warning MSB3277:             InfragisticsWPF4.Controls.Interactions.XamDialogWindow.v15.1, Version=15.1.20151.2055, Culture=neutral, PublicKeyToken=7dd5c3163f2cd0cb, processorArchitecture=MSIL [C:\Users\ultra\warewolf\Dev\Dev2.Studio\Dev2.Studio.csproj]
C:\Program Files\dotnet\sdk\10.0.201\Microsoft.Common.CurrentVersion.targets(2451,5): warning MSB3277:             InfragisticsWPF4.Controls.Maps.XamNetworkNode.v15.1, Version=15.1.20151.2055, Culture=neutral, PublicKeyToken=7dd5c3163f2cd0cb, processorArchitecture=MSIL [C:\Users\ultra\warewolf\Dev\Dev2.Studio\Dev2.Studio.csproj]
C:\Program Files\dotnet\sdk\10.0.201\Microsoft.Common.CurrentVersion.targets(2451,5): warning MSB3277:             InfragisticsWPF4.Controls.Menus.XamDataTree.v15.1, Version=15.1.20151.2055, Culture=neutral, processorArchitecture=MSIL [C:\Users\ultra\warewolf\Dev\Dev2.Studio\Dev2.Studio.csproj]
C:\Program Files\dotnet\sdk\10.0.201\Microsoft.Common.CurrentVersion.targets(2451,5): warning MSB3277:             InfragisticsWPF4.Controls.Menus.XamMenu.v15.1, Version=15.1.20151.2055, Culture=neutral, processorArchitecture=MSIL [C:\Users\ultra\warewolf\Dev\Dev2.Studio\Dev2.Studio.csproj]
C:\Program Files\dotnet\sdk\10.0.201\Microsoft.Common.CurrentVersion.targets(2451,5): warning MSB3277:             InfragisticsWPF4.DataManager.v15.1, Version=15.1.20151.2055, Culture=neutral, processorArchitecture=MSIL [C:\Users\ultra\warewolf\Dev\Dev2.Studio\Dev2.Studio.csproj]
C:\Program Files\dotnet\sdk\10.0.201\Microsoft.Common.CurrentVersion.targets(2451,5): warning MSB3277:             InfragisticsWPF4.DataPresenter.v15.1 [C:\Users\ultra\warewolf\Dev\Dev2.Studio\Dev2.Studio.csproj]
C:\Program Files\dotnet\sdk\10.0.201\Microsoft.Common.CurrentVersion.targets(2451,5): warning MSB3277:             InfragisticsWPF4.DataVisualization.v15.1, Version=15.1.20151.2055, Culture=neutral, PublicKeyToken=7dd5c3163f2cd0cb, processorArchitecture=MSIL [C:\Users\ultra\warewolf\Dev\Dev2.Studio\Dev2.Studio.csproj]
C:\Program Files\dotnet\sdk\10.0.201\Microsoft.Common.CurrentVersion.targets(2451,5): warning MSB3277:             InfragisticsWPF4.DockManager.v15.1, Version=15.1.20151.2055, Culture=neutral, PublicKeyToken=7dd5c3163f2cd0cb, processorArchitecture=MSIL [C:\Users\ultra\warewolf\Dev\Dev2.Studio\Dev2.Studio.csproj]
C:\Program Files\dotnet\sdk\10.0.201\Microsoft.Common.CurrentVersion.targets(2451,5): warning MSB3277:             InfragisticsWPF4.Editors.v15.1, Version=15.1.20151.2055, Culture=neutral, processorArchitecture=MSIL [C:\Users\ultra\warewolf\Dev\Dev2.Studio\Dev2.Studio.csproj]
C:\Program Files\dotnet\sdk\10.0.201\Microsoft.Common.CurrentVersion.targets(2451,5): warning MSB3277:             InfragisticsWPF4.Math.Calculators.v15.1, Version=15.1.20151.2055, Culture=neutral, PublicKeyToken=7dd5c3163f2cd0cb, processorArchitecture=MSIL [C:\Users\ultra\warewolf\Dev\Dev2.Studio\Dev2.Studio.csproj]
C:\Program Files\dotnet\sdk\10.0.201\Microsoft.Common.CurrentVersion.targets(2451,5): warning MSB3277:             InfragisticsWPF4.Math.v15.1, Version=15.1.20151.2055, Culture=neutral, PublicKeyToken=7dd5c3163f2cd0cb, processorArchitecture=MSIL [C:\Users\ultra\warewolf\Dev\Dev2.Studio\Dev2.Studio.csproj]
C:\Program Files\dotnet\sdk\10.0.201\Microsoft.Common.CurrentVersion.targets(2451,5): warning MSB3277:         C:\Users\ultra\.nuget\packages\avalonedit\6.3.0.90\lib\net462\ICSharpCode.AvalonEdit.dll [C:\Users\ultra\warewolf\Dev\Dev2.Studio\Dev2.Studio.csproj]
C:\Program Files\dotnet\sdk\10.0.201\Microsoft.Common.CurrentVersion.targets(2451,5): warning MSB3277:           Project file item includes which caused reference "C:\Users\ultra\.nuget\packages\avalonedit\6.3.0.90\lib\net462\ICSharpCode.AvalonEdit.dll". [C:\Users\ultra\warewolf\Dev\Dev2.Studio\Dev2.Studio.csproj]
C:\Program Files\dotnet\sdk\10.0.201\Microsoft.Common.CurrentVersion.targets(2451,5): warning MSB3277:             C:\Users\ultra\.nuget\packages\avalonedit\6.3.0.90\lib\net462\ICSharpCode.AvalonEdit.dll [C:\Users\ultra\warewolf\Dev\Dev2.Studio\Dev2.Studio.csproj]
C:\Program Files\dotnet\sdk\10.0.201\Microsoft.Common.CurrentVersion.targets(2451,5): warning MSB3277:         C:\Users\ultra\.nuget\packages\caliburn.micro\4.0.212\lib\netcoreapp3.1\Caliburn.Micro.Platform.dll [C:\Users\ultra\warewolf\Dev\Dev2.Studio\Dev2.Studio.csproj]
C:\Program Files\dotnet\sdk\10.0.201\Microsoft.Common.CurrentVersion.targets(2451,5): warning MSB3277:           Project file item includes which caused reference "C:\Users\ultra\.nuget\packages\caliburn.micro\4.0.212\lib\netcoreapp3.1\Caliburn.Micro.Platform.dll". [C:\Users\ultra\warewolf\Dev\Dev2.Studio\Dev2.Studio.csproj]
C:\Program Files\dotnet\sdk\10.0.201\Microsoft.Common.CurrentVersion.targets(2451,5): warning MSB3277:             C:\Users\ultra\.nuget\packages\caliburn.micro\4.0.212\lib\netcoreapp3.1\Caliburn.Micro.Platform.dll [C:\Users\ultra\warewolf\Dev\Dev2.Studio\Dev2.Studio.csproj]
C:\Program Files\dotnet\sdk\10.0.201\Microsoft.Common.CurrentVersion.targets(2451,5): warning MSB3277:         C:\Users\ultra\.nuget\packages\extended.wpf.toolkit\4.4.0\lib\net5.0\Xceed.Wpf.AvalonDock.NET5.dll [C:\Users\ultra\warewolf\Dev\Dev2.Studio\Dev2.Studio.csproj]
C:\Program Files\dotnet\sdk\10.0.201\Microsoft.Common.CurrentVersion.targets(2451,5): warning MSB3277:           Project file item includes which caused reference "C:\Users\ultra\.nuget\packages\extended.wpf.toolkit\4.4.0\lib\net5.0\Xceed.Wpf.AvalonDock.NET5.dll". [C:\Users\ultra\warewolf\Dev\Dev2.Studio\Dev2.Studio.csproj]
C:\Program Files\dotnet\sdk\10.0.201\Microsoft.Common.CurrentVersion.targets(2451,5): warning MSB3277:             C:\Users\ultra\.nuget\packages\extended.wpf.toolkit\4.4.0\lib\net5.0\Xceed.Wpf.AvalonDock.NET5.dll [C:\Users\ultra\warewolf\Dev\Dev2.Studio\Dev2.Studio.csproj]
C:\Program Files\dotnet\sdk\10.0.201\Microsoft.Common.CurrentVersion.targets(2451,5): warning MSB3277:             C:\Users\ultra\.nuget\packages\extended.wpf.toolkit\4.4.0\lib\net5.0\Xceed.Wpf.AvalonDock.Themes.Aero.NET5.dll [C:\Users\ultra\warewolf\Dev\Dev2.Studio\Dev2.Studio.csproj]
C:\Program Files\dotnet\sdk\10.0.201\Microsoft.Common.CurrentVersion.targets(2451,5): warning MSB3277:             C:\Users\ultra\.nuget\packages\extended.wpf.toolkit\4.4.0\lib\net5.0\Xceed.Wpf.AvalonDock.Themes.Metro.NET5.dll [C:\Users\ultra\warewolf\Dev\Dev2.Studio\Dev2.Studio.csproj]
C:\Program Files\dotnet\sdk\10.0.201\Microsoft.Common.CurrentVersion.targets(2451,5): warning MSB3277:             C:\Users\ultra\.nuget\packages\extended.wpf.toolkit\4.4.0\lib\net5.0\Xceed.Wpf.AvalonDock.Themes.VS2010.NET5.dll [C:\Users\ultra\warewolf\Dev\Dev2.Studio\Dev2.Studio.csproj]
C:\Program Files\dotnet\sdk\10.0.201\Microsoft.Common.CurrentVersion.targets(2451,5): warning MSB3277:         C:\Users\ultra\.nuget\packages\extended.wpf.toolkit\4.4.0\lib\net5.0\Xceed.Wpf.AvalonDock.Themes.Aero.NET5.dll [C:\Users\ultra\warewolf\Dev\Dev2.Studio\Dev2.Studio.csproj]
C:\Program Files\dotnet\sdk\10.0.201\Microsoft.Common.CurrentVersion.targets(2451,5): warning MSB3277:           Project file item includes which caused reference "C:\Users\ultra\.nuget\packages\extended.wpf.toolkit\4.4.0\lib\net5.0\Xceed.Wpf.AvalonDock.Themes.Aero.NET5.dll". [C:\Users\ultra\warewolf\Dev\Dev2.Studio\Dev2.Studio.csproj]
C:\Program Files\dotnet\sdk\10.0.201\Microsoft.Common.CurrentVersion.targets(2451,5): warning MSB3277:             C:\Users\ultra\.nuget\packages\extended.wpf.toolkit\4.4.0\lib\net5.0\Xceed.Wpf.AvalonDock.Themes.Aero.NET5.dll [C:\Users\ultra\warewolf\Dev\Dev2.Studio\Dev2.Studio.csproj]
C:\Program Files\dotnet\sdk\10.0.201\Microsoft.Common.CurrentVersion.targets(2451,5): warning MSB3277:         C:\Users\ultra\.nuget\packages\extended.wpf.toolkit\4.4.0\lib\net5.0\Xceed.Wpf.Toolkit.NET5.dll [C:\Users\ultra\warewolf\Dev\Dev2.Studio\Dev2.Studio.csproj]
C:\Program Files\dotnet\sdk\10.0.201\Microsoft.Common.CurrentVersion.targets(2451,5): warning MSB3277:           Project file item includes which caused reference "C:\Users\ultra\.nuget\packages\extended.wpf.toolkit\4.4.0\lib\net5.0\Xceed.Wpf.Toolkit.NET5.dll". [C:\Users\ultra\warewolf\Dev\Dev2.Studio\Dev2.Studio.csproj]
C:\Program Files\dotnet\sdk\10.0.201\Microsoft.Common.CurrentVersion.targets(2451,5): warning MSB3277:             C:\Users\ultra\.nuget\packages\extended.wpf.toolkit\4.4.0\lib\net5.0\Xceed.Wpf.Toolkit.NET5.dll [C:\Users\ultra\warewolf\Dev\Dev2.Studio\Dev2.Studio.csproj]
C:\Program Files\dotnet\sdk\10.0.201\Microsoft.Common.CurrentVersion.targets(2451,5): warning MSB3277:         C:\Users\ultra\.nuget\packages\fontawesome.wpf\4.7.0.9\lib\net40\FontAwesome.WPF.dll [C:\Users\ultra\warewolf\Dev\Dev2.Studio\Dev2.Studio.csproj]
C:\Program Files\dotnet\sdk\10.0.201\Microsoft.Common.CurrentVersion.targets(2451,5): warning MSB3277:           Project file item includes which caused reference "C:\Users\ultra\.nuget\packages\fontawesome.wpf\4.7.0.9\lib\net40\FontAwesome.WPF.dll". [C:\Users\ultra\warewolf\Dev\Dev2.Studio\Dev2.Studio.csproj]
C:\Program Files\dotnet\sdk\10.0.201\Microsoft.Common.CurrentVersion.targets(2451,5): warning MSB3277:             C:\Users\ultra\.nuget\packages\fontawesome.wpf\4.7.0.9\lib\net40\FontAwesome.WPF.dll [C:\Users\ultra\warewolf\Dev\Dev2.Studio\Dev2.Studio.csproj]
C:\Program Files\dotnet\sdk\10.0.201\Microsoft.Common.CurrentVersion.targets(2451,5): warning MSB3277:         C:\Users\ultra\.nuget\packages\ironpython\3.4.0\lib\net6.0\IronPython.Wpf.dll [C:\Users\ultra\warewolf\Dev\Dev2.Studio\Dev2.Studio.csproj]
C:\Program Files\dotnet\sdk\10.0.201\Microsoft.Common.CurrentVersion.targets(2451,5): warning MSB3277:           Project file item includes which caused reference "C:\Users\ultra\.nuget\packages\ironpython\3.4.0\lib\net6.0\IronPython.Wpf.dll". [C:\Users\ultra\warewolf\Dev\Dev2.Studio\Dev2.Studio.csproj]
C:\Program Files\dotnet\sdk\10.0.201\Microsoft.Common.CurrentVersion.targets(2451,5): warning MSB3277:             C:\Users\ultra\.nuget\packages\ironpython\3.4.0\lib\net6.0\IronPython.Wpf.dll [C:\Users\ultra\warewolf\Dev\Dev2.Studio\Dev2.Studio.csproj]
C:\Program Files\dotnet\sdk\10.0.201\Microsoft.Common.CurrentVersion.targets(2451,5): warning MSB3277:         C:\Users\ultra\.nuget\packages\microsoft.xaml.behaviors.wpf\1.1.122\lib\net462\Microsoft.Xaml.Behaviors.dll [C:\Users\ultra\warewolf\Dev\Dev2.Studio\Dev2.Studio.csproj]
C:\Program Files\dotnet\sdk\10.0.201\Microsoft.Common.CurrentVersion.targets(2451,5): warning MSB3277:           Project file item includes which caused reference "C:\Users\ultra\.nuget\packages\microsoft.xaml.behaviors.wpf\1.1.122\lib\net462\Microsoft.Xaml.Behaviors.dll". [C:\Users\ultra\warewolf\Dev\Dev2.Studio\Dev2.Studio.csproj]
C:\Program Files\dotnet\sdk\10.0.201\Microsoft.Common.CurrentVersion.targets(2451,5): warning MSB3277:             C:\Users\ultra\.nuget\packages\microsoft.xaml.behaviors.wpf\1.1.122\lib\net462\Microsoft.Xaml.Behaviors.dll [C:\Users\ultra\warewolf\Dev\Dev2.Studio\Dev2.Studio.csproj]
C:\Program Files\dotnet\sdk\10.0.201\Microsoft.Common.CurrentVersion.targets(2451,5): warning MSB3277:             C:\Users\ultra\.nuget\packages\caliburn.micro\4.0.212\lib\netcoreapp3.1\Caliburn.Micro.Platform.dll [C:\Users\ultra\warewolf\Dev\Dev2.Studio\Dev2.Studio.csproj]
C:\Program Files\dotnet\sdk\10.0.201\Microsoft.Common.CurrentVersion.targets(2451,5): warning MSB3277:             C:\Users\ultra\.nuget\packages\prism.wpf\9.0.537\lib\net462\Prism.Wpf.dll [C:\Users\ultra\warewolf\Dev\Dev2.Studio\Dev2.Studio.csproj]
C:\Program Files\dotnet\sdk\10.0.201\Microsoft.Common.CurrentVersion.targets(2451,5): warning MSB3277:         C:\Users\ultra\.nuget\packages\prism.composition\5.0.0\lib\NET45\Microsoft.Practices.Prism.Composition.dll [C:\Users\ultra\warewolf\Dev\Dev2.Studio\Dev2.Studio.csproj]
C:\Program Files\dotnet\sdk\10.0.201\Microsoft.Common.CurrentVersion.targets(2451,5): warning MSB3277:           Project file item includes which caused reference "C:\Users\ultra\.nuget\packages\prism.composition\5.0.0\lib\NET45\Microsoft.Practices.Prism.Composition.dll". [C:\Users\ultra\warewolf\Dev\Dev2.Studio\Dev2.Studio.csproj]
C:\Program Files\dotnet\sdk\10.0.201\Microsoft.Common.CurrentVersion.targets(2451,5): warning MSB3277:             C:\Users\ultra\.nuget\packages\prism.composition\5.0.0\lib\NET45\Microsoft.Practices.Prism.Composition.dll [C:\Users\ultra\warewolf\Dev\Dev2.Studio\Dev2.Studio.csproj]
C:\Program Files\dotnet\sdk\10.0.201\Microsoft.Common.CurrentVersion.targets(2451,5): warning MSB3277:             C:\Users\ultra\.nuget\packages\prism.unityextensions\5.0.1\lib\NET45\Microsoft.Practices.Prism.UnityExtensions.dll [C:\Users\ultra\warewolf\Dev\Dev2.Studio\Dev2.Studio.csproj]
C:\Program Files\dotnet\sdk\10.0.201\Microsoft.Common.CurrentVersion.targets(2451,5): warning MSB3277:         C:\Users\ultra\.nuget\packages\prism.interactivity\5.0.0\lib\NET45\Microsoft.Practices.Prism.Interactivity.dll [C:\Users\ultra\warewolf\Dev\Dev2.Studio\Dev2.Studio.csproj]
C:\Program Files\dotnet\sdk\10.0.201\Microsoft.Common.CurrentVersion.targets(2451,5): warning MSB3277:           Project file item includes which caused reference "C:\Users\ultra\.nuget\packages\prism.interactivity\5.0.0\lib\NET45\Microsoft.Practices.Prism.Interactivity.dll". [C:\Users\ultra\warewolf\Dev\Dev2.Studio\Dev2.Studio.csproj]
C:\Program Files\dotnet\sdk\10.0.201\Microsoft.Common.CurrentVersion.targets(2451,5): warning MSB3277:             C:\Users\ultra\.nuget\packages\prism.interactivity\5.0.0\lib\NET45\Microsoft.Practices.Prism.Interactivity.dll [C:\Users\ultra\warewolf\Dev\Dev2.Studio\Dev2.Studio.csproj]
C:\Program Files\dotnet\sdk\10.0.201\Microsoft.Common.CurrentVersion.targets(2451,5): warning MSB3277:         C:\Users\ultra\.nuget\packages\prism.mvvm\1.0.0\lib\net45\Microsoft.Practices.Prism.Mvvm.Desktop.dll [C:\Users\ultra\warewolf\Dev\Dev2.Studio\Dev2.Studio.csproj]
C:\Program Files\dotnet\sdk\10.0.201\Microsoft.Common.CurrentVersion.targets(2451,5): warning MSB3277:           Project file item includes which caused reference "C:\Users\ultra\.nuget\packages\prism.mvvm\1.0.0\lib\net45\Microsoft.Practices.Prism.Mvvm.Desktop.dll". [C:\Users\ultra\warewolf\Dev\Dev2.Studio\Dev2.Studio.csproj]
C:\Program Files\dotnet\sdk\10.0.201\Microsoft.Common.CurrentVersion.targets(2451,5): warning MSB3277:             C:\Users\ultra\.nuget\packages\prism.mvvm\1.0.0\lib\net45\Microsoft.Practices.Prism.Mvvm.Desktop.dll [C:\Users\ultra\warewolf\Dev\Dev2.Studio\Dev2.Studio.csproj]
C:\Program Files\dotnet\sdk\10.0.201\Microsoft.Common.CurrentVersion.targets(2451,5): warning MSB3277:         C:\Users\ultra\.nuget\packages\prism.unityextensions\5.0.1\lib\NET45\Microsoft.Practices.Prism.UnityExtensions.dll [C:\Users\ultra\warewolf\Dev\Dev2.Studio\Dev2.Studio.csproj]
C:\Program Files\dotnet\sdk\10.0.201\Microsoft.Common.CurrentVersion.targets(2451,5): warning MSB3277:           Project file item includes which caused reference "C:\Users\ultra\.nuget\packages\prism.unityextensions\5.0.1\lib\NET45\Microsoft.Practices.Prism.UnityExtensions.dll". [C:\Users\ultra\warewolf\Dev\Dev2.Studio\Dev2.Studio.csproj]
C:\Program Files\dotnet\sdk\10.0.201\Microsoft.Common.CurrentVersion.targets(2451,5): warning MSB3277:             C:\Users\ultra\.nuget\packages\prism.unityextensions\5.0.1\lib\NET45\Microsoft.Practices.Prism.UnityExtensions.dll [C:\Users\ultra\warewolf\Dev\Dev2.Studio\Dev2.Studio.csproj]
C:\Program Files\dotnet\sdk\10.0.201\Microsoft.Common.CurrentVersion.targets(2451,5): warning MSB3277:         C:\Users\ultra\.nuget\packages\prism.wpf\9.0.537\lib\net462\Prism.Wpf.dll [C:\Users\ultra\warewolf\Dev\Dev2.Studio\Dev2.Studio.csproj]
C:\Program Files\dotnet\sdk\10.0.201\Microsoft.Common.CurrentVersion.targets(2451,5): warning MSB3277:           Project file item includes which caused reference "C:\Users\ultra\.nuget\packages\prism.wpf\9.0.537\lib\net462\Prism.Wpf.dll". [C:\Users\ultra\warewolf\Dev\Dev2.Studio\Dev2.Studio.csproj]
C:\Program Files\dotnet\sdk\10.0.201\Microsoft.Common.CurrentVersion.targets(2451,5): warning MSB3277:             C:\Users\ultra\.nuget\packages\prism.wpf\9.0.537\lib\net462\Prism.Wpf.dll [C:\Users\ultra\warewolf\Dev\Dev2.Studio\Dev2.Studio.csproj]
C:\Program Files\dotnet\sdk\10.0.201\Microsoft.Common.CurrentVersion.targets(2451,5): warning MSB3277:         C:\Users\ultra\.nuget\packages\reactiveui.wpf\18.4.1\lib\net462\ReactiveUI.Wpf.dll [C:\Users\ultra\warewolf\Dev\Dev2.Studio\Dev2.Studio.csproj]
C:\Program Files\dotnet\sdk\10.0.201\Microsoft.Common.CurrentVersion.targets(2451,5): warning MSB3277:           Project file item includes which caused reference "C:\Users\ultra\.nuget\packages\reactiveui.wpf\18.4.1\lib\net462\ReactiveUI.Wpf.dll". [C:\Users\ultra\warewolf\Dev\Dev2.Studio\Dev2.Studio.csproj]
C:\Program Files\dotnet\sdk\10.0.201\Microsoft.Common.CurrentVersion.targets(2451,5): warning MSB3277:             C:\Users\ultra\.nuget\packages\reactiveui.wpf\18.4.1\lib\net462\ReactiveUI.Wpf.dll [C:\Users\ultra\warewolf\Dev\Dev2.Studio\Dev2.Studio.csproj]
C:\Program Files\dotnet\sdk\10.0.201\Microsoft.Common.CurrentVersion.targets(2451,5): warning MSB3277: Found conflicts between different versions of "System.Drawing.Common" that could not be resolved. [C:\Users\ultra\warewolf\Dev\Dev2.Studio\Dev2.Studio.csproj]
C:\Program Files\dotnet\sdk\10.0.201\Microsoft.Common.CurrentVersion.targets(2451,5): warning MSB3277: There was a conflict between "System.Drawing.Common, Version=6.0.0.0, Culture=neutral, PublicKeyToken=cc7b13ffcd2ddd51" and "System.Drawing.Common, Version=8.0.0.0, Culture=neutral, PublicKeyToken=cc7b13ffcd2ddd51". [C:\Users\ultra\warewolf\Dev\Dev2.Studio\Dev2.Studio.csproj]
C:\Program Files\dotnet\sdk\10.0.201\Microsoft.Common.CurrentVersion.targets(2451,5): warning MSB3277:     "System.Drawing.Common, Version=6.0.0.0, Culture=neutral, PublicKeyToken=cc7b13ffcd2ddd51" was chosen because it was primary and "System.Drawing.Common, Version=8.0.0.0, Culture=neutral, PublicKeyToken=cc7b13ffcd2ddd51" was not. [C:\Users\ultra\warewolf\Dev\Dev2.Studio\Dev2.Studio.csproj]
C:\Program Files\dotnet\sdk\10.0.201\Microsoft.Common.CurrentVersion.targets(2451,5): warning MSB3277:     References which depend on "System.Drawing.Common, Version=6.0.0.0, Culture=neutral, PublicKeyToken=cc7b13ffcd2ddd51" [C:\Users\ultra\.nuget\packages\system.drawing.common\6.0.0\lib\net6.0\System.Drawing.Common.dll]. [C:\Users\ultra\warewolf\Dev\Dev2.Studio\Dev2.Studio.csproj]
C:\Program Files\dotnet\sdk\10.0.201\Microsoft.Common.CurrentVersion.targets(2451,5): warning MSB3277:         C:\Users\ultra\.nuget\packages\system.drawing.common\6.0.0\lib\net6.0\System.Drawing.Common.dll [C:\Users\ultra\warewolf\Dev\Dev2.Studio\Dev2.Studio.csproj]
C:\Program Files\dotnet\sdk\10.0.201\Microsoft.Common.CurrentVersion.targets(2451,5): warning MSB3277:           Project file item includes which caused reference "C:\Users\ultra\.nuget\packages\system.drawing.common\6.0.0\lib\net6.0\System.Drawing.Common.dll". [C:\Users\ultra\warewolf\Dev\Dev2.Studio\Dev2.Studio.csproj]
C:\Program Files\dotnet\sdk\10.0.201\Microsoft.Common.CurrentVersion.targets(2451,5): warning MSB3277:             C:\Users\ultra\.nuget\packages\system.drawing.common\6.0.0\lib\net6.0\System.Drawing.Common.dll [C:\Users\ultra\warewolf\Dev\Dev2.Studio\Dev2.Studio.csproj]
C:\Program Files\dotnet\sdk\10.0.201\Microsoft.Common.CurrentVersion.targets(2451,5): warning MSB3277:     References which depend on or have been unified to "System.Drawing.Common, Version=8.0.0.0, Culture=neutral, PublicKeyToken=cc7b13ffcd2ddd51" []. [C:\Users\ultra\warewolf\Dev\Dev2.Studio\Dev2.Studio.csproj]
C:\Program Files\dotnet\sdk\10.0.201\Microsoft.Common.CurrentVersion.targets(2451,5): warning MSB3277:         C:\Users\ultra\.nuget\packages\servicestack\6.3.0\lib\net6.0\ServiceStack.dll [C:\Users\ultra\warewolf\Dev\Dev2.Studio\Dev2.Studio.csproj]
C:\Program Files\dotnet\sdk\10.0.201\Microsoft.Common.CurrentVersion.targets(2451,5): warning MSB3277:           Project file item includes which caused reference "C:\Users\ultra\.nuget\packages\servicestack\6.3.0\lib\net6.0\ServiceStack.dll". [C:\Users\ultra\warewolf\Dev\Dev2.Studio\Dev2.Studio.csproj]
C:\Program Files\dotnet\sdk\10.0.201\Microsoft.Common.CurrentVersion.targets(2451,5): warning MSB3277:             C:\Users\ultra\.nuget\packages\servicestack\6.3.0\lib\net6.0\ServiceStack.dll [C:\Users\ultra\warewolf\Dev\Dev2.Studio\Dev2.Studio.csproj]
C:\Program Files\dotnet\sdk\10.0.201\Microsoft.Common.CurrentVersion.targets(2451,5): warning MSB3277:         C:\Users\ultra\.nuget\packages\system.windows.extensions\8.0.0\lib\net8.0\System.Windows.Extensions.dll [C:\Users\ultra\warewolf\Dev\Dev2.Studio\Dev2.Studio.csproj]
C:\Program Files\dotnet\sdk\10.0.201\Microsoft.Common.CurrentVersion.targets(2451,5): warning MSB3277:           Project file item includes which caused reference "C:\Users\ultra\.nuget\packages\system.windows.extensions\8.0.0\lib\net8.0\System.Windows.Extensions.dll". [C:\Users\ultra\warewolf\Dev\Dev2.Studio\Dev2.Studio.csproj]
C:\Program Files\dotnet\sdk\10.0.201\Microsoft.Common.CurrentVersion.targets(2451,5): warning MSB3277:             C:\Users\ultra\.nuget\packages\system.windows.extensions\8.0.0\lib\net8.0\System.Windows.Extensions.dll [C:\Users\ultra\warewolf\Dev\Dev2.Studio\Dev2.Studio.csproj]
C:\Program Files\dotnet\sdk\10.0.201\Microsoft.Common.CurrentVersion.targets(2451,5): warning MSB3277:             InfragisticsWPF4.Editors.v15.1, Version=15.1.20151.2055, Culture=neutral, processorArchitecture=MSIL [C:\Users\ultra\warewolf\Dev\Dev2.Studio\Dev2.Studio.csproj]
C:\Program Files\dotnet\sdk\10.0.201\Microsoft.Common.CurrentVersion.targets(2451,5): warning MSB3277:             InfragisticsWPF4.DataPresenter.v15.1 [C:\Users\ultra\warewolf\Dev\Dev2.Studio\Dev2.Studio.csproj]
C:\Program Files\dotnet\sdk\10.0.201\Microsoft.Common.CurrentVersion.targets(2451,5): warning MSB3277:             C:\Users\ultra\.nuget\packages\extended.wpf.toolkit\4.4.0\lib\net5.0\Xceed.Wpf.Toolkit.NET5.dll [C:\Users\ultra\warewolf\Dev\Dev2.Studio\Dev2.Studio.csproj]
C:\Program Files\dotnet\sdk\10.0.201\Microsoft.Common.CurrentVersion.targets(2451,5): warning MSB3277:             C:\Users\ultra\.nuget\packages\system.security.permissions\8.0.0\lib\net8.0\System.Security.Permissions.dll [C:\Users\ultra\warewolf\Dev\Dev2.Studio\Dev2.Studio.csproj]
C:\Program Files\dotnet\sdk\10.0.201\Microsoft.Common.CurrentVersion.targets(2451,5): warning MSB3277:             C:\Users\ultra\warewolf\Dev\Dev2.Data\bin\Debug\net8.0\Dev2.Data.dll [C:\Users\ultra\warewolf\Dev\Dev2.Studio\Dev2.Studio.csproj]
C:\Program Files\dotnet\sdk\10.0.201\Microsoft.Common.CurrentVersion.targets(2451,5): warning MSB3277:             C:\Users\ultra\warewolf\Dev\Dev2.Activities\bin\Debug\net8.0\Dev2.Activities.dll [C:\Users\ultra\warewolf\Dev\Dev2.Studio\Dev2.Studio.csproj]
C:\Program Files\dotnet\sdk\10.0.201\Microsoft.Common.CurrentVersion.targets(2451,5): warning MSB3277:             C:\Users\ultra\warewolf\Dev\Dev2.Core\bin\Debug\net8.0\Dev2.Core.dll [C:\Users\ultra\warewolf\Dev\Dev2.Studio\Dev2.Studio.csproj]
C:\Program Files\dotnet\sdk\10.0.201\Microsoft.Common.CurrentVersion.targets(2451,5): warning MSB3277:             C:\Users\ultra\warewolf\Dev\Dev2.Intellisense\bin\Debug\net8.0\Dev2.Intellisense.dll [C:\Users\ultra\warewolf\Dev\Dev2.Studio\Dev2.Studio.csproj]
C:\Program Files\dotnet\sdk\10.0.201\Microsoft.Common.CurrentVersion.targets(2451,5): warning MSB3277:             C:\Users\ultra\warewolf\Dev\Dev2.Scheduler\bin\Debug\net8.0\Dev2.Scheduler.dll [C:\Users\ultra\warewolf\Dev\Dev2.Studio\Dev2.Studio.csproj]
C:\Program Files\dotnet\sdk\10.0.201\Microsoft.Common.CurrentVersion.targets(2451,5): warning MSB3277:             C:\Users\ultra\warewolf\Dev\Dev2.Services.Execution\bin\Debug\net8.0\Dev2.Services.Execution.dll [C:\Users\ultra\warewolf\Dev\Dev2.Studio\Dev2.Studio.csproj]
C:\Program Files\dotnet\sdk\10.0.201\Microsoft.Common.CurrentVersion.targets(2451,5): warning MSB3277:             C:\Users\ultra\warewolf\Dev\Dev2.Studio.Core\bin\Debug\net8.0\Dev2.Studio.Core.dll [C:\Users\ultra\warewolf\Dev\Dev2.Studio\Dev2.Studio.csproj]
C:\Program Files\dotnet\sdk\10.0.201\Microsoft.Common.CurrentVersion.targets(2451,5): warning MSB3277:             C:\Users\ultra\warewolf\Dev\Dev2.Studio.Interfaces\bin\Debug\net8.0\Dev2.Studio.Interfaces.dll [C:\Users\ultra\warewolf\Dev\Dev2.Studio\Dev2.Studio.csproj]
C:\Program Files\dotnet\sdk\10.0.201\Microsoft.Common.CurrentVersion.targets(2451,5): warning MSB3277:             C:\Users\ultra\warewolf\Dev\Warewolf.Core\bin\Debug\net8.0\Warewolf.Core.dll [C:\Users\ultra\warewolf\Dev\Dev2.Studio\Dev2.Studio.csproj]
C:\Program Files\dotnet\sdk\10.0.201\Microsoft.Common.CurrentVersion.targets(2451,5): warning MSB3277:             C:\Users\ultra\warewolf\Dev\Warewolf.ResourceManagement\bin\Debug\net8.0\Warewolf.ResourceManagement.dll [C:\Users\ultra\warewolf\Dev\Dev2.Studio\Dev2.Studio.csproj]
C:\Program Files\dotnet\sdk\10.0.201\Microsoft.Common.CurrentVersion.targets(2451,5): warning MSB3277:             C:\Users\ultra\warewolf\Dev\Warewolf.Studio.Core\bin\Debug\net8.0\Warewolf.Studio.Core.dll [C:\Users\ultra\warewolf\Dev\Dev2.Studio\Dev2.Studio.csproj]
C:\Program Files\dotnet\sdk\10.0.201\Microsoft.Common.CurrentVersion.targets(2451,5): warning MSB3277:             C:\Users\ultra\warewolf\Dev\Warewolf.Studio.Models\bin\Debug\net8.0\Warewolf.Studio.Models.dll [C:\Users\ultra\warewolf\Dev\Dev2.Studio\Dev2.Studio.csproj]
C:\Program Files\dotnet\sdk\10.0.201\Microsoft.Common.CurrentVersion.targets(2451,5): warning MSB3277:             C:\Users\ultra\warewolf\Dev\Warewolf.Studio.CustomControls\bin\Debug\net8.0\Warewolf.Studio.CustomControls.dll [C:\Users\ultra\warewolf\Dev\Dev2.Studio\Dev2.Studio.csproj]
C:\Program Files\dotnet\sdk\10.0.201\Microsoft.Common.CurrentVersion.targets(2451,5): warning MSB3277:             C:\Users\ultra\warewolf\Dev\Warewolf.Studio.ViewModels\bin\Debug\net8.0\Warewolf.Studio.ViewModels.dll [C:\Users\ultra\warewolf\Dev\Dev2.Studio\Dev2.Studio.csproj]
C:\Program Files\dotnet\sdk\10.0.201\Microsoft.Common.CurrentVersion.targets(2451,5): warning MSB3277:             C:\Users\ultra\warewolf\Dev\Warewolf.Trigger.Queue\bin\Debug\net8.0\Warewolf.Trigger.Queue.dll [C:\Users\ultra\warewolf\Dev\Dev2.Studio\Dev2.Studio.csproj]
C:\Program Files\dotnet\sdk\10.0.201\Microsoft.Common.CurrentVersion.targets(2451,5): warning MSB3277:             C:\Users\ultra\warewolf\Dev\Warewolf.UI\bin\Debug\net8.0\Warewolf.UI.dll [C:\Users\ultra\warewolf\Dev\Dev2.Studio\Dev2.Studio.csproj]
C:\Program Files\dotnet\sdk\10.0.201\Microsoft.Common.CurrentVersion.targets(2451,5): warning MSB3277:             C:\Users\ultra\warewolf\Dev\Dev2.Runtime.Services\bin\Debug\net8.0\Dev2.Runtime.Services.dll [C:\Users\ultra\warewolf\Dev\Dev2.Studio\Dev2.Studio.csproj]
C:\Program Files\dotnet\sdk\10.0.201\Microsoft.Common.CurrentVersion.targets(2451,5): warning MSB3277:             C:\Users\ultra\warewolf\Dev\Warewolf.Auditing\bin\Debug\net8.0\Warewolf.Auditing.dll [C:\Users\ultra\warewolf\Dev\Dev2.Studio\Dev2.Studio.csproj]
C:\Program Files\dotnet\sdk\10.0.201\Microsoft.Common.CurrentVersion.targets(2451,5): warning MSB3277:             C:\Users\ultra\warewolf\Dev\Warewolf.Common.NetStandard20\bin\Debug\net8.0\Warewolf.Common.NetStandard20.dll [C:\Users\ultra\warewolf\Dev\Dev2.Studio\Dev2.Studio.csproj]
C:\Program Files\dotnet\sdk\10.0.201\Microsoft.Common.CurrentVersion.targets(2451,5): warning MSB3277:             C:\Users\ultra\warewolf\Dev\Warewolf.Driver.Persistence\bin\Debug\net8.0\Warewolf.Driver.Persistence.dll [C:\Users\ultra\warewolf\Dev\Dev2.Studio\Dev2.Studio.csproj]
C:\Program Files\dotnet\sdk\10.0.201\Microsoft.Common.CurrentVersion.targets(2451,5): warning MSB3277:             C:\Users\ultra\warewolf\Dev\Warewolf.Exchange.Email.Wrapper\bin\Debug\net8.0\Warewolf.Exchange.Email.Wrapper.dll [C:\Users\ultra\warewolf\Dev\Dev2.Studio\Dev2.Studio.csproj]
C:\Program Files\dotnet\sdk\10.0.201\Microsoft.Common.CurrentVersion.targets(2451,5): warning MSB3277:             InfragisticsWPF4.DataVisualization.v15.1, Version=15.1.20151.2055, Culture=neutral, PublicKeyToken=7dd5c3163f2cd0cb, processorArchitecture=MSIL [C:\Users\ultra\warewolf\Dev\Dev2.Studio\Dev2.Studio.csproj]
C:\Program Files\dotnet\sdk\10.0.201\Microsoft.Common.CurrentVersion.targets(2451,5): warning MSB3277:             InfragisticsWPF4.Controls.Maps.XamNetworkNode.v15.1, Version=15.1.20151.2055, Culture=neutral, PublicKeyToken=7dd5c3163f2cd0cb, processorArchitecture=MSIL [C:\Users\ultra\warewolf\Dev\Dev2.Studio\Dev2.Studio.csproj]
C:\Program Files\dotnet\sdk\10.0.201\Microsoft.Common.CurrentVersion.targets(2451,5): warning MSB3277:             InfragisticsWPF4.DockManager.v15.1, Version=15.1.20151.2055, Culture=neutral, PublicKeyToken=7dd5c3163f2cd0cb, processorArchitecture=MSIL [C:\Users\ultra\warewolf\Dev\Dev2.Studio\Dev2.Studio.csproj]
C:\Program Files\dotnet\sdk\10.0.201\Microsoft.Common.CurrentVersion.targets(2451,5): warning MSB3277:             InfragisticsWPF4.Math.Calculators.v15.1, Version=15.1.20151.2055, Culture=neutral, PublicKeyToken=7dd5c3163f2cd0cb, processorArchitecture=MSIL [C:\Users\ultra\warewolf\Dev\Dev2.Studio\Dev2.Studio.csproj]
C:\Program Files\dotnet\sdk\10.0.201\Microsoft.Common.CurrentVersion.targets(2451,5): warning MSB3277:             InfragisticsWPF4.v15.1, Version=15.1.20151.2055, Culture=neutral, PublicKeyToken=7dd5c3163f2cd0cb, processorArchitecture=MSIL [C:\Users\ultra\warewolf\Dev\Dev2.Studio\Dev2.Studio.csproj]
C:\Program Files\dotnet\sdk\10.0.201\Microsoft.Common.CurrentVersion.targets(2451,5): warning MSB3277:             InfragisticsWPF4.Controls.Editors.XamComboEditor.v15.1, Version=15.1.20151.2055, Culture=neutral, processorArchitecture=MSIL [C:\Users\ultra\warewolf\Dev\Dev2.Studio\Dev2.Studio.csproj]
C:\Program Files\dotnet\sdk\10.0.201\Microsoft.Common.CurrentVersion.targets(2451,5): warning MSB3277:             InfragisticsWPF4.Controls.Grids.XamGrid.v15.1, Version=15.1.20151.2055, Culture=neutral, PublicKeyToken=7dd5c3163f2cd0cb, processorArchitecture=MSIL [C:\Users\ultra\warewolf\Dev\Dev2.Studio\Dev2.Studio.csproj]
C:\Program Files\dotnet\sdk\10.0.201\Microsoft.Common.CurrentVersion.targets(2451,5): warning MSB3277:             CalculationManager.WPF [C:\Users\ultra\warewolf\Dev\Dev2.Studio\Dev2.Studio.csproj]
C:\Program Files\dotnet\sdk\10.0.201\Microsoft.Common.CurrentVersion.targets(2451,5): warning MSB3277:             InfragisticsWPF4.Controls.Interactions.XamDialogWindow.v15.1, Version=15.1.20151.2055, Culture=neutral, PublicKeyToken=7dd5c3163f2cd0cb, processorArchitecture=MSIL [C:\Users\ultra\warewolf\Dev\Dev2.Studio\Dev2.Studio.csproj]
C:\Program Files\dotnet\sdk\10.0.201\Microsoft.Common.CurrentVersion.targets(2451,5): warning MSB3277:             InfragisticsWPF4.Controls.Menus.XamDataTree.v15.1, Version=15.1.20151.2055, Culture=neutral, processorArchitecture=MSIL [C:\Users\ultra\warewolf\Dev\Dev2.Studio\Dev2.Studio.csproj]
C:\Program Files\dotnet\sdk\10.0.201\Microsoft.Common.CurrentVersion.targets(2451,5): warning MSB3277:             InfragisticsWPF4.Controls.Menus.XamMenu.v15.1, Version=15.1.20151.2055, Culture=neutral, processorArchitecture=MSIL [C:\Users\ultra\warewolf\Dev\Dev2.Studio\Dev2.Studio.csproj]
C:\Program Files\dotnet\sdk\10.0.201\Microsoft.Common.CurrentVersion.targets(2451,5): warning MSB3277:             InfragisticsWPF4.DataManager.v15.1, Version=15.1.20151.2055, Culture=neutral, processorArchitecture=MSIL [C:\Users\ultra\warewolf\Dev\Dev2.Studio\Dev2.Studio.csproj]
C:\Program Files\dotnet\sdk\10.0.201\Microsoft.Common.CurrentVersion.targets(2451,5): warning MSB3277:             InfragisticsWPF4.Math.v15.1, Version=15.1.20151.2055, Culture=neutral, PublicKeyToken=7dd5c3163f2cd0cb, processorArchitecture=MSIL [C:\Users\ultra\warewolf\Dev\Dev2.Studio\Dev2.Studio.csproj]
C:\Program Files\dotnet\sdk\10.0.201\Microsoft.Common.CurrentVersion.targets(2451,5): warning MSB3277:             C:\Users\ultra\.nuget\packages\dotnetzip\1.16.0\lib\netstandard2.0\DotNetZip.dll [C:\Users\ultra\warewolf\Dev\Dev2.Studio\Dev2.Studio.csproj]
C:\Program Files\dotnet\sdk\10.0.201\Microsoft.Common.CurrentVersion.targets(2451,5): warning MSB3277:             C:\Users\ultra\warewolf\Dev\Dev2.Data.Interfaces\bin\Debug\net8.0\Dev2.Data.Interfaces.dll [C:\Users\ultra\warewolf\Dev\Dev2.Studio\Dev2.Studio.csproj]
C:\Program Files\dotnet\sdk\10.0.201\Microsoft.Common.CurrentVersion.targets(2451,5): warning MSB3277:             C:\Users\ultra\warewolf\Dev\Dev2.Diagnostics\bin\Debug\net8.0\Dev2.Diagnostics.dll [C:\Users\ultra\warewolf\Dev\Dev2.Studio\Dev2.Studio.csproj]
C:\Program Files\dotnet\sdk\10.0.201\Microsoft.Common.CurrentVersion.targets(2451,5): warning MSB3277:             C:\Users\ultra\warewolf\Dev\Dev2.Infrastructure\bin\Debug\net8.0\Dev2.Infrastructure.dll [C:\Users\ultra\warewolf\Dev\Dev2.Studio\Dev2.Studio.csproj]
C:\Program Files\dotnet\sdk\10.0.201\Microsoft.Common.CurrentVersion.targets(2451,5): warning MSB3277:             C:\Users\ultra\warewolf\Dev\Dev2.Common\bin\Debug\net8.0\Dev2.Common.dll [C:\Users\ultra\warewolf\Dev\Dev2.Studio\Dev2.Studio.csproj]
C:\Program Files\dotnet\sdk\10.0.201\Microsoft.Common.CurrentVersion.targets(2451,5): warning MSB3277:             C:\Users\ultra\warewolf\Dev\Dev2.TaskScheduler.Wrappers\bin\Debug\net8.0\Dev2.TaskScheduler.Wrappers.dll [C:\Users\ultra\warewolf\Dev\Dev2.Studio\Dev2.Studio.csproj]
C:\Program Files\dotnet\sdk\10.0.201\Microsoft.Common.CurrentVersion.targets(2451,5): warning MSB3277:             C:\Users\ultra\warewolf\Dev\Dev2.Util\bin\Debug\net8.0\Dev2.Util.dll [C:\Users\ultra\warewolf\Dev\Dev2.Studio\Dev2.Studio.csproj]
C:\Program Files\dotnet\sdk\10.0.201\Microsoft.Common.CurrentVersion.targets(2451,5): warning MSB3277:             C:\Users\ultra\warewolf\Dev\Warewolf.Sharepoint\bin\Debug\net8.0\Warewolf.Sharepoint.dll [C:\Users\ultra\warewolf\Dev\Dev2.Studio\Dev2.Studio.csproj]
C:\Program Files\dotnet\sdk\10.0.201\Microsoft.Common.CurrentVersion.targets(2451,5): warning MSB3277:             C:\Users\ultra\warewolf\Dev\Warewolf.Storage\bin\Debug\net8.0\Warewolf.Storage.dll [C:\Users\ultra\warewolf\Dev\Dev2.Studio\Dev2.Studio.csproj]
C:\Program Files\dotnet\sdk\10.0.201\Microsoft.Common.CurrentVersion.targets(2451,5): warning MSB3277:             C:\Users\ultra\warewolf\Dev\Dev2.Development.Languages\bin\Debug\net8.0\Dev2.Development.Languages.dll [C:\Users\ultra\warewolf\Dev\Dev2.Studio\Dev2.Studio.csproj]
C:\Program Files\dotnet\sdk\10.0.201\Microsoft.Common.CurrentVersion.targets(2451,5): warning MSB3277:             C:\Users\ultra\warewolf\Dev\Dev2.Services.Sql\bin\Debug\net8.0\Dev2.Services.Sql.dll [C:\Users\ultra\warewolf\Dev\Dev2.Studio\Dev2.Studio.csproj]
C:\Program Files\dotnet\sdk\10.0.201\Microsoft.Common.CurrentVersion.targets(2451,5): warning MSB3277:             C:\Users\ultra\warewolf\Dev\Warewolf.AI.Harness\bin\Debug\net8.0\Warewolf.AI.Harness.dll [C:\Users\ultra\warewolf\Dev\Dev2.Studio\Dev2.Studio.csproj]
C:\Program Files\dotnet\sdk\10.0.201\Microsoft.Common.CurrentVersion.targets(2451,5): warning MSB3277:             C:\Users\ultra\warewolf\Dev\Warewolf.Driver.Serilog\bin\Debug\net8.0\Warewolf.Driver.Serilog.dll [C:\Users\ultra\warewolf\Dev\Dev2.Studio\Dev2.Studio.csproj]
C:\Program Files\dotnet\sdk\10.0.201\Microsoft.Common.CurrentVersion.targets(2451,5): warning MSB3277:             C:\Users\ultra\.nuget\packages\mindbox.data.linq\5.0.0\lib\netstandard2.0\Mindbox.Data.Linq.dll [C:\Users\ultra\warewolf\Dev\Dev2.Studio\Dev2.Studio.csproj]
C:\Program Files\dotnet\sdk\10.0.201\Microsoft.Common.CurrentVersion.targets(2451,5): warning MSB3277:             C:\Users\ultra\.nuget\packages\mysql.data\8.4.0\lib\net8.0\MySql.Data.dll [C:\Users\ultra\warewolf\Dev\Dev2.Studio\Dev2.Studio.csproj]
C:\Program Files\dotnet\sdk\10.0.201\Microsoft.Common.CurrentVersion.targets(2451,5): warning MSB3277:             C:\Users\ultra\.nuget\packages\oracle.manageddataaccess.core\3.21.70\lib\netstandard2.1\Oracle.ManagedDataAccess.dll [C:\Users\ultra\warewolf\Dev\Dev2.Studio\Dev2.Studio.csproj]
C:\Program Files\dotnet\sdk\10.0.201\Microsoft.Common.CurrentVersion.targets(2451,5): warning MSB3277:             C:\Users\ultra\.nuget\packages\system.directoryservices\6.0.0\lib\net6.0\System.DirectoryServices.dll [C:\Users\ultra\warewolf\Dev\Dev2.Studio\Dev2.Studio.csproj]
C:\Program Files\dotnet\sdk\10.0.201\Microsoft.Common.CurrentVersion.targets(2451,5): warning MSB3277:             C:\Users\ultra\.nuget\packages\corewcf.primitives\1.2.1\lib\netstandard2.0\CoreWCF.Primitives.dll [C:\Users\ultra\warewolf\Dev\Dev2.Studio\Dev2.Studio.csproj]
C:\Program Files\dotnet\sdk\10.0.201\Microsoft.Common.CurrentVersion.targets(2451,5): warning MSB3277:             C:\Users\ultra\.nuget\packages\corewcf.http\1.2.1\lib\netstandard2.0\CoreWCF.Http.dll [C:\Users\ultra\warewolf\Dev\Dev2.Studio\Dev2.Studio.csproj]
C:\Program Files\dotnet\sdk\10.0.201\Microsoft.Common.CurrentVersion.targets(2451,5): warning MSB3277:             C:\Users\ultra\.nuget\packages\corewcf.nettcp\1.2.1\lib\netstandard2.0\CoreWCF.NetTcp.dll [C:\Users\ultra\warewolf\Dev\Dev2.Studio\Dev2.Studio.csproj]
C:\Program Files\dotnet\sdk\10.0.201\Microsoft.Common.CurrentVersion.targets(2451,5): warning MSB3277:             C:\Users\ultra\.nuget\packages\corewcf.webhttp\1.2.1\lib\netstandard2.0\CoreWCF.WebHttp.dll [C:\Users\ultra\warewolf\Dev\Dev2.Studio\Dev2.Studio.csproj]
C:\Program Files\dotnet\sdk\10.0.201\Microsoft.Common.CurrentVersion.targets(2451,5): warning MSB3277:             C:\Program Files\dotnet\packs\Microsoft.NETCore.App.Ref\8.0.25\ref/net8.0/System.Configuration.dll [C:\Users\ultra\warewolf\Dev\Dev2.Studio\Dev2.Studio.csproj]
C:\Program Files\dotnet\sdk\10.0.201\Microsoft.Common.CurrentVersion.targets(2451,5): warning MSB3277:             C:\Users\ultra\.nuget\packages\prism.composition\5.0.0\lib\NET45\Microsoft.Practices.Prism.Composition.dll [C:\Users\ultra\warewolf\Dev\Dev2.Studio\Dev2.Studio.csproj]
C:\Program Files\dotnet\sdk\10.0.201\Microsoft.Common.CurrentVersion.targets(2451,5): warning MSB3277:             C:\Users\ultra\.nuget\packages\prism.unityextensions\5.0.1\lib\NET45\Microsoft.Practices.Prism.UnityExtensions.dll [C:\Users\ultra\warewolf\Dev\Dev2.Studio\Dev2.Studio.csproj]
C:\Program Files\dotnet\sdk\10.0.201\Microsoft.Common.CurrentVersion.targets(2451,5): warning MSB3277:             C:\Users\ultra\.nuget\packages\prism.wpf\9.0.537\lib\net462\Prism.Wpf.dll [C:\Users\ultra\warewolf\Dev\Dev2.Studio\Dev2.Studio.csproj]
C:\Program Files\dotnet\sdk\10.0.201\Microsoft.Common.CurrentVersion.targets(2451,5): warning MSB3277:             C:\Program Files\dotnet\packs\Microsoft.NETCore.App.Ref\8.0.25\ref/net8.0/System.Data.dll [C:\Users\ultra\warewolf\Dev\Dev2.Studio\Dev2.Studio.csproj]
C:\Program Files\dotnet\sdk\10.0.201\Microsoft.Common.CurrentVersion.targets(2451,5): warning MSB3277:             C:\Users\ultra\.nuget\packages\taskschedulereditor\2.10.1\lib\net452\Microsoft.Win32.TaskSchedulerEditor.dll [C:\Users\ultra\warewolf\Dev\Dev2.Studio\Dev2.Studio.csproj]
C:\Program Files\dotnet\sdk\10.0.201\Microsoft.Common.CurrentVersion.targets(2451,5): warning MSB3277:             C:\Program Files\dotnet\packs\Microsoft.NETCore.App.Ref\8.0.25\ref/net8.0/System.Drawing.dll [C:\Users\ultra\warewolf\Dev\Dev2.Studio\Dev2.Studio.csproj]
C:\Program Files\dotnet\sdk\10.0.201\Microsoft.Common.CurrentVersion.targets(2451,5): warning MSB3277:             C:\Users\ultra\.nuget\packages\aerowizard\2.3.1\lib\net45\AeroWizard.dll [C:\Users\ultra\warewolf\Dev\Dev2.Studio\Dev2.Studio.csproj]
C:\Program Files\dotnet\sdk\10.0.201\Microsoft.Common.CurrentVersion.targets(2451,5): warning MSB3277:             C:\Users\ultra\.nuget\packages\avalonedit\6.3.0.90\lib\net462\ICSharpCode.AvalonEdit.dll [C:\Users\ultra\warewolf\Dev\Dev2.Studio\Dev2.Studio.csproj]
C:\Program Files\dotnet\sdk\10.0.201\Microsoft.Common.CurrentVersion.targets(2451,5): warning MSB3277:             C:\Users\ultra\.nuget\packages\groupcontrols\1.9.0\lib\net45\GroupControls.dll [C:\Users\ultra\warewolf\Dev\Dev2.Studio\Dev2.Studio.csproj]
C:\Program Files\dotnet\sdk\10.0.201\Microsoft.Common.CurrentVersion.targets(2451,5): warning MSB3277:             C:\Program Files\dotnet\packs\Microsoft.NETCore.App.Ref\8.0.25\ref/net8.0/System.Net.dll [C:\Users\ultra\warewolf\Dev\Dev2.Studio\Dev2.Studio.csproj]
C:\Program Files\dotnet\sdk\10.0.201\Microsoft.Common.CurrentVersion.targets(2451,5): warning MSB3277:             C:\Program Files\dotnet\packs\Microsoft.NETCore.App.Ref\8.0.25\ref/net8.0/System.Security.dll [C:\Users\ultra\warewolf\Dev\Dev2.Studio\Dev2.Studio.csproj]
C:\Program Files\dotnet\sdk\10.0.201\Microsoft.Common.CurrentVersion.targets(2451,5): warning MSB3277:             C:\Program Files\dotnet\packs\Microsoft.NETCore.App.Ref\8.0.25\ref/net8.0/System.ServiceProcess.dll [C:\Users\ultra\warewolf\Dev\Dev2.Studio\Dev2.Studio.csproj]
C:\Program Files\dotnet\sdk\10.0.201\Microsoft.Common.CurrentVersion.targets(2451,5): warning MSB3277:             C:\Program Files\dotnet\packs\Microsoft.NETCore.App.Ref\8.0.25\ref/net8.0/System.Transactions.dll [C:\Users\ultra\warewolf\Dev\Dev2.Studio\Dev2.Studio.csproj]
C:\Program Files\dotnet\sdk\10.0.201\Microsoft.Common.CurrentVersion.targets(2451,5): warning MSB3277:             C:\Program Files\dotnet\packs\Microsoft.NETCore.App.Ref\8.0.25\ref/net8.0/System.dll [C:\Users\ultra\warewolf\Dev\Dev2.Studio\Dev2.Studio.csproj]
C:\Program Files\dotnet\sdk\10.0.201\Microsoft.Common.CurrentVersion.targets(2451,5): warning MSB3277:             C:\Users\ultra\.nuget\packages\fontawesome.wpf\4.7.0.9\lib\net40\FontAwesome.WPF.dll [C:\Users\ultra\warewolf\Dev\Dev2.Studio\Dev2.Studio.csproj]
C:\Program Files\dotnet\sdk\10.0.201\Microsoft.Common.CurrentVersion.targets(2451,5): warning MSB3277:             C:\Users\ultra\.nuget\packages\log4net.async\2.0.4\lib\net40\Log4Net.Async.dll [C:\Users\ultra\warewolf\Dev\Dev2.Studio\Dev2.Studio.csproj]
C:\Program Files\dotnet\sdk\10.0.201\Microsoft.Common.CurrentVersion.targets(2451,5): warning MSB3277:             C:\Users\ultra\.nuget\packages\microsoft.xaml.behaviors.wpf\1.1.122\lib\net462\Microsoft.Xaml.Behaviors.dll [C:\Users\ultra\warewolf\Dev\Dev2.Studio\Dev2.Studio.csproj]
C:\Program Files\dotnet\sdk\10.0.201\Microsoft.Common.CurrentVersion.targets(2451,5): warning MSB3277:             C:\Users\ultra\.nuget\packages\caliburn.micro\4.0.212\lib\netcoreapp3.1\Caliburn.Micro.Platform.dll [C:\Users\ultra\warewolf\Dev\Dev2.Studio\Dev2.Studio.csproj]
C:\Program Files\dotnet\sdk\10.0.201\Microsoft.Common.CurrentVersion.targets(2451,5): warning MSB3277:             C:\Users\ultra\.nuget\packages\prism.interactivity\5.0.0\lib\NET45\Microsoft.Practices.Prism.Interactivity.dll [C:\Users\ultra\warewolf\Dev\Dev2.Studio\Dev2.Studio.csproj]
C:\Program Files\dotnet\sdk\10.0.201\Microsoft.Common.CurrentVersion.targets(2451,5): warning MSB3277:             C:\Users\ultra\.nuget\packages\prism.mvvm\1.0.0\lib\net45\Microsoft.Practices.Prism.Mvvm.Desktop.dll [C:\Users\ultra\warewolf\Dev\Dev2.Studio\Dev2.Studio.csproj]
C:\Program Files\dotnet\sdk\10.0.201\Microsoft.Common.CurrentVersion.targets(2451,5): warning MSB3277:             C:\Users\ultra\.nuget\packages\reactiveui.wpf\18.4.1\lib\net462\ReactiveUI.Wpf.dll [C:\Users\ultra\warewolf\Dev\Dev2.Studio\Dev2.Studio.csproj]
C:\Program Files\dotnet\sdk\10.0.201\Microsoft.Common.CurrentVersion.targets(2451,5): warning MSB3277:             C:\Users\ultra\.nuget\packages\ttcue.netcore.sharepointonline.csom.16.1.8029.1200\16.1.8029.1200\lib\netcoreapp2.0\Microsoft.SharePoint.Client.Runtime.Windows.dll [C:\Users\ultra\warewolf\Dev\Dev2.Studio\Dev2.Studio.csproj]
C:\Program Files\dotnet\sdk\10.0.201\Microsoft.Common.CurrentVersion.targets(2451,5): warning MSB3277:             C:\Program Files\dotnet\packs\Microsoft.NETCore.App.Ref\8.0.25\ref/net8.0/WindowsBase.dll [C:\Users\ultra\warewolf\Dev\Dev2.Studio\Dev2.Studio.csproj]
C:\Program Files\dotnet\sdk\10.0.201\Microsoft.Common.CurrentVersion.targets(2451,5): warning MSB3277:             C:\Program Files\dotnet\packs\Microsoft.NETCore.App.Ref\8.0.25\ref/net8.0/mscorlib.dll [C:\Users\ultra\warewolf\Dev\Dev2.Studio\Dev2.Studio.csproj]
C:\Program Files\dotnet\sdk\10.0.201\Microsoft.Common.CurrentVersion.targets(2451,5): warning MSB3277:             C:\Users\ultra\.nuget\packages\hangfire.core\1.7.32\lib\netstandard2.0\Hangfire.Core.dll [C:\Users\ultra\warewolf\Dev\Dev2.Studio\Dev2.Studio.csproj]
C:\Program Files\dotnet\sdk\10.0.201\Microsoft.Common.CurrentVersion.targets(2451,5): warning MSB3277:             C:\Users\ultra\.nuget\packages\hangfire.sqlserver\1.7.32\lib\netstandard2.0\Hangfire.SqlServer.dll [C:\Users\ultra\warewolf\Dev\Dev2.Studio\Dev2.Studio.csproj]
C:\Program Files\dotnet\sdk\10.0.201\Microsoft.Common.CurrentVersion.targets(2451,5): warning MSB3277:             C:\Users\ultra\.nuget\packages\unofficial.microsoft.mshtml\7.0.3300\lib\net40\Microsoft.mshtml.dll [C:\Users\ultra\warewolf\Dev\Dev2.Studio\Dev2.Studio.csproj]
C:\Program Files\dotnet\sdk\10.0.201\Microsoft.Common.CurrentVersion.targets(2451,5): warning MSB3277:         C:\Program Files\dotnet\packs\Microsoft.NETCore.App.Ref\8.0.25\ref\net8.0\System.Drawing.dll [C:\Users\ultra\warewolf\Dev\Dev2.Studio\Dev2.Studio.csproj]
C:\Program Files\dotnet\sdk\10.0.201\Microsoft.Common.CurrentVersion.targets(2451,5): warning MSB3277:           Project file item includes which caused reference "C:\Program Files\dotnet\packs\Microsoft.NETCore.App.Ref\8.0.25\ref\net8.0\System.Drawing.dll". [C:\Users\ultra\warewolf\Dev\Dev2.Studio\Dev2.Studio.csproj]
C:\Program Files\dotnet\sdk\10.0.201\Microsoft.Common.CurrentVersion.targets(2451,5): warning MSB3277:             C:\Program Files\dotnet\packs\Microsoft.NETCore.App.Ref\8.0.25\ref/net8.0/System.Drawing.dll [C:\Users\ultra\warewolf\Dev\Dev2.Studio\Dev2.Studio.csproj]
C:\Program Files\dotnet\sdk\10.0.201\Microsoft.Common.CurrentVersion.targets(2451,5): warning MSB3277:             C:\Users\ultra\.nuget\packages\aerowizard\2.3.1\lib\net45\AeroWizard.dll [C:\Users\ultra\warewolf\Dev\Dev2.Studio\Dev2.Studio.csproj]
C:\Program Files\dotnet\sdk\10.0.201\Microsoft.Common.CurrentVersion.targets(2451,5): warning MSB3277:             C:\Users\ultra\.nuget\packages\avalonedit\6.3.0.90\lib\net462\ICSharpCode.AvalonEdit.dll [C:\Users\ultra\warewolf\Dev\Dev2.Studio\Dev2.Studio.csproj]
C:\Program Files\dotnet\sdk\10.0.201\Microsoft.Common.CurrentVersion.targets(2451,5): warning MSB3277:             C:\Users\ultra\.nuget\packages\groupcontrols\1.9.0\lib\net45\GroupControls.dll [C:\Users\ultra\warewolf\Dev\Dev2.Studio\Dev2.Studio.csproj]
C:\Program Files\dotnet\sdk\10.0.201\Microsoft.Common.CurrentVersion.targets(2451,5): warning MSB3277:             C:\Users\ultra\.nuget\packages\taskschedulereditor\2.10.1\lib\net452\Microsoft.Win32.TaskSchedulerEditor.dll [C:\Users\ultra\warewolf\Dev\Dev2.Studio\Dev2.Studio.csproj]
C:\Program Files\dotnet\sdk\10.0.201\Microsoft.CSharp.CurrentVersion.targets(130,9): warning MSB3884: Could not find rule set file "..\.sonarlint\warewolf_dotnet_frameworkcsharp.ruleset". [C:\Users\ultra\warewolf\Dev\Dev2.Studio\Dev2.Studio.csproj]
C:\Program Files\dotnet\sdk\10.0.201\Microsoft.CSharp.CurrentVersion.targets(130,9): warning MSB3884: Could not find rule set file "..\.sonarlint\warewolf_dotnet_frameworkcsharp.ruleset". [C:\Users\ultra\warewolf\Dev\Dev2.Studio\Dev2.Studio.csproj]
C:\Users\ultra\warewolf\Dev\Dev2.Diagnostics.Tests\PerfCountersOpsTests.cs(27,21): warning CA1416: This call site is reachable on all platforms. 'PerformanceCounterCategory.Delete(string)' is only supported on: 'windows'. (https://learn.microsoft.com/dotnet/fundamentals/code-analysis/quality-rules/ca1416) [C:\Users\ultra\warewolf\Dev\Dev2.Diagnostics.Tests\Dev2.Diagnostics.Tests.csproj]
C:\Users\ultra\warewolf\Dev\Dev2.Diagnostics.Tests\TestPerfCounterManager.cs(24,21): warning CA1416: This call site is reachable on all platforms. 'PerformanceCounterCategory.Delete(string)' is only supported on: 'windows'. (https://learn.microsoft.com/dotnet/fundamentals/code-analysis/quality-rules/ca1416) [C:\Users\ultra\warewolf\Dev\Dev2.Diagnostics.Tests\Dev2.Diagnostics.Tests.csproj]
C:\Users\ultra\warewolf\Dev\Dev2.Diagnostics.Tests\TestExecutionContainer.cs(31,17): warning CA1416: This call site is reachable on all platforms. 'PerformanceCounterCategory.Delete(string)' is only supported on: 'windows'. (https://learn.microsoft.com/dotnet/fundamentals/code-analysis/quality-rules/ca1416) [C:\Users\ultra\warewolf\Dev\Dev2.Diagnostics.Tests\Dev2.Diagnostics.Tests.csproj]
C:\Users\ultra\warewolf\Dev\Dev2.Diagnostics.Tests\PerfCountersOpsTests.cs(26,21): warning CA1416: This call site is reachable on all platforms. 'PerformanceCounterCategory.Delete(string)' is only supported on: 'windows'. (https://learn.microsoft.com/dotnet/fundamentals/code-analysis/quality-rules/ca1416) [C:\Users\ultra\warewolf\Dev\Dev2.Diagnostics.Tests\Dev2.Diagnostics.Tests.csproj]
C:\Users\ultra\warewolf\Dev\Dev2.Diagnostics.Tests\PerfCounterBuilderTest.cs(25,17): warning CA1416: This call site is reachable on all platforms. 'PerformanceCounterCategory.Delete(string)' is only supported on: 'windows'. (https://learn.microsoft.com/dotnet/fundamentals/code-analysis/quality-rules/ca1416) [C:\Users\ultra\warewolf\Dev\Dev2.Diagnostics.Tests\Dev2.Diagnostics.Tests.csproj]
C:\Users\ultra\warewolf\Dev\Dev2.Diagnostics.Tests\PerfCounterBuilderTest.cs(88,17): warning CA1416: This call site is reachable on all platforms. 'PerformanceCounterCategory.Delete(string)' is only supported on: 'windows'. (https://learn.microsoft.com/dotnet/fundamentals/code-analysis/quality-rules/ca1416) [C:\Users\ultra\warewolf\Dev\Dev2.Diagnostics.Tests\Dev2.Diagnostics.Tests.csproj]
  Dev2.Diagnostics.Tests -> C:\Users\ultra\warewolf\Dev\Dev2.Diagnostics.Tests\bin\Debug\net8.0\Dev2.Diagnostics.Tests.dll
  Dev2.Studio -> C:\Users\ultra\warewolf\Dev\Dev2.Studio\bin\Debug\net8.0\Warewolf Studio.dll
  Dev2.Studio -> C:\Users\ultra\warewolf\Dev\Dev2.Studio\bin\Debug\net8.0\linux-x64\Warewolf Studio.dll
  Dev2.Infrastructure.Tests -> C:\Users\ultra\warewolf\Dev\Dev2.Infrastructure.Tests\bin\Debug\net8.0\linux-x64\Dev2.Infrastructure.Tests.dll
C:\Program Files\dotnet\sdk\10.0.201\Microsoft.Common.CurrentVersion.targets(2451,5): warning MSB3245: Could not resolve this reference. Could not locate the assembly "System.Activities.Core.Presentation". Check to make sure the assembly exists on disk. If this reference is required by your code, you may get compilation errors. [C:\Users\ultra\warewolf\Dev\Dev2.Studio.Core.Tests\Dev2.Studio.Core.Tests.csproj]
C:\Program Files\dotnet\sdk\10.0.201\Microsoft.Common.CurrentVersion.targets(2451,5): warning MSB3277: Found conflicts between different versions of "Microsoft.Win32.SystemEvents" that could not be resolved. [C:\Users\ultra\warewolf\Dev\Dev2.Studio.Core.Tests\Dev2.Studio.Core.Tests.csproj]
C:\Program Files\dotnet\sdk\10.0.201\Microsoft.Common.CurrentVersion.targets(2451,5): warning MSB3277: There was a conflict between "Microsoft.Win32.SystemEvents, Version=6.0.0.0, Culture=neutral, PublicKeyToken=cc7b13ffcd2ddd51" and "Microsoft.Win32.SystemEvents, Version=7.0.0.0, Culture=neutral, PublicKeyToken=cc7b13ffcd2ddd51". [C:\Users\ultra\warewolf\Dev\Dev2.Studio.Core.Tests\Dev2.Studio.Core.Tests.csproj]
C:\Program Files\dotnet\sdk\10.0.201\Microsoft.Common.CurrentVersion.targets(2451,5): warning MSB3277:     "Microsoft.Win32.SystemEvents, Version=6.0.0.0, Culture=neutral, PublicKeyToken=cc7b13ffcd2ddd51" was chosen because it was primary and "Microsoft.Win32.SystemEvents, Version=7.0.0.0, Culture=neutral, PublicKeyToken=cc7b13ffcd2ddd51" was not. [C:\Users\ultra\warewolf\Dev\Dev2.Studio.Core.Tests\Dev2.Studio.Core.Tests.csproj]
C:\Program Files\dotnet\sdk\10.0.201\Microsoft.Common.CurrentVersion.targets(2451,5): warning MSB3277:     References which depend on "Microsoft.Win32.SystemEvents, Version=6.0.0.0, Culture=neutral, PublicKeyToken=cc7b13ffcd2ddd51" [C:\Users\ultra\.nuget\packages\microsoft.win32.systemevents\6.0.0\lib\net6.0\Microsoft.Win32.SystemEvents.dll]. [C:\Users\ultra\warewolf\Dev\Dev2.Studio.Core.Tests\Dev2.Studio.Core.Tests.csproj]
C:\Program Files\dotnet\sdk\10.0.201\Microsoft.Common.CurrentVersion.targets(2451,5): warning MSB3277:         C:\Users\ultra\.nuget\packages\microsoft.win32.systemevents\6.0.0\lib\net6.0\Microsoft.Win32.SystemEvents.dll [C:\Users\ultra\warewolf\Dev\Dev2.Studio.Core.Tests\Dev2.Studio.Core.Tests.csproj]
C:\Program Files\dotnet\sdk\10.0.201\Microsoft.Common.CurrentVersion.targets(2451,5): warning MSB3277:           Project file item includes which caused reference "C:\Users\ultra\.nuget\packages\microsoft.win32.systemevents\6.0.0\lib\net6.0\Microsoft.Win32.SystemEvents.dll". [C:\Users\ultra\warewolf\Dev\Dev2.Studio.Core.Tests\Dev2.Studio.Core.Tests.csproj]
C:\Program Files\dotnet\sdk\10.0.201\Microsoft.Common.CurrentVersion.targets(2451,5): warning MSB3277:             C:\Users\ultra\.nuget\packages\microsoft.win32.systemevents\6.0.0\lib\net6.0\Microsoft.Win32.SystemEvents.dll [C:\Users\ultra\warewolf\Dev\Dev2.Studio.Core.Tests\Dev2.Studio.Core.Tests.csproj]
C:\Program Files\dotnet\sdk\10.0.201\Microsoft.Common.CurrentVersion.targets(2451,5): warning MSB3277:     References which depend on or have been unified to "Microsoft.Win32.SystemEvents, Version=7.0.0.0, Culture=neutral, PublicKeyToken=cc7b13ffcd2ddd51" []. [C:\Users\ultra\warewolf\Dev\Dev2.Studio.Core.Tests\Dev2.Studio.Core.Tests.csproj]
C:\Program Files\dotnet\sdk\10.0.201\Microsoft.Common.CurrentVersion.targets(2451,5): warning MSB3277:         C:\Users\ultra\warewolf\Dev\Dev2.Common\bin\Debug\net8.0\Dev2.Common.dll [C:\Users\ultra\warewolf\Dev\Dev2.Studio.Core.Tests\Dev2.Studio.Core.Tests.csproj]
C:\Program Files\dotnet\sdk\10.0.201\Microsoft.Common.CurrentVersion.targets(2451,5): warning MSB3277:           Project file item includes which caused reference "C:\Users\ultra\warewolf\Dev\Dev2.Common\bin\Debug\net8.0\Dev2.Common.dll". [C:\Users\ultra\warewolf\Dev\Dev2.Studio.Core.Tests\Dev2.Studio.Core.Tests.csproj]
C:\Program Files\dotnet\sdk\10.0.201\Microsoft.Common.CurrentVersion.targets(2451,5): warning MSB3277:             C:\Users\ultra\warewolf\Dev\Dev2.Common\bin\Debug\net8.0\Dev2.Common.dll [C:\Users\ultra\warewolf\Dev\Dev2.Studio.Core.Tests\Dev2.Studio.Core.Tests.csproj]
C:\Program Files\dotnet\sdk\10.0.201\Microsoft.Common.CurrentVersion.targets(2451,5): warning MSB3277:             C:\Users\ultra\warewolf\Dev\Dev2.Data\bin\Debug\net8.0\Dev2.Data.dll [C:\Users\ultra\warewolf\Dev\Dev2.Studio.Core.Tests\Dev2.Studio.Core.Tests.csproj]
C:\Program Files\dotnet\sdk\10.0.201\Microsoft.Common.CurrentVersion.targets(2451,5): warning MSB3277:             C:\Users\ultra\warewolf\Dev\Dev2.Diagnostics.Tests\bin\Debug\net8.0\Dev2.Diagnostics.Tests.dll [C:\Users\ultra\warewolf\Dev\Dev2.Studio.Core.Tests\Dev2.Studio.Core.Tests.csproj]
C:\Program Files\dotnet\sdk\10.0.201\Microsoft.Common.CurrentVersion.targets(2451,5): warning MSB3277:             C:\Users\ultra\warewolf\Dev\Dev2.Diagnostics\bin\Debug\net8.0\Dev2.Diagnostics.dll [C:\Users\ultra\warewolf\Dev\Dev2.Studio.Core.Tests\Dev2.Studio.Core.Tests.csproj]
C:\Program Files\dotnet\sdk\10.0.201\Microsoft.Common.CurrentVersion.targets(2451,5): warning MSB3277:             C:\Users\ultra\warewolf\Dev\Dev2.Infrastructure.Tests\bin\Debug\net8.0\Dev2.Infrastructure.Tests.dll [C:\Users\ultra\warewolf\Dev\Dev2.Studio.Core.Tests\Dev2.Studio.Core.Tests.csproj]
C:\Program Files\dotnet\sdk\10.0.201\Microsoft.Common.CurrentVersion.targets(2451,5): warning MSB3277:             C:\Users\ultra\warewolf\Dev\Dev2.Infrastructure\bin\Debug\net8.0\Dev2.Infrastructure.dll [C:\Users\ultra\warewolf\Dev\Dev2.Studio.Core.Tests\Dev2.Studio.Core.Tests.csproj]
C:\Program Files\dotnet\sdk\10.0.201\Microsoft.Common.CurrentVersion.targets(2451,5): warning MSB3277:             C:\Users\ultra\warewolf\Dev\Dev2.Intellisense\bin\Debug\net8.0\Dev2.Intellisense.dll [C:\Users\ultra\warewolf\Dev\Dev2.Studio.Core.Tests\Dev2.Studio.Core.Tests.csproj]
C:\Program Files\dotnet\sdk\10.0.201\Microsoft.Common.CurrentVersion.targets(2451,5): warning MSB3277:             C:\Users\ultra\warewolf\Dev\Dev2.Runtime.Services\bin\Debug\net8.0\Dev2.Runtime.Services.dll [C:\Users\ultra\warewolf\Dev\Dev2.Studio.Core.Tests\Dev2.Studio.Core.Tests.csproj]
C:\Program Files\dotnet\sdk\10.0.201\Microsoft.Common.CurrentVersion.targets(2451,5): warning MSB3277:             C:\Users\ultra\warewolf\Dev\Dev2.Runtime\bin\Debug\net8.0\Dev2.Runtime.dll [C:\Users\ultra\warewolf\Dev\Dev2.Studio.Core.Tests\Dev2.Studio.Core.Tests.csproj]
C:\Program Files\dotnet\sdk\10.0.201\Microsoft.Common.CurrentVersion.targets(2451,5): warning MSB3277:             C:\Users\ultra\warewolf\Dev\Dev2.Scheduler\bin\Debug\net8.0\Dev2.Scheduler.dll [C:\Users\ultra\warewolf\Dev\Dev2.Studio.Core.Tests\Dev2.Studio.Core.Tests.csproj]
C:\Program Files\dotnet\sdk\10.0.201\Microsoft.Common.CurrentVersion.targets(2451,5): warning MSB3277:             C:\Users\ultra\warewolf\Dev\Dev2.Studio.Core\bin\Debug\net8.0\Dev2.Studio.Core.dll [C:\Users\ultra\warewolf\Dev\Dev2.Studio.Core.Tests\Dev2.Studio.Core.Tests.csproj]
C:\Program Files\dotnet\sdk\10.0.201\Microsoft.Common.CurrentVersion.targets(2451,5): warning MSB3277:             C:\Users\ultra\warewolf\Dev\Dev2.Studio.Interfaces\bin\Debug\net8.0\Dev2.Studio.Interfaces.dll [C:\Users\ultra\warewolf\Dev\Dev2.Studio.Core.Tests\Dev2.Studio.Core.Tests.csproj]
C:\Program Files\dotnet\sdk\10.0.201\Microsoft.Common.CurrentVersion.targets(2451,5): warning MSB3277:             C:\Users\ultra\warewolf\Dev\Dev2.Studio\bin\Debug\net8.0\Warewolf Studio.dll [C:\Users\ultra\warewolf\Dev\Dev2.Studio.Core.Tests\Dev2.Studio.Core.Tests.csproj]
C:\Program Files\dotnet\sdk\10.0.201\Microsoft.Common.CurrentVersion.targets(2451,5): warning MSB3277:             C:\Users\ultra\warewolf\Dev\Dev2.Activities\bin\Debug\net8.0\Dev2.Activities.dll [C:\Users\ultra\warewolf\Dev\Dev2.Studio.Core.Tests\Dev2.Studio.Core.Tests.csproj]
C:\Program Files\dotnet\sdk\10.0.201\Microsoft.Common.CurrentVersion.targets(2451,5): warning MSB3277:             C:\Users\ultra\warewolf\Dev\Dev2.Core\bin\Debug\net8.0\Dev2.Core.dll [C:\Users\ultra\warewolf\Dev\Dev2.Studio.Core.Tests\Dev2.Studio.Core.Tests.csproj]
C:\Program Files\dotnet\sdk\10.0.201\Microsoft.Common.CurrentVersion.targets(2451,5): warning MSB3277:             C:\Users\ultra\warewolf\Dev\Dev2.TaskScheduler.Wrappers\bin\Debug\net8.0\Dev2.TaskScheduler.Wrappers.dll [C:\Users\ultra\warewolf\Dev\Dev2.Studio.Core.Tests\Dev2.Studio.Core.Tests.csproj]
C:\Program Files\dotnet\sdk\10.0.201\Microsoft.Common.CurrentVersion.targets(2451,5): warning MSB3277:             C:\Users\ultra\warewolf\Dev\Dev2.Util\bin\Debug\net8.0\Dev2.Util.dll [C:\Users\ultra\warewolf\Dev\Dev2.Studio.Core.Tests\Dev2.Studio.Core.Tests.csproj]
C:\Program Files\dotnet\sdk\10.0.201\Microsoft.Common.CurrentVersion.targets(2451,5): warning MSB3277:             C:\Users\ultra\warewolf\Dev\Warewolf.Core\bin\Debug\net8.0\Warewolf.Core.dll [C:\Users\ultra\warewolf\Dev\Dev2.Studio.Core.Tests\Dev2.Studio.Core.Tests.csproj]
C:\Program Files\dotnet\sdk\10.0.201\Microsoft.Common.CurrentVersion.targets(2451,5): warning MSB3277:             C:\Users\ultra\warewolf\Dev\Warewolf.MergeParser.Tests\bin\Debug\net8.0\Warewolf.MergeParser.Tests.dll [C:\Users\ultra\warewolf\Dev\Dev2.Studio.Core.Tests\Dev2.Studio.Core.Tests.csproj]
C:\Program Files\dotnet\sdk\10.0.201\Microsoft.Common.CurrentVersion.targets(2451,5): warning MSB3277:             C:\Users\ultra\warewolf\Dev\Warewolf.Studio.Core\bin\Debug\net8.0\Warewolf.Studio.Core.dll [C:\Users\ultra\warewolf\Dev\Dev2.Studio.Core.Tests\Dev2.Studio.Core.Tests.csproj]
C:\Program Files\dotnet\sdk\10.0.201\Microsoft.Common.CurrentVersion.targets(2451,5): warning MSB3277:             C:\Users\ultra\warewolf\Dev\Warewolf.Studio.ViewModels\bin\Debug\net8.0\Warewolf.Studio.ViewModels.dll [C:\Users\ultra\warewolf\Dev\Dev2.Studio.Core.Tests\Dev2.Studio.Core.Tests.csproj]
C:\Program Files\dotnet\sdk\10.0.201\Microsoft.Common.CurrentVersion.targets(2451,5): warning MSB3277:             C:\Users\ultra\warewolf\Dev\Warewolf.Testing\bin\Debug\net8.0\Warewolf.Testing.dll [C:\Users\ultra\warewolf\Dev\Dev2.Studio.Core.Tests\Dev2.Studio.Core.Tests.csproj]
C:\Program Files\dotnet\sdk\10.0.201\Microsoft.Common.CurrentVersion.targets(2451,5): warning MSB3277:             C:\Users\ultra\warewolf\Dev\Warewolf.Trigger.Queue\bin\Debug\net8.0\Warewolf.Trigger.Queue.dll [C:\Users\ultra\warewolf\Dev\Dev2.Studio.Core.Tests\Dev2.Studio.Core.Tests.csproj]
C:\Program Files\dotnet\sdk\10.0.201\Microsoft.Common.CurrentVersion.targets(2451,5): warning MSB3277:             C:\Users\ultra\warewolf\Dev\Warewolf.UI\bin\Debug\net8.0\Warewolf.UI.dll [C:\Users\ultra\warewolf\Dev\Dev2.Studio.Core.Tests\Dev2.Studio.Core.Tests.csproj]
C:\Program Files\dotnet\sdk\10.0.201\Microsoft.Common.CurrentVersion.targets(2451,5): warning MSB3277:             C:\Users\ultra\warewolf\Dev\Dev2.Development.Languages\bin\Debug\net8.0\Dev2.Development.Languages.dll [C:\Users\ultra\warewolf\Dev\Dev2.Studio.Core.Tests\Dev2.Studio.Core.Tests.csproj]
C:\Program Files\dotnet\sdk\10.0.201\Microsoft.Common.CurrentVersion.targets(2451,5): warning MSB3277:             C:\Users\ultra\warewolf\Dev\Dev2.Runtime.WebServer\bin\Debug\net8.0\Dev2.Runtime.WebServer.dll [C:\Users\ultra\warewolf\Dev\Dev2.Studio.Core.Tests\Dev2.Studio.Core.Tests.csproj]
C:\Program Files\dotnet\sdk\10.0.201\Microsoft.Common.CurrentVersion.targets(2451,5): warning MSB3277:             C:\Users\ultra\warewolf\Dev\Dev2.Services.Execution\bin\Debug\net8.0\Dev2.Services.Execution.dll [C:\Users\ultra\warewolf\Dev\Dev2.Studio.Core.Tests\Dev2.Studio.Core.Tests.csproj]
C:\Program Files\dotnet\sdk\10.0.201\Microsoft.Common.CurrentVersion.targets(2451,5): warning MSB3277:             C:\Users\ultra\warewolf\Dev\Dev2.Services.Sql\bin\Debug\net8.0\Dev2.Services.Sql.dll [C:\Users\ultra\warewolf\Dev\Dev2.Studio.Core.Tests\Dev2.Studio.Core.Tests.csproj]
C:\Program Files\dotnet\sdk\10.0.201\Microsoft.Common.CurrentVersion.targets(2451,5): warning MSB3277:             C:\Users\ultra\warewolf\Dev\Warewolf.HangfireServer\bin\Debug\net8.0\HangfireServer.dll [C:\Users\ultra\warewolf\Dev\Dev2.Studio.Core.Tests\Dev2.Studio.Core.Tests.csproj]
C:\Program Files\dotnet\sdk\10.0.201\Microsoft.Common.CurrentVersion.targets(2451,5): warning MSB3277:             C:\Users\ultra\warewolf\Dev\Warewolf.QueueWorker\bin\Debug\net8.0\QueueWorker.dll [C:\Users\ultra\warewolf\Dev\Dev2.Studio.Core.Tests\Dev2.Studio.Core.Tests.csproj]
C:\Program Files\dotnet\sdk\10.0.201\Microsoft.Common.CurrentVersion.targets(2451,5): warning MSB3277:             C:\Users\ultra\warewolf\Dev\Dev2.Server\bin\Debug\net8.0\Warewolf Server.dll [C:\Users\ultra\warewolf\Dev\Dev2.Studio.Core.Tests\Dev2.Studio.Core.Tests.csproj]
C:\Program Files\dotnet\sdk\10.0.201\Microsoft.Common.CurrentVersion.targets(2451,5): warning MSB3277:             C:\Users\ultra\warewolf\Dev\Warewolf.AI.Harness\bin\Debug\net8.0\Warewolf.AI.Harness.dll [C:\Users\ultra\warewolf\Dev\Dev2.Studio.Core.Tests\Dev2.Studio.Core.Tests.csproj]
C:\Program Files\dotnet\sdk\10.0.201\Microsoft.Common.CurrentVersion.targets(2451,5): warning MSB3277:             C:\Users\ultra\warewolf\Dev\Warewolf.Auditing\bin\Debug\net8.0\Warewolf.Auditing.dll [C:\Users\ultra\warewolf\Dev\Dev2.Studio.Core.Tests\Dev2.Studio.Core.Tests.csproj]
C:\Program Files\dotnet\sdk\10.0.201\Microsoft.Common.CurrentVersion.targets(2451,5): warning MSB3277:             C:\Users\ultra\warewolf\Dev\Warewolf.Common.Framework48\bin\Debug\net8.0\Warewolf.Common.Framework48.dll [C:\Users\ultra\warewolf\Dev\Dev2.Studio.Core.Tests\Dev2.Studio.Core.Tests.csproj]
C:\Program Files\dotnet\sdk\10.0.201\Microsoft.Common.CurrentVersion.targets(2451,5): warning MSB3277:             C:\Users\ultra\warewolf\Dev\Warewolf.Common.NetStandard20\bin\Debug\net8.0\Warewolf.Common.NetStandard20.dll [C:\Users\ultra\warewolf\Dev\Dev2.Studio.Core.Tests\Dev2.Studio.Core.Tests.csproj]
C:\Program Files\dotnet\sdk\10.0.201\Microsoft.Common.CurrentVersion.targets(2451,5): warning MSB3277:             C:\Users\ultra\warewolf\Dev\Warewolf.Driver.Persistence\bin\Debug\net8.0\Warewolf.Driver.Persistence.dll [C:\Users\ultra\warewolf\Dev\Dev2.Studio.Core.Tests\Dev2.Studio.Core.Tests.csproj]
C:\Program Files\dotnet\sdk\10.0.201\Microsoft.Common.CurrentVersion.targets(2451,5): warning MSB3277:             C:\Users\ultra\warewolf\Dev\Warewolf.Driver.Serilog\bin\Debug\net8.0\Warewolf.Driver.Serilog.dll [C:\Users\ultra\warewolf\Dev\Dev2.Studio.Core.Tests\Dev2.Studio.Core.Tests.csproj]
C:\Program Files\dotnet\sdk\10.0.201\Microsoft.Common.CurrentVersion.targets(2451,5): warning MSB3277:             C:\Users\ultra\warewolf\Dev\Warewolf.Exchange.Email.Wrapper\bin\Debug\net8.0\Warewolf.Exchange.Email.Wrapper.dll [C:\Users\ultra\warewolf\Dev\Dev2.Studio.Core.Tests\Dev2.Studio.Core.Tests.csproj]
C:\Program Files\dotnet\sdk\10.0.201\Microsoft.Common.CurrentVersion.targets(2451,5): warning MSB3277:             C:\Users\ultra\warewolf\Dev\Warewolf.PerfMon\bin\Debug\net8.0\Warewolf.PerfMon.dll [C:\Users\ultra\warewolf\Dev\Dev2.Studio.Core.Tests\Dev2.Studio.Core.Tests.csproj]
C:\Program Files\dotnet\sdk\10.0.201\Microsoft.Common.CurrentVersion.targets(2451,5): warning MSB3277:             C:\Users\ultra\warewolf\Dev\Warewolf.ResourceManagement\bin\Debug\net8.0\Warewolf.ResourceManagement.dll [C:\Users\ultra\warewolf\Dev\Dev2.Studio.Core.Tests\Dev2.Studio.Core.Tests.csproj]
C:\Program Files\dotnet\sdk\10.0.201\Microsoft.Common.CurrentVersion.targets(2451,5): warning MSB3277:             C:\Users\ultra\warewolf\Dev\Warewolf.Sharepoint\bin\Debug\net8.0\Warewolf.Sharepoint.dll [C:\Users\ultra\warewolf\Dev\Dev2.Studio.Core.Tests\Dev2.Studio.Core.Tests.csproj]
C:\Program Files\dotnet\sdk\10.0.201\Microsoft.Common.CurrentVersion.targets(2451,5): warning MSB3277:             C:\Users\ultra\warewolf\Dev\Warewolf.Storage\bin\Debug\net8.0\Warewolf.Storage.dll [C:\Users\ultra\warewolf\Dev\Dev2.Studio.Core.Tests\Dev2.Studio.Core.Tests.csproj]
C:\Program Files\dotnet\sdk\10.0.201\Microsoft.Common.CurrentVersion.targets(2451,5): warning MSB3277:             C:\Users\ultra\warewolf\Dev\Warewolf.Studio.CustomControls\bin\Debug\net8.0\Warewolf.Studio.CustomControls.dll [C:\Users\ultra\warewolf\Dev\Dev2.Studio.Core.Tests\Dev2.Studio.Core.Tests.csproj]
C:\Program Files\dotnet\sdk\10.0.201\Microsoft.Common.CurrentVersion.targets(2451,5): warning MSB3277:             C:\Users\ultra\warewolf\Dev\Warewolf.Studio.Models\bin\Debug\net8.0\Warewolf.Studio.Models.dll [C:\Users\ultra\warewolf\Dev\Dev2.Studio.Core.Tests\Dev2.Studio.Core.Tests.csproj]
C:\Program Files\dotnet\sdk\10.0.201\Microsoft.Common.CurrentVersion.targets(2451,5): warning MSB3277:             C:\Users\ultra\warewolf\Dev\Warewolf.Logger\bin\Debug\net8.0\WarewolfLogger.dll [C:\Users\ultra\warewolf\Dev\Dev2.Studio.Core.Tests\Dev2.Studio.Core.Tests.csproj]
C:\Program Files\dotnet\sdk\10.0.201\Microsoft.Common.CurrentVersion.targets(2451,5): warning MSB3277:         C:\Users\ultra\warewolf\Dev\Binaries\Infragistcs_Net6\InfragisticsWPF4.v15.1.dll [C:\Users\ultra\warewolf\Dev\Dev2.Studio.Core.Tests\Dev2.Studio.Core.Tests.csproj]
C:\Program Files\dotnet\sdk\10.0.201\Microsoft.Common.CurrentVersion.targets(2451,5): warning MSB3277:           Project file item includes which caused reference "C:\Users\ultra\warewolf\Dev\Binaries\Infragistcs_Net6\InfragisticsWPF4.v15.1.dll". [C:\Users\ultra\warewolf\Dev\Dev2.Studio.Core.Tests\Dev2.Studio.Core.Tests.csproj]
C:\Program Files\dotnet\sdk\10.0.201\Microsoft.Common.CurrentVersion.targets(2451,5): warning MSB3277:             InfragisticsWPF4.v15.1, Version=15.1.20151.2055, Culture=neutral, PublicKeyToken=7dd5c3163f2cd0cb, processorArchitecture=MSIL [C:\Users\ultra\warewolf\Dev\Dev2.Studio.Core.Tests\Dev2.Studio.Core.Tests.csproj]
C:\Program Files\dotnet\sdk\10.0.201\Microsoft.Common.CurrentVersion.targets(2451,5): warning MSB3277:             InfragisticsWPF4.Controls.Interactions.XamDialogWindow.v15.1 [C:\Users\ultra\warewolf\Dev\Dev2.Studio.Core.Tests\Dev2.Studio.Core.Tests.csproj]
C:\Program Files\dotnet\sdk\10.0.201\Microsoft.Common.CurrentVersion.targets(2451,5): warning MSB3277:             InfragisticsWPF4.DockManager.v15.1, Version=15.1.20151.2055, Culture=neutral, PublicKeyToken=7dd5c3163f2cd0cb, processorArchitecture=MSIL [C:\Users\ultra\warewolf\Dev\Dev2.Studio.Core.Tests\Dev2.Studio.Core.Tests.csproj]
C:\Program Files\dotnet\sdk\10.0.201\Microsoft.Common.CurrentVersion.targets(2451,5): warning MSB3277:             InfragisticsWPF4.DataPresenter.v15.1 [C:\Users\ultra\warewolf\Dev\Dev2.Studio.Core.Tests\Dev2.Studio.Core.Tests.csproj]
C:\Program Files\dotnet\sdk\10.0.201\Microsoft.Common.CurrentVersion.targets(2451,5): warning MSB3277:         C:\Users\ultra\.nuget\packages\timespan2\2.4.2\lib\netcoreapp3.1\TimeSpan2.dll [C:\Users\ultra\warewolf\Dev\Dev2.Studio.Core.Tests\Dev2.Studio.Core.Tests.csproj]
C:\Program Files\dotnet\sdk\10.0.201\Microsoft.Common.CurrentVersion.targets(2451,5): warning MSB3277:           Project file item includes which caused reference "C:\Users\ultra\.nuget\packages\timespan2\2.4.2\lib\netcoreapp3.1\TimeSpan2.dll". [C:\Users\ultra\warewolf\Dev\Dev2.Studio.Core.Tests\Dev2.Studio.Core.Tests.csproj]
C:\Program Files\dotnet\sdk\10.0.201\Microsoft.Common.CurrentVersion.targets(2451,5): warning MSB3277:             C:\Users\ultra\.nuget\packages\timespan2\2.4.2\lib\netcoreapp3.1\TimeSpan2.dll [C:\Users\ultra\warewolf\Dev\Dev2.Studio.Core.Tests\Dev2.Studio.Core.Tests.csproj]
C:\Program Files\dotnet\sdk\10.0.201\Microsoft.Common.CurrentVersion.targets(2451,5): warning MSB3277:             C:\Users\ultra\.nuget\packages\taskschedulereditor\2.10.1\lib\net452\Microsoft.Win32.TaskSchedulerEditor.dll [C:\Users\ultra\warewolf\Dev\Dev2.Studio.Core.Tests\Dev2.Studio.Core.Tests.csproj]
C:\Program Files\dotnet\sdk\10.0.201\Microsoft.Common.CurrentVersion.targets(2451,5): warning MSB3277:         C:\Program Files\dotnet\packs\Microsoft.NETCore.App.Ref\8.0.25\ref\net8.0\System.dll [C:\Users\ultra\warewolf\Dev\Dev2.Studio.Core.Tests\Dev2.Studio.Core.Tests.csproj]
C:\Program Files\dotnet\sdk\10.0.201\Microsoft.Common.CurrentVersion.targets(2451,5): warning MSB3277:           Project file item includes which caused reference "C:\Program Files\dotnet\packs\Microsoft.NETCore.App.Ref\8.0.25\ref\net8.0\System.dll". [C:\Users\ultra\warewolf\Dev\Dev2.Studio.Core.Tests\Dev2.Studio.Core.Tests.csproj]
C:\Program Files\dotnet\sdk\10.0.201\Microsoft.Common.CurrentVersion.targets(2451,5): warning MSB3277:             C:\Program Files\dotnet\packs\Microsoft.NETCore.App.Ref\8.0.25\ref/net8.0/System.dll [C:\Users\ultra\warewolf\Dev\Dev2.Studio.Core.Tests\Dev2.Studio.Core.Tests.csproj]
C:\Program Files\dotnet\sdk\10.0.201\Microsoft.Common.CurrentVersion.targets(2451,5): warning MSB3277:             C:\Users\ultra\.nuget\packages\aerowizard\2.3.1\lib\net45\AeroWizard.dll [C:\Users\ultra\warewolf\Dev\Dev2.Studio.Core.Tests\Dev2.Studio.Core.Tests.csproj]
C:\Program Files\dotnet\sdk\10.0.201\Microsoft.Common.CurrentVersion.targets(2451,5): warning MSB3277:             C:\Users\ultra\.nuget\packages\avalonedit\6.3.0.90\lib\net462\ICSharpCode.AvalonEdit.dll [C:\Users\ultra\warewolf\Dev\Dev2.Studio.Core.Tests\Dev2.Studio.Core.Tests.csproj]
C:\Program Files\dotnet\sdk\10.0.201\Microsoft.Common.CurrentVersion.targets(2451,5): warning MSB3277:             C:\Users\ultra\.nuget\packages\fontawesome.wpf\4.7.0.9\lib\net40\FontAwesome.WPF.dll [C:\Users\ultra\warewolf\Dev\Dev2.Studio.Core.Tests\Dev2.Studio.Core.Tests.csproj]
C:\Program Files\dotnet\sdk\10.0.201\Microsoft.Common.CurrentVersion.targets(2451,5): warning MSB3277:             C:\Users\ultra\.nuget\packages\groupcontrols\1.9.0\lib\net45\GroupControls.dll [C:\Users\ultra\warewolf\Dev\Dev2.Studio.Core.Tests\Dev2.Studio.Core.Tests.csproj]
C:\Program Files\dotnet\sdk\10.0.201\Microsoft.Common.CurrentVersion.targets(2451,5): warning MSB3277:             C:\Users\ultra\.nuget\packages\log4net.async\2.0.4\lib\net40\Log4Net.Async.dll [C:\Users\ultra\warewolf\Dev\Dev2.Studio.Core.Tests\Dev2.Studio.Core.Tests.csproj]
C:\Program Files\dotnet\sdk\10.0.201\Microsoft.Common.CurrentVersion.targets(2451,5): warning MSB3277:             C:\Users\ultra\.nuget\packages\microsoft.xaml.behaviors.wpf\1.1.122\lib\net462\Microsoft.Xaml.Behaviors.dll [C:\Users\ultra\warewolf\Dev\Dev2.Studio.Core.Tests\Dev2.Studio.Core.Tests.csproj]
C:\Program Files\dotnet\sdk\10.0.201\Microsoft.Common.CurrentVersion.targets(2451,5): warning MSB3277:             C:\Users\ultra\.nuget\packages\caliburn.micro\4.0.212\lib\netcoreapp3.1\Caliburn.Micro.Platform.dll [C:\Users\ultra\warewolf\Dev\Dev2.Studio.Core.Tests\Dev2.Studio.Core.Tests.csproj]
C:\Program Files\dotnet\sdk\10.0.201\Microsoft.Common.CurrentVersion.targets(2451,5): warning MSB3277:             C:\Users\ultra\.nuget\packages\prism.composition\5.0.0\lib\NET45\Microsoft.Practices.Prism.Composition.dll [C:\Users\ultra\warewolf\Dev\Dev2.Studio.Core.Tests\Dev2.Studio.Core.Tests.csproj]
C:\Program Files\dotnet\sdk\10.0.201\Microsoft.Common.CurrentVersion.targets(2451,5): warning MSB3277:             C:\Users\ultra\.nuget\packages\prism.interactivity\5.0.0\lib\NET45\Microsoft.Practices.Prism.Interactivity.dll [C:\Users\ultra\warewolf\Dev\Dev2.Studio.Core.Tests\Dev2.Studio.Core.Tests.csproj]
C:\Program Files\dotnet\sdk\10.0.201\Microsoft.Common.CurrentVersion.targets(2451,5): warning MSB3277:             C:\Users\ultra\.nuget\packages\prism.mvvm\1.0.0\lib\net45\Microsoft.Practices.Prism.Mvvm.Desktop.dll [C:\Users\ultra\warewolf\Dev\Dev2.Studio.Core.Tests\Dev2.Studio.Core.Tests.csproj]
C:\Program Files\dotnet\sdk\10.0.201\Microsoft.Common.CurrentVersion.targets(2451,5): warning MSB3277:             C:\Users\ultra\.nuget\packages\prism.unityextensions\5.0.1\lib\NET45\Microsoft.Practices.Prism.UnityExtensions.dll [C:\Users\ultra\warewolf\Dev\Dev2.Studio.Core.Tests\Dev2.Studio.Core.Tests.csproj]
C:\Program Files\dotnet\sdk\10.0.201\Microsoft.Common.CurrentVersion.targets(2451,5): warning MSB3277:             C:\Users\ultra\.nuget\packages\prism.wpf\9.0.537\lib\net462\Prism.Wpf.dll [C:\Users\ultra\warewolf\Dev\Dev2.Studio.Core.Tests\Dev2.Studio.Core.Tests.csproj]
C:\Program Files\dotnet\sdk\10.0.201\Microsoft.Common.CurrentVersion.targets(2451,5): warning MSB3277:             C:\Users\ultra\.nuget\packages\reactiveui.wpf\18.4.1\lib\net462\ReactiveUI.Wpf.dll [C:\Users\ultra\warewolf\Dev\Dev2.Studio.Core.Tests\Dev2.Studio.Core.Tests.csproj]
C:\Program Files\dotnet\sdk\10.0.201\Microsoft.Common.CurrentVersion.targets(2451,5): warning MSB3277:             C:\Users\ultra\.nuget\packages\taskschedulereditor\2.10.1\lib\net452\Microsoft.Win32.TaskSchedulerEditor.dll [C:\Users\ultra\warewolf\Dev\Dev2.Studio.Core.Tests\Dev2.Studio.Core.Tests.csproj]
C:\Program Files\dotnet\sdk\10.0.201\Microsoft.Common.CurrentVersion.targets(2451,5): warning MSB3277:             C:\Users\ultra\.nuget\packages\ttcue.netcore.sharepointonline.csom.16.1.8029.1200\16.1.8029.1200\lib\netcoreapp2.0\Microsoft.SharePoint.Client.Runtime.Windows.dll [C:\Users\ultra\warewolf\Dev\Dev2.Studio.Core.Tests\Dev2.Studio.Core.Tests.csproj]
C:\Program Files\dotnet\sdk\10.0.201\Microsoft.Common.CurrentVersion.targets(2451,5): warning MSB3277:         C:\Users\ultra\warewolf\Dev\Binaries\Infragistcs_Net6\InfragisticsWPF4.Editors.v15.1.dll [C:\Users\ultra\warewolf\Dev\Dev2.Studio.Core.Tests\Dev2.Studio.Core.Tests.csproj]
C:\Program Files\dotnet\sdk\10.0.201\Microsoft.Common.CurrentVersion.targets(2451,5): warning MSB3277:           Project file item includes which caused reference "C:\Users\ultra\warewolf\Dev\Binaries\Infragistcs_Net6\InfragisticsWPF4.Editors.v15.1.dll". [C:\Users\ultra\warewolf\Dev\Dev2.Studio.Core.Tests\Dev2.Studio.Core.Tests.csproj]
C:\Program Files\dotnet\sdk\10.0.201\Microsoft.Common.CurrentVersion.targets(2451,5): warning MSB3277:             InfragisticsWPF4.DataPresenter.v15.1 [C:\Users\ultra\warewolf\Dev\Dev2.Studio.Core.Tests\Dev2.Studio.Core.Tests.csproj]
C:\Program Files\dotnet\sdk\10.0.201\Microsoft.Common.CurrentVersion.targets(2451,5): warning MSB3277: Found conflicts between different versions of "WindowsBase" that could not be resolved. [C:\Users\ultra\warewolf\Dev\Dev2.Studio.Core.Tests\Dev2.Studio.Core.Tests.csproj]
C:\Program Files\dotnet\sdk\10.0.201\Microsoft.Common.CurrentVersion.targets(2451,5): warning MSB3277: There was a conflict between "WindowsBase, Version=4.0.0.0, Culture=neutral, PublicKeyToken=31bf3856ad364e35" and "WindowsBase, Version=6.0.2.0, Culture=neutral, PublicKeyToken=31bf3856ad364e35". [C:\Users\ultra\warewolf\Dev\Dev2.Studio.Core.Tests\Dev2.Studio.Core.Tests.csproj]
C:\Program Files\dotnet\sdk\10.0.201\Microsoft.Common.CurrentVersion.targets(2451,5): warning MSB3277:     "WindowsBase, Version=4.0.0.0, Culture=neutral, PublicKeyToken=31bf3856ad364e35" was chosen because it was primary and "WindowsBase, Version=6.0.2.0, Culture=neutral, PublicKeyToken=31bf3856ad364e35" was not. [C:\Users\ultra\warewolf\Dev\Dev2.Studio.Core.Tests\Dev2.Studio.Core.Tests.csproj]
C:\Program Files\dotnet\sdk\10.0.201\Microsoft.Common.CurrentVersion.targets(2451,5): warning MSB3277:     References which depend on "WindowsBase, Version=4.0.0.0, Culture=neutral, PublicKeyToken=31bf3856ad364e35" [C:\Program Files\dotnet\packs\Microsoft.NETCore.App.Ref\8.0.25\ref\net8.0\WindowsBase.dll]. [C:\Users\ultra\warewolf\Dev\Dev2.Studio.Core.Tests\Dev2.Studio.Core.Tests.csproj]
C:\Program Files\dotnet\sdk\10.0.201\Microsoft.Common.CurrentVersion.targets(2451,5): warning MSB3277:         C:\Program Files\dotnet\packs\Microsoft.NETCore.App.Ref\8.0.25\ref\net8.0\WindowsBase.dll [C:\Users\ultra\warewolf\Dev\Dev2.Studio.Core.Tests\Dev2.Studio.Core.Tests.csproj]
C:\Program Files\dotnet\sdk\10.0.201\Microsoft.Common.CurrentVersion.targets(2451,5): warning MSB3277:           Project file item includes which caused reference "C:\Program Files\dotnet\packs\Microsoft.NETCore.App.Ref\8.0.25\ref\net8.0\WindowsBase.dll". [C:\Users\ultra\warewolf\Dev\Dev2.Studio.Core.Tests\Dev2.Studio.Core.Tests.csproj]
C:\Program Files\dotnet\sdk\10.0.201\Microsoft.Common.CurrentVersion.targets(2451,5): warning MSB3277:             C:\Program Files\dotnet\packs\Microsoft.NETCore.App.Ref\8.0.25\ref/net8.0/WindowsBase.dll [C:\Users\ultra\warewolf\Dev\Dev2.Studio.Core.Tests\Dev2.Studio.Core.Tests.csproj]
C:\Program Files\dotnet\sdk\10.0.201\Microsoft.Common.CurrentVersion.targets(2451,5): warning MSB3277:     References which depend on or have been unified to "WindowsBase, Version=6.0.2.0, Culture=neutral, PublicKeyToken=31bf3856ad364e35" []. [C:\Users\ultra\warewolf\Dev\Dev2.Studio.Core.Tests\Dev2.Studio.Core.Tests.csproj]
C:\Program Files\dotnet\sdk\10.0.201\Microsoft.Common.CurrentVersion.targets(2451,5): warning MSB3277:         C:\Users\ultra\warewolf\Dev\Binaries\Infragistcs_Net6\InfragisticsWPF4.Controls.Interactions.XamDialogWindow.v15.1.dll [C:\Users\ultra\warewolf\Dev\Dev2.Studio.Core.Tests\Dev2.Studio.Core.Tests.csproj]
C:\Program Files\dotnet\sdk\10.0.201\Microsoft.Common.CurrentVersion.targets(2451,5): warning MSB3277:           Project file item includes which caused reference "C:\Users\ultra\warewolf\Dev\Binaries\Infragistcs_Net6\InfragisticsWPF4.Controls.Interactions.XamDialogWindow.v15.1.dll". [C:\Users\ultra\warewolf\Dev\Dev2.Studio.Core.Tests\Dev2.Studio.Core.Tests.csproj]
C:\Program Files\dotnet\sdk\10.0.201\Microsoft.Common.CurrentVersion.targets(2451,5): warning MSB3277:             InfragisticsWPF4.Controls.Interactions.XamDialogWindow.v15.1 [C:\Users\ultra\warewolf\Dev\Dev2.Studio.Core.Tests\Dev2.Studio.Core.Tests.csproj]
C:\Program Files\dotnet\sdk\10.0.201\Microsoft.Common.CurrentVersion.targets(2451,5): warning MSB3277:         C:\Users\ultra\warewolf\Dev\Binaries\Infragistcs_Net6\InfragisticsWPF4.DockManager.v15.1.dll [C:\Users\ultra\warewolf\Dev\Dev2.Studio.Core.Tests\Dev2.Studio.Core.Tests.csproj]
C:\Program Files\dotnet\sdk\10.0.201\Microsoft.Common.CurrentVersion.targets(2451,5): warning MSB3277:           Project file item includes which caused reference "C:\Users\ultra\warewolf\Dev\Binaries\Infragistcs_Net6\InfragisticsWPF4.DockManager.v15.1.dll". [C:\Users\ultra\warewolf\Dev\Dev2.Studio.Core.Tests\Dev2.Studio.Core.Tests.csproj]
C:\Program Files\dotnet\sdk\10.0.201\Microsoft.Common.CurrentVersion.targets(2451,5): warning MSB3277:             InfragisticsWPF4.DockManager.v15.1, Version=15.1.20151.2055, Culture=neutral, PublicKeyToken=7dd5c3163f2cd0cb, processorArchitecture=MSIL [C:\Users\ultra\warewolf\Dev\Dev2.Studio.Core.Tests\Dev2.Studio.Core.Tests.csproj]
C:\Program Files\dotnet\sdk\10.0.201\Microsoft.Common.CurrentVersion.targets(2451,5): warning MSB3277:         C:\Users\ultra\warewolf\Dev\Binaries\Infragistcs_Net6\InfragisticsWPF4.v15.1.dll [C:\Users\ultra\warewolf\Dev\Dev2.Studio.Core.Tests\Dev2.Studio.Core.Tests.csproj]
C:\Program Files\dotnet\sdk\10.0.201\Microsoft.Common.CurrentVersion.targets(2451,5): warning MSB3277:           Project file item includes which caused reference "C:\Users\ultra\warewolf\Dev\Binaries\Infragistcs_Net6\InfragisticsWPF4.v15.1.dll". [C:\Users\ultra\warewolf\Dev\Dev2.Studio.Core.Tests\Dev2.Studio.Core.Tests.csproj]
C:\Program Files\dotnet\sdk\10.0.201\Microsoft.Common.CurrentVersion.targets(2451,5): warning MSB3277:             InfragisticsWPF4.v15.1, Version=15.1.20151.2055, Culture=neutral, PublicKeyToken=7dd5c3163f2cd0cb, processorArchitecture=MSIL [C:\Users\ultra\warewolf\Dev\Dev2.Studio.Core.Tests\Dev2.Studio.Core.Tests.csproj]
C:\Program Files\dotnet\sdk\10.0.201\Microsoft.Common.CurrentVersion.targets(2451,5): warning MSB3277:             InfragisticsWPF4.Controls.Interactions.XamDialogWindow.v15.1 [C:\Users\ultra\warewolf\Dev\Dev2.Studio.Core.Tests\Dev2.Studio.Core.Tests.csproj]
C:\Program Files\dotnet\sdk\10.0.201\Microsoft.Common.CurrentVersion.targets(2451,5): warning MSB3277:             InfragisticsWPF4.DockManager.v15.1, Version=15.1.20151.2055, Culture=neutral, PublicKeyToken=7dd5c3163f2cd0cb, processorArchitecture=MSIL [C:\Users\ultra\warewolf\Dev\Dev2.Studio.Core.Tests\Dev2.Studio.Core.Tests.csproj]
C:\Program Files\dotnet\sdk\10.0.201\Microsoft.Common.CurrentVersion.targets(2451,5): warning MSB3277:             InfragisticsWPF4.DataPresenter.v15.1 [C:\Users\ultra\warewolf\Dev\Dev2.Studio.Core.Tests\Dev2.Studio.Core.Tests.csproj]
C:\Program Files\dotnet\sdk\10.0.201\Microsoft.Common.CurrentVersion.targets(2451,5): warning MSB3277:         C:\Users\ultra\warewolf\Dev\Binaries\Infragistcs_Net6\InfragisticsWPF4.DataPresenter.v15.1.dll [C:\Users\ultra\warewolf\Dev\Dev2.Studio.Core.Tests\Dev2.Studio.Core.Tests.csproj]
C:\Program Files\dotnet\sdk\10.0.201\Microsoft.Common.CurrentVersion.targets(2451,5): warning MSB3277:           Project file item includes which caused reference "C:\Users\ultra\warewolf\Dev\Binaries\Infragistcs_Net6\InfragisticsWPF4.DataPresenter.v15.1.dll". [C:\Users\ultra\warewolf\Dev\Dev2.Studio.Core.Tests\Dev2.Studio.Core.Tests.csproj]
C:\Program Files\dotnet\sdk\10.0.201\Microsoft.Common.CurrentVersion.targets(2451,5): warning MSB3277:             InfragisticsWPF4.DataPresenter.v15.1 [C:\Users\ultra\warewolf\Dev\Dev2.Studio.Core.Tests\Dev2.Studio.Core.Tests.csproj]
C:\Program Files\dotnet\sdk\10.0.201\Microsoft.Common.CurrentVersion.targets(2451,5): warning MSB3277:         C:\Users\ultra\.nuget\packages\avalonedit\6.3.0.90\lib\net462\ICSharpCode.AvalonEdit.dll [C:\Users\ultra\warewolf\Dev\Dev2.Studio.Core.Tests\Dev2.Studio.Core.Tests.csproj]
C:\Program Files\dotnet\sdk\10.0.201\Microsoft.Common.CurrentVersion.targets(2451,5): warning MSB3277:           Project file item includes which caused reference "C:\Users\ultra\.nuget\packages\avalonedit\6.3.0.90\lib\net462\ICSharpCode.AvalonEdit.dll". [C:\Users\ultra\warewolf\Dev\Dev2.Studio.Core.Tests\Dev2.Studio.Core.Tests.csproj]
C:\Program Files\dotnet\sdk\10.0.201\Microsoft.Common.CurrentVersion.targets(2451,5): warning MSB3277:             C:\Users\ultra\.nuget\packages\avalonedit\6.3.0.90\lib\net462\ICSharpCode.AvalonEdit.dll [C:\Users\ultra\warewolf\Dev\Dev2.Studio.Core.Tests\Dev2.Studio.Core.Tests.csproj]
C:\Program Files\dotnet\sdk\10.0.201\Microsoft.Common.CurrentVersion.targets(2451,5): warning MSB3277:         C:\Users\ultra\.nuget\packages\caliburn.micro\4.0.212\lib\netcoreapp3.1\Caliburn.Micro.Platform.dll [C:\Users\ultra\warewolf\Dev\Dev2.Studio.Core.Tests\Dev2.Studio.Core.Tests.csproj]
C:\Program Files\dotnet\sdk\10.0.201\Microsoft.Common.CurrentVersion.targets(2451,5): warning MSB3277:           Project file item includes which caused reference "C:\Users\ultra\.nuget\packages\caliburn.micro\4.0.212\lib\netcoreapp3.1\Caliburn.Micro.Platform.dll". [C:\Users\ultra\warewolf\Dev\Dev2.Studio.Core.Tests\Dev2.Studio.Core.Tests.csproj]
C:\Program Files\dotnet\sdk\10.0.201\Microsoft.Common.CurrentVersion.targets(2451,5): warning MSB3277:             C:\Users\ultra\.nuget\packages\caliburn.micro\4.0.212\lib\netcoreapp3.1\Caliburn.Micro.Platform.dll [C:\Users\ultra\warewolf\Dev\Dev2.Studio.Core.Tests\Dev2.Studio.Core.Tests.csproj]
C:\Program Files\dotnet\sdk\10.0.201\Microsoft.Common.CurrentVersion.targets(2451,5): warning MSB3277:         C:\Users\ultra\.nuget\packages\extended.wpf.toolkit\4.4.0\lib\net5.0\Xceed.Wpf.AvalonDock.NET5.dll [C:\Users\ultra\warewolf\Dev\Dev2.Studio.Core.Tests\Dev2.Studio.Core.Tests.csproj]
C:\Program Files\dotnet\sdk\10.0.201\Microsoft.Common.CurrentVersion.targets(2451,5): warning MSB3277:           Project file item includes which caused reference "C:\Users\ultra\.nuget\packages\extended.wpf.toolkit\4.4.0\lib\net5.0\Xceed.Wpf.AvalonDock.NET5.dll". [C:\Users\ultra\warewolf\Dev\Dev2.Studio.Core.Tests\Dev2.Studio.Core.Tests.csproj]
C:\Program Files\dotnet\sdk\10.0.201\Microsoft.Common.CurrentVersion.targets(2451,5): warning MSB3277:             C:\Users\ultra\.nuget\packages\extended.wpf.toolkit\4.4.0\lib\net5.0\Xceed.Wpf.AvalonDock.NET5.dll [C:\Users\ultra\warewolf\Dev\Dev2.Studio.Core.Tests\Dev2.Studio.Core.Tests.csproj]
C:\Program Files\dotnet\sdk\10.0.201\Microsoft.Common.CurrentVersion.targets(2451,5): warning MSB3277:             C:\Users\ultra\.nuget\packages\extended.wpf.toolkit\4.4.0\lib\net5.0\Xceed.Wpf.AvalonDock.Themes.Aero.NET5.dll [C:\Users\ultra\warewolf\Dev\Dev2.Studio.Core.Tests\Dev2.Studio.Core.Tests.csproj]
C:\Program Files\dotnet\sdk\10.0.201\Microsoft.Common.CurrentVersion.targets(2451,5): warning MSB3277:             C:\Users\ultra\.nuget\packages\extended.wpf.toolkit\4.4.0\lib\net5.0\Xceed.Wpf.AvalonDock.Themes.Metro.NET5.dll [C:\Users\ultra\warewolf\Dev\Dev2.Studio.Core.Tests\Dev2.Studio.Core.Tests.csproj]
C:\Program Files\dotnet\sdk\10.0.201\Microsoft.Common.CurrentVersion.targets(2451,5): warning MSB3277:             C:\Users\ultra\.nuget\packages\extended.wpf.toolkit\4.4.0\lib\net5.0\Xceed.Wpf.AvalonDock.Themes.VS2010.NET5.dll [C:\Users\ultra\warewolf\Dev\Dev2.Studio.Core.Tests\Dev2.Studio.Core.Tests.csproj]
C:\Program Files\dotnet\sdk\10.0.201\Microsoft.Common.CurrentVersion.targets(2451,5): warning MSB3277:         C:\Users\ultra\.nuget\packages\extended.wpf.toolkit\4.4.0\lib\net5.0\Xceed.Wpf.AvalonDock.Themes.Aero.NET5.dll [C:\Users\ultra\warewolf\Dev\Dev2.Studio.Core.Tests\Dev2.Studio.Core.Tests.csproj]
C:\Program Files\dotnet\sdk\10.0.201\Microsoft.Common.CurrentVersion.targets(2451,5): warning MSB3277:           Project file item includes which caused reference "C:\Users\ultra\.nuget\packages\extended.wpf.toolkit\4.4.0\lib\net5.0\Xceed.Wpf.AvalonDock.Themes.Aero.NET5.dll". [C:\Users\ultra\warewolf\Dev\Dev2.Studio.Core.Tests\Dev2.Studio.Core.Tests.csproj]
C:\Program Files\dotnet\sdk\10.0.201\Microsoft.Common.CurrentVersion.targets(2451,5): warning MSB3277:             C:\Users\ultra\.nuget\packages\extended.wpf.toolkit\4.4.0\lib\net5.0\Xceed.Wpf.AvalonDock.Themes.Aero.NET5.dll [C:\Users\ultra\warewolf\Dev\Dev2.Studio.Core.Tests\Dev2.Studio.Core.Tests.csproj]
C:\Program Files\dotnet\sdk\10.0.201\Microsoft.Common.CurrentVersion.targets(2451,5): warning MSB3277:         C:\Users\ultra\.nuget\packages\extended.wpf.toolkit\4.4.0\lib\net5.0\Xceed.Wpf.Toolkit.NET5.dll [C:\Users\ultra\warewolf\Dev\Dev2.Studio.Core.Tests\Dev2.Studio.Core.Tests.csproj]
C:\Program Files\dotnet\sdk\10.0.201\Microsoft.Common.CurrentVersion.targets(2451,5): warning MSB3277:           Project file item includes which caused reference "C:\Users\ultra\.nuget\packages\extended.wpf.toolkit\4.4.0\lib\net5.0\Xceed.Wpf.Toolkit.NET5.dll". [C:\Users\ultra\warewolf\Dev\Dev2.Studio.Core.Tests\Dev2.Studio.Core.Tests.csproj]
C:\Program Files\dotnet\sdk\10.0.201\Microsoft.Common.CurrentVersion.targets(2451,5): warning MSB3277:             C:\Users\ultra\.nuget\packages\extended.wpf.toolkit\4.4.0\lib\net5.0\Xceed.Wpf.Toolkit.NET5.dll [C:\Users\ultra\warewolf\Dev\Dev2.Studio.Core.Tests\Dev2.Studio.Core.Tests.csproj]
C:\Program Files\dotnet\sdk\10.0.201\Microsoft.Common.CurrentVersion.targets(2451,5): warning MSB3277:         C:\Users\ultra\.nuget\packages\fontawesome.wpf\4.7.0.9\lib\net40\FontAwesome.WPF.dll [C:\Users\ultra\warewolf\Dev\Dev2.Studio.Core.Tests\Dev2.Studio.Core.Tests.csproj]
C:\Program Files\dotnet\sdk\10.0.201\Microsoft.Common.CurrentVersion.targets(2451,5): warning MSB3277:           Project file item includes which caused reference "C:\Users\ultra\.nuget\packages\fontawesome.wpf\4.7.0.9\lib\net40\FontAwesome.WPF.dll". [C:\Users\ultra\warewolf\Dev\Dev2.Studio.Core.Tests\Dev2.Studio.Core.Tests.csproj]
C:\Program Files\dotnet\sdk\10.0.201\Microsoft.Common.CurrentVersion.targets(2451,5): warning MSB3277:             C:\Users\ultra\.nuget\packages\fontawesome.wpf\4.7.0.9\lib\net40\FontAwesome.WPF.dll [C:\Users\ultra\warewolf\Dev\Dev2.Studio.Core.Tests\Dev2.Studio.Core.Tests.csproj]
C:\Program Files\dotnet\sdk\10.0.201\Microsoft.Common.CurrentVersion.targets(2451,5): warning MSB3277:         C:\Users\ultra\.nuget\packages\ironpython\3.4.0\lib\net6.0\IronPython.Wpf.dll [C:\Users\ultra\warewolf\Dev\Dev2.Studio.Core.Tests\Dev2.Studio.Core.Tests.csproj]
C:\Program Files\dotnet\sdk\10.0.201\Microsoft.Common.CurrentVersion.targets(2451,5): warning MSB3277:           Project file item includes which caused reference "C:\Users\ultra\.nuget\packages\ironpython\3.4.0\lib\net6.0\IronPython.Wpf.dll". [C:\Users\ultra\warewolf\Dev\Dev2.Studio.Core.Tests\Dev2.Studio.Core.Tests.csproj]
C:\Program Files\dotnet\sdk\10.0.201\Microsoft.Common.CurrentVersion.targets(2451,5): warning MSB3277:             C:\Users\ultra\.nuget\packages\ironpython\3.4.0\lib\net6.0\IronPython.Wpf.dll [C:\Users\ultra\warewolf\Dev\Dev2.Studio.Core.Tests\Dev2.Studio.Core.Tests.csproj]
C:\Program Files\dotnet\sdk\10.0.201\Microsoft.Common.CurrentVersion.targets(2451,5): warning MSB3277:         C:\Users\ultra\.nuget\packages\microsoft.xaml.behaviors.wpf\1.1.122\lib\net462\Microsoft.Xaml.Behaviors.dll [C:\Users\ultra\warewolf\Dev\Dev2.Studio.Core.Tests\Dev2.Studio.Core.Tests.csproj]
C:\Program Files\dotnet\sdk\10.0.201\Microsoft.Common.CurrentVersion.targets(2451,5): warning MSB3277:           Project file item includes which caused reference "C:\Users\ultra\.nuget\packages\microsoft.xaml.behaviors.wpf\1.1.122\lib\net462\Microsoft.Xaml.Behaviors.dll". [C:\Users\ultra\warewolf\Dev\Dev2.Studio.Core.Tests\Dev2.Studio.Core.Tests.csproj]
C:\Program Files\dotnet\sdk\10.0.201\Microsoft.Common.CurrentVersion.targets(2451,5): warning MSB3277:             C:\Users\ultra\.nuget\packages\microsoft.xaml.behaviors.wpf\1.1.122\lib\net462\Microsoft.Xaml.Behaviors.dll [C:\Users\ultra\warewolf\Dev\Dev2.Studio.Core.Tests\Dev2.Studio.Core.Tests.csproj]
C:\Program Files\dotnet\sdk\10.0.201\Microsoft.Common.CurrentVersion.targets(2451,5): warning MSB3277:             C:\Users\ultra\.nuget\packages\caliburn.micro\4.0.212\lib\netcoreapp3.1\Caliburn.Micro.Platform.dll [C:\Users\ultra\warewolf\Dev\Dev2.Studio.Core.Tests\Dev2.Studio.Core.Tests.csproj]
C:\Program Files\dotnet\sdk\10.0.201\Microsoft.Common.CurrentVersion.targets(2451,5): warning MSB3277:             C:\Users\ultra\.nuget\packages\prism.wpf\9.0.537\lib\net462\Prism.Wpf.dll [C:\Users\ultra\warewolf\Dev\Dev2.Studio.Core.Tests\Dev2.Studio.Core.Tests.csproj]
C:\Program Files\dotnet\sdk\10.0.201\Microsoft.Common.CurrentVersion.targets(2451,5): warning MSB3277:         C:\Users\ultra\.nuget\packages\prism.composition\5.0.0\lib\NET45\Microsoft.Practices.Prism.Composition.dll [C:\Users\ultra\warewolf\Dev\Dev2.Studio.Core.Tests\Dev2.Studio.Core.Tests.csproj]
C:\Program Files\dotnet\sdk\10.0.201\Microsoft.Common.CurrentVersion.targets(2451,5): warning MSB3277:           Project file item includes which caused reference "C:\Users\ultra\.nuget\packages\prism.composition\5.0.0\lib\NET45\Microsoft.Practices.Prism.Composition.dll". [C:\Users\ultra\warewolf\Dev\Dev2.Studio.Core.Tests\Dev2.Studio.Core.Tests.csproj]
C:\Program Files\dotnet\sdk\10.0.201\Microsoft.Common.CurrentVersion.targets(2451,5): warning MSB3277:             C:\Users\ultra\.nuget\packages\prism.composition\5.0.0\lib\NET45\Microsoft.Practices.Prism.Composition.dll [C:\Users\ultra\warewolf\Dev\Dev2.Studio.Core.Tests\Dev2.Studio.Core.Tests.csproj]
C:\Program Files\dotnet\sdk\10.0.201\Microsoft.Common.CurrentVersion.targets(2451,5): warning MSB3277:             C:\Users\ultra\.nuget\packages\prism.unityextensions\5.0.1\lib\NET45\Microsoft.Practices.Prism.UnityExtensions.dll [C:\Users\ultra\warewolf\Dev\Dev2.Studio.Core.Tests\Dev2.Studio.Core.Tests.csproj]
C:\Program Files\dotnet\sdk\10.0.201\Microsoft.Common.CurrentVersion.targets(2451,5): warning MSB3277:         C:\Users\ultra\.nuget\packages\prism.interactivity\5.0.0\lib\NET45\Microsoft.Practices.Prism.Interactivity.dll [C:\Users\ultra\warewolf\Dev\Dev2.Studio.Core.Tests\Dev2.Studio.Core.Tests.csproj]
C:\Program Files\dotnet\sdk\10.0.201\Microsoft.Common.CurrentVersion.targets(2451,5): warning MSB3277:           Project file item includes which caused reference "C:\Users\ultra\.nuget\packages\prism.interactivity\5.0.0\lib\NET45\Microsoft.Practices.Prism.Interactivity.dll". [C:\Users\ultra\warewolf\Dev\Dev2.Studio.Core.Tests\Dev2.Studio.Core.Tests.csproj]
C:\Program Files\dotnet\sdk\10.0.201\Microsoft.Common.CurrentVersion.targets(2451,5): warning MSB3277:             C:\Users\ultra\.nuget\packages\prism.interactivity\5.0.0\lib\NET45\Microsoft.Practices.Prism.Interactivity.dll [C:\Users\ultra\warewolf\Dev\Dev2.Studio.Core.Tests\Dev2.Studio.Core.Tests.csproj]
C:\Program Files\dotnet\sdk\10.0.201\Microsoft.Common.CurrentVersion.targets(2451,5): warning MSB3277:         C:\Users\ultra\.nuget\packages\prism.mvvm\1.0.0\lib\net45\Microsoft.Practices.Prism.Mvvm.Desktop.dll [C:\Users\ultra\warewolf\Dev\Dev2.Studio.Core.Tests\Dev2.Studio.Core.Tests.csproj]
C:\Program Files\dotnet\sdk\10.0.201\Microsoft.Common.CurrentVersion.targets(2451,5): warning MSB3277:           Project file item includes which caused reference "C:\Users\ultra\.nuget\packages\prism.mvvm\1.0.0\lib\net45\Microsoft.Practices.Prism.Mvvm.Desktop.dll". [C:\Users\ultra\warewolf\Dev\Dev2.Studio.Core.Tests\Dev2.Studio.Core.Tests.csproj]
C:\Program Files\dotnet\sdk\10.0.201\Microsoft.Common.CurrentVersion.targets(2451,5): warning MSB3277:             C:\Users\ultra\.nuget\packages\prism.mvvm\1.0.0\lib\net45\Microsoft.Practices.Prism.Mvvm.Desktop.dll [C:\Users\ultra\warewolf\Dev\Dev2.Studio.Core.Tests\Dev2.Studio.Core.Tests.csproj]
C:\Program Files\dotnet\sdk\10.0.201\Microsoft.Common.CurrentVersion.targets(2451,5): warning MSB3277:         C:\Users\ultra\.nuget\packages\prism.unityextensions\5.0.1\lib\NET45\Microsoft.Practices.Prism.UnityExtensions.dll [C:\Users\ultra\warewolf\Dev\Dev2.Studio.Core.Tests\Dev2.Studio.Core.Tests.csproj]
C:\Program Files\dotnet\sdk\10.0.201\Microsoft.Common.CurrentVersion.targets(2451,5): warning MSB3277:           Project file item includes which caused reference "C:\Users\ultra\.nuget\packages\prism.unityextensions\5.0.1\lib\NET45\Microsoft.Practices.Prism.UnityExtensions.dll". [C:\Users\ultra\warewolf\Dev\Dev2.Studio.Core.Tests\Dev2.Studio.Core.Tests.csproj]
C:\Program Files\dotnet\sdk\10.0.201\Microsoft.Common.CurrentVersion.targets(2451,5): warning MSB3277:             C:\Users\ultra\.nuget\packages\prism.unityextensions\5.0.1\lib\NET45\Microsoft.Practices.Prism.UnityExtensions.dll [C:\Users\ultra\warewolf\Dev\Dev2.Studio.Core.Tests\Dev2.Studio.Core.Tests.csproj]
C:\Program Files\dotnet\sdk\10.0.201\Microsoft.Common.CurrentVersion.targets(2451,5): warning MSB3277:         C:\Users\ultra\.nuget\packages\prism.wpf\9.0.537\lib\net462\Prism.Wpf.dll [C:\Users\ultra\warewolf\Dev\Dev2.Studio.Core.Tests\Dev2.Studio.Core.Tests.csproj]
C:\Program Files\dotnet\sdk\10.0.201\Microsoft.Common.CurrentVersion.targets(2451,5): warning MSB3277:           Project file item includes which caused reference "C:\Users\ultra\.nuget\packages\prism.wpf\9.0.537\lib\net462\Prism.Wpf.dll". [C:\Users\ultra\warewolf\Dev\Dev2.Studio.Core.Tests\Dev2.Studio.Core.Tests.csproj]
C:\Program Files\dotnet\sdk\10.0.201\Microsoft.Common.CurrentVersion.targets(2451,5): warning MSB3277:             C:\Users\ultra\.nuget\packages\prism.wpf\9.0.537\lib\net462\Prism.Wpf.dll [C:\Users\ultra\warewolf\Dev\Dev2.Studio.Core.Tests\Dev2.Studio.Core.Tests.csproj]
C:\Program Files\dotnet\sdk\10.0.201\Microsoft.Common.CurrentVersion.targets(2451,5): warning MSB3277:         C:\Users\ultra\.nuget\packages\reactiveui.wpf\18.4.1\lib\net462\ReactiveUI.Wpf.dll [C:\Users\ultra\warewolf\Dev\Dev2.Studio.Core.Tests\Dev2.Studio.Core.Tests.csproj]
C:\Program Files\dotnet\sdk\10.0.201\Microsoft.Common.CurrentVersion.targets(2451,5): warning MSB3277:           Project file item includes which caused reference "C:\Users\ultra\.nuget\packages\reactiveui.wpf\18.4.1\lib\net462\ReactiveUI.Wpf.dll". [C:\Users\ultra\warewolf\Dev\Dev2.Studio.Core.Tests\Dev2.Studio.Core.Tests.csproj]
C:\Program Files\dotnet\sdk\10.0.201\Microsoft.Common.CurrentVersion.targets(2451,5): warning MSB3277:             C:\Users\ultra\.nuget\packages\reactiveui.wpf\18.4.1\lib\net462\ReactiveUI.Wpf.dll [C:\Users\ultra\warewolf\Dev\Dev2.Studio.Core.Tests\Dev2.Studio.Core.Tests.csproj]
C:\Program Files\dotnet\sdk\10.0.201\Microsoft.Common.CurrentVersion.targets(2451,5): warning MSB3277:         C:\Users\ultra\warewolf\Dev\Binaries\Infragistcs_Net6\InfragisticsWPF4.Editors.v15.1.dll [C:\Users\ultra\warewolf\Dev\Dev2.Studio.Core.Tests\Dev2.Studio.Core.Tests.csproj]
C:\Program Files\dotnet\sdk\10.0.201\Microsoft.Common.CurrentVersion.targets(2451,5): warning MSB3277:           Project file item includes which caused reference "C:\Users\ultra\warewolf\Dev\Binaries\Infragistcs_Net6\InfragisticsWPF4.Editors.v15.1.dll". [C:\Users\ultra\warewolf\Dev\Dev2.Studio.Core.Tests\Dev2.Studio.Core.Tests.csproj]
C:\Program Files\dotnet\sdk\10.0.201\Microsoft.Common.CurrentVersion.targets(2451,5): warning MSB3277:             InfragisticsWPF4.DataPresenter.v15.1 [C:\Users\ultra\warewolf\Dev\Dev2.Studio.Core.Tests\Dev2.Studio.Core.Tests.csproj]
C:\Program Files\dotnet\sdk\10.0.201\Microsoft.Common.CurrentVersion.targets(2451,5): warning MSB3277: Found conflicts between different versions of "System.Drawing.Common" that could not be resolved. [C:\Users\ultra\warewolf\Dev\Dev2.Studio.Core.Tests\Dev2.Studio.Core.Tests.csproj]
C:\Program Files\dotnet\sdk\10.0.201\Microsoft.Common.CurrentVersion.targets(2451,5): warning MSB3277: There was a conflict between "System.Drawing.Common, Version=6.0.0.0, Culture=neutral, PublicKeyToken=cc7b13ffcd2ddd51" and "System.Drawing.Common, Version=8.0.0.0, Culture=neutral, PublicKeyToken=cc7b13ffcd2ddd51". [C:\Users\ultra\warewolf\Dev\Dev2.Studio.Core.Tests\Dev2.Studio.Core.Tests.csproj]
C:\Program Files\dotnet\sdk\10.0.201\Microsoft.Common.CurrentVersion.targets(2451,5): warning MSB3277:     "System.Drawing.Common, Version=6.0.0.0, Culture=neutral, PublicKeyToken=cc7b13ffcd2ddd51" was chosen because it was primary and "System.Drawing.Common, Version=8.0.0.0, Culture=neutral, PublicKeyToken=cc7b13ffcd2ddd51" was not. [C:\Users\ultra\warewolf\Dev\Dev2.Studio.Core.Tests\Dev2.Studio.Core.Tests.csproj]
C:\Program Files\dotnet\sdk\10.0.201\Microsoft.Common.CurrentVersion.targets(2451,5): warning MSB3277:     References which depend on "System.Drawing.Common, Version=6.0.0.0, Culture=neutral, PublicKeyToken=cc7b13ffcd2ddd51" [C:\Users\ultra\.nuget\packages\system.drawing.common\6.0.0\lib\net6.0\System.Drawing.Common.dll]. [C:\Users\ultra\warewolf\Dev\Dev2.Studio.Core.Tests\Dev2.Studio.Core.Tests.csproj]
C:\Program Files\dotnet\sdk\10.0.201\Microsoft.Common.CurrentVersion.targets(2451,5): warning MSB3277:         C:\Users\ultra\.nuget\packages\system.drawing.common\6.0.0\lib\net6.0\System.Drawing.Common.dll [C:\Users\ultra\warewolf\Dev\Dev2.Studio.Core.Tests\Dev2.Studio.Core.Tests.csproj]
C:\Program Files\dotnet\sdk\10.0.201\Microsoft.Common.CurrentVersion.targets(2451,5): warning MSB3277:           Project file item includes which caused reference "C:\Users\ultra\.nuget\packages\system.drawing.common\6.0.0\lib\net6.0\System.Drawing.Common.dll". [C:\Users\ultra\warewolf\Dev\Dev2.Studio.Core.Tests\Dev2.Studio.Core.Tests.csproj]
C:\Program Files\dotnet\sdk\10.0.201\Microsoft.Common.CurrentVersion.targets(2451,5): warning MSB3277:             C:\Users\ultra\.nuget\packages\system.drawing.common\6.0.0\lib\net6.0\System.Drawing.Common.dll [C:\Users\ultra\warewolf\Dev\Dev2.Studio.Core.Tests\Dev2.Studio.Core.Tests.csproj]
C:\Program Files\dotnet\sdk\10.0.201\Microsoft.Common.CurrentVersion.targets(2451,5): warning MSB3277:     References which depend on or have been unified to "System.Drawing.Common, Version=8.0.0.0, Culture=neutral, PublicKeyToken=cc7b13ffcd2ddd51" []. [C:\Users\ultra\warewolf\Dev\Dev2.Studio.Core.Tests\Dev2.Studio.Core.Tests.csproj]
C:\Program Files\dotnet\sdk\10.0.201\Microsoft.Common.CurrentVersion.targets(2451,5): warning MSB3277:         C:\Users\ultra\.nuget\packages\servicestack\6.3.0\lib\net6.0\ServiceStack.dll [C:\Users\ultra\warewolf\Dev\Dev2.Studio.Core.Tests\Dev2.Studio.Core.Tests.csproj]
C:\Program Files\dotnet\sdk\10.0.201\Microsoft.Common.CurrentVersion.targets(2451,5): warning MSB3277:           Project file item includes which caused reference "C:\Users\ultra\.nuget\packages\servicestack\6.3.0\lib\net6.0\ServiceStack.dll". [C:\Users\ultra\warewolf\Dev\Dev2.Studio.Core.Tests\Dev2.Studio.Core.Tests.csproj]
C:\Program Files\dotnet\sdk\10.0.201\Microsoft.Common.CurrentVersion.targets(2451,5): warning MSB3277:             C:\Users\ultra\.nuget\packages\servicestack\6.3.0\lib\net6.0\ServiceStack.dll [C:\Users\ultra\warewolf\Dev\Dev2.Studio.Core.Tests\Dev2.Studio.Core.Tests.csproj]
C:\Program Files\dotnet\sdk\10.0.201\Microsoft.Common.CurrentVersion.targets(2451,5): warning MSB3277:         C:\Users\ultra\.nuget\packages\system.windows.extensions\8.0.0\lib\net8.0\System.Windows.Extensions.dll [C:\Users\ultra\warewolf\Dev\Dev2.Studio.Core.Tests\Dev2.Studio.Core.Tests.csproj]
C:\Program Files\dotnet\sdk\10.0.201\Microsoft.Common.CurrentVersion.targets(2451,5): warning MSB3277:           Project file item includes which caused reference "C:\Users\ultra\.nuget\packages\system.windows.extensions\8.0.0\lib\net8.0\System.Windows.Extensions.dll". [C:\Users\ultra\warewolf\Dev\Dev2.Studio.Core.Tests\Dev2.Studio.Core.Tests.csproj]
C:\Program Files\dotnet\sdk\10.0.201\Microsoft.Common.CurrentVersion.targets(2451,5): warning MSB3277:             C:\Users\ultra\.nuget\packages\system.windows.extensions\8.0.0\lib\net8.0\System.Windows.Extensions.dll [C:\Users\ultra\warewolf\Dev\Dev2.Studio.Core.Tests\Dev2.Studio.Core.Tests.csproj]
C:\Program Files\dotnet\sdk\10.0.201\Microsoft.Common.CurrentVersion.targets(2451,5): warning MSB3277:             C:\Users\ultra\.nuget\packages\extended.wpf.toolkit\4.4.0\lib\net5.0\Xceed.Wpf.Toolkit.NET5.dll [C:\Users\ultra\warewolf\Dev\Dev2.Studio.Core.Tests\Dev2.Studio.Core.Tests.csproj]
C:\Program Files\dotnet\sdk\10.0.201\Microsoft.Common.CurrentVersion.targets(2451,5): warning MSB3277:             C:\Users\ultra\.nuget\packages\system.security.permissions\8.0.0\lib\net8.0\System.Security.Permissions.dll [C:\Users\ultra\warewolf\Dev\Dev2.Studio.Core.Tests\Dev2.Studio.Core.Tests.csproj]
C:\Program Files\dotnet\sdk\10.0.201\Microsoft.Common.CurrentVersion.targets(2451,5): warning MSB3277:             C:\Users\ultra\warewolf\Dev\Dev2.Data\bin\Debug\net8.0\Dev2.Data.dll [C:\Users\ultra\warewolf\Dev\Dev2.Studio.Core.Tests\Dev2.Studio.Core.Tests.csproj]
C:\Program Files\dotnet\sdk\10.0.201\Microsoft.Common.CurrentVersion.targets(2451,5): warning MSB3277:             C:\Users\ultra\warewolf\Dev\Dev2.Diagnostics.Tests\bin\Debug\net8.0\Dev2.Diagnostics.Tests.dll [C:\Users\ultra\warewolf\Dev\Dev2.Studio.Core.Tests\Dev2.Studio.Core.Tests.csproj]
C:\Program Files\dotnet\sdk\10.0.201\Microsoft.Common.CurrentVersion.targets(2451,5): warning MSB3277:             C:\Users\ultra\warewolf\Dev\Dev2.Infrastructure.Tests\bin\Debug\net8.0\Dev2.Infrastructure.Tests.dll [C:\Users\ultra\warewolf\Dev\Dev2.Studio.Core.Tests\Dev2.Studio.Core.Tests.csproj]
C:\Program Files\dotnet\sdk\10.0.201\Microsoft.Common.CurrentVersion.targets(2451,5): warning MSB3277:             C:\Users\ultra\warewolf\Dev\Dev2.Intellisense\bin\Debug\net8.0\Dev2.Intellisense.dll [C:\Users\ultra\warewolf\Dev\Dev2.Studio.Core.Tests\Dev2.Studio.Core.Tests.csproj]
C:\Program Files\dotnet\sdk\10.0.201\Microsoft.Common.CurrentVersion.targets(2451,5): warning MSB3277:             C:\Users\ultra\warewolf\Dev\Dev2.Runtime.Services\bin\Debug\net8.0\Dev2.Runtime.Services.dll [C:\Users\ultra\warewolf\Dev\Dev2.Studio.Core.Tests\Dev2.Studio.Core.Tests.csproj]
C:\Program Files\dotnet\sdk\10.0.201\Microsoft.Common.CurrentVersion.targets(2451,5): warning MSB3277:             C:\Users\ultra\warewolf\Dev\Dev2.Runtime\bin\Debug\net8.0\Dev2.Runtime.dll [C:\Users\ultra\warewolf\Dev\Dev2.Studio.Core.Tests\Dev2.Studio.Core.Tests.csproj]
C:\Program Files\dotnet\sdk\10.0.201\Microsoft.Common.CurrentVersion.targets(2451,5): warning MSB3277:             C:\Users\ultra\warewolf\Dev\Dev2.Scheduler\bin\Debug\net8.0\Dev2.Scheduler.dll [C:\Users\ultra\warewolf\Dev\Dev2.Studio.Core.Tests\Dev2.Studio.Core.Tests.csproj]
C:\Program Files\dotnet\sdk\10.0.201\Microsoft.Common.CurrentVersion.targets(2451,5): warning MSB3277:             C:\Users\ultra\warewolf\Dev\Dev2.Studio.Core\bin\Debug\net8.0\Dev2.Studio.Core.dll [C:\Users\ultra\warewolf\Dev\Dev2.Studio.Core.Tests\Dev2.Studio.Core.Tests.csproj]
C:\Program Files\dotnet\sdk\10.0.201\Microsoft.Common.CurrentVersion.targets(2451,5): warning MSB3277:             C:\Users\ultra\warewolf\Dev\Dev2.Studio.Interfaces\bin\Debug\net8.0\Dev2.Studio.Interfaces.dll [C:\Users\ultra\warewolf\Dev\Dev2.Studio.Core.Tests\Dev2.Studio.Core.Tests.csproj]
C:\Program Files\dotnet\sdk\10.0.201\Microsoft.Common.CurrentVersion.targets(2451,5): warning MSB3277:             C:\Users\ultra\warewolf\Dev\Dev2.Studio\bin\Debug\net8.0\Warewolf Studio.dll [C:\Users\ultra\warewolf\Dev\Dev2.Studio.Core.Tests\Dev2.Studio.Core.Tests.csproj]
C:\Program Files\dotnet\sdk\10.0.201\Microsoft.Common.CurrentVersion.targets(2451,5): warning MSB3277:             C:\Users\ultra\warewolf\Dev\Dev2.Activities\bin\Debug\net8.0\Dev2.Activities.dll [C:\Users\ultra\warewolf\Dev\Dev2.Studio.Core.Tests\Dev2.Studio.Core.Tests.csproj]
C:\Program Files\dotnet\sdk\10.0.201\Microsoft.Common.CurrentVersion.targets(2451,5): warning MSB3277:             C:\Users\ultra\warewolf\Dev\Dev2.Core\bin\Debug\net8.0\Dev2.Core.dll [C:\Users\ultra\warewolf\Dev\Dev2.Studio.Core.Tests\Dev2.Studio.Core.Tests.csproj]
C:\Program Files\dotnet\sdk\10.0.201\Microsoft.Common.CurrentVersion.targets(2451,5): warning MSB3277:             C:\Users\ultra\warewolf\Dev\Warewolf.Core\bin\Debug\net8.0\Warewolf.Core.dll [C:\Users\ultra\warewolf\Dev\Dev2.Studio.Core.Tests\Dev2.Studio.Core.Tests.csproj]
C:\Program Files\dotnet\sdk\10.0.201\Microsoft.Common.CurrentVersion.targets(2451,5): warning MSB3277:             C:\Users\ultra\warewolf\Dev\Warewolf.MergeParser.Tests\bin\Debug\net8.0\Warewolf.MergeParser.Tests.dll [C:\Users\ultra\warewolf\Dev\Dev2.Studio.Core.Tests\Dev2.Studio.Core.Tests.csproj]
C:\Program Files\dotnet\sdk\10.0.201\Microsoft.Common.CurrentVersion.targets(2451,5): warning MSB3277:             C:\Users\ultra\warewolf\Dev\Warewolf.Studio.Core\bin\Debug\net8.0\Warewolf.Studio.Core.dll [C:\Users\ultra\warewolf\Dev\Dev2.Studio.Core.Tests\Dev2.Studio.Core.Tests.csproj]
C:\Program Files\dotnet\sdk\10.0.201\Microsoft.Common.CurrentVersion.targets(2451,5): warning MSB3277:             C:\Users\ultra\warewolf\Dev\Warewolf.Studio.ViewModels\bin\Debug\net8.0\Warewolf.Studio.ViewModels.dll [C:\Users\ultra\warewolf\Dev\Dev2.Studio.Core.Tests\Dev2.Studio.Core.Tests.csproj]
C:\Program Files\dotnet\sdk\10.0.201\Microsoft.Common.CurrentVersion.targets(2451,5): warning MSB3277:             C:\Users\ultra\warewolf\Dev\Warewolf.Testing\bin\Debug\net8.0\Warewolf.Testing.dll [C:\Users\ultra\warewolf\Dev\Dev2.Studio.Core.Tests\Dev2.Studio.Core.Tests.csproj]
C:\Program Files\dotnet\sdk\10.0.201\Microsoft.Common.CurrentVersion.targets(2451,5): warning MSB3277:             C:\Users\ultra\warewolf\Dev\Warewolf.Trigger.Queue\bin\Debug\net8.0\Warewolf.Trigger.Queue.dll [C:\Users\ultra\warewolf\Dev\Dev2.Studio.Core.Tests\Dev2.Studio.Core.Tests.csproj]
C:\Program Files\dotnet\sdk\10.0.201\Microsoft.Common.CurrentVersion.targets(2451,5): warning MSB3277:             C:\Users\ultra\warewolf\Dev\Warewolf.UI\bin\Debug\net8.0\Warewolf.UI.dll [C:\Users\ultra\warewolf\Dev\Dev2.Studio.Core.Tests\Dev2.Studio.Core.Tests.csproj]
C:\Program Files\dotnet\sdk\10.0.201\Microsoft.Common.CurrentVersion.targets(2451,5): warning MSB3277:             C:\Users\ultra\warewolf\Dev\Dev2.Runtime.WebServer\bin\Debug\net8.0\Dev2.Runtime.WebServer.dll [C:\Users\ultra\warewolf\Dev\Dev2.Studio.Core.Tests\Dev2.Studio.Core.Tests.csproj]
C:\Program Files\dotnet\sdk\10.0.201\Microsoft.Common.CurrentVersion.targets(2451,5): warning MSB3277:             C:\Users\ultra\warewolf\Dev\Dev2.Services.Execution\bin\Debug\net8.0\Dev2.Services.Execution.dll [C:\Users\ultra\warewolf\Dev\Dev2.Studio.Core.Tests\Dev2.Studio.Core.Tests.csproj]
C:\Program Files\dotnet\sdk\10.0.201\Microsoft.Common.CurrentVersion.targets(2451,5): warning MSB3277:             C:\Users\ultra\warewolf\Dev\Warewolf.HangfireServer\bin\Debug\net8.0\HangfireServer.dll [C:\Users\ultra\warewolf\Dev\Dev2.Studio.Core.Tests\Dev2.Studio.Core.Tests.csproj]
C:\Program Files\dotnet\sdk\10.0.201\Microsoft.Common.CurrentVersion.targets(2451,5): warning MSB3277:             C:\Users\ultra\warewolf\Dev\Warewolf.QueueWorker\bin\Debug\net8.0\QueueWorker.dll [C:\Users\ultra\warewolf\Dev\Dev2.Studio.Core.Tests\Dev2.Studio.Core.Tests.csproj]
C:\Program Files\dotnet\sdk\10.0.201\Microsoft.Common.CurrentVersion.targets(2451,5): warning MSB3277:             C:\Users\ultra\warewolf\Dev\Dev2.Server\bin\Debug\net8.0\Warewolf Server.dll [C:\Users\ultra\warewolf\Dev\Dev2.Studio.Core.Tests\Dev2.Studio.Core.Tests.csproj]
C:\Program Files\dotnet\sdk\10.0.201\Microsoft.Common.CurrentVersion.targets(2451,5): warning MSB3277:             C:\Users\ultra\warewolf\Dev\Warewolf.Auditing\bin\Debug\net8.0\Warewolf.Auditing.dll [C:\Users\ultra\warewolf\Dev\Dev2.Studio.Core.Tests\Dev2.Studio.Core.Tests.csproj]
C:\Program Files\dotnet\sdk\10.0.201\Microsoft.Common.CurrentVersion.targets(2451,5): warning MSB3277:             C:\Users\ultra\warewolf\Dev\Warewolf.Common.Framework48\bin\Debug\net8.0\Warewolf.Common.Framework48.dll [C:\Users\ultra\warewolf\Dev\Dev2.Studio.Core.Tests\Dev2.Studio.Core.Tests.csproj]
C:\Program Files\dotnet\sdk\10.0.201\Microsoft.Common.CurrentVersion.targets(2451,5): warning MSB3277:             C:\Users\ultra\warewolf\Dev\Warewolf.Common.NetStandard20\bin\Debug\net8.0\Warewolf.Common.NetStandard20.dll [C:\Users\ultra\warewolf\Dev\Dev2.Studio.Core.Tests\Dev2.Studio.Core.Tests.csproj]
C:\Program Files\dotnet\sdk\10.0.201\Microsoft.Common.CurrentVersion.targets(2451,5): warning MSB3277:             C:\Users\ultra\warewolf\Dev\Warewolf.Driver.Persistence\bin\Debug\net8.0\Warewolf.Driver.Persistence.dll [C:\Users\ultra\warewolf\Dev\Dev2.Studio.Core.Tests\Dev2.Studio.Core.Tests.csproj]
C:\Program Files\dotnet\sdk\10.0.201\Microsoft.Common.CurrentVersion.targets(2451,5): warning MSB3277:             C:\Users\ultra\warewolf\Dev\Warewolf.Exchange.Email.Wrapper\bin\Debug\net8.0\Warewolf.Exchange.Email.Wrapper.dll [C:\Users\ultra\warewolf\Dev\Dev2.Studio.Core.Tests\Dev2.Studio.Core.Tests.csproj]
C:\Program Files\dotnet\sdk\10.0.201\Microsoft.Common.CurrentVersion.targets(2451,5): warning MSB3277:             C:\Users\ultra\warewolf\Dev\Warewolf.ResourceManagement\bin\Debug\net8.0\Warewolf.ResourceManagement.dll [C:\Users\ultra\warewolf\Dev\Dev2.Studio.Core.Tests\Dev2.Studio.Core.Tests.csproj]
C:\Program Files\dotnet\sdk\10.0.201\Microsoft.Common.CurrentVersion.targets(2451,5): warning MSB3277:             C:\Users\ultra\warewolf\Dev\Warewolf.Studio.CustomControls\bin\Debug\net8.0\Warewolf.Studio.CustomControls.dll [C:\Users\ultra\warewolf\Dev\Dev2.Studio.Core.Tests\Dev2.Studio.Core.Tests.csproj]
C:\Program Files\dotnet\sdk\10.0.201\Microsoft.Common.CurrentVersion.targets(2451,5): warning MSB3277:             C:\Users\ultra\warewolf\Dev\Warewolf.Studio.Models\bin\Debug\net8.0\Warewolf.Studio.Models.dll [C:\Users\ultra\warewolf\Dev\Dev2.Studio.Core.Tests\Dev2.Studio.Core.Tests.csproj]
C:\Program Files\dotnet\sdk\10.0.201\Microsoft.Common.CurrentVersion.targets(2451,5): warning MSB3277:             C:\Users\ultra\warewolf\Dev\Warewolf.Logger\bin\Debug\net8.0\WarewolfLogger.dll [C:\Users\ultra\warewolf\Dev\Dev2.Studio.Core.Tests\Dev2.Studio.Core.Tests.csproj]
C:\Program Files\dotnet\sdk\10.0.201\Microsoft.Common.CurrentVersion.targets(2451,5): warning MSB3277:             InfragisticsWPF4.DockManager.v15.1, Version=15.1.20151.2055, Culture=neutral, PublicKeyToken=7dd5c3163f2cd0cb, processorArchitecture=MSIL [C:\Users\ultra\warewolf\Dev\Dev2.Studio.Core.Tests\Dev2.Studio.Core.Tests.csproj]
C:\Program Files\dotnet\sdk\10.0.201\Microsoft.Common.CurrentVersion.targets(2451,5): warning MSB3277:             InfragisticsWPF4.v15.1, Version=15.1.20151.2055, Culture=neutral, PublicKeyToken=7dd5c3163f2cd0cb, processorArchitecture=MSIL [C:\Users\ultra\warewolf\Dev\Dev2.Studio.Core.Tests\Dev2.Studio.Core.Tests.csproj]
C:\Program Files\dotnet\sdk\10.0.201\Microsoft.Common.CurrentVersion.targets(2451,5): warning MSB3277:             InfragisticsWPF4.Controls.Interactions.XamDialogWindow.v15.1 [C:\Users\ultra\warewolf\Dev\Dev2.Studio.Core.Tests\Dev2.Studio.Core.Tests.csproj]
C:\Program Files\dotnet\sdk\10.0.201\Microsoft.Common.CurrentVersion.targets(2451,5): warning MSB3277:             InfragisticsWPF4.DataPresenter.v15.1 [C:\Users\ultra\warewolf\Dev\Dev2.Studio.Core.Tests\Dev2.Studio.Core.Tests.csproj]
C:\Program Files\dotnet\sdk\10.0.201\Microsoft.Common.CurrentVersion.targets(2451,5): warning MSB3277:             C:\Users\ultra\.nuget\packages\dotnetzip\1.16.0\lib\netstandard2.0\DotNetZip.dll [C:\Users\ultra\warewolf\Dev\Dev2.Studio.Core.Tests\Dev2.Studio.Core.Tests.csproj]
C:\Program Files\dotnet\sdk\10.0.201\Microsoft.Common.CurrentVersion.targets(2451,5): warning MSB3277:             C:\Users\ultra\warewolf\Dev\Dev2.Common\bin\Debug\net8.0\Dev2.Common.dll [C:\Users\ultra\warewolf\Dev\Dev2.Studio.Core.Tests\Dev2.Studio.Core.Tests.csproj]
C:\Program Files\dotnet\sdk\10.0.201\Microsoft.Common.CurrentVersion.targets(2451,5): warning MSB3277:             C:\Users\ultra\warewolf\Dev\Dev2.Data.Interfaces\bin\Debug\net8.0\Dev2.Data.Interfaces.dll [C:\Users\ultra\warewolf\Dev\Dev2.Studio.Core.Tests\Dev2.Studio.Core.Tests.csproj]
C:\Program Files\dotnet\sdk\10.0.201\Microsoft.Common.CurrentVersion.targets(2451,5): warning MSB3277:             C:\Users\ultra\warewolf\Dev\Dev2.Diagnostics\bin\Debug\net8.0\Dev2.Diagnostics.dll [C:\Users\ultra\warewolf\Dev\Dev2.Studio.Core.Tests\Dev2.Studio.Core.Tests.csproj]
C:\Program Files\dotnet\sdk\10.0.201\Microsoft.Common.CurrentVersion.targets(2451,5): warning MSB3277:             C:\Users\ultra\warewolf\Dev\Dev2.Infrastructure\bin\Debug\net8.0\Dev2.Infrastructure.dll [C:\Users\ultra\warewolf\Dev\Dev2.Studio.Core.Tests\Dev2.Studio.Core.Tests.csproj]
C:\Program Files\dotnet\sdk\10.0.201\Microsoft.Common.CurrentVersion.targets(2451,5): warning MSB3277:             C:\Users\ultra\warewolf\Dev\Dev2.TaskScheduler.Wrappers\bin\Debug\net8.0\Dev2.TaskScheduler.Wrappers.dll [C:\Users\ultra\warewolf\Dev\Dev2.Studio.Core.Tests\Dev2.Studio.Core.Tests.csproj]
C:\Program Files\dotnet\sdk\10.0.201\Microsoft.Common.CurrentVersion.targets(2451,5): warning MSB3277:             C:\Users\ultra\warewolf\Dev\Dev2.Util\bin\Debug\net8.0\Dev2.Util.dll [C:\Users\ultra\warewolf\Dev\Dev2.Studio.Core.Tests\Dev2.Studio.Core.Tests.csproj]
C:\Program Files\dotnet\sdk\10.0.201\Microsoft.Common.CurrentVersion.targets(2451,5): warning MSB3277:             C:\Users\ultra\warewolf\Dev\Dev2.Development.Languages\bin\Debug\net8.0\Dev2.Development.Languages.dll [C:\Users\ultra\warewolf\Dev\Dev2.Studio.Core.Tests\Dev2.Studio.Core.Tests.csproj]
C:\Program Files\dotnet\sdk\10.0.201\Microsoft.Common.CurrentVersion.targets(2451,5): warning MSB3277:             C:\Users\ultra\warewolf\Dev\Dev2.Services.Sql\bin\Debug\net8.0\Dev2.Services.Sql.dll [C:\Users\ultra\warewolf\Dev\Dev2.Studio.Core.Tests\Dev2.Studio.Core.Tests.csproj]
C:\Program Files\dotnet\sdk\10.0.201\Microsoft.Common.CurrentVersion.targets(2451,5): warning MSB3277:             C:\Users\ultra\warewolf\Dev\Warewolf.AI.Harness\bin\Debug\net8.0\Warewolf.AI.Harness.dll [C:\Users\ultra\warewolf\Dev\Dev2.Studio.Core.Tests\Dev2.Studio.Core.Tests.csproj]
C:\Program Files\dotnet\sdk\10.0.201\Microsoft.Common.CurrentVersion.targets(2451,5): warning MSB3277:             C:\Users\ultra\warewolf\Dev\Warewolf.Driver.Serilog\bin\Debug\net8.0\Warewolf.Driver.Serilog.dll [C:\Users\ultra\warewolf\Dev\Dev2.Studio.Core.Tests\Dev2.Studio.Core.Tests.csproj]
C:\Program Files\dotnet\sdk\10.0.201\Microsoft.Common.CurrentVersion.targets(2451,5): warning MSB3277:             C:\Users\ultra\warewolf\Dev\Warewolf.PerfMon\bin\Debug\net8.0\Warewolf.PerfMon.dll [C:\Users\ultra\warewolf\Dev\Dev2.Studio.Core.Tests\Dev2.Studio.Core.Tests.csproj]
C:\Program Files\dotnet\sdk\10.0.201\Microsoft.Common.CurrentVersion.targets(2451,5): warning MSB3277:             C:\Users\ultra\warewolf\Dev\Warewolf.Sharepoint\bin\Debug\net8.0\Warewolf.Sharepoint.dll [C:\Users\ultra\warewolf\Dev\Dev2.Studio.Core.Tests\Dev2.Studio.Core.Tests.csproj]
C:\Program Files\dotnet\sdk\10.0.201\Microsoft.Common.CurrentVersion.targets(2451,5): warning MSB3277:             C:\Users\ultra\warewolf\Dev\Warewolf.Storage\bin\Debug\net8.0\Warewolf.Storage.dll [C:\Users\ultra\warewolf\Dev\Dev2.Studio.Core.Tests\Dev2.Studio.Core.Tests.csproj]
C:\Program Files\dotnet\sdk\10.0.201\Microsoft.Common.CurrentVersion.targets(2451,5): warning MSB3277:             C:\Users\ultra\.nuget\packages\mindbox.data.linq\5.0.0\lib\netstandard2.0\Mindbox.Data.Linq.dll [C:\Users\ultra\warewolf\Dev\Dev2.Studio.Core.Tests\Dev2.Studio.Core.Tests.csproj]
C:\Program Files\dotnet\sdk\10.0.201\Microsoft.Common.CurrentVersion.targets(2451,5): warning MSB3277:             C:\Users\ultra\.nuget\packages\mysql.data\8.4.0\lib\net8.0\MySql.Data.dll [C:\Users\ultra\warewolf\Dev\Dev2.Studio.Core.Tests\Dev2.Studio.Core.Tests.csproj]
C:\Program Files\dotnet\sdk\10.0.201\Microsoft.Common.CurrentVersion.targets(2451,5): warning MSB3277:             C:\Users\ultra\.nuget\packages\oracle.manageddataaccess.core\3.21.70\lib\netstandard2.1\Oracle.ManagedDataAccess.dll [C:\Users\ultra\warewolf\Dev\Dev2.Studio.Core.Tests\Dev2.Studio.Core.Tests.csproj]
C:\Program Files\dotnet\sdk\10.0.201\Microsoft.Common.CurrentVersion.targets(2451,5): warning MSB3277:             C:\Users\ultra\.nuget\packages\system.directoryservices\6.0.0\lib\net6.0\System.DirectoryServices.dll [C:\Users\ultra\warewolf\Dev\Dev2.Studio.Core.Tests\Dev2.Studio.Core.Tests.csproj]
C:\Program Files\dotnet\sdk\10.0.201\Microsoft.Common.CurrentVersion.targets(2451,5): warning MSB3277:             C:\Users\ultra\.nuget\packages\corewcf.primitives\1.2.1\lib\netstandard2.0\CoreWCF.Primitives.dll [C:\Users\ultra\warewolf\Dev\Dev2.Studio.Core.Tests\Dev2.Studio.Core.Tests.csproj]
C:\Program Files\dotnet\sdk\10.0.201\Microsoft.Common.CurrentVersion.targets(2451,5): warning MSB3277:             C:\Users\ultra\.nuget\packages\corewcf.http\1.2.1\lib\netstandard2.0\CoreWCF.Http.dll [C:\Users\ultra\warewolf\Dev\Dev2.Studio.Core.Tests\Dev2.Studio.Core.Tests.csproj]
C:\Program Files\dotnet\sdk\10.0.201\Microsoft.Common.CurrentVersion.targets(2451,5): warning MSB3277:             C:\Users\ultra\.nuget\packages\corewcf.nettcp\1.2.1\lib\netstandard2.0\CoreWCF.NetTcp.dll [C:\Users\ultra\warewolf\Dev\Dev2.Studio.Core.Tests\Dev2.Studio.Core.Tests.csproj]
C:\Program Files\dotnet\sdk\10.0.201\Microsoft.Common.CurrentVersion.targets(2451,5): warning MSB3277:             C:\Users\ultra\.nuget\packages\corewcf.webhttp\1.2.1\lib\netstandard2.0\CoreWCF.WebHttp.dll [C:\Users\ultra\warewolf\Dev\Dev2.Studio.Core.Tests\Dev2.Studio.Core.Tests.csproj]
C:\Program Files\dotnet\sdk\10.0.201\Microsoft.Common.CurrentVersion.targets(2451,5): warning MSB3277:             C:\Program Files\dotnet\packs\Microsoft.NETCore.App.Ref\8.0.25\ref/net8.0/System.Configuration.dll [C:\Users\ultra\warewolf\Dev\Dev2.Studio.Core.Tests\Dev2.Studio.Core.Tests.csproj]
C:\Program Files\dotnet\sdk\10.0.201\Microsoft.Common.CurrentVersion.targets(2451,5): warning MSB3277:             C:\Users\ultra\.nuget\packages\prism.composition\5.0.0\lib\NET45\Microsoft.Practices.Prism.Composition.dll [C:\Users\ultra\warewolf\Dev\Dev2.Studio.Core.Tests\Dev2.Studio.Core.Tests.csproj]
C:\Program Files\dotnet\sdk\10.0.201\Microsoft.Common.CurrentVersion.targets(2451,5): warning MSB3277:             C:\Users\ultra\.nuget\packages\prism.unityextensions\5.0.1\lib\NET45\Microsoft.Practices.Prism.UnityExtensions.dll [C:\Users\ultra\warewolf\Dev\Dev2.Studio.Core.Tests\Dev2.Studio.Core.Tests.csproj]
C:\Program Files\dotnet\sdk\10.0.201\Microsoft.Common.CurrentVersion.targets(2451,5): warning MSB3277:             C:\Users\ultra\.nuget\packages\prism.wpf\9.0.537\lib\net462\Prism.Wpf.dll [C:\Users\ultra\warewolf\Dev\Dev2.Studio.Core.Tests\Dev2.Studio.Core.Tests.csproj]
C:\Program Files\dotnet\sdk\10.0.201\Microsoft.Common.CurrentVersion.targets(2451,5): warning MSB3277:             C:\Program Files\dotnet\packs\Microsoft.NETCore.App.Ref\8.0.25\ref/net8.0/System.Data.dll [C:\Users\ultra\warewolf\Dev\Dev2.Studio.Core.Tests\Dev2.Studio.Core.Tests.csproj]
C:\Program Files\dotnet\sdk\10.0.201\Microsoft.Common.CurrentVersion.targets(2451,5): warning MSB3277:             C:\Users\ultra\.nuget\packages\taskschedulereditor\2.10.1\lib\net452\Microsoft.Win32.TaskSchedulerEditor.dll [C:\Users\ultra\warewolf\Dev\Dev2.Studio.Core.Tests\Dev2.Studio.Core.Tests.csproj]
C:\Program Files\dotnet\sdk\10.0.201\Microsoft.Common.CurrentVersion.targets(2451,5): warning MSB3277:             C:\Program Files\dotnet\packs\Microsoft.NETCore.App.Ref\8.0.25\ref/net8.0/System.Drawing.dll [C:\Users\ultra\warewolf\Dev\Dev2.Studio.Core.Tests\Dev2.Studio.Core.Tests.csproj]
C:\Program Files\dotnet\sdk\10.0.201\Microsoft.Common.CurrentVersion.targets(2451,5): warning MSB3277:             C:\Users\ultra\.nuget\packages\aerowizard\2.3.1\lib\net45\AeroWizard.dll [C:\Users\ultra\warewolf\Dev\Dev2.Studio.Core.Tests\Dev2.Studio.Core.Tests.csproj]
C:\Program Files\dotnet\sdk\10.0.201\Microsoft.Common.CurrentVersion.targets(2451,5): warning MSB3277:             C:\Users\ultra\.nuget\packages\avalonedit\6.3.0.90\lib\net462\ICSharpCode.AvalonEdit.dll [C:\Users\ultra\warewolf\Dev\Dev2.Studio.Core.Tests\Dev2.Studio.Core.Tests.csproj]
C:\Program Files\dotnet\sdk\10.0.201\Microsoft.Common.CurrentVersion.targets(2451,5): warning MSB3277:             C:\Users\ultra\.nuget\packages\groupcontrols\1.9.0\lib\net45\GroupControls.dll [C:\Users\ultra\warewolf\Dev\Dev2.Studio.Core.Tests\Dev2.Studio.Core.Tests.csproj]
C:\Program Files\dotnet\sdk\10.0.201\Microsoft.Common.CurrentVersion.targets(2451,5): warning MSB3277:             C:\Program Files\dotnet\packs\Microsoft.NETCore.App.Ref\8.0.25\ref/net8.0/System.Net.dll [C:\Users\ultra\warewolf\Dev\Dev2.Studio.Core.Tests\Dev2.Studio.Core.Tests.csproj]
C:\Program Files\dotnet\sdk\10.0.201\Microsoft.Common.CurrentVersion.targets(2451,5): warning MSB3277:             C:\Program Files\dotnet\packs\Microsoft.NETCore.App.Ref\8.0.25\ref/net8.0/System.Security.dll [C:\Users\ultra\warewolf\Dev\Dev2.Studio.Core.Tests\Dev2.Studio.Core.Tests.csproj]
C:\Program Files\dotnet\sdk\10.0.201\Microsoft.Common.CurrentVersion.targets(2451,5): warning MSB3277:             C:\Program Files\dotnet\packs\Microsoft.NETCore.App.Ref\8.0.25\ref/net8.0/System.ServiceProcess.dll [C:\Users\ultra\warewolf\Dev\Dev2.Studio.Core.Tests\Dev2.Studio.Core.Tests.csproj]
C:\Program Files\dotnet\sdk\10.0.201\Microsoft.Common.CurrentVersion.targets(2451,5): warning MSB3277:             C:\Program Files\dotnet\packs\Microsoft.NETCore.App.Ref\8.0.25\ref/net8.0/System.Transactions.dll [C:\Users\ultra\warewolf\Dev\Dev2.Studio.Core.Tests\Dev2.Studio.Core.Tests.csproj]
C:\Program Files\dotnet\sdk\10.0.201\Microsoft.Common.CurrentVersion.targets(2451,5): warning MSB3277:             C:\Program Files\dotnet\packs\Microsoft.NETCore.App.Ref\8.0.25\ref/net8.0/System.dll [C:\Users\ultra\warewolf\Dev\Dev2.Studio.Core.Tests\Dev2.Studio.Core.Tests.csproj]
C:\Program Files\dotnet\sdk\10.0.201\Microsoft.Common.CurrentVersion.targets(2451,5): warning MSB3277:             C:\Users\ultra\.nuget\packages\fontawesome.wpf\4.7.0.9\lib\net40\FontAwesome.WPF.dll [C:\Users\ultra\warewolf\Dev\Dev2.Studio.Core.Tests\Dev2.Studio.Core.Tests.csproj]
C:\Program Files\dotnet\sdk\10.0.201\Microsoft.Common.CurrentVersion.targets(2451,5): warning MSB3277:             C:\Users\ultra\.nuget\packages\log4net.async\2.0.4\lib\net40\Log4Net.Async.dll [C:\Users\ultra\warewolf\Dev\Dev2.Studio.Core.Tests\Dev2.Studio.Core.Tests.csproj]
C:\Program Files\dotnet\sdk\10.0.201\Microsoft.Common.CurrentVersion.targets(2451,5): warning MSB3277:             C:\Users\ultra\.nuget\packages\microsoft.xaml.behaviors.wpf\1.1.122\lib\net462\Microsoft.Xaml.Behaviors.dll [C:\Users\ultra\warewolf\Dev\Dev2.Studio.Core.Tests\Dev2.Studio.Core.Tests.csproj]
C:\Program Files\dotnet\sdk\10.0.201\Microsoft.Common.CurrentVersion.targets(2451,5): warning MSB3277:             C:\Users\ultra\.nuget\packages\caliburn.micro\4.0.212\lib\netcoreapp3.1\Caliburn.Micro.Platform.dll [C:\Users\ultra\warewolf\Dev\Dev2.Studio.Core.Tests\Dev2.Studio.Core.Tests.csproj]
C:\Program Files\dotnet\sdk\10.0.201\Microsoft.Common.CurrentVersion.targets(2451,5): warning MSB3277:             C:\Users\ultra\.nuget\packages\prism.interactivity\5.0.0\lib\NET45\Microsoft.Practices.Prism.Interactivity.dll [C:\Users\ultra\warewolf\Dev\Dev2.Studio.Core.Tests\Dev2.Studio.Core.Tests.csproj]
C:\Program Files\dotnet\sdk\10.0.201\Microsoft.Common.CurrentVersion.targets(2451,5): warning MSB3277:             C:\Users\ultra\.nuget\packages\prism.mvvm\1.0.0\lib\net45\Microsoft.Practices.Prism.Mvvm.Desktop.dll [C:\Users\ultra\warewolf\Dev\Dev2.Studio.Core.Tests\Dev2.Studio.Core.Tests.csproj]
C:\Program Files\dotnet\sdk\10.0.201\Microsoft.Common.CurrentVersion.targets(2451,5): warning MSB3277:             C:\Users\ultra\.nuget\packages\reactiveui.wpf\18.4.1\lib\net462\ReactiveUI.Wpf.dll [C:\Users\ultra\warewolf\Dev\Dev2.Studio.Core.Tests\Dev2.Studio.Core.Tests.csproj]
C:\Program Files\dotnet\sdk\10.0.201\Microsoft.Common.CurrentVersion.targets(2451,5): warning MSB3277:             C:\Users\ultra\.nuget\packages\ttcue.netcore.sharepointonline.csom.16.1.8029.1200\16.1.8029.1200\lib\netcoreapp2.0\Microsoft.SharePoint.Client.Runtime.Windows.dll [C:\Users\ultra\warewolf\Dev\Dev2.Studio.Core.Tests\Dev2.Studio.Core.Tests.csproj]
C:\Program Files\dotnet\sdk\10.0.201\Microsoft.Common.CurrentVersion.targets(2451,5): warning MSB3277:             C:\Program Files\dotnet\packs\Microsoft.NETCore.App.Ref\8.0.25\ref/net8.0/WindowsBase.dll [C:\Users\ultra\warewolf\Dev\Dev2.Studio.Core.Tests\Dev2.Studio.Core.Tests.csproj]
C:\Program Files\dotnet\sdk\10.0.201\Microsoft.Common.CurrentVersion.targets(2451,5): warning MSB3277:             C:\Program Files\dotnet\packs\Microsoft.NETCore.App.Ref\8.0.25\ref/net8.0/mscorlib.dll [C:\Users\ultra\warewolf\Dev\Dev2.Studio.Core.Tests\Dev2.Studio.Core.Tests.csproj]
C:\Program Files\dotnet\sdk\10.0.201\Microsoft.Common.CurrentVersion.targets(2451,5): warning MSB3277:             C:\Users\ultra\.nuget\packages\hangfire.core\1.7.32\lib\netstandard2.0\Hangfire.Core.dll [C:\Users\ultra\warewolf\Dev\Dev2.Studio.Core.Tests\Dev2.Studio.Core.Tests.csproj]
C:\Program Files\dotnet\sdk\10.0.201\Microsoft.Common.CurrentVersion.targets(2451,5): warning MSB3277:             C:\Users\ultra\.nuget\packages\hangfire.aspnetcore\1.7.32\lib\netcoreapp3.0\Hangfire.AspNetCore.dll [C:\Users\ultra\warewolf\Dev\Dev2.Studio.Core.Tests\Dev2.Studio.Core.Tests.csproj]
C:\Program Files\dotnet\sdk\10.0.201\Microsoft.Common.CurrentVersion.targets(2451,5): warning MSB3277:             C:\Users\ultra\.nuget\packages\hangfire.sqlserver\1.7.32\lib\netstandard2.0\Hangfire.SqlServer.dll [C:\Users\ultra\warewolf\Dev\Dev2.Studio.Core.Tests\Dev2.Studio.Core.Tests.csproj]
C:\Program Files\dotnet\sdk\10.0.201\Microsoft.Common.CurrentVersion.targets(2451,5): warning MSB3277:             C:\Users\ultra\.nuget\packages\microsoft.codecoverage\17.13.0\lib\netcoreapp3.1\Microsoft.VisualStudio.CodeCoverage.Shim.dll [C:\Users\ultra\warewolf\Dev\Dev2.Studio.Core.Tests\Dev2.Studio.Core.Tests.csproj]
C:\Program Files\dotnet\sdk\10.0.201\Microsoft.Common.CurrentVersion.targets(2451,5): warning MSB3277:             C:\Users\ultra\.nuget\packages\unofficial.microsoft.mshtml\7.0.3300\lib\net40\Microsoft.mshtml.dll [C:\Users\ultra\warewolf\Dev\Dev2.Studio.Core.Tests\Dev2.Studio.Core.Tests.csproj]
C:\Program Files\dotnet\sdk\10.0.201\Microsoft.Common.CurrentVersion.targets(2451,5): warning MSB3277:         C:\Program Files\dotnet\packs\Microsoft.NETCore.App.Ref\8.0.25\ref\net8.0\System.Drawing.dll [C:\Users\ultra\warewolf\Dev\Dev2.Studio.Core.Tests\Dev2.Studio.Core.Tests.csproj]
C:\Program Files\dotnet\sdk\10.0.201\Microsoft.Common.CurrentVersion.targets(2451,5): warning MSB3277:           Project file item includes which caused reference "C:\Program Files\dotnet\packs\Microsoft.NETCore.App.Ref\8.0.25\ref\net8.0\System.Drawing.dll". [C:\Users\ultra\warewolf\Dev\Dev2.Studio.Core.Tests\Dev2.Studio.Core.Tests.csproj]
C:\Program Files\dotnet\sdk\10.0.201\Microsoft.Common.CurrentVersion.targets(2451,5): warning MSB3277:             C:\Program Files\dotnet\packs\Microsoft.NETCore.App.Ref\8.0.25\ref/net8.0/System.Drawing.dll [C:\Users\ultra\warewolf\Dev\Dev2.Studio.Core.Tests\Dev2.Studio.Core.Tests.csproj]
C:\Program Files\dotnet\sdk\10.0.201\Microsoft.Common.CurrentVersion.targets(2451,5): warning MSB3277:             C:\Users\ultra\.nuget\packages\aerowizard\2.3.1\lib\net45\AeroWizard.dll [C:\Users\ultra\warewolf\Dev\Dev2.Studio.Core.Tests\Dev2.Studio.Core.Tests.csproj]
C:\Program Files\dotnet\sdk\10.0.201\Microsoft.Common.CurrentVersion.targets(2451,5): warning MSB3277:             C:\Users\ultra\.nuget\packages\avalonedit\6.3.0.90\lib\net462\ICSharpCode.AvalonEdit.dll [C:\Users\ultra\warewolf\Dev\Dev2.Studio.Core.Tests\Dev2.Studio.Core.Tests.csproj]
C:\Program Files\dotnet\sdk\10.0.201\Microsoft.Common.CurrentVersion.targets(2451,5): warning MSB3277:             C:\Users\ultra\.nuget\packages\groupcontrols\1.9.0\lib\net45\GroupControls.dll [C:\Users\ultra\warewolf\Dev\Dev2.Studio.Core.Tests\Dev2.Studio.Core.Tests.csproj]
C:\Program Files\dotnet\sdk\10.0.201\Microsoft.Common.CurrentVersion.targets(2451,5): warning MSB3277:             C:\Users\ultra\.nuget\packages\taskschedulereditor\2.10.1\lib\net452\Microsoft.Win32.TaskSchedulerEditor.dll [C:\Users\ultra\warewolf\Dev\Dev2.Studio.Core.Tests\Dev2.Studio.Core.Tests.csproj]
C:\Users\ultra\warewolf\Dev\Dev2.Diagnostics.Tests\TestPerfCounterManager.cs(24,21): warning CA1416: This call site is reachable on all platforms. 'PerformanceCounterCategory.Delete(string)' is only supported on: 'windows'. (https://learn.microsoft.com/dotnet/fundamentals/code-analysis/quality-rules/ca1416) [C:\Users\ultra\warewolf\Dev\Dev2.Diagnostics.Tests\Dev2.Diagnostics.Tests.csproj]
C:\Users\ultra\warewolf\Dev\Dev2.Diagnostics.Tests\PerfCountersOpsTests.cs(27,21): warning CA1416: This call site is reachable on all platforms. 'PerformanceCounterCategory.Delete(string)' is only supported on: 'windows'. (https://learn.microsoft.com/dotnet/fundamentals/code-analysis/quality-rules/ca1416) [C:\Users\ultra\warewolf\Dev\Dev2.Diagnostics.Tests\Dev2.Diagnostics.Tests.csproj]
C:\Users\ultra\warewolf\Dev\Dev2.Diagnostics.Tests\TestExecutionContainer.cs(31,17): warning CA1416: This call site is reachable on all platforms. 'PerformanceCounterCategory.Delete(string)' is only supported on: 'windows'. (https://learn.microsoft.com/dotnet/fundamentals/code-analysis/quality-rules/ca1416) [C:\Users\ultra\warewolf\Dev\Dev2.Diagnostics.Tests\Dev2.Diagnostics.Tests.csproj]
C:\Users\ultra\warewolf\Dev\Dev2.Diagnostics.Tests\PerfCountersOpsTests.cs(26,21): warning CA1416: This call site is reachable on all platforms. 'PerformanceCounterCategory.Delete(string)' is only supported on: 'windows'. (https://learn.microsoft.com/dotnet/fundamentals/code-analysis/quality-rules/ca1416) [C:\Users\ultra\warewolf\Dev\Dev2.Diagnostics.Tests\Dev2.Diagnostics.Tests.csproj]
C:\Users\ultra\warewolf\Dev\Dev2.Diagnostics.Tests\PerfCounterBuilderTest.cs(25,17): warning CA1416: This call site is reachable on all platforms. 'PerformanceCounterCategory.Delete(string)' is only supported on: 'windows'. (https://learn.microsoft.com/dotnet/fundamentals/code-analysis/quality-rules/ca1416) [C:\Users\ultra\warewolf\Dev\Dev2.Diagnostics.Tests\Dev2.Diagnostics.Tests.csproj]
C:\Users\ultra\warewolf\Dev\Dev2.Diagnostics.Tests\PerfCounterBuilderTest.cs(88,17): warning CA1416: This call site is reachable on all platforms. 'PerformanceCounterCategory.Delete(string)' is only supported on: 'windows'. (https://learn.microsoft.com/dotnet/fundamentals/code-analysis/quality-rules/ca1416) [C:\Users\ultra\warewolf\Dev\Dev2.Diagnostics.Tests\Dev2.Diagnostics.Tests.csproj]
  Dev2.Diagnostics.Tests -> C:\Users\ultra\warewolf\Dev\Dev2.Diagnostics.Tests\bin\Debug\net8.0\linux-x64\Dev2.Diagnostics.Tests.dll
  Dev2.Studio.Core.Tests -> C:\Users\ultra\warewolf\Dev\Dev2.Studio.Core.Tests\bin\Debug\net8.0\Dev2.Studio.Core.Tests.dll
  Warewolf.Trigger.Queue.Tests -> C:\Users\ultra\warewolf\Dev\Warewolf.Trigger.Queue.Tests\bin\Debug\net8.0\linux-x64\Warewolf.Trigger.Queue.Tests.dll
  Warewolf.Trigger.Queue.Tests -> C:\Users\ultra\warewolf\Bin\ServerTests-Linux\Warewolf.Trigger.Queue.Tests\
Publishing Warewolf.MergeParser.Tests for linux-x64...
  Determining projects to restore...
C:\Users\ultra\warewolf\Dev\Warewolf.Language.Parser\Warewolf.Language.Parser.fsproj : warning NU1504: Duplicate 'PackageReference' items found. Remove the duplicate items or use the Update functionality to ensure a consistent restore behavior. The duplicate 'PackageReference' items are: FSharp.Core 10.1.201, FSharp.Core 4.6.2.
C:\Users\ultra\warewolf\Dev\Warewolf.Data\Warewolf.Data.csproj : warning NU1701: Package 'AeroWizard 2.3.1' was restored using '.NETFramework,Version=v4.6.1, .NETFramework,Version=v4.6.2, .NETFramework,Version=v4.7, .NETFramework,Version=v4.7.1, .NETFramework,Version=v4.7.2, .NETFramework,Version=v4.8, .NETFramework,Version=v4.8.1' instead of the project target framework 'net8.0'. This package may not be fully compatible with your project. [C:\Users\ultra\warewolf\Dev\Warewolf.MergeParser.Tests\Warewolf.MergeParser.Tests.csproj]
C:\Users\ultra\warewolf\Dev\Warewolf.Exchange.Email.Wrapper\Warewolf.Exchange.Email.Wrapper.csproj : warning NU1701: Package 'AeroWizard 2.3.1' was restored using '.NETFramework,Version=v4.6.1, .NETFramework,Version=v4.6.2, .NETFramework,Version=v4.7, .NETFramework,Version=v4.7.1, .NETFramework,Version=v4.7.2, .NETFramework,Version=v4.8, .NETFramework,Version=v4.8.1' instead of the project target framework 'net8.0'. This package may not be fully compatible with your project. [C:\Users\ultra\warewolf\Dev\Warewolf.MergeParser.Tests\Warewolf.MergeParser.Tests.csproj]
C:\Users\ultra\warewolf\Dev\Dev2.SignalR.Wrappers.New\Dev2.SignalR.Wrappers.New.csproj : warning NU1701: Package 'AeroWizard 2.3.1' was restored using '.NETFramework,Version=v4.6.1, .NETFramework,Version=v4.6.2, .NETFramework,Version=v4.7, .NETFramework,Version=v4.7.1, .NETFramework,Version=v4.7.2, .NETFramework,Version=v4.8, .NETFramework,Version=v4.8.1' instead of the project target framework 'net8.0'. This package may not be fully compatible with your project. [C:\Users\ultra\warewolf\Dev\Warewolf.MergeParser.Tests\Warewolf.MergeParser.Tests.csproj]
C:\Users\ultra\warewolf\Dev\Warewolf.Driver.Serilog\Warewolf.Driver.Serilog.csproj : warning NU1701: Package 'AeroWizard 2.3.1' was restored using '.NETFramework,Version=v4.6.1, .NETFramework,Version=v4.6.2, .NETFramework,Version=v4.7, .NETFramework,Version=v4.7.1, .NETFramework,Version=v4.7.2, .NETFramework,Version=v4.8, .NETFramework,Version=v4.8.1' instead of the project target framework 'net8.0'. This package may not be fully compatible with your project. [C:\Users\ultra\warewolf\Dev\Warewolf.MergeParser.Tests\Warewolf.MergeParser.Tests.csproj]
C:\Users\ultra\warewolf\Dev\Warewolf.Common\Warewolf.Common.csproj : warning NU1701: Package 'AeroWizard 2.3.1' was restored using '.NETFramework,Version=v4.6.1, .NETFramework,Version=v4.6.2, .NETFramework,Version=v4.7, .NETFramework,Version=v4.7.1, .NETFramework,Version=v4.7.2, .NETFramework,Version=v4.8, .NETFramework,Version=v4.8.1' instead of the project target framework 'net8.0'. This package may not be fully compatible with your project. [C:\Users\ultra\warewolf\Dev\Warewolf.MergeParser.Tests\Warewolf.MergeParser.Tests.csproj]
C:\Users\ultra\warewolf\Dev\Warewolf.Driver.Persistence\Warewolf.Driver.Persistence.csproj : warning NU1701: Package 'AeroWizard 2.3.1' was restored using '.NETFramework,Version=v4.6.1, .NETFramework,Version=v4.6.2, .NETFramework,Version=v4.7, .NETFramework,Version=v4.7.1, .NETFramework,Version=v4.7.2, .NETFramework,Version=v4.8, .NETFramework,Version=v4.8.1' instead of the project target framework 'net8.0'. This package may not be fully compatible with your project. [C:\Users\ultra\warewolf\Dev\Warewolf.MergeParser.Tests\Warewolf.MergeParser.Tests.csproj]
C:\Users\ultra\warewolf\Dev\Dev2.Studio.Interfaces\Dev2.Studio.Interfaces.csproj : warning NU1701: Package 'AeroWizard 2.3.1' was restored using '.NETFramework,Version=v4.6.1, .NETFramework,Version=v4.6.2, .NETFramework,Version=v4.7, .NETFramework,Version=v4.7.1, .NETFramework,Version=v4.7.2, .NETFramework,Version=v4.8, .NETFramework,Version=v4.8.1' instead of the project target framework 'net8.0'. This package may not be fully compatible with your project. [C:\Users\ultra\warewolf\Dev\Warewolf.MergeParser.Tests\Warewolf.MergeParser.Tests.csproj]
C:\Users\ultra\warewolf\Dev\Dev2.Studio.Core\Dev2.Studio.Core.csproj : warning NU1701: Package 'AeroWizard 2.3.1' was restored using '.NETFramework,Version=v4.6.1, .NETFramework,Version=v4.6.2, .NETFramework,Version=v4.7, .NETFramework,Version=v4.7.1, .NETFramework,Version=v4.7.2, .NETFramework,Version=v4.8, .NETFramework,Version=v4.8.1' instead of the project target framework 'net8.0'. This package may not be fully compatible with your project. [C:\Users\ultra\warewolf\Dev\Warewolf.MergeParser.Tests\Warewolf.MergeParser.Tests.csproj]
C:\Users\ultra\warewolf\Dev\Warewolf.Common\Warewolf.Common.csproj : warning NU1701: Package 'GroupControls 1.9.0' was restored using '.NETFramework,Version=v4.6.1, .NETFramework,Version=v4.6.2, .NETFramework,Version=v4.7, .NETFramework,Version=v4.7.1, .NETFramework,Version=v4.7.2, .NETFramework,Version=v4.8, .NETFramework,Version=v4.8.1' instead of the project target framework 'net8.0'. This package may not be fully compatible with your project. [C:\Users\ultra\warewolf\Dev\Warewolf.MergeParser.Tests\Warewolf.MergeParser.Tests.csproj]
C:\Users\ultra\warewolf\Dev\Warewolf.Exchange.Email.Wrapper\Warewolf.Exchange.Email.Wrapper.csproj : warning NU1701: Package 'GroupControls 1.9.0' was restored using '.NETFramework,Version=v4.6.1, .NETFramework,Version=v4.6.2, .NETFramework,Version=v4.7, .NETFramework,Version=v4.7.1, .NETFramework,Version=v4.7.2, .NETFramework,Version=v4.8, .NETFramework,Version=v4.8.1' instead of the project target framework 'net8.0'. This package may not be fully compatible with your project. [C:\Users\ultra\warewolf\Dev\Warewolf.MergeParser.Tests\Warewolf.MergeParser.Tests.csproj]
C:\Users\ultra\warewolf\Dev\Warewolf.Data\Warewolf.Data.csproj : warning NU1701: Package 'GroupControls 1.9.0' was restored using '.NETFramework,Version=v4.6.1, .NETFramework,Version=v4.6.2, .NETFramework,Version=v4.7, .NETFramework,Version=v4.7.1, .NETFramework,Version=v4.7.2, .NETFramework,Version=v4.8, .NETFramework,Version=v4.8.1' instead of the project target framework 'net8.0'. This package may not be fully compatible with your project. [C:\Users\ultra\warewolf\Dev\Warewolf.MergeParser.Tests\Warewolf.MergeParser.Tests.csproj]
C:\Users\ultra\warewolf\Dev\Warewolf.Common\Warewolf.Common.csproj : warning NU1701: Package 'TaskSchedulerEditor 2.10.1' was restored using '.NETFramework,Version=v4.6.1, .NETFramework,Version=v4.6.2, .NETFramework,Version=v4.7, .NETFramework,Version=v4.7.1, .NETFramework,Version=v4.7.2, .NETFramework,Version=v4.8, .NETFramework,Version=v4.8.1' instead of the project target framework 'net8.0'. This package may not be fully compatible with your project. [C:\Users\ultra\warewolf\Dev\Warewolf.MergeParser.Tests\Warewolf.MergeParser.Tests.csproj]
C:\Users\ultra\warewolf\Dev\Warewolf.Exchange.Email.Wrapper\Warewolf.Exchange.Email.Wrapper.csproj : warning NU1701: Package 'ReactiveUI.WPF 18.4.1' was restored using '.NETFramework,Version=v4.6.1, .NETFramework,Version=v4.6.2, .NETFramework,Version=v4.7, .NETFramework,Version=v4.7.1, .NETFramework,Version=v4.7.2, .NETFramework,Version=v4.8, .NETFramework,Version=v4.8.1' instead of the project target framework 'net8.0'. This package may not be fully compatible with your project. [C:\Users\ultra\warewolf\Dev\Warewolf.MergeParser.Tests\Warewolf.MergeParser.Tests.csproj]
C:\Users\ultra\warewolf\Dev\Dev2.SignalR.Wrappers.New\Dev2.SignalR.Wrappers.New.csproj : warning NU1701: Package 'GroupControls 1.9.0' was restored using '.NETFramework,Version=v4.6.1, .NETFramework,Version=v4.6.2, .NETFramework,Version=v4.7, .NETFramework,Version=v4.7.1, .NETFramework,Version=v4.7.2, .NETFramework,Version=v4.8, .NETFramework,Version=v4.8.1' instead of the project target framework 'net8.0'. This package may not be fully compatible with your project. [C:\Users\ultra\warewolf\Dev\Warewolf.MergeParser.Tests\Warewolf.MergeParser.Tests.csproj]
C:\Users\ultra\warewolf\Dev\Warewolf.AI.Harness\Warewolf.AI.Harness.csproj : warning NU1701: Package 'AeroWizard 2.3.1' was restored using '.NETFramework,Version=v4.6.1, .NETFramework,Version=v4.6.2, .NETFramework,Version=v4.7, .NETFramework,Version=v4.7.1, .NETFramework,Version=v4.7.2, .NETFramework,Version=v4.8, .NETFramework,Version=v4.8.1' instead of the project target framework 'net8.0'. This package may not be fully compatible with your project. [C:\Users\ultra\warewolf\Dev\Warewolf.MergeParser.Tests\Warewolf.MergeParser.Tests.csproj]
C:\Users\ultra\warewolf\Dev\Warewolf.Data\Warewolf.Data.csproj : warning NU1701: Package 'TaskSchedulerEditor 2.10.1' was restored using '.NETFramework,Version=v4.6.1, .NETFramework,Version=v4.6.2, .NETFramework,Version=v4.7, .NETFramework,Version=v4.7.1, .NETFramework,Version=v4.7.2, .NETFramework,Version=v4.8, .NETFramework,Version=v4.8.1' instead of the project target framework 'net8.0'. This package may not be fully compatible with your project. [C:\Users\ultra\warewolf\Dev\Warewolf.MergeParser.Tests\Warewolf.MergeParser.Tests.csproj]
C:\Users\ultra\warewolf\Dev\Dev2.SignalR.Wrappers.New\Dev2.SignalR.Wrappers.New.csproj : warning NU1701: Package 'ReactiveUI.WPF 18.4.1' was restored using '.NETFramework,Version=v4.6.1, .NETFramework,Version=v4.6.2, .NETFramework,Version=v4.7, .NETFramework,Version=v4.7.1, .NETFramework,Version=v4.7.2, .NETFramework,Version=v4.8, .NETFramework,Version=v4.8.1' instead of the project target framework 'net8.0'. This package may not be fully compatible with your project. [C:\Users\ultra\warewolf\Dev\Warewolf.MergeParser.Tests\Warewolf.MergeParser.Tests.csproj]
C:\Users\ultra\warewolf\Dev\Warewolf.Driver.Serilog\Warewolf.Driver.Serilog.csproj : warning NU1701: Package 'GroupControls 1.9.0' was restored using '.NETFramework,Version=v4.6.1, .NETFramework,Version=v4.6.2, .NETFramework,Version=v4.7, .NETFramework,Version=v4.7.1, .NETFramework,Version=v4.7.2, .NETFramework,Version=v4.8, .NETFramework,Version=v4.8.1' instead of the project target framework 'net8.0'. This package may not be fully compatible with your project. [C:\Users\ultra\warewolf\Dev\Warewolf.MergeParser.Tests\Warewolf.MergeParser.Tests.csproj]
C:\Users\ultra\warewolf\Dev\Warewolf.Exchange.Email.Wrapper\Warewolf.Exchange.Email.Wrapper.csproj : warning NU1701: Package 'TaskSchedulerEditor 2.10.1' was restored using '.NETFramework,Version=v4.6.1, .NETFramework,Version=v4.6.2, .NETFramework,Version=v4.7, .NETFramework,Version=v4.7.1, .NETFramework,Version=v4.7.2, .NETFramework,Version=v4.8, .NETFramework,Version=v4.8.1' instead of the project target framework 'net8.0'. This package may not be fully compatible with your project. [C:\Users\ultra\warewolf\Dev\Warewolf.MergeParser.Tests\Warewolf.MergeParser.Tests.csproj]
C:\Users\ultra\warewolf\Dev\Dev2.SignalR.Wrappers.New\Dev2.SignalR.Wrappers.New.csproj : warning NU1701: Package 'TaskSchedulerEditor 2.10.1' was restored using '.NETFramework,Version=v4.6.1, .NETFramework,Version=v4.6.2, .NETFramework,Version=v4.7, .NETFramework,Version=v4.7.1, .NETFramework,Version=v4.7.2, .NETFramework,Version=v4.8, .NETFramework,Version=v4.8.1' instead of the project target framework 'net8.0'. This package may not be fully compatible with your project. [C:\Users\ultra\warewolf\Dev\Warewolf.MergeParser.Tests\Warewolf.MergeParser.Tests.csproj]
C:\Users\ultra\warewolf\Dev\Warewolf.Driver.Serilog\Warewolf.Driver.Serilog.csproj : warning NU1701: Package 'ReactiveUI.WPF 18.4.1' was restored using '.NETFramework,Version=v4.6.1, .NETFramework,Version=v4.6.2, .NETFramework,Version=v4.7, .NETFramework,Version=v4.7.1, .NETFramework,Version=v4.7.2, .NETFramework,Version=v4.8, .NETFramework,Version=v4.8.1' instead of the project target framework 'net8.0'. This package may not be fully compatible with your project. [C:\Users\ultra\warewolf\Dev\Warewolf.MergeParser.Tests\Warewolf.MergeParser.Tests.csproj]
C:\Users\ultra\warewolf\Dev\Warewolf.AI.Harness\Warewolf.AI.Harness.csproj : warning NU1701: Package 'GroupControls 1.9.0' was restored using '.NETFramework,Version=v4.6.1, .NETFramework,Version=v4.6.2, .NETFramework,Version=v4.7, .NETFramework,Version=v4.7.1, .NETFramework,Version=v4.7.2, .NETFramework,Version=v4.8, .NETFramework,Version=v4.8.1' instead of the project target framework 'net8.0'. This package may not be fully compatible with your project. [C:\Users\ultra\warewolf\Dev\Warewolf.MergeParser.Tests\Warewolf.MergeParser.Tests.csproj]
C:\Users\ultra\warewolf\Dev\Warewolf.Driver.Serilog\Warewolf.Driver.Serilog.csproj : warning NU1701: Package 'TaskSchedulerEditor 2.10.1' was restored using '.NETFramework,Version=v4.6.1, .NETFramework,Version=v4.6.2, .NETFramework,Version=v4.7, .NETFramework,Version=v4.7.1, .NETFramework,Version=v4.7.2, .NETFramework,Version=v4.8, .NETFramework,Version=v4.8.1' instead of the project target framework 'net8.0'. This package may not be fully compatible with your project. [C:\Users\ultra\warewolf\Dev\Warewolf.MergeParser.Tests\Warewolf.MergeParser.Tests.csproj]
C:\Users\ultra\warewolf\Dev\Dev2.Studio.Interfaces\Dev2.Studio.Interfaces.csproj : warning NU1701: Package 'GroupControls 1.9.0' was restored using '.NETFramework,Version=v4.6.1, .NETFramework,Version=v4.6.2, .NETFramework,Version=v4.7, .NETFramework,Version=v4.7.1, .NETFramework,Version=v4.7.2, .NETFramework,Version=v4.8, .NETFramework,Version=v4.8.1' instead of the project target framework 'net8.0'. This package may not be fully compatible with your project. [C:\Users\ultra\warewolf\Dev\Warewolf.MergeParser.Tests\Warewolf.MergeParser.Tests.csproj]
C:\Users\ultra\warewolf\Dev\Warewolf.AI.Harness\Warewolf.AI.Harness.csproj : warning NU1701: Package 'TaskSchedulerEditor 2.10.1' was restored using '.NETFramework,Version=v4.6.1, .NETFramework,Version=v4.6.2, .NETFramework,Version=v4.7, .NETFramework,Version=v4.7.1, .NETFramework,Version=v4.7.2, .NETFramework,Version=v4.8, .NETFramework,Version=v4.8.1' instead of the project target framework 'net8.0'. This package may not be fully compatible with your project. [C:\Users\ultra\warewolf\Dev\Warewolf.MergeParser.Tests\Warewolf.MergeParser.Tests.csproj]
C:\Users\ultra\warewolf\Dev\Dev2.Studio.Interfaces\Dev2.Studio.Interfaces.csproj : warning NU1701: Package 'Microsoft.Xaml.Behaviors.Wpf 1.1.122' was restored using '.NETFramework,Version=v4.6.1, .NETFramework,Version=v4.6.2, .NETFramework,Version=v4.7, .NETFramework,Version=v4.7.1, .NETFramework,Version=v4.7.2, .NETFramework,Version=v4.8, .NETFramework,Version=v4.8.1' instead of the project target framework 'net8.0'. This package may not be fully compatible with your project. [C:\Users\ultra\warewolf\Dev\Warewolf.MergeParser.Tests\Warewolf.MergeParser.Tests.csproj]
C:\Users\ultra\warewolf\Dev\Warewolf.ResourceManagement\Warewolf.ResourceManagement.csproj : warning NU1701: Package 'AeroWizard 2.3.1' was restored using '.NETFramework,Version=v4.6.1, .NETFramework,Version=v4.6.2, .NETFramework,Version=v4.7, .NETFramework,Version=v4.7.1, .NETFramework,Version=v4.7.2, .NETFramework,Version=v4.8, .NETFramework,Version=v4.8.1' instead of the project target framework 'net8.0'. This package may not be fully compatible with your project. [C:\Users\ultra\warewolf\Dev\Warewolf.MergeParser.Tests\Warewolf.MergeParser.Tests.csproj]
C:\Users\ultra\warewolf\Dev\Dev2.Studio.Interfaces\Dev2.Studio.Interfaces.csproj : warning NU1701: Package 'Prism.Wpf 9.0.537' was restored using '.NETFramework,Version=v4.6.1, .NETFramework,Version=v4.6.2, .NETFramework,Version=v4.7, .NETFramework,Version=v4.7.1, .NETFramework,Version=v4.7.2, .NETFramework,Version=v4.8, .NETFramework,Version=v4.8.1' instead of the project target framework 'net8.0'. This package may not be fully compatible with your project. [C:\Users\ultra\warewolf\Dev\Warewolf.MergeParser.Tests\Warewolf.MergeParser.Tests.csproj]
C:\Users\ultra\warewolf\Dev\Warewolf.ResourceManagement\Warewolf.ResourceManagement.csproj : warning NU1701: Package 'GroupControls 1.9.0' was restored using '.NETFramework,Version=v4.6.1, .NETFramework,Version=v4.6.2, .NETFramework,Version=v4.7, .NETFramework,Version=v4.7.1, .NETFramework,Version=v4.7.2, .NETFramework,Version=v4.8, .NETFramework,Version=v4.8.1' instead of the project target framework 'net8.0'. This package may not be fully compatible with your project. [C:\Users\ultra\warewolf\Dev\Warewolf.MergeParser.Tests\Warewolf.MergeParser.Tests.csproj]
C:\Users\ultra\warewolf\Dev\Dev2.Studio.Interfaces\Dev2.Studio.Interfaces.csproj : warning NU1701: Package 'ReactiveUI.WPF 18.4.1' was restored using '.NETFramework,Version=v4.6.1, .NETFramework,Version=v4.6.2, .NETFramework,Version=v4.7, .NETFramework,Version=v4.7.1, .NETFramework,Version=v4.7.2, .NETFramework,Version=v4.8, .NETFramework,Version=v4.8.1' instead of the project target framework 'net8.0'. This package may not be fully compatible with your project. [C:\Users\ultra\warewolf\Dev\Warewolf.MergeParser.Tests\Warewolf.MergeParser.Tests.csproj]
C:\Users\ultra\warewolf\Dev\Warewolf.Core\Warewolf.Core.csproj : warning NU1903: Package 'Microsoft.Windows.Compatibility' 6.0.0 has a known high severity vulnerability, https://github.com/advisories/GHSA-555c-2p6r-68mm [C:\Users\ultra\warewolf\Dev\Warewolf.MergeParser.Tests\Warewolf.MergeParser.Tests.csproj]
C:\Users\ultra\warewolf\Dev\Dev2.Studio.Interfaces\Dev2.Studio.Interfaces.csproj : warning NU1701: Package 'TaskSchedulerEditor 2.10.1' was restored using '.NETFramework,Version=v4.6.1, .NETFramework,Version=v4.6.2, .NETFramework,Version=v4.7, .NETFramework,Version=v4.7.1, .NETFramework,Version=v4.7.2, .NETFramework,Version=v4.8, .NETFramework,Version=v4.8.1' instead of the project target framework 'net8.0'. This package may not be fully compatible with your project. [C:\Users\ultra\warewolf\Dev\Warewolf.MergeParser.Tests\Warewolf.MergeParser.Tests.csproj]
C:\Users\ultra\warewolf\Dev\Warewolf.ResourceManagement\Warewolf.ResourceManagement.csproj : warning NU1701: Package 'ReactiveUI.WPF 18.4.1' was restored using '.NETFramework,Version=v4.6.1, .NETFramework,Version=v4.6.2, .NETFramework,Version=v4.7, .NETFramework,Version=v4.7.1, .NETFramework,Version=v4.7.2, .NETFramework,Version=v4.8, .NETFramework,Version=v4.8.1' instead of the project target framework 'net8.0'. This package may not be fully compatible with your project. [C:\Users\ultra\warewolf\Dev\Warewolf.MergeParser.Tests\Warewolf.MergeParser.Tests.csproj]
C:\Users\ultra\warewolf\Dev\Warewolf.ResourceManagement\Warewolf.ResourceManagement.csproj : warning NU1701: Package 'TaskSchedulerEditor 2.10.1' was restored using '.NETFramework,Version=v4.6.1, .NETFramework,Version=v4.6.2, .NETFramework,Version=v4.7, .NETFramework,Version=v4.7.1, .NETFramework,Version=v4.7.2, .NETFramework,Version=v4.8, .NETFramework,Version=v4.8.1' instead of the project target framework 'net8.0'. This package may not be fully compatible with your project. [C:\Users\ultra\warewolf\Dev\Warewolf.MergeParser.Tests\Warewolf.MergeParser.Tests.csproj]
C:\Users\ultra\warewolf\Dev\Warewolf.Core\Warewolf.Core.csproj : warning NU1701: Package 'AeroWizard 2.3.1' was restored using '.NETFramework,Version=v4.6.1, .NETFramework,Version=v4.6.2, .NETFramework,Version=v4.7, .NETFramework,Version=v4.7.1, .NETFramework,Version=v4.7.2, .NETFramework,Version=v4.8, .NETFramework,Version=v4.8.1' instead of the project target framework 'net8.0'. This package may not be fully compatible with your project. [C:\Users\ultra\warewolf\Dev\Warewolf.MergeParser.Tests\Warewolf.MergeParser.Tests.csproj]
C:\Users\ultra\warewolf\Dev\Warewolf.Core\Warewolf.Core.csproj : warning NU1701: Package 'GroupControls 1.9.0' was restored using '.NETFramework,Version=v4.6.1, .NETFramework,Version=v4.6.2, .NETFramework,Version=v4.7, .NETFramework,Version=v4.7.1, .NETFramework,Version=v4.7.2, .NETFramework,Version=v4.8, .NETFramework,Version=v4.8.1' instead of the project target framework 'net8.0'. This package may not be fully compatible with your project. [C:\Users\ultra\warewolf\Dev\Warewolf.MergeParser.Tests\Warewolf.MergeParser.Tests.csproj]
C:\Users\ultra\warewolf\Dev\Warewolf.Core\Warewolf.Core.csproj : warning NU1701: Package 'ReactiveUI.WPF 18.4.1' was restored using '.NETFramework,Version=v4.6.1, .NETFramework,Version=v4.6.2, .NETFramework,Version=v4.7, .NETFramework,Version=v4.7.1, .NETFramework,Version=v4.7.2, .NETFramework,Version=v4.8, .NETFramework,Version=v4.8.1' instead of the project target framework 'net8.0'. This package may not be fully compatible with your project. [C:\Users\ultra\warewolf\Dev\Warewolf.MergeParser.Tests\Warewolf.MergeParser.Tests.csproj]
C:\Users\ultra\warewolf\Dev\Warewolf.Core\Warewolf.Core.csproj : warning NU1701: Package 'TaskSchedulerEditor 2.10.1' was restored using '.NETFramework,Version=v4.6.1, .NETFramework,Version=v4.6.2, .NETFramework,Version=v4.7, .NETFramework,Version=v4.7.1, .NETFramework,Version=v4.7.2, .NETFramework,Version=v4.8, .NETFramework,Version=v4.8.1' instead of the project target framework 'net8.0'. This package may not be fully compatible with your project. [C:\Users\ultra\warewolf\Dev\Warewolf.MergeParser.Tests\Warewolf.MergeParser.Tests.csproj]
C:\Users\ultra\warewolf\Dev\Warewolf.MergeParser\Warewolf.MergeParser.csproj : warning NU1701: Package 'AeroWizard 2.3.1' was restored using '.NETFramework,Version=v4.6.1, .NETFramework,Version=v4.6.2, .NETFramework,Version=v4.7, .NETFramework,Version=v4.7.1, .NETFramework,Version=v4.7.2, .NETFramework,Version=v4.8, .NETFramework,Version=v4.8.1' instead of the project target framework 'net8.0'. This package may not be fully compatible with your project. [C:\Users\ultra\warewolf\Dev\Warewolf.MergeParser.Tests\Warewolf.MergeParser.Tests.csproj]
C:\Users\ultra\warewolf\Dev\Warewolf.MergeParser\Warewolf.MergeParser.csproj : warning NU1701: Package 'GroupControls 1.9.0' was restored using '.NETFramework,Version=v4.6.1, .NETFramework,Version=v4.6.2, .NETFramework,Version=v4.7, .NETFramework,Version=v4.7.1, .NETFramework,Version=v4.7.2, .NETFramework,Version=v4.8, .NETFramework,Version=v4.8.1' instead of the project target framework 'net8.0'. This package may not be fully compatible with your project. [C:\Users\ultra\warewolf\Dev\Warewolf.MergeParser.Tests\Warewolf.MergeParser.Tests.csproj]
C:\Users\ultra\warewolf\Dev\Warewolf.MergeParser\Warewolf.MergeParser.csproj : warning NU1701: Package 'Microsoft.Xaml.Behaviors.Wpf 1.1.122' was restored using '.NETFramework,Version=v4.6.1, .NETFramework,Version=v4.6.2, .NETFramework,Version=v4.7, .NETFramework,Version=v4.7.1, .NETFramework,Version=v4.7.2, .NETFramework,Version=v4.8, .NETFramework,Version=v4.8.1' instead of the project target framework 'net8.0'. This package may not be fully compatible with your project. [C:\Users\ultra\warewolf\Dev\Warewolf.MergeParser.Tests\Warewolf.MergeParser.Tests.csproj]
C:\Users\ultra\warewolf\Dev\Warewolf.Driver.Persistence\Warewolf.Driver.Persistence.csproj : warning NU1701: Package 'GroupControls 1.9.0' was restored using '.NETFramework,Version=v4.6.1, .NETFramework,Version=v4.6.2, .NETFramework,Version=v4.7, .NETFramework,Version=v4.7.1, .NETFramework,Version=v4.7.2, .NETFramework,Version=v4.8, .NETFramework,Version=v4.8.1' instead of the project target framework 'net8.0'. This package may not be fully compatible with your project. [C:\Users\ultra\warewolf\Dev\Warewolf.MergeParser.Tests\Warewolf.MergeParser.Tests.csproj]
C:\Users\ultra\warewolf\Dev\Warewolf.MergeParser\Warewolf.MergeParser.csproj : warning NU1701: Package 'Prism.Wpf 9.0.537' was restored using '.NETFramework,Version=v4.6.1, .NETFramework,Version=v4.6.2, .NETFramework,Version=v4.7, .NETFramework,Version=v4.7.1, .NETFramework,Version=v4.7.2, .NETFramework,Version=v4.8, .NETFramework,Version=v4.8.1' instead of the project target framework 'net8.0'. This package may not be fully compatible with your project. [C:\Users\ultra\warewolf\Dev\Warewolf.MergeParser.Tests\Warewolf.MergeParser.Tests.csproj]
C:\Users\ultra\warewolf\Dev\Warewolf.Driver.Persistence\Warewolf.Driver.Persistence.csproj : warning NU1701: Package 'ReactiveUI.WPF 18.4.1' was restored using '.NETFramework,Version=v4.6.1, .NETFramework,Version=v4.6.2, .NETFramework,Version=v4.7, .NETFramework,Version=v4.7.1, .NETFramework,Version=v4.7.2, .NETFramework,Version=v4.8, .NETFramework,Version=v4.8.1' instead of the project target framework 'net8.0'. This package may not be fully compatible with your project. [C:\Users\ultra\warewolf\Dev\Warewolf.MergeParser.Tests\Warewolf.MergeParser.Tests.csproj]
C:\Users\ultra\warewolf\Dev\Warewolf.MergeParser\Warewolf.MergeParser.csproj : warning NU1701: Package 'ReactiveUI.WPF 18.4.1' was restored using '.NETFramework,Version=v4.6.1, .NETFramework,Version=v4.6.2, .NETFramework,Version=v4.7, .NETFramework,Version=v4.7.1, .NETFramework,Version=v4.7.2, .NETFramework,Version=v4.8, .NETFramework,Version=v4.8.1' instead of the project target framework 'net8.0'. This package may not be fully compatible with your project. [C:\Users\ultra\warewolf\Dev\Warewolf.MergeParser.Tests\Warewolf.MergeParser.Tests.csproj]
C:\Users\ultra\warewolf\Dev\Dev2.Studio.Core\Dev2.Studio.Core.csproj : warning NU1701: Package 'GroupControls 1.9.0' was restored using '.NETFramework,Version=v4.6.1, .NETFramework,Version=v4.6.2, .NETFramework,Version=v4.7, .NETFramework,Version=v4.7.1, .NETFramework,Version=v4.7.2, .NETFramework,Version=v4.8, .NETFramework,Version=v4.8.1' instead of the project target framework 'net8.0'. This package may not be fully compatible with your project. [C:\Users\ultra\warewolf\Dev\Warewolf.MergeParser.Tests\Warewolf.MergeParser.Tests.csproj]
C:\Users\ultra\warewolf\Dev\Warewolf.Driver.Persistence\Warewolf.Driver.Persistence.csproj : warning NU1701: Package 'TaskSchedulerEditor 2.10.1' was restored using '.NETFramework,Version=v4.6.1, .NETFramework,Version=v4.6.2, .NETFramework,Version=v4.7, .NETFramework,Version=v4.7.1, .NETFramework,Version=v4.7.2, .NETFramework,Version=v4.8, .NETFramework,Version=v4.8.1' instead of the project target framework 'net8.0'. This package may not be fully compatible with your project. [C:\Users\ultra\warewolf\Dev\Warewolf.MergeParser.Tests\Warewolf.MergeParser.Tests.csproj]
C:\Users\ultra\warewolf\Dev\Warewolf.MergeParser\Warewolf.MergeParser.csproj : warning NU1701: Package 'TaskSchedulerEditor 2.10.1' was restored using '.NETFramework,Version=v4.6.1, .NETFramework,Version=v4.6.2, .NETFramework,Version=v4.7, .NETFramework,Version=v4.7.1, .NETFramework,Version=v4.7.2, .NETFramework,Version=v4.8, .NETFramework,Version=v4.8.1' instead of the project target framework 'net8.0'. This package may not be fully compatible with your project. [C:\Users\ultra\warewolf\Dev\Warewolf.MergeParser.Tests\Warewolf.MergeParser.Tests.csproj]
C:\Users\ultra\warewolf\Dev\Dev2.Studio.Core\Dev2.Studio.Core.csproj : warning NU1701: Package 'Microsoft.Xaml.Behaviors.Wpf 1.1.122' was restored using '.NETFramework,Version=v4.6.1, .NETFramework,Version=v4.6.2, .NETFramework,Version=v4.7, .NETFramework,Version=v4.7.1, .NETFramework,Version=v4.7.2, .NETFramework,Version=v4.8, .NETFramework,Version=v4.8.1' instead of the project target framework 'net8.0'. This package may not be fully compatible with your project. [C:\Users\ultra\warewolf\Dev\Warewolf.MergeParser.Tests\Warewolf.MergeParser.Tests.csproj]
C:\Users\ultra\warewolf\Dev\Dev2.Studio.Core\Dev2.Studio.Core.csproj : warning NU1701: Package 'Prism.Wpf 9.0.537' was restored using '.NETFramework,Version=v4.6.1, .NETFramework,Version=v4.6.2, .NETFramework,Version=v4.7, .NETFramework,Version=v4.7.1, .NETFramework,Version=v4.7.2, .NETFramework,Version=v4.8, .NETFramework,Version=v4.8.1' instead of the project target framework 'net8.0'. This package may not be fully compatible with your project. [C:\Users\ultra\warewolf\Dev\Warewolf.MergeParser.Tests\Warewolf.MergeParser.Tests.csproj]
C:\Users\ultra\warewolf\Dev\Dev2.Studio.Core\Dev2.Studio.Core.csproj : warning NU1701: Package 'ReactiveUI.WPF 18.4.1' was restored using '.NETFramework,Version=v4.6.1, .NETFramework,Version=v4.6.2, .NETFramework,Version=v4.7, .NETFramework,Version=v4.7.1, .NETFramework,Version=v4.7.2, .NETFramework,Version=v4.8, .NETFramework,Version=v4.8.1' instead of the project target framework 'net8.0'. This package may not be fully compatible with your project. [C:\Users\ultra\warewolf\Dev\Warewolf.MergeParser.Tests\Warewolf.MergeParser.Tests.csproj]
C:\Users\ultra\warewolf\Dev\Dev2.Studio.Core\Dev2.Studio.Core.csproj : warning NU1701: Package 'TaskSchedulerEditor 2.10.1' was restored using '.NETFramework,Version=v4.6.1, .NETFramework,Version=v4.6.2, .NETFramework,Version=v4.7, .NETFramework,Version=v4.7.1, .NETFramework,Version=v4.7.2, .NETFramework,Version=v4.8, .NETFramework,Version=v4.8.1' instead of the project target framework 'net8.0'. This package may not be fully compatible with your project. [C:\Users\ultra\warewolf\Dev\Warewolf.MergeParser.Tests\Warewolf.MergeParser.Tests.csproj]
C:\Users\ultra\warewolf\Dev\Dev2.Common.Interfaces\Dev2.Common.Interfaces.csproj : warning NU1903: Package 'Microsoft.Windows.Compatibility' 6.0.0 has a known high severity vulnerability, https://github.com/advisories/GHSA-555c-2p6r-68mm [C:\Users\ultra\warewolf\Dev\Warewolf.MergeParser.Tests\Warewolf.MergeParser.Tests.csproj]
C:\Users\ultra\warewolf\Dev\Dev2.Common.Interfaces\Dev2.Common.Interfaces.csproj : warning NU1701: Package 'AeroWizard 2.3.1' was restored using '.NETFramework,Version=v4.6.1, .NETFramework,Version=v4.6.2, .NETFramework,Version=v4.7, .NETFramework,Version=v4.7.1, .NETFramework,Version=v4.7.2, .NETFramework,Version=v4.8, .NETFramework,Version=v4.8.1' instead of the project target framework 'net8.0'. This package may not be fully compatible with your project. [C:\Users\ultra\warewolf\Dev\Warewolf.MergeParser.Tests\Warewolf.MergeParser.Tests.csproj]
C:\Users\ultra\warewolf\Dev\Dev2.Common.Interfaces\Dev2.Common.Interfaces.csproj : warning NU1701: Package 'GroupControls 1.9.0' was restored using '.NETFramework,Version=v4.6.1, .NETFramework,Version=v4.6.2, .NETFramework,Version=v4.7, .NETFramework,Version=v4.7.1, .NETFramework,Version=v4.7.2, .NETFramework,Version=v4.8, .NETFramework,Version=v4.8.1' instead of the project target framework 'net8.0'. This package may not be fully compatible with your project. [C:\Users\ultra\warewolf\Dev\Warewolf.MergeParser.Tests\Warewolf.MergeParser.Tests.csproj]
C:\Users\ultra\warewolf\Dev\Dev2.Common.Interfaces\Dev2.Common.Interfaces.csproj : warning NU1701: Package 'TaskSchedulerEditor 2.10.1' was restored using '.NETFramework,Version=v4.6.1, .NETFramework,Version=v4.6.2, .NETFramework,Version=v4.7, .NETFramework,Version=v4.7.1, .NETFramework,Version=v4.7.2, .NETFramework,Version=v4.8, .NETFramework,Version=v4.8.1' instead of the project target framework 'net8.0'. This package may not be fully compatible with your project. [C:\Users\ultra\warewolf\Dev\Warewolf.MergeParser.Tests\Warewolf.MergeParser.Tests.csproj]
C:\Users\ultra\warewolf\Dev\Warewolf.Security\Warewolf.Security.csproj : warning NU1904: Package 'System.Drawing.Common' 4.5.1 has a known critical severity vulnerability, https://github.com/advisories/GHSA-rxg9-xrhp-64gj [C:\Users\ultra\warewolf\Dev\Warewolf.MergeParser.Tests\Warewolf.MergeParser.Tests.csproj]
C:\Users\ultra\warewolf\Dev\Warewolf.Storage.Interfaces\Warewolf.Storage.Interfaces.csproj : warning NU1701: Package 'AeroWizard 2.3.1' was restored using '.NETFramework,Version=v4.6.1, .NETFramework,Version=v4.6.2, .NETFramework,Version=v4.7, .NETFramework,Version=v4.7.1, .NETFramework,Version=v4.7.2, .NETFramework,Version=v4.8, .NETFramework,Version=v4.8.1' instead of the project target framework 'net8.0'. This package may not be fully compatible with your project. [C:\Users\ultra\warewolf\Dev\Warewolf.MergeParser.Tests\Warewolf.MergeParser.Tests.csproj]
C:\Users\ultra\warewolf\Dev\Warewolf.Storage.Interfaces\Warewolf.Storage.Interfaces.csproj : warning NU1701: Package 'GroupControls 1.9.0' was restored using '.NETFramework,Version=v4.6.1, .NETFramework,Version=v4.6.2, .NETFramework,Version=v4.7, .NETFramework,Version=v4.7.1, .NETFramework,Version=v4.7.2, .NETFramework,Version=v4.8, .NETFramework,Version=v4.8.1' instead of the project target framework 'net8.0'. This package may not be fully compatible with your project. [C:\Users\ultra\warewolf\Dev\Warewolf.MergeParser.Tests\Warewolf.MergeParser.Tests.csproj]
C:\Users\ultra\warewolf\Dev\Warewolf.Storage.Interfaces\Warewolf.Storage.Interfaces.csproj : warning NU1701: Package 'TaskSchedulerEditor 2.10.1' was restored using '.NETFramework,Version=v4.6.1, .NETFramework,Version=v4.6.2, .NETFramework,Version=v4.7, .NETFramework,Version=v4.7.1, .NETFramework,Version=v4.7.2, .NETFramework,Version=v4.8, .NETFramework,Version=v4.8.1' instead of the project target framework 'net8.0'. This package may not be fully compatible with your project. [C:\Users\ultra\warewolf\Dev\Warewolf.MergeParser.Tests\Warewolf.MergeParser.Tests.csproj]
C:\Users\ultra\warewolf\Dev\Dev2.Common\Dev2.Common.csproj : warning NU1903: Package 'Microsoft.Windows.Compatibility' 6.0.0 has a known high severity vulnerability, https://github.com/advisories/GHSA-555c-2p6r-68mm [C:\Users\ultra\warewolf\Dev\Warewolf.MergeParser.Tests\Warewolf.MergeParser.Tests.csproj]
C:\Users\ultra\warewolf\Dev\Dev2.Common\Dev2.Common.csproj : warning NU1701: Package 'AeroWizard 2.3.1' was restored using '.NETFramework,Version=v4.6.1, .NETFramework,Version=v4.6.2, .NETFramework,Version=v4.7, .NETFramework,Version=v4.7.1, .NETFramework,Version=v4.7.2, .NETFramework,Version=v4.8, .NETFramework,Version=v4.8.1' instead of the project target framework 'net8.0'. This package may not be fully compatible with your project. [C:\Users\ultra\warewolf\Dev\Warewolf.MergeParser.Tests\Warewolf.MergeParser.Tests.csproj]
C:\Users\ultra\warewolf\Dev\Dev2.Common\Dev2.Common.csproj : warning NU1701: Package 'GroupControls 1.9.0' was restored using '.NETFramework,Version=v4.6.1, .NETFramework,Version=v4.6.2, .NETFramework,Version=v4.7, .NETFramework,Version=v4.7.1, .NETFramework,Version=v4.7.2, .NETFramework,Version=v4.8, .NETFramework,Version=v4.8.1' instead of the project target framework 'net8.0'. This package may not be fully compatible with your project. [C:\Users\ultra\warewolf\Dev\Warewolf.MergeParser.Tests\Warewolf.MergeParser.Tests.csproj]
C:\Users\ultra\warewolf\Dev\Dev2.Common\Dev2.Common.csproj : warning NU1701: Package 'TaskSchedulerEditor 2.10.1' was restored using '.NETFramework,Version=v4.6.1, .NETFramework,Version=v4.6.2, .NETFramework,Version=v4.7, .NETFramework,Version=v4.7.1, .NETFramework,Version=v4.7.2, .NETFramework,Version=v4.8, .NETFramework,Version=v4.8.1' instead of the project target framework 'net8.0'. This package may not be fully compatible with your project. [C:\Users\ultra\warewolf\Dev\Warewolf.MergeParser.Tests\Warewolf.MergeParser.Tests.csproj]
C:\Users\ultra\warewolf\Dev\Warewolf.Storage\Warewolf.Storage.csproj : warning NU1701: Package 'AeroWizard 2.3.1' was restored using '.NETFramework,Version=v4.6.1, .NETFramework,Version=v4.6.2, .NETFramework,Version=v4.7, .NETFramework,Version=v4.7.1, .NETFramework,Version=v4.7.2, .NETFramework,Version=v4.8, .NETFramework,Version=v4.8.1' instead of the project target framework 'net8.0'. This package may not be fully compatible with your project. [C:\Users\ultra\warewolf\Dev\Warewolf.MergeParser.Tests\Warewolf.MergeParser.Tests.csproj]
C:\Users\ultra\warewolf\Dev\Warewolf.Storage\Warewolf.Storage.csproj : warning NU1701: Package 'GroupControls 1.9.0' was restored using '.NETFramework,Version=v4.6.1, .NETFramework,Version=v4.6.2, .NETFramework,Version=v4.7, .NETFramework,Version=v4.7.1, .NETFramework,Version=v4.7.2, .NETFramework,Version=v4.8, .NETFramework,Version=v4.8.1' instead of the project target framework 'net8.0'. This package may not be fully compatible with your project. [C:\Users\ultra\warewolf\Dev\Warewolf.MergeParser.Tests\Warewolf.MergeParser.Tests.csproj]
C:\Users\ultra\warewolf\Dev\Warewolf.Storage\Warewolf.Storage.csproj : warning NU1701: Package 'ReactiveUI.WPF 18.4.1' was restored using '.NETFramework,Version=v4.6.1, .NETFramework,Version=v4.6.2, .NETFramework,Version=v4.7, .NETFramework,Version=v4.7.1, .NETFramework,Version=v4.7.2, .NETFramework,Version=v4.8, .NETFramework,Version=v4.8.1' instead of the project target framework 'net8.0'. This package may not be fully compatible with your project. [C:\Users\ultra\warewolf\Dev\Warewolf.MergeParser.Tests\Warewolf.MergeParser.Tests.csproj]
C:\Users\ultra\warewolf\Dev\Warewolf.Storage\Warewolf.Storage.csproj : warning NU1701: Package 'TaskSchedulerEditor 2.10.1' was restored using '.NETFramework,Version=v4.6.1, .NETFramework,Version=v4.6.2, .NETFramework,Version=v4.7, .NETFramework,Version=v4.7.1, .NETFramework,Version=v4.7.2, .NETFramework,Version=v4.8, .NETFramework,Version=v4.8.1' instead of the project target framework 'net8.0'. This package may not be fully compatible with your project. [C:\Users\ultra\warewolf\Dev\Warewolf.MergeParser.Tests\Warewolf.MergeParser.Tests.csproj]
C:\Users\ultra\warewolf\Dev\Dev2.Core\Dev2.Core.csproj : warning NU1903: Package 'Microsoft.Windows.Compatibility' 6.0.0 has a known high severity vulnerability, https://github.com/advisories/GHSA-555c-2p6r-68mm [C:\Users\ultra\warewolf\Dev\Warewolf.MergeParser.Tests\Warewolf.MergeParser.Tests.csproj]
C:\Users\ultra\warewolf\Dev\Dev2.Core\Dev2.Core.csproj : warning NU1701: Package 'AeroWizard 2.3.1' was restored using '.NETFramework,Version=v4.6.1, .NETFramework,Version=v4.6.2, .NETFramework,Version=v4.7, .NETFramework,Version=v4.7.1, .NETFramework,Version=v4.7.2, .NETFramework,Version=v4.8, .NETFramework,Version=v4.8.1' instead of the project target framework 'net8.0'. This package may not be fully compatible with your project. [C:\Users\ultra\warewolf\Dev\Warewolf.MergeParser.Tests\Warewolf.MergeParser.Tests.csproj]
C:\Users\ultra\warewolf\Dev\Dev2.Core\Dev2.Core.csproj : warning NU1701: Package 'GroupControls 1.9.0' was restored using '.NETFramework,Version=v4.6.1, .NETFramework,Version=v4.6.2, .NETFramework,Version=v4.7, .NETFramework,Version=v4.7.1, .NETFramework,Version=v4.7.2, .NETFramework,Version=v4.8, .NETFramework,Version=v4.8.1' instead of the project target framework 'net8.0'. This package may not be fully compatible with your project. [C:\Users\ultra\warewolf\Dev\Warewolf.MergeParser.Tests\Warewolf.MergeParser.Tests.csproj]
C:\Users\ultra\warewolf\Dev\Dev2.Core\Dev2.Core.csproj : warning NU1701: Package 'ReactiveUI.WPF 18.4.1' was restored using '.NETFramework,Version=v4.6.1, .NETFramework,Version=v4.6.2, .NETFramework,Version=v4.7, .NETFramework,Version=v4.7.1, .NETFramework,Version=v4.7.2, .NETFramework,Version=v4.8, .NETFramework,Version=v4.8.1' instead of the project target framework 'net8.0'. This package may not be fully compatible with your project. [C:\Users\ultra\warewolf\Dev\Warewolf.MergeParser.Tests\Warewolf.MergeParser.Tests.csproj]
C:\Users\ultra\warewolf\Dev\Dev2.Core\Dev2.Core.csproj : warning NU1701: Package 'TaskSchedulerEditor 2.10.1' was restored using '.NETFramework,Version=v4.6.1, .NETFramework,Version=v4.6.2, .NETFramework,Version=v4.7, .NETFramework,Version=v4.7.1, .NETFramework,Version=v4.7.2, .NETFramework,Version=v4.8, .NETFramework,Version=v4.8.1' instead of the project target framework 'net8.0'. This package may not be fully compatible with your project. [C:\Users\ultra\warewolf\Dev\Warewolf.MergeParser.Tests\Warewolf.MergeParser.Tests.csproj]
C:\Users\ultra\warewolf\Dev\Warewolf.Sharepoint\Warewolf.Sharepoint.csproj : warning NU1701: Package 'AeroWizard 2.3.1' was restored using '.NETFramework,Version=v4.6.1, .NETFramework,Version=v4.6.2, .NETFramework,Version=v4.7, .NETFramework,Version=v4.7.1, .NETFramework,Version=v4.7.2, .NETFramework,Version=v4.8, .NETFramework,Version=v4.8.1' instead of the project target framework 'net8.0'. This package may not be fully compatible with your project. [C:\Users\ultra\warewolf\Dev\Warewolf.MergeParser.Tests\Warewolf.MergeParser.Tests.csproj]
C:\Users\ultra\warewolf\Dev\Warewolf.Sharepoint\Warewolf.Sharepoint.csproj : warning NU1701: Package 'GroupControls 1.9.0' was restored using '.NETFramework,Version=v4.6.1, .NETFramework,Version=v4.6.2, .NETFramework,Version=v4.7, .NETFramework,Version=v4.7.1, .NETFramework,Version=v4.7.2, .NETFramework,Version=v4.8, .NETFramework,Version=v4.8.1' instead of the project target framework 'net8.0'. This package may not be fully compatible with your project. [C:\Users\ultra\warewolf\Dev\Warewolf.MergeParser.Tests\Warewolf.MergeParser.Tests.csproj]
C:\Users\ultra\warewolf\Dev\Warewolf.Sharepoint\Warewolf.Sharepoint.csproj : warning NU1701: Package 'ReactiveUI.WPF 18.4.1' was restored using '.NETFramework,Version=v4.6.1, .NETFramework,Version=v4.6.2, .NETFramework,Version=v4.7, .NETFramework,Version=v4.7.1, .NETFramework,Version=v4.7.2, .NETFramework,Version=v4.8, .NETFramework,Version=v4.8.1' instead of the project target framework 'net8.0'. This package may not be fully compatible with your project. [C:\Users\ultra\warewolf\Dev\Warewolf.MergeParser.Tests\Warewolf.MergeParser.Tests.csproj]
C:\Users\ultra\warewolf\Dev\Warewolf.Sharepoint\Warewolf.Sharepoint.csproj : warning NU1701: Package 'TaskSchedulerEditor 2.10.1' was restored using '.NETFramework,Version=v4.6.1, .NETFramework,Version=v4.6.2, .NETFramework,Version=v4.7, .NETFramework,Version=v4.7.1, .NETFramework,Version=v4.7.2, .NETFramework,Version=v4.8, .NETFramework,Version=v4.8.1' instead of the project target framework 'net8.0'. This package may not be fully compatible with your project. [C:\Users\ultra\warewolf\Dev\Warewolf.MergeParser.Tests\Warewolf.MergeParser.Tests.csproj]
C:\Users\ultra\warewolf\Dev\Dev2.Util\Dev2.Util.csproj : warning NU1903: Package 'Microsoft.Windows.Compatibility' 6.0.0 has a known high severity vulnerability, https://github.com/advisories/GHSA-555c-2p6r-68mm [C:\Users\ultra\warewolf\Dev\Warewolf.MergeParser.Tests\Warewolf.MergeParser.Tests.csproj]
C:\Users\ultra\warewolf\Dev\Dev2.Util\Dev2.Util.csproj : warning NU1701: Package 'AeroWizard 2.3.1' was restored using '.NETFramework,Version=v4.6.1, .NETFramework,Version=v4.6.2, .NETFramework,Version=v4.7, .NETFramework,Version=v4.7.1, .NETFramework,Version=v4.7.2, .NETFramework,Version=v4.8, .NETFramework,Version=v4.8.1' instead of the project target framework 'net8.0'. This package may not be fully compatible with your project. [C:\Users\ultra\warewolf\Dev\Warewolf.MergeParser.Tests\Warewolf.MergeParser.Tests.csproj]
C:\Users\ultra\warewolf\Dev\Dev2.Util\Dev2.Util.csproj : warning NU1701: Package 'GroupControls 1.9.0' was restored using '.NETFramework,Version=v4.6.1, .NETFramework,Version=v4.6.2, .NETFramework,Version=v4.7, .NETFramework,Version=v4.7.1, .NETFramework,Version=v4.7.2, .NETFramework,Version=v4.8, .NETFramework,Version=v4.8.1' instead of the project target framework 'net8.0'. This package may not be fully compatible with your project. [C:\Users\ultra\warewolf\Dev\Warewolf.MergeParser.Tests\Warewolf.MergeParser.Tests.csproj]
C:\Users\ultra\warewolf\Dev\Dev2.Util\Dev2.Util.csproj : warning NU1701: Package 'TaskSchedulerEditor 2.10.1' was restored using '.NETFramework,Version=v4.6.1, .NETFramework,Version=v4.6.2, .NETFramework,Version=v4.7, .NETFramework,Version=v4.7.1, .NETFramework,Version=v4.7.2, .NETFramework,Version=v4.8, .NETFramework,Version=v4.8.1' instead of the project target framework 'net8.0'. This package may not be fully compatible with your project. [C:\Users\ultra\warewolf\Dev\Warewolf.MergeParser.Tests\Warewolf.MergeParser.Tests.csproj]
C:\Users\ultra\warewolf\Dev\Warewolf.Common.NetStandard20\Warewolf.Common.NetStandard20.csproj : warning NU1701: Package 'AeroWizard 2.3.1' was restored using '.NETFramework,Version=v4.6.1, .NETFramework,Version=v4.6.2, .NETFramework,Version=v4.7, .NETFramework,Version=v4.7.1, .NETFramework,Version=v4.7.2, .NETFramework,Version=v4.8, .NETFramework,Version=v4.8.1' instead of the project target framework 'net8.0'. This package may not be fully compatible with your project. [C:\Users\ultra\warewolf\Dev\Warewolf.MergeParser.Tests\Warewolf.MergeParser.Tests.csproj]
C:\Users\ultra\warewolf\Dev\Warewolf.Common.NetStandard20\Warewolf.Common.NetStandard20.csproj : warning NU1701: Package 'GroupControls 1.9.0' was restored using '.NETFramework,Version=v4.6.1, .NETFramework,Version=v4.6.2, .NETFramework,Version=v4.7, .NETFramework,Version=v4.7.1, .NETFramework,Version=v4.7.2, .NETFramework,Version=v4.8, .NETFramework,Version=v4.8.1' instead of the project target framework 'net8.0'. This package may not be fully compatible with your project. [C:\Users\ultra\warewolf\Dev\Warewolf.MergeParser.Tests\Warewolf.MergeParser.Tests.csproj]
C:\Users\ultra\warewolf\Dev\Warewolf.Common.NetStandard20\Warewolf.Common.NetStandard20.csproj : warning NU1701: Package 'ReactiveUI.WPF 18.4.1' was restored using '.NETFramework,Version=v4.6.1, .NETFramework,Version=v4.6.2, .NETFramework,Version=v4.7, .NETFramework,Version=v4.7.1, .NETFramework,Version=v4.7.2, .NETFramework,Version=v4.8, .NETFramework,Version=v4.8.1' instead of the project target framework 'net8.0'. This package may not be fully compatible with your project. [C:\Users\ultra\warewolf\Dev\Warewolf.MergeParser.Tests\Warewolf.MergeParser.Tests.csproj]
C:\Users\ultra\warewolf\Dev\Warewolf.Common.NetStandard20\Warewolf.Common.NetStandard20.csproj : warning NU1701: Package 'TaskSchedulerEditor 2.10.1' was restored using '.NETFramework,Version=v4.6.1, .NETFramework,Version=v4.6.2, .NETFramework,Version=v4.7, .NETFramework,Version=v4.7.1, .NETFramework,Version=v4.7.2, .NETFramework,Version=v4.8, .NETFramework,Version=v4.8.1' instead of the project target framework 'net8.0'. This package may not be fully compatible with your project. [C:\Users\ultra\warewolf\Dev\Warewolf.MergeParser.Tests\Warewolf.MergeParser.Tests.csproj]
C:\Users\ultra\warewolf\Dev\Dev2.TaskScheduler.Wrappers\Dev2.TaskScheduler.Wrappers.csproj : warning NU1701: Package 'AeroWizard 2.3.1' was restored using '.NETFramework,Version=v4.6.1, .NETFramework,Version=v4.6.2, .NETFramework,Version=v4.7, .NETFramework,Version=v4.7.1, .NETFramework,Version=v4.7.2, .NETFramework,Version=v4.8, .NETFramework,Version=v4.8.1' instead of the project target framework 'net8.0'. This package may not be fully compatible with your project. [C:\Users\ultra\warewolf\Dev\Warewolf.MergeParser.Tests\Warewolf.MergeParser.Tests.csproj]
C:\Users\ultra\warewolf\Dev\Dev2.TaskScheduler.Wrappers\Dev2.TaskScheduler.Wrappers.csproj : warning NU1701: Package 'GroupControls 1.9.0' was restored using '.NETFramework,Version=v4.6.1, .NETFramework,Version=v4.6.2, .NETFramework,Version=v4.7, .NETFramework,Version=v4.7.1, .NETFramework,Version=v4.7.2, .NETFramework,Version=v4.8, .NETFramework,Version=v4.8.1' instead of the project target framework 'net8.0'. This package may not be fully compatible with your project. [C:\Users\ultra\warewolf\Dev\Warewolf.MergeParser.Tests\Warewolf.MergeParser.Tests.csproj]
C:\Users\ultra\warewolf\Dev\Dev2.TaskScheduler.Wrappers\Dev2.TaskScheduler.Wrappers.csproj : warning NU1701: Package 'TaskSchedulerEditor 2.10.1' was restored using '.NETFramework,Version=v4.6.1, .NETFramework,Version=v4.6.2, .NETFramework,Version=v4.7, .NETFramework,Version=v4.7.1, .NETFramework,Version=v4.7.2, .NETFramework,Version=v4.8, .NETFramework,Version=v4.8.1' instead of the project target framework 'net8.0'. This package may not be fully compatible with your project. [C:\Users\ultra\warewolf\Dev\Warewolf.MergeParser.Tests\Warewolf.MergeParser.Tests.csproj]
C:\Users\ultra\warewolf\Dev\Warewolf.Auditing\Warewolf.Auditing.csproj : warning NU1701: Package 'AeroWizard 2.3.1' was restored using '.NETFramework,Version=v4.6.1, .NETFramework,Version=v4.6.2, .NETFramework,Version=v4.7, .NETFramework,Version=v4.7.1, .NETFramework,Version=v4.7.2, .NETFramework,Version=v4.8, .NETFramework,Version=v4.8.1' instead of the project target framework 'net8.0'. This package may not be fully compatible with your project. [C:\Users\ultra\warewolf\Dev\Warewolf.MergeParser.Tests\Warewolf.MergeParser.Tests.csproj]
C:\Users\ultra\warewolf\Dev\Warewolf.Auditing\Warewolf.Auditing.csproj : warning NU1701: Package 'GroupControls 1.9.0' was restored using '.NETFramework,Version=v4.6.1, .NETFramework,Version=v4.6.2, .NETFramework,Version=v4.7, .NETFramework,Version=v4.7.1, .NETFramework,Version=v4.7.2, .NETFramework,Version=v4.8, .NETFramework,Version=v4.8.1' instead of the project target framework 'net8.0'. This package may not be fully compatible with your project. [C:\Users\ultra\warewolf\Dev\Warewolf.MergeParser.Tests\Warewolf.MergeParser.Tests.csproj]
C:\Users\ultra\warewolf\Dev\Warewolf.Auditing\Warewolf.Auditing.csproj : warning NU1701: Package 'ReactiveUI.WPF 18.4.1' was restored using '.NETFramework,Version=v4.6.1, .NETFramework,Version=v4.6.2, .NETFramework,Version=v4.7, .NETFramework,Version=v4.7.1, .NETFramework,Version=v4.7.2, .NETFramework,Version=v4.8, .NETFramework,Version=v4.8.1' instead of the project target framework 'net8.0'. This package may not be fully compatible with your project. [C:\Users\ultra\warewolf\Dev\Warewolf.MergeParser.Tests\Warewolf.MergeParser.Tests.csproj]
C:\Users\ultra\warewolf\Dev\Warewolf.Auditing\Warewolf.Auditing.csproj : warning NU1701: Package 'TaskSchedulerEditor 2.10.1' was restored using '.NETFramework,Version=v4.6.1, .NETFramework,Version=v4.6.2, .NETFramework,Version=v4.7, .NETFramework,Version=v4.7.1, .NETFramework,Version=v4.7.2, .NETFramework,Version=v4.8, .NETFramework,Version=v4.8.1' instead of the project target framework 'net8.0'. This package may not be fully compatible with your project. [C:\Users\ultra\warewolf\Dev\Warewolf.MergeParser.Tests\Warewolf.MergeParser.Tests.csproj]
C:\Users\ultra\warewolf\Dev\Warewolf.Studio.Core\Warewolf.Studio.Core.csproj : warning NU1701: Package 'AeroWizard 2.3.1' was restored using '.NETFramework,Version=v4.6.1, .NETFramework,Version=v4.6.2, .NETFramework,Version=v4.7, .NETFramework,Version=v4.7.1, .NETFramework,Version=v4.7.2, .NETFramework,Version=v4.8, .NETFramework,Version=v4.8.1' instead of the project target framework 'net8.0'. This package may not be fully compatible with your project. [C:\Users\ultra\warewolf\Dev\Warewolf.MergeParser.Tests\Warewolf.MergeParser.Tests.csproj]
C:\Users\ultra\warewolf\Dev\Warewolf.Studio.Core\Warewolf.Studio.Core.csproj : warning NU1701: Package 'GroupControls 1.9.0' was restored using '.NETFramework,Version=v4.6.1, .NETFramework,Version=v4.6.2, .NETFramework,Version=v4.7, .NETFramework,Version=v4.7.1, .NETFramework,Version=v4.7.2, .NETFramework,Version=v4.8, .NETFramework,Version=v4.8.1' instead of the project target framework 'net8.0'. This package may not be fully compatible with your project. [C:\Users\ultra\warewolf\Dev\Warewolf.MergeParser.Tests\Warewolf.MergeParser.Tests.csproj]
C:\Users\ultra\warewolf\Dev\Warewolf.Studio.Core\Warewolf.Studio.Core.csproj : warning NU1701: Package 'Microsoft.Xaml.Behaviors.Wpf 1.1.122' was restored using '.NETFramework,Version=v4.6.1, .NETFramework,Version=v4.6.2, .NETFramework,Version=v4.7, .NETFramework,Version=v4.7.1, .NETFramework,Version=v4.7.2, .NETFramework,Version=v4.8, .NETFramework,Version=v4.8.1' instead of the project target framework 'net8.0'. This package may not be fully compatible with your project. [C:\Users\ultra\warewolf\Dev\Warewolf.MergeParser.Tests\Warewolf.MergeParser.Tests.csproj]
C:\Users\ultra\warewolf\Dev\Warewolf.Studio.Core\Warewolf.Studio.Core.csproj : warning NU1701: Package 'Prism.Wpf 9.0.537' was restored using '.NETFramework,Version=v4.6.1, .NETFramework,Version=v4.6.2, .NETFramework,Version=v4.7, .NETFramework,Version=v4.7.1, .NETFramework,Version=v4.7.2, .NETFramework,Version=v4.8, .NETFramework,Version=v4.8.1' instead of the project target framework 'net8.0'. This package may not be fully compatible with your project. [C:\Users\ultra\warewolf\Dev\Warewolf.MergeParser.Tests\Warewolf.MergeParser.Tests.csproj]
C:\Users\ultra\warewolf\Dev\Warewolf.Studio.Core\Warewolf.Studio.Core.csproj : warning NU1701: Package 'ReactiveUI.WPF 18.4.1' was restored using '.NETFramework,Version=v4.6.1, .NETFramework,Version=v4.6.2, .NETFramework,Version=v4.7, .NETFramework,Version=v4.7.1, .NETFramework,Version=v4.7.2, .NETFramework,Version=v4.8, .NETFramework,Version=v4.8.1' instead of the project target framework 'net8.0'. This package may not be fully compatible with your project. [C:\Users\ultra\warewolf\Dev\Warewolf.MergeParser.Tests\Warewolf.MergeParser.Tests.csproj]
C:\Users\ultra\warewolf\Dev\Warewolf.Studio.Core\Warewolf.Studio.Core.csproj : warning NU1701: Package 'TaskSchedulerEditor 2.10.1' was restored using '.NETFramework,Version=v4.6.1, .NETFramework,Version=v4.6.2, .NETFramework,Version=v4.7, .NETFramework,Version=v4.7.1, .NETFramework,Version=v4.7.2, .NETFramework,Version=v4.8, .NETFramework,Version=v4.8.1' instead of the project target framework 'net8.0'. This package may not be fully compatible with your project. [C:\Users\ultra\warewolf\Dev\Warewolf.MergeParser.Tests\Warewolf.MergeParser.Tests.csproj]
C:\Users\ultra\warewolf\Dev\Dev2.Activities\Dev2.Activities.csproj : warning NU1903: Package 'Microsoft.Windows.Compatibility' 6.0.0 has a known high severity vulnerability, https://github.com/advisories/GHSA-555c-2p6r-68mm [C:\Users\ultra\warewolf\Dev\Warewolf.MergeParser.Tests\Warewolf.MergeParser.Tests.csproj]
C:\Users\ultra\warewolf\Dev\Dev2.Activities\Dev2.Activities.csproj : warning NU1701: Package 'AeroWizard 2.3.1' was restored using '.NETFramework,Version=v4.6.1, .NETFramework,Version=v4.6.2, .NETFramework,Version=v4.7, .NETFramework,Version=v4.7.1, .NETFramework,Version=v4.7.2, .NETFramework,Version=v4.8, .NETFramework,Version=v4.8.1' instead of the project target framework 'net8.0'. This package may not be fully compatible with your project. [C:\Users\ultra\warewolf\Dev\Warewolf.MergeParser.Tests\Warewolf.MergeParser.Tests.csproj]
C:\Users\ultra\warewolf\Dev\Dev2.Activities\Dev2.Activities.csproj : warning NU1701: Package 'GroupControls 1.9.0' was restored using '.NETFramework,Version=v4.6.1, .NETFramework,Version=v4.6.2, .NETFramework,Version=v4.7, .NETFramework,Version=v4.7.1, .NETFramework,Version=v4.7.2, .NETFramework,Version=v4.8, .NETFramework,Version=v4.8.1' instead of the project target framework 'net8.0'. This package may not be fully compatible with your project. [C:\Users\ultra\warewolf\Dev\Warewolf.MergeParser.Tests\Warewolf.MergeParser.Tests.csproj]
C:\Users\ultra\warewolf\Dev\Dev2.Activities\Dev2.Activities.csproj : warning NU1701: Package 'ReactiveUI.WPF 18.4.1' was restored using '.NETFramework,Version=v4.6.1, .NETFramework,Version=v4.6.2, .NETFramework,Version=v4.7, .NETFramework,Version=v4.7.1, .NETFramework,Version=v4.7.2, .NETFramework,Version=v4.8, .NETFramework,Version=v4.8.1' instead of the project target framework 'net8.0'. This package may not be fully compatible with your project. [C:\Users\ultra\warewolf\Dev\Warewolf.MergeParser.Tests\Warewolf.MergeParser.Tests.csproj]
C:\Users\ultra\warewolf\Dev\Dev2.Activities\Dev2.Activities.csproj : warning NU1701: Package 'TaskSchedulerEditor 2.10.1' was restored using '.NETFramework,Version=v4.6.1, .NETFramework,Version=v4.6.2, .NETFramework,Version=v4.7, .NETFramework,Version=v4.7.1, .NETFramework,Version=v4.7.2, .NETFramework,Version=v4.8, .NETFramework,Version=v4.8.1' instead of the project target framework 'net8.0'. This package may not be fully compatible with your project. [C:\Users\ultra\warewolf\Dev\Warewolf.MergeParser.Tests\Warewolf.MergeParser.Tests.csproj]
C:\Users\ultra\warewolf\Dev\Dev2.Scheduler\Dev2.Scheduler.csproj : warning NU1701: Package 'AeroWizard 2.3.1' was restored using '.NETFramework,Version=v4.6.1, .NETFramework,Version=v4.6.2, .NETFramework,Version=v4.7, .NETFramework,Version=v4.7.1, .NETFramework,Version=v4.7.2, .NETFramework,Version=v4.8, .NETFramework,Version=v4.8.1' instead of the project target framework 'net8.0'. This package may not be fully compatible with your project. [C:\Users\ultra\warewolf\Dev\Warewolf.MergeParser.Tests\Warewolf.MergeParser.Tests.csproj]
C:\Users\ultra\warewolf\Dev\Dev2.Scheduler\Dev2.Scheduler.csproj : warning NU1701: Package 'GroupControls 1.9.0' was restored using '.NETFramework,Version=v4.6.1, .NETFramework,Version=v4.6.2, .NETFramework,Version=v4.7, .NETFramework,Version=v4.7.1, .NETFramework,Version=v4.7.2, .NETFramework,Version=v4.8, .NETFramework,Version=v4.8.1' instead of the project target framework 'net8.0'. This package may not be fully compatible with your project. [C:\Users\ultra\warewolf\Dev\Warewolf.MergeParser.Tests\Warewolf.MergeParser.Tests.csproj]
C:\Users\ultra\warewolf\Dev\Dev2.Scheduler\Dev2.Scheduler.csproj : warning NU1701: Package 'ReactiveUI.WPF 18.4.1' was restored using '.NETFramework,Version=v4.6.1, .NETFramework,Version=v4.6.2, .NETFramework,Version=v4.7, .NETFramework,Version=v4.7.1, .NETFramework,Version=v4.7.2, .NETFramework,Version=v4.8, .NETFramework,Version=v4.8.1' instead of the project target framework 'net8.0'. This package may not be fully compatible with your project. [C:\Users\ultra\warewolf\Dev\Warewolf.MergeParser.Tests\Warewolf.MergeParser.Tests.csproj]
C:\Users\ultra\warewolf\Dev\Dev2.Scheduler\Dev2.Scheduler.csproj : warning NU1701: Package 'TaskSchedulerEditor 2.10.1' was restored using '.NETFramework,Version=v4.6.1, .NETFramework,Version=v4.6.2, .NETFramework,Version=v4.7, .NETFramework,Version=v4.7.1, .NETFramework,Version=v4.7.2, .NETFramework,Version=v4.8, .NETFramework,Version=v4.8.1' instead of the project target framework 'net8.0'. This package may not be fully compatible with your project. [C:\Users\ultra\warewolf\Dev\Warewolf.MergeParser.Tests\Warewolf.MergeParser.Tests.csproj]
C:\Users\ultra\warewolf\Dev\Warewolf.MergeParser.Tests\Warewolf.MergeParser.Tests.csproj : warning NU1701: Package 'AeroWizard 2.3.1' was restored using '.NETFramework,Version=v4.6.1, .NETFramework,Version=v4.6.2, .NETFramework,Version=v4.7, .NETFramework,Version=v4.7.1, .NETFramework,Version=v4.7.2, .NETFramework,Version=v4.8, .NETFramework,Version=v4.8.1' instead of the project target framework 'net8.0'. This package may not be fully compatible with your project.
C:\Users\ultra\warewolf\Dev\Warewolf.MergeParser.Tests\Warewolf.MergeParser.Tests.csproj : warning NU1701: Package 'GroupControls 1.9.0' was restored using '.NETFramework,Version=v4.6.1, .NETFramework,Version=v4.6.2, .NETFramework,Version=v4.7, .NETFramework,Version=v4.7.1, .NETFramework,Version=v4.7.2, .NETFramework,Version=v4.8, .NETFramework,Version=v4.8.1' instead of the project target framework 'net8.0'. This package may not be fully compatible with your project.
C:\Users\ultra\warewolf\Dev\Warewolf.MergeParser.Tests\Warewolf.MergeParser.Tests.csproj : warning NU1701: Package 'Microsoft.Xaml.Behaviors.Wpf 1.1.122' was restored using '.NETFramework,Version=v4.6.1, .NETFramework,Version=v4.6.2, .NETFramework,Version=v4.7, .NETFramework,Version=v4.7.1, .NETFramework,Version=v4.7.2, .NETFramework,Version=v4.8, .NETFramework,Version=v4.8.1' instead of the project target framework 'net8.0'. This package may not be fully compatible with your project.
C:\Users\ultra\warewolf\Dev\Warewolf.MergeParser.Tests\Warewolf.MergeParser.Tests.csproj : warning NU1701: Package 'Prism.Wpf 9.0.537' was restored using '.NETFramework,Version=v4.6.1, .NETFramework,Version=v4.6.2, .NETFramework,Version=v4.7, .NETFramework,Version=v4.7.1, .NETFramework,Version=v4.7.2, .NETFramework,Version=v4.8, .NETFramework,Version=v4.8.1' instead of the project target framework 'net8.0'. This package may not be fully compatible with your project.
C:\Users\ultra\warewolf\Dev\Warewolf.MergeParser.Tests\Warewolf.MergeParser.Tests.csproj : warning NU1701: Package 'ReactiveUI.WPF 18.4.1' was restored using '.NETFramework,Version=v4.6.1, .NETFramework,Version=v4.6.2, .NETFramework,Version=v4.7, .NETFramework,Version=v4.7.1, .NETFramework,Version=v4.7.2, .NETFramework,Version=v4.8, .NETFramework,Version=v4.8.1' instead of the project target framework 'net8.0'. This package may not be fully compatible with your project.
C:\Users\ultra\warewolf\Dev\Warewolf.MergeParser.Tests\Warewolf.MergeParser.Tests.csproj : warning NU1701: Package 'TaskSchedulerEditor 2.10.1' was restored using '.NETFramework,Version=v4.6.1, .NETFramework,Version=v4.6.2, .NETFramework,Version=v4.7, .NETFramework,Version=v4.7.1, .NETFramework,Version=v4.7.2, .NETFramework,Version=v4.8, .NETFramework,Version=v4.8.1' instead of the project target framework 'net8.0'. This package may not be fully compatible with your project.
C:\Users\ultra\warewolf\Dev\Dev2.Services.Sql\Dev2.Services.Sql.csproj : warning NU1903: Package 'Oracle.ManagedDataAccess.Core' 3.21.70 has a known high severity vulnerability, https://github.com/advisories/GHSA-5pm2-9mr2-3frq [C:\Users\ultra\warewolf\Dev\Warewolf.MergeParser.Tests\Warewolf.MergeParser.Tests.csproj]
C:\Users\ultra\warewolf\Dev\Dev2.Services.Sql\Dev2.Services.Sql.csproj : warning NU1701: Package 'AeroWizard 2.3.1' was restored using '.NETFramework,Version=v4.6.1, .NETFramework,Version=v4.6.2, .NETFramework,Version=v4.7, .NETFramework,Version=v4.7.1, .NETFramework,Version=v4.7.2, .NETFramework,Version=v4.8, .NETFramework,Version=v4.8.1' instead of the project target framework 'net8.0'. This package may not be fully compatible with your project. [C:\Users\ultra\warewolf\Dev\Warewolf.MergeParser.Tests\Warewolf.MergeParser.Tests.csproj]
C:\Users\ultra\warewolf\Dev\Dev2.Services.Sql\Dev2.Services.Sql.csproj : warning NU1701: Package 'GroupControls 1.9.0' was restored using '.NETFramework,Version=v4.6.1, .NETFramework,Version=v4.6.2, .NETFramework,Version=v4.7, .NETFramework,Version=v4.7.1, .NETFramework,Version=v4.7.2, .NETFramework,Version=v4.8, .NETFramework,Version=v4.8.1' instead of the project target framework 'net8.0'. This package may not be fully compatible with your project. [C:\Users\ultra\warewolf\Dev\Warewolf.MergeParser.Tests\Warewolf.MergeParser.Tests.csproj]
C:\Users\ultra\warewolf\Dev\Dev2.Services.Sql\Dev2.Services.Sql.csproj : warning NU1701: Package 'ReactiveUI.WPF 18.4.1' was restored using '.NETFramework,Version=v4.6.1, .NETFramework,Version=v4.6.2, .NETFramework,Version=v4.7, .NETFramework,Version=v4.7.1, .NETFramework,Version=v4.7.2, .NETFramework,Version=v4.8, .NETFramework,Version=v4.8.1' instead of the project target framework 'net8.0'. This package may not be fully compatible with your project. [C:\Users\ultra\warewolf\Dev\Warewolf.MergeParser.Tests\Warewolf.MergeParser.Tests.csproj]
C:\Users\ultra\warewolf\Dev\Dev2.Services.Sql\Dev2.Services.Sql.csproj : warning NU1701: Package 'TaskSchedulerEditor 2.10.1' was restored using '.NETFramework,Version=v4.6.1, .NETFramework,Version=v4.6.2, .NETFramework,Version=v4.7, .NETFramework,Version=v4.7.1, .NETFramework,Version=v4.7.2, .NETFramework,Version=v4.8, .NETFramework,Version=v4.8.1' instead of the project target framework 'net8.0'. This package may not be fully compatible with your project. [C:\Users\ultra\warewolf\Dev\Warewolf.MergeParser.Tests\Warewolf.MergeParser.Tests.csproj]
C:\Users\ultra\warewolf\Dev\Dev2.Runtime.Configuration\Dev2.Runtime.Configuration.csproj : warning NU1903: Package 'Microsoft.Windows.Compatibility' 6.0.0 has a known high severity vulnerability, https://github.com/advisories/GHSA-555c-2p6r-68mm [C:\Users\ultra\warewolf\Dev\Warewolf.MergeParser.Tests\Warewolf.MergeParser.Tests.csproj]
C:\Users\ultra\warewolf\Dev\Dev2.Runtime.Configuration\Dev2.Runtime.Configuration.csproj : warning NU1701: Package 'AeroWizard 2.3.1' was restored using '.NETFramework,Version=v4.6.1, .NETFramework,Version=v4.6.2, .NETFramework,Version=v4.7, .NETFramework,Version=v4.7.1, .NETFramework,Version=v4.7.2, .NETFramework,Version=v4.8, .NETFramework,Version=v4.8.1' instead of the project target framework 'net8.0'. This package may not be fully compatible with your project. [C:\Users\ultra\warewolf\Dev\Warewolf.MergeParser.Tests\Warewolf.MergeParser.Tests.csproj]
C:\Users\ultra\warewolf\Dev\Dev2.Runtime.Configuration\Dev2.Runtime.Configuration.csproj : warning NU1701: Package 'GroupControls 1.9.0' was restored using '.NETFramework,Version=v4.6.1, .NETFramework,Version=v4.6.2, .NETFramework,Version=v4.7, .NETFramework,Version=v4.7.1, .NETFramework,Version=v4.7.2, .NETFramework,Version=v4.8, .NETFramework,Version=v4.8.1' instead of the project target framework 'net8.0'. This package may not be fully compatible with your project. [C:\Users\ultra\warewolf\Dev\Warewolf.MergeParser.Tests\Warewolf.MergeParser.Tests.csproj]
C:\Users\ultra\warewolf\Dev\Dev2.Runtime.Configuration\Dev2.Runtime.Configuration.csproj : warning NU1701: Package 'TaskSchedulerEditor 2.10.1' was restored using '.NETFramework,Version=v4.6.1, .NETFramework,Version=v4.6.2, .NETFramework,Version=v4.7, .NETFramework,Version=v4.7.1, .NETFramework,Version=v4.7.2, .NETFramework,Version=v4.8, .NETFramework,Version=v4.8.1' instead of the project target framework 'net8.0'. This package may not be fully compatible with your project. [C:\Users\ultra\warewolf\Dev\Warewolf.MergeParser.Tests\Warewolf.MergeParser.Tests.csproj]
C:\Users\ultra\warewolf\Dev\Dev2.Infrastructure\Dev2.Infrastructure.csproj : warning NU1903: Package 'Microsoft.Windows.Compatibility' 6.0.0 has a known high severity vulnerability, https://github.com/advisories/GHSA-555c-2p6r-68mm [C:\Users\ultra\warewolf\Dev\Warewolf.MergeParser.Tests\Warewolf.MergeParser.Tests.csproj]
C:\Users\ultra\warewolf\Dev\Dev2.Infrastructure\Dev2.Infrastructure.csproj : warning NU1701: Package 'AeroWizard 2.3.1' was restored using '.NETFramework,Version=v4.6.1, .NETFramework,Version=v4.6.2, .NETFramework,Version=v4.7, .NETFramework,Version=v4.7.1, .NETFramework,Version=v4.7.2, .NETFramework,Version=v4.8, .NETFramework,Version=v4.8.1' instead of the project target framework 'net8.0'. This package may not be fully compatible with your project. [C:\Users\ultra\warewolf\Dev\Warewolf.MergeParser.Tests\Warewolf.MergeParser.Tests.csproj]
C:\Users\ultra\warewolf\Dev\Dev2.Infrastructure\Dev2.Infrastructure.csproj : warning NU1701: Package 'GroupControls 1.9.0' was restored using '.NETFramework,Version=v4.6.1, .NETFramework,Version=v4.6.2, .NETFramework,Version=v4.7, .NETFramework,Version=v4.7.1, .NETFramework,Version=v4.7.2, .NETFramework,Version=v4.8, .NETFramework,Version=v4.8.1' instead of the project target framework 'net8.0'. This package may not be fully compatible with your project. [C:\Users\ultra\warewolf\Dev\Warewolf.MergeParser.Tests\Warewolf.MergeParser.Tests.csproj]
C:\Users\ultra\warewolf\Dev\Dev2.Infrastructure\Dev2.Infrastructure.csproj : warning NU1701: Package 'ReactiveUI.WPF 18.4.1' was restored using '.NETFramework,Version=v4.6.1, .NETFramework,Version=v4.6.2, .NETFramework,Version=v4.7, .NETFramework,Version=v4.7.1, .NETFramework,Version=v4.7.2, .NETFramework,Version=v4.8, .NETFramework,Version=v4.8.1' instead of the project target framework 'net8.0'. This package may not be fully compatible with your project. [C:\Users\ultra\warewolf\Dev\Warewolf.MergeParser.Tests\Warewolf.MergeParser.Tests.csproj]
C:\Users\ultra\warewolf\Dev\Warewolf.Licensing\Warewolf.Licensing.csproj : warning NU1701: Package 'AeroWizard 2.3.1' was restored using '.NETFramework,Version=v4.6.1, .NETFramework,Version=v4.6.2, .NETFramework,Version=v4.7, .NETFramework,Version=v4.7.1, .NETFramework,Version=v4.7.2, .NETFramework,Version=v4.8, .NETFramework,Version=v4.8.1' instead of the project target framework 'net8.0'. This package may not be fully compatible with your project. [C:\Users\ultra\warewolf\Dev\Warewolf.MergeParser.Tests\Warewolf.MergeParser.Tests.csproj]
C:\Users\ultra\warewolf\Dev\Dev2.Infrastructure\Dev2.Infrastructure.csproj : warning NU1701: Package 'TaskSchedulerEditor 2.10.1' was restored using '.NETFramework,Version=v4.6.1, .NETFramework,Version=v4.6.2, .NETFramework,Version=v4.7, .NETFramework,Version=v4.7.1, .NETFramework,Version=v4.7.2, .NETFramework,Version=v4.8, .NETFramework,Version=v4.8.1' instead of the project target framework 'net8.0'. This package may not be fully compatible with your project. [C:\Users\ultra\warewolf\Dev\Warewolf.MergeParser.Tests\Warewolf.MergeParser.Tests.csproj]
C:\Users\ultra\warewolf\Dev\Warewolf.Licensing\Warewolf.Licensing.csproj : warning NU1701: Package 'GroupControls 1.9.0' was restored using '.NETFramework,Version=v4.6.1, .NETFramework,Version=v4.6.2, .NETFramework,Version=v4.7, .NETFramework,Version=v4.7.1, .NETFramework,Version=v4.7.2, .NETFramework,Version=v4.8, .NETFramework,Version=v4.8.1' instead of the project target framework 'net8.0'. This package may not be fully compatible with your project. [C:\Users\ultra\warewolf\Dev\Warewolf.MergeParser.Tests\Warewolf.MergeParser.Tests.csproj]
C:\Users\ultra\warewolf\Dev\Warewolf.Licensing\Warewolf.Licensing.csproj : warning NU1701: Package 'TaskSchedulerEditor 2.10.1' was restored using '.NETFramework,Version=v4.6.1, .NETFramework,Version=v4.6.2, .NETFramework,Version=v4.7, .NETFramework,Version=v4.7.1, .NETFramework,Version=v4.7.2, .NETFramework,Version=v4.8, .NETFramework,Version=v4.8.1' instead of the project target framework 'net8.0'. This package may not be fully compatible with your project. [C:\Users\ultra\warewolf\Dev\Warewolf.MergeParser.Tests\Warewolf.MergeParser.Tests.csproj]
C:\Users\ultra\warewolf\Dev\Dev2.Runtime.Services\Dev2.Runtime.Services.csproj : warning NU1902: Package 'MessagePack' 2.4.59 has a known moderate severity vulnerability, https://github.com/advisories/GHSA-4qm4-8hg2-g2xm [C:\Users\ultra\warewolf\Dev\Warewolf.MergeParser.Tests\Warewolf.MergeParser.Tests.csproj]
C:\Users\ultra\warewolf\Dev\Dev2.Runtime.Services\Dev2.Runtime.Services.csproj : warning NU1903: Package 'Microsoft.Windows.Compatibility' 6.0.0 has a known high severity vulnerability, https://github.com/advisories/GHSA-555c-2p6r-68mm [C:\Users\ultra\warewolf\Dev\Warewolf.MergeParser.Tests\Warewolf.MergeParser.Tests.csproj]
C:\Users\ultra\warewolf\Dev\Dev2.Runtime.Services\Dev2.Runtime.Services.csproj : warning NU1701: Package 'AeroWizard 2.3.1' was restored using '.NETFramework,Version=v4.6.1, .NETFramework,Version=v4.6.2, .NETFramework,Version=v4.7, .NETFramework,Version=v4.7.1, .NETFramework,Version=v4.7.2, .NETFramework,Version=v4.8, .NETFramework,Version=v4.8.1' instead of the project target framework 'net8.0'. This package may not be fully compatible with your project. [C:\Users\ultra\warewolf\Dev\Warewolf.MergeParser.Tests\Warewolf.MergeParser.Tests.csproj]
C:\Users\ultra\warewolf\Dev\Dev2.Runtime.Services\Dev2.Runtime.Services.csproj : warning NU1701: Package 'GroupControls 1.9.0' was restored using '.NETFramework,Version=v4.6.1, .NETFramework,Version=v4.6.2, .NETFramework,Version=v4.7, .NETFramework,Version=v4.7.1, .NETFramework,Version=v4.7.2, .NETFramework,Version=v4.8, .NETFramework,Version=v4.8.1' instead of the project target framework 'net8.0'. This package may not be fully compatible with your project. [C:\Users\ultra\warewolf\Dev\Warewolf.MergeParser.Tests\Warewolf.MergeParser.Tests.csproj]
C:\Users\ultra\warewolf\Dev\Dev2.Runtime.Services\Dev2.Runtime.Services.csproj : warning NU1701: Package 'ReactiveUI.WPF 18.4.1' was restored using '.NETFramework,Version=v4.6.1, .NETFramework,Version=v4.6.2, .NETFramework,Version=v4.7, .NETFramework,Version=v4.7.1, .NETFramework,Version=v4.7.2, .NETFramework,Version=v4.8, .NETFramework,Version=v4.8.1' instead of the project target framework 'net8.0'. This package may not be fully compatible with your project. [C:\Users\ultra\warewolf\Dev\Warewolf.MergeParser.Tests\Warewolf.MergeParser.Tests.csproj]
C:\Users\ultra\warewolf\Dev\Dev2.Runtime.Services\Dev2.Runtime.Services.csproj : warning NU1701: Package 'TaskSchedulerEditor 2.10.1' was restored using '.NETFramework,Version=v4.6.1, .NETFramework,Version=v4.6.2, .NETFramework,Version=v4.7, .NETFramework,Version=v4.7.1, .NETFramework,Version=v4.7.2, .NETFramework,Version=v4.8, .NETFramework,Version=v4.8.1' instead of the project target framework 'net8.0'. This package may not be fully compatible with your project. [C:\Users\ultra\warewolf\Dev\Warewolf.MergeParser.Tests\Warewolf.MergeParser.Tests.csproj]
C:\Users\ultra\warewolf\Dev\Dev2.Diagnostics\Dev2.Diagnostics.csproj : warning NU1701: Package 'AeroWizard 2.3.1' was restored using '.NETFramework,Version=v4.6.1, .NETFramework,Version=v4.6.2, .NETFramework,Version=v4.7, .NETFramework,Version=v4.7.1, .NETFramework,Version=v4.7.2, .NETFramework,Version=v4.8, .NETFramework,Version=v4.8.1' instead of the project target framework 'net8.0'. This package may not be fully compatible with your project. [C:\Users\ultra\warewolf\Dev\Warewolf.MergeParser.Tests\Warewolf.MergeParser.Tests.csproj]
C:\Users\ultra\warewolf\Dev\Dev2.Diagnostics\Dev2.Diagnostics.csproj : warning NU1701: Package 'GroupControls 1.9.0' was restored using '.NETFramework,Version=v4.6.1, .NETFramework,Version=v4.6.2, .NETFramework,Version=v4.7, .NETFramework,Version=v4.7.1, .NETFramework,Version=v4.7.2, .NETFramework,Version=v4.8, .NETFramework,Version=v4.8.1' instead of the project target framework 'net8.0'. This package may not be fully compatible with your project. [C:\Users\ultra\warewolf\Dev\Warewolf.MergeParser.Tests\Warewolf.MergeParser.Tests.csproj]
C:\Users\ultra\warewolf\Dev\Dev2.Diagnostics\Dev2.Diagnostics.csproj : warning NU1701: Package 'TaskSchedulerEditor 2.10.1' was restored using '.NETFramework,Version=v4.6.1, .NETFramework,Version=v4.6.2, .NETFramework,Version=v4.7, .NETFramework,Version=v4.7.1, .NETFramework,Version=v4.7.2, .NETFramework,Version=v4.8, .NETFramework,Version=v4.8.1' instead of the project target framework 'net8.0'. This package may not be fully compatible with your project. [C:\Users\ultra\warewolf\Dev\Warewolf.MergeParser.Tests\Warewolf.MergeParser.Tests.csproj]
C:\Users\ultra\warewolf\Dev\Dev2.Services.Execution\Dev2.Services.Execution.csproj : warning NU1701: Package 'AeroWizard 2.3.1' was restored using '.NETFramework,Version=v4.6.1, .NETFramework,Version=v4.6.2, .NETFramework,Version=v4.7, .NETFramework,Version=v4.7.1, .NETFramework,Version=v4.7.2, .NETFramework,Version=v4.8, .NETFramework,Version=v4.8.1' instead of the project target framework 'net8.0'. This package may not be fully compatible with your project. [C:\Users\ultra\warewolf\Dev\Warewolf.MergeParser.Tests\Warewolf.MergeParser.Tests.csproj]
C:\Users\ultra\warewolf\Dev\Dev2.Services.Execution\Dev2.Services.Execution.csproj : warning NU1701: Package 'GroupControls 1.9.0' was restored using '.NETFramework,Version=v4.6.1, .NETFramework,Version=v4.6.2, .NETFramework,Version=v4.7, .NETFramework,Version=v4.7.1, .NETFramework,Version=v4.7.2, .NETFramework,Version=v4.8, .NETFramework,Version=v4.8.1' instead of the project target framework 'net8.0'. This package may not be fully compatible with your project. [C:\Users\ultra\warewolf\Dev\Warewolf.MergeParser.Tests\Warewolf.MergeParser.Tests.csproj]
C:\Users\ultra\warewolf\Dev\Dev2.Services.Execution\Dev2.Services.Execution.csproj : warning NU1701: Package 'ReactiveUI.WPF 18.4.1' was restored using '.NETFramework,Version=v4.6.1, .NETFramework,Version=v4.6.2, .NETFramework,Version=v4.7, .NETFramework,Version=v4.7.1, .NETFramework,Version=v4.7.2, .NETFramework,Version=v4.8, .NETFramework,Version=v4.8.1' instead of the project target framework 'net8.0'. This package may not be fully compatible with your project. [C:\Users\ultra\warewolf\Dev\Warewolf.MergeParser.Tests\Warewolf.MergeParser.Tests.csproj]
C:\Users\ultra\warewolf\Dev\Dev2.Services.Execution\Dev2.Services.Execution.csproj : warning NU1701: Package 'TaskSchedulerEditor 2.10.1' was restored using '.NETFramework,Version=v4.6.1, .NETFramework,Version=v4.6.2, .NETFramework,Version=v4.7, .NETFramework,Version=v4.7.1, .NETFramework,Version=v4.7.2, .NETFramework,Version=v4.8, .NETFramework,Version=v4.8.1' instead of the project target framework 'net8.0'. This package may not be fully compatible with your project. [C:\Users\ultra\warewolf\Dev\Warewolf.MergeParser.Tests\Warewolf.MergeParser.Tests.csproj]
C:\Users\ultra\warewolf\Dev\Dev2.Data.Interfaces\Dev2.Data.Interfaces.csproj : warning NU1903: Package 'DotNetZip' 1.16.0 has a known high severity vulnerability, https://github.com/advisories/GHSA-xhg6-9j5j-w4vf [C:\Users\ultra\warewolf\Dev\Warewolf.MergeParser.Tests\Warewolf.MergeParser.Tests.csproj]
C:\Users\ultra\warewolf\Dev\Dev2.Data.Interfaces\Dev2.Data.Interfaces.csproj : warning NU1701: Package 'AeroWizard 2.3.1' was restored using '.NETFramework,Version=v4.6.1, .NETFramework,Version=v4.6.2, .NETFramework,Version=v4.7, .NETFramework,Version=v4.7.1, .NETFramework,Version=v4.7.2, .NETFramework,Version=v4.8, .NETFramework,Version=v4.8.1' instead of the project target framework 'net8.0'. This package may not be fully compatible with your project. [C:\Users\ultra\warewolf\Dev\Warewolf.MergeParser.Tests\Warewolf.MergeParser.Tests.csproj]
C:\Users\ultra\warewolf\Dev\Dev2.Data.Interfaces\Dev2.Data.Interfaces.csproj : warning NU1701: Package 'GroupControls 1.9.0' was restored using '.NETFramework,Version=v4.6.1, .NETFramework,Version=v4.6.2, .NETFramework,Version=v4.7, .NETFramework,Version=v4.7.1, .NETFramework,Version=v4.7.2, .NETFramework,Version=v4.8, .NETFramework,Version=v4.8.1' instead of the project target framework 'net8.0'. This package may not be fully compatible with your project. [C:\Users\ultra\warewolf\Dev\Warewolf.MergeParser.Tests\Warewolf.MergeParser.Tests.csproj]
C:\Users\ultra\warewolf\Dev\Dev2.Data.Interfaces\Dev2.Data.Interfaces.csproj : warning NU1701: Package 'TaskSchedulerEditor 2.10.1' was restored using '.NETFramework,Version=v4.6.1, .NETFramework,Version=v4.6.2, .NETFramework,Version=v4.7, .NETFramework,Version=v4.7.1, .NETFramework,Version=v4.7.2, .NETFramework,Version=v4.8, .NETFramework,Version=v4.8.1' instead of the project target framework 'net8.0'. This package may not be fully compatible with your project. [C:\Users\ultra\warewolf\Dev\Warewolf.MergeParser.Tests\Warewolf.MergeParser.Tests.csproj]
C:\Users\ultra\warewolf\Dev\Dev2.Development.Languages\Dev2.Development.Languages.csproj : warning NU1701: Package 'AeroWizard 2.3.1' was restored using '.NETFramework,Version=v4.6.1, .NETFramework,Version=v4.6.2, .NETFramework,Version=v4.7, .NETFramework,Version=v4.7.1, .NETFramework,Version=v4.7.2, .NETFramework,Version=v4.8, .NETFramework,Version=v4.8.1' instead of the project target framework 'net8.0'. This package may not be fully compatible with your project. [C:\Users\ultra\warewolf\Dev\Warewolf.MergeParser.Tests\Warewolf.MergeParser.Tests.csproj]
C:\Users\ultra\warewolf\Dev\Dev2.Development.Languages\Dev2.Development.Languages.csproj : warning NU1701: Package 'GroupControls 1.9.0' was restored using '.NETFramework,Version=v4.6.1, .NETFramework,Version=v4.6.2, .NETFramework,Version=v4.7, .NETFramework,Version=v4.7.1, .NETFramework,Version=v4.7.2, .NETFramework,Version=v4.8, .NETFramework,Version=v4.8.1' instead of the project target framework 'net8.0'. This package may not be fully compatible with your project. [C:\Users\ultra\warewolf\Dev\Warewolf.MergeParser.Tests\Warewolf.MergeParser.Tests.csproj]
C:\Users\ultra\warewolf\Dev\Dev2.Development.Languages\Dev2.Development.Languages.csproj : warning NU1701: Package 'TaskSchedulerEditor 2.10.1' was restored using '.NETFramework,Version=v4.6.1, .NETFramework,Version=v4.6.2, .NETFramework,Version=v4.7, .NETFramework,Version=v4.7.1, .NETFramework,Version=v4.7.2, .NETFramework,Version=v4.8, .NETFramework,Version=v4.8.1' instead of the project target framework 'net8.0'. This package may not be fully compatible with your project. [C:\Users\ultra\warewolf\Dev\Warewolf.MergeParser.Tests\Warewolf.MergeParser.Tests.csproj]
C:\Users\ultra\warewolf\Dev\Dev2.CustomControls\Dev2.CustomControls.csproj : warning NU1903: Package 'Microsoft.Windows.Compatibility' 6.0.0 has a known high severity vulnerability, https://github.com/advisories/GHSA-555c-2p6r-68mm [C:\Users\ultra\warewolf\Dev\Warewolf.MergeParser.Tests\Warewolf.MergeParser.Tests.csproj]
C:\Users\ultra\warewolf\Dev\Dev2.CustomControls\Dev2.CustomControls.csproj : warning NU1701: Package 'AeroWizard 2.3.1' was restored using '.NETFramework,Version=v4.6.1, .NETFramework,Version=v4.6.2, .NETFramework,Version=v4.7, .NETFramework,Version=v4.7.1, .NETFramework,Version=v4.7.2, .NETFramework,Version=v4.8, .NETFramework,Version=v4.8.1' instead of the project target framework 'net8.0'. This package may not be fully compatible with your project. [C:\Users\ultra\warewolf\Dev\Warewolf.MergeParser.Tests\Warewolf.MergeParser.Tests.csproj]
C:\Users\ultra\warewolf\Dev\Dev2.CustomControls\Dev2.CustomControls.csproj : warning NU1701: Package 'GroupControls 1.9.0' was restored using '.NETFramework,Version=v4.6.1, .NETFramework,Version=v4.6.2, .NETFramework,Version=v4.7, .NETFramework,Version=v4.7.1, .NETFramework,Version=v4.7.2, .NETFramework,Version=v4.8, .NETFramework,Version=v4.8.1' instead of the project target framework 'net8.0'. This package may not be fully compatible with your project. [C:\Users\ultra\warewolf\Dev\Warewolf.MergeParser.Tests\Warewolf.MergeParser.Tests.csproj]
C:\Users\ultra\warewolf\Dev\Dev2.CustomControls\Dev2.CustomControls.csproj : warning NU1701: Package 'TaskSchedulerEditor 2.10.1' was restored using '.NETFramework,Version=v4.6.1, .NETFramework,Version=v4.6.2, .NETFramework,Version=v4.7, .NETFramework,Version=v4.7.1, .NETFramework,Version=v4.7.2, .NETFramework,Version=v4.8, .NETFramework,Version=v4.8.1' instead of the project target framework 'net8.0'. This package may not be fully compatible with your project. [C:\Users\ultra\warewolf\Dev\Warewolf.MergeParser.Tests\Warewolf.MergeParser.Tests.csproj]
C:\Users\ultra\warewolf\Dev\Dev2.Data\Dev2.Data.csproj : warning NU1701: Package 'AeroWizard 2.3.1' was restored using '.NETFramework,Version=v4.6.1, .NETFramework,Version=v4.6.2, .NETFramework,Version=v4.7, .NETFramework,Version=v4.7.1, .NETFramework,Version=v4.7.2, .NETFramework,Version=v4.8, .NETFramework,Version=v4.8.1' instead of the project target framework 'net8.0'. This package may not be fully compatible with your project. [C:\Users\ultra\warewolf\Dev\Warewolf.MergeParser.Tests\Warewolf.MergeParser.Tests.csproj]
C:\Users\ultra\warewolf\Dev\Dev2.Data\Dev2.Data.csproj : warning NU1701: Package 'GroupControls 1.9.0' was restored using '.NETFramework,Version=v4.6.1, .NETFramework,Version=v4.6.2, .NETFramework,Version=v4.7, .NETFramework,Version=v4.7.1, .NETFramework,Version=v4.7.2, .NETFramework,Version=v4.8, .NETFramework,Version=v4.8.1' instead of the project target framework 'net8.0'. This package may not be fully compatible with your project. [C:\Users\ultra\warewolf\Dev\Warewolf.MergeParser.Tests\Warewolf.MergeParser.Tests.csproj]
C:\Users\ultra\warewolf\Dev\Dev2.Data\Dev2.Data.csproj : warning NU1701: Package 'ReactiveUI.WPF 18.4.1' was restored using '.NETFramework,Version=v4.6.1, .NETFramework,Version=v4.6.2, .NETFramework,Version=v4.7, .NETFramework,Version=v4.7.1, .NETFramework,Version=v4.7.2, .NETFramework,Version=v4.8, .NETFramework,Version=v4.8.1' instead of the project target framework 'net8.0'. This package may not be fully compatible with your project. [C:\Users\ultra\warewolf\Dev\Warewolf.MergeParser.Tests\Warewolf.MergeParser.Tests.csproj]
C:\Users\ultra\warewolf\Dev\Dev2.Data\Dev2.Data.csproj : warning NU1701: Package 'TaskSchedulerEditor 2.10.1' was restored using '.NETFramework,Version=v4.6.1, .NETFramework,Version=v4.6.2, .NETFramework,Version=v4.7, .NETFramework,Version=v4.7.1, .NETFramework,Version=v4.7.2, .NETFramework,Version=v4.8, .NETFramework,Version=v4.8.1' instead of the project target framework 'net8.0'. This package may not be fully compatible with your project. [C:\Users\ultra\warewolf\Dev\Warewolf.MergeParser.Tests\Warewolf.MergeParser.Tests.csproj]
  All projects are up-to-date for restore.
C:\Users\ultra\warewolf\Dev\Warewolf.MergeParser.Tests\Warewolf.MergeParser.Tests.csproj : warning NU1701: Package 'AeroWizard 2.3.1' was restored using '.NETFramework,Version=v4.6.1, .NETFramework,Version=v4.6.2, .NETFramework,Version=v4.7, .NETFramework,Version=v4.7.1, .NETFramework,Version=v4.7.2, .NETFramework,Version=v4.8, .NETFramework,Version=v4.8.1' instead of the project target framework 'net8.0'. This package may not be fully compatible with your project.
C:\Users\ultra\warewolf\Dev\Warewolf.MergeParser.Tests\Warewolf.MergeParser.Tests.csproj : warning NU1701: Package 'GroupControls 1.9.0' was restored using '.NETFramework,Version=v4.6.1, .NETFramework,Version=v4.6.2, .NETFramework,Version=v4.7, .NETFramework,Version=v4.7.1, .NETFramework,Version=v4.7.2, .NETFramework,Version=v4.8, .NETFramework,Version=v4.8.1' instead of the project target framework 'net8.0'. This package may not be fully compatible with your project.
C:\Users\ultra\warewolf\Dev\Warewolf.MergeParser.Tests\Warewolf.MergeParser.Tests.csproj : warning NU1701: Package 'Microsoft.Xaml.Behaviors.Wpf 1.1.122' was restored using '.NETFramework,Version=v4.6.1, .NETFramework,Version=v4.6.2, .NETFramework,Version=v4.7, .NETFramework,Version=v4.7.1, .NETFramework,Version=v4.7.2, .NETFramework,Version=v4.8, .NETFramework,Version=v4.8.1' instead of the project target framework 'net8.0'. This package may not be fully compatible with your project.
C:\Users\ultra\warewolf\Dev\Warewolf.MergeParser.Tests\Warewolf.MergeParser.Tests.csproj : warning NU1701: Package 'Prism.Wpf 9.0.537' was restored using '.NETFramework,Version=v4.6.1, .NETFramework,Version=v4.6.2, .NETFramework,Version=v4.7, .NETFramework,Version=v4.7.1, .NETFramework,Version=v4.7.2, .NETFramework,Version=v4.8, .NETFramework,Version=v4.8.1' instead of the project target framework 'net8.0'. This package may not be fully compatible with your project.
C:\Users\ultra\warewolf\Dev\Warewolf.MergeParser.Tests\Warewolf.MergeParser.Tests.csproj : warning NU1701: Package 'ReactiveUI.WPF 18.4.1' was restored using '.NETFramework,Version=v4.6.1, .NETFramework,Version=v4.6.2, .NETFramework,Version=v4.7, .NETFramework,Version=v4.7.1, .NETFramework,Version=v4.7.2, .NETFramework,Version=v4.8, .NETFramework,Version=v4.8.1' instead of the project target framework 'net8.0'. This package may not be fully compatible with your project.
C:\Users\ultra\warewolf\Dev\Warewolf.MergeParser.Tests\Warewolf.MergeParser.Tests.csproj : warning NU1701: Package 'TaskSchedulerEditor 2.10.1' was restored using '.NETFramework,Version=v4.6.1, .NETFramework,Version=v4.6.2, .NETFramework,Version=v4.7, .NETFramework,Version=v4.7.1, .NETFramework,Version=v4.7.2, .NETFramework,Version=v4.8, .NETFramework,Version=v4.8.1' instead of the project target framework 'net8.0'. This package may not be fully compatible with your project.
C:\Program Files\dotnet\sdk\10.0.201\Sdks\Microsoft.NET.Sdk\targets\Microsoft.NET.Sdk.DefaultItems.targets(162,5): warning NETSDK1137: It is no longer necessary to use the Microsoft.NET.Sdk.WindowsDesktop SDK. Consider changing the Sdk attribute of the root Project element to 'Microsoft.NET.Sdk'. [C:\Users\ultra\warewolf\Dev\Dev2.CustomControls\Dev2.CustomControls.csproj]
C:\Program Files\dotnet\sdk\10.0.201\Sdks\Microsoft.NET.Sdk.WindowsDesktop\targets\Microsoft.NET.Sdk.WindowsDesktop.targets(138,5): warning NETSDK1106: Microsoft.NET.Sdk.WindowsDesktop requires 'UseWpf' or 'UseWindowsForms' to be set to 'true' [C:\Users\ultra\warewolf\Dev\Dev2.CustomControls\Dev2.CustomControls.csproj]
C:\Users\ultra\warewolf\Dev\Dev2.Common\Dev2.Common.csproj : warning NU1903: Package 'Microsoft.Windows.Compatibility' 6.0.0 has a known high severity vulnerability, https://github.com/advisories/GHSA-555c-2p6r-68mm
C:\Users\ultra\warewolf\Dev\Dev2.Common\Dev2.Common.csproj : warning NU1701: Package 'AeroWizard 2.3.1' was restored using '.NETFramework,Version=v4.6.1, .NETFramework,Version=v4.6.2, .NETFramework,Version=v4.7, .NETFramework,Version=v4.7.1, .NETFramework,Version=v4.7.2, .NETFramework,Version=v4.8, .NETFramework,Version=v4.8.1' instead of the project target framework 'net8.0'. This package may not be fully compatible with your project.
C:\Users\ultra\warewolf\Dev\Dev2.Common\Dev2.Common.csproj : warning NU1701: Package 'GroupControls 1.9.0' was restored using '.NETFramework,Version=v4.6.1, .NETFramework,Version=v4.6.2, .NETFramework,Version=v4.7, .NETFramework,Version=v4.7.1, .NETFramework,Version=v4.7.2, .NETFramework,Version=v4.8, .NETFramework,Version=v4.8.1' instead of the project target framework 'net8.0'. This package may not be fully compatible with your project.
C:\Users\ultra\warewolf\Dev\Dev2.Common\Dev2.Common.csproj : warning NU1701: Package 'TaskSchedulerEditor 2.10.1' was restored using '.NETFramework,Version=v4.6.1, .NETFramework,Version=v4.6.2, .NETFramework,Version=v4.7, .NETFramework,Version=v4.7.1, .NETFramework,Version=v4.7.2, .NETFramework,Version=v4.8, .NETFramework,Version=v4.8.1' instead of the project target framework 'net8.0'. This package may not be fully compatible with your project.
C:\Users\ultra\warewolf\Dev\Warewolf.Language.Parser\Warewolf.Language.Parser.fsproj : warning NU1504: Duplicate 'PackageReference' items found. Remove the duplicate items or use the Update functionality to ensure a consistent restore behavior. The duplicate 'PackageReference' items are: FSharp.Core 10.1.201, FSharp.Core 4.6.2.
C:\Users\ultra\warewolf\Dev\Dev2.CustomControls\Dev2.CustomControls.csproj : warning NU1903: Package 'Microsoft.Windows.Compatibility' 6.0.0 has a known high severity vulnerability, https://github.com/advisories/GHSA-555c-2p6r-68mm
C:\Users\ultra\warewolf\Dev\Dev2.CustomControls\Dev2.CustomControls.csproj : warning NU1701: Package 'AeroWizard 2.3.1' was restored using '.NETFramework,Version=v4.6.1, .NETFramework,Version=v4.6.2, .NETFramework,Version=v4.7, .NETFramework,Version=v4.7.1, .NETFramework,Version=v4.7.2, .NETFramework,Version=v4.8, .NETFramework,Version=v4.8.1' instead of the project target framework 'net8.0'. This package may not be fully compatible with your project.
C:\Users\ultra\warewolf\Dev\Dev2.CustomControls\Dev2.CustomControls.csproj : warning NU1701: Package 'GroupControls 1.9.0' was restored using '.NETFramework,Version=v4.6.1, .NETFramework,Version=v4.6.2, .NETFramework,Version=v4.7, .NETFramework,Version=v4.7.1, .NETFramework,Version=v4.7.2, .NETFramework,Version=v4.8, .NETFramework,Version=v4.8.1' instead of the project target framework 'net8.0'. This package may not be fully compatible with your project.
C:\Users\ultra\warewolf\Dev\Dev2.CustomControls\Dev2.CustomControls.csproj : warning NU1701: Package 'TaskSchedulerEditor 2.10.1' was restored using '.NETFramework,Version=v4.6.1, .NETFramework,Version=v4.6.2, .NETFramework,Version=v4.7, .NETFramework,Version=v4.7.1, .NETFramework,Version=v4.7.2, .NETFramework,Version=v4.8, .NETFramework,Version=v4.8.1' instead of the project target framework 'net8.0'. This package may not be fully compatible with your project.
C:\Users\ultra\warewolf\Dev\Dev2.Data\Dev2.Data.csproj : warning NU1701: Package 'AeroWizard 2.3.1' was restored using '.NETFramework,Version=v4.6.1, .NETFramework,Version=v4.6.2, .NETFramework,Version=v4.7, .NETFramework,Version=v4.7.1, .NETFramework,Version=v4.7.2, .NETFramework,Version=v4.8, .NETFramework,Version=v4.8.1' instead of the project target framework 'net8.0'. This package may not be fully compatible with your project.
C:\Users\ultra\warewolf\Dev\Dev2.Data\Dev2.Data.csproj : warning NU1701: Package 'GroupControls 1.9.0' was restored using '.NETFramework,Version=v4.6.1, .NETFramework,Version=v4.6.2, .NETFramework,Version=v4.7, .NETFramework,Version=v4.7.1, .NETFramework,Version=v4.7.2, .NETFramework,Version=v4.8, .NETFramework,Version=v4.8.1' instead of the project target framework 'net8.0'. This package may not be fully compatible with your project.
C:\Users\ultra\warewolf\Dev\Dev2.Data\Dev2.Data.csproj : warning NU1701: Package 'ReactiveUI.WPF 18.4.1' was restored using '.NETFramework,Version=v4.6.1, .NETFramework,Version=v4.6.2, .NETFramework,Version=v4.7, .NETFramework,Version=v4.7.1, .NETFramework,Version=v4.7.2, .NETFramework,Version=v4.8, .NETFramework,Version=v4.8.1' instead of the project target framework 'net8.0'. This package may not be fully compatible with your project.
C:\Users\ultra\warewolf\Dev\Dev2.Core\Dev2.Core.csproj : warning NU1903: Package 'Microsoft.Windows.Compatibility' 6.0.0 has a known high severity vulnerability, https://github.com/advisories/GHSA-555c-2p6r-68mm
C:\Users\ultra\warewolf\Dev\Dev2.Core\Dev2.Core.csproj : warning NU1701: Package 'AeroWizard 2.3.1' was restored using '.NETFramework,Version=v4.6.1, .NETFramework,Version=v4.6.2, .NETFramework,Version=v4.7, .NETFramework,Version=v4.7.1, .NETFramework,Version=v4.7.2, .NETFramework,Version=v4.8, .NETFramework,Version=v4.8.1' instead of the project target framework 'net8.0'. This package may not be fully compatible with your project.
C:\Users\ultra\warewolf\Dev\Dev2.Core\Dev2.Core.csproj : warning NU1701: Package 'GroupControls 1.9.0' was restored using '.NETFramework,Version=v4.6.1, .NETFramework,Version=v4.6.2, .NETFramework,Version=v4.7, .NETFramework,Version=v4.7.1, .NETFramework,Version=v4.7.2, .NETFramework,Version=v4.8, .NETFramework,Version=v4.8.1' instead of the project target framework 'net8.0'. This package may not be fully compatible with your project.
C:\Users\ultra\warewolf\Dev\Dev2.Data\Dev2.Data.csproj : warning NU1701: Package 'TaskSchedulerEditor 2.10.1' was restored using '.NETFramework,Version=v4.6.1, .NETFramework,Version=v4.6.2, .NETFramework,Version=v4.7, .NETFramework,Version=v4.7.1, .NETFramework,Version=v4.7.2, .NETFramework,Version=v4.8, .NETFramework,Version=v4.8.1' instead of the project target framework 'net8.0'. This package may not be fully compatible with your project.
C:\Users\ultra\warewolf\Dev\Dev2.Core\Dev2.Core.csproj : warning NU1701: Package 'ReactiveUI.WPF 18.4.1' was restored using '.NETFramework,Version=v4.6.1, .NETFramework,Version=v4.6.2, .NETFramework,Version=v4.7, .NETFramework,Version=v4.7.1, .NETFramework,Version=v4.7.2, .NETFramework,Version=v4.8, .NETFramework,Version=v4.8.1' instead of the project target framework 'net8.0'. This package may not be fully compatible with your project.
C:\Users\ultra\warewolf\Dev\Dev2.Core\Dev2.Core.csproj : warning NU1701: Package 'TaskSchedulerEditor 2.10.1' was restored using '.NETFramework,Version=v4.6.1, .NETFramework,Version=v4.6.2, .NETFramework,Version=v4.7, .NETFramework,Version=v4.7.1, .NETFramework,Version=v4.7.2, .NETFramework,Version=v4.8, .NETFramework,Version=v4.8.1' instead of the project target framework 'net8.0'. This package may not be fully compatible with your project.
C:\Users\ultra\warewolf\Dev\Dev2.Common.Interfaces\Dev2.Common.Interfaces.csproj : warning NU1903: Package 'Microsoft.Windows.Compatibility' 6.0.0 has a known high severity vulnerability, https://github.com/advisories/GHSA-555c-2p6r-68mm
C:\Users\ultra\warewolf\Dev\Dev2.Common.Interfaces\Dev2.Common.Interfaces.csproj : warning NU1701: Package 'AeroWizard 2.3.1' was restored using '.NETFramework,Version=v4.6.1, .NETFramework,Version=v4.6.2, .NETFramework,Version=v4.7, .NETFramework,Version=v4.7.1, .NETFramework,Version=v4.7.2, .NETFramework,Version=v4.8, .NETFramework,Version=v4.8.1' instead of the project target framework 'net8.0'. This package may not be fully compatible with your project.
C:\Users\ultra\warewolf\Dev\Dev2.Common.Interfaces\Dev2.Common.Interfaces.csproj : warning NU1701: Package 'GroupControls 1.9.0' was restored using '.NETFramework,Version=v4.6.1, .NETFramework,Version=v4.6.2, .NETFramework,Version=v4.7, .NETFramework,Version=v4.7.1, .NETFramework,Version=v4.7.2, .NETFramework,Version=v4.8, .NETFramework,Version=v4.8.1' instead of the project target framework 'net8.0'. This package may not be fully compatible with your project.
C:\Users\ultra\warewolf\Dev\Dev2.Common.Interfaces\Dev2.Common.Interfaces.csproj : warning NU1701: Package 'TaskSchedulerEditor 2.10.1' was restored using '.NETFramework,Version=v4.6.1, .NETFramework,Version=v4.6.2, .NETFramework,Version=v4.7, .NETFramework,Version=v4.7.1, .NETFramework,Version=v4.7.2, .NETFramework,Version=v4.8, .NETFramework,Version=v4.8.1' instead of the project target framework 'net8.0'. This package may not be fully compatible with your project.
C:\Users\ultra\warewolf\Dev\Dev2.Infrastructure\Dev2.Infrastructure.csproj : warning NU1903: Package 'Microsoft.Windows.Compatibility' 6.0.0 has a known high severity vulnerability, https://github.com/advisories/GHSA-555c-2p6r-68mm
C:\Users\ultra\warewolf\Dev\Dev2.Util\Dev2.Util.csproj : warning NU1903: Package 'Microsoft.Windows.Compatibility' 6.0.0 has a known high severity vulnerability, https://github.com/advisories/GHSA-555c-2p6r-68mm
C:\Users\ultra\warewolf\Dev\Dev2.Infrastructure\Dev2.Infrastructure.csproj : warning NU1701: Package 'AeroWizard 2.3.1' was restored using '.NETFramework,Version=v4.6.1, .NETFramework,Version=v4.6.2, .NETFramework,Version=v4.7, .NETFramework,Version=v4.7.1, .NETFramework,Version=v4.7.2, .NETFramework,Version=v4.8, .NETFramework,Version=v4.8.1' instead of the project target framework 'net8.0'. This package may not be fully compatible with your project.
C:\Users\ultra\warewolf\Dev\Dev2.Util\Dev2.Util.csproj : warning NU1701: Package 'AeroWizard 2.3.1' was restored using '.NETFramework,Version=v4.6.1, .NETFramework,Version=v4.6.2, .NETFramework,Version=v4.7, .NETFramework,Version=v4.7.1, .NETFramework,Version=v4.7.2, .NETFramework,Version=v4.8, .NETFramework,Version=v4.8.1' instead of the project target framework 'net8.0'. This package may not be fully compatible with your project.
C:\Users\ultra\warewolf\Dev\Dev2.Infrastructure\Dev2.Infrastructure.csproj : warning NU1701: Package 'GroupControls 1.9.0' was restored using '.NETFramework,Version=v4.6.1, .NETFramework,Version=v4.6.2, .NETFramework,Version=v4.7, .NETFramework,Version=v4.7.1, .NETFramework,Version=v4.7.2, .NETFramework,Version=v4.8, .NETFramework,Version=v4.8.1' instead of the project target framework 'net8.0'. This package may not be fully compatible with your project.
C:\Users\ultra\warewolf\Dev\Dev2.Util\Dev2.Util.csproj : warning NU1701: Package 'GroupControls 1.9.0' was restored using '.NETFramework,Version=v4.6.1, .NETFramework,Version=v4.6.2, .NETFramework,Version=v4.7, .NETFramework,Version=v4.7.1, .NETFramework,Version=v4.7.2, .NETFramework,Version=v4.8, .NETFramework,Version=v4.8.1' instead of the project target framework 'net8.0'. This package may not be fully compatible with your project.
C:\Users\ultra\warewolf\Dev\Dev2.Infrastructure\Dev2.Infrastructure.csproj : warning NU1701: Package 'ReactiveUI.WPF 18.4.1' was restored using '.NETFramework,Version=v4.6.1, .NETFramework,Version=v4.6.2, .NETFramework,Version=v4.7, .NETFramework,Version=v4.7.1, .NETFramework,Version=v4.7.2, .NETFramework,Version=v4.8, .NETFramework,Version=v4.8.1' instead of the project target framework 'net8.0'. This package may not be fully compatible with your project.
C:\Users\ultra\warewolf\Dev\Dev2.Util\Dev2.Util.csproj : warning NU1701: Package 'TaskSchedulerEditor 2.10.1' was restored using '.NETFramework,Version=v4.6.1, .NETFramework,Version=v4.6.2, .NETFramework,Version=v4.7, .NETFramework,Version=v4.7.1, .NETFramework,Version=v4.7.2, .NETFramework,Version=v4.8, .NETFramework,Version=v4.8.1' instead of the project target framework 'net8.0'. This package may not be fully compatible with your project.
C:\Users\ultra\warewolf\Dev\Dev2.Infrastructure\Dev2.Infrastructure.csproj : warning NU1701: Package 'TaskSchedulerEditor 2.10.1' was restored using '.NETFramework,Version=v4.6.1, .NETFramework,Version=v4.6.2, .NETFramework,Version=v4.7, .NETFramework,Version=v4.7.1, .NETFramework,Version=v4.7.2, .NETFramework,Version=v4.8, .NETFramework,Version=v4.8.1' instead of the project target framework 'net8.0'. This package may not be fully compatible with your project.
C:\Users\ultra\warewolf\Dev\Warewolf.MergeParser\Warewolf.MergeParser.csproj : warning NU1701: Package 'AeroWizard 2.3.1' was restored using '.NETFramework,Version=v4.6.1, .NETFramework,Version=v4.6.2, .NETFramework,Version=v4.7, .NETFramework,Version=v4.7.1, .NETFramework,Version=v4.7.2, .NETFramework,Version=v4.8, .NETFramework,Version=v4.8.1' instead of the project target framework 'net8.0'. This package may not be fully compatible with your project.
C:\Users\ultra\warewolf\Dev\Warewolf.MergeParser\Warewolf.MergeParser.csproj : warning NU1701: Package 'GroupControls 1.9.0' was restored using '.NETFramework,Version=v4.6.1, .NETFramework,Version=v4.6.2, .NETFramework,Version=v4.7, .NETFramework,Version=v4.7.1, .NETFramework,Version=v4.7.2, .NETFramework,Version=v4.8, .NETFramework,Version=v4.8.1' instead of the project target framework 'net8.0'. This package may not be fully compatible with your project.
C:\Users\ultra\warewolf\Dev\Warewolf.MergeParser\Warewolf.MergeParser.csproj : warning NU1701: Package 'Microsoft.Xaml.Behaviors.Wpf 1.1.122' was restored using '.NETFramework,Version=v4.6.1, .NETFramework,Version=v4.6.2, .NETFramework,Version=v4.7, .NETFramework,Version=v4.7.1, .NETFramework,Version=v4.7.2, .NETFramework,Version=v4.8, .NETFramework,Version=v4.8.1' instead of the project target framework 'net8.0'. This package may not be fully compatible with your project.
C:\Users\ultra\warewolf\Dev\Warewolf.MergeParser\Warewolf.MergeParser.csproj : warning NU1701: Package 'Prism.Wpf 9.0.537' was restored using '.NETFramework,Version=v4.6.1, .NETFramework,Version=v4.6.2, .NETFramework,Version=v4.7, .NETFramework,Version=v4.7.1, .NETFramework,Version=v4.7.2, .NETFramework,Version=v4.8, .NETFramework,Version=v4.8.1' instead of the project target framework 'net8.0'. This package may not be fully compatible with your project.
C:\Users\ultra\warewolf\Dev\Warewolf.MergeParser\Warewolf.MergeParser.csproj : warning NU1701: Package 'ReactiveUI.WPF 18.4.1' was restored using '.NETFramework,Version=v4.6.1, .NETFramework,Version=v4.6.2, .NETFramework,Version=v4.7, .NETFramework,Version=v4.7.1, .NETFramework,Version=v4.7.2, .NETFramework,Version=v4.8, .NETFramework,Version=v4.8.1' instead of the project target framework 'net8.0'. This package may not be fully compatible with your project.
C:\Users\ultra\warewolf\Dev\Warewolf.MergeParser\Warewolf.MergeParser.csproj : warning NU1701: Package 'TaskSchedulerEditor 2.10.1' was restored using '.NETFramework,Version=v4.6.1, .NETFramework,Version=v4.6.2, .NETFramework,Version=v4.7, .NETFramework,Version=v4.7.1, .NETFramework,Version=v4.7.2, .NETFramework,Version=v4.8, .NETFramework,Version=v4.8.1' instead of the project target framework 'net8.0'. This package may not be fully compatible with your project.
C:\Users\ultra\warewolf\Dev\Dev2.Activities\Dev2.Activities.csproj : warning NU1903: Package 'Microsoft.Windows.Compatibility' 6.0.0 has a known high severity vulnerability, https://github.com/advisories/GHSA-555c-2p6r-68mm
C:\Users\ultra\warewolf\Dev\Dev2.Activities\Dev2.Activities.csproj : warning NU1701: Package 'AeroWizard 2.3.1' was restored using '.NETFramework,Version=v4.6.1, .NETFramework,Version=v4.6.2, .NETFramework,Version=v4.7, .NETFramework,Version=v4.7.1, .NETFramework,Version=v4.7.2, .NETFramework,Version=v4.8, .NETFramework,Version=v4.8.1' instead of the project target framework 'net8.0'. This package may not be fully compatible with your project.
C:\Users\ultra\warewolf\Dev\Dev2.Studio.Interfaces\Dev2.Studio.Interfaces.csproj : warning NU1701: Package 'AeroWizard 2.3.1' was restored using '.NETFramework,Version=v4.6.1, .NETFramework,Version=v4.6.2, .NETFramework,Version=v4.7, .NETFramework,Version=v4.7.1, .NETFramework,Version=v4.7.2, .NETFramework,Version=v4.8, .NETFramework,Version=v4.8.1' instead of the project target framework 'net8.0'. This package may not be fully compatible with your project.
C:\Users\ultra\warewolf\Dev\Dev2.Activities\Dev2.Activities.csproj : warning NU1701: Package 'GroupControls 1.9.0' was restored using '.NETFramework,Version=v4.6.1, .NETFramework,Version=v4.6.2, .NETFramework,Version=v4.7, .NETFramework,Version=v4.7.1, .NETFramework,Version=v4.7.2, .NETFramework,Version=v4.8, .NETFramework,Version=v4.8.1' instead of the project target framework 'net8.0'. This package may not be fully compatible with your project.
C:\Users\ultra\warewolf\Dev\Dev2.Studio.Interfaces\Dev2.Studio.Interfaces.csproj : warning NU1701: Package 'GroupControls 1.9.0' was restored using '.NETFramework,Version=v4.6.1, .NETFramework,Version=v4.6.2, .NETFramework,Version=v4.7, .NETFramework,Version=v4.7.1, .NETFramework,Version=v4.7.2, .NETFramework,Version=v4.8, .NETFramework,Version=v4.8.1' instead of the project target framework 'net8.0'. This package may not be fully compatible with your project.
C:\Users\ultra\warewolf\Dev\Dev2.Activities\Dev2.Activities.csproj : warning NU1701: Package 'ReactiveUI.WPF 18.4.1' was restored using '.NETFramework,Version=v4.6.1, .NETFramework,Version=v4.6.2, .NETFramework,Version=v4.7, .NETFramework,Version=v4.7.1, .NETFramework,Version=v4.7.2, .NETFramework,Version=v4.8, .NETFramework,Version=v4.8.1' instead of the project target framework 'net8.0'. This package may not be fully compatible with your project.
C:\Users\ultra\warewolf\Dev\Dev2.Studio.Interfaces\Dev2.Studio.Interfaces.csproj : warning NU1701: Package 'Microsoft.Xaml.Behaviors.Wpf 1.1.122' was restored using '.NETFramework,Version=v4.6.1, .NETFramework,Version=v4.6.2, .NETFramework,Version=v4.7, .NETFramework,Version=v4.7.1, .NETFramework,Version=v4.7.2, .NETFramework,Version=v4.8, .NETFramework,Version=v4.8.1' instead of the project target framework 'net8.0'. This package may not be fully compatible with your project.
C:\Users\ultra\warewolf\Dev\Dev2.Activities\Dev2.Activities.csproj : warning NU1701: Package 'TaskSchedulerEditor 2.10.1' was restored using '.NETFramework,Version=v4.6.1, .NETFramework,Version=v4.6.2, .NETFramework,Version=v4.7, .NETFramework,Version=v4.7.1, .NETFramework,Version=v4.7.2, .NETFramework,Version=v4.8, .NETFramework,Version=v4.8.1' instead of the project target framework 'net8.0'. This package may not be fully compatible with your project.
C:\Users\ultra\warewolf\Dev\Dev2.Studio.Interfaces\Dev2.Studio.Interfaces.csproj : warning NU1701: Package 'Prism.Wpf 9.0.537' was restored using '.NETFramework,Version=v4.6.1, .NETFramework,Version=v4.6.2, .NETFramework,Version=v4.7, .NETFramework,Version=v4.7.1, .NETFramework,Version=v4.7.2, .NETFramework,Version=v4.8, .NETFramework,Version=v4.8.1' instead of the project target framework 'net8.0'. This package may not be fully compatible with your project.
C:\Users\ultra\warewolf\Dev\Dev2.Studio.Interfaces\Dev2.Studio.Interfaces.csproj : warning NU1701: Package 'ReactiveUI.WPF 18.4.1' was restored using '.NETFramework,Version=v4.6.1, .NETFramework,Version=v4.6.2, .NETFramework,Version=v4.7, .NETFramework,Version=v4.7.1, .NETFramework,Version=v4.7.2, .NETFramework,Version=v4.8, .NETFramework,Version=v4.8.1' instead of the project target framework 'net8.0'. This package may not be fully compatible with your project.
C:\Users\ultra\warewolf\Dev\Dev2.Studio.Interfaces\Dev2.Studio.Interfaces.csproj : warning NU1701: Package 'TaskSchedulerEditor 2.10.1' was restored using '.NETFramework,Version=v4.6.1, .NETFramework,Version=v4.6.2, .NETFramework,Version=v4.7, .NETFramework,Version=v4.7.1, .NETFramework,Version=v4.7.2, .NETFramework,Version=v4.8, .NETFramework,Version=v4.8.1' instead of the project target framework 'net8.0'. This package may not be fully compatible with your project.
C:\Users\ultra\warewolf\Dev\Dev2.Data.Interfaces\Dev2.Data.Interfaces.csproj : warning NU1903: Package 'DotNetZip' 1.16.0 has a known high severity vulnerability, https://github.com/advisories/GHSA-xhg6-9j5j-w4vf
C:\Users\ultra\warewolf\Dev\Dev2.Data.Interfaces\Dev2.Data.Interfaces.csproj : warning NU1701: Package 'AeroWizard 2.3.1' was restored using '.NETFramework,Version=v4.6.1, .NETFramework,Version=v4.6.2, .NETFramework,Version=v4.7, .NETFramework,Version=v4.7.1, .NETFramework,Version=v4.7.2, .NETFramework,Version=v4.8, .NETFramework,Version=v4.8.1' instead of the project target framework 'net8.0'. This package may not be fully compatible with your project.
C:\Users\ultra\warewolf\Dev\Dev2.Data.Interfaces\Dev2.Data.Interfaces.csproj : warning NU1701: Package 'GroupControls 1.9.0' was restored using '.NETFramework,Version=v4.6.1, .NETFramework,Version=v4.6.2, .NETFramework,Version=v4.7, .NETFramework,Version=v4.7.1, .NETFramework,Version=v4.7.2, .NETFramework,Version=v4.8, .NETFramework,Version=v4.8.1' instead of the project target framework 'net8.0'. This package may not be fully compatible with your project.
C:\Users\ultra\warewolf\Dev\Dev2.Data.Interfaces\Dev2.Data.Interfaces.csproj : warning NU1701: Package 'TaskSchedulerEditor 2.10.1' was restored using '.NETFramework,Version=v4.6.1, .NETFramework,Version=v4.6.2, .NETFramework,Version=v4.7, .NETFramework,Version=v4.7.1, .NETFramework,Version=v4.7.2, .NETFramework,Version=v4.8, .NETFramework,Version=v4.8.1' instead of the project target framework 'net8.0'. This package may not be fully compatible with your project.
C:\Users\ultra\warewolf\Dev\Dev2.Runtime.Services\Dev2.Runtime.Services.csproj : warning NU1902: Package 'MessagePack' 2.4.59 has a known moderate severity vulnerability, https://github.com/advisories/GHSA-4qm4-8hg2-g2xm
C:\Users\ultra\warewolf\Dev\Dev2.Runtime.Services\Dev2.Runtime.Services.csproj : warning NU1903: Package 'Microsoft.Windows.Compatibility' 6.0.0 has a known high severity vulnerability, https://github.com/advisories/GHSA-555c-2p6r-68mm
C:\Users\ultra\warewolf\Dev\Dev2.Runtime.Services\Dev2.Runtime.Services.csproj : warning NU1701: Package 'AeroWizard 2.3.1' was restored using '.NETFramework,Version=v4.6.1, .NETFramework,Version=v4.6.2, .NETFramework,Version=v4.7, .NETFramework,Version=v4.7.1, .NETFramework,Version=v4.7.2, .NETFramework,Version=v4.8, .NETFramework,Version=v4.8.1' instead of the project target framework 'net8.0'. This package may not be fully compatible with your project.
C:\Users\ultra\warewolf\Dev\Dev2.Runtime.Services\Dev2.Runtime.Services.csproj : warning NU1701: Package 'GroupControls 1.9.0' was restored using '.NETFramework,Version=v4.6.1, .NETFramework,Version=v4.6.2, .NETFramework,Version=v4.7, .NETFramework,Version=v4.7.1, .NETFramework,Version=v4.7.2, .NETFramework,Version=v4.8, .NETFramework,Version=v4.8.1' instead of the project target framework 'net8.0'. This package may not be fully compatible with your project.
C:\Users\ultra\warewolf\Dev\Dev2.Development.Languages\Dev2.Development.Languages.csproj : warning NU1701: Package 'AeroWizard 2.3.1' was restored using '.NETFramework,Version=v4.6.1, .NETFramework,Version=v4.6.2, .NETFramework,Version=v4.7, .NETFramework,Version=v4.7.1, .NETFramework,Version=v4.7.2, .NETFramework,Version=v4.8, .NETFramework,Version=v4.8.1' instead of the project target framework 'net8.0'. This package may not be fully compatible with your project.
C:\Users\ultra\warewolf\Dev\Dev2.Development.Languages\Dev2.Development.Languages.csproj : warning NU1701: Package 'GroupControls 1.9.0' was restored using '.NETFramework,Version=v4.6.1, .NETFramework,Version=v4.6.2, .NETFramework,Version=v4.7, .NETFramework,Version=v4.7.1, .NETFramework,Version=v4.7.2, .NETFramework,Version=v4.8, .NETFramework,Version=v4.8.1' instead of the project target framework 'net8.0'. This package may not be fully compatible with your project.
C:\Users\ultra\warewolf\Dev\Dev2.Development.Languages\Dev2.Development.Languages.csproj : warning NU1701: Package 'TaskSchedulerEditor 2.10.1' was restored using '.NETFramework,Version=v4.6.1, .NETFramework,Version=v4.6.2, .NETFramework,Version=v4.7, .NETFramework,Version=v4.7.1, .NETFramework,Version=v4.7.2, .NETFramework,Version=v4.8, .NETFramework,Version=v4.8.1' instead of the project target framework 'net8.0'. This package may not be fully compatible with your project.
C:\Users\ultra\warewolf\Dev\Dev2.Runtime.Services\Dev2.Runtime.Services.csproj : warning NU1701: Package 'ReactiveUI.WPF 18.4.1' was restored using '.NETFramework,Version=v4.6.1, .NETFramework,Version=v4.6.2, .NETFramework,Version=v4.7, .NETFramework,Version=v4.7.1, .NETFramework,Version=v4.7.2, .NETFramework,Version=v4.8, .NETFramework,Version=v4.8.1' instead of the project target framework 'net8.0'. This package may not be fully compatible with your project.
C:\Users\ultra\warewolf\Dev\Dev2.Runtime.Services\Dev2.Runtime.Services.csproj : warning NU1701: Package 'TaskSchedulerEditor 2.10.1' was restored using '.NETFramework,Version=v4.6.1, .NETFramework,Version=v4.6.2, .NETFramework,Version=v4.7, .NETFramework,Version=v4.7.1, .NETFramework,Version=v4.7.2, .NETFramework,Version=v4.8, .NETFramework,Version=v4.8.1' instead of the project target framework 'net8.0'. This package may not be fully compatible with your project.
C:\Users\ultra\warewolf\Dev\Dev2.Diagnostics\Dev2.Diagnostics.csproj : warning NU1701: Package 'AeroWizard 2.3.1' was restored using '.NETFramework,Version=v4.6.1, .NETFramework,Version=v4.6.2, .NETFramework,Version=v4.7, .NETFramework,Version=v4.7.1, .NETFramework,Version=v4.7.2, .NETFramework,Version=v4.8, .NETFramework,Version=v4.8.1' instead of the project target framework 'net8.0'. This package may not be fully compatible with your project.
C:\Users\ultra\warewolf\Dev\Dev2.Diagnostics\Dev2.Diagnostics.csproj : warning NU1701: Package 'GroupControls 1.9.0' was restored using '.NETFramework,Version=v4.6.1, .NETFramework,Version=v4.6.2, .NETFramework,Version=v4.7, .NETFramework,Version=v4.7.1, .NETFramework,Version=v4.7.2, .NETFramework,Version=v4.8, .NETFramework,Version=v4.8.1' instead of the project target framework 'net8.0'. This package may not be fully compatible with your project.
C:\Users\ultra\warewolf\Dev\Dev2.Diagnostics\Dev2.Diagnostics.csproj : warning NU1701: Package 'TaskSchedulerEditor 2.10.1' was restored using '.NETFramework,Version=v4.6.1, .NETFramework,Version=v4.6.2, .NETFramework,Version=v4.7, .NETFramework,Version=v4.7.1, .NETFramework,Version=v4.7.2, .NETFramework,Version=v4.8, .NETFramework,Version=v4.8.1' instead of the project target framework 'net8.0'. This package may not be fully compatible with your project.
C:\Users\ultra\warewolf\Dev\Dev2.Scheduler\Dev2.Scheduler.csproj : warning NU1701: Package 'AeroWizard 2.3.1' was restored using '.NETFramework,Version=v4.6.1, .NETFramework,Version=v4.6.2, .NETFramework,Version=v4.7, .NETFramework,Version=v4.7.1, .NETFramework,Version=v4.7.2, .NETFramework,Version=v4.8, .NETFramework,Version=v4.8.1' instead of the project target framework 'net8.0'. This package may not be fully compatible with your project.
C:\Users\ultra\warewolf\Dev\Dev2.Scheduler\Dev2.Scheduler.csproj : warning NU1701: Package 'GroupControls 1.9.0' was restored using '.NETFramework,Version=v4.6.1, .NETFramework,Version=v4.6.2, .NETFramework,Version=v4.7, .NETFramework,Version=v4.7.1, .NETFramework,Version=v4.7.2, .NETFramework,Version=v4.8, .NETFramework,Version=v4.8.1' instead of the project target framework 'net8.0'. This package may not be fully compatible with your project.
C:\Users\ultra\warewolf\Dev\Dev2.Scheduler\Dev2.Scheduler.csproj : warning NU1701: Package 'ReactiveUI.WPF 18.4.1' was restored using '.NETFramework,Version=v4.6.1, .NETFramework,Version=v4.6.2, .NETFramework,Version=v4.7, .NETFramework,Version=v4.7.1, .NETFramework,Version=v4.7.2, .NETFramework,Version=v4.8, .NETFramework,Version=v4.8.1' instead of the project target framework 'net8.0'. This package may not be fully compatible with your project.
C:\Users\ultra\warewolf\Dev\Dev2.Scheduler\Dev2.Scheduler.csproj : warning NU1701: Package 'TaskSchedulerEditor 2.10.1' was restored using '.NETFramework,Version=v4.6.1, .NETFramework,Version=v4.6.2, .NETFramework,Version=v4.7, .NETFramework,Version=v4.7.1, .NETFramework,Version=v4.7.2, .NETFramework,Version=v4.8, .NETFramework,Version=v4.8.1' instead of the project target framework 'net8.0'. This package may not be fully compatible with your project.
C:\Users\ultra\warewolf\Dev\Warewolf.Exchange.Email.Wrapper\Warewolf.Exchange.Email.Wrapper.csproj : warning NU1701: Package 'AeroWizard 2.3.1' was restored using '.NETFramework,Version=v4.6.1, .NETFramework,Version=v4.6.2, .NETFramework,Version=v4.7, .NETFramework,Version=v4.7.1, .NETFramework,Version=v4.7.2, .NETFramework,Version=v4.8, .NETFramework,Version=v4.8.1' instead of the project target framework 'net8.0'. This package may not be fully compatible with your project.
C:\Users\ultra\warewolf\Dev\Warewolf.Exchange.Email.Wrapper\Warewolf.Exchange.Email.Wrapper.csproj : warning NU1701: Package 'GroupControls 1.9.0' was restored using '.NETFramework,Version=v4.6.1, .NETFramework,Version=v4.6.2, .NETFramework,Version=v4.7, .NETFramework,Version=v4.7.1, .NETFramework,Version=v4.7.2, .NETFramework,Version=v4.8, .NETFramework,Version=v4.8.1' instead of the project target framework 'net8.0'. This package may not be fully compatible with your project.
C:\Users\ultra\warewolf\Dev\Warewolf.Exchange.Email.Wrapper\Warewolf.Exchange.Email.Wrapper.csproj : warning NU1701: Package 'ReactiveUI.WPF 18.4.1' was restored using '.NETFramework,Version=v4.6.1, .NETFramework,Version=v4.6.2, .NETFramework,Version=v4.7, .NETFramework,Version=v4.7.1, .NETFramework,Version=v4.7.2, .NETFramework,Version=v4.8, .NETFramework,Version=v4.8.1' instead of the project target framework 'net8.0'. This package may not be fully compatible with your project.
C:\Users\ultra\warewolf\Dev\Warewolf.Exchange.Email.Wrapper\Warewolf.Exchange.Email.Wrapper.csproj : warning NU1701: Package 'TaskSchedulerEditor 2.10.1' was restored using '.NETFramework,Version=v4.6.1, .NETFramework,Version=v4.6.2, .NETFramework,Version=v4.7, .NETFramework,Version=v4.7.1, .NETFramework,Version=v4.7.2, .NETFramework,Version=v4.8, .NETFramework,Version=v4.8.1' instead of the project target framework 'net8.0'. This package may not be fully compatible with your project.
C:\Users\ultra\warewolf\Dev\Warewolf.Licensing\Warewolf.Licensing.csproj : warning NU1701: Package 'AeroWizard 2.3.1' was restored using '.NETFramework,Version=v4.6.1, .NETFramework,Version=v4.6.2, .NETFramework,Version=v4.7, .NETFramework,Version=v4.7.1, .NETFramework,Version=v4.7.2, .NETFramework,Version=v4.8, .NETFramework,Version=v4.8.1' instead of the project target framework 'net8.0'. This package may not be fully compatible with your project.
C:\Users\ultra\warewolf\Dev\Warewolf.Licensing\Warewolf.Licensing.csproj : warning NU1701: Package 'GroupControls 1.9.0' was restored using '.NETFramework,Version=v4.6.1, .NETFramework,Version=v4.6.2, .NETFramework,Version=v4.7, .NETFramework,Version=v4.7.1, .NETFramework,Version=v4.7.2, .NETFramework,Version=v4.8, .NETFramework,Version=v4.8.1' instead of the project target framework 'net8.0'. This package may not be fully compatible with your project.
C:\Users\ultra\warewolf\Dev\Warewolf.Licensing\Warewolf.Licensing.csproj : warning NU1701: Package 'TaskSchedulerEditor 2.10.1' was restored using '.NETFramework,Version=v4.6.1, .NETFramework,Version=v4.6.2, .NETFramework,Version=v4.7, .NETFramework,Version=v4.7.1, .NETFramework,Version=v4.7.2, .NETFramework,Version=v4.8, .NETFramework,Version=v4.8.1' instead of the project target framework 'net8.0'. This package may not be fully compatible with your project.
C:\Users\ultra\warewolf\Dev\Dev2.Runtime.Configuration\Dev2.Runtime.Configuration.csproj : warning NU1903: Package 'Microsoft.Windows.Compatibility' 6.0.0 has a known high severity vulnerability, https://github.com/advisories/GHSA-555c-2p6r-68mm
C:\Users\ultra\warewolf\Dev\Dev2.Runtime.Configuration\Dev2.Runtime.Configuration.csproj : warning NU1701: Package 'AeroWizard 2.3.1' was restored using '.NETFramework,Version=v4.6.1, .NETFramework,Version=v4.6.2, .NETFramework,Version=v4.7, .NETFramework,Version=v4.7.1, .NETFramework,Version=v4.7.2, .NETFramework,Version=v4.8, .NETFramework,Version=v4.8.1' instead of the project target framework 'net8.0'. This package may not be fully compatible with your project.
C:\Users\ultra\warewolf\Dev\Dev2.Runtime.Configuration\Dev2.Runtime.Configuration.csproj : warning NU1701: Package 'GroupControls 1.9.0' was restored using '.NETFramework,Version=v4.6.1, .NETFramework,Version=v4.6.2, .NETFramework,Version=v4.7, .NETFramework,Version=v4.7.1, .NETFramework,Version=v4.7.2, .NETFramework,Version=v4.8, .NETFramework,Version=v4.8.1' instead of the project target framework 'net8.0'. This package may not be fully compatible with your project.
C:\Users\ultra\warewolf\Dev\Dev2.Runtime.Configuration\Dev2.Runtime.Configuration.csproj : warning NU1701: Package 'TaskSchedulerEditor 2.10.1' was restored using '.NETFramework,Version=v4.6.1, .NETFramework,Version=v4.6.2, .NETFramework,Version=v4.7, .NETFramework,Version=v4.7.1, .NETFramework,Version=v4.7.2, .NETFramework,Version=v4.8, .NETFramework,Version=v4.8.1' instead of the project target framework 'net8.0'. This package may not be fully compatible with your project.
C:\Users\ultra\warewolf\Dev\Warewolf.Security\Warewolf.Security.csproj : warning NU1904: Package 'System.Drawing.Common' 4.5.1 has a known critical severity vulnerability, https://github.com/advisories/GHSA-rxg9-xrhp-64gj
C:\Users\ultra\warewolf\Dev\Dev2.TaskScheduler.Wrappers\Dev2.TaskScheduler.Wrappers.csproj : warning NU1701: Package 'AeroWizard 2.3.1' was restored using '.NETFramework,Version=v4.6.1, .NETFramework,Version=v4.6.2, .NETFramework,Version=v4.7, .NETFramework,Version=v4.7.1, .NETFramework,Version=v4.7.2, .NETFramework,Version=v4.8, .NETFramework,Version=v4.8.1' instead of the project target framework 'net8.0'. This package may not be fully compatible with your project.
C:\Users\ultra\warewolf\Dev\Dev2.TaskScheduler.Wrappers\Dev2.TaskScheduler.Wrappers.csproj : warning NU1701: Package 'GroupControls 1.9.0' was restored using '.NETFramework,Version=v4.6.1, .NETFramework,Version=v4.6.2, .NETFramework,Version=v4.7, .NETFramework,Version=v4.7.1, .NETFramework,Version=v4.7.2, .NETFramework,Version=v4.8, .NETFramework,Version=v4.8.1' instead of the project target framework 'net8.0'. This package may not be fully compatible with your project.
C:\Users\ultra\warewolf\Dev\Dev2.TaskScheduler.Wrappers\Dev2.TaskScheduler.Wrappers.csproj : warning NU1701: Package 'TaskSchedulerEditor 2.10.1' was restored using '.NETFramework,Version=v4.6.1, .NETFramework,Version=v4.6.2, .NETFramework,Version=v4.7, .NETFramework,Version=v4.7.1, .NETFramework,Version=v4.7.2, .NETFramework,Version=v4.8, .NETFramework,Version=v4.8.1' instead of the project target framework 'net8.0'. This package may not be fully compatible with your project.
C:\Users\ultra\warewolf\Dev\Warewolf.Storage.Interfaces\Warewolf.Storage.Interfaces.csproj : warning NU1701: Package 'AeroWizard 2.3.1' was restored using '.NETFramework,Version=v4.6.1, .NETFramework,Version=v4.6.2, .NETFramework,Version=v4.7, .NETFramework,Version=v4.7.1, .NETFramework,Version=v4.7.2, .NETFramework,Version=v4.8, .NETFramework,Version=v4.8.1' instead of the project target framework 'net8.0'. This package may not be fully compatible with your project.
C:\Users\ultra\warewolf\Dev\Warewolf.Storage.Interfaces\Warewolf.Storage.Interfaces.csproj : warning NU1701: Package 'GroupControls 1.9.0' was restored using '.NETFramework,Version=v4.6.1, .NETFramework,Version=v4.6.2, .NETFramework,Version=v4.7, .NETFramework,Version=v4.7.1, .NETFramework,Version=v4.7.2, .NETFramework,Version=v4.8, .NETFramework,Version=v4.8.1' instead of the project target framework 'net8.0'. This package may not be fully compatible with your project.
C:\Users\ultra\warewolf\Dev\Warewolf.Storage.Interfaces\Warewolf.Storage.Interfaces.csproj : warning NU1701: Package 'TaskSchedulerEditor 2.10.1' was restored using '.NETFramework,Version=v4.6.1, .NETFramework,Version=v4.6.2, .NETFramework,Version=v4.7, .NETFramework,Version=v4.7.1, .NETFramework,Version=v4.7.2, .NETFramework,Version=v4.8, .NETFramework,Version=v4.8.1' instead of the project target framework 'net8.0'. This package may not be fully compatible with your project.
C:\Users\ultra\warewolf\Dev\Warewolf.Storage\Warewolf.Storage.csproj : warning NU1701: Package 'AeroWizard 2.3.1' was restored using '.NETFramework,Version=v4.6.1, .NETFramework,Version=v4.6.2, .NETFramework,Version=v4.7, .NETFramework,Version=v4.7.1, .NETFramework,Version=v4.7.2, .NETFramework,Version=v4.8, .NETFramework,Version=v4.8.1' instead of the project target framework 'net8.0'. This package may not be fully compatible with your project.
C:\Users\ultra\warewolf\Dev\Warewolf.Storage\Warewolf.Storage.csproj : warning NU1701: Package 'GroupControls 1.9.0' was restored using '.NETFramework,Version=v4.6.1, .NETFramework,Version=v4.6.2, .NETFramework,Version=v4.7, .NETFramework,Version=v4.7.1, .NETFramework,Version=v4.7.2, .NETFramework,Version=v4.8, .NETFramework,Version=v4.8.1' instead of the project target framework 'net8.0'. This package may not be fully compatible with your project.
C:\Users\ultra\warewolf\Dev\Warewolf.Storage\Warewolf.Storage.csproj : warning NU1701: Package 'ReactiveUI.WPF 18.4.1' was restored using '.NETFramework,Version=v4.6.1, .NETFramework,Version=v4.6.2, .NETFramework,Version=v4.7, .NETFramework,Version=v4.7.1, .NETFramework,Version=v4.7.2, .NETFramework,Version=v4.8, .NETFramework,Version=v4.8.1' instead of the project target framework 'net8.0'. This package may not be fully compatible with your project.
C:\Users\ultra\warewolf\Dev\Warewolf.Storage\Warewolf.Storage.csproj : warning NU1701: Package 'TaskSchedulerEditor 2.10.1' was restored using '.NETFramework,Version=v4.6.1, .NETFramework,Version=v4.6.2, .NETFramework,Version=v4.7, .NETFramework,Version=v4.7.1, .NETFramework,Version=v4.7.2, .NETFramework,Version=v4.8, .NETFramework,Version=v4.8.1' instead of the project target framework 'net8.0'. This package may not be fully compatible with your project.
  Log4Net.Async -> C:\Users\ultra\warewolf\Dev\Log4Net.Async\bin\Debug\net8.0\Log4Net.Async.dll
C:\Program Files\dotnet\sdk\10.0.201\Sdks\Microsoft.NET.Sdk\targets\Microsoft.NET.Sdk.DefaultItems.targets(162,5): warning NETSDK1137: It is no longer necessary to use the Microsoft.NET.Sdk.WindowsDesktop SDK. Consider changing the Sdk attribute of the root Project element to 'Microsoft.NET.Sdk'. [C:\Users\ultra\warewolf\Dev\Warewolf.Studio.Core\Warewolf.Studio.Core.csproj]
C:\Program Files\dotnet\sdk\10.0.201\Sdks\Microsoft.NET.Sdk.WindowsDesktop\targets\Microsoft.NET.Sdk.WindowsDesktop.targets(138,5): warning NETSDK1106: Microsoft.NET.Sdk.WindowsDesktop requires 'UseWpf' or 'UseWindowsForms' to be set to 'true' [C:\Users\ultra\warewolf\Dev\Warewolf.Studio.Core\Warewolf.Studio.Core.csproj]
C:\Users\ultra\warewolf\Dev\Warewolf.Studio.Core\Warewolf.Studio.Core.csproj : warning NU1701: Package 'AeroWizard 2.3.1' was restored using '.NETFramework,Version=v4.6.1, .NETFramework,Version=v4.6.2, .NETFramework,Version=v4.7, .NETFramework,Version=v4.7.1, .NETFramework,Version=v4.7.2, .NETFramework,Version=v4.8, .NETFramework,Version=v4.8.1' instead of the project target framework 'net8.0'. This package may not be fully compatible with your project.
C:\Users\ultra\warewolf\Dev\Warewolf.Studio.Core\Warewolf.Studio.Core.csproj : warning NU1701: Package 'GroupControls 1.9.0' was restored using '.NETFramework,Version=v4.6.1, .NETFramework,Version=v4.6.2, .NETFramework,Version=v4.7, .NETFramework,Version=v4.7.1, .NETFramework,Version=v4.7.2, .NETFramework,Version=v4.8, .NETFramework,Version=v4.8.1' instead of the project target framework 'net8.0'. This package may not be fully compatible with your project.
C:\Users\ultra\warewolf\Dev\Warewolf.Studio.Core\Warewolf.Studio.Core.csproj : warning NU1701: Package 'Microsoft.Xaml.Behaviors.Wpf 1.1.122' was restored using '.NETFramework,Version=v4.6.1, .NETFramework,Version=v4.6.2, .NETFramework,Version=v4.7, .NETFramework,Version=v4.7.1, .NETFramework,Version=v4.7.2, .NETFramework,Version=v4.8, .NETFramework,Version=v4.8.1' instead of the project target framework 'net8.0'. This package may not be fully compatible with your project.
C:\Users\ultra\warewolf\Dev\Warewolf.Studio.Core\Warewolf.Studio.Core.csproj : warning NU1701: Package 'Prism.Wpf 9.0.537' was restored using '.NETFramework,Version=v4.6.1, .NETFramework,Version=v4.6.2, .NETFramework,Version=v4.7, .NETFramework,Version=v4.7.1, .NETFramework,Version=v4.7.2, .NETFramework,Version=v4.8, .NETFramework,Version=v4.8.1' instead of the project target framework 'net8.0'. This package may not be fully compatible with your project.
C:\Users\ultra\warewolf\Dev\Warewolf.Studio.Core\Warewolf.Studio.Core.csproj : warning NU1701: Package 'ReactiveUI.WPF 18.4.1' was restored using '.NETFramework,Version=v4.6.1, .NETFramework,Version=v4.6.2, .NETFramework,Version=v4.7, .NETFramework,Version=v4.7.1, .NETFramework,Version=v4.7.2, .NETFramework,Version=v4.8, .NETFramework,Version=v4.8.1' instead of the project target framework 'net8.0'. This package may not be fully compatible with your project.
C:\Users\ultra\warewolf\Dev\Warewolf.Studio.Core\Warewolf.Studio.Core.csproj : warning NU1701: Package 'TaskSchedulerEditor 2.10.1' was restored using '.NETFramework,Version=v4.6.1, .NETFramework,Version=v4.6.2, .NETFramework,Version=v4.7, .NETFramework,Version=v4.7.1, .NETFramework,Version=v4.7.2, .NETFramework,Version=v4.8, .NETFramework,Version=v4.8.1' instead of the project target framework 'net8.0'. This package may not be fully compatible with your project.
C:\Users\ultra\warewolf\Dev\Warewolf.Common\Warewolf.Common.csproj : warning NU1701: Package 'AeroWizard 2.3.1' was restored using '.NETFramework,Version=v4.6.1, .NETFramework,Version=v4.6.2, .NETFramework,Version=v4.7, .NETFramework,Version=v4.7.1, .NETFramework,Version=v4.7.2, .NETFramework,Version=v4.8, .NETFramework,Version=v4.8.1' instead of the project target framework 'net8.0'. This package may not be fully compatible with your project.
C:\Users\ultra\warewolf\Dev\Warewolf.Common\Warewolf.Common.csproj : warning NU1701: Package 'GroupControls 1.9.0' was restored using '.NETFramework,Version=v4.6.1, .NETFramework,Version=v4.6.2, .NETFramework,Version=v4.7, .NETFramework,Version=v4.7.1, .NETFramework,Version=v4.7.2, .NETFramework,Version=v4.8, .NETFramework,Version=v4.8.1' instead of the project target framework 'net8.0'. This package may not be fully compatible with your project.
C:\Users\ultra\warewolf\Dev\Warewolf.Common\Warewolf.Common.csproj : warning NU1701: Package 'TaskSchedulerEditor 2.10.1' was restored using '.NETFramework,Version=v4.6.1, .NETFramework,Version=v4.6.2, .NETFramework,Version=v4.7, .NETFramework,Version=v4.7.1, .NETFramework,Version=v4.7.2, .NETFramework,Version=v4.8, .NETFramework,Version=v4.8.1' instead of the project target framework 'net8.0'. This package may not be fully compatible with your project.
C:\Users\ultra\warewolf\Dev\Dev2.SignalR.Wrappers.New\Dev2.SignalR.Wrappers.New.csproj : warning NU1701: Package 'AeroWizard 2.3.1' was restored using '.NETFramework,Version=v4.6.1, .NETFramework,Version=v4.6.2, .NETFramework,Version=v4.7, .NETFramework,Version=v4.7.1, .NETFramework,Version=v4.7.2, .NETFramework,Version=v4.8, .NETFramework,Version=v4.8.1' instead of the project target framework 'net8.0'. This package may not be fully compatible with your project.
C:\Users\ultra\warewolf\Dev\Dev2.SignalR.Wrappers.New\Dev2.SignalR.Wrappers.New.csproj : warning NU1701: Package 'GroupControls 1.9.0' was restored using '.NETFramework,Version=v4.6.1, .NETFramework,Version=v4.6.2, .NETFramework,Version=v4.7, .NETFramework,Version=v4.7.1, .NETFramework,Version=v4.7.2, .NETFramework,Version=v4.8, .NETFramework,Version=v4.8.1' instead of the project target framework 'net8.0'. This package may not be fully compatible with your project.
C:\Users\ultra\warewolf\Dev\Dev2.SignalR.Wrappers.New\Dev2.SignalR.Wrappers.New.csproj : warning NU1701: Package 'ReactiveUI.WPF 18.4.1' was restored using '.NETFramework,Version=v4.6.1, .NETFramework,Version=v4.6.2, .NETFramework,Version=v4.7, .NETFramework,Version=v4.7.1, .NETFramework,Version=v4.7.2, .NETFramework,Version=v4.8, .NETFramework,Version=v4.8.1' instead of the project target framework 'net8.0'. This package may not be fully compatible with your project.
C:\Users\ultra\warewolf\Dev\Dev2.SignalR.Wrappers.New\Dev2.SignalR.Wrappers.New.csproj : warning NU1701: Package 'TaskSchedulerEditor 2.10.1' was restored using '.NETFramework,Version=v4.6.1, .NETFramework,Version=v4.6.2, .NETFramework,Version=v4.7, .NETFramework,Version=v4.7.1, .NETFramework,Version=v4.7.2, .NETFramework,Version=v4.8, .NETFramework,Version=v4.8.1' instead of the project target framework 'net8.0'. This package may not be fully compatible with your project.
  Dev2.SignalR.Wrappers.Interfaces -> C:\Users\ultra\warewolf\Dev\Dev2.SignalR.Wrappers\bin\Debug\net8.0\Dev2.SignalR.Wrappers.dll
C:\Users\ultra\warewolf\Dev\Warewolf.Interfaces\Data\ChatbotSettingsData.cs(20,23): warning CS0169: The field 'ChatbotSettingsData._encryptDataSource' is never used [C:\Users\ultra\warewolf\Dev\Warewolf.Interfaces\Warewolf.Interfaces.csproj]
C:\Users\ultra\warewolf\Dev\Warewolf.Interfaces\Auditing\SerializableException.cs(15,7): warning CS0414: The field 'SerializableException.HResult' is assigned but its value is never used [C:\Users\ultra\warewolf\Dev\Warewolf.Interfaces\Warewolf.Interfaces.csproj]
  Warewolf.Resource -> C:\Users\ultra\warewolf\Dev\Warewolf.Resource\bin\Debug\net8.0\Warewolf.Resource.dll
  Warewolf.Common.Interfaces.NetStandard20 -> C:\Users\ultra\warewolf\Dev\Warewolf.Common.Interfaces.NetStandard20\bin\Debug\net8.0\Warewolf.Common.Interfaces.NetStandard20.dll
  Warewolf.Interfaces -> C:\Users\ultra\warewolf\Dev\Warewolf.Interfaces\bin\Debug\net8.0\Warewolf.Interfaces.dll
  Warewolf.ServiceDefinitions -> C:\Users\ultra\warewolf\Dev\Warewolf.ServiceDefinitions\bin\Debug\net8.0\Warewolf.ServiceDefinitions.dll
C:\Users\ultra\warewolf\Dev\Warewolf.Security\Encryption\AESThenHMAC.cs(168,34): warning SYSLIB0021: 'AesManaged' is obsolete: 'Derived cryptographic types are obsolete. Use the Create method on the base type instead.' (https://aka.ms/dotnet-warnings/SYSLIB0021) [C:\Users\ultra\warewolf\Dev\Warewolf.Security\Warewolf.Security.csproj]
C:\Users\ultra\warewolf\Dev\Warewolf.Security\Encryption\AESThenHMAC.cs(264,38): warning SYSLIB0021: 'AesManaged' is obsolete: 'Derived cryptographic types are obsolete. Use the Create method on the base type instead.' (https://aka.ms/dotnet-warnings/SYSLIB0021) [C:\Users\ultra\warewolf\Dev\Warewolf.Security\Warewolf.Security.csproj]
C:\Users\ultra\warewolf\Dev\Warewolf.Security\Encryption\AESThenHMAC.cs(331,36): warning SYSLIB0041: 'Rfc2898DeriveBytes.Rfc2898DeriveBytes(string, int, int)' is obsolete: 'The default hash algorithm and iteration counts in Rfc2898DeriveBytes constructors are outdated and insecure. Use a constructor that accepts the hash algorithm and the number of iterations.' (https://aka.ms/dotnet-warnings/SYSLIB0041) [C:\Users\ultra\warewolf\Dev\Warewolf.Security\Warewolf.Security.csproj]
C:\Users\ultra\warewolf\Dev\Warewolf.Security\Encryption\AESThenHMAC.cs(345,36): warning SYSLIB0041: 'Rfc2898DeriveBytes.Rfc2898DeriveBytes(string, int, int)' is obsolete: 'The default hash algorithm and iteration counts in Rfc2898DeriveBytes constructors are outdated and insecure. Use a constructor that accepts the hash algorithm and the number of iterations.' (https://aka.ms/dotnet-warnings/SYSLIB0041) [C:\Users\ultra\warewolf\Dev\Warewolf.Security\Warewolf.Security.csproj]
C:\Users\ultra\warewolf\Dev\Warewolf.Security\Encryption\AESThenHMAC.cs(393,36): warning SYSLIB0041: 'Rfc2898DeriveBytes.Rfc2898DeriveBytes(string, byte[], int)' is obsolete: 'The default hash algorithm and iteration counts in Rfc2898DeriveBytes constructors are outdated and insecure. Use a constructor that accepts the hash algorithm and the number of iterations.' (https://aka.ms/dotnet-warnings/SYSLIB0041) [C:\Users\ultra\warewolf\Dev\Warewolf.Security\Warewolf.Security.csproj]
C:\Users\ultra\warewolf\Dev\Warewolf.Security\Encryption\AESThenHMAC.cs(398,36): warning SYSLIB0041: 'Rfc2898DeriveBytes.Rfc2898DeriveBytes(string, byte[], int)' is obsolete: 'The default hash algorithm and iteration counts in Rfc2898DeriveBytes constructors are outdated and insecure. Use a constructor that accepts the hash algorithm and the number of iterations.' (https://aka.ms/dotnet-warnings/SYSLIB0041) [C:\Users\ultra\warewolf\Dev\Warewolf.Security\Warewolf.Security.csproj]
C:\Users\ultra\warewolf\Dev\Warewolf.Driver.Serilog\Warewolf.Driver.Serilog.csproj : warning NU1701: Package 'AeroWizard 2.3.1' was restored using '.NETFramework,Version=v4.6.1, .NETFramework,Version=v4.6.2, .NETFramework,Version=v4.7, .NETFramework,Version=v4.7.1, .NETFramework,Version=v4.7.2, .NETFramework,Version=v4.8, .NETFramework,Version=v4.8.1' instead of the project target framework 'net8.0'. This package may not be fully compatible with your project.
C:\Users\ultra\warewolf\Dev\Warewolf.Driver.Serilog\Warewolf.Driver.Serilog.csproj : warning NU1701: Package 'GroupControls 1.9.0' was restored using '.NETFramework,Version=v4.6.1, .NETFramework,Version=v4.6.2, .NETFramework,Version=v4.7, .NETFramework,Version=v4.7.1, .NETFramework,Version=v4.7.2, .NETFramework,Version=v4.8, .NETFramework,Version=v4.8.1' instead of the project target framework 'net8.0'. This package may not be fully compatible with your project.
C:\Users\ultra\warewolf\Dev\Warewolf.Driver.Serilog\Warewolf.Driver.Serilog.csproj : warning NU1701: Package 'ReactiveUI.WPF 18.4.1' was restored using '.NETFramework,Version=v4.6.1, .NETFramework,Version=v4.6.2, .NETFramework,Version=v4.7, .NETFramework,Version=v4.7.1, .NETFramework,Version=v4.7.2, .NETFramework,Version=v4.8, .NETFramework,Version=v4.8.1' instead of the project target framework 'net8.0'. This package may not be fully compatible with your project.
C:\Users\ultra\warewolf\Dev\Warewolf.Driver.Serilog\Warewolf.Driver.Serilog.csproj : warning NU1701: Package 'TaskSchedulerEditor 2.10.1' was restored using '.NETFramework,Version=v4.6.1, .NETFramework,Version=v4.6.2, .NETFramework,Version=v4.7, .NETFramework,Version=v4.7.1, .NETFramework,Version=v4.7.2, .NETFramework,Version=v4.8, .NETFramework,Version=v4.8.1' instead of the project target framework 'net8.0'. This package may not be fully compatible with your project.
C:\Users\ultra\warewolf\Dev\Warewolf.AI.Harness\Warewolf.AI.Harness.csproj : warning NU1701: Package 'AeroWizard 2.3.1' was restored using '.NETFramework,Version=v4.6.1, .NETFramework,Version=v4.6.2, .NETFramework,Version=v4.7, .NETFramework,Version=v4.7.1, .NETFramework,Version=v4.7.2, .NETFramework,Version=v4.8, .NETFramework,Version=v4.8.1' instead of the project target framework 'net8.0'. This package may not be fully compatible with your project.
C:\Users\ultra\warewolf\Dev\Warewolf.AI.Harness\Warewolf.AI.Harness.csproj : warning NU1701: Package 'GroupControls 1.9.0' was restored using '.NETFramework,Version=v4.6.1, .NETFramework,Version=v4.6.2, .NETFramework,Version=v4.7, .NETFramework,Version=v4.7.1, .NETFramework,Version=v4.7.2, .NETFramework,Version=v4.8, .NETFramework,Version=v4.8.1' instead of the project target framework 'net8.0'. This package may not be fully compatible with your project.
C:\Users\ultra\warewolf\Dev\Warewolf.AI.Harness\Warewolf.AI.Harness.csproj : warning NU1701: Package 'TaskSchedulerEditor 2.10.1' was restored using '.NETFramework,Version=v4.6.1, .NETFramework,Version=v4.6.2, .NETFramework,Version=v4.7, .NETFramework,Version=v4.7.1, .NETFramework,Version=v4.7.2, .NETFramework,Version=v4.8, .NETFramework,Version=v4.8.1' instead of the project target framework 'net8.0'. This package may not be fully compatible with your project.
  Warewolf.Security -> C:\Users\ultra\warewolf\Dev\Warewolf.Security\bin\Debug\net8.0\Warewolf.Security.dll
C:\Users\ultra\warewolf\Dev\Warewolf.Sharepoint\Warewolf.Sharepoint.csproj : warning NU1701: Package 'AeroWizard 2.3.1' was restored using '.NETFramework,Version=v4.6.1, .NETFramework,Version=v4.6.2, .NETFramework,Version=v4.7, .NETFramework,Version=v4.7.1, .NETFramework,Version=v4.7.2, .NETFramework,Version=v4.8, .NETFramework,Version=v4.8.1' instead of the project target framework 'net8.0'. This package may not be fully compatible with your project.
C:\Users\ultra\warewolf\Dev\Warewolf.Sharepoint\Warewolf.Sharepoint.csproj : warning NU1701: Package 'GroupControls 1.9.0' was restored using '.NETFramework,Version=v4.6.1, .NETFramework,Version=v4.6.2, .NETFramework,Version=v4.7, .NETFramework,Version=v4.7.1, .NETFramework,Version=v4.7.2, .NETFramework,Version=v4.8, .NETFramework,Version=v4.8.1' instead of the project target framework 'net8.0'. This package may not be fully compatible with your project.
C:\Users\ultra\warewolf\Dev\Warewolf.Sharepoint\Warewolf.Sharepoint.csproj : warning NU1701: Package 'ReactiveUI.WPF 18.4.1' was restored using '.NETFramework,Version=v4.6.1, .NETFramework,Version=v4.6.2, .NETFramework,Version=v4.7, .NETFramework,Version=v4.7.1, .NETFramework,Version=v4.7.2, .NETFramework,Version=v4.8, .NETFramework,Version=v4.8.1' instead of the project target framework 'net8.0'. This package may not be fully compatible with your project.
C:\Users\ultra\warewolf\Dev\Warewolf.Sharepoint\Warewolf.Sharepoint.csproj : warning NU1701: Package 'TaskSchedulerEditor 2.10.1' was restored using '.NETFramework,Version=v4.6.1, .NETFramework,Version=v4.6.2, .NETFramework,Version=v4.7, .NETFramework,Version=v4.7.1, .NETFramework,Version=v4.7.2, .NETFramework,Version=v4.8, .NETFramework,Version=v4.8.1' instead of the project target framework 'net8.0'. This package may not be fully compatible with your project.
C:\Users\ultra\warewolf\Dev\Dev2.Services.Execution\Dev2.Services.Execution.csproj : warning NU1701: Package 'AeroWizard 2.3.1' was restored using '.NETFramework,Version=v4.6.1, .NETFramework,Version=v4.6.2, .NETFramework,Version=v4.7, .NETFramework,Version=v4.7.1, .NETFramework,Version=v4.7.2, .NETFramework,Version=v4.8, .NETFramework,Version=v4.8.1' instead of the project target framework 'net8.0'. This package may not be fully compatible with your project.
C:\Users\ultra\warewolf\Dev\Dev2.Services.Execution\Dev2.Services.Execution.csproj : warning NU1701: Package 'GroupControls 1.9.0' was restored using '.NETFramework,Version=v4.6.1, .NETFramework,Version=v4.6.2, .NETFramework,Version=v4.7, .NETFramework,Version=v4.7.1, .NETFramework,Version=v4.7.2, .NETFramework,Version=v4.8, .NETFramework,Version=v4.8.1' instead of the project target framework 'net8.0'. This package may not be fully compatible with your project.
C:\Users\ultra\warewolf\Dev\Dev2.Services.Execution\Dev2.Services.Execution.csproj : warning NU1701: Package 'ReactiveUI.WPF 18.4.1' was restored using '.NETFramework,Version=v4.6.1, .NETFramework,Version=v4.6.2, .NETFramework,Version=v4.7, .NETFramework,Version=v4.7.1, .NETFramework,Version=v4.7.2, .NETFramework,Version=v4.8, .NETFramework,Version=v4.8.1' instead of the project target framework 'net8.0'. This package may not be fully compatible with your project.
C:\Users\ultra\warewolf\Dev\Dev2.Services.Execution\Dev2.Services.Execution.csproj : warning NU1701: Package 'TaskSchedulerEditor 2.10.1' was restored using '.NETFramework,Version=v4.6.1, .NETFramework,Version=v4.6.2, .NETFramework,Version=v4.7, .NETFramework,Version=v4.7.1, .NETFramework,Version=v4.7.2, .NETFramework,Version=v4.8, .NETFramework,Version=v4.8.1' instead of the project target framework 'net8.0'. This package may not be fully compatible with your project.
  Warewolf.Weave -> C:\Users\ultra\warewolf\Dev\Warewolf.Weave\bin\Debug\net8.0\Warewolf.Weave.dll
  Dev2.Net6.Compatibility -> C:\Users\ultra\warewolf\Dev\Dev2.Net6.Compatibility\bin\Debug\net8.0\Dev2.Net6.Compatibility.dll
C:\Users\ultra\warewolf\Dev\Warewolf.Data\Warewolf.Data.csproj : warning NU1701: Package 'AeroWizard 2.3.1' was restored using '.NETFramework,Version=v4.6.1, .NETFramework,Version=v4.6.2, .NETFramework,Version=v4.7, .NETFramework,Version=v4.7.1, .NETFramework,Version=v4.7.2, .NETFramework,Version=v4.8, .NETFramework,Version=v4.8.1' instead of the project target framework 'net8.0'. This package may not be fully compatible with your project.
C:\Users\ultra\warewolf\Dev\Warewolf.Data\Warewolf.Data.csproj : warning NU1701: Package 'GroupControls 1.9.0' was restored using '.NETFramework,Version=v4.6.1, .NETFramework,Version=v4.6.2, .NETFramework,Version=v4.7, .NETFramework,Version=v4.7.1, .NETFramework,Version=v4.7.2, .NETFramework,Version=v4.8, .NETFramework,Version=v4.8.1' instead of the project target framework 'net8.0'. This package may not be fully compatible with your project.
C:\Users\ultra\warewolf\Dev\Warewolf.Data\Warewolf.Data.csproj : warning NU1701: Package 'TaskSchedulerEditor 2.10.1' was restored using '.NETFramework,Version=v4.6.1, .NETFramework,Version=v4.6.2, .NETFramework,Version=v4.7, .NETFramework,Version=v4.7.1, .NETFramework,Version=v4.7.2, .NETFramework,Version=v4.8, .NETFramework,Version=v4.8.1' instead of the project target framework 'net8.0'. This package may not be fully compatible with your project.
C:\Users\ultra\warewolf\Dev\Dev2.Studio.Core\Dev2.Studio.Core.csproj : warning NU1701: Package 'AeroWizard 2.3.1' was restored using '.NETFramework,Version=v4.6.1, .NETFramework,Version=v4.6.2, .NETFramework,Version=v4.7, .NETFramework,Version=v4.7.1, .NETFramework,Version=v4.7.2, .NETFramework,Version=v4.8, .NETFramework,Version=v4.8.1' instead of the project target framework 'net8.0'. This package may not be fully compatible with your project.
C:\Users\ultra\warewolf\Dev\Warewolf.Driver.Persistence\Warewolf.Driver.Persistence.csproj : warning NU1701: Package 'AeroWizard 2.3.1' was restored using '.NETFramework,Version=v4.6.1, .NETFramework,Version=v4.6.2, .NETFramework,Version=v4.7, .NETFramework,Version=v4.7.1, .NETFramework,Version=v4.7.2, .NETFramework,Version=v4.8, .NETFramework,Version=v4.8.1' instead of the project target framework 'net8.0'. This package may not be fully compatible with your project.
C:\Users\ultra\warewolf\Dev\Dev2.Studio.Core\Dev2.Studio.Core.csproj : warning NU1701: Package 'GroupControls 1.9.0' was restored using '.NETFramework,Version=v4.6.1, .NETFramework,Version=v4.6.2, .NETFramework,Version=v4.7, .NETFramework,Version=v4.7.1, .NETFramework,Version=v4.7.2, .NETFramework,Version=v4.8, .NETFramework,Version=v4.8.1' instead of the project target framework 'net8.0'. This package may not be fully compatible with your project.
C:\Users\ultra\warewolf\Dev\Warewolf.Driver.Persistence\Warewolf.Driver.Persistence.csproj : warning NU1701: Package 'GroupControls 1.9.0' was restored using '.NETFramework,Version=v4.6.1, .NETFramework,Version=v4.6.2, .NETFramework,Version=v4.7, .NETFramework,Version=v4.7.1, .NETFramework,Version=v4.7.2, .NETFramework,Version=v4.8, .NETFramework,Version=v4.8.1' instead of the project target framework 'net8.0'. This package may not be fully compatible with your project.
C:\Users\ultra\warewolf\Dev\Warewolf.Driver.Persistence\Warewolf.Driver.Persistence.csproj : warning NU1701: Package 'ReactiveUI.WPF 18.4.1' was restored using '.NETFramework,Version=v4.6.1, .NETFramework,Version=v4.6.2, .NETFramework,Version=v4.7, .NETFramework,Version=v4.7.1, .NETFramework,Version=v4.7.2, .NETFramework,Version=v4.8, .NETFramework,Version=v4.8.1' instead of the project target framework 'net8.0'. This package may not be fully compatible with your project.
C:\Users\ultra\warewolf\Dev\Warewolf.Driver.Persistence\Warewolf.Driver.Persistence.csproj : warning NU1701: Package 'TaskSchedulerEditor 2.10.1' was restored using '.NETFramework,Version=v4.6.1, .NETFramework,Version=v4.6.2, .NETFramework,Version=v4.7, .NETFramework,Version=v4.7.1, .NETFramework,Version=v4.7.2, .NETFramework,Version=v4.8, .NETFramework,Version=v4.8.1' instead of the project target framework 'net8.0'. This package may not be fully compatible with your project.
C:\Users\ultra\warewolf\Dev\Dev2.Studio.Core\Dev2.Studio.Core.csproj : warning NU1701: Package 'Microsoft.Xaml.Behaviors.Wpf 1.1.122' was restored using '.NETFramework,Version=v4.6.1, .NETFramework,Version=v4.6.2, .NETFramework,Version=v4.7, .NETFramework,Version=v4.7.1, .NETFramework,Version=v4.7.2, .NETFramework,Version=v4.8, .NETFramework,Version=v4.8.1' instead of the project target framework 'net8.0'. This package may not be fully compatible with your project.
C:\Users\ultra\warewolf\Dev\Dev2.Studio.Core\Dev2.Studio.Core.csproj : warning NU1701: Package 'Prism.Wpf 9.0.537' was restored using '.NETFramework,Version=v4.6.1, .NETFramework,Version=v4.6.2, .NETFramework,Version=v4.7, .NETFramework,Version=v4.7.1, .NETFramework,Version=v4.7.2, .NETFramework,Version=v4.8, .NETFramework,Version=v4.8.1' instead of the project target framework 'net8.0'. This package may not be fully compatible with your project.
C:\Users\ultra\warewolf\Dev\Dev2.Studio.Core\Dev2.Studio.Core.csproj : warning NU1701: Package 'ReactiveUI.WPF 18.4.1' was restored using '.NETFramework,Version=v4.6.1, .NETFramework,Version=v4.6.2, .NETFramework,Version=v4.7, .NETFramework,Version=v4.7.1, .NETFramework,Version=v4.7.2, .NETFramework,Version=v4.8, .NETFramework,Version=v4.8.1' instead of the project target framework 'net8.0'. This package may not be fully compatible with your project.
C:\Users\ultra\warewolf\Dev\Dev2.Studio.Core\Dev2.Studio.Core.csproj : warning NU1701: Package 'TaskSchedulerEditor 2.10.1' was restored using '.NETFramework,Version=v4.6.1, .NETFramework,Version=v4.6.2, .NETFramework,Version=v4.7, .NETFramework,Version=v4.7.1, .NETFramework,Version=v4.7.2, .NETFramework,Version=v4.8, .NETFramework,Version=v4.8.1' instead of the project target framework 'net8.0'. This package may not be fully compatible with your project.
C:\Users\ultra\warewolf\Dev\Warewolf.Common.NetStandard20\Warewolf.Common.NetStandard20.csproj : warning NU1701: Package 'AeroWizard 2.3.1' was restored using '.NETFramework,Version=v4.6.1, .NETFramework,Version=v4.6.2, .NETFramework,Version=v4.7, .NETFramework,Version=v4.7.1, .NETFramework,Version=v4.7.2, .NETFramework,Version=v4.8, .NETFramework,Version=v4.8.1' instead of the project target framework 'net8.0'. This package may not be fully compatible with your project.
C:\Users\ultra\warewolf\Dev\Warewolf.Common.NetStandard20\Warewolf.Common.NetStandard20.csproj : warning NU1701: Package 'GroupControls 1.9.0' was restored using '.NETFramework,Version=v4.6.1, .NETFramework,Version=v4.6.2, .NETFramework,Version=v4.7, .NETFramework,Version=v4.7.1, .NETFramework,Version=v4.7.2, .NETFramework,Version=v4.8, .NETFramework,Version=v4.8.1' instead of the project target framework 'net8.0'. This package may not be fully compatible with your project.
C:\Users\ultra\warewolf\Dev\Warewolf.Common.NetStandard20\Warewolf.Common.NetStandard20.csproj : warning NU1701: Package 'ReactiveUI.WPF 18.4.1' was restored using '.NETFramework,Version=v4.6.1, .NETFramework,Version=v4.6.2, .NETFramework,Version=v4.7, .NETFramework,Version=v4.7.1, .NETFramework,Version=v4.7.2, .NETFramework,Version=v4.8, .NETFramework,Version=v4.8.1' instead of the project target framework 'net8.0'. This package may not be fully compatible with your project.
C:\Users\ultra\warewolf\Dev\Warewolf.Common.NetStandard20\Warewolf.Common.NetStandard20.csproj : warning NU1701: Package 'TaskSchedulerEditor 2.10.1' was restored using '.NETFramework,Version=v4.6.1, .NETFramework,Version=v4.6.2, .NETFramework,Version=v4.7, .NETFramework,Version=v4.7.1, .NETFramework,Version=v4.7.2, .NETFramework,Version=v4.8, .NETFramework,Version=v4.8.1' instead of the project target framework 'net8.0'. This package may not be fully compatible with your project.
  GACManagerApi -> C:\Users\ultra\warewolf\Dev\GACManagerApi\bin\Debug\net8.0\GACManagerApi.dll
C:\Users\ultra\warewolf\Dev\Warewolf.ResourceManagement\Warewolf.ResourceManagement.csproj : warning NU1701: Package 'AeroWizard 2.3.1' was restored using '.NETFramework,Version=v4.6.1, .NETFramework,Version=v4.6.2, .NETFramework,Version=v4.7, .NETFramework,Version=v4.7.1, .NETFramework,Version=v4.7.2, .NETFramework,Version=v4.8, .NETFramework,Version=v4.8.1' instead of the project target framework 'net8.0'. This package may not be fully compatible with your project.
C:\Users\ultra\warewolf\Dev\Warewolf.ResourceManagement\Warewolf.ResourceManagement.csproj : warning NU1701: Package 'GroupControls 1.9.0' was restored using '.NETFramework,Version=v4.6.1, .NETFramework,Version=v4.6.2, .NETFramework,Version=v4.7, .NETFramework,Version=v4.7.1, .NETFramework,Version=v4.7.2, .NETFramework,Version=v4.8, .NETFramework,Version=v4.8.1' instead of the project target framework 'net8.0'. This package may not be fully compatible with your project.
C:\Users\ultra\warewolf\Dev\Warewolf.ResourceManagement\Warewolf.ResourceManagement.csproj : warning NU1701: Package 'ReactiveUI.WPF 18.4.1' was restored using '.NETFramework,Version=v4.6.1, .NETFramework,Version=v4.6.2, .NETFramework,Version=v4.7, .NETFramework,Version=v4.7.1, .NETFramework,Version=v4.7.2, .NETFramework,Version=v4.8, .NETFramework,Version=v4.8.1' instead of the project target framework 'net8.0'. This package may not be fully compatible with your project.
C:\Users\ultra\warewolf\Dev\Warewolf.ResourceManagement\Warewolf.ResourceManagement.csproj : warning NU1701: Package 'TaskSchedulerEditor 2.10.1' was restored using '.NETFramework,Version=v4.6.1, .NETFramework,Version=v4.6.2, .NETFramework,Version=v4.7, .NETFramework,Version=v4.7.1, .NETFramework,Version=v4.7.2, .NETFramework,Version=v4.8, .NETFramework,Version=v4.8.1' instead of the project target framework 'net8.0'. This package may not be fully compatible with your project.
  Consider app.config remapping of assembly "System.Runtime.CompilerServices.Unsafe, Culture=neutral, PublicKeyToken=b03f5f7f11d50a3a" from Version "6.0.0.0" [] to Version "8.0.0.0" [C:\Program Files\dotnet\packs\Microsoft.NETCore.App.Ref\8.0.25\ref\net8.0\System.Runtime.CompilerServices.Unsafe.dll] to solve conflict and get rid of warning.
  Warewolf.Studio.Resources -> C:\Users\ultra\warewolf\Dev\Warewolf.Studio.Resources\bin\Debug\net8.0\Warewolf.Studio.Resources.dll
C:\Users\ultra\warewolf\Dev\Warewolf.Core\Warewolf.Core.csproj : warning NU1903: Package 'Microsoft.Windows.Compatibility' 6.0.0 has a known high severity vulnerability, https://github.com/advisories/GHSA-555c-2p6r-68mm
C:\Users\ultra\warewolf\Dev\Warewolf.Core\Warewolf.Core.csproj : warning NU1701: Package 'AeroWizard 2.3.1' was restored using '.NETFramework,Version=v4.6.1, .NETFramework,Version=v4.6.2, .NETFramework,Version=v4.7, .NETFramework,Version=v4.7.1, .NETFramework,Version=v4.7.2, .NETFramework,Version=v4.8, .NETFramework,Version=v4.8.1' instead of the project target framework 'net8.0'. This package may not be fully compatible with your project.
C:\Users\ultra\warewolf\Dev\Warewolf.Core\Warewolf.Core.csproj : warning NU1701: Package 'GroupControls 1.9.0' was restored using '.NETFramework,Version=v4.6.1, .NETFramework,Version=v4.6.2, .NETFramework,Version=v4.7, .NETFramework,Version=v4.7.1, .NETFramework,Version=v4.7.2, .NETFramework,Version=v4.8, .NETFramework,Version=v4.8.1' instead of the project target framework 'net8.0'. This package may not be fully compatible with your project.
C:\Users\ultra\warewolf\Dev\Warewolf.Core\Warewolf.Core.csproj : warning NU1701: Package 'ReactiveUI.WPF 18.4.1' was restored using '.NETFramework,Version=v4.6.1, .NETFramework,Version=v4.6.2, .NETFramework,Version=v4.7, .NETFramework,Version=v4.7.1, .NETFramework,Version=v4.7.2, .NETFramework,Version=v4.8, .NETFramework,Version=v4.8.1' instead of the project target framework 'net8.0'. This package may not be fully compatible with your project.
C:\Users\ultra\warewolf\Dev\Warewolf.Core\Warewolf.Core.csproj : warning NU1701: Package 'TaskSchedulerEditor 2.10.1' was restored using '.NETFramework,Version=v4.6.1, .NETFramework,Version=v4.6.2, .NETFramework,Version=v4.7, .NETFramework,Version=v4.7.1, .NETFramework,Version=v4.7.2, .NETFramework,Version=v4.8, .NETFramework,Version=v4.8.1' instead of the project target framework 'net8.0'. This package may not be fully compatible with your project.
C:\Users\ultra\warewolf\Dev\Dev2.Services.Sql\Dev2.Services.Sql.csproj : warning NU1903: Package 'Oracle.ManagedDataAccess.Core' 3.21.70 has a known high severity vulnerability, https://github.com/advisories/GHSA-5pm2-9mr2-3frq
C:\Users\ultra\warewolf\Dev\Dev2.Services.Sql\Dev2.Services.Sql.csproj : warning NU1701: Package 'AeroWizard 2.3.1' was restored using '.NETFramework,Version=v4.6.1, .NETFramework,Version=v4.6.2, .NETFramework,Version=v4.7, .NETFramework,Version=v4.7.1, .NETFramework,Version=v4.7.2, .NETFramework,Version=v4.8, .NETFramework,Version=v4.8.1' instead of the project target framework 'net8.0'. This package may not be fully compatible with your project.
C:\Users\ultra\warewolf\Dev\Dev2.Services.Sql\Dev2.Services.Sql.csproj : warning NU1701: Package 'GroupControls 1.9.0' was restored using '.NETFramework,Version=v4.6.1, .NETFramework,Version=v4.6.2, .NETFramework,Version=v4.7, .NETFramework,Version=v4.7.1, .NETFramework,Version=v4.7.2, .NETFramework,Version=v4.8, .NETFramework,Version=v4.8.1' instead of the project target framework 'net8.0'. This package may not be fully compatible with your project.
C:\Users\ultra\warewolf\Dev\Dev2.Services.Sql\Dev2.Services.Sql.csproj : warning NU1701: Package 'ReactiveUI.WPF 18.4.1' was restored using '.NETFramework,Version=v4.6.1, .NETFramework,Version=v4.6.2, .NETFramework,Version=v4.7, .NETFramework,Version=v4.7.1, .NETFramework,Version=v4.7.2, .NETFramework,Version=v4.8, .NETFramework,Version=v4.8.1' instead of the project target framework 'net8.0'. This package may not be fully compatible with your project.
C:\Users\ultra\warewolf\Dev\Dev2.Services.Sql\Dev2.Services.Sql.csproj : warning NU1701: Package 'TaskSchedulerEditor 2.10.1' was restored using '.NETFramework,Version=v4.6.1, .NETFramework,Version=v4.6.2, .NETFramework,Version=v4.7, .NETFramework,Version=v4.7.1, .NETFramework,Version=v4.7.2, .NETFramework,Version=v4.8, .NETFramework,Version=v4.8.1' instead of the project target framework 'net8.0'. This package may not be fully compatible with your project.
  Warewolf.Driver.Redis -> C:\Users\ultra\warewolf\Dev\Warewolf.Driver.Redis\bin\Debug\net8.0\Warewolf.Driver.Redis.dll
  Warewolf.Driver.RabbitMQ -> C:\Users\ultra\warewolf\Dev\Warewolf.Driver.RabbitMQ\bin\Debug\net8.0\Warewolf.Driver.RabbitMQ.dll
  Warewolf.Parser.Interop -> C:\Users\ultra\warewolf\Dev\Warewolf.Parser.Interop\bin\Debug\net8.0\WarewolfParserInterop.dll
C:\Users\ultra\warewolf\Dev\Warewolf.Auditing\Warewolf.Auditing.csproj : warning NU1701: Package 'AeroWizard 2.3.1' was restored using '.NETFramework,Version=v4.6.1, .NETFramework,Version=v4.6.2, .NETFramework,Version=v4.7, .NETFramework,Version=v4.7.1, .NETFramework,Version=v4.7.2, .NETFramework,Version=v4.8, .NETFramework,Version=v4.8.1' instead of the project target framework 'net8.0'. This package may not be fully compatible with your project.
C:\Users\ultra\warewolf\Dev\Warewolf.Auditing\Warewolf.Auditing.csproj : warning NU1701: Package 'GroupControls 1.9.0' was restored using '.NETFramework,Version=v4.6.1, .NETFramework,Version=v4.6.2, .NETFramework,Version=v4.7, .NETFramework,Version=v4.7.1, .NETFramework,Version=v4.7.2, .NETFramework,Version=v4.8, .NETFramework,Version=v4.8.1' instead of the project target framework 'net8.0'. This package may not be fully compatible with your project.
C:\Users\ultra\warewolf\Dev\Warewolf.Auditing\Warewolf.Auditing.csproj : warning NU1701: Package 'ReactiveUI.WPF 18.4.1' was restored using '.NETFramework,Version=v4.6.1, .NETFramework,Version=v4.6.2, .NETFramework,Version=v4.7, .NETFramework,Version=v4.7.1, .NETFramework,Version=v4.7.2, .NETFramework,Version=v4.8, .NETFramework,Version=v4.8.1' instead of the project target framework 'net8.0'. This package may not be fully compatible with your project.
C:\Users\ultra\warewolf\Dev\Warewolf.Auditing\Warewolf.Auditing.csproj : warning NU1701: Package 'TaskSchedulerEditor 2.10.1' was restored using '.NETFramework,Version=v4.6.1, .NETFramework,Version=v4.6.2, .NETFramework,Version=v4.7, .NETFramework,Version=v4.7.1, .NETFramework,Version=v4.7.2, .NETFramework,Version=v4.8, .NETFramework,Version=v4.8.1' instead of the project target framework 'net8.0'. This package may not be fully compatible with your project.
C:\Users\ultra\warewolf\Dev\Dev2.Common.Interfaces\Attribute\ReasonAttribute.cs(13,18): warning CC0023: Mark 'ReasonAttribute' as sealed. (https://code-cracker.github.io/diagnostics/CC0023.html) [C:\Users\ultra\warewolf\Dev\Dev2.Common.Interfaces\Dev2.Common.Interfaces.csproj]
C:\Users\ultra\warewolf\Dev\Dev2.Common.Interfaces\Wrappers\IDirectoryEntry.cs(190,35): warning CC0057: Parameter 'path' is not used. (https://code-cracker.github.io/diagnostics/CC0057.html) [C:\Users\ultra\warewolf\Dev\Dev2.Common.Interfaces\Dev2.Common.Interfaces.csproj]
C:\Users\ultra\warewolf\Dev\Dev2.Common.Interfaces\DllListing.cs(97,17): warning CC0105: Use 'var' instead of specifying the type name. (https://code-cracker.github.io/diagnostics/CC0105.html) [C:\Users\ultra\warewolf\Dev\Dev2.Common.Interfaces\Dev2.Common.Interfaces.csproj]
C:\Users\ultra\warewolf\Dev\Dev2.Common.Interfaces\DllListing.cs(98,17): warning CC0105: Use 'var' instead of specifying the type name. (https://code-cracker.github.io/diagnostics/CC0105.html) [C:\Users\ultra\warewolf\Dev\Dev2.Common.Interfaces\Dev2.Common.Interfaces.csproj]
C:\Users\ultra\warewolf\Dev\Dev2.Common.Interfaces\Runtime\Services\IStreamContentFactory.cs(48,21): warning CC0029: 'StreamContentWrapper' should call GC.SuppressFinalize inside the Dispose method. (https://code-cracker.github.io/diagnostics/CC0029.html) [C:\Users\ultra\warewolf\Dev\Dev2.Common.Interfaces\Dev2.Common.Interfaces.csproj]
  Dev2.Common.Interfaces -> C:\Users\ultra\warewolf\Dev\Dev2.Common.Interfaces\bin\Debug\net8.0\Dev2.Common.Interfaces.dll
C:\Users\ultra\warewolf\Dev\Warewolf.Language.Parser\EvaluationFunctions.fs(277,15): warning FS3548: Pattern discard is not allowed for union case that takes no data. [C:\Users\ultra\warewolf\Dev\Warewolf.Language.Parser\Warewolf.Language.Parser.fsproj]
C:\Users\ultra\warewolf\Dev\Warewolf.Language.Parser\EvaluationFunctions.fs(305,15): warning FS3548: Pattern discard is not allowed for union case that takes no data. [C:\Users\ultra\warewolf\Dev\Warewolf.Language.Parser\Warewolf.Language.Parser.fsproj]
C:\Users\ultra\warewolf\Dev\Warewolf.Language.Parser\EvaluationFunctions.fs(748,21): warning FS3873: This construct is deprecated. Sequence expressions should be of the form 'seq { ... }' [C:\Users\ultra\warewolf\Dev\Warewolf.Language.Parser\Warewolf.Language.Parser.fsproj]
C:\Users\ultra\warewolf\Dev\Warewolf.Language.Parser\EvaluationFunctions.fs(751,28): warning FS3873: This construct is deprecated. Sequence expressions should be of the form 'seq { ... }' [C:\Users\ultra\warewolf\Dev\Warewolf.Language.Parser\Warewolf.Language.Parser.fsproj]
C:\Users\ultra\warewolf\Dev\Warewolf.Language.Parser\WarewolfDataEvaluationCommon.fs(593,21): warning FS3873: This construct is deprecated. Sequence expressions should be of the form 'seq { ... }' [C:\Users\ultra\warewolf\Dev\Warewolf.Language.Parser\Warewolf.Language.Parser.fsproj]
C:\Users\ultra\warewolf\Dev\Warewolf.Language.Parser\WarewolfDataEvaluationCommon.fs(596,28): warning FS3873: This construct is deprecated. Sequence expressions should be of the form 'seq { ... }' [C:\Users\ultra\warewolf\Dev\Warewolf.Language.Parser\Warewolf.Language.Parser.fsproj]
C:\Users\ultra\warewolf\Dev\Warewolf.Data\NamedInt.cs(160,21): warning CA2200: Re-throwing caught exception changes stack information (https://learn.microsoft.com/dotnet/fundamentals/code-analysis/quality-rules/ca2200) [C:\Users\ultra\warewolf\Dev\Warewolf.Data\Warewolf.Data.csproj]
  Warewolf.Data -> C:\Users\ultra\warewolf\Dev\Warewolf.Data\bin\Debug\net8.0\Warewolf.Data.dll
  Warewolf.Language.Parser -> C:\Users\ultra\warewolf\Dev\Warewolf.Language.Parser\bin\Debug\net8.0\Warewolf.Language.Parser.dll
  Warewolf.Storage.Interfaces -> C:\Users\ultra\warewolf\Dev\Warewolf.Storage.Interfaces\bin\Debug\net8.0\Warewolf.Storage.Interfaces.dll
  Warewolf.Common -> C:\Users\ultra\warewolf\Dev\Warewolf.Common\bin\Debug\net8.0\Warewolf.Common.dll
  Dev2.Data.Interfaces -> C:\Users\ultra\warewolf\Dev\Dev2.Data.Interfaces\bin\Debug\net8.0\Dev2.Data.Interfaces.dll
C:\Users\ultra\warewolf\Dev\Dev2.Common\ExtMethods\StringExtension.cs(302,13): warning CC0004: Empty Catch Block. (https://code-cracker.github.io/diagnostics/CC0004.html) [C:\Users\ultra\warewolf\Dev\Dev2.Common\Dev2.Common.csproj]
  Dev2.Common -> C:\Users\ultra\warewolf\Dev\Dev2.Common\bin\Debug\net8.0\Dev2.Common.dll
C:\Users\ultra\warewolf\Dev\Dev2.TaskScheduler.Wrappers\Dev2TaskEvent.cs(47,33): warning CA1416: This call site is reachable on all platforms. 'SecurityIdentifier.Value' is only supported on: 'windows'. (https://learn.microsoft.com/dotnet/fundamentals/code-analysis/quality-rules/ca1416) [C:\Users\ultra\warewolf\Dev\Dev2.TaskScheduler.Wrappers\Dev2.TaskScheduler.Wrappers.csproj]
  Dev2.TaskScheduler.Wrappers -> C:\Users\ultra\warewolf\Dev\Dev2.TaskScheduler.Wrappers\bin\Debug\net8.0\Dev2.TaskScheduler.Wrappers.dll
C:\Program Files\dotnet\sdk\10.0.201\Microsoft.Common.CurrentVersion.targets(2451,5): warning MSB3277: Found conflicts between different versions of "WindowsBase" that could not be resolved. [C:\Users\ultra\warewolf\Dev\Dev2.Development.Languages\Dev2.Development.Languages.csproj]
C:\Program Files\dotnet\sdk\10.0.201\Microsoft.Common.CurrentVersion.targets(2451,5): warning MSB3277: There was a conflict between "WindowsBase, Version=4.0.0.0, Culture=neutral, PublicKeyToken=31bf3856ad364e35" and "WindowsBase, Version=6.0.2.0, Culture=neutral, PublicKeyToken=31bf3856ad364e35". [C:\Users\ultra\warewolf\Dev\Dev2.Development.Languages\Dev2.Development.Languages.csproj]
C:\Program Files\dotnet\sdk\10.0.201\Microsoft.Common.CurrentVersion.targets(2451,5): warning MSB3277:     "WindowsBase, Version=4.0.0.0, Culture=neutral, PublicKeyToken=31bf3856ad364e35" was chosen because it was primary and "WindowsBase, Version=6.0.2.0, Culture=neutral, PublicKeyToken=31bf3856ad364e35" was not. [C:\Users\ultra\warewolf\Dev\Dev2.Development.Languages\Dev2.Development.Languages.csproj]
C:\Program Files\dotnet\sdk\10.0.201\Microsoft.Common.CurrentVersion.targets(2451,5): warning MSB3277:     References which depend on "WindowsBase, Version=4.0.0.0, Culture=neutral, PublicKeyToken=31bf3856ad364e35" [C:\Program Files\dotnet\packs\Microsoft.NETCore.App.Ref\8.0.25\ref\net8.0\WindowsBase.dll]. [C:\Users\ultra\warewolf\Dev\Dev2.Development.Languages\Dev2.Development.Languages.csproj]
C:\Program Files\dotnet\sdk\10.0.201\Microsoft.Common.CurrentVersion.targets(2451,5): warning MSB3277:         C:\Program Files\dotnet\packs\Microsoft.NETCore.App.Ref\8.0.25\ref\net8.0\WindowsBase.dll [C:\Users\ultra\warewolf\Dev\Dev2.Development.Languages\Dev2.Development.Languages.csproj]
C:\Program Files\dotnet\sdk\10.0.201\Microsoft.Common.CurrentVersion.targets(2451,5): warning MSB3277:           Project file item includes which caused reference "C:\Program Files\dotnet\packs\Microsoft.NETCore.App.Ref\8.0.25\ref\net8.0\WindowsBase.dll". [C:\Users\ultra\warewolf\Dev\Dev2.Development.Languages\Dev2.Development.Languages.csproj]
C:\Program Files\dotnet\sdk\10.0.201\Microsoft.Common.CurrentVersion.targets(2451,5): warning MSB3277:             C:\Program Files\dotnet\packs\Microsoft.NETCore.App.Ref\8.0.25\ref/net8.0/WindowsBase.dll [C:\Users\ultra\warewolf\Dev\Dev2.Development.Languages\Dev2.Development.Languages.csproj]
C:\Program Files\dotnet\sdk\10.0.201\Microsoft.Common.CurrentVersion.targets(2451,5): warning MSB3277:     References which depend on or have been unified to "WindowsBase, Version=6.0.2.0, Culture=neutral, PublicKeyToken=31bf3856ad364e35" []. [C:\Users\ultra\warewolf\Dev\Dev2.Development.Languages\Dev2.Development.Languages.csproj]
C:\Program Files\dotnet\sdk\10.0.201\Microsoft.Common.CurrentVersion.targets(2451,5): warning MSB3277:         C:\Users\ultra\.nuget\packages\caliburn.micro\4.0.212\lib\netcoreapp3.1\Caliburn.Micro.Platform.dll [C:\Users\ultra\warewolf\Dev\Dev2.Development.Languages\Dev2.Development.Languages.csproj]
C:\Program Files\dotnet\sdk\10.0.201\Microsoft.Common.CurrentVersion.targets(2451,5): warning MSB3277:           Project file item includes which caused reference "C:\Users\ultra\.nuget\packages\caliburn.micro\4.0.212\lib\netcoreapp3.1\Caliburn.Micro.Platform.dll". [C:\Users\ultra\warewolf\Dev\Dev2.Development.Languages\Dev2.Development.Languages.csproj]
C:\Program Files\dotnet\sdk\10.0.201\Microsoft.Common.CurrentVersion.targets(2451,5): warning MSB3277:             C:\Users\ultra\.nuget\packages\caliburn.micro\4.0.212\lib\netcoreapp3.1\Caliburn.Micro.Platform.dll [C:\Users\ultra\warewolf\Dev\Dev2.Development.Languages\Dev2.Development.Languages.csproj]
C:\Program Files\dotnet\sdk\10.0.201\Microsoft.Common.CurrentVersion.targets(2451,5): warning MSB3277:         C:\Users\ultra\.nuget\packages\ironpython\3.4.0\lib\net6.0\IronPython.Wpf.dll [C:\Users\ultra\warewolf\Dev\Dev2.Development.Languages\Dev2.Development.Languages.csproj]
C:\Program Files\dotnet\sdk\10.0.201\Microsoft.Common.CurrentVersion.targets(2451,5): warning MSB3277:           Project file item includes which caused reference "C:\Users\ultra\.nuget\packages\ironpython\3.4.0\lib\net6.0\IronPython.Wpf.dll". [C:\Users\ultra\warewolf\Dev\Dev2.Development.Languages\Dev2.Development.Languages.csproj]
C:\Program Files\dotnet\sdk\10.0.201\Microsoft.Common.CurrentVersion.targets(2451,5): warning MSB3277:             C:\Users\ultra\.nuget\packages\ironpython\3.4.0\lib\net6.0\IronPython.Wpf.dll [C:\Users\ultra\warewolf\Dev\Dev2.Development.Languages\Dev2.Development.Languages.csproj]
C:\Program Files\dotnet\sdk\10.0.201\Microsoft.Common.CurrentVersion.targets(2451,5): warning MSB3277:         C:\Users\ultra\.nuget\packages\microsoft.xaml.behaviors.wpf\1.1.19\lib\netcoreapp3.0\Microsoft.Xaml.Behaviors.dll [C:\Users\ultra\warewolf\Dev\Dev2.Development.Languages\Dev2.Development.Languages.csproj]
C:\Program Files\dotnet\sdk\10.0.201\Microsoft.Common.CurrentVersion.targets(2451,5): warning MSB3277:           Project file item includes which caused reference "C:\Users\ultra\.nuget\packages\microsoft.xaml.behaviors.wpf\1.1.19\lib\netcoreapp3.0\Microsoft.Xaml.Behaviors.dll". [C:\Users\ultra\warewolf\Dev\Dev2.Development.Languages\Dev2.Development.Languages.csproj]
C:\Program Files\dotnet\sdk\10.0.201\Microsoft.Common.CurrentVersion.targets(2451,5): warning MSB3277:             C:\Users\ultra\.nuget\packages\microsoft.xaml.behaviors.wpf\1.1.19\lib\netcoreapp3.0\Microsoft.Xaml.Behaviors.dll [C:\Users\ultra\warewolf\Dev\Dev2.Development.Languages\Dev2.Development.Languages.csproj]
C:\Program Files\dotnet\sdk\10.0.201\Microsoft.Common.CurrentVersion.targets(2451,5): warning MSB3277:             C:\Users\ultra\.nuget\packages\caliburn.micro\4.0.212\lib\netcoreapp3.1\Caliburn.Micro.Platform.dll [C:\Users\ultra\warewolf\Dev\Dev2.Development.Languages\Dev2.Development.Languages.csproj]
  Dev2.Development.Languages -> C:\Users\ultra\warewolf\Dev\Dev2.Development.Languages\bin\Debug\net8.0\Dev2.Development.Languages.dll
  Dev2.Util -> C:\Users\ultra\warewolf\Dev\Dev2.Util\bin\Debug\net8.0\Dev2.Util.dll
  Warewolf.Licensing -> C:\Users\ultra\warewolf\Dev\Warewolf.Licensing\bin\Debug\net8.0\Warewolf.Licensing.dll
  Dev2.CustomControls -> C:\Users\ultra\warewolf\Dev\Dev2.CustomControls\bin\Debug\net8.0\Dev2.CustomControls.dll
  Consider app.config remapping of assembly "Newtonsoft.Json, Culture=neutral, PublicKeyToken=30ad4fe6b2a6aeed" from Version "12.0.0.0" [] to Version "13.0.0.0" [C:\Users\ultra\.nuget\packages\newtonsoft.json\13.0.2\lib\net6.0\Newtonsoft.Json.dll] to solve conflict and get rid of warning.
  Dev2.Runtime.Configuration -> C:\Users\ultra\warewolf\Dev\Dev2.Runtime.Configuration\bin\Debug\net8.0\Dev2.Runtime.Configuration.dll
C:\Users\ultra\warewolf\Dev\Dev2.Diagnostics\Debug\DebugDispatcher.cs(209,35): warning CC0057: Parameter 'previous' is not used. (https://code-cracker.github.io/diagnostics/CC0057.html) [C:\Users\ultra\warewolf\Dev\Dev2.Diagnostics\Dev2.Diagnostics.csproj]
  Dev2.Diagnostics -> C:\Users\ultra\warewolf\Dev\Dev2.Diagnostics\bin\Debug\net8.0\Dev2.Diagnostics.dll
C:\Users\ultra\warewolf\Dev\Warewolf.AI.Harness\ChatbotApiService.cs(11,7): warning CS0105: The using directive for 'System.Text' appeared previously in this namespace [C:\Users\ultra\warewolf\Dev\Warewolf.AI.Harness\Warewolf.AI.Harness.csproj]
C:\Users\ultra\warewolf\Dev\Warewolf.AI.Harness\ChatbotApiService.cs(12,7): warning CS0105: The using directive for 'Newtonsoft.Json' appeared previously in this namespace [C:\Users\ultra\warewolf\Dev\Warewolf.AI.Harness\Warewolf.AI.Harness.csproj]
C:\Users\ultra\warewolf\Dev\Warewolf.AI.Harness\ChatbotApiService.cs(641,23): warning CS8618: Non-nullable property 'Model' must contain a non-null value when exiting constructor. Consider adding the 'required' modifier or declaring the property as nullable. [C:\Users\ultra\warewolf\Dev\Warewolf.AI.Harness\Warewolf.AI.Harness.csproj]
C:\Users\ultra\warewolf\Dev\Warewolf.AI.Harness\ChatbotApiService.cs(659,23): warning CS8618: Non-nullable property 'FinishReason' must contain a non-null value when exiting constructor. Consider adding the 'required' modifier or declaring the property as nullable. [C:\Users\ultra\warewolf\Dev\Warewolf.AI.Harness\Warewolf.AI.Harness.csproj]
C:\Users\ultra\warewolf\Dev\Warewolf.AI.Harness\ChatbotApiService.cs(201,34): warning CS8600: Converting null literal or possible null value to non-nullable type. [C:\Users\ultra\warewolf\Dev\Warewolf.AI.Harness\Warewolf.AI.Harness.csproj]
C:\Users\ultra\warewolf\Dev\Warewolf.AI.Harness\ChatbotApiService.cs(215,51): warning CS8602: Dereference of a possibly null reference. [C:\Users\ultra\warewolf\Dev\Warewolf.AI.Harness\Warewolf.AI.Harness.csproj]
C:\Users\ultra\warewolf\Dev\Warewolf.AI.Harness\ChatbotApiService.cs(218,25): warning CS8602: Dereference of a possibly null reference. [C:\Users\ultra\warewolf\Dev\Warewolf.AI.Harness\Warewolf.AI.Harness.csproj]
C:\Users\ultra\warewolf\Dev\Warewolf.AI.Harness\ChatbotApiService.cs(303,34): warning CS8600: Converting null literal or possible null value to non-nullable type. [C:\Users\ultra\warewolf\Dev\Warewolf.AI.Harness\Warewolf.AI.Harness.csproj]
C:\Users\ultra\warewolf\Dev\Warewolf.AI.Harness\ChatbotApiService.cs(312,51): warning CS8602: Dereference of a possibly null reference. [C:\Users\ultra\warewolf\Dev\Warewolf.AI.Harness\Warewolf.AI.Harness.csproj]
C:\Users\ultra\warewolf\Dev\Warewolf.AI.Harness\ChatbotApiService.cs(314,30): warning CS8602: Dereference of a possibly null reference. [C:\Users\ultra\warewolf\Dev\Warewolf.AI.Harness\Warewolf.AI.Harness.csproj]
C:\Users\ultra\warewolf\Dev\Warewolf.AI.Harness\ChatbotApiService.cs(477,32): warning CS8600: Converting null literal or possible null value to non-nullable type. [C:\Users\ultra\warewolf\Dev\Warewolf.AI.Harness\Warewolf.AI.Harness.csproj]
C:\Users\ultra\warewolf\Dev\Warewolf.AI.Harness\ChatbotApiService.cs(478,32): warning CS8600: Converting null literal or possible null value to non-nullable type. [C:\Users\ultra\warewolf\Dev\Warewolf.AI.Harness\Warewolf.AI.Harness.csproj]
C:\Users\ultra\warewolf\Dev\Warewolf.AI.Harness\ChatbotApiService.cs(481,73): warning CS8625: Cannot convert null literal to non-nullable reference type. [C:\Users\ultra\warewolf\Dev\Warewolf.AI.Harness\Warewolf.AI.Harness.csproj]
C:\Users\ultra\warewolf\Dev\Warewolf.AI.Harness\ChatbotApiService.cs(482,60): warning CS8604: Possible null reference argument for parameter 'authHeaderName' in 'HttpResponseMessage ChatbotApiService.PostWithAuth(string endpoint, object payload, string authHeaderName, string authHeaderValue, string additionalHeaders)'. [C:\Users\ultra\warewolf\Dev\Warewolf.AI.Harness\Warewolf.AI.Harness.csproj]
C:\Users\ultra\warewolf\Dev\Warewolf.AI.Harness\ChatbotApiService.cs(482,70): warning CS8604: Possible null reference argument for parameter 'authHeaderValue' in 'HttpResponseMessage ChatbotApiService.PostWithAuth(string endpoint, object payload, string authHeaderName, string authHeaderValue, string additionalHeaders)'. [C:\Users\ultra\warewolf\Dev\Warewolf.AI.Harness\Warewolf.AI.Harness.csproj]
C:\Users\ultra\warewolf\Dev\Warewolf.AI.Harness\ChatbotApiService.cs(482,81): warning CS8625: Cannot convert null literal to non-nullable reference type. [C:\Users\ultra\warewolf\Dev\Warewolf.AI.Harness\Warewolf.AI.Harness.csproj]
C:\Users\ultra\warewolf\Dev\Warewolf.AI.Harness\ChatbotApiService.cs(496,73): warning CS8625: Cannot convert null literal to non-nullable reference type. [C:\Users\ultra\warewolf\Dev\Warewolf.AI.Harness\Warewolf.AI.Harness.csproj]
C:\Users\ultra\warewolf\Dev\Warewolf.AI.Harness\ChatbotApiService.cs(497,81): warning CS8625: Cannot convert null literal to non-nullable reference type. [C:\Users\ultra\warewolf\Dev\Warewolf.AI.Harness\Warewolf.AI.Harness.csproj]
C:\Users\ultra\warewolf\Dev\Warewolf.AI.Harness\ChatbotApiService.cs(514,73): warning CS8625: Cannot convert null literal to non-nullable reference type. [C:\Users\ultra\warewolf\Dev\Warewolf.AI.Harness\Warewolf.AI.Harness.csproj]
C:\Users\ultra\warewolf\Dev\Warewolf.AI.Harness\ChatbotApiService.cs(515,114): warning CS8625: Cannot convert null literal to non-nullable reference type. [C:\Users\ultra\warewolf\Dev\Warewolf.AI.Harness\Warewolf.AI.Harness.csproj]
C:\Users\ultra\warewolf\Dev\Warewolf.AI.Harness\ChatbotApiService.cs(521,36): warning CS8600: Converting null literal or possible null value to non-nullable type. [C:\Users\ultra\warewolf\Dev\Warewolf.AI.Harness\Warewolf.AI.Harness.csproj]
C:\Users\ultra\warewolf\Dev\Warewolf.AI.Harness\ChatbotApiService.cs(538,82): warning CS8604: Possible null reference argument for parameter 'systemMessage' in 'Dictionary<string, object> ChatbotApiService.CreatePayload(string model, object messages, string systemMessage, bool useMaxCompletionTokens, bool includeTemperature)'. [C:\Users\ultra\warewolf\Dev\Warewolf.AI.Harness\Warewolf.AI.Harness.csproj]
C:\Users\ultra\warewolf\Dev\Warewolf.AI.Harness\ChatbotApiService.cs(545,35): warning CS8600: Converting null literal or possible null value to non-nullable type. [C:\Users\ultra\warewolf\Dev\Warewolf.AI.Harness\Warewolf.AI.Harness.csproj]
C:\Users\ultra\warewolf\Dev\Warewolf.AI.Harness\ChatbotApiService.cs(589,68): warning CS8625: Cannot convert null literal to non-nullable reference type. [C:\Users\ultra\warewolf\Dev\Warewolf.AI.Harness\Warewolf.AI.Harness.csproj]
C:\Users\ultra\warewolf\Dev\Warewolf.AI.Harness\ChatbotApiService.cs(589,74): warning CS8625: Cannot convert null literal to non-nullable reference type. [C:\Users\ultra\warewolf\Dev\Warewolf.AI.Harness\Warewolf.AI.Harness.csproj]
C:\Users\ultra\warewolf\Dev\Warewolf.AI.Harness\ChatbotApiService.cs(589,80): warning CS8625: Cannot convert null literal to non-nullable reference type. [C:\Users\ultra\warewolf\Dev\Warewolf.AI.Harness\Warewolf.AI.Harness.csproj]
  Warewolf.AI.Harness -> C:\Users\ultra\warewolf\Dev\Warewolf.AI.Harness\bin\Debug\net8.0\Warewolf.AI.Harness.dll
C:\Users\ultra\warewolf\Dev\Dev2.Infrastructure\PerformanceCounters\PerformanceCounterCategoryWrapper.cs(33,48): warning CA1416: This call site is reachable on all platforms. 'PerformanceCounterCategory.Exists(string)' is only supported on: 'windows'. (https://learn.microsoft.com/dotnet/fundamentals/code-analysis/quality-rules/ca1416) [C:\Users\ultra\warewolf\Dev\Dev2.Infrastructure\Dev2.Infrastructure.csproj]
C:\Users\ultra\warewolf\Dev\Dev2.Infrastructure\PerformanceCounters\PerformanceCounterCategoryWrapper.cs(38,29): warning CA1416: This call site is reachable on all platforms. 'PerformanceCounterCategory' is only supported on: 'windows'. (https://learn.microsoft.com/dotnet/fundamentals/code-analysis/quality-rules/ca1416) [C:\Users\ultra\warewolf\Dev\Dev2.Infrastructure\Dev2.Infrastructure.csproj]
C:\Users\ultra\warewolf\Dev\Dev2.Infrastructure\PerformanceCounters\PerformanceCounterCategoryWrapper.cs(12,51): warning CA1416: This call site is reachable on all platforms. 'PerformanceCounterCategory.CounterExists(string)' is only supported on: 'windows'. (https://learn.microsoft.com/dotnet/fundamentals/code-analysis/quality-rules/ca1416) [C:\Users\ultra\warewolf\Dev\Dev2.Infrastructure\Dev2.Infrastructure.csproj]
C:\Users\ultra\warewolf\Dev\Dev2.Infrastructure\PerformanceCounters\PerformanceCounterCategoryWrapper.cs(32,48): warning CA1416: This call site is reachable on all platforms. 'PerformanceCounterCategory.Delete(string)' is only supported on: 'windows'. (https://learn.microsoft.com/dotnet/fundamentals/code-analysis/quality-rules/ca1416) [C:\Users\ultra\warewolf\Dev\Dev2.Infrastructure\Dev2.Infrastructure.csproj]
C:\Users\ultra\warewolf\Dev\Dev2.Infrastructure\PerformanceCounters\PerformanceCounterCategoryWrapper.cs(14,49): warning CA1416: This call site is reachable on all platforms. 'CounterCreationDataCollection' is only supported on: 'windows'. (https://learn.microsoft.com/dotnet/fundamentals/code-analysis/quality-rules/ca1416) [C:\Users\ultra\warewolf\Dev\Dev2.Infrastructure\Dev2.Infrastructure.csproj]
C:\Users\ultra\warewolf\Dev\Dev2.Infrastructure\PerformanceCounters\PerformanceCounterCategoryWrapper.cs(29,71): warning CA1416: This call site is reachable on all platforms. 'PerformanceCounterCategoryType.MultiInstance' is only supported on: 'windows'. (https://learn.microsoft.com/dotnet/fundamentals/code-analysis/quality-rules/ca1416) [C:\Users\ultra\warewolf\Dev\Dev2.Infrastructure\Dev2.Infrastructure.csproj]
C:\Users\ultra\warewolf\Dev\Dev2.Infrastructure\PerformanceCounters\PerformanceCounterCategoryWrapper.cs(25,21): warning CA1416: This call site is reachable on all platforms. 'CounterCreationDataCollection.Add(CounterCreationData)' is only supported on: 'windows'. (https://learn.microsoft.com/dotnet/fundamentals/code-analysis/quality-rules/ca1416) [C:\Users\ultra\warewolf\Dev\Dev2.Infrastructure\Dev2.Infrastructure.csproj]
C:\Users\ultra\warewolf\Dev\Dev2.Infrastructure\PerformanceCounters\PerformanceCounterCategoryWrapper.cs(29,13): warning CA1416: This call site is reachable on all platforms. 'PerformanceCounterCategory.Create(string, string, PerformanceCounterCategoryType, CounterCreationDataCollection)' is only supported on: 'windows'. (https://learn.microsoft.com/dotnet/fundamentals/code-analysis/quality-rules/ca1416) [C:\Users\ultra\warewolf\Dev\Dev2.Infrastructure\Dev2.Infrastructure.csproj]
C:\Users\ultra\warewolf\Dev\Dev2.Infrastructure\PerformanceCounters\PerformanceCounterCategoryWrapper.cs(19,45): warning CA1416: This call site is reachable on all platforms. 'CounterCreationData' is only supported on: 'windows'. (https://learn.microsoft.com/dotnet/fundamentals/code-analysis/quality-rules/ca1416) [C:\Users\ultra\warewolf\Dev\Dev2.Infrastructure\Dev2.Infrastructure.csproj]
C:\Users\ultra\warewolf\Dev\Dev2.Infrastructure\PerformanceCounters\PerformanceCounterCategoryWrapper.cs(54,28): warning CA1416: This call site is reachable on all platforms. 'PerformanceCounterType.RateOfCountsPerSecond32' is only supported on: 'windows'. (https://learn.microsoft.com/dotnet/fundamentals/code-analysis/quality-rules/ca1416) [C:\Users\ultra\warewolf\Dev\Dev2.Infrastructure\Dev2.Infrastructure.csproj]
C:\Users\ultra\warewolf\Dev\Dev2.Infrastructure\PerformanceCounters\PerformanceCounterCategoryWrapper.cs(52,28): warning CA1416: This call site is reachable on all platforms. 'PerformanceCounterType.NumberOfItems32' is only supported on: 'windows'. (https://learn.microsoft.com/dotnet/fundamentals/code-analysis/quality-rules/ca1416) [C:\Users\ultra\warewolf\Dev\Dev2.Infrastructure\Dev2.Infrastructure.csproj]
C:\Users\ultra\warewolf\Dev\Dev2.Infrastructure\PerformanceCounters\PerformanceCounterCategoryWrapper.cs(50,28): warning CA1416: This call site is reachable on all platforms. 'PerformanceCounterType.AverageTimer32' is only supported on: 'windows'. (https://learn.microsoft.com/dotnet/fundamentals/code-analysis/quality-rules/ca1416) [C:\Users\ultra\warewolf\Dev\Dev2.Infrastructure\Dev2.Infrastructure.csproj]
C:\Users\ultra\warewolf\Dev\Dev2.Infrastructure\PerformanceCounters\PerformanceCounterCategoryWrapper.cs(48,28): warning CA1416: This call site is reachable on all platforms. 'PerformanceCounterType.AverageBase' is only supported on: 'windows'. (https://learn.microsoft.com/dotnet/fundamentals/code-analysis/quality-rules/ca1416) [C:\Users\ultra\warewolf\Dev\Dev2.Infrastructure\Dev2.Infrastructure.csproj]
C:\Users\ultra\warewolf\Dev\Dev2.Infrastructure\PerformanceCounters\Management\WarewolfPerformanceCounterManager.cs(22,140): warning CC0057: Parameter 'register' is not used. (https://code-cracker.github.io/diagnostics/CC0057.html) [C:\Users\ultra\warewolf\Dev\Dev2.Infrastructure\Dev2.Infrastructure.csproj]
C:\Users\ultra\warewolf\Dev\Dev2.Infrastructure\PerformanceCounters\Management\PerformanceCounterPersistence.cs(48,81): warning CC0057: Parameter 'resourcePerformanceCounters' is not used. (https://code-cracker.github.io/diagnostics/CC0057.html) [C:\Users\ultra\warewolf\Dev\Dev2.Infrastructure\Dev2.Infrastructure.csproj]
C:\Users\ultra\warewolf\Dev\Dev2.Infrastructure\PerformanceCounters\Management\WarewolfPerformanceCounterManager.cs(67,83): warning CC0057: Parameter 'name' is not used. (https://code-cracker.github.io/diagnostics/CC0057.html) [C:\Users\ultra\warewolf\Dev\Dev2.Infrastructure\Dev2.Infrastructure.csproj]
C:\Users\ultra\warewolf\Dev\Dev2.Infrastructure\Services\Security\MoqInstallerActions\InstallerActionsForDevelopment.cs(57,31): warning CA1416: This call site is reachable on all platforms. 'WindowsIdentity.GetCurrent(bool)' is only supported on: 'windows'. (https://learn.microsoft.com/dotnet/fundamentals/code-analysis/quality-rules/ca1416) [C:\Users\ultra\warewolf\Dev\Dev2.Infrastructure\Dev2.Infrastructure.csproj]
C:\Users\ultra\warewolf\Dev\Dev2.Infrastructure\Services\Security\MoqInstallerActions\InstallerActionsForDevelopment.cs(59,57): warning CA1416: This call site is reachable on all platforms. 'WindowsIdentity.Name' is only supported on: 'windows'. (https://learn.microsoft.com/dotnet/fundamentals/code-analysis/quality-rules/ca1416) [C:\Users\ultra\warewolf\Dev\Dev2.Infrastructure\Dev2.Infrastructure.csproj]
C:\Users\ultra\warewolf\Dev\Dev2.Infrastructure\Services\Security\SecuritySettings.cs(92,28): warning CC0022: HMACSHA256 should be disposed. (https://code-cracker.github.io/diagnostics/CC0022.html) [C:\Users\ultra\warewolf\Dev\Dev2.Infrastructure\Dev2.Infrastructure.csproj]
CSC : warning AD0001: Analyzer 'CodeCracker.CSharp.Design.UseInvokeMethodToFireEventAnalyzer' threw an exception of type 'System.ArgumentException' with message 'Syntax node is not within syntax tree'. [C:\Users\ultra\warewolf\Dev\Dev2.Infrastructure\Dev2.Infrastructure.csproj]
CSC : warning AD0001: Analyzer 'CodeCracker.CSharp.Design.UseInvokeMethodToFireEventAnalyzer' threw an exception of type 'System.ArgumentException' with message 'Syntax node is not within syntax tree'. [C:\Users\ultra\warewolf\Dev\Dev2.Infrastructure\Dev2.Infrastructure.csproj]
CSC : warning AD0001: Analyzer 'CodeCracker.CSharp.Design.UseInvokeMethodToFireEventAnalyzer' threw an exception of type 'System.ArgumentException' with message 'Syntax node is not within syntax tree'. [C:\Users\ultra\warewolf\Dev\Dev2.Infrastructure\Dev2.Infrastructure.csproj]
CSC : warning AD0001: Analyzer 'CodeCracker.CSharp.Design.UseInvokeMethodToFireEventAnalyzer' threw an exception of type 'System.ArgumentException' with message 'Syntax node is not within syntax tree'. [C:\Users\ultra\warewolf\Dev\Dev2.Infrastructure\Dev2.Infrastructure.csproj]
CSC : warning AD0001: Analyzer 'CodeCracker.CSharp.Design.UseInvokeMethodToFireEventAnalyzer' threw an exception of type 'System.ArgumentException' with message 'Syntax node is not within syntax tree'. [C:\Users\ultra\warewolf\Dev\Dev2.Infrastructure\Dev2.Infrastructure.csproj]
CSC : warning AD0001: Analyzer 'CodeCracker.CSharp.Design.UseInvokeMethodToFireEventAnalyzer' threw an exception of type 'System.ArgumentException' with message 'Syntax node is not within syntax tree'. [C:\Users\ultra\warewolf\Dev\Dev2.Infrastructure\Dev2.Infrastructure.csproj]
CSC : warning AD0001: Analyzer 'CodeCracker.CSharp.Design.UseInvokeMethodToFireEventAnalyzer' threw an exception of type 'System.ArgumentException' with message 'Syntax node is not within syntax tree'. [C:\Users\ultra\warewolf\Dev\Dev2.Infrastructure\Dev2.Infrastructure.csproj]
CSC : warning AD0001: Analyzer 'CodeCracker.CSharp.Design.UseInvokeMethodToFireEventAnalyzer' threw an exception of type 'System.ArgumentException' with message 'Syntax node is not within syntax tree'. [C:\Users\ultra\warewolf\Dev\Dev2.Infrastructure\Dev2.Infrastructure.csproj]
CSC : warning AD0001: Analyzer 'CodeCracker.CSharp.Design.UseInvokeMethodToFireEventAnalyzer' threw an exception of type 'System.ArgumentException' with message 'Syntax node is not within syntax tree'. [C:\Users\ultra\warewolf\Dev\Dev2.Infrastructure\Dev2.Infrastructure.csproj]
CSC : warning AD0001: Analyzer 'CodeCracker.CSharp.Design.UseInvokeMethodToFireEventAnalyzer' threw an exception of type 'System.ArgumentException' with message 'Syntax node is not within syntax tree'. [C:\Users\ultra\warewolf\Dev\Dev2.Infrastructure\Dev2.Infrastructure.csproj]
CSC : warning AD0001: Analyzer 'CodeCracker.CSharp.Design.UseInvokeMethodToFireEventAnalyzer' threw an exception of type 'System.ArgumentException' with message 'Syntax node is not within syntax tree'. [C:\Users\ultra\warewolf\Dev\Dev2.Infrastructure\Dev2.Infrastructure.csproj]
CSC : warning AD0001: Analyzer 'CodeCracker.CSharp.Design.UseInvokeMethodToFireEventAnalyzer' threw an exception of type 'System.ArgumentException' with message 'Syntax node is not within syntax tree'. [C:\Users\ultra\warewolf\Dev\Dev2.Infrastructure\Dev2.Infrastructure.csproj]
CSC : warning AD0001: Analyzer 'CodeCracker.CSharp.Design.UseInvokeMethodToFireEventAnalyzer' threw an exception of type 'System.ArgumentException' with message 'Syntax node is not within syntax tree'. [C:\Users\ultra\warewolf\Dev\Dev2.Infrastructure\Dev2.Infrastructure.csproj]
CSC : warning AD0001: Analyzer 'CodeCracker.CSharp.Design.UseInvokeMethodToFireEventAnalyzer' threw an exception of type 'System.ArgumentException' with message 'Syntax node is not within syntax tree'. [C:\Users\ultra\warewolf\Dev\Dev2.Infrastructure\Dev2.Infrastructure.csproj]
  Dev2.Infrastructure -> C:\Users\ultra\warewolf\Dev\Dev2.Infrastructure\bin\Debug\net8.0\Dev2.Infrastructure.dll
C:\Program Files\dotnet\sdk\10.0.201\Microsoft.CSharp.CurrentVersion.targets(130,9): warning MSB3884: Could not find rule set file "..\.sonarlint\warewolf_dotnet_frameworkcsharp.ruleset". [C:\Users\ultra\warewolf\Dev\Warewolf.Sharepoint\Warewolf.Sharepoint.csproj]
C:\Users\ultra\warewolf\Dev\Dev2.Services.Sql\ConnectionBuilder.cs(44,21): warning CC0029: 'ConnectionBuilder' should call GC.SuppressFinalize inside the Dispose method. (https://code-cracker.github.io/diagnostics/CC0029.html) [C:\Users\ultra\warewolf\Dev\Dev2.Services.Sql\Dev2.Services.Sql.csproj]
  Dev2.Services.Sql -> C:\Users\ultra\warewolf\Dev\Dev2.Services.Sql\bin\Debug\net8.0\Dev2.Services.Sql.dll
  Warewolf.Sharepoint -> C:\Users\ultra\warewolf\Dev\Warewolf.Sharepoint\bin\Debug\net8.0\Warewolf.Sharepoint.dll
C:\Users\ultra\warewolf\Dev\Dev2.SignalR.Wrappers.New\HubConnectionWrapper.cs(431,21): warning SYSLIB0006: 'Thread.Abort()' is obsolete: 'Thread.Abort is not supported and throws PlatformNotSupportedException.' (https://aka.ms/dotnet-warnings/SYSLIB0006) [C:\Users\ultra\warewolf\Dev\Dev2.SignalR.Wrappers.New\Dev2.SignalR.Wrappers.New.csproj]
C:\Users\ultra\warewolf\Dev\Dev2.SignalR.Wrappers.New\HubConnectionWrapper.cs(205,21): warning CC0029: 'HubConnectionWrapper' should call GC.SuppressFinalize inside the Dispose method. (https://code-cracker.github.io/diagnostics/CC0029.html) [C:\Users\ultra\warewolf\Dev\Dev2.SignalR.Wrappers.New\Dev2.SignalR.Wrappers.New.csproj]
C:\Users\ultra\warewolf\Dev\Dev2.SignalR.Wrappers.New\HubConnectionWrapper.cs(383,17): warning CC0105: Use 'var' instead of specifying the type name. (https://code-cracker.github.io/diagnostics/CC0105.html) [C:\Users\ultra\warewolf\Dev\Dev2.SignalR.Wrappers.New\Dev2.SignalR.Wrappers.New.csproj]
  Warewolf.Storage -> C:\Users\ultra\warewolf\Dev\Warewolf.Storage\bin\Debug\net8.0\Warewolf.Storage.dll
  Dev2.SignalR.Wrappers.New -> C:\Users\ultra\warewolf\Dev\Dev2.SignalR.Wrappers.New\bin\Debug\net8.0\Dev2.SignalR.Wrappers.New.dll
C:\Program Files\dotnet\sdk\10.0.201\Microsoft.Common.CurrentVersion.targets(2451,5): warning MSB3245: Could not resolve this reference. Could not locate the assembly "System.Web". Check to make sure the assembly exists on disk. If this reference is required by your code, you may get compilation errors. [C:\Users\ultra\warewolf\Dev\Dev2.Data\Dev2.Data.csproj]
C:\Program Files\dotnet\sdk\10.0.201\Microsoft.Common.CurrentVersion.targets(2451,5): warning MSB3245: Could not resolve this reference. Could not locate the assembly "System.Web.Extensions". Check to make sure the assembly exists on disk. If this reference is required by your code, you may get compilation errors. [C:\Users\ultra\warewolf\Dev\Dev2.Data\Dev2.Data.csproj]
C:\Program Files\dotnet\sdk\10.0.201\Microsoft.Common.CurrentVersion.targets(2451,5): warning MSB3245: Could not resolve this reference. Could not locate the assembly "System.Xml.Linq". Check to make sure the assembly exists on disk. If this reference is required by your code, you may get compilation errors. [C:\Users\ultra\warewolf\Dev\Dev2.Data\Dev2.Data.csproj]
C:\Program Files\dotnet\sdk\10.0.201\Microsoft.Common.CurrentVersion.targets(2451,5): warning MSB3245: Could not resolve this reference. Could not locate the assembly "System.Data.DataSetExtensions". Check to make sure the assembly exists on disk. If this reference is required by your code, you may get compilation errors. [C:\Users\ultra\warewolf\Dev\Dev2.Data\Dev2.Data.csproj]
C:\Program Files\dotnet\sdk\10.0.201\Microsoft.Common.CurrentVersion.targets(2451,5): warning MSB3245: Could not resolve this reference. Could not locate the assembly "Microsoft.CSharp". Check to make sure the assembly exists on disk. If this reference is required by your code, you may get compilation errors. [C:\Users\ultra\warewolf\Dev\Dev2.Data\Dev2.Data.csproj]
C:\Program Files\dotnet\sdk\10.0.201\Microsoft.Common.CurrentVersion.targets(2451,5): warning MSB3245: Could not resolve this reference. Could not locate the assembly "System.Data". Check to make sure the assembly exists on disk. If this reference is required by your code, you may get compilation errors. [C:\Users\ultra\warewolf\Dev\Dev2.Data\Dev2.Data.csproj]
C:\Program Files\dotnet\sdk\10.0.201\Microsoft.Common.CurrentVersion.targets(2451,5): warning MSB3245: Could not resolve this reference. Could not locate the assembly "System.Xml". Check to make sure the assembly exists on disk. If this reference is required by your code, you may get compilation errors. [C:\Users\ultra\warewolf\Dev\Dev2.Data\Dev2.Data.csproj]
C:\Program Files\dotnet\sdk\10.0.201\Microsoft.Common.CurrentVersion.targets(2451,5): warning MSB3243: No way to resolve conflict between "System.Web, Version=4.0.0.0, Culture=neutral, PublicKeyToken=b03f5f7f11d50a3a" and "System.Web". Choosing "System.Web, Version=4.0.0.0, Culture=neutral, PublicKeyToken=b03f5f7f11d50a3a" arbitrarily. [C:\Users\ultra\warewolf\Dev\Dev2.Data\Dev2.Data.csproj]
C:\Program Files\dotnet\sdk\10.0.201\Microsoft.Common.CurrentVersion.targets(2451,5): warning MSB3243: No way to resolve conflict between "System.Xml.Linq, Version=4.0.0.0, Culture=neutral, PublicKeyToken=b77a5c561934e089" and "System.Xml.Linq". Choosing "System.Xml.Linq, Version=4.0.0.0, Culture=neutral, PublicKeyToken=b77a5c561934e089" arbitrarily. [C:\Users\ultra\warewolf\Dev\Dev2.Data\Dev2.Data.csproj]
C:\Program Files\dotnet\sdk\10.0.201\Microsoft.Common.CurrentVersion.targets(2451,5): warning MSB3243: No way to resolve conflict between "System.Data.DataSetExtensions, Version=8.0.0.0, Culture=neutral, PublicKeyToken=b77a5c561934e089" and "System.Data.DataSetExtensions". Choosing "System.Data.DataSetExtensions, Version=8.0.0.0, Culture=neutral, PublicKeyToken=b77a5c561934e089" arbitrarily. [C:\Users\ultra\warewolf\Dev\Dev2.Data\Dev2.Data.csproj]
C:\Program Files\dotnet\sdk\10.0.201\Microsoft.Common.CurrentVersion.targets(2451,5): warning MSB3243: No way to resolve conflict between "Microsoft.CSharp, Version=8.0.0.0, Culture=neutral, PublicKeyToken=b03f5f7f11d50a3a" and "Microsoft.CSharp". Choosing "Microsoft.CSharp, Version=8.0.0.0, Culture=neutral, PublicKeyToken=b03f5f7f11d50a3a" arbitrarily. [C:\Users\ultra\warewolf\Dev\Dev2.Data\Dev2.Data.csproj]
C:\Program Files\dotnet\sdk\10.0.201\Microsoft.Common.CurrentVersion.targets(2451,5): warning MSB3243: No way to resolve conflict between "System.Data, Version=4.0.0.0, Culture=neutral, PublicKeyToken=b77a5c561934e089" and "System.Data". Choosing "System.Data, Version=4.0.0.0, Culture=neutral, PublicKeyToken=b77a5c561934e089" arbitrarily. [C:\Users\ultra\warewolf\Dev\Dev2.Data\Dev2.Data.csproj]
C:\Program Files\dotnet\sdk\10.0.201\Microsoft.Common.CurrentVersion.targets(2451,5): warning MSB3243: No way to resolve conflict between "System.Xml, Version=4.0.0.0, Culture=neutral, PublicKeyToken=b77a5c561934e089" and "System.Xml". Choosing "System.Xml, Version=4.0.0.0, Culture=neutral, PublicKeyToken=b77a5c561934e089" arbitrarily. [C:\Users\ultra\warewolf\Dev\Dev2.Data\Dev2.Data.csproj]
CSC : warning CS2002: Source file 'C:\Users\ultra\warewolf\Dev\Dev2.Data\MathOperations\NCalc\NCalcExpressionBuilder.cs' specified multiple times [C:\Users\ultra\warewolf\Dev\Dev2.Data\Dev2.Data.csproj]
CSC : warning CS2002: Source file 'C:\Users\ultra\warewolf\Dev\Dev2.Data\MathOperations\NCalc\NCalcFunctionArgHelper.cs' specified multiple times [C:\Users\ultra\warewolf\Dev\Dev2.Data\Dev2.Data.csproj]
CSC : warning CS2002: Source file 'C:\Users\ultra\warewolf\Dev\Dev2.Data\MathOperations\NCalc\Functions\BaseConversionFunctions.cs' specified multiple times [C:\Users\ultra\warewolf\Dev\Dev2.Data\Dev2.Data.csproj]
CSC : warning CS2002: Source file 'C:\Users\ultra\warewolf\Dev\Dev2.Data\MathOperations\NCalc\Functions\ComplexFunctions.cs' specified multiple times [C:\Users\ultra\warewolf\Dev\Dev2.Data\Dev2.Data.csproj]
CSC : warning CS2002: Source file 'C:\Users\ultra\warewolf\Dev\Dev2.Data\MathOperations\NCalc\Functions\DateTimeFunctions.cs' specified multiple times [C:\Users\ultra\warewolf\Dev\Dev2.Data\Dev2.Data.csproj]
CSC : warning CS2002: Source file 'C:\Users\ultra\warewolf\Dev\Dev2.Data\MathOperations\NCalc\Functions\FinancialFunctions.cs' specified multiple times [C:\Users\ultra\warewolf\Dev\Dev2.Data\Dev2.Data.csproj]
CSC : warning CS2002: Source file 'C:\Users\ultra\warewolf\Dev\Dev2.Data\MathOperations\NCalc\Functions\InformationFunctions.cs' specified multiple times [C:\Users\ultra\warewolf\Dev\Dev2.Data\Dev2.Data.csproj]
CSC : warning CS2002: Source file 'C:\Users\ultra\warewolf\Dev\Dev2.Data\MathOperations\NCalc\Functions\MathFunctions.cs' specified multiple times [C:\Users\ultra\warewolf\Dev\Dev2.Data\Dev2.Data.csproj]
CSC : warning CS2002: Source file 'C:\Users\ultra\warewolf\Dev\Dev2.Data\MathOperations\NCalc\Functions\StringFunctions.cs' specified multiple times [C:\Users\ultra\warewolf\Dev\Dev2.Data\Dev2.Data.csproj]
C:\Users\ultra\warewolf\Dev\Dev2.Data\MathOperations\NCalc\NCalcFunctionArgHelper.cs(51,47): warning CS8632: The annotation for nullable reference types should only be used in code within a '#nullable' annotations context. [C:\Users\ultra\warewolf\Dev\Dev2.Data\Dev2.Data.csproj]
C:\Users\ultra\warewolf\Dev\Dev2.Data\MathOperations\NCalc\Functions\MathFunctions.cs(22,30): warning CS8632: The annotation for nullable reference types should only be used in code within a '#nullable' annotations context. [C:\Users\ultra\warewolf\Dev\Dev2.Data\Dev2.Data.csproj]
C:\Users\ultra\warewolf\Dev\Dev2.Data\MathOperations\NCalc\Functions\StringFunctions.cs(94,59): warning CS8632: The annotation for nullable reference types should only be used in code within a '#nullable' annotations context. [C:\Users\ultra\warewolf\Dev\Dev2.Data\Dev2.Data.csproj]
C:\Users\ultra\warewolf\Dev\Dev2.Data\NativeMethods.cs(66,59): warning CS0472: The result of the expression is always 'false' since a value of type 'nint' is never equal to 'null' of type 'nint?' [C:\Users\ultra\warewolf\Dev\Dev2.Data\Dev2.Data.csproj]
C:\Users\ultra\warewolf\Dev\Dev2.Data\NativeMethods.cs(88,8): warning CS0472: The result of the expression is always 'false' since a value of type 'nint' is never equal to 'null' of type 'nint?' [C:\Users\ultra\warewolf\Dev\Dev2.Data\Dev2.Data.csproj]
C:\Users\ultra\warewolf\Dev\Dev2.Data\Security\WindowsIdentityExtensions.cs(41,24): warning CA1416: This call site is reachable on all platforms. 'WindowsIdentity.RunImpersonated<T>(SafeAccessTokenHandle, Func<T>)' is only supported on: 'windows'. (https://learn.microsoft.com/dotnet/fundamentals/code-analysis/quality-rules/ca1416) [C:\Users\ultra\warewolf\Dev\Dev2.Data\Dev2.Data.csproj]
C:\Users\ultra\warewolf\Dev\Dev2.Data\Security\WindowsIdentityExtensions.cs(28,49): warning CA1416: This call site is reachable on all platforms. 'WindowsIdentity.AccessToken' is only supported on: 'windows'. (https://learn.microsoft.com/dotnet/fundamentals/code-analysis/quality-rules/ca1416) [C:\Users\ultra\warewolf\Dev\Dev2.Data\Dev2.Data.csproj]
C:\Users\ultra\warewolf\Dev\Dev2.Data\Security\WindowsIdentityExtensions.cs(41,59): warning CA1416: This call site is reachable on all platforms. 'WindowsIdentity.AccessToken' is only supported on: 'windows'. (https://learn.microsoft.com/dotnet/fundamentals/code-analysis/quality-rules/ca1416) [C:\Users\ultra\warewolf\Dev\Dev2.Data\Dev2.Data.csproj]
C:\Users\ultra\warewolf\Dev\Dev2.Data\Security\WindowsIdentityExtensions.cs(28,17): warning CA1416: This call site is reachable on all platforms. 'WindowsIdentity.RunImpersonated(SafeAccessTokenHandle, Action)' is only supported on: 'windows'. (https://learn.microsoft.com/dotnet/fundamentals/code-analysis/quality-rules/ca1416) [C:\Users\ultra\warewolf\Dev\Dev2.Data\Dev2.Data.csproj]
C:\Users\ultra\warewolf\Dev\Dev2.Data\PathOperations\ValidateAuthorization.cs(73,33): warning CA1416: This call site is reachable on all platforms. 'WindowsIdentity' is only supported on: 'windows'. (https://learn.microsoft.com/dotnet/fundamentals/code-analysis/quality-rules/ca1416) [C:\Users\ultra\warewolf\Dev\Dev2.Data\Dev2.Data.csproj]
  Dev2.Data -> C:\Users\ultra\warewolf\Dev\Dev2.Data\bin\Debug\net8.0\Dev2.Data.dll
  Warewolf.Driver.Serilog -> C:\Users\ultra\warewolf\Dev\Warewolf.Driver.Serilog\bin\Debug\net8.0\Warewolf.Driver.Serilog.dll
  Dev2.Scheduler -> C:\Users\ultra\warewolf\Dev\Dev2.Scheduler\bin\Debug\net8.0\Dev2.Scheduler.dll
  Dev2.Core -> C:\Users\ultra\warewolf\Dev\Dev2.Core\bin\Debug\net8.0\Dev2.Core.dll
  Warewolf.Exchange.Email.Wrapper -> C:\Users\ultra\warewolf\Dev\Warewolf.Exchange.Email.Wrapper\bin\Debug\net8.0\Warewolf.Exchange.Email.Wrapper.dll
  Warewolf.ResourceManagement -> C:\Users\ultra\warewolf\Dev\Warewolf.ResourceManagement\bin\Debug\net8.0\Warewolf.ResourceManagement.dll
C:\Users\ultra\warewolf\Dev\Warewolf.Auditing\Audit.cs(189,26): warning CS8073: The result of the expression is always 'false' since a value of type 'DateTime' is never equal to 'null' of type 'DateTime?' [C:\Users\ultra\warewolf\Dev\Warewolf.Auditing\Warewolf.Auditing.csproj]
C:\Users\ultra\warewolf\Dev\Warewolf.Auditing\Drivers\AuditQueryableElastic.cs(360,33): warning CS0618: 'ElasticsearchClient.Search<TDocument>(SearchRequestDescriptor<TDocument>)' is obsolete: 'Synchronous methods are deprecated and could be removed in the future.' [C:\Users\ultra\warewolf\Dev\Warewolf.Auditing\Warewolf.Auditing.csproj]
C:\Users\ultra\warewolf\Dev\Warewolf.Auditing\Drivers\AuditQueryableElastic.cs(384,26): warning CS0618: 'ElasticsearchClient.Ping()' is obsolete: 'Synchronous methods are deprecated and could be removed in the future.' [C:\Users\ultra\warewolf\Dev\Warewolf.Auditing\Warewolf.Auditing.csproj]
  Warewolf.Auditing -> C:\Users\ultra\warewolf\Dev\Warewolf.Auditing\bin\Debug\net8.0\Warewolf.Auditing.dll
C:\Users\ultra\warewolf\Dev\Warewolf.Core\InputsFromJson.cs(99,21): warning CC0105: Use 'var' instead of specifying the type name. (https://code-cracker.github.io/diagnostics/CC0105.html) [C:\Users\ultra\warewolf\Dev\Warewolf.Core\Warewolf.Core.csproj]
  Warewolf.Core -> C:\Users\ultra\warewolf\Dev\Warewolf.Core\bin\Debug\net8.0\Warewolf.Core.dll
C:\Users\ultra\warewolf\Dev\Warewolf.Common.NetStandard20\Wrappers\WebClientWrapper.cs(26,26): warning SYSLIB0014: 'WebClient.WebClient()' is obsolete: 'WebRequest, HttpWebRequest, ServicePoint, and WebClient are obsolete. Use HttpClient instead.' (https://aka.ms/dotnet-warnings/SYSLIB0014) [C:\Users\ultra\warewolf\Dev\Warewolf.Common.NetStandard20\Warewolf.Common.NetStandard20.csproj]
C:\Users\ultra\warewolf\Dev\Warewolf.Common.NetStandard20\Wrappers\WebRequestWrapper.cs(26,24): warning SYSLIB0014: 'WebRequest.Create(string)' is obsolete: 'WebRequest, HttpWebRequest, ServicePoint, and WebClient are obsolete. Use HttpClient instead.' (https://aka.ms/dotnet-warnings/SYSLIB0014) [C:\Users\ultra\warewolf\Dev\Warewolf.Common.NetStandard20\Warewolf.Common.NetStandard20.csproj]
C:\Users\ultra\warewolf\Dev\Warewolf.Common.NetStandard20\Wrappers\WebClientWrapper.cs(31,26): warning SYSLIB0014: 'WebClient.WebClient()' is obsolete: 'WebRequest, HttpWebRequest, ServicePoint, and WebClient are obsolete. Use HttpClient instead.' (https://aka.ms/dotnet-warnings/SYSLIB0014) [C:\Users\ultra\warewolf\Dev\Warewolf.Common.NetStandard20\Warewolf.Common.NetStandard20.csproj]
  Warewolf.Common.NetStandard20 -> C:\Users\ultra\warewolf\Dev\Warewolf.Common.NetStandard20\bin\Debug\net8.0\Warewolf.Common.NetStandard20.dll
C:\Users\ultra\warewolf\Dev\Dev2.Runtime.Services\ServiceModel\ElasticsearchSources.cs(110,34): warning CS0618: 'ElasticsearchClient.Ping()' is obsolete: 'Synchronous methods are deprecated and could be removed in the future.' [C:\Users\ultra\warewolf\Dev\Dev2.Runtime.Services\Dev2.Runtime.Services.csproj]
C:\Users\ultra\warewolf\Dev\Dev2.Runtime.Services\ESB\Management\Services\FetchTestsAndTriggers.cs(45,17): warning CC0105: Use 'var' instead of specifying the type name. (https://code-cracker.github.io/diagnostics/CC0105.html) [C:\Users\ultra\warewolf\Dev\Dev2.Runtime.Services\Dev2.Runtime.Services.csproj]
C:\Users\ultra\warewolf\Dev\Dev2.Runtime.Services\UsageLogger.cs(66,33): warning CC0022: ManagementObjectSearcher should be disposed. (https://code-cracker.github.io/diagnostics/CC0022.html) [C:\Users\ultra\warewolf\Dev\Dev2.Runtime.Services\Dev2.Runtime.Services.csproj]
C:\Users\ultra\warewolf\Dev\Dev2.Runtime.Services\ServiceModel\WebSources.cs(532,7): warning CC0004: Empty Catch Block. (https://code-cracker.github.io/diagnostics/CC0004.html) [C:\Users\ultra\warewolf\Dev\Dev2.Runtime.Services\Dev2.Runtime.Services.csproj]
C:\Users\ultra\warewolf\Dev\Dev2.Runtime.Services\ServiceModel\WebSources.cs(751,38): warning CC0022: StringContent should be disposed. (https://code-cracker.github.io/diagnostics/CC0022.html) [C:\Users\ultra\warewolf\Dev\Dev2.Runtime.Services\Dev2.Runtime.Services.csproj]
C:\Users\ultra\warewolf\Dev\Dev2.Runtime.Services\ESB\Management\Services\TestChatbotSource.cs(44,17): warning CC0105: Use 'var' instead of specifying the type name. (https://code-cracker.github.io/diagnostics/CC0105.html) [C:\Users\ultra\warewolf\Dev\Dev2.Runtime.Services\Dev2.Runtime.Services.csproj]
C:\Users\ultra\warewolf\Dev\Dev2.Runtime.Services\ESB\Management\Services\TestChatbotSource.cs(45,17): warning CC0105: Use 'var' instead of specifying the type name. (https://code-cracker.github.io/diagnostics/CC0105.html) [C:\Users\ultra\warewolf\Dev\Dev2.Runtime.Services\Dev2.Runtime.Services.csproj]
C:\Users\ultra\warewolf\Dev\Dev2.Runtime.Services\ESB\Management\Services\ChatbotToolNormalizer.cs(80,17): warning CC0003: Consider adding an Exception to the catch. (https://code-cracker.github.io/diagnostics/CC0003.html) [C:\Users\ultra\warewolf\Dev\Dev2.Runtime.Services\Dev2.Runtime.Services.csproj]
C:\Users\ultra\warewolf\Dev\Dev2.Runtime.Services\ESB\Management\Services\ChatbotToolNormalizer.cs(101,21): warning CC0004: Empty Catch Block. (https://code-cracker.github.io/diagnostics/CC0004.html) [C:\Users\ultra\warewolf\Dev\Dev2.Runtime.Services\Dev2.Runtime.Services.csproj]
C:\Users\ultra\warewolf\Dev\Dev2.Runtime.Services\ESB\Management\Services\ChatbotToolNormalizer.cs(226,21): warning CC0105: Use 'var' instead of specifying the type name. (https://code-cracker.github.io/diagnostics/CC0105.html) [C:\Users\ultra\warewolf\Dev\Dev2.Runtime.Services\Dev2.Runtime.Services.csproj]
C:\Users\ultra\warewolf\Dev\Dev2.Runtime.Services\ESB\Management\Services\ChatbotToolNormalizer.cs(279,21): warning CC0105: Use 'var' instead of specifying the type name. (https://code-cracker.github.io/diagnostics/CC0105.html) [C:\Users\ultra\warewolf\Dev\Dev2.Runtime.Services\Dev2.Runtime.Services.csproj]
  Dev2.Runtime.Services -> C:\Users\ultra\warewolf\Dev\Dev2.Runtime.Services\bin\Debug\net8.0\Dev2.Runtime.Services.dll
C:\Users\ultra\warewolf\Dev\Warewolf.Driver.Persistence\Drivers\HangfireScheduler.cs(320,17): warning CA2200: Re-throwing caught exception changes stack information (https://learn.microsoft.com/dotnet/fundamentals/code-analysis/quality-rules/ca2200) [C:\Users\ultra\warewolf\Dev\Warewolf.Driver.Persistence\Warewolf.Driver.Persistence.csproj]
C:\Users\ultra\warewolf\Dev\Warewolf.Driver.Persistence\Drivers\HangfireScheduler.cs(376,17): warning CA2200: Re-throwing caught exception changes stack information (https://learn.microsoft.com/dotnet/fundamentals/code-analysis/quality-rules/ca2200) [C:\Users\ultra\warewolf\Dev\Warewolf.Driver.Persistence\Warewolf.Driver.Persistence.csproj]
C:\Users\ultra\warewolf\Dev\Warewolf.Driver.Persistence\Drivers\HangfireScheduler.cs(397,17): warning CA2200: Re-throwing caught exception changes stack information (https://learn.microsoft.com/dotnet/fundamentals/code-analysis/quality-rules/ca2200) [C:\Users\ultra\warewolf\Dev\Warewolf.Driver.Persistence\Warewolf.Driver.Persistence.csproj]
  Dev2.Studio.Interfaces -> C:\Users\ultra\warewolf\Dev\Dev2.Studio.Interfaces\bin\Debug\net8.0\Dev2.Studio.Interfaces.dll
C:\Program Files\dotnet\sdk\10.0.201\Microsoft.Common.CurrentVersion.targets(2451,5): warning MSB3277: Found conflicts between different versions of "Microsoft.Win32.SystemEvents" that could not be resolved. [C:\Users\ultra\warewolf\Dev\Warewolf.Studio.Core\Warewolf.Studio.Core.csproj]
C:\Program Files\dotnet\sdk\10.0.201\Microsoft.Common.CurrentVersion.targets(2451,5): warning MSB3277: There was a conflict between "Microsoft.Win32.SystemEvents, Version=6.0.0.0, Culture=neutral, PublicKeyToken=cc7b13ffcd2ddd51" and "Microsoft.Win32.SystemEvents, Version=7.0.0.0, Culture=neutral, PublicKeyToken=cc7b13ffcd2ddd51". [C:\Users\ultra\warewolf\Dev\Warewolf.Studio.Core\Warewolf.Studio.Core.csproj]
C:\Program Files\dotnet\sdk\10.0.201\Microsoft.Common.CurrentVersion.targets(2451,5): warning MSB3277:     "Microsoft.Win32.SystemEvents, Version=6.0.0.0, Culture=neutral, PublicKeyToken=cc7b13ffcd2ddd51" was chosen because it was primary and "Microsoft.Win32.SystemEvents, Version=7.0.0.0, Culture=neutral, PublicKeyToken=cc7b13ffcd2ddd51" was not. [C:\Users\ultra\warewolf\Dev\Warewolf.Studio.Core\Warewolf.Studio.Core.csproj]
C:\Program Files\dotnet\sdk\10.0.201\Microsoft.Common.CurrentVersion.targets(2451,5): warning MSB3277:     References which depend on "Microsoft.Win32.SystemEvents, Version=6.0.0.0, Culture=neutral, PublicKeyToken=cc7b13ffcd2ddd51" [C:\Users\ultra\.nuget\packages\microsoft.win32.systemevents\6.0.0\lib\net6.0\Microsoft.Win32.SystemEvents.dll]. [C:\Users\ultra\warewolf\Dev\Warewolf.Studio.Core\Warewolf.Studio.Core.csproj]
C:\Program Files\dotnet\sdk\10.0.201\Microsoft.Common.CurrentVersion.targets(2451,5): warning MSB3277:         C:\Users\ultra\.nuget\packages\microsoft.win32.systemevents\6.0.0\lib\net6.0\Microsoft.Win32.SystemEvents.dll [C:\Users\ultra\warewolf\Dev\Warewolf.Studio.Core\Warewolf.Studio.Core.csproj]
C:\Program Files\dotnet\sdk\10.0.201\Microsoft.Common.CurrentVersion.targets(2451,5): warning MSB3277:           Project file item includes which caused reference "C:\Users\ultra\.nuget\packages\microsoft.win32.systemevents\6.0.0\lib\net6.0\Microsoft.Win32.SystemEvents.dll". [C:\Users\ultra\warewolf\Dev\Warewolf.Studio.Core\Warewolf.Studio.Core.csproj]
C:\Program Files\dotnet\sdk\10.0.201\Microsoft.Common.CurrentVersion.targets(2451,5): warning MSB3277:             C:\Users\ultra\.nuget\packages\microsoft.win32.systemevents\6.0.0\lib\net6.0\Microsoft.Win32.SystemEvents.dll [C:\Users\ultra\warewolf\Dev\Warewolf.Studio.Core\Warewolf.Studio.Core.csproj]
C:\Program Files\dotnet\sdk\10.0.201\Microsoft.Common.CurrentVersion.targets(2451,5): warning MSB3277:     References which depend on or have been unified to "Microsoft.Win32.SystemEvents, Version=7.0.0.0, Culture=neutral, PublicKeyToken=cc7b13ffcd2ddd51" []. [C:\Users\ultra\warewolf\Dev\Warewolf.Studio.Core\Warewolf.Studio.Core.csproj]
C:\Program Files\dotnet\sdk\10.0.201\Microsoft.Common.CurrentVersion.targets(2451,5): warning MSB3277:         C:\Users\ultra\warewolf\Dev\Dev2.Common\bin\Debug\net8.0\Dev2.Common.dll [C:\Users\ultra\warewolf\Dev\Warewolf.Studio.Core\Warewolf.Studio.Core.csproj]
C:\Program Files\dotnet\sdk\10.0.201\Microsoft.Common.CurrentVersion.targets(2451,5): warning MSB3277:           Project file item includes which caused reference "C:\Users\ultra\warewolf\Dev\Dev2.Common\bin\Debug\net8.0\Dev2.Common.dll". [C:\Users\ultra\warewolf\Dev\Warewolf.Studio.Core\Warewolf.Studio.Core.csproj]
C:\Program Files\dotnet\sdk\10.0.201\Microsoft.Common.CurrentVersion.targets(2451,5): warning MSB3277:             C:\Users\ultra\warewolf\Dev\Dev2.Common\bin\Debug\net8.0\Dev2.Common.dll [C:\Users\ultra\warewolf\Dev\Warewolf.Studio.Core\Warewolf.Studio.Core.csproj]
C:\Program Files\dotnet\sdk\10.0.201\Microsoft.Common.CurrentVersion.targets(2451,5): warning MSB3277:             C:\Users\ultra\warewolf\Dev\Dev2.Core\bin\Debug\net8.0\Dev2.Core.dll [C:\Users\ultra\warewolf\Dev\Warewolf.Studio.Core\Warewolf.Studio.Core.csproj]
C:\Program Files\dotnet\sdk\10.0.201\Microsoft.Common.CurrentVersion.targets(2451,5): warning MSB3277:             C:\Users\ultra\warewolf\Dev\Dev2.Infrastructure\bin\Debug\net8.0\Dev2.Infrastructure.dll [C:\Users\ultra\warewolf\Dev\Warewolf.Studio.Core\Warewolf.Studio.Core.csproj]
C:\Program Files\dotnet\sdk\10.0.201\Microsoft.Common.CurrentVersion.targets(2451,5): warning MSB3277:             C:\Users\ultra\warewolf\Dev\Dev2.Studio.Interfaces\bin\Debug\net8.0\Dev2.Studio.Interfaces.dll [C:\Users\ultra\warewolf\Dev\Warewolf.Studio.Core\Warewolf.Studio.Core.csproj]
C:\Program Files\dotnet\sdk\10.0.201\Microsoft.Common.CurrentVersion.targets(2451,5): warning MSB3277:             C:\Users\ultra\warewolf\Dev\Dev2.Data\bin\Debug\net8.0\Dev2.Data.dll [C:\Users\ultra\warewolf\Dev\Warewolf.Studio.Core\Warewolf.Studio.Core.csproj]
C:\Program Files\dotnet\sdk\10.0.201\Microsoft.Common.CurrentVersion.targets(2451,5): warning MSB3277:             C:\Users\ultra\warewolf\Dev\Dev2.Diagnostics\bin\Debug\net8.0\Dev2.Diagnostics.dll [C:\Users\ultra\warewolf\Dev\Warewolf.Studio.Core\Warewolf.Studio.Core.csproj]
C:\Program Files\dotnet\sdk\10.0.201\Microsoft.Common.CurrentVersion.targets(2451,5): warning MSB3277:             C:\Users\ultra\warewolf\Dev\Dev2.Runtime.Services\bin\Debug\net8.0\Dev2.Runtime.Services.dll [C:\Users\ultra\warewolf\Dev\Warewolf.Studio.Core\Warewolf.Studio.Core.csproj]
C:\Program Files\dotnet\sdk\10.0.201\Microsoft.Common.CurrentVersion.targets(2451,5): warning MSB3277:             C:\Users\ultra\warewolf\Dev\Dev2.Scheduler\bin\Debug\net8.0\Dev2.Scheduler.dll [C:\Users\ultra\warewolf\Dev\Warewolf.Studio.Core\Warewolf.Studio.Core.csproj]
C:\Program Files\dotnet\sdk\10.0.201\Microsoft.Common.CurrentVersion.targets(2451,5): warning MSB3277:             C:\Users\ultra\warewolf\Dev\Dev2.Services.Sql\bin\Debug\net8.0\Dev2.Services.Sql.dll [C:\Users\ultra\warewolf\Dev\Warewolf.Studio.Core\Warewolf.Studio.Core.csproj]
C:\Program Files\dotnet\sdk\10.0.201\Microsoft.Common.CurrentVersion.targets(2451,5): warning MSB3277:             C:\Users\ultra\warewolf\Dev\Dev2.TaskScheduler.Wrappers\bin\Debug\net8.0\Dev2.TaskScheduler.Wrappers.dll [C:\Users\ultra\warewolf\Dev\Warewolf.Studio.Core\Warewolf.Studio.Core.csproj]
C:\Program Files\dotnet\sdk\10.0.201\Microsoft.Common.CurrentVersion.targets(2451,5): warning MSB3277:             C:\Users\ultra\warewolf\Dev\Dev2.Util\bin\Debug\net8.0\Dev2.Util.dll [C:\Users\ultra\warewolf\Dev\Warewolf.Studio.Core\Warewolf.Studio.Core.csproj]
C:\Program Files\dotnet\sdk\10.0.201\Microsoft.Common.CurrentVersion.targets(2451,5): warning MSB3277:             C:\Users\ultra\warewolf\Dev\Warewolf.AI.Harness\bin\Debug\net8.0\Warewolf.AI.Harness.dll [C:\Users\ultra\warewolf\Dev\Warewolf.Studio.Core\Warewolf.Studio.Core.csproj]
C:\Program Files\dotnet\sdk\10.0.201\Microsoft.Common.CurrentVersion.targets(2451,5): warning MSB3277:             C:\Users\ultra\warewolf\Dev\Warewolf.Auditing\bin\Debug\net8.0\Warewolf.Auditing.dll [C:\Users\ultra\warewolf\Dev\Warewolf.Studio.Core\Warewolf.Studio.Core.csproj]
C:\Program Files\dotnet\sdk\10.0.201\Microsoft.Common.CurrentVersion.targets(2451,5): warning MSB3277:             C:\Users\ultra\warewolf\Dev\Warewolf.Common.NetStandard20\bin\Debug\net8.0\Warewolf.Common.NetStandard20.dll [C:\Users\ultra\warewolf\Dev\Warewolf.Studio.Core\Warewolf.Studio.Core.csproj]
C:\Program Files\dotnet\sdk\10.0.201\Microsoft.Common.CurrentVersion.targets(2451,5): warning MSB3277:             C:\Users\ultra\warewolf\Dev\Warewolf.Core\bin\Debug\net8.0\Warewolf.Core.dll [C:\Users\ultra\warewolf\Dev\Warewolf.Studio.Core\Warewolf.Studio.Core.csproj]
C:\Program Files\dotnet\sdk\10.0.201\Microsoft.Common.CurrentVersion.targets(2451,5): warning MSB3277:             C:\Users\ultra\warewolf\Dev\Warewolf.Driver.Serilog\bin\Debug\net8.0\Warewolf.Driver.Serilog.dll [C:\Users\ultra\warewolf\Dev\Warewolf.Studio.Core\Warewolf.Studio.Core.csproj]
C:\Program Files\dotnet\sdk\10.0.201\Microsoft.Common.CurrentVersion.targets(2451,5): warning MSB3277:             C:\Users\ultra\warewolf\Dev\Warewolf.ResourceManagement\bin\Debug\net8.0\Warewolf.ResourceManagement.dll [C:\Users\ultra\warewolf\Dev\Warewolf.Studio.Core\Warewolf.Studio.Core.csproj]
C:\Program Files\dotnet\sdk\10.0.201\Microsoft.Common.CurrentVersion.targets(2451,5): warning MSB3277:             C:\Users\ultra\warewolf\Dev\Warewolf.Sharepoint\bin\Debug\net8.0\Warewolf.Sharepoint.dll [C:\Users\ultra\warewolf\Dev\Warewolf.Studio.Core\Warewolf.Studio.Core.csproj]
C:\Program Files\dotnet\sdk\10.0.201\Microsoft.Common.CurrentVersion.targets(2451,5): warning MSB3277:             C:\Users\ultra\warewolf\Dev\Warewolf.Storage\bin\Debug\net8.0\Warewolf.Storage.dll [C:\Users\ultra\warewolf\Dev\Warewolf.Studio.Core\Warewolf.Studio.Core.csproj]
C:\Program Files\dotnet\sdk\10.0.201\Microsoft.Common.CurrentVersion.targets(2451,5): warning MSB3277:         C:\Users\ultra\warewolf\Dev\Binaries\Infragistcs_Net6\InfragisticsWPF4.v15.1.dll [C:\Users\ultra\warewolf\Dev\Warewolf.Studio.Core\Warewolf.Studio.Core.csproj]
C:\Program Files\dotnet\sdk\10.0.201\Microsoft.Common.CurrentVersion.targets(2451,5): warning MSB3277:           Project file item includes which caused reference "C:\Users\ultra\warewolf\Dev\Binaries\Infragistcs_Net6\InfragisticsWPF4.v15.1.dll". [C:\Users\ultra\warewolf\Dev\Warewolf.Studio.Core\Warewolf.Studio.Core.csproj]
C:\Program Files\dotnet\sdk\10.0.201\Microsoft.Common.CurrentVersion.targets(2451,5): warning MSB3277:             InfragisticsWPF4.v15.1, Version=15.1.20151.2055, Culture=neutral, PublicKeyToken=7dd5c3163f2cd0cb, processorArchitecture=MSIL [C:\Users\ultra\warewolf\Dev\Warewolf.Studio.Core\Warewolf.Studio.Core.csproj]
C:\Program Files\dotnet\sdk\10.0.201\Microsoft.Common.CurrentVersion.targets(2451,5): warning MSB3277:             InfragisticsWPF4.Controls.Menus.XamDataTree.v15.1, Version=15.1.20151.2055, Culture=neutral, PublicKeyToken=7dd5c3163f2cd0cb, processorArchitecture=MSIL [C:\Users\ultra\warewolf\Dev\Warewolf.Studio.Core\Warewolf.Studio.Core.csproj]
C:\Program Files\dotnet\sdk\10.0.201\Microsoft.Common.CurrentVersion.targets(2451,5): warning MSB3277:             InfragisticsWPF4.DataManager.v15.1, Version=15.1.20151.2055, Culture=neutral, PublicKeyToken=7dd5c3163f2cd0cb, processorArchitecture=MSIL [C:\Users\ultra\warewolf\Dev\Warewolf.Studio.Core\Warewolf.Studio.Core.csproj]
C:\Program Files\dotnet\sdk\10.0.201\Microsoft.Common.CurrentVersion.targets(2451,5): warning MSB3277:             InfragisticsWPF4.DockManager.v15.1, Version=15.1.20151.2055, Culture=neutral, PublicKeyToken=7dd5c3163f2cd0cb, processorArchitecture=MSIL [C:\Users\ultra\warewolf\Dev\Warewolf.Studio.Core\Warewolf.Studio.Core.csproj]
C:\Program Files\dotnet\sdk\10.0.201\Microsoft.Common.CurrentVersion.targets(2451,5): warning MSB3277:         C:\Users\ultra\.nuget\packages\timespan2\2.4.2\lib\netcoreapp3.1\TimeSpan2.dll [C:\Users\ultra\warewolf\Dev\Warewolf.Studio.Core\Warewolf.Studio.Core.csproj]
C:\Program Files\dotnet\sdk\10.0.201\Microsoft.Common.CurrentVersion.targets(2451,5): warning MSB3277:           Project file item includes which caused reference "C:\Users\ultra\.nuget\packages\timespan2\2.4.2\lib\netcoreapp3.1\TimeSpan2.dll". [C:\Users\ultra\warewolf\Dev\Warewolf.Studio.Core\Warewolf.Studio.Core.csproj]
C:\Program Files\dotnet\sdk\10.0.201\Microsoft.Common.CurrentVersion.targets(2451,5): warning MSB3277:             C:\Users\ultra\.nuget\packages\timespan2\2.4.2\lib\netcoreapp3.1\TimeSpan2.dll [C:\Users\ultra\warewolf\Dev\Warewolf.Studio.Core\Warewolf.Studio.Core.csproj]
C:\Program Files\dotnet\sdk\10.0.201\Microsoft.Common.CurrentVersion.targets(2451,5): warning MSB3277:             C:\Users\ultra\.nuget\packages\taskschedulereditor\2.10.1\lib\net452\Microsoft.Win32.TaskSchedulerEditor.dll [C:\Users\ultra\warewolf\Dev\Warewolf.Studio.Core\Warewolf.Studio.Core.csproj]
C:\Program Files\dotnet\sdk\10.0.201\Microsoft.Common.CurrentVersion.targets(2451,5): warning MSB3277:         C:\Program Files\dotnet\packs\Microsoft.NETCore.App.Ref\8.0.25\ref\net8.0\System.dll [C:\Users\ultra\warewolf\Dev\Warewolf.Studio.Core\Warewolf.Studio.Core.csproj]
C:\Program Files\dotnet\sdk\10.0.201\Microsoft.Common.CurrentVersion.targets(2451,5): warning MSB3277:           Project file item includes which caused reference "C:\Program Files\dotnet\packs\Microsoft.NETCore.App.Ref\8.0.25\ref\net8.0\System.dll". [C:\Users\ultra\warewolf\Dev\Warewolf.Studio.Core\Warewolf.Studio.Core.csproj]
C:\Program Files\dotnet\sdk\10.0.201\Microsoft.Common.CurrentVersion.targets(2451,5): warning MSB3277:             C:\Program Files\dotnet\packs\Microsoft.NETCore.App.Ref\8.0.25\ref/net8.0/System.dll [C:\Users\ultra\warewolf\Dev\Warewolf.Studio.Core\Warewolf.Studio.Core.csproj]
C:\Program Files\dotnet\sdk\10.0.201\Microsoft.Common.CurrentVersion.targets(2451,5): warning MSB3277:             C:\Users\ultra\.nuget\packages\aerowizard\2.3.1\lib\net45\AeroWizard.dll [C:\Users\ultra\warewolf\Dev\Warewolf.Studio.Core\Warewolf.Studio.Core.csproj]
C:\Program Files\dotnet\sdk\10.0.201\Microsoft.Common.CurrentVersion.targets(2451,5): warning MSB3277:             C:\Users\ultra\.nuget\packages\groupcontrols\1.9.0\lib\net45\GroupControls.dll [C:\Users\ultra\warewolf\Dev\Warewolf.Studio.Core\Warewolf.Studio.Core.csproj]
C:\Program Files\dotnet\sdk\10.0.201\Microsoft.Common.CurrentVersion.targets(2451,5): warning MSB3277:             C:\Users\ultra\.nuget\packages\microsoft.xaml.behaviors.wpf\1.1.122\lib\net462\Microsoft.Xaml.Behaviors.dll [C:\Users\ultra\warewolf\Dev\Warewolf.Studio.Core\Warewolf.Studio.Core.csproj]
C:\Program Files\dotnet\sdk\10.0.201\Microsoft.Common.CurrentVersion.targets(2451,5): warning MSB3277:             C:\Users\ultra\.nuget\packages\caliburn.micro\4.0.212\lib\netcoreapp3.1\Caliburn.Micro.Platform.dll [C:\Users\ultra\warewolf\Dev\Warewolf.Studio.Core\Warewolf.Studio.Core.csproj]
C:\Program Files\dotnet\sdk\10.0.201\Microsoft.Common.CurrentVersion.targets(2451,5): warning MSB3277:             C:\Users\ultra\.nuget\packages\prism.wpf\9.0.537\lib\net462\Prism.Wpf.dll [C:\Users\ultra\warewolf\Dev\Warewolf.Studio.Core\Warewolf.Studio.Core.csproj]
C:\Program Files\dotnet\sdk\10.0.201\Microsoft.Common.CurrentVersion.targets(2451,5): warning MSB3277:             C:\Users\ultra\.nuget\packages\reactiveui.wpf\18.4.1\lib\net462\ReactiveUI.Wpf.dll [C:\Users\ultra\warewolf\Dev\Warewolf.Studio.Core\Warewolf.Studio.Core.csproj]
C:\Program Files\dotnet\sdk\10.0.201\Microsoft.Common.CurrentVersion.targets(2451,5): warning MSB3277:             C:\Users\ultra\.nuget\packages\taskschedulereditor\2.10.1\lib\net452\Microsoft.Win32.TaskSchedulerEditor.dll [C:\Users\ultra\warewolf\Dev\Warewolf.Studio.Core\Warewolf.Studio.Core.csproj]
C:\Program Files\dotnet\sdk\10.0.201\Microsoft.Common.CurrentVersion.targets(2451,5): warning MSB3277:             C:\Users\ultra\.nuget\packages\ttcue.netcore.sharepointonline.csom.16.1.8029.1200\16.1.8029.1200\lib\netcoreapp2.0\Microsoft.SharePoint.Client.Runtime.Windows.dll [C:\Users\ultra\warewolf\Dev\Warewolf.Studio.Core\Warewolf.Studio.Core.csproj]
C:\Program Files\dotnet\sdk\10.0.201\Microsoft.Common.CurrentVersion.targets(2451,5): warning MSB3277: Found conflicts between different versions of "System.Security.Permissions" that could not be resolved. [C:\Users\ultra\warewolf\Dev\Warewolf.Studio.Core\Warewolf.Studio.Core.csproj]
C:\Program Files\dotnet\sdk\10.0.201\Microsoft.Common.CurrentVersion.targets(2451,5): warning MSB3277: There was a conflict between "System.Security.Permissions, Version=6.0.0.0, Culture=neutral, PublicKeyToken=cc7b13ffcd2ddd51" and "System.Security.Permissions, Version=7.0.0.0, Culture=neutral, PublicKeyToken=cc7b13ffcd2ddd51". [C:\Users\ultra\warewolf\Dev\Warewolf.Studio.Core\Warewolf.Studio.Core.csproj]
C:\Program Files\dotnet\sdk\10.0.201\Microsoft.Common.CurrentVersion.targets(2451,5): warning MSB3277:     "System.Security.Permissions, Version=6.0.0.0, Culture=neutral, PublicKeyToken=cc7b13ffcd2ddd51" was chosen because it was primary and "System.Security.Permissions, Version=7.0.0.0, Culture=neutral, PublicKeyToken=cc7b13ffcd2ddd51" was not. [C:\Users\ultra\warewolf\Dev\Warewolf.Studio.Core\Warewolf.Studio.Core.csproj]
C:\Program Files\dotnet\sdk\10.0.201\Microsoft.Common.CurrentVersion.targets(2451,5): warning MSB3277:     References which depend on "System.Security.Permissions, Version=6.0.0.0, Culture=neutral, PublicKeyToken=cc7b13ffcd2ddd51" [C:\Users\ultra\.nuget\packages\system.security.permissions\6.0.0\lib\net6.0\System.Security.Permissions.dll]. [C:\Users\ultra\warewolf\Dev\Warewolf.Studio.Core\Warewolf.Studio.Core.csproj]
C:\Program Files\dotnet\sdk\10.0.201\Microsoft.Common.CurrentVersion.targets(2451,5): warning MSB3277:         C:\Users\ultra\.nuget\packages\system.security.permissions\6.0.0\lib\net6.0\System.Security.Permissions.dll [C:\Users\ultra\warewolf\Dev\Warewolf.Studio.Core\Warewolf.Studio.Core.csproj]
C:\Program Files\dotnet\sdk\10.0.201\Microsoft.Common.CurrentVersion.targets(2451,5): warning MSB3277:           Project file item includes which caused reference "C:\Users\ultra\.nuget\packages\system.security.permissions\6.0.0\lib\net6.0\System.Security.Permissions.dll". [C:\Users\ultra\warewolf\Dev\Warewolf.Studio.Core\Warewolf.Studio.Core.csproj]
C:\Program Files\dotnet\sdk\10.0.201\Microsoft.Common.CurrentVersion.targets(2451,5): warning MSB3277:             C:\Users\ultra\.nuget\packages\system.security.permissions\6.0.0\lib\net6.0\System.Security.Permissions.dll [C:\Users\ultra\warewolf\Dev\Warewolf.Studio.Core\Warewolf.Studio.Core.csproj]
C:\Program Files\dotnet\sdk\10.0.201\Microsoft.Common.CurrentVersion.targets(2451,5): warning MSB3277:     References which depend on or have been unified to "System.Security.Permissions, Version=7.0.0.0, Culture=neutral, PublicKeyToken=cc7b13ffcd2ddd51" []. [C:\Users\ultra\warewolf\Dev\Warewolf.Studio.Core\Warewolf.Studio.Core.csproj]
C:\Program Files\dotnet\sdk\10.0.201\Microsoft.Common.CurrentVersion.targets(2451,5): warning MSB3277:         C:\Users\ultra\warewolf\Dev\Dev2.Data\bin\Debug\net8.0\Dev2.Data.dll [C:\Users\ultra\warewolf\Dev\Warewolf.Studio.Core\Warewolf.Studio.Core.csproj]
C:\Program Files\dotnet\sdk\10.0.201\Microsoft.Common.CurrentVersion.targets(2451,5): warning MSB3277:           Project file item includes which caused reference "C:\Users\ultra\warewolf\Dev\Dev2.Data\bin\Debug\net8.0\Dev2.Data.dll". [C:\Users\ultra\warewolf\Dev\Warewolf.Studio.Core\Warewolf.Studio.Core.csproj]
C:\Program Files\dotnet\sdk\10.0.201\Microsoft.Common.CurrentVersion.targets(2451,5): warning MSB3277:             C:\Users\ultra\warewolf\Dev\Dev2.Data\bin\Debug\net8.0\Dev2.Data.dll [C:\Users\ultra\warewolf\Dev\Warewolf.Studio.Core\Warewolf.Studio.Core.csproj]
C:\Program Files\dotnet\sdk\10.0.201\Microsoft.Common.CurrentVersion.targets(2451,5): warning MSB3277:             C:\Users\ultra\warewolf\Dev\Dev2.Core\bin\Debug\net8.0\Dev2.Core.dll [C:\Users\ultra\warewolf\Dev\Warewolf.Studio.Core\Warewolf.Studio.Core.csproj]
C:\Program Files\dotnet\sdk\10.0.201\Microsoft.Common.CurrentVersion.targets(2451,5): warning MSB3277:             C:\Users\ultra\warewolf\Dev\Dev2.Studio.Interfaces\bin\Debug\net8.0\Dev2.Studio.Interfaces.dll [C:\Users\ultra\warewolf\Dev\Warewolf.Studio.Core\Warewolf.Studio.Core.csproj]
C:\Program Files\dotnet\sdk\10.0.201\Microsoft.Common.CurrentVersion.targets(2451,5): warning MSB3277:             C:\Users\ultra\warewolf\Dev\Dev2.Runtime.Services\bin\Debug\net8.0\Dev2.Runtime.Services.dll [C:\Users\ultra\warewolf\Dev\Warewolf.Studio.Core\Warewolf.Studio.Core.csproj]
C:\Program Files\dotnet\sdk\10.0.201\Microsoft.Common.CurrentVersion.targets(2451,5): warning MSB3277:             C:\Users\ultra\warewolf\Dev\Dev2.Scheduler\bin\Debug\net8.0\Dev2.Scheduler.dll [C:\Users\ultra\warewolf\Dev\Warewolf.Studio.Core\Warewolf.Studio.Core.csproj]
C:\Program Files\dotnet\sdk\10.0.201\Microsoft.Common.CurrentVersion.targets(2451,5): warning MSB3277:             C:\Users\ultra\warewolf\Dev\Warewolf.Auditing\bin\Debug\net8.0\Warewolf.Auditing.dll [C:\Users\ultra\warewolf\Dev\Warewolf.Studio.Core\Warewolf.Studio.Core.csproj]
C:\Program Files\dotnet\sdk\10.0.201\Microsoft.Common.CurrentVersion.targets(2451,5): warning MSB3277:             C:\Users\ultra\warewolf\Dev\Warewolf.Common.NetStandard20\bin\Debug\net8.0\Warewolf.Common.NetStandard20.dll [C:\Users\ultra\warewolf\Dev\Warewolf.Studio.Core\Warewolf.Studio.Core.csproj]
C:\Program Files\dotnet\sdk\10.0.201\Microsoft.Common.CurrentVersion.targets(2451,5): warning MSB3277:             C:\Users\ultra\warewolf\Dev\Warewolf.Core\bin\Debug\net8.0\Warewolf.Core.dll [C:\Users\ultra\warewolf\Dev\Warewolf.Studio.Core\Warewolf.Studio.Core.csproj]
C:\Program Files\dotnet\sdk\10.0.201\Microsoft.Common.CurrentVersion.targets(2451,5): warning MSB3277:             C:\Users\ultra\warewolf\Dev\Warewolf.ResourceManagement\bin\Debug\net8.0\Warewolf.ResourceManagement.dll [C:\Users\ultra\warewolf\Dev\Warewolf.Studio.Core\Warewolf.Studio.Core.csproj]
C:\Program Files\dotnet\sdk\10.0.201\Microsoft.Common.CurrentVersion.targets(2451,5): warning MSB3277:         C:\Users\ultra\warewolf\Dev\Binaries\Infragistcs_Net6\InfragisticsWPF4.DockManager.v15.1.dll [C:\Users\ultra\warewolf\Dev\Warewolf.Studio.Core\Warewolf.Studio.Core.csproj]
C:\Program Files\dotnet\sdk\10.0.201\Microsoft.Common.CurrentVersion.targets(2451,5): warning MSB3277:           Project file item includes which caused reference "C:\Users\ultra\warewolf\Dev\Binaries\Infragistcs_Net6\InfragisticsWPF4.DockManager.v15.1.dll". [C:\Users\ultra\warewolf\Dev\Warewolf.Studio.Core\Warewolf.Studio.Core.csproj]
C:\Program Files\dotnet\sdk\10.0.201\Microsoft.Common.CurrentVersion.targets(2451,5): warning MSB3277:             InfragisticsWPF4.DockManager.v15.1, Version=15.1.20151.2055, Culture=neutral, PublicKeyToken=7dd5c3163f2cd0cb, processorArchitecture=MSIL [C:\Users\ultra\warewolf\Dev\Warewolf.Studio.Core\Warewolf.Studio.Core.csproj]
C:\Program Files\dotnet\sdk\10.0.201\Microsoft.Common.CurrentVersion.targets(2451,5): warning MSB3277:         C:\Users\ultra\warewolf\Dev\Binaries\Infragistcs_Net6\InfragisticsWPF4.v15.1.dll [C:\Users\ultra\warewolf\Dev\Warewolf.Studio.Core\Warewolf.Studio.Core.csproj]
C:\Program Files\dotnet\sdk\10.0.201\Microsoft.Common.CurrentVersion.targets(2451,5): warning MSB3277:           Project file item includes which caused reference "C:\Users\ultra\warewolf\Dev\Binaries\Infragistcs_Net6\InfragisticsWPF4.v15.1.dll". [C:\Users\ultra\warewolf\Dev\Warewolf.Studio.Core\Warewolf.Studio.Core.csproj]
C:\Program Files\dotnet\sdk\10.0.201\Microsoft.Common.CurrentVersion.targets(2451,5): warning MSB3277:             InfragisticsWPF4.v15.1, Version=15.1.20151.2055, Culture=neutral, PublicKeyToken=7dd5c3163f2cd0cb, processorArchitecture=MSIL [C:\Users\ultra\warewolf\Dev\Warewolf.Studio.Core\Warewolf.Studio.Core.csproj]
C:\Program Files\dotnet\sdk\10.0.201\Microsoft.Common.CurrentVersion.targets(2451,5): warning MSB3277:             InfragisticsWPF4.Controls.Menus.XamDataTree.v15.1, Version=15.1.20151.2055, Culture=neutral, PublicKeyToken=7dd5c3163f2cd0cb, processorArchitecture=MSIL [C:\Users\ultra\warewolf\Dev\Warewolf.Studio.Core\Warewolf.Studio.Core.csproj]
C:\Program Files\dotnet\sdk\10.0.201\Microsoft.Common.CurrentVersion.targets(2451,5): warning MSB3277:             InfragisticsWPF4.DataManager.v15.1, Version=15.1.20151.2055, Culture=neutral, PublicKeyToken=7dd5c3163f2cd0cb, processorArchitecture=MSIL [C:\Users\ultra\warewolf\Dev\Warewolf.Studio.Core\Warewolf.Studio.Core.csproj]
C:\Program Files\dotnet\sdk\10.0.201\Microsoft.Common.CurrentVersion.targets(2451,5): warning MSB3277:             InfragisticsWPF4.DockManager.v15.1, Version=15.1.20151.2055, Culture=neutral, PublicKeyToken=7dd5c3163f2cd0cb, processorArchitecture=MSIL [C:\Users\ultra\warewolf\Dev\Warewolf.Studio.Core\Warewolf.Studio.Core.csproj]
C:\Program Files\dotnet\sdk\10.0.201\Microsoft.Common.CurrentVersion.targets(2451,5): warning MSB3277:         C:\Users\ultra\.nuget\packages\dotnetzip\1.16.0\lib\netstandard2.0\DotNetZip.dll [C:\Users\ultra\warewolf\Dev\Warewolf.Studio.Core\Warewolf.Studio.Core.csproj]
C:\Program Files\dotnet\sdk\10.0.201\Microsoft.Common.CurrentVersion.targets(2451,5): warning MSB3277:           Project file item includes which caused reference "C:\Users\ultra\.nuget\packages\dotnetzip\1.16.0\lib\netstandard2.0\DotNetZip.dll". [C:\Users\ultra\warewolf\Dev\Warewolf.Studio.Core\Warewolf.Studio.Core.csproj]
C:\Program Files\dotnet\sdk\10.0.201\Microsoft.Common.CurrentVersion.targets(2451,5): warning MSB3277:             C:\Users\ultra\.nuget\packages\dotnetzip\1.16.0\lib\netstandard2.0\DotNetZip.dll [C:\Users\ultra\warewolf\Dev\Warewolf.Studio.Core\Warewolf.Studio.Core.csproj]
C:\Program Files\dotnet\sdk\10.0.201\Microsoft.Common.CurrentVersion.targets(2451,5): warning MSB3277:             C:\Users\ultra\warewolf\Dev\Dev2.Common\bin\Debug\net8.0\Dev2.Common.dll [C:\Users\ultra\warewolf\Dev\Warewolf.Studio.Core\Warewolf.Studio.Core.csproj]
C:\Program Files\dotnet\sdk\10.0.201\Microsoft.Common.CurrentVersion.targets(2451,5): warning MSB3277:             C:\Users\ultra\warewolf\Dev\Dev2.Core\bin\Debug\net8.0\Dev2.Core.dll [C:\Users\ultra\warewolf\Dev\Warewolf.Studio.Core\Warewolf.Studio.Core.csproj]
C:\Program Files\dotnet\sdk\10.0.201\Microsoft.Common.CurrentVersion.targets(2451,5): warning MSB3277:             C:\Users\ultra\warewolf\Dev\Dev2.Infrastructure\bin\Debug\net8.0\Dev2.Infrastructure.dll [C:\Users\ultra\warewolf\Dev\Warewolf.Studio.Core\Warewolf.Studio.Core.csproj]
C:\Program Files\dotnet\sdk\10.0.201\Microsoft.Common.CurrentVersion.targets(2451,5): warning MSB3277:             C:\Users\ultra\warewolf\Dev\Dev2.Studio.Interfaces\bin\Debug\net8.0\Dev2.Studio.Interfaces.dll [C:\Users\ultra\warewolf\Dev\Warewolf.Studio.Core\Warewolf.Studio.Core.csproj]
C:\Program Files\dotnet\sdk\10.0.201\Microsoft.Common.CurrentVersion.targets(2451,5): warning MSB3277:             C:\Users\ultra\warewolf\Dev\Dev2.Data\bin\Debug\net8.0\Dev2.Data.dll [C:\Users\ultra\warewolf\Dev\Warewolf.Studio.Core\Warewolf.Studio.Core.csproj]
C:\Program Files\dotnet\sdk\10.0.201\Microsoft.Common.CurrentVersion.targets(2451,5): warning MSB3277:             C:\Users\ultra\warewolf\Dev\Dev2.Data.Interfaces\bin\Debug\net8.0\Dev2.Data.Interfaces.dll [C:\Users\ultra\warewolf\Dev\Warewolf.Studio.Core\Warewolf.Studio.Core.csproj]
C:\Program Files\dotnet\sdk\10.0.201\Microsoft.Common.CurrentVersion.targets(2451,5): warning MSB3277:             C:\Users\ultra\warewolf\Dev\Dev2.Diagnostics\bin\Debug\net8.0\Dev2.Diagnostics.dll [C:\Users\ultra\warewolf\Dev\Warewolf.Studio.Core\Warewolf.Studio.Core.csproj]
C:\Program Files\dotnet\sdk\10.0.201\Microsoft.Common.CurrentVersion.targets(2451,5): warning MSB3277:             C:\Users\ultra\warewolf\Dev\Dev2.Runtime.Services\bin\Debug\net8.0\Dev2.Runtime.Services.dll [C:\Users\ultra\warewolf\Dev\Warewolf.Studio.Core\Warewolf.Studio.Core.csproj]
C:\Program Files\dotnet\sdk\10.0.201\Microsoft.Common.CurrentVersion.targets(2451,5): warning MSB3277:             C:\Users\ultra\warewolf\Dev\Dev2.Scheduler\bin\Debug\net8.0\Dev2.Scheduler.dll [C:\Users\ultra\warewolf\Dev\Warewolf.Studio.Core\Warewolf.Studio.Core.csproj]
C:\Program Files\dotnet\sdk\10.0.201\Microsoft.Common.CurrentVersion.targets(2451,5): warning MSB3277:             C:\Users\ultra\warewolf\Dev\Dev2.Services.Sql\bin\Debug\net8.0\Dev2.Services.Sql.dll [C:\Users\ultra\warewolf\Dev\Warewolf.Studio.Core\Warewolf.Studio.Core.csproj]
C:\Program Files\dotnet\sdk\10.0.201\Microsoft.Common.CurrentVersion.targets(2451,5): warning MSB3277:             C:\Users\ultra\warewolf\Dev\Dev2.TaskScheduler.Wrappers\bin\Debug\net8.0\Dev2.TaskScheduler.Wrappers.dll [C:\Users\ultra\warewolf\Dev\Warewolf.Studio.Core\Warewolf.Studio.Core.csproj]
C:\Program Files\dotnet\sdk\10.0.201\Microsoft.Common.CurrentVersion.targets(2451,5): warning MSB3277:             C:\Users\ultra\warewolf\Dev\Dev2.Util\bin\Debug\net8.0\Dev2.Util.dll [C:\Users\ultra\warewolf\Dev\Warewolf.Studio.Core\Warewolf.Studio.Core.csproj]
C:\Program Files\dotnet\sdk\10.0.201\Microsoft.Common.CurrentVersion.targets(2451,5): warning MSB3277:             C:\Users\ultra\warewolf\Dev\Warewolf.AI.Harness\bin\Debug\net8.0\Warewolf.AI.Harness.dll [C:\Users\ultra\warewolf\Dev\Warewolf.Studio.Core\Warewolf.Studio.Core.csproj]
C:\Program Files\dotnet\sdk\10.0.201\Microsoft.Common.CurrentVersion.targets(2451,5): warning MSB3277:             C:\Users\ultra\warewolf\Dev\Warewolf.Auditing\bin\Debug\net8.0\Warewolf.Auditing.dll [C:\Users\ultra\warewolf\Dev\Warewolf.Studio.Core\Warewolf.Studio.Core.csproj]
C:\Program Files\dotnet\sdk\10.0.201\Microsoft.Common.CurrentVersion.targets(2451,5): warning MSB3277:             C:\Users\ultra\warewolf\Dev\Warewolf.Common.NetStandard20\bin\Debug\net8.0\Warewolf.Common.NetStandard20.dll [C:\Users\ultra\warewolf\Dev\Warewolf.Studio.Core\Warewolf.Studio.Core.csproj]
C:\Program Files\dotnet\sdk\10.0.201\Microsoft.Common.CurrentVersion.targets(2451,5): warning MSB3277:             C:\Users\ultra\warewolf\Dev\Warewolf.Core\bin\Debug\net8.0\Warewolf.Core.dll [C:\Users\ultra\warewolf\Dev\Warewolf.Studio.Core\Warewolf.Studio.Core.csproj]
C:\Program Files\dotnet\sdk\10.0.201\Microsoft.Common.CurrentVersion.targets(2451,5): warning MSB3277:             C:\Users\ultra\warewolf\Dev\Warewolf.Driver.Serilog\bin\Debug\net8.0\Warewolf.Driver.Serilog.dll [C:\Users\ultra\warewolf\Dev\Warewolf.Studio.Core\Warewolf.Studio.Core.csproj]
C:\Program Files\dotnet\sdk\10.0.201\Microsoft.Common.CurrentVersion.targets(2451,5): warning MSB3277:             C:\Users\ultra\warewolf\Dev\Warewolf.ResourceManagement\bin\Debug\net8.0\Warewolf.ResourceManagement.dll [C:\Users\ultra\warewolf\Dev\Warewolf.Studio.Core\Warewolf.Studio.Core.csproj]
C:\Program Files\dotnet\sdk\10.0.201\Microsoft.Common.CurrentVersion.targets(2451,5): warning MSB3277:             C:\Users\ultra\warewolf\Dev\Warewolf.Sharepoint\bin\Debug\net8.0\Warewolf.Sharepoint.dll [C:\Users\ultra\warewolf\Dev\Warewolf.Studio.Core\Warewolf.Studio.Core.csproj]
C:\Program Files\dotnet\sdk\10.0.201\Microsoft.Common.CurrentVersion.targets(2451,5): warning MSB3277:             C:\Users\ultra\warewolf\Dev\Warewolf.Storage\bin\Debug\net8.0\Warewolf.Storage.dll [C:\Users\ultra\warewolf\Dev\Warewolf.Studio.Core\Warewolf.Studio.Core.csproj]
C:\Program Files\dotnet\sdk\10.0.201\Microsoft.Common.CurrentVersion.targets(2451,5): warning MSB3277:         C:\Users\ultra\.nuget\packages\mindbox.data.linq\5.0.0\lib\netstandard2.0\Mindbox.Data.Linq.dll [C:\Users\ultra\warewolf\Dev\Warewolf.Studio.Core\Warewolf.Studio.Core.csproj]
C:\Program Files\dotnet\sdk\10.0.201\Microsoft.Common.CurrentVersion.targets(2451,5): warning MSB3277:           Project file item includes which caused reference "C:\Users\ultra\.nuget\packages\mindbox.data.linq\5.0.0\lib\netstandard2.0\Mindbox.Data.Linq.dll". [C:\Users\ultra\warewolf\Dev\Warewolf.Studio.Core\Warewolf.Studio.Core.csproj]
C:\Program Files\dotnet\sdk\10.0.201\Microsoft.Common.CurrentVersion.targets(2451,5): warning MSB3277:             C:\Users\ultra\.nuget\packages\mindbox.data.linq\5.0.0\lib\netstandard2.0\Mindbox.Data.Linq.dll [C:\Users\ultra\warewolf\Dev\Warewolf.Studio.Core\Warewolf.Studio.Core.csproj]
C:\Program Files\dotnet\sdk\10.0.201\Microsoft.Common.CurrentVersion.targets(2451,5): warning MSB3277:             C:\Users\ultra\warewolf\Dev\Warewolf.Auditing\bin\Debug\net8.0\Warewolf.Auditing.dll [C:\Users\ultra\warewolf\Dev\Warewolf.Studio.Core\Warewolf.Studio.Core.csproj]
C:\Program Files\dotnet\sdk\10.0.201\Microsoft.Common.CurrentVersion.targets(2451,5): warning MSB3277:             C:\Users\ultra\warewolf\Dev\Dev2.Runtime.Services\bin\Debug\net8.0\Dev2.Runtime.Services.dll [C:\Users\ultra\warewolf\Dev\Warewolf.Studio.Core\Warewolf.Studio.Core.csproj]
C:\Program Files\dotnet\sdk\10.0.201\Microsoft.Common.CurrentVersion.targets(2451,5): warning MSB3277:             C:\Users\ultra\warewolf\Dev\Dev2.Studio.Interfaces\bin\Debug\net8.0\Dev2.Studio.Interfaces.dll [C:\Users\ultra\warewolf\Dev\Warewolf.Studio.Core\Warewolf.Studio.Core.csproj]
C:\Program Files\dotnet\sdk\10.0.201\Microsoft.Common.CurrentVersion.targets(2451,5): warning MSB3277:             C:\Users\ultra\warewolf\Dev\Warewolf.Common.NetStandard20\bin\Debug\net8.0\Warewolf.Common.NetStandard20.dll [C:\Users\ultra\warewolf\Dev\Warewolf.Studio.Core\Warewolf.Studio.Core.csproj]
C:\Program Files\dotnet\sdk\10.0.201\Microsoft.Common.CurrentVersion.targets(2451,5): warning MSB3277:         C:\Users\ultra\.nuget\packages\mysql.data\8.4.0\lib\net8.0\MySql.Data.dll [C:\Users\ultra\warewolf\Dev\Warewolf.Studio.Core\Warewolf.Studio.Core.csproj]
C:\Program Files\dotnet\sdk\10.0.201\Microsoft.Common.CurrentVersion.targets(2451,5): warning MSB3277:           Project file item includes which caused reference "C:\Users\ultra\.nuget\packages\mysql.data\8.4.0\lib\net8.0\MySql.Data.dll". [C:\Users\ultra\warewolf\Dev\Warewolf.Studio.Core\Warewolf.Studio.Core.csproj]
C:\Program Files\dotnet\sdk\10.0.201\Microsoft.Common.CurrentVersion.targets(2451,5): warning MSB3277:             C:\Users\ultra\.nuget\packages\mysql.data\8.4.0\lib\net8.0\MySql.Data.dll [C:\Users\ultra\warewolf\Dev\Warewolf.Studio.Core\Warewolf.Studio.Core.csproj]
C:\Program Files\dotnet\sdk\10.0.201\Microsoft.Common.CurrentVersion.targets(2451,5): warning MSB3277:             C:\Users\ultra\warewolf\Dev\Dev2.Runtime.Services\bin\Debug\net8.0\Dev2.Runtime.Services.dll [C:\Users\ultra\warewolf\Dev\Warewolf.Studio.Core\Warewolf.Studio.Core.csproj]
C:\Program Files\dotnet\sdk\10.0.201\Microsoft.Common.CurrentVersion.targets(2451,5): warning MSB3277:             C:\Users\ultra\warewolf\Dev\Dev2.Studio.Interfaces\bin\Debug\net8.0\Dev2.Studio.Interfaces.dll [C:\Users\ultra\warewolf\Dev\Warewolf.Studio.Core\Warewolf.Studio.Core.csproj]
C:\Program Files\dotnet\sdk\10.0.201\Microsoft.Common.CurrentVersion.targets(2451,5): warning MSB3277:             C:\Users\ultra\warewolf\Dev\Dev2.Services.Sql\bin\Debug\net8.0\Dev2.Services.Sql.dll [C:\Users\ultra\warewolf\Dev\Warewolf.Studio.Core\Warewolf.Studio.Core.csproj]
C:\Program Files\dotnet\sdk\10.0.201\Microsoft.Common.CurrentVersion.targets(2451,5): warning MSB3277:         C:\Users\ultra\.nuget\packages\oracle.manageddataaccess.core\3.21.70\lib\netstandard2.1\Oracle.ManagedDataAccess.dll [C:\Users\ultra\warewolf\Dev\Warewolf.Studio.Core\Warewolf.Studio.Core.csproj]
C:\Program Files\dotnet\sdk\10.0.201\Microsoft.Common.CurrentVersion.targets(2451,5): warning MSB3277:           Project file item includes which caused reference "C:\Users\ultra\.nuget\packages\oracle.manageddataaccess.core\3.21.70\lib\netstandard2.1\Oracle.ManagedDataAccess.dll". [C:\Users\ultra\warewolf\Dev\Warewolf.Studio.Core\Warewolf.Studio.Core.csproj]
C:\Program Files\dotnet\sdk\10.0.201\Microsoft.Common.CurrentVersion.targets(2451,5): warning MSB3277:             C:\Users\ultra\.nuget\packages\oracle.manageddataaccess.core\3.21.70\lib\netstandard2.1\Oracle.ManagedDataAccess.dll [C:\Users\ultra\warewolf\Dev\Warewolf.Studio.Core\Warewolf.Studio.Core.csproj]
C:\Program Files\dotnet\sdk\10.0.201\Microsoft.Common.CurrentVersion.targets(2451,5): warning MSB3277:             C:\Users\ultra\warewolf\Dev\Dev2.Runtime.Services\bin\Debug\net8.0\Dev2.Runtime.Services.dll [C:\Users\ultra\warewolf\Dev\Warewolf.Studio.Core\Warewolf.Studio.Core.csproj]
C:\Program Files\dotnet\sdk\10.0.201\Microsoft.Common.CurrentVersion.targets(2451,5): warning MSB3277:             C:\Users\ultra\warewolf\Dev\Dev2.Studio.Interfaces\bin\Debug\net8.0\Dev2.Studio.Interfaces.dll [C:\Users\ultra\warewolf\Dev\Warewolf.Studio.Core\Warewolf.Studio.Core.csproj]
C:\Program Files\dotnet\sdk\10.0.201\Microsoft.Common.CurrentVersion.targets(2451,5): warning MSB3277:             C:\Users\ultra\warewolf\Dev\Dev2.Services.Sql\bin\Debug\net8.0\Dev2.Services.Sql.dll [C:\Users\ultra\warewolf\Dev\Warewolf.Studio.Core\Warewolf.Studio.Core.csproj]
C:\Program Files\dotnet\sdk\10.0.201\Microsoft.Common.CurrentVersion.targets(2451,5): warning MSB3277:         C:\Users\ultra\.nuget\packages\system.directoryservices\6.0.0\lib\net6.0\System.DirectoryServices.dll [C:\Users\ultra\warewolf\Dev\Warewolf.Studio.Core\Warewolf.Studio.Core.csproj]
C:\Program Files\dotnet\sdk\10.0.201\Microsoft.Common.CurrentVersion.targets(2451,5): warning MSB3277:           Project file item includes which caused reference "C:\Users\ultra\.nuget\packages\system.directoryservices\6.0.0\lib\net6.0\System.DirectoryServices.dll". [C:\Users\ultra\warewolf\Dev\Warewolf.Studio.Core\Warewolf.Studio.Core.csproj]
C:\Program Files\dotnet\sdk\10.0.201\Microsoft.Common.CurrentVersion.targets(2451,5): warning MSB3277:             C:\Users\ultra\.nuget\packages\system.directoryservices\6.0.0\lib\net6.0\System.DirectoryServices.dll [C:\Users\ultra\warewolf\Dev\Warewolf.Studio.Core\Warewolf.Studio.Core.csproj]
C:\Program Files\dotnet\sdk\10.0.201\Microsoft.Common.CurrentVersion.targets(2451,5): warning MSB3277:             C:\Users\ultra\.nuget\packages\corewcf.primitives\1.2.1\lib\netstandard2.0\CoreWCF.Primitives.dll [C:\Users\ultra\warewolf\Dev\Warewolf.Studio.Core\Warewolf.Studio.Core.csproj]
C:\Program Files\dotnet\sdk\10.0.201\Microsoft.Common.CurrentVersion.targets(2451,5): warning MSB3277:             C:\Users\ultra\warewolf\Dev\Dev2.Runtime.Services\bin\Debug\net8.0\Dev2.Runtime.Services.dll [C:\Users\ultra\warewolf\Dev\Warewolf.Studio.Core\Warewolf.Studio.Core.csproj]
C:\Program Files\dotnet\sdk\10.0.201\Microsoft.Common.CurrentVersion.targets(2451,5): warning MSB3277:             C:\Users\ultra\warewolf\Dev\Dev2.Studio.Interfaces\bin\Debug\net8.0\Dev2.Studio.Interfaces.dll [C:\Users\ultra\warewolf\Dev\Warewolf.Studio.Core\Warewolf.Studio.Core.csproj]
C:\Program Files\dotnet\sdk\10.0.201\Microsoft.Common.CurrentVersion.targets(2451,5): warning MSB3277:             C:\Users\ultra\.nuget\packages\corewcf.http\1.2.1\lib\netstandard2.0\CoreWCF.Http.dll [C:\Users\ultra\warewolf\Dev\Warewolf.Studio.Core\Warewolf.Studio.Core.csproj]
C:\Program Files\dotnet\sdk\10.0.201\Microsoft.Common.CurrentVersion.targets(2451,5): warning MSB3277:             C:\Users\ultra\.nuget\packages\corewcf.nettcp\1.2.1\lib\netstandard2.0\CoreWCF.NetTcp.dll [C:\Users\ultra\warewolf\Dev\Warewolf.Studio.Core\Warewolf.Studio.Core.csproj]
C:\Program Files\dotnet\sdk\10.0.201\Microsoft.Common.CurrentVersion.targets(2451,5): warning MSB3277:             C:\Users\ultra\.nuget\packages\corewcf.webhttp\1.2.1\lib\netstandard2.0\CoreWCF.WebHttp.dll [C:\Users\ultra\warewolf\Dev\Warewolf.Studio.Core\Warewolf.Studio.Core.csproj]
C:\Program Files\dotnet\sdk\10.0.201\Microsoft.Common.CurrentVersion.targets(2451,5): warning MSB3277:         C:\Program Files\dotnet\packs\Microsoft.NETCore.App.Ref\8.0.25\ref\net8.0\System.Configuration.dll [C:\Users\ultra\warewolf\Dev\Warewolf.Studio.Core\Warewolf.Studio.Core.csproj]
C:\Program Files\dotnet\sdk\10.0.201\Microsoft.Common.CurrentVersion.targets(2451,5): warning MSB3277:           Project file item includes which caused reference "C:\Program Files\dotnet\packs\Microsoft.NETCore.App.Ref\8.0.25\ref\net8.0\System.Configuration.dll". [C:\Users\ultra\warewolf\Dev\Warewolf.Studio.Core\Warewolf.Studio.Core.csproj]
C:\Program Files\dotnet\sdk\10.0.201\Microsoft.Common.CurrentVersion.targets(2451,5): warning MSB3277:             C:\Program Files\dotnet\packs\Microsoft.NETCore.App.Ref\8.0.25\ref/net8.0/System.Configuration.dll [C:\Users\ultra\warewolf\Dev\Warewolf.Studio.Core\Warewolf.Studio.Core.csproj]
C:\Program Files\dotnet\sdk\10.0.201\Microsoft.Common.CurrentVersion.targets(2451,5): warning MSB3277:             C:\Users\ultra\.nuget\packages\prism.wpf\9.0.537\lib\net462\Prism.Wpf.dll [C:\Users\ultra\warewolf\Dev\Warewolf.Studio.Core\Warewolf.Studio.Core.csproj]
C:\Program Files\dotnet\sdk\10.0.201\Microsoft.Common.CurrentVersion.targets(2451,5): warning MSB3277:         C:\Program Files\dotnet\packs\Microsoft.NETCore.App.Ref\8.0.25\ref\net8.0\System.Data.dll [C:\Users\ultra\warewolf\Dev\Warewolf.Studio.Core\Warewolf.Studio.Core.csproj]
C:\Program Files\dotnet\sdk\10.0.201\Microsoft.Common.CurrentVersion.targets(2451,5): warning MSB3277:           Project file item includes which caused reference "C:\Program Files\dotnet\packs\Microsoft.NETCore.App.Ref\8.0.25\ref\net8.0\System.Data.dll". [C:\Users\ultra\warewolf\Dev\Warewolf.Studio.Core\Warewolf.Studio.Core.csproj]
C:\Program Files\dotnet\sdk\10.0.201\Microsoft.Common.CurrentVersion.targets(2451,5): warning MSB3277:             C:\Program Files\dotnet\packs\Microsoft.NETCore.App.Ref\8.0.25\ref/net8.0/System.Data.dll [C:\Users\ultra\warewolf\Dev\Warewolf.Studio.Core\Warewolf.Studio.Core.csproj]
C:\Program Files\dotnet\sdk\10.0.201\Microsoft.Common.CurrentVersion.targets(2451,5): warning MSB3277:             C:\Users\ultra\.nuget\packages\taskschedulereditor\2.10.1\lib\net452\Microsoft.Win32.TaskSchedulerEditor.dll [C:\Users\ultra\warewolf\Dev\Warewolf.Studio.Core\Warewolf.Studio.Core.csproj]
C:\Program Files\dotnet\sdk\10.0.201\Microsoft.Common.CurrentVersion.targets(2451,5): warning MSB3277:         C:\Program Files\dotnet\packs\Microsoft.NETCore.App.Ref\8.0.25\ref\net8.0\System.Drawing.dll [C:\Users\ultra\warewolf\Dev\Warewolf.Studio.Core\Warewolf.Studio.Core.csproj]
C:\Program Files\dotnet\sdk\10.0.201\Microsoft.Common.CurrentVersion.targets(2451,5): warning MSB3277:           Project file item includes which caused reference "C:\Program Files\dotnet\packs\Microsoft.NETCore.App.Ref\8.0.25\ref\net8.0\System.Drawing.dll". [C:\Users\ultra\warewolf\Dev\Warewolf.Studio.Core\Warewolf.Studio.Core.csproj]
C:\Program Files\dotnet\sdk\10.0.201\Microsoft.Common.CurrentVersion.targets(2451,5): warning MSB3277:             C:\Program Files\dotnet\packs\Microsoft.NETCore.App.Ref\8.0.25\ref/net8.0/System.Drawing.dll [C:\Users\ultra\warewolf\Dev\Warewolf.Studio.Core\Warewolf.Studio.Core.csproj]
C:\Program Files\dotnet\sdk\10.0.201\Microsoft.Common.CurrentVersion.targets(2451,5): warning MSB3277:             C:\Users\ultra\.nuget\packages\aerowizard\2.3.1\lib\net45\AeroWizard.dll [C:\Users\ultra\warewolf\Dev\Warewolf.Studio.Core\Warewolf.Studio.Core.csproj]
C:\Program Files\dotnet\sdk\10.0.201\Microsoft.Common.CurrentVersion.targets(2451,5): warning MSB3277:             C:\Users\ultra\.nuget\packages\groupcontrols\1.9.0\lib\net45\GroupControls.dll [C:\Users\ultra\warewolf\Dev\Warewolf.Studio.Core\Warewolf.Studio.Core.csproj]
C:\Program Files\dotnet\sdk\10.0.201\Microsoft.Common.CurrentVersion.targets(2451,5): warning MSB3277:             C:\Users\ultra\.nuget\packages\taskschedulereditor\2.10.1\lib\net452\Microsoft.Win32.TaskSchedulerEditor.dll [C:\Users\ultra\warewolf\Dev\Warewolf.Studio.Core\Warewolf.Studio.Core.csproj]
C:\Program Files\dotnet\sdk\10.0.201\Microsoft.Common.CurrentVersion.targets(2451,5): warning MSB3277:         C:\Program Files\dotnet\packs\Microsoft.NETCore.App.Ref\8.0.25\ref\net8.0\System.Net.dll [C:\Users\ultra\warewolf\Dev\Warewolf.Studio.Core\Warewolf.Studio.Core.csproj]
C:\Program Files\dotnet\sdk\10.0.201\Microsoft.Common.CurrentVersion.targets(2451,5): warning MSB3277:           Project file item includes which caused reference "C:\Program Files\dotnet\packs\Microsoft.NETCore.App.Ref\8.0.25\ref\net8.0\System.Net.dll". [C:\Users\ultra\warewolf\Dev\Warewolf.Studio.Core\Warewolf.Studio.Core.csproj]
C:\Program Files\dotnet\sdk\10.0.201\Microsoft.Common.CurrentVersion.targets(2451,5): warning MSB3277:             C:\Program Files\dotnet\packs\Microsoft.NETCore.App.Ref\8.0.25\ref/net8.0/System.Net.dll [C:\Users\ultra\warewolf\Dev\Warewolf.Studio.Core\Warewolf.Studio.Core.csproj]
C:\Program Files\dotnet\sdk\10.0.201\Microsoft.Common.CurrentVersion.targets(2451,5): warning MSB3277:         C:\Program Files\dotnet\packs\Microsoft.NETCore.App.Ref\8.0.25\ref\net8.0\System.Security.dll [C:\Users\ultra\warewolf\Dev\Warewolf.Studio.Core\Warewolf.Studio.Core.csproj]
C:\Program Files\dotnet\sdk\10.0.201\Microsoft.Common.CurrentVersion.targets(2451,5): warning MSB3277:           Project file item includes which caused reference "C:\Program Files\dotnet\packs\Microsoft.NETCore.App.Ref\8.0.25\ref\net8.0\System.Security.dll". [C:\Users\ultra\warewolf\Dev\Warewolf.Studio.Core\Warewolf.Studio.Core.csproj]
C:\Program Files\dotnet\sdk\10.0.201\Microsoft.Common.CurrentVersion.targets(2451,5): warning MSB3277:             C:\Program Files\dotnet\packs\Microsoft.NETCore.App.Ref\8.0.25\ref/net8.0/System.Security.dll [C:\Users\ultra\warewolf\Dev\Warewolf.Studio.Core\Warewolf.Studio.Core.csproj]
C:\Program Files\dotnet\sdk\10.0.201\Microsoft.Common.CurrentVersion.targets(2451,5): warning MSB3277:         C:\Program Files\dotnet\packs\Microsoft.NETCore.App.Ref\8.0.25\ref\net8.0\System.ServiceProcess.dll [C:\Users\ultra\warewolf\Dev\Warewolf.Studio.Core\Warewolf.Studio.Core.csproj]
C:\Program Files\dotnet\sdk\10.0.201\Microsoft.Common.CurrentVersion.targets(2451,5): warning MSB3277:           Project file item includes which caused reference "C:\Program Files\dotnet\packs\Microsoft.NETCore.App.Ref\8.0.25\ref\net8.0\System.ServiceProcess.dll". [C:\Users\ultra\warewolf\Dev\Warewolf.Studio.Core\Warewolf.Studio.Core.csproj]
C:\Program Files\dotnet\sdk\10.0.201\Microsoft.Common.CurrentVersion.targets(2451,5): warning MSB3277:             C:\Program Files\dotnet\packs\Microsoft.NETCore.App.Ref\8.0.25\ref/net8.0/System.ServiceProcess.dll [C:\Users\ultra\warewolf\Dev\Warewolf.Studio.Core\Warewolf.Studio.Core.csproj]
C:\Program Files\dotnet\sdk\10.0.201\Microsoft.Common.CurrentVersion.targets(2451,5): warning MSB3277:         C:\Program Files\dotnet\packs\Microsoft.NETCore.App.Ref\8.0.25\ref\net8.0\System.Transactions.dll [C:\Users\ultra\warewolf\Dev\Warewolf.Studio.Core\Warewolf.Studio.Core.csproj]
C:\Program Files\dotnet\sdk\10.0.201\Microsoft.Common.CurrentVersion.targets(2451,5): warning MSB3277:           Project file item includes which caused reference "C:\Program Files\dotnet\packs\Microsoft.NETCore.App.Ref\8.0.25\ref\net8.0\System.Transactions.dll". [C:\Users\ultra\warewolf\Dev\Warewolf.Studio.Core\Warewolf.Studio.Core.csproj]
C:\Program Files\dotnet\sdk\10.0.201\Microsoft.Common.CurrentVersion.targets(2451,5): warning MSB3277:             C:\Program Files\dotnet\packs\Microsoft.NETCore.App.Ref\8.0.25\ref/net8.0/System.Transactions.dll [C:\Users\ultra\warewolf\Dev\Warewolf.Studio.Core\Warewolf.Studio.Core.csproj]
C:\Program Files\dotnet\sdk\10.0.201\Microsoft.Common.CurrentVersion.targets(2451,5): warning MSB3277:         C:\Program Files\dotnet\packs\Microsoft.NETCore.App.Ref\8.0.25\ref\net8.0\System.dll [C:\Users\ultra\warewolf\Dev\Warewolf.Studio.Core\Warewolf.Studio.Core.csproj]
C:\Program Files\dotnet\sdk\10.0.201\Microsoft.Common.CurrentVersion.targets(2451,5): warning MSB3277:           Project file item includes which caused reference "C:\Program Files\dotnet\packs\Microsoft.NETCore.App.Ref\8.0.25\ref\net8.0\System.dll". [C:\Users\ultra\warewolf\Dev\Warewolf.Studio.Core\Warewolf.Studio.Core.csproj]
C:\Program Files\dotnet\sdk\10.0.201\Microsoft.Common.CurrentVersion.targets(2451,5): warning MSB3277:             C:\Program Files\dotnet\packs\Microsoft.NETCore.App.Ref\8.0.25\ref/net8.0/System.dll [C:\Users\ultra\warewolf\Dev\Warewolf.Studio.Core\Warewolf.Studio.Core.csproj]
C:\Program Files\dotnet\sdk\10.0.201\Microsoft.Common.CurrentVersion.targets(2451,5): warning MSB3277:             C:\Users\ultra\.nuget\packages\aerowizard\2.3.1\lib\net45\AeroWizard.dll [C:\Users\ultra\warewolf\Dev\Warewolf.Studio.Core\Warewolf.Studio.Core.csproj]
C:\Program Files\dotnet\sdk\10.0.201\Microsoft.Common.CurrentVersion.targets(2451,5): warning MSB3277:             C:\Users\ultra\.nuget\packages\groupcontrols\1.9.0\lib\net45\GroupControls.dll [C:\Users\ultra\warewolf\Dev\Warewolf.Studio.Core\Warewolf.Studio.Core.csproj]
C:\Program Files\dotnet\sdk\10.0.201\Microsoft.Common.CurrentVersion.targets(2451,5): warning MSB3277:             C:\Users\ultra\.nuget\packages\microsoft.xaml.behaviors.wpf\1.1.122\lib\net462\Microsoft.Xaml.Behaviors.dll [C:\Users\ultra\warewolf\Dev\Warewolf.Studio.Core\Warewolf.Studio.Core.csproj]
C:\Program Files\dotnet\sdk\10.0.201\Microsoft.Common.CurrentVersion.targets(2451,5): warning MSB3277:             C:\Users\ultra\.nuget\packages\caliburn.micro\4.0.212\lib\netcoreapp3.1\Caliburn.Micro.Platform.dll [C:\Users\ultra\warewolf\Dev\Warewolf.Studio.Core\Warewolf.Studio.Core.csproj]
C:\Program Files\dotnet\sdk\10.0.201\Microsoft.Common.CurrentVersion.targets(2451,5): warning MSB3277:             C:\Users\ultra\.nuget\packages\prism.wpf\9.0.537\lib\net462\Prism.Wpf.dll [C:\Users\ultra\warewolf\Dev\Warewolf.Studio.Core\Warewolf.Studio.Core.csproj]
C:\Program Files\dotnet\sdk\10.0.201\Microsoft.Common.CurrentVersion.targets(2451,5): warning MSB3277:             C:\Users\ultra\.nuget\packages\reactiveui.wpf\18.4.1\lib\net462\ReactiveUI.Wpf.dll [C:\Users\ultra\warewolf\Dev\Warewolf.Studio.Core\Warewolf.Studio.Core.csproj]
C:\Program Files\dotnet\sdk\10.0.201\Microsoft.Common.CurrentVersion.targets(2451,5): warning MSB3277:             C:\Users\ultra\.nuget\packages\taskschedulereditor\2.10.1\lib\net452\Microsoft.Win32.TaskSchedulerEditor.dll [C:\Users\ultra\warewolf\Dev\Warewolf.Studio.Core\Warewolf.Studio.Core.csproj]
C:\Program Files\dotnet\sdk\10.0.201\Microsoft.Common.CurrentVersion.targets(2451,5): warning MSB3277:             C:\Users\ultra\.nuget\packages\ttcue.netcore.sharepointonline.csom.16.1.8029.1200\16.1.8029.1200\lib\netcoreapp2.0\Microsoft.SharePoint.Client.Runtime.Windows.dll [C:\Users\ultra\warewolf\Dev\Warewolf.Studio.Core\Warewolf.Studio.Core.csproj]
C:\Program Files\dotnet\sdk\10.0.201\Microsoft.Common.CurrentVersion.targets(2451,5): warning MSB3277:         C:\Program Files\dotnet\packs\Microsoft.NETCore.App.Ref\8.0.25\ref\net8.0\WindowsBase.dll [C:\Users\ultra\warewolf\Dev\Warewolf.Studio.Core\Warewolf.Studio.Core.csproj]
C:\Program Files\dotnet\sdk\10.0.201\Microsoft.Common.CurrentVersion.targets(2451,5): warning MSB3277:           Project file item includes which caused reference "C:\Program Files\dotnet\packs\Microsoft.NETCore.App.Ref\8.0.25\ref\net8.0\WindowsBase.dll". [C:\Users\ultra\warewolf\Dev\Warewolf.Studio.Core\Warewolf.Studio.Core.csproj]
C:\Program Files\dotnet\sdk\10.0.201\Microsoft.Common.CurrentVersion.targets(2451,5): warning MSB3277:             C:\Program Files\dotnet\packs\Microsoft.NETCore.App.Ref\8.0.25\ref/net8.0/WindowsBase.dll [C:\Users\ultra\warewolf\Dev\Warewolf.Studio.Core\Warewolf.Studio.Core.csproj]
C:\Program Files\dotnet\sdk\10.0.201\Microsoft.Common.CurrentVersion.targets(2451,5): warning MSB3277:         C:\Program Files\dotnet\packs\Microsoft.NETCore.App.Ref\8.0.25\ref\net8.0\mscorlib.dll [C:\Users\ultra\warewolf\Dev\Warewolf.Studio.Core\Warewolf.Studio.Core.csproj]
C:\Program Files\dotnet\sdk\10.0.201\Microsoft.Common.CurrentVersion.targets(2451,5): warning MSB3277:           Project file item includes which caused reference "C:\Program Files\dotnet\packs\Microsoft.NETCore.App.Ref\8.0.25\ref\net8.0\mscorlib.dll". [C:\Users\ultra\warewolf\Dev\Warewolf.Studio.Core\Warewolf.Studio.Core.csproj]
C:\Program Files\dotnet\sdk\10.0.201\Microsoft.Common.CurrentVersion.targets(2451,5): warning MSB3277:             C:\Program Files\dotnet\packs\Microsoft.NETCore.App.Ref\8.0.25\ref/net8.0/mscorlib.dll [C:\Users\ultra\warewolf\Dev\Warewolf.Studio.Core\Warewolf.Studio.Core.csproj]
C:\Program Files\dotnet\sdk\10.0.201\Microsoft.Common.CurrentVersion.targets(2451,5): warning MSB3277:             C:\Users\ultra\.nuget\packages\aerowizard\2.3.1\lib\net45\AeroWizard.dll [C:\Users\ultra\warewolf\Dev\Warewolf.Studio.Core\Warewolf.Studio.Core.csproj]
C:\Program Files\dotnet\sdk\10.0.201\Microsoft.Common.CurrentVersion.targets(2451,5): warning MSB3277:             C:\Users\ultra\.nuget\packages\groupcontrols\1.9.0\lib\net45\GroupControls.dll [C:\Users\ultra\warewolf\Dev\Warewolf.Studio.Core\Warewolf.Studio.Core.csproj]
C:\Program Files\dotnet\sdk\10.0.201\Microsoft.Common.CurrentVersion.targets(2451,5): warning MSB3277:             C:\Users\ultra\.nuget\packages\microsoft.xaml.behaviors.wpf\1.1.122\lib\net462\Microsoft.Xaml.Behaviors.dll [C:\Users\ultra\warewolf\Dev\Warewolf.Studio.Core\Warewolf.Studio.Core.csproj]
C:\Program Files\dotnet\sdk\10.0.201\Microsoft.Common.CurrentVersion.targets(2451,5): warning MSB3277:             C:\Users\ultra\.nuget\packages\caliburn.micro\4.0.212\lib\netcoreapp3.1\Caliburn.Micro.Platform.dll [C:\Users\ultra\warewolf\Dev\Warewolf.Studio.Core\Warewolf.Studio.Core.csproj]
C:\Program Files\dotnet\sdk\10.0.201\Microsoft.Common.CurrentVersion.targets(2451,5): warning MSB3277:             C:\Users\ultra\.nuget\packages\oracle.manageddataaccess.core\3.21.70\lib\netstandard2.1\Oracle.ManagedDataAccess.dll [C:\Users\ultra\warewolf\Dev\Warewolf.Studio.Core\Warewolf.Studio.Core.csproj]
C:\Program Files\dotnet\sdk\10.0.201\Microsoft.Common.CurrentVersion.targets(2451,5): warning MSB3277:             C:\Users\ultra\warewolf\Dev\Dev2.Runtime.Services\bin\Debug\net8.0\Dev2.Runtime.Services.dll [C:\Users\ultra\warewolf\Dev\Warewolf.Studio.Core\Warewolf.Studio.Core.csproj]
C:\Program Files\dotnet\sdk\10.0.201\Microsoft.Common.CurrentVersion.targets(2451,5): warning MSB3277:             C:\Users\ultra\warewolf\Dev\Dev2.Studio.Interfaces\bin\Debug\net8.0\Dev2.Studio.Interfaces.dll [C:\Users\ultra\warewolf\Dev\Warewolf.Studio.Core\Warewolf.Studio.Core.csproj]
C:\Program Files\dotnet\sdk\10.0.201\Microsoft.Common.CurrentVersion.targets(2451,5): warning MSB3277:             C:\Users\ultra\warewolf\Dev\Dev2.Services.Sql\bin\Debug\net8.0\Dev2.Services.Sql.dll [C:\Users\ultra\warewolf\Dev\Warewolf.Studio.Core\Warewolf.Studio.Core.csproj]
C:\Program Files\dotnet\sdk\10.0.201\Microsoft.Common.CurrentVersion.targets(2451,5): warning MSB3277:             C:\Users\ultra\.nuget\packages\prism.wpf\9.0.537\lib\net462\Prism.Wpf.dll [C:\Users\ultra\warewolf\Dev\Warewolf.Studio.Core\Warewolf.Studio.Core.csproj]
C:\Program Files\dotnet\sdk\10.0.201\Microsoft.Common.CurrentVersion.targets(2451,5): warning MSB3277:             C:\Users\ultra\.nuget\packages\reactiveui.wpf\18.4.1\lib\net462\ReactiveUI.Wpf.dll [C:\Users\ultra\warewolf\Dev\Warewolf.Studio.Core\Warewolf.Studio.Core.csproj]
C:\Program Files\dotnet\sdk\10.0.201\Microsoft.Common.CurrentVersion.targets(2451,5): warning MSB3277:             C:\Users\ultra\.nuget\packages\taskschedulereditor\2.10.1\lib\net452\Microsoft.Win32.TaskSchedulerEditor.dll [C:\Users\ultra\warewolf\Dev\Warewolf.Studio.Core\Warewolf.Studio.Core.csproj]
C:\Program Files\dotnet\sdk\10.0.201\Microsoft.Common.CurrentVersion.targets(2451,5): warning MSB3277:             C:\Users\ultra\.nuget\packages\ttcue.netcore.sharepointonline.csom.16.1.8029.1200\16.1.8029.1200\lib\netcoreapp2.0\Microsoft.SharePoint.Client.Runtime.Windows.dll [C:\Users\ultra\warewolf\Dev\Warewolf.Studio.Core\Warewolf.Studio.Core.csproj]
C:\Program Files\dotnet\sdk\10.0.201\Microsoft.Common.CurrentVersion.targets(2451,5): warning MSB3277: Found conflicts between different versions of "WindowsBase" that could not be resolved. [C:\Users\ultra\warewolf\Dev\Warewolf.Studio.Core\Warewolf.Studio.Core.csproj]
C:\Program Files\dotnet\sdk\10.0.201\Microsoft.Common.CurrentVersion.targets(2451,5): warning MSB3277: There was a conflict between "WindowsBase, Version=4.0.0.0, Culture=neutral, PublicKeyToken=31bf3856ad364e35" and "WindowsBase, Version=6.0.2.0, Culture=neutral, PublicKeyToken=31bf3856ad364e35". [C:\Users\ultra\warewolf\Dev\Warewolf.Studio.Core\Warewolf.Studio.Core.csproj]
C:\Program Files\dotnet\sdk\10.0.201\Microsoft.Common.CurrentVersion.targets(2451,5): warning MSB3277:     "WindowsBase, Version=4.0.0.0, Culture=neutral, PublicKeyToken=31bf3856ad364e35" was chosen because it was primary and "WindowsBase, Version=6.0.2.0, Culture=neutral, PublicKeyToken=31bf3856ad364e35" was not. [C:\Users\ultra\warewolf\Dev\Warewolf.Studio.Core\Warewolf.Studio.Core.csproj]
C:\Program Files\dotnet\sdk\10.0.201\Microsoft.Common.CurrentVersion.targets(2451,5): warning MSB3277:     References which depend on "WindowsBase, Version=4.0.0.0, Culture=neutral, PublicKeyToken=31bf3856ad364e35" [C:\Program Files\dotnet\packs\Microsoft.NETCore.App.Ref\8.0.25\ref\net8.0\WindowsBase.dll]. [C:\Users\ultra\warewolf\Dev\Warewolf.Studio.Core\Warewolf.Studio.Core.csproj]
C:\Program Files\dotnet\sdk\10.0.201\Microsoft.Common.CurrentVersion.targets(2451,5): warning MSB3277:         C:\Program Files\dotnet\packs\Microsoft.NETCore.App.Ref\8.0.25\ref\net8.0\WindowsBase.dll [C:\Users\ultra\warewolf\Dev\Warewolf.Studio.Core\Warewolf.Studio.Core.csproj]
C:\Program Files\dotnet\sdk\10.0.201\Microsoft.Common.CurrentVersion.targets(2451,5): warning MSB3277:           Project file item includes which caused reference "C:\Program Files\dotnet\packs\Microsoft.NETCore.App.Ref\8.0.25\ref\net8.0\WindowsBase.dll". [C:\Users\ultra\warewolf\Dev\Warewolf.Studio.Core\Warewolf.Studio.Core.csproj]
C:\Program Files\dotnet\sdk\10.0.201\Microsoft.Common.CurrentVersion.targets(2451,5): warning MSB3277:             C:\Program Files\dotnet\packs\Microsoft.NETCore.App.Ref\8.0.25\ref/net8.0/WindowsBase.dll [C:\Users\ultra\warewolf\Dev\Warewolf.Studio.Core\Warewolf.Studio.Core.csproj]
C:\Program Files\dotnet\sdk\10.0.201\Microsoft.Common.CurrentVersion.targets(2451,5): warning MSB3277:     References which depend on or have been unified to "WindowsBase, Version=6.0.2.0, Culture=neutral, PublicKeyToken=31bf3856ad364e35" []. [C:\Users\ultra\warewolf\Dev\Warewolf.Studio.Core\Warewolf.Studio.Core.csproj]
C:\Program Files\dotnet\sdk\10.0.201\Microsoft.Common.CurrentVersion.targets(2451,5): warning MSB3277:         C:\Users\ultra\warewolf\Dev\Binaries\Infragistcs_Net6\InfragisticsWPF4.Controls.Menus.XamDataTree.v15.1.dll [C:\Users\ultra\warewolf\Dev\Warewolf.Studio.Core\Warewolf.Studio.Core.csproj]
C:\Program Files\dotnet\sdk\10.0.201\Microsoft.Common.CurrentVersion.targets(2451,5): warning MSB3277:           Project file item includes which caused reference "C:\Users\ultra\warewolf\Dev\Binaries\Infragistcs_Net6\InfragisticsWPF4.Controls.Menus.XamDataTree.v15.1.dll". [C:\Users\ultra\warewolf\Dev\Warewolf.Studio.Core\Warewolf.Studio.Core.csproj]
C:\Program Files\dotnet\sdk\10.0.201\Microsoft.Common.CurrentVersion.targets(2451,5): warning MSB3277:             InfragisticsWPF4.Controls.Menus.XamDataTree.v15.1, Version=15.1.20151.2055, Culture=neutral, PublicKeyToken=7dd5c3163f2cd0cb, processorArchitecture=MSIL [C:\Users\ultra\warewolf\Dev\Warewolf.Studio.Core\Warewolf.Studio.Core.csproj]
C:\Program Files\dotnet\sdk\10.0.201\Microsoft.Common.CurrentVersion.targets(2451,5): warning MSB3277:         C:\Users\ultra\warewolf\Dev\Binaries\Infragistcs_Net6\InfragisticsWPF4.DataManager.v15.1.dll [C:\Users\ultra\warewolf\Dev\Warewolf.Studio.Core\Warewolf.Studio.Core.csproj]
C:\Program Files\dotnet\sdk\10.0.201\Microsoft.Common.CurrentVersion.targets(2451,5): warning MSB3277:           Project file item includes which caused reference "C:\Users\ultra\warewolf\Dev\Binaries\Infragistcs_Net6\InfragisticsWPF4.DataManager.v15.1.dll". [C:\Users\ultra\warewolf\Dev\Warewolf.Studio.Core\Warewolf.Studio.Core.csproj]
C:\Program Files\dotnet\sdk\10.0.201\Microsoft.Common.CurrentVersion.targets(2451,5): warning MSB3277:             InfragisticsWPF4.DataManager.v15.1, Version=15.1.20151.2055, Culture=neutral, PublicKeyToken=7dd5c3163f2cd0cb, processorArchitecture=MSIL [C:\Users\ultra\warewolf\Dev\Warewolf.Studio.Core\Warewolf.Studio.Core.csproj]
C:\Program Files\dotnet\sdk\10.0.201\Microsoft.Common.CurrentVersion.targets(2451,5): warning MSB3277:             InfragisticsWPF4.Controls.Menus.XamDataTree.v15.1, Version=15.1.20151.2055, Culture=neutral, PublicKeyToken=7dd5c3163f2cd0cb, processorArchitecture=MSIL [C:\Users\ultra\warewolf\Dev\Warewolf.Studio.Core\Warewolf.Studio.Core.csproj]
C:\Program Files\dotnet\sdk\10.0.201\Microsoft.Common.CurrentVersion.targets(2451,5): warning MSB3277:         C:\Users\ultra\warewolf\Dev\Binaries\Infragistcs_Net6\InfragisticsWPF4.DockManager.v15.1.dll [C:\Users\ultra\warewolf\Dev\Warewolf.Studio.Core\Warewolf.Studio.Core.csproj]
C:\Program Files\dotnet\sdk\10.0.201\Microsoft.Common.CurrentVersion.targets(2451,5): warning MSB3277:           Project file item includes which caused reference "C:\Users\ultra\warewolf\Dev\Binaries\Infragistcs_Net6\InfragisticsWPF4.DockManager.v15.1.dll". [C:\Users\ultra\warewolf\Dev\Warewolf.Studio.Core\Warewolf.Studio.Core.csproj]
C:\Program Files\dotnet\sdk\10.0.201\Microsoft.Common.CurrentVersion.targets(2451,5): warning MSB3277:             InfragisticsWPF4.DockManager.v15.1, Version=15.1.20151.2055, Culture=neutral, PublicKeyToken=7dd5c3163f2cd0cb, processorArchitecture=MSIL [C:\Users\ultra\warewolf\Dev\Warewolf.Studio.Core\Warewolf.Studio.Core.csproj]
C:\Program Files\dotnet\sdk\10.0.201\Microsoft.Common.CurrentVersion.targets(2451,5): warning MSB3277:         C:\Users\ultra\warewolf\Dev\Binaries\Infragistcs_Net6\InfragisticsWPF4.v15.1.dll [C:\Users\ultra\warewolf\Dev\Warewolf.Studio.Core\Warewolf.Studio.Core.csproj]
C:\Program Files\dotnet\sdk\10.0.201\Microsoft.Common.CurrentVersion.targets(2451,5): warning MSB3277:           Project file item includes which caused reference "C:\Users\ultra\warewolf\Dev\Binaries\Infragistcs_Net6\InfragisticsWPF4.v15.1.dll". [C:\Users\ultra\warewolf\Dev\Warewolf.Studio.Core\Warewolf.Studio.Core.csproj]
C:\Program Files\dotnet\sdk\10.0.201\Microsoft.Common.CurrentVersion.targets(2451,5): warning MSB3277:             InfragisticsWPF4.v15.1, Version=15.1.20151.2055, Culture=neutral, PublicKeyToken=7dd5c3163f2cd0cb, processorArchitecture=MSIL [C:\Users\ultra\warewolf\Dev\Warewolf.Studio.Core\Warewolf.Studio.Core.csproj]
C:\Program Files\dotnet\sdk\10.0.201\Microsoft.Common.CurrentVersion.targets(2451,5): warning MSB3277:             InfragisticsWPF4.Controls.Menus.XamDataTree.v15.1, Version=15.1.20151.2055, Culture=neutral, PublicKeyToken=7dd5c3163f2cd0cb, processorArchitecture=MSIL [C:\Users\ultra\warewolf\Dev\Warewolf.Studio.Core\Warewolf.Studio.Core.csproj]
C:\Program Files\dotnet\sdk\10.0.201\Microsoft.Common.CurrentVersion.targets(2451,5): warning MSB3277:             InfragisticsWPF4.DataManager.v15.1, Version=15.1.20151.2055, Culture=neutral, PublicKeyToken=7dd5c3163f2cd0cb, processorArchitecture=MSIL [C:\Users\ultra\warewolf\Dev\Warewolf.Studio.Core\Warewolf.Studio.Core.csproj]
C:\Program Files\dotnet\sdk\10.0.201\Microsoft.Common.CurrentVersion.targets(2451,5): warning MSB3277:             InfragisticsWPF4.DockManager.v15.1, Version=15.1.20151.2055, Culture=neutral, PublicKeyToken=7dd5c3163f2cd0cb, processorArchitecture=MSIL [C:\Users\ultra\warewolf\Dev\Warewolf.Studio.Core\Warewolf.Studio.Core.csproj]
C:\Program Files\dotnet\sdk\10.0.201\Microsoft.Common.CurrentVersion.targets(2451,5): warning MSB3277:         C:\Users\ultra\.nuget\packages\caliburn.micro\4.0.212\lib\netcoreapp3.1\Caliburn.Micro.Platform.dll [C:\Users\ultra\warewolf\Dev\Warewolf.Studio.Core\Warewolf.Studio.Core.csproj]
C:\Program Files\dotnet\sdk\10.0.201\Microsoft.Common.CurrentVersion.targets(2451,5): warning MSB3277:           Project file item includes which caused reference "C:\Users\ultra\.nuget\packages\caliburn.micro\4.0.212\lib\netcoreapp3.1\Caliburn.Micro.Platform.dll". [C:\Users\ultra\warewolf\Dev\Warewolf.Studio.Core\Warewolf.Studio.Core.csproj]
C:\Program Files\dotnet\sdk\10.0.201\Microsoft.Common.CurrentVersion.targets(2451,5): warning MSB3277:             C:\Users\ultra\.nuget\packages\caliburn.micro\4.0.212\lib\netcoreapp3.1\Caliburn.Micro.Platform.dll [C:\Users\ultra\warewolf\Dev\Warewolf.Studio.Core\Warewolf.Studio.Core.csproj]
C:\Program Files\dotnet\sdk\10.0.201\Microsoft.Common.CurrentVersion.targets(2451,5): warning MSB3277:         C:\Users\ultra\.nuget\packages\microsoft.xaml.behaviors.wpf\1.1.122\lib\net462\Microsoft.Xaml.Behaviors.dll [C:\Users\ultra\warewolf\Dev\Warewolf.Studio.Core\Warewolf.Studio.Core.csproj]
C:\Program Files\dotnet\sdk\10.0.201\Microsoft.Common.CurrentVersion.targets(2451,5): warning MSB3277:           Project file item includes which caused reference "C:\Users\ultra\.nuget\packages\microsoft.xaml.behaviors.wpf\1.1.122\lib\net462\Microsoft.Xaml.Behaviors.dll". [C:\Users\ultra\warewolf\Dev\Warewolf.Studio.Core\Warewolf.Studio.Core.csproj]
C:\Program Files\dotnet\sdk\10.0.201\Microsoft.Common.CurrentVersion.targets(2451,5): warning MSB3277:             C:\Users\ultra\.nuget\packages\microsoft.xaml.behaviors.wpf\1.1.122\lib\net462\Microsoft.Xaml.Behaviors.dll [C:\Users\ultra\warewolf\Dev\Warewolf.Studio.Core\Warewolf.Studio.Core.csproj]
C:\Program Files\dotnet\sdk\10.0.201\Microsoft.Common.CurrentVersion.targets(2451,5): warning MSB3277:             C:\Users\ultra\.nuget\packages\caliburn.micro\4.0.212\lib\netcoreapp3.1\Caliburn.Micro.Platform.dll [C:\Users\ultra\warewolf\Dev\Warewolf.Studio.Core\Warewolf.Studio.Core.csproj]
C:\Program Files\dotnet\sdk\10.0.201\Microsoft.Common.CurrentVersion.targets(2451,5): warning MSB3277:             C:\Users\ultra\.nuget\packages\prism.wpf\9.0.537\lib\net462\Prism.Wpf.dll [C:\Users\ultra\warewolf\Dev\Warewolf.Studio.Core\Warewolf.Studio.Core.csproj]
C:\Program Files\dotnet\sdk\10.0.201\Microsoft.Common.CurrentVersion.targets(2451,5): warning MSB3277:         C:\Users\ultra\.nuget\packages\prism.wpf\9.0.537\lib\net462\Prism.Wpf.dll [C:\Users\ultra\warewolf\Dev\Warewolf.Studio.Core\Warewolf.Studio.Core.csproj]
C:\Program Files\dotnet\sdk\10.0.201\Microsoft.Common.CurrentVersion.targets(2451,5): warning MSB3277:           Project file item includes which caused reference "C:\Users\ultra\.nuget\packages\prism.wpf\9.0.537\lib\net462\Prism.Wpf.dll". [C:\Users\ultra\warewolf\Dev\Warewolf.Studio.Core\Warewolf.Studio.Core.csproj]
C:\Program Files\dotnet\sdk\10.0.201\Microsoft.Common.CurrentVersion.targets(2451,5): warning MSB3277:             C:\Users\ultra\.nuget\packages\prism.wpf\9.0.537\lib\net462\Prism.Wpf.dll [C:\Users\ultra\warewolf\Dev\Warewolf.Studio.Core\Warewolf.Studio.Core.csproj]
C:\Program Files\dotnet\sdk\10.0.201\Microsoft.Common.CurrentVersion.targets(2451,5): warning MSB3277:         C:\Users\ultra\.nuget\packages\reactiveui.wpf\18.4.1\lib\net462\ReactiveUI.Wpf.dll [C:\Users\ultra\warewolf\Dev\Warewolf.Studio.Core\Warewolf.Studio.Core.csproj]
C:\Program Files\dotnet\sdk\10.0.201\Microsoft.Common.CurrentVersion.targets(2451,5): warning MSB3277:           Project file item includes which caused reference "C:\Users\ultra\.nuget\packages\reactiveui.wpf\18.4.1\lib\net462\ReactiveUI.Wpf.dll". [C:\Users\ultra\warewolf\Dev\Warewolf.Studio.Core\Warewolf.Studio.Core.csproj]
C:\Program Files\dotnet\sdk\10.0.201\Microsoft.Common.CurrentVersion.targets(2451,5): warning MSB3277:             C:\Users\ultra\.nuget\packages\reactiveui.wpf\18.4.1\lib\net462\ReactiveUI.Wpf.dll [C:\Users\ultra\warewolf\Dev\Warewolf.Studio.Core\Warewolf.Studio.Core.csproj]
C:\Program Files\dotnet\sdk\10.0.201\Microsoft.Common.CurrentVersion.targets(2451,5): warning MSB3277:         C:\Users\ultra\warewolf\Dev\Binaries\Infragistcs_Net6\InfragisticsWPF4.DragDrop.v15.1.dll [C:\Users\ultra\warewolf\Dev\Warewolf.Studio.Core\Warewolf.Studio.Core.csproj]
C:\Program Files\dotnet\sdk\10.0.201\Microsoft.Common.CurrentVersion.targets(2451,5): warning MSB3277:           Project file item includes which caused reference "C:\Users\ultra\warewolf\Dev\Binaries\Infragistcs_Net6\InfragisticsWPF4.DragDrop.v15.1.dll". [C:\Users\ultra\warewolf\Dev\Warewolf.Studio.Core\Warewolf.Studio.Core.csproj]
C:\Program Files\dotnet\sdk\10.0.201\Microsoft.Common.CurrentVersion.targets(2451,5): warning MSB3277:             InfragisticsWPF4.Controls.Menus.XamDataTree.v15.1, Version=15.1.20151.2055, Culture=neutral, PublicKeyToken=7dd5c3163f2cd0cb, processorArchitecture=MSIL [C:\Users\ultra\warewolf\Dev\Warewolf.Studio.Core\Warewolf.Studio.Core.csproj]
  Dev2.Services.Execution -> C:\Users\ultra\warewolf\Dev\Dev2.Services.Execution\bin\Debug\net8.0\Dev2.Services.Execution.dll
  Warewolf.Driver.Persistence -> C:\Users\ultra\warewolf\Dev\Warewolf.Driver.Persistence\bin\Debug\net8.0\Warewolf.Driver.Persistence.dll
  Warewolf.Studio.Core -> C:\Users\ultra\warewolf\Dev\Warewolf.Studio.Core\bin\Debug\net8.0\Warewolf.Studio.Core.dll
C:\Program Files\dotnet\sdk\10.0.201\Microsoft.Common.CurrentVersion.targets(2451,5): warning MSB3245: Could not resolve this reference. Could not locate the assembly "System.ServiceModel.Activities". Check to make sure the assembly exists on disk. If this reference is required by your code, you may get compilation errors. [C:\Users\ultra\warewolf\Dev\Dev2.Activities\Dev2.Activities.csproj]
C:\Program Files\dotnet\sdk\10.0.201\Microsoft.Common.CurrentVersion.targets(2451,5): warning MSB3277: Found conflicts between different versions of "WindowsBase" that could not be resolved. [C:\Users\ultra\warewolf\Dev\Dev2.Activities\Dev2.Activities.csproj]
C:\Program Files\dotnet\sdk\10.0.201\Microsoft.Common.CurrentVersion.targets(2451,5): warning MSB3277: There was a conflict between "WindowsBase, Version=4.0.0.0, Culture=neutral, PublicKeyToken=31bf3856ad364e35" and "WindowsBase, Version=6.0.2.0, Culture=neutral, PublicKeyToken=31bf3856ad364e35". [C:\Users\ultra\warewolf\Dev\Dev2.Activities\Dev2.Activities.csproj]
C:\Program Files\dotnet\sdk\10.0.201\Microsoft.Common.CurrentVersion.targets(2451,5): warning MSB3277:     "WindowsBase, Version=4.0.0.0, Culture=neutral, PublicKeyToken=31bf3856ad364e35" was chosen because it was primary and "WindowsBase, Version=6.0.2.0, Culture=neutral, PublicKeyToken=31bf3856ad364e35" was not. [C:\Users\ultra\warewolf\Dev\Dev2.Activities\Dev2.Activities.csproj]
C:\Program Files\dotnet\sdk\10.0.201\Microsoft.Common.CurrentVersion.targets(2451,5): warning MSB3277:     References which depend on "WindowsBase, Version=4.0.0.0, Culture=neutral, PublicKeyToken=31bf3856ad364e35" [C:\Program Files\dotnet\packs\Microsoft.NETCore.App.Ref\8.0.25\ref\net8.0\WindowsBase.dll]. [C:\Users\ultra\warewolf\Dev\Dev2.Activities\Dev2.Activities.csproj]
C:\Program Files\dotnet\sdk\10.0.201\Microsoft.Common.CurrentVersion.targets(2451,5): warning MSB3277:         C:\Program Files\dotnet\packs\Microsoft.NETCore.App.Ref\8.0.25\ref\net8.0\WindowsBase.dll [C:\Users\ultra\warewolf\Dev\Dev2.Activities\Dev2.Activities.csproj]
C:\Program Files\dotnet\sdk\10.0.201\Microsoft.Common.CurrentVersion.targets(2451,5): warning MSB3277:           Project file item includes which caused reference "C:\Program Files\dotnet\packs\Microsoft.NETCore.App.Ref\8.0.25\ref\net8.0\WindowsBase.dll". [C:\Users\ultra\warewolf\Dev\Dev2.Activities\Dev2.Activities.csproj]
C:\Program Files\dotnet\sdk\10.0.201\Microsoft.Common.CurrentVersion.targets(2451,5): warning MSB3277:             C:\Program Files\dotnet\packs\Microsoft.NETCore.App.Ref\8.0.25\ref/net8.0/WindowsBase.dll [C:\Users\ultra\warewolf\Dev\Dev2.Activities\Dev2.Activities.csproj]
C:\Program Files\dotnet\sdk\10.0.201\Microsoft.Common.CurrentVersion.targets(2451,5): warning MSB3277:     References which depend on or have been unified to "WindowsBase, Version=6.0.2.0, Culture=neutral, PublicKeyToken=31bf3856ad364e35" []. [C:\Users\ultra\warewolf\Dev\Dev2.Activities\Dev2.Activities.csproj]
C:\Program Files\dotnet\sdk\10.0.201\Microsoft.Common.CurrentVersion.targets(2451,5): warning MSB3277:         C:\Users\ultra\.nuget\packages\caliburn.micro\4.0.212\lib\netcoreapp3.1\Caliburn.Micro.Platform.dll [C:\Users\ultra\warewolf\Dev\Dev2.Activities\Dev2.Activities.csproj]
C:\Program Files\dotnet\sdk\10.0.201\Microsoft.Common.CurrentVersion.targets(2451,5): warning MSB3277:           Project file item includes which caused reference "C:\Users\ultra\.nuget\packages\caliburn.micro\4.0.212\lib\netcoreapp3.1\Caliburn.Micro.Platform.dll". [C:\Users\ultra\warewolf\Dev\Dev2.Activities\Dev2.Activities.csproj]
C:\Program Files\dotnet\sdk\10.0.201\Microsoft.Common.CurrentVersion.targets(2451,5): warning MSB3277:             C:\Users\ultra\.nuget\packages\caliburn.micro\4.0.212\lib\netcoreapp3.1\Caliburn.Micro.Platform.dll [C:\Users\ultra\warewolf\Dev\Dev2.Activities\Dev2.Activities.csproj]
C:\Program Files\dotnet\sdk\10.0.201\Microsoft.Common.CurrentVersion.targets(2451,5): warning MSB3277:         C:\Users\ultra\.nuget\packages\ironpython\3.4.0\lib\net6.0\IronPython.Wpf.dll [C:\Users\ultra\warewolf\Dev\Dev2.Activities\Dev2.Activities.csproj]
C:\Program Files\dotnet\sdk\10.0.201\Microsoft.Common.CurrentVersion.targets(2451,5): warning MSB3277:           Project file item includes which caused reference "C:\Users\ultra\.nuget\packages\ironpython\3.4.0\lib\net6.0\IronPython.Wpf.dll". [C:\Users\ultra\warewolf\Dev\Dev2.Activities\Dev2.Activities.csproj]
C:\Program Files\dotnet\sdk\10.0.201\Microsoft.Common.CurrentVersion.targets(2451,5): warning MSB3277:             C:\Users\ultra\.nuget\packages\ironpython\3.4.0\lib\net6.0\IronPython.Wpf.dll [C:\Users\ultra\warewolf\Dev\Dev2.Activities\Dev2.Activities.csproj]
C:\Program Files\dotnet\sdk\10.0.201\Microsoft.Common.CurrentVersion.targets(2451,5): warning MSB3277:         C:\Users\ultra\.nuget\packages\microsoft.xaml.behaviors.wpf\1.1.19\lib\netcoreapp3.0\Microsoft.Xaml.Behaviors.dll [C:\Users\ultra\warewolf\Dev\Dev2.Activities\Dev2.Activities.csproj]
C:\Program Files\dotnet\sdk\10.0.201\Microsoft.Common.CurrentVersion.targets(2451,5): warning MSB3277:           Project file item includes which caused reference "C:\Users\ultra\.nuget\packages\microsoft.xaml.behaviors.wpf\1.1.19\lib\netcoreapp3.0\Microsoft.Xaml.Behaviors.dll". [C:\Users\ultra\warewolf\Dev\Dev2.Activities\Dev2.Activities.csproj]
C:\Program Files\dotnet\sdk\10.0.201\Microsoft.Common.CurrentVersion.targets(2451,5): warning MSB3277:             C:\Users\ultra\.nuget\packages\microsoft.xaml.behaviors.wpf\1.1.19\lib\netcoreapp3.0\Microsoft.Xaml.Behaviors.dll [C:\Users\ultra\warewolf\Dev\Dev2.Activities\Dev2.Activities.csproj]
C:\Program Files\dotnet\sdk\10.0.201\Microsoft.Common.CurrentVersion.targets(2451,5): warning MSB3277:             C:\Users\ultra\.nuget\packages\caliburn.micro\4.0.212\lib\netcoreapp3.1\Caliburn.Micro.Platform.dll [C:\Users\ultra\warewolf\Dev\Dev2.Activities\Dev2.Activities.csproj]
C:\Program Files\dotnet\sdk\10.0.201\Microsoft.Common.CurrentVersion.targets(2451,5): warning MSB3277:         C:\Users\ultra\.nuget\packages\reactiveui.wpf\18.4.1\lib\net462\ReactiveUI.Wpf.dll [C:\Users\ultra\warewolf\Dev\Dev2.Activities\Dev2.Activities.csproj]
C:\Program Files\dotnet\sdk\10.0.201\Microsoft.Common.CurrentVersion.targets(2451,5): warning MSB3277:           Project file item includes which caused reference "C:\Users\ultra\.nuget\packages\reactiveui.wpf\18.4.1\lib\net462\ReactiveUI.Wpf.dll". [C:\Users\ultra\warewolf\Dev\Dev2.Activities\Dev2.Activities.csproj]
C:\Program Files\dotnet\sdk\10.0.201\Microsoft.Common.CurrentVersion.targets(2451,5): warning MSB3277:             C:\Users\ultra\.nuget\packages\reactiveui.wpf\18.4.1\lib\net462\ReactiveUI.Wpf.dll [C:\Users\ultra\warewolf\Dev\Dev2.Activities\Dev2.Activities.csproj]
  Consider app.config remapping of assembly "System.Runtime.CompilerServices.Unsafe, Culture=neutral, PublicKeyToken=b03f5f7f11d50a3a" from Version "6.0.0.0" [] to Version "8.0.0.0" [C:\Program Files\dotnet\packs\Microsoft.NETCore.App.Ref\8.0.25\ref\net8.0\System.Runtime.CompilerServices.Unsafe.dll] to solve conflict and get rid of warning.
C:\Users\ultra\warewolf\Dev\Dev2.Activities\WorkflowConverters\ActivityPropertiesReaderHelper.cs(54,45): warning CS8632: The annotation for nullable reference types should only be used in code within a '#nullable' annotations context. [C:\Users\ultra\warewolf\Dev\Dev2.Activities\Dev2.Activities.csproj]
C:\Users\ultra\warewolf\Dev\Dev2.Activities\WorkflowConverters\SwitchActivityDataHelper.cs(106,58): warning CS8632: The annotation for nullable reference types should only be used in code within a '#nullable' annotations context. [C:\Users\ultra\warewolf\Dev\Dev2.Activities\Dev2.Activities.csproj]
C:\Users\ultra\warewolf\Dev\Dev2.Activities\WorkflowConverters\SwitchActivityDataHelper.cs(225,65): warning CS8632: The annotation for nullable reference types should only be used in code within a '#nullable' annotations context. [C:\Users\ultra\warewolf\Dev\Dev2.Activities\Dev2.Activities.csproj]
C:\Users\ultra\warewolf\Dev\Dev2.Activities\WorkflowConverters\SwitchActivityDataHelper.cs(225,25): warning CS8632: The annotation for nullable reference types should only be used in code within a '#nullable' annotations context. [C:\Users\ultra\warewolf\Dev\Dev2.Activities\Dev2.Activities.csproj]
C:\Users\ultra\warewolf\Dev\Dev2.Activities\WorkflowConverters\SwitchActivityDataHelper.cs(342,61): warning CS8632: The annotation for nullable reference types should only be used in code within a '#nullable' annotations context. [C:\Users\ultra\warewolf\Dev\Dev2.Activities\Dev2.Activities.csproj]
C:\Users\ultra\warewolf\Dev\Dev2.Activities\WorkflowConverters\SwitchActivityDataHelper.cs(342,30): warning CS8632: The annotation for nullable reference types should only be used in code within a '#nullable' annotations context. [C:\Users\ultra\warewolf\Dev\Dev2.Activities\Dev2.Activities.csproj]
C:\Users\ultra\warewolf\Dev\Dev2.Activities\WorkflowConverters\SwitchActivityDataHelper.cs(32,25): warning CS8632: The annotation for nullable reference types should only be used in code within a '#nullable' annotations context. [C:\Users\ultra\warewolf\Dev\Dev2.Activities\Dev2.Activities.csproj]
C:\Users\ultra\warewolf\Dev\Dev2.Activities\WorkflowConverters\SwitchActivityDataHelper.cs(33,25): warning CS8632: The annotation for nullable reference types should only be used in code within a '#nullable' annotations context. [C:\Users\ultra\warewolf\Dev\Dev2.Activities\Dev2.Activities.csproj]
C:\Users\ultra\warewolf\Dev\Dev2.Activities\WorkflowConverters\SwitchActivityDataHelper.cs(34,25): warning CS8632: The annotation for nullable reference types should only be used in code within a '#nullable' annotations context. [C:\Users\ultra\warewolf\Dev\Dev2.Activities\Dev2.Activities.csproj]
C:\Users\ultra\warewolf\Dev\Dev2.Activities\WorkflowConverters\SwitchActivityDataHelper.cs(35,25): warning CS8632: The annotation for nullable reference types should only be used in code within a '#nullable' annotations context. [C:\Users\ultra\warewolf\Dev\Dev2.Activities\Dev2.Activities.csproj]
C:\Users\ultra\warewolf\Dev\Dev2.Activities\WorkflowConverters\SwitchActivityDataHelper.cs(36,25): warning CS8632: The annotation for nullable reference types should only be used in code within a '#nullable' annotations context. [C:\Users\ultra\warewolf\Dev\Dev2.Activities\Dev2.Activities.csproj]
C:\Users\ultra\warewolf\Dev\Dev2.Activities\WorkflowConverters\SwitchActivityDataHelper.cs(37,25): warning CS8632: The annotation for nullable reference types should only be used in code within a '#nullable' annotations context. [C:\Users\ultra\warewolf\Dev\Dev2.Activities\Dev2.Activities.csproj]
C:\Users\ultra\warewolf\Dev\Dev2.Activities\WorkflowConverters\SwitchActivityDataHelper.cs(108,19): warning CS8632: The annotation for nullable reference types should only be used in code within a '#nullable' annotations context. [C:\Users\ultra\warewolf\Dev\Dev2.Activities\Dev2.Activities.csproj]
C:\Users\ultra\warewolf\Dev\Dev2.Activities\WorkflowConverters\ActivityPropertiesReaderHelper.cs(60,59): warning CS8632: The annotation for nullable reference types should only be used in code within a '#nullable' annotations context. [C:\Users\ultra\warewolf\Dev\Dev2.Activities\Dev2.Activities.csproj]
C:\Users\ultra\warewolf\Dev\Dev2.Activities\Activities\GateActivity.cs(733,24): warning CC0022: WarewolfListIterator should be disposed. (https://code-cracker.github.io/diagnostics/CC0022.html) [C:\Users\ultra\warewolf\Dev\Dev2.Activities\Dev2.Activities.csproj]
C:\Users\ultra\warewolf\Dev\Dev2.Activities\Activities\GateActivity.cs(639,21): warning CC0003: Consider adding an Exception to the catch. (https://code-cracker.github.io/diagnostics/CC0003.html) [C:\Users\ultra\warewolf\Dev\Dev2.Activities\Dev2.Activities.csproj]
C:\Users\ultra\warewolf\Dev\Dev2.Activities\Activities\GateActivity.cs(656,21): warning CC0003: Consider adding an Exception to the catch. (https://code-cracker.github.io/diagnostics/CC0003.html) [C:\Users\ultra\warewolf\Dev\Dev2.Activities\Dev2.Activities.csproj]
C:\Users\ultra\warewolf\Dev\Dev2.Activities\WorkflowConverters\X6ToWorkflowConverter.cs(375,13): warning CC0003: Consider adding an Exception to the catch. (https://code-cracker.github.io/diagnostics/CC0003.html) [C:\Users\ultra\warewolf\Dev\Dev2.Activities\Dev2.Activities.csproj]
C:\Users\ultra\warewolf\Dev\Dev2.Activities\Activities\WebPostActivity.cs(238,28): warning CC0022: WarewolfListIterator should be disposed. (https://code-cracker.github.io/diagnostics/CC0022.html) [C:\Users\ultra\warewolf\Dev\Dev2.Activities\Dev2.Activities.csproj]
C:\Users\ultra\warewolf\Dev\Dev2.Activities\Activities\WebPostActivityNew.cs(281,28): warning CC0022: WarewolfListIterator should be disposed. (https://code-cracker.github.io/diagnostics/CC0022.html) [C:\Users\ultra\warewolf\Dev\Dev2.Activities\Dev2.Activities.csproj]
C:\Users\ultra\warewolf\Dev\Dev2.Activities\WorkflowConverters\X6ToWorkflowConverter.cs(833,17): warning CC0120: Consider put an default clause in Switch. (https://code-cracker.github.io/diagnostics/CC0120.html) [C:\Users\ultra\warewolf\Dev\Dev2.Activities\Dev2.Activities.csproj]
C:\Users\ultra\warewolf\Dev\Dev2.Activities\WorkflowConverters\X6ToWorkflowConverter.cs(958,13): warning CC0004: Empty Catch Block. (https://code-cracker.github.io/diagnostics/CC0004.html) [C:\Users\ultra\warewolf\Dev\Dev2.Activities\Dev2.Activities.csproj]
C:\Users\ultra\warewolf\Dev\Dev2.Activities\Activities\PathOperations\FileWriteActivity.cs(54,26): warning CC0022: WarewolfListIterator should be disposed. (https://code-cracker.github.io/diagnostics/CC0022.html) [C:\Users\ultra\warewolf\Dev\Dev2.Activities\Dev2.Activities.csproj]
C:\Users\ultra\warewolf\Dev\Dev2.Activities\WorkflowConverters\WorkflowToX6Converter.cs(567,13): warning CC0105: Use 'var' instead of specifying the type name. (https://code-cracker.github.io/diagnostics/CC0105.html) [C:\Users\ultra\warewolf\Dev\Dev2.Activities\Dev2.Activities.csproj]
C:\Users\ultra\warewolf\Dev\Dev2.Activities\WorkflowConverters\WorkflowToX6Converter.cs(998,13): warning CC0004: Empty Catch Block. (https://code-cracker.github.io/diagnostics/CC0004.html) [C:\Users\ultra\warewolf\Dev\Dev2.Activities\Dev2.Activities.csproj]
C:\Users\ultra\warewolf\Dev\Dev2.Activities\WorkflowConverters\WorkflowToX6Converter.cs(1376,17): warning CC0004: Empty Catch Block. (https://code-cracker.github.io/diagnostics/CC0004.html) [C:\Users\ultra\warewolf\Dev\Dev2.Activities\Dev2.Activities.csproj]
C:\Users\ultra\warewolf\Dev\Dev2.Activities\WorkflowConverters\WorkflowToX6Converter.cs(1365,13): warning CC0006: You can use foreach instead of for. (https://code-cracker.github.io/diagnostics/CC0006.html) [C:\Users\ultra\warewolf\Dev\Dev2.Activities\Dev2.Activities.csproj]
C:\Users\ultra\warewolf\Dev\Dev2.Activities\Activities\DsfWebActivityBase.cs(175,35): warning CC0022: ByteArrayContent should be disposed. (https://code-cracker.github.io/diagnostics/CC0022.html) [C:\Users\ultra\warewolf\Dev\Dev2.Activities\Dev2.Activities.csproj]
C:\Users\ultra\warewolf\Dev\Dev2.Activities\Activities\DsfWebActivityBase.cs(184,31): warning CC0022: StringContent should be disposed. (https://code-cracker.github.io/diagnostics/CC0022.html) [C:\Users\ultra\warewolf\Dev\Dev2.Activities\Dev2.Activities.csproj]
C:\Users\ultra\warewolf\Dev\Dev2.Activities\Activities\DsfWebActivityBase.cs(136,96): warning CC0022: StringContent should be disposed. (https://code-cracker.github.io/diagnostics/CC0022.html) [C:\Users\ultra\warewolf\Dev\Dev2.Activities\Dev2.Activities.csproj]
C:\Users\ultra\warewolf\Dev\Dev2.Activities\Activities\DsfWebActivityBase.cs(158,42): warning CC0022: StreamReader should be disposed. (https://code-cracker.github.io/diagnostics/CC0022.html) [C:\Users\ultra\warewolf\Dev\Dev2.Activities\Dev2.Activities.csproj]
C:\Users\ultra\warewolf\Dev\Dev2.Activities\Activities\GetSystemInformationHelper.cs(95,36): warning CA1416: This call site is reachable on all platforms. 'ManagementBaseObject.GetPropertyValue(string)' is only supported on: 'windows'. (https://learn.microsoft.com/dotnet/fundamentals/code-analysis/quality-rules/ca1416) [C:\Users\ultra\warewolf\Dev\Dev2.Activities\Dev2.Activities.csproj]
C:\Users\ultra\warewolf\Dev\Dev2.Activities\Activities\GetSystemInformationHelper.cs(327,28): warning CA1416: This call site is reachable on all platforms. 'ManagementObjectSearcher' is only supported on: 'windows'. (https://learn.microsoft.com/dotnet/fundamentals/code-analysis/quality-rules/ca1416) [C:\Users\ultra\warewolf\Dev\Dev2.Activities\Dev2.Activities.csproj]
C:\Users\ultra\warewolf\Dev\Dev2.Activities\Activities\GetSystemInformationHelper.cs(329,31): warning CA1416: This call site is reachable on all platforms. 'ManagementObjectSearcher.Get()' is only supported on: 'windows'. (https://learn.microsoft.com/dotnet/fundamentals/code-analysis/quality-rules/ca1416) [C:\Users\ultra\warewolf\Dev\Dev2.Activities\Dev2.Activities.csproj]
C:\Users\ultra\warewolf\Dev\Dev2.Activities\Activities\GetSystemInformationHelper.cs(332,60): warning CA1416: This call site is reachable on all platforms. 'ManagementBaseObject.this[string]' is only supported on: 'windows'. (https://learn.microsoft.com/dotnet/fundamentals/code-analysis/quality-rules/ca1416) [C:\Users\ultra\warewolf\Dev\Dev2.Activities\Dev2.Activities.csproj]
C:\Users\ultra\warewolf\Dev\Dev2.Activities\Activities\GetSystemInformationHelper.cs(326,28): warning CA1416: This call site is reachable on all platforms. 'ObjectQuery' is only supported on: 'windows'. (https://learn.microsoft.com/dotnet/fundamentals/code-analysis/quality-rules/ca1416) [C:\Users\ultra\warewolf\Dev\Dev2.Activities\Dev2.Activities.csproj]
C:\Users\ultra\warewolf\Dev\Dev2.Activities\Activities\GetSystemInformationHelper.cs(345,53): warning CA1416: This call site is reachable on all platforms. 'ManagementBaseObject.this[string]' is only supported on: 'windows'. (https://learn.microsoft.com/dotnet/fundamentals/code-analysis/quality-rules/ca1416) [C:\Users\ultra\warewolf\Dev\Dev2.Activities\Dev2.Activities.csproj]
C:\Users\ultra\warewolf\Dev\Dev2.Activities\Activities\GetSystemInformationHelper.cs(341,28): warning CA1416: This call site is reachable on all platforms. 'ManagementObjectSearcher' is only supported on: 'windows'. (https://learn.microsoft.com/dotnet/fundamentals/code-analysis/quality-rules/ca1416) [C:\Users\ultra\warewolf\Dev\Dev2.Activities\Dev2.Activities.csproj]
C:\Users\ultra\warewolf\Dev\Dev2.Activities\Activities\GetSystemInformationHelper.cs(340,28): warning CA1416: This call site is reachable on all platforms. 'ObjectQuery' is only supported on: 'windows'. (https://learn.microsoft.com/dotnet/fundamentals/code-analysis/quality-rules/ca1416) [C:\Users\ultra\warewolf\Dev\Dev2.Activities\Dev2.Activities.csproj]
C:\Users\ultra\warewolf\Dev\Dev2.Activities\Activities\GetSystemInformationHelper.cs(346,58): warning CA1416: This call site is reachable on all platforms. 'ManagementBaseObject.this[string]' is only supported on: 'windows'. (https://learn.microsoft.com/dotnet/fundamentals/code-analysis/quality-rules/ca1416) [C:\Users\ultra\warewolf\Dev\Dev2.Activities\Dev2.Activities.csproj]
C:\Users\ultra\warewolf\Dev\Dev2.Activities\Activities\GetSystemInformationHelper.cs(342,31): warning CA1416: This call site is reachable on all platforms. 'ManagementObjectSearcher.Get()' is only supported on: 'windows'. (https://learn.microsoft.com/dotnet/fundamentals/code-analysis/quality-rules/ca1416) [C:\Users\ultra\warewolf\Dev\Dev2.Activities\Dev2.Activities.csproj]
C:\Users\ultra\warewolf\Dev\Dev2.Activities\Activities\GetSystemInformationHelper.cs(374,37): warning CA1416: This call site is reachable on all platforms. 'WindowsIdentity.Groups' is only supported on: 'windows'. (https://learn.microsoft.com/dotnet/fundamentals/code-analysis/quality-rules/ca1416) [C:\Users\ultra\warewolf\Dev\Dev2.Activities\Dev2.Activities.csproj]
C:\Users\ultra\warewolf\Dev\Dev2.Activities\Activities\GetSystemInformationHelper.cs(372,17): warning CA1416: This call site is reachable on all platforms. 'WindowsIdentity.Groups' is only supported on: 'windows'. (https://learn.microsoft.com/dotnet/fundamentals/code-analysis/quality-rules/ca1416) [C:\Users\ultra\warewolf\Dev\Dev2.Activities\Dev2.Activities.csproj]
C:\Users\ultra\warewolf\Dev\Dev2.Activities\Activities\GetSystemInformationHelper.cs(370,92): warning CA1416: This call site is reachable on all platforms. 'WindowsIdentity.GetCurrent()' is only supported on: 'windows'. (https://learn.microsoft.com/dotnet/fundamentals/code-analysis/quality-rules/ca1416) [C:\Users\ultra\warewolf\Dev\Dev2.Activities\Dev2.Activities.csproj]
C:\Users\ultra\warewolf\Dev\Dev2.Activities\Activities\GetSystemInformationHelper.cs(427,32): warning CA1416: This call site is reachable on all platforms. 'ManagementObjectSearcher' is only supported on: 'windows'. (https://learn.microsoft.com/dotnet/fundamentals/code-analysis/quality-rules/ca1416) [C:\Users\ultra\warewolf\Dev\Dev2.Activities\Dev2.Activities.csproj]
C:\Users\ultra\warewolf\Dev\Dev2.Activities\Activities\GetSystemInformationHelper.cs(428,35): warning CA1416: This call site is reachable on all platforms. 'ManagementObjectSearcher.Get()' is only supported on: 'windows'. (https://learn.microsoft.com/dotnet/fundamentals/code-analysis/quality-rules/ca1416) [C:\Users\ultra\warewolf\Dev\Dev2.Activities\Dev2.Activities.csproj]
C:\Users\ultra\warewolf\Dev\Dev2.Activities\Activities\GetSystemInformationHelper.cs(426,32): warning CA1416: This call site is reachable on all platforms. 'ObjectQuery' is only supported on: 'windows'. (https://learn.microsoft.com/dotnet/fundamentals/code-analysis/quality-rules/ca1416) [C:\Users\ultra\warewolf\Dev\Dev2.Activities\Dev2.Activities.csproj]
C:\Users\ultra\warewolf\Dev\Dev2.Activities\Activities\GetSystemInformationHelper.cs(431,57): warning CA1416: This call site is reachable on all platforms. 'ManagementBaseObject.this[string]' is only supported on: 'windows'. (https://learn.microsoft.com/dotnet/fundamentals/code-analysis/quality-rules/ca1416) [C:\Users\ultra\warewolf\Dev\Dev2.Activities\Dev2.Activities.csproj]
C:\Users\ultra\warewolf\Dev\Dev2.Activities\Activities\GetSystemInformationHelper.cs(386,39): warning CA1416: This call site is reachable on all platforms. 'IdentityReference.Translate(Type)' is only supported on: 'windows'. (https://learn.microsoft.com/dotnet/fundamentals/code-analysis/quality-rules/ca1416) [C:\Users\ultra\warewolf\Dev\Dev2.Activities\Dev2.Activities.csproj]
C:\Users\ultra\warewolf\Dev\Dev2.Activities\Activities\GetSystemInformationHelper.cs(394,35): warning CA1416: This call site is reachable on all platforms. 'ManagementObjectSearcher.Get()' is only supported on: 'windows'. (https://learn.microsoft.com/dotnet/fundamentals/code-analysis/quality-rules/ca1416) [C:\Users\ultra\warewolf\Dev\Dev2.Activities\Dev2.Activities.csproj]
C:\Users\ultra\warewolf\Dev\Dev2.Activities\Activities\GetSystemInformationHelper.cs(392,32): warning CA1416: This call site is reachable on all platforms. 'ObjectQuery' is only supported on: 'windows'. (https://learn.microsoft.com/dotnet/fundamentals/code-analysis/quality-rules/ca1416) [C:\Users\ultra\warewolf\Dev\Dev2.Activities\Dev2.Activities.csproj]
C:\Users\ultra\warewolf\Dev\Dev2.Activities\Activities\GetSystemInformationHelper.cs(387,28): warning CA1416: This call site is reachable on all platforms. 'IdentityReference.Value' is only supported on: 'windows'. (https://learn.microsoft.com/dotnet/fundamentals/code-analysis/quality-rules/ca1416) [C:\Users\ultra\warewolf\Dev\Dev2.Activities\Dev2.Activities.csproj]
C:\Users\ultra\warewolf\Dev\Dev2.Activities\Activities\GetSystemInformationHelper.cs(393,32): warning CA1416: This call site is reachable on all platforms. 'ManagementObjectSearcher' is only supported on: 'windows'. (https://learn.microsoft.com/dotnet/fundamentals/code-analysis/quality-rules/ca1416) [C:\Users\ultra\warewolf\Dev\Dev2.Activities\Dev2.Activities.csproj]
C:\Users\ultra\warewolf\Dev\Dev2.Activities\Activities\GetSystemInformationHelper.cs(397,49): warning CA1416: This call site is reachable on all platforms. 'ManagementBaseObject.this[string]' is only supported on: 'windows'. (https://learn.microsoft.com/dotnet/fundamentals/code-analysis/quality-rules/ca1416) [C:\Users\ultra\warewolf\Dev\Dev2.Activities\Dev2.Activities.csproj]
C:\Users\ultra\warewolf\Dev\Dev2.Activities\Activities\GetSystemInformationHelper.cs(392,90): warning CA1416: This call site is reachable on all platforms. 'IdentityReference.Value' is only supported on: 'windows'. (https://learn.microsoft.com/dotnet/fundamentals/code-analysis/quality-rules/ca1416) [C:\Users\ultra\warewolf\Dev\Dev2.Activities\Dev2.Activities.csproj]
  Dev2.Activities -> C:\Users\ultra\warewolf\Dev\Dev2.Activities\bin\Debug\net8.0\Dev2.Activities.dll
C:\Users\ultra\warewolf\Dev\Dev2.Studio.Core\Activities\Services\DesignerManagementService.cs(75,13): warning CS0618: 'EventAggregatorExtensions.Subscribe(IEventAggregator, object)' is obsolete: 'Use SubscribeOnPublishedThread' [C:\Users\ultra\warewolf\Dev\Dev2.Studio.Core\Dev2.Studio.Core.csproj]
C:\Users\ultra\warewolf\Dev\Dev2.Studio.Core\AppResources\Converters\NullableBoolToBoolConverter.cs(31,45): warning CC0057: Parameter 'targetType' is not used. (https://code-cracker.github.io/diagnostics/CC0057.html) [C:\Users\ultra\warewolf\Dev\Dev2.Studio.Core\Dev2.Studio.Core.csproj]
C:\Users\ultra\warewolf\Dev\Dev2.Studio.Core\AppResources\Converters\NullableBoolToBoolConverter.cs(31,62): warning CC0057: Parameter 'parameter' is not used. (https://code-cracker.github.io/diagnostics/CC0057.html) [C:\Users\ultra\warewolf\Dev\Dev2.Studio.Core\Dev2.Studio.Core.csproj]
C:\Users\ultra\warewolf\Dev\Dev2.Studio.Core\AppResources\Converters\NullableBoolToBoolConverter.cs(31,80): warning CC0057: Parameter 'culture' is not used. (https://code-cracker.github.io/diagnostics/CC0057.html) [C:\Users\ultra\warewolf\Dev\Dev2.Studio.Core\Dev2.Studio.Core.csproj]
C:\Users\ultra\warewolf\Dev\Dev2.Studio.Core\AppResources\Converters\NullableBoolToBoolConverter.cs(41,23): warning CC0057: Parameter 'value' is not used. (https://code-cracker.github.io/diagnostics/CC0057.html) [C:\Users\ultra\warewolf\Dev\Dev2.Studio.Core\Dev2.Studio.Core.csproj]
C:\Users\ultra\warewolf\Dev\Dev2.Studio.Core\AppResources\Converters\NullableBoolToBoolConverter.cs(41,37): warning CC0057: Parameter 'targetType' is not used. (https://code-cracker.github.io/diagnostics/CC0057.html) [C:\Users\ultra\warewolf\Dev\Dev2.Studio.Core\Dev2.Studio.Core.csproj]
C:\Users\ultra\warewolf\Dev\Dev2.Studio.Core\AppResources\Converters\NullableBoolToBoolConverter.cs(41,54): warning CC0057: Parameter 'parameter' is not used. (https://code-cracker.github.io/diagnostics/CC0057.html) [C:\Users\ultra\warewolf\Dev\Dev2.Studio.Core\Dev2.Studio.Core.csproj]
C:\Users\ultra\warewolf\Dev\Dev2.Studio.Core\AppResources\Converters\NullableBoolToBoolConverter.cs(41,72): warning CC0057: Parameter 'culture' is not used. (https://code-cracker.github.io/diagnostics/CC0057.html) [C:\Users\ultra\warewolf\Dev\Dev2.Studio.Core\Dev2.Studio.Core.csproj]
C:\Users\ultra\warewolf\Dev\Dev2.Studio.Core\AppResources\Converters\ModelItemToActivityConverter.cs(31,42): warning CC0057: Parameter 'targetType' is not used. (https://code-cracker.github.io/diagnostics/CC0057.html) [C:\Users\ultra\warewolf\Dev\Dev2.Studio.Core\Dev2.Studio.Core.csproj]
C:\Users\ultra\warewolf\Dev\Dev2.Studio.Core\AppResources\Converters\ModelItemToActivityConverter.cs(31,59): warning CC0057: Parameter 'parameter' is not used. (https://code-cracker.github.io/diagnostics/CC0057.html) [C:\Users\ultra\warewolf\Dev\Dev2.Studio.Core\Dev2.Studio.Core.csproj]
C:\Users\ultra\warewolf\Dev\Dev2.Studio.Core\AppResources\Converters\ModelItemToActivityConverter.cs(31,77): warning CC0057: Parameter 'culture' is not used. (https://code-cracker.github.io/diagnostics/CC0057.html) [C:\Users\ultra\warewolf\Dev\Dev2.Studio.Core\Dev2.Studio.Core.csproj]
C:\Users\ultra\warewolf\Dev\Dev2.Studio.Core\AppResources\Converters\ModelItemToActivityConverter.cs(45,46): warning CC0057: Parameter 'targetType' is not used. (https://code-cracker.github.io/diagnostics/CC0057.html) [C:\Users\ultra\warewolf\Dev\Dev2.Studio.Core\Dev2.Studio.Core.csproj]
C:\Users\ultra\warewolf\Dev\Dev2.Studio.Core\AppResources\Converters\ModelItemToActivityConverter.cs(45,81): warning CC0057: Parameter 'culture' is not used. (https://code-cracker.github.io/diagnostics/CC0057.html) [C:\Users\ultra\warewolf\Dev\Dev2.Studio.Core\Dev2.Studio.Core.csproj]
C:\Users\ultra\warewolf\Dev\Dev2.Studio.Core\Diagnostics\DebugStateTreeViewItemViewModel.cs(119,13): warning CC0105: Use 'var' instead of specifying the type name. (https://code-cracker.github.io/diagnostics/CC0105.html) [C:\Users\ultra\warewolf\Dev\Dev2.Studio.Core\Dev2.Studio.Core.csproj]
C:\Users\ultra\warewolf\Dev\Dev2.Studio.Core\DataList\Dev2TrieSuggestionProvider.cs(180,13): warning CC0004: Empty Catch Block. (https://code-cracker.github.io/diagnostics/CC0004.html) [C:\Users\ultra\warewolf\Dev\Dev2.Studio.Core\Dev2.Studio.Core.csproj]
  Dev2.Studio.Core -> C:\Users\ultra\warewolf\Dev\Dev2.Studio.Core\bin\Debug\net8.0\Dev2.Studio.Core.dll
C:\Program Files\dotnet\sdk\10.0.201\Microsoft.Common.CurrentVersion.targets(2451,5): warning MSB3277: Found conflicts between different versions of "WindowsBase" that could not be resolved. [C:\Users\ultra\warewolf\Dev\Warewolf.MergeParser\Warewolf.MergeParser.csproj]
C:\Program Files\dotnet\sdk\10.0.201\Microsoft.Common.CurrentVersion.targets(2451,5): warning MSB3277: There was a conflict between "WindowsBase, Version=4.0.0.0, Culture=neutral, PublicKeyToken=31bf3856ad364e35" and "WindowsBase, Version=6.0.2.0, Culture=neutral, PublicKeyToken=31bf3856ad364e35". [C:\Users\ultra\warewolf\Dev\Warewolf.MergeParser\Warewolf.MergeParser.csproj]
C:\Program Files\dotnet\sdk\10.0.201\Microsoft.Common.CurrentVersion.targets(2451,5): warning MSB3277:     "WindowsBase, Version=4.0.0.0, Culture=neutral, PublicKeyToken=31bf3856ad364e35" was chosen because it was primary and "WindowsBase, Version=6.0.2.0, Culture=neutral, PublicKeyToken=31bf3856ad364e35" was not. [C:\Users\ultra\warewolf\Dev\Warewolf.MergeParser\Warewolf.MergeParser.csproj]
C:\Program Files\dotnet\sdk\10.0.201\Microsoft.Common.CurrentVersion.targets(2451,5): warning MSB3277:     References which depend on "WindowsBase, Version=4.0.0.0, Culture=neutral, PublicKeyToken=31bf3856ad364e35" [C:\Program Files\dotnet\packs\Microsoft.NETCore.App.Ref\8.0.25\ref\net8.0\WindowsBase.dll]. [C:\Users\ultra\warewolf\Dev\Warewolf.MergeParser\Warewolf.MergeParser.csproj]
C:\Program Files\dotnet\sdk\10.0.201\Microsoft.Common.CurrentVersion.targets(2451,5): warning MSB3277:         C:\Program Files\dotnet\packs\Microsoft.NETCore.App.Ref\8.0.25\ref\net8.0\WindowsBase.dll [C:\Users\ultra\warewolf\Dev\Warewolf.MergeParser\Warewolf.MergeParser.csproj]
C:\Program Files\dotnet\sdk\10.0.201\Microsoft.Common.CurrentVersion.targets(2451,5): warning MSB3277:           Project file item includes which caused reference "C:\Program Files\dotnet\packs\Microsoft.NETCore.App.Ref\8.0.25\ref\net8.0\WindowsBase.dll". [C:\Users\ultra\warewolf\Dev\Warewolf.MergeParser\Warewolf.MergeParser.csproj]
C:\Program Files\dotnet\sdk\10.0.201\Microsoft.Common.CurrentVersion.targets(2451,5): warning MSB3277:             C:\Program Files\dotnet\packs\Microsoft.NETCore.App.Ref\8.0.25\ref/net8.0/WindowsBase.dll [C:\Users\ultra\warewolf\Dev\Warewolf.MergeParser\Warewolf.MergeParser.csproj]
C:\Program Files\dotnet\sdk\10.0.201\Microsoft.Common.CurrentVersion.targets(2451,5): warning MSB3277:     References which depend on or have been unified to "WindowsBase, Version=6.0.2.0, Culture=neutral, PublicKeyToken=31bf3856ad364e35" []. [C:\Users\ultra\warewolf\Dev\Warewolf.MergeParser\Warewolf.MergeParser.csproj]
C:\Program Files\dotnet\sdk\10.0.201\Microsoft.Common.CurrentVersion.targets(2451,5): warning MSB3277:         C:\Users\ultra\.nuget\packages\caliburn.micro\4.0.212\lib\netcoreapp3.1\Caliburn.Micro.Platform.dll [C:\Users\ultra\warewolf\Dev\Warewolf.MergeParser\Warewolf.MergeParser.csproj]
C:\Program Files\dotnet\sdk\10.0.201\Microsoft.Common.CurrentVersion.targets(2451,5): warning MSB3277:           Project file item includes which caused reference "C:\Users\ultra\.nuget\packages\caliburn.micro\4.0.212\lib\netcoreapp3.1\Caliburn.Micro.Platform.dll". [C:\Users\ultra\warewolf\Dev\Warewolf.MergeParser\Warewolf.MergeParser.csproj]
C:\Program Files\dotnet\sdk\10.0.201\Microsoft.Common.CurrentVersion.targets(2451,5): warning MSB3277:             C:\Users\ultra\.nuget\packages\caliburn.micro\4.0.212\lib\netcoreapp3.1\Caliburn.Micro.Platform.dll [C:\Users\ultra\warewolf\Dev\Warewolf.MergeParser\Warewolf.MergeParser.csproj]
C:\Program Files\dotnet\sdk\10.0.201\Microsoft.Common.CurrentVersion.targets(2451,5): warning MSB3277:         C:\Users\ultra\.nuget\packages\ironpython\3.4.0\lib\net6.0\IronPython.Wpf.dll [C:\Users\ultra\warewolf\Dev\Warewolf.MergeParser\Warewolf.MergeParser.csproj]
C:\Program Files\dotnet\sdk\10.0.201\Microsoft.Common.CurrentVersion.targets(2451,5): warning MSB3277:           Project file item includes which caused reference "C:\Users\ultra\.nuget\packages\ironpython\3.4.0\lib\net6.0\IronPython.Wpf.dll". [C:\Users\ultra\warewolf\Dev\Warewolf.MergeParser\Warewolf.MergeParser.csproj]
C:\Program Files\dotnet\sdk\10.0.201\Microsoft.Common.CurrentVersion.targets(2451,5): warning MSB3277:             C:\Users\ultra\.nuget\packages\ironpython\3.4.0\lib\net6.0\IronPython.Wpf.dll [C:\Users\ultra\warewolf\Dev\Warewolf.MergeParser\Warewolf.MergeParser.csproj]
C:\Program Files\dotnet\sdk\10.0.201\Microsoft.Common.CurrentVersion.targets(2451,5): warning MSB3277:         C:\Users\ultra\.nuget\packages\microsoft.xaml.behaviors.wpf\1.1.122\lib\net462\Microsoft.Xaml.Behaviors.dll [C:\Users\ultra\warewolf\Dev\Warewolf.MergeParser\Warewolf.MergeParser.csproj]
C:\Program Files\dotnet\sdk\10.0.201\Microsoft.Common.CurrentVersion.targets(2451,5): warning MSB3277:           Project file item includes which caused reference "C:\Users\ultra\.nuget\packages\microsoft.xaml.behaviors.wpf\1.1.122\lib\net462\Microsoft.Xaml.Behaviors.dll". [C:\Users\ultra\warewolf\Dev\Warewolf.MergeParser\Warewolf.MergeParser.csproj]
C:\Program Files\dotnet\sdk\10.0.201\Microsoft.Common.CurrentVersion.targets(2451,5): warning MSB3277:             C:\Users\ultra\.nuget\packages\microsoft.xaml.behaviors.wpf\1.1.122\lib\net462\Microsoft.Xaml.Behaviors.dll [C:\Users\ultra\warewolf\Dev\Warewolf.MergeParser\Warewolf.MergeParser.csproj]
C:\Program Files\dotnet\sdk\10.0.201\Microsoft.Common.CurrentVersion.targets(2451,5): warning MSB3277:             C:\Users\ultra\.nuget\packages\caliburn.micro\4.0.212\lib\netcoreapp3.1\Caliburn.Micro.Platform.dll [C:\Users\ultra\warewolf\Dev\Warewolf.MergeParser\Warewolf.MergeParser.csproj]
C:\Program Files\dotnet\sdk\10.0.201\Microsoft.Common.CurrentVersion.targets(2451,5): warning MSB3277:             C:\Users\ultra\.nuget\packages\prism.wpf\9.0.537\lib\net462\Prism.Wpf.dll [C:\Users\ultra\warewolf\Dev\Warewolf.MergeParser\Warewolf.MergeParser.csproj]
C:\Program Files\dotnet\sdk\10.0.201\Microsoft.Common.CurrentVersion.targets(2451,5): warning MSB3277:         C:\Users\ultra\.nuget\packages\prism.wpf\9.0.537\lib\net462\Prism.Wpf.dll [C:\Users\ultra\warewolf\Dev\Warewolf.MergeParser\Warewolf.MergeParser.csproj]
C:\Program Files\dotnet\sdk\10.0.201\Microsoft.Common.CurrentVersion.targets(2451,5): warning MSB3277:           Project file item includes which caused reference "C:\Users\ultra\.nuget\packages\prism.wpf\9.0.537\lib\net462\Prism.Wpf.dll". [C:\Users\ultra\warewolf\Dev\Warewolf.MergeParser\Warewolf.MergeParser.csproj]
C:\Program Files\dotnet\sdk\10.0.201\Microsoft.Common.CurrentVersion.targets(2451,5): warning MSB3277:             C:\Users\ultra\.nuget\packages\prism.wpf\9.0.537\lib\net462\Prism.Wpf.dll [C:\Users\ultra\warewolf\Dev\Warewolf.MergeParser\Warewolf.MergeParser.csproj]
C:\Program Files\dotnet\sdk\10.0.201\Microsoft.Common.CurrentVersion.targets(2451,5): warning MSB3277:         C:\Users\ultra\.nuget\packages\reactiveui.wpf\18.4.1\lib\net462\ReactiveUI.Wpf.dll [C:\Users\ultra\warewolf\Dev\Warewolf.MergeParser\Warewolf.MergeParser.csproj]
C:\Program Files\dotnet\sdk\10.0.201\Microsoft.Common.CurrentVersion.targets(2451,5): warning MSB3277:           Project file item includes which caused reference "C:\Users\ultra\.nuget\packages\reactiveui.wpf\18.4.1\lib\net462\ReactiveUI.Wpf.dll". [C:\Users\ultra\warewolf\Dev\Warewolf.MergeParser\Warewolf.MergeParser.csproj]
C:\Program Files\dotnet\sdk\10.0.201\Microsoft.Common.CurrentVersion.targets(2451,5): warning MSB3277:             C:\Users\ultra\.nuget\packages\reactiveui.wpf\18.4.1\lib\net462\ReactiveUI.Wpf.dll [C:\Users\ultra\warewolf\Dev\Warewolf.MergeParser\Warewolf.MergeParser.csproj]
  Warewolf.MergeParser -> C:\Users\ultra\warewolf\Dev\Warewolf.MergeParser\bin\Debug\net8.0\Warewolf.MergeParser.dll
C:\Program Files\dotnet\sdk\10.0.201\Microsoft.Common.CurrentVersion.targets(2451,5): warning MSB3277: Found conflicts between different versions of "WindowsBase" that could not be resolved. [C:\Users\ultra\warewolf\Dev\Warewolf.MergeParser.Tests\Warewolf.MergeParser.Tests.csproj]
C:\Program Files\dotnet\sdk\10.0.201\Microsoft.Common.CurrentVersion.targets(2451,5): warning MSB3277: There was a conflict between "WindowsBase, Version=4.0.0.0, Culture=neutral, PublicKeyToken=31bf3856ad364e35" and "WindowsBase, Version=6.0.2.0, Culture=neutral, PublicKeyToken=31bf3856ad364e35". [C:\Users\ultra\warewolf\Dev\Warewolf.MergeParser.Tests\Warewolf.MergeParser.Tests.csproj]
C:\Program Files\dotnet\sdk\10.0.201\Microsoft.Common.CurrentVersion.targets(2451,5): warning MSB3277:     "WindowsBase, Version=4.0.0.0, Culture=neutral, PublicKeyToken=31bf3856ad364e35" was chosen because it was primary and "WindowsBase, Version=6.0.2.0, Culture=neutral, PublicKeyToken=31bf3856ad364e35" was not. [C:\Users\ultra\warewolf\Dev\Warewolf.MergeParser.Tests\Warewolf.MergeParser.Tests.csproj]
C:\Program Files\dotnet\sdk\10.0.201\Microsoft.Common.CurrentVersion.targets(2451,5): warning MSB3277:     References which depend on "WindowsBase, Version=4.0.0.0, Culture=neutral, PublicKeyToken=31bf3856ad364e35" [C:\Program Files\dotnet\packs\Microsoft.NETCore.App.Ref\8.0.25\ref\net8.0\WindowsBase.dll]. [C:\Users\ultra\warewolf\Dev\Warewolf.MergeParser.Tests\Warewolf.MergeParser.Tests.csproj]
C:\Program Files\dotnet\sdk\10.0.201\Microsoft.Common.CurrentVersion.targets(2451,5): warning MSB3277:         C:\Program Files\dotnet\packs\Microsoft.NETCore.App.Ref\8.0.25\ref\net8.0\WindowsBase.dll [C:\Users\ultra\warewolf\Dev\Warewolf.MergeParser.Tests\Warewolf.MergeParser.Tests.csproj]
C:\Program Files\dotnet\sdk\10.0.201\Microsoft.Common.CurrentVersion.targets(2451,5): warning MSB3277:           Project file item includes which caused reference "C:\Program Files\dotnet\packs\Microsoft.NETCore.App.Ref\8.0.25\ref\net8.0\WindowsBase.dll". [C:\Users\ultra\warewolf\Dev\Warewolf.MergeParser.Tests\Warewolf.MergeParser.Tests.csproj]
C:\Program Files\dotnet\sdk\10.0.201\Microsoft.Common.CurrentVersion.targets(2451,5): warning MSB3277:             C:\Program Files\dotnet\packs\Microsoft.NETCore.App.Ref\8.0.25\ref/net8.0/WindowsBase.dll [C:\Users\ultra\warewolf\Dev\Warewolf.MergeParser.Tests\Warewolf.MergeParser.Tests.csproj]
C:\Program Files\dotnet\sdk\10.0.201\Microsoft.Common.CurrentVersion.targets(2451,5): warning MSB3277:     References which depend on or have been unified to "WindowsBase, Version=6.0.2.0, Culture=neutral, PublicKeyToken=31bf3856ad364e35" []. [C:\Users\ultra\warewolf\Dev\Warewolf.MergeParser.Tests\Warewolf.MergeParser.Tests.csproj]
C:\Program Files\dotnet\sdk\10.0.201\Microsoft.Common.CurrentVersion.targets(2451,5): warning MSB3277:         C:\Users\ultra\.nuget\packages\caliburn.micro\4.0.212\lib\netcoreapp3.1\Caliburn.Micro.Platform.dll [C:\Users\ultra\warewolf\Dev\Warewolf.MergeParser.Tests\Warewolf.MergeParser.Tests.csproj]
C:\Program Files\dotnet\sdk\10.0.201\Microsoft.Common.CurrentVersion.targets(2451,5): warning MSB3277:           Project file item includes which caused reference "C:\Users\ultra\.nuget\packages\caliburn.micro\4.0.212\lib\netcoreapp3.1\Caliburn.Micro.Platform.dll". [C:\Users\ultra\warewolf\Dev\Warewolf.MergeParser.Tests\Warewolf.MergeParser.Tests.csproj]
C:\Program Files\dotnet\sdk\10.0.201\Microsoft.Common.CurrentVersion.targets(2451,5): warning MSB3277:             C:\Users\ultra\.nuget\packages\caliburn.micro\4.0.212\lib\netcoreapp3.1\Caliburn.Micro.Platform.dll [C:\Users\ultra\warewolf\Dev\Warewolf.MergeParser.Tests\Warewolf.MergeParser.Tests.csproj]
C:\Program Files\dotnet\sdk\10.0.201\Microsoft.Common.CurrentVersion.targets(2451,5): warning MSB3277:         C:\Users\ultra\.nuget\packages\ironpython\3.4.0\lib\net6.0\IronPython.Wpf.dll [C:\Users\ultra\warewolf\Dev\Warewolf.MergeParser.Tests\Warewolf.MergeParser.Tests.csproj]
C:\Program Files\dotnet\sdk\10.0.201\Microsoft.Common.CurrentVersion.targets(2451,5): warning MSB3277:           Project file item includes which caused reference "C:\Users\ultra\.nuget\packages\ironpython\3.4.0\lib\net6.0\IronPython.Wpf.dll". [C:\Users\ultra\warewolf\Dev\Warewolf.MergeParser.Tests\Warewolf.MergeParser.Tests.csproj]
C:\Program Files\dotnet\sdk\10.0.201\Microsoft.Common.CurrentVersion.targets(2451,5): warning MSB3277:             C:\Users\ultra\.nuget\packages\ironpython\3.4.0\lib\net6.0\IronPython.Wpf.dll [C:\Users\ultra\warewolf\Dev\Warewolf.MergeParser.Tests\Warewolf.MergeParser.Tests.csproj]
C:\Program Files\dotnet\sdk\10.0.201\Microsoft.Common.CurrentVersion.targets(2451,5): warning MSB3277:         C:\Users\ultra\.nuget\packages\microsoft.xaml.behaviors.wpf\1.1.122\lib\net462\Microsoft.Xaml.Behaviors.dll [C:\Users\ultra\warewolf\Dev\Warewolf.MergeParser.Tests\Warewolf.MergeParser.Tests.csproj]
C:\Program Files\dotnet\sdk\10.0.201\Microsoft.Common.CurrentVersion.targets(2451,5): warning MSB3277:           Project file item includes which caused reference "C:\Users\ultra\.nuget\packages\microsoft.xaml.behaviors.wpf\1.1.122\lib\net462\Microsoft.Xaml.Behaviors.dll". [C:\Users\ultra\warewolf\Dev\Warewolf.MergeParser.Tests\Warewolf.MergeParser.Tests.csproj]
C:\Program Files\dotnet\sdk\10.0.201\Microsoft.Common.CurrentVersion.targets(2451,5): warning MSB3277:             C:\Users\ultra\.nuget\packages\microsoft.xaml.behaviors.wpf\1.1.122\lib\net462\Microsoft.Xaml.Behaviors.dll [C:\Users\ultra\warewolf\Dev\Warewolf.MergeParser.Tests\Warewolf.MergeParser.Tests.csproj]
C:\Program Files\dotnet\sdk\10.0.201\Microsoft.Common.CurrentVersion.targets(2451,5): warning MSB3277:             C:\Users\ultra\.nuget\packages\caliburn.micro\4.0.212\lib\netcoreapp3.1\Caliburn.Micro.Platform.dll [C:\Users\ultra\warewolf\Dev\Warewolf.MergeParser.Tests\Warewolf.MergeParser.Tests.csproj]
C:\Program Files\dotnet\sdk\10.0.201\Microsoft.Common.CurrentVersion.targets(2451,5): warning MSB3277:             C:\Users\ultra\.nuget\packages\prism.wpf\9.0.537\lib\net462\Prism.Wpf.dll [C:\Users\ultra\warewolf\Dev\Warewolf.MergeParser.Tests\Warewolf.MergeParser.Tests.csproj]
C:\Program Files\dotnet\sdk\10.0.201\Microsoft.Common.CurrentVersion.targets(2451,5): warning MSB3277:         C:\Users\ultra\.nuget\packages\prism.wpf\9.0.537\lib\net462\Prism.Wpf.dll [C:\Users\ultra\warewolf\Dev\Warewolf.MergeParser.Tests\Warewolf.MergeParser.Tests.csproj]
C:\Program Files\dotnet\sdk\10.0.201\Microsoft.Common.CurrentVersion.targets(2451,5): warning MSB3277:           Project file item includes which caused reference "C:\Users\ultra\.nuget\packages\prism.wpf\9.0.537\lib\net462\Prism.Wpf.dll". [C:\Users\ultra\warewolf\Dev\Warewolf.MergeParser.Tests\Warewolf.MergeParser.Tests.csproj]
C:\Program Files\dotnet\sdk\10.0.201\Microsoft.Common.CurrentVersion.targets(2451,5): warning MSB3277:             C:\Users\ultra\.nuget\packages\prism.wpf\9.0.537\lib\net462\Prism.Wpf.dll [C:\Users\ultra\warewolf\Dev\Warewolf.MergeParser.Tests\Warewolf.MergeParser.Tests.csproj]
C:\Program Files\dotnet\sdk\10.0.201\Microsoft.Common.CurrentVersion.targets(2451,5): warning MSB3277:         C:\Users\ultra\.nuget\packages\reactiveui.wpf\18.4.1\lib\net462\ReactiveUI.Wpf.dll [C:\Users\ultra\warewolf\Dev\Warewolf.MergeParser.Tests\Warewolf.MergeParser.Tests.csproj]
C:\Program Files\dotnet\sdk\10.0.201\Microsoft.Common.CurrentVersion.targets(2451,5): warning MSB3277:           Project file item includes which caused reference "C:\Users\ultra\.nuget\packages\reactiveui.wpf\18.4.1\lib\net462\ReactiveUI.Wpf.dll". [C:\Users\ultra\warewolf\Dev\Warewolf.MergeParser.Tests\Warewolf.MergeParser.Tests.csproj]
C:\Program Files\dotnet\sdk\10.0.201\Microsoft.Common.CurrentVersion.targets(2451,5): warning MSB3277:             C:\Users\ultra\.nuget\packages\reactiveui.wpf\18.4.1\lib\net462\ReactiveUI.Wpf.dll [C:\Users\ultra\warewolf\Dev\Warewolf.MergeParser.Tests\Warewolf.MergeParser.Tests.csproj]
  Warewolf.MergeParser.Tests -> C:\Users\ultra\warewolf\Dev\Warewolf.MergeParser.Tests\bin\Debug\net8.0\linux-x64\Warewolf.MergeParser.Tests.dll
  Warewolf.MergeParser.Tests -> C:\Users\ultra\warewolf\Bin\ServerTests-Linux\Warewolf.MergeParser.Tests\
Publishing Dev2.Sql.Tests for linux-x64...
  Determining projects to restore...
C:\Users\ultra\warewolf\Dev\Warewolf.Language.Parser\Warewolf.Language.Parser.fsproj : warning NU1504: Duplicate 'PackageReference' items found. Remove the duplicate items or use the Update functionality to ensure a consistent restore behavior. The duplicate 'PackageReference' items are: FSharp.Core 10.1.201, FSharp.Core 4.6.2.
C:\Users\ultra\warewolf\Dev\Dev2.Scheduler\Dev2.Scheduler.csproj : warning NU1701: Package 'AeroWizard 2.3.1' was restored using '.NETFramework,Version=v4.6.1, .NETFramework,Version=v4.6.2, .NETFramework,Version=v4.7, .NETFramework,Version=v4.7.1, .NETFramework,Version=v4.7.2, .NETFramework,Version=v4.8, .NETFramework,Version=v4.8.1' instead of the project target framework 'net8.0'. This package may not be fully compatible with your project. [C:\Users\ultra\warewolf\Dev\Dev2.Sql.Tests\Dev2.Sql.Tests.csproj]
C:\Users\ultra\warewolf\Dev\Warewolf.Testing\Warewolf.Testing.csproj : warning NU1701: Package 'AeroWizard 2.3.1' was restored using '.NETFramework,Version=v4.6.1, .NETFramework,Version=v4.6.2, .NETFramework,Version=v4.7, .NETFramework,Version=v4.7.1, .NETFramework,Version=v4.7.2, .NETFramework,Version=v4.8, .NETFramework,Version=v4.8.1' instead of the project target framework 'net8.0'. This package may not be fully compatible with your project. [C:\Users\ultra\warewolf\Dev\Dev2.Sql.Tests\Dev2.Sql.Tests.csproj]
C:\Users\ultra\warewolf\Dev\Warewolf.Core\Warewolf.Core.csproj : warning NU1903: Package 'Microsoft.Windows.Compatibility' 6.0.0 has a known high severity vulnerability, https://github.com/advisories/GHSA-555c-2p6r-68mm [C:\Users\ultra\warewolf\Dev\Dev2.Sql.Tests\Dev2.Sql.Tests.csproj]
C:\Users\ultra\warewolf\Dev\Warewolf.Driver.Serilog\Warewolf.Driver.Serilog.csproj : warning NU1701: Package 'AeroWizard 2.3.1' was restored using '.NETFramework,Version=v4.6.1, .NETFramework,Version=v4.6.2, .NETFramework,Version=v4.7, .NETFramework,Version=v4.7.1, .NETFramework,Version=v4.7.2, .NETFramework,Version=v4.8, .NETFramework,Version=v4.8.1' instead of the project target framework 'net8.0'. This package may not be fully compatible with your project. [C:\Users\ultra\warewolf\Dev\Dev2.Sql.Tests\Dev2.Sql.Tests.csproj]
C:\Users\ultra\warewolf\Dev\Dev2.Util\Dev2.Util.csproj : warning NU1903: Package 'Microsoft.Windows.Compatibility' 6.0.0 has a known high severity vulnerability, https://github.com/advisories/GHSA-555c-2p6r-68mm [C:\Users\ultra\warewolf\Dev\Dev2.Sql.Tests\Dev2.Sql.Tests.csproj]
C:\Users\ultra\warewolf\Dev\Warewolf.Common\Warewolf.Common.csproj : warning NU1701: Package 'AeroWizard 2.3.1' was restored using '.NETFramework,Version=v4.6.1, .NETFramework,Version=v4.6.2, .NETFramework,Version=v4.7, .NETFramework,Version=v4.7.1, .NETFramework,Version=v4.7.2, .NETFramework,Version=v4.8, .NETFramework,Version=v4.8.1' instead of the project target framework 'net8.0'. This package may not be fully compatible with your project. [C:\Users\ultra\warewolf\Dev\Dev2.Sql.Tests\Dev2.Sql.Tests.csproj]
C:\Users\ultra\warewolf\Dev\Warewolf.Common.NetStandard20\Warewolf.Common.NetStandard20.csproj : warning NU1701: Package 'AeroWizard 2.3.1' was restored using '.NETFramework,Version=v4.6.1, .NETFramework,Version=v4.6.2, .NETFramework,Version=v4.7, .NETFramework,Version=v4.7.1, .NETFramework,Version=v4.7.2, .NETFramework,Version=v4.8, .NETFramework,Version=v4.8.1' instead of the project target framework 'net8.0'. This package may not be fully compatible with your project. [C:\Users\ultra\warewolf\Dev\Dev2.Sql.Tests\Dev2.Sql.Tests.csproj]
C:\Users\ultra\warewolf\Dev\Dev2.Runtime.Configuration\Dev2.Runtime.Configuration.csproj : warning NU1903: Package 'Microsoft.Windows.Compatibility' 6.0.0 has a known high severity vulnerability, https://github.com/advisories/GHSA-555c-2p6r-68mm [C:\Users\ultra\warewolf\Dev\Dev2.Sql.Tests\Dev2.Sql.Tests.csproj]
C:\Users\ultra\warewolf\Dev\Warewolf.Common.NetStandard20\Warewolf.Common.NetStandard20.csproj : warning NU1701: Package 'GroupControls 1.9.0' was restored using '.NETFramework,Version=v4.6.1, .NETFramework,Version=v4.6.2, .NETFramework,Version=v4.7, .NETFramework,Version=v4.7.1, .NETFramework,Version=v4.7.2, .NETFramework,Version=v4.8, .NETFramework,Version=v4.8.1' instead of the project target framework 'net8.0'. This package may not be fully compatible with your project. [C:\Users\ultra\warewolf\Dev\Dev2.Sql.Tests\Dev2.Sql.Tests.csproj]
C:\Users\ultra\warewolf\Dev\Dev2.Runtime.Services\Dev2.Runtime.Services.csproj : warning NU1902: Package 'MessagePack' 2.4.59 has a known moderate severity vulnerability, https://github.com/advisories/GHSA-4qm4-8hg2-g2xm [C:\Users\ultra\warewolf\Dev\Dev2.Sql.Tests\Dev2.Sql.Tests.csproj]
C:\Users\ultra\warewolf\Dev\Warewolf.Common.NetStandard20\Warewolf.Common.NetStandard20.csproj : warning NU1701: Package 'ReactiveUI.WPF 18.4.1' was restored using '.NETFramework,Version=v4.6.1, .NETFramework,Version=v4.6.2, .NETFramework,Version=v4.7, .NETFramework,Version=v4.7.1, .NETFramework,Version=v4.7.2, .NETFramework,Version=v4.8, .NETFramework,Version=v4.8.1' instead of the project target framework 'net8.0'. This package may not be fully compatible with your project. [C:\Users\ultra\warewolf\Dev\Dev2.Sql.Tests\Dev2.Sql.Tests.csproj]
C:\Users\ultra\warewolf\Dev\Dev2.Runtime.Configuration\Dev2.Runtime.Configuration.csproj : warning NU1701: Package 'AeroWizard 2.3.1' was restored using '.NETFramework,Version=v4.6.1, .NETFramework,Version=v4.6.2, .NETFramework,Version=v4.7, .NETFramework,Version=v4.7.1, .NETFramework,Version=v4.7.2, .NETFramework,Version=v4.8, .NETFramework,Version=v4.8.1' instead of the project target framework 'net8.0'. This package may not be fully compatible with your project. [C:\Users\ultra\warewolf\Dev\Dev2.Sql.Tests\Dev2.Sql.Tests.csproj]
C:\Users\ultra\warewolf\Dev\Warewolf.Common.NetStandard20\Warewolf.Common.NetStandard20.csproj : warning NU1701: Package 'TaskSchedulerEditor 2.10.1' was restored using '.NETFramework,Version=v4.6.1, .NETFramework,Version=v4.6.2, .NETFramework,Version=v4.7, .NETFramework,Version=v4.7.1, .NETFramework,Version=v4.7.2, .NETFramework,Version=v4.8, .NETFramework,Version=v4.8.1' instead of the project target framework 'net8.0'. This package may not be fully compatible with your project. [C:\Users\ultra\warewolf\Dev\Dev2.Sql.Tests\Dev2.Sql.Tests.csproj]
C:\Users\ultra\warewolf\Dev\Dev2.Runtime.Configuration\Dev2.Runtime.Configuration.csproj : warning NU1701: Package 'GroupControls 1.9.0' was restored using '.NETFramework,Version=v4.6.1, .NETFramework,Version=v4.6.2, .NETFramework,Version=v4.7, .NETFramework,Version=v4.7.1, .NETFramework,Version=v4.7.2, .NETFramework,Version=v4.8, .NETFramework,Version=v4.8.1' instead of the project target framework 'net8.0'. This package may not be fully compatible with your project. [C:\Users\ultra\warewolf\Dev\Dev2.Sql.Tests\Dev2.Sql.Tests.csproj]
C:\Users\ultra\warewolf\Dev\Warewolf.Licensing\Warewolf.Licensing.csproj : warning NU1701: Package 'AeroWizard 2.3.1' was restored using '.NETFramework,Version=v4.6.1, .NETFramework,Version=v4.6.2, .NETFramework,Version=v4.7, .NETFramework,Version=v4.7.1, .NETFramework,Version=v4.7.2, .NETFramework,Version=v4.8, .NETFramework,Version=v4.8.1' instead of the project target framework 'net8.0'. This package may not be fully compatible with your project. [C:\Users\ultra\warewolf\Dev\Dev2.Sql.Tests\Dev2.Sql.Tests.csproj]
C:\Users\ultra\warewolf\Dev\Dev2.Runtime.Configuration\Dev2.Runtime.Configuration.csproj : warning NU1701: Package 'TaskSchedulerEditor 2.10.1' was restored using '.NETFramework,Version=v4.6.1, .NETFramework,Version=v4.6.2, .NETFramework,Version=v4.7, .NETFramework,Version=v4.7.1, .NETFramework,Version=v4.7.2, .NETFramework,Version=v4.8, .NETFramework,Version=v4.8.1' instead of the project target framework 'net8.0'. This package may not be fully compatible with your project. [C:\Users\ultra\warewolf\Dev\Dev2.Sql.Tests\Dev2.Sql.Tests.csproj]
C:\Users\ultra\warewolf\Dev\Dev2.Runtime.Services\Dev2.Runtime.Services.csproj : warning NU1903: Package 'Microsoft.Windows.Compatibility' 6.0.0 has a known high severity vulnerability, https://github.com/advisories/GHSA-555c-2p6r-68mm [C:\Users\ultra\warewolf\Dev\Dev2.Sql.Tests\Dev2.Sql.Tests.csproj]
C:\Users\ultra\warewolf\Dev\Dev2.Runtime.Services\Dev2.Runtime.Services.csproj : warning NU1701: Package 'AeroWizard 2.3.1' was restored using '.NETFramework,Version=v4.6.1, .NETFramework,Version=v4.6.2, .NETFramework,Version=v4.7, .NETFramework,Version=v4.7.1, .NETFramework,Version=v4.7.2, .NETFramework,Version=v4.8, .NETFramework,Version=v4.8.1' instead of the project target framework 'net8.0'. This package may not be fully compatible with your project. [C:\Users\ultra\warewolf\Dev\Dev2.Sql.Tests\Dev2.Sql.Tests.csproj]
C:\Users\ultra\warewolf\Dev\Dev2.Scheduler\Dev2.Scheduler.csproj : warning NU1701: Package 'GroupControls 1.9.0' was restored using '.NETFramework,Version=v4.6.1, .NETFramework,Version=v4.6.2, .NETFramework,Version=v4.7, .NETFramework,Version=v4.7.1, .NETFramework,Version=v4.7.2, .NETFramework,Version=v4.8, .NETFramework,Version=v4.8.1' instead of the project target framework 'net8.0'. This package may not be fully compatible with your project. [C:\Users\ultra\warewolf\Dev\Dev2.Sql.Tests\Dev2.Sql.Tests.csproj]
C:\Users\ultra\warewolf\Dev\Warewolf.Licensing\Warewolf.Licensing.csproj : warning NU1701: Package 'GroupControls 1.9.0' was restored using '.NETFramework,Version=v4.6.1, .NETFramework,Version=v4.6.2, .NETFramework,Version=v4.7, .NETFramework,Version=v4.7.1, .NETFramework,Version=v4.7.2, .NETFramework,Version=v4.8, .NETFramework,Version=v4.8.1' instead of the project target framework 'net8.0'. This package may not be fully compatible with your project. [C:\Users\ultra\warewolf\Dev\Dev2.Sql.Tests\Dev2.Sql.Tests.csproj]
C:\Users\ultra\warewolf\Dev\Dev2.Runtime.Services\Dev2.Runtime.Services.csproj : warning NU1701: Package 'GroupControls 1.9.0' was restored using '.NETFramework,Version=v4.6.1, .NETFramework,Version=v4.6.2, .NETFramework,Version=v4.7, .NETFramework,Version=v4.7.1, .NETFramework,Version=v4.7.2, .NETFramework,Version=v4.8, .NETFramework,Version=v4.8.1' instead of the project target framework 'net8.0'. This package may not be fully compatible with your project. [C:\Users\ultra\warewolf\Dev\Dev2.Sql.Tests\Dev2.Sql.Tests.csproj]
C:\Users\ultra\warewolf\Dev\Dev2.Scheduler\Dev2.Scheduler.csproj : warning NU1701: Package 'ReactiveUI.WPF 18.4.1' was restored using '.NETFramework,Version=v4.6.1, .NETFramework,Version=v4.6.2, .NETFramework,Version=v4.7, .NETFramework,Version=v4.7.1, .NETFramework,Version=v4.7.2, .NETFramework,Version=v4.8, .NETFramework,Version=v4.8.1' instead of the project target framework 'net8.0'. This package may not be fully compatible with your project. [C:\Users\ultra\warewolf\Dev\Dev2.Sql.Tests\Dev2.Sql.Tests.csproj]
C:\Users\ultra\warewolf\Dev\Warewolf.Licensing\Warewolf.Licensing.csproj : warning NU1701: Package 'TaskSchedulerEditor 2.10.1' was restored using '.NETFramework,Version=v4.6.1, .NETFramework,Version=v4.6.2, .NETFramework,Version=v4.7, .NETFramework,Version=v4.7.1, .NETFramework,Version=v4.7.2, .NETFramework,Version=v4.8, .NETFramework,Version=v4.8.1' instead of the project target framework 'net8.0'. This package may not be fully compatible with your project. [C:\Users\ultra\warewolf\Dev\Dev2.Sql.Tests\Dev2.Sql.Tests.csproj]
C:\Users\ultra\warewolf\Dev\Dev2.Runtime.Services\Dev2.Runtime.Services.csproj : warning NU1701: Package 'ReactiveUI.WPF 18.4.1' was restored using '.NETFramework,Version=v4.6.1, .NETFramework,Version=v4.6.2, .NETFramework,Version=v4.7, .NETFramework,Version=v4.7.1, .NETFramework,Version=v4.7.2, .NETFramework,Version=v4.8, .NETFramework,Version=v4.8.1' instead of the project target framework 'net8.0'. This package may not be fully compatible with your project. [C:\Users\ultra\warewolf\Dev\Dev2.Sql.Tests\Dev2.Sql.Tests.csproj]
C:\Users\ultra\warewolf\Dev\Dev2.Scheduler\Dev2.Scheduler.csproj : warning NU1701: Package 'TaskSchedulerEditor 2.10.1' was restored using '.NETFramework,Version=v4.6.1, .NETFramework,Version=v4.6.2, .NETFramework,Version=v4.7, .NETFramework,Version=v4.7.1, .NETFramework,Version=v4.7.2, .NETFramework,Version=v4.8, .NETFramework,Version=v4.8.1' instead of the project target framework 'net8.0'. This package may not be fully compatible with your project. [C:\Users\ultra\warewolf\Dev\Dev2.Sql.Tests\Dev2.Sql.Tests.csproj]
C:\Users\ultra\warewolf\Dev\Warewolf.Core\Warewolf.Core.csproj : warning NU1701: Package 'AeroWizard 2.3.1' was restored using '.NETFramework,Version=v4.6.1, .NETFramework,Version=v4.6.2, .NETFramework,Version=v4.7, .NETFramework,Version=v4.7.1, .NETFramework,Version=v4.7.2, .NETFramework,Version=v4.8, .NETFramework,Version=v4.8.1' instead of the project target framework 'net8.0'. This package may not be fully compatible with your project. [C:\Users\ultra\warewolf\Dev\Dev2.Sql.Tests\Dev2.Sql.Tests.csproj]
C:\Users\ultra\warewolf\Dev\Warewolf.Testing\Warewolf.Testing.csproj : warning NU1701: Package 'GroupControls 1.9.0' was restored using '.NETFramework,Version=v4.6.1, .NETFramework,Version=v4.6.2, .NETFramework,Version=v4.7, .NETFramework,Version=v4.7.1, .NETFramework,Version=v4.7.2, .NETFramework,Version=v4.8, .NETFramework,Version=v4.8.1' instead of the project target framework 'net8.0'. This package may not be fully compatible with your project. [C:\Users\ultra\warewolf\Dev\Dev2.Sql.Tests\Dev2.Sql.Tests.csproj]
C:\Users\ultra\warewolf\Dev\Dev2.Runtime.Services\Dev2.Runtime.Services.csproj : warning NU1701: Package 'TaskSchedulerEditor 2.10.1' was restored using '.NETFramework,Version=v4.6.1, .NETFramework,Version=v4.6.2, .NETFramework,Version=v4.7, .NETFramework,Version=v4.7.1, .NETFramework,Version=v4.7.2, .NETFramework,Version=v4.8, .NETFramework,Version=v4.8.1' instead of the project target framework 'net8.0'. This package may not be fully compatible with your project. [C:\Users\ultra\warewolf\Dev\Dev2.Sql.Tests\Dev2.Sql.Tests.csproj]
C:\Users\ultra\warewolf\Dev\Warewolf.Core\Warewolf.Core.csproj : warning NU1701: Package 'GroupControls 1.9.0' was restored using '.NETFramework,Version=v4.6.1, .NETFramework,Version=v4.6.2, .NETFramework,Version=v4.7, .NETFramework,Version=v4.7.1, .NETFramework,Version=v4.7.2, .NETFramework,Version=v4.8, .NETFramework,Version=v4.8.1' instead of the project target framework 'net8.0'. This package may not be fully compatible with your project. [C:\Users\ultra\warewolf\Dev\Dev2.Sql.Tests\Dev2.Sql.Tests.csproj]
C:\Users\ultra\warewolf\Dev\Warewolf.Core\Warewolf.Core.csproj : warning NU1701: Package 'ReactiveUI.WPF 18.4.1' was restored using '.NETFramework,Version=v4.6.1, .NETFramework,Version=v4.6.2, .NETFramework,Version=v4.7, .NETFramework,Version=v4.7.1, .NETFramework,Version=v4.7.2, .NETFramework,Version=v4.8, .NETFramework,Version=v4.8.1' instead of the project target framework 'net8.0'. This package may not be fully compatible with your project. [C:\Users\ultra\warewolf\Dev\Dev2.Sql.Tests\Dev2.Sql.Tests.csproj]
C:\Users\ultra\warewolf\Dev\Warewolf.Testing\Warewolf.Testing.csproj : warning NU1701: Package 'Microsoft.Xaml.Behaviors.Wpf 1.1.122' was restored using '.NETFramework,Version=v4.6.1, .NETFramework,Version=v4.6.2, .NETFramework,Version=v4.7, .NETFramework,Version=v4.7.1, .NETFramework,Version=v4.7.2, .NETFramework,Version=v4.8, .NETFramework,Version=v4.8.1' instead of the project target framework 'net8.0'. This package may not be fully compatible with your project. [C:\Users\ultra\warewolf\Dev\Dev2.Sql.Tests\Dev2.Sql.Tests.csproj]
C:\Users\ultra\warewolf\Dev\Warewolf.Core\Warewolf.Core.csproj : warning NU1701: Package 'TaskSchedulerEditor 2.10.1' was restored using '.NETFramework,Version=v4.6.1, .NETFramework,Version=v4.6.2, .NETFramework,Version=v4.7, .NETFramework,Version=v4.7.1, .NETFramework,Version=v4.7.2, .NETFramework,Version=v4.8, .NETFramework,Version=v4.8.1' instead of the project target framework 'net8.0'. This package may not be fully compatible with your project. [C:\Users\ultra\warewolf\Dev\Dev2.Sql.Tests\Dev2.Sql.Tests.csproj]
C:\Users\ultra\warewolf\Dev\Warewolf.Driver.Serilog\Warewolf.Driver.Serilog.csproj : warning NU1701: Package 'GroupControls 1.9.0' was restored using '.NETFramework,Version=v4.6.1, .NETFramework,Version=v4.6.2, .NETFramework,Version=v4.7, .NETFramework,Version=v4.7.1, .NETFramework,Version=v4.7.2, .NETFramework,Version=v4.8, .NETFramework,Version=v4.8.1' instead of the project target framework 'net8.0'. This package may not be fully compatible with your project. [C:\Users\ultra\warewolf\Dev\Dev2.Sql.Tests\Dev2.Sql.Tests.csproj]
C:\Users\ultra\warewolf\Dev\Warewolf.Testing\Warewolf.Testing.csproj : warning NU1701: Package 'Prism.Wpf 9.0.537' was restored using '.NETFramework,Version=v4.6.1, .NETFramework,Version=v4.6.2, .NETFramework,Version=v4.7, .NETFramework,Version=v4.7.1, .NETFramework,Version=v4.7.2, .NETFramework,Version=v4.8, .NETFramework,Version=v4.8.1' instead of the project target framework 'net8.0'. This package may not be fully compatible with your project. [C:\Users\ultra\warewolf\Dev\Dev2.Sql.Tests\Dev2.Sql.Tests.csproj]
C:\Users\ultra\warewolf\Dev\Warewolf.Driver.Serilog\Warewolf.Driver.Serilog.csproj : warning NU1701: Package 'ReactiveUI.WPF 18.4.1' was restored using '.NETFramework,Version=v4.6.1, .NETFramework,Version=v4.6.2, .NETFramework,Version=v4.7, .NETFramework,Version=v4.7.1, .NETFramework,Version=v4.7.2, .NETFramework,Version=v4.8, .NETFramework,Version=v4.8.1' instead of the project target framework 'net8.0'. This package may not be fully compatible with your project. [C:\Users\ultra\warewolf\Dev\Dev2.Sql.Tests\Dev2.Sql.Tests.csproj]
C:\Users\ultra\warewolf\Dev\Warewolf.Testing\Warewolf.Testing.csproj : warning NU1701: Package 'ReactiveUI.WPF 18.4.1' was restored using '.NETFramework,Version=v4.6.1, .NETFramework,Version=v4.6.2, .NETFramework,Version=v4.7, .NETFramework,Version=v4.7.1, .NETFramework,Version=v4.7.2, .NETFramework,Version=v4.8, .NETFramework,Version=v4.8.1' instead of the project target framework 'net8.0'. This package may not be fully compatible with your project. [C:\Users\ultra\warewolf\Dev\Dev2.Sql.Tests\Dev2.Sql.Tests.csproj]
C:\Users\ultra\warewolf\Dev\Warewolf.Testing\Warewolf.Testing.csproj : warning NU1701: Package 'TaskSchedulerEditor 2.10.1' was restored using '.NETFramework,Version=v4.6.1, .NETFramework,Version=v4.6.2, .NETFramework,Version=v4.7, .NETFramework,Version=v4.7.1, .NETFramework,Version=v4.7.2, .NETFramework,Version=v4.8, .NETFramework,Version=v4.8.1' instead of the project target framework 'net8.0'. This package may not be fully compatible with your project. [C:\Users\ultra\warewolf\Dev\Dev2.Sql.Tests\Dev2.Sql.Tests.csproj]
C:\Users\ultra\warewolf\Dev\Warewolf.Driver.Serilog\Warewolf.Driver.Serilog.csproj : warning NU1701: Package 'TaskSchedulerEditor 2.10.1' was restored using '.NETFramework,Version=v4.6.1, .NETFramework,Version=v4.6.2, .NETFramework,Version=v4.7, .NETFramework,Version=v4.7.1, .NETFramework,Version=v4.7.2, .NETFramework,Version=v4.8, .NETFramework,Version=v4.8.1' instead of the project target framework 'net8.0'. This package may not be fully compatible with your project. [C:\Users\ultra\warewolf\Dev\Dev2.Sql.Tests\Dev2.Sql.Tests.csproj]
C:\Users\ultra\warewolf\Dev\Warewolf.Common\Warewolf.Common.csproj : warning NU1701: Package 'GroupControls 1.9.0' was restored using '.NETFramework,Version=v4.6.1, .NETFramework,Version=v4.6.2, .NETFramework,Version=v4.7, .NETFramework,Version=v4.7.1, .NETFramework,Version=v4.7.2, .NETFramework,Version=v4.8, .NETFramework,Version=v4.8.1' instead of the project target framework 'net8.0'. This package may not be fully compatible with your project. [C:\Users\ultra\warewolf\Dev\Dev2.Sql.Tests\Dev2.Sql.Tests.csproj]
C:\Users\ultra\warewolf\Dev\Warewolf.Common\Warewolf.Common.csproj : warning NU1701: Package 'TaskSchedulerEditor 2.10.1' was restored using '.NETFramework,Version=v4.6.1, .NETFramework,Version=v4.6.2, .NETFramework,Version=v4.7, .NETFramework,Version=v4.7.1, .NETFramework,Version=v4.7.2, .NETFramework,Version=v4.8, .NETFramework,Version=v4.8.1' instead of the project target framework 'net8.0'. This package may not be fully compatible with your project. [C:\Users\ultra\warewolf\Dev\Dev2.Sql.Tests\Dev2.Sql.Tests.csproj]
C:\Users\ultra\warewolf\Dev\Dev2.Util\Dev2.Util.csproj : warning NU1701: Package 'AeroWizard 2.3.1' was restored using '.NETFramework,Version=v4.6.1, .NETFramework,Version=v4.6.2, .NETFramework,Version=v4.7, .NETFramework,Version=v4.7.1, .NETFramework,Version=v4.7.2, .NETFramework,Version=v4.8, .NETFramework,Version=v4.8.1' instead of the project target framework 'net8.0'. This package may not be fully compatible with your project. [C:\Users\ultra\warewolf\Dev\Dev2.Sql.Tests\Dev2.Sql.Tests.csproj]
C:\Users\ultra\warewolf\Dev\Dev2.Util\Dev2.Util.csproj : warning NU1701: Package 'GroupControls 1.9.0' was restored using '.NETFramework,Version=v4.6.1, .NETFramework,Version=v4.6.2, .NETFramework,Version=v4.7, .NETFramework,Version=v4.7.1, .NETFramework,Version=v4.7.2, .NETFramework,Version=v4.8, .NETFramework,Version=v4.8.1' instead of the project target framework 'net8.0'. This package may not be fully compatible with your project. [C:\Users\ultra\warewolf\Dev\Dev2.Sql.Tests\Dev2.Sql.Tests.csproj]
C:\Users\ultra\warewolf\Dev\Dev2.Util\Dev2.Util.csproj : warning NU1701: Package 'TaskSchedulerEditor 2.10.1' was restored using '.NETFramework,Version=v4.6.1, .NETFramework,Version=v4.6.2, .NETFramework,Version=v4.7, .NETFramework,Version=v4.7.1, .NETFramework,Version=v4.7.2, .NETFramework,Version=v4.8, .NETFramework,Version=v4.8.1' instead of the project target framework 'net8.0'. This package may not be fully compatible with your project. [C:\Users\ultra\warewolf\Dev\Dev2.Sql.Tests\Dev2.Sql.Tests.csproj]
C:\Users\ultra\warewolf\Dev\Warewolf.ResourceManagement\Warewolf.ResourceManagement.csproj : warning NU1701: Package 'AeroWizard 2.3.1' was restored using '.NETFramework,Version=v4.6.1, .NETFramework,Version=v4.6.2, .NETFramework,Version=v4.7, .NETFramework,Version=v4.7.1, .NETFramework,Version=v4.7.2, .NETFramework,Version=v4.8, .NETFramework,Version=v4.8.1' instead of the project target framework 'net8.0'. This package may not be fully compatible with your project. [C:\Users\ultra\warewolf\Dev\Dev2.Sql.Tests\Dev2.Sql.Tests.csproj]
C:\Users\ultra\warewolf\Dev\Warewolf.ResourceManagement\Warewolf.ResourceManagement.csproj : warning NU1701: Package 'GroupControls 1.9.0' was restored using '.NETFramework,Version=v4.6.1, .NETFramework,Version=v4.6.2, .NETFramework,Version=v4.7, .NETFramework,Version=v4.7.1, .NETFramework,Version=v4.7.2, .NETFramework,Version=v4.8, .NETFramework,Version=v4.8.1' instead of the project target framework 'net8.0'. This package may not be fully compatible with your project. [C:\Users\ultra\warewolf\Dev\Dev2.Sql.Tests\Dev2.Sql.Tests.csproj]
C:\Users\ultra\warewolf\Dev\Warewolf.ResourceManagement\Warewolf.ResourceManagement.csproj : warning NU1701: Package 'ReactiveUI.WPF 18.4.1' was restored using '.NETFramework,Version=v4.6.1, .NETFramework,Version=v4.6.2, .NETFramework,Version=v4.7, .NETFramework,Version=v4.7.1, .NETFramework,Version=v4.7.2, .NETFramework,Version=v4.8, .NETFramework,Version=v4.8.1' instead of the project target framework 'net8.0'. This package may not be fully compatible with your project. [C:\Users\ultra\warewolf\Dev\Dev2.Sql.Tests\Dev2.Sql.Tests.csproj]
C:\Users\ultra\warewolf\Dev\Warewolf.ResourceManagement\Warewolf.ResourceManagement.csproj : warning NU1701: Package 'TaskSchedulerEditor 2.10.1' was restored using '.NETFramework,Version=v4.6.1, .NETFramework,Version=v4.6.2, .NETFramework,Version=v4.7, .NETFramework,Version=v4.7.1, .NETFramework,Version=v4.7.2, .NETFramework,Version=v4.8, .NETFramework,Version=v4.8.1' instead of the project target framework 'net8.0'. This package may not be fully compatible with your project. [C:\Users\ultra\warewolf\Dev\Dev2.Sql.Tests\Dev2.Sql.Tests.csproj]
C:\Users\ultra\warewolf\Dev\Warewolf.Security\Warewolf.Security.csproj : warning NU1904: Package 'System.Drawing.Common' 4.5.1 has a known critical severity vulnerability, https://github.com/advisories/GHSA-rxg9-xrhp-64gj [C:\Users\ultra\warewolf\Dev\Dev2.Sql.Tests\Dev2.Sql.Tests.csproj]
C:\Users\ultra\warewolf\Dev\Warewolf.Data\Warewolf.Data.csproj : warning NU1701: Package 'AeroWizard 2.3.1' was restored using '.NETFramework,Version=v4.6.1, .NETFramework,Version=v4.6.2, .NETFramework,Version=v4.7, .NETFramework,Version=v4.7.1, .NETFramework,Version=v4.7.2, .NETFramework,Version=v4.8, .NETFramework,Version=v4.8.1' instead of the project target framework 'net8.0'. This package may not be fully compatible with your project. [C:\Users\ultra\warewolf\Dev\Dev2.Sql.Tests\Dev2.Sql.Tests.csproj]
C:\Users\ultra\warewolf\Dev\Warewolf.Data\Warewolf.Data.csproj : warning NU1701: Package 'GroupControls 1.9.0' was restored using '.NETFramework,Version=v4.6.1, .NETFramework,Version=v4.6.2, .NETFramework,Version=v4.7, .NETFramework,Version=v4.7.1, .NETFramework,Version=v4.7.2, .NETFramework,Version=v4.8, .NETFramework,Version=v4.8.1' instead of the project target framework 'net8.0'. This package may not be fully compatible with your project. [C:\Users\ultra\warewolf\Dev\Dev2.Sql.Tests\Dev2.Sql.Tests.csproj]
C:\Users\ultra\warewolf\Dev\Warewolf.Data\Warewolf.Data.csproj : warning NU1701: Package 'TaskSchedulerEditor 2.10.1' was restored using '.NETFramework,Version=v4.6.1, .NETFramework,Version=v4.6.2, .NETFramework,Version=v4.7, .NETFramework,Version=v4.7.1, .NETFramework,Version=v4.7.2, .NETFramework,Version=v4.8, .NETFramework,Version=v4.8.1' instead of the project target framework 'net8.0'. This package may not be fully compatible with your project. [C:\Users\ultra\warewolf\Dev\Dev2.Sql.Tests\Dev2.Sql.Tests.csproj]
C:\Users\ultra\warewolf\Dev\Warewolf.Storage.Interfaces\Warewolf.Storage.Interfaces.csproj : warning NU1701: Package 'AeroWizard 2.3.1' was restored using '.NETFramework,Version=v4.6.1, .NETFramework,Version=v4.6.2, .NETFramework,Version=v4.7, .NETFramework,Version=v4.7.1, .NETFramework,Version=v4.7.2, .NETFramework,Version=v4.8, .NETFramework,Version=v4.8.1' instead of the project target framework 'net8.0'. This package may not be fully compatible with your project. [C:\Users\ultra\warewolf\Dev\Dev2.Sql.Tests\Dev2.Sql.Tests.csproj]
C:\Users\ultra\warewolf\Dev\Warewolf.Storage.Interfaces\Warewolf.Storage.Interfaces.csproj : warning NU1701: Package 'GroupControls 1.9.0' was restored using '.NETFramework,Version=v4.6.1, .NETFramework,Version=v4.6.2, .NETFramework,Version=v4.7, .NETFramework,Version=v4.7.1, .NETFramework,Version=v4.7.2, .NETFramework,Version=v4.8, .NETFramework,Version=v4.8.1' instead of the project target framework 'net8.0'. This package may not be fully compatible with your project. [C:\Users\ultra\warewolf\Dev\Dev2.Sql.Tests\Dev2.Sql.Tests.csproj]
C:\Users\ultra\warewolf\Dev\Warewolf.Storage.Interfaces\Warewolf.Storage.Interfaces.csproj : warning NU1701: Package 'TaskSchedulerEditor 2.10.1' was restored using '.NETFramework,Version=v4.6.1, .NETFramework,Version=v4.6.2, .NETFramework,Version=v4.7, .NETFramework,Version=v4.7.1, .NETFramework,Version=v4.7.2, .NETFramework,Version=v4.8, .NETFramework,Version=v4.8.1' instead of the project target framework 'net8.0'. This package may not be fully compatible with your project. [C:\Users\ultra\warewolf\Dev\Dev2.Sql.Tests\Dev2.Sql.Tests.csproj]
C:\Users\ultra\warewolf\Dev\Dev2.TaskScheduler.Wrappers\Dev2.TaskScheduler.Wrappers.csproj : warning NU1701: Package 'AeroWizard 2.3.1' was restored using '.NETFramework,Version=v4.6.1, .NETFramework,Version=v4.6.2, .NETFramework,Version=v4.7, .NETFramework,Version=v4.7.1, .NETFramework,Version=v4.7.2, .NETFramework,Version=v4.8, .NETFramework,Version=v4.8.1' instead of the project target framework 'net8.0'. This package may not be fully compatible with your project. [C:\Users\ultra\warewolf\Dev\Dev2.Sql.Tests\Dev2.Sql.Tests.csproj]
C:\Users\ultra\warewolf\Dev\Dev2.TaskScheduler.Wrappers\Dev2.TaskScheduler.Wrappers.csproj : warning NU1701: Package 'GroupControls 1.9.0' was restored using '.NETFramework,Version=v4.6.1, .NETFramework,Version=v4.6.2, .NETFramework,Version=v4.7, .NETFramework,Version=v4.7.1, .NETFramework,Version=v4.7.2, .NETFramework,Version=v4.8, .NETFramework,Version=v4.8.1' instead of the project target framework 'net8.0'. This package may not be fully compatible with your project. [C:\Users\ultra\warewolf\Dev\Dev2.Sql.Tests\Dev2.Sql.Tests.csproj]
C:\Users\ultra\warewolf\Dev\Dev2.TaskScheduler.Wrappers\Dev2.TaskScheduler.Wrappers.csproj : warning NU1701: Package 'TaskSchedulerEditor 2.10.1' was restored using '.NETFramework,Version=v4.6.1, .NETFramework,Version=v4.6.2, .NETFramework,Version=v4.7, .NETFramework,Version=v4.7.1, .NETFramework,Version=v4.7.2, .NETFramework,Version=v4.8, .NETFramework,Version=v4.8.1' instead of the project target framework 'net8.0'. This package may not be fully compatible with your project. [C:\Users\ultra\warewolf\Dev\Dev2.Sql.Tests\Dev2.Sql.Tests.csproj]
C:\Users\ultra\warewolf\Dev\Warewolf.Storage\Warewolf.Storage.csproj : warning NU1701: Package 'AeroWizard 2.3.1' was restored using '.NETFramework,Version=v4.6.1, .NETFramework,Version=v4.6.2, .NETFramework,Version=v4.7, .NETFramework,Version=v4.7.1, .NETFramework,Version=v4.7.2, .NETFramework,Version=v4.8, .NETFramework,Version=v4.8.1' instead of the project target framework 'net8.0'. This package may not be fully compatible with your project. [C:\Users\ultra\warewolf\Dev\Dev2.Sql.Tests\Dev2.Sql.Tests.csproj]
C:\Users\ultra\warewolf\Dev\Warewolf.Storage\Warewolf.Storage.csproj : warning NU1701: Package 'GroupControls 1.9.0' was restored using '.NETFramework,Version=v4.6.1, .NETFramework,Version=v4.6.2, .NETFramework,Version=v4.7, .NETFramework,Version=v4.7.1, .NETFramework,Version=v4.7.2, .NETFramework,Version=v4.8, .NETFramework,Version=v4.8.1' instead of the project target framework 'net8.0'. This package may not be fully compatible with your project. [C:\Users\ultra\warewolf\Dev\Dev2.Sql.Tests\Dev2.Sql.Tests.csproj]
C:\Users\ultra\warewolf\Dev\Warewolf.Storage\Warewolf.Storage.csproj : warning NU1701: Package 'ReactiveUI.WPF 18.4.1' was restored using '.NETFramework,Version=v4.6.1, .NETFramework,Version=v4.6.2, .NETFramework,Version=v4.7, .NETFramework,Version=v4.7.1, .NETFramework,Version=v4.7.2, .NETFramework,Version=v4.8, .NETFramework,Version=v4.8.1' instead of the project target framework 'net8.0'. This package may not be fully compatible with your project. [C:\Users\ultra\warewolf\Dev\Dev2.Sql.Tests\Dev2.Sql.Tests.csproj]
C:\Users\ultra\warewolf\Dev\Warewolf.Storage\Warewolf.Storage.csproj : warning NU1701: Package 'TaskSchedulerEditor 2.10.1' was restored using '.NETFramework,Version=v4.6.1, .NETFramework,Version=v4.6.2, .NETFramework,Version=v4.7, .NETFramework,Version=v4.7.1, .NETFramework,Version=v4.7.2, .NETFramework,Version=v4.8, .NETFramework,Version=v4.8.1' instead of the project target framework 'net8.0'. This package may not be fully compatible with your project. [C:\Users\ultra\warewolf\Dev\Dev2.Sql.Tests\Dev2.Sql.Tests.csproj]
C:\Users\ultra\warewolf\Dev\Warewolf.Sharepoint\Warewolf.Sharepoint.csproj : warning NU1701: Package 'AeroWizard 2.3.1' was restored using '.NETFramework,Version=v4.6.1, .NETFramework,Version=v4.6.2, .NETFramework,Version=v4.7, .NETFramework,Version=v4.7.1, .NETFramework,Version=v4.7.2, .NETFramework,Version=v4.8, .NETFramework,Version=v4.8.1' instead of the project target framework 'net8.0'. This package may not be fully compatible with your project. [C:\Users\ultra\warewolf\Dev\Dev2.Sql.Tests\Dev2.Sql.Tests.csproj]
C:\Users\ultra\warewolf\Dev\Warewolf.Sharepoint\Warewolf.Sharepoint.csproj : warning NU1701: Package 'GroupControls 1.9.0' was restored using '.NETFramework,Version=v4.6.1, .NETFramework,Version=v4.6.2, .NETFramework,Version=v4.7, .NETFramework,Version=v4.7.1, .NETFramework,Version=v4.7.2, .NETFramework,Version=v4.8, .NETFramework,Version=v4.8.1' instead of the project target framework 'net8.0'. This package may not be fully compatible with your project. [C:\Users\ultra\warewolf\Dev\Dev2.Sql.Tests\Dev2.Sql.Tests.csproj]
C:\Users\ultra\warewolf\Dev\Warewolf.AI.Harness\Warewolf.AI.Harness.csproj : warning NU1701: Package 'AeroWizard 2.3.1' was restored using '.NETFramework,Version=v4.6.1, .NETFramework,Version=v4.6.2, .NETFramework,Version=v4.7, .NETFramework,Version=v4.7.1, .NETFramework,Version=v4.7.2, .NETFramework,Version=v4.8, .NETFramework,Version=v4.8.1' instead of the project target framework 'net8.0'. This package may not be fully compatible with your project. [C:\Users\ultra\warewolf\Dev\Dev2.Sql.Tests\Dev2.Sql.Tests.csproj]
C:\Users\ultra\warewolf\Dev\Warewolf.Sharepoint\Warewolf.Sharepoint.csproj : warning NU1701: Package 'ReactiveUI.WPF 18.4.1' was restored using '.NETFramework,Version=v4.6.1, .NETFramework,Version=v4.6.2, .NETFramework,Version=v4.7, .NETFramework,Version=v4.7.1, .NETFramework,Version=v4.7.2, .NETFramework,Version=v4.8, .NETFramework,Version=v4.8.1' instead of the project target framework 'net8.0'. This package may not be fully compatible with your project. [C:\Users\ultra\warewolf\Dev\Dev2.Sql.Tests\Dev2.Sql.Tests.csproj]
C:\Users\ultra\warewolf\Dev\Warewolf.AI.Harness\Warewolf.AI.Harness.csproj : warning NU1701: Package 'GroupControls 1.9.0' was restored using '.NETFramework,Version=v4.6.1, .NETFramework,Version=v4.6.2, .NETFramework,Version=v4.7, .NETFramework,Version=v4.7.1, .NETFramework,Version=v4.7.2, .NETFramework,Version=v4.8, .NETFramework,Version=v4.8.1' instead of the project target framework 'net8.0'. This package may not be fully compatible with your project. [C:\Users\ultra\warewolf\Dev\Dev2.Sql.Tests\Dev2.Sql.Tests.csproj]
C:\Users\ultra\warewolf\Dev\Warewolf.Sharepoint\Warewolf.Sharepoint.csproj : warning NU1701: Package 'TaskSchedulerEditor 2.10.1' was restored using '.NETFramework,Version=v4.6.1, .NETFramework,Version=v4.6.2, .NETFramework,Version=v4.7, .NETFramework,Version=v4.7.1, .NETFramework,Version=v4.7.2, .NETFramework,Version=v4.8, .NETFramework,Version=v4.8.1' instead of the project target framework 'net8.0'. This package may not be fully compatible with your project. [C:\Users\ultra\warewolf\Dev\Dev2.Sql.Tests\Dev2.Sql.Tests.csproj]
C:\Users\ultra\warewolf\Dev\Warewolf.AI.Harness\Warewolf.AI.Harness.csproj : warning NU1701: Package 'TaskSchedulerEditor 2.10.1' was restored using '.NETFramework,Version=v4.6.1, .NETFramework,Version=v4.6.2, .NETFramework,Version=v4.7, .NETFramework,Version=v4.7.1, .NETFramework,Version=v4.7.2, .NETFramework,Version=v4.8, .NETFramework,Version=v4.8.1' instead of the project target framework 'net8.0'. This package may not be fully compatible with your project. [C:\Users\ultra\warewolf\Dev\Dev2.Sql.Tests\Dev2.Sql.Tests.csproj]
C:\Users\ultra\warewolf\Dev\Warewolf.Auditing\Warewolf.Auditing.csproj : warning NU1701: Package 'AeroWizard 2.3.1' was restored using '.NETFramework,Version=v4.6.1, .NETFramework,Version=v4.6.2, .NETFramework,Version=v4.7, .NETFramework,Version=v4.7.1, .NETFramework,Version=v4.7.2, .NETFramework,Version=v4.8, .NETFramework,Version=v4.8.1' instead of the project target framework 'net8.0'. This package may not be fully compatible with your project. [C:\Users\ultra\warewolf\Dev\Dev2.Sql.Tests\Dev2.Sql.Tests.csproj]
C:\Users\ultra\warewolf\Dev\Warewolf.Auditing\Warewolf.Auditing.csproj : warning NU1701: Package 'GroupControls 1.9.0' was restored using '.NETFramework,Version=v4.6.1, .NETFramework,Version=v4.6.2, .NETFramework,Version=v4.7, .NETFramework,Version=v4.7.1, .NETFramework,Version=v4.7.2, .NETFramework,Version=v4.8, .NETFramework,Version=v4.8.1' instead of the project target framework 'net8.0'. This package may not be fully compatible with your project. [C:\Users\ultra\warewolf\Dev\Dev2.Sql.Tests\Dev2.Sql.Tests.csproj]
C:\Users\ultra\warewolf\Dev\Warewolf.Auditing\Warewolf.Auditing.csproj : warning NU1701: Package 'ReactiveUI.WPF 18.4.1' was restored using '.NETFramework,Version=v4.6.1, .NETFramework,Version=v4.6.2, .NETFramework,Version=v4.7, .NETFramework,Version=v4.7.1, .NETFramework,Version=v4.7.2, .NETFramework,Version=v4.8, .NETFramework,Version=v4.8.1' instead of the project target framework 'net8.0'. This package may not be fully compatible with your project. [C:\Users\ultra\warewolf\Dev\Dev2.Sql.Tests\Dev2.Sql.Tests.csproj]
C:\Users\ultra\warewolf\Dev\Warewolf.Auditing\Warewolf.Auditing.csproj : warning NU1701: Package 'TaskSchedulerEditor 2.10.1' was restored using '.NETFramework,Version=v4.6.1, .NETFramework,Version=v4.6.2, .NETFramework,Version=v4.7, .NETFramework,Version=v4.7.1, .NETFramework,Version=v4.7.2, .NETFramework,Version=v4.8, .NETFramework,Version=v4.8.1' instead of the project target framework 'net8.0'. This package may not be fully compatible with your project. [C:\Users\ultra\warewolf\Dev\Dev2.Sql.Tests\Dev2.Sql.Tests.csproj]
C:\Users\ultra\warewolf\Dev\Dev2.Diagnostics\Dev2.Diagnostics.csproj : warning NU1701: Package 'AeroWizard 2.3.1' was restored using '.NETFramework,Version=v4.6.1, .NETFramework,Version=v4.6.2, .NETFramework,Version=v4.7, .NETFramework,Version=v4.7.1, .NETFramework,Version=v4.7.2, .NETFramework,Version=v4.8, .NETFramework,Version=v4.8.1' instead of the project target framework 'net8.0'. This package may not be fully compatible with your project. [C:\Users\ultra\warewolf\Dev\Dev2.Sql.Tests\Dev2.Sql.Tests.csproj]
C:\Users\ultra\warewolf\Dev\Dev2.Diagnostics\Dev2.Diagnostics.csproj : warning NU1701: Package 'GroupControls 1.9.0' was restored using '.NETFramework,Version=v4.6.1, .NETFramework,Version=v4.6.2, .NETFramework,Version=v4.7, .NETFramework,Version=v4.7.1, .NETFramework,Version=v4.7.2, .NETFramework,Version=v4.8, .NETFramework,Version=v4.8.1' instead of the project target framework 'net8.0'. This package may not be fully compatible with your project. [C:\Users\ultra\warewolf\Dev\Dev2.Sql.Tests\Dev2.Sql.Tests.csproj]
C:\Users\ultra\warewolf\Dev\Dev2.Diagnostics\Dev2.Diagnostics.csproj : warning NU1701: Package 'TaskSchedulerEditor 2.10.1' was restored using '.NETFramework,Version=v4.6.1, .NETFramework,Version=v4.6.2, .NETFramework,Version=v4.7, .NETFramework,Version=v4.7.1, .NETFramework,Version=v4.7.2, .NETFramework,Version=v4.8, .NETFramework,Version=v4.8.1' instead of the project target framework 'net8.0'. This package may not be fully compatible with your project. [C:\Users\ultra\warewolf\Dev\Dev2.Sql.Tests\Dev2.Sql.Tests.csproj]
C:\Users\ultra\warewolf\Dev\Dev2.Infrastructure\Dev2.Infrastructure.csproj : warning NU1903: Package 'Microsoft.Windows.Compatibility' 6.0.0 has a known high severity vulnerability, https://github.com/advisories/GHSA-555c-2p6r-68mm [C:\Users\ultra\warewolf\Dev\Dev2.Sql.Tests\Dev2.Sql.Tests.csproj]
C:\Users\ultra\warewolf\Dev\Dev2.Infrastructure\Dev2.Infrastructure.csproj : warning NU1701: Package 'AeroWizard 2.3.1' was restored using '.NETFramework,Version=v4.6.1, .NETFramework,Version=v4.6.2, .NETFramework,Version=v4.7, .NETFramework,Version=v4.7.1, .NETFramework,Version=v4.7.2, .NETFramework,Version=v4.8, .NETFramework,Version=v4.8.1' instead of the project target framework 'net8.0'. This package may not be fully compatible with your project. [C:\Users\ultra\warewolf\Dev\Dev2.Sql.Tests\Dev2.Sql.Tests.csproj]
C:\Users\ultra\warewolf\Dev\Dev2.Infrastructure\Dev2.Infrastructure.csproj : warning NU1701: Package 'GroupControls 1.9.0' was restored using '.NETFramework,Version=v4.6.1, .NETFramework,Version=v4.6.2, .NETFramework,Version=v4.7, .NETFramework,Version=v4.7.1, .NETFramework,Version=v4.7.2, .NETFramework,Version=v4.8, .NETFramework,Version=v4.8.1' instead of the project target framework 'net8.0'. This package may not be fully compatible with your project. [C:\Users\ultra\warewolf\Dev\Dev2.Sql.Tests\Dev2.Sql.Tests.csproj]
C:\Users\ultra\warewolf\Dev\Dev2.Infrastructure\Dev2.Infrastructure.csproj : warning NU1701: Package 'ReactiveUI.WPF 18.4.1' was restored using '.NETFramework,Version=v4.6.1, .NETFramework,Version=v4.6.2, .NETFramework,Version=v4.7, .NETFramework,Version=v4.7.1, .NETFramework,Version=v4.7.2, .NETFramework,Version=v4.8, .NETFramework,Version=v4.8.1' instead of the project target framework 'net8.0'. This package may not be fully compatible with your project. [C:\Users\ultra\warewolf\Dev\Dev2.Sql.Tests\Dev2.Sql.Tests.csproj]
C:\Users\ultra\warewolf\Dev\Dev2.Infrastructure\Dev2.Infrastructure.csproj : warning NU1701: Package 'TaskSchedulerEditor 2.10.1' was restored using '.NETFramework,Version=v4.6.1, .NETFramework,Version=v4.6.2, .NETFramework,Version=v4.7, .NETFramework,Version=v4.7.1, .NETFramework,Version=v4.7.2, .NETFramework,Version=v4.8, .NETFramework,Version=v4.8.1' instead of the project target framework 'net8.0'. This package may not be fully compatible with your project. [C:\Users\ultra\warewolf\Dev\Dev2.Sql.Tests\Dev2.Sql.Tests.csproj]
C:\Users\ultra\warewolf\Dev\Dev2.Data.Interfaces\Dev2.Data.Interfaces.csproj : warning NU1903: Package 'DotNetZip' 1.16.0 has a known high severity vulnerability, https://github.com/advisories/GHSA-xhg6-9j5j-w4vf [C:\Users\ultra\warewolf\Dev\Dev2.Sql.Tests\Dev2.Sql.Tests.csproj]
C:\Users\ultra\warewolf\Dev\Dev2.Data.Interfaces\Dev2.Data.Interfaces.csproj : warning NU1701: Package 'AeroWizard 2.3.1' was restored using '.NETFramework,Version=v4.6.1, .NETFramework,Version=v4.6.2, .NETFramework,Version=v4.7, .NETFramework,Version=v4.7.1, .NETFramework,Version=v4.7.2, .NETFramework,Version=v4.8, .NETFramework,Version=v4.8.1' instead of the project target framework 'net8.0'. This package may not be fully compatible with your project. [C:\Users\ultra\warewolf\Dev\Dev2.Sql.Tests\Dev2.Sql.Tests.csproj]
C:\Users\ultra\warewolf\Dev\Dev2.Data.Interfaces\Dev2.Data.Interfaces.csproj : warning NU1701: Package 'GroupControls 1.9.0' was restored using '.NETFramework,Version=v4.6.1, .NETFramework,Version=v4.6.2, .NETFramework,Version=v4.7, .NETFramework,Version=v4.7.1, .NETFramework,Version=v4.7.2, .NETFramework,Version=v4.8, .NETFramework,Version=v4.8.1' instead of the project target framework 'net8.0'. This package may not be fully compatible with your project. [C:\Users\ultra\warewolf\Dev\Dev2.Sql.Tests\Dev2.Sql.Tests.csproj]
C:\Users\ultra\warewolf\Dev\Dev2.Data.Interfaces\Dev2.Data.Interfaces.csproj : warning NU1701: Package 'TaskSchedulerEditor 2.10.1' was restored using '.NETFramework,Version=v4.6.1, .NETFramework,Version=v4.6.2, .NETFramework,Version=v4.7, .NETFramework,Version=v4.7.1, .NETFramework,Version=v4.7.2, .NETFramework,Version=v4.8, .NETFramework,Version=v4.8.1' instead of the project target framework 'net8.0'. This package may not be fully compatible with your project. [C:\Users\ultra\warewolf\Dev\Dev2.Sql.Tests\Dev2.Sql.Tests.csproj]
C:\Users\ultra\warewolf\Dev\Dev2.Services.Sql\Dev2.Services.Sql.csproj : warning NU1903: Package 'Oracle.ManagedDataAccess.Core' 3.21.70 has a known high severity vulnerability, https://github.com/advisories/GHSA-5pm2-9mr2-3frq [C:\Users\ultra\warewolf\Dev\Dev2.Sql.Tests\Dev2.Sql.Tests.csproj]
C:\Users\ultra\warewolf\Dev\Dev2.Services.Sql\Dev2.Services.Sql.csproj : warning NU1701: Package 'AeroWizard 2.3.1' was restored using '.NETFramework,Version=v4.6.1, .NETFramework,Version=v4.6.2, .NETFramework,Version=v4.7, .NETFramework,Version=v4.7.1, .NETFramework,Version=v4.7.2, .NETFramework,Version=v4.8, .NETFramework,Version=v4.8.1' instead of the project target framework 'net8.0'. This package may not be fully compatible with your project. [C:\Users\ultra\warewolf\Dev\Dev2.Sql.Tests\Dev2.Sql.Tests.csproj]
C:\Users\ultra\warewolf\Dev\Dev2.Services.Sql\Dev2.Services.Sql.csproj : warning NU1701: Package 'GroupControls 1.9.0' was restored using '.NETFramework,Version=v4.6.1, .NETFramework,Version=v4.6.2, .NETFramework,Version=v4.7, .NETFramework,Version=v4.7.1, .NETFramework,Version=v4.7.2, .NETFramework,Version=v4.8, .NETFramework,Version=v4.8.1' instead of the project target framework 'net8.0'. This package may not be fully compatible with your project. [C:\Users\ultra\warewolf\Dev\Dev2.Sql.Tests\Dev2.Sql.Tests.csproj]
C:\Users\ultra\warewolf\Dev\Dev2.Services.Sql\Dev2.Services.Sql.csproj : warning NU1701: Package 'ReactiveUI.WPF 18.4.1' was restored using '.NETFramework,Version=v4.6.1, .NETFramework,Version=v4.6.2, .NETFramework,Version=v4.7, .NETFramework,Version=v4.7.1, .NETFramework,Version=v4.7.2, .NETFramework,Version=v4.8, .NETFramework,Version=v4.8.1' instead of the project target framework 'net8.0'. This package may not be fully compatible with your project. [C:\Users\ultra\warewolf\Dev\Dev2.Sql.Tests\Dev2.Sql.Tests.csproj]
C:\Users\ultra\warewolf\Dev\Dev2.Services.Sql\Dev2.Services.Sql.csproj : warning NU1701: Package 'TaskSchedulerEditor 2.10.1' was restored using '.NETFramework,Version=v4.6.1, .NETFramework,Version=v4.6.2, .NETFramework,Version=v4.7, .NETFramework,Version=v4.7.1, .NETFramework,Version=v4.7.2, .NETFramework,Version=v4.8, .NETFramework,Version=v4.8.1' instead of the project target framework 'net8.0'. This package may not be fully compatible with your project. [C:\Users\ultra\warewolf\Dev\Dev2.Sql.Tests\Dev2.Sql.Tests.csproj]
C:\Users\ultra\warewolf\Dev\Dev2.Common.Interfaces\Dev2.Common.Interfaces.csproj : warning NU1903: Package 'Microsoft.Windows.Compatibility' 6.0.0 has a known high severity vulnerability, https://github.com/advisories/GHSA-555c-2p6r-68mm [C:\Users\ultra\warewolf\Dev\Dev2.Sql.Tests\Dev2.Sql.Tests.csproj]
C:\Users\ultra\warewolf\Dev\Dev2.Common.Interfaces\Dev2.Common.Interfaces.csproj : warning NU1701: Package 'AeroWizard 2.3.1' was restored using '.NETFramework,Version=v4.6.1, .NETFramework,Version=v4.6.2, .NETFramework,Version=v4.7, .NETFramework,Version=v4.7.1, .NETFramework,Version=v4.7.2, .NETFramework,Version=v4.8, .NETFramework,Version=v4.8.1' instead of the project target framework 'net8.0'. This package may not be fully compatible with your project. [C:\Users\ultra\warewolf\Dev\Dev2.Sql.Tests\Dev2.Sql.Tests.csproj]
C:\Users\ultra\warewolf\Dev\Dev2.Common.Interfaces\Dev2.Common.Interfaces.csproj : warning NU1701: Package 'GroupControls 1.9.0' was restored using '.NETFramework,Version=v4.6.1, .NETFramework,Version=v4.6.2, .NETFramework,Version=v4.7, .NETFramework,Version=v4.7.1, .NETFramework,Version=v4.7.2, .NETFramework,Version=v4.8, .NETFramework,Version=v4.8.1' instead of the project target framework 'net8.0'. This package may not be fully compatible with your project. [C:\Users\ultra\warewolf\Dev\Dev2.Sql.Tests\Dev2.Sql.Tests.csproj]
C:\Users\ultra\warewolf\Dev\Dev2.Common.Interfaces\Dev2.Common.Interfaces.csproj : warning NU1701: Package 'TaskSchedulerEditor 2.10.1' was restored using '.NETFramework,Version=v4.6.1, .NETFramework,Version=v4.6.2, .NETFramework,Version=v4.7, .NETFramework,Version=v4.7.1, .NETFramework,Version=v4.7.2, .NETFramework,Version=v4.8, .NETFramework,Version=v4.8.1' instead of the project target framework 'net8.0'. This package may not be fully compatible with your project. [C:\Users\ultra\warewolf\Dev\Dev2.Sql.Tests\Dev2.Sql.Tests.csproj]
C:\Users\ultra\warewolf\Dev\Dev2.Data\Dev2.Data.csproj : warning NU1701: Package 'AeroWizard 2.3.1' was restored using '.NETFramework,Version=v4.6.1, .NETFramework,Version=v4.6.2, .NETFramework,Version=v4.7, .NETFramework,Version=v4.7.1, .NETFramework,Version=v4.7.2, .NETFramework,Version=v4.8, .NETFramework,Version=v4.8.1' instead of the project target framework 'net8.0'. This package may not be fully compatible with your project. [C:\Users\ultra\warewolf\Dev\Dev2.Sql.Tests\Dev2.Sql.Tests.csproj]
C:\Users\ultra\warewolf\Dev\Dev2.Data\Dev2.Data.csproj : warning NU1701: Package 'GroupControls 1.9.0' was restored using '.NETFramework,Version=v4.6.1, .NETFramework,Version=v4.6.2, .NETFramework,Version=v4.7, .NETFramework,Version=v4.7.1, .NETFramework,Version=v4.7.2, .NETFramework,Version=v4.8, .NETFramework,Version=v4.8.1' instead of the project target framework 'net8.0'. This package may not be fully compatible with your project. [C:\Users\ultra\warewolf\Dev\Dev2.Sql.Tests\Dev2.Sql.Tests.csproj]
C:\Users\ultra\warewolf\Dev\Dev2.Data\Dev2.Data.csproj : warning NU1701: Package 'ReactiveUI.WPF 18.4.1' was restored using '.NETFramework,Version=v4.6.1, .NETFramework,Version=v4.6.2, .NETFramework,Version=v4.7, .NETFramework,Version=v4.7.1, .NETFramework,Version=v4.7.2, .NETFramework,Version=v4.8, .NETFramework,Version=v4.8.1' instead of the project target framework 'net8.0'. This package may not be fully compatible with your project. [C:\Users\ultra\warewolf\Dev\Dev2.Sql.Tests\Dev2.Sql.Tests.csproj]
C:\Users\ultra\warewolf\Dev\Dev2.Data\Dev2.Data.csproj : warning NU1701: Package 'TaskSchedulerEditor 2.10.1' was restored using '.NETFramework,Version=v4.6.1, .NETFramework,Version=v4.6.2, .NETFramework,Version=v4.7, .NETFramework,Version=v4.7.1, .NETFramework,Version=v4.7.2, .NETFramework,Version=v4.8, .NETFramework,Version=v4.8.1' instead of the project target framework 'net8.0'. This package may not be fully compatible with your project. [C:\Users\ultra\warewolf\Dev\Dev2.Sql.Tests\Dev2.Sql.Tests.csproj]
C:\Users\ultra\warewolf\Dev\Dev2.Common\Dev2.Common.csproj : warning NU1903: Package 'Microsoft.Windows.Compatibility' 6.0.0 has a known high severity vulnerability, https://github.com/advisories/GHSA-555c-2p6r-68mm [C:\Users\ultra\warewolf\Dev\Dev2.Sql.Tests\Dev2.Sql.Tests.csproj]
C:\Users\ultra\warewolf\Dev\Dev2.Common\Dev2.Common.csproj : warning NU1701: Package 'AeroWizard 2.3.1' was restored using '.NETFramework,Version=v4.6.1, .NETFramework,Version=v4.6.2, .NETFramework,Version=v4.7, .NETFramework,Version=v4.7.1, .NETFramework,Version=v4.7.2, .NETFramework,Version=v4.8, .NETFramework,Version=v4.8.1' instead of the project target framework 'net8.0'. This package may not be fully compatible with your project. [C:\Users\ultra\warewolf\Dev\Dev2.Sql.Tests\Dev2.Sql.Tests.csproj]
C:\Users\ultra\warewolf\Dev\Dev2.Common\Dev2.Common.csproj : warning NU1701: Package 'GroupControls 1.9.0' was restored using '.NETFramework,Version=v4.6.1, .NETFramework,Version=v4.6.2, .NETFramework,Version=v4.7, .NETFramework,Version=v4.7.1, .NETFramework,Version=v4.7.2, .NETFramework,Version=v4.8, .NETFramework,Version=v4.8.1' instead of the project target framework 'net8.0'. This package may not be fully compatible with your project. [C:\Users\ultra\warewolf\Dev\Dev2.Sql.Tests\Dev2.Sql.Tests.csproj]
C:\Users\ultra\warewolf\Dev\Dev2.Common\Dev2.Common.csproj : warning NU1701: Package 'TaskSchedulerEditor 2.10.1' was restored using '.NETFramework,Version=v4.6.1, .NETFramework,Version=v4.6.2, .NETFramework,Version=v4.7, .NETFramework,Version=v4.7.1, .NETFramework,Version=v4.7.2, .NETFramework,Version=v4.8, .NETFramework,Version=v4.8.1' instead of the project target framework 'net8.0'. This package may not be fully compatible with your project. [C:\Users\ultra\warewolf\Dev\Dev2.Sql.Tests\Dev2.Sql.Tests.csproj]
C:\Users\ultra\warewolf\Dev\Dev2.Studio.Interfaces\Dev2.Studio.Interfaces.csproj : warning NU1701: Package 'AeroWizard 2.3.1' was restored using '.NETFramework,Version=v4.6.1, .NETFramework,Version=v4.6.2, .NETFramework,Version=v4.7, .NETFramework,Version=v4.7.1, .NETFramework,Version=v4.7.2, .NETFramework,Version=v4.8, .NETFramework,Version=v4.8.1' instead of the project target framework 'net8.0'. This package may not be fully compatible with your project. [C:\Users\ultra\warewolf\Dev\Dev2.Sql.Tests\Dev2.Sql.Tests.csproj]
C:\Users\ultra\warewolf\Dev\Dev2.Studio.Interfaces\Dev2.Studio.Interfaces.csproj : warning NU1701: Package 'GroupControls 1.9.0' was restored using '.NETFramework,Version=v4.6.1, .NETFramework,Version=v4.6.2, .NETFramework,Version=v4.7, .NETFramework,Version=v4.7.1, .NETFramework,Version=v4.7.2, .NETFramework,Version=v4.8, .NETFramework,Version=v4.8.1' instead of the project target framework 'net8.0'. This package may not be fully compatible with your project. [C:\Users\ultra\warewolf\Dev\Dev2.Sql.Tests\Dev2.Sql.Tests.csproj]
C:\Users\ultra\warewolf\Dev\Dev2.Studio.Interfaces\Dev2.Studio.Interfaces.csproj : warning NU1701: Package 'Microsoft.Xaml.Behaviors.Wpf 1.1.122' was restored using '.NETFramework,Version=v4.6.1, .NETFramework,Version=v4.6.2, .NETFramework,Version=v4.7, .NETFramework,Version=v4.7.1, .NETFramework,Version=v4.7.2, .NETFramework,Version=v4.8, .NETFramework,Version=v4.8.1' instead of the project target framework 'net8.0'. This package may not be fully compatible with your project. [C:\Users\ultra\warewolf\Dev\Dev2.Sql.Tests\Dev2.Sql.Tests.csproj]
C:\Users\ultra\warewolf\Dev\Dev2.Studio.Interfaces\Dev2.Studio.Interfaces.csproj : warning NU1701: Package 'Prism.Wpf 9.0.537' was restored using '.NETFramework,Version=v4.6.1, .NETFramework,Version=v4.6.2, .NETFramework,Version=v4.7, .NETFramework,Version=v4.7.1, .NETFramework,Version=v4.7.2, .NETFramework,Version=v4.8, .NETFramework,Version=v4.8.1' instead of the project target framework 'net8.0'. This package may not be fully compatible with your project. [C:\Users\ultra\warewolf\Dev\Dev2.Sql.Tests\Dev2.Sql.Tests.csproj]
C:\Users\ultra\warewolf\Dev\Dev2.Studio.Interfaces\Dev2.Studio.Interfaces.csproj : warning NU1701: Package 'ReactiveUI.WPF 18.4.1' was restored using '.NETFramework,Version=v4.6.1, .NETFramework,Version=v4.6.2, .NETFramework,Version=v4.7, .NETFramework,Version=v4.7.1, .NETFramework,Version=v4.7.2, .NETFramework,Version=v4.8, .NETFramework,Version=v4.8.1' instead of the project target framework 'net8.0'. This package may not be fully compatible with your project. [C:\Users\ultra\warewolf\Dev\Dev2.Sql.Tests\Dev2.Sql.Tests.csproj]
C:\Users\ultra\warewolf\Dev\Dev2.Studio.Interfaces\Dev2.Studio.Interfaces.csproj : warning NU1701: Package 'TaskSchedulerEditor 2.10.1' was restored using '.NETFramework,Version=v4.6.1, .NETFramework,Version=v4.6.2, .NETFramework,Version=v4.7, .NETFramework,Version=v4.7.1, .NETFramework,Version=v4.7.2, .NETFramework,Version=v4.8, .NETFramework,Version=v4.8.1' instead of the project target framework 'net8.0'. This package may not be fully compatible with your project. [C:\Users\ultra\warewolf\Dev\Dev2.Sql.Tests\Dev2.Sql.Tests.csproj]
C:\Users\ultra\warewolf\Dev\Dev2.CustomControls\Dev2.CustomControls.csproj : warning NU1903: Package 'Microsoft.Windows.Compatibility' 6.0.0 has a known high severity vulnerability, https://github.com/advisories/GHSA-555c-2p6r-68mm [C:\Users\ultra\warewolf\Dev\Dev2.Sql.Tests\Dev2.Sql.Tests.csproj]
C:\Users\ultra\warewolf\Dev\Dev2.CustomControls\Dev2.CustomControls.csproj : warning NU1701: Package 'AeroWizard 2.3.1' was restored using '.NETFramework,Version=v4.6.1, .NETFramework,Version=v4.6.2, .NETFramework,Version=v4.7, .NETFramework,Version=v4.7.1, .NETFramework,Version=v4.7.2, .NETFramework,Version=v4.8, .NETFramework,Version=v4.8.1' instead of the project target framework 'net8.0'. This package may not be fully compatible with your project. [C:\Users\ultra\warewolf\Dev\Dev2.Sql.Tests\Dev2.Sql.Tests.csproj]
C:\Users\ultra\warewolf\Dev\Dev2.CustomControls\Dev2.CustomControls.csproj : warning NU1701: Package 'GroupControls 1.9.0' was restored using '.NETFramework,Version=v4.6.1, .NETFramework,Version=v4.6.2, .NETFramework,Version=v4.7, .NETFramework,Version=v4.7.1, .NETFramework,Version=v4.7.2, .NETFramework,Version=v4.8, .NETFramework,Version=v4.8.1' instead of the project target framework 'net8.0'. This package may not be fully compatible with your project. [C:\Users\ultra\warewolf\Dev\Dev2.Sql.Tests\Dev2.Sql.Tests.csproj]
C:\Users\ultra\warewolf\Dev\Dev2.CustomControls\Dev2.CustomControls.csproj : warning NU1701: Package 'TaskSchedulerEditor 2.10.1' was restored using '.NETFramework,Version=v4.6.1, .NETFramework,Version=v4.6.2, .NETFramework,Version=v4.7, .NETFramework,Version=v4.7.1, .NETFramework,Version=v4.7.2, .NETFramework,Version=v4.8, .NETFramework,Version=v4.8.1' instead of the project target framework 'net8.0'. This package may not be fully compatible with your project. [C:\Users\ultra\warewolf\Dev\Dev2.Sql.Tests\Dev2.Sql.Tests.csproj]
C:\Users\ultra\warewolf\Dev\Dev2.Core\Dev2.Core.csproj : warning NU1903: Package 'Microsoft.Windows.Compatibility' 6.0.0 has a known high severity vulnerability, https://github.com/advisories/GHSA-555c-2p6r-68mm [C:\Users\ultra\warewolf\Dev\Dev2.Sql.Tests\Dev2.Sql.Tests.csproj]
C:\Users\ultra\warewolf\Dev\Dev2.Core\Dev2.Core.csproj : warning NU1701: Package 'AeroWizard 2.3.1' was restored using '.NETFramework,Version=v4.6.1, .NETFramework,Version=v4.6.2, .NETFramework,Version=v4.7, .NETFramework,Version=v4.7.1, .NETFramework,Version=v4.7.2, .NETFramework,Version=v4.8, .NETFramework,Version=v4.8.1' instead of the project target framework 'net8.0'. This package may not be fully compatible with your project. [C:\Users\ultra\warewolf\Dev\Dev2.Sql.Tests\Dev2.Sql.Tests.csproj]
C:\Users\ultra\warewolf\Dev\Dev2.Core\Dev2.Core.csproj : warning NU1701: Package 'GroupControls 1.9.0' was restored using '.NETFramework,Version=v4.6.1, .NETFramework,Version=v4.6.2, .NETFramework,Version=v4.7, .NETFramework,Version=v4.7.1, .NETFramework,Version=v4.7.2, .NETFramework,Version=v4.8, .NETFramework,Version=v4.8.1' instead of the project target framework 'net8.0'. This package may not be fully compatible with your project. [C:\Users\ultra\warewolf\Dev\Dev2.Sql.Tests\Dev2.Sql.Tests.csproj]
C:\Users\ultra\warewolf\Dev\Dev2.Core\Dev2.Core.csproj : warning NU1701: Package 'ReactiveUI.WPF 18.4.1' was restored using '.NETFramework,Version=v4.6.1, .NETFramework,Version=v4.6.2, .NETFramework,Version=v4.7, .NETFramework,Version=v4.7.1, .NETFramework,Version=v4.7.2, .NETFramework,Version=v4.8, .NETFramework,Version=v4.8.1' instead of the project target framework 'net8.0'. This package may not be fully compatible with your project. [C:\Users\ultra\warewolf\Dev\Dev2.Sql.Tests\Dev2.Sql.Tests.csproj]
C:\Users\ultra\warewolf\Dev\Dev2.Core\Dev2.Core.csproj : warning NU1701: Package 'TaskSchedulerEditor 2.10.1' was restored using '.NETFramework,Version=v4.6.1, .NETFramework,Version=v4.6.2, .NETFramework,Version=v4.7, .NETFramework,Version=v4.7.1, .NETFramework,Version=v4.7.2, .NETFramework,Version=v4.8, .NETFramework,Version=v4.8.1' instead of the project target framework 'net8.0'. This package may not be fully compatible with your project. [C:\Users\ultra\warewolf\Dev\Dev2.Sql.Tests\Dev2.Sql.Tests.csproj]
  Restored C:\Users\ultra\warewolf\Dev\Dev2.Sql\Dev2.Sql.csproj (in 220 ms).
C:\Users\ultra\warewolf\Dev\Dev2.Sql.Tests\Dev2.Sql.Tests.csproj : warning NU1701: Package 'AeroWizard 2.3.1' was restored using '.NETFramework,Version=v4.6.1, .NETFramework,Version=v4.6.2, .NETFramework,Version=v4.7, .NETFramework,Version=v4.7.1, .NETFramework,Version=v4.7.2, .NETFramework,Version=v4.8, .NETFramework,Version=v4.8.1' instead of the project target framework 'net8.0'. This package may not be fully compatible with your project.
C:\Users\ultra\warewolf\Dev\Dev2.Sql.Tests\Dev2.Sql.Tests.csproj : warning NU1701: Package 'GroupControls 1.9.0' was restored using '.NETFramework,Version=v4.6.1, .NETFramework,Version=v4.6.2, .NETFramework,Version=v4.7, .NETFramework,Version=v4.7.1, .NETFramework,Version=v4.7.2, .NETFramework,Version=v4.8, .NETFramework,Version=v4.8.1' instead of the project target framework 'net8.0'. This package may not be fully compatible with your project.
C:\Users\ultra\warewolf\Dev\Dev2.Sql.Tests\Dev2.Sql.Tests.csproj : warning NU1701: Package 'Microsoft.Xaml.Behaviors.Wpf 1.1.122' was restored using '.NETFramework,Version=v4.6.1, .NETFramework,Version=v4.6.2, .NETFramework,Version=v4.7, .NETFramework,Version=v4.7.1, .NETFramework,Version=v4.7.2, .NETFramework,Version=v4.8, .NETFramework,Version=v4.8.1' instead of the project target framework 'net8.0'. This package may not be fully compatible with your project.
C:\Users\ultra\warewolf\Dev\Dev2.Sql.Tests\Dev2.Sql.Tests.csproj : warning NU1701: Package 'Prism.Wpf 9.0.537' was restored using '.NETFramework,Version=v4.6.1, .NETFramework,Version=v4.6.2, .NETFramework,Version=v4.7, .NETFramework,Version=v4.7.1, .NETFramework,Version=v4.7.2, .NETFramework,Version=v4.8, .NETFramework,Version=v4.8.1' instead of the project target framework 'net8.0'. This package may not be fully compatible with your project.
C:\Users\ultra\warewolf\Dev\Dev2.Sql.Tests\Dev2.Sql.Tests.csproj : warning NU1701: Package 'ReactiveUI.WPF 18.4.1' was restored using '.NETFramework,Version=v4.6.1, .NETFramework,Version=v4.6.2, .NETFramework,Version=v4.7, .NETFramework,Version=v4.7.1, .NETFramework,Version=v4.7.2, .NETFramework,Version=v4.8, .NETFramework,Version=v4.8.1' instead of the project target framework 'net8.0'. This package may not be fully compatible with your project.
C:\Users\ultra\warewolf\Dev\Dev2.Sql.Tests\Dev2.Sql.Tests.csproj : warning NU1701: Package 'TaskSchedulerEditor 2.10.1' was restored using '.NETFramework,Version=v4.6.1, .NETFramework,Version=v4.6.2, .NETFramework,Version=v4.7, .NETFramework,Version=v4.7.1, .NETFramework,Version=v4.7.2, .NETFramework,Version=v4.8, .NETFramework,Version=v4.8.1' instead of the project target framework 'net8.0'. This package may not be fully compatible with your project.
  Restored C:\Users\ultra\warewolf\Dev\Dev2.Sql.Tests\Dev2.Sql.Tests.csproj (in 470 ms).
  43 of 45 projects are up-to-date for restore.
C:\Users\ultra\warewolf\Dev\Dev2.Sql.Tests\Dev2.Sql.Tests.csproj : warning NU1701: Package 'AeroWizard 2.3.1' was restored using '.NETFramework,Version=v4.6.1, .NETFramework,Version=v4.6.2, .NETFramework,Version=v4.7, .NETFramework,Version=v4.7.1, .NETFramework,Version=v4.7.2, .NETFramework,Version=v4.8, .NETFramework,Version=v4.8.1' instead of the project target framework 'net8.0'. This package may not be fully compatible with your project.
C:\Users\ultra\warewolf\Dev\Dev2.Sql.Tests\Dev2.Sql.Tests.csproj : warning NU1701: Package 'GroupControls 1.9.0' was restored using '.NETFramework,Version=v4.6.1, .NETFramework,Version=v4.6.2, .NETFramework,Version=v4.7, .NETFramework,Version=v4.7.1, .NETFramework,Version=v4.7.2, .NETFramework,Version=v4.8, .NETFramework,Version=v4.8.1' instead of the project target framework 'net8.0'. This package may not be fully compatible with your project.
C:\Users\ultra\warewolf\Dev\Dev2.Sql.Tests\Dev2.Sql.Tests.csproj : warning NU1701: Package 'Microsoft.Xaml.Behaviors.Wpf 1.1.122' was restored using '.NETFramework,Version=v4.6.1, .NETFramework,Version=v4.6.2, .NETFramework,Version=v4.7, .NETFramework,Version=v4.7.1, .NETFramework,Version=v4.7.2, .NETFramework,Version=v4.8, .NETFramework,Version=v4.8.1' instead of the project target framework 'net8.0'. This package may not be fully compatible with your project.
C:\Users\ultra\warewolf\Dev\Dev2.Sql.Tests\Dev2.Sql.Tests.csproj : warning NU1701: Package 'Prism.Wpf 9.0.537' was restored using '.NETFramework,Version=v4.6.1, .NETFramework,Version=v4.6.2, .NETFramework,Version=v4.7, .NETFramework,Version=v4.7.1, .NETFramework,Version=v4.7.2, .NETFramework,Version=v4.8, .NETFramework,Version=v4.8.1' instead of the project target framework 'net8.0'. This package may not be fully compatible with your project.
C:\Users\ultra\warewolf\Dev\Dev2.Sql.Tests\Dev2.Sql.Tests.csproj : warning NU1701: Package 'ReactiveUI.WPF 18.4.1' was restored using '.NETFramework,Version=v4.6.1, .NETFramework,Version=v4.6.2, .NETFramework,Version=v4.7, .NETFramework,Version=v4.7.1, .NETFramework,Version=v4.7.2, .NETFramework,Version=v4.8, .NETFramework,Version=v4.8.1' instead of the project target framework 'net8.0'. This package may not be fully compatible with your project.
C:\Users\ultra\warewolf\Dev\Dev2.Sql.Tests\Dev2.Sql.Tests.csproj : warning NU1701: Package 'TaskSchedulerEditor 2.10.1' was restored using '.NETFramework,Version=v4.6.1, .NETFramework,Version=v4.6.2, .NETFramework,Version=v4.7, .NETFramework,Version=v4.7.1, .NETFramework,Version=v4.7.2, .NETFramework,Version=v4.8, .NETFramework,Version=v4.8.1' instead of the project target framework 'net8.0'. This package may not be fully compatible with your project.
C:\Program Files\dotnet\sdk\10.0.201\Sdks\Microsoft.NET.Sdk\targets\Microsoft.NET.Sdk.DefaultItems.targets(162,5): warning NETSDK1137: It is no longer necessary to use the Microsoft.NET.Sdk.WindowsDesktop SDK. Consider changing the Sdk attribute of the root Project element to 'Microsoft.NET.Sdk'. [C:\Users\ultra\warewolf\Dev\Dev2.CustomControls\Dev2.CustomControls.csproj]
C:\Program Files\dotnet\sdk\10.0.201\Sdks\Microsoft.NET.Sdk.WindowsDesktop\targets\Microsoft.NET.Sdk.WindowsDesktop.targets(138,5): warning NETSDK1106: Microsoft.NET.Sdk.WindowsDesktop requires 'UseWpf' or 'UseWindowsForms' to be set to 'true' [C:\Users\ultra\warewolf\Dev\Dev2.CustomControls\Dev2.CustomControls.csproj]
C:\Users\ultra\warewolf\Dev\Dev2.CustomControls\Dev2.CustomControls.csproj : warning NU1903: Package 'Microsoft.Windows.Compatibility' 6.0.0 has a known high severity vulnerability, https://github.com/advisories/GHSA-555c-2p6r-68mm
C:\Users\ultra\warewolf\Dev\Dev2.CustomControls\Dev2.CustomControls.csproj : warning NU1701: Package 'AeroWizard 2.3.1' was restored using '.NETFramework,Version=v4.6.1, .NETFramework,Version=v4.6.2, .NETFramework,Version=v4.7, .NETFramework,Version=v4.7.1, .NETFramework,Version=v4.7.2, .NETFramework,Version=v4.8, .NETFramework,Version=v4.8.1' instead of the project target framework 'net8.0'. This package may not be fully compatible with your project.
C:\Users\ultra\warewolf\Dev\Dev2.CustomControls\Dev2.CustomControls.csproj : warning NU1701: Package 'GroupControls 1.9.0' was restored using '.NETFramework,Version=v4.6.1, .NETFramework,Version=v4.6.2, .NETFramework,Version=v4.7, .NETFramework,Version=v4.7.1, .NETFramework,Version=v4.7.2, .NETFramework,Version=v4.8, .NETFramework,Version=v4.8.1' instead of the project target framework 'net8.0'. This package may not be fully compatible with your project.
C:\Users\ultra\warewolf\Dev\Dev2.CustomControls\Dev2.CustomControls.csproj : warning NU1701: Package 'TaskSchedulerEditor 2.10.1' was restored using '.NETFramework,Version=v4.6.1, .NETFramework,Version=v4.6.2, .NETFramework,Version=v4.7, .NETFramework,Version=v4.7.1, .NETFramework,Version=v4.7.2, .NETFramework,Version=v4.8, .NETFramework,Version=v4.8.1' instead of the project target framework 'net8.0'. This package may not be fully compatible with your project.
C:\Users\ultra\warewolf\Dev\Dev2.Runtime.Services\Dev2.Runtime.Services.csproj : warning NU1902: Package 'MessagePack' 2.4.59 has a known moderate severity vulnerability, https://github.com/advisories/GHSA-4qm4-8hg2-g2xm
C:\Users\ultra\warewolf\Dev\Dev2.Runtime.Services\Dev2.Runtime.Services.csproj : warning NU1903: Package 'Microsoft.Windows.Compatibility' 6.0.0 has a known high severity vulnerability, https://github.com/advisories/GHSA-555c-2p6r-68mm
C:\Users\ultra\warewolf\Dev\Dev2.Runtime.Services\Dev2.Runtime.Services.csproj : warning NU1701: Package 'AeroWizard 2.3.1' was restored using '.NETFramework,Version=v4.6.1, .NETFramework,Version=v4.6.2, .NETFramework,Version=v4.7, .NETFramework,Version=v4.7.1, .NETFramework,Version=v4.7.2, .NETFramework,Version=v4.8, .NETFramework,Version=v4.8.1' instead of the project target framework 'net8.0'. This package may not be fully compatible with your project.
C:\Users\ultra\warewolf\Dev\Dev2.Runtime.Services\Dev2.Runtime.Services.csproj : warning NU1701: Package 'GroupControls 1.9.0' was restored using '.NETFramework,Version=v4.6.1, .NETFramework,Version=v4.6.2, .NETFramework,Version=v4.7, .NETFramework,Version=v4.7.1, .NETFramework,Version=v4.7.2, .NETFramework,Version=v4.8, .NETFramework,Version=v4.8.1' instead of the project target framework 'net8.0'. This package may not be fully compatible with your project.
C:\Users\ultra\warewolf\Dev\Dev2.Runtime.Services\Dev2.Runtime.Services.csproj : warning NU1701: Package 'ReactiveUI.WPF 18.4.1' was restored using '.NETFramework,Version=v4.6.1, .NETFramework,Version=v4.6.2, .NETFramework,Version=v4.7, .NETFramework,Version=v4.7.1, .NETFramework,Version=v4.7.2, .NETFramework,Version=v4.8, .NETFramework,Version=v4.8.1' instead of the project target framework 'net8.0'. This package may not be fully compatible with your project.
C:\Users\ultra\warewolf\Dev\Dev2.Runtime.Services\Dev2.Runtime.Services.csproj : warning NU1701: Package 'TaskSchedulerEditor 2.10.1' was restored using '.NETFramework,Version=v4.6.1, .NETFramework,Version=v4.6.2, .NETFramework,Version=v4.7, .NETFramework,Version=v4.7.1, .NETFramework,Version=v4.7.2, .NETFramework,Version=v4.8, .NETFramework,Version=v4.8.1' instead of the project target framework 'net8.0'. This package may not be fully compatible with your project.
C:\Users\ultra\warewolf\Dev\Dev2.Infrastructure\Dev2.Infrastructure.csproj : warning NU1903: Package 'Microsoft.Windows.Compatibility' 6.0.0 has a known high severity vulnerability, https://github.com/advisories/GHSA-555c-2p6r-68mm
C:\Users\ultra\warewolf\Dev\Dev2.Infrastructure\Dev2.Infrastructure.csproj : warning NU1701: Package 'AeroWizard 2.3.1' was restored using '.NETFramework,Version=v4.6.1, .NETFramework,Version=v4.6.2, .NETFramework,Version=v4.7, .NETFramework,Version=v4.7.1, .NETFramework,Version=v4.7.2, .NETFramework,Version=v4.8, .NETFramework,Version=v4.8.1' instead of the project target framework 'net8.0'. This package may not be fully compatible with your project.
C:\Users\ultra\warewolf\Dev\Dev2.Infrastructure\Dev2.Infrastructure.csproj : warning NU1701: Package 'GroupControls 1.9.0' was restored using '.NETFramework,Version=v4.6.1, .NETFramework,Version=v4.6.2, .NETFramework,Version=v4.7, .NETFramework,Version=v4.7.1, .NETFramework,Version=v4.7.2, .NETFramework,Version=v4.8, .NETFramework,Version=v4.8.1' instead of the project target framework 'net8.0'. This package may not be fully compatible with your project.
C:\Users\ultra\warewolf\Dev\Dev2.Infrastructure\Dev2.Infrastructure.csproj : warning NU1701: Package 'ReactiveUI.WPF 18.4.1' was restored using '.NETFramework,Version=v4.6.1, .NETFramework,Version=v4.6.2, .NETFramework,Version=v4.7, .NETFramework,Version=v4.7.1, .NETFramework,Version=v4.7.2, .NETFramework,Version=v4.8, .NETFramework,Version=v4.8.1' instead of the project target framework 'net8.0'. This package may not be fully compatible with your project.
C:\Users\ultra\warewolf\Dev\Dev2.Infrastructure\Dev2.Infrastructure.csproj : warning NU1701: Package 'TaskSchedulerEditor 2.10.1' was restored using '.NETFramework,Version=v4.6.1, .NETFramework,Version=v4.6.2, .NETFramework,Version=v4.7, .NETFramework,Version=v4.7.1, .NETFramework,Version=v4.7.2, .NETFramework,Version=v4.8, .NETFramework,Version=v4.8.1' instead of the project target framework 'net8.0'. This package may not be fully compatible with your project.
C:\Users\ultra\warewolf\Dev\Dev2.Data.Interfaces\Dev2.Data.Interfaces.csproj : warning NU1903: Package 'DotNetZip' 1.16.0 has a known high severity vulnerability, https://github.com/advisories/GHSA-xhg6-9j5j-w4vf
C:\Users\ultra\warewolf\Dev\Dev2.Data.Interfaces\Dev2.Data.Interfaces.csproj : warning NU1701: Package 'AeroWizard 2.3.1' was restored using '.NETFramework,Version=v4.6.1, .NETFramework,Version=v4.6.2, .NETFramework,Version=v4.7, .NETFramework,Version=v4.7.1, .NETFramework,Version=v4.7.2, .NETFramework,Version=v4.8, .NETFramework,Version=v4.8.1' instead of the project target framework 'net8.0'. This package may not be fully compatible with your project.
C:\Users\ultra\warewolf\Dev\Dev2.Data.Interfaces\Dev2.Data.Interfaces.csproj : warning NU1701: Package 'GroupControls 1.9.0' was restored using '.NETFramework,Version=v4.6.1, .NETFramework,Version=v4.6.2, .NETFramework,Version=v4.7, .NETFramework,Version=v4.7.1, .NETFramework,Version=v4.7.2, .NETFramework,Version=v4.8, .NETFramework,Version=v4.8.1' instead of the project target framework 'net8.0'. This package may not be fully compatible with your project.
C:\Users\ultra\warewolf\Dev\Dev2.Data.Interfaces\Dev2.Data.Interfaces.csproj : warning NU1701: Package 'TaskSchedulerEditor 2.10.1' was restored using '.NETFramework,Version=v4.6.1, .NETFramework,Version=v4.6.2, .NETFramework,Version=v4.7, .NETFramework,Version=v4.7.1, .NETFramework,Version=v4.7.2, .NETFramework,Version=v4.8, .NETFramework,Version=v4.8.1' instead of the project target framework 'net8.0'. This package may not be fully compatible with your project.
C:\Users\ultra\warewolf\Dev\Dev2.Common.Interfaces\Dev2.Common.Interfaces.csproj : warning NU1903: Package 'Microsoft.Windows.Compatibility' 6.0.0 has a known high severity vulnerability, https://github.com/advisories/GHSA-555c-2p6r-68mm
C:\Users\ultra\warewolf\Dev\Dev2.Common.Interfaces\Dev2.Common.Interfaces.csproj : warning NU1701: Package 'AeroWizard 2.3.1' was restored using '.NETFramework,Version=v4.6.1, .NETFramework,Version=v4.6.2, .NETFramework,Version=v4.7, .NETFramework,Version=v4.7.1, .NETFramework,Version=v4.7.2, .NETFramework,Version=v4.8, .NETFramework,Version=v4.8.1' instead of the project target framework 'net8.0'. This package may not be fully compatible with your project.
C:\Users\ultra\warewolf\Dev\Dev2.Common.Interfaces\Dev2.Common.Interfaces.csproj : warning NU1701: Package 'GroupControls 1.9.0' was restored using '.NETFramework,Version=v4.6.1, .NETFramework,Version=v4.6.2, .NETFramework,Version=v4.7, .NETFramework,Version=v4.7.1, .NETFramework,Version=v4.7.2, .NETFramework,Version=v4.8, .NETFramework,Version=v4.8.1' instead of the project target framework 'net8.0'. This package may not be fully compatible with your project.
C:\Users\ultra\warewolf\Dev\Dev2.Common.Interfaces\Dev2.Common.Interfaces.csproj : warning NU1701: Package 'TaskSchedulerEditor 2.10.1' was restored using '.NETFramework,Version=v4.6.1, .NETFramework,Version=v4.6.2, .NETFramework,Version=v4.7, .NETFramework,Version=v4.7.1, .NETFramework,Version=v4.7.2, .NETFramework,Version=v4.8, .NETFramework,Version=v4.8.1' instead of the project target framework 'net8.0'. This package may not be fully compatible with your project.
C:\Users\ultra\warewolf\Dev\Dev2.Common\Dev2.Common.csproj : warning NU1903: Package 'Microsoft.Windows.Compatibility' 6.0.0 has a known high severity vulnerability, https://github.com/advisories/GHSA-555c-2p6r-68mm
C:\Users\ultra\warewolf\Dev\Dev2.Common\Dev2.Common.csproj : warning NU1701: Package 'AeroWizard 2.3.1' was restored using '.NETFramework,Version=v4.6.1, .NETFramework,Version=v4.6.2, .NETFramework,Version=v4.7, .NETFramework,Version=v4.7.1, .NETFramework,Version=v4.7.2, .NETFramework,Version=v4.8, .NETFramework,Version=v4.8.1' instead of the project target framework 'net8.0'. This package may not be fully compatible with your project.
C:\Users\ultra\warewolf\Dev\Dev2.Common\Dev2.Common.csproj : warning NU1701: Package 'GroupControls 1.9.0' was restored using '.NETFramework,Version=v4.6.1, .NETFramework,Version=v4.6.2, .NETFramework,Version=v4.7, .NETFramework,Version=v4.7.1, .NETFramework,Version=v4.7.2, .NETFramework,Version=v4.8, .NETFramework,Version=v4.8.1' instead of the project target framework 'net8.0'. This package may not be fully compatible with your project.
C:\Users\ultra\warewolf\Dev\Dev2.Common\Dev2.Common.csproj : warning NU1701: Package 'TaskSchedulerEditor 2.10.1' was restored using '.NETFramework,Version=v4.6.1, .NETFramework,Version=v4.6.2, .NETFramework,Version=v4.7, .NETFramework,Version=v4.7.1, .NETFramework,Version=v4.7.2, .NETFramework,Version=v4.8, .NETFramework,Version=v4.8.1' instead of the project target framework 'net8.0'. This package may not be fully compatible with your project.
C:\Users\ultra\warewolf\Dev\Dev2.Core\Dev2.Core.csproj : warning NU1903: Package 'Microsoft.Windows.Compatibility' 6.0.0 has a known high severity vulnerability, https://github.com/advisories/GHSA-555c-2p6r-68mm
C:\Users\ultra\warewolf\Dev\Dev2.Core\Dev2.Core.csproj : warning NU1701: Package 'AeroWizard 2.3.1' was restored using '.NETFramework,Version=v4.6.1, .NETFramework,Version=v4.6.2, .NETFramework,Version=v4.7, .NETFramework,Version=v4.7.1, .NETFramework,Version=v4.7.2, .NETFramework,Version=v4.8, .NETFramework,Version=v4.8.1' instead of the project target framework 'net8.0'. This package may not be fully compatible with your project.
C:\Users\ultra\warewolf\Dev\Dev2.Core\Dev2.Core.csproj : warning NU1701: Package 'GroupControls 1.9.0' was restored using '.NETFramework,Version=v4.6.1, .NETFramework,Version=v4.6.2, .NETFramework,Version=v4.7, .NETFramework,Version=v4.7.1, .NETFramework,Version=v4.7.2, .NETFramework,Version=v4.8, .NETFramework,Version=v4.8.1' instead of the project target framework 'net8.0'. This package may not be fully compatible with your project.
C:\Users\ultra\warewolf\Dev\Dev2.Core\Dev2.Core.csproj : warning NU1701: Package 'ReactiveUI.WPF 18.4.1' was restored using '.NETFramework,Version=v4.6.1, .NETFramework,Version=v4.6.2, .NETFramework,Version=v4.7, .NETFramework,Version=v4.7.1, .NETFramework,Version=v4.7.2, .NETFramework,Version=v4.8, .NETFramework,Version=v4.8.1' instead of the project target framework 'net8.0'. This package may not be fully compatible with your project.
C:\Users\ultra\warewolf\Dev\Dev2.Core\Dev2.Core.csproj : warning NU1701: Package 'TaskSchedulerEditor 2.10.1' was restored using '.NETFramework,Version=v4.6.1, .NETFramework,Version=v4.6.2, .NETFramework,Version=v4.7, .NETFramework,Version=v4.7.1, .NETFramework,Version=v4.7.2, .NETFramework,Version=v4.8, .NETFramework,Version=v4.8.1' instead of the project target framework 'net8.0'. This package may not be fully compatible with your project.
C:\Users\ultra\warewolf\Dev\Warewolf.Testing\Warewolf.Testing.csproj : warning NU1701: Package 'AeroWizard 2.3.1' was restored using '.NETFramework,Version=v4.6.1, .NETFramework,Version=v4.6.2, .NETFramework,Version=v4.7, .NETFramework,Version=v4.7.1, .NETFramework,Version=v4.7.2, .NETFramework,Version=v4.8, .NETFramework,Version=v4.8.1' instead of the project target framework 'net8.0'. This package may not be fully compatible with your project.
C:\Users\ultra\warewolf\Dev\Warewolf.Testing\Warewolf.Testing.csproj : warning NU1701: Package 'GroupControls 1.9.0' was restored using '.NETFramework,Version=v4.6.1, .NETFramework,Version=v4.6.2, .NETFramework,Version=v4.7, .NETFramework,Version=v4.7.1, .NETFramework,Version=v4.7.2, .NETFramework,Version=v4.8, .NETFramework,Version=v4.8.1' instead of the project target framework 'net8.0'. This package may not be fully compatible with your project.
C:\Users\ultra\warewolf\Dev\Warewolf.Testing\Warewolf.Testing.csproj : warning NU1701: Package 'Microsoft.Xaml.Behaviors.Wpf 1.1.122' was restored using '.NETFramework,Version=v4.6.1, .NETFramework,Version=v4.6.2, .NETFramework,Version=v4.7, .NETFramework,Version=v4.7.1, .NETFramework,Version=v4.7.2, .NETFramework,Version=v4.8, .NETFramework,Version=v4.8.1' instead of the project target framework 'net8.0'. This package may not be fully compatible with your project.
C:\Users\ultra\warewolf\Dev\Warewolf.Testing\Warewolf.Testing.csproj : warning NU1701: Package 'Prism.Wpf 9.0.537' was restored using '.NETFramework,Version=v4.6.1, .NETFramework,Version=v4.6.2, .NETFramework,Version=v4.7, .NETFramework,Version=v4.7.1, .NETFramework,Version=v4.7.2, .NETFramework,Version=v4.8, .NETFramework,Version=v4.8.1' instead of the project target framework 'net8.0'. This package may not be fully compatible with your project.
C:\Users\ultra\warewolf\Dev\Warewolf.Testing\Warewolf.Testing.csproj : warning NU1701: Package 'ReactiveUI.WPF 18.4.1' was restored using '.NETFramework,Version=v4.6.1, .NETFramework,Version=v4.6.2, .NETFramework,Version=v4.7, .NETFramework,Version=v4.7.1, .NETFramework,Version=v4.7.2, .NETFramework,Version=v4.8, .NETFramework,Version=v4.8.1' instead of the project target framework 'net8.0'. This package may not be fully compatible with your project.
C:\Users\ultra\warewolf\Dev\Warewolf.Testing\Warewolf.Testing.csproj : warning NU1701: Package 'TaskSchedulerEditor 2.10.1' was restored using '.NETFramework,Version=v4.6.1, .NETFramework,Version=v4.6.2, .NETFramework,Version=v4.7, .NETFramework,Version=v4.7.1, .NETFramework,Version=v4.7.2, .NETFramework,Version=v4.8, .NETFramework,Version=v4.8.1' instead of the project target framework 'net8.0'. This package may not be fully compatible with your project.
C:\Users\ultra\warewolf\Dev\Dev2.Diagnostics\Dev2.Diagnostics.csproj : warning NU1701: Package 'AeroWizard 2.3.1' was restored using '.NETFramework,Version=v4.6.1, .NETFramework,Version=v4.6.2, .NETFramework,Version=v4.7, .NETFramework,Version=v4.7.1, .NETFramework,Version=v4.7.2, .NETFramework,Version=v4.8, .NETFramework,Version=v4.8.1' instead of the project target framework 'net8.0'. This package may not be fully compatible with your project.
C:\Users\ultra\warewolf\Dev\Dev2.Diagnostics\Dev2.Diagnostics.csproj : warning NU1701: Package 'GroupControls 1.9.0' was restored using '.NETFramework,Version=v4.6.1, .NETFramework,Version=v4.6.2, .NETFramework,Version=v4.7, .NETFramework,Version=v4.7.1, .NETFramework,Version=v4.7.2, .NETFramework,Version=v4.8, .NETFramework,Version=v4.8.1' instead of the project target framework 'net8.0'. This package may not be fully compatible with your project.
C:\Users\ultra\warewolf\Dev\Dev2.Diagnostics\Dev2.Diagnostics.csproj : warning NU1701: Package 'TaskSchedulerEditor 2.10.1' was restored using '.NETFramework,Version=v4.6.1, .NETFramework,Version=v4.6.2, .NETFramework,Version=v4.7, .NETFramework,Version=v4.7.1, .NETFramework,Version=v4.7.2, .NETFramework,Version=v4.8, .NETFramework,Version=v4.8.1' instead of the project target framework 'net8.0'. This package may not be fully compatible with your project.
C:\Users\ultra\warewolf\Dev\Dev2.Data\Dev2.Data.csproj : warning NU1701: Package 'AeroWizard 2.3.1' was restored using '.NETFramework,Version=v4.6.1, .NETFramework,Version=v4.6.2, .NETFramework,Version=v4.7, .NETFramework,Version=v4.7.1, .NETFramework,Version=v4.7.2, .NETFramework,Version=v4.8, .NETFramework,Version=v4.8.1' instead of the project target framework 'net8.0'. This package may not be fully compatible with your project.
C:\Users\ultra\warewolf\Dev\Dev2.Data\Dev2.Data.csproj : warning NU1701: Package 'GroupControls 1.9.0' was restored using '.NETFramework,Version=v4.6.1, .NETFramework,Version=v4.6.2, .NETFramework,Version=v4.7, .NETFramework,Version=v4.7.1, .NETFramework,Version=v4.7.2, .NETFramework,Version=v4.8, .NETFramework,Version=v4.8.1' instead of the project target framework 'net8.0'. This package may not be fully compatible with your project.
C:\Users\ultra\warewolf\Dev\Dev2.Data\Dev2.Data.csproj : warning NU1701: Package 'ReactiveUI.WPF 18.4.1' was restored using '.NETFramework,Version=v4.6.1, .NETFramework,Version=v4.6.2, .NETFramework,Version=v4.7, .NETFramework,Version=v4.7.1, .NETFramework,Version=v4.7.2, .NETFramework,Version=v4.8, .NETFramework,Version=v4.8.1' instead of the project target framework 'net8.0'. This package may not be fully compatible with your project.
C:\Users\ultra\warewolf\Dev\Dev2.Data\Dev2.Data.csproj : warning NU1701: Package 'TaskSchedulerEditor 2.10.1' was restored using '.NETFramework,Version=v4.6.1, .NETFramework,Version=v4.6.2, .NETFramework,Version=v4.7, .NETFramework,Version=v4.7.1, .NETFramework,Version=v4.7.2, .NETFramework,Version=v4.8, .NETFramework,Version=v4.8.1' instead of the project target framework 'net8.0'. This package may not be fully compatible with your project.
C:\Users\ultra\warewolf\Dev\Dev2.Services.Sql\Dev2.Services.Sql.csproj : warning NU1903: Package 'Oracle.ManagedDataAccess.Core' 3.21.70 has a known high severity vulnerability, https://github.com/advisories/GHSA-5pm2-9mr2-3frq
C:\Users\ultra\warewolf\Dev\Dev2.Services.Sql\Dev2.Services.Sql.csproj : warning NU1701: Package 'AeroWizard 2.3.1' was restored using '.NETFramework,Version=v4.6.1, .NETFramework,Version=v4.6.2, .NETFramework,Version=v4.7, .NETFramework,Version=v4.7.1, .NETFramework,Version=v4.7.2, .NETFramework,Version=v4.8, .NETFramework,Version=v4.8.1' instead of the project target framework 'net8.0'. This package may not be fully compatible with your project.
C:\Users\ultra\warewolf\Dev\Dev2.Scheduler\Dev2.Scheduler.csproj : warning NU1701: Package 'AeroWizard 2.3.1' was restored using '.NETFramework,Version=v4.6.1, .NETFramework,Version=v4.6.2, .NETFramework,Version=v4.7, .NETFramework,Version=v4.7.1, .NETFramework,Version=v4.7.2, .NETFramework,Version=v4.8, .NETFramework,Version=v4.8.1' instead of the project target framework 'net8.0'. This package may not be fully compatible with your project.
C:\Users\ultra\warewolf\Dev\Dev2.Scheduler\Dev2.Scheduler.csproj : warning NU1701: Package 'GroupControls 1.9.0' was restored using '.NETFramework,Version=v4.6.1, .NETFramework,Version=v4.6.2, .NETFramework,Version=v4.7, .NETFramework,Version=v4.7.1, .NETFramework,Version=v4.7.2, .NETFramework,Version=v4.8, .NETFramework,Version=v4.8.1' instead of the project target framework 'net8.0'. This package may not be fully compatible with your project.
C:\Users\ultra\warewolf\Dev\Dev2.Services.Sql\Dev2.Services.Sql.csproj : warning NU1701: Package 'GroupControls 1.9.0' was restored using '.NETFramework,Version=v4.6.1, .NETFramework,Version=v4.6.2, .NETFramework,Version=v4.7, .NETFramework,Version=v4.7.1, .NETFramework,Version=v4.7.2, .NETFramework,Version=v4.8, .NETFramework,Version=v4.8.1' instead of the project target framework 'net8.0'. This package may not be fully compatible with your project.
C:\Users\ultra\warewolf\Dev\Dev2.Services.Sql\Dev2.Services.Sql.csproj : warning NU1701: Package 'ReactiveUI.WPF 18.4.1' was restored using '.NETFramework,Version=v4.6.1, .NETFramework,Version=v4.6.2, .NETFramework,Version=v4.7, .NETFramework,Version=v4.7.1, .NETFramework,Version=v4.7.2, .NETFramework,Version=v4.8, .NETFramework,Version=v4.8.1' instead of the project target framework 'net8.0'. This package may not be fully compatible with your project.
C:\Users\ultra\warewolf\Dev\Dev2.Scheduler\Dev2.Scheduler.csproj : warning NU1701: Package 'ReactiveUI.WPF 18.4.1' was restored using '.NETFramework,Version=v4.6.1, .NETFramework,Version=v4.6.2, .NETFramework,Version=v4.7, .NETFramework,Version=v4.7.1, .NETFramework,Version=v4.7.2, .NETFramework,Version=v4.8, .NETFramework,Version=v4.8.1' instead of the project target framework 'net8.0'. This package may not be fully compatible with your project.
C:\Users\ultra\warewolf\Dev\Dev2.Scheduler\Dev2.Scheduler.csproj : warning NU1701: Package 'TaskSchedulerEditor 2.10.1' was restored using '.NETFramework,Version=v4.6.1, .NETFramework,Version=v4.6.2, .NETFramework,Version=v4.7, .NETFramework,Version=v4.7.1, .NETFramework,Version=v4.7.2, .NETFramework,Version=v4.8, .NETFramework,Version=v4.8.1' instead of the project target framework 'net8.0'. This package may not be fully compatible with your project.
C:\Users\ultra\warewolf\Dev\Dev2.Services.Sql\Dev2.Services.Sql.csproj : warning NU1701: Package 'TaskSchedulerEditor 2.10.1' was restored using '.NETFramework,Version=v4.6.1, .NETFramework,Version=v4.6.2, .NETFramework,Version=v4.7, .NETFramework,Version=v4.7.1, .NETFramework,Version=v4.7.2, .NETFramework,Version=v4.8, .NETFramework,Version=v4.8.1' instead of the project target framework 'net8.0'. This package may not be fully compatible with your project.
C:\Users\ultra\warewolf\Dev\Warewolf.Data\Warewolf.Data.csproj : warning NU1701: Package 'AeroWizard 2.3.1' was restored using '.NETFramework,Version=v4.6.1, .NETFramework,Version=v4.6.2, .NETFramework,Version=v4.7, .NETFramework,Version=v4.7.1, .NETFramework,Version=v4.7.2, .NETFramework,Version=v4.8, .NETFramework,Version=v4.8.1' instead of the project target framework 'net8.0'. This package may not be fully compatible with your project.
C:\Users\ultra\warewolf\Dev\Warewolf.Data\Warewolf.Data.csproj : warning NU1701: Package 'GroupControls 1.9.0' was restored using '.NETFramework,Version=v4.6.1, .NETFramework,Version=v4.6.2, .NETFramework,Version=v4.7, .NETFramework,Version=v4.7.1, .NETFramework,Version=v4.7.2, .NETFramework,Version=v4.8, .NETFramework,Version=v4.8.1' instead of the project target framework 'net8.0'. This package may not be fully compatible with your project.
C:\Users\ultra\warewolf\Dev\Warewolf.Data\Warewolf.Data.csproj : warning NU1701: Package 'TaskSchedulerEditor 2.10.1' was restored using '.NETFramework,Version=v4.6.1, .NETFramework,Version=v4.6.2, .NETFramework,Version=v4.7, .NETFramework,Version=v4.7.1, .NETFramework,Version=v4.7.2, .NETFramework,Version=v4.8, .NETFramework,Version=v4.8.1' instead of the project target framework 'net8.0'. This package may not be fully compatible with your project.
C:\Users\ultra\warewolf\Dev\Dev2.Studio.Interfaces\Dev2.Studio.Interfaces.csproj : warning NU1701: Package 'AeroWizard 2.3.1' was restored using '.NETFramework,Version=v4.6.1, .NETFramework,Version=v4.6.2, .NETFramework,Version=v4.7, .NETFramework,Version=v4.7.1, .NETFramework,Version=v4.7.2, .NETFramework,Version=v4.8, .NETFramework,Version=v4.8.1' instead of the project target framework 'net8.0'. This package may not be fully compatible with your project.
C:\Users\ultra\warewolf\Dev\Dev2.Studio.Interfaces\Dev2.Studio.Interfaces.csproj : warning NU1701: Package 'GroupControls 1.9.0' was restored using '.NETFramework,Version=v4.6.1, .NETFramework,Version=v4.6.2, .NETFramework,Version=v4.7, .NETFramework,Version=v4.7.1, .NETFramework,Version=v4.7.2, .NETFramework,Version=v4.8, .NETFramework,Version=v4.8.1' instead of the project target framework 'net8.0'. This package may not be fully compatible with your project.
C:\Users\ultra\warewolf\Dev\Dev2.Studio.Interfaces\Dev2.Studio.Interfaces.csproj : warning NU1701: Package 'Microsoft.Xaml.Behaviors.Wpf 1.1.122' was restored using '.NETFramework,Version=v4.6.1, .NETFramework,Version=v4.6.2, .NETFramework,Version=v4.7, .NETFramework,Version=v4.7.1, .NETFramework,Version=v4.7.2, .NETFramework,Version=v4.8, .NETFramework,Version=v4.8.1' instead of the project target framework 'net8.0'. This package may not be fully compatible with your project.
C:\Users\ultra\warewolf\Dev\Dev2.Studio.Interfaces\Dev2.Studio.Interfaces.csproj : warning NU1701: Package 'Prism.Wpf 9.0.537' was restored using '.NETFramework,Version=v4.6.1, .NETFramework,Version=v4.6.2, .NETFramework,Version=v4.7, .NETFramework,Version=v4.7.1, .NETFramework,Version=v4.7.2, .NETFramework,Version=v4.8, .NETFramework,Version=v4.8.1' instead of the project target framework 'net8.0'. This package may not be fully compatible with your project.
C:\Users\ultra\warewolf\Dev\Dev2.Studio.Interfaces\Dev2.Studio.Interfaces.csproj : warning NU1701: Package 'ReactiveUI.WPF 18.4.1' was restored using '.NETFramework,Version=v4.6.1, .NETFramework,Version=v4.6.2, .NETFramework,Version=v4.7, .NETFramework,Version=v4.7.1, .NETFramework,Version=v4.7.2, .NETFramework,Version=v4.8, .NETFramework,Version=v4.8.1' instead of the project target framework 'net8.0'. This package may not be fully compatible with your project.
C:\Users\ultra\warewolf\Dev\Dev2.Studio.Interfaces\Dev2.Studio.Interfaces.csproj : warning NU1701: Package 'TaskSchedulerEditor 2.10.1' was restored using '.NETFramework,Version=v4.6.1, .NETFramework,Version=v4.6.2, .NETFramework,Version=v4.7, .NETFramework,Version=v4.7.1, .NETFramework,Version=v4.7.2, .NETFramework,Version=v4.8, .NETFramework,Version=v4.8.1' instead of the project target framework 'net8.0'. This package may not be fully compatible with your project.
C:\Users\ultra\warewolf\Dev\Warewolf.Auditing\Warewolf.Auditing.csproj : warning NU1701: Package 'AeroWizard 2.3.1' was restored using '.NETFramework,Version=v4.6.1, .NETFramework,Version=v4.6.2, .NETFramework,Version=v4.7, .NETFramework,Version=v4.7.1, .NETFramework,Version=v4.7.2, .NETFramework,Version=v4.8, .NETFramework,Version=v4.8.1' instead of the project target framework 'net8.0'. This package may not be fully compatible with your project.
C:\Users\ultra\warewolf\Dev\Warewolf.Auditing\Warewolf.Auditing.csproj : warning NU1701: Package 'GroupControls 1.9.0' was restored using '.NETFramework,Version=v4.6.1, .NETFramework,Version=v4.6.2, .NETFramework,Version=v4.7, .NETFramework,Version=v4.7.1, .NETFramework,Version=v4.7.2, .NETFramework,Version=v4.8, .NETFramework,Version=v4.8.1' instead of the project target framework 'net8.0'. This package may not be fully compatible with your project.
C:\Users\ultra\warewolf\Dev\Warewolf.Auditing\Warewolf.Auditing.csproj : warning NU1701: Package 'ReactiveUI.WPF 18.4.1' was restored using '.NETFramework,Version=v4.6.1, .NETFramework,Version=v4.6.2, .NETFramework,Version=v4.7, .NETFramework,Version=v4.7.1, .NETFramework,Version=v4.7.2, .NETFramework,Version=v4.8, .NETFramework,Version=v4.8.1' instead of the project target framework 'net8.0'. This package may not be fully compatible with your project.
C:\Users\ultra\warewolf\Dev\Warewolf.Auditing\Warewolf.Auditing.csproj : warning NU1701: Package 'TaskSchedulerEditor 2.10.1' was restored using '.NETFramework,Version=v4.6.1, .NETFramework,Version=v4.6.2, .NETFramework,Version=v4.7, .NETFramework,Version=v4.7.1, .NETFramework,Version=v4.7.2, .NETFramework,Version=v4.8, .NETFramework,Version=v4.8.1' instead of the project target framework 'net8.0'. This package may not be fully compatible with your project.
C:\Users\ultra\warewolf\Dev\Warewolf.AI.Harness\Warewolf.AI.Harness.csproj : warning NU1701: Package 'AeroWizard 2.3.1' was restored using '.NETFramework,Version=v4.6.1, .NETFramework,Version=v4.6.2, .NETFramework,Version=v4.7, .NETFramework,Version=v4.7.1, .NETFramework,Version=v4.7.2, .NETFramework,Version=v4.8, .NETFramework,Version=v4.8.1' instead of the project target framework 'net8.0'. This package may not be fully compatible with your project.
C:\Users\ultra\warewolf\Dev\Warewolf.AI.Harness\Warewolf.AI.Harness.csproj : warning NU1701: Package 'GroupControls 1.9.0' was restored using '.NETFramework,Version=v4.6.1, .NETFramework,Version=v4.6.2, .NETFramework,Version=v4.7, .NETFramework,Version=v4.7.1, .NETFramework,Version=v4.7.2, .NETFramework,Version=v4.8, .NETFramework,Version=v4.8.1' instead of the project target framework 'net8.0'. This package may not be fully compatible with your project.
C:\Users\ultra\warewolf\Dev\Warewolf.AI.Harness\Warewolf.AI.Harness.csproj : warning NU1701: Package 'TaskSchedulerEditor 2.10.1' was restored using '.NETFramework,Version=v4.6.1, .NETFramework,Version=v4.6.2, .NETFramework,Version=v4.7, .NETFramework,Version=v4.7.1, .NETFramework,Version=v4.7.2, .NETFramework,Version=v4.8, .NETFramework,Version=v4.8.1' instead of the project target framework 'net8.0'. This package may not be fully compatible with your project.
C:\Users\ultra\warewolf\Dev\Warewolf.Sharepoint\Warewolf.Sharepoint.csproj : warning NU1701: Package 'AeroWizard 2.3.1' was restored using '.NETFramework,Version=v4.6.1, .NETFramework,Version=v4.6.2, .NETFramework,Version=v4.7, .NETFramework,Version=v4.7.1, .NETFramework,Version=v4.7.2, .NETFramework,Version=v4.8, .NETFramework,Version=v4.8.1' instead of the project target framework 'net8.0'. This package may not be fully compatible with your project.
C:\Users\ultra\warewolf\Dev\Warewolf.Sharepoint\Warewolf.Sharepoint.csproj : warning NU1701: Package 'GroupControls 1.9.0' was restored using '.NETFramework,Version=v4.6.1, .NETFramework,Version=v4.6.2, .NETFramework,Version=v4.7, .NETFramework,Version=v4.7.1, .NETFramework,Version=v4.7.2, .NETFramework,Version=v4.8, .NETFramework,Version=v4.8.1' instead of the project target framework 'net8.0'. This package may not be fully compatible with your project.
C:\Users\ultra\warewolf\Dev\Warewolf.Sharepoint\Warewolf.Sharepoint.csproj : warning NU1701: Package 'ReactiveUI.WPF 18.4.1' was restored using '.NETFramework,Version=v4.6.1, .NETFramework,Version=v4.6.2, .NETFramework,Version=v4.7, .NETFramework,Version=v4.7.1, .NETFramework,Version=v4.7.2, .NETFramework,Version=v4.8, .NETFramework,Version=v4.8.1' instead of the project target framework 'net8.0'. This package may not be fully compatible with your project.
C:\Users\ultra\warewolf\Dev\Warewolf.Sharepoint\Warewolf.Sharepoint.csproj : warning NU1701: Package 'TaskSchedulerEditor 2.10.1' was restored using '.NETFramework,Version=v4.6.1, .NETFramework,Version=v4.6.2, .NETFramework,Version=v4.7, .NETFramework,Version=v4.7.1, .NETFramework,Version=v4.7.2, .NETFramework,Version=v4.8, .NETFramework,Version=v4.8.1' instead of the project target framework 'net8.0'. This package may not be fully compatible with your project.
C:\Users\ultra\warewolf\Dev\Warewolf.Language.Parser\Warewolf.Language.Parser.fsproj : warning NU1504: Duplicate 'PackageReference' items found. Remove the duplicate items or use the Update functionality to ensure a consistent restore behavior. The duplicate 'PackageReference' items are: FSharp.Core 10.1.201, FSharp.Core 4.6.2.
C:\Users\ultra\warewolf\Dev\Warewolf.Driver.Serilog\Warewolf.Driver.Serilog.csproj : warning NU1701: Package 'AeroWizard 2.3.1' was restored using '.NETFramework,Version=v4.6.1, .NETFramework,Version=v4.6.2, .NETFramework,Version=v4.7, .NETFramework,Version=v4.7.1, .NETFramework,Version=v4.7.2, .NETFramework,Version=v4.8, .NETFramework,Version=v4.8.1' instead of the project target framework 'net8.0'. This package may not be fully compatible with your project.
C:\Users\ultra\warewolf\Dev\Warewolf.Driver.Serilog\Warewolf.Driver.Serilog.csproj : warning NU1701: Package 'GroupControls 1.9.0' was restored using '.NETFramework,Version=v4.6.1, .NETFramework,Version=v4.6.2, .NETFramework,Version=v4.7, .NETFramework,Version=v4.7.1, .NETFramework,Version=v4.7.2, .NETFramework,Version=v4.8, .NETFramework,Version=v4.8.1' instead of the project target framework 'net8.0'. This package may not be fully compatible with your project.
C:\Users\ultra\warewolf\Dev\Warewolf.Driver.Serilog\Warewolf.Driver.Serilog.csproj : warning NU1701: Package 'ReactiveUI.WPF 18.4.1' was restored using '.NETFramework,Version=v4.6.1, .NETFramework,Version=v4.6.2, .NETFramework,Version=v4.7, .NETFramework,Version=v4.7.1, .NETFramework,Version=v4.7.2, .NETFramework,Version=v4.8, .NETFramework,Version=v4.8.1' instead of the project target framework 'net8.0'. This package may not be fully compatible with your project.
C:\Users\ultra\warewolf\Dev\Warewolf.Driver.Serilog\Warewolf.Driver.Serilog.csproj : warning NU1701: Package 'TaskSchedulerEditor 2.10.1' was restored using '.NETFramework,Version=v4.6.1, .NETFramework,Version=v4.6.2, .NETFramework,Version=v4.7, .NETFramework,Version=v4.7.1, .NETFramework,Version=v4.7.2, .NETFramework,Version=v4.8, .NETFramework,Version=v4.8.1' instead of the project target framework 'net8.0'. This package may not be fully compatible with your project.
C:\Users\ultra\warewolf\Dev\Warewolf.Common\Warewolf.Common.csproj : warning NU1701: Package 'AeroWizard 2.3.1' was restored using '.NETFramework,Version=v4.6.1, .NETFramework,Version=v4.6.2, .NETFramework,Version=v4.7, .NETFramework,Version=v4.7.1, .NETFramework,Version=v4.7.2, .NETFramework,Version=v4.8, .NETFramework,Version=v4.8.1' instead of the project target framework 'net8.0'. This package may not be fully compatible with your project.
C:\Users\ultra\warewolf\Dev\Warewolf.Common\Warewolf.Common.csproj : warning NU1701: Package 'GroupControls 1.9.0' was restored using '.NETFramework,Version=v4.6.1, .NETFramework,Version=v4.6.2, .NETFramework,Version=v4.7, .NETFramework,Version=v4.7.1, .NETFramework,Version=v4.7.2, .NETFramework,Version=v4.8, .NETFramework,Version=v4.8.1' instead of the project target framework 'net8.0'. This package may not be fully compatible with your project.
C:\Users\ultra\warewolf\Dev\Warewolf.Common\Warewolf.Common.csproj : warning NU1701: Package 'TaskSchedulerEditor 2.10.1' was restored using '.NETFramework,Version=v4.6.1, .NETFramework,Version=v4.6.2, .NETFramework,Version=v4.7, .NETFramework,Version=v4.7.1, .NETFramework,Version=v4.7.2, .NETFramework,Version=v4.8, .NETFramework,Version=v4.8.1' instead of the project target framework 'net8.0'. This package may not be fully compatible with your project.
  Dev2.Net6.Compatibility -> C:\Users\ultra\warewolf\Dev\Dev2.Net6.Compatibility\bin\Debug\net8.0\Dev2.Net6.Compatibility.dll
C:\Users\ultra\warewolf\Dev\Dev2.Util\Dev2.Util.csproj : warning NU1903: Package 'Microsoft.Windows.Compatibility' 6.0.0 has a known high severity vulnerability, https://github.com/advisories/GHSA-555c-2p6r-68mm
C:\Users\ultra\warewolf\Dev\Dev2.Util\Dev2.Util.csproj : warning NU1701: Package 'AeroWizard 2.3.1' was restored using '.NETFramework,Version=v4.6.1, .NETFramework,Version=v4.6.2, .NETFramework,Version=v4.7, .NETFramework,Version=v4.7.1, .NETFramework,Version=v4.7.2, .NETFramework,Version=v4.8, .NETFramework,Version=v4.8.1' instead of the project target framework 'net8.0'. This package may not be fully compatible with your project.
C:\Users\ultra\warewolf\Dev\Dev2.Util\Dev2.Util.csproj : warning NU1701: Package 'GroupControls 1.9.0' was restored using '.NETFramework,Version=v4.6.1, .NETFramework,Version=v4.6.2, .NETFramework,Version=v4.7, .NETFramework,Version=v4.7.1, .NETFramework,Version=v4.7.2, .NETFramework,Version=v4.8, .NETFramework,Version=v4.8.1' instead of the project target framework 'net8.0'. This package may not be fully compatible with your project.
C:\Users\ultra\warewolf\Dev\Dev2.Util\Dev2.Util.csproj : warning NU1701: Package 'TaskSchedulerEditor 2.10.1' was restored using '.NETFramework,Version=v4.6.1, .NETFramework,Version=v4.6.2, .NETFramework,Version=v4.7, .NETFramework,Version=v4.7.1, .NETFramework,Version=v4.7.2, .NETFramework,Version=v4.8, .NETFramework,Version=v4.8.1' instead of the project target framework 'net8.0'. This package may not be fully compatible with your project.
C:\Users\ultra\warewolf\Dev\Dev2.Runtime.Configuration\Dev2.Runtime.Configuration.csproj : warning NU1903: Package 'Microsoft.Windows.Compatibility' 6.0.0 has a known high severity vulnerability, https://github.com/advisories/GHSA-555c-2p6r-68mm
C:\Users\ultra\warewolf\Dev\Dev2.Runtime.Configuration\Dev2.Runtime.Configuration.csproj : warning NU1701: Package 'AeroWizard 2.3.1' was restored using '.NETFramework,Version=v4.6.1, .NETFramework,Version=v4.6.2, .NETFramework,Version=v4.7, .NETFramework,Version=v4.7.1, .NETFramework,Version=v4.7.2, .NETFramework,Version=v4.8, .NETFramework,Version=v4.8.1' instead of the project target framework 'net8.0'. This package may not be fully compatible with your project.
C:\Users\ultra\warewolf\Dev\Dev2.Runtime.Configuration\Dev2.Runtime.Configuration.csproj : warning NU1701: Package 'GroupControls 1.9.0' was restored using '.NETFramework,Version=v4.6.1, .NETFramework,Version=v4.6.2, .NETFramework,Version=v4.7, .NETFramework,Version=v4.7.1, .NETFramework,Version=v4.7.2, .NETFramework,Version=v4.8, .NETFramework,Version=v4.8.1' instead of the project target framework 'net8.0'. This package may not be fully compatible with your project.
C:\Users\ultra\warewolf\Dev\Dev2.Runtime.Configuration\Dev2.Runtime.Configuration.csproj : warning NU1701: Package 'TaskSchedulerEditor 2.10.1' was restored using '.NETFramework,Version=v4.6.1, .NETFramework,Version=v4.6.2, .NETFramework,Version=v4.7, .NETFramework,Version=v4.7.1, .NETFramework,Version=v4.7.2, .NETFramework,Version=v4.8, .NETFramework,Version=v4.8.1' instead of the project target framework 'net8.0'. This package may not be fully compatible with your project.
C:\Users\ultra\warewolf\Dev\Warewolf.Security\Warewolf.Security.csproj : warning NU1904: Package 'System.Drawing.Common' 4.5.1 has a known critical severity vulnerability, https://github.com/advisories/GHSA-rxg9-xrhp-64gj
C:\Users\ultra\warewolf\Dev\Warewolf.Storage\Warewolf.Storage.csproj : warning NU1701: Package 'AeroWizard 2.3.1' was restored using '.NETFramework,Version=v4.6.1, .NETFramework,Version=v4.6.2, .NETFramework,Version=v4.7, .NETFramework,Version=v4.7.1, .NETFramework,Version=v4.7.2, .NETFramework,Version=v4.8, .NETFramework,Version=v4.8.1' instead of the project target framework 'net8.0'. This package may not be fully compatible with your project.
C:\Users\ultra\warewolf\Dev\Warewolf.Storage\Warewolf.Storage.csproj : warning NU1701: Package 'GroupControls 1.9.0' was restored using '.NETFramework,Version=v4.6.1, .NETFramework,Version=v4.6.2, .NETFramework,Version=v4.7, .NETFramework,Version=v4.7.1, .NETFramework,Version=v4.7.2, .NETFramework,Version=v4.8, .NETFramework,Version=v4.8.1' instead of the project target framework 'net8.0'. This package may not be fully compatible with your project.
C:\Users\ultra\warewolf\Dev\Warewolf.Storage\Warewolf.Storage.csproj : warning NU1701: Package 'ReactiveUI.WPF 18.4.1' was restored using '.NETFramework,Version=v4.6.1, .NETFramework,Version=v4.6.2, .NETFramework,Version=v4.7, .NETFramework,Version=v4.7.1, .NETFramework,Version=v4.7.2, .NETFramework,Version=v4.8, .NETFramework,Version=v4.8.1' instead of the project target framework 'net8.0'. This package may not be fully compatible with your project.
C:\Users\ultra\warewolf\Dev\Warewolf.Storage\Warewolf.Storage.csproj : warning NU1701: Package 'TaskSchedulerEditor 2.10.1' was restored using '.NETFramework,Version=v4.6.1, .NETFramework,Version=v4.6.2, .NETFramework,Version=v4.7, .NETFramework,Version=v4.7.1, .NETFramework,Version=v4.7.2, .NETFramework,Version=v4.8, .NETFramework,Version=v4.8.1' instead of the project target framework 'net8.0'. This package may not be fully compatible with your project.
  GACManagerApi -> C:\Users\ultra\warewolf\Dev\GACManagerApi\bin\Debug\net8.0\GACManagerApi.dll
C:\Users\ultra\warewolf\Dev\Warewolf.ResourceManagement\Warewolf.ResourceManagement.csproj : warning NU1701: Package 'AeroWizard 2.3.1' was restored using '.NETFramework,Version=v4.6.1, .NETFramework,Version=v4.6.2, .NETFramework,Version=v4.7, .NETFramework,Version=v4.7.1, .NETFramework,Version=v4.7.2, .NETFramework,Version=v4.8, .NETFramework,Version=v4.8.1' instead of the project target framework 'net8.0'. This package may not be fully compatible with your project.
C:\Users\ultra\warewolf\Dev\Warewolf.ResourceManagement\Warewolf.ResourceManagement.csproj : warning NU1701: Package 'GroupControls 1.9.0' was restored using '.NETFramework,Version=v4.6.1, .NETFramework,Version=v4.6.2, .NETFramework,Version=v4.7, .NETFramework,Version=v4.7.1, .NETFramework,Version=v4.7.2, .NETFramework,Version=v4.8, .NETFramework,Version=v4.8.1' instead of the project target framework 'net8.0'. This package may not be fully compatible with your project.
C:\Users\ultra\warewolf\Dev\Warewolf.ResourceManagement\Warewolf.ResourceManagement.csproj : warning NU1701: Package 'ReactiveUI.WPF 18.4.1' was restored using '.NETFramework,Version=v4.6.1, .NETFramework,Version=v4.6.2, .NETFramework,Version=v4.7, .NETFramework,Version=v4.7.1, .NETFramework,Version=v4.7.2, .NETFramework,Version=v4.8, .NETFramework,Version=v4.8.1' instead of the project target framework 'net8.0'. This package may not be fully compatible with your project.
C:\Users\ultra\warewolf\Dev\Warewolf.ResourceManagement\Warewolf.ResourceManagement.csproj : warning NU1701: Package 'TaskSchedulerEditor 2.10.1' was restored using '.NETFramework,Version=v4.6.1, .NETFramework,Version=v4.6.2, .NETFramework,Version=v4.7, .NETFramework,Version=v4.7.1, .NETFramework,Version=v4.7.2, .NETFramework,Version=v4.8, .NETFramework,Version=v4.8.1' instead of the project target framework 'net8.0'. This package may not be fully compatible with your project.
  Warewolf.Weave -> C:\Users\ultra\warewolf\Dev\Warewolf.Weave\bin\Debug\net8.0\Warewolf.Weave.dll
  Warewolf.Common.Interfaces.NetStandard20 -> C:\Users\ultra\warewolf\Dev\Warewolf.Common.Interfaces.NetStandard20\bin\Debug\net8.0\Warewolf.Common.Interfaces.NetStandard20.dll
C:\Users\ultra\warewolf\Dev\Warewolf.Licensing\Warewolf.Licensing.csproj : warning NU1701: Package 'AeroWizard 2.3.1' was restored using '.NETFramework,Version=v4.6.1, .NETFramework,Version=v4.6.2, .NETFramework,Version=v4.7, .NETFramework,Version=v4.7.1, .NETFramework,Version=v4.7.2, .NETFramework,Version=v4.8, .NETFramework,Version=v4.8.1' instead of the project target framework 'net8.0'. This package may not be fully compatible with your project.
C:\Users\ultra\warewolf\Dev\Warewolf.Licensing\Warewolf.Licensing.csproj : warning NU1701: Package 'GroupControls 1.9.0' was restored using '.NETFramework,Version=v4.6.1, .NETFramework,Version=v4.6.2, .NETFramework,Version=v4.7, .NETFramework,Version=v4.7.1, .NETFramework,Version=v4.7.2, .NETFramework,Version=v4.8, .NETFramework,Version=v4.8.1' instead of the project target framework 'net8.0'. This package may not be fully compatible with your project.
C:\Users\ultra\warewolf\Dev\Warewolf.Licensing\Warewolf.Licensing.csproj : warning NU1701: Package 'TaskSchedulerEditor 2.10.1' was restored using '.NETFramework,Version=v4.6.1, .NETFramework,Version=v4.6.2, .NETFramework,Version=v4.7, .NETFramework,Version=v4.7.1, .NETFramework,Version=v4.7.2, .NETFramework,Version=v4.8, .NETFramework,Version=v4.8.1' instead of the project target framework 'net8.0'. This package may not be fully compatible with your project.
  Dev2.Sql -> C:\Users\ultra\warewolf\Dev\Dev2.Sql\bin\Debug\net8.0\Warewolf.Sql.dll
C:\Users\ultra\warewolf\Dev\Warewolf.Storage.Interfaces\Warewolf.Storage.Interfaces.csproj : warning NU1701: Package 'AeroWizard 2.3.1' was restored using '.NETFramework,Version=v4.6.1, .NETFramework,Version=v4.6.2, .NETFramework,Version=v4.7, .NETFramework,Version=v4.7.1, .NETFramework,Version=v4.7.2, .NETFramework,Version=v4.8, .NETFramework,Version=v4.8.1' instead of the project target framework 'net8.0'. This package may not be fully compatible with your project.
C:\Users\ultra\warewolf\Dev\Warewolf.Storage.Interfaces\Warewolf.Storage.Interfaces.csproj : warning NU1701: Package 'GroupControls 1.9.0' was restored using '.NETFramework,Version=v4.6.1, .NETFramework,Version=v4.6.2, .NETFramework,Version=v4.7, .NETFramework,Version=v4.7.1, .NETFramework,Version=v4.7.2, .NETFramework,Version=v4.8, .NETFramework,Version=v4.8.1' instead of the project target framework 'net8.0'. This package may not be fully compatible with your project.
C:\Users\ultra\warewolf\Dev\Warewolf.Storage.Interfaces\Warewolf.Storage.Interfaces.csproj : warning NU1701: Package 'TaskSchedulerEditor 2.10.1' was restored using '.NETFramework,Version=v4.6.1, .NETFramework,Version=v4.6.2, .NETFramework,Version=v4.7, .NETFramework,Version=v4.7.1, .NETFramework,Version=v4.7.2, .NETFramework,Version=v4.8, .NETFramework,Version=v4.8.1' instead of the project target framework 'net8.0'. This package may not be fully compatible with your project.
  Warewolf.ServiceDefinitions -> C:\Users\ultra\warewolf\Dev\Warewolf.ServiceDefinitions\bin\Debug\net8.0\Warewolf.ServiceDefinitions.dll
  Warewolf.Resource -> C:\Users\ultra\warewolf\Dev\Warewolf.Resource\bin\Debug\net8.0\Warewolf.Resource.dll
C:\Users\ultra\warewolf\Dev\Dev2.TaskScheduler.Wrappers\Dev2.TaskScheduler.Wrappers.csproj : warning NU1701: Package 'AeroWizard 2.3.1' was restored using '.NETFramework,Version=v4.6.1, .NETFramework,Version=v4.6.2, .NETFramework,Version=v4.7, .NETFramework,Version=v4.7.1, .NETFramework,Version=v4.7.2, .NETFramework,Version=v4.8, .NETFramework,Version=v4.8.1' instead of the project target framework 'net8.0'. This package may not be fully compatible with your project.
C:\Users\ultra\warewolf\Dev\Dev2.TaskScheduler.Wrappers\Dev2.TaskScheduler.Wrappers.csproj : warning NU1701: Package 'GroupControls 1.9.0' was restored using '.NETFramework,Version=v4.6.1, .NETFramework,Version=v4.6.2, .NETFramework,Version=v4.7, .NETFramework,Version=v4.7.1, .NETFramework,Version=v4.7.2, .NETFramework,Version=v4.8, .NETFramework,Version=v4.8.1' instead of the project target framework 'net8.0'. This package may not be fully compatible with your project.
C:\Users\ultra\warewolf\Dev\Dev2.TaskScheduler.Wrappers\Dev2.TaskScheduler.Wrappers.csproj : warning NU1701: Package 'TaskSchedulerEditor 2.10.1' was restored using '.NETFramework,Version=v4.6.1, .NETFramework,Version=v4.6.2, .NETFramework,Version=v4.7, .NETFramework,Version=v4.7.1, .NETFramework,Version=v4.7.2, .NETFramework,Version=v4.8, .NETFramework,Version=v4.8.1' instead of the project target framework 'net8.0'. This package may not be fully compatible with your project.
C:\Users\ultra\warewolf\Dev\Warewolf.Core\Warewolf.Core.csproj : warning NU1903: Package 'Microsoft.Windows.Compatibility' 6.0.0 has a known high severity vulnerability, https://github.com/advisories/GHSA-555c-2p6r-68mm
C:\Users\ultra\warewolf\Dev\Warewolf.Core\Warewolf.Core.csproj : warning NU1701: Package 'AeroWizard 2.3.1' was restored using '.NETFramework,Version=v4.6.1, .NETFramework,Version=v4.6.2, .NETFramework,Version=v4.7, .NETFramework,Version=v4.7.1, .NETFramework,Version=v4.7.2, .NETFramework,Version=v4.8, .NETFramework,Version=v4.8.1' instead of the project target framework 'net8.0'. This package may not be fully compatible with your project.
C:\Users\ultra\warewolf\Dev\Warewolf.Core\Warewolf.Core.csproj : warning NU1701: Package 'GroupControls 1.9.0' was restored using '.NETFramework,Version=v4.6.1, .NETFramework,Version=v4.6.2, .NETFramework,Version=v4.7, .NETFramework,Version=v4.7.1, .NETFramework,Version=v4.7.2, .NETFramework,Version=v4.8, .NETFramework,Version=v4.8.1' instead of the project target framework 'net8.0'. This package may not be fully compatible with your project.
C:\Users\ultra\warewolf\Dev\Warewolf.Core\Warewolf.Core.csproj : warning NU1701: Package 'ReactiveUI.WPF 18.4.1' was restored using '.NETFramework,Version=v4.6.1, .NETFramework,Version=v4.6.2, .NETFramework,Version=v4.7, .NETFramework,Version=v4.7.1, .NETFramework,Version=v4.7.2, .NETFramework,Version=v4.8, .NETFramework,Version=v4.8.1' instead of the project target framework 'net8.0'. This package may not be fully compatible with your project.
C:\Users\ultra\warewolf\Dev\Warewolf.Core\Warewolf.Core.csproj : warning NU1701: Package 'TaskSchedulerEditor 2.10.1' was restored using '.NETFramework,Version=v4.6.1, .NETFramework,Version=v4.6.2, .NETFramework,Version=v4.7, .NETFramework,Version=v4.7.1, .NETFramework,Version=v4.7.2, .NETFramework,Version=v4.8, .NETFramework,Version=v4.8.1' instead of the project target framework 'net8.0'. This package may not be fully compatible with your project.
C:\Users\ultra\warewolf\Dev\Warewolf.Interfaces\Data\ChatbotSettingsData.cs(20,23): warning CS0169: The field 'ChatbotSettingsData._encryptDataSource' is never used [C:\Users\ultra\warewolf\Dev\Warewolf.Interfaces\Warewolf.Interfaces.csproj]
C:\Users\ultra\warewolf\Dev\Warewolf.Interfaces\Auditing\SerializableException.cs(15,7): warning CS0414: The field 'SerializableException.HResult' is assigned but its value is never used [C:\Users\ultra\warewolf\Dev\Warewolf.Interfaces\Warewolf.Interfaces.csproj]
  Warewolf.Interfaces -> C:\Users\ultra\warewolf\Dev\Warewolf.Interfaces\bin\Debug\net8.0\Warewolf.Interfaces.dll
C:\Users\ultra\warewolf\Dev\Warewolf.Security\Encryption\AESThenHMAC.cs(168,34): warning SYSLIB0021: 'AesManaged' is obsolete: 'Derived cryptographic types are obsolete. Use the Create method on the base type instead.' (https://aka.ms/dotnet-warnings/SYSLIB0021) [C:\Users\ultra\warewolf\Dev\Warewolf.Security\Warewolf.Security.csproj]
C:\Users\ultra\warewolf\Dev\Warewolf.Security\Encryption\AESThenHMAC.cs(264,38): warning SYSLIB0021: 'AesManaged' is obsolete: 'Derived cryptographic types are obsolete. Use the Create method on the base type instead.' (https://aka.ms/dotnet-warnings/SYSLIB0021) [C:\Users\ultra\warewolf\Dev\Warewolf.Security\Warewolf.Security.csproj]
C:\Users\ultra\warewolf\Dev\Warewolf.Security\Encryption\AESThenHMAC.cs(331,36): warning SYSLIB0041: 'Rfc2898DeriveBytes.Rfc2898DeriveBytes(string, int, int)' is obsolete: 'The default hash algorithm and iteration counts in Rfc2898DeriveBytes constructors are outdated and insecure. Use a constructor that accepts the hash algorithm and the number of iterations.' (https://aka.ms/dotnet-warnings/SYSLIB0041) [C:\Users\ultra\warewolf\Dev\Warewolf.Security\Warewolf.Security.csproj]
C:\Users\ultra\warewolf\Dev\Warewolf.Security\Encryption\AESThenHMAC.cs(345,36): warning SYSLIB0041: 'Rfc2898DeriveBytes.Rfc2898DeriveBytes(string, int, int)' is obsolete: 'The default hash algorithm and iteration counts in Rfc2898DeriveBytes constructors are outdated and insecure. Use a constructor that accepts the hash algorithm and the number of iterations.' (https://aka.ms/dotnet-warnings/SYSLIB0041) [C:\Users\ultra\warewolf\Dev\Warewolf.Security\Warewolf.Security.csproj]
C:\Users\ultra\warewolf\Dev\Warewolf.Security\Encryption\AESThenHMAC.cs(393,36): warning SYSLIB0041: 'Rfc2898DeriveBytes.Rfc2898DeriveBytes(string, byte[], int)' is obsolete: 'The default hash algorithm and iteration counts in Rfc2898DeriveBytes constructors are outdated and insecure. Use a constructor that accepts the hash algorithm and the number of iterations.' (https://aka.ms/dotnet-warnings/SYSLIB0041) [C:\Users\ultra\warewolf\Dev\Warewolf.Security\Warewolf.Security.csproj]
C:\Users\ultra\warewolf\Dev\Warewolf.Security\Encryption\AESThenHMAC.cs(398,36): warning SYSLIB0041: 'Rfc2898DeriveBytes.Rfc2898DeriveBytes(string, byte[], int)' is obsolete: 'The default hash algorithm and iteration counts in Rfc2898DeriveBytes constructors are outdated and insecure. Use a constructor that accepts the hash algorithm and the number of iterations.' (https://aka.ms/dotnet-warnings/SYSLIB0041) [C:\Users\ultra\warewolf\Dev\Warewolf.Security\Warewolf.Security.csproj]
  Warewolf.Security -> C:\Users\ultra\warewolf\Dev\Warewolf.Security\bin\Debug\net8.0\Warewolf.Security.dll
C:\Users\ultra\warewolf\Dev\Warewolf.Common.NetStandard20\Warewolf.Common.NetStandard20.csproj : warning NU1701: Package 'AeroWizard 2.3.1' was restored using '.NETFramework,Version=v4.6.1, .NETFramework,Version=v4.6.2, .NETFramework,Version=v4.7, .NETFramework,Version=v4.7.1, .NETFramework,Version=v4.7.2, .NETFramework,Version=v4.8, .NETFramework,Version=v4.8.1' instead of the project target framework 'net8.0'. This package may not be fully compatible with your project.
C:\Users\ultra\warewolf\Dev\Warewolf.Common.NetStandard20\Warewolf.Common.NetStandard20.csproj : warning NU1701: Package 'GroupControls 1.9.0' was restored using '.NETFramework,Version=v4.6.1, .NETFramework,Version=v4.6.2, .NETFramework,Version=v4.7, .NETFramework,Version=v4.7.1, .NETFramework,Version=v4.7.2, .NETFramework,Version=v4.8, .NETFramework,Version=v4.8.1' instead of the project target framework 'net8.0'. This package may not be fully compatible with your project.
C:\Users\ultra\warewolf\Dev\Warewolf.Common.NetStandard20\Warewolf.Common.NetStandard20.csproj : warning NU1701: Package 'ReactiveUI.WPF 18.4.1' was restored using '.NETFramework,Version=v4.6.1, .NETFramework,Version=v4.6.2, .NETFramework,Version=v4.7, .NETFramework,Version=v4.7.1, .NETFramework,Version=v4.7.2, .NETFramework,Version=v4.8, .NETFramework,Version=v4.8.1' instead of the project target framework 'net8.0'. This package may not be fully compatible with your project.
C:\Users\ultra\warewolf\Dev\Warewolf.Common.NetStandard20\Warewolf.Common.NetStandard20.csproj : warning NU1701: Package 'TaskSchedulerEditor 2.10.1' was restored using '.NETFramework,Version=v4.6.1, .NETFramework,Version=v4.6.2, .NETFramework,Version=v4.7, .NETFramework,Version=v4.7.1, .NETFramework,Version=v4.7.2, .NETFramework,Version=v4.8, .NETFramework,Version=v4.8.1' instead of the project target framework 'net8.0'. This package may not be fully compatible with your project.
  Dev2.SignalR.Wrappers.Interfaces -> C:\Users\ultra\warewolf\Dev\Dev2.SignalR.Wrappers\bin\Debug\net8.0\Dev2.SignalR.Wrappers.dll
  Warewolf.Studio.Resources -> C:\Users\ultra\warewolf\Dev\Warewolf.Studio.Resources\bin\Debug\net8.0\Warewolf.Studio.Resources.dll
  Log4Net.Async -> C:\Users\ultra\warewolf\Dev\Log4Net.Async\bin\Debug\net8.0\Log4Net.Async.dll
  Consider app.config remapping of assembly "System.Runtime.CompilerServices.Unsafe, Culture=neutral, PublicKeyToken=b03f5f7f11d50a3a" from Version "6.0.0.0" [] to Version "8.0.0.0" [C:\Program Files\dotnet\packs\Microsoft.NETCore.App.Ref\8.0.25\ref\net8.0\System.Runtime.CompilerServices.Unsafe.dll] to solve conflict and get rid of warning.
  Warewolf.Driver.Redis -> C:\Users\ultra\warewolf\Dev\Warewolf.Driver.Redis\bin\Debug\net8.0\Warewolf.Driver.Redis.dll
  Warewolf.Driver.RabbitMQ -> C:\Users\ultra\warewolf\Dev\Warewolf.Driver.RabbitMQ\bin\Debug\net8.0\Warewolf.Driver.RabbitMQ.dll
  Warewolf.Parser.Interop -> C:\Users\ultra\warewolf\Dev\Warewolf.Parser.Interop\bin\Debug\net8.0\WarewolfParserInterop.dll
C:\Users\ultra\warewolf\Dev\Dev2.Common.Interfaces\Attribute\ReasonAttribute.cs(13,18): warning CC0023: Mark 'ReasonAttribute' as sealed. (https://code-cracker.github.io/diagnostics/CC0023.html) [C:\Users\ultra\warewolf\Dev\Dev2.Common.Interfaces\Dev2.Common.Interfaces.csproj]
C:\Users\ultra\warewolf\Dev\Dev2.Common.Interfaces\Wrappers\IDirectoryEntry.cs(190,35): warning CC0057: Parameter 'path' is not used. (https://code-cracker.github.io/diagnostics/CC0057.html) [C:\Users\ultra\warewolf\Dev\Dev2.Common.Interfaces\Dev2.Common.Interfaces.csproj]
C:\Users\ultra\warewolf\Dev\Dev2.Common.Interfaces\DllListing.cs(97,17): warning CC0105: Use 'var' instead of specifying the type name. (https://code-cracker.github.io/diagnostics/CC0105.html) [C:\Users\ultra\warewolf\Dev\Dev2.Common.Interfaces\Dev2.Common.Interfaces.csproj]
C:\Users\ultra\warewolf\Dev\Dev2.Common.Interfaces\DllListing.cs(98,17): warning CC0105: Use 'var' instead of specifying the type name. (https://code-cracker.github.io/diagnostics/CC0105.html) [C:\Users\ultra\warewolf\Dev\Dev2.Common.Interfaces\Dev2.Common.Interfaces.csproj]
C:\Users\ultra\warewolf\Dev\Dev2.Common.Interfaces\Runtime\Services\IStreamContentFactory.cs(48,21): warning CC0029: 'StreamContentWrapper' should call GC.SuppressFinalize inside the Dispose method. (https://code-cracker.github.io/diagnostics/CC0029.html) [C:\Users\ultra\warewolf\Dev\Dev2.Common.Interfaces\Dev2.Common.Interfaces.csproj]
  Dev2.Common.Interfaces -> C:\Users\ultra\warewolf\Dev\Dev2.Common.Interfaces\bin\Debug\net8.0\Dev2.Common.Interfaces.dll
C:\Users\ultra\warewolf\Dev\Warewolf.Language.Parser\EvaluationFunctions.fs(277,15): warning FS3548: Pattern discard is not allowed for union case that takes no data. [C:\Users\ultra\warewolf\Dev\Warewolf.Language.Parser\Warewolf.Language.Parser.fsproj]
C:\Users\ultra\warewolf\Dev\Warewolf.Language.Parser\EvaluationFunctions.fs(305,15): warning FS3548: Pattern discard is not allowed for union case that takes no data. [C:\Users\ultra\warewolf\Dev\Warewolf.Language.Parser\Warewolf.Language.Parser.fsproj]
C:\Users\ultra\warewolf\Dev\Warewolf.Language.Parser\EvaluationFunctions.fs(748,21): warning FS3873: This construct is deprecated. Sequence expressions should be of the form 'seq { ... }' [C:\Users\ultra\warewolf\Dev\Warewolf.Language.Parser\Warewolf.Language.Parser.fsproj]
C:\Users\ultra\warewolf\Dev\Warewolf.Language.Parser\EvaluationFunctions.fs(751,28): warning FS3873: This construct is deprecated. Sequence expressions should be of the form 'seq { ... }' [C:\Users\ultra\warewolf\Dev\Warewolf.Language.Parser\Warewolf.Language.Parser.fsproj]
C:\Users\ultra\warewolf\Dev\Warewolf.Language.Parser\WarewolfDataEvaluationCommon.fs(593,21): warning FS3873: This construct is deprecated. Sequence expressions should be of the form 'seq { ... }' [C:\Users\ultra\warewolf\Dev\Warewolf.Language.Parser\Warewolf.Language.Parser.fsproj]
C:\Users\ultra\warewolf\Dev\Warewolf.Language.Parser\WarewolfDataEvaluationCommon.fs(596,28): warning FS3873: This construct is deprecated. Sequence expressions should be of the form 'seq { ... }' [C:\Users\ultra\warewolf\Dev\Warewolf.Language.Parser\Warewolf.Language.Parser.fsproj]
  Warewolf.Language.Parser -> C:\Users\ultra\warewolf\Dev\Warewolf.Language.Parser\bin\Debug\net8.0\Warewolf.Language.Parser.dll
C:\Users\ultra\warewolf\Dev\Warewolf.Data\NamedInt.cs(160,21): warning CA2200: Re-throwing caught exception changes stack information (https://learn.microsoft.com/dotnet/fundamentals/code-analysis/quality-rules/ca2200) [C:\Users\ultra\warewolf\Dev\Warewolf.Data\Warewolf.Data.csproj]
  Warewolf.Data -> C:\Users\ultra\warewolf\Dev\Warewolf.Data\bin\Debug\net8.0\Warewolf.Data.dll
  Warewolf.Storage.Interfaces -> C:\Users\ultra\warewolf\Dev\Warewolf.Storage.Interfaces\bin\Debug\net8.0\Warewolf.Storage.Interfaces.dll
  Warewolf.Common -> C:\Users\ultra\warewolf\Dev\Warewolf.Common\bin\Debug\net8.0\Warewolf.Common.dll
  Dev2.Data.Interfaces -> C:\Users\ultra\warewolf\Dev\Dev2.Data.Interfaces\bin\Debug\net8.0\Dev2.Data.Interfaces.dll
C:\Users\ultra\warewolf\Dev\Dev2.Common\ExtMethods\StringExtension.cs(302,13): warning CC0004: Empty Catch Block. (https://code-cracker.github.io/diagnostics/CC0004.html) [C:\Users\ultra\warewolf\Dev\Dev2.Common\Dev2.Common.csproj]
  Dev2.Common -> C:\Users\ultra\warewolf\Dev\Dev2.Common\bin\Debug\net8.0\Dev2.Common.dll
C:\Users\ultra\warewolf\Dev\Dev2.TaskScheduler.Wrappers\Dev2TaskEvent.cs(47,33): warning CA1416: This call site is reachable on all platforms. 'SecurityIdentifier.Value' is only supported on: 'windows'. (https://learn.microsoft.com/dotnet/fundamentals/code-analysis/quality-rules/ca1416) [C:\Users\ultra\warewolf\Dev\Dev2.TaskScheduler.Wrappers\Dev2.TaskScheduler.Wrappers.csproj]
  Dev2.TaskScheduler.Wrappers -> C:\Users\ultra\warewolf\Dev\Dev2.TaskScheduler.Wrappers\bin\Debug\net8.0\Dev2.TaskScheduler.Wrappers.dll
  Dev2.Util -> C:\Users\ultra\warewolf\Dev\Dev2.Util\bin\Debug\net8.0\Dev2.Util.dll
  Warewolf.Licensing -> C:\Users\ultra\warewolf\Dev\Warewolf.Licensing\bin\Debug\net8.0\Warewolf.Licensing.dll
  Dev2.CustomControls -> C:\Users\ultra\warewolf\Dev\Dev2.CustomControls\bin\Debug\net8.0\Dev2.CustomControls.dll
  Consider app.config remapping of assembly "Newtonsoft.Json, Culture=neutral, PublicKeyToken=30ad4fe6b2a6aeed" from Version "12.0.0.0" [] to Version "13.0.0.0" [C:\Users\ultra\.nuget\packages\newtonsoft.json\13.0.2\lib\net6.0\Newtonsoft.Json.dll] to solve conflict and get rid of warning.
  Dev2.Runtime.Configuration -> C:\Users\ultra\warewolf\Dev\Dev2.Runtime.Configuration\bin\Debug\net8.0\Dev2.Runtime.Configuration.dll
C:\Users\ultra\warewolf\Dev\Dev2.Diagnostics\Debug\DebugDispatcher.cs(209,35): warning CC0057: Parameter 'previous' is not used. (https://code-cracker.github.io/diagnostics/CC0057.html) [C:\Users\ultra\warewolf\Dev\Dev2.Diagnostics\Dev2.Diagnostics.csproj]
  Dev2.Diagnostics -> C:\Users\ultra\warewolf\Dev\Dev2.Diagnostics\bin\Debug\net8.0\Dev2.Diagnostics.dll
C:\Users\ultra\warewolf\Dev\Warewolf.AI.Harness\ChatbotApiService.cs(11,7): warning CS0105: The using directive for 'System.Text' appeared previously in this namespace [C:\Users\ultra\warewolf\Dev\Warewolf.AI.Harness\Warewolf.AI.Harness.csproj]
C:\Users\ultra\warewolf\Dev\Warewolf.AI.Harness\ChatbotApiService.cs(12,7): warning CS0105: The using directive for 'Newtonsoft.Json' appeared previously in this namespace [C:\Users\ultra\warewolf\Dev\Warewolf.AI.Harness\Warewolf.AI.Harness.csproj]
C:\Users\ultra\warewolf\Dev\Warewolf.AI.Harness\ChatbotApiService.cs(641,23): warning CS8618: Non-nullable property 'Model' must contain a non-null value when exiting constructor. Consider adding the 'required' modifier or declaring the property as nullable. [C:\Users\ultra\warewolf\Dev\Warewolf.AI.Harness\Warewolf.AI.Harness.csproj]
C:\Users\ultra\warewolf\Dev\Warewolf.AI.Harness\ChatbotApiService.cs(659,23): warning CS8618: Non-nullable property 'FinishReason' must contain a non-null value when exiting constructor. Consider adding the 'required' modifier or declaring the property as nullable. [C:\Users\ultra\warewolf\Dev\Warewolf.AI.Harness\Warewolf.AI.Harness.csproj]
C:\Users\ultra\warewolf\Dev\Warewolf.AI.Harness\ChatbotApiService.cs(201,34): warning CS8600: Converting null literal or possible null value to non-nullable type. [C:\Users\ultra\warewolf\Dev\Warewolf.AI.Harness\Warewolf.AI.Harness.csproj]
C:\Users\ultra\warewolf\Dev\Warewolf.AI.Harness\ChatbotApiService.cs(215,51): warning CS8602: Dereference of a possibly null reference. [C:\Users\ultra\warewolf\Dev\Warewolf.AI.Harness\Warewolf.AI.Harness.csproj]
C:\Users\ultra\warewolf\Dev\Warewolf.AI.Harness\ChatbotApiService.cs(218,25): warning CS8602: Dereference of a possibly null reference. [C:\Users\ultra\warewolf\Dev\Warewolf.AI.Harness\Warewolf.AI.Harness.csproj]
C:\Users\ultra\warewolf\Dev\Warewolf.AI.Harness\ChatbotApiService.cs(303,34): warning CS8600: Converting null literal or possible null value to non-nullable type. [C:\Users\ultra\warewolf\Dev\Warewolf.AI.Harness\Warewolf.AI.Harness.csproj]
C:\Users\ultra\warewolf\Dev\Warewolf.AI.Harness\ChatbotApiService.cs(312,51): warning CS8602: Dereference of a possibly null reference. [C:\Users\ultra\warewolf\Dev\Warewolf.AI.Harness\Warewolf.AI.Harness.csproj]
C:\Users\ultra\warewolf\Dev\Warewolf.AI.Harness\ChatbotApiService.cs(314,30): warning CS8602: Dereference of a possibly null reference. [C:\Users\ultra\warewolf\Dev\Warewolf.AI.Harness\Warewolf.AI.Harness.csproj]
C:\Users\ultra\warewolf\Dev\Warewolf.AI.Harness\ChatbotApiService.cs(477,32): warning CS8600: Converting null literal or possible null value to non-nullable type. [C:\Users\ultra\warewolf\Dev\Warewolf.AI.Harness\Warewolf.AI.Harness.csproj]
C:\Users\ultra\warewolf\Dev\Warewolf.AI.Harness\ChatbotApiService.cs(478,32): warning CS8600: Converting null literal or possible null value to non-nullable type. [C:\Users\ultra\warewolf\Dev\Warewolf.AI.Harness\Warewolf.AI.Harness.csproj]
C:\Users\ultra\warewolf\Dev\Warewolf.AI.Harness\ChatbotApiService.cs(481,73): warning CS8625: Cannot convert null literal to non-nullable reference type. [C:\Users\ultra\warewolf\Dev\Warewolf.AI.Harness\Warewolf.AI.Harness.csproj]
C:\Users\ultra\warewolf\Dev\Warewolf.AI.Harness\ChatbotApiService.cs(482,60): warning CS8604: Possible null reference argument for parameter 'authHeaderName' in 'HttpResponseMessage ChatbotApiService.PostWithAuth(string endpoint, object payload, string authHeaderName, string authHeaderValue, string additionalHeaders)'. [C:\Users\ultra\warewolf\Dev\Warewolf.AI.Harness\Warewolf.AI.Harness.csproj]
C:\Users\ultra\warewolf\Dev\Warewolf.AI.Harness\ChatbotApiService.cs(482,70): warning CS8604: Possible null reference argument for parameter 'authHeaderValue' in 'HttpResponseMessage ChatbotApiService.PostWithAuth(string endpoint, object payload, string authHeaderName, string authHeaderValue, string additionalHeaders)'. [C:\Users\ultra\warewolf\Dev\Warewolf.AI.Harness\Warewolf.AI.Harness.csproj]
C:\Users\ultra\warewolf\Dev\Warewolf.AI.Harness\ChatbotApiService.cs(482,81): warning CS8625: Cannot convert null literal to non-nullable reference type. [C:\Users\ultra\warewolf\Dev\Warewolf.AI.Harness\Warewolf.AI.Harness.csproj]
C:\Users\ultra\warewolf\Dev\Warewolf.AI.Harness\ChatbotApiService.cs(496,73): warning CS8625: Cannot convert null literal to non-nullable reference type. [C:\Users\ultra\warewolf\Dev\Warewolf.AI.Harness\Warewolf.AI.Harness.csproj]
C:\Users\ultra\warewolf\Dev\Warewolf.AI.Harness\ChatbotApiService.cs(497,81): warning CS8625: Cannot convert null literal to non-nullable reference type. [C:\Users\ultra\warewolf\Dev\Warewolf.AI.Harness\Warewolf.AI.Harness.csproj]
C:\Users\ultra\warewolf\Dev\Warewolf.AI.Harness\ChatbotApiService.cs(514,73): warning CS8625: Cannot convert null literal to non-nullable reference type. [C:\Users\ultra\warewolf\Dev\Warewolf.AI.Harness\Warewolf.AI.Harness.csproj]
C:\Users\ultra\warewolf\Dev\Warewolf.AI.Harness\ChatbotApiService.cs(515,114): warning CS8625: Cannot convert null literal to non-nullable reference type. [C:\Users\ultra\warewolf\Dev\Warewolf.AI.Harness\Warewolf.AI.Harness.csproj]
C:\Users\ultra\warewolf\Dev\Warewolf.AI.Harness\ChatbotApiService.cs(521,36): warning CS8600: Converting null literal or possible null value to non-nullable type. [C:\Users\ultra\warewolf\Dev\Warewolf.AI.Harness\Warewolf.AI.Harness.csproj]
C:\Users\ultra\warewolf\Dev\Warewolf.AI.Harness\ChatbotApiService.cs(538,82): warning CS8604: Possible null reference argument for parameter 'systemMessage' in 'Dictionary<string, object> ChatbotApiService.CreatePayload(string model, object messages, string systemMessage, bool useMaxCompletionTokens, bool includeTemperature)'. [C:\Users\ultra\warewolf\Dev\Warewolf.AI.Harness\Warewolf.AI.Harness.csproj]
C:\Users\ultra\warewolf\Dev\Warewolf.AI.Harness\ChatbotApiService.cs(545,35): warning CS8600: Converting null literal or possible null value to non-nullable type. [C:\Users\ultra\warewolf\Dev\Warewolf.AI.Harness\Warewolf.AI.Harness.csproj]
C:\Users\ultra\warewolf\Dev\Warewolf.AI.Harness\ChatbotApiService.cs(589,68): warning CS8625: Cannot convert null literal to non-nullable reference type. [C:\Users\ultra\warewolf\Dev\Warewolf.AI.Harness\Warewolf.AI.Harness.csproj]
C:\Users\ultra\warewolf\Dev\Warewolf.AI.Harness\ChatbotApiService.cs(589,74): warning CS8625: Cannot convert null literal to non-nullable reference type. [C:\Users\ultra\warewolf\Dev\Warewolf.AI.Harness\Warewolf.AI.Harness.csproj]
C:\Users\ultra\warewolf\Dev\Warewolf.AI.Harness\ChatbotApiService.cs(589,80): warning CS8625: Cannot convert null literal to non-nullable reference type. [C:\Users\ultra\warewolf\Dev\Warewolf.AI.Harness\Warewolf.AI.Harness.csproj]
  Warewolf.AI.Harness -> C:\Users\ultra\warewolf\Dev\Warewolf.AI.Harness\bin\Debug\net8.0\Warewolf.AI.Harness.dll
C:\Users\ultra\warewolf\Dev\Dev2.Infrastructure\PerformanceCounters\Management\WarewolfPerformanceCounterManager.cs(22,140): warning CC0057: Parameter 'register' is not used. (https://code-cracker.github.io/diagnostics/CC0057.html) [C:\Users\ultra\warewolf\Dev\Dev2.Infrastructure\Dev2.Infrastructure.csproj]
C:\Users\ultra\warewolf\Dev\Dev2.Infrastructure\PerformanceCounters\Management\PerformanceCounterPersistence.cs(48,81): warning CC0057: Parameter 'resourcePerformanceCounters' is not used. (https://code-cracker.github.io/diagnostics/CC0057.html) [C:\Users\ultra\warewolf\Dev\Dev2.Infrastructure\Dev2.Infrastructure.csproj]
C:\Users\ultra\warewolf\Dev\Dev2.Infrastructure\PerformanceCounters\PerformanceCounterCategoryWrapper.cs(32,48): warning CA1416: This call site is reachable on all platforms. 'PerformanceCounterCategory.Delete(string)' is only supported on: 'windows'. (https://learn.microsoft.com/dotnet/fundamentals/code-analysis/quality-rules/ca1416) [C:\Users\ultra\warewolf\Dev\Dev2.Infrastructure\Dev2.Infrastructure.csproj]
C:\Users\ultra\warewolf\Dev\Dev2.Infrastructure\PerformanceCounters\PerformanceCounterCategoryWrapper.cs(33,48): warning CA1416: This call site is reachable on all platforms. 'PerformanceCounterCategory.Exists(string)' is only supported on: 'windows'. (https://learn.microsoft.com/dotnet/fundamentals/code-analysis/quality-rules/ca1416) [C:\Users\ultra\warewolf\Dev\Dev2.Infrastructure\Dev2.Infrastructure.csproj]
C:\Users\ultra\warewolf\Dev\Dev2.Infrastructure\PerformanceCounters\PerformanceCounterCategoryWrapper.cs(12,51): warning CA1416: This call site is reachable on all platforms. 'PerformanceCounterCategory.CounterExists(string)' is only supported on: 'windows'. (https://learn.microsoft.com/dotnet/fundamentals/code-analysis/quality-rules/ca1416) [C:\Users\ultra\warewolf\Dev\Dev2.Infrastructure\Dev2.Infrastructure.csproj]
C:\Users\ultra\warewolf\Dev\Dev2.Infrastructure\PerformanceCounters\PerformanceCounterCategoryWrapper.cs(38,29): warning CA1416: This call site is reachable on all platforms. 'PerformanceCounterCategory' is only supported on: 'windows'. (https://learn.microsoft.com/dotnet/fundamentals/code-analysis/quality-rules/ca1416) [C:\Users\ultra\warewolf\Dev\Dev2.Infrastructure\Dev2.Infrastructure.csproj]
C:\Users\ultra\warewolf\Dev\Dev2.Infrastructure\PerformanceCounters\Management\WarewolfPerformanceCounterManager.cs(67,83): warning CC0057: Parameter 'name' is not used. (https://code-cracker.github.io/diagnostics/CC0057.html) [C:\Users\ultra\warewolf\Dev\Dev2.Infrastructure\Dev2.Infrastructure.csproj]
C:\Users\ultra\warewolf\Dev\Dev2.Infrastructure\PerformanceCounters\PerformanceCounterCategoryWrapper.cs(19,45): warning CA1416: This call site is reachable on all platforms. 'CounterCreationData' is only supported on: 'windows'. (https://learn.microsoft.com/dotnet/fundamentals/code-analysis/quality-rules/ca1416) [C:\Users\ultra\warewolf\Dev\Dev2.Infrastructure\Dev2.Infrastructure.csproj]
C:\Users\ultra\warewolf\Dev\Dev2.Infrastructure\PerformanceCounters\PerformanceCounterCategoryWrapper.cs(14,49): warning CA1416: This call site is reachable on all platforms. 'CounterCreationDataCollection' is only supported on: 'windows'. (https://learn.microsoft.com/dotnet/fundamentals/code-analysis/quality-rules/ca1416) [C:\Users\ultra\warewolf\Dev\Dev2.Infrastructure\Dev2.Infrastructure.csproj]
C:\Users\ultra\warewolf\Dev\Dev2.Infrastructure\PerformanceCounters\PerformanceCounterCategoryWrapper.cs(25,21): warning CA1416: This call site is reachable on all platforms. 'CounterCreationDataCollection.Add(CounterCreationData)' is only supported on: 'windows'. (https://learn.microsoft.com/dotnet/fundamentals/code-analysis/quality-rules/ca1416) [C:\Users\ultra\warewolf\Dev\Dev2.Infrastructure\Dev2.Infrastructure.csproj]
C:\Users\ultra\warewolf\Dev\Dev2.Infrastructure\PerformanceCounters\PerformanceCounterCategoryWrapper.cs(29,71): warning CA1416: This call site is reachable on all platforms. 'PerformanceCounterCategoryType.MultiInstance' is only supported on: 'windows'. (https://learn.microsoft.com/dotnet/fundamentals/code-analysis/quality-rules/ca1416) [C:\Users\ultra\warewolf\Dev\Dev2.Infrastructure\Dev2.Infrastructure.csproj]
C:\Users\ultra\warewolf\Dev\Dev2.Infrastructure\PerformanceCounters\PerformanceCounterCategoryWrapper.cs(29,13): warning CA1416: This call site is reachable on all platforms. 'PerformanceCounterCategory.Create(string, string, PerformanceCounterCategoryType, CounterCreationDataCollection)' is only supported on: 'windows'. (https://learn.microsoft.com/dotnet/fundamentals/code-analysis/quality-rules/ca1416) [C:\Users\ultra\warewolf\Dev\Dev2.Infrastructure\Dev2.Infrastructure.csproj]
C:\Users\ultra\warewolf\Dev\Dev2.Infrastructure\PerformanceCounters\PerformanceCounterCategoryWrapper.cs(48,28): warning CA1416: This call site is reachable on all platforms. 'PerformanceCounterType.AverageBase' is only supported on: 'windows'. (https://learn.microsoft.com/dotnet/fundamentals/code-analysis/quality-rules/ca1416) [C:\Users\ultra\warewolf\Dev\Dev2.Infrastructure\Dev2.Infrastructure.csproj]
C:\Users\ultra\warewolf\Dev\Dev2.Infrastructure\PerformanceCounters\PerformanceCounterCategoryWrapper.cs(52,28): warning CA1416: This call site is reachable on all platforms. 'PerformanceCounterType.NumberOfItems32' is only supported on: 'windows'. (https://learn.microsoft.com/dotnet/fundamentals/code-analysis/quality-rules/ca1416) [C:\Users\ultra\warewolf\Dev\Dev2.Infrastructure\Dev2.Infrastructure.csproj]
C:\Users\ultra\warewolf\Dev\Dev2.Infrastructure\PerformanceCounters\PerformanceCounterCategoryWrapper.cs(50,28): warning CA1416: This call site is reachable on all platforms. 'PerformanceCounterType.AverageTimer32' is only supported on: 'windows'. (https://learn.microsoft.com/dotnet/fundamentals/code-analysis/quality-rules/ca1416) [C:\Users\ultra\warewolf\Dev\Dev2.Infrastructure\Dev2.Infrastructure.csproj]
C:\Users\ultra\warewolf\Dev\Dev2.Infrastructure\PerformanceCounters\PerformanceCounterCategoryWrapper.cs(54,28): warning CA1416: This call site is reachable on all platforms. 'PerformanceCounterType.RateOfCountsPerSecond32' is only supported on: 'windows'. (https://learn.microsoft.com/dotnet/fundamentals/code-analysis/quality-rules/ca1416) [C:\Users\ultra\warewolf\Dev\Dev2.Infrastructure\Dev2.Infrastructure.csproj]
C:\Users\ultra\warewolf\Dev\Dev2.Infrastructure\Services\Security\MoqInstallerActions\InstallerActionsForDevelopment.cs(57,31): warning CA1416: This call site is reachable on all platforms. 'WindowsIdentity.GetCurrent(bool)' is only supported on: 'windows'. (https://learn.microsoft.com/dotnet/fundamentals/code-analysis/quality-rules/ca1416) [C:\Users\ultra\warewolf\Dev\Dev2.Infrastructure\Dev2.Infrastructure.csproj]
C:\Users\ultra\warewolf\Dev\Dev2.Infrastructure\Services\Security\MoqInstallerActions\InstallerActionsForDevelopment.cs(59,57): warning CA1416: This call site is reachable on all platforms. 'WindowsIdentity.Name' is only supported on: 'windows'. (https://learn.microsoft.com/dotnet/fundamentals/code-analysis/quality-rules/ca1416) [C:\Users\ultra\warewolf\Dev\Dev2.Infrastructure\Dev2.Infrastructure.csproj]
C:\Users\ultra\warewolf\Dev\Dev2.Infrastructure\Services\Security\SecuritySettings.cs(92,28): warning CC0022: HMACSHA256 should be disposed. (https://code-cracker.github.io/diagnostics/CC0022.html) [C:\Users\ultra\warewolf\Dev\Dev2.Infrastructure\Dev2.Infrastructure.csproj]
CSC : warning AD0001: Analyzer 'CodeCracker.CSharp.Design.UseInvokeMethodToFireEventAnalyzer' threw an exception of type 'System.ArgumentException' with message 'Syntax node is not within syntax tree'. [C:\Users\ultra\warewolf\Dev\Dev2.Infrastructure\Dev2.Infrastructure.csproj]
CSC : warning AD0001: Analyzer 'CodeCracker.CSharp.Design.UseInvokeMethodToFireEventAnalyzer' threw an exception of type 'System.ArgumentException' with message 'Syntax node is not within syntax tree'. [C:\Users\ultra\warewolf\Dev\Dev2.Infrastructure\Dev2.Infrastructure.csproj]
CSC : warning AD0001: Analyzer 'CodeCracker.CSharp.Design.UseInvokeMethodToFireEventAnalyzer' threw an exception of type 'System.ArgumentException' with message 'Syntax node is not within syntax tree'. [C:\Users\ultra\warewolf\Dev\Dev2.Infrastructure\Dev2.Infrastructure.csproj]
CSC : warning AD0001: Analyzer 'CodeCracker.CSharp.Design.UseInvokeMethodToFireEventAnalyzer' threw an exception of type 'System.ArgumentException' with message 'Syntax node is not within syntax tree'. [C:\Users\ultra\warewolf\Dev\Dev2.Infrastructure\Dev2.Infrastructure.csproj]
CSC : warning AD0001: Analyzer 'CodeCracker.CSharp.Design.UseInvokeMethodToFireEventAnalyzer' threw an exception of type 'System.ArgumentException' with message 'Syntax node is not within syntax tree'. [C:\Users\ultra\warewolf\Dev\Dev2.Infrastructure\Dev2.Infrastructure.csproj]
CSC : warning AD0001: Analyzer 'CodeCracker.CSharp.Design.UseInvokeMethodToFireEventAnalyzer' threw an exception of type 'System.ArgumentException' with message 'Syntax node is not within syntax tree'. [C:\Users\ultra\warewolf\Dev\Dev2.Infrastructure\Dev2.Infrastructure.csproj]
CSC : warning AD0001: Analyzer 'CodeCracker.CSharp.Design.UseInvokeMethodToFireEventAnalyzer' threw an exception of type 'System.ArgumentException' with message 'Syntax node is not within syntax tree'. [C:\Users\ultra\warewolf\Dev\Dev2.Infrastructure\Dev2.Infrastructure.csproj]
CSC : warning AD0001: Analyzer 'CodeCracker.CSharp.Design.UseInvokeMethodToFireEventAnalyzer' threw an exception of type 'System.ArgumentException' with message 'Syntax node is not within syntax tree'. [C:\Users\ultra\warewolf\Dev\Dev2.Infrastructure\Dev2.Infrastructure.csproj]
CSC : warning AD0001: Analyzer 'CodeCracker.CSharp.Design.UseInvokeMethodToFireEventAnalyzer' threw an exception of type 'System.ArgumentException' with message 'Syntax node is not within syntax tree'. [C:\Users\ultra\warewolf\Dev\Dev2.Infrastructure\Dev2.Infrastructure.csproj]
CSC : warning AD0001: Analyzer 'CodeCracker.CSharp.Design.UseInvokeMethodToFireEventAnalyzer' threw an exception of type 'System.ArgumentException' with message 'Syntax node is not within syntax tree'. [C:\Users\ultra\warewolf\Dev\Dev2.Infrastructure\Dev2.Infrastructure.csproj]
CSC : warning AD0001: Analyzer 'CodeCracker.CSharp.Design.UseInvokeMethodToFireEventAnalyzer' threw an exception of type 'System.ArgumentException' with message 'Syntax node is not within syntax tree'. [C:\Users\ultra\warewolf\Dev\Dev2.Infrastructure\Dev2.Infrastructure.csproj]
CSC : warning AD0001: Analyzer 'CodeCracker.CSharp.Design.UseInvokeMethodToFireEventAnalyzer' threw an exception of type 'System.ArgumentException' with message 'Syntax node is not within syntax tree'. [C:\Users\ultra\warewolf\Dev\Dev2.Infrastructure\Dev2.Infrastructure.csproj]
CSC : warning AD0001: Analyzer 'CodeCracker.CSharp.Design.UseInvokeMethodToFireEventAnalyzer' threw an exception of type 'System.ArgumentException' with message 'Syntax node is not within syntax tree'. [C:\Users\ultra\warewolf\Dev\Dev2.Infrastructure\Dev2.Infrastructure.csproj]
CSC : warning AD0001: Analyzer 'CodeCracker.CSharp.Design.UseInvokeMethodToFireEventAnalyzer' threw an exception of type 'System.ArgumentException' with message 'Syntax node is not within syntax tree'. [C:\Users\ultra\warewolf\Dev\Dev2.Infrastructure\Dev2.Infrastructure.csproj]
  Dev2.Infrastructure -> C:\Users\ultra\warewolf\Dev\Dev2.Infrastructure\bin\Debug\net8.0\Dev2.Infrastructure.dll
C:\Program Files\dotnet\sdk\10.0.201\Microsoft.CSharp.CurrentVersion.targets(130,9): warning MSB3884: Could not find rule set file "..\.sonarlint\warewolf_dotnet_frameworkcsharp.ruleset". [C:\Users\ultra\warewolf\Dev\Warewolf.Sharepoint\Warewolf.Sharepoint.csproj]
  Warewolf.Sharepoint -> C:\Users\ultra\warewolf\Dev\Warewolf.Sharepoint\bin\Debug\net8.0\Warewolf.Sharepoint.dll
  Warewolf.Storage -> C:\Users\ultra\warewolf\Dev\Warewolf.Storage\bin\Debug\net8.0\Warewolf.Storage.dll
C:\Program Files\dotnet\sdk\10.0.201\Microsoft.Common.CurrentVersion.targets(2451,5): warning MSB3245: Could not resolve this reference. Could not locate the assembly "System.Web". Check to make sure the assembly exists on disk. If this reference is required by your code, you may get compilation errors. [C:\Users\ultra\warewolf\Dev\Dev2.Data\Dev2.Data.csproj]
C:\Program Files\dotnet\sdk\10.0.201\Microsoft.Common.CurrentVersion.targets(2451,5): warning MSB3245: Could not resolve this reference. Could not locate the assembly "System.Web.Extensions". Check to make sure the assembly exists on disk. If this reference is required by your code, you may get compilation errors. [C:\Users\ultra\warewolf\Dev\Dev2.Data\Dev2.Data.csproj]
C:\Users\ultra\warewolf\Dev\Dev2.Services.Sql\ConnectionBuilder.cs(44,21): warning CC0029: 'ConnectionBuilder' should call GC.SuppressFinalize inside the Dispose method. (https://code-cracker.github.io/diagnostics/CC0029.html) [C:\Users\ultra\warewolf\Dev\Dev2.Services.Sql\Dev2.Services.Sql.csproj]
C:\Program Files\dotnet\sdk\10.0.201\Microsoft.Common.CurrentVersion.targets(2451,5): warning MSB3245: Could not resolve this reference. Could not locate the assembly "System.Xml.Linq". Check to make sure the assembly exists on disk. If this reference is required by your code, you may get compilation errors. [C:\Users\ultra\warewolf\Dev\Dev2.Data\Dev2.Data.csproj]
C:\Program Files\dotnet\sdk\10.0.201\Microsoft.Common.CurrentVersion.targets(2451,5): warning MSB3245: Could not resolve this reference. Could not locate the assembly "System.Data.DataSetExtensions". Check to make sure the assembly exists on disk. If this reference is required by your code, you may get compilation errors. [C:\Users\ultra\warewolf\Dev\Dev2.Data\Dev2.Data.csproj]
C:\Program Files\dotnet\sdk\10.0.201\Microsoft.Common.CurrentVersion.targets(2451,5): warning MSB3245: Could not resolve this reference. Could not locate the assembly "Microsoft.CSharp". Check to make sure the assembly exists on disk. If this reference is required by your code, you may get compilation errors. [C:\Users\ultra\warewolf\Dev\Dev2.Data\Dev2.Data.csproj]
C:\Program Files\dotnet\sdk\10.0.201\Microsoft.Common.CurrentVersion.targets(2451,5): warning MSB3245: Could not resolve this reference. Could not locate the assembly "System.Data". Check to make sure the assembly exists on disk. If this reference is required by your code, you may get compilation errors. [C:\Users\ultra\warewolf\Dev\Dev2.Data\Dev2.Data.csproj]
C:\Program Files\dotnet\sdk\10.0.201\Microsoft.Common.CurrentVersion.targets(2451,5): warning MSB3245: Could not resolve this reference. Could not locate the assembly "System.Xml". Check to make sure the assembly exists on disk. If this reference is required by your code, you may get compilation errors. [C:\Users\ultra\warewolf\Dev\Dev2.Data\Dev2.Data.csproj]
  Dev2.Services.Sql -> C:\Users\ultra\warewolf\Dev\Dev2.Services.Sql\bin\Debug\net8.0\Dev2.Services.Sql.dll
C:\Program Files\dotnet\sdk\10.0.201\Microsoft.Common.CurrentVersion.targets(2451,5): warning MSB3243: No way to resolve conflict between "System.Web, Version=4.0.0.0, Culture=neutral, PublicKeyToken=b03f5f7f11d50a3a" and "System.Web". Choosing "System.Web, Version=4.0.0.0, Culture=neutral, PublicKeyToken=b03f5f7f11d50a3a" arbitrarily. [C:\Users\ultra\warewolf\Dev\Dev2.Data\Dev2.Data.csproj]
C:\Program Files\dotnet\sdk\10.0.201\Microsoft.Common.CurrentVersion.targets(2451,5): warning MSB3243: No way to resolve conflict between "System.Xml.Linq, Version=4.0.0.0, Culture=neutral, PublicKeyToken=b77a5c561934e089" and "System.Xml.Linq". Choosing "System.Xml.Linq, Version=4.0.0.0, Culture=neutral, PublicKeyToken=b77a5c561934e089" arbitrarily. [C:\Users\ultra\warewolf\Dev\Dev2.Data\Dev2.Data.csproj]
C:\Program Files\dotnet\sdk\10.0.201\Microsoft.Common.CurrentVersion.targets(2451,5): warning MSB3243: No way to resolve conflict between "System.Data.DataSetExtensions, Version=8.0.0.0, Culture=neutral, PublicKeyToken=b77a5c561934e089" and "System.Data.DataSetExtensions". Choosing "System.Data.DataSetExtensions, Version=8.0.0.0, Culture=neutral, PublicKeyToken=b77a5c561934e089" arbitrarily. [C:\Users\ultra\warewolf\Dev\Dev2.Data\Dev2.Data.csproj]
C:\Program Files\dotnet\sdk\10.0.201\Microsoft.Common.CurrentVersion.targets(2451,5): warning MSB3243: No way to resolve conflict between "Microsoft.CSharp, Version=8.0.0.0, Culture=neutral, PublicKeyToken=b03f5f7f11d50a3a" and "Microsoft.CSharp". Choosing "Microsoft.CSharp, Version=8.0.0.0, Culture=neutral, PublicKeyToken=b03f5f7f11d50a3a" arbitrarily. [C:\Users\ultra\warewolf\Dev\Dev2.Data\Dev2.Data.csproj]
C:\Program Files\dotnet\sdk\10.0.201\Microsoft.Common.CurrentVersion.targets(2451,5): warning MSB3243: No way to resolve conflict between "System.Data, Version=4.0.0.0, Culture=neutral, PublicKeyToken=b77a5c561934e089" and "System.Data". Choosing "System.Data, Version=4.0.0.0, Culture=neutral, PublicKeyToken=b77a5c561934e089" arbitrarily. [C:\Users\ultra\warewolf\Dev\Dev2.Data\Dev2.Data.csproj]
C:\Program Files\dotnet\sdk\10.0.201\Microsoft.Common.CurrentVersion.targets(2451,5): warning MSB3243: No way to resolve conflict between "System.Xml, Version=4.0.0.0, Culture=neutral, PublicKeyToken=b77a5c561934e089" and "System.Xml". Choosing "System.Xml, Version=4.0.0.0, Culture=neutral, PublicKeyToken=b77a5c561934e089" arbitrarily. [C:\Users\ultra\warewolf\Dev\Dev2.Data\Dev2.Data.csproj]
CSC : warning CS2002: Source file 'C:\Users\ultra\warewolf\Dev\Dev2.Data\MathOperations\NCalc\NCalcExpressionBuilder.cs' specified multiple times [C:\Users\ultra\warewolf\Dev\Dev2.Data\Dev2.Data.csproj]
CSC : warning CS2002: Source file 'C:\Users\ultra\warewolf\Dev\Dev2.Data\MathOperations\NCalc\NCalcFunctionArgHelper.cs' specified multiple times [C:\Users\ultra\warewolf\Dev\Dev2.Data\Dev2.Data.csproj]
CSC : warning CS2002: Source file 'C:\Users\ultra\warewolf\Dev\Dev2.Data\MathOperations\NCalc\Functions\BaseConversionFunctions.cs' specified multiple times [C:\Users\ultra\warewolf\Dev\Dev2.Data\Dev2.Data.csproj]
CSC : warning CS2002: Source file 'C:\Users\ultra\warewolf\Dev\Dev2.Data\MathOperations\NCalc\Functions\ComplexFunctions.cs' specified multiple times [C:\Users\ultra\warewolf\Dev\Dev2.Data\Dev2.Data.csproj]
CSC : warning CS2002: Source file 'C:\Users\ultra\warewolf\Dev\Dev2.Data\MathOperations\NCalc\Functions\DateTimeFunctions.cs' specified multiple times [C:\Users\ultra\warewolf\Dev\Dev2.Data\Dev2.Data.csproj]
CSC : warning CS2002: Source file 'C:\Users\ultra\warewolf\Dev\Dev2.Data\MathOperations\NCalc\Functions\FinancialFunctions.cs' specified multiple times [C:\Users\ultra\warewolf\Dev\Dev2.Data\Dev2.Data.csproj]
CSC : warning CS2002: Source file 'C:\Users\ultra\warewolf\Dev\Dev2.Data\MathOperations\NCalc\Functions\InformationFunctions.cs' specified multiple times [C:\Users\ultra\warewolf\Dev\Dev2.Data\Dev2.Data.csproj]
CSC : warning CS2002: Source file 'C:\Users\ultra\warewolf\Dev\Dev2.Data\MathOperations\NCalc\Functions\MathFunctions.cs' specified multiple times [C:\Users\ultra\warewolf\Dev\Dev2.Data\Dev2.Data.csproj]
CSC : warning CS2002: Source file 'C:\Users\ultra\warewolf\Dev\Dev2.Data\MathOperations\NCalc\Functions\StringFunctions.cs' specified multiple times [C:\Users\ultra\warewolf\Dev\Dev2.Data\Dev2.Data.csproj]
C:\Users\ultra\warewolf\Dev\Dev2.Data\MathOperations\NCalc\Functions\MathFunctions.cs(22,30): warning CS8632: The annotation for nullable reference types should only be used in code within a '#nullable' annotations context. [C:\Users\ultra\warewolf\Dev\Dev2.Data\Dev2.Data.csproj]
C:\Users\ultra\warewolf\Dev\Dev2.Data\MathOperations\NCalc\NCalcFunctionArgHelper.cs(51,47): warning CS8632: The annotation for nullable reference types should only be used in code within a '#nullable' annotations context. [C:\Users\ultra\warewolf\Dev\Dev2.Data\Dev2.Data.csproj]
C:\Users\ultra\warewolf\Dev\Dev2.Data\NativeMethods.cs(66,59): warning CS0472: The result of the expression is always 'false' since a value of type 'nint' is never equal to 'null' of type 'nint?' [C:\Users\ultra\warewolf\Dev\Dev2.Data\Dev2.Data.csproj]
C:\Users\ultra\warewolf\Dev\Dev2.Data\NativeMethods.cs(88,8): warning CS0472: The result of the expression is always 'false' since a value of type 'nint' is never equal to 'null' of type 'nint?' [C:\Users\ultra\warewolf\Dev\Dev2.Data\Dev2.Data.csproj]
C:\Users\ultra\warewolf\Dev\Dev2.Data\MathOperations\NCalc\Functions\StringFunctions.cs(94,59): warning CS8632: The annotation for nullable reference types should only be used in code within a '#nullable' annotations context. [C:\Users\ultra\warewolf\Dev\Dev2.Data\Dev2.Data.csproj]
C:\Users\ultra\warewolf\Dev\Dev2.Data\Security\WindowsIdentityExtensions.cs(41,59): warning CA1416: This call site is reachable on all platforms. 'WindowsIdentity.AccessToken' is only supported on: 'windows'. (https://learn.microsoft.com/dotnet/fundamentals/code-analysis/quality-rules/ca1416) [C:\Users\ultra\warewolf\Dev\Dev2.Data\Dev2.Data.csproj]
C:\Users\ultra\warewolf\Dev\Dev2.Data\Security\WindowsIdentityExtensions.cs(28,17): warning CA1416: This call site is reachable on all platforms. 'WindowsIdentity.RunImpersonated(SafeAccessTokenHandle, Action)' is only supported on: 'windows'. (https://learn.microsoft.com/dotnet/fundamentals/code-analysis/quality-rules/ca1416) [C:\Users\ultra\warewolf\Dev\Dev2.Data\Dev2.Data.csproj]
C:\Users\ultra\warewolf\Dev\Dev2.Data\Security\WindowsIdentityExtensions.cs(28,49): warning CA1416: This call site is reachable on all platforms. 'WindowsIdentity.AccessToken' is only supported on: 'windows'. (https://learn.microsoft.com/dotnet/fundamentals/code-analysis/quality-rules/ca1416) [C:\Users\ultra\warewolf\Dev\Dev2.Data\Dev2.Data.csproj]
C:\Users\ultra\warewolf\Dev\Dev2.Data\Security\WindowsIdentityExtensions.cs(41,24): warning CA1416: This call site is reachable on all platforms. 'WindowsIdentity.RunImpersonated<T>(SafeAccessTokenHandle, Func<T>)' is only supported on: 'windows'. (https://learn.microsoft.com/dotnet/fundamentals/code-analysis/quality-rules/ca1416) [C:\Users\ultra\warewolf\Dev\Dev2.Data\Dev2.Data.csproj]
C:\Users\ultra\warewolf\Dev\Dev2.Data\PathOperations\ValidateAuthorization.cs(73,33): warning CA1416: This call site is reachable on all platforms. 'WindowsIdentity' is only supported on: 'windows'. (https://learn.microsoft.com/dotnet/fundamentals/code-analysis/quality-rules/ca1416) [C:\Users\ultra\warewolf\Dev\Dev2.Data\Dev2.Data.csproj]
  Dev2.Data -> C:\Users\ultra\warewolf\Dev\Dev2.Data\bin\Debug\net8.0\Dev2.Data.dll
  Warewolf.Driver.Serilog -> C:\Users\ultra\warewolf\Dev\Warewolf.Driver.Serilog\bin\Debug\net8.0\Warewolf.Driver.Serilog.dll
  Dev2.Scheduler -> C:\Users\ultra\warewolf\Dev\Dev2.Scheduler\bin\Debug\net8.0\Dev2.Scheduler.dll
  Dev2.Core -> C:\Users\ultra\warewolf\Dev\Dev2.Core\bin\Debug\net8.0\Dev2.Core.dll
C:\Users\ultra\warewolf\Dev\Warewolf.Auditing\Audit.cs(189,26): warning CS8073: The result of the expression is always 'false' since a value of type 'DateTime' is never equal to 'null' of type 'DateTime?' [C:\Users\ultra\warewolf\Dev\Warewolf.Auditing\Warewolf.Auditing.csproj]
C:\Users\ultra\warewolf\Dev\Warewolf.Auditing\Drivers\AuditQueryableElastic.cs(360,33): warning CS0618: 'ElasticsearchClient.Search<TDocument>(SearchRequestDescriptor<TDocument>)' is obsolete: 'Synchronous methods are deprecated and could be removed in the future.' [C:\Users\ultra\warewolf\Dev\Warewolf.Auditing\Warewolf.Auditing.csproj]
C:\Users\ultra\warewolf\Dev\Warewolf.Auditing\Drivers\AuditQueryableElastic.cs(384,26): warning CS0618: 'ElasticsearchClient.Ping()' is obsolete: 'Synchronous methods are deprecated and could be removed in the future.' [C:\Users\ultra\warewolf\Dev\Warewolf.Auditing\Warewolf.Auditing.csproj]
  Warewolf.ResourceManagement -> C:\Users\ultra\warewolf\Dev\Warewolf.ResourceManagement\bin\Debug\net8.0\Warewolf.ResourceManagement.dll
C:\Users\ultra\warewolf\Dev\Warewolf.Core\InputsFromJson.cs(99,21): warning CC0105: Use 'var' instead of specifying the type name. (https://code-cracker.github.io/diagnostics/CC0105.html) [C:\Users\ultra\warewolf\Dev\Warewolf.Core\Warewolf.Core.csproj]
  Warewolf.Auditing -> C:\Users\ultra\warewolf\Dev\Warewolf.Auditing\bin\Debug\net8.0\Warewolf.Auditing.dll
  Warewolf.Core -> C:\Users\ultra\warewolf\Dev\Warewolf.Core\bin\Debug\net8.0\Warewolf.Core.dll
C:\Users\ultra\warewolf\Dev\Warewolf.Common.NetStandard20\Wrappers\WebClientWrapper.cs(26,26): warning SYSLIB0014: 'WebClient.WebClient()' is obsolete: 'WebRequest, HttpWebRequest, ServicePoint, and WebClient are obsolete. Use HttpClient instead.' (https://aka.ms/dotnet-warnings/SYSLIB0014) [C:\Users\ultra\warewolf\Dev\Warewolf.Common.NetStandard20\Warewolf.Common.NetStandard20.csproj]
C:\Users\ultra\warewolf\Dev\Warewolf.Common.NetStandard20\Wrappers\WebRequestWrapper.cs(26,24): warning SYSLIB0014: 'WebRequest.Create(string)' is obsolete: 'WebRequest, HttpWebRequest, ServicePoint, and WebClient are obsolete. Use HttpClient instead.' (https://aka.ms/dotnet-warnings/SYSLIB0014) [C:\Users\ultra\warewolf\Dev\Warewolf.Common.NetStandard20\Warewolf.Common.NetStandard20.csproj]
C:\Users\ultra\warewolf\Dev\Warewolf.Common.NetStandard20\Wrappers\WebClientWrapper.cs(31,26): warning SYSLIB0014: 'WebClient.WebClient()' is obsolete: 'WebRequest, HttpWebRequest, ServicePoint, and WebClient are obsolete. Use HttpClient instead.' (https://aka.ms/dotnet-warnings/SYSLIB0014) [C:\Users\ultra\warewolf\Dev\Warewolf.Common.NetStandard20\Warewolf.Common.NetStandard20.csproj]
  Warewolf.Common.NetStandard20 -> C:\Users\ultra\warewolf\Dev\Warewolf.Common.NetStandard20\bin\Debug\net8.0\Warewolf.Common.NetStandard20.dll
C:\Users\ultra\warewolf\Dev\Dev2.Runtime.Services\ServiceModel\ElasticsearchSources.cs(110,34): warning CS0618: 'ElasticsearchClient.Ping()' is obsolete: 'Synchronous methods are deprecated and could be removed in the future.' [C:\Users\ultra\warewolf\Dev\Dev2.Runtime.Services\Dev2.Runtime.Services.csproj]
C:\Users\ultra\warewolf\Dev\Dev2.Runtime.Services\ESB\Management\Services\FetchTestsAndTriggers.cs(45,17): warning CC0105: Use 'var' instead of specifying the type name. (https://code-cracker.github.io/diagnostics/CC0105.html) [C:\Users\ultra\warewolf\Dev\Dev2.Runtime.Services\Dev2.Runtime.Services.csproj]
C:\Users\ultra\warewolf\Dev\Dev2.Runtime.Services\UsageLogger.cs(66,33): warning CC0022: ManagementObjectSearcher should be disposed. (https://code-cracker.github.io/diagnostics/CC0022.html) [C:\Users\ultra\warewolf\Dev\Dev2.Runtime.Services\Dev2.Runtime.Services.csproj]
C:\Users\ultra\warewolf\Dev\Dev2.Runtime.Services\ServiceModel\WebSources.cs(532,7): warning CC0004: Empty Catch Block. (https://code-cracker.github.io/diagnostics/CC0004.html) [C:\Users\ultra\warewolf\Dev\Dev2.Runtime.Services\Dev2.Runtime.Services.csproj]
C:\Users\ultra\warewolf\Dev\Dev2.Runtime.Services\ServiceModel\WebSources.cs(751,38): warning CC0022: StringContent should be disposed. (https://code-cracker.github.io/diagnostics/CC0022.html) [C:\Users\ultra\warewolf\Dev\Dev2.Runtime.Services\Dev2.Runtime.Services.csproj]
C:\Users\ultra\warewolf\Dev\Dev2.Runtime.Services\ESB\Management\Services\TestChatbotSource.cs(44,17): warning CC0105: Use 'var' instead of specifying the type name. (https://code-cracker.github.io/diagnostics/CC0105.html) [C:\Users\ultra\warewolf\Dev\Dev2.Runtime.Services\Dev2.Runtime.Services.csproj]
C:\Users\ultra\warewolf\Dev\Dev2.Runtime.Services\ESB\Management\Services\TestChatbotSource.cs(45,17): warning CC0105: Use 'var' instead of specifying the type name. (https://code-cracker.github.io/diagnostics/CC0105.html) [C:\Users\ultra\warewolf\Dev\Dev2.Runtime.Services\Dev2.Runtime.Services.csproj]
C:\Users\ultra\warewolf\Dev\Dev2.Runtime.Services\ESB\Management\Services\ChatbotToolNormalizer.cs(80,17): warning CC0003: Consider adding an Exception to the catch. (https://code-cracker.github.io/diagnostics/CC0003.html) [C:\Users\ultra\warewolf\Dev\Dev2.Runtime.Services\Dev2.Runtime.Services.csproj]
C:\Users\ultra\warewolf\Dev\Dev2.Runtime.Services\ESB\Management\Services\ChatbotToolNormalizer.cs(101,21): warning CC0004: Empty Catch Block. (https://code-cracker.github.io/diagnostics/CC0004.html) [C:\Users\ultra\warewolf\Dev\Dev2.Runtime.Services\Dev2.Runtime.Services.csproj]
C:\Users\ultra\warewolf\Dev\Dev2.Runtime.Services\ESB\Management\Services\ChatbotToolNormalizer.cs(226,21): warning CC0105: Use 'var' instead of specifying the type name. (https://code-cracker.github.io/diagnostics/CC0105.html) [C:\Users\ultra\warewolf\Dev\Dev2.Runtime.Services\Dev2.Runtime.Services.csproj]
C:\Users\ultra\warewolf\Dev\Dev2.Runtime.Services\ESB\Management\Services\ChatbotToolNormalizer.cs(279,21): warning CC0105: Use 'var' instead of specifying the type name. (https://code-cracker.github.io/diagnostics/CC0105.html) [C:\Users\ultra\warewolf\Dev\Dev2.Runtime.Services\Dev2.Runtime.Services.csproj]
  Dev2.Runtime.Services -> C:\Users\ultra\warewolf\Dev\Dev2.Runtime.Services\bin\Debug\net8.0\Dev2.Runtime.Services.dll
  Dev2.Studio.Interfaces -> C:\Users\ultra\warewolf\Dev\Dev2.Studio.Interfaces\bin\Debug\net8.0\Dev2.Studio.Interfaces.dll
  Warewolf.Testing -> C:\Users\ultra\warewolf\Dev\Warewolf.Testing\bin\Debug\net8.0\Warewolf.Testing.dll
  Dev2.Sql.Tests -> C:\Users\ultra\warewolf\Dev\Dev2.Sql.Tests\bin\Debug\net8.0\linux-x64\Dev2.Sql.Tests.dll
  Dev2.Sql.Tests -> C:\Users\ultra\warewolf\Bin\ServerTests-Linux\Dev2.Sql.Tests\
Publishing Dev2.Integration.Tests for linux-x64...
  Determining projects to restore...
C:\Users\ultra\warewolf\Dev\Dev2.CustomControls\Dev2.CustomControls.csproj(135,14): warning MSB4130: The condition "'$(TargetFramework)' != '' and ($(TargetFramework.EndsWith('-windows')) or '$(TargetFramework)' == 'net48') Or '$(TargetFrameworkIdentifier)' == '.NETFramework'" may have been evaluated incorrectly in an earlier version of MSBuild. Please verify that the order of the AND and OR clauses is written as intended. To avoid this warning, add parentheses to make the evaluation order explicit.
C:\Users\ultra\warewolf\Dev\Warewolf.Language.Parser\Warewolf.Language.Parser.fsproj : warning NU1504: Duplicate 'PackageReference' items found. Remove the duplicate items or use the Update functionality to ensure a consistent restore behavior. The duplicate 'PackageReference' items are: FSharp.Core 10.1.201, FSharp.Core 4.6.2.
C:\Users\ultra\warewolf\Dev\Warewolf.Trigger.Queue\Warewolf.Trigger.Queue.csproj : warning NU1701: Package 'AeroWizard 2.3.1' was restored using '.NETFramework,Version=v4.6.1, .NETFramework,Version=v4.6.2, .NETFramework,Version=v4.7, .NETFramework,Version=v4.7.1, .NETFramework,Version=v4.7.2, .NETFramework,Version=v4.8, .NETFramework,Version=v4.8.1' instead of the project target framework 'net8.0'. This package may not be fully compatible with your project. [C:\Users\ultra\warewolf\Dev\Dev2.IntegrationTests\Dev2.Integration.Tests.csproj]
C:\Users\ultra\warewolf\Dev\Warewolf.Driver.Persistence\Warewolf.Driver.Persistence.csproj : warning NU1701: Package 'AeroWizard 2.3.1' was restored using '.NETFramework,Version=v4.6.1, .NETFramework,Version=v4.6.2, .NETFramework,Version=v4.7, .NETFramework,Version=v4.7.1, .NETFramework,Version=v4.7.2, .NETFramework,Version=v4.8, .NETFramework,Version=v4.8.1' instead of the project target framework 'net8.0'. This package may not be fully compatible with your project. [C:\Users\ultra\warewolf\Dev\Dev2.IntegrationTests\Dev2.Integration.Tests.csproj]
C:\Users\ultra\warewolf\Dev\Warewolf.Testing\Warewolf.Testing.csproj : warning NU1701: Package 'AeroWizard 2.3.1' was restored using '.NETFramework,Version=v4.6.1, .NETFramework,Version=v4.6.2, .NETFramework,Version=v4.7, .NETFramework,Version=v4.7.1, .NETFramework,Version=v4.7.2, .NETFramework,Version=v4.8, .NETFramework,Version=v4.8.1' instead of the project target framework 'net8.0'. This package may not be fully compatible with your project. [C:\Users\ultra\warewolf\Dev\Dev2.IntegrationTests\Dev2.Integration.Tests.csproj]
C:\Users\ultra\warewolf\Dev\Dev2.Common.Tests\Dev2.Common.Tests.csproj : warning NU1701: Package 'AeroWizard 2.3.1' was restored using '.NETFramework,Version=v4.6.1, .NETFramework,Version=v4.6.2, .NETFramework,Version=v4.7, .NETFramework,Version=v4.7.1, .NETFramework,Version=v4.7.2, .NETFramework,Version=v4.8, .NETFramework,Version=v4.8.1' instead of the project target framework 'net8.0'. This package may not be fully compatible with your project. [C:\Users\ultra\warewolf\Dev\Dev2.IntegrationTests\Dev2.Integration.Tests.csproj]
C:\Users\ultra\warewolf\Dev\Dev2.Common\Dev2.Common.csproj : warning NU1903: Package 'Microsoft.Windows.Compatibility' 6.0.0 has a known high severity vulnerability, https://github.com/advisories/GHSA-555c-2p6r-68mm [C:\Users\ultra\warewolf\Dev\Dev2.IntegrationTests\Dev2.Integration.Tests.csproj]
C:\Users\ultra\warewolf\Dev\Warewolf.Data\Warewolf.Data.csproj : warning NU1701: Package 'AeroWizard 2.3.1' was restored using '.NETFramework,Version=v4.6.1, .NETFramework,Version=v4.6.2, .NETFramework,Version=v4.7, .NETFramework,Version=v4.7.1, .NETFramework,Version=v4.7.2, .NETFramework,Version=v4.8, .NETFramework,Version=v4.8.1' instead of the project target framework 'net8.0'. This package may not be fully compatible with your project. [C:\Users\ultra\warewolf\Dev\Dev2.IntegrationTests\Dev2.Integration.Tests.csproj]
C:\Users\ultra\warewolf\Dev\Dev2.Common.Tests\Dev2.Common.Tests.csproj : warning NU1701: Package 'GroupControls 1.9.0' was restored using '.NETFramework,Version=v4.6.1, .NETFramework,Version=v4.6.2, .NETFramework,Version=v4.7, .NETFramework,Version=v4.7.1, .NETFramework,Version=v4.7.2, .NETFramework,Version=v4.8, .NETFramework,Version=v4.8.1' instead of the project target framework 'net8.0'. This package may not be fully compatible with your project. [C:\Users\ultra\warewolf\Dev\Dev2.IntegrationTests\Dev2.Integration.Tests.csproj]
C:\Users\ultra\warewolf\Dev\Warewolf.Trigger.Queue\Warewolf.Trigger.Queue.csproj : warning NU1701: Package 'GroupControls 1.9.0' was restored using '.NETFramework,Version=v4.6.1, .NETFramework,Version=v4.6.2, .NETFramework,Version=v4.7, .NETFramework,Version=v4.7.1, .NETFramework,Version=v4.7.2, .NETFramework,Version=v4.8, .NETFramework,Version=v4.8.1' instead of the project target framework 'net8.0'. This package may not be fully compatible with your project. [C:\Users\ultra\warewolf\Dev\Dev2.IntegrationTests\Dev2.Integration.Tests.csproj]
C:\Users\ultra\warewolf\Dev\Warewolf.Driver.Persistence\Warewolf.Driver.Persistence.csproj : warning NU1701: Package 'GroupControls 1.9.0' was restored using '.NETFramework,Version=v4.6.1, .NETFramework,Version=v4.6.2, .NETFramework,Version=v4.7, .NETFramework,Version=v4.7.1, .NETFramework,Version=v4.7.2, .NETFramework,Version=v4.8, .NETFramework,Version=v4.8.1' instead of the project target framework 'net8.0'. This package may not be fully compatible with your project. [C:\Users\ultra\warewolf\Dev\Dev2.IntegrationTests\Dev2.Integration.Tests.csproj]
C:\Users\ultra\warewolf\Dev\Dev2.Common.Tests\Dev2.Common.Tests.csproj : warning NU1701: Package 'Microsoft.Xaml.Behaviors.Wpf 1.1.122' was restored using '.NETFramework,Version=v4.6.1, .NETFramework,Version=v4.6.2, .NETFramework,Version=v4.7, .NETFramework,Version=v4.7.1, .NETFramework,Version=v4.7.2, .NETFramework,Version=v4.8, .NETFramework,Version=v4.8.1' instead of the project target framework 'net8.0'. This package may not be fully compatible with your project. [C:\Users\ultra\warewolf\Dev\Dev2.IntegrationTests\Dev2.Integration.Tests.csproj]
C:\Users\ultra\warewolf\Dev\Warewolf.Testing\Warewolf.Testing.csproj : warning NU1701: Package 'GroupControls 1.9.0' was restored using '.NETFramework,Version=v4.6.1, .NETFramework,Version=v4.6.2, .NETFramework,Version=v4.7, .NETFramework,Version=v4.7.1, .NETFramework,Version=v4.7.2, .NETFramework,Version=v4.8, .NETFramework,Version=v4.8.1' instead of the project target framework 'net8.0'. This package may not be fully compatible with your project. [C:\Users\ultra\warewolf\Dev\Dev2.IntegrationTests\Dev2.Integration.Tests.csproj]
C:\Users\ultra\warewolf\Dev\Warewolf.Trigger.Queue\Warewolf.Trigger.Queue.csproj : warning NU1701: Package 'Microsoft.Xaml.Behaviors.Wpf 1.1.122' was restored using '.NETFramework,Version=v4.6.1, .NETFramework,Version=v4.6.2, .NETFramework,Version=v4.7, .NETFramework,Version=v4.7.1, .NETFramework,Version=v4.7.2, .NETFramework,Version=v4.8, .NETFramework,Version=v4.8.1' instead of the project target framework 'net8.0'. This package may not be fully compatible with your project. [C:\Users\ultra\warewolf\Dev\Dev2.IntegrationTests\Dev2.Integration.Tests.csproj]
C:\Users\ultra\warewolf\Dev\Warewolf.Driver.Persistence\Warewolf.Driver.Persistence.csproj : warning NU1701: Package 'ReactiveUI.WPF 18.4.1' was restored using '.NETFramework,Version=v4.6.1, .NETFramework,Version=v4.6.2, .NETFramework,Version=v4.7, .NETFramework,Version=v4.7.1, .NETFramework,Version=v4.7.2, .NETFramework,Version=v4.8, .NETFramework,Version=v4.8.1' instead of the project target framework 'net8.0'. This package may not be fully compatible with your project. [C:\Users\ultra\warewolf\Dev\Dev2.IntegrationTests\Dev2.Integration.Tests.csproj]
C:\Users\ultra\warewolf\Dev\Dev2.Common.Tests\Dev2.Common.Tests.csproj : warning NU1701: Package 'Prism.Wpf 9.0.537' was restored using '.NETFramework,Version=v4.6.1, .NETFramework,Version=v4.6.2, .NETFramework,Version=v4.7, .NETFramework,Version=v4.7.1, .NETFramework,Version=v4.7.2, .NETFramework,Version=v4.8, .NETFramework,Version=v4.8.1' instead of the project target framework 'net8.0'. This package may not be fully compatible with your project. [C:\Users\ultra\warewolf\Dev\Dev2.IntegrationTests\Dev2.Integration.Tests.csproj]
C:\Users\ultra\warewolf\Dev\Dev2.Common\Dev2.Common.csproj : warning NU1701: Package 'AeroWizard 2.3.1' was restored using '.NETFramework,Version=v4.6.1, .NETFramework,Version=v4.6.2, .NETFramework,Version=v4.7, .NETFramework,Version=v4.7.1, .NETFramework,Version=v4.7.2, .NETFramework,Version=v4.8, .NETFramework,Version=v4.8.1' instead of the project target framework 'net8.0'. This package may not be fully compatible with your project. [C:\Users\ultra\warewolf\Dev\Dev2.IntegrationTests\Dev2.Integration.Tests.csproj]
C:\Users\ultra\warewolf\Dev\Warewolf.Trigger.Queue\Warewolf.Trigger.Queue.csproj : warning NU1701: Package 'Prism.Wpf 9.0.537' was restored using '.NETFramework,Version=v4.6.1, .NETFramework,Version=v4.6.2, .NETFramework,Version=v4.7, .NETFramework,Version=v4.7.1, .NETFramework,Version=v4.7.2, .NETFramework,Version=v4.8, .NETFramework,Version=v4.8.1' instead of the project target framework 'net8.0'. This package may not be fully compatible with your project. [C:\Users\ultra\warewolf\Dev\Dev2.IntegrationTests\Dev2.Integration.Tests.csproj]
C:\Users\ultra\warewolf\Dev\Dev2.Common.Tests\Dev2.Common.Tests.csproj : warning NU1701: Package 'ReactiveUI.WPF 18.4.1' was restored using '.NETFramework,Version=v4.6.1, .NETFramework,Version=v4.6.2, .NETFramework,Version=v4.7, .NETFramework,Version=v4.7.1, .NETFramework,Version=v4.7.2, .NETFramework,Version=v4.8, .NETFramework,Version=v4.8.1' instead of the project target framework 'net8.0'. This package may not be fully compatible with your project. [C:\Users\ultra\warewolf\Dev\Dev2.IntegrationTests\Dev2.Integration.Tests.csproj]
C:\Users\ultra\warewolf\Dev\Warewolf.Core\Warewolf.Core.csproj : warning NU1903: Package 'Microsoft.Windows.Compatibility' 6.0.0 has a known high severity vulnerability, https://github.com/advisories/GHSA-555c-2p6r-68mm [C:\Users\ultra\warewolf\Dev\Dev2.IntegrationTests\Dev2.Integration.Tests.csproj]
C:\Users\ultra\warewolf\Dev\Warewolf.Trigger.Queue\Warewolf.Trigger.Queue.csproj : warning NU1701: Package 'ReactiveUI.WPF 18.4.1' was restored using '.NETFramework,Version=v4.6.1, .NETFramework,Version=v4.6.2, .NETFramework,Version=v4.7, .NETFramework,Version=v4.7.1, .NETFramework,Version=v4.7.2, .NETFramework,Version=v4.8, .NETFramework,Version=v4.8.1' instead of the project target framework 'net8.0'. This package may not be fully compatible with your project. [C:\Users\ultra\warewolf\Dev\Dev2.IntegrationTests\Dev2.Integration.Tests.csproj]
C:\Users\ultra\warewolf\Dev\Warewolf.Data\Warewolf.Data.csproj : warning NU1701: Package 'GroupControls 1.9.0' was restored using '.NETFramework,Version=v4.6.1, .NETFramework,Version=v4.6.2, .NETFramework,Version=v4.7, .NETFramework,Version=v4.7.1, .NETFramework,Version=v4.7.2, .NETFramework,Version=v4.8, .NETFramework,Version=v4.8.1' instead of the project target framework 'net8.0'. This package may not be fully compatible with your project. [C:\Users\ultra\warewolf\Dev\Dev2.IntegrationTests\Dev2.Integration.Tests.csproj]
C:\Users\ultra\warewolf\Dev\Dev2.Common.Tests\Dev2.Common.Tests.csproj : warning NU1701: Package 'TaskSchedulerEditor 2.10.1' was restored using '.NETFramework,Version=v4.6.1, .NETFramework,Version=v4.6.2, .NETFramework,Version=v4.7, .NETFramework,Version=v4.7.1, .NETFramework,Version=v4.7.2, .NETFramework,Version=v4.8, .NETFramework,Version=v4.8.1' instead of the project target framework 'net8.0'. This package may not be fully compatible with your project. [C:\Users\ultra\warewolf\Dev\Dev2.IntegrationTests\Dev2.Integration.Tests.csproj]
C:\Users\ultra\warewolf\Dev\Dev2.Common\Dev2.Common.csproj : warning NU1701: Package 'GroupControls 1.9.0' was restored using '.NETFramework,Version=v4.6.1, .NETFramework,Version=v4.6.2, .NETFramework,Version=v4.7, .NETFramework,Version=v4.7.1, .NETFramework,Version=v4.7.2, .NETFramework,Version=v4.8, .NETFramework,Version=v4.8.1' instead of the project target framework 'net8.0'. This package may not be fully compatible with your project. [C:\Users\ultra\warewolf\Dev\Dev2.IntegrationTests\Dev2.Integration.Tests.csproj]
C:\Users\ultra\warewolf\Dev\Warewolf.Driver.Persistence\Warewolf.Driver.Persistence.csproj : warning NU1701: Package 'TaskSchedulerEditor 2.10.1' was restored using '.NETFramework,Version=v4.6.1, .NETFramework,Version=v4.6.2, .NETFramework,Version=v4.7, .NETFramework,Version=v4.7.1, .NETFramework,Version=v4.7.2, .NETFramework,Version=v4.8, .NETFramework,Version=v4.8.1' instead of the project target framework 'net8.0'. This package may not be fully compatible with your project. [C:\Users\ultra\warewolf\Dev\Dev2.IntegrationTests\Dev2.Integration.Tests.csproj]
C:\Users\ultra\warewolf\Dev\Dev2.Common\Dev2.Common.csproj : warning NU1701: Package 'TaskSchedulerEditor 2.10.1' was restored using '.NETFramework,Version=v4.6.1, .NETFramework,Version=v4.6.2, .NETFramework,Version=v4.7, .NETFramework,Version=v4.7.1, .NETFramework,Version=v4.7.2, .NETFramework,Version=v4.8, .NETFramework,Version=v4.8.1' instead of the project target framework 'net8.0'. This package may not be fully compatible with your project. [C:\Users\ultra\warewolf\Dev\Dev2.IntegrationTests\Dev2.Integration.Tests.csproj]
C:\Users\ultra\warewolf\Dev\Warewolf.Trigger.Queue\Warewolf.Trigger.Queue.csproj : warning NU1701: Package 'TaskSchedulerEditor 2.10.1' was restored using '.NETFramework,Version=v4.6.1, .NETFramework,Version=v4.6.2, .NETFramework,Version=v4.7, .NETFramework,Version=v4.7.1, .NETFramework,Version=v4.7.2, .NETFramework,Version=v4.8, .NETFramework,Version=v4.8.1' instead of the project target framework 'net8.0'. This package may not be fully compatible with your project. [C:\Users\ultra\warewolf\Dev\Dev2.IntegrationTests\Dev2.Integration.Tests.csproj]
C:\Users\ultra\warewolf\Dev\Warewolf.Data\Warewolf.Data.csproj : warning NU1701: Package 'TaskSchedulerEditor 2.10.1' was restored using '.NETFramework,Version=v4.6.1, .NETFramework,Version=v4.6.2, .NETFramework,Version=v4.7, .NETFramework,Version=v4.7.1, .NETFramework,Version=v4.7.2, .NETFramework,Version=v4.8, .NETFramework,Version=v4.8.1' instead of the project target framework 'net8.0'. This package may not be fully compatible with your project. [C:\Users\ultra\warewolf\Dev\Dev2.IntegrationTests\Dev2.Integration.Tests.csproj]
C:\Users\ultra\warewolf\Dev\Warewolf.Core\Warewolf.Core.csproj : warning NU1701: Package 'AeroWizard 2.3.1' was restored using '.NETFramework,Version=v4.6.1, .NETFramework,Version=v4.6.2, .NETFramework,Version=v4.7, .NETFramework,Version=v4.7.1, .NETFramework,Version=v4.7.2, .NETFramework,Version=v4.8, .NETFramework,Version=v4.8.1' instead of the project target framework 'net8.0'. This package may not be fully compatible with your project. [C:\Users\ultra\warewolf\Dev\Dev2.IntegrationTests\Dev2.Integration.Tests.csproj]
C:\Users\ultra\warewolf\Dev\Warewolf.Core\Warewolf.Core.csproj : warning NU1701: Package 'GroupControls 1.9.0' was restored using '.NETFramework,Version=v4.6.1, .NETFramework,Version=v4.6.2, .NETFramework,Version=v4.7, .NETFramework,Version=v4.7.1, .NETFramework,Version=v4.7.2, .NETFramework,Version=v4.8, .NETFramework,Version=v4.8.1' instead of the project target framework 'net8.0'. This package may not be fully compatible with your project. [C:\Users\ultra\warewolf\Dev\Dev2.IntegrationTests\Dev2.Integration.Tests.csproj]
C:\Users\ultra\warewolf\Dev\Warewolf.Core\Warewolf.Core.csproj : warning NU1701: Package 'ReactiveUI.WPF 18.4.1' was restored using '.NETFramework,Version=v4.6.1, .NETFramework,Version=v4.6.2, .NETFramework,Version=v4.7, .NETFramework,Version=v4.7.1, .NETFramework,Version=v4.7.2, .NETFramework,Version=v4.8, .NETFramework,Version=v4.8.1' instead of the project target framework 'net8.0'. This package may not be fully compatible with your project. [C:\Users\ultra\warewolf\Dev\Dev2.IntegrationTests\Dev2.Integration.Tests.csproj]
C:\Users\ultra\warewolf\Dev\Warewolf.Driver.Serilog\Warewolf.Driver.Serilog.csproj : warning NU1701: Package 'AeroWizard 2.3.1' was restored using '.NETFramework,Version=v4.6.1, .NETFramework,Version=v4.6.2, .NETFramework,Version=v4.7, .NETFramework,Version=v4.7.1, .NETFramework,Version=v4.7.2, .NETFramework,Version=v4.8, .NETFramework,Version=v4.8.1' instead of the project target framework 'net8.0'. This package may not be fully compatible with your project. [C:\Users\ultra\warewolf\Dev\Dev2.IntegrationTests\Dev2.Integration.Tests.csproj]
C:\Users\ultra\warewolf\Dev\Warewolf.Core\Warewolf.Core.csproj : warning NU1701: Package 'TaskSchedulerEditor 2.10.1' was restored using '.NETFramework,Version=v4.6.1, .NETFramework,Version=v4.6.2, .NETFramework,Version=v4.7, .NETFramework,Version=v4.7.1, .NETFramework,Version=v4.7.2, .NETFramework,Version=v4.8, .NETFramework,Version=v4.8.1' instead of the project target framework 'net8.0'. This package may not be fully compatible with your project. [C:\Users\ultra\warewolf\Dev\Dev2.IntegrationTests\Dev2.Integration.Tests.csproj]
C:\Users\ultra\warewolf\Dev\Warewolf.Driver.Serilog\Warewolf.Driver.Serilog.csproj : warning NU1701: Package 'GroupControls 1.9.0' was restored using '.NETFramework,Version=v4.6.1, .NETFramework,Version=v4.6.2, .NETFramework,Version=v4.7, .NETFramework,Version=v4.7.1, .NETFramework,Version=v4.7.2, .NETFramework,Version=v4.8, .NETFramework,Version=v4.8.1' instead of the project target framework 'net8.0'. This package may not be fully compatible with your project. [C:\Users\ultra\warewolf\Dev\Dev2.IntegrationTests\Dev2.Integration.Tests.csproj]
C:\Users\ultra\warewolf\Dev\Warewolf.Driver.Serilog\Warewolf.Driver.Serilog.csproj : warning NU1701: Package 'ReactiveUI.WPF 18.4.1' was restored using '.NETFramework,Version=v4.6.1, .NETFramework,Version=v4.6.2, .NETFramework,Version=v4.7, .NETFramework,Version=v4.7.1, .NETFramework,Version=v4.7.2, .NETFramework,Version=v4.8, .NETFramework,Version=v4.8.1' instead of the project target framework 'net8.0'. This package may not be fully compatible with your project. [C:\Users\ultra\warewolf\Dev\Dev2.IntegrationTests\Dev2.Integration.Tests.csproj]
C:\Users\ultra\warewolf\Dev\Warewolf.Driver.Serilog\Warewolf.Driver.Serilog.csproj : warning NU1701: Package 'TaskSchedulerEditor 2.10.1' was restored using '.NETFramework,Version=v4.6.1, .NETFramework,Version=v4.6.2, .NETFramework,Version=v4.7, .NETFramework,Version=v4.7.1, .NETFramework,Version=v4.7.2, .NETFramework,Version=v4.8, .NETFramework,Version=v4.8.1' instead of the project target framework 'net8.0'. This package may not be fully compatible with your project. [C:\Users\ultra\warewolf\Dev\Dev2.IntegrationTests\Dev2.Integration.Tests.csproj]
C:\Users\ultra\warewolf\Dev\Warewolf.Studio.Views\Warewolf.Studio.Views.csproj : warning NU1701: Package 'AeroWizard 2.3.1' was restored using '.NETFramework,Version=v4.6.1, .NETFramework,Version=v4.6.2, .NETFramework,Version=v4.7, .NETFramework,Version=v4.7.1, .NETFramework,Version=v4.7.2, .NETFramework,Version=v4.8, .NETFramework,Version=v4.8.1' instead of the project target framework 'net8.0'. This package may not be fully compatible with your project. [C:\Users\ultra\warewolf\Dev\Dev2.IntegrationTests\Dev2.Integration.Tests.csproj]
C:\Users\ultra\warewolf\Dev\Warewolf.Studio.Views\Warewolf.Studio.Views.csproj : warning NU1701: Package 'GroupControls 1.9.0' was restored using '.NETFramework,Version=v4.6.1, .NETFramework,Version=v4.6.2, .NETFramework,Version=v4.7, .NETFramework,Version=v4.7.1, .NETFramework,Version=v4.7.2, .NETFramework,Version=v4.8, .NETFramework,Version=v4.8.1' instead of the project target framework 'net8.0'. This package may not be fully compatible with your project. [C:\Users\ultra\warewolf\Dev\Dev2.IntegrationTests\Dev2.Integration.Tests.csproj]
C:\Users\ultra\warewolf\Dev\Warewolf.Studio.Views\Warewolf.Studio.Views.csproj : warning NU1701: Package 'Microsoft.Xaml.Behaviors.Wpf 1.1.122' was restored using '.NETFramework,Version=v4.6.1, .NETFramework,Version=v4.6.2, .NETFramework,Version=v4.7, .NETFramework,Version=v4.7.1, .NETFramework,Version=v4.7.2, .NETFramework,Version=v4.8, .NETFramework,Version=v4.8.1' instead of the project target framework 'net8.0'. This package may not be fully compatible with your project. [C:\Users\ultra\warewolf\Dev\Dev2.IntegrationTests\Dev2.Integration.Tests.csproj]
C:\Users\ultra\warewolf\Dev\Warewolf.Studio.Views\Warewolf.Studio.Views.csproj : warning NU1701: Package 'Prism.Wpf 9.0.537' was restored using '.NETFramework,Version=v4.6.1, .NETFramework,Version=v4.6.2, .NETFramework,Version=v4.7, .NETFramework,Version=v4.7.1, .NETFramework,Version=v4.7.2, .NETFramework,Version=v4.8, .NETFramework,Version=v4.8.1' instead of the project target framework 'net8.0'. This package may not be fully compatible with your project. [C:\Users\ultra\warewolf\Dev\Dev2.IntegrationTests\Dev2.Integration.Tests.csproj]
C:\Users\ultra\warewolf\Dev\Warewolf.Studio.Views\Warewolf.Studio.Views.csproj : warning NU1701: Package 'ReactiveUI.WPF 18.4.1' was restored using '.NETFramework,Version=v4.6.1, .NETFramework,Version=v4.6.2, .NETFramework,Version=v4.7, .NETFramework,Version=v4.7.1, .NETFramework,Version=v4.7.2, .NETFramework,Version=v4.8, .NETFramework,Version=v4.8.1' instead of the project target framework 'net8.0'. This package may not be fully compatible with your project. [C:\Users\ultra\warewolf\Dev\Dev2.IntegrationTests\Dev2.Integration.Tests.csproj]
C:\Users\ultra\warewolf\Dev\Warewolf.Studio.Views\Warewolf.Studio.Views.csproj : warning NU1701: Package 'TaskSchedulerEditor 2.10.1' was restored using '.NETFramework,Version=v4.6.1, .NETFramework,Version=v4.6.2, .NETFramework,Version=v4.7, .NETFramework,Version=v4.7.1, .NETFramework,Version=v4.7.2, .NETFramework,Version=v4.8, .NETFramework,Version=v4.8.1' instead of the project target framework 'net8.0'. This package may not be fully compatible with your project. [C:\Users\ultra\warewolf\Dev\Dev2.IntegrationTests\Dev2.Integration.Tests.csproj]
C:\Users\ultra\warewolf\Dev\Warewolf.Studio.Views\Warewolf.Studio.Views.csproj : warning NU1701: Package 'Unofficial.Microsoft.mshtml 7.0.3300' was restored using '.NETFramework,Version=v4.6.1, .NETFramework,Version=v4.6.2, .NETFramework,Version=v4.7, .NETFramework,Version=v4.7.1, .NETFramework,Version=v4.7.2, .NETFramework,Version=v4.8, .NETFramework,Version=v4.8.1' instead of the project target framework 'net8.0'. This package may not be fully compatible with your project. [C:\Users\ultra\warewolf\Dev\Dev2.IntegrationTests\Dev2.Integration.Tests.csproj]
C:\Users\ultra\warewolf\Dev\Warewolf.AI.Harness\Warewolf.AI.Harness.csproj : warning NU1701: Package 'AeroWizard 2.3.1' was restored using '.NETFramework,Version=v4.6.1, .NETFramework,Version=v4.6.2, .NETFramework,Version=v4.7, .NETFramework,Version=v4.7.1, .NETFramework,Version=v4.7.2, .NETFramework,Version=v4.8, .NETFramework,Version=v4.8.1' instead of the project target framework 'net8.0'. This package may not be fully compatible with your project. [C:\Users\ultra\warewolf\Dev\Dev2.IntegrationTests\Dev2.Integration.Tests.csproj]
C:\Users\ultra\warewolf\Dev\Dev2.Common.Interfaces\Dev2.Common.Interfaces.csproj : warning NU1903: Package 'Microsoft.Windows.Compatibility' 6.0.0 has a known high severity vulnerability, https://github.com/advisories/GHSA-555c-2p6r-68mm [C:\Users\ultra\warewolf\Dev\Dev2.IntegrationTests\Dev2.Integration.Tests.csproj]
C:\Users\ultra\warewolf\Dev\Warewolf.AI.Harness\Warewolf.AI.Harness.csproj : warning NU1701: Package 'GroupControls 1.9.0' was restored using '.NETFramework,Version=v4.6.1, .NETFramework,Version=v4.6.2, .NETFramework,Version=v4.7, .NETFramework,Version=v4.7.1, .NETFramework,Version=v4.7.2, .NETFramework,Version=v4.8, .NETFramework,Version=v4.8.1' instead of the project target framework 'net8.0'. This package may not be fully compatible with your project. [C:\Users\ultra\warewolf\Dev\Dev2.IntegrationTests\Dev2.Integration.Tests.csproj]
C:\Users\ultra\warewolf\Dev\Warewolf.AI.Harness\Warewolf.AI.Harness.csproj : warning NU1701: Package 'TaskSchedulerEditor 2.10.1' was restored using '.NETFramework,Version=v4.6.1, .NETFramework,Version=v4.6.2, .NETFramework,Version=v4.7, .NETFramework,Version=v4.7.1, .NETFramework,Version=v4.7.2, .NETFramework,Version=v4.8, .NETFramework,Version=v4.8.1' instead of the project target framework 'net8.0'. This package may not be fully compatible with your project. [C:\Users\ultra\warewolf\Dev\Dev2.IntegrationTests\Dev2.Integration.Tests.csproj]
C:\Users\ultra\warewolf\Dev\Dev2.Common.Interfaces\Dev2.Common.Interfaces.csproj : warning NU1701: Package 'AeroWizard 2.3.1' was restored using '.NETFramework,Version=v4.6.1, .NETFramework,Version=v4.6.2, .NETFramework,Version=v4.7, .NETFramework,Version=v4.7.1, .NETFramework,Version=v4.7.2, .NETFramework,Version=v4.8, .NETFramework,Version=v4.8.1' instead of the project target framework 'net8.0'. This package may not be fully compatible with your project. [C:\Users\ultra\warewolf\Dev\Dev2.IntegrationTests\Dev2.Integration.Tests.csproj]
C:\Users\ultra\warewolf\Dev\Warewolf.Exchange.Email.Wrapper\Warewolf.Exchange.Email.Wrapper.csproj : warning NU1701: Package 'AeroWizard 2.3.1' was restored using '.NETFramework,Version=v4.6.1, .NETFramework,Version=v4.6.2, .NETFramework,Version=v4.7, .NETFramework,Version=v4.7.1, .NETFramework,Version=v4.7.2, .NETFramework,Version=v4.8, .NETFramework,Version=v4.8.1' instead of the project target framework 'net8.0'. This package may not be fully compatible with your project. [C:\Users\ultra\warewolf\Dev\Dev2.IntegrationTests\Dev2.Integration.Tests.csproj]
C:\Users\ultra\warewolf\Dev\Dev2.Common.Interfaces\Dev2.Common.Interfaces.csproj : warning NU1701: Package 'GroupControls 1.9.0' was restored using '.NETFramework,Version=v4.6.1, .NETFramework,Version=v4.6.2, .NETFramework,Version=v4.7, .NETFramework,Version=v4.7.1, .NETFramework,Version=v4.7.2, .NETFramework,Version=v4.8, .NETFramework,Version=v4.8.1' instead of the project target framework 'net8.0'. This package may not be fully compatible with your project. [C:\Users\ultra\warewolf\Dev\Dev2.IntegrationTests\Dev2.Integration.Tests.csproj]
C:\Users\ultra\warewolf\Dev\Dev2.Common.Interfaces\Dev2.Common.Interfaces.csproj : warning NU1701: Package 'TaskSchedulerEditor 2.10.1' was restored using '.NETFramework,Version=v4.6.1, .NETFramework,Version=v4.6.2, .NETFramework,Version=v4.7, .NETFramework,Version=v4.7.1, .NETFramework,Version=v4.7.2, .NETFramework,Version=v4.8, .NETFramework,Version=v4.8.1' instead of the project target framework 'net8.0'. This package may not be fully compatible with your project. [C:\Users\ultra\warewolf\Dev\Dev2.IntegrationTests\Dev2.Integration.Tests.csproj]
C:\Users\ultra\warewolf\Dev\Warewolf.Exchange.Email.Wrapper\Warewolf.Exchange.Email.Wrapper.csproj : warning NU1701: Package 'GroupControls 1.9.0' was restored using '.NETFramework,Version=v4.6.1, .NETFramework,Version=v4.6.2, .NETFramework,Version=v4.7, .NETFramework,Version=v4.7.1, .NETFramework,Version=v4.7.2, .NETFramework,Version=v4.8, .NETFramework,Version=v4.8.1' instead of the project target framework 'net8.0'. This package may not be fully compatible with your project. [C:\Users\ultra\warewolf\Dev\Dev2.IntegrationTests\Dev2.Integration.Tests.csproj]
C:\Users\ultra\warewolf\Dev\Warewolf.Testing\Warewolf.Testing.csproj : warning NU1701: Package 'Microsoft.Xaml.Behaviors.Wpf 1.1.122' was restored using '.NETFramework,Version=v4.6.1, .NETFramework,Version=v4.6.2, .NETFramework,Version=v4.7, .NETFramework,Version=v4.7.1, .NETFramework,Version=v4.7.2, .NETFramework,Version=v4.8, .NETFramework,Version=v4.8.1' instead of the project target framework 'net8.0'. This package may not be fully compatible with your project. [C:\Users\ultra\warewolf\Dev\Dev2.IntegrationTests\Dev2.Integration.Tests.csproj]
C:\Users\ultra\warewolf\Dev\Warewolf.Exchange.Email.Wrapper\Warewolf.Exchange.Email.Wrapper.csproj : warning NU1701: Package 'ReactiveUI.WPF 18.4.1' was restored using '.NETFramework,Version=v4.6.1, .NETFramework,Version=v4.6.2, .NETFramework,Version=v4.7, .NETFramework,Version=v4.7.1, .NETFramework,Version=v4.7.2, .NETFramework,Version=v4.8, .NETFramework,Version=v4.8.1' instead of the project target framework 'net8.0'. This package may not be fully compatible with your project. [C:\Users\ultra\warewolf\Dev\Dev2.IntegrationTests\Dev2.Integration.Tests.csproj]
C:\Users\ultra\warewolf\Dev\Warewolf.Testing\Warewolf.Testing.csproj : warning NU1701: Package 'Prism.Wpf 9.0.537' was restored using '.NETFramework,Version=v4.6.1, .NETFramework,Version=v4.6.2, .NETFramework,Version=v4.7, .NETFramework,Version=v4.7.1, .NETFramework,Version=v4.7.2, .NETFramework,Version=v4.8, .NETFramework,Version=v4.8.1' instead of the project target framework 'net8.0'. This package may not be fully compatible with your project. [C:\Users\ultra\warewolf\Dev\Dev2.IntegrationTests\Dev2.Integration.Tests.csproj]
C:\Users\ultra\warewolf\Dev\Warewolf.Testing\Warewolf.Testing.csproj : warning NU1701: Package 'ReactiveUI.WPF 18.4.1' was restored using '.NETFramework,Version=v4.6.1, .NETFramework,Version=v4.6.2, .NETFramework,Version=v4.7, .NETFramework,Version=v4.7.1, .NETFramework,Version=v4.7.2, .NETFramework,Version=v4.8, .NETFramework,Version=v4.8.1' instead of the project target framework 'net8.0'. This package may not be fully compatible with your project. [C:\Users\ultra\warewolf\Dev\Dev2.IntegrationTests\Dev2.Integration.Tests.csproj]
C:\Users\ultra\warewolf\Dev\Warewolf.Exchange.Email.Wrapper\Warewolf.Exchange.Email.Wrapper.csproj : warning NU1701: Package 'TaskSchedulerEditor 2.10.1' was restored using '.NETFramework,Version=v4.6.1, .NETFramework,Version=v4.6.2, .NETFramework,Version=v4.7, .NETFramework,Version=v4.7.1, .NETFramework,Version=v4.7.2, .NETFramework,Version=v4.8, .NETFramework,Version=v4.8.1' instead of the project target framework 'net8.0'. This package may not be fully compatible with your project. [C:\Users\ultra\warewolf\Dev\Dev2.IntegrationTests\Dev2.Integration.Tests.csproj]
C:\Users\ultra\warewolf\Dev\Warewolf.Testing\Warewolf.Testing.csproj : warning NU1701: Package 'TaskSchedulerEditor 2.10.1' was restored using '.NETFramework,Version=v4.6.1, .NETFramework,Version=v4.6.2, .NETFramework,Version=v4.7, .NETFramework,Version=v4.7.1, .NETFramework,Version=v4.7.2, .NETFramework,Version=v4.8, .NETFramework,Version=v4.8.1' instead of the project target framework 'net8.0'. This package may not be fully compatible with your project. [C:\Users\ultra\warewolf\Dev\Dev2.IntegrationTests\Dev2.Integration.Tests.csproj]
C:\Users\ultra\warewolf\Dev\Warewolf.Security\Warewolf.Security.csproj : warning NU1904: Package 'System.Drawing.Common' 4.5.1 has a known critical severity vulnerability, https://github.com/advisories/GHSA-rxg9-xrhp-64gj [C:\Users\ultra\warewolf\Dev\Dev2.IntegrationTests\Dev2.Integration.Tests.csproj]
C:\Users\ultra\warewolf\Dev\Warewolf.PerfMon\Warewolf.PerfMon.csproj : warning NU1701: Package 'AeroWizard 2.3.1' was restored using '.NETFramework,Version=v4.6.1, .NETFramework,Version=v4.6.2, .NETFramework,Version=v4.7, .NETFramework,Version=v4.7.1, .NETFramework,Version=v4.7.2, .NETFramework,Version=v4.8, .NETFramework,Version=v4.8.1' instead of the project target framework 'net8.0'. This package may not be fully compatible with your project. [C:\Users\ultra\warewolf\Dev\Dev2.IntegrationTests\Dev2.Integration.Tests.csproj]
C:\Users\ultra\warewolf\Dev\Warewolf.PerfMon\Warewolf.PerfMon.csproj : warning NU1701: Package 'GroupControls 1.9.0' was restored using '.NETFramework,Version=v4.6.1, .NETFramework,Version=v4.6.2, .NETFramework,Version=v4.7, .NETFramework,Version=v4.7.1, .NETFramework,Version=v4.7.2, .NETFramework,Version=v4.8, .NETFramework,Version=v4.8.1' instead of the project target framework 'net8.0'. This package may not be fully compatible with your project. [C:\Users\ultra\warewolf\Dev\Dev2.IntegrationTests\Dev2.Integration.Tests.csproj]
C:\Users\ultra\warewolf\Dev\Warewolf.PerfMon\Warewolf.PerfMon.csproj : warning NU1701: Package 'ReactiveUI.WPF 18.4.1' was restored using '.NETFramework,Version=v4.6.1, .NETFramework,Version=v4.6.2, .NETFramework,Version=v4.7, .NETFramework,Version=v4.7.1, .NETFramework,Version=v4.7.2, .NETFramework,Version=v4.8, .NETFramework,Version=v4.8.1' instead of the project target framework 'net8.0'. This package may not be fully compatible with your project. [C:\Users\ultra\warewolf\Dev\Dev2.IntegrationTests\Dev2.Integration.Tests.csproj]
C:\Users\ultra\warewolf\Dev\Warewolf.PerfMon\Warewolf.PerfMon.csproj : warning NU1701: Package 'TaskSchedulerEditor 2.10.1' was restored using '.NETFramework,Version=v4.6.1, .NETFramework,Version=v4.6.2, .NETFramework,Version=v4.7, .NETFramework,Version=v4.7.1, .NETFramework,Version=v4.7.2, .NETFramework,Version=v4.8, .NETFramework,Version=v4.8.1' instead of the project target framework 'net8.0'. This package may not be fully compatible with your project. [C:\Users\ultra\warewolf\Dev\Dev2.IntegrationTests\Dev2.Integration.Tests.csproj]
C:\Users\ultra\warewolf\Dev\Warewolf.ResourceManagement\Warewolf.ResourceManagement.csproj : warning NU1701: Package 'AeroWizard 2.3.1' was restored using '.NETFramework,Version=v4.6.1, .NETFramework,Version=v4.6.2, .NETFramework,Version=v4.7, .NETFramework,Version=v4.7.1, .NETFramework,Version=v4.7.2, .NETFramework,Version=v4.8, .NETFramework,Version=v4.8.1' instead of the project target framework 'net8.0'. This package may not be fully compatible with your project. [C:\Users\ultra\warewolf\Dev\Dev2.IntegrationTests\Dev2.Integration.Tests.csproj]
C:\Users\ultra\warewolf\Dev\Warewolf.ResourceManagement\Warewolf.ResourceManagement.csproj : warning NU1701: Package 'GroupControls 1.9.0' was restored using '.NETFramework,Version=v4.6.1, .NETFramework,Version=v4.6.2, .NETFramework,Version=v4.7, .NETFramework,Version=v4.7.1, .NETFramework,Version=v4.7.2, .NETFramework,Version=v4.8, .NETFramework,Version=v4.8.1' instead of the project target framework 'net8.0'. This package may not be fully compatible with your project. [C:\Users\ultra\warewolf\Dev\Dev2.IntegrationTests\Dev2.Integration.Tests.csproj]
C:\Users\ultra\warewolf\Dev\Warewolf.ResourceManagement\Warewolf.ResourceManagement.csproj : warning NU1701: Package 'ReactiveUI.WPF 18.4.1' was restored using '.NETFramework,Version=v4.6.1, .NETFramework,Version=v4.6.2, .NETFramework,Version=v4.7, .NETFramework,Version=v4.7.1, .NETFramework,Version=v4.7.2, .NETFramework,Version=v4.8, .NETFramework,Version=v4.8.1' instead of the project target framework 'net8.0'. This package may not be fully compatible with your project. [C:\Users\ultra\warewolf\Dev\Dev2.IntegrationTests\Dev2.Integration.Tests.csproj]
C:\Users\ultra\warewolf\Dev\Warewolf.ResourceManagement\Warewolf.ResourceManagement.csproj : warning NU1701: Package 'TaskSchedulerEditor 2.10.1' was restored using '.NETFramework,Version=v4.6.1, .NETFramework,Version=v4.6.2, .NETFramework,Version=v4.7, .NETFramework,Version=v4.7.1, .NETFramework,Version=v4.7.2, .NETFramework,Version=v4.8, .NETFramework,Version=v4.8.1' instead of the project target framework 'net8.0'. This package may not be fully compatible with your project. [C:\Users\ultra\warewolf\Dev\Dev2.IntegrationTests\Dev2.Integration.Tests.csproj]
C:\Users\ultra\warewolf\Dev\Dev2.Activities\Dev2.Activities.csproj : warning NU1903: Package 'Microsoft.Windows.Compatibility' 6.0.0 has a known high severity vulnerability, https://github.com/advisories/GHSA-555c-2p6r-68mm [C:\Users\ultra\warewolf\Dev\Dev2.IntegrationTests\Dev2.Integration.Tests.csproj]
C:\Users\ultra\warewolf\Dev\Dev2.Activities\Dev2.Activities.csproj : warning NU1701: Package 'AeroWizard 2.3.1' was restored using '.NETFramework,Version=v4.6.1, .NETFramework,Version=v4.6.2, .NETFramework,Version=v4.7, .NETFramework,Version=v4.7.1, .NETFramework,Version=v4.7.2, .NETFramework,Version=v4.8, .NETFramework,Version=v4.8.1' instead of the project target framework 'net8.0'. This package may not be fully compatible with your project. [C:\Users\ultra\warewolf\Dev\Dev2.IntegrationTests\Dev2.Integration.Tests.csproj]
C:\Users\ultra\warewolf\Dev\Dev2.Activities\Dev2.Activities.csproj : warning NU1701: Package 'GroupControls 1.9.0' was restored using '.NETFramework,Version=v4.6.1, .NETFramework,Version=v4.6.2, .NETFramework,Version=v4.7, .NETFramework,Version=v4.7.1, .NETFramework,Version=v4.7.2, .NETFramework,Version=v4.8, .NETFramework,Version=v4.8.1' instead of the project target framework 'net8.0'. This package may not be fully compatible with your project. [C:\Users\ultra\warewolf\Dev\Dev2.IntegrationTests\Dev2.Integration.Tests.csproj]
C:\Users\ultra\warewolf\Dev\Dev2.Activities\Dev2.Activities.csproj : warning NU1701: Package 'ReactiveUI.WPF 18.4.1' was restored using '.NETFramework,Version=v4.6.1, .NETFramework,Version=v4.6.2, .NETFramework,Version=v4.7, .NETFramework,Version=v4.7.1, .NETFramework,Version=v4.7.2, .NETFramework,Version=v4.8, .NETFramework,Version=v4.8.1' instead of the project target framework 'net8.0'. This package may not be fully compatible with your project. [C:\Users\ultra\warewolf\Dev\Dev2.IntegrationTests\Dev2.Integration.Tests.csproj]
C:\Users\ultra\warewolf\Dev\Dev2.Activities\Dev2.Activities.csproj : warning NU1701: Package 'TaskSchedulerEditor 2.10.1' was restored using '.NETFramework,Version=v4.6.1, .NETFramework,Version=v4.6.2, .NETFramework,Version=v4.7, .NETFramework,Version=v4.7.1, .NETFramework,Version=v4.7.2, .NETFramework,Version=v4.8, .NETFramework,Version=v4.8.1' instead of the project target framework 'net8.0'. This package may not be fully compatible with your project. [C:\Users\ultra\warewolf\Dev\Dev2.IntegrationTests\Dev2.Integration.Tests.csproj]
C:\Users\ultra\warewolf\Dev\Dev2.Services.Execution\Dev2.Services.Execution.csproj : warning NU1701: Package 'AeroWizard 2.3.1' was restored using '.NETFramework,Version=v4.6.1, .NETFramework,Version=v4.6.2, .NETFramework,Version=v4.7, .NETFramework,Version=v4.7.1, .NETFramework,Version=v4.7.2, .NETFramework,Version=v4.8, .NETFramework,Version=v4.8.1' instead of the project target framework 'net8.0'. This package may not be fully compatible with your project. [C:\Users\ultra\warewolf\Dev\Dev2.IntegrationTests\Dev2.Integration.Tests.csproj]
C:\Users\ultra\warewolf\Dev\Dev2.Services.Execution\Dev2.Services.Execution.csproj : warning NU1701: Package 'GroupControls 1.9.0' was restored using '.NETFramework,Version=v4.6.1, .NETFramework,Version=v4.6.2, .NETFramework,Version=v4.7, .NETFramework,Version=v4.7.1, .NETFramework,Version=v4.7.2, .NETFramework,Version=v4.8, .NETFramework,Version=v4.8.1' instead of the project target framework 'net8.0'. This package may not be fully compatible with your project. [C:\Users\ultra\warewolf\Dev\Dev2.IntegrationTests\Dev2.Integration.Tests.csproj]
C:\Users\ultra\warewolf\Dev\Dev2.Services.Execution\Dev2.Services.Execution.csproj : warning NU1701: Package 'ReactiveUI.WPF 18.4.1' was restored using '.NETFramework,Version=v4.6.1, .NETFramework,Version=v4.6.2, .NETFramework,Version=v4.7, .NETFramework,Version=v4.7.1, .NETFramework,Version=v4.7.2, .NETFramework,Version=v4.8, .NETFramework,Version=v4.8.1' instead of the project target framework 'net8.0'. This package may not be fully compatible with your project. [C:\Users\ultra\warewolf\Dev\Dev2.IntegrationTests\Dev2.Integration.Tests.csproj]
C:\Users\ultra\warewolf\Dev\Dev2.Services.Execution\Dev2.Services.Execution.csproj : warning NU1701: Package 'TaskSchedulerEditor 2.10.1' was restored using '.NETFramework,Version=v4.6.1, .NETFramework,Version=v4.6.2, .NETFramework,Version=v4.7, .NETFramework,Version=v4.7.1, .NETFramework,Version=v4.7.2, .NETFramework,Version=v4.8, .NETFramework,Version=v4.8.1' instead of the project target framework 'net8.0'. This package may not be fully compatible with your project. [C:\Users\ultra\warewolf\Dev\Dev2.IntegrationTests\Dev2.Integration.Tests.csproj]
C:\Users\ultra\warewolf\Dev\Warewolf.Studio.Themes.Luna\Warewolf.Studio.Themes.Luna.csproj : warning NU1701: Package 'AeroWizard 2.3.1' was restored using '.NETFramework,Version=v4.6.1, .NETFramework,Version=v4.6.2, .NETFramework,Version=v4.7, .NETFramework,Version=v4.7.1, .NETFramework,Version=v4.7.2, .NETFramework,Version=v4.8, .NETFramework,Version=v4.8.1' instead of the project target framework 'net8.0'. This package may not be fully compatible with your project. [C:\Users\ultra\warewolf\Dev\Dev2.IntegrationTests\Dev2.Integration.Tests.csproj]
C:\Users\ultra\warewolf\Dev\Warewolf.Studio.Themes.Luna\Warewolf.Studio.Themes.Luna.csproj : warning NU1701: Package 'GroupControls 1.9.0' was restored using '.NETFramework,Version=v4.6.1, .NETFramework,Version=v4.6.2, .NETFramework,Version=v4.7, .NETFramework,Version=v4.7.1, .NETFramework,Version=v4.7.2, .NETFramework,Version=v4.8, .NETFramework,Version=v4.8.1' instead of the project target framework 'net8.0'. This package may not be fully compatible with your project. [C:\Users\ultra\warewolf\Dev\Dev2.IntegrationTests\Dev2.Integration.Tests.csproj]
C:\Users\ultra\warewolf\Dev\Warewolf.Studio.Themes.Luna\Warewolf.Studio.Themes.Luna.csproj : warning NU1701: Package 'Microsoft.Xaml.Behaviors.Wpf 1.1.122' was restored using '.NETFramework,Version=v4.6.1, .NETFramework,Version=v4.6.2, .NETFramework,Version=v4.7, .NETFramework,Version=v4.7.1, .NETFramework,Version=v4.7.2, .NETFramework,Version=v4.8, .NETFramework,Version=v4.8.1' instead of the project target framework 'net8.0'. This package may not be fully compatible with your project. [C:\Users\ultra\warewolf\Dev\Dev2.IntegrationTests\Dev2.Integration.Tests.csproj]
C:\Users\ultra\warewolf\Dev\Warewolf.Studio.Themes.Luna\Warewolf.Studio.Themes.Luna.csproj : warning NU1701: Package 'Prism.Wpf 9.0.537' was restored using '.NETFramework,Version=v4.6.1, .NETFramework,Version=v4.6.2, .NETFramework,Version=v4.7, .NETFramework,Version=v4.7.1, .NETFramework,Version=v4.7.2, .NETFramework,Version=v4.8, .NETFramework,Version=v4.8.1' instead of the project target framework 'net8.0'. This package may not be fully compatible with your project. [C:\Users\ultra\warewolf\Dev\Dev2.IntegrationTests\Dev2.Integration.Tests.csproj]
C:\Users\ultra\warewolf\Dev\Warewolf.Studio.Themes.Luna\Warewolf.Studio.Themes.Luna.csproj : warning NU1701: Package 'ReactiveUI.WPF 18.4.1' was restored using '.NETFramework,Version=v4.6.1, .NETFramework,Version=v4.6.2, .NETFramework,Version=v4.7, .NETFramework,Version=v4.7.1, .NETFramework,Version=v4.7.2, .NETFramework,Version=v4.8, .NETFramework,Version=v4.8.1' instead of the project target framework 'net8.0'. This package may not be fully compatible with your project. [C:\Users\ultra\warewolf\Dev\Dev2.IntegrationTests\Dev2.Integration.Tests.csproj]
C:\Users\ultra\warewolf\Dev\Warewolf.Studio.Themes.Luna\Warewolf.Studio.Themes.Luna.csproj : warning NU1701: Package 'TaskSchedulerEditor 2.10.1' was restored using '.NETFramework,Version=v4.6.1, .NETFramework,Version=v4.6.2, .NETFramework,Version=v4.7, .NETFramework,Version=v4.7.1, .NETFramework,Version=v4.7.2, .NETFramework,Version=v4.8, .NETFramework,Version=v4.8.1' instead of the project target framework 'net8.0'. This package may not be fully compatible with your project. [C:\Users\ultra\warewolf\Dev\Dev2.IntegrationTests\Dev2.Integration.Tests.csproj]
C:\Users\ultra\warewolf\Dev\Warewolf.QueueWorker\Warewolf.QueueWorker.csproj : warning NU1701: Package 'AeroWizard 2.3.1' was restored using '.NETFramework,Version=v4.6.1, .NETFramework,Version=v4.6.2, .NETFramework,Version=v4.7, .NETFramework,Version=v4.7.1, .NETFramework,Version=v4.7.2, .NETFramework,Version=v4.8, .NETFramework,Version=v4.8.1' instead of the project target framework 'net8.0'. This package may not be fully compatible with your project. [C:\Users\ultra\warewolf\Dev\Dev2.IntegrationTests\Dev2.Integration.Tests.csproj]
C:\Users\ultra\warewolf\Dev\Warewolf.QueueWorker\Warewolf.QueueWorker.csproj : warning NU1701: Package 'GroupControls 1.9.0' was restored using '.NETFramework,Version=v4.6.1, .NETFramework,Version=v4.6.2, .NETFramework,Version=v4.7, .NETFramework,Version=v4.7.1, .NETFramework,Version=v4.7.2, .NETFramework,Version=v4.8, .NETFramework,Version=v4.8.1' instead of the project target framework 'net8.0'. This package may not be fully compatible with your project. [C:\Users\ultra\warewolf\Dev\Dev2.IntegrationTests\Dev2.Integration.Tests.csproj]
C:\Users\ultra\warewolf\Dev\Warewolf.QueueWorker\Warewolf.QueueWorker.csproj : warning NU1701: Package 'Microsoft.Xaml.Behaviors.Wpf 1.1.122' was restored using '.NETFramework,Version=v4.6.1, .NETFramework,Version=v4.6.2, .NETFramework,Version=v4.7, .NETFramework,Version=v4.7.1, .NETFramework,Version=v4.7.2, .NETFramework,Version=v4.8, .NETFramework,Version=v4.8.1' instead of the project target framework 'net8.0'. This package may not be fully compatible with your project. [C:\Users\ultra\warewolf\Dev\Dev2.IntegrationTests\Dev2.Integration.Tests.csproj]
C:\Users\ultra\warewolf\Dev\Warewolf.QueueWorker\Warewolf.QueueWorker.csproj : warning NU1701: Package 'Prism.Wpf 9.0.537' was restored using '.NETFramework,Version=v4.6.1, .NETFramework,Version=v4.6.2, .NETFramework,Version=v4.7, .NETFramework,Version=v4.7.1, .NETFramework,Version=v4.7.2, .NETFramework,Version=v4.8, .NETFramework,Version=v4.8.1' instead of the project target framework 'net8.0'. This package may not be fully compatible with your project. [C:\Users\ultra\warewolf\Dev\Dev2.IntegrationTests\Dev2.Integration.Tests.csproj]
C:\Users\ultra\warewolf\Dev\Warewolf.QueueWorker\Warewolf.QueueWorker.csproj : warning NU1701: Package 'ReactiveUI.WPF 18.4.1' was restored using '.NETFramework,Version=v4.6.1, .NETFramework,Version=v4.6.2, .NETFramework,Version=v4.7, .NETFramework,Version=v4.7.1, .NETFramework,Version=v4.7.2, .NETFramework,Version=v4.8, .NETFramework,Version=v4.8.1' instead of the project target framework 'net8.0'. This package may not be fully compatible with your project. [C:\Users\ultra\warewolf\Dev\Dev2.IntegrationTests\Dev2.Integration.Tests.csproj]
C:\Users\ultra\warewolf\Dev\Warewolf.QueueWorker\Warewolf.QueueWorker.csproj : warning NU1701: Package 'TaskSchedulerEditor 2.10.1' was restored using '.NETFramework,Version=v4.6.1, .NETFramework,Version=v4.6.2, .NETFramework,Version=v4.7, .NETFramework,Version=v4.7.1, .NETFramework,Version=v4.7.2, .NETFramework,Version=v4.8, .NETFramework,Version=v4.8.1' instead of the project target framework 'net8.0'. This package may not be fully compatible with your project. [C:\Users\ultra\warewolf\Dev\Dev2.IntegrationTests\Dev2.Integration.Tests.csproj]
C:\Users\ultra\warewolf\Dev\Warewolf.UI\Warewolf.UI.csproj : warning NU1701: Package 'AeroWizard 2.3.1' was restored using '.NETFramework,Version=v4.6.1, .NETFramework,Version=v4.6.2, .NETFramework,Version=v4.7, .NETFramework,Version=v4.7.1, .NETFramework,Version=v4.7.2, .NETFramework,Version=v4.8, .NETFramework,Version=v4.8.1' instead of the project target framework 'net8.0'. This package may not be fully compatible with your project. [C:\Users\ultra\warewolf\Dev\Dev2.IntegrationTests\Dev2.Integration.Tests.csproj]
C:\Users\ultra\warewolf\Dev\Warewolf.UI\Warewolf.UI.csproj : warning NU1701: Package 'GroupControls 1.9.0' was restored using '.NETFramework,Version=v4.6.1, .NETFramework,Version=v4.6.2, .NETFramework,Version=v4.7, .NETFramework,Version=v4.7.1, .NETFramework,Version=v4.7.2, .NETFramework,Version=v4.8, .NETFramework,Version=v4.8.1' instead of the project target framework 'net8.0'. This package may not be fully compatible with your project. [C:\Users\ultra\warewolf\Dev\Dev2.IntegrationTests\Dev2.Integration.Tests.csproj]
C:\Users\ultra\warewolf\Dev\Warewolf.UI\Warewolf.UI.csproj : warning NU1701: Package 'Microsoft.Xaml.Behaviors.Wpf 1.1.122' was restored using '.NETFramework,Version=v4.6.1, .NETFramework,Version=v4.6.2, .NETFramework,Version=v4.7, .NETFramework,Version=v4.7.1, .NETFramework,Version=v4.7.2, .NETFramework,Version=v4.8, .NETFramework,Version=v4.8.1' instead of the project target framework 'net8.0'. This package may not be fully compatible with your project. [C:\Users\ultra\warewolf\Dev\Dev2.IntegrationTests\Dev2.Integration.Tests.csproj]
C:\Users\ultra\warewolf\Dev\Warewolf.UI\Warewolf.UI.csproj : warning NU1701: Package 'Prism.Wpf 9.0.537' was restored using '.NETFramework,Version=v4.6.1, .NETFramework,Version=v4.6.2, .NETFramework,Version=v4.7, .NETFramework,Version=v4.7.1, .NETFramework,Version=v4.7.2, .NETFramework,Version=v4.8, .NETFramework,Version=v4.8.1' instead of the project target framework 'net8.0'. This package may not be fully compatible with your project. [C:\Users\ultra\warewolf\Dev\Dev2.IntegrationTests\Dev2.Integration.Tests.csproj]
C:\Users\ultra\warewolf\Dev\Warewolf.UI\Warewolf.UI.csproj : warning NU1701: Package 'ReactiveUI.WPF 18.4.1' was restored using '.NETFramework,Version=v4.6.1, .NETFramework,Version=v4.6.2, .NETFramework,Version=v4.7, .NETFramework,Version=v4.7.1, .NETFramework,Version=v4.7.2, .NETFramework,Version=v4.8, .NETFramework,Version=v4.8.1' instead of the project target framework 'net8.0'. This package may not be fully compatible with your project. [C:\Users\ultra\warewolf\Dev\Dev2.IntegrationTests\Dev2.Integration.Tests.csproj]
C:\Users\ultra\warewolf\Dev\Warewolf.UI\Warewolf.UI.csproj : warning NU1701: Package 'TaskSchedulerEditor 2.10.1' was restored using '.NETFramework,Version=v4.6.1, .NETFramework,Version=v4.6.2, .NETFramework,Version=v4.7, .NETFramework,Version=v4.7.1, .NETFramework,Version=v4.7.2, .NETFramework,Version=v4.8, .NETFramework,Version=v4.8.1' instead of the project target framework 'net8.0'. This package may not be fully compatible with your project. [C:\Users\ultra\warewolf\Dev\Dev2.IntegrationTests\Dev2.Integration.Tests.csproj]
C:\Users\ultra\warewolf\Dev\Warewolf.Studio.ViewModels\Warewolf.Studio.ViewModels.csproj : warning NU1701: Package 'AeroWizard 2.3.1' was restored using '.NETFramework,Version=v4.6.1, .NETFramework,Version=v4.6.2, .NETFramework,Version=v4.7, .NETFramework,Version=v4.7.1, .NETFramework,Version=v4.7.2, .NETFramework,Version=v4.8, .NETFramework,Version=v4.8.1' instead of the project target framework 'net8.0'. This package may not be fully compatible with your project. [C:\Users\ultra\warewolf\Dev\Dev2.IntegrationTests\Dev2.Integration.Tests.csproj]
C:\Users\ultra\warewolf\Dev\Warewolf.Studio.ViewModels\Warewolf.Studio.ViewModels.csproj : warning NU1701: Package 'GroupControls 1.9.0' was restored using '.NETFramework,Version=v4.6.1, .NETFramework,Version=v4.6.2, .NETFramework,Version=v4.7, .NETFramework,Version=v4.7.1, .NETFramework,Version=v4.7.2, .NETFramework,Version=v4.8, .NETFramework,Version=v4.8.1' instead of the project target framework 'net8.0'. This package may not be fully compatible with your project. [C:\Users\ultra\warewolf\Dev\Dev2.IntegrationTests\Dev2.Integration.Tests.csproj]
C:\Users\ultra\warewolf\Dev\Warewolf.Studio.ViewModels\Warewolf.Studio.ViewModels.csproj : warning NU1701: Package 'Microsoft.Xaml.Behaviors.Wpf 1.1.122' was restored using '.NETFramework,Version=v4.6.1, .NETFramework,Version=v4.6.2, .NETFramework,Version=v4.7, .NETFramework,Version=v4.7.1, .NETFramework,Version=v4.7.2, .NETFramework,Version=v4.8, .NETFramework,Version=v4.8.1' instead of the project target framework 'net8.0'. This package may not be fully compatible with your project. [C:\Users\ultra\warewolf\Dev\Dev2.IntegrationTests\Dev2.Integration.Tests.csproj]
C:\Users\ultra\warewolf\Dev\Warewolf.Studio.ViewModels\Warewolf.Studio.ViewModels.csproj : warning NU1701: Package 'Prism.Wpf 9.0.537' was restored using '.NETFramework,Version=v4.6.1, .NETFramework,Version=v4.6.2, .NETFramework,Version=v4.7, .NETFramework,Version=v4.7.1, .NETFramework,Version=v4.7.2, .NETFramework,Version=v4.8, .NETFramework,Version=v4.8.1' instead of the project target framework 'net8.0'. This package may not be fully compatible with your project. [C:\Users\ultra\warewolf\Dev\Dev2.IntegrationTests\Dev2.Integration.Tests.csproj]
C:\Users\ultra\warewolf\Dev\Warewolf.Studio.ViewModels\Warewolf.Studio.ViewModels.csproj : warning NU1701: Package 'ReactiveUI.WPF 18.4.1' was restored using '.NETFramework,Version=v4.6.1, .NETFramework,Version=v4.6.2, .NETFramework,Version=v4.7, .NETFramework,Version=v4.7.1, .NETFramework,Version=v4.7.2, .NETFramework,Version=v4.8, .NETFramework,Version=v4.8.1' instead of the project target framework 'net8.0'. This package may not be fully compatible with your project. [C:\Users\ultra\warewolf\Dev\Dev2.IntegrationTests\Dev2.Integration.Tests.csproj]
C:\Users\ultra\warewolf\Dev\Dev2.Scheduler\Dev2.Scheduler.csproj : warning NU1701: Package 'AeroWizard 2.3.1' was restored using '.NETFramework,Version=v4.6.1, .NETFramework,Version=v4.6.2, .NETFramework,Version=v4.7, .NETFramework,Version=v4.7.1, .NETFramework,Version=v4.7.2, .NETFramework,Version=v4.8, .NETFramework,Version=v4.8.1' instead of the project target framework 'net8.0'. This package may not be fully compatible with your project. [C:\Users\ultra\warewolf\Dev\Dev2.IntegrationTests\Dev2.Integration.Tests.csproj]
C:\Users\ultra\warewolf\Dev\Warewolf.Studio.ViewModels\Warewolf.Studio.ViewModels.csproj : warning NU1701: Package 'TaskSchedulerEditor 2.10.1' was restored using '.NETFramework,Version=v4.6.1, .NETFramework,Version=v4.6.2, .NETFramework,Version=v4.7, .NETFramework,Version=v4.7.1, .NETFramework,Version=v4.7.2, .NETFramework,Version=v4.8, .NETFramework,Version=v4.8.1' instead of the project target framework 'net8.0'. This package may not be fully compatible with your project. [C:\Users\ultra\warewolf\Dev\Dev2.IntegrationTests\Dev2.Integration.Tests.csproj]
C:\Users\ultra\warewolf\Dev\Dev2.Scheduler\Dev2.Scheduler.csproj : warning NU1701: Package 'GroupControls 1.9.0' was restored using '.NETFramework,Version=v4.6.1, .NETFramework,Version=v4.6.2, .NETFramework,Version=v4.7, .NETFramework,Version=v4.7.1, .NETFramework,Version=v4.7.2, .NETFramework,Version=v4.8, .NETFramework,Version=v4.8.1' instead of the project target framework 'net8.0'. This package may not be fully compatible with your project. [C:\Users\ultra\warewolf\Dev\Dev2.IntegrationTests\Dev2.Integration.Tests.csproj]
C:\Users\ultra\warewolf\Dev\Dev2.Scheduler\Dev2.Scheduler.csproj : warning NU1701: Package 'ReactiveUI.WPF 18.4.1' was restored using '.NETFramework,Version=v4.6.1, .NETFramework,Version=v4.6.2, .NETFramework,Version=v4.7, .NETFramework,Version=v4.7.1, .NETFramework,Version=v4.7.2, .NETFramework,Version=v4.8, .NETFramework,Version=v4.8.1' instead of the project target framework 'net8.0'. This package may not be fully compatible with your project. [C:\Users\ultra\warewolf\Dev\Dev2.IntegrationTests\Dev2.Integration.Tests.csproj]
C:\Users\ultra\warewolf\Dev\Dev2.Scheduler\Dev2.Scheduler.csproj : warning NU1701: Package 'TaskSchedulerEditor 2.10.1' was restored using '.NETFramework,Version=v4.6.1, .NETFramework,Version=v4.6.2, .NETFramework,Version=v4.7, .NETFramework,Version=v4.7.1, .NETFramework,Version=v4.7.2, .NETFramework,Version=v4.8, .NETFramework,Version=v4.8.1' instead of the project target framework 'net8.0'. This package may not be fully compatible with your project. [C:\Users\ultra\warewolf\Dev\Dev2.IntegrationTests\Dev2.Integration.Tests.csproj]
C:\Users\ultra\warewolf\Dev\Dev2.Runtime.WebServer\Dev2.Runtime.WebServer.csproj : warning NU1902: Package 'System.IdentityModel.Tokens.Jwt' 5.1.0 has a known moderate severity vulnerability, https://github.com/advisories/GHSA-59j7-ghrg-fj52 [C:\Users\ultra\warewolf\Dev\Dev2.IntegrationTests\Dev2.Integration.Tests.csproj]
C:\Users\ultra\warewolf\Dev\Dev2.Runtime.WebServer\Dev2.Runtime.WebServer.csproj : warning NU1701: Package 'AeroWizard 2.3.1' was restored using '.NETFramework,Version=v4.6.1, .NETFramework,Version=v4.6.2, .NETFramework,Version=v4.7, .NETFramework,Version=v4.7.1, .NETFramework,Version=v4.7.2, .NETFramework,Version=v4.8, .NETFramework,Version=v4.8.1' instead of the project target framework 'net8.0'. This package may not be fully compatible with your project. [C:\Users\ultra\warewolf\Dev\Dev2.IntegrationTests\Dev2.Integration.Tests.csproj]
C:\Users\ultra\warewolf\Dev\Dev2.Runtime.WebServer\Dev2.Runtime.WebServer.csproj : warning NU1701: Package 'GroupControls 1.9.0' was restored using '.NETFramework,Version=v4.6.1, .NETFramework,Version=v4.6.2, .NETFramework,Version=v4.7, .NETFramework,Version=v4.7.1, .NETFramework,Version=v4.7.2, .NETFramework,Version=v4.8, .NETFramework,Version=v4.8.1' instead of the project target framework 'net8.0'. This package may not be fully compatible with your project. [C:\Users\ultra\warewolf\Dev\Dev2.IntegrationTests\Dev2.Integration.Tests.csproj]
C:\Users\ultra\warewolf\Dev\Dev2.Runtime.WebServer\Dev2.Runtime.WebServer.csproj : warning NU1701: Package 'Microsoft.Xaml.Behaviors.Wpf 1.1.122' was restored using '.NETFramework,Version=v4.6.1, .NETFramework,Version=v4.6.2, .NETFramework,Version=v4.7, .NETFramework,Version=v4.7.1, .NETFramework,Version=v4.7.2, .NETFramework,Version=v4.8, .NETFramework,Version=v4.8.1' instead of the project target framework 'net8.0'. This package may not be fully compatible with your project. [C:\Users\ultra\warewolf\Dev\Dev2.IntegrationTests\Dev2.Integration.Tests.csproj]
C:\Users\ultra\warewolf\Dev\Dev2.Runtime.WebServer\Dev2.Runtime.WebServer.csproj : warning NU1701: Package 'Prism.Wpf 9.0.537' was restored using '.NETFramework,Version=v4.6.1, .NETFramework,Version=v4.6.2, .NETFramework,Version=v4.7, .NETFramework,Version=v4.7.1, .NETFramework,Version=v4.7.2, .NETFramework,Version=v4.8, .NETFramework,Version=v4.8.1' instead of the project target framework 'net8.0'. This package may not be fully compatible with your project. [C:\Users\ultra\warewolf\Dev\Dev2.IntegrationTests\Dev2.Integration.Tests.csproj]
C:\Users\ultra\warewolf\Dev\Dev2.Runtime.WebServer\Dev2.Runtime.WebServer.csproj : warning NU1701: Package 'ReactiveUI.WPF 18.4.1' was restored using '.NETFramework,Version=v4.6.1, .NETFramework,Version=v4.6.2, .NETFramework,Version=v4.7, .NETFramework,Version=v4.7.1, .NETFramework,Version=v4.7.2, .NETFramework,Version=v4.8, .NETFramework,Version=v4.8.1' instead of the project target framework 'net8.0'. This package may not be fully compatible with your project. [C:\Users\ultra\warewolf\Dev\Dev2.IntegrationTests\Dev2.Integration.Tests.csproj]
C:\Users\ultra\warewolf\Dev\Dev2.Runtime.WebServer\Dev2.Runtime.WebServer.csproj : warning NU1701: Package 'TaskSchedulerEditor 2.10.1' was restored using '.NETFramework,Version=v4.6.1, .NETFramework,Version=v4.6.2, .NETFramework,Version=v4.7, .NETFramework,Version=v4.7.1, .NETFramework,Version=v4.7.2, .NETFramework,Version=v4.8, .NETFramework,Version=v4.8.1' instead of the project target framework 'net8.0'. This package may not be fully compatible with your project. [C:\Users\ultra\warewolf\Dev\Dev2.IntegrationTests\Dev2.Integration.Tests.csproj]
C:\Users\ultra\warewolf\Dev\Dev2.Runtime.Services\Dev2.Runtime.Services.csproj : warning NU1902: Package 'MessagePack' 2.4.59 has a known moderate severity vulnerability, https://github.com/advisories/GHSA-4qm4-8hg2-g2xm [C:\Users\ultra\warewolf\Dev\Dev2.IntegrationTests\Dev2.Integration.Tests.csproj]
C:\Users\ultra\warewolf\Dev\Dev2.Runtime.Services\Dev2.Runtime.Services.csproj : warning NU1903: Package 'Microsoft.Windows.Compatibility' 6.0.0 has a known high severity vulnerability, https://github.com/advisories/GHSA-555c-2p6r-68mm [C:\Users\ultra\warewolf\Dev\Dev2.IntegrationTests\Dev2.Integration.Tests.csproj]
C:\Users\ultra\warewolf\Dev\Dev2.Runtime.Services\Dev2.Runtime.Services.csproj : warning NU1701: Package 'AeroWizard 2.3.1' was restored using '.NETFramework,Version=v4.6.1, .NETFramework,Version=v4.6.2, .NETFramework,Version=v4.7, .NETFramework,Version=v4.7.1, .NETFramework,Version=v4.7.2, .NETFramework,Version=v4.8, .NETFramework,Version=v4.8.1' instead of the project target framework 'net8.0'. This package may not be fully compatible with your project. [C:\Users\ultra\warewolf\Dev\Dev2.IntegrationTests\Dev2.Integration.Tests.csproj]
C:\Users\ultra\warewolf\Dev\Dev2.Runtime.Services\Dev2.Runtime.Services.csproj : warning NU1701: Package 'GroupControls 1.9.0' was restored using '.NETFramework,Version=v4.6.1, .NETFramework,Version=v4.6.2, .NETFramework,Version=v4.7, .NETFramework,Version=v4.7.1, .NETFramework,Version=v4.7.2, .NETFramework,Version=v4.8, .NETFramework,Version=v4.8.1' instead of the project target framework 'net8.0'. This package may not be fully compatible with your project. [C:\Users\ultra\warewolf\Dev\Dev2.IntegrationTests\Dev2.Integration.Tests.csproj]
C:\Users\ultra\warewolf\Dev\Dev2.Runtime.Services\Dev2.Runtime.Services.csproj : warning NU1701: Package 'ReactiveUI.WPF 18.4.1' was restored using '.NETFramework,Version=v4.6.1, .NETFramework,Version=v4.6.2, .NETFramework,Version=v4.7, .NETFramework,Version=v4.7.1, .NETFramework,Version=v4.7.2, .NETFramework,Version=v4.8, .NETFramework,Version=v4.8.1' instead of the project target framework 'net8.0'. This package may not be fully compatible with your project. [C:\Users\ultra\warewolf\Dev\Dev2.IntegrationTests\Dev2.Integration.Tests.csproj]
C:\Users\ultra\warewolf\Dev\Dev2.Runtime.Services\Dev2.Runtime.Services.csproj : warning NU1701: Package 'TaskSchedulerEditor 2.10.1' was restored using '.NETFramework,Version=v4.6.1, .NETFramework,Version=v4.6.2, .NETFramework,Version=v4.7, .NETFramework,Version=v4.7.1, .NETFramework,Version=v4.7.2, .NETFramework,Version=v4.8, .NETFramework,Version=v4.8.1' instead of the project target framework 'net8.0'. This package may not be fully compatible with your project. [C:\Users\ultra\warewolf\Dev\Dev2.IntegrationTests\Dev2.Integration.Tests.csproj]
C:\Users\ultra\warewolf\Dev\Dev2.Data.Interfaces\Dev2.Data.Interfaces.csproj : warning NU1903: Package 'DotNetZip' 1.16.0 has a known high severity vulnerability, https://github.com/advisories/GHSA-xhg6-9j5j-w4vf [C:\Users\ultra\warewolf\Dev\Dev2.IntegrationTests\Dev2.Integration.Tests.csproj]
C:\Users\ultra\warewolf\Dev\Dev2.Data.Interfaces\Dev2.Data.Interfaces.csproj : warning NU1701: Package 'AeroWizard 2.3.1' was restored using '.NETFramework,Version=v4.6.1, .NETFramework,Version=v4.6.2, .NETFramework,Version=v4.7, .NETFramework,Version=v4.7.1, .NETFramework,Version=v4.7.2, .NETFramework,Version=v4.8, .NETFramework,Version=v4.8.1' instead of the project target framework 'net8.0'. This package may not be fully compatible with your project. [C:\Users\ultra\warewolf\Dev\Dev2.IntegrationTests\Dev2.Integration.Tests.csproj]
C:\Users\ultra\warewolf\Dev\Dev2.Data.Interfaces\Dev2.Data.Interfaces.csproj : warning NU1701: Package 'GroupControls 1.9.0' was restored using '.NETFramework,Version=v4.6.1, .NETFramework,Version=v4.6.2, .NETFramework,Version=v4.7, .NETFramework,Version=v4.7.1, .NETFramework,Version=v4.7.2, .NETFramework,Version=v4.8, .NETFramework,Version=v4.8.1' instead of the project target framework 'net8.0'. This package may not be fully compatible with your project. [C:\Users\ultra\warewolf\Dev\Dev2.IntegrationTests\Dev2.Integration.Tests.csproj]
C:\Users\ultra\warewolf\Dev\Dev2.Data.Interfaces\Dev2.Data.Interfaces.csproj : warning NU1701: Package 'TaskSchedulerEditor 2.10.1' was restored using '.NETFramework,Version=v4.6.1, .NETFramework,Version=v4.6.2, .NETFramework,Version=v4.7, .NETFramework,Version=v4.7.1, .NETFramework,Version=v4.7.2, .NETFramework,Version=v4.8, .NETFramework,Version=v4.8.1' instead of the project target framework 'net8.0'. This package may not be fully compatible with your project. [C:\Users\ultra\warewolf\Dev\Dev2.IntegrationTests\Dev2.Integration.Tests.csproj]
C:\Users\ultra\warewolf\Dev\Dev2.Diagnostics\Dev2.Diagnostics.csproj : warning NU1701: Package 'AeroWizard 2.3.1' was restored using '.NETFramework,Version=v4.6.1, .NETFramework,Version=v4.6.2, .NETFramework,Version=v4.7, .NETFramework,Version=v4.7.1, .NETFramework,Version=v4.7.2, .NETFramework,Version=v4.8, .NETFramework,Version=v4.8.1' instead of the project target framework 'net8.0'. This package may not be fully compatible with your project. [C:\Users\ultra\warewolf\Dev\Dev2.IntegrationTests\Dev2.Integration.Tests.csproj]
C:\Users\ultra\warewolf\Dev\Dev2.Diagnostics\Dev2.Diagnostics.csproj : warning NU1701: Package 'GroupControls 1.9.0' was restored using '.NETFramework,Version=v4.6.1, .NETFramework,Version=v4.6.2, .NETFramework,Version=v4.7, .NETFramework,Version=v4.7.1, .NETFramework,Version=v4.7.2, .NETFramework,Version=v4.8, .NETFramework,Version=v4.8.1' instead of the project target framework 'net8.0'. This package may not be fully compatible with your project. [C:\Users\ultra\warewolf\Dev\Dev2.IntegrationTests\Dev2.Integration.Tests.csproj]
C:\Users\ultra\warewolf\Dev\Dev2.Diagnostics\Dev2.Diagnostics.csproj : warning NU1701: Package 'TaskSchedulerEditor 2.10.1' was restored using '.NETFramework,Version=v4.6.1, .NETFramework,Version=v4.6.2, .NETFramework,Version=v4.7, .NETFramework,Version=v4.7.1, .NETFramework,Version=v4.7.2, .NETFramework,Version=v4.8, .NETFramework,Version=v4.8.1' instead of the project target framework 'net8.0'. This package may not be fully compatible with your project. [C:\Users\ultra\warewolf\Dev\Dev2.IntegrationTests\Dev2.Integration.Tests.csproj]
C:\Users\ultra\warewolf\Dev\Dev2.Development.Languages\Dev2.Development.Languages.csproj : warning NU1701: Package 'AeroWizard 2.3.1' was restored using '.NETFramework,Version=v4.6.1, .NETFramework,Version=v4.6.2, .NETFramework,Version=v4.7, .NETFramework,Version=v4.7.1, .NETFramework,Version=v4.7.2, .NETFramework,Version=v4.8, .NETFramework,Version=v4.8.1' instead of the project target framework 'net8.0'. This package may not be fully compatible with your project. [C:\Users\ultra\warewolf\Dev\Dev2.IntegrationTests\Dev2.Integration.Tests.csproj]
C:\Users\ultra\warewolf\Dev\Dev2.Development.Languages\Dev2.Development.Languages.csproj : warning NU1701: Package 'GroupControls 1.9.0' was restored using '.NETFramework,Version=v4.6.1, .NETFramework,Version=v4.6.2, .NETFramework,Version=v4.7, .NETFramework,Version=v4.7.1, .NETFramework,Version=v4.7.2, .NETFramework,Version=v4.8, .NETFramework,Version=v4.8.1' instead of the project target framework 'net8.0'. This package may not be fully compatible with your project. [C:\Users\ultra\warewolf\Dev\Dev2.IntegrationTests\Dev2.Integration.Tests.csproj]
C:\Users\ultra\warewolf\Dev\Dev2.Development.Languages\Dev2.Development.Languages.csproj : warning NU1701: Package 'TaskSchedulerEditor 2.10.1' was restored using '.NETFramework,Version=v4.6.1, .NETFramework,Version=v4.6.2, .NETFramework,Version=v4.7, .NETFramework,Version=v4.7.1, .NETFramework,Version=v4.7.2, .NETFramework,Version=v4.8, .NETFramework,Version=v4.8.1' instead of the project target framework 'net8.0'. This package may not be fully compatible with your project. [C:\Users\ultra\warewolf\Dev\Dev2.IntegrationTests\Dev2.Integration.Tests.csproj]
C:\Users\ultra\warewolf\Dev\Dev2.CustomControls\Dev2.CustomControls.csproj : warning NU1903: Package 'Microsoft.Windows.Compatibility' 6.0.0 has a known high severity vulnerability, https://github.com/advisories/GHSA-555c-2p6r-68mm [C:\Users\ultra\warewolf\Dev\Dev2.IntegrationTests\Dev2.Integration.Tests.csproj]
C:\Users\ultra\warewolf\Dev\Dev2.CustomControls\Dev2.CustomControls.csproj : warning NU1701: Package 'AeroWizard 2.3.1' was restored using '.NETFramework,Version=v4.6.1, .NETFramework,Version=v4.6.2, .NETFramework,Version=v4.7, .NETFramework,Version=v4.7.1, .NETFramework,Version=v4.7.2, .NETFramework,Version=v4.8, .NETFramework,Version=v4.8.1' instead of the project target framework 'net8.0'. This package may not be fully compatible with your project. [C:\Users\ultra\warewolf\Dev\Dev2.IntegrationTests\Dev2.Integration.Tests.csproj]
C:\Users\ultra\warewolf\Dev\Dev2.CustomControls\Dev2.CustomControls.csproj : warning NU1701: Package 'GroupControls 1.9.0' was restored using '.NETFramework,Version=v4.6.1, .NETFramework,Version=v4.6.2, .NETFramework,Version=v4.7, .NETFramework,Version=v4.7.1, .NETFramework,Version=v4.7.2, .NETFramework,Version=v4.8, .NETFramework,Version=v4.8.1' instead of the project target framework 'net8.0'. This package may not be fully compatible with your project. [C:\Users\ultra\warewolf\Dev\Dev2.IntegrationTests\Dev2.Integration.Tests.csproj]
C:\Users\ultra\warewolf\Dev\Dev2.CustomControls\Dev2.CustomControls.csproj : warning NU1701: Package 'TaskSchedulerEditor 2.10.1' was restored using '.NETFramework,Version=v4.6.1, .NETFramework,Version=v4.6.2, .NETFramework,Version=v4.7, .NETFramework,Version=v4.7.1, .NETFramework,Version=v4.7.2, .NETFramework,Version=v4.8, .NETFramework,Version=v4.8.1' instead of the project target framework 'net8.0'. This package may not be fully compatible with your project. [C:\Users\ultra\warewolf\Dev\Dev2.IntegrationTests\Dev2.Integration.Tests.csproj]
C:\Users\ultra\warewolf\Dev\Dev2.Data\Dev2.Data.csproj : warning NU1701: Package 'AeroWizard 2.3.1' was restored using '.NETFramework,Version=v4.6.1, .NETFramework,Version=v4.6.2, .NETFramework,Version=v4.7, .NETFramework,Version=v4.7.1, .NETFramework,Version=v4.7.2, .NETFramework,Version=v4.8, .NETFramework,Version=v4.8.1' instead of the project target framework 'net8.0'. This package may not be fully compatible with your project. [C:\Users\ultra\warewolf\Dev\Dev2.IntegrationTests\Dev2.Integration.Tests.csproj]
C:\Users\ultra\warewolf\Dev\Dev2.Data\Dev2.Data.csproj : warning NU1701: Package 'GroupControls 1.9.0' was restored using '.NETFramework,Version=v4.6.1, .NETFramework,Version=v4.6.2, .NETFramework,Version=v4.7, .NETFramework,Version=v4.7.1, .NETFramework,Version=v4.7.2, .NETFramework,Version=v4.8, .NETFramework,Version=v4.8.1' instead of the project target framework 'net8.0'. This package may not be fully compatible with your project. [C:\Users\ultra\warewolf\Dev\Dev2.IntegrationTests\Dev2.Integration.Tests.csproj]
C:\Users\ultra\warewolf\Dev\Dev2.Data\Dev2.Data.csproj : warning NU1701: Package 'ReactiveUI.WPF 18.4.1' was restored using '.NETFramework,Version=v4.6.1, .NETFramework,Version=v4.6.2, .NETFramework,Version=v4.7, .NETFramework,Version=v4.7.1, .NETFramework,Version=v4.7.2, .NETFramework,Version=v4.8, .NETFramework,Version=v4.8.1' instead of the project target framework 'net8.0'. This package may not be fully compatible with your project. [C:\Users\ultra\warewolf\Dev\Dev2.IntegrationTests\Dev2.Integration.Tests.csproj]
C:\Users\ultra\warewolf\Dev\Dev2.Data\Dev2.Data.csproj : warning NU1701: Package 'TaskSchedulerEditor 2.10.1' was restored using '.NETFramework,Version=v4.6.1, .NETFramework,Version=v4.6.2, .NETFramework,Version=v4.7, .NETFramework,Version=v4.7.1, .NETFramework,Version=v4.7.2, .NETFramework,Version=v4.8, .NETFramework,Version=v4.8.1' instead of the project target framework 'net8.0'. This package may not be fully compatible with your project. [C:\Users\ultra\warewolf\Dev\Dev2.IntegrationTests\Dev2.Integration.Tests.csproj]
C:\Users\ultra\warewolf\Dev\Dev2.Core\Dev2.Core.csproj : warning NU1903: Package 'Microsoft.Windows.Compatibility' 6.0.0 has a known high severity vulnerability, https://github.com/advisories/GHSA-555c-2p6r-68mm [C:\Users\ultra\warewolf\Dev\Dev2.IntegrationTests\Dev2.Integration.Tests.csproj]
C:\Users\ultra\warewolf\Dev\Dev2.Core\Dev2.Core.csproj : warning NU1701: Package 'AeroWizard 2.3.1' was restored using '.NETFramework,Version=v4.6.1, .NETFramework,Version=v4.6.2, .NETFramework,Version=v4.7, .NETFramework,Version=v4.7.1, .NETFramework,Version=v4.7.2, .NETFramework,Version=v4.8, .NETFramework,Version=v4.8.1' instead of the project target framework 'net8.0'. This package may not be fully compatible with your project. [C:\Users\ultra\warewolf\Dev\Dev2.IntegrationTests\Dev2.Integration.Tests.csproj]
C:\Users\ultra\warewolf\Dev\Dev2.Core\Dev2.Core.csproj : warning NU1701: Package 'GroupControls 1.9.0' was restored using '.NETFramework,Version=v4.6.1, .NETFramework,Version=v4.6.2, .NETFramework,Version=v4.7, .NETFramework,Version=v4.7.1, .NETFramework,Version=v4.7.2, .NETFramework,Version=v4.8, .NETFramework,Version=v4.8.1' instead of the project target framework 'net8.0'. This package may not be fully compatible with your project. [C:\Users\ultra\warewolf\Dev\Dev2.IntegrationTests\Dev2.Integration.Tests.csproj]
C:\Users\ultra\warewolf\Dev\Dev2.Core\Dev2.Core.csproj : warning NU1701: Package 'ReactiveUI.WPF 18.4.1' was restored using '.NETFramework,Version=v4.6.1, .NETFramework,Version=v4.6.2, .NETFramework,Version=v4.7, .NETFramework,Version=v4.7.1, .NETFramework,Version=v4.7.2, .NETFramework,Version=v4.8, .NETFramework,Version=v4.8.1' instead of the project target framework 'net8.0'. This package may not be fully compatible with your project. [C:\Users\ultra\warewolf\Dev\Dev2.IntegrationTests\Dev2.Integration.Tests.csproj]
C:\Users\ultra\warewolf\Dev\Dev2.Core\Dev2.Core.csproj : warning NU1701: Package 'TaskSchedulerEditor 2.10.1' was restored using '.NETFramework,Version=v4.6.1, .NETFramework,Version=v4.6.2, .NETFramework,Version=v4.7, .NETFramework,Version=v4.7.1, .NETFramework,Version=v4.7.2, .NETFramework,Version=v4.8, .NETFramework,Version=v4.8.1' instead of the project target framework 'net8.0'. This package may not be fully compatible with your project. [C:\Users\ultra\warewolf\Dev\Dev2.IntegrationTests\Dev2.Integration.Tests.csproj]
C:\Users\ultra\warewolf\Dev\Dev2.Runtime\Dev2.Runtime.csproj : warning NU1903: Package 'Microsoft.Windows.Compatibility' 6.0.0 has a known high severity vulnerability, https://github.com/advisories/GHSA-555c-2p6r-68mm [C:\Users\ultra\warewolf\Dev\Dev2.IntegrationTests\Dev2.Integration.Tests.csproj]
C:\Users\ultra\warewolf\Dev\Dev2.Runtime\Dev2.Runtime.csproj : warning NU1701: Package 'AeroWizard 2.3.1' was restored using '.NETFramework,Version=v4.6.1, .NETFramework,Version=v4.6.2, .NETFramework,Version=v4.7, .NETFramework,Version=v4.7.1, .NETFramework,Version=v4.7.2, .NETFramework,Version=v4.8, .NETFramework,Version=v4.8.1' instead of the project target framework 'net8.0'. This package may not be fully compatible with your project. [C:\Users\ultra\warewolf\Dev\Dev2.IntegrationTests\Dev2.Integration.Tests.csproj]
C:\Users\ultra\warewolf\Dev\Dev2.Runtime\Dev2.Runtime.csproj : warning NU1701: Package 'GroupControls 1.9.0' was restored using '.NETFramework,Version=v4.6.1, .NETFramework,Version=v4.6.2, .NETFramework,Version=v4.7, .NETFramework,Version=v4.7.1, .NETFramework,Version=v4.7.2, .NETFramework,Version=v4.8, .NETFramework,Version=v4.8.1' instead of the project target framework 'net8.0'. This package may not be fully compatible with your project. [C:\Users\ultra\warewolf\Dev\Dev2.IntegrationTests\Dev2.Integration.Tests.csproj]
C:\Users\ultra\warewolf\Dev\Dev2.Runtime\Dev2.Runtime.csproj : warning NU1701: Package 'ReactiveUI.WPF 18.4.1' was restored using '.NETFramework,Version=v4.6.1, .NETFramework,Version=v4.6.2, .NETFramework,Version=v4.7, .NETFramework,Version=v4.7.1, .NETFramework,Version=v4.7.2, .NETFramework,Version=v4.8, .NETFramework,Version=v4.8.1' instead of the project target framework 'net8.0'. This package may not be fully compatible with your project. [C:\Users\ultra\warewolf\Dev\Dev2.IntegrationTests\Dev2.Integration.Tests.csproj]
C:\Users\ultra\warewolf\Dev\Dev2.Runtime\Dev2.Runtime.csproj : warning NU1701: Package 'TaskSchedulerEditor 2.10.1' was restored using '.NETFramework,Version=v4.6.1, .NETFramework,Version=v4.6.2, .NETFramework,Version=v4.7, .NETFramework,Version=v4.7.1, .NETFramework,Version=v4.7.2, .NETFramework,Version=v4.8, .NETFramework,Version=v4.8.1' instead of the project target framework 'net8.0'. This package may not be fully compatible with your project. [C:\Users\ultra\warewolf\Dev\Dev2.IntegrationTests\Dev2.Integration.Tests.csproj]
C:\Users\ultra\warewolf\Dev\Dev2.Server\Dev2.Server.csproj : warning NU1903: Package 'Oracle.ManagedDataAccess.Core' 3.21.70 has a known high severity vulnerability, https://github.com/advisories/GHSA-5pm2-9mr2-3frq [C:\Users\ultra\warewolf\Dev\Dev2.IntegrationTests\Dev2.Integration.Tests.csproj]
C:\Users\ultra\warewolf\Dev\Dev2.Server\Dev2.Server.csproj : warning NU1701: Package 'AeroWizard 2.3.1' was restored using '.NETFramework,Version=v4.6.1, .NETFramework,Version=v4.6.2, .NETFramework,Version=v4.7, .NETFramework,Version=v4.7.1, .NETFramework,Version=v4.7.2, .NETFramework,Version=v4.8, .NETFramework,Version=v4.8.1' instead of the project target framework 'net8.0'. This package may not be fully compatible with your project. [C:\Users\ultra\warewolf\Dev\Dev2.IntegrationTests\Dev2.Integration.Tests.csproj]
C:\Users\ultra\warewolf\Dev\Dev2.Server\Dev2.Server.csproj : warning NU1701: Package 'GroupControls 1.9.0' was restored using '.NETFramework,Version=v4.6.1, .NETFramework,Version=v4.6.2, .NETFramework,Version=v4.7, .NETFramework,Version=v4.7.1, .NETFramework,Version=v4.7.2, .NETFramework,Version=v4.8, .NETFramework,Version=v4.8.1' instead of the project target framework 'net8.0'. This package may not be fully compatible with your project. [C:\Users\ultra\warewolf\Dev\Dev2.IntegrationTests\Dev2.Integration.Tests.csproj]
C:\Users\ultra\warewolf\Dev\Dev2.Server\Dev2.Server.csproj : warning NU1701: Package 'Microsoft.Xaml.Behaviors.Wpf 1.1.122' was restored using '.NETFramework,Version=v4.6.1, .NETFramework,Version=v4.6.2, .NETFramework,Version=v4.7, .NETFramework,Version=v4.7.1, .NETFramework,Version=v4.7.2, .NETFramework,Version=v4.8, .NETFramework,Version=v4.8.1' instead of the project target framework 'net8.0'. This package may not be fully compatible with your project. [C:\Users\ultra\warewolf\Dev\Dev2.IntegrationTests\Dev2.Integration.Tests.csproj]
C:\Users\ultra\warewolf\Dev\Dev2.Server\Dev2.Server.csproj : warning NU1701: Package 'Prism.Wpf 9.0.537' was restored using '.NETFramework,Version=v4.6.1, .NETFramework,Version=v4.6.2, .NETFramework,Version=v4.7, .NETFramework,Version=v4.7.1, .NETFramework,Version=v4.7.2, .NETFramework,Version=v4.8, .NETFramework,Version=v4.8.1' instead of the project target framework 'net8.0'. This package may not be fully compatible with your project. [C:\Users\ultra\warewolf\Dev\Dev2.IntegrationTests\Dev2.Integration.Tests.csproj]
C:\Users\ultra\warewolf\Dev\Dev2.Server\Dev2.Server.csproj : warning NU1701: Package 'ReactiveUI.WPF 18.4.1' was restored using '.NETFramework,Version=v4.6.1, .NETFramework,Version=v4.6.2, .NETFramework,Version=v4.7, .NETFramework,Version=v4.7.1, .NETFramework,Version=v4.7.2, .NETFramework,Version=v4.8, .NETFramework,Version=v4.8.1' instead of the project target framework 'net8.0'. This package may not be fully compatible with your project. [C:\Users\ultra\warewolf\Dev\Dev2.IntegrationTests\Dev2.Integration.Tests.csproj]
C:\Users\ultra\warewolf\Dev\Dev2.Server\Dev2.Server.csproj : warning NU1701: Package 'TaskSchedulerEditor 2.10.1' was restored using '.NETFramework,Version=v4.6.1, .NETFramework,Version=v4.6.2, .NETFramework,Version=v4.7, .NETFramework,Version=v4.7.1, .NETFramework,Version=v4.7.2, .NETFramework,Version=v4.8, .NETFramework,Version=v4.8.1' instead of the project target framework 'net8.0'. This package may not be fully compatible with your project. [C:\Users\ultra\warewolf\Dev\Dev2.IntegrationTests\Dev2.Integration.Tests.csproj]
C:\Users\ultra\warewolf\Dev\Warewolf.Storage.Interfaces\Warewolf.Storage.Interfaces.csproj : warning NU1701: Package 'AeroWizard 2.3.1' was restored using '.NETFramework,Version=v4.6.1, .NETFramework,Version=v4.6.2, .NETFramework,Version=v4.7, .NETFramework,Version=v4.7.1, .NETFramework,Version=v4.7.2, .NETFramework,Version=v4.8, .NETFramework,Version=v4.8.1' instead of the project target framework 'net8.0'. This package may not be fully compatible with your project. [C:\Users\ultra\warewolf\Dev\Dev2.IntegrationTests\Dev2.Integration.Tests.csproj]
C:\Users\ultra\warewolf\Dev\Warewolf.Storage.Interfaces\Warewolf.Storage.Interfaces.csproj : warning NU1701: Package 'GroupControls 1.9.0' was restored using '.NETFramework,Version=v4.6.1, .NETFramework,Version=v4.6.2, .NETFramework,Version=v4.7, .NETFramework,Version=v4.7.1, .NETFramework,Version=v4.7.2, .NETFramework,Version=v4.8, .NETFramework,Version=v4.8.1' instead of the project target framework 'net8.0'. This package may not be fully compatible with your project. [C:\Users\ultra\warewolf\Dev\Dev2.IntegrationTests\Dev2.Integration.Tests.csproj]
C:\Users\ultra\warewolf\Dev\Warewolf.Storage.Interfaces\Warewolf.Storage.Interfaces.csproj : warning NU1701: Package 'TaskSchedulerEditor 2.10.1' was restored using '.NETFramework,Version=v4.6.1, .NETFramework,Version=v4.6.2, .NETFramework,Version=v4.7, .NETFramework,Version=v4.7.1, .NETFramework,Version=v4.7.2, .NETFramework,Version=v4.8, .NETFramework,Version=v4.8.1' instead of the project target framework 'net8.0'. This package may not be fully compatible with your project. [C:\Users\ultra\warewolf\Dev\Dev2.IntegrationTests\Dev2.Integration.Tests.csproj]
C:\Users\ultra\warewolf\Dev\Warewolf.Storage\Warewolf.Storage.csproj : warning NU1701: Package 'AeroWizard 2.3.1' was restored using '.NETFramework,Version=v4.6.1, .NETFramework,Version=v4.6.2, .NETFramework,Version=v4.7, .NETFramework,Version=v4.7.1, .NETFramework,Version=v4.7.2, .NETFramework,Version=v4.8, .NETFramework,Version=v4.8.1' instead of the project target framework 'net8.0'. This package may not be fully compatible with your project. [C:\Users\ultra\warewolf\Dev\Dev2.IntegrationTests\Dev2.Integration.Tests.csproj]
C:\Users\ultra\warewolf\Dev\Warewolf.Storage\Warewolf.Storage.csproj : warning NU1701: Package 'GroupControls 1.9.0' was restored using '.NETFramework,Version=v4.6.1, .NETFramework,Version=v4.6.2, .NETFramework,Version=v4.7, .NETFramework,Version=v4.7.1, .NETFramework,Version=v4.7.2, .NETFramework,Version=v4.8, .NETFramework,Version=v4.8.1' instead of the project target framework 'net8.0'. This package may not be fully compatible with your project. [C:\Users\ultra\warewolf\Dev\Dev2.IntegrationTests\Dev2.Integration.Tests.csproj]
C:\Users\ultra\warewolf\Dev\Warewolf.Storage\Warewolf.Storage.csproj : warning NU1701: Package 'ReactiveUI.WPF 18.4.1' was restored using '.NETFramework,Version=v4.6.1, .NETFramework,Version=v4.6.2, .NETFramework,Version=v4.7, .NETFramework,Version=v4.7.1, .NETFramework,Version=v4.7.2, .NETFramework,Version=v4.8, .NETFramework,Version=v4.8.1' instead of the project target framework 'net8.0'. This package may not be fully compatible with your project. [C:\Users\ultra\warewolf\Dev\Dev2.IntegrationTests\Dev2.Integration.Tests.csproj]
C:\Users\ultra\warewolf\Dev\Warewolf.Storage\Warewolf.Storage.csproj : warning NU1701: Package 'TaskSchedulerEditor 2.10.1' was restored using '.NETFramework,Version=v4.6.1, .NETFramework,Version=v4.6.2, .NETFramework,Version=v4.7, .NETFramework,Version=v4.7.1, .NETFramework,Version=v4.7.2, .NETFramework,Version=v4.8, .NETFramework,Version=v4.8.1' instead of the project target framework 'net8.0'. This package may not be fully compatible with your project. [C:\Users\ultra\warewolf\Dev\Dev2.IntegrationTests\Dev2.Integration.Tests.csproj]
C:\Users\ultra\warewolf\Dev\Dev2.Runtime.Tests\Dev2.Runtime.Tests.csproj : warning NU1701: Package 'AeroWizard 2.3.1' was restored using '.NETFramework,Version=v4.6.1, .NETFramework,Version=v4.6.2, .NETFramework,Version=v4.7, .NETFramework,Version=v4.7.1, .NETFramework,Version=v4.7.2, .NETFramework,Version=v4.8, .NETFramework,Version=v4.8.1' instead of the project target framework 'net8.0'. This package may not be fully compatible with your project. [C:\Users\ultra\warewolf\Dev\Dev2.IntegrationTests\Dev2.Integration.Tests.csproj]
C:\Users\ultra\warewolf\Dev\Dev2.Runtime.Tests\Dev2.Runtime.Tests.csproj : warning NU1701: Package 'AvalonEdit 6.3.0.90' was restored using '.NETFramework,Version=v4.6.1, .NETFramework,Version=v4.6.2, .NETFramework,Version=v4.7, .NETFramework,Version=v4.7.1, .NETFramework,Version=v4.7.2, .NETFramework,Version=v4.8, .NETFramework,Version=v4.8.1' instead of the project target framework 'net8.0'. This package may not be fully compatible with your project. [C:\Users\ultra\warewolf\Dev\Dev2.IntegrationTests\Dev2.Integration.Tests.csproj]
C:\Users\ultra\warewolf\Dev\Dev2.Runtime.Tests\Dev2.Runtime.Tests.csproj : warning NU1701: Package 'CommonServiceLocator 1.2.0' was restored using '.NETFramework,Version=v4.6.1, .NETFramework,Version=v4.6.2, .NETFramework,Version=v4.7, .NETFramework,Version=v4.7.1, .NETFramework,Version=v4.7.2, .NETFramework,Version=v4.8, .NETFramework,Version=v4.8.1' instead of the project target framework 'net8.0'. This package may not be fully compatible with your project. [C:\Users\ultra\warewolf\Dev\Dev2.IntegrationTests\Dev2.Integration.Tests.csproj]
C:\Users\ultra\warewolf\Dev\Dev2.Runtime.Tests\Dev2.Runtime.Tests.csproj : warning NU1701: Package 'FontAwesome.WPF 4.7.0.9' was restored using '.NETFramework,Version=v4.6.1, .NETFramework,Version=v4.6.2, .NETFramework,Version=v4.7, .NETFramework,Version=v4.7.1, .NETFramework,Version=v4.7.2, .NETFramework,Version=v4.8, .NETFramework,Version=v4.8.1' instead of the project target framework 'net8.0'. This package may not be fully compatible with your project. [C:\Users\ultra\warewolf\Dev\Dev2.IntegrationTests\Dev2.Integration.Tests.csproj]
C:\Users\ultra\warewolf\Dev\Dev2.Runtime.Tests\Dev2.Runtime.Tests.csproj : warning NU1701: Package 'GroupControls 1.9.0' was restored using '.NETFramework,Version=v4.6.1, .NETFramework,Version=v4.6.2, .NETFramework,Version=v4.7, .NETFramework,Version=v4.7.1, .NETFramework,Version=v4.7.2, .NETFramework,Version=v4.8, .NETFramework,Version=v4.8.1' instead of the project target framework 'net8.0'. This package may not be fully compatible with your project. [C:\Users\ultra\warewolf\Dev\Dev2.IntegrationTests\Dev2.Integration.Tests.csproj]
C:\Users\ultra\warewolf\Dev\Dev2.Runtime.Tests\Dev2.Runtime.Tests.csproj : warning NU1701: Package 'Log4Net.Async 2.0.4' was restored using '.NETFramework,Version=v4.6.1, .NETFramework,Version=v4.6.2, .NETFramework,Version=v4.7, .NETFramework,Version=v4.7.1, .NETFramework,Version=v4.7.2, .NETFramework,Version=v4.8, .NETFramework,Version=v4.8.1' instead of the project target framework 'net8.0'. This package may not be fully compatible with your project. [C:\Users\ultra\warewolf\Dev\Dev2.IntegrationTests\Dev2.Integration.Tests.csproj]
C:\Users\ultra\warewolf\Dev\Dev2.Runtime.Tests\Dev2.Runtime.Tests.csproj : warning NU1701: Package 'Microsoft.Xaml.Behaviors.Wpf 1.1.122' was restored using '.NETFramework,Version=v4.6.1, .NETFramework,Version=v4.6.2, .NETFramework,Version=v4.7, .NETFramework,Version=v4.7.1, .NETFramework,Version=v4.7.2, .NETFramework,Version=v4.8, .NETFramework,Version=v4.8.1' instead of the project target framework 'net8.0'. This package may not be fully compatible with your project. [C:\Users\ultra\warewolf\Dev\Dev2.IntegrationTests\Dev2.Integration.Tests.csproj]
C:\Users\ultra\warewolf\Dev\Dev2.Runtime.Tests\Dev2.Runtime.Tests.csproj : warning NU1701: Package 'Prism.Composition 5.0.0' was restored using '.NETFramework,Version=v4.6.1, .NETFramework,Version=v4.6.2, .NETFramework,Version=v4.7, .NETFramework,Version=v4.7.1, .NETFramework,Version=v4.7.2, .NETFramework,Version=v4.8, .NETFramework,Version=v4.8.1' instead of the project target framework 'net8.0'. This package may not be fully compatible with your project. [C:\Users\ultra\warewolf\Dev\Dev2.IntegrationTests\Dev2.Integration.Tests.csproj]
C:\Users\ultra\warewolf\Dev\Dev2.Runtime.Tests\Dev2.Runtime.Tests.csproj : warning NU1701: Package 'Prism.Interactivity 5.0.0' was restored using '.NETFramework,Version=v4.6.1, .NETFramework,Version=v4.6.2, .NETFramework,Version=v4.7, .NETFramework,Version=v4.7.1, .NETFramework,Version=v4.7.2, .NETFramework,Version=v4.8, .NETFramework,Version=v4.8.1' instead of the project target framework 'net8.0'. This package may not be fully compatible with your project. [C:\Users\ultra\warewolf\Dev\Dev2.IntegrationTests\Dev2.Integration.Tests.csproj]
C:\Users\ultra\warewolf\Dev\Dev2.Runtime.Tests\Dev2.Runtime.Tests.csproj : warning NU1701: Package 'Prism.Mvvm 1.0.0' was restored using '.NETFramework,Version=v4.6.1, .NETFramework,Version=v4.6.2, .NETFramework,Version=v4.7, .NETFramework,Version=v4.7.1, .NETFramework,Version=v4.7.2, .NETFramework,Version=v4.8, .NETFramework,Version=v4.8.1' instead of the project target framework 'net8.0'. This package may not be fully compatible with your project. [C:\Users\ultra\warewolf\Dev\Dev2.IntegrationTests\Dev2.Integration.Tests.csproj]
C:\Users\ultra\warewolf\Dev\Dev2.Runtime.Tests\Dev2.Runtime.Tests.csproj : warning NU1701: Package 'Prism.PubSubEvents 1.0.0' was restored using '.NETFramework,Version=v4.6.1, .NETFramework,Version=v4.6.2, .NETFramework,Version=v4.7, .NETFramework,Version=v4.7.1, .NETFramework,Version=v4.7.2, .NETFramework,Version=v4.8, .NETFramework,Version=v4.8.1' instead of the project target framework 'net8.0'. This package may not be fully compatible with your project. [C:\Users\ultra\warewolf\Dev\Dev2.IntegrationTests\Dev2.Integration.Tests.csproj]
C:\Users\ultra\warewolf\Dev\Dev2.Runtime.Tests\Dev2.Runtime.Tests.csproj : warning NU1701: Package 'Prism.UnityExtensions 5.0.1' was restored using '.NETFramework,Version=v4.6.1, .NETFramework,Version=v4.6.2, .NETFramework,Version=v4.7, .NETFramework,Version=v4.7.1, .NETFramework,Version=v4.7.2, .NETFramework,Version=v4.8, .NETFramework,Version=v4.8.1' instead of the project target framework 'net8.0'. This package may not be fully compatible with your project. [C:\Users\ultra\warewolf\Dev\Dev2.IntegrationTests\Dev2.Integration.Tests.csproj]
C:\Users\ultra\warewolf\Dev\Dev2.Runtime.Tests\Dev2.Runtime.Tests.csproj : warning NU1701: Package 'Prism.Wpf 9.0.537' was restored using '.NETFramework,Version=v4.6.1, .NETFramework,Version=v4.6.2, .NETFramework,Version=v4.7, .NETFramework,Version=v4.7.1, .NETFramework,Version=v4.7.2, .NETFramework,Version=v4.8, .NETFramework,Version=v4.8.1' instead of the project target framework 'net8.0'. This package may not be fully compatible with your project. [C:\Users\ultra\warewolf\Dev\Dev2.IntegrationTests\Dev2.Integration.Tests.csproj]
C:\Users\ultra\warewolf\Dev\Dev2.Runtime.Tests\Dev2.Runtime.Tests.csproj : warning NU1701: Package 'ReactiveUI.WPF 18.4.1' was restored using '.NETFramework,Version=v4.6.1, .NETFramework,Version=v4.6.2, .NETFramework,Version=v4.7, .NETFramework,Version=v4.7.1, .NETFramework,Version=v4.7.2, .NETFramework,Version=v4.8, .NETFramework,Version=v4.8.1' instead of the project target framework 'net8.0'. This package may not be fully compatible with your project. [C:\Users\ultra\warewolf\Dev\Dev2.IntegrationTests\Dev2.Integration.Tests.csproj]
C:\Users\ultra\warewolf\Dev\Dev2.Runtime.Tests\Dev2.Runtime.Tests.csproj : warning NU1701: Package 'TaskSchedulerEditor 2.10.1' was restored using '.NETFramework,Version=v4.6.1, .NETFramework,Version=v4.6.2, .NETFramework,Version=v4.7, .NETFramework,Version=v4.7.1, .NETFramework,Version=v4.7.2, .NETFramework,Version=v4.8, .NETFramework,Version=v4.8.1' instead of the project target framework 'net8.0'. This package may not be fully compatible with your project. [C:\Users\ultra\warewolf\Dev\Dev2.IntegrationTests\Dev2.Integration.Tests.csproj]
C:\Users\ultra\warewolf\Dev\Dev2.Runtime.Tests\Dev2.Runtime.Tests.csproj : warning NU1701: Package 'Unofficial.Microsoft.mshtml 7.0.3300' was restored using '.NETFramework,Version=v4.6.1, .NETFramework,Version=v4.6.2, .NETFramework,Version=v4.7, .NETFramework,Version=v4.7.1, .NETFramework,Version=v4.7.2, .NETFramework,Version=v4.8, .NETFramework,Version=v4.8.1' instead of the project target framework 'net8.0'. This package may not be fully compatible with your project. [C:\Users\ultra\warewolf\Dev\Dev2.IntegrationTests\Dev2.Integration.Tests.csproj]
C:\Users\ultra\warewolf\Dev\Dev2.Runtime.Configuration\Dev2.Runtime.Configuration.csproj : warning NU1903: Package 'Microsoft.Windows.Compatibility' 6.0.0 has a known high severity vulnerability, https://github.com/advisories/GHSA-555c-2p6r-68mm [C:\Users\ultra\warewolf\Dev\Dev2.IntegrationTests\Dev2.Integration.Tests.csproj]
C:\Users\ultra\warewolf\Dev\Dev2.Runtime.Configuration\Dev2.Runtime.Configuration.csproj : warning NU1701: Package 'AeroWizard 2.3.1' was restored using '.NETFramework,Version=v4.6.1, .NETFramework,Version=v4.6.2, .NETFramework,Version=v4.7, .NETFramework,Version=v4.7.1, .NETFramework,Version=v4.7.2, .NETFramework,Version=v4.8, .NETFramework,Version=v4.8.1' instead of the project target framework 'net8.0'. This package may not be fully compatible with your project. [C:\Users\ultra\warewolf\Dev\Dev2.IntegrationTests\Dev2.Integration.Tests.csproj]
C:\Users\ultra\warewolf\Dev\Dev2.Runtime.Configuration\Dev2.Runtime.Configuration.csproj : warning NU1701: Package 'GroupControls 1.9.0' was restored using '.NETFramework,Version=v4.6.1, .NETFramework,Version=v4.6.2, .NETFramework,Version=v4.7, .NETFramework,Version=v4.7.1, .NETFramework,Version=v4.7.2, .NETFramework,Version=v4.8, .NETFramework,Version=v4.8.1' instead of the project target framework 'net8.0'. This package may not be fully compatible with your project. [C:\Users\ultra\warewolf\Dev\Dev2.IntegrationTests\Dev2.Integration.Tests.csproj]
C:\Users\ultra\warewolf\Dev\Dev2.Runtime.Configuration\Dev2.Runtime.Configuration.csproj : warning NU1701: Package 'TaskSchedulerEditor 2.10.1' was restored using '.NETFramework,Version=v4.6.1, .NETFramework,Version=v4.6.2, .NETFramework,Version=v4.7, .NETFramework,Version=v4.7.1, .NETFramework,Version=v4.7.2, .NETFramework,Version=v4.8, .NETFramework,Version=v4.8.1' instead of the project target framework 'net8.0'. This package may not be fully compatible with your project. [C:\Users\ultra\warewolf\Dev\Dev2.IntegrationTests\Dev2.Integration.Tests.csproj]
C:\Users\ultra\warewolf\Dev\Warewolf.Sharepoint\Warewolf.Sharepoint.csproj : warning NU1701: Package 'AeroWizard 2.3.1' was restored using '.NETFramework,Version=v4.6.1, .NETFramework,Version=v4.6.2, .NETFramework,Version=v4.7, .NETFramework,Version=v4.7.1, .NETFramework,Version=v4.7.2, .NETFramework,Version=v4.8, .NETFramework,Version=v4.8.1' instead of the project target framework 'net8.0'. This package may not be fully compatible with your project. [C:\Users\ultra\warewolf\Dev\Dev2.IntegrationTests\Dev2.Integration.Tests.csproj]
C:\Users\ultra\warewolf\Dev\Warewolf.Sharepoint\Warewolf.Sharepoint.csproj : warning NU1701: Package 'GroupControls 1.9.0' was restored using '.NETFramework,Version=v4.6.1, .NETFramework,Version=v4.6.2, .NETFramework,Version=v4.7, .NETFramework,Version=v4.7.1, .NETFramework,Version=v4.7.2, .NETFramework,Version=v4.8, .NETFramework,Version=v4.8.1' instead of the project target framework 'net8.0'. This package may not be fully compatible with your project. [C:\Users\ultra\warewolf\Dev\Dev2.IntegrationTests\Dev2.Integration.Tests.csproj]
C:\Users\ultra\warewolf\Dev\Warewolf.Sharepoint\Warewolf.Sharepoint.csproj : warning NU1701: Package 'ReactiveUI.WPF 18.4.1' was restored using '.NETFramework,Version=v4.6.1, .NETFramework,Version=v4.6.2, .NETFramework,Version=v4.7, .NETFramework,Version=v4.7.1, .NETFramework,Version=v4.7.2, .NETFramework,Version=v4.8, .NETFramework,Version=v4.8.1' instead of the project target framework 'net8.0'. This package may not be fully compatible with your project. [C:\Users\ultra\warewolf\Dev\Dev2.IntegrationTests\Dev2.Integration.Tests.csproj]
C:\Users\ultra\warewolf\Dev\Warewolf.Sharepoint\Warewolf.Sharepoint.csproj : warning NU1701: Package 'TaskSchedulerEditor 2.10.1' was restored using '.NETFramework,Version=v4.6.1, .NETFramework,Version=v4.6.2, .NETFramework,Version=v4.7, .NETFramework,Version=v4.7.1, .NETFramework,Version=v4.7.2, .NETFramework,Version=v4.8, .NETFramework,Version=v4.8.1' instead of the project target framework 'net8.0'. This package may not be fully compatible with your project. [C:\Users\ultra\warewolf\Dev\Dev2.IntegrationTests\Dev2.Integration.Tests.csproj]
C:\Users\ultra\warewolf\Dev\Warewolf.Studio.Core\Warewolf.Studio.Core.csproj : warning NU1701: Package 'AeroWizard 2.3.1' was restored using '.NETFramework,Version=v4.6.1, .NETFramework,Version=v4.6.2, .NETFramework,Version=v4.7, .NETFramework,Version=v4.7.1, .NETFramework,Version=v4.7.2, .NETFramework,Version=v4.8, .NETFramework,Version=v4.8.1' instead of the project target framework 'net8.0'. This package may not be fully compatible with your project. [C:\Users\ultra\warewolf\Dev\Dev2.IntegrationTests\Dev2.Integration.Tests.csproj]
C:\Users\ultra\warewolf\Dev\Warewolf.Studio.Core\Warewolf.Studio.Core.csproj : warning NU1701: Package 'GroupControls 1.9.0' was restored using '.NETFramework,Version=v4.6.1, .NETFramework,Version=v4.6.2, .NETFramework,Version=v4.7, .NETFramework,Version=v4.7.1, .NETFramework,Version=v4.7.2, .NETFramework,Version=v4.8, .NETFramework,Version=v4.8.1' instead of the project target framework 'net8.0'. This package may not be fully compatible with your project. [C:\Users\ultra\warewolf\Dev\Dev2.IntegrationTests\Dev2.Integration.Tests.csproj]
C:\Users\ultra\warewolf\Dev\Warewolf.Studio.Core\Warewolf.Studio.Core.csproj : warning NU1701: Package 'Microsoft.Xaml.Behaviors.Wpf 1.1.122' was restored using '.NETFramework,Version=v4.6.1, .NETFramework,Version=v4.6.2, .NETFramework,Version=v4.7, .NETFramework,Version=v4.7.1, .NETFramework,Version=v4.7.2, .NETFramework,Version=v4.8, .NETFramework,Version=v4.8.1' instead of the project target framework 'net8.0'. This package may not be fully compatible with your project. [C:\Users\ultra\warewolf\Dev\Dev2.IntegrationTests\Dev2.Integration.Tests.csproj]
C:\Users\ultra\warewolf\Dev\Warewolf.Studio.Core\Warewolf.Studio.Core.csproj : warning NU1701: Package 'Prism.Wpf 9.0.537' was restored using '.NETFramework,Version=v4.6.1, .NETFramework,Version=v4.6.2, .NETFramework,Version=v4.7, .NETFramework,Version=v4.7.1, .NETFramework,Version=v4.7.2, .NETFramework,Version=v4.8, .NETFramework,Version=v4.8.1' instead of the project target framework 'net8.0'. This package may not be fully compatible with your project. [C:\Users\ultra\warewolf\Dev\Dev2.IntegrationTests\Dev2.Integration.Tests.csproj]
C:\Users\ultra\warewolf\Dev\Warewolf.Studio.Core\Warewolf.Studio.Core.csproj : warning NU1701: Package 'ReactiveUI.WPF 18.4.1' was restored using '.NETFramework,Version=v4.6.1, .NETFramework,Version=v4.6.2, .NETFramework,Version=v4.7, .NETFramework,Version=v4.7.1, .NETFramework,Version=v4.7.2, .NETFramework,Version=v4.8, .NETFramework,Version=v4.8.1' instead of the project target framework 'net8.0'. This package may not be fully compatible with your project. [C:\Users\ultra\warewolf\Dev\Dev2.IntegrationTests\Dev2.Integration.Tests.csproj]
C:\Users\ultra\warewolf\Dev\Warewolf.Studio.Core\Warewolf.Studio.Core.csproj : warning NU1701: Package 'TaskSchedulerEditor 2.10.1' was restored using '.NETFramework,Version=v4.6.1, .NETFramework,Version=v4.6.2, .NETFramework,Version=v4.7, .NETFramework,Version=v4.7.1, .NETFramework,Version=v4.7.2, .NETFramework,Version=v4.8, .NETFramework,Version=v4.8.1' instead of the project target framework 'net8.0'. This package may not be fully compatible with your project. [C:\Users\ultra\warewolf\Dev\Dev2.IntegrationTests\Dev2.Integration.Tests.csproj]
C:\Users\ultra\warewolf\Dev\Warewolf.Studio.Models\Warewolf.Studio.Models.csproj : warning NU1701: Package 'AeroWizard 2.3.1' was restored using '.NETFramework,Version=v4.6.1, .NETFramework,Version=v4.6.2, .NETFramework,Version=v4.7, .NETFramework,Version=v4.7.1, .NETFramework,Version=v4.7.2, .NETFramework,Version=v4.8, .NETFramework,Version=v4.8.1' instead of the project target framework 'net8.0'. This package may not be fully compatible with your project. [C:\Users\ultra\warewolf\Dev\Dev2.IntegrationTests\Dev2.Integration.Tests.csproj]
C:\Users\ultra\warewolf\Dev\Warewolf.Studio.Models\Warewolf.Studio.Models.csproj : warning NU1701: Package 'GroupControls 1.9.0' was restored using '.NETFramework,Version=v4.6.1, .NETFramework,Version=v4.6.2, .NETFramework,Version=v4.7, .NETFramework,Version=v4.7.1, .NETFramework,Version=v4.7.2, .NETFramework,Version=v4.8, .NETFramework,Version=v4.8.1' instead of the project target framework 'net8.0'. This package may not be fully compatible with your project. [C:\Users\ultra\warewolf\Dev\Dev2.IntegrationTests\Dev2.Integration.Tests.csproj]
C:\Users\ultra\warewolf\Dev\Warewolf.Studio.Models\Warewolf.Studio.Models.csproj : warning NU1701: Package 'Microsoft.Xaml.Behaviors.Wpf 1.1.122' was restored using '.NETFramework,Version=v4.6.1, .NETFramework,Version=v4.6.2, .NETFramework,Version=v4.7, .NETFramework,Version=v4.7.1, .NETFramework,Version=v4.7.2, .NETFramework,Version=v4.8, .NETFramework,Version=v4.8.1' instead of the project target framework 'net8.0'. This package may not be fully compatible with your project. [C:\Users\ultra\warewolf\Dev\Dev2.IntegrationTests\Dev2.Integration.Tests.csproj]
C:\Users\ultra\warewolf\Dev\Warewolf.Studio.Models\Warewolf.Studio.Models.csproj : warning NU1701: Package 'Prism.Wpf 9.0.537' was restored using '.NETFramework,Version=v4.6.1, .NETFramework,Version=v4.6.2, .NETFramework,Version=v4.7, .NETFramework,Version=v4.7.1, .NETFramework,Version=v4.7.2, .NETFramework,Version=v4.8, .NETFramework,Version=v4.8.1' instead of the project target framework 'net8.0'. This package may not be fully compatible with your project. [C:\Users\ultra\warewolf\Dev\Dev2.IntegrationTests\Dev2.Integration.Tests.csproj]
C:\Users\ultra\warewolf\Dev\Warewolf.Studio.Models\Warewolf.Studio.Models.csproj : warning NU1701: Package 'ReactiveUI.WPF 18.4.1' was restored using '.NETFramework,Version=v4.6.1, .NETFramework,Version=v4.6.2, .NETFramework,Version=v4.7, .NETFramework,Version=v4.7.1, .NETFramework,Version=v4.7.2, .NETFramework,Version=v4.8, .NETFramework,Version=v4.8.1' instead of the project target framework 'net8.0'. This package may not be fully compatible with your project. [C:\Users\ultra\warewolf\Dev\Dev2.IntegrationTests\Dev2.Integration.Tests.csproj]
C:\Users\ultra\warewolf\Dev\Warewolf.Studio.Models\Warewolf.Studio.Models.csproj : warning NU1701: Package 'TaskSchedulerEditor 2.10.1' was restored using '.NETFramework,Version=v4.6.1, .NETFramework,Version=v4.6.2, .NETFramework,Version=v4.7, .NETFramework,Version=v4.7.1, .NETFramework,Version=v4.7.2, .NETFramework,Version=v4.8, .NETFramework,Version=v4.8.1' instead of the project target framework 'net8.0'. This package may not be fully compatible with your project. [C:\Users\ultra\warewolf\Dev\Dev2.IntegrationTests\Dev2.Integration.Tests.csproj]
C:\Users\ultra\warewolf\Dev\Dev2.Diagnostics.Tests\Dev2.Diagnostics.Tests.csproj : warning NU1701: Package 'AeroWizard 2.3.1' was restored using '.NETFramework,Version=v4.6.1, .NETFramework,Version=v4.6.2, .NETFramework,Version=v4.7, .NETFramework,Version=v4.7.1, .NETFramework,Version=v4.7.2, .NETFramework,Version=v4.8, .NETFramework,Version=v4.8.1' instead of the project target framework 'net8.0'. This package may not be fully compatible with your project. [C:\Users\ultra\warewolf\Dev\Dev2.IntegrationTests\Dev2.Integration.Tests.csproj]
C:\Users\ultra\warewolf\Dev\Dev2.Diagnostics.Tests\Dev2.Diagnostics.Tests.csproj : warning NU1701: Package 'GroupControls 1.9.0' was restored using '.NETFramework,Version=v4.6.1, .NETFramework,Version=v4.6.2, .NETFramework,Version=v4.7, .NETFramework,Version=v4.7.1, .NETFramework,Version=v4.7.2, .NETFramework,Version=v4.8, .NETFramework,Version=v4.8.1' instead of the project target framework 'net8.0'. This package may not be fully compatible with your project. [C:\Users\ultra\warewolf\Dev\Dev2.IntegrationTests\Dev2.Integration.Tests.csproj]
C:\Users\ultra\warewolf\Dev\Dev2.Diagnostics.Tests\Dev2.Diagnostics.Tests.csproj : warning NU1701: Package 'Microsoft.Xaml.Behaviors.Wpf 1.1.122' was restored using '.NETFramework,Version=v4.6.1, .NETFramework,Version=v4.6.2, .NETFramework,Version=v4.7, .NETFramework,Version=v4.7.1, .NETFramework,Version=v4.7.2, .NETFramework,Version=v4.8, .NETFramework,Version=v4.8.1' instead of the project target framework 'net8.0'. This package may not be fully compatible with your project. [C:\Users\ultra\warewolf\Dev\Dev2.IntegrationTests\Dev2.Integration.Tests.csproj]
C:\Users\ultra\warewolf\Dev\Dev2.Diagnostics.Tests\Dev2.Diagnostics.Tests.csproj : warning NU1701: Package 'Prism.Wpf 9.0.537' was restored using '.NETFramework,Version=v4.6.1, .NETFramework,Version=v4.6.2, .NETFramework,Version=v4.7, .NETFramework,Version=v4.7.1, .NETFramework,Version=v4.7.2, .NETFramework,Version=v4.8, .NETFramework,Version=v4.8.1' instead of the project target framework 'net8.0'. This package may not be fully compatible with your project. [C:\Users\ultra\warewolf\Dev\Dev2.IntegrationTests\Dev2.Integration.Tests.csproj]
C:\Users\ultra\warewolf\Dev\Dev2.Diagnostics.Tests\Dev2.Diagnostics.Tests.csproj : warning NU1701: Package 'ReactiveUI.WPF 18.4.1' was restored using '.NETFramework,Version=v4.6.1, .NETFramework,Version=v4.6.2, .NETFramework,Version=v4.7, .NETFramework,Version=v4.7.1, .NETFramework,Version=v4.7.2, .NETFramework,Version=v4.8, .NETFramework,Version=v4.8.1' instead of the project target framework 'net8.0'. This package may not be fully compatible with your project. [C:\Users\ultra\warewolf\Dev\Dev2.IntegrationTests\Dev2.Integration.Tests.csproj]
C:\Users\ultra\warewolf\Dev\Dev2.Diagnostics.Tests\Dev2.Diagnostics.Tests.csproj : warning NU1701: Package 'TaskSchedulerEditor 2.10.1' was restored using '.NETFramework,Version=v4.6.1, .NETFramework,Version=v4.6.2, .NETFramework,Version=v4.7, .NETFramework,Version=v4.7.1, .NETFramework,Version=v4.7.2, .NETFramework,Version=v4.8, .NETFramework,Version=v4.8.1' instead of the project target framework 'net8.0'. This package may not be fully compatible with your project. [C:\Users\ultra\warewolf\Dev\Dev2.IntegrationTests\Dev2.Integration.Tests.csproj]
C:\Users\ultra\warewolf\Dev\Warewolf.Common\Warewolf.Common.csproj : warning NU1701: Package 'AeroWizard 2.3.1' was restored using '.NETFramework,Version=v4.6.1, .NETFramework,Version=v4.6.2, .NETFramework,Version=v4.7, .NETFramework,Version=v4.7.1, .NETFramework,Version=v4.7.2, .NETFramework,Version=v4.8, .NETFramework,Version=v4.8.1' instead of the project target framework 'net8.0'. This package may not be fully compatible with your project. [C:\Users\ultra\warewolf\Dev\Dev2.IntegrationTests\Dev2.Integration.Tests.csproj]
C:\Users\ultra\warewolf\Dev\Warewolf.Common\Warewolf.Common.csproj : warning NU1701: Package 'GroupControls 1.9.0' was restored using '.NETFramework,Version=v4.6.1, .NETFramework,Version=v4.6.2, .NETFramework,Version=v4.7, .NETFramework,Version=v4.7.1, .NETFramework,Version=v4.7.2, .NETFramework,Version=v4.8, .NETFramework,Version=v4.8.1' instead of the project target framework 'net8.0'. This package may not be fully compatible with your project. [C:\Users\ultra\warewolf\Dev\Dev2.IntegrationTests\Dev2.Integration.Tests.csproj]
C:\Users\ultra\warewolf\Dev\Warewolf.Common\Warewolf.Common.csproj : warning NU1701: Package 'TaskSchedulerEditor 2.10.1' was restored using '.NETFramework,Version=v4.6.1, .NETFramework,Version=v4.6.2, .NETFramework,Version=v4.7, .NETFramework,Version=v4.7.1, .NETFramework,Version=v4.7.2, .NETFramework,Version=v4.8, .NETFramework,Version=v4.8.1' instead of the project target framework 'net8.0'. This package may not be fully compatible with your project. [C:\Users\ultra\warewolf\Dev\Dev2.IntegrationTests\Dev2.Integration.Tests.csproj]
C:\Users\ultra\warewolf\Dev\Warewolf.Studio.CustomControls\Warewolf.Studio.CustomControls.csproj : warning NU1701: Package 'AeroWizard 2.3.1' was restored using '.NETFramework,Version=v4.6.1, .NETFramework,Version=v4.6.2, .NETFramework,Version=v4.7, .NETFramework,Version=v4.7.1, .NETFramework,Version=v4.7.2, .NETFramework,Version=v4.8, .NETFramework,Version=v4.8.1' instead of the project target framework 'net8.0'. This package may not be fully compatible with your project. [C:\Users\ultra\warewolf\Dev\Dev2.IntegrationTests\Dev2.Integration.Tests.csproj]
C:\Users\ultra\warewolf\Dev\Warewolf.Studio.CustomControls\Warewolf.Studio.CustomControls.csproj : warning NU1701: Package 'GroupControls 1.9.0' was restored using '.NETFramework,Version=v4.6.1, .NETFramework,Version=v4.6.2, .NETFramework,Version=v4.7, .NETFramework,Version=v4.7.1, .NETFramework,Version=v4.7.2, .NETFramework,Version=v4.8, .NETFramework,Version=v4.8.1' instead of the project target framework 'net8.0'. This package may not be fully compatible with your project. [C:\Users\ultra\warewolf\Dev\Dev2.IntegrationTests\Dev2.Integration.Tests.csproj]
C:\Users\ultra\warewolf\Dev\Warewolf.Studio.CustomControls\Warewolf.Studio.CustomControls.csproj : warning NU1701: Package 'Microsoft.Xaml.Behaviors.Wpf 1.1.122' was restored using '.NETFramework,Version=v4.6.1, .NETFramework,Version=v4.6.2, .NETFramework,Version=v4.7, .NETFramework,Version=v4.7.1, .NETFramework,Version=v4.7.2, .NETFramework,Version=v4.8, .NETFramework,Version=v4.8.1' instead of the project target framework 'net8.0'. This package may not be fully compatible with your project. [C:\Users\ultra\warewolf\Dev\Dev2.IntegrationTests\Dev2.Integration.Tests.csproj]
C:\Users\ultra\warewolf\Dev\Warewolf.Studio.CustomControls\Warewolf.Studio.CustomControls.csproj : warning NU1701: Package 'Prism.Wpf 9.0.537' was restored using '.NETFramework,Version=v4.6.1, .NETFramework,Version=v4.6.2, .NETFramework,Version=v4.7, .NETFramework,Version=v4.7.1, .NETFramework,Version=v4.7.2, .NETFramework,Version=v4.8, .NETFramework,Version=v4.8.1' instead of the project target framework 'net8.0'. This package may not be fully compatible with your project. [C:\Users\ultra\warewolf\Dev\Dev2.IntegrationTests\Dev2.Integration.Tests.csproj]
C:\Users\ultra\warewolf\Dev\Warewolf.Studio.CustomControls\Warewolf.Studio.CustomControls.csproj : warning NU1701: Package 'ReactiveUI.WPF 18.4.1' was restored using '.NETFramework,Version=v4.6.1, .NETFramework,Version=v4.6.2, .NETFramework,Version=v4.7, .NETFramework,Version=v4.7.1, .NETFramework,Version=v4.7.2, .NETFramework,Version=v4.8, .NETFramework,Version=v4.8.1' instead of the project target framework 'net8.0'. This package may not be fully compatible with your project. [C:\Users\ultra\warewolf\Dev\Dev2.IntegrationTests\Dev2.Integration.Tests.csproj]
C:\Users\ultra\warewolf\Dev\Warewolf.Studio.CustomControls\Warewolf.Studio.CustomControls.csproj : warning NU1701: Package 'TaskSchedulerEditor 2.10.1' was restored using '.NETFramework,Version=v4.6.1, .NETFramework,Version=v4.6.2, .NETFramework,Version=v4.7, .NETFramework,Version=v4.7.1, .NETFramework,Version=v4.7.2, .NETFramework,Version=v4.8, .NETFramework,Version=v4.8.1' instead of the project target framework 'net8.0'. This package may not be fully compatible with your project. [C:\Users\ultra\warewolf\Dev\Dev2.IntegrationTests\Dev2.Integration.Tests.csproj]
C:\Users\ultra\warewolf\Dev\Dev2.Runtime.Configuration.Tests\Dev2.Runtime.Configuration.Tests.csproj : warning NU1701: Package 'AeroWizard 2.3.1' was restored using '.NETFramework,Version=v4.6.1, .NETFramework,Version=v4.6.2, .NETFramework,Version=v4.7, .NETFramework,Version=v4.7.1, .NETFramework,Version=v4.7.2, .NETFramework,Version=v4.8, .NETFramework,Version=v4.8.1' instead of the project target framework 'net8.0'. This package may not be fully compatible with your project. [C:\Users\ultra\warewolf\Dev\Dev2.IntegrationTests\Dev2.Integration.Tests.csproj]
C:\Users\ultra\warewolf\Dev\Dev2.Runtime.Configuration.Tests\Dev2.Runtime.Configuration.Tests.csproj : warning NU1701: Package 'GroupControls 1.9.0' was restored using '.NETFramework,Version=v4.6.1, .NETFramework,Version=v4.6.2, .NETFramework,Version=v4.7, .NETFramework,Version=v4.7.1, .NETFramework,Version=v4.7.2, .NETFramework,Version=v4.8, .NETFramework,Version=v4.8.1' instead of the project target framework 'net8.0'. This package may not be fully compatible with your project. [C:\Users\ultra\warewolf\Dev\Dev2.IntegrationTests\Dev2.Integration.Tests.csproj]
C:\Users\ultra\warewolf\Dev\Dev2.Runtime.Configuration.Tests\Dev2.Runtime.Configuration.Tests.csproj : warning NU1701: Package 'TaskSchedulerEditor 2.10.1' was restored using '.NETFramework,Version=v4.6.1, .NETFramework,Version=v4.6.2, .NETFramework,Version=v4.7, .NETFramework,Version=v4.7.1, .NETFramework,Version=v4.7.2, .NETFramework,Version=v4.8, .NETFramework,Version=v4.8.1' instead of the project target framework 'net8.0'. This package may not be fully compatible with your project. [C:\Users\ultra\warewolf\Dev\Dev2.IntegrationTests\Dev2.Integration.Tests.csproj]
C:\Users\ultra\warewolf\Dev\Warewolf.Studio.AntiCorruptionLayer\Warewolf.Studio.AntiCorruptionLayer.csproj : warning NU1701: Package 'AeroWizard 2.3.1' was restored using '.NETFramework,Version=v4.6.1, .NETFramework,Version=v4.6.2, .NETFramework,Version=v4.7, .NETFramework,Version=v4.7.1, .NETFramework,Version=v4.7.2, .NETFramework,Version=v4.8, .NETFramework,Version=v4.8.1' instead of the project target framework 'net8.0'. This package may not be fully compatible with your project. [C:\Users\ultra\warewolf\Dev\Dev2.IntegrationTests\Dev2.Integration.Tests.csproj]
C:\Users\ultra\warewolf\Dev\Warewolf.Studio.AntiCorruptionLayer\Warewolf.Studio.AntiCorruptionLayer.csproj : warning NU1701: Package 'GroupControls 1.9.0' was restored using '.NETFramework,Version=v4.6.1, .NETFramework,Version=v4.6.2, .NETFramework,Version=v4.7, .NETFramework,Version=v4.7.1, .NETFramework,Version=v4.7.2, .NETFramework,Version=v4.8, .NETFramework,Version=v4.8.1' instead of the project target framework 'net8.0'. This package may not be fully compatible with your project. [C:\Users\ultra\warewolf\Dev\Dev2.IntegrationTests\Dev2.Integration.Tests.csproj]
C:\Users\ultra\warewolf\Dev\Warewolf.Studio.AntiCorruptionLayer\Warewolf.Studio.AntiCorruptionLayer.csproj : warning NU1701: Package 'Microsoft.Xaml.Behaviors.Wpf 1.1.122' was restored using '.NETFramework,Version=v4.6.1, .NETFramework,Version=v4.6.2, .NETFramework,Version=v4.7, .NETFramework,Version=v4.7.1, .NETFramework,Version=v4.7.2, .NETFramework,Version=v4.8, .NETFramework,Version=v4.8.1' instead of the project target framework 'net8.0'. This package may not be fully compatible with your project. [C:\Users\ultra\warewolf\Dev\Dev2.IntegrationTests\Dev2.Integration.Tests.csproj]
C:\Users\ultra\warewolf\Dev\Warewolf.Studio.AntiCorruptionLayer\Warewolf.Studio.AntiCorruptionLayer.csproj : warning NU1701: Package 'Prism.Wpf 9.0.537' was restored using '.NETFramework,Version=v4.6.1, .NETFramework,Version=v4.6.2, .NETFramework,Version=v4.7, .NETFramework,Version=v4.7.1, .NETFramework,Version=v4.7.2, .NETFramework,Version=v4.8, .NETFramework,Version=v4.8.1' instead of the project target framework 'net8.0'. This package may not be fully compatible with your project. [C:\Users\ultra\warewolf\Dev\Dev2.IntegrationTests\Dev2.Integration.Tests.csproj]
C:\Users\ultra\warewolf\Dev\Warewolf.Studio.AntiCorruptionLayer\Warewolf.Studio.AntiCorruptionLayer.csproj : warning NU1701: Package 'ReactiveUI.WPF 18.4.1' was restored using '.NETFramework,Version=v4.6.1, .NETFramework,Version=v4.6.2, .NETFramework,Version=v4.7, .NETFramework,Version=v4.7.1, .NETFramework,Version=v4.7.2, .NETFramework,Version=v4.8, .NETFramework,Version=v4.8.1' instead of the project target framework 'net8.0'. This package may not be fully compatible with your project. [C:\Users\ultra\warewolf\Dev\Dev2.IntegrationTests\Dev2.Integration.Tests.csproj]
C:\Users\ultra\warewolf\Dev\Warewolf.Studio.AntiCorruptionLayer\Warewolf.Studio.AntiCorruptionLayer.csproj : warning NU1701: Package 'TaskSchedulerEditor 2.10.1' was restored using '.NETFramework,Version=v4.6.1, .NETFramework,Version=v4.6.2, .NETFramework,Version=v4.7, .NETFramework,Version=v4.7.1, .NETFramework,Version=v4.7.2, .NETFramework,Version=v4.8, .NETFramework,Version=v4.8.1' instead of the project target framework 'net8.0'. This package may not be fully compatible with your project. [C:\Users\ultra\warewolf\Dev\Dev2.IntegrationTests\Dev2.Integration.Tests.csproj]
C:\Users\ultra\warewolf\Dev\Dev2.Util\Dev2.Util.csproj : warning NU1903: Package 'Microsoft.Windows.Compatibility' 6.0.0 has a known high severity vulnerability, https://github.com/advisories/GHSA-555c-2p6r-68mm [C:\Users\ultra\warewolf\Dev\Dev2.IntegrationTests\Dev2.Integration.Tests.csproj]
C:\Users\ultra\warewolf\Dev\Dev2.Util\Dev2.Util.csproj : warning NU1701: Package 'AeroWizard 2.3.1' was restored using '.NETFramework,Version=v4.6.1, .NETFramework,Version=v4.6.2, .NETFramework,Version=v4.7, .NETFramework,Version=v4.7.1, .NETFramework,Version=v4.7.2, .NETFramework,Version=v4.8, .NETFramework,Version=v4.8.1' instead of the project target framework 'net8.0'. This package may not be fully compatible with your project. [C:\Users\ultra\warewolf\Dev\Dev2.IntegrationTests\Dev2.Integration.Tests.csproj]
C:\Users\ultra\warewolf\Dev\Dev2.Util\Dev2.Util.csproj : warning NU1701: Package 'GroupControls 1.9.0' was restored using '.NETFramework,Version=v4.6.1, .NETFramework,Version=v4.6.2, .NETFramework,Version=v4.7, .NETFramework,Version=v4.7.1, .NETFramework,Version=v4.7.2, .NETFramework,Version=v4.8, .NETFramework,Version=v4.8.1' instead of the project target framework 'net8.0'. This package may not be fully compatible with your project. [C:\Users\ultra\warewolf\Dev\Dev2.IntegrationTests\Dev2.Integration.Tests.csproj]
C:\Users\ultra\warewolf\Dev\Dev2.Util\Dev2.Util.csproj : warning NU1701: Package 'TaskSchedulerEditor 2.10.1' was restored using '.NETFramework,Version=v4.6.1, .NETFramework,Version=v4.6.2, .NETFramework,Version=v4.7, .NETFramework,Version=v4.7.1, .NETFramework,Version=v4.7.2, .NETFramework,Version=v4.8, .NETFramework,Version=v4.8.1' instead of the project target framework 'net8.0'. This package may not be fully compatible with your project. [C:\Users\ultra\warewolf\Dev\Dev2.IntegrationTests\Dev2.Integration.Tests.csproj]
C:\Users\ultra\warewolf\Dev\Warewolf.Common.NetStandard20\Warewolf.Common.NetStandard20.csproj : warning NU1701: Package 'AeroWizard 2.3.1' was restored using '.NETFramework,Version=v4.6.1, .NETFramework,Version=v4.6.2, .NETFramework,Version=v4.7, .NETFramework,Version=v4.7.1, .NETFramework,Version=v4.7.2, .NETFramework,Version=v4.8, .NETFramework,Version=v4.8.1' instead of the project target framework 'net8.0'. This package may not be fully compatible with your project. [C:\Users\ultra\warewolf\Dev\Dev2.IntegrationTests\Dev2.Integration.Tests.csproj]
C:\Users\ultra\warewolf\Dev\Warewolf.Common.NetStandard20\Warewolf.Common.NetStandard20.csproj : warning NU1701: Package 'GroupControls 1.9.0' was restored using '.NETFramework,Version=v4.6.1, .NETFramework,Version=v4.6.2, .NETFramework,Version=v4.7, .NETFramework,Version=v4.7.1, .NETFramework,Version=v4.7.2, .NETFramework,Version=v4.8, .NETFramework,Version=v4.8.1' instead of the project target framework 'net8.0'. This package may not be fully compatible with your project. [C:\Users\ultra\warewolf\Dev\Dev2.IntegrationTests\Dev2.Integration.Tests.csproj]
C:\Users\ultra\warewolf\Dev\Warewolf.Common.NetStandard20\Warewolf.Common.NetStandard20.csproj : warning NU1701: Package 'ReactiveUI.WPF 18.4.1' was restored using '.NETFramework,Version=v4.6.1, .NETFramework,Version=v4.6.2, .NETFramework,Version=v4.7, .NETFramework,Version=v4.7.1, .NETFramework,Version=v4.7.2, .NETFramework,Version=v4.8, .NETFramework,Version=v4.8.1' instead of the project target framework 'net8.0'. This package may not be fully compatible with your project. [C:\Users\ultra\warewolf\Dev\Dev2.IntegrationTests\Dev2.Integration.Tests.csproj]
C:\Users\ultra\warewolf\Dev\Warewolf.Common.NetStandard20\Warewolf.Common.NetStandard20.csproj : warning NU1701: Package 'TaskSchedulerEditor 2.10.1' was restored using '.NETFramework,Version=v4.6.1, .NETFramework,Version=v4.6.2, .NETFramework,Version=v4.7, .NETFramework,Version=v4.7.1, .NETFramework,Version=v4.7.2, .NETFramework,Version=v4.8, .NETFramework,Version=v4.8.1' instead of the project target framework 'net8.0'. This package may not be fully compatible with your project. [C:\Users\ultra\warewolf\Dev\Dev2.IntegrationTests\Dev2.Integration.Tests.csproj]
C:\Users\ultra\warewolf\Dev\Warewolf.Auditing\Warewolf.Auditing.csproj : warning NU1701: Package 'AeroWizard 2.3.1' was restored using '.NETFramework,Version=v4.6.1, .NETFramework,Version=v4.6.2, .NETFramework,Version=v4.7, .NETFramework,Version=v4.7.1, .NETFramework,Version=v4.7.2, .NETFramework,Version=v4.8, .NETFramework,Version=v4.8.1' instead of the project target framework 'net8.0'. This package may not be fully compatible with your project. [C:\Users\ultra\warewolf\Dev\Dev2.IntegrationTests\Dev2.Integration.Tests.csproj]
C:\Users\ultra\warewolf\Dev\Warewolf.Auditing\Warewolf.Auditing.csproj : warning NU1701: Package 'GroupControls 1.9.0' was restored using '.NETFramework,Version=v4.6.1, .NETFramework,Version=v4.6.2, .NETFramework,Version=v4.7, .NETFramework,Version=v4.7.1, .NETFramework,Version=v4.7.2, .NETFramework,Version=v4.8, .NETFramework,Version=v4.8.1' instead of the project target framework 'net8.0'. This package may not be fully compatible with your project. [C:\Users\ultra\warewolf\Dev\Dev2.IntegrationTests\Dev2.Integration.Tests.csproj]
C:\Users\ultra\warewolf\Dev\Warewolf.Auditing\Warewolf.Auditing.csproj : warning NU1701: Package 'ReactiveUI.WPF 18.4.1' was restored using '.NETFramework,Version=v4.6.1, .NETFramework,Version=v4.6.2, .NETFramework,Version=v4.7, .NETFramework,Version=v4.7.1, .NETFramework,Version=v4.7.2, .NETFramework,Version=v4.8, .NETFramework,Version=v4.8.1' instead of the project target framework 'net8.0'. This package may not be fully compatible with your project. [C:\Users\ultra\warewolf\Dev\Dev2.IntegrationTests\Dev2.Integration.Tests.csproj]
C:\Users\ultra\warewolf\Dev\Warewolf.Auditing\Warewolf.Auditing.csproj : warning NU1701: Package 'TaskSchedulerEditor 2.10.1' was restored using '.NETFramework,Version=v4.6.1, .NETFramework,Version=v4.6.2, .NETFramework,Version=v4.7, .NETFramework,Version=v4.7.1, .NETFramework,Version=v4.7.2, .NETFramework,Version=v4.8, .NETFramework,Version=v4.8.1' instead of the project target framework 'net8.0'. This package may not be fully compatible with your project. [C:\Users\ultra\warewolf\Dev\Dev2.IntegrationTests\Dev2.Integration.Tests.csproj]
C:\Users\ultra\warewolf\Dev\Dev2.TaskScheduler.Wrappers\Dev2.TaskScheduler.Wrappers.csproj : warning NU1701: Package 'AeroWizard 2.3.1' was restored using '.NETFramework,Version=v4.6.1, .NETFramework,Version=v4.6.2, .NETFramework,Version=v4.7, .NETFramework,Version=v4.7.1, .NETFramework,Version=v4.7.2, .NETFramework,Version=v4.8, .NETFramework,Version=v4.8.1' instead of the project target framework 'net8.0'. This package may not be fully compatible with your project. [C:\Users\ultra\warewolf\Dev\Dev2.IntegrationTests\Dev2.Integration.Tests.csproj]
C:\Users\ultra\warewolf\Dev\Dev2.TaskScheduler.Wrappers\Dev2.TaskScheduler.Wrappers.csproj : warning NU1701: Package 'GroupControls 1.9.0' was restored using '.NETFramework,Version=v4.6.1, .NETFramework,Version=v4.6.2, .NETFramework,Version=v4.7, .NETFramework,Version=v4.7.1, .NETFramework,Version=v4.7.2, .NETFramework,Version=v4.8, .NETFramework,Version=v4.8.1' instead of the project target framework 'net8.0'. This package may not be fully compatible with your project. [C:\Users\ultra\warewolf\Dev\Dev2.IntegrationTests\Dev2.Integration.Tests.csproj]
C:\Users\ultra\warewolf\Dev\Dev2.TaskScheduler.Wrappers\Dev2.TaskScheduler.Wrappers.csproj : warning NU1701: Package 'TaskSchedulerEditor 2.10.1' was restored using '.NETFramework,Version=v4.6.1, .NETFramework,Version=v4.6.2, .NETFramework,Version=v4.7, .NETFramework,Version=v4.7.1, .NETFramework,Version=v4.7.2, .NETFramework,Version=v4.8, .NETFramework,Version=v4.8.1' instead of the project target framework 'net8.0'. This package may not be fully compatible with your project. [C:\Users\ultra\warewolf\Dev\Dev2.IntegrationTests\Dev2.Integration.Tests.csproj]
C:\Users\ultra\warewolf\Dev\Dev2.Intellisense\Dev2.Intellisense.csproj : warning NU1701: Package 'AeroWizard 2.3.1' was restored using '.NETFramework,Version=v4.6.1, .NETFramework,Version=v4.6.2, .NETFramework,Version=v4.7, .NETFramework,Version=v4.7.1, .NETFramework,Version=v4.7.2, .NETFramework,Version=v4.8, .NETFramework,Version=v4.8.1' instead of the project target framework 'net8.0'. This package may not be fully compatible with your project. [C:\Users\ultra\warewolf\Dev\Dev2.IntegrationTests\Dev2.Integration.Tests.csproj]
C:\Users\ultra\warewolf\Dev\Dev2.Intellisense\Dev2.Intellisense.csproj : warning NU1701: Package 'GroupControls 1.9.0' was restored using '.NETFramework,Version=v4.6.1, .NETFramework,Version=v4.6.2, .NETFramework,Version=v4.7, .NETFramework,Version=v4.7.1, .NETFramework,Version=v4.7.2, .NETFramework,Version=v4.8, .NETFramework,Version=v4.8.1' instead of the project target framework 'net8.0'. This package may not be fully compatible with your project. [C:\Users\ultra\warewolf\Dev\Dev2.IntegrationTests\Dev2.Integration.Tests.csproj]
C:\Users\ultra\warewolf\Dev\Dev2.Intellisense\Dev2.Intellisense.csproj : warning NU1701: Package 'Microsoft.Xaml.Behaviors.Wpf 1.1.122' was restored using '.NETFramework,Version=v4.6.1, .NETFramework,Version=v4.6.2, .NETFramework,Version=v4.7, .NETFramework,Version=v4.7.1, .NETFramework,Version=v4.7.2, .NETFramework,Version=v4.8, .NETFramework,Version=v4.8.1' instead of the project target framework 'net8.0'. This package may not be fully compatible with your project. [C:\Users\ultra\warewolf\Dev\Dev2.IntegrationTests\Dev2.Integration.Tests.csproj]
C:\Users\ultra\warewolf\Dev\Dev2.Intellisense\Dev2.Intellisense.csproj : warning NU1701: Package 'Prism.Wpf 9.0.537' was restored using '.NETFramework,Version=v4.6.1, .NETFramework,Version=v4.6.2, .NETFramework,Version=v4.7, .NETFramework,Version=v4.7.1, .NETFramework,Version=v4.7.2, .NETFramework,Version=v4.8, .NETFramework,Version=v4.8.1' instead of the project target framework 'net8.0'. This package may not be fully compatible with your project. [C:\Users\ultra\warewolf\Dev\Dev2.IntegrationTests\Dev2.Integration.Tests.csproj]
C:\Users\ultra\warewolf\Dev\Dev2.Intellisense\Dev2.Intellisense.csproj : warning NU1701: Package 'ReactiveUI.WPF 18.4.1' was restored using '.NETFramework,Version=v4.6.1, .NETFramework,Version=v4.6.2, .NETFramework,Version=v4.7, .NETFramework,Version=v4.7.1, .NETFramework,Version=v4.7.2, .NETFramework,Version=v4.8, .NETFramework,Version=v4.8.1' instead of the project target framework 'net8.0'. This package may not be fully compatible with your project. [C:\Users\ultra\warewolf\Dev\Dev2.IntegrationTests\Dev2.Integration.Tests.csproj]
C:\Users\ultra\warewolf\Dev\Dev2.Intellisense\Dev2.Intellisense.csproj : warning NU1701: Package 'TaskSchedulerEditor 2.10.1' was restored using '.NETFramework,Version=v4.6.1, .NETFramework,Version=v4.6.2, .NETFramework,Version=v4.7, .NETFramework,Version=v4.7.1, .NETFramework,Version=v4.7.2, .NETFramework,Version=v4.8, .NETFramework,Version=v4.8.1' instead of the project target framework 'net8.0'. This package may not be fully compatible with your project. [C:\Users\ultra\warewolf\Dev\Dev2.IntegrationTests\Dev2.Integration.Tests.csproj]
C:\Users\ultra\warewolf\Dev\Warewolf.Core.Tests\Warewolf.Core.Tests.csproj : warning NU1701: Package 'AeroWizard 2.3.1' was restored using '.NETFramework,Version=v4.6.1, .NETFramework,Version=v4.6.2, .NETFramework,Version=v4.7, .NETFramework,Version=v4.7.1, .NETFramework,Version=v4.7.2, .NETFramework,Version=v4.8, .NETFramework,Version=v4.8.1' instead of the project target framework 'net8.0'. This package may not be fully compatible with your project. [C:\Users\ultra\warewolf\Dev\Dev2.IntegrationTests\Dev2.Integration.Tests.csproj]
C:\Users\ultra\warewolf\Dev\Warewolf.Core.Tests\Warewolf.Core.Tests.csproj : warning NU1701: Package 'GroupControls 1.9.0' was restored using '.NETFramework,Version=v4.6.1, .NETFramework,Version=v4.6.2, .NETFramework,Version=v4.7, .NETFramework,Version=v4.7.1, .NETFramework,Version=v4.7.2, .NETFramework,Version=v4.8, .NETFramework,Version=v4.8.1' instead of the project target framework 'net8.0'. This package may not be fully compatible with your project. [C:\Users\ultra\warewolf\Dev\Dev2.IntegrationTests\Dev2.Integration.Tests.csproj]
C:\Users\ultra\warewolf\Dev\Warewolf.Core.Tests\Warewolf.Core.Tests.csproj : warning NU1701: Package 'Microsoft.Xaml.Behaviors.Wpf 1.1.122' was restored using '.NETFramework,Version=v4.6.1, .NETFramework,Version=v4.6.2, .NETFramework,Version=v4.7, .NETFramework,Version=v4.7.1, .NETFramework,Version=v4.7.2, .NETFramework,Version=v4.8, .NETFramework,Version=v4.8.1' instead of the project target framework 'net8.0'. This package may not be fully compatible with your project. [C:\Users\ultra\warewolf\Dev\Dev2.IntegrationTests\Dev2.Integration.Tests.csproj]
C:\Users\ultra\warewolf\Dev\Warewolf.Core.Tests\Warewolf.Core.Tests.csproj : warning NU1701: Package 'Prism.Wpf 9.0.537' was restored using '.NETFramework,Version=v4.6.1, .NETFramework,Version=v4.6.2, .NETFramework,Version=v4.7, .NETFramework,Version=v4.7.1, .NETFramework,Version=v4.7.2, .NETFramework,Version=v4.8, .NETFramework,Version=v4.8.1' instead of the project target framework 'net8.0'. This package may not be fully compatible with your project. [C:\Users\ultra\warewolf\Dev\Dev2.IntegrationTests\Dev2.Integration.Tests.csproj]
C:\Users\ultra\warewolf\Dev\Warewolf.Core.Tests\Warewolf.Core.Tests.csproj : warning NU1701: Package 'ReactiveUI.WPF 18.4.1' was restored using '.NETFramework,Version=v4.6.1, .NETFramework,Version=v4.6.2, .NETFramework,Version=v4.7, .NETFramework,Version=v4.7.1, .NETFramework,Version=v4.7.2, .NETFramework,Version=v4.8, .NETFramework,Version=v4.8.1' instead of the project target framework 'net8.0'. This package may not be fully compatible with your project. [C:\Users\ultra\warewolf\Dev\Dev2.IntegrationTests\Dev2.Integration.Tests.csproj]
C:\Users\ultra\warewolf\Dev\Dev2.Activities.Designers\Dev2.Activities.Designers.csproj : warning NU1701: Package 'AeroWizard 2.3.1' was restored using '.NETFramework,Version=v4.6.1, .NETFramework,Version=v4.6.2, .NETFramework,Version=v4.7, .NETFramework,Version=v4.7.1, .NETFramework,Version=v4.7.2, .NETFramework,Version=v4.8, .NETFramework,Version=v4.8.1' instead of the project target framework 'net8.0'. This package may not be fully compatible with your project. [C:\Users\ultra\warewolf\Dev\Dev2.IntegrationTests\Dev2.Integration.Tests.csproj]
C:\Users\ultra\warewolf\Dev\Warewolf.Core.Tests\Warewolf.Core.Tests.csproj : warning NU1701: Package 'TaskSchedulerEditor 2.10.1' was restored using '.NETFramework,Version=v4.6.1, .NETFramework,Version=v4.6.2, .NETFramework,Version=v4.7, .NETFramework,Version=v4.7.1, .NETFramework,Version=v4.7.2, .NETFramework,Version=v4.8, .NETFramework,Version=v4.8.1' instead of the project target framework 'net8.0'. This package may not be fully compatible with your project. [C:\Users\ultra\warewolf\Dev\Dev2.IntegrationTests\Dev2.Integration.Tests.csproj]
C:\Users\ultra\warewolf\Dev\Dev2.Activities.Designers\Dev2.Activities.Designers.csproj : warning NU1701: Package 'GroupControls 1.9.0' was restored using '.NETFramework,Version=v4.6.1, .NETFramework,Version=v4.6.2, .NETFramework,Version=v4.7, .NETFramework,Version=v4.7.1, .NETFramework,Version=v4.7.2, .NETFramework,Version=v4.8, .NETFramework,Version=v4.8.1' instead of the project target framework 'net8.0'. This package may not be fully compatible with your project. [C:\Users\ultra\warewolf\Dev\Dev2.IntegrationTests\Dev2.Integration.Tests.csproj]
C:\Users\ultra\warewolf\Dev\Dev2.Activities.Designers\Dev2.Activities.Designers.csproj : warning NU1701: Package 'Microsoft.Xaml.Behaviors.Wpf 1.1.122' was restored using '.NETFramework,Version=v4.6.1, .NETFramework,Version=v4.6.2, .NETFramework,Version=v4.7, .NETFramework,Version=v4.7.1, .NETFramework,Version=v4.7.2, .NETFramework,Version=v4.8, .NETFramework,Version=v4.8.1' instead of the project target framework 'net8.0'. This package may not be fully compatible with your project. [C:\Users\ultra\warewolf\Dev\Dev2.IntegrationTests\Dev2.Integration.Tests.csproj]
C:\Users\ultra\warewolf\Dev\Dev2.Activities.Designers\Dev2.Activities.Designers.csproj : warning NU1701: Package 'Prism.Wpf 9.0.537' was restored using '.NETFramework,Version=v4.6.1, .NETFramework,Version=v4.6.2, .NETFramework,Version=v4.7, .NETFramework,Version=v4.7.1, .NETFramework,Version=v4.7.2, .NETFramework,Version=v4.8, .NETFramework,Version=v4.8.1' instead of the project target framework 'net8.0'. This package may not be fully compatible with your project. [C:\Users\ultra\warewolf\Dev\Dev2.IntegrationTests\Dev2.Integration.Tests.csproj]
C:\Users\ultra\warewolf\Dev\Dev2.Activities.Designers\Dev2.Activities.Designers.csproj : warning NU1701: Package 'ReactiveUI.WPF 18.4.1' was restored using '.NETFramework,Version=v4.6.1, .NETFramework,Version=v4.6.2, .NETFramework,Version=v4.7, .NETFramework,Version=v4.7.1, .NETFramework,Version=v4.7.2, .NETFramework,Version=v4.8, .NETFramework,Version=v4.8.1' instead of the project target framework 'net8.0'. This package may not be fully compatible with your project. [C:\Users\ultra\warewolf\Dev\Dev2.IntegrationTests\Dev2.Integration.Tests.csproj]
C:\Users\ultra\warewolf\Dev\Dev2.Activities.Designers\Dev2.Activities.Designers.csproj : warning NU1701: Package 'TaskSchedulerEditor 2.10.1' was restored using '.NETFramework,Version=v4.6.1, .NETFramework,Version=v4.6.2, .NETFramework,Version=v4.7, .NETFramework,Version=v4.7.1, .NETFramework,Version=v4.7.2, .NETFramework,Version=v4.8, .NETFramework,Version=v4.8.1' instead of the project target framework 'net8.0'. This package may not be fully compatible with your project. [C:\Users\ultra\warewolf\Dev\Dev2.IntegrationTests\Dev2.Integration.Tests.csproj]
C:\Users\ultra\warewolf\Dev\Warewolf.Common.Framework48\Warewolf.Common.Framework48.csproj : warning NU1902: Package 'System.IdentityModel.Tokens.Jwt' 5.1.0 has a known moderate severity vulnerability, https://github.com/advisories/GHSA-59j7-ghrg-fj52 [C:\Users\ultra\warewolf\Dev\Dev2.IntegrationTests\Dev2.Integration.Tests.csproj]
C:\Users\ultra\warewolf\Dev\Warewolf.Common.Framework48\Warewolf.Common.Framework48.csproj : warning NU1701: Package 'AeroWizard 2.3.1' was restored using '.NETFramework,Version=v4.6.1, .NETFramework,Version=v4.6.2, .NETFramework,Version=v4.7, .NETFramework,Version=v4.7.1, .NETFramework,Version=v4.7.2, .NETFramework,Version=v4.8, .NETFramework,Version=v4.8.1' instead of the project target framework 'net8.0'. This package may not be fully compatible with your project. [C:\Users\ultra\warewolf\Dev\Dev2.IntegrationTests\Dev2.Integration.Tests.csproj]
C:\Users\ultra\warewolf\Dev\Warewolf.Common.Framework48\Warewolf.Common.Framework48.csproj : warning NU1701: Package 'GroupControls 1.9.0' was restored using '.NETFramework,Version=v4.6.1, .NETFramework,Version=v4.6.2, .NETFramework,Version=v4.7, .NETFramework,Version=v4.7.1, .NETFramework,Version=v4.7.2, .NETFramework,Version=v4.8, .NETFramework,Version=v4.8.1' instead of the project target framework 'net8.0'. This package may not be fully compatible with your project. [C:\Users\ultra\warewolf\Dev\Dev2.IntegrationTests\Dev2.Integration.Tests.csproj]
C:\Users\ultra\warewolf\Dev\Warewolf.Common.Framework48\Warewolf.Common.Framework48.csproj : warning NU1701: Package 'Microsoft.Xaml.Behaviors.Wpf 1.1.122' was restored using '.NETFramework,Version=v4.6.1, .NETFramework,Version=v4.6.2, .NETFramework,Version=v4.7, .NETFramework,Version=v4.7.1, .NETFramework,Version=v4.7.2, .NETFramework,Version=v4.8, .NETFramework,Version=v4.8.1' instead of the project target framework 'net8.0'. This package may not be fully compatible with your project. [C:\Users\ultra\warewolf\Dev\Dev2.IntegrationTests\Dev2.Integration.Tests.csproj]
C:\Users\ultra\warewolf\Dev\Warewolf.Common.Framework48\Warewolf.Common.Framework48.csproj : warning NU1701: Package 'Prism.Wpf 9.0.537' was restored using '.NETFramework,Version=v4.6.1, .NETFramework,Version=v4.6.2, .NETFramework,Version=v4.7, .NETFramework,Version=v4.7.1, .NETFramework,Version=v4.7.2, .NETFramework,Version=v4.8, .NETFramework,Version=v4.8.1' instead of the project target framework 'net8.0'. This package may not be fully compatible with your project. [C:\Users\ultra\warewolf\Dev\Dev2.IntegrationTests\Dev2.Integration.Tests.csproj]
C:\Users\ultra\warewolf\Dev\Warewolf.Common.Framework48\Warewolf.Common.Framework48.csproj : warning NU1701: Package 'ReactiveUI.WPF 18.4.1' was restored using '.NETFramework,Version=v4.6.1, .NETFramework,Version=v4.6.2, .NETFramework,Version=v4.7, .NETFramework,Version=v4.7.1, .NETFramework,Version=v4.7.2, .NETFramework,Version=v4.8, .NETFramework,Version=v4.8.1' instead of the project target framework 'net8.0'. This package may not be fully compatible with your project. [C:\Users\ultra\warewolf\Dev\Dev2.IntegrationTests\Dev2.Integration.Tests.csproj]
C:\Users\ultra\warewolf\Dev\Warewolf.Common.Framework48\Warewolf.Common.Framework48.csproj : warning NU1701: Package 'TaskSchedulerEditor 2.10.1' was restored using '.NETFramework,Version=v4.6.1, .NETFramework,Version=v4.6.2, .NETFramework,Version=v4.7, .NETFramework,Version=v4.7.1, .NETFramework,Version=v4.7.2, .NETFramework,Version=v4.8, .NETFramework,Version=v4.8.1' instead of the project target framework 'net8.0'. This package may not be fully compatible with your project. [C:\Users\ultra\warewolf\Dev\Dev2.IntegrationTests\Dev2.Integration.Tests.csproj]
C:\Users\ultra\warewolf\Dev\Dev2.Infrastructure\Dev2.Infrastructure.csproj : warning NU1903: Package 'Microsoft.Windows.Compatibility' 6.0.0 has a known high severity vulnerability, https://github.com/advisories/GHSA-555c-2p6r-68mm [C:\Users\ultra\warewolf\Dev\Dev2.IntegrationTests\Dev2.Integration.Tests.csproj]
C:\Users\ultra\warewolf\Dev\Dev2.Infrastructure\Dev2.Infrastructure.csproj : warning NU1701: Package 'AeroWizard 2.3.1' was restored using '.NETFramework,Version=v4.6.1, .NETFramework,Version=v4.6.2, .NETFramework,Version=v4.7, .NETFramework,Version=v4.7.1, .NETFramework,Version=v4.7.2, .NETFramework,Version=v4.8, .NETFramework,Version=v4.8.1' instead of the project target framework 'net8.0'. This package may not be fully compatible with your project. [C:\Users\ultra\warewolf\Dev\Dev2.IntegrationTests\Dev2.Integration.Tests.csproj]
C:\Users\ultra\warewolf\Dev\Dev2.Infrastructure\Dev2.Infrastructure.csproj : warning NU1701: Package 'GroupControls 1.9.0' was restored using '.NETFramework,Version=v4.6.1, .NETFramework,Version=v4.6.2, .NETFramework,Version=v4.7, .NETFramework,Version=v4.7.1, .NETFramework,Version=v4.7.2, .NETFramework,Version=v4.8, .NETFramework,Version=v4.8.1' instead of the project target framework 'net8.0'. This package may not be fully compatible with your project. [C:\Users\ultra\warewolf\Dev\Dev2.IntegrationTests\Dev2.Integration.Tests.csproj]
C:\Users\ultra\warewolf\Dev\Dev2.Infrastructure\Dev2.Infrastructure.csproj : warning NU1701: Package 'ReactiveUI.WPF 18.4.1' was restored using '.NETFramework,Version=v4.6.1, .NETFramework,Version=v4.6.2, .NETFramework,Version=v4.7, .NETFramework,Version=v4.7.1, .NETFramework,Version=v4.7.2, .NETFramework,Version=v4.8, .NETFramework,Version=v4.8.1' instead of the project target framework 'net8.0'. This package may not be fully compatible with your project. [C:\Users\ultra\warewolf\Dev\Dev2.IntegrationTests\Dev2.Integration.Tests.csproj]
C:\Users\ultra\warewolf\Dev\Dev2.Infrastructure\Dev2.Infrastructure.csproj : warning NU1701: Package 'TaskSchedulerEditor 2.10.1' was restored using '.NETFramework,Version=v4.6.1, .NETFramework,Version=v4.6.2, .NETFramework,Version=v4.7, .NETFramework,Version=v4.7.1, .NETFramework,Version=v4.7.2, .NETFramework,Version=v4.8, .NETFramework,Version=v4.8.1' instead of the project target framework 'net8.0'. This package may not be fully compatible with your project. [C:\Users\ultra\warewolf\Dev\Dev2.IntegrationTests\Dev2.Integration.Tests.csproj]
C:\Users\ultra\warewolf\Dev\Dev2.Activities.Tests\Dev2.Activities.Tests.csproj : warning NU1701: Package 'AeroWizard 2.3.1' was restored using '.NETFramework,Version=v4.6.1, .NETFramework,Version=v4.6.2, .NETFramework,Version=v4.7, .NETFramework,Version=v4.7.1, .NETFramework,Version=v4.7.2, .NETFramework,Version=v4.8, .NETFramework,Version=v4.8.1' instead of the project target framework 'net8.0'. This package may not be fully compatible with your project. [C:\Users\ultra\warewolf\Dev\Dev2.IntegrationTests\Dev2.Integration.Tests.csproj]
C:\Users\ultra\warewolf\Dev\Dev2.Activities.Tests\Dev2.Activities.Tests.csproj : warning NU1701: Package 'GroupControls 1.9.0' was restored using '.NETFramework,Version=v4.6.1, .NETFramework,Version=v4.6.2, .NETFramework,Version=v4.7, .NETFramework,Version=v4.7.1, .NETFramework,Version=v4.7.2, .NETFramework,Version=v4.8, .NETFramework,Version=v4.8.1' instead of the project target framework 'net8.0'. This package may not be fully compatible with your project. [C:\Users\ultra\warewolf\Dev\Dev2.IntegrationTests\Dev2.Integration.Tests.csproj]
C:\Users\ultra\warewolf\Dev\Dev2.Activities.Tests\Dev2.Activities.Tests.csproj : warning NU1701: Package 'Microsoft.Xaml.Behaviors.Wpf 1.1.122' was restored using '.NETFramework,Version=v4.6.1, .NETFramework,Version=v4.6.2, .NETFramework,Version=v4.7, .NETFramework,Version=v4.7.1, .NETFramework,Version=v4.7.2, .NETFramework,Version=v4.8, .NETFramework,Version=v4.8.1' instead of the project target framework 'net8.0'. This package may not be fully compatible with your project. [C:\Users\ultra\warewolf\Dev\Dev2.IntegrationTests\Dev2.Integration.Tests.csproj]
C:\Users\ultra\warewolf\Dev\Dev2.Activities.Tests\Dev2.Activities.Tests.csproj : warning NU1701: Package 'Prism.Wpf 9.0.537' was restored using '.NETFramework,Version=v4.6.1, .NETFramework,Version=v4.6.2, .NETFramework,Version=v4.7, .NETFramework,Version=v4.7.1, .NETFramework,Version=v4.7.2, .NETFramework,Version=v4.8, .NETFramework,Version=v4.8.1' instead of the project target framework 'net8.0'. This package may not be fully compatible with your project. [C:\Users\ultra\warewolf\Dev\Dev2.IntegrationTests\Dev2.Integration.Tests.csproj]
C:\Users\ultra\warewolf\Dev\Dev2.Activities.Tests\Dev2.Activities.Tests.csproj : warning NU1701: Package 'ReactiveUI.WPF 18.4.1' was restored using '.NETFramework,Version=v4.6.1, .NETFramework,Version=v4.6.2, .NETFramework,Version=v4.7, .NETFramework,Version=v4.7.1, .NETFramework,Version=v4.7.2, .NETFramework,Version=v4.8, .NETFramework,Version=v4.8.1' instead of the project target framework 'net8.0'. This package may not be fully compatible with your project. [C:\Users\ultra\warewolf\Dev\Dev2.IntegrationTests\Dev2.Integration.Tests.csproj]
C:\Users\ultra\warewolf\Dev\Dev2.Activities.Tests\Dev2.Activities.Tests.csproj : warning NU1701: Package 'TaskSchedulerEditor 2.10.1' was restored using '.NETFramework,Version=v4.6.1, .NETFramework,Version=v4.6.2, .NETFramework,Version=v4.7, .NETFramework,Version=v4.7.1, .NETFramework,Version=v4.7.2, .NETFramework,Version=v4.8, .NETFramework,Version=v4.8.1' instead of the project target framework 'net8.0'. This package may not be fully compatible with your project. [C:\Users\ultra\warewolf\Dev\Dev2.IntegrationTests\Dev2.Integration.Tests.csproj]
C:\Users\ultra\warewolf\Dev\Dev2.SignalR.Wrappers.New\Dev2.SignalR.Wrappers.New.csproj : warning NU1701: Package 'AeroWizard 2.3.1' was restored using '.NETFramework,Version=v4.6.1, .NETFramework,Version=v4.6.2, .NETFramework,Version=v4.7, .NETFramework,Version=v4.7.1, .NETFramework,Version=v4.7.2, .NETFramework,Version=v4.8, .NETFramework,Version=v4.8.1' instead of the project target framework 'net8.0'. This package may not be fully compatible with your project. [C:\Users\ultra\warewolf\Dev\Dev2.IntegrationTests\Dev2.Integration.Tests.csproj]
C:\Users\ultra\warewolf\Dev\Dev2.SignalR.Wrappers.New\Dev2.SignalR.Wrappers.New.csproj : warning NU1701: Package 'GroupControls 1.9.0' was restored using '.NETFramework,Version=v4.6.1, .NETFramework,Version=v4.6.2, .NETFramework,Version=v4.7, .NETFramework,Version=v4.7.1, .NETFramework,Version=v4.7.2, .NETFramework,Version=v4.8, .NETFramework,Version=v4.8.1' instead of the project target framework 'net8.0'. This package may not be fully compatible with your project. [C:\Users\ultra\warewolf\Dev\Dev2.IntegrationTests\Dev2.Integration.Tests.csproj]
C:\Users\ultra\warewolf\Dev\Dev2.SignalR.Wrappers.New\Dev2.SignalR.Wrappers.New.csproj : warning NU1701: Package 'ReactiveUI.WPF 18.4.1' was restored using '.NETFramework,Version=v4.6.1, .NETFramework,Version=v4.6.2, .NETFramework,Version=v4.7, .NETFramework,Version=v4.7.1, .NETFramework,Version=v4.7.2, .NETFramework,Version=v4.8, .NETFramework,Version=v4.8.1' instead of the project target framework 'net8.0'. This package may not be fully compatible with your project. [C:\Users\ultra\warewolf\Dev\Dev2.IntegrationTests\Dev2.Integration.Tests.csproj]
C:\Users\ultra\warewolf\Dev\Dev2.SignalR.Wrappers.New\Dev2.SignalR.Wrappers.New.csproj : warning NU1701: Package 'TaskSchedulerEditor 2.10.1' was restored using '.NETFramework,Version=v4.6.1, .NETFramework,Version=v4.6.2, .NETFramework,Version=v4.7, .NETFramework,Version=v4.7.1, .NETFramework,Version=v4.7.2, .NETFramework,Version=v4.8, .NETFramework,Version=v4.8.1' instead of the project target framework 'net8.0'. This package may not be fully compatible with your project. [C:\Users\ultra\warewolf\Dev\Dev2.IntegrationTests\Dev2.Integration.Tests.csproj]
C:\Users\ultra\warewolf\Dev\Dev2.Services.Sql\Dev2.Services.Sql.csproj : warning NU1903: Package 'Oracle.ManagedDataAccess.Core' 3.21.70 has a known high severity vulnerability, https://github.com/advisories/GHSA-5pm2-9mr2-3frq [C:\Users\ultra\warewolf\Dev\Dev2.IntegrationTests\Dev2.Integration.Tests.csproj]
C:\Users\ultra\warewolf\Dev\Dev2.Services.Sql\Dev2.Services.Sql.csproj : warning NU1701: Package 'AeroWizard 2.3.1' was restored using '.NETFramework,Version=v4.6.1, .NETFramework,Version=v4.6.2, .NETFramework,Version=v4.7, .NETFramework,Version=v4.7.1, .NETFramework,Version=v4.7.2, .NETFramework,Version=v4.8, .NETFramework,Version=v4.8.1' instead of the project target framework 'net8.0'. This package may not be fully compatible with your project. [C:\Users\ultra\warewolf\Dev\Dev2.IntegrationTests\Dev2.Integration.Tests.csproj]
C:\Users\ultra\warewolf\Dev\Dev2.Services.Sql\Dev2.Services.Sql.csproj : warning NU1701: Package 'GroupControls 1.9.0' was restored using '.NETFramework,Version=v4.6.1, .NETFramework,Version=v4.6.2, .NETFramework,Version=v4.7, .NETFramework,Version=v4.7.1, .NETFramework,Version=v4.7.2, .NETFramework,Version=v4.8, .NETFramework,Version=v4.8.1' instead of the project target framework 'net8.0'. This package may not be fully compatible with your project. [C:\Users\ultra\warewolf\Dev\Dev2.IntegrationTests\Dev2.Integration.Tests.csproj]
C:\Users\ultra\warewolf\Dev\Dev2.Services.Sql\Dev2.Services.Sql.csproj : warning NU1701: Package 'ReactiveUI.WPF 18.4.1' was restored using '.NETFramework,Version=v4.6.1, .NETFramework,Version=v4.6.2, .NETFramework,Version=v4.7, .NETFramework,Version=v4.7.1, .NETFramework,Version=v4.7.2, .NETFramework,Version=v4.8, .NETFramework,Version=v4.8.1' instead of the project target framework 'net8.0'. This package may not be fully compatible with your project. [C:\Users\ultra\warewolf\Dev\Dev2.IntegrationTests\Dev2.Integration.Tests.csproj]
C:\Users\ultra\warewolf\Dev\Dev2.Services.Sql\Dev2.Services.Sql.csproj : warning NU1701: Package 'TaskSchedulerEditor 2.10.1' was restored using '.NETFramework,Version=v4.6.1, .NETFramework,Version=v4.6.2, .NETFramework,Version=v4.7, .NETFramework,Version=v4.7.1, .NETFramework,Version=v4.7.2, .NETFramework,Version=v4.8, .NETFramework,Version=v4.8.1' instead of the project target framework 'net8.0'. This package may not be fully compatible with your project. [C:\Users\ultra\warewolf\Dev\Dev2.IntegrationTests\Dev2.Integration.Tests.csproj]
C:\Users\ultra\warewolf\Dev\Dev2.Studio.Core\Dev2.Studio.Core.csproj : warning NU1701: Package 'AeroWizard 2.3.1' was restored using '.NETFramework,Version=v4.6.1, .NETFramework,Version=v4.6.2, .NETFramework,Version=v4.7, .NETFramework,Version=v4.7.1, .NETFramework,Version=v4.7.2, .NETFramework,Version=v4.8, .NETFramework,Version=v4.8.1' instead of the project target framework 'net8.0'. This package may not be fully compatible with your project. [C:\Users\ultra\warewolf\Dev\Dev2.IntegrationTests\Dev2.Integration.Tests.csproj]
C:\Users\ultra\warewolf\Dev\Dev2.Studio.Core\Dev2.Studio.Core.csproj : warning NU1701: Package 'GroupControls 1.9.0' was restored using '.NETFramework,Version=v4.6.1, .NETFramework,Version=v4.6.2, .NETFramework,Version=v4.7, .NETFramework,Version=v4.7.1, .NETFramework,Version=v4.7.2, .NETFramework,Version=v4.8, .NETFramework,Version=v4.8.1' instead of the project target framework 'net8.0'. This package may not be fully compatible with your project. [C:\Users\ultra\warewolf\Dev\Dev2.IntegrationTests\Dev2.Integration.Tests.csproj]
C:\Users\ultra\warewolf\Dev\Dev2.Studio.Core\Dev2.Studio.Core.csproj : warning NU1701: Package 'Microsoft.Xaml.Behaviors.Wpf 1.1.122' was restored using '.NETFramework,Version=v4.6.1, .NETFramework,Version=v4.6.2, .NETFramework,Version=v4.7, .NETFramework,Version=v4.7.1, .NETFramework,Version=v4.7.2, .NETFramework,Version=v4.8, .NETFramework,Version=v4.8.1' instead of the project target framework 'net8.0'. This package may not be fully compatible with your project. [C:\Users\ultra\warewolf\Dev\Dev2.IntegrationTests\Dev2.Integration.Tests.csproj]
C:\Users\ultra\warewolf\Dev\Dev2.Studio.Core\Dev2.Studio.Core.csproj : warning NU1701: Package 'Prism.Wpf 9.0.537' was restored using '.NETFramework,Version=v4.6.1, .NETFramework,Version=v4.6.2, .NETFramework,Version=v4.7, .NETFramework,Version=v4.7.1, .NETFramework,Version=v4.7.2, .NETFramework,Version=v4.8, .NETFramework,Version=v4.8.1' instead of the project target framework 'net8.0'. This package may not be fully compatible with your project. [C:\Users\ultra\warewolf\Dev\Dev2.IntegrationTests\Dev2.Integration.Tests.csproj]
C:\Users\ultra\warewolf\Dev\Dev2.Studio.Core\Dev2.Studio.Core.csproj : warning NU1701: Package 'ReactiveUI.WPF 18.4.1' was restored using '.NETFramework,Version=v4.6.1, .NETFramework,Version=v4.6.2, .NETFramework,Version=v4.7, .NETFramework,Version=v4.7.1, .NETFramework,Version=v4.7.2, .NETFramework,Version=v4.8, .NETFramework,Version=v4.8.1' instead of the project target framework 'net8.0'. This package may not be fully compatible with your project. [C:\Users\ultra\warewolf\Dev\Dev2.IntegrationTests\Dev2.Integration.Tests.csproj]
C:\Users\ultra\warewolf\Dev\Dev2.Studio.Core\Dev2.Studio.Core.csproj : warning NU1701: Package 'TaskSchedulerEditor 2.10.1' was restored using '.NETFramework,Version=v4.6.1, .NETFramework,Version=v4.6.2, .NETFramework,Version=v4.7, .NETFramework,Version=v4.7.1, .NETFramework,Version=v4.7.2, .NETFramework,Version=v4.8, .NETFramework,Version=v4.8.1' instead of the project target framework 'net8.0'. This package may not be fully compatible with your project. [C:\Users\ultra\warewolf\Dev\Dev2.IntegrationTests\Dev2.Integration.Tests.csproj]
C:\Users\ultra\warewolf\Dev\Dev2.Studio.Interfaces\Dev2.Studio.Interfaces.csproj : warning NU1701: Package 'AeroWizard 2.3.1' was restored using '.NETFramework,Version=v4.6.1, .NETFramework,Version=v4.6.2, .NETFramework,Version=v4.7, .NETFramework,Version=v4.7.1, .NETFramework,Version=v4.7.2, .NETFramework,Version=v4.8, .NETFramework,Version=v4.8.1' instead of the project target framework 'net8.0'. This package may not be fully compatible with your project. [C:\Users\ultra\warewolf\Dev\Dev2.IntegrationTests\Dev2.Integration.Tests.csproj]
C:\Users\ultra\warewolf\Dev\Dev2.Studio.Interfaces\Dev2.Studio.Interfaces.csproj : warning NU1701: Package 'GroupControls 1.9.0' was restored using '.NETFramework,Version=v4.6.1, .NETFramework,Version=v4.6.2, .NETFramework,Version=v4.7, .NETFramework,Version=v4.7.1, .NETFramework,Version=v4.7.2, .NETFramework,Version=v4.8, .NETFramework,Version=v4.8.1' instead of the project target framework 'net8.0'. This package may not be fully compatible with your project. [C:\Users\ultra\warewolf\Dev\Dev2.IntegrationTests\Dev2.Integration.Tests.csproj]
C:\Users\ultra\warewolf\Dev\Dev2.Studio.Interfaces\Dev2.Studio.Interfaces.csproj : warning NU1701: Package 'Microsoft.Xaml.Behaviors.Wpf 1.1.122' was restored using '.NETFramework,Version=v4.6.1, .NETFramework,Version=v4.6.2, .NETFramework,Version=v4.7, .NETFramework,Version=v4.7.1, .NETFramework,Version=v4.7.2, .NETFramework,Version=v4.8, .NETFramework,Version=v4.8.1' instead of the project target framework 'net8.0'. This package may not be fully compatible with your project. [C:\Users\ultra\warewolf\Dev\Dev2.IntegrationTests\Dev2.Integration.Tests.csproj]
C:\Users\ultra\warewolf\Dev\Dev2.Studio.Interfaces\Dev2.Studio.Interfaces.csproj : warning NU1701: Package 'Prism.Wpf 9.0.537' was restored using '.NETFramework,Version=v4.6.1, .NETFramework,Version=v4.6.2, .NETFramework,Version=v4.7, .NETFramework,Version=v4.7.1, .NETFramework,Version=v4.7.2, .NETFramework,Version=v4.8, .NETFramework,Version=v4.8.1' instead of the project target framework 'net8.0'. This package may not be fully compatible with your project. [C:\Users\ultra\warewolf\Dev\Dev2.IntegrationTests\Dev2.Integration.Tests.csproj]
C:\Users\ultra\warewolf\Dev\Dev2.Studio.Interfaces\Dev2.Studio.Interfaces.csproj : warning NU1701: Package 'ReactiveUI.WPF 18.4.1' was restored using '.NETFramework,Version=v4.6.1, .NETFramework,Version=v4.6.2, .NETFramework,Version=v4.7, .NETFramework,Version=v4.7.1, .NETFramework,Version=v4.7.2, .NETFramework,Version=v4.8, .NETFramework,Version=v4.8.1' instead of the project target framework 'net8.0'. This package may not be fully compatible with your project. [C:\Users\ultra\warewolf\Dev\Dev2.IntegrationTests\Dev2.Integration.Tests.csproj]
C:\Users\ultra\warewolf\Dev\Dev2.Studio.Interfaces\Dev2.Studio.Interfaces.csproj : warning NU1701: Package 'TaskSchedulerEditor 2.10.1' was restored using '.NETFramework,Version=v4.6.1, .NETFramework,Version=v4.6.2, .NETFramework,Version=v4.7, .NETFramework,Version=v4.7.1, .NETFramework,Version=v4.7.2, .NETFramework,Version=v4.8, .NETFramework,Version=v4.8.1' instead of the project target framework 'net8.0'. This package may not be fully compatible with your project. [C:\Users\ultra\warewolf\Dev\Dev2.IntegrationTests\Dev2.Integration.Tests.csproj]
C:\Users\ultra\warewolf\Dev\TestBase\TestBase.csproj : warning NU1701: Package 'AeroWizard 2.3.1' was restored using '.NETFramework,Version=v4.6.1, .NETFramework,Version=v4.6.2, .NETFramework,Version=v4.7, .NETFramework,Version=v4.7.1, .NETFramework,Version=v4.7.2, .NETFramework,Version=v4.8, .NETFramework,Version=v4.8.1' instead of the project target framework 'net8.0'. This package may not be fully compatible with your project. [C:\Users\ultra\warewolf\Dev\Dev2.IntegrationTests\Dev2.Integration.Tests.csproj]
C:\Users\ultra\warewolf\Dev\TestBase\TestBase.csproj : warning NU1701: Package 'AvalonEdit 6.3.0.90' was restored using '.NETFramework,Version=v4.6.1, .NETFramework,Version=v4.6.2, .NETFramework,Version=v4.7, .NETFramework,Version=v4.7.1, .NETFramework,Version=v4.7.2, .NETFramework,Version=v4.8, .NETFramework,Version=v4.8.1' instead of the project target framework 'net8.0'. This package may not be fully compatible with your project. [C:\Users\ultra\warewolf\Dev\Dev2.IntegrationTests\Dev2.Integration.Tests.csproj]
C:\Users\ultra\warewolf\Dev\TestBase\TestBase.csproj : warning NU1701: Package 'CommonServiceLocator 1.2.0' was restored using '.NETFramework,Version=v4.6.1, .NETFramework,Version=v4.6.2, .NETFramework,Version=v4.7, .NETFramework,Version=v4.7.1, .NETFramework,Version=v4.7.2, .NETFramework,Version=v4.8, .NETFramework,Version=v4.8.1' instead of the project target framework 'net8.0'. This package may not be fully compatible with your project. [C:\Users\ultra\warewolf\Dev\Dev2.IntegrationTests\Dev2.Integration.Tests.csproj]
C:\Users\ultra\warewolf\Dev\TestBase\TestBase.csproj : warning NU1701: Package 'FontAwesome.WPF 4.7.0.9' was restored using '.NETFramework,Version=v4.6.1, .NETFramework,Version=v4.6.2, .NETFramework,Version=v4.7, .NETFramework,Version=v4.7.1, .NETFramework,Version=v4.7.2, .NETFramework,Version=v4.8, .NETFramework,Version=v4.8.1' instead of the project target framework 'net8.0'. This package may not be fully compatible with your project. [C:\Users\ultra\warewolf\Dev\Dev2.IntegrationTests\Dev2.Integration.Tests.csproj]
C:\Users\ultra\warewolf\Dev\TestBase\TestBase.csproj : warning NU1701: Package 'GroupControls 1.9.0' was restored using '.NETFramework,Version=v4.6.1, .NETFramework,Version=v4.6.2, .NETFramework,Version=v4.7, .NETFramework,Version=v4.7.1, .NETFramework,Version=v4.7.2, .NETFramework,Version=v4.8, .NETFramework,Version=v4.8.1' instead of the project target framework 'net8.0'. This package may not be fully compatible with your project. [C:\Users\ultra\warewolf\Dev\Dev2.IntegrationTests\Dev2.Integration.Tests.csproj]
C:\Users\ultra\warewolf\Dev\TestBase\TestBase.csproj : warning NU1701: Package 'Log4Net.Async 2.0.4' was restored using '.NETFramework,Version=v4.6.1, .NETFramework,Version=v4.6.2, .NETFramework,Version=v4.7, .NETFramework,Version=v4.7.1, .NETFramework,Version=v4.7.2, .NETFramework,Version=v4.8, .NETFramework,Version=v4.8.1' instead of the project target framework 'net8.0'. This package may not be fully compatible with your project. [C:\Users\ultra\warewolf\Dev\Dev2.IntegrationTests\Dev2.Integration.Tests.csproj]
C:\Users\ultra\warewolf\Dev\TestBase\TestBase.csproj : warning NU1701: Package 'Microsoft.Xaml.Behaviors.Wpf 1.1.122' was restored using '.NETFramework,Version=v4.6.1, .NETFramework,Version=v4.6.2, .NETFramework,Version=v4.7, .NETFramework,Version=v4.7.1, .NETFramework,Version=v4.7.2, .NETFramework,Version=v4.8, .NETFramework,Version=v4.8.1' instead of the project target framework 'net8.0'. This package may not be fully compatible with your project. [C:\Users\ultra\warewolf\Dev\Dev2.IntegrationTests\Dev2.Integration.Tests.csproj]
C:\Users\ultra\warewolf\Dev\TestBase\TestBase.csproj : warning NU1701: Package 'Prism.Composition 5.0.0' was restored using '.NETFramework,Version=v4.6.1, .NETFramework,Version=v4.6.2, .NETFramework,Version=v4.7, .NETFramework,Version=v4.7.1, .NETFramework,Version=v4.7.2, .NETFramework,Version=v4.8, .NETFramework,Version=v4.8.1' instead of the project target framework 'net8.0'. This package may not be fully compatible with your project. [C:\Users\ultra\warewolf\Dev\Dev2.IntegrationTests\Dev2.Integration.Tests.csproj]
C:\Users\ultra\warewolf\Dev\TestBase\TestBase.csproj : warning NU1701: Package 'Prism.Interactivity 5.0.0' was restored using '.NETFramework,Version=v4.6.1, .NETFramework,Version=v4.6.2, .NETFramework,Version=v4.7, .NETFramework,Version=v4.7.1, .NETFramework,Version=v4.7.2, .NETFramework,Version=v4.8, .NETFramework,Version=v4.8.1' instead of the project target framework 'net8.0'. This package may not be fully compatible with your project. [C:\Users\ultra\warewolf\Dev\Dev2.IntegrationTests\Dev2.Integration.Tests.csproj]
C:\Users\ultra\warewolf\Dev\TestBase\TestBase.csproj : warning NU1701: Package 'Prism.Mvvm 1.0.0' was restored using '.NETFramework,Version=v4.6.1, .NETFramework,Version=v4.6.2, .NETFramework,Version=v4.7, .NETFramework,Version=v4.7.1, .NETFramework,Version=v4.7.2, .NETFramework,Version=v4.8, .NETFramework,Version=v4.8.1' instead of the project target framework 'net8.0'. This package may not be fully compatible with your project. [C:\Users\ultra\warewolf\Dev\Dev2.IntegrationTests\Dev2.Integration.Tests.csproj]
C:\Users\ultra\warewolf\Dev\TestBase\TestBase.csproj : warning NU1701: Package 'Prism.PubSubEvents 1.0.0' was restored using '.NETFramework,Version=v4.6.1, .NETFramework,Version=v4.6.2, .NETFramework,Version=v4.7, .NETFramework,Version=v4.7.1, .NETFramework,Version=v4.7.2, .NETFramework,Version=v4.8, .NETFramework,Version=v4.8.1' instead of the project target framework 'net8.0'. This package may not be fully compatible with your project. [C:\Users\ultra\warewolf\Dev\Dev2.IntegrationTests\Dev2.Integration.Tests.csproj]
C:\Users\ultra\warewolf\Dev\TestBase\TestBase.csproj : warning NU1701: Package 'Prism.UnityExtensions 5.0.1' was restored using '.NETFramework,Version=v4.6.1, .NETFramework,Version=v4.6.2, .NETFramework,Version=v4.7, .NETFramework,Version=v4.7.1, .NETFramework,Version=v4.7.2, .NETFramework,Version=v4.8, .NETFramework,Version=v4.8.1' instead of the project target framework 'net8.0'. This package may not be fully compatible with your project. [C:\Users\ultra\warewolf\Dev\Dev2.IntegrationTests\Dev2.Integration.Tests.csproj]
C:\Users\ultra\warewolf\Dev\TestBase\TestBase.csproj : warning NU1701: Package 'Prism.Wpf 9.0.537' was restored using '.NETFramework,Version=v4.6.1, .NETFramework,Version=v4.6.2, .NETFramework,Version=v4.7, .NETFramework,Version=v4.7.1, .NETFramework,Version=v4.7.2, .NETFramework,Version=v4.8, .NETFramework,Version=v4.8.1' instead of the project target framework 'net8.0'. This package may not be fully compatible with your project. [C:\Users\ultra\warewolf\Dev\Dev2.IntegrationTests\Dev2.Integration.Tests.csproj]
C:\Users\ultra\warewolf\Dev\TestBase\TestBase.csproj : warning NU1701: Package 'ReactiveUI.WPF 18.4.1' was restored using '.NETFramework,Version=v4.6.1, .NETFramework,Version=v4.6.2, .NETFramework,Version=v4.7, .NETFramework,Version=v4.7.1, .NETFramework,Version=v4.7.2, .NETFramework,Version=v4.8, .NETFramework,Version=v4.8.1' instead of the project target framework 'net8.0'. This package may not be fully compatible with your project. [C:\Users\ultra\warewolf\Dev\Dev2.IntegrationTests\Dev2.Integration.Tests.csproj]
C:\Users\ultra\warewolf\Dev\TestBase\TestBase.csproj : warning NU1701: Package 'TaskSchedulerEditor 2.10.1' was restored using '.NETFramework,Version=v4.6.1, .NETFramework,Version=v4.6.2, .NETFramework,Version=v4.7, .NETFramework,Version=v4.7.1, .NETFramework,Version=v4.7.2, .NETFramework,Version=v4.8, .NETFramework,Version=v4.8.1' instead of the project target framework 'net8.0'. This package may not be fully compatible with your project. [C:\Users\ultra\warewolf\Dev\Dev2.IntegrationTests\Dev2.Integration.Tests.csproj]
C:\Users\ultra\warewolf\Dev\TestBase\TestBase.csproj : warning NU1701: Package 'Unofficial.Microsoft.mshtml 7.0.3300' was restored using '.NETFramework,Version=v4.6.1, .NETFramework,Version=v4.6.2, .NETFramework,Version=v4.7, .NETFramework,Version=v4.7.1, .NETFramework,Version=v4.7.2, .NETFramework,Version=v4.8, .NETFramework,Version=v4.8.1' instead of the project target framework 'net8.0'. This package may not be fully compatible with your project. [C:\Users\ultra\warewolf\Dev\Dev2.IntegrationTests\Dev2.Integration.Tests.csproj]
C:\Users\ultra\warewolf\Dev\Dev2.Infrastructure.Tests\Dev2.Infrastructure.Tests.csproj : warning NU1701: Package 'AeroWizard 2.3.1' was restored using '.NETFramework,Version=v4.6.1, .NETFramework,Version=v4.6.2, .NETFramework,Version=v4.7, .NETFramework,Version=v4.7.1, .NETFramework,Version=v4.7.2, .NETFramework,Version=v4.8, .NETFramework,Version=v4.8.1' instead of the project target framework 'net8.0'. This package may not be fully compatible with your project. [C:\Users\ultra\warewolf\Dev\Dev2.IntegrationTests\Dev2.Integration.Tests.csproj]
C:\Users\ultra\warewolf\Dev\Dev2.Infrastructure.Tests\Dev2.Infrastructure.Tests.csproj : warning NU1701: Package 'GroupControls 1.9.0' was restored using '.NETFramework,Version=v4.6.1, .NETFramework,Version=v4.6.2, .NETFramework,Version=v4.7, .NETFramework,Version=v4.7.1, .NETFramework,Version=v4.7.2, .NETFramework,Version=v4.8, .NETFramework,Version=v4.8.1' instead of the project target framework 'net8.0'. This package may not be fully compatible with your project. [C:\Users\ultra\warewolf\Dev\Dev2.IntegrationTests\Dev2.Integration.Tests.csproj]
C:\Users\ultra\warewolf\Dev\Dev2.Infrastructure.Tests\Dev2.Infrastructure.Tests.csproj : warning NU1701: Package 'Microsoft.Xaml.Behaviors.Wpf 1.1.122' was restored using '.NETFramework,Version=v4.6.1, .NETFramework,Version=v4.6.2, .NETFramework,Version=v4.7, .NETFramework,Version=v4.7.1, .NETFramework,Version=v4.7.2, .NETFramework,Version=v4.8, .NETFramework,Version=v4.8.1' instead of the project target framework 'net8.0'. This package may not be fully compatible with your project. [C:\Users\ultra\warewolf\Dev\Dev2.IntegrationTests\Dev2.Integration.Tests.csproj]
C:\Users\ultra\warewolf\Dev\Dev2.Infrastructure.Tests\Dev2.Infrastructure.Tests.csproj : warning NU1701: Package 'Prism.Wpf 9.0.537' was restored using '.NETFramework,Version=v4.6.1, .NETFramework,Version=v4.6.2, .NETFramework,Version=v4.7, .NETFramework,Version=v4.7.1, .NETFramework,Version=v4.7.2, .NETFramework,Version=v4.8, .NETFramework,Version=v4.8.1' instead of the project target framework 'net8.0'. This package may not be fully compatible with your project. [C:\Users\ultra\warewolf\Dev\Dev2.IntegrationTests\Dev2.Integration.Tests.csproj]
C:\Users\ultra\warewolf\Dev\Dev2.Infrastructure.Tests\Dev2.Infrastructure.Tests.csproj : warning NU1701: Package 'ReactiveUI.WPF 18.4.1' was restored using '.NETFramework,Version=v4.6.1, .NETFramework,Version=v4.6.2, .NETFramework,Version=v4.7, .NETFramework,Version=v4.7.1, .NETFramework,Version=v4.7.2, .NETFramework,Version=v4.8, .NETFramework,Version=v4.8.1' instead of the project target framework 'net8.0'. This package may not be fully compatible with your project. [C:\Users\ultra\warewolf\Dev\Dev2.IntegrationTests\Dev2.Integration.Tests.csproj]
C:\Users\ultra\warewolf\Dev\Dev2.Infrastructure.Tests\Dev2.Infrastructure.Tests.csproj : warning NU1701: Package 'TaskSchedulerEditor 2.10.1' was restored using '.NETFramework,Version=v4.6.1, .NETFramework,Version=v4.6.2, .NETFramework,Version=v4.7, .NETFramework,Version=v4.7.1, .NETFramework,Version=v4.7.2, .NETFramework,Version=v4.8, .NETFramework,Version=v4.8.1' instead of the project target framework 'net8.0'. This package may not be fully compatible with your project. [C:\Users\ultra\warewolf\Dev\Dev2.IntegrationTests\Dev2.Integration.Tests.csproj]
C:\Users\ultra\warewolf\Dev\Warewolf.Licensing\Warewolf.Licensing.csproj : warning NU1701: Package 'AeroWizard 2.3.1' was restored using '.NETFramework,Version=v4.6.1, .NETFramework,Version=v4.6.2, .NETFramework,Version=v4.7, .NETFramework,Version=v4.7.1, .NETFramework,Version=v4.7.2, .NETFramework,Version=v4.8, .NETFramework,Version=v4.8.1' instead of the project target framework 'net8.0'. This package may not be fully compatible with your project. [C:\Users\ultra\warewolf\Dev\Dev2.IntegrationTests\Dev2.Integration.Tests.csproj]
C:\Users\ultra\warewolf\Dev\Warewolf.Licensing\Warewolf.Licensing.csproj : warning NU1701: Package 'GroupControls 1.9.0' was restored using '.NETFramework,Version=v4.6.1, .NETFramework,Version=v4.6.2, .NETFramework,Version=v4.7, .NETFramework,Version=v4.7.1, .NETFramework,Version=v4.7.2, .NETFramework,Version=v4.8, .NETFramework,Version=v4.8.1' instead of the project target framework 'net8.0'. This package may not be fully compatible with your project. [C:\Users\ultra\warewolf\Dev\Dev2.IntegrationTests\Dev2.Integration.Tests.csproj]
C:\Users\ultra\warewolf\Dev\Warewolf.Licensing\Warewolf.Licensing.csproj : warning NU1701: Package 'TaskSchedulerEditor 2.10.1' was restored using '.NETFramework,Version=v4.6.1, .NETFramework,Version=v4.6.2, .NETFramework,Version=v4.7, .NETFramework,Version=v4.7.1, .NETFramework,Version=v4.7.2, .NETFramework,Version=v4.8, .NETFramework,Version=v4.8.1' instead of the project target framework 'net8.0'. This package may not be fully compatible with your project. [C:\Users\ultra\warewolf\Dev\Dev2.IntegrationTests\Dev2.Integration.Tests.csproj]
C:\Users\ultra\warewolf\Dev\Dev2.Studio\Dev2.Studio.csproj : warning NU1701: Package 'AeroWizard 2.3.1' was restored using '.NETFramework,Version=v4.6.1, .NETFramework,Version=v4.6.2, .NETFramework,Version=v4.7, .NETFramework,Version=v4.7.1, .NETFramework,Version=v4.7.2, .NETFramework,Version=v4.8, .NETFramework,Version=v4.8.1' instead of the project target framework 'net8.0'. This package may not be fully compatible with your project. [C:\Users\ultra\warewolf\Dev\Dev2.IntegrationTests\Dev2.Integration.Tests.csproj]
C:\Users\ultra\warewolf\Dev\Dev2.Studio\Dev2.Studio.csproj : warning NU1701: Package 'AvalonEdit 6.3.0.90' was restored using '.NETFramework,Version=v4.6.1, .NETFramework,Version=v4.6.2, .NETFramework,Version=v4.7, .NETFramework,Version=v4.7.1, .NETFramework,Version=v4.7.2, .NETFramework,Version=v4.8, .NETFramework,Version=v4.8.1' instead of the project target framework 'net8.0'. This package may not be fully compatible with your project. [C:\Users\ultra\warewolf\Dev\Dev2.IntegrationTests\Dev2.Integration.Tests.csproj]
C:\Users\ultra\warewolf\Dev\Dev2.Studio\Dev2.Studio.csproj : warning NU1701: Package 'CommonServiceLocator 1.2.0' was restored using '.NETFramework,Version=v4.6.1, .NETFramework,Version=v4.6.2, .NETFramework,Version=v4.7, .NETFramework,Version=v4.7.1, .NETFramework,Version=v4.7.2, .NETFramework,Version=v4.8, .NETFramework,Version=v4.8.1' instead of the project target framework 'net8.0'. This package may not be fully compatible with your project. [C:\Users\ultra\warewolf\Dev\Dev2.IntegrationTests\Dev2.Integration.Tests.csproj]
C:\Users\ultra\warewolf\Dev\Dev2.Studio\Dev2.Studio.csproj : warning NU1701: Package 'FontAwesome.WPF 4.7.0.9' was restored using '.NETFramework,Version=v4.6.1, .NETFramework,Version=v4.6.2, .NETFramework,Version=v4.7, .NETFramework,Version=v4.7.1, .NETFramework,Version=v4.7.2, .NETFramework,Version=v4.8, .NETFramework,Version=v4.8.1' instead of the project target framework 'net8.0'. This package may not be fully compatible with your project. [C:\Users\ultra\warewolf\Dev\Dev2.IntegrationTests\Dev2.Integration.Tests.csproj]
C:\Users\ultra\warewolf\Dev\Dev2.Studio\Dev2.Studio.csproj : warning NU1701: Package 'GroupControls 1.9.0' was restored using '.NETFramework,Version=v4.6.1, .NETFramework,Version=v4.6.2, .NETFramework,Version=v4.7, .NETFramework,Version=v4.7.1, .NETFramework,Version=v4.7.2, .NETFramework,Version=v4.8, .NETFramework,Version=v4.8.1' instead of the project target framework 'net8.0'. This package may not be fully compatible with your project. [C:\Users\ultra\warewolf\Dev\Dev2.IntegrationTests\Dev2.Integration.Tests.csproj]
C:\Users\ultra\warewolf\Dev\Dev2.Studio\Dev2.Studio.csproj : warning NU1701: Package 'Log4Net.Async 2.0.4' was restored using '.NETFramework,Version=v4.6.1, .NETFramework,Version=v4.6.2, .NETFramework,Version=v4.7, .NETFramework,Version=v4.7.1, .NETFramework,Version=v4.7.2, .NETFramework,Version=v4.8, .NETFramework,Version=v4.8.1' instead of the project target framework 'net8.0'. This package may not be fully compatible with your project. [C:\Users\ultra\warewolf\Dev\Dev2.IntegrationTests\Dev2.Integration.Tests.csproj]
C:\Users\ultra\warewolf\Dev\Dev2.Studio\Dev2.Studio.csproj : warning NU1701: Package 'Microsoft.Xaml.Behaviors.Wpf 1.1.122' was restored using '.NETFramework,Version=v4.6.1, .NETFramework,Version=v4.6.2, .NETFramework,Version=v4.7, .NETFramework,Version=v4.7.1, .NETFramework,Version=v4.7.2, .NETFramework,Version=v4.8, .NETFramework,Version=v4.8.1' instead of the project target framework 'net8.0'. This package may not be fully compatible with your project. [C:\Users\ultra\warewolf\Dev\Dev2.IntegrationTests\Dev2.Integration.Tests.csproj]
C:\Users\ultra\warewolf\Dev\Dev2.Studio\Dev2.Studio.csproj : warning NU1701: Package 'Prism.Composition 5.0.0' was restored using '.NETFramework,Version=v4.6.1, .NETFramework,Version=v4.6.2, .NETFramework,Version=v4.7, .NETFramework,Version=v4.7.1, .NETFramework,Version=v4.7.2, .NETFramework,Version=v4.8, .NETFramework,Version=v4.8.1' instead of the project target framework 'net8.0'. This package may not be fully compatible with your project. [C:\Users\ultra\warewolf\Dev\Dev2.IntegrationTests\Dev2.Integration.Tests.csproj]
C:\Users\ultra\warewolf\Dev\Dev2.Studio\Dev2.Studio.csproj : warning NU1701: Package 'Prism.Interactivity 5.0.0' was restored using '.NETFramework,Version=v4.6.1, .NETFramework,Version=v4.6.2, .NETFramework,Version=v4.7, .NETFramework,Version=v4.7.1, .NETFramework,Version=v4.7.2, .NETFramework,Version=v4.8, .NETFramework,Version=v4.8.1' instead of the project target framework 'net8.0'. This package may not be fully compatible with your project. [C:\Users\ultra\warewolf\Dev\Dev2.IntegrationTests\Dev2.Integration.Tests.csproj]
C:\Users\ultra\warewolf\Dev\Dev2.Studio\Dev2.Studio.csproj : warning NU1701: Package 'Prism.Mvvm 1.0.0' was restored using '.NETFramework,Version=v4.6.1, .NETFramework,Version=v4.6.2, .NETFramework,Version=v4.7, .NETFramework,Version=v4.7.1, .NETFramework,Version=v4.7.2, .NETFramework,Version=v4.8, .NETFramework,Version=v4.8.1' instead of the project target framework 'net8.0'. This package may not be fully compatible with your project. [C:\Users\ultra\warewolf\Dev\Dev2.IntegrationTests\Dev2.Integration.Tests.csproj]
C:\Users\ultra\warewolf\Dev\Dev2.Studio\Dev2.Studio.csproj : warning NU1701: Package 'Prism.PubSubEvents 1.0.0' was restored using '.NETFramework,Version=v4.6.1, .NETFramework,Version=v4.6.2, .NETFramework,Version=v4.7, .NETFramework,Version=v4.7.1, .NETFramework,Version=v4.7.2, .NETFramework,Version=v4.8, .NETFramework,Version=v4.8.1' instead of the project target framework 'net8.0'. This package may not be fully compatible with your project. [C:\Users\ultra\warewolf\Dev\Dev2.IntegrationTests\Dev2.Integration.Tests.csproj]
C:\Users\ultra\warewolf\Dev\Dev2.Studio\Dev2.Studio.csproj : warning NU1701: Package 'Prism.UnityExtensions 5.0.1' was restored using '.NETFramework,Version=v4.6.1, .NETFramework,Version=v4.6.2, .NETFramework,Version=v4.7, .NETFramework,Version=v4.7.1, .NETFramework,Version=v4.7.2, .NETFramework,Version=v4.8, .NETFramework,Version=v4.8.1' instead of the project target framework 'net8.0'. This package may not be fully compatible with your project. [C:\Users\ultra\warewolf\Dev\Dev2.IntegrationTests\Dev2.Integration.Tests.csproj]
C:\Users\ultra\warewolf\Dev\Dev2.Studio\Dev2.Studio.csproj : warning NU1701: Package 'Prism.Wpf 9.0.537' was restored using '.NETFramework,Version=v4.6.1, .NETFramework,Version=v4.6.2, .NETFramework,Version=v4.7, .NETFramework,Version=v4.7.1, .NETFramework,Version=v4.7.2, .NETFramework,Version=v4.8, .NETFramework,Version=v4.8.1' instead of the project target framework 'net8.0'. This package may not be fully compatible with your project. [C:\Users\ultra\warewolf\Dev\Dev2.IntegrationTests\Dev2.Integration.Tests.csproj]
C:\Users\ultra\warewolf\Dev\Dev2.Studio\Dev2.Studio.csproj : warning NU1701: Package 'ReactiveUI.WPF 18.4.1' was restored using '.NETFramework,Version=v4.6.1, .NETFramework,Version=v4.6.2, .NETFramework,Version=v4.7, .NETFramework,Version=v4.7.1, .NETFramework,Version=v4.7.2, .NETFramework,Version=v4.8, .NETFramework,Version=v4.8.1' instead of the project target framework 'net8.0'. This package may not be fully compatible with your project. [C:\Users\ultra\warewolf\Dev\Dev2.IntegrationTests\Dev2.Integration.Tests.csproj]
C:\Users\ultra\warewolf\Dev\Dev2.Studio\Dev2.Studio.csproj : warning NU1701: Package 'TaskSchedulerEditor 2.10.1' was restored using '.NETFramework,Version=v4.6.1, .NETFramework,Version=v4.6.2, .NETFramework,Version=v4.7, .NETFramework,Version=v4.7.1, .NETFramework,Version=v4.7.2, .NETFramework,Version=v4.8, .NETFramework,Version=v4.8.1' instead of the project target framework 'net8.0'. This package may not be fully compatible with your project. [C:\Users\ultra\warewolf\Dev\Dev2.IntegrationTests\Dev2.Integration.Tests.csproj]
C:\Users\ultra\warewolf\Dev\Dev2.Studio\Dev2.Studio.csproj : warning NU1701: Package 'Unofficial.Microsoft.mshtml 7.0.3300' was restored using '.NETFramework,Version=v4.6.1, .NETFramework,Version=v4.6.2, .NETFramework,Version=v4.7, .NETFramework,Version=v4.7.1, .NETFramework,Version=v4.7.2, .NETFramework,Version=v4.8, .NETFramework,Version=v4.8.1' instead of the project target framework 'net8.0'. This package may not be fully compatible with your project. [C:\Users\ultra\warewolf\Dev\Dev2.IntegrationTests\Dev2.Integration.Tests.csproj]
C:\Users\ultra\warewolf\Dev\Warewolf.MergeParser\Warewolf.MergeParser.csproj : warning NU1701: Package 'AeroWizard 2.3.1' was restored using '.NETFramework,Version=v4.6.1, .NETFramework,Version=v4.6.2, .NETFramework,Version=v4.7, .NETFramework,Version=v4.7.1, .NETFramework,Version=v4.7.2, .NETFramework,Version=v4.8, .NETFramework,Version=v4.8.1' instead of the project target framework 'net8.0'. This package may not be fully compatible with your project. [C:\Users\ultra\warewolf\Dev\Dev2.IntegrationTests\Dev2.Integration.Tests.csproj]
C:\Users\ultra\warewolf\Dev\Warewolf.MergeParser\Warewolf.MergeParser.csproj : warning NU1701: Package 'GroupControls 1.9.0' was restored using '.NETFramework,Version=v4.6.1, .NETFramework,Version=v4.6.2, .NETFramework,Version=v4.7, .NETFramework,Version=v4.7.1, .NETFramework,Version=v4.7.2, .NETFramework,Version=v4.8, .NETFramework,Version=v4.8.1' instead of the project target framework 'net8.0'. This package may not be fully compatible with your project. [C:\Users\ultra\warewolf\Dev\Dev2.IntegrationTests\Dev2.Integration.Tests.csproj]
C:\Users\ultra\warewolf\Dev\Warewolf.MergeParser\Warewolf.MergeParser.csproj : warning NU1701: Package 'Microsoft.Xaml.Behaviors.Wpf 1.1.122' was restored using '.NETFramework,Version=v4.6.1, .NETFramework,Version=v4.6.2, .NETFramework,Version=v4.7, .NETFramework,Version=v4.7.1, .NETFramework,Version=v4.7.2, .NETFramework,Version=v4.8, .NETFramework,Version=v4.8.1' instead of the project target framework 'net8.0'. This package may not be fully compatible with your project. [C:\Users\ultra\warewolf\Dev\Dev2.IntegrationTests\Dev2.Integration.Tests.csproj]
C:\Users\ultra\warewolf\Dev\Warewolf.MergeParser\Warewolf.MergeParser.csproj : warning NU1701: Package 'Prism.Wpf 9.0.537' was restored using '.NETFramework,Version=v4.6.1, .NETFramework,Version=v4.6.2, .NETFramework,Version=v4.7, .NETFramework,Version=v4.7.1, .NETFramework,Version=v4.7.2, .NETFramework,Version=v4.8, .NETFramework,Version=v4.8.1' instead of the project target framework 'net8.0'. This package may not be fully compatible with your project. [C:\Users\ultra\warewolf\Dev\Dev2.IntegrationTests\Dev2.Integration.Tests.csproj]
C:\Users\ultra\warewolf\Dev\Warewolf.MergeParser\Warewolf.MergeParser.csproj : warning NU1701: Package 'ReactiveUI.WPF 18.4.1' was restored using '.NETFramework,Version=v4.6.1, .NETFramework,Version=v4.6.2, .NETFramework,Version=v4.7, .NETFramework,Version=v4.7.1, .NETFramework,Version=v4.7.2, .NETFramework,Version=v4.8, .NETFramework,Version=v4.8.1' instead of the project target framework 'net8.0'. This package may not be fully compatible with your project. [C:\Users\ultra\warewolf\Dev\Dev2.IntegrationTests\Dev2.Integration.Tests.csproj]
C:\Users\ultra\warewolf\Dev\Warewolf.MergeParser\Warewolf.MergeParser.csproj : warning NU1701: Package 'TaskSchedulerEditor 2.10.1' was restored using '.NETFramework,Version=v4.6.1, .NETFramework,Version=v4.6.2, .NETFramework,Version=v4.7, .NETFramework,Version=v4.7.1, .NETFramework,Version=v4.7.2, .NETFramework,Version=v4.8, .NETFramework,Version=v4.8.1' instead of the project target framework 'net8.0'. This package may not be fully compatible with your project. [C:\Users\ultra\warewolf\Dev\Dev2.IntegrationTests\Dev2.Integration.Tests.csproj]
C:\Users\ultra\warewolf\Dev\Warewolf.MergeParser.Tests\Warewolf.MergeParser.Tests.csproj : warning NU1701: Package 'AeroWizard 2.3.1' was restored using '.NETFramework,Version=v4.6.1, .NETFramework,Version=v4.6.2, .NETFramework,Version=v4.7, .NETFramework,Version=v4.7.1, .NETFramework,Version=v4.7.2, .NETFramework,Version=v4.8, .NETFramework,Version=v4.8.1' instead of the project target framework 'net8.0'. This package may not be fully compatible with your project. [C:\Users\ultra\warewolf\Dev\Dev2.IntegrationTests\Dev2.Integration.Tests.csproj]
C:\Users\ultra\warewolf\Dev\Warewolf.MergeParser.Tests\Warewolf.MergeParser.Tests.csproj : warning NU1701: Package 'GroupControls 1.9.0' was restored using '.NETFramework,Version=v4.6.1, .NETFramework,Version=v4.6.2, .NETFramework,Version=v4.7, .NETFramework,Version=v4.7.1, .NETFramework,Version=v4.7.2, .NETFramework,Version=v4.8, .NETFramework,Version=v4.8.1' instead of the project target framework 'net8.0'. This package may not be fully compatible with your project. [C:\Users\ultra\warewolf\Dev\Dev2.IntegrationTests\Dev2.Integration.Tests.csproj]
C:\Users\ultra\warewolf\Dev\Warewolf.MergeParser.Tests\Warewolf.MergeParser.Tests.csproj : warning NU1701: Package 'Microsoft.Xaml.Behaviors.Wpf 1.1.122' was restored using '.NETFramework,Version=v4.6.1, .NETFramework,Version=v4.6.2, .NETFramework,Version=v4.7, .NETFramework,Version=v4.7.1, .NETFramework,Version=v4.7.2, .NETFramework,Version=v4.8, .NETFramework,Version=v4.8.1' instead of the project target framework 'net8.0'. This package may not be fully compatible with your project. [C:\Users\ultra\warewolf\Dev\Dev2.IntegrationTests\Dev2.Integration.Tests.csproj]
C:\Users\ultra\warewolf\Dev\Warewolf.MergeParser.Tests\Warewolf.MergeParser.Tests.csproj : warning NU1701: Package 'Prism.Wpf 9.0.537' was restored using '.NETFramework,Version=v4.6.1, .NETFramework,Version=v4.6.2, .NETFramework,Version=v4.7, .NETFramework,Version=v4.7.1, .NETFramework,Version=v4.7.2, .NETFramework,Version=v4.8, .NETFramework,Version=v4.8.1' instead of the project target framework 'net8.0'. This package may not be fully compatible with your project. [C:\Users\ultra\warewolf\Dev\Dev2.IntegrationTests\Dev2.Integration.Tests.csproj]
C:\Users\ultra\warewolf\Dev\Warewolf.MergeParser.Tests\Warewolf.MergeParser.Tests.csproj : warning NU1701: Package 'ReactiveUI.WPF 18.4.1' was restored using '.NETFramework,Version=v4.6.1, .NETFramework,Version=v4.6.2, .NETFramework,Version=v4.7, .NETFramework,Version=v4.7.1, .NETFramework,Version=v4.7.2, .NETFramework,Version=v4.8, .NETFramework,Version=v4.8.1' instead of the project target framework 'net8.0'. This package may not be fully compatible with your project. [C:\Users\ultra\warewolf\Dev\Dev2.IntegrationTests\Dev2.Integration.Tests.csproj]
C:\Users\ultra\warewolf\Dev\Warewolf.MergeParser.Tests\Warewolf.MergeParser.Tests.csproj : warning NU1701: Package 'TaskSchedulerEditor 2.10.1' was restored using '.NETFramework,Version=v4.6.1, .NETFramework,Version=v4.6.2, .NETFramework,Version=v4.7, .NETFramework,Version=v4.7.1, .NETFramework,Version=v4.7.2, .NETFramework,Version=v4.8, .NETFramework,Version=v4.8.1' instead of the project target framework 'net8.0'. This package may not be fully compatible with your project. [C:\Users\ultra\warewolf\Dev\Dev2.IntegrationTests\Dev2.Integration.Tests.csproj]
C:\Users\ultra\warewolf\Dev\Dev2.Studio.Core.Tests\Dev2.Studio.Core.Tests.csproj : warning NU1701: Package 'AeroWizard 2.3.1' was restored using '.NETFramework,Version=v4.6.1, .NETFramework,Version=v4.6.2, .NETFramework,Version=v4.7, .NETFramework,Version=v4.7.1, .NETFramework,Version=v4.7.2, .NETFramework,Version=v4.8, .NETFramework,Version=v4.8.1' instead of the project target framework 'net8.0'. This package may not be fully compatible with your project. [C:\Users\ultra\warewolf\Dev\Dev2.IntegrationTests\Dev2.Integration.Tests.csproj]
C:\Users\ultra\warewolf\Dev\Dev2.Studio.Core.Tests\Dev2.Studio.Core.Tests.csproj : warning NU1701: Package 'AvalonEdit 6.3.0.90' was restored using '.NETFramework,Version=v4.6.1, .NETFramework,Version=v4.6.2, .NETFramework,Version=v4.7, .NETFramework,Version=v4.7.1, .NETFramework,Version=v4.7.2, .NETFramework,Version=v4.8, .NETFramework,Version=v4.8.1' instead of the project target framework 'net8.0'. This package may not be fully compatible with your project. [C:\Users\ultra\warewolf\Dev\Dev2.IntegrationTests\Dev2.Integration.Tests.csproj]
C:\Users\ultra\warewolf\Dev\Dev2.Studio.Core.Tests\Dev2.Studio.Core.Tests.csproj : warning NU1701: Package 'CommonServiceLocator 1.2.0' was restored using '.NETFramework,Version=v4.6.1, .NETFramework,Version=v4.6.2, .NETFramework,Version=v4.7, .NETFramework,Version=v4.7.1, .NETFramework,Version=v4.7.2, .NETFramework,Version=v4.8, .NETFramework,Version=v4.8.1' instead of the project target framework 'net8.0'. This package may not be fully compatible with your project. [C:\Users\ultra\warewolf\Dev\Dev2.IntegrationTests\Dev2.Integration.Tests.csproj]
C:\Users\ultra\warewolf\Dev\Dev2.Studio.Core.Tests\Dev2.Studio.Core.Tests.csproj : warning NU1701: Package 'FontAwesome.WPF 4.7.0.9' was restored using '.NETFramework,Version=v4.6.1, .NETFramework,Version=v4.6.2, .NETFramework,Version=v4.7, .NETFramework,Version=v4.7.1, .NETFramework,Version=v4.7.2, .NETFramework,Version=v4.8, .NETFramework,Version=v4.8.1' instead of the project target framework 'net8.0'. This package may not be fully compatible with your project. [C:\Users\ultra\warewolf\Dev\Dev2.IntegrationTests\Dev2.Integration.Tests.csproj]
C:\Users\ultra\warewolf\Dev\Dev2.Studio.Core.Tests\Dev2.Studio.Core.Tests.csproj : warning NU1701: Package 'GroupControls 1.9.0' was restored using '.NETFramework,Version=v4.6.1, .NETFramework,Version=v4.6.2, .NETFramework,Version=v4.7, .NETFramework,Version=v4.7.1, .NETFramework,Version=v4.7.2, .NETFramework,Version=v4.8, .NETFramework,Version=v4.8.1' instead of the project target framework 'net8.0'. This package may not be fully compatible with your project. [C:\Users\ultra\warewolf\Dev\Dev2.IntegrationTests\Dev2.Integration.Tests.csproj]
C:\Users\ultra\warewolf\Dev\Dev2.Studio.Core.Tests\Dev2.Studio.Core.Tests.csproj : warning NU1701: Package 'Log4Net.Async 2.0.4' was restored using '.NETFramework,Version=v4.6.1, .NETFramework,Version=v4.6.2, .NETFramework,Version=v4.7, .NETFramework,Version=v4.7.1, .NETFramework,Version=v4.7.2, .NETFramework,Version=v4.8, .NETFramework,Version=v4.8.1' instead of the project target framework 'net8.0'. This package may not be fully compatible with your project. [C:\Users\ultra\warewolf\Dev\Dev2.IntegrationTests\Dev2.Integration.Tests.csproj]
C:\Users\ultra\warewolf\Dev\Dev2.Studio.Core.Tests\Dev2.Studio.Core.Tests.csproj : warning NU1701: Package 'Microsoft.Xaml.Behaviors.Wpf 1.1.122' was restored using '.NETFramework,Version=v4.6.1, .NETFramework,Version=v4.6.2, .NETFramework,Version=v4.7, .NETFramework,Version=v4.7.1, .NETFramework,Version=v4.7.2, .NETFramework,Version=v4.8, .NETFramework,Version=v4.8.1' instead of the project target framework 'net8.0'. This package may not be fully compatible with your project. [C:\Users\ultra\warewolf\Dev\Dev2.IntegrationTests\Dev2.Integration.Tests.csproj]
C:\Users\ultra\warewolf\Dev\Dev2.Studio.Core.Tests\Dev2.Studio.Core.Tests.csproj : warning NU1701: Package 'Prism.Composition 5.0.0' was restored using '.NETFramework,Version=v4.6.1, .NETFramework,Version=v4.6.2, .NETFramework,Version=v4.7, .NETFramework,Version=v4.7.1, .NETFramework,Version=v4.7.2, .NETFramework,Version=v4.8, .NETFramework,Version=v4.8.1' instead of the project target framework 'net8.0'. This package may not be fully compatible with your project. [C:\Users\ultra\warewolf\Dev\Dev2.IntegrationTests\Dev2.Integration.Tests.csproj]
C:\Users\ultra\warewolf\Dev\Dev2.Studio.Core.Tests\Dev2.Studio.Core.Tests.csproj : warning NU1701: Package 'Prism.Interactivity 5.0.0' was restored using '.NETFramework,Version=v4.6.1, .NETFramework,Version=v4.6.2, .NETFramework,Version=v4.7, .NETFramework,Version=v4.7.1, .NETFramework,Version=v4.7.2, .NETFramework,Version=v4.8, .NETFramework,Version=v4.8.1' instead of the project target framework 'net8.0'. This package may not be fully compatible with your project. [C:\Users\ultra\warewolf\Dev\Dev2.IntegrationTests\Dev2.Integration.Tests.csproj]
C:\Users\ultra\warewolf\Dev\Dev2.Studio.Core.Tests\Dev2.Studio.Core.Tests.csproj : warning NU1701: Package 'Prism.Mvvm 1.0.0' was restored using '.NETFramework,Version=v4.6.1, .NETFramework,Version=v4.6.2, .NETFramework,Version=v4.7, .NETFramework,Version=v4.7.1, .NETFramework,Version=v4.7.2, .NETFramework,Version=v4.8, .NETFramework,Version=v4.8.1' instead of the project target framework 'net8.0'. This package may not be fully compatible with your project. [C:\Users\ultra\warewolf\Dev\Dev2.IntegrationTests\Dev2.Integration.Tests.csproj]
C:\Users\ultra\warewolf\Dev\Dev2.Studio.Core.Tests\Dev2.Studio.Core.Tests.csproj : warning NU1701: Package 'Prism.PubSubEvents 1.0.0' was restored using '.NETFramework,Version=v4.6.1, .NETFramework,Version=v4.6.2, .NETFramework,Version=v4.7, .NETFramework,Version=v4.7.1, .NETFramework,Version=v4.7.2, .NETFramework,Version=v4.8, .NETFramework,Version=v4.8.1' instead of the project target framework 'net8.0'. This package may not be fully compatible with your project. [C:\Users\ultra\warewolf\Dev\Dev2.IntegrationTests\Dev2.Integration.Tests.csproj]
C:\Users\ultra\warewolf\Dev\Dev2.Studio.Core.Tests\Dev2.Studio.Core.Tests.csproj : warning NU1701: Package 'Prism.UnityExtensions 5.0.1' was restored using '.NETFramework,Version=v4.6.1, .NETFramework,Version=v4.6.2, .NETFramework,Version=v4.7, .NETFramework,Version=v4.7.1, .NETFramework,Version=v4.7.2, .NETFramework,Version=v4.8, .NETFramework,Version=v4.8.1' instead of the project target framework 'net8.0'. This package may not be fully compatible with your project. [C:\Users\ultra\warewolf\Dev\Dev2.IntegrationTests\Dev2.Integration.Tests.csproj]
C:\Users\ultra\warewolf\Dev\Dev2.Studio.Core.Tests\Dev2.Studio.Core.Tests.csproj : warning NU1701: Package 'Prism.Wpf 9.0.537' was restored using '.NETFramework,Version=v4.6.1, .NETFramework,Version=v4.6.2, .NETFramework,Version=v4.7, .NETFramework,Version=v4.7.1, .NETFramework,Version=v4.7.2, .NETFramework,Version=v4.8, .NETFramework,Version=v4.8.1' instead of the project target framework 'net8.0'. This package may not be fully compatible with your project. [C:\Users\ultra\warewolf\Dev\Dev2.IntegrationTests\Dev2.Integration.Tests.csproj]
C:\Users\ultra\warewolf\Dev\Dev2.Studio.Core.Tests\Dev2.Studio.Core.Tests.csproj : warning NU1701: Package 'ReactiveUI.WPF 18.4.1' was restored using '.NETFramework,Version=v4.6.1, .NETFramework,Version=v4.6.2, .NETFramework,Version=v4.7, .NETFramework,Version=v4.7.1, .NETFramework,Version=v4.7.2, .NETFramework,Version=v4.8, .NETFramework,Version=v4.8.1' instead of the project target framework 'net8.0'. This package may not be fully compatible with your project. [C:\Users\ultra\warewolf\Dev\Dev2.IntegrationTests\Dev2.Integration.Tests.csproj]
C:\Users\ultra\warewolf\Dev\Dev2.Studio.Core.Tests\Dev2.Studio.Core.Tests.csproj : warning NU1701: Package 'TaskSchedulerEditor 2.10.1' was restored using '.NETFramework,Version=v4.6.1, .NETFramework,Version=v4.6.2, .NETFramework,Version=v4.7, .NETFramework,Version=v4.7.1, .NETFramework,Version=v4.7.2, .NETFramework,Version=v4.8, .NETFramework,Version=v4.8.1' instead of the project target framework 'net8.0'. This package may not be fully compatible with your project. [C:\Users\ultra\warewolf\Dev\Dev2.IntegrationTests\Dev2.Integration.Tests.csproj]
C:\Users\ultra\warewolf\Dev\Dev2.Studio.Core.Tests\Dev2.Studio.Core.Tests.csproj : warning NU1701: Package 'Unofficial.Microsoft.mshtml 7.0.3300' was restored using '.NETFramework,Version=v4.6.1, .NETFramework,Version=v4.6.2, .NETFramework,Version=v4.7, .NETFramework,Version=v4.7.1, .NETFramework,Version=v4.7.2, .NETFramework,Version=v4.8, .NETFramework,Version=v4.8.1' instead of the project target framework 'net8.0'. This package may not be fully compatible with your project. [C:\Users\ultra\warewolf\Dev\Dev2.IntegrationTests\Dev2.Integration.Tests.csproj]
C:\Users\ultra\warewolf\Dev\Warewolf.HangfireServer\Warewolf.HangfireServer.csproj : warning NU1903: Package 'Microsoft.Windows.Compatibility' 6.0.0 has a known high severity vulnerability, https://github.com/advisories/GHSA-555c-2p6r-68mm [C:\Users\ultra\warewolf\Dev\Dev2.IntegrationTests\Dev2.Integration.Tests.csproj]
C:\Users\ultra\warewolf\Dev\Warewolf.HangfireServer\Warewolf.HangfireServer.csproj : warning NU1701: Package 'AeroWizard 2.3.1' was restored using '.NETFramework,Version=v4.6.1, .NETFramework,Version=v4.6.2, .NETFramework,Version=v4.7, .NETFramework,Version=v4.7.1, .NETFramework,Version=v4.7.2, .NETFramework,Version=v4.8, .NETFramework,Version=v4.8.1' instead of the project target framework 'net8.0'. This package may not be fully compatible with your project. [C:\Users\ultra\warewolf\Dev\Dev2.IntegrationTests\Dev2.Integration.Tests.csproj]
C:\Users\ultra\warewolf\Dev\Warewolf.HangfireServer\Warewolf.HangfireServer.csproj : warning NU1701: Package 'GroupControls 1.9.0' was restored using '.NETFramework,Version=v4.6.1, .NETFramework,Version=v4.6.2, .NETFramework,Version=v4.7, .NETFramework,Version=v4.7.1, .NETFramework,Version=v4.7.2, .NETFramework,Version=v4.8, .NETFramework,Version=v4.8.1' instead of the project target framework 'net8.0'. This package may not be fully compatible with your project. [C:\Users\ultra\warewolf\Dev\Dev2.IntegrationTests\Dev2.Integration.Tests.csproj]
C:\Users\ultra\warewolf\Dev\Warewolf.HangfireServer\Warewolf.HangfireServer.csproj : warning NU1701: Package 'ReactiveUI.WPF 18.4.1' was restored using '.NETFramework,Version=v4.6.1, .NETFramework,Version=v4.6.2, .NETFramework,Version=v4.7, .NETFramework,Version=v4.7.1, .NETFramework,Version=v4.7.2, .NETFramework,Version=v4.8, .NETFramework,Version=v4.8.1' instead of the project target framework 'net8.0'. This package may not be fully compatible with your project. [C:\Users\ultra\warewolf\Dev\Dev2.IntegrationTests\Dev2.Integration.Tests.csproj]
C:\Users\ultra\warewolf\Dev\Warewolf.HangfireServer\Warewolf.HangfireServer.csproj : warning NU1701: Package 'TaskSchedulerEditor 2.10.1' was restored using '.NETFramework,Version=v4.6.1, .NETFramework,Version=v4.6.2, .NETFramework,Version=v4.7, .NETFramework,Version=v4.7.1, .NETFramework,Version=v4.7.2, .NETFramework,Version=v4.8, .NETFramework,Version=v4.8.1' instead of the project target framework 'net8.0'. This package may not be fully compatible with your project. [C:\Users\ultra\warewolf\Dev\Dev2.IntegrationTests\Dev2.Integration.Tests.csproj]
C:\Users\ultra\warewolf\Dev\Warewolf.Logger\Warewolf.Logger.csproj : warning NU1701: Package 'AeroWizard 2.3.1' was restored using '.NETFramework,Version=v4.6.1, .NETFramework,Version=v4.6.2, .NETFramework,Version=v4.7, .NETFramework,Version=v4.7.1, .NETFramework,Version=v4.7.2, .NETFramework,Version=v4.8, .NETFramework,Version=v4.8.1' instead of the project target framework 'net8.0'. This package may not be fully compatible with your project. [C:\Users\ultra\warewolf\Dev\Dev2.IntegrationTests\Dev2.Integration.Tests.csproj]
C:\Users\ultra\warewolf\Dev\Warewolf.Logger\Warewolf.Logger.csproj : warning NU1701: Package 'GroupControls 1.9.0' was restored using '.NETFramework,Version=v4.6.1, .NETFramework,Version=v4.6.2, .NETFramework,Version=v4.7, .NETFramework,Version=v4.7.1, .NETFramework,Version=v4.7.2, .NETFramework,Version=v4.8, .NETFramework,Version=v4.8.1' instead of the project target framework 'net8.0'. This package may not be fully compatible with your project. [C:\Users\ultra\warewolf\Dev\Dev2.IntegrationTests\Dev2.Integration.Tests.csproj]
C:\Users\ultra\warewolf\Dev\Warewolf.Logger\Warewolf.Logger.csproj : warning NU1701: Package 'Microsoft.Xaml.Behaviors.Wpf 1.1.122' was restored using '.NETFramework,Version=v4.6.1, .NETFramework,Version=v4.6.2, .NETFramework,Version=v4.7, .NETFramework,Version=v4.7.1, .NETFramework,Version=v4.7.2, .NETFramework,Version=v4.8, .NETFramework,Version=v4.8.1' instead of the project target framework 'net8.0'. This package may not be fully compatible with your project. [C:\Users\ultra\warewolf\Dev\Dev2.IntegrationTests\Dev2.Integration.Tests.csproj]
C:\Users\ultra\warewolf\Dev\Warewolf.Logger\Warewolf.Logger.csproj : warning NU1701: Package 'Prism.Wpf 9.0.537' was restored using '.NETFramework,Version=v4.6.1, .NETFramework,Version=v4.6.2, .NETFramework,Version=v4.7, .NETFramework,Version=v4.7.1, .NETFramework,Version=v4.7.2, .NETFramework,Version=v4.8, .NETFramework,Version=v4.8.1' instead of the project target framework 'net8.0'. This package may not be fully compatible with your project. [C:\Users\ultra\warewolf\Dev\Dev2.IntegrationTests\Dev2.Integration.Tests.csproj]
C:\Users\ultra\warewolf\Dev\Warewolf.Logger\Warewolf.Logger.csproj : warning NU1701: Package 'ReactiveUI.WPF 18.4.1' was restored using '.NETFramework,Version=v4.6.1, .NETFramework,Version=v4.6.2, .NETFramework,Version=v4.7, .NETFramework,Version=v4.7.1, .NETFramework,Version=v4.7.2, .NETFramework,Version=v4.8, .NETFramework,Version=v4.8.1' instead of the project target framework 'net8.0'. This package may not be fully compatible with your project. [C:\Users\ultra\warewolf\Dev\Dev2.IntegrationTests\Dev2.Integration.Tests.csproj]
C:\Users\ultra\warewolf\Dev\Warewolf.Logger\Warewolf.Logger.csproj : warning NU1701: Package 'TaskSchedulerEditor 2.10.1' was restored using '.NETFramework,Version=v4.6.1, .NETFramework,Version=v4.6.2, .NETFramework,Version=v4.7, .NETFramework,Version=v4.7.1, .NETFramework,Version=v4.7.2, .NETFramework,Version=v4.8, .NETFramework,Version=v4.8.1' instead of the project target framework 'net8.0'. This package may not be fully compatible with your project. [C:\Users\ultra\warewolf\Dev\Dev2.IntegrationTests\Dev2.Integration.Tests.csproj]
C:\Users\ultra\warewolf\Dev\Dev2.IntegrationTests\Dev2.Integration.Tests.csproj : warning NU1701: Package 'AeroWizard 2.3.1' was restored using '.NETFramework,Version=v4.6.1, .NETFramework,Version=v4.6.2, .NETFramework,Version=v4.7, .NETFramework,Version=v4.7.1, .NETFramework,Version=v4.7.2, .NETFramework,Version=v4.8, .NETFramework,Version=v4.8.1' instead of the project target framework 'net8.0'. This package may not be fully compatible with your project.
C:\Users\ultra\warewolf\Dev\Dev2.IntegrationTests\Dev2.Integration.Tests.csproj : warning NU1701: Package 'AvalonEdit 6.3.0.90' was restored using '.NETFramework,Version=v4.6.1, .NETFramework,Version=v4.6.2, .NETFramework,Version=v4.7, .NETFramework,Version=v4.7.1, .NETFramework,Version=v4.7.2, .NETFramework,Version=v4.8, .NETFramework,Version=v4.8.1' instead of the project target framework 'net8.0'. This package may not be fully compatible with your project.
C:\Users\ultra\warewolf\Dev\Dev2.IntegrationTests\Dev2.Integration.Tests.csproj : warning NU1701: Package 'CommonServiceLocator 1.2.0' was restored using '.NETFramework,Version=v4.6.1, .NETFramework,Version=v4.6.2, .NETFramework,Version=v4.7, .NETFramework,Version=v4.7.1, .NETFramework,Version=v4.7.2, .NETFramework,Version=v4.8, .NETFramework,Version=v4.8.1' instead of the project target framework 'net8.0'. This package may not be fully compatible with your project.
C:\Users\ultra\warewolf\Dev\Dev2.IntegrationTests\Dev2.Integration.Tests.csproj : warning NU1701: Package 'FontAwesome.WPF 4.7.0.9' was restored using '.NETFramework,Version=v4.6.1, .NETFramework,Version=v4.6.2, .NETFramework,Version=v4.7, .NETFramework,Version=v4.7.1, .NETFramework,Version=v4.7.2, .NETFramework,Version=v4.8, .NETFramework,Version=v4.8.1' instead of the project target framework 'net8.0'. This package may not be fully compatible with your project.
C:\Users\ultra\warewolf\Dev\Dev2.IntegrationTests\Dev2.Integration.Tests.csproj : warning NU1701: Package 'GroupControls 1.9.0' was restored using '.NETFramework,Version=v4.6.1, .NETFramework,Version=v4.6.2, .NETFramework,Version=v4.7, .NETFramework,Version=v4.7.1, .NETFramework,Version=v4.7.2, .NETFramework,Version=v4.8, .NETFramework,Version=v4.8.1' instead of the project target framework 'net8.0'. This package may not be fully compatible with your project.
C:\Users\ultra\warewolf\Dev\Dev2.IntegrationTests\Dev2.Integration.Tests.csproj : warning NU1701: Package 'Log4Net.Async 2.0.4' was restored using '.NETFramework,Version=v4.6.1, .NETFramework,Version=v4.6.2, .NETFramework,Version=v4.7, .NETFramework,Version=v4.7.1, .NETFramework,Version=v4.7.2, .NETFramework,Version=v4.8, .NETFramework,Version=v4.8.1' instead of the project target framework 'net8.0'. This package may not be fully compatible with your project.
C:\Users\ultra\warewolf\Dev\Dev2.IntegrationTests\Dev2.Integration.Tests.csproj : warning NU1701: Package 'Microsoft.Xaml.Behaviors.Wpf 1.1.122' was restored using '.NETFramework,Version=v4.6.1, .NETFramework,Version=v4.6.2, .NETFramework,Version=v4.7, .NETFramework,Version=v4.7.1, .NETFramework,Version=v4.7.2, .NETFramework,Version=v4.8, .NETFramework,Version=v4.8.1' instead of the project target framework 'net8.0'. This package may not be fully compatible with your project.
C:\Users\ultra\warewolf\Dev\Dev2.IntegrationTests\Dev2.Integration.Tests.csproj : warning NU1701: Package 'Prism.Composition 5.0.0' was restored using '.NETFramework,Version=v4.6.1, .NETFramework,Version=v4.6.2, .NETFramework,Version=v4.7, .NETFramework,Version=v4.7.1, .NETFramework,Version=v4.7.2, .NETFramework,Version=v4.8, .NETFramework,Version=v4.8.1' instead of the project target framework 'net8.0'. This package may not be fully compatible with your project.
C:\Users\ultra\warewolf\Dev\Dev2.IntegrationTests\Dev2.Integration.Tests.csproj : warning NU1701: Package 'Prism.Interactivity 5.0.0' was restored using '.NETFramework,Version=v4.6.1, .NETFramework,Version=v4.6.2, .NETFramework,Version=v4.7, .NETFramework,Version=v4.7.1, .NETFramework,Version=v4.7.2, .NETFramework,Version=v4.8, .NETFramework,Version=v4.8.1' instead of the project target framework 'net8.0'. This package may not be fully compatible with your project.
C:\Users\ultra\warewolf\Dev\Dev2.IntegrationTests\Dev2.Integration.Tests.csproj : warning NU1701: Package 'Prism.Mvvm 1.0.0' was restored using '.NETFramework,Version=v4.6.1, .NETFramework,Version=v4.6.2, .NETFramework,Version=v4.7, .NETFramework,Version=v4.7.1, .NETFramework,Version=v4.7.2, .NETFramework,Version=v4.8, .NETFramework,Version=v4.8.1' instead of the project target framework 'net8.0'. This package may not be fully compatible with your project.
C:\Users\ultra\warewolf\Dev\Dev2.IntegrationTests\Dev2.Integration.Tests.csproj : warning NU1701: Package 'Prism.PubSubEvents 1.0.0' was restored using '.NETFramework,Version=v4.6.1, .NETFramework,Version=v4.6.2, .NETFramework,Version=v4.7, .NETFramework,Version=v4.7.1, .NETFramework,Version=v4.7.2, .NETFramework,Version=v4.8, .NETFramework,Version=v4.8.1' instead of the project target framework 'net8.0'. This package may not be fully compatible with your project.
C:\Users\ultra\warewolf\Dev\Dev2.IntegrationTests\Dev2.Integration.Tests.csproj : warning NU1701: Package 'Prism.UnityExtensions 5.0.1' was restored using '.NETFramework,Version=v4.6.1, .NETFramework,Version=v4.6.2, .NETFramework,Version=v4.7, .NETFramework,Version=v4.7.1, .NETFramework,Version=v4.7.2, .NETFramework,Version=v4.8, .NETFramework,Version=v4.8.1' instead of the project target framework 'net8.0'. This package may not be fully compatible with your project.
C:\Users\ultra\warewolf\Dev\Dev2.IntegrationTests\Dev2.Integration.Tests.csproj : warning NU1701: Package 'Prism.Wpf 9.0.537' was restored using '.NETFramework,Version=v4.6.1, .NETFramework,Version=v4.6.2, .NETFramework,Version=v4.7, .NETFramework,Version=v4.7.1, .NETFramework,Version=v4.7.2, .NETFramework,Version=v4.8, .NETFramework,Version=v4.8.1' instead of the project target framework 'net8.0'. This package may not be fully compatible with your project.
C:\Users\ultra\warewolf\Dev\Dev2.IntegrationTests\Dev2.Integration.Tests.csproj : warning NU1701: Package 'ReactiveUI.WPF 18.4.1' was restored using '.NETFramework,Version=v4.6.1, .NETFramework,Version=v4.6.2, .NETFramework,Version=v4.7, .NETFramework,Version=v4.7.1, .NETFramework,Version=v4.7.2, .NETFramework,Version=v4.8, .NETFramework,Version=v4.8.1' instead of the project target framework 'net8.0'. This package may not be fully compatible with your project.
C:\Users\ultra\warewolf\Dev\Dev2.IntegrationTests\Dev2.Integration.Tests.csproj : warning NU1701: Package 'TaskSchedulerEditor 2.10.1' was restored using '.NETFramework,Version=v4.6.1, .NETFramework,Version=v4.6.2, .NETFramework,Version=v4.7, .NETFramework,Version=v4.7.1, .NETFramework,Version=v4.7.2, .NETFramework,Version=v4.8, .NETFramework,Version=v4.8.1' instead of the project target framework 'net8.0'. This package may not be fully compatible with your project.
C:\Users\ultra\warewolf\Dev\Dev2.IntegrationTests\Dev2.Integration.Tests.csproj : warning NU1701: Package 'Unofficial.Microsoft.mshtml 7.0.3300' was restored using '.NETFramework,Version=v4.6.1, .NETFramework,Version=v4.6.2, .NETFramework,Version=v4.7, .NETFramework,Version=v4.7.1, .NETFramework,Version=v4.7.2, .NETFramework,Version=v4.8, .NETFramework,Version=v4.8.1' instead of the project target framework 'net8.0'. This package may not be fully compatible with your project.
  Restored C:\Users\ultra\warewolf\Dev\Dev2.IntegrationTests\Dev2.Integration.Tests.csproj (in 683 ms).
  85 of 86 projects are up-to-date for restore.
C:\Users\ultra\warewolf\Dev\Dev2.IntegrationTests\Dev2.Integration.Tests.csproj : warning NU1701: Package 'AeroWizard 2.3.1' was restored using '.NETFramework,Version=v4.6.1, .NETFramework,Version=v4.6.2, .NETFramework,Version=v4.7, .NETFramework,Version=v4.7.1, .NETFramework,Version=v4.7.2, .NETFramework,Version=v4.8, .NETFramework,Version=v4.8.1' instead of the project target framework 'net8.0'. This package may not be fully compatible with your project.
C:\Users\ultra\warewolf\Dev\Dev2.IntegrationTests\Dev2.Integration.Tests.csproj : warning NU1701: Package 'AvalonEdit 6.3.0.90' was restored using '.NETFramework,Version=v4.6.1, .NETFramework,Version=v4.6.2, .NETFramework,Version=v4.7, .NETFramework,Version=v4.7.1, .NETFramework,Version=v4.7.2, .NETFramework,Version=v4.8, .NETFramework,Version=v4.8.1' instead of the project target framework 'net8.0'. This package may not be fully compatible with your project.
C:\Users\ultra\warewolf\Dev\Dev2.IntegrationTests\Dev2.Integration.Tests.csproj : warning NU1701: Package 'CommonServiceLocator 1.2.0' was restored using '.NETFramework,Version=v4.6.1, .NETFramework,Version=v4.6.2, .NETFramework,Version=v4.7, .NETFramework,Version=v4.7.1, .NETFramework,Version=v4.7.2, .NETFramework,Version=v4.8, .NETFramework,Version=v4.8.1' instead of the project target framework 'net8.0'. This package may not be fully compatible with your project.
C:\Users\ultra\warewolf\Dev\Dev2.IntegrationTests\Dev2.Integration.Tests.csproj : warning NU1701: Package 'FontAwesome.WPF 4.7.0.9' was restored using '.NETFramework,Version=v4.6.1, .NETFramework,Version=v4.6.2, .NETFramework,Version=v4.7, .NETFramework,Version=v4.7.1, .NETFramework,Version=v4.7.2, .NETFramework,Version=v4.8, .NETFramework,Version=v4.8.1' instead of the project target framework 'net8.0'. This package may not be fully compatible with your project.
C:\Users\ultra\warewolf\Dev\Dev2.IntegrationTests\Dev2.Integration.Tests.csproj : warning NU1701: Package 'GroupControls 1.9.0' was restored using '.NETFramework,Version=v4.6.1, .NETFramework,Version=v4.6.2, .NETFramework,Version=v4.7, .NETFramework,Version=v4.7.1, .NETFramework,Version=v4.7.2, .NETFramework,Version=v4.8, .NETFramework,Version=v4.8.1' instead of the project target framework 'net8.0'. This package may not be fully compatible with your project.
C:\Users\ultra\warewolf\Dev\Dev2.IntegrationTests\Dev2.Integration.Tests.csproj : warning NU1701: Package 'Log4Net.Async 2.0.4' was restored using '.NETFramework,Version=v4.6.1, .NETFramework,Version=v4.6.2, .NETFramework,Version=v4.7, .NETFramework,Version=v4.7.1, .NETFramework,Version=v4.7.2, .NETFramework,Version=v4.8, .NETFramework,Version=v4.8.1' instead of the project target framework 'net8.0'. This package may not be fully compatible with your project.
C:\Users\ultra\warewolf\Dev\Dev2.IntegrationTests\Dev2.Integration.Tests.csproj : warning NU1701: Package 'Microsoft.Xaml.Behaviors.Wpf 1.1.122' was restored using '.NETFramework,Version=v4.6.1, .NETFramework,Version=v4.6.2, .NETFramework,Version=v4.7, .NETFramework,Version=v4.7.1, .NETFramework,Version=v4.7.2, .NETFramework,Version=v4.8, .NETFramework,Version=v4.8.1' instead of the project target framework 'net8.0'. This package may not be fully compatible with your project.
C:\Users\ultra\warewolf\Dev\Dev2.IntegrationTests\Dev2.Integration.Tests.csproj : warning NU1701: Package 'Prism.Composition 5.0.0' was restored using '.NETFramework,Version=v4.6.1, .NETFramework,Version=v4.6.2, .NETFramework,Version=v4.7, .NETFramework,Version=v4.7.1, .NETFramework,Version=v4.7.2, .NETFramework,Version=v4.8, .NETFramework,Version=v4.8.1' instead of the project target framework 'net8.0'. This package may not be fully compatible with your project.
C:\Users\ultra\warewolf\Dev\Dev2.IntegrationTests\Dev2.Integration.Tests.csproj : warning NU1701: Package 'Prism.Interactivity 5.0.0' was restored using '.NETFramework,Version=v4.6.1, .NETFramework,Version=v4.6.2, .NETFramework,Version=v4.7, .NETFramework,Version=v4.7.1, .NETFramework,Version=v4.7.2, .NETFramework,Version=v4.8, .NETFramework,Version=v4.8.1' instead of the project target framework 'net8.0'. This package may not be fully compatible with your project.
C:\Users\ultra\warewolf\Dev\Dev2.IntegrationTests\Dev2.Integration.Tests.csproj : warning NU1701: Package 'Prism.Mvvm 1.0.0' was restored using '.NETFramework,Version=v4.6.1, .NETFramework,Version=v4.6.2, .NETFramework,Version=v4.7, .NETFramework,Version=v4.7.1, .NETFramework,Version=v4.7.2, .NETFramework,Version=v4.8, .NETFramework,Version=v4.8.1' instead of the project target framework 'net8.0'. This package may not be fully compatible with your project.
C:\Users\ultra\warewolf\Dev\Dev2.IntegrationTests\Dev2.Integration.Tests.csproj : warning NU1701: Package 'Prism.PubSubEvents 1.0.0' was restored using '.NETFramework,Version=v4.6.1, .NETFramework,Version=v4.6.2, .NETFramework,Version=v4.7, .NETFramework,Version=v4.7.1, .NETFramework,Version=v4.7.2, .NETFramework,Version=v4.8, .NETFramework,Version=v4.8.1' instead of the project target framework 'net8.0'. This package may not be fully compatible with your project.
C:\Users\ultra\warewolf\Dev\Dev2.IntegrationTests\Dev2.Integration.Tests.csproj : warning NU1701: Package 'Prism.UnityExtensions 5.0.1' was restored using '.NETFramework,Version=v4.6.1, .NETFramework,Version=v4.6.2, .NETFramework,Version=v4.7, .NETFramework,Version=v4.7.1, .NETFramework,Version=v4.7.2, .NETFramework,Version=v4.8, .NETFramework,Version=v4.8.1' instead of the project target framework 'net8.0'. This package may not be fully compatible with your project.
C:\Users\ultra\warewolf\Dev\Dev2.IntegrationTests\Dev2.Integration.Tests.csproj : warning NU1701: Package 'Prism.Wpf 9.0.537' was restored using '.NETFramework,Version=v4.6.1, .NETFramework,Version=v4.6.2, .NETFramework,Version=v4.7, .NETFramework,Version=v4.7.1, .NETFramework,Version=v4.7.2, .NETFramework,Version=v4.8, .NETFramework,Version=v4.8.1' instead of the project target framework 'net8.0'. This package may not be fully compatible with your project.
C:\Users\ultra\warewolf\Dev\Dev2.IntegrationTests\Dev2.Integration.Tests.csproj : warning NU1701: Package 'ReactiveUI.WPF 18.4.1' was restored using '.NETFramework,Version=v4.6.1, .NETFramework,Version=v4.6.2, .NETFramework,Version=v4.7, .NETFramework,Version=v4.7.1, .NETFramework,Version=v4.7.2, .NETFramework,Version=v4.8, .NETFramework,Version=v4.8.1' instead of the project target framework 'net8.0'. This package may not be fully compatible with your project.
C:\Users\ultra\warewolf\Dev\Dev2.IntegrationTests\Dev2.Integration.Tests.csproj : warning NU1701: Package 'TaskSchedulerEditor 2.10.1' was restored using '.NETFramework,Version=v4.6.1, .NETFramework,Version=v4.6.2, .NETFramework,Version=v4.7, .NETFramework,Version=v4.7.1, .NETFramework,Version=v4.7.2, .NETFramework,Version=v4.8, .NETFramework,Version=v4.8.1' instead of the project target framework 'net8.0'. This package may not be fully compatible with your project.
C:\Users\ultra\warewolf\Dev\Dev2.IntegrationTests\Dev2.Integration.Tests.csproj : warning NU1701: Package 'Unofficial.Microsoft.mshtml 7.0.3300' was restored using '.NETFramework,Version=v4.6.1, .NETFramework,Version=v4.6.2, .NETFramework,Version=v4.7, .NETFramework,Version=v4.7.1, .NETFramework,Version=v4.7.2, .NETFramework,Version=v4.8, .NETFramework,Version=v4.8.1' instead of the project target framework 'net8.0'. This package may not be fully compatible with your project.
C:\Users\ultra\warewolf\Dev\Dev2.Data\Dev2.Data.csproj : warning NU1701: Package 'AeroWizard 2.3.1' was restored using '.NETFramework,Version=v4.6.1, .NETFramework,Version=v4.6.2, .NETFramework,Version=v4.7, .NETFramework,Version=v4.7.1, .NETFramework,Version=v4.7.2, .NETFramework,Version=v4.8, .NETFramework,Version=v4.8.1' instead of the project target framework 'net8.0'. This package may not be fully compatible with your project.
C:\Users\ultra\warewolf\Dev\Dev2.Data\Dev2.Data.csproj : warning NU1701: Package 'GroupControls 1.9.0' was restored using '.NETFramework,Version=v4.6.1, .NETFramework,Version=v4.6.2, .NETFramework,Version=v4.7, .NETFramework,Version=v4.7.1, .NETFramework,Version=v4.7.2, .NETFramework,Version=v4.8, .NETFramework,Version=v4.8.1' instead of the project target framework 'net8.0'. This package may not be fully compatible with your project.
C:\Users\ultra\warewolf\Dev\Dev2.Data\Dev2.Data.csproj : warning NU1701: Package 'ReactiveUI.WPF 18.4.1' was restored using '.NETFramework,Version=v4.6.1, .NETFramework,Version=v4.6.2, .NETFramework,Version=v4.7, .NETFramework,Version=v4.7.1, .NETFramework,Version=v4.7.2, .NETFramework,Version=v4.8, .NETFramework,Version=v4.8.1' instead of the project target framework 'net8.0'. This package may not be fully compatible with your project.
C:\Users\ultra\warewolf\Dev\Dev2.Data\Dev2.Data.csproj : warning NU1701: Package 'TaskSchedulerEditor 2.10.1' was restored using '.NETFramework,Version=v4.6.1, .NETFramework,Version=v4.6.2, .NETFramework,Version=v4.7, .NETFramework,Version=v4.7.1, .NETFramework,Version=v4.7.2, .NETFramework,Version=v4.8, .NETFramework,Version=v4.8.1' instead of the project target framework 'net8.0'. This package may not be fully compatible with your project.
C:\Users\ultra\warewolf\Dev\Dev2.Common\Dev2.Common.csproj : warning NU1903: Package 'Microsoft.Windows.Compatibility' 6.0.0 has a known high severity vulnerability, https://github.com/advisories/GHSA-555c-2p6r-68mm
C:\Users\ultra\warewolf\Dev\Dev2.Common\Dev2.Common.csproj : warning NU1701: Package 'AeroWizard 2.3.1' was restored using '.NETFramework,Version=v4.6.1, .NETFramework,Version=v4.6.2, .NETFramework,Version=v4.7, .NETFramework,Version=v4.7.1, .NETFramework,Version=v4.7.2, .NETFramework,Version=v4.8, .NETFramework,Version=v4.8.1' instead of the project target framework 'net8.0'. This package may not be fully compatible with your project.
C:\Users\ultra\warewolf\Dev\Dev2.Data.Interfaces\Dev2.Data.Interfaces.csproj : warning NU1903: Package 'DotNetZip' 1.16.0 has a known high severity vulnerability, https://github.com/advisories/GHSA-xhg6-9j5j-w4vf
C:\Users\ultra\warewolf\Dev\Dev2.Common\Dev2.Common.csproj : warning NU1701: Package 'GroupControls 1.9.0' was restored using '.NETFramework,Version=v4.6.1, .NETFramework,Version=v4.6.2, .NETFramework,Version=v4.7, .NETFramework,Version=v4.7.1, .NETFramework,Version=v4.7.2, .NETFramework,Version=v4.8, .NETFramework,Version=v4.8.1' instead of the project target framework 'net8.0'. This package may not be fully compatible with your project.
C:\Users\ultra\warewolf\Dev\Dev2.Data.Interfaces\Dev2.Data.Interfaces.csproj : warning NU1701: Package 'AeroWizard 2.3.1' was restored using '.NETFramework,Version=v4.6.1, .NETFramework,Version=v4.6.2, .NETFramework,Version=v4.7, .NETFramework,Version=v4.7.1, .NETFramework,Version=v4.7.2, .NETFramework,Version=v4.8, .NETFramework,Version=v4.8.1' instead of the project target framework 'net8.0'. This package may not be fully compatible with your project.
C:\Users\ultra\warewolf\Dev\Dev2.Common\Dev2.Common.csproj : warning NU1701: Package 'TaskSchedulerEditor 2.10.1' was restored using '.NETFramework,Version=v4.6.1, .NETFramework,Version=v4.6.2, .NETFramework,Version=v4.7, .NETFramework,Version=v4.7.1, .NETFramework,Version=v4.7.2, .NETFramework,Version=v4.8, .NETFramework,Version=v4.8.1' instead of the project target framework 'net8.0'. This package may not be fully compatible with your project.
C:\Users\ultra\warewolf\Dev\Dev2.Data.Interfaces\Dev2.Data.Interfaces.csproj : warning NU1701: Package 'GroupControls 1.9.0' was restored using '.NETFramework,Version=v4.6.1, .NETFramework,Version=v4.6.2, .NETFramework,Version=v4.7, .NETFramework,Version=v4.7.1, .NETFramework,Version=v4.7.2, .NETFramework,Version=v4.8, .NETFramework,Version=v4.8.1' instead of the project target framework 'net8.0'. This package may not be fully compatible with your project.
C:\Users\ultra\warewolf\Dev\Dev2.Data.Interfaces\Dev2.Data.Interfaces.csproj : warning NU1701: Package 'TaskSchedulerEditor 2.10.1' was restored using '.NETFramework,Version=v4.6.1, .NETFramework,Version=v4.6.2, .NETFramework,Version=v4.7, .NETFramework,Version=v4.7.1, .NETFramework,Version=v4.7.2, .NETFramework,Version=v4.8, .NETFramework,Version=v4.8.1' instead of the project target framework 'net8.0'. This package may not be fully compatible with your project.
C:\Users\ultra\warewolf\Dev\Dev2.Core\Dev2.Core.csproj : warning NU1903: Package 'Microsoft.Windows.Compatibility' 6.0.0 has a known high severity vulnerability, https://github.com/advisories/GHSA-555c-2p6r-68mm
C:\Users\ultra\warewolf\Dev\Dev2.Core\Dev2.Core.csproj : warning NU1701: Package 'AeroWizard 2.3.1' was restored using '.NETFramework,Version=v4.6.1, .NETFramework,Version=v4.6.2, .NETFramework,Version=v4.7, .NETFramework,Version=v4.7.1, .NETFramework,Version=v4.7.2, .NETFramework,Version=v4.8, .NETFramework,Version=v4.8.1' instead of the project target framework 'net8.0'. This package may not be fully compatible with your project.
C:\Users\ultra\warewolf\Dev\Dev2.Core\Dev2.Core.csproj : warning NU1701: Package 'GroupControls 1.9.0' was restored using '.NETFramework,Version=v4.6.1, .NETFramework,Version=v4.6.2, .NETFramework,Version=v4.7, .NETFramework,Version=v4.7.1, .NETFramework,Version=v4.7.2, .NETFramework,Version=v4.8, .NETFramework,Version=v4.8.1' instead of the project target framework 'net8.0'. This package may not be fully compatible with your project.
C:\Users\ultra\warewolf\Dev\Dev2.Core\Dev2.Core.csproj : warning NU1701: Package 'ReactiveUI.WPF 18.4.1' was restored using '.NETFramework,Version=v4.6.1, .NETFramework,Version=v4.6.2, .NETFramework,Version=v4.7, .NETFramework,Version=v4.7.1, .NETFramework,Version=v4.7.2, .NETFramework,Version=v4.8, .NETFramework,Version=v4.8.1' instead of the project target framework 'net8.0'. This package may not be fully compatible with your project.
C:\Users\ultra\warewolf\Dev\Dev2.Common.Interfaces\Dev2.Common.Interfaces.csproj : warning NU1903: Package 'Microsoft.Windows.Compatibility' 6.0.0 has a known high severity vulnerability, https://github.com/advisories/GHSA-555c-2p6r-68mm
C:\Users\ultra\warewolf\Dev\Dev2.Core\Dev2.Core.csproj : warning NU1701: Package 'TaskSchedulerEditor 2.10.1' was restored using '.NETFramework,Version=v4.6.1, .NETFramework,Version=v4.6.2, .NETFramework,Version=v4.7, .NETFramework,Version=v4.7.1, .NETFramework,Version=v4.7.2, .NETFramework,Version=v4.8, .NETFramework,Version=v4.8.1' instead of the project target framework 'net8.0'. This package may not be fully compatible with your project.
C:\Users\ultra\warewolf\Dev\Dev2.Common.Interfaces\Dev2.Common.Interfaces.csproj : warning NU1701: Package 'AeroWizard 2.3.1' was restored using '.NETFramework,Version=v4.6.1, .NETFramework,Version=v4.6.2, .NETFramework,Version=v4.7, .NETFramework,Version=v4.7.1, .NETFramework,Version=v4.7.2, .NETFramework,Version=v4.8, .NETFramework,Version=v4.8.1' instead of the project target framework 'net8.0'. This package may not be fully compatible with your project.
C:\Users\ultra\warewolf\Dev\Dev2.Common.Interfaces\Dev2.Common.Interfaces.csproj : warning NU1701: Package 'GroupControls 1.9.0' was restored using '.NETFramework,Version=v4.6.1, .NETFramework,Version=v4.6.2, .NETFramework,Version=v4.7, .NETFramework,Version=v4.7.1, .NETFramework,Version=v4.7.2, .NETFramework,Version=v4.8, .NETFramework,Version=v4.8.1' instead of the project target framework 'net8.0'. This package may not be fully compatible with your project.
C:\Users\ultra\warewolf\Dev\Dev2.Development.Languages\Dev2.Development.Languages.csproj : warning NU1701: Package 'AeroWizard 2.3.1' was restored using '.NETFramework,Version=v4.6.1, .NETFramework,Version=v4.6.2, .NETFramework,Version=v4.7, .NETFramework,Version=v4.7.1, .NETFramework,Version=v4.7.2, .NETFramework,Version=v4.8, .NETFramework,Version=v4.8.1' instead of the project target framework 'net8.0'. This package may not be fully compatible with your project.
C:\Users\ultra\warewolf\Dev\Dev2.Common.Interfaces\Dev2.Common.Interfaces.csproj : warning NU1701: Package 'TaskSchedulerEditor 2.10.1' was restored using '.NETFramework,Version=v4.6.1, .NETFramework,Version=v4.6.2, .NETFramework,Version=v4.7, .NETFramework,Version=v4.7.1, .NETFramework,Version=v4.7.2, .NETFramework,Version=v4.8, .NETFramework,Version=v4.8.1' instead of the project target framework 'net8.0'. This package may not be fully compatible with your project.
C:\Users\ultra\warewolf\Dev\Dev2.Development.Languages\Dev2.Development.Languages.csproj : warning NU1701: Package 'GroupControls 1.9.0' was restored using '.NETFramework,Version=v4.6.1, .NETFramework,Version=v4.6.2, .NETFramework,Version=v4.7, .NETFramework,Version=v4.7.1, .NETFramework,Version=v4.7.2, .NETFramework,Version=v4.8, .NETFramework,Version=v4.8.1' instead of the project target framework 'net8.0'. This package may not be fully compatible with your project.
C:\Users\ultra\warewolf\Dev\Dev2.Diagnostics\Dev2.Diagnostics.csproj : warning NU1701: Package 'AeroWizard 2.3.1' was restored using '.NETFramework,Version=v4.6.1, .NETFramework,Version=v4.6.2, .NETFramework,Version=v4.7, .NETFramework,Version=v4.7.1, .NETFramework,Version=v4.7.2, .NETFramework,Version=v4.8, .NETFramework,Version=v4.8.1' instead of the project target framework 'net8.0'. This package may not be fully compatible with your project.
C:\Users\ultra\warewolf\Dev\Dev2.Development.Languages\Dev2.Development.Languages.csproj : warning NU1701: Package 'TaskSchedulerEditor 2.10.1' was restored using '.NETFramework,Version=v4.6.1, .NETFramework,Version=v4.6.2, .NETFramework,Version=v4.7, .NETFramework,Version=v4.7.1, .NETFramework,Version=v4.7.2, .NETFramework,Version=v4.8, .NETFramework,Version=v4.8.1' instead of the project target framework 'net8.0'. This package may not be fully compatible with your project.
C:\Users\ultra\warewolf\Dev\Dev2.Diagnostics\Dev2.Diagnostics.csproj : warning NU1701: Package 'GroupControls 1.9.0' was restored using '.NETFramework,Version=v4.6.1, .NETFramework,Version=v4.6.2, .NETFramework,Version=v4.7, .NETFramework,Version=v4.7.1, .NETFramework,Version=v4.7.2, .NETFramework,Version=v4.8, .NETFramework,Version=v4.8.1' instead of the project target framework 'net8.0'. This package may not be fully compatible with your project.
C:\Users\ultra\warewolf\Dev\Dev2.Diagnostics\Dev2.Diagnostics.csproj : warning NU1701: Package 'TaskSchedulerEditor 2.10.1' was restored using '.NETFramework,Version=v4.6.1, .NETFramework,Version=v4.6.2, .NETFramework,Version=v4.7, .NETFramework,Version=v4.7.1, .NETFramework,Version=v4.7.2, .NETFramework,Version=v4.8, .NETFramework,Version=v4.8.1' instead of the project target framework 'net8.0'. This package may not be fully compatible with your project.
C:\Users\ultra\warewolf\Dev\Dev2.Activities\Dev2.Activities.csproj : warning NU1903: Package 'Microsoft.Windows.Compatibility' 6.0.0 has a known high severity vulnerability, https://github.com/advisories/GHSA-555c-2p6r-68mm
C:\Users\ultra\warewolf\Dev\Dev2.Activities\Dev2.Activities.csproj : warning NU1701: Package 'AeroWizard 2.3.1' was restored using '.NETFramework,Version=v4.6.1, .NETFramework,Version=v4.6.2, .NETFramework,Version=v4.7, .NETFramework,Version=v4.7.1, .NETFramework,Version=v4.7.2, .NETFramework,Version=v4.8, .NETFramework,Version=v4.8.1' instead of the project target framework 'net8.0'. This package may not be fully compatible with your project.
C:\Users\ultra\warewolf\Dev\Dev2.Activities\Dev2.Activities.csproj : warning NU1701: Package 'GroupControls 1.9.0' was restored using '.NETFramework,Version=v4.6.1, .NETFramework,Version=v4.6.2, .NETFramework,Version=v4.7, .NETFramework,Version=v4.7.1, .NETFramework,Version=v4.7.2, .NETFramework,Version=v4.8, .NETFramework,Version=v4.8.1' instead of the project target framework 'net8.0'. This package may not be fully compatible with your project.
C:\Users\ultra\warewolf\Dev\Dev2.Activities\Dev2.Activities.csproj : warning NU1701: Package 'ReactiveUI.WPF 18.4.1' was restored using '.NETFramework,Version=v4.6.1, .NETFramework,Version=v4.6.2, .NETFramework,Version=v4.7, .NETFramework,Version=v4.7.1, .NETFramework,Version=v4.7.2, .NETFramework,Version=v4.8, .NETFramework,Version=v4.8.1' instead of the project target framework 'net8.0'. This package may not be fully compatible with your project.
C:\Users\ultra\warewolf\Dev\Dev2.Activities\Dev2.Activities.csproj : warning NU1701: Package 'TaskSchedulerEditor 2.10.1' was restored using '.NETFramework,Version=v4.6.1, .NETFramework,Version=v4.6.2, .NETFramework,Version=v4.7, .NETFramework,Version=v4.7.1, .NETFramework,Version=v4.7.2, .NETFramework,Version=v4.8, .NETFramework,Version=v4.8.1' instead of the project target framework 'net8.0'. This package may not be fully compatible with your project.
C:\Users\ultra\warewolf\Dev\Dev2.Infrastructure\Dev2.Infrastructure.csproj : warning NU1903: Package 'Microsoft.Windows.Compatibility' 6.0.0 has a known high severity vulnerability, https://github.com/advisories/GHSA-555c-2p6r-68mm
C:\Users\ultra\warewolf\Dev\Dev2.Infrastructure\Dev2.Infrastructure.csproj : warning NU1701: Package 'AeroWizard 2.3.1' was restored using '.NETFramework,Version=v4.6.1, .NETFramework,Version=v4.6.2, .NETFramework,Version=v4.7, .NETFramework,Version=v4.7.1, .NETFramework,Version=v4.7.2, .NETFramework,Version=v4.8, .NETFramework,Version=v4.8.1' instead of the project target framework 'net8.0'. This package may not be fully compatible with your project.
C:\Users\ultra\warewolf\Dev\Dev2.Infrastructure\Dev2.Infrastructure.csproj : warning NU1701: Package 'GroupControls 1.9.0' was restored using '.NETFramework,Version=v4.6.1, .NETFramework,Version=v4.6.2, .NETFramework,Version=v4.7, .NETFramework,Version=v4.7.1, .NETFramework,Version=v4.7.2, .NETFramework,Version=v4.8, .NETFramework,Version=v4.8.1' instead of the project target framework 'net8.0'. This package may not be fully compatible with your project.
C:\Users\ultra\warewolf\Dev\Dev2.Infrastructure\Dev2.Infrastructure.csproj : warning NU1701: Package 'ReactiveUI.WPF 18.4.1' was restored using '.NETFramework,Version=v4.6.1, .NETFramework,Version=v4.6.2, .NETFramework,Version=v4.7, .NETFramework,Version=v4.7.1, .NETFramework,Version=v4.7.2, .NETFramework,Version=v4.8, .NETFramework,Version=v4.8.1' instead of the project target framework 'net8.0'. This package may not be fully compatible with your project.
C:\Users\ultra\warewolf\Dev\Dev2.Infrastructure\Dev2.Infrastructure.csproj : warning NU1701: Package 'TaskSchedulerEditor 2.10.1' was restored using '.NETFramework,Version=v4.6.1, .NETFramework,Version=v4.6.2, .NETFramework,Version=v4.7, .NETFramework,Version=v4.7.1, .NETFramework,Version=v4.7.2, .NETFramework,Version=v4.8, .NETFramework,Version=v4.8.1' instead of the project target framework 'net8.0'. This package may not be fully compatible with your project.
C:\Users\ultra\warewolf\Dev\Dev2.Runtime.Tests\Dev2.Runtime.Tests.csproj : warning NU1701: Package 'AeroWizard 2.3.1' was restored using '.NETFramework,Version=v4.6.1, .NETFramework,Version=v4.6.2, .NETFramework,Version=v4.7, .NETFramework,Version=v4.7.1, .NETFramework,Version=v4.7.2, .NETFramework,Version=v4.8, .NETFramework,Version=v4.8.1' instead of the project target framework 'net8.0'. This package may not be fully compatible with your project.
C:\Users\ultra\warewolf\Dev\Dev2.Runtime.Tests\Dev2.Runtime.Tests.csproj : warning NU1701: Package 'AvalonEdit 6.3.0.90' was restored using '.NETFramework,Version=v4.6.1, .NETFramework,Version=v4.6.2, .NETFramework,Version=v4.7, .NETFramework,Version=v4.7.1, .NETFramework,Version=v4.7.2, .NETFramework,Version=v4.8, .NETFramework,Version=v4.8.1' instead of the project target framework 'net8.0'. This package may not be fully compatible with your project.
C:\Users\ultra\warewolf\Dev\Dev2.Runtime.Tests\Dev2.Runtime.Tests.csproj : warning NU1701: Package 'CommonServiceLocator 1.2.0' was restored using '.NETFramework,Version=v4.6.1, .NETFramework,Version=v4.6.2, .NETFramework,Version=v4.7, .NETFramework,Version=v4.7.1, .NETFramework,Version=v4.7.2, .NETFramework,Version=v4.8, .NETFramework,Version=v4.8.1' instead of the project target framework 'net8.0'. This package may not be fully compatible with your project.
C:\Users\ultra\warewolf\Dev\Dev2.Runtime.Tests\Dev2.Runtime.Tests.csproj : warning NU1701: Package 'FontAwesome.WPF 4.7.0.9' was restored using '.NETFramework,Version=v4.6.1, .NETFramework,Version=v4.6.2, .NETFramework,Version=v4.7, .NETFramework,Version=v4.7.1, .NETFramework,Version=v4.7.2, .NETFramework,Version=v4.8, .NETFramework,Version=v4.8.1' instead of the project target framework 'net8.0'. This package may not be fully compatible with your project.
C:\Users\ultra\warewolf\Dev\Dev2.Runtime.Tests\Dev2.Runtime.Tests.csproj : warning NU1701: Package 'GroupControls 1.9.0' was restored using '.NETFramework,Version=v4.6.1, .NETFramework,Version=v4.6.2, .NETFramework,Version=v4.7, .NETFramework,Version=v4.7.1, .NETFramework,Version=v4.7.2, .NETFramework,Version=v4.8, .NETFramework,Version=v4.8.1' instead of the project target framework 'net8.0'. This package may not be fully compatible with your project.
C:\Users\ultra\warewolf\Dev\Dev2.Runtime.Tests\Dev2.Runtime.Tests.csproj : warning NU1701: Package 'Log4Net.Async 2.0.4' was restored using '.NETFramework,Version=v4.6.1, .NETFramework,Version=v4.6.2, .NETFramework,Version=v4.7, .NETFramework,Version=v4.7.1, .NETFramework,Version=v4.7.2, .NETFramework,Version=v4.8, .NETFramework,Version=v4.8.1' instead of the project target framework 'net8.0'. This package may not be fully compatible with your project.
C:\Users\ultra\warewolf\Dev\Dev2.Runtime.Tests\Dev2.Runtime.Tests.csproj : warning NU1701: Package 'Microsoft.Xaml.Behaviors.Wpf 1.1.122' was restored using '.NETFramework,Version=v4.6.1, .NETFramework,Version=v4.6.2, .NETFramework,Version=v4.7, .NETFramework,Version=v4.7.1, .NETFramework,Version=v4.7.2, .NETFramework,Version=v4.8, .NETFramework,Version=v4.8.1' instead of the project target framework 'net8.0'. This package may not be fully compatible with your project.
C:\Users\ultra\warewolf\Dev\Dev2.Runtime.Tests\Dev2.Runtime.Tests.csproj : warning NU1701: Package 'Prism.Composition 5.0.0' was restored using '.NETFramework,Version=v4.6.1, .NETFramework,Version=v4.6.2, .NETFramework,Version=v4.7, .NETFramework,Version=v4.7.1, .NETFramework,Version=v4.7.2, .NETFramework,Version=v4.8, .NETFramework,Version=v4.8.1' instead of the project target framework 'net8.0'. This package may not be fully compatible with your project.
C:\Users\ultra\warewolf\Dev\Dev2.Runtime.Tests\Dev2.Runtime.Tests.csproj : warning NU1701: Package 'Prism.Interactivity 5.0.0' was restored using '.NETFramework,Version=v4.6.1, .NETFramework,Version=v4.6.2, .NETFramework,Version=v4.7, .NETFramework,Version=v4.7.1, .NETFramework,Version=v4.7.2, .NETFramework,Version=v4.8, .NETFramework,Version=v4.8.1' instead of the project target framework 'net8.0'. This package may not be fully compatible with your project.
C:\Users\ultra\warewolf\Dev\Dev2.Runtime.Tests\Dev2.Runtime.Tests.csproj : warning NU1701: Package 'Prism.Mvvm 1.0.0' was restored using '.NETFramework,Version=v4.6.1, .NETFramework,Version=v4.6.2, .NETFramework,Version=v4.7, .NETFramework,Version=v4.7.1, .NETFramework,Version=v4.7.2, .NETFramework,Version=v4.8, .NETFramework,Version=v4.8.1' instead of the project target framework 'net8.0'. This package may not be fully compatible with your project.
C:\Users\ultra\warewolf\Dev\Dev2.Runtime.Tests\Dev2.Runtime.Tests.csproj : warning NU1701: Package 'Prism.PubSubEvents 1.0.0' was restored using '.NETFramework,Version=v4.6.1, .NETFramework,Version=v4.6.2, .NETFramework,Version=v4.7, .NETFramework,Version=v4.7.1, .NETFramework,Version=v4.7.2, .NETFramework,Version=v4.8, .NETFramework,Version=v4.8.1' instead of the project target framework 'net8.0'. This package may not be fully compatible with your project.
C:\Users\ultra\warewolf\Dev\Dev2.Runtime.Tests\Dev2.Runtime.Tests.csproj : warning NU1701: Package 'Prism.UnityExtensions 5.0.1' was restored using '.NETFramework,Version=v4.6.1, .NETFramework,Version=v4.6.2, .NETFramework,Version=v4.7, .NETFramework,Version=v4.7.1, .NETFramework,Version=v4.7.2, .NETFramework,Version=v4.8, .NETFramework,Version=v4.8.1' instead of the project target framework 'net8.0'. This package may not be fully compatible with your project.
C:\Users\ultra\warewolf\Dev\Dev2.Runtime.Tests\Dev2.Runtime.Tests.csproj : warning NU1701: Package 'Prism.Wpf 9.0.537' was restored using '.NETFramework,Version=v4.6.1, .NETFramework,Version=v4.6.2, .NETFramework,Version=v4.7, .NETFramework,Version=v4.7.1, .NETFramework,Version=v4.7.2, .NETFramework,Version=v4.8, .NETFramework,Version=v4.8.1' instead of the project target framework 'net8.0'. This package may not be fully compatible with your project.
C:\Users\ultra\warewolf\Dev\Dev2.Runtime.Tests\Dev2.Runtime.Tests.csproj : warning NU1701: Package 'ReactiveUI.WPF 18.4.1' was restored using '.NETFramework,Version=v4.6.1, .NETFramework,Version=v4.6.2, .NETFramework,Version=v4.7, .NETFramework,Version=v4.7.1, .NETFramework,Version=v4.7.2, .NETFramework,Version=v4.8, .NETFramework,Version=v4.8.1' instead of the project target framework 'net8.0'. This package may not be fully compatible with your project.
C:\Users\ultra\warewolf\Dev\Dev2.Runtime.Tests\Dev2.Runtime.Tests.csproj : warning NU1701: Package 'TaskSchedulerEditor 2.10.1' was restored using '.NETFramework,Version=v4.6.1, .NETFramework,Version=v4.6.2, .NETFramework,Version=v4.7, .NETFramework,Version=v4.7.1, .NETFramework,Version=v4.7.2, .NETFramework,Version=v4.8, .NETFramework,Version=v4.8.1' instead of the project target framework 'net8.0'. This package may not be fully compatible with your project.
C:\Users\ultra\warewolf\Dev\Dev2.Runtime.Tests\Dev2.Runtime.Tests.csproj : warning NU1701: Package 'Unofficial.Microsoft.mshtml 7.0.3300' was restored using '.NETFramework,Version=v4.6.1, .NETFramework,Version=v4.6.2, .NETFramework,Version=v4.7, .NETFramework,Version=v4.7.1, .NETFramework,Version=v4.7.2, .NETFramework,Version=v4.8, .NETFramework,Version=v4.8.1' instead of the project target framework 'net8.0'. This package may not be fully compatible with your project.
C:\Users\ultra\warewolf\Dev\Dev2.Runtime.Services\Dev2.Runtime.Services.csproj : warning NU1902: Package 'MessagePack' 2.4.59 has a known moderate severity vulnerability, https://github.com/advisories/GHSA-4qm4-8hg2-g2xm
C:\Users\ultra\warewolf\Dev\Dev2.Runtime.Services\Dev2.Runtime.Services.csproj : warning NU1903: Package 'Microsoft.Windows.Compatibility' 6.0.0 has a known high severity vulnerability, https://github.com/advisories/GHSA-555c-2p6r-68mm
C:\Users\ultra\warewolf\Dev\Dev2.Runtime.Services\Dev2.Runtime.Services.csproj : warning NU1701: Package 'AeroWizard 2.3.1' was restored using '.NETFramework,Version=v4.6.1, .NETFramework,Version=v4.6.2, .NETFramework,Version=v4.7, .NETFramework,Version=v4.7.1, .NETFramework,Version=v4.7.2, .NETFramework,Version=v4.8, .NETFramework,Version=v4.8.1' instead of the project target framework 'net8.0'. This package may not be fully compatible with your project.
C:\Users\ultra\warewolf\Dev\Dev2.Runtime.Services\Dev2.Runtime.Services.csproj : warning NU1701: Package 'GroupControls 1.9.0' was restored using '.NETFramework,Version=v4.6.1, .NETFramework,Version=v4.6.2, .NETFramework,Version=v4.7, .NETFramework,Version=v4.7.1, .NETFramework,Version=v4.7.2, .NETFramework,Version=v4.8, .NETFramework,Version=v4.8.1' instead of the project target framework 'net8.0'. This package may not be fully compatible with your project.
C:\Users\ultra\warewolf\Dev\Dev2.Runtime.Services\Dev2.Runtime.Services.csproj : warning NU1701: Package 'ReactiveUI.WPF 18.4.1' was restored using '.NETFramework,Version=v4.6.1, .NETFramework,Version=v4.6.2, .NETFramework,Version=v4.7, .NETFramework,Version=v4.7.1, .NETFramework,Version=v4.7.2, .NETFramework,Version=v4.8, .NETFramework,Version=v4.8.1' instead of the project target framework 'net8.0'. This package may not be fully compatible with your project.
C:\Users\ultra\warewolf\Dev\Dev2.Runtime.Services\Dev2.Runtime.Services.csproj : warning NU1701: Package 'TaskSchedulerEditor 2.10.1' was restored using '.NETFramework,Version=v4.6.1, .NETFramework,Version=v4.6.2, .NETFramework,Version=v4.7, .NETFramework,Version=v4.7.1, .NETFramework,Version=v4.7.2, .NETFramework,Version=v4.8, .NETFramework,Version=v4.8.1' instead of the project target framework 'net8.0'. This package may not be fully compatible with your project.
C:\Users\ultra\warewolf\Dev\Dev2.Infrastructure.Tests\Dev2.Infrastructure.Tests.csproj : warning NU1701: Package 'AeroWizard 2.3.1' was restored using '.NETFramework,Version=v4.6.1, .NETFramework,Version=v4.6.2, .NETFramework,Version=v4.7, .NETFramework,Version=v4.7.1, .NETFramework,Version=v4.7.2, .NETFramework,Version=v4.8, .NETFramework,Version=v4.8.1' instead of the project target framework 'net8.0'. This package may not be fully compatible with your project.
C:\Users\ultra\warewolf\Dev\Dev2.Infrastructure.Tests\Dev2.Infrastructure.Tests.csproj : warning NU1701: Package 'GroupControls 1.9.0' was restored using '.NETFramework,Version=v4.6.1, .NETFramework,Version=v4.6.2, .NETFramework,Version=v4.7, .NETFramework,Version=v4.7.1, .NETFramework,Version=v4.7.2, .NETFramework,Version=v4.8, .NETFramework,Version=v4.8.1' instead of the project target framework 'net8.0'. This package may not be fully compatible with your project.
C:\Users\ultra\warewolf\Dev\Dev2.Infrastructure.Tests\Dev2.Infrastructure.Tests.csproj : warning NU1701: Package 'Microsoft.Xaml.Behaviors.Wpf 1.1.122' was restored using '.NETFramework,Version=v4.6.1, .NETFramework,Version=v4.6.2, .NETFramework,Version=v4.7, .NETFramework,Version=v4.7.1, .NETFramework,Version=v4.7.2, .NETFramework,Version=v4.8, .NETFramework,Version=v4.8.1' instead of the project target framework 'net8.0'. This package may not be fully compatible with your project.
C:\Users\ultra\warewolf\Dev\Dev2.Infrastructure.Tests\Dev2.Infrastructure.Tests.csproj : warning NU1701: Package 'Prism.Wpf 9.0.537' was restored using '.NETFramework,Version=v4.6.1, .NETFramework,Version=v4.6.2, .NETFramework,Version=v4.7, .NETFramework,Version=v4.7.1, .NETFramework,Version=v4.7.2, .NETFramework,Version=v4.8, .NETFramework,Version=v4.8.1' instead of the project target framework 'net8.0'. This package may not be fully compatible with your project.
C:\Users\ultra\warewolf\Dev\Dev2.Infrastructure.Tests\Dev2.Infrastructure.Tests.csproj : warning NU1701: Package 'ReactiveUI.WPF 18.4.1' was restored using '.NETFramework,Version=v4.6.1, .NETFramework,Version=v4.6.2, .NETFramework,Version=v4.7, .NETFramework,Version=v4.7.1, .NETFramework,Version=v4.7.2, .NETFramework,Version=v4.8, .NETFramework,Version=v4.8.1' instead of the project target framework 'net8.0'. This package may not be fully compatible with your project.
C:\Users\ultra\warewolf\Dev\Dev2.Infrastructure.Tests\Dev2.Infrastructure.Tests.csproj : warning NU1701: Package 'TaskSchedulerEditor 2.10.1' was restored using '.NETFramework,Version=v4.6.1, .NETFramework,Version=v4.6.2, .NETFramework,Version=v4.7, .NETFramework,Version=v4.7.1, .NETFramework,Version=v4.7.2, .NETFramework,Version=v4.8, .NETFramework,Version=v4.8.1' instead of the project target framework 'net8.0'. This package may not be fully compatible with your project.
C:\Users\ultra\warewolf\Dev\Warewolf.Language.Parser\Warewolf.Language.Parser.fsproj : warning NU1504: Duplicate 'PackageReference' items found. Remove the duplicate items or use the Update functionality to ensure a consistent restore behavior. The duplicate 'PackageReference' items are: FSharp.Core 10.1.201, FSharp.Core 4.6.2.
C:\Users\ultra\warewolf\Dev\Dev2.Runtime.Configuration\Dev2.Runtime.Configuration.csproj : warning NU1903: Package 'Microsoft.Windows.Compatibility' 6.0.0 has a known high severity vulnerability, https://github.com/advisories/GHSA-555c-2p6r-68mm
C:\Users\ultra\warewolf\Dev\Dev2.Runtime.Configuration\Dev2.Runtime.Configuration.csproj : warning NU1701: Package 'AeroWizard 2.3.1' was restored using '.NETFramework,Version=v4.6.1, .NETFramework,Version=v4.6.2, .NETFramework,Version=v4.7, .NETFramework,Version=v4.7.1, .NETFramework,Version=v4.7.2, .NETFramework,Version=v4.8, .NETFramework,Version=v4.8.1' instead of the project target framework 'net8.0'. This package may not be fully compatible with your project.
C:\Users\ultra\warewolf\Dev\Dev2.Runtime.Configuration\Dev2.Runtime.Configuration.csproj : warning NU1701: Package 'GroupControls 1.9.0' was restored using '.NETFramework,Version=v4.6.1, .NETFramework,Version=v4.6.2, .NETFramework,Version=v4.7, .NETFramework,Version=v4.7.1, .NETFramework,Version=v4.7.2, .NETFramework,Version=v4.8, .NETFramework,Version=v4.8.1' instead of the project target framework 'net8.0'. This package may not be fully compatible with your project.
C:\Users\ultra\warewolf\Dev\Dev2.Runtime.Configuration\Dev2.Runtime.Configuration.csproj : warning NU1701: Package 'TaskSchedulerEditor 2.10.1' was restored using '.NETFramework,Version=v4.6.1, .NETFramework,Version=v4.6.2, .NETFramework,Version=v4.7, .NETFramework,Version=v4.7.1, .NETFramework,Version=v4.7.2, .NETFramework,Version=v4.8, .NETFramework,Version=v4.8.1' instead of the project target framework 'net8.0'. This package may not be fully compatible with your project.
C:\Users\ultra\warewolf\Dev\Dev2.Runtime\Dev2.Runtime.csproj : warning NU1903: Package 'Microsoft.Windows.Compatibility' 6.0.0 has a known high severity vulnerability, https://github.com/advisories/GHSA-555c-2p6r-68mm
C:\Users\ultra\warewolf\Dev\Dev2.Runtime\Dev2.Runtime.csproj : warning NU1701: Package 'AeroWizard 2.3.1' was restored using '.NETFramework,Version=v4.6.1, .NETFramework,Version=v4.6.2, .NETFramework,Version=v4.7, .NETFramework,Version=v4.7.1, .NETFramework,Version=v4.7.2, .NETFramework,Version=v4.8, .NETFramework,Version=v4.8.1' instead of the project target framework 'net8.0'. This package may not be fully compatible with your project.
C:\Users\ultra\warewolf\Dev\Dev2.Runtime\Dev2.Runtime.csproj : warning NU1701: Package 'GroupControls 1.9.0' was restored using '.NETFramework,Version=v4.6.1, .NETFramework,Version=v4.6.2, .NETFramework,Version=v4.7, .NETFramework,Version=v4.7.1, .NETFramework,Version=v4.7.2, .NETFramework,Version=v4.8, .NETFramework,Version=v4.8.1' instead of the project target framework 'net8.0'. This package may not be fully compatible with your project.
C:\Users\ultra\warewolf\Dev\Dev2.Runtime\Dev2.Runtime.csproj : warning NU1701: Package 'ReactiveUI.WPF 18.4.1' was restored using '.NETFramework,Version=v4.6.1, .NETFramework,Version=v4.6.2, .NETFramework,Version=v4.7, .NETFramework,Version=v4.7.1, .NETFramework,Version=v4.7.2, .NETFramework,Version=v4.8, .NETFramework,Version=v4.8.1' instead of the project target framework 'net8.0'. This package may not be fully compatible with your project.
C:\Users\ultra\warewolf\Dev\Dev2.Runtime\Dev2.Runtime.csproj : warning NU1701: Package 'TaskSchedulerEditor 2.10.1' was restored using '.NETFramework,Version=v4.6.1, .NETFramework,Version=v4.6.2, .NETFramework,Version=v4.7, .NETFramework,Version=v4.7.1, .NETFramework,Version=v4.7.2, .NETFramework,Version=v4.8, .NETFramework,Version=v4.8.1' instead of the project target framework 'net8.0'. This package may not be fully compatible with your project.
C:\Users\ultra\warewolf\Dev\Dev2.Server\Dev2.Server.csproj : warning NU1903: Package 'Oracle.ManagedDataAccess.Core' 3.21.70 has a known high severity vulnerability, https://github.com/advisories/GHSA-5pm2-9mr2-3frq
C:\Users\ultra\warewolf\Dev\Dev2.Server\Dev2.Server.csproj : warning NU1701: Package 'AeroWizard 2.3.1' was restored using '.NETFramework,Version=v4.6.1, .NETFramework,Version=v4.6.2, .NETFramework,Version=v4.7, .NETFramework,Version=v4.7.1, .NETFramework,Version=v4.7.2, .NETFramework,Version=v4.8, .NETFramework,Version=v4.8.1' instead of the project target framework 'net8.0'. This package may not be fully compatible with your project.
C:\Users\ultra\warewolf\Dev\Dev2.Server\Dev2.Server.csproj : warning NU1701: Package 'GroupControls 1.9.0' was restored using '.NETFramework,Version=v4.6.1, .NETFramework,Version=v4.6.2, .NETFramework,Version=v4.7, .NETFramework,Version=v4.7.1, .NETFramework,Version=v4.7.2, .NETFramework,Version=v4.8, .NETFramework,Version=v4.8.1' instead of the project target framework 'net8.0'. This package may not be fully compatible with your project.
C:\Users\ultra\warewolf\Dev\Dev2.Server\Dev2.Server.csproj : warning NU1701: Package 'Microsoft.Xaml.Behaviors.Wpf 1.1.122' was restored using '.NETFramework,Version=v4.6.1, .NETFramework,Version=v4.6.2, .NETFramework,Version=v4.7, .NETFramework,Version=v4.7.1, .NETFramework,Version=v4.7.2, .NETFramework,Version=v4.8, .NETFramework,Version=v4.8.1' instead of the project target framework 'net8.0'. This package may not be fully compatible with your project.
C:\Users\ultra\warewolf\Dev\Dev2.Server\Dev2.Server.csproj : warning NU1701: Package 'Prism.Wpf 9.0.537' was restored using '.NETFramework,Version=v4.6.1, .NETFramework,Version=v4.6.2, .NETFramework,Version=v4.7, .NETFramework,Version=v4.7.1, .NETFramework,Version=v4.7.2, .NETFramework,Version=v4.8, .NETFramework,Version=v4.8.1' instead of the project target framework 'net8.0'. This package may not be fully compatible with your project.
C:\Users\ultra\warewolf\Dev\Dev2.Server\Dev2.Server.csproj : warning NU1701: Package 'ReactiveUI.WPF 18.4.1' was restored using '.NETFramework,Version=v4.6.1, .NETFramework,Version=v4.6.2, .NETFramework,Version=v4.7, .NETFramework,Version=v4.7.1, .NETFramework,Version=v4.7.2, .NETFramework,Version=v4.8, .NETFramework,Version=v4.8.1' instead of the project target framework 'net8.0'. This package may not be fully compatible with your project.
C:\Users\ultra\warewolf\Dev\Dev2.Server\Dev2.Server.csproj : warning NU1701: Package 'TaskSchedulerEditor 2.10.1' was restored using '.NETFramework,Version=v4.6.1, .NETFramework,Version=v4.6.2, .NETFramework,Version=v4.7, .NETFramework,Version=v4.7.1, .NETFramework,Version=v4.7.2, .NETFramework,Version=v4.8, .NETFramework,Version=v4.8.1' instead of the project target framework 'net8.0'. This package may not be fully compatible with your project.
C:\Users\ultra\warewolf\Dev\Warewolf.Core\Warewolf.Core.csproj : warning NU1903: Package 'Microsoft.Windows.Compatibility' 6.0.0 has a known high severity vulnerability, https://github.com/advisories/GHSA-555c-2p6r-68mm
C:\Users\ultra\warewolf\Dev\Warewolf.Core\Warewolf.Core.csproj : warning NU1701: Package 'AeroWizard 2.3.1' was restored using '.NETFramework,Version=v4.6.1, .NETFramework,Version=v4.6.2, .NETFramework,Version=v4.7, .NETFramework,Version=v4.7.1, .NETFramework,Version=v4.7.2, .NETFramework,Version=v4.8, .NETFramework,Version=v4.8.1' instead of the project target framework 'net8.0'. This package may not be fully compatible with your project.
C:\Users\ultra\warewolf\Dev\Warewolf.Core\Warewolf.Core.csproj : warning NU1701: Package 'GroupControls 1.9.0' was restored using '.NETFramework,Version=v4.6.1, .NETFramework,Version=v4.6.2, .NETFramework,Version=v4.7, .NETFramework,Version=v4.7.1, .NETFramework,Version=v4.7.2, .NETFramework,Version=v4.8, .NETFramework,Version=v4.8.1' instead of the project target framework 'net8.0'. This package may not be fully compatible with your project.
C:\Users\ultra\warewolf\Dev\Warewolf.Core\Warewolf.Core.csproj : warning NU1701: Package 'ReactiveUI.WPF 18.4.1' was restored using '.NETFramework,Version=v4.6.1, .NETFramework,Version=v4.6.2, .NETFramework,Version=v4.7, .NETFramework,Version=v4.7.1, .NETFramework,Version=v4.7.2, .NETFramework,Version=v4.8, .NETFramework,Version=v4.8.1' instead of the project target framework 'net8.0'. This package may not be fully compatible with your project.
C:\Users\ultra\warewolf\Dev\Warewolf.Core\Warewolf.Core.csproj : warning NU1701: Package 'TaskSchedulerEditor 2.10.1' was restored using '.NETFramework,Version=v4.6.1, .NETFramework,Version=v4.6.2, .NETFramework,Version=v4.7, .NETFramework,Version=v4.7.1, .NETFramework,Version=v4.7.2, .NETFramework,Version=v4.8, .NETFramework,Version=v4.8.1' instead of the project target framework 'net8.0'. This package may not be fully compatible with your project.
C:\Program Files\dotnet\sdk\10.0.201\Sdks\Microsoft.NET.Sdk\targets\Microsoft.NET.Sdk.DefaultItems.targets(162,5): warning NETSDK1137: It is no longer necessary to use the Microsoft.NET.Sdk.WindowsDesktop SDK. Consider changing the Sdk attribute of the root Project element to 'Microsoft.NET.Sdk'. [C:\Users\ultra\warewolf\Dev\Dev2.CustomControls\Dev2.CustomControls.csproj]
C:\Program Files\dotnet\sdk\10.0.201\Sdks\Microsoft.NET.Sdk.WindowsDesktop\targets\Microsoft.NET.Sdk.WindowsDesktop.targets(138,5): warning NETSDK1106: Microsoft.NET.Sdk.WindowsDesktop requires 'UseWpf' or 'UseWindowsForms' to be set to 'true' [C:\Users\ultra\warewolf\Dev\Dev2.CustomControls\Dev2.CustomControls.csproj]
C:\Users\ultra\warewolf\Dev\Dev2.CustomControls\Dev2.CustomControls.csproj : warning NU1903: Package 'Microsoft.Windows.Compatibility' 6.0.0 has a known high severity vulnerability, https://github.com/advisories/GHSA-555c-2p6r-68mm
C:\Users\ultra\warewolf\Dev\Dev2.CustomControls\Dev2.CustomControls.csproj : warning NU1701: Package 'AeroWizard 2.3.1' was restored using '.NETFramework,Version=v4.6.1, .NETFramework,Version=v4.6.2, .NETFramework,Version=v4.7, .NETFramework,Version=v4.7.1, .NETFramework,Version=v4.7.2, .NETFramework,Version=v4.8, .NETFramework,Version=v4.8.1' instead of the project target framework 'net8.0'. This package may not be fully compatible with your project.
C:\Users\ultra\warewolf\Dev\Dev2.CustomControls\Dev2.CustomControls.csproj : warning NU1701: Package 'GroupControls 1.9.0' was restored using '.NETFramework,Version=v4.6.1, .NETFramework,Version=v4.6.2, .NETFramework,Version=v4.7, .NETFramework,Version=v4.7.1, .NETFramework,Version=v4.7.2, .NETFramework,Version=v4.8, .NETFramework,Version=v4.8.1' instead of the project target framework 'net8.0'. This package may not be fully compatible with your project.
C:\Users\ultra\warewolf\Dev\Dev2.CustomControls\Dev2.CustomControls.csproj : warning NU1701: Package 'TaskSchedulerEditor 2.10.1' was restored using '.NETFramework,Version=v4.6.1, .NETFramework,Version=v4.6.2, .NETFramework,Version=v4.7, .NETFramework,Version=v4.7.1, .NETFramework,Version=v4.7.2, .NETFramework,Version=v4.8, .NETFramework,Version=v4.8.1' instead of the project target framework 'net8.0'. This package may not be fully compatible with your project.
C:\Users\ultra\warewolf\Dev\Dev2.Activities.Tests\Dev2.Activities.Tests.csproj : warning NU1701: Package 'AeroWizard 2.3.1' was restored using '.NETFramework,Version=v4.6.1, .NETFramework,Version=v4.6.2, .NETFramework,Version=v4.7, .NETFramework,Version=v4.7.1, .NETFramework,Version=v4.7.2, .NETFramework,Version=v4.8, .NETFramework,Version=v4.8.1' instead of the project target framework 'net8.0'. This package may not be fully compatible with your project.
C:\Users\ultra\warewolf\Dev\Dev2.Activities.Tests\Dev2.Activities.Tests.csproj : warning NU1701: Package 'GroupControls 1.9.0' was restored using '.NETFramework,Version=v4.6.1, .NETFramework,Version=v4.6.2, .NETFramework,Version=v4.7, .NETFramework,Version=v4.7.1, .NETFramework,Version=v4.7.2, .NETFramework,Version=v4.8, .NETFramework,Version=v4.8.1' instead of the project target framework 'net8.0'. This package may not be fully compatible with your project.
C:\Users\ultra\warewolf\Dev\Dev2.Activities.Tests\Dev2.Activities.Tests.csproj : warning NU1701: Package 'Microsoft.Xaml.Behaviors.Wpf 1.1.122' was restored using '.NETFramework,Version=v4.6.1, .NETFramework,Version=v4.6.2, .NETFramework,Version=v4.7, .NETFramework,Version=v4.7.1, .NETFramework,Version=v4.7.2, .NETFramework,Version=v4.8, .NETFramework,Version=v4.8.1' instead of the project target framework 'net8.0'. This package may not be fully compatible with your project.
C:\Users\ultra\warewolf\Dev\Dev2.Activities.Tests\Dev2.Activities.Tests.csproj : warning NU1701: Package 'Prism.Wpf 9.0.537' was restored using '.NETFramework,Version=v4.6.1, .NETFramework,Version=v4.6.2, .NETFramework,Version=v4.7, .NETFramework,Version=v4.7.1, .NETFramework,Version=v4.7.2, .NETFramework,Version=v4.8, .NETFramework,Version=v4.8.1' instead of the project target framework 'net8.0'. This package may not be fully compatible with your project.
C:\Users\ultra\warewolf\Dev\Dev2.Activities.Tests\Dev2.Activities.Tests.csproj : warning NU1701: Package 'ReactiveUI.WPF 18.4.1' was restored using '.NETFramework,Version=v4.6.1, .NETFramework,Version=v4.6.2, .NETFramework,Version=v4.7, .NETFramework,Version=v4.7.1, .NETFramework,Version=v4.7.2, .NETFramework,Version=v4.8, .NETFramework,Version=v4.8.1' instead of the project target framework 'net8.0'. This package may not be fully compatible with your project.
C:\Users\ultra\warewolf\Dev\Dev2.Activities.Tests\Dev2.Activities.Tests.csproj : warning NU1701: Package 'TaskSchedulerEditor 2.10.1' was restored using '.NETFramework,Version=v4.6.1, .NETFramework,Version=v4.6.2, .NETFramework,Version=v4.7, .NETFramework,Version=v4.7.1, .NETFramework,Version=v4.7.2, .NETFramework,Version=v4.8, .NETFramework,Version=v4.8.1' instead of the project target framework 'net8.0'. This package may not be fully compatible with your project.
C:\Users\ultra\warewolf\Dev\Warewolf.Common\Warewolf.Common.csproj : warning NU1701: Package 'AeroWizard 2.3.1' was restored using '.NETFramework,Version=v4.6.1, .NETFramework,Version=v4.6.2, .NETFramework,Version=v4.7, .NETFramework,Version=v4.7.1, .NETFramework,Version=v4.7.2, .NETFramework,Version=v4.8, .NETFramework,Version=v4.8.1' instead of the project target framework 'net8.0'. This package may not be fully compatible with your project.
C:\Users\ultra\warewolf\Dev\Warewolf.Common\Warewolf.Common.csproj : warning NU1701: Package 'GroupControls 1.9.0' was restored using '.NETFramework,Version=v4.6.1, .NETFramework,Version=v4.6.2, .NETFramework,Version=v4.7, .NETFramework,Version=v4.7.1, .NETFramework,Version=v4.7.2, .NETFramework,Version=v4.8, .NETFramework,Version=v4.8.1' instead of the project target framework 'net8.0'. This package may not be fully compatible with your project.
C:\Users\ultra\warewolf\Dev\Warewolf.Common\Warewolf.Common.csproj : warning NU1701: Package 'TaskSchedulerEditor 2.10.1' was restored using '.NETFramework,Version=v4.6.1, .NETFramework,Version=v4.6.2, .NETFramework,Version=v4.7, .NETFramework,Version=v4.7.1, .NETFramework,Version=v4.7.2, .NETFramework,Version=v4.8, .NETFramework,Version=v4.8.1' instead of the project target framework 'net8.0'. This package may not be fully compatible with your project.
C:\Users\ultra\warewolf\Dev\Warewolf.Storage.Interfaces\Warewolf.Storage.Interfaces.csproj : warning NU1701: Package 'AeroWizard 2.3.1' was restored using '.NETFramework,Version=v4.6.1, .NETFramework,Version=v4.6.2, .NETFramework,Version=v4.7, .NETFramework,Version=v4.7.1, .NETFramework,Version=v4.7.2, .NETFramework,Version=v4.8, .NETFramework,Version=v4.8.1' instead of the project target framework 'net8.0'. This package may not be fully compatible with your project.
C:\Users\ultra\warewolf\Dev\Warewolf.Storage.Interfaces\Warewolf.Storage.Interfaces.csproj : warning NU1701: Package 'GroupControls 1.9.0' was restored using '.NETFramework,Version=v4.6.1, .NETFramework,Version=v4.6.2, .NETFramework,Version=v4.7, .NETFramework,Version=v4.7.1, .NETFramework,Version=v4.7.2, .NETFramework,Version=v4.8, .NETFramework,Version=v4.8.1' instead of the project target framework 'net8.0'. This package may not be fully compatible with your project.
C:\Users\ultra\warewolf\Dev\Warewolf.Storage.Interfaces\Warewolf.Storage.Interfaces.csproj : warning NU1701: Package 'TaskSchedulerEditor 2.10.1' was restored using '.NETFramework,Version=v4.6.1, .NETFramework,Version=v4.6.2, .NETFramework,Version=v4.7, .NETFramework,Version=v4.7.1, .NETFramework,Version=v4.7.2, .NETFramework,Version=v4.8, .NETFramework,Version=v4.8.1' instead of the project target framework 'net8.0'. This package may not be fully compatible with your project.
C:\Users\ultra\warewolf\Dev\Dev2.Services.Sql\Dev2.Services.Sql.csproj : warning NU1903: Package 'Oracle.ManagedDataAccess.Core' 3.21.70 has a known high severity vulnerability, https://github.com/advisories/GHSA-5pm2-9mr2-3frq
C:\Users\ultra\warewolf\Dev\Dev2.Services.Sql\Dev2.Services.Sql.csproj : warning NU1701: Package 'AeroWizard 2.3.1' was restored using '.NETFramework,Version=v4.6.1, .NETFramework,Version=v4.6.2, .NETFramework,Version=v4.7, .NETFramework,Version=v4.7.1, .NETFramework,Version=v4.7.2, .NETFramework,Version=v4.8, .NETFramework,Version=v4.8.1' instead of the project target framework 'net8.0'. This package may not be fully compatible with your project.
C:\Users\ultra\warewolf\Dev\Dev2.Services.Sql\Dev2.Services.Sql.csproj : warning NU1701: Package 'GroupControls 1.9.0' was restored using '.NETFramework,Version=v4.6.1, .NETFramework,Version=v4.6.2, .NETFramework,Version=v4.7, .NETFramework,Version=v4.7.1, .NETFramework,Version=v4.7.2, .NETFramework,Version=v4.8, .NETFramework,Version=v4.8.1' instead of the project target framework 'net8.0'. This package may not be fully compatible with your project.
C:\Users\ultra\warewolf\Dev\Dev2.Services.Sql\Dev2.Services.Sql.csproj : warning NU1701: Package 'ReactiveUI.WPF 18.4.1' was restored using '.NETFramework,Version=v4.6.1, .NETFramework,Version=v4.6.2, .NETFramework,Version=v4.7, .NETFramework,Version=v4.7.1, .NETFramework,Version=v4.7.2, .NETFramework,Version=v4.8, .NETFramework,Version=v4.8.1' instead of the project target framework 'net8.0'. This package may not be fully compatible with your project.
C:\Users\ultra\warewolf\Dev\Dev2.Services.Sql\Dev2.Services.Sql.csproj : warning NU1701: Package 'TaskSchedulerEditor 2.10.1' was restored using '.NETFramework,Version=v4.6.1, .NETFramework,Version=v4.6.2, .NETFramework,Version=v4.7, .NETFramework,Version=v4.7.1, .NETFramework,Version=v4.7.2, .NETFramework,Version=v4.8, .NETFramework,Version=v4.8.1' instead of the project target framework 'net8.0'. This package may not be fully compatible with your project.
C:\Users\ultra\warewolf\Dev\Dev2.Diagnostics.Tests\Dev2.Diagnostics.Tests.csproj : warning NU1701: Package 'AeroWizard 2.3.1' was restored using '.NETFramework,Version=v4.6.1, .NETFramework,Version=v4.6.2, .NETFramework,Version=v4.7, .NETFramework,Version=v4.7.1, .NETFramework,Version=v4.7.2, .NETFramework,Version=v4.8, .NETFramework,Version=v4.8.1' instead of the project target framework 'net8.0'. This package may not be fully compatible with your project.
C:\Users\ultra\warewolf\Dev\Dev2.Diagnostics.Tests\Dev2.Diagnostics.Tests.csproj : warning NU1701: Package 'GroupControls 1.9.0' was restored using '.NETFramework,Version=v4.6.1, .NETFramework,Version=v4.6.2, .NETFramework,Version=v4.7, .NETFramework,Version=v4.7.1, .NETFramework,Version=v4.7.2, .NETFramework,Version=v4.8, .NETFramework,Version=v4.8.1' instead of the project target framework 'net8.0'. This package may not be fully compatible with your project.
C:\Users\ultra\warewolf\Dev\Dev2.Diagnostics.Tests\Dev2.Diagnostics.Tests.csproj : warning NU1701: Package 'Microsoft.Xaml.Behaviors.Wpf 1.1.122' was restored using '.NETFramework,Version=v4.6.1, .NETFramework,Version=v4.6.2, .NETFramework,Version=v4.7, .NETFramework,Version=v4.7.1, .NETFramework,Version=v4.7.2, .NETFramework,Version=v4.8, .NETFramework,Version=v4.8.1' instead of the project target framework 'net8.0'. This package may not be fully compatible with your project.
C:\Users\ultra\warewolf\Dev\Dev2.Diagnostics.Tests\Dev2.Diagnostics.Tests.csproj : warning NU1701: Package 'Prism.Wpf 9.0.537' was restored using '.NETFramework,Version=v4.6.1, .NETFramework,Version=v4.6.2, .NETFramework,Version=v4.7, .NETFramework,Version=v4.7.1, .NETFramework,Version=v4.7.2, .NETFramework,Version=v4.8, .NETFramework,Version=v4.8.1' instead of the project target framework 'net8.0'. This package may not be fully compatible with your project.
C:\Users\ultra\warewolf\Dev\Dev2.Diagnostics.Tests\Dev2.Diagnostics.Tests.csproj : warning NU1701: Package 'ReactiveUI.WPF 18.4.1' was restored using '.NETFramework,Version=v4.6.1, .NETFramework,Version=v4.6.2, .NETFramework,Version=v4.7, .NETFramework,Version=v4.7.1, .NETFramework,Version=v4.7.2, .NETFramework,Version=v4.8, .NETFramework,Version=v4.8.1' instead of the project target framework 'net8.0'. This package may not be fully compatible with your project.
C:\Users\ultra\warewolf\Dev\Dev2.Diagnostics.Tests\Dev2.Diagnostics.Tests.csproj : warning NU1701: Package 'TaskSchedulerEditor 2.10.1' was restored using '.NETFramework,Version=v4.6.1, .NETFramework,Version=v4.6.2, .NETFramework,Version=v4.7, .NETFramework,Version=v4.7.1, .NETFramework,Version=v4.7.2, .NETFramework,Version=v4.8, .NETFramework,Version=v4.8.1' instead of the project target framework 'net8.0'. This package may not be fully compatible with your project.
C:\Users\ultra\warewolf\Dev\Warewolf.Sharepoint\Warewolf.Sharepoint.csproj : warning NU1701: Package 'AeroWizard 2.3.1' was restored using '.NETFramework,Version=v4.6.1, .NETFramework,Version=v4.6.2, .NETFramework,Version=v4.7, .NETFramework,Version=v4.7.1, .NETFramework,Version=v4.7.2, .NETFramework,Version=v4.8, .NETFramework,Version=v4.8.1' instead of the project target framework 'net8.0'. This package may not be fully compatible with your project.
C:\Users\ultra\warewolf\Dev\Warewolf.Sharepoint\Warewolf.Sharepoint.csproj : warning NU1701: Package 'GroupControls 1.9.0' was restored using '.NETFramework,Version=v4.6.1, .NETFramework,Version=v4.6.2, .NETFramework,Version=v4.7, .NETFramework,Version=v4.7.1, .NETFramework,Version=v4.7.2, .NETFramework,Version=v4.8, .NETFramework,Version=v4.8.1' instead of the project target framework 'net8.0'. This package may not be fully compatible with your project.
C:\Users\ultra\warewolf\Dev\Warewolf.Sharepoint\Warewolf.Sharepoint.csproj : warning NU1701: Package 'ReactiveUI.WPF 18.4.1' was restored using '.NETFramework,Version=v4.6.1, .NETFramework,Version=v4.6.2, .NETFramework,Version=v4.7, .NETFramework,Version=v4.7.1, .NETFramework,Version=v4.7.2, .NETFramework,Version=v4.8, .NETFramework,Version=v4.8.1' instead of the project target framework 'net8.0'. This package may not be fully compatible with your project.
C:\Users\ultra\warewolf\Dev\Warewolf.Sharepoint\Warewolf.Sharepoint.csproj : warning NU1701: Package 'TaskSchedulerEditor 2.10.1' was restored using '.NETFramework,Version=v4.6.1, .NETFramework,Version=v4.6.2, .NETFramework,Version=v4.7, .NETFramework,Version=v4.7.1, .NETFramework,Version=v4.7.2, .NETFramework,Version=v4.8, .NETFramework,Version=v4.8.1' instead of the project target framework 'net8.0'. This package may not be fully compatible with your project.
C:\Users\ultra\warewolf\Dev\Dev2.Services.Execution\Dev2.Services.Execution.csproj : warning NU1701: Package 'AeroWizard 2.3.1' was restored using '.NETFramework,Version=v4.6.1, .NETFramework,Version=v4.6.2, .NETFramework,Version=v4.7, .NETFramework,Version=v4.7.1, .NETFramework,Version=v4.7.2, .NETFramework,Version=v4.8, .NETFramework,Version=v4.8.1' instead of the project target framework 'net8.0'. This package may not be fully compatible with your project.
C:\Users\ultra\warewolf\Dev\Dev2.Services.Execution\Dev2.Services.Execution.csproj : warning NU1701: Package 'GroupControls 1.9.0' was restored using '.NETFramework,Version=v4.6.1, .NETFramework,Version=v4.6.2, .NETFramework,Version=v4.7, .NETFramework,Version=v4.7.1, .NETFramework,Version=v4.7.2, .NETFramework,Version=v4.8, .NETFramework,Version=v4.8.1' instead of the project target framework 'net8.0'. This package may not be fully compatible with your project.
C:\Users\ultra\warewolf\Dev\Dev2.Services.Execution\Dev2.Services.Execution.csproj : warning NU1701: Package 'ReactiveUI.WPF 18.4.1' was restored using '.NETFramework,Version=v4.6.1, .NETFramework,Version=v4.6.2, .NETFramework,Version=v4.7, .NETFramework,Version=v4.7.1, .NETFramework,Version=v4.7.2, .NETFramework,Version=v4.8, .NETFramework,Version=v4.8.1' instead of the project target framework 'net8.0'. This package may not be fully compatible with your project.
C:\Users\ultra\warewolf\Dev\Dev2.Services.Execution\Dev2.Services.Execution.csproj : warning NU1701: Package 'TaskSchedulerEditor 2.10.1' was restored using '.NETFramework,Version=v4.6.1, .NETFramework,Version=v4.6.2, .NETFramework,Version=v4.7, .NETFramework,Version=v4.7.1, .NETFramework,Version=v4.7.2, .NETFramework,Version=v4.8, .NETFramework,Version=v4.8.1' instead of the project target framework 'net8.0'. This package may not be fully compatible with your project.
C:\Users\ultra\warewolf\Dev\Warewolf.HangfireServer\Warewolf.HangfireServer.csproj : warning NU1903: Package 'Microsoft.Windows.Compatibility' 6.0.0 has a known high severity vulnerability, https://github.com/advisories/GHSA-555c-2p6r-68mm
C:\Users\ultra\warewolf\Dev\Warewolf.HangfireServer\Warewolf.HangfireServer.csproj : warning NU1701: Package 'AeroWizard 2.3.1' was restored using '.NETFramework,Version=v4.6.1, .NETFramework,Version=v4.6.2, .NETFramework,Version=v4.7, .NETFramework,Version=v4.7.1, .NETFramework,Version=v4.7.2, .NETFramework,Version=v4.8, .NETFramework,Version=v4.8.1' instead of the project target framework 'net8.0'. This package may not be fully compatible with your project.
C:\Users\ultra\warewolf\Dev\Warewolf.HangfireServer\Warewolf.HangfireServer.csproj : warning NU1701: Package 'GroupControls 1.9.0' was restored using '.NETFramework,Version=v4.6.1, .NETFramework,Version=v4.6.2, .NETFramework,Version=v4.7, .NETFramework,Version=v4.7.1, .NETFramework,Version=v4.7.2, .NETFramework,Version=v4.8, .NETFramework,Version=v4.8.1' instead of the project target framework 'net8.0'. This package may not be fully compatible with your project.
C:\Users\ultra\warewolf\Dev\Warewolf.HangfireServer\Warewolf.HangfireServer.csproj : warning NU1701: Package 'ReactiveUI.WPF 18.4.1' was restored using '.NETFramework,Version=v4.6.1, .NETFramework,Version=v4.6.2, .NETFramework,Version=v4.7, .NETFramework,Version=v4.7.1, .NETFramework,Version=v4.7.2, .NETFramework,Version=v4.8, .NETFramework,Version=v4.8.1' instead of the project target framework 'net8.0'. This package may not be fully compatible with your project.
C:\Users\ultra\warewolf\Dev\Warewolf.HangfireServer\Warewolf.HangfireServer.csproj : warning NU1701: Package 'TaskSchedulerEditor 2.10.1' was restored using '.NETFramework,Version=v4.6.1, .NETFramework,Version=v4.6.2, .NETFramework,Version=v4.7, .NETFramework,Version=v4.7.1, .NETFramework,Version=v4.7.2, .NETFramework,Version=v4.8, .NETFramework,Version=v4.8.1' instead of the project target framework 'net8.0'. This package may not be fully compatible with your project.
C:\Users\ultra\warewolf\Dev\Dev2.Runtime.WebServer\Dev2.Runtime.WebServer.csproj : warning NU1902: Package 'System.IdentityModel.Tokens.Jwt' 5.1.0 has a known moderate severity vulnerability, https://github.com/advisories/GHSA-59j7-ghrg-fj52
C:\Users\ultra\warewolf\Dev\Dev2.Runtime.WebServer\Dev2.Runtime.WebServer.csproj : warning NU1701: Package 'AeroWizard 2.3.1' was restored using '.NETFramework,Version=v4.6.1, .NETFramework,Version=v4.6.2, .NETFramework,Version=v4.7, .NETFramework,Version=v4.7.1, .NETFramework,Version=v4.7.2, .NETFramework,Version=v4.8, .NETFramework,Version=v4.8.1' instead of the project target framework 'net8.0'. This package may not be fully compatible with your project.
C:\Users\ultra\warewolf\Dev\Dev2.Runtime.WebServer\Dev2.Runtime.WebServer.csproj : warning NU1701: Package 'GroupControls 1.9.0' was restored using '.NETFramework,Version=v4.6.1, .NETFramework,Version=v4.6.2, .NETFramework,Version=v4.7, .NETFramework,Version=v4.7.1, .NETFramework,Version=v4.7.2, .NETFramework,Version=v4.8, .NETFramework,Version=v4.8.1' instead of the project target framework 'net8.0'. This package may not be fully compatible with your project.
C:\Users\ultra\warewolf\Dev\Dev2.Runtime.WebServer\Dev2.Runtime.WebServer.csproj : warning NU1701: Package 'Microsoft.Xaml.Behaviors.Wpf 1.1.122' was restored using '.NETFramework,Version=v4.6.1, .NETFramework,Version=v4.6.2, .NETFramework,Version=v4.7, .NETFramework,Version=v4.7.1, .NETFramework,Version=v4.7.2, .NETFramework,Version=v4.8, .NETFramework,Version=v4.8.1' instead of the project target framework 'net8.0'. This package may not be fully compatible with your project.
C:\Users\ultra\warewolf\Dev\Dev2.Runtime.WebServer\Dev2.Runtime.WebServer.csproj : warning NU1701: Package 'Prism.Wpf 9.0.537' was restored using '.NETFramework,Version=v4.6.1, .NETFramework,Version=v4.6.2, .NETFramework,Version=v4.7, .NETFramework,Version=v4.7.1, .NETFramework,Version=v4.7.2, .NETFramework,Version=v4.8, .NETFramework,Version=v4.8.1' instead of the project target framework 'net8.0'. This package may not be fully compatible with your project.
C:\Users\ultra\warewolf\Dev\Dev2.Runtime.WebServer\Dev2.Runtime.WebServer.csproj : warning NU1701: Package 'ReactiveUI.WPF 18.4.1' was restored using '.NETFramework,Version=v4.6.1, .NETFramework,Version=v4.6.2, .NETFramework,Version=v4.7, .NETFramework,Version=v4.7.1, .NETFramework,Version=v4.7.2, .NETFramework,Version=v4.8, .NETFramework,Version=v4.8.1' instead of the project target framework 'net8.0'. This package may not be fully compatible with your project.
C:\Users\ultra\warewolf\Dev\Dev2.Runtime.WebServer\Dev2.Runtime.WebServer.csproj : warning NU1701: Package 'TaskSchedulerEditor 2.10.1' was restored using '.NETFramework,Version=v4.6.1, .NETFramework,Version=v4.6.2, .NETFramework,Version=v4.7, .NETFramework,Version=v4.7.1, .NETFramework,Version=v4.7.2, .NETFramework,Version=v4.8, .NETFramework,Version=v4.8.1' instead of the project target framework 'net8.0'. This package may not be fully compatible with your project.
C:\Users\ultra\warewolf\Dev\Dev2.Scheduler\Dev2.Scheduler.csproj : warning NU1701: Package 'AeroWizard 2.3.1' was restored using '.NETFramework,Version=v4.6.1, .NETFramework,Version=v4.6.2, .NETFramework,Version=v4.7, .NETFramework,Version=v4.7.1, .NETFramework,Version=v4.7.2, .NETFramework,Version=v4.8, .NETFramework,Version=v4.8.1' instead of the project target framework 'net8.0'. This package may not be fully compatible with your project.
C:\Users\ultra\warewolf\Dev\Dev2.Scheduler\Dev2.Scheduler.csproj : warning NU1701: Package 'GroupControls 1.9.0' was restored using '.NETFramework,Version=v4.6.1, .NETFramework,Version=v4.6.2, .NETFramework,Version=v4.7, .NETFramework,Version=v4.7.1, .NETFramework,Version=v4.7.2, .NETFramework,Version=v4.8, .NETFramework,Version=v4.8.1' instead of the project target framework 'net8.0'. This package may not be fully compatible with your project.
C:\Users\ultra\warewolf\Dev\Dev2.Scheduler\Dev2.Scheduler.csproj : warning NU1701: Package 'ReactiveUI.WPF 18.4.1' was restored using '.NETFramework,Version=v4.6.1, .NETFramework,Version=v4.6.2, .NETFramework,Version=v4.7, .NETFramework,Version=v4.7.1, .NETFramework,Version=v4.7.2, .NETFramework,Version=v4.8, .NETFramework,Version=v4.8.1' instead of the project target framework 'net8.0'. This package may not be fully compatible with your project.
C:\Users\ultra\warewolf\Dev\Dev2.Scheduler\Dev2.Scheduler.csproj : warning NU1701: Package 'TaskSchedulerEditor 2.10.1' was restored using '.NETFramework,Version=v4.6.1, .NETFramework,Version=v4.6.2, .NETFramework,Version=v4.7, .NETFramework,Version=v4.7.1, .NETFramework,Version=v4.7.2, .NETFramework,Version=v4.8, .NETFramework,Version=v4.8.1' instead of the project target framework 'net8.0'. This package may not be fully compatible with your project.
C:\Users\ultra\warewolf\Dev\Warewolf.Logger\Warewolf.Logger.csproj : warning NU1701: Package 'AeroWizard 2.3.1' was restored using '.NETFramework,Version=v4.6.1, .NETFramework,Version=v4.6.2, .NETFramework,Version=v4.7, .NETFramework,Version=v4.7.1, .NETFramework,Version=v4.7.2, .NETFramework,Version=v4.8, .NETFramework,Version=v4.8.1' instead of the project target framework 'net8.0'. This package may not be fully compatible with your project.
C:\Users\ultra\warewolf\Dev\Warewolf.Logger\Warewolf.Logger.csproj : warning NU1701: Package 'GroupControls 1.9.0' was restored using '.NETFramework,Version=v4.6.1, .NETFramework,Version=v4.6.2, .NETFramework,Version=v4.7, .NETFramework,Version=v4.7.1, .NETFramework,Version=v4.7.2, .NETFramework,Version=v4.8, .NETFramework,Version=v4.8.1' instead of the project target framework 'net8.0'. This package may not be fully compatible with your project.
C:\Users\ultra\warewolf\Dev\Warewolf.Logger\Warewolf.Logger.csproj : warning NU1701: Package 'Microsoft.Xaml.Behaviors.Wpf 1.1.122' was restored using '.NETFramework,Version=v4.6.1, .NETFramework,Version=v4.6.2, .NETFramework,Version=v4.7, .NETFramework,Version=v4.7.1, .NETFramework,Version=v4.7.2, .NETFramework,Version=v4.8, .NETFramework,Version=v4.8.1' instead of the project target framework 'net8.0'. This package may not be fully compatible with your project.
C:\Users\ultra\warewolf\Dev\Warewolf.Logger\Warewolf.Logger.csproj : warning NU1701: Package 'Prism.Wpf 9.0.537' was restored using '.NETFramework,Version=v4.6.1, .NETFramework,Version=v4.6.2, .NETFramework,Version=v4.7, .NETFramework,Version=v4.7.1, .NETFramework,Version=v4.7.2, .NETFramework,Version=v4.8, .NETFramework,Version=v4.8.1' instead of the project target framework 'net8.0'. This package may not be fully compatible with your project.
C:\Users\ultra\warewolf\Dev\Warewolf.Logger\Warewolf.Logger.csproj : warning NU1701: Package 'ReactiveUI.WPF 18.4.1' was restored using '.NETFramework,Version=v4.6.1, .NETFramework,Version=v4.6.2, .NETFramework,Version=v4.7, .NETFramework,Version=v4.7.1, .NETFramework,Version=v4.7.2, .NETFramework,Version=v4.8, .NETFramework,Version=v4.8.1' instead of the project target framework 'net8.0'. This package may not be fully compatible with your project.
C:\Users\ultra\warewolf\Dev\Warewolf.Logger\Warewolf.Logger.csproj : warning NU1701: Package 'TaskSchedulerEditor 2.10.1' was restored using '.NETFramework,Version=v4.6.1, .NETFramework,Version=v4.6.2, .NETFramework,Version=v4.7, .NETFramework,Version=v4.7.1, .NETFramework,Version=v4.7.2, .NETFramework,Version=v4.8, .NETFramework,Version=v4.8.1' instead of the project target framework 'net8.0'. This package may not be fully compatible with your project.
C:\Users\ultra\warewolf\Dev\Dev2.TaskScheduler.Wrappers\Dev2.TaskScheduler.Wrappers.csproj : warning NU1701: Package 'AeroWizard 2.3.1' was restored using '.NETFramework,Version=v4.6.1, .NETFramework,Version=v4.6.2, .NETFramework,Version=v4.7, .NETFramework,Version=v4.7.1, .NETFramework,Version=v4.7.2, .NETFramework,Version=v4.8, .NETFramework,Version=v4.8.1' instead of the project target framework 'net8.0'. This package may not be fully compatible with your project.
C:\Users\ultra\warewolf\Dev\Dev2.TaskScheduler.Wrappers\Dev2.TaskScheduler.Wrappers.csproj : warning NU1701: Package 'GroupControls 1.9.0' was restored using '.NETFramework,Version=v4.6.1, .NETFramework,Version=v4.6.2, .NETFramework,Version=v4.7, .NETFramework,Version=v4.7.1, .NETFramework,Version=v4.7.2, .NETFramework,Version=v4.8, .NETFramework,Version=v4.8.1' instead of the project target framework 'net8.0'. This package may not be fully compatible with your project.
C:\Users\ultra\warewolf\Dev\Dev2.TaskScheduler.Wrappers\Dev2.TaskScheduler.Wrappers.csproj : warning NU1701: Package 'TaskSchedulerEditor 2.10.1' was restored using '.NETFramework,Version=v4.6.1, .NETFramework,Version=v4.6.2, .NETFramework,Version=v4.7, .NETFramework,Version=v4.7.1, .NETFramework,Version=v4.7.2, .NETFramework,Version=v4.8, .NETFramework,Version=v4.8.1' instead of the project target framework 'net8.0'. This package may not be fully compatible with your project.
C:\Users\ultra\warewolf\Dev\Warewolf.ResourceManagement\Warewolf.ResourceManagement.csproj : warning NU1701: Package 'AeroWizard 2.3.1' was restored using '.NETFramework,Version=v4.6.1, .NETFramework,Version=v4.6.2, .NETFramework,Version=v4.7, .NETFramework,Version=v4.7.1, .NETFramework,Version=v4.7.2, .NETFramework,Version=v4.8, .NETFramework,Version=v4.8.1' instead of the project target framework 'net8.0'. This package may not be fully compatible with your project.
C:\Users\ultra\warewolf\Dev\Warewolf.ResourceManagement\Warewolf.ResourceManagement.csproj : warning NU1701: Package 'GroupControls 1.9.0' was restored using '.NETFramework,Version=v4.6.1, .NETFramework,Version=v4.6.2, .NETFramework,Version=v4.7, .NETFramework,Version=v4.7.1, .NETFramework,Version=v4.7.2, .NETFramework,Version=v4.8, .NETFramework,Version=v4.8.1' instead of the project target framework 'net8.0'. This package may not be fully compatible with your project.
C:\Users\ultra\warewolf\Dev\Warewolf.ResourceManagement\Warewolf.ResourceManagement.csproj : warning NU1701: Package 'ReactiveUI.WPF 18.4.1' was restored using '.NETFramework,Version=v4.6.1, .NETFramework,Version=v4.6.2, .NETFramework,Version=v4.7, .NETFramework,Version=v4.7.1, .NETFramework,Version=v4.7.2, .NETFramework,Version=v4.8, .NETFramework,Version=v4.8.1' instead of the project target framework 'net8.0'. This package may not be fully compatible with your project.
C:\Users\ultra\warewolf\Dev\Warewolf.ResourceManagement\Warewolf.ResourceManagement.csproj : warning NU1701: Package 'TaskSchedulerEditor 2.10.1' was restored using '.NETFramework,Version=v4.6.1, .NETFramework,Version=v4.6.2, .NETFramework,Version=v4.7, .NETFramework,Version=v4.7.1, .NETFramework,Version=v4.7.2, .NETFramework,Version=v4.8, .NETFramework,Version=v4.8.1' instead of the project target framework 'net8.0'. This package may not be fully compatible with your project.
C:\Users\ultra\warewolf\Dev\Warewolf.Driver.Serilog\Warewolf.Driver.Serilog.csproj : warning NU1701: Package 'AeroWizard 2.3.1' was restored using '.NETFramework,Version=v4.6.1, .NETFramework,Version=v4.6.2, .NETFramework,Version=v4.7, .NETFramework,Version=v4.7.1, .NETFramework,Version=v4.7.2, .NETFramework,Version=v4.8, .NETFramework,Version=v4.8.1' instead of the project target framework 'net8.0'. This package may not be fully compatible with your project.
C:\Users\ultra\warewolf\Dev\Warewolf.Driver.Serilog\Warewolf.Driver.Serilog.csproj : warning NU1701: Package 'GroupControls 1.9.0' was restored using '.NETFramework,Version=v4.6.1, .NETFramework,Version=v4.6.2, .NETFramework,Version=v4.7, .NETFramework,Version=v4.7.1, .NETFramework,Version=v4.7.2, .NETFramework,Version=v4.8, .NETFramework,Version=v4.8.1' instead of the project target framework 'net8.0'. This package may not be fully compatible with your project.
C:\Users\ultra\warewolf\Dev\Warewolf.Driver.Serilog\Warewolf.Driver.Serilog.csproj : warning NU1701: Package 'ReactiveUI.WPF 18.4.1' was restored using '.NETFramework,Version=v4.6.1, .NETFramework,Version=v4.6.2, .NETFramework,Version=v4.7, .NETFramework,Version=v4.7.1, .NETFramework,Version=v4.7.2, .NETFramework,Version=v4.8, .NETFramework,Version=v4.8.1' instead of the project target framework 'net8.0'. This package may not be fully compatible with your project.
C:\Users\ultra\warewolf\Dev\Warewolf.Driver.Serilog\Warewolf.Driver.Serilog.csproj : warning NU1701: Package 'TaskSchedulerEditor 2.10.1' was restored using '.NETFramework,Version=v4.6.1, .NETFramework,Version=v4.6.2, .NETFramework,Version=v4.7, .NETFramework,Version=v4.7.1, .NETFramework,Version=v4.7.2, .NETFramework,Version=v4.8, .NETFramework,Version=v4.8.1' instead of the project target framework 'net8.0'. This package may not be fully compatible with your project.
C:\Users\ultra\warewolf\Dev\Warewolf.PerfMon\Warewolf.PerfMon.csproj : warning NU1701: Package 'AeroWizard 2.3.1' was restored using '.NETFramework,Version=v4.6.1, .NETFramework,Version=v4.6.2, .NETFramework,Version=v4.7, .NETFramework,Version=v4.7.1, .NETFramework,Version=v4.7.2, .NETFramework,Version=v4.8, .NETFramework,Version=v4.8.1' instead of the project target framework 'net8.0'. This package may not be fully compatible with your project.
C:\Users\ultra\warewolf\Dev\Warewolf.PerfMon\Warewolf.PerfMon.csproj : warning NU1701: Package 'GroupControls 1.9.0' was restored using '.NETFramework,Version=v4.6.1, .NETFramework,Version=v4.6.2, .NETFramework,Version=v4.7, .NETFramework,Version=v4.7.1, .NETFramework,Version=v4.7.2, .NETFramework,Version=v4.8, .NETFramework,Version=v4.8.1' instead of the project target framework 'net8.0'. This package may not be fully compatible with your project.
C:\Users\ultra\warewolf\Dev\Warewolf.PerfMon\Warewolf.PerfMon.csproj : warning NU1701: Package 'ReactiveUI.WPF 18.4.1' was restored using '.NETFramework,Version=v4.6.1, .NETFramework,Version=v4.6.2, .NETFramework,Version=v4.7, .NETFramework,Version=v4.7.1, .NETFramework,Version=v4.7.2, .NETFramework,Version=v4.8, .NETFramework,Version=v4.8.1' instead of the project target framework 'net8.0'. This package may not be fully compatible with your project.
C:\Users\ultra\warewolf\Dev\Warewolf.PerfMon\Warewolf.PerfMon.csproj : warning NU1701: Package 'TaskSchedulerEditor 2.10.1' was restored using '.NETFramework,Version=v4.6.1, .NETFramework,Version=v4.6.2, .NETFramework,Version=v4.7, .NETFramework,Version=v4.7.1, .NETFramework,Version=v4.7.2, .NETFramework,Version=v4.8, .NETFramework,Version=v4.8.1' instead of the project target framework 'net8.0'. This package may not be fully compatible with your project.
C:\Users\ultra\warewolf\Dev\Dev2.Studio.Interfaces\Dev2.Studio.Interfaces.csproj : warning NU1701: Package 'AeroWizard 2.3.1' was restored using '.NETFramework,Version=v4.6.1, .NETFramework,Version=v4.6.2, .NETFramework,Version=v4.7, .NETFramework,Version=v4.7.1, .NETFramework,Version=v4.7.2, .NETFramework,Version=v4.8, .NETFramework,Version=v4.8.1' instead of the project target framework 'net8.0'. This package may not be fully compatible with your project.
C:\Users\ultra\warewolf\Dev\Dev2.Studio.Interfaces\Dev2.Studio.Interfaces.csproj : warning NU1701: Package 'GroupControls 1.9.0' was restored using '.NETFramework,Version=v4.6.1, .NETFramework,Version=v4.6.2, .NETFramework,Version=v4.7, .NETFramework,Version=v4.7.1, .NETFramework,Version=v4.7.2, .NETFramework,Version=v4.8, .NETFramework,Version=v4.8.1' instead of the project target framework 'net8.0'. This package may not be fully compatible with your project.
C:\Users\ultra\warewolf\Dev\Dev2.Studio.Interfaces\Dev2.Studio.Interfaces.csproj : warning NU1701: Package 'Microsoft.Xaml.Behaviors.Wpf 1.1.122' was restored using '.NETFramework,Version=v4.6.1, .NETFramework,Version=v4.6.2, .NETFramework,Version=v4.7, .NETFramework,Version=v4.7.1, .NETFramework,Version=v4.7.2, .NETFramework,Version=v4.8, .NETFramework,Version=v4.8.1' instead of the project target framework 'net8.0'. This package may not be fully compatible with your project.
C:\Users\ultra\warewolf\Dev\Dev2.Studio.Interfaces\Dev2.Studio.Interfaces.csproj : warning NU1701: Package 'Prism.Wpf 9.0.537' was restored using '.NETFramework,Version=v4.6.1, .NETFramework,Version=v4.6.2, .NETFramework,Version=v4.7, .NETFramework,Version=v4.7.1, .NETFramework,Version=v4.7.2, .NETFramework,Version=v4.8, .NETFramework,Version=v4.8.1' instead of the project target framework 'net8.0'. This package may not be fully compatible with your project.
C:\Users\ultra\warewolf\Dev\Dev2.Studio.Interfaces\Dev2.Studio.Interfaces.csproj : warning NU1701: Package 'ReactiveUI.WPF 18.4.1' was restored using '.NETFramework,Version=v4.6.1, .NETFramework,Version=v4.6.2, .NETFramework,Version=v4.7, .NETFramework,Version=v4.7.1, .NETFramework,Version=v4.7.2, .NETFramework,Version=v4.8, .NETFramework,Version=v4.8.1' instead of the project target framework 'net8.0'. This package may not be fully compatible with your project.
C:\Users\ultra\warewolf\Dev\Dev2.Studio.Interfaces\Dev2.Studio.Interfaces.csproj : warning NU1701: Package 'TaskSchedulerEditor 2.10.1' was restored using '.NETFramework,Version=v4.6.1, .NETFramework,Version=v4.6.2, .NETFramework,Version=v4.7, .NETFramework,Version=v4.7.1, .NETFramework,Version=v4.7.2, .NETFramework,Version=v4.8, .NETFramework,Version=v4.8.1' instead of the project target framework 'net8.0'. This package may not be fully compatible with your project.
C:\Users\ultra\warewolf\Dev\TestBase\TestBase.csproj : warning NU1701: Package 'AeroWizard 2.3.1' was restored using '.NETFramework,Version=v4.6.1, .NETFramework,Version=v4.6.2, .NETFramework,Version=v4.7, .NETFramework,Version=v4.7.1, .NETFramework,Version=v4.7.2, .NETFramework,Version=v4.8, .NETFramework,Version=v4.8.1' instead of the project target framework 'net8.0'. This package may not be fully compatible with your project.
C:\Users\ultra\warewolf\Dev\TestBase\TestBase.csproj : warning NU1701: Package 'AvalonEdit 6.3.0.90' was restored using '.NETFramework,Version=v4.6.1, .NETFramework,Version=v4.6.2, .NETFramework,Version=v4.7, .NETFramework,Version=v4.7.1, .NETFramework,Version=v4.7.2, .NETFramework,Version=v4.8, .NETFramework,Version=v4.8.1' instead of the project target framework 'net8.0'. This package may not be fully compatible with your project.
C:\Users\ultra\warewolf\Dev\TestBase\TestBase.csproj : warning NU1701: Package 'CommonServiceLocator 1.2.0' was restored using '.NETFramework,Version=v4.6.1, .NETFramework,Version=v4.6.2, .NETFramework,Version=v4.7, .NETFramework,Version=v4.7.1, .NETFramework,Version=v4.7.2, .NETFramework,Version=v4.8, .NETFramework,Version=v4.8.1' instead of the project target framework 'net8.0'. This package may not be fully compatible with your project.
C:\Users\ultra\warewolf\Dev\TestBase\TestBase.csproj : warning NU1701: Package 'FontAwesome.WPF 4.7.0.9' was restored using '.NETFramework,Version=v4.6.1, .NETFramework,Version=v4.6.2, .NETFramework,Version=v4.7, .NETFramework,Version=v4.7.1, .NETFramework,Version=v4.7.2, .NETFramework,Version=v4.8, .NETFramework,Version=v4.8.1' instead of the project target framework 'net8.0'. This package may not be fully compatible with your project.
C:\Users\ultra\warewolf\Dev\TestBase\TestBase.csproj : warning NU1701: Package 'GroupControls 1.9.0' was restored using '.NETFramework,Version=v4.6.1, .NETFramework,Version=v4.6.2, .NETFramework,Version=v4.7, .NETFramework,Version=v4.7.1, .NETFramework,Version=v4.7.2, .NETFramework,Version=v4.8, .NETFramework,Version=v4.8.1' instead of the project target framework 'net8.0'. This package may not be fully compatible with your project.
C:\Users\ultra\warewolf\Dev\TestBase\TestBase.csproj : warning NU1701: Package 'Log4Net.Async 2.0.4' was restored using '.NETFramework,Version=v4.6.1, .NETFramework,Version=v4.6.2, .NETFramework,Version=v4.7, .NETFramework,Version=v4.7.1, .NETFramework,Version=v4.7.2, .NETFramework,Version=v4.8, .NETFramework,Version=v4.8.1' instead of the project target framework 'net8.0'. This package may not be fully compatible with your project.
C:\Users\ultra\warewolf\Dev\TestBase\TestBase.csproj : warning NU1701: Package 'Microsoft.Xaml.Behaviors.Wpf 1.1.122' was restored using '.NETFramework,Version=v4.6.1, .NETFramework,Version=v4.6.2, .NETFramework,Version=v4.7, .NETFramework,Version=v4.7.1, .NETFramework,Version=v4.7.2, .NETFramework,Version=v4.8, .NETFramework,Version=v4.8.1' instead of the project target framework 'net8.0'. This package may not be fully compatible with your project.
C:\Users\ultra\warewolf\Dev\TestBase\TestBase.csproj : warning NU1701: Package 'Prism.Composition 5.0.0' was restored using '.NETFramework,Version=v4.6.1, .NETFramework,Version=v4.6.2, .NETFramework,Version=v4.7, .NETFramework,Version=v4.7.1, .NETFramework,Version=v4.7.2, .NETFramework,Version=v4.8, .NETFramework,Version=v4.8.1' instead of the project target framework 'net8.0'. This package may not be fully compatible with your project.
C:\Users\ultra\warewolf\Dev\TestBase\TestBase.csproj : warning NU1701: Package 'Prism.Interactivity 5.0.0' was restored using '.NETFramework,Version=v4.6.1, .NETFramework,Version=v4.6.2, .NETFramework,Version=v4.7, .NETFramework,Version=v4.7.1, .NETFramework,Version=v4.7.2, .NETFramework,Version=v4.8, .NETFramework,Version=v4.8.1' instead of the project target framework 'net8.0'. This package may not be fully compatible with your project.
C:\Users\ultra\warewolf\Dev\TestBase\TestBase.csproj : warning NU1701: Package 'Prism.Mvvm 1.0.0' was restored using '.NETFramework,Version=v4.6.1, .NETFramework,Version=v4.6.2, .NETFramework,Version=v4.7, .NETFramework,Version=v4.7.1, .NETFramework,Version=v4.7.2, .NETFramework,Version=v4.8, .NETFramework,Version=v4.8.1' instead of the project target framework 'net8.0'. This package may not be fully compatible with your project.
C:\Users\ultra\warewolf\Dev\TestBase\TestBase.csproj : warning NU1701: Package 'Prism.PubSubEvents 1.0.0' was restored using '.NETFramework,Version=v4.6.1, .NETFramework,Version=v4.6.2, .NETFramework,Version=v4.7, .NETFramework,Version=v4.7.1, .NETFramework,Version=v4.7.2, .NETFramework,Version=v4.8, .NETFramework,Version=v4.8.1' instead of the project target framework 'net8.0'. This package may not be fully compatible with your project.
C:\Users\ultra\warewolf\Dev\TestBase\TestBase.csproj : warning NU1701: Package 'Prism.UnityExtensions 5.0.1' was restored using '.NETFramework,Version=v4.6.1, .NETFramework,Version=v4.6.2, .NETFramework,Version=v4.7, .NETFramework,Version=v4.7.1, .NETFramework,Version=v4.7.2, .NETFramework,Version=v4.8, .NETFramework,Version=v4.8.1' instead of the project target framework 'net8.0'. This package may not be fully compatible with your project.
C:\Users\ultra\warewolf\Dev\TestBase\TestBase.csproj : warning NU1701: Package 'Prism.Wpf 9.0.537' was restored using '.NETFramework,Version=v4.6.1, .NETFramework,Version=v4.6.2, .NETFramework,Version=v4.7, .NETFramework,Version=v4.7.1, .NETFramework,Version=v4.7.2, .NETFramework,Version=v4.8, .NETFramework,Version=v4.8.1' instead of the project target framework 'net8.0'. This package may not be fully compatible with your project.
C:\Users\ultra\warewolf\Dev\TestBase\TestBase.csproj : warning NU1701: Package 'ReactiveUI.WPF 18.4.1' was restored using '.NETFramework,Version=v4.6.1, .NETFramework,Version=v4.6.2, .NETFramework,Version=v4.7, .NETFramework,Version=v4.7.1, .NETFramework,Version=v4.7.2, .NETFramework,Version=v4.8, .NETFramework,Version=v4.8.1' instead of the project target framework 'net8.0'. This package may not be fully compatible with your project.
C:\Users\ultra\warewolf\Dev\TestBase\TestBase.csproj : warning NU1701: Package 'TaskSchedulerEditor 2.10.1' was restored using '.NETFramework,Version=v4.6.1, .NETFramework,Version=v4.6.2, .NETFramework,Version=v4.7, .NETFramework,Version=v4.7.1, .NETFramework,Version=v4.7.2, .NETFramework,Version=v4.8, .NETFramework,Version=v4.8.1' instead of the project target framework 'net8.0'. This package may not be fully compatible with your project.
C:\Users\ultra\warewolf\Dev\TestBase\TestBase.csproj : warning NU1701: Package 'Unofficial.Microsoft.mshtml 7.0.3300' was restored using '.NETFramework,Version=v4.6.1, .NETFramework,Version=v4.6.2, .NETFramework,Version=v4.7, .NETFramework,Version=v4.7.1, .NETFramework,Version=v4.7.2, .NETFramework,Version=v4.8, .NETFramework,Version=v4.8.1' instead of the project target framework 'net8.0'. This package may not be fully compatible with your project.
C:\Users\ultra\warewolf\Dev\Warewolf.QueueWorker\Warewolf.QueueWorker.csproj : warning NU1701: Package 'AeroWizard 2.3.1' was restored using '.NETFramework,Version=v4.6.1, .NETFramework,Version=v4.6.2, .NETFramework,Version=v4.7, .NETFramework,Version=v4.7.1, .NETFramework,Version=v4.7.2, .NETFramework,Version=v4.8, .NETFramework,Version=v4.8.1' instead of the project target framework 'net8.0'. This package may not be fully compatible with your project.
C:\Users\ultra\warewolf\Dev\Warewolf.QueueWorker\Warewolf.QueueWorker.csproj : warning NU1701: Package 'GroupControls 1.9.0' was restored using '.NETFramework,Version=v4.6.1, .NETFramework,Version=v4.6.2, .NETFramework,Version=v4.7, .NETFramework,Version=v4.7.1, .NETFramework,Version=v4.7.2, .NETFramework,Version=v4.8, .NETFramework,Version=v4.8.1' instead of the project target framework 'net8.0'. This package may not be fully compatible with your project.
C:\Users\ultra\warewolf\Dev\Warewolf.QueueWorker\Warewolf.QueueWorker.csproj : warning NU1701: Package 'Microsoft.Xaml.Behaviors.Wpf 1.1.122' was restored using '.NETFramework,Version=v4.6.1, .NETFramework,Version=v4.6.2, .NETFramework,Version=v4.7, .NETFramework,Version=v4.7.1, .NETFramework,Version=v4.7.2, .NETFramework,Version=v4.8, .NETFramework,Version=v4.8.1' instead of the project target framework 'net8.0'. This package may not be fully compatible with your project.
C:\Users\ultra\warewolf\Dev\Warewolf.QueueWorker\Warewolf.QueueWorker.csproj : warning NU1701: Package 'Prism.Wpf 9.0.537' was restored using '.NETFramework,Version=v4.6.1, .NETFramework,Version=v4.6.2, .NETFramework,Version=v4.7, .NETFramework,Version=v4.7.1, .NETFramework,Version=v4.7.2, .NETFramework,Version=v4.8, .NETFramework,Version=v4.8.1' instead of the project target framework 'net8.0'. This package may not be fully compatible with your project.
C:\Users\ultra\warewolf\Dev\Warewolf.QueueWorker\Warewolf.QueueWorker.csproj : warning NU1701: Package 'ReactiveUI.WPF 18.4.1' was restored using '.NETFramework,Version=v4.6.1, .NETFramework,Version=v4.6.2, .NETFramework,Version=v4.7, .NETFramework,Version=v4.7.1, .NETFramework,Version=v4.7.2, .NETFramework,Version=v4.8, .NETFramework,Version=v4.8.1' instead of the project target framework 'net8.0'. This package may not be fully compatible with your project.
C:\Users\ultra\warewolf\Dev\Warewolf.QueueWorker\Warewolf.QueueWorker.csproj : warning NU1701: Package 'TaskSchedulerEditor 2.10.1' was restored using '.NETFramework,Version=v4.6.1, .NETFramework,Version=v4.6.2, .NETFramework,Version=v4.7, .NETFramework,Version=v4.7.1, .NETFramework,Version=v4.7.2, .NETFramework,Version=v4.8, .NETFramework,Version=v4.8.1' instead of the project target framework 'net8.0'. This package may not be fully compatible with your project.
  Log4Net.Async -> C:\Users\ultra\warewolf\Dev\Log4Net.Async\bin\Debug\net8.0\Log4Net.Async.dll
C:\Users\ultra\warewolf\Dev\Warewolf.Storage\Warewolf.Storage.csproj : warning NU1701: Package 'AeroWizard 2.3.1' was restored using '.NETFramework,Version=v4.6.1, .NETFramework,Version=v4.6.2, .NETFramework,Version=v4.7, .NETFramework,Version=v4.7.1, .NETFramework,Version=v4.7.2, .NETFramework,Version=v4.8, .NETFramework,Version=v4.8.1' instead of the project target framework 'net8.0'. This package may not be fully compatible with your project.
C:\Users\ultra\warewolf\Dev\Warewolf.Storage\Warewolf.Storage.csproj : warning NU1701: Package 'GroupControls 1.9.0' was restored using '.NETFramework,Version=v4.6.1, .NETFramework,Version=v4.6.2, .NETFramework,Version=v4.7, .NETFramework,Version=v4.7.1, .NETFramework,Version=v4.7.2, .NETFramework,Version=v4.8, .NETFramework,Version=v4.8.1' instead of the project target framework 'net8.0'. This package may not be fully compatible with your project.
C:\Users\ultra\warewolf\Dev\Warewolf.Storage\Warewolf.Storage.csproj : warning NU1701: Package 'ReactiveUI.WPF 18.4.1' was restored using '.NETFramework,Version=v4.6.1, .NETFramework,Version=v4.6.2, .NETFramework,Version=v4.7, .NETFramework,Version=v4.7.1, .NETFramework,Version=v4.7.2, .NETFramework,Version=v4.8, .NETFramework,Version=v4.8.1' instead of the project target framework 'net8.0'. This package may not be fully compatible with your project.
C:\Users\ultra\warewolf\Dev\Warewolf.Storage\Warewolf.Storage.csproj : warning NU1701: Package 'TaskSchedulerEditor 2.10.1' was restored using '.NETFramework,Version=v4.6.1, .NETFramework,Version=v4.6.2, .NETFramework,Version=v4.7, .NETFramework,Version=v4.7.1, .NETFramework,Version=v4.7.2, .NETFramework,Version=v4.8, .NETFramework,Version=v4.8.1' instead of the project target framework 'net8.0'. This package may not be fully compatible with your project.
C:\Users\ultra\warewolf\Dev\Dev2.Runtime.Configuration.Tests\Dev2.Runtime.Configuration.Tests.csproj : warning NU1701: Package 'AeroWizard 2.3.1' was restored using '.NETFramework,Version=v4.6.1, .NETFramework,Version=v4.6.2, .NETFramework,Version=v4.7, .NETFramework,Version=v4.7.1, .NETFramework,Version=v4.7.2, .NETFramework,Version=v4.8, .NETFramework,Version=v4.8.1' instead of the project target framework 'net8.0'. This package may not be fully compatible with your project.
C:\Users\ultra\warewolf\Dev\Dev2.Runtime.Configuration.Tests\Dev2.Runtime.Configuration.Tests.csproj : warning NU1701: Package 'GroupControls 1.9.0' was restored using '.NETFramework,Version=v4.6.1, .NETFramework,Version=v4.6.2, .NETFramework,Version=v4.7, .NETFramework,Version=v4.7.1, .NETFramework,Version=v4.7.2, .NETFramework,Version=v4.8, .NETFramework,Version=v4.8.1' instead of the project target framework 'net8.0'. This package may not be fully compatible with your project.
C:\Users\ultra\warewolf\Dev\Dev2.Runtime.Configuration.Tests\Dev2.Runtime.Configuration.Tests.csproj : warning NU1701: Package 'TaskSchedulerEditor 2.10.1' was restored using '.NETFramework,Version=v4.6.1, .NETFramework,Version=v4.6.2, .NETFramework,Version=v4.7, .NETFramework,Version=v4.7.1, .NETFramework,Version=v4.7.2, .NETFramework,Version=v4.8, .NETFramework,Version=v4.8.1' instead of the project target framework 'net8.0'. This package may not be fully compatible with your project.
C:\Program Files\dotnet\sdk\10.0.201\Sdks\Microsoft.NET.Sdk\targets\Microsoft.NET.Sdk.DefaultItems.targets(162,5): warning NETSDK1137: It is no longer necessary to use the Microsoft.NET.Sdk.WindowsDesktop SDK. Consider changing the Sdk attribute of the root Project element to 'Microsoft.NET.Sdk'. [C:\Users\ultra\warewolf\Dev\Dev2.Studio\Dev2.Studio.csproj]
C:\Program Files\dotnet\sdk\10.0.201\Sdks\Microsoft.NET.Sdk.WindowsDesktop\targets\Microsoft.NET.Sdk.WindowsDesktop.targets(138,5): warning NETSDK1106: Microsoft.NET.Sdk.WindowsDesktop requires 'UseWpf' or 'UseWindowsForms' to be set to 'true' [C:\Users\ultra\warewolf\Dev\Dev2.Studio\Dev2.Studio.csproj]
C:\Users\ultra\warewolf\Dev\Dev2.Studio\Dev2.Studio.csproj : warning NU1701: Package 'AeroWizard 2.3.1' was restored using '.NETFramework,Version=v4.6.1, .NETFramework,Version=v4.6.2, .NETFramework,Version=v4.7, .NETFramework,Version=v4.7.1, .NETFramework,Version=v4.7.2, .NETFramework,Version=v4.8, .NETFramework,Version=v4.8.1' instead of the project target framework 'net8.0'. This package may not be fully compatible with your project.
C:\Users\ultra\warewolf\Dev\Dev2.Studio\Dev2.Studio.csproj : warning NU1701: Package 'AvalonEdit 6.3.0.90' was restored using '.NETFramework,Version=v4.6.1, .NETFramework,Version=v4.6.2, .NETFramework,Version=v4.7, .NETFramework,Version=v4.7.1, .NETFramework,Version=v4.7.2, .NETFramework,Version=v4.8, .NETFramework,Version=v4.8.1' instead of the project target framework 'net8.0'. This package may not be fully compatible with your project.
C:\Users\ultra\warewolf\Dev\Dev2.Studio\Dev2.Studio.csproj : warning NU1701: Package 'CommonServiceLocator 1.2.0' was restored using '.NETFramework,Version=v4.6.1, .NETFramework,Version=v4.6.2, .NETFramework,Version=v4.7, .NETFramework,Version=v4.7.1, .NETFramework,Version=v4.7.2, .NETFramework,Version=v4.8, .NETFramework,Version=v4.8.1' instead of the project target framework 'net8.0'. This package may not be fully compatible with your project.
C:\Users\ultra\warewolf\Dev\Dev2.Studio\Dev2.Studio.csproj : warning NU1701: Package 'FontAwesome.WPF 4.7.0.9' was restored using '.NETFramework,Version=v4.6.1, .NETFramework,Version=v4.6.2, .NETFramework,Version=v4.7, .NETFramework,Version=v4.7.1, .NETFramework,Version=v4.7.2, .NETFramework,Version=v4.8, .NETFramework,Version=v4.8.1' instead of the project target framework 'net8.0'. This package may not be fully compatible with your project.
C:\Users\ultra\warewolf\Dev\Dev2.Studio\Dev2.Studio.csproj : warning NU1701: Package 'GroupControls 1.9.0' was restored using '.NETFramework,Version=v4.6.1, .NETFramework,Version=v4.6.2, .NETFramework,Version=v4.7, .NETFramework,Version=v4.7.1, .NETFramework,Version=v4.7.2, .NETFramework,Version=v4.8, .NETFramework,Version=v4.8.1' instead of the project target framework 'net8.0'. This package may not be fully compatible with your project.
C:\Users\ultra\warewolf\Dev\Dev2.Studio\Dev2.Studio.csproj : warning NU1701: Package 'Log4Net.Async 2.0.4' was restored using '.NETFramework,Version=v4.6.1, .NETFramework,Version=v4.6.2, .NETFramework,Version=v4.7, .NETFramework,Version=v4.7.1, .NETFramework,Version=v4.7.2, .NETFramework,Version=v4.8, .NETFramework,Version=v4.8.1' instead of the project target framework 'net8.0'. This package may not be fully compatible with your project.
C:\Users\ultra\warewolf\Dev\Dev2.Studio\Dev2.Studio.csproj : warning NU1701: Package 'Microsoft.Xaml.Behaviors.Wpf 1.1.122' was restored using '.NETFramework,Version=v4.6.1, .NETFramework,Version=v4.6.2, .NETFramework,Version=v4.7, .NETFramework,Version=v4.7.1, .NETFramework,Version=v4.7.2, .NETFramework,Version=v4.8, .NETFramework,Version=v4.8.1' instead of the project target framework 'net8.0'. This package may not be fully compatible with your project.
C:\Users\ultra\warewolf\Dev\Dev2.Studio\Dev2.Studio.csproj : warning NU1701: Package 'Prism.Composition 5.0.0' was restored using '.NETFramework,Version=v4.6.1, .NETFramework,Version=v4.6.2, .NETFramework,Version=v4.7, .NETFramework,Version=v4.7.1, .NETFramework,Version=v4.7.2, .NETFramework,Version=v4.8, .NETFramework,Version=v4.8.1' instead of the project target framework 'net8.0'. This package may not be fully compatible with your project.
C:\Users\ultra\warewolf\Dev\Dev2.Studio\Dev2.Studio.csproj : warning NU1701: Package 'Prism.Interactivity 5.0.0' was restored using '.NETFramework,Version=v4.6.1, .NETFramework,Version=v4.6.2, .NETFramework,Version=v4.7, .NETFramework,Version=v4.7.1, .NETFramework,Version=v4.7.2, .NETFramework,Version=v4.8, .NETFramework,Version=v4.8.1' instead of the project target framework 'net8.0'. This package may not be fully compatible with your project.
C:\Users\ultra\warewolf\Dev\Dev2.Studio\Dev2.Studio.csproj : warning NU1701: Package 'Prism.Mvvm 1.0.0' was restored using '.NETFramework,Version=v4.6.1, .NETFramework,Version=v4.6.2, .NETFramework,Version=v4.7, .NETFramework,Version=v4.7.1, .NETFramework,Version=v4.7.2, .NETFramework,Version=v4.8, .NETFramework,Version=v4.8.1' instead of the project target framework 'net8.0'. This package may not be fully compatible with your project.
C:\Users\ultra\warewolf\Dev\Dev2.Studio\Dev2.Studio.csproj : warning NU1701: Package 'Prism.PubSubEvents 1.0.0' was restored using '.NETFramework,Version=v4.6.1, .NETFramework,Version=v4.6.2, .NETFramework,Version=v4.7, .NETFramework,Version=v4.7.1, .NETFramework,Version=v4.7.2, .NETFramework,Version=v4.8, .NETFramework,Version=v4.8.1' instead of the project target framework 'net8.0'. This package may not be fully compatible with your project.
C:\Users\ultra\warewolf\Dev\Dev2.Studio\Dev2.Studio.csproj : warning NU1701: Package 'Prism.UnityExtensions 5.0.1' was restored using '.NETFramework,Version=v4.6.1, .NETFramework,Version=v4.6.2, .NETFramework,Version=v4.7, .NETFramework,Version=v4.7.1, .NETFramework,Version=v4.7.2, .NETFramework,Version=v4.8, .NETFramework,Version=v4.8.1' instead of the project target framework 'net8.0'. This package may not be fully compatible with your project.
C:\Users\ultra\warewolf\Dev\Dev2.Studio\Dev2.Studio.csproj : warning NU1701: Package 'Prism.Wpf 9.0.537' was restored using '.NETFramework,Version=v4.6.1, .NETFramework,Version=v4.6.2, .NETFramework,Version=v4.7, .NETFramework,Version=v4.7.1, .NETFramework,Version=v4.7.2, .NETFramework,Version=v4.8, .NETFramework,Version=v4.8.1' instead of the project target framework 'net8.0'. This package may not be fully compatible with your project.
C:\Users\ultra\warewolf\Dev\Dev2.Studio\Dev2.Studio.csproj : warning NU1701: Package 'ReactiveUI.WPF 18.4.1' was restored using '.NETFramework,Version=v4.6.1, .NETFramework,Version=v4.6.2, .NETFramework,Version=v4.7, .NETFramework,Version=v4.7.1, .NETFramework,Version=v4.7.2, .NETFramework,Version=v4.8, .NETFramework,Version=v4.8.1' instead of the project target framework 'net8.0'. This package may not be fully compatible with your project.
C:\Users\ultra\warewolf\Dev\Dev2.Studio\Dev2.Studio.csproj : warning NU1701: Package 'TaskSchedulerEditor 2.10.1' was restored using '.NETFramework,Version=v4.6.1, .NETFramework,Version=v4.6.2, .NETFramework,Version=v4.7, .NETFramework,Version=v4.7.1, .NETFramework,Version=v4.7.2, .NETFramework,Version=v4.8, .NETFramework,Version=v4.8.1' instead of the project target framework 'net8.0'. This package may not be fully compatible with your project.
C:\Users\ultra\warewolf\Dev\Dev2.Studio\Dev2.Studio.csproj : warning NU1701: Package 'Unofficial.Microsoft.mshtml 7.0.3300' was restored using '.NETFramework,Version=v4.6.1, .NETFramework,Version=v4.6.2, .NETFramework,Version=v4.7, .NETFramework,Version=v4.7.1, .NETFramework,Version=v4.7.2, .NETFramework,Version=v4.8, .NETFramework,Version=v4.8.1' instead of the project target framework 'net8.0'. This package may not be fully compatible with your project.
C:\Users\ultra\warewolf\Dev\Warewolf.Testing\Warewolf.Testing.csproj : warning NU1701: Package 'AeroWizard 2.3.1' was restored using '.NETFramework,Version=v4.6.1, .NETFramework,Version=v4.6.2, .NETFramework,Version=v4.7, .NETFramework,Version=v4.7.1, .NETFramework,Version=v4.7.2, .NETFramework,Version=v4.8, .NETFramework,Version=v4.8.1' instead of the project target framework 'net8.0'. This package may not be fully compatible with your project.
C:\Users\ultra\warewolf\Dev\Warewolf.Testing\Warewolf.Testing.csproj : warning NU1701: Package 'GroupControls 1.9.0' was restored using '.NETFramework,Version=v4.6.1, .NETFramework,Version=v4.6.2, .NETFramework,Version=v4.7, .NETFramework,Version=v4.7.1, .NETFramework,Version=v4.7.2, .NETFramework,Version=v4.8, .NETFramework,Version=v4.8.1' instead of the project target framework 'net8.0'. This package may not be fully compatible with your project.
C:\Users\ultra\warewolf\Dev\Warewolf.Testing\Warewolf.Testing.csproj : warning NU1701: Package 'Microsoft.Xaml.Behaviors.Wpf 1.1.122' was restored using '.NETFramework,Version=v4.6.1, .NETFramework,Version=v4.6.2, .NETFramework,Version=v4.7, .NETFramework,Version=v4.7.1, .NETFramework,Version=v4.7.2, .NETFramework,Version=v4.8, .NETFramework,Version=v4.8.1' instead of the project target framework 'net8.0'. This package may not be fully compatible with your project.
C:\Users\ultra\warewolf\Dev\Warewolf.Testing\Warewolf.Testing.csproj : warning NU1701: Package 'Prism.Wpf 9.0.537' was restored using '.NETFramework,Version=v4.6.1, .NETFramework,Version=v4.6.2, .NETFramework,Version=v4.7, .NETFramework,Version=v4.7.1, .NETFramework,Version=v4.7.2, .NETFramework,Version=v4.8, .NETFramework,Version=v4.8.1' instead of the project target framework 'net8.0'. This package may not be fully compatible with your project.
C:\Users\ultra\warewolf\Dev\Warewolf.Testing\Warewolf.Testing.csproj : warning NU1701: Package 'ReactiveUI.WPF 18.4.1' was restored using '.NETFramework,Version=v4.6.1, .NETFramework,Version=v4.6.2, .NETFramework,Version=v4.7, .NETFramework,Version=v4.7.1, .NETFramework,Version=v4.7.2, .NETFramework,Version=v4.8, .NETFramework,Version=v4.8.1' instead of the project target framework 'net8.0'. This package may not be fully compatible with your project.
C:\Users\ultra\warewolf\Dev\Warewolf.Testing\Warewolf.Testing.csproj : warning NU1701: Package 'TaskSchedulerEditor 2.10.1' was restored using '.NETFramework,Version=v4.6.1, .NETFramework,Version=v4.6.2, .NETFramework,Version=v4.7, .NETFramework,Version=v4.7.1, .NETFramework,Version=v4.7.2, .NETFramework,Version=v4.8, .NETFramework,Version=v4.8.1' instead of the project target framework 'net8.0'. This package may not be fully compatible with your project.
  ConsoleAppToTestExecuteCommandLineActivity -> C:\Users\ultra\warewolf\Dev\ConsoleAppToTestExecuteCommandLineActivity\bin\Debug\net8.0\linux-x64\ConsoleAppToTestExecuteCommandLineActivity.dll
C:\Users\ultra\warewolf\Dev\Warewolf.Auditing\Warewolf.Auditing.csproj : warning NU1701: Package 'AeroWizard 2.3.1' was restored using '.NETFramework,Version=v4.6.1, .NETFramework,Version=v4.6.2, .NETFramework,Version=v4.7, .NETFramework,Version=v4.7.1, .NETFramework,Version=v4.7.2, .NETFramework,Version=v4.8, .NETFramework,Version=v4.8.1' instead of the project target framework 'net8.0'. This package may not be fully compatible with your project.
C:\Users\ultra\warewolf\Dev\Warewolf.Auditing\Warewolf.Auditing.csproj : warning NU1701: Package 'GroupControls 1.9.0' was restored using '.NETFramework,Version=v4.6.1, .NETFramework,Version=v4.6.2, .NETFramework,Version=v4.7, .NETFramework,Version=v4.7.1, .NETFramework,Version=v4.7.2, .NETFramework,Version=v4.8, .NETFramework,Version=v4.8.1' instead of the project target framework 'net8.0'. This package may not be fully compatible with your project.
C:\Users\ultra\warewolf\Dev\Warewolf.Auditing\Warewolf.Auditing.csproj : warning NU1701: Package 'ReactiveUI.WPF 18.4.1' was restored using '.NETFramework,Version=v4.6.1, .NETFramework,Version=v4.6.2, .NETFramework,Version=v4.7, .NETFramework,Version=v4.7.1, .NETFramework,Version=v4.7.2, .NETFramework,Version=v4.8, .NETFramework,Version=v4.8.1' instead of the project target framework 'net8.0'. This package may not be fully compatible with your project.
C:\Users\ultra\warewolf\Dev\Warewolf.Auditing\Warewolf.Auditing.csproj : warning NU1701: Package 'TaskSchedulerEditor 2.10.1' was restored using '.NETFramework,Version=v4.6.1, .NETFramework,Version=v4.6.2, .NETFramework,Version=v4.7, .NETFramework,Version=v4.7.1, .NETFramework,Version=v4.7.2, .NETFramework,Version=v4.8, .NETFramework,Version=v4.8.1' instead of the project target framework 'net8.0'. This package may not be fully compatible with your project.
C:\Users\ultra\warewolf\Dev\Warewolf.AI.Harness\Warewolf.AI.Harness.csproj : warning NU1701: Package 'AeroWizard 2.3.1' was restored using '.NETFramework,Version=v4.6.1, .NETFramework,Version=v4.6.2, .NETFramework,Version=v4.7, .NETFramework,Version=v4.7.1, .NETFramework,Version=v4.7.2, .NETFramework,Version=v4.8, .NETFramework,Version=v4.8.1' instead of the project target framework 'net8.0'. This package may not be fully compatible with your project.
C:\Users\ultra\warewolf\Dev\Warewolf.AI.Harness\Warewolf.AI.Harness.csproj : warning NU1701: Package 'GroupControls 1.9.0' was restored using '.NETFramework,Version=v4.6.1, .NETFramework,Version=v4.6.2, .NETFramework,Version=v4.7, .NETFramework,Version=v4.7.1, .NETFramework,Version=v4.7.2, .NETFramework,Version=v4.8, .NETFramework,Version=v4.8.1' instead of the project target framework 'net8.0'. This package may not be fully compatible with your project.
C:\Users\ultra\warewolf\Dev\Warewolf.AI.Harness\Warewolf.AI.Harness.csproj : warning NU1701: Package 'TaskSchedulerEditor 2.10.1' was restored using '.NETFramework,Version=v4.6.1, .NETFramework,Version=v4.6.2, .NETFramework,Version=v4.7, .NETFramework,Version=v4.7.1, .NETFramework,Version=v4.7.2, .NETFramework,Version=v4.8, .NETFramework,Version=v4.8.1' instead of the project target framework 'net8.0'. This package may not be fully compatible with your project.
C:\Program Files\dotnet\sdk\10.0.201\Sdks\Microsoft.NET.Sdk\targets\Microsoft.NET.Sdk.DefaultItems.targets(162,5): warning NETSDK1137: It is no longer necessary to use the Microsoft.NET.Sdk.WindowsDesktop SDK. Consider changing the Sdk attribute of the root Project element to 'Microsoft.NET.Sdk'. [C:\Users\ultra\warewolf\Dev\Warewolf.UI\Warewolf.UI.csproj]
C:\Program Files\dotnet\sdk\10.0.201\Sdks\Microsoft.NET.Sdk.WindowsDesktop\targets\Microsoft.NET.Sdk.WindowsDesktop.targets(138,5): warning NETSDK1106: Microsoft.NET.Sdk.WindowsDesktop requires 'UseWpf' or 'UseWindowsForms' to be set to 'true' [C:\Users\ultra\warewolf\Dev\Warewolf.UI\Warewolf.UI.csproj]
C:\Users\ultra\warewolf\Dev\Warewolf.UI\Warewolf.UI.csproj : warning NU1701: Package 'AeroWizard 2.3.1' was restored using '.NETFramework,Version=v4.6.1, .NETFramework,Version=v4.6.2, .NETFramework,Version=v4.7, .NETFramework,Version=v4.7.1, .NETFramework,Version=v4.7.2, .NETFramework,Version=v4.8, .NETFramework,Version=v4.8.1' instead of the project target framework 'net8.0'. This package may not be fully compatible with your project.
C:\Users\ultra\warewolf\Dev\Warewolf.UI\Warewolf.UI.csproj : warning NU1701: Package 'GroupControls 1.9.0' was restored using '.NETFramework,Version=v4.6.1, .NETFramework,Version=v4.6.2, .NETFramework,Version=v4.7, .NETFramework,Version=v4.7.1, .NETFramework,Version=v4.7.2, .NETFramework,Version=v4.8, .NETFramework,Version=v4.8.1' instead of the project target framework 'net8.0'. This package may not be fully compatible with your project.
C:\Users\ultra\warewolf\Dev\Warewolf.UI\Warewolf.UI.csproj : warning NU1701: Package 'Microsoft.Xaml.Behaviors.Wpf 1.1.122' was restored using '.NETFramework,Version=v4.6.1, .NETFramework,Version=v4.6.2, .NETFramework,Version=v4.7, .NETFramework,Version=v4.7.1, .NETFramework,Version=v4.7.2, .NETFramework,Version=v4.8, .NETFramework,Version=v4.8.1' instead of the project target framework 'net8.0'. This package may not be fully compatible with your project.
C:\Users\ultra\warewolf\Dev\Warewolf.UI\Warewolf.UI.csproj : warning NU1701: Package 'Prism.Wpf 9.0.537' was restored using '.NETFramework,Version=v4.6.1, .NETFramework,Version=v4.6.2, .NETFramework,Version=v4.7, .NETFramework,Version=v4.7.1, .NETFramework,Version=v4.7.2, .NETFramework,Version=v4.8, .NETFramework,Version=v4.8.1' instead of the project target framework 'net8.0'. This package may not be fully compatible with your project.
C:\Users\ultra\warewolf\Dev\Warewolf.UI\Warewolf.UI.csproj : warning NU1701: Package 'ReactiveUI.WPF 18.4.1' was restored using '.NETFramework,Version=v4.6.1, .NETFramework,Version=v4.6.2, .NETFramework,Version=v4.7, .NETFramework,Version=v4.7.1, .NETFramework,Version=v4.7.2, .NETFramework,Version=v4.8, .NETFramework,Version=v4.8.1' instead of the project target framework 'net8.0'. This package may not be fully compatible with your project.
C:\Users\ultra\warewolf\Dev\Warewolf.UI\Warewolf.UI.csproj : warning NU1701: Package 'TaskSchedulerEditor 2.10.1' was restored using '.NETFramework,Version=v4.6.1, .NETFramework,Version=v4.6.2, .NETFramework,Version=v4.7, .NETFramework,Version=v4.7.1, .NETFramework,Version=v4.7.2, .NETFramework,Version=v4.8, .NETFramework,Version=v4.8.1' instead of the project target framework 'net8.0'. This package may not be fully compatible with your project.
C:\Users\ultra\warewolf\Dev\Warewolf.Core.Tests\Warewolf.Core.Tests.csproj : warning NU1701: Package 'AeroWizard 2.3.1' was restored using '.NETFramework,Version=v4.6.1, .NETFramework,Version=v4.6.2, .NETFramework,Version=v4.7, .NETFramework,Version=v4.7.1, .NETFramework,Version=v4.7.2, .NETFramework,Version=v4.8, .NETFramework,Version=v4.8.1' instead of the project target framework 'net8.0'. This package may not be fully compatible with your project.
C:\Users\ultra\warewolf\Dev\Warewolf.Core.Tests\Warewolf.Core.Tests.csproj : warning NU1701: Package 'GroupControls 1.9.0' was restored using '.NETFramework,Version=v4.6.1, .NETFramework,Version=v4.6.2, .NETFramework,Version=v4.7, .NETFramework,Version=v4.7.1, .NETFramework,Version=v4.7.2, .NETFramework,Version=v4.8, .NETFramework,Version=v4.8.1' instead of the project target framework 'net8.0'. This package may not be fully compatible with your project.
C:\Users\ultra\warewolf\Dev\Warewolf.Core.Tests\Warewolf.Core.Tests.csproj : warning NU1701: Package 'Microsoft.Xaml.Behaviors.Wpf 1.1.122' was restored using '.NETFramework,Version=v4.6.1, .NETFramework,Version=v4.6.2, .NETFramework,Version=v4.7, .NETFramework,Version=v4.7.1, .NETFramework,Version=v4.7.2, .NETFramework,Version=v4.8, .NETFramework,Version=v4.8.1' instead of the project target framework 'net8.0'. This package may not be fully compatible with your project.
C:\Users\ultra\warewolf\Dev\Warewolf.Core.Tests\Warewolf.Core.Tests.csproj : warning NU1701: Package 'Prism.Wpf 9.0.537' was restored using '.NETFramework,Version=v4.6.1, .NETFramework,Version=v4.6.2, .NETFramework,Version=v4.7, .NETFramework,Version=v4.7.1, .NETFramework,Version=v4.7.2, .NETFramework,Version=v4.8, .NETFramework,Version=v4.8.1' instead of the project target framework 'net8.0'. This package may not be fully compatible with your project.
C:\Users\ultra\warewolf\Dev\Warewolf.Core.Tests\Warewolf.Core.Tests.csproj : warning NU1701: Package 'ReactiveUI.WPF 18.4.1' was restored using '.NETFramework,Version=v4.6.1, .NETFramework,Version=v4.6.2, .NETFramework,Version=v4.7, .NETFramework,Version=v4.7.1, .NETFramework,Version=v4.7.2, .NETFramework,Version=v4.8, .NETFramework,Version=v4.8.1' instead of the project target framework 'net8.0'. This package may not be fully compatible with your project.
C:\Users\ultra\warewolf\Dev\Warewolf.Core.Tests\Warewolf.Core.Tests.csproj : warning NU1701: Package 'TaskSchedulerEditor 2.10.1' was restored using '.NETFramework,Version=v4.6.1, .NETFramework,Version=v4.6.2, .NETFramework,Version=v4.7, .NETFramework,Version=v4.7.1, .NETFramework,Version=v4.7.2, .NETFramework,Version=v4.8, .NETFramework,Version=v4.8.1' instead of the project target framework 'net8.0'. This package may not be fully compatible with your project.
C:\Users\ultra\warewolf\Dev\Warewolf.MergeParser.Tests\Warewolf.MergeParser.Tests.csproj : warning NU1701: Package 'AeroWizard 2.3.1' was restored using '.NETFramework,Version=v4.6.1, .NETFramework,Version=v4.6.2, .NETFramework,Version=v4.7, .NETFramework,Version=v4.7.1, .NETFramework,Version=v4.7.2, .NETFramework,Version=v4.8, .NETFramework,Version=v4.8.1' instead of the project target framework 'net8.0'. This package may not be fully compatible with your project.
C:\Users\ultra\warewolf\Dev\Warewolf.MergeParser.Tests\Warewolf.MergeParser.Tests.csproj : warning NU1701: Package 'GroupControls 1.9.0' was restored using '.NETFramework,Version=v4.6.1, .NETFramework,Version=v4.6.2, .NETFramework,Version=v4.7, .NETFramework,Version=v4.7.1, .NETFramework,Version=v4.7.2, .NETFramework,Version=v4.8, .NETFramework,Version=v4.8.1' instead of the project target framework 'net8.0'. This package may not be fully compatible with your project.
C:\Users\ultra\warewolf\Dev\Warewolf.MergeParser.Tests\Warewolf.MergeParser.Tests.csproj : warning NU1701: Package 'Microsoft.Xaml.Behaviors.Wpf 1.1.122' was restored using '.NETFramework,Version=v4.6.1, .NETFramework,Version=v4.6.2, .NETFramework,Version=v4.7, .NETFramework,Version=v4.7.1, .NETFramework,Version=v4.7.2, .NETFramework,Version=v4.8, .NETFramework,Version=v4.8.1' instead of the project target framework 'net8.0'. This package may not be fully compatible with your project.
C:\Users\ultra\warewolf\Dev\Warewolf.MergeParser.Tests\Warewolf.MergeParser.Tests.csproj : warning NU1701: Package 'Prism.Wpf 9.0.537' was restored using '.NETFramework,Version=v4.6.1, .NETFramework,Version=v4.6.2, .NETFramework,Version=v4.7, .NETFramework,Version=v4.7.1, .NETFramework,Version=v4.7.2, .NETFramework,Version=v4.8, .NETFramework,Version=v4.8.1' instead of the project target framework 'net8.0'. This package may not be fully compatible with your project.
C:\Users\ultra\warewolf\Dev\Warewolf.MergeParser.Tests\Warewolf.MergeParser.Tests.csproj : warning NU1701: Package 'ReactiveUI.WPF 18.4.1' was restored using '.NETFramework,Version=v4.6.1, .NETFramework,Version=v4.6.2, .NETFramework,Version=v4.7, .NETFramework,Version=v4.7.1, .NETFramework,Version=v4.7.2, .NETFramework,Version=v4.8, .NETFramework,Version=v4.8.1' instead of the project target framework 'net8.0'. This package may not be fully compatible with your project.
C:\Users\ultra\warewolf\Dev\Warewolf.MergeParser.Tests\Warewolf.MergeParser.Tests.csproj : warning NU1701: Package 'TaskSchedulerEditor 2.10.1' was restored using '.NETFramework,Version=v4.6.1, .NETFramework,Version=v4.6.2, .NETFramework,Version=v4.7, .NETFramework,Version=v4.7.1, .NETFramework,Version=v4.7.2, .NETFramework,Version=v4.8, .NETFramework,Version=v4.8.1' instead of the project target framework 'net8.0'. This package may not be fully compatible with your project.
C:\Users\ultra\warewolf\Dev\Warewolf.Common.Framework48\Warewolf.Common.Framework48.csproj : warning NU1902: Package 'System.IdentityModel.Tokens.Jwt' 5.1.0 has a known moderate severity vulnerability, https://github.com/advisories/GHSA-59j7-ghrg-fj52
C:\Users\ultra\warewolf\Dev\Warewolf.Common.Framework48\Warewolf.Common.Framework48.csproj : warning NU1701: Package 'AeroWizard 2.3.1' was restored using '.NETFramework,Version=v4.6.1, .NETFramework,Version=v4.6.2, .NETFramework,Version=v4.7, .NETFramework,Version=v4.7.1, .NETFramework,Version=v4.7.2, .NETFramework,Version=v4.8, .NETFramework,Version=v4.8.1' instead of the project target framework 'net8.0'. This package may not be fully compatible with your project.
C:\Users\ultra\warewolf\Dev\Warewolf.Common.Framework48\Warewolf.Common.Framework48.csproj : warning NU1701: Package 'GroupControls 1.9.0' was restored using '.NETFramework,Version=v4.6.1, .NETFramework,Version=v4.6.2, .NETFramework,Version=v4.7, .NETFramework,Version=v4.7.1, .NETFramework,Version=v4.7.2, .NETFramework,Version=v4.8, .NETFramework,Version=v4.8.1' instead of the project target framework 'net8.0'. This package may not be fully compatible with your project.
C:\Users\ultra\warewolf\Dev\Warewolf.Common.Framework48\Warewolf.Common.Framework48.csproj : warning NU1701: Package 'Microsoft.Xaml.Behaviors.Wpf 1.1.122' was restored using '.NETFramework,Version=v4.6.1, .NETFramework,Version=v4.6.2, .NETFramework,Version=v4.7, .NETFramework,Version=v4.7.1, .NETFramework,Version=v4.7.2, .NETFramework,Version=v4.8, .NETFramework,Version=v4.8.1' instead of the project target framework 'net8.0'. This package may not be fully compatible with your project.
C:\Users\ultra\warewolf\Dev\Warewolf.Common.Framework48\Warewolf.Common.Framework48.csproj : warning NU1701: Package 'Prism.Wpf 9.0.537' was restored using '.NETFramework,Version=v4.6.1, .NETFramework,Version=v4.6.2, .NETFramework,Version=v4.7, .NETFramework,Version=v4.7.1, .NETFramework,Version=v4.7.2, .NETFramework,Version=v4.8, .NETFramework,Version=v4.8.1' instead of the project target framework 'net8.0'. This package may not be fully compatible with your project.
C:\Users\ultra\warewolf\Dev\Warewolf.Common.Framework48\Warewolf.Common.Framework48.csproj : warning NU1701: Package 'ReactiveUI.WPF 18.4.1' was restored using '.NETFramework,Version=v4.6.1, .NETFramework,Version=v4.6.2, .NETFramework,Version=v4.7, .NETFramework,Version=v4.7.1, .NETFramework,Version=v4.7.2, .NETFramework,Version=v4.8, .NETFramework,Version=v4.8.1' instead of the project target framework 'net8.0'. This package may not be fully compatible with your project.
C:\Users\ultra\warewolf\Dev\Warewolf.Common.Framework48\Warewolf.Common.Framework48.csproj : warning NU1701: Package 'TaskSchedulerEditor 2.10.1' was restored using '.NETFramework,Version=v4.6.1, .NETFramework,Version=v4.6.2, .NETFramework,Version=v4.7, .NETFramework,Version=v4.7.1, .NETFramework,Version=v4.7.2, .NETFramework,Version=v4.8, .NETFramework,Version=v4.8.1' instead of the project target framework 'net8.0'. This package may not be fully compatible with your project.
C:\Users\ultra\warewolf\Dev\Warewolf.MergeParser\Warewolf.MergeParser.csproj : warning NU1701: Package 'AeroWizard 2.3.1' was restored using '.NETFramework,Version=v4.6.1, .NETFramework,Version=v4.6.2, .NETFramework,Version=v4.7, .NETFramework,Version=v4.7.1, .NETFramework,Version=v4.7.2, .NETFramework,Version=v4.8, .NETFramework,Version=v4.8.1' instead of the project target framework 'net8.0'. This package may not be fully compatible with your project.
C:\Users\ultra\warewolf\Dev\Warewolf.MergeParser\Warewolf.MergeParser.csproj : warning NU1701: Package 'GroupControls 1.9.0' was restored using '.NETFramework,Version=v4.6.1, .NETFramework,Version=v4.6.2, .NETFramework,Version=v4.7, .NETFramework,Version=v4.7.1, .NETFramework,Version=v4.7.2, .NETFramework,Version=v4.8, .NETFramework,Version=v4.8.1' instead of the project target framework 'net8.0'. This package may not be fully compatible with your project.
C:\Users\ultra\warewolf\Dev\Warewolf.MergeParser\Warewolf.MergeParser.csproj : warning NU1701: Package 'Microsoft.Xaml.Behaviors.Wpf 1.1.122' was restored using '.NETFramework,Version=v4.6.1, .NETFramework,Version=v4.6.2, .NETFramework,Version=v4.7, .NETFramework,Version=v4.7.1, .NETFramework,Version=v4.7.2, .NETFramework,Version=v4.8, .NETFramework,Version=v4.8.1' instead of the project target framework 'net8.0'. This package may not be fully compatible with your project.
C:\Users\ultra\warewolf\Dev\Warewolf.MergeParser\Warewolf.MergeParser.csproj : warning NU1701: Package 'Prism.Wpf 9.0.537' was restored using '.NETFramework,Version=v4.6.1, .NETFramework,Version=v4.6.2, .NETFramework,Version=v4.7, .NETFramework,Version=v4.7.1, .NETFramework,Version=v4.7.2, .NETFramework,Version=v4.8, .NETFramework,Version=v4.8.1' instead of the project target framework 'net8.0'. This package may not be fully compatible with your project.
C:\Users\ultra\warewolf\Dev\Warewolf.MergeParser\Warewolf.MergeParser.csproj : warning NU1701: Package 'ReactiveUI.WPF 18.4.1' was restored using '.NETFramework,Version=v4.6.1, .NETFramework,Version=v4.6.2, .NETFramework,Version=v4.7, .NETFramework,Version=v4.7.1, .NETFramework,Version=v4.7.2, .NETFramework,Version=v4.8, .NETFramework,Version=v4.8.1' instead of the project target framework 'net8.0'. This package may not be fully compatible with your project.
C:\Users\ultra\warewolf\Dev\Warewolf.MergeParser\Warewolf.MergeParser.csproj : warning NU1701: Package 'TaskSchedulerEditor 2.10.1' was restored using '.NETFramework,Version=v4.6.1, .NETFramework,Version=v4.6.2, .NETFramework,Version=v4.7, .NETFramework,Version=v4.7.1, .NETFramework,Version=v4.7.2, .NETFramework,Version=v4.8, .NETFramework,Version=v4.8.1' instead of the project target framework 'net8.0'. This package may not be fully compatible with your project.
C:\Program Files\dotnet\sdk\10.0.201\Sdks\Microsoft.NET.Sdk\targets\Microsoft.NET.Sdk.DefaultItems.targets(162,5): warning NETSDK1137: It is no longer necessary to use the Microsoft.NET.Sdk.WindowsDesktop SDK. Consider changing the Sdk attribute of the root Project element to 'Microsoft.NET.Sdk'. [C:\Users\ultra\warewolf\Dev\Warewolf.Studio.CustomControls\Warewolf.Studio.CustomControls.csproj]
C:\Users\ultra\warewolf\Dev\Warewolf.Licensing\Warewolf.Licensing.csproj : warning NU1701: Package 'AeroWizard 2.3.1' was restored using '.NETFramework,Version=v4.6.1, .NETFramework,Version=v4.6.2, .NETFramework,Version=v4.7, .NETFramework,Version=v4.7.1, .NETFramework,Version=v4.7.2, .NETFramework,Version=v4.8, .NETFramework,Version=v4.8.1' instead of the project target framework 'net8.0'. This package may not be fully compatible with your project.
C:\Users\ultra\warewolf\Dev\Warewolf.Licensing\Warewolf.Licensing.csproj : warning NU1701: Package 'GroupControls 1.9.0' was restored using '.NETFramework,Version=v4.6.1, .NETFramework,Version=v4.6.2, .NETFramework,Version=v4.7, .NETFramework,Version=v4.7.1, .NETFramework,Version=v4.7.2, .NETFramework,Version=v4.8, .NETFramework,Version=v4.8.1' instead of the project target framework 'net8.0'. This package may not be fully compatible with your project.
C:\Users\ultra\warewolf\Dev\Warewolf.Licensing\Warewolf.Licensing.csproj : warning NU1701: Package 'TaskSchedulerEditor 2.10.1' was restored using '.NETFramework,Version=v4.6.1, .NETFramework,Version=v4.6.2, .NETFramework,Version=v4.7, .NETFramework,Version=v4.7.1, .NETFramework,Version=v4.7.2, .NETFramework,Version=v4.8, .NETFramework,Version=v4.8.1' instead of the project target framework 'net8.0'. This package may not be fully compatible with your project.
C:\Program Files\dotnet\sdk\10.0.201\Sdks\Microsoft.NET.Sdk.WindowsDesktop\targets\Microsoft.NET.Sdk.WindowsDesktop.targets(138,5): warning NETSDK1106: Microsoft.NET.Sdk.WindowsDesktop requires 'UseWpf' or 'UseWindowsForms' to be set to 'true' [C:\Users\ultra\warewolf\Dev\Warewolf.Studio.CustomControls\Warewolf.Studio.CustomControls.csproj]
C:\Users\ultra\warewolf\Dev\Warewolf.Studio.CustomControls\Warewolf.Studio.CustomControls.csproj : warning NU1701: Package 'AeroWizard 2.3.1' was restored using '.NETFramework,Version=v4.6.1, .NETFramework,Version=v4.6.2, .NETFramework,Version=v4.7, .NETFramework,Version=v4.7.1, .NETFramework,Version=v4.7.2, .NETFramework,Version=v4.8, .NETFramework,Version=v4.8.1' instead of the project target framework 'net8.0'. This package may not be fully compatible with your project.
C:\Users\ultra\warewolf\Dev\Warewolf.Studio.CustomControls\Warewolf.Studio.CustomControls.csproj : warning NU1701: Package 'GroupControls 1.9.0' was restored using '.NETFramework,Version=v4.6.1, .NETFramework,Version=v4.6.2, .NETFramework,Version=v4.7, .NETFramework,Version=v4.7.1, .NETFramework,Version=v4.7.2, .NETFramework,Version=v4.8, .NETFramework,Version=v4.8.1' instead of the project target framework 'net8.0'. This package may not be fully compatible with your project.
C:\Users\ultra\warewolf\Dev\Warewolf.Studio.CustomControls\Warewolf.Studio.CustomControls.csproj : warning NU1701: Package 'Microsoft.Xaml.Behaviors.Wpf 1.1.122' was restored using '.NETFramework,Version=v4.6.1, .NETFramework,Version=v4.6.2, .NETFramework,Version=v4.7, .NETFramework,Version=v4.7.1, .NETFramework,Version=v4.7.2, .NETFramework,Version=v4.8, .NETFramework,Version=v4.8.1' instead of the project target framework 'net8.0'. This package may not be fully compatible with your project.
C:\Users\ultra\warewolf\Dev\Warewolf.Studio.CustomControls\Warewolf.Studio.CustomControls.csproj : warning NU1701: Package 'Prism.Wpf 9.0.537' was restored using '.NETFramework,Version=v4.6.1, .NETFramework,Version=v4.6.2, .NETFramework,Version=v4.7, .NETFramework,Version=v4.7.1, .NETFramework,Version=v4.7.2, .NETFramework,Version=v4.8, .NETFramework,Version=v4.8.1' instead of the project target framework 'net8.0'. This package may not be fully compatible with your project.
C:\Users\ultra\warewolf\Dev\Warewolf.Studio.CustomControls\Warewolf.Studio.CustomControls.csproj : warning NU1701: Package 'ReactiveUI.WPF 18.4.1' was restored using '.NETFramework,Version=v4.6.1, .NETFramework,Version=v4.6.2, .NETFramework,Version=v4.7, .NETFramework,Version=v4.7.1, .NETFramework,Version=v4.7.2, .NETFramework,Version=v4.8, .NETFramework,Version=v4.8.1' instead of the project target framework 'net8.0'. This package may not be fully compatible with your project.
C:\Users\ultra\warewolf\Dev\Warewolf.Studio.CustomControls\Warewolf.Studio.CustomControls.csproj : warning NU1701: Package 'TaskSchedulerEditor 2.10.1' was restored using '.NETFramework,Version=v4.6.1, .NETFramework,Version=v4.6.2, .NETFramework,Version=v4.7, .NETFramework,Version=v4.7.1, .NETFramework,Version=v4.7.2, .NETFramework,Version=v4.8, .NETFramework,Version=v4.8.1' instead of the project target framework 'net8.0'. This package may not be fully compatible with your project.
C:\Users\ultra\warewolf\Dev\Warewolf.Studio.Themes.Luna\Warewolf.Studio.Themes.Luna.csproj : warning NU1701: Package 'AeroWizard 2.3.1' was restored using '.NETFramework,Version=v4.6.1, .NETFramework,Version=v4.6.2, .NETFramework,Version=v4.7, .NETFramework,Version=v4.7.1, .NETFramework,Version=v4.7.2, .NETFramework,Version=v4.8, .NETFramework,Version=v4.8.1' instead of the project target framework 'net8.0'. This package may not be fully compatible with your project.
C:\Users\ultra\warewolf\Dev\Warewolf.Studio.Themes.Luna\Warewolf.Studio.Themes.Luna.csproj : warning NU1701: Package 'GroupControls 1.9.0' was restored using '.NETFramework,Version=v4.6.1, .NETFramework,Version=v4.6.2, .NETFramework,Version=v4.7, .NETFramework,Version=v4.7.1, .NETFramework,Version=v4.7.2, .NETFramework,Version=v4.8, .NETFramework,Version=v4.8.1' instead of the project target framework 'net8.0'. This package may not be fully compatible with your project.
C:\Users\ultra\warewolf\Dev\Warewolf.Studio.Themes.Luna\Warewolf.Studio.Themes.Luna.csproj : warning NU1701: Package 'Microsoft.Xaml.Behaviors.Wpf 1.1.122' was restored using '.NETFramework,Version=v4.6.1, .NETFramework,Version=v4.6.2, .NETFramework,Version=v4.7, .NETFramework,Version=v4.7.1, .NETFramework,Version=v4.7.2, .NETFramework,Version=v4.8, .NETFramework,Version=v4.8.1' instead of the project target framework 'net8.0'. This package may not be fully compatible with your project.
C:\Users\ultra\warewolf\Dev\Warewolf.Studio.Themes.Luna\Warewolf.Studio.Themes.Luna.csproj : warning NU1701: Package 'Prism.Wpf 9.0.537' was restored using '.NETFramework,Version=v4.6.1, .NETFramework,Version=v4.6.2, .NETFramework,Version=v4.7, .NETFramework,Version=v4.7.1, .NETFramework,Version=v4.7.2, .NETFramework,Version=v4.8, .NETFramework,Version=v4.8.1' instead of the project target framework 'net8.0'. This package may not be fully compatible with your project.
C:\Users\ultra\warewolf\Dev\Warewolf.Studio.Themes.Luna\Warewolf.Studio.Themes.Luna.csproj : warning NU1701: Package 'ReactiveUI.WPF 18.4.1' was restored using '.NETFramework,Version=v4.6.1, .NETFramework,Version=v4.6.2, .NETFramework,Version=v4.7, .NETFramework,Version=v4.7.1, .NETFramework,Version=v4.7.2, .NETFramework,Version=v4.8, .NETFramework,Version=v4.8.1' instead of the project target framework 'net8.0'. This package may not be fully compatible with your project.
C:\Users\ultra\warewolf\Dev\Warewolf.Studio.Themes.Luna\Warewolf.Studio.Themes.Luna.csproj : warning NU1701: Package 'TaskSchedulerEditor 2.10.1' was restored using '.NETFramework,Version=v4.6.1, .NETFramework,Version=v4.6.2, .NETFramework,Version=v4.7, .NETFramework,Version=v4.7.1, .NETFramework,Version=v4.7.2, .NETFramework,Version=v4.8, .NETFramework,Version=v4.8.1' instead of the project target framework 'net8.0'. This package may not be fully compatible with your project.
C:\Program Files\dotnet\sdk\10.0.201\Sdks\Microsoft.NET.Sdk\targets\Microsoft.NET.Sdk.DefaultItems.targets(162,5): warning NETSDK1137: It is no longer necessary to use the Microsoft.NET.Sdk.WindowsDesktop SDK. Consider changing the Sdk attribute of the root Project element to 'Microsoft.NET.Sdk'. [C:\Users\ultra\warewolf\Dev\Warewolf.Studio.Views\Warewolf.Studio.Views.csproj]
C:\Program Files\dotnet\sdk\10.0.201\Sdks\Microsoft.NET.Sdk.WindowsDesktop\targets\Microsoft.NET.Sdk.WindowsDesktop.targets(138,5): warning NETSDK1106: Microsoft.NET.Sdk.WindowsDesktop requires 'UseWpf' or 'UseWindowsForms' to be set to 'true' [C:\Users\ultra\warewolf\Dev\Warewolf.Studio.Views\Warewolf.Studio.Views.csproj]
C:\Users\ultra\warewolf\Dev\Warewolf.Studio.Views\Warewolf.Studio.Views.csproj : warning NU1701: Package 'AeroWizard 2.3.1' was restored using '.NETFramework,Version=v4.6.1, .NETFramework,Version=v4.6.2, .NETFramework,Version=v4.7, .NETFramework,Version=v4.7.1, .NETFramework,Version=v4.7.2, .NETFramework,Version=v4.8, .NETFramework,Version=v4.8.1' instead of the project target framework 'net8.0'. This package may not be fully compatible with your project.
C:\Users\ultra\warewolf\Dev\Warewolf.Studio.Views\Warewolf.Studio.Views.csproj : warning NU1701: Package 'GroupControls 1.9.0' was restored using '.NETFramework,Version=v4.6.1, .NETFramework,Version=v4.6.2, .NETFramework,Version=v4.7, .NETFramework,Version=v4.7.1, .NETFramework,Version=v4.7.2, .NETFramework,Version=v4.8, .NETFramework,Version=v4.8.1' instead of the project target framework 'net8.0'. This package may not be fully compatible with your project.
C:\Users\ultra\warewolf\Dev\Warewolf.Studio.Views\Warewolf.Studio.Views.csproj : warning NU1701: Package 'Microsoft.Xaml.Behaviors.Wpf 1.1.122' was restored using '.NETFramework,Version=v4.6.1, .NETFramework,Version=v4.6.2, .NETFramework,Version=v4.7, .NETFramework,Version=v4.7.1, .NETFramework,Version=v4.7.2, .NETFramework,Version=v4.8, .NETFramework,Version=v4.8.1' instead of the project target framework 'net8.0'. This package may not be fully compatible with your project.
C:\Users\ultra\warewolf\Dev\Warewolf.Studio.Views\Warewolf.Studio.Views.csproj : warning NU1701: Package 'Prism.Wpf 9.0.537' was restored using '.NETFramework,Version=v4.6.1, .NETFramework,Version=v4.6.2, .NETFramework,Version=v4.7, .NETFramework,Version=v4.7.1, .NETFramework,Version=v4.7.2, .NETFramework,Version=v4.8, .NETFramework,Version=v4.8.1' instead of the project target framework 'net8.0'. This package may not be fully compatible with your project.
C:\Users\ultra\warewolf\Dev\Warewolf.Studio.Views\Warewolf.Studio.Views.csproj : warning NU1701: Package 'ReactiveUI.WPF 18.4.1' was restored using '.NETFramework,Version=v4.6.1, .NETFramework,Version=v4.6.2, .NETFramework,Version=v4.7, .NETFramework,Version=v4.7.1, .NETFramework,Version=v4.7.2, .NETFramework,Version=v4.8, .NETFramework,Version=v4.8.1' instead of the project target framework 'net8.0'. This package may not be fully compatible with your project.
C:\Users\ultra\warewolf\Dev\Warewolf.Studio.Views\Warewolf.Studio.Views.csproj : warning NU1701: Package 'TaskSchedulerEditor 2.10.1' was restored using '.NETFramework,Version=v4.6.1, .NETFramework,Version=v4.6.2, .NETFramework,Version=v4.7, .NETFramework,Version=v4.7.1, .NETFramework,Version=v4.7.2, .NETFramework,Version=v4.8, .NETFramework,Version=v4.8.1' instead of the project target framework 'net8.0'. This package may not be fully compatible with your project.
C:\Users\ultra\warewolf\Dev\Warewolf.Studio.Views\Warewolf.Studio.Views.csproj : warning NU1701: Package 'Unofficial.Microsoft.mshtml 7.0.3300' was restored using '.NETFramework,Version=v4.6.1, .NETFramework,Version=v4.6.2, .NETFramework,Version=v4.7, .NETFramework,Version=v4.7.1, .NETFramework,Version=v4.7.2, .NETFramework,Version=v4.8, .NETFramework,Version=v4.8.1' instead of the project target framework 'net8.0'. This package may not be fully compatible with your project.
  SpecFlowFeatureFiles: 
  -> Using default config
  SpecFlowGeneratedFiles: 
C:\Program Files\dotnet\sdk\10.0.201\Sdks\Microsoft.NET.Sdk\targets\Microsoft.NET.Sdk.DefaultItems.targets(162,5): warning NETSDK1137: It is no longer necessary to use the Microsoft.NET.Sdk.WindowsDesktop SDK. Consider changing the Sdk attribute of the root Project element to 'Microsoft.NET.Sdk'. [C:\Users\ultra\warewolf\Dev\Dev2.Activities.Designers\Dev2.Activities.Designers.csproj]
C:\Program Files\dotnet\sdk\10.0.201\Sdks\Microsoft.NET.Sdk.WindowsDesktop\targets\Microsoft.NET.Sdk.WindowsDesktop.targets(138,5): warning NETSDK1106: Microsoft.NET.Sdk.WindowsDesktop requires 'UseWpf' or 'UseWindowsForms' to be set to 'true' [C:\Users\ultra\warewolf\Dev\Dev2.Activities.Designers\Dev2.Activities.Designers.csproj]
C:\Users\ultra\warewolf\Dev\Dev2.Activities.Designers\Dev2.Activities.Designers.csproj : warning NU1701: Package 'AeroWizard 2.3.1' was restored using '.NETFramework,Version=v4.6.1, .NETFramework,Version=v4.6.2, .NETFramework,Version=v4.7, .NETFramework,Version=v4.7.1, .NETFramework,Version=v4.7.2, .NETFramework,Version=v4.8, .NETFramework,Version=v4.8.1' instead of the project target framework 'net8.0'. This package may not be fully compatible with your project.
C:\Users\ultra\warewolf\Dev\Dev2.Activities.Designers\Dev2.Activities.Designers.csproj : warning NU1701: Package 'GroupControls 1.9.0' was restored using '.NETFramework,Version=v4.6.1, .NETFramework,Version=v4.6.2, .NETFramework,Version=v4.7, .NETFramework,Version=v4.7.1, .NETFramework,Version=v4.7.2, .NETFramework,Version=v4.8, .NETFramework,Version=v4.8.1' instead of the project target framework 'net8.0'. This package may not be fully compatible with your project.
C:\Users\ultra\warewolf\Dev\Dev2.Activities.Designers\Dev2.Activities.Designers.csproj : warning NU1701: Package 'Microsoft.Xaml.Behaviors.Wpf 1.1.122' was restored using '.NETFramework,Version=v4.6.1, .NETFramework,Version=v4.6.2, .NETFramework,Version=v4.7, .NETFramework,Version=v4.7.1, .NETFramework,Version=v4.7.2, .NETFramework,Version=v4.8, .NETFramework,Version=v4.8.1' instead of the project target framework 'net8.0'. This package may not be fully compatible with your project.
C:\Users\ultra\warewolf\Dev\Dev2.Activities.Designers\Dev2.Activities.Designers.csproj : warning NU1701: Package 'Prism.Wpf 9.0.537' was restored using '.NETFramework,Version=v4.6.1, .NETFramework,Version=v4.6.2, .NETFramework,Version=v4.7, .NETFramework,Version=v4.7.1, .NETFramework,Version=v4.7.2, .NETFramework,Version=v4.8, .NETFramework,Version=v4.8.1' instead of the project target framework 'net8.0'. This package may not be fully compatible with your project.
C:\Users\ultra\warewolf\Dev\Dev2.Activities.Designers\Dev2.Activities.Designers.csproj : warning NU1701: Package 'ReactiveUI.WPF 18.4.1' was restored using '.NETFramework,Version=v4.6.1, .NETFramework,Version=v4.6.2, .NETFramework,Version=v4.7, .NETFramework,Version=v4.7.1, .NETFramework,Version=v4.7.2, .NETFramework,Version=v4.8, .NETFramework,Version=v4.8.1' instead of the project target framework 'net8.0'. This package may not be fully compatible with your project.
C:\Users\ultra\warewolf\Dev\Dev2.Activities.Designers\Dev2.Activities.Designers.csproj : warning NU1701: Package 'TaskSchedulerEditor 2.10.1' was restored using '.NETFramework,Version=v4.6.1, .NETFramework,Version=v4.6.2, .NETFramework,Version=v4.7, .NETFramework,Version=v4.7.1, .NETFramework,Version=v4.7.2, .NETFramework,Version=v4.8, .NETFramework,Version=v4.8.1' instead of the project target framework 'net8.0'. This package may not be fully compatible with your project.
C:\Users\ultra\warewolf\Dev\Warewolf.Studio.AntiCorruptionLayer\Warewolf.Studio.AntiCorruptionLayer.csproj : warning NU1701: Package 'AeroWizard 2.3.1' was restored using '.NETFramework,Version=v4.6.1, .NETFramework,Version=v4.6.2, .NETFramework,Version=v4.7, .NETFramework,Version=v4.7.1, .NETFramework,Version=v4.7.2, .NETFramework,Version=v4.8, .NETFramework,Version=v4.8.1' instead of the project target framework 'net8.0'. This package may not be fully compatible with your project.
C:\Users\ultra\warewolf\Dev\Warewolf.Studio.AntiCorruptionLayer\Warewolf.Studio.AntiCorruptionLayer.csproj : warning NU1701: Package 'GroupControls 1.9.0' was restored using '.NETFramework,Version=v4.6.1, .NETFramework,Version=v4.6.2, .NETFramework,Version=v4.7, .NETFramework,Version=v4.7.1, .NETFramework,Version=v4.7.2, .NETFramework,Version=v4.8, .NETFramework,Version=v4.8.1' instead of the project target framework 'net8.0'. This package may not be fully compatible with your project.
C:\Users\ultra\warewolf\Dev\Warewolf.Studio.AntiCorruptionLayer\Warewolf.Studio.AntiCorruptionLayer.csproj : warning NU1701: Package 'Microsoft.Xaml.Behaviors.Wpf 1.1.122' was restored using '.NETFramework,Version=v4.6.1, .NETFramework,Version=v4.6.2, .NETFramework,Version=v4.7, .NETFramework,Version=v4.7.1, .NETFramework,Version=v4.7.2, .NETFramework,Version=v4.8, .NETFramework,Version=v4.8.1' instead of the project target framework 'net8.0'. This package may not be fully compatible with your project.
C:\Users\ultra\warewolf\Dev\Warewolf.Studio.AntiCorruptionLayer\Warewolf.Studio.AntiCorruptionLayer.csproj : warning NU1701: Package 'Prism.Wpf 9.0.537' was restored using '.NETFramework,Version=v4.6.1, .NETFramework,Version=v4.6.2, .NETFramework,Version=v4.7, .NETFramework,Version=v4.7.1, .NETFramework,Version=v4.7.2, .NETFramework,Version=v4.8, .NETFramework,Version=v4.8.1' instead of the project target framework 'net8.0'. This package may not be fully compatible with your project.
C:\Users\ultra\warewolf\Dev\Warewolf.Studio.AntiCorruptionLayer\Warewolf.Studio.AntiCorruptionLayer.csproj : warning NU1701: Package 'ReactiveUI.WPF 18.4.1' was restored using '.NETFramework,Version=v4.6.1, .NETFramework,Version=v4.6.2, .NETFramework,Version=v4.7, .NETFramework,Version=v4.7.1, .NETFramework,Version=v4.7.2, .NETFramework,Version=v4.8, .NETFramework,Version=v4.8.1' instead of the project target framework 'net8.0'. This package may not be fully compatible with your project.
C:\Users\ultra\warewolf\Dev\Warewolf.Studio.AntiCorruptionLayer\Warewolf.Studio.AntiCorruptionLayer.csproj : warning NU1701: Package 'TaskSchedulerEditor 2.10.1' was restored using '.NETFramework,Version=v4.6.1, .NETFramework,Version=v4.6.2, .NETFramework,Version=v4.7, .NETFramework,Version=v4.7.1, .NETFramework,Version=v4.7.2, .NETFramework,Version=v4.8, .NETFramework,Version=v4.8.1' instead of the project target framework 'net8.0'. This package may not be fully compatible with your project.
  Warewolf.TestingDotnetDllCascading -> C:\Users\ultra\warewolf\Dev\Warewolf.TestingDotnetDllCascading\bin\Debug\net8.0\Warewolf.TestingDotnetDllCascading.dll
C:\Users\ultra\warewolf\Dev\Dev2.Studio.Core.Tests\Dev2.Studio.Core.Tests.csproj : warning NU1701: Package 'AeroWizard 2.3.1' was restored using '.NETFramework,Version=v4.6.1, .NETFramework,Version=v4.6.2, .NETFramework,Version=v4.7, .NETFramework,Version=v4.7.1, .NETFramework,Version=v4.7.2, .NETFramework,Version=v4.8, .NETFramework,Version=v4.8.1' instead of the project target framework 'net8.0'. This package may not be fully compatible with your project.
C:\Users\ultra\warewolf\Dev\Dev2.Studio.Core.Tests\Dev2.Studio.Core.Tests.csproj : warning NU1701: Package 'AvalonEdit 6.3.0.90' was restored using '.NETFramework,Version=v4.6.1, .NETFramework,Version=v4.6.2, .NETFramework,Version=v4.7, .NETFramework,Version=v4.7.1, .NETFramework,Version=v4.7.2, .NETFramework,Version=v4.8, .NETFramework,Version=v4.8.1' instead of the project target framework 'net8.0'. This package may not be fully compatible with your project.
C:\Users\ultra\warewolf\Dev\Dev2.Studio.Core.Tests\Dev2.Studio.Core.Tests.csproj : warning NU1701: Package 'CommonServiceLocator 1.2.0' was restored using '.NETFramework,Version=v4.6.1, .NETFramework,Version=v4.6.2, .NETFramework,Version=v4.7, .NETFramework,Version=v4.7.1, .NETFramework,Version=v4.7.2, .NETFramework,Version=v4.8, .NETFramework,Version=v4.8.1' instead of the project target framework 'net8.0'. This package may not be fully compatible with your project.
C:\Users\ultra\warewolf\Dev\Dev2.Studio.Core.Tests\Dev2.Studio.Core.Tests.csproj : warning NU1701: Package 'FontAwesome.WPF 4.7.0.9' was restored using '.NETFramework,Version=v4.6.1, .NETFramework,Version=v4.6.2, .NETFramework,Version=v4.7, .NETFramework,Version=v4.7.1, .NETFramework,Version=v4.7.2, .NETFramework,Version=v4.8, .NETFramework,Version=v4.8.1' instead of the project target framework 'net8.0'. This package may not be fully compatible with your project.
C:\Users\ultra\warewolf\Dev\Dev2.Studio.Core.Tests\Dev2.Studio.Core.Tests.csproj : warning NU1701: Package 'GroupControls 1.9.0' was restored using '.NETFramework,Version=v4.6.1, .NETFramework,Version=v4.6.2, .NETFramework,Version=v4.7, .NETFramework,Version=v4.7.1, .NETFramework,Version=v4.7.2, .NETFramework,Version=v4.8, .NETFramework,Version=v4.8.1' instead of the project target framework 'net8.0'. This package may not be fully compatible with your project.
C:\Users\ultra\warewolf\Dev\Dev2.Studio.Core.Tests\Dev2.Studio.Core.Tests.csproj : warning NU1701: Package 'Log4Net.Async 2.0.4' was restored using '.NETFramework,Version=v4.6.1, .NETFramework,Version=v4.6.2, .NETFramework,Version=v4.7, .NETFramework,Version=v4.7.1, .NETFramework,Version=v4.7.2, .NETFramework,Version=v4.8, .NETFramework,Version=v4.8.1' instead of the project target framework 'net8.0'. This package may not be fully compatible with your project.
C:\Users\ultra\warewolf\Dev\Dev2.Studio.Core.Tests\Dev2.Studio.Core.Tests.csproj : warning NU1701: Package 'Microsoft.Xaml.Behaviors.Wpf 1.1.122' was restored using '.NETFramework,Version=v4.6.1, .NETFramework,Version=v4.6.2, .NETFramework,Version=v4.7, .NETFramework,Version=v4.7.1, .NETFramework,Version=v4.7.2, .NETFramework,Version=v4.8, .NETFramework,Version=v4.8.1' instead of the project target framework 'net8.0'. This package may not be fully compatible with your project.
C:\Users\ultra\warewolf\Dev\Dev2.Studio.Core.Tests\Dev2.Studio.Core.Tests.csproj : warning NU1701: Package 'Prism.Composition 5.0.0' was restored using '.NETFramework,Version=v4.6.1, .NETFramework,Version=v4.6.2, .NETFramework,Version=v4.7, .NETFramework,Version=v4.7.1, .NETFramework,Version=v4.7.2, .NETFramework,Version=v4.8, .NETFramework,Version=v4.8.1' instead of the project target framework 'net8.0'. This package may not be fully compatible with your project.
C:\Users\ultra\warewolf\Dev\Dev2.Studio.Core.Tests\Dev2.Studio.Core.Tests.csproj : warning NU1701: Package 'Prism.Interactivity 5.0.0' was restored using '.NETFramework,Version=v4.6.1, .NETFramework,Version=v4.6.2, .NETFramework,Version=v4.7, .NETFramework,Version=v4.7.1, .NETFramework,Version=v4.7.2, .NETFramework,Version=v4.8, .NETFramework,Version=v4.8.1' instead of the project target framework 'net8.0'. This package may not be fully compatible with your project.
C:\Users\ultra\warewolf\Dev\Dev2.Studio.Core.Tests\Dev2.Studio.Core.Tests.csproj : warning NU1701: Package 'Prism.Mvvm 1.0.0' was restored using '.NETFramework,Version=v4.6.1, .NETFramework,Version=v4.6.2, .NETFramework,Version=v4.7, .NETFramework,Version=v4.7.1, .NETFramework,Version=v4.7.2, .NETFramework,Version=v4.8, .NETFramework,Version=v4.8.1' instead of the project target framework 'net8.0'. This package may not be fully compatible with your project.
C:\Users\ultra\warewolf\Dev\Dev2.Studio.Core.Tests\Dev2.Studio.Core.Tests.csproj : warning NU1701: Package 'Prism.PubSubEvents 1.0.0' was restored using '.NETFramework,Version=v4.6.1, .NETFramework,Version=v4.6.2, .NETFramework,Version=v4.7, .NETFramework,Version=v4.7.1, .NETFramework,Version=v4.7.2, .NETFramework,Version=v4.8, .NETFramework,Version=v4.8.1' instead of the project target framework 'net8.0'. This package may not be fully compatible with your project.
C:\Users\ultra\warewolf\Dev\Dev2.Studio.Core.Tests\Dev2.Studio.Core.Tests.csproj : warning NU1701: Package 'Prism.UnityExtensions 5.0.1' was restored using '.NETFramework,Version=v4.6.1, .NETFramework,Version=v4.6.2, .NETFramework,Version=v4.7, .NETFramework,Version=v4.7.1, .NETFramework,Version=v4.7.2, .NETFramework,Version=v4.8, .NETFramework,Version=v4.8.1' instead of the project target framework 'net8.0'. This package may not be fully compatible with your project.
C:\Users\ultra\warewolf\Dev\Dev2.Studio.Core.Tests\Dev2.Studio.Core.Tests.csproj : warning NU1701: Package 'Prism.Wpf 9.0.537' was restored using '.NETFramework,Version=v4.6.1, .NETFramework,Version=v4.6.2, .NETFramework,Version=v4.7, .NETFramework,Version=v4.7.1, .NETFramework,Version=v4.7.2, .NETFramework,Version=v4.8, .NETFramework,Version=v4.8.1' instead of the project target framework 'net8.0'. This package may not be fully compatible with your project.
C:\Users\ultra\warewolf\Dev\Dev2.Studio.Core.Tests\Dev2.Studio.Core.Tests.csproj : warning NU1701: Package 'ReactiveUI.WPF 18.4.1' was restored using '.NETFramework,Version=v4.6.1, .NETFramework,Version=v4.6.2, .NETFramework,Version=v4.7, .NETFramework,Version=v4.7.1, .NETFramework,Version=v4.7.2, .NETFramework,Version=v4.8, .NETFramework,Version=v4.8.1' instead of the project target framework 'net8.0'. This package may not be fully compatible with your project.
C:\Users\ultra\warewolf\Dev\Dev2.Studio.Core.Tests\Dev2.Studio.Core.Tests.csproj : warning NU1701: Package 'TaskSchedulerEditor 2.10.1' was restored using '.NETFramework,Version=v4.6.1, .NETFramework,Version=v4.6.2, .NETFramework,Version=v4.7, .NETFramework,Version=v4.7.1, .NETFramework,Version=v4.7.2, .NETFramework,Version=v4.8, .NETFramework,Version=v4.8.1' instead of the project target framework 'net8.0'. This package may not be fully compatible with your project.
C:\Users\ultra\warewolf\Dev\Dev2.Studio.Core.Tests\Dev2.Studio.Core.Tests.csproj : warning NU1701: Package 'Unofficial.Microsoft.mshtml 7.0.3300' was restored using '.NETFramework,Version=v4.6.1, .NETFramework,Version=v4.6.2, .NETFramework,Version=v4.7, .NETFramework,Version=v4.7.1, .NETFramework,Version=v4.7.2, .NETFramework,Version=v4.8, .NETFramework,Version=v4.8.1' instead of the project target framework 'net8.0'. This package may not be fully compatible with your project.
  Warewolf.Common.Interfaces.NetStandard20 -> C:\Users\ultra\warewolf\Dev\Warewolf.Common.Interfaces.NetStandard20\bin\Debug\net8.0\Warewolf.Common.Interfaces.NetStandard20.dll
C:\Users\ultra\warewolf\Dev\Dev2.SignalR.Wrappers.New\Dev2.SignalR.Wrappers.New.csproj : warning NU1701: Package 'AeroWizard 2.3.1' was restored using '.NETFramework,Version=v4.6.1, .NETFramework,Version=v4.6.2, .NETFramework,Version=v4.7, .NETFramework,Version=v4.7.1, .NETFramework,Version=v4.7.2, .NETFramework,Version=v4.8, .NETFramework,Version=v4.8.1' instead of the project target framework 'net8.0'. This package may not be fully compatible with your project.
C:\Users\ultra\warewolf\Dev\Dev2.SignalR.Wrappers.New\Dev2.SignalR.Wrappers.New.csproj : warning NU1701: Package 'GroupControls 1.9.0' was restored using '.NETFramework,Version=v4.6.1, .NETFramework,Version=v4.6.2, .NETFramework,Version=v4.7, .NETFramework,Version=v4.7.1, .NETFramework,Version=v4.7.2, .NETFramework,Version=v4.8, .NETFramework,Version=v4.8.1' instead of the project target framework 'net8.0'. This package may not be fully compatible with your project.
C:\Users\ultra\warewolf\Dev\Dev2.SignalR.Wrappers.New\Dev2.SignalR.Wrappers.New.csproj : warning NU1701: Package 'ReactiveUI.WPF 18.4.1' was restored using '.NETFramework,Version=v4.6.1, .NETFramework,Version=v4.6.2, .NETFramework,Version=v4.7, .NETFramework,Version=v4.7.1, .NETFramework,Version=v4.7.2, .NETFramework,Version=v4.8, .NETFramework,Version=v4.8.1' instead of the project target framework 'net8.0'. This package may not be fully compatible with your project.
C:\Users\ultra\warewolf\Dev\Dev2.SignalR.Wrappers.New\Dev2.SignalR.Wrappers.New.csproj : warning NU1701: Package 'TaskSchedulerEditor 2.10.1' was restored using '.NETFramework,Version=v4.6.1, .NETFramework,Version=v4.6.2, .NETFramework,Version=v4.7, .NETFramework,Version=v4.7.1, .NETFramework,Version=v4.7.2, .NETFramework,Version=v4.8, .NETFramework,Version=v4.8.1' instead of the project target framework 'net8.0'. This package may not be fully compatible with your project.
  Warewolf.Resource -> C:\Users\ultra\warewolf\Dev\Warewolf.Resource\bin\Debug\net8.0\Warewolf.Resource.dll
C:\Program Files\dotnet\sdk\10.0.201\Sdks\Microsoft.NET.Sdk\targets\Microsoft.NET.Sdk.DefaultItems.targets(162,5): warning NETSDK1137: It is no longer necessary to use the Microsoft.NET.Sdk.WindowsDesktop SDK. Consider changing the Sdk attribute of the root Project element to 'Microsoft.NET.Sdk'. [C:\Users\ultra\warewolf\Dev\Dev2.Studio\Dev2.Studio.csproj]
C:\Program Files\dotnet\sdk\10.0.201\Sdks\Microsoft.NET.Sdk.WindowsDesktop\targets\Microsoft.NET.Sdk.WindowsDesktop.targets(138,5): warning NETSDK1106: Microsoft.NET.Sdk.WindowsDesktop requires 'UseWpf' or 'UseWindowsForms' to be set to 'true' [C:\Users\ultra\warewolf\Dev\Dev2.Studio\Dev2.Studio.csproj]
C:\Users\ultra\warewolf\Dev\Dev2.Studio\Dev2.Studio.csproj : warning NU1701: Package 'AeroWizard 2.3.1' was restored using '.NETFramework,Version=v4.6.1, .NETFramework,Version=v4.6.2, .NETFramework,Version=v4.7, .NETFramework,Version=v4.7.1, .NETFramework,Version=v4.7.2, .NETFramework,Version=v4.8, .NETFramework,Version=v4.8.1' instead of the project target framework 'net8.0'. This package may not be fully compatible with your project.
C:\Users\ultra\warewolf\Dev\Dev2.Studio\Dev2.Studio.csproj : warning NU1701: Package 'AvalonEdit 6.3.0.90' was restored using '.NETFramework,Version=v4.6.1, .NETFramework,Version=v4.6.2, .NETFramework,Version=v4.7, .NETFramework,Version=v4.7.1, .NETFramework,Version=v4.7.2, .NETFramework,Version=v4.8, .NETFramework,Version=v4.8.1' instead of the project target framework 'net8.0'. This package may not be fully compatible with your project.
C:\Users\ultra\warewolf\Dev\Dev2.Studio\Dev2.Studio.csproj : warning NU1701: Package 'CommonServiceLocator 1.2.0' was restored using '.NETFramework,Version=v4.6.1, .NETFramework,Version=v4.6.2, .NETFramework,Version=v4.7, .NETFramework,Version=v4.7.1, .NETFramework,Version=v4.7.2, .NETFramework,Version=v4.8, .NETFramework,Version=v4.8.1' instead of the project target framework 'net8.0'. This package may not be fully compatible with your project.
C:\Users\ultra\warewolf\Dev\Dev2.Studio\Dev2.Studio.csproj : warning NU1701: Package 'FontAwesome.WPF 4.7.0.9' was restored using '.NETFramework,Version=v4.6.1, .NETFramework,Version=v4.6.2, .NETFramework,Version=v4.7, .NETFramework,Version=v4.7.1, .NETFramework,Version=v4.7.2, .NETFramework,Version=v4.8, .NETFramework,Version=v4.8.1' instead of the project target framework 'net8.0'. This package may not be fully compatible with your project.
C:\Users\ultra\warewolf\Dev\Dev2.Studio\Dev2.Studio.csproj : warning NU1701: Package 'GroupControls 1.9.0' was restored using '.NETFramework,Version=v4.6.1, .NETFramework,Version=v4.6.2, .NETFramework,Version=v4.7, .NETFramework,Version=v4.7.1, .NETFramework,Version=v4.7.2, .NETFramework,Version=v4.8, .NETFramework,Version=v4.8.1' instead of the project target framework 'net8.0'. This package may not be fully compatible with your project.
C:\Users\ultra\warewolf\Dev\Dev2.Studio\Dev2.Studio.csproj : warning NU1701: Package 'Log4Net.Async 2.0.4' was restored using '.NETFramework,Version=v4.6.1, .NETFramework,Version=v4.6.2, .NETFramework,Version=v4.7, .NETFramework,Version=v4.7.1, .NETFramework,Version=v4.7.2, .NETFramework,Version=v4.8, .NETFramework,Version=v4.8.1' instead of the project target framework 'net8.0'. This package may not be fully compatible with your project.
C:\Users\ultra\warewolf\Dev\Dev2.Studio\Dev2.Studio.csproj : warning NU1701: Package 'Microsoft.Xaml.Behaviors.Wpf 1.1.122' was restored using '.NETFramework,Version=v4.6.1, .NETFramework,Version=v4.6.2, .NETFramework,Version=v4.7, .NETFramework,Version=v4.7.1, .NETFramework,Version=v4.7.2, .NETFramework,Version=v4.8, .NETFramework,Version=v4.8.1' instead of the project target framework 'net8.0'. This package may not be fully compatible with your project.
C:\Users\ultra\warewolf\Dev\Dev2.Studio\Dev2.Studio.csproj : warning NU1701: Package 'Prism.Composition 5.0.0' was restored using '.NETFramework,Version=v4.6.1, .NETFramework,Version=v4.6.2, .NETFramework,Version=v4.7, .NETFramework,Version=v4.7.1, .NETFramework,Version=v4.7.2, .NETFramework,Version=v4.8, .NETFramework,Version=v4.8.1' instead of the project target framework 'net8.0'. This package may not be fully compatible with your project.
C:\Users\ultra\warewolf\Dev\Dev2.Studio\Dev2.Studio.csproj : warning NU1701: Package 'Prism.Interactivity 5.0.0' was restored using '.NETFramework,Version=v4.6.1, .NETFramework,Version=v4.6.2, .NETFramework,Version=v4.7, .NETFramework,Version=v4.7.1, .NETFramework,Version=v4.7.2, .NETFramework,Version=v4.8, .NETFramework,Version=v4.8.1' instead of the project target framework 'net8.0'. This package may not be fully compatible with your project.
C:\Users\ultra\warewolf\Dev\Dev2.Studio\Dev2.Studio.csproj : warning NU1701: Package 'Prism.Mvvm 1.0.0' was restored using '.NETFramework,Version=v4.6.1, .NETFramework,Version=v4.6.2, .NETFramework,Version=v4.7, .NETFramework,Version=v4.7.1, .NETFramework,Version=v4.7.2, .NETFramework,Version=v4.8, .NETFramework,Version=v4.8.1' instead of the project target framework 'net8.0'. This package may not be fully compatible with your project.
C:\Users\ultra\warewolf\Dev\Dev2.Studio\Dev2.Studio.csproj : warning NU1701: Package 'Prism.PubSubEvents 1.0.0' was restored using '.NETFramework,Version=v4.6.1, .NETFramework,Version=v4.6.2, .NETFramework,Version=v4.7, .NETFramework,Version=v4.7.1, .NETFramework,Version=v4.7.2, .NETFramework,Version=v4.8, .NETFramework,Version=v4.8.1' instead of the project target framework 'net8.0'. This package may not be fully compatible with your project.
C:\Users\ultra\warewolf\Dev\Dev2.Studio\Dev2.Studio.csproj : warning NU1701: Package 'Prism.UnityExtensions 5.0.1' was restored using '.NETFramework,Version=v4.6.1, .NETFramework,Version=v4.6.2, .NETFramework,Version=v4.7, .NETFramework,Version=v4.7.1, .NETFramework,Version=v4.7.2, .NETFramework,Version=v4.8, .NETFramework,Version=v4.8.1' instead of the project target framework 'net8.0'. This package may not be fully compatible with your project.
C:\Users\ultra\warewolf\Dev\Dev2.Studio\Dev2.Studio.csproj : warning NU1701: Package 'Prism.Wpf 9.0.537' was restored using '.NETFramework,Version=v4.6.1, .NETFramework,Version=v4.6.2, .NETFramework,Version=v4.7, .NETFramework,Version=v4.7.1, .NETFramework,Version=v4.7.2, .NETFramework,Version=v4.8, .NETFramework,Version=v4.8.1' instead of the project target framework 'net8.0'. This package may not be fully compatible with your project.
C:\Users\ultra\warewolf\Dev\Dev2.Studio\Dev2.Studio.csproj : warning NU1701: Package 'ReactiveUI.WPF 18.4.1' was restored using '.NETFramework,Version=v4.6.1, .NETFramework,Version=v4.6.2, .NETFramework,Version=v4.7, .NETFramework,Version=v4.7.1, .NETFramework,Version=v4.7.2, .NETFramework,Version=v4.8, .NETFramework,Version=v4.8.1' instead of the project target framework 'net8.0'. This package may not be fully compatible with your project.
C:\Users\ultra\warewolf\Dev\Dev2.Studio\Dev2.Studio.csproj : warning NU1701: Package 'TaskSchedulerEditor 2.10.1' was restored using '.NETFramework,Version=v4.6.1, .NETFramework,Version=v4.6.2, .NETFramework,Version=v4.7, .NETFramework,Version=v4.7.1, .NETFramework,Version=v4.7.2, .NETFramework,Version=v4.8, .NETFramework,Version=v4.8.1' instead of the project target framework 'net8.0'. This package may not be fully compatible with your project.
C:\Users\ultra\warewolf\Dev\Dev2.Studio\Dev2.Studio.csproj : warning NU1701: Package 'Unofficial.Microsoft.mshtml 7.0.3300' was restored using '.NETFramework,Version=v4.6.1, .NETFramework,Version=v4.6.2, .NETFramework,Version=v4.7, .NETFramework,Version=v4.7.1, .NETFramework,Version=v4.7.2, .NETFramework,Version=v4.8, .NETFramework,Version=v4.8.1' instead of the project target framework 'net8.0'. This package may not be fully compatible with your project.
C:\Users\ultra\warewolf\Dev\Dev2.Infrastructure.Tests\Dev2.Infrastructure.Tests.csproj : warning NU1701: Package 'AeroWizard 2.3.1' was restored using '.NETFramework,Version=v4.6.1, .NETFramework,Version=v4.6.2, .NETFramework,Version=v4.7, .NETFramework,Version=v4.7.1, .NETFramework,Version=v4.7.2, .NETFramework,Version=v4.8, .NETFramework,Version=v4.8.1' instead of the project target framework 'net8.0'. This package may not be fully compatible with your project.
C:\Users\ultra\warewolf\Dev\Dev2.Infrastructure.Tests\Dev2.Infrastructure.Tests.csproj : warning NU1701: Package 'GroupControls 1.9.0' was restored using '.NETFramework,Version=v4.6.1, .NETFramework,Version=v4.6.2, .NETFramework,Version=v4.7, .NETFramework,Version=v4.7.1, .NETFramework,Version=v4.7.2, .NETFramework,Version=v4.8, .NETFramework,Version=v4.8.1' instead of the project target framework 'net8.0'. This package may not be fully compatible with your project.
C:\Users\ultra\warewolf\Dev\Dev2.Infrastructure.Tests\Dev2.Infrastructure.Tests.csproj : warning NU1701: Package 'Microsoft.Xaml.Behaviors.Wpf 1.1.122' was restored using '.NETFramework,Version=v4.6.1, .NETFramework,Version=v4.6.2, .NETFramework,Version=v4.7, .NETFramework,Version=v4.7.1, .NETFramework,Version=v4.7.2, .NETFramework,Version=v4.8, .NETFramework,Version=v4.8.1' instead of the project target framework 'net8.0'. This package may not be fully compatible with your project.
C:\Users\ultra\warewolf\Dev\Dev2.Infrastructure.Tests\Dev2.Infrastructure.Tests.csproj : warning NU1701: Package 'Prism.Wpf 9.0.537' was restored using '.NETFramework,Version=v4.6.1, .NETFramework,Version=v4.6.2, .NETFramework,Version=v4.7, .NETFramework,Version=v4.7.1, .NETFramework,Version=v4.7.2, .NETFramework,Version=v4.8, .NETFramework,Version=v4.8.1' instead of the project target framework 'net8.0'. This package may not be fully compatible with your project.
C:\Users\ultra\warewolf\Dev\Dev2.Infrastructure.Tests\Dev2.Infrastructure.Tests.csproj : warning NU1701: Package 'ReactiveUI.WPF 18.4.1' was restored using '.NETFramework,Version=v4.6.1, .NETFramework,Version=v4.6.2, .NETFramework,Version=v4.7, .NETFramework,Version=v4.7.1, .NETFramework,Version=v4.7.2, .NETFramework,Version=v4.8, .NETFramework,Version=v4.8.1' instead of the project target framework 'net8.0'. This package may not be fully compatible with your project.
C:\Users\ultra\warewolf\Dev\Dev2.Infrastructure.Tests\Dev2.Infrastructure.Tests.csproj : warning NU1701: Package 'TaskSchedulerEditor 2.10.1' was restored using '.NETFramework,Version=v4.6.1, .NETFramework,Version=v4.6.2, .NETFramework,Version=v4.7, .NETFramework,Version=v4.7.1, .NETFramework,Version=v4.7.2, .NETFramework,Version=v4.8, .NETFramework,Version=v4.8.1' instead of the project target framework 'net8.0'. This package may not be fully compatible with your project.
C:\Users\ultra\warewolf\Dev\Warewolf.HangfireServer\Warewolf.HangfireServer.csproj : warning NU1903: Package 'Microsoft.Windows.Compatibility' 6.0.0 has a known high severity vulnerability, https://github.com/advisories/GHSA-555c-2p6r-68mm
C:\Users\ultra\warewolf\Dev\Warewolf.HangfireServer\Warewolf.HangfireServer.csproj : warning NU1701: Package 'AeroWizard 2.3.1' was restored using '.NETFramework,Version=v4.6.1, .NETFramework,Version=v4.6.2, .NETFramework,Version=v4.7, .NETFramework,Version=v4.7.1, .NETFramework,Version=v4.7.2, .NETFramework,Version=v4.8, .NETFramework,Version=v4.8.1' instead of the project target framework 'net8.0'. This package may not be fully compatible with your project.
C:\Users\ultra\warewolf\Dev\Warewolf.HangfireServer\Warewolf.HangfireServer.csproj : warning NU1701: Package 'GroupControls 1.9.0' was restored using '.NETFramework,Version=v4.6.1, .NETFramework,Version=v4.6.2, .NETFramework,Version=v4.7, .NETFramework,Version=v4.7.1, .NETFramework,Version=v4.7.2, .NETFramework,Version=v4.8, .NETFramework,Version=v4.8.1' instead of the project target framework 'net8.0'. This package may not be fully compatible with your project.
C:\Users\ultra\warewolf\Dev\Warewolf.HangfireServer\Warewolf.HangfireServer.csproj : warning NU1701: Package 'ReactiveUI.WPF 18.4.1' was restored using '.NETFramework,Version=v4.6.1, .NETFramework,Version=v4.6.2, .NETFramework,Version=v4.7, .NETFramework,Version=v4.7.1, .NETFramework,Version=v4.7.2, .NETFramework,Version=v4.8, .NETFramework,Version=v4.8.1' instead of the project target framework 'net8.0'. This package may not be fully compatible with your project.
C:\Users\ultra\warewolf\Dev\Warewolf.HangfireServer\Warewolf.HangfireServer.csproj : warning NU1701: Package 'TaskSchedulerEditor 2.10.1' was restored using '.NETFramework,Version=v4.6.1, .NETFramework,Version=v4.6.2, .NETFramework,Version=v4.7, .NETFramework,Version=v4.7.1, .NETFramework,Version=v4.7.2, .NETFramework,Version=v4.8, .NETFramework,Version=v4.8.1' instead of the project target framework 'net8.0'. This package may not be fully compatible with your project.
C:\Users\ultra\warewolf\Dev\Dev2.Runtime.Configuration.Tests\Dev2.Runtime.Configuration.Tests.csproj : warning NU1701: Package 'AeroWizard 2.3.1' was restored using '.NETFramework,Version=v4.6.1, .NETFramework,Version=v4.6.2, .NETFramework,Version=v4.7, .NETFramework,Version=v4.7.1, .NETFramework,Version=v4.7.2, .NETFramework,Version=v4.8, .NETFramework,Version=v4.8.1' instead of the project target framework 'net8.0'. This package may not be fully compatible with your project.
C:\Users\ultra\warewolf\Dev\Dev2.Runtime.Configuration.Tests\Dev2.Runtime.Configuration.Tests.csproj : warning NU1701: Package 'GroupControls 1.9.0' was restored using '.NETFramework,Version=v4.6.1, .NETFramework,Version=v4.6.2, .NETFramework,Version=v4.7, .NETFramework,Version=v4.7.1, .NETFramework,Version=v4.7.2, .NETFramework,Version=v4.8, .NETFramework,Version=v4.8.1' instead of the project target framework 'net8.0'. This package may not be fully compatible with your project.
C:\Users\ultra\warewolf\Dev\Dev2.Runtime.Configuration.Tests\Dev2.Runtime.Configuration.Tests.csproj : warning NU1701: Package 'TaskSchedulerEditor 2.10.1' was restored using '.NETFramework,Version=v4.6.1, .NETFramework,Version=v4.6.2, .NETFramework,Version=v4.7, .NETFramework,Version=v4.7.1, .NETFramework,Version=v4.7.2, .NETFramework,Version=v4.8, .NETFramework,Version=v4.8.1' instead of the project target framework 'net8.0'. This package may not be fully compatible with your project.
C:\Users\ultra\warewolf\Dev\Dev2.Util\Dev2.Util.csproj : warning NU1903: Package 'Microsoft.Windows.Compatibility' 6.0.0 has a known high severity vulnerability, https://github.com/advisories/GHSA-555c-2p6r-68mm
C:\Users\ultra\warewolf\Dev\Dev2.Util\Dev2.Util.csproj : warning NU1701: Package 'AeroWizard 2.3.1' was restored using '.NETFramework,Version=v4.6.1, .NETFramework,Version=v4.6.2, .NETFramework,Version=v4.7, .NETFramework,Version=v4.7.1, .NETFramework,Version=v4.7.2, .NETFramework,Version=v4.8, .NETFramework,Version=v4.8.1' instead of the project target framework 'net8.0'. This package may not be fully compatible with your project.
C:\Users\ultra\warewolf\Dev\Dev2.Util\Dev2.Util.csproj : warning NU1701: Package 'GroupControls 1.9.0' was restored using '.NETFramework,Version=v4.6.1, .NETFramework,Version=v4.6.2, .NETFramework,Version=v4.7, .NETFramework,Version=v4.7.1, .NETFramework,Version=v4.7.2, .NETFramework,Version=v4.8, .NETFramework,Version=v4.8.1' instead of the project target framework 'net8.0'. This package may not be fully compatible with your project.
C:\Users\ultra\warewolf\Dev\Dev2.Util\Dev2.Util.csproj : warning NU1701: Package 'TaskSchedulerEditor 2.10.1' was restored using '.NETFramework,Version=v4.6.1, .NETFramework,Version=v4.6.2, .NETFramework,Version=v4.7, .NETFramework,Version=v4.7.1, .NETFramework,Version=v4.7.2, .NETFramework,Version=v4.8, .NETFramework,Version=v4.8.1' instead of the project target framework 'net8.0'. This package may not be fully compatible with your project.
C:\Users\ultra\warewolf\Dev\Warewolf.Security\Warewolf.Security.csproj : warning NU1904: Package 'System.Drawing.Common' 4.5.1 has a known critical severity vulnerability, https://github.com/advisories/GHSA-rxg9-xrhp-64gj
C:\Users\ultra\warewolf\Dev\Warewolf.PerfMon\Warewolf.PerfMon.csproj : warning NU1701: Package 'AeroWizard 2.3.1' was restored using '.NETFramework,Version=v4.6.1, .NETFramework,Version=v4.6.2, .NETFramework,Version=v4.7, .NETFramework,Version=v4.7.1, .NETFramework,Version=v4.7.2, .NETFramework,Version=v4.8, .NETFramework,Version=v4.8.1' instead of the project target framework 'net8.0'. This package may not be fully compatible with your project.
C:\Users\ultra\warewolf\Dev\Warewolf.PerfMon\Warewolf.PerfMon.csproj : warning NU1701: Package 'GroupControls 1.9.0' was restored using '.NETFramework,Version=v4.6.1, .NETFramework,Version=v4.6.2, .NETFramework,Version=v4.7, .NETFramework,Version=v4.7.1, .NETFramework,Version=v4.7.2, .NETFramework,Version=v4.8, .NETFramework,Version=v4.8.1' instead of the project target framework 'net8.0'. This package may not be fully compatible with your project.
C:\Users\ultra\warewolf\Dev\Warewolf.PerfMon\Warewolf.PerfMon.csproj : warning NU1701: Package 'ReactiveUI.WPF 18.4.1' was restored using '.NETFramework,Version=v4.6.1, .NETFramework,Version=v4.6.2, .NETFramework,Version=v4.7, .NETFramework,Version=v4.7.1, .NETFramework,Version=v4.7.2, .NETFramework,Version=v4.8, .NETFramework,Version=v4.8.1' instead of the project target framework 'net8.0'. This package may not be fully compatible with your project.
C:\Users\ultra\warewolf\Dev\Warewolf.PerfMon\Warewolf.PerfMon.csproj : warning NU1701: Package 'TaskSchedulerEditor 2.10.1' was restored using '.NETFramework,Version=v4.6.1, .NETFramework,Version=v4.6.2, .NETFramework,Version=v4.7, .NETFramework,Version=v4.7.1, .NETFramework,Version=v4.7.2, .NETFramework,Version=v4.8, .NETFramework,Version=v4.8.1' instead of the project target framework 'net8.0'. This package may not be fully compatible with your project.
  Warewolf.Studio.Resources -> C:\Users\ultra\warewolf\Dev\Warewolf.Studio.Resources\bin\Debug\net8.0\Warewolf.Studio.Resources.dll
C:\Users\ultra\warewolf\Dev\Warewolf.Interfaces\Data\ChatbotSettingsData.cs(20,23): warning CS0169: The field 'ChatbotSettingsData._encryptDataSource' is never used [C:\Users\ultra\warewolf\Dev\Warewolf.Interfaces\Warewolf.Interfaces.csproj]
C:\Users\ultra\warewolf\Dev\Warewolf.Interfaces\Auditing\SerializableException.cs(15,7): warning CS0414: The field 'SerializableException.HResult' is assigned but its value is never used [C:\Users\ultra\warewolf\Dev\Warewolf.Interfaces\Warewolf.Interfaces.csproj]
  Warewolf.Interfaces -> C:\Users\ultra\warewolf\Dev\Warewolf.Interfaces\bin\Debug\net8.0\Warewolf.Interfaces.dll
C:\Users\ultra\warewolf\Dev\Warewolf.Exchange.Email.Wrapper\Warewolf.Exchange.Email.Wrapper.csproj : warning NU1701: Package 'AeroWizard 2.3.1' was restored using '.NETFramework,Version=v4.6.1, .NETFramework,Version=v4.6.2, .NETFramework,Version=v4.7, .NETFramework,Version=v4.7.1, .NETFramework,Version=v4.7.2, .NETFramework,Version=v4.8, .NETFramework,Version=v4.8.1' instead of the project target framework 'net8.0'. This package may not be fully compatible with your project.
C:\Users\ultra\warewolf\Dev\Warewolf.Exchange.Email.Wrapper\Warewolf.Exchange.Email.Wrapper.csproj : warning NU1701: Package 'GroupControls 1.9.0' was restored using '.NETFramework,Version=v4.6.1, .NETFramework,Version=v4.6.2, .NETFramework,Version=v4.7, .NETFramework,Version=v4.7.1, .NETFramework,Version=v4.7.2, .NETFramework,Version=v4.8, .NETFramework,Version=v4.8.1' instead of the project target framework 'net8.0'. This package may not be fully compatible with your project.
C:\Users\ultra\warewolf\Dev\Warewolf.Exchange.Email.Wrapper\Warewolf.Exchange.Email.Wrapper.csproj : warning NU1701: Package 'ReactiveUI.WPF 18.4.1' was restored using '.NETFramework,Version=v4.6.1, .NETFramework,Version=v4.6.2, .NETFramework,Version=v4.7, .NETFramework,Version=v4.7.1, .NETFramework,Version=v4.7.2, .NETFramework,Version=v4.8, .NETFramework,Version=v4.8.1' instead of the project target framework 'net8.0'. This package may not be fully compatible with your project.
C:\Users\ultra\warewolf\Dev\Warewolf.Exchange.Email.Wrapper\Warewolf.Exchange.Email.Wrapper.csproj : warning NU1701: Package 'TaskSchedulerEditor 2.10.1' was restored using '.NETFramework,Version=v4.6.1, .NETFramework,Version=v4.6.2, .NETFramework,Version=v4.7, .NETFramework,Version=v4.7.1, .NETFramework,Version=v4.7.2, .NETFramework,Version=v4.8, .NETFramework,Version=v4.8.1' instead of the project target framework 'net8.0'. This package may not be fully compatible with your project.
  Dev2.Net6.Compatibility -> C:\Users\ultra\warewolf\Dev\Dev2.Net6.Compatibility\bin\Debug\net8.0\Dev2.Net6.Compatibility.dll
C:\Users\ultra\warewolf\Dev\Warewolf.Data\Warewolf.Data.csproj : warning NU1701: Package 'AeroWizard 2.3.1' was restored using '.NETFramework,Version=v4.6.1, .NETFramework,Version=v4.6.2, .NETFramework,Version=v4.7, .NETFramework,Version=v4.7.1, .NETFramework,Version=v4.7.2, .NETFramework,Version=v4.8, .NETFramework,Version=v4.8.1' instead of the project target framework 'net8.0'. This package may not be fully compatible with your project.
C:\Users\ultra\warewolf\Dev\Warewolf.Data\Warewolf.Data.csproj : warning NU1701: Package 'GroupControls 1.9.0' was restored using '.NETFramework,Version=v4.6.1, .NETFramework,Version=v4.6.2, .NETFramework,Version=v4.7, .NETFramework,Version=v4.7.1, .NETFramework,Version=v4.7.2, .NETFramework,Version=v4.8, .NETFramework,Version=v4.8.1' instead of the project target framework 'net8.0'. This package may not be fully compatible with your project.
C:\Users\ultra\warewolf\Dev\Warewolf.Data\Warewolf.Data.csproj : warning NU1701: Package 'TaskSchedulerEditor 2.10.1' was restored using '.NETFramework,Version=v4.6.1, .NETFramework,Version=v4.6.2, .NETFramework,Version=v4.7, .NETFramework,Version=v4.7.1, .NETFramework,Version=v4.7.2, .NETFramework,Version=v4.8, .NETFramework,Version=v4.8.1' instead of the project target framework 'net8.0'. This package may not be fully compatible with your project.
C:\Users\ultra\warewolf\Dev\Warewolf.Common.NetStandard20\Warewolf.Common.NetStandard20.csproj : warning NU1701: Package 'AeroWizard 2.3.1' was restored using '.NETFramework,Version=v4.6.1, .NETFramework,Version=v4.6.2, .NETFramework,Version=v4.7, .NETFramework,Version=v4.7.1, .NETFramework,Version=v4.7.2, .NETFramework,Version=v4.8, .NETFramework,Version=v4.8.1' instead of the project target framework 'net8.0'. This package may not be fully compatible with your project.
C:\Users\ultra\warewolf\Dev\Warewolf.Common.NetStandard20\Warewolf.Common.NetStandard20.csproj : warning NU1701: Package 'GroupControls 1.9.0' was restored using '.NETFramework,Version=v4.6.1, .NETFramework,Version=v4.6.2, .NETFramework,Version=v4.7, .NETFramework,Version=v4.7.1, .NETFramework,Version=v4.7.2, .NETFramework,Version=v4.8, .NETFramework,Version=v4.8.1' instead of the project target framework 'net8.0'. This package may not be fully compatible with your project.
C:\Users\ultra\warewolf\Dev\Warewolf.Common.NetStandard20\Warewolf.Common.NetStandard20.csproj : warning NU1701: Package 'ReactiveUI.WPF 18.4.1' was restored using '.NETFramework,Version=v4.6.1, .NETFramework,Version=v4.6.2, .NETFramework,Version=v4.7, .NETFramework,Version=v4.7.1, .NETFramework,Version=v4.7.2, .NETFramework,Version=v4.8, .NETFramework,Version=v4.8.1' instead of the project target framework 'net8.0'. This package may not be fully compatible with your project.
C:\Users\ultra\warewolf\Dev\Warewolf.Common.NetStandard20\Warewolf.Common.NetStandard20.csproj : warning NU1701: Package 'TaskSchedulerEditor 2.10.1' was restored using '.NETFramework,Version=v4.6.1, .NETFramework,Version=v4.6.2, .NETFramework,Version=v4.7, .NETFramework,Version=v4.7.1, .NETFramework,Version=v4.7.2, .NETFramework,Version=v4.8, .NETFramework,Version=v4.8.1' instead of the project target framework 'net8.0'. This package may not be fully compatible with your project.
C:\Users\ultra\warewolf\Dev\Dev2.Intellisense\Dev2.Intellisense.csproj : warning NU1701: Package 'AeroWizard 2.3.1' was restored using '.NETFramework,Version=v4.6.1, .NETFramework,Version=v4.6.2, .NETFramework,Version=v4.7, .NETFramework,Version=v4.7.1, .NETFramework,Version=v4.7.2, .NETFramework,Version=v4.8, .NETFramework,Version=v4.8.1' instead of the project target framework 'net8.0'. This package may not be fully compatible with your project.
C:\Users\ultra\warewolf\Dev\Dev2.Intellisense\Dev2.Intellisense.csproj : warning NU1701: Package 'GroupControls 1.9.0' was restored using '.NETFramework,Version=v4.6.1, .NETFramework,Version=v4.6.2, .NETFramework,Version=v4.7, .NETFramework,Version=v4.7.1, .NETFramework,Version=v4.7.2, .NETFramework,Version=v4.8, .NETFramework,Version=v4.8.1' instead of the project target framework 'net8.0'. This package may not be fully compatible with your project.
C:\Users\ultra\warewolf\Dev\Dev2.Intellisense\Dev2.Intellisense.csproj : warning NU1701: Package 'Microsoft.Xaml.Behaviors.Wpf 1.1.122' was restored using '.NETFramework,Version=v4.6.1, .NETFramework,Version=v4.6.2, .NETFramework,Version=v4.7, .NETFramework,Version=v4.7.1, .NETFramework,Version=v4.7.2, .NETFramework,Version=v4.8, .NETFramework,Version=v4.8.1' instead of the project target framework 'net8.0'. This package may not be fully compatible with your project.
C:\Users\ultra\warewolf\Dev\Dev2.Intellisense\Dev2.Intellisense.csproj : warning NU1701: Package 'Prism.Wpf 9.0.537' was restored using '.NETFramework,Version=v4.6.1, .NETFramework,Version=v4.6.2, .NETFramework,Version=v4.7, .NETFramework,Version=v4.7.1, .NETFramework,Version=v4.7.2, .NETFramework,Version=v4.8, .NETFramework,Version=v4.8.1' instead of the project target framework 'net8.0'. This package may not be fully compatible with your project.
C:\Users\ultra\warewolf\Dev\Dev2.Intellisense\Dev2.Intellisense.csproj : warning NU1701: Package 'ReactiveUI.WPF 18.4.1' was restored using '.NETFramework,Version=v4.6.1, .NETFramework,Version=v4.6.2, .NETFramework,Version=v4.7, .NETFramework,Version=v4.7.1, .NETFramework,Version=v4.7.2, .NETFramework,Version=v4.8, .NETFramework,Version=v4.8.1' instead of the project target framework 'net8.0'. This package may not be fully compatible with your project.
C:\Users\ultra\warewolf\Dev\Dev2.Intellisense\Dev2.Intellisense.csproj : warning NU1701: Package 'TaskSchedulerEditor 2.10.1' was restored using '.NETFramework,Version=v4.6.1, .NETFramework,Version=v4.6.2, .NETFramework,Version=v4.7, .NETFramework,Version=v4.7.1, .NETFramework,Version=v4.7.2, .NETFramework,Version=v4.8, .NETFramework,Version=v4.8.1' instead of the project target framework 'net8.0'. This package may not be fully compatible with your project.
C:\Users\ultra\warewolf\Dev\Dev2.Server\Dev2.Server.csproj : warning NU1903: Package 'Oracle.ManagedDataAccess.Core' 3.21.70 has a known high severity vulnerability, https://github.com/advisories/GHSA-5pm2-9mr2-3frq
C:\Users\ultra\warewolf\Dev\Dev2.Server\Dev2.Server.csproj : warning NU1701: Package 'AeroWizard 2.3.1' was restored using '.NETFramework,Version=v4.6.1, .NETFramework,Version=v4.6.2, .NETFramework,Version=v4.7, .NETFramework,Version=v4.7.1, .NETFramework,Version=v4.7.2, .NETFramework,Version=v4.8, .NETFramework,Version=v4.8.1' instead of the project target framework 'net8.0'. This package may not be fully compatible with your project.
C:\Users\ultra\warewolf\Dev\Dev2.Server\Dev2.Server.csproj : warning NU1701: Package 'GroupControls 1.9.0' was restored using '.NETFramework,Version=v4.6.1, .NETFramework,Version=v4.6.2, .NETFramework,Version=v4.7, .NETFramework,Version=v4.7.1, .NETFramework,Version=v4.7.2, .NETFramework,Version=v4.8, .NETFramework,Version=v4.8.1' instead of the project target framework 'net8.0'. This package may not be fully compatible with your project.
C:\Users\ultra\warewolf\Dev\Dev2.Server\Dev2.Server.csproj : warning NU1701: Package 'Microsoft.Xaml.Behaviors.Wpf 1.1.122' was restored using '.NETFramework,Version=v4.6.1, .NETFramework,Version=v4.6.2, .NETFramework,Version=v4.7, .NETFramework,Version=v4.7.1, .NETFramework,Version=v4.7.2, .NETFramework,Version=v4.8, .NETFramework,Version=v4.8.1' instead of the project target framework 'net8.0'. This package may not be fully compatible with your project.
C:\Users\ultra\warewolf\Dev\Dev2.Server\Dev2.Server.csproj : warning NU1701: Package 'Prism.Wpf 9.0.537' was restored using '.NETFramework,Version=v4.6.1, .NETFramework,Version=v4.6.2, .NETFramework,Version=v4.7, .NETFramework,Version=v4.7.1, .NETFramework,Version=v4.7.2, .NETFramework,Version=v4.8, .NETFramework,Version=v4.8.1' instead of the project target framework 'net8.0'. This package may not be fully compatible with your project.
C:\Users\ultra\warewolf\Dev\Dev2.Server\Dev2.Server.csproj : warning NU1701: Package 'ReactiveUI.WPF 18.4.1' was restored using '.NETFramework,Version=v4.6.1, .NETFramework,Version=v4.6.2, .NETFramework,Version=v4.7, .NETFramework,Version=v4.7.1, .NETFramework,Version=v4.7.2, .NETFramework,Version=v4.8, .NETFramework,Version=v4.8.1' instead of the project target framework 'net8.0'. This package may not be fully compatible with your project.
C:\Users\ultra\warewolf\Dev\Dev2.Server\Dev2.Server.csproj : warning NU1701: Package 'TaskSchedulerEditor 2.10.1' was restored using '.NETFramework,Version=v4.6.1, .NETFramework,Version=v4.6.2, .NETFramework,Version=v4.7, .NETFramework,Version=v4.7.1, .NETFramework,Version=v4.7.2, .NETFramework,Version=v4.8, .NETFramework,Version=v4.8.1' instead of the project target framework 'net8.0'. This package may not be fully compatible with your project.
  Consider app.config remapping of assembly "System.Runtime.CompilerServices.Unsafe, Culture=neutral, PublicKeyToken=b03f5f7f11d50a3a" from Version "6.0.0.0" [] to Version "8.0.0.0" [C:\Program Files\dotnet\packs\Microsoft.NETCore.App.Ref\8.0.25\ref\net8.0\System.Runtime.CompilerServices.Unsafe.dll] to solve conflict and get rid of warning.
  Dev2.UnitTestUtils -> C:\Users\ultra\warewolf\Dev\Dev2.UnitTestUtils\bin\Debug\net8.0\Dev2.UnitTestUtils.dll
  Dev2.Sql -> C:\Users\ultra\warewolf\Dev\Dev2.Sql\bin\Debug\net8.0\Warewolf.Sql.dll
C:\Users\ultra\warewolf\Dev\Dev2.Diagnostics.Tests\Dev2.Diagnostics.Tests.csproj : warning NU1701: Package 'AeroWizard 2.3.1' was restored using '.NETFramework,Version=v4.6.1, .NETFramework,Version=v4.6.2, .NETFramework,Version=v4.7, .NETFramework,Version=v4.7.1, .NETFramework,Version=v4.7.2, .NETFramework,Version=v4.8, .NETFramework,Version=v4.8.1' instead of the project target framework 'net8.0'. This package may not be fully compatible with your project.
C:\Users\ultra\warewolf\Dev\Dev2.Diagnostics.Tests\Dev2.Diagnostics.Tests.csproj : warning NU1701: Package 'GroupControls 1.9.0' was restored using '.NETFramework,Version=v4.6.1, .NETFramework,Version=v4.6.2, .NETFramework,Version=v4.7, .NETFramework,Version=v4.7.1, .NETFramework,Version=v4.7.2, .NETFramework,Version=v4.8, .NETFramework,Version=v4.8.1' instead of the project target framework 'net8.0'. This package may not be fully compatible with your project.
C:\Users\ultra\warewolf\Dev\Dev2.Diagnostics.Tests\Dev2.Diagnostics.Tests.csproj : warning NU1701: Package 'Microsoft.Xaml.Behaviors.Wpf 1.1.122' was restored using '.NETFramework,Version=v4.6.1, .NETFramework,Version=v4.6.2, .NETFramework,Version=v4.7, .NETFramework,Version=v4.7.1, .NETFramework,Version=v4.7.2, .NETFramework,Version=v4.8, .NETFramework,Version=v4.8.1' instead of the project target framework 'net8.0'. This package may not be fully compatible with your project.
C:\Users\ultra\warewolf\Dev\Dev2.Diagnostics.Tests\Dev2.Diagnostics.Tests.csproj : warning NU1701: Package 'Prism.Wpf 9.0.537' was restored using '.NETFramework,Version=v4.6.1, .NETFramework,Version=v4.6.2, .NETFramework,Version=v4.7, .NETFramework,Version=v4.7.1, .NETFramework,Version=v4.7.2, .NETFramework,Version=v4.8, .NETFramework,Version=v4.8.1' instead of the project target framework 'net8.0'. This package may not be fully compatible with your project.
C:\Users\ultra\warewolf\Dev\Dev2.Diagnostics.Tests\Dev2.Diagnostics.Tests.csproj : warning NU1701: Package 'ReactiveUI.WPF 18.4.1' was restored using '.NETFramework,Version=v4.6.1, .NETFramework,Version=v4.6.2, .NETFramework,Version=v4.7, .NETFramework,Version=v4.7.1, .NETFramework,Version=v4.7.2, .NETFramework,Version=v4.8, .NETFramework,Version=v4.8.1' instead of the project target framework 'net8.0'. This package may not be fully compatible with your project.
C:\Users\ultra\warewolf\Dev\Dev2.Diagnostics.Tests\Dev2.Diagnostics.Tests.csproj : warning NU1701: Package 'TaskSchedulerEditor 2.10.1' was restored using '.NETFramework,Version=v4.6.1, .NETFramework,Version=v4.6.2, .NETFramework,Version=v4.7, .NETFramework,Version=v4.7.1, .NETFramework,Version=v4.7.2, .NETFramework,Version=v4.8, .NETFramework,Version=v4.8.1' instead of the project target framework 'net8.0'. This package may not be fully compatible with your project.
  Dev2.SignalR.Wrappers.Interfaces -> C:\Users\ultra\warewolf\Dev\Dev2.SignalR.Wrappers\bin\Debug\net8.0\Dev2.SignalR.Wrappers.dll
C:\Users\ultra\warewolf\Dev\Dev2.Studio.Core\Dev2.Studio.Core.csproj : warning NU1701: Package 'AeroWizard 2.3.1' was restored using '.NETFramework,Version=v4.6.1, .NETFramework,Version=v4.6.2, .NETFramework,Version=v4.7, .NETFramework,Version=v4.7.1, .NETFramework,Version=v4.7.2, .NETFramework,Version=v4.8, .NETFramework,Version=v4.8.1' instead of the project target framework 'net8.0'. This package may not be fully compatible with your project.
C:\Users\ultra\warewolf\Dev\Dev2.Studio.Core\Dev2.Studio.Core.csproj : warning NU1701: Package 'GroupControls 1.9.0' was restored using '.NETFramework,Version=v4.6.1, .NETFramework,Version=v4.6.2, .NETFramework,Version=v4.7, .NETFramework,Version=v4.7.1, .NETFramework,Version=v4.7.2, .NETFramework,Version=v4.8, .NETFramework,Version=v4.8.1' instead of the project target framework 'net8.0'. This package may not be fully compatible with your project.
C:\Users\ultra\warewolf\Dev\Dev2.Studio.Core\Dev2.Studio.Core.csproj : warning NU1701: Package 'Microsoft.Xaml.Behaviors.Wpf 1.1.122' was restored using '.NETFramework,Version=v4.6.1, .NETFramework,Version=v4.6.2, .NETFramework,Version=v4.7, .NETFramework,Version=v4.7.1, .NETFramework,Version=v4.7.2, .NETFramework,Version=v4.8, .NETFramework,Version=v4.8.1' instead of the project target framework 'net8.0'. This package may not be fully compatible with your project.
C:\Users\ultra\warewolf\Dev\Dev2.Studio.Core\Dev2.Studio.Core.csproj : warning NU1701: Package 'Prism.Wpf 9.0.537' was restored using '.NETFramework,Version=v4.6.1, .NETFramework,Version=v4.6.2, .NETFramework,Version=v4.7, .NETFramework,Version=v4.7.1, .NETFramework,Version=v4.7.2, .NETFramework,Version=v4.8, .NETFramework,Version=v4.8.1' instead of the project target framework 'net8.0'. This package may not be fully compatible with your project.
C:\Users\ultra\warewolf\Dev\Dev2.Studio.Core\Dev2.Studio.Core.csproj : warning NU1701: Package 'ReactiveUI.WPF 18.4.1' was restored using '.NETFramework,Version=v4.6.1, .NETFramework,Version=v4.6.2, .NETFramework,Version=v4.7, .NETFramework,Version=v4.7.1, .NETFramework,Version=v4.7.2, .NETFramework,Version=v4.8, .NETFramework,Version=v4.8.1' instead of the project target framework 'net8.0'. This package may not be fully compatible with your project.
C:\Users\ultra\warewolf\Dev\Dev2.Studio.Core\Dev2.Studio.Core.csproj : warning NU1701: Package 'TaskSchedulerEditor 2.10.1' was restored using '.NETFramework,Version=v4.6.1, .NETFramework,Version=v4.6.2, .NETFramework,Version=v4.7, .NETFramework,Version=v4.7.1, .NETFramework,Version=v4.7.2, .NETFramework,Version=v4.8, .NETFramework,Version=v4.8.1' instead of the project target framework 'net8.0'. This package may not be fully compatible with your project.
C:\Users\ultra\warewolf\Dev\Warewolf.Security\Encryption\AESThenHMAC.cs(168,34): warning SYSLIB0021: 'AesManaged' is obsolete: 'Derived cryptographic types are obsolete. Use the Create method on the base type instead.' (https://aka.ms/dotnet-warnings/SYSLIB0021) [C:\Users\ultra\warewolf\Dev\Warewolf.Security\Warewolf.Security.csproj]
C:\Users\ultra\warewolf\Dev\Warewolf.Security\Encryption\AESThenHMAC.cs(264,38): warning SYSLIB0021: 'AesManaged' is obsolete: 'Derived cryptographic types are obsolete. Use the Create method on the base type instead.' (https://aka.ms/dotnet-warnings/SYSLIB0021) [C:\Users\ultra\warewolf\Dev\Warewolf.Security\Warewolf.Security.csproj]
C:\Users\ultra\warewolf\Dev\Warewolf.Security\Encryption\AESThenHMAC.cs(331,36): warning SYSLIB0041: 'Rfc2898DeriveBytes.Rfc2898DeriveBytes(string, int, int)' is obsolete: 'The default hash algorithm and iteration counts in Rfc2898DeriveBytes constructors are outdated and insecure. Use a constructor that accepts the hash algorithm and the number of iterations.' (https://aka.ms/dotnet-warnings/SYSLIB0041) [C:\Users\ultra\warewolf\Dev\Warewolf.Security\Warewolf.Security.csproj]
C:\Users\ultra\warewolf\Dev\Warewolf.Security\Encryption\AESThenHMAC.cs(345,36): warning SYSLIB0041: 'Rfc2898DeriveBytes.Rfc2898DeriveBytes(string, int, int)' is obsolete: 'The default hash algorithm and iteration counts in Rfc2898DeriveBytes constructors are outdated and insecure. Use a constructor that accepts the hash algorithm and the number of iterations.' (https://aka.ms/dotnet-warnings/SYSLIB0041) [C:\Users\ultra\warewolf\Dev\Warewolf.Security\Warewolf.Security.csproj]
C:\Users\ultra\warewolf\Dev\Warewolf.Security\Encryption\AESThenHMAC.cs(393,36): warning SYSLIB0041: 'Rfc2898DeriveBytes.Rfc2898DeriveBytes(string, byte[], int)' is obsolete: 'The default hash algorithm and iteration counts in Rfc2898DeriveBytes constructors are outdated and insecure. Use a constructor that accepts the hash algorithm and the number of iterations.' (https://aka.ms/dotnet-warnings/SYSLIB0041) [C:\Users\ultra\warewolf\Dev\Warewolf.Security\Warewolf.Security.csproj]
C:\Users\ultra\warewolf\Dev\Warewolf.Security\Encryption\AESThenHMAC.cs(398,36): warning SYSLIB0041: 'Rfc2898DeriveBytes.Rfc2898DeriveBytes(string, byte[], int)' is obsolete: 'The default hash algorithm and iteration counts in Rfc2898DeriveBytes constructors are outdated and insecure. Use a constructor that accepts the hash algorithm and the number of iterations.' (https://aka.ms/dotnet-warnings/SYSLIB0041) [C:\Users\ultra\warewolf\Dev\Warewolf.Security\Warewolf.Security.csproj]
  Warewolf.Security -> C:\Users\ultra\warewolf\Dev\Warewolf.Security\bin\Debug\net8.0\Warewolf.Security.dll
C:\Program Files\dotnet\sdk\10.0.201\Sdks\Microsoft.NET.Sdk\targets\Microsoft.NET.Sdk.DefaultItems.targets(162,5): warning NETSDK1137: It is no longer necessary to use the Microsoft.NET.Sdk.WindowsDesktop SDK. Consider changing the Sdk attribute of the root Project element to 'Microsoft.NET.Sdk'. [C:\Users\ultra\warewolf\Dev\Warewolf.Studio.Core\Warewolf.Studio.Core.csproj]
C:\Program Files\dotnet\sdk\10.0.201\Sdks\Microsoft.NET.Sdk.WindowsDesktop\targets\Microsoft.NET.Sdk.WindowsDesktop.targets(138,5): warning NETSDK1106: Microsoft.NET.Sdk.WindowsDesktop requires 'UseWpf' or 'UseWindowsForms' to be set to 'true' [C:\Users\ultra\warewolf\Dev\Warewolf.Studio.Core\Warewolf.Studio.Core.csproj]
C:\Users\ultra\warewolf\Dev\Warewolf.Studio.Core\Warewolf.Studio.Core.csproj : warning NU1701: Package 'AeroWizard 2.3.1' was restored using '.NETFramework,Version=v4.6.1, .NETFramework,Version=v4.6.2, .NETFramework,Version=v4.7, .NETFramework,Version=v4.7.1, .NETFramework,Version=v4.7.2, .NETFramework,Version=v4.8, .NETFramework,Version=v4.8.1' instead of the project target framework 'net8.0'. This package may not be fully compatible with your project.
C:\Users\ultra\warewolf\Dev\Warewolf.Studio.Core\Warewolf.Studio.Core.csproj : warning NU1701: Package 'GroupControls 1.9.0' was restored using '.NETFramework,Version=v4.6.1, .NETFramework,Version=v4.6.2, .NETFramework,Version=v4.7, .NETFramework,Version=v4.7.1, .NETFramework,Version=v4.7.2, .NETFramework,Version=v4.8, .NETFramework,Version=v4.8.1' instead of the project target framework 'net8.0'. This package may not be fully compatible with your project.
C:\Users\ultra\warewolf\Dev\Warewolf.Studio.Core\Warewolf.Studio.Core.csproj : warning NU1701: Package 'Microsoft.Xaml.Behaviors.Wpf 1.1.122' was restored using '.NETFramework,Version=v4.6.1, .NETFramework,Version=v4.6.2, .NETFramework,Version=v4.7, .NETFramework,Version=v4.7.1, .NETFramework,Version=v4.7.2, .NETFramework,Version=v4.8, .NETFramework,Version=v4.8.1' instead of the project target framework 'net8.0'. This package may not be fully compatible with your project.
C:\Users\ultra\warewolf\Dev\Warewolf.Studio.Core\Warewolf.Studio.Core.csproj : warning NU1701: Package 'Prism.Wpf 9.0.537' was restored using '.NETFramework,Version=v4.6.1, .NETFramework,Version=v4.6.2, .NETFramework,Version=v4.7, .NETFramework,Version=v4.7.1, .NETFramework,Version=v4.7.2, .NETFramework,Version=v4.8, .NETFramework,Version=v4.8.1' instead of the project target framework 'net8.0'. This package may not be fully compatible with your project.
C:\Users\ultra\warewolf\Dev\Warewolf.Studio.Core\Warewolf.Studio.Core.csproj : warning NU1701: Package 'ReactiveUI.WPF 18.4.1' was restored using '.NETFramework,Version=v4.6.1, .NETFramework,Version=v4.6.2, .NETFramework,Version=v4.7, .NETFramework,Version=v4.7.1, .NETFramework,Version=v4.7.2, .NETFramework,Version=v4.8, .NETFramework,Version=v4.8.1' instead of the project target framework 'net8.0'. This package may not be fully compatible with your project.
C:\Users\ultra\warewolf\Dev\Warewolf.Studio.Core\Warewolf.Studio.Core.csproj : warning NU1701: Package 'TaskSchedulerEditor 2.10.1' was restored using '.NETFramework,Version=v4.6.1, .NETFramework,Version=v4.6.2, .NETFramework,Version=v4.7, .NETFramework,Version=v4.7.1, .NETFramework,Version=v4.7.2, .NETFramework,Version=v4.8, .NETFramework,Version=v4.8.1' instead of the project target framework 'net8.0'. This package may not be fully compatible with your project.
  GACManagerApi -> C:\Users\ultra\warewolf\Dev\GACManagerApi\bin\Debug\net8.0\GACManagerApi.dll
C:\Users\ultra\warewolf\Dev\Warewolf.Driver.Persistence\Warewolf.Driver.Persistence.csproj : warning NU1701: Package 'AeroWizard 2.3.1' was restored using '.NETFramework,Version=v4.6.1, .NETFramework,Version=v4.6.2, .NETFramework,Version=v4.7, .NETFramework,Version=v4.7.1, .NETFramework,Version=v4.7.2, .NETFramework,Version=v4.8, .NETFramework,Version=v4.8.1' instead of the project target framework 'net8.0'. This package may not be fully compatible with your project.
C:\Users\ultra\warewolf\Dev\Warewolf.Driver.Persistence\Warewolf.Driver.Persistence.csproj : warning NU1701: Package 'GroupControls 1.9.0' was restored using '.NETFramework,Version=v4.6.1, .NETFramework,Version=v4.6.2, .NETFramework,Version=v4.7, .NETFramework,Version=v4.7.1, .NETFramework,Version=v4.7.2, .NETFramework,Version=v4.8, .NETFramework,Version=v4.8.1' instead of the project target framework 'net8.0'. This package may not be fully compatible with your project.
C:\Users\ultra\warewolf\Dev\Warewolf.Driver.Persistence\Warewolf.Driver.Persistence.csproj : warning NU1701: Package 'ReactiveUI.WPF 18.4.1' was restored using '.NETFramework,Version=v4.6.1, .NETFramework,Version=v4.6.2, .NETFramework,Version=v4.7, .NETFramework,Version=v4.7.1, .NETFramework,Version=v4.7.2, .NETFramework,Version=v4.8, .NETFramework,Version=v4.8.1' instead of the project target framework 'net8.0'. This package may not be fully compatible with your project.
C:\Users\ultra\warewolf\Dev\Warewolf.Driver.Persistence\Warewolf.Driver.Persistence.csproj : warning NU1701: Package 'TaskSchedulerEditor 2.10.1' was restored using '.NETFramework,Version=v4.6.1, .NETFramework,Version=v4.6.2, .NETFramework,Version=v4.7, .NETFramework,Version=v4.7.1, .NETFramework,Version=v4.7.2, .NETFramework,Version=v4.8, .NETFramework,Version=v4.8.1' instead of the project target framework 'net8.0'. This package may not be fully compatible with your project.
C:\Users\ultra\warewolf\Dev\Warewolf.Trigger.Queue\Warewolf.Trigger.Queue.csproj : warning NU1701: Package 'AeroWizard 2.3.1' was restored using '.NETFramework,Version=v4.6.1, .NETFramework,Version=v4.6.2, .NETFramework,Version=v4.7, .NETFramework,Version=v4.7.1, .NETFramework,Version=v4.7.2, .NETFramework,Version=v4.8, .NETFramework,Version=v4.8.1' instead of the project target framework 'net8.0'. This package may not be fully compatible with your project.
C:\Users\ultra\warewolf\Dev\Warewolf.Trigger.Queue\Warewolf.Trigger.Queue.csproj : warning NU1701: Package 'GroupControls 1.9.0' was restored using '.NETFramework,Version=v4.6.1, .NETFramework,Version=v4.6.2, .NETFramework,Version=v4.7, .NETFramework,Version=v4.7.1, .NETFramework,Version=v4.7.2, .NETFramework,Version=v4.8, .NETFramework,Version=v4.8.1' instead of the project target framework 'net8.0'. This package may not be fully compatible with your project.
C:\Users\ultra\warewolf\Dev\Warewolf.Trigger.Queue\Warewolf.Trigger.Queue.csproj : warning NU1701: Package 'Microsoft.Xaml.Behaviors.Wpf 1.1.122' was restored using '.NETFramework,Version=v4.6.1, .NETFramework,Version=v4.6.2, .NETFramework,Version=v4.7, .NETFramework,Version=v4.7.1, .NETFramework,Version=v4.7.2, .NETFramework,Version=v4.8, .NETFramework,Version=v4.8.1' instead of the project target framework 'net8.0'. This package may not be fully compatible with your project.
C:\Users\ultra\warewolf\Dev\Warewolf.Trigger.Queue\Warewolf.Trigger.Queue.csproj : warning NU1701: Package 'Prism.Wpf 9.0.537' was restored using '.NETFramework,Version=v4.6.1, .NETFramework,Version=v4.6.2, .NETFramework,Version=v4.7, .NETFramework,Version=v4.7.1, .NETFramework,Version=v4.7.2, .NETFramework,Version=v4.8, .NETFramework,Version=v4.8.1' instead of the project target framework 'net8.0'. This package may not be fully compatible with your project.
C:\Users\ultra\warewolf\Dev\Warewolf.Trigger.Queue\Warewolf.Trigger.Queue.csproj : warning NU1701: Package 'ReactiveUI.WPF 18.4.1' was restored using '.NETFramework,Version=v4.6.1, .NETFramework,Version=v4.6.2, .NETFramework,Version=v4.7, .NETFramework,Version=v4.7.1, .NETFramework,Version=v4.7.2, .NETFramework,Version=v4.8, .NETFramework,Version=v4.8.1' instead of the project target framework 'net8.0'. This package may not be fully compatible with your project.
C:\Users\ultra\warewolf\Dev\Warewolf.Trigger.Queue\Warewolf.Trigger.Queue.csproj : warning NU1701: Package 'TaskSchedulerEditor 2.10.1' was restored using '.NETFramework,Version=v4.6.1, .NETFramework,Version=v4.6.2, .NETFramework,Version=v4.7, .NETFramework,Version=v4.7.1, .NETFramework,Version=v4.7.2, .NETFramework,Version=v4.8, .NETFramework,Version=v4.8.1' instead of the project target framework 'net8.0'. This package may not be fully compatible with your project.
  Warewolf.ServiceDefinitions -> C:\Users\ultra\warewolf\Dev\Warewolf.ServiceDefinitions\bin\Debug\net8.0\Warewolf.ServiceDefinitions.dll
  Warewolf.Weave -> C:\Users\ultra\warewolf\Dev\Warewolf.Weave\bin\Debug\net8.0\Warewolf.Weave.dll
C:\Users\ultra\warewolf\Dev\Warewolf.QueueWorker\Warewolf.QueueWorker.csproj : warning NU1701: Package 'AeroWizard 2.3.1' was restored using '.NETFramework,Version=v4.6.1, .NETFramework,Version=v4.6.2, .NETFramework,Version=v4.7, .NETFramework,Version=v4.7.1, .NETFramework,Version=v4.7.2, .NETFramework,Version=v4.8, .NETFramework,Version=v4.8.1' instead of the project target framework 'net8.0'. This package may not be fully compatible with your project.
C:\Users\ultra\warewolf\Dev\Warewolf.QueueWorker\Warewolf.QueueWorker.csproj : warning NU1701: Package 'GroupControls 1.9.0' was restored using '.NETFramework,Version=v4.6.1, .NETFramework,Version=v4.6.2, .NETFramework,Version=v4.7, .NETFramework,Version=v4.7.1, .NETFramework,Version=v4.7.2, .NETFramework,Version=v4.8, .NETFramework,Version=v4.8.1' instead of the project target framework 'net8.0'. This package may not be fully compatible with your project.
C:\Users\ultra\warewolf\Dev\Warewolf.QueueWorker\Warewolf.QueueWorker.csproj : warning NU1701: Package 'Microsoft.Xaml.Behaviors.Wpf 1.1.122' was restored using '.NETFramework,Version=v4.6.1, .NETFramework,Version=v4.6.2, .NETFramework,Version=v4.7, .NETFramework,Version=v4.7.1, .NETFramework,Version=v4.7.2, .NETFramework,Version=v4.8, .NETFramework,Version=v4.8.1' instead of the project target framework 'net8.0'. This package may not be fully compatible with your project.
C:\Users\ultra\warewolf\Dev\Warewolf.QueueWorker\Warewolf.QueueWorker.csproj : warning NU1701: Package 'Prism.Wpf 9.0.537' was restored using '.NETFramework,Version=v4.6.1, .NETFramework,Version=v4.6.2, .NETFramework,Version=v4.7, .NETFramework,Version=v4.7.1, .NETFramework,Version=v4.7.2, .NETFramework,Version=v4.8, .NETFramework,Version=v4.8.1' instead of the project target framework 'net8.0'. This package may not be fully compatible with your project.
C:\Users\ultra\warewolf\Dev\Warewolf.QueueWorker\Warewolf.QueueWorker.csproj : warning NU1701: Package 'ReactiveUI.WPF 18.4.1' was restored using '.NETFramework,Version=v4.6.1, .NETFramework,Version=v4.6.2, .NETFramework,Version=v4.7, .NETFramework,Version=v4.7.1, .NETFramework,Version=v4.7.2, .NETFramework,Version=v4.8, .NETFramework,Version=v4.8.1' instead of the project target framework 'net8.0'. This package may not be fully compatible with your project.
C:\Users\ultra\warewolf\Dev\Warewolf.QueueWorker\Warewolf.QueueWorker.csproj : warning NU1701: Package 'TaskSchedulerEditor 2.10.1' was restored using '.NETFramework,Version=v4.6.1, .NETFramework,Version=v4.6.2, .NETFramework,Version=v4.7, .NETFramework,Version=v4.7.1, .NETFramework,Version=v4.7.2, .NETFramework,Version=v4.8, .NETFramework,Version=v4.8.1' instead of the project target framework 'net8.0'. This package may not be fully compatible with your project.
  Warewolf.Driver.Redis -> C:\Users\ultra\warewolf\Dev\Warewolf.Driver.Redis\bin\Debug\net8.0\Warewolf.Driver.Redis.dll
C:\Users\ultra\warewolf\Dev\Warewolf.MergeParser.Tests\Warewolf.MergeParser.Tests.csproj : warning NU1701: Package 'AeroWizard 2.3.1' was restored using '.NETFramework,Version=v4.6.1, .NETFramework,Version=v4.6.2, .NETFramework,Version=v4.7, .NETFramework,Version=v4.7.1, .NETFramework,Version=v4.7.2, .NETFramework,Version=v4.8, .NETFramework,Version=v4.8.1' instead of the project target framework 'net8.0'. This package may not be fully compatible with your project.
C:\Users\ultra\warewolf\Dev\Warewolf.MergeParser.Tests\Warewolf.MergeParser.Tests.csproj : warning NU1701: Package 'GroupControls 1.9.0' was restored using '.NETFramework,Version=v4.6.1, .NETFramework,Version=v4.6.2, .NETFramework,Version=v4.7, .NETFramework,Version=v4.7.1, .NETFramework,Version=v4.7.2, .NETFramework,Version=v4.8, .NETFramework,Version=v4.8.1' instead of the project target framework 'net8.0'. This package may not be fully compatible with your project.
C:\Users\ultra\warewolf\Dev\Warewolf.MergeParser.Tests\Warewolf.MergeParser.Tests.csproj : warning NU1701: Package 'Microsoft.Xaml.Behaviors.Wpf 1.1.122' was restored using '.NETFramework,Version=v4.6.1, .NETFramework,Version=v4.6.2, .NETFramework,Version=v4.7, .NETFramework,Version=v4.7.1, .NETFramework,Version=v4.7.2, .NETFramework,Version=v4.8, .NETFramework,Version=v4.8.1' instead of the project target framework 'net8.0'. This package may not be fully compatible with your project.
C:\Users\ultra\warewolf\Dev\Warewolf.MergeParser.Tests\Warewolf.MergeParser.Tests.csproj : warning NU1701: Package 'Prism.Wpf 9.0.537' was restored using '.NETFramework,Version=v4.6.1, .NETFramework,Version=v4.6.2, .NETFramework,Version=v4.7, .NETFramework,Version=v4.7.1, .NETFramework,Version=v4.7.2, .NETFramework,Version=v4.8, .NETFramework,Version=v4.8.1' instead of the project target framework 'net8.0'. This package may not be fully compatible with your project.
C:\Users\ultra\warewolf\Dev\Warewolf.MergeParser.Tests\Warewolf.MergeParser.Tests.csproj : warning NU1701: Package 'ReactiveUI.WPF 18.4.1' was restored using '.NETFramework,Version=v4.6.1, .NETFramework,Version=v4.6.2, .NETFramework,Version=v4.7, .NETFramework,Version=v4.7.1, .NETFramework,Version=v4.7.2, .NETFramework,Version=v4.8, .NETFramework,Version=v4.8.1' instead of the project target framework 'net8.0'. This package may not be fully compatible with your project.
C:\Users\ultra\warewolf\Dev\Warewolf.MergeParser.Tests\Warewolf.MergeParser.Tests.csproj : warning NU1701: Package 'TaskSchedulerEditor 2.10.1' was restored using '.NETFramework,Version=v4.6.1, .NETFramework,Version=v4.6.2, .NETFramework,Version=v4.7, .NETFramework,Version=v4.7.1, .NETFramework,Version=v4.7.2, .NETFramework,Version=v4.8, .NETFramework,Version=v4.8.1' instead of the project target framework 'net8.0'. This package may not be fully compatible with your project.
C:\Users\ultra\warewolf\Dev\Warewolf.Studio.ViewModels\Warewolf.Studio.ViewModels.csproj : warning NU1701: Package 'AeroWizard 2.3.1' was restored using '.NETFramework,Version=v4.6.1, .NETFramework,Version=v4.6.2, .NETFramework,Version=v4.7, .NETFramework,Version=v4.7.1, .NETFramework,Version=v4.7.2, .NETFramework,Version=v4.8, .NETFramework,Version=v4.8.1' instead of the project target framework 'net8.0'. This package may not be fully compatible with your project.
C:\Users\ultra\warewolf\Dev\Warewolf.Studio.ViewModels\Warewolf.Studio.ViewModels.csproj : warning NU1701: Package 'GroupControls 1.9.0' was restored using '.NETFramework,Version=v4.6.1, .NETFramework,Version=v4.6.2, .NETFramework,Version=v4.7, .NETFramework,Version=v4.7.1, .NETFramework,Version=v4.7.2, .NETFramework,Version=v4.8, .NETFramework,Version=v4.8.1' instead of the project target framework 'net8.0'. This package may not be fully compatible with your project.
C:\Users\ultra\warewolf\Dev\Warewolf.Studio.ViewModels\Warewolf.Studio.ViewModels.csproj : warning NU1701: Package 'Microsoft.Xaml.Behaviors.Wpf 1.1.122' was restored using '.NETFramework,Version=v4.6.1, .NETFramework,Version=v4.6.2, .NETFramework,Version=v4.7, .NETFramework,Version=v4.7.1, .NETFramework,Version=v4.7.2, .NETFramework,Version=v4.8, .NETFramework,Version=v4.8.1' instead of the project target framework 'net8.0'. This package may not be fully compatible with your project.
C:\Users\ultra\warewolf\Dev\Warewolf.Studio.ViewModels\Warewolf.Studio.ViewModels.csproj : warning NU1701: Package 'Prism.Wpf 9.0.537' was restored using '.NETFramework,Version=v4.6.1, .NETFramework,Version=v4.6.2, .NETFramework,Version=v4.7, .NETFramework,Version=v4.7.1, .NETFramework,Version=v4.7.2, .NETFramework,Version=v4.8, .NETFramework,Version=v4.8.1' instead of the project target framework 'net8.0'. This package may not be fully compatible with your project.
C:\Users\ultra\warewolf\Dev\Warewolf.Studio.ViewModels\Warewolf.Studio.ViewModels.csproj : warning NU1701: Package 'ReactiveUI.WPF 18.4.1' was restored using '.NETFramework,Version=v4.6.1, .NETFramework,Version=v4.6.2, .NETFramework,Version=v4.7, .NETFramework,Version=v4.7.1, .NETFramework,Version=v4.7.2, .NETFramework,Version=v4.8, .NETFramework,Version=v4.8.1' instead of the project target framework 'net8.0'. This package may not be fully compatible with your project.
C:\Users\ultra\warewolf\Dev\Warewolf.Studio.ViewModels\Warewolf.Studio.ViewModels.csproj : warning NU1701: Package 'TaskSchedulerEditor 2.10.1' was restored using '.NETFramework,Version=v4.6.1, .NETFramework,Version=v4.6.2, .NETFramework,Version=v4.7, .NETFramework,Version=v4.7.1, .NETFramework,Version=v4.7.2, .NETFramework,Version=v4.8, .NETFramework,Version=v4.8.1' instead of the project target framework 'net8.0'. This package may not be fully compatible with your project.
  Warewolf.Driver.RabbitMQ -> C:\Users\ultra\warewolf\Dev\Warewolf.Driver.RabbitMQ\bin\Debug\net8.0\Warewolf.Driver.RabbitMQ.dll
C:\Users\ultra\warewolf\Dev\Dev2.Common.Tests\Dev2.Common.Tests.csproj : warning NU1701: Package 'AeroWizard 2.3.1' was restored using '.NETFramework,Version=v4.6.1, .NETFramework,Version=v4.6.2, .NETFramework,Version=v4.7, .NETFramework,Version=v4.7.1, .NETFramework,Version=v4.7.2, .NETFramework,Version=v4.8, .NETFramework,Version=v4.8.1' instead of the project target framework 'net8.0'. This package may not be fully compatible with your project.
C:\Users\ultra\warewolf\Dev\Dev2.Common.Tests\Dev2.Common.Tests.csproj : warning NU1701: Package 'GroupControls 1.9.0' was restored using '.NETFramework,Version=v4.6.1, .NETFramework,Version=v4.6.2, .NETFramework,Version=v4.7, .NETFramework,Version=v4.7.1, .NETFramework,Version=v4.7.2, .NETFramework,Version=v4.8, .NETFramework,Version=v4.8.1' instead of the project target framework 'net8.0'. This package may not be fully compatible with your project.
C:\Users\ultra\warewolf\Dev\Dev2.Common.Tests\Dev2.Common.Tests.csproj : warning NU1701: Package 'Microsoft.Xaml.Behaviors.Wpf 1.1.122' was restored using '.NETFramework,Version=v4.6.1, .NETFramework,Version=v4.6.2, .NETFramework,Version=v4.7, .NETFramework,Version=v4.7.1, .NETFramework,Version=v4.7.2, .NETFramework,Version=v4.8, .NETFramework,Version=v4.8.1' instead of the project target framework 'net8.0'. This package may not be fully compatible with your project.
C:\Users\ultra\warewolf\Dev\Dev2.Common.Tests\Dev2.Common.Tests.csproj : warning NU1701: Package 'Prism.Wpf 9.0.537' was restored using '.NETFramework,Version=v4.6.1, .NETFramework,Version=v4.6.2, .NETFramework,Version=v4.7, .NETFramework,Version=v4.7.1, .NETFramework,Version=v4.7.2, .NETFramework,Version=v4.8, .NETFramework,Version=v4.8.1' instead of the project target framework 'net8.0'. This package may not be fully compatible with your project.
C:\Users\ultra\warewolf\Dev\Dev2.Common.Tests\Dev2.Common.Tests.csproj : warning NU1701: Package 'ReactiveUI.WPF 18.4.1' was restored using '.NETFramework,Version=v4.6.1, .NETFramework,Version=v4.6.2, .NETFramework,Version=v4.7, .NETFramework,Version=v4.7.1, .NETFramework,Version=v4.7.2, .NETFramework,Version=v4.8, .NETFramework,Version=v4.8.1' instead of the project target framework 'net8.0'. This package may not be fully compatible with your project.
C:\Users\ultra\warewolf\Dev\Dev2.Common.Tests\Dev2.Common.Tests.csproj : warning NU1701: Package 'TaskSchedulerEditor 2.10.1' was restored using '.NETFramework,Version=v4.6.1, .NETFramework,Version=v4.6.2, .NETFramework,Version=v4.7, .NETFramework,Version=v4.7.1, .NETFramework,Version=v4.7.2, .NETFramework,Version=v4.8, .NETFramework,Version=v4.8.1' instead of the project target framework 'net8.0'. This package may not be fully compatible with your project.
C:\Users\ultra\warewolf\Dev\Warewolf.Logger\Warewolf.Logger.csproj : warning NU1701: Package 'AeroWizard 2.3.1' was restored using '.NETFramework,Version=v4.6.1, .NETFramework,Version=v4.6.2, .NETFramework,Version=v4.7, .NETFramework,Version=v4.7.1, .NETFramework,Version=v4.7.2, .NETFramework,Version=v4.8, .NETFramework,Version=v4.8.1' instead of the project target framework 'net8.0'. This package may not be fully compatible with your project.
C:\Users\ultra\warewolf\Dev\Warewolf.Logger\Warewolf.Logger.csproj : warning NU1701: Package 'GroupControls 1.9.0' was restored using '.NETFramework,Version=v4.6.1, .NETFramework,Version=v4.6.2, .NETFramework,Version=v4.7, .NETFramework,Version=v4.7.1, .NETFramework,Version=v4.7.2, .NETFramework,Version=v4.8, .NETFramework,Version=v4.8.1' instead of the project target framework 'net8.0'. This package may not be fully compatible with your project.
C:\Users\ultra\warewolf\Dev\Warewolf.Logger\Warewolf.Logger.csproj : warning NU1701: Package 'Microsoft.Xaml.Behaviors.Wpf 1.1.122' was restored using '.NETFramework,Version=v4.6.1, .NETFramework,Version=v4.6.2, .NETFramework,Version=v4.7, .NETFramework,Version=v4.7.1, .NETFramework,Version=v4.7.2, .NETFramework,Version=v4.8, .NETFramework,Version=v4.8.1' instead of the project target framework 'net8.0'. This package may not be fully compatible with your project.
C:\Users\ultra\warewolf\Dev\Warewolf.Logger\Warewolf.Logger.csproj : warning NU1701: Package 'Prism.Wpf 9.0.537' was restored using '.NETFramework,Version=v4.6.1, .NETFramework,Version=v4.6.2, .NETFramework,Version=v4.7, .NETFramework,Version=v4.7.1, .NETFramework,Version=v4.7.2, .NETFramework,Version=v4.8, .NETFramework,Version=v4.8.1' instead of the project target framework 'net8.0'. This package may not be fully compatible with your project.
C:\Users\ultra\warewolf\Dev\Warewolf.Logger\Warewolf.Logger.csproj : warning NU1701: Package 'ReactiveUI.WPF 18.4.1' was restored using '.NETFramework,Version=v4.6.1, .NETFramework,Version=v4.6.2, .NETFramework,Version=v4.7, .NETFramework,Version=v4.7.1, .NETFramework,Version=v4.7.2, .NETFramework,Version=v4.8, .NETFramework,Version=v4.8.1' instead of the project target framework 'net8.0'. This package may not be fully compatible with your project.
C:\Users\ultra\warewolf\Dev\Warewolf.Logger\Warewolf.Logger.csproj : warning NU1701: Package 'TaskSchedulerEditor 2.10.1' was restored using '.NETFramework,Version=v4.6.1, .NETFramework,Version=v4.6.2, .NETFramework,Version=v4.7, .NETFramework,Version=v4.7.1, .NETFramework,Version=v4.7.2, .NETFramework,Version=v4.8, .NETFramework,Version=v4.8.1' instead of the project target framework 'net8.0'. This package may not be fully compatible with your project.
C:\Users\ultra\warewolf\Dev\Warewolf.Studio.Models\Warewolf.Studio.Models.csproj : warning NU1701: Package 'AeroWizard 2.3.1' was restored using '.NETFramework,Version=v4.6.1, .NETFramework,Version=v4.6.2, .NETFramework,Version=v4.7, .NETFramework,Version=v4.7.1, .NETFramework,Version=v4.7.2, .NETFramework,Version=v4.8, .NETFramework,Version=v4.8.1' instead of the project target framework 'net8.0'. This package may not be fully compatible with your project.
C:\Users\ultra\warewolf\Dev\Warewolf.Studio.Models\Warewolf.Studio.Models.csproj : warning NU1701: Package 'GroupControls 1.9.0' was restored using '.NETFramework,Version=v4.6.1, .NETFramework,Version=v4.6.2, .NETFramework,Version=v4.7, .NETFramework,Version=v4.7.1, .NETFramework,Version=v4.7.2, .NETFramework,Version=v4.8, .NETFramework,Version=v4.8.1' instead of the project target framework 'net8.0'. This package may not be fully compatible with your project.
C:\Users\ultra\warewolf\Dev\Warewolf.Studio.Models\Warewolf.Studio.Models.csproj : warning NU1701: Package 'Microsoft.Xaml.Behaviors.Wpf 1.1.122' was restored using '.NETFramework,Version=v4.6.1, .NETFramework,Version=v4.6.2, .NETFramework,Version=v4.7, .NETFramework,Version=v4.7.1, .NETFramework,Version=v4.7.2, .NETFramework,Version=v4.8, .NETFramework,Version=v4.8.1' instead of the project target framework 'net8.0'. This package may not be fully compatible with your project.
C:\Users\ultra\warewolf\Dev\Warewolf.Studio.Models\Warewolf.Studio.Models.csproj : warning NU1701: Package 'Prism.Wpf 9.0.537' was restored using '.NETFramework,Version=v4.6.1, .NETFramework,Version=v4.6.2, .NETFramework,Version=v4.7, .NETFramework,Version=v4.7.1, .NETFramework,Version=v4.7.2, .NETFramework,Version=v4.8, .NETFramework,Version=v4.8.1' instead of the project target framework 'net8.0'. This package may not be fully compatible with your project.
C:\Users\ultra\warewolf\Dev\Warewolf.Studio.Models\Warewolf.Studio.Models.csproj : warning NU1701: Package 'ReactiveUI.WPF 18.4.1' was restored using '.NETFramework,Version=v4.6.1, .NETFramework,Version=v4.6.2, .NETFramework,Version=v4.7, .NETFramework,Version=v4.7.1, .NETFramework,Version=v4.7.2, .NETFramework,Version=v4.8, .NETFramework,Version=v4.8.1' instead of the project target framework 'net8.0'. This package may not be fully compatible with your project.
C:\Users\ultra\warewolf\Dev\Warewolf.Studio.Models\Warewolf.Studio.Models.csproj : warning NU1701: Package 'TaskSchedulerEditor 2.10.1' was restored using '.NETFramework,Version=v4.6.1, .NETFramework,Version=v4.6.2, .NETFramework,Version=v4.7, .NETFramework,Version=v4.7.1, .NETFramework,Version=v4.7.2, .NETFramework,Version=v4.8, .NETFramework,Version=v4.8.1' instead of the project target framework 'net8.0'. This package may not be fully compatible with your project.
  Warewolf.Parser.Interop -> C:\Users\ultra\warewolf\Dev\Warewolf.Parser.Interop\bin\Debug\net8.0\WarewolfParserInterop.dll
C:\Users\ultra\warewolf\Dev\Dev2.Common.Interfaces\Attribute\ReasonAttribute.cs(13,18): warning CC0023: Mark 'ReasonAttribute' as sealed. (https://code-cracker.github.io/diagnostics/CC0023.html) [C:\Users\ultra\warewolf\Dev\Dev2.Common.Interfaces\Dev2.Common.Interfaces.csproj]
C:\Users\ultra\warewolf\Dev\Dev2.Common.Interfaces\Wrappers\IDirectoryEntry.cs(190,35): warning CC0057: Parameter 'path' is not used. (https://code-cracker.github.io/diagnostics/CC0057.html) [C:\Users\ultra\warewolf\Dev\Dev2.Common.Interfaces\Dev2.Common.Interfaces.csproj]
C:\Users\ultra\warewolf\Dev\Dev2.Common.Interfaces\DllListing.cs(97,17): warning CC0105: Use 'var' instead of specifying the type name. (https://code-cracker.github.io/diagnostics/CC0105.html) [C:\Users\ultra\warewolf\Dev\Dev2.Common.Interfaces\Dev2.Common.Interfaces.csproj]
C:\Users\ultra\warewolf\Dev\Dev2.Common.Interfaces\DllListing.cs(98,17): warning CC0105: Use 'var' instead of specifying the type name. (https://code-cracker.github.io/diagnostics/CC0105.html) [C:\Users\ultra\warewolf\Dev\Dev2.Common.Interfaces\Dev2.Common.Interfaces.csproj]
C:\Users\ultra\warewolf\Dev\Dev2.Common.Interfaces\Runtime\Services\IStreamContentFactory.cs(48,21): warning CC0029: 'StreamContentWrapper' should call GC.SuppressFinalize inside the Dispose method. (https://code-cracker.github.io/diagnostics/CC0029.html) [C:\Users\ultra\warewolf\Dev\Dev2.Common.Interfaces\Dev2.Common.Interfaces.csproj]
  Dev2.Common.Interfaces -> C:\Users\ultra\warewolf\Dev\Dev2.Common.Interfaces\bin\Debug\net8.0\Dev2.Common.Interfaces.dll
C:\Users\ultra\warewolf\Dev\Warewolf.Language.Parser\EvaluationFunctions.fs(277,15): warning FS3548: Pattern discard is not allowed for union case that takes no data. [C:\Users\ultra\warewolf\Dev\Warewolf.Language.Parser\Warewolf.Language.Parser.fsproj]
C:\Users\ultra\warewolf\Dev\Warewolf.Language.Parser\EvaluationFunctions.fs(305,15): warning FS3548: Pattern discard is not allowed for union case that takes no data. [C:\Users\ultra\warewolf\Dev\Warewolf.Language.Parser\Warewolf.Language.Parser.fsproj]
C:\Users\ultra\warewolf\Dev\Warewolf.Language.Parser\EvaluationFunctions.fs(748,21): warning FS3873: This construct is deprecated. Sequence expressions should be of the form 'seq { ... }' [C:\Users\ultra\warewolf\Dev\Warewolf.Language.Parser\Warewolf.Language.Parser.fsproj]
C:\Users\ultra\warewolf\Dev\Warewolf.Language.Parser\EvaluationFunctions.fs(751,28): warning FS3873: This construct is deprecated. Sequence expressions should be of the form 'seq { ... }' [C:\Users\ultra\warewolf\Dev\Warewolf.Language.Parser\Warewolf.Language.Parser.fsproj]
C:\Users\ultra\warewolf\Dev\Warewolf.Language.Parser\WarewolfDataEvaluationCommon.fs(593,21): warning FS3873: This construct is deprecated. Sequence expressions should be of the form 'seq { ... }' [C:\Users\ultra\warewolf\Dev\Warewolf.Language.Parser\Warewolf.Language.Parser.fsproj]
C:\Users\ultra\warewolf\Dev\Warewolf.Language.Parser\WarewolfDataEvaluationCommon.fs(596,28): warning FS3873: This construct is deprecated. Sequence expressions should be of the form 'seq { ... }' [C:\Users\ultra\warewolf\Dev\Warewolf.Language.Parser\Warewolf.Language.Parser.fsproj]
  Warewolf.Language.Parser -> C:\Users\ultra\warewolf\Dev\Warewolf.Language.Parser\bin\Debug\net8.0\Warewolf.Language.Parser.dll
C:\Users\ultra\warewolf\Dev\Warewolf.Data\NamedInt.cs(160,21): warning CA2200: Re-throwing caught exception changes stack information (https://learn.microsoft.com/dotnet/fundamentals/code-analysis/quality-rules/ca2200) [C:\Users\ultra\warewolf\Dev\Warewolf.Data\Warewolf.Data.csproj]
  Warewolf.Data -> C:\Users\ultra\warewolf\Dev\Warewolf.Data\bin\Debug\net8.0\Warewolf.Data.dll
  Warewolf.Storage.Interfaces -> C:\Users\ultra\warewolf\Dev\Warewolf.Storage.Interfaces\bin\Debug\net8.0\Warewolf.Storage.Interfaces.dll
  Warewolf.Common -> C:\Users\ultra\warewolf\Dev\Warewolf.Common\bin\Debug\net8.0\Warewolf.Common.dll
  Dev2.Data.Interfaces -> C:\Users\ultra\warewolf\Dev\Dev2.Data.Interfaces\bin\Debug\net8.0\Dev2.Data.Interfaces.dll
C:\Users\ultra\warewolf\Dev\Dev2.Common\ExtMethods\StringExtension.cs(302,13): warning CC0004: Empty Catch Block. (https://code-cracker.github.io/diagnostics/CC0004.html) [C:\Users\ultra\warewolf\Dev\Dev2.Common\Dev2.Common.csproj]
  Dev2.Common -> C:\Users\ultra\warewolf\Dev\Dev2.Common\bin\Debug\net8.0\Dev2.Common.dll
C:\Program Files\dotnet\sdk\10.0.201\Microsoft.Common.CurrentVersion.targets(2451,5): warning MSB3277: Found conflicts between different versions of "WindowsBase" that could not be resolved. [C:\Users\ultra\warewolf\Dev\Dev2.Development.Languages\Dev2.Development.Languages.csproj]
C:\Program Files\dotnet\sdk\10.0.201\Microsoft.Common.CurrentVersion.targets(2451,5): warning MSB3277: There was a conflict between "WindowsBase, Version=4.0.0.0, Culture=neutral, PublicKeyToken=31bf3856ad364e35" and "WindowsBase, Version=6.0.2.0, Culture=neutral, PublicKeyToken=31bf3856ad364e35". [C:\Users\ultra\warewolf\Dev\Dev2.Development.Languages\Dev2.Development.Languages.csproj]
C:\Program Files\dotnet\sdk\10.0.201\Microsoft.Common.CurrentVersion.targets(2451,5): warning MSB3277:     "WindowsBase, Version=4.0.0.0, Culture=neutral, PublicKeyToken=31bf3856ad364e35" was chosen because it was primary and "WindowsBase, Version=6.0.2.0, Culture=neutral, PublicKeyToken=31bf3856ad364e35" was not. [C:\Users\ultra\warewolf\Dev\Dev2.Development.Languages\Dev2.Development.Languages.csproj]
C:\Program Files\dotnet\sdk\10.0.201\Microsoft.Common.CurrentVersion.targets(2451,5): warning MSB3277:     References which depend on "WindowsBase, Version=4.0.0.0, Culture=neutral, PublicKeyToken=31bf3856ad364e35" [C:\Program Files\dotnet\packs\Microsoft.NETCore.App.Ref\8.0.25\ref\net8.0\WindowsBase.dll]. [C:\Users\ultra\warewolf\Dev\Dev2.Development.Languages\Dev2.Development.Languages.csproj]
C:\Program Files\dotnet\sdk\10.0.201\Microsoft.Common.CurrentVersion.targets(2451,5): warning MSB3277:         C:\Program Files\dotnet\packs\Microsoft.NETCore.App.Ref\8.0.25\ref\net8.0\WindowsBase.dll [C:\Users\ultra\warewolf\Dev\Dev2.Development.Languages\Dev2.Development.Languages.csproj]
C:\Program Files\dotnet\sdk\10.0.201\Microsoft.Common.CurrentVersion.targets(2451,5): warning MSB3277:           Project file item includes which caused reference "C:\Program Files\dotnet\packs\Microsoft.NETCore.App.Ref\8.0.25\ref\net8.0\WindowsBase.dll". [C:\Users\ultra\warewolf\Dev\Dev2.Development.Languages\Dev2.Development.Languages.csproj]
C:\Program Files\dotnet\sdk\10.0.201\Microsoft.Common.CurrentVersion.targets(2451,5): warning MSB3277:             C:\Program Files\dotnet\packs\Microsoft.NETCore.App.Ref\8.0.25\ref/net8.0/WindowsBase.dll [C:\Users\ultra\warewolf\Dev\Dev2.Development.Languages\Dev2.Development.Languages.csproj]
C:\Program Files\dotnet\sdk\10.0.201\Microsoft.Common.CurrentVersion.targets(2451,5): warning MSB3277:     References which depend on or have been unified to "WindowsBase, Version=6.0.2.0, Culture=neutral, PublicKeyToken=31bf3856ad364e35" []. [C:\Users\ultra\warewolf\Dev\Dev2.Development.Languages\Dev2.Development.Languages.csproj]
C:\Program Files\dotnet\sdk\10.0.201\Microsoft.Common.CurrentVersion.targets(2451,5): warning MSB3277:         C:\Users\ultra\.nuget\packages\caliburn.micro\4.0.212\lib\netcoreapp3.1\Caliburn.Micro.Platform.dll [C:\Users\ultra\warewolf\Dev\Dev2.Development.Languages\Dev2.Development.Languages.csproj]
C:\Program Files\dotnet\sdk\10.0.201\Microsoft.Common.CurrentVersion.targets(2451,5): warning MSB3277:           Project file item includes which caused reference "C:\Users\ultra\.nuget\packages\caliburn.micro\4.0.212\lib\netcoreapp3.1\Caliburn.Micro.Platform.dll". [C:\Users\ultra\warewolf\Dev\Dev2.Development.Languages\Dev2.Development.Languages.csproj]
C:\Program Files\dotnet\sdk\10.0.201\Microsoft.Common.CurrentVersion.targets(2451,5): warning MSB3277:             C:\Users\ultra\.nuget\packages\caliburn.micro\4.0.212\lib\netcoreapp3.1\Caliburn.Micro.Platform.dll [C:\Users\ultra\warewolf\Dev\Dev2.Development.Languages\Dev2.Development.Languages.csproj]
C:\Program Files\dotnet\sdk\10.0.201\Microsoft.Common.CurrentVersion.targets(2451,5): warning MSB3277:         C:\Users\ultra\.nuget\packages\ironpython\3.4.0\lib\net6.0\IronPython.Wpf.dll [C:\Users\ultra\warewolf\Dev\Dev2.Development.Languages\Dev2.Development.Languages.csproj]
C:\Program Files\dotnet\sdk\10.0.201\Microsoft.Common.CurrentVersion.targets(2451,5): warning MSB3277:           Project file item includes which caused reference "C:\Users\ultra\.nuget\packages\ironpython\3.4.0\lib\net6.0\IronPython.Wpf.dll". [C:\Users\ultra\warewolf\Dev\Dev2.Development.Languages\Dev2.Development.Languages.csproj]
C:\Program Files\dotnet\sdk\10.0.201\Microsoft.Common.CurrentVersion.targets(2451,5): warning MSB3277:             C:\Users\ultra\.nuget\packages\ironpython\3.4.0\lib\net6.0\IronPython.Wpf.dll [C:\Users\ultra\warewolf\Dev\Dev2.Development.Languages\Dev2.Development.Languages.csproj]
C:\Program Files\dotnet\sdk\10.0.201\Microsoft.Common.CurrentVersion.targets(2451,5): warning MSB3277:         C:\Users\ultra\.nuget\packages\microsoft.xaml.behaviors.wpf\1.1.19\lib\netcoreapp3.0\Microsoft.Xaml.Behaviors.dll [C:\Users\ultra\warewolf\Dev\Dev2.Development.Languages\Dev2.Development.Languages.csproj]
C:\Program Files\dotnet\sdk\10.0.201\Microsoft.Common.CurrentVersion.targets(2451,5): warning MSB3277:           Project file item includes which caused reference "C:\Users\ultra\.nuget\packages\microsoft.xaml.behaviors.wpf\1.1.19\lib\netcoreapp3.0\Microsoft.Xaml.Behaviors.dll". [C:\Users\ultra\warewolf\Dev\Dev2.Development.Languages\Dev2.Development.Languages.csproj]
C:\Program Files\dotnet\sdk\10.0.201\Microsoft.Common.CurrentVersion.targets(2451,5): warning MSB3277:             C:\Users\ultra\.nuget\packages\microsoft.xaml.behaviors.wpf\1.1.19\lib\netcoreapp3.0\Microsoft.Xaml.Behaviors.dll [C:\Users\ultra\warewolf\Dev\Dev2.Development.Languages\Dev2.Development.Languages.csproj]
C:\Program Files\dotnet\sdk\10.0.201\Microsoft.Common.CurrentVersion.targets(2451,5): warning MSB3277:             C:\Users\ultra\.nuget\packages\caliburn.micro\4.0.212\lib\netcoreapp3.1\Caliburn.Micro.Platform.dll [C:\Users\ultra\warewolf\Dev\Dev2.Development.Languages\Dev2.Development.Languages.csproj]
C:\Users\ultra\warewolf\Dev\Dev2.TaskScheduler.Wrappers\Dev2TaskEvent.cs(47,33): warning CA1416: This call site is reachable on all platforms. 'SecurityIdentifier.Value' is only supported on: 'windows'. (https://learn.microsoft.com/dotnet/fundamentals/code-analysis/quality-rules/ca1416) [C:\Users\ultra\warewolf\Dev\Dev2.TaskScheduler.Wrappers\Dev2.TaskScheduler.Wrappers.csproj]
  Dev2.TaskScheduler.Wrappers -> C:\Users\ultra\warewolf\Dev\Dev2.TaskScheduler.Wrappers\bin\Debug\net8.0\Dev2.TaskScheduler.Wrappers.dll
  Dev2.Util -> C:\Users\ultra\warewolf\Dev\Dev2.Util\bin\Debug\net8.0\Dev2.Util.dll
  Dev2.Development.Languages -> C:\Users\ultra\warewolf\Dev\Dev2.Development.Languages\bin\Debug\net8.0\Dev2.Development.Languages.dll
  Warewolf.Licensing -> C:\Users\ultra\warewolf\Dev\Warewolf.Licensing\bin\Debug\net8.0\Warewolf.Licensing.dll
  Dev2.CustomControls -> C:\Users\ultra\warewolf\Dev\Dev2.CustomControls\bin\Debug\net8.0\Dev2.CustomControls.dll
  Consider app.config remapping of assembly "Newtonsoft.Json, Culture=neutral, PublicKeyToken=30ad4fe6b2a6aeed" from Version "12.0.0.0" [] to Version "13.0.0.0" [C:\Users\ultra\.nuget\packages\newtonsoft.json\13.0.2\lib\net6.0\Newtonsoft.Json.dll] to solve conflict and get rid of warning.
  Dev2.Runtime.Configuration -> C:\Users\ultra\warewolf\Dev\Dev2.Runtime.Configuration\bin\Debug\net8.0\Dev2.Runtime.Configuration.dll
C:\Program Files\dotnet\sdk\10.0.201\Microsoft.Common.CurrentVersion.targets(2451,5): warning MSB3277: Found conflicts between different versions of "System.Drawing.Common" that could not be resolved. [C:\Users\ultra\warewolf\Dev\Dev2.Runtime.Configuration.Tests\Dev2.Runtime.Configuration.Tests.csproj]
C:\Program Files\dotnet\sdk\10.0.201\Microsoft.Common.CurrentVersion.targets(2451,5): warning MSB3277: There was a conflict between "System.Drawing.Common, Version=6.0.0.0, Culture=neutral, PublicKeyToken=cc7b13ffcd2ddd51" and "System.Drawing.Common, Version=8.0.0.0, Culture=neutral, PublicKeyToken=cc7b13ffcd2ddd51". [C:\Users\ultra\warewolf\Dev\Dev2.Runtime.Configuration.Tests\Dev2.Runtime.Configuration.Tests.csproj]
C:\Program Files\dotnet\sdk\10.0.201\Microsoft.Common.CurrentVersion.targets(2451,5): warning MSB3277:     "System.Drawing.Common, Version=6.0.0.0, Culture=neutral, PublicKeyToken=cc7b13ffcd2ddd51" was chosen because it was primary and "System.Drawing.Common, Version=8.0.0.0, Culture=neutral, PublicKeyToken=cc7b13ffcd2ddd51" was not. [C:\Users\ultra\warewolf\Dev\Dev2.Runtime.Configuration.Tests\Dev2.Runtime.Configuration.Tests.csproj]
C:\Program Files\dotnet\sdk\10.0.201\Microsoft.Common.CurrentVersion.targets(2451,5): warning MSB3277:     References which depend on "System.Drawing.Common, Version=6.0.0.0, Culture=neutral, PublicKeyToken=cc7b13ffcd2ddd51" [C:\Users\ultra\.nuget\packages\system.drawing.common\6.0.0\lib\net6.0\System.Drawing.Common.dll]. [C:\Users\ultra\warewolf\Dev\Dev2.Runtime.Configuration.Tests\Dev2.Runtime.Configuration.Tests.csproj]
C:\Program Files\dotnet\sdk\10.0.201\Microsoft.Common.CurrentVersion.targets(2451,5): warning MSB3277:         C:\Users\ultra\.nuget\packages\system.drawing.common\6.0.0\lib\net6.0\System.Drawing.Common.dll [C:\Users\ultra\warewolf\Dev\Dev2.Runtime.Configuration.Tests\Dev2.Runtime.Configuration.Tests.csproj]
C:\Program Files\dotnet\sdk\10.0.201\Microsoft.Common.CurrentVersion.targets(2451,5): warning MSB3277:           Project file item includes which caused reference "C:\Users\ultra\.nuget\packages\system.drawing.common\6.0.0\lib\net6.0\System.Drawing.Common.dll". [C:\Users\ultra\warewolf\Dev\Dev2.Runtime.Configuration.Tests\Dev2.Runtime.Configuration.Tests.csproj]
C:\Program Files\dotnet\sdk\10.0.201\Microsoft.Common.CurrentVersion.targets(2451,5): warning MSB3277:             C:\Users\ultra\.nuget\packages\system.drawing.common\6.0.0\lib\net6.0\System.Drawing.Common.dll [C:\Users\ultra\warewolf\Dev\Dev2.Runtime.Configuration.Tests\Dev2.Runtime.Configuration.Tests.csproj]
C:\Program Files\dotnet\sdk\10.0.201\Microsoft.Common.CurrentVersion.targets(2451,5): warning MSB3277:     References which depend on or have been unified to "System.Drawing.Common, Version=8.0.0.0, Culture=neutral, PublicKeyToken=cc7b13ffcd2ddd51" []. [C:\Users\ultra\warewolf\Dev\Dev2.Runtime.Configuration.Tests\Dev2.Runtime.Configuration.Tests.csproj]
C:\Program Files\dotnet\sdk\10.0.201\Microsoft.Common.CurrentVersion.targets(2451,5): warning MSB3277:         C:\Users\ultra\.nuget\packages\system.windows.extensions\8.0.0\lib\net8.0\System.Windows.Extensions.dll [C:\Users\ultra\warewolf\Dev\Dev2.Runtime.Configuration.Tests\Dev2.Runtime.Configuration.Tests.csproj]
C:\Program Files\dotnet\sdk\10.0.201\Microsoft.Common.CurrentVersion.targets(2451,5): warning MSB3277:           Project file item includes which caused reference "C:\Users\ultra\.nuget\packages\system.windows.extensions\8.0.0\lib\net8.0\System.Windows.Extensions.dll". [C:\Users\ultra\warewolf\Dev\Dev2.Runtime.Configuration.Tests\Dev2.Runtime.Configuration.Tests.csproj]
C:\Program Files\dotnet\sdk\10.0.201\Microsoft.Common.CurrentVersion.targets(2451,5): warning MSB3277:             C:\Users\ultra\.nuget\packages\system.windows.extensions\8.0.0\lib\net8.0\System.Windows.Extensions.dll [C:\Users\ultra\warewolf\Dev\Dev2.Runtime.Configuration.Tests\Dev2.Runtime.Configuration.Tests.csproj]
C:\Program Files\dotnet\sdk\10.0.201\Microsoft.Common.CurrentVersion.targets(2451,5): warning MSB3277:             C:\Users\ultra\.nuget\packages\system.security.permissions\8.0.0\lib\net8.0\System.Security.Permissions.dll [C:\Users\ultra\warewolf\Dev\Dev2.Runtime.Configuration.Tests\Dev2.Runtime.Configuration.Tests.csproj]
C:\Program Files\dotnet\sdk\10.0.201\Microsoft.Common.CurrentVersion.targets(2451,5): warning MSB3277:             C:\Users\ultra\.nuget\packages\dotnetzip\1.16.0\lib\netstandard2.0\DotNetZip.dll [C:\Users\ultra\warewolf\Dev\Dev2.Runtime.Configuration.Tests\Dev2.Runtime.Configuration.Tests.csproj]
C:\Program Files\dotnet\sdk\10.0.201\Microsoft.Common.CurrentVersion.targets(2451,5): warning MSB3277:             C:\Users\ultra\warewolf\Dev\Dev2.Common\bin\Debug\net8.0\Dev2.Common.dll [C:\Users\ultra\warewolf\Dev\Dev2.Runtime.Configuration.Tests\Dev2.Runtime.Configuration.Tests.csproj]
C:\Program Files\dotnet\sdk\10.0.201\Microsoft.Common.CurrentVersion.targets(2451,5): warning MSB3277:             C:\Users\ultra\warewolf\Dev\Dev2.Data.Interfaces\bin\Debug\net8.0\Dev2.Data.Interfaces.dll [C:\Users\ultra\warewolf\Dev\Dev2.Runtime.Configuration.Tests\Dev2.Runtime.Configuration.Tests.csproj]
C:\Program Files\dotnet\sdk\10.0.201\Microsoft.Common.CurrentVersion.targets(2451,5): warning MSB3277:             C:\Users\ultra\warewolf\Dev\Dev2.Util\bin\Debug\net8.0\Dev2.Util.dll [C:\Users\ultra\warewolf\Dev\Dev2.Runtime.Configuration.Tests\Dev2.Runtime.Configuration.Tests.csproj]
C:\Program Files\dotnet\sdk\10.0.201\Microsoft.Common.CurrentVersion.targets(2451,5): warning MSB3277:             C:\Users\ultra\.nuget\packages\system.directoryservices\6.0.0\lib\net6.0\System.DirectoryServices.dll [C:\Users\ultra\warewolf\Dev\Dev2.Runtime.Configuration.Tests\Dev2.Runtime.Configuration.Tests.csproj]
C:\Program Files\dotnet\sdk\10.0.201\Microsoft.Common.CurrentVersion.targets(2451,5): warning MSB3277:             C:\Program Files\dotnet\packs\Microsoft.NETCore.App.Ref\8.0.25\ref/net8.0/System.Configuration.dll [C:\Users\ultra\warewolf\Dev\Dev2.Runtime.Configuration.Tests\Dev2.Runtime.Configuration.Tests.csproj]
C:\Program Files\dotnet\sdk\10.0.201\Microsoft.Common.CurrentVersion.targets(2451,5): warning MSB3277:             C:\Program Files\dotnet\packs\Microsoft.NETCore.App.Ref\8.0.25\ref/net8.0/System.Data.dll [C:\Users\ultra\warewolf\Dev\Dev2.Runtime.Configuration.Tests\Dev2.Runtime.Configuration.Tests.csproj]
C:\Program Files\dotnet\sdk\10.0.201\Microsoft.Common.CurrentVersion.targets(2451,5): warning MSB3277:             C:\Users\ultra\.nuget\packages\taskschedulereditor\2.10.1\lib\net452\Microsoft.Win32.TaskSchedulerEditor.dll [C:\Users\ultra\warewolf\Dev\Dev2.Runtime.Configuration.Tests\Dev2.Runtime.Configuration.Tests.csproj]
C:\Program Files\dotnet\sdk\10.0.201\Microsoft.Common.CurrentVersion.targets(2451,5): warning MSB3277:             C:\Program Files\dotnet\packs\Microsoft.NETCore.App.Ref\8.0.25\ref/net8.0/System.Drawing.dll [C:\Users\ultra\warewolf\Dev\Dev2.Runtime.Configuration.Tests\Dev2.Runtime.Configuration.Tests.csproj]
C:\Program Files\dotnet\sdk\10.0.201\Microsoft.Common.CurrentVersion.targets(2451,5): warning MSB3277:             C:\Users\ultra\.nuget\packages\aerowizard\2.3.1\lib\net45\AeroWizard.dll [C:\Users\ultra\warewolf\Dev\Dev2.Runtime.Configuration.Tests\Dev2.Runtime.Configuration.Tests.csproj]
C:\Program Files\dotnet\sdk\10.0.201\Microsoft.Common.CurrentVersion.targets(2451,5): warning MSB3277:             C:\Users\ultra\.nuget\packages\groupcontrols\1.9.0\lib\net45\GroupControls.dll [C:\Users\ultra\warewolf\Dev\Dev2.Runtime.Configuration.Tests\Dev2.Runtime.Configuration.Tests.csproj]
C:\Program Files\dotnet\sdk\10.0.201\Microsoft.Common.CurrentVersion.targets(2451,5): warning MSB3277:             C:\Program Files\dotnet\packs\Microsoft.NETCore.App.Ref\8.0.25\ref/net8.0/System.Net.dll [C:\Users\ultra\warewolf\Dev\Dev2.Runtime.Configuration.Tests\Dev2.Runtime.Configuration.Tests.csproj]
C:\Program Files\dotnet\sdk\10.0.201\Microsoft.Common.CurrentVersion.targets(2451,5): warning MSB3277:             C:\Program Files\dotnet\packs\Microsoft.NETCore.App.Ref\8.0.25\ref/net8.0/System.Security.dll [C:\Users\ultra\warewolf\Dev\Dev2.Runtime.Configuration.Tests\Dev2.Runtime.Configuration.Tests.csproj]
C:\Program Files\dotnet\sdk\10.0.201\Microsoft.Common.CurrentVersion.targets(2451,5): warning MSB3277:             C:\Program Files\dotnet\packs\Microsoft.NETCore.App.Ref\8.0.25\ref/net8.0/System.ServiceProcess.dll [C:\Users\ultra\warewolf\Dev\Dev2.Runtime.Configuration.Tests\Dev2.Runtime.Configuration.Tests.csproj]
C:\Program Files\dotnet\sdk\10.0.201\Microsoft.Common.CurrentVersion.targets(2451,5): warning MSB3277:             C:\Program Files\dotnet\packs\Microsoft.NETCore.App.Ref\8.0.25\ref/net8.0/System.Transactions.dll [C:\Users\ultra\warewolf\Dev\Dev2.Runtime.Configuration.Tests\Dev2.Runtime.Configuration.Tests.csproj]
C:\Program Files\dotnet\sdk\10.0.201\Microsoft.Common.CurrentVersion.targets(2451,5): warning MSB3277:             C:\Program Files\dotnet\packs\Microsoft.NETCore.App.Ref\8.0.25\ref/net8.0/System.dll [C:\Users\ultra\warewolf\Dev\Dev2.Runtime.Configuration.Tests\Dev2.Runtime.Configuration.Tests.csproj]
C:\Program Files\dotnet\sdk\10.0.201\Microsoft.Common.CurrentVersion.targets(2451,5): warning MSB3277:             C:\Users\ultra\.nuget\packages\ttcue.netcore.sharepointonline.csom.16.1.8029.1200\16.1.8029.1200\lib\netcoreapp2.0\Microsoft.SharePoint.Client.Runtime.Windows.dll [C:\Users\ultra\warewolf\Dev\Dev2.Runtime.Configuration.Tests\Dev2.Runtime.Configuration.Tests.csproj]
C:\Program Files\dotnet\sdk\10.0.201\Microsoft.Common.CurrentVersion.targets(2451,5): warning MSB3277:             C:\Program Files\dotnet\packs\Microsoft.NETCore.App.Ref\8.0.25\ref/net8.0/WindowsBase.dll [C:\Users\ultra\warewolf\Dev\Dev2.Runtime.Configuration.Tests\Dev2.Runtime.Configuration.Tests.csproj]
C:\Program Files\dotnet\sdk\10.0.201\Microsoft.Common.CurrentVersion.targets(2451,5): warning MSB3277:             C:\Users\ultra\.nuget\packages\caliburn.micro\4.0.212\lib\netcoreapp3.1\Caliburn.Micro.Platform.dll [C:\Users\ultra\warewolf\Dev\Dev2.Runtime.Configuration.Tests\Dev2.Runtime.Configuration.Tests.csproj]
C:\Program Files\dotnet\sdk\10.0.201\Microsoft.Common.CurrentVersion.targets(2451,5): warning MSB3277:             C:\Users\ultra\.nuget\packages\microsoft.xaml.behaviors.wpf\1.1.19\lib\netcoreapp3.0\Microsoft.Xaml.Behaviors.dll [C:\Users\ultra\warewolf\Dev\Dev2.Runtime.Configuration.Tests\Dev2.Runtime.Configuration.Tests.csproj]
C:\Program Files\dotnet\sdk\10.0.201\Microsoft.Common.CurrentVersion.targets(2451,5): warning MSB3277:             C:\Program Files\dotnet\packs\Microsoft.NETCore.App.Ref\8.0.25\ref/net8.0/mscorlib.dll [C:\Users\ultra\warewolf\Dev\Dev2.Runtime.Configuration.Tests\Dev2.Runtime.Configuration.Tests.csproj]
C:\Program Files\dotnet\sdk\10.0.201\Microsoft.Common.CurrentVersion.targets(2451,5): warning MSB3277:             C:\Users\ultra\.nuget\packages\microsoft.codecoverage\17.13.0\lib\netcoreapp3.1\Microsoft.VisualStudio.CodeCoverage.Shim.dll [C:\Users\ultra\warewolf\Dev\Dev2.Runtime.Configuration.Tests\Dev2.Runtime.Configuration.Tests.csproj]
C:\Program Files\dotnet\sdk\10.0.201\Microsoft.Common.CurrentVersion.targets(2451,5): warning MSB3277:         C:\Program Files\dotnet\packs\Microsoft.NETCore.App.Ref\8.0.25\ref\net8.0\System.Drawing.dll [C:\Users\ultra\warewolf\Dev\Dev2.Runtime.Configuration.Tests\Dev2.Runtime.Configuration.Tests.csproj]
C:\Program Files\dotnet\sdk\10.0.201\Microsoft.Common.CurrentVersion.targets(2451,5): warning MSB3277:           Project file item includes which caused reference "C:\Program Files\dotnet\packs\Microsoft.NETCore.App.Ref\8.0.25\ref\net8.0\System.Drawing.dll". [C:\Users\ultra\warewolf\Dev\Dev2.Runtime.Configuration.Tests\Dev2.Runtime.Configuration.Tests.csproj]
C:\Program Files\dotnet\sdk\10.0.201\Microsoft.Common.CurrentVersion.targets(2451,5): warning MSB3277:             C:\Program Files\dotnet\packs\Microsoft.NETCore.App.Ref\8.0.25\ref/net8.0/System.Drawing.dll [C:\Users\ultra\warewolf\Dev\Dev2.Runtime.Configuration.Tests\Dev2.Runtime.Configuration.Tests.csproj]
C:\Program Files\dotnet\sdk\10.0.201\Microsoft.Common.CurrentVersion.targets(2451,5): warning MSB3277:             C:\Users\ultra\.nuget\packages\aerowizard\2.3.1\lib\net45\AeroWizard.dll [C:\Users\ultra\warewolf\Dev\Dev2.Runtime.Configuration.Tests\Dev2.Runtime.Configuration.Tests.csproj]
C:\Program Files\dotnet\sdk\10.0.201\Microsoft.Common.CurrentVersion.targets(2451,5): warning MSB3277:             C:\Users\ultra\.nuget\packages\groupcontrols\1.9.0\lib\net45\GroupControls.dll [C:\Users\ultra\warewolf\Dev\Dev2.Runtime.Configuration.Tests\Dev2.Runtime.Configuration.Tests.csproj]
C:\Program Files\dotnet\sdk\10.0.201\Microsoft.Common.CurrentVersion.targets(2451,5): warning MSB3277:             C:\Users\ultra\.nuget\packages\taskschedulereditor\2.10.1\lib\net452\Microsoft.Win32.TaskSchedulerEditor.dll [C:\Users\ultra\warewolf\Dev\Dev2.Runtime.Configuration.Tests\Dev2.Runtime.Configuration.Tests.csproj]
C:\Program Files\dotnet\sdk\10.0.201\Microsoft.Common.CurrentVersion.targets(2451,5): warning MSB3277: Found conflicts between different versions of "System.Drawing.Common" that could not be resolved. [C:\Users\ultra\warewolf\Dev\Dev2.Runtime.Configuration.Tests\Dev2.Runtime.Configuration.Tests.csproj]
C:\Program Files\dotnet\sdk\10.0.201\Microsoft.Common.CurrentVersion.targets(2451,5): warning MSB3277: There was a conflict between "System.Drawing.Common, Version=6.0.0.0, Culture=neutral, PublicKeyToken=cc7b13ffcd2ddd51" and "System.Drawing.Common, Version=8.0.0.0, Culture=neutral, PublicKeyToken=cc7b13ffcd2ddd51". [C:\Users\ultra\warewolf\Dev\Dev2.Runtime.Configuration.Tests\Dev2.Runtime.Configuration.Tests.csproj]
C:\Program Files\dotnet\sdk\10.0.201\Microsoft.Common.CurrentVersion.targets(2451,5): warning MSB3277:     "System.Drawing.Common, Version=6.0.0.0, Culture=neutral, PublicKeyToken=cc7b13ffcd2ddd51" was chosen because it was primary and "System.Drawing.Common, Version=8.0.0.0, Culture=neutral, PublicKeyToken=cc7b13ffcd2ddd51" was not. [C:\Users\ultra\warewolf\Dev\Dev2.Runtime.Configuration.Tests\Dev2.Runtime.Configuration.Tests.csproj]
C:\Program Files\dotnet\sdk\10.0.201\Microsoft.Common.CurrentVersion.targets(2451,5): warning MSB3277:     References which depend on "System.Drawing.Common, Version=6.0.0.0, Culture=neutral, PublicKeyToken=cc7b13ffcd2ddd51" [C:\Users\ultra\.nuget\packages\system.drawing.common\6.0.0\lib\net6.0\System.Drawing.Common.dll]. [C:\Users\ultra\warewolf\Dev\Dev2.Runtime.Configuration.Tests\Dev2.Runtime.Configuration.Tests.csproj]
C:\Program Files\dotnet\sdk\10.0.201\Microsoft.Common.CurrentVersion.targets(2451,5): warning MSB3277:         C:\Users\ultra\.nuget\packages\system.drawing.common\6.0.0\lib\net6.0\System.Drawing.Common.dll [C:\Users\ultra\warewolf\Dev\Dev2.Runtime.Configuration.Tests\Dev2.Runtime.Configuration.Tests.csproj]
C:\Program Files\dotnet\sdk\10.0.201\Microsoft.Common.CurrentVersion.targets(2451,5): warning MSB3277:           Project file item includes which caused reference "C:\Users\ultra\.nuget\packages\system.drawing.common\6.0.0\lib\net6.0\System.Drawing.Common.dll". [C:\Users\ultra\warewolf\Dev\Dev2.Runtime.Configuration.Tests\Dev2.Runtime.Configuration.Tests.csproj]
C:\Program Files\dotnet\sdk\10.0.201\Microsoft.Common.CurrentVersion.targets(2451,5): warning MSB3277:             C:\Users\ultra\.nuget\packages\system.drawing.common\6.0.0\lib\net6.0\System.Drawing.Common.dll [C:\Users\ultra\warewolf\Dev\Dev2.Runtime.Configuration.Tests\Dev2.Runtime.Configuration.Tests.csproj]
C:\Program Files\dotnet\sdk\10.0.201\Microsoft.Common.CurrentVersion.targets(2451,5): warning MSB3277:     References which depend on or have been unified to "System.Drawing.Common, Version=8.0.0.0, Culture=neutral, PublicKeyToken=cc7b13ffcd2ddd51" []. [C:\Users\ultra\warewolf\Dev\Dev2.Runtime.Configuration.Tests\Dev2.Runtime.Configuration.Tests.csproj]
C:\Program Files\dotnet\sdk\10.0.201\Microsoft.Common.CurrentVersion.targets(2451,5): warning MSB3277:         C:\Users\ultra\.nuget\packages\system.windows.extensions\8.0.0\lib\net8.0\System.Windows.Extensions.dll [C:\Users\ultra\warewolf\Dev\Dev2.Runtime.Configuration.Tests\Dev2.Runtime.Configuration.Tests.csproj]
C:\Program Files\dotnet\sdk\10.0.201\Microsoft.Common.CurrentVersion.targets(2451,5): warning MSB3277:           Project file item includes which caused reference "C:\Users\ultra\.nuget\packages\system.windows.extensions\8.0.0\lib\net8.0\System.Windows.Extensions.dll". [C:\Users\ultra\warewolf\Dev\Dev2.Runtime.Configuration.Tests\Dev2.Runtime.Configuration.Tests.csproj]
C:\Program Files\dotnet\sdk\10.0.201\Microsoft.Common.CurrentVersion.targets(2451,5): warning MSB3277:             C:\Users\ultra\.nuget\packages\system.windows.extensions\8.0.0\lib\net8.0\System.Windows.Extensions.dll [C:\Users\ultra\warewolf\Dev\Dev2.Runtime.Configuration.Tests\Dev2.Runtime.Configuration.Tests.csproj]
C:\Program Files\dotnet\sdk\10.0.201\Microsoft.Common.CurrentVersion.targets(2451,5): warning MSB3277:             C:\Users\ultra\.nuget\packages\system.security.permissions\8.0.0\lib\net8.0\System.Security.Permissions.dll [C:\Users\ultra\warewolf\Dev\Dev2.Runtime.Configuration.Tests\Dev2.Runtime.Configuration.Tests.csproj]
C:\Program Files\dotnet\sdk\10.0.201\Microsoft.Common.CurrentVersion.targets(2451,5): warning MSB3277:             C:\Users\ultra\.nuget\packages\dotnetzip\1.16.0\lib\netstandard2.0\DotNetZip.dll [C:\Users\ultra\warewolf\Dev\Dev2.Runtime.Configuration.Tests\Dev2.Runtime.Configuration.Tests.csproj]
C:\Program Files\dotnet\sdk\10.0.201\Microsoft.Common.CurrentVersion.targets(2451,5): warning MSB3277:             C:\Users\ultra\warewolf\Dev\Dev2.Common\bin\Debug\net8.0\Dev2.Common.dll [C:\Users\ultra\warewolf\Dev\Dev2.Runtime.Configuration.Tests\Dev2.Runtime.Configuration.Tests.csproj]
C:\Program Files\dotnet\sdk\10.0.201\Microsoft.Common.CurrentVersion.targets(2451,5): warning MSB3277:             C:\Users\ultra\warewolf\Dev\Dev2.Data.Interfaces\bin\Debug\net8.0\Dev2.Data.Interfaces.dll [C:\Users\ultra\warewolf\Dev\Dev2.Runtime.Configuration.Tests\Dev2.Runtime.Configuration.Tests.csproj]
C:\Program Files\dotnet\sdk\10.0.201\Microsoft.Common.CurrentVersion.targets(2451,5): warning MSB3277:             C:\Users\ultra\warewolf\Dev\Dev2.Util\bin\Debug\net8.0\Dev2.Util.dll [C:\Users\ultra\warewolf\Dev\Dev2.Runtime.Configuration.Tests\Dev2.Runtime.Configuration.Tests.csproj]
C:\Program Files\dotnet\sdk\10.0.201\Microsoft.Common.CurrentVersion.targets(2451,5): warning MSB3277:             C:\Users\ultra\.nuget\packages\system.directoryservices\6.0.0\lib\net6.0\System.DirectoryServices.dll [C:\Users\ultra\warewolf\Dev\Dev2.Runtime.Configuration.Tests\Dev2.Runtime.Configuration.Tests.csproj]
C:\Program Files\dotnet\sdk\10.0.201\Microsoft.Common.CurrentVersion.targets(2451,5): warning MSB3277:             C:\Program Files\dotnet\packs\Microsoft.NETCore.App.Ref\8.0.25\ref/net8.0/System.Configuration.dll [C:\Users\ultra\warewolf\Dev\Dev2.Runtime.Configuration.Tests\Dev2.Runtime.Configuration.Tests.csproj]
C:\Program Files\dotnet\sdk\10.0.201\Microsoft.Common.CurrentVersion.targets(2451,5): warning MSB3277:             C:\Program Files\dotnet\packs\Microsoft.NETCore.App.Ref\8.0.25\ref/net8.0/System.Data.dll [C:\Users\ultra\warewolf\Dev\Dev2.Runtime.Configuration.Tests\Dev2.Runtime.Configuration.Tests.csproj]
C:\Program Files\dotnet\sdk\10.0.201\Microsoft.Common.CurrentVersion.targets(2451,5): warning MSB3277:             C:\Users\ultra\.nuget\packages\taskschedulereditor\2.10.1\lib\net452\Microsoft.Win32.TaskSchedulerEditor.dll [C:\Users\ultra\warewolf\Dev\Dev2.Runtime.Configuration.Tests\Dev2.Runtime.Configuration.Tests.csproj]
C:\Program Files\dotnet\sdk\10.0.201\Microsoft.Common.CurrentVersion.targets(2451,5): warning MSB3277:             C:\Program Files\dotnet\packs\Microsoft.NETCore.App.Ref\8.0.25\ref/net8.0/System.Drawing.dll [C:\Users\ultra\warewolf\Dev\Dev2.Runtime.Configuration.Tests\Dev2.Runtime.Configuration.Tests.csproj]
C:\Program Files\dotnet\sdk\10.0.201\Microsoft.Common.CurrentVersion.targets(2451,5): warning MSB3277:             C:\Users\ultra\.nuget\packages\aerowizard\2.3.1\lib\net45\AeroWizard.dll [C:\Users\ultra\warewolf\Dev\Dev2.Runtime.Configuration.Tests\Dev2.Runtime.Configuration.Tests.csproj]
C:\Program Files\dotnet\sdk\10.0.201\Microsoft.Common.CurrentVersion.targets(2451,5): warning MSB3277:             C:\Users\ultra\.nuget\packages\groupcontrols\1.9.0\lib\net45\GroupControls.dll [C:\Users\ultra\warewolf\Dev\Dev2.Runtime.Configuration.Tests\Dev2.Runtime.Configuration.Tests.csproj]
C:\Program Files\dotnet\sdk\10.0.201\Microsoft.Common.CurrentVersion.targets(2451,5): warning MSB3277:             C:\Program Files\dotnet\packs\Microsoft.NETCore.App.Ref\8.0.25\ref/net8.0/System.Net.dll [C:\Users\ultra\warewolf\Dev\Dev2.Runtime.Configuration.Tests\Dev2.Runtime.Configuration.Tests.csproj]
C:\Program Files\dotnet\sdk\10.0.201\Microsoft.Common.CurrentVersion.targets(2451,5): warning MSB3277:             C:\Program Files\dotnet\packs\Microsoft.NETCore.App.Ref\8.0.25\ref/net8.0/System.Security.dll [C:\Users\ultra\warewolf\Dev\Dev2.Runtime.Configuration.Tests\Dev2.Runtime.Configuration.Tests.csproj]
C:\Program Files\dotnet\sdk\10.0.201\Microsoft.Common.CurrentVersion.targets(2451,5): warning MSB3277:             C:\Program Files\dotnet\packs\Microsoft.NETCore.App.Ref\8.0.25\ref/net8.0/System.ServiceProcess.dll [C:\Users\ultra\warewolf\Dev\Dev2.Runtime.Configuration.Tests\Dev2.Runtime.Configuration.Tests.csproj]
C:\Program Files\dotnet\sdk\10.0.201\Microsoft.Common.CurrentVersion.targets(2451,5): warning MSB3277:             C:\Program Files\dotnet\packs\Microsoft.NETCore.App.Ref\8.0.25\ref/net8.0/System.Transactions.dll [C:\Users\ultra\warewolf\Dev\Dev2.Runtime.Configuration.Tests\Dev2.Runtime.Configuration.Tests.csproj]
C:\Program Files\dotnet\sdk\10.0.201\Microsoft.Common.CurrentVersion.targets(2451,5): warning MSB3277:             C:\Program Files\dotnet\packs\Microsoft.NETCore.App.Ref\8.0.25\ref/net8.0/System.dll [C:\Users\ultra\warewolf\Dev\Dev2.Runtime.Configuration.Tests\Dev2.Runtime.Configuration.Tests.csproj]
C:\Program Files\dotnet\sdk\10.0.201\Microsoft.Common.CurrentVersion.targets(2451,5): warning MSB3277:             C:\Users\ultra\.nuget\packages\ttcue.netcore.sharepointonline.csom.16.1.8029.1200\16.1.8029.1200\lib\netcoreapp2.0\Microsoft.SharePoint.Client.Runtime.Windows.dll [C:\Users\ultra\warewolf\Dev\Dev2.Runtime.Configuration.Tests\Dev2.Runtime.Configuration.Tests.csproj]
C:\Program Files\dotnet\sdk\10.0.201\Microsoft.Common.CurrentVersion.targets(2451,5): warning MSB3277:             C:\Program Files\dotnet\packs\Microsoft.NETCore.App.Ref\8.0.25\ref/net8.0/WindowsBase.dll [C:\Users\ultra\warewolf\Dev\Dev2.Runtime.Configuration.Tests\Dev2.Runtime.Configuration.Tests.csproj]
C:\Program Files\dotnet\sdk\10.0.201\Microsoft.Common.CurrentVersion.targets(2451,5): warning MSB3277:             C:\Users\ultra\.nuget\packages\caliburn.micro\4.0.212\lib\netcoreapp3.1\Caliburn.Micro.Platform.dll [C:\Users\ultra\warewolf\Dev\Dev2.Runtime.Configuration.Tests\Dev2.Runtime.Configuration.Tests.csproj]
C:\Program Files\dotnet\sdk\10.0.201\Microsoft.Common.CurrentVersion.targets(2451,5): warning MSB3277:             C:\Users\ultra\.nuget\packages\microsoft.xaml.behaviors.wpf\1.1.19\lib\netcoreapp3.0\Microsoft.Xaml.Behaviors.dll [C:\Users\ultra\warewolf\Dev\Dev2.Runtime.Configuration.Tests\Dev2.Runtime.Configuration.Tests.csproj]
C:\Program Files\dotnet\sdk\10.0.201\Microsoft.Common.CurrentVersion.targets(2451,5): warning MSB3277:             C:\Program Files\dotnet\packs\Microsoft.NETCore.App.Ref\8.0.25\ref/net8.0/mscorlib.dll [C:\Users\ultra\warewolf\Dev\Dev2.Runtime.Configuration.Tests\Dev2.Runtime.Configuration.Tests.csproj]
C:\Program Files\dotnet\sdk\10.0.201\Microsoft.Common.CurrentVersion.targets(2451,5): warning MSB3277:             C:\Users\ultra\.nuget\packages\microsoft.codecoverage\17.13.0\lib\netcoreapp3.1\Microsoft.VisualStudio.CodeCoverage.Shim.dll [C:\Users\ultra\warewolf\Dev\Dev2.Runtime.Configuration.Tests\Dev2.Runtime.Configuration.Tests.csproj]
C:\Program Files\dotnet\sdk\10.0.201\Microsoft.Common.CurrentVersion.targets(2451,5): warning MSB3277:         C:\Program Files\dotnet\packs\Microsoft.NETCore.App.Ref\8.0.25\ref\net8.0\System.Drawing.dll [C:\Users\ultra\warewolf\Dev\Dev2.Runtime.Configuration.Tests\Dev2.Runtime.Configuration.Tests.csproj]
C:\Program Files\dotnet\sdk\10.0.201\Microsoft.Common.CurrentVersion.targets(2451,5): warning MSB3277:           Project file item includes which caused reference "C:\Program Files\dotnet\packs\Microsoft.NETCore.App.Ref\8.0.25\ref\net8.0\System.Drawing.dll". [C:\Users\ultra\warewolf\Dev\Dev2.Runtime.Configuration.Tests\Dev2.Runtime.Configuration.Tests.csproj]
C:\Program Files\dotnet\sdk\10.0.201\Microsoft.Common.CurrentVersion.targets(2451,5): warning MSB3277:             C:\Program Files\dotnet\packs\Microsoft.NETCore.App.Ref\8.0.25\ref/net8.0/System.Drawing.dll [C:\Users\ultra\warewolf\Dev\Dev2.Runtime.Configuration.Tests\Dev2.Runtime.Configuration.Tests.csproj]
C:\Program Files\dotnet\sdk\10.0.201\Microsoft.Common.CurrentVersion.targets(2451,5): warning MSB3277:             C:\Users\ultra\.nuget\packages\aerowizard\2.3.1\lib\net45\AeroWizard.dll [C:\Users\ultra\warewolf\Dev\Dev2.Runtime.Configuration.Tests\Dev2.Runtime.Configuration.Tests.csproj]
C:\Program Files\dotnet\sdk\10.0.201\Microsoft.Common.CurrentVersion.targets(2451,5): warning MSB3277:             C:\Users\ultra\.nuget\packages\groupcontrols\1.9.0\lib\net45\GroupControls.dll [C:\Users\ultra\warewolf\Dev\Dev2.Runtime.Configuration.Tests\Dev2.Runtime.Configuration.Tests.csproj]
C:\Program Files\dotnet\sdk\10.0.201\Microsoft.Common.CurrentVersion.targets(2451,5): warning MSB3277:             C:\Users\ultra\.nuget\packages\taskschedulereditor\2.10.1\lib\net452\Microsoft.Win32.TaskSchedulerEditor.dll [C:\Users\ultra\warewolf\Dev\Dev2.Runtime.Configuration.Tests\Dev2.Runtime.Configuration.Tests.csproj]
C:\Users\ultra\warewolf\Dev\Dev2.Diagnostics\Debug\DebugDispatcher.cs(209,35): warning CC0057: Parameter 'previous' is not used. (https://code-cracker.github.io/diagnostics/CC0057.html) [C:\Users\ultra\warewolf\Dev\Dev2.Diagnostics\Dev2.Diagnostics.csproj]
  Dev2.Diagnostics -> C:\Users\ultra\warewolf\Dev\Dev2.Diagnostics\bin\Debug\net8.0\Dev2.Diagnostics.dll
C:\Users\ultra\warewolf\Dev\Warewolf.AI.Harness\ChatbotApiService.cs(11,7): warning CS0105: The using directive for 'System.Text' appeared previously in this namespace [C:\Users\ultra\warewolf\Dev\Warewolf.AI.Harness\Warewolf.AI.Harness.csproj]
C:\Users\ultra\warewolf\Dev\Warewolf.AI.Harness\ChatbotApiService.cs(12,7): warning CS0105: The using directive for 'Newtonsoft.Json' appeared previously in this namespace [C:\Users\ultra\warewolf\Dev\Warewolf.AI.Harness\Warewolf.AI.Harness.csproj]
C:\Users\ultra\warewolf\Dev\Warewolf.AI.Harness\ChatbotApiService.cs(641,23): warning CS8618: Non-nullable property 'Model' must contain a non-null value when exiting constructor. Consider adding the 'required' modifier or declaring the property as nullable. [C:\Users\ultra\warewolf\Dev\Warewolf.AI.Harness\Warewolf.AI.Harness.csproj]
C:\Users\ultra\warewolf\Dev\Warewolf.AI.Harness\ChatbotApiService.cs(659,23): warning CS8618: Non-nullable property 'FinishReason' must contain a non-null value when exiting constructor. Consider adding the 'required' modifier or declaring the property as nullable. [C:\Users\ultra\warewolf\Dev\Warewolf.AI.Harness\Warewolf.AI.Harness.csproj]
C:\Users\ultra\warewolf\Dev\Warewolf.AI.Harness\ChatbotApiService.cs(201,34): warning CS8600: Converting null literal or possible null value to non-nullable type. [C:\Users\ultra\warewolf\Dev\Warewolf.AI.Harness\Warewolf.AI.Harness.csproj]
C:\Users\ultra\warewolf\Dev\Warewolf.AI.Harness\ChatbotApiService.cs(215,51): warning CS8602: Dereference of a possibly null reference. [C:\Users\ultra\warewolf\Dev\Warewolf.AI.Harness\Warewolf.AI.Harness.csproj]
C:\Users\ultra\warewolf\Dev\Warewolf.AI.Harness\ChatbotApiService.cs(218,25): warning CS8602: Dereference of a possibly null reference. [C:\Users\ultra\warewolf\Dev\Warewolf.AI.Harness\Warewolf.AI.Harness.csproj]
C:\Users\ultra\warewolf\Dev\Warewolf.AI.Harness\ChatbotApiService.cs(303,34): warning CS8600: Converting null literal or possible null value to non-nullable type. [C:\Users\ultra\warewolf\Dev\Warewolf.AI.Harness\Warewolf.AI.Harness.csproj]
C:\Users\ultra\warewolf\Dev\Warewolf.AI.Harness\ChatbotApiService.cs(312,51): warning CS8602: Dereference of a possibly null reference. [C:\Users\ultra\warewolf\Dev\Warewolf.AI.Harness\Warewolf.AI.Harness.csproj]
C:\Users\ultra\warewolf\Dev\Warewolf.AI.Harness\ChatbotApiService.cs(314,30): warning CS8602: Dereference of a possibly null reference. [C:\Users\ultra\warewolf\Dev\Warewolf.AI.Harness\Warewolf.AI.Harness.csproj]
C:\Users\ultra\warewolf\Dev\Warewolf.AI.Harness\ChatbotApiService.cs(477,32): warning CS8600: Converting null literal or possible null value to non-nullable type. [C:\Users\ultra\warewolf\Dev\Warewolf.AI.Harness\Warewolf.AI.Harness.csproj]
C:\Users\ultra\warewolf\Dev\Warewolf.AI.Harness\ChatbotApiService.cs(478,32): warning CS8600: Converting null literal or possible null value to non-nullable type. [C:\Users\ultra\warewolf\Dev\Warewolf.AI.Harness\Warewolf.AI.Harness.csproj]
C:\Users\ultra\warewolf\Dev\Warewolf.AI.Harness\ChatbotApiService.cs(481,73): warning CS8625: Cannot convert null literal to non-nullable reference type. [C:\Users\ultra\warewolf\Dev\Warewolf.AI.Harness\Warewolf.AI.Harness.csproj]
C:\Users\ultra\warewolf\Dev\Warewolf.AI.Harness\ChatbotApiService.cs(482,60): warning CS8604: Possible null reference argument for parameter 'authHeaderName' in 'HttpResponseMessage ChatbotApiService.PostWithAuth(string endpoint, object payload, string authHeaderName, string authHeaderValue, string additionalHeaders)'. [C:\Users\ultra\warewolf\Dev\Warewolf.AI.Harness\Warewolf.AI.Harness.csproj]
C:\Users\ultra\warewolf\Dev\Warewolf.AI.Harness\ChatbotApiService.cs(482,70): warning CS8604: Possible null reference argument for parameter 'authHeaderValue' in 'HttpResponseMessage ChatbotApiService.PostWithAuth(string endpoint, object payload, string authHeaderName, string authHeaderValue, string additionalHeaders)'. [C:\Users\ultra\warewolf\Dev\Warewolf.AI.Harness\Warewolf.AI.Harness.csproj]
C:\Users\ultra\warewolf\Dev\Warewolf.AI.Harness\ChatbotApiService.cs(482,81): warning CS8625: Cannot convert null literal to non-nullable reference type. [C:\Users\ultra\warewolf\Dev\Warewolf.AI.Harness\Warewolf.AI.Harness.csproj]
C:\Users\ultra\warewolf\Dev\Warewolf.AI.Harness\ChatbotApiService.cs(496,73): warning CS8625: Cannot convert null literal to non-nullable reference type. [C:\Users\ultra\warewolf\Dev\Warewolf.AI.Harness\Warewolf.AI.Harness.csproj]
C:\Users\ultra\warewolf\Dev\Warewolf.AI.Harness\ChatbotApiService.cs(497,81): warning CS8625: Cannot convert null literal to non-nullable reference type. [C:\Users\ultra\warewolf\Dev\Warewolf.AI.Harness\Warewolf.AI.Harness.csproj]
C:\Users\ultra\warewolf\Dev\Warewolf.AI.Harness\ChatbotApiService.cs(514,73): warning CS8625: Cannot convert null literal to non-nullable reference type. [C:\Users\ultra\warewolf\Dev\Warewolf.AI.Harness\Warewolf.AI.Harness.csproj]
C:\Users\ultra\warewolf\Dev\Warewolf.AI.Harness\ChatbotApiService.cs(515,114): warning CS8625: Cannot convert null literal to non-nullable reference type. [C:\Users\ultra\warewolf\Dev\Warewolf.AI.Harness\Warewolf.AI.Harness.csproj]
C:\Users\ultra\warewolf\Dev\Warewolf.AI.Harness\ChatbotApiService.cs(521,36): warning CS8600: Converting null literal or possible null value to non-nullable type. [C:\Users\ultra\warewolf\Dev\Warewolf.AI.Harness\Warewolf.AI.Harness.csproj]
C:\Users\ultra\warewolf\Dev\Warewolf.AI.Harness\ChatbotApiService.cs(538,82): warning CS8604: Possible null reference argument for parameter 'systemMessage' in 'Dictionary<string, object> ChatbotApiService.CreatePayload(string model, object messages, string systemMessage, bool useMaxCompletionTokens, bool includeTemperature)'. [C:\Users\ultra\warewolf\Dev\Warewolf.AI.Harness\Warewolf.AI.Harness.csproj]
C:\Users\ultra\warewolf\Dev\Warewolf.AI.Harness\ChatbotApiService.cs(545,35): warning CS8600: Converting null literal or possible null value to non-nullable type. [C:\Users\ultra\warewolf\Dev\Warewolf.AI.Harness\Warewolf.AI.Harness.csproj]
C:\Users\ultra\warewolf\Dev\Warewolf.AI.Harness\ChatbotApiService.cs(589,68): warning CS8625: Cannot convert null literal to non-nullable reference type. [C:\Users\ultra\warewolf\Dev\Warewolf.AI.Harness\Warewolf.AI.Harness.csproj]
C:\Users\ultra\warewolf\Dev\Warewolf.AI.Harness\ChatbotApiService.cs(589,74): warning CS8625: Cannot convert null literal to non-nullable reference type. [C:\Users\ultra\warewolf\Dev\Warewolf.AI.Harness\Warewolf.AI.Harness.csproj]
C:\Users\ultra\warewolf\Dev\Warewolf.AI.Harness\ChatbotApiService.cs(589,80): warning CS8625: Cannot convert null literal to non-nullable reference type. [C:\Users\ultra\warewolf\Dev\Warewolf.AI.Harness\Warewolf.AI.Harness.csproj]
  Warewolf.AI.Harness -> C:\Users\ultra\warewolf\Dev\Warewolf.AI.Harness\bin\Debug\net8.0\Warewolf.AI.Harness.dll
  Dev2.Runtime.Configuration.Tests -> C:\Users\ultra\warewolf\Dev\Dev2.Runtime.Configuration.Tests\bin\Debug\net8.0\linux-x64\Dev2.Runtime.Configuration.Tests.dll
C:\Users\ultra\warewolf\Dev\Dev2.Infrastructure\PerformanceCounters\PerformanceCounterCategoryWrapper.cs(33,48): warning CA1416: This call site is reachable on all platforms. 'PerformanceCounterCategory.Exists(string)' is only supported on: 'windows'. (https://learn.microsoft.com/dotnet/fundamentals/code-analysis/quality-rules/ca1416) [C:\Users\ultra\warewolf\Dev\Dev2.Infrastructure\Dev2.Infrastructure.csproj]
C:\Users\ultra\warewolf\Dev\Dev2.Infrastructure\PerformanceCounters\PerformanceCounterCategoryWrapper.cs(38,29): warning CA1416: This call site is reachable on all platforms. 'PerformanceCounterCategory' is only supported on: 'windows'. (https://learn.microsoft.com/dotnet/fundamentals/code-analysis/quality-rules/ca1416) [C:\Users\ultra\warewolf\Dev\Dev2.Infrastructure\Dev2.Infrastructure.csproj]
C:\Users\ultra\warewolf\Dev\Dev2.Infrastructure\PerformanceCounters\PerformanceCounterCategoryWrapper.cs(32,48): warning CA1416: This call site is reachable on all platforms. 'PerformanceCounterCategory.Delete(string)' is only supported on: 'windows'. (https://learn.microsoft.com/dotnet/fundamentals/code-analysis/quality-rules/ca1416) [C:\Users\ultra\warewolf\Dev\Dev2.Infrastructure\Dev2.Infrastructure.csproj]
C:\Users\ultra\warewolf\Dev\Dev2.Infrastructure\PerformanceCounters\PerformanceCounterCategoryWrapper.cs(12,51): warning CA1416: This call site is reachable on all platforms. 'PerformanceCounterCategory.CounterExists(string)' is only supported on: 'windows'. (https://learn.microsoft.com/dotnet/fundamentals/code-analysis/quality-rules/ca1416) [C:\Users\ultra\warewolf\Dev\Dev2.Infrastructure\Dev2.Infrastructure.csproj]
C:\Users\ultra\warewolf\Dev\Dev2.Infrastructure\PerformanceCounters\PerformanceCounterCategoryWrapper.cs(19,45): warning CA1416: This call site is reachable on all platforms. 'CounterCreationData' is only supported on: 'windows'. (https://learn.microsoft.com/dotnet/fundamentals/code-analysis/quality-rules/ca1416) [C:\Users\ultra\warewolf\Dev\Dev2.Infrastructure\Dev2.Infrastructure.csproj]
C:\Users\ultra\warewolf\Dev\Dev2.Infrastructure\PerformanceCounters\PerformanceCounterCategoryWrapper.cs(14,49): warning CA1416: This call site is reachable on all platforms. 'CounterCreationDataCollection' is only supported on: 'windows'. (https://learn.microsoft.com/dotnet/fundamentals/code-analysis/quality-rules/ca1416) [C:\Users\ultra\warewolf\Dev\Dev2.Infrastructure\Dev2.Infrastructure.csproj]
C:\Users\ultra\warewolf\Dev\Dev2.Infrastructure\PerformanceCounters\PerformanceCounterCategoryWrapper.cs(29,13): warning CA1416: This call site is reachable on all platforms. 'PerformanceCounterCategory.Create(string, string, PerformanceCounterCategoryType, CounterCreationDataCollection)' is only supported on: 'windows'. (https://learn.microsoft.com/dotnet/fundamentals/code-analysis/quality-rules/ca1416) [C:\Users\ultra\warewolf\Dev\Dev2.Infrastructure\Dev2.Infrastructure.csproj]
C:\Users\ultra\warewolf\Dev\Dev2.Infrastructure\PerformanceCounters\PerformanceCounterCategoryWrapper.cs(29,71): warning CA1416: This call site is reachable on all platforms. 'PerformanceCounterCategoryType.MultiInstance' is only supported on: 'windows'. (https://learn.microsoft.com/dotnet/fundamentals/code-analysis/quality-rules/ca1416) [C:\Users\ultra\warewolf\Dev\Dev2.Infrastructure\Dev2.Infrastructure.csproj]
C:\Users\ultra\warewolf\Dev\Dev2.Infrastructure\PerformanceCounters\PerformanceCounterCategoryWrapper.cs(25,21): warning CA1416: This call site is reachable on all platforms. 'CounterCreationDataCollection.Add(CounterCreationData)' is only supported on: 'windows'. (https://learn.microsoft.com/dotnet/fundamentals/code-analysis/quality-rules/ca1416) [C:\Users\ultra\warewolf\Dev\Dev2.Infrastructure\Dev2.Infrastructure.csproj]
C:\Users\ultra\warewolf\Dev\Dev2.Infrastructure\PerformanceCounters\Management\WarewolfPerformanceCounterManager.cs(22,140): warning CC0057: Parameter 'register' is not used. (https://code-cracker.github.io/diagnostics/CC0057.html) [C:\Users\ultra\warewolf\Dev\Dev2.Infrastructure\Dev2.Infrastructure.csproj]
C:\Users\ultra\warewolf\Dev\Dev2.Infrastructure\PerformanceCounters\Management\WarewolfPerformanceCounterManager.cs(67,83): warning CC0057: Parameter 'name' is not used. (https://code-cracker.github.io/diagnostics/CC0057.html) [C:\Users\ultra\warewolf\Dev\Dev2.Infrastructure\Dev2.Infrastructure.csproj]
C:\Users\ultra\warewolf\Dev\Dev2.Infrastructure\PerformanceCounters\PerformanceCounterCategoryWrapper.cs(48,28): warning CA1416: This call site is reachable on all platforms. 'PerformanceCounterType.AverageBase' is only supported on: 'windows'. (https://learn.microsoft.com/dotnet/fundamentals/code-analysis/quality-rules/ca1416) [C:\Users\ultra\warewolf\Dev\Dev2.Infrastructure\Dev2.Infrastructure.csproj]
C:\Users\ultra\warewolf\Dev\Dev2.Infrastructure\PerformanceCounters\PerformanceCounterCategoryWrapper.cs(52,28): warning CA1416: This call site is reachable on all platforms. 'PerformanceCounterType.NumberOfItems32' is only supported on: 'windows'. (https://learn.microsoft.com/dotnet/fundamentals/code-analysis/quality-rules/ca1416) [C:\Users\ultra\warewolf\Dev\Dev2.Infrastructure\Dev2.Infrastructure.csproj]
C:\Users\ultra\warewolf\Dev\Dev2.Infrastructure\PerformanceCounters\PerformanceCounterCategoryWrapper.cs(50,28): warning CA1416: This call site is reachable on all platforms. 'PerformanceCounterType.AverageTimer32' is only supported on: 'windows'. (https://learn.microsoft.com/dotnet/fundamentals/code-analysis/quality-rules/ca1416) [C:\Users\ultra\warewolf\Dev\Dev2.Infrastructure\Dev2.Infrastructure.csproj]
C:\Users\ultra\warewolf\Dev\Dev2.Infrastructure\PerformanceCounters\PerformanceCounterCategoryWrapper.cs(54,28): warning CA1416: This call site is reachable on all platforms. 'PerformanceCounterType.RateOfCountsPerSecond32' is only supported on: 'windows'. (https://learn.microsoft.com/dotnet/fundamentals/code-analysis/quality-rules/ca1416) [C:\Users\ultra\warewolf\Dev\Dev2.Infrastructure\Dev2.Infrastructure.csproj]
C:\Users\ultra\warewolf\Dev\Dev2.Infrastructure\PerformanceCounters\Management\PerformanceCounterPersistence.cs(48,81): warning CC0057: Parameter 'resourcePerformanceCounters' is not used. (https://code-cracker.github.io/diagnostics/CC0057.html) [C:\Users\ultra\warewolf\Dev\Dev2.Infrastructure\Dev2.Infrastructure.csproj]
C:\Users\ultra\warewolf\Dev\Dev2.Infrastructure\Services\Security\MoqInstallerActions\InstallerActionsForDevelopment.cs(59,57): warning CA1416: This call site is reachable on all platforms. 'WindowsIdentity.Name' is only supported on: 'windows'. (https://learn.microsoft.com/dotnet/fundamentals/code-analysis/quality-rules/ca1416) [C:\Users\ultra\warewolf\Dev\Dev2.Infrastructure\Dev2.Infrastructure.csproj]
C:\Users\ultra\warewolf\Dev\Dev2.Infrastructure\Services\Security\MoqInstallerActions\InstallerActionsForDevelopment.cs(57,31): warning CA1416: This call site is reachable on all platforms. 'WindowsIdentity.GetCurrent(bool)' is only supported on: 'windows'. (https://learn.microsoft.com/dotnet/fundamentals/code-analysis/quality-rules/ca1416) [C:\Users\ultra\warewolf\Dev\Dev2.Infrastructure\Dev2.Infrastructure.csproj]
C:\Users\ultra\warewolf\Dev\Dev2.Infrastructure\Services\Security\SecuritySettings.cs(92,28): warning CC0022: HMACSHA256 should be disposed. (https://code-cracker.github.io/diagnostics/CC0022.html) [C:\Users\ultra\warewolf\Dev\Dev2.Infrastructure\Dev2.Infrastructure.csproj]
CSC : warning AD0001: Analyzer 'CodeCracker.CSharp.Design.UseInvokeMethodToFireEventAnalyzer' threw an exception of type 'System.ArgumentException' with message 'Syntax node is not within syntax tree'. [C:\Users\ultra\warewolf\Dev\Dev2.Infrastructure\Dev2.Infrastructure.csproj]
CSC : warning AD0001: Analyzer 'CodeCracker.CSharp.Design.UseInvokeMethodToFireEventAnalyzer' threw an exception of type 'System.ArgumentException' with message 'Syntax node is not within syntax tree'. [C:\Users\ultra\warewolf\Dev\Dev2.Infrastructure\Dev2.Infrastructure.csproj]
CSC : warning AD0001: Analyzer 'CodeCracker.CSharp.Design.UseInvokeMethodToFireEventAnalyzer' threw an exception of type 'System.ArgumentException' with message 'Syntax node is not within syntax tree'. [C:\Users\ultra\warewolf\Dev\Dev2.Infrastructure\Dev2.Infrastructure.csproj]
CSC : warning AD0001: Analyzer 'CodeCracker.CSharp.Design.UseInvokeMethodToFireEventAnalyzer' threw an exception of type 'System.ArgumentException' with message 'Syntax node is not within syntax tree'. [C:\Users\ultra\warewolf\Dev\Dev2.Infrastructure\Dev2.Infrastructure.csproj]
CSC : warning AD0001: Analyzer 'CodeCracker.CSharp.Design.UseInvokeMethodToFireEventAnalyzer' threw an exception of type 'System.ArgumentException' with message 'Syntax node is not within syntax tree'. [C:\Users\ultra\warewolf\Dev\Dev2.Infrastructure\Dev2.Infrastructure.csproj]
CSC : warning AD0001: Analyzer 'CodeCracker.CSharp.Design.UseInvokeMethodToFireEventAnalyzer' threw an exception of type 'System.ArgumentException' with message 'Syntax node is not within syntax tree'. [C:\Users\ultra\warewolf\Dev\Dev2.Infrastructure\Dev2.Infrastructure.csproj]
CSC : warning AD0001: Analyzer 'CodeCracker.CSharp.Design.UseInvokeMethodToFireEventAnalyzer' threw an exception of type 'System.ArgumentException' with message 'Syntax node is not within syntax tree'. [C:\Users\ultra\warewolf\Dev\Dev2.Infrastructure\Dev2.Infrastructure.csproj]
CSC : warning AD0001: Analyzer 'CodeCracker.CSharp.Design.UseInvokeMethodToFireEventAnalyzer' threw an exception of type 'System.ArgumentException' with message 'Syntax node is not within syntax tree'. [C:\Users\ultra\warewolf\Dev\Dev2.Infrastructure\Dev2.Infrastructure.csproj]
CSC : warning AD0001: Analyzer 'CodeCracker.CSharp.Design.UseInvokeMethodToFireEventAnalyzer' threw an exception of type 'System.ArgumentException' with message 'Syntax node is not within syntax tree'. [C:\Users\ultra\warewolf\Dev\Dev2.Infrastructure\Dev2.Infrastructure.csproj]
CSC : warning AD0001: Analyzer 'CodeCracker.CSharp.Design.UseInvokeMethodToFireEventAnalyzer' threw an exception of type 'System.ArgumentException' with message 'Syntax node is not within syntax tree'. [C:\Users\ultra\warewolf\Dev\Dev2.Infrastructure\Dev2.Infrastructure.csproj]
CSC : warning AD0001: Analyzer 'CodeCracker.CSharp.Design.UseInvokeMethodToFireEventAnalyzer' threw an exception of type 'System.ArgumentException' with message 'Syntax node is not within syntax tree'. [C:\Users\ultra\warewolf\Dev\Dev2.Infrastructure\Dev2.Infrastructure.csproj]
CSC : warning AD0001: Analyzer 'CodeCracker.CSharp.Design.UseInvokeMethodToFireEventAnalyzer' threw an exception of type 'System.ArgumentException' with message 'Syntax node is not within syntax tree'. [C:\Users\ultra\warewolf\Dev\Dev2.Infrastructure\Dev2.Infrastructure.csproj]
CSC : warning AD0001: Analyzer 'CodeCracker.CSharp.Design.UseInvokeMethodToFireEventAnalyzer' threw an exception of type 'System.ArgumentException' with message 'Syntax node is not within syntax tree'. [C:\Users\ultra\warewolf\Dev\Dev2.Infrastructure\Dev2.Infrastructure.csproj]
CSC : warning AD0001: Analyzer 'CodeCracker.CSharp.Design.UseInvokeMethodToFireEventAnalyzer' threw an exception of type 'System.ArgumentException' with message 'Syntax node is not within syntax tree'. [C:\Users\ultra\warewolf\Dev\Dev2.Infrastructure\Dev2.Infrastructure.csproj]
  Dev2.Infrastructure -> C:\Users\ultra\warewolf\Dev\Dev2.Infrastructure\bin\Debug\net8.0\Dev2.Infrastructure.dll
C:\Program Files\dotnet\sdk\10.0.201\Microsoft.CSharp.CurrentVersion.targets(130,9): warning MSB3884: Could not find rule set file "..\.sonarlint\warewolf_dotnet_frameworkcsharp.ruleset". [C:\Users\ultra\warewolf\Dev\Warewolf.Sharepoint\Warewolf.Sharepoint.csproj]
  Dev2.Runtime.Configuration.Tests -> C:\Users\ultra\warewolf\Dev\Dev2.Runtime.Configuration.Tests\bin\Debug\net8.0\Dev2.Runtime.Configuration.Tests.dll
C:\Users\ultra\warewolf\Dev\Warewolf.PerfMon\Program.cs(26,2): warning CA1416: This call site is reachable on all platforms. 'ServiceBase.Run(ServiceBase)' is only supported on: 'windows'. (https://learn.microsoft.com/dotnet/fundamentals/code-analysis/quality-rules/ca1416) [C:\Users\ultra\warewolf\Dev\Warewolf.PerfMon\Warewolf.PerfMon.csproj]
  Warewolf.PerfMon -> C:\Users\ultra\warewolf\Dev\Warewolf.PerfMon\bin\Debug\net8.0\Warewolf.PerfMon.dll
C:\Users\ultra\warewolf\Dev\Dev2.SignalR.Wrappers.New\HubConnectionWrapper.cs(431,21): warning SYSLIB0006: 'Thread.Abort()' is obsolete: 'Thread.Abort is not supported and throws PlatformNotSupportedException.' (https://aka.ms/dotnet-warnings/SYSLIB0006) [C:\Users\ultra\warewolf\Dev\Dev2.SignalR.Wrappers.New\Dev2.SignalR.Wrappers.New.csproj]
C:\Users\ultra\warewolf\Dev\Dev2.SignalR.Wrappers.New\HubConnectionWrapper.cs(205,21): warning CC0029: 'HubConnectionWrapper' should call GC.SuppressFinalize inside the Dispose method. (https://code-cracker.github.io/diagnostics/CC0029.html) [C:\Users\ultra\warewolf\Dev\Dev2.SignalR.Wrappers.New\Dev2.SignalR.Wrappers.New.csproj]
C:\Users\ultra\warewolf\Dev\Dev2.SignalR.Wrappers.New\HubConnectionWrapper.cs(383,17): warning CC0105: Use 'var' instead of specifying the type name. (https://code-cracker.github.io/diagnostics/CC0105.html) [C:\Users\ultra\warewolf\Dev\Dev2.SignalR.Wrappers.New\Dev2.SignalR.Wrappers.New.csproj]
  Warewolf.Sharepoint -> C:\Users\ultra\warewolf\Dev\Warewolf.Sharepoint\bin\Debug\net8.0\Warewolf.Sharepoint.dll
  Dev2.SignalR.Wrappers.New -> C:\Users\ultra\warewolf\Dev\Dev2.SignalR.Wrappers.New\bin\Debug\net8.0\Dev2.SignalR.Wrappers.New.dll
C:\Users\ultra\warewolf\Dev\Warewolf.PerfMon\Program.cs(26,2): warning CA1416: This call site is reachable on all platforms. 'ServiceBase.Run(ServiceBase)' is only supported on: 'windows'. (https://learn.microsoft.com/dotnet/fundamentals/code-analysis/quality-rules/ca1416) [C:\Users\ultra\warewolf\Dev\Warewolf.PerfMon\Warewolf.PerfMon.csproj]
  Warewolf.PerfMon -> C:\Users\ultra\warewolf\Dev\Warewolf.PerfMon\bin\Debug\net8.0\linux-x64\Warewolf.PerfMon.dll
  Warewolf.Storage -> C:\Users\ultra\warewolf\Dev\Warewolf.Storage\bin\Debug\net8.0\Warewolf.Storage.dll
C:\Program Files\dotnet\sdk\10.0.201\Microsoft.Common.CurrentVersion.targets(2451,5): warning MSB3245: Could not resolve this reference. Could not locate the assembly "System.Web". Check to make sure the assembly exists on disk. If this reference is required by your code, you may get compilation errors. [C:\Users\ultra\warewolf\Dev\Dev2.Data\Dev2.Data.csproj]
C:\Program Files\dotnet\sdk\10.0.201\Microsoft.Common.CurrentVersion.targets(2451,5): warning MSB3245: Could not resolve this reference. Could not locate the assembly "System.Web.Extensions". Check to make sure the assembly exists on disk. If this reference is required by your code, you may get compilation errors. [C:\Users\ultra\warewolf\Dev\Dev2.Data\Dev2.Data.csproj]
C:\Program Files\dotnet\sdk\10.0.201\Microsoft.Common.CurrentVersion.targets(2451,5): warning MSB3245: Could not resolve this reference. Could not locate the assembly "System.Xml.Linq". Check to make sure the assembly exists on disk. If this reference is required by your code, you may get compilation errors. [C:\Users\ultra\warewolf\Dev\Dev2.Data\Dev2.Data.csproj]
C:\Program Files\dotnet\sdk\10.0.201\Microsoft.Common.CurrentVersion.targets(2451,5): warning MSB3245: Could not resolve this reference. Could not locate the assembly "System.Data.DataSetExtensions". Check to make sure the assembly exists on disk. If this reference is required by your code, you may get compilation errors. [C:\Users\ultra\warewolf\Dev\Dev2.Data\Dev2.Data.csproj]
C:\Program Files\dotnet\sdk\10.0.201\Microsoft.Common.CurrentVersion.targets(2451,5): warning MSB3245: Could not resolve this reference. Could not locate the assembly "Microsoft.CSharp". Check to make sure the assembly exists on disk. If this reference is required by your code, you may get compilation errors. [C:\Users\ultra\warewolf\Dev\Dev2.Data\Dev2.Data.csproj]
C:\Program Files\dotnet\sdk\10.0.201\Microsoft.Common.CurrentVersion.targets(2451,5): warning MSB3245: Could not resolve this reference. Could not locate the assembly "System.Data". Check to make sure the assembly exists on disk. If this reference is required by your code, you may get compilation errors. [C:\Users\ultra\warewolf\Dev\Dev2.Data\Dev2.Data.csproj]
C:\Program Files\dotnet\sdk\10.0.201\Microsoft.Common.CurrentVersion.targets(2451,5): warning MSB3245: Could not resolve this reference. Could not locate the assembly "System.Xml". Check to make sure the assembly exists on disk. If this reference is required by your code, you may get compilation errors. [C:\Users\ultra\warewolf\Dev\Dev2.Data\Dev2.Data.csproj]
C:\Program Files\dotnet\sdk\10.0.201\Microsoft.Common.CurrentVersion.targets(2451,5): warning MSB3243: No way to resolve conflict between "System.Web, Version=4.0.0.0, Culture=neutral, PublicKeyToken=b03f5f7f11d50a3a" and "System.Web". Choosing "System.Web, Version=4.0.0.0, Culture=neutral, PublicKeyToken=b03f5f7f11d50a3a" arbitrarily. [C:\Users\ultra\warewolf\Dev\Dev2.Data\Dev2.Data.csproj]
C:\Program Files\dotnet\sdk\10.0.201\Microsoft.Common.CurrentVersion.targets(2451,5): warning MSB3243: No way to resolve conflict between "System.Xml.Linq, Version=4.0.0.0, Culture=neutral, PublicKeyToken=b77a5c561934e089" and "System.Xml.Linq". Choosing "System.Xml.Linq, Version=4.0.0.0, Culture=neutral, PublicKeyToken=b77a5c561934e089" arbitrarily. [C:\Users\ultra\warewolf\Dev\Dev2.Data\Dev2.Data.csproj]
C:\Program Files\dotnet\sdk\10.0.201\Microsoft.Common.CurrentVersion.targets(2451,5): warning MSB3243: No way to resolve conflict between "System.Data.DataSetExtensions, Version=8.0.0.0, Culture=neutral, PublicKeyToken=b77a5c561934e089" and "System.Data.DataSetExtensions". Choosing "System.Data.DataSetExtensions, Version=8.0.0.0, Culture=neutral, PublicKeyToken=b77a5c561934e089" arbitrarily. [C:\Users\ultra\warewolf\Dev\Dev2.Data\Dev2.Data.csproj]
C:\Program Files\dotnet\sdk\10.0.201\Microsoft.Common.CurrentVersion.targets(2451,5): warning MSB3243: No way to resolve conflict between "Microsoft.CSharp, Version=8.0.0.0, Culture=neutral, PublicKeyToken=b03f5f7f11d50a3a" and "Microsoft.CSharp". Choosing "Microsoft.CSharp, Version=8.0.0.0, Culture=neutral, PublicKeyToken=b03f5f7f11d50a3a" arbitrarily. [C:\Users\ultra\warewolf\Dev\Dev2.Data\Dev2.Data.csproj]
C:\Program Files\dotnet\sdk\10.0.201\Microsoft.Common.CurrentVersion.targets(2451,5): warning MSB3243: No way to resolve conflict between "System.Data, Version=4.0.0.0, Culture=neutral, PublicKeyToken=b77a5c561934e089" and "System.Data". Choosing "System.Data, Version=4.0.0.0, Culture=neutral, PublicKeyToken=b77a5c561934e089" arbitrarily. [C:\Users\ultra\warewolf\Dev\Dev2.Data\Dev2.Data.csproj]
C:\Program Files\dotnet\sdk\10.0.201\Microsoft.Common.CurrentVersion.targets(2451,5): warning MSB3243: No way to resolve conflict between "System.Xml, Version=4.0.0.0, Culture=neutral, PublicKeyToken=b77a5c561934e089" and "System.Xml". Choosing "System.Xml, Version=4.0.0.0, Culture=neutral, PublicKeyToken=b77a5c561934e089" arbitrarily. [C:\Users\ultra\warewolf\Dev\Dev2.Data\Dev2.Data.csproj]
CSC : warning CS2002: Source file 'C:\Users\ultra\warewolf\Dev\Dev2.Data\MathOperations\NCalc\NCalcExpressionBuilder.cs' specified multiple times [C:\Users\ultra\warewolf\Dev\Dev2.Data\Dev2.Data.csproj]
CSC : warning CS2002: Source file 'C:\Users\ultra\warewolf\Dev\Dev2.Data\MathOperations\NCalc\NCalcFunctionArgHelper.cs' specified multiple times [C:\Users\ultra\warewolf\Dev\Dev2.Data\Dev2.Data.csproj]
CSC : warning CS2002: Source file 'C:\Users\ultra\warewolf\Dev\Dev2.Data\MathOperations\NCalc\Functions\BaseConversionFunctions.cs' specified multiple times [C:\Users\ultra\warewolf\Dev\Dev2.Data\Dev2.Data.csproj]
CSC : warning CS2002: Source file 'C:\Users\ultra\warewolf\Dev\Dev2.Data\MathOperations\NCalc\Functions\ComplexFunctions.cs' specified multiple times [C:\Users\ultra\warewolf\Dev\Dev2.Data\Dev2.Data.csproj]
CSC : warning CS2002: Source file 'C:\Users\ultra\warewolf\Dev\Dev2.Data\MathOperations\NCalc\Functions\DateTimeFunctions.cs' specified multiple times [C:\Users\ultra\warewolf\Dev\Dev2.Data\Dev2.Data.csproj]
CSC : warning CS2002: Source file 'C:\Users\ultra\warewolf\Dev\Dev2.Data\MathOperations\NCalc\Functions\FinancialFunctions.cs' specified multiple times [C:\Users\ultra\warewolf\Dev\Dev2.Data\Dev2.Data.csproj]
CSC : warning CS2002: Source file 'C:\Users\ultra\warewolf\Dev\Dev2.Data\MathOperations\NCalc\Functions\InformationFunctions.cs' specified multiple times [C:\Users\ultra\warewolf\Dev\Dev2.Data\Dev2.Data.csproj]
CSC : warning CS2002: Source file 'C:\Users\ultra\warewolf\Dev\Dev2.Data\MathOperations\NCalc\Functions\MathFunctions.cs' specified multiple times [C:\Users\ultra\warewolf\Dev\Dev2.Data\Dev2.Data.csproj]
CSC : warning CS2002: Source file 'C:\Users\ultra\warewolf\Dev\Dev2.Data\MathOperations\NCalc\Functions\StringFunctions.cs' specified multiple times [C:\Users\ultra\warewolf\Dev\Dev2.Data\Dev2.Data.csproj]
C:\Users\ultra\warewolf\Dev\Dev2.Services.Sql\ConnectionBuilder.cs(44,21): warning CC0029: 'ConnectionBuilder' should call GC.SuppressFinalize inside the Dispose method. (https://code-cracker.github.io/diagnostics/CC0029.html) [C:\Users\ultra\warewolf\Dev\Dev2.Services.Sql\Dev2.Services.Sql.csproj]
  Dev2.Services.Sql -> C:\Users\ultra\warewolf\Dev\Dev2.Services.Sql\bin\Debug\net8.0\Dev2.Services.Sql.dll
C:\Users\ultra\warewolf\Dev\Dev2.Data\MathOperations\NCalc\Functions\MathFunctions.cs(22,30): warning CS8632: The annotation for nullable reference types should only be used in code within a '#nullable' annotations context. [C:\Users\ultra\warewolf\Dev\Dev2.Data\Dev2.Data.csproj]
C:\Users\ultra\warewolf\Dev\Dev2.Data\MathOperations\NCalc\NCalcFunctionArgHelper.cs(51,47): warning CS8632: The annotation for nullable reference types should only be used in code within a '#nullable' annotations context. [C:\Users\ultra\warewolf\Dev\Dev2.Data\Dev2.Data.csproj]
C:\Users\ultra\warewolf\Dev\Dev2.Data\MathOperations\NCalc\Functions\StringFunctions.cs(94,59): warning CS8632: The annotation for nullable reference types should only be used in code within a '#nullable' annotations context. [C:\Users\ultra\warewolf\Dev\Dev2.Data\Dev2.Data.csproj]
C:\Users\ultra\warewolf\Dev\Dev2.Data\NativeMethods.cs(66,59): warning CS0472: The result of the expression is always 'false' since a value of type 'nint' is never equal to 'null' of type 'nint?' [C:\Users\ultra\warewolf\Dev\Dev2.Data\Dev2.Data.csproj]
C:\Users\ultra\warewolf\Dev\Dev2.Data\NativeMethods.cs(88,8): warning CS0472: The result of the expression is always 'false' since a value of type 'nint' is never equal to 'null' of type 'nint?' [C:\Users\ultra\warewolf\Dev\Dev2.Data\Dev2.Data.csproj]
C:\Users\ultra\warewolf\Dev\Dev2.Data\Security\WindowsIdentityExtensions.cs(28,17): warning CA1416: This call site is reachable on all platforms. 'WindowsIdentity.RunImpersonated(SafeAccessTokenHandle, Action)' is only supported on: 'windows'. (https://learn.microsoft.com/dotnet/fundamentals/code-analysis/quality-rules/ca1416) [C:\Users\ultra\warewolf\Dev\Dev2.Data\Dev2.Data.csproj]
C:\Users\ultra\warewolf\Dev\Dev2.Data\Security\WindowsIdentityExtensions.cs(41,24): warning CA1416: This call site is reachable on all platforms. 'WindowsIdentity.RunImpersonated<T>(SafeAccessTokenHandle, Func<T>)' is only supported on: 'windows'. (https://learn.microsoft.com/dotnet/fundamentals/code-analysis/quality-rules/ca1416) [C:\Users\ultra\warewolf\Dev\Dev2.Data\Dev2.Data.csproj]
C:\Users\ultra\warewolf\Dev\Dev2.Data\Security\WindowsIdentityExtensions.cs(41,59): warning CA1416: This call site is reachable on all platforms. 'WindowsIdentity.AccessToken' is only supported on: 'windows'. (https://learn.microsoft.com/dotnet/fundamentals/code-analysis/quality-rules/ca1416) [C:\Users\ultra\warewolf\Dev\Dev2.Data\Dev2.Data.csproj]
C:\Users\ultra\warewolf\Dev\Dev2.Data\Security\WindowsIdentityExtensions.cs(28,49): warning CA1416: This call site is reachable on all platforms. 'WindowsIdentity.AccessToken' is only supported on: 'windows'. (https://learn.microsoft.com/dotnet/fundamentals/code-analysis/quality-rules/ca1416) [C:\Users\ultra\warewolf\Dev\Dev2.Data\Dev2.Data.csproj]
C:\Users\ultra\warewolf\Dev\Dev2.Data\PathOperations\ValidateAuthorization.cs(73,33): warning CA1416: This call site is reachable on all platforms. 'WindowsIdentity' is only supported on: 'windows'. (https://learn.microsoft.com/dotnet/fundamentals/code-analysis/quality-rules/ca1416) [C:\Users\ultra\warewolf\Dev\Dev2.Data\Dev2.Data.csproj]
  Dev2.Data -> C:\Users\ultra\warewolf\Dev\Dev2.Data\bin\Debug\net8.0\Dev2.Data.dll
  Warewolf.Driver.Serilog -> C:\Users\ultra\warewolf\Dev\Warewolf.Driver.Serilog\bin\Debug\net8.0\Warewolf.Driver.Serilog.dll
  Dev2.Scheduler -> C:\Users\ultra\warewolf\Dev\Dev2.Scheduler\bin\Debug\net8.0\Dev2.Scheduler.dll
  Dev2.Core -> C:\Users\ultra\warewolf\Dev\Dev2.Core\bin\Debug\net8.0\Dev2.Core.dll
C:\Users\ultra\warewolf\Dev\Warewolf.Auditing\Audit.cs(189,26): warning CS8073: The result of the expression is always 'false' since a value of type 'DateTime' is never equal to 'null' of type 'DateTime?' [C:\Users\ultra\warewolf\Dev\Warewolf.Auditing\Warewolf.Auditing.csproj]
C:\Users\ultra\warewolf\Dev\Warewolf.Auditing\Drivers\AuditQueryableElastic.cs(360,33): warning CS0618: 'ElasticsearchClient.Search<TDocument>(SearchRequestDescriptor<TDocument>)' is obsolete: 'Synchronous methods are deprecated and could be removed in the future.' [C:\Users\ultra\warewolf\Dev\Warewolf.Auditing\Warewolf.Auditing.csproj]
C:\Users\ultra\warewolf\Dev\Warewolf.Auditing\Drivers\AuditQueryableElastic.cs(384,26): warning CS0618: 'ElasticsearchClient.Ping()' is obsolete: 'Synchronous methods are deprecated and could be removed in the future.' [C:\Users\ultra\warewolf\Dev\Warewolf.Auditing\Warewolf.Auditing.csproj]
  Warewolf.Exchange.Email.Wrapper -> C:\Users\ultra\warewolf\Dev\Warewolf.Exchange.Email.Wrapper\bin\Debug\net8.0\Warewolf.Exchange.Email.Wrapper.dll
  Warewolf.ResourceManagement -> C:\Users\ultra\warewolf\Dev\Warewolf.ResourceManagement\bin\Debug\net8.0\Warewolf.ResourceManagement.dll
  Warewolf.Auditing -> C:\Users\ultra\warewolf\Dev\Warewolf.Auditing\bin\Debug\net8.0\Warewolf.Auditing.dll
C:\Users\ultra\warewolf\Dev\Warewolf.Core\InputsFromJson.cs(99,21): warning CC0105: Use 'var' instead of specifying the type name. (https://code-cracker.github.io/diagnostics/CC0105.html) [C:\Users\ultra\warewolf\Dev\Warewolf.Core\Warewolf.Core.csproj]
  Warewolf.Core -> C:\Users\ultra\warewolf\Dev\Warewolf.Core\bin\Debug\net8.0\Warewolf.Core.dll
C:\Users\ultra\warewolf\Dev\Warewolf.Common.NetStandard20\Wrappers\WebRequestWrapper.cs(26,24): warning SYSLIB0014: 'WebRequest.Create(string)' is obsolete: 'WebRequest, HttpWebRequest, ServicePoint, and WebClient are obsolete. Use HttpClient instead.' (https://aka.ms/dotnet-warnings/SYSLIB0014) [C:\Users\ultra\warewolf\Dev\Warewolf.Common.NetStandard20\Warewolf.Common.NetStandard20.csproj]
C:\Users\ultra\warewolf\Dev\Warewolf.Common.NetStandard20\Wrappers\WebClientWrapper.cs(26,26): warning SYSLIB0014: 'WebClient.WebClient()' is obsolete: 'WebRequest, HttpWebRequest, ServicePoint, and WebClient are obsolete. Use HttpClient instead.' (https://aka.ms/dotnet-warnings/SYSLIB0014) [C:\Users\ultra\warewolf\Dev\Warewolf.Common.NetStandard20\Warewolf.Common.NetStandard20.csproj]
C:\Users\ultra\warewolf\Dev\Warewolf.Common.NetStandard20\Wrappers\WebClientWrapper.cs(31,26): warning SYSLIB0014: 'WebClient.WebClient()' is obsolete: 'WebRequest, HttpWebRequest, ServicePoint, and WebClient are obsolete. Use HttpClient instead.' (https://aka.ms/dotnet-warnings/SYSLIB0014) [C:\Users\ultra\warewolf\Dev\Warewolf.Common.NetStandard20\Warewolf.Common.NetStandard20.csproj]
  Warewolf.Common.NetStandard20 -> C:\Users\ultra\warewolf\Dev\Warewolf.Common.NetStandard20\bin\Debug\net8.0\Warewolf.Common.NetStandard20.dll
C:\Users\ultra\warewolf\Dev\Dev2.Runtime.Services\ServiceModel\ElasticsearchSources.cs(110,34): warning CS0618: 'ElasticsearchClient.Ping()' is obsolete: 'Synchronous methods are deprecated and could be removed in the future.' [C:\Users\ultra\warewolf\Dev\Dev2.Runtime.Services\Dev2.Runtime.Services.csproj]
C:\Users\ultra\warewolf\Dev\Dev2.Runtime.Services\ESB\Management\Services\FetchTestsAndTriggers.cs(45,17): warning CC0105: Use 'var' instead of specifying the type name. (https://code-cracker.github.io/diagnostics/CC0105.html) [C:\Users\ultra\warewolf\Dev\Dev2.Runtime.Services\Dev2.Runtime.Services.csproj]
C:\Users\ultra\warewolf\Dev\Dev2.Runtime.Services\UsageLogger.cs(66,33): warning CC0022: ManagementObjectSearcher should be disposed. (https://code-cracker.github.io/diagnostics/CC0022.html) [C:\Users\ultra\warewolf\Dev\Dev2.Runtime.Services\Dev2.Runtime.Services.csproj]
C:\Users\ultra\warewolf\Dev\Dev2.Runtime.Services\ServiceModel\WebSources.cs(532,7): warning CC0004: Empty Catch Block. (https://code-cracker.github.io/diagnostics/CC0004.html) [C:\Users\ultra\warewolf\Dev\Dev2.Runtime.Services\Dev2.Runtime.Services.csproj]
C:\Users\ultra\warewolf\Dev\Dev2.Runtime.Services\ServiceModel\WebSources.cs(751,38): warning CC0022: StringContent should be disposed. (https://code-cracker.github.io/diagnostics/CC0022.html) [C:\Users\ultra\warewolf\Dev\Dev2.Runtime.Services\Dev2.Runtime.Services.csproj]
C:\Users\ultra\warewolf\Dev\Dev2.Runtime.Services\ESB\Management\Services\ChatbotToolNormalizer.cs(80,17): warning CC0003: Consider adding an Exception to the catch. (https://code-cracker.github.io/diagnostics/CC0003.html) [C:\Users\ultra\warewolf\Dev\Dev2.Runtime.Services\Dev2.Runtime.Services.csproj]
C:\Users\ultra\warewolf\Dev\Dev2.Runtime.Services\ESB\Management\Services\ChatbotToolNormalizer.cs(101,21): warning CC0004: Empty Catch Block. (https://code-cracker.github.io/diagnostics/CC0004.html) [C:\Users\ultra\warewolf\Dev\Dev2.Runtime.Services\Dev2.Runtime.Services.csproj]
C:\Users\ultra\warewolf\Dev\Dev2.Runtime.Services\ESB\Management\Services\TestChatbotSource.cs(44,17): warning CC0105: Use 'var' instead of specifying the type name. (https://code-cracker.github.io/diagnostics/CC0105.html) [C:\Users\ultra\warewolf\Dev\Dev2.Runtime.Services\Dev2.Runtime.Services.csproj]
C:\Users\ultra\warewolf\Dev\Dev2.Runtime.Services\ESB\Management\Services\TestChatbotSource.cs(45,17): warning CC0105: Use 'var' instead of specifying the type name. (https://code-cracker.github.io/diagnostics/CC0105.html) [C:\Users\ultra\warewolf\Dev\Dev2.Runtime.Services\Dev2.Runtime.Services.csproj]
C:\Users\ultra\warewolf\Dev\Dev2.Runtime.Services\ESB\Management\Services\ChatbotToolNormalizer.cs(226,21): warning CC0105: Use 'var' instead of specifying the type name. (https://code-cracker.github.io/diagnostics/CC0105.html) [C:\Users\ultra\warewolf\Dev\Dev2.Runtime.Services\Dev2.Runtime.Services.csproj]
C:\Users\ultra\warewolf\Dev\Dev2.Runtime.Services\ESB\Management\Services\ChatbotToolNormalizer.cs(279,21): warning CC0105: Use 'var' instead of specifying the type name. (https://code-cracker.github.io/diagnostics/CC0105.html) [C:\Users\ultra\warewolf\Dev\Dev2.Runtime.Services\Dev2.Runtime.Services.csproj]
  Dev2.Runtime.Services -> C:\Users\ultra\warewolf\Dev\Dev2.Runtime.Services\bin\Debug\net8.0\Dev2.Runtime.Services.dll
C:\Users\ultra\warewolf\Dev\Warewolf.Driver.Persistence\Drivers\HangfireScheduler.cs(376,17): warning CA2200: Re-throwing caught exception changes stack information (https://learn.microsoft.com/dotnet/fundamentals/code-analysis/quality-rules/ca2200) [C:\Users\ultra\warewolf\Dev\Warewolf.Driver.Persistence\Warewolf.Driver.Persistence.csproj]
C:\Users\ultra\warewolf\Dev\Warewolf.Driver.Persistence\Drivers\HangfireScheduler.cs(320,17): warning CA2200: Re-throwing caught exception changes stack information (https://learn.microsoft.com/dotnet/fundamentals/code-analysis/quality-rules/ca2200) [C:\Users\ultra\warewolf\Dev\Warewolf.Driver.Persistence\Warewolf.Driver.Persistence.csproj]
C:\Users\ultra\warewolf\Dev\Warewolf.Driver.Persistence\Drivers\HangfireScheduler.cs(397,17): warning CA2200: Re-throwing caught exception changes stack information (https://learn.microsoft.com/dotnet/fundamentals/code-analysis/quality-rules/ca2200) [C:\Users\ultra\warewolf\Dev\Warewolf.Driver.Persistence\Warewolf.Driver.Persistence.csproj]
  Warewolf.Driver.Persistence -> C:\Users\ultra\warewolf\Dev\Warewolf.Driver.Persistence\bin\Debug\net8.0\Warewolf.Driver.Persistence.dll
  Dev2.Studio.Interfaces -> C:\Users\ultra\warewolf\Dev\Dev2.Studio.Interfaces\bin\Debug\net8.0\Dev2.Studio.Interfaces.dll
  Warewolf.HangfireServer -> C:\Users\ultra\warewolf\Dev\Warewolf.HangfireServer\bin\Debug\net8.0\HangfireServer.dll
  Warewolf.HangfireServer -> C:\Users\ultra\warewolf\Dev\Warewolf.HangfireServer\bin\Debug\net8.0\linux-x64\HangfireServer.dll
  Dev2.Services.Execution -> C:\Users\ultra\warewolf\Dev\Dev2.Services.Execution\bin\Debug\net8.0\Dev2.Services.Execution.dll
C:\Program Files\dotnet\sdk\10.0.201\Microsoft.Common.CurrentVersion.targets(2451,5): warning MSB3277: Found conflicts between different versions of "Microsoft.Win32.SystemEvents" that could not be resolved. [C:\Users\ultra\warewolf\Dev\Warewolf.Studio.Core\Warewolf.Studio.Core.csproj]
C:\Program Files\dotnet\sdk\10.0.201\Microsoft.Common.CurrentVersion.targets(2451,5): warning MSB3277: There was a conflict between "Microsoft.Win32.SystemEvents, Version=6.0.0.0, Culture=neutral, PublicKeyToken=cc7b13ffcd2ddd51" and "Microsoft.Win32.SystemEvents, Version=7.0.0.0, Culture=neutral, PublicKeyToken=cc7b13ffcd2ddd51". [C:\Users\ultra\warewolf\Dev\Warewolf.Studio.Core\Warewolf.Studio.Core.csproj]
C:\Program Files\dotnet\sdk\10.0.201\Microsoft.Common.CurrentVersion.targets(2451,5): warning MSB3277:     "Microsoft.Win32.SystemEvents, Version=6.0.0.0, Culture=neutral, PublicKeyToken=cc7b13ffcd2ddd51" was chosen because it was primary and "Microsoft.Win32.SystemEvents, Version=7.0.0.0, Culture=neutral, PublicKeyToken=cc7b13ffcd2ddd51" was not. [C:\Users\ultra\warewolf\Dev\Warewolf.Studio.Core\Warewolf.Studio.Core.csproj]
C:\Program Files\dotnet\sdk\10.0.201\Microsoft.Common.CurrentVersion.targets(2451,5): warning MSB3277:     References which depend on "Microsoft.Win32.SystemEvents, Version=6.0.0.0, Culture=neutral, PublicKeyToken=cc7b13ffcd2ddd51" [C:\Users\ultra\.nuget\packages\microsoft.win32.systemevents\6.0.0\lib\net6.0\Microsoft.Win32.SystemEvents.dll]. [C:\Users\ultra\warewolf\Dev\Warewolf.Studio.Core\Warewolf.Studio.Core.csproj]
C:\Program Files\dotnet\sdk\10.0.201\Microsoft.Common.CurrentVersion.targets(2451,5): warning MSB3277:         C:\Users\ultra\.nuget\packages\microsoft.win32.systemevents\6.0.0\lib\net6.0\Microsoft.Win32.SystemEvents.dll [C:\Users\ultra\warewolf\Dev\Warewolf.Studio.Core\Warewolf.Studio.Core.csproj]
C:\Program Files\dotnet\sdk\10.0.201\Microsoft.Common.CurrentVersion.targets(2451,5): warning MSB3277:           Project file item includes which caused reference "C:\Users\ultra\.nuget\packages\microsoft.win32.systemevents\6.0.0\lib\net6.0\Microsoft.Win32.SystemEvents.dll". [C:\Users\ultra\warewolf\Dev\Warewolf.Studio.Core\Warewolf.Studio.Core.csproj]
C:\Program Files\dotnet\sdk\10.0.201\Microsoft.Common.CurrentVersion.targets(2451,5): warning MSB3277:             C:\Users\ultra\.nuget\packages\microsoft.win32.systemevents\6.0.0\lib\net6.0\Microsoft.Win32.SystemEvents.dll [C:\Users\ultra\warewolf\Dev\Warewolf.Studio.Core\Warewolf.Studio.Core.csproj]
C:\Program Files\dotnet\sdk\10.0.201\Microsoft.Common.CurrentVersion.targets(2451,5): warning MSB3277:     References which depend on or have been unified to "Microsoft.Win32.SystemEvents, Version=7.0.0.0, Culture=neutral, PublicKeyToken=cc7b13ffcd2ddd51" []. [C:\Users\ultra\warewolf\Dev\Warewolf.Studio.Core\Warewolf.Studio.Core.csproj]
C:\Program Files\dotnet\sdk\10.0.201\Microsoft.Common.CurrentVersion.targets(2451,5): warning MSB3277:         C:\Users\ultra\warewolf\Dev\Dev2.Common\bin\Debug\net8.0\Dev2.Common.dll [C:\Users\ultra\warewolf\Dev\Warewolf.Studio.Core\Warewolf.Studio.Core.csproj]
C:\Program Files\dotnet\sdk\10.0.201\Microsoft.Common.CurrentVersion.targets(2451,5): warning MSB3277:           Project file item includes which caused reference "C:\Users\ultra\warewolf\Dev\Dev2.Common\bin\Debug\net8.0\Dev2.Common.dll". [C:\Users\ultra\warewolf\Dev\Warewolf.Studio.Core\Warewolf.Studio.Core.csproj]
C:\Program Files\dotnet\sdk\10.0.201\Microsoft.Common.CurrentVersion.targets(2451,5): warning MSB3277:             C:\Users\ultra\warewolf\Dev\Dev2.Common\bin\Debug\net8.0\Dev2.Common.dll [C:\Users\ultra\warewolf\Dev\Warewolf.Studio.Core\Warewolf.Studio.Core.csproj]
C:\Program Files\dotnet\sdk\10.0.201\Microsoft.Common.CurrentVersion.targets(2451,5): warning MSB3277:             C:\Users\ultra\warewolf\Dev\Dev2.Core\bin\Debug\net8.0\Dev2.Core.dll [C:\Users\ultra\warewolf\Dev\Warewolf.Studio.Core\Warewolf.Studio.Core.csproj]
C:\Program Files\dotnet\sdk\10.0.201\Microsoft.Common.CurrentVersion.targets(2451,5): warning MSB3277:             C:\Users\ultra\warewolf\Dev\Dev2.Infrastructure\bin\Debug\net8.0\Dev2.Infrastructure.dll [C:\Users\ultra\warewolf\Dev\Warewolf.Studio.Core\Warewolf.Studio.Core.csproj]
C:\Program Files\dotnet\sdk\10.0.201\Microsoft.Common.CurrentVersion.targets(2451,5): warning MSB3277:             C:\Users\ultra\warewolf\Dev\Dev2.Studio.Interfaces\bin\Debug\net8.0\Dev2.Studio.Interfaces.dll [C:\Users\ultra\warewolf\Dev\Warewolf.Studio.Core\Warewolf.Studio.Core.csproj]
C:\Program Files\dotnet\sdk\10.0.201\Microsoft.Common.CurrentVersion.targets(2451,5): warning MSB3277:             C:\Users\ultra\warewolf\Dev\Dev2.Data\bin\Debug\net8.0\Dev2.Data.dll [C:\Users\ultra\warewolf\Dev\Warewolf.Studio.Core\Warewolf.Studio.Core.csproj]
C:\Program Files\dotnet\sdk\10.0.201\Microsoft.Common.CurrentVersion.targets(2451,5): warning MSB3277:             C:\Users\ultra\warewolf\Dev\Dev2.Diagnostics\bin\Debug\net8.0\Dev2.Diagnostics.dll [C:\Users\ultra\warewolf\Dev\Warewolf.Studio.Core\Warewolf.Studio.Core.csproj]
C:\Program Files\dotnet\sdk\10.0.201\Microsoft.Common.CurrentVersion.targets(2451,5): warning MSB3277:             C:\Users\ultra\warewolf\Dev\Dev2.Runtime.Services\bin\Debug\net8.0\Dev2.Runtime.Services.dll [C:\Users\ultra\warewolf\Dev\Warewolf.Studio.Core\Warewolf.Studio.Core.csproj]
C:\Program Files\dotnet\sdk\10.0.201\Microsoft.Common.CurrentVersion.targets(2451,5): warning MSB3277:             C:\Users\ultra\warewolf\Dev\Dev2.Scheduler\bin\Debug\net8.0\Dev2.Scheduler.dll [C:\Users\ultra\warewolf\Dev\Warewolf.Studio.Core\Warewolf.Studio.Core.csproj]
C:\Program Files\dotnet\sdk\10.0.201\Microsoft.Common.CurrentVersion.targets(2451,5): warning MSB3277:             C:\Users\ultra\warewolf\Dev\Dev2.Services.Sql\bin\Debug\net8.0\Dev2.Services.Sql.dll [C:\Users\ultra\warewolf\Dev\Warewolf.Studio.Core\Warewolf.Studio.Core.csproj]
C:\Program Files\dotnet\sdk\10.0.201\Microsoft.Common.CurrentVersion.targets(2451,5): warning MSB3277:             C:\Users\ultra\warewolf\Dev\Dev2.TaskScheduler.Wrappers\bin\Debug\net8.0\Dev2.TaskScheduler.Wrappers.dll [C:\Users\ultra\warewolf\Dev\Warewolf.Studio.Core\Warewolf.Studio.Core.csproj]
C:\Program Files\dotnet\sdk\10.0.201\Microsoft.Common.CurrentVersion.targets(2451,5): warning MSB3277:             C:\Users\ultra\warewolf\Dev\Dev2.Util\bin\Debug\net8.0\Dev2.Util.dll [C:\Users\ultra\warewolf\Dev\Warewolf.Studio.Core\Warewolf.Studio.Core.csproj]
C:\Program Files\dotnet\sdk\10.0.201\Microsoft.Common.CurrentVersion.targets(2451,5): warning MSB3277:             C:\Users\ultra\warewolf\Dev\Warewolf.AI.Harness\bin\Debug\net8.0\Warewolf.AI.Harness.dll [C:\Users\ultra\warewolf\Dev\Warewolf.Studio.Core\Warewolf.Studio.Core.csproj]
C:\Program Files\dotnet\sdk\10.0.201\Microsoft.Common.CurrentVersion.targets(2451,5): warning MSB3277:             C:\Users\ultra\warewolf\Dev\Warewolf.Auditing\bin\Debug\net8.0\Warewolf.Auditing.dll [C:\Users\ultra\warewolf\Dev\Warewolf.Studio.Core\Warewolf.Studio.Core.csproj]
C:\Program Files\dotnet\sdk\10.0.201\Microsoft.Common.CurrentVersion.targets(2451,5): warning MSB3277:             C:\Users\ultra\warewolf\Dev\Warewolf.Common.NetStandard20\bin\Debug\net8.0\Warewolf.Common.NetStandard20.dll [C:\Users\ultra\warewolf\Dev\Warewolf.Studio.Core\Warewolf.Studio.Core.csproj]
C:\Program Files\dotnet\sdk\10.0.201\Microsoft.Common.CurrentVersion.targets(2451,5): warning MSB3277:             C:\Users\ultra\warewolf\Dev\Warewolf.Core\bin\Debug\net8.0\Warewolf.Core.dll [C:\Users\ultra\warewolf\Dev\Warewolf.Studio.Core\Warewolf.Studio.Core.csproj]
C:\Program Files\dotnet\sdk\10.0.201\Microsoft.Common.CurrentVersion.targets(2451,5): warning MSB3277:             C:\Users\ultra\warewolf\Dev\Warewolf.Driver.Serilog\bin\Debug\net8.0\Warewolf.Driver.Serilog.dll [C:\Users\ultra\warewolf\Dev\Warewolf.Studio.Core\Warewolf.Studio.Core.csproj]
C:\Program Files\dotnet\sdk\10.0.201\Microsoft.Common.CurrentVersion.targets(2451,5): warning MSB3277:             C:\Users\ultra\warewolf\Dev\Warewolf.ResourceManagement\bin\Debug\net8.0\Warewolf.ResourceManagement.dll [C:\Users\ultra\warewolf\Dev\Warewolf.Studio.Core\Warewolf.Studio.Core.csproj]
C:\Program Files\dotnet\sdk\10.0.201\Microsoft.Common.CurrentVersion.targets(2451,5): warning MSB3277:             C:\Users\ultra\warewolf\Dev\Warewolf.Sharepoint\bin\Debug\net8.0\Warewolf.Sharepoint.dll [C:\Users\ultra\warewolf\Dev\Warewolf.Studio.Core\Warewolf.Studio.Core.csproj]
C:\Program Files\dotnet\sdk\10.0.201\Microsoft.Common.CurrentVersion.targets(2451,5): warning MSB3277:             C:\Users\ultra\warewolf\Dev\Warewolf.Storage\bin\Debug\net8.0\Warewolf.Storage.dll [C:\Users\ultra\warewolf\Dev\Warewolf.Studio.Core\Warewolf.Studio.Core.csproj]
C:\Program Files\dotnet\sdk\10.0.201\Microsoft.Common.CurrentVersion.targets(2451,5): warning MSB3277:         C:\Users\ultra\warewolf\Dev\Binaries\Infragistcs_Net6\InfragisticsWPF4.v15.1.dll [C:\Users\ultra\warewolf\Dev\Warewolf.Studio.Core\Warewolf.Studio.Core.csproj]
C:\Program Files\dotnet\sdk\10.0.201\Microsoft.Common.CurrentVersion.targets(2451,5): warning MSB3277:           Project file item includes which caused reference "C:\Users\ultra\warewolf\Dev\Binaries\Infragistcs_Net6\InfragisticsWPF4.v15.1.dll". [C:\Users\ultra\warewolf\Dev\Warewolf.Studio.Core\Warewolf.Studio.Core.csproj]
C:\Program Files\dotnet\sdk\10.0.201\Microsoft.Common.CurrentVersion.targets(2451,5): warning MSB3277:             InfragisticsWPF4.v15.1, Version=15.1.20151.2055, Culture=neutral, PublicKeyToken=7dd5c3163f2cd0cb, processorArchitecture=MSIL [C:\Users\ultra\warewolf\Dev\Warewolf.Studio.Core\Warewolf.Studio.Core.csproj]
C:\Program Files\dotnet\sdk\10.0.201\Microsoft.Common.CurrentVersion.targets(2451,5): warning MSB3277:             InfragisticsWPF4.Controls.Menus.XamDataTree.v15.1, Version=15.1.20151.2055, Culture=neutral, PublicKeyToken=7dd5c3163f2cd0cb, processorArchitecture=MSIL [C:\Users\ultra\warewolf\Dev\Warewolf.Studio.Core\Warewolf.Studio.Core.csproj]
C:\Program Files\dotnet\sdk\10.0.201\Microsoft.Common.CurrentVersion.targets(2451,5): warning MSB3277:             InfragisticsWPF4.DataManager.v15.1, Version=15.1.20151.2055, Culture=neutral, PublicKeyToken=7dd5c3163f2cd0cb, processorArchitecture=MSIL [C:\Users\ultra\warewolf\Dev\Warewolf.Studio.Core\Warewolf.Studio.Core.csproj]
C:\Program Files\dotnet\sdk\10.0.201\Microsoft.Common.CurrentVersion.targets(2451,5): warning MSB3277:             InfragisticsWPF4.DockManager.v15.1, Version=15.1.20151.2055, Culture=neutral, PublicKeyToken=7dd5c3163f2cd0cb, processorArchitecture=MSIL [C:\Users\ultra\warewolf\Dev\Warewolf.Studio.Core\Warewolf.Studio.Core.csproj]
C:\Program Files\dotnet\sdk\10.0.201\Microsoft.Common.CurrentVersion.targets(2451,5): warning MSB3277:         C:\Users\ultra\.nuget\packages\timespan2\2.4.2\lib\netcoreapp3.1\TimeSpan2.dll [C:\Users\ultra\warewolf\Dev\Warewolf.Studio.Core\Warewolf.Studio.Core.csproj]
C:\Program Files\dotnet\sdk\10.0.201\Microsoft.Common.CurrentVersion.targets(2451,5): warning MSB3277:           Project file item includes which caused reference "C:\Users\ultra\.nuget\packages\timespan2\2.4.2\lib\netcoreapp3.1\TimeSpan2.dll". [C:\Users\ultra\warewolf\Dev\Warewolf.Studio.Core\Warewolf.Studio.Core.csproj]
C:\Program Files\dotnet\sdk\10.0.201\Microsoft.Common.CurrentVersion.targets(2451,5): warning MSB3277:             C:\Users\ultra\.nuget\packages\timespan2\2.4.2\lib\netcoreapp3.1\TimeSpan2.dll [C:\Users\ultra\warewolf\Dev\Warewolf.Studio.Core\Warewolf.Studio.Core.csproj]
C:\Program Files\dotnet\sdk\10.0.201\Microsoft.Common.CurrentVersion.targets(2451,5): warning MSB3277:             C:\Users\ultra\.nuget\packages\taskschedulereditor\2.10.1\lib\net452\Microsoft.Win32.TaskSchedulerEditor.dll [C:\Users\ultra\warewolf\Dev\Warewolf.Studio.Core\Warewolf.Studio.Core.csproj]
C:\Program Files\dotnet\sdk\10.0.201\Microsoft.Common.CurrentVersion.targets(2451,5): warning MSB3277:         C:\Program Files\dotnet\packs\Microsoft.NETCore.App.Ref\8.0.25\ref\net8.0\System.dll [C:\Users\ultra\warewolf\Dev\Warewolf.Studio.Core\Warewolf.Studio.Core.csproj]
C:\Program Files\dotnet\sdk\10.0.201\Microsoft.Common.CurrentVersion.targets(2451,5): warning MSB3277:           Project file item includes which caused reference "C:\Program Files\dotnet\packs\Microsoft.NETCore.App.Ref\8.0.25\ref\net8.0\System.dll". [C:\Users\ultra\warewolf\Dev\Warewolf.Studio.Core\Warewolf.Studio.Core.csproj]
C:\Program Files\dotnet\sdk\10.0.201\Microsoft.Common.CurrentVersion.targets(2451,5): warning MSB3277:             C:\Program Files\dotnet\packs\Microsoft.NETCore.App.Ref\8.0.25\ref/net8.0/System.dll [C:\Users\ultra\warewolf\Dev\Warewolf.Studio.Core\Warewolf.Studio.Core.csproj]
C:\Program Files\dotnet\sdk\10.0.201\Microsoft.Common.CurrentVersion.targets(2451,5): warning MSB3277:             C:\Users\ultra\.nuget\packages\aerowizard\2.3.1\lib\net45\AeroWizard.dll [C:\Users\ultra\warewolf\Dev\Warewolf.Studio.Core\Warewolf.Studio.Core.csproj]
C:\Program Files\dotnet\sdk\10.0.201\Microsoft.Common.CurrentVersion.targets(2451,5): warning MSB3277:             C:\Users\ultra\.nuget\packages\groupcontrols\1.9.0\lib\net45\GroupControls.dll [C:\Users\ultra\warewolf\Dev\Warewolf.Studio.Core\Warewolf.Studio.Core.csproj]
C:\Program Files\dotnet\sdk\10.0.201\Microsoft.Common.CurrentVersion.targets(2451,5): warning MSB3277:             C:\Users\ultra\.nuget\packages\microsoft.xaml.behaviors.wpf\1.1.122\lib\net462\Microsoft.Xaml.Behaviors.dll [C:\Users\ultra\warewolf\Dev\Warewolf.Studio.Core\Warewolf.Studio.Core.csproj]
C:\Program Files\dotnet\sdk\10.0.201\Microsoft.Common.CurrentVersion.targets(2451,5): warning MSB3277:             C:\Users\ultra\.nuget\packages\caliburn.micro\4.0.212\lib\netcoreapp3.1\Caliburn.Micro.Platform.dll [C:\Users\ultra\warewolf\Dev\Warewolf.Studio.Core\Warewolf.Studio.Core.csproj]
C:\Program Files\dotnet\sdk\10.0.201\Microsoft.Common.CurrentVersion.targets(2451,5): warning MSB3277:             C:\Users\ultra\.nuget\packages\prism.wpf\9.0.537\lib\net462\Prism.Wpf.dll [C:\Users\ultra\warewolf\Dev\Warewolf.Studio.Core\Warewolf.Studio.Core.csproj]
C:\Program Files\dotnet\sdk\10.0.201\Microsoft.Common.CurrentVersion.targets(2451,5): warning MSB3277:             C:\Users\ultra\.nuget\packages\reactiveui.wpf\18.4.1\lib\net462\ReactiveUI.Wpf.dll [C:\Users\ultra\warewolf\Dev\Warewolf.Studio.Core\Warewolf.Studio.Core.csproj]
C:\Program Files\dotnet\sdk\10.0.201\Microsoft.Common.CurrentVersion.targets(2451,5): warning MSB3277:             C:\Users\ultra\.nuget\packages\taskschedulereditor\2.10.1\lib\net452\Microsoft.Win32.TaskSchedulerEditor.dll [C:\Users\ultra\warewolf\Dev\Warewolf.Studio.Core\Warewolf.Studio.Core.csproj]
C:\Program Files\dotnet\sdk\10.0.201\Microsoft.Common.CurrentVersion.targets(2451,5): warning MSB3277:             C:\Users\ultra\.nuget\packages\ttcue.netcore.sharepointonline.csom.16.1.8029.1200\16.1.8029.1200\lib\netcoreapp2.0\Microsoft.SharePoint.Client.Runtime.Windows.dll [C:\Users\ultra\warewolf\Dev\Warewolf.Studio.Core\Warewolf.Studio.Core.csproj]
C:\Program Files\dotnet\sdk\10.0.201\Microsoft.Common.CurrentVersion.targets(2451,5): warning MSB3277: Found conflicts between different versions of "System.Security.Permissions" that could not be resolved. [C:\Users\ultra\warewolf\Dev\Warewolf.Studio.Core\Warewolf.Studio.Core.csproj]
C:\Program Files\dotnet\sdk\10.0.201\Microsoft.Common.CurrentVersion.targets(2451,5): warning MSB3277: There was a conflict between "System.Security.Permissions, Version=6.0.0.0, Culture=neutral, PublicKeyToken=cc7b13ffcd2ddd51" and "System.Security.Permissions, Version=7.0.0.0, Culture=neutral, PublicKeyToken=cc7b13ffcd2ddd51". [C:\Users\ultra\warewolf\Dev\Warewolf.Studio.Core\Warewolf.Studio.Core.csproj]
C:\Program Files\dotnet\sdk\10.0.201\Microsoft.Common.CurrentVersion.targets(2451,5): warning MSB3277:     "System.Security.Permissions, Version=6.0.0.0, Culture=neutral, PublicKeyToken=cc7b13ffcd2ddd51" was chosen because it was primary and "System.Security.Permissions, Version=7.0.0.0, Culture=neutral, PublicKeyToken=cc7b13ffcd2ddd51" was not. [C:\Users\ultra\warewolf\Dev\Warewolf.Studio.Core\Warewolf.Studio.Core.csproj]
C:\Program Files\dotnet\sdk\10.0.201\Microsoft.Common.CurrentVersion.targets(2451,5): warning MSB3277:     References which depend on "System.Security.Permissions, Version=6.0.0.0, Culture=neutral, PublicKeyToken=cc7b13ffcd2ddd51" [C:\Users\ultra\.nuget\packages\system.security.permissions\6.0.0\lib\net6.0\System.Security.Permissions.dll]. [C:\Users\ultra\warewolf\Dev\Warewolf.Studio.Core\Warewolf.Studio.Core.csproj]
C:\Program Files\dotnet\sdk\10.0.201\Microsoft.Common.CurrentVersion.targets(2451,5): warning MSB3277:         C:\Users\ultra\.nuget\packages\system.security.permissions\6.0.0\lib\net6.0\System.Security.Permissions.dll [C:\Users\ultra\warewolf\Dev\Warewolf.Studio.Core\Warewolf.Studio.Core.csproj]
C:\Program Files\dotnet\sdk\10.0.201\Microsoft.Common.CurrentVersion.targets(2451,5): warning MSB3277:           Project file item includes which caused reference "C:\Users\ultra\.nuget\packages\system.security.permissions\6.0.0\lib\net6.0\System.Security.Permissions.dll". [C:\Users\ultra\warewolf\Dev\Warewolf.Studio.Core\Warewolf.Studio.Core.csproj]
C:\Program Files\dotnet\sdk\10.0.201\Microsoft.Common.CurrentVersion.targets(2451,5): warning MSB3277:             C:\Users\ultra\.nuget\packages\system.security.permissions\6.0.0\lib\net6.0\System.Security.Permissions.dll [C:\Users\ultra\warewolf\Dev\Warewolf.Studio.Core\Warewolf.Studio.Core.csproj]
C:\Program Files\dotnet\sdk\10.0.201\Microsoft.Common.CurrentVersion.targets(2451,5): warning MSB3277:     References which depend on or have been unified to "System.Security.Permissions, Version=7.0.0.0, Culture=neutral, PublicKeyToken=cc7b13ffcd2ddd51" []. [C:\Users\ultra\warewolf\Dev\Warewolf.Studio.Core\Warewolf.Studio.Core.csproj]
C:\Program Files\dotnet\sdk\10.0.201\Microsoft.Common.CurrentVersion.targets(2451,5): warning MSB3277:         C:\Users\ultra\warewolf\Dev\Dev2.Data\bin\Debug\net8.0\Dev2.Data.dll [C:\Users\ultra\warewolf\Dev\Warewolf.Studio.Core\Warewolf.Studio.Core.csproj]
C:\Program Files\dotnet\sdk\10.0.201\Microsoft.Common.CurrentVersion.targets(2451,5): warning MSB3277:           Project file item includes which caused reference "C:\Users\ultra\warewolf\Dev\Dev2.Data\bin\Debug\net8.0\Dev2.Data.dll". [C:\Users\ultra\warewolf\Dev\Warewolf.Studio.Core\Warewolf.Studio.Core.csproj]
C:\Program Files\dotnet\sdk\10.0.201\Microsoft.Common.CurrentVersion.targets(2451,5): warning MSB3277:             C:\Users\ultra\warewolf\Dev\Dev2.Data\bin\Debug\net8.0\Dev2.Data.dll [C:\Users\ultra\warewolf\Dev\Warewolf.Studio.Core\Warewolf.Studio.Core.csproj]
C:\Program Files\dotnet\sdk\10.0.201\Microsoft.Common.CurrentVersion.targets(2451,5): warning MSB3277:             C:\Users\ultra\warewolf\Dev\Dev2.Core\bin\Debug\net8.0\Dev2.Core.dll [C:\Users\ultra\warewolf\Dev\Warewolf.Studio.Core\Warewolf.Studio.Core.csproj]
C:\Program Files\dotnet\sdk\10.0.201\Microsoft.Common.CurrentVersion.targets(2451,5): warning MSB3277:             C:\Users\ultra\warewolf\Dev\Dev2.Studio.Interfaces\bin\Debug\net8.0\Dev2.Studio.Interfaces.dll [C:\Users\ultra\warewolf\Dev\Warewolf.Studio.Core\Warewolf.Studio.Core.csproj]
C:\Program Files\dotnet\sdk\10.0.201\Microsoft.Common.CurrentVersion.targets(2451,5): warning MSB3277:             C:\Users\ultra\warewolf\Dev\Dev2.Runtime.Services\bin\Debug\net8.0\Dev2.Runtime.Services.dll [C:\Users\ultra\warewolf\Dev\Warewolf.Studio.Core\Warewolf.Studio.Core.csproj]
C:\Program Files\dotnet\sdk\10.0.201\Microsoft.Common.CurrentVersion.targets(2451,5): warning MSB3277:             C:\Users\ultra\warewolf\Dev\Dev2.Scheduler\bin\Debug\net8.0\Dev2.Scheduler.dll [C:\Users\ultra\warewolf\Dev\Warewolf.Studio.Core\Warewolf.Studio.Core.csproj]
C:\Program Files\dotnet\sdk\10.0.201\Microsoft.Common.CurrentVersion.targets(2451,5): warning MSB3277:             C:\Users\ultra\warewolf\Dev\Warewolf.Auditing\bin\Debug\net8.0\Warewolf.Auditing.dll [C:\Users\ultra\warewolf\Dev\Warewolf.Studio.Core\Warewolf.Studio.Core.csproj]
C:\Program Files\dotnet\sdk\10.0.201\Microsoft.Common.CurrentVersion.targets(2451,5): warning MSB3277:             C:\Users\ultra\warewolf\Dev\Warewolf.Common.NetStandard20\bin\Debug\net8.0\Warewolf.Common.NetStandard20.dll [C:\Users\ultra\warewolf\Dev\Warewolf.Studio.Core\Warewolf.Studio.Core.csproj]
C:\Program Files\dotnet\sdk\10.0.201\Microsoft.Common.CurrentVersion.targets(2451,5): warning MSB3277:             C:\Users\ultra\warewolf\Dev\Warewolf.Core\bin\Debug\net8.0\Warewolf.Core.dll [C:\Users\ultra\warewolf\Dev\Warewolf.Studio.Core\Warewolf.Studio.Core.csproj]
C:\Program Files\dotnet\sdk\10.0.201\Microsoft.Common.CurrentVersion.targets(2451,5): warning MSB3277:             C:\Users\ultra\warewolf\Dev\Warewolf.ResourceManagement\bin\Debug\net8.0\Warewolf.ResourceManagement.dll [C:\Users\ultra\warewolf\Dev\Warewolf.Studio.Core\Warewolf.Studio.Core.csproj]
C:\Program Files\dotnet\sdk\10.0.201\Microsoft.Common.CurrentVersion.targets(2451,5): warning MSB3277:         C:\Users\ultra\warewolf\Dev\Binaries\Infragistcs_Net6\InfragisticsWPF4.DockManager.v15.1.dll [C:\Users\ultra\warewolf\Dev\Warewolf.Studio.Core\Warewolf.Studio.Core.csproj]
C:\Program Files\dotnet\sdk\10.0.201\Microsoft.Common.CurrentVersion.targets(2451,5): warning MSB3277:           Project file item includes which caused reference "C:\Users\ultra\warewolf\Dev\Binaries\Infragistcs_Net6\InfragisticsWPF4.DockManager.v15.1.dll". [C:\Users\ultra\warewolf\Dev\Warewolf.Studio.Core\Warewolf.Studio.Core.csproj]
C:\Program Files\dotnet\sdk\10.0.201\Microsoft.Common.CurrentVersion.targets(2451,5): warning MSB3277:             InfragisticsWPF4.DockManager.v15.1, Version=15.1.20151.2055, Culture=neutral, PublicKeyToken=7dd5c3163f2cd0cb, processorArchitecture=MSIL [C:\Users\ultra\warewolf\Dev\Warewolf.Studio.Core\Warewolf.Studio.Core.csproj]
C:\Program Files\dotnet\sdk\10.0.201\Microsoft.Common.CurrentVersion.targets(2451,5): warning MSB3277:         C:\Users\ultra\warewolf\Dev\Binaries\Infragistcs_Net6\InfragisticsWPF4.v15.1.dll [C:\Users\ultra\warewolf\Dev\Warewolf.Studio.Core\Warewolf.Studio.Core.csproj]
C:\Program Files\dotnet\sdk\10.0.201\Microsoft.Common.CurrentVersion.targets(2451,5): warning MSB3277:           Project file item includes which caused reference "C:\Users\ultra\warewolf\Dev\Binaries\Infragistcs_Net6\InfragisticsWPF4.v15.1.dll". [C:\Users\ultra\warewolf\Dev\Warewolf.Studio.Core\Warewolf.Studio.Core.csproj]
C:\Program Files\dotnet\sdk\10.0.201\Microsoft.Common.CurrentVersion.targets(2451,5): warning MSB3277:             InfragisticsWPF4.v15.1, Version=15.1.20151.2055, Culture=neutral, PublicKeyToken=7dd5c3163f2cd0cb, processorArchitecture=MSIL [C:\Users\ultra\warewolf\Dev\Warewolf.Studio.Core\Warewolf.Studio.Core.csproj]
C:\Program Files\dotnet\sdk\10.0.201\Microsoft.Common.CurrentVersion.targets(2451,5): warning MSB3277:             InfragisticsWPF4.Controls.Menus.XamDataTree.v15.1, Version=15.1.20151.2055, Culture=neutral, PublicKeyToken=7dd5c3163f2cd0cb, processorArchitecture=MSIL [C:\Users\ultra\warewolf\Dev\Warewolf.Studio.Core\Warewolf.Studio.Core.csproj]
C:\Program Files\dotnet\sdk\10.0.201\Microsoft.Common.CurrentVersion.targets(2451,5): warning MSB3277:             InfragisticsWPF4.DataManager.v15.1, Version=15.1.20151.2055, Culture=neutral, PublicKeyToken=7dd5c3163f2cd0cb, processorArchitecture=MSIL [C:\Users\ultra\warewolf\Dev\Warewolf.Studio.Core\Warewolf.Studio.Core.csproj]
C:\Program Files\dotnet\sdk\10.0.201\Microsoft.Common.CurrentVersion.targets(2451,5): warning MSB3277:             InfragisticsWPF4.DockManager.v15.1, Version=15.1.20151.2055, Culture=neutral, PublicKeyToken=7dd5c3163f2cd0cb, processorArchitecture=MSIL [C:\Users\ultra\warewolf\Dev\Warewolf.Studio.Core\Warewolf.Studio.Core.csproj]
C:\Program Files\dotnet\sdk\10.0.201\Microsoft.Common.CurrentVersion.targets(2451,5): warning MSB3277:         C:\Users\ultra\.nuget\packages\dotnetzip\1.16.0\lib\netstandard2.0\DotNetZip.dll [C:\Users\ultra\warewolf\Dev\Warewolf.Studio.Core\Warewolf.Studio.Core.csproj]
C:\Program Files\dotnet\sdk\10.0.201\Microsoft.Common.CurrentVersion.targets(2451,5): warning MSB3277:           Project file item includes which caused reference "C:\Users\ultra\.nuget\packages\dotnetzip\1.16.0\lib\netstandard2.0\DotNetZip.dll". [C:\Users\ultra\warewolf\Dev\Warewolf.Studio.Core\Warewolf.Studio.Core.csproj]
C:\Program Files\dotnet\sdk\10.0.201\Microsoft.Common.CurrentVersion.targets(2451,5): warning MSB3277:             C:\Users\ultra\.nuget\packages\dotnetzip\1.16.0\lib\netstandard2.0\DotNetZip.dll [C:\Users\ultra\warewolf\Dev\Warewolf.Studio.Core\Warewolf.Studio.Core.csproj]
C:\Program Files\dotnet\sdk\10.0.201\Microsoft.Common.CurrentVersion.targets(2451,5): warning MSB3277:             C:\Users\ultra\warewolf\Dev\Dev2.Common\bin\Debug\net8.0\Dev2.Common.dll [C:\Users\ultra\warewolf\Dev\Warewolf.Studio.Core\Warewolf.Studio.Core.csproj]
C:\Program Files\dotnet\sdk\10.0.201\Microsoft.Common.CurrentVersion.targets(2451,5): warning MSB3277:             C:\Users\ultra\warewolf\Dev\Dev2.Core\bin\Debug\net8.0\Dev2.Core.dll [C:\Users\ultra\warewolf\Dev\Warewolf.Studio.Core\Warewolf.Studio.Core.csproj]
C:\Program Files\dotnet\sdk\10.0.201\Microsoft.Common.CurrentVersion.targets(2451,5): warning MSB3277:             C:\Users\ultra\warewolf\Dev\Dev2.Infrastructure\bin\Debug\net8.0\Dev2.Infrastructure.dll [C:\Users\ultra\warewolf\Dev\Warewolf.Studio.Core\Warewolf.Studio.Core.csproj]
C:\Program Files\dotnet\sdk\10.0.201\Microsoft.Common.CurrentVersion.targets(2451,5): warning MSB3277:             C:\Users\ultra\warewolf\Dev\Dev2.Studio.Interfaces\bin\Debug\net8.0\Dev2.Studio.Interfaces.dll [C:\Users\ultra\warewolf\Dev\Warewolf.Studio.Core\Warewolf.Studio.Core.csproj]
C:\Program Files\dotnet\sdk\10.0.201\Microsoft.Common.CurrentVersion.targets(2451,5): warning MSB3277:             C:\Users\ultra\warewolf\Dev\Dev2.Data\bin\Debug\net8.0\Dev2.Data.dll [C:\Users\ultra\warewolf\Dev\Warewolf.Studio.Core\Warewolf.Studio.Core.csproj]
C:\Program Files\dotnet\sdk\10.0.201\Microsoft.Common.CurrentVersion.targets(2451,5): warning MSB3277:             C:\Users\ultra\warewolf\Dev\Dev2.Data.Interfaces\bin\Debug\net8.0\Dev2.Data.Interfaces.dll [C:\Users\ultra\warewolf\Dev\Warewolf.Studio.Core\Warewolf.Studio.Core.csproj]
C:\Program Files\dotnet\sdk\10.0.201\Microsoft.Common.CurrentVersion.targets(2451,5): warning MSB3277:             C:\Users\ultra\warewolf\Dev\Dev2.Diagnostics\bin\Debug\net8.0\Dev2.Diagnostics.dll [C:\Users\ultra\warewolf\Dev\Warewolf.Studio.Core\Warewolf.Studio.Core.csproj]
C:\Program Files\dotnet\sdk\10.0.201\Microsoft.Common.CurrentVersion.targets(2451,5): warning MSB3277:             C:\Users\ultra\warewolf\Dev\Dev2.Runtime.Services\bin\Debug\net8.0\Dev2.Runtime.Services.dll [C:\Users\ultra\warewolf\Dev\Warewolf.Studio.Core\Warewolf.Studio.Core.csproj]
C:\Program Files\dotnet\sdk\10.0.201\Microsoft.Common.CurrentVersion.targets(2451,5): warning MSB3277:             C:\Users\ultra\warewolf\Dev\Dev2.Scheduler\bin\Debug\net8.0\Dev2.Scheduler.dll [C:\Users\ultra\warewolf\Dev\Warewolf.Studio.Core\Warewolf.Studio.Core.csproj]
C:\Program Files\dotnet\sdk\10.0.201\Microsoft.Common.CurrentVersion.targets(2451,5): warning MSB3277:             C:\Users\ultra\warewolf\Dev\Dev2.Services.Sql\bin\Debug\net8.0\Dev2.Services.Sql.dll [C:\Users\ultra\warewolf\Dev\Warewolf.Studio.Core\Warewolf.Studio.Core.csproj]
C:\Program Files\dotnet\sdk\10.0.201\Microsoft.Common.CurrentVersion.targets(2451,5): warning MSB3277:             C:\Users\ultra\warewolf\Dev\Dev2.TaskScheduler.Wrappers\bin\Debug\net8.0\Dev2.TaskScheduler.Wrappers.dll [C:\Users\ultra\warewolf\Dev\Warewolf.Studio.Core\Warewolf.Studio.Core.csproj]
C:\Program Files\dotnet\sdk\10.0.201\Microsoft.Common.CurrentVersion.targets(2451,5): warning MSB3277:             C:\Users\ultra\warewolf\Dev\Dev2.Util\bin\Debug\net8.0\Dev2.Util.dll [C:\Users\ultra\warewolf\Dev\Warewolf.Studio.Core\Warewolf.Studio.Core.csproj]
C:\Program Files\dotnet\sdk\10.0.201\Microsoft.Common.CurrentVersion.targets(2451,5): warning MSB3277:             C:\Users\ultra\warewolf\Dev\Warewolf.AI.Harness\bin\Debug\net8.0\Warewolf.AI.Harness.dll [C:\Users\ultra\warewolf\Dev\Warewolf.Studio.Core\Warewolf.Studio.Core.csproj]
C:\Program Files\dotnet\sdk\10.0.201\Microsoft.Common.CurrentVersion.targets(2451,5): warning MSB3277:             C:\Users\ultra\warewolf\Dev\Warewolf.Auditing\bin\Debug\net8.0\Warewolf.Auditing.dll [C:\Users\ultra\warewolf\Dev\Warewolf.Studio.Core\Warewolf.Studio.Core.csproj]
C:\Program Files\dotnet\sdk\10.0.201\Microsoft.Common.CurrentVersion.targets(2451,5): warning MSB3277:             C:\Users\ultra\warewolf\Dev\Warewolf.Common.NetStandard20\bin\Debug\net8.0\Warewolf.Common.NetStandard20.dll [C:\Users\ultra\warewolf\Dev\Warewolf.Studio.Core\Warewolf.Studio.Core.csproj]
C:\Program Files\dotnet\sdk\10.0.201\Microsoft.Common.CurrentVersion.targets(2451,5): warning MSB3277:             C:\Users\ultra\warewolf\Dev\Warewolf.Core\bin\Debug\net8.0\Warewolf.Core.dll [C:\Users\ultra\warewolf\Dev\Warewolf.Studio.Core\Warewolf.Studio.Core.csproj]
C:\Program Files\dotnet\sdk\10.0.201\Microsoft.Common.CurrentVersion.targets(2451,5): warning MSB3277:             C:\Users\ultra\warewolf\Dev\Warewolf.Driver.Serilog\bin\Debug\net8.0\Warewolf.Driver.Serilog.dll [C:\Users\ultra\warewolf\Dev\Warewolf.Studio.Core\Warewolf.Studio.Core.csproj]
C:\Program Files\dotnet\sdk\10.0.201\Microsoft.Common.CurrentVersion.targets(2451,5): warning MSB3277:             C:\Users\ultra\warewolf\Dev\Warewolf.ResourceManagement\bin\Debug\net8.0\Warewolf.ResourceManagement.dll [C:\Users\ultra\warewolf\Dev\Warewolf.Studio.Core\Warewolf.Studio.Core.csproj]
C:\Program Files\dotnet\sdk\10.0.201\Microsoft.Common.CurrentVersion.targets(2451,5): warning MSB3277:             C:\Users\ultra\warewolf\Dev\Warewolf.Sharepoint\bin\Debug\net8.0\Warewolf.Sharepoint.dll [C:\Users\ultra\warewolf\Dev\Warewolf.Studio.Core\Warewolf.Studio.Core.csproj]
C:\Program Files\dotnet\sdk\10.0.201\Microsoft.Common.CurrentVersion.targets(2451,5): warning MSB3277:             C:\Users\ultra\warewolf\Dev\Warewolf.Storage\bin\Debug\net8.0\Warewolf.Storage.dll [C:\Users\ultra\warewolf\Dev\Warewolf.Studio.Core\Warewolf.Studio.Core.csproj]
C:\Program Files\dotnet\sdk\10.0.201\Microsoft.Common.CurrentVersion.targets(2451,5): warning MSB3277:         C:\Users\ultra\.nuget\packages\mindbox.data.linq\5.0.0\lib\netstandard2.0\Mindbox.Data.Linq.dll [C:\Users\ultra\warewolf\Dev\Warewolf.Studio.Core\Warewolf.Studio.Core.csproj]
C:\Program Files\dotnet\sdk\10.0.201\Microsoft.Common.CurrentVersion.targets(2451,5): warning MSB3277:           Project file item includes which caused reference "C:\Users\ultra\.nuget\packages\mindbox.data.linq\5.0.0\lib\netstandard2.0\Mindbox.Data.Linq.dll". [C:\Users\ultra\warewolf\Dev\Warewolf.Studio.Core\Warewolf.Studio.Core.csproj]
C:\Program Files\dotnet\sdk\10.0.201\Microsoft.Common.CurrentVersion.targets(2451,5): warning MSB3277:             C:\Users\ultra\.nuget\packages\mindbox.data.linq\5.0.0\lib\netstandard2.0\Mindbox.Data.Linq.dll [C:\Users\ultra\warewolf\Dev\Warewolf.Studio.Core\Warewolf.Studio.Core.csproj]
C:\Program Files\dotnet\sdk\10.0.201\Microsoft.Common.CurrentVersion.targets(2451,5): warning MSB3277:             C:\Users\ultra\warewolf\Dev\Warewolf.Auditing\bin\Debug\net8.0\Warewolf.Auditing.dll [C:\Users\ultra\warewolf\Dev\Warewolf.Studio.Core\Warewolf.Studio.Core.csproj]
C:\Program Files\dotnet\sdk\10.0.201\Microsoft.Common.CurrentVersion.targets(2451,5): warning MSB3277:             C:\Users\ultra\warewolf\Dev\Dev2.Runtime.Services\bin\Debug\net8.0\Dev2.Runtime.Services.dll [C:\Users\ultra\warewolf\Dev\Warewolf.Studio.Core\Warewolf.Studio.Core.csproj]
C:\Program Files\dotnet\sdk\10.0.201\Microsoft.Common.CurrentVersion.targets(2451,5): warning MSB3277:             C:\Users\ultra\warewolf\Dev\Dev2.Studio.Interfaces\bin\Debug\net8.0\Dev2.Studio.Interfaces.dll [C:\Users\ultra\warewolf\Dev\Warewolf.Studio.Core\Warewolf.Studio.Core.csproj]
C:\Program Files\dotnet\sdk\10.0.201\Microsoft.Common.CurrentVersion.targets(2451,5): warning MSB3277:             C:\Users\ultra\warewolf\Dev\Warewolf.Common.NetStandard20\bin\Debug\net8.0\Warewolf.Common.NetStandard20.dll [C:\Users\ultra\warewolf\Dev\Warewolf.Studio.Core\Warewolf.Studio.Core.csproj]
C:\Program Files\dotnet\sdk\10.0.201\Microsoft.Common.CurrentVersion.targets(2451,5): warning MSB3277:         C:\Users\ultra\.nuget\packages\mysql.data\8.4.0\lib\net8.0\MySql.Data.dll [C:\Users\ultra\warewolf\Dev\Warewolf.Studio.Core\Warewolf.Studio.Core.csproj]
C:\Program Files\dotnet\sdk\10.0.201\Microsoft.Common.CurrentVersion.targets(2451,5): warning MSB3277:           Project file item includes which caused reference "C:\Users\ultra\.nuget\packages\mysql.data\8.4.0\lib\net8.0\MySql.Data.dll". [C:\Users\ultra\warewolf\Dev\Warewolf.Studio.Core\Warewolf.Studio.Core.csproj]
C:\Program Files\dotnet\sdk\10.0.201\Microsoft.Common.CurrentVersion.targets(2451,5): warning MSB3277:             C:\Users\ultra\.nuget\packages\mysql.data\8.4.0\lib\net8.0\MySql.Data.dll [C:\Users\ultra\warewolf\Dev\Warewolf.Studio.Core\Warewolf.Studio.Core.csproj]
C:\Program Files\dotnet\sdk\10.0.201\Microsoft.Common.CurrentVersion.targets(2451,5): warning MSB3277:             C:\Users\ultra\warewolf\Dev\Dev2.Runtime.Services\bin\Debug\net8.0\Dev2.Runtime.Services.dll [C:\Users\ultra\warewolf\Dev\Warewolf.Studio.Core\Warewolf.Studio.Core.csproj]
C:\Program Files\dotnet\sdk\10.0.201\Microsoft.Common.CurrentVersion.targets(2451,5): warning MSB3277:             C:\Users\ultra\warewolf\Dev\Dev2.Studio.Interfaces\bin\Debug\net8.0\Dev2.Studio.Interfaces.dll [C:\Users\ultra\warewolf\Dev\Warewolf.Studio.Core\Warewolf.Studio.Core.csproj]
C:\Program Files\dotnet\sdk\10.0.201\Microsoft.Common.CurrentVersion.targets(2451,5): warning MSB3277:             C:\Users\ultra\warewolf\Dev\Dev2.Services.Sql\bin\Debug\net8.0\Dev2.Services.Sql.dll [C:\Users\ultra\warewolf\Dev\Warewolf.Studio.Core\Warewolf.Studio.Core.csproj]
C:\Program Files\dotnet\sdk\10.0.201\Microsoft.Common.CurrentVersion.targets(2451,5): warning MSB3277:         C:\Users\ultra\.nuget\packages\oracle.manageddataaccess.core\3.21.70\lib\netstandard2.1\Oracle.ManagedDataAccess.dll [C:\Users\ultra\warewolf\Dev\Warewolf.Studio.Core\Warewolf.Studio.Core.csproj]
C:\Program Files\dotnet\sdk\10.0.201\Microsoft.Common.CurrentVersion.targets(2451,5): warning MSB3277:           Project file item includes which caused reference "C:\Users\ultra\.nuget\packages\oracle.manageddataaccess.core\3.21.70\lib\netstandard2.1\Oracle.ManagedDataAccess.dll". [C:\Users\ultra\warewolf\Dev\Warewolf.Studio.Core\Warewolf.Studio.Core.csproj]
C:\Program Files\dotnet\sdk\10.0.201\Microsoft.Common.CurrentVersion.targets(2451,5): warning MSB3277:             C:\Users\ultra\.nuget\packages\oracle.manageddataaccess.core\3.21.70\lib\netstandard2.1\Oracle.ManagedDataAccess.dll [C:\Users\ultra\warewolf\Dev\Warewolf.Studio.Core\Warewolf.Studio.Core.csproj]
C:\Program Files\dotnet\sdk\10.0.201\Microsoft.Common.CurrentVersion.targets(2451,5): warning MSB3277:             C:\Users\ultra\warewolf\Dev\Dev2.Runtime.Services\bin\Debug\net8.0\Dev2.Runtime.Services.dll [C:\Users\ultra\warewolf\Dev\Warewolf.Studio.Core\Warewolf.Studio.Core.csproj]
C:\Program Files\dotnet\sdk\10.0.201\Microsoft.Common.CurrentVersion.targets(2451,5): warning MSB3277:             C:\Users\ultra\warewolf\Dev\Dev2.Studio.Interfaces\bin\Debug\net8.0\Dev2.Studio.Interfaces.dll [C:\Users\ultra\warewolf\Dev\Warewolf.Studio.Core\Warewolf.Studio.Core.csproj]
C:\Program Files\dotnet\sdk\10.0.201\Microsoft.Common.CurrentVersion.targets(2451,5): warning MSB3277:             C:\Users\ultra\warewolf\Dev\Dev2.Services.Sql\bin\Debug\net8.0\Dev2.Services.Sql.dll [C:\Users\ultra\warewolf\Dev\Warewolf.Studio.Core\Warewolf.Studio.Core.csproj]
C:\Program Files\dotnet\sdk\10.0.201\Microsoft.Common.CurrentVersion.targets(2451,5): warning MSB3277:         C:\Users\ultra\.nuget\packages\system.directoryservices\6.0.0\lib\net6.0\System.DirectoryServices.dll [C:\Users\ultra\warewolf\Dev\Warewolf.Studio.Core\Warewolf.Studio.Core.csproj]
C:\Program Files\dotnet\sdk\10.0.201\Microsoft.Common.CurrentVersion.targets(2451,5): warning MSB3277:           Project file item includes which caused reference "C:\Users\ultra\.nuget\packages\system.directoryservices\6.0.0\lib\net6.0\System.DirectoryServices.dll". [C:\Users\ultra\warewolf\Dev\Warewolf.Studio.Core\Warewolf.Studio.Core.csproj]
C:\Program Files\dotnet\sdk\10.0.201\Microsoft.Common.CurrentVersion.targets(2451,5): warning MSB3277:             C:\Users\ultra\.nuget\packages\system.directoryservices\6.0.0\lib\net6.0\System.DirectoryServices.dll [C:\Users\ultra\warewolf\Dev\Warewolf.Studio.Core\Warewolf.Studio.Core.csproj]
C:\Program Files\dotnet\sdk\10.0.201\Microsoft.Common.CurrentVersion.targets(2451,5): warning MSB3277:             C:\Users\ultra\.nuget\packages\corewcf.primitives\1.2.1\lib\netstandard2.0\CoreWCF.Primitives.dll [C:\Users\ultra\warewolf\Dev\Warewolf.Studio.Core\Warewolf.Studio.Core.csproj]
C:\Program Files\dotnet\sdk\10.0.201\Microsoft.Common.CurrentVersion.targets(2451,5): warning MSB3277:             C:\Users\ultra\warewolf\Dev\Dev2.Runtime.Services\bin\Debug\net8.0\Dev2.Runtime.Services.dll [C:\Users\ultra\warewolf\Dev\Warewolf.Studio.Core\Warewolf.Studio.Core.csproj]
C:\Program Files\dotnet\sdk\10.0.201\Microsoft.Common.CurrentVersion.targets(2451,5): warning MSB3277:             C:\Users\ultra\warewolf\Dev\Dev2.Studio.Interfaces\bin\Debug\net8.0\Dev2.Studio.Interfaces.dll [C:\Users\ultra\warewolf\Dev\Warewolf.Studio.Core\Warewolf.Studio.Core.csproj]
C:\Program Files\dotnet\sdk\10.0.201\Microsoft.Common.CurrentVersion.targets(2451,5): warning MSB3277:             C:\Users\ultra\.nuget\packages\corewcf.http\1.2.1\lib\netstandard2.0\CoreWCF.Http.dll [C:\Users\ultra\warewolf\Dev\Warewolf.Studio.Core\Warewolf.Studio.Core.csproj]
C:\Program Files\dotnet\sdk\10.0.201\Microsoft.Common.CurrentVersion.targets(2451,5): warning MSB3277:             C:\Users\ultra\.nuget\packages\corewcf.nettcp\1.2.1\lib\netstandard2.0\CoreWCF.NetTcp.dll [C:\Users\ultra\warewolf\Dev\Warewolf.Studio.Core\Warewolf.Studio.Core.csproj]
C:\Program Files\dotnet\sdk\10.0.201\Microsoft.Common.CurrentVersion.targets(2451,5): warning MSB3277:             C:\Users\ultra\.nuget\packages\corewcf.webhttp\1.2.1\lib\netstandard2.0\CoreWCF.WebHttp.dll [C:\Users\ultra\warewolf\Dev\Warewolf.Studio.Core\Warewolf.Studio.Core.csproj]
C:\Program Files\dotnet\sdk\10.0.201\Microsoft.Common.CurrentVersion.targets(2451,5): warning MSB3277:         C:\Program Files\dotnet\packs\Microsoft.NETCore.App.Ref\8.0.25\ref\net8.0\System.Configuration.dll [C:\Users\ultra\warewolf\Dev\Warewolf.Studio.Core\Warewolf.Studio.Core.csproj]
C:\Program Files\dotnet\sdk\10.0.201\Microsoft.Common.CurrentVersion.targets(2451,5): warning MSB3277:           Project file item includes which caused reference "C:\Program Files\dotnet\packs\Microsoft.NETCore.App.Ref\8.0.25\ref\net8.0\System.Configuration.dll". [C:\Users\ultra\warewolf\Dev\Warewolf.Studio.Core\Warewolf.Studio.Core.csproj]
C:\Program Files\dotnet\sdk\10.0.201\Microsoft.Common.CurrentVersion.targets(2451,5): warning MSB3277:             C:\Program Files\dotnet\packs\Microsoft.NETCore.App.Ref\8.0.25\ref/net8.0/System.Configuration.dll [C:\Users\ultra\warewolf\Dev\Warewolf.Studio.Core\Warewolf.Studio.Core.csproj]
C:\Program Files\dotnet\sdk\10.0.201\Microsoft.Common.CurrentVersion.targets(2451,5): warning MSB3277:             C:\Users\ultra\.nuget\packages\prism.wpf\9.0.537\lib\net462\Prism.Wpf.dll [C:\Users\ultra\warewolf\Dev\Warewolf.Studio.Core\Warewolf.Studio.Core.csproj]
C:\Program Files\dotnet\sdk\10.0.201\Microsoft.Common.CurrentVersion.targets(2451,5): warning MSB3277:         C:\Program Files\dotnet\packs\Microsoft.NETCore.App.Ref\8.0.25\ref\net8.0\System.Data.dll [C:\Users\ultra\warewolf\Dev\Warewolf.Studio.Core\Warewolf.Studio.Core.csproj]
C:\Program Files\dotnet\sdk\10.0.201\Microsoft.Common.CurrentVersion.targets(2451,5): warning MSB3277:           Project file item includes which caused reference "C:\Program Files\dotnet\packs\Microsoft.NETCore.App.Ref\8.0.25\ref\net8.0\System.Data.dll". [C:\Users\ultra\warewolf\Dev\Warewolf.Studio.Core\Warewolf.Studio.Core.csproj]
C:\Program Files\dotnet\sdk\10.0.201\Microsoft.Common.CurrentVersion.targets(2451,5): warning MSB3277:             C:\Program Files\dotnet\packs\Microsoft.NETCore.App.Ref\8.0.25\ref/net8.0/System.Data.dll [C:\Users\ultra\warewolf\Dev\Warewolf.Studio.Core\Warewolf.Studio.Core.csproj]
C:\Program Files\dotnet\sdk\10.0.201\Microsoft.Common.CurrentVersion.targets(2451,5): warning MSB3277:             C:\Users\ultra\.nuget\packages\taskschedulereditor\2.10.1\lib\net452\Microsoft.Win32.TaskSchedulerEditor.dll [C:\Users\ultra\warewolf\Dev\Warewolf.Studio.Core\Warewolf.Studio.Core.csproj]
C:\Program Files\dotnet\sdk\10.0.201\Microsoft.Common.CurrentVersion.targets(2451,5): warning MSB3277:         C:\Program Files\dotnet\packs\Microsoft.NETCore.App.Ref\8.0.25\ref\net8.0\System.Drawing.dll [C:\Users\ultra\warewolf\Dev\Warewolf.Studio.Core\Warewolf.Studio.Core.csproj]
C:\Program Files\dotnet\sdk\10.0.201\Microsoft.Common.CurrentVersion.targets(2451,5): warning MSB3277:           Project file item includes which caused reference "C:\Program Files\dotnet\packs\Microsoft.NETCore.App.Ref\8.0.25\ref\net8.0\System.Drawing.dll". [C:\Users\ultra\warewolf\Dev\Warewolf.Studio.Core\Warewolf.Studio.Core.csproj]
C:\Program Files\dotnet\sdk\10.0.201\Microsoft.Common.CurrentVersion.targets(2451,5): warning MSB3277:             C:\Program Files\dotnet\packs\Microsoft.NETCore.App.Ref\8.0.25\ref/net8.0/System.Drawing.dll [C:\Users\ultra\warewolf\Dev\Warewolf.Studio.Core\Warewolf.Studio.Core.csproj]
C:\Program Files\dotnet\sdk\10.0.201\Microsoft.Common.CurrentVersion.targets(2451,5): warning MSB3277:             C:\Users\ultra\.nuget\packages\aerowizard\2.3.1\lib\net45\AeroWizard.dll [C:\Users\ultra\warewolf\Dev\Warewolf.Studio.Core\Warewolf.Studio.Core.csproj]
C:\Program Files\dotnet\sdk\10.0.201\Microsoft.Common.CurrentVersion.targets(2451,5): warning MSB3277:             C:\Users\ultra\.nuget\packages\groupcontrols\1.9.0\lib\net45\GroupControls.dll [C:\Users\ultra\warewolf\Dev\Warewolf.Studio.Core\Warewolf.Studio.Core.csproj]
C:\Program Files\dotnet\sdk\10.0.201\Microsoft.Common.CurrentVersion.targets(2451,5): warning MSB3277:             C:\Users\ultra\.nuget\packages\taskschedulereditor\2.10.1\lib\net452\Microsoft.Win32.TaskSchedulerEditor.dll [C:\Users\ultra\warewolf\Dev\Warewolf.Studio.Core\Warewolf.Studio.Core.csproj]
C:\Program Files\dotnet\sdk\10.0.201\Microsoft.Common.CurrentVersion.targets(2451,5): warning MSB3277:         C:\Program Files\dotnet\packs\Microsoft.NETCore.App.Ref\8.0.25\ref\net8.0\System.Net.dll [C:\Users\ultra\warewolf\Dev\Warewolf.Studio.Core\Warewolf.Studio.Core.csproj]
C:\Program Files\dotnet\sdk\10.0.201\Microsoft.Common.CurrentVersion.targets(2451,5): warning MSB3277:           Project file item includes which caused reference "C:\Program Files\dotnet\packs\Microsoft.NETCore.App.Ref\8.0.25\ref\net8.0\System.Net.dll". [C:\Users\ultra\warewolf\Dev\Warewolf.Studio.Core\Warewolf.Studio.Core.csproj]
C:\Program Files\dotnet\sdk\10.0.201\Microsoft.Common.CurrentVersion.targets(2451,5): warning MSB3277:             C:\Program Files\dotnet\packs\Microsoft.NETCore.App.Ref\8.0.25\ref/net8.0/System.Net.dll [C:\Users\ultra\warewolf\Dev\Warewolf.Studio.Core\Warewolf.Studio.Core.csproj]
C:\Program Files\dotnet\sdk\10.0.201\Microsoft.Common.CurrentVersion.targets(2451,5): warning MSB3277:         C:\Program Files\dotnet\packs\Microsoft.NETCore.App.Ref\8.0.25\ref\net8.0\System.Security.dll [C:\Users\ultra\warewolf\Dev\Warewolf.Studio.Core\Warewolf.Studio.Core.csproj]
C:\Program Files\dotnet\sdk\10.0.201\Microsoft.Common.CurrentVersion.targets(2451,5): warning MSB3277:           Project file item includes which caused reference "C:\Program Files\dotnet\packs\Microsoft.NETCore.App.Ref\8.0.25\ref\net8.0\System.Security.dll". [C:\Users\ultra\warewolf\Dev\Warewolf.Studio.Core\Warewolf.Studio.Core.csproj]
C:\Program Files\dotnet\sdk\10.0.201\Microsoft.Common.CurrentVersion.targets(2451,5): warning MSB3277:             C:\Program Files\dotnet\packs\Microsoft.NETCore.App.Ref\8.0.25\ref/net8.0/System.Security.dll [C:\Users\ultra\warewolf\Dev\Warewolf.Studio.Core\Warewolf.Studio.Core.csproj]
C:\Program Files\dotnet\sdk\10.0.201\Microsoft.Common.CurrentVersion.targets(2451,5): warning MSB3277:         C:\Program Files\dotnet\packs\Microsoft.NETCore.App.Ref\8.0.25\ref\net8.0\System.ServiceProcess.dll [C:\Users\ultra\warewolf\Dev\Warewolf.Studio.Core\Warewolf.Studio.Core.csproj]
C:\Program Files\dotnet\sdk\10.0.201\Microsoft.Common.CurrentVersion.targets(2451,5): warning MSB3277:           Project file item includes which caused reference "C:\Program Files\dotnet\packs\Microsoft.NETCore.App.Ref\8.0.25\ref\net8.0\System.ServiceProcess.dll". [C:\Users\ultra\warewolf\Dev\Warewolf.Studio.Core\Warewolf.Studio.Core.csproj]
C:\Program Files\dotnet\sdk\10.0.201\Microsoft.Common.CurrentVersion.targets(2451,5): warning MSB3277:             C:\Program Files\dotnet\packs\Microsoft.NETCore.App.Ref\8.0.25\ref/net8.0/System.ServiceProcess.dll [C:\Users\ultra\warewolf\Dev\Warewolf.Studio.Core\Warewolf.Studio.Core.csproj]
C:\Program Files\dotnet\sdk\10.0.201\Microsoft.Common.CurrentVersion.targets(2451,5): warning MSB3277:         C:\Program Files\dotnet\packs\Microsoft.NETCore.App.Ref\8.0.25\ref\net8.0\System.Transactions.dll [C:\Users\ultra\warewolf\Dev\Warewolf.Studio.Core\Warewolf.Studio.Core.csproj]
C:\Program Files\dotnet\sdk\10.0.201\Microsoft.Common.CurrentVersion.targets(2451,5): warning MSB3277:           Project file item includes which caused reference "C:\Program Files\dotnet\packs\Microsoft.NETCore.App.Ref\8.0.25\ref\net8.0\System.Transactions.dll". [C:\Users\ultra\warewolf\Dev\Warewolf.Studio.Core\Warewolf.Studio.Core.csproj]
C:\Program Files\dotnet\sdk\10.0.201\Microsoft.Common.CurrentVersion.targets(2451,5): warning MSB3277:             C:\Program Files\dotnet\packs\Microsoft.NETCore.App.Ref\8.0.25\ref/net8.0/System.Transactions.dll [C:\Users\ultra\warewolf\Dev\Warewolf.Studio.Core\Warewolf.Studio.Core.csproj]
C:\Program Files\dotnet\sdk\10.0.201\Microsoft.Common.CurrentVersion.targets(2451,5): warning MSB3277:         C:\Program Files\dotnet\packs\Microsoft.NETCore.App.Ref\8.0.25\ref\net8.0\System.dll [C:\Users\ultra\warewolf\Dev\Warewolf.Studio.Core\Warewolf.Studio.Core.csproj]
C:\Program Files\dotnet\sdk\10.0.201\Microsoft.Common.CurrentVersion.targets(2451,5): warning MSB3277:           Project file item includes which caused reference "C:\Program Files\dotnet\packs\Microsoft.NETCore.App.Ref\8.0.25\ref\net8.0\System.dll". [C:\Users\ultra\warewolf\Dev\Warewolf.Studio.Core\Warewolf.Studio.Core.csproj]
C:\Program Files\dotnet\sdk\10.0.201\Microsoft.Common.CurrentVersion.targets(2451,5): warning MSB3277:             C:\Program Files\dotnet\packs\Microsoft.NETCore.App.Ref\8.0.25\ref/net8.0/System.dll [C:\Users\ultra\warewolf\Dev\Warewolf.Studio.Core\Warewolf.Studio.Core.csproj]
C:\Program Files\dotnet\sdk\10.0.201\Microsoft.Common.CurrentVersion.targets(2451,5): warning MSB3277:             C:\Users\ultra\.nuget\packages\aerowizard\2.3.1\lib\net45\AeroWizard.dll [C:\Users\ultra\warewolf\Dev\Warewolf.Studio.Core\Warewolf.Studio.Core.csproj]
C:\Program Files\dotnet\sdk\10.0.201\Microsoft.Common.CurrentVersion.targets(2451,5): warning MSB3277:             C:\Users\ultra\.nuget\packages\groupcontrols\1.9.0\lib\net45\GroupControls.dll [C:\Users\ultra\warewolf\Dev\Warewolf.Studio.Core\Warewolf.Studio.Core.csproj]
C:\Program Files\dotnet\sdk\10.0.201\Microsoft.Common.CurrentVersion.targets(2451,5): warning MSB3277:             C:\Users\ultra\.nuget\packages\microsoft.xaml.behaviors.wpf\1.1.122\lib\net462\Microsoft.Xaml.Behaviors.dll [C:\Users\ultra\warewolf\Dev\Warewolf.Studio.Core\Warewolf.Studio.Core.csproj]
C:\Program Files\dotnet\sdk\10.0.201\Microsoft.Common.CurrentVersion.targets(2451,5): warning MSB3277:             C:\Users\ultra\.nuget\packages\caliburn.micro\4.0.212\lib\netcoreapp3.1\Caliburn.Micro.Platform.dll [C:\Users\ultra\warewolf\Dev\Warewolf.Studio.Core\Warewolf.Studio.Core.csproj]
C:\Program Files\dotnet\sdk\10.0.201\Microsoft.Common.CurrentVersion.targets(2451,5): warning MSB3277:             C:\Users\ultra\.nuget\packages\prism.wpf\9.0.537\lib\net462\Prism.Wpf.dll [C:\Users\ultra\warewolf\Dev\Warewolf.Studio.Core\Warewolf.Studio.Core.csproj]
C:\Program Files\dotnet\sdk\10.0.201\Microsoft.Common.CurrentVersion.targets(2451,5): warning MSB3277:             C:\Users\ultra\.nuget\packages\reactiveui.wpf\18.4.1\lib\net462\ReactiveUI.Wpf.dll [C:\Users\ultra\warewolf\Dev\Warewolf.Studio.Core\Warewolf.Studio.Core.csproj]
C:\Program Files\dotnet\sdk\10.0.201\Microsoft.Common.CurrentVersion.targets(2451,5): warning MSB3277:             C:\Users\ultra\.nuget\packages\taskschedulereditor\2.10.1\lib\net452\Microsoft.Win32.TaskSchedulerEditor.dll [C:\Users\ultra\warewolf\Dev\Warewolf.Studio.Core\Warewolf.Studio.Core.csproj]
C:\Program Files\dotnet\sdk\10.0.201\Microsoft.Common.CurrentVersion.targets(2451,5): warning MSB3277:             C:\Users\ultra\.nuget\packages\ttcue.netcore.sharepointonline.csom.16.1.8029.1200\16.1.8029.1200\lib\netcoreapp2.0\Microsoft.SharePoint.Client.Runtime.Windows.dll [C:\Users\ultra\warewolf\Dev\Warewolf.Studio.Core\Warewolf.Studio.Core.csproj]
C:\Program Files\dotnet\sdk\10.0.201\Microsoft.Common.CurrentVersion.targets(2451,5): warning MSB3277:         C:\Program Files\dotnet\packs\Microsoft.NETCore.App.Ref\8.0.25\ref\net8.0\WindowsBase.dll [C:\Users\ultra\warewolf\Dev\Warewolf.Studio.Core\Warewolf.Studio.Core.csproj]
C:\Program Files\dotnet\sdk\10.0.201\Microsoft.Common.CurrentVersion.targets(2451,5): warning MSB3277:           Project file item includes which caused reference "C:\Program Files\dotnet\packs\Microsoft.NETCore.App.Ref\8.0.25\ref\net8.0\WindowsBase.dll". [C:\Users\ultra\warewolf\Dev\Warewolf.Studio.Core\Warewolf.Studio.Core.csproj]
C:\Program Files\dotnet\sdk\10.0.201\Microsoft.Common.CurrentVersion.targets(2451,5): warning MSB3277:             C:\Program Files\dotnet\packs\Microsoft.NETCore.App.Ref\8.0.25\ref/net8.0/WindowsBase.dll [C:\Users\ultra\warewolf\Dev\Warewolf.Studio.Core\Warewolf.Studio.Core.csproj]
C:\Program Files\dotnet\sdk\10.0.201\Microsoft.Common.CurrentVersion.targets(2451,5): warning MSB3277:         C:\Program Files\dotnet\packs\Microsoft.NETCore.App.Ref\8.0.25\ref\net8.0\mscorlib.dll [C:\Users\ultra\warewolf\Dev\Warewolf.Studio.Core\Warewolf.Studio.Core.csproj]
C:\Program Files\dotnet\sdk\10.0.201\Microsoft.Common.CurrentVersion.targets(2451,5): warning MSB3277:           Project file item includes which caused reference "C:\Program Files\dotnet\packs\Microsoft.NETCore.App.Ref\8.0.25\ref\net8.0\mscorlib.dll". [C:\Users\ultra\warewolf\Dev\Warewolf.Studio.Core\Warewolf.Studio.Core.csproj]
C:\Program Files\dotnet\sdk\10.0.201\Microsoft.Common.CurrentVersion.targets(2451,5): warning MSB3277:             C:\Program Files\dotnet\packs\Microsoft.NETCore.App.Ref\8.0.25\ref/net8.0/mscorlib.dll [C:\Users\ultra\warewolf\Dev\Warewolf.Studio.Core\Warewolf.Studio.Core.csproj]
C:\Program Files\dotnet\sdk\10.0.201\Microsoft.Common.CurrentVersion.targets(2451,5): warning MSB3277:             C:\Users\ultra\.nuget\packages\aerowizard\2.3.1\lib\net45\AeroWizard.dll [C:\Users\ultra\warewolf\Dev\Warewolf.Studio.Core\Warewolf.Studio.Core.csproj]
C:\Program Files\dotnet\sdk\10.0.201\Microsoft.Common.CurrentVersion.targets(2451,5): warning MSB3277:             C:\Users\ultra\.nuget\packages\groupcontrols\1.9.0\lib\net45\GroupControls.dll [C:\Users\ultra\warewolf\Dev\Warewolf.Studio.Core\Warewolf.Studio.Core.csproj]
C:\Program Files\dotnet\sdk\10.0.201\Microsoft.Common.CurrentVersion.targets(2451,5): warning MSB3277:             C:\Users\ultra\.nuget\packages\microsoft.xaml.behaviors.wpf\1.1.122\lib\net462\Microsoft.Xaml.Behaviors.dll [C:\Users\ultra\warewolf\Dev\Warewolf.Studio.Core\Warewolf.Studio.Core.csproj]
C:\Program Files\dotnet\sdk\10.0.201\Microsoft.Common.CurrentVersion.targets(2451,5): warning MSB3277:             C:\Users\ultra\.nuget\packages\caliburn.micro\4.0.212\lib\netcoreapp3.1\Caliburn.Micro.Platform.dll [C:\Users\ultra\warewolf\Dev\Warewolf.Studio.Core\Warewolf.Studio.Core.csproj]
C:\Program Files\dotnet\sdk\10.0.201\Microsoft.Common.CurrentVersion.targets(2451,5): warning MSB3277:             C:\Users\ultra\.nuget\packages\oracle.manageddataaccess.core\3.21.70\lib\netstandard2.1\Oracle.ManagedDataAccess.dll [C:\Users\ultra\warewolf\Dev\Warewolf.Studio.Core\Warewolf.Studio.Core.csproj]
C:\Program Files\dotnet\sdk\10.0.201\Microsoft.Common.CurrentVersion.targets(2451,5): warning MSB3277:             C:\Users\ultra\warewolf\Dev\Dev2.Runtime.Services\bin\Debug\net8.0\Dev2.Runtime.Services.dll [C:\Users\ultra\warewolf\Dev\Warewolf.Studio.Core\Warewolf.Studio.Core.csproj]
C:\Program Files\dotnet\sdk\10.0.201\Microsoft.Common.CurrentVersion.targets(2451,5): warning MSB3277:             C:\Users\ultra\warewolf\Dev\Dev2.Studio.Interfaces\bin\Debug\net8.0\Dev2.Studio.Interfaces.dll [C:\Users\ultra\warewolf\Dev\Warewolf.Studio.Core\Warewolf.Studio.Core.csproj]
C:\Program Files\dotnet\sdk\10.0.201\Microsoft.Common.CurrentVersion.targets(2451,5): warning MSB3277:             C:\Users\ultra\warewolf\Dev\Dev2.Services.Sql\bin\Debug\net8.0\Dev2.Services.Sql.dll [C:\Users\ultra\warewolf\Dev\Warewolf.Studio.Core\Warewolf.Studio.Core.csproj]
C:\Program Files\dotnet\sdk\10.0.201\Microsoft.Common.CurrentVersion.targets(2451,5): warning MSB3277:             C:\Users\ultra\.nuget\packages\prism.wpf\9.0.537\lib\net462\Prism.Wpf.dll [C:\Users\ultra\warewolf\Dev\Warewolf.Studio.Core\Warewolf.Studio.Core.csproj]
C:\Program Files\dotnet\sdk\10.0.201\Microsoft.Common.CurrentVersion.targets(2451,5): warning MSB3277:             C:\Users\ultra\.nuget\packages\reactiveui.wpf\18.4.1\lib\net462\ReactiveUI.Wpf.dll [C:\Users\ultra\warewolf\Dev\Warewolf.Studio.Core\Warewolf.Studio.Core.csproj]
C:\Program Files\dotnet\sdk\10.0.201\Microsoft.Common.CurrentVersion.targets(2451,5): warning MSB3277:             C:\Users\ultra\.nuget\packages\taskschedulereditor\2.10.1\lib\net452\Microsoft.Win32.TaskSchedulerEditor.dll [C:\Users\ultra\warewolf\Dev\Warewolf.Studio.Core\Warewolf.Studio.Core.csproj]
C:\Program Files\dotnet\sdk\10.0.201\Microsoft.Common.CurrentVersion.targets(2451,5): warning MSB3277:             C:\Users\ultra\.nuget\packages\ttcue.netcore.sharepointonline.csom.16.1.8029.1200\16.1.8029.1200\lib\netcoreapp2.0\Microsoft.SharePoint.Client.Runtime.Windows.dll [C:\Users\ultra\warewolf\Dev\Warewolf.Studio.Core\Warewolf.Studio.Core.csproj]
C:\Program Files\dotnet\sdk\10.0.201\Microsoft.Common.CurrentVersion.targets(2451,5): warning MSB3277: Found conflicts between different versions of "WindowsBase" that could not be resolved. [C:\Users\ultra\warewolf\Dev\Warewolf.Studio.Core\Warewolf.Studio.Core.csproj]
C:\Program Files\dotnet\sdk\10.0.201\Microsoft.Common.CurrentVersion.targets(2451,5): warning MSB3277: There was a conflict between "WindowsBase, Version=4.0.0.0, Culture=neutral, PublicKeyToken=31bf3856ad364e35" and "WindowsBase, Version=6.0.2.0, Culture=neutral, PublicKeyToken=31bf3856ad364e35". [C:\Users\ultra\warewolf\Dev\Warewolf.Studio.Core\Warewolf.Studio.Core.csproj]
C:\Program Files\dotnet\sdk\10.0.201\Microsoft.Common.CurrentVersion.targets(2451,5): warning MSB3277:     "WindowsBase, Version=4.0.0.0, Culture=neutral, PublicKeyToken=31bf3856ad364e35" was chosen because it was primary and "WindowsBase, Version=6.0.2.0, Culture=neutral, PublicKeyToken=31bf3856ad364e35" was not. [C:\Users\ultra\warewolf\Dev\Warewolf.Studio.Core\Warewolf.Studio.Core.csproj]
C:\Program Files\dotnet\sdk\10.0.201\Microsoft.Common.CurrentVersion.targets(2451,5): warning MSB3277:     References which depend on "WindowsBase, Version=4.0.0.0, Culture=neutral, PublicKeyToken=31bf3856ad364e35" [C:\Program Files\dotnet\packs\Microsoft.NETCore.App.Ref\8.0.25\ref\net8.0\WindowsBase.dll]. [C:\Users\ultra\warewolf\Dev\Warewolf.Studio.Core\Warewolf.Studio.Core.csproj]
C:\Program Files\dotnet\sdk\10.0.201\Microsoft.Common.CurrentVersion.targets(2451,5): warning MSB3277:         C:\Program Files\dotnet\packs\Microsoft.NETCore.App.Ref\8.0.25\ref\net8.0\WindowsBase.dll [C:\Users\ultra\warewolf\Dev\Warewolf.Studio.Core\Warewolf.Studio.Core.csproj]
C:\Program Files\dotnet\sdk\10.0.201\Microsoft.Common.CurrentVersion.targets(2451,5): warning MSB3277:           Project file item includes which caused reference "C:\Program Files\dotnet\packs\Microsoft.NETCore.App.Ref\8.0.25\ref\net8.0\WindowsBase.dll". [C:\Users\ultra\warewolf\Dev\Warewolf.Studio.Core\Warewolf.Studio.Core.csproj]
C:\Program Files\dotnet\sdk\10.0.201\Microsoft.Common.CurrentVersion.targets(2451,5): warning MSB3277:             C:\Program Files\dotnet\packs\Microsoft.NETCore.App.Ref\8.0.25\ref/net8.0/WindowsBase.dll [C:\Users\ultra\warewolf\Dev\Warewolf.Studio.Core\Warewolf.Studio.Core.csproj]
C:\Program Files\dotnet\sdk\10.0.201\Microsoft.Common.CurrentVersion.targets(2451,5): warning MSB3277:     References which depend on or have been unified to "WindowsBase, Version=6.0.2.0, Culture=neutral, PublicKeyToken=31bf3856ad364e35" []. [C:\Users\ultra\warewolf\Dev\Warewolf.Studio.Core\Warewolf.Studio.Core.csproj]
C:\Program Files\dotnet\sdk\10.0.201\Microsoft.Common.CurrentVersion.targets(2451,5): warning MSB3277:         C:\Users\ultra\warewolf\Dev\Binaries\Infragistcs_Net6\InfragisticsWPF4.Controls.Menus.XamDataTree.v15.1.dll [C:\Users\ultra\warewolf\Dev\Warewolf.Studio.Core\Warewolf.Studio.Core.csproj]
C:\Program Files\dotnet\sdk\10.0.201\Microsoft.Common.CurrentVersion.targets(2451,5): warning MSB3277:           Project file item includes which caused reference "C:\Users\ultra\warewolf\Dev\Binaries\Infragistcs_Net6\InfragisticsWPF4.Controls.Menus.XamDataTree.v15.1.dll". [C:\Users\ultra\warewolf\Dev\Warewolf.Studio.Core\Warewolf.Studio.Core.csproj]
C:\Program Files\dotnet\sdk\10.0.201\Microsoft.Common.CurrentVersion.targets(2451,5): warning MSB3277:             InfragisticsWPF4.Controls.Menus.XamDataTree.v15.1, Version=15.1.20151.2055, Culture=neutral, PublicKeyToken=7dd5c3163f2cd0cb, processorArchitecture=MSIL [C:\Users\ultra\warewolf\Dev\Warewolf.Studio.Core\Warewolf.Studio.Core.csproj]
C:\Program Files\dotnet\sdk\10.0.201\Microsoft.Common.CurrentVersion.targets(2451,5): warning MSB3277:         C:\Users\ultra\warewolf\Dev\Binaries\Infragistcs_Net6\InfragisticsWPF4.DataManager.v15.1.dll [C:\Users\ultra\warewolf\Dev\Warewolf.Studio.Core\Warewolf.Studio.Core.csproj]
C:\Program Files\dotnet\sdk\10.0.201\Microsoft.Common.CurrentVersion.targets(2451,5): warning MSB3277:           Project file item includes which caused reference "C:\Users\ultra\warewolf\Dev\Binaries\Infragistcs_Net6\InfragisticsWPF4.DataManager.v15.1.dll". [C:\Users\ultra\warewolf\Dev\Warewolf.Studio.Core\Warewolf.Studio.Core.csproj]
C:\Program Files\dotnet\sdk\10.0.201\Microsoft.Common.CurrentVersion.targets(2451,5): warning MSB3277:             InfragisticsWPF4.DataManager.v15.1, Version=15.1.20151.2055, Culture=neutral, PublicKeyToken=7dd5c3163f2cd0cb, processorArchitecture=MSIL [C:\Users\ultra\warewolf\Dev\Warewolf.Studio.Core\Warewolf.Studio.Core.csproj]
C:\Program Files\dotnet\sdk\10.0.201\Microsoft.Common.CurrentVersion.targets(2451,5): warning MSB3277:             InfragisticsWPF4.Controls.Menus.XamDataTree.v15.1, Version=15.1.20151.2055, Culture=neutral, PublicKeyToken=7dd5c3163f2cd0cb, processorArchitecture=MSIL [C:\Users\ultra\warewolf\Dev\Warewolf.Studio.Core\Warewolf.Studio.Core.csproj]
C:\Program Files\dotnet\sdk\10.0.201\Microsoft.Common.CurrentVersion.targets(2451,5): warning MSB3277:         C:\Users\ultra\warewolf\Dev\Binaries\Infragistcs_Net6\InfragisticsWPF4.DockManager.v15.1.dll [C:\Users\ultra\warewolf\Dev\Warewolf.Studio.Core\Warewolf.Studio.Core.csproj]
C:\Program Files\dotnet\sdk\10.0.201\Microsoft.Common.CurrentVersion.targets(2451,5): warning MSB3277:           Project file item includes which caused reference "C:\Users\ultra\warewolf\Dev\Binaries\Infragistcs_Net6\InfragisticsWPF4.DockManager.v15.1.dll". [C:\Users\ultra\warewolf\Dev\Warewolf.Studio.Core\Warewolf.Studio.Core.csproj]
C:\Program Files\dotnet\sdk\10.0.201\Microsoft.Common.CurrentVersion.targets(2451,5): warning MSB3277:             InfragisticsWPF4.DockManager.v15.1, Version=15.1.20151.2055, Culture=neutral, PublicKeyToken=7dd5c3163f2cd0cb, processorArchitecture=MSIL [C:\Users\ultra\warewolf\Dev\Warewolf.Studio.Core\Warewolf.Studio.Core.csproj]
C:\Program Files\dotnet\sdk\10.0.201\Microsoft.Common.CurrentVersion.targets(2451,5): warning MSB3277:         C:\Users\ultra\warewolf\Dev\Binaries\Infragistcs_Net6\InfragisticsWPF4.v15.1.dll [C:\Users\ultra\warewolf\Dev\Warewolf.Studio.Core\Warewolf.Studio.Core.csproj]
C:\Program Files\dotnet\sdk\10.0.201\Microsoft.Common.CurrentVersion.targets(2451,5): warning MSB3277:           Project file item includes which caused reference "C:\Users\ultra\warewolf\Dev\Binaries\Infragistcs_Net6\InfragisticsWPF4.v15.1.dll". [C:\Users\ultra\warewolf\Dev\Warewolf.Studio.Core\Warewolf.Studio.Core.csproj]
C:\Program Files\dotnet\sdk\10.0.201\Microsoft.Common.CurrentVersion.targets(2451,5): warning MSB3277:             InfragisticsWPF4.v15.1, Version=15.1.20151.2055, Culture=neutral, PublicKeyToken=7dd5c3163f2cd0cb, processorArchitecture=MSIL [C:\Users\ultra\warewolf\Dev\Warewolf.Studio.Core\Warewolf.Studio.Core.csproj]
C:\Program Files\dotnet\sdk\10.0.201\Microsoft.Common.CurrentVersion.targets(2451,5): warning MSB3277:             InfragisticsWPF4.Controls.Menus.XamDataTree.v15.1, Version=15.1.20151.2055, Culture=neutral, PublicKeyToken=7dd5c3163f2cd0cb, processorArchitecture=MSIL [C:\Users\ultra\warewolf\Dev\Warewolf.Studio.Core\Warewolf.Studio.Core.csproj]
C:\Program Files\dotnet\sdk\10.0.201\Microsoft.Common.CurrentVersion.targets(2451,5): warning MSB3277:             InfragisticsWPF4.DataManager.v15.1, Version=15.1.20151.2055, Culture=neutral, PublicKeyToken=7dd5c3163f2cd0cb, processorArchitecture=MSIL [C:\Users\ultra\warewolf\Dev\Warewolf.Studio.Core\Warewolf.Studio.Core.csproj]
C:\Program Files\dotnet\sdk\10.0.201\Microsoft.Common.CurrentVersion.targets(2451,5): warning MSB3277:             InfragisticsWPF4.DockManager.v15.1, Version=15.1.20151.2055, Culture=neutral, PublicKeyToken=7dd5c3163f2cd0cb, processorArchitecture=MSIL [C:\Users\ultra\warewolf\Dev\Warewolf.Studio.Core\Warewolf.Studio.Core.csproj]
C:\Program Files\dotnet\sdk\10.0.201\Microsoft.Common.CurrentVersion.targets(2451,5): warning MSB3277:         C:\Users\ultra\.nuget\packages\caliburn.micro\4.0.212\lib\netcoreapp3.1\Caliburn.Micro.Platform.dll [C:\Users\ultra\warewolf\Dev\Warewolf.Studio.Core\Warewolf.Studio.Core.csproj]
C:\Program Files\dotnet\sdk\10.0.201\Microsoft.Common.CurrentVersion.targets(2451,5): warning MSB3277:           Project file item includes which caused reference "C:\Users\ultra\.nuget\packages\caliburn.micro\4.0.212\lib\netcoreapp3.1\Caliburn.Micro.Platform.dll". [C:\Users\ultra\warewolf\Dev\Warewolf.Studio.Core\Warewolf.Studio.Core.csproj]
C:\Program Files\dotnet\sdk\10.0.201\Microsoft.Common.CurrentVersion.targets(2451,5): warning MSB3277:             C:\Users\ultra\.nuget\packages\caliburn.micro\4.0.212\lib\netcoreapp3.1\Caliburn.Micro.Platform.dll [C:\Users\ultra\warewolf\Dev\Warewolf.Studio.Core\Warewolf.Studio.Core.csproj]
C:\Program Files\dotnet\sdk\10.0.201\Microsoft.Common.CurrentVersion.targets(2451,5): warning MSB3277:         C:\Users\ultra\.nuget\packages\microsoft.xaml.behaviors.wpf\1.1.122\lib\net462\Microsoft.Xaml.Behaviors.dll [C:\Users\ultra\warewolf\Dev\Warewolf.Studio.Core\Warewolf.Studio.Core.csproj]
C:\Program Files\dotnet\sdk\10.0.201\Microsoft.Common.CurrentVersion.targets(2451,5): warning MSB3277:           Project file item includes which caused reference "C:\Users\ultra\.nuget\packages\microsoft.xaml.behaviors.wpf\1.1.122\lib\net462\Microsoft.Xaml.Behaviors.dll". [C:\Users\ultra\warewolf\Dev\Warewolf.Studio.Core\Warewolf.Studio.Core.csproj]
C:\Program Files\dotnet\sdk\10.0.201\Microsoft.Common.CurrentVersion.targets(2451,5): warning MSB3277:             C:\Users\ultra\.nuget\packages\microsoft.xaml.behaviors.wpf\1.1.122\lib\net462\Microsoft.Xaml.Behaviors.dll [C:\Users\ultra\warewolf\Dev\Warewolf.Studio.Core\Warewolf.Studio.Core.csproj]
C:\Program Files\dotnet\sdk\10.0.201\Microsoft.Common.CurrentVersion.targets(2451,5): warning MSB3277:             C:\Users\ultra\.nuget\packages\caliburn.micro\4.0.212\lib\netcoreapp3.1\Caliburn.Micro.Platform.dll [C:\Users\ultra\warewolf\Dev\Warewolf.Studio.Core\Warewolf.Studio.Core.csproj]
C:\Program Files\dotnet\sdk\10.0.201\Microsoft.Common.CurrentVersion.targets(2451,5): warning MSB3277:             C:\Users\ultra\.nuget\packages\prism.wpf\9.0.537\lib\net462\Prism.Wpf.dll [C:\Users\ultra\warewolf\Dev\Warewolf.Studio.Core\Warewolf.Studio.Core.csproj]
C:\Program Files\dotnet\sdk\10.0.201\Microsoft.Common.CurrentVersion.targets(2451,5): warning MSB3277:         C:\Users\ultra\.nuget\packages\prism.wpf\9.0.537\lib\net462\Prism.Wpf.dll [C:\Users\ultra\warewolf\Dev\Warewolf.Studio.Core\Warewolf.Studio.Core.csproj]
C:\Program Files\dotnet\sdk\10.0.201\Microsoft.Common.CurrentVersion.targets(2451,5): warning MSB3277:           Project file item includes which caused reference "C:\Users\ultra\.nuget\packages\prism.wpf\9.0.537\lib\net462\Prism.Wpf.dll". [C:\Users\ultra\warewolf\Dev\Warewolf.Studio.Core\Warewolf.Studio.Core.csproj]
C:\Program Files\dotnet\sdk\10.0.201\Microsoft.Common.CurrentVersion.targets(2451,5): warning MSB3277:             C:\Users\ultra\.nuget\packages\prism.wpf\9.0.537\lib\net462\Prism.Wpf.dll [C:\Users\ultra\warewolf\Dev\Warewolf.Studio.Core\Warewolf.Studio.Core.csproj]
C:\Program Files\dotnet\sdk\10.0.201\Microsoft.Common.CurrentVersion.targets(2451,5): warning MSB3277:         C:\Users\ultra\.nuget\packages\reactiveui.wpf\18.4.1\lib\net462\ReactiveUI.Wpf.dll [C:\Users\ultra\warewolf\Dev\Warewolf.Studio.Core\Warewolf.Studio.Core.csproj]
C:\Program Files\dotnet\sdk\10.0.201\Microsoft.Common.CurrentVersion.targets(2451,5): warning MSB3277:           Project file item includes which caused reference "C:\Users\ultra\.nuget\packages\reactiveui.wpf\18.4.1\lib\net462\ReactiveUI.Wpf.dll". [C:\Users\ultra\warewolf\Dev\Warewolf.Studio.Core\Warewolf.Studio.Core.csproj]
C:\Program Files\dotnet\sdk\10.0.201\Microsoft.Common.CurrentVersion.targets(2451,5): warning MSB3277:             C:\Users\ultra\.nuget\packages\reactiveui.wpf\18.4.1\lib\net462\ReactiveUI.Wpf.dll [C:\Users\ultra\warewolf\Dev\Warewolf.Studio.Core\Warewolf.Studio.Core.csproj]
C:\Program Files\dotnet\sdk\10.0.201\Microsoft.Common.CurrentVersion.targets(2451,5): warning MSB3277:         C:\Users\ultra\warewolf\Dev\Binaries\Infragistcs_Net6\InfragisticsWPF4.DragDrop.v15.1.dll [C:\Users\ultra\warewolf\Dev\Warewolf.Studio.Core\Warewolf.Studio.Core.csproj]
C:\Program Files\dotnet\sdk\10.0.201\Microsoft.Common.CurrentVersion.targets(2451,5): warning MSB3277:           Project file item includes which caused reference "C:\Users\ultra\warewolf\Dev\Binaries\Infragistcs_Net6\InfragisticsWPF4.DragDrop.v15.1.dll". [C:\Users\ultra\warewolf\Dev\Warewolf.Studio.Core\Warewolf.Studio.Core.csproj]
C:\Program Files\dotnet\sdk\10.0.201\Microsoft.Common.CurrentVersion.targets(2451,5): warning MSB3277:             InfragisticsWPF4.Controls.Menus.XamDataTree.v15.1, Version=15.1.20151.2055, Culture=neutral, PublicKeyToken=7dd5c3163f2cd0cb, processorArchitecture=MSIL [C:\Users\ultra\warewolf\Dev\Warewolf.Studio.Core\Warewolf.Studio.Core.csproj]
  Warewolf.Testing -> C:\Users\ultra\warewolf\Dev\Warewolf.Testing\bin\Debug\net8.0\Warewolf.Testing.dll
  Warewolf.Studio.Models -> C:\Users\ultra\warewolf\Dev\Warewolf.Studio.Models\bin\Debug\net8.0\Warewolf.Studio.Models.dll
  Warewolf.Studio.Core -> C:\Users\ultra\warewolf\Dev\Warewolf.Studio.Core\bin\Debug\net8.0\Warewolf.Studio.Core.dll
C:\Program Files\dotnet\sdk\10.0.201\Microsoft.Common.CurrentVersion.targets(2451,5): warning MSB3277: Found conflicts between different versions of "Microsoft.Win32.SystemEvents" that could not be resolved. [C:\Users\ultra\warewolf\Dev\Warewolf.Core.Tests\Warewolf.Core.Tests.csproj]
C:\Program Files\dotnet\sdk\10.0.201\Microsoft.Common.CurrentVersion.targets(2451,5): warning MSB3277: There was a conflict between "Microsoft.Win32.SystemEvents, Version=6.0.0.0, Culture=neutral, PublicKeyToken=cc7b13ffcd2ddd51" and "Microsoft.Win32.SystemEvents, Version=7.0.0.0, Culture=neutral, PublicKeyToken=cc7b13ffcd2ddd51". [C:\Users\ultra\warewolf\Dev\Warewolf.Core.Tests\Warewolf.Core.Tests.csproj]
C:\Program Files\dotnet\sdk\10.0.201\Microsoft.Common.CurrentVersion.targets(2451,5): warning MSB3277:     "Microsoft.Win32.SystemEvents, Version=6.0.0.0, Culture=neutral, PublicKeyToken=cc7b13ffcd2ddd51" was chosen because it was primary and "Microsoft.Win32.SystemEvents, Version=7.0.0.0, Culture=neutral, PublicKeyToken=cc7b13ffcd2ddd51" was not. [C:\Users\ultra\warewolf\Dev\Warewolf.Core.Tests\Warewolf.Core.Tests.csproj]
C:\Program Files\dotnet\sdk\10.0.201\Microsoft.Common.CurrentVersion.targets(2451,5): warning MSB3277:     References which depend on "Microsoft.Win32.SystemEvents, Version=6.0.0.0, Culture=neutral, PublicKeyToken=cc7b13ffcd2ddd51" [C:\Users\ultra\.nuget\packages\microsoft.win32.systemevents\6.0.0\lib\net6.0\Microsoft.Win32.SystemEvents.dll]. [C:\Users\ultra\warewolf\Dev\Warewolf.Core.Tests\Warewolf.Core.Tests.csproj]
C:\Program Files\dotnet\sdk\10.0.201\Microsoft.Common.CurrentVersion.targets(2451,5): warning MSB3277:         C:\Users\ultra\.nuget\packages\microsoft.win32.systemevents\6.0.0\lib\net6.0\Microsoft.Win32.SystemEvents.dll [C:\Users\ultra\warewolf\Dev\Warewolf.Core.Tests\Warewolf.Core.Tests.csproj]
C:\Program Files\dotnet\sdk\10.0.201\Microsoft.Common.CurrentVersion.targets(2451,5): warning MSB3277:           Project file item includes which caused reference "C:\Users\ultra\.nuget\packages\microsoft.win32.systemevents\6.0.0\lib\net6.0\Microsoft.Win32.SystemEvents.dll". [C:\Users\ultra\warewolf\Dev\Warewolf.Core.Tests\Warewolf.Core.Tests.csproj]
C:\Program Files\dotnet\sdk\10.0.201\Microsoft.Common.CurrentVersion.targets(2451,5): warning MSB3277:             C:\Users\ultra\.nuget\packages\microsoft.win32.systemevents\6.0.0\lib\net6.0\Microsoft.Win32.SystemEvents.dll [C:\Users\ultra\warewolf\Dev\Warewolf.Core.Tests\Warewolf.Core.Tests.csproj]
C:\Program Files\dotnet\sdk\10.0.201\Microsoft.Common.CurrentVersion.targets(2451,5): warning MSB3277:     References which depend on or have been unified to "Microsoft.Win32.SystemEvents, Version=7.0.0.0, Culture=neutral, PublicKeyToken=cc7b13ffcd2ddd51" []. [C:\Users\ultra\warewolf\Dev\Warewolf.Core.Tests\Warewolf.Core.Tests.csproj]
C:\Program Files\dotnet\sdk\10.0.201\Microsoft.Common.CurrentVersion.targets(2451,5): warning MSB3277:         C:\Users\ultra\warewolf\Dev\Dev2.Common\bin\Debug\net8.0\Dev2.Common.dll [C:\Users\ultra\warewolf\Dev\Warewolf.Core.Tests\Warewolf.Core.Tests.csproj]
C:\Program Files\dotnet\sdk\10.0.201\Microsoft.Common.CurrentVersion.targets(2451,5): warning MSB3277:           Project file item includes which caused reference "C:\Users\ultra\warewolf\Dev\Dev2.Common\bin\Debug\net8.0\Dev2.Common.dll". [C:\Users\ultra\warewolf\Dev\Warewolf.Core.Tests\Warewolf.Core.Tests.csproj]
C:\Program Files\dotnet\sdk\10.0.201\Microsoft.Common.CurrentVersion.targets(2451,5): warning MSB3277:             C:\Users\ultra\warewolf\Dev\Dev2.Common\bin\Debug\net8.0\Dev2.Common.dll [C:\Users\ultra\warewolf\Dev\Warewolf.Core.Tests\Warewolf.Core.Tests.csproj]
C:\Program Files\dotnet\sdk\10.0.201\Microsoft.Common.CurrentVersion.targets(2451,5): warning MSB3277:             C:\Users\ultra\warewolf\Dev\Dev2.Infrastructure\bin\Debug\net8.0\Dev2.Infrastructure.dll [C:\Users\ultra\warewolf\Dev\Warewolf.Core.Tests\Warewolf.Core.Tests.csproj]
C:\Program Files\dotnet\sdk\10.0.201\Microsoft.Common.CurrentVersion.targets(2451,5): warning MSB3277:             C:\Users\ultra\warewolf\Dev\Warewolf.Core\bin\Debug\net8.0\Warewolf.Core.dll [C:\Users\ultra\warewolf\Dev\Warewolf.Core.Tests\Warewolf.Core.Tests.csproj]
C:\Program Files\dotnet\sdk\10.0.201\Microsoft.Common.CurrentVersion.targets(2451,5): warning MSB3277:             C:\Users\ultra\warewolf\Dev\Warewolf.Testing\bin\Debug\net8.0\Warewolf.Testing.dll [C:\Users\ultra\warewolf\Dev\Warewolf.Core.Tests\Warewolf.Core.Tests.csproj]
C:\Program Files\dotnet\sdk\10.0.201\Microsoft.Common.CurrentVersion.targets(2451,5): warning MSB3277:             C:\Users\ultra\warewolf\Dev\Dev2.Core\bin\Debug\net8.0\Dev2.Core.dll [C:\Users\ultra\warewolf\Dev\Warewolf.Core.Tests\Warewolf.Core.Tests.csproj]
C:\Program Files\dotnet\sdk\10.0.201\Microsoft.Common.CurrentVersion.targets(2451,5): warning MSB3277:             C:\Users\ultra\warewolf\Dev\Dev2.Data\bin\Debug\net8.0\Dev2.Data.dll [C:\Users\ultra\warewolf\Dev\Warewolf.Core.Tests\Warewolf.Core.Tests.csproj]
C:\Program Files\dotnet\sdk\10.0.201\Microsoft.Common.CurrentVersion.targets(2451,5): warning MSB3277:             C:\Users\ultra\warewolf\Dev\Dev2.Diagnostics\bin\Debug\net8.0\Dev2.Diagnostics.dll [C:\Users\ultra\warewolf\Dev\Warewolf.Core.Tests\Warewolf.Core.Tests.csproj]
C:\Program Files\dotnet\sdk\10.0.201\Microsoft.Common.CurrentVersion.targets(2451,5): warning MSB3277:             C:\Users\ultra\warewolf\Dev\Dev2.Runtime.Services\bin\Debug\net8.0\Dev2.Runtime.Services.dll [C:\Users\ultra\warewolf\Dev\Warewolf.Core.Tests\Warewolf.Core.Tests.csproj]
C:\Program Files\dotnet\sdk\10.0.201\Microsoft.Common.CurrentVersion.targets(2451,5): warning MSB3277:             C:\Users\ultra\warewolf\Dev\Dev2.Scheduler\bin\Debug\net8.0\Dev2.Scheduler.dll [C:\Users\ultra\warewolf\Dev\Warewolf.Core.Tests\Warewolf.Core.Tests.csproj]
C:\Program Files\dotnet\sdk\10.0.201\Microsoft.Common.CurrentVersion.targets(2451,5): warning MSB3277:             C:\Users\ultra\warewolf\Dev\Dev2.Services.Sql\bin\Debug\net8.0\Dev2.Services.Sql.dll [C:\Users\ultra\warewolf\Dev\Warewolf.Core.Tests\Warewolf.Core.Tests.csproj]
C:\Program Files\dotnet\sdk\10.0.201\Microsoft.Common.CurrentVersion.targets(2451,5): warning MSB3277:             C:\Users\ultra\warewolf\Dev\Dev2.Studio.Interfaces\bin\Debug\net8.0\Dev2.Studio.Interfaces.dll [C:\Users\ultra\warewolf\Dev\Warewolf.Core.Tests\Warewolf.Core.Tests.csproj]
C:\Program Files\dotnet\sdk\10.0.201\Microsoft.Common.CurrentVersion.targets(2451,5): warning MSB3277:             C:\Users\ultra\warewolf\Dev\Dev2.TaskScheduler.Wrappers\bin\Debug\net8.0\Dev2.TaskScheduler.Wrappers.dll [C:\Users\ultra\warewolf\Dev\Warewolf.Core.Tests\Warewolf.Core.Tests.csproj]
C:\Program Files\dotnet\sdk\10.0.201\Microsoft.Common.CurrentVersion.targets(2451,5): warning MSB3277:             C:\Users\ultra\warewolf\Dev\Dev2.Util\bin\Debug\net8.0\Dev2.Util.dll [C:\Users\ultra\warewolf\Dev\Warewolf.Core.Tests\Warewolf.Core.Tests.csproj]
C:\Program Files\dotnet\sdk\10.0.201\Microsoft.Common.CurrentVersion.targets(2451,5): warning MSB3277:             C:\Users\ultra\warewolf\Dev\Warewolf.AI.Harness\bin\Debug\net8.0\Warewolf.AI.Harness.dll [C:\Users\ultra\warewolf\Dev\Warewolf.Core.Tests\Warewolf.Core.Tests.csproj]
C:\Program Files\dotnet\sdk\10.0.201\Microsoft.Common.CurrentVersion.targets(2451,5): warning MSB3277:             C:\Users\ultra\warewolf\Dev\Warewolf.Auditing\bin\Debug\net8.0\Warewolf.Auditing.dll [C:\Users\ultra\warewolf\Dev\Warewolf.Core.Tests\Warewolf.Core.Tests.csproj]
C:\Program Files\dotnet\sdk\10.0.201\Microsoft.Common.CurrentVersion.targets(2451,5): warning MSB3277:             C:\Users\ultra\warewolf\Dev\Warewolf.Common.NetStandard20\bin\Debug\net8.0\Warewolf.Common.NetStandard20.dll [C:\Users\ultra\warewolf\Dev\Warewolf.Core.Tests\Warewolf.Core.Tests.csproj]
C:\Program Files\dotnet\sdk\10.0.201\Microsoft.Common.CurrentVersion.targets(2451,5): warning MSB3277:             C:\Users\ultra\warewolf\Dev\Warewolf.Driver.Serilog\bin\Debug\net8.0\Warewolf.Driver.Serilog.dll [C:\Users\ultra\warewolf\Dev\Warewolf.Core.Tests\Warewolf.Core.Tests.csproj]
C:\Program Files\dotnet\sdk\10.0.201\Microsoft.Common.CurrentVersion.targets(2451,5): warning MSB3277:             C:\Users\ultra\warewolf\Dev\Warewolf.ResourceManagement\bin\Debug\net8.0\Warewolf.ResourceManagement.dll [C:\Users\ultra\warewolf\Dev\Warewolf.Core.Tests\Warewolf.Core.Tests.csproj]
C:\Program Files\dotnet\sdk\10.0.201\Microsoft.Common.CurrentVersion.targets(2451,5): warning MSB3277:             C:\Users\ultra\warewolf\Dev\Warewolf.Sharepoint\bin\Debug\net8.0\Warewolf.Sharepoint.dll [C:\Users\ultra\warewolf\Dev\Warewolf.Core.Tests\Warewolf.Core.Tests.csproj]
C:\Program Files\dotnet\sdk\10.0.201\Microsoft.Common.CurrentVersion.targets(2451,5): warning MSB3277:             C:\Users\ultra\warewolf\Dev\Warewolf.Storage\bin\Debug\net8.0\Warewolf.Storage.dll [C:\Users\ultra\warewolf\Dev\Warewolf.Core.Tests\Warewolf.Core.Tests.csproj]
C:\Program Files\dotnet\sdk\10.0.201\Microsoft.Common.CurrentVersion.targets(2451,5): warning MSB3277:         C:\Users\ultra\.nuget\packages\timespan2\2.4.2\lib\netcoreapp3.1\TimeSpan2.dll [C:\Users\ultra\warewolf\Dev\Warewolf.Core.Tests\Warewolf.Core.Tests.csproj]
C:\Program Files\dotnet\sdk\10.0.201\Microsoft.Common.CurrentVersion.targets(2451,5): warning MSB3277:           Project file item includes which caused reference "C:\Users\ultra\.nuget\packages\timespan2\2.4.2\lib\netcoreapp3.1\TimeSpan2.dll". [C:\Users\ultra\warewolf\Dev\Warewolf.Core.Tests\Warewolf.Core.Tests.csproj]
C:\Program Files\dotnet\sdk\10.0.201\Microsoft.Common.CurrentVersion.targets(2451,5): warning MSB3277:             C:\Users\ultra\.nuget\packages\timespan2\2.4.2\lib\netcoreapp3.1\TimeSpan2.dll [C:\Users\ultra\warewolf\Dev\Warewolf.Core.Tests\Warewolf.Core.Tests.csproj]
C:\Program Files\dotnet\sdk\10.0.201\Microsoft.Common.CurrentVersion.targets(2451,5): warning MSB3277:             C:\Users\ultra\.nuget\packages\taskschedulereditor\2.10.1\lib\net452\Microsoft.Win32.TaskSchedulerEditor.dll [C:\Users\ultra\warewolf\Dev\Warewolf.Core.Tests\Warewolf.Core.Tests.csproj]
C:\Program Files\dotnet\sdk\10.0.201\Microsoft.Common.CurrentVersion.targets(2451,5): warning MSB3277:         C:\Program Files\dotnet\packs\Microsoft.NETCore.App.Ref\8.0.25\ref\net8.0\System.dll [C:\Users\ultra\warewolf\Dev\Warewolf.Core.Tests\Warewolf.Core.Tests.csproj]
C:\Program Files\dotnet\sdk\10.0.201\Microsoft.Common.CurrentVersion.targets(2451,5): warning MSB3277:           Project file item includes which caused reference "C:\Program Files\dotnet\packs\Microsoft.NETCore.App.Ref\8.0.25\ref\net8.0\System.dll". [C:\Users\ultra\warewolf\Dev\Warewolf.Core.Tests\Warewolf.Core.Tests.csproj]
C:\Program Files\dotnet\sdk\10.0.201\Microsoft.Common.CurrentVersion.targets(2451,5): warning MSB3277:             C:\Program Files\dotnet\packs\Microsoft.NETCore.App.Ref\8.0.25\ref/net8.0/System.dll [C:\Users\ultra\warewolf\Dev\Warewolf.Core.Tests\Warewolf.Core.Tests.csproj]
C:\Program Files\dotnet\sdk\10.0.201\Microsoft.Common.CurrentVersion.targets(2451,5): warning MSB3277:             C:\Users\ultra\.nuget\packages\aerowizard\2.3.1\lib\net45\AeroWizard.dll [C:\Users\ultra\warewolf\Dev\Warewolf.Core.Tests\Warewolf.Core.Tests.csproj]
C:\Program Files\dotnet\sdk\10.0.201\Microsoft.Common.CurrentVersion.targets(2451,5): warning MSB3277:             C:\Users\ultra\.nuget\packages\groupcontrols\1.9.0\lib\net45\GroupControls.dll [C:\Users\ultra\warewolf\Dev\Warewolf.Core.Tests\Warewolf.Core.Tests.csproj]
C:\Program Files\dotnet\sdk\10.0.201\Microsoft.Common.CurrentVersion.targets(2451,5): warning MSB3277:             C:\Users\ultra\.nuget\packages\microsoft.xaml.behaviors.wpf\1.1.122\lib\net462\Microsoft.Xaml.Behaviors.dll [C:\Users\ultra\warewolf\Dev\Warewolf.Core.Tests\Warewolf.Core.Tests.csproj]
C:\Program Files\dotnet\sdk\10.0.201\Microsoft.Common.CurrentVersion.targets(2451,5): warning MSB3277:             C:\Users\ultra\.nuget\packages\caliburn.micro\4.0.212\lib\netcoreapp3.1\Caliburn.Micro.Platform.dll [C:\Users\ultra\warewolf\Dev\Warewolf.Core.Tests\Warewolf.Core.Tests.csproj]
C:\Program Files\dotnet\sdk\10.0.201\Microsoft.Common.CurrentVersion.targets(2451,5): warning MSB3277:             C:\Users\ultra\.nuget\packages\prism.wpf\9.0.537\lib\net462\Prism.Wpf.dll [C:\Users\ultra\warewolf\Dev\Warewolf.Core.Tests\Warewolf.Core.Tests.csproj]
C:\Program Files\dotnet\sdk\10.0.201\Microsoft.Common.CurrentVersion.targets(2451,5): warning MSB3277:             C:\Users\ultra\.nuget\packages\reactiveui.wpf\18.4.1\lib\net462\ReactiveUI.Wpf.dll [C:\Users\ultra\warewolf\Dev\Warewolf.Core.Tests\Warewolf.Core.Tests.csproj]
C:\Program Files\dotnet\sdk\10.0.201\Microsoft.Common.CurrentVersion.targets(2451,5): warning MSB3277:             C:\Users\ultra\.nuget\packages\taskschedulereditor\2.10.1\lib\net452\Microsoft.Win32.TaskSchedulerEditor.dll [C:\Users\ultra\warewolf\Dev\Warewolf.Core.Tests\Warewolf.Core.Tests.csproj]
C:\Program Files\dotnet\sdk\10.0.201\Microsoft.Common.CurrentVersion.targets(2451,5): warning MSB3277:             C:\Users\ultra\.nuget\packages\ttcue.netcore.sharepointonline.csom.16.1.8029.1200\16.1.8029.1200\lib\netcoreapp2.0\Microsoft.SharePoint.Client.Runtime.Windows.dll [C:\Users\ultra\warewolf\Dev\Warewolf.Core.Tests\Warewolf.Core.Tests.csproj]
C:\Program Files\dotnet\sdk\10.0.201\Microsoft.Common.CurrentVersion.targets(2451,5): warning MSB3277:         C:\Users\ultra\warewolf\Dev\Binaries\Infragistcs_Net6\InfragisticsWPF4.v15.1.dll [C:\Users\ultra\warewolf\Dev\Warewolf.Core.Tests\Warewolf.Core.Tests.csproj]
C:\Program Files\dotnet\sdk\10.0.201\Microsoft.Common.CurrentVersion.targets(2451,5): warning MSB3277:           Project file item includes which caused reference "C:\Users\ultra\warewolf\Dev\Binaries\Infragistcs_Net6\InfragisticsWPF4.v15.1.dll". [C:\Users\ultra\warewolf\Dev\Warewolf.Core.Tests\Warewolf.Core.Tests.csproj]
C:\Program Files\dotnet\sdk\10.0.201\Microsoft.Common.CurrentVersion.targets(2451,5): warning MSB3277:             Infragistics.Calculations [C:\Users\ultra\warewolf\Dev\Warewolf.Core.Tests\Warewolf.Core.Tests.csproj]
C:\Program Files\dotnet\sdk\10.0.201\Microsoft.Common.CurrentVersion.targets(2451,5): warning MSB3277: Found conflicts between different versions of "WindowsBase" that could not be resolved. [C:\Users\ultra\warewolf\Dev\Warewolf.Core.Tests\Warewolf.Core.Tests.csproj]
C:\Program Files\dotnet\sdk\10.0.201\Microsoft.Common.CurrentVersion.targets(2451,5): warning MSB3277: There was a conflict between "WindowsBase, Version=4.0.0.0, Culture=neutral, PublicKeyToken=31bf3856ad364e35" and "WindowsBase, Version=6.0.2.0, Culture=neutral, PublicKeyToken=31bf3856ad364e35". [C:\Users\ultra\warewolf\Dev\Warewolf.Core.Tests\Warewolf.Core.Tests.csproj]
C:\Program Files\dotnet\sdk\10.0.201\Microsoft.Common.CurrentVersion.targets(2451,5): warning MSB3277:     "WindowsBase, Version=4.0.0.0, Culture=neutral, PublicKeyToken=31bf3856ad364e35" was chosen because it was primary and "WindowsBase, Version=6.0.2.0, Culture=neutral, PublicKeyToken=31bf3856ad364e35" was not. [C:\Users\ultra\warewolf\Dev\Warewolf.Core.Tests\Warewolf.Core.Tests.csproj]
C:\Program Files\dotnet\sdk\10.0.201\Microsoft.Common.CurrentVersion.targets(2451,5): warning MSB3277:     References which depend on "WindowsBase, Version=4.0.0.0, Culture=neutral, PublicKeyToken=31bf3856ad364e35" [C:\Program Files\dotnet\packs\Microsoft.NETCore.App.Ref\8.0.25\ref\net8.0\WindowsBase.dll]. [C:\Users\ultra\warewolf\Dev\Warewolf.Core.Tests\Warewolf.Core.Tests.csproj]
C:\Program Files\dotnet\sdk\10.0.201\Microsoft.Common.CurrentVersion.targets(2451,5): warning MSB3277:         C:\Program Files\dotnet\packs\Microsoft.NETCore.App.Ref\8.0.25\ref\net8.0\WindowsBase.dll [C:\Users\ultra\warewolf\Dev\Warewolf.Core.Tests\Warewolf.Core.Tests.csproj]
C:\Program Files\dotnet\sdk\10.0.201\Microsoft.Common.CurrentVersion.targets(2451,5): warning MSB3277:           Project file item includes which caused reference "C:\Program Files\dotnet\packs\Microsoft.NETCore.App.Ref\8.0.25\ref\net8.0\WindowsBase.dll". [C:\Users\ultra\warewolf\Dev\Warewolf.Core.Tests\Warewolf.Core.Tests.csproj]
C:\Program Files\dotnet\sdk\10.0.201\Microsoft.Common.CurrentVersion.targets(2451,5): warning MSB3277:             C:\Program Files\dotnet\packs\Microsoft.NETCore.App.Ref\8.0.25\ref/net8.0/WindowsBase.dll [C:\Users\ultra\warewolf\Dev\Warewolf.Core.Tests\Warewolf.Core.Tests.csproj]
C:\Program Files\dotnet\sdk\10.0.201\Microsoft.Common.CurrentVersion.targets(2451,5): warning MSB3277:     References which depend on or have been unified to "WindowsBase, Version=6.0.2.0, Culture=neutral, PublicKeyToken=31bf3856ad364e35" []. [C:\Users\ultra\warewolf\Dev\Warewolf.Core.Tests\Warewolf.Core.Tests.csproj]
C:\Program Files\dotnet\sdk\10.0.201\Microsoft.Common.CurrentVersion.targets(2451,5): warning MSB3277:         C:\Users\ultra\warewolf\Dev\Binaries\Infragistcs_Net6\Infragistics.Calculations.dll [C:\Users\ultra\warewolf\Dev\Warewolf.Core.Tests\Warewolf.Core.Tests.csproj]
C:\Program Files\dotnet\sdk\10.0.201\Microsoft.Common.CurrentVersion.targets(2451,5): warning MSB3277:           Project file item includes which caused reference "C:\Users\ultra\warewolf\Dev\Binaries\Infragistcs_Net6\Infragistics.Calculations.dll". [C:\Users\ultra\warewolf\Dev\Warewolf.Core.Tests\Warewolf.Core.Tests.csproj]
C:\Program Files\dotnet\sdk\10.0.201\Microsoft.Common.CurrentVersion.targets(2451,5): warning MSB3277:             Infragistics.Calculations [C:\Users\ultra\warewolf\Dev\Warewolf.Core.Tests\Warewolf.Core.Tests.csproj]
C:\Program Files\dotnet\sdk\10.0.201\Microsoft.Common.CurrentVersion.targets(2451,5): warning MSB3277:         C:\Users\ultra\.nuget\packages\caliburn.micro\4.0.212\lib\netcoreapp3.1\Caliburn.Micro.Platform.dll [C:\Users\ultra\warewolf\Dev\Warewolf.Core.Tests\Warewolf.Core.Tests.csproj]
C:\Program Files\dotnet\sdk\10.0.201\Microsoft.Common.CurrentVersion.targets(2451,5): warning MSB3277:           Project file item includes which caused reference "C:\Users\ultra\.nuget\packages\caliburn.micro\4.0.212\lib\netcoreapp3.1\Caliburn.Micro.Platform.dll". [C:\Users\ultra\warewolf\Dev\Warewolf.Core.Tests\Warewolf.Core.Tests.csproj]
C:\Program Files\dotnet\sdk\10.0.201\Microsoft.Common.CurrentVersion.targets(2451,5): warning MSB3277:             C:\Users\ultra\.nuget\packages\caliburn.micro\4.0.212\lib\netcoreapp3.1\Caliburn.Micro.Platform.dll [C:\Users\ultra\warewolf\Dev\Warewolf.Core.Tests\Warewolf.Core.Tests.csproj]
C:\Program Files\dotnet\sdk\10.0.201\Microsoft.Common.CurrentVersion.targets(2451,5): warning MSB3277:         C:\Users\ultra\.nuget\packages\microsoft.xaml.behaviors.wpf\1.1.122\lib\net462\Microsoft.Xaml.Behaviors.dll [C:\Users\ultra\warewolf\Dev\Warewolf.Core.Tests\Warewolf.Core.Tests.csproj]
C:\Program Files\dotnet\sdk\10.0.201\Microsoft.Common.CurrentVersion.targets(2451,5): warning MSB3277:           Project file item includes which caused reference "C:\Users\ultra\.nuget\packages\microsoft.xaml.behaviors.wpf\1.1.122\lib\net462\Microsoft.Xaml.Behaviors.dll". [C:\Users\ultra\warewolf\Dev\Warewolf.Core.Tests\Warewolf.Core.Tests.csproj]
C:\Program Files\dotnet\sdk\10.0.201\Microsoft.Common.CurrentVersion.targets(2451,5): warning MSB3277:             C:\Users\ultra\.nuget\packages\microsoft.xaml.behaviors.wpf\1.1.122\lib\net462\Microsoft.Xaml.Behaviors.dll [C:\Users\ultra\warewolf\Dev\Warewolf.Core.Tests\Warewolf.Core.Tests.csproj]
C:\Program Files\dotnet\sdk\10.0.201\Microsoft.Common.CurrentVersion.targets(2451,5): warning MSB3277:             C:\Users\ultra\.nuget\packages\caliburn.micro\4.0.212\lib\netcoreapp3.1\Caliburn.Micro.Platform.dll [C:\Users\ultra\warewolf\Dev\Warewolf.Core.Tests\Warewolf.Core.Tests.csproj]
C:\Program Files\dotnet\sdk\10.0.201\Microsoft.Common.CurrentVersion.targets(2451,5): warning MSB3277:             C:\Users\ultra\.nuget\packages\prism.wpf\9.0.537\lib\net462\Prism.Wpf.dll [C:\Users\ultra\warewolf\Dev\Warewolf.Core.Tests\Warewolf.Core.Tests.csproj]
C:\Program Files\dotnet\sdk\10.0.201\Microsoft.Common.CurrentVersion.targets(2451,5): warning MSB3277:         C:\Users\ultra\.nuget\packages\prism.wpf\9.0.537\lib\net462\Prism.Wpf.dll [C:\Users\ultra\warewolf\Dev\Warewolf.Core.Tests\Warewolf.Core.Tests.csproj]
C:\Program Files\dotnet\sdk\10.0.201\Microsoft.Common.CurrentVersion.targets(2451,5): warning MSB3277:           Project file item includes which caused reference "C:\Users\ultra\.nuget\packages\prism.wpf\9.0.537\lib\net462\Prism.Wpf.dll". [C:\Users\ultra\warewolf\Dev\Warewolf.Core.Tests\Warewolf.Core.Tests.csproj]
C:\Program Files\dotnet\sdk\10.0.201\Microsoft.Common.CurrentVersion.targets(2451,5): warning MSB3277:             C:\Users\ultra\.nuget\packages\prism.wpf\9.0.537\lib\net462\Prism.Wpf.dll [C:\Users\ultra\warewolf\Dev\Warewolf.Core.Tests\Warewolf.Core.Tests.csproj]
C:\Program Files\dotnet\sdk\10.0.201\Microsoft.Common.CurrentVersion.targets(2451,5): warning MSB3277:         C:\Users\ultra\.nuget\packages\reactiveui.wpf\18.4.1\lib\net462\ReactiveUI.Wpf.dll [C:\Users\ultra\warewolf\Dev\Warewolf.Core.Tests\Warewolf.Core.Tests.csproj]
C:\Program Files\dotnet\sdk\10.0.201\Microsoft.Common.CurrentVersion.targets(2451,5): warning MSB3277:           Project file item includes which caused reference "C:\Users\ultra\.nuget\packages\reactiveui.wpf\18.4.1\lib\net462\ReactiveUI.Wpf.dll". [C:\Users\ultra\warewolf\Dev\Warewolf.Core.Tests\Warewolf.Core.Tests.csproj]
C:\Program Files\dotnet\sdk\10.0.201\Microsoft.Common.CurrentVersion.targets(2451,5): warning MSB3277:             C:\Users\ultra\.nuget\packages\reactiveui.wpf\18.4.1\lib\net462\ReactiveUI.Wpf.dll [C:\Users\ultra\warewolf\Dev\Warewolf.Core.Tests\Warewolf.Core.Tests.csproj]
C:\Program Files\dotnet\sdk\10.0.201\Microsoft.Common.CurrentVersion.targets(2451,5): warning MSB3277:         C:\Users\ultra\warewolf\Dev\Binaries\Infragistcs_Net6\InfragisticsWPF4.v15.1.dll [C:\Users\ultra\warewolf\Dev\Warewolf.Core.Tests\Warewolf.Core.Tests.csproj]
C:\Program Files\dotnet\sdk\10.0.201\Microsoft.Common.CurrentVersion.targets(2451,5): warning MSB3277:           Project file item includes which caused reference "C:\Users\ultra\warewolf\Dev\Binaries\Infragistcs_Net6\InfragisticsWPF4.v15.1.dll". [C:\Users\ultra\warewolf\Dev\Warewolf.Core.Tests\Warewolf.Core.Tests.csproj]
C:\Program Files\dotnet\sdk\10.0.201\Microsoft.Common.CurrentVersion.targets(2451,5): warning MSB3277:             Infragistics.Calculations [C:\Users\ultra\warewolf\Dev\Warewolf.Core.Tests\Warewolf.Core.Tests.csproj]
C:\Program Files\dotnet\sdk\10.0.201\Microsoft.Common.CurrentVersion.targets(2451,5): warning MSB3277: Found conflicts between different versions of "System.Drawing.Common" that could not be resolved. [C:\Users\ultra\warewolf\Dev\Warewolf.Core.Tests\Warewolf.Core.Tests.csproj]
C:\Program Files\dotnet\sdk\10.0.201\Microsoft.Common.CurrentVersion.targets(2451,5): warning MSB3277: There was a conflict between "System.Drawing.Common, Version=6.0.0.0, Culture=neutral, PublicKeyToken=cc7b13ffcd2ddd51" and "System.Drawing.Common, Version=8.0.0.0, Culture=neutral, PublicKeyToken=cc7b13ffcd2ddd51". [C:\Users\ultra\warewolf\Dev\Warewolf.Core.Tests\Warewolf.Core.Tests.csproj]
C:\Program Files\dotnet\sdk\10.0.201\Microsoft.Common.CurrentVersion.targets(2451,5): warning MSB3277:     "System.Drawing.Common, Version=6.0.0.0, Culture=neutral, PublicKeyToken=cc7b13ffcd2ddd51" was chosen because it was primary and "System.Drawing.Common, Version=8.0.0.0, Culture=neutral, PublicKeyToken=cc7b13ffcd2ddd51" was not. [C:\Users\ultra\warewolf\Dev\Warewolf.Core.Tests\Warewolf.Core.Tests.csproj]
C:\Program Files\dotnet\sdk\10.0.201\Microsoft.Common.CurrentVersion.targets(2451,5): warning MSB3277:     References which depend on "System.Drawing.Common, Version=6.0.0.0, Culture=neutral, PublicKeyToken=cc7b13ffcd2ddd51" [C:\Users\ultra\.nuget\packages\system.drawing.common\6.0.0\lib\net6.0\System.Drawing.Common.dll]. [C:\Users\ultra\warewolf\Dev\Warewolf.Core.Tests\Warewolf.Core.Tests.csproj]
C:\Program Files\dotnet\sdk\10.0.201\Microsoft.Common.CurrentVersion.targets(2451,5): warning MSB3277:         C:\Users\ultra\.nuget\packages\system.drawing.common\6.0.0\lib\net6.0\System.Drawing.Common.dll [C:\Users\ultra\warewolf\Dev\Warewolf.Core.Tests\Warewolf.Core.Tests.csproj]
C:\Program Files\dotnet\sdk\10.0.201\Microsoft.Common.CurrentVersion.targets(2451,5): warning MSB3277:           Project file item includes which caused reference "C:\Users\ultra\.nuget\packages\system.drawing.common\6.0.0\lib\net6.0\System.Drawing.Common.dll". [C:\Users\ultra\warewolf\Dev\Warewolf.Core.Tests\Warewolf.Core.Tests.csproj]
C:\Program Files\dotnet\sdk\10.0.201\Microsoft.Common.CurrentVersion.targets(2451,5): warning MSB3277:             C:\Users\ultra\.nuget\packages\system.drawing.common\6.0.0\lib\net6.0\System.Drawing.Common.dll [C:\Users\ultra\warewolf\Dev\Warewolf.Core.Tests\Warewolf.Core.Tests.csproj]
C:\Program Files\dotnet\sdk\10.0.201\Microsoft.Common.CurrentVersion.targets(2451,5): warning MSB3277:     References which depend on or have been unified to "System.Drawing.Common, Version=8.0.0.0, Culture=neutral, PublicKeyToken=cc7b13ffcd2ddd51" []. [C:\Users\ultra\warewolf\Dev\Warewolf.Core.Tests\Warewolf.Core.Tests.csproj]
C:\Program Files\dotnet\sdk\10.0.201\Microsoft.Common.CurrentVersion.targets(2451,5): warning MSB3277:         C:\Users\ultra\.nuget\packages\servicestack\6.3.0\lib\net6.0\ServiceStack.dll [C:\Users\ultra\warewolf\Dev\Warewolf.Core.Tests\Warewolf.Core.Tests.csproj]
C:\Program Files\dotnet\sdk\10.0.201\Microsoft.Common.CurrentVersion.targets(2451,5): warning MSB3277:           Project file item includes which caused reference "C:\Users\ultra\.nuget\packages\servicestack\6.3.0\lib\net6.0\ServiceStack.dll". [C:\Users\ultra\warewolf\Dev\Warewolf.Core.Tests\Warewolf.Core.Tests.csproj]
C:\Program Files\dotnet\sdk\10.0.201\Microsoft.Common.CurrentVersion.targets(2451,5): warning MSB3277:             C:\Users\ultra\.nuget\packages\servicestack\6.3.0\lib\net6.0\ServiceStack.dll [C:\Users\ultra\warewolf\Dev\Warewolf.Core.Tests\Warewolf.Core.Tests.csproj]
C:\Program Files\dotnet\sdk\10.0.201\Microsoft.Common.CurrentVersion.targets(2451,5): warning MSB3277:         C:\Users\ultra\.nuget\packages\system.windows.extensions\8.0.0\lib\net8.0\System.Windows.Extensions.dll [C:\Users\ultra\warewolf\Dev\Warewolf.Core.Tests\Warewolf.Core.Tests.csproj]
C:\Program Files\dotnet\sdk\10.0.201\Microsoft.Common.CurrentVersion.targets(2451,5): warning MSB3277:           Project file item includes which caused reference "C:\Users\ultra\.nuget\packages\system.windows.extensions\8.0.0\lib\net8.0\System.Windows.Extensions.dll". [C:\Users\ultra\warewolf\Dev\Warewolf.Core.Tests\Warewolf.Core.Tests.csproj]
C:\Program Files\dotnet\sdk\10.0.201\Microsoft.Common.CurrentVersion.targets(2451,5): warning MSB3277:             C:\Users\ultra\.nuget\packages\system.windows.extensions\8.0.0\lib\net8.0\System.Windows.Extensions.dll [C:\Users\ultra\warewolf\Dev\Warewolf.Core.Tests\Warewolf.Core.Tests.csproj]
C:\Program Files\dotnet\sdk\10.0.201\Microsoft.Common.CurrentVersion.targets(2451,5): warning MSB3277:             C:\Users\ultra\.nuget\packages\system.security.permissions\8.0.0\lib\net8.0\System.Security.Permissions.dll [C:\Users\ultra\warewolf\Dev\Warewolf.Core.Tests\Warewolf.Core.Tests.csproj]
C:\Program Files\dotnet\sdk\10.0.201\Microsoft.Common.CurrentVersion.targets(2451,5): warning MSB3277:             C:\Users\ultra\warewolf\Dev\Dev2.Data\bin\Debug\net8.0\Dev2.Data.dll [C:\Users\ultra\warewolf\Dev\Warewolf.Core.Tests\Warewolf.Core.Tests.csproj]
C:\Program Files\dotnet\sdk\10.0.201\Microsoft.Common.CurrentVersion.targets(2451,5): warning MSB3277:             C:\Users\ultra\warewolf\Dev\Warewolf.Core\bin\Debug\net8.0\Warewolf.Core.dll [C:\Users\ultra\warewolf\Dev\Warewolf.Core.Tests\Warewolf.Core.Tests.csproj]
C:\Program Files\dotnet\sdk\10.0.201\Microsoft.Common.CurrentVersion.targets(2451,5): warning MSB3277:             C:\Users\ultra\warewolf\Dev\Warewolf.Testing\bin\Debug\net8.0\Warewolf.Testing.dll [C:\Users\ultra\warewolf\Dev\Warewolf.Core.Tests\Warewolf.Core.Tests.csproj]
C:\Program Files\dotnet\sdk\10.0.201\Microsoft.Common.CurrentVersion.targets(2451,5): warning MSB3277:             C:\Users\ultra\warewolf\Dev\Dev2.Core\bin\Debug\net8.0\Dev2.Core.dll [C:\Users\ultra\warewolf\Dev\Warewolf.Core.Tests\Warewolf.Core.Tests.csproj]
C:\Program Files\dotnet\sdk\10.0.201\Microsoft.Common.CurrentVersion.targets(2451,5): warning MSB3277:             C:\Users\ultra\warewolf\Dev\Dev2.Runtime.Services\bin\Debug\net8.0\Dev2.Runtime.Services.dll [C:\Users\ultra\warewolf\Dev\Warewolf.Core.Tests\Warewolf.Core.Tests.csproj]
C:\Program Files\dotnet\sdk\10.0.201\Microsoft.Common.CurrentVersion.targets(2451,5): warning MSB3277:             C:\Users\ultra\warewolf\Dev\Dev2.Scheduler\bin\Debug\net8.0\Dev2.Scheduler.dll [C:\Users\ultra\warewolf\Dev\Warewolf.Core.Tests\Warewolf.Core.Tests.csproj]
C:\Program Files\dotnet\sdk\10.0.201\Microsoft.Common.CurrentVersion.targets(2451,5): warning MSB3277:             C:\Users\ultra\warewolf\Dev\Dev2.Studio.Interfaces\bin\Debug\net8.0\Dev2.Studio.Interfaces.dll [C:\Users\ultra\warewolf\Dev\Warewolf.Core.Tests\Warewolf.Core.Tests.csproj]
C:\Program Files\dotnet\sdk\10.0.201\Microsoft.Common.CurrentVersion.targets(2451,5): warning MSB3277:             C:\Users\ultra\warewolf\Dev\Warewolf.Auditing\bin\Debug\net8.0\Warewolf.Auditing.dll [C:\Users\ultra\warewolf\Dev\Warewolf.Core.Tests\Warewolf.Core.Tests.csproj]
C:\Program Files\dotnet\sdk\10.0.201\Microsoft.Common.CurrentVersion.targets(2451,5): warning MSB3277:             C:\Users\ultra\warewolf\Dev\Warewolf.Common.NetStandard20\bin\Debug\net8.0\Warewolf.Common.NetStandard20.dll [C:\Users\ultra\warewolf\Dev\Warewolf.Core.Tests\Warewolf.Core.Tests.csproj]
C:\Program Files\dotnet\sdk\10.0.201\Microsoft.Common.CurrentVersion.targets(2451,5): warning MSB3277:             C:\Users\ultra\warewolf\Dev\Warewolf.ResourceManagement\bin\Debug\net8.0\Warewolf.ResourceManagement.dll [C:\Users\ultra\warewolf\Dev\Warewolf.Core.Tests\Warewolf.Core.Tests.csproj]
C:\Program Files\dotnet\sdk\10.0.201\Microsoft.Common.CurrentVersion.targets(2451,5): warning MSB3277:             C:\Users\ultra\.nuget\packages\dotnetzip\1.16.0\lib\netstandard2.0\DotNetZip.dll [C:\Users\ultra\warewolf\Dev\Warewolf.Core.Tests\Warewolf.Core.Tests.csproj]
C:\Program Files\dotnet\sdk\10.0.201\Microsoft.Common.CurrentVersion.targets(2451,5): warning MSB3277:             C:\Users\ultra\warewolf\Dev\Dev2.Common\bin\Debug\net8.0\Dev2.Common.dll [C:\Users\ultra\warewolf\Dev\Warewolf.Core.Tests\Warewolf.Core.Tests.csproj]
C:\Program Files\dotnet\sdk\10.0.201\Microsoft.Common.CurrentVersion.targets(2451,5): warning MSB3277:             C:\Users\ultra\warewolf\Dev\Dev2.Infrastructure\bin\Debug\net8.0\Dev2.Infrastructure.dll [C:\Users\ultra\warewolf\Dev\Warewolf.Core.Tests\Warewolf.Core.Tests.csproj]
C:\Program Files\dotnet\sdk\10.0.201\Microsoft.Common.CurrentVersion.targets(2451,5): warning MSB3277:             C:\Users\ultra\warewolf\Dev\Dev2.Data.Interfaces\bin\Debug\net8.0\Dev2.Data.Interfaces.dll [C:\Users\ultra\warewolf\Dev\Warewolf.Core.Tests\Warewolf.Core.Tests.csproj]
C:\Program Files\dotnet\sdk\10.0.201\Microsoft.Common.CurrentVersion.targets(2451,5): warning MSB3277:             C:\Users\ultra\warewolf\Dev\Dev2.Diagnostics\bin\Debug\net8.0\Dev2.Diagnostics.dll [C:\Users\ultra\warewolf\Dev\Warewolf.Core.Tests\Warewolf.Core.Tests.csproj]
C:\Program Files\dotnet\sdk\10.0.201\Microsoft.Common.CurrentVersion.targets(2451,5): warning MSB3277:             C:\Users\ultra\warewolf\Dev\Dev2.Services.Sql\bin\Debug\net8.0\Dev2.Services.Sql.dll [C:\Users\ultra\warewolf\Dev\Warewolf.Core.Tests\Warewolf.Core.Tests.csproj]
C:\Program Files\dotnet\sdk\10.0.201\Microsoft.Common.CurrentVersion.targets(2451,5): warning MSB3277:             C:\Users\ultra\warewolf\Dev\Dev2.TaskScheduler.Wrappers\bin\Debug\net8.0\Dev2.TaskScheduler.Wrappers.dll [C:\Users\ultra\warewolf\Dev\Warewolf.Core.Tests\Warewolf.Core.Tests.csproj]
C:\Program Files\dotnet\sdk\10.0.201\Microsoft.Common.CurrentVersion.targets(2451,5): warning MSB3277:             C:\Users\ultra\warewolf\Dev\Dev2.Util\bin\Debug\net8.0\Dev2.Util.dll [C:\Users\ultra\warewolf\Dev\Warewolf.Core.Tests\Warewolf.Core.Tests.csproj]
C:\Program Files\dotnet\sdk\10.0.201\Microsoft.Common.CurrentVersion.targets(2451,5): warning MSB3277:             C:\Users\ultra\warewolf\Dev\Warewolf.AI.Harness\bin\Debug\net8.0\Warewolf.AI.Harness.dll [C:\Users\ultra\warewolf\Dev\Warewolf.Core.Tests\Warewolf.Core.Tests.csproj]
C:\Program Files\dotnet\sdk\10.0.201\Microsoft.Common.CurrentVersion.targets(2451,5): warning MSB3277:             C:\Users\ultra\warewolf\Dev\Warewolf.Driver.Serilog\bin\Debug\net8.0\Warewolf.Driver.Serilog.dll [C:\Users\ultra\warewolf\Dev\Warewolf.Core.Tests\Warewolf.Core.Tests.csproj]
C:\Program Files\dotnet\sdk\10.0.201\Microsoft.Common.CurrentVersion.targets(2451,5): warning MSB3277:             C:\Users\ultra\warewolf\Dev\Warewolf.Sharepoint\bin\Debug\net8.0\Warewolf.Sharepoint.dll [C:\Users\ultra\warewolf\Dev\Warewolf.Core.Tests\Warewolf.Core.Tests.csproj]
C:\Program Files\dotnet\sdk\10.0.201\Microsoft.Common.CurrentVersion.targets(2451,5): warning MSB3277:             C:\Users\ultra\warewolf\Dev\Warewolf.Storage\bin\Debug\net8.0\Warewolf.Storage.dll [C:\Users\ultra\warewolf\Dev\Warewolf.Core.Tests\Warewolf.Core.Tests.csproj]
C:\Program Files\dotnet\sdk\10.0.201\Microsoft.Common.CurrentVersion.targets(2451,5): warning MSB3277:             C:\Users\ultra\.nuget\packages\mindbox.data.linq\5.0.0\lib\netstandard2.0\Mindbox.Data.Linq.dll [C:\Users\ultra\warewolf\Dev\Warewolf.Core.Tests\Warewolf.Core.Tests.csproj]
C:\Program Files\dotnet\sdk\10.0.201\Microsoft.Common.CurrentVersion.targets(2451,5): warning MSB3277:             C:\Users\ultra\.nuget\packages\mysql.data\8.4.0\lib\net8.0\MySql.Data.dll [C:\Users\ultra\warewolf\Dev\Warewolf.Core.Tests\Warewolf.Core.Tests.csproj]
C:\Program Files\dotnet\sdk\10.0.201\Microsoft.Common.CurrentVersion.targets(2451,5): warning MSB3277:             C:\Users\ultra\.nuget\packages\oracle.manageddataaccess.core\3.21.70\lib\netstandard2.1\Oracle.ManagedDataAccess.dll [C:\Users\ultra\warewolf\Dev\Warewolf.Core.Tests\Warewolf.Core.Tests.csproj]
C:\Program Files\dotnet\sdk\10.0.201\Microsoft.Common.CurrentVersion.targets(2451,5): warning MSB3277:             C:\Users\ultra\.nuget\packages\system.directoryservices\6.0.0\lib\net6.0\System.DirectoryServices.dll [C:\Users\ultra\warewolf\Dev\Warewolf.Core.Tests\Warewolf.Core.Tests.csproj]
C:\Program Files\dotnet\sdk\10.0.201\Microsoft.Common.CurrentVersion.targets(2451,5): warning MSB3277:             C:\Users\ultra\.nuget\packages\corewcf.primitives\1.2.1\lib\netstandard2.0\CoreWCF.Primitives.dll [C:\Users\ultra\warewolf\Dev\Warewolf.Core.Tests\Warewolf.Core.Tests.csproj]
C:\Program Files\dotnet\sdk\10.0.201\Microsoft.Common.CurrentVersion.targets(2451,5): warning MSB3277:             C:\Users\ultra\.nuget\packages\corewcf.http\1.2.1\lib\netstandard2.0\CoreWCF.Http.dll [C:\Users\ultra\warewolf\Dev\Warewolf.Core.Tests\Warewolf.Core.Tests.csproj]
C:\Program Files\dotnet\sdk\10.0.201\Microsoft.Common.CurrentVersion.targets(2451,5): warning MSB3277:             C:\Users\ultra\.nuget\packages\corewcf.nettcp\1.2.1\lib\netstandard2.0\CoreWCF.NetTcp.dll [C:\Users\ultra\warewolf\Dev\Warewolf.Core.Tests\Warewolf.Core.Tests.csproj]
C:\Program Files\dotnet\sdk\10.0.201\Microsoft.Common.CurrentVersion.targets(2451,5): warning MSB3277:             C:\Users\ultra\.nuget\packages\corewcf.webhttp\1.2.1\lib\netstandard2.0\CoreWCF.WebHttp.dll [C:\Users\ultra\warewolf\Dev\Warewolf.Core.Tests\Warewolf.Core.Tests.csproj]
C:\Program Files\dotnet\sdk\10.0.201\Microsoft.Common.CurrentVersion.targets(2451,5): warning MSB3277:             C:\Program Files\dotnet\packs\Microsoft.NETCore.App.Ref\8.0.25\ref/net8.0/System.Configuration.dll [C:\Users\ultra\warewolf\Dev\Warewolf.Core.Tests\Warewolf.Core.Tests.csproj]
C:\Program Files\dotnet\sdk\10.0.201\Microsoft.Common.CurrentVersion.targets(2451,5): warning MSB3277:             C:\Users\ultra\.nuget\packages\prism.wpf\9.0.537\lib\net462\Prism.Wpf.dll [C:\Users\ultra\warewolf\Dev\Warewolf.Core.Tests\Warewolf.Core.Tests.csproj]
C:\Program Files\dotnet\sdk\10.0.201\Microsoft.Common.CurrentVersion.targets(2451,5): warning MSB3277:             C:\Program Files\dotnet\packs\Microsoft.NETCore.App.Ref\8.0.25\ref/net8.0/System.Data.dll [C:\Users\ultra\warewolf\Dev\Warewolf.Core.Tests\Warewolf.Core.Tests.csproj]
C:\Program Files\dotnet\sdk\10.0.201\Microsoft.Common.CurrentVersion.targets(2451,5): warning MSB3277:             C:\Users\ultra\.nuget\packages\taskschedulereditor\2.10.1\lib\net452\Microsoft.Win32.TaskSchedulerEditor.dll [C:\Users\ultra\warewolf\Dev\Warewolf.Core.Tests\Warewolf.Core.Tests.csproj]
C:\Program Files\dotnet\sdk\10.0.201\Microsoft.Common.CurrentVersion.targets(2451,5): warning MSB3277:             C:\Program Files\dotnet\packs\Microsoft.NETCore.App.Ref\8.0.25\ref/net8.0/System.Drawing.dll [C:\Users\ultra\warewolf\Dev\Warewolf.Core.Tests\Warewolf.Core.Tests.csproj]
C:\Program Files\dotnet\sdk\10.0.201\Microsoft.Common.CurrentVersion.targets(2451,5): warning MSB3277:             C:\Users\ultra\.nuget\packages\aerowizard\2.3.1\lib\net45\AeroWizard.dll [C:\Users\ultra\warewolf\Dev\Warewolf.Core.Tests\Warewolf.Core.Tests.csproj]
C:\Program Files\dotnet\sdk\10.0.201\Microsoft.Common.CurrentVersion.targets(2451,5): warning MSB3277:             C:\Users\ultra\.nuget\packages\groupcontrols\1.9.0\lib\net45\GroupControls.dll [C:\Users\ultra\warewolf\Dev\Warewolf.Core.Tests\Warewolf.Core.Tests.csproj]
C:\Program Files\dotnet\sdk\10.0.201\Microsoft.Common.CurrentVersion.targets(2451,5): warning MSB3277:             C:\Program Files\dotnet\packs\Microsoft.NETCore.App.Ref\8.0.25\ref/net8.0/System.Net.dll [C:\Users\ultra\warewolf\Dev\Warewolf.Core.Tests\Warewolf.Core.Tests.csproj]
C:\Program Files\dotnet\sdk\10.0.201\Microsoft.Common.CurrentVersion.targets(2451,5): warning MSB3277:             C:\Program Files\dotnet\packs\Microsoft.NETCore.App.Ref\8.0.25\ref/net8.0/System.Security.dll [C:\Users\ultra\warewolf\Dev\Warewolf.Core.Tests\Warewolf.Core.Tests.csproj]
C:\Program Files\dotnet\sdk\10.0.201\Microsoft.Common.CurrentVersion.targets(2451,5): warning MSB3277:             C:\Program Files\dotnet\packs\Microsoft.NETCore.App.Ref\8.0.25\ref/net8.0/System.ServiceProcess.dll [C:\Users\ultra\warewolf\Dev\Warewolf.Core.Tests\Warewolf.Core.Tests.csproj]
C:\Program Files\dotnet\sdk\10.0.201\Microsoft.Common.CurrentVersion.targets(2451,5): warning MSB3277:             C:\Program Files\dotnet\packs\Microsoft.NETCore.App.Ref\8.0.25\ref/net8.0/System.Transactions.dll [C:\Users\ultra\warewolf\Dev\Warewolf.Core.Tests\Warewolf.Core.Tests.csproj]
C:\Program Files\dotnet\sdk\10.0.201\Microsoft.Common.CurrentVersion.targets(2451,5): warning MSB3277:             C:\Program Files\dotnet\packs\Microsoft.NETCore.App.Ref\8.0.25\ref/net8.0/System.dll [C:\Users\ultra\warewolf\Dev\Warewolf.Core.Tests\Warewolf.Core.Tests.csproj]
C:\Program Files\dotnet\sdk\10.0.201\Microsoft.Common.CurrentVersion.targets(2451,5): warning MSB3277:             C:\Users\ultra\.nuget\packages\microsoft.xaml.behaviors.wpf\1.1.122\lib\net462\Microsoft.Xaml.Behaviors.dll [C:\Users\ultra\warewolf\Dev\Warewolf.Core.Tests\Warewolf.Core.Tests.csproj]
C:\Program Files\dotnet\sdk\10.0.201\Microsoft.Common.CurrentVersion.targets(2451,5): warning MSB3277:             C:\Users\ultra\.nuget\packages\caliburn.micro\4.0.212\lib\netcoreapp3.1\Caliburn.Micro.Platform.dll [C:\Users\ultra\warewolf\Dev\Warewolf.Core.Tests\Warewolf.Core.Tests.csproj]
C:\Program Files\dotnet\sdk\10.0.201\Microsoft.Common.CurrentVersion.targets(2451,5): warning MSB3277:             C:\Users\ultra\.nuget\packages\reactiveui.wpf\18.4.1\lib\net462\ReactiveUI.Wpf.dll [C:\Users\ultra\warewolf\Dev\Warewolf.Core.Tests\Warewolf.Core.Tests.csproj]
C:\Program Files\dotnet\sdk\10.0.201\Microsoft.Common.CurrentVersion.targets(2451,5): warning MSB3277:             C:\Users\ultra\.nuget\packages\ttcue.netcore.sharepointonline.csom.16.1.8029.1200\16.1.8029.1200\lib\netcoreapp2.0\Microsoft.SharePoint.Client.Runtime.Windows.dll [C:\Users\ultra\warewolf\Dev\Warewolf.Core.Tests\Warewolf.Core.Tests.csproj]
C:\Program Files\dotnet\sdk\10.0.201\Microsoft.Common.CurrentVersion.targets(2451,5): warning MSB3277:             C:\Program Files\dotnet\packs\Microsoft.NETCore.App.Ref\8.0.25\ref/net8.0/WindowsBase.dll [C:\Users\ultra\warewolf\Dev\Warewolf.Core.Tests\Warewolf.Core.Tests.csproj]
C:\Program Files\dotnet\sdk\10.0.201\Microsoft.Common.CurrentVersion.targets(2451,5): warning MSB3277:             C:\Program Files\dotnet\packs\Microsoft.NETCore.App.Ref\8.0.25\ref/net8.0/mscorlib.dll [C:\Users\ultra\warewolf\Dev\Warewolf.Core.Tests\Warewolf.Core.Tests.csproj]
C:\Program Files\dotnet\sdk\10.0.201\Microsoft.Common.CurrentVersion.targets(2451,5): warning MSB3277:             C:\Users\ultra\.nuget\packages\microsoft.codecoverage\17.13.0\lib\netcoreapp3.1\Microsoft.VisualStudio.CodeCoverage.Shim.dll [C:\Users\ultra\warewolf\Dev\Warewolf.Core.Tests\Warewolf.Core.Tests.csproj]
C:\Program Files\dotnet\sdk\10.0.201\Microsoft.Common.CurrentVersion.targets(2451,5): warning MSB3277:             Infragistics.Calculations [C:\Users\ultra\warewolf\Dev\Warewolf.Core.Tests\Warewolf.Core.Tests.csproj]
C:\Program Files\dotnet\sdk\10.0.201\Microsoft.Common.CurrentVersion.targets(2451,5): warning MSB3277:         C:\Program Files\dotnet\packs\Microsoft.NETCore.App.Ref\8.0.25\ref\net8.0\System.Drawing.dll [C:\Users\ultra\warewolf\Dev\Warewolf.Core.Tests\Warewolf.Core.Tests.csproj]
C:\Program Files\dotnet\sdk\10.0.201\Microsoft.Common.CurrentVersion.targets(2451,5): warning MSB3277:           Project file item includes which caused reference "C:\Program Files\dotnet\packs\Microsoft.NETCore.App.Ref\8.0.25\ref\net8.0\System.Drawing.dll". [C:\Users\ultra\warewolf\Dev\Warewolf.Core.Tests\Warewolf.Core.Tests.csproj]
C:\Program Files\dotnet\sdk\10.0.201\Microsoft.Common.CurrentVersion.targets(2451,5): warning MSB3277:             C:\Program Files\dotnet\packs\Microsoft.NETCore.App.Ref\8.0.25\ref/net8.0/System.Drawing.dll [C:\Users\ultra\warewolf\Dev\Warewolf.Core.Tests\Warewolf.Core.Tests.csproj]
C:\Program Files\dotnet\sdk\10.0.201\Microsoft.Common.CurrentVersion.targets(2451,5): warning MSB3277:             C:\Users\ultra\.nuget\packages\aerowizard\2.3.1\lib\net45\AeroWizard.dll [C:\Users\ultra\warewolf\Dev\Warewolf.Core.Tests\Warewolf.Core.Tests.csproj]
C:\Program Files\dotnet\sdk\10.0.201\Microsoft.Common.CurrentVersion.targets(2451,5): warning MSB3277:             C:\Users\ultra\.nuget\packages\groupcontrols\1.9.0\lib\net45\GroupControls.dll [C:\Users\ultra\warewolf\Dev\Warewolf.Core.Tests\Warewolf.Core.Tests.csproj]
C:\Program Files\dotnet\sdk\10.0.201\Microsoft.Common.CurrentVersion.targets(2451,5): warning MSB3277:             C:\Users\ultra\.nuget\packages\taskschedulereditor\2.10.1\lib\net452\Microsoft.Win32.TaskSchedulerEditor.dll [C:\Users\ultra\warewolf\Dev\Warewolf.Core.Tests\Warewolf.Core.Tests.csproj]
C:\Program Files\dotnet\sdk\10.0.201\Microsoft.Common.CurrentVersion.targets(2451,5): warning MSB3245: Could not resolve this reference. Could not locate the assembly "System.ServiceModel.Activities". Check to make sure the assembly exists on disk. If this reference is required by your code, you may get compilation errors. [C:\Users\ultra\warewolf\Dev\Dev2.Activities\Dev2.Activities.csproj]
C:\Program Files\dotnet\sdk\10.0.201\Microsoft.Common.CurrentVersion.targets(2451,5): warning MSB3277: Found conflicts between different versions of "WindowsBase" that could not be resolved. [C:\Users\ultra\warewolf\Dev\Dev2.Activities\Dev2.Activities.csproj]
C:\Program Files\dotnet\sdk\10.0.201\Microsoft.Common.CurrentVersion.targets(2451,5): warning MSB3277: There was a conflict between "WindowsBase, Version=4.0.0.0, Culture=neutral, PublicKeyToken=31bf3856ad364e35" and "WindowsBase, Version=6.0.2.0, Culture=neutral, PublicKeyToken=31bf3856ad364e35". [C:\Users\ultra\warewolf\Dev\Dev2.Activities\Dev2.Activities.csproj]
C:\Program Files\dotnet\sdk\10.0.201\Microsoft.Common.CurrentVersion.targets(2451,5): warning MSB3277:     "WindowsBase, Version=4.0.0.0, Culture=neutral, PublicKeyToken=31bf3856ad364e35" was chosen because it was primary and "WindowsBase, Version=6.0.2.0, Culture=neutral, PublicKeyToken=31bf3856ad364e35" was not. [C:\Users\ultra\warewolf\Dev\Dev2.Activities\Dev2.Activities.csproj]
C:\Program Files\dotnet\sdk\10.0.201\Microsoft.Common.CurrentVersion.targets(2451,5): warning MSB3277:     References which depend on "WindowsBase, Version=4.0.0.0, Culture=neutral, PublicKeyToken=31bf3856ad364e35" [C:\Program Files\dotnet\packs\Microsoft.NETCore.App.Ref\8.0.25\ref\net8.0\WindowsBase.dll]. [C:\Users\ultra\warewolf\Dev\Dev2.Activities\Dev2.Activities.csproj]
C:\Program Files\dotnet\sdk\10.0.201\Microsoft.Common.CurrentVersion.targets(2451,5): warning MSB3277:         C:\Program Files\dotnet\packs\Microsoft.NETCore.App.Ref\8.0.25\ref\net8.0\WindowsBase.dll [C:\Users\ultra\warewolf\Dev\Dev2.Activities\Dev2.Activities.csproj]
C:\Program Files\dotnet\sdk\10.0.201\Microsoft.Common.CurrentVersion.targets(2451,5): warning MSB3277:           Project file item includes which caused reference "C:\Program Files\dotnet\packs\Microsoft.NETCore.App.Ref\8.0.25\ref\net8.0\WindowsBase.dll". [C:\Users\ultra\warewolf\Dev\Dev2.Activities\Dev2.Activities.csproj]
C:\Program Files\dotnet\sdk\10.0.201\Microsoft.Common.CurrentVersion.targets(2451,5): warning MSB3277:             C:\Program Files\dotnet\packs\Microsoft.NETCore.App.Ref\8.0.25\ref/net8.0/WindowsBase.dll [C:\Users\ultra\warewolf\Dev\Dev2.Activities\Dev2.Activities.csproj]
C:\Program Files\dotnet\sdk\10.0.201\Microsoft.Common.CurrentVersion.targets(2451,5): warning MSB3277:     References which depend on or have been unified to "WindowsBase, Version=6.0.2.0, Culture=neutral, PublicKeyToken=31bf3856ad364e35" []. [C:\Users\ultra\warewolf\Dev\Dev2.Activities\Dev2.Activities.csproj]
C:\Program Files\dotnet\sdk\10.0.201\Microsoft.Common.CurrentVersion.targets(2451,5): warning MSB3277:         C:\Users\ultra\.nuget\packages\caliburn.micro\4.0.212\lib\netcoreapp3.1\Caliburn.Micro.Platform.dll [C:\Users\ultra\warewolf\Dev\Dev2.Activities\Dev2.Activities.csproj]
C:\Program Files\dotnet\sdk\10.0.201\Microsoft.Common.CurrentVersion.targets(2451,5): warning MSB3277:           Project file item includes which caused reference "C:\Users\ultra\.nuget\packages\caliburn.micro\4.0.212\lib\netcoreapp3.1\Caliburn.Micro.Platform.dll". [C:\Users\ultra\warewolf\Dev\Dev2.Activities\Dev2.Activities.csproj]
C:\Program Files\dotnet\sdk\10.0.201\Microsoft.Common.CurrentVersion.targets(2451,5): warning MSB3277:             C:\Users\ultra\.nuget\packages\caliburn.micro\4.0.212\lib\netcoreapp3.1\Caliburn.Micro.Platform.dll [C:\Users\ultra\warewolf\Dev\Dev2.Activities\Dev2.Activities.csproj]
C:\Program Files\dotnet\sdk\10.0.201\Microsoft.Common.CurrentVersion.targets(2451,5): warning MSB3277:         C:\Users\ultra\.nuget\packages\ironpython\3.4.0\lib\net6.0\IronPython.Wpf.dll [C:\Users\ultra\warewolf\Dev\Dev2.Activities\Dev2.Activities.csproj]
C:\Program Files\dotnet\sdk\10.0.201\Microsoft.Common.CurrentVersion.targets(2451,5): warning MSB3277:           Project file item includes which caused reference "C:\Users\ultra\.nuget\packages\ironpython\3.4.0\lib\net6.0\IronPython.Wpf.dll". [C:\Users\ultra\warewolf\Dev\Dev2.Activities\Dev2.Activities.csproj]
C:\Program Files\dotnet\sdk\10.0.201\Microsoft.Common.CurrentVersion.targets(2451,5): warning MSB3277:             C:\Users\ultra\.nuget\packages\ironpython\3.4.0\lib\net6.0\IronPython.Wpf.dll [C:\Users\ultra\warewolf\Dev\Dev2.Activities\Dev2.Activities.csproj]
C:\Program Files\dotnet\sdk\10.0.201\Microsoft.Common.CurrentVersion.targets(2451,5): warning MSB3277:         C:\Users\ultra\.nuget\packages\microsoft.xaml.behaviors.wpf\1.1.19\lib\netcoreapp3.0\Microsoft.Xaml.Behaviors.dll [C:\Users\ultra\warewolf\Dev\Dev2.Activities\Dev2.Activities.csproj]
C:\Program Files\dotnet\sdk\10.0.201\Microsoft.Common.CurrentVersion.targets(2451,5): warning MSB3277:           Project file item includes which caused reference "C:\Users\ultra\.nuget\packages\microsoft.xaml.behaviors.wpf\1.1.19\lib\netcoreapp3.0\Microsoft.Xaml.Behaviors.dll". [C:\Users\ultra\warewolf\Dev\Dev2.Activities\Dev2.Activities.csproj]
C:\Program Files\dotnet\sdk\10.0.201\Microsoft.Common.CurrentVersion.targets(2451,5): warning MSB3277:             C:\Users\ultra\.nuget\packages\microsoft.xaml.behaviors.wpf\1.1.19\lib\netcoreapp3.0\Microsoft.Xaml.Behaviors.dll [C:\Users\ultra\warewolf\Dev\Dev2.Activities\Dev2.Activities.csproj]
C:\Program Files\dotnet\sdk\10.0.201\Microsoft.Common.CurrentVersion.targets(2451,5): warning MSB3277:             C:\Users\ultra\.nuget\packages\caliburn.micro\4.0.212\lib\netcoreapp3.1\Caliburn.Micro.Platform.dll [C:\Users\ultra\warewolf\Dev\Dev2.Activities\Dev2.Activities.csproj]
C:\Program Files\dotnet\sdk\10.0.201\Microsoft.Common.CurrentVersion.targets(2451,5): warning MSB3277:         C:\Users\ultra\.nuget\packages\reactiveui.wpf\18.4.1\lib\net462\ReactiveUI.Wpf.dll [C:\Users\ultra\warewolf\Dev\Dev2.Activities\Dev2.Activities.csproj]
C:\Program Files\dotnet\sdk\10.0.201\Microsoft.Common.CurrentVersion.targets(2451,5): warning MSB3277:           Project file item includes which caused reference "C:\Users\ultra\.nuget\packages\reactiveui.wpf\18.4.1\lib\net462\ReactiveUI.Wpf.dll". [C:\Users\ultra\warewolf\Dev\Dev2.Activities\Dev2.Activities.csproj]
C:\Program Files\dotnet\sdk\10.0.201\Microsoft.Common.CurrentVersion.targets(2451,5): warning MSB3277:             C:\Users\ultra\.nuget\packages\reactiveui.wpf\18.4.1\lib\net462\ReactiveUI.Wpf.dll [C:\Users\ultra\warewolf\Dev\Dev2.Activities\Dev2.Activities.csproj]
  Consider app.config remapping of assembly "System.Runtime.CompilerServices.Unsafe, Culture=neutral, PublicKeyToken=b03f5f7f11d50a3a" from Version "6.0.0.0" [] to Version "8.0.0.0" [C:\Program Files\dotnet\packs\Microsoft.NETCore.App.Ref\8.0.25\ref\net8.0\System.Runtime.CompilerServices.Unsafe.dll] to solve conflict and get rid of warning.
C:\Users\ultra\warewolf\Dev\Dev2.Activities\WorkflowConverters\ActivityPropertiesReaderHelper.cs(54,45): warning CS8632: The annotation for nullable reference types should only be used in code within a '#nullable' annotations context. [C:\Users\ultra\warewolf\Dev\Dev2.Activities\Dev2.Activities.csproj]
C:\Users\ultra\warewolf\Dev\Dev2.Activities\WorkflowConverters\SwitchActivityDataHelper.cs(106,58): warning CS8632: The annotation for nullable reference types should only be used in code within a '#nullable' annotations context. [C:\Users\ultra\warewolf\Dev\Dev2.Activities\Dev2.Activities.csproj]
C:\Users\ultra\warewolf\Dev\Dev2.Activities\WorkflowConverters\SwitchActivityDataHelper.cs(225,65): warning CS8632: The annotation for nullable reference types should only be used in code within a '#nullable' annotations context. [C:\Users\ultra\warewolf\Dev\Dev2.Activities\Dev2.Activities.csproj]
C:\Users\ultra\warewolf\Dev\Dev2.Activities\WorkflowConverters\SwitchActivityDataHelper.cs(225,25): warning CS8632: The annotation for nullable reference types should only be used in code within a '#nullable' annotations context. [C:\Users\ultra\warewolf\Dev\Dev2.Activities\Dev2.Activities.csproj]
C:\Users\ultra\warewolf\Dev\Dev2.Activities\WorkflowConverters\SwitchActivityDataHelper.cs(342,61): warning CS8632: The annotation for nullable reference types should only be used in code within a '#nullable' annotations context. [C:\Users\ultra\warewolf\Dev\Dev2.Activities\Dev2.Activities.csproj]
C:\Users\ultra\warewolf\Dev\Dev2.Activities\WorkflowConverters\SwitchActivityDataHelper.cs(342,30): warning CS8632: The annotation for nullable reference types should only be used in code within a '#nullable' annotations context. [C:\Users\ultra\warewolf\Dev\Dev2.Activities\Dev2.Activities.csproj]
C:\Users\ultra\warewolf\Dev\Dev2.Activities\WorkflowConverters\SwitchActivityDataHelper.cs(32,25): warning CS8632: The annotation for nullable reference types should only be used in code within a '#nullable' annotations context. [C:\Users\ultra\warewolf\Dev\Dev2.Activities\Dev2.Activities.csproj]
C:\Users\ultra\warewolf\Dev\Dev2.Activities\WorkflowConverters\SwitchActivityDataHelper.cs(33,25): warning CS8632: The annotation for nullable reference types should only be used in code within a '#nullable' annotations context. [C:\Users\ultra\warewolf\Dev\Dev2.Activities\Dev2.Activities.csproj]
C:\Users\ultra\warewolf\Dev\Dev2.Activities\WorkflowConverters\SwitchActivityDataHelper.cs(34,25): warning CS8632: The annotation for nullable reference types should only be used in code within a '#nullable' annotations context. [C:\Users\ultra\warewolf\Dev\Dev2.Activities\Dev2.Activities.csproj]
C:\Users\ultra\warewolf\Dev\Dev2.Activities\WorkflowConverters\SwitchActivityDataHelper.cs(35,25): warning CS8632: The annotation for nullable reference types should only be used in code within a '#nullable' annotations context. [C:\Users\ultra\warewolf\Dev\Dev2.Activities\Dev2.Activities.csproj]
C:\Users\ultra\warewolf\Dev\Dev2.Activities\WorkflowConverters\SwitchActivityDataHelper.cs(36,25): warning CS8632: The annotation for nullable reference types should only be used in code within a '#nullable' annotations context. [C:\Users\ultra\warewolf\Dev\Dev2.Activities\Dev2.Activities.csproj]
C:\Users\ultra\warewolf\Dev\Dev2.Activities\WorkflowConverters\SwitchActivityDataHelper.cs(37,25): warning CS8632: The annotation for nullable reference types should only be used in code within a '#nullable' annotations context. [C:\Users\ultra\warewolf\Dev\Dev2.Activities\Dev2.Activities.csproj]
C:\Users\ultra\warewolf\Dev\Dev2.Activities\WorkflowConverters\SwitchActivityDataHelper.cs(108,19): warning CS8632: The annotation for nullable reference types should only be used in code within a '#nullable' annotations context. [C:\Users\ultra\warewolf\Dev\Dev2.Activities\Dev2.Activities.csproj]
C:\Users\ultra\warewolf\Dev\Dev2.Activities\WorkflowConverters\ActivityPropertiesReaderHelper.cs(60,59): warning CS8632: The annotation for nullable reference types should only be used in code within a '#nullable' annotations context. [C:\Users\ultra\warewolf\Dev\Dev2.Activities\Dev2.Activities.csproj]
C:\Users\ultra\warewolf\Dev\Dev2.Activities\Activities\GateActivity.cs(733,24): warning CC0022: WarewolfListIterator should be disposed. (https://code-cracker.github.io/diagnostics/CC0022.html) [C:\Users\ultra\warewolf\Dev\Dev2.Activities\Dev2.Activities.csproj]
C:\Users\ultra\warewolf\Dev\Dev2.Activities\WorkflowConverters\X6ToWorkflowConverter.cs(375,13): warning CC0003: Consider adding an Exception to the catch. (https://code-cracker.github.io/diagnostics/CC0003.html) [C:\Users\ultra\warewolf\Dev\Dev2.Activities\Dev2.Activities.csproj]
C:\Users\ultra\warewolf\Dev\Dev2.Activities\Activities\GateActivity.cs(639,21): warning CC0003: Consider adding an Exception to the catch. (https://code-cracker.github.io/diagnostics/CC0003.html) [C:\Users\ultra\warewolf\Dev\Dev2.Activities\Dev2.Activities.csproj]
C:\Users\ultra\warewolf\Dev\Dev2.Activities\Activities\GateActivity.cs(656,21): warning CC0003: Consider adding an Exception to the catch. (https://code-cracker.github.io/diagnostics/CC0003.html) [C:\Users\ultra\warewolf\Dev\Dev2.Activities\Dev2.Activities.csproj]
C:\Users\ultra\warewolf\Dev\Dev2.Activities\WorkflowConverters\X6ToWorkflowConverter.cs(833,17): warning CC0120: Consider put an default clause in Switch. (https://code-cracker.github.io/diagnostics/CC0120.html) [C:\Users\ultra\warewolf\Dev\Dev2.Activities\Dev2.Activities.csproj]
C:\Users\ultra\warewolf\Dev\Dev2.Activities\WorkflowConverters\X6ToWorkflowConverter.cs(958,13): warning CC0004: Empty Catch Block. (https://code-cracker.github.io/diagnostics/CC0004.html) [C:\Users\ultra\warewolf\Dev\Dev2.Activities\Dev2.Activities.csproj]
C:\Users\ultra\warewolf\Dev\Dev2.Activities\Activities\PathOperations\FileWriteActivity.cs(54,26): warning CC0022: WarewolfListIterator should be disposed. (https://code-cracker.github.io/diagnostics/CC0022.html) [C:\Users\ultra\warewolf\Dev\Dev2.Activities\Dev2.Activities.csproj]
C:\Users\ultra\warewolf\Dev\Dev2.Activities\WorkflowConverters\WorkflowToX6Converter.cs(567,13): warning CC0105: Use 'var' instead of specifying the type name. (https://code-cracker.github.io/diagnostics/CC0105.html) [C:\Users\ultra\warewolf\Dev\Dev2.Activities\Dev2.Activities.csproj]
C:\Users\ultra\warewolf\Dev\Dev2.Activities\WorkflowConverters\WorkflowToX6Converter.cs(998,13): warning CC0004: Empty Catch Block. (https://code-cracker.github.io/diagnostics/CC0004.html) [C:\Users\ultra\warewolf\Dev\Dev2.Activities\Dev2.Activities.csproj]
C:\Users\ultra\warewolf\Dev\Dev2.Activities\Activities\WebPostActivity.cs(238,28): warning CC0022: WarewolfListIterator should be disposed. (https://code-cracker.github.io/diagnostics/CC0022.html) [C:\Users\ultra\warewolf\Dev\Dev2.Activities\Dev2.Activities.csproj]
C:\Users\ultra\warewolf\Dev\Dev2.Activities\WorkflowConverters\WorkflowToX6Converter.cs(1376,17): warning CC0004: Empty Catch Block. (https://code-cracker.github.io/diagnostics/CC0004.html) [C:\Users\ultra\warewolf\Dev\Dev2.Activities\Dev2.Activities.csproj]
C:\Users\ultra\warewolf\Dev\Dev2.Activities\WorkflowConverters\WorkflowToX6Converter.cs(1365,13): warning CC0006: You can use foreach instead of for. (https://code-cracker.github.io/diagnostics/CC0006.html) [C:\Users\ultra\warewolf\Dev\Dev2.Activities\Dev2.Activities.csproj]
C:\Users\ultra\warewolf\Dev\Dev2.Activities\Activities\WebPostActivityNew.cs(281,28): warning CC0022: WarewolfListIterator should be disposed. (https://code-cracker.github.io/diagnostics/CC0022.html) [C:\Users\ultra\warewolf\Dev\Dev2.Activities\Dev2.Activities.csproj]
C:\Users\ultra\warewolf\Dev\Dev2.Activities\Activities\DsfWebActivityBase.cs(136,96): warning CC0022: StringContent should be disposed. (https://code-cracker.github.io/diagnostics/CC0022.html) [C:\Users\ultra\warewolf\Dev\Dev2.Activities\Dev2.Activities.csproj]
C:\Users\ultra\warewolf\Dev\Dev2.Activities\Activities\DsfWebActivityBase.cs(158,42): warning CC0022: StreamReader should be disposed. (https://code-cracker.github.io/diagnostics/CC0022.html) [C:\Users\ultra\warewolf\Dev\Dev2.Activities\Dev2.Activities.csproj]
C:\Users\ultra\warewolf\Dev\Dev2.Activities\Activities\DsfWebActivityBase.cs(175,35): warning CC0022: ByteArrayContent should be disposed. (https://code-cracker.github.io/diagnostics/CC0022.html) [C:\Users\ultra\warewolf\Dev\Dev2.Activities\Dev2.Activities.csproj]
C:\Users\ultra\warewolf\Dev\Dev2.Activities\Activities\DsfWebActivityBase.cs(184,31): warning CC0022: StringContent should be disposed. (https://code-cracker.github.io/diagnostics/CC0022.html) [C:\Users\ultra\warewolf\Dev\Dev2.Activities\Dev2.Activities.csproj]
C:\Users\ultra\warewolf\Dev\Dev2.Activities\Activities\GetSystemInformationHelper.cs(332,60): warning CA1416: This call site is reachable on all platforms. 'ManagementBaseObject.this[string]' is only supported on: 'windows'. (https://learn.microsoft.com/dotnet/fundamentals/code-analysis/quality-rules/ca1416) [C:\Users\ultra\warewolf\Dev\Dev2.Activities\Dev2.Activities.csproj]
C:\Users\ultra\warewolf\Dev\Dev2.Activities\Activities\GetSystemInformationHelper.cs(326,28): warning CA1416: This call site is reachable on all platforms. 'ObjectQuery' is only supported on: 'windows'. (https://learn.microsoft.com/dotnet/fundamentals/code-analysis/quality-rules/ca1416) [C:\Users\ultra\warewolf\Dev\Dev2.Activities\Dev2.Activities.csproj]
C:\Users\ultra\warewolf\Dev\Dev2.Activities\Activities\GetSystemInformationHelper.cs(329,31): warning CA1416: This call site is reachable on all platforms. 'ManagementObjectSearcher.Get()' is only supported on: 'windows'. (https://learn.microsoft.com/dotnet/fundamentals/code-analysis/quality-rules/ca1416) [C:\Users\ultra\warewolf\Dev\Dev2.Activities\Dev2.Activities.csproj]
C:\Users\ultra\warewolf\Dev\Dev2.Activities\Activities\GetSystemInformationHelper.cs(327,28): warning CA1416: This call site is reachable on all platforms. 'ManagementObjectSearcher' is only supported on: 'windows'. (https://learn.microsoft.com/dotnet/fundamentals/code-analysis/quality-rules/ca1416) [C:\Users\ultra\warewolf\Dev\Dev2.Activities\Dev2.Activities.csproj]
C:\Users\ultra\warewolf\Dev\Dev2.Activities\Activities\GetSystemInformationHelper.cs(341,28): warning CA1416: This call site is reachable on all platforms. 'ManagementObjectSearcher' is only supported on: 'windows'. (https://learn.microsoft.com/dotnet/fundamentals/code-analysis/quality-rules/ca1416) [C:\Users\ultra\warewolf\Dev\Dev2.Activities\Dev2.Activities.csproj]
C:\Users\ultra\warewolf\Dev\Dev2.Activities\Activities\GetSystemInformationHelper.cs(340,28): warning CA1416: This call site is reachable on all platforms. 'ObjectQuery' is only supported on: 'windows'. (https://learn.microsoft.com/dotnet/fundamentals/code-analysis/quality-rules/ca1416) [C:\Users\ultra\warewolf\Dev\Dev2.Activities\Dev2.Activities.csproj]
C:\Users\ultra\warewolf\Dev\Dev2.Activities\Activities\GetSystemInformationHelper.cs(345,53): warning CA1416: This call site is reachable on all platforms. 'ManagementBaseObject.this[string]' is only supported on: 'windows'. (https://learn.microsoft.com/dotnet/fundamentals/code-analysis/quality-rules/ca1416) [C:\Users\ultra\warewolf\Dev\Dev2.Activities\Dev2.Activities.csproj]
C:\Users\ultra\warewolf\Dev\Dev2.Activities\Activities\GetSystemInformationHelper.cs(346,58): warning CA1416: This call site is reachable on all platforms. 'ManagementBaseObject.this[string]' is only supported on: 'windows'. (https://learn.microsoft.com/dotnet/fundamentals/code-analysis/quality-rules/ca1416) [C:\Users\ultra\warewolf\Dev\Dev2.Activities\Dev2.Activities.csproj]
C:\Users\ultra\warewolf\Dev\Dev2.Activities\Activities\GetSystemInformationHelper.cs(342,31): warning CA1416: This call site is reachable on all platforms. 'ManagementObjectSearcher.Get()' is only supported on: 'windows'. (https://learn.microsoft.com/dotnet/fundamentals/code-analysis/quality-rules/ca1416) [C:\Users\ultra\warewolf\Dev\Dev2.Activities\Dev2.Activities.csproj]
C:\Users\ultra\warewolf\Dev\Dev2.Activities\Activities\GetSystemInformationHelper.cs(370,92): warning CA1416: This call site is reachable on all platforms. 'WindowsIdentity.GetCurrent()' is only supported on: 'windows'. (https://learn.microsoft.com/dotnet/fundamentals/code-analysis/quality-rules/ca1416) [C:\Users\ultra\warewolf\Dev\Dev2.Activities\Dev2.Activities.csproj]
C:\Users\ultra\warewolf\Dev\Dev2.Activities\Activities\GetSystemInformationHelper.cs(372,17): warning CA1416: This call site is reachable on all platforms. 'WindowsIdentity.Groups' is only supported on: 'windows'. (https://learn.microsoft.com/dotnet/fundamentals/code-analysis/quality-rules/ca1416) [C:\Users\ultra\warewolf\Dev\Dev2.Activities\Dev2.Activities.csproj]
C:\Users\ultra\warewolf\Dev\Dev2.Activities\Activities\GetSystemInformationHelper.cs(374,37): warning CA1416: This call site is reachable on all platforms. 'WindowsIdentity.Groups' is only supported on: 'windows'. (https://learn.microsoft.com/dotnet/fundamentals/code-analysis/quality-rules/ca1416) [C:\Users\ultra\warewolf\Dev\Dev2.Activities\Dev2.Activities.csproj]
C:\Users\ultra\warewolf\Dev\Dev2.Activities\Activities\GetSystemInformationHelper.cs(95,36): warning CA1416: This call site is reachable on all platforms. 'ManagementBaseObject.GetPropertyValue(string)' is only supported on: 'windows'. (https://learn.microsoft.com/dotnet/fundamentals/code-analysis/quality-rules/ca1416) [C:\Users\ultra\warewolf\Dev\Dev2.Activities\Dev2.Activities.csproj]
C:\Users\ultra\warewolf\Dev\Dev2.Activities\Activities\GetSystemInformationHelper.cs(392,90): warning CA1416: This call site is reachable on all platforms. 'IdentityReference.Value' is only supported on: 'windows'. (https://learn.microsoft.com/dotnet/fundamentals/code-analysis/quality-rules/ca1416) [C:\Users\ultra\warewolf\Dev\Dev2.Activities\Dev2.Activities.csproj]
C:\Users\ultra\warewolf\Dev\Dev2.Activities\Activities\GetSystemInformationHelper.cs(387,28): warning CA1416: This call site is reachable on all platforms. 'IdentityReference.Value' is only supported on: 'windows'. (https://learn.microsoft.com/dotnet/fundamentals/code-analysis/quality-rules/ca1416) [C:\Users\ultra\warewolf\Dev\Dev2.Activities\Dev2.Activities.csproj]
C:\Users\ultra\warewolf\Dev\Dev2.Activities\Activities\GetSystemInformationHelper.cs(386,39): warning CA1416: This call site is reachable on all platforms. 'IdentityReference.Translate(Type)' is only supported on: 'windows'. (https://learn.microsoft.com/dotnet/fundamentals/code-analysis/quality-rules/ca1416) [C:\Users\ultra\warewolf\Dev\Dev2.Activities\Dev2.Activities.csproj]
C:\Users\ultra\warewolf\Dev\Dev2.Activities\Activities\GetSystemInformationHelper.cs(397,49): warning CA1416: This call site is reachable on all platforms. 'ManagementBaseObject.this[string]' is only supported on: 'windows'. (https://learn.microsoft.com/dotnet/fundamentals/code-analysis/quality-rules/ca1416) [C:\Users\ultra\warewolf\Dev\Dev2.Activities\Dev2.Activities.csproj]
C:\Users\ultra\warewolf\Dev\Dev2.Activities\Activities\GetSystemInformationHelper.cs(392,32): warning CA1416: This call site is reachable on all platforms. 'ObjectQuery' is only supported on: 'windows'. (https://learn.microsoft.com/dotnet/fundamentals/code-analysis/quality-rules/ca1416) [C:\Users\ultra\warewolf\Dev\Dev2.Activities\Dev2.Activities.csproj]
C:\Users\ultra\warewolf\Dev\Dev2.Activities\Activities\GetSystemInformationHelper.cs(393,32): warning CA1416: This call site is reachable on all platforms. 'ManagementObjectSearcher' is only supported on: 'windows'. (https://learn.microsoft.com/dotnet/fundamentals/code-analysis/quality-rules/ca1416) [C:\Users\ultra\warewolf\Dev\Dev2.Activities\Dev2.Activities.csproj]
C:\Users\ultra\warewolf\Dev\Dev2.Activities\Activities\GetSystemInformationHelper.cs(394,35): warning CA1416: This call site is reachable on all platforms. 'ManagementObjectSearcher.Get()' is only supported on: 'windows'. (https://learn.microsoft.com/dotnet/fundamentals/code-analysis/quality-rules/ca1416) [C:\Users\ultra\warewolf\Dev\Dev2.Activities\Dev2.Activities.csproj]
C:\Users\ultra\warewolf\Dev\Dev2.Activities\Activities\GetSystemInformationHelper.cs(431,57): warning CA1416: This call site is reachable on all platforms. 'ManagementBaseObject.this[string]' is only supported on: 'windows'. (https://learn.microsoft.com/dotnet/fundamentals/code-analysis/quality-rules/ca1416) [C:\Users\ultra\warewolf\Dev\Dev2.Activities\Dev2.Activities.csproj]
C:\Users\ultra\warewolf\Dev\Dev2.Activities\Activities\GetSystemInformationHelper.cs(428,35): warning CA1416: This call site is reachable on all platforms. 'ManagementObjectSearcher.Get()' is only supported on: 'windows'. (https://learn.microsoft.com/dotnet/fundamentals/code-analysis/quality-rules/ca1416) [C:\Users\ultra\warewolf\Dev\Dev2.Activities\Dev2.Activities.csproj]
C:\Users\ultra\warewolf\Dev\Dev2.Activities\Activities\GetSystemInformationHelper.cs(426,32): warning CA1416: This call site is reachable on all platforms. 'ObjectQuery' is only supported on: 'windows'. (https://learn.microsoft.com/dotnet/fundamentals/code-analysis/quality-rules/ca1416) [C:\Users\ultra\warewolf\Dev\Dev2.Activities\Dev2.Activities.csproj]
C:\Users\ultra\warewolf\Dev\Dev2.Activities\Activities\GetSystemInformationHelper.cs(427,32): warning CA1416: This call site is reachable on all platforms. 'ManagementObjectSearcher' is only supported on: 'windows'. (https://learn.microsoft.com/dotnet/fundamentals/code-analysis/quality-rules/ca1416) [C:\Users\ultra\warewolf\Dev\Dev2.Activities\Dev2.Activities.csproj]
  Dev2.Activities -> C:\Users\ultra\warewolf\Dev\Dev2.Activities\bin\Debug\net8.0\Dev2.Activities.dll
C:\Program Files\dotnet\sdk\10.0.201\Microsoft.Common.CurrentVersion.targets(2451,5): warning MSB3277: Found conflicts between different versions of "WindowsBase" that could not be resolved. [C:\Users\ultra\warewolf\Dev\Dev2.Runtime\Dev2.Runtime.csproj]
C:\Program Files\dotnet\sdk\10.0.201\Microsoft.Common.CurrentVersion.targets(2451,5): warning MSB3277: There was a conflict between "WindowsBase, Version=4.0.0.0, Culture=neutral, PublicKeyToken=31bf3856ad364e35" and "WindowsBase, Version=6.0.2.0, Culture=neutral, PublicKeyToken=31bf3856ad364e35". [C:\Users\ultra\warewolf\Dev\Dev2.Runtime\Dev2.Runtime.csproj]
C:\Program Files\dotnet\sdk\10.0.201\Microsoft.Common.CurrentVersion.targets(2451,5): warning MSB3277:     "WindowsBase, Version=4.0.0.0, Culture=neutral, PublicKeyToken=31bf3856ad364e35" was chosen because it was primary and "WindowsBase, Version=6.0.2.0, Culture=neutral, PublicKeyToken=31bf3856ad364e35" was not. [C:\Users\ultra\warewolf\Dev\Dev2.Runtime\Dev2.Runtime.csproj]
C:\Program Files\dotnet\sdk\10.0.201\Microsoft.Common.CurrentVersion.targets(2451,5): warning MSB3277:     References which depend on "WindowsBase, Version=4.0.0.0, Culture=neutral, PublicKeyToken=31bf3856ad364e35" [C:\Program Files\dotnet\packs\Microsoft.NETCore.App.Ref\8.0.25\ref\net8.0\WindowsBase.dll]. [C:\Users\ultra\warewolf\Dev\Dev2.Runtime\Dev2.Runtime.csproj]
C:\Program Files\dotnet\sdk\10.0.201\Microsoft.Common.CurrentVersion.targets(2451,5): warning MSB3277:         C:\Program Files\dotnet\packs\Microsoft.NETCore.App.Ref\8.0.25\ref\net8.0\WindowsBase.dll [C:\Users\ultra\warewolf\Dev\Dev2.Runtime\Dev2.Runtime.csproj]
C:\Program Files\dotnet\sdk\10.0.201\Microsoft.Common.CurrentVersion.targets(2451,5): warning MSB3277:           Project file item includes which caused reference "C:\Program Files\dotnet\packs\Microsoft.NETCore.App.Ref\8.0.25\ref\net8.0\WindowsBase.dll". [C:\Users\ultra\warewolf\Dev\Dev2.Runtime\Dev2.Runtime.csproj]
C:\Program Files\dotnet\sdk\10.0.201\Microsoft.Common.CurrentVersion.targets(2451,5): warning MSB3277:             C:\Program Files\dotnet\packs\Microsoft.NETCore.App.Ref\8.0.25\ref/net8.0/WindowsBase.dll [C:\Users\ultra\warewolf\Dev\Dev2.Runtime\Dev2.Runtime.csproj]
C:\Program Files\dotnet\sdk\10.0.201\Microsoft.Common.CurrentVersion.targets(2451,5): warning MSB3277:     References which depend on or have been unified to "WindowsBase, Version=6.0.2.0, Culture=neutral, PublicKeyToken=31bf3856ad364e35" []. [C:\Users\ultra\warewolf\Dev\Dev2.Runtime\Dev2.Runtime.csproj]
C:\Program Files\dotnet\sdk\10.0.201\Microsoft.Common.CurrentVersion.targets(2451,5): warning MSB3277:         C:\Users\ultra\.nuget\packages\caliburn.micro\4.0.212\lib\netcoreapp3.1\Caliburn.Micro.Platform.dll [C:\Users\ultra\warewolf\Dev\Dev2.Runtime\Dev2.Runtime.csproj]
C:\Program Files\dotnet\sdk\10.0.201\Microsoft.Common.CurrentVersion.targets(2451,5): warning MSB3277:           Project file item includes which caused reference "C:\Users\ultra\.nuget\packages\caliburn.micro\4.0.212\lib\netcoreapp3.1\Caliburn.Micro.Platform.dll". [C:\Users\ultra\warewolf\Dev\Dev2.Runtime\Dev2.Runtime.csproj]
C:\Program Files\dotnet\sdk\10.0.201\Microsoft.Common.CurrentVersion.targets(2451,5): warning MSB3277:             C:\Users\ultra\.nuget\packages\caliburn.micro\4.0.212\lib\netcoreapp3.1\Caliburn.Micro.Platform.dll [C:\Users\ultra\warewolf\Dev\Dev2.Runtime\Dev2.Runtime.csproj]
C:\Program Files\dotnet\sdk\10.0.201\Microsoft.Common.CurrentVersion.targets(2451,5): warning MSB3277:         C:\Users\ultra\.nuget\packages\ironpython\3.4.0\lib\net6.0\IronPython.Wpf.dll [C:\Users\ultra\warewolf\Dev\Dev2.Runtime\Dev2.Runtime.csproj]
C:\Program Files\dotnet\sdk\10.0.201\Microsoft.Common.CurrentVersion.targets(2451,5): warning MSB3277:           Project file item includes which caused reference "C:\Users\ultra\.nuget\packages\ironpython\3.4.0\lib\net6.0\IronPython.Wpf.dll". [C:\Users\ultra\warewolf\Dev\Dev2.Runtime\Dev2.Runtime.csproj]
C:\Program Files\dotnet\sdk\10.0.201\Microsoft.Common.CurrentVersion.targets(2451,5): warning MSB3277:             C:\Users\ultra\.nuget\packages\ironpython\3.4.0\lib\net6.0\IronPython.Wpf.dll [C:\Users\ultra\warewolf\Dev\Dev2.Runtime\Dev2.Runtime.csproj]
C:\Program Files\dotnet\sdk\10.0.201\Microsoft.Common.CurrentVersion.targets(2451,5): warning MSB3277:         C:\Users\ultra\.nuget\packages\microsoft.xaml.behaviors.wpf\1.1.19\lib\netcoreapp3.0\Microsoft.Xaml.Behaviors.dll [C:\Users\ultra\warewolf\Dev\Dev2.Runtime\Dev2.Runtime.csproj]
C:\Program Files\dotnet\sdk\10.0.201\Microsoft.Common.CurrentVersion.targets(2451,5): warning MSB3277:           Project file item includes which caused reference "C:\Users\ultra\.nuget\packages\microsoft.xaml.behaviors.wpf\1.1.19\lib\netcoreapp3.0\Microsoft.Xaml.Behaviors.dll". [C:\Users\ultra\warewolf\Dev\Dev2.Runtime\Dev2.Runtime.csproj]
C:\Program Files\dotnet\sdk\10.0.201\Microsoft.Common.CurrentVersion.targets(2451,5): warning MSB3277:             C:\Users\ultra\.nuget\packages\microsoft.xaml.behaviors.wpf\1.1.19\lib\netcoreapp3.0\Microsoft.Xaml.Behaviors.dll [C:\Users\ultra\warewolf\Dev\Dev2.Runtime\Dev2.Runtime.csproj]
C:\Program Files\dotnet\sdk\10.0.201\Microsoft.Common.CurrentVersion.targets(2451,5): warning MSB3277:             C:\Users\ultra\.nuget\packages\caliburn.micro\4.0.212\lib\netcoreapp3.1\Caliburn.Micro.Platform.dll [C:\Users\ultra\warewolf\Dev\Dev2.Runtime\Dev2.Runtime.csproj]
C:\Program Files\dotnet\sdk\10.0.201\Microsoft.Common.CurrentVersion.targets(2451,5): warning MSB3277:         C:\Users\ultra\.nuget\packages\reactiveui.wpf\18.4.1\lib\net462\ReactiveUI.Wpf.dll [C:\Users\ultra\warewolf\Dev\Dev2.Runtime\Dev2.Runtime.csproj]
C:\Program Files\dotnet\sdk\10.0.201\Microsoft.Common.CurrentVersion.targets(2451,5): warning MSB3277:           Project file item includes which caused reference "C:\Users\ultra\.nuget\packages\reactiveui.wpf\18.4.1\lib\net462\ReactiveUI.Wpf.dll". [C:\Users\ultra\warewolf\Dev\Dev2.Runtime\Dev2.Runtime.csproj]
C:\Program Files\dotnet\sdk\10.0.201\Microsoft.Common.CurrentVersion.targets(2451,5): warning MSB3277:             C:\Users\ultra\.nuget\packages\reactiveui.wpf\18.4.1\lib\net462\ReactiveUI.Wpf.dll [C:\Users\ultra\warewolf\Dev\Dev2.Runtime\Dev2.Runtime.csproj]
C:\Users\ultra\warewolf\Dev\Dev2.Runtime\ESB\Execution\RemoteWorkflowExecutionContainer.cs(235,35): warning SYSLIB0013: 'Uri.EscapeUriString(string)' is obsolete: 'Uri.EscapeUriString can corrupt the Uri string in some cases. Consider using Uri.EscapeDataString for query string components instead.' (https://aka.ms/dotnet-warnings/SYSLIB0013) [C:\Users\ultra\warewolf\Dev\Dev2.Runtime\Dev2.Runtime.csproj]
C:\Users\ultra\warewolf\Dev\Dev2.Runtime\ESB\Execution\RemoteWorkflowExecutionContainer.cs(301,39): warning SYSLIB0013: 'Uri.EscapeUriString(string)' is obsolete: 'Uri.EscapeUriString can corrupt the Uri string in some cases. Consider using Uri.EscapeDataString for query string components instead.' (https://aka.ms/dotnet-warnings/SYSLIB0013) [C:\Users\ultra\warewolf\Dev\Dev2.Runtime\Dev2.Runtime.csproj]
C:\Users\ultra\warewolf\Dev\Dev2.Runtime\ESB\Execution\WfExecutionContainer.cs(63,35): warning CC0067: Do not call overridable methods in constructors (https://code-cracker.github.io/diagnostics/CC0067.html) [C:\Users\ultra\warewolf\Dev\Dev2.Runtime\Dev2.Runtime.csproj]
C:\Users\ultra\warewolf\Dev\Dev2.Runtime\ESB\Execution\WfExecutionContainer.cs(578,33): warning CC0003: Consider adding an Exception to the catch. (https://code-cracker.github.io/diagnostics/CC0003.html) [C:\Users\ultra\warewolf\Dev\Dev2.Runtime\Dev2.Runtime.csproj]
C:\Users\ultra\warewolf\Dev\Dev2.Runtime\ESB\WF\XamlActivityHelper.cs(240,43): warning CC0057: Parameter 'instance' is not used. (https://code-cracker.github.io/diagnostics/CC0057.html) [C:\Users\ultra\warewolf\Dev\Dev2.Runtime\Dev2.Runtime.csproj]
C:\Users\ultra\warewolf\Dev\Dev2.Runtime\ESB\WF\XamlActivityHelper.cs(133,13): warning CC0004: Empty Catch Block. (https://code-cracker.github.io/diagnostics/CC0004.html) [C:\Users\ultra\warewolf\Dev\Dev2.Runtime\Dev2.Runtime.csproj]
C:\Users\ultra\warewolf\Dev\Dev2.Runtime\ESB\WF\XamlActivityHelper.cs(179,17): warning CC0004: Empty Catch Block. (https://code-cracker.github.io/diagnostics/CC0004.html) [C:\Users\ultra\warewolf\Dev\Dev2.Runtime\Dev2.Runtime.csproj]
C:\Users\ultra\warewolf\Dev\Dev2.Runtime\ESB\WF\XamlActivityHelper.cs(230,17): warning CC0004: Empty Catch Block. (https://code-cracker.github.io/diagnostics/CC0004.html) [C:\Users\ultra\warewolf\Dev\Dev2.Runtime\Dev2.Runtime.csproj]
C:\Users\ultra\warewolf\Dev\Dev2.Runtime\ESB\WF\XamlActivityHelper.cs(66,13): warning CC0004: Empty Catch Block. (https://code-cracker.github.io/diagnostics/CC0004.html) [C:\Users\ultra\warewolf\Dev\Dev2.Runtime\Dev2.Runtime.csproj]
C:\Users\ultra\warewolf\Dev\Dev2.Runtime\ESB\Execution\WfExecutionContainer.cs(819,17): warning CC0004: Empty Catch Block. (https://code-cracker.github.io/diagnostics/CC0004.html) [C:\Users\ultra\warewolf\Dev\Dev2.Runtime\Dev2.Runtime.csproj]
C:\Users\ultra\warewolf\Dev\Dev2.Runtime\ESB\Execution\WfExecutionContainer.cs(864,21): warning CC0004: Empty Catch Block. (https://code-cracker.github.io/diagnostics/CC0004.html) [C:\Users\ultra\warewolf\Dev\Dev2.Runtime\Dev2.Runtime.csproj]
C:\Users\ultra\warewolf\Dev\Dev2.Runtime\ESB\Execution\WfExecutionContainer.cs(774,37): warning CC0022: StateAuditLogger should be disposed. (https://code-cracker.github.io/diagnostics/CC0022.html) [C:\Users\ultra\warewolf\Dev\Dev2.Runtime\Dev2.Runtime.csproj]
  Dev2.Runtime -> C:\Users\ultra\warewolf\Dev\Dev2.Runtime\bin\Debug\net8.0\Dev2.Runtime.dll
C:\Users\ultra\warewolf\Dev\Dev2.Studio.Core\Activities\Services\DesignerManagementService.cs(75,13): warning CS0618: 'EventAggregatorExtensions.Subscribe(IEventAggregator, object)' is obsolete: 'Use SubscribeOnPublishedThread' [C:\Users\ultra\warewolf\Dev\Dev2.Studio.Core\Dev2.Studio.Core.csproj]
C:\Users\ultra\warewolf\Dev\Dev2.Studio.Core\AppResources\Converters\NullableBoolToBoolConverter.cs(31,45): warning CC0057: Parameter 'targetType' is not used. (https://code-cracker.github.io/diagnostics/CC0057.html) [C:\Users\ultra\warewolf\Dev\Dev2.Studio.Core\Dev2.Studio.Core.csproj]
C:\Users\ultra\warewolf\Dev\Dev2.Studio.Core\AppResources\Converters\NullableBoolToBoolConverter.cs(31,62): warning CC0057: Parameter 'parameter' is not used. (https://code-cracker.github.io/diagnostics/CC0057.html) [C:\Users\ultra\warewolf\Dev\Dev2.Studio.Core\Dev2.Studio.Core.csproj]
C:\Users\ultra\warewolf\Dev\Dev2.Studio.Core\AppResources\Converters\NullableBoolToBoolConverter.cs(31,80): warning CC0057: Parameter 'culture' is not used. (https://code-cracker.github.io/diagnostics/CC0057.html) [C:\Users\ultra\warewolf\Dev\Dev2.Studio.Core\Dev2.Studio.Core.csproj]
C:\Users\ultra\warewolf\Dev\Dev2.Studio.Core\AppResources\Converters\NullableBoolToBoolConverter.cs(41,23): warning CC0057: Parameter 'value' is not used. (https://code-cracker.github.io/diagnostics/CC0057.html) [C:\Users\ultra\warewolf\Dev\Dev2.Studio.Core\Dev2.Studio.Core.csproj]
C:\Users\ultra\warewolf\Dev\Dev2.Studio.Core\AppResources\Converters\NullableBoolToBoolConverter.cs(41,37): warning CC0057: Parameter 'targetType' is not used. (https://code-cracker.github.io/diagnostics/CC0057.html) [C:\Users\ultra\warewolf\Dev\Dev2.Studio.Core\Dev2.Studio.Core.csproj]
C:\Users\ultra\warewolf\Dev\Dev2.Studio.Core\AppResources\Converters\NullableBoolToBoolConverter.cs(41,54): warning CC0057: Parameter 'parameter' is not used. (https://code-cracker.github.io/diagnostics/CC0057.html) [C:\Users\ultra\warewolf\Dev\Dev2.Studio.Core\Dev2.Studio.Core.csproj]
C:\Users\ultra\warewolf\Dev\Dev2.Studio.Core\AppResources\Converters\NullableBoolToBoolConverter.cs(41,72): warning CC0057: Parameter 'culture' is not used. (https://code-cracker.github.io/diagnostics/CC0057.html) [C:\Users\ultra\warewolf\Dev\Dev2.Studio.Core\Dev2.Studio.Core.csproj]
C:\Users\ultra\warewolf\Dev\Dev2.Studio.Core\AppResources\Converters\ModelItemToActivityConverter.cs(31,42): warning CC0057: Parameter 'targetType' is not used. (https://code-cracker.github.io/diagnostics/CC0057.html) [C:\Users\ultra\warewolf\Dev\Dev2.Studio.Core\Dev2.Studio.Core.csproj]
C:\Users\ultra\warewolf\Dev\Dev2.Studio.Core\AppResources\Converters\ModelItemToActivityConverter.cs(31,59): warning CC0057: Parameter 'parameter' is not used. (https://code-cracker.github.io/diagnostics/CC0057.html) [C:\Users\ultra\warewolf\Dev\Dev2.Studio.Core\Dev2.Studio.Core.csproj]
C:\Users\ultra\warewolf\Dev\Dev2.Studio.Core\AppResources\Converters\ModelItemToActivityConverter.cs(31,77): warning CC0057: Parameter 'culture' is not used. (https://code-cracker.github.io/diagnostics/CC0057.html) [C:\Users\ultra\warewolf\Dev\Dev2.Studio.Core\Dev2.Studio.Core.csproj]
C:\Users\ultra\warewolf\Dev\Dev2.Studio.Core\AppResources\Converters\ModelItemToActivityConverter.cs(45,46): warning CC0057: Parameter 'targetType' is not used. (https://code-cracker.github.io/diagnostics/CC0057.html) [C:\Users\ultra\warewolf\Dev\Dev2.Studio.Core\Dev2.Studio.Core.csproj]
C:\Users\ultra\warewolf\Dev\Dev2.Studio.Core\AppResources\Converters\ModelItemToActivityConverter.cs(45,81): warning CC0057: Parameter 'culture' is not used. (https://code-cracker.github.io/diagnostics/CC0057.html) [C:\Users\ultra\warewolf\Dev\Dev2.Studio.Core\Dev2.Studio.Core.csproj]
C:\Users\ultra\warewolf\Dev\Dev2.Studio.Core\Diagnostics\DebugStateTreeViewItemViewModel.cs(119,13): warning CC0105: Use 'var' instead of specifying the type name. (https://code-cracker.github.io/diagnostics/CC0105.html) [C:\Users\ultra\warewolf\Dev\Dev2.Studio.Core\Dev2.Studio.Core.csproj]
C:\Users\ultra\warewolf\Dev\Dev2.Studio.Core\DataList\Dev2TrieSuggestionProvider.cs(180,13): warning CC0004: Empty Catch Block. (https://code-cracker.github.io/diagnostics/CC0004.html) [C:\Users\ultra\warewolf\Dev\Dev2.Studio.Core\Dev2.Studio.Core.csproj]
  Dev2.Studio.Core -> C:\Users\ultra\warewolf\Dev\Dev2.Studio.Core\bin\Debug\net8.0\Dev2.Studio.Core.dll
C:\Program Files\dotnet\sdk\10.0.201\Microsoft.Common.CurrentVersion.targets(2451,5): warning MSB3277: Found conflicts between different versions of "Microsoft.Win32.SystemEvents" that could not be resolved. [C:\Users\ultra\warewolf\Dev\Dev2.Intellisense\Dev2.Intellisense.csproj]
C:\Program Files\dotnet\sdk\10.0.201\Microsoft.Common.CurrentVersion.targets(2451,5): warning MSB3277: There was a conflict between "Microsoft.Win32.SystemEvents, Version=6.0.0.0, Culture=neutral, PublicKeyToken=cc7b13ffcd2ddd51" and "Microsoft.Win32.SystemEvents, Version=7.0.0.0, Culture=neutral, PublicKeyToken=cc7b13ffcd2ddd51". [C:\Users\ultra\warewolf\Dev\Dev2.Intellisense\Dev2.Intellisense.csproj]
C:\Program Files\dotnet\sdk\10.0.201\Microsoft.Common.CurrentVersion.targets(2451,5): warning MSB3277:     "Microsoft.Win32.SystemEvents, Version=6.0.0.0, Culture=neutral, PublicKeyToken=cc7b13ffcd2ddd51" was chosen because it was primary and "Microsoft.Win32.SystemEvents, Version=7.0.0.0, Culture=neutral, PublicKeyToken=cc7b13ffcd2ddd51" was not. [C:\Users\ultra\warewolf\Dev\Dev2.Intellisense\Dev2.Intellisense.csproj]
C:\Program Files\dotnet\sdk\10.0.201\Microsoft.Common.CurrentVersion.targets(2451,5): warning MSB3277:     References which depend on "Microsoft.Win32.SystemEvents, Version=6.0.0.0, Culture=neutral, PublicKeyToken=cc7b13ffcd2ddd51" [C:\Users\ultra\.nuget\packages\microsoft.win32.systemevents\6.0.0\lib\net6.0\Microsoft.Win32.SystemEvents.dll]. [C:\Users\ultra\warewolf\Dev\Dev2.Intellisense\Dev2.Intellisense.csproj]
C:\Program Files\dotnet\sdk\10.0.201\Microsoft.Common.CurrentVersion.targets(2451,5): warning MSB3277:         C:\Users\ultra\.nuget\packages\microsoft.win32.systemevents\6.0.0\lib\net6.0\Microsoft.Win32.SystemEvents.dll [C:\Users\ultra\warewolf\Dev\Dev2.Intellisense\Dev2.Intellisense.csproj]
C:\Program Files\dotnet\sdk\10.0.201\Microsoft.Common.CurrentVersion.targets(2451,5): warning MSB3277:           Project file item includes which caused reference "C:\Users\ultra\.nuget\packages\microsoft.win32.systemevents\6.0.0\lib\net6.0\Microsoft.Win32.SystemEvents.dll". [C:\Users\ultra\warewolf\Dev\Dev2.Intellisense\Dev2.Intellisense.csproj]
C:\Program Files\dotnet\sdk\10.0.201\Microsoft.Common.CurrentVersion.targets(2451,5): warning MSB3277:             C:\Users\ultra\.nuget\packages\microsoft.win32.systemevents\6.0.0\lib\net6.0\Microsoft.Win32.SystemEvents.dll [C:\Users\ultra\warewolf\Dev\Dev2.Intellisense\Dev2.Intellisense.csproj]
C:\Program Files\dotnet\sdk\10.0.201\Microsoft.Common.CurrentVersion.targets(2451,5): warning MSB3277:     References which depend on or have been unified to "Microsoft.Win32.SystemEvents, Version=7.0.0.0, Culture=neutral, PublicKeyToken=cc7b13ffcd2ddd51" []. [C:\Users\ultra\warewolf\Dev\Dev2.Intellisense\Dev2.Intellisense.csproj]
C:\Program Files\dotnet\sdk\10.0.201\Microsoft.Common.CurrentVersion.targets(2451,5): warning MSB3277:         C:\Users\ultra\warewolf\Dev\Dev2.Common\bin\Debug\net8.0\Dev2.Common.dll [C:\Users\ultra\warewolf\Dev\Dev2.Intellisense\Dev2.Intellisense.csproj]
C:\Program Files\dotnet\sdk\10.0.201\Microsoft.Common.CurrentVersion.targets(2451,5): warning MSB3277:           Project file item includes which caused reference "C:\Users\ultra\warewolf\Dev\Dev2.Common\bin\Debug\net8.0\Dev2.Common.dll". [C:\Users\ultra\warewolf\Dev\Dev2.Intellisense\Dev2.Intellisense.csproj]
C:\Program Files\dotnet\sdk\10.0.201\Microsoft.Common.CurrentVersion.targets(2451,5): warning MSB3277:             C:\Users\ultra\warewolf\Dev\Dev2.Common\bin\Debug\net8.0\Dev2.Common.dll [C:\Users\ultra\warewolf\Dev\Dev2.Intellisense\Dev2.Intellisense.csproj]
C:\Program Files\dotnet\sdk\10.0.201\Microsoft.Common.CurrentVersion.targets(2451,5): warning MSB3277:             C:\Users\ultra\warewolf\Dev\Dev2.Activities\bin\Debug\net8.0\Dev2.Activities.dll [C:\Users\ultra\warewolf\Dev\Dev2.Intellisense\Dev2.Intellisense.csproj]
C:\Program Files\dotnet\sdk\10.0.201\Microsoft.Common.CurrentVersion.targets(2451,5): warning MSB3277:             C:\Users\ultra\warewolf\Dev\Dev2.Core\bin\Debug\net8.0\Dev2.Core.dll [C:\Users\ultra\warewolf\Dev\Dev2.Intellisense\Dev2.Intellisense.csproj]
C:\Program Files\dotnet\sdk\10.0.201\Microsoft.Common.CurrentVersion.targets(2451,5): warning MSB3277:             C:\Users\ultra\warewolf\Dev\Dev2.Data\bin\Debug\net8.0\Dev2.Data.dll [C:\Users\ultra\warewolf\Dev\Dev2.Intellisense\Dev2.Intellisense.csproj]
C:\Program Files\dotnet\sdk\10.0.201\Microsoft.Common.CurrentVersion.targets(2451,5): warning MSB3277:             C:\Users\ultra\warewolf\Dev\Dev2.Infrastructure\bin\Debug\net8.0\Dev2.Infrastructure.dll [C:\Users\ultra\warewolf\Dev\Dev2.Intellisense\Dev2.Intellisense.csproj]
C:\Program Files\dotnet\sdk\10.0.201\Microsoft.Common.CurrentVersion.targets(2451,5): warning MSB3277:             C:\Users\ultra\warewolf\Dev\Dev2.Studio.Core\bin\Debug\net8.0\Dev2.Studio.Core.dll [C:\Users\ultra\warewolf\Dev\Dev2.Intellisense\Dev2.Intellisense.csproj]
C:\Program Files\dotnet\sdk\10.0.201\Microsoft.Common.CurrentVersion.targets(2451,5): warning MSB3277:             C:\Users\ultra\warewolf\Dev\Dev2.Studio.Interfaces\bin\Debug\net8.0\Dev2.Studio.Interfaces.dll [C:\Users\ultra\warewolf\Dev\Dev2.Intellisense\Dev2.Intellisense.csproj]
C:\Program Files\dotnet\sdk\10.0.201\Microsoft.Common.CurrentVersion.targets(2451,5): warning MSB3277:             C:\Users\ultra\warewolf\Dev\Warewolf.Studio.Core\bin\Debug\net8.0\Warewolf.Studio.Core.dll [C:\Users\ultra\warewolf\Dev\Dev2.Intellisense\Dev2.Intellisense.csproj]
C:\Program Files\dotnet\sdk\10.0.201\Microsoft.Common.CurrentVersion.targets(2451,5): warning MSB3277:             C:\Users\ultra\warewolf\Dev\Dev2.Development.Languages\bin\Debug\net8.0\Dev2.Development.Languages.dll [C:\Users\ultra\warewolf\Dev\Dev2.Intellisense\Dev2.Intellisense.csproj]
C:\Program Files\dotnet\sdk\10.0.201\Microsoft.Common.CurrentVersion.targets(2451,5): warning MSB3277:             C:\Users\ultra\warewolf\Dev\Dev2.Diagnostics\bin\Debug\net8.0\Dev2.Diagnostics.dll [C:\Users\ultra\warewolf\Dev\Dev2.Intellisense\Dev2.Intellisense.csproj]
C:\Program Files\dotnet\sdk\10.0.201\Microsoft.Common.CurrentVersion.targets(2451,5): warning MSB3277:             C:\Users\ultra\warewolf\Dev\Dev2.Runtime.Services\bin\Debug\net8.0\Dev2.Runtime.Services.dll [C:\Users\ultra\warewolf\Dev\Dev2.Intellisense\Dev2.Intellisense.csproj]
C:\Program Files\dotnet\sdk\10.0.201\Microsoft.Common.CurrentVersion.targets(2451,5): warning MSB3277:             C:\Users\ultra\warewolf\Dev\Dev2.Scheduler\bin\Debug\net8.0\Dev2.Scheduler.dll [C:\Users\ultra\warewolf\Dev\Dev2.Intellisense\Dev2.Intellisense.csproj]
C:\Program Files\dotnet\sdk\10.0.201\Microsoft.Common.CurrentVersion.targets(2451,5): warning MSB3277:             C:\Users\ultra\warewolf\Dev\Dev2.Services.Execution\bin\Debug\net8.0\Dev2.Services.Execution.dll [C:\Users\ultra\warewolf\Dev\Dev2.Intellisense\Dev2.Intellisense.csproj]
C:\Program Files\dotnet\sdk\10.0.201\Microsoft.Common.CurrentVersion.targets(2451,5): warning MSB3277:             C:\Users\ultra\warewolf\Dev\Dev2.Services.Sql\bin\Debug\net8.0\Dev2.Services.Sql.dll [C:\Users\ultra\warewolf\Dev\Dev2.Intellisense\Dev2.Intellisense.csproj]
C:\Program Files\dotnet\sdk\10.0.201\Microsoft.Common.CurrentVersion.targets(2451,5): warning MSB3277:             C:\Users\ultra\warewolf\Dev\Dev2.TaskScheduler.Wrappers\bin\Debug\net8.0\Dev2.TaskScheduler.Wrappers.dll [C:\Users\ultra\warewolf\Dev\Dev2.Intellisense\Dev2.Intellisense.csproj]
C:\Program Files\dotnet\sdk\10.0.201\Microsoft.Common.CurrentVersion.targets(2451,5): warning MSB3277:             C:\Users\ultra\warewolf\Dev\Dev2.Util\bin\Debug\net8.0\Dev2.Util.dll [C:\Users\ultra\warewolf\Dev\Dev2.Intellisense\Dev2.Intellisense.csproj]
C:\Program Files\dotnet\sdk\10.0.201\Microsoft.Common.CurrentVersion.targets(2451,5): warning MSB3277:             C:\Users\ultra\warewolf\Dev\Warewolf.AI.Harness\bin\Debug\net8.0\Warewolf.AI.Harness.dll [C:\Users\ultra\warewolf\Dev\Dev2.Intellisense\Dev2.Intellisense.csproj]
C:\Program Files\dotnet\sdk\10.0.201\Microsoft.Common.CurrentVersion.targets(2451,5): warning MSB3277:             C:\Users\ultra\warewolf\Dev\Warewolf.Auditing\bin\Debug\net8.0\Warewolf.Auditing.dll [C:\Users\ultra\warewolf\Dev\Dev2.Intellisense\Dev2.Intellisense.csproj]
C:\Program Files\dotnet\sdk\10.0.201\Microsoft.Common.CurrentVersion.targets(2451,5): warning MSB3277:             C:\Users\ultra\warewolf\Dev\Warewolf.Common.NetStandard20\bin\Debug\net8.0\Warewolf.Common.NetStandard20.dll [C:\Users\ultra\warewolf\Dev\Dev2.Intellisense\Dev2.Intellisense.csproj]
C:\Program Files\dotnet\sdk\10.0.201\Microsoft.Common.CurrentVersion.targets(2451,5): warning MSB3277:             C:\Users\ultra\warewolf\Dev\Warewolf.Core\bin\Debug\net8.0\Warewolf.Core.dll [C:\Users\ultra\warewolf\Dev\Dev2.Intellisense\Dev2.Intellisense.csproj]
C:\Program Files\dotnet\sdk\10.0.201\Microsoft.Common.CurrentVersion.targets(2451,5): warning MSB3277:             C:\Users\ultra\warewolf\Dev\Warewolf.Driver.Persistence\bin\Debug\net8.0\Warewolf.Driver.Persistence.dll [C:\Users\ultra\warewolf\Dev\Dev2.Intellisense\Dev2.Intellisense.csproj]
C:\Program Files\dotnet\sdk\10.0.201\Microsoft.Common.CurrentVersion.targets(2451,5): warning MSB3277:             C:\Users\ultra\warewolf\Dev\Warewolf.Driver.Serilog\bin\Debug\net8.0\Warewolf.Driver.Serilog.dll [C:\Users\ultra\warewolf\Dev\Dev2.Intellisense\Dev2.Intellisense.csproj]
C:\Program Files\dotnet\sdk\10.0.201\Microsoft.Common.CurrentVersion.targets(2451,5): warning MSB3277:             C:\Users\ultra\warewolf\Dev\Warewolf.Exchange.Email.Wrapper\bin\Debug\net8.0\Warewolf.Exchange.Email.Wrapper.dll [C:\Users\ultra\warewolf\Dev\Dev2.Intellisense\Dev2.Intellisense.csproj]
C:\Program Files\dotnet\sdk\10.0.201\Microsoft.Common.CurrentVersion.targets(2451,5): warning MSB3277:             C:\Users\ultra\warewolf\Dev\Warewolf.ResourceManagement\bin\Debug\net8.0\Warewolf.ResourceManagement.dll [C:\Users\ultra\warewolf\Dev\Dev2.Intellisense\Dev2.Intellisense.csproj]
C:\Program Files\dotnet\sdk\10.0.201\Microsoft.Common.CurrentVersion.targets(2451,5): warning MSB3277:             C:\Users\ultra\warewolf\Dev\Warewolf.Sharepoint\bin\Debug\net8.0\Warewolf.Sharepoint.dll [C:\Users\ultra\warewolf\Dev\Dev2.Intellisense\Dev2.Intellisense.csproj]
C:\Program Files\dotnet\sdk\10.0.201\Microsoft.Common.CurrentVersion.targets(2451,5): warning MSB3277:             C:\Users\ultra\warewolf\Dev\Warewolf.Storage\bin\Debug\net8.0\Warewolf.Storage.dll [C:\Users\ultra\warewolf\Dev\Dev2.Intellisense\Dev2.Intellisense.csproj]
C:\Program Files\dotnet\sdk\10.0.201\Microsoft.Common.CurrentVersion.targets(2451,5): warning MSB3277:         C:\Users\ultra\warewolf\Dev\Binaries\Infragistcs_Net6\InfragisticsWPF4.v15.1.dll [C:\Users\ultra\warewolf\Dev\Dev2.Intellisense\Dev2.Intellisense.csproj]
C:\Program Files\dotnet\sdk\10.0.201\Microsoft.Common.CurrentVersion.targets(2451,5): warning MSB3277:           Project file item includes which caused reference "C:\Users\ultra\warewolf\Dev\Binaries\Infragistcs_Net6\InfragisticsWPF4.v15.1.dll". [C:\Users\ultra\warewolf\Dev\Dev2.Intellisense\Dev2.Intellisense.csproj]
C:\Program Files\dotnet\sdk\10.0.201\Microsoft.Common.CurrentVersion.targets(2451,5): warning MSB3277:             InfragisticsWPF4.v15.1, Version=15.1.20151.2055, Culture=neutral, PublicKeyToken=7dd5c3163f2cd0cb, processorArchitecture=MSIL [C:\Users\ultra\warewolf\Dev\Dev2.Intellisense\Dev2.Intellisense.csproj]
C:\Program Files\dotnet\sdk\10.0.201\Microsoft.Common.CurrentVersion.targets(2451,5): warning MSB3277:             CalculationManager.WPF [C:\Users\ultra\warewolf\Dev\Dev2.Intellisense\Dev2.Intellisense.csproj]
C:\Program Files\dotnet\sdk\10.0.201\Microsoft.Common.CurrentVersion.targets(2451,5): warning MSB3277:             InfragisticsWPF4.Math.Calculators.v15.1, Version=15.1.20151.2055, Culture=neutral, PublicKeyToken=7dd5c3163f2cd0cb, processorArchitecture=MSIL [C:\Users\ultra\warewolf\Dev\Dev2.Intellisense\Dev2.Intellisense.csproj]
C:\Program Files\dotnet\sdk\10.0.201\Microsoft.Common.CurrentVersion.targets(2451,5): warning MSB3277:         C:\Users\ultra\.nuget\packages\timespan2\2.4.2\lib\netcoreapp3.1\TimeSpan2.dll [C:\Users\ultra\warewolf\Dev\Dev2.Intellisense\Dev2.Intellisense.csproj]
C:\Program Files\dotnet\sdk\10.0.201\Microsoft.Common.CurrentVersion.targets(2451,5): warning MSB3277:           Project file item includes which caused reference "C:\Users\ultra\.nuget\packages\timespan2\2.4.2\lib\netcoreapp3.1\TimeSpan2.dll". [C:\Users\ultra\warewolf\Dev\Dev2.Intellisense\Dev2.Intellisense.csproj]
C:\Program Files\dotnet\sdk\10.0.201\Microsoft.Common.CurrentVersion.targets(2451,5): warning MSB3277:             C:\Users\ultra\.nuget\packages\timespan2\2.4.2\lib\netcoreapp3.1\TimeSpan2.dll [C:\Users\ultra\warewolf\Dev\Dev2.Intellisense\Dev2.Intellisense.csproj]
C:\Program Files\dotnet\sdk\10.0.201\Microsoft.Common.CurrentVersion.targets(2451,5): warning MSB3277:             C:\Users\ultra\.nuget\packages\taskschedulereditor\2.10.1\lib\net452\Microsoft.Win32.TaskSchedulerEditor.dll [C:\Users\ultra\warewolf\Dev\Dev2.Intellisense\Dev2.Intellisense.csproj]
C:\Program Files\dotnet\sdk\10.0.201\Microsoft.Common.CurrentVersion.targets(2451,5): warning MSB3277:         C:\Program Files\dotnet\packs\Microsoft.NETCore.App.Ref\8.0.25\ref\net8.0\System.dll [C:\Users\ultra\warewolf\Dev\Dev2.Intellisense\Dev2.Intellisense.csproj]
C:\Program Files\dotnet\sdk\10.0.201\Microsoft.Common.CurrentVersion.targets(2451,5): warning MSB3277:           Project file item includes which caused reference "C:\Program Files\dotnet\packs\Microsoft.NETCore.App.Ref\8.0.25\ref\net8.0\System.dll". [C:\Users\ultra\warewolf\Dev\Dev2.Intellisense\Dev2.Intellisense.csproj]
C:\Program Files\dotnet\sdk\10.0.201\Microsoft.Common.CurrentVersion.targets(2451,5): warning MSB3277:             C:\Program Files\dotnet\packs\Microsoft.NETCore.App.Ref\8.0.25\ref/net8.0/System.dll [C:\Users\ultra\warewolf\Dev\Dev2.Intellisense\Dev2.Intellisense.csproj]
C:\Program Files\dotnet\sdk\10.0.201\Microsoft.Common.CurrentVersion.targets(2451,5): warning MSB3277:             C:\Users\ultra\.nuget\packages\aerowizard\2.3.1\lib\net45\AeroWizard.dll [C:\Users\ultra\warewolf\Dev\Dev2.Intellisense\Dev2.Intellisense.csproj]
C:\Program Files\dotnet\sdk\10.0.201\Microsoft.Common.CurrentVersion.targets(2451,5): warning MSB3277:             C:\Users\ultra\.nuget\packages\groupcontrols\1.9.0\lib\net45\GroupControls.dll [C:\Users\ultra\warewolf\Dev\Dev2.Intellisense\Dev2.Intellisense.csproj]
C:\Program Files\dotnet\sdk\10.0.201\Microsoft.Common.CurrentVersion.targets(2451,5): warning MSB3277:             C:\Users\ultra\.nuget\packages\microsoft.xaml.behaviors.wpf\1.1.122\lib\net462\Microsoft.Xaml.Behaviors.dll [C:\Users\ultra\warewolf\Dev\Dev2.Intellisense\Dev2.Intellisense.csproj]
C:\Program Files\dotnet\sdk\10.0.201\Microsoft.Common.CurrentVersion.targets(2451,5): warning MSB3277:             C:\Users\ultra\.nuget\packages\caliburn.micro\4.0.212\lib\netcoreapp3.1\Caliburn.Micro.Platform.dll [C:\Users\ultra\warewolf\Dev\Dev2.Intellisense\Dev2.Intellisense.csproj]
C:\Program Files\dotnet\sdk\10.0.201\Microsoft.Common.CurrentVersion.targets(2451,5): warning MSB3277:             C:\Users\ultra\.nuget\packages\prism.wpf\9.0.537\lib\net462\Prism.Wpf.dll [C:\Users\ultra\warewolf\Dev\Dev2.Intellisense\Dev2.Intellisense.csproj]
C:\Program Files\dotnet\sdk\10.0.201\Microsoft.Common.CurrentVersion.targets(2451,5): warning MSB3277:             C:\Users\ultra\.nuget\packages\reactiveui.wpf\18.4.1\lib\net462\ReactiveUI.Wpf.dll [C:\Users\ultra\warewolf\Dev\Dev2.Intellisense\Dev2.Intellisense.csproj]
C:\Program Files\dotnet\sdk\10.0.201\Microsoft.Common.CurrentVersion.targets(2451,5): warning MSB3277:             C:\Users\ultra\.nuget\packages\taskschedulereditor\2.10.1\lib\net452\Microsoft.Win32.TaskSchedulerEditor.dll [C:\Users\ultra\warewolf\Dev\Dev2.Intellisense\Dev2.Intellisense.csproj]
C:\Program Files\dotnet\sdk\10.0.201\Microsoft.Common.CurrentVersion.targets(2451,5): warning MSB3277:             C:\Users\ultra\.nuget\packages\ttcue.netcore.sharepointonline.csom.16.1.8029.1200\16.1.8029.1200\lib\netcoreapp2.0\Microsoft.SharePoint.Client.Runtime.Windows.dll [C:\Users\ultra\warewolf\Dev\Dev2.Intellisense\Dev2.Intellisense.csproj]
C:\Program Files\dotnet\sdk\10.0.201\Microsoft.Common.CurrentVersion.targets(2451,5): warning MSB3277: Found conflicts between different versions of "System.Security.Permissions" that could not be resolved. [C:\Users\ultra\warewolf\Dev\Dev2.Intellisense\Dev2.Intellisense.csproj]
C:\Program Files\dotnet\sdk\10.0.201\Microsoft.Common.CurrentVersion.targets(2451,5): warning MSB3277: There was a conflict between "System.Security.Permissions, Version=6.0.0.0, Culture=neutral, PublicKeyToken=cc7b13ffcd2ddd51" and "System.Security.Permissions, Version=7.0.0.0, Culture=neutral, PublicKeyToken=cc7b13ffcd2ddd51". [C:\Users\ultra\warewolf\Dev\Dev2.Intellisense\Dev2.Intellisense.csproj]
C:\Program Files\dotnet\sdk\10.0.201\Microsoft.Common.CurrentVersion.targets(2451,5): warning MSB3277:     "System.Security.Permissions, Version=6.0.0.0, Culture=neutral, PublicKeyToken=cc7b13ffcd2ddd51" was chosen because it was primary and "System.Security.Permissions, Version=7.0.0.0, Culture=neutral, PublicKeyToken=cc7b13ffcd2ddd51" was not. [C:\Users\ultra\warewolf\Dev\Dev2.Intellisense\Dev2.Intellisense.csproj]
C:\Program Files\dotnet\sdk\10.0.201\Microsoft.Common.CurrentVersion.targets(2451,5): warning MSB3277:     References which depend on "System.Security.Permissions, Version=6.0.0.0, Culture=neutral, PublicKeyToken=cc7b13ffcd2ddd51" [C:\Users\ultra\.nuget\packages\system.security.permissions\6.0.0\lib\net6.0\System.Security.Permissions.dll]. [C:\Users\ultra\warewolf\Dev\Dev2.Intellisense\Dev2.Intellisense.csproj]
C:\Program Files\dotnet\sdk\10.0.201\Microsoft.Common.CurrentVersion.targets(2451,5): warning MSB3277:         C:\Users\ultra\.nuget\packages\system.security.permissions\6.0.0\lib\net6.0\System.Security.Permissions.dll [C:\Users\ultra\warewolf\Dev\Dev2.Intellisense\Dev2.Intellisense.csproj]
C:\Program Files\dotnet\sdk\10.0.201\Microsoft.Common.CurrentVersion.targets(2451,5): warning MSB3277:           Project file item includes which caused reference "C:\Users\ultra\.nuget\packages\system.security.permissions\6.0.0\lib\net6.0\System.Security.Permissions.dll". [C:\Users\ultra\warewolf\Dev\Dev2.Intellisense\Dev2.Intellisense.csproj]
C:\Program Files\dotnet\sdk\10.0.201\Microsoft.Common.CurrentVersion.targets(2451,5): warning MSB3277:             C:\Users\ultra\.nuget\packages\system.security.permissions\6.0.0\lib\net6.0\System.Security.Permissions.dll [C:\Users\ultra\warewolf\Dev\Dev2.Intellisense\Dev2.Intellisense.csproj]
C:\Program Files\dotnet\sdk\10.0.201\Microsoft.Common.CurrentVersion.targets(2451,5): warning MSB3277:     References which depend on or have been unified to "System.Security.Permissions, Version=7.0.0.0, Culture=neutral, PublicKeyToken=cc7b13ffcd2ddd51" []. [C:\Users\ultra\warewolf\Dev\Dev2.Intellisense\Dev2.Intellisense.csproj]
C:\Program Files\dotnet\sdk\10.0.201\Microsoft.Common.CurrentVersion.targets(2451,5): warning MSB3277:         C:\Users\ultra\warewolf\Dev\Dev2.Data\bin\Debug\net8.0\Dev2.Data.dll [C:\Users\ultra\warewolf\Dev\Dev2.Intellisense\Dev2.Intellisense.csproj]
C:\Program Files\dotnet\sdk\10.0.201\Microsoft.Common.CurrentVersion.targets(2451,5): warning MSB3277:           Project file item includes which caused reference "C:\Users\ultra\warewolf\Dev\Dev2.Data\bin\Debug\net8.0\Dev2.Data.dll". [C:\Users\ultra\warewolf\Dev\Dev2.Intellisense\Dev2.Intellisense.csproj]
C:\Program Files\dotnet\sdk\10.0.201\Microsoft.Common.CurrentVersion.targets(2451,5): warning MSB3277:             C:\Users\ultra\warewolf\Dev\Dev2.Data\bin\Debug\net8.0\Dev2.Data.dll [C:\Users\ultra\warewolf\Dev\Dev2.Intellisense\Dev2.Intellisense.csproj]
C:\Program Files\dotnet\sdk\10.0.201\Microsoft.Common.CurrentVersion.targets(2451,5): warning MSB3277:             C:\Users\ultra\warewolf\Dev\Dev2.Activities\bin\Debug\net8.0\Dev2.Activities.dll [C:\Users\ultra\warewolf\Dev\Dev2.Intellisense\Dev2.Intellisense.csproj]
C:\Program Files\dotnet\sdk\10.0.201\Microsoft.Common.CurrentVersion.targets(2451,5): warning MSB3277:             C:\Users\ultra\warewolf\Dev\Dev2.Core\bin\Debug\net8.0\Dev2.Core.dll [C:\Users\ultra\warewolf\Dev\Dev2.Intellisense\Dev2.Intellisense.csproj]
C:\Program Files\dotnet\sdk\10.0.201\Microsoft.Common.CurrentVersion.targets(2451,5): warning MSB3277:             C:\Users\ultra\warewolf\Dev\Dev2.Studio.Core\bin\Debug\net8.0\Dev2.Studio.Core.dll [C:\Users\ultra\warewolf\Dev\Dev2.Intellisense\Dev2.Intellisense.csproj]
C:\Program Files\dotnet\sdk\10.0.201\Microsoft.Common.CurrentVersion.targets(2451,5): warning MSB3277:             C:\Users\ultra\warewolf\Dev\Dev2.Studio.Interfaces\bin\Debug\net8.0\Dev2.Studio.Interfaces.dll [C:\Users\ultra\warewolf\Dev\Dev2.Intellisense\Dev2.Intellisense.csproj]
C:\Program Files\dotnet\sdk\10.0.201\Microsoft.Common.CurrentVersion.targets(2451,5): warning MSB3277:             C:\Users\ultra\warewolf\Dev\Warewolf.Studio.Core\bin\Debug\net8.0\Warewolf.Studio.Core.dll [C:\Users\ultra\warewolf\Dev\Dev2.Intellisense\Dev2.Intellisense.csproj]
C:\Program Files\dotnet\sdk\10.0.201\Microsoft.Common.CurrentVersion.targets(2451,5): warning MSB3277:             C:\Users\ultra\warewolf\Dev\Dev2.Runtime.Services\bin\Debug\net8.0\Dev2.Runtime.Services.dll [C:\Users\ultra\warewolf\Dev\Dev2.Intellisense\Dev2.Intellisense.csproj]
C:\Program Files\dotnet\sdk\10.0.201\Microsoft.Common.CurrentVersion.targets(2451,5): warning MSB3277:             C:\Users\ultra\warewolf\Dev\Dev2.Scheduler\bin\Debug\net8.0\Dev2.Scheduler.dll [C:\Users\ultra\warewolf\Dev\Dev2.Intellisense\Dev2.Intellisense.csproj]
C:\Program Files\dotnet\sdk\10.0.201\Microsoft.Common.CurrentVersion.targets(2451,5): warning MSB3277:             C:\Users\ultra\warewolf\Dev\Dev2.Services.Execution\bin\Debug\net8.0\Dev2.Services.Execution.dll [C:\Users\ultra\warewolf\Dev\Dev2.Intellisense\Dev2.Intellisense.csproj]
C:\Program Files\dotnet\sdk\10.0.201\Microsoft.Common.CurrentVersion.targets(2451,5): warning MSB3277:             C:\Users\ultra\warewolf\Dev\Warewolf.Auditing\bin\Debug\net8.0\Warewolf.Auditing.dll [C:\Users\ultra\warewolf\Dev\Dev2.Intellisense\Dev2.Intellisense.csproj]
C:\Program Files\dotnet\sdk\10.0.201\Microsoft.Common.CurrentVersion.targets(2451,5): warning MSB3277:             C:\Users\ultra\warewolf\Dev\Warewolf.Common.NetStandard20\bin\Debug\net8.0\Warewolf.Common.NetStandard20.dll [C:\Users\ultra\warewolf\Dev\Dev2.Intellisense\Dev2.Intellisense.csproj]
C:\Program Files\dotnet\sdk\10.0.201\Microsoft.Common.CurrentVersion.targets(2451,5): warning MSB3277:             C:\Users\ultra\warewolf\Dev\Warewolf.Core\bin\Debug\net8.0\Warewolf.Core.dll [C:\Users\ultra\warewolf\Dev\Dev2.Intellisense\Dev2.Intellisense.csproj]
C:\Program Files\dotnet\sdk\10.0.201\Microsoft.Common.CurrentVersion.targets(2451,5): warning MSB3277:             C:\Users\ultra\warewolf\Dev\Warewolf.Driver.Persistence\bin\Debug\net8.0\Warewolf.Driver.Persistence.dll [C:\Users\ultra\warewolf\Dev\Dev2.Intellisense\Dev2.Intellisense.csproj]
C:\Program Files\dotnet\sdk\10.0.201\Microsoft.Common.CurrentVersion.targets(2451,5): warning MSB3277:             C:\Users\ultra\warewolf\Dev\Warewolf.Exchange.Email.Wrapper\bin\Debug\net8.0\Warewolf.Exchange.Email.Wrapper.dll [C:\Users\ultra\warewolf\Dev\Dev2.Intellisense\Dev2.Intellisense.csproj]
C:\Program Files\dotnet\sdk\10.0.201\Microsoft.Common.CurrentVersion.targets(2451,5): warning MSB3277:             C:\Users\ultra\warewolf\Dev\Warewolf.ResourceManagement\bin\Debug\net8.0\Warewolf.ResourceManagement.dll [C:\Users\ultra\warewolf\Dev\Dev2.Intellisense\Dev2.Intellisense.csproj]
C:\Program Files\dotnet\sdk\10.0.201\Microsoft.Common.CurrentVersion.targets(2451,5): warning MSB3277:         C:\Users\ultra\warewolf\Dev\Binaries\Infragistcs_Net6\InfragisticsWPF4.v15.1.dll [C:\Users\ultra\warewolf\Dev\Dev2.Intellisense\Dev2.Intellisense.csproj]
C:\Program Files\dotnet\sdk\10.0.201\Microsoft.Common.CurrentVersion.targets(2451,5): warning MSB3277:           Project file item includes which caused reference "C:\Users\ultra\warewolf\Dev\Binaries\Infragistcs_Net6\InfragisticsWPF4.v15.1.dll". [C:\Users\ultra\warewolf\Dev\Dev2.Intellisense\Dev2.Intellisense.csproj]
C:\Program Files\dotnet\sdk\10.0.201\Microsoft.Common.CurrentVersion.targets(2451,5): warning MSB3277:             InfragisticsWPF4.v15.1, Version=15.1.20151.2055, Culture=neutral, PublicKeyToken=7dd5c3163f2cd0cb, processorArchitecture=MSIL [C:\Users\ultra\warewolf\Dev\Dev2.Intellisense\Dev2.Intellisense.csproj]
C:\Program Files\dotnet\sdk\10.0.201\Microsoft.Common.CurrentVersion.targets(2451,5): warning MSB3277:             CalculationManager.WPF [C:\Users\ultra\warewolf\Dev\Dev2.Intellisense\Dev2.Intellisense.csproj]
C:\Program Files\dotnet\sdk\10.0.201\Microsoft.Common.CurrentVersion.targets(2451,5): warning MSB3277:             InfragisticsWPF4.Math.Calculators.v15.1, Version=15.1.20151.2055, Culture=neutral, PublicKeyToken=7dd5c3163f2cd0cb, processorArchitecture=MSIL [C:\Users\ultra\warewolf\Dev\Dev2.Intellisense\Dev2.Intellisense.csproj]
C:\Program Files\dotnet\sdk\10.0.201\Microsoft.Common.CurrentVersion.targets(2451,5): warning MSB3277:         C:\Users\ultra\.nuget\packages\dotnetzip\1.16.0\lib\netstandard2.0\DotNetZip.dll [C:\Users\ultra\warewolf\Dev\Dev2.Intellisense\Dev2.Intellisense.csproj]
C:\Program Files\dotnet\sdk\10.0.201\Microsoft.Common.CurrentVersion.targets(2451,5): warning MSB3277:           Project file item includes which caused reference "C:\Users\ultra\.nuget\packages\dotnetzip\1.16.0\lib\netstandard2.0\DotNetZip.dll". [C:\Users\ultra\warewolf\Dev\Dev2.Intellisense\Dev2.Intellisense.csproj]
C:\Program Files\dotnet\sdk\10.0.201\Microsoft.Common.CurrentVersion.targets(2451,5): warning MSB3277:             C:\Users\ultra\.nuget\packages\dotnetzip\1.16.0\lib\netstandard2.0\DotNetZip.dll [C:\Users\ultra\warewolf\Dev\Dev2.Intellisense\Dev2.Intellisense.csproj]
C:\Program Files\dotnet\sdk\10.0.201\Microsoft.Common.CurrentVersion.targets(2451,5): warning MSB3277:             C:\Users\ultra\warewolf\Dev\Dev2.Common\bin\Debug\net8.0\Dev2.Common.dll [C:\Users\ultra\warewolf\Dev\Dev2.Intellisense\Dev2.Intellisense.csproj]
C:\Program Files\dotnet\sdk\10.0.201\Microsoft.Common.CurrentVersion.targets(2451,5): warning MSB3277:             C:\Users\ultra\warewolf\Dev\Dev2.Activities\bin\Debug\net8.0\Dev2.Activities.dll [C:\Users\ultra\warewolf\Dev\Dev2.Intellisense\Dev2.Intellisense.csproj]
C:\Program Files\dotnet\sdk\10.0.201\Microsoft.Common.CurrentVersion.targets(2451,5): warning MSB3277:             C:\Users\ultra\warewolf\Dev\Dev2.Core\bin\Debug\net8.0\Dev2.Core.dll [C:\Users\ultra\warewolf\Dev\Dev2.Intellisense\Dev2.Intellisense.csproj]
C:\Program Files\dotnet\sdk\10.0.201\Microsoft.Common.CurrentVersion.targets(2451,5): warning MSB3277:             C:\Users\ultra\warewolf\Dev\Dev2.Data.Interfaces\bin\Debug\net8.0\Dev2.Data.Interfaces.dll [C:\Users\ultra\warewolf\Dev\Dev2.Intellisense\Dev2.Intellisense.csproj]
C:\Program Files\dotnet\sdk\10.0.201\Microsoft.Common.CurrentVersion.targets(2451,5): warning MSB3277:             C:\Users\ultra\warewolf\Dev\Dev2.Data\bin\Debug\net8.0\Dev2.Data.dll [C:\Users\ultra\warewolf\Dev\Dev2.Intellisense\Dev2.Intellisense.csproj]
C:\Program Files\dotnet\sdk\10.0.201\Microsoft.Common.CurrentVersion.targets(2451,5): warning MSB3277:             C:\Users\ultra\warewolf\Dev\Dev2.Infrastructure\bin\Debug\net8.0\Dev2.Infrastructure.dll [C:\Users\ultra\warewolf\Dev\Dev2.Intellisense\Dev2.Intellisense.csproj]
C:\Program Files\dotnet\sdk\10.0.201\Microsoft.Common.CurrentVersion.targets(2451,5): warning MSB3277:             C:\Users\ultra\warewolf\Dev\Dev2.Studio.Core\bin\Debug\net8.0\Dev2.Studio.Core.dll [C:\Users\ultra\warewolf\Dev\Dev2.Intellisense\Dev2.Intellisense.csproj]
C:\Program Files\dotnet\sdk\10.0.201\Microsoft.Common.CurrentVersion.targets(2451,5): warning MSB3277:             C:\Users\ultra\warewolf\Dev\Dev2.Studio.Interfaces\bin\Debug\net8.0\Dev2.Studio.Interfaces.dll [C:\Users\ultra\warewolf\Dev\Dev2.Intellisense\Dev2.Intellisense.csproj]
C:\Program Files\dotnet\sdk\10.0.201\Microsoft.Common.CurrentVersion.targets(2451,5): warning MSB3277:             C:\Users\ultra\warewolf\Dev\Warewolf.Studio.Core\bin\Debug\net8.0\Warewolf.Studio.Core.dll [C:\Users\ultra\warewolf\Dev\Dev2.Intellisense\Dev2.Intellisense.csproj]
C:\Program Files\dotnet\sdk\10.0.201\Microsoft.Common.CurrentVersion.targets(2451,5): warning MSB3277:             C:\Users\ultra\warewolf\Dev\Dev2.Development.Languages\bin\Debug\net8.0\Dev2.Development.Languages.dll [C:\Users\ultra\warewolf\Dev\Dev2.Intellisense\Dev2.Intellisense.csproj]
C:\Program Files\dotnet\sdk\10.0.201\Microsoft.Common.CurrentVersion.targets(2451,5): warning MSB3277:             C:\Users\ultra\warewolf\Dev\Dev2.Diagnostics\bin\Debug\net8.0\Dev2.Diagnostics.dll [C:\Users\ultra\warewolf\Dev\Dev2.Intellisense\Dev2.Intellisense.csproj]
C:\Program Files\dotnet\sdk\10.0.201\Microsoft.Common.CurrentVersion.targets(2451,5): warning MSB3277:             C:\Users\ultra\warewolf\Dev\Dev2.Runtime.Services\bin\Debug\net8.0\Dev2.Runtime.Services.dll [C:\Users\ultra\warewolf\Dev\Dev2.Intellisense\Dev2.Intellisense.csproj]
C:\Program Files\dotnet\sdk\10.0.201\Microsoft.Common.CurrentVersion.targets(2451,5): warning MSB3277:             C:\Users\ultra\warewolf\Dev\Dev2.Scheduler\bin\Debug\net8.0\Dev2.Scheduler.dll [C:\Users\ultra\warewolf\Dev\Dev2.Intellisense\Dev2.Intellisense.csproj]
C:\Program Files\dotnet\sdk\10.0.201\Microsoft.Common.CurrentVersion.targets(2451,5): warning MSB3277:             C:\Users\ultra\warewolf\Dev\Dev2.Services.Execution\bin\Debug\net8.0\Dev2.Services.Execution.dll [C:\Users\ultra\warewolf\Dev\Dev2.Intellisense\Dev2.Intellisense.csproj]
C:\Program Files\dotnet\sdk\10.0.201\Microsoft.Common.CurrentVersion.targets(2451,5): warning MSB3277:             C:\Users\ultra\warewolf\Dev\Dev2.Services.Sql\bin\Debug\net8.0\Dev2.Services.Sql.dll [C:\Users\ultra\warewolf\Dev\Dev2.Intellisense\Dev2.Intellisense.csproj]
C:\Program Files\dotnet\sdk\10.0.201\Microsoft.Common.CurrentVersion.targets(2451,5): warning MSB3277:             C:\Users\ultra\warewolf\Dev\Dev2.TaskScheduler.Wrappers\bin\Debug\net8.0\Dev2.TaskScheduler.Wrappers.dll [C:\Users\ultra\warewolf\Dev\Dev2.Intellisense\Dev2.Intellisense.csproj]
C:\Program Files\dotnet\sdk\10.0.201\Microsoft.Common.CurrentVersion.targets(2451,5): warning MSB3277:             C:\Users\ultra\warewolf\Dev\Dev2.Util\bin\Debug\net8.0\Dev2.Util.dll [C:\Users\ultra\warewolf\Dev\Dev2.Intellisense\Dev2.Intellisense.csproj]
C:\Program Files\dotnet\sdk\10.0.201\Microsoft.Common.CurrentVersion.targets(2451,5): warning MSB3277:             C:\Users\ultra\warewolf\Dev\Warewolf.AI.Harness\bin\Debug\net8.0\Warewolf.AI.Harness.dll [C:\Users\ultra\warewolf\Dev\Dev2.Intellisense\Dev2.Intellisense.csproj]
C:\Program Files\dotnet\sdk\10.0.201\Microsoft.Common.CurrentVersion.targets(2451,5): warning MSB3277:             C:\Users\ultra\warewolf\Dev\Warewolf.Auditing\bin\Debug\net8.0\Warewolf.Auditing.dll [C:\Users\ultra\warewolf\Dev\Dev2.Intellisense\Dev2.Intellisense.csproj]
C:\Program Files\dotnet\sdk\10.0.201\Microsoft.Common.CurrentVersion.targets(2451,5): warning MSB3277:             C:\Users\ultra\warewolf\Dev\Warewolf.Common.NetStandard20\bin\Debug\net8.0\Warewolf.Common.NetStandard20.dll [C:\Users\ultra\warewolf\Dev\Dev2.Intellisense\Dev2.Intellisense.csproj]
C:\Program Files\dotnet\sdk\10.0.201\Microsoft.Common.CurrentVersion.targets(2451,5): warning MSB3277:             C:\Users\ultra\warewolf\Dev\Warewolf.Core\bin\Debug\net8.0\Warewolf.Core.dll [C:\Users\ultra\warewolf\Dev\Dev2.Intellisense\Dev2.Intellisense.csproj]
C:\Program Files\dotnet\sdk\10.0.201\Microsoft.Common.CurrentVersion.targets(2451,5): warning MSB3277:             C:\Users\ultra\warewolf\Dev\Warewolf.Driver.Persistence\bin\Debug\net8.0\Warewolf.Driver.Persistence.dll [C:\Users\ultra\warewolf\Dev\Dev2.Intellisense\Dev2.Intellisense.csproj]
C:\Program Files\dotnet\sdk\10.0.201\Microsoft.Common.CurrentVersion.targets(2451,5): warning MSB3277:             C:\Users\ultra\warewolf\Dev\Warewolf.Driver.Serilog\bin\Debug\net8.0\Warewolf.Driver.Serilog.dll [C:\Users\ultra\warewolf\Dev\Dev2.Intellisense\Dev2.Intellisense.csproj]
C:\Program Files\dotnet\sdk\10.0.201\Microsoft.Common.CurrentVersion.targets(2451,5): warning MSB3277:             C:\Users\ultra\warewolf\Dev\Warewolf.Exchange.Email.Wrapper\bin\Debug\net8.0\Warewolf.Exchange.Email.Wrapper.dll [C:\Users\ultra\warewolf\Dev\Dev2.Intellisense\Dev2.Intellisense.csproj]
C:\Program Files\dotnet\sdk\10.0.201\Microsoft.Common.CurrentVersion.targets(2451,5): warning MSB3277:             C:\Users\ultra\warewolf\Dev\Warewolf.ResourceManagement\bin\Debug\net8.0\Warewolf.ResourceManagement.dll [C:\Users\ultra\warewolf\Dev\Dev2.Intellisense\Dev2.Intellisense.csproj]
C:\Program Files\dotnet\sdk\10.0.201\Microsoft.Common.CurrentVersion.targets(2451,5): warning MSB3277:             C:\Users\ultra\warewolf\Dev\Warewolf.Sharepoint\bin\Debug\net8.0\Warewolf.Sharepoint.dll [C:\Users\ultra\warewolf\Dev\Dev2.Intellisense\Dev2.Intellisense.csproj]
C:\Program Files\dotnet\sdk\10.0.201\Microsoft.Common.CurrentVersion.targets(2451,5): warning MSB3277:             C:\Users\ultra\warewolf\Dev\Warewolf.Storage\bin\Debug\net8.0\Warewolf.Storage.dll [C:\Users\ultra\warewolf\Dev\Dev2.Intellisense\Dev2.Intellisense.csproj]
C:\Program Files\dotnet\sdk\10.0.201\Microsoft.Common.CurrentVersion.targets(2451,5): warning MSB3277:         C:\Users\ultra\.nuget\packages\mindbox.data.linq\5.0.0\lib\netstandard2.0\Mindbox.Data.Linq.dll [C:\Users\ultra\warewolf\Dev\Dev2.Intellisense\Dev2.Intellisense.csproj]
C:\Program Files\dotnet\sdk\10.0.201\Microsoft.Common.CurrentVersion.targets(2451,5): warning MSB3277:           Project file item includes which caused reference "C:\Users\ultra\.nuget\packages\mindbox.data.linq\5.0.0\lib\netstandard2.0\Mindbox.Data.Linq.dll". [C:\Users\ultra\warewolf\Dev\Dev2.Intellisense\Dev2.Intellisense.csproj]
C:\Program Files\dotnet\sdk\10.0.201\Microsoft.Common.CurrentVersion.targets(2451,5): warning MSB3277:             C:\Users\ultra\.nuget\packages\mindbox.data.linq\5.0.0\lib\netstandard2.0\Mindbox.Data.Linq.dll [C:\Users\ultra\warewolf\Dev\Dev2.Intellisense\Dev2.Intellisense.csproj]
C:\Program Files\dotnet\sdk\10.0.201\Microsoft.Common.CurrentVersion.targets(2451,5): warning MSB3277:             C:\Users\ultra\warewolf\Dev\Warewolf.Auditing\bin\Debug\net8.0\Warewolf.Auditing.dll [C:\Users\ultra\warewolf\Dev\Dev2.Intellisense\Dev2.Intellisense.csproj]
C:\Program Files\dotnet\sdk\10.0.201\Microsoft.Common.CurrentVersion.targets(2451,5): warning MSB3277:             C:\Users\ultra\warewolf\Dev\Dev2.Activities\bin\Debug\net8.0\Dev2.Activities.dll [C:\Users\ultra\warewolf\Dev\Dev2.Intellisense\Dev2.Intellisense.csproj]
C:\Program Files\dotnet\sdk\10.0.201\Microsoft.Common.CurrentVersion.targets(2451,5): warning MSB3277:             C:\Users\ultra\warewolf\Dev\Dev2.Studio.Core\bin\Debug\net8.0\Dev2.Studio.Core.dll [C:\Users\ultra\warewolf\Dev\Dev2.Intellisense\Dev2.Intellisense.csproj]
C:\Program Files\dotnet\sdk\10.0.201\Microsoft.Common.CurrentVersion.targets(2451,5): warning MSB3277:             C:\Users\ultra\warewolf\Dev\Dev2.Runtime.Services\bin\Debug\net8.0\Dev2.Runtime.Services.dll [C:\Users\ultra\warewolf\Dev\Dev2.Intellisense\Dev2.Intellisense.csproj]
C:\Program Files\dotnet\sdk\10.0.201\Microsoft.Common.CurrentVersion.targets(2451,5): warning MSB3277:             C:\Users\ultra\warewolf\Dev\Dev2.Studio.Interfaces\bin\Debug\net8.0\Dev2.Studio.Interfaces.dll [C:\Users\ultra\warewolf\Dev\Dev2.Intellisense\Dev2.Intellisense.csproj]
C:\Program Files\dotnet\sdk\10.0.201\Microsoft.Common.CurrentVersion.targets(2451,5): warning MSB3277:             C:\Users\ultra\warewolf\Dev\Warewolf.Studio.Core\bin\Debug\net8.0\Warewolf.Studio.Core.dll [C:\Users\ultra\warewolf\Dev\Dev2.Intellisense\Dev2.Intellisense.csproj]
C:\Program Files\dotnet\sdk\10.0.201\Microsoft.Common.CurrentVersion.targets(2451,5): warning MSB3277:             C:\Users\ultra\warewolf\Dev\Dev2.Services.Execution\bin\Debug\net8.0\Dev2.Services.Execution.dll [C:\Users\ultra\warewolf\Dev\Dev2.Intellisense\Dev2.Intellisense.csproj]
C:\Program Files\dotnet\sdk\10.0.201\Microsoft.Common.CurrentVersion.targets(2451,5): warning MSB3277:             C:\Users\ultra\warewolf\Dev\Warewolf.Common.NetStandard20\bin\Debug\net8.0\Warewolf.Common.NetStandard20.dll [C:\Users\ultra\warewolf\Dev\Dev2.Intellisense\Dev2.Intellisense.csproj]
C:\Program Files\dotnet\sdk\10.0.201\Microsoft.Common.CurrentVersion.targets(2451,5): warning MSB3277:             C:\Users\ultra\warewolf\Dev\Warewolf.Driver.Persistence\bin\Debug\net8.0\Warewolf.Driver.Persistence.dll [C:\Users\ultra\warewolf\Dev\Dev2.Intellisense\Dev2.Intellisense.csproj]
C:\Program Files\dotnet\sdk\10.0.201\Microsoft.Common.CurrentVersion.targets(2451,5): warning MSB3277:         C:\Users\ultra\.nuget\packages\mysql.data\8.4.0\lib\net8.0\MySql.Data.dll [C:\Users\ultra\warewolf\Dev\Dev2.Intellisense\Dev2.Intellisense.csproj]
C:\Program Files\dotnet\sdk\10.0.201\Microsoft.Common.CurrentVersion.targets(2451,5): warning MSB3277:           Project file item includes which caused reference "C:\Users\ultra\.nuget\packages\mysql.data\8.4.0\lib\net8.0\MySql.Data.dll". [C:\Users\ultra\warewolf\Dev\Dev2.Intellisense\Dev2.Intellisense.csproj]
C:\Program Files\dotnet\sdk\10.0.201\Microsoft.Common.CurrentVersion.targets(2451,5): warning MSB3277:             C:\Users\ultra\.nuget\packages\mysql.data\8.4.0\lib\net8.0\MySql.Data.dll [C:\Users\ultra\warewolf\Dev\Dev2.Intellisense\Dev2.Intellisense.csproj]
C:\Program Files\dotnet\sdk\10.0.201\Microsoft.Common.CurrentVersion.targets(2451,5): warning MSB3277:             C:\Users\ultra\warewolf\Dev\Dev2.Activities\bin\Debug\net8.0\Dev2.Activities.dll [C:\Users\ultra\warewolf\Dev\Dev2.Intellisense\Dev2.Intellisense.csproj]
C:\Program Files\dotnet\sdk\10.0.201\Microsoft.Common.CurrentVersion.targets(2451,5): warning MSB3277:             C:\Users\ultra\warewolf\Dev\Dev2.Studio.Core\bin\Debug\net8.0\Dev2.Studio.Core.dll [C:\Users\ultra\warewolf\Dev\Dev2.Intellisense\Dev2.Intellisense.csproj]
C:\Program Files\dotnet\sdk\10.0.201\Microsoft.Common.CurrentVersion.targets(2451,5): warning MSB3277:             C:\Users\ultra\warewolf\Dev\Dev2.Runtime.Services\bin\Debug\net8.0\Dev2.Runtime.Services.dll [C:\Users\ultra\warewolf\Dev\Dev2.Intellisense\Dev2.Intellisense.csproj]
C:\Program Files\dotnet\sdk\10.0.201\Microsoft.Common.CurrentVersion.targets(2451,5): warning MSB3277:             C:\Users\ultra\warewolf\Dev\Dev2.Studio.Interfaces\bin\Debug\net8.0\Dev2.Studio.Interfaces.dll [C:\Users\ultra\warewolf\Dev\Dev2.Intellisense\Dev2.Intellisense.csproj]
C:\Program Files\dotnet\sdk\10.0.201\Microsoft.Common.CurrentVersion.targets(2451,5): warning MSB3277:             C:\Users\ultra\warewolf\Dev\Warewolf.Studio.Core\bin\Debug\net8.0\Warewolf.Studio.Core.dll [C:\Users\ultra\warewolf\Dev\Dev2.Intellisense\Dev2.Intellisense.csproj]
C:\Program Files\dotnet\sdk\10.0.201\Microsoft.Common.CurrentVersion.targets(2451,5): warning MSB3277:             C:\Users\ultra\warewolf\Dev\Dev2.Services.Execution\bin\Debug\net8.0\Dev2.Services.Execution.dll [C:\Users\ultra\warewolf\Dev\Dev2.Intellisense\Dev2.Intellisense.csproj]
C:\Program Files\dotnet\sdk\10.0.201\Microsoft.Common.CurrentVersion.targets(2451,5): warning MSB3277:             C:\Users\ultra\warewolf\Dev\Dev2.Services.Sql\bin\Debug\net8.0\Dev2.Services.Sql.dll [C:\Users\ultra\warewolf\Dev\Dev2.Intellisense\Dev2.Intellisense.csproj]
C:\Program Files\dotnet\sdk\10.0.201\Microsoft.Common.CurrentVersion.targets(2451,5): warning MSB3277:             C:\Users\ultra\warewolf\Dev\Warewolf.Driver.Persistence\bin\Debug\net8.0\Warewolf.Driver.Persistence.dll [C:\Users\ultra\warewolf\Dev\Dev2.Intellisense\Dev2.Intellisense.csproj]
C:\Program Files\dotnet\sdk\10.0.201\Microsoft.Common.CurrentVersion.targets(2451,5): warning MSB3277:         C:\Users\ultra\.nuget\packages\oracle.manageddataaccess.core\3.21.70\lib\netstandard2.1\Oracle.ManagedDataAccess.dll [C:\Users\ultra\warewolf\Dev\Dev2.Intellisense\Dev2.Intellisense.csproj]
C:\Program Files\dotnet\sdk\10.0.201\Microsoft.Common.CurrentVersion.targets(2451,5): warning MSB3277:           Project file item includes which caused reference "C:\Users\ultra\.nuget\packages\oracle.manageddataaccess.core\3.21.70\lib\netstandard2.1\Oracle.ManagedDataAccess.dll". [C:\Users\ultra\warewolf\Dev\Dev2.Intellisense\Dev2.Intellisense.csproj]
C:\Program Files\dotnet\sdk\10.0.201\Microsoft.Common.CurrentVersion.targets(2451,5): warning MSB3277:             C:\Users\ultra\.nuget\packages\oracle.manageddataaccess.core\3.21.70\lib\netstandard2.1\Oracle.ManagedDataAccess.dll [C:\Users\ultra\warewolf\Dev\Dev2.Intellisense\Dev2.Intellisense.csproj]
C:\Program Files\dotnet\sdk\10.0.201\Microsoft.Common.CurrentVersion.targets(2451,5): warning MSB3277:             C:\Users\ultra\warewolf\Dev\Dev2.Runtime.Services\bin\Debug\net8.0\Dev2.Runtime.Services.dll [C:\Users\ultra\warewolf\Dev\Dev2.Intellisense\Dev2.Intellisense.csproj]
C:\Program Files\dotnet\sdk\10.0.201\Microsoft.Common.CurrentVersion.targets(2451,5): warning MSB3277:             C:\Users\ultra\warewolf\Dev\Dev2.Activities\bin\Debug\net8.0\Dev2.Activities.dll [C:\Users\ultra\warewolf\Dev\Dev2.Intellisense\Dev2.Intellisense.csproj]
C:\Program Files\dotnet\sdk\10.0.201\Microsoft.Common.CurrentVersion.targets(2451,5): warning MSB3277:             C:\Users\ultra\warewolf\Dev\Dev2.Studio.Core\bin\Debug\net8.0\Dev2.Studio.Core.dll [C:\Users\ultra\warewolf\Dev\Dev2.Intellisense\Dev2.Intellisense.csproj]
C:\Program Files\dotnet\sdk\10.0.201\Microsoft.Common.CurrentVersion.targets(2451,5): warning MSB3277:             C:\Users\ultra\warewolf\Dev\Dev2.Studio.Interfaces\bin\Debug\net8.0\Dev2.Studio.Interfaces.dll [C:\Users\ultra\warewolf\Dev\Dev2.Intellisense\Dev2.Intellisense.csproj]
C:\Program Files\dotnet\sdk\10.0.201\Microsoft.Common.CurrentVersion.targets(2451,5): warning MSB3277:             C:\Users\ultra\warewolf\Dev\Warewolf.Studio.Core\bin\Debug\net8.0\Warewolf.Studio.Core.dll [C:\Users\ultra\warewolf\Dev\Dev2.Intellisense\Dev2.Intellisense.csproj]
C:\Program Files\dotnet\sdk\10.0.201\Microsoft.Common.CurrentVersion.targets(2451,5): warning MSB3277:             C:\Users\ultra\warewolf\Dev\Dev2.Services.Execution\bin\Debug\net8.0\Dev2.Services.Execution.dll [C:\Users\ultra\warewolf\Dev\Dev2.Intellisense\Dev2.Intellisense.csproj]
C:\Program Files\dotnet\sdk\10.0.201\Microsoft.Common.CurrentVersion.targets(2451,5): warning MSB3277:             C:\Users\ultra\warewolf\Dev\Dev2.Services.Sql\bin\Debug\net8.0\Dev2.Services.Sql.dll [C:\Users\ultra\warewolf\Dev\Dev2.Intellisense\Dev2.Intellisense.csproj]
C:\Program Files\dotnet\sdk\10.0.201\Microsoft.Common.CurrentVersion.targets(2451,5): warning MSB3277:             C:\Users\ultra\warewolf\Dev\Warewolf.Driver.Persistence\bin\Debug\net8.0\Warewolf.Driver.Persistence.dll [C:\Users\ultra\warewolf\Dev\Dev2.Intellisense\Dev2.Intellisense.csproj]
C:\Program Files\dotnet\sdk\10.0.201\Microsoft.Common.CurrentVersion.targets(2451,5): warning MSB3277:         C:\Users\ultra\.nuget\packages\system.directoryservices\6.0.0\lib\net6.0\System.DirectoryServices.dll [C:\Users\ultra\warewolf\Dev\Dev2.Intellisense\Dev2.Intellisense.csproj]
C:\Program Files\dotnet\sdk\10.0.201\Microsoft.Common.CurrentVersion.targets(2451,5): warning MSB3277:           Project file item includes which caused reference "C:\Users\ultra\.nuget\packages\system.directoryservices\6.0.0\lib\net6.0\System.DirectoryServices.dll". [C:\Users\ultra\warewolf\Dev\Dev2.Intellisense\Dev2.Intellisense.csproj]
C:\Program Files\dotnet\sdk\10.0.201\Microsoft.Common.CurrentVersion.targets(2451,5): warning MSB3277:             C:\Users\ultra\.nuget\packages\system.directoryservices\6.0.0\lib\net6.0\System.DirectoryServices.dll [C:\Users\ultra\warewolf\Dev\Dev2.Intellisense\Dev2.Intellisense.csproj]
C:\Program Files\dotnet\sdk\10.0.201\Microsoft.Common.CurrentVersion.targets(2451,5): warning MSB3277:             C:\Users\ultra\.nuget\packages\corewcf.primitives\1.2.1\lib\netstandard2.0\CoreWCF.Primitives.dll [C:\Users\ultra\warewolf\Dev\Dev2.Intellisense\Dev2.Intellisense.csproj]
C:\Program Files\dotnet\sdk\10.0.201\Microsoft.Common.CurrentVersion.targets(2451,5): warning MSB3277:             C:\Users\ultra\warewolf\Dev\Dev2.Runtime.Services\bin\Debug\net8.0\Dev2.Runtime.Services.dll [C:\Users\ultra\warewolf\Dev\Dev2.Intellisense\Dev2.Intellisense.csproj]
C:\Program Files\dotnet\sdk\10.0.201\Microsoft.Common.CurrentVersion.targets(2451,5): warning MSB3277:             C:\Users\ultra\warewolf\Dev\Dev2.Activities\bin\Debug\net8.0\Dev2.Activities.dll [C:\Users\ultra\warewolf\Dev\Dev2.Intellisense\Dev2.Intellisense.csproj]
C:\Program Files\dotnet\sdk\10.0.201\Microsoft.Common.CurrentVersion.targets(2451,5): warning MSB3277:             C:\Users\ultra\warewolf\Dev\Dev2.Studio.Core\bin\Debug\net8.0\Dev2.Studio.Core.dll [C:\Users\ultra\warewolf\Dev\Dev2.Intellisense\Dev2.Intellisense.csproj]
C:\Program Files\dotnet\sdk\10.0.201\Microsoft.Common.CurrentVersion.targets(2451,5): warning MSB3277:             C:\Users\ultra\warewolf\Dev\Dev2.Studio.Interfaces\bin\Debug\net8.0\Dev2.Studio.Interfaces.dll [C:\Users\ultra\warewolf\Dev\Dev2.Intellisense\Dev2.Intellisense.csproj]
C:\Program Files\dotnet\sdk\10.0.201\Microsoft.Common.CurrentVersion.targets(2451,5): warning MSB3277:             C:\Users\ultra\warewolf\Dev\Warewolf.Studio.Core\bin\Debug\net8.0\Warewolf.Studio.Core.dll [C:\Users\ultra\warewolf\Dev\Dev2.Intellisense\Dev2.Intellisense.csproj]
C:\Program Files\dotnet\sdk\10.0.201\Microsoft.Common.CurrentVersion.targets(2451,5): warning MSB3277:             C:\Users\ultra\warewolf\Dev\Dev2.Services.Execution\bin\Debug\net8.0\Dev2.Services.Execution.dll [C:\Users\ultra\warewolf\Dev\Dev2.Intellisense\Dev2.Intellisense.csproj]
C:\Program Files\dotnet\sdk\10.0.201\Microsoft.Common.CurrentVersion.targets(2451,5): warning MSB3277:             C:\Users\ultra\warewolf\Dev\Warewolf.Driver.Persistence\bin\Debug\net8.0\Warewolf.Driver.Persistence.dll [C:\Users\ultra\warewolf\Dev\Dev2.Intellisense\Dev2.Intellisense.csproj]
C:\Program Files\dotnet\sdk\10.0.201\Microsoft.Common.CurrentVersion.targets(2451,5): warning MSB3277:             C:\Users\ultra\.nuget\packages\corewcf.http\1.2.1\lib\netstandard2.0\CoreWCF.Http.dll [C:\Users\ultra\warewolf\Dev\Dev2.Intellisense\Dev2.Intellisense.csproj]
C:\Program Files\dotnet\sdk\10.0.201\Microsoft.Common.CurrentVersion.targets(2451,5): warning MSB3277:             C:\Users\ultra\.nuget\packages\corewcf.nettcp\1.2.1\lib\netstandard2.0\CoreWCF.NetTcp.dll [C:\Users\ultra\warewolf\Dev\Dev2.Intellisense\Dev2.Intellisense.csproj]
C:\Program Files\dotnet\sdk\10.0.201\Microsoft.Common.CurrentVersion.targets(2451,5): warning MSB3277:             C:\Users\ultra\.nuget\packages\corewcf.webhttp\1.2.1\lib\netstandard2.0\CoreWCF.WebHttp.dll [C:\Users\ultra\warewolf\Dev\Dev2.Intellisense\Dev2.Intellisense.csproj]
C:\Program Files\dotnet\sdk\10.0.201\Microsoft.Common.CurrentVersion.targets(2451,5): warning MSB3277:         C:\Program Files\dotnet\packs\Microsoft.NETCore.App.Ref\8.0.25\ref\net8.0\System.Configuration.dll [C:\Users\ultra\warewolf\Dev\Dev2.Intellisense\Dev2.Intellisense.csproj]
C:\Program Files\dotnet\sdk\10.0.201\Microsoft.Common.CurrentVersion.targets(2451,5): warning MSB3277:           Project file item includes which caused reference "C:\Program Files\dotnet\packs\Microsoft.NETCore.App.Ref\8.0.25\ref\net8.0\System.Configuration.dll". [C:\Users\ultra\warewolf\Dev\Dev2.Intellisense\Dev2.Intellisense.csproj]
C:\Program Files\dotnet\sdk\10.0.201\Microsoft.Common.CurrentVersion.targets(2451,5): warning MSB3277:             C:\Program Files\dotnet\packs\Microsoft.NETCore.App.Ref\8.0.25\ref/net8.0/System.Configuration.dll [C:\Users\ultra\warewolf\Dev\Dev2.Intellisense\Dev2.Intellisense.csproj]
C:\Program Files\dotnet\sdk\10.0.201\Microsoft.Common.CurrentVersion.targets(2451,5): warning MSB3277:             C:\Users\ultra\.nuget\packages\prism.wpf\9.0.537\lib\net462\Prism.Wpf.dll [C:\Users\ultra\warewolf\Dev\Dev2.Intellisense\Dev2.Intellisense.csproj]
C:\Program Files\dotnet\sdk\10.0.201\Microsoft.Common.CurrentVersion.targets(2451,5): warning MSB3277:         C:\Program Files\dotnet\packs\Microsoft.NETCore.App.Ref\8.0.25\ref\net8.0\System.Data.dll [C:\Users\ultra\warewolf\Dev\Dev2.Intellisense\Dev2.Intellisense.csproj]
C:\Program Files\dotnet\sdk\10.0.201\Microsoft.Common.CurrentVersion.targets(2451,5): warning MSB3277:           Project file item includes which caused reference "C:\Program Files\dotnet\packs\Microsoft.NETCore.App.Ref\8.0.25\ref\net8.0\System.Data.dll". [C:\Users\ultra\warewolf\Dev\Dev2.Intellisense\Dev2.Intellisense.csproj]
C:\Program Files\dotnet\sdk\10.0.201\Microsoft.Common.CurrentVersion.targets(2451,5): warning MSB3277:             C:\Program Files\dotnet\packs\Microsoft.NETCore.App.Ref\8.0.25\ref/net8.0/System.Data.dll [C:\Users\ultra\warewolf\Dev\Dev2.Intellisense\Dev2.Intellisense.csproj]
C:\Program Files\dotnet\sdk\10.0.201\Microsoft.Common.CurrentVersion.targets(2451,5): warning MSB3277:             C:\Users\ultra\.nuget\packages\taskschedulereditor\2.10.1\lib\net452\Microsoft.Win32.TaskSchedulerEditor.dll [C:\Users\ultra\warewolf\Dev\Dev2.Intellisense\Dev2.Intellisense.csproj]
C:\Program Files\dotnet\sdk\10.0.201\Microsoft.Common.CurrentVersion.targets(2451,5): warning MSB3277:         C:\Program Files\dotnet\packs\Microsoft.NETCore.App.Ref\8.0.25\ref\net8.0\System.Drawing.dll [C:\Users\ultra\warewolf\Dev\Dev2.Intellisense\Dev2.Intellisense.csproj]
C:\Program Files\dotnet\sdk\10.0.201\Microsoft.Common.CurrentVersion.targets(2451,5): warning MSB3277:           Project file item includes which caused reference "C:\Program Files\dotnet\packs\Microsoft.NETCore.App.Ref\8.0.25\ref\net8.0\System.Drawing.dll". [C:\Users\ultra\warewolf\Dev\Dev2.Intellisense\Dev2.Intellisense.csproj]
C:\Program Files\dotnet\sdk\10.0.201\Microsoft.Common.CurrentVersion.targets(2451,5): warning MSB3277:             C:\Program Files\dotnet\packs\Microsoft.NETCore.App.Ref\8.0.25\ref/net8.0/System.Drawing.dll [C:\Users\ultra\warewolf\Dev\Dev2.Intellisense\Dev2.Intellisense.csproj]
C:\Program Files\dotnet\sdk\10.0.201\Microsoft.Common.CurrentVersion.targets(2451,5): warning MSB3277:             C:\Users\ultra\.nuget\packages\aerowizard\2.3.1\lib\net45\AeroWizard.dll [C:\Users\ultra\warewolf\Dev\Dev2.Intellisense\Dev2.Intellisense.csproj]
C:\Program Files\dotnet\sdk\10.0.201\Microsoft.Common.CurrentVersion.targets(2451,5): warning MSB3277:             C:\Users\ultra\.nuget\packages\groupcontrols\1.9.0\lib\net45\GroupControls.dll [C:\Users\ultra\warewolf\Dev\Dev2.Intellisense\Dev2.Intellisense.csproj]
C:\Program Files\dotnet\sdk\10.0.201\Microsoft.Common.CurrentVersion.targets(2451,5): warning MSB3277:             C:\Users\ultra\.nuget\packages\taskschedulereditor\2.10.1\lib\net452\Microsoft.Win32.TaskSchedulerEditor.dll [C:\Users\ultra\warewolf\Dev\Dev2.Intellisense\Dev2.Intellisense.csproj]
C:\Program Files\dotnet\sdk\10.0.201\Microsoft.Common.CurrentVersion.targets(2451,5): warning MSB3277:         C:\Program Files\dotnet\packs\Microsoft.NETCore.App.Ref\8.0.25\ref\net8.0\System.Net.dll [C:\Users\ultra\warewolf\Dev\Dev2.Intellisense\Dev2.Intellisense.csproj]
C:\Program Files\dotnet\sdk\10.0.201\Microsoft.Common.CurrentVersion.targets(2451,5): warning MSB3277:           Project file item includes which caused reference "C:\Program Files\dotnet\packs\Microsoft.NETCore.App.Ref\8.0.25\ref\net8.0\System.Net.dll". [C:\Users\ultra\warewolf\Dev\Dev2.Intellisense\Dev2.Intellisense.csproj]
C:\Program Files\dotnet\sdk\10.0.201\Microsoft.Common.CurrentVersion.targets(2451,5): warning MSB3277:             C:\Program Files\dotnet\packs\Microsoft.NETCore.App.Ref\8.0.25\ref/net8.0/System.Net.dll [C:\Users\ultra\warewolf\Dev\Dev2.Intellisense\Dev2.Intellisense.csproj]
C:\Program Files\dotnet\sdk\10.0.201\Microsoft.Common.CurrentVersion.targets(2451,5): warning MSB3277:         C:\Program Files\dotnet\packs\Microsoft.NETCore.App.Ref\8.0.25\ref\net8.0\System.Security.dll [C:\Users\ultra\warewolf\Dev\Dev2.Intellisense\Dev2.Intellisense.csproj]
C:\Program Files\dotnet\sdk\10.0.201\Microsoft.Common.CurrentVersion.targets(2451,5): warning MSB3277:           Project file item includes which caused reference "C:\Program Files\dotnet\packs\Microsoft.NETCore.App.Ref\8.0.25\ref\net8.0\System.Security.dll". [C:\Users\ultra\warewolf\Dev\Dev2.Intellisense\Dev2.Intellisense.csproj]
C:\Program Files\dotnet\sdk\10.0.201\Microsoft.Common.CurrentVersion.targets(2451,5): warning MSB3277:             C:\Program Files\dotnet\packs\Microsoft.NETCore.App.Ref\8.0.25\ref/net8.0/System.Security.dll [C:\Users\ultra\warewolf\Dev\Dev2.Intellisense\Dev2.Intellisense.csproj]
C:\Program Files\dotnet\sdk\10.0.201\Microsoft.Common.CurrentVersion.targets(2451,5): warning MSB3277:         C:\Program Files\dotnet\packs\Microsoft.NETCore.App.Ref\8.0.25\ref\net8.0\System.ServiceProcess.dll [C:\Users\ultra\warewolf\Dev\Dev2.Intellisense\Dev2.Intellisense.csproj]
C:\Program Files\dotnet\sdk\10.0.201\Microsoft.Common.CurrentVersion.targets(2451,5): warning MSB3277:           Project file item includes which caused reference "C:\Program Files\dotnet\packs\Microsoft.NETCore.App.Ref\8.0.25\ref\net8.0\System.ServiceProcess.dll". [C:\Users\ultra\warewolf\Dev\Dev2.Intellisense\Dev2.Intellisense.csproj]
C:\Program Files\dotnet\sdk\10.0.201\Microsoft.Common.CurrentVersion.targets(2451,5): warning MSB3277:             C:\Program Files\dotnet\packs\Microsoft.NETCore.App.Ref\8.0.25\ref/net8.0/System.ServiceProcess.dll [C:\Users\ultra\warewolf\Dev\Dev2.Intellisense\Dev2.Intellisense.csproj]
C:\Program Files\dotnet\sdk\10.0.201\Microsoft.Common.CurrentVersion.targets(2451,5): warning MSB3277:         C:\Program Files\dotnet\packs\Microsoft.NETCore.App.Ref\8.0.25\ref\net8.0\System.Transactions.dll [C:\Users\ultra\warewolf\Dev\Dev2.Intellisense\Dev2.Intellisense.csproj]
C:\Program Files\dotnet\sdk\10.0.201\Microsoft.Common.CurrentVersion.targets(2451,5): warning MSB3277:           Project file item includes which caused reference "C:\Program Files\dotnet\packs\Microsoft.NETCore.App.Ref\8.0.25\ref\net8.0\System.Transactions.dll". [C:\Users\ultra\warewolf\Dev\Dev2.Intellisense\Dev2.Intellisense.csproj]
C:\Program Files\dotnet\sdk\10.0.201\Microsoft.Common.CurrentVersion.targets(2451,5): warning MSB3277:             C:\Program Files\dotnet\packs\Microsoft.NETCore.App.Ref\8.0.25\ref/net8.0/System.Transactions.dll [C:\Users\ultra\warewolf\Dev\Dev2.Intellisense\Dev2.Intellisense.csproj]
C:\Program Files\dotnet\sdk\10.0.201\Microsoft.Common.CurrentVersion.targets(2451,5): warning MSB3277:         C:\Program Files\dotnet\packs\Microsoft.NETCore.App.Ref\8.0.25\ref\net8.0\System.dll [C:\Users\ultra\warewolf\Dev\Dev2.Intellisense\Dev2.Intellisense.csproj]
C:\Program Files\dotnet\sdk\10.0.201\Microsoft.Common.CurrentVersion.targets(2451,5): warning MSB3277:           Project file item includes which caused reference "C:\Program Files\dotnet\packs\Microsoft.NETCore.App.Ref\8.0.25\ref\net8.0\System.dll". [C:\Users\ultra\warewolf\Dev\Dev2.Intellisense\Dev2.Intellisense.csproj]
C:\Program Files\dotnet\sdk\10.0.201\Microsoft.Common.CurrentVersion.targets(2451,5): warning MSB3277:             C:\Program Files\dotnet\packs\Microsoft.NETCore.App.Ref\8.0.25\ref/net8.0/System.dll [C:\Users\ultra\warewolf\Dev\Dev2.Intellisense\Dev2.Intellisense.csproj]
C:\Program Files\dotnet\sdk\10.0.201\Microsoft.Common.CurrentVersion.targets(2451,5): warning MSB3277:             C:\Users\ultra\.nuget\packages\aerowizard\2.3.1\lib\net45\AeroWizard.dll [C:\Users\ultra\warewolf\Dev\Dev2.Intellisense\Dev2.Intellisense.csproj]
C:\Program Files\dotnet\sdk\10.0.201\Microsoft.Common.CurrentVersion.targets(2451,5): warning MSB3277:             C:\Users\ultra\.nuget\packages\groupcontrols\1.9.0\lib\net45\GroupControls.dll [C:\Users\ultra\warewolf\Dev\Dev2.Intellisense\Dev2.Intellisense.csproj]
C:\Program Files\dotnet\sdk\10.0.201\Microsoft.Common.CurrentVersion.targets(2451,5): warning MSB3277:             C:\Users\ultra\.nuget\packages\microsoft.xaml.behaviors.wpf\1.1.122\lib\net462\Microsoft.Xaml.Behaviors.dll [C:\Users\ultra\warewolf\Dev\Dev2.Intellisense\Dev2.Intellisense.csproj]
C:\Program Files\dotnet\sdk\10.0.201\Microsoft.Common.CurrentVersion.targets(2451,5): warning MSB3277:             C:\Users\ultra\.nuget\packages\caliburn.micro\4.0.212\lib\netcoreapp3.1\Caliburn.Micro.Platform.dll [C:\Users\ultra\warewolf\Dev\Dev2.Intellisense\Dev2.Intellisense.csproj]
C:\Program Files\dotnet\sdk\10.0.201\Microsoft.Common.CurrentVersion.targets(2451,5): warning MSB3277:             C:\Users\ultra\.nuget\packages\prism.wpf\9.0.537\lib\net462\Prism.Wpf.dll [C:\Users\ultra\warewolf\Dev\Dev2.Intellisense\Dev2.Intellisense.csproj]
C:\Program Files\dotnet\sdk\10.0.201\Microsoft.Common.CurrentVersion.targets(2451,5): warning MSB3277:             C:\Users\ultra\.nuget\packages\reactiveui.wpf\18.4.1\lib\net462\ReactiveUI.Wpf.dll [C:\Users\ultra\warewolf\Dev\Dev2.Intellisense\Dev2.Intellisense.csproj]
C:\Program Files\dotnet\sdk\10.0.201\Microsoft.Common.CurrentVersion.targets(2451,5): warning MSB3277:             C:\Users\ultra\.nuget\packages\taskschedulereditor\2.10.1\lib\net452\Microsoft.Win32.TaskSchedulerEditor.dll [C:\Users\ultra\warewolf\Dev\Dev2.Intellisense\Dev2.Intellisense.csproj]
C:\Program Files\dotnet\sdk\10.0.201\Microsoft.Common.CurrentVersion.targets(2451,5): warning MSB3277:             C:\Users\ultra\.nuget\packages\ttcue.netcore.sharepointonline.csom.16.1.8029.1200\16.1.8029.1200\lib\netcoreapp2.0\Microsoft.SharePoint.Client.Runtime.Windows.dll [C:\Users\ultra\warewolf\Dev\Dev2.Intellisense\Dev2.Intellisense.csproj]
C:\Program Files\dotnet\sdk\10.0.201\Microsoft.Common.CurrentVersion.targets(2451,5): warning MSB3277:         C:\Program Files\dotnet\packs\Microsoft.NETCore.App.Ref\8.0.25\ref\net8.0\WindowsBase.dll [C:\Users\ultra\warewolf\Dev\Dev2.Intellisense\Dev2.Intellisense.csproj]
C:\Program Files\dotnet\sdk\10.0.201\Microsoft.Common.CurrentVersion.targets(2451,5): warning MSB3277:           Project file item includes which caused reference "C:\Program Files\dotnet\packs\Microsoft.NETCore.App.Ref\8.0.25\ref\net8.0\WindowsBase.dll". [C:\Users\ultra\warewolf\Dev\Dev2.Intellisense\Dev2.Intellisense.csproj]
C:\Program Files\dotnet\sdk\10.0.201\Microsoft.Common.CurrentVersion.targets(2451,5): warning MSB3277:             C:\Program Files\dotnet\packs\Microsoft.NETCore.App.Ref\8.0.25\ref/net8.0/WindowsBase.dll [C:\Users\ultra\warewolf\Dev\Dev2.Intellisense\Dev2.Intellisense.csproj]
C:\Program Files\dotnet\sdk\10.0.201\Microsoft.Common.CurrentVersion.targets(2451,5): warning MSB3277:         C:\Program Files\dotnet\packs\Microsoft.NETCore.App.Ref\8.0.25\ref\net8.0\mscorlib.dll [C:\Users\ultra\warewolf\Dev\Dev2.Intellisense\Dev2.Intellisense.csproj]
C:\Program Files\dotnet\sdk\10.0.201\Microsoft.Common.CurrentVersion.targets(2451,5): warning MSB3277:           Project file item includes which caused reference "C:\Program Files\dotnet\packs\Microsoft.NETCore.App.Ref\8.0.25\ref\net8.0\mscorlib.dll". [C:\Users\ultra\warewolf\Dev\Dev2.Intellisense\Dev2.Intellisense.csproj]
C:\Program Files\dotnet\sdk\10.0.201\Microsoft.Common.CurrentVersion.targets(2451,5): warning MSB3277:             C:\Program Files\dotnet\packs\Microsoft.NETCore.App.Ref\8.0.25\ref/net8.0/mscorlib.dll [C:\Users\ultra\warewolf\Dev\Dev2.Intellisense\Dev2.Intellisense.csproj]
C:\Program Files\dotnet\sdk\10.0.201\Microsoft.Common.CurrentVersion.targets(2451,5): warning MSB3277:             C:\Users\ultra\.nuget\packages\aerowizard\2.3.1\lib\net45\AeroWizard.dll [C:\Users\ultra\warewolf\Dev\Dev2.Intellisense\Dev2.Intellisense.csproj]
C:\Program Files\dotnet\sdk\10.0.201\Microsoft.Common.CurrentVersion.targets(2451,5): warning MSB3277:             C:\Users\ultra\.nuget\packages\groupcontrols\1.9.0\lib\net45\GroupControls.dll [C:\Users\ultra\warewolf\Dev\Dev2.Intellisense\Dev2.Intellisense.csproj]
C:\Program Files\dotnet\sdk\10.0.201\Microsoft.Common.CurrentVersion.targets(2451,5): warning MSB3277:             C:\Users\ultra\.nuget\packages\hangfire.core\1.7.32\lib\netstandard2.0\Hangfire.Core.dll [C:\Users\ultra\warewolf\Dev\Dev2.Intellisense\Dev2.Intellisense.csproj]
C:\Program Files\dotnet\sdk\10.0.201\Microsoft.Common.CurrentVersion.targets(2451,5): warning MSB3277:             C:\Users\ultra\warewolf\Dev\Dev2.Activities\bin\Debug\net8.0\Dev2.Activities.dll [C:\Users\ultra\warewolf\Dev\Dev2.Intellisense\Dev2.Intellisense.csproj]
C:\Program Files\dotnet\sdk\10.0.201\Microsoft.Common.CurrentVersion.targets(2451,5): warning MSB3277:             C:\Users\ultra\warewolf\Dev\Dev2.Studio.Core\bin\Debug\net8.0\Dev2.Studio.Core.dll [C:\Users\ultra\warewolf\Dev\Dev2.Intellisense\Dev2.Intellisense.csproj]
C:\Program Files\dotnet\sdk\10.0.201\Microsoft.Common.CurrentVersion.targets(2451,5): warning MSB3277:             C:\Users\ultra\warewolf\Dev\Warewolf.Driver.Persistence\bin\Debug\net8.0\Warewolf.Driver.Persistence.dll [C:\Users\ultra\warewolf\Dev\Dev2.Intellisense\Dev2.Intellisense.csproj]
C:\Program Files\dotnet\sdk\10.0.201\Microsoft.Common.CurrentVersion.targets(2451,5): warning MSB3277:             C:\Users\ultra\.nuget\packages\hangfire.sqlserver\1.7.32\lib\netstandard2.0\Hangfire.SqlServer.dll [C:\Users\ultra\warewolf\Dev\Dev2.Intellisense\Dev2.Intellisense.csproj]
C:\Program Files\dotnet\sdk\10.0.201\Microsoft.Common.CurrentVersion.targets(2451,5): warning MSB3277:             C:\Users\ultra\.nuget\packages\microsoft.xaml.behaviors.wpf\1.1.122\lib\net462\Microsoft.Xaml.Behaviors.dll [C:\Users\ultra\warewolf\Dev\Dev2.Intellisense\Dev2.Intellisense.csproj]
C:\Program Files\dotnet\sdk\10.0.201\Microsoft.Common.CurrentVersion.targets(2451,5): warning MSB3277:             C:\Users\ultra\.nuget\packages\caliburn.micro\4.0.212\lib\netcoreapp3.1\Caliburn.Micro.Platform.dll [C:\Users\ultra\warewolf\Dev\Dev2.Intellisense\Dev2.Intellisense.csproj]
C:\Program Files\dotnet\sdk\10.0.201\Microsoft.Common.CurrentVersion.targets(2451,5): warning MSB3277:             C:\Users\ultra\.nuget\packages\oracle.manageddataaccess.core\3.21.70\lib\netstandard2.1\Oracle.ManagedDataAccess.dll [C:\Users\ultra\warewolf\Dev\Dev2.Intellisense\Dev2.Intellisense.csproj]
C:\Program Files\dotnet\sdk\10.0.201\Microsoft.Common.CurrentVersion.targets(2451,5): warning MSB3277:             C:\Users\ultra\warewolf\Dev\Dev2.Runtime.Services\bin\Debug\net8.0\Dev2.Runtime.Services.dll [C:\Users\ultra\warewolf\Dev\Dev2.Intellisense\Dev2.Intellisense.csproj]
C:\Program Files\dotnet\sdk\10.0.201\Microsoft.Common.CurrentVersion.targets(2451,5): warning MSB3277:             C:\Users\ultra\warewolf\Dev\Dev2.Studio.Interfaces\bin\Debug\net8.0\Dev2.Studio.Interfaces.dll [C:\Users\ultra\warewolf\Dev\Dev2.Intellisense\Dev2.Intellisense.csproj]
C:\Program Files\dotnet\sdk\10.0.201\Microsoft.Common.CurrentVersion.targets(2451,5): warning MSB3277:             C:\Users\ultra\warewolf\Dev\Warewolf.Studio.Core\bin\Debug\net8.0\Warewolf.Studio.Core.dll [C:\Users\ultra\warewolf\Dev\Dev2.Intellisense\Dev2.Intellisense.csproj]
C:\Program Files\dotnet\sdk\10.0.201\Microsoft.Common.CurrentVersion.targets(2451,5): warning MSB3277:             C:\Users\ultra\warewolf\Dev\Dev2.Services.Execution\bin\Debug\net8.0\Dev2.Services.Execution.dll [C:\Users\ultra\warewolf\Dev\Dev2.Intellisense\Dev2.Intellisense.csproj]
C:\Program Files\dotnet\sdk\10.0.201\Microsoft.Common.CurrentVersion.targets(2451,5): warning MSB3277:             C:\Users\ultra\warewolf\Dev\Dev2.Services.Sql\bin\Debug\net8.0\Dev2.Services.Sql.dll [C:\Users\ultra\warewolf\Dev\Dev2.Intellisense\Dev2.Intellisense.csproj]
C:\Program Files\dotnet\sdk\10.0.201\Microsoft.Common.CurrentVersion.targets(2451,5): warning MSB3277:             C:\Users\ultra\.nuget\packages\prism.wpf\9.0.537\lib\net462\Prism.Wpf.dll [C:\Users\ultra\warewolf\Dev\Dev2.Intellisense\Dev2.Intellisense.csproj]
C:\Program Files\dotnet\sdk\10.0.201\Microsoft.Common.CurrentVersion.targets(2451,5): warning MSB3277:             C:\Users\ultra\.nuget\packages\reactiveui.wpf\18.4.1\lib\net462\ReactiveUI.Wpf.dll [C:\Users\ultra\warewolf\Dev\Dev2.Intellisense\Dev2.Intellisense.csproj]
C:\Program Files\dotnet\sdk\10.0.201\Microsoft.Common.CurrentVersion.targets(2451,5): warning MSB3277:             C:\Users\ultra\.nuget\packages\taskschedulereditor\2.10.1\lib\net452\Microsoft.Win32.TaskSchedulerEditor.dll [C:\Users\ultra\warewolf\Dev\Dev2.Intellisense\Dev2.Intellisense.csproj]
C:\Program Files\dotnet\sdk\10.0.201\Microsoft.Common.CurrentVersion.targets(2451,5): warning MSB3277:             C:\Users\ultra\.nuget\packages\ttcue.netcore.sharepointonline.csom.16.1.8029.1200\16.1.8029.1200\lib\netcoreapp2.0\Microsoft.SharePoint.Client.Runtime.Windows.dll [C:\Users\ultra\warewolf\Dev\Dev2.Intellisense\Dev2.Intellisense.csproj]
C:\Program Files\dotnet\sdk\10.0.201\Microsoft.Common.CurrentVersion.targets(2451,5): warning MSB3277:         C:\Users\ultra\warewolf\Dev\Dev2.Development.Languages\bin\Debug\net8.0\IronRuby.dll [C:\Users\ultra\warewolf\Dev\Dev2.Intellisense\Dev2.Intellisense.csproj]
C:\Program Files\dotnet\sdk\10.0.201\Microsoft.Common.CurrentVersion.targets(2451,5): warning MSB3277:           Project file item includes which caused reference "C:\Users\ultra\warewolf\Dev\Dev2.Development.Languages\bin\Debug\net8.0\IronRuby.dll". [C:\Users\ultra\warewolf\Dev\Dev2.Intellisense\Dev2.Intellisense.csproj]
C:\Program Files\dotnet\sdk\10.0.201\Microsoft.Common.CurrentVersion.targets(2451,5): warning MSB3277:             C:\Users\ultra\warewolf\Dev\Dev2.Development.Languages\bin\Debug\net8.0\Dev2.Development.Languages.dll [C:\Users\ultra\warewolf\Dev\Dev2.Intellisense\Dev2.Intellisense.csproj]
C:\Program Files\dotnet\sdk\10.0.201\Microsoft.Common.CurrentVersion.targets(2451,5): warning MSB3277:             C:\Users\ultra\warewolf\Dev\Dev2.Activities\bin\Debug\net8.0\Dev2.Activities.dll [C:\Users\ultra\warewolf\Dev\Dev2.Intellisense\Dev2.Intellisense.csproj]
C:\Program Files\dotnet\sdk\10.0.201\Microsoft.Common.CurrentVersion.targets(2451,5): warning MSB3277:             C:\Users\ultra\warewolf\Dev\Dev2.Studio.Core\bin\Debug\net8.0\Dev2.Studio.Core.dll [C:\Users\ultra\warewolf\Dev\Dev2.Intellisense\Dev2.Intellisense.csproj]
C:\Program Files\dotnet\sdk\10.0.201\Microsoft.Common.CurrentVersion.targets(2451,5): warning MSB3277:         C:\Users\ultra\warewolf\Dev\Dev2.Development.Languages\bin\Debug\net8.0\IronRuby.Libraries.dll [C:\Users\ultra\warewolf\Dev\Dev2.Intellisense\Dev2.Intellisense.csproj]
C:\Program Files\dotnet\sdk\10.0.201\Microsoft.Common.CurrentVersion.targets(2451,5): warning MSB3277:           Project file item includes which caused reference "C:\Users\ultra\warewolf\Dev\Dev2.Development.Languages\bin\Debug\net8.0\IronRuby.Libraries.dll". [C:\Users\ultra\warewolf\Dev\Dev2.Intellisense\Dev2.Intellisense.csproj]
C:\Program Files\dotnet\sdk\10.0.201\Microsoft.Common.CurrentVersion.targets(2451,5): warning MSB3277:             C:\Users\ultra\warewolf\Dev\Dev2.Development.Languages\bin\Debug\net8.0\Dev2.Development.Languages.dll [C:\Users\ultra\warewolf\Dev\Dev2.Intellisense\Dev2.Intellisense.csproj]
C:\Program Files\dotnet\sdk\10.0.201\Microsoft.Common.CurrentVersion.targets(2451,5): warning MSB3277:             C:\Users\ultra\warewolf\Dev\Dev2.Activities\bin\Debug\net8.0\Dev2.Activities.dll [C:\Users\ultra\warewolf\Dev\Dev2.Intellisense\Dev2.Intellisense.csproj]
C:\Program Files\dotnet\sdk\10.0.201\Microsoft.Common.CurrentVersion.targets(2451,5): warning MSB3277:             C:\Users\ultra\warewolf\Dev\Dev2.Studio.Core\bin\Debug\net8.0\Dev2.Studio.Core.dll [C:\Users\ultra\warewolf\Dev\Dev2.Intellisense\Dev2.Intellisense.csproj]
C:\Program Files\dotnet\sdk\10.0.201\Microsoft.Common.CurrentVersion.targets(2451,5): warning MSB3277:         C:\Users\ultra\warewolf\Dev\Binaries\Infragistcs_Net6\InfragisticsWPF4.DataVisualization.v15.1.dll [C:\Users\ultra\warewolf\Dev\Dev2.Intellisense\Dev2.Intellisense.csproj]
C:\Program Files\dotnet\sdk\10.0.201\Microsoft.Common.CurrentVersion.targets(2451,5): warning MSB3277:           Project file item includes which caused reference "C:\Users\ultra\warewolf\Dev\Binaries\Infragistcs_Net6\InfragisticsWPF4.DataVisualization.v15.1.dll". [C:\Users\ultra\warewolf\Dev\Dev2.Intellisense\Dev2.Intellisense.csproj]
C:\Program Files\dotnet\sdk\10.0.201\Microsoft.Common.CurrentVersion.targets(2451,5): warning MSB3277:             InfragisticsWPF4.Math.Calculators.v15.1, Version=15.1.20151.2055, Culture=neutral, PublicKeyToken=7dd5c3163f2cd0cb, processorArchitecture=MSIL [C:\Users\ultra\warewolf\Dev\Dev2.Intellisense\Dev2.Intellisense.csproj]
C:\Program Files\dotnet\sdk\10.0.201\Microsoft.Common.CurrentVersion.targets(2451,5): warning MSB3277: Found conflicts between different versions of "WindowsBase" that could not be resolved. [C:\Users\ultra\warewolf\Dev\Dev2.Intellisense\Dev2.Intellisense.csproj]
C:\Program Files\dotnet\sdk\10.0.201\Microsoft.Common.CurrentVersion.targets(2451,5): warning MSB3277: There was a conflict between "WindowsBase, Version=4.0.0.0, Culture=neutral, PublicKeyToken=31bf3856ad364e35" and "WindowsBase, Version=6.0.2.0, Culture=neutral, PublicKeyToken=31bf3856ad364e35". [C:\Users\ultra\warewolf\Dev\Dev2.Intellisense\Dev2.Intellisense.csproj]
C:\Program Files\dotnet\sdk\10.0.201\Microsoft.Common.CurrentVersion.targets(2451,5): warning MSB3277:     "WindowsBase, Version=4.0.0.0, Culture=neutral, PublicKeyToken=31bf3856ad364e35" was chosen because it was primary and "WindowsBase, Version=6.0.2.0, Culture=neutral, PublicKeyToken=31bf3856ad364e35" was not. [C:\Users\ultra\warewolf\Dev\Dev2.Intellisense\Dev2.Intellisense.csproj]
C:\Program Files\dotnet\sdk\10.0.201\Microsoft.Common.CurrentVersion.targets(2451,5): warning MSB3277:     References which depend on "WindowsBase, Version=4.0.0.0, Culture=neutral, PublicKeyToken=31bf3856ad364e35" [C:\Program Files\dotnet\packs\Microsoft.NETCore.App.Ref\8.0.25\ref\net8.0\WindowsBase.dll]. [C:\Users\ultra\warewolf\Dev\Dev2.Intellisense\Dev2.Intellisense.csproj]
C:\Program Files\dotnet\sdk\10.0.201\Microsoft.Common.CurrentVersion.targets(2451,5): warning MSB3277:         C:\Program Files\dotnet\packs\Microsoft.NETCore.App.Ref\8.0.25\ref\net8.0\WindowsBase.dll [C:\Users\ultra\warewolf\Dev\Dev2.Intellisense\Dev2.Intellisense.csproj]
C:\Program Files\dotnet\sdk\10.0.201\Microsoft.Common.CurrentVersion.targets(2451,5): warning MSB3277:           Project file item includes which caused reference "C:\Program Files\dotnet\packs\Microsoft.NETCore.App.Ref\8.0.25\ref\net8.0\WindowsBase.dll". [C:\Users\ultra\warewolf\Dev\Dev2.Intellisense\Dev2.Intellisense.csproj]
C:\Program Files\dotnet\sdk\10.0.201\Microsoft.Common.CurrentVersion.targets(2451,5): warning MSB3277:             C:\Program Files\dotnet\packs\Microsoft.NETCore.App.Ref\8.0.25\ref/net8.0/WindowsBase.dll [C:\Users\ultra\warewolf\Dev\Dev2.Intellisense\Dev2.Intellisense.csproj]
C:\Program Files\dotnet\sdk\10.0.201\Microsoft.Common.CurrentVersion.targets(2451,5): warning MSB3277:     References which depend on or have been unified to "WindowsBase, Version=6.0.2.0, Culture=neutral, PublicKeyToken=31bf3856ad364e35" []. [C:\Users\ultra\warewolf\Dev\Dev2.Intellisense\Dev2.Intellisense.csproj]
C:\Program Files\dotnet\sdk\10.0.201\Microsoft.Common.CurrentVersion.targets(2451,5): warning MSB3277:         C:\Users\ultra\warewolf\Dev\Binaries\Infragistcs_Net6\Infragistics.Calculations.dll [C:\Users\ultra\warewolf\Dev\Dev2.Intellisense\Dev2.Intellisense.csproj]
C:\Program Files\dotnet\sdk\10.0.201\Microsoft.Common.CurrentVersion.targets(2451,5): warning MSB3277:           Project file item includes which caused reference "C:\Users\ultra\warewolf\Dev\Binaries\Infragistcs_Net6\Infragistics.Calculations.dll". [C:\Users\ultra\warewolf\Dev\Dev2.Intellisense\Dev2.Intellisense.csproj]
C:\Program Files\dotnet\sdk\10.0.201\Microsoft.Common.CurrentVersion.targets(2451,5): warning MSB3277:             CalculationManager.WPF [C:\Users\ultra\warewolf\Dev\Dev2.Intellisense\Dev2.Intellisense.csproj]
C:\Program Files\dotnet\sdk\10.0.201\Microsoft.Common.CurrentVersion.targets(2451,5): warning MSB3277:         C:\Users\ultra\warewolf\Dev\Binaries\Infragistcs_Net6\InfragisticsWPF4.Math.Calculators.v15.1.dll [C:\Users\ultra\warewolf\Dev\Dev2.Intellisense\Dev2.Intellisense.csproj]
C:\Program Files\dotnet\sdk\10.0.201\Microsoft.Common.CurrentVersion.targets(2451,5): warning MSB3277:           Project file item includes which caused reference "C:\Users\ultra\warewolf\Dev\Binaries\Infragistcs_Net6\InfragisticsWPF4.Math.Calculators.v15.1.dll". [C:\Users\ultra\warewolf\Dev\Dev2.Intellisense\Dev2.Intellisense.csproj]
C:\Program Files\dotnet\sdk\10.0.201\Microsoft.Common.CurrentVersion.targets(2451,5): warning MSB3277:             InfragisticsWPF4.Math.Calculators.v15.1, Version=15.1.20151.2055, Culture=neutral, PublicKeyToken=7dd5c3163f2cd0cb, processorArchitecture=MSIL [C:\Users\ultra\warewolf\Dev\Dev2.Intellisense\Dev2.Intellisense.csproj]
C:\Program Files\dotnet\sdk\10.0.201\Microsoft.Common.CurrentVersion.targets(2451,5): warning MSB3277:         C:\Users\ultra\warewolf\Dev\Binaries\Infragistcs_Net6\InfragisticsWPF4.v15.1.dll [C:\Users\ultra\warewolf\Dev\Dev2.Intellisense\Dev2.Intellisense.csproj]
C:\Program Files\dotnet\sdk\10.0.201\Microsoft.Common.CurrentVersion.targets(2451,5): warning MSB3277:           Project file item includes which caused reference "C:\Users\ultra\warewolf\Dev\Binaries\Infragistcs_Net6\InfragisticsWPF4.v15.1.dll". [C:\Users\ultra\warewolf\Dev\Dev2.Intellisense\Dev2.Intellisense.csproj]
C:\Program Files\dotnet\sdk\10.0.201\Microsoft.Common.CurrentVersion.targets(2451,5): warning MSB3277:             InfragisticsWPF4.v15.1, Version=15.1.20151.2055, Culture=neutral, PublicKeyToken=7dd5c3163f2cd0cb, processorArchitecture=MSIL [C:\Users\ultra\warewolf\Dev\Dev2.Intellisense\Dev2.Intellisense.csproj]
C:\Program Files\dotnet\sdk\10.0.201\Microsoft.Common.CurrentVersion.targets(2451,5): warning MSB3277:             CalculationManager.WPF [C:\Users\ultra\warewolf\Dev\Dev2.Intellisense\Dev2.Intellisense.csproj]
C:\Program Files\dotnet\sdk\10.0.201\Microsoft.Common.CurrentVersion.targets(2451,5): warning MSB3277:             InfragisticsWPF4.Math.Calculators.v15.1, Version=15.1.20151.2055, Culture=neutral, PublicKeyToken=7dd5c3163f2cd0cb, processorArchitecture=MSIL [C:\Users\ultra\warewolf\Dev\Dev2.Intellisense\Dev2.Intellisense.csproj]
C:\Program Files\dotnet\sdk\10.0.201\Microsoft.Common.CurrentVersion.targets(2451,5): warning MSB3277:         C:\Users\ultra\.nuget\packages\caliburn.micro\4.0.212\lib\netcoreapp3.1\Caliburn.Micro.Platform.dll [C:\Users\ultra\warewolf\Dev\Dev2.Intellisense\Dev2.Intellisense.csproj]
C:\Program Files\dotnet\sdk\10.0.201\Microsoft.Common.CurrentVersion.targets(2451,5): warning MSB3277:           Project file item includes which caused reference "C:\Users\ultra\.nuget\packages\caliburn.micro\4.0.212\lib\netcoreapp3.1\Caliburn.Micro.Platform.dll". [C:\Users\ultra\warewolf\Dev\Dev2.Intellisense\Dev2.Intellisense.csproj]
C:\Program Files\dotnet\sdk\10.0.201\Microsoft.Common.CurrentVersion.targets(2451,5): warning MSB3277:             C:\Users\ultra\.nuget\packages\caliburn.micro\4.0.212\lib\netcoreapp3.1\Caliburn.Micro.Platform.dll [C:\Users\ultra\warewolf\Dev\Dev2.Intellisense\Dev2.Intellisense.csproj]
C:\Program Files\dotnet\sdk\10.0.201\Microsoft.Common.CurrentVersion.targets(2451,5): warning MSB3277:         C:\Users\ultra\.nuget\packages\ironpython\3.4.0\lib\net6.0\IronPython.Wpf.dll [C:\Users\ultra\warewolf\Dev\Dev2.Intellisense\Dev2.Intellisense.csproj]
C:\Program Files\dotnet\sdk\10.0.201\Microsoft.Common.CurrentVersion.targets(2451,5): warning MSB3277:           Project file item includes which caused reference "C:\Users\ultra\.nuget\packages\ironpython\3.4.0\lib\net6.0\IronPython.Wpf.dll". [C:\Users\ultra\warewolf\Dev\Dev2.Intellisense\Dev2.Intellisense.csproj]
C:\Program Files\dotnet\sdk\10.0.201\Microsoft.Common.CurrentVersion.targets(2451,5): warning MSB3277:             C:\Users\ultra\.nuget\packages\ironpython\3.4.0\lib\net6.0\IronPython.Wpf.dll [C:\Users\ultra\warewolf\Dev\Dev2.Intellisense\Dev2.Intellisense.csproj]
C:\Program Files\dotnet\sdk\10.0.201\Microsoft.Common.CurrentVersion.targets(2451,5): warning MSB3277:         C:\Users\ultra\.nuget\packages\microsoft.xaml.behaviors.wpf\1.1.122\lib\net462\Microsoft.Xaml.Behaviors.dll [C:\Users\ultra\warewolf\Dev\Dev2.Intellisense\Dev2.Intellisense.csproj]
C:\Program Files\dotnet\sdk\10.0.201\Microsoft.Common.CurrentVersion.targets(2451,5): warning MSB3277:           Project file item includes which caused reference "C:\Users\ultra\.nuget\packages\microsoft.xaml.behaviors.wpf\1.1.122\lib\net462\Microsoft.Xaml.Behaviors.dll". [C:\Users\ultra\warewolf\Dev\Dev2.Intellisense\Dev2.Intellisense.csproj]
C:\Program Files\dotnet\sdk\10.0.201\Microsoft.Common.CurrentVersion.targets(2451,5): warning MSB3277:             C:\Users\ultra\.nuget\packages\microsoft.xaml.behaviors.wpf\1.1.122\lib\net462\Microsoft.Xaml.Behaviors.dll [C:\Users\ultra\warewolf\Dev\Dev2.Intellisense\Dev2.Intellisense.csproj]
C:\Program Files\dotnet\sdk\10.0.201\Microsoft.Common.CurrentVersion.targets(2451,5): warning MSB3277:             C:\Users\ultra\.nuget\packages\caliburn.micro\4.0.212\lib\netcoreapp3.1\Caliburn.Micro.Platform.dll [C:\Users\ultra\warewolf\Dev\Dev2.Intellisense\Dev2.Intellisense.csproj]
C:\Program Files\dotnet\sdk\10.0.201\Microsoft.Common.CurrentVersion.targets(2451,5): warning MSB3277:             C:\Users\ultra\.nuget\packages\prism.wpf\9.0.537\lib\net462\Prism.Wpf.dll [C:\Users\ultra\warewolf\Dev\Dev2.Intellisense\Dev2.Intellisense.csproj]
C:\Program Files\dotnet\sdk\10.0.201\Microsoft.Common.CurrentVersion.targets(2451,5): warning MSB3277:         C:\Users\ultra\.nuget\packages\prism.wpf\9.0.537\lib\net462\Prism.Wpf.dll [C:\Users\ultra\warewolf\Dev\Dev2.Intellisense\Dev2.Intellisense.csproj]
C:\Program Files\dotnet\sdk\10.0.201\Microsoft.Common.CurrentVersion.targets(2451,5): warning MSB3277:           Project file item includes which caused reference "C:\Users\ultra\.nuget\packages\prism.wpf\9.0.537\lib\net462\Prism.Wpf.dll". [C:\Users\ultra\warewolf\Dev\Dev2.Intellisense\Dev2.Intellisense.csproj]
C:\Program Files\dotnet\sdk\10.0.201\Microsoft.Common.CurrentVersion.targets(2451,5): warning MSB3277:             C:\Users\ultra\.nuget\packages\prism.wpf\9.0.537\lib\net462\Prism.Wpf.dll [C:\Users\ultra\warewolf\Dev\Dev2.Intellisense\Dev2.Intellisense.csproj]
C:\Program Files\dotnet\sdk\10.0.201\Microsoft.Common.CurrentVersion.targets(2451,5): warning MSB3277:         C:\Users\ultra\.nuget\packages\reactiveui.wpf\18.4.1\lib\net462\ReactiveUI.Wpf.dll [C:\Users\ultra\warewolf\Dev\Dev2.Intellisense\Dev2.Intellisense.csproj]
C:\Program Files\dotnet\sdk\10.0.201\Microsoft.Common.CurrentVersion.targets(2451,5): warning MSB3277:           Project file item includes which caused reference "C:\Users\ultra\.nuget\packages\reactiveui.wpf\18.4.1\lib\net462\ReactiveUI.Wpf.dll". [C:\Users\ultra\warewolf\Dev\Dev2.Intellisense\Dev2.Intellisense.csproj]
C:\Program Files\dotnet\sdk\10.0.201\Microsoft.Common.CurrentVersion.targets(2451,5): warning MSB3277:             C:\Users\ultra\.nuget\packages\reactiveui.wpf\18.4.1\lib\net462\ReactiveUI.Wpf.dll [C:\Users\ultra\warewolf\Dev\Dev2.Intellisense\Dev2.Intellisense.csproj]
C:\Program Files\dotnet\sdk\10.0.201\Microsoft.Common.CurrentVersion.targets(2451,5): warning MSB3277:         C:\Users\ultra\warewolf\Dev\Binaries\Infragistcs_Net6\InfragisticsWPF4.DataVisualization.v15.1.dll [C:\Users\ultra\warewolf\Dev\Dev2.Intellisense\Dev2.Intellisense.csproj]
C:\Program Files\dotnet\sdk\10.0.201\Microsoft.Common.CurrentVersion.targets(2451,5): warning MSB3277:           Project file item includes which caused reference "C:\Users\ultra\warewolf\Dev\Binaries\Infragistcs_Net6\InfragisticsWPF4.DataVisualization.v15.1.dll". [C:\Users\ultra\warewolf\Dev\Dev2.Intellisense\Dev2.Intellisense.csproj]
C:\Program Files\dotnet\sdk\10.0.201\Microsoft.Common.CurrentVersion.targets(2451,5): warning MSB3277:             InfragisticsWPF4.Math.Calculators.v15.1, Version=15.1.20151.2055, Culture=neutral, PublicKeyToken=7dd5c3163f2cd0cb, processorArchitecture=MSIL [C:\Users\ultra\warewolf\Dev\Dev2.Intellisense\Dev2.Intellisense.csproj]
C:\Program Files\dotnet\sdk\10.0.201\Microsoft.Common.CurrentVersion.targets(2451,5): warning MSB3277: Found conflicts between different versions of "WindowsBase" that could not be resolved. [C:\Users\ultra\warewolf\Dev\Warewolf.MergeParser\Warewolf.MergeParser.csproj]
C:\Program Files\dotnet\sdk\10.0.201\Microsoft.Common.CurrentVersion.targets(2451,5): warning MSB3277: There was a conflict between "WindowsBase, Version=4.0.0.0, Culture=neutral, PublicKeyToken=31bf3856ad364e35" and "WindowsBase, Version=6.0.2.0, Culture=neutral, PublicKeyToken=31bf3856ad364e35". [C:\Users\ultra\warewolf\Dev\Warewolf.MergeParser\Warewolf.MergeParser.csproj]
C:\Program Files\dotnet\sdk\10.0.201\Microsoft.Common.CurrentVersion.targets(2451,5): warning MSB3277:     "WindowsBase, Version=4.0.0.0, Culture=neutral, PublicKeyToken=31bf3856ad364e35" was chosen because it was primary and "WindowsBase, Version=6.0.2.0, Culture=neutral, PublicKeyToken=31bf3856ad364e35" was not. [C:\Users\ultra\warewolf\Dev\Warewolf.MergeParser\Warewolf.MergeParser.csproj]
C:\Program Files\dotnet\sdk\10.0.201\Microsoft.Common.CurrentVersion.targets(2451,5): warning MSB3277:     References which depend on "WindowsBase, Version=4.0.0.0, Culture=neutral, PublicKeyToken=31bf3856ad364e35" [C:\Program Files\dotnet\packs\Microsoft.NETCore.App.Ref\8.0.25\ref\net8.0\WindowsBase.dll]. [C:\Users\ultra\warewolf\Dev\Warewolf.MergeParser\Warewolf.MergeParser.csproj]
C:\Program Files\dotnet\sdk\10.0.201\Microsoft.Common.CurrentVersion.targets(2451,5): warning MSB3277:         C:\Program Files\dotnet\packs\Microsoft.NETCore.App.Ref\8.0.25\ref\net8.0\WindowsBase.dll [C:\Users\ultra\warewolf\Dev\Warewolf.MergeParser\Warewolf.MergeParser.csproj]
C:\Program Files\dotnet\sdk\10.0.201\Microsoft.Common.CurrentVersion.targets(2451,5): warning MSB3277:           Project file item includes which caused reference "C:\Program Files\dotnet\packs\Microsoft.NETCore.App.Ref\8.0.25\ref\net8.0\WindowsBase.dll". [C:\Users\ultra\warewolf\Dev\Warewolf.MergeParser\Warewolf.MergeParser.csproj]
C:\Program Files\dotnet\sdk\10.0.201\Microsoft.Common.CurrentVersion.targets(2451,5): warning MSB3277:             C:\Program Files\dotnet\packs\Microsoft.NETCore.App.Ref\8.0.25\ref/net8.0/WindowsBase.dll [C:\Users\ultra\warewolf\Dev\Warewolf.MergeParser\Warewolf.MergeParser.csproj]
C:\Program Files\dotnet\sdk\10.0.201\Microsoft.Common.CurrentVersion.targets(2451,5): warning MSB3277:     References which depend on or have been unified to "WindowsBase, Version=6.0.2.0, Culture=neutral, PublicKeyToken=31bf3856ad364e35" []. [C:\Users\ultra\warewolf\Dev\Warewolf.MergeParser\Warewolf.MergeParser.csproj]
C:\Program Files\dotnet\sdk\10.0.201\Microsoft.Common.CurrentVersion.targets(2451,5): warning MSB3277:         C:\Users\ultra\.nuget\packages\caliburn.micro\4.0.212\lib\netcoreapp3.1\Caliburn.Micro.Platform.dll [C:\Users\ultra\warewolf\Dev\Warewolf.MergeParser\Warewolf.MergeParser.csproj]
C:\Program Files\dotnet\sdk\10.0.201\Microsoft.Common.CurrentVersion.targets(2451,5): warning MSB3277:           Project file item includes which caused reference "C:\Users\ultra\.nuget\packages\caliburn.micro\4.0.212\lib\netcoreapp3.1\Caliburn.Micro.Platform.dll". [C:\Users\ultra\warewolf\Dev\Warewolf.MergeParser\Warewolf.MergeParser.csproj]
C:\Program Files\dotnet\sdk\10.0.201\Microsoft.Common.CurrentVersion.targets(2451,5): warning MSB3277:             C:\Users\ultra\.nuget\packages\caliburn.micro\4.0.212\lib\netcoreapp3.1\Caliburn.Micro.Platform.dll [C:\Users\ultra\warewolf\Dev\Warewolf.MergeParser\Warewolf.MergeParser.csproj]
C:\Program Files\dotnet\sdk\10.0.201\Microsoft.Common.CurrentVersion.targets(2451,5): warning MSB3277:         C:\Users\ultra\.nuget\packages\ironpython\3.4.0\lib\net6.0\IronPython.Wpf.dll [C:\Users\ultra\warewolf\Dev\Warewolf.MergeParser\Warewolf.MergeParser.csproj]
C:\Program Files\dotnet\sdk\10.0.201\Microsoft.Common.CurrentVersion.targets(2451,5): warning MSB3277:           Project file item includes which caused reference "C:\Users\ultra\.nuget\packages\ironpython\3.4.0\lib\net6.0\IronPython.Wpf.dll". [C:\Users\ultra\warewolf\Dev\Warewolf.MergeParser\Warewolf.MergeParser.csproj]
C:\Program Files\dotnet\sdk\10.0.201\Microsoft.Common.CurrentVersion.targets(2451,5): warning MSB3277:             C:\Users\ultra\.nuget\packages\ironpython\3.4.0\lib\net6.0\IronPython.Wpf.dll [C:\Users\ultra\warewolf\Dev\Warewolf.MergeParser\Warewolf.MergeParser.csproj]
C:\Program Files\dotnet\sdk\10.0.201\Microsoft.Common.CurrentVersion.targets(2451,5): warning MSB3277:         C:\Users\ultra\.nuget\packages\microsoft.xaml.behaviors.wpf\1.1.122\lib\net462\Microsoft.Xaml.Behaviors.dll [C:\Users\ultra\warewolf\Dev\Warewolf.MergeParser\Warewolf.MergeParser.csproj]
C:\Program Files\dotnet\sdk\10.0.201\Microsoft.Common.CurrentVersion.targets(2451,5): warning MSB3277:           Project file item includes which caused reference "C:\Users\ultra\.nuget\packages\microsoft.xaml.behaviors.wpf\1.1.122\lib\net462\Microsoft.Xaml.Behaviors.dll". [C:\Users\ultra\warewolf\Dev\Warewolf.MergeParser\Warewolf.MergeParser.csproj]
C:\Program Files\dotnet\sdk\10.0.201\Microsoft.Common.CurrentVersion.targets(2451,5): warning MSB3277:             C:\Users\ultra\.nuget\packages\microsoft.xaml.behaviors.wpf\1.1.122\lib\net462\Microsoft.Xaml.Behaviors.dll [C:\Users\ultra\warewolf\Dev\Warewolf.MergeParser\Warewolf.MergeParser.csproj]
C:\Program Files\dotnet\sdk\10.0.201\Microsoft.Common.CurrentVersion.targets(2451,5): warning MSB3277:             C:\Users\ultra\.nuget\packages\caliburn.micro\4.0.212\lib\netcoreapp3.1\Caliburn.Micro.Platform.dll [C:\Users\ultra\warewolf\Dev\Warewolf.MergeParser\Warewolf.MergeParser.csproj]
C:\Program Files\dotnet\sdk\10.0.201\Microsoft.Common.CurrentVersion.targets(2451,5): warning MSB3277:             C:\Users\ultra\.nuget\packages\prism.wpf\9.0.537\lib\net462\Prism.Wpf.dll [C:\Users\ultra\warewolf\Dev\Warewolf.MergeParser\Warewolf.MergeParser.csproj]
C:\Program Files\dotnet\sdk\10.0.201\Microsoft.Common.CurrentVersion.targets(2451,5): warning MSB3277:         C:\Users\ultra\.nuget\packages\prism.wpf\9.0.537\lib\net462\Prism.Wpf.dll [C:\Users\ultra\warewolf\Dev\Warewolf.MergeParser\Warewolf.MergeParser.csproj]
C:\Program Files\dotnet\sdk\10.0.201\Microsoft.Common.CurrentVersion.targets(2451,5): warning MSB3277:           Project file item includes which caused reference "C:\Users\ultra\.nuget\packages\prism.wpf\9.0.537\lib\net462\Prism.Wpf.dll". [C:\Users\ultra\warewolf\Dev\Warewolf.MergeParser\Warewolf.MergeParser.csproj]
C:\Program Files\dotnet\sdk\10.0.201\Microsoft.Common.CurrentVersion.targets(2451,5): warning MSB3277:             C:\Users\ultra\.nuget\packages\prism.wpf\9.0.537\lib\net462\Prism.Wpf.dll [C:\Users\ultra\warewolf\Dev\Warewolf.MergeParser\Warewolf.MergeParser.csproj]
C:\Program Files\dotnet\sdk\10.0.201\Microsoft.Common.CurrentVersion.targets(2451,5): warning MSB3277:         C:\Users\ultra\.nuget\packages\reactiveui.wpf\18.4.1\lib\net462\ReactiveUI.Wpf.dll [C:\Users\ultra\warewolf\Dev\Warewolf.MergeParser\Warewolf.MergeParser.csproj]
C:\Program Files\dotnet\sdk\10.0.201\Microsoft.Common.CurrentVersion.targets(2451,5): warning MSB3277:           Project file item includes which caused reference "C:\Users\ultra\.nuget\packages\reactiveui.wpf\18.4.1\lib\net462\ReactiveUI.Wpf.dll". [C:\Users\ultra\warewolf\Dev\Warewolf.MergeParser\Warewolf.MergeParser.csproj]
C:\Program Files\dotnet\sdk\10.0.201\Microsoft.Common.CurrentVersion.targets(2451,5): warning MSB3277:             C:\Users\ultra\.nuget\packages\reactiveui.wpf\18.4.1\lib\net462\ReactiveUI.Wpf.dll [C:\Users\ultra\warewolf\Dev\Warewolf.MergeParser\Warewolf.MergeParser.csproj]
  Warewolf.Common.Framework48 -> C:\Users\ultra\warewolf\Dev\Warewolf.Common.Framework48\bin\Debug\net8.0\Warewolf.Common.Framework48.dll
  Warewolf.MergeParser -> C:\Users\ultra\warewolf\Dev\Warewolf.MergeParser\bin\Debug\net8.0\Warewolf.MergeParser.dll
C:\Program Files\dotnet\sdk\10.0.201\Microsoft.Common.CurrentVersion.targets(2451,5): warning MSB3245: Could not resolve this reference. Could not locate the assembly "System.Web". Check to make sure the assembly exists on disk. If this reference is required by your code, you may get compilation errors. [C:\Users\ultra\warewolf\Dev\Dev2.Runtime.WebServer\Dev2.Runtime.WebServer.csproj]
  Dev2.Intellisense -> C:\Users\ultra\warewolf\Dev\Dev2.Intellisense\bin\Debug\net8.0\Dev2.Intellisense.dll
C:\Program Files\dotnet\sdk\10.0.201\Microsoft.Common.CurrentVersion.targets(2451,5): warning MSB3243: No way to resolve conflict between "System.Web, Version=4.0.0.0, Culture=neutral, PublicKeyToken=b03f5f7f11d50a3a" and "System.Web". Choosing "System.Web, Version=4.0.0.0, Culture=neutral, PublicKeyToken=b03f5f7f11d50a3a" arbitrarily. [C:\Users\ultra\warewolf\Dev\Dev2.Runtime.WebServer\Dev2.Runtime.WebServer.csproj]
C:\Program Files\dotnet\sdk\10.0.201\Microsoft.Common.CurrentVersion.targets(2451,5): warning MSB3277: Found conflicts between different versions of "WindowsBase" that could not be resolved. [C:\Users\ultra\warewolf\Dev\Dev2.Runtime.WebServer\Dev2.Runtime.WebServer.csproj]
C:\Program Files\dotnet\sdk\10.0.201\Microsoft.Common.CurrentVersion.targets(2451,5): warning MSB3277: There was a conflict between "WindowsBase, Version=4.0.0.0, Culture=neutral, PublicKeyToken=31bf3856ad364e35" and "WindowsBase, Version=6.0.2.0, Culture=neutral, PublicKeyToken=31bf3856ad364e35". [C:\Users\ultra\warewolf\Dev\Dev2.Runtime.WebServer\Dev2.Runtime.WebServer.csproj]
C:\Program Files\dotnet\sdk\10.0.201\Microsoft.Common.CurrentVersion.targets(2451,5): warning MSB3277:     "WindowsBase, Version=4.0.0.0, Culture=neutral, PublicKeyToken=31bf3856ad364e35" was chosen because it was primary and "WindowsBase, Version=6.0.2.0, Culture=neutral, PublicKeyToken=31bf3856ad364e35" was not. [C:\Users\ultra\warewolf\Dev\Dev2.Runtime.WebServer\Dev2.Runtime.WebServer.csproj]
C:\Program Files\dotnet\sdk\10.0.201\Microsoft.Common.CurrentVersion.targets(2451,5): warning MSB3277:     References which depend on "WindowsBase, Version=4.0.0.0, Culture=neutral, PublicKeyToken=31bf3856ad364e35" [C:\Program Files\dotnet\packs\Microsoft.NETCore.App.Ref\8.0.25\ref\net8.0\WindowsBase.dll]. [C:\Users\ultra\warewolf\Dev\Dev2.Runtime.WebServer\Dev2.Runtime.WebServer.csproj]
C:\Program Files\dotnet\sdk\10.0.201\Microsoft.Common.CurrentVersion.targets(2451,5): warning MSB3277:         C:\Program Files\dotnet\packs\Microsoft.NETCore.App.Ref\8.0.25\ref\net8.0\WindowsBase.dll [C:\Users\ultra\warewolf\Dev\Dev2.Runtime.WebServer\Dev2.Runtime.WebServer.csproj]
C:\Program Files\dotnet\sdk\10.0.201\Microsoft.Common.CurrentVersion.targets(2451,5): warning MSB3277:           Project file item includes which caused reference "C:\Program Files\dotnet\packs\Microsoft.NETCore.App.Ref\8.0.25\ref\net8.0\WindowsBase.dll". [C:\Users\ultra\warewolf\Dev\Dev2.Runtime.WebServer\Dev2.Runtime.WebServer.csproj]
C:\Program Files\dotnet\sdk\10.0.201\Microsoft.Common.CurrentVersion.targets(2451,5): warning MSB3277:             C:\Program Files\dotnet\packs\Microsoft.NETCore.App.Ref\8.0.25\ref/net8.0/WindowsBase.dll [C:\Users\ultra\warewolf\Dev\Dev2.Runtime.WebServer\Dev2.Runtime.WebServer.csproj]
C:\Program Files\dotnet\sdk\10.0.201\Microsoft.Common.CurrentVersion.targets(2451,5): warning MSB3277:     References which depend on or have been unified to "WindowsBase, Version=6.0.2.0, Culture=neutral, PublicKeyToken=31bf3856ad364e35" []. [C:\Users\ultra\warewolf\Dev\Dev2.Runtime.WebServer\Dev2.Runtime.WebServer.csproj]
C:\Program Files\dotnet\sdk\10.0.201\Microsoft.Common.CurrentVersion.targets(2451,5): warning MSB3277:         C:\Users\ultra\.nuget\packages\caliburn.micro\4.0.212\lib\netcoreapp3.1\Caliburn.Micro.Platform.dll [C:\Users\ultra\warewolf\Dev\Dev2.Runtime.WebServer\Dev2.Runtime.WebServer.csproj]
C:\Program Files\dotnet\sdk\10.0.201\Microsoft.Common.CurrentVersion.targets(2451,5): warning MSB3277:           Project file item includes which caused reference "C:\Users\ultra\.nuget\packages\caliburn.micro\4.0.212\lib\netcoreapp3.1\Caliburn.Micro.Platform.dll". [C:\Users\ultra\warewolf\Dev\Dev2.Runtime.WebServer\Dev2.Runtime.WebServer.csproj]
C:\Program Files\dotnet\sdk\10.0.201\Microsoft.Common.CurrentVersion.targets(2451,5): warning MSB3277:             C:\Users\ultra\.nuget\packages\caliburn.micro\4.0.212\lib\netcoreapp3.1\Caliburn.Micro.Platform.dll [C:\Users\ultra\warewolf\Dev\Dev2.Runtime.WebServer\Dev2.Runtime.WebServer.csproj]
C:\Program Files\dotnet\sdk\10.0.201\Microsoft.Common.CurrentVersion.targets(2451,5): warning MSB3277:         C:\Users\ultra\.nuget\packages\ironpython\3.4.0\lib\net6.0\IronPython.Wpf.dll [C:\Users\ultra\warewolf\Dev\Dev2.Runtime.WebServer\Dev2.Runtime.WebServer.csproj]
C:\Program Files\dotnet\sdk\10.0.201\Microsoft.Common.CurrentVersion.targets(2451,5): warning MSB3277:           Project file item includes which caused reference "C:\Users\ultra\.nuget\packages\ironpython\3.4.0\lib\net6.0\IronPython.Wpf.dll". [C:\Users\ultra\warewolf\Dev\Dev2.Runtime.WebServer\Dev2.Runtime.WebServer.csproj]
C:\Program Files\dotnet\sdk\10.0.201\Microsoft.Common.CurrentVersion.targets(2451,5): warning MSB3277:             C:\Users\ultra\.nuget\packages\ironpython\3.4.0\lib\net6.0\IronPython.Wpf.dll [C:\Users\ultra\warewolf\Dev\Dev2.Runtime.WebServer\Dev2.Runtime.WebServer.csproj]
C:\Program Files\dotnet\sdk\10.0.201\Microsoft.Common.CurrentVersion.targets(2451,5): warning MSB3277:         C:\Users\ultra\.nuget\packages\microsoft.xaml.behaviors.wpf\1.1.122\lib\net462\Microsoft.Xaml.Behaviors.dll [C:\Users\ultra\warewolf\Dev\Dev2.Runtime.WebServer\Dev2.Runtime.WebServer.csproj]
C:\Program Files\dotnet\sdk\10.0.201\Microsoft.Common.CurrentVersion.targets(2451,5): warning MSB3277:           Project file item includes which caused reference "C:\Users\ultra\.nuget\packages\microsoft.xaml.behaviors.wpf\1.1.122\lib\net462\Microsoft.Xaml.Behaviors.dll". [C:\Users\ultra\warewolf\Dev\Dev2.Runtime.WebServer\Dev2.Runtime.WebServer.csproj]
C:\Program Files\dotnet\sdk\10.0.201\Microsoft.Common.CurrentVersion.targets(2451,5): warning MSB3277:             C:\Users\ultra\.nuget\packages\microsoft.xaml.behaviors.wpf\1.1.122\lib\net462\Microsoft.Xaml.Behaviors.dll [C:\Users\ultra\warewolf\Dev\Dev2.Runtime.WebServer\Dev2.Runtime.WebServer.csproj]
C:\Program Files\dotnet\sdk\10.0.201\Microsoft.Common.CurrentVersion.targets(2451,5): warning MSB3277:             C:\Users\ultra\.nuget\packages\caliburn.micro\4.0.212\lib\netcoreapp3.1\Caliburn.Micro.Platform.dll [C:\Users\ultra\warewolf\Dev\Dev2.Runtime.WebServer\Dev2.Runtime.WebServer.csproj]
C:\Program Files\dotnet\sdk\10.0.201\Microsoft.Common.CurrentVersion.targets(2451,5): warning MSB3277:             C:\Users\ultra\.nuget\packages\prism.wpf\9.0.537\lib\net462\Prism.Wpf.dll [C:\Users\ultra\warewolf\Dev\Dev2.Runtime.WebServer\Dev2.Runtime.WebServer.csproj]
C:\Program Files\dotnet\sdk\10.0.201\Microsoft.Common.CurrentVersion.targets(2451,5): warning MSB3277:         C:\Users\ultra\.nuget\packages\prism.wpf\9.0.537\lib\net462\Prism.Wpf.dll [C:\Users\ultra\warewolf\Dev\Dev2.Runtime.WebServer\Dev2.Runtime.WebServer.csproj]
C:\Program Files\dotnet\sdk\10.0.201\Microsoft.Common.CurrentVersion.targets(2451,5): warning MSB3277:           Project file item includes which caused reference "C:\Users\ultra\.nuget\packages\prism.wpf\9.0.537\lib\net462\Prism.Wpf.dll". [C:\Users\ultra\warewolf\Dev\Dev2.Runtime.WebServer\Dev2.Runtime.WebServer.csproj]
C:\Program Files\dotnet\sdk\10.0.201\Microsoft.Common.CurrentVersion.targets(2451,5): warning MSB3277:             C:\Users\ultra\.nuget\packages\prism.wpf\9.0.537\lib\net462\Prism.Wpf.dll [C:\Users\ultra\warewolf\Dev\Dev2.Runtime.WebServer\Dev2.Runtime.WebServer.csproj]
C:\Program Files\dotnet\sdk\10.0.201\Microsoft.Common.CurrentVersion.targets(2451,5): warning MSB3277:         C:\Users\ultra\.nuget\packages\reactiveui.wpf\18.4.1\lib\net462\ReactiveUI.Wpf.dll [C:\Users\ultra\warewolf\Dev\Dev2.Runtime.WebServer\Dev2.Runtime.WebServer.csproj]
C:\Program Files\dotnet\sdk\10.0.201\Microsoft.Common.CurrentVersion.targets(2451,5): warning MSB3277:           Project file item includes which caused reference "C:\Users\ultra\.nuget\packages\reactiveui.wpf\18.4.1\lib\net462\ReactiveUI.Wpf.dll". [C:\Users\ultra\warewolf\Dev\Dev2.Runtime.WebServer\Dev2.Runtime.WebServer.csproj]
C:\Program Files\dotnet\sdk\10.0.201\Microsoft.Common.CurrentVersion.targets(2451,5): warning MSB3277:             C:\Users\ultra\.nuget\packages\reactiveui.wpf\18.4.1\lib\net462\ReactiveUI.Wpf.dll [C:\Users\ultra\warewolf\Dev\Dev2.Runtime.WebServer\Dev2.Runtime.WebServer.csproj]
C:\Program Files\dotnet\sdk\10.0.201\Microsoft.Common.CurrentVersion.targets(2451,5): warning MSB3277: Found conflicts between different versions of "WindowsBase" that could not be resolved. [C:\Users\ultra\warewolf\Dev\Warewolf.MergeParser.Tests\Warewolf.MergeParser.Tests.csproj]
C:\Program Files\dotnet\sdk\10.0.201\Microsoft.Common.CurrentVersion.targets(2451,5): warning MSB3277: There was a conflict between "WindowsBase, Version=4.0.0.0, Culture=neutral, PublicKeyToken=31bf3856ad364e35" and "WindowsBase, Version=6.0.2.0, Culture=neutral, PublicKeyToken=31bf3856ad364e35". [C:\Users\ultra\warewolf\Dev\Warewolf.MergeParser.Tests\Warewolf.MergeParser.Tests.csproj]
C:\Program Files\dotnet\sdk\10.0.201\Microsoft.Common.CurrentVersion.targets(2451,5): warning MSB3277:     "WindowsBase, Version=4.0.0.0, Culture=neutral, PublicKeyToken=31bf3856ad364e35" was chosen because it was primary and "WindowsBase, Version=6.0.2.0, Culture=neutral, PublicKeyToken=31bf3856ad364e35" was not. [C:\Users\ultra\warewolf\Dev\Warewolf.MergeParser.Tests\Warewolf.MergeParser.Tests.csproj]
C:\Program Files\dotnet\sdk\10.0.201\Microsoft.Common.CurrentVersion.targets(2451,5): warning MSB3277:     References which depend on "WindowsBase, Version=4.0.0.0, Culture=neutral, PublicKeyToken=31bf3856ad364e35" [C:\Program Files\dotnet\packs\Microsoft.NETCore.App.Ref\8.0.25\ref\net8.0\WindowsBase.dll]. [C:\Users\ultra\warewolf\Dev\Warewolf.MergeParser.Tests\Warewolf.MergeParser.Tests.csproj]
C:\Program Files\dotnet\sdk\10.0.201\Microsoft.Common.CurrentVersion.targets(2451,5): warning MSB3277:         C:\Program Files\dotnet\packs\Microsoft.NETCore.App.Ref\8.0.25\ref\net8.0\WindowsBase.dll [C:\Users\ultra\warewolf\Dev\Warewolf.MergeParser.Tests\Warewolf.MergeParser.Tests.csproj]
C:\Program Files\dotnet\sdk\10.0.201\Microsoft.Common.CurrentVersion.targets(2451,5): warning MSB3277:           Project file item includes which caused reference "C:\Program Files\dotnet\packs\Microsoft.NETCore.App.Ref\8.0.25\ref\net8.0\WindowsBase.dll". [C:\Users\ultra\warewolf\Dev\Warewolf.MergeParser.Tests\Warewolf.MergeParser.Tests.csproj]
C:\Program Files\dotnet\sdk\10.0.201\Microsoft.Common.CurrentVersion.targets(2451,5): warning MSB3277:             C:\Program Files\dotnet\packs\Microsoft.NETCore.App.Ref\8.0.25\ref/net8.0/WindowsBase.dll [C:\Users\ultra\warewolf\Dev\Warewolf.MergeParser.Tests\Warewolf.MergeParser.Tests.csproj]
C:\Program Files\dotnet\sdk\10.0.201\Microsoft.Common.CurrentVersion.targets(2451,5): warning MSB3277:     References which depend on or have been unified to "WindowsBase, Version=6.0.2.0, Culture=neutral, PublicKeyToken=31bf3856ad364e35" []. [C:\Users\ultra\warewolf\Dev\Warewolf.MergeParser.Tests\Warewolf.MergeParser.Tests.csproj]
C:\Program Files\dotnet\sdk\10.0.201\Microsoft.Common.CurrentVersion.targets(2451,5): warning MSB3277:         C:\Users\ultra\.nuget\packages\caliburn.micro\4.0.212\lib\netcoreapp3.1\Caliburn.Micro.Platform.dll [C:\Users\ultra\warewolf\Dev\Warewolf.MergeParser.Tests\Warewolf.MergeParser.Tests.csproj]
C:\Program Files\dotnet\sdk\10.0.201\Microsoft.Common.CurrentVersion.targets(2451,5): warning MSB3277:           Project file item includes which caused reference "C:\Users\ultra\.nuget\packages\caliburn.micro\4.0.212\lib\netcoreapp3.1\Caliburn.Micro.Platform.dll". [C:\Users\ultra\warewolf\Dev\Warewolf.MergeParser.Tests\Warewolf.MergeParser.Tests.csproj]
C:\Program Files\dotnet\sdk\10.0.201\Microsoft.Common.CurrentVersion.targets(2451,5): warning MSB3277:             C:\Users\ultra\.nuget\packages\caliburn.micro\4.0.212\lib\netcoreapp3.1\Caliburn.Micro.Platform.dll [C:\Users\ultra\warewolf\Dev\Warewolf.MergeParser.Tests\Warewolf.MergeParser.Tests.csproj]
C:\Program Files\dotnet\sdk\10.0.201\Microsoft.Common.CurrentVersion.targets(2451,5): warning MSB3277:         C:\Users\ultra\.nuget\packages\ironpython\3.4.0\lib\net6.0\IronPython.Wpf.dll [C:\Users\ultra\warewolf\Dev\Warewolf.MergeParser.Tests\Warewolf.MergeParser.Tests.csproj]
C:\Program Files\dotnet\sdk\10.0.201\Microsoft.Common.CurrentVersion.targets(2451,5): warning MSB3277:           Project file item includes which caused reference "C:\Users\ultra\.nuget\packages\ironpython\3.4.0\lib\net6.0\IronPython.Wpf.dll". [C:\Users\ultra\warewolf\Dev\Warewolf.MergeParser.Tests\Warewolf.MergeParser.Tests.csproj]
C:\Program Files\dotnet\sdk\10.0.201\Microsoft.Common.CurrentVersion.targets(2451,5): warning MSB3277:             C:\Users\ultra\.nuget\packages\ironpython\3.4.0\lib\net6.0\IronPython.Wpf.dll [C:\Users\ultra\warewolf\Dev\Warewolf.MergeParser.Tests\Warewolf.MergeParser.Tests.csproj]
C:\Program Files\dotnet\sdk\10.0.201\Microsoft.Common.CurrentVersion.targets(2451,5): warning MSB3277:         C:\Users\ultra\.nuget\packages\microsoft.xaml.behaviors.wpf\1.1.122\lib\net462\Microsoft.Xaml.Behaviors.dll [C:\Users\ultra\warewolf\Dev\Warewolf.MergeParser.Tests\Warewolf.MergeParser.Tests.csproj]
C:\Program Files\dotnet\sdk\10.0.201\Microsoft.Common.CurrentVersion.targets(2451,5): warning MSB3277:           Project file item includes which caused reference "C:\Users\ultra\.nuget\packages\microsoft.xaml.behaviors.wpf\1.1.122\lib\net462\Microsoft.Xaml.Behaviors.dll". [C:\Users\ultra\warewolf\Dev\Warewolf.MergeParser.Tests\Warewolf.MergeParser.Tests.csproj]
C:\Program Files\dotnet\sdk\10.0.201\Microsoft.Common.CurrentVersion.targets(2451,5): warning MSB3277:             C:\Users\ultra\.nuget\packages\microsoft.xaml.behaviors.wpf\1.1.122\lib\net462\Microsoft.Xaml.Behaviors.dll [C:\Users\ultra\warewolf\Dev\Warewolf.MergeParser.Tests\Warewolf.MergeParser.Tests.csproj]
C:\Program Files\dotnet\sdk\10.0.201\Microsoft.Common.CurrentVersion.targets(2451,5): warning MSB3277:             C:\Users\ultra\.nuget\packages\caliburn.micro\4.0.212\lib\netcoreapp3.1\Caliburn.Micro.Platform.dll [C:\Users\ultra\warewolf\Dev\Warewolf.MergeParser.Tests\Warewolf.MergeParser.Tests.csproj]
C:\Program Files\dotnet\sdk\10.0.201\Microsoft.Common.CurrentVersion.targets(2451,5): warning MSB3277:             C:\Users\ultra\.nuget\packages\prism.wpf\9.0.537\lib\net462\Prism.Wpf.dll [C:\Users\ultra\warewolf\Dev\Warewolf.MergeParser.Tests\Warewolf.MergeParser.Tests.csproj]
C:\Program Files\dotnet\sdk\10.0.201\Microsoft.Common.CurrentVersion.targets(2451,5): warning MSB3277:         C:\Users\ultra\.nuget\packages\prism.wpf\9.0.537\lib\net462\Prism.Wpf.dll [C:\Users\ultra\warewolf\Dev\Warewolf.MergeParser.Tests\Warewolf.MergeParser.Tests.csproj]
C:\Program Files\dotnet\sdk\10.0.201\Microsoft.Common.CurrentVersion.targets(2451,5): warning MSB3277:           Project file item includes which caused reference "C:\Users\ultra\.nuget\packages\prism.wpf\9.0.537\lib\net462\Prism.Wpf.dll". [C:\Users\ultra\warewolf\Dev\Warewolf.MergeParser.Tests\Warewolf.MergeParser.Tests.csproj]
C:\Program Files\dotnet\sdk\10.0.201\Microsoft.Common.CurrentVersion.targets(2451,5): warning MSB3277:             C:\Users\ultra\.nuget\packages\prism.wpf\9.0.537\lib\net462\Prism.Wpf.dll [C:\Users\ultra\warewolf\Dev\Warewolf.MergeParser.Tests\Warewolf.MergeParser.Tests.csproj]
C:\Program Files\dotnet\sdk\10.0.201\Microsoft.Common.CurrentVersion.targets(2451,5): warning MSB3277:         C:\Users\ultra\.nuget\packages\reactiveui.wpf\18.4.1\lib\net462\ReactiveUI.Wpf.dll [C:\Users\ultra\warewolf\Dev\Warewolf.MergeParser.Tests\Warewolf.MergeParser.Tests.csproj]
C:\Program Files\dotnet\sdk\10.0.201\Microsoft.Common.CurrentVersion.targets(2451,5): warning MSB3277:           Project file item includes which caused reference "C:\Users\ultra\.nuget\packages\reactiveui.wpf\18.4.1\lib\net462\ReactiveUI.Wpf.dll". [C:\Users\ultra\warewolf\Dev\Warewolf.MergeParser.Tests\Warewolf.MergeParser.Tests.csproj]
C:\Program Files\dotnet\sdk\10.0.201\Microsoft.Common.CurrentVersion.targets(2451,5): warning MSB3277:             C:\Users\ultra\.nuget\packages\reactiveui.wpf\18.4.1\lib\net462\ReactiveUI.Wpf.dll [C:\Users\ultra\warewolf\Dev\Warewolf.MergeParser.Tests\Warewolf.MergeParser.Tests.csproj]
C:\Program Files\dotnet\sdk\10.0.201\Microsoft.Common.CurrentVersion.targets(2451,5): warning MSB3277: Found conflicts between different versions of "WindowsBase" that could not be resolved. [C:\Users\ultra\warewolf\Dev\Warewolf.MergeParser.Tests\Warewolf.MergeParser.Tests.csproj]
C:\Program Files\dotnet\sdk\10.0.201\Microsoft.Common.CurrentVersion.targets(2451,5): warning MSB3277: There was a conflict between "WindowsBase, Version=4.0.0.0, Culture=neutral, PublicKeyToken=31bf3856ad364e35" and "WindowsBase, Version=6.0.2.0, Culture=neutral, PublicKeyToken=31bf3856ad364e35". [C:\Users\ultra\warewolf\Dev\Warewolf.MergeParser.Tests\Warewolf.MergeParser.Tests.csproj]
C:\Program Files\dotnet\sdk\10.0.201\Microsoft.Common.CurrentVersion.targets(2451,5): warning MSB3277:     "WindowsBase, Version=4.0.0.0, Culture=neutral, PublicKeyToken=31bf3856ad364e35" was chosen because it was primary and "WindowsBase, Version=6.0.2.0, Culture=neutral, PublicKeyToken=31bf3856ad364e35" was not. [C:\Users\ultra\warewolf\Dev\Warewolf.MergeParser.Tests\Warewolf.MergeParser.Tests.csproj]
C:\Program Files\dotnet\sdk\10.0.201\Microsoft.Common.CurrentVersion.targets(2451,5): warning MSB3277:     References which depend on "WindowsBase, Version=4.0.0.0, Culture=neutral, PublicKeyToken=31bf3856ad364e35" [C:\Program Files\dotnet\packs\Microsoft.NETCore.App.Ref\8.0.25\ref\net8.0\WindowsBase.dll]. [C:\Users\ultra\warewolf\Dev\Warewolf.MergeParser.Tests\Warewolf.MergeParser.Tests.csproj]
C:\Program Files\dotnet\sdk\10.0.201\Microsoft.Common.CurrentVersion.targets(2451,5): warning MSB3277:         C:\Program Files\dotnet\packs\Microsoft.NETCore.App.Ref\8.0.25\ref\net8.0\WindowsBase.dll [C:\Users\ultra\warewolf\Dev\Warewolf.MergeParser.Tests\Warewolf.MergeParser.Tests.csproj]
C:\Program Files\dotnet\sdk\10.0.201\Microsoft.Common.CurrentVersion.targets(2451,5): warning MSB3277:           Project file item includes which caused reference "C:\Program Files\dotnet\packs\Microsoft.NETCore.App.Ref\8.0.25\ref\net8.0\WindowsBase.dll". [C:\Users\ultra\warewolf\Dev\Warewolf.MergeParser.Tests\Warewolf.MergeParser.Tests.csproj]
C:\Program Files\dotnet\sdk\10.0.201\Microsoft.Common.CurrentVersion.targets(2451,5): warning MSB3277:             C:\Program Files\dotnet\packs\Microsoft.NETCore.App.Ref\8.0.25\ref/net8.0/WindowsBase.dll [C:\Users\ultra\warewolf\Dev\Warewolf.MergeParser.Tests\Warewolf.MergeParser.Tests.csproj]
C:\Program Files\dotnet\sdk\10.0.201\Microsoft.Common.CurrentVersion.targets(2451,5): warning MSB3277:     References which depend on or have been unified to "WindowsBase, Version=6.0.2.0, Culture=neutral, PublicKeyToken=31bf3856ad364e35" []. [C:\Users\ultra\warewolf\Dev\Warewolf.MergeParser.Tests\Warewolf.MergeParser.Tests.csproj]
C:\Program Files\dotnet\sdk\10.0.201\Microsoft.Common.CurrentVersion.targets(2451,5): warning MSB3277:         C:\Users\ultra\.nuget\packages\caliburn.micro\4.0.212\lib\netcoreapp3.1\Caliburn.Micro.Platform.dll [C:\Users\ultra\warewolf\Dev\Warewolf.MergeParser.Tests\Warewolf.MergeParser.Tests.csproj]
C:\Program Files\dotnet\sdk\10.0.201\Microsoft.Common.CurrentVersion.targets(2451,5): warning MSB3277:           Project file item includes which caused reference "C:\Users\ultra\.nuget\packages\caliburn.micro\4.0.212\lib\netcoreapp3.1\Caliburn.Micro.Platform.dll". [C:\Users\ultra\warewolf\Dev\Warewolf.MergeParser.Tests\Warewolf.MergeParser.Tests.csproj]
C:\Program Files\dotnet\sdk\10.0.201\Microsoft.Common.CurrentVersion.targets(2451,5): warning MSB3277:             C:\Users\ultra\.nuget\packages\caliburn.micro\4.0.212\lib\netcoreapp3.1\Caliburn.Micro.Platform.dll [C:\Users\ultra\warewolf\Dev\Warewolf.MergeParser.Tests\Warewolf.MergeParser.Tests.csproj]
C:\Program Files\dotnet\sdk\10.0.201\Microsoft.Common.CurrentVersion.targets(2451,5): warning MSB3277:         C:\Users\ultra\.nuget\packages\ironpython\3.4.0\lib\net6.0\IronPython.Wpf.dll [C:\Users\ultra\warewolf\Dev\Warewolf.MergeParser.Tests\Warewolf.MergeParser.Tests.csproj]
C:\Program Files\dotnet\sdk\10.0.201\Microsoft.Common.CurrentVersion.targets(2451,5): warning MSB3277:           Project file item includes which caused reference "C:\Users\ultra\.nuget\packages\ironpython\3.4.0\lib\net6.0\IronPython.Wpf.dll". [C:\Users\ultra\warewolf\Dev\Warewolf.MergeParser.Tests\Warewolf.MergeParser.Tests.csproj]
C:\Program Files\dotnet\sdk\10.0.201\Microsoft.Common.CurrentVersion.targets(2451,5): warning MSB3277:             C:\Users\ultra\.nuget\packages\ironpython\3.4.0\lib\net6.0\IronPython.Wpf.dll [C:\Users\ultra\warewolf\Dev\Warewolf.MergeParser.Tests\Warewolf.MergeParser.Tests.csproj]
C:\Program Files\dotnet\sdk\10.0.201\Microsoft.Common.CurrentVersion.targets(2451,5): warning MSB3277:         C:\Users\ultra\.nuget\packages\microsoft.xaml.behaviors.wpf\1.1.122\lib\net462\Microsoft.Xaml.Behaviors.dll [C:\Users\ultra\warewolf\Dev\Warewolf.MergeParser.Tests\Warewolf.MergeParser.Tests.csproj]
C:\Program Files\dotnet\sdk\10.0.201\Microsoft.Common.CurrentVersion.targets(2451,5): warning MSB3277:           Project file item includes which caused reference "C:\Users\ultra\.nuget\packages\microsoft.xaml.behaviors.wpf\1.1.122\lib\net462\Microsoft.Xaml.Behaviors.dll". [C:\Users\ultra\warewolf\Dev\Warewolf.MergeParser.Tests\Warewolf.MergeParser.Tests.csproj]
C:\Program Files\dotnet\sdk\10.0.201\Microsoft.Common.CurrentVersion.targets(2451,5): warning MSB3277:             C:\Users\ultra\.nuget\packages\microsoft.xaml.behaviors.wpf\1.1.122\lib\net462\Microsoft.Xaml.Behaviors.dll [C:\Users\ultra\warewolf\Dev\Warewolf.MergeParser.Tests\Warewolf.MergeParser.Tests.csproj]
C:\Program Files\dotnet\sdk\10.0.201\Microsoft.Common.CurrentVersion.targets(2451,5): warning MSB3277:             C:\Users\ultra\.nuget\packages\caliburn.micro\4.0.212\lib\netcoreapp3.1\Caliburn.Micro.Platform.dll [C:\Users\ultra\warewolf\Dev\Warewolf.MergeParser.Tests\Warewolf.MergeParser.Tests.csproj]
C:\Program Files\dotnet\sdk\10.0.201\Microsoft.Common.CurrentVersion.targets(2451,5): warning MSB3277:             C:\Users\ultra\.nuget\packages\prism.wpf\9.0.537\lib\net462\Prism.Wpf.dll [C:\Users\ultra\warewolf\Dev\Warewolf.MergeParser.Tests\Warewolf.MergeParser.Tests.csproj]
C:\Program Files\dotnet\sdk\10.0.201\Microsoft.Common.CurrentVersion.targets(2451,5): warning MSB3277:         C:\Users\ultra\.nuget\packages\prism.wpf\9.0.537\lib\net462\Prism.Wpf.dll [C:\Users\ultra\warewolf\Dev\Warewolf.MergeParser.Tests\Warewolf.MergeParser.Tests.csproj]
C:\Program Files\dotnet\sdk\10.0.201\Microsoft.Common.CurrentVersion.targets(2451,5): warning MSB3277:           Project file item includes which caused reference "C:\Users\ultra\.nuget\packages\prism.wpf\9.0.537\lib\net462\Prism.Wpf.dll". [C:\Users\ultra\warewolf\Dev\Warewolf.MergeParser.Tests\Warewolf.MergeParser.Tests.csproj]
C:\Program Files\dotnet\sdk\10.0.201\Microsoft.Common.CurrentVersion.targets(2451,5): warning MSB3277:             C:\Users\ultra\.nuget\packages\prism.wpf\9.0.537\lib\net462\Prism.Wpf.dll [C:\Users\ultra\warewolf\Dev\Warewolf.MergeParser.Tests\Warewolf.MergeParser.Tests.csproj]
C:\Program Files\dotnet\sdk\10.0.201\Microsoft.Common.CurrentVersion.targets(2451,5): warning MSB3277:         C:\Users\ultra\.nuget\packages\reactiveui.wpf\18.4.1\lib\net462\ReactiveUI.Wpf.dll [C:\Users\ultra\warewolf\Dev\Warewolf.MergeParser.Tests\Warewolf.MergeParser.Tests.csproj]
C:\Program Files\dotnet\sdk\10.0.201\Microsoft.Common.CurrentVersion.targets(2451,5): warning MSB3277:           Project file item includes which caused reference "C:\Users\ultra\.nuget\packages\reactiveui.wpf\18.4.1\lib\net462\ReactiveUI.Wpf.dll". [C:\Users\ultra\warewolf\Dev\Warewolf.MergeParser.Tests\Warewolf.MergeParser.Tests.csproj]
C:\Program Files\dotnet\sdk\10.0.201\Microsoft.Common.CurrentVersion.targets(2451,5): warning MSB3277:             C:\Users\ultra\.nuget\packages\reactiveui.wpf\18.4.1\lib\net462\ReactiveUI.Wpf.dll [C:\Users\ultra\warewolf\Dev\Warewolf.MergeParser.Tests\Warewolf.MergeParser.Tests.csproj]
C:\Program Files\dotnet\sdk\10.0.201\Microsoft.Common.CurrentVersion.targets(2451,5): warning MSB3277: Found conflicts between different versions of "Microsoft.Win32.SystemEvents" that could not be resolved. [C:\Users\ultra\warewolf\Dev\Warewolf.Studio.CustomControls\Warewolf.Studio.CustomControls.csproj]
C:\Program Files\dotnet\sdk\10.0.201\Microsoft.Common.CurrentVersion.targets(2451,5): warning MSB3277: There was a conflict between "Microsoft.Win32.SystemEvents, Version=6.0.0.0, Culture=neutral, PublicKeyToken=cc7b13ffcd2ddd51" and "Microsoft.Win32.SystemEvents, Version=7.0.0.0, Culture=neutral, PublicKeyToken=cc7b13ffcd2ddd51". [C:\Users\ultra\warewolf\Dev\Warewolf.Studio.CustomControls\Warewolf.Studio.CustomControls.csproj]
C:\Program Files\dotnet\sdk\10.0.201\Microsoft.Common.CurrentVersion.targets(2451,5): warning MSB3277:     "Microsoft.Win32.SystemEvents, Version=6.0.0.0, Culture=neutral, PublicKeyToken=cc7b13ffcd2ddd51" was chosen because it was primary and "Microsoft.Win32.SystemEvents, Version=7.0.0.0, Culture=neutral, PublicKeyToken=cc7b13ffcd2ddd51" was not. [C:\Users\ultra\warewolf\Dev\Warewolf.Studio.CustomControls\Warewolf.Studio.CustomControls.csproj]
C:\Program Files\dotnet\sdk\10.0.201\Microsoft.Common.CurrentVersion.targets(2451,5): warning MSB3277:     References which depend on "Microsoft.Win32.SystemEvents, Version=6.0.0.0, Culture=neutral, PublicKeyToken=cc7b13ffcd2ddd51" [C:\Users\ultra\.nuget\packages\microsoft.win32.systemevents\6.0.0\lib\net6.0\Microsoft.Win32.SystemEvents.dll]. [C:\Users\ultra\warewolf\Dev\Warewolf.Studio.CustomControls\Warewolf.Studio.CustomControls.csproj]
C:\Program Files\dotnet\sdk\10.0.201\Microsoft.Common.CurrentVersion.targets(2451,5): warning MSB3277:         C:\Users\ultra\.nuget\packages\microsoft.win32.systemevents\6.0.0\lib\net6.0\Microsoft.Win32.SystemEvents.dll [C:\Users\ultra\warewolf\Dev\Warewolf.Studio.CustomControls\Warewolf.Studio.CustomControls.csproj]
C:\Program Files\dotnet\sdk\10.0.201\Microsoft.Common.CurrentVersion.targets(2451,5): warning MSB3277:           Project file item includes which caused reference "C:\Users\ultra\.nuget\packages\microsoft.win32.systemevents\6.0.0\lib\net6.0\Microsoft.Win32.SystemEvents.dll". [C:\Users\ultra\warewolf\Dev\Warewolf.Studio.CustomControls\Warewolf.Studio.CustomControls.csproj]
C:\Program Files\dotnet\sdk\10.0.201\Microsoft.Common.CurrentVersion.targets(2451,5): warning MSB3277:             C:\Users\ultra\.nuget\packages\microsoft.win32.systemevents\6.0.0\lib\net6.0\Microsoft.Win32.SystemEvents.dll [C:\Users\ultra\warewolf\Dev\Warewolf.Studio.CustomControls\Warewolf.Studio.CustomControls.csproj]
C:\Program Files\dotnet\sdk\10.0.201\Microsoft.Common.CurrentVersion.targets(2451,5): warning MSB3277:     References which depend on or have been unified to "Microsoft.Win32.SystemEvents, Version=7.0.0.0, Culture=neutral, PublicKeyToken=cc7b13ffcd2ddd51" []. [C:\Users\ultra\warewolf\Dev\Warewolf.Studio.CustomControls\Warewolf.Studio.CustomControls.csproj]
C:\Program Files\dotnet\sdk\10.0.201\Microsoft.Common.CurrentVersion.targets(2451,5): warning MSB3277:         C:\Users\ultra\warewolf\Dev\Dev2.Common\bin\Debug\net8.0\Dev2.Common.dll [C:\Users\ultra\warewolf\Dev\Warewolf.Studio.CustomControls\Warewolf.Studio.CustomControls.csproj]
C:\Program Files\dotnet\sdk\10.0.201\Microsoft.Common.CurrentVersion.targets(2451,5): warning MSB3277:           Project file item includes which caused reference "C:\Users\ultra\warewolf\Dev\Dev2.Common\bin\Debug\net8.0\Dev2.Common.dll". [C:\Users\ultra\warewolf\Dev\Warewolf.Studio.CustomControls\Warewolf.Studio.CustomControls.csproj]
C:\Program Files\dotnet\sdk\10.0.201\Microsoft.Common.CurrentVersion.targets(2451,5): warning MSB3277:             C:\Users\ultra\warewolf\Dev\Dev2.Common\bin\Debug\net8.0\Dev2.Common.dll [C:\Users\ultra\warewolf\Dev\Warewolf.Studio.CustomControls\Warewolf.Studio.CustomControls.csproj]
C:\Program Files\dotnet\sdk\10.0.201\Microsoft.Common.CurrentVersion.targets(2451,5): warning MSB3277:             C:\Users\ultra\warewolf\Dev\Dev2.Infrastructure\bin\Debug\net8.0\Dev2.Infrastructure.dll [C:\Users\ultra\warewolf\Dev\Warewolf.Studio.CustomControls\Warewolf.Studio.CustomControls.csproj]
C:\Program Files\dotnet\sdk\10.0.201\Microsoft.Common.CurrentVersion.targets(2451,5): warning MSB3277:             C:\Users\ultra\warewolf\Dev\Dev2.Intellisense\bin\Debug\net8.0\Dev2.Intellisense.dll [C:\Users\ultra\warewolf\Dev\Warewolf.Studio.CustomControls\Warewolf.Studio.CustomControls.csproj]
C:\Program Files\dotnet\sdk\10.0.201\Microsoft.Common.CurrentVersion.targets(2451,5): warning MSB3277:             C:\Users\ultra\warewolf\Dev\Dev2.Studio.Core\bin\Debug\net8.0\Dev2.Studio.Core.dll [C:\Users\ultra\warewolf\Dev\Warewolf.Studio.CustomControls\Warewolf.Studio.CustomControls.csproj]
C:\Program Files\dotnet\sdk\10.0.201\Microsoft.Common.CurrentVersion.targets(2451,5): warning MSB3277:             C:\Users\ultra\warewolf\Dev\Dev2.Studio.Interfaces\bin\Debug\net8.0\Dev2.Studio.Interfaces.dll [C:\Users\ultra\warewolf\Dev\Warewolf.Studio.CustomControls\Warewolf.Studio.CustomControls.csproj]
C:\Program Files\dotnet\sdk\10.0.201\Microsoft.Common.CurrentVersion.targets(2451,5): warning MSB3277:             C:\Users\ultra\warewolf\Dev\Dev2.Activities\bin\Debug\net8.0\Dev2.Activities.dll [C:\Users\ultra\warewolf\Dev\Warewolf.Studio.CustomControls\Warewolf.Studio.CustomControls.csproj]
C:\Program Files\dotnet\sdk\10.0.201\Microsoft.Common.CurrentVersion.targets(2451,5): warning MSB3277:             C:\Users\ultra\warewolf\Dev\Dev2.Core\bin\Debug\net8.0\Dev2.Core.dll [C:\Users\ultra\warewolf\Dev\Warewolf.Studio.CustomControls\Warewolf.Studio.CustomControls.csproj]
C:\Program Files\dotnet\sdk\10.0.201\Microsoft.Common.CurrentVersion.targets(2451,5): warning MSB3277:             C:\Users\ultra\warewolf\Dev\Dev2.Data\bin\Debug\net8.0\Dev2.Data.dll [C:\Users\ultra\warewolf\Dev\Warewolf.Studio.CustomControls\Warewolf.Studio.CustomControls.csproj]
C:\Program Files\dotnet\sdk\10.0.201\Microsoft.Common.CurrentVersion.targets(2451,5): warning MSB3277:             C:\Users\ultra\warewolf\Dev\Dev2.Development.Languages\bin\Debug\net8.0\Dev2.Development.Languages.dll [C:\Users\ultra\warewolf\Dev\Warewolf.Studio.CustomControls\Warewolf.Studio.CustomControls.csproj]
C:\Program Files\dotnet\sdk\10.0.201\Microsoft.Common.CurrentVersion.targets(2451,5): warning MSB3277:             C:\Users\ultra\warewolf\Dev\Dev2.Diagnostics\bin\Debug\net8.0\Dev2.Diagnostics.dll [C:\Users\ultra\warewolf\Dev\Warewolf.Studio.CustomControls\Warewolf.Studio.CustomControls.csproj]
C:\Program Files\dotnet\sdk\10.0.201\Microsoft.Common.CurrentVersion.targets(2451,5): warning MSB3277:             C:\Users\ultra\warewolf\Dev\Dev2.Runtime.Services\bin\Debug\net8.0\Dev2.Runtime.Services.dll [C:\Users\ultra\warewolf\Dev\Warewolf.Studio.CustomControls\Warewolf.Studio.CustomControls.csproj]
C:\Program Files\dotnet\sdk\10.0.201\Microsoft.Common.CurrentVersion.targets(2451,5): warning MSB3277:             C:\Users\ultra\warewolf\Dev\Dev2.Scheduler\bin\Debug\net8.0\Dev2.Scheduler.dll [C:\Users\ultra\warewolf\Dev\Warewolf.Studio.CustomControls\Warewolf.Studio.CustomControls.csproj]
C:\Program Files\dotnet\sdk\10.0.201\Microsoft.Common.CurrentVersion.targets(2451,5): warning MSB3277:             C:\Users\ultra\warewolf\Dev\Dev2.Services.Execution\bin\Debug\net8.0\Dev2.Services.Execution.dll [C:\Users\ultra\warewolf\Dev\Warewolf.Studio.CustomControls\Warewolf.Studio.CustomControls.csproj]
C:\Program Files\dotnet\sdk\10.0.201\Microsoft.Common.CurrentVersion.targets(2451,5): warning MSB3277:             C:\Users\ultra\warewolf\Dev\Dev2.Services.Sql\bin\Debug\net8.0\Dev2.Services.Sql.dll [C:\Users\ultra\warewolf\Dev\Warewolf.Studio.CustomControls\Warewolf.Studio.CustomControls.csproj]
C:\Program Files\dotnet\sdk\10.0.201\Microsoft.Common.CurrentVersion.targets(2451,5): warning MSB3277:             C:\Users\ultra\warewolf\Dev\Dev2.TaskScheduler.Wrappers\bin\Debug\net8.0\Dev2.TaskScheduler.Wrappers.dll [C:\Users\ultra\warewolf\Dev\Warewolf.Studio.CustomControls\Warewolf.Studio.CustomControls.csproj]
C:\Program Files\dotnet\sdk\10.0.201\Microsoft.Common.CurrentVersion.targets(2451,5): warning MSB3277:             C:\Users\ultra\warewolf\Dev\Dev2.Util\bin\Debug\net8.0\Dev2.Util.dll [C:\Users\ultra\warewolf\Dev\Warewolf.Studio.CustomControls\Warewolf.Studio.CustomControls.csproj]
C:\Program Files\dotnet\sdk\10.0.201\Microsoft.Common.CurrentVersion.targets(2451,5): warning MSB3277:             C:\Users\ultra\warewolf\Dev\Warewolf.AI.Harness\bin\Debug\net8.0\Warewolf.AI.Harness.dll [C:\Users\ultra\warewolf\Dev\Warewolf.Studio.CustomControls\Warewolf.Studio.CustomControls.csproj]
C:\Program Files\dotnet\sdk\10.0.201\Microsoft.Common.CurrentVersion.targets(2451,5): warning MSB3277:             C:\Users\ultra\warewolf\Dev\Warewolf.Auditing\bin\Debug\net8.0\Warewolf.Auditing.dll [C:\Users\ultra\warewolf\Dev\Warewolf.Studio.CustomControls\Warewolf.Studio.CustomControls.csproj]
C:\Program Files\dotnet\sdk\10.0.201\Microsoft.Common.CurrentVersion.targets(2451,5): warning MSB3277:             C:\Users\ultra\warewolf\Dev\Warewolf.Common.NetStandard20\bin\Debug\net8.0\Warewolf.Common.NetStandard20.dll [C:\Users\ultra\warewolf\Dev\Warewolf.Studio.CustomControls\Warewolf.Studio.CustomControls.csproj]
C:\Program Files\dotnet\sdk\10.0.201\Microsoft.Common.CurrentVersion.targets(2451,5): warning MSB3277:             C:\Users\ultra\warewolf\Dev\Warewolf.Core\bin\Debug\net8.0\Warewolf.Core.dll [C:\Users\ultra\warewolf\Dev\Warewolf.Studio.CustomControls\Warewolf.Studio.CustomControls.csproj]
C:\Program Files\dotnet\sdk\10.0.201\Microsoft.Common.CurrentVersion.targets(2451,5): warning MSB3277:             C:\Users\ultra\warewolf\Dev\Warewolf.Driver.Persistence\bin\Debug\net8.0\Warewolf.Driver.Persistence.dll [C:\Users\ultra\warewolf\Dev\Warewolf.Studio.CustomControls\Warewolf.Studio.CustomControls.csproj]
C:\Program Files\dotnet\sdk\10.0.201\Microsoft.Common.CurrentVersion.targets(2451,5): warning MSB3277:             C:\Users\ultra\warewolf\Dev\Warewolf.Driver.Serilog\bin\Debug\net8.0\Warewolf.Driver.Serilog.dll [C:\Users\ultra\warewolf\Dev\Warewolf.Studio.CustomControls\Warewolf.Studio.CustomControls.csproj]
C:\Program Files\dotnet\sdk\10.0.201\Microsoft.Common.CurrentVersion.targets(2451,5): warning MSB3277:             C:\Users\ultra\warewolf\Dev\Warewolf.Exchange.Email.Wrapper\bin\Debug\net8.0\Warewolf.Exchange.Email.Wrapper.dll [C:\Users\ultra\warewolf\Dev\Warewolf.Studio.CustomControls\Warewolf.Studio.CustomControls.csproj]
C:\Program Files\dotnet\sdk\10.0.201\Microsoft.Common.CurrentVersion.targets(2451,5): warning MSB3277:             C:\Users\ultra\warewolf\Dev\Warewolf.ResourceManagement\bin\Debug\net8.0\Warewolf.ResourceManagement.dll [C:\Users\ultra\warewolf\Dev\Warewolf.Studio.CustomControls\Warewolf.Studio.CustomControls.csproj]
C:\Program Files\dotnet\sdk\10.0.201\Microsoft.Common.CurrentVersion.targets(2451,5): warning MSB3277:             C:\Users\ultra\warewolf\Dev\Warewolf.Sharepoint\bin\Debug\net8.0\Warewolf.Sharepoint.dll [C:\Users\ultra\warewolf\Dev\Warewolf.Studio.CustomControls\Warewolf.Studio.CustomControls.csproj]
C:\Program Files\dotnet\sdk\10.0.201\Microsoft.Common.CurrentVersion.targets(2451,5): warning MSB3277:             C:\Users\ultra\warewolf\Dev\Warewolf.Storage\bin\Debug\net8.0\Warewolf.Storage.dll [C:\Users\ultra\warewolf\Dev\Warewolf.Studio.CustomControls\Warewolf.Studio.CustomControls.csproj]
C:\Program Files\dotnet\sdk\10.0.201\Microsoft.Common.CurrentVersion.targets(2451,5): warning MSB3277:             C:\Users\ultra\warewolf\Dev\Warewolf.Studio.Core\bin\Debug\net8.0\Warewolf.Studio.Core.dll [C:\Users\ultra\warewolf\Dev\Warewolf.Studio.CustomControls\Warewolf.Studio.CustomControls.csproj]
C:\Program Files\dotnet\sdk\10.0.201\Microsoft.Common.CurrentVersion.targets(2451,5): warning MSB3277:         C:\Users\ultra\warewolf\Dev\Binaries\Infragistcs_Net6\InfragisticsWPF4.v15.1.dll [C:\Users\ultra\warewolf\Dev\Warewolf.Studio.CustomControls\Warewolf.Studio.CustomControls.csproj]
C:\Program Files\dotnet\sdk\10.0.201\Microsoft.Common.CurrentVersion.targets(2451,5): warning MSB3277:           Project file item includes which caused reference "C:\Users\ultra\warewolf\Dev\Binaries\Infragistcs_Net6\InfragisticsWPF4.v15.1.dll". [C:\Users\ultra\warewolf\Dev\Warewolf.Studio.CustomControls\Warewolf.Studio.CustomControls.csproj]
C:\Program Files\dotnet\sdk\10.0.201\Microsoft.Common.CurrentVersion.targets(2451,5): warning MSB3277:             InfragisticsWPF4.v15.1, Version=15.1.20151.2055, Culture=neutral, processorArchitecture=MSIL [C:\Users\ultra\warewolf\Dev\Warewolf.Studio.CustomControls\Warewolf.Studio.CustomControls.csproj]
C:\Program Files\dotnet\sdk\10.0.201\Microsoft.Common.CurrentVersion.targets(2451,5): warning MSB3277:             InfragisticsWPF4.Controls.Grids.XamGrid.v15.1 [C:\Users\ultra\warewolf\Dev\Warewolf.Studio.CustomControls\Warewolf.Studio.CustomControls.csproj]
C:\Program Files\dotnet\sdk\10.0.201\Microsoft.Common.CurrentVersion.targets(2451,5): warning MSB3277:             InfragisticsWPF4.Controls.Menus.XamDataTree.v15.1, Version=15.1.20151.2055, Culture=neutral, PublicKeyToken=7dd5c3163f2cd0cb, processorArchitecture=MSIL [C:\Users\ultra\warewolf\Dev\Warewolf.Studio.CustomControls\Warewolf.Studio.CustomControls.csproj]
C:\Program Files\dotnet\sdk\10.0.201\Microsoft.Common.CurrentVersion.targets(2451,5): warning MSB3277:             InfragisticsWPF4.DataManager.v15.1, Version=15.1.20151.2055, Culture=neutral, processorArchitecture=MSIL [C:\Users\ultra\warewolf\Dev\Warewolf.Studio.CustomControls\Warewolf.Studio.CustomControls.csproj]
C:\Program Files\dotnet\sdk\10.0.201\Microsoft.Common.CurrentVersion.targets(2451,5): warning MSB3277:             InfragisticsWPF4.DataPresenter.v15.1 [C:\Users\ultra\warewolf\Dev\Warewolf.Studio.CustomControls\Warewolf.Studio.CustomControls.csproj]
C:\Program Files\dotnet\sdk\10.0.201\Microsoft.Common.CurrentVersion.targets(2451,5): warning MSB3277:         C:\Users\ultra\.nuget\packages\timespan2\2.4.2\lib\netcoreapp3.1\TimeSpan2.dll [C:\Users\ultra\warewolf\Dev\Warewolf.Studio.CustomControls\Warewolf.Studio.CustomControls.csproj]
C:\Program Files\dotnet\sdk\10.0.201\Microsoft.Common.CurrentVersion.targets(2451,5): warning MSB3277:           Project file item includes which caused reference "C:\Users\ultra\.nuget\packages\timespan2\2.4.2\lib\netcoreapp3.1\TimeSpan2.dll". [C:\Users\ultra\warewolf\Dev\Warewolf.Studio.CustomControls\Warewolf.Studio.CustomControls.csproj]
C:\Program Files\dotnet\sdk\10.0.201\Microsoft.Common.CurrentVersion.targets(2451,5): warning MSB3277:             C:\Users\ultra\.nuget\packages\timespan2\2.4.2\lib\netcoreapp3.1\TimeSpan2.dll [C:\Users\ultra\warewolf\Dev\Warewolf.Studio.CustomControls\Warewolf.Studio.CustomControls.csproj]
C:\Program Files\dotnet\sdk\10.0.201\Microsoft.Common.CurrentVersion.targets(2451,5): warning MSB3277:             C:\Users\ultra\.nuget\packages\taskschedulereditor\2.10.1\lib\net452\Microsoft.Win32.TaskSchedulerEditor.dll [C:\Users\ultra\warewolf\Dev\Warewolf.Studio.CustomControls\Warewolf.Studio.CustomControls.csproj]
C:\Program Files\dotnet\sdk\10.0.201\Microsoft.Common.CurrentVersion.targets(2451,5): warning MSB3277:         C:\Program Files\dotnet\packs\Microsoft.NETCore.App.Ref\8.0.25\ref\net8.0\System.dll [C:\Users\ultra\warewolf\Dev\Warewolf.Studio.CustomControls\Warewolf.Studio.CustomControls.csproj]
C:\Program Files\dotnet\sdk\10.0.201\Microsoft.Common.CurrentVersion.targets(2451,5): warning MSB3277:           Project file item includes which caused reference "C:\Program Files\dotnet\packs\Microsoft.NETCore.App.Ref\8.0.25\ref\net8.0\System.dll". [C:\Users\ultra\warewolf\Dev\Warewolf.Studio.CustomControls\Warewolf.Studio.CustomControls.csproj]
C:\Program Files\dotnet\sdk\10.0.201\Microsoft.Common.CurrentVersion.targets(2451,5): warning MSB3277:             C:\Program Files\dotnet\packs\Microsoft.NETCore.App.Ref\8.0.25\ref/net8.0/System.dll [C:\Users\ultra\warewolf\Dev\Warewolf.Studio.CustomControls\Warewolf.Studio.CustomControls.csproj]
C:\Program Files\dotnet\sdk\10.0.201\Microsoft.Common.CurrentVersion.targets(2451,5): warning MSB3277:             C:\Users\ultra\.nuget\packages\aerowizard\2.3.1\lib\net45\AeroWizard.dll [C:\Users\ultra\warewolf\Dev\Warewolf.Studio.CustomControls\Warewolf.Studio.CustomControls.csproj]
C:\Program Files\dotnet\sdk\10.0.201\Microsoft.Common.CurrentVersion.targets(2451,5): warning MSB3277:             C:\Users\ultra\.nuget\packages\groupcontrols\1.9.0\lib\net45\GroupControls.dll [C:\Users\ultra\warewolf\Dev\Warewolf.Studio.CustomControls\Warewolf.Studio.CustomControls.csproj]
C:\Program Files\dotnet\sdk\10.0.201\Microsoft.Common.CurrentVersion.targets(2451,5): warning MSB3277:             C:\Users\ultra\.nuget\packages\microsoft.xaml.behaviors.wpf\1.1.122\lib\net462\Microsoft.Xaml.Behaviors.dll [C:\Users\ultra\warewolf\Dev\Warewolf.Studio.CustomControls\Warewolf.Studio.CustomControls.csproj]
C:\Program Files\dotnet\sdk\10.0.201\Microsoft.Common.CurrentVersion.targets(2451,5): warning MSB3277:             C:\Users\ultra\.nuget\packages\caliburn.micro\4.0.212\lib\netcoreapp3.1\Caliburn.Micro.Platform.dll [C:\Users\ultra\warewolf\Dev\Warewolf.Studio.CustomControls\Warewolf.Studio.CustomControls.csproj]
C:\Program Files\dotnet\sdk\10.0.201\Microsoft.Common.CurrentVersion.targets(2451,5): warning MSB3277:             C:\Users\ultra\.nuget\packages\prism.wpf\9.0.537\lib\net462\Prism.Wpf.dll [C:\Users\ultra\warewolf\Dev\Warewolf.Studio.CustomControls\Warewolf.Studio.CustomControls.csproj]
C:\Program Files\dotnet\sdk\10.0.201\Microsoft.Common.CurrentVersion.targets(2451,5): warning MSB3277:             C:\Users\ultra\.nuget\packages\reactiveui.wpf\18.4.1\lib\net462\ReactiveUI.Wpf.dll [C:\Users\ultra\warewolf\Dev\Warewolf.Studio.CustomControls\Warewolf.Studio.CustomControls.csproj]
C:\Program Files\dotnet\sdk\10.0.201\Microsoft.Common.CurrentVersion.targets(2451,5): warning MSB3277:             C:\Users\ultra\.nuget\packages\taskschedulereditor\2.10.1\lib\net452\Microsoft.Win32.TaskSchedulerEditor.dll [C:\Users\ultra\warewolf\Dev\Warewolf.Studio.CustomControls\Warewolf.Studio.CustomControls.csproj]
C:\Program Files\dotnet\sdk\10.0.201\Microsoft.Common.CurrentVersion.targets(2451,5): warning MSB3277:             C:\Users\ultra\.nuget\packages\ttcue.netcore.sharepointonline.csom.16.1.8029.1200\16.1.8029.1200\lib\netcoreapp2.0\Microsoft.SharePoint.Client.Runtime.Windows.dll [C:\Users\ultra\warewolf\Dev\Warewolf.Studio.CustomControls\Warewolf.Studio.CustomControls.csproj]
C:\Program Files\dotnet\sdk\10.0.201\Microsoft.Common.CurrentVersion.targets(2451,5): warning MSB3277:         C:\Users\ultra\warewolf\Dev\Binaries\Infragistcs_Net6\InfragisticsWPF4.Editors.v15.1.dll [C:\Users\ultra\warewolf\Dev\Warewolf.Studio.CustomControls\Warewolf.Studio.CustomControls.csproj]
C:\Program Files\dotnet\sdk\10.0.201\Microsoft.Common.CurrentVersion.targets(2451,5): warning MSB3277:           Project file item includes which caused reference "C:\Users\ultra\warewolf\Dev\Binaries\Infragistcs_Net6\InfragisticsWPF4.Editors.v15.1.dll". [C:\Users\ultra\warewolf\Dev\Warewolf.Studio.CustomControls\Warewolf.Studio.CustomControls.csproj]
C:\Program Files\dotnet\sdk\10.0.201\Microsoft.Common.CurrentVersion.targets(2451,5): warning MSB3277:             InfragisticsWPF4.DataPresenter.v15.1 [C:\Users\ultra\warewolf\Dev\Warewolf.Studio.CustomControls\Warewolf.Studio.CustomControls.csproj]
C:\Program Files\dotnet\sdk\10.0.201\Microsoft.Common.CurrentVersion.targets(2451,5): warning MSB3277: Found conflicts between different versions of "System.Security.Permissions" that could not be resolved. [C:\Users\ultra\warewolf\Dev\Warewolf.Studio.CustomControls\Warewolf.Studio.CustomControls.csproj]
C:\Program Files\dotnet\sdk\10.0.201\Microsoft.Common.CurrentVersion.targets(2451,5): warning MSB3277: There was a conflict between "System.Security.Permissions, Version=6.0.0.0, Culture=neutral, PublicKeyToken=cc7b13ffcd2ddd51" and "System.Security.Permissions, Version=7.0.0.0, Culture=neutral, PublicKeyToken=cc7b13ffcd2ddd51". [C:\Users\ultra\warewolf\Dev\Warewolf.Studio.CustomControls\Warewolf.Studio.CustomControls.csproj]
C:\Program Files\dotnet\sdk\10.0.201\Microsoft.Common.CurrentVersion.targets(2451,5): warning MSB3277:     "System.Security.Permissions, Version=6.0.0.0, Culture=neutral, PublicKeyToken=cc7b13ffcd2ddd51" was chosen because it was primary and "System.Security.Permissions, Version=7.0.0.0, Culture=neutral, PublicKeyToken=cc7b13ffcd2ddd51" was not. [C:\Users\ultra\warewolf\Dev\Warewolf.Studio.CustomControls\Warewolf.Studio.CustomControls.csproj]
C:\Program Files\dotnet\sdk\10.0.201\Microsoft.Common.CurrentVersion.targets(2451,5): warning MSB3277:     References which depend on "System.Security.Permissions, Version=6.0.0.0, Culture=neutral, PublicKeyToken=cc7b13ffcd2ddd51" [C:\Users\ultra\.nuget\packages\system.security.permissions\6.0.0\lib\net6.0\System.Security.Permissions.dll]. [C:\Users\ultra\warewolf\Dev\Warewolf.Studio.CustomControls\Warewolf.Studio.CustomControls.csproj]
C:\Program Files\dotnet\sdk\10.0.201\Microsoft.Common.CurrentVersion.targets(2451,5): warning MSB3277:         C:\Users\ultra\.nuget\packages\system.security.permissions\6.0.0\lib\net6.0\System.Security.Permissions.dll [C:\Users\ultra\warewolf\Dev\Warewolf.Studio.CustomControls\Warewolf.Studio.CustomControls.csproj]
C:\Program Files\dotnet\sdk\10.0.201\Microsoft.Common.CurrentVersion.targets(2451,5): warning MSB3277:           Project file item includes which caused reference "C:\Users\ultra\.nuget\packages\system.security.permissions\6.0.0\lib\net6.0\System.Security.Permissions.dll". [C:\Users\ultra\warewolf\Dev\Warewolf.Studio.CustomControls\Warewolf.Studio.CustomControls.csproj]
C:\Program Files\dotnet\sdk\10.0.201\Microsoft.Common.CurrentVersion.targets(2451,5): warning MSB3277:             C:\Users\ultra\.nuget\packages\system.security.permissions\6.0.0\lib\net6.0\System.Security.Permissions.dll [C:\Users\ultra\warewolf\Dev\Warewolf.Studio.CustomControls\Warewolf.Studio.CustomControls.csproj]
C:\Program Files\dotnet\sdk\10.0.201\Microsoft.Common.CurrentVersion.targets(2451,5): warning MSB3277:     References which depend on or have been unified to "System.Security.Permissions, Version=7.0.0.0, Culture=neutral, PublicKeyToken=cc7b13ffcd2ddd51" []. [C:\Users\ultra\warewolf\Dev\Warewolf.Studio.CustomControls\Warewolf.Studio.CustomControls.csproj]
C:\Program Files\dotnet\sdk\10.0.201\Microsoft.Common.CurrentVersion.targets(2451,5): warning MSB3277:         C:\Users\ultra\warewolf\Dev\Dev2.Data\bin\Debug\net8.0\Dev2.Data.dll [C:\Users\ultra\warewolf\Dev\Warewolf.Studio.CustomControls\Warewolf.Studio.CustomControls.csproj]
C:\Program Files\dotnet\sdk\10.0.201\Microsoft.Common.CurrentVersion.targets(2451,5): warning MSB3277:           Project file item includes which caused reference "C:\Users\ultra\warewolf\Dev\Dev2.Data\bin\Debug\net8.0\Dev2.Data.dll". [C:\Users\ultra\warewolf\Dev\Warewolf.Studio.CustomControls\Warewolf.Studio.CustomControls.csproj]
C:\Program Files\dotnet\sdk\10.0.201\Microsoft.Common.CurrentVersion.targets(2451,5): warning MSB3277:             C:\Users\ultra\warewolf\Dev\Dev2.Data\bin\Debug\net8.0\Dev2.Data.dll [C:\Users\ultra\warewolf\Dev\Warewolf.Studio.CustomControls\Warewolf.Studio.CustomControls.csproj]
C:\Program Files\dotnet\sdk\10.0.201\Microsoft.Common.CurrentVersion.targets(2451,5): warning MSB3277:             C:\Users\ultra\warewolf\Dev\Dev2.Intellisense\bin\Debug\net8.0\Dev2.Intellisense.dll [C:\Users\ultra\warewolf\Dev\Warewolf.Studio.CustomControls\Warewolf.Studio.CustomControls.csproj]
C:\Program Files\dotnet\sdk\10.0.201\Microsoft.Common.CurrentVersion.targets(2451,5): warning MSB3277:             C:\Users\ultra\warewolf\Dev\Dev2.Studio.Core\bin\Debug\net8.0\Dev2.Studio.Core.dll [C:\Users\ultra\warewolf\Dev\Warewolf.Studio.CustomControls\Warewolf.Studio.CustomControls.csproj]
C:\Program Files\dotnet\sdk\10.0.201\Microsoft.Common.CurrentVersion.targets(2451,5): warning MSB3277:             C:\Users\ultra\warewolf\Dev\Dev2.Studio.Interfaces\bin\Debug\net8.0\Dev2.Studio.Interfaces.dll [C:\Users\ultra\warewolf\Dev\Warewolf.Studio.CustomControls\Warewolf.Studio.CustomControls.csproj]
C:\Program Files\dotnet\sdk\10.0.201\Microsoft.Common.CurrentVersion.targets(2451,5): warning MSB3277:             C:\Users\ultra\warewolf\Dev\Dev2.Activities\bin\Debug\net8.0\Dev2.Activities.dll [C:\Users\ultra\warewolf\Dev\Warewolf.Studio.CustomControls\Warewolf.Studio.CustomControls.csproj]
C:\Program Files\dotnet\sdk\10.0.201\Microsoft.Common.CurrentVersion.targets(2451,5): warning MSB3277:             C:\Users\ultra\warewolf\Dev\Dev2.Core\bin\Debug\net8.0\Dev2.Core.dll [C:\Users\ultra\warewolf\Dev\Warewolf.Studio.CustomControls\Warewolf.Studio.CustomControls.csproj]
C:\Program Files\dotnet\sdk\10.0.201\Microsoft.Common.CurrentVersion.targets(2451,5): warning MSB3277:             C:\Users\ultra\warewolf\Dev\Dev2.Runtime.Services\bin\Debug\net8.0\Dev2.Runtime.Services.dll [C:\Users\ultra\warewolf\Dev\Warewolf.Studio.CustomControls\Warewolf.Studio.CustomControls.csproj]
C:\Program Files\dotnet\sdk\10.0.201\Microsoft.Common.CurrentVersion.targets(2451,5): warning MSB3277:             C:\Users\ultra\warewolf\Dev\Dev2.Scheduler\bin\Debug\net8.0\Dev2.Scheduler.dll [C:\Users\ultra\warewolf\Dev\Warewolf.Studio.CustomControls\Warewolf.Studio.CustomControls.csproj]
C:\Program Files\dotnet\sdk\10.0.201\Microsoft.Common.CurrentVersion.targets(2451,5): warning MSB3277:             C:\Users\ultra\warewolf\Dev\Dev2.Services.Execution\bin\Debug\net8.0\Dev2.Services.Execution.dll [C:\Users\ultra\warewolf\Dev\Warewolf.Studio.CustomControls\Warewolf.Studio.CustomControls.csproj]
C:\Program Files\dotnet\sdk\10.0.201\Microsoft.Common.CurrentVersion.targets(2451,5): warning MSB3277:             C:\Users\ultra\warewolf\Dev\Warewolf.Auditing\bin\Debug\net8.0\Warewolf.Auditing.dll [C:\Users\ultra\warewolf\Dev\Warewolf.Studio.CustomControls\Warewolf.Studio.CustomControls.csproj]
C:\Program Files\dotnet\sdk\10.0.201\Microsoft.Common.CurrentVersion.targets(2451,5): warning MSB3277:             C:\Users\ultra\warewolf\Dev\Warewolf.Common.NetStandard20\bin\Debug\net8.0\Warewolf.Common.NetStandard20.dll [C:\Users\ultra\warewolf\Dev\Warewolf.Studio.CustomControls\Warewolf.Studio.CustomControls.csproj]
C:\Program Files\dotnet\sdk\10.0.201\Microsoft.Common.CurrentVersion.targets(2451,5): warning MSB3277:             C:\Users\ultra\warewolf\Dev\Warewolf.Core\bin\Debug\net8.0\Warewolf.Core.dll [C:\Users\ultra\warewolf\Dev\Warewolf.Studio.CustomControls\Warewolf.Studio.CustomControls.csproj]
C:\Program Files\dotnet\sdk\10.0.201\Microsoft.Common.CurrentVersion.targets(2451,5): warning MSB3277:             C:\Users\ultra\warewolf\Dev\Warewolf.Driver.Persistence\bin\Debug\net8.0\Warewolf.Driver.Persistence.dll [C:\Users\ultra\warewolf\Dev\Warewolf.Studio.CustomControls\Warewolf.Studio.CustomControls.csproj]
C:\Program Files\dotnet\sdk\10.0.201\Microsoft.Common.CurrentVersion.targets(2451,5): warning MSB3277:             C:\Users\ultra\warewolf\Dev\Warewolf.Exchange.Email.Wrapper\bin\Debug\net8.0\Warewolf.Exchange.Email.Wrapper.dll [C:\Users\ultra\warewolf\Dev\Warewolf.Studio.CustomControls\Warewolf.Studio.CustomControls.csproj]
C:\Program Files\dotnet\sdk\10.0.201\Microsoft.Common.CurrentVersion.targets(2451,5): warning MSB3277:             C:\Users\ultra\warewolf\Dev\Warewolf.ResourceManagement\bin\Debug\net8.0\Warewolf.ResourceManagement.dll [C:\Users\ultra\warewolf\Dev\Warewolf.Studio.CustomControls\Warewolf.Studio.CustomControls.csproj]
C:\Program Files\dotnet\sdk\10.0.201\Microsoft.Common.CurrentVersion.targets(2451,5): warning MSB3277:             C:\Users\ultra\warewolf\Dev\Warewolf.Studio.Core\bin\Debug\net8.0\Warewolf.Studio.Core.dll [C:\Users\ultra\warewolf\Dev\Warewolf.Studio.CustomControls\Warewolf.Studio.CustomControls.csproj]
C:\Program Files\dotnet\sdk\10.0.201\Microsoft.Common.CurrentVersion.targets(2451,5): warning MSB3277:         C:\Users\ultra\warewolf\Dev\Binaries\Infragistcs_Net6\InfragisticsWPF4.v15.1.dll [C:\Users\ultra\warewolf\Dev\Warewolf.Studio.CustomControls\Warewolf.Studio.CustomControls.csproj]
C:\Program Files\dotnet\sdk\10.0.201\Microsoft.Common.CurrentVersion.targets(2451,5): warning MSB3277:           Project file item includes which caused reference "C:\Users\ultra\warewolf\Dev\Binaries\Infragistcs_Net6\InfragisticsWPF4.v15.1.dll". [C:\Users\ultra\warewolf\Dev\Warewolf.Studio.CustomControls\Warewolf.Studio.CustomControls.csproj]
C:\Program Files\dotnet\sdk\10.0.201\Microsoft.Common.CurrentVersion.targets(2451,5): warning MSB3277:             InfragisticsWPF4.v15.1, Version=15.1.20151.2055, Culture=neutral, processorArchitecture=MSIL [C:\Users\ultra\warewolf\Dev\Warewolf.Studio.CustomControls\Warewolf.Studio.CustomControls.csproj]
C:\Program Files\dotnet\sdk\10.0.201\Microsoft.Common.CurrentVersion.targets(2451,5): warning MSB3277:             InfragisticsWPF4.Controls.Grids.XamGrid.v15.1 [C:\Users\ultra\warewolf\Dev\Warewolf.Studio.CustomControls\Warewolf.Studio.CustomControls.csproj]
C:\Program Files\dotnet\sdk\10.0.201\Microsoft.Common.CurrentVersion.targets(2451,5): warning MSB3277:             InfragisticsWPF4.Controls.Menus.XamDataTree.v15.1, Version=15.1.20151.2055, Culture=neutral, PublicKeyToken=7dd5c3163f2cd0cb, processorArchitecture=MSIL [C:\Users\ultra\warewolf\Dev\Warewolf.Studio.CustomControls\Warewolf.Studio.CustomControls.csproj]
C:\Program Files\dotnet\sdk\10.0.201\Microsoft.Common.CurrentVersion.targets(2451,5): warning MSB3277:             InfragisticsWPF4.DataManager.v15.1, Version=15.1.20151.2055, Culture=neutral, processorArchitecture=MSIL [C:\Users\ultra\warewolf\Dev\Warewolf.Studio.CustomControls\Warewolf.Studio.CustomControls.csproj]
C:\Program Files\dotnet\sdk\10.0.201\Microsoft.Common.CurrentVersion.targets(2451,5): warning MSB3277:             InfragisticsWPF4.DataPresenter.v15.1 [C:\Users\ultra\warewolf\Dev\Warewolf.Studio.CustomControls\Warewolf.Studio.CustomControls.csproj]
C:\Program Files\dotnet\sdk\10.0.201\Microsoft.Common.CurrentVersion.targets(2451,5): warning MSB3277:         C:\Users\ultra\.nuget\packages\dotnetzip\1.16.0\lib\netstandard2.0\DotNetZip.dll [C:\Users\ultra\warewolf\Dev\Warewolf.Studio.CustomControls\Warewolf.Studio.CustomControls.csproj]
C:\Program Files\dotnet\sdk\10.0.201\Microsoft.Common.CurrentVersion.targets(2451,5): warning MSB3277:           Project file item includes which caused reference "C:\Users\ultra\.nuget\packages\dotnetzip\1.16.0\lib\netstandard2.0\DotNetZip.dll". [C:\Users\ultra\warewolf\Dev\Warewolf.Studio.CustomControls\Warewolf.Studio.CustomControls.csproj]
C:\Program Files\dotnet\sdk\10.0.201\Microsoft.Common.CurrentVersion.targets(2451,5): warning MSB3277:             C:\Users\ultra\.nuget\packages\dotnetzip\1.16.0\lib\netstandard2.0\DotNetZip.dll [C:\Users\ultra\warewolf\Dev\Warewolf.Studio.CustomControls\Warewolf.Studio.CustomControls.csproj]
C:\Program Files\dotnet\sdk\10.0.201\Microsoft.Common.CurrentVersion.targets(2451,5): warning MSB3277:             C:\Users\ultra\warewolf\Dev\Dev2.Common\bin\Debug\net8.0\Dev2.Common.dll [C:\Users\ultra\warewolf\Dev\Warewolf.Studio.CustomControls\Warewolf.Studio.CustomControls.csproj]
C:\Program Files\dotnet\sdk\10.0.201\Microsoft.Common.CurrentVersion.targets(2451,5): warning MSB3277:             C:\Users\ultra\warewolf\Dev\Dev2.Infrastructure\bin\Debug\net8.0\Dev2.Infrastructure.dll [C:\Users\ultra\warewolf\Dev\Warewolf.Studio.CustomControls\Warewolf.Studio.CustomControls.csproj]
C:\Program Files\dotnet\sdk\10.0.201\Microsoft.Common.CurrentVersion.targets(2451,5): warning MSB3277:             C:\Users\ultra\warewolf\Dev\Dev2.Intellisense\bin\Debug\net8.0\Dev2.Intellisense.dll [C:\Users\ultra\warewolf\Dev\Warewolf.Studio.CustomControls\Warewolf.Studio.CustomControls.csproj]
C:\Program Files\dotnet\sdk\10.0.201\Microsoft.Common.CurrentVersion.targets(2451,5): warning MSB3277:             C:\Users\ultra\warewolf\Dev\Dev2.Studio.Core\bin\Debug\net8.0\Dev2.Studio.Core.dll [C:\Users\ultra\warewolf\Dev\Warewolf.Studio.CustomControls\Warewolf.Studio.CustomControls.csproj]
C:\Program Files\dotnet\sdk\10.0.201\Microsoft.Common.CurrentVersion.targets(2451,5): warning MSB3277:             C:\Users\ultra\warewolf\Dev\Dev2.Studio.Interfaces\bin\Debug\net8.0\Dev2.Studio.Interfaces.dll [C:\Users\ultra\warewolf\Dev\Warewolf.Studio.CustomControls\Warewolf.Studio.CustomControls.csproj]
C:\Program Files\dotnet\sdk\10.0.201\Microsoft.Common.CurrentVersion.targets(2451,5): warning MSB3277:             C:\Users\ultra\warewolf\Dev\Dev2.Activities\bin\Debug\net8.0\Dev2.Activities.dll [C:\Users\ultra\warewolf\Dev\Warewolf.Studio.CustomControls\Warewolf.Studio.CustomControls.csproj]
C:\Program Files\dotnet\sdk\10.0.201\Microsoft.Common.CurrentVersion.targets(2451,5): warning MSB3277:             C:\Users\ultra\warewolf\Dev\Dev2.Core\bin\Debug\net8.0\Dev2.Core.dll [C:\Users\ultra\warewolf\Dev\Warewolf.Studio.CustomControls\Warewolf.Studio.CustomControls.csproj]
C:\Program Files\dotnet\sdk\10.0.201\Microsoft.Common.CurrentVersion.targets(2451,5): warning MSB3277:             C:\Users\ultra\warewolf\Dev\Dev2.Data\bin\Debug\net8.0\Dev2.Data.dll [C:\Users\ultra\warewolf\Dev\Warewolf.Studio.CustomControls\Warewolf.Studio.CustomControls.csproj]
C:\Program Files\dotnet\sdk\10.0.201\Microsoft.Common.CurrentVersion.targets(2451,5): warning MSB3277:             C:\Users\ultra\warewolf\Dev\Dev2.Data.Interfaces\bin\Debug\net8.0\Dev2.Data.Interfaces.dll [C:\Users\ultra\warewolf\Dev\Warewolf.Studio.CustomControls\Warewolf.Studio.CustomControls.csproj]
C:\Program Files\dotnet\sdk\10.0.201\Microsoft.Common.CurrentVersion.targets(2451,5): warning MSB3277:             C:\Users\ultra\warewolf\Dev\Dev2.Development.Languages\bin\Debug\net8.0\Dev2.Development.Languages.dll [C:\Users\ultra\warewolf\Dev\Warewolf.Studio.CustomControls\Warewolf.Studio.CustomControls.csproj]
C:\Program Files\dotnet\sdk\10.0.201\Microsoft.Common.CurrentVersion.targets(2451,5): warning MSB3277:             C:\Users\ultra\warewolf\Dev\Dev2.Diagnostics\bin\Debug\net8.0\Dev2.Diagnostics.dll [C:\Users\ultra\warewolf\Dev\Warewolf.Studio.CustomControls\Warewolf.Studio.CustomControls.csproj]
C:\Program Files\dotnet\sdk\10.0.201\Microsoft.Common.CurrentVersion.targets(2451,5): warning MSB3277:             C:\Users\ultra\warewolf\Dev\Dev2.Runtime.Services\bin\Debug\net8.0\Dev2.Runtime.Services.dll [C:\Users\ultra\warewolf\Dev\Warewolf.Studio.CustomControls\Warewolf.Studio.CustomControls.csproj]
C:\Program Files\dotnet\sdk\10.0.201\Microsoft.Common.CurrentVersion.targets(2451,5): warning MSB3277:             C:\Users\ultra\warewolf\Dev\Dev2.Scheduler\bin\Debug\net8.0\Dev2.Scheduler.dll [C:\Users\ultra\warewolf\Dev\Warewolf.Studio.CustomControls\Warewolf.Studio.CustomControls.csproj]
C:\Program Files\dotnet\sdk\10.0.201\Microsoft.Common.CurrentVersion.targets(2451,5): warning MSB3277:             C:\Users\ultra\warewolf\Dev\Dev2.Services.Execution\bin\Debug\net8.0\Dev2.Services.Execution.dll [C:\Users\ultra\warewolf\Dev\Warewolf.Studio.CustomControls\Warewolf.Studio.CustomControls.csproj]
C:\Program Files\dotnet\sdk\10.0.201\Microsoft.Common.CurrentVersion.targets(2451,5): warning MSB3277:             C:\Users\ultra\warewolf\Dev\Dev2.Services.Sql\bin\Debug\net8.0\Dev2.Services.Sql.dll [C:\Users\ultra\warewolf\Dev\Warewolf.Studio.CustomControls\Warewolf.Studio.CustomControls.csproj]
C:\Program Files\dotnet\sdk\10.0.201\Microsoft.Common.CurrentVersion.targets(2451,5): warning MSB3277:             C:\Users\ultra\warewolf\Dev\Dev2.TaskScheduler.Wrappers\bin\Debug\net8.0\Dev2.TaskScheduler.Wrappers.dll [C:\Users\ultra\warewolf\Dev\Warewolf.Studio.CustomControls\Warewolf.Studio.CustomControls.csproj]
C:\Program Files\dotnet\sdk\10.0.201\Microsoft.Common.CurrentVersion.targets(2451,5): warning MSB3277:             C:\Users\ultra\warewolf\Dev\Dev2.Util\bin\Debug\net8.0\Dev2.Util.dll [C:\Users\ultra\warewolf\Dev\Warewolf.Studio.CustomControls\Warewolf.Studio.CustomControls.csproj]
C:\Program Files\dotnet\sdk\10.0.201\Microsoft.Common.CurrentVersion.targets(2451,5): warning MSB3277:             C:\Users\ultra\warewolf\Dev\Warewolf.AI.Harness\bin\Debug\net8.0\Warewolf.AI.Harness.dll [C:\Users\ultra\warewolf\Dev\Warewolf.Studio.CustomControls\Warewolf.Studio.CustomControls.csproj]
C:\Program Files\dotnet\sdk\10.0.201\Microsoft.Common.CurrentVersion.targets(2451,5): warning MSB3277:             C:\Users\ultra\warewolf\Dev\Warewolf.Auditing\bin\Debug\net8.0\Warewolf.Auditing.dll [C:\Users\ultra\warewolf\Dev\Warewolf.Studio.CustomControls\Warewolf.Studio.CustomControls.csproj]
C:\Program Files\dotnet\sdk\10.0.201\Microsoft.Common.CurrentVersion.targets(2451,5): warning MSB3277:             C:\Users\ultra\warewolf\Dev\Warewolf.Common.NetStandard20\bin\Debug\net8.0\Warewolf.Common.NetStandard20.dll [C:\Users\ultra\warewolf\Dev\Warewolf.Studio.CustomControls\Warewolf.Studio.CustomControls.csproj]
C:\Program Files\dotnet\sdk\10.0.201\Microsoft.Common.CurrentVersion.targets(2451,5): warning MSB3277:             C:\Users\ultra\warewolf\Dev\Warewolf.Core\bin\Debug\net8.0\Warewolf.Core.dll [C:\Users\ultra\warewolf\Dev\Warewolf.Studio.CustomControls\Warewolf.Studio.CustomControls.csproj]
C:\Program Files\dotnet\sdk\10.0.201\Microsoft.Common.CurrentVersion.targets(2451,5): warning MSB3277:             C:\Users\ultra\warewolf\Dev\Warewolf.Driver.Persistence\bin\Debug\net8.0\Warewolf.Driver.Persistence.dll [C:\Users\ultra\warewolf\Dev\Warewolf.Studio.CustomControls\Warewolf.Studio.CustomControls.csproj]
C:\Program Files\dotnet\sdk\10.0.201\Microsoft.Common.CurrentVersion.targets(2451,5): warning MSB3277:             C:\Users\ultra\warewolf\Dev\Warewolf.Driver.Serilog\bin\Debug\net8.0\Warewolf.Driver.Serilog.dll [C:\Users\ultra\warewolf\Dev\Warewolf.Studio.CustomControls\Warewolf.Studio.CustomControls.csproj]
C:\Program Files\dotnet\sdk\10.0.201\Microsoft.Common.CurrentVersion.targets(2451,5): warning MSB3277:             C:\Users\ultra\warewolf\Dev\Warewolf.Exchange.Email.Wrapper\bin\Debug\net8.0\Warewolf.Exchange.Email.Wrapper.dll [C:\Users\ultra\warewolf\Dev\Warewolf.Studio.CustomControls\Warewolf.Studio.CustomControls.csproj]
C:\Program Files\dotnet\sdk\10.0.201\Microsoft.Common.CurrentVersion.targets(2451,5): warning MSB3277:             C:\Users\ultra\warewolf\Dev\Warewolf.ResourceManagement\bin\Debug\net8.0\Warewolf.ResourceManagement.dll [C:\Users\ultra\warewolf\Dev\Warewolf.Studio.CustomControls\Warewolf.Studio.CustomControls.csproj]
C:\Program Files\dotnet\sdk\10.0.201\Microsoft.Common.CurrentVersion.targets(2451,5): warning MSB3277:             C:\Users\ultra\warewolf\Dev\Warewolf.Sharepoint\bin\Debug\net8.0\Warewolf.Sharepoint.dll [C:\Users\ultra\warewolf\Dev\Warewolf.Studio.CustomControls\Warewolf.Studio.CustomControls.csproj]
C:\Program Files\dotnet\sdk\10.0.201\Microsoft.Common.CurrentVersion.targets(2451,5): warning MSB3277:             C:\Users\ultra\warewolf\Dev\Warewolf.Storage\bin\Debug\net8.0\Warewolf.Storage.dll [C:\Users\ultra\warewolf\Dev\Warewolf.Studio.CustomControls\Warewolf.Studio.CustomControls.csproj]
C:\Program Files\dotnet\sdk\10.0.201\Microsoft.Common.CurrentVersion.targets(2451,5): warning MSB3277:             C:\Users\ultra\warewolf\Dev\Warewolf.Studio.Core\bin\Debug\net8.0\Warewolf.Studio.Core.dll [C:\Users\ultra\warewolf\Dev\Warewolf.Studio.CustomControls\Warewolf.Studio.CustomControls.csproj]
C:\Program Files\dotnet\sdk\10.0.201\Microsoft.Common.CurrentVersion.targets(2451,5): warning MSB3277:         C:\Users\ultra\.nuget\packages\mindbox.data.linq\5.0.0\lib\netstandard2.0\Mindbox.Data.Linq.dll [C:\Users\ultra\warewolf\Dev\Warewolf.Studio.CustomControls\Warewolf.Studio.CustomControls.csproj]
C:\Program Files\dotnet\sdk\10.0.201\Microsoft.Common.CurrentVersion.targets(2451,5): warning MSB3277:           Project file item includes which caused reference "C:\Users\ultra\.nuget\packages\mindbox.data.linq\5.0.0\lib\netstandard2.0\Mindbox.Data.Linq.dll". [C:\Users\ultra\warewolf\Dev\Warewolf.Studio.CustomControls\Warewolf.Studio.CustomControls.csproj]
C:\Program Files\dotnet\sdk\10.0.201\Microsoft.Common.CurrentVersion.targets(2451,5): warning MSB3277:             C:\Users\ultra\.nuget\packages\mindbox.data.linq\5.0.0\lib\netstandard2.0\Mindbox.Data.Linq.dll [C:\Users\ultra\warewolf\Dev\Warewolf.Studio.CustomControls\Warewolf.Studio.CustomControls.csproj]
C:\Program Files\dotnet\sdk\10.0.201\Microsoft.Common.CurrentVersion.targets(2451,5): warning MSB3277:             C:\Users\ultra\warewolf\Dev\Warewolf.Auditing\bin\Debug\net8.0\Warewolf.Auditing.dll [C:\Users\ultra\warewolf\Dev\Warewolf.Studio.CustomControls\Warewolf.Studio.CustomControls.csproj]
C:\Program Files\dotnet\sdk\10.0.201\Microsoft.Common.CurrentVersion.targets(2451,5): warning MSB3277:             C:\Users\ultra\warewolf\Dev\Dev2.Activities\bin\Debug\net8.0\Dev2.Activities.dll [C:\Users\ultra\warewolf\Dev\Warewolf.Studio.CustomControls\Warewolf.Studio.CustomControls.csproj]
C:\Program Files\dotnet\sdk\10.0.201\Microsoft.Common.CurrentVersion.targets(2451,5): warning MSB3277:             C:\Users\ultra\warewolf\Dev\Dev2.Studio.Core\bin\Debug\net8.0\Dev2.Studio.Core.dll [C:\Users\ultra\warewolf\Dev\Warewolf.Studio.CustomControls\Warewolf.Studio.CustomControls.csproj]
C:\Program Files\dotnet\sdk\10.0.201\Microsoft.Common.CurrentVersion.targets(2451,5): warning MSB3277:             C:\Users\ultra\warewolf\Dev\Dev2.Intellisense\bin\Debug\net8.0\Dev2.Intellisense.dll [C:\Users\ultra\warewolf\Dev\Warewolf.Studio.CustomControls\Warewolf.Studio.CustomControls.csproj]
C:\Program Files\dotnet\sdk\10.0.201\Microsoft.Common.CurrentVersion.targets(2451,5): warning MSB3277:             C:\Users\ultra\warewolf\Dev\Dev2.Runtime.Services\bin\Debug\net8.0\Dev2.Runtime.Services.dll [C:\Users\ultra\warewolf\Dev\Warewolf.Studio.CustomControls\Warewolf.Studio.CustomControls.csproj]
C:\Program Files\dotnet\sdk\10.0.201\Microsoft.Common.CurrentVersion.targets(2451,5): warning MSB3277:             C:\Users\ultra\warewolf\Dev\Dev2.Studio.Interfaces\bin\Debug\net8.0\Dev2.Studio.Interfaces.dll [C:\Users\ultra\warewolf\Dev\Warewolf.Studio.CustomControls\Warewolf.Studio.CustomControls.csproj]
C:\Program Files\dotnet\sdk\10.0.201\Microsoft.Common.CurrentVersion.targets(2451,5): warning MSB3277:             C:\Users\ultra\warewolf\Dev\Dev2.Services.Execution\bin\Debug\net8.0\Dev2.Services.Execution.dll [C:\Users\ultra\warewolf\Dev\Warewolf.Studio.CustomControls\Warewolf.Studio.CustomControls.csproj]
C:\Program Files\dotnet\sdk\10.0.201\Microsoft.Common.CurrentVersion.targets(2451,5): warning MSB3277:             C:\Users\ultra\warewolf\Dev\Warewolf.Common.NetStandard20\bin\Debug\net8.0\Warewolf.Common.NetStandard20.dll [C:\Users\ultra\warewolf\Dev\Warewolf.Studio.CustomControls\Warewolf.Studio.CustomControls.csproj]
C:\Program Files\dotnet\sdk\10.0.201\Microsoft.Common.CurrentVersion.targets(2451,5): warning MSB3277:             C:\Users\ultra\warewolf\Dev\Warewolf.Driver.Persistence\bin\Debug\net8.0\Warewolf.Driver.Persistence.dll [C:\Users\ultra\warewolf\Dev\Warewolf.Studio.CustomControls\Warewolf.Studio.CustomControls.csproj]
C:\Program Files\dotnet\sdk\10.0.201\Microsoft.Common.CurrentVersion.targets(2451,5): warning MSB3277:             C:\Users\ultra\warewolf\Dev\Warewolf.Studio.Core\bin\Debug\net8.0\Warewolf.Studio.Core.dll [C:\Users\ultra\warewolf\Dev\Warewolf.Studio.CustomControls\Warewolf.Studio.CustomControls.csproj]
C:\Program Files\dotnet\sdk\10.0.201\Microsoft.Common.CurrentVersion.targets(2451,5): warning MSB3277:         C:\Users\ultra\.nuget\packages\mysql.data\8.4.0\lib\net8.0\MySql.Data.dll [C:\Users\ultra\warewolf\Dev\Warewolf.Studio.CustomControls\Warewolf.Studio.CustomControls.csproj]
C:\Program Files\dotnet\sdk\10.0.201\Microsoft.Common.CurrentVersion.targets(2451,5): warning MSB3277:           Project file item includes which caused reference "C:\Users\ultra\.nuget\packages\mysql.data\8.4.0\lib\net8.0\MySql.Data.dll". [C:\Users\ultra\warewolf\Dev\Warewolf.Studio.CustomControls\Warewolf.Studio.CustomControls.csproj]
C:\Program Files\dotnet\sdk\10.0.201\Microsoft.Common.CurrentVersion.targets(2451,5): warning MSB3277:             C:\Users\ultra\.nuget\packages\mysql.data\8.4.0\lib\net8.0\MySql.Data.dll [C:\Users\ultra\warewolf\Dev\Warewolf.Studio.CustomControls\Warewolf.Studio.CustomControls.csproj]
C:\Program Files\dotnet\sdk\10.0.201\Microsoft.Common.CurrentVersion.targets(2451,5): warning MSB3277:             C:\Users\ultra\warewolf\Dev\Dev2.Activities\bin\Debug\net8.0\Dev2.Activities.dll [C:\Users\ultra\warewolf\Dev\Warewolf.Studio.CustomControls\Warewolf.Studio.CustomControls.csproj]
C:\Program Files\dotnet\sdk\10.0.201\Microsoft.Common.CurrentVersion.targets(2451,5): warning MSB3277:             C:\Users\ultra\warewolf\Dev\Dev2.Studio.Core\bin\Debug\net8.0\Dev2.Studio.Core.dll [C:\Users\ultra\warewolf\Dev\Warewolf.Studio.CustomControls\Warewolf.Studio.CustomControls.csproj]
C:\Program Files\dotnet\sdk\10.0.201\Microsoft.Common.CurrentVersion.targets(2451,5): warning MSB3277:             C:\Users\ultra\warewolf\Dev\Dev2.Intellisense\bin\Debug\net8.0\Dev2.Intellisense.dll [C:\Users\ultra\warewolf\Dev\Warewolf.Studio.CustomControls\Warewolf.Studio.CustomControls.csproj]
C:\Program Files\dotnet\sdk\10.0.201\Microsoft.Common.CurrentVersion.targets(2451,5): warning MSB3277:             C:\Users\ultra\warewolf\Dev\Dev2.Runtime.Services\bin\Debug\net8.0\Dev2.Runtime.Services.dll [C:\Users\ultra\warewolf\Dev\Warewolf.Studio.CustomControls\Warewolf.Studio.CustomControls.csproj]
C:\Program Files\dotnet\sdk\10.0.201\Microsoft.Common.CurrentVersion.targets(2451,5): warning MSB3277:             C:\Users\ultra\warewolf\Dev\Dev2.Studio.Interfaces\bin\Debug\net8.0\Dev2.Studio.Interfaces.dll [C:\Users\ultra\warewolf\Dev\Warewolf.Studio.CustomControls\Warewolf.Studio.CustomControls.csproj]
C:\Program Files\dotnet\sdk\10.0.201\Microsoft.Common.CurrentVersion.targets(2451,5): warning MSB3277:             C:\Users\ultra\warewolf\Dev\Dev2.Services.Execution\bin\Debug\net8.0\Dev2.Services.Execution.dll [C:\Users\ultra\warewolf\Dev\Warewolf.Studio.CustomControls\Warewolf.Studio.CustomControls.csproj]
C:\Program Files\dotnet\sdk\10.0.201\Microsoft.Common.CurrentVersion.targets(2451,5): warning MSB3277:             C:\Users\ultra\warewolf\Dev\Dev2.Services.Sql\bin\Debug\net8.0\Dev2.Services.Sql.dll [C:\Users\ultra\warewolf\Dev\Warewolf.Studio.CustomControls\Warewolf.Studio.CustomControls.csproj]
C:\Program Files\dotnet\sdk\10.0.201\Microsoft.Common.CurrentVersion.targets(2451,5): warning MSB3277:             C:\Users\ultra\warewolf\Dev\Warewolf.Driver.Persistence\bin\Debug\net8.0\Warewolf.Driver.Persistence.dll [C:\Users\ultra\warewolf\Dev\Warewolf.Studio.CustomControls\Warewolf.Studio.CustomControls.csproj]
C:\Program Files\dotnet\sdk\10.0.201\Microsoft.Common.CurrentVersion.targets(2451,5): warning MSB3277:             C:\Users\ultra\warewolf\Dev\Warewolf.Studio.Core\bin\Debug\net8.0\Warewolf.Studio.Core.dll [C:\Users\ultra\warewolf\Dev\Warewolf.Studio.CustomControls\Warewolf.Studio.CustomControls.csproj]
C:\Program Files\dotnet\sdk\10.0.201\Microsoft.Common.CurrentVersion.targets(2451,5): warning MSB3277:         C:\Users\ultra\.nuget\packages\oracle.manageddataaccess.core\3.21.70\lib\netstandard2.1\Oracle.ManagedDataAccess.dll [C:\Users\ultra\warewolf\Dev\Warewolf.Studio.CustomControls\Warewolf.Studio.CustomControls.csproj]
C:\Program Files\dotnet\sdk\10.0.201\Microsoft.Common.CurrentVersion.targets(2451,5): warning MSB3277:           Project file item includes which caused reference "C:\Users\ultra\.nuget\packages\oracle.manageddataaccess.core\3.21.70\lib\netstandard2.1\Oracle.ManagedDataAccess.dll". [C:\Users\ultra\warewolf\Dev\Warewolf.Studio.CustomControls\Warewolf.Studio.CustomControls.csproj]
C:\Program Files\dotnet\sdk\10.0.201\Microsoft.Common.CurrentVersion.targets(2451,5): warning MSB3277:             C:\Users\ultra\.nuget\packages\oracle.manageddataaccess.core\3.21.70\lib\netstandard2.1\Oracle.ManagedDataAccess.dll [C:\Users\ultra\warewolf\Dev\Warewolf.Studio.CustomControls\Warewolf.Studio.CustomControls.csproj]
C:\Program Files\dotnet\sdk\10.0.201\Microsoft.Common.CurrentVersion.targets(2451,5): warning MSB3277:             C:\Users\ultra\warewolf\Dev\Dev2.Runtime.Services\bin\Debug\net8.0\Dev2.Runtime.Services.dll [C:\Users\ultra\warewolf\Dev\Warewolf.Studio.CustomControls\Warewolf.Studio.CustomControls.csproj]
C:\Program Files\dotnet\sdk\10.0.201\Microsoft.Common.CurrentVersion.targets(2451,5): warning MSB3277:             C:\Users\ultra\warewolf\Dev\Dev2.Studio.Core\bin\Debug\net8.0\Dev2.Studio.Core.dll [C:\Users\ultra\warewolf\Dev\Warewolf.Studio.CustomControls\Warewolf.Studio.CustomControls.csproj]
C:\Program Files\dotnet\sdk\10.0.201\Microsoft.Common.CurrentVersion.targets(2451,5): warning MSB3277:             C:\Users\ultra\warewolf\Dev\Dev2.Intellisense\bin\Debug\net8.0\Dev2.Intellisense.dll [C:\Users\ultra\warewolf\Dev\Warewolf.Studio.CustomControls\Warewolf.Studio.CustomControls.csproj]
C:\Program Files\dotnet\sdk\10.0.201\Microsoft.Common.CurrentVersion.targets(2451,5): warning MSB3277:             C:\Users\ultra\warewolf\Dev\Dev2.Studio.Interfaces\bin\Debug\net8.0\Dev2.Studio.Interfaces.dll [C:\Users\ultra\warewolf\Dev\Warewolf.Studio.CustomControls\Warewolf.Studio.CustomControls.csproj]
C:\Program Files\dotnet\sdk\10.0.201\Microsoft.Common.CurrentVersion.targets(2451,5): warning MSB3277:             C:\Users\ultra\warewolf\Dev\Dev2.Activities\bin\Debug\net8.0\Dev2.Activities.dll [C:\Users\ultra\warewolf\Dev\Warewolf.Studio.CustomControls\Warewolf.Studio.CustomControls.csproj]
C:\Program Files\dotnet\sdk\10.0.201\Microsoft.Common.CurrentVersion.targets(2451,5): warning MSB3277:             C:\Users\ultra\warewolf\Dev\Dev2.Services.Execution\bin\Debug\net8.0\Dev2.Services.Execution.dll [C:\Users\ultra\warewolf\Dev\Warewolf.Studio.CustomControls\Warewolf.Studio.CustomControls.csproj]
C:\Program Files\dotnet\sdk\10.0.201\Microsoft.Common.CurrentVersion.targets(2451,5): warning MSB3277:             C:\Users\ultra\warewolf\Dev\Dev2.Services.Sql\bin\Debug\net8.0\Dev2.Services.Sql.dll [C:\Users\ultra\warewolf\Dev\Warewolf.Studio.CustomControls\Warewolf.Studio.CustomControls.csproj]
C:\Program Files\dotnet\sdk\10.0.201\Microsoft.Common.CurrentVersion.targets(2451,5): warning MSB3277:             C:\Users\ultra\warewolf\Dev\Warewolf.Driver.Persistence\bin\Debug\net8.0\Warewolf.Driver.Persistence.dll [C:\Users\ultra\warewolf\Dev\Warewolf.Studio.CustomControls\Warewolf.Studio.CustomControls.csproj]
C:\Program Files\dotnet\sdk\10.0.201\Microsoft.Common.CurrentVersion.targets(2451,5): warning MSB3277:             C:\Users\ultra\warewolf\Dev\Warewolf.Studio.Core\bin\Debug\net8.0\Warewolf.Studio.Core.dll [C:\Users\ultra\warewolf\Dev\Warewolf.Studio.CustomControls\Warewolf.Studio.CustomControls.csproj]
C:\Program Files\dotnet\sdk\10.0.201\Microsoft.Common.CurrentVersion.targets(2451,5): warning MSB3277:         C:\Users\ultra\.nuget\packages\system.directoryservices\6.0.0\lib\net6.0\System.DirectoryServices.dll [C:\Users\ultra\warewolf\Dev\Warewolf.Studio.CustomControls\Warewolf.Studio.CustomControls.csproj]
C:\Program Files\dotnet\sdk\10.0.201\Microsoft.Common.CurrentVersion.targets(2451,5): warning MSB3277:           Project file item includes which caused reference "C:\Users\ultra\.nuget\packages\system.directoryservices\6.0.0\lib\net6.0\System.DirectoryServices.dll". [C:\Users\ultra\warewolf\Dev\Warewolf.Studio.CustomControls\Warewolf.Studio.CustomControls.csproj]
C:\Program Files\dotnet\sdk\10.0.201\Microsoft.Common.CurrentVersion.targets(2451,5): warning MSB3277:             C:\Users\ultra\.nuget\packages\system.directoryservices\6.0.0\lib\net6.0\System.DirectoryServices.dll [C:\Users\ultra\warewolf\Dev\Warewolf.Studio.CustomControls\Warewolf.Studio.CustomControls.csproj]
C:\Program Files\dotnet\sdk\10.0.201\Microsoft.Common.CurrentVersion.targets(2451,5): warning MSB3277:             C:\Users\ultra\.nuget\packages\corewcf.primitives\1.2.1\lib\netstandard2.0\CoreWCF.Primitives.dll [C:\Users\ultra\warewolf\Dev\Warewolf.Studio.CustomControls\Warewolf.Studio.CustomControls.csproj]
C:\Program Files\dotnet\sdk\10.0.201\Microsoft.Common.CurrentVersion.targets(2451,5): warning MSB3277:             C:\Users\ultra\warewolf\Dev\Dev2.Runtime.Services\bin\Debug\net8.0\Dev2.Runtime.Services.dll [C:\Users\ultra\warewolf\Dev\Warewolf.Studio.CustomControls\Warewolf.Studio.CustomControls.csproj]
C:\Program Files\dotnet\sdk\10.0.201\Microsoft.Common.CurrentVersion.targets(2451,5): warning MSB3277:             C:\Users\ultra\warewolf\Dev\Dev2.Studio.Core\bin\Debug\net8.0\Dev2.Studio.Core.dll [C:\Users\ultra\warewolf\Dev\Warewolf.Studio.CustomControls\Warewolf.Studio.CustomControls.csproj]
C:\Program Files\dotnet\sdk\10.0.201\Microsoft.Common.CurrentVersion.targets(2451,5): warning MSB3277:             C:\Users\ultra\warewolf\Dev\Dev2.Intellisense\bin\Debug\net8.0\Dev2.Intellisense.dll [C:\Users\ultra\warewolf\Dev\Warewolf.Studio.CustomControls\Warewolf.Studio.CustomControls.csproj]
C:\Program Files\dotnet\sdk\10.0.201\Microsoft.Common.CurrentVersion.targets(2451,5): warning MSB3277:             C:\Users\ultra\warewolf\Dev\Dev2.Studio.Interfaces\bin\Debug\net8.0\Dev2.Studio.Interfaces.dll [C:\Users\ultra\warewolf\Dev\Warewolf.Studio.CustomControls\Warewolf.Studio.CustomControls.csproj]
C:\Program Files\dotnet\sdk\10.0.201\Microsoft.Common.CurrentVersion.targets(2451,5): warning MSB3277:             C:\Users\ultra\warewolf\Dev\Dev2.Activities\bin\Debug\net8.0\Dev2.Activities.dll [C:\Users\ultra\warewolf\Dev\Warewolf.Studio.CustomControls\Warewolf.Studio.CustomControls.csproj]
C:\Program Files\dotnet\sdk\10.0.201\Microsoft.Common.CurrentVersion.targets(2451,5): warning MSB3277:             C:\Users\ultra\warewolf\Dev\Dev2.Services.Execution\bin\Debug\net8.0\Dev2.Services.Execution.dll [C:\Users\ultra\warewolf\Dev\Warewolf.Studio.CustomControls\Warewolf.Studio.CustomControls.csproj]
C:\Program Files\dotnet\sdk\10.0.201\Microsoft.Common.CurrentVersion.targets(2451,5): warning MSB3277:             C:\Users\ultra\warewolf\Dev\Warewolf.Driver.Persistence\bin\Debug\net8.0\Warewolf.Driver.Persistence.dll [C:\Users\ultra\warewolf\Dev\Warewolf.Studio.CustomControls\Warewolf.Studio.CustomControls.csproj]
C:\Program Files\dotnet\sdk\10.0.201\Microsoft.Common.CurrentVersion.targets(2451,5): warning MSB3277:             C:\Users\ultra\warewolf\Dev\Warewolf.Studio.Core\bin\Debug\net8.0\Warewolf.Studio.Core.dll [C:\Users\ultra\warewolf\Dev\Warewolf.Studio.CustomControls\Warewolf.Studio.CustomControls.csproj]
C:\Program Files\dotnet\sdk\10.0.201\Microsoft.Common.CurrentVersion.targets(2451,5): warning MSB3277:             C:\Users\ultra\.nuget\packages\corewcf.http\1.2.1\lib\netstandard2.0\CoreWCF.Http.dll [C:\Users\ultra\warewolf\Dev\Warewolf.Studio.CustomControls\Warewolf.Studio.CustomControls.csproj]
C:\Program Files\dotnet\sdk\10.0.201\Microsoft.Common.CurrentVersion.targets(2451,5): warning MSB3277:             C:\Users\ultra\.nuget\packages\corewcf.nettcp\1.2.1\lib\netstandard2.0\CoreWCF.NetTcp.dll [C:\Users\ultra\warewolf\Dev\Warewolf.Studio.CustomControls\Warewolf.Studio.CustomControls.csproj]
C:\Program Files\dotnet\sdk\10.0.201\Microsoft.Common.CurrentVersion.targets(2451,5): warning MSB3277:             C:\Users\ultra\.nuget\packages\corewcf.webhttp\1.2.1\lib\netstandard2.0\CoreWCF.WebHttp.dll [C:\Users\ultra\warewolf\Dev\Warewolf.Studio.CustomControls\Warewolf.Studio.CustomControls.csproj]
C:\Program Files\dotnet\sdk\10.0.201\Microsoft.Common.CurrentVersion.targets(2451,5): warning MSB3277:         C:\Program Files\dotnet\packs\Microsoft.NETCore.App.Ref\8.0.25\ref\net8.0\System.Configuration.dll [C:\Users\ultra\warewolf\Dev\Warewolf.Studio.CustomControls\Warewolf.Studio.CustomControls.csproj]
C:\Program Files\dotnet\sdk\10.0.201\Microsoft.Common.CurrentVersion.targets(2451,5): warning MSB3277:           Project file item includes which caused reference "C:\Program Files\dotnet\packs\Microsoft.NETCore.App.Ref\8.0.25\ref\net8.0\System.Configuration.dll". [C:\Users\ultra\warewolf\Dev\Warewolf.Studio.CustomControls\Warewolf.Studio.CustomControls.csproj]
C:\Program Files\dotnet\sdk\10.0.201\Microsoft.Common.CurrentVersion.targets(2451,5): warning MSB3277:             C:\Program Files\dotnet\packs\Microsoft.NETCore.App.Ref\8.0.25\ref/net8.0/System.Configuration.dll [C:\Users\ultra\warewolf\Dev\Warewolf.Studio.CustomControls\Warewolf.Studio.CustomControls.csproj]
C:\Program Files\dotnet\sdk\10.0.201\Microsoft.Common.CurrentVersion.targets(2451,5): warning MSB3277:             C:\Users\ultra\.nuget\packages\prism.wpf\9.0.537\lib\net462\Prism.Wpf.dll [C:\Users\ultra\warewolf\Dev\Warewolf.Studio.CustomControls\Warewolf.Studio.CustomControls.csproj]
C:\Program Files\dotnet\sdk\10.0.201\Microsoft.Common.CurrentVersion.targets(2451,5): warning MSB3277:         C:\Program Files\dotnet\packs\Microsoft.NETCore.App.Ref\8.0.25\ref\net8.0\System.Data.dll [C:\Users\ultra\warewolf\Dev\Warewolf.Studio.CustomControls\Warewolf.Studio.CustomControls.csproj]
C:\Program Files\dotnet\sdk\10.0.201\Microsoft.Common.CurrentVersion.targets(2451,5): warning MSB3277:           Project file item includes which caused reference "C:\Program Files\dotnet\packs\Microsoft.NETCore.App.Ref\8.0.25\ref\net8.0\System.Data.dll". [C:\Users\ultra\warewolf\Dev\Warewolf.Studio.CustomControls\Warewolf.Studio.CustomControls.csproj]
C:\Program Files\dotnet\sdk\10.0.201\Microsoft.Common.CurrentVersion.targets(2451,5): warning MSB3277:             C:\Program Files\dotnet\packs\Microsoft.NETCore.App.Ref\8.0.25\ref/net8.0/System.Data.dll [C:\Users\ultra\warewolf\Dev\Warewolf.Studio.CustomControls\Warewolf.Studio.CustomControls.csproj]
C:\Program Files\dotnet\sdk\10.0.201\Microsoft.Common.CurrentVersion.targets(2451,5): warning MSB3277:             C:\Users\ultra\.nuget\packages\taskschedulereditor\2.10.1\lib\net452\Microsoft.Win32.TaskSchedulerEditor.dll [C:\Users\ultra\warewolf\Dev\Warewolf.Studio.CustomControls\Warewolf.Studio.CustomControls.csproj]
C:\Program Files\dotnet\sdk\10.0.201\Microsoft.Common.CurrentVersion.targets(2451,5): warning MSB3277:         C:\Program Files\dotnet\packs\Microsoft.NETCore.App.Ref\8.0.25\ref\net8.0\System.Drawing.dll [C:\Users\ultra\warewolf\Dev\Warewolf.Studio.CustomControls\Warewolf.Studio.CustomControls.csproj]
C:\Program Files\dotnet\sdk\10.0.201\Microsoft.Common.CurrentVersion.targets(2451,5): warning MSB3277:           Project file item includes which caused reference "C:\Program Files\dotnet\packs\Microsoft.NETCore.App.Ref\8.0.25\ref\net8.0\System.Drawing.dll". [C:\Users\ultra\warewolf\Dev\Warewolf.Studio.CustomControls\Warewolf.Studio.CustomControls.csproj]
C:\Program Files\dotnet\sdk\10.0.201\Microsoft.Common.CurrentVersion.targets(2451,5): warning MSB3277:             C:\Program Files\dotnet\packs\Microsoft.NETCore.App.Ref\8.0.25\ref/net8.0/System.Drawing.dll [C:\Users\ultra\warewolf\Dev\Warewolf.Studio.CustomControls\Warewolf.Studio.CustomControls.csproj]
C:\Program Files\dotnet\sdk\10.0.201\Microsoft.Common.CurrentVersion.targets(2451,5): warning MSB3277:             C:\Users\ultra\.nuget\packages\aerowizard\2.3.1\lib\net45\AeroWizard.dll [C:\Users\ultra\warewolf\Dev\Warewolf.Studio.CustomControls\Warewolf.Studio.CustomControls.csproj]
C:\Program Files\dotnet\sdk\10.0.201\Microsoft.Common.CurrentVersion.targets(2451,5): warning MSB3277:             C:\Users\ultra\.nuget\packages\groupcontrols\1.9.0\lib\net45\GroupControls.dll [C:\Users\ultra\warewolf\Dev\Warewolf.Studio.CustomControls\Warewolf.Studio.CustomControls.csproj]
C:\Program Files\dotnet\sdk\10.0.201\Microsoft.Common.CurrentVersion.targets(2451,5): warning MSB3277:             C:\Users\ultra\.nuget\packages\taskschedulereditor\2.10.1\lib\net452\Microsoft.Win32.TaskSchedulerEditor.dll [C:\Users\ultra\warewolf\Dev\Warewolf.Studio.CustomControls\Warewolf.Studio.CustomControls.csproj]
C:\Program Files\dotnet\sdk\10.0.201\Microsoft.Common.CurrentVersion.targets(2451,5): warning MSB3277:         C:\Program Files\dotnet\packs\Microsoft.NETCore.App.Ref\8.0.25\ref\net8.0\System.Net.dll [C:\Users\ultra\warewolf\Dev\Warewolf.Studio.CustomControls\Warewolf.Studio.CustomControls.csproj]
C:\Program Files\dotnet\sdk\10.0.201\Microsoft.Common.CurrentVersion.targets(2451,5): warning MSB3277:           Project file item includes which caused reference "C:\Program Files\dotnet\packs\Microsoft.NETCore.App.Ref\8.0.25\ref\net8.0\System.Net.dll". [C:\Users\ultra\warewolf\Dev\Warewolf.Studio.CustomControls\Warewolf.Studio.CustomControls.csproj]
C:\Program Files\dotnet\sdk\10.0.201\Microsoft.Common.CurrentVersion.targets(2451,5): warning MSB3277:             C:\Program Files\dotnet\packs\Microsoft.NETCore.App.Ref\8.0.25\ref/net8.0/System.Net.dll [C:\Users\ultra\warewolf\Dev\Warewolf.Studio.CustomControls\Warewolf.Studio.CustomControls.csproj]
C:\Program Files\dotnet\sdk\10.0.201\Microsoft.Common.CurrentVersion.targets(2451,5): warning MSB3277:         C:\Program Files\dotnet\packs\Microsoft.NETCore.App.Ref\8.0.25\ref\net8.0\System.Security.dll [C:\Users\ultra\warewolf\Dev\Warewolf.Studio.CustomControls\Warewolf.Studio.CustomControls.csproj]
C:\Program Files\dotnet\sdk\10.0.201\Microsoft.Common.CurrentVersion.targets(2451,5): warning MSB3277:           Project file item includes which caused reference "C:\Program Files\dotnet\packs\Microsoft.NETCore.App.Ref\8.0.25\ref\net8.0\System.Security.dll". [C:\Users\ultra\warewolf\Dev\Warewolf.Studio.CustomControls\Warewolf.Studio.CustomControls.csproj]
C:\Program Files\dotnet\sdk\10.0.201\Microsoft.Common.CurrentVersion.targets(2451,5): warning MSB3277:             C:\Program Files\dotnet\packs\Microsoft.NETCore.App.Ref\8.0.25\ref/net8.0/System.Security.dll [C:\Users\ultra\warewolf\Dev\Warewolf.Studio.CustomControls\Warewolf.Studio.CustomControls.csproj]
C:\Program Files\dotnet\sdk\10.0.201\Microsoft.Common.CurrentVersion.targets(2451,5): warning MSB3277:         C:\Program Files\dotnet\packs\Microsoft.NETCore.App.Ref\8.0.25\ref\net8.0\System.ServiceProcess.dll [C:\Users\ultra\warewolf\Dev\Warewolf.Studio.CustomControls\Warewolf.Studio.CustomControls.csproj]
C:\Program Files\dotnet\sdk\10.0.201\Microsoft.Common.CurrentVersion.targets(2451,5): warning MSB3277:           Project file item includes which caused reference "C:\Program Files\dotnet\packs\Microsoft.NETCore.App.Ref\8.0.25\ref\net8.0\System.ServiceProcess.dll". [C:\Users\ultra\warewolf\Dev\Warewolf.Studio.CustomControls\Warewolf.Studio.CustomControls.csproj]
C:\Program Files\dotnet\sdk\10.0.201\Microsoft.Common.CurrentVersion.targets(2451,5): warning MSB3277:             C:\Program Files\dotnet\packs\Microsoft.NETCore.App.Ref\8.0.25\ref/net8.0/System.ServiceProcess.dll [C:\Users\ultra\warewolf\Dev\Warewolf.Studio.CustomControls\Warewolf.Studio.CustomControls.csproj]
C:\Program Files\dotnet\sdk\10.0.201\Microsoft.Common.CurrentVersion.targets(2451,5): warning MSB3277:         C:\Program Files\dotnet\packs\Microsoft.NETCore.App.Ref\8.0.25\ref\net8.0\System.Transactions.dll [C:\Users\ultra\warewolf\Dev\Warewolf.Studio.CustomControls\Warewolf.Studio.CustomControls.csproj]
C:\Program Files\dotnet\sdk\10.0.201\Microsoft.Common.CurrentVersion.targets(2451,5): warning MSB3277:           Project file item includes which caused reference "C:\Program Files\dotnet\packs\Microsoft.NETCore.App.Ref\8.0.25\ref\net8.0\System.Transactions.dll". [C:\Users\ultra\warewolf\Dev\Warewolf.Studio.CustomControls\Warewolf.Studio.CustomControls.csproj]
C:\Program Files\dotnet\sdk\10.0.201\Microsoft.Common.CurrentVersion.targets(2451,5): warning MSB3277:             C:\Program Files\dotnet\packs\Microsoft.NETCore.App.Ref\8.0.25\ref/net8.0/System.Transactions.dll [C:\Users\ultra\warewolf\Dev\Warewolf.Studio.CustomControls\Warewolf.Studio.CustomControls.csproj]
C:\Program Files\dotnet\sdk\10.0.201\Microsoft.Common.CurrentVersion.targets(2451,5): warning MSB3277:         C:\Program Files\dotnet\packs\Microsoft.NETCore.App.Ref\8.0.25\ref\net8.0\System.dll [C:\Users\ultra\warewolf\Dev\Warewolf.Studio.CustomControls\Warewolf.Studio.CustomControls.csproj]
C:\Program Files\dotnet\sdk\10.0.201\Microsoft.Common.CurrentVersion.targets(2451,5): warning MSB3277:           Project file item includes which caused reference "C:\Program Files\dotnet\packs\Microsoft.NETCore.App.Ref\8.0.25\ref\net8.0\System.dll". [C:\Users\ultra\warewolf\Dev\Warewolf.Studio.CustomControls\Warewolf.Studio.CustomControls.csproj]
C:\Program Files\dotnet\sdk\10.0.201\Microsoft.Common.CurrentVersion.targets(2451,5): warning MSB3277:             C:\Program Files\dotnet\packs\Microsoft.NETCore.App.Ref\8.0.25\ref/net8.0/System.dll [C:\Users\ultra\warewolf\Dev\Warewolf.Studio.CustomControls\Warewolf.Studio.CustomControls.csproj]
C:\Program Files\dotnet\sdk\10.0.201\Microsoft.Common.CurrentVersion.targets(2451,5): warning MSB3277:             C:\Users\ultra\.nuget\packages\aerowizard\2.3.1\lib\net45\AeroWizard.dll [C:\Users\ultra\warewolf\Dev\Warewolf.Studio.CustomControls\Warewolf.Studio.CustomControls.csproj]
C:\Program Files\dotnet\sdk\10.0.201\Microsoft.Common.CurrentVersion.targets(2451,5): warning MSB3277:             C:\Users\ultra\.nuget\packages\groupcontrols\1.9.0\lib\net45\GroupControls.dll [C:\Users\ultra\warewolf\Dev\Warewolf.Studio.CustomControls\Warewolf.Studio.CustomControls.csproj]
C:\Program Files\dotnet\sdk\10.0.201\Microsoft.Common.CurrentVersion.targets(2451,5): warning MSB3277:             C:\Users\ultra\.nuget\packages\microsoft.xaml.behaviors.wpf\1.1.122\lib\net462\Microsoft.Xaml.Behaviors.dll [C:\Users\ultra\warewolf\Dev\Warewolf.Studio.CustomControls\Warewolf.Studio.CustomControls.csproj]
C:\Program Files\dotnet\sdk\10.0.201\Microsoft.Common.CurrentVersion.targets(2451,5): warning MSB3277:             C:\Users\ultra\.nuget\packages\caliburn.micro\4.0.212\lib\netcoreapp3.1\Caliburn.Micro.Platform.dll [C:\Users\ultra\warewolf\Dev\Warewolf.Studio.CustomControls\Warewolf.Studio.CustomControls.csproj]
C:\Program Files\dotnet\sdk\10.0.201\Microsoft.Common.CurrentVersion.targets(2451,5): warning MSB3277:             C:\Users\ultra\.nuget\packages\prism.wpf\9.0.537\lib\net462\Prism.Wpf.dll [C:\Users\ultra\warewolf\Dev\Warewolf.Studio.CustomControls\Warewolf.Studio.CustomControls.csproj]
C:\Program Files\dotnet\sdk\10.0.201\Microsoft.Common.CurrentVersion.targets(2451,5): warning MSB3277:             C:\Users\ultra\.nuget\packages\reactiveui.wpf\18.4.1\lib\net462\ReactiveUI.Wpf.dll [C:\Users\ultra\warewolf\Dev\Warewolf.Studio.CustomControls\Warewolf.Studio.CustomControls.csproj]
C:\Program Files\dotnet\sdk\10.0.201\Microsoft.Common.CurrentVersion.targets(2451,5): warning MSB3277:             C:\Users\ultra\.nuget\packages\taskschedulereditor\2.10.1\lib\net452\Microsoft.Win32.TaskSchedulerEditor.dll [C:\Users\ultra\warewolf\Dev\Warewolf.Studio.CustomControls\Warewolf.Studio.CustomControls.csproj]
C:\Program Files\dotnet\sdk\10.0.201\Microsoft.Common.CurrentVersion.targets(2451,5): warning MSB3277:             C:\Users\ultra\.nuget\packages\ttcue.netcore.sharepointonline.csom.16.1.8029.1200\16.1.8029.1200\lib\netcoreapp2.0\Microsoft.SharePoint.Client.Runtime.Windows.dll [C:\Users\ultra\warewolf\Dev\Warewolf.Studio.CustomControls\Warewolf.Studio.CustomControls.csproj]
C:\Program Files\dotnet\sdk\10.0.201\Microsoft.Common.CurrentVersion.targets(2451,5): warning MSB3277:         C:\Program Files\dotnet\packs\Microsoft.NETCore.App.Ref\8.0.25\ref\net8.0\WindowsBase.dll [C:\Users\ultra\warewolf\Dev\Warewolf.Studio.CustomControls\Warewolf.Studio.CustomControls.csproj]
C:\Program Files\dotnet\sdk\10.0.201\Microsoft.Common.CurrentVersion.targets(2451,5): warning MSB3277:           Project file item includes which caused reference "C:\Program Files\dotnet\packs\Microsoft.NETCore.App.Ref\8.0.25\ref\net8.0\WindowsBase.dll". [C:\Users\ultra\warewolf\Dev\Warewolf.Studio.CustomControls\Warewolf.Studio.CustomControls.csproj]
C:\Program Files\dotnet\sdk\10.0.201\Microsoft.Common.CurrentVersion.targets(2451,5): warning MSB3277:             C:\Program Files\dotnet\packs\Microsoft.NETCore.App.Ref\8.0.25\ref/net8.0/WindowsBase.dll [C:\Users\ultra\warewolf\Dev\Warewolf.Studio.CustomControls\Warewolf.Studio.CustomControls.csproj]
C:\Program Files\dotnet\sdk\10.0.201\Microsoft.Common.CurrentVersion.targets(2451,5): warning MSB3277:         C:\Program Files\dotnet\packs\Microsoft.NETCore.App.Ref\8.0.25\ref\net8.0\mscorlib.dll [C:\Users\ultra\warewolf\Dev\Warewolf.Studio.CustomControls\Warewolf.Studio.CustomControls.csproj]
C:\Program Files\dotnet\sdk\10.0.201\Microsoft.Common.CurrentVersion.targets(2451,5): warning MSB3277:           Project file item includes which caused reference "C:\Program Files\dotnet\packs\Microsoft.NETCore.App.Ref\8.0.25\ref\net8.0\mscorlib.dll". [C:\Users\ultra\warewolf\Dev\Warewolf.Studio.CustomControls\Warewolf.Studio.CustomControls.csproj]
C:\Program Files\dotnet\sdk\10.0.201\Microsoft.Common.CurrentVersion.targets(2451,5): warning MSB3277:             C:\Program Files\dotnet\packs\Microsoft.NETCore.App.Ref\8.0.25\ref/net8.0/mscorlib.dll [C:\Users\ultra\warewolf\Dev\Warewolf.Studio.CustomControls\Warewolf.Studio.CustomControls.csproj]
C:\Program Files\dotnet\sdk\10.0.201\Microsoft.Common.CurrentVersion.targets(2451,5): warning MSB3277:             C:\Users\ultra\.nuget\packages\aerowizard\2.3.1\lib\net45\AeroWizard.dll [C:\Users\ultra\warewolf\Dev\Warewolf.Studio.CustomControls\Warewolf.Studio.CustomControls.csproj]
C:\Program Files\dotnet\sdk\10.0.201\Microsoft.Common.CurrentVersion.targets(2451,5): warning MSB3277:             C:\Users\ultra\.nuget\packages\groupcontrols\1.9.0\lib\net45\GroupControls.dll [C:\Users\ultra\warewolf\Dev\Warewolf.Studio.CustomControls\Warewolf.Studio.CustomControls.csproj]
C:\Program Files\dotnet\sdk\10.0.201\Microsoft.Common.CurrentVersion.targets(2451,5): warning MSB3277:             C:\Users\ultra\.nuget\packages\hangfire.core\1.7.32\lib\netstandard2.0\Hangfire.Core.dll [C:\Users\ultra\warewolf\Dev\Warewolf.Studio.CustomControls\Warewolf.Studio.CustomControls.csproj]
C:\Program Files\dotnet\sdk\10.0.201\Microsoft.Common.CurrentVersion.targets(2451,5): warning MSB3277:             C:\Users\ultra\warewolf\Dev\Dev2.Activities\bin\Debug\net8.0\Dev2.Activities.dll [C:\Users\ultra\warewolf\Dev\Warewolf.Studio.CustomControls\Warewolf.Studio.CustomControls.csproj]
C:\Program Files\dotnet\sdk\10.0.201\Microsoft.Common.CurrentVersion.targets(2451,5): warning MSB3277:             C:\Users\ultra\warewolf\Dev\Dev2.Studio.Core\bin\Debug\net8.0\Dev2.Studio.Core.dll [C:\Users\ultra\warewolf\Dev\Warewolf.Studio.CustomControls\Warewolf.Studio.CustomControls.csproj]
C:\Program Files\dotnet\sdk\10.0.201\Microsoft.Common.CurrentVersion.targets(2451,5): warning MSB3277:             C:\Users\ultra\warewolf\Dev\Dev2.Intellisense\bin\Debug\net8.0\Dev2.Intellisense.dll [C:\Users\ultra\warewolf\Dev\Warewolf.Studio.CustomControls\Warewolf.Studio.CustomControls.csproj]
C:\Program Files\dotnet\sdk\10.0.201\Microsoft.Common.CurrentVersion.targets(2451,5): warning MSB3277:             C:\Users\ultra\warewolf\Dev\Warewolf.Driver.Persistence\bin\Debug\net8.0\Warewolf.Driver.Persistence.dll [C:\Users\ultra\warewolf\Dev\Warewolf.Studio.CustomControls\Warewolf.Studio.CustomControls.csproj]
C:\Program Files\dotnet\sdk\10.0.201\Microsoft.Common.CurrentVersion.targets(2451,5): warning MSB3277:             C:\Users\ultra\.nuget\packages\hangfire.sqlserver\1.7.32\lib\netstandard2.0\Hangfire.SqlServer.dll [C:\Users\ultra\warewolf\Dev\Warewolf.Studio.CustomControls\Warewolf.Studio.CustomControls.csproj]
C:\Program Files\dotnet\sdk\10.0.201\Microsoft.Common.CurrentVersion.targets(2451,5): warning MSB3277:             C:\Users\ultra\.nuget\packages\microsoft.xaml.behaviors.wpf\1.1.122\lib\net462\Microsoft.Xaml.Behaviors.dll [C:\Users\ultra\warewolf\Dev\Warewolf.Studio.CustomControls\Warewolf.Studio.CustomControls.csproj]
C:\Program Files\dotnet\sdk\10.0.201\Microsoft.Common.CurrentVersion.targets(2451,5): warning MSB3277:             C:\Users\ultra\.nuget\packages\caliburn.micro\4.0.212\lib\netcoreapp3.1\Caliburn.Micro.Platform.dll [C:\Users\ultra\warewolf\Dev\Warewolf.Studio.CustomControls\Warewolf.Studio.CustomControls.csproj]
C:\Program Files\dotnet\sdk\10.0.201\Microsoft.Common.CurrentVersion.targets(2451,5): warning MSB3277:             C:\Users\ultra\.nuget\packages\oracle.manageddataaccess.core\3.21.70\lib\netstandard2.1\Oracle.ManagedDataAccess.dll [C:\Users\ultra\warewolf\Dev\Warewolf.Studio.CustomControls\Warewolf.Studio.CustomControls.csproj]
C:\Program Files\dotnet\sdk\10.0.201\Microsoft.Common.CurrentVersion.targets(2451,5): warning MSB3277:             C:\Users\ultra\warewolf\Dev\Dev2.Runtime.Services\bin\Debug\net8.0\Dev2.Runtime.Services.dll [C:\Users\ultra\warewolf\Dev\Warewolf.Studio.CustomControls\Warewolf.Studio.CustomControls.csproj]
C:\Program Files\dotnet\sdk\10.0.201\Microsoft.Common.CurrentVersion.targets(2451,5): warning MSB3277:             C:\Users\ultra\warewolf\Dev\Dev2.Studio.Interfaces\bin\Debug\net8.0\Dev2.Studio.Interfaces.dll [C:\Users\ultra\warewolf\Dev\Warewolf.Studio.CustomControls\Warewolf.Studio.CustomControls.csproj]
C:\Program Files\dotnet\sdk\10.0.201\Microsoft.Common.CurrentVersion.targets(2451,5): warning MSB3277:             C:\Users\ultra\warewolf\Dev\Dev2.Services.Execution\bin\Debug\net8.0\Dev2.Services.Execution.dll [C:\Users\ultra\warewolf\Dev\Warewolf.Studio.CustomControls\Warewolf.Studio.CustomControls.csproj]
C:\Program Files\dotnet\sdk\10.0.201\Microsoft.Common.CurrentVersion.targets(2451,5): warning MSB3277:             C:\Users\ultra\warewolf\Dev\Dev2.Services.Sql\bin\Debug\net8.0\Dev2.Services.Sql.dll [C:\Users\ultra\warewolf\Dev\Warewolf.Studio.CustomControls\Warewolf.Studio.CustomControls.csproj]
C:\Program Files\dotnet\sdk\10.0.201\Microsoft.Common.CurrentVersion.targets(2451,5): warning MSB3277:             C:\Users\ultra\warewolf\Dev\Warewolf.Studio.Core\bin\Debug\net8.0\Warewolf.Studio.Core.dll [C:\Users\ultra\warewolf\Dev\Warewolf.Studio.CustomControls\Warewolf.Studio.CustomControls.csproj]
C:\Program Files\dotnet\sdk\10.0.201\Microsoft.Common.CurrentVersion.targets(2451,5): warning MSB3277:             C:\Users\ultra\.nuget\packages\prism.wpf\9.0.537\lib\net462\Prism.Wpf.dll [C:\Users\ultra\warewolf\Dev\Warewolf.Studio.CustomControls\Warewolf.Studio.CustomControls.csproj]
C:\Program Files\dotnet\sdk\10.0.201\Microsoft.Common.CurrentVersion.targets(2451,5): warning MSB3277:             C:\Users\ultra\.nuget\packages\reactiveui.wpf\18.4.1\lib\net462\ReactiveUI.Wpf.dll [C:\Users\ultra\warewolf\Dev\Warewolf.Studio.CustomControls\Warewolf.Studio.CustomControls.csproj]
C:\Program Files\dotnet\sdk\10.0.201\Microsoft.Common.CurrentVersion.targets(2451,5): warning MSB3277:             C:\Users\ultra\.nuget\packages\taskschedulereditor\2.10.1\lib\net452\Microsoft.Win32.TaskSchedulerEditor.dll [C:\Users\ultra\warewolf\Dev\Warewolf.Studio.CustomControls\Warewolf.Studio.CustomControls.csproj]
C:\Program Files\dotnet\sdk\10.0.201\Microsoft.Common.CurrentVersion.targets(2451,5): warning MSB3277:             C:\Users\ultra\.nuget\packages\ttcue.netcore.sharepointonline.csom.16.1.8029.1200\16.1.8029.1200\lib\netcoreapp2.0\Microsoft.SharePoint.Client.Runtime.Windows.dll [C:\Users\ultra\warewolf\Dev\Warewolf.Studio.CustomControls\Warewolf.Studio.CustomControls.csproj]
C:\Program Files\dotnet\sdk\10.0.201\Microsoft.Common.CurrentVersion.targets(2451,5): warning MSB3277:         C:\Users\ultra\warewolf\Dev\Dev2.Development.Languages\bin\Debug\net8.0\IronRuby.dll [C:\Users\ultra\warewolf\Dev\Warewolf.Studio.CustomControls\Warewolf.Studio.CustomControls.csproj]
C:\Program Files\dotnet\sdk\10.0.201\Microsoft.Common.CurrentVersion.targets(2451,5): warning MSB3277:           Project file item includes which caused reference "C:\Users\ultra\warewolf\Dev\Dev2.Development.Languages\bin\Debug\net8.0\IronRuby.dll". [C:\Users\ultra\warewolf\Dev\Warewolf.Studio.CustomControls\Warewolf.Studio.CustomControls.csproj]
C:\Program Files\dotnet\sdk\10.0.201\Microsoft.Common.CurrentVersion.targets(2451,5): warning MSB3277:             C:\Users\ultra\warewolf\Dev\Dev2.Development.Languages\bin\Debug\net8.0\Dev2.Development.Languages.dll [C:\Users\ultra\warewolf\Dev\Warewolf.Studio.CustomControls\Warewolf.Studio.CustomControls.csproj]
C:\Program Files\dotnet\sdk\10.0.201\Microsoft.Common.CurrentVersion.targets(2451,5): warning MSB3277:             C:\Users\ultra\warewolf\Dev\Dev2.Activities\bin\Debug\net8.0\Dev2.Activities.dll [C:\Users\ultra\warewolf\Dev\Warewolf.Studio.CustomControls\Warewolf.Studio.CustomControls.csproj]
C:\Program Files\dotnet\sdk\10.0.201\Microsoft.Common.CurrentVersion.targets(2451,5): warning MSB3277:             C:\Users\ultra\warewolf\Dev\Dev2.Studio.Core\bin\Debug\net8.0\Dev2.Studio.Core.dll [C:\Users\ultra\warewolf\Dev\Warewolf.Studio.CustomControls\Warewolf.Studio.CustomControls.csproj]
C:\Program Files\dotnet\sdk\10.0.201\Microsoft.Common.CurrentVersion.targets(2451,5): warning MSB3277:             C:\Users\ultra\warewolf\Dev\Dev2.Intellisense\bin\Debug\net8.0\Dev2.Intellisense.dll [C:\Users\ultra\warewolf\Dev\Warewolf.Studio.CustomControls\Warewolf.Studio.CustomControls.csproj]
C:\Program Files\dotnet\sdk\10.0.201\Microsoft.Common.CurrentVersion.targets(2451,5): warning MSB3277:         C:\Users\ultra\warewolf\Dev\Dev2.Development.Languages\bin\Debug\net8.0\IronRuby.Libraries.dll [C:\Users\ultra\warewolf\Dev\Warewolf.Studio.CustomControls\Warewolf.Studio.CustomControls.csproj]
C:\Program Files\dotnet\sdk\10.0.201\Microsoft.Common.CurrentVersion.targets(2451,5): warning MSB3277:           Project file item includes which caused reference "C:\Users\ultra\warewolf\Dev\Dev2.Development.Languages\bin\Debug\net8.0\IronRuby.Libraries.dll". [C:\Users\ultra\warewolf\Dev\Warewolf.Studio.CustomControls\Warewolf.Studio.CustomControls.csproj]
C:\Program Files\dotnet\sdk\10.0.201\Microsoft.Common.CurrentVersion.targets(2451,5): warning MSB3277:             C:\Users\ultra\warewolf\Dev\Dev2.Development.Languages\bin\Debug\net8.0\Dev2.Development.Languages.dll [C:\Users\ultra\warewolf\Dev\Warewolf.Studio.CustomControls\Warewolf.Studio.CustomControls.csproj]
C:\Program Files\dotnet\sdk\10.0.201\Microsoft.Common.CurrentVersion.targets(2451,5): warning MSB3277:             C:\Users\ultra\warewolf\Dev\Dev2.Activities\bin\Debug\net8.0\Dev2.Activities.dll [C:\Users\ultra\warewolf\Dev\Warewolf.Studio.CustomControls\Warewolf.Studio.CustomControls.csproj]
C:\Program Files\dotnet\sdk\10.0.201\Microsoft.Common.CurrentVersion.targets(2451,5): warning MSB3277:             C:\Users\ultra\warewolf\Dev\Dev2.Studio.Core\bin\Debug\net8.0\Dev2.Studio.Core.dll [C:\Users\ultra\warewolf\Dev\Warewolf.Studio.CustomControls\Warewolf.Studio.CustomControls.csproj]
C:\Program Files\dotnet\sdk\10.0.201\Microsoft.Common.CurrentVersion.targets(2451,5): warning MSB3277:             C:\Users\ultra\warewolf\Dev\Dev2.Intellisense\bin\Debug\net8.0\Dev2.Intellisense.dll [C:\Users\ultra\warewolf\Dev\Warewolf.Studio.CustomControls\Warewolf.Studio.CustomControls.csproj]
C:\Program Files\dotnet\sdk\10.0.201\Microsoft.Common.CurrentVersion.targets(2451,5): warning MSB3277: Found conflicts between different versions of "WindowsBase" that could not be resolved. [C:\Users\ultra\warewolf\Dev\Warewolf.Studio.CustomControls\Warewolf.Studio.CustomControls.csproj]
C:\Program Files\dotnet\sdk\10.0.201\Microsoft.Common.CurrentVersion.targets(2451,5): warning MSB3277: There was a conflict between "WindowsBase, Version=4.0.0.0, Culture=neutral, PublicKeyToken=31bf3856ad364e35" and "WindowsBase, Version=6.0.2.0, Culture=neutral, PublicKeyToken=31bf3856ad364e35". [C:\Users\ultra\warewolf\Dev\Warewolf.Studio.CustomControls\Warewolf.Studio.CustomControls.csproj]
C:\Program Files\dotnet\sdk\10.0.201\Microsoft.Common.CurrentVersion.targets(2451,5): warning MSB3277:     "WindowsBase, Version=4.0.0.0, Culture=neutral, PublicKeyToken=31bf3856ad364e35" was chosen because it was primary and "WindowsBase, Version=6.0.2.0, Culture=neutral, PublicKeyToken=31bf3856ad364e35" was not. [C:\Users\ultra\warewolf\Dev\Warewolf.Studio.CustomControls\Warewolf.Studio.CustomControls.csproj]
C:\Program Files\dotnet\sdk\10.0.201\Microsoft.Common.CurrentVersion.targets(2451,5): warning MSB3277:     References which depend on "WindowsBase, Version=4.0.0.0, Culture=neutral, PublicKeyToken=31bf3856ad364e35" [C:\Program Files\dotnet\packs\Microsoft.NETCore.App.Ref\8.0.25\ref\net8.0\WindowsBase.dll]. [C:\Users\ultra\warewolf\Dev\Warewolf.Studio.CustomControls\Warewolf.Studio.CustomControls.csproj]
C:\Program Files\dotnet\sdk\10.0.201\Microsoft.Common.CurrentVersion.targets(2451,5): warning MSB3277:         C:\Program Files\dotnet\packs\Microsoft.NETCore.App.Ref\8.0.25\ref\net8.0\WindowsBase.dll [C:\Users\ultra\warewolf\Dev\Warewolf.Studio.CustomControls\Warewolf.Studio.CustomControls.csproj]
C:\Program Files\dotnet\sdk\10.0.201\Microsoft.Common.CurrentVersion.targets(2451,5): warning MSB3277:           Project file item includes which caused reference "C:\Program Files\dotnet\packs\Microsoft.NETCore.App.Ref\8.0.25\ref\net8.0\WindowsBase.dll". [C:\Users\ultra\warewolf\Dev\Warewolf.Studio.CustomControls\Warewolf.Studio.CustomControls.csproj]
C:\Program Files\dotnet\sdk\10.0.201\Microsoft.Common.CurrentVersion.targets(2451,5): warning MSB3277:             C:\Program Files\dotnet\packs\Microsoft.NETCore.App.Ref\8.0.25\ref/net8.0/WindowsBase.dll [C:\Users\ultra\warewolf\Dev\Warewolf.Studio.CustomControls\Warewolf.Studio.CustomControls.csproj]
C:\Program Files\dotnet\sdk\10.0.201\Microsoft.Common.CurrentVersion.targets(2451,5): warning MSB3277:     References which depend on or have been unified to "WindowsBase, Version=6.0.2.0, Culture=neutral, PublicKeyToken=31bf3856ad364e35" []. [C:\Users\ultra\warewolf\Dev\Warewolf.Studio.CustomControls\Warewolf.Studio.CustomControls.csproj]
C:\Program Files\dotnet\sdk\10.0.201\Microsoft.Common.CurrentVersion.targets(2451,5): warning MSB3277:         C:\Users\ultra\warewolf\Dev\Binaries\Infragistcs_Net6\InfragisticsWPF4.Controls.Grids.XamGrid.v15.1.dll [C:\Users\ultra\warewolf\Dev\Warewolf.Studio.CustomControls\Warewolf.Studio.CustomControls.csproj]
C:\Program Files\dotnet\sdk\10.0.201\Microsoft.Common.CurrentVersion.targets(2451,5): warning MSB3277:           Project file item includes which caused reference "C:\Users\ultra\warewolf\Dev\Binaries\Infragistcs_Net6\InfragisticsWPF4.Controls.Grids.XamGrid.v15.1.dll". [C:\Users\ultra\warewolf\Dev\Warewolf.Studio.CustomControls\Warewolf.Studio.CustomControls.csproj]
C:\Program Files\dotnet\sdk\10.0.201\Microsoft.Common.CurrentVersion.targets(2451,5): warning MSB3277:             InfragisticsWPF4.Controls.Grids.XamGrid.v15.1 [C:\Users\ultra\warewolf\Dev\Warewolf.Studio.CustomControls\Warewolf.Studio.CustomControls.csproj]
C:\Program Files\dotnet\sdk\10.0.201\Microsoft.Common.CurrentVersion.targets(2451,5): warning MSB3277:         C:\Users\ultra\warewolf\Dev\Binaries\Infragistcs_Net6\InfragisticsWPF4.Controls.Menus.XamDataTree.v15.1.dll [C:\Users\ultra\warewolf\Dev\Warewolf.Studio.CustomControls\Warewolf.Studio.CustomControls.csproj]
C:\Program Files\dotnet\sdk\10.0.201\Microsoft.Common.CurrentVersion.targets(2451,5): warning MSB3277:           Project file item includes which caused reference "C:\Users\ultra\warewolf\Dev\Binaries\Infragistcs_Net6\InfragisticsWPF4.Controls.Menus.XamDataTree.v15.1.dll". [C:\Users\ultra\warewolf\Dev\Warewolf.Studio.CustomControls\Warewolf.Studio.CustomControls.csproj]
C:\Program Files\dotnet\sdk\10.0.201\Microsoft.Common.CurrentVersion.targets(2451,5): warning MSB3277:             InfragisticsWPF4.Controls.Menus.XamDataTree.v15.1, Version=15.1.20151.2055, Culture=neutral, PublicKeyToken=7dd5c3163f2cd0cb, processorArchitecture=MSIL [C:\Users\ultra\warewolf\Dev\Warewolf.Studio.CustomControls\Warewolf.Studio.CustomControls.csproj]
C:\Program Files\dotnet\sdk\10.0.201\Microsoft.Common.CurrentVersion.targets(2451,5): warning MSB3277:         C:\Users\ultra\warewolf\Dev\Binaries\Infragistcs_Net6\InfragisticsWPF4.DataManager.v15.1.dll [C:\Users\ultra\warewolf\Dev\Warewolf.Studio.CustomControls\Warewolf.Studio.CustomControls.csproj]
C:\Program Files\dotnet\sdk\10.0.201\Microsoft.Common.CurrentVersion.targets(2451,5): warning MSB3277:           Project file item includes which caused reference "C:\Users\ultra\warewolf\Dev\Binaries\Infragistcs_Net6\InfragisticsWPF4.DataManager.v15.1.dll". [C:\Users\ultra\warewolf\Dev\Warewolf.Studio.CustomControls\Warewolf.Studio.CustomControls.csproj]
C:\Program Files\dotnet\sdk\10.0.201\Microsoft.Common.CurrentVersion.targets(2451,5): warning MSB3277:             InfragisticsWPF4.DataManager.v15.1, Version=15.1.20151.2055, Culture=neutral, processorArchitecture=MSIL [C:\Users\ultra\warewolf\Dev\Warewolf.Studio.CustomControls\Warewolf.Studio.CustomControls.csproj]
C:\Program Files\dotnet\sdk\10.0.201\Microsoft.Common.CurrentVersion.targets(2451,5): warning MSB3277:             InfragisticsWPF4.Controls.Grids.XamGrid.v15.1 [C:\Users\ultra\warewolf\Dev\Warewolf.Studio.CustomControls\Warewolf.Studio.CustomControls.csproj]
C:\Program Files\dotnet\sdk\10.0.201\Microsoft.Common.CurrentVersion.targets(2451,5): warning MSB3277:             InfragisticsWPF4.Controls.Menus.XamDataTree.v15.1, Version=15.1.20151.2055, Culture=neutral, PublicKeyToken=7dd5c3163f2cd0cb, processorArchitecture=MSIL [C:\Users\ultra\warewolf\Dev\Warewolf.Studio.CustomControls\Warewolf.Studio.CustomControls.csproj]
C:\Program Files\dotnet\sdk\10.0.201\Microsoft.Common.CurrentVersion.targets(2451,5): warning MSB3277:         C:\Users\ultra\warewolf\Dev\Binaries\Infragistcs_Net6\InfragisticsWPF4.DataPresenter.v15.1.dll [C:\Users\ultra\warewolf\Dev\Warewolf.Studio.CustomControls\Warewolf.Studio.CustomControls.csproj]
C:\Program Files\dotnet\sdk\10.0.201\Microsoft.Common.CurrentVersion.targets(2451,5): warning MSB3277:           Project file item includes which caused reference "C:\Users\ultra\warewolf\Dev\Binaries\Infragistcs_Net6\InfragisticsWPF4.DataPresenter.v15.1.dll". [C:\Users\ultra\warewolf\Dev\Warewolf.Studio.CustomControls\Warewolf.Studio.CustomControls.csproj]
C:\Program Files\dotnet\sdk\10.0.201\Microsoft.Common.CurrentVersion.targets(2451,5): warning MSB3277:             InfragisticsWPF4.DataPresenter.v15.1 [C:\Users\ultra\warewolf\Dev\Warewolf.Studio.CustomControls\Warewolf.Studio.CustomControls.csproj]
C:\Program Files\dotnet\sdk\10.0.201\Microsoft.Common.CurrentVersion.targets(2451,5): warning MSB3277:         C:\Users\ultra\warewolf\Dev\Binaries\Infragistcs_Net6\InfragisticsWPF4.DragDrop.v15.1.dll [C:\Users\ultra\warewolf\Dev\Warewolf.Studio.CustomControls\Warewolf.Studio.CustomControls.csproj]
C:\Program Files\dotnet\sdk\10.0.201\Microsoft.Common.CurrentVersion.targets(2451,5): warning MSB3277:           Project file item includes which caused reference "C:\Users\ultra\warewolf\Dev\Binaries\Infragistcs_Net6\InfragisticsWPF4.DragDrop.v15.1.dll". [C:\Users\ultra\warewolf\Dev\Warewolf.Studio.CustomControls\Warewolf.Studio.CustomControls.csproj]
C:\Program Files\dotnet\sdk\10.0.201\Microsoft.Common.CurrentVersion.targets(2451,5): warning MSB3277:             InfragisticsWPF4.DragDrop.v15.1, Version=15.1.20151.2055, Culture=neutral, PublicKeyToken=7dd5c3163f2cd0cb, processorArchitecture=MSIL [C:\Users\ultra\warewolf\Dev\Warewolf.Studio.CustomControls\Warewolf.Studio.CustomControls.csproj]
C:\Program Files\dotnet\sdk\10.0.201\Microsoft.Common.CurrentVersion.targets(2451,5): warning MSB3277:             InfragisticsWPF4.Controls.Menus.XamDataTree.v15.1, Version=15.1.20151.2055, Culture=neutral, PublicKeyToken=7dd5c3163f2cd0cb, processorArchitecture=MSIL [C:\Users\ultra\warewolf\Dev\Warewolf.Studio.CustomControls\Warewolf.Studio.CustomControls.csproj]
C:\Program Files\dotnet\sdk\10.0.201\Microsoft.Common.CurrentVersion.targets(2451,5): warning MSB3277:         C:\Users\ultra\warewolf\Dev\Binaries\Infragistcs_Net6\InfragisticsWPF4.v15.1.dll [C:\Users\ultra\warewolf\Dev\Warewolf.Studio.CustomControls\Warewolf.Studio.CustomControls.csproj]
C:\Program Files\dotnet\sdk\10.0.201\Microsoft.Common.CurrentVersion.targets(2451,5): warning MSB3277:           Project file item includes which caused reference "C:\Users\ultra\warewolf\Dev\Binaries\Infragistcs_Net6\InfragisticsWPF4.v15.1.dll". [C:\Users\ultra\warewolf\Dev\Warewolf.Studio.CustomControls\Warewolf.Studio.CustomControls.csproj]
C:\Program Files\dotnet\sdk\10.0.201\Microsoft.Common.CurrentVersion.targets(2451,5): warning MSB3277:             InfragisticsWPF4.v15.1, Version=15.1.20151.2055, Culture=neutral, processorArchitecture=MSIL [C:\Users\ultra\warewolf\Dev\Warewolf.Studio.CustomControls\Warewolf.Studio.CustomControls.csproj]
C:\Program Files\dotnet\sdk\10.0.201\Microsoft.Common.CurrentVersion.targets(2451,5): warning MSB3277:             InfragisticsWPF4.Controls.Grids.XamGrid.v15.1 [C:\Users\ultra\warewolf\Dev\Warewolf.Studio.CustomControls\Warewolf.Studio.CustomControls.csproj]
C:\Program Files\dotnet\sdk\10.0.201\Microsoft.Common.CurrentVersion.targets(2451,5): warning MSB3277:             InfragisticsWPF4.Controls.Menus.XamDataTree.v15.1, Version=15.1.20151.2055, Culture=neutral, PublicKeyToken=7dd5c3163f2cd0cb, processorArchitecture=MSIL [C:\Users\ultra\warewolf\Dev\Warewolf.Studio.CustomControls\Warewolf.Studio.CustomControls.csproj]
C:\Program Files\dotnet\sdk\10.0.201\Microsoft.Common.CurrentVersion.targets(2451,5): warning MSB3277:             InfragisticsWPF4.DataManager.v15.1, Version=15.1.20151.2055, Culture=neutral, processorArchitecture=MSIL [C:\Users\ultra\warewolf\Dev\Warewolf.Studio.CustomControls\Warewolf.Studio.CustomControls.csproj]
C:\Program Files\dotnet\sdk\10.0.201\Microsoft.Common.CurrentVersion.targets(2451,5): warning MSB3277:             InfragisticsWPF4.DataPresenter.v15.1 [C:\Users\ultra\warewolf\Dev\Warewolf.Studio.CustomControls\Warewolf.Studio.CustomControls.csproj]
C:\Program Files\dotnet\sdk\10.0.201\Microsoft.Common.CurrentVersion.targets(2451,5): warning MSB3277:         C:\Users\ultra\.nuget\packages\caliburn.micro\4.0.212\lib\netcoreapp3.1\Caliburn.Micro.Platform.dll [C:\Users\ultra\warewolf\Dev\Warewolf.Studio.CustomControls\Warewolf.Studio.CustomControls.csproj]
C:\Program Files\dotnet\sdk\10.0.201\Microsoft.Common.CurrentVersion.targets(2451,5): warning MSB3277:           Project file item includes which caused reference "C:\Users\ultra\.nuget\packages\caliburn.micro\4.0.212\lib\netcoreapp3.1\Caliburn.Micro.Platform.dll". [C:\Users\ultra\warewolf\Dev\Warewolf.Studio.CustomControls\Warewolf.Studio.CustomControls.csproj]
C:\Program Files\dotnet\sdk\10.0.201\Microsoft.Common.CurrentVersion.targets(2451,5): warning MSB3277:             C:\Users\ultra\.nuget\packages\caliburn.micro\4.0.212\lib\netcoreapp3.1\Caliburn.Micro.Platform.dll [C:\Users\ultra\warewolf\Dev\Warewolf.Studio.CustomControls\Warewolf.Studio.CustomControls.csproj]
C:\Program Files\dotnet\sdk\10.0.201\Microsoft.Common.CurrentVersion.targets(2451,5): warning MSB3277:         C:\Users\ultra\.nuget\packages\extended.wpf.toolkit\4.4.0\lib\net5.0\Xceed.Wpf.AvalonDock.NET5.dll [C:\Users\ultra\warewolf\Dev\Warewolf.Studio.CustomControls\Warewolf.Studio.CustomControls.csproj]
C:\Program Files\dotnet\sdk\10.0.201\Microsoft.Common.CurrentVersion.targets(2451,5): warning MSB3277:           Project file item includes which caused reference "C:\Users\ultra\.nuget\packages\extended.wpf.toolkit\4.4.0\lib\net5.0\Xceed.Wpf.AvalonDock.NET5.dll". [C:\Users\ultra\warewolf\Dev\Warewolf.Studio.CustomControls\Warewolf.Studio.CustomControls.csproj]
C:\Program Files\dotnet\sdk\10.0.201\Microsoft.Common.CurrentVersion.targets(2451,5): warning MSB3277:             C:\Users\ultra\.nuget\packages\extended.wpf.toolkit\4.4.0\lib\net5.0\Xceed.Wpf.AvalonDock.NET5.dll [C:\Users\ultra\warewolf\Dev\Warewolf.Studio.CustomControls\Warewolf.Studio.CustomControls.csproj]
C:\Program Files\dotnet\sdk\10.0.201\Microsoft.Common.CurrentVersion.targets(2451,5): warning MSB3277:             C:\Users\ultra\.nuget\packages\extended.wpf.toolkit\4.4.0\lib\net5.0\Xceed.Wpf.AvalonDock.Themes.Aero.NET5.dll [C:\Users\ultra\warewolf\Dev\Warewolf.Studio.CustomControls\Warewolf.Studio.CustomControls.csproj]
C:\Program Files\dotnet\sdk\10.0.201\Microsoft.Common.CurrentVersion.targets(2451,5): warning MSB3277:             C:\Users\ultra\.nuget\packages\extended.wpf.toolkit\4.4.0\lib\net5.0\Xceed.Wpf.AvalonDock.Themes.Metro.NET5.dll [C:\Users\ultra\warewolf\Dev\Warewolf.Studio.CustomControls\Warewolf.Studio.CustomControls.csproj]
C:\Program Files\dotnet\sdk\10.0.201\Microsoft.Common.CurrentVersion.targets(2451,5): warning MSB3277:             C:\Users\ultra\.nuget\packages\extended.wpf.toolkit\4.4.0\lib\net5.0\Xceed.Wpf.AvalonDock.Themes.VS2010.NET5.dll [C:\Users\ultra\warewolf\Dev\Warewolf.Studio.CustomControls\Warewolf.Studio.CustomControls.csproj]
C:\Program Files\dotnet\sdk\10.0.201\Microsoft.Common.CurrentVersion.targets(2451,5): warning MSB3277:         C:\Users\ultra\.nuget\packages\extended.wpf.toolkit\4.4.0\lib\net5.0\Xceed.Wpf.AvalonDock.Themes.Aero.NET5.dll [C:\Users\ultra\warewolf\Dev\Warewolf.Studio.CustomControls\Warewolf.Studio.CustomControls.csproj]
C:\Program Files\dotnet\sdk\10.0.201\Microsoft.Common.CurrentVersion.targets(2451,5): warning MSB3277:           Project file item includes which caused reference "C:\Users\ultra\.nuget\packages\extended.wpf.toolkit\4.4.0\lib\net5.0\Xceed.Wpf.AvalonDock.Themes.Aero.NET5.dll". [C:\Users\ultra\warewolf\Dev\Warewolf.Studio.CustomControls\Warewolf.Studio.CustomControls.csproj]
C:\Program Files\dotnet\sdk\10.0.201\Microsoft.Common.CurrentVersion.targets(2451,5): warning MSB3277:             C:\Users\ultra\.nuget\packages\extended.wpf.toolkit\4.4.0\lib\net5.0\Xceed.Wpf.AvalonDock.Themes.Aero.NET5.dll [C:\Users\ultra\warewolf\Dev\Warewolf.Studio.CustomControls\Warewolf.Studio.CustomControls.csproj]
C:\Program Files\dotnet\sdk\10.0.201\Microsoft.Common.CurrentVersion.targets(2451,5): warning MSB3277:         C:\Users\ultra\.nuget\packages\extended.wpf.toolkit\4.4.0\lib\net5.0\Xceed.Wpf.Toolkit.NET5.dll [C:\Users\ultra\warewolf\Dev\Warewolf.Studio.CustomControls\Warewolf.Studio.CustomControls.csproj]
C:\Program Files\dotnet\sdk\10.0.201\Microsoft.Common.CurrentVersion.targets(2451,5): warning MSB3277:           Project file item includes which caused reference "C:\Users\ultra\.nuget\packages\extended.wpf.toolkit\4.4.0\lib\net5.0\Xceed.Wpf.Toolkit.NET5.dll". [C:\Users\ultra\warewolf\Dev\Warewolf.Studio.CustomControls\Warewolf.Studio.CustomControls.csproj]
C:\Program Files\dotnet\sdk\10.0.201\Microsoft.Common.CurrentVersion.targets(2451,5): warning MSB3277:             C:\Users\ultra\.nuget\packages\extended.wpf.toolkit\4.4.0\lib\net5.0\Xceed.Wpf.Toolkit.NET5.dll [C:\Users\ultra\warewolf\Dev\Warewolf.Studio.CustomControls\Warewolf.Studio.CustomControls.csproj]
C:\Program Files\dotnet\sdk\10.0.201\Microsoft.Common.CurrentVersion.targets(2451,5): warning MSB3277:         C:\Users\ultra\.nuget\packages\ironpython\3.4.0\lib\net6.0\IronPython.Wpf.dll [C:\Users\ultra\warewolf\Dev\Warewolf.Studio.CustomControls\Warewolf.Studio.CustomControls.csproj]
C:\Program Files\dotnet\sdk\10.0.201\Microsoft.Common.CurrentVersion.targets(2451,5): warning MSB3277:           Project file item includes which caused reference "C:\Users\ultra\.nuget\packages\ironpython\3.4.0\lib\net6.0\IronPython.Wpf.dll". [C:\Users\ultra\warewolf\Dev\Warewolf.Studio.CustomControls\Warewolf.Studio.CustomControls.csproj]
C:\Program Files\dotnet\sdk\10.0.201\Microsoft.Common.CurrentVersion.targets(2451,5): warning MSB3277:             C:\Users\ultra\.nuget\packages\ironpython\3.4.0\lib\net6.0\IronPython.Wpf.dll [C:\Users\ultra\warewolf\Dev\Warewolf.Studio.CustomControls\Warewolf.Studio.CustomControls.csproj]
C:\Program Files\dotnet\sdk\10.0.201\Microsoft.Common.CurrentVersion.targets(2451,5): warning MSB3277:         C:\Users\ultra\.nuget\packages\microsoft.xaml.behaviors.wpf\1.1.122\lib\net462\Microsoft.Xaml.Behaviors.dll [C:\Users\ultra\warewolf\Dev\Warewolf.Studio.CustomControls\Warewolf.Studio.CustomControls.csproj]
C:\Program Files\dotnet\sdk\10.0.201\Microsoft.Common.CurrentVersion.targets(2451,5): warning MSB3277:           Project file item includes which caused reference "C:\Users\ultra\.nuget\packages\microsoft.xaml.behaviors.wpf\1.1.122\lib\net462\Microsoft.Xaml.Behaviors.dll". [C:\Users\ultra\warewolf\Dev\Warewolf.Studio.CustomControls\Warewolf.Studio.CustomControls.csproj]
C:\Program Files\dotnet\sdk\10.0.201\Microsoft.Common.CurrentVersion.targets(2451,5): warning MSB3277:             C:\Users\ultra\.nuget\packages\microsoft.xaml.behaviors.wpf\1.1.122\lib\net462\Microsoft.Xaml.Behaviors.dll [C:\Users\ultra\warewolf\Dev\Warewolf.Studio.CustomControls\Warewolf.Studio.CustomControls.csproj]
C:\Program Files\dotnet\sdk\10.0.201\Microsoft.Common.CurrentVersion.targets(2451,5): warning MSB3277:             C:\Users\ultra\.nuget\packages\caliburn.micro\4.0.212\lib\netcoreapp3.1\Caliburn.Micro.Platform.dll [C:\Users\ultra\warewolf\Dev\Warewolf.Studio.CustomControls\Warewolf.Studio.CustomControls.csproj]
C:\Program Files\dotnet\sdk\10.0.201\Microsoft.Common.CurrentVersion.targets(2451,5): warning MSB3277:             C:\Users\ultra\.nuget\packages\prism.wpf\9.0.537\lib\net462\Prism.Wpf.dll [C:\Users\ultra\warewolf\Dev\Warewolf.Studio.CustomControls\Warewolf.Studio.CustomControls.csproj]
C:\Program Files\dotnet\sdk\10.0.201\Microsoft.Common.CurrentVersion.targets(2451,5): warning MSB3277:         C:\Users\ultra\.nuget\packages\prism.wpf\9.0.537\lib\net462\Prism.Wpf.dll [C:\Users\ultra\warewolf\Dev\Warewolf.Studio.CustomControls\Warewolf.Studio.CustomControls.csproj]
C:\Program Files\dotnet\sdk\10.0.201\Microsoft.Common.CurrentVersion.targets(2451,5): warning MSB3277:           Project file item includes which caused reference "C:\Users\ultra\.nuget\packages\prism.wpf\9.0.537\lib\net462\Prism.Wpf.dll". [C:\Users\ultra\warewolf\Dev\Warewolf.Studio.CustomControls\Warewolf.Studio.CustomControls.csproj]
C:\Program Files\dotnet\sdk\10.0.201\Microsoft.Common.CurrentVersion.targets(2451,5): warning MSB3277:             C:\Users\ultra\.nuget\packages\prism.wpf\9.0.537\lib\net462\Prism.Wpf.dll [C:\Users\ultra\warewolf\Dev\Warewolf.Studio.CustomControls\Warewolf.Studio.CustomControls.csproj]
C:\Program Files\dotnet\sdk\10.0.201\Microsoft.Common.CurrentVersion.targets(2451,5): warning MSB3277:         C:\Users\ultra\.nuget\packages\reactiveui.wpf\18.4.1\lib\net462\ReactiveUI.Wpf.dll [C:\Users\ultra\warewolf\Dev\Warewolf.Studio.CustomControls\Warewolf.Studio.CustomControls.csproj]
C:\Program Files\dotnet\sdk\10.0.201\Microsoft.Common.CurrentVersion.targets(2451,5): warning MSB3277:           Project file item includes which caused reference "C:\Users\ultra\.nuget\packages\reactiveui.wpf\18.4.1\lib\net462\ReactiveUI.Wpf.dll". [C:\Users\ultra\warewolf\Dev\Warewolf.Studio.CustomControls\Warewolf.Studio.CustomControls.csproj]
C:\Program Files\dotnet\sdk\10.0.201\Microsoft.Common.CurrentVersion.targets(2451,5): warning MSB3277:             C:\Users\ultra\.nuget\packages\reactiveui.wpf\18.4.1\lib\net462\ReactiveUI.Wpf.dll [C:\Users\ultra\warewolf\Dev\Warewolf.Studio.CustomControls\Warewolf.Studio.CustomControls.csproj]
C:\Program Files\dotnet\sdk\10.0.201\Microsoft.Common.CurrentVersion.targets(2451,5): warning MSB3277:         C:\Users\ultra\warewolf\Dev\Binaries\Infragistcs_Net6\InfragisticsWPF4.Controls.Menus.XamMenu.v15.1.dll [C:\Users\ultra\warewolf\Dev\Warewolf.Studio.CustomControls\Warewolf.Studio.CustomControls.csproj]
C:\Program Files\dotnet\sdk\10.0.201\Microsoft.Common.CurrentVersion.targets(2451,5): warning MSB3277:           Project file item includes which caused reference "C:\Users\ultra\warewolf\Dev\Binaries\Infragistcs_Net6\InfragisticsWPF4.Controls.Menus.XamMenu.v15.1.dll". [C:\Users\ultra\warewolf\Dev\Warewolf.Studio.CustomControls\Warewolf.Studio.CustomControls.csproj]
C:\Program Files\dotnet\sdk\10.0.201\Microsoft.Common.CurrentVersion.targets(2451,5): warning MSB3277:             InfragisticsWPF4.Controls.Grids.XamGrid.v15.1 [C:\Users\ultra\warewolf\Dev\Warewolf.Studio.CustomControls\Warewolf.Studio.CustomControls.csproj]
C:\Program Files\dotnet\sdk\10.0.201\Microsoft.Common.CurrentVersion.targets(2451,5): warning MSB3277:         C:\Users\ultra\warewolf\Dev\Binaries\Infragistcs_Net6\InfragisticsWPF4.Editors.v15.1.dll [C:\Users\ultra\warewolf\Dev\Warewolf.Studio.CustomControls\Warewolf.Studio.CustomControls.csproj]
C:\Program Files\dotnet\sdk\10.0.201\Microsoft.Common.CurrentVersion.targets(2451,5): warning MSB3277:           Project file item includes which caused reference "C:\Users\ultra\warewolf\Dev\Binaries\Infragistcs_Net6\InfragisticsWPF4.Editors.v15.1.dll". [C:\Users\ultra\warewolf\Dev\Warewolf.Studio.CustomControls\Warewolf.Studio.CustomControls.csproj]
C:\Program Files\dotnet\sdk\10.0.201\Microsoft.Common.CurrentVersion.targets(2451,5): warning MSB3277:             InfragisticsWPF4.DataPresenter.v15.1 [C:\Users\ultra\warewolf\Dev\Warewolf.Studio.CustomControls\Warewolf.Studio.CustomControls.csproj]
C:\Program Files\dotnet\sdk\10.0.201\Microsoft.Common.CurrentVersion.targets(2451,5): warning MSB3277: Found conflicts between different versions of "System.Windows.Extensions" that could not be resolved. [C:\Users\ultra\warewolf\Dev\Warewolf.Studio.CustomControls\Warewolf.Studio.CustomControls.csproj]
C:\Program Files\dotnet\sdk\10.0.201\Microsoft.Common.CurrentVersion.targets(2451,5): warning MSB3277: There was a conflict between "System.Windows.Extensions, Version=6.0.0.0, Culture=neutral, PublicKeyToken=cc7b13ffcd2ddd51" and "System.Windows.Extensions, Version=7.0.0.0, Culture=neutral, PublicKeyToken=cc7b13ffcd2ddd51". [C:\Users\ultra\warewolf\Dev\Warewolf.Studio.CustomControls\Warewolf.Studio.CustomControls.csproj]
C:\Program Files\dotnet\sdk\10.0.201\Microsoft.Common.CurrentVersion.targets(2451,5): warning MSB3277:     "System.Windows.Extensions, Version=6.0.0.0, Culture=neutral, PublicKeyToken=cc7b13ffcd2ddd51" was chosen because it was primary and "System.Windows.Extensions, Version=7.0.0.0, Culture=neutral, PublicKeyToken=cc7b13ffcd2ddd51" was not. [C:\Users\ultra\warewolf\Dev\Warewolf.Studio.CustomControls\Warewolf.Studio.CustomControls.csproj]
C:\Program Files\dotnet\sdk\10.0.201\Microsoft.Common.CurrentVersion.targets(2451,5): warning MSB3277:     References which depend on "System.Windows.Extensions, Version=6.0.0.0, Culture=neutral, PublicKeyToken=cc7b13ffcd2ddd51" [C:\Users\ultra\.nuget\packages\system.windows.extensions\6.0.0\lib\net6.0\System.Windows.Extensions.dll]. [C:\Users\ultra\warewolf\Dev\Warewolf.Studio.CustomControls\Warewolf.Studio.CustomControls.csproj]
C:\Program Files\dotnet\sdk\10.0.201\Microsoft.Common.CurrentVersion.targets(2451,5): warning MSB3277:         C:\Users\ultra\.nuget\packages\system.windows.extensions\6.0.0\lib\net6.0\System.Windows.Extensions.dll [C:\Users\ultra\warewolf\Dev\Warewolf.Studio.CustomControls\Warewolf.Studio.CustomControls.csproj]
C:\Program Files\dotnet\sdk\10.0.201\Microsoft.Common.CurrentVersion.targets(2451,5): warning MSB3277:           Project file item includes which caused reference "C:\Users\ultra\.nuget\packages\system.windows.extensions\6.0.0\lib\net6.0\System.Windows.Extensions.dll". [C:\Users\ultra\warewolf\Dev\Warewolf.Studio.CustomControls\Warewolf.Studio.CustomControls.csproj]
C:\Program Files\dotnet\sdk\10.0.201\Microsoft.Common.CurrentVersion.targets(2451,5): warning MSB3277:             C:\Users\ultra\.nuget\packages\system.windows.extensions\6.0.0\lib\net6.0\System.Windows.Extensions.dll [C:\Users\ultra\warewolf\Dev\Warewolf.Studio.CustomControls\Warewolf.Studio.CustomControls.csproj]
C:\Program Files\dotnet\sdk\10.0.201\Microsoft.Common.CurrentVersion.targets(2451,5): warning MSB3277:     References which depend on or have been unified to "System.Windows.Extensions, Version=7.0.0.0, Culture=neutral, PublicKeyToken=cc7b13ffcd2ddd51" []. [C:\Users\ultra\warewolf\Dev\Warewolf.Studio.CustomControls\Warewolf.Studio.CustomControls.csproj]
C:\Program Files\dotnet\sdk\10.0.201\Microsoft.Common.CurrentVersion.targets(2451,5): warning MSB3277:         C:\Users\ultra\.nuget\packages\extended.wpf.toolkit\4.4.0\lib\net5.0\Xceed.Wpf.Toolkit.NET5.dll [C:\Users\ultra\warewolf\Dev\Warewolf.Studio.CustomControls\Warewolf.Studio.CustomControls.csproj]
C:\Program Files\dotnet\sdk\10.0.201\Microsoft.Common.CurrentVersion.targets(2451,5): warning MSB3277:           Project file item includes which caused reference "C:\Users\ultra\.nuget\packages\extended.wpf.toolkit\4.4.0\lib\net5.0\Xceed.Wpf.Toolkit.NET5.dll". [C:\Users\ultra\warewolf\Dev\Warewolf.Studio.CustomControls\Warewolf.Studio.CustomControls.csproj]
C:\Program Files\dotnet\sdk\10.0.201\Microsoft.Common.CurrentVersion.targets(2451,5): warning MSB3277:             C:\Users\ultra\.nuget\packages\extended.wpf.toolkit\4.4.0\lib\net5.0\Xceed.Wpf.Toolkit.NET5.dll [C:\Users\ultra\warewolf\Dev\Warewolf.Studio.CustomControls\Warewolf.Studio.CustomControls.csproj]
C:\Program Files\dotnet\sdk\10.0.201\Microsoft.Common.CurrentVersion.targets(2451,5): warning MSB3277:         C:\Users\ultra\.nuget\packages\system.security.permissions\6.0.0\lib\net6.0\System.Security.Permissions.dll [C:\Users\ultra\warewolf\Dev\Warewolf.Studio.CustomControls\Warewolf.Studio.CustomControls.csproj]
C:\Program Files\dotnet\sdk\10.0.201\Microsoft.Common.CurrentVersion.targets(2451,5): warning MSB3277:           Project file item includes which caused reference "C:\Users\ultra\.nuget\packages\system.security.permissions\6.0.0\lib\net6.0\System.Security.Permissions.dll". [C:\Users\ultra\warewolf\Dev\Warewolf.Studio.CustomControls\Warewolf.Studio.CustomControls.csproj]
C:\Program Files\dotnet\sdk\10.0.201\Microsoft.Common.CurrentVersion.targets(2451,5): warning MSB3277:             C:\Users\ultra\.nuget\packages\system.security.permissions\6.0.0\lib\net6.0\System.Security.Permissions.dll [C:\Users\ultra\warewolf\Dev\Warewolf.Studio.CustomControls\Warewolf.Studio.CustomControls.csproj]
C:\Program Files\dotnet\sdk\10.0.201\Microsoft.Common.CurrentVersion.targets(2451,5): warning MSB3277:         C:\Program Files\dotnet\packs\Microsoft.NETCore.App.Ref\8.0.25\ref\net8.0\System.Security.dll [C:\Users\ultra\warewolf\Dev\Warewolf.Studio.CustomControls\Warewolf.Studio.CustomControls.csproj]
C:\Program Files\dotnet\sdk\10.0.201\Microsoft.Common.CurrentVersion.targets(2451,5): warning MSB3277:           Project file item includes which caused reference "C:\Program Files\dotnet\packs\Microsoft.NETCore.App.Ref\8.0.25\ref\net8.0\System.Security.dll". [C:\Users\ultra\warewolf\Dev\Warewolf.Studio.CustomControls\Warewolf.Studio.CustomControls.csproj]
C:\Program Files\dotnet\sdk\10.0.201\Microsoft.Common.CurrentVersion.targets(2451,5): warning MSB3277:             C:\Program Files\dotnet\packs\Microsoft.NETCore.App.Ref\8.0.25\ref/net8.0/System.Security.dll [C:\Users\ultra\warewolf\Dev\Warewolf.Studio.CustomControls\Warewolf.Studio.CustomControls.csproj]
C:\Program Files\dotnet\sdk\10.0.201\Microsoft.Common.CurrentVersion.targets(2451,5): warning MSB3277:         C:\Program Files\dotnet\packs\Microsoft.NETCore.App.Ref\8.0.25\ref\net8.0\System.dll [C:\Users\ultra\warewolf\Dev\Warewolf.Studio.CustomControls\Warewolf.Studio.CustomControls.csproj]
C:\Program Files\dotnet\sdk\10.0.201\Microsoft.Common.CurrentVersion.targets(2451,5): warning MSB3277:           Project file item includes which caused reference "C:\Program Files\dotnet\packs\Microsoft.NETCore.App.Ref\8.0.25\ref\net8.0\System.dll". [C:\Users\ultra\warewolf\Dev\Warewolf.Studio.CustomControls\Warewolf.Studio.CustomControls.csproj]
C:\Program Files\dotnet\sdk\10.0.201\Microsoft.Common.CurrentVersion.targets(2451,5): warning MSB3277:             C:\Program Files\dotnet\packs\Microsoft.NETCore.App.Ref\8.0.25\ref/net8.0/System.dll [C:\Users\ultra\warewolf\Dev\Warewolf.Studio.CustomControls\Warewolf.Studio.CustomControls.csproj]
C:\Program Files\dotnet\sdk\10.0.201\Microsoft.Common.CurrentVersion.targets(2451,5): warning MSB3277:             C:\Users\ultra\.nuget\packages\aerowizard\2.3.1\lib\net45\AeroWizard.dll [C:\Users\ultra\warewolf\Dev\Warewolf.Studio.CustomControls\Warewolf.Studio.CustomControls.csproj]
C:\Program Files\dotnet\sdk\10.0.201\Microsoft.Common.CurrentVersion.targets(2451,5): warning MSB3277:             C:\Users\ultra\.nuget\packages\groupcontrols\1.9.0\lib\net45\GroupControls.dll [C:\Users\ultra\warewolf\Dev\Warewolf.Studio.CustomControls\Warewolf.Studio.CustomControls.csproj]
C:\Program Files\dotnet\sdk\10.0.201\Microsoft.Common.CurrentVersion.targets(2451,5): warning MSB3277:             C:\Users\ultra\.nuget\packages\microsoft.xaml.behaviors.wpf\1.1.122\lib\net462\Microsoft.Xaml.Behaviors.dll [C:\Users\ultra\warewolf\Dev\Warewolf.Studio.CustomControls\Warewolf.Studio.CustomControls.csproj]
C:\Program Files\dotnet\sdk\10.0.201\Microsoft.Common.CurrentVersion.targets(2451,5): warning MSB3277:             C:\Users\ultra\.nuget\packages\caliburn.micro\4.0.212\lib\netcoreapp3.1\Caliburn.Micro.Platform.dll [C:\Users\ultra\warewolf\Dev\Warewolf.Studio.CustomControls\Warewolf.Studio.CustomControls.csproj]
C:\Program Files\dotnet\sdk\10.0.201\Microsoft.Common.CurrentVersion.targets(2451,5): warning MSB3277:             C:\Users\ultra\.nuget\packages\prism.wpf\9.0.537\lib\net462\Prism.Wpf.dll [C:\Users\ultra\warewolf\Dev\Warewolf.Studio.CustomControls\Warewolf.Studio.CustomControls.csproj]
C:\Program Files\dotnet\sdk\10.0.201\Microsoft.Common.CurrentVersion.targets(2451,5): warning MSB3277:             C:\Users\ultra\.nuget\packages\reactiveui.wpf\18.4.1\lib\net462\ReactiveUI.Wpf.dll [C:\Users\ultra\warewolf\Dev\Warewolf.Studio.CustomControls\Warewolf.Studio.CustomControls.csproj]
C:\Program Files\dotnet\sdk\10.0.201\Microsoft.Common.CurrentVersion.targets(2451,5): warning MSB3277:             C:\Users\ultra\.nuget\packages\taskschedulereditor\2.10.1\lib\net452\Microsoft.Win32.TaskSchedulerEditor.dll [C:\Users\ultra\warewolf\Dev\Warewolf.Studio.CustomControls\Warewolf.Studio.CustomControls.csproj]
C:\Program Files\dotnet\sdk\10.0.201\Microsoft.Common.CurrentVersion.targets(2451,5): warning MSB3277:             C:\Users\ultra\.nuget\packages\ttcue.netcore.sharepointonline.csom.16.1.8029.1200\16.1.8029.1200\lib\netcoreapp2.0\Microsoft.SharePoint.Client.Runtime.Windows.dll [C:\Users\ultra\warewolf\Dev\Warewolf.Studio.CustomControls\Warewolf.Studio.CustomControls.csproj]
C:\Program Files\dotnet\sdk\10.0.201\Microsoft.Common.CurrentVersion.targets(2451,5): warning MSB3277:         C:\Users\ultra\warewolf\Dev\Binaries\Infragistcs_Net6\InfragisticsWPF4.Editors.v15.1.dll [C:\Users\ultra\warewolf\Dev\Warewolf.Studio.CustomControls\Warewolf.Studio.CustomControls.csproj]
C:\Program Files\dotnet\sdk\10.0.201\Microsoft.Common.CurrentVersion.targets(2451,5): warning MSB3277:           Project file item includes which caused reference "C:\Users\ultra\warewolf\Dev\Binaries\Infragistcs_Net6\InfragisticsWPF4.Editors.v15.1.dll". [C:\Users\ultra\warewolf\Dev\Warewolf.Studio.CustomControls\Warewolf.Studio.CustomControls.csproj]
C:\Program Files\dotnet\sdk\10.0.201\Microsoft.Common.CurrentVersion.targets(2451,5): warning MSB3277:             InfragisticsWPF4.DataPresenter.v15.1 [C:\Users\ultra\warewolf\Dev\Warewolf.Studio.CustomControls\Warewolf.Studio.CustomControls.csproj]
C:\Program Files\dotnet\sdk\10.0.201\Microsoft.Common.CurrentVersion.targets(2451,5): warning MSB3277: Found conflicts between different versions of "WindowsBase" that could not be resolved. [C:\Users\ultra\warewolf\Dev\Warewolf.UI\Warewolf.UI.csproj]
C:\Program Files\dotnet\sdk\10.0.201\Microsoft.Common.CurrentVersion.targets(2451,5): warning MSB3277: There was a conflict between "WindowsBase, Version=4.0.0.0, Culture=neutral, PublicKeyToken=31bf3856ad364e35" and "WindowsBase, Version=6.0.2.0, Culture=neutral, PublicKeyToken=31bf3856ad364e35". [C:\Users\ultra\warewolf\Dev\Warewolf.UI\Warewolf.UI.csproj]
C:\Program Files\dotnet\sdk\10.0.201\Microsoft.Common.CurrentVersion.targets(2451,5): warning MSB3277:     "WindowsBase, Version=4.0.0.0, Culture=neutral, PublicKeyToken=31bf3856ad364e35" was chosen because it was primary and "WindowsBase, Version=6.0.2.0, Culture=neutral, PublicKeyToken=31bf3856ad364e35" was not. [C:\Users\ultra\warewolf\Dev\Warewolf.UI\Warewolf.UI.csproj]
C:\Program Files\dotnet\sdk\10.0.201\Microsoft.Common.CurrentVersion.targets(2451,5): warning MSB3277:     References which depend on "WindowsBase, Version=4.0.0.0, Culture=neutral, PublicKeyToken=31bf3856ad364e35" [C:\Program Files\dotnet\packs\Microsoft.NETCore.App.Ref\8.0.25\ref\net8.0\WindowsBase.dll]. [C:\Users\ultra\warewolf\Dev\Warewolf.UI\Warewolf.UI.csproj]
C:\Program Files\dotnet\sdk\10.0.201\Microsoft.Common.CurrentVersion.targets(2451,5): warning MSB3277:         C:\Program Files\dotnet\packs\Microsoft.NETCore.App.Ref\8.0.25\ref\net8.0\WindowsBase.dll [C:\Users\ultra\warewolf\Dev\Warewolf.UI\Warewolf.UI.csproj]
C:\Program Files\dotnet\sdk\10.0.201\Microsoft.Common.CurrentVersion.targets(2451,5): warning MSB3277:           Project file item includes which caused reference "C:\Program Files\dotnet\packs\Microsoft.NETCore.App.Ref\8.0.25\ref\net8.0\WindowsBase.dll". [C:\Users\ultra\warewolf\Dev\Warewolf.UI\Warewolf.UI.csproj]
C:\Program Files\dotnet\sdk\10.0.201\Microsoft.Common.CurrentVersion.targets(2451,5): warning MSB3277:             C:\Program Files\dotnet\packs\Microsoft.NETCore.App.Ref\8.0.25\ref/net8.0/WindowsBase.dll [C:\Users\ultra\warewolf\Dev\Warewolf.UI\Warewolf.UI.csproj]
C:\Program Files\dotnet\sdk\10.0.201\Microsoft.Common.CurrentVersion.targets(2451,5): warning MSB3277:     References which depend on or have been unified to "WindowsBase, Version=6.0.2.0, Culture=neutral, PublicKeyToken=31bf3856ad364e35" []. [C:\Users\ultra\warewolf\Dev\Warewolf.UI\Warewolf.UI.csproj]
C:\Program Files\dotnet\sdk\10.0.201\Microsoft.Common.CurrentVersion.targets(2451,5): warning MSB3277:         C:\Users\ultra\.nuget\packages\caliburn.micro\4.0.212\lib\netcoreapp3.1\Caliburn.Micro.Platform.dll [C:\Users\ultra\warewolf\Dev\Warewolf.UI\Warewolf.UI.csproj]
C:\Program Files\dotnet\sdk\10.0.201\Microsoft.Common.CurrentVersion.targets(2451,5): warning MSB3277:           Project file item includes which caused reference "C:\Users\ultra\.nuget\packages\caliburn.micro\4.0.212\lib\netcoreapp3.1\Caliburn.Micro.Platform.dll". [C:\Users\ultra\warewolf\Dev\Warewolf.UI\Warewolf.UI.csproj]
C:\Program Files\dotnet\sdk\10.0.201\Microsoft.Common.CurrentVersion.targets(2451,5): warning MSB3277:             C:\Users\ultra\.nuget\packages\caliburn.micro\4.0.212\lib\netcoreapp3.1\Caliburn.Micro.Platform.dll [C:\Users\ultra\warewolf\Dev\Warewolf.UI\Warewolf.UI.csproj]
C:\Program Files\dotnet\sdk\10.0.201\Microsoft.Common.CurrentVersion.targets(2451,5): warning MSB3277:         C:\Users\ultra\.nuget\packages\ironpython\3.4.0\lib\net6.0\IronPython.Wpf.dll [C:\Users\ultra\warewolf\Dev\Warewolf.UI\Warewolf.UI.csproj]
C:\Program Files\dotnet\sdk\10.0.201\Microsoft.Common.CurrentVersion.targets(2451,5): warning MSB3277:           Project file item includes which caused reference "C:\Users\ultra\.nuget\packages\ironpython\3.4.0\lib\net6.0\IronPython.Wpf.dll". [C:\Users\ultra\warewolf\Dev\Warewolf.UI\Warewolf.UI.csproj]
C:\Program Files\dotnet\sdk\10.0.201\Microsoft.Common.CurrentVersion.targets(2451,5): warning MSB3277:             C:\Users\ultra\.nuget\packages\ironpython\3.4.0\lib\net6.0\IronPython.Wpf.dll [C:\Users\ultra\warewolf\Dev\Warewolf.UI\Warewolf.UI.csproj]
C:\Program Files\dotnet\sdk\10.0.201\Microsoft.Common.CurrentVersion.targets(2451,5): warning MSB3277:         C:\Users\ultra\.nuget\packages\microsoft.xaml.behaviors.wpf\1.1.122\lib\net462\Microsoft.Xaml.Behaviors.dll [C:\Users\ultra\warewolf\Dev\Warewolf.UI\Warewolf.UI.csproj]
C:\Program Files\dotnet\sdk\10.0.201\Microsoft.Common.CurrentVersion.targets(2451,5): warning MSB3277:           Project file item includes which caused reference "C:\Users\ultra\.nuget\packages\microsoft.xaml.behaviors.wpf\1.1.122\lib\net462\Microsoft.Xaml.Behaviors.dll". [C:\Users\ultra\warewolf\Dev\Warewolf.UI\Warewolf.UI.csproj]
C:\Program Files\dotnet\sdk\10.0.201\Microsoft.Common.CurrentVersion.targets(2451,5): warning MSB3277:             C:\Users\ultra\.nuget\packages\microsoft.xaml.behaviors.wpf\1.1.122\lib\net462\Microsoft.Xaml.Behaviors.dll [C:\Users\ultra\warewolf\Dev\Warewolf.UI\Warewolf.UI.csproj]
C:\Program Files\dotnet\sdk\10.0.201\Microsoft.Common.CurrentVersion.targets(2451,5): warning MSB3277:             C:\Users\ultra\.nuget\packages\caliburn.micro\4.0.212\lib\netcoreapp3.1\Caliburn.Micro.Platform.dll [C:\Users\ultra\warewolf\Dev\Warewolf.UI\Warewolf.UI.csproj]
C:\Program Files\dotnet\sdk\10.0.201\Microsoft.Common.CurrentVersion.targets(2451,5): warning MSB3277:             C:\Users\ultra\.nuget\packages\prism.wpf\9.0.537\lib\net462\Prism.Wpf.dll [C:\Users\ultra\warewolf\Dev\Warewolf.UI\Warewolf.UI.csproj]
C:\Program Files\dotnet\sdk\10.0.201\Microsoft.Common.CurrentVersion.targets(2451,5): warning MSB3277:         C:\Users\ultra\.nuget\packages\prism.wpf\9.0.537\lib\net462\Prism.Wpf.dll [C:\Users\ultra\warewolf\Dev\Warewolf.UI\Warewolf.UI.csproj]
C:\Program Files\dotnet\sdk\10.0.201\Microsoft.Common.CurrentVersion.targets(2451,5): warning MSB3277:           Project file item includes which caused reference "C:\Users\ultra\.nuget\packages\prism.wpf\9.0.537\lib\net462\Prism.Wpf.dll". [C:\Users\ultra\warewolf\Dev\Warewolf.UI\Warewolf.UI.csproj]
C:\Program Files\dotnet\sdk\10.0.201\Microsoft.Common.CurrentVersion.targets(2451,5): warning MSB3277:             C:\Users\ultra\.nuget\packages\prism.wpf\9.0.537\lib\net462\Prism.Wpf.dll [C:\Users\ultra\warewolf\Dev\Warewolf.UI\Warewolf.UI.csproj]
C:\Program Files\dotnet\sdk\10.0.201\Microsoft.Common.CurrentVersion.targets(2451,5): warning MSB3277:         C:\Users\ultra\.nuget\packages\reactiveui.wpf\18.4.1\lib\net462\ReactiveUI.Wpf.dll [C:\Users\ultra\warewolf\Dev\Warewolf.UI\Warewolf.UI.csproj]
C:\Program Files\dotnet\sdk\10.0.201\Microsoft.Common.CurrentVersion.targets(2451,5): warning MSB3277:           Project file item includes which caused reference "C:\Users\ultra\.nuget\packages\reactiveui.wpf\18.4.1\lib\net462\ReactiveUI.Wpf.dll". [C:\Users\ultra\warewolf\Dev\Warewolf.UI\Warewolf.UI.csproj]
C:\Program Files\dotnet\sdk\10.0.201\Microsoft.Common.CurrentVersion.targets(2451,5): warning MSB3277:             C:\Users\ultra\.nuget\packages\reactiveui.wpf\18.4.1\lib\net462\ReactiveUI.Wpf.dll [C:\Users\ultra\warewolf\Dev\Warewolf.UI\Warewolf.UI.csproj]
  Warewolf.Logger -> C:\Users\ultra\warewolf\Dev\Warewolf.Logger\bin\Debug\net8.0\WarewolfLogger.dll
  Warewolf.Logger -> C:\Users\ultra\warewolf\Dev\Warewolf.Logger\bin\Debug\net8.0\linux-x64\WarewolfLogger.dll
  Warewolf.UI -> C:\Users\ultra\warewolf\Dev\Warewolf.UI\bin\Debug\net8.0\Warewolf.UI.dll
C:\Users\ultra\warewolf\Dev\Warewolf.Studio.CustomControls\ScriptManager.cs(36,6): warning SYSLIB0003: 'PermissionSetAttribute' is obsolete: 'Code Access Security is not supported or honored by the runtime.' (https://aka.ms/dotnet-warnings/SYSLIB0003) [C:\Users\ultra\warewolf\Dev\Warewolf.Studio.CustomControls\Warewolf.Studio.CustomControls.csproj]
C:\Users\ultra\warewolf\Dev\Warewolf.Studio.CustomControls\ScriptManager.cs(36,20): warning SYSLIB0003: 'SecurityAction' is obsolete: 'Code Access Security is not supported or honored by the runtime.' (https://aka.ms/dotnet-warnings/SYSLIB0003) [C:\Users\ultra\warewolf\Dev\Warewolf.Studio.CustomControls\Warewolf.Studio.CustomControls.csproj]
C:\Users\ultra\warewolf\Dev\Warewolf.Studio.CustomControls\ScriptManager.cs(53,48): warning SYSLIB0044: 'AssemblyName.CodeBase' is obsolete: 'AssemblyName.CodeBase and AssemblyName.EscapedCodeBase are obsolete. Using them for loading an assembly is not supported.' (https://aka.ms/dotnet-warnings/SYSLIB0044) [C:\Users\ultra\warewolf\Dev\Warewolf.Studio.CustomControls\Warewolf.Studio.CustomControls.csproj]
C:\Users\ultra\warewolf\Dev\Warewolf.Studio.CustomControls\ScriptManager.cs(153,33): warning CC0022: ManagementObjectSearcher should be disposed. (https://code-cracker.github.io/diagnostics/CC0022.html) [C:\Users\ultra\warewolf\Dev\Warewolf.Studio.CustomControls\Warewolf.Studio.CustomControls.csproj]
C:\Users\ultra\warewolf\Dev\Warewolf.Studio.CustomControls\ScriptManager.cs(153,33): warning CA1416: This call site is reachable on all platforms. 'ManagementObjectSearcher.Get()' is only supported on: 'windows'. (https://learn.microsoft.com/dotnet/fundamentals/code-analysis/quality-rules/ca1416) [C:\Users\ultra\warewolf\Dev\Warewolf.Studio.CustomControls\Warewolf.Studio.CustomControls.csproj]
C:\Users\ultra\warewolf\Dev\Warewolf.Studio.CustomControls\ScriptManager.cs(153,33): warning CA1416: This call site is reachable on all platforms. 'ManagementObjectSearcher' is only supported on: 'windows'. (https://learn.microsoft.com/dotnet/fundamentals/code-analysis/quality-rules/ca1416) [C:\Users\ultra\warewolf\Dev\Warewolf.Studio.CustomControls\Warewolf.Studio.CustomControls.csproj]
C:\Users\ultra\warewolf\Dev\Warewolf.Studio.CustomControls\ScriptManager.cs(155,40): warning CA1416: This call site is reachable on all platforms. 'ManagementBaseObject.this[string]' is only supported on: 'windows'. (https://learn.microsoft.com/dotnet/fundamentals/code-analysis/quality-rules/ca1416) [C:\Users\ultra\warewolf\Dev\Warewolf.Studio.CustomControls\Warewolf.Studio.CustomControls.csproj]
C:\Users\ultra\warewolf\Dev\Dev2.Runtime.WebServer\BasicAuthenticationHandler.cs(20,13): warning CS0618: 'ISystemClock' is obsolete: 'Use TimeProvider instead.' [C:\Users\ultra\warewolf\Dev\Dev2.Runtime.WebServer\Dev2.Runtime.WebServer.csproj]
C:\Users\ultra\warewolf\Dev\Dev2.Runtime.WebServer\AnonymousAuthenticationHandler.cs(15,9): warning CS0618: 'ISystemClock' is obsolete: 'Use TimeProvider instead.' [C:\Users\ultra\warewolf\Dev\Dev2.Runtime.WebServer\Dev2.Runtime.WebServer.csproj]
C:\Users\ultra\warewolf\Dev\Dev2.Runtime.WebServer\BasicAuthenticationHandler.cs(21,13): warning CS0618: 'AuthenticationHandler<AuthenticationSchemeOptions>.AuthenticationHandler(IOptionsMonitor<AuthenticationSchemeOptions>, ILoggerFactory, UrlEncoder, ISystemClock)' is obsolete: 'ISystemClock is obsolete, use TimeProvider on AuthenticationSchemeOptions instead.' [C:\Users\ultra\warewolf\Dev\Dev2.Runtime.WebServer\Dev2.Runtime.WebServer.csproj]
C:\Users\ultra\warewolf\Dev\Dev2.Runtime.WebServer\AnonymousAuthenticationHandler.cs(16,9): warning CS0618: 'AuthenticationHandler<AuthenticationSchemeOptions>.AuthenticationHandler(IOptionsMonitor<AuthenticationSchemeOptions>, ILoggerFactory, UrlEncoder, ISystemClock)' is obsolete: 'ISystemClock is obsolete, use TimeProvider on AuthenticationSchemeOptions instead.' [C:\Users\ultra\warewolf\Dev\Dev2.Runtime.WebServer\Dev2.Runtime.WebServer.csproj]
C:\Users\ultra\warewolf\Dev\Dev2.Runtime.WebServer\BasicAuthenticationHandler.cs(70,13): warning CC0003: Consider adding an Exception to the catch. (https://code-cracker.github.io/diagnostics/CC0003.html) [C:\Users\ultra\warewolf\Dev\Dev2.Runtime.WebServer\Dev2.Runtime.WebServer.csproj]
C:\Users\ultra\warewolf\Dev\Dev2.Runtime.WebServer\Executor\ExecutionDtoExtensions.cs(119,13): warning CC0105: Use 'var' instead of specifying the type name. (https://code-cracker.github.io/diagnostics/CC0105.html) [C:\Users\ultra\warewolf\Dev\Dev2.Runtime.WebServer\Dev2.Runtime.WebServer.csproj]
C:\Users\ultra\warewolf\Dev\Dev2.Runtime.WebServer\Handlers\GetLogFileServiceHandler.cs(129,21): warning CC0105: Use 'var' instead of specifying the type name. (https://code-cracker.github.io/diagnostics/CC0105.html) [C:\Users\ultra\warewolf\Dev\Dev2.Runtime.WebServer\Dev2.Runtime.WebServer.csproj]
C:\Users\ultra\warewolf\Dev\Dev2.Runtime.WebServer\ServiceTesting\ServiceTestCoverageModelHTMLResultBuilder.cs(138,13): warning CC0105: Use 'var' instead of specifying the type name. (https://code-cracker.github.io/diagnostics/CC0105.html) [C:\Users\ultra\warewolf\Dev\Dev2.Runtime.WebServer\Dev2.Runtime.WebServer.csproj]
C:\Users\ultra\warewolf\Dev\Dev2.Runtime.WebServer\ServiceTesting\ServiceTestCoverageModelHTMLResultBuilder.cs(139,13): warning CC0105: Use 'var' instead of specifying the type name. (https://code-cracker.github.io/diagnostics/CC0105.html) [C:\Users\ultra\warewolf\Dev\Dev2.Runtime.WebServer\Dev2.Runtime.WebServer.csproj]
C:\Users\ultra\warewolf\Dev\Dev2.Runtime.WebServer\ServiceTesting\ServiceTestModelJObjectResultBuilder.cs(101,13): warning CC0105: Use 'var' instead of specifying the type name. (https://code-cracker.github.io/diagnostics/CC0105.html) [C:\Users\ultra\warewolf\Dev\Dev2.Runtime.WebServer\Dev2.Runtime.WebServer.csproj]
  Warewolf.Studio.CustomControls -> C:\Users\ultra\warewolf\Dev\Warewolf.Studio.CustomControls\bin\Debug\net8.0\Warewolf.Studio.CustomControls.dll
  Dev2.Runtime.WebServer -> C:\Users\ultra\warewolf\Dev\Dev2.Runtime.WebServer\bin\Debug\net8.0\Dev2.Runtime.WebServer.dll
C:\Program Files\dotnet\sdk\10.0.201\Microsoft.Common.CurrentVersion.targets(2451,5): warning MSB3277: Found conflicts between different versions of "WindowsBase" that could not be resolved. [C:\Users\ultra\warewolf\Dev\Dev2.Infrastructure.Tests\Dev2.Infrastructure.Tests.csproj]
C:\Program Files\dotnet\sdk\10.0.201\Microsoft.Common.CurrentVersion.targets(2451,5): warning MSB3277: There was a conflict between "WindowsBase, Version=4.0.0.0, Culture=neutral, PublicKeyToken=31bf3856ad364e35" and "WindowsBase, Version=6.0.2.0, Culture=neutral, PublicKeyToken=31bf3856ad364e35". [C:\Users\ultra\warewolf\Dev\Dev2.Infrastructure.Tests\Dev2.Infrastructure.Tests.csproj]
C:\Program Files\dotnet\sdk\10.0.201\Microsoft.Common.CurrentVersion.targets(2451,5): warning MSB3277:     "WindowsBase, Version=4.0.0.0, Culture=neutral, PublicKeyToken=31bf3856ad364e35" was chosen because it was primary and "WindowsBase, Version=6.0.2.0, Culture=neutral, PublicKeyToken=31bf3856ad364e35" was not. [C:\Users\ultra\warewolf\Dev\Dev2.Infrastructure.Tests\Dev2.Infrastructure.Tests.csproj]
C:\Program Files\dotnet\sdk\10.0.201\Microsoft.Common.CurrentVersion.targets(2451,5): warning MSB3277:     References which depend on "WindowsBase, Version=4.0.0.0, Culture=neutral, PublicKeyToken=31bf3856ad364e35" [C:\Program Files\dotnet\packs\Microsoft.NETCore.App.Ref\8.0.25\ref\net8.0\WindowsBase.dll]. [C:\Users\ultra\warewolf\Dev\Dev2.Infrastructure.Tests\Dev2.Infrastructure.Tests.csproj]
C:\Program Files\dotnet\sdk\10.0.201\Microsoft.Common.CurrentVersion.targets(2451,5): warning MSB3277:         C:\Program Files\dotnet\packs\Microsoft.NETCore.App.Ref\8.0.25\ref\net8.0\WindowsBase.dll [C:\Users\ultra\warewolf\Dev\Dev2.Infrastructure.Tests\Dev2.Infrastructure.Tests.csproj]
C:\Program Files\dotnet\sdk\10.0.201\Microsoft.Common.CurrentVersion.targets(2451,5): warning MSB3277:           Project file item includes which caused reference "C:\Program Files\dotnet\packs\Microsoft.NETCore.App.Ref\8.0.25\ref\net8.0\WindowsBase.dll". [C:\Users\ultra\warewolf\Dev\Dev2.Infrastructure.Tests\Dev2.Infrastructure.Tests.csproj]
C:\Program Files\dotnet\sdk\10.0.201\Microsoft.Common.CurrentVersion.targets(2451,5): warning MSB3277:             C:\Program Files\dotnet\packs\Microsoft.NETCore.App.Ref\8.0.25\ref/net8.0/WindowsBase.dll [C:\Users\ultra\warewolf\Dev\Dev2.Infrastructure.Tests\Dev2.Infrastructure.Tests.csproj]
C:\Program Files\dotnet\sdk\10.0.201\Microsoft.Common.CurrentVersion.targets(2451,5): warning MSB3277:     References which depend on or have been unified to "WindowsBase, Version=6.0.2.0, Culture=neutral, PublicKeyToken=31bf3856ad364e35" []. [C:\Users\ultra\warewolf\Dev\Dev2.Infrastructure.Tests\Dev2.Infrastructure.Tests.csproj]
C:\Program Files\dotnet\sdk\10.0.201\Microsoft.Common.CurrentVersion.targets(2451,5): warning MSB3277:         C:\Users\ultra\.nuget\packages\caliburn.micro\4.0.212\lib\netcoreapp3.1\Caliburn.Micro.Platform.dll [C:\Users\ultra\warewolf\Dev\Dev2.Infrastructure.Tests\Dev2.Infrastructure.Tests.csproj]
C:\Program Files\dotnet\sdk\10.0.201\Microsoft.Common.CurrentVersion.targets(2451,5): warning MSB3277:           Project file item includes which caused reference "C:\Users\ultra\.nuget\packages\caliburn.micro\4.0.212\lib\netcoreapp3.1\Caliburn.Micro.Platform.dll". [C:\Users\ultra\warewolf\Dev\Dev2.Infrastructure.Tests\Dev2.Infrastructure.Tests.csproj]
C:\Program Files\dotnet\sdk\10.0.201\Microsoft.Common.CurrentVersion.targets(2451,5): warning MSB3277:             C:\Users\ultra\.nuget\packages\caliburn.micro\4.0.212\lib\netcoreapp3.1\Caliburn.Micro.Platform.dll [C:\Users\ultra\warewolf\Dev\Dev2.Infrastructure.Tests\Dev2.Infrastructure.Tests.csproj]
C:\Program Files\dotnet\sdk\10.0.201\Microsoft.Common.CurrentVersion.targets(2451,5): warning MSB3277:         C:\Users\ultra\.nuget\packages\ironpython\3.4.0\lib\net6.0\IronPython.Wpf.dll [C:\Users\ultra\warewolf\Dev\Dev2.Infrastructure.Tests\Dev2.Infrastructure.Tests.csproj]
C:\Program Files\dotnet\sdk\10.0.201\Microsoft.Common.CurrentVersion.targets(2451,5): warning MSB3277:           Project file item includes which caused reference "C:\Users\ultra\.nuget\packages\ironpython\3.4.0\lib\net6.0\IronPython.Wpf.dll". [C:\Users\ultra\warewolf\Dev\Dev2.Infrastructure.Tests\Dev2.Infrastructure.Tests.csproj]
C:\Program Files\dotnet\sdk\10.0.201\Microsoft.Common.CurrentVersion.targets(2451,5): warning MSB3277:             C:\Users\ultra\.nuget\packages\ironpython\3.4.0\lib\net6.0\IronPython.Wpf.dll [C:\Users\ultra\warewolf\Dev\Dev2.Infrastructure.Tests\Dev2.Infrastructure.Tests.csproj]
C:\Program Files\dotnet\sdk\10.0.201\Microsoft.Common.CurrentVersion.targets(2451,5): warning MSB3277:         C:\Users\ultra\.nuget\packages\microsoft.xaml.behaviors.wpf\1.1.122\lib\net462\Microsoft.Xaml.Behaviors.dll [C:\Users\ultra\warewolf\Dev\Dev2.Infrastructure.Tests\Dev2.Infrastructure.Tests.csproj]
C:\Program Files\dotnet\sdk\10.0.201\Microsoft.Common.CurrentVersion.targets(2451,5): warning MSB3277:           Project file item includes which caused reference "C:\Users\ultra\.nuget\packages\microsoft.xaml.behaviors.wpf\1.1.122\lib\net462\Microsoft.Xaml.Behaviors.dll". [C:\Users\ultra\warewolf\Dev\Dev2.Infrastructure.Tests\Dev2.Infrastructure.Tests.csproj]
C:\Program Files\dotnet\sdk\10.0.201\Microsoft.Common.CurrentVersion.targets(2451,5): warning MSB3277:             C:\Users\ultra\.nuget\packages\microsoft.xaml.behaviors.wpf\1.1.122\lib\net462\Microsoft.Xaml.Behaviors.dll [C:\Users\ultra\warewolf\Dev\Dev2.Infrastructure.Tests\Dev2.Infrastructure.Tests.csproj]
C:\Program Files\dotnet\sdk\10.0.201\Microsoft.Common.CurrentVersion.targets(2451,5): warning MSB3277:             C:\Users\ultra\.nuget\packages\caliburn.micro\4.0.212\lib\netcoreapp3.1\Caliburn.Micro.Platform.dll [C:\Users\ultra\warewolf\Dev\Dev2.Infrastructure.Tests\Dev2.Infrastructure.Tests.csproj]
C:\Program Files\dotnet\sdk\10.0.201\Microsoft.Common.CurrentVersion.targets(2451,5): warning MSB3277:             C:\Users\ultra\.nuget\packages\prism.wpf\9.0.537\lib\net462\Prism.Wpf.dll [C:\Users\ultra\warewolf\Dev\Dev2.Infrastructure.Tests\Dev2.Infrastructure.Tests.csproj]
C:\Program Files\dotnet\sdk\10.0.201\Microsoft.Common.CurrentVersion.targets(2451,5): warning MSB3277:         C:\Users\ultra\.nuget\packages\prism.wpf\9.0.537\lib\net462\Prism.Wpf.dll [C:\Users\ultra\warewolf\Dev\Dev2.Infrastructure.Tests\Dev2.Infrastructure.Tests.csproj]
C:\Program Files\dotnet\sdk\10.0.201\Microsoft.Common.CurrentVersion.targets(2451,5): warning MSB3277:           Project file item includes which caused reference "C:\Users\ultra\.nuget\packages\prism.wpf\9.0.537\lib\net462\Prism.Wpf.dll". [C:\Users\ultra\warewolf\Dev\Dev2.Infrastructure.Tests\Dev2.Infrastructure.Tests.csproj]
C:\Program Files\dotnet\sdk\10.0.201\Microsoft.Common.CurrentVersion.targets(2451,5): warning MSB3277:             C:\Users\ultra\.nuget\packages\prism.wpf\9.0.537\lib\net462\Prism.Wpf.dll [C:\Users\ultra\warewolf\Dev\Dev2.Infrastructure.Tests\Dev2.Infrastructure.Tests.csproj]
C:\Program Files\dotnet\sdk\10.0.201\Microsoft.Common.CurrentVersion.targets(2451,5): warning MSB3277:         C:\Users\ultra\.nuget\packages\reactiveui.wpf\18.4.1\lib\net462\ReactiveUI.Wpf.dll [C:\Users\ultra\warewolf\Dev\Dev2.Infrastructure.Tests\Dev2.Infrastructure.Tests.csproj]
C:\Program Files\dotnet\sdk\10.0.201\Microsoft.Common.CurrentVersion.targets(2451,5): warning MSB3277:           Project file item includes which caused reference "C:\Users\ultra\.nuget\packages\reactiveui.wpf\18.4.1\lib\net462\ReactiveUI.Wpf.dll". [C:\Users\ultra\warewolf\Dev\Dev2.Infrastructure.Tests\Dev2.Infrastructure.Tests.csproj]
C:\Program Files\dotnet\sdk\10.0.201\Microsoft.Common.CurrentVersion.targets(2451,5): warning MSB3277:             C:\Users\ultra\.nuget\packages\reactiveui.wpf\18.4.1\lib\net462\ReactiveUI.Wpf.dll [C:\Users\ultra\warewolf\Dev\Dev2.Infrastructure.Tests\Dev2.Infrastructure.Tests.csproj]
C:\Program Files\dotnet\sdk\10.0.201\Microsoft.Common.CurrentVersion.targets(2451,5): warning MSB3277: Found conflicts between different versions of "WindowsBase" that could not be resolved. [C:\Users\ultra\warewolf\Dev\Dev2.Infrastructure.Tests\Dev2.Infrastructure.Tests.csproj]
C:\Program Files\dotnet\sdk\10.0.201\Microsoft.Common.CurrentVersion.targets(2451,5): warning MSB3277: There was a conflict between "WindowsBase, Version=4.0.0.0, Culture=neutral, PublicKeyToken=31bf3856ad364e35" and "WindowsBase, Version=6.0.2.0, Culture=neutral, PublicKeyToken=31bf3856ad364e35". [C:\Users\ultra\warewolf\Dev\Dev2.Infrastructure.Tests\Dev2.Infrastructure.Tests.csproj]
C:\Program Files\dotnet\sdk\10.0.201\Microsoft.Common.CurrentVersion.targets(2451,5): warning MSB3277:     "WindowsBase, Version=4.0.0.0, Culture=neutral, PublicKeyToken=31bf3856ad364e35" was chosen because it was primary and "WindowsBase, Version=6.0.2.0, Culture=neutral, PublicKeyToken=31bf3856ad364e35" was not. [C:\Users\ultra\warewolf\Dev\Dev2.Infrastructure.Tests\Dev2.Infrastructure.Tests.csproj]
C:\Program Files\dotnet\sdk\10.0.201\Microsoft.Common.CurrentVersion.targets(2451,5): warning MSB3277:     References which depend on "WindowsBase, Version=4.0.0.0, Culture=neutral, PublicKeyToken=31bf3856ad364e35" [C:\Program Files\dotnet\packs\Microsoft.NETCore.App.Ref\8.0.25\ref\net8.0\WindowsBase.dll]. [C:\Users\ultra\warewolf\Dev\Dev2.Infrastructure.Tests\Dev2.Infrastructure.Tests.csproj]
C:\Program Files\dotnet\sdk\10.0.201\Microsoft.Common.CurrentVersion.targets(2451,5): warning MSB3277:         C:\Program Files\dotnet\packs\Microsoft.NETCore.App.Ref\8.0.25\ref\net8.0\WindowsBase.dll [C:\Users\ultra\warewolf\Dev\Dev2.Infrastructure.Tests\Dev2.Infrastructure.Tests.csproj]
C:\Program Files\dotnet\sdk\10.0.201\Microsoft.Common.CurrentVersion.targets(2451,5): warning MSB3277:           Project file item includes which caused reference "C:\Program Files\dotnet\packs\Microsoft.NETCore.App.Ref\8.0.25\ref\net8.0\WindowsBase.dll". [C:\Users\ultra\warewolf\Dev\Dev2.Infrastructure.Tests\Dev2.Infrastructure.Tests.csproj]
C:\Program Files\dotnet\sdk\10.0.201\Microsoft.Common.CurrentVersion.targets(2451,5): warning MSB3277:             C:\Program Files\dotnet\packs\Microsoft.NETCore.App.Ref\8.0.25\ref/net8.0/WindowsBase.dll [C:\Users\ultra\warewolf\Dev\Dev2.Infrastructure.Tests\Dev2.Infrastructure.Tests.csproj]
C:\Program Files\dotnet\sdk\10.0.201\Microsoft.Common.CurrentVersion.targets(2451,5): warning MSB3277:     References which depend on or have been unified to "WindowsBase, Version=6.0.2.0, Culture=neutral, PublicKeyToken=31bf3856ad364e35" []. [C:\Users\ultra\warewolf\Dev\Dev2.Infrastructure.Tests\Dev2.Infrastructure.Tests.csproj]
C:\Program Files\dotnet\sdk\10.0.201\Microsoft.Common.CurrentVersion.targets(2451,5): warning MSB3277:         C:\Users\ultra\.nuget\packages\caliburn.micro\4.0.212\lib\netcoreapp3.1\Caliburn.Micro.Platform.dll [C:\Users\ultra\warewolf\Dev\Dev2.Infrastructure.Tests\Dev2.Infrastructure.Tests.csproj]
C:\Program Files\dotnet\sdk\10.0.201\Microsoft.Common.CurrentVersion.targets(2451,5): warning MSB3277:           Project file item includes which caused reference "C:\Users\ultra\.nuget\packages\caliburn.micro\4.0.212\lib\netcoreapp3.1\Caliburn.Micro.Platform.dll". [C:\Users\ultra\warewolf\Dev\Dev2.Infrastructure.Tests\Dev2.Infrastructure.Tests.csproj]
C:\Program Files\dotnet\sdk\10.0.201\Microsoft.Common.CurrentVersion.targets(2451,5): warning MSB3277:             C:\Users\ultra\.nuget\packages\caliburn.micro\4.0.212\lib\netcoreapp3.1\Caliburn.Micro.Platform.dll [C:\Users\ultra\warewolf\Dev\Dev2.Infrastructure.Tests\Dev2.Infrastructure.Tests.csproj]
C:\Program Files\dotnet\sdk\10.0.201\Microsoft.Common.CurrentVersion.targets(2451,5): warning MSB3277:         C:\Users\ultra\.nuget\packages\ironpython\3.4.0\lib\net6.0\IronPython.Wpf.dll [C:\Users\ultra\warewolf\Dev\Dev2.Infrastructure.Tests\Dev2.Infrastructure.Tests.csproj]
C:\Program Files\dotnet\sdk\10.0.201\Microsoft.Common.CurrentVersion.targets(2451,5): warning MSB3277:           Project file item includes which caused reference "C:\Users\ultra\.nuget\packages\ironpython\3.4.0\lib\net6.0\IronPython.Wpf.dll". [C:\Users\ultra\warewolf\Dev\Dev2.Infrastructure.Tests\Dev2.Infrastructure.Tests.csproj]
C:\Program Files\dotnet\sdk\10.0.201\Microsoft.Common.CurrentVersion.targets(2451,5): warning MSB3277:             C:\Users\ultra\.nuget\packages\ironpython\3.4.0\lib\net6.0\IronPython.Wpf.dll [C:\Users\ultra\warewolf\Dev\Dev2.Infrastructure.Tests\Dev2.Infrastructure.Tests.csproj]
C:\Program Files\dotnet\sdk\10.0.201\Microsoft.Common.CurrentVersion.targets(2451,5): warning MSB3277:         C:\Users\ultra\.nuget\packages\microsoft.xaml.behaviors.wpf\1.1.122\lib\net462\Microsoft.Xaml.Behaviors.dll [C:\Users\ultra\warewolf\Dev\Dev2.Infrastructure.Tests\Dev2.Infrastructure.Tests.csproj]
C:\Program Files\dotnet\sdk\10.0.201\Microsoft.Common.CurrentVersion.targets(2451,5): warning MSB3277:           Project file item includes which caused reference "C:\Users\ultra\.nuget\packages\microsoft.xaml.behaviors.wpf\1.1.122\lib\net462\Microsoft.Xaml.Behaviors.dll". [C:\Users\ultra\warewolf\Dev\Dev2.Infrastructure.Tests\Dev2.Infrastructure.Tests.csproj]
C:\Program Files\dotnet\sdk\10.0.201\Microsoft.Common.CurrentVersion.targets(2451,5): warning MSB3277:             C:\Users\ultra\.nuget\packages\microsoft.xaml.behaviors.wpf\1.1.122\lib\net462\Microsoft.Xaml.Behaviors.dll [C:\Users\ultra\warewolf\Dev\Dev2.Infrastructure.Tests\Dev2.Infrastructure.Tests.csproj]
C:\Program Files\dotnet\sdk\10.0.201\Microsoft.Common.CurrentVersion.targets(2451,5): warning MSB3277:             C:\Users\ultra\.nuget\packages\caliburn.micro\4.0.212\lib\netcoreapp3.1\Caliburn.Micro.Platform.dll [C:\Users\ultra\warewolf\Dev\Dev2.Infrastructure.Tests\Dev2.Infrastructure.Tests.csproj]
C:\Program Files\dotnet\sdk\10.0.201\Microsoft.Common.CurrentVersion.targets(2451,5): warning MSB3277:             C:\Users\ultra\.nuget\packages\prism.wpf\9.0.537\lib\net462\Prism.Wpf.dll [C:\Users\ultra\warewolf\Dev\Dev2.Infrastructure.Tests\Dev2.Infrastructure.Tests.csproj]
C:\Program Files\dotnet\sdk\10.0.201\Microsoft.Common.CurrentVersion.targets(2451,5): warning MSB3277:         C:\Users\ultra\.nuget\packages\prism.wpf\9.0.537\lib\net462\Prism.Wpf.dll [C:\Users\ultra\warewolf\Dev\Dev2.Infrastructure.Tests\Dev2.Infrastructure.Tests.csproj]
C:\Program Files\dotnet\sdk\10.0.201\Microsoft.Common.CurrentVersion.targets(2451,5): warning MSB3277:           Project file item includes which caused reference "C:\Users\ultra\.nuget\packages\prism.wpf\9.0.537\lib\net462\Prism.Wpf.dll". [C:\Users\ultra\warewolf\Dev\Dev2.Infrastructure.Tests\Dev2.Infrastructure.Tests.csproj]
C:\Program Files\dotnet\sdk\10.0.201\Microsoft.Common.CurrentVersion.targets(2451,5): warning MSB3277:             C:\Users\ultra\.nuget\packages\prism.wpf\9.0.537\lib\net462\Prism.Wpf.dll [C:\Users\ultra\warewolf\Dev\Dev2.Infrastructure.Tests\Dev2.Infrastructure.Tests.csproj]
C:\Program Files\dotnet\sdk\10.0.201\Microsoft.Common.CurrentVersion.targets(2451,5): warning MSB3277:         C:\Users\ultra\.nuget\packages\reactiveui.wpf\18.4.1\lib\net462\ReactiveUI.Wpf.dll [C:\Users\ultra\warewolf\Dev\Dev2.Infrastructure.Tests\Dev2.Infrastructure.Tests.csproj]
C:\Program Files\dotnet\sdk\10.0.201\Microsoft.Common.CurrentVersion.targets(2451,5): warning MSB3277:           Project file item includes which caused reference "C:\Users\ultra\.nuget\packages\reactiveui.wpf\18.4.1\lib\net462\ReactiveUI.Wpf.dll". [C:\Users\ultra\warewolf\Dev\Dev2.Infrastructure.Tests\Dev2.Infrastructure.Tests.csproj]
C:\Program Files\dotnet\sdk\10.0.201\Microsoft.Common.CurrentVersion.targets(2451,5): warning MSB3277:             C:\Users\ultra\.nuget\packages\reactiveui.wpf\18.4.1\lib\net462\ReactiveUI.Wpf.dll [C:\Users\ultra\warewolf\Dev\Dev2.Infrastructure.Tests\Dev2.Infrastructure.Tests.csproj]
  Warewolf.Trigger.Queue -> C:\Users\ultra\warewolf\Dev\Warewolf.Trigger.Queue\bin\Debug\net8.0\Warewolf.Trigger.Queue.dll
C:\Users\ultra\warewolf\Dev\Warewolf.Core.Tests\Parsing\BitVectorTest.cs(23,21): warning MSTEST0005: Property 'TestContext' should be valid (https://learn.microsoft.com/dotnet/core/testing/mstest-analyzers/mstest0005) [C:\Users\ultra\warewolf\Dev\Warewolf.Core.Tests\Warewolf.Core.Tests.csproj]
C:\Program Files\dotnet\sdk\10.0.201\Microsoft.Common.CurrentVersion.targets(2451,5): warning MSB3277: Found conflicts between different versions of "Microsoft.Win32.SystemEvents" that could not be resolved. [C:\Users\ultra\warewolf\Dev\Warewolf.Studio.Themes.Luna\Warewolf.Studio.Themes.Luna.csproj]
C:\Program Files\dotnet\sdk\10.0.201\Microsoft.Common.CurrentVersion.targets(2451,5): warning MSB3277: There was a conflict between "Microsoft.Win32.SystemEvents, Version=6.0.0.0, Culture=neutral, PublicKeyToken=cc7b13ffcd2ddd51" and "Microsoft.Win32.SystemEvents, Version=7.0.0.0, Culture=neutral, PublicKeyToken=cc7b13ffcd2ddd51". [C:\Users\ultra\warewolf\Dev\Warewolf.Studio.Themes.Luna\Warewolf.Studio.Themes.Luna.csproj]
C:\Program Files\dotnet\sdk\10.0.201\Microsoft.Common.CurrentVersion.targets(2451,5): warning MSB3277:     "Microsoft.Win32.SystemEvents, Version=6.0.0.0, Culture=neutral, PublicKeyToken=cc7b13ffcd2ddd51" was chosen because it was primary and "Microsoft.Win32.SystemEvents, Version=7.0.0.0, Culture=neutral, PublicKeyToken=cc7b13ffcd2ddd51" was not. [C:\Users\ultra\warewolf\Dev\Warewolf.Studio.Themes.Luna\Warewolf.Studio.Themes.Luna.csproj]
C:\Program Files\dotnet\sdk\10.0.201\Microsoft.Common.CurrentVersion.targets(2451,5): warning MSB3277:     References which depend on "Microsoft.Win32.SystemEvents, Version=6.0.0.0, Culture=neutral, PublicKeyToken=cc7b13ffcd2ddd51" [C:\Users\ultra\.nuget\packages\microsoft.win32.systemevents\6.0.0\lib\net6.0\Microsoft.Win32.SystemEvents.dll]. [C:\Users\ultra\warewolf\Dev\Warewolf.Studio.Themes.Luna\Warewolf.Studio.Themes.Luna.csproj]
C:\Program Files\dotnet\sdk\10.0.201\Microsoft.Common.CurrentVersion.targets(2451,5): warning MSB3277:         C:\Users\ultra\.nuget\packages\microsoft.win32.systemevents\6.0.0\lib\net6.0\Microsoft.Win32.SystemEvents.dll [C:\Users\ultra\warewolf\Dev\Warewolf.Studio.Themes.Luna\Warewolf.Studio.Themes.Luna.csproj]
C:\Program Files\dotnet\sdk\10.0.201\Microsoft.Common.CurrentVersion.targets(2451,5): warning MSB3277:           Project file item includes which caused reference "C:\Users\ultra\.nuget\packages\microsoft.win32.systemevents\6.0.0\lib\net6.0\Microsoft.Win32.SystemEvents.dll". [C:\Users\ultra\warewolf\Dev\Warewolf.Studio.Themes.Luna\Warewolf.Studio.Themes.Luna.csproj]
C:\Program Files\dotnet\sdk\10.0.201\Microsoft.Common.CurrentVersion.targets(2451,5): warning MSB3277:             C:\Users\ultra\.nuget\packages\microsoft.win32.systemevents\6.0.0\lib\net6.0\Microsoft.Win32.SystemEvents.dll [C:\Users\ultra\warewolf\Dev\Warewolf.Studio.Themes.Luna\Warewolf.Studio.Themes.Luna.csproj]
C:\Program Files\dotnet\sdk\10.0.201\Microsoft.Common.CurrentVersion.targets(2451,5): warning MSB3277:     References which depend on or have been unified to "Microsoft.Win32.SystemEvents, Version=7.0.0.0, Culture=neutral, PublicKeyToken=cc7b13ffcd2ddd51" []. [C:\Users\ultra\warewolf\Dev\Warewolf.Studio.Themes.Luna\Warewolf.Studio.Themes.Luna.csproj]
C:\Program Files\dotnet\sdk\10.0.201\Microsoft.Common.CurrentVersion.targets(2451,5): warning MSB3277:         C:\Users\ultra\warewolf\Dev\Dev2.Common\bin\Debug\net8.0\Dev2.Common.dll [C:\Users\ultra\warewolf\Dev\Warewolf.Studio.Themes.Luna\Warewolf.Studio.Themes.Luna.csproj]
C:\Program Files\dotnet\sdk\10.0.201\Microsoft.Common.CurrentVersion.targets(2451,5): warning MSB3277:           Project file item includes which caused reference "C:\Users\ultra\warewolf\Dev\Dev2.Common\bin\Debug\net8.0\Dev2.Common.dll". [C:\Users\ultra\warewolf\Dev\Warewolf.Studio.Themes.Luna\Warewolf.Studio.Themes.Luna.csproj]
C:\Program Files\dotnet\sdk\10.0.201\Microsoft.Common.CurrentVersion.targets(2451,5): warning MSB3277:             C:\Users\ultra\warewolf\Dev\Dev2.Common\bin\Debug\net8.0\Dev2.Common.dll [C:\Users\ultra\warewolf\Dev\Warewolf.Studio.Themes.Luna\Warewolf.Studio.Themes.Luna.csproj]
C:\Program Files\dotnet\sdk\10.0.201\Microsoft.Common.CurrentVersion.targets(2451,5): warning MSB3277:             C:\Users\ultra\warewolf\Dev\Dev2.Intellisense\bin\Debug\net8.0\Dev2.Intellisense.dll [C:\Users\ultra\warewolf\Dev\Warewolf.Studio.Themes.Luna\Warewolf.Studio.Themes.Luna.csproj]
C:\Program Files\dotnet\sdk\10.0.201\Microsoft.Common.CurrentVersion.targets(2451,5): warning MSB3277:             C:\Users\ultra\warewolf\Dev\Dev2.Studio.Core\bin\Debug\net8.0\Dev2.Studio.Core.dll [C:\Users\ultra\warewolf\Dev\Warewolf.Studio.Themes.Luna\Warewolf.Studio.Themes.Luna.csproj]
C:\Program Files\dotnet\sdk\10.0.201\Microsoft.Common.CurrentVersion.targets(2451,5): warning MSB3277:             C:\Users\ultra\warewolf\Dev\Dev2.Studio.Interfaces\bin\Debug\net8.0\Dev2.Studio.Interfaces.dll [C:\Users\ultra\warewolf\Dev\Warewolf.Studio.Themes.Luna\Warewolf.Studio.Themes.Luna.csproj]
C:\Program Files\dotnet\sdk\10.0.201\Microsoft.Common.CurrentVersion.targets(2451,5): warning MSB3277:             C:\Users\ultra\warewolf\Dev\Warewolf.Studio.Core\bin\Debug\net8.0\Warewolf.Studio.Core.dll [C:\Users\ultra\warewolf\Dev\Warewolf.Studio.Themes.Luna\Warewolf.Studio.Themes.Luna.csproj]
C:\Program Files\dotnet\sdk\10.0.201\Microsoft.Common.CurrentVersion.targets(2451,5): warning MSB3277:             C:\Users\ultra\warewolf\Dev\Warewolf.Studio.CustomControls\bin\Debug\net8.0\Warewolf.Studio.CustomControls.dll [C:\Users\ultra\warewolf\Dev\Warewolf.Studio.Themes.Luna\Warewolf.Studio.Themes.Luna.csproj]
C:\Program Files\dotnet\sdk\10.0.201\Microsoft.Common.CurrentVersion.targets(2451,5): warning MSB3277:             C:\Users\ultra\warewolf\Dev\Dev2.Activities\bin\Debug\net8.0\Dev2.Activities.dll [C:\Users\ultra\warewolf\Dev\Warewolf.Studio.Themes.Luna\Warewolf.Studio.Themes.Luna.csproj]
C:\Program Files\dotnet\sdk\10.0.201\Microsoft.Common.CurrentVersion.targets(2451,5): warning MSB3277:             C:\Users\ultra\warewolf\Dev\Dev2.Core\bin\Debug\net8.0\Dev2.Core.dll [C:\Users\ultra\warewolf\Dev\Warewolf.Studio.Themes.Luna\Warewolf.Studio.Themes.Luna.csproj]
C:\Program Files\dotnet\sdk\10.0.201\Microsoft.Common.CurrentVersion.targets(2451,5): warning MSB3277:             C:\Users\ultra\warewolf\Dev\Warewolf.UI\bin\Debug\net8.0\Warewolf.UI.dll [C:\Users\ultra\warewolf\Dev\Warewolf.Studio.Themes.Luna\Warewolf.Studio.Themes.Luna.csproj]
C:\Program Files\dotnet\sdk\10.0.201\Microsoft.Common.CurrentVersion.targets(2451,5): warning MSB3277:             C:\Users\ultra\warewolf\Dev\Dev2.Data\bin\Debug\net8.0\Dev2.Data.dll [C:\Users\ultra\warewolf\Dev\Warewolf.Studio.Themes.Luna\Warewolf.Studio.Themes.Luna.csproj]
C:\Program Files\dotnet\sdk\10.0.201\Microsoft.Common.CurrentVersion.targets(2451,5): warning MSB3277:             C:\Users\ultra\warewolf\Dev\Dev2.Development.Languages\bin\Debug\net8.0\Dev2.Development.Languages.dll [C:\Users\ultra\warewolf\Dev\Warewolf.Studio.Themes.Luna\Warewolf.Studio.Themes.Luna.csproj]
C:\Program Files\dotnet\sdk\10.0.201\Microsoft.Common.CurrentVersion.targets(2451,5): warning MSB3277:             C:\Users\ultra\warewolf\Dev\Dev2.Diagnostics\bin\Debug\net8.0\Dev2.Diagnostics.dll [C:\Users\ultra\warewolf\Dev\Warewolf.Studio.Themes.Luna\Warewolf.Studio.Themes.Luna.csproj]
C:\Program Files\dotnet\sdk\10.0.201\Microsoft.Common.CurrentVersion.targets(2451,5): warning MSB3277:             C:\Users\ultra\warewolf\Dev\Dev2.Infrastructure\bin\Debug\net8.0\Dev2.Infrastructure.dll [C:\Users\ultra\warewolf\Dev\Warewolf.Studio.Themes.Luna\Warewolf.Studio.Themes.Luna.csproj]
C:\Program Files\dotnet\sdk\10.0.201\Microsoft.Common.CurrentVersion.targets(2451,5): warning MSB3277:             C:\Users\ultra\warewolf\Dev\Dev2.Runtime.Services\bin\Debug\net8.0\Dev2.Runtime.Services.dll [C:\Users\ultra\warewolf\Dev\Warewolf.Studio.Themes.Luna\Warewolf.Studio.Themes.Luna.csproj]
C:\Program Files\dotnet\sdk\10.0.201\Microsoft.Common.CurrentVersion.targets(2451,5): warning MSB3277:             C:\Users\ultra\warewolf\Dev\Dev2.Scheduler\bin\Debug\net8.0\Dev2.Scheduler.dll [C:\Users\ultra\warewolf\Dev\Warewolf.Studio.Themes.Luna\Warewolf.Studio.Themes.Luna.csproj]
C:\Program Files\dotnet\sdk\10.0.201\Microsoft.Common.CurrentVersion.targets(2451,5): warning MSB3277:             C:\Users\ultra\warewolf\Dev\Dev2.Services.Execution\bin\Debug\net8.0\Dev2.Services.Execution.dll [C:\Users\ultra\warewolf\Dev\Warewolf.Studio.Themes.Luna\Warewolf.Studio.Themes.Luna.csproj]
C:\Program Files\dotnet\sdk\10.0.201\Microsoft.Common.CurrentVersion.targets(2451,5): warning MSB3277:             C:\Users\ultra\warewolf\Dev\Dev2.Services.Sql\bin\Debug\net8.0\Dev2.Services.Sql.dll [C:\Users\ultra\warewolf\Dev\Warewolf.Studio.Themes.Luna\Warewolf.Studio.Themes.Luna.csproj]
C:\Program Files\dotnet\sdk\10.0.201\Microsoft.Common.CurrentVersion.targets(2451,5): warning MSB3277:             C:\Users\ultra\warewolf\Dev\Dev2.TaskScheduler.Wrappers\bin\Debug\net8.0\Dev2.TaskScheduler.Wrappers.dll [C:\Users\ultra\warewolf\Dev\Warewolf.Studio.Themes.Luna\Warewolf.Studio.Themes.Luna.csproj]
C:\Program Files\dotnet\sdk\10.0.201\Microsoft.Common.CurrentVersion.targets(2451,5): warning MSB3277:             C:\Users\ultra\warewolf\Dev\Dev2.Util\bin\Debug\net8.0\Dev2.Util.dll [C:\Users\ultra\warewolf\Dev\Warewolf.Studio.Themes.Luna\Warewolf.Studio.Themes.Luna.csproj]
C:\Program Files\dotnet\sdk\10.0.201\Microsoft.Common.CurrentVersion.targets(2451,5): warning MSB3277:             C:\Users\ultra\warewolf\Dev\Warewolf.AI.Harness\bin\Debug\net8.0\Warewolf.AI.Harness.dll [C:\Users\ultra\warewolf\Dev\Warewolf.Studio.Themes.Luna\Warewolf.Studio.Themes.Luna.csproj]
C:\Program Files\dotnet\sdk\10.0.201\Microsoft.Common.CurrentVersion.targets(2451,5): warning MSB3277:             C:\Users\ultra\warewolf\Dev\Warewolf.Auditing\bin\Debug\net8.0\Warewolf.Auditing.dll [C:\Users\ultra\warewolf\Dev\Warewolf.Studio.Themes.Luna\Warewolf.Studio.Themes.Luna.csproj]
C:\Program Files\dotnet\sdk\10.0.201\Microsoft.Common.CurrentVersion.targets(2451,5): warning MSB3277:             C:\Users\ultra\warewolf\Dev\Warewolf.Common.NetStandard20\bin\Debug\net8.0\Warewolf.Common.NetStandard20.dll [C:\Users\ultra\warewolf\Dev\Warewolf.Studio.Themes.Luna\Warewolf.Studio.Themes.Luna.csproj]
C:\Program Files\dotnet\sdk\10.0.201\Microsoft.Common.CurrentVersion.targets(2451,5): warning MSB3277:             C:\Users\ultra\warewolf\Dev\Warewolf.Core\bin\Debug\net8.0\Warewolf.Core.dll [C:\Users\ultra\warewolf\Dev\Warewolf.Studio.Themes.Luna\Warewolf.Studio.Themes.Luna.csproj]
C:\Program Files\dotnet\sdk\10.0.201\Microsoft.Common.CurrentVersion.targets(2451,5): warning MSB3277:             C:\Users\ultra\warewolf\Dev\Warewolf.Driver.Persistence\bin\Debug\net8.0\Warewolf.Driver.Persistence.dll [C:\Users\ultra\warewolf\Dev\Warewolf.Studio.Themes.Luna\Warewolf.Studio.Themes.Luna.csproj]
C:\Program Files\dotnet\sdk\10.0.201\Microsoft.Common.CurrentVersion.targets(2451,5): warning MSB3277:             C:\Users\ultra\warewolf\Dev\Warewolf.Driver.Serilog\bin\Debug\net8.0\Warewolf.Driver.Serilog.dll [C:\Users\ultra\warewolf\Dev\Warewolf.Studio.Themes.Luna\Warewolf.Studio.Themes.Luna.csproj]
C:\Program Files\dotnet\sdk\10.0.201\Microsoft.Common.CurrentVersion.targets(2451,5): warning MSB3277:             C:\Users\ultra\warewolf\Dev\Warewolf.Exchange.Email.Wrapper\bin\Debug\net8.0\Warewolf.Exchange.Email.Wrapper.dll [C:\Users\ultra\warewolf\Dev\Warewolf.Studio.Themes.Luna\Warewolf.Studio.Themes.Luna.csproj]
C:\Program Files\dotnet\sdk\10.0.201\Microsoft.Common.CurrentVersion.targets(2451,5): warning MSB3277:             C:\Users\ultra\warewolf\Dev\Warewolf.ResourceManagement\bin\Debug\net8.0\Warewolf.ResourceManagement.dll [C:\Users\ultra\warewolf\Dev\Warewolf.Studio.Themes.Luna\Warewolf.Studio.Themes.Luna.csproj]
C:\Program Files\dotnet\sdk\10.0.201\Microsoft.Common.CurrentVersion.targets(2451,5): warning MSB3277:             C:\Users\ultra\warewolf\Dev\Warewolf.Sharepoint\bin\Debug\net8.0\Warewolf.Sharepoint.dll [C:\Users\ultra\warewolf\Dev\Warewolf.Studio.Themes.Luna\Warewolf.Studio.Themes.Luna.csproj]
C:\Program Files\dotnet\sdk\10.0.201\Microsoft.Common.CurrentVersion.targets(2451,5): warning MSB3277:             C:\Users\ultra\warewolf\Dev\Warewolf.Storage\bin\Debug\net8.0\Warewolf.Storage.dll [C:\Users\ultra\warewolf\Dev\Warewolf.Studio.Themes.Luna\Warewolf.Studio.Themes.Luna.csproj]
C:\Program Files\dotnet\sdk\10.0.201\Microsoft.Common.CurrentVersion.targets(2451,5): warning MSB3277:         C:\Users\ultra\warewolf\Dev\Binaries\Infragistcs_Net6\InfragisticsWPF4.Editors.v15.1.dll [C:\Users\ultra\warewolf\Dev\Warewolf.Studio.Themes.Luna\Warewolf.Studio.Themes.Luna.csproj]
C:\Program Files\dotnet\sdk\10.0.201\Microsoft.Common.CurrentVersion.targets(2451,5): warning MSB3277:           Project file item includes which caused reference "C:\Users\ultra\warewolf\Dev\Binaries\Infragistcs_Net6\InfragisticsWPF4.Editors.v15.1.dll". [C:\Users\ultra\warewolf\Dev\Warewolf.Studio.Themes.Luna\Warewolf.Studio.Themes.Luna.csproj]
C:\Program Files\dotnet\sdk\10.0.201\Microsoft.Common.CurrentVersion.targets(2451,5): warning MSB3277:             InfragisticsWPF4.Editors.v15.1, Version=15.1.20151.2055, Culture=neutral, PublicKeyToken=7dd5c3163f2cd0cb, processorArchitecture=MSIL [C:\Users\ultra\warewolf\Dev\Warewolf.Studio.Themes.Luna\Warewolf.Studio.Themes.Luna.csproj]
C:\Program Files\dotnet\sdk\10.0.201\Microsoft.Common.CurrentVersion.targets(2451,5): warning MSB3277:             InfragisticsWPF4.DataPresenter.v15.1, Version=15.1.20151.2055, Culture=neutral, PublicKeyToken=7dd5c3163f2cd0cb, processorArchitecture=MSIL [C:\Users\ultra\warewolf\Dev\Warewolf.Studio.Themes.Luna\Warewolf.Studio.Themes.Luna.csproj]
C:\Program Files\dotnet\sdk\10.0.201\Microsoft.Common.CurrentVersion.targets(2451,5): warning MSB3277:         C:\Users\ultra\warewolf\Dev\Binaries\Infragistcs_Net6\InfragisticsWPF4.v15.1.dll [C:\Users\ultra\warewolf\Dev\Warewolf.Studio.Themes.Luna\Warewolf.Studio.Themes.Luna.csproj]
C:\Program Files\dotnet\sdk\10.0.201\Microsoft.Common.CurrentVersion.targets(2451,5): warning MSB3277:           Project file item includes which caused reference "C:\Users\ultra\warewolf\Dev\Binaries\Infragistcs_Net6\InfragisticsWPF4.v15.1.dll". [C:\Users\ultra\warewolf\Dev\Warewolf.Studio.Themes.Luna\Warewolf.Studio.Themes.Luna.csproj]
C:\Program Files\dotnet\sdk\10.0.201\Microsoft.Common.CurrentVersion.targets(2451,5): warning MSB3277:             InfragisticsWPF4.v15.1, Version=15.1.20151.2055, Culture=neutral, PublicKeyToken=7dd5c3163f2cd0cb, processorArchitecture=MSIL [C:\Users\ultra\warewolf\Dev\Warewolf.Studio.Themes.Luna\Warewolf.Studio.Themes.Luna.csproj]
C:\Program Files\dotnet\sdk\10.0.201\Microsoft.Common.CurrentVersion.targets(2451,5): warning MSB3277:             CalculationManager.WPF [C:\Users\ultra\warewolf\Dev\Warewolf.Studio.Themes.Luna\Warewolf.Studio.Themes.Luna.csproj]
C:\Program Files\dotnet\sdk\10.0.201\Microsoft.Common.CurrentVersion.targets(2451,5): warning MSB3277:             InfragisticsWPF4.Controls.Editors.XamComboEditor.v15.1, Version=15.1.20151.2055, Culture=neutral, PublicKeyToken=7dd5c3163f2cd0cb, processorArchitecture=MSIL [C:\Users\ultra\warewolf\Dev\Warewolf.Studio.Themes.Luna\Warewolf.Studio.Themes.Luna.csproj]
C:\Program Files\dotnet\sdk\10.0.201\Microsoft.Common.CurrentVersion.targets(2451,5): warning MSB3277:             InfragisticsWPF4.Controls.Editors.XamRichTextEditor.v15.1, Version=15.1.20151.2055, Culture=neutral, PublicKeyToken=7dd5c3163f2cd0cb, processorArchitecture=MSIL [C:\Users\ultra\warewolf\Dev\Warewolf.Studio.Themes.Luna\Warewolf.Studio.Themes.Luna.csproj]
C:\Program Files\dotnet\sdk\10.0.201\Microsoft.Common.CurrentVersion.targets(2451,5): warning MSB3277:             InfragisticsWPF4.Controls.Editors.XamSyntaxEditor.v15.1, Version=15.1.20151.2055, Culture=neutral, PublicKeyToken=7dd5c3163f2cd0cb, processorArchitecture=MSIL [C:\Users\ultra\warewolf\Dev\Warewolf.Studio.Themes.Luna\Warewolf.Studio.Themes.Luna.csproj]
C:\Program Files\dotnet\sdk\10.0.201\Microsoft.Common.CurrentVersion.targets(2451,5): warning MSB3277:             InfragisticsWPF4.Controls.Grids.DateTimeColumn.v15.1, Version=15.1.20151.2055, Culture=neutral, PublicKeyToken=7dd5c3163f2cd0cb, processorArchitecture=MSIL [C:\Users\ultra\warewolf\Dev\Warewolf.Studio.Themes.Luna\Warewolf.Studio.Themes.Luna.csproj]
C:\Program Files\dotnet\sdk\10.0.201\Microsoft.Common.CurrentVersion.targets(2451,5): warning MSB3277:             InfragisticsWPF4.Controls.Grids.MultiColumnComboColumn.v15.1, Version=15.1.20151.2055, Culture=neutral, PublicKeyToken=7dd5c3163f2cd0cb, processorArchitecture=MSIL [C:\Users\ultra\warewolf\Dev\Warewolf.Studio.Themes.Luna\Warewolf.Studio.Themes.Luna.csproj]
C:\Program Files\dotnet\sdk\10.0.201\Microsoft.Common.CurrentVersion.targets(2451,5): warning MSB3277:             InfragisticsWPF4.Controls.Grids.XamGrid.v15.1, Version=15.1.20151.2055, Culture=neutral, PublicKeyToken=7dd5c3163f2cd0cb, processorArchitecture=MSIL [C:\Users\ultra\warewolf\Dev\Warewolf.Studio.Themes.Luna\Warewolf.Studio.Themes.Luna.csproj]
C:\Program Files\dotnet\sdk\10.0.201\Microsoft.Common.CurrentVersion.targets(2451,5): warning MSB3277:             InfragisticsWPF4.Controls.Interactions.XamDialogWindow.v15.1, Version=15.1.20151.2055, Culture=neutral, PublicKeyToken=7dd5c3163f2cd0cb, processorArchitecture=MSIL [C:\Users\ultra\warewolf\Dev\Warewolf.Studio.Themes.Luna\Warewolf.Studio.Themes.Luna.csproj]
C:\Program Files\dotnet\sdk\10.0.201\Microsoft.Common.CurrentVersion.targets(2451,5): warning MSB3277:             InfragisticsWPF4.Controls.Interactions.XamSpellChecker.v15.1, Version=15.1.20151.2055, Culture=neutral, PublicKeyToken=7dd5c3163f2cd0cb, processorArchitecture=MSIL [C:\Users\ultra\warewolf\Dev\Warewolf.Studio.Themes.Luna\Warewolf.Studio.Themes.Luna.csproj]
C:\Program Files\dotnet\sdk\10.0.201\Microsoft.Common.CurrentVersion.targets(2451,5): warning MSB3277:             InfragisticsWPF4.Controls.Maps.XamNetworkNode.v15.1, Version=15.1.20151.2055, Culture=neutral, PublicKeyToken=7dd5c3163f2cd0cb, processorArchitecture=MSIL [C:\Users\ultra\warewolf\Dev\Warewolf.Studio.Themes.Luna\Warewolf.Studio.Themes.Luna.csproj]
C:\Program Files\dotnet\sdk\10.0.201\Microsoft.Common.CurrentVersion.targets(2451,5): warning MSB3277:             InfragisticsWPF4.Controls.Menus.XamDataTree.v15.1 [C:\Users\ultra\warewolf\Dev\Warewolf.Studio.Themes.Luna\Warewolf.Studio.Themes.Luna.csproj]
C:\Program Files\dotnet\sdk\10.0.201\Microsoft.Common.CurrentVersion.targets(2451,5): warning MSB3277:             InfragisticsWPF4.Controls.Menus.XamMenu.v15.1, Version=15.1.20151.2055, Culture=neutral, PublicKeyToken=7dd5c3163f2cd0cb, processorArchitecture=MSIL [C:\Users\ultra\warewolf\Dev\Warewolf.Studio.Themes.Luna\Warewolf.Studio.Themes.Luna.csproj]
C:\Program Files\dotnet\sdk\10.0.201\Microsoft.Common.CurrentVersion.targets(2451,5): warning MSB3277:             InfragisticsWPF4.DataManager.v15.1, Version=15.1.20151.2055, Culture=neutral, PublicKeyToken=7dd5c3163f2cd0cb, processorArchitecture=MSIL [C:\Users\ultra\warewolf\Dev\Warewolf.Studio.Themes.Luna\Warewolf.Studio.Themes.Luna.csproj]
C:\Program Files\dotnet\sdk\10.0.201\Microsoft.Common.CurrentVersion.targets(2451,5): warning MSB3277:             InfragisticsWPF4.DataPresenter.v15.1, Version=15.1.20151.2055, Culture=neutral, PublicKeyToken=7dd5c3163f2cd0cb, processorArchitecture=MSIL [C:\Users\ultra\warewolf\Dev\Warewolf.Studio.Themes.Luna\Warewolf.Studio.Themes.Luna.csproj]
C:\Program Files\dotnet\sdk\10.0.201\Microsoft.Common.CurrentVersion.targets(2451,5): warning MSB3277:             InfragisticsWPF4.DataVisualization.v15.1, Version=15.1.20151.2055, Culture=neutral, PublicKeyToken=7dd5c3163f2cd0cb, processorArchitecture=MSIL [C:\Users\ultra\warewolf\Dev\Warewolf.Studio.Themes.Luna\Warewolf.Studio.Themes.Luna.csproj]
C:\Program Files\dotnet\sdk\10.0.201\Microsoft.Common.CurrentVersion.targets(2451,5): warning MSB3277:             InfragisticsWPF4.DockManager.v15.1, Version=15.1.20151.2055, Culture=neutral, PublicKeyToken=7dd5c3163f2cd0cb, processorArchitecture=MSIL [C:\Users\ultra\warewolf\Dev\Warewolf.Studio.Themes.Luna\Warewolf.Studio.Themes.Luna.csproj]
C:\Program Files\dotnet\sdk\10.0.201\Microsoft.Common.CurrentVersion.targets(2451,5): warning MSB3277:             InfragisticsWPF4.Documents.RichTextDocument.Html.v15.1, Version=15.1.20151.2055, Culture=neutral, PublicKeyToken=7dd5c3163f2cd0cb, processorArchitecture=MSIL [C:\Users\ultra\warewolf\Dev\Warewolf.Studio.Themes.Luna\Warewolf.Studio.Themes.Luna.csproj]
C:\Program Files\dotnet\sdk\10.0.201\Microsoft.Common.CurrentVersion.targets(2451,5): warning MSB3277:             InfragisticsWPF4.Documents.RichTextDocument.v15.1, Version=15.1.20151.2055, Culture=neutral, PublicKeyToken=7dd5c3163f2cd0cb, processorArchitecture=MSIL [C:\Users\ultra\warewolf\Dev\Warewolf.Studio.Themes.Luna\Warewolf.Studio.Themes.Luna.csproj]
C:\Program Files\dotnet\sdk\10.0.201\Microsoft.Common.CurrentVersion.targets(2451,5): warning MSB3277:             InfragisticsWPF4.Editors.v15.1, Version=15.1.20151.2055, Culture=neutral, PublicKeyToken=7dd5c3163f2cd0cb, processorArchitecture=MSIL [C:\Users\ultra\warewolf\Dev\Warewolf.Studio.Themes.Luna\Warewolf.Studio.Themes.Luna.csproj]
C:\Program Files\dotnet\sdk\10.0.201\Microsoft.Common.CurrentVersion.targets(2451,5): warning MSB3277:         C:\Users\ultra\.nuget\packages\timespan2\2.4.2\lib\netcoreapp3.1\TimeSpan2.dll [C:\Users\ultra\warewolf\Dev\Warewolf.Studio.Themes.Luna\Warewolf.Studio.Themes.Luna.csproj]
C:\Program Files\dotnet\sdk\10.0.201\Microsoft.Common.CurrentVersion.targets(2451,5): warning MSB3277:           Project file item includes which caused reference "C:\Users\ultra\.nuget\packages\timespan2\2.4.2\lib\netcoreapp3.1\TimeSpan2.dll". [C:\Users\ultra\warewolf\Dev\Warewolf.Studio.Themes.Luna\Warewolf.Studio.Themes.Luna.csproj]
C:\Program Files\dotnet\sdk\10.0.201\Microsoft.Common.CurrentVersion.targets(2451,5): warning MSB3277:             C:\Users\ultra\.nuget\packages\timespan2\2.4.2\lib\netcoreapp3.1\TimeSpan2.dll [C:\Users\ultra\warewolf\Dev\Warewolf.Studio.Themes.Luna\Warewolf.Studio.Themes.Luna.csproj]
C:\Program Files\dotnet\sdk\10.0.201\Microsoft.Common.CurrentVersion.targets(2451,5): warning MSB3277:             C:\Users\ultra\.nuget\packages\taskschedulereditor\2.10.1\lib\net452\Microsoft.Win32.TaskSchedulerEditor.dll [C:\Users\ultra\warewolf\Dev\Warewolf.Studio.Themes.Luna\Warewolf.Studio.Themes.Luna.csproj]
C:\Program Files\dotnet\sdk\10.0.201\Microsoft.Common.CurrentVersion.targets(2451,5): warning MSB3277:         C:\Program Files\dotnet\packs\Microsoft.NETCore.App.Ref\8.0.25\ref\net8.0\System.dll [C:\Users\ultra\warewolf\Dev\Warewolf.Studio.Themes.Luna\Warewolf.Studio.Themes.Luna.csproj]
C:\Program Files\dotnet\sdk\10.0.201\Microsoft.Common.CurrentVersion.targets(2451,5): warning MSB3277:           Project file item includes which caused reference "C:\Program Files\dotnet\packs\Microsoft.NETCore.App.Ref\8.0.25\ref\net8.0\System.dll". [C:\Users\ultra\warewolf\Dev\Warewolf.Studio.Themes.Luna\Warewolf.Studio.Themes.Luna.csproj]
C:\Program Files\dotnet\sdk\10.0.201\Microsoft.Common.CurrentVersion.targets(2451,5): warning MSB3277:             C:\Program Files\dotnet\packs\Microsoft.NETCore.App.Ref\8.0.25\ref/net8.0/System.dll [C:\Users\ultra\warewolf\Dev\Warewolf.Studio.Themes.Luna\Warewolf.Studio.Themes.Luna.csproj]
C:\Program Files\dotnet\sdk\10.0.201\Microsoft.Common.CurrentVersion.targets(2451,5): warning MSB3277:             C:\Users\ultra\.nuget\packages\aerowizard\2.3.1\lib\net45\AeroWizard.dll [C:\Users\ultra\warewolf\Dev\Warewolf.Studio.Themes.Luna\Warewolf.Studio.Themes.Luna.csproj]
C:\Program Files\dotnet\sdk\10.0.201\Microsoft.Common.CurrentVersion.targets(2451,5): warning MSB3277:             C:\Users\ultra\.nuget\packages\groupcontrols\1.9.0\lib\net45\GroupControls.dll [C:\Users\ultra\warewolf\Dev\Warewolf.Studio.Themes.Luna\Warewolf.Studio.Themes.Luna.csproj]
C:\Program Files\dotnet\sdk\10.0.201\Microsoft.Common.CurrentVersion.targets(2451,5): warning MSB3277:             C:\Users\ultra\.nuget\packages\microsoft.xaml.behaviors.wpf\1.1.122\lib\net462\Microsoft.Xaml.Behaviors.dll [C:\Users\ultra\warewolf\Dev\Warewolf.Studio.Themes.Luna\Warewolf.Studio.Themes.Luna.csproj]
C:\Program Files\dotnet\sdk\10.0.201\Microsoft.Common.CurrentVersion.targets(2451,5): warning MSB3277:             C:\Users\ultra\.nuget\packages\caliburn.micro\4.0.212\lib\netcoreapp3.1\Caliburn.Micro.Platform.dll [C:\Users\ultra\warewolf\Dev\Warewolf.Studio.Themes.Luna\Warewolf.Studio.Themes.Luna.csproj]
C:\Program Files\dotnet\sdk\10.0.201\Microsoft.Common.CurrentVersion.targets(2451,5): warning MSB3277:             C:\Users\ultra\.nuget\packages\prism.wpf\9.0.537\lib\net462\Prism.Wpf.dll [C:\Users\ultra\warewolf\Dev\Warewolf.Studio.Themes.Luna\Warewolf.Studio.Themes.Luna.csproj]
C:\Program Files\dotnet\sdk\10.0.201\Microsoft.Common.CurrentVersion.targets(2451,5): warning MSB3277:             C:\Users\ultra\.nuget\packages\reactiveui.wpf\18.4.1\lib\net462\ReactiveUI.Wpf.dll [C:\Users\ultra\warewolf\Dev\Warewolf.Studio.Themes.Luna\Warewolf.Studio.Themes.Luna.csproj]
C:\Program Files\dotnet\sdk\10.0.201\Microsoft.Common.CurrentVersion.targets(2451,5): warning MSB3277:             C:\Users\ultra\.nuget\packages\taskschedulereditor\2.10.1\lib\net452\Microsoft.Win32.TaskSchedulerEditor.dll [C:\Users\ultra\warewolf\Dev\Warewolf.Studio.Themes.Luna\Warewolf.Studio.Themes.Luna.csproj]
C:\Program Files\dotnet\sdk\10.0.201\Microsoft.Common.CurrentVersion.targets(2451,5): warning MSB3277:             C:\Users\ultra\.nuget\packages\ttcue.netcore.sharepointonline.csom.16.1.8029.1200\16.1.8029.1200\lib\netcoreapp2.0\Microsoft.SharePoint.Client.Runtime.Windows.dll [C:\Users\ultra\warewolf\Dev\Warewolf.Studio.Themes.Luna\Warewolf.Studio.Themes.Luna.csproj]
C:\Program Files\dotnet\sdk\10.0.201\Microsoft.Common.CurrentVersion.targets(2451,5): warning MSB3277: Found conflicts between different versions of "System.Security.Permissions" that could not be resolved. [C:\Users\ultra\warewolf\Dev\Warewolf.Studio.Themes.Luna\Warewolf.Studio.Themes.Luna.csproj]
C:\Program Files\dotnet\sdk\10.0.201\Microsoft.Common.CurrentVersion.targets(2451,5): warning MSB3277: There was a conflict between "System.Security.Permissions, Version=6.0.0.0, Culture=neutral, PublicKeyToken=cc7b13ffcd2ddd51" and "System.Security.Permissions, Version=7.0.0.0, Culture=neutral, PublicKeyToken=cc7b13ffcd2ddd51". [C:\Users\ultra\warewolf\Dev\Warewolf.Studio.Themes.Luna\Warewolf.Studio.Themes.Luna.csproj]
C:\Program Files\dotnet\sdk\10.0.201\Microsoft.Common.CurrentVersion.targets(2451,5): warning MSB3277:     "System.Security.Permissions, Version=6.0.0.0, Culture=neutral, PublicKeyToken=cc7b13ffcd2ddd51" was chosen because it was primary and "System.Security.Permissions, Version=7.0.0.0, Culture=neutral, PublicKeyToken=cc7b13ffcd2ddd51" was not. [C:\Users\ultra\warewolf\Dev\Warewolf.Studio.Themes.Luna\Warewolf.Studio.Themes.Luna.csproj]
C:\Program Files\dotnet\sdk\10.0.201\Microsoft.Common.CurrentVersion.targets(2451,5): warning MSB3277:     References which depend on "System.Security.Permissions, Version=6.0.0.0, Culture=neutral, PublicKeyToken=cc7b13ffcd2ddd51" [C:\Users\ultra\.nuget\packages\system.security.permissions\6.0.0\lib\net6.0\System.Security.Permissions.dll]. [C:\Users\ultra\warewolf\Dev\Warewolf.Studio.Themes.Luna\Warewolf.Studio.Themes.Luna.csproj]
C:\Program Files\dotnet\sdk\10.0.201\Microsoft.Common.CurrentVersion.targets(2451,5): warning MSB3277:         C:\Users\ultra\.nuget\packages\system.security.permissions\6.0.0\lib\net6.0\System.Security.Permissions.dll [C:\Users\ultra\warewolf\Dev\Warewolf.Studio.Themes.Luna\Warewolf.Studio.Themes.Luna.csproj]
C:\Program Files\dotnet\sdk\10.0.201\Microsoft.Common.CurrentVersion.targets(2451,5): warning MSB3277:           Project file item includes which caused reference "C:\Users\ultra\.nuget\packages\system.security.permissions\6.0.0\lib\net6.0\System.Security.Permissions.dll". [C:\Users\ultra\warewolf\Dev\Warewolf.Studio.Themes.Luna\Warewolf.Studio.Themes.Luna.csproj]
C:\Program Files\dotnet\sdk\10.0.201\Microsoft.Common.CurrentVersion.targets(2451,5): warning MSB3277:             C:\Users\ultra\.nuget\packages\system.security.permissions\6.0.0\lib\net6.0\System.Security.Permissions.dll [C:\Users\ultra\warewolf\Dev\Warewolf.Studio.Themes.Luna\Warewolf.Studio.Themes.Luna.csproj]
C:\Program Files\dotnet\sdk\10.0.201\Microsoft.Common.CurrentVersion.targets(2451,5): warning MSB3277:     References which depend on or have been unified to "System.Security.Permissions, Version=7.0.0.0, Culture=neutral, PublicKeyToken=cc7b13ffcd2ddd51" []. [C:\Users\ultra\warewolf\Dev\Warewolf.Studio.Themes.Luna\Warewolf.Studio.Themes.Luna.csproj]
C:\Program Files\dotnet\sdk\10.0.201\Microsoft.Common.CurrentVersion.targets(2451,5): warning MSB3277:         C:\Users\ultra\warewolf\Dev\Warewolf.Studio.CustomControls\bin\Debug\net8.0\Warewolf.Studio.CustomControls.dll [C:\Users\ultra\warewolf\Dev\Warewolf.Studio.Themes.Luna\Warewolf.Studio.Themes.Luna.csproj]
C:\Program Files\dotnet\sdk\10.0.201\Microsoft.Common.CurrentVersion.targets(2451,5): warning MSB3277:           Project file item includes which caused reference "C:\Users\ultra\warewolf\Dev\Warewolf.Studio.CustomControls\bin\Debug\net8.0\Warewolf.Studio.CustomControls.dll". [C:\Users\ultra\warewolf\Dev\Warewolf.Studio.Themes.Luna\Warewolf.Studio.Themes.Luna.csproj]
C:\Program Files\dotnet\sdk\10.0.201\Microsoft.Common.CurrentVersion.targets(2451,5): warning MSB3277:             C:\Users\ultra\warewolf\Dev\Warewolf.Studio.CustomControls\bin\Debug\net8.0\Warewolf.Studio.CustomControls.dll [C:\Users\ultra\warewolf\Dev\Warewolf.Studio.Themes.Luna\Warewolf.Studio.Themes.Luna.csproj]
C:\Program Files\dotnet\sdk\10.0.201\Microsoft.Common.CurrentVersion.targets(2451,5): warning MSB3277:         C:\Users\ultra\warewolf\Dev\Dev2.Data\bin\Debug\net8.0\Dev2.Data.dll [C:\Users\ultra\warewolf\Dev\Warewolf.Studio.Themes.Luna\Warewolf.Studio.Themes.Luna.csproj]
C:\Program Files\dotnet\sdk\10.0.201\Microsoft.Common.CurrentVersion.targets(2451,5): warning MSB3277:           Project file item includes which caused reference "C:\Users\ultra\warewolf\Dev\Dev2.Data\bin\Debug\net8.0\Dev2.Data.dll". [C:\Users\ultra\warewolf\Dev\Warewolf.Studio.Themes.Luna\Warewolf.Studio.Themes.Luna.csproj]
C:\Program Files\dotnet\sdk\10.0.201\Microsoft.Common.CurrentVersion.targets(2451,5): warning MSB3277:             C:\Users\ultra\warewolf\Dev\Dev2.Data\bin\Debug\net8.0\Dev2.Data.dll [C:\Users\ultra\warewolf\Dev\Warewolf.Studio.Themes.Luna\Warewolf.Studio.Themes.Luna.csproj]
C:\Program Files\dotnet\sdk\10.0.201\Microsoft.Common.CurrentVersion.targets(2451,5): warning MSB3277:             C:\Users\ultra\warewolf\Dev\Dev2.Intellisense\bin\Debug\net8.0\Dev2.Intellisense.dll [C:\Users\ultra\warewolf\Dev\Warewolf.Studio.Themes.Luna\Warewolf.Studio.Themes.Luna.csproj]
C:\Program Files\dotnet\sdk\10.0.201\Microsoft.Common.CurrentVersion.targets(2451,5): warning MSB3277:             C:\Users\ultra\warewolf\Dev\Dev2.Studio.Core\bin\Debug\net8.0\Dev2.Studio.Core.dll [C:\Users\ultra\warewolf\Dev\Warewolf.Studio.Themes.Luna\Warewolf.Studio.Themes.Luna.csproj]
C:\Program Files\dotnet\sdk\10.0.201\Microsoft.Common.CurrentVersion.targets(2451,5): warning MSB3277:             C:\Users\ultra\warewolf\Dev\Dev2.Studio.Interfaces\bin\Debug\net8.0\Dev2.Studio.Interfaces.dll [C:\Users\ultra\warewolf\Dev\Warewolf.Studio.Themes.Luna\Warewolf.Studio.Themes.Luna.csproj]
C:\Program Files\dotnet\sdk\10.0.201\Microsoft.Common.CurrentVersion.targets(2451,5): warning MSB3277:             C:\Users\ultra\warewolf\Dev\Warewolf.Studio.Core\bin\Debug\net8.0\Warewolf.Studio.Core.dll [C:\Users\ultra\warewolf\Dev\Warewolf.Studio.Themes.Luna\Warewolf.Studio.Themes.Luna.csproj]
C:\Program Files\dotnet\sdk\10.0.201\Microsoft.Common.CurrentVersion.targets(2451,5): warning MSB3277:             C:\Users\ultra\warewolf\Dev\Warewolf.Studio.CustomControls\bin\Debug\net8.0\Warewolf.Studio.CustomControls.dll [C:\Users\ultra\warewolf\Dev\Warewolf.Studio.Themes.Luna\Warewolf.Studio.Themes.Luna.csproj]
C:\Program Files\dotnet\sdk\10.0.201\Microsoft.Common.CurrentVersion.targets(2451,5): warning MSB3277:             C:\Users\ultra\warewolf\Dev\Dev2.Activities\bin\Debug\net8.0\Dev2.Activities.dll [C:\Users\ultra\warewolf\Dev\Warewolf.Studio.Themes.Luna\Warewolf.Studio.Themes.Luna.csproj]
C:\Program Files\dotnet\sdk\10.0.201\Microsoft.Common.CurrentVersion.targets(2451,5): warning MSB3277:             C:\Users\ultra\warewolf\Dev\Dev2.Core\bin\Debug\net8.0\Dev2.Core.dll [C:\Users\ultra\warewolf\Dev\Warewolf.Studio.Themes.Luna\Warewolf.Studio.Themes.Luna.csproj]
C:\Program Files\dotnet\sdk\10.0.201\Microsoft.Common.CurrentVersion.targets(2451,5): warning MSB3277:             C:\Users\ultra\warewolf\Dev\Warewolf.UI\bin\Debug\net8.0\Warewolf.UI.dll [C:\Users\ultra\warewolf\Dev\Warewolf.Studio.Themes.Luna\Warewolf.Studio.Themes.Luna.csproj]
C:\Program Files\dotnet\sdk\10.0.201\Microsoft.Common.CurrentVersion.targets(2451,5): warning MSB3277:             C:\Users\ultra\warewolf\Dev\Dev2.Runtime.Services\bin\Debug\net8.0\Dev2.Runtime.Services.dll [C:\Users\ultra\warewolf\Dev\Warewolf.Studio.Themes.Luna\Warewolf.Studio.Themes.Luna.csproj]
C:\Program Files\dotnet\sdk\10.0.201\Microsoft.Common.CurrentVersion.targets(2451,5): warning MSB3277:             C:\Users\ultra\warewolf\Dev\Dev2.Scheduler\bin\Debug\net8.0\Dev2.Scheduler.dll [C:\Users\ultra\warewolf\Dev\Warewolf.Studio.Themes.Luna\Warewolf.Studio.Themes.Luna.csproj]
C:\Program Files\dotnet\sdk\10.0.201\Microsoft.Common.CurrentVersion.targets(2451,5): warning MSB3277:             C:\Users\ultra\warewolf\Dev\Dev2.Services.Execution\bin\Debug\net8.0\Dev2.Services.Execution.dll [C:\Users\ultra\warewolf\Dev\Warewolf.Studio.Themes.Luna\Warewolf.Studio.Themes.Luna.csproj]
C:\Program Files\dotnet\sdk\10.0.201\Microsoft.Common.CurrentVersion.targets(2451,5): warning MSB3277:             C:\Users\ultra\warewolf\Dev\Warewolf.Auditing\bin\Debug\net8.0\Warewolf.Auditing.dll [C:\Users\ultra\warewolf\Dev\Warewolf.Studio.Themes.Luna\Warewolf.Studio.Themes.Luna.csproj]
C:\Program Files\dotnet\sdk\10.0.201\Microsoft.Common.CurrentVersion.targets(2451,5): warning MSB3277:             C:\Users\ultra\warewolf\Dev\Warewolf.Common.NetStandard20\bin\Debug\net8.0\Warewolf.Common.NetStandard20.dll [C:\Users\ultra\warewolf\Dev\Warewolf.Studio.Themes.Luna\Warewolf.Studio.Themes.Luna.csproj]
C:\Program Files\dotnet\sdk\10.0.201\Microsoft.Common.CurrentVersion.targets(2451,5): warning MSB3277:             C:\Users\ultra\warewolf\Dev\Warewolf.Core\bin\Debug\net8.0\Warewolf.Core.dll [C:\Users\ultra\warewolf\Dev\Warewolf.Studio.Themes.Luna\Warewolf.Studio.Themes.Luna.csproj]
C:\Program Files\dotnet\sdk\10.0.201\Microsoft.Common.CurrentVersion.targets(2451,5): warning MSB3277:             C:\Users\ultra\warewolf\Dev\Warewolf.Driver.Persistence\bin\Debug\net8.0\Warewolf.Driver.Persistence.dll [C:\Users\ultra\warewolf\Dev\Warewolf.Studio.Themes.Luna\Warewolf.Studio.Themes.Luna.csproj]
C:\Program Files\dotnet\sdk\10.0.201\Microsoft.Common.CurrentVersion.targets(2451,5): warning MSB3277:             C:\Users\ultra\warewolf\Dev\Warewolf.Exchange.Email.Wrapper\bin\Debug\net8.0\Warewolf.Exchange.Email.Wrapper.dll [C:\Users\ultra\warewolf\Dev\Warewolf.Studio.Themes.Luna\Warewolf.Studio.Themes.Luna.csproj]
C:\Program Files\dotnet\sdk\10.0.201\Microsoft.Common.CurrentVersion.targets(2451,5): warning MSB3277:             C:\Users\ultra\warewolf\Dev\Warewolf.ResourceManagement\bin\Debug\net8.0\Warewolf.ResourceManagement.dll [C:\Users\ultra\warewolf\Dev\Warewolf.Studio.Themes.Luna\Warewolf.Studio.Themes.Luna.csproj]
C:\Program Files\dotnet\sdk\10.0.201\Microsoft.Common.CurrentVersion.targets(2451,5): warning MSB3277:         C:\Users\ultra\warewolf\Dev\Binaries\Infragistcs_Net6\InfragisticsWPF4.DataVisualization.v15.1.dll [C:\Users\ultra\warewolf\Dev\Warewolf.Studio.Themes.Luna\Warewolf.Studio.Themes.Luna.csproj]
C:\Program Files\dotnet\sdk\10.0.201\Microsoft.Common.CurrentVersion.targets(2451,5): warning MSB3277:           Project file item includes which caused reference "C:\Users\ultra\warewolf\Dev\Binaries\Infragistcs_Net6\InfragisticsWPF4.DataVisualization.v15.1.dll". [C:\Users\ultra\warewolf\Dev\Warewolf.Studio.Themes.Luna\Warewolf.Studio.Themes.Luna.csproj]
C:\Program Files\dotnet\sdk\10.0.201\Microsoft.Common.CurrentVersion.targets(2451,5): warning MSB3277:             InfragisticsWPF4.DataVisualization.v15.1, Version=15.1.20151.2055, Culture=neutral, PublicKeyToken=7dd5c3163f2cd0cb, processorArchitecture=MSIL [C:\Users\ultra\warewolf\Dev\Warewolf.Studio.Themes.Luna\Warewolf.Studio.Themes.Luna.csproj]
C:\Program Files\dotnet\sdk\10.0.201\Microsoft.Common.CurrentVersion.targets(2451,5): warning MSB3277:             InfragisticsWPF4.Controls.Maps.XamNetworkNode.v15.1, Version=15.1.20151.2055, Culture=neutral, PublicKeyToken=7dd5c3163f2cd0cb, processorArchitecture=MSIL [C:\Users\ultra\warewolf\Dev\Warewolf.Studio.Themes.Luna\Warewolf.Studio.Themes.Luna.csproj]
C:\Program Files\dotnet\sdk\10.0.201\Microsoft.Common.CurrentVersion.targets(2451,5): warning MSB3277:         C:\Users\ultra\warewolf\Dev\Binaries\Infragistcs_Net6\InfragisticsWPF4.DockManager.v15.1.dll [C:\Users\ultra\warewolf\Dev\Warewolf.Studio.Themes.Luna\Warewolf.Studio.Themes.Luna.csproj]
C:\Program Files\dotnet\sdk\10.0.201\Microsoft.Common.CurrentVersion.targets(2451,5): warning MSB3277:           Project file item includes which caused reference "C:\Users\ultra\warewolf\Dev\Binaries\Infragistcs_Net6\InfragisticsWPF4.DockManager.v15.1.dll". [C:\Users\ultra\warewolf\Dev\Warewolf.Studio.Themes.Luna\Warewolf.Studio.Themes.Luna.csproj]
C:\Program Files\dotnet\sdk\10.0.201\Microsoft.Common.CurrentVersion.targets(2451,5): warning MSB3277:             InfragisticsWPF4.DockManager.v15.1, Version=15.1.20151.2055, Culture=neutral, PublicKeyToken=7dd5c3163f2cd0cb, processorArchitecture=MSIL [C:\Users\ultra\warewolf\Dev\Warewolf.Studio.Themes.Luna\Warewolf.Studio.Themes.Luna.csproj]
C:\Program Files\dotnet\sdk\10.0.201\Microsoft.Common.CurrentVersion.targets(2451,5): warning MSB3277:         C:\Users\ultra\warewolf\Dev\Binaries\Infragistcs_Net6\InfragisticsWPF4.v15.1.dll [C:\Users\ultra\warewolf\Dev\Warewolf.Studio.Themes.Luna\Warewolf.Studio.Themes.Luna.csproj]
C:\Program Files\dotnet\sdk\10.0.201\Microsoft.Common.CurrentVersion.targets(2451,5): warning MSB3277:           Project file item includes which caused reference "C:\Users\ultra\warewolf\Dev\Binaries\Infragistcs_Net6\InfragisticsWPF4.v15.1.dll". [C:\Users\ultra\warewolf\Dev\Warewolf.Studio.Themes.Luna\Warewolf.Studio.Themes.Luna.csproj]
C:\Program Files\dotnet\sdk\10.0.201\Microsoft.Common.CurrentVersion.targets(2451,5): warning MSB3277:             InfragisticsWPF4.v15.1, Version=15.1.20151.2055, Culture=neutral, PublicKeyToken=7dd5c3163f2cd0cb, processorArchitecture=MSIL [C:\Users\ultra\warewolf\Dev\Warewolf.Studio.Themes.Luna\Warewolf.Studio.Themes.Luna.csproj]
C:\Program Files\dotnet\sdk\10.0.201\Microsoft.Common.CurrentVersion.targets(2451,5): warning MSB3277:             CalculationManager.WPF [C:\Users\ultra\warewolf\Dev\Warewolf.Studio.Themes.Luna\Warewolf.Studio.Themes.Luna.csproj]
C:\Program Files\dotnet\sdk\10.0.201\Microsoft.Common.CurrentVersion.targets(2451,5): warning MSB3277:             InfragisticsWPF4.Controls.Editors.XamComboEditor.v15.1, Version=15.1.20151.2055, Culture=neutral, PublicKeyToken=7dd5c3163f2cd0cb, processorArchitecture=MSIL [C:\Users\ultra\warewolf\Dev\Warewolf.Studio.Themes.Luna\Warewolf.Studio.Themes.Luna.csproj]
C:\Program Files\dotnet\sdk\10.0.201\Microsoft.Common.CurrentVersion.targets(2451,5): warning MSB3277:             InfragisticsWPF4.Controls.Editors.XamRichTextEditor.v15.1, Version=15.1.20151.2055, Culture=neutral, PublicKeyToken=7dd5c3163f2cd0cb, processorArchitecture=MSIL [C:\Users\ultra\warewolf\Dev\Warewolf.Studio.Themes.Luna\Warewolf.Studio.Themes.Luna.csproj]
C:\Program Files\dotnet\sdk\10.0.201\Microsoft.Common.CurrentVersion.targets(2451,5): warning MSB3277:             InfragisticsWPF4.Controls.Editors.XamSyntaxEditor.v15.1, Version=15.1.20151.2055, Culture=neutral, PublicKeyToken=7dd5c3163f2cd0cb, processorArchitecture=MSIL [C:\Users\ultra\warewolf\Dev\Warewolf.Studio.Themes.Luna\Warewolf.Studio.Themes.Luna.csproj]
C:\Program Files\dotnet\sdk\10.0.201\Microsoft.Common.CurrentVersion.targets(2451,5): warning MSB3277:             InfragisticsWPF4.Controls.Grids.DateTimeColumn.v15.1, Version=15.1.20151.2055, Culture=neutral, PublicKeyToken=7dd5c3163f2cd0cb, processorArchitecture=MSIL [C:\Users\ultra\warewolf\Dev\Warewolf.Studio.Themes.Luna\Warewolf.Studio.Themes.Luna.csproj]
C:\Program Files\dotnet\sdk\10.0.201\Microsoft.Common.CurrentVersion.targets(2451,5): warning MSB3277:             InfragisticsWPF4.Controls.Grids.MultiColumnComboColumn.v15.1, Version=15.1.20151.2055, Culture=neutral, PublicKeyToken=7dd5c3163f2cd0cb, processorArchitecture=MSIL [C:\Users\ultra\warewolf\Dev\Warewolf.Studio.Themes.Luna\Warewolf.Studio.Themes.Luna.csproj]
C:\Program Files\dotnet\sdk\10.0.201\Microsoft.Common.CurrentVersion.targets(2451,5): warning MSB3277:             InfragisticsWPF4.Controls.Grids.XamGrid.v15.1, Version=15.1.20151.2055, Culture=neutral, PublicKeyToken=7dd5c3163f2cd0cb, processorArchitecture=MSIL [C:\Users\ultra\warewolf\Dev\Warewolf.Studio.Themes.Luna\Warewolf.Studio.Themes.Luna.csproj]
C:\Program Files\dotnet\sdk\10.0.201\Microsoft.Common.CurrentVersion.targets(2451,5): warning MSB3277:             InfragisticsWPF4.Controls.Interactions.XamDialogWindow.v15.1, Version=15.1.20151.2055, Culture=neutral, PublicKeyToken=7dd5c3163f2cd0cb, processorArchitecture=MSIL [C:\Users\ultra\warewolf\Dev\Warewolf.Studio.Themes.Luna\Warewolf.Studio.Themes.Luna.csproj]
C:\Program Files\dotnet\sdk\10.0.201\Microsoft.Common.CurrentVersion.targets(2451,5): warning MSB3277:             InfragisticsWPF4.Controls.Interactions.XamSpellChecker.v15.1, Version=15.1.20151.2055, Culture=neutral, PublicKeyToken=7dd5c3163f2cd0cb, processorArchitecture=MSIL [C:\Users\ultra\warewolf\Dev\Warewolf.Studio.Themes.Luna\Warewolf.Studio.Themes.Luna.csproj]
C:\Program Files\dotnet\sdk\10.0.201\Microsoft.Common.CurrentVersion.targets(2451,5): warning MSB3277:             InfragisticsWPF4.Controls.Maps.XamNetworkNode.v15.1, Version=15.1.20151.2055, Culture=neutral, PublicKeyToken=7dd5c3163f2cd0cb, processorArchitecture=MSIL [C:\Users\ultra\warewolf\Dev\Warewolf.Studio.Themes.Luna\Warewolf.Studio.Themes.Luna.csproj]
C:\Program Files\dotnet\sdk\10.0.201\Microsoft.Common.CurrentVersion.targets(2451,5): warning MSB3277:             InfragisticsWPF4.Controls.Menus.XamDataTree.v15.1 [C:\Users\ultra\warewolf\Dev\Warewolf.Studio.Themes.Luna\Warewolf.Studio.Themes.Luna.csproj]
C:\Program Files\dotnet\sdk\10.0.201\Microsoft.Common.CurrentVersion.targets(2451,5): warning MSB3277:             InfragisticsWPF4.Controls.Menus.XamMenu.v15.1, Version=15.1.20151.2055, Culture=neutral, PublicKeyToken=7dd5c3163f2cd0cb, processorArchitecture=MSIL [C:\Users\ultra\warewolf\Dev\Warewolf.Studio.Themes.Luna\Warewolf.Studio.Themes.Luna.csproj]
C:\Program Files\dotnet\sdk\10.0.201\Microsoft.Common.CurrentVersion.targets(2451,5): warning MSB3277:             InfragisticsWPF4.DataManager.v15.1, Version=15.1.20151.2055, Culture=neutral, PublicKeyToken=7dd5c3163f2cd0cb, processorArchitecture=MSIL [C:\Users\ultra\warewolf\Dev\Warewolf.Studio.Themes.Luna\Warewolf.Studio.Themes.Luna.csproj]
C:\Program Files\dotnet\sdk\10.0.201\Microsoft.Common.CurrentVersion.targets(2451,5): warning MSB3277:             InfragisticsWPF4.DataPresenter.v15.1, Version=15.1.20151.2055, Culture=neutral, PublicKeyToken=7dd5c3163f2cd0cb, processorArchitecture=MSIL [C:\Users\ultra\warewolf\Dev\Warewolf.Studio.Themes.Luna\Warewolf.Studio.Themes.Luna.csproj]
C:\Program Files\dotnet\sdk\10.0.201\Microsoft.Common.CurrentVersion.targets(2451,5): warning MSB3277:             InfragisticsWPF4.DataVisualization.v15.1, Version=15.1.20151.2055, Culture=neutral, PublicKeyToken=7dd5c3163f2cd0cb, processorArchitecture=MSIL [C:\Users\ultra\warewolf\Dev\Warewolf.Studio.Themes.Luna\Warewolf.Studio.Themes.Luna.csproj]
C:\Program Files\dotnet\sdk\10.0.201\Microsoft.Common.CurrentVersion.targets(2451,5): warning MSB3277:             InfragisticsWPF4.DockManager.v15.1, Version=15.1.20151.2055, Culture=neutral, PublicKeyToken=7dd5c3163f2cd0cb, processorArchitecture=MSIL [C:\Users\ultra\warewolf\Dev\Warewolf.Studio.Themes.Luna\Warewolf.Studio.Themes.Luna.csproj]
C:\Program Files\dotnet\sdk\10.0.201\Microsoft.Common.CurrentVersion.targets(2451,5): warning MSB3277:             InfragisticsWPF4.Documents.RichTextDocument.Html.v15.1, Version=15.1.20151.2055, Culture=neutral, PublicKeyToken=7dd5c3163f2cd0cb, processorArchitecture=MSIL [C:\Users\ultra\warewolf\Dev\Warewolf.Studio.Themes.Luna\Warewolf.Studio.Themes.Luna.csproj]
C:\Program Files\dotnet\sdk\10.0.201\Microsoft.Common.CurrentVersion.targets(2451,5): warning MSB3277:             InfragisticsWPF4.Documents.RichTextDocument.v15.1, Version=15.1.20151.2055, Culture=neutral, PublicKeyToken=7dd5c3163f2cd0cb, processorArchitecture=MSIL [C:\Users\ultra\warewolf\Dev\Warewolf.Studio.Themes.Luna\Warewolf.Studio.Themes.Luna.csproj]
C:\Program Files\dotnet\sdk\10.0.201\Microsoft.Common.CurrentVersion.targets(2451,5): warning MSB3277:             InfragisticsWPF4.Editors.v15.1, Version=15.1.20151.2055, Culture=neutral, PublicKeyToken=7dd5c3163f2cd0cb, processorArchitecture=MSIL [C:\Users\ultra\warewolf\Dev\Warewolf.Studio.Themes.Luna\Warewolf.Studio.Themes.Luna.csproj]
C:\Program Files\dotnet\sdk\10.0.201\Microsoft.Common.CurrentVersion.targets(2451,5): warning MSB3277:         C:\Users\ultra\.nuget\packages\dotnetzip\1.16.0\lib\netstandard2.0\DotNetZip.dll [C:\Users\ultra\warewolf\Dev\Warewolf.Studio.Themes.Luna\Warewolf.Studio.Themes.Luna.csproj]
C:\Program Files\dotnet\sdk\10.0.201\Microsoft.Common.CurrentVersion.targets(2451,5): warning MSB3277:           Project file item includes which caused reference "C:\Users\ultra\.nuget\packages\dotnetzip\1.16.0\lib\netstandard2.0\DotNetZip.dll". [C:\Users\ultra\warewolf\Dev\Warewolf.Studio.Themes.Luna\Warewolf.Studio.Themes.Luna.csproj]
C:\Program Files\dotnet\sdk\10.0.201\Microsoft.Common.CurrentVersion.targets(2451,5): warning MSB3277:             C:\Users\ultra\.nuget\packages\dotnetzip\1.16.0\lib\netstandard2.0\DotNetZip.dll [C:\Users\ultra\warewolf\Dev\Warewolf.Studio.Themes.Luna\Warewolf.Studio.Themes.Luna.csproj]
C:\Program Files\dotnet\sdk\10.0.201\Microsoft.Common.CurrentVersion.targets(2451,5): warning MSB3277:             C:\Users\ultra\warewolf\Dev\Dev2.Common\bin\Debug\net8.0\Dev2.Common.dll [C:\Users\ultra\warewolf\Dev\Warewolf.Studio.Themes.Luna\Warewolf.Studio.Themes.Luna.csproj]
C:\Program Files\dotnet\sdk\10.0.201\Microsoft.Common.CurrentVersion.targets(2451,5): warning MSB3277:             C:\Users\ultra\warewolf\Dev\Dev2.Intellisense\bin\Debug\net8.0\Dev2.Intellisense.dll [C:\Users\ultra\warewolf\Dev\Warewolf.Studio.Themes.Luna\Warewolf.Studio.Themes.Luna.csproj]
C:\Program Files\dotnet\sdk\10.0.201\Microsoft.Common.CurrentVersion.targets(2451,5): warning MSB3277:             C:\Users\ultra\warewolf\Dev\Dev2.Studio.Core\bin\Debug\net8.0\Dev2.Studio.Core.dll [C:\Users\ultra\warewolf\Dev\Warewolf.Studio.Themes.Luna\Warewolf.Studio.Themes.Luna.csproj]
C:\Program Files\dotnet\sdk\10.0.201\Microsoft.Common.CurrentVersion.targets(2451,5): warning MSB3277:             C:\Users\ultra\warewolf\Dev\Dev2.Studio.Interfaces\bin\Debug\net8.0\Dev2.Studio.Interfaces.dll [C:\Users\ultra\warewolf\Dev\Warewolf.Studio.Themes.Luna\Warewolf.Studio.Themes.Luna.csproj]
C:\Program Files\dotnet\sdk\10.0.201\Microsoft.Common.CurrentVersion.targets(2451,5): warning MSB3277:             C:\Users\ultra\warewolf\Dev\Warewolf.Studio.Core\bin\Debug\net8.0\Warewolf.Studio.Core.dll [C:\Users\ultra\warewolf\Dev\Warewolf.Studio.Themes.Luna\Warewolf.Studio.Themes.Luna.csproj]
C:\Program Files\dotnet\sdk\10.0.201\Microsoft.Common.CurrentVersion.targets(2451,5): warning MSB3277:             C:\Users\ultra\warewolf\Dev\Warewolf.Studio.CustomControls\bin\Debug\net8.0\Warewolf.Studio.CustomControls.dll [C:\Users\ultra\warewolf\Dev\Warewolf.Studio.Themes.Luna\Warewolf.Studio.Themes.Luna.csproj]
C:\Program Files\dotnet\sdk\10.0.201\Microsoft.Common.CurrentVersion.targets(2451,5): warning MSB3277:             C:\Users\ultra\warewolf\Dev\Dev2.Activities\bin\Debug\net8.0\Dev2.Activities.dll [C:\Users\ultra\warewolf\Dev\Warewolf.Studio.Themes.Luna\Warewolf.Studio.Themes.Luna.csproj]
C:\Program Files\dotnet\sdk\10.0.201\Microsoft.Common.CurrentVersion.targets(2451,5): warning MSB3277:             C:\Users\ultra\warewolf\Dev\Dev2.Core\bin\Debug\net8.0\Dev2.Core.dll [C:\Users\ultra\warewolf\Dev\Warewolf.Studio.Themes.Luna\Warewolf.Studio.Themes.Luna.csproj]
C:\Program Files\dotnet\sdk\10.0.201\Microsoft.Common.CurrentVersion.targets(2451,5): warning MSB3277:             C:\Users\ultra\warewolf\Dev\Warewolf.UI\bin\Debug\net8.0\Warewolf.UI.dll [C:\Users\ultra\warewolf\Dev\Warewolf.Studio.Themes.Luna\Warewolf.Studio.Themes.Luna.csproj]
C:\Program Files\dotnet\sdk\10.0.201\Microsoft.Common.CurrentVersion.targets(2451,5): warning MSB3277:             C:\Users\ultra\warewolf\Dev\Dev2.Data\bin\Debug\net8.0\Dev2.Data.dll [C:\Users\ultra\warewolf\Dev\Warewolf.Studio.Themes.Luna\Warewolf.Studio.Themes.Luna.csproj]
C:\Program Files\dotnet\sdk\10.0.201\Microsoft.Common.CurrentVersion.targets(2451,5): warning MSB3277:             C:\Users\ultra\warewolf\Dev\Dev2.Data.Interfaces\bin\Debug\net8.0\Dev2.Data.Interfaces.dll [C:\Users\ultra\warewolf\Dev\Warewolf.Studio.Themes.Luna\Warewolf.Studio.Themes.Luna.csproj]
C:\Program Files\dotnet\sdk\10.0.201\Microsoft.Common.CurrentVersion.targets(2451,5): warning MSB3277:             C:\Users\ultra\warewolf\Dev\Dev2.Development.Languages\bin\Debug\net8.0\Dev2.Development.Languages.dll [C:\Users\ultra\warewolf\Dev\Warewolf.Studio.Themes.Luna\Warewolf.Studio.Themes.Luna.csproj]
C:\Program Files\dotnet\sdk\10.0.201\Microsoft.Common.CurrentVersion.targets(2451,5): warning MSB3277:             C:\Users\ultra\warewolf\Dev\Dev2.Diagnostics\bin\Debug\net8.0\Dev2.Diagnostics.dll [C:\Users\ultra\warewolf\Dev\Warewolf.Studio.Themes.Luna\Warewolf.Studio.Themes.Luna.csproj]
C:\Program Files\dotnet\sdk\10.0.201\Microsoft.Common.CurrentVersion.targets(2451,5): warning MSB3277:             C:\Users\ultra\warewolf\Dev\Dev2.Infrastructure\bin\Debug\net8.0\Dev2.Infrastructure.dll [C:\Users\ultra\warewolf\Dev\Warewolf.Studio.Themes.Luna\Warewolf.Studio.Themes.Luna.csproj]
C:\Program Files\dotnet\sdk\10.0.201\Microsoft.Common.CurrentVersion.targets(2451,5): warning MSB3277:             C:\Users\ultra\warewolf\Dev\Dev2.Runtime.Services\bin\Debug\net8.0\Dev2.Runtime.Services.dll [C:\Users\ultra\warewolf\Dev\Warewolf.Studio.Themes.Luna\Warewolf.Studio.Themes.Luna.csproj]
C:\Program Files\dotnet\sdk\10.0.201\Microsoft.Common.CurrentVersion.targets(2451,5): warning MSB3277:             C:\Users\ultra\warewolf\Dev\Dev2.Scheduler\bin\Debug\net8.0\Dev2.Scheduler.dll [C:\Users\ultra\warewolf\Dev\Warewolf.Studio.Themes.Luna\Warewolf.Studio.Themes.Luna.csproj]
C:\Program Files\dotnet\sdk\10.0.201\Microsoft.Common.CurrentVersion.targets(2451,5): warning MSB3277:             C:\Users\ultra\warewolf\Dev\Dev2.Services.Execution\bin\Debug\net8.0\Dev2.Services.Execution.dll [C:\Users\ultra\warewolf\Dev\Warewolf.Studio.Themes.Luna\Warewolf.Studio.Themes.Luna.csproj]
C:\Program Files\dotnet\sdk\10.0.201\Microsoft.Common.CurrentVersion.targets(2451,5): warning MSB3277:             C:\Users\ultra\warewolf\Dev\Dev2.Services.Sql\bin\Debug\net8.0\Dev2.Services.Sql.dll [C:\Users\ultra\warewolf\Dev\Warewolf.Studio.Themes.Luna\Warewolf.Studio.Themes.Luna.csproj]
C:\Program Files\dotnet\sdk\10.0.201\Microsoft.Common.CurrentVersion.targets(2451,5): warning MSB3277:             C:\Users\ultra\warewolf\Dev\Dev2.TaskScheduler.Wrappers\bin\Debug\net8.0\Dev2.TaskScheduler.Wrappers.dll [C:\Users\ultra\warewolf\Dev\Warewolf.Studio.Themes.Luna\Warewolf.Studio.Themes.Luna.csproj]
C:\Program Files\dotnet\sdk\10.0.201\Microsoft.Common.CurrentVersion.targets(2451,5): warning MSB3277:             C:\Users\ultra\warewolf\Dev\Dev2.Util\bin\Debug\net8.0\Dev2.Util.dll [C:\Users\ultra\warewolf\Dev\Warewolf.Studio.Themes.Luna\Warewolf.Studio.Themes.Luna.csproj]
C:\Program Files\dotnet\sdk\10.0.201\Microsoft.Common.CurrentVersion.targets(2451,5): warning MSB3277:             C:\Users\ultra\warewolf\Dev\Warewolf.AI.Harness\bin\Debug\net8.0\Warewolf.AI.Harness.dll [C:\Users\ultra\warewolf\Dev\Warewolf.Studio.Themes.Luna\Warewolf.Studio.Themes.Luna.csproj]
C:\Program Files\dotnet\sdk\10.0.201\Microsoft.Common.CurrentVersion.targets(2451,5): warning MSB3277:             C:\Users\ultra\warewolf\Dev\Warewolf.Auditing\bin\Debug\net8.0\Warewolf.Auditing.dll [C:\Users\ultra\warewolf\Dev\Warewolf.Studio.Themes.Luna\Warewolf.Studio.Themes.Luna.csproj]
C:\Program Files\dotnet\sdk\10.0.201\Microsoft.Common.CurrentVersion.targets(2451,5): warning MSB3277:             C:\Users\ultra\warewolf\Dev\Warewolf.Common.NetStandard20\bin\Debug\net8.0\Warewolf.Common.NetStandard20.dll [C:\Users\ultra\warewolf\Dev\Warewolf.Studio.Themes.Luna\Warewolf.Studio.Themes.Luna.csproj]
C:\Program Files\dotnet\sdk\10.0.201\Microsoft.Common.CurrentVersion.targets(2451,5): warning MSB3277:             C:\Users\ultra\warewolf\Dev\Warewolf.Core\bin\Debug\net8.0\Warewolf.Core.dll [C:\Users\ultra\warewolf\Dev\Warewolf.Studio.Themes.Luna\Warewolf.Studio.Themes.Luna.csproj]
C:\Program Files\dotnet\sdk\10.0.201\Microsoft.Common.CurrentVersion.targets(2451,5): warning MSB3277:             C:\Users\ultra\warewolf\Dev\Warewolf.Driver.Persistence\bin\Debug\net8.0\Warewolf.Driver.Persistence.dll [C:\Users\ultra\warewolf\Dev\Warewolf.Studio.Themes.Luna\Warewolf.Studio.Themes.Luna.csproj]
C:\Program Files\dotnet\sdk\10.0.201\Microsoft.Common.CurrentVersion.targets(2451,5): warning MSB3277:             C:\Users\ultra\warewolf\Dev\Warewolf.Driver.Serilog\bin\Debug\net8.0\Warewolf.Driver.Serilog.dll [C:\Users\ultra\warewolf\Dev\Warewolf.Studio.Themes.Luna\Warewolf.Studio.Themes.Luna.csproj]
C:\Program Files\dotnet\sdk\10.0.201\Microsoft.Common.CurrentVersion.targets(2451,5): warning MSB3277:             C:\Users\ultra\warewolf\Dev\Warewolf.Exchange.Email.Wrapper\bin\Debug\net8.0\Warewolf.Exchange.Email.Wrapper.dll [C:\Users\ultra\warewolf\Dev\Warewolf.Studio.Themes.Luna\Warewolf.Studio.Themes.Luna.csproj]
C:\Program Files\dotnet\sdk\10.0.201\Microsoft.Common.CurrentVersion.targets(2451,5): warning MSB3277:             C:\Users\ultra\warewolf\Dev\Warewolf.ResourceManagement\bin\Debug\net8.0\Warewolf.ResourceManagement.dll [C:\Users\ultra\warewolf\Dev\Warewolf.Studio.Themes.Luna\Warewolf.Studio.Themes.Luna.csproj]
C:\Program Files\dotnet\sdk\10.0.201\Microsoft.Common.CurrentVersion.targets(2451,5): warning MSB3277:             C:\Users\ultra\warewolf\Dev\Warewolf.Sharepoint\bin\Debug\net8.0\Warewolf.Sharepoint.dll [C:\Users\ultra\warewolf\Dev\Warewolf.Studio.Themes.Luna\Warewolf.Studio.Themes.Luna.csproj]
C:\Program Files\dotnet\sdk\10.0.201\Microsoft.Common.CurrentVersion.targets(2451,5): warning MSB3277:             C:\Users\ultra\warewolf\Dev\Warewolf.Storage\bin\Debug\net8.0\Warewolf.Storage.dll [C:\Users\ultra\warewolf\Dev\Warewolf.Studio.Themes.Luna\Warewolf.Studio.Themes.Luna.csproj]
C:\Program Files\dotnet\sdk\10.0.201\Microsoft.Common.CurrentVersion.targets(2451,5): warning MSB3277:         C:\Users\ultra\.nuget\packages\mindbox.data.linq\5.0.0\lib\netstandard2.0\Mindbox.Data.Linq.dll [C:\Users\ultra\warewolf\Dev\Warewolf.Studio.Themes.Luna\Warewolf.Studio.Themes.Luna.csproj]
C:\Program Files\dotnet\sdk\10.0.201\Microsoft.Common.CurrentVersion.targets(2451,5): warning MSB3277:           Project file item includes which caused reference "C:\Users\ultra\.nuget\packages\mindbox.data.linq\5.0.0\lib\netstandard2.0\Mindbox.Data.Linq.dll". [C:\Users\ultra\warewolf\Dev\Warewolf.Studio.Themes.Luna\Warewolf.Studio.Themes.Luna.csproj]
C:\Program Files\dotnet\sdk\10.0.201\Microsoft.Common.CurrentVersion.targets(2451,5): warning MSB3277:             C:\Users\ultra\.nuget\packages\mindbox.data.linq\5.0.0\lib\netstandard2.0\Mindbox.Data.Linq.dll [C:\Users\ultra\warewolf\Dev\Warewolf.Studio.Themes.Luna\Warewolf.Studio.Themes.Luna.csproj]
C:\Program Files\dotnet\sdk\10.0.201\Microsoft.Common.CurrentVersion.targets(2451,5): warning MSB3277:             C:\Users\ultra\warewolf\Dev\Warewolf.Auditing\bin\Debug\net8.0\Warewolf.Auditing.dll [C:\Users\ultra\warewolf\Dev\Warewolf.Studio.Themes.Luna\Warewolf.Studio.Themes.Luna.csproj]
C:\Program Files\dotnet\sdk\10.0.201\Microsoft.Common.CurrentVersion.targets(2451,5): warning MSB3277:             C:\Users\ultra\warewolf\Dev\Dev2.Activities\bin\Debug\net8.0\Dev2.Activities.dll [C:\Users\ultra\warewolf\Dev\Warewolf.Studio.Themes.Luna\Warewolf.Studio.Themes.Luna.csproj]
C:\Program Files\dotnet\sdk\10.0.201\Microsoft.Common.CurrentVersion.targets(2451,5): warning MSB3277:             C:\Users\ultra\warewolf\Dev\Dev2.Studio.Core\bin\Debug\net8.0\Dev2.Studio.Core.dll [C:\Users\ultra\warewolf\Dev\Warewolf.Studio.Themes.Luna\Warewolf.Studio.Themes.Luna.csproj]
C:\Program Files\dotnet\sdk\10.0.201\Microsoft.Common.CurrentVersion.targets(2451,5): warning MSB3277:             C:\Users\ultra\warewolf\Dev\Dev2.Intellisense\bin\Debug\net8.0\Dev2.Intellisense.dll [C:\Users\ultra\warewolf\Dev\Warewolf.Studio.Themes.Luna\Warewolf.Studio.Themes.Luna.csproj]
C:\Program Files\dotnet\sdk\10.0.201\Microsoft.Common.CurrentVersion.targets(2451,5): warning MSB3277:             C:\Users\ultra\warewolf\Dev\Dev2.Runtime.Services\bin\Debug\net8.0\Dev2.Runtime.Services.dll [C:\Users\ultra\warewolf\Dev\Warewolf.Studio.Themes.Luna\Warewolf.Studio.Themes.Luna.csproj]
C:\Program Files\dotnet\sdk\10.0.201\Microsoft.Common.CurrentVersion.targets(2451,5): warning MSB3277:             C:\Users\ultra\warewolf\Dev\Dev2.Studio.Interfaces\bin\Debug\net8.0\Dev2.Studio.Interfaces.dll [C:\Users\ultra\warewolf\Dev\Warewolf.Studio.Themes.Luna\Warewolf.Studio.Themes.Luna.csproj]
C:\Program Files\dotnet\sdk\10.0.201\Microsoft.Common.CurrentVersion.targets(2451,5): warning MSB3277:             C:\Users\ultra\warewolf\Dev\Warewolf.Studio.Core\bin\Debug\net8.0\Warewolf.Studio.Core.dll [C:\Users\ultra\warewolf\Dev\Warewolf.Studio.Themes.Luna\Warewolf.Studio.Themes.Luna.csproj]
C:\Program Files\dotnet\sdk\10.0.201\Microsoft.Common.CurrentVersion.targets(2451,5): warning MSB3277:             C:\Users\ultra\warewolf\Dev\Warewolf.Studio.CustomControls\bin\Debug\net8.0\Warewolf.Studio.CustomControls.dll [C:\Users\ultra\warewolf\Dev\Warewolf.Studio.Themes.Luna\Warewolf.Studio.Themes.Luna.csproj]
C:\Program Files\dotnet\sdk\10.0.201\Microsoft.Common.CurrentVersion.targets(2451,5): warning MSB3277:             C:\Users\ultra\warewolf\Dev\Dev2.Services.Execution\bin\Debug\net8.0\Dev2.Services.Execution.dll [C:\Users\ultra\warewolf\Dev\Warewolf.Studio.Themes.Luna\Warewolf.Studio.Themes.Luna.csproj]
C:\Program Files\dotnet\sdk\10.0.201\Microsoft.Common.CurrentVersion.targets(2451,5): warning MSB3277:             C:\Users\ultra\warewolf\Dev\Warewolf.Common.NetStandard20\bin\Debug\net8.0\Warewolf.Common.NetStandard20.dll [C:\Users\ultra\warewolf\Dev\Warewolf.Studio.Themes.Luna\Warewolf.Studio.Themes.Luna.csproj]
C:\Program Files\dotnet\sdk\10.0.201\Microsoft.Common.CurrentVersion.targets(2451,5): warning MSB3277:             C:\Users\ultra\warewolf\Dev\Warewolf.Driver.Persistence\bin\Debug\net8.0\Warewolf.Driver.Persistence.dll [C:\Users\ultra\warewolf\Dev\Warewolf.Studio.Themes.Luna\Warewolf.Studio.Themes.Luna.csproj]
C:\Program Files\dotnet\sdk\10.0.201\Microsoft.Common.CurrentVersion.targets(2451,5): warning MSB3277:         C:\Users\ultra\.nuget\packages\mysql.data\8.4.0\lib\net8.0\MySql.Data.dll [C:\Users\ultra\warewolf\Dev\Warewolf.Studio.Themes.Luna\Warewolf.Studio.Themes.Luna.csproj]
C:\Program Files\dotnet\sdk\10.0.201\Microsoft.Common.CurrentVersion.targets(2451,5): warning MSB3277:           Project file item includes which caused reference "C:\Users\ultra\.nuget\packages\mysql.data\8.4.0\lib\net8.0\MySql.Data.dll". [C:\Users\ultra\warewolf\Dev\Warewolf.Studio.Themes.Luna\Warewolf.Studio.Themes.Luna.csproj]
C:\Program Files\dotnet\sdk\10.0.201\Microsoft.Common.CurrentVersion.targets(2451,5): warning MSB3277:             C:\Users\ultra\.nuget\packages\mysql.data\8.4.0\lib\net8.0\MySql.Data.dll [C:\Users\ultra\warewolf\Dev\Warewolf.Studio.Themes.Luna\Warewolf.Studio.Themes.Luna.csproj]
C:\Program Files\dotnet\sdk\10.0.201\Microsoft.Common.CurrentVersion.targets(2451,5): warning MSB3277:             C:\Users\ultra\warewolf\Dev\Dev2.Activities\bin\Debug\net8.0\Dev2.Activities.dll [C:\Users\ultra\warewolf\Dev\Warewolf.Studio.Themes.Luna\Warewolf.Studio.Themes.Luna.csproj]
C:\Program Files\dotnet\sdk\10.0.201\Microsoft.Common.CurrentVersion.targets(2451,5): warning MSB3277:             C:\Users\ultra\warewolf\Dev\Dev2.Studio.Core\bin\Debug\net8.0\Dev2.Studio.Core.dll [C:\Users\ultra\warewolf\Dev\Warewolf.Studio.Themes.Luna\Warewolf.Studio.Themes.Luna.csproj]
C:\Program Files\dotnet\sdk\10.0.201\Microsoft.Common.CurrentVersion.targets(2451,5): warning MSB3277:             C:\Users\ultra\warewolf\Dev\Dev2.Intellisense\bin\Debug\net8.0\Dev2.Intellisense.dll [C:\Users\ultra\warewolf\Dev\Warewolf.Studio.Themes.Luna\Warewolf.Studio.Themes.Luna.csproj]
C:\Program Files\dotnet\sdk\10.0.201\Microsoft.Common.CurrentVersion.targets(2451,5): warning MSB3277:             C:\Users\ultra\warewolf\Dev\Dev2.Runtime.Services\bin\Debug\net8.0\Dev2.Runtime.Services.dll [C:\Users\ultra\warewolf\Dev\Warewolf.Studio.Themes.Luna\Warewolf.Studio.Themes.Luna.csproj]
C:\Program Files\dotnet\sdk\10.0.201\Microsoft.Common.CurrentVersion.targets(2451,5): warning MSB3277:             C:\Users\ultra\warewolf\Dev\Dev2.Studio.Interfaces\bin\Debug\net8.0\Dev2.Studio.Interfaces.dll [C:\Users\ultra\warewolf\Dev\Warewolf.Studio.Themes.Luna\Warewolf.Studio.Themes.Luna.csproj]
C:\Program Files\dotnet\sdk\10.0.201\Microsoft.Common.CurrentVersion.targets(2451,5): warning MSB3277:             C:\Users\ultra\warewolf\Dev\Warewolf.Studio.Core\bin\Debug\net8.0\Warewolf.Studio.Core.dll [C:\Users\ultra\warewolf\Dev\Warewolf.Studio.Themes.Luna\Warewolf.Studio.Themes.Luna.csproj]
C:\Program Files\dotnet\sdk\10.0.201\Microsoft.Common.CurrentVersion.targets(2451,5): warning MSB3277:             C:\Users\ultra\warewolf\Dev\Warewolf.Studio.CustomControls\bin\Debug\net8.0\Warewolf.Studio.CustomControls.dll [C:\Users\ultra\warewolf\Dev\Warewolf.Studio.Themes.Luna\Warewolf.Studio.Themes.Luna.csproj]
C:\Program Files\dotnet\sdk\10.0.201\Microsoft.Common.CurrentVersion.targets(2451,5): warning MSB3277:             C:\Users\ultra\warewolf\Dev\Dev2.Services.Execution\bin\Debug\net8.0\Dev2.Services.Execution.dll [C:\Users\ultra\warewolf\Dev\Warewolf.Studio.Themes.Luna\Warewolf.Studio.Themes.Luna.csproj]
C:\Program Files\dotnet\sdk\10.0.201\Microsoft.Common.CurrentVersion.targets(2451,5): warning MSB3277:             C:\Users\ultra\warewolf\Dev\Dev2.Services.Sql\bin\Debug\net8.0\Dev2.Services.Sql.dll [C:\Users\ultra\warewolf\Dev\Warewolf.Studio.Themes.Luna\Warewolf.Studio.Themes.Luna.csproj]
C:\Program Files\dotnet\sdk\10.0.201\Microsoft.Common.CurrentVersion.targets(2451,5): warning MSB3277:             C:\Users\ultra\warewolf\Dev\Warewolf.Driver.Persistence\bin\Debug\net8.0\Warewolf.Driver.Persistence.dll [C:\Users\ultra\warewolf\Dev\Warewolf.Studio.Themes.Luna\Warewolf.Studio.Themes.Luna.csproj]
C:\Program Files\dotnet\sdk\10.0.201\Microsoft.Common.CurrentVersion.targets(2451,5): warning MSB3277:         C:\Users\ultra\.nuget\packages\oracle.manageddataaccess.core\3.21.70\lib\netstandard2.1\Oracle.ManagedDataAccess.dll [C:\Users\ultra\warewolf\Dev\Warewolf.Studio.Themes.Luna\Warewolf.Studio.Themes.Luna.csproj]
C:\Program Files\dotnet\sdk\10.0.201\Microsoft.Common.CurrentVersion.targets(2451,5): warning MSB3277:           Project file item includes which caused reference "C:\Users\ultra\.nuget\packages\oracle.manageddataaccess.core\3.21.70\lib\netstandard2.1\Oracle.ManagedDataAccess.dll". [C:\Users\ultra\warewolf\Dev\Warewolf.Studio.Themes.Luna\Warewolf.Studio.Themes.Luna.csproj]
C:\Program Files\dotnet\sdk\10.0.201\Microsoft.Common.CurrentVersion.targets(2451,5): warning MSB3277:             C:\Users\ultra\.nuget\packages\oracle.manageddataaccess.core\3.21.70\lib\netstandard2.1\Oracle.ManagedDataAccess.dll [C:\Users\ultra\warewolf\Dev\Warewolf.Studio.Themes.Luna\Warewolf.Studio.Themes.Luna.csproj]
C:\Program Files\dotnet\sdk\10.0.201\Microsoft.Common.CurrentVersion.targets(2451,5): warning MSB3277:             C:\Users\ultra\warewolf\Dev\Dev2.Runtime.Services\bin\Debug\net8.0\Dev2.Runtime.Services.dll [C:\Users\ultra\warewolf\Dev\Warewolf.Studio.Themes.Luna\Warewolf.Studio.Themes.Luna.csproj]
C:\Program Files\dotnet\sdk\10.0.201\Microsoft.Common.CurrentVersion.targets(2451,5): warning MSB3277:             C:\Users\ultra\warewolf\Dev\Dev2.Studio.Core\bin\Debug\net8.0\Dev2.Studio.Core.dll [C:\Users\ultra\warewolf\Dev\Warewolf.Studio.Themes.Luna\Warewolf.Studio.Themes.Luna.csproj]
C:\Program Files\dotnet\sdk\10.0.201\Microsoft.Common.CurrentVersion.targets(2451,5): warning MSB3277:             C:\Users\ultra\warewolf\Dev\Dev2.Intellisense\bin\Debug\net8.0\Dev2.Intellisense.dll [C:\Users\ultra\warewolf\Dev\Warewolf.Studio.Themes.Luna\Warewolf.Studio.Themes.Luna.csproj]
C:\Program Files\dotnet\sdk\10.0.201\Microsoft.Common.CurrentVersion.targets(2451,5): warning MSB3277:             C:\Users\ultra\warewolf\Dev\Dev2.Studio.Interfaces\bin\Debug\net8.0\Dev2.Studio.Interfaces.dll [C:\Users\ultra\warewolf\Dev\Warewolf.Studio.Themes.Luna\Warewolf.Studio.Themes.Luna.csproj]
C:\Program Files\dotnet\sdk\10.0.201\Microsoft.Common.CurrentVersion.targets(2451,5): warning MSB3277:             C:\Users\ultra\warewolf\Dev\Warewolf.Studio.Core\bin\Debug\net8.0\Warewolf.Studio.Core.dll [C:\Users\ultra\warewolf\Dev\Warewolf.Studio.Themes.Luna\Warewolf.Studio.Themes.Luna.csproj]
C:\Program Files\dotnet\sdk\10.0.201\Microsoft.Common.CurrentVersion.targets(2451,5): warning MSB3277:             C:\Users\ultra\warewolf\Dev\Warewolf.Studio.CustomControls\bin\Debug\net8.0\Warewolf.Studio.CustomControls.dll [C:\Users\ultra\warewolf\Dev\Warewolf.Studio.Themes.Luna\Warewolf.Studio.Themes.Luna.csproj]
C:\Program Files\dotnet\sdk\10.0.201\Microsoft.Common.CurrentVersion.targets(2451,5): warning MSB3277:             C:\Users\ultra\warewolf\Dev\Dev2.Activities\bin\Debug\net8.0\Dev2.Activities.dll [C:\Users\ultra\warewolf\Dev\Warewolf.Studio.Themes.Luna\Warewolf.Studio.Themes.Luna.csproj]
C:\Program Files\dotnet\sdk\10.0.201\Microsoft.Common.CurrentVersion.targets(2451,5): warning MSB3277:             C:\Users\ultra\warewolf\Dev\Dev2.Services.Execution\bin\Debug\net8.0\Dev2.Services.Execution.dll [C:\Users\ultra\warewolf\Dev\Warewolf.Studio.Themes.Luna\Warewolf.Studio.Themes.Luna.csproj]
C:\Program Files\dotnet\sdk\10.0.201\Microsoft.Common.CurrentVersion.targets(2451,5): warning MSB3277:             C:\Users\ultra\warewolf\Dev\Dev2.Services.Sql\bin\Debug\net8.0\Dev2.Services.Sql.dll [C:\Users\ultra\warewolf\Dev\Warewolf.Studio.Themes.Luna\Warewolf.Studio.Themes.Luna.csproj]
C:\Program Files\dotnet\sdk\10.0.201\Microsoft.Common.CurrentVersion.targets(2451,5): warning MSB3277:             C:\Users\ultra\warewolf\Dev\Warewolf.Driver.Persistence\bin\Debug\net8.0\Warewolf.Driver.Persistence.dll [C:\Users\ultra\warewolf\Dev\Warewolf.Studio.Themes.Luna\Warewolf.Studio.Themes.Luna.csproj]
C:\Program Files\dotnet\sdk\10.0.201\Microsoft.Common.CurrentVersion.targets(2451,5): warning MSB3277:         C:\Users\ultra\.nuget\packages\system.directoryservices\6.0.0\lib\net6.0\System.DirectoryServices.dll [C:\Users\ultra\warewolf\Dev\Warewolf.Studio.Themes.Luna\Warewolf.Studio.Themes.Luna.csproj]
C:\Program Files\dotnet\sdk\10.0.201\Microsoft.Common.CurrentVersion.targets(2451,5): warning MSB3277:           Project file item includes which caused reference "C:\Users\ultra\.nuget\packages\system.directoryservices\6.0.0\lib\net6.0\System.DirectoryServices.dll". [C:\Users\ultra\warewolf\Dev\Warewolf.Studio.Themes.Luna\Warewolf.Studio.Themes.Luna.csproj]
C:\Program Files\dotnet\sdk\10.0.201\Microsoft.Common.CurrentVersion.targets(2451,5): warning MSB3277:             C:\Users\ultra\.nuget\packages\system.directoryservices\6.0.0\lib\net6.0\System.DirectoryServices.dll [C:\Users\ultra\warewolf\Dev\Warewolf.Studio.Themes.Luna\Warewolf.Studio.Themes.Luna.csproj]
C:\Program Files\dotnet\sdk\10.0.201\Microsoft.Common.CurrentVersion.targets(2451,5): warning MSB3277:             C:\Users\ultra\.nuget\packages\corewcf.primitives\1.2.1\lib\netstandard2.0\CoreWCF.Primitives.dll [C:\Users\ultra\warewolf\Dev\Warewolf.Studio.Themes.Luna\Warewolf.Studio.Themes.Luna.csproj]
C:\Program Files\dotnet\sdk\10.0.201\Microsoft.Common.CurrentVersion.targets(2451,5): warning MSB3277:             C:\Users\ultra\warewolf\Dev\Dev2.Runtime.Services\bin\Debug\net8.0\Dev2.Runtime.Services.dll [C:\Users\ultra\warewolf\Dev\Warewolf.Studio.Themes.Luna\Warewolf.Studio.Themes.Luna.csproj]
C:\Program Files\dotnet\sdk\10.0.201\Microsoft.Common.CurrentVersion.targets(2451,5): warning MSB3277:             C:\Users\ultra\warewolf\Dev\Dev2.Studio.Core\bin\Debug\net8.0\Dev2.Studio.Core.dll [C:\Users\ultra\warewolf\Dev\Warewolf.Studio.Themes.Luna\Warewolf.Studio.Themes.Luna.csproj]
C:\Program Files\dotnet\sdk\10.0.201\Microsoft.Common.CurrentVersion.targets(2451,5): warning MSB3277:             C:\Users\ultra\warewolf\Dev\Dev2.Intellisense\bin\Debug\net8.0\Dev2.Intellisense.dll [C:\Users\ultra\warewolf\Dev\Warewolf.Studio.Themes.Luna\Warewolf.Studio.Themes.Luna.csproj]
C:\Program Files\dotnet\sdk\10.0.201\Microsoft.Common.CurrentVersion.targets(2451,5): warning MSB3277:             C:\Users\ultra\warewolf\Dev\Dev2.Studio.Interfaces\bin\Debug\net8.0\Dev2.Studio.Interfaces.dll [C:\Users\ultra\warewolf\Dev\Warewolf.Studio.Themes.Luna\Warewolf.Studio.Themes.Luna.csproj]
C:\Program Files\dotnet\sdk\10.0.201\Microsoft.Common.CurrentVersion.targets(2451,5): warning MSB3277:             C:\Users\ultra\warewolf\Dev\Warewolf.Studio.Core\bin\Debug\net8.0\Warewolf.Studio.Core.dll [C:\Users\ultra\warewolf\Dev\Warewolf.Studio.Themes.Luna\Warewolf.Studio.Themes.Luna.csproj]
C:\Program Files\dotnet\sdk\10.0.201\Microsoft.Common.CurrentVersion.targets(2451,5): warning MSB3277:             C:\Users\ultra\warewolf\Dev\Warewolf.Studio.CustomControls\bin\Debug\net8.0\Warewolf.Studio.CustomControls.dll [C:\Users\ultra\warewolf\Dev\Warewolf.Studio.Themes.Luna\Warewolf.Studio.Themes.Luna.csproj]
C:\Program Files\dotnet\sdk\10.0.201\Microsoft.Common.CurrentVersion.targets(2451,5): warning MSB3277:             C:\Users\ultra\warewolf\Dev\Dev2.Activities\bin\Debug\net8.0\Dev2.Activities.dll [C:\Users\ultra\warewolf\Dev\Warewolf.Studio.Themes.Luna\Warewolf.Studio.Themes.Luna.csproj]
C:\Program Files\dotnet\sdk\10.0.201\Microsoft.Common.CurrentVersion.targets(2451,5): warning MSB3277:             C:\Users\ultra\warewolf\Dev\Dev2.Services.Execution\bin\Debug\net8.0\Dev2.Services.Execution.dll [C:\Users\ultra\warewolf\Dev\Warewolf.Studio.Themes.Luna\Warewolf.Studio.Themes.Luna.csproj]
C:\Program Files\dotnet\sdk\10.0.201\Microsoft.Common.CurrentVersion.targets(2451,5): warning MSB3277:             C:\Users\ultra\warewolf\Dev\Warewolf.Driver.Persistence\bin\Debug\net8.0\Warewolf.Driver.Persistence.dll [C:\Users\ultra\warewolf\Dev\Warewolf.Studio.Themes.Luna\Warewolf.Studio.Themes.Luna.csproj]
C:\Program Files\dotnet\sdk\10.0.201\Microsoft.Common.CurrentVersion.targets(2451,5): warning MSB3277:             C:\Users\ultra\.nuget\packages\corewcf.http\1.2.1\lib\netstandard2.0\CoreWCF.Http.dll [C:\Users\ultra\warewolf\Dev\Warewolf.Studio.Themes.Luna\Warewolf.Studio.Themes.Luna.csproj]
C:\Program Files\dotnet\sdk\10.0.201\Microsoft.Common.CurrentVersion.targets(2451,5): warning MSB3277:             C:\Users\ultra\.nuget\packages\corewcf.nettcp\1.2.1\lib\netstandard2.0\CoreWCF.NetTcp.dll [C:\Users\ultra\warewolf\Dev\Warewolf.Studio.Themes.Luna\Warewolf.Studio.Themes.Luna.csproj]
C:\Program Files\dotnet\sdk\10.0.201\Microsoft.Common.CurrentVersion.targets(2451,5): warning MSB3277:             C:\Users\ultra\.nuget\packages\corewcf.webhttp\1.2.1\lib\netstandard2.0\CoreWCF.WebHttp.dll [C:\Users\ultra\warewolf\Dev\Warewolf.Studio.Themes.Luna\Warewolf.Studio.Themes.Luna.csproj]
C:\Program Files\dotnet\sdk\10.0.201\Microsoft.Common.CurrentVersion.targets(2451,5): warning MSB3277:         C:\Program Files\dotnet\packs\Microsoft.NETCore.App.Ref\8.0.25\ref\net8.0\System.Configuration.dll [C:\Users\ultra\warewolf\Dev\Warewolf.Studio.Themes.Luna\Warewolf.Studio.Themes.Luna.csproj]
C:\Program Files\dotnet\sdk\10.0.201\Microsoft.Common.CurrentVersion.targets(2451,5): warning MSB3277:           Project file item includes which caused reference "C:\Program Files\dotnet\packs\Microsoft.NETCore.App.Ref\8.0.25\ref\net8.0\System.Configuration.dll". [C:\Users\ultra\warewolf\Dev\Warewolf.Studio.Themes.Luna\Warewolf.Studio.Themes.Luna.csproj]
C:\Program Files\dotnet\sdk\10.0.201\Microsoft.Common.CurrentVersion.targets(2451,5): warning MSB3277:             C:\Program Files\dotnet\packs\Microsoft.NETCore.App.Ref\8.0.25\ref/net8.0/System.Configuration.dll [C:\Users\ultra\warewolf\Dev\Warewolf.Studio.Themes.Luna\Warewolf.Studio.Themes.Luna.csproj]
C:\Program Files\dotnet\sdk\10.0.201\Microsoft.Common.CurrentVersion.targets(2451,5): warning MSB3277:             C:\Users\ultra\.nuget\packages\prism.wpf\9.0.537\lib\net462\Prism.Wpf.dll [C:\Users\ultra\warewolf\Dev\Warewolf.Studio.Themes.Luna\Warewolf.Studio.Themes.Luna.csproj]
C:\Program Files\dotnet\sdk\10.0.201\Microsoft.Common.CurrentVersion.targets(2451,5): warning MSB3277:         C:\Program Files\dotnet\packs\Microsoft.NETCore.App.Ref\8.0.25\ref\net8.0\System.Data.dll [C:\Users\ultra\warewolf\Dev\Warewolf.Studio.Themes.Luna\Warewolf.Studio.Themes.Luna.csproj]
C:\Program Files\dotnet\sdk\10.0.201\Microsoft.Common.CurrentVersion.targets(2451,5): warning MSB3277:           Project file item includes which caused reference "C:\Program Files\dotnet\packs\Microsoft.NETCore.App.Ref\8.0.25\ref\net8.0\System.Data.dll". [C:\Users\ultra\warewolf\Dev\Warewolf.Studio.Themes.Luna\Warewolf.Studio.Themes.Luna.csproj]
C:\Program Files\dotnet\sdk\10.0.201\Microsoft.Common.CurrentVersion.targets(2451,5): warning MSB3277:             C:\Program Files\dotnet\packs\Microsoft.NETCore.App.Ref\8.0.25\ref/net8.0/System.Data.dll [C:\Users\ultra\warewolf\Dev\Warewolf.Studio.Themes.Luna\Warewolf.Studio.Themes.Luna.csproj]
C:\Program Files\dotnet\sdk\10.0.201\Microsoft.Common.CurrentVersion.targets(2451,5): warning MSB3277:             C:\Users\ultra\.nuget\packages\taskschedulereditor\2.10.1\lib\net452\Microsoft.Win32.TaskSchedulerEditor.dll [C:\Users\ultra\warewolf\Dev\Warewolf.Studio.Themes.Luna\Warewolf.Studio.Themes.Luna.csproj]
C:\Program Files\dotnet\sdk\10.0.201\Microsoft.Common.CurrentVersion.targets(2451,5): warning MSB3277:         C:\Program Files\dotnet\packs\Microsoft.NETCore.App.Ref\8.0.25\ref\net8.0\System.Drawing.dll [C:\Users\ultra\warewolf\Dev\Warewolf.Studio.Themes.Luna\Warewolf.Studio.Themes.Luna.csproj]
C:\Program Files\dotnet\sdk\10.0.201\Microsoft.Common.CurrentVersion.targets(2451,5): warning MSB3277:           Project file item includes which caused reference "C:\Program Files\dotnet\packs\Microsoft.NETCore.App.Ref\8.0.25\ref\net8.0\System.Drawing.dll". [C:\Users\ultra\warewolf\Dev\Warewolf.Studio.Themes.Luna\Warewolf.Studio.Themes.Luna.csproj]
C:\Program Files\dotnet\sdk\10.0.201\Microsoft.Common.CurrentVersion.targets(2451,5): warning MSB3277:             C:\Program Files\dotnet\packs\Microsoft.NETCore.App.Ref\8.0.25\ref/net8.0/System.Drawing.dll [C:\Users\ultra\warewolf\Dev\Warewolf.Studio.Themes.Luna\Warewolf.Studio.Themes.Luna.csproj]
C:\Program Files\dotnet\sdk\10.0.201\Microsoft.Common.CurrentVersion.targets(2451,5): warning MSB3277:             C:\Users\ultra\.nuget\packages\aerowizard\2.3.1\lib\net45\AeroWizard.dll [C:\Users\ultra\warewolf\Dev\Warewolf.Studio.Themes.Luna\Warewolf.Studio.Themes.Luna.csproj]
C:\Program Files\dotnet\sdk\10.0.201\Microsoft.Common.CurrentVersion.targets(2451,5): warning MSB3277:             C:\Users\ultra\.nuget\packages\groupcontrols\1.9.0\lib\net45\GroupControls.dll [C:\Users\ultra\warewolf\Dev\Warewolf.Studio.Themes.Luna\Warewolf.Studio.Themes.Luna.csproj]
C:\Program Files\dotnet\sdk\10.0.201\Microsoft.Common.CurrentVersion.targets(2451,5): warning MSB3277:             C:\Users\ultra\.nuget\packages\taskschedulereditor\2.10.1\lib\net452\Microsoft.Win32.TaskSchedulerEditor.dll [C:\Users\ultra\warewolf\Dev\Warewolf.Studio.Themes.Luna\Warewolf.Studio.Themes.Luna.csproj]
C:\Program Files\dotnet\sdk\10.0.201\Microsoft.Common.CurrentVersion.targets(2451,5): warning MSB3277:         C:\Program Files\dotnet\packs\Microsoft.NETCore.App.Ref\8.0.25\ref\net8.0\System.Net.dll [C:\Users\ultra\warewolf\Dev\Warewolf.Studio.Themes.Luna\Warewolf.Studio.Themes.Luna.csproj]
C:\Program Files\dotnet\sdk\10.0.201\Microsoft.Common.CurrentVersion.targets(2451,5): warning MSB3277:           Project file item includes which caused reference "C:\Program Files\dotnet\packs\Microsoft.NETCore.App.Ref\8.0.25\ref\net8.0\System.Net.dll". [C:\Users\ultra\warewolf\Dev\Warewolf.Studio.Themes.Luna\Warewolf.Studio.Themes.Luna.csproj]
C:\Program Files\dotnet\sdk\10.0.201\Microsoft.Common.CurrentVersion.targets(2451,5): warning MSB3277:             C:\Program Files\dotnet\packs\Microsoft.NETCore.App.Ref\8.0.25\ref/net8.0/System.Net.dll [C:\Users\ultra\warewolf\Dev\Warewolf.Studio.Themes.Luna\Warewolf.Studio.Themes.Luna.csproj]
C:\Program Files\dotnet\sdk\10.0.201\Microsoft.Common.CurrentVersion.targets(2451,5): warning MSB3277:         C:\Program Files\dotnet\packs\Microsoft.NETCore.App.Ref\8.0.25\ref\net8.0\System.Security.dll [C:\Users\ultra\warewolf\Dev\Warewolf.Studio.Themes.Luna\Warewolf.Studio.Themes.Luna.csproj]
C:\Program Files\dotnet\sdk\10.0.201\Microsoft.Common.CurrentVersion.targets(2451,5): warning MSB3277:           Project file item includes which caused reference "C:\Program Files\dotnet\packs\Microsoft.NETCore.App.Ref\8.0.25\ref\net8.0\System.Security.dll". [C:\Users\ultra\warewolf\Dev\Warewolf.Studio.Themes.Luna\Warewolf.Studio.Themes.Luna.csproj]
C:\Program Files\dotnet\sdk\10.0.201\Microsoft.Common.CurrentVersion.targets(2451,5): warning MSB3277:             C:\Program Files\dotnet\packs\Microsoft.NETCore.App.Ref\8.0.25\ref/net8.0/System.Security.dll [C:\Users\ultra\warewolf\Dev\Warewolf.Studio.Themes.Luna\Warewolf.Studio.Themes.Luna.csproj]
C:\Program Files\dotnet\sdk\10.0.201\Microsoft.Common.CurrentVersion.targets(2451,5): warning MSB3277:         C:\Program Files\dotnet\packs\Microsoft.NETCore.App.Ref\8.0.25\ref\net8.0\System.ServiceProcess.dll [C:\Users\ultra\warewolf\Dev\Warewolf.Studio.Themes.Luna\Warewolf.Studio.Themes.Luna.csproj]
C:\Program Files\dotnet\sdk\10.0.201\Microsoft.Common.CurrentVersion.targets(2451,5): warning MSB3277:           Project file item includes which caused reference "C:\Program Files\dotnet\packs\Microsoft.NETCore.App.Ref\8.0.25\ref\net8.0\System.ServiceProcess.dll". [C:\Users\ultra\warewolf\Dev\Warewolf.Studio.Themes.Luna\Warewolf.Studio.Themes.Luna.csproj]
C:\Program Files\dotnet\sdk\10.0.201\Microsoft.Common.CurrentVersion.targets(2451,5): warning MSB3277:             C:\Program Files\dotnet\packs\Microsoft.NETCore.App.Ref\8.0.25\ref/net8.0/System.ServiceProcess.dll [C:\Users\ultra\warewolf\Dev\Warewolf.Studio.Themes.Luna\Warewolf.Studio.Themes.Luna.csproj]
C:\Program Files\dotnet\sdk\10.0.201\Microsoft.Common.CurrentVersion.targets(2451,5): warning MSB3277:         C:\Program Files\dotnet\packs\Microsoft.NETCore.App.Ref\8.0.25\ref\net8.0\System.Transactions.dll [C:\Users\ultra\warewolf\Dev\Warewolf.Studio.Themes.Luna\Warewolf.Studio.Themes.Luna.csproj]
C:\Program Files\dotnet\sdk\10.0.201\Microsoft.Common.CurrentVersion.targets(2451,5): warning MSB3277:           Project file item includes which caused reference "C:\Program Files\dotnet\packs\Microsoft.NETCore.App.Ref\8.0.25\ref\net8.0\System.Transactions.dll". [C:\Users\ultra\warewolf\Dev\Warewolf.Studio.Themes.Luna\Warewolf.Studio.Themes.Luna.csproj]
C:\Program Files\dotnet\sdk\10.0.201\Microsoft.Common.CurrentVersion.targets(2451,5): warning MSB3277:             C:\Program Files\dotnet\packs\Microsoft.NETCore.App.Ref\8.0.25\ref/net8.0/System.Transactions.dll [C:\Users\ultra\warewolf\Dev\Warewolf.Studio.Themes.Luna\Warewolf.Studio.Themes.Luna.csproj]
C:\Program Files\dotnet\sdk\10.0.201\Microsoft.Common.CurrentVersion.targets(2451,5): warning MSB3277:         C:\Program Files\dotnet\packs\Microsoft.NETCore.App.Ref\8.0.25\ref\net8.0\System.dll [C:\Users\ultra\warewolf\Dev\Warewolf.Studio.Themes.Luna\Warewolf.Studio.Themes.Luna.csproj]
C:\Program Files\dotnet\sdk\10.0.201\Microsoft.Common.CurrentVersion.targets(2451,5): warning MSB3277:           Project file item includes which caused reference "C:\Program Files\dotnet\packs\Microsoft.NETCore.App.Ref\8.0.25\ref\net8.0\System.dll". [C:\Users\ultra\warewolf\Dev\Warewolf.Studio.Themes.Luna\Warewolf.Studio.Themes.Luna.csproj]
C:\Program Files\dotnet\sdk\10.0.201\Microsoft.Common.CurrentVersion.targets(2451,5): warning MSB3277:             C:\Program Files\dotnet\packs\Microsoft.NETCore.App.Ref\8.0.25\ref/net8.0/System.dll [C:\Users\ultra\warewolf\Dev\Warewolf.Studio.Themes.Luna\Warewolf.Studio.Themes.Luna.csproj]
C:\Program Files\dotnet\sdk\10.0.201\Microsoft.Common.CurrentVersion.targets(2451,5): warning MSB3277:             C:\Users\ultra\.nuget\packages\aerowizard\2.3.1\lib\net45\AeroWizard.dll [C:\Users\ultra\warewolf\Dev\Warewolf.Studio.Themes.Luna\Warewolf.Studio.Themes.Luna.csproj]
C:\Program Files\dotnet\sdk\10.0.201\Microsoft.Common.CurrentVersion.targets(2451,5): warning MSB3277:             C:\Users\ultra\.nuget\packages\groupcontrols\1.9.0\lib\net45\GroupControls.dll [C:\Users\ultra\warewolf\Dev\Warewolf.Studio.Themes.Luna\Warewolf.Studio.Themes.Luna.csproj]
C:\Program Files\dotnet\sdk\10.0.201\Microsoft.Common.CurrentVersion.targets(2451,5): warning MSB3277:             C:\Users\ultra\.nuget\packages\microsoft.xaml.behaviors.wpf\1.1.122\lib\net462\Microsoft.Xaml.Behaviors.dll [C:\Users\ultra\warewolf\Dev\Warewolf.Studio.Themes.Luna\Warewolf.Studio.Themes.Luna.csproj]
C:\Program Files\dotnet\sdk\10.0.201\Microsoft.Common.CurrentVersion.targets(2451,5): warning MSB3277:             C:\Users\ultra\.nuget\packages\caliburn.micro\4.0.212\lib\netcoreapp3.1\Caliburn.Micro.Platform.dll [C:\Users\ultra\warewolf\Dev\Warewolf.Studio.Themes.Luna\Warewolf.Studio.Themes.Luna.csproj]
C:\Program Files\dotnet\sdk\10.0.201\Microsoft.Common.CurrentVersion.targets(2451,5): warning MSB3277:             C:\Users\ultra\.nuget\packages\prism.wpf\9.0.537\lib\net462\Prism.Wpf.dll [C:\Users\ultra\warewolf\Dev\Warewolf.Studio.Themes.Luna\Warewolf.Studio.Themes.Luna.csproj]
C:\Program Files\dotnet\sdk\10.0.201\Microsoft.Common.CurrentVersion.targets(2451,5): warning MSB3277:             C:\Users\ultra\.nuget\packages\reactiveui.wpf\18.4.1\lib\net462\ReactiveUI.Wpf.dll [C:\Users\ultra\warewolf\Dev\Warewolf.Studio.Themes.Luna\Warewolf.Studio.Themes.Luna.csproj]
C:\Program Files\dotnet\sdk\10.0.201\Microsoft.Common.CurrentVersion.targets(2451,5): warning MSB3277:             C:\Users\ultra\.nuget\packages\taskschedulereditor\2.10.1\lib\net452\Microsoft.Win32.TaskSchedulerEditor.dll [C:\Users\ultra\warewolf\Dev\Warewolf.Studio.Themes.Luna\Warewolf.Studio.Themes.Luna.csproj]
C:\Program Files\dotnet\sdk\10.0.201\Microsoft.Common.CurrentVersion.targets(2451,5): warning MSB3277:             C:\Users\ultra\.nuget\packages\ttcue.netcore.sharepointonline.csom.16.1.8029.1200\16.1.8029.1200\lib\netcoreapp2.0\Microsoft.SharePoint.Client.Runtime.Windows.dll [C:\Users\ultra\warewolf\Dev\Warewolf.Studio.Themes.Luna\Warewolf.Studio.Themes.Luna.csproj]
C:\Program Files\dotnet\sdk\10.0.201\Microsoft.Common.CurrentVersion.targets(2451,5): warning MSB3277:         C:\Program Files\dotnet\packs\Microsoft.NETCore.App.Ref\8.0.25\ref\net8.0\WindowsBase.dll [C:\Users\ultra\warewolf\Dev\Warewolf.Studio.Themes.Luna\Warewolf.Studio.Themes.Luna.csproj]
C:\Program Files\dotnet\sdk\10.0.201\Microsoft.Common.CurrentVersion.targets(2451,5): warning MSB3277:           Project file item includes which caused reference "C:\Program Files\dotnet\packs\Microsoft.NETCore.App.Ref\8.0.25\ref\net8.0\WindowsBase.dll". [C:\Users\ultra\warewolf\Dev\Warewolf.Studio.Themes.Luna\Warewolf.Studio.Themes.Luna.csproj]
C:\Program Files\dotnet\sdk\10.0.201\Microsoft.Common.CurrentVersion.targets(2451,5): warning MSB3277:             C:\Program Files\dotnet\packs\Microsoft.NETCore.App.Ref\8.0.25\ref/net8.0/WindowsBase.dll [C:\Users\ultra\warewolf\Dev\Warewolf.Studio.Themes.Luna\Warewolf.Studio.Themes.Luna.csproj]
C:\Program Files\dotnet\sdk\10.0.201\Microsoft.Common.CurrentVersion.targets(2451,5): warning MSB3277:         C:\Program Files\dotnet\packs\Microsoft.NETCore.App.Ref\8.0.25\ref\net8.0\mscorlib.dll [C:\Users\ultra\warewolf\Dev\Warewolf.Studio.Themes.Luna\Warewolf.Studio.Themes.Luna.csproj]
C:\Program Files\dotnet\sdk\10.0.201\Microsoft.Common.CurrentVersion.targets(2451,5): warning MSB3277:           Project file item includes which caused reference "C:\Program Files\dotnet\packs\Microsoft.NETCore.App.Ref\8.0.25\ref\net8.0\mscorlib.dll". [C:\Users\ultra\warewolf\Dev\Warewolf.Studio.Themes.Luna\Warewolf.Studio.Themes.Luna.csproj]
C:\Program Files\dotnet\sdk\10.0.201\Microsoft.Common.CurrentVersion.targets(2451,5): warning MSB3277:             C:\Program Files\dotnet\packs\Microsoft.NETCore.App.Ref\8.0.25\ref/net8.0/mscorlib.dll [C:\Users\ultra\warewolf\Dev\Warewolf.Studio.Themes.Luna\Warewolf.Studio.Themes.Luna.csproj]
C:\Program Files\dotnet\sdk\10.0.201\Microsoft.Common.CurrentVersion.targets(2451,5): warning MSB3277:             C:\Users\ultra\.nuget\packages\aerowizard\2.3.1\lib\net45\AeroWizard.dll [C:\Users\ultra\warewolf\Dev\Warewolf.Studio.Themes.Luna\Warewolf.Studio.Themes.Luna.csproj]
C:\Program Files\dotnet\sdk\10.0.201\Microsoft.Common.CurrentVersion.targets(2451,5): warning MSB3277:             C:\Users\ultra\.nuget\packages\groupcontrols\1.9.0\lib\net45\GroupControls.dll [C:\Users\ultra\warewolf\Dev\Warewolf.Studio.Themes.Luna\Warewolf.Studio.Themes.Luna.csproj]
C:\Program Files\dotnet\sdk\10.0.201\Microsoft.Common.CurrentVersion.targets(2451,5): warning MSB3277:             C:\Users\ultra\.nuget\packages\hangfire.core\1.7.32\lib\netstandard2.0\Hangfire.Core.dll [C:\Users\ultra\warewolf\Dev\Warewolf.Studio.Themes.Luna\Warewolf.Studio.Themes.Luna.csproj]
C:\Program Files\dotnet\sdk\10.0.201\Microsoft.Common.CurrentVersion.targets(2451,5): warning MSB3277:             C:\Users\ultra\warewolf\Dev\Dev2.Activities\bin\Debug\net8.0\Dev2.Activities.dll [C:\Users\ultra\warewolf\Dev\Warewolf.Studio.Themes.Luna\Warewolf.Studio.Themes.Luna.csproj]
C:\Program Files\dotnet\sdk\10.0.201\Microsoft.Common.CurrentVersion.targets(2451,5): warning MSB3277:             C:\Users\ultra\warewolf\Dev\Dev2.Studio.Core\bin\Debug\net8.0\Dev2.Studio.Core.dll [C:\Users\ultra\warewolf\Dev\Warewolf.Studio.Themes.Luna\Warewolf.Studio.Themes.Luna.csproj]
C:\Program Files\dotnet\sdk\10.0.201\Microsoft.Common.CurrentVersion.targets(2451,5): warning MSB3277:             C:\Users\ultra\warewolf\Dev\Dev2.Intellisense\bin\Debug\net8.0\Dev2.Intellisense.dll [C:\Users\ultra\warewolf\Dev\Warewolf.Studio.Themes.Luna\Warewolf.Studio.Themes.Luna.csproj]
C:\Program Files\dotnet\sdk\10.0.201\Microsoft.Common.CurrentVersion.targets(2451,5): warning MSB3277:             C:\Users\ultra\warewolf\Dev\Warewolf.Driver.Persistence\bin\Debug\net8.0\Warewolf.Driver.Persistence.dll [C:\Users\ultra\warewolf\Dev\Warewolf.Studio.Themes.Luna\Warewolf.Studio.Themes.Luna.csproj]
C:\Program Files\dotnet\sdk\10.0.201\Microsoft.Common.CurrentVersion.targets(2451,5): warning MSB3277:             C:\Users\ultra\.nuget\packages\hangfire.sqlserver\1.7.32\lib\netstandard2.0\Hangfire.SqlServer.dll [C:\Users\ultra\warewolf\Dev\Warewolf.Studio.Themes.Luna\Warewolf.Studio.Themes.Luna.csproj]
C:\Program Files\dotnet\sdk\10.0.201\Microsoft.Common.CurrentVersion.targets(2451,5): warning MSB3277:             C:\Users\ultra\.nuget\packages\microsoft.xaml.behaviors.wpf\1.1.122\lib\net462\Microsoft.Xaml.Behaviors.dll [C:\Users\ultra\warewolf\Dev\Warewolf.Studio.Themes.Luna\Warewolf.Studio.Themes.Luna.csproj]
C:\Program Files\dotnet\sdk\10.0.201\Microsoft.Common.CurrentVersion.targets(2451,5): warning MSB3277:             C:\Users\ultra\.nuget\packages\caliburn.micro\4.0.212\lib\netcoreapp3.1\Caliburn.Micro.Platform.dll [C:\Users\ultra\warewolf\Dev\Warewolf.Studio.Themes.Luna\Warewolf.Studio.Themes.Luna.csproj]
C:\Program Files\dotnet\sdk\10.0.201\Microsoft.Common.CurrentVersion.targets(2451,5): warning MSB3277:             C:\Users\ultra\.nuget\packages\oracle.manageddataaccess.core\3.21.70\lib\netstandard2.1\Oracle.ManagedDataAccess.dll [C:\Users\ultra\warewolf\Dev\Warewolf.Studio.Themes.Luna\Warewolf.Studio.Themes.Luna.csproj]
C:\Program Files\dotnet\sdk\10.0.201\Microsoft.Common.CurrentVersion.targets(2451,5): warning MSB3277:             C:\Users\ultra\warewolf\Dev\Dev2.Runtime.Services\bin\Debug\net8.0\Dev2.Runtime.Services.dll [C:\Users\ultra\warewolf\Dev\Warewolf.Studio.Themes.Luna\Warewolf.Studio.Themes.Luna.csproj]
C:\Program Files\dotnet\sdk\10.0.201\Microsoft.Common.CurrentVersion.targets(2451,5): warning MSB3277:             C:\Users\ultra\warewolf\Dev\Dev2.Studio.Interfaces\bin\Debug\net8.0\Dev2.Studio.Interfaces.dll [C:\Users\ultra\warewolf\Dev\Warewolf.Studio.Themes.Luna\Warewolf.Studio.Themes.Luna.csproj]
C:\Program Files\dotnet\sdk\10.0.201\Microsoft.Common.CurrentVersion.targets(2451,5): warning MSB3277:             C:\Users\ultra\warewolf\Dev\Warewolf.Studio.Core\bin\Debug\net8.0\Warewolf.Studio.Core.dll [C:\Users\ultra\warewolf\Dev\Warewolf.Studio.Themes.Luna\Warewolf.Studio.Themes.Luna.csproj]
C:\Program Files\dotnet\sdk\10.0.201\Microsoft.Common.CurrentVersion.targets(2451,5): warning MSB3277:             C:\Users\ultra\warewolf\Dev\Warewolf.Studio.CustomControls\bin\Debug\net8.0\Warewolf.Studio.CustomControls.dll [C:\Users\ultra\warewolf\Dev\Warewolf.Studio.Themes.Luna\Warewolf.Studio.Themes.Luna.csproj]
C:\Program Files\dotnet\sdk\10.0.201\Microsoft.Common.CurrentVersion.targets(2451,5): warning MSB3277:             C:\Users\ultra\warewolf\Dev\Dev2.Services.Execution\bin\Debug\net8.0\Dev2.Services.Execution.dll [C:\Users\ultra\warewolf\Dev\Warewolf.Studio.Themes.Luna\Warewolf.Studio.Themes.Luna.csproj]
C:\Program Files\dotnet\sdk\10.0.201\Microsoft.Common.CurrentVersion.targets(2451,5): warning MSB3277:             C:\Users\ultra\warewolf\Dev\Dev2.Services.Sql\bin\Debug\net8.0\Dev2.Services.Sql.dll [C:\Users\ultra\warewolf\Dev\Warewolf.Studio.Themes.Luna\Warewolf.Studio.Themes.Luna.csproj]
C:\Program Files\dotnet\sdk\10.0.201\Microsoft.Common.CurrentVersion.targets(2451,5): warning MSB3277:             C:\Users\ultra\.nuget\packages\prism.wpf\9.0.537\lib\net462\Prism.Wpf.dll [C:\Users\ultra\warewolf\Dev\Warewolf.Studio.Themes.Luna\Warewolf.Studio.Themes.Luna.csproj]
C:\Program Files\dotnet\sdk\10.0.201\Microsoft.Common.CurrentVersion.targets(2451,5): warning MSB3277:             C:\Users\ultra\.nuget\packages\reactiveui.wpf\18.4.1\lib\net462\ReactiveUI.Wpf.dll [C:\Users\ultra\warewolf\Dev\Warewolf.Studio.Themes.Luna\Warewolf.Studio.Themes.Luna.csproj]
C:\Program Files\dotnet\sdk\10.0.201\Microsoft.Common.CurrentVersion.targets(2451,5): warning MSB3277:             C:\Users\ultra\.nuget\packages\taskschedulereditor\2.10.1\lib\net452\Microsoft.Win32.TaskSchedulerEditor.dll [C:\Users\ultra\warewolf\Dev\Warewolf.Studio.Themes.Luna\Warewolf.Studio.Themes.Luna.csproj]
C:\Program Files\dotnet\sdk\10.0.201\Microsoft.Common.CurrentVersion.targets(2451,5): warning MSB3277:             C:\Users\ultra\.nuget\packages\ttcue.netcore.sharepointonline.csom.16.1.8029.1200\16.1.8029.1200\lib\netcoreapp2.0\Microsoft.SharePoint.Client.Runtime.Windows.dll [C:\Users\ultra\warewolf\Dev\Warewolf.Studio.Themes.Luna\Warewolf.Studio.Themes.Luna.csproj]
C:\Program Files\dotnet\sdk\10.0.201\Microsoft.Common.CurrentVersion.targets(2451,5): warning MSB3277:         C:\Users\ultra\warewolf\Dev\Dev2.Development.Languages\bin\Debug\net8.0\IronRuby.dll [C:\Users\ultra\warewolf\Dev\Warewolf.Studio.Themes.Luna\Warewolf.Studio.Themes.Luna.csproj]
C:\Program Files\dotnet\sdk\10.0.201\Microsoft.Common.CurrentVersion.targets(2451,5): warning MSB3277:           Project file item includes which caused reference "C:\Users\ultra\warewolf\Dev\Dev2.Development.Languages\bin\Debug\net8.0\IronRuby.dll". [C:\Users\ultra\warewolf\Dev\Warewolf.Studio.Themes.Luna\Warewolf.Studio.Themes.Luna.csproj]
C:\Program Files\dotnet\sdk\10.0.201\Microsoft.Common.CurrentVersion.targets(2451,5): warning MSB3277:             C:\Users\ultra\warewolf\Dev\Dev2.Development.Languages\bin\Debug\net8.0\Dev2.Development.Languages.dll [C:\Users\ultra\warewolf\Dev\Warewolf.Studio.Themes.Luna\Warewolf.Studio.Themes.Luna.csproj]
C:\Program Files\dotnet\sdk\10.0.201\Microsoft.Common.CurrentVersion.targets(2451,5): warning MSB3277:             C:\Users\ultra\warewolf\Dev\Dev2.Activities\bin\Debug\net8.0\Dev2.Activities.dll [C:\Users\ultra\warewolf\Dev\Warewolf.Studio.Themes.Luna\Warewolf.Studio.Themes.Luna.csproj]
C:\Program Files\dotnet\sdk\10.0.201\Microsoft.Common.CurrentVersion.targets(2451,5): warning MSB3277:             C:\Users\ultra\warewolf\Dev\Dev2.Studio.Core\bin\Debug\net8.0\Dev2.Studio.Core.dll [C:\Users\ultra\warewolf\Dev\Warewolf.Studio.Themes.Luna\Warewolf.Studio.Themes.Luna.csproj]
C:\Program Files\dotnet\sdk\10.0.201\Microsoft.Common.CurrentVersion.targets(2451,5): warning MSB3277:             C:\Users\ultra\warewolf\Dev\Dev2.Intellisense\bin\Debug\net8.0\Dev2.Intellisense.dll [C:\Users\ultra\warewolf\Dev\Warewolf.Studio.Themes.Luna\Warewolf.Studio.Themes.Luna.csproj]
C:\Program Files\dotnet\sdk\10.0.201\Microsoft.Common.CurrentVersion.targets(2451,5): warning MSB3277:         C:\Users\ultra\warewolf\Dev\Dev2.Development.Languages\bin\Debug\net8.0\IronRuby.Libraries.dll [C:\Users\ultra\warewolf\Dev\Warewolf.Studio.Themes.Luna\Warewolf.Studio.Themes.Luna.csproj]
C:\Program Files\dotnet\sdk\10.0.201\Microsoft.Common.CurrentVersion.targets(2451,5): warning MSB3277:           Project file item includes which caused reference "C:\Users\ultra\warewolf\Dev\Dev2.Development.Languages\bin\Debug\net8.0\IronRuby.Libraries.dll". [C:\Users\ultra\warewolf\Dev\Warewolf.Studio.Themes.Luna\Warewolf.Studio.Themes.Luna.csproj]
C:\Program Files\dotnet\sdk\10.0.201\Microsoft.Common.CurrentVersion.targets(2451,5): warning MSB3277:             C:\Users\ultra\warewolf\Dev\Dev2.Development.Languages\bin\Debug\net8.0\Dev2.Development.Languages.dll [C:\Users\ultra\warewolf\Dev\Warewolf.Studio.Themes.Luna\Warewolf.Studio.Themes.Luna.csproj]
C:\Program Files\dotnet\sdk\10.0.201\Microsoft.Common.CurrentVersion.targets(2451,5): warning MSB3277:             C:\Users\ultra\warewolf\Dev\Dev2.Activities\bin\Debug\net8.0\Dev2.Activities.dll [C:\Users\ultra\warewolf\Dev\Warewolf.Studio.Themes.Luna\Warewolf.Studio.Themes.Luna.csproj]
C:\Program Files\dotnet\sdk\10.0.201\Microsoft.Common.CurrentVersion.targets(2451,5): warning MSB3277:             C:\Users\ultra\warewolf\Dev\Dev2.Studio.Core\bin\Debug\net8.0\Dev2.Studio.Core.dll [C:\Users\ultra\warewolf\Dev\Warewolf.Studio.Themes.Luna\Warewolf.Studio.Themes.Luna.csproj]
C:\Program Files\dotnet\sdk\10.0.201\Microsoft.Common.CurrentVersion.targets(2451,5): warning MSB3277:             C:\Users\ultra\warewolf\Dev\Dev2.Intellisense\bin\Debug\net8.0\Dev2.Intellisense.dll [C:\Users\ultra\warewolf\Dev\Warewolf.Studio.Themes.Luna\Warewolf.Studio.Themes.Luna.csproj]
C:\Program Files\dotnet\sdk\10.0.201\Microsoft.Common.CurrentVersion.targets(2451,5): warning MSB3277: Found conflicts between different versions of "WindowsBase" that could not be resolved. [C:\Users\ultra\warewolf\Dev\Warewolf.Studio.Themes.Luna\Warewolf.Studio.Themes.Luna.csproj]
C:\Program Files\dotnet\sdk\10.0.201\Microsoft.Common.CurrentVersion.targets(2451,5): warning MSB3277: There was a conflict between "WindowsBase, Version=4.0.0.0, Culture=neutral, PublicKeyToken=31bf3856ad364e35" and "WindowsBase, Version=6.0.2.0, Culture=neutral, PublicKeyToken=31bf3856ad364e35". [C:\Users\ultra\warewolf\Dev\Warewolf.Studio.Themes.Luna\Warewolf.Studio.Themes.Luna.csproj]
C:\Program Files\dotnet\sdk\10.0.201\Microsoft.Common.CurrentVersion.targets(2451,5): warning MSB3277:     "WindowsBase, Version=4.0.0.0, Culture=neutral, PublicKeyToken=31bf3856ad364e35" was chosen because it was primary and "WindowsBase, Version=6.0.2.0, Culture=neutral, PublicKeyToken=31bf3856ad364e35" was not. [C:\Users\ultra\warewolf\Dev\Warewolf.Studio.Themes.Luna\Warewolf.Studio.Themes.Luna.csproj]
C:\Program Files\dotnet\sdk\10.0.201\Microsoft.Common.CurrentVersion.targets(2451,5): warning MSB3277:     References which depend on "WindowsBase, Version=4.0.0.0, Culture=neutral, PublicKeyToken=31bf3856ad364e35" [C:\Program Files\dotnet\packs\Microsoft.NETCore.App.Ref\8.0.25\ref\net8.0\WindowsBase.dll]. [C:\Users\ultra\warewolf\Dev\Warewolf.Studio.Themes.Luna\Warewolf.Studio.Themes.Luna.csproj]
C:\Program Files\dotnet\sdk\10.0.201\Microsoft.Common.CurrentVersion.targets(2451,5): warning MSB3277:         C:\Program Files\dotnet\packs\Microsoft.NETCore.App.Ref\8.0.25\ref\net8.0\WindowsBase.dll [C:\Users\ultra\warewolf\Dev\Warewolf.Studio.Themes.Luna\Warewolf.Studio.Themes.Luna.csproj]
C:\Program Files\dotnet\sdk\10.0.201\Microsoft.Common.CurrentVersion.targets(2451,5): warning MSB3277:           Project file item includes which caused reference "C:\Program Files\dotnet\packs\Microsoft.NETCore.App.Ref\8.0.25\ref\net8.0\WindowsBase.dll". [C:\Users\ultra\warewolf\Dev\Warewolf.Studio.Themes.Luna\Warewolf.Studio.Themes.Luna.csproj]
C:\Program Files\dotnet\sdk\10.0.201\Microsoft.Common.CurrentVersion.targets(2451,5): warning MSB3277:             C:\Program Files\dotnet\packs\Microsoft.NETCore.App.Ref\8.0.25\ref/net8.0/WindowsBase.dll [C:\Users\ultra\warewolf\Dev\Warewolf.Studio.Themes.Luna\Warewolf.Studio.Themes.Luna.csproj]
C:\Program Files\dotnet\sdk\10.0.201\Microsoft.Common.CurrentVersion.targets(2451,5): warning MSB3277:     References which depend on or have been unified to "WindowsBase, Version=6.0.2.0, Culture=neutral, PublicKeyToken=31bf3856ad364e35" []. [C:\Users\ultra\warewolf\Dev\Warewolf.Studio.Themes.Luna\Warewolf.Studio.Themes.Luna.csproj]
C:\Program Files\dotnet\sdk\10.0.201\Microsoft.Common.CurrentVersion.targets(2451,5): warning MSB3277:         C:\Users\ultra\warewolf\Dev\Binaries\Infragistcs_Net6\Infragistics.Calculations.dll [C:\Users\ultra\warewolf\Dev\Warewolf.Studio.Themes.Luna\Warewolf.Studio.Themes.Luna.csproj]
C:\Program Files\dotnet\sdk\10.0.201\Microsoft.Common.CurrentVersion.targets(2451,5): warning MSB3277:           Project file item includes which caused reference "C:\Users\ultra\warewolf\Dev\Binaries\Infragistcs_Net6\Infragistics.Calculations.dll". [C:\Users\ultra\warewolf\Dev\Warewolf.Studio.Themes.Luna\Warewolf.Studio.Themes.Luna.csproj]
C:\Program Files\dotnet\sdk\10.0.201\Microsoft.Common.CurrentVersion.targets(2451,5): warning MSB3277:             CalculationManager.WPF [C:\Users\ultra\warewolf\Dev\Warewolf.Studio.Themes.Luna\Warewolf.Studio.Themes.Luna.csproj]
C:\Program Files\dotnet\sdk\10.0.201\Microsoft.Common.CurrentVersion.targets(2451,5): warning MSB3277:         C:\Users\ultra\warewolf\Dev\Binaries\Infragistcs_Net6\InfragisticsWPF4.Controls.Editors.XamComboEditor.v15.1.dll [C:\Users\ultra\warewolf\Dev\Warewolf.Studio.Themes.Luna\Warewolf.Studio.Themes.Luna.csproj]
C:\Program Files\dotnet\sdk\10.0.201\Microsoft.Common.CurrentVersion.targets(2451,5): warning MSB3277:           Project file item includes which caused reference "C:\Users\ultra\warewolf\Dev\Binaries\Infragistcs_Net6\InfragisticsWPF4.Controls.Editors.XamComboEditor.v15.1.dll". [C:\Users\ultra\warewolf\Dev\Warewolf.Studio.Themes.Luna\Warewolf.Studio.Themes.Luna.csproj]
C:\Program Files\dotnet\sdk\10.0.201\Microsoft.Common.CurrentVersion.targets(2451,5): warning MSB3277:             InfragisticsWPF4.Controls.Editors.XamComboEditor.v15.1, Version=15.1.20151.2055, Culture=neutral, PublicKeyToken=7dd5c3163f2cd0cb, processorArchitecture=MSIL [C:\Users\ultra\warewolf\Dev\Warewolf.Studio.Themes.Luna\Warewolf.Studio.Themes.Luna.csproj]
C:\Program Files\dotnet\sdk\10.0.201\Microsoft.Common.CurrentVersion.targets(2451,5): warning MSB3277:             InfragisticsWPF4.Controls.Grids.MultiColumnComboColumn.v15.1, Version=15.1.20151.2055, Culture=neutral, PublicKeyToken=7dd5c3163f2cd0cb, processorArchitecture=MSIL [C:\Users\ultra\warewolf\Dev\Warewolf.Studio.Themes.Luna\Warewolf.Studio.Themes.Luna.csproj]
C:\Program Files\dotnet\sdk\10.0.201\Microsoft.Common.CurrentVersion.targets(2451,5): warning MSB3277:         C:\Users\ultra\warewolf\Dev\Binaries\Infragistcs_Net6\InfragisticsWPF4.Controls.Editors.XamRichTextEditor.v15.1.dll [C:\Users\ultra\warewolf\Dev\Warewolf.Studio.Themes.Luna\Warewolf.Studio.Themes.Luna.csproj]
C:\Program Files\dotnet\sdk\10.0.201\Microsoft.Common.CurrentVersion.targets(2451,5): warning MSB3277:           Project file item includes which caused reference "C:\Users\ultra\warewolf\Dev\Binaries\Infragistcs_Net6\InfragisticsWPF4.Controls.Editors.XamRichTextEditor.v15.1.dll". [C:\Users\ultra\warewolf\Dev\Warewolf.Studio.Themes.Luna\Warewolf.Studio.Themes.Luna.csproj]
C:\Program Files\dotnet\sdk\10.0.201\Microsoft.Common.CurrentVersion.targets(2451,5): warning MSB3277:             InfragisticsWPF4.Controls.Editors.XamRichTextEditor.v15.1, Version=15.1.20151.2055, Culture=neutral, PublicKeyToken=7dd5c3163f2cd0cb, processorArchitecture=MSIL [C:\Users\ultra\warewolf\Dev\Warewolf.Studio.Themes.Luna\Warewolf.Studio.Themes.Luna.csproj]
C:\Program Files\dotnet\sdk\10.0.201\Microsoft.Common.CurrentVersion.targets(2451,5): warning MSB3277:         C:\Users\ultra\warewolf\Dev\Binaries\Infragistcs_Net6\InfragisticsWPF4.Controls.Editors.XamSyntaxEditor.v15.1.dll [C:\Users\ultra\warewolf\Dev\Warewolf.Studio.Themes.Luna\Warewolf.Studio.Themes.Luna.csproj]
C:\Program Files\dotnet\sdk\10.0.201\Microsoft.Common.CurrentVersion.targets(2451,5): warning MSB3277:           Project file item includes which caused reference "C:\Users\ultra\warewolf\Dev\Binaries\Infragistcs_Net6\InfragisticsWPF4.Controls.Editors.XamSyntaxEditor.v15.1.dll". [C:\Users\ultra\warewolf\Dev\Warewolf.Studio.Themes.Luna\Warewolf.Studio.Themes.Luna.csproj]
C:\Program Files\dotnet\sdk\10.0.201\Microsoft.Common.CurrentVersion.targets(2451,5): warning MSB3277:             InfragisticsWPF4.Controls.Editors.XamSyntaxEditor.v15.1, Version=15.1.20151.2055, Culture=neutral, PublicKeyToken=7dd5c3163f2cd0cb, processorArchitecture=MSIL [C:\Users\ultra\warewolf\Dev\Warewolf.Studio.Themes.Luna\Warewolf.Studio.Themes.Luna.csproj]
C:\Program Files\dotnet\sdk\10.0.201\Microsoft.Common.CurrentVersion.targets(2451,5): warning MSB3277:         C:\Users\ultra\warewolf\Dev\Binaries\Infragistcs_Net6\InfragisticsWPF4.Controls.Grids.DateTimeColumn.v15.1.dll [C:\Users\ultra\warewolf\Dev\Warewolf.Studio.Themes.Luna\Warewolf.Studio.Themes.Luna.csproj]
C:\Program Files\dotnet\sdk\10.0.201\Microsoft.Common.CurrentVersion.targets(2451,5): warning MSB3277:           Project file item includes which caused reference "C:\Users\ultra\warewolf\Dev\Binaries\Infragistcs_Net6\InfragisticsWPF4.Controls.Grids.DateTimeColumn.v15.1.dll". [C:\Users\ultra\warewolf\Dev\Warewolf.Studio.Themes.Luna\Warewolf.Studio.Themes.Luna.csproj]
C:\Program Files\dotnet\sdk\10.0.201\Microsoft.Common.CurrentVersion.targets(2451,5): warning MSB3277:             InfragisticsWPF4.Controls.Grids.DateTimeColumn.v15.1, Version=15.1.20151.2055, Culture=neutral, PublicKeyToken=7dd5c3163f2cd0cb, processorArchitecture=MSIL [C:\Users\ultra\warewolf\Dev\Warewolf.Studio.Themes.Luna\Warewolf.Studio.Themes.Luna.csproj]
C:\Program Files\dotnet\sdk\10.0.201\Microsoft.Common.CurrentVersion.targets(2451,5): warning MSB3277:         C:\Users\ultra\warewolf\Dev\Binaries\Infragistcs_Net6\InfragisticsWPF4.Controls.Grids.MultiColumnComboColumn.v15.1.dll [C:\Users\ultra\warewolf\Dev\Warewolf.Studio.Themes.Luna\Warewolf.Studio.Themes.Luna.csproj]
C:\Program Files\dotnet\sdk\10.0.201\Microsoft.Common.CurrentVersion.targets(2451,5): warning MSB3277:           Project file item includes which caused reference "C:\Users\ultra\warewolf\Dev\Binaries\Infragistcs_Net6\InfragisticsWPF4.Controls.Grids.MultiColumnComboColumn.v15.1.dll". [C:\Users\ultra\warewolf\Dev\Warewolf.Studio.Themes.Luna\Warewolf.Studio.Themes.Luna.csproj]
C:\Program Files\dotnet\sdk\10.0.201\Microsoft.Common.CurrentVersion.targets(2451,5): warning MSB3277:             InfragisticsWPF4.Controls.Grids.MultiColumnComboColumn.v15.1, Version=15.1.20151.2055, Culture=neutral, PublicKeyToken=7dd5c3163f2cd0cb, processorArchitecture=MSIL [C:\Users\ultra\warewolf\Dev\Warewolf.Studio.Themes.Luna\Warewolf.Studio.Themes.Luna.csproj]
C:\Program Files\dotnet\sdk\10.0.201\Microsoft.Common.CurrentVersion.targets(2451,5): warning MSB3277:         C:\Users\ultra\warewolf\Dev\Binaries\Infragistcs_Net6\InfragisticsWPF4.Controls.Grids.XamGrid.v15.1.dll [C:\Users\ultra\warewolf\Dev\Warewolf.Studio.Themes.Luna\Warewolf.Studio.Themes.Luna.csproj]
C:\Program Files\dotnet\sdk\10.0.201\Microsoft.Common.CurrentVersion.targets(2451,5): warning MSB3277:           Project file item includes which caused reference "C:\Users\ultra\warewolf\Dev\Binaries\Infragistcs_Net6\InfragisticsWPF4.Controls.Grids.XamGrid.v15.1.dll". [C:\Users\ultra\warewolf\Dev\Warewolf.Studio.Themes.Luna\Warewolf.Studio.Themes.Luna.csproj]
C:\Program Files\dotnet\sdk\10.0.201\Microsoft.Common.CurrentVersion.targets(2451,5): warning MSB3277:             InfragisticsWPF4.Controls.Grids.XamGrid.v15.1, Version=15.1.20151.2055, Culture=neutral, PublicKeyToken=7dd5c3163f2cd0cb, processorArchitecture=MSIL [C:\Users\ultra\warewolf\Dev\Warewolf.Studio.Themes.Luna\Warewolf.Studio.Themes.Luna.csproj]
C:\Program Files\dotnet\sdk\10.0.201\Microsoft.Common.CurrentVersion.targets(2451,5): warning MSB3277:             InfragisticsWPF4.Controls.Grids.DateTimeColumn.v15.1, Version=15.1.20151.2055, Culture=neutral, PublicKeyToken=7dd5c3163f2cd0cb, processorArchitecture=MSIL [C:\Users\ultra\warewolf\Dev\Warewolf.Studio.Themes.Luna\Warewolf.Studio.Themes.Luna.csproj]
C:\Program Files\dotnet\sdk\10.0.201\Microsoft.Common.CurrentVersion.targets(2451,5): warning MSB3277:             InfragisticsWPF4.Controls.Grids.MultiColumnComboColumn.v15.1, Version=15.1.20151.2055, Culture=neutral, PublicKeyToken=7dd5c3163f2cd0cb, processorArchitecture=MSIL [C:\Users\ultra\warewolf\Dev\Warewolf.Studio.Themes.Luna\Warewolf.Studio.Themes.Luna.csproj]
C:\Program Files\dotnet\sdk\10.0.201\Microsoft.Common.CurrentVersion.targets(2451,5): warning MSB3277:         C:\Users\ultra\warewolf\Dev\Binaries\Infragistcs_Net6\InfragisticsWPF4.Controls.Interactions.XamDialogWindow.v15.1.dll [C:\Users\ultra\warewolf\Dev\Warewolf.Studio.Themes.Luna\Warewolf.Studio.Themes.Luna.csproj]
C:\Program Files\dotnet\sdk\10.0.201\Microsoft.Common.CurrentVersion.targets(2451,5): warning MSB3277:           Project file item includes which caused reference "C:\Users\ultra\warewolf\Dev\Binaries\Infragistcs_Net6\InfragisticsWPF4.Controls.Interactions.XamDialogWindow.v15.1.dll". [C:\Users\ultra\warewolf\Dev\Warewolf.Studio.Themes.Luna\Warewolf.Studio.Themes.Luna.csproj]
C:\Program Files\dotnet\sdk\10.0.201\Microsoft.Common.CurrentVersion.targets(2451,5): warning MSB3277:             InfragisticsWPF4.Controls.Interactions.XamDialogWindow.v15.1, Version=15.1.20151.2055, Culture=neutral, PublicKeyToken=7dd5c3163f2cd0cb, processorArchitecture=MSIL [C:\Users\ultra\warewolf\Dev\Warewolf.Studio.Themes.Luna\Warewolf.Studio.Themes.Luna.csproj]
C:\Program Files\dotnet\sdk\10.0.201\Microsoft.Common.CurrentVersion.targets(2451,5): warning MSB3277:             InfragisticsWPF4.Controls.Interactions.XamSpellChecker.v15.1, Version=15.1.20151.2055, Culture=neutral, PublicKeyToken=7dd5c3163f2cd0cb, processorArchitecture=MSIL [C:\Users\ultra\warewolf\Dev\Warewolf.Studio.Themes.Luna\Warewolf.Studio.Themes.Luna.csproj]
C:\Program Files\dotnet\sdk\10.0.201\Microsoft.Common.CurrentVersion.targets(2451,5): warning MSB3277:         C:\Users\ultra\warewolf\Dev\Binaries\Infragistcs_Net6\InfragisticsWPF4.Controls.Interactions.XamSpellChecker.v15.1.dll [C:\Users\ultra\warewolf\Dev\Warewolf.Studio.Themes.Luna\Warewolf.Studio.Themes.Luna.csproj]
C:\Program Files\dotnet\sdk\10.0.201\Microsoft.Common.CurrentVersion.targets(2451,5): warning MSB3277:           Project file item includes which caused reference "C:\Users\ultra\warewolf\Dev\Binaries\Infragistcs_Net6\InfragisticsWPF4.Controls.Interactions.XamSpellChecker.v15.1.dll". [C:\Users\ultra\warewolf\Dev\Warewolf.Studio.Themes.Luna\Warewolf.Studio.Themes.Luna.csproj]
C:\Program Files\dotnet\sdk\10.0.201\Microsoft.Common.CurrentVersion.targets(2451,5): warning MSB3277:             InfragisticsWPF4.Controls.Interactions.XamSpellChecker.v15.1, Version=15.1.20151.2055, Culture=neutral, PublicKeyToken=7dd5c3163f2cd0cb, processorArchitecture=MSIL [C:\Users\ultra\warewolf\Dev\Warewolf.Studio.Themes.Luna\Warewolf.Studio.Themes.Luna.csproj]
C:\Program Files\dotnet\sdk\10.0.201\Microsoft.Common.CurrentVersion.targets(2451,5): warning MSB3277:         C:\Users\ultra\warewolf\Dev\Binaries\Infragistcs_Net6\InfragisticsWPF4.Controls.Maps.XamNetworkNode.v15.1.dll [C:\Users\ultra\warewolf\Dev\Warewolf.Studio.Themes.Luna\Warewolf.Studio.Themes.Luna.csproj]
C:\Program Files\dotnet\sdk\10.0.201\Microsoft.Common.CurrentVersion.targets(2451,5): warning MSB3277:           Project file item includes which caused reference "C:\Users\ultra\warewolf\Dev\Binaries\Infragistcs_Net6\InfragisticsWPF4.Controls.Maps.XamNetworkNode.v15.1.dll". [C:\Users\ultra\warewolf\Dev\Warewolf.Studio.Themes.Luna\Warewolf.Studio.Themes.Luna.csproj]
C:\Program Files\dotnet\sdk\10.0.201\Microsoft.Common.CurrentVersion.targets(2451,5): warning MSB3277:             InfragisticsWPF4.Controls.Maps.XamNetworkNode.v15.1, Version=15.1.20151.2055, Culture=neutral, PublicKeyToken=7dd5c3163f2cd0cb, processorArchitecture=MSIL [C:\Users\ultra\warewolf\Dev\Warewolf.Studio.Themes.Luna\Warewolf.Studio.Themes.Luna.csproj]
C:\Program Files\dotnet\sdk\10.0.201\Microsoft.Common.CurrentVersion.targets(2451,5): warning MSB3277:         C:\Users\ultra\warewolf\Dev\Binaries\Infragistcs_Net6\InfragisticsWPF4.Controls.Menus.XamDataTree.v15.1.dll [C:\Users\ultra\warewolf\Dev\Warewolf.Studio.Themes.Luna\Warewolf.Studio.Themes.Luna.csproj]
C:\Program Files\dotnet\sdk\10.0.201\Microsoft.Common.CurrentVersion.targets(2451,5): warning MSB3277:           Project file item includes which caused reference "C:\Users\ultra\warewolf\Dev\Binaries\Infragistcs_Net6\InfragisticsWPF4.Controls.Menus.XamDataTree.v15.1.dll". [C:\Users\ultra\warewolf\Dev\Warewolf.Studio.Themes.Luna\Warewolf.Studio.Themes.Luna.csproj]
C:\Program Files\dotnet\sdk\10.0.201\Microsoft.Common.CurrentVersion.targets(2451,5): warning MSB3277:             InfragisticsWPF4.Controls.Menus.XamDataTree.v15.1 [C:\Users\ultra\warewolf\Dev\Warewolf.Studio.Themes.Luna\Warewolf.Studio.Themes.Luna.csproj]
C:\Program Files\dotnet\sdk\10.0.201\Microsoft.Common.CurrentVersion.targets(2451,5): warning MSB3277:         C:\Users\ultra\warewolf\Dev\Binaries\Infragistcs_Net6\InfragisticsWPF4.Controls.Menus.XamMenu.v15.1.dll [C:\Users\ultra\warewolf\Dev\Warewolf.Studio.Themes.Luna\Warewolf.Studio.Themes.Luna.csproj]
C:\Program Files\dotnet\sdk\10.0.201\Microsoft.Common.CurrentVersion.targets(2451,5): warning MSB3277:           Project file item includes which caused reference "C:\Users\ultra\warewolf\Dev\Binaries\Infragistcs_Net6\InfragisticsWPF4.Controls.Menus.XamMenu.v15.1.dll". [C:\Users\ultra\warewolf\Dev\Warewolf.Studio.Themes.Luna\Warewolf.Studio.Themes.Luna.csproj]
C:\Program Files\dotnet\sdk\10.0.201\Microsoft.Common.CurrentVersion.targets(2451,5): warning MSB3277:             InfragisticsWPF4.Controls.Menus.XamMenu.v15.1, Version=15.1.20151.2055, Culture=neutral, PublicKeyToken=7dd5c3163f2cd0cb, processorArchitecture=MSIL [C:\Users\ultra\warewolf\Dev\Warewolf.Studio.Themes.Luna\Warewolf.Studio.Themes.Luna.csproj]
C:\Program Files\dotnet\sdk\10.0.201\Microsoft.Common.CurrentVersion.targets(2451,5): warning MSB3277:             InfragisticsWPF4.Controls.Editors.XamRichTextEditor.v15.1, Version=15.1.20151.2055, Culture=neutral, PublicKeyToken=7dd5c3163f2cd0cb, processorArchitecture=MSIL [C:\Users\ultra\warewolf\Dev\Warewolf.Studio.Themes.Luna\Warewolf.Studio.Themes.Luna.csproj]
C:\Program Files\dotnet\sdk\10.0.201\Microsoft.Common.CurrentVersion.targets(2451,5): warning MSB3277:             InfragisticsWPF4.Controls.Grids.XamGrid.v15.1, Version=15.1.20151.2055, Culture=neutral, PublicKeyToken=7dd5c3163f2cd0cb, processorArchitecture=MSIL [C:\Users\ultra\warewolf\Dev\Warewolf.Studio.Themes.Luna\Warewolf.Studio.Themes.Luna.csproj]
C:\Program Files\dotnet\sdk\10.0.201\Microsoft.Common.CurrentVersion.targets(2451,5): warning MSB3277:             InfragisticsWPF4.Controls.Grids.DateTimeColumn.v15.1, Version=15.1.20151.2055, Culture=neutral, PublicKeyToken=7dd5c3163f2cd0cb, processorArchitecture=MSIL [C:\Users\ultra\warewolf\Dev\Warewolf.Studio.Themes.Luna\Warewolf.Studio.Themes.Luna.csproj]
C:\Program Files\dotnet\sdk\10.0.201\Microsoft.Common.CurrentVersion.targets(2451,5): warning MSB3277:             InfragisticsWPF4.Controls.Grids.MultiColumnComboColumn.v15.1, Version=15.1.20151.2055, Culture=neutral, PublicKeyToken=7dd5c3163f2cd0cb, processorArchitecture=MSIL [C:\Users\ultra\warewolf\Dev\Warewolf.Studio.Themes.Luna\Warewolf.Studio.Themes.Luna.csproj]
C:\Program Files\dotnet\sdk\10.0.201\Microsoft.Common.CurrentVersion.targets(2451,5): warning MSB3277:         C:\Users\ultra\warewolf\Dev\Binaries\Infragistcs_Net6\InfragisticsWPF4.DataManager.v15.1.dll [C:\Users\ultra\warewolf\Dev\Warewolf.Studio.Themes.Luna\Warewolf.Studio.Themes.Luna.csproj]
C:\Program Files\dotnet\sdk\10.0.201\Microsoft.Common.CurrentVersion.targets(2451,5): warning MSB3277:           Project file item includes which caused reference "C:\Users\ultra\warewolf\Dev\Binaries\Infragistcs_Net6\InfragisticsWPF4.DataManager.v15.1.dll". [C:\Users\ultra\warewolf\Dev\Warewolf.Studio.Themes.Luna\Warewolf.Studio.Themes.Luna.csproj]
C:\Program Files\dotnet\sdk\10.0.201\Microsoft.Common.CurrentVersion.targets(2451,5): warning MSB3277:             InfragisticsWPF4.DataManager.v15.1, Version=15.1.20151.2055, Culture=neutral, PublicKeyToken=7dd5c3163f2cd0cb, processorArchitecture=MSIL [C:\Users\ultra\warewolf\Dev\Warewolf.Studio.Themes.Luna\Warewolf.Studio.Themes.Luna.csproj]
C:\Program Files\dotnet\sdk\10.0.201\Microsoft.Common.CurrentVersion.targets(2451,5): warning MSB3277:             InfragisticsWPF4.Controls.Editors.XamComboEditor.v15.1, Version=15.1.20151.2055, Culture=neutral, PublicKeyToken=7dd5c3163f2cd0cb, processorArchitecture=MSIL [C:\Users\ultra\warewolf\Dev\Warewolf.Studio.Themes.Luna\Warewolf.Studio.Themes.Luna.csproj]
C:\Program Files\dotnet\sdk\10.0.201\Microsoft.Common.CurrentVersion.targets(2451,5): warning MSB3277:             InfragisticsWPF4.Controls.Grids.DateTimeColumn.v15.1, Version=15.1.20151.2055, Culture=neutral, PublicKeyToken=7dd5c3163f2cd0cb, processorArchitecture=MSIL [C:\Users\ultra\warewolf\Dev\Warewolf.Studio.Themes.Luna\Warewolf.Studio.Themes.Luna.csproj]
C:\Program Files\dotnet\sdk\10.0.201\Microsoft.Common.CurrentVersion.targets(2451,5): warning MSB3277:             InfragisticsWPF4.Controls.Grids.MultiColumnComboColumn.v15.1, Version=15.1.20151.2055, Culture=neutral, PublicKeyToken=7dd5c3163f2cd0cb, processorArchitecture=MSIL [C:\Users\ultra\warewolf\Dev\Warewolf.Studio.Themes.Luna\Warewolf.Studio.Themes.Luna.csproj]
C:\Program Files\dotnet\sdk\10.0.201\Microsoft.Common.CurrentVersion.targets(2451,5): warning MSB3277:             InfragisticsWPF4.Controls.Grids.XamGrid.v15.1, Version=15.1.20151.2055, Culture=neutral, PublicKeyToken=7dd5c3163f2cd0cb, processorArchitecture=MSIL [C:\Users\ultra\warewolf\Dev\Warewolf.Studio.Themes.Luna\Warewolf.Studio.Themes.Luna.csproj]
C:\Program Files\dotnet\sdk\10.0.201\Microsoft.Common.CurrentVersion.targets(2451,5): warning MSB3277:             InfragisticsWPF4.Controls.Menus.XamDataTree.v15.1 [C:\Users\ultra\warewolf\Dev\Warewolf.Studio.Themes.Luna\Warewolf.Studio.Themes.Luna.csproj]
C:\Program Files\dotnet\sdk\10.0.201\Microsoft.Common.CurrentVersion.targets(2451,5): warning MSB3277:         C:\Users\ultra\warewolf\Dev\Binaries\Infragistcs_Net6\InfragisticsWPF4.DataPresenter.v15.1.dll [C:\Users\ultra\warewolf\Dev\Warewolf.Studio.Themes.Luna\Warewolf.Studio.Themes.Luna.csproj]
C:\Program Files\dotnet\sdk\10.0.201\Microsoft.Common.CurrentVersion.targets(2451,5): warning MSB3277:           Project file item includes which caused reference "C:\Users\ultra\warewolf\Dev\Binaries\Infragistcs_Net6\InfragisticsWPF4.DataPresenter.v15.1.dll". [C:\Users\ultra\warewolf\Dev\Warewolf.Studio.Themes.Luna\Warewolf.Studio.Themes.Luna.csproj]
C:\Program Files\dotnet\sdk\10.0.201\Microsoft.Common.CurrentVersion.targets(2451,5): warning MSB3277:             InfragisticsWPF4.DataPresenter.v15.1, Version=15.1.20151.2055, Culture=neutral, PublicKeyToken=7dd5c3163f2cd0cb, processorArchitecture=MSIL [C:\Users\ultra\warewolf\Dev\Warewolf.Studio.Themes.Luna\Warewolf.Studio.Themes.Luna.csproj]
C:\Program Files\dotnet\sdk\10.0.201\Microsoft.Common.CurrentVersion.targets(2451,5): warning MSB3277:         C:\Users\ultra\warewolf\Dev\Binaries\Infragistcs_Net6\InfragisticsWPF4.DataVisualization.v15.1.dll [C:\Users\ultra\warewolf\Dev\Warewolf.Studio.Themes.Luna\Warewolf.Studio.Themes.Luna.csproj]
C:\Program Files\dotnet\sdk\10.0.201\Microsoft.Common.CurrentVersion.targets(2451,5): warning MSB3277:           Project file item includes which caused reference "C:\Users\ultra\warewolf\Dev\Binaries\Infragistcs_Net6\InfragisticsWPF4.DataVisualization.v15.1.dll". [C:\Users\ultra\warewolf\Dev\Warewolf.Studio.Themes.Luna\Warewolf.Studio.Themes.Luna.csproj]
C:\Program Files\dotnet\sdk\10.0.201\Microsoft.Common.CurrentVersion.targets(2451,5): warning MSB3277:             InfragisticsWPF4.DataVisualization.v15.1, Version=15.1.20151.2055, Culture=neutral, PublicKeyToken=7dd5c3163f2cd0cb, processorArchitecture=MSIL [C:\Users\ultra\warewolf\Dev\Warewolf.Studio.Themes.Luna\Warewolf.Studio.Themes.Luna.csproj]
C:\Program Files\dotnet\sdk\10.0.201\Microsoft.Common.CurrentVersion.targets(2451,5): warning MSB3277:             InfragisticsWPF4.Controls.Maps.XamNetworkNode.v15.1, Version=15.1.20151.2055, Culture=neutral, PublicKeyToken=7dd5c3163f2cd0cb, processorArchitecture=MSIL [C:\Users\ultra\warewolf\Dev\Warewolf.Studio.Themes.Luna\Warewolf.Studio.Themes.Luna.csproj]
C:\Program Files\dotnet\sdk\10.0.201\Microsoft.Common.CurrentVersion.targets(2451,5): warning MSB3277:         C:\Users\ultra\warewolf\Dev\Binaries\Infragistcs_Net6\InfragisticsWPF4.DockManager.v15.1.dll [C:\Users\ultra\warewolf\Dev\Warewolf.Studio.Themes.Luna\Warewolf.Studio.Themes.Luna.csproj]
C:\Program Files\dotnet\sdk\10.0.201\Microsoft.Common.CurrentVersion.targets(2451,5): warning MSB3277:           Project file item includes which caused reference "C:\Users\ultra\warewolf\Dev\Binaries\Infragistcs_Net6\InfragisticsWPF4.DockManager.v15.1.dll". [C:\Users\ultra\warewolf\Dev\Warewolf.Studio.Themes.Luna\Warewolf.Studio.Themes.Luna.csproj]
C:\Program Files\dotnet\sdk\10.0.201\Microsoft.Common.CurrentVersion.targets(2451,5): warning MSB3277:             InfragisticsWPF4.DockManager.v15.1, Version=15.1.20151.2055, Culture=neutral, PublicKeyToken=7dd5c3163f2cd0cb, processorArchitecture=MSIL [C:\Users\ultra\warewolf\Dev\Warewolf.Studio.Themes.Luna\Warewolf.Studio.Themes.Luna.csproj]
C:\Program Files\dotnet\sdk\10.0.201\Microsoft.Common.CurrentVersion.targets(2451,5): warning MSB3277:         C:\Users\ultra\warewolf\Dev\Binaries\Infragistcs_Net6\InfragisticsWPF4.Documents.RichTextDocument.Html.v15.1.dll [C:\Users\ultra\warewolf\Dev\Warewolf.Studio.Themes.Luna\Warewolf.Studio.Themes.Luna.csproj]
C:\Program Files\dotnet\sdk\10.0.201\Microsoft.Common.CurrentVersion.targets(2451,5): warning MSB3277:           Project file item includes which caused reference "C:\Users\ultra\warewolf\Dev\Binaries\Infragistcs_Net6\InfragisticsWPF4.Documents.RichTextDocument.Html.v15.1.dll". [C:\Users\ultra\warewolf\Dev\Warewolf.Studio.Themes.Luna\Warewolf.Studio.Themes.Luna.csproj]
C:\Program Files\dotnet\sdk\10.0.201\Microsoft.Common.CurrentVersion.targets(2451,5): warning MSB3277:             InfragisticsWPF4.Documents.RichTextDocument.Html.v15.1, Version=15.1.20151.2055, Culture=neutral, PublicKeyToken=7dd5c3163f2cd0cb, processorArchitecture=MSIL [C:\Users\ultra\warewolf\Dev\Warewolf.Studio.Themes.Luna\Warewolf.Studio.Themes.Luna.csproj]
C:\Program Files\dotnet\sdk\10.0.201\Microsoft.Common.CurrentVersion.targets(2451,5): warning MSB3277:         C:\Users\ultra\warewolf\Dev\Binaries\Infragistcs_Net6\InfragisticsWPF4.Documents.RichTextDocument.v15.1.dll [C:\Users\ultra\warewolf\Dev\Warewolf.Studio.Themes.Luna\Warewolf.Studio.Themes.Luna.csproj]
C:\Program Files\dotnet\sdk\10.0.201\Microsoft.Common.CurrentVersion.targets(2451,5): warning MSB3277:           Project file item includes which caused reference "C:\Users\ultra\warewolf\Dev\Binaries\Infragistcs_Net6\InfragisticsWPF4.Documents.RichTextDocument.v15.1.dll". [C:\Users\ultra\warewolf\Dev\Warewolf.Studio.Themes.Luna\Warewolf.Studio.Themes.Luna.csproj]
C:\Program Files\dotnet\sdk\10.0.201\Microsoft.Common.CurrentVersion.targets(2451,5): warning MSB3277:             InfragisticsWPF4.Documents.RichTextDocument.v15.1, Version=15.1.20151.2055, Culture=neutral, PublicKeyToken=7dd5c3163f2cd0cb, processorArchitecture=MSIL [C:\Users\ultra\warewolf\Dev\Warewolf.Studio.Themes.Luna\Warewolf.Studio.Themes.Luna.csproj]
C:\Program Files\dotnet\sdk\10.0.201\Microsoft.Common.CurrentVersion.targets(2451,5): warning MSB3277:             InfragisticsWPF4.Controls.Editors.XamRichTextEditor.v15.1, Version=15.1.20151.2055, Culture=neutral, PublicKeyToken=7dd5c3163f2cd0cb, processorArchitecture=MSIL [C:\Users\ultra\warewolf\Dev\Warewolf.Studio.Themes.Luna\Warewolf.Studio.Themes.Luna.csproj]
C:\Program Files\dotnet\sdk\10.0.201\Microsoft.Common.CurrentVersion.targets(2451,5): warning MSB3277:             InfragisticsWPF4.Documents.RichTextDocument.Html.v15.1, Version=15.1.20151.2055, Culture=neutral, PublicKeyToken=7dd5c3163f2cd0cb, processorArchitecture=MSIL [C:\Users\ultra\warewolf\Dev\Warewolf.Studio.Themes.Luna\Warewolf.Studio.Themes.Luna.csproj]
C:\Program Files\dotnet\sdk\10.0.201\Microsoft.Common.CurrentVersion.targets(2451,5): warning MSB3277:         C:\Users\ultra\warewolf\Dev\Binaries\Infragistcs_Net6\InfragisticsWPF4.Editors.v15.1.dll [C:\Users\ultra\warewolf\Dev\Warewolf.Studio.Themes.Luna\Warewolf.Studio.Themes.Luna.csproj]
C:\Program Files\dotnet\sdk\10.0.201\Microsoft.Common.CurrentVersion.targets(2451,5): warning MSB3277:           Project file item includes which caused reference "C:\Users\ultra\warewolf\Dev\Binaries\Infragistcs_Net6\InfragisticsWPF4.Editors.v15.1.dll". [C:\Users\ultra\warewolf\Dev\Warewolf.Studio.Themes.Luna\Warewolf.Studio.Themes.Luna.csproj]
C:\Program Files\dotnet\sdk\10.0.201\Microsoft.Common.CurrentVersion.targets(2451,5): warning MSB3277:             InfragisticsWPF4.Editors.v15.1, Version=15.1.20151.2055, Culture=neutral, PublicKeyToken=7dd5c3163f2cd0cb, processorArchitecture=MSIL [C:\Users\ultra\warewolf\Dev\Warewolf.Studio.Themes.Luna\Warewolf.Studio.Themes.Luna.csproj]
C:\Program Files\dotnet\sdk\10.0.201\Microsoft.Common.CurrentVersion.targets(2451,5): warning MSB3277:             InfragisticsWPF4.DataPresenter.v15.1, Version=15.1.20151.2055, Culture=neutral, PublicKeyToken=7dd5c3163f2cd0cb, processorArchitecture=MSIL [C:\Users\ultra\warewolf\Dev\Warewolf.Studio.Themes.Luna\Warewolf.Studio.Themes.Luna.csproj]
C:\Program Files\dotnet\sdk\10.0.201\Microsoft.Common.CurrentVersion.targets(2451,5): warning MSB3277:         C:\Users\ultra\warewolf\Dev\Binaries\Infragistcs_Net6\InfragisticsWPF4.v15.1.dll [C:\Users\ultra\warewolf\Dev\Warewolf.Studio.Themes.Luna\Warewolf.Studio.Themes.Luna.csproj]
C:\Program Files\dotnet\sdk\10.0.201\Microsoft.Common.CurrentVersion.targets(2451,5): warning MSB3277:           Project file item includes which caused reference "C:\Users\ultra\warewolf\Dev\Binaries\Infragistcs_Net6\InfragisticsWPF4.v15.1.dll". [C:\Users\ultra\warewolf\Dev\Warewolf.Studio.Themes.Luna\Warewolf.Studio.Themes.Luna.csproj]
C:\Program Files\dotnet\sdk\10.0.201\Microsoft.Common.CurrentVersion.targets(2451,5): warning MSB3277:             InfragisticsWPF4.v15.1, Version=15.1.20151.2055, Culture=neutral, PublicKeyToken=7dd5c3163f2cd0cb, processorArchitecture=MSIL [C:\Users\ultra\warewolf\Dev\Warewolf.Studio.Themes.Luna\Warewolf.Studio.Themes.Luna.csproj]
C:\Program Files\dotnet\sdk\10.0.201\Microsoft.Common.CurrentVersion.targets(2451,5): warning MSB3277:             CalculationManager.WPF [C:\Users\ultra\warewolf\Dev\Warewolf.Studio.Themes.Luna\Warewolf.Studio.Themes.Luna.csproj]
C:\Program Files\dotnet\sdk\10.0.201\Microsoft.Common.CurrentVersion.targets(2451,5): warning MSB3277:             InfragisticsWPF4.Controls.Editors.XamComboEditor.v15.1, Version=15.1.20151.2055, Culture=neutral, PublicKeyToken=7dd5c3163f2cd0cb, processorArchitecture=MSIL [C:\Users\ultra\warewolf\Dev\Warewolf.Studio.Themes.Luna\Warewolf.Studio.Themes.Luna.csproj]
C:\Program Files\dotnet\sdk\10.0.201\Microsoft.Common.CurrentVersion.targets(2451,5): warning MSB3277:             InfragisticsWPF4.Controls.Editors.XamRichTextEditor.v15.1, Version=15.1.20151.2055, Culture=neutral, PublicKeyToken=7dd5c3163f2cd0cb, processorArchitecture=MSIL [C:\Users\ultra\warewolf\Dev\Warewolf.Studio.Themes.Luna\Warewolf.Studio.Themes.Luna.csproj]
C:\Program Files\dotnet\sdk\10.0.201\Microsoft.Common.CurrentVersion.targets(2451,5): warning MSB3277:             InfragisticsWPF4.Controls.Editors.XamSyntaxEditor.v15.1, Version=15.1.20151.2055, Culture=neutral, PublicKeyToken=7dd5c3163f2cd0cb, processorArchitecture=MSIL [C:\Users\ultra\warewolf\Dev\Warewolf.Studio.Themes.Luna\Warewolf.Studio.Themes.Luna.csproj]
C:\Program Files\dotnet\sdk\10.0.201\Microsoft.Common.CurrentVersion.targets(2451,5): warning MSB3277:             InfragisticsWPF4.Controls.Grids.DateTimeColumn.v15.1, Version=15.1.20151.2055, Culture=neutral, PublicKeyToken=7dd5c3163f2cd0cb, processorArchitecture=MSIL [C:\Users\ultra\warewolf\Dev\Warewolf.Studio.Themes.Luna\Warewolf.Studio.Themes.Luna.csproj]
C:\Program Files\dotnet\sdk\10.0.201\Microsoft.Common.CurrentVersion.targets(2451,5): warning MSB3277:             InfragisticsWPF4.Controls.Grids.MultiColumnComboColumn.v15.1, Version=15.1.20151.2055, Culture=neutral, PublicKeyToken=7dd5c3163f2cd0cb, processorArchitecture=MSIL [C:\Users\ultra\warewolf\Dev\Warewolf.Studio.Themes.Luna\Warewolf.Studio.Themes.Luna.csproj]
C:\Program Files\dotnet\sdk\10.0.201\Microsoft.Common.CurrentVersion.targets(2451,5): warning MSB3277:             InfragisticsWPF4.Controls.Grids.XamGrid.v15.1, Version=15.1.20151.2055, Culture=neutral, PublicKeyToken=7dd5c3163f2cd0cb, processorArchitecture=MSIL [C:\Users\ultra\warewolf\Dev\Warewolf.Studio.Themes.Luna\Warewolf.Studio.Themes.Luna.csproj]
C:\Program Files\dotnet\sdk\10.0.201\Microsoft.Common.CurrentVersion.targets(2451,5): warning MSB3277:             InfragisticsWPF4.Controls.Interactions.XamDialogWindow.v15.1, Version=15.1.20151.2055, Culture=neutral, PublicKeyToken=7dd5c3163f2cd0cb, processorArchitecture=MSIL [C:\Users\ultra\warewolf\Dev\Warewolf.Studio.Themes.Luna\Warewolf.Studio.Themes.Luna.csproj]
C:\Program Files\dotnet\sdk\10.0.201\Microsoft.Common.CurrentVersion.targets(2451,5): warning MSB3277:             InfragisticsWPF4.Controls.Interactions.XamSpellChecker.v15.1, Version=15.1.20151.2055, Culture=neutral, PublicKeyToken=7dd5c3163f2cd0cb, processorArchitecture=MSIL [C:\Users\ultra\warewolf\Dev\Warewolf.Studio.Themes.Luna\Warewolf.Studio.Themes.Luna.csproj]
C:\Program Files\dotnet\sdk\10.0.201\Microsoft.Common.CurrentVersion.targets(2451,5): warning MSB3277:             InfragisticsWPF4.Controls.Maps.XamNetworkNode.v15.1, Version=15.1.20151.2055, Culture=neutral, PublicKeyToken=7dd5c3163f2cd0cb, processorArchitecture=MSIL [C:\Users\ultra\warewolf\Dev\Warewolf.Studio.Themes.Luna\Warewolf.Studio.Themes.Luna.csproj]
C:\Program Files\dotnet\sdk\10.0.201\Microsoft.Common.CurrentVersion.targets(2451,5): warning MSB3277:             InfragisticsWPF4.Controls.Menus.XamDataTree.v15.1 [C:\Users\ultra\warewolf\Dev\Warewolf.Studio.Themes.Luna\Warewolf.Studio.Themes.Luna.csproj]
C:\Program Files\dotnet\sdk\10.0.201\Microsoft.Common.CurrentVersion.targets(2451,5): warning MSB3277:             InfragisticsWPF4.Controls.Menus.XamMenu.v15.1, Version=15.1.20151.2055, Culture=neutral, PublicKeyToken=7dd5c3163f2cd0cb, processorArchitecture=MSIL [C:\Users\ultra\warewolf\Dev\Warewolf.Studio.Themes.Luna\Warewolf.Studio.Themes.Luna.csproj]
C:\Program Files\dotnet\sdk\10.0.201\Microsoft.Common.CurrentVersion.targets(2451,5): warning MSB3277:             InfragisticsWPF4.DataManager.v15.1, Version=15.1.20151.2055, Culture=neutral, PublicKeyToken=7dd5c3163f2cd0cb, processorArchitecture=MSIL [C:\Users\ultra\warewolf\Dev\Warewolf.Studio.Themes.Luna\Warewolf.Studio.Themes.Luna.csproj]
C:\Program Files\dotnet\sdk\10.0.201\Microsoft.Common.CurrentVersion.targets(2451,5): warning MSB3277:             InfragisticsWPF4.DataPresenter.v15.1, Version=15.1.20151.2055, Culture=neutral, PublicKeyToken=7dd5c3163f2cd0cb, processorArchitecture=MSIL [C:\Users\ultra\warewolf\Dev\Warewolf.Studio.Themes.Luna\Warewolf.Studio.Themes.Luna.csproj]
C:\Program Files\dotnet\sdk\10.0.201\Microsoft.Common.CurrentVersion.targets(2451,5): warning MSB3277:             InfragisticsWPF4.DataVisualization.v15.1, Version=15.1.20151.2055, Culture=neutral, PublicKeyToken=7dd5c3163f2cd0cb, processorArchitecture=MSIL [C:\Users\ultra\warewolf\Dev\Warewolf.Studio.Themes.Luna\Warewolf.Studio.Themes.Luna.csproj]
C:\Program Files\dotnet\sdk\10.0.201\Microsoft.Common.CurrentVersion.targets(2451,5): warning MSB3277:             InfragisticsWPF4.DockManager.v15.1, Version=15.1.20151.2055, Culture=neutral, PublicKeyToken=7dd5c3163f2cd0cb, processorArchitecture=MSIL [C:\Users\ultra\warewolf\Dev\Warewolf.Studio.Themes.Luna\Warewolf.Studio.Themes.Luna.csproj]
C:\Program Files\dotnet\sdk\10.0.201\Microsoft.Common.CurrentVersion.targets(2451,5): warning MSB3277:             InfragisticsWPF4.Documents.RichTextDocument.Html.v15.1, Version=15.1.20151.2055, Culture=neutral, PublicKeyToken=7dd5c3163f2cd0cb, processorArchitecture=MSIL [C:\Users\ultra\warewolf\Dev\Warewolf.Studio.Themes.Luna\Warewolf.Studio.Themes.Luna.csproj]
C:\Program Files\dotnet\sdk\10.0.201\Microsoft.Common.CurrentVersion.targets(2451,5): warning MSB3277:             InfragisticsWPF4.Documents.RichTextDocument.v15.1, Version=15.1.20151.2055, Culture=neutral, PublicKeyToken=7dd5c3163f2cd0cb, processorArchitecture=MSIL [C:\Users\ultra\warewolf\Dev\Warewolf.Studio.Themes.Luna\Warewolf.Studio.Themes.Luna.csproj]
C:\Program Files\dotnet\sdk\10.0.201\Microsoft.Common.CurrentVersion.targets(2451,5): warning MSB3277:             InfragisticsWPF4.Editors.v15.1, Version=15.1.20151.2055, Culture=neutral, PublicKeyToken=7dd5c3163f2cd0cb, processorArchitecture=MSIL [C:\Users\ultra\warewolf\Dev\Warewolf.Studio.Themes.Luna\Warewolf.Studio.Themes.Luna.csproj]
C:\Program Files\dotnet\sdk\10.0.201\Microsoft.Common.CurrentVersion.targets(2451,5): warning MSB3277:         C:\Users\ultra\.nuget\packages\caliburn.micro\4.0.212\lib\netcoreapp3.1\Caliburn.Micro.Platform.dll [C:\Users\ultra\warewolf\Dev\Warewolf.Studio.Themes.Luna\Warewolf.Studio.Themes.Luna.csproj]
C:\Program Files\dotnet\sdk\10.0.201\Microsoft.Common.CurrentVersion.targets(2451,5): warning MSB3277:           Project file item includes which caused reference "C:\Users\ultra\.nuget\packages\caliburn.micro\4.0.212\lib\netcoreapp3.1\Caliburn.Micro.Platform.dll". [C:\Users\ultra\warewolf\Dev\Warewolf.Studio.Themes.Luna\Warewolf.Studio.Themes.Luna.csproj]
C:\Program Files\dotnet\sdk\10.0.201\Microsoft.Common.CurrentVersion.targets(2451,5): warning MSB3277:             C:\Users\ultra\.nuget\packages\caliburn.micro\4.0.212\lib\netcoreapp3.1\Caliburn.Micro.Platform.dll [C:\Users\ultra\warewolf\Dev\Warewolf.Studio.Themes.Luna\Warewolf.Studio.Themes.Luna.csproj]
C:\Program Files\dotnet\sdk\10.0.201\Microsoft.Common.CurrentVersion.targets(2451,5): warning MSB3277:         C:\Users\ultra\.nuget\packages\extended.wpf.toolkit\4.4.0\lib\net5.0\Xceed.Wpf.AvalonDock.NET5.dll [C:\Users\ultra\warewolf\Dev\Warewolf.Studio.Themes.Luna\Warewolf.Studio.Themes.Luna.csproj]
C:\Program Files\dotnet\sdk\10.0.201\Microsoft.Common.CurrentVersion.targets(2451,5): warning MSB3277:           Project file item includes which caused reference "C:\Users\ultra\.nuget\packages\extended.wpf.toolkit\4.4.0\lib\net5.0\Xceed.Wpf.AvalonDock.NET5.dll". [C:\Users\ultra\warewolf\Dev\Warewolf.Studio.Themes.Luna\Warewolf.Studio.Themes.Luna.csproj]
C:\Program Files\dotnet\sdk\10.0.201\Microsoft.Common.CurrentVersion.targets(2451,5): warning MSB3277:             C:\Users\ultra\.nuget\packages\extended.wpf.toolkit\4.4.0\lib\net5.0\Xceed.Wpf.AvalonDock.NET5.dll [C:\Users\ultra\warewolf\Dev\Warewolf.Studio.Themes.Luna\Warewolf.Studio.Themes.Luna.csproj]
C:\Program Files\dotnet\sdk\10.0.201\Microsoft.Common.CurrentVersion.targets(2451,5): warning MSB3277:             C:\Users\ultra\.nuget\packages\extended.wpf.toolkit\4.4.0\lib\net5.0\Xceed.Wpf.AvalonDock.Themes.Aero.NET5.dll [C:\Users\ultra\warewolf\Dev\Warewolf.Studio.Themes.Luna\Warewolf.Studio.Themes.Luna.csproj]
C:\Program Files\dotnet\sdk\10.0.201\Microsoft.Common.CurrentVersion.targets(2451,5): warning MSB3277:             C:\Users\ultra\.nuget\packages\extended.wpf.toolkit\4.4.0\lib\net5.0\Xceed.Wpf.AvalonDock.Themes.Metro.NET5.dll [C:\Users\ultra\warewolf\Dev\Warewolf.Studio.Themes.Luna\Warewolf.Studio.Themes.Luna.csproj]
C:\Program Files\dotnet\sdk\10.0.201\Microsoft.Common.CurrentVersion.targets(2451,5): warning MSB3277:             C:\Users\ultra\.nuget\packages\extended.wpf.toolkit\4.4.0\lib\net5.0\Xceed.Wpf.AvalonDock.Themes.VS2010.NET5.dll [C:\Users\ultra\warewolf\Dev\Warewolf.Studio.Themes.Luna\Warewolf.Studio.Themes.Luna.csproj]
C:\Program Files\dotnet\sdk\10.0.201\Microsoft.Common.CurrentVersion.targets(2451,5): warning MSB3277:         C:\Users\ultra\.nuget\packages\extended.wpf.toolkit\4.4.0\lib\net5.0\Xceed.Wpf.AvalonDock.Themes.Aero.NET5.dll [C:\Users\ultra\warewolf\Dev\Warewolf.Studio.Themes.Luna\Warewolf.Studio.Themes.Luna.csproj]
C:\Program Files\dotnet\sdk\10.0.201\Microsoft.Common.CurrentVersion.targets(2451,5): warning MSB3277:           Project file item includes which caused reference "C:\Users\ultra\.nuget\packages\extended.wpf.toolkit\4.4.0\lib\net5.0\Xceed.Wpf.AvalonDock.Themes.Aero.NET5.dll". [C:\Users\ultra\warewolf\Dev\Warewolf.Studio.Themes.Luna\Warewolf.Studio.Themes.Luna.csproj]
C:\Program Files\dotnet\sdk\10.0.201\Microsoft.Common.CurrentVersion.targets(2451,5): warning MSB3277:             C:\Users\ultra\.nuget\packages\extended.wpf.toolkit\4.4.0\lib\net5.0\Xceed.Wpf.AvalonDock.Themes.Aero.NET5.dll [C:\Users\ultra\warewolf\Dev\Warewolf.Studio.Themes.Luna\Warewolf.Studio.Themes.Luna.csproj]
C:\Program Files\dotnet\sdk\10.0.201\Microsoft.Common.CurrentVersion.targets(2451,5): warning MSB3277:         C:\Users\ultra\.nuget\packages\extended.wpf.toolkit\4.4.0\lib\net5.0\Xceed.Wpf.Toolkit.NET5.dll [C:\Users\ultra\warewolf\Dev\Warewolf.Studio.Themes.Luna\Warewolf.Studio.Themes.Luna.csproj]
C:\Program Files\dotnet\sdk\10.0.201\Microsoft.Common.CurrentVersion.targets(2451,5): warning MSB3277:           Project file item includes which caused reference "C:\Users\ultra\.nuget\packages\extended.wpf.toolkit\4.4.0\lib\net5.0\Xceed.Wpf.Toolkit.NET5.dll". [C:\Users\ultra\warewolf\Dev\Warewolf.Studio.Themes.Luna\Warewolf.Studio.Themes.Luna.csproj]
C:\Program Files\dotnet\sdk\10.0.201\Microsoft.Common.CurrentVersion.targets(2451,5): warning MSB3277:             C:\Users\ultra\.nuget\packages\extended.wpf.toolkit\4.4.0\lib\net5.0\Xceed.Wpf.Toolkit.NET5.dll [C:\Users\ultra\warewolf\Dev\Warewolf.Studio.Themes.Luna\Warewolf.Studio.Themes.Luna.csproj]
C:\Program Files\dotnet\sdk\10.0.201\Microsoft.Common.CurrentVersion.targets(2451,5): warning MSB3277:         C:\Users\ultra\.nuget\packages\ironpython\3.4.0\lib\net6.0\IronPython.Wpf.dll [C:\Users\ultra\warewolf\Dev\Warewolf.Studio.Themes.Luna\Warewolf.Studio.Themes.Luna.csproj]
C:\Program Files\dotnet\sdk\10.0.201\Microsoft.Common.CurrentVersion.targets(2451,5): warning MSB3277:           Project file item includes which caused reference "C:\Users\ultra\.nuget\packages\ironpython\3.4.0\lib\net6.0\IronPython.Wpf.dll". [C:\Users\ultra\warewolf\Dev\Warewolf.Studio.Themes.Luna\Warewolf.Studio.Themes.Luna.csproj]
C:\Program Files\dotnet\sdk\10.0.201\Microsoft.Common.CurrentVersion.targets(2451,5): warning MSB3277:             C:\Users\ultra\.nuget\packages\ironpython\3.4.0\lib\net6.0\IronPython.Wpf.dll [C:\Users\ultra\warewolf\Dev\Warewolf.Studio.Themes.Luna\Warewolf.Studio.Themes.Luna.csproj]
C:\Program Files\dotnet\sdk\10.0.201\Microsoft.Common.CurrentVersion.targets(2451,5): warning MSB3277:         C:\Users\ultra\.nuget\packages\microsoft.xaml.behaviors.wpf\1.1.122\lib\net462\Microsoft.Xaml.Behaviors.dll [C:\Users\ultra\warewolf\Dev\Warewolf.Studio.Themes.Luna\Warewolf.Studio.Themes.Luna.csproj]
C:\Program Files\dotnet\sdk\10.0.201\Microsoft.Common.CurrentVersion.targets(2451,5): warning MSB3277:           Project file item includes which caused reference "C:\Users\ultra\.nuget\packages\microsoft.xaml.behaviors.wpf\1.1.122\lib\net462\Microsoft.Xaml.Behaviors.dll". [C:\Users\ultra\warewolf\Dev\Warewolf.Studio.Themes.Luna\Warewolf.Studio.Themes.Luna.csproj]
C:\Program Files\dotnet\sdk\10.0.201\Microsoft.Common.CurrentVersion.targets(2451,5): warning MSB3277:             C:\Users\ultra\.nuget\packages\microsoft.xaml.behaviors.wpf\1.1.122\lib\net462\Microsoft.Xaml.Behaviors.dll [C:\Users\ultra\warewolf\Dev\Warewolf.Studio.Themes.Luna\Warewolf.Studio.Themes.Luna.csproj]
C:\Program Files\dotnet\sdk\10.0.201\Microsoft.Common.CurrentVersion.targets(2451,5): warning MSB3277:             C:\Users\ultra\.nuget\packages\caliburn.micro\4.0.212\lib\netcoreapp3.1\Caliburn.Micro.Platform.dll [C:\Users\ultra\warewolf\Dev\Warewolf.Studio.Themes.Luna\Warewolf.Studio.Themes.Luna.csproj]
C:\Program Files\dotnet\sdk\10.0.201\Microsoft.Common.CurrentVersion.targets(2451,5): warning MSB3277:             C:\Users\ultra\.nuget\packages\prism.wpf\9.0.537\lib\net462\Prism.Wpf.dll [C:\Users\ultra\warewolf\Dev\Warewolf.Studio.Themes.Luna\Warewolf.Studio.Themes.Luna.csproj]
C:\Program Files\dotnet\sdk\10.0.201\Microsoft.Common.CurrentVersion.targets(2451,5): warning MSB3277:         C:\Users\ultra\.nuget\packages\prism.wpf\9.0.537\lib\net462\Prism.Wpf.dll [C:\Users\ultra\warewolf\Dev\Warewolf.Studio.Themes.Luna\Warewolf.Studio.Themes.Luna.csproj]
C:\Program Files\dotnet\sdk\10.0.201\Microsoft.Common.CurrentVersion.targets(2451,5): warning MSB3277:           Project file item includes which caused reference "C:\Users\ultra\.nuget\packages\prism.wpf\9.0.537\lib\net462\Prism.Wpf.dll". [C:\Users\ultra\warewolf\Dev\Warewolf.Studio.Themes.Luna\Warewolf.Studio.Themes.Luna.csproj]
C:\Program Files\dotnet\sdk\10.0.201\Microsoft.Common.CurrentVersion.targets(2451,5): warning MSB3277:             C:\Users\ultra\.nuget\packages\prism.wpf\9.0.537\lib\net462\Prism.Wpf.dll [C:\Users\ultra\warewolf\Dev\Warewolf.Studio.Themes.Luna\Warewolf.Studio.Themes.Luna.csproj]
C:\Program Files\dotnet\sdk\10.0.201\Microsoft.Common.CurrentVersion.targets(2451,5): warning MSB3277:         C:\Users\ultra\.nuget\packages\reactiveui.wpf\18.4.1\lib\net462\ReactiveUI.Wpf.dll [C:\Users\ultra\warewolf\Dev\Warewolf.Studio.Themes.Luna\Warewolf.Studio.Themes.Luna.csproj]
C:\Program Files\dotnet\sdk\10.0.201\Microsoft.Common.CurrentVersion.targets(2451,5): warning MSB3277:           Project file item includes which caused reference "C:\Users\ultra\.nuget\packages\reactiveui.wpf\18.4.1\lib\net462\ReactiveUI.Wpf.dll". [C:\Users\ultra\warewolf\Dev\Warewolf.Studio.Themes.Luna\Warewolf.Studio.Themes.Luna.csproj]
C:\Program Files\dotnet\sdk\10.0.201\Microsoft.Common.CurrentVersion.targets(2451,5): warning MSB3277:             C:\Users\ultra\.nuget\packages\reactiveui.wpf\18.4.1\lib\net462\ReactiveUI.Wpf.dll [C:\Users\ultra\warewolf\Dev\Warewolf.Studio.Themes.Luna\Warewolf.Studio.Themes.Luna.csproj]
C:\Program Files\dotnet\sdk\10.0.201\Microsoft.Common.CurrentVersion.targets(2451,5): warning MSB3277:         C:\Users\ultra\warewolf\Dev\Binaries\Infragistcs_Net6\InfragisticsWPF4.Undo.v15.1.dll [C:\Users\ultra\warewolf\Dev\Warewolf.Studio.Themes.Luna\Warewolf.Studio.Themes.Luna.csproj]
C:\Program Files\dotnet\sdk\10.0.201\Microsoft.Common.CurrentVersion.targets(2451,5): warning MSB3277:           Project file item includes which caused reference "C:\Users\ultra\warewolf\Dev\Binaries\Infragistcs_Net6\InfragisticsWPF4.Undo.v15.1.dll". [C:\Users\ultra\warewolf\Dev\Warewolf.Studio.Themes.Luna\Warewolf.Studio.Themes.Luna.csproj]
C:\Program Files\dotnet\sdk\10.0.201\Microsoft.Common.CurrentVersion.targets(2451,5): warning MSB3277:             InfragisticsWPF4.Controls.Editors.XamRichTextEditor.v15.1, Version=15.1.20151.2055, Culture=neutral, PublicKeyToken=7dd5c3163f2cd0cb, processorArchitecture=MSIL [C:\Users\ultra\warewolf\Dev\Warewolf.Studio.Themes.Luna\Warewolf.Studio.Themes.Luna.csproj]
C:\Program Files\dotnet\sdk\10.0.201\Microsoft.Common.CurrentVersion.targets(2451,5): warning MSB3277:             InfragisticsWPF4.Controls.Editors.XamSyntaxEditor.v15.1, Version=15.1.20151.2055, Culture=neutral, PublicKeyToken=7dd5c3163f2cd0cb, processorArchitecture=MSIL [C:\Users\ultra\warewolf\Dev\Warewolf.Studio.Themes.Luna\Warewolf.Studio.Themes.Luna.csproj]
C:\Program Files\dotnet\sdk\10.0.201\Microsoft.Common.CurrentVersion.targets(2451,5): warning MSB3277:             InfragisticsWPF4.Documents.RichTextDocument.v15.1, Version=15.1.20151.2055, Culture=neutral, PublicKeyToken=7dd5c3163f2cd0cb, processorArchitecture=MSIL [C:\Users\ultra\warewolf\Dev\Warewolf.Studio.Themes.Luna\Warewolf.Studio.Themes.Luna.csproj]
C:\Program Files\dotnet\sdk\10.0.201\Microsoft.Common.CurrentVersion.targets(2451,5): warning MSB3277:             InfragisticsWPF4.Documents.RichTextDocument.Html.v15.1, Version=15.1.20151.2055, Culture=neutral, PublicKeyToken=7dd5c3163f2cd0cb, processorArchitecture=MSIL [C:\Users\ultra\warewolf\Dev\Warewolf.Studio.Themes.Luna\Warewolf.Studio.Themes.Luna.csproj]
C:\Program Files\dotnet\sdk\10.0.201\Microsoft.Common.CurrentVersion.targets(2451,5): warning MSB3277:         C:\Users\ultra\warewolf\Dev\Binaries\Infragistcs_Net6\InfragisticsWPF4.Controls.Editors.XamDateTimeInput.v15.1.dll [C:\Users\ultra\warewolf\Dev\Warewolf.Studio.Themes.Luna\Warewolf.Studio.Themes.Luna.csproj]
C:\Program Files\dotnet\sdk\10.0.201\Microsoft.Common.CurrentVersion.targets(2451,5): warning MSB3277:           Project file item includes which caused reference "C:\Users\ultra\warewolf\Dev\Binaries\Infragistcs_Net6\InfragisticsWPF4.Controls.Editors.XamDateTimeInput.v15.1.dll". [C:\Users\ultra\warewolf\Dev\Warewolf.Studio.Themes.Luna\Warewolf.Studio.Themes.Luna.csproj]
C:\Program Files\dotnet\sdk\10.0.201\Microsoft.Common.CurrentVersion.targets(2451,5): warning MSB3277:             InfragisticsWPF4.Controls.Grids.DateTimeColumn.v15.1, Version=15.1.20151.2055, Culture=neutral, PublicKeyToken=7dd5c3163f2cd0cb, processorArchitecture=MSIL [C:\Users\ultra\warewolf\Dev\Warewolf.Studio.Themes.Luna\Warewolf.Studio.Themes.Luna.csproj]
C:\Program Files\dotnet\sdk\10.0.201\Microsoft.Common.CurrentVersion.targets(2451,5): warning MSB3277:         C:\Users\ultra\warewolf\Dev\Binaries\Infragistcs_Net6\InfragisticsWPF4.Controls.Editors.XamMaskedInput.v15.1.dll [C:\Users\ultra\warewolf\Dev\Warewolf.Studio.Themes.Luna\Warewolf.Studio.Themes.Luna.csproj]
C:\Program Files\dotnet\sdk\10.0.201\Microsoft.Common.CurrentVersion.targets(2451,5): warning MSB3277:           Project file item includes which caused reference "C:\Users\ultra\warewolf\Dev\Binaries\Infragistcs_Net6\InfragisticsWPF4.Controls.Editors.XamMaskedInput.v15.1.dll". [C:\Users\ultra\warewolf\Dev\Warewolf.Studio.Themes.Luna\Warewolf.Studio.Themes.Luna.csproj]
C:\Program Files\dotnet\sdk\10.0.201\Microsoft.Common.CurrentVersion.targets(2451,5): warning MSB3277:             InfragisticsWPF4.Controls.Grids.DateTimeColumn.v15.1, Version=15.1.20151.2055, Culture=neutral, PublicKeyToken=7dd5c3163f2cd0cb, processorArchitecture=MSIL [C:\Users\ultra\warewolf\Dev\Warewolf.Studio.Themes.Luna\Warewolf.Studio.Themes.Luna.csproj]
C:\Program Files\dotnet\sdk\10.0.201\Microsoft.Common.CurrentVersion.targets(2451,5): warning MSB3277:         C:\Users\ultra\warewolf\Dev\Binaries\Infragistcs_Net6\InfragisticsWPF4.DragDrop.v15.1.dll [C:\Users\ultra\warewolf\Dev\Warewolf.Studio.Themes.Luna\Warewolf.Studio.Themes.Luna.csproj]
C:\Program Files\dotnet\sdk\10.0.201\Microsoft.Common.CurrentVersion.targets(2451,5): warning MSB3277:           Project file item includes which caused reference "C:\Users\ultra\warewolf\Dev\Binaries\Infragistcs_Net6\InfragisticsWPF4.DragDrop.v15.1.dll". [C:\Users\ultra\warewolf\Dev\Warewolf.Studio.Themes.Luna\Warewolf.Studio.Themes.Luna.csproj]
C:\Program Files\dotnet\sdk\10.0.201\Microsoft.Common.CurrentVersion.targets(2451,5): warning MSB3277:             InfragisticsWPF4.Controls.Menus.XamDataTree.v15.1 [C:\Users\ultra\warewolf\Dev\Warewolf.Studio.Themes.Luna\Warewolf.Studio.Themes.Luna.csproj]
C:\Program Files\dotnet\sdk\10.0.201\Microsoft.Common.CurrentVersion.targets(2451,5): warning MSB3277:         C:\Users\ultra\warewolf\Dev\Binaries\Infragistcs_Net6\InfragisticsWPF4.Controls.Editors.XamCalendar.v15.1.dll [C:\Users\ultra\warewolf\Dev\Warewolf.Studio.Themes.Luna\Warewolf.Studio.Themes.Luna.csproj]
C:\Program Files\dotnet\sdk\10.0.201\Microsoft.Common.CurrentVersion.targets(2451,5): warning MSB3277:           Project file item includes which caused reference "C:\Users\ultra\warewolf\Dev\Binaries\Infragistcs_Net6\InfragisticsWPF4.Controls.Editors.XamCalendar.v15.1.dll". [C:\Users\ultra\warewolf\Dev\Warewolf.Studio.Themes.Luna\Warewolf.Studio.Themes.Luna.csproj]
C:\Program Files\dotnet\sdk\10.0.201\Microsoft.Common.CurrentVersion.targets(2451,5): warning MSB3277:             InfragisticsWPF4.Controls.Grids.DateTimeColumn.v15.1, Version=15.1.20151.2055, Culture=neutral, PublicKeyToken=7dd5c3163f2cd0cb, processorArchitecture=MSIL [C:\Users\ultra\warewolf\Dev\Warewolf.Studio.Themes.Luna\Warewolf.Studio.Themes.Luna.csproj]
C:\Program Files\dotnet\sdk\10.0.201\Microsoft.Common.CurrentVersion.targets(2451,5): warning MSB3277: Found conflicts between different versions of "System.IO.Packaging" that could not be resolved. [C:\Users\ultra\warewolf\Dev\Warewolf.Studio.Themes.Luna\Warewolf.Studio.Themes.Luna.csproj]
C:\Program Files\dotnet\sdk\10.0.201\Microsoft.Common.CurrentVersion.targets(2451,5): warning MSB3277: There was a conflict between "System.IO.Packaging, Version=6.0.0.0, Culture=neutral, PublicKeyToken=b03f5f7f11d50a3a" and "System.IO.Packaging, Version=7.0.0.0, Culture=neutral, PublicKeyToken=b03f5f7f11d50a3a". [C:\Users\ultra\warewolf\Dev\Warewolf.Studio.Themes.Luna\Warewolf.Studio.Themes.Luna.csproj]
C:\Program Files\dotnet\sdk\10.0.201\Microsoft.Common.CurrentVersion.targets(2451,5): warning MSB3277:     "System.IO.Packaging, Version=6.0.0.0, Culture=neutral, PublicKeyToken=b03f5f7f11d50a3a" was chosen because it was primary and "System.IO.Packaging, Version=7.0.0.0, Culture=neutral, PublicKeyToken=b03f5f7f11d50a3a" was not. [C:\Users\ultra\warewolf\Dev\Warewolf.Studio.Themes.Luna\Warewolf.Studio.Themes.Luna.csproj]
C:\Program Files\dotnet\sdk\10.0.201\Microsoft.Common.CurrentVersion.targets(2451,5): warning MSB3277:     References which depend on "System.IO.Packaging, Version=6.0.0.0, Culture=neutral, PublicKeyToken=b03f5f7f11d50a3a" [C:\Users\ultra\.nuget\packages\system.io.packaging\6.0.0\lib\net6.0\System.IO.Packaging.dll]. [C:\Users\ultra\warewolf\Dev\Warewolf.Studio.Themes.Luna\Warewolf.Studio.Themes.Luna.csproj]
C:\Program Files\dotnet\sdk\10.0.201\Microsoft.Common.CurrentVersion.targets(2451,5): warning MSB3277:         C:\Users\ultra\.nuget\packages\system.io.packaging\6.0.0\lib\net6.0\System.IO.Packaging.dll [C:\Users\ultra\warewolf\Dev\Warewolf.Studio.Themes.Luna\Warewolf.Studio.Themes.Luna.csproj]
C:\Program Files\dotnet\sdk\10.0.201\Microsoft.Common.CurrentVersion.targets(2451,5): warning MSB3277:           Project file item includes which caused reference "C:\Users\ultra\.nuget\packages\system.io.packaging\6.0.0\lib\net6.0\System.IO.Packaging.dll". [C:\Users\ultra\warewolf\Dev\Warewolf.Studio.Themes.Luna\Warewolf.Studio.Themes.Luna.csproj]
C:\Program Files\dotnet\sdk\10.0.201\Microsoft.Common.CurrentVersion.targets(2451,5): warning MSB3277:             C:\Users\ultra\.nuget\packages\system.io.packaging\6.0.0\lib\net6.0\System.IO.Packaging.dll [C:\Users\ultra\warewolf\Dev\Warewolf.Studio.Themes.Luna\Warewolf.Studio.Themes.Luna.csproj]
C:\Program Files\dotnet\sdk\10.0.201\Microsoft.Common.CurrentVersion.targets(2451,5): warning MSB3277:     References which depend on or have been unified to "System.IO.Packaging, Version=7.0.0.0, Culture=neutral, PublicKeyToken=b03f5f7f11d50a3a" []. [C:\Users\ultra\warewolf\Dev\Warewolf.Studio.Themes.Luna\Warewolf.Studio.Themes.Luna.csproj]
C:\Program Files\dotnet\sdk\10.0.201\Microsoft.Common.CurrentVersion.targets(2451,5): warning MSB3277:         C:\Users\ultra\warewolf\Dev\Binaries\Infragistcs_Net6\InfragisticsWPF4.Documents.RichTextDocument.v15.1.dll [C:\Users\ultra\warewolf\Dev\Warewolf.Studio.Themes.Luna\Warewolf.Studio.Themes.Luna.csproj]
C:\Program Files\dotnet\sdk\10.0.201\Microsoft.Common.CurrentVersion.targets(2451,5): warning MSB3277:           Project file item includes which caused reference "C:\Users\ultra\warewolf\Dev\Binaries\Infragistcs_Net6\InfragisticsWPF4.Documents.RichTextDocument.v15.1.dll". [C:\Users\ultra\warewolf\Dev\Warewolf.Studio.Themes.Luna\Warewolf.Studio.Themes.Luna.csproj]
C:\Program Files\dotnet\sdk\10.0.201\Microsoft.Common.CurrentVersion.targets(2451,5): warning MSB3277:             InfragisticsWPF4.Documents.RichTextDocument.v15.1, Version=15.1.20151.2055, Culture=neutral, PublicKeyToken=7dd5c3163f2cd0cb, processorArchitecture=MSIL [C:\Users\ultra\warewolf\Dev\Warewolf.Studio.Themes.Luna\Warewolf.Studio.Themes.Luna.csproj]
C:\Program Files\dotnet\sdk\10.0.201\Microsoft.Common.CurrentVersion.targets(2451,5): warning MSB3277:             InfragisticsWPF4.Controls.Editors.XamRichTextEditor.v15.1, Version=15.1.20151.2055, Culture=neutral, PublicKeyToken=7dd5c3163f2cd0cb, processorArchitecture=MSIL [C:\Users\ultra\warewolf\Dev\Warewolf.Studio.Themes.Luna\Warewolf.Studio.Themes.Luna.csproj]
C:\Program Files\dotnet\sdk\10.0.201\Microsoft.Common.CurrentVersion.targets(2451,5): warning MSB3277:             InfragisticsWPF4.Documents.RichTextDocument.Html.v15.1, Version=15.1.20151.2055, Culture=neutral, PublicKeyToken=7dd5c3163f2cd0cb, processorArchitecture=MSIL [C:\Users\ultra\warewolf\Dev\Warewolf.Studio.Themes.Luna\Warewolf.Studio.Themes.Luna.csproj]
C:\Program Files\dotnet\sdk\10.0.201\Microsoft.Common.CurrentVersion.targets(2451,5): warning MSB3277:         C:\Program Files\dotnet\packs\Microsoft.NETCore.App.Ref\8.0.25\ref\net8.0\WindowsBase.dll [C:\Users\ultra\warewolf\Dev\Warewolf.Studio.Themes.Luna\Warewolf.Studio.Themes.Luna.csproj]
C:\Program Files\dotnet\sdk\10.0.201\Microsoft.Common.CurrentVersion.targets(2451,5): warning MSB3277:           Project file item includes which caused reference "C:\Program Files\dotnet\packs\Microsoft.NETCore.App.Ref\8.0.25\ref\net8.0\WindowsBase.dll". [C:\Users\ultra\warewolf\Dev\Warewolf.Studio.Themes.Luna\Warewolf.Studio.Themes.Luna.csproj]
C:\Program Files\dotnet\sdk\10.0.201\Microsoft.Common.CurrentVersion.targets(2451,5): warning MSB3277:             C:\Program Files\dotnet\packs\Microsoft.NETCore.App.Ref\8.0.25\ref/net8.0/WindowsBase.dll [C:\Users\ultra\warewolf\Dev\Warewolf.Studio.Themes.Luna\Warewolf.Studio.Themes.Luna.csproj]
C:\Program Files\dotnet\sdk\10.0.201\Microsoft.Common.CurrentVersion.targets(2451,5): warning MSB3277:         C:\Users\ultra\warewolf\Dev\Binaries\Infragistcs_Net6\InfragisticsWPF4.Documents.Core.v15.1.dll [C:\Users\ultra\warewolf\Dev\Warewolf.Studio.Themes.Luna\Warewolf.Studio.Themes.Luna.csproj]
C:\Program Files\dotnet\sdk\10.0.201\Microsoft.Common.CurrentVersion.targets(2451,5): warning MSB3277:           Project file item includes which caused reference "C:\Users\ultra\warewolf\Dev\Binaries\Infragistcs_Net6\InfragisticsWPF4.Documents.Core.v15.1.dll". [C:\Users\ultra\warewolf\Dev\Warewolf.Studio.Themes.Luna\Warewolf.Studio.Themes.Luna.csproj]
C:\Program Files\dotnet\sdk\10.0.201\Microsoft.Common.CurrentVersion.targets(2451,5): warning MSB3277:             InfragisticsWPF4.Documents.RichTextDocument.Html.v15.1, Version=15.1.20151.2055, Culture=neutral, PublicKeyToken=7dd5c3163f2cd0cb, processorArchitecture=MSIL [C:\Users\ultra\warewolf\Dev\Warewolf.Studio.Themes.Luna\Warewolf.Studio.Themes.Luna.csproj]
C:\Program Files\dotnet\sdk\10.0.201\Microsoft.Common.CurrentVersion.targets(2451,5): warning MSB3277: Found conflicts between different versions of "System.Windows.Extensions" that could not be resolved. [C:\Users\ultra\warewolf\Dev\Warewolf.Studio.Themes.Luna\Warewolf.Studio.Themes.Luna.csproj]
C:\Program Files\dotnet\sdk\10.0.201\Microsoft.Common.CurrentVersion.targets(2451,5): warning MSB3277: There was a conflict between "System.Windows.Extensions, Version=6.0.0.0, Culture=neutral, PublicKeyToken=cc7b13ffcd2ddd51" and "System.Windows.Extensions, Version=7.0.0.0, Culture=neutral, PublicKeyToken=cc7b13ffcd2ddd51". [C:\Users\ultra\warewolf\Dev\Warewolf.Studio.Themes.Luna\Warewolf.Studio.Themes.Luna.csproj]
C:\Program Files\dotnet\sdk\10.0.201\Microsoft.Common.CurrentVersion.targets(2451,5): warning MSB3277:     "System.Windows.Extensions, Version=6.0.0.0, Culture=neutral, PublicKeyToken=cc7b13ffcd2ddd51" was chosen because it was primary and "System.Windows.Extensions, Version=7.0.0.0, Culture=neutral, PublicKeyToken=cc7b13ffcd2ddd51" was not. [C:\Users\ultra\warewolf\Dev\Warewolf.Studio.Themes.Luna\Warewolf.Studio.Themes.Luna.csproj]
C:\Program Files\dotnet\sdk\10.0.201\Microsoft.Common.CurrentVersion.targets(2451,5): warning MSB3277:     References which depend on "System.Windows.Extensions, Version=6.0.0.0, Culture=neutral, PublicKeyToken=cc7b13ffcd2ddd51" [C:\Users\ultra\.nuget\packages\system.windows.extensions\6.0.0\lib\net6.0\System.Windows.Extensions.dll]. [C:\Users\ultra\warewolf\Dev\Warewolf.Studio.Themes.Luna\Warewolf.Studio.Themes.Luna.csproj]
C:\Program Files\dotnet\sdk\10.0.201\Microsoft.Common.CurrentVersion.targets(2451,5): warning MSB3277:         C:\Users\ultra\.nuget\packages\system.windows.extensions\6.0.0\lib\net6.0\System.Windows.Extensions.dll [C:\Users\ultra\warewolf\Dev\Warewolf.Studio.Themes.Luna\Warewolf.Studio.Themes.Luna.csproj]
C:\Program Files\dotnet\sdk\10.0.201\Microsoft.Common.CurrentVersion.targets(2451,5): warning MSB3277:           Project file item includes which caused reference "C:\Users\ultra\.nuget\packages\system.windows.extensions\6.0.0\lib\net6.0\System.Windows.Extensions.dll". [C:\Users\ultra\warewolf\Dev\Warewolf.Studio.Themes.Luna\Warewolf.Studio.Themes.Luna.csproj]
C:\Program Files\dotnet\sdk\10.0.201\Microsoft.Common.CurrentVersion.targets(2451,5): warning MSB3277:             C:\Users\ultra\.nuget\packages\system.windows.extensions\6.0.0\lib\net6.0\System.Windows.Extensions.dll [C:\Users\ultra\warewolf\Dev\Warewolf.Studio.Themes.Luna\Warewolf.Studio.Themes.Luna.csproj]
C:\Program Files\dotnet\sdk\10.0.201\Microsoft.Common.CurrentVersion.targets(2451,5): warning MSB3277:     References which depend on or have been unified to "System.Windows.Extensions, Version=7.0.0.0, Culture=neutral, PublicKeyToken=cc7b13ffcd2ddd51" []. [C:\Users\ultra\warewolf\Dev\Warewolf.Studio.Themes.Luna\Warewolf.Studio.Themes.Luna.csproj]
C:\Program Files\dotnet\sdk\10.0.201\Microsoft.Common.CurrentVersion.targets(2451,5): warning MSB3277:         C:\Users\ultra\warewolf\Dev\Binaries\Infragistcs_Net6\InfragisticsWPF4.Editors.v15.1.dll [C:\Users\ultra\warewolf\Dev\Warewolf.Studio.Themes.Luna\Warewolf.Studio.Themes.Luna.csproj]
C:\Program Files\dotnet\sdk\10.0.201\Microsoft.Common.CurrentVersion.targets(2451,5): warning MSB3277:           Project file item includes which caused reference "C:\Users\ultra\warewolf\Dev\Binaries\Infragistcs_Net6\InfragisticsWPF4.Editors.v15.1.dll". [C:\Users\ultra\warewolf\Dev\Warewolf.Studio.Themes.Luna\Warewolf.Studio.Themes.Luna.csproj]
C:\Program Files\dotnet\sdk\10.0.201\Microsoft.Common.CurrentVersion.targets(2451,5): warning MSB3277:             InfragisticsWPF4.Editors.v15.1, Version=15.1.20151.2055, Culture=neutral, PublicKeyToken=7dd5c3163f2cd0cb, processorArchitecture=MSIL [C:\Users\ultra\warewolf\Dev\Warewolf.Studio.Themes.Luna\Warewolf.Studio.Themes.Luna.csproj]
C:\Program Files\dotnet\sdk\10.0.201\Microsoft.Common.CurrentVersion.targets(2451,5): warning MSB3277:             InfragisticsWPF4.DataPresenter.v15.1, Version=15.1.20151.2055, Culture=neutral, PublicKeyToken=7dd5c3163f2cd0cb, processorArchitecture=MSIL [C:\Users\ultra\warewolf\Dev\Warewolf.Studio.Themes.Luna\Warewolf.Studio.Themes.Luna.csproj]
C:\Program Files\dotnet\sdk\10.0.201\Microsoft.Common.CurrentVersion.targets(2451,5): warning MSB3277:         C:\Users\ultra\.nuget\packages\extended.wpf.toolkit\4.4.0\lib\net5.0\Xceed.Wpf.Toolkit.NET5.dll [C:\Users\ultra\warewolf\Dev\Warewolf.Studio.Themes.Luna\Warewolf.Studio.Themes.Luna.csproj]
C:\Program Files\dotnet\sdk\10.0.201\Microsoft.Common.CurrentVersion.targets(2451,5): warning MSB3277:           Project file item includes which caused reference "C:\Users\ultra\.nuget\packages\extended.wpf.toolkit\4.4.0\lib\net5.0\Xceed.Wpf.Toolkit.NET5.dll". [C:\Users\ultra\warewolf\Dev\Warewolf.Studio.Themes.Luna\Warewolf.Studio.Themes.Luna.csproj]
C:\Program Files\dotnet\sdk\10.0.201\Microsoft.Common.CurrentVersion.targets(2451,5): warning MSB3277:             C:\Users\ultra\.nuget\packages\extended.wpf.toolkit\4.4.0\lib\net5.0\Xceed.Wpf.Toolkit.NET5.dll [C:\Users\ultra\warewolf\Dev\Warewolf.Studio.Themes.Luna\Warewolf.Studio.Themes.Luna.csproj]
C:\Program Files\dotnet\sdk\10.0.201\Microsoft.Common.CurrentVersion.targets(2451,5): warning MSB3277:         C:\Users\ultra\.nuget\packages\system.security.permissions\6.0.0\lib\net6.0\System.Security.Permissions.dll [C:\Users\ultra\warewolf\Dev\Warewolf.Studio.Themes.Luna\Warewolf.Studio.Themes.Luna.csproj]
C:\Program Files\dotnet\sdk\10.0.201\Microsoft.Common.CurrentVersion.targets(2451,5): warning MSB3277:           Project file item includes which caused reference "C:\Users\ultra\.nuget\packages\system.security.permissions\6.0.0\lib\net6.0\System.Security.Permissions.dll". [C:\Users\ultra\warewolf\Dev\Warewolf.Studio.Themes.Luna\Warewolf.Studio.Themes.Luna.csproj]
C:\Program Files\dotnet\sdk\10.0.201\Microsoft.Common.CurrentVersion.targets(2451,5): warning MSB3277:             C:\Users\ultra\.nuget\packages\system.security.permissions\6.0.0\lib\net6.0\System.Security.Permissions.dll [C:\Users\ultra\warewolf\Dev\Warewolf.Studio.Themes.Luna\Warewolf.Studio.Themes.Luna.csproj]
C:\Program Files\dotnet\sdk\10.0.201\Microsoft.Common.CurrentVersion.targets(2451,5): warning MSB3277:         C:\Program Files\dotnet\packs\Microsoft.NETCore.App.Ref\8.0.25\ref\net8.0\System.Security.dll [C:\Users\ultra\warewolf\Dev\Warewolf.Studio.Themes.Luna\Warewolf.Studio.Themes.Luna.csproj]
C:\Program Files\dotnet\sdk\10.0.201\Microsoft.Common.CurrentVersion.targets(2451,5): warning MSB3277:           Project file item includes which caused reference "C:\Program Files\dotnet\packs\Microsoft.NETCore.App.Ref\8.0.25\ref\net8.0\System.Security.dll". [C:\Users\ultra\warewolf\Dev\Warewolf.Studio.Themes.Luna\Warewolf.Studio.Themes.Luna.csproj]
C:\Program Files\dotnet\sdk\10.0.201\Microsoft.Common.CurrentVersion.targets(2451,5): warning MSB3277:             C:\Program Files\dotnet\packs\Microsoft.NETCore.App.Ref\8.0.25\ref/net8.0/System.Security.dll [C:\Users\ultra\warewolf\Dev\Warewolf.Studio.Themes.Luna\Warewolf.Studio.Themes.Luna.csproj]
C:\Program Files\dotnet\sdk\10.0.201\Microsoft.Common.CurrentVersion.targets(2451,5): warning MSB3277:         C:\Program Files\dotnet\packs\Microsoft.NETCore.App.Ref\8.0.25\ref\net8.0\System.dll [C:\Users\ultra\warewolf\Dev\Warewolf.Studio.Themes.Luna\Warewolf.Studio.Themes.Luna.csproj]
C:\Program Files\dotnet\sdk\10.0.201\Microsoft.Common.CurrentVersion.targets(2451,5): warning MSB3277:           Project file item includes which caused reference "C:\Program Files\dotnet\packs\Microsoft.NETCore.App.Ref\8.0.25\ref\net8.0\System.dll". [C:\Users\ultra\warewolf\Dev\Warewolf.Studio.Themes.Luna\Warewolf.Studio.Themes.Luna.csproj]
C:\Program Files\dotnet\sdk\10.0.201\Microsoft.Common.CurrentVersion.targets(2451,5): warning MSB3277:             C:\Program Files\dotnet\packs\Microsoft.NETCore.App.Ref\8.0.25\ref/net8.0/System.dll [C:\Users\ultra\warewolf\Dev\Warewolf.Studio.Themes.Luna\Warewolf.Studio.Themes.Luna.csproj]
C:\Program Files\dotnet\sdk\10.0.201\Microsoft.Common.CurrentVersion.targets(2451,5): warning MSB3277:             C:\Users\ultra\.nuget\packages\aerowizard\2.3.1\lib\net45\AeroWizard.dll [C:\Users\ultra\warewolf\Dev\Warewolf.Studio.Themes.Luna\Warewolf.Studio.Themes.Luna.csproj]
C:\Program Files\dotnet\sdk\10.0.201\Microsoft.Common.CurrentVersion.targets(2451,5): warning MSB3277:             C:\Users\ultra\.nuget\packages\groupcontrols\1.9.0\lib\net45\GroupControls.dll [C:\Users\ultra\warewolf\Dev\Warewolf.Studio.Themes.Luna\Warewolf.Studio.Themes.Luna.csproj]
C:\Program Files\dotnet\sdk\10.0.201\Microsoft.Common.CurrentVersion.targets(2451,5): warning MSB3277:             C:\Users\ultra\.nuget\packages\microsoft.xaml.behaviors.wpf\1.1.122\lib\net462\Microsoft.Xaml.Behaviors.dll [C:\Users\ultra\warewolf\Dev\Warewolf.Studio.Themes.Luna\Warewolf.Studio.Themes.Luna.csproj]
C:\Program Files\dotnet\sdk\10.0.201\Microsoft.Common.CurrentVersion.targets(2451,5): warning MSB3277:             C:\Users\ultra\.nuget\packages\caliburn.micro\4.0.212\lib\netcoreapp3.1\Caliburn.Micro.Platform.dll [C:\Users\ultra\warewolf\Dev\Warewolf.Studio.Themes.Luna\Warewolf.Studio.Themes.Luna.csproj]
C:\Program Files\dotnet\sdk\10.0.201\Microsoft.Common.CurrentVersion.targets(2451,5): warning MSB3277:             C:\Users\ultra\.nuget\packages\prism.wpf\9.0.537\lib\net462\Prism.Wpf.dll [C:\Users\ultra\warewolf\Dev\Warewolf.Studio.Themes.Luna\Warewolf.Studio.Themes.Luna.csproj]
C:\Program Files\dotnet\sdk\10.0.201\Microsoft.Common.CurrentVersion.targets(2451,5): warning MSB3277:             C:\Users\ultra\.nuget\packages\reactiveui.wpf\18.4.1\lib\net462\ReactiveUI.Wpf.dll [C:\Users\ultra\warewolf\Dev\Warewolf.Studio.Themes.Luna\Warewolf.Studio.Themes.Luna.csproj]
C:\Program Files\dotnet\sdk\10.0.201\Microsoft.Common.CurrentVersion.targets(2451,5): warning MSB3277:             C:\Users\ultra\.nuget\packages\taskschedulereditor\2.10.1\lib\net452\Microsoft.Win32.TaskSchedulerEditor.dll [C:\Users\ultra\warewolf\Dev\Warewolf.Studio.Themes.Luna\Warewolf.Studio.Themes.Luna.csproj]
C:\Program Files\dotnet\sdk\10.0.201\Microsoft.Common.CurrentVersion.targets(2451,5): warning MSB3277:             C:\Users\ultra\.nuget\packages\ttcue.netcore.sharepointonline.csom.16.1.8029.1200\16.1.8029.1200\lib\netcoreapp2.0\Microsoft.SharePoint.Client.Runtime.Windows.dll [C:\Users\ultra\warewolf\Dev\Warewolf.Studio.Themes.Luna\Warewolf.Studio.Themes.Luna.csproj]
C:\Program Files\dotnet\sdk\10.0.201\Microsoft.Common.CurrentVersion.targets(2451,5): warning MSB3277:         C:\Users\ultra\warewolf\Dev\Binaries\Infragistcs_Net6\InfragisticsWPF4.Controls.Editors.XamMaskedInput.v15.1.dll [C:\Users\ultra\warewolf\Dev\Warewolf.Studio.Themes.Luna\Warewolf.Studio.Themes.Luna.csproj]
C:\Program Files\dotnet\sdk\10.0.201\Microsoft.Common.CurrentVersion.targets(2451,5): warning MSB3277:           Project file item includes which caused reference "C:\Users\ultra\warewolf\Dev\Binaries\Infragistcs_Net6\InfragisticsWPF4.Controls.Editors.XamMaskedInput.v15.1.dll". [C:\Users\ultra\warewolf\Dev\Warewolf.Studio.Themes.Luna\Warewolf.Studio.Themes.Luna.csproj]
C:\Program Files\dotnet\sdk\10.0.201\Microsoft.Common.CurrentVersion.targets(2451,5): warning MSB3277:             InfragisticsWPF4.Controls.Grids.DateTimeColumn.v15.1, Version=15.1.20151.2055, Culture=neutral, PublicKeyToken=7dd5c3163f2cd0cb, processorArchitecture=MSIL [C:\Users\ultra\warewolf\Dev\Warewolf.Studio.Themes.Luna\Warewolf.Studio.Themes.Luna.csproj]
  Consider app.config remapping of assembly "System.Data.SQLite, Culture=neutral, PublicKeyToken=db937bc2d44ff139" from Version "1.0.117.0" [] to Version "1.0.118.0" [C:\Users\ultra\.nuget\packages\stub.system.data.sqlite.core.netstandard\1.0.118\lib\netstandard2.1\System.Data.SQLite.dll] to solve conflict and get rid of warning.
  Warewolf.MergeParser.Tests -> C:\Users\ultra\warewolf\Dev\Warewolf.MergeParser.Tests\bin\Debug\net8.0\linux-x64\Warewolf.MergeParser.Tests.dll
  Warewolf.QueueWorker -> C:\Users\ultra\warewolf\Dev\Warewolf.QueueWorker\bin\Debug\net8.0\QueueWorker.dll
  Warewolf.MergeParser.Tests -> C:\Users\ultra\warewolf\Dev\Warewolf.MergeParser.Tests\bin\Debug\net8.0\Warewolf.MergeParser.Tests.dll
C:\Users\ultra\warewolf\Dev\Warewolf.UnitTestAttributes\Depends.cs(587,5): warning SYSLIB0014: 'WebClient.WebClient()' is obsolete: 'WebRequest, HttpWebRequest, ServicePoint, and WebClient are obsolete. Use HttpClient instead.' (https://aka.ms/dotnet-warnings/SYSLIB0014) [C:\Users\ultra\warewolf\Dev\Dev2.Infrastructure.Tests\Dev2.Infrastructure.Tests.csproj]
C:\Users\ultra\warewolf\Dev\Warewolf.UnitTestAttributes\Depends.cs(309,33): warning SYSLIB0014: 'WebClient.WebClient()' is obsolete: 'WebRequest, HttpWebRequest, ServicePoint, and WebClient are obsolete. Use HttpClient instead.' (https://aka.ms/dotnet-warnings/SYSLIB0014) [C:\Users\ultra\warewolf\Dev\Dev2.Infrastructure.Tests\Dev2.Infrastructure.Tests.csproj]
C:\Users\ultra\warewolf\Dev\Warewolf.UnitTestAttributes\Depends.cs(523,30): warning SYSLIB0014: 'WebClient.WebClient()' is obsolete: 'WebRequest, HttpWebRequest, ServicePoint, and WebClient are obsolete. Use HttpClient instead.' (https://aka.ms/dotnet-warnings/SYSLIB0014) [C:\Users\ultra\warewolf\Dev\Dev2.Infrastructure.Tests\Dev2.Infrastructure.Tests.csproj]
C:\Users\ultra\warewolf\Dev\Dev2.Infrastructure.Tests\MoqInstallerActions\IntallerActionsForDevelopmentTest.cs(30,31): warning CA1416: This call site is reachable on all platforms. 'WindowsIdentity.GetCurrent(bool)' is only supported on: 'windows'. (https://learn.microsoft.com/dotnet/fundamentals/code-analysis/quality-rules/ca1416) [C:\Users\ultra\warewolf\Dev\Dev2.Infrastructure.Tests\Dev2.Infrastructure.Tests.csproj]
C:\Users\ultra\warewolf\Dev\Dev2.Infrastructure.Tests\MoqInstallerActions\IntallerActionsForDevelopmentTest.cs(40,57): warning CA1416: This call site is reachable on all platforms. 'WindowsIdentity.Name' is only supported on: 'windows'. (https://learn.microsoft.com/dotnet/fundamentals/code-analysis/quality-rules/ca1416) [C:\Users\ultra\warewolf\Dev\Dev2.Infrastructure.Tests\Dev2.Infrastructure.Tests.csproj]
C:\Users\ultra\warewolf\Dev\Dev2.Infrastructure.Tests\MoqInstallerActions\IntallerActionsForDevelopmentTest.cs(57,31): warning CA1416: This call site is reachable on all platforms. 'WindowsIdentity.GetCurrent(bool)' is only supported on: 'windows'. (https://learn.microsoft.com/dotnet/fundamentals/code-analysis/quality-rules/ca1416) [C:\Users\ultra\warewolf\Dev\Dev2.Infrastructure.Tests\Dev2.Infrastructure.Tests.csproj]
C:\Users\ultra\warewolf\Dev\Dev2.Infrastructure.Tests\MoqInstallerActions\IntallerActionsForDevelopmentTest.cs(67,57): warning CA1416: This call site is reachable on all platforms. 'WindowsIdentity.Name' is only supported on: 'windows'. (https://learn.microsoft.com/dotnet/fundamentals/code-analysis/quality-rules/ca1416) [C:\Users\ultra\warewolf\Dev\Dev2.Infrastructure.Tests\Dev2.Infrastructure.Tests.csproj]
C:\Users\ultra\warewolf\Dev\Warewolf.UnitTestAttributes\Depends.cs(587,5): warning SYSLIB0014: 'WebClient.WebClient()' is obsolete: 'WebRequest, HttpWebRequest, ServicePoint, and WebClient are obsolete. Use HttpClient instead.' (https://aka.ms/dotnet-warnings/SYSLIB0014) [C:\Users\ultra\warewolf\Dev\Dev2.Infrastructure.Tests\Dev2.Infrastructure.Tests.csproj]
C:\Users\ultra\warewolf\Dev\Warewolf.UnitTestAttributes\Depends.cs(309,33): warning SYSLIB0014: 'WebClient.WebClient()' is obsolete: 'WebRequest, HttpWebRequest, ServicePoint, and WebClient are obsolete. Use HttpClient instead.' (https://aka.ms/dotnet-warnings/SYSLIB0014) [C:\Users\ultra\warewolf\Dev\Dev2.Infrastructure.Tests\Dev2.Infrastructure.Tests.csproj]
C:\Users\ultra\warewolf\Dev\Warewolf.UnitTestAttributes\Depends.cs(523,30): warning SYSLIB0014: 'WebClient.WebClient()' is obsolete: 'WebRequest, HttpWebRequest, ServicePoint, and WebClient are obsolete. Use HttpClient instead.' (https://aka.ms/dotnet-warnings/SYSLIB0014) [C:\Users\ultra\warewolf\Dev\Dev2.Infrastructure.Tests\Dev2.Infrastructure.Tests.csproj]
C:\Users\ultra\warewolf\Dev\Dev2.Infrastructure.Tests\MoqInstallerActions\IntallerActionsForDevelopmentTest.cs(30,31): warning CA1416: This call site is reachable on all platforms. 'WindowsIdentity.GetCurrent(bool)' is only supported on: 'windows'. (https://learn.microsoft.com/dotnet/fundamentals/code-analysis/quality-rules/ca1416) [C:\Users\ultra\warewolf\Dev\Dev2.Infrastructure.Tests\Dev2.Infrastructure.Tests.csproj]
C:\Users\ultra\warewolf\Dev\Dev2.Infrastructure.Tests\MoqInstallerActions\IntallerActionsForDevelopmentTest.cs(67,57): warning CA1416: This call site is reachable on all platforms. 'WindowsIdentity.Name' is only supported on: 'windows'. (https://learn.microsoft.com/dotnet/fundamentals/code-analysis/quality-rules/ca1416) [C:\Users\ultra\warewolf\Dev\Dev2.Infrastructure.Tests\Dev2.Infrastructure.Tests.csproj]
C:\Users\ultra\warewolf\Dev\Dev2.Infrastructure.Tests\MoqInstallerActions\IntallerActionsForDevelopmentTest.cs(40,57): warning CA1416: This call site is reachable on all platforms. 'WindowsIdentity.Name' is only supported on: 'windows'. (https://learn.microsoft.com/dotnet/fundamentals/code-analysis/quality-rules/ca1416) [C:\Users\ultra\warewolf\Dev\Dev2.Infrastructure.Tests\Dev2.Infrastructure.Tests.csproj]
C:\Users\ultra\warewolf\Dev\Dev2.Infrastructure.Tests\MoqInstallerActions\IntallerActionsForDevelopmentTest.cs(57,31): warning CA1416: This call site is reachable on all platforms. 'WindowsIdentity.GetCurrent(bool)' is only supported on: 'windows'. (https://learn.microsoft.com/dotnet/fundamentals/code-analysis/quality-rules/ca1416) [C:\Users\ultra\warewolf\Dev\Dev2.Infrastructure.Tests\Dev2.Infrastructure.Tests.csproj]
  Dev2.Infrastructure.Tests -> C:\Users\ultra\warewolf\Dev\Dev2.Infrastructure.Tests\bin\Debug\net8.0\linux-x64\Dev2.Infrastructure.Tests.dll
  Dev2.Infrastructure.Tests -> C:\Users\ultra\warewolf\Dev\Dev2.Infrastructure.Tests\bin\Debug\net8.0\Dev2.Infrastructure.Tests.dll
  Warewolf.Core.Tests -> C:\Users\ultra\warewolf\Dev\Warewolf.Core.Tests\bin\Debug\net8.0\linux-x64\Warewolf.Core.Tests.dll
  Warewolf.Studio.Themes.Luna -> C:\Users\ultra\warewolf\Dev\Warewolf.Studio.Themes.Luna\bin\Debug\net8.0\Warewolf.Studio.Themes.Luna.dll
C:\Program Files\dotnet\sdk\10.0.201\Microsoft.Common.CurrentVersion.targets(2451,5): warning MSB3277: Found conflicts between different versions of "WindowsBase" that could not be resolved. [C:\Users\ultra\warewolf\Dev\Dev2.Server\Dev2.Server.csproj]
C:\Program Files\dotnet\sdk\10.0.201\Microsoft.Common.CurrentVersion.targets(2451,5): warning MSB3277: There was a conflict between "WindowsBase, Version=4.0.0.0, Culture=neutral, PublicKeyToken=31bf3856ad364e35" and "WindowsBase, Version=6.0.2.0, Culture=neutral, PublicKeyToken=31bf3856ad364e35". [C:\Users\ultra\warewolf\Dev\Dev2.Server\Dev2.Server.csproj]
C:\Program Files\dotnet\sdk\10.0.201\Microsoft.Common.CurrentVersion.targets(2451,5): warning MSB3277:     "WindowsBase, Version=4.0.0.0, Culture=neutral, PublicKeyToken=31bf3856ad364e35" was chosen because it was primary and "WindowsBase, Version=6.0.2.0, Culture=neutral, PublicKeyToken=31bf3856ad364e35" was not. [C:\Users\ultra\warewolf\Dev\Dev2.Server\Dev2.Server.csproj]
C:\Program Files\dotnet\sdk\10.0.201\Microsoft.Common.CurrentVersion.targets(2451,5): warning MSB3277:     References which depend on "WindowsBase, Version=4.0.0.0, Culture=neutral, PublicKeyToken=31bf3856ad364e35" [C:\Program Files\dotnet\packs\Microsoft.NETCore.App.Ref\8.0.25\ref\net8.0\WindowsBase.dll]. [C:\Users\ultra\warewolf\Dev\Dev2.Server\Dev2.Server.csproj]
C:\Program Files\dotnet\sdk\10.0.201\Microsoft.Common.CurrentVersion.targets(2451,5): warning MSB3277:         C:\Program Files\dotnet\packs\Microsoft.NETCore.App.Ref\8.0.25\ref\net8.0\WindowsBase.dll [C:\Users\ultra\warewolf\Dev\Dev2.Server\Dev2.Server.csproj]
C:\Program Files\dotnet\sdk\10.0.201\Microsoft.Common.CurrentVersion.targets(2451,5): warning MSB3277:           Project file item includes which caused reference "C:\Program Files\dotnet\packs\Microsoft.NETCore.App.Ref\8.0.25\ref\net8.0\WindowsBase.dll". [C:\Users\ultra\warewolf\Dev\Dev2.Server\Dev2.Server.csproj]
C:\Program Files\dotnet\sdk\10.0.201\Microsoft.Common.CurrentVersion.targets(2451,5): warning MSB3277:             C:\Program Files\dotnet\packs\Microsoft.NETCore.App.Ref\8.0.25\ref/net8.0/WindowsBase.dll [C:\Users\ultra\warewolf\Dev\Dev2.Server\Dev2.Server.csproj]
C:\Program Files\dotnet\sdk\10.0.201\Microsoft.Common.CurrentVersion.targets(2451,5): warning MSB3277:     References which depend on or have been unified to "WindowsBase, Version=6.0.2.0, Culture=neutral, PublicKeyToken=31bf3856ad364e35" []. [C:\Users\ultra\warewolf\Dev\Dev2.Server\Dev2.Server.csproj]
C:\Program Files\dotnet\sdk\10.0.201\Microsoft.Common.CurrentVersion.targets(2451,5): warning MSB3277:         C:\Users\ultra\.nuget\packages\caliburn.micro\4.0.212\lib\netcoreapp3.1\Caliburn.Micro.Platform.dll [C:\Users\ultra\warewolf\Dev\Dev2.Server\Dev2.Server.csproj]
C:\Program Files\dotnet\sdk\10.0.201\Microsoft.Common.CurrentVersion.targets(2451,5): warning MSB3277:           Project file item includes which caused reference "C:\Users\ultra\.nuget\packages\caliburn.micro\4.0.212\lib\netcoreapp3.1\Caliburn.Micro.Platform.dll". [C:\Users\ultra\warewolf\Dev\Dev2.Server\Dev2.Server.csproj]
C:\Program Files\dotnet\sdk\10.0.201\Microsoft.Common.CurrentVersion.targets(2451,5): warning MSB3277:             C:\Users\ultra\.nuget\packages\caliburn.micro\4.0.212\lib\netcoreapp3.1\Caliburn.Micro.Platform.dll [C:\Users\ultra\warewolf\Dev\Dev2.Server\Dev2.Server.csproj]
C:\Program Files\dotnet\sdk\10.0.201\Microsoft.Common.CurrentVersion.targets(2451,5): warning MSB3277:         C:\Users\ultra\.nuget\packages\ironpython\3.4.0\lib\net6.0\IronPython.Wpf.dll [C:\Users\ultra\warewolf\Dev\Dev2.Server\Dev2.Server.csproj]
C:\Program Files\dotnet\sdk\10.0.201\Microsoft.Common.CurrentVersion.targets(2451,5): warning MSB3277:           Project file item includes which caused reference "C:\Users\ultra\.nuget\packages\ironpython\3.4.0\lib\net6.0\IronPython.Wpf.dll". [C:\Users\ultra\warewolf\Dev\Dev2.Server\Dev2.Server.csproj]
C:\Program Files\dotnet\sdk\10.0.201\Microsoft.Common.CurrentVersion.targets(2451,5): warning MSB3277:             C:\Users\ultra\.nuget\packages\ironpython\3.4.0\lib\net6.0\IronPython.Wpf.dll [C:\Users\ultra\warewolf\Dev\Dev2.Server\Dev2.Server.csproj]
C:\Program Files\dotnet\sdk\10.0.201\Microsoft.Common.CurrentVersion.targets(2451,5): warning MSB3277:         C:\Users\ultra\.nuget\packages\microsoft.xaml.behaviors.wpf\1.1.122\lib\net462\Microsoft.Xaml.Behaviors.dll [C:\Users\ultra\warewolf\Dev\Dev2.Server\Dev2.Server.csproj]
C:\Program Files\dotnet\sdk\10.0.201\Microsoft.Common.CurrentVersion.targets(2451,5): warning MSB3277:           Project file item includes which caused reference "C:\Users\ultra\.nuget\packages\microsoft.xaml.behaviors.wpf\1.1.122\lib\net462\Microsoft.Xaml.Behaviors.dll". [C:\Users\ultra\warewolf\Dev\Dev2.Server\Dev2.Server.csproj]
C:\Program Files\dotnet\sdk\10.0.201\Microsoft.Common.CurrentVersion.targets(2451,5): warning MSB3277:             C:\Users\ultra\.nuget\packages\microsoft.xaml.behaviors.wpf\1.1.122\lib\net462\Microsoft.Xaml.Behaviors.dll [C:\Users\ultra\warewolf\Dev\Dev2.Server\Dev2.Server.csproj]
C:\Program Files\dotnet\sdk\10.0.201\Microsoft.Common.CurrentVersion.targets(2451,5): warning MSB3277:             C:\Users\ultra\.nuget\packages\caliburn.micro\4.0.212\lib\netcoreapp3.1\Caliburn.Micro.Platform.dll [C:\Users\ultra\warewolf\Dev\Dev2.Server\Dev2.Server.csproj]
C:\Program Files\dotnet\sdk\10.0.201\Microsoft.Common.CurrentVersion.targets(2451,5): warning MSB3277:             C:\Users\ultra\.nuget\packages\prism.wpf\9.0.537\lib\net462\Prism.Wpf.dll [C:\Users\ultra\warewolf\Dev\Dev2.Server\Dev2.Server.csproj]
C:\Program Files\dotnet\sdk\10.0.201\Microsoft.Common.CurrentVersion.targets(2451,5): warning MSB3277:         C:\Users\ultra\.nuget\packages\prism.wpf\9.0.537\lib\net462\Prism.Wpf.dll [C:\Users\ultra\warewolf\Dev\Dev2.Server\Dev2.Server.csproj]
C:\Program Files\dotnet\sdk\10.0.201\Microsoft.Common.CurrentVersion.targets(2451,5): warning MSB3277:           Project file item includes which caused reference "C:\Users\ultra\.nuget\packages\prism.wpf\9.0.537\lib\net462\Prism.Wpf.dll". [C:\Users\ultra\warewolf\Dev\Dev2.Server\Dev2.Server.csproj]
C:\Program Files\dotnet\sdk\10.0.201\Microsoft.Common.CurrentVersion.targets(2451,5): warning MSB3277:             C:\Users\ultra\.nuget\packages\prism.wpf\9.0.537\lib\net462\Prism.Wpf.dll [C:\Users\ultra\warewolf\Dev\Dev2.Server\Dev2.Server.csproj]
C:\Program Files\dotnet\sdk\10.0.201\Microsoft.Common.CurrentVersion.targets(2451,5): warning MSB3277:         C:\Users\ultra\.nuget\packages\reactiveui.wpf\18.4.1\lib\net462\ReactiveUI.Wpf.dll [C:\Users\ultra\warewolf\Dev\Dev2.Server\Dev2.Server.csproj]
C:\Program Files\dotnet\sdk\10.0.201\Microsoft.Common.CurrentVersion.targets(2451,5): warning MSB3277:           Project file item includes which caused reference "C:\Users\ultra\.nuget\packages\reactiveui.wpf\18.4.1\lib\net462\ReactiveUI.Wpf.dll". [C:\Users\ultra\warewolf\Dev\Dev2.Server\Dev2.Server.csproj]
C:\Program Files\dotnet\sdk\10.0.201\Microsoft.Common.CurrentVersion.targets(2451,5): warning MSB3277:             C:\Users\ultra\.nuget\packages\reactiveui.wpf\18.4.1\lib\net462\ReactiveUI.Wpf.dll [C:\Users\ultra\warewolf\Dev\Dev2.Server\Dev2.Server.csproj]
C:\Program Files\dotnet\sdk\10.0.201\Microsoft.Common.CurrentVersion.targets(2451,5): warning MSB3277: Found conflicts between different versions of "System.Drawing.Common" that could not be resolved. [C:\Users\ultra\warewolf\Dev\Dev2.Server\Dev2.Server.csproj]
C:\Program Files\dotnet\sdk\10.0.201\Microsoft.Common.CurrentVersion.targets(2451,5): warning MSB3277: There was a conflict between "System.Drawing.Common, Version=6.0.0.0, Culture=neutral, PublicKeyToken=cc7b13ffcd2ddd51" and "System.Drawing.Common, Version=8.0.0.0, Culture=neutral, PublicKeyToken=cc7b13ffcd2ddd51". [C:\Users\ultra\warewolf\Dev\Dev2.Server\Dev2.Server.csproj]
C:\Program Files\dotnet\sdk\10.0.201\Microsoft.Common.CurrentVersion.targets(2451,5): warning MSB3277:     "System.Drawing.Common, Version=6.0.0.0, Culture=neutral, PublicKeyToken=cc7b13ffcd2ddd51" was chosen because it was primary and "System.Drawing.Common, Version=8.0.0.0, Culture=neutral, PublicKeyToken=cc7b13ffcd2ddd51" was not. [C:\Users\ultra\warewolf\Dev\Dev2.Server\Dev2.Server.csproj]
C:\Program Files\dotnet\sdk\10.0.201\Microsoft.Common.CurrentVersion.targets(2451,5): warning MSB3277:     References which depend on "System.Drawing.Common, Version=6.0.0.0, Culture=neutral, PublicKeyToken=cc7b13ffcd2ddd51" [C:\Users\ultra\.nuget\packages\system.drawing.common\6.0.0\lib\net6.0\System.Drawing.Common.dll]. [C:\Users\ultra\warewolf\Dev\Dev2.Server\Dev2.Server.csproj]
C:\Program Files\dotnet\sdk\10.0.201\Microsoft.Common.CurrentVersion.targets(2451,5): warning MSB3277:         C:\Users\ultra\.nuget\packages\system.drawing.common\6.0.0\lib\net6.0\System.Drawing.Common.dll [C:\Users\ultra\warewolf\Dev\Dev2.Server\Dev2.Server.csproj]
C:\Program Files\dotnet\sdk\10.0.201\Microsoft.Common.CurrentVersion.targets(2451,5): warning MSB3277:           Project file item includes which caused reference "C:\Users\ultra\.nuget\packages\system.drawing.common\6.0.0\lib\net6.0\System.Drawing.Common.dll". [C:\Users\ultra\warewolf\Dev\Dev2.Server\Dev2.Server.csproj]
C:\Program Files\dotnet\sdk\10.0.201\Microsoft.Common.CurrentVersion.targets(2451,5): warning MSB3277:             C:\Users\ultra\.nuget\packages\system.drawing.common\6.0.0\lib\net6.0\System.Drawing.Common.dll [C:\Users\ultra\warewolf\Dev\Dev2.Server\Dev2.Server.csproj]
C:\Program Files\dotnet\sdk\10.0.201\Microsoft.Common.CurrentVersion.targets(2451,5): warning MSB3277:     References which depend on or have been unified to "System.Drawing.Common, Version=8.0.0.0, Culture=neutral, PublicKeyToken=cc7b13ffcd2ddd51" []. [C:\Users\ultra\warewolf\Dev\Dev2.Server\Dev2.Server.csproj]
C:\Program Files\dotnet\sdk\10.0.201\Microsoft.Common.CurrentVersion.targets(2451,5): warning MSB3277:         C:\Users\ultra\.nuget\packages\servicestack\6.3.0\lib\net6.0\ServiceStack.dll [C:\Users\ultra\warewolf\Dev\Dev2.Server\Dev2.Server.csproj]
C:\Program Files\dotnet\sdk\10.0.201\Microsoft.Common.CurrentVersion.targets(2451,5): warning MSB3277:           Project file item includes which caused reference "C:\Users\ultra\.nuget\packages\servicestack\6.3.0\lib\net6.0\ServiceStack.dll". [C:\Users\ultra\warewolf\Dev\Dev2.Server\Dev2.Server.csproj]
C:\Program Files\dotnet\sdk\10.0.201\Microsoft.Common.CurrentVersion.targets(2451,5): warning MSB3277:             C:\Users\ultra\.nuget\packages\servicestack\6.3.0\lib\net6.0\ServiceStack.dll [C:\Users\ultra\warewolf\Dev\Dev2.Server\Dev2.Server.csproj]
C:\Program Files\dotnet\sdk\10.0.201\Microsoft.Common.CurrentVersion.targets(2451,5): warning MSB3277:         C:\Users\ultra\.nuget\packages\system.windows.extensions\8.0.0\lib\net8.0\System.Windows.Extensions.dll [C:\Users\ultra\warewolf\Dev\Dev2.Server\Dev2.Server.csproj]
C:\Program Files\dotnet\sdk\10.0.201\Microsoft.Common.CurrentVersion.targets(2451,5): warning MSB3277:           Project file item includes which caused reference "C:\Users\ultra\.nuget\packages\system.windows.extensions\8.0.0\lib\net8.0\System.Windows.Extensions.dll". [C:\Users\ultra\warewolf\Dev\Dev2.Server\Dev2.Server.csproj]
C:\Program Files\dotnet\sdk\10.0.201\Microsoft.Common.CurrentVersion.targets(2451,5): warning MSB3277:             C:\Users\ultra\.nuget\packages\system.windows.extensions\8.0.0\lib\net8.0\System.Windows.Extensions.dll [C:\Users\ultra\warewolf\Dev\Dev2.Server\Dev2.Server.csproj]
C:\Program Files\dotnet\sdk\10.0.201\Microsoft.Common.CurrentVersion.targets(2451,5): warning MSB3277:             C:\Users\ultra\.nuget\packages\system.security.permissions\8.0.0\lib\net8.0\System.Security.Permissions.dll [C:\Users\ultra\warewolf\Dev\Dev2.Server\Dev2.Server.csproj]
C:\Program Files\dotnet\sdk\10.0.201\Microsoft.Common.CurrentVersion.targets(2451,5): warning MSB3277:             C:\Users\ultra\warewolf\Dev\Dev2.Data\bin\Debug\net8.0\Dev2.Data.dll [C:\Users\ultra\warewolf\Dev\Dev2.Server\Dev2.Server.csproj]
C:\Program Files\dotnet\sdk\10.0.201\Microsoft.Common.CurrentVersion.targets(2451,5): warning MSB3277:             C:\Users\ultra\warewolf\Dev\Dev2.Activities\bin\Debug\net8.0\Dev2.Activities.dll [C:\Users\ultra\warewolf\Dev\Dev2.Server\Dev2.Server.csproj]
C:\Program Files\dotnet\sdk\10.0.201\Microsoft.Common.CurrentVersion.targets(2451,5): warning MSB3277:             C:\Users\ultra\warewolf\Dev\Dev2.Core\bin\Debug\net8.0\Dev2.Core.dll [C:\Users\ultra\warewolf\Dev\Dev2.Server\Dev2.Server.csproj]
C:\Program Files\dotnet\sdk\10.0.201\Microsoft.Common.CurrentVersion.targets(2451,5): warning MSB3277:             C:\Users\ultra\warewolf\Dev\Dev2.Runtime.Services\bin\Debug\net8.0\Dev2.Runtime.Services.dll [C:\Users\ultra\warewolf\Dev\Dev2.Server\Dev2.Server.csproj]
C:\Program Files\dotnet\sdk\10.0.201\Microsoft.Common.CurrentVersion.targets(2451,5): warning MSB3277:             C:\Users\ultra\warewolf\Dev\Dev2.Runtime.WebServer\bin\Debug\net8.0\Dev2.Runtime.WebServer.dll [C:\Users\ultra\warewolf\Dev\Dev2.Server\Dev2.Server.csproj]
C:\Program Files\dotnet\sdk\10.0.201\Microsoft.Common.CurrentVersion.targets(2451,5): warning MSB3277:             C:\Users\ultra\warewolf\Dev\Dev2.Runtime\bin\Debug\net8.0\Dev2.Runtime.dll [C:\Users\ultra\warewolf\Dev\Dev2.Server\Dev2.Server.csproj]
C:\Program Files\dotnet\sdk\10.0.201\Microsoft.Common.CurrentVersion.targets(2451,5): warning MSB3277:             C:\Users\ultra\warewolf\Dev\Dev2.Scheduler\bin\Debug\net8.0\Dev2.Scheduler.dll [C:\Users\ultra\warewolf\Dev\Dev2.Server\Dev2.Server.csproj]
C:\Program Files\dotnet\sdk\10.0.201\Microsoft.Common.CurrentVersion.targets(2451,5): warning MSB3277:             C:\Users\ultra\warewolf\Dev\Dev2.Services.Execution\bin\Debug\net8.0\Dev2.Services.Execution.dll [C:\Users\ultra\warewolf\Dev\Dev2.Server\Dev2.Server.csproj]
C:\Program Files\dotnet\sdk\10.0.201\Microsoft.Common.CurrentVersion.targets(2451,5): warning MSB3277:             C:\Users\ultra\warewolf\Dev\Warewolf.Auditing\bin\Debug\net8.0\Warewolf.Auditing.dll [C:\Users\ultra\warewolf\Dev\Dev2.Server\Dev2.Server.csproj]
C:\Program Files\dotnet\sdk\10.0.201\Microsoft.Common.CurrentVersion.targets(2451,5): warning MSB3277:             C:\Users\ultra\warewolf\Dev\Warewolf.HangfireServer\bin\Debug\net8.0\HangfireServer.dll [C:\Users\ultra\warewolf\Dev\Dev2.Server\Dev2.Server.csproj]
C:\Program Files\dotnet\sdk\10.0.201\Microsoft.Common.CurrentVersion.targets(2451,5): warning MSB3277:             C:\Users\ultra\warewolf\Dev\Warewolf.Logger\bin\Debug\net8.0\WarewolfLogger.dll [C:\Users\ultra\warewolf\Dev\Dev2.Server\Dev2.Server.csproj]
C:\Program Files\dotnet\sdk\10.0.201\Microsoft.Common.CurrentVersion.targets(2451,5): warning MSB3277:             C:\Users\ultra\warewolf\Dev\Warewolf.QueueWorker\bin\Debug\net8.0\QueueWorker.dll [C:\Users\ultra\warewolf\Dev\Dev2.Server\Dev2.Server.csproj]
C:\Program Files\dotnet\sdk\10.0.201\Microsoft.Common.CurrentVersion.targets(2451,5): warning MSB3277:             C:\Users\ultra\warewolf\Dev\Warewolf.Core\bin\Debug\net8.0\Warewolf.Core.dll [C:\Users\ultra\warewolf\Dev\Dev2.Server\Dev2.Server.csproj]
C:\Program Files\dotnet\sdk\10.0.201\Microsoft.Common.CurrentVersion.targets(2451,5): warning MSB3277:             C:\Users\ultra\warewolf\Dev\Warewolf.ResourceManagement\bin\Debug\net8.0\Warewolf.ResourceManagement.dll [C:\Users\ultra\warewolf\Dev\Dev2.Server\Dev2.Server.csproj]
C:\Program Files\dotnet\sdk\10.0.201\Microsoft.Common.CurrentVersion.targets(2451,5): warning MSB3277:             C:\Users\ultra\warewolf\Dev\Warewolf.Trigger.Queue\bin\Debug\net8.0\Warewolf.Trigger.Queue.dll [C:\Users\ultra\warewolf\Dev\Dev2.Server\Dev2.Server.csproj]
C:\Program Files\dotnet\sdk\10.0.201\Microsoft.Common.CurrentVersion.targets(2451,5): warning MSB3277:             C:\Users\ultra\warewolf\Dev\Dev2.Intellisense\bin\Debug\net8.0\Dev2.Intellisense.dll [C:\Users\ultra\warewolf\Dev\Dev2.Server\Dev2.Server.csproj]
C:\Program Files\dotnet\sdk\10.0.201\Microsoft.Common.CurrentVersion.targets(2451,5): warning MSB3277:             C:\Users\ultra\warewolf\Dev\Dev2.Studio.Core\bin\Debug\net8.0\Dev2.Studio.Core.dll [C:\Users\ultra\warewolf\Dev\Dev2.Server\Dev2.Server.csproj]
C:\Program Files\dotnet\sdk\10.0.201\Microsoft.Common.CurrentVersion.targets(2451,5): warning MSB3277:             C:\Users\ultra\warewolf\Dev\Dev2.Studio.Interfaces\bin\Debug\net8.0\Dev2.Studio.Interfaces.dll [C:\Users\ultra\warewolf\Dev\Dev2.Server\Dev2.Server.csproj]
C:\Program Files\dotnet\sdk\10.0.201\Microsoft.Common.CurrentVersion.targets(2451,5): warning MSB3277:             C:\Users\ultra\warewolf\Dev\Warewolf.Common.Framework48\bin\Debug\net8.0\Warewolf.Common.Framework48.dll [C:\Users\ultra\warewolf\Dev\Dev2.Server\Dev2.Server.csproj]
C:\Program Files\dotnet\sdk\10.0.201\Microsoft.Common.CurrentVersion.targets(2451,5): warning MSB3277:             C:\Users\ultra\warewolf\Dev\Warewolf.Common.NetStandard20\bin\Debug\net8.0\Warewolf.Common.NetStandard20.dll [C:\Users\ultra\warewolf\Dev\Dev2.Server\Dev2.Server.csproj]
C:\Program Files\dotnet\sdk\10.0.201\Microsoft.Common.CurrentVersion.targets(2451,5): warning MSB3277:             C:\Users\ultra\warewolf\Dev\Warewolf.Driver.Persistence\bin\Debug\net8.0\Warewolf.Driver.Persistence.dll [C:\Users\ultra\warewolf\Dev\Dev2.Server\Dev2.Server.csproj]
C:\Program Files\dotnet\sdk\10.0.201\Microsoft.Common.CurrentVersion.targets(2451,5): warning MSB3277:             C:\Users\ultra\warewolf\Dev\Warewolf.Exchange.Email.Wrapper\bin\Debug\net8.0\Warewolf.Exchange.Email.Wrapper.dll [C:\Users\ultra\warewolf\Dev\Dev2.Server\Dev2.Server.csproj]
C:\Program Files\dotnet\sdk\10.0.201\Microsoft.Common.CurrentVersion.targets(2451,5): warning MSB3277:             C:\Users\ultra\warewolf\Dev\Warewolf.Studio.Core\bin\Debug\net8.0\Warewolf.Studio.Core.dll [C:\Users\ultra\warewolf\Dev\Dev2.Server\Dev2.Server.csproj]
C:\Program Files\dotnet\sdk\10.0.201\Microsoft.Common.CurrentVersion.targets(2451,5): warning MSB3277:             C:\Users\ultra\warewolf\Dev\Warewolf.UI\bin\Debug\net8.0\Warewolf.UI.dll [C:\Users\ultra\warewolf\Dev\Dev2.Server\Dev2.Server.csproj]
C:\Program Files\dotnet\sdk\10.0.201\Microsoft.Common.CurrentVersion.targets(2451,5): warning MSB3277:             C:\Users\ultra\.nuget\packages\dotnetzip\1.16.0\lib\netstandard2.0\DotNetZip.dll [C:\Users\ultra\warewolf\Dev\Dev2.Server\Dev2.Server.csproj]
C:\Program Files\dotnet\sdk\10.0.201\Microsoft.Common.CurrentVersion.targets(2451,5): warning MSB3277:             C:\Users\ultra\warewolf\Dev\Dev2.Common\bin\Debug\net8.0\Dev2.Common.dll [C:\Users\ultra\warewolf\Dev\Dev2.Server\Dev2.Server.csproj]
C:\Program Files\dotnet\sdk\10.0.201\Microsoft.Common.CurrentVersion.targets(2451,5): warning MSB3277:             C:\Users\ultra\warewolf\Dev\Dev2.Development.Languages\bin\Debug\net8.0\Dev2.Development.Languages.dll [C:\Users\ultra\warewolf\Dev\Dev2.Server\Dev2.Server.csproj]
C:\Program Files\dotnet\sdk\10.0.201\Microsoft.Common.CurrentVersion.targets(2451,5): warning MSB3277:             C:\Users\ultra\warewolf\Dev\Dev2.Diagnostics\bin\Debug\net8.0\Dev2.Diagnostics.dll [C:\Users\ultra\warewolf\Dev\Dev2.Server\Dev2.Server.csproj]
C:\Program Files\dotnet\sdk\10.0.201\Microsoft.Common.CurrentVersion.targets(2451,5): warning MSB3277:             C:\Users\ultra\warewolf\Dev\Dev2.Infrastructure\bin\Debug\net8.0\Dev2.Infrastructure.dll [C:\Users\ultra\warewolf\Dev\Dev2.Server\Dev2.Server.csproj]
C:\Program Files\dotnet\sdk\10.0.201\Microsoft.Common.CurrentVersion.targets(2451,5): warning MSB3277:             C:\Users\ultra\warewolf\Dev\Dev2.Util\bin\Debug\net8.0\Dev2.Util.dll [C:\Users\ultra\warewolf\Dev\Dev2.Server\Dev2.Server.csproj]
C:\Program Files\dotnet\sdk\10.0.201\Microsoft.Common.CurrentVersion.targets(2451,5): warning MSB3277:             C:\Users\ultra\warewolf\Dev\Warewolf.PerfMon\bin\Debug\net8.0\Warewolf.PerfMon.dll [C:\Users\ultra\warewolf\Dev\Dev2.Server\Dev2.Server.csproj]
C:\Program Files\dotnet\sdk\10.0.201\Microsoft.Common.CurrentVersion.targets(2451,5): warning MSB3277:             C:\Users\ultra\warewolf\Dev\Warewolf.Sharepoint\bin\Debug\net8.0\Warewolf.Sharepoint.dll [C:\Users\ultra\warewolf\Dev\Dev2.Server\Dev2.Server.csproj]
C:\Program Files\dotnet\sdk\10.0.201\Microsoft.Common.CurrentVersion.targets(2451,5): warning MSB3277:             C:\Users\ultra\warewolf\Dev\Warewolf.Storage\bin\Debug\net8.0\Warewolf.Storage.dll [C:\Users\ultra\warewolf\Dev\Dev2.Server\Dev2.Server.csproj]
C:\Program Files\dotnet\sdk\10.0.201\Microsoft.Common.CurrentVersion.targets(2451,5): warning MSB3277:             C:\Users\ultra\warewolf\Dev\Dev2.Data.Interfaces\bin\Debug\net8.0\Dev2.Data.Interfaces.dll [C:\Users\ultra\warewolf\Dev\Dev2.Server\Dev2.Server.csproj]
C:\Program Files\dotnet\sdk\10.0.201\Microsoft.Common.CurrentVersion.targets(2451,5): warning MSB3277:             C:\Users\ultra\warewolf\Dev\Dev2.Services.Sql\bin\Debug\net8.0\Dev2.Services.Sql.dll [C:\Users\ultra\warewolf\Dev\Dev2.Server\Dev2.Server.csproj]
C:\Program Files\dotnet\sdk\10.0.201\Microsoft.Common.CurrentVersion.targets(2451,5): warning MSB3277:             C:\Users\ultra\warewolf\Dev\Dev2.TaskScheduler.Wrappers\bin\Debug\net8.0\Dev2.TaskScheduler.Wrappers.dll [C:\Users\ultra\warewolf\Dev\Dev2.Server\Dev2.Server.csproj]
C:\Program Files\dotnet\sdk\10.0.201\Microsoft.Common.CurrentVersion.targets(2451,5): warning MSB3277:             C:\Users\ultra\warewolf\Dev\Warewolf.AI.Harness\bin\Debug\net8.0\Warewolf.AI.Harness.dll [C:\Users\ultra\warewolf\Dev\Dev2.Server\Dev2.Server.csproj]
C:\Program Files\dotnet\sdk\10.0.201\Microsoft.Common.CurrentVersion.targets(2451,5): warning MSB3277:             C:\Users\ultra\warewolf\Dev\Warewolf.Driver.Serilog\bin\Debug\net8.0\Warewolf.Driver.Serilog.dll [C:\Users\ultra\warewolf\Dev\Dev2.Server\Dev2.Server.csproj]
C:\Program Files\dotnet\sdk\10.0.201\Microsoft.Common.CurrentVersion.targets(2451,5): warning MSB3277:             C:\Users\ultra\.nuget\packages\mindbox.data.linq\5.0.0\lib\netstandard2.0\Mindbox.Data.Linq.dll [C:\Users\ultra\warewolf\Dev\Dev2.Server\Dev2.Server.csproj]
C:\Program Files\dotnet\sdk\10.0.201\Microsoft.Common.CurrentVersion.targets(2451,5): warning MSB3277:             C:\Users\ultra\.nuget\packages\mysql.data\8.4.0\lib\net8.0\MySql.Data.dll [C:\Users\ultra\warewolf\Dev\Dev2.Server\Dev2.Server.csproj]
C:\Program Files\dotnet\sdk\10.0.201\Microsoft.Common.CurrentVersion.targets(2451,5): warning MSB3277:             C:\Users\ultra\.nuget\packages\oracle.manageddataaccess.core\3.21.70\lib\netstandard2.1\Oracle.ManagedDataAccess.dll [C:\Users\ultra\warewolf\Dev\Dev2.Server\Dev2.Server.csproj]
C:\Program Files\dotnet\sdk\10.0.201\Microsoft.Common.CurrentVersion.targets(2451,5): warning MSB3277:             C:\Users\ultra\.nuget\packages\system.directoryservices\6.0.0\lib\net6.0\System.DirectoryServices.dll [C:\Users\ultra\warewolf\Dev\Dev2.Server\Dev2.Server.csproj]
C:\Program Files\dotnet\sdk\10.0.201\Microsoft.Common.CurrentVersion.targets(2451,5): warning MSB3277:             C:\Users\ultra\.nuget\packages\corewcf.primitives\1.2.1\lib\netstandard2.0\CoreWCF.Primitives.dll [C:\Users\ultra\warewolf\Dev\Dev2.Server\Dev2.Server.csproj]
C:\Program Files\dotnet\sdk\10.0.201\Microsoft.Common.CurrentVersion.targets(2451,5): warning MSB3277:             C:\Users\ultra\.nuget\packages\corewcf.http\1.2.1\lib\netstandard2.0\CoreWCF.Http.dll [C:\Users\ultra\warewolf\Dev\Dev2.Server\Dev2.Server.csproj]
C:\Program Files\dotnet\sdk\10.0.201\Microsoft.Common.CurrentVersion.targets(2451,5): warning MSB3277:             C:\Users\ultra\.nuget\packages\corewcf.nettcp\1.2.1\lib\netstandard2.0\CoreWCF.NetTcp.dll [C:\Users\ultra\warewolf\Dev\Dev2.Server\Dev2.Server.csproj]
C:\Program Files\dotnet\sdk\10.0.201\Microsoft.Common.CurrentVersion.targets(2451,5): warning MSB3277:             C:\Users\ultra\.nuget\packages\corewcf.webhttp\1.2.1\lib\netstandard2.0\CoreWCF.WebHttp.dll [C:\Users\ultra\warewolf\Dev\Dev2.Server\Dev2.Server.csproj]
C:\Program Files\dotnet\sdk\10.0.201\Microsoft.Common.CurrentVersion.targets(2451,5): warning MSB3277:             C:\Program Files\dotnet\packs\Microsoft.NETCore.App.Ref\8.0.25\ref/net8.0/System.Configuration.dll [C:\Users\ultra\warewolf\Dev\Dev2.Server\Dev2.Server.csproj]
C:\Program Files\dotnet\sdk\10.0.201\Microsoft.Common.CurrentVersion.targets(2451,5): warning MSB3277:             C:\Users\ultra\.nuget\packages\prism.wpf\9.0.537\lib\net462\Prism.Wpf.dll [C:\Users\ultra\warewolf\Dev\Dev2.Server\Dev2.Server.csproj]
C:\Program Files\dotnet\sdk\10.0.201\Microsoft.Common.CurrentVersion.targets(2451,5): warning MSB3277:             C:\Program Files\dotnet\packs\Microsoft.NETCore.App.Ref\8.0.25\ref/net8.0/System.Data.dll [C:\Users\ultra\warewolf\Dev\Dev2.Server\Dev2.Server.csproj]
C:\Program Files\dotnet\sdk\10.0.201\Microsoft.Common.CurrentVersion.targets(2451,5): warning MSB3277:             C:\Users\ultra\.nuget\packages\taskschedulereditor\2.10.1\lib\net452\Microsoft.Win32.TaskSchedulerEditor.dll [C:\Users\ultra\warewolf\Dev\Dev2.Server\Dev2.Server.csproj]
C:\Program Files\dotnet\sdk\10.0.201\Microsoft.Common.CurrentVersion.targets(2451,5): warning MSB3277:             C:\Program Files\dotnet\packs\Microsoft.NETCore.App.Ref\8.0.25\ref/net8.0/System.Drawing.dll [C:\Users\ultra\warewolf\Dev\Dev2.Server\Dev2.Server.csproj]
C:\Program Files\dotnet\sdk\10.0.201\Microsoft.Common.CurrentVersion.targets(2451,5): warning MSB3277:             C:\Users\ultra\.nuget\packages\aerowizard\2.3.1\lib\net45\AeroWizard.dll [C:\Users\ultra\warewolf\Dev\Dev2.Server\Dev2.Server.csproj]
C:\Program Files\dotnet\sdk\10.0.201\Microsoft.Common.CurrentVersion.targets(2451,5): warning MSB3277:             C:\Users\ultra\.nuget\packages\groupcontrols\1.9.0\lib\net45\GroupControls.dll [C:\Users\ultra\warewolf\Dev\Dev2.Server\Dev2.Server.csproj]
C:\Program Files\dotnet\sdk\10.0.201\Microsoft.Common.CurrentVersion.targets(2451,5): warning MSB3277:             C:\Program Files\dotnet\packs\Microsoft.NETCore.App.Ref\8.0.25\ref/net8.0/System.Net.dll [C:\Users\ultra\warewolf\Dev\Dev2.Server\Dev2.Server.csproj]
C:\Program Files\dotnet\sdk\10.0.201\Microsoft.Common.CurrentVersion.targets(2451,5): warning MSB3277:             C:\Program Files\dotnet\packs\Microsoft.NETCore.App.Ref\8.0.25\ref/net8.0/System.Security.dll [C:\Users\ultra\warewolf\Dev\Dev2.Server\Dev2.Server.csproj]
C:\Program Files\dotnet\sdk\10.0.201\Microsoft.Common.CurrentVersion.targets(2451,5): warning MSB3277:             C:\Program Files\dotnet\packs\Microsoft.NETCore.App.Ref\8.0.25\ref/net8.0/System.ServiceProcess.dll [C:\Users\ultra\warewolf\Dev\Dev2.Server\Dev2.Server.csproj]
C:\Program Files\dotnet\sdk\10.0.201\Microsoft.Common.CurrentVersion.targets(2451,5): warning MSB3277:             C:\Program Files\dotnet\packs\Microsoft.NETCore.App.Ref\8.0.25\ref/net8.0/System.Transactions.dll [C:\Users\ultra\warewolf\Dev\Dev2.Server\Dev2.Server.csproj]
C:\Program Files\dotnet\sdk\10.0.201\Microsoft.Common.CurrentVersion.targets(2451,5): warning MSB3277:             C:\Program Files\dotnet\packs\Microsoft.NETCore.App.Ref\8.0.25\ref/net8.0/System.dll [C:\Users\ultra\warewolf\Dev\Dev2.Server\Dev2.Server.csproj]
C:\Program Files\dotnet\sdk\10.0.201\Microsoft.Common.CurrentVersion.targets(2451,5): warning MSB3277:             C:\Users\ultra\.nuget\packages\microsoft.xaml.behaviors.wpf\1.1.122\lib\net462\Microsoft.Xaml.Behaviors.dll [C:\Users\ultra\warewolf\Dev\Dev2.Server\Dev2.Server.csproj]
C:\Program Files\dotnet\sdk\10.0.201\Microsoft.Common.CurrentVersion.targets(2451,5): warning MSB3277:             C:\Users\ultra\.nuget\packages\caliburn.micro\4.0.212\lib\netcoreapp3.1\Caliburn.Micro.Platform.dll [C:\Users\ultra\warewolf\Dev\Dev2.Server\Dev2.Server.csproj]
C:\Program Files\dotnet\sdk\10.0.201\Microsoft.Common.CurrentVersion.targets(2451,5): warning MSB3277:             C:\Users\ultra\.nuget\packages\reactiveui.wpf\18.4.1\lib\net462\ReactiveUI.Wpf.dll [C:\Users\ultra\warewolf\Dev\Dev2.Server\Dev2.Server.csproj]
C:\Program Files\dotnet\sdk\10.0.201\Microsoft.Common.CurrentVersion.targets(2451,5): warning MSB3277:             C:\Users\ultra\.nuget\packages\ttcue.netcore.sharepointonline.csom.16.1.8029.1200\16.1.8029.1200\lib\netcoreapp2.0\Microsoft.SharePoint.Client.Runtime.Windows.dll [C:\Users\ultra\warewolf\Dev\Dev2.Server\Dev2.Server.csproj]
C:\Program Files\dotnet\sdk\10.0.201\Microsoft.Common.CurrentVersion.targets(2451,5): warning MSB3277:             C:\Program Files\dotnet\packs\Microsoft.NETCore.App.Ref\8.0.25\ref/net8.0/WindowsBase.dll [C:\Users\ultra\warewolf\Dev\Dev2.Server\Dev2.Server.csproj]
C:\Program Files\dotnet\sdk\10.0.201\Microsoft.Common.CurrentVersion.targets(2451,5): warning MSB3277:             C:\Program Files\dotnet\packs\Microsoft.NETCore.App.Ref\8.0.25\ref/net8.0/mscorlib.dll [C:\Users\ultra\warewolf\Dev\Dev2.Server\Dev2.Server.csproj]
C:\Program Files\dotnet\sdk\10.0.201\Microsoft.Common.CurrentVersion.targets(2451,5): warning MSB3277:             Warewolf.Usage, Version=1.0.0.0, Culture=neutral, PublicKeyToken=null [C:\Users\ultra\warewolf\Dev\Dev2.Server\Dev2.Server.csproj]
C:\Program Files\dotnet\sdk\10.0.201\Microsoft.Common.CurrentVersion.targets(2451,5): warning MSB3277:             C:\Users\ultra\.nuget\packages\hangfire.core\1.7.32\lib\netstandard2.0\Hangfire.Core.dll [C:\Users\ultra\warewolf\Dev\Dev2.Server\Dev2.Server.csproj]
C:\Program Files\dotnet\sdk\10.0.201\Microsoft.Common.CurrentVersion.targets(2451,5): warning MSB3277:             C:\Users\ultra\.nuget\packages\hangfire.aspnetcore\1.7.32\lib\netcoreapp3.0\Hangfire.AspNetCore.dll [C:\Users\ultra\warewolf\Dev\Dev2.Server\Dev2.Server.csproj]
C:\Program Files\dotnet\sdk\10.0.201\Microsoft.Common.CurrentVersion.targets(2451,5): warning MSB3277:             C:\Users\ultra\.nuget\packages\hangfire.sqlserver\1.7.32\lib\netstandard2.0\Hangfire.SqlServer.dll [C:\Users\ultra\warewolf\Dev\Dev2.Server\Dev2.Server.csproj]
C:\Program Files\dotnet\sdk\10.0.201\Microsoft.Common.CurrentVersion.targets(2451,5): warning MSB3277:         C:\Program Files\dotnet\packs\Microsoft.NETCore.App.Ref\8.0.25\ref\net8.0\System.Drawing.dll [C:\Users\ultra\warewolf\Dev\Dev2.Server\Dev2.Server.csproj]
C:\Program Files\dotnet\sdk\10.0.201\Microsoft.Common.CurrentVersion.targets(2451,5): warning MSB3277:           Project file item includes which caused reference "C:\Program Files\dotnet\packs\Microsoft.NETCore.App.Ref\8.0.25\ref\net8.0\System.Drawing.dll". [C:\Users\ultra\warewolf\Dev\Dev2.Server\Dev2.Server.csproj]
C:\Program Files\dotnet\sdk\10.0.201\Microsoft.Common.CurrentVersion.targets(2451,5): warning MSB3277:             C:\Program Files\dotnet\packs\Microsoft.NETCore.App.Ref\8.0.25\ref/net8.0/System.Drawing.dll [C:\Users\ultra\warewolf\Dev\Dev2.Server\Dev2.Server.csproj]
C:\Program Files\dotnet\sdk\10.0.201\Microsoft.Common.CurrentVersion.targets(2451,5): warning MSB3277:             C:\Users\ultra\.nuget\packages\aerowizard\2.3.1\lib\net45\AeroWizard.dll [C:\Users\ultra\warewolf\Dev\Dev2.Server\Dev2.Server.csproj]
C:\Program Files\dotnet\sdk\10.0.201\Microsoft.Common.CurrentVersion.targets(2451,5): warning MSB3277:             C:\Users\ultra\.nuget\packages\groupcontrols\1.9.0\lib\net45\GroupControls.dll [C:\Users\ultra\warewolf\Dev\Dev2.Server\Dev2.Server.csproj]
C:\Program Files\dotnet\sdk\10.0.201\Microsoft.Common.CurrentVersion.targets(2451,5): warning MSB3277:             C:\Users\ultra\.nuget\packages\taskschedulereditor\2.10.1\lib\net452\Microsoft.Win32.TaskSchedulerEditor.dll [C:\Users\ultra\warewolf\Dev\Dev2.Server\Dev2.Server.csproj]
C:\Program Files\dotnet\sdk\10.0.201\Microsoft.Common.CurrentVersion.targets(2451,5): warning MSB3277: Found conflicts between different versions of "WindowsBase" that could not be resolved. [C:\Users\ultra\warewolf\Dev\Dev2.Common.Tests\Dev2.Common.Tests.csproj]
C:\Program Files\dotnet\sdk\10.0.201\Microsoft.Common.CurrentVersion.targets(2451,5): warning MSB3277: There was a conflict between "WindowsBase, Version=4.0.0.0, Culture=neutral, PublicKeyToken=31bf3856ad364e35" and "WindowsBase, Version=6.0.2.0, Culture=neutral, PublicKeyToken=31bf3856ad364e35". [C:\Users\ultra\warewolf\Dev\Dev2.Common.Tests\Dev2.Common.Tests.csproj]
C:\Program Files\dotnet\sdk\10.0.201\Microsoft.Common.CurrentVersion.targets(2451,5): warning MSB3277:     "WindowsBase, Version=4.0.0.0, Culture=neutral, PublicKeyToken=31bf3856ad364e35" was chosen because it was primary and "WindowsBase, Version=6.0.2.0, Culture=neutral, PublicKeyToken=31bf3856ad364e35" was not. [C:\Users\ultra\warewolf\Dev\Dev2.Common.Tests\Dev2.Common.Tests.csproj]
C:\Program Files\dotnet\sdk\10.0.201\Microsoft.Common.CurrentVersion.targets(2451,5): warning MSB3277:     References which depend on "WindowsBase, Version=4.0.0.0, Culture=neutral, PublicKeyToken=31bf3856ad364e35" [C:\Program Files\dotnet\packs\Microsoft.NETCore.App.Ref\8.0.25\ref\net8.0\WindowsBase.dll]. [C:\Users\ultra\warewolf\Dev\Dev2.Common.Tests\Dev2.Common.Tests.csproj]
C:\Program Files\dotnet\sdk\10.0.201\Microsoft.Common.CurrentVersion.targets(2451,5): warning MSB3277:         C:\Program Files\dotnet\packs\Microsoft.NETCore.App.Ref\8.0.25\ref\net8.0\WindowsBase.dll [C:\Users\ultra\warewolf\Dev\Dev2.Common.Tests\Dev2.Common.Tests.csproj]
C:\Program Files\dotnet\sdk\10.0.201\Microsoft.Common.CurrentVersion.targets(2451,5): warning MSB3277:           Project file item includes which caused reference "C:\Program Files\dotnet\packs\Microsoft.NETCore.App.Ref\8.0.25\ref\net8.0\WindowsBase.dll". [C:\Users\ultra\warewolf\Dev\Dev2.Common.Tests\Dev2.Common.Tests.csproj]
C:\Program Files\dotnet\sdk\10.0.201\Microsoft.Common.CurrentVersion.targets(2451,5): warning MSB3277:             C:\Program Files\dotnet\packs\Microsoft.NETCore.App.Ref\8.0.25\ref/net8.0/WindowsBase.dll [C:\Users\ultra\warewolf\Dev\Dev2.Common.Tests\Dev2.Common.Tests.csproj]
C:\Program Files\dotnet\sdk\10.0.201\Microsoft.Common.CurrentVersion.targets(2451,5): warning MSB3277:     References which depend on or have been unified to "WindowsBase, Version=6.0.2.0, Culture=neutral, PublicKeyToken=31bf3856ad364e35" []. [C:\Users\ultra\warewolf\Dev\Dev2.Common.Tests\Dev2.Common.Tests.csproj]
C:\Program Files\dotnet\sdk\10.0.201\Microsoft.Common.CurrentVersion.targets(2451,5): warning MSB3277:         C:\Users\ultra\.nuget\packages\caliburn.micro\4.0.212\lib\netcoreapp3.1\Caliburn.Micro.Platform.dll [C:\Users\ultra\warewolf\Dev\Dev2.Common.Tests\Dev2.Common.Tests.csproj]
C:\Program Files\dotnet\sdk\10.0.201\Microsoft.Common.CurrentVersion.targets(2451,5): warning MSB3277:           Project file item includes which caused reference "C:\Users\ultra\.nuget\packages\caliburn.micro\4.0.212\lib\netcoreapp3.1\Caliburn.Micro.Platform.dll". [C:\Users\ultra\warewolf\Dev\Dev2.Common.Tests\Dev2.Common.Tests.csproj]
C:\Program Files\dotnet\sdk\10.0.201\Microsoft.Common.CurrentVersion.targets(2451,5): warning MSB3277:             C:\Users\ultra\.nuget\packages\caliburn.micro\4.0.212\lib\netcoreapp3.1\Caliburn.Micro.Platform.dll [C:\Users\ultra\warewolf\Dev\Dev2.Common.Tests\Dev2.Common.Tests.csproj]
C:\Program Files\dotnet\sdk\10.0.201\Microsoft.Common.CurrentVersion.targets(2451,5): warning MSB3277:         C:\Users\ultra\.nuget\packages\ironpython\3.4.0\lib\net6.0\IronPython.Wpf.dll [C:\Users\ultra\warewolf\Dev\Dev2.Common.Tests\Dev2.Common.Tests.csproj]
C:\Program Files\dotnet\sdk\10.0.201\Microsoft.Common.CurrentVersion.targets(2451,5): warning MSB3277:           Project file item includes which caused reference "C:\Users\ultra\.nuget\packages\ironpython\3.4.0\lib\net6.0\IronPython.Wpf.dll". [C:\Users\ultra\warewolf\Dev\Dev2.Common.Tests\Dev2.Common.Tests.csproj]
C:\Program Files\dotnet\sdk\10.0.201\Microsoft.Common.CurrentVersion.targets(2451,5): warning MSB3277:             C:\Users\ultra\.nuget\packages\ironpython\3.4.0\lib\net6.0\IronPython.Wpf.dll [C:\Users\ultra\warewolf\Dev\Dev2.Common.Tests\Dev2.Common.Tests.csproj]
C:\Program Files\dotnet\sdk\10.0.201\Microsoft.Common.CurrentVersion.targets(2451,5): warning MSB3277:         C:\Users\ultra\.nuget\packages\microsoft.xaml.behaviors.wpf\1.1.122\lib\net462\Microsoft.Xaml.Behaviors.dll [C:\Users\ultra\warewolf\Dev\Dev2.Common.Tests\Dev2.Common.Tests.csproj]
C:\Program Files\dotnet\sdk\10.0.201\Microsoft.Common.CurrentVersion.targets(2451,5): warning MSB3277:           Project file item includes which caused reference "C:\Users\ultra\.nuget\packages\microsoft.xaml.behaviors.wpf\1.1.122\lib\net462\Microsoft.Xaml.Behaviors.dll". [C:\Users\ultra\warewolf\Dev\Dev2.Common.Tests\Dev2.Common.Tests.csproj]
C:\Program Files\dotnet\sdk\10.0.201\Microsoft.Common.CurrentVersion.targets(2451,5): warning MSB3277:             C:\Users\ultra\.nuget\packages\microsoft.xaml.behaviors.wpf\1.1.122\lib\net462\Microsoft.Xaml.Behaviors.dll [C:\Users\ultra\warewolf\Dev\Dev2.Common.Tests\Dev2.Common.Tests.csproj]
C:\Program Files\dotnet\sdk\10.0.201\Microsoft.Common.CurrentVersion.targets(2451,5): warning MSB3277:             C:\Users\ultra\.nuget\packages\caliburn.micro\4.0.212\lib\netcoreapp3.1\Caliburn.Micro.Platform.dll [C:\Users\ultra\warewolf\Dev\Dev2.Common.Tests\Dev2.Common.Tests.csproj]
C:\Program Files\dotnet\sdk\10.0.201\Microsoft.Common.CurrentVersion.targets(2451,5): warning MSB3277:             C:\Users\ultra\.nuget\packages\prism.wpf\9.0.537\lib\net462\Prism.Wpf.dll [C:\Users\ultra\warewolf\Dev\Dev2.Common.Tests\Dev2.Common.Tests.csproj]
C:\Program Files\dotnet\sdk\10.0.201\Microsoft.Common.CurrentVersion.targets(2451,5): warning MSB3277:         C:\Users\ultra\.nuget\packages\prism.wpf\9.0.537\lib\net462\Prism.Wpf.dll [C:\Users\ultra\warewolf\Dev\Dev2.Common.Tests\Dev2.Common.Tests.csproj]
C:\Program Files\dotnet\sdk\10.0.201\Microsoft.Common.CurrentVersion.targets(2451,5): warning MSB3277:           Project file item includes which caused reference "C:\Users\ultra\.nuget\packages\prism.wpf\9.0.537\lib\net462\Prism.Wpf.dll". [C:\Users\ultra\warewolf\Dev\Dev2.Common.Tests\Dev2.Common.Tests.csproj]
C:\Program Files\dotnet\sdk\10.0.201\Microsoft.Common.CurrentVersion.targets(2451,5): warning MSB3277:             C:\Users\ultra\.nuget\packages\prism.wpf\9.0.537\lib\net462\Prism.Wpf.dll [C:\Users\ultra\warewolf\Dev\Dev2.Common.Tests\Dev2.Common.Tests.csproj]
C:\Program Files\dotnet\sdk\10.0.201\Microsoft.Common.CurrentVersion.targets(2451,5): warning MSB3277:         C:\Users\ultra\.nuget\packages\reactiveui.wpf\18.4.1\lib\net462\ReactiveUI.Wpf.dll [C:\Users\ultra\warewolf\Dev\Dev2.Common.Tests\Dev2.Common.Tests.csproj]
C:\Program Files\dotnet\sdk\10.0.201\Microsoft.Common.CurrentVersion.targets(2451,5): warning MSB3277:           Project file item includes which caused reference "C:\Users\ultra\.nuget\packages\reactiveui.wpf\18.4.1\lib\net462\ReactiveUI.Wpf.dll". [C:\Users\ultra\warewolf\Dev\Dev2.Common.Tests\Dev2.Common.Tests.csproj]
C:\Program Files\dotnet\sdk\10.0.201\Microsoft.Common.CurrentVersion.targets(2451,5): warning MSB3277:             C:\Users\ultra\.nuget\packages\reactiveui.wpf\18.4.1\lib\net462\ReactiveUI.Wpf.dll [C:\Users\ultra\warewolf\Dev\Dev2.Common.Tests\Dev2.Common.Tests.csproj]
C:\Program Files\dotnet\sdk\10.0.201\Microsoft.Common.CurrentVersion.targets(2451,5): warning MSB3277: Found conflicts between different versions of "System.Drawing.Common" that could not be resolved. [C:\Users\ultra\warewolf\Dev\Dev2.Common.Tests\Dev2.Common.Tests.csproj]
C:\Program Files\dotnet\sdk\10.0.201\Microsoft.Common.CurrentVersion.targets(2451,5): warning MSB3277: There was a conflict between "System.Drawing.Common, Version=6.0.0.0, Culture=neutral, PublicKeyToken=cc7b13ffcd2ddd51" and "System.Drawing.Common, Version=8.0.0.0, Culture=neutral, PublicKeyToken=cc7b13ffcd2ddd51". [C:\Users\ultra\warewolf\Dev\Dev2.Common.Tests\Dev2.Common.Tests.csproj]
C:\Program Files\dotnet\sdk\10.0.201\Microsoft.Common.CurrentVersion.targets(2451,5): warning MSB3277:     "System.Drawing.Common, Version=6.0.0.0, Culture=neutral, PublicKeyToken=cc7b13ffcd2ddd51" was chosen because it was primary and "System.Drawing.Common, Version=8.0.0.0, Culture=neutral, PublicKeyToken=cc7b13ffcd2ddd51" was not. [C:\Users\ultra\warewolf\Dev\Dev2.Common.Tests\Dev2.Common.Tests.csproj]
C:\Program Files\dotnet\sdk\10.0.201\Microsoft.Common.CurrentVersion.targets(2451,5): warning MSB3277:     References which depend on "System.Drawing.Common, Version=6.0.0.0, Culture=neutral, PublicKeyToken=cc7b13ffcd2ddd51" [C:\Users\ultra\.nuget\packages\system.drawing.common\6.0.0\lib\net6.0\System.Drawing.Common.dll]. [C:\Users\ultra\warewolf\Dev\Dev2.Common.Tests\Dev2.Common.Tests.csproj]
C:\Program Files\dotnet\sdk\10.0.201\Microsoft.Common.CurrentVersion.targets(2451,5): warning MSB3277:         C:\Users\ultra\.nuget\packages\system.drawing.common\6.0.0\lib\net6.0\System.Drawing.Common.dll [C:\Users\ultra\warewolf\Dev\Dev2.Common.Tests\Dev2.Common.Tests.csproj]
C:\Program Files\dotnet\sdk\10.0.201\Microsoft.Common.CurrentVersion.targets(2451,5): warning MSB3277:           Project file item includes which caused reference "C:\Users\ultra\.nuget\packages\system.drawing.common\6.0.0\lib\net6.0\System.Drawing.Common.dll". [C:\Users\ultra\warewolf\Dev\Dev2.Common.Tests\Dev2.Common.Tests.csproj]
C:\Program Files\dotnet\sdk\10.0.201\Microsoft.Common.CurrentVersion.targets(2451,5): warning MSB3277:             C:\Users\ultra\.nuget\packages\system.drawing.common\6.0.0\lib\net6.0\System.Drawing.Common.dll [C:\Users\ultra\warewolf\Dev\Dev2.Common.Tests\Dev2.Common.Tests.csproj]
C:\Program Files\dotnet\sdk\10.0.201\Microsoft.Common.CurrentVersion.targets(2451,5): warning MSB3277:     References which depend on or have been unified to "System.Drawing.Common, Version=8.0.0.0, Culture=neutral, PublicKeyToken=cc7b13ffcd2ddd51" []. [C:\Users\ultra\warewolf\Dev\Dev2.Common.Tests\Dev2.Common.Tests.csproj]
C:\Program Files\dotnet\sdk\10.0.201\Microsoft.Common.CurrentVersion.targets(2451,5): warning MSB3277:         C:\Users\ultra\.nuget\packages\servicestack\6.3.0\lib\net6.0\ServiceStack.dll [C:\Users\ultra\warewolf\Dev\Dev2.Common.Tests\Dev2.Common.Tests.csproj]
C:\Program Files\dotnet\sdk\10.0.201\Microsoft.Common.CurrentVersion.targets(2451,5): warning MSB3277:           Project file item includes which caused reference "C:\Users\ultra\.nuget\packages\servicestack\6.3.0\lib\net6.0\ServiceStack.dll". [C:\Users\ultra\warewolf\Dev\Dev2.Common.Tests\Dev2.Common.Tests.csproj]
C:\Program Files\dotnet\sdk\10.0.201\Microsoft.Common.CurrentVersion.targets(2451,5): warning MSB3277:             C:\Users\ultra\.nuget\packages\servicestack\6.3.0\lib\net6.0\ServiceStack.dll [C:\Users\ultra\warewolf\Dev\Dev2.Common.Tests\Dev2.Common.Tests.csproj]
C:\Program Files\dotnet\sdk\10.0.201\Microsoft.Common.CurrentVersion.targets(2451,5): warning MSB3277:         C:\Users\ultra\.nuget\packages\system.windows.extensions\8.0.0\lib\net8.0\System.Windows.Extensions.dll [C:\Users\ultra\warewolf\Dev\Dev2.Common.Tests\Dev2.Common.Tests.csproj]
C:\Program Files\dotnet\sdk\10.0.201\Microsoft.Common.CurrentVersion.targets(2451,5): warning MSB3277:           Project file item includes which caused reference "C:\Users\ultra\.nuget\packages\system.windows.extensions\8.0.0\lib\net8.0\System.Windows.Extensions.dll". [C:\Users\ultra\warewolf\Dev\Dev2.Common.Tests\Dev2.Common.Tests.csproj]
C:\Program Files\dotnet\sdk\10.0.201\Microsoft.Common.CurrentVersion.targets(2451,5): warning MSB3277:             C:\Users\ultra\.nuget\packages\system.windows.extensions\8.0.0\lib\net8.0\System.Windows.Extensions.dll [C:\Users\ultra\warewolf\Dev\Dev2.Common.Tests\Dev2.Common.Tests.csproj]
C:\Program Files\dotnet\sdk\10.0.201\Microsoft.Common.CurrentVersion.targets(2451,5): warning MSB3277:             C:\Users\ultra\.nuget\packages\system.security.permissions\8.0.0\lib\net8.0\System.Security.Permissions.dll [C:\Users\ultra\warewolf\Dev\Dev2.Common.Tests\Dev2.Common.Tests.csproj]
C:\Program Files\dotnet\sdk\10.0.201\Microsoft.Common.CurrentVersion.targets(2451,5): warning MSB3277:             C:\Users\ultra\warewolf\Dev\Dev2.Data\bin\Debug\net8.0\Dev2.Data.dll [C:\Users\ultra\warewolf\Dev\Dev2.Common.Tests\Dev2.Common.Tests.csproj]
C:\Program Files\dotnet\sdk\10.0.201\Microsoft.Common.CurrentVersion.targets(2451,5): warning MSB3277:             C:\Users\ultra\warewolf\Dev\Dev2.Activities\bin\Debug\net8.0\Dev2.Activities.dll [C:\Users\ultra\warewolf\Dev\Dev2.Common.Tests\Dev2.Common.Tests.csproj]
C:\Program Files\dotnet\sdk\10.0.201\Microsoft.Common.CurrentVersion.targets(2451,5): warning MSB3277:             C:\Users\ultra\warewolf\Dev\Dev2.Infrastructure.Tests\bin\Debug\net8.0\Dev2.Infrastructure.Tests.dll [C:\Users\ultra\warewolf\Dev\Dev2.Common.Tests\Dev2.Common.Tests.csproj]
C:\Program Files\dotnet\sdk\10.0.201\Microsoft.Common.CurrentVersion.targets(2451,5): warning MSB3277:             C:\Users\ultra\warewolf\Dev\Dev2.Runtime.Services\bin\Debug\net8.0\Dev2.Runtime.Services.dll [C:\Users\ultra\warewolf\Dev\Dev2.Common.Tests\Dev2.Common.Tests.csproj]
C:\Program Files\dotnet\sdk\10.0.201\Microsoft.Common.CurrentVersion.targets(2451,5): warning MSB3277:             C:\Users\ultra\warewolf\Dev\Dev2.Studio.Core\bin\Debug\net8.0\Dev2.Studio.Core.dll [C:\Users\ultra\warewolf\Dev\Dev2.Common.Tests\Dev2.Common.Tests.csproj]
C:\Program Files\dotnet\sdk\10.0.201\Microsoft.Common.CurrentVersion.targets(2451,5): warning MSB3277:             C:\Users\ultra\warewolf\Dev\Dev2.Core\bin\Debug\net8.0\Dev2.Core.dll [C:\Users\ultra\warewolf\Dev\Dev2.Common.Tests\Dev2.Common.Tests.csproj]
C:\Program Files\dotnet\sdk\10.0.201\Microsoft.Common.CurrentVersion.targets(2451,5): warning MSB3277:             C:\Users\ultra\warewolf\Dev\Dev2.Runtime\bin\Debug\net8.0\Dev2.Runtime.dll [C:\Users\ultra\warewolf\Dev\Dev2.Common.Tests\Dev2.Common.Tests.csproj]
C:\Program Files\dotnet\sdk\10.0.201\Microsoft.Common.CurrentVersion.targets(2451,5): warning MSB3277:             C:\Users\ultra\warewolf\Dev\Dev2.Runtime.WebServer\bin\Debug\net8.0\Dev2.Runtime.WebServer.dll [C:\Users\ultra\warewolf\Dev\Dev2.Common.Tests\Dev2.Common.Tests.csproj]
C:\Program Files\dotnet\sdk\10.0.201\Microsoft.Common.CurrentVersion.targets(2451,5): warning MSB3277:             C:\Users\ultra\warewolf\Dev\Dev2.Scheduler\bin\Debug\net8.0\Dev2.Scheduler.dll [C:\Users\ultra\warewolf\Dev\Dev2.Common.Tests\Dev2.Common.Tests.csproj]
C:\Program Files\dotnet\sdk\10.0.201\Microsoft.Common.CurrentVersion.targets(2451,5): warning MSB3277:             C:\Users\ultra\warewolf\Dev\Dev2.Services.Execution\bin\Debug\net8.0\Dev2.Services.Execution.dll [C:\Users\ultra\warewolf\Dev\Dev2.Common.Tests\Dev2.Common.Tests.csproj]
C:\Program Files\dotnet\sdk\10.0.201\Microsoft.Common.CurrentVersion.targets(2451,5): warning MSB3277:             C:\Users\ultra\warewolf\Dev\Dev2.Studio.Interfaces\bin\Debug\net8.0\Dev2.Studio.Interfaces.dll [C:\Users\ultra\warewolf\Dev\Dev2.Common.Tests\Dev2.Common.Tests.csproj]
C:\Program Files\dotnet\sdk\10.0.201\Microsoft.Common.CurrentVersion.targets(2451,5): warning MSB3277:             C:\Users\ultra\warewolf\Dev\Warewolf.Auditing\bin\Debug\net8.0\Warewolf.Auditing.dll [C:\Users\ultra\warewolf\Dev\Dev2.Common.Tests\Dev2.Common.Tests.csproj]
C:\Program Files\dotnet\sdk\10.0.201\Microsoft.Common.CurrentVersion.targets(2451,5): warning MSB3277:             C:\Users\ultra\warewolf\Dev\Warewolf.Common.Framework48\bin\Debug\net8.0\Warewolf.Common.Framework48.dll [C:\Users\ultra\warewolf\Dev\Dev2.Common.Tests\Dev2.Common.Tests.csproj]
C:\Program Files\dotnet\sdk\10.0.201\Microsoft.Common.CurrentVersion.targets(2451,5): warning MSB3277:             C:\Users\ultra\warewolf\Dev\Warewolf.Common.NetStandard20\bin\Debug\net8.0\Warewolf.Common.NetStandard20.dll [C:\Users\ultra\warewolf\Dev\Dev2.Common.Tests\Dev2.Common.Tests.csproj]
C:\Program Files\dotnet\sdk\10.0.201\Microsoft.Common.CurrentVersion.targets(2451,5): warning MSB3277:             C:\Users\ultra\warewolf\Dev\Warewolf.Core\bin\Debug\net8.0\Warewolf.Core.dll [C:\Users\ultra\warewolf\Dev\Dev2.Common.Tests\Dev2.Common.Tests.csproj]
C:\Program Files\dotnet\sdk\10.0.201\Microsoft.Common.CurrentVersion.targets(2451,5): warning MSB3277:             C:\Users\ultra\warewolf\Dev\Warewolf.Driver.Persistence\bin\Debug\net8.0\Warewolf.Driver.Persistence.dll [C:\Users\ultra\warewolf\Dev\Dev2.Common.Tests\Dev2.Common.Tests.csproj]
C:\Program Files\dotnet\sdk\10.0.201\Microsoft.Common.CurrentVersion.targets(2451,5): warning MSB3277:             C:\Users\ultra\warewolf\Dev\Warewolf.Exchange.Email.Wrapper\bin\Debug\net8.0\Warewolf.Exchange.Email.Wrapper.dll [C:\Users\ultra\warewolf\Dev\Dev2.Common.Tests\Dev2.Common.Tests.csproj]
C:\Program Files\dotnet\sdk\10.0.201\Microsoft.Common.CurrentVersion.targets(2451,5): warning MSB3277:             C:\Users\ultra\warewolf\Dev\Warewolf.ResourceManagement\bin\Debug\net8.0\Warewolf.ResourceManagement.dll [C:\Users\ultra\warewolf\Dev\Dev2.Common.Tests\Dev2.Common.Tests.csproj]
C:\Program Files\dotnet\sdk\10.0.201\Microsoft.Common.CurrentVersion.targets(2451,5): warning MSB3277:             C:\Users\ultra\warewolf\Dev\Warewolf.Studio.Core\bin\Debug\net8.0\Warewolf.Studio.Core.dll [C:\Users\ultra\warewolf\Dev\Dev2.Common.Tests\Dev2.Common.Tests.csproj]
C:\Program Files\dotnet\sdk\10.0.201\Microsoft.Common.CurrentVersion.targets(2451,5): warning MSB3277:             C:\Users\ultra\warewolf\Dev\Warewolf.Testing\bin\Debug\net8.0\Warewolf.Testing.dll [C:\Users\ultra\warewolf\Dev\Dev2.Common.Tests\Dev2.Common.Tests.csproj]
C:\Program Files\dotnet\sdk\10.0.201\Microsoft.Common.CurrentVersion.targets(2451,5): warning MSB3277:             C:\Users\ultra\.nuget\packages\dotnetzip\1.16.0\lib\netstandard2.0\DotNetZip.dll [C:\Users\ultra\warewolf\Dev\Dev2.Common.Tests\Dev2.Common.Tests.csproj]
C:\Program Files\dotnet\sdk\10.0.201\Microsoft.Common.CurrentVersion.targets(2451,5): warning MSB3277:             C:\Users\ultra\warewolf\Dev\Dev2.Common\bin\Debug\net8.0\Dev2.Common.dll [C:\Users\ultra\warewolf\Dev\Dev2.Common.Tests\Dev2.Common.Tests.csproj]
C:\Program Files\dotnet\sdk\10.0.201\Microsoft.Common.CurrentVersion.targets(2451,5): warning MSB3277:             C:\Users\ultra\warewolf\Dev\Dev2.Data.Interfaces\bin\Debug\net8.0\Dev2.Data.Interfaces.dll [C:\Users\ultra\warewolf\Dev\Dev2.Common.Tests\Dev2.Common.Tests.csproj]
C:\Program Files\dotnet\sdk\10.0.201\Microsoft.Common.CurrentVersion.targets(2451,5): warning MSB3277:             C:\Users\ultra\warewolf\Dev\Dev2.Diagnostics\bin\Debug\net8.0\Dev2.Diagnostics.dll [C:\Users\ultra\warewolf\Dev\Dev2.Common.Tests\Dev2.Common.Tests.csproj]
C:\Program Files\dotnet\sdk\10.0.201\Microsoft.Common.CurrentVersion.targets(2451,5): warning MSB3277:             C:\Users\ultra\warewolf\Dev\Dev2.Infrastructure\bin\Debug\net8.0\Dev2.Infrastructure.dll [C:\Users\ultra\warewolf\Dev\Dev2.Common.Tests\Dev2.Common.Tests.csproj]
C:\Program Files\dotnet\sdk\10.0.201\Microsoft.Common.CurrentVersion.targets(2451,5): warning MSB3277:             C:\Users\ultra\warewolf\Dev\Dev2.Development.Languages\bin\Debug\net8.0\Dev2.Development.Languages.dll [C:\Users\ultra\warewolf\Dev\Dev2.Common.Tests\Dev2.Common.Tests.csproj]
C:\Program Files\dotnet\sdk\10.0.201\Microsoft.Common.CurrentVersion.targets(2451,5): warning MSB3277:             C:\Users\ultra\warewolf\Dev\Dev2.Services.Sql\bin\Debug\net8.0\Dev2.Services.Sql.dll [C:\Users\ultra\warewolf\Dev\Dev2.Common.Tests\Dev2.Common.Tests.csproj]
C:\Program Files\dotnet\sdk\10.0.201\Microsoft.Common.CurrentVersion.targets(2451,5): warning MSB3277:             C:\Users\ultra\warewolf\Dev\Dev2.TaskScheduler.Wrappers\bin\Debug\net8.0\Dev2.TaskScheduler.Wrappers.dll [C:\Users\ultra\warewolf\Dev\Dev2.Common.Tests\Dev2.Common.Tests.csproj]
C:\Program Files\dotnet\sdk\10.0.201\Microsoft.Common.CurrentVersion.targets(2451,5): warning MSB3277:             C:\Users\ultra\warewolf\Dev\Dev2.Util\bin\Debug\net8.0\Dev2.Util.dll [C:\Users\ultra\warewolf\Dev\Dev2.Common.Tests\Dev2.Common.Tests.csproj]
C:\Program Files\dotnet\sdk\10.0.201\Microsoft.Common.CurrentVersion.targets(2451,5): warning MSB3277:             C:\Users\ultra\warewolf\Dev\Warewolf.AI.Harness\bin\Debug\net8.0\Warewolf.AI.Harness.dll [C:\Users\ultra\warewolf\Dev\Dev2.Common.Tests\Dev2.Common.Tests.csproj]
C:\Program Files\dotnet\sdk\10.0.201\Microsoft.Common.CurrentVersion.targets(2451,5): warning MSB3277:             C:\Users\ultra\warewolf\Dev\Warewolf.Driver.Serilog\bin\Debug\net8.0\Warewolf.Driver.Serilog.dll [C:\Users\ultra\warewolf\Dev\Dev2.Common.Tests\Dev2.Common.Tests.csproj]
C:\Program Files\dotnet\sdk\10.0.201\Microsoft.Common.CurrentVersion.targets(2451,5): warning MSB3277:             C:\Users\ultra\warewolf\Dev\Warewolf.Sharepoint\bin\Debug\net8.0\Warewolf.Sharepoint.dll [C:\Users\ultra\warewolf\Dev\Dev2.Common.Tests\Dev2.Common.Tests.csproj]
C:\Program Files\dotnet\sdk\10.0.201\Microsoft.Common.CurrentVersion.targets(2451,5): warning MSB3277:             C:\Users\ultra\warewolf\Dev\Warewolf.Storage\bin\Debug\net8.0\Warewolf.Storage.dll [C:\Users\ultra\warewolf\Dev\Dev2.Common.Tests\Dev2.Common.Tests.csproj]
C:\Program Files\dotnet\sdk\10.0.201\Microsoft.Common.CurrentVersion.targets(2451,5): warning MSB3277:             C:\Users\ultra\.nuget\packages\mindbox.data.linq\5.0.0\lib\netstandard2.0\Mindbox.Data.Linq.dll [C:\Users\ultra\warewolf\Dev\Dev2.Common.Tests\Dev2.Common.Tests.csproj]
C:\Program Files\dotnet\sdk\10.0.201\Microsoft.Common.CurrentVersion.targets(2451,5): warning MSB3277:             C:\Users\ultra\.nuget\packages\mysql.data\8.4.0\lib\net8.0\MySql.Data.dll [C:\Users\ultra\warewolf\Dev\Dev2.Common.Tests\Dev2.Common.Tests.csproj]
C:\Program Files\dotnet\sdk\10.0.201\Microsoft.Common.CurrentVersion.targets(2451,5): warning MSB3277:             C:\Users\ultra\.nuget\packages\oracle.manageddataaccess.core\3.21.70\lib\netstandard2.1\Oracle.ManagedDataAccess.dll [C:\Users\ultra\warewolf\Dev\Dev2.Common.Tests\Dev2.Common.Tests.csproj]
C:\Program Files\dotnet\sdk\10.0.201\Microsoft.Common.CurrentVersion.targets(2451,5): warning MSB3277:             C:\Users\ultra\.nuget\packages\system.directoryservices\6.0.0\lib\net6.0\System.DirectoryServices.dll [C:\Users\ultra\warewolf\Dev\Dev2.Common.Tests\Dev2.Common.Tests.csproj]
C:\Program Files\dotnet\sdk\10.0.201\Microsoft.Common.CurrentVersion.targets(2451,5): warning MSB3277:             C:\Users\ultra\.nuget\packages\corewcf.primitives\1.2.1\lib\netstandard2.0\CoreWCF.Primitives.dll [C:\Users\ultra\warewolf\Dev\Dev2.Common.Tests\Dev2.Common.Tests.csproj]
C:\Program Files\dotnet\sdk\10.0.201\Microsoft.Common.CurrentVersion.targets(2451,5): warning MSB3277:             C:\Users\ultra\.nuget\packages\corewcf.http\1.2.1\lib\netstandard2.0\CoreWCF.Http.dll [C:\Users\ultra\warewolf\Dev\Dev2.Common.Tests\Dev2.Common.Tests.csproj]
C:\Program Files\dotnet\sdk\10.0.201\Microsoft.Common.CurrentVersion.targets(2451,5): warning MSB3277:             C:\Users\ultra\.nuget\packages\corewcf.nettcp\1.2.1\lib\netstandard2.0\CoreWCF.NetTcp.dll [C:\Users\ultra\warewolf\Dev\Dev2.Common.Tests\Dev2.Common.Tests.csproj]
C:\Program Files\dotnet\sdk\10.0.201\Microsoft.Common.CurrentVersion.targets(2451,5): warning MSB3277:             C:\Users\ultra\.nuget\packages\corewcf.webhttp\1.2.1\lib\netstandard2.0\CoreWCF.WebHttp.dll [C:\Users\ultra\warewolf\Dev\Dev2.Common.Tests\Dev2.Common.Tests.csproj]
C:\Program Files\dotnet\sdk\10.0.201\Microsoft.Common.CurrentVersion.targets(2451,5): warning MSB3277:             C:\Program Files\dotnet\packs\Microsoft.NETCore.App.Ref\8.0.25\ref/net8.0/System.Configuration.dll [C:\Users\ultra\warewolf\Dev\Dev2.Common.Tests\Dev2.Common.Tests.csproj]
C:\Program Files\dotnet\sdk\10.0.201\Microsoft.Common.CurrentVersion.targets(2451,5): warning MSB3277:             C:\Users\ultra\.nuget\packages\prism.wpf\9.0.537\lib\net462\Prism.Wpf.dll [C:\Users\ultra\warewolf\Dev\Dev2.Common.Tests\Dev2.Common.Tests.csproj]
C:\Program Files\dotnet\sdk\10.0.201\Microsoft.Common.CurrentVersion.targets(2451,5): warning MSB3277:             C:\Program Files\dotnet\packs\Microsoft.NETCore.App.Ref\8.0.25\ref/net8.0/System.Data.dll [C:\Users\ultra\warewolf\Dev\Dev2.Common.Tests\Dev2.Common.Tests.csproj]
C:\Program Files\dotnet\sdk\10.0.201\Microsoft.Common.CurrentVersion.targets(2451,5): warning MSB3277:             C:\Users\ultra\.nuget\packages\taskschedulereditor\2.10.1\lib\net452\Microsoft.Win32.TaskSchedulerEditor.dll [C:\Users\ultra\warewolf\Dev\Dev2.Common.Tests\Dev2.Common.Tests.csproj]
C:\Program Files\dotnet\sdk\10.0.201\Microsoft.Common.CurrentVersion.targets(2451,5): warning MSB3277:             C:\Program Files\dotnet\packs\Microsoft.NETCore.App.Ref\8.0.25\ref/net8.0/System.Drawing.dll [C:\Users\ultra\warewolf\Dev\Dev2.Common.Tests\Dev2.Common.Tests.csproj]
C:\Program Files\dotnet\sdk\10.0.201\Microsoft.Common.CurrentVersion.targets(2451,5): warning MSB3277:             C:\Users\ultra\.nuget\packages\aerowizard\2.3.1\lib\net45\AeroWizard.dll [C:\Users\ultra\warewolf\Dev\Dev2.Common.Tests\Dev2.Common.Tests.csproj]
C:\Program Files\dotnet\sdk\10.0.201\Microsoft.Common.CurrentVersion.targets(2451,5): warning MSB3277:             C:\Users\ultra\.nuget\packages\groupcontrols\1.9.0\lib\net45\GroupControls.dll [C:\Users\ultra\warewolf\Dev\Dev2.Common.Tests\Dev2.Common.Tests.csproj]
C:\Program Files\dotnet\sdk\10.0.201\Microsoft.Common.CurrentVersion.targets(2451,5): warning MSB3277:             C:\Program Files\dotnet\packs\Microsoft.NETCore.App.Ref\8.0.25\ref/net8.0/System.Net.dll [C:\Users\ultra\warewolf\Dev\Dev2.Common.Tests\Dev2.Common.Tests.csproj]
C:\Program Files\dotnet\sdk\10.0.201\Microsoft.Common.CurrentVersion.targets(2451,5): warning MSB3277:             C:\Program Files\dotnet\packs\Microsoft.NETCore.App.Ref\8.0.25\ref/net8.0/System.Security.dll [C:\Users\ultra\warewolf\Dev\Dev2.Common.Tests\Dev2.Common.Tests.csproj]
C:\Program Files\dotnet\sdk\10.0.201\Microsoft.Common.CurrentVersion.targets(2451,5): warning MSB3277:             C:\Program Files\dotnet\packs\Microsoft.NETCore.App.Ref\8.0.25\ref/net8.0/System.ServiceProcess.dll [C:\Users\ultra\warewolf\Dev\Dev2.Common.Tests\Dev2.Common.Tests.csproj]
C:\Program Files\dotnet\sdk\10.0.201\Microsoft.Common.CurrentVersion.targets(2451,5): warning MSB3277:             C:\Program Files\dotnet\packs\Microsoft.NETCore.App.Ref\8.0.25\ref/net8.0/System.Transactions.dll [C:\Users\ultra\warewolf\Dev\Dev2.Common.Tests\Dev2.Common.Tests.csproj]
C:\Program Files\dotnet\sdk\10.0.201\Microsoft.Common.CurrentVersion.targets(2451,5): warning MSB3277:             C:\Program Files\dotnet\packs\Microsoft.NETCore.App.Ref\8.0.25\ref/net8.0/System.dll [C:\Users\ultra\warewolf\Dev\Dev2.Common.Tests\Dev2.Common.Tests.csproj]
C:\Program Files\dotnet\sdk\10.0.201\Microsoft.Common.CurrentVersion.targets(2451,5): warning MSB3277:             C:\Users\ultra\.nuget\packages\microsoft.xaml.behaviors.wpf\1.1.122\lib\net462\Microsoft.Xaml.Behaviors.dll [C:\Users\ultra\warewolf\Dev\Dev2.Common.Tests\Dev2.Common.Tests.csproj]
C:\Program Files\dotnet\sdk\10.0.201\Microsoft.Common.CurrentVersion.targets(2451,5): warning MSB3277:             C:\Users\ultra\.nuget\packages\caliburn.micro\4.0.212\lib\netcoreapp3.1\Caliburn.Micro.Platform.dll [C:\Users\ultra\warewolf\Dev\Dev2.Common.Tests\Dev2.Common.Tests.csproj]
C:\Program Files\dotnet\sdk\10.0.201\Microsoft.Common.CurrentVersion.targets(2451,5): warning MSB3277:             C:\Users\ultra\.nuget\packages\reactiveui.wpf\18.4.1\lib\net462\ReactiveUI.Wpf.dll [C:\Users\ultra\warewolf\Dev\Dev2.Common.Tests\Dev2.Common.Tests.csproj]
C:\Program Files\dotnet\sdk\10.0.201\Microsoft.Common.CurrentVersion.targets(2451,5): warning MSB3277:             C:\Users\ultra\.nuget\packages\ttcue.netcore.sharepointonline.csom.16.1.8029.1200\16.1.8029.1200\lib\netcoreapp2.0\Microsoft.SharePoint.Client.Runtime.Windows.dll [C:\Users\ultra\warewolf\Dev\Dev2.Common.Tests\Dev2.Common.Tests.csproj]
C:\Program Files\dotnet\sdk\10.0.201\Microsoft.Common.CurrentVersion.targets(2451,5): warning MSB3277:             C:\Program Files\dotnet\packs\Microsoft.NETCore.App.Ref\8.0.25\ref/net8.0/WindowsBase.dll [C:\Users\ultra\warewolf\Dev\Dev2.Common.Tests\Dev2.Common.Tests.csproj]
C:\Program Files\dotnet\sdk\10.0.201\Microsoft.Common.CurrentVersion.targets(2451,5): warning MSB3277:             C:\Program Files\dotnet\packs\Microsoft.NETCore.App.Ref\8.0.25\ref/net8.0/mscorlib.dll [C:\Users\ultra\warewolf\Dev\Dev2.Common.Tests\Dev2.Common.Tests.csproj]
C:\Program Files\dotnet\sdk\10.0.201\Microsoft.Common.CurrentVersion.targets(2451,5): warning MSB3277:             C:\Users\ultra\.nuget\packages\hangfire.core\1.7.32\lib\netstandard2.0\Hangfire.Core.dll [C:\Users\ultra\warewolf\Dev\Dev2.Common.Tests\Dev2.Common.Tests.csproj]
C:\Program Files\dotnet\sdk\10.0.201\Microsoft.Common.CurrentVersion.targets(2451,5): warning MSB3277:             C:\Users\ultra\.nuget\packages\hangfire.sqlserver\1.7.32\lib\netstandard2.0\Hangfire.SqlServer.dll [C:\Users\ultra\warewolf\Dev\Dev2.Common.Tests\Dev2.Common.Tests.csproj]
C:\Program Files\dotnet\sdk\10.0.201\Microsoft.Common.CurrentVersion.targets(2451,5): warning MSB3277:             C:\Users\ultra\.nuget\packages\microsoft.codecoverage\17.13.0\lib\netcoreapp3.1\Microsoft.VisualStudio.CodeCoverage.Shim.dll [C:\Users\ultra\warewolf\Dev\Dev2.Common.Tests\Dev2.Common.Tests.csproj]
C:\Program Files\dotnet\sdk\10.0.201\Microsoft.Common.CurrentVersion.targets(2451,5): warning MSB3277:         C:\Program Files\dotnet\packs\Microsoft.NETCore.App.Ref\8.0.25\ref\net8.0\System.Drawing.dll [C:\Users\ultra\warewolf\Dev\Dev2.Common.Tests\Dev2.Common.Tests.csproj]
C:\Program Files\dotnet\sdk\10.0.201\Microsoft.Common.CurrentVersion.targets(2451,5): warning MSB3277:           Project file item includes which caused reference "C:\Program Files\dotnet\packs\Microsoft.NETCore.App.Ref\8.0.25\ref\net8.0\System.Drawing.dll". [C:\Users\ultra\warewolf\Dev\Dev2.Common.Tests\Dev2.Common.Tests.csproj]
C:\Program Files\dotnet\sdk\10.0.201\Microsoft.Common.CurrentVersion.targets(2451,5): warning MSB3277:             C:\Program Files\dotnet\packs\Microsoft.NETCore.App.Ref\8.0.25\ref/net8.0/System.Drawing.dll [C:\Users\ultra\warewolf\Dev\Dev2.Common.Tests\Dev2.Common.Tests.csproj]
C:\Program Files\dotnet\sdk\10.0.201\Microsoft.Common.CurrentVersion.targets(2451,5): warning MSB3277:             C:\Users\ultra\.nuget\packages\aerowizard\2.3.1\lib\net45\AeroWizard.dll [C:\Users\ultra\warewolf\Dev\Dev2.Common.Tests\Dev2.Common.Tests.csproj]
C:\Program Files\dotnet\sdk\10.0.201\Microsoft.Common.CurrentVersion.targets(2451,5): warning MSB3277:             C:\Users\ultra\.nuget\packages\groupcontrols\1.9.0\lib\net45\GroupControls.dll [C:\Users\ultra\warewolf\Dev\Dev2.Common.Tests\Dev2.Common.Tests.csproj]
C:\Program Files\dotnet\sdk\10.0.201\Microsoft.Common.CurrentVersion.targets(2451,5): warning MSB3277:             C:\Users\ultra\.nuget\packages\taskschedulereditor\2.10.1\lib\net452\Microsoft.Win32.TaskSchedulerEditor.dll [C:\Users\ultra\warewolf\Dev\Dev2.Common.Tests\Dev2.Common.Tests.csproj]
  Warewolf.QueueWorker -> C:\Users\ultra\warewolf\Dev\Warewolf.QueueWorker\bin\Debug\net8.0\linux-x64\QueueWorker.dll
C:\Users\ultra\warewolf\Dev\Dev2.Server\Startup.cs(59,95): warning CC0004: Empty Catch Block. (https://code-cracker.github.io/diagnostics/CC0004.html) [C:\Users\ultra\warewolf\Dev\Dev2.Server\Dev2.Server.csproj]
  Dev2.Server -> C:\Users\ultra\warewolf\Dev\Dev2.Server\bin\Debug\net8.0\Warewolf Server.dll
C:\Program Files\dotnet\sdk\10.0.201\Microsoft.Common.CurrentVersion.targets(2451,5): warning MSB3277: Found conflicts between different versions of "WindowsBase" that could not be resolved. [C:\Users\ultra\warewolf\Dev\Dev2.Server\Dev2.Server.csproj]
C:\Program Files\dotnet\sdk\10.0.201\Microsoft.Common.CurrentVersion.targets(2451,5): warning MSB3277: There was a conflict between "WindowsBase, Version=4.0.0.0, Culture=neutral, PublicKeyToken=31bf3856ad364e35" and "WindowsBase, Version=6.0.2.0, Culture=neutral, PublicKeyToken=31bf3856ad364e35". [C:\Users\ultra\warewolf\Dev\Dev2.Server\Dev2.Server.csproj]
C:\Program Files\dotnet\sdk\10.0.201\Microsoft.Common.CurrentVersion.targets(2451,5): warning MSB3277:     "WindowsBase, Version=4.0.0.0, Culture=neutral, PublicKeyToken=31bf3856ad364e35" was chosen because it was primary and "WindowsBase, Version=6.0.2.0, Culture=neutral, PublicKeyToken=31bf3856ad364e35" was not. [C:\Users\ultra\warewolf\Dev\Dev2.Server\Dev2.Server.csproj]
C:\Program Files\dotnet\sdk\10.0.201\Microsoft.Common.CurrentVersion.targets(2451,5): warning MSB3277:     References which depend on "WindowsBase, Version=4.0.0.0, Culture=neutral, PublicKeyToken=31bf3856ad364e35" [C:\Program Files\dotnet\packs\Microsoft.NETCore.App.Ref\8.0.25\ref\net8.0\WindowsBase.dll]. [C:\Users\ultra\warewolf\Dev\Dev2.Server\Dev2.Server.csproj]
C:\Program Files\dotnet\sdk\10.0.201\Microsoft.Common.CurrentVersion.targets(2451,5): warning MSB3277:         C:\Program Files\dotnet\packs\Microsoft.NETCore.App.Ref\8.0.25\ref\net8.0\WindowsBase.dll [C:\Users\ultra\warewolf\Dev\Dev2.Server\Dev2.Server.csproj]
C:\Program Files\dotnet\sdk\10.0.201\Microsoft.Common.CurrentVersion.targets(2451,5): warning MSB3277:           Project file item includes which caused reference "C:\Program Files\dotnet\packs\Microsoft.NETCore.App.Ref\8.0.25\ref\net8.0\WindowsBase.dll". [C:\Users\ultra\warewolf\Dev\Dev2.Server\Dev2.Server.csproj]
C:\Program Files\dotnet\sdk\10.0.201\Microsoft.Common.CurrentVersion.targets(2451,5): warning MSB3277:             C:\Program Files\dotnet\packs\Microsoft.NETCore.App.Ref\8.0.25\ref/net8.0/WindowsBase.dll [C:\Users\ultra\warewolf\Dev\Dev2.Server\Dev2.Server.csproj]
C:\Program Files\dotnet\sdk\10.0.201\Microsoft.Common.CurrentVersion.targets(2451,5): warning MSB3277:     References which depend on or have been unified to "WindowsBase, Version=6.0.2.0, Culture=neutral, PublicKeyToken=31bf3856ad364e35" []. [C:\Users\ultra\warewolf\Dev\Dev2.Server\Dev2.Server.csproj]
C:\Program Files\dotnet\sdk\10.0.201\Microsoft.Common.CurrentVersion.targets(2451,5): warning MSB3277:         C:\Users\ultra\.nuget\packages\caliburn.micro\4.0.212\lib\netcoreapp3.1\Caliburn.Micro.Platform.dll [C:\Users\ultra\warewolf\Dev\Dev2.Server\Dev2.Server.csproj]
C:\Program Files\dotnet\sdk\10.0.201\Microsoft.Common.CurrentVersion.targets(2451,5): warning MSB3277:           Project file item includes which caused reference "C:\Users\ultra\.nuget\packages\caliburn.micro\4.0.212\lib\netcoreapp3.1\Caliburn.Micro.Platform.dll". [C:\Users\ultra\warewolf\Dev\Dev2.Server\Dev2.Server.csproj]
C:\Program Files\dotnet\sdk\10.0.201\Microsoft.Common.CurrentVersion.targets(2451,5): warning MSB3277:             C:\Users\ultra\.nuget\packages\caliburn.micro\4.0.212\lib\netcoreapp3.1\Caliburn.Micro.Platform.dll [C:\Users\ultra\warewolf\Dev\Dev2.Server\Dev2.Server.csproj]
C:\Program Files\dotnet\sdk\10.0.201\Microsoft.Common.CurrentVersion.targets(2451,5): warning MSB3277:         C:\Users\ultra\.nuget\packages\ironpython\3.4.0\lib\net6.0\IronPython.Wpf.dll [C:\Users\ultra\warewolf\Dev\Dev2.Server\Dev2.Server.csproj]
C:\Program Files\dotnet\sdk\10.0.201\Microsoft.Common.CurrentVersion.targets(2451,5): warning MSB3277:           Project file item includes which caused reference "C:\Users\ultra\.nuget\packages\ironpython\3.4.0\lib\net6.0\IronPython.Wpf.dll". [C:\Users\ultra\warewolf\Dev\Dev2.Server\Dev2.Server.csproj]
C:\Program Files\dotnet\sdk\10.0.201\Microsoft.Common.CurrentVersion.targets(2451,5): warning MSB3277:             C:\Users\ultra\.nuget\packages\ironpython\3.4.0\lib\net6.0\IronPython.Wpf.dll [C:\Users\ultra\warewolf\Dev\Dev2.Server\Dev2.Server.csproj]
C:\Program Files\dotnet\sdk\10.0.201\Microsoft.Common.CurrentVersion.targets(2451,5): warning MSB3277:         C:\Users\ultra\.nuget\packages\microsoft.xaml.behaviors.wpf\1.1.122\lib\net462\Microsoft.Xaml.Behaviors.dll [C:\Users\ultra\warewolf\Dev\Dev2.Server\Dev2.Server.csproj]
C:\Program Files\dotnet\sdk\10.0.201\Microsoft.Common.CurrentVersion.targets(2451,5): warning MSB3277:           Project file item includes which caused reference "C:\Users\ultra\.nuget\packages\microsoft.xaml.behaviors.wpf\1.1.122\lib\net462\Microsoft.Xaml.Behaviors.dll". [C:\Users\ultra\warewolf\Dev\Dev2.Server\Dev2.Server.csproj]
C:\Program Files\dotnet\sdk\10.0.201\Microsoft.Common.CurrentVersion.targets(2451,5): warning MSB3277:             C:\Users\ultra\.nuget\packages\microsoft.xaml.behaviors.wpf\1.1.122\lib\net462\Microsoft.Xaml.Behaviors.dll [C:\Users\ultra\warewolf\Dev\Dev2.Server\Dev2.Server.csproj]
C:\Program Files\dotnet\sdk\10.0.201\Microsoft.Common.CurrentVersion.targets(2451,5): warning MSB3277:             C:\Users\ultra\.nuget\packages\caliburn.micro\4.0.212\lib\netcoreapp3.1\Caliburn.Micro.Platform.dll [C:\Users\ultra\warewolf\Dev\Dev2.Server\Dev2.Server.csproj]
C:\Program Files\dotnet\sdk\10.0.201\Microsoft.Common.CurrentVersion.targets(2451,5): warning MSB3277:             C:\Users\ultra\.nuget\packages\prism.wpf\9.0.537\lib\net462\Prism.Wpf.dll [C:\Users\ultra\warewolf\Dev\Dev2.Server\Dev2.Server.csproj]
C:\Program Files\dotnet\sdk\10.0.201\Microsoft.Common.CurrentVersion.targets(2451,5): warning MSB3277:         C:\Users\ultra\.nuget\packages\prism.wpf\9.0.537\lib\net462\Prism.Wpf.dll [C:\Users\ultra\warewolf\Dev\Dev2.Server\Dev2.Server.csproj]
C:\Program Files\dotnet\sdk\10.0.201\Microsoft.Common.CurrentVersion.targets(2451,5): warning MSB3277:           Project file item includes which caused reference "C:\Users\ultra\.nuget\packages\prism.wpf\9.0.537\lib\net462\Prism.Wpf.dll". [C:\Users\ultra\warewolf\Dev\Dev2.Server\Dev2.Server.csproj]
C:\Program Files\dotnet\sdk\10.0.201\Microsoft.Common.CurrentVersion.targets(2451,5): warning MSB3277:             C:\Users\ultra\.nuget\packages\prism.wpf\9.0.537\lib\net462\Prism.Wpf.dll [C:\Users\ultra\warewolf\Dev\Dev2.Server\Dev2.Server.csproj]
C:\Program Files\dotnet\sdk\10.0.201\Microsoft.Common.CurrentVersion.targets(2451,5): warning MSB3277:         C:\Users\ultra\.nuget\packages\reactiveui.wpf\18.4.1\lib\net462\ReactiveUI.Wpf.dll [C:\Users\ultra\warewolf\Dev\Dev2.Server\Dev2.Server.csproj]
C:\Program Files\dotnet\sdk\10.0.201\Microsoft.Common.CurrentVersion.targets(2451,5): warning MSB3277:           Project file item includes which caused reference "C:\Users\ultra\.nuget\packages\reactiveui.wpf\18.4.1\lib\net462\ReactiveUI.Wpf.dll". [C:\Users\ultra\warewolf\Dev\Dev2.Server\Dev2.Server.csproj]
C:\Program Files\dotnet\sdk\10.0.201\Microsoft.Common.CurrentVersion.targets(2451,5): warning MSB3277:             C:\Users\ultra\.nuget\packages\reactiveui.wpf\18.4.1\lib\net462\ReactiveUI.Wpf.dll [C:\Users\ultra\warewolf\Dev\Dev2.Server\Dev2.Server.csproj]
C:\Program Files\dotnet\sdk\10.0.201\Microsoft.Common.CurrentVersion.targets(2451,5): warning MSB3277: Found conflicts between different versions of "System.Drawing.Common" that could not be resolved. [C:\Users\ultra\warewolf\Dev\Dev2.Server\Dev2.Server.csproj]
C:\Program Files\dotnet\sdk\10.0.201\Microsoft.Common.CurrentVersion.targets(2451,5): warning MSB3277: There was a conflict between "System.Drawing.Common, Version=6.0.0.0, Culture=neutral, PublicKeyToken=cc7b13ffcd2ddd51" and "System.Drawing.Common, Version=8.0.0.0, Culture=neutral, PublicKeyToken=cc7b13ffcd2ddd51". [C:\Users\ultra\warewolf\Dev\Dev2.Server\Dev2.Server.csproj]
C:\Program Files\dotnet\sdk\10.0.201\Microsoft.Common.CurrentVersion.targets(2451,5): warning MSB3277:     "System.Drawing.Common, Version=6.0.0.0, Culture=neutral, PublicKeyToken=cc7b13ffcd2ddd51" was chosen because it was primary and "System.Drawing.Common, Version=8.0.0.0, Culture=neutral, PublicKeyToken=cc7b13ffcd2ddd51" was not. [C:\Users\ultra\warewolf\Dev\Dev2.Server\Dev2.Server.csproj]
C:\Program Files\dotnet\sdk\10.0.201\Microsoft.Common.CurrentVersion.targets(2451,5): warning MSB3277:     References which depend on "System.Drawing.Common, Version=6.0.0.0, Culture=neutral, PublicKeyToken=cc7b13ffcd2ddd51" [C:\Users\ultra\.nuget\packages\system.drawing.common\6.0.0\lib\net6.0\System.Drawing.Common.dll]. [C:\Users\ultra\warewolf\Dev\Dev2.Server\Dev2.Server.csproj]
C:\Program Files\dotnet\sdk\10.0.201\Microsoft.Common.CurrentVersion.targets(2451,5): warning MSB3277:         C:\Users\ultra\.nuget\packages\system.drawing.common\6.0.0\lib\net6.0\System.Drawing.Common.dll [C:\Users\ultra\warewolf\Dev\Dev2.Server\Dev2.Server.csproj]
C:\Program Files\dotnet\sdk\10.0.201\Microsoft.Common.CurrentVersion.targets(2451,5): warning MSB3277:           Project file item includes which caused reference "C:\Users\ultra\.nuget\packages\system.drawing.common\6.0.0\lib\net6.0\System.Drawing.Common.dll". [C:\Users\ultra\warewolf\Dev\Dev2.Server\Dev2.Server.csproj]
C:\Program Files\dotnet\sdk\10.0.201\Microsoft.Common.CurrentVersion.targets(2451,5): warning MSB3277:             C:\Users\ultra\.nuget\packages\system.drawing.common\6.0.0\lib\net6.0\System.Drawing.Common.dll [C:\Users\ultra\warewolf\Dev\Dev2.Server\Dev2.Server.csproj]
C:\Program Files\dotnet\sdk\10.0.201\Microsoft.Common.CurrentVersion.targets(2451,5): warning MSB3277:     References which depend on or have been unified to "System.Drawing.Common, Version=8.0.0.0, Culture=neutral, PublicKeyToken=cc7b13ffcd2ddd51" []. [C:\Users\ultra\warewolf\Dev\Dev2.Server\Dev2.Server.csproj]
C:\Program Files\dotnet\sdk\10.0.201\Microsoft.Common.CurrentVersion.targets(2451,5): warning MSB3277:         C:\Users\ultra\.nuget\packages\servicestack\6.3.0\lib\net6.0\ServiceStack.dll [C:\Users\ultra\warewolf\Dev\Dev2.Server\Dev2.Server.csproj]
C:\Program Files\dotnet\sdk\10.0.201\Microsoft.Common.CurrentVersion.targets(2451,5): warning MSB3277:           Project file item includes which caused reference "C:\Users\ultra\.nuget\packages\servicestack\6.3.0\lib\net6.0\ServiceStack.dll". [C:\Users\ultra\warewolf\Dev\Dev2.Server\Dev2.Server.csproj]
C:\Program Files\dotnet\sdk\10.0.201\Microsoft.Common.CurrentVersion.targets(2451,5): warning MSB3277:             C:\Users\ultra\.nuget\packages\servicestack\6.3.0\lib\net6.0\ServiceStack.dll [C:\Users\ultra\warewolf\Dev\Dev2.Server\Dev2.Server.csproj]
C:\Program Files\dotnet\sdk\10.0.201\Microsoft.Common.CurrentVersion.targets(2451,5): warning MSB3277:         C:\Users\ultra\.nuget\packages\system.windows.extensions\8.0.0\lib\net8.0\System.Windows.Extensions.dll [C:\Users\ultra\warewolf\Dev\Dev2.Server\Dev2.Server.csproj]
C:\Program Files\dotnet\sdk\10.0.201\Microsoft.Common.CurrentVersion.targets(2451,5): warning MSB3277:           Project file item includes which caused reference "C:\Users\ultra\.nuget\packages\system.windows.extensions\8.0.0\lib\net8.0\System.Windows.Extensions.dll". [C:\Users\ultra\warewolf\Dev\Dev2.Server\Dev2.Server.csproj]
C:\Program Files\dotnet\sdk\10.0.201\Microsoft.Common.CurrentVersion.targets(2451,5): warning MSB3277:             C:\Users\ultra\.nuget\packages\system.windows.extensions\8.0.0\lib\net8.0\System.Windows.Extensions.dll [C:\Users\ultra\warewolf\Dev\Dev2.Server\Dev2.Server.csproj]
C:\Program Files\dotnet\sdk\10.0.201\Microsoft.Common.CurrentVersion.targets(2451,5): warning MSB3277:             C:\Users\ultra\.nuget\packages\system.security.permissions\8.0.0\lib\net8.0\System.Security.Permissions.dll [C:\Users\ultra\warewolf\Dev\Dev2.Server\Dev2.Server.csproj]
C:\Program Files\dotnet\sdk\10.0.201\Microsoft.Common.CurrentVersion.targets(2451,5): warning MSB3277:             C:\Users\ultra\warewolf\Dev\Dev2.Data\bin\Debug\net8.0\Dev2.Data.dll [C:\Users\ultra\warewolf\Dev\Dev2.Server\Dev2.Server.csproj]
C:\Program Files\dotnet\sdk\10.0.201\Microsoft.Common.CurrentVersion.targets(2451,5): warning MSB3277:             C:\Users\ultra\warewolf\Dev\Dev2.Activities\bin\Debug\net8.0\Dev2.Activities.dll [C:\Users\ultra\warewolf\Dev\Dev2.Server\Dev2.Server.csproj]
C:\Program Files\dotnet\sdk\10.0.201\Microsoft.Common.CurrentVersion.targets(2451,5): warning MSB3277:             C:\Users\ultra\warewolf\Dev\Dev2.Core\bin\Debug\net8.0\Dev2.Core.dll [C:\Users\ultra\warewolf\Dev\Dev2.Server\Dev2.Server.csproj]
C:\Program Files\dotnet\sdk\10.0.201\Microsoft.Common.CurrentVersion.targets(2451,5): warning MSB3277:             C:\Users\ultra\warewolf\Dev\Dev2.Runtime.Services\bin\Debug\net8.0\Dev2.Runtime.Services.dll [C:\Users\ultra\warewolf\Dev\Dev2.Server\Dev2.Server.csproj]
C:\Program Files\dotnet\sdk\10.0.201\Microsoft.Common.CurrentVersion.targets(2451,5): warning MSB3277:             C:\Users\ultra\warewolf\Dev\Dev2.Runtime.WebServer\bin\Debug\net8.0\Dev2.Runtime.WebServer.dll [C:\Users\ultra\warewolf\Dev\Dev2.Server\Dev2.Server.csproj]
C:\Program Files\dotnet\sdk\10.0.201\Microsoft.Common.CurrentVersion.targets(2451,5): warning MSB3277:             C:\Users\ultra\warewolf\Dev\Dev2.Runtime\bin\Debug\net8.0\Dev2.Runtime.dll [C:\Users\ultra\warewolf\Dev\Dev2.Server\Dev2.Server.csproj]
C:\Program Files\dotnet\sdk\10.0.201\Microsoft.Common.CurrentVersion.targets(2451,5): warning MSB3277:             C:\Users\ultra\warewolf\Dev\Dev2.Scheduler\bin\Debug\net8.0\Dev2.Scheduler.dll [C:\Users\ultra\warewolf\Dev\Dev2.Server\Dev2.Server.csproj]
C:\Program Files\dotnet\sdk\10.0.201\Microsoft.Common.CurrentVersion.targets(2451,5): warning MSB3277:             C:\Users\ultra\warewolf\Dev\Dev2.Services.Execution\bin\Debug\net8.0\Dev2.Services.Execution.dll [C:\Users\ultra\warewolf\Dev\Dev2.Server\Dev2.Server.csproj]
C:\Program Files\dotnet\sdk\10.0.201\Microsoft.Common.CurrentVersion.targets(2451,5): warning MSB3277:             C:\Users\ultra\warewolf\Dev\Warewolf.Auditing\bin\Debug\net8.0\Warewolf.Auditing.dll [C:\Users\ultra\warewolf\Dev\Dev2.Server\Dev2.Server.csproj]
C:\Program Files\dotnet\sdk\10.0.201\Microsoft.Common.CurrentVersion.targets(2451,5): warning MSB3277:             C:\Users\ultra\warewolf\Dev\Warewolf.HangfireServer\bin\Debug\net8.0\linux-x64\HangfireServer.dll [C:\Users\ultra\warewolf\Dev\Dev2.Server\Dev2.Server.csproj]
C:\Program Files\dotnet\sdk\10.0.201\Microsoft.Common.CurrentVersion.targets(2451,5): warning MSB3277:             C:\Users\ultra\warewolf\Dev\Warewolf.Logger\bin\Debug\net8.0\linux-x64\WarewolfLogger.dll [C:\Users\ultra\warewolf\Dev\Dev2.Server\Dev2.Server.csproj]
C:\Program Files\dotnet\sdk\10.0.201\Microsoft.Common.CurrentVersion.targets(2451,5): warning MSB3277:             C:\Users\ultra\warewolf\Dev\Warewolf.QueueWorker\bin\Debug\net8.0\linux-x64\QueueWorker.dll [C:\Users\ultra\warewolf\Dev\Dev2.Server\Dev2.Server.csproj]
C:\Program Files\dotnet\sdk\10.0.201\Microsoft.Common.CurrentVersion.targets(2451,5): warning MSB3277:             C:\Users\ultra\warewolf\Dev\Warewolf.Core\bin\Debug\net8.0\Warewolf.Core.dll [C:\Users\ultra\warewolf\Dev\Dev2.Server\Dev2.Server.csproj]
C:\Program Files\dotnet\sdk\10.0.201\Microsoft.Common.CurrentVersion.targets(2451,5): warning MSB3277:             C:\Users\ultra\warewolf\Dev\Warewolf.ResourceManagement\bin\Debug\net8.0\Warewolf.ResourceManagement.dll [C:\Users\ultra\warewolf\Dev\Dev2.Server\Dev2.Server.csproj]
C:\Program Files\dotnet\sdk\10.0.201\Microsoft.Common.CurrentVersion.targets(2451,5): warning MSB3277:             C:\Users\ultra\warewolf\Dev\Warewolf.Trigger.Queue\bin\Debug\net8.0\Warewolf.Trigger.Queue.dll [C:\Users\ultra\warewolf\Dev\Dev2.Server\Dev2.Server.csproj]
C:\Program Files\dotnet\sdk\10.0.201\Microsoft.Common.CurrentVersion.targets(2451,5): warning MSB3277:             C:\Users\ultra\warewolf\Dev\Dev2.Intellisense\bin\Debug\net8.0\Dev2.Intellisense.dll [C:\Users\ultra\warewolf\Dev\Dev2.Server\Dev2.Server.csproj]
C:\Program Files\dotnet\sdk\10.0.201\Microsoft.Common.CurrentVersion.targets(2451,5): warning MSB3277:             C:\Users\ultra\warewolf\Dev\Dev2.Studio.Core\bin\Debug\net8.0\Dev2.Studio.Core.dll [C:\Users\ultra\warewolf\Dev\Dev2.Server\Dev2.Server.csproj]
C:\Program Files\dotnet\sdk\10.0.201\Microsoft.Common.CurrentVersion.targets(2451,5): warning MSB3277:             C:\Users\ultra\warewolf\Dev\Dev2.Studio.Interfaces\bin\Debug\net8.0\Dev2.Studio.Interfaces.dll [C:\Users\ultra\warewolf\Dev\Dev2.Server\Dev2.Server.csproj]
C:\Program Files\dotnet\sdk\10.0.201\Microsoft.Common.CurrentVersion.targets(2451,5): warning MSB3277:             C:\Users\ultra\warewolf\Dev\Warewolf.Common.Framework48\bin\Debug\net8.0\Warewolf.Common.Framework48.dll [C:\Users\ultra\warewolf\Dev\Dev2.Server\Dev2.Server.csproj]
C:\Program Files\dotnet\sdk\10.0.201\Microsoft.Common.CurrentVersion.targets(2451,5): warning MSB3277:             C:\Users\ultra\warewolf\Dev\Warewolf.Common.NetStandard20\bin\Debug\net8.0\Warewolf.Common.NetStandard20.dll [C:\Users\ultra\warewolf\Dev\Dev2.Server\Dev2.Server.csproj]
C:\Program Files\dotnet\sdk\10.0.201\Microsoft.Common.CurrentVersion.targets(2451,5): warning MSB3277:             C:\Users\ultra\warewolf\Dev\Warewolf.Driver.Persistence\bin\Debug\net8.0\Warewolf.Driver.Persistence.dll [C:\Users\ultra\warewolf\Dev\Dev2.Server\Dev2.Server.csproj]
C:\Program Files\dotnet\sdk\10.0.201\Microsoft.Common.CurrentVersion.targets(2451,5): warning MSB3277:             C:\Users\ultra\warewolf\Dev\Warewolf.Exchange.Email.Wrapper\bin\Debug\net8.0\Warewolf.Exchange.Email.Wrapper.dll [C:\Users\ultra\warewolf\Dev\Dev2.Server\Dev2.Server.csproj]
C:\Program Files\dotnet\sdk\10.0.201\Microsoft.Common.CurrentVersion.targets(2451,5): warning MSB3277:             C:\Users\ultra\warewolf\Dev\Warewolf.Studio.Core\bin\Debug\net8.0\Warewolf.Studio.Core.dll [C:\Users\ultra\warewolf\Dev\Dev2.Server\Dev2.Server.csproj]
C:\Program Files\dotnet\sdk\10.0.201\Microsoft.Common.CurrentVersion.targets(2451,5): warning MSB3277:             C:\Users\ultra\warewolf\Dev\Warewolf.UI\bin\Debug\net8.0\Warewolf.UI.dll [C:\Users\ultra\warewolf\Dev\Dev2.Server\Dev2.Server.csproj]
C:\Program Files\dotnet\sdk\10.0.201\Microsoft.Common.CurrentVersion.targets(2451,5): warning MSB3277:             C:\Users\ultra\.nuget\packages\dotnetzip\1.16.0\lib\netstandard2.0\DotNetZip.dll [C:\Users\ultra\warewolf\Dev\Dev2.Server\Dev2.Server.csproj]
C:\Program Files\dotnet\sdk\10.0.201\Microsoft.Common.CurrentVersion.targets(2451,5): warning MSB3277:             C:\Users\ultra\warewolf\Dev\Dev2.Common\bin\Debug\net8.0\Dev2.Common.dll [C:\Users\ultra\warewolf\Dev\Dev2.Server\Dev2.Server.csproj]
C:\Program Files\dotnet\sdk\10.0.201\Microsoft.Common.CurrentVersion.targets(2451,5): warning MSB3277:             C:\Users\ultra\warewolf\Dev\Dev2.Development.Languages\bin\Debug\net8.0\Dev2.Development.Languages.dll [C:\Users\ultra\warewolf\Dev\Dev2.Server\Dev2.Server.csproj]
C:\Program Files\dotnet\sdk\10.0.201\Microsoft.Common.CurrentVersion.targets(2451,5): warning MSB3277:             C:\Users\ultra\warewolf\Dev\Dev2.Diagnostics\bin\Debug\net8.0\Dev2.Diagnostics.dll [C:\Users\ultra\warewolf\Dev\Dev2.Server\Dev2.Server.csproj]
C:\Program Files\dotnet\sdk\10.0.201\Microsoft.Common.CurrentVersion.targets(2451,5): warning MSB3277:             C:\Users\ultra\warewolf\Dev\Dev2.Infrastructure\bin\Debug\net8.0\Dev2.Infrastructure.dll [C:\Users\ultra\warewolf\Dev\Dev2.Server\Dev2.Server.csproj]
C:\Program Files\dotnet\sdk\10.0.201\Microsoft.Common.CurrentVersion.targets(2451,5): warning MSB3277:             C:\Users\ultra\warewolf\Dev\Dev2.Util\bin\Debug\net8.0\Dev2.Util.dll [C:\Users\ultra\warewolf\Dev\Dev2.Server\Dev2.Server.csproj]
C:\Program Files\dotnet\sdk\10.0.201\Microsoft.Common.CurrentVersion.targets(2451,5): warning MSB3277:             C:\Users\ultra\warewolf\Dev\Warewolf.PerfMon\bin\Debug\net8.0\linux-x64\Warewolf.PerfMon.dll [C:\Users\ultra\warewolf\Dev\Dev2.Server\Dev2.Server.csproj]
C:\Program Files\dotnet\sdk\10.0.201\Microsoft.Common.CurrentVersion.targets(2451,5): warning MSB3277:             C:\Users\ultra\warewolf\Dev\Warewolf.Sharepoint\bin\Debug\net8.0\Warewolf.Sharepoint.dll [C:\Users\ultra\warewolf\Dev\Dev2.Server\Dev2.Server.csproj]
C:\Program Files\dotnet\sdk\10.0.201\Microsoft.Common.CurrentVersion.targets(2451,5): warning MSB3277:             C:\Users\ultra\warewolf\Dev\Warewolf.Storage\bin\Debug\net8.0\Warewolf.Storage.dll [C:\Users\ultra\warewolf\Dev\Dev2.Server\Dev2.Server.csproj]
C:\Program Files\dotnet\sdk\10.0.201\Microsoft.Common.CurrentVersion.targets(2451,5): warning MSB3277:             C:\Users\ultra\warewolf\Dev\Dev2.Data.Interfaces\bin\Debug\net8.0\Dev2.Data.Interfaces.dll [C:\Users\ultra\warewolf\Dev\Dev2.Server\Dev2.Server.csproj]
C:\Program Files\dotnet\sdk\10.0.201\Microsoft.Common.CurrentVersion.targets(2451,5): warning MSB3277:             C:\Users\ultra\warewolf\Dev\Dev2.Services.Sql\bin\Debug\net8.0\Dev2.Services.Sql.dll [C:\Users\ultra\warewolf\Dev\Dev2.Server\Dev2.Server.csproj]
C:\Program Files\dotnet\sdk\10.0.201\Microsoft.Common.CurrentVersion.targets(2451,5): warning MSB3277:             C:\Users\ultra\warewolf\Dev\Dev2.TaskScheduler.Wrappers\bin\Debug\net8.0\Dev2.TaskScheduler.Wrappers.dll [C:\Users\ultra\warewolf\Dev\Dev2.Server\Dev2.Server.csproj]
C:\Program Files\dotnet\sdk\10.0.201\Microsoft.Common.CurrentVersion.targets(2451,5): warning MSB3277:             C:\Users\ultra\warewolf\Dev\Warewolf.AI.Harness\bin\Debug\net8.0\Warewolf.AI.Harness.dll [C:\Users\ultra\warewolf\Dev\Dev2.Server\Dev2.Server.csproj]
C:\Program Files\dotnet\sdk\10.0.201\Microsoft.Common.CurrentVersion.targets(2451,5): warning MSB3277:             C:\Users\ultra\warewolf\Dev\Warewolf.Driver.Serilog\bin\Debug\net8.0\Warewolf.Driver.Serilog.dll [C:\Users\ultra\warewolf\Dev\Dev2.Server\Dev2.Server.csproj]
C:\Program Files\dotnet\sdk\10.0.201\Microsoft.Common.CurrentVersion.targets(2451,5): warning MSB3277:             C:\Users\ultra\.nuget\packages\mindbox.data.linq\5.0.0\lib\netstandard2.0\Mindbox.Data.Linq.dll [C:\Users\ultra\warewolf\Dev\Dev2.Server\Dev2.Server.csproj]
C:\Program Files\dotnet\sdk\10.0.201\Microsoft.Common.CurrentVersion.targets(2451,5): warning MSB3277:             C:\Users\ultra\.nuget\packages\mysql.data\8.4.0\lib\net8.0\MySql.Data.dll [C:\Users\ultra\warewolf\Dev\Dev2.Server\Dev2.Server.csproj]
C:\Program Files\dotnet\sdk\10.0.201\Microsoft.Common.CurrentVersion.targets(2451,5): warning MSB3277:             C:\Users\ultra\.nuget\packages\oracle.manageddataaccess.core\3.21.70\lib\netstandard2.1\Oracle.ManagedDataAccess.dll [C:\Users\ultra\warewolf\Dev\Dev2.Server\Dev2.Server.csproj]
C:\Program Files\dotnet\sdk\10.0.201\Microsoft.Common.CurrentVersion.targets(2451,5): warning MSB3277:             C:\Users\ultra\.nuget\packages\system.directoryservices\6.0.0\lib\net6.0\System.DirectoryServices.dll [C:\Users\ultra\warewolf\Dev\Dev2.Server\Dev2.Server.csproj]
C:\Program Files\dotnet\sdk\10.0.201\Microsoft.Common.CurrentVersion.targets(2451,5): warning MSB3277:             C:\Users\ultra\.nuget\packages\corewcf.primitives\1.2.1\lib\netstandard2.0\CoreWCF.Primitives.dll [C:\Users\ultra\warewolf\Dev\Dev2.Server\Dev2.Server.csproj]
C:\Program Files\dotnet\sdk\10.0.201\Microsoft.Common.CurrentVersion.targets(2451,5): warning MSB3277:             C:\Users\ultra\.nuget\packages\corewcf.http\1.2.1\lib\netstandard2.0\CoreWCF.Http.dll [C:\Users\ultra\warewolf\Dev\Dev2.Server\Dev2.Server.csproj]
C:\Program Files\dotnet\sdk\10.0.201\Microsoft.Common.CurrentVersion.targets(2451,5): warning MSB3277:             C:\Users\ultra\.nuget\packages\corewcf.nettcp\1.2.1\lib\netstandard2.0\CoreWCF.NetTcp.dll [C:\Users\ultra\warewolf\Dev\Dev2.Server\Dev2.Server.csproj]
C:\Program Files\dotnet\sdk\10.0.201\Microsoft.Common.CurrentVersion.targets(2451,5): warning MSB3277:             C:\Users\ultra\.nuget\packages\corewcf.webhttp\1.2.1\lib\netstandard2.0\CoreWCF.WebHttp.dll [C:\Users\ultra\warewolf\Dev\Dev2.Server\Dev2.Server.csproj]
C:\Program Files\dotnet\sdk\10.0.201\Microsoft.Common.CurrentVersion.targets(2451,5): warning MSB3277:             C:\Program Files\dotnet\packs\Microsoft.NETCore.App.Ref\8.0.25\ref/net8.0/System.Configuration.dll [C:\Users\ultra\warewolf\Dev\Dev2.Server\Dev2.Server.csproj]
C:\Program Files\dotnet\sdk\10.0.201\Microsoft.Common.CurrentVersion.targets(2451,5): warning MSB3277:             C:\Users\ultra\.nuget\packages\prism.wpf\9.0.537\lib\net462\Prism.Wpf.dll [C:\Users\ultra\warewolf\Dev\Dev2.Server\Dev2.Server.csproj]
C:\Program Files\dotnet\sdk\10.0.201\Microsoft.Common.CurrentVersion.targets(2451,5): warning MSB3277:             C:\Program Files\dotnet\packs\Microsoft.NETCore.App.Ref\8.0.25\ref/net8.0/System.Data.dll [C:\Users\ultra\warewolf\Dev\Dev2.Server\Dev2.Server.csproj]
C:\Program Files\dotnet\sdk\10.0.201\Microsoft.Common.CurrentVersion.targets(2451,5): warning MSB3277:             C:\Users\ultra\.nuget\packages\taskschedulereditor\2.10.1\lib\net452\Microsoft.Win32.TaskSchedulerEditor.dll [C:\Users\ultra\warewolf\Dev\Dev2.Server\Dev2.Server.csproj]
C:\Program Files\dotnet\sdk\10.0.201\Microsoft.Common.CurrentVersion.targets(2451,5): warning MSB3277:             C:\Program Files\dotnet\packs\Microsoft.NETCore.App.Ref\8.0.25\ref/net8.0/System.Drawing.dll [C:\Users\ultra\warewolf\Dev\Dev2.Server\Dev2.Server.csproj]
C:\Program Files\dotnet\sdk\10.0.201\Microsoft.Common.CurrentVersion.targets(2451,5): warning MSB3277:             C:\Users\ultra\.nuget\packages\aerowizard\2.3.1\lib\net45\AeroWizard.dll [C:\Users\ultra\warewolf\Dev\Dev2.Server\Dev2.Server.csproj]
C:\Program Files\dotnet\sdk\10.0.201\Microsoft.Common.CurrentVersion.targets(2451,5): warning MSB3277:             C:\Users\ultra\.nuget\packages\groupcontrols\1.9.0\lib\net45\GroupControls.dll [C:\Users\ultra\warewolf\Dev\Dev2.Server\Dev2.Server.csproj]
C:\Program Files\dotnet\sdk\10.0.201\Microsoft.Common.CurrentVersion.targets(2451,5): warning MSB3277:             C:\Program Files\dotnet\packs\Microsoft.NETCore.App.Ref\8.0.25\ref/net8.0/System.Net.dll [C:\Users\ultra\warewolf\Dev\Dev2.Server\Dev2.Server.csproj]
C:\Program Files\dotnet\sdk\10.0.201\Microsoft.Common.CurrentVersion.targets(2451,5): warning MSB3277:             C:\Program Files\dotnet\packs\Microsoft.NETCore.App.Ref\8.0.25\ref/net8.0/System.Security.dll [C:\Users\ultra\warewolf\Dev\Dev2.Server\Dev2.Server.csproj]
C:\Program Files\dotnet\sdk\10.0.201\Microsoft.Common.CurrentVersion.targets(2451,5): warning MSB3277:             C:\Program Files\dotnet\packs\Microsoft.NETCore.App.Ref\8.0.25\ref/net8.0/System.ServiceProcess.dll [C:\Users\ultra\warewolf\Dev\Dev2.Server\Dev2.Server.csproj]
C:\Program Files\dotnet\sdk\10.0.201\Microsoft.Common.CurrentVersion.targets(2451,5): warning MSB3277:             C:\Program Files\dotnet\packs\Microsoft.NETCore.App.Ref\8.0.25\ref/net8.0/System.Transactions.dll [C:\Users\ultra\warewolf\Dev\Dev2.Server\Dev2.Server.csproj]
C:\Program Files\dotnet\sdk\10.0.201\Microsoft.Common.CurrentVersion.targets(2451,5): warning MSB3277:             C:\Program Files\dotnet\packs\Microsoft.NETCore.App.Ref\8.0.25\ref/net8.0/System.dll [C:\Users\ultra\warewolf\Dev\Dev2.Server\Dev2.Server.csproj]
C:\Program Files\dotnet\sdk\10.0.201\Microsoft.Common.CurrentVersion.targets(2451,5): warning MSB3277:             C:\Users\ultra\.nuget\packages\microsoft.xaml.behaviors.wpf\1.1.122\lib\net462\Microsoft.Xaml.Behaviors.dll [C:\Users\ultra\warewolf\Dev\Dev2.Server\Dev2.Server.csproj]
C:\Program Files\dotnet\sdk\10.0.201\Microsoft.Common.CurrentVersion.targets(2451,5): warning MSB3277:             C:\Users\ultra\.nuget\packages\caliburn.micro\4.0.212\lib\netcoreapp3.1\Caliburn.Micro.Platform.dll [C:\Users\ultra\warewolf\Dev\Dev2.Server\Dev2.Server.csproj]
C:\Program Files\dotnet\sdk\10.0.201\Microsoft.Common.CurrentVersion.targets(2451,5): warning MSB3277:             C:\Users\ultra\.nuget\packages\reactiveui.wpf\18.4.1\lib\net462\ReactiveUI.Wpf.dll [C:\Users\ultra\warewolf\Dev\Dev2.Server\Dev2.Server.csproj]
C:\Program Files\dotnet\sdk\10.0.201\Microsoft.Common.CurrentVersion.targets(2451,5): warning MSB3277:             C:\Users\ultra\.nuget\packages\ttcue.netcore.sharepointonline.csom.16.1.8029.1200\16.1.8029.1200\lib\netcoreapp2.0\Microsoft.SharePoint.Client.Runtime.Windows.dll [C:\Users\ultra\warewolf\Dev\Dev2.Server\Dev2.Server.csproj]
C:\Program Files\dotnet\sdk\10.0.201\Microsoft.Common.CurrentVersion.targets(2451,5): warning MSB3277:             C:\Program Files\dotnet\packs\Microsoft.NETCore.App.Ref\8.0.25\ref/net8.0/WindowsBase.dll [C:\Users\ultra\warewolf\Dev\Dev2.Server\Dev2.Server.csproj]
C:\Program Files\dotnet\sdk\10.0.201\Microsoft.Common.CurrentVersion.targets(2451,5): warning MSB3277:             C:\Program Files\dotnet\packs\Microsoft.NETCore.App.Ref\8.0.25\ref/net8.0/mscorlib.dll [C:\Users\ultra\warewolf\Dev\Dev2.Server\Dev2.Server.csproj]
C:\Program Files\dotnet\sdk\10.0.201\Microsoft.Common.CurrentVersion.targets(2451,5): warning MSB3277:             Warewolf.Usage, Version=1.0.0.0, Culture=neutral, PublicKeyToken=null [C:\Users\ultra\warewolf\Dev\Dev2.Server\Dev2.Server.csproj]
C:\Program Files\dotnet\sdk\10.0.201\Microsoft.Common.CurrentVersion.targets(2451,5): warning MSB3277:             C:\Users\ultra\.nuget\packages\hangfire.core\1.7.32\lib\netstandard2.0\Hangfire.Core.dll [C:\Users\ultra\warewolf\Dev\Dev2.Server\Dev2.Server.csproj]
C:\Program Files\dotnet\sdk\10.0.201\Microsoft.Common.CurrentVersion.targets(2451,5): warning MSB3277:             C:\Users\ultra\.nuget\packages\hangfire.aspnetcore\1.7.32\lib\netcoreapp3.0\Hangfire.AspNetCore.dll [C:\Users\ultra\warewolf\Dev\Dev2.Server\Dev2.Server.csproj]
C:\Program Files\dotnet\sdk\10.0.201\Microsoft.Common.CurrentVersion.targets(2451,5): warning MSB3277:             C:\Users\ultra\.nuget\packages\hangfire.sqlserver\1.7.32\lib\netstandard2.0\Hangfire.SqlServer.dll [C:\Users\ultra\warewolf\Dev\Dev2.Server\Dev2.Server.csproj]
C:\Program Files\dotnet\sdk\10.0.201\Microsoft.Common.CurrentVersion.targets(2451,5): warning MSB3277:         C:\Program Files\dotnet\packs\Microsoft.NETCore.App.Ref\8.0.25\ref\net8.0\System.Drawing.dll [C:\Users\ultra\warewolf\Dev\Dev2.Server\Dev2.Server.csproj]
C:\Program Files\dotnet\sdk\10.0.201\Microsoft.Common.CurrentVersion.targets(2451,5): warning MSB3277:           Project file item includes which caused reference "C:\Program Files\dotnet\packs\Microsoft.NETCore.App.Ref\8.0.25\ref\net8.0\System.Drawing.dll". [C:\Users\ultra\warewolf\Dev\Dev2.Server\Dev2.Server.csproj]
C:\Program Files\dotnet\sdk\10.0.201\Microsoft.Common.CurrentVersion.targets(2451,5): warning MSB3277:             C:\Program Files\dotnet\packs\Microsoft.NETCore.App.Ref\8.0.25\ref/net8.0/System.Drawing.dll [C:\Users\ultra\warewolf\Dev\Dev2.Server\Dev2.Server.csproj]
C:\Program Files\dotnet\sdk\10.0.201\Microsoft.Common.CurrentVersion.targets(2451,5): warning MSB3277:             C:\Users\ultra\.nuget\packages\aerowizard\2.3.1\lib\net45\AeroWizard.dll [C:\Users\ultra\warewolf\Dev\Dev2.Server\Dev2.Server.csproj]
C:\Program Files\dotnet\sdk\10.0.201\Microsoft.Common.CurrentVersion.targets(2451,5): warning MSB3277:             C:\Users\ultra\.nuget\packages\groupcontrols\1.9.0\lib\net45\GroupControls.dll [C:\Users\ultra\warewolf\Dev\Dev2.Server\Dev2.Server.csproj]
C:\Program Files\dotnet\sdk\10.0.201\Microsoft.Common.CurrentVersion.targets(2451,5): warning MSB3277:             C:\Users\ultra\.nuget\packages\taskschedulereditor\2.10.1\lib\net452\Microsoft.Win32.TaskSchedulerEditor.dll [C:\Users\ultra\warewolf\Dev\Dev2.Server\Dev2.Server.csproj]
C:\Program Files\dotnet\sdk\10.0.201\Microsoft.Common.CurrentVersion.targets(2451,5): warning MSB3277: Found conflicts between different versions of "Microsoft.Win32.SystemEvents" that could not be resolved. [C:\Users\ultra\warewolf\Dev\Dev2.Activities.Designers\Dev2.Activities.Designers.csproj]
C:\Program Files\dotnet\sdk\10.0.201\Microsoft.Common.CurrentVersion.targets(2451,5): warning MSB3277: There was a conflict between "Microsoft.Win32.SystemEvents, Version=6.0.0.0, Culture=neutral, PublicKeyToken=cc7b13ffcd2ddd51" and "Microsoft.Win32.SystemEvents, Version=7.0.0.0, Culture=neutral, PublicKeyToken=cc7b13ffcd2ddd51". [C:\Users\ultra\warewolf\Dev\Dev2.Activities.Designers\Dev2.Activities.Designers.csproj]
C:\Program Files\dotnet\sdk\10.0.201\Microsoft.Common.CurrentVersion.targets(2451,5): warning MSB3277:     "Microsoft.Win32.SystemEvents, Version=6.0.0.0, Culture=neutral, PublicKeyToken=cc7b13ffcd2ddd51" was chosen because it was primary and "Microsoft.Win32.SystemEvents, Version=7.0.0.0, Culture=neutral, PublicKeyToken=cc7b13ffcd2ddd51" was not. [C:\Users\ultra\warewolf\Dev\Dev2.Activities.Designers\Dev2.Activities.Designers.csproj]
C:\Program Files\dotnet\sdk\10.0.201\Microsoft.Common.CurrentVersion.targets(2451,5): warning MSB3277:     References which depend on "Microsoft.Win32.SystemEvents, Version=6.0.0.0, Culture=neutral, PublicKeyToken=cc7b13ffcd2ddd51" [C:\Users\ultra\.nuget\packages\microsoft.win32.systemevents\6.0.0\lib\net6.0\Microsoft.Win32.SystemEvents.dll]. [C:\Users\ultra\warewolf\Dev\Dev2.Activities.Designers\Dev2.Activities.Designers.csproj]
C:\Program Files\dotnet\sdk\10.0.201\Microsoft.Common.CurrentVersion.targets(2451,5): warning MSB3277:         C:\Users\ultra\.nuget\packages\microsoft.win32.systemevents\6.0.0\lib\net6.0\Microsoft.Win32.SystemEvents.dll [C:\Users\ultra\warewolf\Dev\Dev2.Activities.Designers\Dev2.Activities.Designers.csproj]
C:\Program Files\dotnet\sdk\10.0.201\Microsoft.Common.CurrentVersion.targets(2451,5): warning MSB3277:           Project file item includes which caused reference "C:\Users\ultra\.nuget\packages\microsoft.win32.systemevents\6.0.0\lib\net6.0\Microsoft.Win32.SystemEvents.dll". [C:\Users\ultra\warewolf\Dev\Dev2.Activities.Designers\Dev2.Activities.Designers.csproj]
C:\Program Files\dotnet\sdk\10.0.201\Microsoft.Common.CurrentVersion.targets(2451,5): warning MSB3277:             C:\Users\ultra\.nuget\packages\microsoft.win32.systemevents\6.0.0\lib\net6.0\Microsoft.Win32.SystemEvents.dll [C:\Users\ultra\warewolf\Dev\Dev2.Activities.Designers\Dev2.Activities.Designers.csproj]
C:\Program Files\dotnet\sdk\10.0.201\Microsoft.Common.CurrentVersion.targets(2451,5): warning MSB3277:     References which depend on or have been unified to "Microsoft.Win32.SystemEvents, Version=7.0.0.0, Culture=neutral, PublicKeyToken=cc7b13ffcd2ddd51" []. [C:\Users\ultra\warewolf\Dev\Dev2.Activities.Designers\Dev2.Activities.Designers.csproj]
C:\Program Files\dotnet\sdk\10.0.201\Microsoft.Common.CurrentVersion.targets(2451,5): warning MSB3277:         C:\Users\ultra\warewolf\Dev\Dev2.Common\bin\Debug\net8.0\Dev2.Common.dll [C:\Users\ultra\warewolf\Dev\Dev2.Activities.Designers\Dev2.Activities.Designers.csproj]
C:\Program Files\dotnet\sdk\10.0.201\Microsoft.Common.CurrentVersion.targets(2451,5): warning MSB3277:           Project file item includes which caused reference "C:\Users\ultra\warewolf\Dev\Dev2.Common\bin\Debug\net8.0\Dev2.Common.dll". [C:\Users\ultra\warewolf\Dev\Dev2.Activities.Designers\Dev2.Activities.Designers.csproj]
C:\Program Files\dotnet\sdk\10.0.201\Microsoft.Common.CurrentVersion.targets(2451,5): warning MSB3277:             C:\Users\ultra\warewolf\Dev\Dev2.Common\bin\Debug\net8.0\Dev2.Common.dll [C:\Users\ultra\warewolf\Dev\Dev2.Activities.Designers\Dev2.Activities.Designers.csproj]
C:\Program Files\dotnet\sdk\10.0.201\Microsoft.Common.CurrentVersion.targets(2451,5): warning MSB3277:             C:\Users\ultra\warewolf\Dev\Dev2.Activities\bin\Debug\net8.0\Dev2.Activities.dll [C:\Users\ultra\warewolf\Dev\Dev2.Activities.Designers\Dev2.Activities.Designers.csproj]
C:\Program Files\dotnet\sdk\10.0.201\Microsoft.Common.CurrentVersion.targets(2451,5): warning MSB3277:             C:\Users\ultra\warewolf\Dev\Dev2.Core\bin\Debug\net8.0\Dev2.Core.dll [C:\Users\ultra\warewolf\Dev\Dev2.Activities.Designers\Dev2.Activities.Designers.csproj]
C:\Program Files\dotnet\sdk\10.0.201\Microsoft.Common.CurrentVersion.targets(2451,5): warning MSB3277:             C:\Users\ultra\warewolf\Dev\Dev2.Data\bin\Debug\net8.0\Dev2.Data.dll [C:\Users\ultra\warewolf\Dev\Dev2.Activities.Designers\Dev2.Activities.Designers.csproj]
C:\Program Files\dotnet\sdk\10.0.201\Microsoft.Common.CurrentVersion.targets(2451,5): warning MSB3277:             C:\Users\ultra\warewolf\Dev\Dev2.Diagnostics\bin\Debug\net8.0\Dev2.Diagnostics.dll [C:\Users\ultra\warewolf\Dev\Dev2.Activities.Designers\Dev2.Activities.Designers.csproj]
C:\Program Files\dotnet\sdk\10.0.201\Microsoft.Common.CurrentVersion.targets(2451,5): warning MSB3277:             C:\Users\ultra\warewolf\Dev\Dev2.Infrastructure\bin\Debug\net8.0\Dev2.Infrastructure.dll [C:\Users\ultra\warewolf\Dev\Dev2.Activities.Designers\Dev2.Activities.Designers.csproj]
C:\Program Files\dotnet\sdk\10.0.201\Microsoft.Common.CurrentVersion.targets(2451,5): warning MSB3277:             C:\Users\ultra\warewolf\Dev\Dev2.Intellisense\bin\Debug\net8.0\Dev2.Intellisense.dll [C:\Users\ultra\warewolf\Dev\Dev2.Activities.Designers\Dev2.Activities.Designers.csproj]
C:\Program Files\dotnet\sdk\10.0.201\Microsoft.Common.CurrentVersion.targets(2451,5): warning MSB3277:             C:\Users\ultra\warewolf\Dev\Dev2.Runtime.Services\bin\Debug\net8.0\Dev2.Runtime.Services.dll [C:\Users\ultra\warewolf\Dev\Dev2.Activities.Designers\Dev2.Activities.Designers.csproj]
C:\Program Files\dotnet\sdk\10.0.201\Microsoft.Common.CurrentVersion.targets(2451,5): warning MSB3277:             C:\Users\ultra\warewolf\Dev\Dev2.Studio.Core\bin\Debug\net8.0\Dev2.Studio.Core.dll [C:\Users\ultra\warewolf\Dev\Dev2.Activities.Designers\Dev2.Activities.Designers.csproj]
C:\Program Files\dotnet\sdk\10.0.201\Microsoft.Common.CurrentVersion.targets(2451,5): warning MSB3277:             C:\Users\ultra\warewolf\Dev\Dev2.Studio.Interfaces\bin\Debug\net8.0\Dev2.Studio.Interfaces.dll [C:\Users\ultra\warewolf\Dev\Dev2.Activities.Designers\Dev2.Activities.Designers.csproj]
C:\Program Files\dotnet\sdk\10.0.201\Microsoft.Common.CurrentVersion.targets(2451,5): warning MSB3277:             C:\Users\ultra\warewolf\Dev\Dev2.Util\bin\Debug\net8.0\Dev2.Util.dll [C:\Users\ultra\warewolf\Dev\Dev2.Activities.Designers\Dev2.Activities.Designers.csproj]
C:\Program Files\dotnet\sdk\10.0.201\Microsoft.Common.CurrentVersion.targets(2451,5): warning MSB3277:             C:\Users\ultra\warewolf\Dev\Warewolf.Storage\bin\Debug\net8.0\Warewolf.Storage.dll [C:\Users\ultra\warewolf\Dev\Dev2.Activities.Designers\Dev2.Activities.Designers.csproj]
C:\Program Files\dotnet\sdk\10.0.201\Microsoft.Common.CurrentVersion.targets(2451,5): warning MSB3277:             C:\Users\ultra\warewolf\Dev\Warewolf.Core\bin\Debug\net8.0\Warewolf.Core.dll [C:\Users\ultra\warewolf\Dev\Dev2.Activities.Designers\Dev2.Activities.Designers.csproj]
C:\Program Files\dotnet\sdk\10.0.201\Microsoft.Common.CurrentVersion.targets(2451,5): warning MSB3277:             C:\Users\ultra\warewolf\Dev\Warewolf.Studio.Core\bin\Debug\net8.0\Warewolf.Studio.Core.dll [C:\Users\ultra\warewolf\Dev\Dev2.Activities.Designers\Dev2.Activities.Designers.csproj]
C:\Program Files\dotnet\sdk\10.0.201\Microsoft.Common.CurrentVersion.targets(2451,5): warning MSB3277:             C:\Users\ultra\warewolf\Dev\Warewolf.Studio.CustomControls\bin\Debug\net8.0\Warewolf.Studio.CustomControls.dll [C:\Users\ultra\warewolf\Dev\Dev2.Activities.Designers\Dev2.Activities.Designers.csproj]
C:\Program Files\dotnet\sdk\10.0.201\Microsoft.Common.CurrentVersion.targets(2451,5): warning MSB3277:             C:\Users\ultra\warewolf\Dev\Warewolf.Studio.Models\bin\Debug\net8.0\Warewolf.Studio.Models.dll [C:\Users\ultra\warewolf\Dev\Dev2.Activities.Designers\Dev2.Activities.Designers.csproj]
C:\Program Files\dotnet\sdk\10.0.201\Microsoft.Common.CurrentVersion.targets(2451,5): warning MSB3277:             C:\Users\ultra\warewolf\Dev\Warewolf.UI\bin\Debug\net8.0\Warewolf.UI.dll [C:\Users\ultra\warewolf\Dev\Dev2.Activities.Designers\Dev2.Activities.Designers.csproj]
C:\Program Files\dotnet\sdk\10.0.201\Microsoft.Common.CurrentVersion.targets(2451,5): warning MSB3277:             C:\Users\ultra\warewolf\Dev\Dev2.Development.Languages\bin\Debug\net8.0\Dev2.Development.Languages.dll [C:\Users\ultra\warewolf\Dev\Dev2.Activities.Designers\Dev2.Activities.Designers.csproj]
C:\Program Files\dotnet\sdk\10.0.201\Microsoft.Common.CurrentVersion.targets(2451,5): warning MSB3277:             C:\Users\ultra\warewolf\Dev\Dev2.Scheduler\bin\Debug\net8.0\Dev2.Scheduler.dll [C:\Users\ultra\warewolf\Dev\Dev2.Activities.Designers\Dev2.Activities.Designers.csproj]
C:\Program Files\dotnet\sdk\10.0.201\Microsoft.Common.CurrentVersion.targets(2451,5): warning MSB3277:             C:\Users\ultra\warewolf\Dev\Dev2.Services.Execution\bin\Debug\net8.0\Dev2.Services.Execution.dll [C:\Users\ultra\warewolf\Dev\Dev2.Activities.Designers\Dev2.Activities.Designers.csproj]
C:\Program Files\dotnet\sdk\10.0.201\Microsoft.Common.CurrentVersion.targets(2451,5): warning MSB3277:             C:\Users\ultra\warewolf\Dev\Dev2.Services.Sql\bin\Debug\net8.0\Dev2.Services.Sql.dll [C:\Users\ultra\warewolf\Dev\Dev2.Activities.Designers\Dev2.Activities.Designers.csproj]
C:\Program Files\dotnet\sdk\10.0.201\Microsoft.Common.CurrentVersion.targets(2451,5): warning MSB3277:             C:\Users\ultra\warewolf\Dev\Dev2.TaskScheduler.Wrappers\bin\Debug\net8.0\Dev2.TaskScheduler.Wrappers.dll [C:\Users\ultra\warewolf\Dev\Dev2.Activities.Designers\Dev2.Activities.Designers.csproj]
C:\Program Files\dotnet\sdk\10.0.201\Microsoft.Common.CurrentVersion.targets(2451,5): warning MSB3277:             C:\Users\ultra\warewolf\Dev\Warewolf.AI.Harness\bin\Debug\net8.0\Warewolf.AI.Harness.dll [C:\Users\ultra\warewolf\Dev\Dev2.Activities.Designers\Dev2.Activities.Designers.csproj]
C:\Program Files\dotnet\sdk\10.0.201\Microsoft.Common.CurrentVersion.targets(2451,5): warning MSB3277:             C:\Users\ultra\warewolf\Dev\Warewolf.Auditing\bin\Debug\net8.0\Warewolf.Auditing.dll [C:\Users\ultra\warewolf\Dev\Dev2.Activities.Designers\Dev2.Activities.Designers.csproj]
C:\Program Files\dotnet\sdk\10.0.201\Microsoft.Common.CurrentVersion.targets(2451,5): warning MSB3277:             C:\Users\ultra\warewolf\Dev\Warewolf.Common.NetStandard20\bin\Debug\net8.0\Warewolf.Common.NetStandard20.dll [C:\Users\ultra\warewolf\Dev\Dev2.Activities.Designers\Dev2.Activities.Designers.csproj]
C:\Program Files\dotnet\sdk\10.0.201\Microsoft.Common.CurrentVersion.targets(2451,5): warning MSB3277:             C:\Users\ultra\warewolf\Dev\Warewolf.Driver.Persistence\bin\Debug\net8.0\Warewolf.Driver.Persistence.dll [C:\Users\ultra\warewolf\Dev\Dev2.Activities.Designers\Dev2.Activities.Designers.csproj]
C:\Program Files\dotnet\sdk\10.0.201\Microsoft.Common.CurrentVersion.targets(2451,5): warning MSB3277:             C:\Users\ultra\warewolf\Dev\Warewolf.Driver.Serilog\bin\Debug\net8.0\Warewolf.Driver.Serilog.dll [C:\Users\ultra\warewolf\Dev\Dev2.Activities.Designers\Dev2.Activities.Designers.csproj]
C:\Program Files\dotnet\sdk\10.0.201\Microsoft.Common.CurrentVersion.targets(2451,5): warning MSB3277:             C:\Users\ultra\warewolf\Dev\Warewolf.Exchange.Email.Wrapper\bin\Debug\net8.0\Warewolf.Exchange.Email.Wrapper.dll [C:\Users\ultra\warewolf\Dev\Dev2.Activities.Designers\Dev2.Activities.Designers.csproj]
C:\Program Files\dotnet\sdk\10.0.201\Microsoft.Common.CurrentVersion.targets(2451,5): warning MSB3277:             C:\Users\ultra\warewolf\Dev\Warewolf.ResourceManagement\bin\Debug\net8.0\Warewolf.ResourceManagement.dll [C:\Users\ultra\warewolf\Dev\Dev2.Activities.Designers\Dev2.Activities.Designers.csproj]
C:\Program Files\dotnet\sdk\10.0.201\Microsoft.Common.CurrentVersion.targets(2451,5): warning MSB3277:             C:\Users\ultra\warewolf\Dev\Warewolf.Sharepoint\bin\Debug\net8.0\Warewolf.Sharepoint.dll [C:\Users\ultra\warewolf\Dev\Dev2.Activities.Designers\Dev2.Activities.Designers.csproj]
C:\Program Files\dotnet\sdk\10.0.201\Microsoft.Common.CurrentVersion.targets(2451,5): warning MSB3277:         C:\Users\ultra\warewolf\Dev\Binaries\Infragistcs_Net6\InfragisticsWPF4.Editors.v15.1.dll [C:\Users\ultra\warewolf\Dev\Dev2.Activities.Designers\Dev2.Activities.Designers.csproj]
C:\Program Files\dotnet\sdk\10.0.201\Microsoft.Common.CurrentVersion.targets(2451,5): warning MSB3277:           Project file item includes which caused reference "C:\Users\ultra\warewolf\Dev\Binaries\Infragistcs_Net6\InfragisticsWPF4.Editors.v15.1.dll". [C:\Users\ultra\warewolf\Dev\Dev2.Activities.Designers\Dev2.Activities.Designers.csproj]
C:\Program Files\dotnet\sdk\10.0.201\Microsoft.Common.CurrentVersion.targets(2451,5): warning MSB3277:             InfragisticsWPF4.Editors.v15.1, Version=15.1.20151.2055, Culture=neutral, processorArchitecture=MSIL [C:\Users\ultra\warewolf\Dev\Dev2.Activities.Designers\Dev2.Activities.Designers.csproj]
C:\Program Files\dotnet\sdk\10.0.201\Microsoft.Common.CurrentVersion.targets(2451,5): warning MSB3277:         C:\Users\ultra\warewolf\Dev\Binaries\Infragistcs_Net6\InfragisticsWPF4.v15.1.dll [C:\Users\ultra\warewolf\Dev\Dev2.Activities.Designers\Dev2.Activities.Designers.csproj]
C:\Program Files\dotnet\sdk\10.0.201\Microsoft.Common.CurrentVersion.targets(2451,5): warning MSB3277:           Project file item includes which caused reference "C:\Users\ultra\warewolf\Dev\Binaries\Infragistcs_Net6\InfragisticsWPF4.v15.1.dll". [C:\Users\ultra\warewolf\Dev\Dev2.Activities.Designers\Dev2.Activities.Designers.csproj]
C:\Program Files\dotnet\sdk\10.0.201\Microsoft.Common.CurrentVersion.targets(2451,5): warning MSB3277:             InfragisticsWPF4.v15.1, Version=15.1.20151.2055, Culture=neutral, PublicKeyToken=7dd5c3163f2cd0cb, processorArchitecture=MSIL [C:\Users\ultra\warewolf\Dev\Dev2.Activities.Designers\Dev2.Activities.Designers.csproj]
C:\Program Files\dotnet\sdk\10.0.201\Microsoft.Common.CurrentVersion.targets(2451,5): warning MSB3277:             InfragisticsWPF4.Controls.Editors.XamComboEditor.v15.1, Version=15.1.20151.2055, Culture=neutral, processorArchitecture=MSIL [C:\Users\ultra\warewolf\Dev\Dev2.Activities.Designers\Dev2.Activities.Designers.csproj]
C:\Program Files\dotnet\sdk\10.0.201\Microsoft.Common.CurrentVersion.targets(2451,5): warning MSB3277:             InfragisticsWPF4.Controls.Grids.XamGrid.v15.1 [C:\Users\ultra\warewolf\Dev\Dev2.Activities.Designers\Dev2.Activities.Designers.csproj]
C:\Program Files\dotnet\sdk\10.0.201\Microsoft.Common.CurrentVersion.targets(2451,5): warning MSB3277:             InfragisticsWPF4.Controls.Interactions.XamDialogWindow.v15.1, Version=15.1.20151.2055, Culture=neutral, PublicKeyToken=7dd5c3163f2cd0cb, processorArchitecture=MSIL [C:\Users\ultra\warewolf\Dev\Dev2.Activities.Designers\Dev2.Activities.Designers.csproj]
C:\Program Files\dotnet\sdk\10.0.201\Microsoft.Common.CurrentVersion.targets(2451,5): warning MSB3277:             InfragisticsWPF4.Controls.Menus.XamDataTree.v15.1 [C:\Users\ultra\warewolf\Dev\Dev2.Activities.Designers\Dev2.Activities.Designers.csproj]
C:\Program Files\dotnet\sdk\10.0.201\Microsoft.Common.CurrentVersion.targets(2451,5): warning MSB3277:             InfragisticsWPF4.Controls.Menus.XamMenu.v15.1, Version=15.1.20151.2055, Culture=neutral, processorArchitecture=MSIL [C:\Users\ultra\warewolf\Dev\Dev2.Activities.Designers\Dev2.Activities.Designers.csproj]
C:\Program Files\dotnet\sdk\10.0.201\Microsoft.Common.CurrentVersion.targets(2451,5): warning MSB3277:             InfragisticsWPF4.DataManager.v15.1, Version=15.1.20151.2188, Culture=neutral, PublicKeyToken=7dd5c3163f2cd0cb, processorArchitecture=MSIL [C:\Users\ultra\warewolf\Dev\Dev2.Activities.Designers\Dev2.Activities.Designers.csproj]
C:\Program Files\dotnet\sdk\10.0.201\Microsoft.Common.CurrentVersion.targets(2451,5): warning MSB3277:             InfragisticsWPF4.Editors.v15.1, Version=15.1.20151.2055, Culture=neutral, processorArchitecture=MSIL [C:\Users\ultra\warewolf\Dev\Dev2.Activities.Designers\Dev2.Activities.Designers.csproj]
C:\Program Files\dotnet\sdk\10.0.201\Microsoft.Common.CurrentVersion.targets(2451,5): warning MSB3277:         C:\Users\ultra\.nuget\packages\timespan2\2.4.2\lib\netcoreapp3.1\TimeSpan2.dll [C:\Users\ultra\warewolf\Dev\Dev2.Activities.Designers\Dev2.Activities.Designers.csproj]
C:\Program Files\dotnet\sdk\10.0.201\Microsoft.Common.CurrentVersion.targets(2451,5): warning MSB3277:           Project file item includes which caused reference "C:\Users\ultra\.nuget\packages\timespan2\2.4.2\lib\netcoreapp3.1\TimeSpan2.dll". [C:\Users\ultra\warewolf\Dev\Dev2.Activities.Designers\Dev2.Activities.Designers.csproj]
C:\Program Files\dotnet\sdk\10.0.201\Microsoft.Common.CurrentVersion.targets(2451,5): warning MSB3277:             C:\Users\ultra\.nuget\packages\timespan2\2.4.2\lib\netcoreapp3.1\TimeSpan2.dll [C:\Users\ultra\warewolf\Dev\Dev2.Activities.Designers\Dev2.Activities.Designers.csproj]
C:\Program Files\dotnet\sdk\10.0.201\Microsoft.Common.CurrentVersion.targets(2451,5): warning MSB3277:             C:\Users\ultra\.nuget\packages\taskschedulereditor\2.10.1\lib\net452\Microsoft.Win32.TaskSchedulerEditor.dll [C:\Users\ultra\warewolf\Dev\Dev2.Activities.Designers\Dev2.Activities.Designers.csproj]
C:\Program Files\dotnet\sdk\10.0.201\Microsoft.Common.CurrentVersion.targets(2451,5): warning MSB3277:         C:\Program Files\dotnet\packs\Microsoft.NETCore.App.Ref\8.0.25\ref\net8.0\System.dll [C:\Users\ultra\warewolf\Dev\Dev2.Activities.Designers\Dev2.Activities.Designers.csproj]
C:\Program Files\dotnet\sdk\10.0.201\Microsoft.Common.CurrentVersion.targets(2451,5): warning MSB3277:           Project file item includes which caused reference "C:\Program Files\dotnet\packs\Microsoft.NETCore.App.Ref\8.0.25\ref\net8.0\System.dll". [C:\Users\ultra\warewolf\Dev\Dev2.Activities.Designers\Dev2.Activities.Designers.csproj]
C:\Program Files\dotnet\sdk\10.0.201\Microsoft.Common.CurrentVersion.targets(2451,5): warning MSB3277:             C:\Program Files\dotnet\packs\Microsoft.NETCore.App.Ref\8.0.25\ref/net8.0/System.dll [C:\Users\ultra\warewolf\Dev\Dev2.Activities.Designers\Dev2.Activities.Designers.csproj]
C:\Program Files\dotnet\sdk\10.0.201\Microsoft.Common.CurrentVersion.targets(2451,5): warning MSB3277:             C:\Users\ultra\.nuget\packages\aerowizard\2.3.1\lib\net45\AeroWizard.dll [C:\Users\ultra\warewolf\Dev\Dev2.Activities.Designers\Dev2.Activities.Designers.csproj]
C:\Program Files\dotnet\sdk\10.0.201\Microsoft.Common.CurrentVersion.targets(2451,5): warning MSB3277:             C:\Users\ultra\.nuget\packages\groupcontrols\1.9.0\lib\net45\GroupControls.dll [C:\Users\ultra\warewolf\Dev\Dev2.Activities.Designers\Dev2.Activities.Designers.csproj]
C:\Program Files\dotnet\sdk\10.0.201\Microsoft.Common.CurrentVersion.targets(2451,5): warning MSB3277:             C:\Users\ultra\.nuget\packages\microsoft.xaml.behaviors.wpf\1.1.122\lib\net462\Microsoft.Xaml.Behaviors.dll [C:\Users\ultra\warewolf\Dev\Dev2.Activities.Designers\Dev2.Activities.Designers.csproj]
C:\Program Files\dotnet\sdk\10.0.201\Microsoft.Common.CurrentVersion.targets(2451,5): warning MSB3277:             C:\Users\ultra\.nuget\packages\caliburn.micro\4.0.212\lib\netcoreapp3.1\Caliburn.Micro.Platform.dll [C:\Users\ultra\warewolf\Dev\Dev2.Activities.Designers\Dev2.Activities.Designers.csproj]
C:\Program Files\dotnet\sdk\10.0.201\Microsoft.Common.CurrentVersion.targets(2451,5): warning MSB3277:             C:\Users\ultra\.nuget\packages\prism.wpf\9.0.537\lib\net462\Prism.Wpf.dll [C:\Users\ultra\warewolf\Dev\Dev2.Activities.Designers\Dev2.Activities.Designers.csproj]
C:\Program Files\dotnet\sdk\10.0.201\Microsoft.Common.CurrentVersion.targets(2451,5): warning MSB3277:             C:\Users\ultra\.nuget\packages\reactiveui.wpf\18.4.1\lib\net462\ReactiveUI.Wpf.dll [C:\Users\ultra\warewolf\Dev\Dev2.Activities.Designers\Dev2.Activities.Designers.csproj]
C:\Program Files\dotnet\sdk\10.0.201\Microsoft.Common.CurrentVersion.targets(2451,5): warning MSB3277:             C:\Users\ultra\.nuget\packages\taskschedulereditor\2.10.1\lib\net452\Microsoft.Win32.TaskSchedulerEditor.dll [C:\Users\ultra\warewolf\Dev\Dev2.Activities.Designers\Dev2.Activities.Designers.csproj]
C:\Program Files\dotnet\sdk\10.0.201\Microsoft.Common.CurrentVersion.targets(2451,5): warning MSB3277:             C:\Users\ultra\.nuget\packages\ttcue.netcore.sharepointonline.csom.16.1.8029.1200\16.1.8029.1200\lib\netcoreapp2.0\Microsoft.SharePoint.Client.Runtime.Windows.dll [C:\Users\ultra\warewolf\Dev\Dev2.Activities.Designers\Dev2.Activities.Designers.csproj]
C:\Program Files\dotnet\sdk\10.0.201\Microsoft.Common.CurrentVersion.targets(2451,5): warning MSB3277: Found conflicts between different versions of "System.Security.Permissions" that could not be resolved. [C:\Users\ultra\warewolf\Dev\Dev2.Activities.Designers\Dev2.Activities.Designers.csproj]
C:\Program Files\dotnet\sdk\10.0.201\Microsoft.Common.CurrentVersion.targets(2451,5): warning MSB3277: There was a conflict between "System.Security.Permissions, Version=6.0.0.0, Culture=neutral, PublicKeyToken=cc7b13ffcd2ddd51" and "System.Security.Permissions, Version=7.0.0.0, Culture=neutral, PublicKeyToken=cc7b13ffcd2ddd51". [C:\Users\ultra\warewolf\Dev\Dev2.Activities.Designers\Dev2.Activities.Designers.csproj]
C:\Program Files\dotnet\sdk\10.0.201\Microsoft.Common.CurrentVersion.targets(2451,5): warning MSB3277:     "System.Security.Permissions, Version=6.0.0.0, Culture=neutral, PublicKeyToken=cc7b13ffcd2ddd51" was chosen because it was primary and "System.Security.Permissions, Version=7.0.0.0, Culture=neutral, PublicKeyToken=cc7b13ffcd2ddd51" was not. [C:\Users\ultra\warewolf\Dev\Dev2.Activities.Designers\Dev2.Activities.Designers.csproj]
C:\Program Files\dotnet\sdk\10.0.201\Microsoft.Common.CurrentVersion.targets(2451,5): warning MSB3277:     References which depend on "System.Security.Permissions, Version=6.0.0.0, Culture=neutral, PublicKeyToken=cc7b13ffcd2ddd51" [C:\Users\ultra\.nuget\packages\system.security.permissions\6.0.0\lib\net6.0\System.Security.Permissions.dll]. [C:\Users\ultra\warewolf\Dev\Dev2.Activities.Designers\Dev2.Activities.Designers.csproj]
C:\Program Files\dotnet\sdk\10.0.201\Microsoft.Common.CurrentVersion.targets(2451,5): warning MSB3277:         C:\Users\ultra\.nuget\packages\system.security.permissions\6.0.0\lib\net6.0\System.Security.Permissions.dll [C:\Users\ultra\warewolf\Dev\Dev2.Activities.Designers\Dev2.Activities.Designers.csproj]
C:\Program Files\dotnet\sdk\10.0.201\Microsoft.Common.CurrentVersion.targets(2451,5): warning MSB3277:           Project file item includes which caused reference "C:\Users\ultra\.nuget\packages\system.security.permissions\6.0.0\lib\net6.0\System.Security.Permissions.dll". [C:\Users\ultra\warewolf\Dev\Dev2.Activities.Designers\Dev2.Activities.Designers.csproj]
C:\Program Files\dotnet\sdk\10.0.201\Microsoft.Common.CurrentVersion.targets(2451,5): warning MSB3277:             C:\Users\ultra\.nuget\packages\system.security.permissions\6.0.0\lib\net6.0\System.Security.Permissions.dll [C:\Users\ultra\warewolf\Dev\Dev2.Activities.Designers\Dev2.Activities.Designers.csproj]
C:\Program Files\dotnet\sdk\10.0.201\Microsoft.Common.CurrentVersion.targets(2451,5): warning MSB3277:     References which depend on or have been unified to "System.Security.Permissions, Version=7.0.0.0, Culture=neutral, PublicKeyToken=cc7b13ffcd2ddd51" []. [C:\Users\ultra\warewolf\Dev\Dev2.Activities.Designers\Dev2.Activities.Designers.csproj]
C:\Program Files\dotnet\sdk\10.0.201\Microsoft.Common.CurrentVersion.targets(2451,5): warning MSB3277:         C:\Users\ultra\warewolf\Dev\Dev2.Data\bin\Debug\net8.0\Dev2.Data.dll [C:\Users\ultra\warewolf\Dev\Dev2.Activities.Designers\Dev2.Activities.Designers.csproj]
C:\Program Files\dotnet\sdk\10.0.201\Microsoft.Common.CurrentVersion.targets(2451,5): warning MSB3277:           Project file item includes which caused reference "C:\Users\ultra\warewolf\Dev\Dev2.Data\bin\Debug\net8.0\Dev2.Data.dll". [C:\Users\ultra\warewolf\Dev\Dev2.Activities.Designers\Dev2.Activities.Designers.csproj]
C:\Program Files\dotnet\sdk\10.0.201\Microsoft.Common.CurrentVersion.targets(2451,5): warning MSB3277:             C:\Users\ultra\warewolf\Dev\Dev2.Data\bin\Debug\net8.0\Dev2.Data.dll [C:\Users\ultra\warewolf\Dev\Dev2.Activities.Designers\Dev2.Activities.Designers.csproj]
C:\Program Files\dotnet\sdk\10.0.201\Microsoft.Common.CurrentVersion.targets(2451,5): warning MSB3277:             C:\Users\ultra\warewolf\Dev\Dev2.Activities\bin\Debug\net8.0\Dev2.Activities.dll [C:\Users\ultra\warewolf\Dev\Dev2.Activities.Designers\Dev2.Activities.Designers.csproj]
C:\Program Files\dotnet\sdk\10.0.201\Microsoft.Common.CurrentVersion.targets(2451,5): warning MSB3277:             C:\Users\ultra\warewolf\Dev\Dev2.Core\bin\Debug\net8.0\Dev2.Core.dll [C:\Users\ultra\warewolf\Dev\Dev2.Activities.Designers\Dev2.Activities.Designers.csproj]
C:\Program Files\dotnet\sdk\10.0.201\Microsoft.Common.CurrentVersion.targets(2451,5): warning MSB3277:             C:\Users\ultra\warewolf\Dev\Dev2.Intellisense\bin\Debug\net8.0\Dev2.Intellisense.dll [C:\Users\ultra\warewolf\Dev\Dev2.Activities.Designers\Dev2.Activities.Designers.csproj]
C:\Program Files\dotnet\sdk\10.0.201\Microsoft.Common.CurrentVersion.targets(2451,5): warning MSB3277:             C:\Users\ultra\warewolf\Dev\Dev2.Runtime.Services\bin\Debug\net8.0\Dev2.Runtime.Services.dll [C:\Users\ultra\warewolf\Dev\Dev2.Activities.Designers\Dev2.Activities.Designers.csproj]
C:\Program Files\dotnet\sdk\10.0.201\Microsoft.Common.CurrentVersion.targets(2451,5): warning MSB3277:             C:\Users\ultra\warewolf\Dev\Dev2.Studio.Core\bin\Debug\net8.0\Dev2.Studio.Core.dll [C:\Users\ultra\warewolf\Dev\Dev2.Activities.Designers\Dev2.Activities.Designers.csproj]
C:\Program Files\dotnet\sdk\10.0.201\Microsoft.Common.CurrentVersion.targets(2451,5): warning MSB3277:             C:\Users\ultra\warewolf\Dev\Dev2.Studio.Interfaces\bin\Debug\net8.0\Dev2.Studio.Interfaces.dll [C:\Users\ultra\warewolf\Dev\Dev2.Activities.Designers\Dev2.Activities.Designers.csproj]
C:\Program Files\dotnet\sdk\10.0.201\Microsoft.Common.CurrentVersion.targets(2451,5): warning MSB3277:             C:\Users\ultra\warewolf\Dev\Warewolf.Core\bin\Debug\net8.0\Warewolf.Core.dll [C:\Users\ultra\warewolf\Dev\Dev2.Activities.Designers\Dev2.Activities.Designers.csproj]
C:\Program Files\dotnet\sdk\10.0.201\Microsoft.Common.CurrentVersion.targets(2451,5): warning MSB3277:             C:\Users\ultra\warewolf\Dev\Warewolf.Studio.Core\bin\Debug\net8.0\Warewolf.Studio.Core.dll [C:\Users\ultra\warewolf\Dev\Dev2.Activities.Designers\Dev2.Activities.Designers.csproj]
C:\Program Files\dotnet\sdk\10.0.201\Microsoft.Common.CurrentVersion.targets(2451,5): warning MSB3277:             C:\Users\ultra\warewolf\Dev\Warewolf.Studio.CustomControls\bin\Debug\net8.0\Warewolf.Studio.CustomControls.dll [C:\Users\ultra\warewolf\Dev\Dev2.Activities.Designers\Dev2.Activities.Designers.csproj]
C:\Program Files\dotnet\sdk\10.0.201\Microsoft.Common.CurrentVersion.targets(2451,5): warning MSB3277:             C:\Users\ultra\warewolf\Dev\Warewolf.Studio.Models\bin\Debug\net8.0\Warewolf.Studio.Models.dll [C:\Users\ultra\warewolf\Dev\Dev2.Activities.Designers\Dev2.Activities.Designers.csproj]
C:\Program Files\dotnet\sdk\10.0.201\Microsoft.Common.CurrentVersion.targets(2451,5): warning MSB3277:             C:\Users\ultra\warewolf\Dev\Warewolf.UI\bin\Debug\net8.0\Warewolf.UI.dll [C:\Users\ultra\warewolf\Dev\Dev2.Activities.Designers\Dev2.Activities.Designers.csproj]
C:\Program Files\dotnet\sdk\10.0.201\Microsoft.Common.CurrentVersion.targets(2451,5): warning MSB3277:             C:\Users\ultra\warewolf\Dev\Dev2.Scheduler\bin\Debug\net8.0\Dev2.Scheduler.dll [C:\Users\ultra\warewolf\Dev\Dev2.Activities.Designers\Dev2.Activities.Designers.csproj]
C:\Program Files\dotnet\sdk\10.0.201\Microsoft.Common.CurrentVersion.targets(2451,5): warning MSB3277:             C:\Users\ultra\warewolf\Dev\Dev2.Services.Execution\bin\Debug\net8.0\Dev2.Services.Execution.dll [C:\Users\ultra\warewolf\Dev\Dev2.Activities.Designers\Dev2.Activities.Designers.csproj]
C:\Program Files\dotnet\sdk\10.0.201\Microsoft.Common.CurrentVersion.targets(2451,5): warning MSB3277:             C:\Users\ultra\warewolf\Dev\Warewolf.Auditing\bin\Debug\net8.0\Warewolf.Auditing.dll [C:\Users\ultra\warewolf\Dev\Dev2.Activities.Designers\Dev2.Activities.Designers.csproj]
C:\Program Files\dotnet\sdk\10.0.201\Microsoft.Common.CurrentVersion.targets(2451,5): warning MSB3277:             C:\Users\ultra\warewolf\Dev\Warewolf.Common.NetStandard20\bin\Debug\net8.0\Warewolf.Common.NetStandard20.dll [C:\Users\ultra\warewolf\Dev\Dev2.Activities.Designers\Dev2.Activities.Designers.csproj]
C:\Program Files\dotnet\sdk\10.0.201\Microsoft.Common.CurrentVersion.targets(2451,5): warning MSB3277:             C:\Users\ultra\warewolf\Dev\Warewolf.Driver.Persistence\bin\Debug\net8.0\Warewolf.Driver.Persistence.dll [C:\Users\ultra\warewolf\Dev\Dev2.Activities.Designers\Dev2.Activities.Designers.csproj]
C:\Program Files\dotnet\sdk\10.0.201\Microsoft.Common.CurrentVersion.targets(2451,5): warning MSB3277:             C:\Users\ultra\warewolf\Dev\Warewolf.Exchange.Email.Wrapper\bin\Debug\net8.0\Warewolf.Exchange.Email.Wrapper.dll [C:\Users\ultra\warewolf\Dev\Dev2.Activities.Designers\Dev2.Activities.Designers.csproj]
C:\Program Files\dotnet\sdk\10.0.201\Microsoft.Common.CurrentVersion.targets(2451,5): warning MSB3277:             C:\Users\ultra\warewolf\Dev\Warewolf.ResourceManagement\bin\Debug\net8.0\Warewolf.ResourceManagement.dll [C:\Users\ultra\warewolf\Dev\Dev2.Activities.Designers\Dev2.Activities.Designers.csproj]
C:\Program Files\dotnet\sdk\10.0.201\Microsoft.Common.CurrentVersion.targets(2451,5): warning MSB3277:         C:\Users\ultra\warewolf\Dev\Warewolf.Studio.CustomControls\bin\Debug\net8.0\Warewolf.Studio.CustomControls.dll [C:\Users\ultra\warewolf\Dev\Dev2.Activities.Designers\Dev2.Activities.Designers.csproj]
C:\Program Files\dotnet\sdk\10.0.201\Microsoft.Common.CurrentVersion.targets(2451,5): warning MSB3277:           Project file item includes which caused reference "C:\Users\ultra\warewolf\Dev\Warewolf.Studio.CustomControls\bin\Debug\net8.0\Warewolf.Studio.CustomControls.dll". [C:\Users\ultra\warewolf\Dev\Dev2.Activities.Designers\Dev2.Activities.Designers.csproj]
C:\Program Files\dotnet\sdk\10.0.201\Microsoft.Common.CurrentVersion.targets(2451,5): warning MSB3277:             C:\Users\ultra\warewolf\Dev\Warewolf.Studio.CustomControls\bin\Debug\net8.0\Warewolf.Studio.CustomControls.dll [C:\Users\ultra\warewolf\Dev\Dev2.Activities.Designers\Dev2.Activities.Designers.csproj]
C:\Program Files\dotnet\sdk\10.0.201\Microsoft.Common.CurrentVersion.targets(2451,5): warning MSB3277:         C:\Users\ultra\warewolf\Dev\Binaries\Infragistcs_Net6\InfragisticsWPF4.v15.1.dll [C:\Users\ultra\warewolf\Dev\Dev2.Activities.Designers\Dev2.Activities.Designers.csproj]
C:\Program Files\dotnet\sdk\10.0.201\Microsoft.Common.CurrentVersion.targets(2451,5): warning MSB3277:           Project file item includes which caused reference "C:\Users\ultra\warewolf\Dev\Binaries\Infragistcs_Net6\InfragisticsWPF4.v15.1.dll". [C:\Users\ultra\warewolf\Dev\Dev2.Activities.Designers\Dev2.Activities.Designers.csproj]
C:\Program Files\dotnet\sdk\10.0.201\Microsoft.Common.CurrentVersion.targets(2451,5): warning MSB3277:             InfragisticsWPF4.v15.1, Version=15.1.20151.2055, Culture=neutral, PublicKeyToken=7dd5c3163f2cd0cb, processorArchitecture=MSIL [C:\Users\ultra\warewolf\Dev\Dev2.Activities.Designers\Dev2.Activities.Designers.csproj]
C:\Program Files\dotnet\sdk\10.0.201\Microsoft.Common.CurrentVersion.targets(2451,5): warning MSB3277:             InfragisticsWPF4.Controls.Editors.XamComboEditor.v15.1, Version=15.1.20151.2055, Culture=neutral, processorArchitecture=MSIL [C:\Users\ultra\warewolf\Dev\Dev2.Activities.Designers\Dev2.Activities.Designers.csproj]
C:\Program Files\dotnet\sdk\10.0.201\Microsoft.Common.CurrentVersion.targets(2451,5): warning MSB3277:             InfragisticsWPF4.Controls.Grids.XamGrid.v15.1 [C:\Users\ultra\warewolf\Dev\Dev2.Activities.Designers\Dev2.Activities.Designers.csproj]
C:\Program Files\dotnet\sdk\10.0.201\Microsoft.Common.CurrentVersion.targets(2451,5): warning MSB3277:             InfragisticsWPF4.Controls.Interactions.XamDialogWindow.v15.1, Version=15.1.20151.2055, Culture=neutral, PublicKeyToken=7dd5c3163f2cd0cb, processorArchitecture=MSIL [C:\Users\ultra\warewolf\Dev\Dev2.Activities.Designers\Dev2.Activities.Designers.csproj]
C:\Program Files\dotnet\sdk\10.0.201\Microsoft.Common.CurrentVersion.targets(2451,5): warning MSB3277:             InfragisticsWPF4.Controls.Menus.XamDataTree.v15.1 [C:\Users\ultra\warewolf\Dev\Dev2.Activities.Designers\Dev2.Activities.Designers.csproj]
C:\Program Files\dotnet\sdk\10.0.201\Microsoft.Common.CurrentVersion.targets(2451,5): warning MSB3277:             InfragisticsWPF4.Controls.Menus.XamMenu.v15.1, Version=15.1.20151.2055, Culture=neutral, processorArchitecture=MSIL [C:\Users\ultra\warewolf\Dev\Dev2.Activities.Designers\Dev2.Activities.Designers.csproj]
C:\Program Files\dotnet\sdk\10.0.201\Microsoft.Common.CurrentVersion.targets(2451,5): warning MSB3277:             InfragisticsWPF4.DataManager.v15.1, Version=15.1.20151.2188, Culture=neutral, PublicKeyToken=7dd5c3163f2cd0cb, processorArchitecture=MSIL [C:\Users\ultra\warewolf\Dev\Dev2.Activities.Designers\Dev2.Activities.Designers.csproj]
C:\Program Files\dotnet\sdk\10.0.201\Microsoft.Common.CurrentVersion.targets(2451,5): warning MSB3277:             InfragisticsWPF4.Editors.v15.1, Version=15.1.20151.2055, Culture=neutral, processorArchitecture=MSIL [C:\Users\ultra\warewolf\Dev\Dev2.Activities.Designers\Dev2.Activities.Designers.csproj]
C:\Program Files\dotnet\sdk\10.0.201\Microsoft.Common.CurrentVersion.targets(2451,5): warning MSB3277:         C:\Users\ultra\.nuget\packages\dotnetzip\1.16.0\lib\netstandard2.0\DotNetZip.dll [C:\Users\ultra\warewolf\Dev\Dev2.Activities.Designers\Dev2.Activities.Designers.csproj]
C:\Program Files\dotnet\sdk\10.0.201\Microsoft.Common.CurrentVersion.targets(2451,5): warning MSB3277:           Project file item includes which caused reference "C:\Users\ultra\.nuget\packages\dotnetzip\1.16.0\lib\netstandard2.0\DotNetZip.dll". [C:\Users\ultra\warewolf\Dev\Dev2.Activities.Designers\Dev2.Activities.Designers.csproj]
C:\Program Files\dotnet\sdk\10.0.201\Microsoft.Common.CurrentVersion.targets(2451,5): warning MSB3277:             C:\Users\ultra\.nuget\packages\dotnetzip\1.16.0\lib\netstandard2.0\DotNetZip.dll [C:\Users\ultra\warewolf\Dev\Dev2.Activities.Designers\Dev2.Activities.Designers.csproj]
C:\Program Files\dotnet\sdk\10.0.201\Microsoft.Common.CurrentVersion.targets(2451,5): warning MSB3277:             C:\Users\ultra\warewolf\Dev\Dev2.Common\bin\Debug\net8.0\Dev2.Common.dll [C:\Users\ultra\warewolf\Dev\Dev2.Activities.Designers\Dev2.Activities.Designers.csproj]
C:\Program Files\dotnet\sdk\10.0.201\Microsoft.Common.CurrentVersion.targets(2451,5): warning MSB3277:             C:\Users\ultra\warewolf\Dev\Dev2.Activities\bin\Debug\net8.0\Dev2.Activities.dll [C:\Users\ultra\warewolf\Dev\Dev2.Activities.Designers\Dev2.Activities.Designers.csproj]
C:\Program Files\dotnet\sdk\10.0.201\Microsoft.Common.CurrentVersion.targets(2451,5): warning MSB3277:             C:\Users\ultra\warewolf\Dev\Dev2.Core\bin\Debug\net8.0\Dev2.Core.dll [C:\Users\ultra\warewolf\Dev\Dev2.Activities.Designers\Dev2.Activities.Designers.csproj]
C:\Program Files\dotnet\sdk\10.0.201\Microsoft.Common.CurrentVersion.targets(2451,5): warning MSB3277:             C:\Users\ultra\warewolf\Dev\Dev2.Data.Interfaces\bin\Debug\net8.0\Dev2.Data.Interfaces.dll [C:\Users\ultra\warewolf\Dev\Dev2.Activities.Designers\Dev2.Activities.Designers.csproj]
C:\Program Files\dotnet\sdk\10.0.201\Microsoft.Common.CurrentVersion.targets(2451,5): warning MSB3277:             C:\Users\ultra\warewolf\Dev\Dev2.Data\bin\Debug\net8.0\Dev2.Data.dll [C:\Users\ultra\warewolf\Dev\Dev2.Activities.Designers\Dev2.Activities.Designers.csproj]
C:\Program Files\dotnet\sdk\10.0.201\Microsoft.Common.CurrentVersion.targets(2451,5): warning MSB3277:             C:\Users\ultra\warewolf\Dev\Dev2.Diagnostics\bin\Debug\net8.0\Dev2.Diagnostics.dll [C:\Users\ultra\warewolf\Dev\Dev2.Activities.Designers\Dev2.Activities.Designers.csproj]
C:\Program Files\dotnet\sdk\10.0.201\Microsoft.Common.CurrentVersion.targets(2451,5): warning MSB3277:             C:\Users\ultra\warewolf\Dev\Dev2.Infrastructure\bin\Debug\net8.0\Dev2.Infrastructure.dll [C:\Users\ultra\warewolf\Dev\Dev2.Activities.Designers\Dev2.Activities.Designers.csproj]
C:\Program Files\dotnet\sdk\10.0.201\Microsoft.Common.CurrentVersion.targets(2451,5): warning MSB3277:             C:\Users\ultra\warewolf\Dev\Dev2.Intellisense\bin\Debug\net8.0\Dev2.Intellisense.dll [C:\Users\ultra\warewolf\Dev\Dev2.Activities.Designers\Dev2.Activities.Designers.csproj]
C:\Program Files\dotnet\sdk\10.0.201\Microsoft.Common.CurrentVersion.targets(2451,5): warning MSB3277:             C:\Users\ultra\warewolf\Dev\Dev2.Runtime.Services\bin\Debug\net8.0\Dev2.Runtime.Services.dll [C:\Users\ultra\warewolf\Dev\Dev2.Activities.Designers\Dev2.Activities.Designers.csproj]
C:\Program Files\dotnet\sdk\10.0.201\Microsoft.Common.CurrentVersion.targets(2451,5): warning MSB3277:             C:\Users\ultra\warewolf\Dev\Dev2.Studio.Core\bin\Debug\net8.0\Dev2.Studio.Core.dll [C:\Users\ultra\warewolf\Dev\Dev2.Activities.Designers\Dev2.Activities.Designers.csproj]
C:\Program Files\dotnet\sdk\10.0.201\Microsoft.Common.CurrentVersion.targets(2451,5): warning MSB3277:             C:\Users\ultra\warewolf\Dev\Dev2.Studio.Interfaces\bin\Debug\net8.0\Dev2.Studio.Interfaces.dll [C:\Users\ultra\warewolf\Dev\Dev2.Activities.Designers\Dev2.Activities.Designers.csproj]
C:\Program Files\dotnet\sdk\10.0.201\Microsoft.Common.CurrentVersion.targets(2451,5): warning MSB3277:             C:\Users\ultra\warewolf\Dev\Dev2.Util\bin\Debug\net8.0\Dev2.Util.dll [C:\Users\ultra\warewolf\Dev\Dev2.Activities.Designers\Dev2.Activities.Designers.csproj]
C:\Program Files\dotnet\sdk\10.0.201\Microsoft.Common.CurrentVersion.targets(2451,5): warning MSB3277:             C:\Users\ultra\warewolf\Dev\Warewolf.Storage\bin\Debug\net8.0\Warewolf.Storage.dll [C:\Users\ultra\warewolf\Dev\Dev2.Activities.Designers\Dev2.Activities.Designers.csproj]
C:\Program Files\dotnet\sdk\10.0.201\Microsoft.Common.CurrentVersion.targets(2451,5): warning MSB3277:             C:\Users\ultra\warewolf\Dev\Warewolf.Core\bin\Debug\net8.0\Warewolf.Core.dll [C:\Users\ultra\warewolf\Dev\Dev2.Activities.Designers\Dev2.Activities.Designers.csproj]
C:\Program Files\dotnet\sdk\10.0.201\Microsoft.Common.CurrentVersion.targets(2451,5): warning MSB3277:             C:\Users\ultra\warewolf\Dev\Warewolf.Studio.Core\bin\Debug\net8.0\Warewolf.Studio.Core.dll [C:\Users\ultra\warewolf\Dev\Dev2.Activities.Designers\Dev2.Activities.Designers.csproj]
C:\Program Files\dotnet\sdk\10.0.201\Microsoft.Common.CurrentVersion.targets(2451,5): warning MSB3277:             C:\Users\ultra\warewolf\Dev\Warewolf.Studio.CustomControls\bin\Debug\net8.0\Warewolf.Studio.CustomControls.dll [C:\Users\ultra\warewolf\Dev\Dev2.Activities.Designers\Dev2.Activities.Designers.csproj]
C:\Program Files\dotnet\sdk\10.0.201\Microsoft.Common.CurrentVersion.targets(2451,5): warning MSB3277:             C:\Users\ultra\warewolf\Dev\Warewolf.Studio.Models\bin\Debug\net8.0\Warewolf.Studio.Models.dll [C:\Users\ultra\warewolf\Dev\Dev2.Activities.Designers\Dev2.Activities.Designers.csproj]
C:\Program Files\dotnet\sdk\10.0.201\Microsoft.Common.CurrentVersion.targets(2451,5): warning MSB3277:             C:\Users\ultra\warewolf\Dev\Warewolf.UI\bin\Debug\net8.0\Warewolf.UI.dll [C:\Users\ultra\warewolf\Dev\Dev2.Activities.Designers\Dev2.Activities.Designers.csproj]
C:\Program Files\dotnet\sdk\10.0.201\Microsoft.Common.CurrentVersion.targets(2451,5): warning MSB3277:             C:\Users\ultra\warewolf\Dev\Dev2.Development.Languages\bin\Debug\net8.0\Dev2.Development.Languages.dll [C:\Users\ultra\warewolf\Dev\Dev2.Activities.Designers\Dev2.Activities.Designers.csproj]
C:\Program Files\dotnet\sdk\10.0.201\Microsoft.Common.CurrentVersion.targets(2451,5): warning MSB3277:             C:\Users\ultra\warewolf\Dev\Dev2.Scheduler\bin\Debug\net8.0\Dev2.Scheduler.dll [C:\Users\ultra\warewolf\Dev\Dev2.Activities.Designers\Dev2.Activities.Designers.csproj]
C:\Program Files\dotnet\sdk\10.0.201\Microsoft.Common.CurrentVersion.targets(2451,5): warning MSB3277:             C:\Users\ultra\warewolf\Dev\Dev2.Services.Execution\bin\Debug\net8.0\Dev2.Services.Execution.dll [C:\Users\ultra\warewolf\Dev\Dev2.Activities.Designers\Dev2.Activities.Designers.csproj]
C:\Program Files\dotnet\sdk\10.0.201\Microsoft.Common.CurrentVersion.targets(2451,5): warning MSB3277:             C:\Users\ultra\warewolf\Dev\Dev2.Services.Sql\bin\Debug\net8.0\Dev2.Services.Sql.dll [C:\Users\ultra\warewolf\Dev\Dev2.Activities.Designers\Dev2.Activities.Designers.csproj]
C:\Program Files\dotnet\sdk\10.0.201\Microsoft.Common.CurrentVersion.targets(2451,5): warning MSB3277:             C:\Users\ultra\warewolf\Dev\Dev2.TaskScheduler.Wrappers\bin\Debug\net8.0\Dev2.TaskScheduler.Wrappers.dll [C:\Users\ultra\warewolf\Dev\Dev2.Activities.Designers\Dev2.Activities.Designers.csproj]
C:\Program Files\dotnet\sdk\10.0.201\Microsoft.Common.CurrentVersion.targets(2451,5): warning MSB3277:             C:\Users\ultra\warewolf\Dev\Warewolf.AI.Harness\bin\Debug\net8.0\Warewolf.AI.Harness.dll [C:\Users\ultra\warewolf\Dev\Dev2.Activities.Designers\Dev2.Activities.Designers.csproj]
C:\Program Files\dotnet\sdk\10.0.201\Microsoft.Common.CurrentVersion.targets(2451,5): warning MSB3277:             C:\Users\ultra\warewolf\Dev\Warewolf.Auditing\bin\Debug\net8.0\Warewolf.Auditing.dll [C:\Users\ultra\warewolf\Dev\Dev2.Activities.Designers\Dev2.Activities.Designers.csproj]
C:\Program Files\dotnet\sdk\10.0.201\Microsoft.Common.CurrentVersion.targets(2451,5): warning MSB3277:             C:\Users\ultra\warewolf\Dev\Warewolf.Common.NetStandard20\bin\Debug\net8.0\Warewolf.Common.NetStandard20.dll [C:\Users\ultra\warewolf\Dev\Dev2.Activities.Designers\Dev2.Activities.Designers.csproj]
C:\Program Files\dotnet\sdk\10.0.201\Microsoft.Common.CurrentVersion.targets(2451,5): warning MSB3277:             C:\Users\ultra\warewolf\Dev\Warewolf.Driver.Persistence\bin\Debug\net8.0\Warewolf.Driver.Persistence.dll [C:\Users\ultra\warewolf\Dev\Dev2.Activities.Designers\Dev2.Activities.Designers.csproj]
C:\Program Files\dotnet\sdk\10.0.201\Microsoft.Common.CurrentVersion.targets(2451,5): warning MSB3277:             C:\Users\ultra\warewolf\Dev\Warewolf.Driver.Serilog\bin\Debug\net8.0\Warewolf.Driver.Serilog.dll [C:\Users\ultra\warewolf\Dev\Dev2.Activities.Designers\Dev2.Activities.Designers.csproj]
C:\Program Files\dotnet\sdk\10.0.201\Microsoft.Common.CurrentVersion.targets(2451,5): warning MSB3277:             C:\Users\ultra\warewolf\Dev\Warewolf.Exchange.Email.Wrapper\bin\Debug\net8.0\Warewolf.Exchange.Email.Wrapper.dll [C:\Users\ultra\warewolf\Dev\Dev2.Activities.Designers\Dev2.Activities.Designers.csproj]
C:\Program Files\dotnet\sdk\10.0.201\Microsoft.Common.CurrentVersion.targets(2451,5): warning MSB3277:             C:\Users\ultra\warewolf\Dev\Warewolf.ResourceManagement\bin\Debug\net8.0\Warewolf.ResourceManagement.dll [C:\Users\ultra\warewolf\Dev\Dev2.Activities.Designers\Dev2.Activities.Designers.csproj]
C:\Program Files\dotnet\sdk\10.0.201\Microsoft.Common.CurrentVersion.targets(2451,5): warning MSB3277:             C:\Users\ultra\warewolf\Dev\Warewolf.Sharepoint\bin\Debug\net8.0\Warewolf.Sharepoint.dll [C:\Users\ultra\warewolf\Dev\Dev2.Activities.Designers\Dev2.Activities.Designers.csproj]
C:\Program Files\dotnet\sdk\10.0.201\Microsoft.Common.CurrentVersion.targets(2451,5): warning MSB3277:         C:\Users\ultra\.nuget\packages\mindbox.data.linq\5.0.0\lib\netstandard2.0\Mindbox.Data.Linq.dll [C:\Users\ultra\warewolf\Dev\Dev2.Activities.Designers\Dev2.Activities.Designers.csproj]
C:\Program Files\dotnet\sdk\10.0.201\Microsoft.Common.CurrentVersion.targets(2451,5): warning MSB3277:           Project file item includes which caused reference "C:\Users\ultra\.nuget\packages\mindbox.data.linq\5.0.0\lib\netstandard2.0\Mindbox.Data.Linq.dll". [C:\Users\ultra\warewolf\Dev\Dev2.Activities.Designers\Dev2.Activities.Designers.csproj]
C:\Program Files\dotnet\sdk\10.0.201\Microsoft.Common.CurrentVersion.targets(2451,5): warning MSB3277:             C:\Users\ultra\.nuget\packages\mindbox.data.linq\5.0.0\lib\netstandard2.0\Mindbox.Data.Linq.dll [C:\Users\ultra\warewolf\Dev\Dev2.Activities.Designers\Dev2.Activities.Designers.csproj]
C:\Program Files\dotnet\sdk\10.0.201\Microsoft.Common.CurrentVersion.targets(2451,5): warning MSB3277:             C:\Users\ultra\warewolf\Dev\Warewolf.Auditing\bin\Debug\net8.0\Warewolf.Auditing.dll [C:\Users\ultra\warewolf\Dev\Dev2.Activities.Designers\Dev2.Activities.Designers.csproj]
C:\Program Files\dotnet\sdk\10.0.201\Microsoft.Common.CurrentVersion.targets(2451,5): warning MSB3277:             C:\Users\ultra\warewolf\Dev\Dev2.Activities\bin\Debug\net8.0\Dev2.Activities.dll [C:\Users\ultra\warewolf\Dev\Dev2.Activities.Designers\Dev2.Activities.Designers.csproj]
C:\Program Files\dotnet\sdk\10.0.201\Microsoft.Common.CurrentVersion.targets(2451,5): warning MSB3277:             C:\Users\ultra\warewolf\Dev\Dev2.Runtime.Services\bin\Debug\net8.0\Dev2.Runtime.Services.dll [C:\Users\ultra\warewolf\Dev\Dev2.Activities.Designers\Dev2.Activities.Designers.csproj]
C:\Program Files\dotnet\sdk\10.0.201\Microsoft.Common.CurrentVersion.targets(2451,5): warning MSB3277:             C:\Users\ultra\warewolf\Dev\Dev2.Studio.Core\bin\Debug\net8.0\Dev2.Studio.Core.dll [C:\Users\ultra\warewolf\Dev\Dev2.Activities.Designers\Dev2.Activities.Designers.csproj]
C:\Program Files\dotnet\sdk\10.0.201\Microsoft.Common.CurrentVersion.targets(2451,5): warning MSB3277:             C:\Users\ultra\warewolf\Dev\Dev2.Intellisense\bin\Debug\net8.0\Dev2.Intellisense.dll [C:\Users\ultra\warewolf\Dev\Dev2.Activities.Designers\Dev2.Activities.Designers.csproj]
C:\Program Files\dotnet\sdk\10.0.201\Microsoft.Common.CurrentVersion.targets(2451,5): warning MSB3277:             C:\Users\ultra\warewolf\Dev\Dev2.Studio.Interfaces\bin\Debug\net8.0\Dev2.Studio.Interfaces.dll [C:\Users\ultra\warewolf\Dev\Dev2.Activities.Designers\Dev2.Activities.Designers.csproj]
C:\Program Files\dotnet\sdk\10.0.201\Microsoft.Common.CurrentVersion.targets(2451,5): warning MSB3277:             C:\Users\ultra\warewolf\Dev\Warewolf.Studio.Core\bin\Debug\net8.0\Warewolf.Studio.Core.dll [C:\Users\ultra\warewolf\Dev\Dev2.Activities.Designers\Dev2.Activities.Designers.csproj]
C:\Program Files\dotnet\sdk\10.0.201\Microsoft.Common.CurrentVersion.targets(2451,5): warning MSB3277:             C:\Users\ultra\warewolf\Dev\Warewolf.Studio.CustomControls\bin\Debug\net8.0\Warewolf.Studio.CustomControls.dll [C:\Users\ultra\warewolf\Dev\Dev2.Activities.Designers\Dev2.Activities.Designers.csproj]
C:\Program Files\dotnet\sdk\10.0.201\Microsoft.Common.CurrentVersion.targets(2451,5): warning MSB3277:             C:\Users\ultra\warewolf\Dev\Warewolf.Studio.Models\bin\Debug\net8.0\Warewolf.Studio.Models.dll [C:\Users\ultra\warewolf\Dev\Dev2.Activities.Designers\Dev2.Activities.Designers.csproj]
C:\Program Files\dotnet\sdk\10.0.201\Microsoft.Common.CurrentVersion.targets(2451,5): warning MSB3277:             C:\Users\ultra\warewolf\Dev\Dev2.Services.Execution\bin\Debug\net8.0\Dev2.Services.Execution.dll [C:\Users\ultra\warewolf\Dev\Dev2.Activities.Designers\Dev2.Activities.Designers.csproj]
C:\Program Files\dotnet\sdk\10.0.201\Microsoft.Common.CurrentVersion.targets(2451,5): warning MSB3277:             C:\Users\ultra\warewolf\Dev\Warewolf.Common.NetStandard20\bin\Debug\net8.0\Warewolf.Common.NetStandard20.dll [C:\Users\ultra\warewolf\Dev\Dev2.Activities.Designers\Dev2.Activities.Designers.csproj]
C:\Program Files\dotnet\sdk\10.0.201\Microsoft.Common.CurrentVersion.targets(2451,5): warning MSB3277:             C:\Users\ultra\warewolf\Dev\Warewolf.Driver.Persistence\bin\Debug\net8.0\Warewolf.Driver.Persistence.dll [C:\Users\ultra\warewolf\Dev\Dev2.Activities.Designers\Dev2.Activities.Designers.csproj]
C:\Program Files\dotnet\sdk\10.0.201\Microsoft.Common.CurrentVersion.targets(2451,5): warning MSB3277:         C:\Users\ultra\.nuget\packages\mysql.data\8.4.0\lib\net8.0\MySql.Data.dll [C:\Users\ultra\warewolf\Dev\Dev2.Activities.Designers\Dev2.Activities.Designers.csproj]
C:\Program Files\dotnet\sdk\10.0.201\Microsoft.Common.CurrentVersion.targets(2451,5): warning MSB3277:           Project file item includes which caused reference "C:\Users\ultra\.nuget\packages\mysql.data\8.4.0\lib\net8.0\MySql.Data.dll". [C:\Users\ultra\warewolf\Dev\Dev2.Activities.Designers\Dev2.Activities.Designers.csproj]
C:\Program Files\dotnet\sdk\10.0.201\Microsoft.Common.CurrentVersion.targets(2451,5): warning MSB3277:             C:\Users\ultra\.nuget\packages\mysql.data\8.4.0\lib\net8.0\MySql.Data.dll [C:\Users\ultra\warewolf\Dev\Dev2.Activities.Designers\Dev2.Activities.Designers.csproj]
C:\Program Files\dotnet\sdk\10.0.201\Microsoft.Common.CurrentVersion.targets(2451,5): warning MSB3277:             C:\Users\ultra\warewolf\Dev\Dev2.Activities\bin\Debug\net8.0\Dev2.Activities.dll [C:\Users\ultra\warewolf\Dev\Dev2.Activities.Designers\Dev2.Activities.Designers.csproj]
C:\Program Files\dotnet\sdk\10.0.201\Microsoft.Common.CurrentVersion.targets(2451,5): warning MSB3277:             C:\Users\ultra\warewolf\Dev\Dev2.Runtime.Services\bin\Debug\net8.0\Dev2.Runtime.Services.dll [C:\Users\ultra\warewolf\Dev\Dev2.Activities.Designers\Dev2.Activities.Designers.csproj]
C:\Program Files\dotnet\sdk\10.0.201\Microsoft.Common.CurrentVersion.targets(2451,5): warning MSB3277:             C:\Users\ultra\warewolf\Dev\Dev2.Studio.Core\bin\Debug\net8.0\Dev2.Studio.Core.dll [C:\Users\ultra\warewolf\Dev\Dev2.Activities.Designers\Dev2.Activities.Designers.csproj]
C:\Program Files\dotnet\sdk\10.0.201\Microsoft.Common.CurrentVersion.targets(2451,5): warning MSB3277:             C:\Users\ultra\warewolf\Dev\Dev2.Intellisense\bin\Debug\net8.0\Dev2.Intellisense.dll [C:\Users\ultra\warewolf\Dev\Dev2.Activities.Designers\Dev2.Activities.Designers.csproj]
C:\Program Files\dotnet\sdk\10.0.201\Microsoft.Common.CurrentVersion.targets(2451,5): warning MSB3277:             C:\Users\ultra\warewolf\Dev\Dev2.Studio.Interfaces\bin\Debug\net8.0\Dev2.Studio.Interfaces.dll [C:\Users\ultra\warewolf\Dev\Dev2.Activities.Designers\Dev2.Activities.Designers.csproj]
C:\Program Files\dotnet\sdk\10.0.201\Microsoft.Common.CurrentVersion.targets(2451,5): warning MSB3277:             C:\Users\ultra\warewolf\Dev\Warewolf.Studio.Core\bin\Debug\net8.0\Warewolf.Studio.Core.dll [C:\Users\ultra\warewolf\Dev\Dev2.Activities.Designers\Dev2.Activities.Designers.csproj]
C:\Program Files\dotnet\sdk\10.0.201\Microsoft.Common.CurrentVersion.targets(2451,5): warning MSB3277:             C:\Users\ultra\warewolf\Dev\Warewolf.Studio.CustomControls\bin\Debug\net8.0\Warewolf.Studio.CustomControls.dll [C:\Users\ultra\warewolf\Dev\Dev2.Activities.Designers\Dev2.Activities.Designers.csproj]
C:\Program Files\dotnet\sdk\10.0.201\Microsoft.Common.CurrentVersion.targets(2451,5): warning MSB3277:             C:\Users\ultra\warewolf\Dev\Warewolf.Studio.Models\bin\Debug\net8.0\Warewolf.Studio.Models.dll [C:\Users\ultra\warewolf\Dev\Dev2.Activities.Designers\Dev2.Activities.Designers.csproj]
C:\Program Files\dotnet\sdk\10.0.201\Microsoft.Common.CurrentVersion.targets(2451,5): warning MSB3277:             C:\Users\ultra\warewolf\Dev\Dev2.Services.Execution\bin\Debug\net8.0\Dev2.Services.Execution.dll [C:\Users\ultra\warewolf\Dev\Dev2.Activities.Designers\Dev2.Activities.Designers.csproj]
C:\Program Files\dotnet\sdk\10.0.201\Microsoft.Common.CurrentVersion.targets(2451,5): warning MSB3277:             C:\Users\ultra\warewolf\Dev\Dev2.Services.Sql\bin\Debug\net8.0\Dev2.Services.Sql.dll [C:\Users\ultra\warewolf\Dev\Dev2.Activities.Designers\Dev2.Activities.Designers.csproj]
C:\Program Files\dotnet\sdk\10.0.201\Microsoft.Common.CurrentVersion.targets(2451,5): warning MSB3277:             C:\Users\ultra\warewolf\Dev\Warewolf.Driver.Persistence\bin\Debug\net8.0\Warewolf.Driver.Persistence.dll [C:\Users\ultra\warewolf\Dev\Dev2.Activities.Designers\Dev2.Activities.Designers.csproj]
C:\Program Files\dotnet\sdk\10.0.201\Microsoft.Common.CurrentVersion.targets(2451,5): warning MSB3277:         C:\Users\ultra\.nuget\packages\oracle.manageddataaccess.core\3.21.70\lib\netstandard2.1\Oracle.ManagedDataAccess.dll [C:\Users\ultra\warewolf\Dev\Dev2.Activities.Designers\Dev2.Activities.Designers.csproj]
C:\Program Files\dotnet\sdk\10.0.201\Microsoft.Common.CurrentVersion.targets(2451,5): warning MSB3277:           Project file item includes which caused reference "C:\Users\ultra\.nuget\packages\oracle.manageddataaccess.core\3.21.70\lib\netstandard2.1\Oracle.ManagedDataAccess.dll". [C:\Users\ultra\warewolf\Dev\Dev2.Activities.Designers\Dev2.Activities.Designers.csproj]
C:\Program Files\dotnet\sdk\10.0.201\Microsoft.Common.CurrentVersion.targets(2451,5): warning MSB3277:             C:\Users\ultra\.nuget\packages\oracle.manageddataaccess.core\3.21.70\lib\netstandard2.1\Oracle.ManagedDataAccess.dll [C:\Users\ultra\warewolf\Dev\Dev2.Activities.Designers\Dev2.Activities.Designers.csproj]
C:\Program Files\dotnet\sdk\10.0.201\Microsoft.Common.CurrentVersion.targets(2451,5): warning MSB3277:             C:\Users\ultra\warewolf\Dev\Dev2.Runtime.Services\bin\Debug\net8.0\Dev2.Runtime.Services.dll [C:\Users\ultra\warewolf\Dev\Dev2.Activities.Designers\Dev2.Activities.Designers.csproj]
C:\Program Files\dotnet\sdk\10.0.201\Microsoft.Common.CurrentVersion.targets(2451,5): warning MSB3277:             C:\Users\ultra\warewolf\Dev\Dev2.Activities\bin\Debug\net8.0\Dev2.Activities.dll [C:\Users\ultra\warewolf\Dev\Dev2.Activities.Designers\Dev2.Activities.Designers.csproj]
C:\Program Files\dotnet\sdk\10.0.201\Microsoft.Common.CurrentVersion.targets(2451,5): warning MSB3277:             C:\Users\ultra\warewolf\Dev\Dev2.Studio.Core\bin\Debug\net8.0\Dev2.Studio.Core.dll [C:\Users\ultra\warewolf\Dev\Dev2.Activities.Designers\Dev2.Activities.Designers.csproj]
C:\Program Files\dotnet\sdk\10.0.201\Microsoft.Common.CurrentVersion.targets(2451,5): warning MSB3277:             C:\Users\ultra\warewolf\Dev\Dev2.Intellisense\bin\Debug\net8.0\Dev2.Intellisense.dll [C:\Users\ultra\warewolf\Dev\Dev2.Activities.Designers\Dev2.Activities.Designers.csproj]
C:\Program Files\dotnet\sdk\10.0.201\Microsoft.Common.CurrentVersion.targets(2451,5): warning MSB3277:             C:\Users\ultra\warewolf\Dev\Dev2.Studio.Interfaces\bin\Debug\net8.0\Dev2.Studio.Interfaces.dll [C:\Users\ultra\warewolf\Dev\Dev2.Activities.Designers\Dev2.Activities.Designers.csproj]
C:\Program Files\dotnet\sdk\10.0.201\Microsoft.Common.CurrentVersion.targets(2451,5): warning MSB3277:             C:\Users\ultra\warewolf\Dev\Warewolf.Studio.Core\bin\Debug\net8.0\Warewolf.Studio.Core.dll [C:\Users\ultra\warewolf\Dev\Dev2.Activities.Designers\Dev2.Activities.Designers.csproj]
C:\Program Files\dotnet\sdk\10.0.201\Microsoft.Common.CurrentVersion.targets(2451,5): warning MSB3277:             C:\Users\ultra\warewolf\Dev\Warewolf.Studio.CustomControls\bin\Debug\net8.0\Warewolf.Studio.CustomControls.dll [C:\Users\ultra\warewolf\Dev\Dev2.Activities.Designers\Dev2.Activities.Designers.csproj]
C:\Program Files\dotnet\sdk\10.0.201\Microsoft.Common.CurrentVersion.targets(2451,5): warning MSB3277:             C:\Users\ultra\warewolf\Dev\Warewolf.Studio.Models\bin\Debug\net8.0\Warewolf.Studio.Models.dll [C:\Users\ultra\warewolf\Dev\Dev2.Activities.Designers\Dev2.Activities.Designers.csproj]
C:\Program Files\dotnet\sdk\10.0.201\Microsoft.Common.CurrentVersion.targets(2451,5): warning MSB3277:             C:\Users\ultra\warewolf\Dev\Dev2.Services.Execution\bin\Debug\net8.0\Dev2.Services.Execution.dll [C:\Users\ultra\warewolf\Dev\Dev2.Activities.Designers\Dev2.Activities.Designers.csproj]
C:\Program Files\dotnet\sdk\10.0.201\Microsoft.Common.CurrentVersion.targets(2451,5): warning MSB3277:             C:\Users\ultra\warewolf\Dev\Dev2.Services.Sql\bin\Debug\net8.0\Dev2.Services.Sql.dll [C:\Users\ultra\warewolf\Dev\Dev2.Activities.Designers\Dev2.Activities.Designers.csproj]
C:\Program Files\dotnet\sdk\10.0.201\Microsoft.Common.CurrentVersion.targets(2451,5): warning MSB3277:             C:\Users\ultra\warewolf\Dev\Warewolf.Driver.Persistence\bin\Debug\net8.0\Warewolf.Driver.Persistence.dll [C:\Users\ultra\warewolf\Dev\Dev2.Activities.Designers\Dev2.Activities.Designers.csproj]
C:\Program Files\dotnet\sdk\10.0.201\Microsoft.Common.CurrentVersion.targets(2451,5): warning MSB3277:         C:\Users\ultra\.nuget\packages\system.directoryservices\6.0.0\lib\net6.0\System.DirectoryServices.dll [C:\Users\ultra\warewolf\Dev\Dev2.Activities.Designers\Dev2.Activities.Designers.csproj]
C:\Program Files\dotnet\sdk\10.0.201\Microsoft.Common.CurrentVersion.targets(2451,5): warning MSB3277:           Project file item includes which caused reference "C:\Users\ultra\.nuget\packages\system.directoryservices\6.0.0\lib\net6.0\System.DirectoryServices.dll". [C:\Users\ultra\warewolf\Dev\Dev2.Activities.Designers\Dev2.Activities.Designers.csproj]
C:\Program Files\dotnet\sdk\10.0.201\Microsoft.Common.CurrentVersion.targets(2451,5): warning MSB3277:             C:\Users\ultra\.nuget\packages\system.directoryservices\6.0.0\lib\net6.0\System.DirectoryServices.dll [C:\Users\ultra\warewolf\Dev\Dev2.Activities.Designers\Dev2.Activities.Designers.csproj]
C:\Program Files\dotnet\sdk\10.0.201\Microsoft.Common.CurrentVersion.targets(2451,5): warning MSB3277:             C:\Users\ultra\.nuget\packages\corewcf.primitives\1.2.1\lib\netstandard2.0\CoreWCF.Primitives.dll [C:\Users\ultra\warewolf\Dev\Dev2.Activities.Designers\Dev2.Activities.Designers.csproj]
C:\Program Files\dotnet\sdk\10.0.201\Microsoft.Common.CurrentVersion.targets(2451,5): warning MSB3277:             C:\Users\ultra\warewolf\Dev\Dev2.Runtime.Services\bin\Debug\net8.0\Dev2.Runtime.Services.dll [C:\Users\ultra\warewolf\Dev\Dev2.Activities.Designers\Dev2.Activities.Designers.csproj]
C:\Program Files\dotnet\sdk\10.0.201\Microsoft.Common.CurrentVersion.targets(2451,5): warning MSB3277:             C:\Users\ultra\warewolf\Dev\Dev2.Activities\bin\Debug\net8.0\Dev2.Activities.dll [C:\Users\ultra\warewolf\Dev\Dev2.Activities.Designers\Dev2.Activities.Designers.csproj]
C:\Program Files\dotnet\sdk\10.0.201\Microsoft.Common.CurrentVersion.targets(2451,5): warning MSB3277:             C:\Users\ultra\warewolf\Dev\Dev2.Studio.Core\bin\Debug\net8.0\Dev2.Studio.Core.dll [C:\Users\ultra\warewolf\Dev\Dev2.Activities.Designers\Dev2.Activities.Designers.csproj]
C:\Program Files\dotnet\sdk\10.0.201\Microsoft.Common.CurrentVersion.targets(2451,5): warning MSB3277:             C:\Users\ultra\warewolf\Dev\Dev2.Intellisense\bin\Debug\net8.0\Dev2.Intellisense.dll [C:\Users\ultra\warewolf\Dev\Dev2.Activities.Designers\Dev2.Activities.Designers.csproj]
C:\Program Files\dotnet\sdk\10.0.201\Microsoft.Common.CurrentVersion.targets(2451,5): warning MSB3277:             C:\Users\ultra\warewolf\Dev\Dev2.Studio.Interfaces\bin\Debug\net8.0\Dev2.Studio.Interfaces.dll [C:\Users\ultra\warewolf\Dev\Dev2.Activities.Designers\Dev2.Activities.Designers.csproj]
C:\Program Files\dotnet\sdk\10.0.201\Microsoft.Common.CurrentVersion.targets(2451,5): warning MSB3277:             C:\Users\ultra\warewolf\Dev\Warewolf.Studio.Core\bin\Debug\net8.0\Warewolf.Studio.Core.dll [C:\Users\ultra\warewolf\Dev\Dev2.Activities.Designers\Dev2.Activities.Designers.csproj]
C:\Program Files\dotnet\sdk\10.0.201\Microsoft.Common.CurrentVersion.targets(2451,5): warning MSB3277:             C:\Users\ultra\warewolf\Dev\Warewolf.Studio.CustomControls\bin\Debug\net8.0\Warewolf.Studio.CustomControls.dll [C:\Users\ultra\warewolf\Dev\Dev2.Activities.Designers\Dev2.Activities.Designers.csproj]
C:\Program Files\dotnet\sdk\10.0.201\Microsoft.Common.CurrentVersion.targets(2451,5): warning MSB3277:             C:\Users\ultra\warewolf\Dev\Warewolf.Studio.Models\bin\Debug\net8.0\Warewolf.Studio.Models.dll [C:\Users\ultra\warewolf\Dev\Dev2.Activities.Designers\Dev2.Activities.Designers.csproj]
C:\Program Files\dotnet\sdk\10.0.201\Microsoft.Common.CurrentVersion.targets(2451,5): warning MSB3277:             C:\Users\ultra\warewolf\Dev\Dev2.Services.Execution\bin\Debug\net8.0\Dev2.Services.Execution.dll [C:\Users\ultra\warewolf\Dev\Dev2.Activities.Designers\Dev2.Activities.Designers.csproj]
C:\Program Files\dotnet\sdk\10.0.201\Microsoft.Common.CurrentVersion.targets(2451,5): warning MSB3277:             C:\Users\ultra\warewolf\Dev\Warewolf.Driver.Persistence\bin\Debug\net8.0\Warewolf.Driver.Persistence.dll [C:\Users\ultra\warewolf\Dev\Dev2.Activities.Designers\Dev2.Activities.Designers.csproj]
C:\Program Files\dotnet\sdk\10.0.201\Microsoft.Common.CurrentVersion.targets(2451,5): warning MSB3277:             C:\Users\ultra\.nuget\packages\corewcf.http\1.2.1\lib\netstandard2.0\CoreWCF.Http.dll [C:\Users\ultra\warewolf\Dev\Dev2.Activities.Designers\Dev2.Activities.Designers.csproj]
C:\Program Files\dotnet\sdk\10.0.201\Microsoft.Common.CurrentVersion.targets(2451,5): warning MSB3277:             C:\Users\ultra\.nuget\packages\corewcf.nettcp\1.2.1\lib\netstandard2.0\CoreWCF.NetTcp.dll [C:\Users\ultra\warewolf\Dev\Dev2.Activities.Designers\Dev2.Activities.Designers.csproj]
C:\Program Files\dotnet\sdk\10.0.201\Microsoft.Common.CurrentVersion.targets(2451,5): warning MSB3277:             C:\Users\ultra\.nuget\packages\corewcf.webhttp\1.2.1\lib\netstandard2.0\CoreWCF.WebHttp.dll [C:\Users\ultra\warewolf\Dev\Dev2.Activities.Designers\Dev2.Activities.Designers.csproj]
C:\Program Files\dotnet\sdk\10.0.201\Microsoft.Common.CurrentVersion.targets(2451,5): warning MSB3277:         C:\Program Files\dotnet\packs\Microsoft.NETCore.App.Ref\8.0.25\ref\net8.0\System.Configuration.dll [C:\Users\ultra\warewolf\Dev\Dev2.Activities.Designers\Dev2.Activities.Designers.csproj]
C:\Program Files\dotnet\sdk\10.0.201\Microsoft.Common.CurrentVersion.targets(2451,5): warning MSB3277:           Project file item includes which caused reference "C:\Program Files\dotnet\packs\Microsoft.NETCore.App.Ref\8.0.25\ref\net8.0\System.Configuration.dll". [C:\Users\ultra\warewolf\Dev\Dev2.Activities.Designers\Dev2.Activities.Designers.csproj]
C:\Program Files\dotnet\sdk\10.0.201\Microsoft.Common.CurrentVersion.targets(2451,5): warning MSB3277:             C:\Program Files\dotnet\packs\Microsoft.NETCore.App.Ref\8.0.25\ref/net8.0/System.Configuration.dll [C:\Users\ultra\warewolf\Dev\Dev2.Activities.Designers\Dev2.Activities.Designers.csproj]
C:\Program Files\dotnet\sdk\10.0.201\Microsoft.Common.CurrentVersion.targets(2451,5): warning MSB3277:             C:\Users\ultra\.nuget\packages\prism.wpf\9.0.537\lib\net462\Prism.Wpf.dll [C:\Users\ultra\warewolf\Dev\Dev2.Activities.Designers\Dev2.Activities.Designers.csproj]
C:\Program Files\dotnet\sdk\10.0.201\Microsoft.Common.CurrentVersion.targets(2451,5): warning MSB3277:         C:\Program Files\dotnet\packs\Microsoft.NETCore.App.Ref\8.0.25\ref\net8.0\System.Data.dll [C:\Users\ultra\warewolf\Dev\Dev2.Activities.Designers\Dev2.Activities.Designers.csproj]
C:\Program Files\dotnet\sdk\10.0.201\Microsoft.Common.CurrentVersion.targets(2451,5): warning MSB3277:           Project file item includes which caused reference "C:\Program Files\dotnet\packs\Microsoft.NETCore.App.Ref\8.0.25\ref\net8.0\System.Data.dll". [C:\Users\ultra\warewolf\Dev\Dev2.Activities.Designers\Dev2.Activities.Designers.csproj]
C:\Program Files\dotnet\sdk\10.0.201\Microsoft.Common.CurrentVersion.targets(2451,5): warning MSB3277:             C:\Program Files\dotnet\packs\Microsoft.NETCore.App.Ref\8.0.25\ref/net8.0/System.Data.dll [C:\Users\ultra\warewolf\Dev\Dev2.Activities.Designers\Dev2.Activities.Designers.csproj]
C:\Program Files\dotnet\sdk\10.0.201\Microsoft.Common.CurrentVersion.targets(2451,5): warning MSB3277:             C:\Users\ultra\.nuget\packages\taskschedulereditor\2.10.1\lib\net452\Microsoft.Win32.TaskSchedulerEditor.dll [C:\Users\ultra\warewolf\Dev\Dev2.Activities.Designers\Dev2.Activities.Designers.csproj]
C:\Program Files\dotnet\sdk\10.0.201\Microsoft.Common.CurrentVersion.targets(2451,5): warning MSB3277:         C:\Program Files\dotnet\packs\Microsoft.NETCore.App.Ref\8.0.25\ref\net8.0\System.Drawing.dll [C:\Users\ultra\warewolf\Dev\Dev2.Activities.Designers\Dev2.Activities.Designers.csproj]
C:\Program Files\dotnet\sdk\10.0.201\Microsoft.Common.CurrentVersion.targets(2451,5): warning MSB3277:           Project file item includes which caused reference "C:\Program Files\dotnet\packs\Microsoft.NETCore.App.Ref\8.0.25\ref\net8.0\System.Drawing.dll". [C:\Users\ultra\warewolf\Dev\Dev2.Activities.Designers\Dev2.Activities.Designers.csproj]
C:\Program Files\dotnet\sdk\10.0.201\Microsoft.Common.CurrentVersion.targets(2451,5): warning MSB3277:             C:\Program Files\dotnet\packs\Microsoft.NETCore.App.Ref\8.0.25\ref/net8.0/System.Drawing.dll [C:\Users\ultra\warewolf\Dev\Dev2.Activities.Designers\Dev2.Activities.Designers.csproj]
C:\Program Files\dotnet\sdk\10.0.201\Microsoft.Common.CurrentVersion.targets(2451,5): warning MSB3277:             C:\Users\ultra\.nuget\packages\aerowizard\2.3.1\lib\net45\AeroWizard.dll [C:\Users\ultra\warewolf\Dev\Dev2.Activities.Designers\Dev2.Activities.Designers.csproj]
C:\Program Files\dotnet\sdk\10.0.201\Microsoft.Common.CurrentVersion.targets(2451,5): warning MSB3277:             C:\Users\ultra\.nuget\packages\groupcontrols\1.9.0\lib\net45\GroupControls.dll [C:\Users\ultra\warewolf\Dev\Dev2.Activities.Designers\Dev2.Activities.Designers.csproj]
C:\Program Files\dotnet\sdk\10.0.201\Microsoft.Common.CurrentVersion.targets(2451,5): warning MSB3277:             C:\Users\ultra\.nuget\packages\taskschedulereditor\2.10.1\lib\net452\Microsoft.Win32.TaskSchedulerEditor.dll [C:\Users\ultra\warewolf\Dev\Dev2.Activities.Designers\Dev2.Activities.Designers.csproj]
C:\Program Files\dotnet\sdk\10.0.201\Microsoft.Common.CurrentVersion.targets(2451,5): warning MSB3277:         C:\Program Files\dotnet\packs\Microsoft.NETCore.App.Ref\8.0.25\ref\net8.0\System.Net.dll [C:\Users\ultra\warewolf\Dev\Dev2.Activities.Designers\Dev2.Activities.Designers.csproj]
C:\Program Files\dotnet\sdk\10.0.201\Microsoft.Common.CurrentVersion.targets(2451,5): warning MSB3277:           Project file item includes which caused reference "C:\Program Files\dotnet\packs\Microsoft.NETCore.App.Ref\8.0.25\ref\net8.0\System.Net.dll". [C:\Users\ultra\warewolf\Dev\Dev2.Activities.Designers\Dev2.Activities.Designers.csproj]
C:\Program Files\dotnet\sdk\10.0.201\Microsoft.Common.CurrentVersion.targets(2451,5): warning MSB3277:             C:\Program Files\dotnet\packs\Microsoft.NETCore.App.Ref\8.0.25\ref/net8.0/System.Net.dll [C:\Users\ultra\warewolf\Dev\Dev2.Activities.Designers\Dev2.Activities.Designers.csproj]
C:\Program Files\dotnet\sdk\10.0.201\Microsoft.Common.CurrentVersion.targets(2451,5): warning MSB3277:         C:\Program Files\dotnet\packs\Microsoft.NETCore.App.Ref\8.0.25\ref\net8.0\System.Security.dll [C:\Users\ultra\warewolf\Dev\Dev2.Activities.Designers\Dev2.Activities.Designers.csproj]
C:\Program Files\dotnet\sdk\10.0.201\Microsoft.Common.CurrentVersion.targets(2451,5): warning MSB3277:           Project file item includes which caused reference "C:\Program Files\dotnet\packs\Microsoft.NETCore.App.Ref\8.0.25\ref\net8.0\System.Security.dll". [C:\Users\ultra\warewolf\Dev\Dev2.Activities.Designers\Dev2.Activities.Designers.csproj]
C:\Program Files\dotnet\sdk\10.0.201\Microsoft.Common.CurrentVersion.targets(2451,5): warning MSB3277:             C:\Program Files\dotnet\packs\Microsoft.NETCore.App.Ref\8.0.25\ref/net8.0/System.Security.dll [C:\Users\ultra\warewolf\Dev\Dev2.Activities.Designers\Dev2.Activities.Designers.csproj]
C:\Program Files\dotnet\sdk\10.0.201\Microsoft.Common.CurrentVersion.targets(2451,5): warning MSB3277:         C:\Program Files\dotnet\packs\Microsoft.NETCore.App.Ref\8.0.25\ref\net8.0\System.ServiceProcess.dll [C:\Users\ultra\warewolf\Dev\Dev2.Activities.Designers\Dev2.Activities.Designers.csproj]
C:\Program Files\dotnet\sdk\10.0.201\Microsoft.Common.CurrentVersion.targets(2451,5): warning MSB3277:           Project file item includes which caused reference "C:\Program Files\dotnet\packs\Microsoft.NETCore.App.Ref\8.0.25\ref\net8.0\System.ServiceProcess.dll". [C:\Users\ultra\warewolf\Dev\Dev2.Activities.Designers\Dev2.Activities.Designers.csproj]
C:\Program Files\dotnet\sdk\10.0.201\Microsoft.Common.CurrentVersion.targets(2451,5): warning MSB3277:             C:\Program Files\dotnet\packs\Microsoft.NETCore.App.Ref\8.0.25\ref/net8.0/System.ServiceProcess.dll [C:\Users\ultra\warewolf\Dev\Dev2.Activities.Designers\Dev2.Activities.Designers.csproj]
C:\Program Files\dotnet\sdk\10.0.201\Microsoft.Common.CurrentVersion.targets(2451,5): warning MSB3277:         C:\Program Files\dotnet\packs\Microsoft.NETCore.App.Ref\8.0.25\ref\net8.0\System.Transactions.dll [C:\Users\ultra\warewolf\Dev\Dev2.Activities.Designers\Dev2.Activities.Designers.csproj]
C:\Program Files\dotnet\sdk\10.0.201\Microsoft.Common.CurrentVersion.targets(2451,5): warning MSB3277:           Project file item includes which caused reference "C:\Program Files\dotnet\packs\Microsoft.NETCore.App.Ref\8.0.25\ref\net8.0\System.Transactions.dll". [C:\Users\ultra\warewolf\Dev\Dev2.Activities.Designers\Dev2.Activities.Designers.csproj]
C:\Program Files\dotnet\sdk\10.0.201\Microsoft.Common.CurrentVersion.targets(2451,5): warning MSB3277:             C:\Program Files\dotnet\packs\Microsoft.NETCore.App.Ref\8.0.25\ref/net8.0/System.Transactions.dll [C:\Users\ultra\warewolf\Dev\Dev2.Activities.Designers\Dev2.Activities.Designers.csproj]
C:\Program Files\dotnet\sdk\10.0.201\Microsoft.Common.CurrentVersion.targets(2451,5): warning MSB3277:         C:\Program Files\dotnet\packs\Microsoft.NETCore.App.Ref\8.0.25\ref\net8.0\System.dll [C:\Users\ultra\warewolf\Dev\Dev2.Activities.Designers\Dev2.Activities.Designers.csproj]
C:\Program Files\dotnet\sdk\10.0.201\Microsoft.Common.CurrentVersion.targets(2451,5): warning MSB3277:           Project file item includes which caused reference "C:\Program Files\dotnet\packs\Microsoft.NETCore.App.Ref\8.0.25\ref\net8.0\System.dll". [C:\Users\ultra\warewolf\Dev\Dev2.Activities.Designers\Dev2.Activities.Designers.csproj]
C:\Program Files\dotnet\sdk\10.0.201\Microsoft.Common.CurrentVersion.targets(2451,5): warning MSB3277:             C:\Program Files\dotnet\packs\Microsoft.NETCore.App.Ref\8.0.25\ref/net8.0/System.dll [C:\Users\ultra\warewolf\Dev\Dev2.Activities.Designers\Dev2.Activities.Designers.csproj]
C:\Program Files\dotnet\sdk\10.0.201\Microsoft.Common.CurrentVersion.targets(2451,5): warning MSB3277:             C:\Users\ultra\.nuget\packages\aerowizard\2.3.1\lib\net45\AeroWizard.dll [C:\Users\ultra\warewolf\Dev\Dev2.Activities.Designers\Dev2.Activities.Designers.csproj]
C:\Program Files\dotnet\sdk\10.0.201\Microsoft.Common.CurrentVersion.targets(2451,5): warning MSB3277:             C:\Users\ultra\.nuget\packages\groupcontrols\1.9.0\lib\net45\GroupControls.dll [C:\Users\ultra\warewolf\Dev\Dev2.Activities.Designers\Dev2.Activities.Designers.csproj]
C:\Program Files\dotnet\sdk\10.0.201\Microsoft.Common.CurrentVersion.targets(2451,5): warning MSB3277:             C:\Users\ultra\.nuget\packages\microsoft.xaml.behaviors.wpf\1.1.122\lib\net462\Microsoft.Xaml.Behaviors.dll [C:\Users\ultra\warewolf\Dev\Dev2.Activities.Designers\Dev2.Activities.Designers.csproj]
C:\Program Files\dotnet\sdk\10.0.201\Microsoft.Common.CurrentVersion.targets(2451,5): warning MSB3277:             C:\Users\ultra\.nuget\packages\caliburn.micro\4.0.212\lib\netcoreapp3.1\Caliburn.Micro.Platform.dll [C:\Users\ultra\warewolf\Dev\Dev2.Activities.Designers\Dev2.Activities.Designers.csproj]
C:\Program Files\dotnet\sdk\10.0.201\Microsoft.Common.CurrentVersion.targets(2451,5): warning MSB3277:             C:\Users\ultra\.nuget\packages\prism.wpf\9.0.537\lib\net462\Prism.Wpf.dll [C:\Users\ultra\warewolf\Dev\Dev2.Activities.Designers\Dev2.Activities.Designers.csproj]
C:\Program Files\dotnet\sdk\10.0.201\Microsoft.Common.CurrentVersion.targets(2451,5): warning MSB3277:             C:\Users\ultra\.nuget\packages\reactiveui.wpf\18.4.1\lib\net462\ReactiveUI.Wpf.dll [C:\Users\ultra\warewolf\Dev\Dev2.Activities.Designers\Dev2.Activities.Designers.csproj]
C:\Program Files\dotnet\sdk\10.0.201\Microsoft.Common.CurrentVersion.targets(2451,5): warning MSB3277:             C:\Users\ultra\.nuget\packages\taskschedulereditor\2.10.1\lib\net452\Microsoft.Win32.TaskSchedulerEditor.dll [C:\Users\ultra\warewolf\Dev\Dev2.Activities.Designers\Dev2.Activities.Designers.csproj]
C:\Program Files\dotnet\sdk\10.0.201\Microsoft.Common.CurrentVersion.targets(2451,5): warning MSB3277:             C:\Users\ultra\.nuget\packages\ttcue.netcore.sharepointonline.csom.16.1.8029.1200\16.1.8029.1200\lib\netcoreapp2.0\Microsoft.SharePoint.Client.Runtime.Windows.dll [C:\Users\ultra\warewolf\Dev\Dev2.Activities.Designers\Dev2.Activities.Designers.csproj]
C:\Program Files\dotnet\sdk\10.0.201\Microsoft.Common.CurrentVersion.targets(2451,5): warning MSB3277:         C:\Program Files\dotnet\packs\Microsoft.NETCore.App.Ref\8.0.25\ref\net8.0\WindowsBase.dll [C:\Users\ultra\warewolf\Dev\Dev2.Activities.Designers\Dev2.Activities.Designers.csproj]
C:\Program Files\dotnet\sdk\10.0.201\Microsoft.Common.CurrentVersion.targets(2451,5): warning MSB3277:           Project file item includes which caused reference "C:\Program Files\dotnet\packs\Microsoft.NETCore.App.Ref\8.0.25\ref\net8.0\WindowsBase.dll". [C:\Users\ultra\warewolf\Dev\Dev2.Activities.Designers\Dev2.Activities.Designers.csproj]
C:\Program Files\dotnet\sdk\10.0.201\Microsoft.Common.CurrentVersion.targets(2451,5): warning MSB3277:             C:\Program Files\dotnet\packs\Microsoft.NETCore.App.Ref\8.0.25\ref/net8.0/WindowsBase.dll [C:\Users\ultra\warewolf\Dev\Dev2.Activities.Designers\Dev2.Activities.Designers.csproj]
C:\Program Files\dotnet\sdk\10.0.201\Microsoft.Common.CurrentVersion.targets(2451,5): warning MSB3277:         C:\Program Files\dotnet\packs\Microsoft.NETCore.App.Ref\8.0.25\ref\net8.0\mscorlib.dll [C:\Users\ultra\warewolf\Dev\Dev2.Activities.Designers\Dev2.Activities.Designers.csproj]
C:\Program Files\dotnet\sdk\10.0.201\Microsoft.Common.CurrentVersion.targets(2451,5): warning MSB3277:           Project file item includes which caused reference "C:\Program Files\dotnet\packs\Microsoft.NETCore.App.Ref\8.0.25\ref\net8.0\mscorlib.dll". [C:\Users\ultra\warewolf\Dev\Dev2.Activities.Designers\Dev2.Activities.Designers.csproj]
C:\Program Files\dotnet\sdk\10.0.201\Microsoft.Common.CurrentVersion.targets(2451,5): warning MSB3277:             C:\Program Files\dotnet\packs\Microsoft.NETCore.App.Ref\8.0.25\ref/net8.0/mscorlib.dll [C:\Users\ultra\warewolf\Dev\Dev2.Activities.Designers\Dev2.Activities.Designers.csproj]
C:\Program Files\dotnet\sdk\10.0.201\Microsoft.Common.CurrentVersion.targets(2451,5): warning MSB3277:             C:\Users\ultra\.nuget\packages\aerowizard\2.3.1\lib\net45\AeroWizard.dll [C:\Users\ultra\warewolf\Dev\Dev2.Activities.Designers\Dev2.Activities.Designers.csproj]
C:\Program Files\dotnet\sdk\10.0.201\Microsoft.Common.CurrentVersion.targets(2451,5): warning MSB3277:             C:\Users\ultra\.nuget\packages\groupcontrols\1.9.0\lib\net45\GroupControls.dll [C:\Users\ultra\warewolf\Dev\Dev2.Activities.Designers\Dev2.Activities.Designers.csproj]
C:\Program Files\dotnet\sdk\10.0.201\Microsoft.Common.CurrentVersion.targets(2451,5): warning MSB3277:             C:\Users\ultra\.nuget\packages\hangfire.core\1.7.32\lib\netstandard2.0\Hangfire.Core.dll [C:\Users\ultra\warewolf\Dev\Dev2.Activities.Designers\Dev2.Activities.Designers.csproj]
C:\Program Files\dotnet\sdk\10.0.201\Microsoft.Common.CurrentVersion.targets(2451,5): warning MSB3277:             C:\Users\ultra\warewolf\Dev\Dev2.Activities\bin\Debug\net8.0\Dev2.Activities.dll [C:\Users\ultra\warewolf\Dev\Dev2.Activities.Designers\Dev2.Activities.Designers.csproj]
C:\Program Files\dotnet\sdk\10.0.201\Microsoft.Common.CurrentVersion.targets(2451,5): warning MSB3277:             C:\Users\ultra\warewolf\Dev\Dev2.Studio.Core\bin\Debug\net8.0\Dev2.Studio.Core.dll [C:\Users\ultra\warewolf\Dev\Dev2.Activities.Designers\Dev2.Activities.Designers.csproj]
C:\Program Files\dotnet\sdk\10.0.201\Microsoft.Common.CurrentVersion.targets(2451,5): warning MSB3277:             C:\Users\ultra\warewolf\Dev\Dev2.Intellisense\bin\Debug\net8.0\Dev2.Intellisense.dll [C:\Users\ultra\warewolf\Dev\Dev2.Activities.Designers\Dev2.Activities.Designers.csproj]
C:\Program Files\dotnet\sdk\10.0.201\Microsoft.Common.CurrentVersion.targets(2451,5): warning MSB3277:             C:\Users\ultra\warewolf\Dev\Warewolf.Driver.Persistence\bin\Debug\net8.0\Warewolf.Driver.Persistence.dll [C:\Users\ultra\warewolf\Dev\Dev2.Activities.Designers\Dev2.Activities.Designers.csproj]
C:\Program Files\dotnet\sdk\10.0.201\Microsoft.Common.CurrentVersion.targets(2451,5): warning MSB3277:             C:\Users\ultra\.nuget\packages\hangfire.sqlserver\1.7.32\lib\netstandard2.0\Hangfire.SqlServer.dll [C:\Users\ultra\warewolf\Dev\Dev2.Activities.Designers\Dev2.Activities.Designers.csproj]
C:\Program Files\dotnet\sdk\10.0.201\Microsoft.Common.CurrentVersion.targets(2451,5): warning MSB3277:             C:\Users\ultra\.nuget\packages\microsoft.xaml.behaviors.wpf\1.1.122\lib\net462\Microsoft.Xaml.Behaviors.dll [C:\Users\ultra\warewolf\Dev\Dev2.Activities.Designers\Dev2.Activities.Designers.csproj]
C:\Program Files\dotnet\sdk\10.0.201\Microsoft.Common.CurrentVersion.targets(2451,5): warning MSB3277:             C:\Users\ultra\.nuget\packages\caliburn.micro\4.0.212\lib\netcoreapp3.1\Caliburn.Micro.Platform.dll [C:\Users\ultra\warewolf\Dev\Dev2.Activities.Designers\Dev2.Activities.Designers.csproj]
C:\Program Files\dotnet\sdk\10.0.201\Microsoft.Common.CurrentVersion.targets(2451,5): warning MSB3277:             C:\Users\ultra\.nuget\packages\oracle.manageddataaccess.core\3.21.70\lib\netstandard2.1\Oracle.ManagedDataAccess.dll [C:\Users\ultra\warewolf\Dev\Dev2.Activities.Designers\Dev2.Activities.Designers.csproj]
C:\Program Files\dotnet\sdk\10.0.201\Microsoft.Common.CurrentVersion.targets(2451,5): warning MSB3277:             C:\Users\ultra\warewolf\Dev\Dev2.Runtime.Services\bin\Debug\net8.0\Dev2.Runtime.Services.dll [C:\Users\ultra\warewolf\Dev\Dev2.Activities.Designers\Dev2.Activities.Designers.csproj]
C:\Program Files\dotnet\sdk\10.0.201\Microsoft.Common.CurrentVersion.targets(2451,5): warning MSB3277:             C:\Users\ultra\warewolf\Dev\Dev2.Studio.Interfaces\bin\Debug\net8.0\Dev2.Studio.Interfaces.dll [C:\Users\ultra\warewolf\Dev\Dev2.Activities.Designers\Dev2.Activities.Designers.csproj]
C:\Program Files\dotnet\sdk\10.0.201\Microsoft.Common.CurrentVersion.targets(2451,5): warning MSB3277:             C:\Users\ultra\warewolf\Dev\Warewolf.Studio.Core\bin\Debug\net8.0\Warewolf.Studio.Core.dll [C:\Users\ultra\warewolf\Dev\Dev2.Activities.Designers\Dev2.Activities.Designers.csproj]
C:\Program Files\dotnet\sdk\10.0.201\Microsoft.Common.CurrentVersion.targets(2451,5): warning MSB3277:             C:\Users\ultra\warewolf\Dev\Warewolf.Studio.CustomControls\bin\Debug\net8.0\Warewolf.Studio.CustomControls.dll [C:\Users\ultra\warewolf\Dev\Dev2.Activities.Designers\Dev2.Activities.Designers.csproj]
C:\Program Files\dotnet\sdk\10.0.201\Microsoft.Common.CurrentVersion.targets(2451,5): warning MSB3277:             C:\Users\ultra\warewolf\Dev\Warewolf.Studio.Models\bin\Debug\net8.0\Warewolf.Studio.Models.dll [C:\Users\ultra\warewolf\Dev\Dev2.Activities.Designers\Dev2.Activities.Designers.csproj]
C:\Program Files\dotnet\sdk\10.0.201\Microsoft.Common.CurrentVersion.targets(2451,5): warning MSB3277:             C:\Users\ultra\warewolf\Dev\Dev2.Services.Execution\bin\Debug\net8.0\Dev2.Services.Execution.dll [C:\Users\ultra\warewolf\Dev\Dev2.Activities.Designers\Dev2.Activities.Designers.csproj]
C:\Program Files\dotnet\sdk\10.0.201\Microsoft.Common.CurrentVersion.targets(2451,5): warning MSB3277:             C:\Users\ultra\warewolf\Dev\Dev2.Services.Sql\bin\Debug\net8.0\Dev2.Services.Sql.dll [C:\Users\ultra\warewolf\Dev\Dev2.Activities.Designers\Dev2.Activities.Designers.csproj]
C:\Program Files\dotnet\sdk\10.0.201\Microsoft.Common.CurrentVersion.targets(2451,5): warning MSB3277:             C:\Users\ultra\.nuget\packages\prism.wpf\9.0.537\lib\net462\Prism.Wpf.dll [C:\Users\ultra\warewolf\Dev\Dev2.Activities.Designers\Dev2.Activities.Designers.csproj]
C:\Program Files\dotnet\sdk\10.0.201\Microsoft.Common.CurrentVersion.targets(2451,5): warning MSB3277:             C:\Users\ultra\.nuget\packages\reactiveui.wpf\18.4.1\lib\net462\ReactiveUI.Wpf.dll [C:\Users\ultra\warewolf\Dev\Dev2.Activities.Designers\Dev2.Activities.Designers.csproj]
C:\Program Files\dotnet\sdk\10.0.201\Microsoft.Common.CurrentVersion.targets(2451,5): warning MSB3277:             C:\Users\ultra\.nuget\packages\taskschedulereditor\2.10.1\lib\net452\Microsoft.Win32.TaskSchedulerEditor.dll [C:\Users\ultra\warewolf\Dev\Dev2.Activities.Designers\Dev2.Activities.Designers.csproj]
C:\Program Files\dotnet\sdk\10.0.201\Microsoft.Common.CurrentVersion.targets(2451,5): warning MSB3277:             C:\Users\ultra\.nuget\packages\ttcue.netcore.sharepointonline.csom.16.1.8029.1200\16.1.8029.1200\lib\netcoreapp2.0\Microsoft.SharePoint.Client.Runtime.Windows.dll [C:\Users\ultra\warewolf\Dev\Dev2.Activities.Designers\Dev2.Activities.Designers.csproj]
C:\Program Files\dotnet\sdk\10.0.201\Microsoft.Common.CurrentVersion.targets(2451,5): warning MSB3277:         C:\Users\ultra\warewolf\Dev\Dev2.Development.Languages\bin\Debug\net8.0\IronRuby.dll [C:\Users\ultra\warewolf\Dev\Dev2.Activities.Designers\Dev2.Activities.Designers.csproj]
C:\Program Files\dotnet\sdk\10.0.201\Microsoft.Common.CurrentVersion.targets(2451,5): warning MSB3277:           Project file item includes which caused reference "C:\Users\ultra\warewolf\Dev\Dev2.Development.Languages\bin\Debug\net8.0\IronRuby.dll". [C:\Users\ultra\warewolf\Dev\Dev2.Activities.Designers\Dev2.Activities.Designers.csproj]
C:\Program Files\dotnet\sdk\10.0.201\Microsoft.Common.CurrentVersion.targets(2451,5): warning MSB3277:             C:\Users\ultra\warewolf\Dev\Dev2.Development.Languages\bin\Debug\net8.0\Dev2.Development.Languages.dll [C:\Users\ultra\warewolf\Dev\Dev2.Activities.Designers\Dev2.Activities.Designers.csproj]
C:\Program Files\dotnet\sdk\10.0.201\Microsoft.Common.CurrentVersion.targets(2451,5): warning MSB3277:             C:\Users\ultra\warewolf\Dev\Dev2.Activities\bin\Debug\net8.0\Dev2.Activities.dll [C:\Users\ultra\warewolf\Dev\Dev2.Activities.Designers\Dev2.Activities.Designers.csproj]
C:\Program Files\dotnet\sdk\10.0.201\Microsoft.Common.CurrentVersion.targets(2451,5): warning MSB3277:             C:\Users\ultra\warewolf\Dev\Dev2.Studio.Core\bin\Debug\net8.0\Dev2.Studio.Core.dll [C:\Users\ultra\warewolf\Dev\Dev2.Activities.Designers\Dev2.Activities.Designers.csproj]
C:\Program Files\dotnet\sdk\10.0.201\Microsoft.Common.CurrentVersion.targets(2451,5): warning MSB3277:             C:\Users\ultra\warewolf\Dev\Dev2.Intellisense\bin\Debug\net8.0\Dev2.Intellisense.dll [C:\Users\ultra\warewolf\Dev\Dev2.Activities.Designers\Dev2.Activities.Designers.csproj]
C:\Program Files\dotnet\sdk\10.0.201\Microsoft.Common.CurrentVersion.targets(2451,5): warning MSB3277:         C:\Users\ultra\warewolf\Dev\Dev2.Development.Languages\bin\Debug\net8.0\IronRuby.Libraries.dll [C:\Users\ultra\warewolf\Dev\Dev2.Activities.Designers\Dev2.Activities.Designers.csproj]
C:\Program Files\dotnet\sdk\10.0.201\Microsoft.Common.CurrentVersion.targets(2451,5): warning MSB3277:           Project file item includes which caused reference "C:\Users\ultra\warewolf\Dev\Dev2.Development.Languages\bin\Debug\net8.0\IronRuby.Libraries.dll". [C:\Users\ultra\warewolf\Dev\Dev2.Activities.Designers\Dev2.Activities.Designers.csproj]
C:\Program Files\dotnet\sdk\10.0.201\Microsoft.Common.CurrentVersion.targets(2451,5): warning MSB3277:             C:\Users\ultra\warewolf\Dev\Dev2.Development.Languages\bin\Debug\net8.0\Dev2.Development.Languages.dll [C:\Users\ultra\warewolf\Dev\Dev2.Activities.Designers\Dev2.Activities.Designers.csproj]
C:\Program Files\dotnet\sdk\10.0.201\Microsoft.Common.CurrentVersion.targets(2451,5): warning MSB3277:             C:\Users\ultra\warewolf\Dev\Dev2.Activities\bin\Debug\net8.0\Dev2.Activities.dll [C:\Users\ultra\warewolf\Dev\Dev2.Activities.Designers\Dev2.Activities.Designers.csproj]
C:\Program Files\dotnet\sdk\10.0.201\Microsoft.Common.CurrentVersion.targets(2451,5): warning MSB3277:             C:\Users\ultra\warewolf\Dev\Dev2.Studio.Core\bin\Debug\net8.0\Dev2.Studio.Core.dll [C:\Users\ultra\warewolf\Dev\Dev2.Activities.Designers\Dev2.Activities.Designers.csproj]
C:\Program Files\dotnet\sdk\10.0.201\Microsoft.Common.CurrentVersion.targets(2451,5): warning MSB3277:             C:\Users\ultra\warewolf\Dev\Dev2.Intellisense\bin\Debug\net8.0\Dev2.Intellisense.dll [C:\Users\ultra\warewolf\Dev\Dev2.Activities.Designers\Dev2.Activities.Designers.csproj]
C:\Program Files\dotnet\sdk\10.0.201\Microsoft.Common.CurrentVersion.targets(2451,5): warning MSB3277: Found conflicts between different versions of "WindowsBase" that could not be resolved. [C:\Users\ultra\warewolf\Dev\Dev2.Activities.Designers\Dev2.Activities.Designers.csproj]
C:\Program Files\dotnet\sdk\10.0.201\Microsoft.Common.CurrentVersion.targets(2451,5): warning MSB3277: There was a conflict between "WindowsBase, Version=4.0.0.0, Culture=neutral, PublicKeyToken=31bf3856ad364e35" and "WindowsBase, Version=6.0.2.0, Culture=neutral, PublicKeyToken=31bf3856ad364e35". [C:\Users\ultra\warewolf\Dev\Dev2.Activities.Designers\Dev2.Activities.Designers.csproj]
C:\Program Files\dotnet\sdk\10.0.201\Microsoft.Common.CurrentVersion.targets(2451,5): warning MSB3277:     "WindowsBase, Version=4.0.0.0, Culture=neutral, PublicKeyToken=31bf3856ad364e35" was chosen because it was primary and "WindowsBase, Version=6.0.2.0, Culture=neutral, PublicKeyToken=31bf3856ad364e35" was not. [C:\Users\ultra\warewolf\Dev\Dev2.Activities.Designers\Dev2.Activities.Designers.csproj]
C:\Program Files\dotnet\sdk\10.0.201\Microsoft.Common.CurrentVersion.targets(2451,5): warning MSB3277:     References which depend on "WindowsBase, Version=4.0.0.0, Culture=neutral, PublicKeyToken=31bf3856ad364e35" [C:\Program Files\dotnet\packs\Microsoft.NETCore.App.Ref\8.0.25\ref\net8.0\WindowsBase.dll]. [C:\Users\ultra\warewolf\Dev\Dev2.Activities.Designers\Dev2.Activities.Designers.csproj]
C:\Program Files\dotnet\sdk\10.0.201\Microsoft.Common.CurrentVersion.targets(2451,5): warning MSB3277:         C:\Program Files\dotnet\packs\Microsoft.NETCore.App.Ref\8.0.25\ref\net8.0\WindowsBase.dll [C:\Users\ultra\warewolf\Dev\Dev2.Activities.Designers\Dev2.Activities.Designers.csproj]
C:\Program Files\dotnet\sdk\10.0.201\Microsoft.Common.CurrentVersion.targets(2451,5): warning MSB3277:           Project file item includes which caused reference "C:\Program Files\dotnet\packs\Microsoft.NETCore.App.Ref\8.0.25\ref\net8.0\WindowsBase.dll". [C:\Users\ultra\warewolf\Dev\Dev2.Activities.Designers\Dev2.Activities.Designers.csproj]
C:\Program Files\dotnet\sdk\10.0.201\Microsoft.Common.CurrentVersion.targets(2451,5): warning MSB3277:             C:\Program Files\dotnet\packs\Microsoft.NETCore.App.Ref\8.0.25\ref/net8.0/WindowsBase.dll [C:\Users\ultra\warewolf\Dev\Dev2.Activities.Designers\Dev2.Activities.Designers.csproj]
C:\Program Files\dotnet\sdk\10.0.201\Microsoft.Common.CurrentVersion.targets(2451,5): warning MSB3277:     References which depend on or have been unified to "WindowsBase, Version=6.0.2.0, Culture=neutral, PublicKeyToken=31bf3856ad364e35" []. [C:\Users\ultra\warewolf\Dev\Dev2.Activities.Designers\Dev2.Activities.Designers.csproj]
C:\Program Files\dotnet\sdk\10.0.201\Microsoft.Common.CurrentVersion.targets(2451,5): warning MSB3277:         C:\Users\ultra\warewolf\Dev\Binaries\Infragistcs_Net6\InfragisticsWPF4.Controls.Editors.XamComboEditor.v15.1.dll [C:\Users\ultra\warewolf\Dev\Dev2.Activities.Designers\Dev2.Activities.Designers.csproj]
C:\Program Files\dotnet\sdk\10.0.201\Microsoft.Common.CurrentVersion.targets(2451,5): warning MSB3277:           Project file item includes which caused reference "C:\Users\ultra\warewolf\Dev\Binaries\Infragistcs_Net6\InfragisticsWPF4.Controls.Editors.XamComboEditor.v15.1.dll". [C:\Users\ultra\warewolf\Dev\Dev2.Activities.Designers\Dev2.Activities.Designers.csproj]
C:\Program Files\dotnet\sdk\10.0.201\Microsoft.Common.CurrentVersion.targets(2451,5): warning MSB3277:             InfragisticsWPF4.Controls.Editors.XamComboEditor.v15.1, Version=15.1.20151.2055, Culture=neutral, processorArchitecture=MSIL [C:\Users\ultra\warewolf\Dev\Dev2.Activities.Designers\Dev2.Activities.Designers.csproj]
C:\Program Files\dotnet\sdk\10.0.201\Microsoft.Common.CurrentVersion.targets(2451,5): warning MSB3277:         C:\Users\ultra\warewolf\Dev\Binaries\Infragistcs_Net6\InfragisticsWPF4.Controls.Grids.XamGrid.v15.1.dll [C:\Users\ultra\warewolf\Dev\Dev2.Activities.Designers\Dev2.Activities.Designers.csproj]
C:\Program Files\dotnet\sdk\10.0.201\Microsoft.Common.CurrentVersion.targets(2451,5): warning MSB3277:           Project file item includes which caused reference "C:\Users\ultra\warewolf\Dev\Binaries\Infragistcs_Net6\InfragisticsWPF4.Controls.Grids.XamGrid.v15.1.dll". [C:\Users\ultra\warewolf\Dev\Dev2.Activities.Designers\Dev2.Activities.Designers.csproj]
C:\Program Files\dotnet\sdk\10.0.201\Microsoft.Common.CurrentVersion.targets(2451,5): warning MSB3277:             InfragisticsWPF4.Controls.Grids.XamGrid.v15.1 [C:\Users\ultra\warewolf\Dev\Dev2.Activities.Designers\Dev2.Activities.Designers.csproj]
C:\Program Files\dotnet\sdk\10.0.201\Microsoft.Common.CurrentVersion.targets(2451,5): warning MSB3277:         C:\Users\ultra\warewolf\Dev\Binaries\Infragistcs_Net6\InfragisticsWPF4.Controls.Interactions.XamDialogWindow.v15.1.dll [C:\Users\ultra\warewolf\Dev\Dev2.Activities.Designers\Dev2.Activities.Designers.csproj]
C:\Program Files\dotnet\sdk\10.0.201\Microsoft.Common.CurrentVersion.targets(2451,5): warning MSB3277:           Project file item includes which caused reference "C:\Users\ultra\warewolf\Dev\Binaries\Infragistcs_Net6\InfragisticsWPF4.Controls.Interactions.XamDialogWindow.v15.1.dll". [C:\Users\ultra\warewolf\Dev\Dev2.Activities.Designers\Dev2.Activities.Designers.csproj]
C:\Program Files\dotnet\sdk\10.0.201\Microsoft.Common.CurrentVersion.targets(2451,5): warning MSB3277:             InfragisticsWPF4.Controls.Interactions.XamDialogWindow.v15.1, Version=15.1.20151.2055, Culture=neutral, PublicKeyToken=7dd5c3163f2cd0cb, processorArchitecture=MSIL [C:\Users\ultra\warewolf\Dev\Dev2.Activities.Designers\Dev2.Activities.Designers.csproj]
C:\Program Files\dotnet\sdk\10.0.201\Microsoft.Common.CurrentVersion.targets(2451,5): warning MSB3277:         C:\Users\ultra\warewolf\Dev\Binaries\Infragistcs_Net6\InfragisticsWPF4.Controls.Menus.XamDataTree.v15.1.dll [C:\Users\ultra\warewolf\Dev\Dev2.Activities.Designers\Dev2.Activities.Designers.csproj]
C:\Program Files\dotnet\sdk\10.0.201\Microsoft.Common.CurrentVersion.targets(2451,5): warning MSB3277:           Project file item includes which caused reference "C:\Users\ultra\warewolf\Dev\Binaries\Infragistcs_Net6\InfragisticsWPF4.Controls.Menus.XamDataTree.v15.1.dll". [C:\Users\ultra\warewolf\Dev\Dev2.Activities.Designers\Dev2.Activities.Designers.csproj]
C:\Program Files\dotnet\sdk\10.0.201\Microsoft.Common.CurrentVersion.targets(2451,5): warning MSB3277:             InfragisticsWPF4.Controls.Menus.XamDataTree.v15.1 [C:\Users\ultra\warewolf\Dev\Dev2.Activities.Designers\Dev2.Activities.Designers.csproj]
C:\Program Files\dotnet\sdk\10.0.201\Microsoft.Common.CurrentVersion.targets(2451,5): warning MSB3277:         C:\Users\ultra\warewolf\Dev\Binaries\Infragistcs_Net6\InfragisticsWPF4.Controls.Menus.XamMenu.v15.1.dll [C:\Users\ultra\warewolf\Dev\Dev2.Activities.Designers\Dev2.Activities.Designers.csproj]
C:\Program Files\dotnet\sdk\10.0.201\Microsoft.Common.CurrentVersion.targets(2451,5): warning MSB3277:           Project file item includes which caused reference "C:\Users\ultra\warewolf\Dev\Binaries\Infragistcs_Net6\InfragisticsWPF4.Controls.Menus.XamMenu.v15.1.dll". [C:\Users\ultra\warewolf\Dev\Dev2.Activities.Designers\Dev2.Activities.Designers.csproj]
C:\Program Files\dotnet\sdk\10.0.201\Microsoft.Common.CurrentVersion.targets(2451,5): warning MSB3277:             InfragisticsWPF4.Controls.Menus.XamMenu.v15.1, Version=15.1.20151.2055, Culture=neutral, processorArchitecture=MSIL [C:\Users\ultra\warewolf\Dev\Dev2.Activities.Designers\Dev2.Activities.Designers.csproj]
C:\Program Files\dotnet\sdk\10.0.201\Microsoft.Common.CurrentVersion.targets(2451,5): warning MSB3277:             InfragisticsWPF4.Controls.Grids.XamGrid.v15.1 [C:\Users\ultra\warewolf\Dev\Dev2.Activities.Designers\Dev2.Activities.Designers.csproj]
C:\Program Files\dotnet\sdk\10.0.201\Microsoft.Common.CurrentVersion.targets(2451,5): warning MSB3277:         C:\Users\ultra\warewolf\Dev\Binaries\Infragistcs_Net6\InfragisticsWPF4.DataManager.v15.1.dll [C:\Users\ultra\warewolf\Dev\Dev2.Activities.Designers\Dev2.Activities.Designers.csproj]
C:\Program Files\dotnet\sdk\10.0.201\Microsoft.Common.CurrentVersion.targets(2451,5): warning MSB3277:           Project file item includes which caused reference "C:\Users\ultra\warewolf\Dev\Binaries\Infragistcs_Net6\InfragisticsWPF4.DataManager.v15.1.dll". [C:\Users\ultra\warewolf\Dev\Dev2.Activities.Designers\Dev2.Activities.Designers.csproj]
C:\Program Files\dotnet\sdk\10.0.201\Microsoft.Common.CurrentVersion.targets(2451,5): warning MSB3277:             InfragisticsWPF4.DataManager.v15.1, Version=15.1.20151.2188, Culture=neutral, PublicKeyToken=7dd5c3163f2cd0cb, processorArchitecture=MSIL [C:\Users\ultra\warewolf\Dev\Dev2.Activities.Designers\Dev2.Activities.Designers.csproj]
C:\Program Files\dotnet\sdk\10.0.201\Microsoft.Common.CurrentVersion.targets(2451,5): warning MSB3277:             InfragisticsWPF4.Controls.Editors.XamComboEditor.v15.1, Version=15.1.20151.2055, Culture=neutral, processorArchitecture=MSIL [C:\Users\ultra\warewolf\Dev\Dev2.Activities.Designers\Dev2.Activities.Designers.csproj]
C:\Program Files\dotnet\sdk\10.0.201\Microsoft.Common.CurrentVersion.targets(2451,5): warning MSB3277:             InfragisticsWPF4.Controls.Grids.XamGrid.v15.1 [C:\Users\ultra\warewolf\Dev\Dev2.Activities.Designers\Dev2.Activities.Designers.csproj]
C:\Program Files\dotnet\sdk\10.0.201\Microsoft.Common.CurrentVersion.targets(2451,5): warning MSB3277:             InfragisticsWPF4.Controls.Menus.XamDataTree.v15.1 [C:\Users\ultra\warewolf\Dev\Dev2.Activities.Designers\Dev2.Activities.Designers.csproj]
C:\Program Files\dotnet\sdk\10.0.201\Microsoft.Common.CurrentVersion.targets(2451,5): warning MSB3277:         C:\Users\ultra\warewolf\Dev\Binaries\Infragistcs_Net6\InfragisticsWPF4.Editors.v15.1.dll [C:\Users\ultra\warewolf\Dev\Dev2.Activities.Designers\Dev2.Activities.Designers.csproj]
C:\Program Files\dotnet\sdk\10.0.201\Microsoft.Common.CurrentVersion.targets(2451,5): warning MSB3277:           Project file item includes which caused reference "C:\Users\ultra\warewolf\Dev\Binaries\Infragistcs_Net6\InfragisticsWPF4.Editors.v15.1.dll". [C:\Users\ultra\warewolf\Dev\Dev2.Activities.Designers\Dev2.Activities.Designers.csproj]
C:\Program Files\dotnet\sdk\10.0.201\Microsoft.Common.CurrentVersion.targets(2451,5): warning MSB3277:             InfragisticsWPF4.Editors.v15.1, Version=15.1.20151.2055, Culture=neutral, processorArchitecture=MSIL [C:\Users\ultra\warewolf\Dev\Dev2.Activities.Designers\Dev2.Activities.Designers.csproj]
C:\Program Files\dotnet\sdk\10.0.201\Microsoft.Common.CurrentVersion.targets(2451,5): warning MSB3277:         C:\Users\ultra\warewolf\Dev\Binaries\Infragistcs_Net6\InfragisticsWPF4.v15.1.dll [C:\Users\ultra\warewolf\Dev\Dev2.Activities.Designers\Dev2.Activities.Designers.csproj]
C:\Program Files\dotnet\sdk\10.0.201\Microsoft.Common.CurrentVersion.targets(2451,5): warning MSB3277:           Project file item includes which caused reference "C:\Users\ultra\warewolf\Dev\Binaries\Infragistcs_Net6\InfragisticsWPF4.v15.1.dll". [C:\Users\ultra\warewolf\Dev\Dev2.Activities.Designers\Dev2.Activities.Designers.csproj]
C:\Program Files\dotnet\sdk\10.0.201\Microsoft.Common.CurrentVersion.targets(2451,5): warning MSB3277:             InfragisticsWPF4.v15.1, Version=15.1.20151.2055, Culture=neutral, PublicKeyToken=7dd5c3163f2cd0cb, processorArchitecture=MSIL [C:\Users\ultra\warewolf\Dev\Dev2.Activities.Designers\Dev2.Activities.Designers.csproj]
C:\Program Files\dotnet\sdk\10.0.201\Microsoft.Common.CurrentVersion.targets(2451,5): warning MSB3277:             InfragisticsWPF4.Controls.Editors.XamComboEditor.v15.1, Version=15.1.20151.2055, Culture=neutral, processorArchitecture=MSIL [C:\Users\ultra\warewolf\Dev\Dev2.Activities.Designers\Dev2.Activities.Designers.csproj]
C:\Program Files\dotnet\sdk\10.0.201\Microsoft.Common.CurrentVersion.targets(2451,5): warning MSB3277:             InfragisticsWPF4.Controls.Grids.XamGrid.v15.1 [C:\Users\ultra\warewolf\Dev\Dev2.Activities.Designers\Dev2.Activities.Designers.csproj]
C:\Program Files\dotnet\sdk\10.0.201\Microsoft.Common.CurrentVersion.targets(2451,5): warning MSB3277:             InfragisticsWPF4.Controls.Interactions.XamDialogWindow.v15.1, Version=15.1.20151.2055, Culture=neutral, PublicKeyToken=7dd5c3163f2cd0cb, processorArchitecture=MSIL [C:\Users\ultra\warewolf\Dev\Dev2.Activities.Designers\Dev2.Activities.Designers.csproj]
C:\Program Files\dotnet\sdk\10.0.201\Microsoft.Common.CurrentVersion.targets(2451,5): warning MSB3277:             InfragisticsWPF4.Controls.Menus.XamDataTree.v15.1 [C:\Users\ultra\warewolf\Dev\Dev2.Activities.Designers\Dev2.Activities.Designers.csproj]
C:\Program Files\dotnet\sdk\10.0.201\Microsoft.Common.CurrentVersion.targets(2451,5): warning MSB3277:             InfragisticsWPF4.Controls.Menus.XamMenu.v15.1, Version=15.1.20151.2055, Culture=neutral, processorArchitecture=MSIL [C:\Users\ultra\warewolf\Dev\Dev2.Activities.Designers\Dev2.Activities.Designers.csproj]
C:\Program Files\dotnet\sdk\10.0.201\Microsoft.Common.CurrentVersion.targets(2451,5): warning MSB3277:             InfragisticsWPF4.DataManager.v15.1, Version=15.1.20151.2188, Culture=neutral, PublicKeyToken=7dd5c3163f2cd0cb, processorArchitecture=MSIL [C:\Users\ultra\warewolf\Dev\Dev2.Activities.Designers\Dev2.Activities.Designers.csproj]
C:\Program Files\dotnet\sdk\10.0.201\Microsoft.Common.CurrentVersion.targets(2451,5): warning MSB3277:             InfragisticsWPF4.Editors.v15.1, Version=15.1.20151.2055, Culture=neutral, processorArchitecture=MSIL [C:\Users\ultra\warewolf\Dev\Dev2.Activities.Designers\Dev2.Activities.Designers.csproj]
C:\Program Files\dotnet\sdk\10.0.201\Microsoft.Common.CurrentVersion.targets(2451,5): warning MSB3277:         C:\Users\ultra\.nuget\packages\caliburn.micro\4.0.212\lib\netcoreapp3.1\Caliburn.Micro.Platform.dll [C:\Users\ultra\warewolf\Dev\Dev2.Activities.Designers\Dev2.Activities.Designers.csproj]
C:\Program Files\dotnet\sdk\10.0.201\Microsoft.Common.CurrentVersion.targets(2451,5): warning MSB3277:           Project file item includes which caused reference "C:\Users\ultra\.nuget\packages\caliburn.micro\4.0.212\lib\netcoreapp3.1\Caliburn.Micro.Platform.dll". [C:\Users\ultra\warewolf\Dev\Dev2.Activities.Designers\Dev2.Activities.Designers.csproj]
C:\Program Files\dotnet\sdk\10.0.201\Microsoft.Common.CurrentVersion.targets(2451,5): warning MSB3277:             C:\Users\ultra\.nuget\packages\caliburn.micro\4.0.212\lib\netcoreapp3.1\Caliburn.Micro.Platform.dll [C:\Users\ultra\warewolf\Dev\Dev2.Activities.Designers\Dev2.Activities.Designers.csproj]
C:\Program Files\dotnet\sdk\10.0.201\Microsoft.Common.CurrentVersion.targets(2451,5): warning MSB3277:         C:\Users\ultra\.nuget\packages\extended.wpf.toolkit\4.4.0\lib\net5.0\Xceed.Wpf.AvalonDock.NET5.dll [C:\Users\ultra\warewolf\Dev\Dev2.Activities.Designers\Dev2.Activities.Designers.csproj]
C:\Program Files\dotnet\sdk\10.0.201\Microsoft.Common.CurrentVersion.targets(2451,5): warning MSB3277:           Project file item includes which caused reference "C:\Users\ultra\.nuget\packages\extended.wpf.toolkit\4.4.0\lib\net5.0\Xceed.Wpf.AvalonDock.NET5.dll". [C:\Users\ultra\warewolf\Dev\Dev2.Activities.Designers\Dev2.Activities.Designers.csproj]
C:\Program Files\dotnet\sdk\10.0.201\Microsoft.Common.CurrentVersion.targets(2451,5): warning MSB3277:             C:\Users\ultra\.nuget\packages\extended.wpf.toolkit\4.4.0\lib\net5.0\Xceed.Wpf.AvalonDock.NET5.dll [C:\Users\ultra\warewolf\Dev\Dev2.Activities.Designers\Dev2.Activities.Designers.csproj]
C:\Program Files\dotnet\sdk\10.0.201\Microsoft.Common.CurrentVersion.targets(2451,5): warning MSB3277:             C:\Users\ultra\.nuget\packages\extended.wpf.toolkit\4.4.0\lib\net5.0\Xceed.Wpf.AvalonDock.Themes.Aero.NET5.dll [C:\Users\ultra\warewolf\Dev\Dev2.Activities.Designers\Dev2.Activities.Designers.csproj]
C:\Program Files\dotnet\sdk\10.0.201\Microsoft.Common.CurrentVersion.targets(2451,5): warning MSB3277:             C:\Users\ultra\.nuget\packages\extended.wpf.toolkit\4.4.0\lib\net5.0\Xceed.Wpf.AvalonDock.Themes.Metro.NET5.dll [C:\Users\ultra\warewolf\Dev\Dev2.Activities.Designers\Dev2.Activities.Designers.csproj]
C:\Program Files\dotnet\sdk\10.0.201\Microsoft.Common.CurrentVersion.targets(2451,5): warning MSB3277:             C:\Users\ultra\.nuget\packages\extended.wpf.toolkit\4.4.0\lib\net5.0\Xceed.Wpf.AvalonDock.Themes.VS2010.NET5.dll [C:\Users\ultra\warewolf\Dev\Dev2.Activities.Designers\Dev2.Activities.Designers.csproj]
C:\Program Files\dotnet\sdk\10.0.201\Microsoft.Common.CurrentVersion.targets(2451,5): warning MSB3277:         C:\Users\ultra\.nuget\packages\extended.wpf.toolkit\4.4.0\lib\net5.0\Xceed.Wpf.AvalonDock.Themes.Aero.NET5.dll [C:\Users\ultra\warewolf\Dev\Dev2.Activities.Designers\Dev2.Activities.Designers.csproj]
C:\Program Files\dotnet\sdk\10.0.201\Microsoft.Common.CurrentVersion.targets(2451,5): warning MSB3277:           Project file item includes which caused reference "C:\Users\ultra\.nuget\packages\extended.wpf.toolkit\4.4.0\lib\net5.0\Xceed.Wpf.AvalonDock.Themes.Aero.NET5.dll". [C:\Users\ultra\warewolf\Dev\Dev2.Activities.Designers\Dev2.Activities.Designers.csproj]
C:\Program Files\dotnet\sdk\10.0.201\Microsoft.Common.CurrentVersion.targets(2451,5): warning MSB3277:             C:\Users\ultra\.nuget\packages\extended.wpf.toolkit\4.4.0\lib\net5.0\Xceed.Wpf.AvalonDock.Themes.Aero.NET5.dll [C:\Users\ultra\warewolf\Dev\Dev2.Activities.Designers\Dev2.Activities.Designers.csproj]
C:\Program Files\dotnet\sdk\10.0.201\Microsoft.Common.CurrentVersion.targets(2451,5): warning MSB3277:         C:\Users\ultra\.nuget\packages\extended.wpf.toolkit\4.4.0\lib\net5.0\Xceed.Wpf.Toolkit.NET5.dll [C:\Users\ultra\warewolf\Dev\Dev2.Activities.Designers\Dev2.Activities.Designers.csproj]
C:\Program Files\dotnet\sdk\10.0.201\Microsoft.Common.CurrentVersion.targets(2451,5): warning MSB3277:           Project file item includes which caused reference "C:\Users\ultra\.nuget\packages\extended.wpf.toolkit\4.4.0\lib\net5.0\Xceed.Wpf.Toolkit.NET5.dll". [C:\Users\ultra\warewolf\Dev\Dev2.Activities.Designers\Dev2.Activities.Designers.csproj]
C:\Program Files\dotnet\sdk\10.0.201\Microsoft.Common.CurrentVersion.targets(2451,5): warning MSB3277:             C:\Users\ultra\.nuget\packages\extended.wpf.toolkit\4.4.0\lib\net5.0\Xceed.Wpf.Toolkit.NET5.dll [C:\Users\ultra\warewolf\Dev\Dev2.Activities.Designers\Dev2.Activities.Designers.csproj]
C:\Program Files\dotnet\sdk\10.0.201\Microsoft.Common.CurrentVersion.targets(2451,5): warning MSB3277:         C:\Users\ultra\.nuget\packages\ironpython\3.4.0\lib\net6.0\IronPython.Wpf.dll [C:\Users\ultra\warewolf\Dev\Dev2.Activities.Designers\Dev2.Activities.Designers.csproj]
C:\Program Files\dotnet\sdk\10.0.201\Microsoft.Common.CurrentVersion.targets(2451,5): warning MSB3277:           Project file item includes which caused reference "C:\Users\ultra\.nuget\packages\ironpython\3.4.0\lib\net6.0\IronPython.Wpf.dll". [C:\Users\ultra\warewolf\Dev\Dev2.Activities.Designers\Dev2.Activities.Designers.csproj]
C:\Program Files\dotnet\sdk\10.0.201\Microsoft.Common.CurrentVersion.targets(2451,5): warning MSB3277:             C:\Users\ultra\.nuget\packages\ironpython\3.4.0\lib\net6.0\IronPython.Wpf.dll [C:\Users\ultra\warewolf\Dev\Dev2.Activities.Designers\Dev2.Activities.Designers.csproj]
C:\Program Files\dotnet\sdk\10.0.201\Microsoft.Common.CurrentVersion.targets(2451,5): warning MSB3277:         C:\Users\ultra\.nuget\packages\microsoft.xaml.behaviors.wpf\1.1.122\lib\net462\Microsoft.Xaml.Behaviors.dll [C:\Users\ultra\warewolf\Dev\Dev2.Activities.Designers\Dev2.Activities.Designers.csproj]
C:\Program Files\dotnet\sdk\10.0.201\Microsoft.Common.CurrentVersion.targets(2451,5): warning MSB3277:           Project file item includes which caused reference "C:\Users\ultra\.nuget\packages\microsoft.xaml.behaviors.wpf\1.1.122\lib\net462\Microsoft.Xaml.Behaviors.dll". [C:\Users\ultra\warewolf\Dev\Dev2.Activities.Designers\Dev2.Activities.Designers.csproj]
C:\Program Files\dotnet\sdk\10.0.201\Microsoft.Common.CurrentVersion.targets(2451,5): warning MSB3277:             C:\Users\ultra\.nuget\packages\microsoft.xaml.behaviors.wpf\1.1.122\lib\net462\Microsoft.Xaml.Behaviors.dll [C:\Users\ultra\warewolf\Dev\Dev2.Activities.Designers\Dev2.Activities.Designers.csproj]
C:\Program Files\dotnet\sdk\10.0.201\Microsoft.Common.CurrentVersion.targets(2451,5): warning MSB3277:             C:\Users\ultra\.nuget\packages\caliburn.micro\4.0.212\lib\netcoreapp3.1\Caliburn.Micro.Platform.dll [C:\Users\ultra\warewolf\Dev\Dev2.Activities.Designers\Dev2.Activities.Designers.csproj]
C:\Program Files\dotnet\sdk\10.0.201\Microsoft.Common.CurrentVersion.targets(2451,5): warning MSB3277:             C:\Users\ultra\.nuget\packages\prism.wpf\9.0.537\lib\net462\Prism.Wpf.dll [C:\Users\ultra\warewolf\Dev\Dev2.Activities.Designers\Dev2.Activities.Designers.csproj]
C:\Program Files\dotnet\sdk\10.0.201\Microsoft.Common.CurrentVersion.targets(2451,5): warning MSB3277:         C:\Users\ultra\.nuget\packages\prism.wpf\9.0.537\lib\net462\Prism.Wpf.dll [C:\Users\ultra\warewolf\Dev\Dev2.Activities.Designers\Dev2.Activities.Designers.csproj]
C:\Program Files\dotnet\sdk\10.0.201\Microsoft.Common.CurrentVersion.targets(2451,5): warning MSB3277:           Project file item includes which caused reference "C:\Users\ultra\.nuget\packages\prism.wpf\9.0.537\lib\net462\Prism.Wpf.dll". [C:\Users\ultra\warewolf\Dev\Dev2.Activities.Designers\Dev2.Activities.Designers.csproj]
C:\Program Files\dotnet\sdk\10.0.201\Microsoft.Common.CurrentVersion.targets(2451,5): warning MSB3277:             C:\Users\ultra\.nuget\packages\prism.wpf\9.0.537\lib\net462\Prism.Wpf.dll [C:\Users\ultra\warewolf\Dev\Dev2.Activities.Designers\Dev2.Activities.Designers.csproj]
C:\Program Files\dotnet\sdk\10.0.201\Microsoft.Common.CurrentVersion.targets(2451,5): warning MSB3277:         C:\Users\ultra\.nuget\packages\reactiveui.wpf\18.4.1\lib\net462\ReactiveUI.Wpf.dll [C:\Users\ultra\warewolf\Dev\Dev2.Activities.Designers\Dev2.Activities.Designers.csproj]
C:\Program Files\dotnet\sdk\10.0.201\Microsoft.Common.CurrentVersion.targets(2451,5): warning MSB3277:           Project file item includes which caused reference "C:\Users\ultra\.nuget\packages\reactiveui.wpf\18.4.1\lib\net462\ReactiveUI.Wpf.dll". [C:\Users\ultra\warewolf\Dev\Dev2.Activities.Designers\Dev2.Activities.Designers.csproj]
C:\Program Files\dotnet\sdk\10.0.201\Microsoft.Common.CurrentVersion.targets(2451,5): warning MSB3277:             C:\Users\ultra\.nuget\packages\reactiveui.wpf\18.4.1\lib\net462\ReactiveUI.Wpf.dll [C:\Users\ultra\warewolf\Dev\Dev2.Activities.Designers\Dev2.Activities.Designers.csproj]
C:\Program Files\dotnet\sdk\10.0.201\Microsoft.Common.CurrentVersion.targets(2451,5): warning MSB3277:         C:\Users\ultra\warewolf\Dev\Binaries\Infragistcs_Net6\InfragisticsWPF4.DragDrop.v15.1.dll [C:\Users\ultra\warewolf\Dev\Dev2.Activities.Designers\Dev2.Activities.Designers.csproj]
C:\Program Files\dotnet\sdk\10.0.201\Microsoft.Common.CurrentVersion.targets(2451,5): warning MSB3277:           Project file item includes which caused reference "C:\Users\ultra\warewolf\Dev\Binaries\Infragistcs_Net6\InfragisticsWPF4.DragDrop.v15.1.dll". [C:\Users\ultra\warewolf\Dev\Dev2.Activities.Designers\Dev2.Activities.Designers.csproj]
C:\Program Files\dotnet\sdk\10.0.201\Microsoft.Common.CurrentVersion.targets(2451,5): warning MSB3277:             InfragisticsWPF4.Controls.Menus.XamDataTree.v15.1 [C:\Users\ultra\warewolf\Dev\Dev2.Activities.Designers\Dev2.Activities.Designers.csproj]
C:\Program Files\dotnet\sdk\10.0.201\Microsoft.Common.CurrentVersion.targets(2451,5): warning MSB3277: Found conflicts between different versions of "System.Windows.Extensions" that could not be resolved. [C:\Users\ultra\warewolf\Dev\Dev2.Activities.Designers\Dev2.Activities.Designers.csproj]
C:\Program Files\dotnet\sdk\10.0.201\Microsoft.Common.CurrentVersion.targets(2451,5): warning MSB3277: There was a conflict between "System.Windows.Extensions, Version=6.0.0.0, Culture=neutral, PublicKeyToken=cc7b13ffcd2ddd51" and "System.Windows.Extensions, Version=7.0.0.0, Culture=neutral, PublicKeyToken=cc7b13ffcd2ddd51". [C:\Users\ultra\warewolf\Dev\Dev2.Activities.Designers\Dev2.Activities.Designers.csproj]
C:\Program Files\dotnet\sdk\10.0.201\Microsoft.Common.CurrentVersion.targets(2451,5): warning MSB3277:     "System.Windows.Extensions, Version=6.0.0.0, Culture=neutral, PublicKeyToken=cc7b13ffcd2ddd51" was chosen because it was primary and "System.Windows.Extensions, Version=7.0.0.0, Culture=neutral, PublicKeyToken=cc7b13ffcd2ddd51" was not. [C:\Users\ultra\warewolf\Dev\Dev2.Activities.Designers\Dev2.Activities.Designers.csproj]
C:\Program Files\dotnet\sdk\10.0.201\Microsoft.Common.CurrentVersion.targets(2451,5): warning MSB3277:     References which depend on "System.Windows.Extensions, Version=6.0.0.0, Culture=neutral, PublicKeyToken=cc7b13ffcd2ddd51" [C:\Users\ultra\.nuget\packages\system.windows.extensions\6.0.0\lib\net6.0\System.Windows.Extensions.dll]. [C:\Users\ultra\warewolf\Dev\Dev2.Activities.Designers\Dev2.Activities.Designers.csproj]
C:\Program Files\dotnet\sdk\10.0.201\Microsoft.Common.CurrentVersion.targets(2451,5): warning MSB3277:         C:\Users\ultra\.nuget\packages\system.windows.extensions\6.0.0\lib\net6.0\System.Windows.Extensions.dll [C:\Users\ultra\warewolf\Dev\Dev2.Activities.Designers\Dev2.Activities.Designers.csproj]
C:\Program Files\dotnet\sdk\10.0.201\Microsoft.Common.CurrentVersion.targets(2451,5): warning MSB3277:           Project file item includes which caused reference "C:\Users\ultra\.nuget\packages\system.windows.extensions\6.0.0\lib\net6.0\System.Windows.Extensions.dll". [C:\Users\ultra\warewolf\Dev\Dev2.Activities.Designers\Dev2.Activities.Designers.csproj]
C:\Program Files\dotnet\sdk\10.0.201\Microsoft.Common.CurrentVersion.targets(2451,5): warning MSB3277:             C:\Users\ultra\.nuget\packages\system.windows.extensions\6.0.0\lib\net6.0\System.Windows.Extensions.dll [C:\Users\ultra\warewolf\Dev\Dev2.Activities.Designers\Dev2.Activities.Designers.csproj]
C:\Program Files\dotnet\sdk\10.0.201\Microsoft.Common.CurrentVersion.targets(2451,5): warning MSB3277:     References which depend on or have been unified to "System.Windows.Extensions, Version=7.0.0.0, Culture=neutral, PublicKeyToken=cc7b13ffcd2ddd51" []. [C:\Users\ultra\warewolf\Dev\Dev2.Activities.Designers\Dev2.Activities.Designers.csproj]
C:\Program Files\dotnet\sdk\10.0.201\Microsoft.Common.CurrentVersion.targets(2451,5): warning MSB3277:         C:\Users\ultra\warewolf\Dev\Binaries\Infragistcs_Net6\InfragisticsWPF4.Editors.v15.1.dll [C:\Users\ultra\warewolf\Dev\Dev2.Activities.Designers\Dev2.Activities.Designers.csproj]
C:\Program Files\dotnet\sdk\10.0.201\Microsoft.Common.CurrentVersion.targets(2451,5): warning MSB3277:           Project file item includes which caused reference "C:\Users\ultra\warewolf\Dev\Binaries\Infragistcs_Net6\InfragisticsWPF4.Editors.v15.1.dll". [C:\Users\ultra\warewolf\Dev\Dev2.Activities.Designers\Dev2.Activities.Designers.csproj]
C:\Program Files\dotnet\sdk\10.0.201\Microsoft.Common.CurrentVersion.targets(2451,5): warning MSB3277:             InfragisticsWPF4.Editors.v15.1, Version=15.1.20151.2055, Culture=neutral, processorArchitecture=MSIL [C:\Users\ultra\warewolf\Dev\Dev2.Activities.Designers\Dev2.Activities.Designers.csproj]
C:\Program Files\dotnet\sdk\10.0.201\Microsoft.Common.CurrentVersion.targets(2451,5): warning MSB3277:         C:\Users\ultra\.nuget\packages\extended.wpf.toolkit\4.4.0\lib\net5.0\Xceed.Wpf.Toolkit.NET5.dll [C:\Users\ultra\warewolf\Dev\Dev2.Activities.Designers\Dev2.Activities.Designers.csproj]
C:\Program Files\dotnet\sdk\10.0.201\Microsoft.Common.CurrentVersion.targets(2451,5): warning MSB3277:           Project file item includes which caused reference "C:\Users\ultra\.nuget\packages\extended.wpf.toolkit\4.4.0\lib\net5.0\Xceed.Wpf.Toolkit.NET5.dll". [C:\Users\ultra\warewolf\Dev\Dev2.Activities.Designers\Dev2.Activities.Designers.csproj]
C:\Program Files\dotnet\sdk\10.0.201\Microsoft.Common.CurrentVersion.targets(2451,5): warning MSB3277:             C:\Users\ultra\.nuget\packages\extended.wpf.toolkit\4.4.0\lib\net5.0\Xceed.Wpf.Toolkit.NET5.dll [C:\Users\ultra\warewolf\Dev\Dev2.Activities.Designers\Dev2.Activities.Designers.csproj]
C:\Program Files\dotnet\sdk\10.0.201\Microsoft.Common.CurrentVersion.targets(2451,5): warning MSB3277:         C:\Users\ultra\.nuget\packages\system.security.permissions\6.0.0\lib\net6.0\System.Security.Permissions.dll [C:\Users\ultra\warewolf\Dev\Dev2.Activities.Designers\Dev2.Activities.Designers.csproj]
C:\Program Files\dotnet\sdk\10.0.201\Microsoft.Common.CurrentVersion.targets(2451,5): warning MSB3277:           Project file item includes which caused reference "C:\Users\ultra\.nuget\packages\system.security.permissions\6.0.0\lib\net6.0\System.Security.Permissions.dll". [C:\Users\ultra\warewolf\Dev\Dev2.Activities.Designers\Dev2.Activities.Designers.csproj]
C:\Program Files\dotnet\sdk\10.0.201\Microsoft.Common.CurrentVersion.targets(2451,5): warning MSB3277:             C:\Users\ultra\.nuget\packages\system.security.permissions\6.0.0\lib\net6.0\System.Security.Permissions.dll [C:\Users\ultra\warewolf\Dev\Dev2.Activities.Designers\Dev2.Activities.Designers.csproj]
C:\Program Files\dotnet\sdk\10.0.201\Microsoft.Common.CurrentVersion.targets(2451,5): warning MSB3277:         C:\Program Files\dotnet\packs\Microsoft.NETCore.App.Ref\8.0.25\ref\net8.0\System.Security.dll [C:\Users\ultra\warewolf\Dev\Dev2.Activities.Designers\Dev2.Activities.Designers.csproj]
C:\Program Files\dotnet\sdk\10.0.201\Microsoft.Common.CurrentVersion.targets(2451,5): warning MSB3277:           Project file item includes which caused reference "C:\Program Files\dotnet\packs\Microsoft.NETCore.App.Ref\8.0.25\ref\net8.0\System.Security.dll". [C:\Users\ultra\warewolf\Dev\Dev2.Activities.Designers\Dev2.Activities.Designers.csproj]
C:\Program Files\dotnet\sdk\10.0.201\Microsoft.Common.CurrentVersion.targets(2451,5): warning MSB3277:             C:\Program Files\dotnet\packs\Microsoft.NETCore.App.Ref\8.0.25\ref/net8.0/System.Security.dll [C:\Users\ultra\warewolf\Dev\Dev2.Activities.Designers\Dev2.Activities.Designers.csproj]
C:\Program Files\dotnet\sdk\10.0.201\Microsoft.Common.CurrentVersion.targets(2451,5): warning MSB3277:         C:\Program Files\dotnet\packs\Microsoft.NETCore.App.Ref\8.0.25\ref\net8.0\System.dll [C:\Users\ultra\warewolf\Dev\Dev2.Activities.Designers\Dev2.Activities.Designers.csproj]
C:\Program Files\dotnet\sdk\10.0.201\Microsoft.Common.CurrentVersion.targets(2451,5): warning MSB3277:           Project file item includes which caused reference "C:\Program Files\dotnet\packs\Microsoft.NETCore.App.Ref\8.0.25\ref\net8.0\System.dll". [C:\Users\ultra\warewolf\Dev\Dev2.Activities.Designers\Dev2.Activities.Designers.csproj]
C:\Program Files\dotnet\sdk\10.0.201\Microsoft.Common.CurrentVersion.targets(2451,5): warning MSB3277:             C:\Program Files\dotnet\packs\Microsoft.NETCore.App.Ref\8.0.25\ref/net8.0/System.dll [C:\Users\ultra\warewolf\Dev\Dev2.Activities.Designers\Dev2.Activities.Designers.csproj]
C:\Program Files\dotnet\sdk\10.0.201\Microsoft.Common.CurrentVersion.targets(2451,5): warning MSB3277:             C:\Users\ultra\.nuget\packages\aerowizard\2.3.1\lib\net45\AeroWizard.dll [C:\Users\ultra\warewolf\Dev\Dev2.Activities.Designers\Dev2.Activities.Designers.csproj]
C:\Program Files\dotnet\sdk\10.0.201\Microsoft.Common.CurrentVersion.targets(2451,5): warning MSB3277:             C:\Users\ultra\.nuget\packages\groupcontrols\1.9.0\lib\net45\GroupControls.dll [C:\Users\ultra\warewolf\Dev\Dev2.Activities.Designers\Dev2.Activities.Designers.csproj]
C:\Program Files\dotnet\sdk\10.0.201\Microsoft.Common.CurrentVersion.targets(2451,5): warning MSB3277:             C:\Users\ultra\.nuget\packages\microsoft.xaml.behaviors.wpf\1.1.122\lib\net462\Microsoft.Xaml.Behaviors.dll [C:\Users\ultra\warewolf\Dev\Dev2.Activities.Designers\Dev2.Activities.Designers.csproj]
C:\Program Files\dotnet\sdk\10.0.201\Microsoft.Common.CurrentVersion.targets(2451,5): warning MSB3277:             C:\Users\ultra\.nuget\packages\caliburn.micro\4.0.212\lib\netcoreapp3.1\Caliburn.Micro.Platform.dll [C:\Users\ultra\warewolf\Dev\Dev2.Activities.Designers\Dev2.Activities.Designers.csproj]
C:\Program Files\dotnet\sdk\10.0.201\Microsoft.Common.CurrentVersion.targets(2451,5): warning MSB3277:             C:\Users\ultra\.nuget\packages\prism.wpf\9.0.537\lib\net462\Prism.Wpf.dll [C:\Users\ultra\warewolf\Dev\Dev2.Activities.Designers\Dev2.Activities.Designers.csproj]
C:\Program Files\dotnet\sdk\10.0.201\Microsoft.Common.CurrentVersion.targets(2451,5): warning MSB3277:             C:\Users\ultra\.nuget\packages\reactiveui.wpf\18.4.1\lib\net462\ReactiveUI.Wpf.dll [C:\Users\ultra\warewolf\Dev\Dev2.Activities.Designers\Dev2.Activities.Designers.csproj]
C:\Program Files\dotnet\sdk\10.0.201\Microsoft.Common.CurrentVersion.targets(2451,5): warning MSB3277:             C:\Users\ultra\.nuget\packages\taskschedulereditor\2.10.1\lib\net452\Microsoft.Win32.TaskSchedulerEditor.dll [C:\Users\ultra\warewolf\Dev\Dev2.Activities.Designers\Dev2.Activities.Designers.csproj]
C:\Program Files\dotnet\sdk\10.0.201\Microsoft.Common.CurrentVersion.targets(2451,5): warning MSB3277:             C:\Users\ultra\.nuget\packages\ttcue.netcore.sharepointonline.csom.16.1.8029.1200\16.1.8029.1200\lib\netcoreapp2.0\Microsoft.SharePoint.Client.Runtime.Windows.dll [C:\Users\ultra\warewolf\Dev\Dev2.Activities.Designers\Dev2.Activities.Designers.csproj]
  Consider app.config remapping of assembly "System.Data.SQLite, Culture=neutral, PublicKeyToken=db937bc2d44ff139" from Version "1.0.117.0" [] to Version "1.0.118.0" [C:\Users\ultra\.nuget\packages\stub.system.data.sqlite.core.netstandard\1.0.118\lib\netstandard2.1\System.Data.SQLite.dll] to solve conflict and get rid of warning.
C:\Users\ultra\warewolf\Dev\Dev2.Common.Tests\UtilitiesTests.cs(216,58): warning CA1416: This call site is reachable on all platforms. 'WindowsIdentity.GetAnonymous()' is only supported on: 'windows'. (https://learn.microsoft.com/dotnet/fundamentals/code-analysis/quality-rules/ca1416) [C:\Users\ultra\warewolf\Dev\Dev2.Common.Tests\Dev2.Common.Tests.csproj]
C:\Users\ultra\warewolf\Dev\Dev2.Common.Tests\UtilitiesTests.cs(281,58): warning CA1416: This call site is reachable on all platforms. 'WindowsIdentity.GetCurrent()' is only supported on: 'windows'. (https://learn.microsoft.com/dotnet/fundamentals/code-analysis/quality-rules/ca1416) [C:\Users\ultra\warewolf\Dev\Dev2.Common.Tests\Dev2.Common.Tests.csproj]
C:\Users\ultra\warewolf\Dev\Dev2.Common.Tests\UtilitiesTests.cs(249,68): warning CA1416: This call site is reachable on all platforms. 'WindowsIdentity.GetCurrent()' is only supported on: 'windows'. (https://learn.microsoft.com/dotnet/fundamentals/code-analysis/quality-rules/ca1416) [C:\Users\ultra\warewolf\Dev\Dev2.Common.Tests\Dev2.Common.Tests.csproj]
C:\Users\ultra\warewolf\Dev\Dev2.Common.Tests\UtilitiesTests.cs(218,68): warning CA1416: This call site is reachable on all platforms. 'WindowsIdentity.GetAnonymous()' is only supported on: 'windows'. (https://learn.microsoft.com/dotnet/fundamentals/code-analysis/quality-rules/ca1416) [C:\Users\ultra\warewolf\Dev\Dev2.Common.Tests\Dev2.Common.Tests.csproj]
C:\Users\ultra\warewolf\Dev\Dev2.Common.Tests\UtilitiesTests.cs(283,68): warning CA1416: This call site is reachable on all platforms. 'WindowsIdentity.GetCurrent()' is only supported on: 'windows'. (https://learn.microsoft.com/dotnet/fundamentals/code-analysis/quality-rules/ca1416) [C:\Users\ultra\warewolf\Dev\Dev2.Common.Tests\Dev2.Common.Tests.csproj]
C:\Users\ultra\warewolf\Dev\Dev2.Common.Tests\UtilitiesTests.cs(247,58): warning CA1416: This call site is reachable on all platforms. 'WindowsIdentity.GetCurrent()' is only supported on: 'windows'. (https://learn.microsoft.com/dotnet/fundamentals/code-analysis/quality-rules/ca1416) [C:\Users\ultra\warewolf\Dev\Dev2.Common.Tests\Dev2.Common.Tests.csproj]
  
  INFO: No tasks running with the specified criteria.
  Dev2.Common.Tests -> C:\Users\ultra\warewolf\Dev\Dev2.Common.Tests\bin\Debug\net8.0\Dev2.Common.Tests.dll
  
  INFO: No tasks running with the specified criteria.
  Dev2.Activities.Designers -> C:\Users\ultra\warewolf\Dev\Dev2.Activities.Designers\bin\Debug\net8.0\Dev2.Activities.Designers.dll
C:\Program Files\dotnet\sdk\10.0.201\Microsoft.Common.CurrentVersion.targets(2451,5): warning MSB3245: Could not resolve this reference. Could not locate the assembly "System.Activities.Core.Presentation". Check to make sure the assembly exists on disk. If this reference is required by your code, you may get compilation errors. [C:\Users\ultra\warewolf\Dev\Warewolf.Studio.AntiCorruptionLayer\Warewolf.Studio.AntiCorruptionLayer.csproj]
C:\Program Files\dotnet\sdk\10.0.201\Microsoft.Common.CurrentVersion.targets(2451,5): warning MSB3277: Found conflicts between different versions of "WindowsBase" that could not be resolved. [C:\Users\ultra\warewolf\Dev\Warewolf.Studio.AntiCorruptionLayer\Warewolf.Studio.AntiCorruptionLayer.csproj]
C:\Program Files\dotnet\sdk\10.0.201\Microsoft.Common.CurrentVersion.targets(2451,5): warning MSB3277: There was a conflict between "WindowsBase, Version=4.0.0.0, Culture=neutral, PublicKeyToken=31bf3856ad364e35" and "WindowsBase, Version=6.0.2.0, Culture=neutral, PublicKeyToken=31bf3856ad364e35". [C:\Users\ultra\warewolf\Dev\Warewolf.Studio.AntiCorruptionLayer\Warewolf.Studio.AntiCorruptionLayer.csproj]
C:\Program Files\dotnet\sdk\10.0.201\Microsoft.Common.CurrentVersion.targets(2451,5): warning MSB3277:     "WindowsBase, Version=4.0.0.0, Culture=neutral, PublicKeyToken=31bf3856ad364e35" was chosen because it was primary and "WindowsBase, Version=6.0.2.0, Culture=neutral, PublicKeyToken=31bf3856ad364e35" was not. [C:\Users\ultra\warewolf\Dev\Warewolf.Studio.AntiCorruptionLayer\Warewolf.Studio.AntiCorruptionLayer.csproj]
C:\Program Files\dotnet\sdk\10.0.201\Microsoft.Common.CurrentVersion.targets(2451,5): warning MSB3277:     References which depend on "WindowsBase, Version=4.0.0.0, Culture=neutral, PublicKeyToken=31bf3856ad364e35" [C:\Program Files\dotnet\packs\Microsoft.NETCore.App.Ref\8.0.25\ref\net8.0\WindowsBase.dll]. [C:\Users\ultra\warewolf\Dev\Warewolf.Studio.AntiCorruptionLayer\Warewolf.Studio.AntiCorruptionLayer.csproj]
C:\Program Files\dotnet\sdk\10.0.201\Microsoft.Common.CurrentVersion.targets(2451,5): warning MSB3277:         C:\Program Files\dotnet\packs\Microsoft.NETCore.App.Ref\8.0.25\ref\net8.0\WindowsBase.dll [C:\Users\ultra\warewolf\Dev\Warewolf.Studio.AntiCorruptionLayer\Warewolf.Studio.AntiCorruptionLayer.csproj]
C:\Program Files\dotnet\sdk\10.0.201\Microsoft.Common.CurrentVersion.targets(2451,5): warning MSB3277:           Project file item includes which caused reference "C:\Program Files\dotnet\packs\Microsoft.NETCore.App.Ref\8.0.25\ref\net8.0\WindowsBase.dll". [C:\Users\ultra\warewolf\Dev\Warewolf.Studio.AntiCorruptionLayer\Warewolf.Studio.AntiCorruptionLayer.csproj]
C:\Program Files\dotnet\sdk\10.0.201\Microsoft.Common.CurrentVersion.targets(2451,5): warning MSB3277:             C:\Program Files\dotnet\packs\Microsoft.NETCore.App.Ref\8.0.25\ref/net8.0/WindowsBase.dll [C:\Users\ultra\warewolf\Dev\Warewolf.Studio.AntiCorruptionLayer\Warewolf.Studio.AntiCorruptionLayer.csproj]
C:\Program Files\dotnet\sdk\10.0.201\Microsoft.Common.CurrentVersion.targets(2451,5): warning MSB3277:     References which depend on or have been unified to "WindowsBase, Version=6.0.2.0, Culture=neutral, PublicKeyToken=31bf3856ad364e35" []. [C:\Users\ultra\warewolf\Dev\Warewolf.Studio.AntiCorruptionLayer\Warewolf.Studio.AntiCorruptionLayer.csproj]
C:\Program Files\dotnet\sdk\10.0.201\Microsoft.Common.CurrentVersion.targets(2451,5): warning MSB3277:         C:\Users\ultra\.nuget\packages\caliburn.micro\4.0.212\lib\netcoreapp3.1\Caliburn.Micro.Platform.dll [C:\Users\ultra\warewolf\Dev\Warewolf.Studio.AntiCorruptionLayer\Warewolf.Studio.AntiCorruptionLayer.csproj]
C:\Program Files\dotnet\sdk\10.0.201\Microsoft.Common.CurrentVersion.targets(2451,5): warning MSB3277:           Project file item includes which caused reference "C:\Users\ultra\.nuget\packages\caliburn.micro\4.0.212\lib\netcoreapp3.1\Caliburn.Micro.Platform.dll". [C:\Users\ultra\warewolf\Dev\Warewolf.Studio.AntiCorruptionLayer\Warewolf.Studio.AntiCorruptionLayer.csproj]
C:\Program Files\dotnet\sdk\10.0.201\Microsoft.Common.CurrentVersion.targets(2451,5): warning MSB3277:             C:\Users\ultra\.nuget\packages\caliburn.micro\4.0.212\lib\netcoreapp3.1\Caliburn.Micro.Platform.dll [C:\Users\ultra\warewolf\Dev\Warewolf.Studio.AntiCorruptionLayer\Warewolf.Studio.AntiCorruptionLayer.csproj]
C:\Program Files\dotnet\sdk\10.0.201\Microsoft.Common.CurrentVersion.targets(2451,5): warning MSB3277:         C:\Users\ultra\.nuget\packages\extended.wpf.toolkit\4.4.0\lib\net5.0\Xceed.Wpf.AvalonDock.NET5.dll [C:\Users\ultra\warewolf\Dev\Warewolf.Studio.AntiCorruptionLayer\Warewolf.Studio.AntiCorruptionLayer.csproj]
C:\Program Files\dotnet\sdk\10.0.201\Microsoft.Common.CurrentVersion.targets(2451,5): warning MSB3277:           Project file item includes which caused reference "C:\Users\ultra\.nuget\packages\extended.wpf.toolkit\4.4.0\lib\net5.0\Xceed.Wpf.AvalonDock.NET5.dll". [C:\Users\ultra\warewolf\Dev\Warewolf.Studio.AntiCorruptionLayer\Warewolf.Studio.AntiCorruptionLayer.csproj]
C:\Program Files\dotnet\sdk\10.0.201\Microsoft.Common.CurrentVersion.targets(2451,5): warning MSB3277:             C:\Users\ultra\.nuget\packages\extended.wpf.toolkit\4.4.0\lib\net5.0\Xceed.Wpf.AvalonDock.NET5.dll [C:\Users\ultra\warewolf\Dev\Warewolf.Studio.AntiCorruptionLayer\Warewolf.Studio.AntiCorruptionLayer.csproj]
C:\Program Files\dotnet\sdk\10.0.201\Microsoft.Common.CurrentVersion.targets(2451,5): warning MSB3277:             C:\Users\ultra\.nuget\packages\extended.wpf.toolkit\4.4.0\lib\net5.0\Xceed.Wpf.AvalonDock.Themes.Aero.NET5.dll [C:\Users\ultra\warewolf\Dev\Warewolf.Studio.AntiCorruptionLayer\Warewolf.Studio.AntiCorruptionLayer.csproj]
C:\Program Files\dotnet\sdk\10.0.201\Microsoft.Common.CurrentVersion.targets(2451,5): warning MSB3277:             C:\Users\ultra\.nuget\packages\extended.wpf.toolkit\4.4.0\lib\net5.0\Xceed.Wpf.AvalonDock.Themes.Metro.NET5.dll [C:\Users\ultra\warewolf\Dev\Warewolf.Studio.AntiCorruptionLayer\Warewolf.Studio.AntiCorruptionLayer.csproj]
C:\Program Files\dotnet\sdk\10.0.201\Microsoft.Common.CurrentVersion.targets(2451,5): warning MSB3277:             C:\Users\ultra\.nuget\packages\extended.wpf.toolkit\4.4.0\lib\net5.0\Xceed.Wpf.AvalonDock.Themes.VS2010.NET5.dll [C:\Users\ultra\warewolf\Dev\Warewolf.Studio.AntiCorruptionLayer\Warewolf.Studio.AntiCorruptionLayer.csproj]
C:\Program Files\dotnet\sdk\10.0.201\Microsoft.Common.CurrentVersion.targets(2451,5): warning MSB3277:         C:\Users\ultra\.nuget\packages\extended.wpf.toolkit\4.4.0\lib\net5.0\Xceed.Wpf.AvalonDock.Themes.Aero.NET5.dll [C:\Users\ultra\warewolf\Dev\Warewolf.Studio.AntiCorruptionLayer\Warewolf.Studio.AntiCorruptionLayer.csproj]
C:\Program Files\dotnet\sdk\10.0.201\Microsoft.Common.CurrentVersion.targets(2451,5): warning MSB3277:           Project file item includes which caused reference "C:\Users\ultra\.nuget\packages\extended.wpf.toolkit\4.4.0\lib\net5.0\Xceed.Wpf.AvalonDock.Themes.Aero.NET5.dll". [C:\Users\ultra\warewolf\Dev\Warewolf.Studio.AntiCorruptionLayer\Warewolf.Studio.AntiCorruptionLayer.csproj]
C:\Program Files\dotnet\sdk\10.0.201\Microsoft.Common.CurrentVersion.targets(2451,5): warning MSB3277:             C:\Users\ultra\.nuget\packages\extended.wpf.toolkit\4.4.0\lib\net5.0\Xceed.Wpf.AvalonDock.Themes.Aero.NET5.dll [C:\Users\ultra\warewolf\Dev\Warewolf.Studio.AntiCorruptionLayer\Warewolf.Studio.AntiCorruptionLayer.csproj]
C:\Program Files\dotnet\sdk\10.0.201\Microsoft.Common.CurrentVersion.targets(2451,5): warning MSB3277:         C:\Users\ultra\.nuget\packages\extended.wpf.toolkit\4.4.0\lib\net5.0\Xceed.Wpf.Toolkit.NET5.dll [C:\Users\ultra\warewolf\Dev\Warewolf.Studio.AntiCorruptionLayer\Warewolf.Studio.AntiCorruptionLayer.csproj]
C:\Program Files\dotnet\sdk\10.0.201\Microsoft.Common.CurrentVersion.targets(2451,5): warning MSB3277:           Project file item includes which caused reference "C:\Users\ultra\.nuget\packages\extended.wpf.toolkit\4.4.0\lib\net5.0\Xceed.Wpf.Toolkit.NET5.dll". [C:\Users\ultra\warewolf\Dev\Warewolf.Studio.AntiCorruptionLayer\Warewolf.Studio.AntiCorruptionLayer.csproj]
C:\Program Files\dotnet\sdk\10.0.201\Microsoft.Common.CurrentVersion.targets(2451,5): warning MSB3277:             C:\Users\ultra\.nuget\packages\extended.wpf.toolkit\4.4.0\lib\net5.0\Xceed.Wpf.Toolkit.NET5.dll [C:\Users\ultra\warewolf\Dev\Warewolf.Studio.AntiCorruptionLayer\Warewolf.Studio.AntiCorruptionLayer.csproj]
C:\Program Files\dotnet\sdk\10.0.201\Microsoft.Common.CurrentVersion.targets(2451,5): warning MSB3277:         C:\Users\ultra\.nuget\packages\ironpython\3.4.0\lib\net6.0\IronPython.Wpf.dll [C:\Users\ultra\warewolf\Dev\Warewolf.Studio.AntiCorruptionLayer\Warewolf.Studio.AntiCorruptionLayer.csproj]
C:\Program Files\dotnet\sdk\10.0.201\Microsoft.Common.CurrentVersion.targets(2451,5): warning MSB3277:           Project file item includes which caused reference "C:\Users\ultra\.nuget\packages\ironpython\3.4.0\lib\net6.0\IronPython.Wpf.dll". [C:\Users\ultra\warewolf\Dev\Warewolf.Studio.AntiCorruptionLayer\Warewolf.Studio.AntiCorruptionLayer.csproj]
C:\Program Files\dotnet\sdk\10.0.201\Microsoft.Common.CurrentVersion.targets(2451,5): warning MSB3277:             C:\Users\ultra\.nuget\packages\ironpython\3.4.0\lib\net6.0\IronPython.Wpf.dll [C:\Users\ultra\warewolf\Dev\Warewolf.Studio.AntiCorruptionLayer\Warewolf.Studio.AntiCorruptionLayer.csproj]
C:\Program Files\dotnet\sdk\10.0.201\Microsoft.Common.CurrentVersion.targets(2451,5): warning MSB3277:         C:\Users\ultra\.nuget\packages\microsoft.xaml.behaviors.wpf\1.1.122\lib\net462\Microsoft.Xaml.Behaviors.dll [C:\Users\ultra\warewolf\Dev\Warewolf.Studio.AntiCorruptionLayer\Warewolf.Studio.AntiCorruptionLayer.csproj]
C:\Program Files\dotnet\sdk\10.0.201\Microsoft.Common.CurrentVersion.targets(2451,5): warning MSB3277:           Project file item includes which caused reference "C:\Users\ultra\.nuget\packages\microsoft.xaml.behaviors.wpf\1.1.122\lib\net462\Microsoft.Xaml.Behaviors.dll". [C:\Users\ultra\warewolf\Dev\Warewolf.Studio.AntiCorruptionLayer\Warewolf.Studio.AntiCorruptionLayer.csproj]
C:\Program Files\dotnet\sdk\10.0.201\Microsoft.Common.CurrentVersion.targets(2451,5): warning MSB3277:             C:\Users\ultra\.nuget\packages\microsoft.xaml.behaviors.wpf\1.1.122\lib\net462\Microsoft.Xaml.Behaviors.dll [C:\Users\ultra\warewolf\Dev\Warewolf.Studio.AntiCorruptionLayer\Warewolf.Studio.AntiCorruptionLayer.csproj]
C:\Program Files\dotnet\sdk\10.0.201\Microsoft.Common.CurrentVersion.targets(2451,5): warning MSB3277:             C:\Users\ultra\.nuget\packages\caliburn.micro\4.0.212\lib\netcoreapp3.1\Caliburn.Micro.Platform.dll [C:\Users\ultra\warewolf\Dev\Warewolf.Studio.AntiCorruptionLayer\Warewolf.Studio.AntiCorruptionLayer.csproj]
C:\Program Files\dotnet\sdk\10.0.201\Microsoft.Common.CurrentVersion.targets(2451,5): warning MSB3277:             C:\Users\ultra\.nuget\packages\prism.wpf\9.0.537\lib\net462\Prism.Wpf.dll [C:\Users\ultra\warewolf\Dev\Warewolf.Studio.AntiCorruptionLayer\Warewolf.Studio.AntiCorruptionLayer.csproj]
C:\Program Files\dotnet\sdk\10.0.201\Microsoft.Common.CurrentVersion.targets(2451,5): warning MSB3277:         C:\Users\ultra\.nuget\packages\prism.wpf\9.0.537\lib\net462\Prism.Wpf.dll [C:\Users\ultra\warewolf\Dev\Warewolf.Studio.AntiCorruptionLayer\Warewolf.Studio.AntiCorruptionLayer.csproj]
C:\Program Files\dotnet\sdk\10.0.201\Microsoft.Common.CurrentVersion.targets(2451,5): warning MSB3277:           Project file item includes which caused reference "C:\Users\ultra\.nuget\packages\prism.wpf\9.0.537\lib\net462\Prism.Wpf.dll". [C:\Users\ultra\warewolf\Dev\Warewolf.Studio.AntiCorruptionLayer\Warewolf.Studio.AntiCorruptionLayer.csproj]
C:\Program Files\dotnet\sdk\10.0.201\Microsoft.Common.CurrentVersion.targets(2451,5): warning MSB3277:             C:\Users\ultra\.nuget\packages\prism.wpf\9.0.537\lib\net462\Prism.Wpf.dll [C:\Users\ultra\warewolf\Dev\Warewolf.Studio.AntiCorruptionLayer\Warewolf.Studio.AntiCorruptionLayer.csproj]
C:\Program Files\dotnet\sdk\10.0.201\Microsoft.Common.CurrentVersion.targets(2451,5): warning MSB3277:         C:\Users\ultra\.nuget\packages\reactiveui.wpf\18.4.1\lib\net462\ReactiveUI.Wpf.dll [C:\Users\ultra\warewolf\Dev\Warewolf.Studio.AntiCorruptionLayer\Warewolf.Studio.AntiCorruptionLayer.csproj]
C:\Program Files\dotnet\sdk\10.0.201\Microsoft.Common.CurrentVersion.targets(2451,5): warning MSB3277:           Project file item includes which caused reference "C:\Users\ultra\.nuget\packages\reactiveui.wpf\18.4.1\lib\net462\ReactiveUI.Wpf.dll". [C:\Users\ultra\warewolf\Dev\Warewolf.Studio.AntiCorruptionLayer\Warewolf.Studio.AntiCorruptionLayer.csproj]
C:\Program Files\dotnet\sdk\10.0.201\Microsoft.Common.CurrentVersion.targets(2451,5): warning MSB3277:             C:\Users\ultra\.nuget\packages\reactiveui.wpf\18.4.1\lib\net462\ReactiveUI.Wpf.dll [C:\Users\ultra\warewolf\Dev\Warewolf.Studio.AntiCorruptionLayer\Warewolf.Studio.AntiCorruptionLayer.csproj]
  Consider app.config remapping of assembly "System.Data.SQLite, Culture=neutral, PublicKeyToken=db937bc2d44ff139" from Version "1.0.117.0" [] to Version "1.0.118.0" [C:\Users\ultra\.nuget\packages\stub.system.data.sqlite.core.netstandard\1.0.118\lib\netstandard2.1\System.Data.SQLite.dll] to solve conflict and get rid of warning.
C:\Program Files\dotnet\sdk\10.0.201\Microsoft.Common.CurrentVersion.targets(2451,5): warning MSB3277: Found conflicts between different versions of "WindowsBase" that could not be resolved. [C:\Users\ultra\warewolf\Dev\Dev2.Diagnostics.Tests\Dev2.Diagnostics.Tests.csproj]
C:\Program Files\dotnet\sdk\10.0.201\Microsoft.Common.CurrentVersion.targets(2451,5): warning MSB3277: There was a conflict between "WindowsBase, Version=4.0.0.0, Culture=neutral, PublicKeyToken=31bf3856ad364e35" and "WindowsBase, Version=6.0.2.0, Culture=neutral, PublicKeyToken=31bf3856ad364e35". [C:\Users\ultra\warewolf\Dev\Dev2.Diagnostics.Tests\Dev2.Diagnostics.Tests.csproj]
C:\Program Files\dotnet\sdk\10.0.201\Microsoft.Common.CurrentVersion.targets(2451,5): warning MSB3277:     "WindowsBase, Version=4.0.0.0, Culture=neutral, PublicKeyToken=31bf3856ad364e35" was chosen because it was primary and "WindowsBase, Version=6.0.2.0, Culture=neutral, PublicKeyToken=31bf3856ad364e35" was not. [C:\Users\ultra\warewolf\Dev\Dev2.Diagnostics.Tests\Dev2.Diagnostics.Tests.csproj]
C:\Program Files\dotnet\sdk\10.0.201\Microsoft.Common.CurrentVersion.targets(2451,5): warning MSB3277:     References which depend on "WindowsBase, Version=4.0.0.0, Culture=neutral, PublicKeyToken=31bf3856ad364e35" [C:\Program Files\dotnet\packs\Microsoft.NETCore.App.Ref\8.0.25\ref\net8.0\WindowsBase.dll]. [C:\Users\ultra\warewolf\Dev\Dev2.Diagnostics.Tests\Dev2.Diagnostics.Tests.csproj]
C:\Program Files\dotnet\sdk\10.0.201\Microsoft.Common.CurrentVersion.targets(2451,5): warning MSB3277:         C:\Program Files\dotnet\packs\Microsoft.NETCore.App.Ref\8.0.25\ref\net8.0\WindowsBase.dll [C:\Users\ultra\warewolf\Dev\Dev2.Diagnostics.Tests\Dev2.Diagnostics.Tests.csproj]
C:\Program Files\dotnet\sdk\10.0.201\Microsoft.Common.CurrentVersion.targets(2451,5): warning MSB3277:           Project file item includes which caused reference "C:\Program Files\dotnet\packs\Microsoft.NETCore.App.Ref\8.0.25\ref\net8.0\WindowsBase.dll". [C:\Users\ultra\warewolf\Dev\Dev2.Diagnostics.Tests\Dev2.Diagnostics.Tests.csproj]
C:\Program Files\dotnet\sdk\10.0.201\Microsoft.Common.CurrentVersion.targets(2451,5): warning MSB3277:             C:\Program Files\dotnet\packs\Microsoft.NETCore.App.Ref\8.0.25\ref/net8.0/WindowsBase.dll [C:\Users\ultra\warewolf\Dev\Dev2.Diagnostics.Tests\Dev2.Diagnostics.Tests.csproj]
C:\Program Files\dotnet\sdk\10.0.201\Microsoft.Common.CurrentVersion.targets(2451,5): warning MSB3277:     References which depend on or have been unified to "WindowsBase, Version=6.0.2.0, Culture=neutral, PublicKeyToken=31bf3856ad364e35" []. [C:\Users\ultra\warewolf\Dev\Dev2.Diagnostics.Tests\Dev2.Diagnostics.Tests.csproj]
C:\Program Files\dotnet\sdk\10.0.201\Microsoft.Common.CurrentVersion.targets(2451,5): warning MSB3277:         C:\Users\ultra\.nuget\packages\caliburn.micro\4.0.212\lib\netcoreapp3.1\Caliburn.Micro.Platform.dll [C:\Users\ultra\warewolf\Dev\Dev2.Diagnostics.Tests\Dev2.Diagnostics.Tests.csproj]
C:\Program Files\dotnet\sdk\10.0.201\Microsoft.Common.CurrentVersion.targets(2451,5): warning MSB3277:           Project file item includes which caused reference "C:\Users\ultra\.nuget\packages\caliburn.micro\4.0.212\lib\netcoreapp3.1\Caliburn.Micro.Platform.dll". [C:\Users\ultra\warewolf\Dev\Dev2.Diagnostics.Tests\Dev2.Diagnostics.Tests.csproj]
C:\Program Files\dotnet\sdk\10.0.201\Microsoft.Common.CurrentVersion.targets(2451,5): warning MSB3277:             C:\Users\ultra\.nuget\packages\caliburn.micro\4.0.212\lib\netcoreapp3.1\Caliburn.Micro.Platform.dll [C:\Users\ultra\warewolf\Dev\Dev2.Diagnostics.Tests\Dev2.Diagnostics.Tests.csproj]
C:\Program Files\dotnet\sdk\10.0.201\Microsoft.Common.CurrentVersion.targets(2451,5): warning MSB3277:         C:\Users\ultra\.nuget\packages\ironpython\3.4.0\lib\net6.0\IronPython.Wpf.dll [C:\Users\ultra\warewolf\Dev\Dev2.Diagnostics.Tests\Dev2.Diagnostics.Tests.csproj]
C:\Program Files\dotnet\sdk\10.0.201\Microsoft.Common.CurrentVersion.targets(2451,5): warning MSB3277:           Project file item includes which caused reference "C:\Users\ultra\.nuget\packages\ironpython\3.4.0\lib\net6.0\IronPython.Wpf.dll". [C:\Users\ultra\warewolf\Dev\Dev2.Diagnostics.Tests\Dev2.Diagnostics.Tests.csproj]
C:\Program Files\dotnet\sdk\10.0.201\Microsoft.Common.CurrentVersion.targets(2451,5): warning MSB3277:             C:\Users\ultra\.nuget\packages\ironpython\3.4.0\lib\net6.0\IronPython.Wpf.dll [C:\Users\ultra\warewolf\Dev\Dev2.Diagnostics.Tests\Dev2.Diagnostics.Tests.csproj]
C:\Program Files\dotnet\sdk\10.0.201\Microsoft.Common.CurrentVersion.targets(2451,5): warning MSB3277:         C:\Users\ultra\.nuget\packages\microsoft.xaml.behaviors.wpf\1.1.122\lib\net462\Microsoft.Xaml.Behaviors.dll [C:\Users\ultra\warewolf\Dev\Dev2.Diagnostics.Tests\Dev2.Diagnostics.Tests.csproj]
C:\Program Files\dotnet\sdk\10.0.201\Microsoft.Common.CurrentVersion.targets(2451,5): warning MSB3277:           Project file item includes which caused reference "C:\Users\ultra\.nuget\packages\microsoft.xaml.behaviors.wpf\1.1.122\lib\net462\Microsoft.Xaml.Behaviors.dll". [C:\Users\ultra\warewolf\Dev\Dev2.Diagnostics.Tests\Dev2.Diagnostics.Tests.csproj]
C:\Program Files\dotnet\sdk\10.0.201\Microsoft.Common.CurrentVersion.targets(2451,5): warning MSB3277:             C:\Users\ultra\.nuget\packages\microsoft.xaml.behaviors.wpf\1.1.122\lib\net462\Microsoft.Xaml.Behaviors.dll [C:\Users\ultra\warewolf\Dev\Dev2.Diagnostics.Tests\Dev2.Diagnostics.Tests.csproj]
C:\Program Files\dotnet\sdk\10.0.201\Microsoft.Common.CurrentVersion.targets(2451,5): warning MSB3277:             C:\Users\ultra\.nuget\packages\caliburn.micro\4.0.212\lib\netcoreapp3.1\Caliburn.Micro.Platform.dll [C:\Users\ultra\warewolf\Dev\Dev2.Diagnostics.Tests\Dev2.Diagnostics.Tests.csproj]
C:\Program Files\dotnet\sdk\10.0.201\Microsoft.Common.CurrentVersion.targets(2451,5): warning MSB3277:             C:\Users\ultra\.nuget\packages\prism.wpf\9.0.537\lib\net462\Prism.Wpf.dll [C:\Users\ultra\warewolf\Dev\Dev2.Diagnostics.Tests\Dev2.Diagnostics.Tests.csproj]
C:\Program Files\dotnet\sdk\10.0.201\Microsoft.Common.CurrentVersion.targets(2451,5): warning MSB3277:         C:\Users\ultra\.nuget\packages\prism.wpf\9.0.537\lib\net462\Prism.Wpf.dll [C:\Users\ultra\warewolf\Dev\Dev2.Diagnostics.Tests\Dev2.Diagnostics.Tests.csproj]
C:\Program Files\dotnet\sdk\10.0.201\Microsoft.Common.CurrentVersion.targets(2451,5): warning MSB3277:           Project file item includes which caused reference "C:\Users\ultra\.nuget\packages\prism.wpf\9.0.537\lib\net462\Prism.Wpf.dll". [C:\Users\ultra\warewolf\Dev\Dev2.Diagnostics.Tests\Dev2.Diagnostics.Tests.csproj]
C:\Program Files\dotnet\sdk\10.0.201\Microsoft.Common.CurrentVersion.targets(2451,5): warning MSB3277:             C:\Users\ultra\.nuget\packages\prism.wpf\9.0.537\lib\net462\Prism.Wpf.dll [C:\Users\ultra\warewolf\Dev\Dev2.Diagnostics.Tests\Dev2.Diagnostics.Tests.csproj]
C:\Program Files\dotnet\sdk\10.0.201\Microsoft.Common.CurrentVersion.targets(2451,5): warning MSB3277:         C:\Users\ultra\.nuget\packages\reactiveui.wpf\18.4.1\lib\net462\ReactiveUI.Wpf.dll [C:\Users\ultra\warewolf\Dev\Dev2.Diagnostics.Tests\Dev2.Diagnostics.Tests.csproj]
C:\Program Files\dotnet\sdk\10.0.201\Microsoft.Common.CurrentVersion.targets(2451,5): warning MSB3277:           Project file item includes which caused reference "C:\Users\ultra\.nuget\packages\reactiveui.wpf\18.4.1\lib\net462\ReactiveUI.Wpf.dll". [C:\Users\ultra\warewolf\Dev\Dev2.Diagnostics.Tests\Dev2.Diagnostics.Tests.csproj]
C:\Program Files\dotnet\sdk\10.0.201\Microsoft.Common.CurrentVersion.targets(2451,5): warning MSB3277:             C:\Users\ultra\.nuget\packages\reactiveui.wpf\18.4.1\lib\net462\ReactiveUI.Wpf.dll [C:\Users\ultra\warewolf\Dev\Dev2.Diagnostics.Tests\Dev2.Diagnostics.Tests.csproj]
C:\Program Files\dotnet\sdk\10.0.201\Microsoft.Common.CurrentVersion.targets(2451,5): warning MSB3277: Found conflicts between different versions of "System.Drawing.Common" that could not be resolved. [C:\Users\ultra\warewolf\Dev\Dev2.Diagnostics.Tests\Dev2.Diagnostics.Tests.csproj]
C:\Program Files\dotnet\sdk\10.0.201\Microsoft.Common.CurrentVersion.targets(2451,5): warning MSB3277: There was a conflict between "System.Drawing.Common, Version=6.0.0.0, Culture=neutral, PublicKeyToken=cc7b13ffcd2ddd51" and "System.Drawing.Common, Version=8.0.0.0, Culture=neutral, PublicKeyToken=cc7b13ffcd2ddd51". [C:\Users\ultra\warewolf\Dev\Dev2.Diagnostics.Tests\Dev2.Diagnostics.Tests.csproj]
C:\Program Files\dotnet\sdk\10.0.201\Microsoft.Common.CurrentVersion.targets(2451,5): warning MSB3277:     "System.Drawing.Common, Version=6.0.0.0, Culture=neutral, PublicKeyToken=cc7b13ffcd2ddd51" was chosen because it was primary and "System.Drawing.Common, Version=8.0.0.0, Culture=neutral, PublicKeyToken=cc7b13ffcd2ddd51" was not. [C:\Users\ultra\warewolf\Dev\Dev2.Diagnostics.Tests\Dev2.Diagnostics.Tests.csproj]
C:\Program Files\dotnet\sdk\10.0.201\Microsoft.Common.CurrentVersion.targets(2451,5): warning MSB3277:     References which depend on "System.Drawing.Common, Version=6.0.0.0, Culture=neutral, PublicKeyToken=cc7b13ffcd2ddd51" [C:\Users\ultra\.nuget\packages\system.drawing.common\6.0.0\lib\net6.0\System.Drawing.Common.dll]. [C:\Users\ultra\warewolf\Dev\Dev2.Diagnostics.Tests\Dev2.Diagnostics.Tests.csproj]
C:\Program Files\dotnet\sdk\10.0.201\Microsoft.Common.CurrentVersion.targets(2451,5): warning MSB3277:         C:\Users\ultra\.nuget\packages\system.drawing.common\6.0.0\lib\net6.0\System.Drawing.Common.dll [C:\Users\ultra\warewolf\Dev\Dev2.Diagnostics.Tests\Dev2.Diagnostics.Tests.csproj]
C:\Program Files\dotnet\sdk\10.0.201\Microsoft.Common.CurrentVersion.targets(2451,5): warning MSB3277:           Project file item includes which caused reference "C:\Users\ultra\.nuget\packages\system.drawing.common\6.0.0\lib\net6.0\System.Drawing.Common.dll". [C:\Users\ultra\warewolf\Dev\Dev2.Diagnostics.Tests\Dev2.Diagnostics.Tests.csproj]
C:\Program Files\dotnet\sdk\10.0.201\Microsoft.Common.CurrentVersion.targets(2451,5): warning MSB3277:             C:\Users\ultra\.nuget\packages\system.drawing.common\6.0.0\lib\net6.0\System.Drawing.Common.dll [C:\Users\ultra\warewolf\Dev\Dev2.Diagnostics.Tests\Dev2.Diagnostics.Tests.csproj]
C:\Program Files\dotnet\sdk\10.0.201\Microsoft.Common.CurrentVersion.targets(2451,5): warning MSB3277:     References which depend on or have been unified to "System.Drawing.Common, Version=8.0.0.0, Culture=neutral, PublicKeyToken=cc7b13ffcd2ddd51" []. [C:\Users\ultra\warewolf\Dev\Dev2.Diagnostics.Tests\Dev2.Diagnostics.Tests.csproj]
C:\Program Files\dotnet\sdk\10.0.201\Microsoft.Common.CurrentVersion.targets(2451,5): warning MSB3277:         C:\Users\ultra\.nuget\packages\servicestack\6.3.0\lib\net6.0\ServiceStack.dll [C:\Users\ultra\warewolf\Dev\Dev2.Diagnostics.Tests\Dev2.Diagnostics.Tests.csproj]
C:\Program Files\dotnet\sdk\10.0.201\Microsoft.Common.CurrentVersion.targets(2451,5): warning MSB3277:           Project file item includes which caused reference "C:\Users\ultra\.nuget\packages\servicestack\6.3.0\lib\net6.0\ServiceStack.dll". [C:\Users\ultra\warewolf\Dev\Dev2.Diagnostics.Tests\Dev2.Diagnostics.Tests.csproj]
C:\Program Files\dotnet\sdk\10.0.201\Microsoft.Common.CurrentVersion.targets(2451,5): warning MSB3277:             C:\Users\ultra\.nuget\packages\servicestack\6.3.0\lib\net6.0\ServiceStack.dll [C:\Users\ultra\warewolf\Dev\Dev2.Diagnostics.Tests\Dev2.Diagnostics.Tests.csproj]
C:\Program Files\dotnet\sdk\10.0.201\Microsoft.Common.CurrentVersion.targets(2451,5): warning MSB3277:         C:\Users\ultra\.nuget\packages\system.windows.extensions\8.0.0\lib\net8.0\System.Windows.Extensions.dll [C:\Users\ultra\warewolf\Dev\Dev2.Diagnostics.Tests\Dev2.Diagnostics.Tests.csproj]
C:\Program Files\dotnet\sdk\10.0.201\Microsoft.Common.CurrentVersion.targets(2451,5): warning MSB3277:           Project file item includes which caused reference "C:\Users\ultra\.nuget\packages\system.windows.extensions\8.0.0\lib\net8.0\System.Windows.Extensions.dll". [C:\Users\ultra\warewolf\Dev\Dev2.Diagnostics.Tests\Dev2.Diagnostics.Tests.csproj]
C:\Program Files\dotnet\sdk\10.0.201\Microsoft.Common.CurrentVersion.targets(2451,5): warning MSB3277:             C:\Users\ultra\.nuget\packages\system.windows.extensions\8.0.0\lib\net8.0\System.Windows.Extensions.dll [C:\Users\ultra\warewolf\Dev\Dev2.Diagnostics.Tests\Dev2.Diagnostics.Tests.csproj]
C:\Program Files\dotnet\sdk\10.0.201\Microsoft.Common.CurrentVersion.targets(2451,5): warning MSB3277:             C:\Users\ultra\.nuget\packages\system.security.permissions\8.0.0\lib\net8.0\System.Security.Permissions.dll [C:\Users\ultra\warewolf\Dev\Dev2.Diagnostics.Tests\Dev2.Diagnostics.Tests.csproj]
C:\Program Files\dotnet\sdk\10.0.201\Microsoft.Common.CurrentVersion.targets(2451,5): warning MSB3277:             C:\Users\ultra\warewolf\Dev\Dev2.Data\bin\Debug\net8.0\Dev2.Data.dll [C:\Users\ultra\warewolf\Dev\Dev2.Diagnostics.Tests\Dev2.Diagnostics.Tests.csproj]
C:\Program Files\dotnet\sdk\10.0.201\Microsoft.Common.CurrentVersion.targets(2451,5): warning MSB3277:             C:\Users\ultra\warewolf\Dev\Dev2.Core\bin\Debug\net8.0\Dev2.Core.dll [C:\Users\ultra\warewolf\Dev\Dev2.Diagnostics.Tests\Dev2.Diagnostics.Tests.csproj]
C:\Program Files\dotnet\sdk\10.0.201\Microsoft.Common.CurrentVersion.targets(2451,5): warning MSB3277:             C:\Users\ultra\warewolf\Dev\Dev2.Runtime.Services\bin\Debug\net8.0\Dev2.Runtime.Services.dll [C:\Users\ultra\warewolf\Dev\Dev2.Diagnostics.Tests\Dev2.Diagnostics.Tests.csproj]
C:\Program Files\dotnet\sdk\10.0.201\Microsoft.Common.CurrentVersion.targets(2451,5): warning MSB3277:             C:\Users\ultra\warewolf\Dev\Dev2.Runtime\bin\Debug\net8.0\Dev2.Runtime.dll [C:\Users\ultra\warewolf\Dev\Dev2.Diagnostics.Tests\Dev2.Diagnostics.Tests.csproj]
C:\Program Files\dotnet\sdk\10.0.201\Microsoft.Common.CurrentVersion.targets(2451,5): warning MSB3277:             C:\Users\ultra\warewolf\Dev\Dev2.Server\bin\Debug\net8.0\Warewolf Server.dll [C:\Users\ultra\warewolf\Dev\Dev2.Diagnostics.Tests\Dev2.Diagnostics.Tests.csproj]
C:\Program Files\dotnet\sdk\10.0.201\Microsoft.Common.CurrentVersion.targets(2451,5): warning MSB3277:             C:\Users\ultra\warewolf\Dev\Warewolf.Testing\bin\Debug\net8.0\Warewolf.Testing.dll [C:\Users\ultra\warewolf\Dev\Dev2.Diagnostics.Tests\Dev2.Diagnostics.Tests.csproj]
C:\Program Files\dotnet\sdk\10.0.201\Microsoft.Common.CurrentVersion.targets(2451,5): warning MSB3277:             C:\Users\ultra\warewolf\Dev\Dev2.Activities\bin\Debug\net8.0\Dev2.Activities.dll [C:\Users\ultra\warewolf\Dev\Dev2.Diagnostics.Tests\Dev2.Diagnostics.Tests.csproj]
C:\Program Files\dotnet\sdk\10.0.201\Microsoft.Common.CurrentVersion.targets(2451,5): warning MSB3277:             C:\Users\ultra\warewolf\Dev\Dev2.Intellisense\bin\Debug\net8.0\Dev2.Intellisense.dll [C:\Users\ultra\warewolf\Dev\Dev2.Diagnostics.Tests\Dev2.Diagnostics.Tests.csproj]
C:\Program Files\dotnet\sdk\10.0.201\Microsoft.Common.CurrentVersion.targets(2451,5): warning MSB3277:             C:\Users\ultra\warewolf\Dev\Dev2.Runtime.WebServer\bin\Debug\net8.0\Dev2.Runtime.WebServer.dll [C:\Users\ultra\warewolf\Dev\Dev2.Diagnostics.Tests\Dev2.Diagnostics.Tests.csproj]
C:\Program Files\dotnet\sdk\10.0.201\Microsoft.Common.CurrentVersion.targets(2451,5): warning MSB3277:             C:\Users\ultra\warewolf\Dev\Dev2.Scheduler\bin\Debug\net8.0\Dev2.Scheduler.dll [C:\Users\ultra\warewolf\Dev\Dev2.Diagnostics.Tests\Dev2.Diagnostics.Tests.csproj]
C:\Program Files\dotnet\sdk\10.0.201\Microsoft.Common.CurrentVersion.targets(2451,5): warning MSB3277:             C:\Users\ultra\warewolf\Dev\Dev2.Services.Execution\bin\Debug\net8.0\Dev2.Services.Execution.dll [C:\Users\ultra\warewolf\Dev\Dev2.Diagnostics.Tests\Dev2.Diagnostics.Tests.csproj]
C:\Program Files\dotnet\sdk\10.0.201\Microsoft.Common.CurrentVersion.targets(2451,5): warning MSB3277:             C:\Users\ultra\warewolf\Dev\Dev2.Studio.Core\bin\Debug\net8.0\Dev2.Studio.Core.dll [C:\Users\ultra\warewolf\Dev\Dev2.Diagnostics.Tests\Dev2.Diagnostics.Tests.csproj]
C:\Program Files\dotnet\sdk\10.0.201\Microsoft.Common.CurrentVersion.targets(2451,5): warning MSB3277:             C:\Users\ultra\warewolf\Dev\Dev2.Studio.Interfaces\bin\Debug\net8.0\Dev2.Studio.Interfaces.dll [C:\Users\ultra\warewolf\Dev\Dev2.Diagnostics.Tests\Dev2.Diagnostics.Tests.csproj]
C:\Program Files\dotnet\sdk\10.0.201\Microsoft.Common.CurrentVersion.targets(2451,5): warning MSB3277:             C:\Users\ultra\warewolf\Dev\Warewolf.HangfireServer\bin\Debug\net8.0\HangfireServer.dll [C:\Users\ultra\warewolf\Dev\Dev2.Diagnostics.Tests\Dev2.Diagnostics.Tests.csproj]
C:\Program Files\dotnet\sdk\10.0.201\Microsoft.Common.CurrentVersion.targets(2451,5): warning MSB3277:             C:\Users\ultra\warewolf\Dev\Warewolf.QueueWorker\bin\Debug\net8.0\QueueWorker.dll [C:\Users\ultra\warewolf\Dev\Dev2.Diagnostics.Tests\Dev2.Diagnostics.Tests.csproj]
C:\Program Files\dotnet\sdk\10.0.201\Microsoft.Common.CurrentVersion.targets(2451,5): warning MSB3277:             C:\Users\ultra\warewolf\Dev\Warewolf.Auditing\bin\Debug\net8.0\Warewolf.Auditing.dll [C:\Users\ultra\warewolf\Dev\Dev2.Diagnostics.Tests\Dev2.Diagnostics.Tests.csproj]
C:\Program Files\dotnet\sdk\10.0.201\Microsoft.Common.CurrentVersion.targets(2451,5): warning MSB3277:             C:\Users\ultra\warewolf\Dev\Warewolf.Common.Framework48\bin\Debug\net8.0\Warewolf.Common.Framework48.dll [C:\Users\ultra\warewolf\Dev\Dev2.Diagnostics.Tests\Dev2.Diagnostics.Tests.csproj]
C:\Program Files\dotnet\sdk\10.0.201\Microsoft.Common.CurrentVersion.targets(2451,5): warning MSB3277:             C:\Users\ultra\warewolf\Dev\Warewolf.Common.NetStandard20\bin\Debug\net8.0\Warewolf.Common.NetStandard20.dll [C:\Users\ultra\warewolf\Dev\Dev2.Diagnostics.Tests\Dev2.Diagnostics.Tests.csproj]
C:\Program Files\dotnet\sdk\10.0.201\Microsoft.Common.CurrentVersion.targets(2451,5): warning MSB3277:             C:\Users\ultra\warewolf\Dev\Warewolf.Core\bin\Debug\net8.0\Warewolf.Core.dll [C:\Users\ultra\warewolf\Dev\Dev2.Diagnostics.Tests\Dev2.Diagnostics.Tests.csproj]
C:\Program Files\dotnet\sdk\10.0.201\Microsoft.Common.CurrentVersion.targets(2451,5): warning MSB3277:             C:\Users\ultra\warewolf\Dev\Warewolf.Driver.Persistence\bin\Debug\net8.0\Warewolf.Driver.Persistence.dll [C:\Users\ultra\warewolf\Dev\Dev2.Diagnostics.Tests\Dev2.Diagnostics.Tests.csproj]
C:\Program Files\dotnet\sdk\10.0.201\Microsoft.Common.CurrentVersion.targets(2451,5): warning MSB3277:             C:\Users\ultra\warewolf\Dev\Warewolf.Exchange.Email.Wrapper\bin\Debug\net8.0\Warewolf.Exchange.Email.Wrapper.dll [C:\Users\ultra\warewolf\Dev\Dev2.Diagnostics.Tests\Dev2.Diagnostics.Tests.csproj]
C:\Program Files\dotnet\sdk\10.0.201\Microsoft.Common.CurrentVersion.targets(2451,5): warning MSB3277:             C:\Users\ultra\warewolf\Dev\Warewolf.ResourceManagement\bin\Debug\net8.0\Warewolf.ResourceManagement.dll [C:\Users\ultra\warewolf\Dev\Dev2.Diagnostics.Tests\Dev2.Diagnostics.Tests.csproj]
C:\Program Files\dotnet\sdk\10.0.201\Microsoft.Common.CurrentVersion.targets(2451,5): warning MSB3277:             C:\Users\ultra\warewolf\Dev\Warewolf.Studio.Core\bin\Debug\net8.0\Warewolf.Studio.Core.dll [C:\Users\ultra\warewolf\Dev\Dev2.Diagnostics.Tests\Dev2.Diagnostics.Tests.csproj]
C:\Program Files\dotnet\sdk\10.0.201\Microsoft.Common.CurrentVersion.targets(2451,5): warning MSB3277:             C:\Users\ultra\warewolf\Dev\Warewolf.Trigger.Queue\bin\Debug\net8.0\Warewolf.Trigger.Queue.dll [C:\Users\ultra\warewolf\Dev\Dev2.Diagnostics.Tests\Dev2.Diagnostics.Tests.csproj]
C:\Program Files\dotnet\sdk\10.0.201\Microsoft.Common.CurrentVersion.targets(2451,5): warning MSB3277:             C:\Users\ultra\warewolf\Dev\Warewolf.UI\bin\Debug\net8.0\Warewolf.UI.dll [C:\Users\ultra\warewolf\Dev\Dev2.Diagnostics.Tests\Dev2.Diagnostics.Tests.csproj]
C:\Program Files\dotnet\sdk\10.0.201\Microsoft.Common.CurrentVersion.targets(2451,5): warning MSB3277:             C:\Users\ultra\warewolf\Dev\Warewolf.Logger\bin\Debug\net8.0\WarewolfLogger.dll [C:\Users\ultra\warewolf\Dev\Dev2.Diagnostics.Tests\Dev2.Diagnostics.Tests.csproj]
C:\Program Files\dotnet\sdk\10.0.201\Microsoft.Common.CurrentVersion.targets(2451,5): warning MSB3277:             C:\Users\ultra\.nuget\packages\dotnetzip\1.16.0\lib\netstandard2.0\DotNetZip.dll [C:\Users\ultra\warewolf\Dev\Dev2.Diagnostics.Tests\Dev2.Diagnostics.Tests.csproj]
C:\Program Files\dotnet\sdk\10.0.201\Microsoft.Common.CurrentVersion.targets(2451,5): warning MSB3277:             C:\Users\ultra\warewolf\Dev\Dev2.Common\bin\Debug\net8.0\Dev2.Common.dll [C:\Users\ultra\warewolf\Dev\Dev2.Diagnostics.Tests\Dev2.Diagnostics.Tests.csproj]
C:\Program Files\dotnet\sdk\10.0.201\Microsoft.Common.CurrentVersion.targets(2451,5): warning MSB3277:             C:\Users\ultra\warewolf\Dev\Dev2.Diagnostics\bin\Debug\net8.0\Dev2.Diagnostics.dll [C:\Users\ultra\warewolf\Dev\Dev2.Diagnostics.Tests\Dev2.Diagnostics.Tests.csproj]
C:\Program Files\dotnet\sdk\10.0.201\Microsoft.Common.CurrentVersion.targets(2451,5): warning MSB3277:             C:\Users\ultra\warewolf\Dev\Dev2.Infrastructure\bin\Debug\net8.0\Dev2.Infrastructure.dll [C:\Users\ultra\warewolf\Dev\Dev2.Diagnostics.Tests\Dev2.Diagnostics.Tests.csproj]
C:\Program Files\dotnet\sdk\10.0.201\Microsoft.Common.CurrentVersion.targets(2451,5): warning MSB3277:             C:\Users\ultra\warewolf\Dev\Dev2.Data.Interfaces\bin\Debug\net8.0\Dev2.Data.Interfaces.dll [C:\Users\ultra\warewolf\Dev\Dev2.Diagnostics.Tests\Dev2.Diagnostics.Tests.csproj]
C:\Program Files\dotnet\sdk\10.0.201\Microsoft.Common.CurrentVersion.targets(2451,5): warning MSB3277:             C:\Users\ultra\warewolf\Dev\Dev2.Development.Languages\bin\Debug\net8.0\Dev2.Development.Languages.dll [C:\Users\ultra\warewolf\Dev\Dev2.Diagnostics.Tests\Dev2.Diagnostics.Tests.csproj]
C:\Program Files\dotnet\sdk\10.0.201\Microsoft.Common.CurrentVersion.targets(2451,5): warning MSB3277:             C:\Users\ultra\warewolf\Dev\Dev2.Services.Sql\bin\Debug\net8.0\Dev2.Services.Sql.dll [C:\Users\ultra\warewolf\Dev\Dev2.Diagnostics.Tests\Dev2.Diagnostics.Tests.csproj]
C:\Program Files\dotnet\sdk\10.0.201\Microsoft.Common.CurrentVersion.targets(2451,5): warning MSB3277:             C:\Users\ultra\warewolf\Dev\Dev2.TaskScheduler.Wrappers\bin\Debug\net8.0\Dev2.TaskScheduler.Wrappers.dll [C:\Users\ultra\warewolf\Dev\Dev2.Diagnostics.Tests\Dev2.Diagnostics.Tests.csproj]
C:\Program Files\dotnet\sdk\10.0.201\Microsoft.Common.CurrentVersion.targets(2451,5): warning MSB3277:             C:\Users\ultra\warewolf\Dev\Dev2.Util\bin\Debug\net8.0\Dev2.Util.dll [C:\Users\ultra\warewolf\Dev\Dev2.Diagnostics.Tests\Dev2.Diagnostics.Tests.csproj]
C:\Program Files\dotnet\sdk\10.0.201\Microsoft.Common.CurrentVersion.targets(2451,5): warning MSB3277:             C:\Users\ultra\warewolf\Dev\Warewolf.AI.Harness\bin\Debug\net8.0\Warewolf.AI.Harness.dll [C:\Users\ultra\warewolf\Dev\Dev2.Diagnostics.Tests\Dev2.Diagnostics.Tests.csproj]
C:\Program Files\dotnet\sdk\10.0.201\Microsoft.Common.CurrentVersion.targets(2451,5): warning MSB3277:             C:\Users\ultra\warewolf\Dev\Warewolf.Driver.Serilog\bin\Debug\net8.0\Warewolf.Driver.Serilog.dll [C:\Users\ultra\warewolf\Dev\Dev2.Diagnostics.Tests\Dev2.Diagnostics.Tests.csproj]
C:\Program Files\dotnet\sdk\10.0.201\Microsoft.Common.CurrentVersion.targets(2451,5): warning MSB3277:             C:\Users\ultra\warewolf\Dev\Warewolf.PerfMon\bin\Debug\net8.0\Warewolf.PerfMon.dll [C:\Users\ultra\warewolf\Dev\Dev2.Diagnostics.Tests\Dev2.Diagnostics.Tests.csproj]
C:\Program Files\dotnet\sdk\10.0.201\Microsoft.Common.CurrentVersion.targets(2451,5): warning MSB3277:             C:\Users\ultra\warewolf\Dev\Warewolf.Sharepoint\bin\Debug\net8.0\Warewolf.Sharepoint.dll [C:\Users\ultra\warewolf\Dev\Dev2.Diagnostics.Tests\Dev2.Diagnostics.Tests.csproj]
C:\Program Files\dotnet\sdk\10.0.201\Microsoft.Common.CurrentVersion.targets(2451,5): warning MSB3277:             C:\Users\ultra\warewolf\Dev\Warewolf.Storage\bin\Debug\net8.0\Warewolf.Storage.dll [C:\Users\ultra\warewolf\Dev\Dev2.Diagnostics.Tests\Dev2.Diagnostics.Tests.csproj]
C:\Program Files\dotnet\sdk\10.0.201\Microsoft.Common.CurrentVersion.targets(2451,5): warning MSB3277:             C:\Users\ultra\.nuget\packages\mindbox.data.linq\5.0.0\lib\netstandard2.0\Mindbox.Data.Linq.dll [C:\Users\ultra\warewolf\Dev\Dev2.Diagnostics.Tests\Dev2.Diagnostics.Tests.csproj]
C:\Program Files\dotnet\sdk\10.0.201\Microsoft.Common.CurrentVersion.targets(2451,5): warning MSB3277:             C:\Users\ultra\.nuget\packages\mysql.data\8.4.0\lib\net8.0\MySql.Data.dll [C:\Users\ultra\warewolf\Dev\Dev2.Diagnostics.Tests\Dev2.Diagnostics.Tests.csproj]
C:\Program Files\dotnet\sdk\10.0.201\Microsoft.Common.CurrentVersion.targets(2451,5): warning MSB3277:             C:\Users\ultra\.nuget\packages\oracle.manageddataaccess.core\3.21.70\lib\netstandard2.1\Oracle.ManagedDataAccess.dll [C:\Users\ultra\warewolf\Dev\Dev2.Diagnostics.Tests\Dev2.Diagnostics.Tests.csproj]
C:\Program Files\dotnet\sdk\10.0.201\Microsoft.Common.CurrentVersion.targets(2451,5): warning MSB3277:             C:\Users\ultra\.nuget\packages\system.directoryservices\6.0.0\lib\net6.0\System.DirectoryServices.dll [C:\Users\ultra\warewolf\Dev\Dev2.Diagnostics.Tests\Dev2.Diagnostics.Tests.csproj]
C:\Program Files\dotnet\sdk\10.0.201\Microsoft.Common.CurrentVersion.targets(2451,5): warning MSB3277:             C:\Users\ultra\.nuget\packages\corewcf.primitives\1.2.1\lib\netstandard2.0\CoreWCF.Primitives.dll [C:\Users\ultra\warewolf\Dev\Dev2.Diagnostics.Tests\Dev2.Diagnostics.Tests.csproj]
C:\Program Files\dotnet\sdk\10.0.201\Microsoft.Common.CurrentVersion.targets(2451,5): warning MSB3277:             C:\Users\ultra\.nuget\packages\corewcf.http\1.2.1\lib\netstandard2.0\CoreWCF.Http.dll [C:\Users\ultra\warewolf\Dev\Dev2.Diagnostics.Tests\Dev2.Diagnostics.Tests.csproj]
C:\Program Files\dotnet\sdk\10.0.201\Microsoft.Common.CurrentVersion.targets(2451,5): warning MSB3277:             C:\Users\ultra\.nuget\packages\corewcf.nettcp\1.2.1\lib\netstandard2.0\CoreWCF.NetTcp.dll [C:\Users\ultra\warewolf\Dev\Dev2.Diagnostics.Tests\Dev2.Diagnostics.Tests.csproj]
C:\Program Files\dotnet\sdk\10.0.201\Microsoft.Common.CurrentVersion.targets(2451,5): warning MSB3277:             C:\Users\ultra\.nuget\packages\corewcf.webhttp\1.2.1\lib\netstandard2.0\CoreWCF.WebHttp.dll [C:\Users\ultra\warewolf\Dev\Dev2.Diagnostics.Tests\Dev2.Diagnostics.Tests.csproj]
C:\Program Files\dotnet\sdk\10.0.201\Microsoft.Common.CurrentVersion.targets(2451,5): warning MSB3277:             C:\Program Files\dotnet\packs\Microsoft.NETCore.App.Ref\8.0.25\ref/net8.0/System.Configuration.dll [C:\Users\ultra\warewolf\Dev\Dev2.Diagnostics.Tests\Dev2.Diagnostics.Tests.csproj]
C:\Program Files\dotnet\sdk\10.0.201\Microsoft.Common.CurrentVersion.targets(2451,5): warning MSB3277:             C:\Users\ultra\.nuget\packages\prism.wpf\9.0.537\lib\net462\Prism.Wpf.dll [C:\Users\ultra\warewolf\Dev\Dev2.Diagnostics.Tests\Dev2.Diagnostics.Tests.csproj]
C:\Program Files\dotnet\sdk\10.0.201\Microsoft.Common.CurrentVersion.targets(2451,5): warning MSB3277:             C:\Program Files\dotnet\packs\Microsoft.NETCore.App.Ref\8.0.25\ref/net8.0/System.Data.dll [C:\Users\ultra\warewolf\Dev\Dev2.Diagnostics.Tests\Dev2.Diagnostics.Tests.csproj]
C:\Program Files\dotnet\sdk\10.0.201\Microsoft.Common.CurrentVersion.targets(2451,5): warning MSB3277:             C:\Users\ultra\.nuget\packages\taskschedulereditor\2.10.1\lib\net452\Microsoft.Win32.TaskSchedulerEditor.dll [C:\Users\ultra\warewolf\Dev\Dev2.Diagnostics.Tests\Dev2.Diagnostics.Tests.csproj]
C:\Program Files\dotnet\sdk\10.0.201\Microsoft.Common.CurrentVersion.targets(2451,5): warning MSB3277:             C:\Program Files\dotnet\packs\Microsoft.NETCore.App.Ref\8.0.25\ref/net8.0/System.Drawing.dll [C:\Users\ultra\warewolf\Dev\Dev2.Diagnostics.Tests\Dev2.Diagnostics.Tests.csproj]
C:\Program Files\dotnet\sdk\10.0.201\Microsoft.Common.CurrentVersion.targets(2451,5): warning MSB3277:             C:\Users\ultra\.nuget\packages\aerowizard\2.3.1\lib\net45\AeroWizard.dll [C:\Users\ultra\warewolf\Dev\Dev2.Diagnostics.Tests\Dev2.Diagnostics.Tests.csproj]
C:\Program Files\dotnet\sdk\10.0.201\Microsoft.Common.CurrentVersion.targets(2451,5): warning MSB3277:             C:\Users\ultra\.nuget\packages\groupcontrols\1.9.0\lib\net45\GroupControls.dll [C:\Users\ultra\warewolf\Dev\Dev2.Diagnostics.Tests\Dev2.Diagnostics.Tests.csproj]
C:\Program Files\dotnet\sdk\10.0.201\Microsoft.Common.CurrentVersion.targets(2451,5): warning MSB3277:             C:\Program Files\dotnet\packs\Microsoft.NETCore.App.Ref\8.0.25\ref/net8.0/System.Net.dll [C:\Users\ultra\warewolf\Dev\Dev2.Diagnostics.Tests\Dev2.Diagnostics.Tests.csproj]
C:\Program Files\dotnet\sdk\10.0.201\Microsoft.Common.CurrentVersion.targets(2451,5): warning MSB3277:             C:\Program Files\dotnet\packs\Microsoft.NETCore.App.Ref\8.0.25\ref/net8.0/System.Security.dll [C:\Users\ultra\warewolf\Dev\Dev2.Diagnostics.Tests\Dev2.Diagnostics.Tests.csproj]
C:\Program Files\dotnet\sdk\10.0.201\Microsoft.Common.CurrentVersion.targets(2451,5): warning MSB3277:             C:\Program Files\dotnet\packs\Microsoft.NETCore.App.Ref\8.0.25\ref/net8.0/System.ServiceProcess.dll [C:\Users\ultra\warewolf\Dev\Dev2.Diagnostics.Tests\Dev2.Diagnostics.Tests.csproj]
C:\Program Files\dotnet\sdk\10.0.201\Microsoft.Common.CurrentVersion.targets(2451,5): warning MSB3277:             C:\Program Files\dotnet\packs\Microsoft.NETCore.App.Ref\8.0.25\ref/net8.0/System.Transactions.dll [C:\Users\ultra\warewolf\Dev\Dev2.Diagnostics.Tests\Dev2.Diagnostics.Tests.csproj]
C:\Program Files\dotnet\sdk\10.0.201\Microsoft.Common.CurrentVersion.targets(2451,5): warning MSB3277:             C:\Program Files\dotnet\packs\Microsoft.NETCore.App.Ref\8.0.25\ref/net8.0/System.dll [C:\Users\ultra\warewolf\Dev\Dev2.Diagnostics.Tests\Dev2.Diagnostics.Tests.csproj]
C:\Program Files\dotnet\sdk\10.0.201\Microsoft.Common.CurrentVersion.targets(2451,5): warning MSB3277:             C:\Users\ultra\.nuget\packages\microsoft.xaml.behaviors.wpf\1.1.122\lib\net462\Microsoft.Xaml.Behaviors.dll [C:\Users\ultra\warewolf\Dev\Dev2.Diagnostics.Tests\Dev2.Diagnostics.Tests.csproj]
C:\Program Files\dotnet\sdk\10.0.201\Microsoft.Common.CurrentVersion.targets(2451,5): warning MSB3277:             C:\Users\ultra\.nuget\packages\caliburn.micro\4.0.212\lib\netcoreapp3.1\Caliburn.Micro.Platform.dll [C:\Users\ultra\warewolf\Dev\Dev2.Diagnostics.Tests\Dev2.Diagnostics.Tests.csproj]
C:\Program Files\dotnet\sdk\10.0.201\Microsoft.Common.CurrentVersion.targets(2451,5): warning MSB3277:             C:\Users\ultra\.nuget\packages\reactiveui.wpf\18.4.1\lib\net462\ReactiveUI.Wpf.dll [C:\Users\ultra\warewolf\Dev\Dev2.Diagnostics.Tests\Dev2.Diagnostics.Tests.csproj]
C:\Program Files\dotnet\sdk\10.0.201\Microsoft.Common.CurrentVersion.targets(2451,5): warning MSB3277:             C:\Users\ultra\.nuget\packages\ttcue.netcore.sharepointonline.csom.16.1.8029.1200\16.1.8029.1200\lib\netcoreapp2.0\Microsoft.SharePoint.Client.Runtime.Windows.dll [C:\Users\ultra\warewolf\Dev\Dev2.Diagnostics.Tests\Dev2.Diagnostics.Tests.csproj]
C:\Program Files\dotnet\sdk\10.0.201\Microsoft.Common.CurrentVersion.targets(2451,5): warning MSB3277:             C:\Program Files\dotnet\packs\Microsoft.NETCore.App.Ref\8.0.25\ref/net8.0/WindowsBase.dll [C:\Users\ultra\warewolf\Dev\Dev2.Diagnostics.Tests\Dev2.Diagnostics.Tests.csproj]
C:\Program Files\dotnet\sdk\10.0.201\Microsoft.Common.CurrentVersion.targets(2451,5): warning MSB3277:             C:\Program Files\dotnet\packs\Microsoft.NETCore.App.Ref\8.0.25\ref/net8.0/mscorlib.dll [C:\Users\ultra\warewolf\Dev\Dev2.Diagnostics.Tests\Dev2.Diagnostics.Tests.csproj]
C:\Program Files\dotnet\sdk\10.0.201\Microsoft.Common.CurrentVersion.targets(2451,5): warning MSB3277:             C:\Users\ultra\.nuget\packages\hangfire.core\1.7.32\lib\netstandard2.0\Hangfire.Core.dll [C:\Users\ultra\warewolf\Dev\Dev2.Diagnostics.Tests\Dev2.Diagnostics.Tests.csproj]
C:\Program Files\dotnet\sdk\10.0.201\Microsoft.Common.CurrentVersion.targets(2451,5): warning MSB3277:             C:\Users\ultra\.nuget\packages\hangfire.aspnetcore\1.7.32\lib\netcoreapp3.0\Hangfire.AspNetCore.dll [C:\Users\ultra\warewolf\Dev\Dev2.Diagnostics.Tests\Dev2.Diagnostics.Tests.csproj]
C:\Program Files\dotnet\sdk\10.0.201\Microsoft.Common.CurrentVersion.targets(2451,5): warning MSB3277:             C:\Users\ultra\.nuget\packages\hangfire.sqlserver\1.7.32\lib\netstandard2.0\Hangfire.SqlServer.dll [C:\Users\ultra\warewolf\Dev\Dev2.Diagnostics.Tests\Dev2.Diagnostics.Tests.csproj]
C:\Program Files\dotnet\sdk\10.0.201\Microsoft.Common.CurrentVersion.targets(2451,5): warning MSB3277:             C:\Users\ultra\.nuget\packages\microsoft.codecoverage\17.13.0\lib\netcoreapp3.1\Microsoft.VisualStudio.CodeCoverage.Shim.dll [C:\Users\ultra\warewolf\Dev\Dev2.Diagnostics.Tests\Dev2.Diagnostics.Tests.csproj]
C:\Program Files\dotnet\sdk\10.0.201\Microsoft.Common.CurrentVersion.targets(2451,5): warning MSB3277:         C:\Program Files\dotnet\packs\Microsoft.NETCore.App.Ref\8.0.25\ref\net8.0\System.Drawing.dll [C:\Users\ultra\warewolf\Dev\Dev2.Diagnostics.Tests\Dev2.Diagnostics.Tests.csproj]
C:\Program Files\dotnet\sdk\10.0.201\Microsoft.Common.CurrentVersion.targets(2451,5): warning MSB3277:           Project file item includes which caused reference "C:\Program Files\dotnet\packs\Microsoft.NETCore.App.Ref\8.0.25\ref\net8.0\System.Drawing.dll". [C:\Users\ultra\warewolf\Dev\Dev2.Diagnostics.Tests\Dev2.Diagnostics.Tests.csproj]
C:\Program Files\dotnet\sdk\10.0.201\Microsoft.Common.CurrentVersion.targets(2451,5): warning MSB3277:             C:\Program Files\dotnet\packs\Microsoft.NETCore.App.Ref\8.0.25\ref/net8.0/System.Drawing.dll [C:\Users\ultra\warewolf\Dev\Dev2.Diagnostics.Tests\Dev2.Diagnostics.Tests.csproj]
C:\Program Files\dotnet\sdk\10.0.201\Microsoft.Common.CurrentVersion.targets(2451,5): warning MSB3277:             C:\Users\ultra\.nuget\packages\aerowizard\2.3.1\lib\net45\AeroWizard.dll [C:\Users\ultra\warewolf\Dev\Dev2.Diagnostics.Tests\Dev2.Diagnostics.Tests.csproj]
C:\Program Files\dotnet\sdk\10.0.201\Microsoft.Common.CurrentVersion.targets(2451,5): warning MSB3277:             C:\Users\ultra\.nuget\packages\groupcontrols\1.9.0\lib\net45\GroupControls.dll [C:\Users\ultra\warewolf\Dev\Dev2.Diagnostics.Tests\Dev2.Diagnostics.Tests.csproj]
C:\Program Files\dotnet\sdk\10.0.201\Microsoft.Common.CurrentVersion.targets(2451,5): warning MSB3277:             C:\Users\ultra\.nuget\packages\taskschedulereditor\2.10.1\lib\net452\Microsoft.Win32.TaskSchedulerEditor.dll [C:\Users\ultra\warewolf\Dev\Dev2.Diagnostics.Tests\Dev2.Diagnostics.Tests.csproj]
C:\Users\ultra\warewolf\Dev\Dev2.Server\Startup.cs(59,95): warning CC0004: Empty Catch Block. (https://code-cracker.github.io/diagnostics/CC0004.html) [C:\Users\ultra\warewolf\Dev\Dev2.Server\Dev2.Server.csproj]
  Dev2.Server -> C:\Users\ultra\warewolf\Dev\Dev2.Server\bin\Debug\net8.0\linux-x64\Warewolf Server.dll
  
  INFO: No tasks running with the specified criteria.
  
  INFO: No tasks running with the specified criteria.
C:\Program Files\dotnet\sdk\10.0.201\Microsoft.Common.CurrentVersion.targets(2451,5): warning MSB3277: Found conflicts between different versions of "WindowsBase" that could not be resolved. [C:\Users\ultra\warewolf\Dev\Dev2.Diagnostics.Tests\Dev2.Diagnostics.Tests.csproj]
C:\Program Files\dotnet\sdk\10.0.201\Microsoft.Common.CurrentVersion.targets(2451,5): warning MSB3277: There was a conflict between "WindowsBase, Version=4.0.0.0, Culture=neutral, PublicKeyToken=31bf3856ad364e35" and "WindowsBase, Version=6.0.2.0, Culture=neutral, PublicKeyToken=31bf3856ad364e35". [C:\Users\ultra\warewolf\Dev\Dev2.Diagnostics.Tests\Dev2.Diagnostics.Tests.csproj]
C:\Program Files\dotnet\sdk\10.0.201\Microsoft.Common.CurrentVersion.targets(2451,5): warning MSB3277:     "WindowsBase, Version=4.0.0.0, Culture=neutral, PublicKeyToken=31bf3856ad364e35" was chosen because it was primary and "WindowsBase, Version=6.0.2.0, Culture=neutral, PublicKeyToken=31bf3856ad364e35" was not. [C:\Users\ultra\warewolf\Dev\Dev2.Diagnostics.Tests\Dev2.Diagnostics.Tests.csproj]
C:\Program Files\dotnet\sdk\10.0.201\Microsoft.Common.CurrentVersion.targets(2451,5): warning MSB3277:     References which depend on "WindowsBase, Version=4.0.0.0, Culture=neutral, PublicKeyToken=31bf3856ad364e35" [C:\Program Files\dotnet\packs\Microsoft.NETCore.App.Ref\8.0.25\ref\net8.0\WindowsBase.dll]. [C:\Users\ultra\warewolf\Dev\Dev2.Diagnostics.Tests\Dev2.Diagnostics.Tests.csproj]
C:\Program Files\dotnet\sdk\10.0.201\Microsoft.Common.CurrentVersion.targets(2451,5): warning MSB3277:         C:\Program Files\dotnet\packs\Microsoft.NETCore.App.Ref\8.0.25\ref\net8.0\WindowsBase.dll [C:\Users\ultra\warewolf\Dev\Dev2.Diagnostics.Tests\Dev2.Diagnostics.Tests.csproj]
C:\Program Files\dotnet\sdk\10.0.201\Microsoft.Common.CurrentVersion.targets(2451,5): warning MSB3277:           Project file item includes which caused reference "C:\Program Files\dotnet\packs\Microsoft.NETCore.App.Ref\8.0.25\ref\net8.0\WindowsBase.dll". [C:\Users\ultra\warewolf\Dev\Dev2.Diagnostics.Tests\Dev2.Diagnostics.Tests.csproj]
C:\Program Files\dotnet\sdk\10.0.201\Microsoft.Common.CurrentVersion.targets(2451,5): warning MSB3277:             C:\Program Files\dotnet\packs\Microsoft.NETCore.App.Ref\8.0.25\ref/net8.0/WindowsBase.dll [C:\Users\ultra\warewolf\Dev\Dev2.Diagnostics.Tests\Dev2.Diagnostics.Tests.csproj]
C:\Program Files\dotnet\sdk\10.0.201\Microsoft.Common.CurrentVersion.targets(2451,5): warning MSB3277:     References which depend on or have been unified to "WindowsBase, Version=6.0.2.0, Culture=neutral, PublicKeyToken=31bf3856ad364e35" []. [C:\Users\ultra\warewolf\Dev\Dev2.Diagnostics.Tests\Dev2.Diagnostics.Tests.csproj]
C:\Program Files\dotnet\sdk\10.0.201\Microsoft.Common.CurrentVersion.targets(2451,5): warning MSB3277:         C:\Users\ultra\.nuget\packages\caliburn.micro\4.0.212\lib\netcoreapp3.1\Caliburn.Micro.Platform.dll [C:\Users\ultra\warewolf\Dev\Dev2.Diagnostics.Tests\Dev2.Diagnostics.Tests.csproj]
C:\Program Files\dotnet\sdk\10.0.201\Microsoft.Common.CurrentVersion.targets(2451,5): warning MSB3277:           Project file item includes which caused reference "C:\Users\ultra\.nuget\packages\caliburn.micro\4.0.212\lib\netcoreapp3.1\Caliburn.Micro.Platform.dll". [C:\Users\ultra\warewolf\Dev\Dev2.Diagnostics.Tests\Dev2.Diagnostics.Tests.csproj]
C:\Program Files\dotnet\sdk\10.0.201\Microsoft.Common.CurrentVersion.targets(2451,5): warning MSB3277:             C:\Users\ultra\.nuget\packages\caliburn.micro\4.0.212\lib\netcoreapp3.1\Caliburn.Micro.Platform.dll [C:\Users\ultra\warewolf\Dev\Dev2.Diagnostics.Tests\Dev2.Diagnostics.Tests.csproj]
C:\Program Files\dotnet\sdk\10.0.201\Microsoft.Common.CurrentVersion.targets(2451,5): warning MSB3277:         C:\Users\ultra\.nuget\packages\ironpython\3.4.0\lib\net6.0\IronPython.Wpf.dll [C:\Users\ultra\warewolf\Dev\Dev2.Diagnostics.Tests\Dev2.Diagnostics.Tests.csproj]
C:\Program Files\dotnet\sdk\10.0.201\Microsoft.Common.CurrentVersion.targets(2451,5): warning MSB3277:           Project file item includes which caused reference "C:\Users\ultra\.nuget\packages\ironpython\3.4.0\lib\net6.0\IronPython.Wpf.dll". [C:\Users\ultra\warewolf\Dev\Dev2.Diagnostics.Tests\Dev2.Diagnostics.Tests.csproj]
C:\Program Files\dotnet\sdk\10.0.201\Microsoft.Common.CurrentVersion.targets(2451,5): warning MSB3277:             C:\Users\ultra\.nuget\packages\ironpython\3.4.0\lib\net6.0\IronPython.Wpf.dll [C:\Users\ultra\warewolf\Dev\Dev2.Diagnostics.Tests\Dev2.Diagnostics.Tests.csproj]
C:\Program Files\dotnet\sdk\10.0.201\Microsoft.Common.CurrentVersion.targets(2451,5): warning MSB3277:         C:\Users\ultra\.nuget\packages\microsoft.xaml.behaviors.wpf\1.1.122\lib\net462\Microsoft.Xaml.Behaviors.dll [C:\Users\ultra\warewolf\Dev\Dev2.Diagnostics.Tests\Dev2.Diagnostics.Tests.csproj]
C:\Program Files\dotnet\sdk\10.0.201\Microsoft.Common.CurrentVersion.targets(2451,5): warning MSB3277:           Project file item includes which caused reference "C:\Users\ultra\.nuget\packages\microsoft.xaml.behaviors.wpf\1.1.122\lib\net462\Microsoft.Xaml.Behaviors.dll". [C:\Users\ultra\warewolf\Dev\Dev2.Diagnostics.Tests\Dev2.Diagnostics.Tests.csproj]
C:\Program Files\dotnet\sdk\10.0.201\Microsoft.Common.CurrentVersion.targets(2451,5): warning MSB3277:             C:\Users\ultra\.nuget\packages\microsoft.xaml.behaviors.wpf\1.1.122\lib\net462\Microsoft.Xaml.Behaviors.dll [C:\Users\ultra\warewolf\Dev\Dev2.Diagnostics.Tests\Dev2.Diagnostics.Tests.csproj]
C:\Program Files\dotnet\sdk\10.0.201\Microsoft.Common.CurrentVersion.targets(2451,5): warning MSB3277:             C:\Users\ultra\.nuget\packages\caliburn.micro\4.0.212\lib\netcoreapp3.1\Caliburn.Micro.Platform.dll [C:\Users\ultra\warewolf\Dev\Dev2.Diagnostics.Tests\Dev2.Diagnostics.Tests.csproj]
C:\Program Files\dotnet\sdk\10.0.201\Microsoft.Common.CurrentVersion.targets(2451,5): warning MSB3277:             C:\Users\ultra\.nuget\packages\prism.wpf\9.0.537\lib\net462\Prism.Wpf.dll [C:\Users\ultra\warewolf\Dev\Dev2.Diagnostics.Tests\Dev2.Diagnostics.Tests.csproj]
C:\Program Files\dotnet\sdk\10.0.201\Microsoft.Common.CurrentVersion.targets(2451,5): warning MSB3277:         C:\Users\ultra\.nuget\packages\prism.wpf\9.0.537\lib\net462\Prism.Wpf.dll [C:\Users\ultra\warewolf\Dev\Dev2.Diagnostics.Tests\Dev2.Diagnostics.Tests.csproj]
C:\Program Files\dotnet\sdk\10.0.201\Microsoft.Common.CurrentVersion.targets(2451,5): warning MSB3277:           Project file item includes which caused reference "C:\Users\ultra\.nuget\packages\prism.wpf\9.0.537\lib\net462\Prism.Wpf.dll". [C:\Users\ultra\warewolf\Dev\Dev2.Diagnostics.Tests\Dev2.Diagnostics.Tests.csproj]
C:\Program Files\dotnet\sdk\10.0.201\Microsoft.Common.CurrentVersion.targets(2451,5): warning MSB3277:             C:\Users\ultra\.nuget\packages\prism.wpf\9.0.537\lib\net462\Prism.Wpf.dll [C:\Users\ultra\warewolf\Dev\Dev2.Diagnostics.Tests\Dev2.Diagnostics.Tests.csproj]
C:\Program Files\dotnet\sdk\10.0.201\Microsoft.Common.CurrentVersion.targets(2451,5): warning MSB3277:         C:\Users\ultra\.nuget\packages\reactiveui.wpf\18.4.1\lib\net462\ReactiveUI.Wpf.dll [C:\Users\ultra\warewolf\Dev\Dev2.Diagnostics.Tests\Dev2.Diagnostics.Tests.csproj]
C:\Program Files\dotnet\sdk\10.0.201\Microsoft.Common.CurrentVersion.targets(2451,5): warning MSB3277:           Project file item includes which caused reference "C:\Users\ultra\.nuget\packages\reactiveui.wpf\18.4.1\lib\net462\ReactiveUI.Wpf.dll". [C:\Users\ultra\warewolf\Dev\Dev2.Diagnostics.Tests\Dev2.Diagnostics.Tests.csproj]
C:\Program Files\dotnet\sdk\10.0.201\Microsoft.Common.CurrentVersion.targets(2451,5): warning MSB3277:             C:\Users\ultra\.nuget\packages\reactiveui.wpf\18.4.1\lib\net462\ReactiveUI.Wpf.dll [C:\Users\ultra\warewolf\Dev\Dev2.Diagnostics.Tests\Dev2.Diagnostics.Tests.csproj]
C:\Program Files\dotnet\sdk\10.0.201\Microsoft.Common.CurrentVersion.targets(2451,5): warning MSB3277: Found conflicts between different versions of "System.Drawing.Common" that could not be resolved. [C:\Users\ultra\warewolf\Dev\Dev2.Diagnostics.Tests\Dev2.Diagnostics.Tests.csproj]
C:\Program Files\dotnet\sdk\10.0.201\Microsoft.Common.CurrentVersion.targets(2451,5): warning MSB3277: There was a conflict between "System.Drawing.Common, Version=6.0.0.0, Culture=neutral, PublicKeyToken=cc7b13ffcd2ddd51" and "System.Drawing.Common, Version=8.0.0.0, Culture=neutral, PublicKeyToken=cc7b13ffcd2ddd51". [C:\Users\ultra\warewolf\Dev\Dev2.Diagnostics.Tests\Dev2.Diagnostics.Tests.csproj]
C:\Program Files\dotnet\sdk\10.0.201\Microsoft.Common.CurrentVersion.targets(2451,5): warning MSB3277:     "System.Drawing.Common, Version=6.0.0.0, Culture=neutral, PublicKeyToken=cc7b13ffcd2ddd51" was chosen because it was primary and "System.Drawing.Common, Version=8.0.0.0, Culture=neutral, PublicKeyToken=cc7b13ffcd2ddd51" was not. [C:\Users\ultra\warewolf\Dev\Dev2.Diagnostics.Tests\Dev2.Diagnostics.Tests.csproj]
C:\Program Files\dotnet\sdk\10.0.201\Microsoft.Common.CurrentVersion.targets(2451,5): warning MSB3277:     References which depend on "System.Drawing.Common, Version=6.0.0.0, Culture=neutral, PublicKeyToken=cc7b13ffcd2ddd51" [C:\Users\ultra\.nuget\packages\system.drawing.common\6.0.0\lib\net6.0\System.Drawing.Common.dll]. [C:\Users\ultra\warewolf\Dev\Dev2.Diagnostics.Tests\Dev2.Diagnostics.Tests.csproj]
C:\Program Files\dotnet\sdk\10.0.201\Microsoft.Common.CurrentVersion.targets(2451,5): warning MSB3277:         C:\Users\ultra\.nuget\packages\system.drawing.common\6.0.0\lib\net6.0\System.Drawing.Common.dll [C:\Users\ultra\warewolf\Dev\Dev2.Diagnostics.Tests\Dev2.Diagnostics.Tests.csproj]
C:\Program Files\dotnet\sdk\10.0.201\Microsoft.Common.CurrentVersion.targets(2451,5): warning MSB3277:           Project file item includes which caused reference "C:\Users\ultra\.nuget\packages\system.drawing.common\6.0.0\lib\net6.0\System.Drawing.Common.dll". [C:\Users\ultra\warewolf\Dev\Dev2.Diagnostics.Tests\Dev2.Diagnostics.Tests.csproj]
C:\Program Files\dotnet\sdk\10.0.201\Microsoft.Common.CurrentVersion.targets(2451,5): warning MSB3277:             C:\Users\ultra\.nuget\packages\system.drawing.common\6.0.0\lib\net6.0\System.Drawing.Common.dll [C:\Users\ultra\warewolf\Dev\Dev2.Diagnostics.Tests\Dev2.Diagnostics.Tests.csproj]
C:\Program Files\dotnet\sdk\10.0.201\Microsoft.Common.CurrentVersion.targets(2451,5): warning MSB3277:     References which depend on or have been unified to "System.Drawing.Common, Version=8.0.0.0, Culture=neutral, PublicKeyToken=cc7b13ffcd2ddd51" []. [C:\Users\ultra\warewolf\Dev\Dev2.Diagnostics.Tests\Dev2.Diagnostics.Tests.csproj]
C:\Program Files\dotnet\sdk\10.0.201\Microsoft.Common.CurrentVersion.targets(2451,5): warning MSB3277:         C:\Users\ultra\.nuget\packages\servicestack\6.3.0\lib\net6.0\ServiceStack.dll [C:\Users\ultra\warewolf\Dev\Dev2.Diagnostics.Tests\Dev2.Diagnostics.Tests.csproj]
C:\Program Files\dotnet\sdk\10.0.201\Microsoft.Common.CurrentVersion.targets(2451,5): warning MSB3277:           Project file item includes which caused reference "C:\Users\ultra\.nuget\packages\servicestack\6.3.0\lib\net6.0\ServiceStack.dll". [C:\Users\ultra\warewolf\Dev\Dev2.Diagnostics.Tests\Dev2.Diagnostics.Tests.csproj]
C:\Program Files\dotnet\sdk\10.0.201\Microsoft.Common.CurrentVersion.targets(2451,5): warning MSB3277:             C:\Users\ultra\.nuget\packages\servicestack\6.3.0\lib\net6.0\ServiceStack.dll [C:\Users\ultra\warewolf\Dev\Dev2.Diagnostics.Tests\Dev2.Diagnostics.Tests.csproj]
C:\Program Files\dotnet\sdk\10.0.201\Microsoft.Common.CurrentVersion.targets(2451,5): warning MSB3277:         C:\Users\ultra\.nuget\packages\system.windows.extensions\8.0.0\lib\net8.0\System.Windows.Extensions.dll [C:\Users\ultra\warewolf\Dev\Dev2.Diagnostics.Tests\Dev2.Diagnostics.Tests.csproj]
C:\Program Files\dotnet\sdk\10.0.201\Microsoft.Common.CurrentVersion.targets(2451,5): warning MSB3277:           Project file item includes which caused reference "C:\Users\ultra\.nuget\packages\system.windows.extensions\8.0.0\lib\net8.0\System.Windows.Extensions.dll". [C:\Users\ultra\warewolf\Dev\Dev2.Diagnostics.Tests\Dev2.Diagnostics.Tests.csproj]
C:\Program Files\dotnet\sdk\10.0.201\Microsoft.Common.CurrentVersion.targets(2451,5): warning MSB3277:             C:\Users\ultra\.nuget\packages\system.windows.extensions\8.0.0\lib\net8.0\System.Windows.Extensions.dll [C:\Users\ultra\warewolf\Dev\Dev2.Diagnostics.Tests\Dev2.Diagnostics.Tests.csproj]
C:\Program Files\dotnet\sdk\10.0.201\Microsoft.Common.CurrentVersion.targets(2451,5): warning MSB3277:             C:\Users\ultra\.nuget\packages\system.security.permissions\8.0.0\lib\net8.0\System.Security.Permissions.dll [C:\Users\ultra\warewolf\Dev\Dev2.Diagnostics.Tests\Dev2.Diagnostics.Tests.csproj]
C:\Program Files\dotnet\sdk\10.0.201\Microsoft.Common.CurrentVersion.targets(2451,5): warning MSB3277:             C:\Users\ultra\warewolf\Dev\Dev2.Data\bin\Debug\net8.0\Dev2.Data.dll [C:\Users\ultra\warewolf\Dev\Dev2.Diagnostics.Tests\Dev2.Diagnostics.Tests.csproj]
C:\Program Files\dotnet\sdk\10.0.201\Microsoft.Common.CurrentVersion.targets(2451,5): warning MSB3277:             C:\Users\ultra\warewolf\Dev\Dev2.Core\bin\Debug\net8.0\Dev2.Core.dll [C:\Users\ultra\warewolf\Dev\Dev2.Diagnostics.Tests\Dev2.Diagnostics.Tests.csproj]
C:\Program Files\dotnet\sdk\10.0.201\Microsoft.Common.CurrentVersion.targets(2451,5): warning MSB3277:             C:\Users\ultra\warewolf\Dev\Dev2.Runtime.Services\bin\Debug\net8.0\Dev2.Runtime.Services.dll [C:\Users\ultra\warewolf\Dev\Dev2.Diagnostics.Tests\Dev2.Diagnostics.Tests.csproj]
C:\Program Files\dotnet\sdk\10.0.201\Microsoft.Common.CurrentVersion.targets(2451,5): warning MSB3277:             C:\Users\ultra\warewolf\Dev\Dev2.Runtime\bin\Debug\net8.0\Dev2.Runtime.dll [C:\Users\ultra\warewolf\Dev\Dev2.Diagnostics.Tests\Dev2.Diagnostics.Tests.csproj]
C:\Program Files\dotnet\sdk\10.0.201\Microsoft.Common.CurrentVersion.targets(2451,5): warning MSB3277:             C:\Users\ultra\warewolf\Dev\Dev2.Server\bin\Debug\net8.0\linux-x64\Warewolf Server.dll [C:\Users\ultra\warewolf\Dev\Dev2.Diagnostics.Tests\Dev2.Diagnostics.Tests.csproj]
C:\Program Files\dotnet\sdk\10.0.201\Microsoft.Common.CurrentVersion.targets(2451,5): warning MSB3277:             C:\Users\ultra\warewolf\Dev\Warewolf.Testing\bin\Debug\net8.0\Warewolf.Testing.dll [C:\Users\ultra\warewolf\Dev\Dev2.Diagnostics.Tests\Dev2.Diagnostics.Tests.csproj]
C:\Program Files\dotnet\sdk\10.0.201\Microsoft.Common.CurrentVersion.targets(2451,5): warning MSB3277:             C:\Users\ultra\warewolf\Dev\Dev2.Activities\bin\Debug\net8.0\Dev2.Activities.dll [C:\Users\ultra\warewolf\Dev\Dev2.Diagnostics.Tests\Dev2.Diagnostics.Tests.csproj]
C:\Program Files\dotnet\sdk\10.0.201\Microsoft.Common.CurrentVersion.targets(2451,5): warning MSB3277:             C:\Users\ultra\warewolf\Dev\Dev2.Intellisense\bin\Debug\net8.0\Dev2.Intellisense.dll [C:\Users\ultra\warewolf\Dev\Dev2.Diagnostics.Tests\Dev2.Diagnostics.Tests.csproj]
C:\Program Files\dotnet\sdk\10.0.201\Microsoft.Common.CurrentVersion.targets(2451,5): warning MSB3277:             C:\Users\ultra\warewolf\Dev\Dev2.Runtime.WebServer\bin\Debug\net8.0\Dev2.Runtime.WebServer.dll [C:\Users\ultra\warewolf\Dev\Dev2.Diagnostics.Tests\Dev2.Diagnostics.Tests.csproj]
C:\Program Files\dotnet\sdk\10.0.201\Microsoft.Common.CurrentVersion.targets(2451,5): warning MSB3277:             C:\Users\ultra\warewolf\Dev\Dev2.Scheduler\bin\Debug\net8.0\Dev2.Scheduler.dll [C:\Users\ultra\warewolf\Dev\Dev2.Diagnostics.Tests\Dev2.Diagnostics.Tests.csproj]
C:\Program Files\dotnet\sdk\10.0.201\Microsoft.Common.CurrentVersion.targets(2451,5): warning MSB3277:             C:\Users\ultra\warewolf\Dev\Dev2.Services.Execution\bin\Debug\net8.0\Dev2.Services.Execution.dll [C:\Users\ultra\warewolf\Dev\Dev2.Diagnostics.Tests\Dev2.Diagnostics.Tests.csproj]
C:\Program Files\dotnet\sdk\10.0.201\Microsoft.Common.CurrentVersion.targets(2451,5): warning MSB3277:             C:\Users\ultra\warewolf\Dev\Dev2.Studio.Core\bin\Debug\net8.0\Dev2.Studio.Core.dll [C:\Users\ultra\warewolf\Dev\Dev2.Diagnostics.Tests\Dev2.Diagnostics.Tests.csproj]
C:\Program Files\dotnet\sdk\10.0.201\Microsoft.Common.CurrentVersion.targets(2451,5): warning MSB3277:             C:\Users\ultra\warewolf\Dev\Dev2.Studio.Interfaces\bin\Debug\net8.0\Dev2.Studio.Interfaces.dll [C:\Users\ultra\warewolf\Dev\Dev2.Diagnostics.Tests\Dev2.Diagnostics.Tests.csproj]
C:\Program Files\dotnet\sdk\10.0.201\Microsoft.Common.CurrentVersion.targets(2451,5): warning MSB3277:             C:\Users\ultra\warewolf\Dev\Warewolf.HangfireServer\bin\Debug\net8.0\linux-x64\HangfireServer.dll [C:\Users\ultra\warewolf\Dev\Dev2.Diagnostics.Tests\Dev2.Diagnostics.Tests.csproj]
C:\Program Files\dotnet\sdk\10.0.201\Microsoft.Common.CurrentVersion.targets(2451,5): warning MSB3277:             C:\Users\ultra\warewolf\Dev\Warewolf.QueueWorker\bin\Debug\net8.0\linux-x64\QueueWorker.dll [C:\Users\ultra\warewolf\Dev\Dev2.Diagnostics.Tests\Dev2.Diagnostics.Tests.csproj]
C:\Program Files\dotnet\sdk\10.0.201\Microsoft.Common.CurrentVersion.targets(2451,5): warning MSB3277:             C:\Users\ultra\warewolf\Dev\Warewolf.Auditing\bin\Debug\net8.0\Warewolf.Auditing.dll [C:\Users\ultra\warewolf\Dev\Dev2.Diagnostics.Tests\Dev2.Diagnostics.Tests.csproj]
C:\Program Files\dotnet\sdk\10.0.201\Microsoft.Common.CurrentVersion.targets(2451,5): warning MSB3277:             C:\Users\ultra\warewolf\Dev\Warewolf.Common.Framework48\bin\Debug\net8.0\Warewolf.Common.Framework48.dll [C:\Users\ultra\warewolf\Dev\Dev2.Diagnostics.Tests\Dev2.Diagnostics.Tests.csproj]
C:\Program Files\dotnet\sdk\10.0.201\Microsoft.Common.CurrentVersion.targets(2451,5): warning MSB3277:             C:\Users\ultra\warewolf\Dev\Warewolf.Common.NetStandard20\bin\Debug\net8.0\Warewolf.Common.NetStandard20.dll [C:\Users\ultra\warewolf\Dev\Dev2.Diagnostics.Tests\Dev2.Diagnostics.Tests.csproj]
C:\Program Files\dotnet\sdk\10.0.201\Microsoft.Common.CurrentVersion.targets(2451,5): warning MSB3277:             C:\Users\ultra\warewolf\Dev\Warewolf.Core\bin\Debug\net8.0\Warewolf.Core.dll [C:\Users\ultra\warewolf\Dev\Dev2.Diagnostics.Tests\Dev2.Diagnostics.Tests.csproj]
C:\Program Files\dotnet\sdk\10.0.201\Microsoft.Common.CurrentVersion.targets(2451,5): warning MSB3277:             C:\Users\ultra\warewolf\Dev\Warewolf.Driver.Persistence\bin\Debug\net8.0\Warewolf.Driver.Persistence.dll [C:\Users\ultra\warewolf\Dev\Dev2.Diagnostics.Tests\Dev2.Diagnostics.Tests.csproj]
C:\Program Files\dotnet\sdk\10.0.201\Microsoft.Common.CurrentVersion.targets(2451,5): warning MSB3277:             C:\Users\ultra\warewolf\Dev\Warewolf.Exchange.Email.Wrapper\bin\Debug\net8.0\Warewolf.Exchange.Email.Wrapper.dll [C:\Users\ultra\warewolf\Dev\Dev2.Diagnostics.Tests\Dev2.Diagnostics.Tests.csproj]
C:\Program Files\dotnet\sdk\10.0.201\Microsoft.Common.CurrentVersion.targets(2451,5): warning MSB3277:             C:\Users\ultra\warewolf\Dev\Warewolf.ResourceManagement\bin\Debug\net8.0\Warewolf.ResourceManagement.dll [C:\Users\ultra\warewolf\Dev\Dev2.Diagnostics.Tests\Dev2.Diagnostics.Tests.csproj]
C:\Program Files\dotnet\sdk\10.0.201\Microsoft.Common.CurrentVersion.targets(2451,5): warning MSB3277:             C:\Users\ultra\warewolf\Dev\Warewolf.Studio.Core\bin\Debug\net8.0\Warewolf.Studio.Core.dll [C:\Users\ultra\warewolf\Dev\Dev2.Diagnostics.Tests\Dev2.Diagnostics.Tests.csproj]
C:\Program Files\dotnet\sdk\10.0.201\Microsoft.Common.CurrentVersion.targets(2451,5): warning MSB3277:             C:\Users\ultra\warewolf\Dev\Warewolf.Trigger.Queue\bin\Debug\net8.0\Warewolf.Trigger.Queue.dll [C:\Users\ultra\warewolf\Dev\Dev2.Diagnostics.Tests\Dev2.Diagnostics.Tests.csproj]
C:\Program Files\dotnet\sdk\10.0.201\Microsoft.Common.CurrentVersion.targets(2451,5): warning MSB3277:             C:\Users\ultra\warewolf\Dev\Warewolf.UI\bin\Debug\net8.0\Warewolf.UI.dll [C:\Users\ultra\warewolf\Dev\Dev2.Diagnostics.Tests\Dev2.Diagnostics.Tests.csproj]
C:\Program Files\dotnet\sdk\10.0.201\Microsoft.Common.CurrentVersion.targets(2451,5): warning MSB3277:             C:\Users\ultra\warewolf\Dev\Warewolf.Logger\bin\Debug\net8.0\linux-x64\WarewolfLogger.dll [C:\Users\ultra\warewolf\Dev\Dev2.Diagnostics.Tests\Dev2.Diagnostics.Tests.csproj]
C:\Program Files\dotnet\sdk\10.0.201\Microsoft.Common.CurrentVersion.targets(2451,5): warning MSB3277:             C:\Users\ultra\.nuget\packages\dotnetzip\1.16.0\lib\netstandard2.0\DotNetZip.dll [C:\Users\ultra\warewolf\Dev\Dev2.Diagnostics.Tests\Dev2.Diagnostics.Tests.csproj]
C:\Program Files\dotnet\sdk\10.0.201\Microsoft.Common.CurrentVersion.targets(2451,5): warning MSB3277:             C:\Users\ultra\warewolf\Dev\Dev2.Common\bin\Debug\net8.0\Dev2.Common.dll [C:\Users\ultra\warewolf\Dev\Dev2.Diagnostics.Tests\Dev2.Diagnostics.Tests.csproj]
C:\Program Files\dotnet\sdk\10.0.201\Microsoft.Common.CurrentVersion.targets(2451,5): warning MSB3277:             C:\Users\ultra\warewolf\Dev\Dev2.Diagnostics\bin\Debug\net8.0\Dev2.Diagnostics.dll [C:\Users\ultra\warewolf\Dev\Dev2.Diagnostics.Tests\Dev2.Diagnostics.Tests.csproj]
C:\Program Files\dotnet\sdk\10.0.201\Microsoft.Common.CurrentVersion.targets(2451,5): warning MSB3277:             C:\Users\ultra\warewolf\Dev\Dev2.Infrastructure\bin\Debug\net8.0\Dev2.Infrastructure.dll [C:\Users\ultra\warewolf\Dev\Dev2.Diagnostics.Tests\Dev2.Diagnostics.Tests.csproj]
C:\Program Files\dotnet\sdk\10.0.201\Microsoft.Common.CurrentVersion.targets(2451,5): warning MSB3277:             C:\Users\ultra\warewolf\Dev\Dev2.Data.Interfaces\bin\Debug\net8.0\Dev2.Data.Interfaces.dll [C:\Users\ultra\warewolf\Dev\Dev2.Diagnostics.Tests\Dev2.Diagnostics.Tests.csproj]
C:\Program Files\dotnet\sdk\10.0.201\Microsoft.Common.CurrentVersion.targets(2451,5): warning MSB3277:             C:\Users\ultra\warewolf\Dev\Dev2.Development.Languages\bin\Debug\net8.0\Dev2.Development.Languages.dll [C:\Users\ultra\warewolf\Dev\Dev2.Diagnostics.Tests\Dev2.Diagnostics.Tests.csproj]
C:\Program Files\dotnet\sdk\10.0.201\Microsoft.Common.CurrentVersion.targets(2451,5): warning MSB3277:             C:\Users\ultra\warewolf\Dev\Dev2.Services.Sql\bin\Debug\net8.0\Dev2.Services.Sql.dll [C:\Users\ultra\warewolf\Dev\Dev2.Diagnostics.Tests\Dev2.Diagnostics.Tests.csproj]
C:\Program Files\dotnet\sdk\10.0.201\Microsoft.Common.CurrentVersion.targets(2451,5): warning MSB3277:             C:\Users\ultra\warewolf\Dev\Dev2.TaskScheduler.Wrappers\bin\Debug\net8.0\Dev2.TaskScheduler.Wrappers.dll [C:\Users\ultra\warewolf\Dev\Dev2.Diagnostics.Tests\Dev2.Diagnostics.Tests.csproj]
C:\Program Files\dotnet\sdk\10.0.201\Microsoft.Common.CurrentVersion.targets(2451,5): warning MSB3277:             C:\Users\ultra\warewolf\Dev\Dev2.Util\bin\Debug\net8.0\Dev2.Util.dll [C:\Users\ultra\warewolf\Dev\Dev2.Diagnostics.Tests\Dev2.Diagnostics.Tests.csproj]
C:\Program Files\dotnet\sdk\10.0.201\Microsoft.Common.CurrentVersion.targets(2451,5): warning MSB3277:             C:\Users\ultra\warewolf\Dev\Warewolf.AI.Harness\bin\Debug\net8.0\Warewolf.AI.Harness.dll [C:\Users\ultra\warewolf\Dev\Dev2.Diagnostics.Tests\Dev2.Diagnostics.Tests.csproj]
C:\Program Files\dotnet\sdk\10.0.201\Microsoft.Common.CurrentVersion.targets(2451,5): warning MSB3277:             C:\Users\ultra\warewolf\Dev\Warewolf.Driver.Serilog\bin\Debug\net8.0\Warewolf.Driver.Serilog.dll [C:\Users\ultra\warewolf\Dev\Dev2.Diagnostics.Tests\Dev2.Diagnostics.Tests.csproj]
C:\Program Files\dotnet\sdk\10.0.201\Microsoft.Common.CurrentVersion.targets(2451,5): warning MSB3277:             C:\Users\ultra\warewolf\Dev\Warewolf.PerfMon\bin\Debug\net8.0\linux-x64\Warewolf.PerfMon.dll [C:\Users\ultra\warewolf\Dev\Dev2.Diagnostics.Tests\Dev2.Diagnostics.Tests.csproj]
C:\Program Files\dotnet\sdk\10.0.201\Microsoft.Common.CurrentVersion.targets(2451,5): warning MSB3277:             C:\Users\ultra\warewolf\Dev\Warewolf.Sharepoint\bin\Debug\net8.0\Warewolf.Sharepoint.dll [C:\Users\ultra\warewolf\Dev\Dev2.Diagnostics.Tests\Dev2.Diagnostics.Tests.csproj]
C:\Program Files\dotnet\sdk\10.0.201\Microsoft.Common.CurrentVersion.targets(2451,5): warning MSB3277:             C:\Users\ultra\warewolf\Dev\Warewolf.Storage\bin\Debug\net8.0\Warewolf.Storage.dll [C:\Users\ultra\warewolf\Dev\Dev2.Diagnostics.Tests\Dev2.Diagnostics.Tests.csproj]
C:\Program Files\dotnet\sdk\10.0.201\Microsoft.Common.CurrentVersion.targets(2451,5): warning MSB3277:             C:\Users\ultra\.nuget\packages\mindbox.data.linq\5.0.0\lib\netstandard2.0\Mindbox.Data.Linq.dll [C:\Users\ultra\warewolf\Dev\Dev2.Diagnostics.Tests\Dev2.Diagnostics.Tests.csproj]
C:\Program Files\dotnet\sdk\10.0.201\Microsoft.Common.CurrentVersion.targets(2451,5): warning MSB3277:             C:\Users\ultra\.nuget\packages\mysql.data\8.4.0\lib\net8.0\MySql.Data.dll [C:\Users\ultra\warewolf\Dev\Dev2.Diagnostics.Tests\Dev2.Diagnostics.Tests.csproj]
C:\Program Files\dotnet\sdk\10.0.201\Microsoft.Common.CurrentVersion.targets(2451,5): warning MSB3277:             C:\Users\ultra\.nuget\packages\oracle.manageddataaccess.core\3.21.70\lib\netstandard2.1\Oracle.ManagedDataAccess.dll [C:\Users\ultra\warewolf\Dev\Dev2.Diagnostics.Tests\Dev2.Diagnostics.Tests.csproj]
C:\Program Files\dotnet\sdk\10.0.201\Microsoft.Common.CurrentVersion.targets(2451,5): warning MSB3277:             C:\Users\ultra\.nuget\packages\system.directoryservices\6.0.0\lib\net6.0\System.DirectoryServices.dll [C:\Users\ultra\warewolf\Dev\Dev2.Diagnostics.Tests\Dev2.Diagnostics.Tests.csproj]
C:\Program Files\dotnet\sdk\10.0.201\Microsoft.Common.CurrentVersion.targets(2451,5): warning MSB3277:             C:\Users\ultra\.nuget\packages\corewcf.primitives\1.2.1\lib\netstandard2.0\CoreWCF.Primitives.dll [C:\Users\ultra\warewolf\Dev\Dev2.Diagnostics.Tests\Dev2.Diagnostics.Tests.csproj]
C:\Program Files\dotnet\sdk\10.0.201\Microsoft.Common.CurrentVersion.targets(2451,5): warning MSB3277:             C:\Users\ultra\.nuget\packages\corewcf.http\1.2.1\lib\netstandard2.0\CoreWCF.Http.dll [C:\Users\ultra\warewolf\Dev\Dev2.Diagnostics.Tests\Dev2.Diagnostics.Tests.csproj]
C:\Program Files\dotnet\sdk\10.0.201\Microsoft.Common.CurrentVersion.targets(2451,5): warning MSB3277:             C:\Users\ultra\.nuget\packages\corewcf.nettcp\1.2.1\lib\netstandard2.0\CoreWCF.NetTcp.dll [C:\Users\ultra\warewolf\Dev\Dev2.Diagnostics.Tests\Dev2.Diagnostics.Tests.csproj]
C:\Program Files\dotnet\sdk\10.0.201\Microsoft.Common.CurrentVersion.targets(2451,5): warning MSB3277:             C:\Users\ultra\.nuget\packages\corewcf.webhttp\1.2.1\lib\netstandard2.0\CoreWCF.WebHttp.dll [C:\Users\ultra\warewolf\Dev\Dev2.Diagnostics.Tests\Dev2.Diagnostics.Tests.csproj]
C:\Program Files\dotnet\sdk\10.0.201\Microsoft.Common.CurrentVersion.targets(2451,5): warning MSB3277:             C:\Program Files\dotnet\packs\Microsoft.NETCore.App.Ref\8.0.25\ref/net8.0/System.Configuration.dll [C:\Users\ultra\warewolf\Dev\Dev2.Diagnostics.Tests\Dev2.Diagnostics.Tests.csproj]
C:\Program Files\dotnet\sdk\10.0.201\Microsoft.Common.CurrentVersion.targets(2451,5): warning MSB3277:             C:\Users\ultra\.nuget\packages\prism.wpf\9.0.537\lib\net462\Prism.Wpf.dll [C:\Users\ultra\warewolf\Dev\Dev2.Diagnostics.Tests\Dev2.Diagnostics.Tests.csproj]
C:\Program Files\dotnet\sdk\10.0.201\Microsoft.Common.CurrentVersion.targets(2451,5): warning MSB3277:             C:\Program Files\dotnet\packs\Microsoft.NETCore.App.Ref\8.0.25\ref/net8.0/System.Data.dll [C:\Users\ultra\warewolf\Dev\Dev2.Diagnostics.Tests\Dev2.Diagnostics.Tests.csproj]
C:\Program Files\dotnet\sdk\10.0.201\Microsoft.Common.CurrentVersion.targets(2451,5): warning MSB3277:             C:\Users\ultra\.nuget\packages\taskschedulereditor\2.10.1\lib\net452\Microsoft.Win32.TaskSchedulerEditor.dll [C:\Users\ultra\warewolf\Dev\Dev2.Diagnostics.Tests\Dev2.Diagnostics.Tests.csproj]
C:\Program Files\dotnet\sdk\10.0.201\Microsoft.Common.CurrentVersion.targets(2451,5): warning MSB3277:             C:\Program Files\dotnet\packs\Microsoft.NETCore.App.Ref\8.0.25\ref/net8.0/System.Drawing.dll [C:\Users\ultra\warewolf\Dev\Dev2.Diagnostics.Tests\Dev2.Diagnostics.Tests.csproj]
C:\Program Files\dotnet\sdk\10.0.201\Microsoft.Common.CurrentVersion.targets(2451,5): warning MSB3277:             C:\Users\ultra\.nuget\packages\aerowizard\2.3.1\lib\net45\AeroWizard.dll [C:\Users\ultra\warewolf\Dev\Dev2.Diagnostics.Tests\Dev2.Diagnostics.Tests.csproj]
C:\Program Files\dotnet\sdk\10.0.201\Microsoft.Common.CurrentVersion.targets(2451,5): warning MSB3277:             C:\Users\ultra\.nuget\packages\groupcontrols\1.9.0\lib\net45\GroupControls.dll [C:\Users\ultra\warewolf\Dev\Dev2.Diagnostics.Tests\Dev2.Diagnostics.Tests.csproj]
C:\Program Files\dotnet\sdk\10.0.201\Microsoft.Common.CurrentVersion.targets(2451,5): warning MSB3277:             C:\Program Files\dotnet\packs\Microsoft.NETCore.App.Ref\8.0.25\ref/net8.0/System.Net.dll [C:\Users\ultra\warewolf\Dev\Dev2.Diagnostics.Tests\Dev2.Diagnostics.Tests.csproj]
C:\Program Files\dotnet\sdk\10.0.201\Microsoft.Common.CurrentVersion.targets(2451,5): warning MSB3277:             C:\Program Files\dotnet\packs\Microsoft.NETCore.App.Ref\8.0.25\ref/net8.0/System.Security.dll [C:\Users\ultra\warewolf\Dev\Dev2.Diagnostics.Tests\Dev2.Diagnostics.Tests.csproj]
C:\Program Files\dotnet\sdk\10.0.201\Microsoft.Common.CurrentVersion.targets(2451,5): warning MSB3277:             C:\Program Files\dotnet\packs\Microsoft.NETCore.App.Ref\8.0.25\ref/net8.0/System.ServiceProcess.dll [C:\Users\ultra\warewolf\Dev\Dev2.Diagnostics.Tests\Dev2.Diagnostics.Tests.csproj]
C:\Program Files\dotnet\sdk\10.0.201\Microsoft.Common.CurrentVersion.targets(2451,5): warning MSB3277:             C:\Program Files\dotnet\packs\Microsoft.NETCore.App.Ref\8.0.25\ref/net8.0/System.Transactions.dll [C:\Users\ultra\warewolf\Dev\Dev2.Diagnostics.Tests\Dev2.Diagnostics.Tests.csproj]
C:\Program Files\dotnet\sdk\10.0.201\Microsoft.Common.CurrentVersion.targets(2451,5): warning MSB3277:             C:\Program Files\dotnet\packs\Microsoft.NETCore.App.Ref\8.0.25\ref/net8.0/System.dll [C:\Users\ultra\warewolf\Dev\Dev2.Diagnostics.Tests\Dev2.Diagnostics.Tests.csproj]
C:\Program Files\dotnet\sdk\10.0.201\Microsoft.Common.CurrentVersion.targets(2451,5): warning MSB3277:             C:\Users\ultra\.nuget\packages\microsoft.xaml.behaviors.wpf\1.1.122\lib\net462\Microsoft.Xaml.Behaviors.dll [C:\Users\ultra\warewolf\Dev\Dev2.Diagnostics.Tests\Dev2.Diagnostics.Tests.csproj]
C:\Program Files\dotnet\sdk\10.0.201\Microsoft.Common.CurrentVersion.targets(2451,5): warning MSB3277:             C:\Users\ultra\.nuget\packages\caliburn.micro\4.0.212\lib\netcoreapp3.1\Caliburn.Micro.Platform.dll [C:\Users\ultra\warewolf\Dev\Dev2.Diagnostics.Tests\Dev2.Diagnostics.Tests.csproj]
C:\Program Files\dotnet\sdk\10.0.201\Microsoft.Common.CurrentVersion.targets(2451,5): warning MSB3277:             C:\Users\ultra\.nuget\packages\reactiveui.wpf\18.4.1\lib\net462\ReactiveUI.Wpf.dll [C:\Users\ultra\warewolf\Dev\Dev2.Diagnostics.Tests\Dev2.Diagnostics.Tests.csproj]
C:\Program Files\dotnet\sdk\10.0.201\Microsoft.Common.CurrentVersion.targets(2451,5): warning MSB3277:             C:\Users\ultra\.nuget\packages\ttcue.netcore.sharepointonline.csom.16.1.8029.1200\16.1.8029.1200\lib\netcoreapp2.0\Microsoft.SharePoint.Client.Runtime.Windows.dll [C:\Users\ultra\warewolf\Dev\Dev2.Diagnostics.Tests\Dev2.Diagnostics.Tests.csproj]
C:\Program Files\dotnet\sdk\10.0.201\Microsoft.Common.CurrentVersion.targets(2451,5): warning MSB3277:             C:\Program Files\dotnet\packs\Microsoft.NETCore.App.Ref\8.0.25\ref/net8.0/WindowsBase.dll [C:\Users\ultra\warewolf\Dev\Dev2.Diagnostics.Tests\Dev2.Diagnostics.Tests.csproj]
C:\Program Files\dotnet\sdk\10.0.201\Microsoft.Common.CurrentVersion.targets(2451,5): warning MSB3277:             C:\Program Files\dotnet\packs\Microsoft.NETCore.App.Ref\8.0.25\ref/net8.0/mscorlib.dll [C:\Users\ultra\warewolf\Dev\Dev2.Diagnostics.Tests\Dev2.Diagnostics.Tests.csproj]
C:\Program Files\dotnet\sdk\10.0.201\Microsoft.Common.CurrentVersion.targets(2451,5): warning MSB3277:             C:\Users\ultra\.nuget\packages\hangfire.core\1.7.32\lib\netstandard2.0\Hangfire.Core.dll [C:\Users\ultra\warewolf\Dev\Dev2.Diagnostics.Tests\Dev2.Diagnostics.Tests.csproj]
C:\Program Files\dotnet\sdk\10.0.201\Microsoft.Common.CurrentVersion.targets(2451,5): warning MSB3277:             C:\Users\ultra\.nuget\packages\hangfire.aspnetcore\1.7.32\lib\netcoreapp3.0\Hangfire.AspNetCore.dll [C:\Users\ultra\warewolf\Dev\Dev2.Diagnostics.Tests\Dev2.Diagnostics.Tests.csproj]
C:\Program Files\dotnet\sdk\10.0.201\Microsoft.Common.CurrentVersion.targets(2451,5): warning MSB3277:             C:\Users\ultra\.nuget\packages\hangfire.sqlserver\1.7.32\lib\netstandard2.0\Hangfire.SqlServer.dll [C:\Users\ultra\warewolf\Dev\Dev2.Diagnostics.Tests\Dev2.Diagnostics.Tests.csproj]
C:\Program Files\dotnet\sdk\10.0.201\Microsoft.Common.CurrentVersion.targets(2451,5): warning MSB3277:             C:\Users\ultra\.nuget\packages\microsoft.codecoverage\17.13.0\lib\netcoreapp3.1\Microsoft.VisualStudio.CodeCoverage.Shim.dll [C:\Users\ultra\warewolf\Dev\Dev2.Diagnostics.Tests\Dev2.Diagnostics.Tests.csproj]
C:\Program Files\dotnet\sdk\10.0.201\Microsoft.Common.CurrentVersion.targets(2451,5): warning MSB3277:         C:\Program Files\dotnet\packs\Microsoft.NETCore.App.Ref\8.0.25\ref\net8.0\System.Drawing.dll [C:\Users\ultra\warewolf\Dev\Dev2.Diagnostics.Tests\Dev2.Diagnostics.Tests.csproj]
C:\Program Files\dotnet\sdk\10.0.201\Microsoft.Common.CurrentVersion.targets(2451,5): warning MSB3277:           Project file item includes which caused reference "C:\Program Files\dotnet\packs\Microsoft.NETCore.App.Ref\8.0.25\ref\net8.0\System.Drawing.dll". [C:\Users\ultra\warewolf\Dev\Dev2.Diagnostics.Tests\Dev2.Diagnostics.Tests.csproj]
C:\Program Files\dotnet\sdk\10.0.201\Microsoft.Common.CurrentVersion.targets(2451,5): warning MSB3277:             C:\Program Files\dotnet\packs\Microsoft.NETCore.App.Ref\8.0.25\ref/net8.0/System.Drawing.dll [C:\Users\ultra\warewolf\Dev\Dev2.Diagnostics.Tests\Dev2.Diagnostics.Tests.csproj]
C:\Program Files\dotnet\sdk\10.0.201\Microsoft.Common.CurrentVersion.targets(2451,5): warning MSB3277:             C:\Users\ultra\.nuget\packages\aerowizard\2.3.1\lib\net45\AeroWizard.dll [C:\Users\ultra\warewolf\Dev\Dev2.Diagnostics.Tests\Dev2.Diagnostics.Tests.csproj]
C:\Program Files\dotnet\sdk\10.0.201\Microsoft.Common.CurrentVersion.targets(2451,5): warning MSB3277:             C:\Users\ultra\.nuget\packages\groupcontrols\1.9.0\lib\net45\GroupControls.dll [C:\Users\ultra\warewolf\Dev\Dev2.Diagnostics.Tests\Dev2.Diagnostics.Tests.csproj]
C:\Program Files\dotnet\sdk\10.0.201\Microsoft.Common.CurrentVersion.targets(2451,5): warning MSB3277:             C:\Users\ultra\.nuget\packages\taskschedulereditor\2.10.1\lib\net452\Microsoft.Win32.TaskSchedulerEditor.dll [C:\Users\ultra\warewolf\Dev\Dev2.Diagnostics.Tests\Dev2.Diagnostics.Tests.csproj]
  Warewolf.Studio.AntiCorruptionLayer -> C:\Users\ultra\warewolf\Dev\Warewolf.Studio.AntiCorruptionLayer\bin\Debug\net8.0\Warewolf.Studio.AntiCorruptionLayer.dll
C:\Program Files\dotnet\sdk\10.0.201\Microsoft.Common.CurrentVersion.targets(2451,5): warning MSB3277: Found conflicts between different versions of "Microsoft.Win32.SystemEvents" that could not be resolved. [C:\Users\ultra\warewolf\Dev\Warewolf.Studio.ViewModels\Warewolf.Studio.ViewModels.csproj]
C:\Program Files\dotnet\sdk\10.0.201\Microsoft.Common.CurrentVersion.targets(2451,5): warning MSB3277: There was a conflict between "Microsoft.Win32.SystemEvents, Version=6.0.0.0, Culture=neutral, PublicKeyToken=cc7b13ffcd2ddd51" and "Microsoft.Win32.SystemEvents, Version=7.0.0.0, Culture=neutral, PublicKeyToken=cc7b13ffcd2ddd51". [C:\Users\ultra\warewolf\Dev\Warewolf.Studio.ViewModels\Warewolf.Studio.ViewModels.csproj]
C:\Program Files\dotnet\sdk\10.0.201\Microsoft.Common.CurrentVersion.targets(2451,5): warning MSB3277:     "Microsoft.Win32.SystemEvents, Version=6.0.0.0, Culture=neutral, PublicKeyToken=cc7b13ffcd2ddd51" was chosen because it was primary and "Microsoft.Win32.SystemEvents, Version=7.0.0.0, Culture=neutral, PublicKeyToken=cc7b13ffcd2ddd51" was not. [C:\Users\ultra\warewolf\Dev\Warewolf.Studio.ViewModels\Warewolf.Studio.ViewModels.csproj]
C:\Program Files\dotnet\sdk\10.0.201\Microsoft.Common.CurrentVersion.targets(2451,5): warning MSB3277:     References which depend on "Microsoft.Win32.SystemEvents, Version=6.0.0.0, Culture=neutral, PublicKeyToken=cc7b13ffcd2ddd51" [C:\Users\ultra\.nuget\packages\microsoft.win32.systemevents\6.0.0\lib\net6.0\Microsoft.Win32.SystemEvents.dll]. [C:\Users\ultra\warewolf\Dev\Warewolf.Studio.ViewModels\Warewolf.Studio.ViewModels.csproj]
C:\Program Files\dotnet\sdk\10.0.201\Microsoft.Common.CurrentVersion.targets(2451,5): warning MSB3277:         C:\Users\ultra\.nuget\packages\microsoft.win32.systemevents\6.0.0\lib\net6.0\Microsoft.Win32.SystemEvents.dll [C:\Users\ultra\warewolf\Dev\Warewolf.Studio.ViewModels\Warewolf.Studio.ViewModels.csproj]
C:\Program Files\dotnet\sdk\10.0.201\Microsoft.Common.CurrentVersion.targets(2451,5): warning MSB3277:           Project file item includes which caused reference "C:\Users\ultra\.nuget\packages\microsoft.win32.systemevents\6.0.0\lib\net6.0\Microsoft.Win32.SystemEvents.dll". [C:\Users\ultra\warewolf\Dev\Warewolf.Studio.ViewModels\Warewolf.Studio.ViewModels.csproj]
C:\Program Files\dotnet\sdk\10.0.201\Microsoft.Common.CurrentVersion.targets(2451,5): warning MSB3277:             C:\Users\ultra\.nuget\packages\microsoft.win32.systemevents\6.0.0\lib\net6.0\Microsoft.Win32.SystemEvents.dll [C:\Users\ultra\warewolf\Dev\Warewolf.Studio.ViewModels\Warewolf.Studio.ViewModels.csproj]
C:\Program Files\dotnet\sdk\10.0.201\Microsoft.Common.CurrentVersion.targets(2451,5): warning MSB3277:     References which depend on or have been unified to "Microsoft.Win32.SystemEvents, Version=7.0.0.0, Culture=neutral, PublicKeyToken=cc7b13ffcd2ddd51" []. [C:\Users\ultra\warewolf\Dev\Warewolf.Studio.ViewModels\Warewolf.Studio.ViewModels.csproj]
C:\Program Files\dotnet\sdk\10.0.201\Microsoft.Common.CurrentVersion.targets(2451,5): warning MSB3277:         C:\Users\ultra\warewolf\Dev\Dev2.Common\bin\Debug\net8.0\Dev2.Common.dll [C:\Users\ultra\warewolf\Dev\Warewolf.Studio.ViewModels\Warewolf.Studio.ViewModels.csproj]
C:\Program Files\dotnet\sdk\10.0.201\Microsoft.Common.CurrentVersion.targets(2451,5): warning MSB3277:           Project file item includes which caused reference "C:\Users\ultra\warewolf\Dev\Dev2.Common\bin\Debug\net8.0\Dev2.Common.dll". [C:\Users\ultra\warewolf\Dev\Warewolf.Studio.ViewModels\Warewolf.Studio.ViewModels.csproj]
C:\Program Files\dotnet\sdk\10.0.201\Microsoft.Common.CurrentVersion.targets(2451,5): warning MSB3277:             C:\Users\ultra\warewolf\Dev\Dev2.Common\bin\Debug\net8.0\Dev2.Common.dll [C:\Users\ultra\warewolf\Dev\Warewolf.Studio.ViewModels\Warewolf.Studio.ViewModels.csproj]
C:\Program Files\dotnet\sdk\10.0.201\Microsoft.Common.CurrentVersion.targets(2451,5): warning MSB3277:             C:\Users\ultra\warewolf\Dev\Dev2.Activities\bin\Debug\net8.0\Dev2.Activities.dll [C:\Users\ultra\warewolf\Dev\Warewolf.Studio.ViewModels\Warewolf.Studio.ViewModels.csproj]
C:\Program Files\dotnet\sdk\10.0.201\Microsoft.Common.CurrentVersion.targets(2451,5): warning MSB3277:             C:\Users\ultra\warewolf\Dev\Dev2.Core\bin\Debug\net8.0\Dev2.Core.dll [C:\Users\ultra\warewolf\Dev\Warewolf.Studio.ViewModels\Warewolf.Studio.ViewModels.csproj]
C:\Program Files\dotnet\sdk\10.0.201\Microsoft.Common.CurrentVersion.targets(2451,5): warning MSB3277:             C:\Users\ultra\warewolf\Dev\Dev2.Data\bin\Debug\net8.0\Dev2.Data.dll [C:\Users\ultra\warewolf\Dev\Warewolf.Studio.ViewModels\Warewolf.Studio.ViewModels.csproj]
C:\Program Files\dotnet\sdk\10.0.201\Microsoft.Common.CurrentVersion.targets(2451,5): warning MSB3277:             C:\Users\ultra\warewolf\Dev\Dev2.Diagnostics\bin\Debug\net8.0\Dev2.Diagnostics.dll [C:\Users\ultra\warewolf\Dev\Warewolf.Studio.ViewModels\Warewolf.Studio.ViewModels.csproj]
C:\Program Files\dotnet\sdk\10.0.201\Microsoft.Common.CurrentVersion.targets(2451,5): warning MSB3277:             C:\Users\ultra\warewolf\Dev\Dev2.Infrastructure\bin\Debug\net8.0\Dev2.Infrastructure.dll [C:\Users\ultra\warewolf\Dev\Warewolf.Studio.ViewModels\Warewolf.Studio.ViewModels.csproj]
C:\Program Files\dotnet\sdk\10.0.201\Microsoft.Common.CurrentVersion.targets(2451,5): warning MSB3277:             C:\Users\ultra\warewolf\Dev\Dev2.Studio.Core\bin\Debug\net8.0\Dev2.Studio.Core.dll [C:\Users\ultra\warewolf\Dev\Warewolf.Studio.ViewModels\Warewolf.Studio.ViewModels.csproj]
C:\Program Files\dotnet\sdk\10.0.201\Microsoft.Common.CurrentVersion.targets(2451,5): warning MSB3277:             C:\Users\ultra\warewolf\Dev\Dev2.Studio.Interfaces\bin\Debug\net8.0\Dev2.Studio.Interfaces.dll [C:\Users\ultra\warewolf\Dev\Warewolf.Studio.ViewModels\Warewolf.Studio.ViewModels.csproj]
C:\Program Files\dotnet\sdk\10.0.201\Microsoft.Common.CurrentVersion.targets(2451,5): warning MSB3277:             C:\Users\ultra\warewolf\Dev\Warewolf.Core\bin\Debug\net8.0\Warewolf.Core.dll [C:\Users\ultra\warewolf\Dev\Warewolf.Studio.ViewModels\Warewolf.Studio.ViewModels.csproj]
C:\Program Files\dotnet\sdk\10.0.201\Microsoft.Common.CurrentVersion.targets(2451,5): warning MSB3277:             C:\Users\ultra\warewolf\Dev\Warewolf.ResourceManagement\bin\Debug\net8.0\Warewolf.ResourceManagement.dll [C:\Users\ultra\warewolf\Dev\Warewolf.Studio.ViewModels\Warewolf.Studio.ViewModels.csproj]
C:\Program Files\dotnet\sdk\10.0.201\Microsoft.Common.CurrentVersion.targets(2451,5): warning MSB3277:             C:\Users\ultra\warewolf\Dev\Warewolf.Studio.Core\bin\Debug\net8.0\Warewolf.Studio.Core.dll [C:\Users\ultra\warewolf\Dev\Warewolf.Studio.ViewModels\Warewolf.Studio.ViewModels.csproj]
C:\Program Files\dotnet\sdk\10.0.201\Microsoft.Common.CurrentVersion.targets(2451,5): warning MSB3277:             C:\Users\ultra\warewolf\Dev\Warewolf.Studio.CustomControls\bin\Debug\net8.0\Warewolf.Studio.CustomControls.dll [C:\Users\ultra\warewolf\Dev\Warewolf.Studio.ViewModels\Warewolf.Studio.ViewModels.csproj]
C:\Program Files\dotnet\sdk\10.0.201\Microsoft.Common.CurrentVersion.targets(2451,5): warning MSB3277:             C:\Users\ultra\warewolf\Dev\Warewolf.Studio.Models\bin\Debug\net8.0\Warewolf.Studio.Models.dll [C:\Users\ultra\warewolf\Dev\Warewolf.Studio.ViewModels\Warewolf.Studio.ViewModels.csproj]
C:\Program Files\dotnet\sdk\10.0.201\Microsoft.Common.CurrentVersion.targets(2451,5): warning MSB3277:             C:\Users\ultra\warewolf\Dev\Dev2.Development.Languages\bin\Debug\net8.0\Dev2.Development.Languages.dll [C:\Users\ultra\warewolf\Dev\Warewolf.Studio.ViewModels\Warewolf.Studio.ViewModels.csproj]
C:\Program Files\dotnet\sdk\10.0.201\Microsoft.Common.CurrentVersion.targets(2451,5): warning MSB3277:             C:\Users\ultra\warewolf\Dev\Dev2.Intellisense\bin\Debug\net8.0\Dev2.Intellisense.dll [C:\Users\ultra\warewolf\Dev\Warewolf.Studio.ViewModels\Warewolf.Studio.ViewModels.csproj]
C:\Program Files\dotnet\sdk\10.0.201\Microsoft.Common.CurrentVersion.targets(2451,5): warning MSB3277:             C:\Users\ultra\warewolf\Dev\Dev2.Runtime.Services\bin\Debug\net8.0\Dev2.Runtime.Services.dll [C:\Users\ultra\warewolf\Dev\Warewolf.Studio.ViewModels\Warewolf.Studio.ViewModels.csproj]
C:\Program Files\dotnet\sdk\10.0.201\Microsoft.Common.CurrentVersion.targets(2451,5): warning MSB3277:             C:\Users\ultra\warewolf\Dev\Dev2.Scheduler\bin\Debug\net8.0\Dev2.Scheduler.dll [C:\Users\ultra\warewolf\Dev\Warewolf.Studio.ViewModels\Warewolf.Studio.ViewModels.csproj]
C:\Program Files\dotnet\sdk\10.0.201\Microsoft.Common.CurrentVersion.targets(2451,5): warning MSB3277:             C:\Users\ultra\warewolf\Dev\Dev2.Services.Execution\bin\Debug\net8.0\Dev2.Services.Execution.dll [C:\Users\ultra\warewolf\Dev\Warewolf.Studio.ViewModels\Warewolf.Studio.ViewModels.csproj]
C:\Program Files\dotnet\sdk\10.0.201\Microsoft.Common.CurrentVersion.targets(2451,5): warning MSB3277:             C:\Users\ultra\warewolf\Dev\Dev2.Services.Sql\bin\Debug\net8.0\Dev2.Services.Sql.dll [C:\Users\ultra\warewolf\Dev\Warewolf.Studio.ViewModels\Warewolf.Studio.ViewModels.csproj]
C:\Program Files\dotnet\sdk\10.0.201\Microsoft.Common.CurrentVersion.targets(2451,5): warning MSB3277:             C:\Users\ultra\warewolf\Dev\Dev2.TaskScheduler.Wrappers\bin\Debug\net8.0\Dev2.TaskScheduler.Wrappers.dll [C:\Users\ultra\warewolf\Dev\Warewolf.Studio.ViewModels\Warewolf.Studio.ViewModels.csproj]
C:\Program Files\dotnet\sdk\10.0.201\Microsoft.Common.CurrentVersion.targets(2451,5): warning MSB3277:             C:\Users\ultra\warewolf\Dev\Dev2.Util\bin\Debug\net8.0\Dev2.Util.dll [C:\Users\ultra\warewolf\Dev\Warewolf.Studio.ViewModels\Warewolf.Studio.ViewModels.csproj]
C:\Program Files\dotnet\sdk\10.0.201\Microsoft.Common.CurrentVersion.targets(2451,5): warning MSB3277:             C:\Users\ultra\warewolf\Dev\Warewolf.AI.Harness\bin\Debug\net8.0\Warewolf.AI.Harness.dll [C:\Users\ultra\warewolf\Dev\Warewolf.Studio.ViewModels\Warewolf.Studio.ViewModels.csproj]
C:\Program Files\dotnet\sdk\10.0.201\Microsoft.Common.CurrentVersion.targets(2451,5): warning MSB3277:             C:\Users\ultra\warewolf\Dev\Warewolf.Auditing\bin\Debug\net8.0\Warewolf.Auditing.dll [C:\Users\ultra\warewolf\Dev\Warewolf.Studio.ViewModels\Warewolf.Studio.ViewModels.csproj]
C:\Program Files\dotnet\sdk\10.0.201\Microsoft.Common.CurrentVersion.targets(2451,5): warning MSB3277:             C:\Users\ultra\warewolf\Dev\Warewolf.Common.NetStandard20\bin\Debug\net8.0\Warewolf.Common.NetStandard20.dll [C:\Users\ultra\warewolf\Dev\Warewolf.Studio.ViewModels\Warewolf.Studio.ViewModels.csproj]
C:\Program Files\dotnet\sdk\10.0.201\Microsoft.Common.CurrentVersion.targets(2451,5): warning MSB3277:             C:\Users\ultra\warewolf\Dev\Warewolf.Driver.Persistence\bin\Debug\net8.0\Warewolf.Driver.Persistence.dll [C:\Users\ultra\warewolf\Dev\Warewolf.Studio.ViewModels\Warewolf.Studio.ViewModels.csproj]
C:\Program Files\dotnet\sdk\10.0.201\Microsoft.Common.CurrentVersion.targets(2451,5): warning MSB3277:             C:\Users\ultra\warewolf\Dev\Warewolf.Driver.Serilog\bin\Debug\net8.0\Warewolf.Driver.Serilog.dll [C:\Users\ultra\warewolf\Dev\Warewolf.Studio.ViewModels\Warewolf.Studio.ViewModels.csproj]
C:\Program Files\dotnet\sdk\10.0.201\Microsoft.Common.CurrentVersion.targets(2451,5): warning MSB3277:             C:\Users\ultra\warewolf\Dev\Warewolf.Exchange.Email.Wrapper\bin\Debug\net8.0\Warewolf.Exchange.Email.Wrapper.dll [C:\Users\ultra\warewolf\Dev\Warewolf.Studio.ViewModels\Warewolf.Studio.ViewModels.csproj]
C:\Program Files\dotnet\sdk\10.0.201\Microsoft.Common.CurrentVersion.targets(2451,5): warning MSB3277:             C:\Users\ultra\warewolf\Dev\Warewolf.Sharepoint\bin\Debug\net8.0\Warewolf.Sharepoint.dll [C:\Users\ultra\warewolf\Dev\Warewolf.Studio.ViewModels\Warewolf.Studio.ViewModels.csproj]
C:\Program Files\dotnet\sdk\10.0.201\Microsoft.Common.CurrentVersion.targets(2451,5): warning MSB3277:             C:\Users\ultra\warewolf\Dev\Warewolf.Storage\bin\Debug\net8.0\Warewolf.Storage.dll [C:\Users\ultra\warewolf\Dev\Warewolf.Studio.ViewModels\Warewolf.Studio.ViewModels.csproj]
C:\Program Files\dotnet\sdk\10.0.201\Microsoft.Common.CurrentVersion.targets(2451,5): warning MSB3277:             C:\Users\ultra\warewolf\Dev\Warewolf.UI\bin\Debug\net8.0\Warewolf.UI.dll [C:\Users\ultra\warewolf\Dev\Warewolf.Studio.ViewModels\Warewolf.Studio.ViewModels.csproj]
C:\Program Files\dotnet\sdk\10.0.201\Microsoft.Common.CurrentVersion.targets(2451,5): warning MSB3277:         C:\Users\ultra\warewolf\Dev\Binaries\Infragistcs_Net6\InfragisticsWPF4.v15.1.dll [C:\Users\ultra\warewolf\Dev\Warewolf.Studio.ViewModels\Warewolf.Studio.ViewModels.csproj]
C:\Program Files\dotnet\sdk\10.0.201\Microsoft.Common.CurrentVersion.targets(2451,5): warning MSB3277:           Project file item includes which caused reference "C:\Users\ultra\warewolf\Dev\Binaries\Infragistcs_Net6\InfragisticsWPF4.v15.1.dll". [C:\Users\ultra\warewolf\Dev\Warewolf.Studio.ViewModels\Warewolf.Studio.ViewModels.csproj]
C:\Program Files\dotnet\sdk\10.0.201\Microsoft.Common.CurrentVersion.targets(2451,5): warning MSB3277:             InfragisticsWPF4.v15.1, Version=15.1.20151.2055, Culture=neutral, processorArchitecture=MSIL [C:\Users\ultra\warewolf\Dev\Warewolf.Studio.ViewModels\Warewolf.Studio.ViewModels.csproj]
C:\Program Files\dotnet\sdk\10.0.201\Microsoft.Common.CurrentVersion.targets(2451,5): warning MSB3277:             InfragisticsWPF4.Controls.Editors.XamComboEditor.v15.1, Version=15.1.20151.2055, Culture=neutral, processorArchitecture=MSIL [C:\Users\ultra\warewolf\Dev\Warewolf.Studio.ViewModels\Warewolf.Studio.ViewModels.csproj]
C:\Program Files\dotnet\sdk\10.0.201\Microsoft.Common.CurrentVersion.targets(2451,5): warning MSB3277:             InfragisticsWPF4.DataManager.v15.1, Version=15.1.20151.2055, Culture=neutral, processorArchitecture=MSIL [C:\Users\ultra\warewolf\Dev\Warewolf.Studio.ViewModels\Warewolf.Studio.ViewModels.csproj]
C:\Program Files\dotnet\sdk\10.0.201\Microsoft.Common.CurrentVersion.targets(2451,5): warning MSB3277:         C:\Users\ultra\.nuget\packages\timespan2\2.4.2\lib\netcoreapp3.1\TimeSpan2.dll [C:\Users\ultra\warewolf\Dev\Warewolf.Studio.ViewModels\Warewolf.Studio.ViewModels.csproj]
C:\Program Files\dotnet\sdk\10.0.201\Microsoft.Common.CurrentVersion.targets(2451,5): warning MSB3277:           Project file item includes which caused reference "C:\Users\ultra\.nuget\packages\timespan2\2.4.2\lib\netcoreapp3.1\TimeSpan2.dll". [C:\Users\ultra\warewolf\Dev\Warewolf.Studio.ViewModels\Warewolf.Studio.ViewModels.csproj]
C:\Program Files\dotnet\sdk\10.0.201\Microsoft.Common.CurrentVersion.targets(2451,5): warning MSB3277:             C:\Users\ultra\.nuget\packages\timespan2\2.4.2\lib\netcoreapp3.1\TimeSpan2.dll [C:\Users\ultra\warewolf\Dev\Warewolf.Studio.ViewModels\Warewolf.Studio.ViewModels.csproj]
C:\Program Files\dotnet\sdk\10.0.201\Microsoft.Common.CurrentVersion.targets(2451,5): warning MSB3277:             C:\Users\ultra\.nuget\packages\taskschedulereditor\2.10.1\lib\net452\Microsoft.Win32.TaskSchedulerEditor.dll [C:\Users\ultra\warewolf\Dev\Warewolf.Studio.ViewModels\Warewolf.Studio.ViewModels.csproj]
C:\Program Files\dotnet\sdk\10.0.201\Microsoft.Common.CurrentVersion.targets(2451,5): warning MSB3277:         C:\Program Files\dotnet\packs\Microsoft.NETCore.App.Ref\8.0.25\ref\net8.0\System.dll [C:\Users\ultra\warewolf\Dev\Warewolf.Studio.ViewModels\Warewolf.Studio.ViewModels.csproj]
C:\Program Files\dotnet\sdk\10.0.201\Microsoft.Common.CurrentVersion.targets(2451,5): warning MSB3277:           Project file item includes which caused reference "C:\Program Files\dotnet\packs\Microsoft.NETCore.App.Ref\8.0.25\ref\net8.0\System.dll". [C:\Users\ultra\warewolf\Dev\Warewolf.Studio.ViewModels\Warewolf.Studio.ViewModels.csproj]
C:\Program Files\dotnet\sdk\10.0.201\Microsoft.Common.CurrentVersion.targets(2451,5): warning MSB3277:             C:\Program Files\dotnet\packs\Microsoft.NETCore.App.Ref\8.0.25\ref/net8.0/System.dll [C:\Users\ultra\warewolf\Dev\Warewolf.Studio.ViewModels\Warewolf.Studio.ViewModels.csproj]
C:\Program Files\dotnet\sdk\10.0.201\Microsoft.Common.CurrentVersion.targets(2451,5): warning MSB3277:             C:\Users\ultra\.nuget\packages\aerowizard\2.3.1\lib\net45\AeroWizard.dll [C:\Users\ultra\warewolf\Dev\Warewolf.Studio.ViewModels\Warewolf.Studio.ViewModels.csproj]
C:\Program Files\dotnet\sdk\10.0.201\Microsoft.Common.CurrentVersion.targets(2451,5): warning MSB3277:             C:\Users\ultra\.nuget\packages\groupcontrols\1.9.0\lib\net45\GroupControls.dll [C:\Users\ultra\warewolf\Dev\Warewolf.Studio.ViewModels\Warewolf.Studio.ViewModels.csproj]
C:\Program Files\dotnet\sdk\10.0.201\Microsoft.Common.CurrentVersion.targets(2451,5): warning MSB3277:             C:\Users\ultra\.nuget\packages\microsoft.xaml.behaviors.wpf\1.1.122\lib\net462\Microsoft.Xaml.Behaviors.dll [C:\Users\ultra\warewolf\Dev\Warewolf.Studio.ViewModels\Warewolf.Studio.ViewModels.csproj]
C:\Program Files\dotnet\sdk\10.0.201\Microsoft.Common.CurrentVersion.targets(2451,5): warning MSB3277:             C:\Users\ultra\.nuget\packages\caliburn.micro\4.0.212\lib\netcoreapp3.1\Caliburn.Micro.Platform.dll [C:\Users\ultra\warewolf\Dev\Warewolf.Studio.ViewModels\Warewolf.Studio.ViewModels.csproj]
C:\Program Files\dotnet\sdk\10.0.201\Microsoft.Common.CurrentVersion.targets(2451,5): warning MSB3277:             C:\Users\ultra\.nuget\packages\prism.wpf\9.0.537\lib\net462\Prism.Wpf.dll [C:\Users\ultra\warewolf\Dev\Warewolf.Studio.ViewModels\Warewolf.Studio.ViewModels.csproj]
C:\Program Files\dotnet\sdk\10.0.201\Microsoft.Common.CurrentVersion.targets(2451,5): warning MSB3277:             C:\Users\ultra\.nuget\packages\reactiveui.wpf\18.4.1\lib\net462\ReactiveUI.Wpf.dll [C:\Users\ultra\warewolf\Dev\Warewolf.Studio.ViewModels\Warewolf.Studio.ViewModels.csproj]
C:\Program Files\dotnet\sdk\10.0.201\Microsoft.Common.CurrentVersion.targets(2451,5): warning MSB3277:             C:\Users\ultra\.nuget\packages\taskschedulereditor\2.10.1\lib\net452\Microsoft.Win32.TaskSchedulerEditor.dll [C:\Users\ultra\warewolf\Dev\Warewolf.Studio.ViewModels\Warewolf.Studio.ViewModels.csproj]
C:\Program Files\dotnet\sdk\10.0.201\Microsoft.Common.CurrentVersion.targets(2451,5): warning MSB3277:             C:\Users\ultra\.nuget\packages\ttcue.netcore.sharepointonline.csom.16.1.8029.1200\16.1.8029.1200\lib\netcoreapp2.0\Microsoft.SharePoint.Client.Runtime.Windows.dll [C:\Users\ultra\warewolf\Dev\Warewolf.Studio.ViewModels\Warewolf.Studio.ViewModels.csproj]
C:\Program Files\dotnet\sdk\10.0.201\Microsoft.Common.CurrentVersion.targets(2451,5): warning MSB3277: Found conflicts between different versions of "System.Security.Permissions" that could not be resolved. [C:\Users\ultra\warewolf\Dev\Warewolf.Studio.ViewModels\Warewolf.Studio.ViewModels.csproj]
C:\Program Files\dotnet\sdk\10.0.201\Microsoft.Common.CurrentVersion.targets(2451,5): warning MSB3277: There was a conflict between "System.Security.Permissions, Version=6.0.0.0, Culture=neutral, PublicKeyToken=cc7b13ffcd2ddd51" and "System.Security.Permissions, Version=7.0.0.0, Culture=neutral, PublicKeyToken=cc7b13ffcd2ddd51". [C:\Users\ultra\warewolf\Dev\Warewolf.Studio.ViewModels\Warewolf.Studio.ViewModels.csproj]
C:\Program Files\dotnet\sdk\10.0.201\Microsoft.Common.CurrentVersion.targets(2451,5): warning MSB3277:     "System.Security.Permissions, Version=6.0.0.0, Culture=neutral, PublicKeyToken=cc7b13ffcd2ddd51" was chosen because it was primary and "System.Security.Permissions, Version=7.0.0.0, Culture=neutral, PublicKeyToken=cc7b13ffcd2ddd51" was not. [C:\Users\ultra\warewolf\Dev\Warewolf.Studio.ViewModels\Warewolf.Studio.ViewModels.csproj]
C:\Program Files\dotnet\sdk\10.0.201\Microsoft.Common.CurrentVersion.targets(2451,5): warning MSB3277:     References which depend on "System.Security.Permissions, Version=6.0.0.0, Culture=neutral, PublicKeyToken=cc7b13ffcd2ddd51" [C:\Users\ultra\.nuget\packages\system.security.permissions\6.0.0\lib\net6.0\System.Security.Permissions.dll]. [C:\Users\ultra\warewolf\Dev\Warewolf.Studio.ViewModels\Warewolf.Studio.ViewModels.csproj]
C:\Program Files\dotnet\sdk\10.0.201\Microsoft.Common.CurrentVersion.targets(2451,5): warning MSB3277:         C:\Users\ultra\.nuget\packages\system.security.permissions\6.0.0\lib\net6.0\System.Security.Permissions.dll [C:\Users\ultra\warewolf\Dev\Warewolf.Studio.ViewModels\Warewolf.Studio.ViewModels.csproj]
C:\Program Files\dotnet\sdk\10.0.201\Microsoft.Common.CurrentVersion.targets(2451,5): warning MSB3277:           Project file item includes which caused reference "C:\Users\ultra\.nuget\packages\system.security.permissions\6.0.0\lib\net6.0\System.Security.Permissions.dll". [C:\Users\ultra\warewolf\Dev\Warewolf.Studio.ViewModels\Warewolf.Studio.ViewModels.csproj]
C:\Program Files\dotnet\sdk\10.0.201\Microsoft.Common.CurrentVersion.targets(2451,5): warning MSB3277:             C:\Users\ultra\.nuget\packages\system.security.permissions\6.0.0\lib\net6.0\System.Security.Permissions.dll [C:\Users\ultra\warewolf\Dev\Warewolf.Studio.ViewModels\Warewolf.Studio.ViewModels.csproj]
C:\Program Files\dotnet\sdk\10.0.201\Microsoft.Common.CurrentVersion.targets(2451,5): warning MSB3277:     References which depend on or have been unified to "System.Security.Permissions, Version=7.0.0.0, Culture=neutral, PublicKeyToken=cc7b13ffcd2ddd51" []. [C:\Users\ultra\warewolf\Dev\Warewolf.Studio.ViewModels\Warewolf.Studio.ViewModels.csproj]
C:\Program Files\dotnet\sdk\10.0.201\Microsoft.Common.CurrentVersion.targets(2451,5): warning MSB3277:         C:\Users\ultra\warewolf\Dev\Dev2.Data\bin\Debug\net8.0\Dev2.Data.dll [C:\Users\ultra\warewolf\Dev\Warewolf.Studio.ViewModels\Warewolf.Studio.ViewModels.csproj]
C:\Program Files\dotnet\sdk\10.0.201\Microsoft.Common.CurrentVersion.targets(2451,5): warning MSB3277:           Project file item includes which caused reference "C:\Users\ultra\warewolf\Dev\Dev2.Data\bin\Debug\net8.0\Dev2.Data.dll". [C:\Users\ultra\warewolf\Dev\Warewolf.Studio.ViewModels\Warewolf.Studio.ViewModels.csproj]
C:\Program Files\dotnet\sdk\10.0.201\Microsoft.Common.CurrentVersion.targets(2451,5): warning MSB3277:             C:\Users\ultra\warewolf\Dev\Dev2.Data\bin\Debug\net8.0\Dev2.Data.dll [C:\Users\ultra\warewolf\Dev\Warewolf.Studio.ViewModels\Warewolf.Studio.ViewModels.csproj]
C:\Program Files\dotnet\sdk\10.0.201\Microsoft.Common.CurrentVersion.targets(2451,5): warning MSB3277:             C:\Users\ultra\warewolf\Dev\Dev2.Activities\bin\Debug\net8.0\Dev2.Activities.dll [C:\Users\ultra\warewolf\Dev\Warewolf.Studio.ViewModels\Warewolf.Studio.ViewModels.csproj]
C:\Program Files\dotnet\sdk\10.0.201\Microsoft.Common.CurrentVersion.targets(2451,5): warning MSB3277:             C:\Users\ultra\warewolf\Dev\Dev2.Core\bin\Debug\net8.0\Dev2.Core.dll [C:\Users\ultra\warewolf\Dev\Warewolf.Studio.ViewModels\Warewolf.Studio.ViewModels.csproj]
C:\Program Files\dotnet\sdk\10.0.201\Microsoft.Common.CurrentVersion.targets(2451,5): warning MSB3277:             C:\Users\ultra\warewolf\Dev\Dev2.Studio.Core\bin\Debug\net8.0\Dev2.Studio.Core.dll [C:\Users\ultra\warewolf\Dev\Warewolf.Studio.ViewModels\Warewolf.Studio.ViewModels.csproj]
C:\Program Files\dotnet\sdk\10.0.201\Microsoft.Common.CurrentVersion.targets(2451,5): warning MSB3277:             C:\Users\ultra\warewolf\Dev\Dev2.Studio.Interfaces\bin\Debug\net8.0\Dev2.Studio.Interfaces.dll [C:\Users\ultra\warewolf\Dev\Warewolf.Studio.ViewModels\Warewolf.Studio.ViewModels.csproj]
C:\Program Files\dotnet\sdk\10.0.201\Microsoft.Common.CurrentVersion.targets(2451,5): warning MSB3277:             C:\Users\ultra\warewolf\Dev\Warewolf.Core\bin\Debug\net8.0\Warewolf.Core.dll [C:\Users\ultra\warewolf\Dev\Warewolf.Studio.ViewModels\Warewolf.Studio.ViewModels.csproj]
C:\Program Files\dotnet\sdk\10.0.201\Microsoft.Common.CurrentVersion.targets(2451,5): warning MSB3277:             C:\Users\ultra\warewolf\Dev\Warewolf.ResourceManagement\bin\Debug\net8.0\Warewolf.ResourceManagement.dll [C:\Users\ultra\warewolf\Dev\Warewolf.Studio.ViewModels\Warewolf.Studio.ViewModels.csproj]
C:\Program Files\dotnet\sdk\10.0.201\Microsoft.Common.CurrentVersion.targets(2451,5): warning MSB3277:             C:\Users\ultra\warewolf\Dev\Warewolf.Studio.Core\bin\Debug\net8.0\Warewolf.Studio.Core.dll [C:\Users\ultra\warewolf\Dev\Warewolf.Studio.ViewModels\Warewolf.Studio.ViewModels.csproj]
C:\Program Files\dotnet\sdk\10.0.201\Microsoft.Common.CurrentVersion.targets(2451,5): warning MSB3277:             C:\Users\ultra\warewolf\Dev\Warewolf.Studio.CustomControls\bin\Debug\net8.0\Warewolf.Studio.CustomControls.dll [C:\Users\ultra\warewolf\Dev\Warewolf.Studio.ViewModels\Warewolf.Studio.ViewModels.csproj]
C:\Program Files\dotnet\sdk\10.0.201\Microsoft.Common.CurrentVersion.targets(2451,5): warning MSB3277:             C:\Users\ultra\warewolf\Dev\Warewolf.Studio.Models\bin\Debug\net8.0\Warewolf.Studio.Models.dll [C:\Users\ultra\warewolf\Dev\Warewolf.Studio.ViewModels\Warewolf.Studio.ViewModels.csproj]
C:\Program Files\dotnet\sdk\10.0.201\Microsoft.Common.CurrentVersion.targets(2451,5): warning MSB3277:             C:\Users\ultra\warewolf\Dev\Dev2.Intellisense\bin\Debug\net8.0\Dev2.Intellisense.dll [C:\Users\ultra\warewolf\Dev\Warewolf.Studio.ViewModels\Warewolf.Studio.ViewModels.csproj]
C:\Program Files\dotnet\sdk\10.0.201\Microsoft.Common.CurrentVersion.targets(2451,5): warning MSB3277:             C:\Users\ultra\warewolf\Dev\Dev2.Runtime.Services\bin\Debug\net8.0\Dev2.Runtime.Services.dll [C:\Users\ultra\warewolf\Dev\Warewolf.Studio.ViewModels\Warewolf.Studio.ViewModels.csproj]
C:\Program Files\dotnet\sdk\10.0.201\Microsoft.Common.CurrentVersion.targets(2451,5): warning MSB3277:             C:\Users\ultra\warewolf\Dev\Dev2.Scheduler\bin\Debug\net8.0\Dev2.Scheduler.dll [C:\Users\ultra\warewolf\Dev\Warewolf.Studio.ViewModels\Warewolf.Studio.ViewModels.csproj]
C:\Program Files\dotnet\sdk\10.0.201\Microsoft.Common.CurrentVersion.targets(2451,5): warning MSB3277:             C:\Users\ultra\warewolf\Dev\Dev2.Services.Execution\bin\Debug\net8.0\Dev2.Services.Execution.dll [C:\Users\ultra\warewolf\Dev\Warewolf.Studio.ViewModels\Warewolf.Studio.ViewModels.csproj]
C:\Program Files\dotnet\sdk\10.0.201\Microsoft.Common.CurrentVersion.targets(2451,5): warning MSB3277:             C:\Users\ultra\warewolf\Dev\Warewolf.Auditing\bin\Debug\net8.0\Warewolf.Auditing.dll [C:\Users\ultra\warewolf\Dev\Warewolf.Studio.ViewModels\Warewolf.Studio.ViewModels.csproj]
C:\Program Files\dotnet\sdk\10.0.201\Microsoft.Common.CurrentVersion.targets(2451,5): warning MSB3277:             C:\Users\ultra\warewolf\Dev\Warewolf.Common.NetStandard20\bin\Debug\net8.0\Warewolf.Common.NetStandard20.dll [C:\Users\ultra\warewolf\Dev\Warewolf.Studio.ViewModels\Warewolf.Studio.ViewModels.csproj]
C:\Program Files\dotnet\sdk\10.0.201\Microsoft.Common.CurrentVersion.targets(2451,5): warning MSB3277:             C:\Users\ultra\warewolf\Dev\Warewolf.Driver.Persistence\bin\Debug\net8.0\Warewolf.Driver.Persistence.dll [C:\Users\ultra\warewolf\Dev\Warewolf.Studio.ViewModels\Warewolf.Studio.ViewModels.csproj]
C:\Program Files\dotnet\sdk\10.0.201\Microsoft.Common.CurrentVersion.targets(2451,5): warning MSB3277:             C:\Users\ultra\warewolf\Dev\Warewolf.Exchange.Email.Wrapper\bin\Debug\net8.0\Warewolf.Exchange.Email.Wrapper.dll [C:\Users\ultra\warewolf\Dev\Warewolf.Studio.ViewModels\Warewolf.Studio.ViewModels.csproj]
C:\Program Files\dotnet\sdk\10.0.201\Microsoft.Common.CurrentVersion.targets(2451,5): warning MSB3277:             C:\Users\ultra\warewolf\Dev\Warewolf.UI\bin\Debug\net8.0\Warewolf.UI.dll [C:\Users\ultra\warewolf\Dev\Warewolf.Studio.ViewModels\Warewolf.Studio.ViewModels.csproj]
C:\Program Files\dotnet\sdk\10.0.201\Microsoft.Common.CurrentVersion.targets(2451,5): warning MSB3277:         C:\Users\ultra\warewolf\Dev\Warewolf.Studio.CustomControls\bin\Debug\net8.0\Warewolf.Studio.CustomControls.dll [C:\Users\ultra\warewolf\Dev\Warewolf.Studio.ViewModels\Warewolf.Studio.ViewModels.csproj]
C:\Program Files\dotnet\sdk\10.0.201\Microsoft.Common.CurrentVersion.targets(2451,5): warning MSB3277:           Project file item includes which caused reference "C:\Users\ultra\warewolf\Dev\Warewolf.Studio.CustomControls\bin\Debug\net8.0\Warewolf.Studio.CustomControls.dll". [C:\Users\ultra\warewolf\Dev\Warewolf.Studio.ViewModels\Warewolf.Studio.ViewModels.csproj]
C:\Program Files\dotnet\sdk\10.0.201\Microsoft.Common.CurrentVersion.targets(2451,5): warning MSB3277:             C:\Users\ultra\warewolf\Dev\Warewolf.Studio.CustomControls\bin\Debug\net8.0\Warewolf.Studio.CustomControls.dll [C:\Users\ultra\warewolf\Dev\Warewolf.Studio.ViewModels\Warewolf.Studio.ViewModels.csproj]
C:\Program Files\dotnet\sdk\10.0.201\Microsoft.Common.CurrentVersion.targets(2451,5): warning MSB3277:         C:\Users\ultra\warewolf\Dev\Binaries\Infragistcs_Net6\InfragisticsWPF4.v15.1.dll [C:\Users\ultra\warewolf\Dev\Warewolf.Studio.ViewModels\Warewolf.Studio.ViewModels.csproj]
C:\Program Files\dotnet\sdk\10.0.201\Microsoft.Common.CurrentVersion.targets(2451,5): warning MSB3277:           Project file item includes which caused reference "C:\Users\ultra\warewolf\Dev\Binaries\Infragistcs_Net6\InfragisticsWPF4.v15.1.dll". [C:\Users\ultra\warewolf\Dev\Warewolf.Studio.ViewModels\Warewolf.Studio.ViewModels.csproj]
C:\Program Files\dotnet\sdk\10.0.201\Microsoft.Common.CurrentVersion.targets(2451,5): warning MSB3277:             InfragisticsWPF4.v15.1, Version=15.1.20151.2055, Culture=neutral, processorArchitecture=MSIL [C:\Users\ultra\warewolf\Dev\Warewolf.Studio.ViewModels\Warewolf.Studio.ViewModels.csproj]
C:\Program Files\dotnet\sdk\10.0.201\Microsoft.Common.CurrentVersion.targets(2451,5): warning MSB3277:             InfragisticsWPF4.Controls.Editors.XamComboEditor.v15.1, Version=15.1.20151.2055, Culture=neutral, processorArchitecture=MSIL [C:\Users\ultra\warewolf\Dev\Warewolf.Studio.ViewModels\Warewolf.Studio.ViewModels.csproj]
C:\Program Files\dotnet\sdk\10.0.201\Microsoft.Common.CurrentVersion.targets(2451,5): warning MSB3277:             InfragisticsWPF4.DataManager.v15.1, Version=15.1.20151.2055, Culture=neutral, processorArchitecture=MSIL [C:\Users\ultra\warewolf\Dev\Warewolf.Studio.ViewModels\Warewolf.Studio.ViewModels.csproj]
C:\Program Files\dotnet\sdk\10.0.201\Microsoft.Common.CurrentVersion.targets(2451,5): warning MSB3277:         C:\Users\ultra\.nuget\packages\dotnetzip\1.16.0\lib\netstandard2.0\DotNetZip.dll [C:\Users\ultra\warewolf\Dev\Warewolf.Studio.ViewModels\Warewolf.Studio.ViewModels.csproj]
C:\Program Files\dotnet\sdk\10.0.201\Microsoft.Common.CurrentVersion.targets(2451,5): warning MSB3277:           Project file item includes which caused reference "C:\Users\ultra\.nuget\packages\dotnetzip\1.16.0\lib\netstandard2.0\DotNetZip.dll". [C:\Users\ultra\warewolf\Dev\Warewolf.Studio.ViewModels\Warewolf.Studio.ViewModels.csproj]
C:\Program Files\dotnet\sdk\10.0.201\Microsoft.Common.CurrentVersion.targets(2451,5): warning MSB3277:             C:\Users\ultra\.nuget\packages\dotnetzip\1.16.0\lib\netstandard2.0\DotNetZip.dll [C:\Users\ultra\warewolf\Dev\Warewolf.Studio.ViewModels\Warewolf.Studio.ViewModels.csproj]
C:\Program Files\dotnet\sdk\10.0.201\Microsoft.Common.CurrentVersion.targets(2451,5): warning MSB3277:             C:\Users\ultra\warewolf\Dev\Dev2.Common\bin\Debug\net8.0\Dev2.Common.dll [C:\Users\ultra\warewolf\Dev\Warewolf.Studio.ViewModels\Warewolf.Studio.ViewModels.csproj]
C:\Program Files\dotnet\sdk\10.0.201\Microsoft.Common.CurrentVersion.targets(2451,5): warning MSB3277:             C:\Users\ultra\warewolf\Dev\Dev2.Activities\bin\Debug\net8.0\Dev2.Activities.dll [C:\Users\ultra\warewolf\Dev\Warewolf.Studio.ViewModels\Warewolf.Studio.ViewModels.csproj]
C:\Program Files\dotnet\sdk\10.0.201\Microsoft.Common.CurrentVersion.targets(2451,5): warning MSB3277:             C:\Users\ultra\warewolf\Dev\Dev2.Core\bin\Debug\net8.0\Dev2.Core.dll [C:\Users\ultra\warewolf\Dev\Warewolf.Studio.ViewModels\Warewolf.Studio.ViewModels.csproj]
C:\Program Files\dotnet\sdk\10.0.201\Microsoft.Common.CurrentVersion.targets(2451,5): warning MSB3277:             C:\Users\ultra\warewolf\Dev\Dev2.Data.Interfaces\bin\Debug\net8.0\Dev2.Data.Interfaces.dll [C:\Users\ultra\warewolf\Dev\Warewolf.Studio.ViewModels\Warewolf.Studio.ViewModels.csproj]
C:\Program Files\dotnet\sdk\10.0.201\Microsoft.Common.CurrentVersion.targets(2451,5): warning MSB3277:             C:\Users\ultra\warewolf\Dev\Dev2.Data\bin\Debug\net8.0\Dev2.Data.dll [C:\Users\ultra\warewolf\Dev\Warewolf.Studio.ViewModels\Warewolf.Studio.ViewModels.csproj]
C:\Program Files\dotnet\sdk\10.0.201\Microsoft.Common.CurrentVersion.targets(2451,5): warning MSB3277:             C:\Users\ultra\warewolf\Dev\Dev2.Diagnostics\bin\Debug\net8.0\Dev2.Diagnostics.dll [C:\Users\ultra\warewolf\Dev\Warewolf.Studio.ViewModels\Warewolf.Studio.ViewModels.csproj]
C:\Program Files\dotnet\sdk\10.0.201\Microsoft.Common.CurrentVersion.targets(2451,5): warning MSB3277:             C:\Users\ultra\warewolf\Dev\Dev2.Infrastructure\bin\Debug\net8.0\Dev2.Infrastructure.dll [C:\Users\ultra\warewolf\Dev\Warewolf.Studio.ViewModels\Warewolf.Studio.ViewModels.csproj]
C:\Program Files\dotnet\sdk\10.0.201\Microsoft.Common.CurrentVersion.targets(2451,5): warning MSB3277:             C:\Users\ultra\warewolf\Dev\Dev2.Studio.Core\bin\Debug\net8.0\Dev2.Studio.Core.dll [C:\Users\ultra\warewolf\Dev\Warewolf.Studio.ViewModels\Warewolf.Studio.ViewModels.csproj]
C:\Program Files\dotnet\sdk\10.0.201\Microsoft.Common.CurrentVersion.targets(2451,5): warning MSB3277:             C:\Users\ultra\warewolf\Dev\Dev2.Studio.Interfaces\bin\Debug\net8.0\Dev2.Studio.Interfaces.dll [C:\Users\ultra\warewolf\Dev\Warewolf.Studio.ViewModels\Warewolf.Studio.ViewModels.csproj]
C:\Program Files\dotnet\sdk\10.0.201\Microsoft.Common.CurrentVersion.targets(2451,5): warning MSB3277:             C:\Users\ultra\warewolf\Dev\Warewolf.Core\bin\Debug\net8.0\Warewolf.Core.dll [C:\Users\ultra\warewolf\Dev\Warewolf.Studio.ViewModels\Warewolf.Studio.ViewModels.csproj]
C:\Program Files\dotnet\sdk\10.0.201\Microsoft.Common.CurrentVersion.targets(2451,5): warning MSB3277:             C:\Users\ultra\warewolf\Dev\Warewolf.ResourceManagement\bin\Debug\net8.0\Warewolf.ResourceManagement.dll [C:\Users\ultra\warewolf\Dev\Warewolf.Studio.ViewModels\Warewolf.Studio.ViewModels.csproj]
C:\Program Files\dotnet\sdk\10.0.201\Microsoft.Common.CurrentVersion.targets(2451,5): warning MSB3277:             C:\Users\ultra\warewolf\Dev\Warewolf.Studio.Core\bin\Debug\net8.0\Warewolf.Studio.Core.dll [C:\Users\ultra\warewolf\Dev\Warewolf.Studio.ViewModels\Warewolf.Studio.ViewModels.csproj]
C:\Program Files\dotnet\sdk\10.0.201\Microsoft.Common.CurrentVersion.targets(2451,5): warning MSB3277:             C:\Users\ultra\warewolf\Dev\Warewolf.Studio.CustomControls\bin\Debug\net8.0\Warewolf.Studio.CustomControls.dll [C:\Users\ultra\warewolf\Dev\Warewolf.Studio.ViewModels\Warewolf.Studio.ViewModels.csproj]
C:\Program Files\dotnet\sdk\10.0.201\Microsoft.Common.CurrentVersion.targets(2451,5): warning MSB3277:             C:\Users\ultra\warewolf\Dev\Warewolf.Studio.Models\bin\Debug\net8.0\Warewolf.Studio.Models.dll [C:\Users\ultra\warewolf\Dev\Warewolf.Studio.ViewModels\Warewolf.Studio.ViewModels.csproj]
C:\Program Files\dotnet\sdk\10.0.201\Microsoft.Common.CurrentVersion.targets(2451,5): warning MSB3277:             C:\Users\ultra\warewolf\Dev\Dev2.Development.Languages\bin\Debug\net8.0\Dev2.Development.Languages.dll [C:\Users\ultra\warewolf\Dev\Warewolf.Studio.ViewModels\Warewolf.Studio.ViewModels.csproj]
C:\Program Files\dotnet\sdk\10.0.201\Microsoft.Common.CurrentVersion.targets(2451,5): warning MSB3277:             C:\Users\ultra\warewolf\Dev\Dev2.Intellisense\bin\Debug\net8.0\Dev2.Intellisense.dll [C:\Users\ultra\warewolf\Dev\Warewolf.Studio.ViewModels\Warewolf.Studio.ViewModels.csproj]
C:\Program Files\dotnet\sdk\10.0.201\Microsoft.Common.CurrentVersion.targets(2451,5): warning MSB3277:             C:\Users\ultra\warewolf\Dev\Dev2.Runtime.Services\bin\Debug\net8.0\Dev2.Runtime.Services.dll [C:\Users\ultra\warewolf\Dev\Warewolf.Studio.ViewModels\Warewolf.Studio.ViewModels.csproj]
C:\Program Files\dotnet\sdk\10.0.201\Microsoft.Common.CurrentVersion.targets(2451,5): warning MSB3277:             C:\Users\ultra\warewolf\Dev\Dev2.Scheduler\bin\Debug\net8.0\Dev2.Scheduler.dll [C:\Users\ultra\warewolf\Dev\Warewolf.Studio.ViewModels\Warewolf.Studio.ViewModels.csproj]
C:\Program Files\dotnet\sdk\10.0.201\Microsoft.Common.CurrentVersion.targets(2451,5): warning MSB3277:             C:\Users\ultra\warewolf\Dev\Dev2.Services.Execution\bin\Debug\net8.0\Dev2.Services.Execution.dll [C:\Users\ultra\warewolf\Dev\Warewolf.Studio.ViewModels\Warewolf.Studio.ViewModels.csproj]
C:\Program Files\dotnet\sdk\10.0.201\Microsoft.Common.CurrentVersion.targets(2451,5): warning MSB3277:             C:\Users\ultra\warewolf\Dev\Dev2.Services.Sql\bin\Debug\net8.0\Dev2.Services.Sql.dll [C:\Users\ultra\warewolf\Dev\Warewolf.Studio.ViewModels\Warewolf.Studio.ViewModels.csproj]
C:\Program Files\dotnet\sdk\10.0.201\Microsoft.Common.CurrentVersion.targets(2451,5): warning MSB3277:             C:\Users\ultra\warewolf\Dev\Dev2.TaskScheduler.Wrappers\bin\Debug\net8.0\Dev2.TaskScheduler.Wrappers.dll [C:\Users\ultra\warewolf\Dev\Warewolf.Studio.ViewModels\Warewolf.Studio.ViewModels.csproj]
C:\Program Files\dotnet\sdk\10.0.201\Microsoft.Common.CurrentVersion.targets(2451,5): warning MSB3277:             C:\Users\ultra\warewolf\Dev\Dev2.Util\bin\Debug\net8.0\Dev2.Util.dll [C:\Users\ultra\warewolf\Dev\Warewolf.Studio.ViewModels\Warewolf.Studio.ViewModels.csproj]
C:\Program Files\dotnet\sdk\10.0.201\Microsoft.Common.CurrentVersion.targets(2451,5): warning MSB3277:             C:\Users\ultra\warewolf\Dev\Warewolf.AI.Harness\bin\Debug\net8.0\Warewolf.AI.Harness.dll [C:\Users\ultra\warewolf\Dev\Warewolf.Studio.ViewModels\Warewolf.Studio.ViewModels.csproj]
C:\Program Files\dotnet\sdk\10.0.201\Microsoft.Common.CurrentVersion.targets(2451,5): warning MSB3277:             C:\Users\ultra\warewolf\Dev\Warewolf.Auditing\bin\Debug\net8.0\Warewolf.Auditing.dll [C:\Users\ultra\warewolf\Dev\Warewolf.Studio.ViewModels\Warewolf.Studio.ViewModels.csproj]
C:\Program Files\dotnet\sdk\10.0.201\Microsoft.Common.CurrentVersion.targets(2451,5): warning MSB3277:             C:\Users\ultra\warewolf\Dev\Warewolf.Common.NetStandard20\bin\Debug\net8.0\Warewolf.Common.NetStandard20.dll [C:\Users\ultra\warewolf\Dev\Warewolf.Studio.ViewModels\Warewolf.Studio.ViewModels.csproj]
C:\Program Files\dotnet\sdk\10.0.201\Microsoft.Common.CurrentVersion.targets(2451,5): warning MSB3277:             C:\Users\ultra\warewolf\Dev\Warewolf.Driver.Persistence\bin\Debug\net8.0\Warewolf.Driver.Persistence.dll [C:\Users\ultra\warewolf\Dev\Warewolf.Studio.ViewModels\Warewolf.Studio.ViewModels.csproj]
C:\Program Files\dotnet\sdk\10.0.201\Microsoft.Common.CurrentVersion.targets(2451,5): warning MSB3277:             C:\Users\ultra\warewolf\Dev\Warewolf.Driver.Serilog\bin\Debug\net8.0\Warewolf.Driver.Serilog.dll [C:\Users\ultra\warewolf\Dev\Warewolf.Studio.ViewModels\Warewolf.Studio.ViewModels.csproj]
C:\Program Files\dotnet\sdk\10.0.201\Microsoft.Common.CurrentVersion.targets(2451,5): warning MSB3277:             C:\Users\ultra\warewolf\Dev\Warewolf.Exchange.Email.Wrapper\bin\Debug\net8.0\Warewolf.Exchange.Email.Wrapper.dll [C:\Users\ultra\warewolf\Dev\Warewolf.Studio.ViewModels\Warewolf.Studio.ViewModels.csproj]
C:\Program Files\dotnet\sdk\10.0.201\Microsoft.Common.CurrentVersion.targets(2451,5): warning MSB3277:             C:\Users\ultra\warewolf\Dev\Warewolf.Sharepoint\bin\Debug\net8.0\Warewolf.Sharepoint.dll [C:\Users\ultra\warewolf\Dev\Warewolf.Studio.ViewModels\Warewolf.Studio.ViewModels.csproj]
C:\Program Files\dotnet\sdk\10.0.201\Microsoft.Common.CurrentVersion.targets(2451,5): warning MSB3277:             C:\Users\ultra\warewolf\Dev\Warewolf.Storage\bin\Debug\net8.0\Warewolf.Storage.dll [C:\Users\ultra\warewolf\Dev\Warewolf.Studio.ViewModels\Warewolf.Studio.ViewModels.csproj]
C:\Program Files\dotnet\sdk\10.0.201\Microsoft.Common.CurrentVersion.targets(2451,5): warning MSB3277:             C:\Users\ultra\warewolf\Dev\Warewolf.UI\bin\Debug\net8.0\Warewolf.UI.dll [C:\Users\ultra\warewolf\Dev\Warewolf.Studio.ViewModels\Warewolf.Studio.ViewModels.csproj]
C:\Program Files\dotnet\sdk\10.0.201\Microsoft.Common.CurrentVersion.targets(2451,5): warning MSB3277:         C:\Users\ultra\.nuget\packages\mindbox.data.linq\5.0.0\lib\netstandard2.0\Mindbox.Data.Linq.dll [C:\Users\ultra\warewolf\Dev\Warewolf.Studio.ViewModels\Warewolf.Studio.ViewModels.csproj]
C:\Program Files\dotnet\sdk\10.0.201\Microsoft.Common.CurrentVersion.targets(2451,5): warning MSB3277:           Project file item includes which caused reference "C:\Users\ultra\.nuget\packages\mindbox.data.linq\5.0.0\lib\netstandard2.0\Mindbox.Data.Linq.dll". [C:\Users\ultra\warewolf\Dev\Warewolf.Studio.ViewModels\Warewolf.Studio.ViewModels.csproj]
C:\Program Files\dotnet\sdk\10.0.201\Microsoft.Common.CurrentVersion.targets(2451,5): warning MSB3277:             C:\Users\ultra\.nuget\packages\mindbox.data.linq\5.0.0\lib\netstandard2.0\Mindbox.Data.Linq.dll [C:\Users\ultra\warewolf\Dev\Warewolf.Studio.ViewModels\Warewolf.Studio.ViewModels.csproj]
C:\Program Files\dotnet\sdk\10.0.201\Microsoft.Common.CurrentVersion.targets(2451,5): warning MSB3277:             C:\Users\ultra\warewolf\Dev\Warewolf.Auditing\bin\Debug\net8.0\Warewolf.Auditing.dll [C:\Users\ultra\warewolf\Dev\Warewolf.Studio.ViewModels\Warewolf.Studio.ViewModels.csproj]
C:\Program Files\dotnet\sdk\10.0.201\Microsoft.Common.CurrentVersion.targets(2451,5): warning MSB3277:             C:\Users\ultra\warewolf\Dev\Dev2.Activities\bin\Debug\net8.0\Dev2.Activities.dll [C:\Users\ultra\warewolf\Dev\Warewolf.Studio.ViewModels\Warewolf.Studio.ViewModels.csproj]
C:\Program Files\dotnet\sdk\10.0.201\Microsoft.Common.CurrentVersion.targets(2451,5): warning MSB3277:             C:\Users\ultra\warewolf\Dev\Dev2.Studio.Core\bin\Debug\net8.0\Dev2.Studio.Core.dll [C:\Users\ultra\warewolf\Dev\Warewolf.Studio.ViewModels\Warewolf.Studio.ViewModels.csproj]
C:\Program Files\dotnet\sdk\10.0.201\Microsoft.Common.CurrentVersion.targets(2451,5): warning MSB3277:             C:\Users\ultra\warewolf\Dev\Dev2.Intellisense\bin\Debug\net8.0\Dev2.Intellisense.dll [C:\Users\ultra\warewolf\Dev\Warewolf.Studio.ViewModels\Warewolf.Studio.ViewModels.csproj]
C:\Program Files\dotnet\sdk\10.0.201\Microsoft.Common.CurrentVersion.targets(2451,5): warning MSB3277:             C:\Users\ultra\warewolf\Dev\Dev2.Runtime.Services\bin\Debug\net8.0\Dev2.Runtime.Services.dll [C:\Users\ultra\warewolf\Dev\Warewolf.Studio.ViewModels\Warewolf.Studio.ViewModels.csproj]
C:\Program Files\dotnet\sdk\10.0.201\Microsoft.Common.CurrentVersion.targets(2451,5): warning MSB3277:             C:\Users\ultra\warewolf\Dev\Dev2.Studio.Interfaces\bin\Debug\net8.0\Dev2.Studio.Interfaces.dll [C:\Users\ultra\warewolf\Dev\Warewolf.Studio.ViewModels\Warewolf.Studio.ViewModels.csproj]
C:\Program Files\dotnet\sdk\10.0.201\Microsoft.Common.CurrentVersion.targets(2451,5): warning MSB3277:             C:\Users\ultra\warewolf\Dev\Warewolf.Studio.Core\bin\Debug\net8.0\Warewolf.Studio.Core.dll [C:\Users\ultra\warewolf\Dev\Warewolf.Studio.ViewModels\Warewolf.Studio.ViewModels.csproj]
C:\Program Files\dotnet\sdk\10.0.201\Microsoft.Common.CurrentVersion.targets(2451,5): warning MSB3277:             C:\Users\ultra\warewolf\Dev\Warewolf.Studio.CustomControls\bin\Debug\net8.0\Warewolf.Studio.CustomControls.dll [C:\Users\ultra\warewolf\Dev\Warewolf.Studio.ViewModels\Warewolf.Studio.ViewModels.csproj]
C:\Program Files\dotnet\sdk\10.0.201\Microsoft.Common.CurrentVersion.targets(2451,5): warning MSB3277:             C:\Users\ultra\warewolf\Dev\Warewolf.Studio.Models\bin\Debug\net8.0\Warewolf.Studio.Models.dll [C:\Users\ultra\warewolf\Dev\Warewolf.Studio.ViewModels\Warewolf.Studio.ViewModels.csproj]
C:\Program Files\dotnet\sdk\10.0.201\Microsoft.Common.CurrentVersion.targets(2451,5): warning MSB3277:             C:\Users\ultra\warewolf\Dev\Dev2.Services.Execution\bin\Debug\net8.0\Dev2.Services.Execution.dll [C:\Users\ultra\warewolf\Dev\Warewolf.Studio.ViewModels\Warewolf.Studio.ViewModels.csproj]
C:\Program Files\dotnet\sdk\10.0.201\Microsoft.Common.CurrentVersion.targets(2451,5): warning MSB3277:             C:\Users\ultra\warewolf\Dev\Warewolf.Common.NetStandard20\bin\Debug\net8.0\Warewolf.Common.NetStandard20.dll [C:\Users\ultra\warewolf\Dev\Warewolf.Studio.ViewModels\Warewolf.Studio.ViewModels.csproj]
C:\Program Files\dotnet\sdk\10.0.201\Microsoft.Common.CurrentVersion.targets(2451,5): warning MSB3277:             C:\Users\ultra\warewolf\Dev\Warewolf.Driver.Persistence\bin\Debug\net8.0\Warewolf.Driver.Persistence.dll [C:\Users\ultra\warewolf\Dev\Warewolf.Studio.ViewModels\Warewolf.Studio.ViewModels.csproj]
C:\Program Files\dotnet\sdk\10.0.201\Microsoft.Common.CurrentVersion.targets(2451,5): warning MSB3277:         C:\Users\ultra\.nuget\packages\mysql.data\8.4.0\lib\net8.0\MySql.Data.dll [C:\Users\ultra\warewolf\Dev\Warewolf.Studio.ViewModels\Warewolf.Studio.ViewModels.csproj]
C:\Program Files\dotnet\sdk\10.0.201\Microsoft.Common.CurrentVersion.targets(2451,5): warning MSB3277:           Project file item includes which caused reference "C:\Users\ultra\.nuget\packages\mysql.data\8.4.0\lib\net8.0\MySql.Data.dll". [C:\Users\ultra\warewolf\Dev\Warewolf.Studio.ViewModels\Warewolf.Studio.ViewModels.csproj]
C:\Program Files\dotnet\sdk\10.0.201\Microsoft.Common.CurrentVersion.targets(2451,5): warning MSB3277:             C:\Users\ultra\.nuget\packages\mysql.data\8.4.0\lib\net8.0\MySql.Data.dll [C:\Users\ultra\warewolf\Dev\Warewolf.Studio.ViewModels\Warewolf.Studio.ViewModels.csproj]
C:\Program Files\dotnet\sdk\10.0.201\Microsoft.Common.CurrentVersion.targets(2451,5): warning MSB3277:             C:\Users\ultra\warewolf\Dev\Dev2.Activities\bin\Debug\net8.0\Dev2.Activities.dll [C:\Users\ultra\warewolf\Dev\Warewolf.Studio.ViewModels\Warewolf.Studio.ViewModels.csproj]
C:\Program Files\dotnet\sdk\10.0.201\Microsoft.Common.CurrentVersion.targets(2451,5): warning MSB3277:             C:\Users\ultra\warewolf\Dev\Dev2.Studio.Core\bin\Debug\net8.0\Dev2.Studio.Core.dll [C:\Users\ultra\warewolf\Dev\Warewolf.Studio.ViewModels\Warewolf.Studio.ViewModels.csproj]
C:\Program Files\dotnet\sdk\10.0.201\Microsoft.Common.CurrentVersion.targets(2451,5): warning MSB3277:             C:\Users\ultra\warewolf\Dev\Dev2.Intellisense\bin\Debug\net8.0\Dev2.Intellisense.dll [C:\Users\ultra\warewolf\Dev\Warewolf.Studio.ViewModels\Warewolf.Studio.ViewModels.csproj]
C:\Program Files\dotnet\sdk\10.0.201\Microsoft.Common.CurrentVersion.targets(2451,5): warning MSB3277:             C:\Users\ultra\warewolf\Dev\Dev2.Runtime.Services\bin\Debug\net8.0\Dev2.Runtime.Services.dll [C:\Users\ultra\warewolf\Dev\Warewolf.Studio.ViewModels\Warewolf.Studio.ViewModels.csproj]
C:\Program Files\dotnet\sdk\10.0.201\Microsoft.Common.CurrentVersion.targets(2451,5): warning MSB3277:             C:\Users\ultra\warewolf\Dev\Dev2.Studio.Interfaces\bin\Debug\net8.0\Dev2.Studio.Interfaces.dll [C:\Users\ultra\warewolf\Dev\Warewolf.Studio.ViewModels\Warewolf.Studio.ViewModels.csproj]
C:\Program Files\dotnet\sdk\10.0.201\Microsoft.Common.CurrentVersion.targets(2451,5): warning MSB3277:             C:\Users\ultra\warewolf\Dev\Warewolf.Studio.Core\bin\Debug\net8.0\Warewolf.Studio.Core.dll [C:\Users\ultra\warewolf\Dev\Warewolf.Studio.ViewModels\Warewolf.Studio.ViewModels.csproj]
C:\Program Files\dotnet\sdk\10.0.201\Microsoft.Common.CurrentVersion.targets(2451,5): warning MSB3277:             C:\Users\ultra\warewolf\Dev\Warewolf.Studio.CustomControls\bin\Debug\net8.0\Warewolf.Studio.CustomControls.dll [C:\Users\ultra\warewolf\Dev\Warewolf.Studio.ViewModels\Warewolf.Studio.ViewModels.csproj]
C:\Program Files\dotnet\sdk\10.0.201\Microsoft.Common.CurrentVersion.targets(2451,5): warning MSB3277:             C:\Users\ultra\warewolf\Dev\Warewolf.Studio.Models\bin\Debug\net8.0\Warewolf.Studio.Models.dll [C:\Users\ultra\warewolf\Dev\Warewolf.Studio.ViewModels\Warewolf.Studio.ViewModels.csproj]
C:\Program Files\dotnet\sdk\10.0.201\Microsoft.Common.CurrentVersion.targets(2451,5): warning MSB3277:             C:\Users\ultra\warewolf\Dev\Dev2.Services.Execution\bin\Debug\net8.0\Dev2.Services.Execution.dll [C:\Users\ultra\warewolf\Dev\Warewolf.Studio.ViewModels\Warewolf.Studio.ViewModels.csproj]
C:\Program Files\dotnet\sdk\10.0.201\Microsoft.Common.CurrentVersion.targets(2451,5): warning MSB3277:             C:\Users\ultra\warewolf\Dev\Dev2.Services.Sql\bin\Debug\net8.0\Dev2.Services.Sql.dll [C:\Users\ultra\warewolf\Dev\Warewolf.Studio.ViewModels\Warewolf.Studio.ViewModels.csproj]
C:\Program Files\dotnet\sdk\10.0.201\Microsoft.Common.CurrentVersion.targets(2451,5): warning MSB3277:             C:\Users\ultra\warewolf\Dev\Warewolf.Driver.Persistence\bin\Debug\net8.0\Warewolf.Driver.Persistence.dll [C:\Users\ultra\warewolf\Dev\Warewolf.Studio.ViewModels\Warewolf.Studio.ViewModels.csproj]
C:\Program Files\dotnet\sdk\10.0.201\Microsoft.Common.CurrentVersion.targets(2451,5): warning MSB3277:         C:\Users\ultra\.nuget\packages\oracle.manageddataaccess.core\3.21.70\lib\netstandard2.1\Oracle.ManagedDataAccess.dll [C:\Users\ultra\warewolf\Dev\Warewolf.Studio.ViewModels\Warewolf.Studio.ViewModels.csproj]
C:\Program Files\dotnet\sdk\10.0.201\Microsoft.Common.CurrentVersion.targets(2451,5): warning MSB3277:           Project file item includes which caused reference "C:\Users\ultra\.nuget\packages\oracle.manageddataaccess.core\3.21.70\lib\netstandard2.1\Oracle.ManagedDataAccess.dll". [C:\Users\ultra\warewolf\Dev\Warewolf.Studio.ViewModels\Warewolf.Studio.ViewModels.csproj]
C:\Program Files\dotnet\sdk\10.0.201\Microsoft.Common.CurrentVersion.targets(2451,5): warning MSB3277:             C:\Users\ultra\.nuget\packages\oracle.manageddataaccess.core\3.21.70\lib\netstandard2.1\Oracle.ManagedDataAccess.dll [C:\Users\ultra\warewolf\Dev\Warewolf.Studio.ViewModels\Warewolf.Studio.ViewModels.csproj]
C:\Program Files\dotnet\sdk\10.0.201\Microsoft.Common.CurrentVersion.targets(2451,5): warning MSB3277:             C:\Users\ultra\warewolf\Dev\Dev2.Runtime.Services\bin\Debug\net8.0\Dev2.Runtime.Services.dll [C:\Users\ultra\warewolf\Dev\Warewolf.Studio.ViewModels\Warewolf.Studio.ViewModels.csproj]
C:\Program Files\dotnet\sdk\10.0.201\Microsoft.Common.CurrentVersion.targets(2451,5): warning MSB3277:             C:\Users\ultra\warewolf\Dev\Dev2.Activities\bin\Debug\net8.0\Dev2.Activities.dll [C:\Users\ultra\warewolf\Dev\Warewolf.Studio.ViewModels\Warewolf.Studio.ViewModels.csproj]
C:\Program Files\dotnet\sdk\10.0.201\Microsoft.Common.CurrentVersion.targets(2451,5): warning MSB3277:             C:\Users\ultra\warewolf\Dev\Dev2.Studio.Core\bin\Debug\net8.0\Dev2.Studio.Core.dll [C:\Users\ultra\warewolf\Dev\Warewolf.Studio.ViewModels\Warewolf.Studio.ViewModels.csproj]
C:\Program Files\dotnet\sdk\10.0.201\Microsoft.Common.CurrentVersion.targets(2451,5): warning MSB3277:             C:\Users\ultra\warewolf\Dev\Dev2.Studio.Interfaces\bin\Debug\net8.0\Dev2.Studio.Interfaces.dll [C:\Users\ultra\warewolf\Dev\Warewolf.Studio.ViewModels\Warewolf.Studio.ViewModels.csproj]
C:\Program Files\dotnet\sdk\10.0.201\Microsoft.Common.CurrentVersion.targets(2451,5): warning MSB3277:             C:\Users\ultra\warewolf\Dev\Warewolf.Studio.Core\bin\Debug\net8.0\Warewolf.Studio.Core.dll [C:\Users\ultra\warewolf\Dev\Warewolf.Studio.ViewModels\Warewolf.Studio.ViewModels.csproj]
C:\Program Files\dotnet\sdk\10.0.201\Microsoft.Common.CurrentVersion.targets(2451,5): warning MSB3277:             C:\Users\ultra\warewolf\Dev\Warewolf.Studio.CustomControls\bin\Debug\net8.0\Warewolf.Studio.CustomControls.dll [C:\Users\ultra\warewolf\Dev\Warewolf.Studio.ViewModels\Warewolf.Studio.ViewModels.csproj]
C:\Program Files\dotnet\sdk\10.0.201\Microsoft.Common.CurrentVersion.targets(2451,5): warning MSB3277:             C:\Users\ultra\warewolf\Dev\Warewolf.Studio.Models\bin\Debug\net8.0\Warewolf.Studio.Models.dll [C:\Users\ultra\warewolf\Dev\Warewolf.Studio.ViewModels\Warewolf.Studio.ViewModels.csproj]
C:\Program Files\dotnet\sdk\10.0.201\Microsoft.Common.CurrentVersion.targets(2451,5): warning MSB3277:             C:\Users\ultra\warewolf\Dev\Dev2.Intellisense\bin\Debug\net8.0\Dev2.Intellisense.dll [C:\Users\ultra\warewolf\Dev\Warewolf.Studio.ViewModels\Warewolf.Studio.ViewModels.csproj]
C:\Program Files\dotnet\sdk\10.0.201\Microsoft.Common.CurrentVersion.targets(2451,5): warning MSB3277:             C:\Users\ultra\warewolf\Dev\Dev2.Services.Execution\bin\Debug\net8.0\Dev2.Services.Execution.dll [C:\Users\ultra\warewolf\Dev\Warewolf.Studio.ViewModels\Warewolf.Studio.ViewModels.csproj]
C:\Program Files\dotnet\sdk\10.0.201\Microsoft.Common.CurrentVersion.targets(2451,5): warning MSB3277:             C:\Users\ultra\warewolf\Dev\Dev2.Services.Sql\bin\Debug\net8.0\Dev2.Services.Sql.dll [C:\Users\ultra\warewolf\Dev\Warewolf.Studio.ViewModels\Warewolf.Studio.ViewModels.csproj]
C:\Program Files\dotnet\sdk\10.0.201\Microsoft.Common.CurrentVersion.targets(2451,5): warning MSB3277:             C:\Users\ultra\warewolf\Dev\Warewolf.Driver.Persistence\bin\Debug\net8.0\Warewolf.Driver.Persistence.dll [C:\Users\ultra\warewolf\Dev\Warewolf.Studio.ViewModels\Warewolf.Studio.ViewModels.csproj]
C:\Program Files\dotnet\sdk\10.0.201\Microsoft.Common.CurrentVersion.targets(2451,5): warning MSB3277:         C:\Users\ultra\.nuget\packages\system.directoryservices\6.0.0\lib\net6.0\System.DirectoryServices.dll [C:\Users\ultra\warewolf\Dev\Warewolf.Studio.ViewModels\Warewolf.Studio.ViewModels.csproj]
C:\Program Files\dotnet\sdk\10.0.201\Microsoft.Common.CurrentVersion.targets(2451,5): warning MSB3277:           Project file item includes which caused reference "C:\Users\ultra\.nuget\packages\system.directoryservices\6.0.0\lib\net6.0\System.DirectoryServices.dll". [C:\Users\ultra\warewolf\Dev\Warewolf.Studio.ViewModels\Warewolf.Studio.ViewModels.csproj]
C:\Program Files\dotnet\sdk\10.0.201\Microsoft.Common.CurrentVersion.targets(2451,5): warning MSB3277:             C:\Users\ultra\.nuget\packages\system.directoryservices\6.0.0\lib\net6.0\System.DirectoryServices.dll [C:\Users\ultra\warewolf\Dev\Warewolf.Studio.ViewModels\Warewolf.Studio.ViewModels.csproj]
C:\Program Files\dotnet\sdk\10.0.201\Microsoft.Common.CurrentVersion.targets(2451,5): warning MSB3277:             C:\Users\ultra\.nuget\packages\corewcf.primitives\1.2.1\lib\netstandard2.0\CoreWCF.Primitives.dll [C:\Users\ultra\warewolf\Dev\Warewolf.Studio.ViewModels\Warewolf.Studio.ViewModels.csproj]
C:\Program Files\dotnet\sdk\10.0.201\Microsoft.Common.CurrentVersion.targets(2451,5): warning MSB3277:             C:\Users\ultra\warewolf\Dev\Dev2.Runtime.Services\bin\Debug\net8.0\Dev2.Runtime.Services.dll [C:\Users\ultra\warewolf\Dev\Warewolf.Studio.ViewModels\Warewolf.Studio.ViewModels.csproj]
C:\Program Files\dotnet\sdk\10.0.201\Microsoft.Common.CurrentVersion.targets(2451,5): warning MSB3277:             C:\Users\ultra\warewolf\Dev\Dev2.Activities\bin\Debug\net8.0\Dev2.Activities.dll [C:\Users\ultra\warewolf\Dev\Warewolf.Studio.ViewModels\Warewolf.Studio.ViewModels.csproj]
C:\Program Files\dotnet\sdk\10.0.201\Microsoft.Common.CurrentVersion.targets(2451,5): warning MSB3277:             C:\Users\ultra\warewolf\Dev\Dev2.Studio.Core\bin\Debug\net8.0\Dev2.Studio.Core.dll [C:\Users\ultra\warewolf\Dev\Warewolf.Studio.ViewModels\Warewolf.Studio.ViewModels.csproj]
C:\Program Files\dotnet\sdk\10.0.201\Microsoft.Common.CurrentVersion.targets(2451,5): warning MSB3277:             C:\Users\ultra\warewolf\Dev\Dev2.Studio.Interfaces\bin\Debug\net8.0\Dev2.Studio.Interfaces.dll [C:\Users\ultra\warewolf\Dev\Warewolf.Studio.ViewModels\Warewolf.Studio.ViewModels.csproj]
C:\Program Files\dotnet\sdk\10.0.201\Microsoft.Common.CurrentVersion.targets(2451,5): warning MSB3277:             C:\Users\ultra\warewolf\Dev\Warewolf.Studio.Core\bin\Debug\net8.0\Warewolf.Studio.Core.dll [C:\Users\ultra\warewolf\Dev\Warewolf.Studio.ViewModels\Warewolf.Studio.ViewModels.csproj]
C:\Program Files\dotnet\sdk\10.0.201\Microsoft.Common.CurrentVersion.targets(2451,5): warning MSB3277:             C:\Users\ultra\warewolf\Dev\Warewolf.Studio.CustomControls\bin\Debug\net8.0\Warewolf.Studio.CustomControls.dll [C:\Users\ultra\warewolf\Dev\Warewolf.Studio.ViewModels\Warewolf.Studio.ViewModels.csproj]
C:\Program Files\dotnet\sdk\10.0.201\Microsoft.Common.CurrentVersion.targets(2451,5): warning MSB3277:             C:\Users\ultra\warewolf\Dev\Warewolf.Studio.Models\bin\Debug\net8.0\Warewolf.Studio.Models.dll [C:\Users\ultra\warewolf\Dev\Warewolf.Studio.ViewModels\Warewolf.Studio.ViewModels.csproj]
C:\Program Files\dotnet\sdk\10.0.201\Microsoft.Common.CurrentVersion.targets(2451,5): warning MSB3277:             C:\Users\ultra\warewolf\Dev\Dev2.Intellisense\bin\Debug\net8.0\Dev2.Intellisense.dll [C:\Users\ultra\warewolf\Dev\Warewolf.Studio.ViewModels\Warewolf.Studio.ViewModels.csproj]
C:\Program Files\dotnet\sdk\10.0.201\Microsoft.Common.CurrentVersion.targets(2451,5): warning MSB3277:             C:\Users\ultra\warewolf\Dev\Dev2.Services.Execution\bin\Debug\net8.0\Dev2.Services.Execution.dll [C:\Users\ultra\warewolf\Dev\Warewolf.Studio.ViewModels\Warewolf.Studio.ViewModels.csproj]
C:\Program Files\dotnet\sdk\10.0.201\Microsoft.Common.CurrentVersion.targets(2451,5): warning MSB3277:             C:\Users\ultra\warewolf\Dev\Warewolf.Driver.Persistence\bin\Debug\net8.0\Warewolf.Driver.Persistence.dll [C:\Users\ultra\warewolf\Dev\Warewolf.Studio.ViewModels\Warewolf.Studio.ViewModels.csproj]
C:\Program Files\dotnet\sdk\10.0.201\Microsoft.Common.CurrentVersion.targets(2451,5): warning MSB3277:             C:\Users\ultra\.nuget\packages\corewcf.http\1.2.1\lib\netstandard2.0\CoreWCF.Http.dll [C:\Users\ultra\warewolf\Dev\Warewolf.Studio.ViewModels\Warewolf.Studio.ViewModels.csproj]
C:\Program Files\dotnet\sdk\10.0.201\Microsoft.Common.CurrentVersion.targets(2451,5): warning MSB3277:             C:\Users\ultra\.nuget\packages\corewcf.nettcp\1.2.1\lib\netstandard2.0\CoreWCF.NetTcp.dll [C:\Users\ultra\warewolf\Dev\Warewolf.Studio.ViewModels\Warewolf.Studio.ViewModels.csproj]
C:\Program Files\dotnet\sdk\10.0.201\Microsoft.Common.CurrentVersion.targets(2451,5): warning MSB3277:             C:\Users\ultra\.nuget\packages\corewcf.webhttp\1.2.1\lib\netstandard2.0\CoreWCF.WebHttp.dll [C:\Users\ultra\warewolf\Dev\Warewolf.Studio.ViewModels\Warewolf.Studio.ViewModels.csproj]
C:\Program Files\dotnet\sdk\10.0.201\Microsoft.Common.CurrentVersion.targets(2451,5): warning MSB3277:         C:\Program Files\dotnet\packs\Microsoft.NETCore.App.Ref\8.0.25\ref\net8.0\System.Configuration.dll [C:\Users\ultra\warewolf\Dev\Warewolf.Studio.ViewModels\Warewolf.Studio.ViewModels.csproj]
C:\Program Files\dotnet\sdk\10.0.201\Microsoft.Common.CurrentVersion.targets(2451,5): warning MSB3277:           Project file item includes which caused reference "C:\Program Files\dotnet\packs\Microsoft.NETCore.App.Ref\8.0.25\ref\net8.0\System.Configuration.dll". [C:\Users\ultra\warewolf\Dev\Warewolf.Studio.ViewModels\Warewolf.Studio.ViewModels.csproj]
C:\Program Files\dotnet\sdk\10.0.201\Microsoft.Common.CurrentVersion.targets(2451,5): warning MSB3277:             C:\Program Files\dotnet\packs\Microsoft.NETCore.App.Ref\8.0.25\ref/net8.0/System.Configuration.dll [C:\Users\ultra\warewolf\Dev\Warewolf.Studio.ViewModels\Warewolf.Studio.ViewModels.csproj]
C:\Program Files\dotnet\sdk\10.0.201\Microsoft.Common.CurrentVersion.targets(2451,5): warning MSB3277:             C:\Users\ultra\.nuget\packages\prism.wpf\9.0.537\lib\net462\Prism.Wpf.dll [C:\Users\ultra\warewolf\Dev\Warewolf.Studio.ViewModels\Warewolf.Studio.ViewModels.csproj]
C:\Program Files\dotnet\sdk\10.0.201\Microsoft.Common.CurrentVersion.targets(2451,5): warning MSB3277:         C:\Program Files\dotnet\packs\Microsoft.NETCore.App.Ref\8.0.25\ref\net8.0\System.Data.dll [C:\Users\ultra\warewolf\Dev\Warewolf.Studio.ViewModels\Warewolf.Studio.ViewModels.csproj]
C:\Program Files\dotnet\sdk\10.0.201\Microsoft.Common.CurrentVersion.targets(2451,5): warning MSB3277:           Project file item includes which caused reference "C:\Program Files\dotnet\packs\Microsoft.NETCore.App.Ref\8.0.25\ref\net8.0\System.Data.dll". [C:\Users\ultra\warewolf\Dev\Warewolf.Studio.ViewModels\Warewolf.Studio.ViewModels.csproj]
C:\Program Files\dotnet\sdk\10.0.201\Microsoft.Common.CurrentVersion.targets(2451,5): warning MSB3277:             C:\Program Files\dotnet\packs\Microsoft.NETCore.App.Ref\8.0.25\ref/net8.0/System.Data.dll [C:\Users\ultra\warewolf\Dev\Warewolf.Studio.ViewModels\Warewolf.Studio.ViewModels.csproj]
C:\Program Files\dotnet\sdk\10.0.201\Microsoft.Common.CurrentVersion.targets(2451,5): warning MSB3277:             C:\Users\ultra\.nuget\packages\taskschedulereditor\2.10.1\lib\net452\Microsoft.Win32.TaskSchedulerEditor.dll [C:\Users\ultra\warewolf\Dev\Warewolf.Studio.ViewModels\Warewolf.Studio.ViewModels.csproj]
C:\Program Files\dotnet\sdk\10.0.201\Microsoft.Common.CurrentVersion.targets(2451,5): warning MSB3277:         C:\Program Files\dotnet\packs\Microsoft.NETCore.App.Ref\8.0.25\ref\net8.0\System.Drawing.dll [C:\Users\ultra\warewolf\Dev\Warewolf.Studio.ViewModels\Warewolf.Studio.ViewModels.csproj]
C:\Program Files\dotnet\sdk\10.0.201\Microsoft.Common.CurrentVersion.targets(2451,5): warning MSB3277:           Project file item includes which caused reference "C:\Program Files\dotnet\packs\Microsoft.NETCore.App.Ref\8.0.25\ref\net8.0\System.Drawing.dll". [C:\Users\ultra\warewolf\Dev\Warewolf.Studio.ViewModels\Warewolf.Studio.ViewModels.csproj]
C:\Program Files\dotnet\sdk\10.0.201\Microsoft.Common.CurrentVersion.targets(2451,5): warning MSB3277:             C:\Program Files\dotnet\packs\Microsoft.NETCore.App.Ref\8.0.25\ref/net8.0/System.Drawing.dll [C:\Users\ultra\warewolf\Dev\Warewolf.Studio.ViewModels\Warewolf.Studio.ViewModels.csproj]
C:\Program Files\dotnet\sdk\10.0.201\Microsoft.Common.CurrentVersion.targets(2451,5): warning MSB3277:             C:\Users\ultra\.nuget\packages\aerowizard\2.3.1\lib\net45\AeroWizard.dll [C:\Users\ultra\warewolf\Dev\Warewolf.Studio.ViewModels\Warewolf.Studio.ViewModels.csproj]
C:\Program Files\dotnet\sdk\10.0.201\Microsoft.Common.CurrentVersion.targets(2451,5): warning MSB3277:             C:\Users\ultra\.nuget\packages\groupcontrols\1.9.0\lib\net45\GroupControls.dll [C:\Users\ultra\warewolf\Dev\Warewolf.Studio.ViewModels\Warewolf.Studio.ViewModels.csproj]
C:\Program Files\dotnet\sdk\10.0.201\Microsoft.Common.CurrentVersion.targets(2451,5): warning MSB3277:             C:\Users\ultra\.nuget\packages\taskschedulereditor\2.10.1\lib\net452\Microsoft.Win32.TaskSchedulerEditor.dll [C:\Users\ultra\warewolf\Dev\Warewolf.Studio.ViewModels\Warewolf.Studio.ViewModels.csproj]
C:\Program Files\dotnet\sdk\10.0.201\Microsoft.Common.CurrentVersion.targets(2451,5): warning MSB3277:         C:\Program Files\dotnet\packs\Microsoft.NETCore.App.Ref\8.0.25\ref\net8.0\System.Net.dll [C:\Users\ultra\warewolf\Dev\Warewolf.Studio.ViewModels\Warewolf.Studio.ViewModels.csproj]
C:\Program Files\dotnet\sdk\10.0.201\Microsoft.Common.CurrentVersion.targets(2451,5): warning MSB3277:           Project file item includes which caused reference "C:\Program Files\dotnet\packs\Microsoft.NETCore.App.Ref\8.0.25\ref\net8.0\System.Net.dll". [C:\Users\ultra\warewolf\Dev\Warewolf.Studio.ViewModels\Warewolf.Studio.ViewModels.csproj]
C:\Program Files\dotnet\sdk\10.0.201\Microsoft.Common.CurrentVersion.targets(2451,5): warning MSB3277:             C:\Program Files\dotnet\packs\Microsoft.NETCore.App.Ref\8.0.25\ref/net8.0/System.Net.dll [C:\Users\ultra\warewolf\Dev\Warewolf.Studio.ViewModels\Warewolf.Studio.ViewModels.csproj]
C:\Program Files\dotnet\sdk\10.0.201\Microsoft.Common.CurrentVersion.targets(2451,5): warning MSB3277:         C:\Program Files\dotnet\packs\Microsoft.NETCore.App.Ref\8.0.25\ref\net8.0\System.Security.dll [C:\Users\ultra\warewolf\Dev\Warewolf.Studio.ViewModels\Warewolf.Studio.ViewModels.csproj]
C:\Program Files\dotnet\sdk\10.0.201\Microsoft.Common.CurrentVersion.targets(2451,5): warning MSB3277:           Project file item includes which caused reference "C:\Program Files\dotnet\packs\Microsoft.NETCore.App.Ref\8.0.25\ref\net8.0\System.Security.dll". [C:\Users\ultra\warewolf\Dev\Warewolf.Studio.ViewModels\Warewolf.Studio.ViewModels.csproj]
C:\Program Files\dotnet\sdk\10.0.201\Microsoft.Common.CurrentVersion.targets(2451,5): warning MSB3277:             C:\Program Files\dotnet\packs\Microsoft.NETCore.App.Ref\8.0.25\ref/net8.0/System.Security.dll [C:\Users\ultra\warewolf\Dev\Warewolf.Studio.ViewModels\Warewolf.Studio.ViewModels.csproj]
C:\Program Files\dotnet\sdk\10.0.201\Microsoft.Common.CurrentVersion.targets(2451,5): warning MSB3277:         C:\Program Files\dotnet\packs\Microsoft.NETCore.App.Ref\8.0.25\ref\net8.0\System.ServiceProcess.dll [C:\Users\ultra\warewolf\Dev\Warewolf.Studio.ViewModels\Warewolf.Studio.ViewModels.csproj]
C:\Program Files\dotnet\sdk\10.0.201\Microsoft.Common.CurrentVersion.targets(2451,5): warning MSB3277:           Project file item includes which caused reference "C:\Program Files\dotnet\packs\Microsoft.NETCore.App.Ref\8.0.25\ref\net8.0\System.ServiceProcess.dll". [C:\Users\ultra\warewolf\Dev\Warewolf.Studio.ViewModels\Warewolf.Studio.ViewModels.csproj]
C:\Program Files\dotnet\sdk\10.0.201\Microsoft.Common.CurrentVersion.targets(2451,5): warning MSB3277:             C:\Program Files\dotnet\packs\Microsoft.NETCore.App.Ref\8.0.25\ref/net8.0/System.ServiceProcess.dll [C:\Users\ultra\warewolf\Dev\Warewolf.Studio.ViewModels\Warewolf.Studio.ViewModels.csproj]
C:\Program Files\dotnet\sdk\10.0.201\Microsoft.Common.CurrentVersion.targets(2451,5): warning MSB3277:         C:\Program Files\dotnet\packs\Microsoft.NETCore.App.Ref\8.0.25\ref\net8.0\System.Transactions.dll [C:\Users\ultra\warewolf\Dev\Warewolf.Studio.ViewModels\Warewolf.Studio.ViewModels.csproj]
C:\Program Files\dotnet\sdk\10.0.201\Microsoft.Common.CurrentVersion.targets(2451,5): warning MSB3277:           Project file item includes which caused reference "C:\Program Files\dotnet\packs\Microsoft.NETCore.App.Ref\8.0.25\ref\net8.0\System.Transactions.dll". [C:\Users\ultra\warewolf\Dev\Warewolf.Studio.ViewModels\Warewolf.Studio.ViewModels.csproj]
C:\Program Files\dotnet\sdk\10.0.201\Microsoft.Common.CurrentVersion.targets(2451,5): warning MSB3277:             C:\Program Files\dotnet\packs\Microsoft.NETCore.App.Ref\8.0.25\ref/net8.0/System.Transactions.dll [C:\Users\ultra\warewolf\Dev\Warewolf.Studio.ViewModels\Warewolf.Studio.ViewModels.csproj]
C:\Program Files\dotnet\sdk\10.0.201\Microsoft.Common.CurrentVersion.targets(2451,5): warning MSB3277:         C:\Program Files\dotnet\packs\Microsoft.NETCore.App.Ref\8.0.25\ref\net8.0\System.dll [C:\Users\ultra\warewolf\Dev\Warewolf.Studio.ViewModels\Warewolf.Studio.ViewModels.csproj]
C:\Program Files\dotnet\sdk\10.0.201\Microsoft.Common.CurrentVersion.targets(2451,5): warning MSB3277:           Project file item includes which caused reference "C:\Program Files\dotnet\packs\Microsoft.NETCore.App.Ref\8.0.25\ref\net8.0\System.dll". [C:\Users\ultra\warewolf\Dev\Warewolf.Studio.ViewModels\Warewolf.Studio.ViewModels.csproj]
C:\Program Files\dotnet\sdk\10.0.201\Microsoft.Common.CurrentVersion.targets(2451,5): warning MSB3277:             C:\Program Files\dotnet\packs\Microsoft.NETCore.App.Ref\8.0.25\ref/net8.0/System.dll [C:\Users\ultra\warewolf\Dev\Warewolf.Studio.ViewModels\Warewolf.Studio.ViewModels.csproj]
C:\Program Files\dotnet\sdk\10.0.201\Microsoft.Common.CurrentVersion.targets(2451,5): warning MSB3277:             C:\Users\ultra\.nuget\packages\aerowizard\2.3.1\lib\net45\AeroWizard.dll [C:\Users\ultra\warewolf\Dev\Warewolf.Studio.ViewModels\Warewolf.Studio.ViewModels.csproj]
C:\Program Files\dotnet\sdk\10.0.201\Microsoft.Common.CurrentVersion.targets(2451,5): warning MSB3277:             C:\Users\ultra\.nuget\packages\groupcontrols\1.9.0\lib\net45\GroupControls.dll [C:\Users\ultra\warewolf\Dev\Warewolf.Studio.ViewModels\Warewolf.Studio.ViewModels.csproj]
C:\Program Files\dotnet\sdk\10.0.201\Microsoft.Common.CurrentVersion.targets(2451,5): warning MSB3277:             C:\Users\ultra\.nuget\packages\microsoft.xaml.behaviors.wpf\1.1.122\lib\net462\Microsoft.Xaml.Behaviors.dll [C:\Users\ultra\warewolf\Dev\Warewolf.Studio.ViewModels\Warewolf.Studio.ViewModels.csproj]
C:\Program Files\dotnet\sdk\10.0.201\Microsoft.Common.CurrentVersion.targets(2451,5): warning MSB3277:             C:\Users\ultra\.nuget\packages\caliburn.micro\4.0.212\lib\netcoreapp3.1\Caliburn.Micro.Platform.dll [C:\Users\ultra\warewolf\Dev\Warewolf.Studio.ViewModels\Warewolf.Studio.ViewModels.csproj]
C:\Program Files\dotnet\sdk\10.0.201\Microsoft.Common.CurrentVersion.targets(2451,5): warning MSB3277:             C:\Users\ultra\.nuget\packages\prism.wpf\9.0.537\lib\net462\Prism.Wpf.dll [C:\Users\ultra\warewolf\Dev\Warewolf.Studio.ViewModels\Warewolf.Studio.ViewModels.csproj]
C:\Program Files\dotnet\sdk\10.0.201\Microsoft.Common.CurrentVersion.targets(2451,5): warning MSB3277:             C:\Users\ultra\.nuget\packages\reactiveui.wpf\18.4.1\lib\net462\ReactiveUI.Wpf.dll [C:\Users\ultra\warewolf\Dev\Warewolf.Studio.ViewModels\Warewolf.Studio.ViewModels.csproj]
C:\Program Files\dotnet\sdk\10.0.201\Microsoft.Common.CurrentVersion.targets(2451,5): warning MSB3277:             C:\Users\ultra\.nuget\packages\taskschedulereditor\2.10.1\lib\net452\Microsoft.Win32.TaskSchedulerEditor.dll [C:\Users\ultra\warewolf\Dev\Warewolf.Studio.ViewModels\Warewolf.Studio.ViewModels.csproj]
C:\Program Files\dotnet\sdk\10.0.201\Microsoft.Common.CurrentVersion.targets(2451,5): warning MSB3277:             C:\Users\ultra\.nuget\packages\ttcue.netcore.sharepointonline.csom.16.1.8029.1200\16.1.8029.1200\lib\netcoreapp2.0\Microsoft.SharePoint.Client.Runtime.Windows.dll [C:\Users\ultra\warewolf\Dev\Warewolf.Studio.ViewModels\Warewolf.Studio.ViewModels.csproj]
C:\Program Files\dotnet\sdk\10.0.201\Microsoft.Common.CurrentVersion.targets(2451,5): warning MSB3277:         C:\Program Files\dotnet\packs\Microsoft.NETCore.App.Ref\8.0.25\ref\net8.0\WindowsBase.dll [C:\Users\ultra\warewolf\Dev\Warewolf.Studio.ViewModels\Warewolf.Studio.ViewModels.csproj]
C:\Program Files\dotnet\sdk\10.0.201\Microsoft.Common.CurrentVersion.targets(2451,5): warning MSB3277:           Project file item includes which caused reference "C:\Program Files\dotnet\packs\Microsoft.NETCore.App.Ref\8.0.25\ref\net8.0\WindowsBase.dll". [C:\Users\ultra\warewolf\Dev\Warewolf.Studio.ViewModels\Warewolf.Studio.ViewModels.csproj]
C:\Program Files\dotnet\sdk\10.0.201\Microsoft.Common.CurrentVersion.targets(2451,5): warning MSB3277:             C:\Program Files\dotnet\packs\Microsoft.NETCore.App.Ref\8.0.25\ref/net8.0/WindowsBase.dll [C:\Users\ultra\warewolf\Dev\Warewolf.Studio.ViewModels\Warewolf.Studio.ViewModels.csproj]
C:\Program Files\dotnet\sdk\10.0.201\Microsoft.Common.CurrentVersion.targets(2451,5): warning MSB3277:         C:\Program Files\dotnet\packs\Microsoft.NETCore.App.Ref\8.0.25\ref\net8.0\mscorlib.dll [C:\Users\ultra\warewolf\Dev\Warewolf.Studio.ViewModels\Warewolf.Studio.ViewModels.csproj]
C:\Program Files\dotnet\sdk\10.0.201\Microsoft.Common.CurrentVersion.targets(2451,5): warning MSB3277:           Project file item includes which caused reference "C:\Program Files\dotnet\packs\Microsoft.NETCore.App.Ref\8.0.25\ref\net8.0\mscorlib.dll". [C:\Users\ultra\warewolf\Dev\Warewolf.Studio.ViewModels\Warewolf.Studio.ViewModels.csproj]
C:\Program Files\dotnet\sdk\10.0.201\Microsoft.Common.CurrentVersion.targets(2451,5): warning MSB3277:             C:\Program Files\dotnet\packs\Microsoft.NETCore.App.Ref\8.0.25\ref/net8.0/mscorlib.dll [C:\Users\ultra\warewolf\Dev\Warewolf.Studio.ViewModels\Warewolf.Studio.ViewModels.csproj]
C:\Program Files\dotnet\sdk\10.0.201\Microsoft.Common.CurrentVersion.targets(2451,5): warning MSB3277:             C:\Users\ultra\.nuget\packages\aerowizard\2.3.1\lib\net45\AeroWizard.dll [C:\Users\ultra\warewolf\Dev\Warewolf.Studio.ViewModels\Warewolf.Studio.ViewModels.csproj]
C:\Program Files\dotnet\sdk\10.0.201\Microsoft.Common.CurrentVersion.targets(2451,5): warning MSB3277:             C:\Users\ultra\.nuget\packages\groupcontrols\1.9.0\lib\net45\GroupControls.dll [C:\Users\ultra\warewolf\Dev\Warewolf.Studio.ViewModels\Warewolf.Studio.ViewModels.csproj]
C:\Program Files\dotnet\sdk\10.0.201\Microsoft.Common.CurrentVersion.targets(2451,5): warning MSB3277:             C:\Users\ultra\.nuget\packages\hangfire.core\1.7.32\lib\netstandard2.0\Hangfire.Core.dll [C:\Users\ultra\warewolf\Dev\Warewolf.Studio.ViewModels\Warewolf.Studio.ViewModels.csproj]
C:\Program Files\dotnet\sdk\10.0.201\Microsoft.Common.CurrentVersion.targets(2451,5): warning MSB3277:             C:\Users\ultra\warewolf\Dev\Dev2.Activities\bin\Debug\net8.0\Dev2.Activities.dll [C:\Users\ultra\warewolf\Dev\Warewolf.Studio.ViewModels\Warewolf.Studio.ViewModels.csproj]
C:\Program Files\dotnet\sdk\10.0.201\Microsoft.Common.CurrentVersion.targets(2451,5): warning MSB3277:             C:\Users\ultra\warewolf\Dev\Dev2.Studio.Core\bin\Debug\net8.0\Dev2.Studio.Core.dll [C:\Users\ultra\warewolf\Dev\Warewolf.Studio.ViewModels\Warewolf.Studio.ViewModels.csproj]
C:\Program Files\dotnet\sdk\10.0.201\Microsoft.Common.CurrentVersion.targets(2451,5): warning MSB3277:             C:\Users\ultra\warewolf\Dev\Dev2.Intellisense\bin\Debug\net8.0\Dev2.Intellisense.dll [C:\Users\ultra\warewolf\Dev\Warewolf.Studio.ViewModels\Warewolf.Studio.ViewModels.csproj]
C:\Program Files\dotnet\sdk\10.0.201\Microsoft.Common.CurrentVersion.targets(2451,5): warning MSB3277:             C:\Users\ultra\warewolf\Dev\Warewolf.Driver.Persistence\bin\Debug\net8.0\Warewolf.Driver.Persistence.dll [C:\Users\ultra\warewolf\Dev\Warewolf.Studio.ViewModels\Warewolf.Studio.ViewModels.csproj]
C:\Program Files\dotnet\sdk\10.0.201\Microsoft.Common.CurrentVersion.targets(2451,5): warning MSB3277:             C:\Users\ultra\.nuget\packages\hangfire.sqlserver\1.7.32\lib\netstandard2.0\Hangfire.SqlServer.dll [C:\Users\ultra\warewolf\Dev\Warewolf.Studio.ViewModels\Warewolf.Studio.ViewModels.csproj]
C:\Program Files\dotnet\sdk\10.0.201\Microsoft.Common.CurrentVersion.targets(2451,5): warning MSB3277:             C:\Users\ultra\.nuget\packages\microsoft.xaml.behaviors.wpf\1.1.122\lib\net462\Microsoft.Xaml.Behaviors.dll [C:\Users\ultra\warewolf\Dev\Warewolf.Studio.ViewModels\Warewolf.Studio.ViewModels.csproj]
C:\Program Files\dotnet\sdk\10.0.201\Microsoft.Common.CurrentVersion.targets(2451,5): warning MSB3277:             C:\Users\ultra\.nuget\packages\caliburn.micro\4.0.212\lib\netcoreapp3.1\Caliburn.Micro.Platform.dll [C:\Users\ultra\warewolf\Dev\Warewolf.Studio.ViewModels\Warewolf.Studio.ViewModels.csproj]
C:\Program Files\dotnet\sdk\10.0.201\Microsoft.Common.CurrentVersion.targets(2451,5): warning MSB3277:             C:\Users\ultra\.nuget\packages\oracle.manageddataaccess.core\3.21.70\lib\netstandard2.1\Oracle.ManagedDataAccess.dll [C:\Users\ultra\warewolf\Dev\Warewolf.Studio.ViewModels\Warewolf.Studio.ViewModels.csproj]
C:\Program Files\dotnet\sdk\10.0.201\Microsoft.Common.CurrentVersion.targets(2451,5): warning MSB3277:             C:\Users\ultra\warewolf\Dev\Dev2.Runtime.Services\bin\Debug\net8.0\Dev2.Runtime.Services.dll [C:\Users\ultra\warewolf\Dev\Warewolf.Studio.ViewModels\Warewolf.Studio.ViewModels.csproj]
C:\Program Files\dotnet\sdk\10.0.201\Microsoft.Common.CurrentVersion.targets(2451,5): warning MSB3277:             C:\Users\ultra\warewolf\Dev\Dev2.Studio.Interfaces\bin\Debug\net8.0\Dev2.Studio.Interfaces.dll [C:\Users\ultra\warewolf\Dev\Warewolf.Studio.ViewModels\Warewolf.Studio.ViewModels.csproj]
C:\Program Files\dotnet\sdk\10.0.201\Microsoft.Common.CurrentVersion.targets(2451,5): warning MSB3277:             C:\Users\ultra\warewolf\Dev\Warewolf.Studio.Core\bin\Debug\net8.0\Warewolf.Studio.Core.dll [C:\Users\ultra\warewolf\Dev\Warewolf.Studio.ViewModels\Warewolf.Studio.ViewModels.csproj]
C:\Program Files\dotnet\sdk\10.0.201\Microsoft.Common.CurrentVersion.targets(2451,5): warning MSB3277:             C:\Users\ultra\warewolf\Dev\Warewolf.Studio.CustomControls\bin\Debug\net8.0\Warewolf.Studio.CustomControls.dll [C:\Users\ultra\warewolf\Dev\Warewolf.Studio.ViewModels\Warewolf.Studio.ViewModels.csproj]
C:\Program Files\dotnet\sdk\10.0.201\Microsoft.Common.CurrentVersion.targets(2451,5): warning MSB3277:             C:\Users\ultra\warewolf\Dev\Warewolf.Studio.Models\bin\Debug\net8.0\Warewolf.Studio.Models.dll [C:\Users\ultra\warewolf\Dev\Warewolf.Studio.ViewModels\Warewolf.Studio.ViewModels.csproj]
C:\Program Files\dotnet\sdk\10.0.201\Microsoft.Common.CurrentVersion.targets(2451,5): warning MSB3277:             C:\Users\ultra\warewolf\Dev\Dev2.Services.Execution\bin\Debug\net8.0\Dev2.Services.Execution.dll [C:\Users\ultra\warewolf\Dev\Warewolf.Studio.ViewModels\Warewolf.Studio.ViewModels.csproj]
C:\Program Files\dotnet\sdk\10.0.201\Microsoft.Common.CurrentVersion.targets(2451,5): warning MSB3277:             C:\Users\ultra\warewolf\Dev\Dev2.Services.Sql\bin\Debug\net8.0\Dev2.Services.Sql.dll [C:\Users\ultra\warewolf\Dev\Warewolf.Studio.ViewModels\Warewolf.Studio.ViewModels.csproj]
C:\Program Files\dotnet\sdk\10.0.201\Microsoft.Common.CurrentVersion.targets(2451,5): warning MSB3277:             C:\Users\ultra\.nuget\packages\prism.wpf\9.0.537\lib\net462\Prism.Wpf.dll [C:\Users\ultra\warewolf\Dev\Warewolf.Studio.ViewModels\Warewolf.Studio.ViewModels.csproj]
C:\Program Files\dotnet\sdk\10.0.201\Microsoft.Common.CurrentVersion.targets(2451,5): warning MSB3277:             C:\Users\ultra\.nuget\packages\reactiveui.wpf\18.4.1\lib\net462\ReactiveUI.Wpf.dll [C:\Users\ultra\warewolf\Dev\Warewolf.Studio.ViewModels\Warewolf.Studio.ViewModels.csproj]
C:\Program Files\dotnet\sdk\10.0.201\Microsoft.Common.CurrentVersion.targets(2451,5): warning MSB3277:             C:\Users\ultra\.nuget\packages\taskschedulereditor\2.10.1\lib\net452\Microsoft.Win32.TaskSchedulerEditor.dll [C:\Users\ultra\warewolf\Dev\Warewolf.Studio.ViewModels\Warewolf.Studio.ViewModels.csproj]
C:\Program Files\dotnet\sdk\10.0.201\Microsoft.Common.CurrentVersion.targets(2451,5): warning MSB3277:             C:\Users\ultra\.nuget\packages\ttcue.netcore.sharepointonline.csom.16.1.8029.1200\16.1.8029.1200\lib\netcoreapp2.0\Microsoft.SharePoint.Client.Runtime.Windows.dll [C:\Users\ultra\warewolf\Dev\Warewolf.Studio.ViewModels\Warewolf.Studio.ViewModels.csproj]
C:\Program Files\dotnet\sdk\10.0.201\Microsoft.Common.CurrentVersion.targets(2451,5): warning MSB3277:         C:\Users\ultra\warewolf\Dev\Dev2.Development.Languages\bin\Debug\net8.0\IronRuby.dll [C:\Users\ultra\warewolf\Dev\Warewolf.Studio.ViewModels\Warewolf.Studio.ViewModels.csproj]
C:\Program Files\dotnet\sdk\10.0.201\Microsoft.Common.CurrentVersion.targets(2451,5): warning MSB3277:           Project file item includes which caused reference "C:\Users\ultra\warewolf\Dev\Dev2.Development.Languages\bin\Debug\net8.0\IronRuby.dll". [C:\Users\ultra\warewolf\Dev\Warewolf.Studio.ViewModels\Warewolf.Studio.ViewModels.csproj]
C:\Program Files\dotnet\sdk\10.0.201\Microsoft.Common.CurrentVersion.targets(2451,5): warning MSB3277:             C:\Users\ultra\warewolf\Dev\Dev2.Development.Languages\bin\Debug\net8.0\Dev2.Development.Languages.dll [C:\Users\ultra\warewolf\Dev\Warewolf.Studio.ViewModels\Warewolf.Studio.ViewModels.csproj]
C:\Program Files\dotnet\sdk\10.0.201\Microsoft.Common.CurrentVersion.targets(2451,5): warning MSB3277:             C:\Users\ultra\warewolf\Dev\Dev2.Activities\bin\Debug\net8.0\Dev2.Activities.dll [C:\Users\ultra\warewolf\Dev\Warewolf.Studio.ViewModels\Warewolf.Studio.ViewModels.csproj]
C:\Program Files\dotnet\sdk\10.0.201\Microsoft.Common.CurrentVersion.targets(2451,5): warning MSB3277:             C:\Users\ultra\warewolf\Dev\Dev2.Studio.Core\bin\Debug\net8.0\Dev2.Studio.Core.dll [C:\Users\ultra\warewolf\Dev\Warewolf.Studio.ViewModels\Warewolf.Studio.ViewModels.csproj]
C:\Program Files\dotnet\sdk\10.0.201\Microsoft.Common.CurrentVersion.targets(2451,5): warning MSB3277:             C:\Users\ultra\warewolf\Dev\Dev2.Intellisense\bin\Debug\net8.0\Dev2.Intellisense.dll [C:\Users\ultra\warewolf\Dev\Warewolf.Studio.ViewModels\Warewolf.Studio.ViewModels.csproj]
C:\Program Files\dotnet\sdk\10.0.201\Microsoft.Common.CurrentVersion.targets(2451,5): warning MSB3277:         C:\Users\ultra\warewolf\Dev\Dev2.Development.Languages\bin\Debug\net8.0\IronRuby.Libraries.dll [C:\Users\ultra\warewolf\Dev\Warewolf.Studio.ViewModels\Warewolf.Studio.ViewModels.csproj]
C:\Program Files\dotnet\sdk\10.0.201\Microsoft.Common.CurrentVersion.targets(2451,5): warning MSB3277:           Project file item includes which caused reference "C:\Users\ultra\warewolf\Dev\Dev2.Development.Languages\bin\Debug\net8.0\IronRuby.Libraries.dll". [C:\Users\ultra\warewolf\Dev\Warewolf.Studio.ViewModels\Warewolf.Studio.ViewModels.csproj]
C:\Program Files\dotnet\sdk\10.0.201\Microsoft.Common.CurrentVersion.targets(2451,5): warning MSB3277:             C:\Users\ultra\warewolf\Dev\Dev2.Development.Languages\bin\Debug\net8.0\Dev2.Development.Languages.dll [C:\Users\ultra\warewolf\Dev\Warewolf.Studio.ViewModels\Warewolf.Studio.ViewModels.csproj]
C:\Program Files\dotnet\sdk\10.0.201\Microsoft.Common.CurrentVersion.targets(2451,5): warning MSB3277:             C:\Users\ultra\warewolf\Dev\Dev2.Activities\bin\Debug\net8.0\Dev2.Activities.dll [C:\Users\ultra\warewolf\Dev\Warewolf.Studio.ViewModels\Warewolf.Studio.ViewModels.csproj]
C:\Program Files\dotnet\sdk\10.0.201\Microsoft.Common.CurrentVersion.targets(2451,5): warning MSB3277:             C:\Users\ultra\warewolf\Dev\Dev2.Studio.Core\bin\Debug\net8.0\Dev2.Studio.Core.dll [C:\Users\ultra\warewolf\Dev\Warewolf.Studio.ViewModels\Warewolf.Studio.ViewModels.csproj]
C:\Program Files\dotnet\sdk\10.0.201\Microsoft.Common.CurrentVersion.targets(2451,5): warning MSB3277:             C:\Users\ultra\warewolf\Dev\Dev2.Intellisense\bin\Debug\net8.0\Dev2.Intellisense.dll [C:\Users\ultra\warewolf\Dev\Warewolf.Studio.ViewModels\Warewolf.Studio.ViewModels.csproj]
C:\Program Files\dotnet\sdk\10.0.201\Microsoft.Common.CurrentVersion.targets(2451,5): warning MSB3277: Found conflicts between different versions of "WindowsBase" that could not be resolved. [C:\Users\ultra\warewolf\Dev\Warewolf.Studio.ViewModels\Warewolf.Studio.ViewModels.csproj]
C:\Program Files\dotnet\sdk\10.0.201\Microsoft.Common.CurrentVersion.targets(2451,5): warning MSB3277: There was a conflict between "WindowsBase, Version=4.0.0.0, Culture=neutral, PublicKeyToken=31bf3856ad364e35" and "WindowsBase, Version=6.0.2.0, Culture=neutral, PublicKeyToken=31bf3856ad364e35". [C:\Users\ultra\warewolf\Dev\Warewolf.Studio.ViewModels\Warewolf.Studio.ViewModels.csproj]
C:\Program Files\dotnet\sdk\10.0.201\Microsoft.Common.CurrentVersion.targets(2451,5): warning MSB3277:     "WindowsBase, Version=4.0.0.0, Culture=neutral, PublicKeyToken=31bf3856ad364e35" was chosen because it was primary and "WindowsBase, Version=6.0.2.0, Culture=neutral, PublicKeyToken=31bf3856ad364e35" was not. [C:\Users\ultra\warewolf\Dev\Warewolf.Studio.ViewModels\Warewolf.Studio.ViewModels.csproj]
C:\Program Files\dotnet\sdk\10.0.201\Microsoft.Common.CurrentVersion.targets(2451,5): warning MSB3277:     References which depend on "WindowsBase, Version=4.0.0.0, Culture=neutral, PublicKeyToken=31bf3856ad364e35" [C:\Program Files\dotnet\packs\Microsoft.NETCore.App.Ref\8.0.25\ref\net8.0\WindowsBase.dll]. [C:\Users\ultra\warewolf\Dev\Warewolf.Studio.ViewModels\Warewolf.Studio.ViewModels.csproj]
C:\Program Files\dotnet\sdk\10.0.201\Microsoft.Common.CurrentVersion.targets(2451,5): warning MSB3277:         C:\Program Files\dotnet\packs\Microsoft.NETCore.App.Ref\8.0.25\ref\net8.0\WindowsBase.dll [C:\Users\ultra\warewolf\Dev\Warewolf.Studio.ViewModels\Warewolf.Studio.ViewModels.csproj]
C:\Program Files\dotnet\sdk\10.0.201\Microsoft.Common.CurrentVersion.targets(2451,5): warning MSB3277:           Project file item includes which caused reference "C:\Program Files\dotnet\packs\Microsoft.NETCore.App.Ref\8.0.25\ref\net8.0\WindowsBase.dll". [C:\Users\ultra\warewolf\Dev\Warewolf.Studio.ViewModels\Warewolf.Studio.ViewModels.csproj]
C:\Program Files\dotnet\sdk\10.0.201\Microsoft.Common.CurrentVersion.targets(2451,5): warning MSB3277:             C:\Program Files\dotnet\packs\Microsoft.NETCore.App.Ref\8.0.25\ref/net8.0/WindowsBase.dll [C:\Users\ultra\warewolf\Dev\Warewolf.Studio.ViewModels\Warewolf.Studio.ViewModels.csproj]
C:\Program Files\dotnet\sdk\10.0.201\Microsoft.Common.CurrentVersion.targets(2451,5): warning MSB3277:     References which depend on or have been unified to "WindowsBase, Version=6.0.2.0, Culture=neutral, PublicKeyToken=31bf3856ad364e35" []. [C:\Users\ultra\warewolf\Dev\Warewolf.Studio.ViewModels\Warewolf.Studio.ViewModels.csproj]
C:\Program Files\dotnet\sdk\10.0.201\Microsoft.Common.CurrentVersion.targets(2451,5): warning MSB3277:         C:\Users\ultra\warewolf\Dev\Binaries\Infragistcs_Net6\InfragisticsWPF4.Controls.Editors.XamComboEditor.v15.1.dll [C:\Users\ultra\warewolf\Dev\Warewolf.Studio.ViewModels\Warewolf.Studio.ViewModels.csproj]
C:\Program Files\dotnet\sdk\10.0.201\Microsoft.Common.CurrentVersion.targets(2451,5): warning MSB3277:           Project file item includes which caused reference "C:\Users\ultra\warewolf\Dev\Binaries\Infragistcs_Net6\InfragisticsWPF4.Controls.Editors.XamComboEditor.v15.1.dll". [C:\Users\ultra\warewolf\Dev\Warewolf.Studio.ViewModels\Warewolf.Studio.ViewModels.csproj]
C:\Program Files\dotnet\sdk\10.0.201\Microsoft.Common.CurrentVersion.targets(2451,5): warning MSB3277:             InfragisticsWPF4.Controls.Editors.XamComboEditor.v15.1, Version=15.1.20151.2055, Culture=neutral, processorArchitecture=MSIL [C:\Users\ultra\warewolf\Dev\Warewolf.Studio.ViewModels\Warewolf.Studio.ViewModels.csproj]
C:\Program Files\dotnet\sdk\10.0.201\Microsoft.Common.CurrentVersion.targets(2451,5): warning MSB3277:         C:\Users\ultra\warewolf\Dev\Binaries\Infragistcs_Net6\InfragisticsWPF4.DataManager.v15.1.dll [C:\Users\ultra\warewolf\Dev\Warewolf.Studio.ViewModels\Warewolf.Studio.ViewModels.csproj]
C:\Program Files\dotnet\sdk\10.0.201\Microsoft.Common.CurrentVersion.targets(2451,5): warning MSB3277:           Project file item includes which caused reference "C:\Users\ultra\warewolf\Dev\Binaries\Infragistcs_Net6\InfragisticsWPF4.DataManager.v15.1.dll". [C:\Users\ultra\warewolf\Dev\Warewolf.Studio.ViewModels\Warewolf.Studio.ViewModels.csproj]
C:\Program Files\dotnet\sdk\10.0.201\Microsoft.Common.CurrentVersion.targets(2451,5): warning MSB3277:             InfragisticsWPF4.DataManager.v15.1, Version=15.1.20151.2055, Culture=neutral, processorArchitecture=MSIL [C:\Users\ultra\warewolf\Dev\Warewolf.Studio.ViewModels\Warewolf.Studio.ViewModels.csproj]
C:\Program Files\dotnet\sdk\10.0.201\Microsoft.Common.CurrentVersion.targets(2451,5): warning MSB3277:             InfragisticsWPF4.Controls.Editors.XamComboEditor.v15.1, Version=15.1.20151.2055, Culture=neutral, processorArchitecture=MSIL [C:\Users\ultra\warewolf\Dev\Warewolf.Studio.ViewModels\Warewolf.Studio.ViewModels.csproj]
C:\Program Files\dotnet\sdk\10.0.201\Microsoft.Common.CurrentVersion.targets(2451,5): warning MSB3277:         C:\Users\ultra\warewolf\Dev\Binaries\Infragistcs_Net6\InfragisticsWPF4.v15.1.dll [C:\Users\ultra\warewolf\Dev\Warewolf.Studio.ViewModels\Warewolf.Studio.ViewModels.csproj]
C:\Program Files\dotnet\sdk\10.0.201\Microsoft.Common.CurrentVersion.targets(2451,5): warning MSB3277:           Project file item includes which caused reference "C:\Users\ultra\warewolf\Dev\Binaries\Infragistcs_Net6\InfragisticsWPF4.v15.1.dll". [C:\Users\ultra\warewolf\Dev\Warewolf.Studio.ViewModels\Warewolf.Studio.ViewModels.csproj]
C:\Program Files\dotnet\sdk\10.0.201\Microsoft.Common.CurrentVersion.targets(2451,5): warning MSB3277:             InfragisticsWPF4.v15.1, Version=15.1.20151.2055, Culture=neutral, processorArchitecture=MSIL [C:\Users\ultra\warewolf\Dev\Warewolf.Studio.ViewModels\Warewolf.Studio.ViewModels.csproj]
C:\Program Files\dotnet\sdk\10.0.201\Microsoft.Common.CurrentVersion.targets(2451,5): warning MSB3277:             InfragisticsWPF4.Controls.Editors.XamComboEditor.v15.1, Version=15.1.20151.2055, Culture=neutral, processorArchitecture=MSIL [C:\Users\ultra\warewolf\Dev\Warewolf.Studio.ViewModels\Warewolf.Studio.ViewModels.csproj]
C:\Program Files\dotnet\sdk\10.0.201\Microsoft.Common.CurrentVersion.targets(2451,5): warning MSB3277:             InfragisticsWPF4.DataManager.v15.1, Version=15.1.20151.2055, Culture=neutral, processorArchitecture=MSIL [C:\Users\ultra\warewolf\Dev\Warewolf.Studio.ViewModels\Warewolf.Studio.ViewModels.csproj]
C:\Program Files\dotnet\sdk\10.0.201\Microsoft.Common.CurrentVersion.targets(2451,5): warning MSB3277:         C:\Users\ultra\.nuget\packages\caliburn.micro\4.0.212\lib\netcoreapp3.1\Caliburn.Micro.Platform.dll [C:\Users\ultra\warewolf\Dev\Warewolf.Studio.ViewModels\Warewolf.Studio.ViewModels.csproj]
C:\Program Files\dotnet\sdk\10.0.201\Microsoft.Common.CurrentVersion.targets(2451,5): warning MSB3277:           Project file item includes which caused reference "C:\Users\ultra\.nuget\packages\caliburn.micro\4.0.212\lib\netcoreapp3.1\Caliburn.Micro.Platform.dll". [C:\Users\ultra\warewolf\Dev\Warewolf.Studio.ViewModels\Warewolf.Studio.ViewModels.csproj]
C:\Program Files\dotnet\sdk\10.0.201\Microsoft.Common.CurrentVersion.targets(2451,5): warning MSB3277:             C:\Users\ultra\.nuget\packages\caliburn.micro\4.0.212\lib\netcoreapp3.1\Caliburn.Micro.Platform.dll [C:\Users\ultra\warewolf\Dev\Warewolf.Studio.ViewModels\Warewolf.Studio.ViewModels.csproj]
C:\Program Files\dotnet\sdk\10.0.201\Microsoft.Common.CurrentVersion.targets(2451,5): warning MSB3277:         C:\Users\ultra\.nuget\packages\extended.wpf.toolkit\4.4.0\lib\net5.0\Xceed.Wpf.AvalonDock.NET5.dll [C:\Users\ultra\warewolf\Dev\Warewolf.Studio.ViewModels\Warewolf.Studio.ViewModels.csproj]
C:\Program Files\dotnet\sdk\10.0.201\Microsoft.Common.CurrentVersion.targets(2451,5): warning MSB3277:           Project file item includes which caused reference "C:\Users\ultra\.nuget\packages\extended.wpf.toolkit\4.4.0\lib\net5.0\Xceed.Wpf.AvalonDock.NET5.dll". [C:\Users\ultra\warewolf\Dev\Warewolf.Studio.ViewModels\Warewolf.Studio.ViewModels.csproj]
C:\Program Files\dotnet\sdk\10.0.201\Microsoft.Common.CurrentVersion.targets(2451,5): warning MSB3277:             C:\Users\ultra\.nuget\packages\extended.wpf.toolkit\4.4.0\lib\net5.0\Xceed.Wpf.AvalonDock.NET5.dll [C:\Users\ultra\warewolf\Dev\Warewolf.Studio.ViewModels\Warewolf.Studio.ViewModels.csproj]
C:\Program Files\dotnet\sdk\10.0.201\Microsoft.Common.CurrentVersion.targets(2451,5): warning MSB3277:             C:\Users\ultra\.nuget\packages\extended.wpf.toolkit\4.4.0\lib\net5.0\Xceed.Wpf.AvalonDock.Themes.Aero.NET5.dll [C:\Users\ultra\warewolf\Dev\Warewolf.Studio.ViewModels\Warewolf.Studio.ViewModels.csproj]
C:\Program Files\dotnet\sdk\10.0.201\Microsoft.Common.CurrentVersion.targets(2451,5): warning MSB3277:             C:\Users\ultra\.nuget\packages\extended.wpf.toolkit\4.4.0\lib\net5.0\Xceed.Wpf.AvalonDock.Themes.Metro.NET5.dll [C:\Users\ultra\warewolf\Dev\Warewolf.Studio.ViewModels\Warewolf.Studio.ViewModels.csproj]
C:\Program Files\dotnet\sdk\10.0.201\Microsoft.Common.CurrentVersion.targets(2451,5): warning MSB3277:             C:\Users\ultra\.nuget\packages\extended.wpf.toolkit\4.4.0\lib\net5.0\Xceed.Wpf.AvalonDock.Themes.VS2010.NET5.dll [C:\Users\ultra\warewolf\Dev\Warewolf.Studio.ViewModels\Warewolf.Studio.ViewModels.csproj]
C:\Program Files\dotnet\sdk\10.0.201\Microsoft.Common.CurrentVersion.targets(2451,5): warning MSB3277:         C:\Users\ultra\.nuget\packages\extended.wpf.toolkit\4.4.0\lib\net5.0\Xceed.Wpf.AvalonDock.Themes.Aero.NET5.dll [C:\Users\ultra\warewolf\Dev\Warewolf.Studio.ViewModels\Warewolf.Studio.ViewModels.csproj]
C:\Program Files\dotnet\sdk\10.0.201\Microsoft.Common.CurrentVersion.targets(2451,5): warning MSB3277:           Project file item includes which caused reference "C:\Users\ultra\.nuget\packages\extended.wpf.toolkit\4.4.0\lib\net5.0\Xceed.Wpf.AvalonDock.Themes.Aero.NET5.dll". [C:\Users\ultra\warewolf\Dev\Warewolf.Studio.ViewModels\Warewolf.Studio.ViewModels.csproj]
C:\Program Files\dotnet\sdk\10.0.201\Microsoft.Common.CurrentVersion.targets(2451,5): warning MSB3277:             C:\Users\ultra\.nuget\packages\extended.wpf.toolkit\4.4.0\lib\net5.0\Xceed.Wpf.AvalonDock.Themes.Aero.NET5.dll [C:\Users\ultra\warewolf\Dev\Warewolf.Studio.ViewModels\Warewolf.Studio.ViewModels.csproj]
C:\Program Files\dotnet\sdk\10.0.201\Microsoft.Common.CurrentVersion.targets(2451,5): warning MSB3277:         C:\Users\ultra\.nuget\packages\extended.wpf.toolkit\4.4.0\lib\net5.0\Xceed.Wpf.Toolkit.NET5.dll [C:\Users\ultra\warewolf\Dev\Warewolf.Studio.ViewModels\Warewolf.Studio.ViewModels.csproj]
C:\Program Files\dotnet\sdk\10.0.201\Microsoft.Common.CurrentVersion.targets(2451,5): warning MSB3277:           Project file item includes which caused reference "C:\Users\ultra\.nuget\packages\extended.wpf.toolkit\4.4.0\lib\net5.0\Xceed.Wpf.Toolkit.NET5.dll". [C:\Users\ultra\warewolf\Dev\Warewolf.Studio.ViewModels\Warewolf.Studio.ViewModels.csproj]
C:\Program Files\dotnet\sdk\10.0.201\Microsoft.Common.CurrentVersion.targets(2451,5): warning MSB3277:             C:\Users\ultra\.nuget\packages\extended.wpf.toolkit\4.4.0\lib\net5.0\Xceed.Wpf.Toolkit.NET5.dll [C:\Users\ultra\warewolf\Dev\Warewolf.Studio.ViewModels\Warewolf.Studio.ViewModels.csproj]
C:\Program Files\dotnet\sdk\10.0.201\Microsoft.Common.CurrentVersion.targets(2451,5): warning MSB3277:         C:\Users\ultra\.nuget\packages\ironpython\3.4.0\lib\net6.0\IronPython.Wpf.dll [C:\Users\ultra\warewolf\Dev\Warewolf.Studio.ViewModels\Warewolf.Studio.ViewModels.csproj]
C:\Program Files\dotnet\sdk\10.0.201\Microsoft.Common.CurrentVersion.targets(2451,5): warning MSB3277:           Project file item includes which caused reference "C:\Users\ultra\.nuget\packages\ironpython\3.4.0\lib\net6.0\IronPython.Wpf.dll". [C:\Users\ultra\warewolf\Dev\Warewolf.Studio.ViewModels\Warewolf.Studio.ViewModels.csproj]
C:\Program Files\dotnet\sdk\10.0.201\Microsoft.Common.CurrentVersion.targets(2451,5): warning MSB3277:             C:\Users\ultra\.nuget\packages\ironpython\3.4.0\lib\net6.0\IronPython.Wpf.dll [C:\Users\ultra\warewolf\Dev\Warewolf.Studio.ViewModels\Warewolf.Studio.ViewModels.csproj]
C:\Program Files\dotnet\sdk\10.0.201\Microsoft.Common.CurrentVersion.targets(2451,5): warning MSB3277:         C:\Users\ultra\.nuget\packages\microsoft.xaml.behaviors.wpf\1.1.122\lib\net462\Microsoft.Xaml.Behaviors.dll [C:\Users\ultra\warewolf\Dev\Warewolf.Studio.ViewModels\Warewolf.Studio.ViewModels.csproj]
C:\Program Files\dotnet\sdk\10.0.201\Microsoft.Common.CurrentVersion.targets(2451,5): warning MSB3277:           Project file item includes which caused reference "C:\Users\ultra\.nuget\packages\microsoft.xaml.behaviors.wpf\1.1.122\lib\net462\Microsoft.Xaml.Behaviors.dll". [C:\Users\ultra\warewolf\Dev\Warewolf.Studio.ViewModels\Warewolf.Studio.ViewModels.csproj]
C:\Program Files\dotnet\sdk\10.0.201\Microsoft.Common.CurrentVersion.targets(2451,5): warning MSB3277:             C:\Users\ultra\.nuget\packages\microsoft.xaml.behaviors.wpf\1.1.122\lib\net462\Microsoft.Xaml.Behaviors.dll [C:\Users\ultra\warewolf\Dev\Warewolf.Studio.ViewModels\Warewolf.Studio.ViewModels.csproj]
C:\Program Files\dotnet\sdk\10.0.201\Microsoft.Common.CurrentVersion.targets(2451,5): warning MSB3277:             C:\Users\ultra\.nuget\packages\caliburn.micro\4.0.212\lib\netcoreapp3.1\Caliburn.Micro.Platform.dll [C:\Users\ultra\warewolf\Dev\Warewolf.Studio.ViewModels\Warewolf.Studio.ViewModels.csproj]
C:\Program Files\dotnet\sdk\10.0.201\Microsoft.Common.CurrentVersion.targets(2451,5): warning MSB3277:             C:\Users\ultra\.nuget\packages\prism.wpf\9.0.537\lib\net462\Prism.Wpf.dll [C:\Users\ultra\warewolf\Dev\Warewolf.Studio.ViewModels\Warewolf.Studio.ViewModels.csproj]
C:\Program Files\dotnet\sdk\10.0.201\Microsoft.Common.CurrentVersion.targets(2451,5): warning MSB3277:         C:\Users\ultra\.nuget\packages\prism.wpf\9.0.537\lib\net462\Prism.Wpf.dll [C:\Users\ultra\warewolf\Dev\Warewolf.Studio.ViewModels\Warewolf.Studio.ViewModels.csproj]
C:\Program Files\dotnet\sdk\10.0.201\Microsoft.Common.CurrentVersion.targets(2451,5): warning MSB3277:           Project file item includes which caused reference "C:\Users\ultra\.nuget\packages\prism.wpf\9.0.537\lib\net462\Prism.Wpf.dll". [C:\Users\ultra\warewolf\Dev\Warewolf.Studio.ViewModels\Warewolf.Studio.ViewModels.csproj]
C:\Program Files\dotnet\sdk\10.0.201\Microsoft.Common.CurrentVersion.targets(2451,5): warning MSB3277:             C:\Users\ultra\.nuget\packages\prism.wpf\9.0.537\lib\net462\Prism.Wpf.dll [C:\Users\ultra\warewolf\Dev\Warewolf.Studio.ViewModels\Warewolf.Studio.ViewModels.csproj]
C:\Program Files\dotnet\sdk\10.0.201\Microsoft.Common.CurrentVersion.targets(2451,5): warning MSB3277:         C:\Users\ultra\.nuget\packages\reactiveui.wpf\18.4.1\lib\net462\ReactiveUI.Wpf.dll [C:\Users\ultra\warewolf\Dev\Warewolf.Studio.ViewModels\Warewolf.Studio.ViewModels.csproj]
C:\Program Files\dotnet\sdk\10.0.201\Microsoft.Common.CurrentVersion.targets(2451,5): warning MSB3277:           Project file item includes which caused reference "C:\Users\ultra\.nuget\packages\reactiveui.wpf\18.4.1\lib\net462\ReactiveUI.Wpf.dll". [C:\Users\ultra\warewolf\Dev\Warewolf.Studio.ViewModels\Warewolf.Studio.ViewModels.csproj]
C:\Program Files\dotnet\sdk\10.0.201\Microsoft.Common.CurrentVersion.targets(2451,5): warning MSB3277:             C:\Users\ultra\.nuget\packages\reactiveui.wpf\18.4.1\lib\net462\ReactiveUI.Wpf.dll [C:\Users\ultra\warewolf\Dev\Warewolf.Studio.ViewModels\Warewolf.Studio.ViewModels.csproj]
  Consider app.config remapping of assembly "System.Data.SQLite, Culture=neutral, PublicKeyToken=db937bc2d44ff139" from Version "1.0.117.0" [] to Version "1.0.118.0" [C:\Users\ultra\.nuget\packages\stub.system.data.sqlite.core.netstandard\1.0.118\lib\netstandard2.1\System.Data.SQLite.dll] to solve conflict and get rid of warning.
  Consider app.config remapping of assembly "System.Runtime.CompilerServices.Unsafe, Culture=neutral, PublicKeyToken=b03f5f7f11d50a3a" from Version "6.0.0.0" [] to Version "8.0.0.0" [C:\Program Files\dotnet\packs\Microsoft.NETCore.App.Ref\8.0.25\ref\net8.0\System.Runtime.CompilerServices.Unsafe.dll] to solve conflict and get rid of warning.
C:\Program Files\dotnet\sdk\10.0.201\Microsoft.CSharp.CurrentVersion.targets(130,9): warning MSB3884: Could not find rule set file "..\.sonarlint\warewolf_dotnet_frameworkcsharp.ruleset". [C:\Users\ultra\warewolf\Dev\Warewolf.Studio.ViewModels\Warewolf.Studio.ViewModels.csproj]
C:\Users\ultra\warewolf\Dev\Dev2.Diagnostics.Tests\TestPerfCounterManager.cs(24,21): warning CA1416: This call site is reachable on all platforms. 'PerformanceCounterCategory.Delete(string)' is only supported on: 'windows'. (https://learn.microsoft.com/dotnet/fundamentals/code-analysis/quality-rules/ca1416) [C:\Users\ultra\warewolf\Dev\Dev2.Diagnostics.Tests\Dev2.Diagnostics.Tests.csproj]
C:\Users\ultra\warewolf\Dev\Dev2.Diagnostics.Tests\PerfCountersOpsTests.cs(26,21): warning CA1416: This call site is reachable on all platforms. 'PerformanceCounterCategory.Delete(string)' is only supported on: 'windows'. (https://learn.microsoft.com/dotnet/fundamentals/code-analysis/quality-rules/ca1416) [C:\Users\ultra\warewolf\Dev\Dev2.Diagnostics.Tests\Dev2.Diagnostics.Tests.csproj]
C:\Users\ultra\warewolf\Dev\Dev2.Diagnostics.Tests\TestExecutionContainer.cs(31,17): warning CA1416: This call site is reachable on all platforms. 'PerformanceCounterCategory.Delete(string)' is only supported on: 'windows'. (https://learn.microsoft.com/dotnet/fundamentals/code-analysis/quality-rules/ca1416) [C:\Users\ultra\warewolf\Dev\Dev2.Diagnostics.Tests\Dev2.Diagnostics.Tests.csproj]
C:\Users\ultra\warewolf\Dev\Dev2.Diagnostics.Tests\PerfCountersOpsTests.cs(27,21): warning CA1416: This call site is reachable on all platforms. 'PerformanceCounterCategory.Delete(string)' is only supported on: 'windows'. (https://learn.microsoft.com/dotnet/fundamentals/code-analysis/quality-rules/ca1416) [C:\Users\ultra\warewolf\Dev\Dev2.Diagnostics.Tests\Dev2.Diagnostics.Tests.csproj]
C:\Users\ultra\warewolf\Dev\Dev2.Diagnostics.Tests\PerfCounterBuilderTest.cs(25,17): warning CA1416: This call site is reachable on all platforms. 'PerformanceCounterCategory.Delete(string)' is only supported on: 'windows'. (https://learn.microsoft.com/dotnet/fundamentals/code-analysis/quality-rules/ca1416) [C:\Users\ultra\warewolf\Dev\Dev2.Diagnostics.Tests\Dev2.Diagnostics.Tests.csproj]
C:\Users\ultra\warewolf\Dev\Dev2.Diagnostics.Tests\PerfCounterBuilderTest.cs(88,17): warning CA1416: This call site is reachable on all platforms. 'PerformanceCounterCategory.Delete(string)' is only supported on: 'windows'. (https://learn.microsoft.com/dotnet/fundamentals/code-analysis/quality-rules/ca1416) [C:\Users\ultra\warewolf\Dev\Dev2.Diagnostics.Tests\Dev2.Diagnostics.Tests.csproj]
C:\Program Files\dotnet\sdk\10.0.201\Microsoft.Common.CurrentVersion.targets(2451,5): warning MSB3277: Found conflicts between different versions of "WindowsBase" that could not be resolved. [C:\Users\ultra\warewolf\Dev\Dev2.Activities.Tests\Dev2.Activities.Tests.csproj]
C:\Program Files\dotnet\sdk\10.0.201\Microsoft.Common.CurrentVersion.targets(2451,5): warning MSB3277: There was a conflict between "WindowsBase, Version=4.0.0.0, Culture=neutral, PublicKeyToken=31bf3856ad364e35" and "WindowsBase, Version=6.0.2.0, Culture=neutral, PublicKeyToken=31bf3856ad364e35". [C:\Users\ultra\warewolf\Dev\Dev2.Activities.Tests\Dev2.Activities.Tests.csproj]
C:\Program Files\dotnet\sdk\10.0.201\Microsoft.Common.CurrentVersion.targets(2451,5): warning MSB3277:     "WindowsBase, Version=4.0.0.0, Culture=neutral, PublicKeyToken=31bf3856ad364e35" was chosen because it was primary and "WindowsBase, Version=6.0.2.0, Culture=neutral, PublicKeyToken=31bf3856ad364e35" was not. [C:\Users\ultra\warewolf\Dev\Dev2.Activities.Tests\Dev2.Activities.Tests.csproj]
C:\Program Files\dotnet\sdk\10.0.201\Microsoft.Common.CurrentVersion.targets(2451,5): warning MSB3277:     References which depend on "WindowsBase, Version=4.0.0.0, Culture=neutral, PublicKeyToken=31bf3856ad364e35" [C:\Program Files\dotnet\packs\Microsoft.NETCore.App.Ref\8.0.25\ref\net8.0\WindowsBase.dll]. [C:\Users\ultra\warewolf\Dev\Dev2.Activities.Tests\Dev2.Activities.Tests.csproj]
C:\Program Files\dotnet\sdk\10.0.201\Microsoft.Common.CurrentVersion.targets(2451,5): warning MSB3277:         C:\Program Files\dotnet\packs\Microsoft.NETCore.App.Ref\8.0.25\ref\net8.0\WindowsBase.dll [C:\Users\ultra\warewolf\Dev\Dev2.Activities.Tests\Dev2.Activities.Tests.csproj]
C:\Program Files\dotnet\sdk\10.0.201\Microsoft.Common.CurrentVersion.targets(2451,5): warning MSB3277:           Project file item includes which caused reference "C:\Program Files\dotnet\packs\Microsoft.NETCore.App.Ref\8.0.25\ref\net8.0\WindowsBase.dll". [C:\Users\ultra\warewolf\Dev\Dev2.Activities.Tests\Dev2.Activities.Tests.csproj]
C:\Program Files\dotnet\sdk\10.0.201\Microsoft.Common.CurrentVersion.targets(2451,5): warning MSB3277:             C:\Program Files\dotnet\packs\Microsoft.NETCore.App.Ref\8.0.25\ref/net8.0/WindowsBase.dll [C:\Users\ultra\warewolf\Dev\Dev2.Activities.Tests\Dev2.Activities.Tests.csproj]
C:\Program Files\dotnet\sdk\10.0.201\Microsoft.Common.CurrentVersion.targets(2451,5): warning MSB3277:     References which depend on or have been unified to "WindowsBase, Version=6.0.2.0, Culture=neutral, PublicKeyToken=31bf3856ad364e35" []. [C:\Users\ultra\warewolf\Dev\Dev2.Activities.Tests\Dev2.Activities.Tests.csproj]
C:\Program Files\dotnet\sdk\10.0.201\Microsoft.Common.CurrentVersion.targets(2451,5): warning MSB3277:         C:\Users\ultra\.nuget\packages\caliburn.micro\4.0.212\lib\netcoreapp3.1\Caliburn.Micro.Platform.dll [C:\Users\ultra\warewolf\Dev\Dev2.Activities.Tests\Dev2.Activities.Tests.csproj]
C:\Program Files\dotnet\sdk\10.0.201\Microsoft.Common.CurrentVersion.targets(2451,5): warning MSB3277:           Project file item includes which caused reference "C:\Users\ultra\.nuget\packages\caliburn.micro\4.0.212\lib\netcoreapp3.1\Caliburn.Micro.Platform.dll". [C:\Users\ultra\warewolf\Dev\Dev2.Activities.Tests\Dev2.Activities.Tests.csproj]
C:\Program Files\dotnet\sdk\10.0.201\Microsoft.Common.CurrentVersion.targets(2451,5): warning MSB3277:             C:\Users\ultra\.nuget\packages\caliburn.micro\4.0.212\lib\netcoreapp3.1\Caliburn.Micro.Platform.dll [C:\Users\ultra\warewolf\Dev\Dev2.Activities.Tests\Dev2.Activities.Tests.csproj]
C:\Program Files\dotnet\sdk\10.0.201\Microsoft.Common.CurrentVersion.targets(2451,5): warning MSB3277:         C:\Users\ultra\.nuget\packages\ironpython\3.4.0\lib\net6.0\IronPython.Wpf.dll [C:\Users\ultra\warewolf\Dev\Dev2.Activities.Tests\Dev2.Activities.Tests.csproj]
C:\Program Files\dotnet\sdk\10.0.201\Microsoft.Common.CurrentVersion.targets(2451,5): warning MSB3277:           Project file item includes which caused reference "C:\Users\ultra\.nuget\packages\ironpython\3.4.0\lib\net6.0\IronPython.Wpf.dll". [C:\Users\ultra\warewolf\Dev\Dev2.Activities.Tests\Dev2.Activities.Tests.csproj]
C:\Program Files\dotnet\sdk\10.0.201\Microsoft.Common.CurrentVersion.targets(2451,5): warning MSB3277:             C:\Users\ultra\.nuget\packages\ironpython\3.4.0\lib\net6.0\IronPython.Wpf.dll [C:\Users\ultra\warewolf\Dev\Dev2.Activities.Tests\Dev2.Activities.Tests.csproj]
C:\Program Files\dotnet\sdk\10.0.201\Microsoft.Common.CurrentVersion.targets(2451,5): warning MSB3277:         C:\Users\ultra\.nuget\packages\microsoft.xaml.behaviors.wpf\1.1.122\lib\net462\Microsoft.Xaml.Behaviors.dll [C:\Users\ultra\warewolf\Dev\Dev2.Activities.Tests\Dev2.Activities.Tests.csproj]
C:\Program Files\dotnet\sdk\10.0.201\Microsoft.Common.CurrentVersion.targets(2451,5): warning MSB3277:           Project file item includes which caused reference "C:\Users\ultra\.nuget\packages\microsoft.xaml.behaviors.wpf\1.1.122\lib\net462\Microsoft.Xaml.Behaviors.dll". [C:\Users\ultra\warewolf\Dev\Dev2.Activities.Tests\Dev2.Activities.Tests.csproj]
C:\Program Files\dotnet\sdk\10.0.201\Microsoft.Common.CurrentVersion.targets(2451,5): warning MSB3277:             C:\Users\ultra\.nuget\packages\microsoft.xaml.behaviors.wpf\1.1.122\lib\net462\Microsoft.Xaml.Behaviors.dll [C:\Users\ultra\warewolf\Dev\Dev2.Activities.Tests\Dev2.Activities.Tests.csproj]
C:\Program Files\dotnet\sdk\10.0.201\Microsoft.Common.CurrentVersion.targets(2451,5): warning MSB3277:             C:\Users\ultra\.nuget\packages\caliburn.micro\4.0.212\lib\netcoreapp3.1\Caliburn.Micro.Platform.dll [C:\Users\ultra\warewolf\Dev\Dev2.Activities.Tests\Dev2.Activities.Tests.csproj]
C:\Program Files\dotnet\sdk\10.0.201\Microsoft.Common.CurrentVersion.targets(2451,5): warning MSB3277:             C:\Users\ultra\.nuget\packages\prism.wpf\9.0.537\lib\net462\Prism.Wpf.dll [C:\Users\ultra\warewolf\Dev\Dev2.Activities.Tests\Dev2.Activities.Tests.csproj]
C:\Program Files\dotnet\sdk\10.0.201\Microsoft.Common.CurrentVersion.targets(2451,5): warning MSB3277:         C:\Users\ultra\.nuget\packages\prism.wpf\9.0.537\lib\net462\Prism.Wpf.dll [C:\Users\ultra\warewolf\Dev\Dev2.Activities.Tests\Dev2.Activities.Tests.csproj]
C:\Program Files\dotnet\sdk\10.0.201\Microsoft.Common.CurrentVersion.targets(2451,5): warning MSB3277:           Project file item includes which caused reference "C:\Users\ultra\.nuget\packages\prism.wpf\9.0.537\lib\net462\Prism.Wpf.dll". [C:\Users\ultra\warewolf\Dev\Dev2.Activities.Tests\Dev2.Activities.Tests.csproj]
C:\Program Files\dotnet\sdk\10.0.201\Microsoft.Common.CurrentVersion.targets(2451,5): warning MSB3277:             C:\Users\ultra\.nuget\packages\prism.wpf\9.0.537\lib\net462\Prism.Wpf.dll [C:\Users\ultra\warewolf\Dev\Dev2.Activities.Tests\Dev2.Activities.Tests.csproj]
C:\Program Files\dotnet\sdk\10.0.201\Microsoft.Common.CurrentVersion.targets(2451,5): warning MSB3277:         C:\Users\ultra\.nuget\packages\reactiveui.wpf\18.4.1\lib\net462\ReactiveUI.Wpf.dll [C:\Users\ultra\warewolf\Dev\Dev2.Activities.Tests\Dev2.Activities.Tests.csproj]
C:\Program Files\dotnet\sdk\10.0.201\Microsoft.Common.CurrentVersion.targets(2451,5): warning MSB3277:           Project file item includes which caused reference "C:\Users\ultra\.nuget\packages\reactiveui.wpf\18.4.1\lib\net462\ReactiveUI.Wpf.dll". [C:\Users\ultra\warewolf\Dev\Dev2.Activities.Tests\Dev2.Activities.Tests.csproj]
C:\Program Files\dotnet\sdk\10.0.201\Microsoft.Common.CurrentVersion.targets(2451,5): warning MSB3277:             C:\Users\ultra\.nuget\packages\reactiveui.wpf\18.4.1\lib\net462\ReactiveUI.Wpf.dll [C:\Users\ultra\warewolf\Dev\Dev2.Activities.Tests\Dev2.Activities.Tests.csproj]
C:\Program Files\dotnet\sdk\10.0.201\Microsoft.Common.CurrentVersion.targets(2451,5): warning MSB3277: Found conflicts between different versions of "System.Drawing.Common" that could not be resolved. [C:\Users\ultra\warewolf\Dev\Dev2.Activities.Tests\Dev2.Activities.Tests.csproj]
C:\Program Files\dotnet\sdk\10.0.201\Microsoft.Common.CurrentVersion.targets(2451,5): warning MSB3277: There was a conflict between "System.Drawing.Common, Version=6.0.0.0, Culture=neutral, PublicKeyToken=cc7b13ffcd2ddd51" and "System.Drawing.Common, Version=8.0.0.0, Culture=neutral, PublicKeyToken=cc7b13ffcd2ddd51". [C:\Users\ultra\warewolf\Dev\Dev2.Activities.Tests\Dev2.Activities.Tests.csproj]
C:\Program Files\dotnet\sdk\10.0.201\Microsoft.Common.CurrentVersion.targets(2451,5): warning MSB3277:     "System.Drawing.Common, Version=6.0.0.0, Culture=neutral, PublicKeyToken=cc7b13ffcd2ddd51" was chosen because it was primary and "System.Drawing.Common, Version=8.0.0.0, Culture=neutral, PublicKeyToken=cc7b13ffcd2ddd51" was not. [C:\Users\ultra\warewolf\Dev\Dev2.Activities.Tests\Dev2.Activities.Tests.csproj]
C:\Program Files\dotnet\sdk\10.0.201\Microsoft.Common.CurrentVersion.targets(2451,5): warning MSB3277:     References which depend on "System.Drawing.Common, Version=6.0.0.0, Culture=neutral, PublicKeyToken=cc7b13ffcd2ddd51" [C:\Users\ultra\.nuget\packages\system.drawing.common\6.0.0\lib\net6.0\System.Drawing.Common.dll]. [C:\Users\ultra\warewolf\Dev\Dev2.Activities.Tests\Dev2.Activities.Tests.csproj]
C:\Program Files\dotnet\sdk\10.0.201\Microsoft.Common.CurrentVersion.targets(2451,5): warning MSB3277:         C:\Users\ultra\.nuget\packages\system.drawing.common\6.0.0\lib\net6.0\System.Drawing.Common.dll [C:\Users\ultra\warewolf\Dev\Dev2.Activities.Tests\Dev2.Activities.Tests.csproj]
C:\Program Files\dotnet\sdk\10.0.201\Microsoft.Common.CurrentVersion.targets(2451,5): warning MSB3277:           Project file item includes which caused reference "C:\Users\ultra\.nuget\packages\system.drawing.common\6.0.0\lib\net6.0\System.Drawing.Common.dll". [C:\Users\ultra\warewolf\Dev\Dev2.Activities.Tests\Dev2.Activities.Tests.csproj]
C:\Program Files\dotnet\sdk\10.0.201\Microsoft.Common.CurrentVersion.targets(2451,5): warning MSB3277:             C:\Users\ultra\.nuget\packages\system.drawing.common\6.0.0\lib\net6.0\System.Drawing.Common.dll [C:\Users\ultra\warewolf\Dev\Dev2.Activities.Tests\Dev2.Activities.Tests.csproj]
C:\Program Files\dotnet\sdk\10.0.201\Microsoft.Common.CurrentVersion.targets(2451,5): warning MSB3277:     References which depend on or have been unified to "System.Drawing.Common, Version=8.0.0.0, Culture=neutral, PublicKeyToken=cc7b13ffcd2ddd51" []. [C:\Users\ultra\warewolf\Dev\Dev2.Activities.Tests\Dev2.Activities.Tests.csproj]
C:\Program Files\dotnet\sdk\10.0.201\Microsoft.Common.CurrentVersion.targets(2451,5): warning MSB3277:         C:\Users\ultra\.nuget\packages\servicestack\6.3.0\lib\net6.0\ServiceStack.dll [C:\Users\ultra\warewolf\Dev\Dev2.Activities.Tests\Dev2.Activities.Tests.csproj]
C:\Program Files\dotnet\sdk\10.0.201\Microsoft.Common.CurrentVersion.targets(2451,5): warning MSB3277:           Project file item includes which caused reference "C:\Users\ultra\.nuget\packages\servicestack\6.3.0\lib\net6.0\ServiceStack.dll". [C:\Users\ultra\warewolf\Dev\Dev2.Activities.Tests\Dev2.Activities.Tests.csproj]
C:\Program Files\dotnet\sdk\10.0.201\Microsoft.Common.CurrentVersion.targets(2451,5): warning MSB3277:             C:\Users\ultra\.nuget\packages\servicestack\6.3.0\lib\net6.0\ServiceStack.dll [C:\Users\ultra\warewolf\Dev\Dev2.Activities.Tests\Dev2.Activities.Tests.csproj]
C:\Program Files\dotnet\sdk\10.0.201\Microsoft.Common.CurrentVersion.targets(2451,5): warning MSB3277:         C:\Users\ultra\.nuget\packages\system.windows.extensions\8.0.0\lib\net8.0\System.Windows.Extensions.dll [C:\Users\ultra\warewolf\Dev\Dev2.Activities.Tests\Dev2.Activities.Tests.csproj]
C:\Program Files\dotnet\sdk\10.0.201\Microsoft.Common.CurrentVersion.targets(2451,5): warning MSB3277:           Project file item includes which caused reference "C:\Users\ultra\.nuget\packages\system.windows.extensions\8.0.0\lib\net8.0\System.Windows.Extensions.dll". [C:\Users\ultra\warewolf\Dev\Dev2.Activities.Tests\Dev2.Activities.Tests.csproj]
C:\Program Files\dotnet\sdk\10.0.201\Microsoft.Common.CurrentVersion.targets(2451,5): warning MSB3277:             C:\Users\ultra\.nuget\packages\system.windows.extensions\8.0.0\lib\net8.0\System.Windows.Extensions.dll [C:\Users\ultra\warewolf\Dev\Dev2.Activities.Tests\Dev2.Activities.Tests.csproj]
C:\Program Files\dotnet\sdk\10.0.201\Microsoft.Common.CurrentVersion.targets(2451,5): warning MSB3277:             C:\Users\ultra\.nuget\packages\system.security.permissions\8.0.0\lib\net8.0\System.Security.Permissions.dll [C:\Users\ultra\warewolf\Dev\Dev2.Activities.Tests\Dev2.Activities.Tests.csproj]
C:\Program Files\dotnet\sdk\10.0.201\Microsoft.Common.CurrentVersion.targets(2451,5): warning MSB3277:             C:\Users\ultra\warewolf\Dev\Dev2.Data\bin\Debug\net8.0\Dev2.Data.dll [C:\Users\ultra\warewolf\Dev\Dev2.Activities.Tests\Dev2.Activities.Tests.csproj]
C:\Program Files\dotnet\sdk\10.0.201\Microsoft.Common.CurrentVersion.targets(2451,5): warning MSB3277:             C:\Users\ultra\warewolf\Dev\Dev2.Activities\bin\Debug\net8.0\Dev2.Activities.dll [C:\Users\ultra\warewolf\Dev\Dev2.Activities.Tests\Dev2.Activities.Tests.csproj]
C:\Program Files\dotnet\sdk\10.0.201\Microsoft.Common.CurrentVersion.targets(2451,5): warning MSB3277:             C:\Users\ultra\warewolf\Dev\Dev2.Common.Tests\bin\Debug\net8.0\Dev2.Common.Tests.dll [C:\Users\ultra\warewolf\Dev\Dev2.Activities.Tests\Dev2.Activities.Tests.csproj]
C:\Program Files\dotnet\sdk\10.0.201\Microsoft.Common.CurrentVersion.targets(2451,5): warning MSB3277:             C:\Users\ultra\warewolf\Dev\Dev2.Core\bin\Debug\net8.0\Dev2.Core.dll [C:\Users\ultra\warewolf\Dev\Dev2.Activities.Tests\Dev2.Activities.Tests.csproj]
C:\Program Files\dotnet\sdk\10.0.201\Microsoft.Common.CurrentVersion.targets(2451,5): warning MSB3277:             C:\Users\ultra\warewolf\Dev\Dev2.Infrastructure.Tests\bin\Debug\net8.0\linux-x64\Dev2.Infrastructure.Tests.dll [C:\Users\ultra\warewolf\Dev\Dev2.Activities.Tests\Dev2.Activities.Tests.csproj]
C:\Program Files\dotnet\sdk\10.0.201\Microsoft.Common.CurrentVersion.targets(2451,5): warning MSB3277:             C:\Users\ultra\warewolf\Dev\Dev2.Runtime.Services\bin\Debug\net8.0\Dev2.Runtime.Services.dll [C:\Users\ultra\warewolf\Dev\Dev2.Activities.Tests\Dev2.Activities.Tests.csproj]
C:\Program Files\dotnet\sdk\10.0.201\Microsoft.Common.CurrentVersion.targets(2451,5): warning MSB3277:             C:\Users\ultra\warewolf\Dev\Dev2.Runtime\bin\Debug\net8.0\Dev2.Runtime.dll [C:\Users\ultra\warewolf\Dev\Dev2.Activities.Tests\Dev2.Activities.Tests.csproj]
C:\Program Files\dotnet\sdk\10.0.201\Microsoft.Common.CurrentVersion.targets(2451,5): warning MSB3277:             C:\Users\ultra\warewolf\Dev\Dev2.Services.Execution\bin\Debug\net8.0\Dev2.Services.Execution.dll [C:\Users\ultra\warewolf\Dev\Dev2.Activities.Tests\Dev2.Activities.Tests.csproj]
C:\Program Files\dotnet\sdk\10.0.201\Microsoft.Common.CurrentVersion.targets(2451,5): warning MSB3277:             C:\Users\ultra\warewolf\Dev\Dev2.Studio.Interfaces\bin\Debug\net8.0\Dev2.Studio.Interfaces.dll [C:\Users\ultra\warewolf\Dev\Dev2.Activities.Tests\Dev2.Activities.Tests.csproj]
C:\Program Files\dotnet\sdk\10.0.201\Microsoft.Common.CurrentVersion.targets(2451,5): warning MSB3277:             C:\Users\ultra\warewolf\Dev\Warewolf.Core.Tests\bin\Debug\net8.0\linux-x64\Warewolf.Core.Tests.dll [C:\Users\ultra\warewolf\Dev\Dev2.Activities.Tests\Dev2.Activities.Tests.csproj]
C:\Program Files\dotnet\sdk\10.0.201\Microsoft.Common.CurrentVersion.targets(2451,5): warning MSB3277:             C:\Users\ultra\warewolf\Dev\Warewolf.Core\bin\Debug\net8.0\Warewolf.Core.dll [C:\Users\ultra\warewolf\Dev\Dev2.Activities.Tests\Dev2.Activities.Tests.csproj]
C:\Program Files\dotnet\sdk\10.0.201\Microsoft.Common.CurrentVersion.targets(2451,5): warning MSB3277:             C:\Users\ultra\warewolf\Dev\Dev2.Runtime.WebServer\bin\Debug\net8.0\Dev2.Runtime.WebServer.dll [C:\Users\ultra\warewolf\Dev\Dev2.Activities.Tests\Dev2.Activities.Tests.csproj]
C:\Program Files\dotnet\sdk\10.0.201\Microsoft.Common.CurrentVersion.targets(2451,5): warning MSB3277:             C:\Users\ultra\warewolf\Dev\Dev2.Scheduler\bin\Debug\net8.0\Dev2.Scheduler.dll [C:\Users\ultra\warewolf\Dev\Dev2.Activities.Tests\Dev2.Activities.Tests.csproj]
C:\Program Files\dotnet\sdk\10.0.201\Microsoft.Common.CurrentVersion.targets(2451,5): warning MSB3277:             C:\Users\ultra\warewolf\Dev\Dev2.Studio.Core\bin\Debug\net8.0\Dev2.Studio.Core.dll [C:\Users\ultra\warewolf\Dev\Dev2.Activities.Tests\Dev2.Activities.Tests.csproj]
C:\Program Files\dotnet\sdk\10.0.201\Microsoft.Common.CurrentVersion.targets(2451,5): warning MSB3277:             C:\Users\ultra\warewolf\Dev\Warewolf.Auditing\bin\Debug\net8.0\Warewolf.Auditing.dll [C:\Users\ultra\warewolf\Dev\Dev2.Activities.Tests\Dev2.Activities.Tests.csproj]
C:\Program Files\dotnet\sdk\10.0.201\Microsoft.Common.CurrentVersion.targets(2451,5): warning MSB3277:             C:\Users\ultra\warewolf\Dev\Warewolf.Common.Framework48\bin\Debug\net8.0\Warewolf.Common.Framework48.dll [C:\Users\ultra\warewolf\Dev\Dev2.Activities.Tests\Dev2.Activities.Tests.csproj]
C:\Program Files\dotnet\sdk\10.0.201\Microsoft.Common.CurrentVersion.targets(2451,5): warning MSB3277:             C:\Users\ultra\warewolf\Dev\Warewolf.Common.NetStandard20\bin\Debug\net8.0\Warewolf.Common.NetStandard20.dll [C:\Users\ultra\warewolf\Dev\Dev2.Activities.Tests\Dev2.Activities.Tests.csproj]
C:\Program Files\dotnet\sdk\10.0.201\Microsoft.Common.CurrentVersion.targets(2451,5): warning MSB3277:             C:\Users\ultra\warewolf\Dev\Warewolf.Driver.Persistence\bin\Debug\net8.0\Warewolf.Driver.Persistence.dll [C:\Users\ultra\warewolf\Dev\Dev2.Activities.Tests\Dev2.Activities.Tests.csproj]
C:\Program Files\dotnet\sdk\10.0.201\Microsoft.Common.CurrentVersion.targets(2451,5): warning MSB3277:             C:\Users\ultra\warewolf\Dev\Warewolf.Exchange.Email.Wrapper\bin\Debug\net8.0\Warewolf.Exchange.Email.Wrapper.dll [C:\Users\ultra\warewolf\Dev\Dev2.Activities.Tests\Dev2.Activities.Tests.csproj]
C:\Program Files\dotnet\sdk\10.0.201\Microsoft.Common.CurrentVersion.targets(2451,5): warning MSB3277:             C:\Users\ultra\warewolf\Dev\Warewolf.ResourceManagement\bin\Debug\net8.0\Warewolf.ResourceManagement.dll [C:\Users\ultra\warewolf\Dev\Dev2.Activities.Tests\Dev2.Activities.Tests.csproj]
C:\Program Files\dotnet\sdk\10.0.201\Microsoft.Common.CurrentVersion.targets(2451,5): warning MSB3277:             C:\Users\ultra\warewolf\Dev\Warewolf.Studio.Core\bin\Debug\net8.0\Warewolf.Studio.Core.dll [C:\Users\ultra\warewolf\Dev\Dev2.Activities.Tests\Dev2.Activities.Tests.csproj]
C:\Program Files\dotnet\sdk\10.0.201\Microsoft.Common.CurrentVersion.targets(2451,5): warning MSB3277:             C:\Users\ultra\warewolf\Dev\Warewolf.Testing\bin\Debug\net8.0\Warewolf.Testing.dll [C:\Users\ultra\warewolf\Dev\Dev2.Activities.Tests\Dev2.Activities.Tests.csproj]
C:\Program Files\dotnet\sdk\10.0.201\Microsoft.Common.CurrentVersion.targets(2451,5): warning MSB3277:             C:\Users\ultra\.nuget\packages\dotnetzip\1.16.0\lib\netstandard2.0\DotNetZip.dll [C:\Users\ultra\warewolf\Dev\Dev2.Activities.Tests\Dev2.Activities.Tests.csproj]
C:\Program Files\dotnet\sdk\10.0.201\Microsoft.Common.CurrentVersion.targets(2451,5): warning MSB3277:             C:\Users\ultra\warewolf\Dev\Dev2.Common\bin\Debug\net8.0\Dev2.Common.dll [C:\Users\ultra\warewolf\Dev\Dev2.Activities.Tests\Dev2.Activities.Tests.csproj]
C:\Program Files\dotnet\sdk\10.0.201\Microsoft.Common.CurrentVersion.targets(2451,5): warning MSB3277:             C:\Users\ultra\warewolf\Dev\Dev2.Data.Interfaces\bin\Debug\net8.0\Dev2.Data.Interfaces.dll [C:\Users\ultra\warewolf\Dev\Dev2.Activities.Tests\Dev2.Activities.Tests.csproj]
C:\Program Files\dotnet\sdk\10.0.201\Microsoft.Common.CurrentVersion.targets(2451,5): warning MSB3277:             C:\Users\ultra\warewolf\Dev\Dev2.Development.Languages\bin\Debug\net8.0\Dev2.Development.Languages.dll [C:\Users\ultra\warewolf\Dev\Dev2.Activities.Tests\Dev2.Activities.Tests.csproj]
C:\Program Files\dotnet\sdk\10.0.201\Microsoft.Common.CurrentVersion.targets(2451,5): warning MSB3277:             C:\Users\ultra\warewolf\Dev\Dev2.Diagnostics\bin\Debug\net8.0\Dev2.Diagnostics.dll [C:\Users\ultra\warewolf\Dev\Dev2.Activities.Tests\Dev2.Activities.Tests.csproj]
C:\Program Files\dotnet\sdk\10.0.201\Microsoft.Common.CurrentVersion.targets(2451,5): warning MSB3277:             C:\Users\ultra\warewolf\Dev\Dev2.Infrastructure\bin\Debug\net8.0\Dev2.Infrastructure.dll [C:\Users\ultra\warewolf\Dev\Dev2.Activities.Tests\Dev2.Activities.Tests.csproj]
C:\Program Files\dotnet\sdk\10.0.201\Microsoft.Common.CurrentVersion.targets(2451,5): warning MSB3277:             C:\Users\ultra\warewolf\Dev\Dev2.Services.Sql\bin\Debug\net8.0\Dev2.Services.Sql.dll [C:\Users\ultra\warewolf\Dev\Dev2.Activities.Tests\Dev2.Activities.Tests.csproj]
C:\Program Files\dotnet\sdk\10.0.201\Microsoft.Common.CurrentVersion.targets(2451,5): warning MSB3277:             C:\Users\ultra\warewolf\Dev\Dev2.Util\bin\Debug\net8.0\Dev2.Util.dll [C:\Users\ultra\warewolf\Dev\Dev2.Activities.Tests\Dev2.Activities.Tests.csproj]
C:\Program Files\dotnet\sdk\10.0.201\Microsoft.Common.CurrentVersion.targets(2451,5): warning MSB3277:             C:\Users\ultra\warewolf\Dev\Warewolf.Sharepoint\bin\Debug\net8.0\Warewolf.Sharepoint.dll [C:\Users\ultra\warewolf\Dev\Dev2.Activities.Tests\Dev2.Activities.Tests.csproj]
C:\Program Files\dotnet\sdk\10.0.201\Microsoft.Common.CurrentVersion.targets(2451,5): warning MSB3277:             C:\Users\ultra\warewolf\Dev\Warewolf.Storage\bin\Debug\net8.0\Warewolf.Storage.dll [C:\Users\ultra\warewolf\Dev\Dev2.Activities.Tests\Dev2.Activities.Tests.csproj]
C:\Program Files\dotnet\sdk\10.0.201\Microsoft.Common.CurrentVersion.targets(2451,5): warning MSB3277:             C:\Users\ultra\warewolf\Dev\Dev2.TaskScheduler.Wrappers\bin\Debug\net8.0\Dev2.TaskScheduler.Wrappers.dll [C:\Users\ultra\warewolf\Dev\Dev2.Activities.Tests\Dev2.Activities.Tests.csproj]
C:\Program Files\dotnet\sdk\10.0.201\Microsoft.Common.CurrentVersion.targets(2451,5): warning MSB3277:             C:\Users\ultra\warewolf\Dev\Warewolf.AI.Harness\bin\Debug\net8.0\Warewolf.AI.Harness.dll [C:\Users\ultra\warewolf\Dev\Dev2.Activities.Tests\Dev2.Activities.Tests.csproj]
C:\Program Files\dotnet\sdk\10.0.201\Microsoft.Common.CurrentVersion.targets(2451,5): warning MSB3277:             C:\Users\ultra\warewolf\Dev\Warewolf.Driver.Serilog\bin\Debug\net8.0\Warewolf.Driver.Serilog.dll [C:\Users\ultra\warewolf\Dev\Dev2.Activities.Tests\Dev2.Activities.Tests.csproj]
C:\Program Files\dotnet\sdk\10.0.201\Microsoft.Common.CurrentVersion.targets(2451,5): warning MSB3277:             C:\Users\ultra\.nuget\packages\mindbox.data.linq\5.0.0\lib\netstandard2.0\Mindbox.Data.Linq.dll [C:\Users\ultra\warewolf\Dev\Dev2.Activities.Tests\Dev2.Activities.Tests.csproj]
C:\Program Files\dotnet\sdk\10.0.201\Microsoft.Common.CurrentVersion.targets(2451,5): warning MSB3277:             C:\Users\ultra\.nuget\packages\mysql.data\8.4.0\lib\net8.0\MySql.Data.dll [C:\Users\ultra\warewolf\Dev\Dev2.Activities.Tests\Dev2.Activities.Tests.csproj]
C:\Program Files\dotnet\sdk\10.0.201\Microsoft.Common.CurrentVersion.targets(2451,5): warning MSB3277:             C:\Users\ultra\.nuget\packages\oracle.manageddataaccess.core\3.21.70\lib\netstandard2.1\Oracle.ManagedDataAccess.dll [C:\Users\ultra\warewolf\Dev\Dev2.Activities.Tests\Dev2.Activities.Tests.csproj]
C:\Program Files\dotnet\sdk\10.0.201\Microsoft.Common.CurrentVersion.targets(2451,5): warning MSB3277:             C:\Users\ultra\.nuget\packages\system.directoryservices\6.0.0\lib\net6.0\System.DirectoryServices.dll [C:\Users\ultra\warewolf\Dev\Dev2.Activities.Tests\Dev2.Activities.Tests.csproj]
C:\Program Files\dotnet\sdk\10.0.201\Microsoft.Common.CurrentVersion.targets(2451,5): warning MSB3277:             C:\Users\ultra\.nuget\packages\corewcf.primitives\1.2.1\lib\netstandard2.0\CoreWCF.Primitives.dll [C:\Users\ultra\warewolf\Dev\Dev2.Activities.Tests\Dev2.Activities.Tests.csproj]
C:\Program Files\dotnet\sdk\10.0.201\Microsoft.Common.CurrentVersion.targets(2451,5): warning MSB3277:             C:\Users\ultra\.nuget\packages\corewcf.http\1.2.1\lib\netstandard2.0\CoreWCF.Http.dll [C:\Users\ultra\warewolf\Dev\Dev2.Activities.Tests\Dev2.Activities.Tests.csproj]
C:\Program Files\dotnet\sdk\10.0.201\Microsoft.Common.CurrentVersion.targets(2451,5): warning MSB3277:             C:\Users\ultra\.nuget\packages\corewcf.nettcp\1.2.1\lib\netstandard2.0\CoreWCF.NetTcp.dll [C:\Users\ultra\warewolf\Dev\Dev2.Activities.Tests\Dev2.Activities.Tests.csproj]
C:\Program Files\dotnet\sdk\10.0.201\Microsoft.Common.CurrentVersion.targets(2451,5): warning MSB3277:             C:\Users\ultra\.nuget\packages\corewcf.webhttp\1.2.1\lib\netstandard2.0\CoreWCF.WebHttp.dll [C:\Users\ultra\warewolf\Dev\Dev2.Activities.Tests\Dev2.Activities.Tests.csproj]
C:\Program Files\dotnet\sdk\10.0.201\Microsoft.Common.CurrentVersion.targets(2451,5): warning MSB3277:             C:\Program Files\dotnet\packs\Microsoft.NETCore.App.Ref\8.0.25\ref/net8.0/System.Configuration.dll [C:\Users\ultra\warewolf\Dev\Dev2.Activities.Tests\Dev2.Activities.Tests.csproj]
C:\Program Files\dotnet\sdk\10.0.201\Microsoft.Common.CurrentVersion.targets(2451,5): warning MSB3277:             C:\Users\ultra\.nuget\packages\prism.wpf\9.0.537\lib\net462\Prism.Wpf.dll [C:\Users\ultra\warewolf\Dev\Dev2.Activities.Tests\Dev2.Activities.Tests.csproj]
C:\Program Files\dotnet\sdk\10.0.201\Microsoft.Common.CurrentVersion.targets(2451,5): warning MSB3277:             C:\Program Files\dotnet\packs\Microsoft.NETCore.App.Ref\8.0.25\ref/net8.0/System.Data.dll [C:\Users\ultra\warewolf\Dev\Dev2.Activities.Tests\Dev2.Activities.Tests.csproj]
C:\Program Files\dotnet\sdk\10.0.201\Microsoft.Common.CurrentVersion.targets(2451,5): warning MSB3277:             C:\Users\ultra\.nuget\packages\taskschedulereditor\2.10.1\lib\net452\Microsoft.Win32.TaskSchedulerEditor.dll [C:\Users\ultra\warewolf\Dev\Dev2.Activities.Tests\Dev2.Activities.Tests.csproj]
C:\Program Files\dotnet\sdk\10.0.201\Microsoft.Common.CurrentVersion.targets(2451,5): warning MSB3277:             C:\Program Files\dotnet\packs\Microsoft.NETCore.App.Ref\8.0.25\ref/net8.0/System.Drawing.dll [C:\Users\ultra\warewolf\Dev\Dev2.Activities.Tests\Dev2.Activities.Tests.csproj]
C:\Program Files\dotnet\sdk\10.0.201\Microsoft.Common.CurrentVersion.targets(2451,5): warning MSB3277:             C:\Users\ultra\.nuget\packages\aerowizard\2.3.1\lib\net45\AeroWizard.dll [C:\Users\ultra\warewolf\Dev\Dev2.Activities.Tests\Dev2.Activities.Tests.csproj]
C:\Program Files\dotnet\sdk\10.0.201\Microsoft.Common.CurrentVersion.targets(2451,5): warning MSB3277:             C:\Users\ultra\.nuget\packages\groupcontrols\1.9.0\lib\net45\GroupControls.dll [C:\Users\ultra\warewolf\Dev\Dev2.Activities.Tests\Dev2.Activities.Tests.csproj]
C:\Program Files\dotnet\sdk\10.0.201\Microsoft.Common.CurrentVersion.targets(2451,5): warning MSB3277:             C:\Program Files\dotnet\packs\Microsoft.NETCore.App.Ref\8.0.25\ref/net8.0/System.Net.dll [C:\Users\ultra\warewolf\Dev\Dev2.Activities.Tests\Dev2.Activities.Tests.csproj]
C:\Program Files\dotnet\sdk\10.0.201\Microsoft.Common.CurrentVersion.targets(2451,5): warning MSB3277:             C:\Program Files\dotnet\packs\Microsoft.NETCore.App.Ref\8.0.25\ref/net8.0/System.Security.dll [C:\Users\ultra\warewolf\Dev\Dev2.Activities.Tests\Dev2.Activities.Tests.csproj]
C:\Program Files\dotnet\sdk\10.0.201\Microsoft.Common.CurrentVersion.targets(2451,5): warning MSB3277:             C:\Program Files\dotnet\packs\Microsoft.NETCore.App.Ref\8.0.25\ref/net8.0/System.ServiceProcess.dll [C:\Users\ultra\warewolf\Dev\Dev2.Activities.Tests\Dev2.Activities.Tests.csproj]
C:\Program Files\dotnet\sdk\10.0.201\Microsoft.Common.CurrentVersion.targets(2451,5): warning MSB3277:             C:\Program Files\dotnet\packs\Microsoft.NETCore.App.Ref\8.0.25\ref/net8.0/System.Transactions.dll [C:\Users\ultra\warewolf\Dev\Dev2.Activities.Tests\Dev2.Activities.Tests.csproj]
C:\Program Files\dotnet\sdk\10.0.201\Microsoft.Common.CurrentVersion.targets(2451,5): warning MSB3277:             C:\Program Files\dotnet\packs\Microsoft.NETCore.App.Ref\8.0.25\ref/net8.0/System.dll [C:\Users\ultra\warewolf\Dev\Dev2.Activities.Tests\Dev2.Activities.Tests.csproj]
C:\Program Files\dotnet\sdk\10.0.201\Microsoft.Common.CurrentVersion.targets(2451,5): warning MSB3277:             C:\Users\ultra\.nuget\packages\microsoft.xaml.behaviors.wpf\1.1.122\lib\net462\Microsoft.Xaml.Behaviors.dll [C:\Users\ultra\warewolf\Dev\Dev2.Activities.Tests\Dev2.Activities.Tests.csproj]
C:\Program Files\dotnet\sdk\10.0.201\Microsoft.Common.CurrentVersion.targets(2451,5): warning MSB3277:             C:\Users\ultra\.nuget\packages\caliburn.micro\4.0.212\lib\netcoreapp3.1\Caliburn.Micro.Platform.dll [C:\Users\ultra\warewolf\Dev\Dev2.Activities.Tests\Dev2.Activities.Tests.csproj]
C:\Program Files\dotnet\sdk\10.0.201\Microsoft.Common.CurrentVersion.targets(2451,5): warning MSB3277:             C:\Users\ultra\.nuget\packages\reactiveui.wpf\18.4.1\lib\net462\ReactiveUI.Wpf.dll [C:\Users\ultra\warewolf\Dev\Dev2.Activities.Tests\Dev2.Activities.Tests.csproj]
C:\Program Files\dotnet\sdk\10.0.201\Microsoft.Common.CurrentVersion.targets(2451,5): warning MSB3277:             C:\Users\ultra\.nuget\packages\ttcue.netcore.sharepointonline.csom.16.1.8029.1200\16.1.8029.1200\lib\netcoreapp2.0\Microsoft.SharePoint.Client.Runtime.Windows.dll [C:\Users\ultra\warewolf\Dev\Dev2.Activities.Tests\Dev2.Activities.Tests.csproj]
C:\Program Files\dotnet\sdk\10.0.201\Microsoft.Common.CurrentVersion.targets(2451,5): warning MSB3277:             C:\Program Files\dotnet\packs\Microsoft.NETCore.App.Ref\8.0.25\ref/net8.0/WindowsBase.dll [C:\Users\ultra\warewolf\Dev\Dev2.Activities.Tests\Dev2.Activities.Tests.csproj]
C:\Program Files\dotnet\sdk\10.0.201\Microsoft.Common.CurrentVersion.targets(2451,5): warning MSB3277:             C:\Program Files\dotnet\packs\Microsoft.NETCore.App.Ref\8.0.25\ref/net8.0/mscorlib.dll [C:\Users\ultra\warewolf\Dev\Dev2.Activities.Tests\Dev2.Activities.Tests.csproj]
C:\Program Files\dotnet\sdk\10.0.201\Microsoft.Common.CurrentVersion.targets(2451,5): warning MSB3277:             C:\Users\ultra\.nuget\packages\hangfire.core\1.7.32\lib\netstandard2.0\Hangfire.Core.dll [C:\Users\ultra\warewolf\Dev\Dev2.Activities.Tests\Dev2.Activities.Tests.csproj]
C:\Program Files\dotnet\sdk\10.0.201\Microsoft.Common.CurrentVersion.targets(2451,5): warning MSB3277:             C:\Users\ultra\.nuget\packages\hangfire.sqlserver\1.7.32\lib\netstandard2.0\Hangfire.SqlServer.dll [C:\Users\ultra\warewolf\Dev\Dev2.Activities.Tests\Dev2.Activities.Tests.csproj]
C:\Program Files\dotnet\sdk\10.0.201\Microsoft.Common.CurrentVersion.targets(2451,5): warning MSB3277:             C:\Users\ultra\.nuget\packages\microsoft.codecoverage\17.13.0\lib\netcoreapp3.1\Microsoft.VisualStudio.CodeCoverage.Shim.dll [C:\Users\ultra\warewolf\Dev\Dev2.Activities.Tests\Dev2.Activities.Tests.csproj]
C:\Program Files\dotnet\sdk\10.0.201\Microsoft.Common.CurrentVersion.targets(2451,5): warning MSB3277:         C:\Program Files\dotnet\packs\Microsoft.NETCore.App.Ref\8.0.25\ref\net8.0\System.Drawing.dll [C:\Users\ultra\warewolf\Dev\Dev2.Activities.Tests\Dev2.Activities.Tests.csproj]
C:\Program Files\dotnet\sdk\10.0.201\Microsoft.Common.CurrentVersion.targets(2451,5): warning MSB3277:           Project file item includes which caused reference "C:\Program Files\dotnet\packs\Microsoft.NETCore.App.Ref\8.0.25\ref\net8.0\System.Drawing.dll". [C:\Users\ultra\warewolf\Dev\Dev2.Activities.Tests\Dev2.Activities.Tests.csproj]
C:\Program Files\dotnet\sdk\10.0.201\Microsoft.Common.CurrentVersion.targets(2451,5): warning MSB3277:             C:\Program Files\dotnet\packs\Microsoft.NETCore.App.Ref\8.0.25\ref/net8.0/System.Drawing.dll [C:\Users\ultra\warewolf\Dev\Dev2.Activities.Tests\Dev2.Activities.Tests.csproj]
C:\Program Files\dotnet\sdk\10.0.201\Microsoft.Common.CurrentVersion.targets(2451,5): warning MSB3277:             C:\Users\ultra\.nuget\packages\aerowizard\2.3.1\lib\net45\AeroWizard.dll [C:\Users\ultra\warewolf\Dev\Dev2.Activities.Tests\Dev2.Activities.Tests.csproj]
C:\Program Files\dotnet\sdk\10.0.201\Microsoft.Common.CurrentVersion.targets(2451,5): warning MSB3277:             C:\Users\ultra\.nuget\packages\groupcontrols\1.9.0\lib\net45\GroupControls.dll [C:\Users\ultra\warewolf\Dev\Dev2.Activities.Tests\Dev2.Activities.Tests.csproj]
C:\Program Files\dotnet\sdk\10.0.201\Microsoft.Common.CurrentVersion.targets(2451,5): warning MSB3277:             C:\Users\ultra\.nuget\packages\taskschedulereditor\2.10.1\lib\net452\Microsoft.Win32.TaskSchedulerEditor.dll [C:\Users\ultra\warewolf\Dev\Dev2.Activities.Tests\Dev2.Activities.Tests.csproj]
  Dev2.Diagnostics.Tests -> C:\Users\ultra\warewolf\Dev\Dev2.Diagnostics.Tests\bin\Debug\net8.0\linux-x64\Dev2.Diagnostics.Tests.dll
C:\Users\ultra\warewolf\Dev\Dev2.Diagnostics.Tests\TestPerfCounterManager.cs(24,21): warning CA1416: This call site is reachable on all platforms. 'PerformanceCounterCategory.Delete(string)' is only supported on: 'windows'. (https://learn.microsoft.com/dotnet/fundamentals/code-analysis/quality-rules/ca1416) [C:\Users\ultra\warewolf\Dev\Dev2.Diagnostics.Tests\Dev2.Diagnostics.Tests.csproj]
C:\Users\ultra\warewolf\Dev\Dev2.Diagnostics.Tests\PerfCountersOpsTests.cs(26,21): warning CA1416: This call site is reachable on all platforms. 'PerformanceCounterCategory.Delete(string)' is only supported on: 'windows'. (https://learn.microsoft.com/dotnet/fundamentals/code-analysis/quality-rules/ca1416) [C:\Users\ultra\warewolf\Dev\Dev2.Diagnostics.Tests\Dev2.Diagnostics.Tests.csproj]
C:\Users\ultra\warewolf\Dev\Dev2.Diagnostics.Tests\TestExecutionContainer.cs(31,17): warning CA1416: This call site is reachable on all platforms. 'PerformanceCounterCategory.Delete(string)' is only supported on: 'windows'. (https://learn.microsoft.com/dotnet/fundamentals/code-analysis/quality-rules/ca1416) [C:\Users\ultra\warewolf\Dev\Dev2.Diagnostics.Tests\Dev2.Diagnostics.Tests.csproj]
C:\Users\ultra\warewolf\Dev\Dev2.Diagnostics.Tests\PerfCountersOpsTests.cs(27,21): warning CA1416: This call site is reachable on all platforms. 'PerformanceCounterCategory.Delete(string)' is only supported on: 'windows'. (https://learn.microsoft.com/dotnet/fundamentals/code-analysis/quality-rules/ca1416) [C:\Users\ultra\warewolf\Dev\Dev2.Diagnostics.Tests\Dev2.Diagnostics.Tests.csproj]
C:\Users\ultra\warewolf\Dev\Dev2.Diagnostics.Tests\PerfCounterBuilderTest.cs(25,17): warning CA1416: This call site is reachable on all platforms. 'PerformanceCounterCategory.Delete(string)' is only supported on: 'windows'. (https://learn.microsoft.com/dotnet/fundamentals/code-analysis/quality-rules/ca1416) [C:\Users\ultra\warewolf\Dev\Dev2.Diagnostics.Tests\Dev2.Diagnostics.Tests.csproj]
C:\Users\ultra\warewolf\Dev\Dev2.Diagnostics.Tests\PerfCounterBuilderTest.cs(88,17): warning CA1416: This call site is reachable on all platforms. 'PerformanceCounterCategory.Delete(string)' is only supported on: 'windows'. (https://learn.microsoft.com/dotnet/fundamentals/code-analysis/quality-rules/ca1416) [C:\Users\ultra\warewolf\Dev\Dev2.Diagnostics.Tests\Dev2.Diagnostics.Tests.csproj]
  Warewolf.Studio.ViewModels -> C:\Users\ultra\warewolf\Dev\Warewolf.Studio.ViewModels\bin\Debug\net8.0\Warewolf.Studio.ViewModels.dll
  Dev2.Diagnostics.Tests -> C:\Users\ultra\warewolf\Dev\Dev2.Diagnostics.Tests\bin\Debug\net8.0\Dev2.Diagnostics.Tests.dll
C:\Program Files\dotnet\sdk\10.0.201\Microsoft.Common.CurrentVersion.targets(2451,5): warning MSB3245: Could not resolve this reference. Could not locate the assembly "System.ServiceModel.Activities". Check to make sure the assembly exists on disk. If this reference is required by your code, you may get compilation errors. [C:\Users\ultra\warewolf\Dev\Warewolf.Studio.Views\Warewolf.Studio.Views.csproj]
C:\Program Files\dotnet\sdk\10.0.201\Microsoft.Common.CurrentVersion.targets(2451,5): warning MSB3277: Found conflicts between different versions of "Microsoft.Win32.SystemEvents" that could not be resolved. [C:\Users\ultra\warewolf\Dev\Warewolf.Studio.Views\Warewolf.Studio.Views.csproj]
C:\Program Files\dotnet\sdk\10.0.201\Microsoft.Common.CurrentVersion.targets(2451,5): warning MSB3277: There was a conflict between "Microsoft.Win32.SystemEvents, Version=6.0.0.0, Culture=neutral, PublicKeyToken=cc7b13ffcd2ddd51" and "Microsoft.Win32.SystemEvents, Version=7.0.0.0, Culture=neutral, PublicKeyToken=cc7b13ffcd2ddd51". [C:\Users\ultra\warewolf\Dev\Warewolf.Studio.Views\Warewolf.Studio.Views.csproj]
C:\Program Files\dotnet\sdk\10.0.201\Microsoft.Common.CurrentVersion.targets(2451,5): warning MSB3277:     "Microsoft.Win32.SystemEvents, Version=6.0.0.0, Culture=neutral, PublicKeyToken=cc7b13ffcd2ddd51" was chosen because it was primary and "Microsoft.Win32.SystemEvents, Version=7.0.0.0, Culture=neutral, PublicKeyToken=cc7b13ffcd2ddd51" was not. [C:\Users\ultra\warewolf\Dev\Warewolf.Studio.Views\Warewolf.Studio.Views.csproj]
C:\Program Files\dotnet\sdk\10.0.201\Microsoft.Common.CurrentVersion.targets(2451,5): warning MSB3277:     References which depend on "Microsoft.Win32.SystemEvents, Version=6.0.0.0, Culture=neutral, PublicKeyToken=cc7b13ffcd2ddd51" [C:\Users\ultra\.nuget\packages\microsoft.win32.systemevents\6.0.0\lib\net6.0\Microsoft.Win32.SystemEvents.dll]. [C:\Users\ultra\warewolf\Dev\Warewolf.Studio.Views\Warewolf.Studio.Views.csproj]
C:\Program Files\dotnet\sdk\10.0.201\Microsoft.Common.CurrentVersion.targets(2451,5): warning MSB3277:         C:\Users\ultra\.nuget\packages\microsoft.win32.systemevents\6.0.0\lib\net6.0\Microsoft.Win32.SystemEvents.dll [C:\Users\ultra\warewolf\Dev\Warewolf.Studio.Views\Warewolf.Studio.Views.csproj]
C:\Program Files\dotnet\sdk\10.0.201\Microsoft.Common.CurrentVersion.targets(2451,5): warning MSB3277:           Project file item includes which caused reference "C:\Users\ultra\.nuget\packages\microsoft.win32.systemevents\6.0.0\lib\net6.0\Microsoft.Win32.SystemEvents.dll". [C:\Users\ultra\warewolf\Dev\Warewolf.Studio.Views\Warewolf.Studio.Views.csproj]
C:\Program Files\dotnet\sdk\10.0.201\Microsoft.Common.CurrentVersion.targets(2451,5): warning MSB3277:             C:\Users\ultra\.nuget\packages\microsoft.win32.systemevents\6.0.0\lib\net6.0\Microsoft.Win32.SystemEvents.dll [C:\Users\ultra\warewolf\Dev\Warewolf.Studio.Views\Warewolf.Studio.Views.csproj]
C:\Program Files\dotnet\sdk\10.0.201\Microsoft.Common.CurrentVersion.targets(2451,5): warning MSB3277:     References which depend on or have been unified to "Microsoft.Win32.SystemEvents, Version=7.0.0.0, Culture=neutral, PublicKeyToken=cc7b13ffcd2ddd51" []. [C:\Users\ultra\warewolf\Dev\Warewolf.Studio.Views\Warewolf.Studio.Views.csproj]
C:\Program Files\dotnet\sdk\10.0.201\Microsoft.Common.CurrentVersion.targets(2451,5): warning MSB3277:         C:\Users\ultra\warewolf\Dev\Dev2.Common\bin\Debug\net8.0\Dev2.Common.dll [C:\Users\ultra\warewolf\Dev\Warewolf.Studio.Views\Warewolf.Studio.Views.csproj]
C:\Program Files\dotnet\sdk\10.0.201\Microsoft.Common.CurrentVersion.targets(2451,5): warning MSB3277:           Project file item includes which caused reference "C:\Users\ultra\warewolf\Dev\Dev2.Common\bin\Debug\net8.0\Dev2.Common.dll". [C:\Users\ultra\warewolf\Dev\Warewolf.Studio.Views\Warewolf.Studio.Views.csproj]
C:\Program Files\dotnet\sdk\10.0.201\Microsoft.Common.CurrentVersion.targets(2451,5): warning MSB3277:             C:\Users\ultra\warewolf\Dev\Dev2.Common\bin\Debug\net8.0\Dev2.Common.dll [C:\Users\ultra\warewolf\Dev\Warewolf.Studio.Views\Warewolf.Studio.Views.csproj]
C:\Program Files\dotnet\sdk\10.0.201\Microsoft.Common.CurrentVersion.targets(2451,5): warning MSB3277:             C:\Users\ultra\warewolf\Dev\Dev2.Activities\bin\Debug\net8.0\Dev2.Activities.dll [C:\Users\ultra\warewolf\Dev\Warewolf.Studio.Views\Warewolf.Studio.Views.csproj]
C:\Program Files\dotnet\sdk\10.0.201\Microsoft.Common.CurrentVersion.targets(2451,5): warning MSB3277:             C:\Users\ultra\warewolf\Dev\Dev2.Core\bin\Debug\net8.0\Dev2.Core.dll [C:\Users\ultra\warewolf\Dev\Warewolf.Studio.Views\Warewolf.Studio.Views.csproj]
C:\Program Files\dotnet\sdk\10.0.201\Microsoft.Common.CurrentVersion.targets(2451,5): warning MSB3277:             C:\Users\ultra\warewolf\Dev\Dev2.Diagnostics\bin\Debug\net8.0\Dev2.Diagnostics.dll [C:\Users\ultra\warewolf\Dev\Warewolf.Studio.Views\Warewolf.Studio.Views.csproj]
C:\Program Files\dotnet\sdk\10.0.201\Microsoft.Common.CurrentVersion.targets(2451,5): warning MSB3277:             C:\Users\ultra\warewolf\Dev\Dev2.Infrastructure\bin\Debug\net8.0\Dev2.Infrastructure.dll [C:\Users\ultra\warewolf\Dev\Warewolf.Studio.Views\Warewolf.Studio.Views.csproj]
C:\Program Files\dotnet\sdk\10.0.201\Microsoft.Common.CurrentVersion.targets(2451,5): warning MSB3277:             C:\Users\ultra\warewolf\Dev\Dev2.Intellisense\bin\Debug\net8.0\Dev2.Intellisense.dll [C:\Users\ultra\warewolf\Dev\Warewolf.Studio.Views\Warewolf.Studio.Views.csproj]
C:\Program Files\dotnet\sdk\10.0.201\Microsoft.Common.CurrentVersion.targets(2451,5): warning MSB3277:             C:\Users\ultra\warewolf\Dev\Dev2.Studio.Core\bin\Debug\net8.0\Dev2.Studio.Core.dll [C:\Users\ultra\warewolf\Dev\Warewolf.Studio.Views\Warewolf.Studio.Views.csproj]
C:\Program Files\dotnet\sdk\10.0.201\Microsoft.Common.CurrentVersion.targets(2451,5): warning MSB3277:             C:\Users\ultra\warewolf\Dev\Dev2.Studio.Interfaces\bin\Debug\net8.0\Dev2.Studio.Interfaces.dll [C:\Users\ultra\warewolf\Dev\Warewolf.Studio.Views\Warewolf.Studio.Views.csproj]
C:\Program Files\dotnet\sdk\10.0.201\Microsoft.Common.CurrentVersion.targets(2451,5): warning MSB3277:             C:\Users\ultra\warewolf\Dev\Warewolf.Studio.Core\bin\Debug\net8.0\Warewolf.Studio.Core.dll [C:\Users\ultra\warewolf\Dev\Warewolf.Studio.Views\Warewolf.Studio.Views.csproj]
C:\Program Files\dotnet\sdk\10.0.201\Microsoft.Common.CurrentVersion.targets(2451,5): warning MSB3277:             C:\Users\ultra\warewolf\Dev\Warewolf.Studio.CustomControls\bin\Debug\net8.0\Warewolf.Studio.CustomControls.dll [C:\Users\ultra\warewolf\Dev\Warewolf.Studio.Views\Warewolf.Studio.Views.csproj]
C:\Program Files\dotnet\sdk\10.0.201\Microsoft.Common.CurrentVersion.targets(2451,5): warning MSB3277:             C:\Users\ultra\warewolf\Dev\Warewolf.Studio.ViewModels\bin\Debug\net8.0\Warewolf.Studio.ViewModels.dll [C:\Users\ultra\warewolf\Dev\Warewolf.Studio.Views\Warewolf.Studio.Views.csproj]
C:\Program Files\dotnet\sdk\10.0.201\Microsoft.Common.CurrentVersion.targets(2451,5): warning MSB3277:             C:\Users\ultra\warewolf\Dev\Dev2.Data\bin\Debug\net8.0\Dev2.Data.dll [C:\Users\ultra\warewolf\Dev\Warewolf.Studio.Views\Warewolf.Studio.Views.csproj]
C:\Program Files\dotnet\sdk\10.0.201\Microsoft.Common.CurrentVersion.targets(2451,5): warning MSB3277:             C:\Users\ultra\warewolf\Dev\Dev2.Development.Languages\bin\Debug\net8.0\Dev2.Development.Languages.dll [C:\Users\ultra\warewolf\Dev\Warewolf.Studio.Views\Warewolf.Studio.Views.csproj]
C:\Program Files\dotnet\sdk\10.0.201\Microsoft.Common.CurrentVersion.targets(2451,5): warning MSB3277:             C:\Users\ultra\warewolf\Dev\Dev2.Runtime.Services\bin\Debug\net8.0\Dev2.Runtime.Services.dll [C:\Users\ultra\warewolf\Dev\Warewolf.Studio.Views\Warewolf.Studio.Views.csproj]
C:\Program Files\dotnet\sdk\10.0.201\Microsoft.Common.CurrentVersion.targets(2451,5): warning MSB3277:             C:\Users\ultra\warewolf\Dev\Dev2.Scheduler\bin\Debug\net8.0\Dev2.Scheduler.dll [C:\Users\ultra\warewolf\Dev\Warewolf.Studio.Views\Warewolf.Studio.Views.csproj]
C:\Program Files\dotnet\sdk\10.0.201\Microsoft.Common.CurrentVersion.targets(2451,5): warning MSB3277:             C:\Users\ultra\warewolf\Dev\Dev2.Services.Execution\bin\Debug\net8.0\Dev2.Services.Execution.dll [C:\Users\ultra\warewolf\Dev\Warewolf.Studio.Views\Warewolf.Studio.Views.csproj]
C:\Program Files\dotnet\sdk\10.0.201\Microsoft.Common.CurrentVersion.targets(2451,5): warning MSB3277:             C:\Users\ultra\warewolf\Dev\Dev2.Services.Sql\bin\Debug\net8.0\Dev2.Services.Sql.dll [C:\Users\ultra\warewolf\Dev\Warewolf.Studio.Views\Warewolf.Studio.Views.csproj]
C:\Program Files\dotnet\sdk\10.0.201\Microsoft.Common.CurrentVersion.targets(2451,5): warning MSB3277:             C:\Users\ultra\warewolf\Dev\Dev2.TaskScheduler.Wrappers\bin\Debug\net8.0\Dev2.TaskScheduler.Wrappers.dll [C:\Users\ultra\warewolf\Dev\Warewolf.Studio.Views\Warewolf.Studio.Views.csproj]
C:\Program Files\dotnet\sdk\10.0.201\Microsoft.Common.CurrentVersion.targets(2451,5): warning MSB3277:             C:\Users\ultra\warewolf\Dev\Dev2.Util\bin\Debug\net8.0\Dev2.Util.dll [C:\Users\ultra\warewolf\Dev\Warewolf.Studio.Views\Warewolf.Studio.Views.csproj]
C:\Program Files\dotnet\sdk\10.0.201\Microsoft.Common.CurrentVersion.targets(2451,5): warning MSB3277:             C:\Users\ultra\warewolf\Dev\Warewolf.AI.Harness\bin\Debug\net8.0\Warewolf.AI.Harness.dll [C:\Users\ultra\warewolf\Dev\Warewolf.Studio.Views\Warewolf.Studio.Views.csproj]
C:\Program Files\dotnet\sdk\10.0.201\Microsoft.Common.CurrentVersion.targets(2451,5): warning MSB3277:             C:\Users\ultra\warewolf\Dev\Warewolf.Auditing\bin\Debug\net8.0\Warewolf.Auditing.dll [C:\Users\ultra\warewolf\Dev\Warewolf.Studio.Views\Warewolf.Studio.Views.csproj]
C:\Program Files\dotnet\sdk\10.0.201\Microsoft.Common.CurrentVersion.targets(2451,5): warning MSB3277:             C:\Users\ultra\warewolf\Dev\Warewolf.Common.NetStandard20\bin\Debug\net8.0\Warewolf.Common.NetStandard20.dll [C:\Users\ultra\warewolf\Dev\Warewolf.Studio.Views\Warewolf.Studio.Views.csproj]
C:\Program Files\dotnet\sdk\10.0.201\Microsoft.Common.CurrentVersion.targets(2451,5): warning MSB3277:             C:\Users\ultra\warewolf\Dev\Warewolf.Core\bin\Debug\net8.0\Warewolf.Core.dll [C:\Users\ultra\warewolf\Dev\Warewolf.Studio.Views\Warewolf.Studio.Views.csproj]
C:\Program Files\dotnet\sdk\10.0.201\Microsoft.Common.CurrentVersion.targets(2451,5): warning MSB3277:             C:\Users\ultra\warewolf\Dev\Warewolf.Driver.Persistence\bin\Debug\net8.0\Warewolf.Driver.Persistence.dll [C:\Users\ultra\warewolf\Dev\Warewolf.Studio.Views\Warewolf.Studio.Views.csproj]
C:\Program Files\dotnet\sdk\10.0.201\Microsoft.Common.CurrentVersion.targets(2451,5): warning MSB3277:             C:\Users\ultra\warewolf\Dev\Warewolf.Driver.Serilog\bin\Debug\net8.0\Warewolf.Driver.Serilog.dll [C:\Users\ultra\warewolf\Dev\Warewolf.Studio.Views\Warewolf.Studio.Views.csproj]
C:\Program Files\dotnet\sdk\10.0.201\Microsoft.Common.CurrentVersion.targets(2451,5): warning MSB3277:             C:\Users\ultra\warewolf\Dev\Warewolf.Exchange.Email.Wrapper\bin\Debug\net8.0\Warewolf.Exchange.Email.Wrapper.dll [C:\Users\ultra\warewolf\Dev\Warewolf.Studio.Views\Warewolf.Studio.Views.csproj]
C:\Program Files\dotnet\sdk\10.0.201\Microsoft.Common.CurrentVersion.targets(2451,5): warning MSB3277:             C:\Users\ultra\warewolf\Dev\Warewolf.ResourceManagement\bin\Debug\net8.0\Warewolf.ResourceManagement.dll [C:\Users\ultra\warewolf\Dev\Warewolf.Studio.Views\Warewolf.Studio.Views.csproj]
C:\Program Files\dotnet\sdk\10.0.201\Microsoft.Common.CurrentVersion.targets(2451,5): warning MSB3277:             C:\Users\ultra\warewolf\Dev\Warewolf.Sharepoint\bin\Debug\net8.0\Warewolf.Sharepoint.dll [C:\Users\ultra\warewolf\Dev\Warewolf.Studio.Views\Warewolf.Studio.Views.csproj]
C:\Program Files\dotnet\sdk\10.0.201\Microsoft.Common.CurrentVersion.targets(2451,5): warning MSB3277:             C:\Users\ultra\warewolf\Dev\Warewolf.Storage\bin\Debug\net8.0\Warewolf.Storage.dll [C:\Users\ultra\warewolf\Dev\Warewolf.Studio.Views\Warewolf.Studio.Views.csproj]
C:\Program Files\dotnet\sdk\10.0.201\Microsoft.Common.CurrentVersion.targets(2451,5): warning MSB3277:             C:\Users\ultra\warewolf\Dev\Warewolf.Studio.Models\bin\Debug\net8.0\Warewolf.Studio.Models.dll [C:\Users\ultra\warewolf\Dev\Warewolf.Studio.Views\Warewolf.Studio.Views.csproj]
C:\Program Files\dotnet\sdk\10.0.201\Microsoft.Common.CurrentVersion.targets(2451,5): warning MSB3277:             C:\Users\ultra\warewolf\Dev\Warewolf.UI\bin\Debug\net8.0\Warewolf.UI.dll [C:\Users\ultra\warewolf\Dev\Warewolf.Studio.Views\Warewolf.Studio.Views.csproj]
C:\Program Files\dotnet\sdk\10.0.201\Microsoft.Common.CurrentVersion.targets(2451,5): warning MSB3277:         C:\Users\ultra\warewolf\Dev\Binaries\Infragistcs_Net6\InfragisticsWPF4.Editors.v15.1.dll [C:\Users\ultra\warewolf\Dev\Warewolf.Studio.Views\Warewolf.Studio.Views.csproj]
C:\Program Files\dotnet\sdk\10.0.201\Microsoft.Common.CurrentVersion.targets(2451,5): warning MSB3277:           Project file item includes which caused reference "C:\Users\ultra\warewolf\Dev\Binaries\Infragistcs_Net6\InfragisticsWPF4.Editors.v15.1.dll". [C:\Users\ultra\warewolf\Dev\Warewolf.Studio.Views\Warewolf.Studio.Views.csproj]
C:\Program Files\dotnet\sdk\10.0.201\Microsoft.Common.CurrentVersion.targets(2451,5): warning MSB3277:             InfragisticsWPF4.Editors.v15.1 [C:\Users\ultra\warewolf\Dev\Warewolf.Studio.Views\Warewolf.Studio.Views.csproj]
C:\Program Files\dotnet\sdk\10.0.201\Microsoft.Common.CurrentVersion.targets(2451,5): warning MSB3277:         C:\Users\ultra\warewolf\Dev\Binaries\Infragistcs_Net6\InfragisticsWPF4.v15.1.dll [C:\Users\ultra\warewolf\Dev\Warewolf.Studio.Views\Warewolf.Studio.Views.csproj]
C:\Program Files\dotnet\sdk\10.0.201\Microsoft.Common.CurrentVersion.targets(2451,5): warning MSB3277:           Project file item includes which caused reference "C:\Users\ultra\warewolf\Dev\Binaries\Infragistcs_Net6\InfragisticsWPF4.v15.1.dll". [C:\Users\ultra\warewolf\Dev\Warewolf.Studio.Views\Warewolf.Studio.Views.csproj]
C:\Program Files\dotnet\sdk\10.0.201\Microsoft.Common.CurrentVersion.targets(2451,5): warning MSB3277:             InfragisticsWPF4.v15.1 [C:\Users\ultra\warewolf\Dev\Warewolf.Studio.Views\Warewolf.Studio.Views.csproj]
C:\Program Files\dotnet\sdk\10.0.201\Microsoft.Common.CurrentVersion.targets(2451,5): warning MSB3277:             InfragisticsWPF4.Controls.Editors.XamComboEditor.v15.1 [C:\Users\ultra\warewolf\Dev\Warewolf.Studio.Views\Warewolf.Studio.Views.csproj]
C:\Program Files\dotnet\sdk\10.0.201\Microsoft.Common.CurrentVersion.targets(2451,5): warning MSB3277:             InfragisticsWPF4.Controls.Editors.XamRichTextEditor.v15.1 [C:\Users\ultra\warewolf\Dev\Warewolf.Studio.Views\Warewolf.Studio.Views.csproj]
C:\Program Files\dotnet\sdk\10.0.201\Microsoft.Common.CurrentVersion.targets(2451,5): warning MSB3277:             InfragisticsWPF4.Controls.Grids.XamGrid.v15.1 [C:\Users\ultra\warewolf\Dev\Warewolf.Studio.Views\Warewolf.Studio.Views.csproj]
C:\Program Files\dotnet\sdk\10.0.201\Microsoft.Common.CurrentVersion.targets(2451,5): warning MSB3277:             InfragisticsWPF4.Controls.Interactions.XamDialogWindow.v15.1 [C:\Users\ultra\warewolf\Dev\Warewolf.Studio.Views\Warewolf.Studio.Views.csproj]
C:\Program Files\dotnet\sdk\10.0.201\Microsoft.Common.CurrentVersion.targets(2451,5): warning MSB3277:             InfragisticsWPF4.Controls.Menus.XamDataTree.v15.1 [C:\Users\ultra\warewolf\Dev\Warewolf.Studio.Views\Warewolf.Studio.Views.csproj]
C:\Program Files\dotnet\sdk\10.0.201\Microsoft.Common.CurrentVersion.targets(2451,5): warning MSB3277:             InfragisticsWPF4.Controls.Menus.XamMenu.v15.1 [C:\Users\ultra\warewolf\Dev\Warewolf.Studio.Views\Warewolf.Studio.Views.csproj]
C:\Program Files\dotnet\sdk\10.0.201\Microsoft.Common.CurrentVersion.targets(2451,5): warning MSB3277:             InfragisticsWPF4.DataManager.v15.1 [C:\Users\ultra\warewolf\Dev\Warewolf.Studio.Views\Warewolf.Studio.Views.csproj]
C:\Program Files\dotnet\sdk\10.0.201\Microsoft.Common.CurrentVersion.targets(2451,5): warning MSB3277:             InfragisticsWPF4.DockManager.v15.1 [C:\Users\ultra\warewolf\Dev\Warewolf.Studio.Views\Warewolf.Studio.Views.csproj]
C:\Program Files\dotnet\sdk\10.0.201\Microsoft.Common.CurrentVersion.targets(2451,5): warning MSB3277:             InfragisticsWPF4.Documents.RichTextDocument.Html.v15.1 [C:\Users\ultra\warewolf\Dev\Warewolf.Studio.Views\Warewolf.Studio.Views.csproj]
C:\Program Files\dotnet\sdk\10.0.201\Microsoft.Common.CurrentVersion.targets(2451,5): warning MSB3277:             InfragisticsWPF4.Documents.RichTextDocument.v15.1 [C:\Users\ultra\warewolf\Dev\Warewolf.Studio.Views\Warewolf.Studio.Views.csproj]
C:\Program Files\dotnet\sdk\10.0.201\Microsoft.Common.CurrentVersion.targets(2451,5): warning MSB3277:             InfragisticsWPF4.Editors.v15.1 [C:\Users\ultra\warewolf\Dev\Warewolf.Studio.Views\Warewolf.Studio.Views.csproj]
C:\Program Files\dotnet\sdk\10.0.201\Microsoft.Common.CurrentVersion.targets(2451,5): warning MSB3277:         C:\Users\ultra\.nuget\packages\timespan2\2.4.2\lib\netcoreapp3.1\TimeSpan2.dll [C:\Users\ultra\warewolf\Dev\Warewolf.Studio.Views\Warewolf.Studio.Views.csproj]
C:\Program Files\dotnet\sdk\10.0.201\Microsoft.Common.CurrentVersion.targets(2451,5): warning MSB3277:           Project file item includes which caused reference "C:\Users\ultra\.nuget\packages\timespan2\2.4.2\lib\netcoreapp3.1\TimeSpan2.dll". [C:\Users\ultra\warewolf\Dev\Warewolf.Studio.Views\Warewolf.Studio.Views.csproj]
C:\Program Files\dotnet\sdk\10.0.201\Microsoft.Common.CurrentVersion.targets(2451,5): warning MSB3277:             C:\Users\ultra\.nuget\packages\timespan2\2.4.2\lib\netcoreapp3.1\TimeSpan2.dll [C:\Users\ultra\warewolf\Dev\Warewolf.Studio.Views\Warewolf.Studio.Views.csproj]
C:\Program Files\dotnet\sdk\10.0.201\Microsoft.Common.CurrentVersion.targets(2451,5): warning MSB3277:             C:\Users\ultra\.nuget\packages\taskschedulereditor\2.10.1\lib\net452\Microsoft.Win32.TaskSchedulerEditor.dll [C:\Users\ultra\warewolf\Dev\Warewolf.Studio.Views\Warewolf.Studio.Views.csproj]
C:\Program Files\dotnet\sdk\10.0.201\Microsoft.Common.CurrentVersion.targets(2451,5): warning MSB3277:         C:\Program Files\dotnet\packs\Microsoft.NETCore.App.Ref\8.0.25\ref\net8.0\System.dll [C:\Users\ultra\warewolf\Dev\Warewolf.Studio.Views\Warewolf.Studio.Views.csproj]
C:\Program Files\dotnet\sdk\10.0.201\Microsoft.Common.CurrentVersion.targets(2451,5): warning MSB3277:           Project file item includes which caused reference "C:\Program Files\dotnet\packs\Microsoft.NETCore.App.Ref\8.0.25\ref\net8.0\System.dll". [C:\Users\ultra\warewolf\Dev\Warewolf.Studio.Views\Warewolf.Studio.Views.csproj]
C:\Program Files\dotnet\sdk\10.0.201\Microsoft.Common.CurrentVersion.targets(2451,5): warning MSB3277:             C:\Program Files\dotnet\packs\Microsoft.NETCore.App.Ref\8.0.25\ref/net8.0/System.dll [C:\Users\ultra\warewolf\Dev\Warewolf.Studio.Views\Warewolf.Studio.Views.csproj]
C:\Program Files\dotnet\sdk\10.0.201\Microsoft.Common.CurrentVersion.targets(2451,5): warning MSB3277:             C:\Users\ultra\.nuget\packages\aerowizard\2.3.1\lib\net45\AeroWizard.dll [C:\Users\ultra\warewolf\Dev\Warewolf.Studio.Views\Warewolf.Studio.Views.csproj]
C:\Program Files\dotnet\sdk\10.0.201\Microsoft.Common.CurrentVersion.targets(2451,5): warning MSB3277:             C:\Users\ultra\.nuget\packages\groupcontrols\1.9.0\lib\net45\GroupControls.dll [C:\Users\ultra\warewolf\Dev\Warewolf.Studio.Views\Warewolf.Studio.Views.csproj]
C:\Program Files\dotnet\sdk\10.0.201\Microsoft.Common.CurrentVersion.targets(2451,5): warning MSB3277:             C:\Users\ultra\.nuget\packages\microsoft.xaml.behaviors.wpf\1.1.122\lib\net462\Microsoft.Xaml.Behaviors.dll [C:\Users\ultra\warewolf\Dev\Warewolf.Studio.Views\Warewolf.Studio.Views.csproj]
C:\Program Files\dotnet\sdk\10.0.201\Microsoft.Common.CurrentVersion.targets(2451,5): warning MSB3277:             C:\Users\ultra\.nuget\packages\caliburn.micro\4.0.212\lib\netcoreapp3.1\Caliburn.Micro.Platform.dll [C:\Users\ultra\warewolf\Dev\Warewolf.Studio.Views\Warewolf.Studio.Views.csproj]
C:\Program Files\dotnet\sdk\10.0.201\Microsoft.Common.CurrentVersion.targets(2451,5): warning MSB3277:             C:\Users\ultra\.nuget\packages\prism.wpf\9.0.537\lib\net462\Prism.Wpf.dll [C:\Users\ultra\warewolf\Dev\Warewolf.Studio.Views\Warewolf.Studio.Views.csproj]
C:\Program Files\dotnet\sdk\10.0.201\Microsoft.Common.CurrentVersion.targets(2451,5): warning MSB3277:             C:\Users\ultra\.nuget\packages\reactiveui.wpf\18.4.1\lib\net462\ReactiveUI.Wpf.dll [C:\Users\ultra\warewolf\Dev\Warewolf.Studio.Views\Warewolf.Studio.Views.csproj]
C:\Program Files\dotnet\sdk\10.0.201\Microsoft.Common.CurrentVersion.targets(2451,5): warning MSB3277:             C:\Users\ultra\.nuget\packages\taskschedulereditor\2.10.1\lib\net452\Microsoft.Win32.TaskSchedulerEditor.dll [C:\Users\ultra\warewolf\Dev\Warewolf.Studio.Views\Warewolf.Studio.Views.csproj]
C:\Program Files\dotnet\sdk\10.0.201\Microsoft.Common.CurrentVersion.targets(2451,5): warning MSB3277:             C:\Users\ultra\.nuget\packages\ttcue.netcore.sharepointonline.csom.16.1.8029.1200\16.1.8029.1200\lib\netcoreapp2.0\Microsoft.SharePoint.Client.Runtime.Windows.dll [C:\Users\ultra\warewolf\Dev\Warewolf.Studio.Views\Warewolf.Studio.Views.csproj]
C:\Program Files\dotnet\sdk\10.0.201\Microsoft.Common.CurrentVersion.targets(2451,5): warning MSB3277: Found conflicts between different versions of "System.Security.Permissions" that could not be resolved. [C:\Users\ultra\warewolf\Dev\Warewolf.Studio.Views\Warewolf.Studio.Views.csproj]
C:\Program Files\dotnet\sdk\10.0.201\Microsoft.Common.CurrentVersion.targets(2451,5): warning MSB3277: There was a conflict between "System.Security.Permissions, Version=6.0.0.0, Culture=neutral, PublicKeyToken=cc7b13ffcd2ddd51" and "System.Security.Permissions, Version=7.0.0.0, Culture=neutral, PublicKeyToken=cc7b13ffcd2ddd51". [C:\Users\ultra\warewolf\Dev\Warewolf.Studio.Views\Warewolf.Studio.Views.csproj]
C:\Program Files\dotnet\sdk\10.0.201\Microsoft.Common.CurrentVersion.targets(2451,5): warning MSB3277:     "System.Security.Permissions, Version=6.0.0.0, Culture=neutral, PublicKeyToken=cc7b13ffcd2ddd51" was chosen because it was primary and "System.Security.Permissions, Version=7.0.0.0, Culture=neutral, PublicKeyToken=cc7b13ffcd2ddd51" was not. [C:\Users\ultra\warewolf\Dev\Warewolf.Studio.Views\Warewolf.Studio.Views.csproj]
C:\Program Files\dotnet\sdk\10.0.201\Microsoft.Common.CurrentVersion.targets(2451,5): warning MSB3277:     References which depend on "System.Security.Permissions, Version=6.0.0.0, Culture=neutral, PublicKeyToken=cc7b13ffcd2ddd51" [C:\Users\ultra\.nuget\packages\system.security.permissions\6.0.0\lib\net6.0\System.Security.Permissions.dll]. [C:\Users\ultra\warewolf\Dev\Warewolf.Studio.Views\Warewolf.Studio.Views.csproj]
C:\Program Files\dotnet\sdk\10.0.201\Microsoft.Common.CurrentVersion.targets(2451,5): warning MSB3277:         C:\Users\ultra\.nuget\packages\system.security.permissions\6.0.0\lib\net6.0\System.Security.Permissions.dll [C:\Users\ultra\warewolf\Dev\Warewolf.Studio.Views\Warewolf.Studio.Views.csproj]
C:\Program Files\dotnet\sdk\10.0.201\Microsoft.Common.CurrentVersion.targets(2451,5): warning MSB3277:           Project file item includes which caused reference "C:\Users\ultra\.nuget\packages\system.security.permissions\6.0.0\lib\net6.0\System.Security.Permissions.dll". [C:\Users\ultra\warewolf\Dev\Warewolf.Studio.Views\Warewolf.Studio.Views.csproj]
C:\Program Files\dotnet\sdk\10.0.201\Microsoft.Common.CurrentVersion.targets(2451,5): warning MSB3277:             C:\Users\ultra\.nuget\packages\system.security.permissions\6.0.0\lib\net6.0\System.Security.Permissions.dll [C:\Users\ultra\warewolf\Dev\Warewolf.Studio.Views\Warewolf.Studio.Views.csproj]
C:\Program Files\dotnet\sdk\10.0.201\Microsoft.Common.CurrentVersion.targets(2451,5): warning MSB3277:     References which depend on or have been unified to "System.Security.Permissions, Version=7.0.0.0, Culture=neutral, PublicKeyToken=cc7b13ffcd2ddd51" []. [C:\Users\ultra\warewolf\Dev\Warewolf.Studio.Views\Warewolf.Studio.Views.csproj]
C:\Program Files\dotnet\sdk\10.0.201\Microsoft.Common.CurrentVersion.targets(2451,5): warning MSB3277:         C:\Users\ultra\warewolf\Dev\Warewolf.Studio.CustomControls\bin\Debug\net8.0\Warewolf.Studio.CustomControls.dll [C:\Users\ultra\warewolf\Dev\Warewolf.Studio.Views\Warewolf.Studio.Views.csproj]
C:\Program Files\dotnet\sdk\10.0.201\Microsoft.Common.CurrentVersion.targets(2451,5): warning MSB3277:           Project file item includes which caused reference "C:\Users\ultra\warewolf\Dev\Warewolf.Studio.CustomControls\bin\Debug\net8.0\Warewolf.Studio.CustomControls.dll". [C:\Users\ultra\warewolf\Dev\Warewolf.Studio.Views\Warewolf.Studio.Views.csproj]
C:\Program Files\dotnet\sdk\10.0.201\Microsoft.Common.CurrentVersion.targets(2451,5): warning MSB3277:             C:\Users\ultra\warewolf\Dev\Warewolf.Studio.CustomControls\bin\Debug\net8.0\Warewolf.Studio.CustomControls.dll [C:\Users\ultra\warewolf\Dev\Warewolf.Studio.Views\Warewolf.Studio.Views.csproj]
C:\Program Files\dotnet\sdk\10.0.201\Microsoft.Common.CurrentVersion.targets(2451,5): warning MSB3277:         C:\Users\ultra\warewolf\Dev\Dev2.Data\bin\Debug\net8.0\Dev2.Data.dll [C:\Users\ultra\warewolf\Dev\Warewolf.Studio.Views\Warewolf.Studio.Views.csproj]
C:\Program Files\dotnet\sdk\10.0.201\Microsoft.Common.CurrentVersion.targets(2451,5): warning MSB3277:           Project file item includes which caused reference "C:\Users\ultra\warewolf\Dev\Dev2.Data\bin\Debug\net8.0\Dev2.Data.dll". [C:\Users\ultra\warewolf\Dev\Warewolf.Studio.Views\Warewolf.Studio.Views.csproj]
C:\Program Files\dotnet\sdk\10.0.201\Microsoft.Common.CurrentVersion.targets(2451,5): warning MSB3277:             C:\Users\ultra\warewolf\Dev\Dev2.Data\bin\Debug\net8.0\Dev2.Data.dll [C:\Users\ultra\warewolf\Dev\Warewolf.Studio.Views\Warewolf.Studio.Views.csproj]
C:\Program Files\dotnet\sdk\10.0.201\Microsoft.Common.CurrentVersion.targets(2451,5): warning MSB3277:             C:\Users\ultra\warewolf\Dev\Dev2.Activities\bin\Debug\net8.0\Dev2.Activities.dll [C:\Users\ultra\warewolf\Dev\Warewolf.Studio.Views\Warewolf.Studio.Views.csproj]
C:\Program Files\dotnet\sdk\10.0.201\Microsoft.Common.CurrentVersion.targets(2451,5): warning MSB3277:             C:\Users\ultra\warewolf\Dev\Dev2.Core\bin\Debug\net8.0\Dev2.Core.dll [C:\Users\ultra\warewolf\Dev\Warewolf.Studio.Views\Warewolf.Studio.Views.csproj]
C:\Program Files\dotnet\sdk\10.0.201\Microsoft.Common.CurrentVersion.targets(2451,5): warning MSB3277:             C:\Users\ultra\warewolf\Dev\Dev2.Intellisense\bin\Debug\net8.0\Dev2.Intellisense.dll [C:\Users\ultra\warewolf\Dev\Warewolf.Studio.Views\Warewolf.Studio.Views.csproj]
C:\Program Files\dotnet\sdk\10.0.201\Microsoft.Common.CurrentVersion.targets(2451,5): warning MSB3277:             C:\Users\ultra\warewolf\Dev\Dev2.Studio.Core\bin\Debug\net8.0\Dev2.Studio.Core.dll [C:\Users\ultra\warewolf\Dev\Warewolf.Studio.Views\Warewolf.Studio.Views.csproj]
C:\Program Files\dotnet\sdk\10.0.201\Microsoft.Common.CurrentVersion.targets(2451,5): warning MSB3277:             C:\Users\ultra\warewolf\Dev\Dev2.Studio.Interfaces\bin\Debug\net8.0\Dev2.Studio.Interfaces.dll [C:\Users\ultra\warewolf\Dev\Warewolf.Studio.Views\Warewolf.Studio.Views.csproj]
C:\Program Files\dotnet\sdk\10.0.201\Microsoft.Common.CurrentVersion.targets(2451,5): warning MSB3277:             C:\Users\ultra\warewolf\Dev\Warewolf.Studio.Core\bin\Debug\net8.0\Warewolf.Studio.Core.dll [C:\Users\ultra\warewolf\Dev\Warewolf.Studio.Views\Warewolf.Studio.Views.csproj]
C:\Program Files\dotnet\sdk\10.0.201\Microsoft.Common.CurrentVersion.targets(2451,5): warning MSB3277:             C:\Users\ultra\warewolf\Dev\Warewolf.Studio.CustomControls\bin\Debug\net8.0\Warewolf.Studio.CustomControls.dll [C:\Users\ultra\warewolf\Dev\Warewolf.Studio.Views\Warewolf.Studio.Views.csproj]
C:\Program Files\dotnet\sdk\10.0.201\Microsoft.Common.CurrentVersion.targets(2451,5): warning MSB3277:             C:\Users\ultra\warewolf\Dev\Warewolf.Studio.ViewModels\bin\Debug\net8.0\Warewolf.Studio.ViewModels.dll [C:\Users\ultra\warewolf\Dev\Warewolf.Studio.Views\Warewolf.Studio.Views.csproj]
C:\Program Files\dotnet\sdk\10.0.201\Microsoft.Common.CurrentVersion.targets(2451,5): warning MSB3277:             C:\Users\ultra\warewolf\Dev\Dev2.Runtime.Services\bin\Debug\net8.0\Dev2.Runtime.Services.dll [C:\Users\ultra\warewolf\Dev\Warewolf.Studio.Views\Warewolf.Studio.Views.csproj]
C:\Program Files\dotnet\sdk\10.0.201\Microsoft.Common.CurrentVersion.targets(2451,5): warning MSB3277:             C:\Users\ultra\warewolf\Dev\Dev2.Scheduler\bin\Debug\net8.0\Dev2.Scheduler.dll [C:\Users\ultra\warewolf\Dev\Warewolf.Studio.Views\Warewolf.Studio.Views.csproj]
C:\Program Files\dotnet\sdk\10.0.201\Microsoft.Common.CurrentVersion.targets(2451,5): warning MSB3277:             C:\Users\ultra\warewolf\Dev\Dev2.Services.Execution\bin\Debug\net8.0\Dev2.Services.Execution.dll [C:\Users\ultra\warewolf\Dev\Warewolf.Studio.Views\Warewolf.Studio.Views.csproj]
C:\Program Files\dotnet\sdk\10.0.201\Microsoft.Common.CurrentVersion.targets(2451,5): warning MSB3277:             C:\Users\ultra\warewolf\Dev\Warewolf.Auditing\bin\Debug\net8.0\Warewolf.Auditing.dll [C:\Users\ultra\warewolf\Dev\Warewolf.Studio.Views\Warewolf.Studio.Views.csproj]
C:\Program Files\dotnet\sdk\10.0.201\Microsoft.Common.CurrentVersion.targets(2451,5): warning MSB3277:             C:\Users\ultra\warewolf\Dev\Warewolf.Common.NetStandard20\bin\Debug\net8.0\Warewolf.Common.NetStandard20.dll [C:\Users\ultra\warewolf\Dev\Warewolf.Studio.Views\Warewolf.Studio.Views.csproj]
C:\Program Files\dotnet\sdk\10.0.201\Microsoft.Common.CurrentVersion.targets(2451,5): warning MSB3277:             C:\Users\ultra\warewolf\Dev\Warewolf.Core\bin\Debug\net8.0\Warewolf.Core.dll [C:\Users\ultra\warewolf\Dev\Warewolf.Studio.Views\Warewolf.Studio.Views.csproj]
C:\Program Files\dotnet\sdk\10.0.201\Microsoft.Common.CurrentVersion.targets(2451,5): warning MSB3277:             C:\Users\ultra\warewolf\Dev\Warewolf.Driver.Persistence\bin\Debug\net8.0\Warewolf.Driver.Persistence.dll [C:\Users\ultra\warewolf\Dev\Warewolf.Studio.Views\Warewolf.Studio.Views.csproj]
C:\Program Files\dotnet\sdk\10.0.201\Microsoft.Common.CurrentVersion.targets(2451,5): warning MSB3277:             C:\Users\ultra\warewolf\Dev\Warewolf.Exchange.Email.Wrapper\bin\Debug\net8.0\Warewolf.Exchange.Email.Wrapper.dll [C:\Users\ultra\warewolf\Dev\Warewolf.Studio.Views\Warewolf.Studio.Views.csproj]
C:\Program Files\dotnet\sdk\10.0.201\Microsoft.Common.CurrentVersion.targets(2451,5): warning MSB3277:             C:\Users\ultra\warewolf\Dev\Warewolf.ResourceManagement\bin\Debug\net8.0\Warewolf.ResourceManagement.dll [C:\Users\ultra\warewolf\Dev\Warewolf.Studio.Views\Warewolf.Studio.Views.csproj]
C:\Program Files\dotnet\sdk\10.0.201\Microsoft.Common.CurrentVersion.targets(2451,5): warning MSB3277:             C:\Users\ultra\warewolf\Dev\Warewolf.Studio.Models\bin\Debug\net8.0\Warewolf.Studio.Models.dll [C:\Users\ultra\warewolf\Dev\Warewolf.Studio.Views\Warewolf.Studio.Views.csproj]
C:\Program Files\dotnet\sdk\10.0.201\Microsoft.Common.CurrentVersion.targets(2451,5): warning MSB3277:             C:\Users\ultra\warewolf\Dev\Warewolf.UI\bin\Debug\net8.0\Warewolf.UI.dll [C:\Users\ultra\warewolf\Dev\Warewolf.Studio.Views\Warewolf.Studio.Views.csproj]
C:\Program Files\dotnet\sdk\10.0.201\Microsoft.Common.CurrentVersion.targets(2451,5): warning MSB3277:         C:\Users\ultra\warewolf\Dev\Binaries\Infragistcs_Net6\InfragisticsWPF4.DockManager.v15.1.dll [C:\Users\ultra\warewolf\Dev\Warewolf.Studio.Views\Warewolf.Studio.Views.csproj]
C:\Program Files\dotnet\sdk\10.0.201\Microsoft.Common.CurrentVersion.targets(2451,5): warning MSB3277:           Project file item includes which caused reference "C:\Users\ultra\warewolf\Dev\Binaries\Infragistcs_Net6\InfragisticsWPF4.DockManager.v15.1.dll". [C:\Users\ultra\warewolf\Dev\Warewolf.Studio.Views\Warewolf.Studio.Views.csproj]
C:\Program Files\dotnet\sdk\10.0.201\Microsoft.Common.CurrentVersion.targets(2451,5): warning MSB3277:             InfragisticsWPF4.DockManager.v15.1 [C:\Users\ultra\warewolf\Dev\Warewolf.Studio.Views\Warewolf.Studio.Views.csproj]
C:\Program Files\dotnet\sdk\10.0.201\Microsoft.Common.CurrentVersion.targets(2451,5): warning MSB3277:         C:\Users\ultra\warewolf\Dev\Binaries\Infragistcs_Net6\InfragisticsWPF4.v15.1.dll [C:\Users\ultra\warewolf\Dev\Warewolf.Studio.Views\Warewolf.Studio.Views.csproj]
C:\Program Files\dotnet\sdk\10.0.201\Microsoft.Common.CurrentVersion.targets(2451,5): warning MSB3277:           Project file item includes which caused reference "C:\Users\ultra\warewolf\Dev\Binaries\Infragistcs_Net6\InfragisticsWPF4.v15.1.dll". [C:\Users\ultra\warewolf\Dev\Warewolf.Studio.Views\Warewolf.Studio.Views.csproj]
C:\Program Files\dotnet\sdk\10.0.201\Microsoft.Common.CurrentVersion.targets(2451,5): warning MSB3277:             InfragisticsWPF4.v15.1 [C:\Users\ultra\warewolf\Dev\Warewolf.Studio.Views\Warewolf.Studio.Views.csproj]
C:\Program Files\dotnet\sdk\10.0.201\Microsoft.Common.CurrentVersion.targets(2451,5): warning MSB3277:             InfragisticsWPF4.Controls.Editors.XamComboEditor.v15.1 [C:\Users\ultra\warewolf\Dev\Warewolf.Studio.Views\Warewolf.Studio.Views.csproj]
C:\Program Files\dotnet\sdk\10.0.201\Microsoft.Common.CurrentVersion.targets(2451,5): warning MSB3277:             InfragisticsWPF4.Controls.Editors.XamRichTextEditor.v15.1 [C:\Users\ultra\warewolf\Dev\Warewolf.Studio.Views\Warewolf.Studio.Views.csproj]
C:\Program Files\dotnet\sdk\10.0.201\Microsoft.Common.CurrentVersion.targets(2451,5): warning MSB3277:             InfragisticsWPF4.Controls.Grids.XamGrid.v15.1 [C:\Users\ultra\warewolf\Dev\Warewolf.Studio.Views\Warewolf.Studio.Views.csproj]
C:\Program Files\dotnet\sdk\10.0.201\Microsoft.Common.CurrentVersion.targets(2451,5): warning MSB3277:             InfragisticsWPF4.Controls.Interactions.XamDialogWindow.v15.1 [C:\Users\ultra\warewolf\Dev\Warewolf.Studio.Views\Warewolf.Studio.Views.csproj]
C:\Program Files\dotnet\sdk\10.0.201\Microsoft.Common.CurrentVersion.targets(2451,5): warning MSB3277:             InfragisticsWPF4.Controls.Menus.XamDataTree.v15.1 [C:\Users\ultra\warewolf\Dev\Warewolf.Studio.Views\Warewolf.Studio.Views.csproj]
C:\Program Files\dotnet\sdk\10.0.201\Microsoft.Common.CurrentVersion.targets(2451,5): warning MSB3277:             InfragisticsWPF4.Controls.Menus.XamMenu.v15.1 [C:\Users\ultra\warewolf\Dev\Warewolf.Studio.Views\Warewolf.Studio.Views.csproj]
C:\Program Files\dotnet\sdk\10.0.201\Microsoft.Common.CurrentVersion.targets(2451,5): warning MSB3277:             InfragisticsWPF4.DataManager.v15.1 [C:\Users\ultra\warewolf\Dev\Warewolf.Studio.Views\Warewolf.Studio.Views.csproj]
C:\Program Files\dotnet\sdk\10.0.201\Microsoft.Common.CurrentVersion.targets(2451,5): warning MSB3277:             InfragisticsWPF4.DockManager.v15.1 [C:\Users\ultra\warewolf\Dev\Warewolf.Studio.Views\Warewolf.Studio.Views.csproj]
C:\Program Files\dotnet\sdk\10.0.201\Microsoft.Common.CurrentVersion.targets(2451,5): warning MSB3277:             InfragisticsWPF4.Documents.RichTextDocument.Html.v15.1 [C:\Users\ultra\warewolf\Dev\Warewolf.Studio.Views\Warewolf.Studio.Views.csproj]
C:\Program Files\dotnet\sdk\10.0.201\Microsoft.Common.CurrentVersion.targets(2451,5): warning MSB3277:             InfragisticsWPF4.Documents.RichTextDocument.v15.1 [C:\Users\ultra\warewolf\Dev\Warewolf.Studio.Views\Warewolf.Studio.Views.csproj]
C:\Program Files\dotnet\sdk\10.0.201\Microsoft.Common.CurrentVersion.targets(2451,5): warning MSB3277:             InfragisticsWPF4.Editors.v15.1 [C:\Users\ultra\warewolf\Dev\Warewolf.Studio.Views\Warewolf.Studio.Views.csproj]
C:\Program Files\dotnet\sdk\10.0.201\Microsoft.Common.CurrentVersion.targets(2451,5): warning MSB3277:         C:\Users\ultra\.nuget\packages\dotnetzip\1.16.0\lib\netstandard2.0\DotNetZip.dll [C:\Users\ultra\warewolf\Dev\Warewolf.Studio.Views\Warewolf.Studio.Views.csproj]
C:\Program Files\dotnet\sdk\10.0.201\Microsoft.Common.CurrentVersion.targets(2451,5): warning MSB3277:           Project file item includes which caused reference "C:\Users\ultra\.nuget\packages\dotnetzip\1.16.0\lib\netstandard2.0\DotNetZip.dll". [C:\Users\ultra\warewolf\Dev\Warewolf.Studio.Views\Warewolf.Studio.Views.csproj]
C:\Program Files\dotnet\sdk\10.0.201\Microsoft.Common.CurrentVersion.targets(2451,5): warning MSB3277:             C:\Users\ultra\.nuget\packages\dotnetzip\1.16.0\lib\netstandard2.0\DotNetZip.dll [C:\Users\ultra\warewolf\Dev\Warewolf.Studio.Views\Warewolf.Studio.Views.csproj]
C:\Program Files\dotnet\sdk\10.0.201\Microsoft.Common.CurrentVersion.targets(2451,5): warning MSB3277:             C:\Users\ultra\warewolf\Dev\Dev2.Common\bin\Debug\net8.0\Dev2.Common.dll [C:\Users\ultra\warewolf\Dev\Warewolf.Studio.Views\Warewolf.Studio.Views.csproj]
C:\Program Files\dotnet\sdk\10.0.201\Microsoft.Common.CurrentVersion.targets(2451,5): warning MSB3277:             C:\Users\ultra\warewolf\Dev\Dev2.Activities\bin\Debug\net8.0\Dev2.Activities.dll [C:\Users\ultra\warewolf\Dev\Warewolf.Studio.Views\Warewolf.Studio.Views.csproj]
C:\Program Files\dotnet\sdk\10.0.201\Microsoft.Common.CurrentVersion.targets(2451,5): warning MSB3277:             C:\Users\ultra\warewolf\Dev\Dev2.Core\bin\Debug\net8.0\Dev2.Core.dll [C:\Users\ultra\warewolf\Dev\Warewolf.Studio.Views\Warewolf.Studio.Views.csproj]
C:\Program Files\dotnet\sdk\10.0.201\Microsoft.Common.CurrentVersion.targets(2451,5): warning MSB3277:             C:\Users\ultra\warewolf\Dev\Dev2.Diagnostics\bin\Debug\net8.0\Dev2.Diagnostics.dll [C:\Users\ultra\warewolf\Dev\Warewolf.Studio.Views\Warewolf.Studio.Views.csproj]
C:\Program Files\dotnet\sdk\10.0.201\Microsoft.Common.CurrentVersion.targets(2451,5): warning MSB3277:             C:\Users\ultra\warewolf\Dev\Dev2.Infrastructure\bin\Debug\net8.0\Dev2.Infrastructure.dll [C:\Users\ultra\warewolf\Dev\Warewolf.Studio.Views\Warewolf.Studio.Views.csproj]
C:\Program Files\dotnet\sdk\10.0.201\Microsoft.Common.CurrentVersion.targets(2451,5): warning MSB3277:             C:\Users\ultra\warewolf\Dev\Dev2.Intellisense\bin\Debug\net8.0\Dev2.Intellisense.dll [C:\Users\ultra\warewolf\Dev\Warewolf.Studio.Views\Warewolf.Studio.Views.csproj]
C:\Program Files\dotnet\sdk\10.0.201\Microsoft.Common.CurrentVersion.targets(2451,5): warning MSB3277:             C:\Users\ultra\warewolf\Dev\Dev2.Studio.Core\bin\Debug\net8.0\Dev2.Studio.Core.dll [C:\Users\ultra\warewolf\Dev\Warewolf.Studio.Views\Warewolf.Studio.Views.csproj]
C:\Program Files\dotnet\sdk\10.0.201\Microsoft.Common.CurrentVersion.targets(2451,5): warning MSB3277:             C:\Users\ultra\warewolf\Dev\Dev2.Studio.Interfaces\bin\Debug\net8.0\Dev2.Studio.Interfaces.dll [C:\Users\ultra\warewolf\Dev\Warewolf.Studio.Views\Warewolf.Studio.Views.csproj]
C:\Program Files\dotnet\sdk\10.0.201\Microsoft.Common.CurrentVersion.targets(2451,5): warning MSB3277:             C:\Users\ultra\warewolf\Dev\Warewolf.Studio.Core\bin\Debug\net8.0\Warewolf.Studio.Core.dll [C:\Users\ultra\warewolf\Dev\Warewolf.Studio.Views\Warewolf.Studio.Views.csproj]
C:\Program Files\dotnet\sdk\10.0.201\Microsoft.Common.CurrentVersion.targets(2451,5): warning MSB3277:             C:\Users\ultra\warewolf\Dev\Warewolf.Studio.CustomControls\bin\Debug\net8.0\Warewolf.Studio.CustomControls.dll [C:\Users\ultra\warewolf\Dev\Warewolf.Studio.Views\Warewolf.Studio.Views.csproj]
C:\Program Files\dotnet\sdk\10.0.201\Microsoft.Common.CurrentVersion.targets(2451,5): warning MSB3277:             C:\Users\ultra\warewolf\Dev\Warewolf.Studio.ViewModels\bin\Debug\net8.0\Warewolf.Studio.ViewModels.dll [C:\Users\ultra\warewolf\Dev\Warewolf.Studio.Views\Warewolf.Studio.Views.csproj]
C:\Program Files\dotnet\sdk\10.0.201\Microsoft.Common.CurrentVersion.targets(2451,5): warning MSB3277:             C:\Users\ultra\warewolf\Dev\Dev2.Data\bin\Debug\net8.0\Dev2.Data.dll [C:\Users\ultra\warewolf\Dev\Warewolf.Studio.Views\Warewolf.Studio.Views.csproj]
C:\Program Files\dotnet\sdk\10.0.201\Microsoft.Common.CurrentVersion.targets(2451,5): warning MSB3277:             C:\Users\ultra\warewolf\Dev\Dev2.Data.Interfaces\bin\Debug\net8.0\Dev2.Data.Interfaces.dll [C:\Users\ultra\warewolf\Dev\Warewolf.Studio.Views\Warewolf.Studio.Views.csproj]
C:\Program Files\dotnet\sdk\10.0.201\Microsoft.Common.CurrentVersion.targets(2451,5): warning MSB3277:             C:\Users\ultra\warewolf\Dev\Dev2.Development.Languages\bin\Debug\net8.0\Dev2.Development.Languages.dll [C:\Users\ultra\warewolf\Dev\Warewolf.Studio.Views\Warewolf.Studio.Views.csproj]
C:\Program Files\dotnet\sdk\10.0.201\Microsoft.Common.CurrentVersion.targets(2451,5): warning MSB3277:             C:\Users\ultra\warewolf\Dev\Dev2.Runtime.Services\bin\Debug\net8.0\Dev2.Runtime.Services.dll [C:\Users\ultra\warewolf\Dev\Warewolf.Studio.Views\Warewolf.Studio.Views.csproj]
C:\Program Files\dotnet\sdk\10.0.201\Microsoft.Common.CurrentVersion.targets(2451,5): warning MSB3277:             C:\Users\ultra\warewolf\Dev\Dev2.Scheduler\bin\Debug\net8.0\Dev2.Scheduler.dll [C:\Users\ultra\warewolf\Dev\Warewolf.Studio.Views\Warewolf.Studio.Views.csproj]
C:\Program Files\dotnet\sdk\10.0.201\Microsoft.Common.CurrentVersion.targets(2451,5): warning MSB3277:             C:\Users\ultra\warewolf\Dev\Dev2.Services.Execution\bin\Debug\net8.0\Dev2.Services.Execution.dll [C:\Users\ultra\warewolf\Dev\Warewolf.Studio.Views\Warewolf.Studio.Views.csproj]
C:\Program Files\dotnet\sdk\10.0.201\Microsoft.Common.CurrentVersion.targets(2451,5): warning MSB3277:             C:\Users\ultra\warewolf\Dev\Dev2.Services.Sql\bin\Debug\net8.0\Dev2.Services.Sql.dll [C:\Users\ultra\warewolf\Dev\Warewolf.Studio.Views\Warewolf.Studio.Views.csproj]
C:\Program Files\dotnet\sdk\10.0.201\Microsoft.Common.CurrentVersion.targets(2451,5): warning MSB3277:             C:\Users\ultra\warewolf\Dev\Dev2.TaskScheduler.Wrappers\bin\Debug\net8.0\Dev2.TaskScheduler.Wrappers.dll [C:\Users\ultra\warewolf\Dev\Warewolf.Studio.Views\Warewolf.Studio.Views.csproj]
C:\Program Files\dotnet\sdk\10.0.201\Microsoft.Common.CurrentVersion.targets(2451,5): warning MSB3277:             C:\Users\ultra\warewolf\Dev\Dev2.Util\bin\Debug\net8.0\Dev2.Util.dll [C:\Users\ultra\warewolf\Dev\Warewolf.Studio.Views\Warewolf.Studio.Views.csproj]
C:\Program Files\dotnet\sdk\10.0.201\Microsoft.Common.CurrentVersion.targets(2451,5): warning MSB3277:             C:\Users\ultra\warewolf\Dev\Warewolf.AI.Harness\bin\Debug\net8.0\Warewolf.AI.Harness.dll [C:\Users\ultra\warewolf\Dev\Warewolf.Studio.Views\Warewolf.Studio.Views.csproj]
C:\Program Files\dotnet\sdk\10.0.201\Microsoft.Common.CurrentVersion.targets(2451,5): warning MSB3277:             C:\Users\ultra\warewolf\Dev\Warewolf.Auditing\bin\Debug\net8.0\Warewolf.Auditing.dll [C:\Users\ultra\warewolf\Dev\Warewolf.Studio.Views\Warewolf.Studio.Views.csproj]
C:\Program Files\dotnet\sdk\10.0.201\Microsoft.Common.CurrentVersion.targets(2451,5): warning MSB3277:             C:\Users\ultra\warewolf\Dev\Warewolf.Common.NetStandard20\bin\Debug\net8.0\Warewolf.Common.NetStandard20.dll [C:\Users\ultra\warewolf\Dev\Warewolf.Studio.Views\Warewolf.Studio.Views.csproj]
C:\Program Files\dotnet\sdk\10.0.201\Microsoft.Common.CurrentVersion.targets(2451,5): warning MSB3277:             C:\Users\ultra\warewolf\Dev\Warewolf.Core\bin\Debug\net8.0\Warewolf.Core.dll [C:\Users\ultra\warewolf\Dev\Warewolf.Studio.Views\Warewolf.Studio.Views.csproj]
C:\Program Files\dotnet\sdk\10.0.201\Microsoft.Common.CurrentVersion.targets(2451,5): warning MSB3277:             C:\Users\ultra\warewolf\Dev\Warewolf.Driver.Persistence\bin\Debug\net8.0\Warewolf.Driver.Persistence.dll [C:\Users\ultra\warewolf\Dev\Warewolf.Studio.Views\Warewolf.Studio.Views.csproj]
C:\Program Files\dotnet\sdk\10.0.201\Microsoft.Common.CurrentVersion.targets(2451,5): warning MSB3277:             C:\Users\ultra\warewolf\Dev\Warewolf.Driver.Serilog\bin\Debug\net8.0\Warewolf.Driver.Serilog.dll [C:\Users\ultra\warewolf\Dev\Warewolf.Studio.Views\Warewolf.Studio.Views.csproj]
C:\Program Files\dotnet\sdk\10.0.201\Microsoft.Common.CurrentVersion.targets(2451,5): warning MSB3277:             C:\Users\ultra\warewolf\Dev\Warewolf.Exchange.Email.Wrapper\bin\Debug\net8.0\Warewolf.Exchange.Email.Wrapper.dll [C:\Users\ultra\warewolf\Dev\Warewolf.Studio.Views\Warewolf.Studio.Views.csproj]
C:\Program Files\dotnet\sdk\10.0.201\Microsoft.Common.CurrentVersion.targets(2451,5): warning MSB3277:             C:\Users\ultra\warewolf\Dev\Warewolf.ResourceManagement\bin\Debug\net8.0\Warewolf.ResourceManagement.dll [C:\Users\ultra\warewolf\Dev\Warewolf.Studio.Views\Warewolf.Studio.Views.csproj]
C:\Program Files\dotnet\sdk\10.0.201\Microsoft.Common.CurrentVersion.targets(2451,5): warning MSB3277:             C:\Users\ultra\warewolf\Dev\Warewolf.Sharepoint\bin\Debug\net8.0\Warewolf.Sharepoint.dll [C:\Users\ultra\warewolf\Dev\Warewolf.Studio.Views\Warewolf.Studio.Views.csproj]
C:\Program Files\dotnet\sdk\10.0.201\Microsoft.Common.CurrentVersion.targets(2451,5): warning MSB3277:             C:\Users\ultra\warewolf\Dev\Warewolf.Storage\bin\Debug\net8.0\Warewolf.Storage.dll [C:\Users\ultra\warewolf\Dev\Warewolf.Studio.Views\Warewolf.Studio.Views.csproj]
C:\Program Files\dotnet\sdk\10.0.201\Microsoft.Common.CurrentVersion.targets(2451,5): warning MSB3277:             C:\Users\ultra\warewolf\Dev\Warewolf.Studio.Models\bin\Debug\net8.0\Warewolf.Studio.Models.dll [C:\Users\ultra\warewolf\Dev\Warewolf.Studio.Views\Warewolf.Studio.Views.csproj]
C:\Program Files\dotnet\sdk\10.0.201\Microsoft.Common.CurrentVersion.targets(2451,5): warning MSB3277:             C:\Users\ultra\warewolf\Dev\Warewolf.UI\bin\Debug\net8.0\Warewolf.UI.dll [C:\Users\ultra\warewolf\Dev\Warewolf.Studio.Views\Warewolf.Studio.Views.csproj]
C:\Program Files\dotnet\sdk\10.0.201\Microsoft.Common.CurrentVersion.targets(2451,5): warning MSB3277:         C:\Users\ultra\.nuget\packages\mindbox.data.linq\5.0.0\lib\netstandard2.0\Mindbox.Data.Linq.dll [C:\Users\ultra\warewolf\Dev\Warewolf.Studio.Views\Warewolf.Studio.Views.csproj]
C:\Program Files\dotnet\sdk\10.0.201\Microsoft.Common.CurrentVersion.targets(2451,5): warning MSB3277:           Project file item includes which caused reference "C:\Users\ultra\.nuget\packages\mindbox.data.linq\5.0.0\lib\netstandard2.0\Mindbox.Data.Linq.dll". [C:\Users\ultra\warewolf\Dev\Warewolf.Studio.Views\Warewolf.Studio.Views.csproj]
C:\Program Files\dotnet\sdk\10.0.201\Microsoft.Common.CurrentVersion.targets(2451,5): warning MSB3277:             C:\Users\ultra\.nuget\packages\mindbox.data.linq\5.0.0\lib\netstandard2.0\Mindbox.Data.Linq.dll [C:\Users\ultra\warewolf\Dev\Warewolf.Studio.Views\Warewolf.Studio.Views.csproj]
C:\Program Files\dotnet\sdk\10.0.201\Microsoft.Common.CurrentVersion.targets(2451,5): warning MSB3277:             C:\Users\ultra\warewolf\Dev\Warewolf.Auditing\bin\Debug\net8.0\Warewolf.Auditing.dll [C:\Users\ultra\warewolf\Dev\Warewolf.Studio.Views\Warewolf.Studio.Views.csproj]
C:\Program Files\dotnet\sdk\10.0.201\Microsoft.Common.CurrentVersion.targets(2451,5): warning MSB3277:             C:\Users\ultra\warewolf\Dev\Dev2.Activities\bin\Debug\net8.0\Dev2.Activities.dll [C:\Users\ultra\warewolf\Dev\Warewolf.Studio.Views\Warewolf.Studio.Views.csproj]
C:\Program Files\dotnet\sdk\10.0.201\Microsoft.Common.CurrentVersion.targets(2451,5): warning MSB3277:             C:\Users\ultra\warewolf\Dev\Dev2.Studio.Core\bin\Debug\net8.0\Dev2.Studio.Core.dll [C:\Users\ultra\warewolf\Dev\Warewolf.Studio.Views\Warewolf.Studio.Views.csproj]
C:\Program Files\dotnet\sdk\10.0.201\Microsoft.Common.CurrentVersion.targets(2451,5): warning MSB3277:             C:\Users\ultra\warewolf\Dev\Dev2.Intellisense\bin\Debug\net8.0\Dev2.Intellisense.dll [C:\Users\ultra\warewolf\Dev\Warewolf.Studio.Views\Warewolf.Studio.Views.csproj]
C:\Program Files\dotnet\sdk\10.0.201\Microsoft.Common.CurrentVersion.targets(2451,5): warning MSB3277:             C:\Users\ultra\warewolf\Dev\Warewolf.Studio.ViewModels\bin\Debug\net8.0\Warewolf.Studio.ViewModels.dll [C:\Users\ultra\warewolf\Dev\Warewolf.Studio.Views\Warewolf.Studio.Views.csproj]
C:\Program Files\dotnet\sdk\10.0.201\Microsoft.Common.CurrentVersion.targets(2451,5): warning MSB3277:             C:\Users\ultra\warewolf\Dev\Dev2.Runtime.Services\bin\Debug\net8.0\Dev2.Runtime.Services.dll [C:\Users\ultra\warewolf\Dev\Warewolf.Studio.Views\Warewolf.Studio.Views.csproj]
C:\Program Files\dotnet\sdk\10.0.201\Microsoft.Common.CurrentVersion.targets(2451,5): warning MSB3277:             C:\Users\ultra\warewolf\Dev\Dev2.Studio.Interfaces\bin\Debug\net8.0\Dev2.Studio.Interfaces.dll [C:\Users\ultra\warewolf\Dev\Warewolf.Studio.Views\Warewolf.Studio.Views.csproj]
C:\Program Files\dotnet\sdk\10.0.201\Microsoft.Common.CurrentVersion.targets(2451,5): warning MSB3277:             C:\Users\ultra\warewolf\Dev\Warewolf.Studio.Core\bin\Debug\net8.0\Warewolf.Studio.Core.dll [C:\Users\ultra\warewolf\Dev\Warewolf.Studio.Views\Warewolf.Studio.Views.csproj]
C:\Program Files\dotnet\sdk\10.0.201\Microsoft.Common.CurrentVersion.targets(2451,5): warning MSB3277:             C:\Users\ultra\warewolf\Dev\Warewolf.Studio.CustomControls\bin\Debug\net8.0\Warewolf.Studio.CustomControls.dll [C:\Users\ultra\warewolf\Dev\Warewolf.Studio.Views\Warewolf.Studio.Views.csproj]
C:\Program Files\dotnet\sdk\10.0.201\Microsoft.Common.CurrentVersion.targets(2451,5): warning MSB3277:             C:\Users\ultra\warewolf\Dev\Dev2.Services.Execution\bin\Debug\net8.0\Dev2.Services.Execution.dll [C:\Users\ultra\warewolf\Dev\Warewolf.Studio.Views\Warewolf.Studio.Views.csproj]
C:\Program Files\dotnet\sdk\10.0.201\Microsoft.Common.CurrentVersion.targets(2451,5): warning MSB3277:             C:\Users\ultra\warewolf\Dev\Warewolf.Common.NetStandard20\bin\Debug\net8.0\Warewolf.Common.NetStandard20.dll [C:\Users\ultra\warewolf\Dev\Warewolf.Studio.Views\Warewolf.Studio.Views.csproj]
C:\Program Files\dotnet\sdk\10.0.201\Microsoft.Common.CurrentVersion.targets(2451,5): warning MSB3277:             C:\Users\ultra\warewolf\Dev\Warewolf.Driver.Persistence\bin\Debug\net8.0\Warewolf.Driver.Persistence.dll [C:\Users\ultra\warewolf\Dev\Warewolf.Studio.Views\Warewolf.Studio.Views.csproj]
C:\Program Files\dotnet\sdk\10.0.201\Microsoft.Common.CurrentVersion.targets(2451,5): warning MSB3277:             C:\Users\ultra\warewolf\Dev\Warewolf.Studio.Models\bin\Debug\net8.0\Warewolf.Studio.Models.dll [C:\Users\ultra\warewolf\Dev\Warewolf.Studio.Views\Warewolf.Studio.Views.csproj]
C:\Program Files\dotnet\sdk\10.0.201\Microsoft.Common.CurrentVersion.targets(2451,5): warning MSB3277:         C:\Users\ultra\.nuget\packages\mysql.data\8.4.0\lib\net8.0\MySql.Data.dll [C:\Users\ultra\warewolf\Dev\Warewolf.Studio.Views\Warewolf.Studio.Views.csproj]
C:\Program Files\dotnet\sdk\10.0.201\Microsoft.Common.CurrentVersion.targets(2451,5): warning MSB3277:           Project file item includes which caused reference "C:\Users\ultra\.nuget\packages\mysql.data\8.4.0\lib\net8.0\MySql.Data.dll". [C:\Users\ultra\warewolf\Dev\Warewolf.Studio.Views\Warewolf.Studio.Views.csproj]
C:\Program Files\dotnet\sdk\10.0.201\Microsoft.Common.CurrentVersion.targets(2451,5): warning MSB3277:             C:\Users\ultra\.nuget\packages\mysql.data\8.4.0\lib\net8.0\MySql.Data.dll [C:\Users\ultra\warewolf\Dev\Warewolf.Studio.Views\Warewolf.Studio.Views.csproj]
C:\Program Files\dotnet\sdk\10.0.201\Microsoft.Common.CurrentVersion.targets(2451,5): warning MSB3277:             C:\Users\ultra\warewolf\Dev\Dev2.Activities\bin\Debug\net8.0\Dev2.Activities.dll [C:\Users\ultra\warewolf\Dev\Warewolf.Studio.Views\Warewolf.Studio.Views.csproj]
C:\Program Files\dotnet\sdk\10.0.201\Microsoft.Common.CurrentVersion.targets(2451,5): warning MSB3277:             C:\Users\ultra\warewolf\Dev\Dev2.Studio.Core\bin\Debug\net8.0\Dev2.Studio.Core.dll [C:\Users\ultra\warewolf\Dev\Warewolf.Studio.Views\Warewolf.Studio.Views.csproj]
C:\Program Files\dotnet\sdk\10.0.201\Microsoft.Common.CurrentVersion.targets(2451,5): warning MSB3277:             C:\Users\ultra\warewolf\Dev\Dev2.Intellisense\bin\Debug\net8.0\Dev2.Intellisense.dll [C:\Users\ultra\warewolf\Dev\Warewolf.Studio.Views\Warewolf.Studio.Views.csproj]
C:\Program Files\dotnet\sdk\10.0.201\Microsoft.Common.CurrentVersion.targets(2451,5): warning MSB3277:             C:\Users\ultra\warewolf\Dev\Warewolf.Studio.ViewModels\bin\Debug\net8.0\Warewolf.Studio.ViewModels.dll [C:\Users\ultra\warewolf\Dev\Warewolf.Studio.Views\Warewolf.Studio.Views.csproj]
C:\Program Files\dotnet\sdk\10.0.201\Microsoft.Common.CurrentVersion.targets(2451,5): warning MSB3277:             C:\Users\ultra\warewolf\Dev\Dev2.Runtime.Services\bin\Debug\net8.0\Dev2.Runtime.Services.dll [C:\Users\ultra\warewolf\Dev\Warewolf.Studio.Views\Warewolf.Studio.Views.csproj]
C:\Program Files\dotnet\sdk\10.0.201\Microsoft.Common.CurrentVersion.targets(2451,5): warning MSB3277:             C:\Users\ultra\warewolf\Dev\Dev2.Studio.Interfaces\bin\Debug\net8.0\Dev2.Studio.Interfaces.dll [C:\Users\ultra\warewolf\Dev\Warewolf.Studio.Views\Warewolf.Studio.Views.csproj]
C:\Program Files\dotnet\sdk\10.0.201\Microsoft.Common.CurrentVersion.targets(2451,5): warning MSB3277:             C:\Users\ultra\warewolf\Dev\Warewolf.Studio.Core\bin\Debug\net8.0\Warewolf.Studio.Core.dll [C:\Users\ultra\warewolf\Dev\Warewolf.Studio.Views\Warewolf.Studio.Views.csproj]
C:\Program Files\dotnet\sdk\10.0.201\Microsoft.Common.CurrentVersion.targets(2451,5): warning MSB3277:             C:\Users\ultra\warewolf\Dev\Warewolf.Studio.CustomControls\bin\Debug\net8.0\Warewolf.Studio.CustomControls.dll [C:\Users\ultra\warewolf\Dev\Warewolf.Studio.Views\Warewolf.Studio.Views.csproj]
C:\Program Files\dotnet\sdk\10.0.201\Microsoft.Common.CurrentVersion.targets(2451,5): warning MSB3277:             C:\Users\ultra\warewolf\Dev\Dev2.Services.Execution\bin\Debug\net8.0\Dev2.Services.Execution.dll [C:\Users\ultra\warewolf\Dev\Warewolf.Studio.Views\Warewolf.Studio.Views.csproj]
C:\Program Files\dotnet\sdk\10.0.201\Microsoft.Common.CurrentVersion.targets(2451,5): warning MSB3277:             C:\Users\ultra\warewolf\Dev\Dev2.Services.Sql\bin\Debug\net8.0\Dev2.Services.Sql.dll [C:\Users\ultra\warewolf\Dev\Warewolf.Studio.Views\Warewolf.Studio.Views.csproj]
C:\Program Files\dotnet\sdk\10.0.201\Microsoft.Common.CurrentVersion.targets(2451,5): warning MSB3277:             C:\Users\ultra\warewolf\Dev\Warewolf.Driver.Persistence\bin\Debug\net8.0\Warewolf.Driver.Persistence.dll [C:\Users\ultra\warewolf\Dev\Warewolf.Studio.Views\Warewolf.Studio.Views.csproj]
C:\Program Files\dotnet\sdk\10.0.201\Microsoft.Common.CurrentVersion.targets(2451,5): warning MSB3277:             C:\Users\ultra\warewolf\Dev\Warewolf.Studio.Models\bin\Debug\net8.0\Warewolf.Studio.Models.dll [C:\Users\ultra\warewolf\Dev\Warewolf.Studio.Views\Warewolf.Studio.Views.csproj]
C:\Program Files\dotnet\sdk\10.0.201\Microsoft.Common.CurrentVersion.targets(2451,5): warning MSB3277:         C:\Users\ultra\.nuget\packages\oracle.manageddataaccess.core\3.21.70\lib\netstandard2.1\Oracle.ManagedDataAccess.dll [C:\Users\ultra\warewolf\Dev\Warewolf.Studio.Views\Warewolf.Studio.Views.csproj]
C:\Program Files\dotnet\sdk\10.0.201\Microsoft.Common.CurrentVersion.targets(2451,5): warning MSB3277:           Project file item includes which caused reference "C:\Users\ultra\.nuget\packages\oracle.manageddataaccess.core\3.21.70\lib\netstandard2.1\Oracle.ManagedDataAccess.dll". [C:\Users\ultra\warewolf\Dev\Warewolf.Studio.Views\Warewolf.Studio.Views.csproj]
C:\Program Files\dotnet\sdk\10.0.201\Microsoft.Common.CurrentVersion.targets(2451,5): warning MSB3277:             C:\Users\ultra\.nuget\packages\oracle.manageddataaccess.core\3.21.70\lib\netstandard2.1\Oracle.ManagedDataAccess.dll [C:\Users\ultra\warewolf\Dev\Warewolf.Studio.Views\Warewolf.Studio.Views.csproj]
C:\Program Files\dotnet\sdk\10.0.201\Microsoft.Common.CurrentVersion.targets(2451,5): warning MSB3277:             C:\Users\ultra\warewolf\Dev\Dev2.Runtime.Services\bin\Debug\net8.0\Dev2.Runtime.Services.dll [C:\Users\ultra\warewolf\Dev\Warewolf.Studio.Views\Warewolf.Studio.Views.csproj]
C:\Program Files\dotnet\sdk\10.0.201\Microsoft.Common.CurrentVersion.targets(2451,5): warning MSB3277:             C:\Users\ultra\warewolf\Dev\Dev2.Activities\bin\Debug\net8.0\Dev2.Activities.dll [C:\Users\ultra\warewolf\Dev\Warewolf.Studio.Views\Warewolf.Studio.Views.csproj]
C:\Program Files\dotnet\sdk\10.0.201\Microsoft.Common.CurrentVersion.targets(2451,5): warning MSB3277:             C:\Users\ultra\warewolf\Dev\Dev2.Studio.Core\bin\Debug\net8.0\Dev2.Studio.Core.dll [C:\Users\ultra\warewolf\Dev\Warewolf.Studio.Views\Warewolf.Studio.Views.csproj]
C:\Program Files\dotnet\sdk\10.0.201\Microsoft.Common.CurrentVersion.targets(2451,5): warning MSB3277:             C:\Users\ultra\warewolf\Dev\Dev2.Intellisense\bin\Debug\net8.0\Dev2.Intellisense.dll [C:\Users\ultra\warewolf\Dev\Warewolf.Studio.Views\Warewolf.Studio.Views.csproj]
C:\Program Files\dotnet\sdk\10.0.201\Microsoft.Common.CurrentVersion.targets(2451,5): warning MSB3277:             C:\Users\ultra\warewolf\Dev\Dev2.Studio.Interfaces\bin\Debug\net8.0\Dev2.Studio.Interfaces.dll [C:\Users\ultra\warewolf\Dev\Warewolf.Studio.Views\Warewolf.Studio.Views.csproj]
C:\Program Files\dotnet\sdk\10.0.201\Microsoft.Common.CurrentVersion.targets(2451,5): warning MSB3277:             C:\Users\ultra\warewolf\Dev\Warewolf.Studio.Core\bin\Debug\net8.0\Warewolf.Studio.Core.dll [C:\Users\ultra\warewolf\Dev\Warewolf.Studio.Views\Warewolf.Studio.Views.csproj]
C:\Program Files\dotnet\sdk\10.0.201\Microsoft.Common.CurrentVersion.targets(2451,5): warning MSB3277:             C:\Users\ultra\warewolf\Dev\Warewolf.Studio.CustomControls\bin\Debug\net8.0\Warewolf.Studio.CustomControls.dll [C:\Users\ultra\warewolf\Dev\Warewolf.Studio.Views\Warewolf.Studio.Views.csproj]
C:\Program Files\dotnet\sdk\10.0.201\Microsoft.Common.CurrentVersion.targets(2451,5): warning MSB3277:             C:\Users\ultra\warewolf\Dev\Warewolf.Studio.ViewModels\bin\Debug\net8.0\Warewolf.Studio.ViewModels.dll [C:\Users\ultra\warewolf\Dev\Warewolf.Studio.Views\Warewolf.Studio.Views.csproj]
C:\Program Files\dotnet\sdk\10.0.201\Microsoft.Common.CurrentVersion.targets(2451,5): warning MSB3277:             C:\Users\ultra\warewolf\Dev\Dev2.Services.Execution\bin\Debug\net8.0\Dev2.Services.Execution.dll [C:\Users\ultra\warewolf\Dev\Warewolf.Studio.Views\Warewolf.Studio.Views.csproj]
C:\Program Files\dotnet\sdk\10.0.201\Microsoft.Common.CurrentVersion.targets(2451,5): warning MSB3277:             C:\Users\ultra\warewolf\Dev\Dev2.Services.Sql\bin\Debug\net8.0\Dev2.Services.Sql.dll [C:\Users\ultra\warewolf\Dev\Warewolf.Studio.Views\Warewolf.Studio.Views.csproj]
C:\Program Files\dotnet\sdk\10.0.201\Microsoft.Common.CurrentVersion.targets(2451,5): warning MSB3277:             C:\Users\ultra\warewolf\Dev\Warewolf.Driver.Persistence\bin\Debug\net8.0\Warewolf.Driver.Persistence.dll [C:\Users\ultra\warewolf\Dev\Warewolf.Studio.Views\Warewolf.Studio.Views.csproj]
C:\Program Files\dotnet\sdk\10.0.201\Microsoft.Common.CurrentVersion.targets(2451,5): warning MSB3277:             C:\Users\ultra\warewolf\Dev\Warewolf.Studio.Models\bin\Debug\net8.0\Warewolf.Studio.Models.dll [C:\Users\ultra\warewolf\Dev\Warewolf.Studio.Views\Warewolf.Studio.Views.csproj]
C:\Program Files\dotnet\sdk\10.0.201\Microsoft.Common.CurrentVersion.targets(2451,5): warning MSB3277:         C:\Users\ultra\.nuget\packages\system.directoryservices\6.0.0\lib\net6.0\System.DirectoryServices.dll [C:\Users\ultra\warewolf\Dev\Warewolf.Studio.Views\Warewolf.Studio.Views.csproj]
C:\Program Files\dotnet\sdk\10.0.201\Microsoft.Common.CurrentVersion.targets(2451,5): warning MSB3277:           Project file item includes which caused reference "C:\Users\ultra\.nuget\packages\system.directoryservices\6.0.0\lib\net6.0\System.DirectoryServices.dll". [C:\Users\ultra\warewolf\Dev\Warewolf.Studio.Views\Warewolf.Studio.Views.csproj]
C:\Program Files\dotnet\sdk\10.0.201\Microsoft.Common.CurrentVersion.targets(2451,5): warning MSB3277:             C:\Users\ultra\.nuget\packages\system.directoryservices\6.0.0\lib\net6.0\System.DirectoryServices.dll [C:\Users\ultra\warewolf\Dev\Warewolf.Studio.Views\Warewolf.Studio.Views.csproj]
C:\Program Files\dotnet\sdk\10.0.201\Microsoft.Common.CurrentVersion.targets(2451,5): warning MSB3277:             C:\Users\ultra\.nuget\packages\corewcf.primitives\1.2.1\lib\netstandard2.0\CoreWCF.Primitives.dll [C:\Users\ultra\warewolf\Dev\Warewolf.Studio.Views\Warewolf.Studio.Views.csproj]
C:\Program Files\dotnet\sdk\10.0.201\Microsoft.Common.CurrentVersion.targets(2451,5): warning MSB3277:             C:\Users\ultra\warewolf\Dev\Dev2.Runtime.Services\bin\Debug\net8.0\Dev2.Runtime.Services.dll [C:\Users\ultra\warewolf\Dev\Warewolf.Studio.Views\Warewolf.Studio.Views.csproj]
C:\Program Files\dotnet\sdk\10.0.201\Microsoft.Common.CurrentVersion.targets(2451,5): warning MSB3277:             C:\Users\ultra\warewolf\Dev\Dev2.Activities\bin\Debug\net8.0\Dev2.Activities.dll [C:\Users\ultra\warewolf\Dev\Warewolf.Studio.Views\Warewolf.Studio.Views.csproj]
C:\Program Files\dotnet\sdk\10.0.201\Microsoft.Common.CurrentVersion.targets(2451,5): warning MSB3277:             C:\Users\ultra\warewolf\Dev\Dev2.Studio.Core\bin\Debug\net8.0\Dev2.Studio.Core.dll [C:\Users\ultra\warewolf\Dev\Warewolf.Studio.Views\Warewolf.Studio.Views.csproj]
C:\Program Files\dotnet\sdk\10.0.201\Microsoft.Common.CurrentVersion.targets(2451,5): warning MSB3277:             C:\Users\ultra\warewolf\Dev\Dev2.Intellisense\bin\Debug\net8.0\Dev2.Intellisense.dll [C:\Users\ultra\warewolf\Dev\Warewolf.Studio.Views\Warewolf.Studio.Views.csproj]
C:\Program Files\dotnet\sdk\10.0.201\Microsoft.Common.CurrentVersion.targets(2451,5): warning MSB3277:             C:\Users\ultra\warewolf\Dev\Dev2.Studio.Interfaces\bin\Debug\net8.0\Dev2.Studio.Interfaces.dll [C:\Users\ultra\warewolf\Dev\Warewolf.Studio.Views\Warewolf.Studio.Views.csproj]
C:\Program Files\dotnet\sdk\10.0.201\Microsoft.Common.CurrentVersion.targets(2451,5): warning MSB3277:             C:\Users\ultra\warewolf\Dev\Warewolf.Studio.Core\bin\Debug\net8.0\Warewolf.Studio.Core.dll [C:\Users\ultra\warewolf\Dev\Warewolf.Studio.Views\Warewolf.Studio.Views.csproj]
C:\Program Files\dotnet\sdk\10.0.201\Microsoft.Common.CurrentVersion.targets(2451,5): warning MSB3277:             C:\Users\ultra\warewolf\Dev\Warewolf.Studio.CustomControls\bin\Debug\net8.0\Warewolf.Studio.CustomControls.dll [C:\Users\ultra\warewolf\Dev\Warewolf.Studio.Views\Warewolf.Studio.Views.csproj]
C:\Program Files\dotnet\sdk\10.0.201\Microsoft.Common.CurrentVersion.targets(2451,5): warning MSB3277:             C:\Users\ultra\warewolf\Dev\Warewolf.Studio.ViewModels\bin\Debug\net8.0\Warewolf.Studio.ViewModels.dll [C:\Users\ultra\warewolf\Dev\Warewolf.Studio.Views\Warewolf.Studio.Views.csproj]
C:\Program Files\dotnet\sdk\10.0.201\Microsoft.Common.CurrentVersion.targets(2451,5): warning MSB3277:             C:\Users\ultra\warewolf\Dev\Dev2.Services.Execution\bin\Debug\net8.0\Dev2.Services.Execution.dll [C:\Users\ultra\warewolf\Dev\Warewolf.Studio.Views\Warewolf.Studio.Views.csproj]
C:\Program Files\dotnet\sdk\10.0.201\Microsoft.Common.CurrentVersion.targets(2451,5): warning MSB3277:             C:\Users\ultra\warewolf\Dev\Warewolf.Driver.Persistence\bin\Debug\net8.0\Warewolf.Driver.Persistence.dll [C:\Users\ultra\warewolf\Dev\Warewolf.Studio.Views\Warewolf.Studio.Views.csproj]
C:\Program Files\dotnet\sdk\10.0.201\Microsoft.Common.CurrentVersion.targets(2451,5): warning MSB3277:             C:\Users\ultra\warewolf\Dev\Warewolf.Studio.Models\bin\Debug\net8.0\Warewolf.Studio.Models.dll [C:\Users\ultra\warewolf\Dev\Warewolf.Studio.Views\Warewolf.Studio.Views.csproj]
C:\Program Files\dotnet\sdk\10.0.201\Microsoft.Common.CurrentVersion.targets(2451,5): warning MSB3277:             C:\Users\ultra\.nuget\packages\corewcf.http\1.2.1\lib\netstandard2.0\CoreWCF.Http.dll [C:\Users\ultra\warewolf\Dev\Warewolf.Studio.Views\Warewolf.Studio.Views.csproj]
C:\Program Files\dotnet\sdk\10.0.201\Microsoft.Common.CurrentVersion.targets(2451,5): warning MSB3277:             C:\Users\ultra\.nuget\packages\corewcf.nettcp\1.2.1\lib\netstandard2.0\CoreWCF.NetTcp.dll [C:\Users\ultra\warewolf\Dev\Warewolf.Studio.Views\Warewolf.Studio.Views.csproj]
C:\Program Files\dotnet\sdk\10.0.201\Microsoft.Common.CurrentVersion.targets(2451,5): warning MSB3277:             C:\Users\ultra\.nuget\packages\corewcf.webhttp\1.2.1\lib\netstandard2.0\CoreWCF.WebHttp.dll [C:\Users\ultra\warewolf\Dev\Warewolf.Studio.Views\Warewolf.Studio.Views.csproj]
C:\Program Files\dotnet\sdk\10.0.201\Microsoft.Common.CurrentVersion.targets(2451,5): warning MSB3277:         C:\Program Files\dotnet\packs\Microsoft.NETCore.App.Ref\8.0.25\ref\net8.0\System.Configuration.dll [C:\Users\ultra\warewolf\Dev\Warewolf.Studio.Views\Warewolf.Studio.Views.csproj]
C:\Program Files\dotnet\sdk\10.0.201\Microsoft.Common.CurrentVersion.targets(2451,5): warning MSB3277:           Project file item includes which caused reference "C:\Program Files\dotnet\packs\Microsoft.NETCore.App.Ref\8.0.25\ref\net8.0\System.Configuration.dll". [C:\Users\ultra\warewolf\Dev\Warewolf.Studio.Views\Warewolf.Studio.Views.csproj]
C:\Program Files\dotnet\sdk\10.0.201\Microsoft.Common.CurrentVersion.targets(2451,5): warning MSB3277:             C:\Program Files\dotnet\packs\Microsoft.NETCore.App.Ref\8.0.25\ref/net8.0/System.Configuration.dll [C:\Users\ultra\warewolf\Dev\Warewolf.Studio.Views\Warewolf.Studio.Views.csproj]
C:\Program Files\dotnet\sdk\10.0.201\Microsoft.Common.CurrentVersion.targets(2451,5): warning MSB3277:             C:\Users\ultra\.nuget\packages\prism.wpf\9.0.537\lib\net462\Prism.Wpf.dll [C:\Users\ultra\warewolf\Dev\Warewolf.Studio.Views\Warewolf.Studio.Views.csproj]
C:\Program Files\dotnet\sdk\10.0.201\Microsoft.Common.CurrentVersion.targets(2451,5): warning MSB3277:         C:\Program Files\dotnet\packs\Microsoft.NETCore.App.Ref\8.0.25\ref\net8.0\System.Data.dll [C:\Users\ultra\warewolf\Dev\Warewolf.Studio.Views\Warewolf.Studio.Views.csproj]
C:\Program Files\dotnet\sdk\10.0.201\Microsoft.Common.CurrentVersion.targets(2451,5): warning MSB3277:           Project file item includes which caused reference "C:\Program Files\dotnet\packs\Microsoft.NETCore.App.Ref\8.0.25\ref\net8.0\System.Data.dll". [C:\Users\ultra\warewolf\Dev\Warewolf.Studio.Views\Warewolf.Studio.Views.csproj]
C:\Program Files\dotnet\sdk\10.0.201\Microsoft.Common.CurrentVersion.targets(2451,5): warning MSB3277:             C:\Program Files\dotnet\packs\Microsoft.NETCore.App.Ref\8.0.25\ref/net8.0/System.Data.dll [C:\Users\ultra\warewolf\Dev\Warewolf.Studio.Views\Warewolf.Studio.Views.csproj]
C:\Program Files\dotnet\sdk\10.0.201\Microsoft.Common.CurrentVersion.targets(2451,5): warning MSB3277:             C:\Users\ultra\.nuget\packages\taskschedulereditor\2.10.1\lib\net452\Microsoft.Win32.TaskSchedulerEditor.dll [C:\Users\ultra\warewolf\Dev\Warewolf.Studio.Views\Warewolf.Studio.Views.csproj]
C:\Program Files\dotnet\sdk\10.0.201\Microsoft.Common.CurrentVersion.targets(2451,5): warning MSB3277:         C:\Program Files\dotnet\packs\Microsoft.NETCore.App.Ref\8.0.25\ref\net8.0\System.Drawing.dll [C:\Users\ultra\warewolf\Dev\Warewolf.Studio.Views\Warewolf.Studio.Views.csproj]
C:\Program Files\dotnet\sdk\10.0.201\Microsoft.Common.CurrentVersion.targets(2451,5): warning MSB3277:           Project file item includes which caused reference "C:\Program Files\dotnet\packs\Microsoft.NETCore.App.Ref\8.0.25\ref\net8.0\System.Drawing.dll". [C:\Users\ultra\warewolf\Dev\Warewolf.Studio.Views\Warewolf.Studio.Views.csproj]
C:\Program Files\dotnet\sdk\10.0.201\Microsoft.Common.CurrentVersion.targets(2451,5): warning MSB3277:             C:\Program Files\dotnet\packs\Microsoft.NETCore.App.Ref\8.0.25\ref/net8.0/System.Drawing.dll [C:\Users\ultra\warewolf\Dev\Warewolf.Studio.Views\Warewolf.Studio.Views.csproj]
C:\Program Files\dotnet\sdk\10.0.201\Microsoft.Common.CurrentVersion.targets(2451,5): warning MSB3277:             C:\Users\ultra\.nuget\packages\aerowizard\2.3.1\lib\net45\AeroWizard.dll [C:\Users\ultra\warewolf\Dev\Warewolf.Studio.Views\Warewolf.Studio.Views.csproj]
C:\Program Files\dotnet\sdk\10.0.201\Microsoft.Common.CurrentVersion.targets(2451,5): warning MSB3277:             C:\Users\ultra\.nuget\packages\groupcontrols\1.9.0\lib\net45\GroupControls.dll [C:\Users\ultra\warewolf\Dev\Warewolf.Studio.Views\Warewolf.Studio.Views.csproj]
C:\Program Files\dotnet\sdk\10.0.201\Microsoft.Common.CurrentVersion.targets(2451,5): warning MSB3277:             C:\Users\ultra\.nuget\packages\taskschedulereditor\2.10.1\lib\net452\Microsoft.Win32.TaskSchedulerEditor.dll [C:\Users\ultra\warewolf\Dev\Warewolf.Studio.Views\Warewolf.Studio.Views.csproj]
C:\Program Files\dotnet\sdk\10.0.201\Microsoft.Common.CurrentVersion.targets(2451,5): warning MSB3277:         C:\Program Files\dotnet\packs\Microsoft.NETCore.App.Ref\8.0.25\ref\net8.0\System.Net.dll [C:\Users\ultra\warewolf\Dev\Warewolf.Studio.Views\Warewolf.Studio.Views.csproj]
C:\Program Files\dotnet\sdk\10.0.201\Microsoft.Common.CurrentVersion.targets(2451,5): warning MSB3277:           Project file item includes which caused reference "C:\Program Files\dotnet\packs\Microsoft.NETCore.App.Ref\8.0.25\ref\net8.0\System.Net.dll". [C:\Users\ultra\warewolf\Dev\Warewolf.Studio.Views\Warewolf.Studio.Views.csproj]
C:\Program Files\dotnet\sdk\10.0.201\Microsoft.Common.CurrentVersion.targets(2451,5): warning MSB3277:             C:\Program Files\dotnet\packs\Microsoft.NETCore.App.Ref\8.0.25\ref/net8.0/System.Net.dll [C:\Users\ultra\warewolf\Dev\Warewolf.Studio.Views\Warewolf.Studio.Views.csproj]
C:\Program Files\dotnet\sdk\10.0.201\Microsoft.Common.CurrentVersion.targets(2451,5): warning MSB3277:         C:\Program Files\dotnet\packs\Microsoft.NETCore.App.Ref\8.0.25\ref\net8.0\System.Security.dll [C:\Users\ultra\warewolf\Dev\Warewolf.Studio.Views\Warewolf.Studio.Views.csproj]
C:\Program Files\dotnet\sdk\10.0.201\Microsoft.Common.CurrentVersion.targets(2451,5): warning MSB3277:           Project file item includes which caused reference "C:\Program Files\dotnet\packs\Microsoft.NETCore.App.Ref\8.0.25\ref\net8.0\System.Security.dll". [C:\Users\ultra\warewolf\Dev\Warewolf.Studio.Views\Warewolf.Studio.Views.csproj]
C:\Program Files\dotnet\sdk\10.0.201\Microsoft.Common.CurrentVersion.targets(2451,5): warning MSB3277:             C:\Program Files\dotnet\packs\Microsoft.NETCore.App.Ref\8.0.25\ref/net8.0/System.Security.dll [C:\Users\ultra\warewolf\Dev\Warewolf.Studio.Views\Warewolf.Studio.Views.csproj]
C:\Program Files\dotnet\sdk\10.0.201\Microsoft.Common.CurrentVersion.targets(2451,5): warning MSB3277:         C:\Program Files\dotnet\packs\Microsoft.NETCore.App.Ref\8.0.25\ref\net8.0\System.ServiceProcess.dll [C:\Users\ultra\warewolf\Dev\Warewolf.Studio.Views\Warewolf.Studio.Views.csproj]
C:\Program Files\dotnet\sdk\10.0.201\Microsoft.Common.CurrentVersion.targets(2451,5): warning MSB3277:           Project file item includes which caused reference "C:\Program Files\dotnet\packs\Microsoft.NETCore.App.Ref\8.0.25\ref\net8.0\System.ServiceProcess.dll". [C:\Users\ultra\warewolf\Dev\Warewolf.Studio.Views\Warewolf.Studio.Views.csproj]
C:\Program Files\dotnet\sdk\10.0.201\Microsoft.Common.CurrentVersion.targets(2451,5): warning MSB3277:             C:\Program Files\dotnet\packs\Microsoft.NETCore.App.Ref\8.0.25\ref/net8.0/System.ServiceProcess.dll [C:\Users\ultra\warewolf\Dev\Warewolf.Studio.Views\Warewolf.Studio.Views.csproj]
C:\Program Files\dotnet\sdk\10.0.201\Microsoft.Common.CurrentVersion.targets(2451,5): warning MSB3277:         C:\Program Files\dotnet\packs\Microsoft.NETCore.App.Ref\8.0.25\ref\net8.0\System.Transactions.dll [C:\Users\ultra\warewolf\Dev\Warewolf.Studio.Views\Warewolf.Studio.Views.csproj]
C:\Program Files\dotnet\sdk\10.0.201\Microsoft.Common.CurrentVersion.targets(2451,5): warning MSB3277:           Project file item includes which caused reference "C:\Program Files\dotnet\packs\Microsoft.NETCore.App.Ref\8.0.25\ref\net8.0\System.Transactions.dll". [C:\Users\ultra\warewolf\Dev\Warewolf.Studio.Views\Warewolf.Studio.Views.csproj]
C:\Program Files\dotnet\sdk\10.0.201\Microsoft.Common.CurrentVersion.targets(2451,5): warning MSB3277:             C:\Program Files\dotnet\packs\Microsoft.NETCore.App.Ref\8.0.25\ref/net8.0/System.Transactions.dll [C:\Users\ultra\warewolf\Dev\Warewolf.Studio.Views\Warewolf.Studio.Views.csproj]
C:\Program Files\dotnet\sdk\10.0.201\Microsoft.Common.CurrentVersion.targets(2451,5): warning MSB3277:         C:\Program Files\dotnet\packs\Microsoft.NETCore.App.Ref\8.0.25\ref\net8.0\System.dll [C:\Users\ultra\warewolf\Dev\Warewolf.Studio.Views\Warewolf.Studio.Views.csproj]
C:\Program Files\dotnet\sdk\10.0.201\Microsoft.Common.CurrentVersion.targets(2451,5): warning MSB3277:           Project file item includes which caused reference "C:\Program Files\dotnet\packs\Microsoft.NETCore.App.Ref\8.0.25\ref\net8.0\System.dll". [C:\Users\ultra\warewolf\Dev\Warewolf.Studio.Views\Warewolf.Studio.Views.csproj]
C:\Program Files\dotnet\sdk\10.0.201\Microsoft.Common.CurrentVersion.targets(2451,5): warning MSB3277:             C:\Program Files\dotnet\packs\Microsoft.NETCore.App.Ref\8.0.25\ref/net8.0/System.dll [C:\Users\ultra\warewolf\Dev\Warewolf.Studio.Views\Warewolf.Studio.Views.csproj]
C:\Program Files\dotnet\sdk\10.0.201\Microsoft.Common.CurrentVersion.targets(2451,5): warning MSB3277:             C:\Users\ultra\.nuget\packages\aerowizard\2.3.1\lib\net45\AeroWizard.dll [C:\Users\ultra\warewolf\Dev\Warewolf.Studio.Views\Warewolf.Studio.Views.csproj]
C:\Program Files\dotnet\sdk\10.0.201\Microsoft.Common.CurrentVersion.targets(2451,5): warning MSB3277:             C:\Users\ultra\.nuget\packages\groupcontrols\1.9.0\lib\net45\GroupControls.dll [C:\Users\ultra\warewolf\Dev\Warewolf.Studio.Views\Warewolf.Studio.Views.csproj]
C:\Program Files\dotnet\sdk\10.0.201\Microsoft.Common.CurrentVersion.targets(2451,5): warning MSB3277:             C:\Users\ultra\.nuget\packages\microsoft.xaml.behaviors.wpf\1.1.122\lib\net462\Microsoft.Xaml.Behaviors.dll [C:\Users\ultra\warewolf\Dev\Warewolf.Studio.Views\Warewolf.Studio.Views.csproj]
C:\Program Files\dotnet\sdk\10.0.201\Microsoft.Common.CurrentVersion.targets(2451,5): warning MSB3277:             C:\Users\ultra\.nuget\packages\caliburn.micro\4.0.212\lib\netcoreapp3.1\Caliburn.Micro.Platform.dll [C:\Users\ultra\warewolf\Dev\Warewolf.Studio.Views\Warewolf.Studio.Views.csproj]
C:\Program Files\dotnet\sdk\10.0.201\Microsoft.Common.CurrentVersion.targets(2451,5): warning MSB3277:             C:\Users\ultra\.nuget\packages\prism.wpf\9.0.537\lib\net462\Prism.Wpf.dll [C:\Users\ultra\warewolf\Dev\Warewolf.Studio.Views\Warewolf.Studio.Views.csproj]
C:\Program Files\dotnet\sdk\10.0.201\Microsoft.Common.CurrentVersion.targets(2451,5): warning MSB3277:             C:\Users\ultra\.nuget\packages\reactiveui.wpf\18.4.1\lib\net462\ReactiveUI.Wpf.dll [C:\Users\ultra\warewolf\Dev\Warewolf.Studio.Views\Warewolf.Studio.Views.csproj]
C:\Program Files\dotnet\sdk\10.0.201\Microsoft.Common.CurrentVersion.targets(2451,5): warning MSB3277:             C:\Users\ultra\.nuget\packages\taskschedulereditor\2.10.1\lib\net452\Microsoft.Win32.TaskSchedulerEditor.dll [C:\Users\ultra\warewolf\Dev\Warewolf.Studio.Views\Warewolf.Studio.Views.csproj]
C:\Program Files\dotnet\sdk\10.0.201\Microsoft.Common.CurrentVersion.targets(2451,5): warning MSB3277:             C:\Users\ultra\.nuget\packages\ttcue.netcore.sharepointonline.csom.16.1.8029.1200\16.1.8029.1200\lib\netcoreapp2.0\Microsoft.SharePoint.Client.Runtime.Windows.dll [C:\Users\ultra\warewolf\Dev\Warewolf.Studio.Views\Warewolf.Studio.Views.csproj]
C:\Program Files\dotnet\sdk\10.0.201\Microsoft.Common.CurrentVersion.targets(2451,5): warning MSB3277:         C:\Program Files\dotnet\packs\Microsoft.NETCore.App.Ref\8.0.25\ref\net8.0\WindowsBase.dll [C:\Users\ultra\warewolf\Dev\Warewolf.Studio.Views\Warewolf.Studio.Views.csproj]
C:\Program Files\dotnet\sdk\10.0.201\Microsoft.Common.CurrentVersion.targets(2451,5): warning MSB3277:           Project file item includes which caused reference "C:\Program Files\dotnet\packs\Microsoft.NETCore.App.Ref\8.0.25\ref\net8.0\WindowsBase.dll". [C:\Users\ultra\warewolf\Dev\Warewolf.Studio.Views\Warewolf.Studio.Views.csproj]
C:\Program Files\dotnet\sdk\10.0.201\Microsoft.Common.CurrentVersion.targets(2451,5): warning MSB3277:             C:\Program Files\dotnet\packs\Microsoft.NETCore.App.Ref\8.0.25\ref/net8.0/WindowsBase.dll [C:\Users\ultra\warewolf\Dev\Warewolf.Studio.Views\Warewolf.Studio.Views.csproj]
C:\Program Files\dotnet\sdk\10.0.201\Microsoft.Common.CurrentVersion.targets(2451,5): warning MSB3277:         C:\Program Files\dotnet\packs\Microsoft.NETCore.App.Ref\8.0.25\ref\net8.0\mscorlib.dll [C:\Users\ultra\warewolf\Dev\Warewolf.Studio.Views\Warewolf.Studio.Views.csproj]
C:\Program Files\dotnet\sdk\10.0.201\Microsoft.Common.CurrentVersion.targets(2451,5): warning MSB3277:           Project file item includes which caused reference "C:\Program Files\dotnet\packs\Microsoft.NETCore.App.Ref\8.0.25\ref\net8.0\mscorlib.dll". [C:\Users\ultra\warewolf\Dev\Warewolf.Studio.Views\Warewolf.Studio.Views.csproj]
C:\Program Files\dotnet\sdk\10.0.201\Microsoft.Common.CurrentVersion.targets(2451,5): warning MSB3277:             C:\Program Files\dotnet\packs\Microsoft.NETCore.App.Ref\8.0.25\ref/net8.0/mscorlib.dll [C:\Users\ultra\warewolf\Dev\Warewolf.Studio.Views\Warewolf.Studio.Views.csproj]
C:\Program Files\dotnet\sdk\10.0.201\Microsoft.Common.CurrentVersion.targets(2451,5): warning MSB3277:             C:\Users\ultra\.nuget\packages\aerowizard\2.3.1\lib\net45\AeroWizard.dll [C:\Users\ultra\warewolf\Dev\Warewolf.Studio.Views\Warewolf.Studio.Views.csproj]
C:\Program Files\dotnet\sdk\10.0.201\Microsoft.Common.CurrentVersion.targets(2451,5): warning MSB3277:             C:\Users\ultra\.nuget\packages\groupcontrols\1.9.0\lib\net45\GroupControls.dll [C:\Users\ultra\warewolf\Dev\Warewolf.Studio.Views\Warewolf.Studio.Views.csproj]
C:\Program Files\dotnet\sdk\10.0.201\Microsoft.Common.CurrentVersion.targets(2451,5): warning MSB3277:             C:\Users\ultra\.nuget\packages\hangfire.core\1.7.32\lib\netstandard2.0\Hangfire.Core.dll [C:\Users\ultra\warewolf\Dev\Warewolf.Studio.Views\Warewolf.Studio.Views.csproj]
C:\Program Files\dotnet\sdk\10.0.201\Microsoft.Common.CurrentVersion.targets(2451,5): warning MSB3277:             C:\Users\ultra\warewolf\Dev\Dev2.Activities\bin\Debug\net8.0\Dev2.Activities.dll [C:\Users\ultra\warewolf\Dev\Warewolf.Studio.Views\Warewolf.Studio.Views.csproj]
C:\Program Files\dotnet\sdk\10.0.201\Microsoft.Common.CurrentVersion.targets(2451,5): warning MSB3277:             C:\Users\ultra\warewolf\Dev\Dev2.Studio.Core\bin\Debug\net8.0\Dev2.Studio.Core.dll [C:\Users\ultra\warewolf\Dev\Warewolf.Studio.Views\Warewolf.Studio.Views.csproj]
C:\Program Files\dotnet\sdk\10.0.201\Microsoft.Common.CurrentVersion.targets(2451,5): warning MSB3277:             C:\Users\ultra\warewolf\Dev\Dev2.Intellisense\bin\Debug\net8.0\Dev2.Intellisense.dll [C:\Users\ultra\warewolf\Dev\Warewolf.Studio.Views\Warewolf.Studio.Views.csproj]
C:\Program Files\dotnet\sdk\10.0.201\Microsoft.Common.CurrentVersion.targets(2451,5): warning MSB3277:             C:\Users\ultra\warewolf\Dev\Warewolf.Studio.ViewModels\bin\Debug\net8.0\Warewolf.Studio.ViewModels.dll [C:\Users\ultra\warewolf\Dev\Warewolf.Studio.Views\Warewolf.Studio.Views.csproj]
C:\Program Files\dotnet\sdk\10.0.201\Microsoft.Common.CurrentVersion.targets(2451,5): warning MSB3277:             C:\Users\ultra\warewolf\Dev\Warewolf.Driver.Persistence\bin\Debug\net8.0\Warewolf.Driver.Persistence.dll [C:\Users\ultra\warewolf\Dev\Warewolf.Studio.Views\Warewolf.Studio.Views.csproj]
C:\Program Files\dotnet\sdk\10.0.201\Microsoft.Common.CurrentVersion.targets(2451,5): warning MSB3277:             C:\Users\ultra\.nuget\packages\hangfire.sqlserver\1.7.32\lib\netstandard2.0\Hangfire.SqlServer.dll [C:\Users\ultra\warewolf\Dev\Warewolf.Studio.Views\Warewolf.Studio.Views.csproj]
C:\Program Files\dotnet\sdk\10.0.201\Microsoft.Common.CurrentVersion.targets(2451,5): warning MSB3277:             C:\Users\ultra\.nuget\packages\microsoft.xaml.behaviors.wpf\1.1.122\lib\net462\Microsoft.Xaml.Behaviors.dll [C:\Users\ultra\warewolf\Dev\Warewolf.Studio.Views\Warewolf.Studio.Views.csproj]
C:\Program Files\dotnet\sdk\10.0.201\Microsoft.Common.CurrentVersion.targets(2451,5): warning MSB3277:             C:\Users\ultra\.nuget\packages\caliburn.micro\4.0.212\lib\netcoreapp3.1\Caliburn.Micro.Platform.dll [C:\Users\ultra\warewolf\Dev\Warewolf.Studio.Views\Warewolf.Studio.Views.csproj]
C:\Program Files\dotnet\sdk\10.0.201\Microsoft.Common.CurrentVersion.targets(2451,5): warning MSB3277:             C:\Users\ultra\.nuget\packages\oracle.manageddataaccess.core\3.21.70\lib\netstandard2.1\Oracle.ManagedDataAccess.dll [C:\Users\ultra\warewolf\Dev\Warewolf.Studio.Views\Warewolf.Studio.Views.csproj]
C:\Program Files\dotnet\sdk\10.0.201\Microsoft.Common.CurrentVersion.targets(2451,5): warning MSB3277:             C:\Users\ultra\warewolf\Dev\Dev2.Runtime.Services\bin\Debug\net8.0\Dev2.Runtime.Services.dll [C:\Users\ultra\warewolf\Dev\Warewolf.Studio.Views\Warewolf.Studio.Views.csproj]
C:\Program Files\dotnet\sdk\10.0.201\Microsoft.Common.CurrentVersion.targets(2451,5): warning MSB3277:             C:\Users\ultra\warewolf\Dev\Dev2.Studio.Interfaces\bin\Debug\net8.0\Dev2.Studio.Interfaces.dll [C:\Users\ultra\warewolf\Dev\Warewolf.Studio.Views\Warewolf.Studio.Views.csproj]
C:\Program Files\dotnet\sdk\10.0.201\Microsoft.Common.CurrentVersion.targets(2451,5): warning MSB3277:             C:\Users\ultra\warewolf\Dev\Warewolf.Studio.Core\bin\Debug\net8.0\Warewolf.Studio.Core.dll [C:\Users\ultra\warewolf\Dev\Warewolf.Studio.Views\Warewolf.Studio.Views.csproj]
C:\Program Files\dotnet\sdk\10.0.201\Microsoft.Common.CurrentVersion.targets(2451,5): warning MSB3277:             C:\Users\ultra\warewolf\Dev\Warewolf.Studio.CustomControls\bin\Debug\net8.0\Warewolf.Studio.CustomControls.dll [C:\Users\ultra\warewolf\Dev\Warewolf.Studio.Views\Warewolf.Studio.Views.csproj]
C:\Program Files\dotnet\sdk\10.0.201\Microsoft.Common.CurrentVersion.targets(2451,5): warning MSB3277:             C:\Users\ultra\warewolf\Dev\Dev2.Services.Execution\bin\Debug\net8.0\Dev2.Services.Execution.dll [C:\Users\ultra\warewolf\Dev\Warewolf.Studio.Views\Warewolf.Studio.Views.csproj]
C:\Program Files\dotnet\sdk\10.0.201\Microsoft.Common.CurrentVersion.targets(2451,5): warning MSB3277:             C:\Users\ultra\warewolf\Dev\Dev2.Services.Sql\bin\Debug\net8.0\Dev2.Services.Sql.dll [C:\Users\ultra\warewolf\Dev\Warewolf.Studio.Views\Warewolf.Studio.Views.csproj]
C:\Program Files\dotnet\sdk\10.0.201\Microsoft.Common.CurrentVersion.targets(2451,5): warning MSB3277:             C:\Users\ultra\warewolf\Dev\Warewolf.Studio.Models\bin\Debug\net8.0\Warewolf.Studio.Models.dll [C:\Users\ultra\warewolf\Dev\Warewolf.Studio.Views\Warewolf.Studio.Views.csproj]
C:\Program Files\dotnet\sdk\10.0.201\Microsoft.Common.CurrentVersion.targets(2451,5): warning MSB3277:             C:\Users\ultra\.nuget\packages\prism.wpf\9.0.537\lib\net462\Prism.Wpf.dll [C:\Users\ultra\warewolf\Dev\Warewolf.Studio.Views\Warewolf.Studio.Views.csproj]
C:\Program Files\dotnet\sdk\10.0.201\Microsoft.Common.CurrentVersion.targets(2451,5): warning MSB3277:             C:\Users\ultra\.nuget\packages\reactiveui.wpf\18.4.1\lib\net462\ReactiveUI.Wpf.dll [C:\Users\ultra\warewolf\Dev\Warewolf.Studio.Views\Warewolf.Studio.Views.csproj]
C:\Program Files\dotnet\sdk\10.0.201\Microsoft.Common.CurrentVersion.targets(2451,5): warning MSB3277:             C:\Users\ultra\.nuget\packages\taskschedulereditor\2.10.1\lib\net452\Microsoft.Win32.TaskSchedulerEditor.dll [C:\Users\ultra\warewolf\Dev\Warewolf.Studio.Views\Warewolf.Studio.Views.csproj]
C:\Program Files\dotnet\sdk\10.0.201\Microsoft.Common.CurrentVersion.targets(2451,5): warning MSB3277:             C:\Users\ultra\.nuget\packages\ttcue.netcore.sharepointonline.csom.16.1.8029.1200\16.1.8029.1200\lib\netcoreapp2.0\Microsoft.SharePoint.Client.Runtime.Windows.dll [C:\Users\ultra\warewolf\Dev\Warewolf.Studio.Views\Warewolf.Studio.Views.csproj]
C:\Program Files\dotnet\sdk\10.0.201\Microsoft.Common.CurrentVersion.targets(2451,5): warning MSB3277:             C:\Users\ultra\.nuget\packages\unofficial.microsoft.mshtml\7.0.3300\lib\net40\Microsoft.mshtml.dll [C:\Users\ultra\warewolf\Dev\Warewolf.Studio.Views\Warewolf.Studio.Views.csproj]
C:\Program Files\dotnet\sdk\10.0.201\Microsoft.Common.CurrentVersion.targets(2451,5): warning MSB3277:         C:\Users\ultra\warewolf\Dev\Dev2.Development.Languages\bin\Debug\net8.0\IronRuby.dll [C:\Users\ultra\warewolf\Dev\Warewolf.Studio.Views\Warewolf.Studio.Views.csproj]
C:\Program Files\dotnet\sdk\10.0.201\Microsoft.Common.CurrentVersion.targets(2451,5): warning MSB3277:           Project file item includes which caused reference "C:\Users\ultra\warewolf\Dev\Dev2.Development.Languages\bin\Debug\net8.0\IronRuby.dll". [C:\Users\ultra\warewolf\Dev\Warewolf.Studio.Views\Warewolf.Studio.Views.csproj]
C:\Program Files\dotnet\sdk\10.0.201\Microsoft.Common.CurrentVersion.targets(2451,5): warning MSB3277:             C:\Users\ultra\warewolf\Dev\Dev2.Development.Languages\bin\Debug\net8.0\Dev2.Development.Languages.dll [C:\Users\ultra\warewolf\Dev\Warewolf.Studio.Views\Warewolf.Studio.Views.csproj]
C:\Program Files\dotnet\sdk\10.0.201\Microsoft.Common.CurrentVersion.targets(2451,5): warning MSB3277:             C:\Users\ultra\warewolf\Dev\Dev2.Activities\bin\Debug\net8.0\Dev2.Activities.dll [C:\Users\ultra\warewolf\Dev\Warewolf.Studio.Views\Warewolf.Studio.Views.csproj]
C:\Program Files\dotnet\sdk\10.0.201\Microsoft.Common.CurrentVersion.targets(2451,5): warning MSB3277:             C:\Users\ultra\warewolf\Dev\Dev2.Studio.Core\bin\Debug\net8.0\Dev2.Studio.Core.dll [C:\Users\ultra\warewolf\Dev\Warewolf.Studio.Views\Warewolf.Studio.Views.csproj]
C:\Program Files\dotnet\sdk\10.0.201\Microsoft.Common.CurrentVersion.targets(2451,5): warning MSB3277:             C:\Users\ultra\warewolf\Dev\Dev2.Intellisense\bin\Debug\net8.0\Dev2.Intellisense.dll [C:\Users\ultra\warewolf\Dev\Warewolf.Studio.Views\Warewolf.Studio.Views.csproj]
C:\Program Files\dotnet\sdk\10.0.201\Microsoft.Common.CurrentVersion.targets(2451,5): warning MSB3277:             C:\Users\ultra\warewolf\Dev\Warewolf.Studio.ViewModels\bin\Debug\net8.0\Warewolf.Studio.ViewModels.dll [C:\Users\ultra\warewolf\Dev\Warewolf.Studio.Views\Warewolf.Studio.Views.csproj]
C:\Program Files\dotnet\sdk\10.0.201\Microsoft.Common.CurrentVersion.targets(2451,5): warning MSB3277:         C:\Users\ultra\warewolf\Dev\Dev2.Development.Languages\bin\Debug\net8.0\IronRuby.Libraries.dll [C:\Users\ultra\warewolf\Dev\Warewolf.Studio.Views\Warewolf.Studio.Views.csproj]
C:\Program Files\dotnet\sdk\10.0.201\Microsoft.Common.CurrentVersion.targets(2451,5): warning MSB3277:           Project file item includes which caused reference "C:\Users\ultra\warewolf\Dev\Dev2.Development.Languages\bin\Debug\net8.0\IronRuby.Libraries.dll". [C:\Users\ultra\warewolf\Dev\Warewolf.Studio.Views\Warewolf.Studio.Views.csproj]
C:\Program Files\dotnet\sdk\10.0.201\Microsoft.Common.CurrentVersion.targets(2451,5): warning MSB3277:             C:\Users\ultra\warewolf\Dev\Dev2.Development.Languages\bin\Debug\net8.0\Dev2.Development.Languages.dll [C:\Users\ultra\warewolf\Dev\Warewolf.Studio.Views\Warewolf.Studio.Views.csproj]
C:\Program Files\dotnet\sdk\10.0.201\Microsoft.Common.CurrentVersion.targets(2451,5): warning MSB3277:             C:\Users\ultra\warewolf\Dev\Dev2.Activities\bin\Debug\net8.0\Dev2.Activities.dll [C:\Users\ultra\warewolf\Dev\Warewolf.Studio.Views\Warewolf.Studio.Views.csproj]
C:\Program Files\dotnet\sdk\10.0.201\Microsoft.Common.CurrentVersion.targets(2451,5): warning MSB3277:             C:\Users\ultra\warewolf\Dev\Dev2.Studio.Core\bin\Debug\net8.0\Dev2.Studio.Core.dll [C:\Users\ultra\warewolf\Dev\Warewolf.Studio.Views\Warewolf.Studio.Views.csproj]
C:\Program Files\dotnet\sdk\10.0.201\Microsoft.Common.CurrentVersion.targets(2451,5): warning MSB3277:             C:\Users\ultra\warewolf\Dev\Dev2.Intellisense\bin\Debug\net8.0\Dev2.Intellisense.dll [C:\Users\ultra\warewolf\Dev\Warewolf.Studio.Views\Warewolf.Studio.Views.csproj]
C:\Program Files\dotnet\sdk\10.0.201\Microsoft.Common.CurrentVersion.targets(2451,5): warning MSB3277:             C:\Users\ultra\warewolf\Dev\Warewolf.Studio.ViewModels\bin\Debug\net8.0\Warewolf.Studio.ViewModels.dll [C:\Users\ultra\warewolf\Dev\Warewolf.Studio.Views\Warewolf.Studio.Views.csproj]
C:\Program Files\dotnet\sdk\10.0.201\Microsoft.Common.CurrentVersion.targets(2451,5): warning MSB3277: Found conflicts between different versions of "WindowsBase" that could not be resolved. [C:\Users\ultra\warewolf\Dev\Warewolf.Studio.Views\Warewolf.Studio.Views.csproj]
C:\Program Files\dotnet\sdk\10.0.201\Microsoft.Common.CurrentVersion.targets(2451,5): warning MSB3277: There was a conflict between "WindowsBase, Version=4.0.0.0, Culture=neutral, PublicKeyToken=31bf3856ad364e35" and "WindowsBase, Version=6.0.2.0, Culture=neutral, PublicKeyToken=31bf3856ad364e35". [C:\Users\ultra\warewolf\Dev\Warewolf.Studio.Views\Warewolf.Studio.Views.csproj]
C:\Program Files\dotnet\sdk\10.0.201\Microsoft.Common.CurrentVersion.targets(2451,5): warning MSB3277:     "WindowsBase, Version=4.0.0.0, Culture=neutral, PublicKeyToken=31bf3856ad364e35" was chosen because it was primary and "WindowsBase, Version=6.0.2.0, Culture=neutral, PublicKeyToken=31bf3856ad364e35" was not. [C:\Users\ultra\warewolf\Dev\Warewolf.Studio.Views\Warewolf.Studio.Views.csproj]
C:\Program Files\dotnet\sdk\10.0.201\Microsoft.Common.CurrentVersion.targets(2451,5): warning MSB3277:     References which depend on "WindowsBase, Version=4.0.0.0, Culture=neutral, PublicKeyToken=31bf3856ad364e35" [C:\Program Files\dotnet\packs\Microsoft.NETCore.App.Ref\8.0.25\ref\net8.0\WindowsBase.dll]. [C:\Users\ultra\warewolf\Dev\Warewolf.Studio.Views\Warewolf.Studio.Views.csproj]
C:\Program Files\dotnet\sdk\10.0.201\Microsoft.Common.CurrentVersion.targets(2451,5): warning MSB3277:         C:\Program Files\dotnet\packs\Microsoft.NETCore.App.Ref\8.0.25\ref\net8.0\WindowsBase.dll [C:\Users\ultra\warewolf\Dev\Warewolf.Studio.Views\Warewolf.Studio.Views.csproj]
C:\Program Files\dotnet\sdk\10.0.201\Microsoft.Common.CurrentVersion.targets(2451,5): warning MSB3277:           Project file item includes which caused reference "C:\Program Files\dotnet\packs\Microsoft.NETCore.App.Ref\8.0.25\ref\net8.0\WindowsBase.dll". [C:\Users\ultra\warewolf\Dev\Warewolf.Studio.Views\Warewolf.Studio.Views.csproj]
C:\Program Files\dotnet\sdk\10.0.201\Microsoft.Common.CurrentVersion.targets(2451,5): warning MSB3277:             C:\Program Files\dotnet\packs\Microsoft.NETCore.App.Ref\8.0.25\ref/net8.0/WindowsBase.dll [C:\Users\ultra\warewolf\Dev\Warewolf.Studio.Views\Warewolf.Studio.Views.csproj]
C:\Program Files\dotnet\sdk\10.0.201\Microsoft.Common.CurrentVersion.targets(2451,5): warning MSB3277:     References which depend on or have been unified to "WindowsBase, Version=6.0.2.0, Culture=neutral, PublicKeyToken=31bf3856ad364e35" []. [C:\Users\ultra\warewolf\Dev\Warewolf.Studio.Views\Warewolf.Studio.Views.csproj]
C:\Program Files\dotnet\sdk\10.0.201\Microsoft.Common.CurrentVersion.targets(2451,5): warning MSB3277:         C:\Users\ultra\warewolf\Dev\Binaries\Infragistcs_Net6\InfragisticsWPF4.Controls.Editors.XamComboEditor.v15.1.dll [C:\Users\ultra\warewolf\Dev\Warewolf.Studio.Views\Warewolf.Studio.Views.csproj]
C:\Program Files\dotnet\sdk\10.0.201\Microsoft.Common.CurrentVersion.targets(2451,5): warning MSB3277:           Project file item includes which caused reference "C:\Users\ultra\warewolf\Dev\Binaries\Infragistcs_Net6\InfragisticsWPF4.Controls.Editors.XamComboEditor.v15.1.dll". [C:\Users\ultra\warewolf\Dev\Warewolf.Studio.Views\Warewolf.Studio.Views.csproj]
C:\Program Files\dotnet\sdk\10.0.201\Microsoft.Common.CurrentVersion.targets(2451,5): warning MSB3277:             InfragisticsWPF4.Controls.Editors.XamComboEditor.v15.1 [C:\Users\ultra\warewolf\Dev\Warewolf.Studio.Views\Warewolf.Studio.Views.csproj]
C:\Program Files\dotnet\sdk\10.0.201\Microsoft.Common.CurrentVersion.targets(2451,5): warning MSB3277:         C:\Users\ultra\warewolf\Dev\Binaries\Infragistcs_Net6\InfragisticsWPF4.Controls.Editors.XamRichTextEditor.v15.1.dll [C:\Users\ultra\warewolf\Dev\Warewolf.Studio.Views\Warewolf.Studio.Views.csproj]
C:\Program Files\dotnet\sdk\10.0.201\Microsoft.Common.CurrentVersion.targets(2451,5): warning MSB3277:           Project file item includes which caused reference "C:\Users\ultra\warewolf\Dev\Binaries\Infragistcs_Net6\InfragisticsWPF4.Controls.Editors.XamRichTextEditor.v15.1.dll". [C:\Users\ultra\warewolf\Dev\Warewolf.Studio.Views\Warewolf.Studio.Views.csproj]
C:\Program Files\dotnet\sdk\10.0.201\Microsoft.Common.CurrentVersion.targets(2451,5): warning MSB3277:             InfragisticsWPF4.Controls.Editors.XamRichTextEditor.v15.1 [C:\Users\ultra\warewolf\Dev\Warewolf.Studio.Views\Warewolf.Studio.Views.csproj]
C:\Program Files\dotnet\sdk\10.0.201\Microsoft.Common.CurrentVersion.targets(2451,5): warning MSB3277:         C:\Users\ultra\warewolf\Dev\Binaries\Infragistcs_Net6\InfragisticsWPF4.Controls.Grids.XamGrid.v15.1.dll [C:\Users\ultra\warewolf\Dev\Warewolf.Studio.Views\Warewolf.Studio.Views.csproj]
C:\Program Files\dotnet\sdk\10.0.201\Microsoft.Common.CurrentVersion.targets(2451,5): warning MSB3277:           Project file item includes which caused reference "C:\Users\ultra\warewolf\Dev\Binaries\Infragistcs_Net6\InfragisticsWPF4.Controls.Grids.XamGrid.v15.1.dll". [C:\Users\ultra\warewolf\Dev\Warewolf.Studio.Views\Warewolf.Studio.Views.csproj]
C:\Program Files\dotnet\sdk\10.0.201\Microsoft.Common.CurrentVersion.targets(2451,5): warning MSB3277:             InfragisticsWPF4.Controls.Grids.XamGrid.v15.1 [C:\Users\ultra\warewolf\Dev\Warewolf.Studio.Views\Warewolf.Studio.Views.csproj]
C:\Program Files\dotnet\sdk\10.0.201\Microsoft.Common.CurrentVersion.targets(2451,5): warning MSB3277:         C:\Users\ultra\warewolf\Dev\Binaries\Infragistcs_Net6\InfragisticsWPF4.Controls.Interactions.XamDialogWindow.v15.1.dll [C:\Users\ultra\warewolf\Dev\Warewolf.Studio.Views\Warewolf.Studio.Views.csproj]
C:\Program Files\dotnet\sdk\10.0.201\Microsoft.Common.CurrentVersion.targets(2451,5): warning MSB3277:           Project file item includes which caused reference "C:\Users\ultra\warewolf\Dev\Binaries\Infragistcs_Net6\InfragisticsWPF4.Controls.Interactions.XamDialogWindow.v15.1.dll". [C:\Users\ultra\warewolf\Dev\Warewolf.Studio.Views\Warewolf.Studio.Views.csproj]
C:\Program Files\dotnet\sdk\10.0.201\Microsoft.Common.CurrentVersion.targets(2451,5): warning MSB3277:             InfragisticsWPF4.Controls.Interactions.XamDialogWindow.v15.1 [C:\Users\ultra\warewolf\Dev\Warewolf.Studio.Views\Warewolf.Studio.Views.csproj]
C:\Program Files\dotnet\sdk\10.0.201\Microsoft.Common.CurrentVersion.targets(2451,5): warning MSB3277:         C:\Users\ultra\warewolf\Dev\Binaries\Infragistcs_Net6\InfragisticsWPF4.Controls.Menus.XamDataTree.v15.1.dll [C:\Users\ultra\warewolf\Dev\Warewolf.Studio.Views\Warewolf.Studio.Views.csproj]
C:\Program Files\dotnet\sdk\10.0.201\Microsoft.Common.CurrentVersion.targets(2451,5): warning MSB3277:           Project file item includes which caused reference "C:\Users\ultra\warewolf\Dev\Binaries\Infragistcs_Net6\InfragisticsWPF4.Controls.Menus.XamDataTree.v15.1.dll". [C:\Users\ultra\warewolf\Dev\Warewolf.Studio.Views\Warewolf.Studio.Views.csproj]
C:\Program Files\dotnet\sdk\10.0.201\Microsoft.Common.CurrentVersion.targets(2451,5): warning MSB3277:             InfragisticsWPF4.Controls.Menus.XamDataTree.v15.1 [C:\Users\ultra\warewolf\Dev\Warewolf.Studio.Views\Warewolf.Studio.Views.csproj]
C:\Program Files\dotnet\sdk\10.0.201\Microsoft.Common.CurrentVersion.targets(2451,5): warning MSB3277:         C:\Users\ultra\warewolf\Dev\Binaries\Infragistcs_Net6\InfragisticsWPF4.Controls.Menus.XamMenu.v15.1.dll [C:\Users\ultra\warewolf\Dev\Warewolf.Studio.Views\Warewolf.Studio.Views.csproj]
C:\Program Files\dotnet\sdk\10.0.201\Microsoft.Common.CurrentVersion.targets(2451,5): warning MSB3277:           Project file item includes which caused reference "C:\Users\ultra\warewolf\Dev\Binaries\Infragistcs_Net6\InfragisticsWPF4.Controls.Menus.XamMenu.v15.1.dll". [C:\Users\ultra\warewolf\Dev\Warewolf.Studio.Views\Warewolf.Studio.Views.csproj]
C:\Program Files\dotnet\sdk\10.0.201\Microsoft.Common.CurrentVersion.targets(2451,5): warning MSB3277:             InfragisticsWPF4.Controls.Menus.XamMenu.v15.1 [C:\Users\ultra\warewolf\Dev\Warewolf.Studio.Views\Warewolf.Studio.Views.csproj]
C:\Program Files\dotnet\sdk\10.0.201\Microsoft.Common.CurrentVersion.targets(2451,5): warning MSB3277:             InfragisticsWPF4.Controls.Editors.XamRichTextEditor.v15.1 [C:\Users\ultra\warewolf\Dev\Warewolf.Studio.Views\Warewolf.Studio.Views.csproj]
C:\Program Files\dotnet\sdk\10.0.201\Microsoft.Common.CurrentVersion.targets(2451,5): warning MSB3277:             InfragisticsWPF4.Controls.Grids.XamGrid.v15.1 [C:\Users\ultra\warewolf\Dev\Warewolf.Studio.Views\Warewolf.Studio.Views.csproj]
C:\Program Files\dotnet\sdk\10.0.201\Microsoft.Common.CurrentVersion.targets(2451,5): warning MSB3277:         C:\Users\ultra\warewolf\Dev\Binaries\Infragistcs_Net6\InfragisticsWPF4.DataManager.v15.1.dll [C:\Users\ultra\warewolf\Dev\Warewolf.Studio.Views\Warewolf.Studio.Views.csproj]
C:\Program Files\dotnet\sdk\10.0.201\Microsoft.Common.CurrentVersion.targets(2451,5): warning MSB3277:           Project file item includes which caused reference "C:\Users\ultra\warewolf\Dev\Binaries\Infragistcs_Net6\InfragisticsWPF4.DataManager.v15.1.dll". [C:\Users\ultra\warewolf\Dev\Warewolf.Studio.Views\Warewolf.Studio.Views.csproj]
C:\Program Files\dotnet\sdk\10.0.201\Microsoft.Common.CurrentVersion.targets(2451,5): warning MSB3277:             InfragisticsWPF4.DataManager.v15.1 [C:\Users\ultra\warewolf\Dev\Warewolf.Studio.Views\Warewolf.Studio.Views.csproj]
C:\Program Files\dotnet\sdk\10.0.201\Microsoft.Common.CurrentVersion.targets(2451,5): warning MSB3277:             InfragisticsWPF4.Controls.Editors.XamComboEditor.v15.1 [C:\Users\ultra\warewolf\Dev\Warewolf.Studio.Views\Warewolf.Studio.Views.csproj]
C:\Program Files\dotnet\sdk\10.0.201\Microsoft.Common.CurrentVersion.targets(2451,5): warning MSB3277:             InfragisticsWPF4.Controls.Grids.XamGrid.v15.1 [C:\Users\ultra\warewolf\Dev\Warewolf.Studio.Views\Warewolf.Studio.Views.csproj]
C:\Program Files\dotnet\sdk\10.0.201\Microsoft.Common.CurrentVersion.targets(2451,5): warning MSB3277:             InfragisticsWPF4.Controls.Menus.XamDataTree.v15.1 [C:\Users\ultra\warewolf\Dev\Warewolf.Studio.Views\Warewolf.Studio.Views.csproj]
C:\Program Files\dotnet\sdk\10.0.201\Microsoft.Common.CurrentVersion.targets(2451,5): warning MSB3277:         C:\Users\ultra\warewolf\Dev\Binaries\Infragistcs_Net6\InfragisticsWPF4.DockManager.v15.1.dll [C:\Users\ultra\warewolf\Dev\Warewolf.Studio.Views\Warewolf.Studio.Views.csproj]
C:\Program Files\dotnet\sdk\10.0.201\Microsoft.Common.CurrentVersion.targets(2451,5): warning MSB3277:           Project file item includes which caused reference "C:\Users\ultra\warewolf\Dev\Binaries\Infragistcs_Net6\InfragisticsWPF4.DockManager.v15.1.dll". [C:\Users\ultra\warewolf\Dev\Warewolf.Studio.Views\Warewolf.Studio.Views.csproj]
C:\Program Files\dotnet\sdk\10.0.201\Microsoft.Common.CurrentVersion.targets(2451,5): warning MSB3277:             InfragisticsWPF4.DockManager.v15.1 [C:\Users\ultra\warewolf\Dev\Warewolf.Studio.Views\Warewolf.Studio.Views.csproj]
C:\Program Files\dotnet\sdk\10.0.201\Microsoft.Common.CurrentVersion.targets(2451,5): warning MSB3277:         C:\Users\ultra\warewolf\Dev\Binaries\Infragistcs_Net6\InfragisticsWPF4.Documents.RichTextDocument.Html.v15.1.dll [C:\Users\ultra\warewolf\Dev\Warewolf.Studio.Views\Warewolf.Studio.Views.csproj]
C:\Program Files\dotnet\sdk\10.0.201\Microsoft.Common.CurrentVersion.targets(2451,5): warning MSB3277:           Project file item includes which caused reference "C:\Users\ultra\warewolf\Dev\Binaries\Infragistcs_Net6\InfragisticsWPF4.Documents.RichTextDocument.Html.v15.1.dll". [C:\Users\ultra\warewolf\Dev\Warewolf.Studio.Views\Warewolf.Studio.Views.csproj]
C:\Program Files\dotnet\sdk\10.0.201\Microsoft.Common.CurrentVersion.targets(2451,5): warning MSB3277:             InfragisticsWPF4.Documents.RichTextDocument.Html.v15.1 [C:\Users\ultra\warewolf\Dev\Warewolf.Studio.Views\Warewolf.Studio.Views.csproj]
C:\Program Files\dotnet\sdk\10.0.201\Microsoft.Common.CurrentVersion.targets(2451,5): warning MSB3277:         C:\Users\ultra\warewolf\Dev\Binaries\Infragistcs_Net6\InfragisticsWPF4.Documents.RichTextDocument.v15.1.dll [C:\Users\ultra\warewolf\Dev\Warewolf.Studio.Views\Warewolf.Studio.Views.csproj]
C:\Program Files\dotnet\sdk\10.0.201\Microsoft.Common.CurrentVersion.targets(2451,5): warning MSB3277:           Project file item includes which caused reference "C:\Users\ultra\warewolf\Dev\Binaries\Infragistcs_Net6\InfragisticsWPF4.Documents.RichTextDocument.v15.1.dll". [C:\Users\ultra\warewolf\Dev\Warewolf.Studio.Views\Warewolf.Studio.Views.csproj]
C:\Program Files\dotnet\sdk\10.0.201\Microsoft.Common.CurrentVersion.targets(2451,5): warning MSB3277:             InfragisticsWPF4.Documents.RichTextDocument.v15.1 [C:\Users\ultra\warewolf\Dev\Warewolf.Studio.Views\Warewolf.Studio.Views.csproj]
C:\Program Files\dotnet\sdk\10.0.201\Microsoft.Common.CurrentVersion.targets(2451,5): warning MSB3277:             InfragisticsWPF4.Controls.Editors.XamRichTextEditor.v15.1 [C:\Users\ultra\warewolf\Dev\Warewolf.Studio.Views\Warewolf.Studio.Views.csproj]
C:\Program Files\dotnet\sdk\10.0.201\Microsoft.Common.CurrentVersion.targets(2451,5): warning MSB3277:             InfragisticsWPF4.Documents.RichTextDocument.Html.v15.1 [C:\Users\ultra\warewolf\Dev\Warewolf.Studio.Views\Warewolf.Studio.Views.csproj]
C:\Program Files\dotnet\sdk\10.0.201\Microsoft.Common.CurrentVersion.targets(2451,5): warning MSB3277:         C:\Users\ultra\warewolf\Dev\Binaries\Infragistcs_Net6\InfragisticsWPF4.DragDrop.v15.1.dll [C:\Users\ultra\warewolf\Dev\Warewolf.Studio.Views\Warewolf.Studio.Views.csproj]
C:\Program Files\dotnet\sdk\10.0.201\Microsoft.Common.CurrentVersion.targets(2451,5): warning MSB3277:           Project file item includes which caused reference "C:\Users\ultra\warewolf\Dev\Binaries\Infragistcs_Net6\InfragisticsWPF4.DragDrop.v15.1.dll". [C:\Users\ultra\warewolf\Dev\Warewolf.Studio.Views\Warewolf.Studio.Views.csproj]
C:\Program Files\dotnet\sdk\10.0.201\Microsoft.Common.CurrentVersion.targets(2451,5): warning MSB3277:             InfragisticsWPF4.DragDrop.v15.1 [C:\Users\ultra\warewolf\Dev\Warewolf.Studio.Views\Warewolf.Studio.Views.csproj]
C:\Program Files\dotnet\sdk\10.0.201\Microsoft.Common.CurrentVersion.targets(2451,5): warning MSB3277:             InfragisticsWPF4.Controls.Menus.XamDataTree.v15.1 [C:\Users\ultra\warewolf\Dev\Warewolf.Studio.Views\Warewolf.Studio.Views.csproj]
C:\Program Files\dotnet\sdk\10.0.201\Microsoft.Common.CurrentVersion.targets(2451,5): warning MSB3277:         C:\Users\ultra\warewolf\Dev\Binaries\Infragistcs_Net6\InfragisticsWPF4.Editors.v15.1.dll [C:\Users\ultra\warewolf\Dev\Warewolf.Studio.Views\Warewolf.Studio.Views.csproj]
C:\Program Files\dotnet\sdk\10.0.201\Microsoft.Common.CurrentVersion.targets(2451,5): warning MSB3277:           Project file item includes which caused reference "C:\Users\ultra\warewolf\Dev\Binaries\Infragistcs_Net6\InfragisticsWPF4.Editors.v15.1.dll". [C:\Users\ultra\warewolf\Dev\Warewolf.Studio.Views\Warewolf.Studio.Views.csproj]
C:\Program Files\dotnet\sdk\10.0.201\Microsoft.Common.CurrentVersion.targets(2451,5): warning MSB3277:             InfragisticsWPF4.Editors.v15.1 [C:\Users\ultra\warewolf\Dev\Warewolf.Studio.Views\Warewolf.Studio.Views.csproj]
C:\Program Files\dotnet\sdk\10.0.201\Microsoft.Common.CurrentVersion.targets(2451,5): warning MSB3277:         C:\Users\ultra\warewolf\Dev\Binaries\Infragistcs_Net6\InfragisticsWPF4.v15.1.dll [C:\Users\ultra\warewolf\Dev\Warewolf.Studio.Views\Warewolf.Studio.Views.csproj]
C:\Program Files\dotnet\sdk\10.0.201\Microsoft.Common.CurrentVersion.targets(2451,5): warning MSB3277:           Project file item includes which caused reference "C:\Users\ultra\warewolf\Dev\Binaries\Infragistcs_Net6\InfragisticsWPF4.v15.1.dll". [C:\Users\ultra\warewolf\Dev\Warewolf.Studio.Views\Warewolf.Studio.Views.csproj]
C:\Program Files\dotnet\sdk\10.0.201\Microsoft.Common.CurrentVersion.targets(2451,5): warning MSB3277:             InfragisticsWPF4.v15.1 [C:\Users\ultra\warewolf\Dev\Warewolf.Studio.Views\Warewolf.Studio.Views.csproj]
C:\Program Files\dotnet\sdk\10.0.201\Microsoft.Common.CurrentVersion.targets(2451,5): warning MSB3277:             InfragisticsWPF4.Controls.Editors.XamComboEditor.v15.1 [C:\Users\ultra\warewolf\Dev\Warewolf.Studio.Views\Warewolf.Studio.Views.csproj]
C:\Program Files\dotnet\sdk\10.0.201\Microsoft.Common.CurrentVersion.targets(2451,5): warning MSB3277:             InfragisticsWPF4.Controls.Editors.XamRichTextEditor.v15.1 [C:\Users\ultra\warewolf\Dev\Warewolf.Studio.Views\Warewolf.Studio.Views.csproj]
C:\Program Files\dotnet\sdk\10.0.201\Microsoft.Common.CurrentVersion.targets(2451,5): warning MSB3277:             InfragisticsWPF4.Controls.Grids.XamGrid.v15.1 [C:\Users\ultra\warewolf\Dev\Warewolf.Studio.Views\Warewolf.Studio.Views.csproj]
C:\Program Files\dotnet\sdk\10.0.201\Microsoft.Common.CurrentVersion.targets(2451,5): warning MSB3277:             InfragisticsWPF4.Controls.Interactions.XamDialogWindow.v15.1 [C:\Users\ultra\warewolf\Dev\Warewolf.Studio.Views\Warewolf.Studio.Views.csproj]
C:\Program Files\dotnet\sdk\10.0.201\Microsoft.Common.CurrentVersion.targets(2451,5): warning MSB3277:             InfragisticsWPF4.Controls.Menus.XamDataTree.v15.1 [C:\Users\ultra\warewolf\Dev\Warewolf.Studio.Views\Warewolf.Studio.Views.csproj]
C:\Program Files\dotnet\sdk\10.0.201\Microsoft.Common.CurrentVersion.targets(2451,5): warning MSB3277:             InfragisticsWPF4.Controls.Menus.XamMenu.v15.1 [C:\Users\ultra\warewolf\Dev\Warewolf.Studio.Views\Warewolf.Studio.Views.csproj]
C:\Program Files\dotnet\sdk\10.0.201\Microsoft.Common.CurrentVersion.targets(2451,5): warning MSB3277:             InfragisticsWPF4.DataManager.v15.1 [C:\Users\ultra\warewolf\Dev\Warewolf.Studio.Views\Warewolf.Studio.Views.csproj]
C:\Program Files\dotnet\sdk\10.0.201\Microsoft.Common.CurrentVersion.targets(2451,5): warning MSB3277:             InfragisticsWPF4.DockManager.v15.1 [C:\Users\ultra\warewolf\Dev\Warewolf.Studio.Views\Warewolf.Studio.Views.csproj]
C:\Program Files\dotnet\sdk\10.0.201\Microsoft.Common.CurrentVersion.targets(2451,5): warning MSB3277:             InfragisticsWPF4.Documents.RichTextDocument.Html.v15.1 [C:\Users\ultra\warewolf\Dev\Warewolf.Studio.Views\Warewolf.Studio.Views.csproj]
C:\Program Files\dotnet\sdk\10.0.201\Microsoft.Common.CurrentVersion.targets(2451,5): warning MSB3277:             InfragisticsWPF4.Documents.RichTextDocument.v15.1 [C:\Users\ultra\warewolf\Dev\Warewolf.Studio.Views\Warewolf.Studio.Views.csproj]
C:\Program Files\dotnet\sdk\10.0.201\Microsoft.Common.CurrentVersion.targets(2451,5): warning MSB3277:             InfragisticsWPF4.Editors.v15.1 [C:\Users\ultra\warewolf\Dev\Warewolf.Studio.Views\Warewolf.Studio.Views.csproj]
C:\Program Files\dotnet\sdk\10.0.201\Microsoft.Common.CurrentVersion.targets(2451,5): warning MSB3277:         C:\Users\ultra\.nuget\packages\caliburn.micro\4.0.212\lib\netcoreapp3.1\Caliburn.Micro.Platform.dll [C:\Users\ultra\warewolf\Dev\Warewolf.Studio.Views\Warewolf.Studio.Views.csproj]
C:\Program Files\dotnet\sdk\10.0.201\Microsoft.Common.CurrentVersion.targets(2451,5): warning MSB3277:           Project file item includes which caused reference "C:\Users\ultra\.nuget\packages\caliburn.micro\4.0.212\lib\netcoreapp3.1\Caliburn.Micro.Platform.dll". [C:\Users\ultra\warewolf\Dev\Warewolf.Studio.Views\Warewolf.Studio.Views.csproj]
C:\Program Files\dotnet\sdk\10.0.201\Microsoft.Common.CurrentVersion.targets(2451,5): warning MSB3277:             C:\Users\ultra\.nuget\packages\caliburn.micro\4.0.212\lib\netcoreapp3.1\Caliburn.Micro.Platform.dll [C:\Users\ultra\warewolf\Dev\Warewolf.Studio.Views\Warewolf.Studio.Views.csproj]
C:\Program Files\dotnet\sdk\10.0.201\Microsoft.Common.CurrentVersion.targets(2451,5): warning MSB3277:         C:\Users\ultra\.nuget\packages\extended.wpf.toolkit\4.4.0\lib\net5.0\Xceed.Wpf.AvalonDock.NET5.dll [C:\Users\ultra\warewolf\Dev\Warewolf.Studio.Views\Warewolf.Studio.Views.csproj]
C:\Program Files\dotnet\sdk\10.0.201\Microsoft.Common.CurrentVersion.targets(2451,5): warning MSB3277:           Project file item includes which caused reference "C:\Users\ultra\.nuget\packages\extended.wpf.toolkit\4.4.0\lib\net5.0\Xceed.Wpf.AvalonDock.NET5.dll". [C:\Users\ultra\warewolf\Dev\Warewolf.Studio.Views\Warewolf.Studio.Views.csproj]
C:\Program Files\dotnet\sdk\10.0.201\Microsoft.Common.CurrentVersion.targets(2451,5): warning MSB3277:             C:\Users\ultra\.nuget\packages\extended.wpf.toolkit\4.4.0\lib\net5.0\Xceed.Wpf.AvalonDock.NET5.dll [C:\Users\ultra\warewolf\Dev\Warewolf.Studio.Views\Warewolf.Studio.Views.csproj]
C:\Program Files\dotnet\sdk\10.0.201\Microsoft.Common.CurrentVersion.targets(2451,5): warning MSB3277:             C:\Users\ultra\.nuget\packages\extended.wpf.toolkit\4.4.0\lib\net5.0\Xceed.Wpf.AvalonDock.Themes.Aero.NET5.dll [C:\Users\ultra\warewolf\Dev\Warewolf.Studio.Views\Warewolf.Studio.Views.csproj]
C:\Program Files\dotnet\sdk\10.0.201\Microsoft.Common.CurrentVersion.targets(2451,5): warning MSB3277:             C:\Users\ultra\.nuget\packages\extended.wpf.toolkit\4.4.0\lib\net5.0\Xceed.Wpf.AvalonDock.Themes.Metro.NET5.dll [C:\Users\ultra\warewolf\Dev\Warewolf.Studio.Views\Warewolf.Studio.Views.csproj]
C:\Program Files\dotnet\sdk\10.0.201\Microsoft.Common.CurrentVersion.targets(2451,5): warning MSB3277:             C:\Users\ultra\.nuget\packages\extended.wpf.toolkit\4.4.0\lib\net5.0\Xceed.Wpf.AvalonDock.Themes.VS2010.NET5.dll [C:\Users\ultra\warewolf\Dev\Warewolf.Studio.Views\Warewolf.Studio.Views.csproj]
C:\Program Files\dotnet\sdk\10.0.201\Microsoft.Common.CurrentVersion.targets(2451,5): warning MSB3277:         C:\Users\ultra\.nuget\packages\extended.wpf.toolkit\4.4.0\lib\net5.0\Xceed.Wpf.AvalonDock.Themes.Aero.NET5.dll [C:\Users\ultra\warewolf\Dev\Warewolf.Studio.Views\Warewolf.Studio.Views.csproj]
C:\Program Files\dotnet\sdk\10.0.201\Microsoft.Common.CurrentVersion.targets(2451,5): warning MSB3277:           Project file item includes which caused reference "C:\Users\ultra\.nuget\packages\extended.wpf.toolkit\4.4.0\lib\net5.0\Xceed.Wpf.AvalonDock.Themes.Aero.NET5.dll". [C:\Users\ultra\warewolf\Dev\Warewolf.Studio.Views\Warewolf.Studio.Views.csproj]
C:\Program Files\dotnet\sdk\10.0.201\Microsoft.Common.CurrentVersion.targets(2451,5): warning MSB3277:             C:\Users\ultra\.nuget\packages\extended.wpf.toolkit\4.4.0\lib\net5.0\Xceed.Wpf.AvalonDock.Themes.Aero.NET5.dll [C:\Users\ultra\warewolf\Dev\Warewolf.Studio.Views\Warewolf.Studio.Views.csproj]
C:\Program Files\dotnet\sdk\10.0.201\Microsoft.Common.CurrentVersion.targets(2451,5): warning MSB3277:         C:\Users\ultra\.nuget\packages\extended.wpf.toolkit\4.4.0\lib\net5.0\Xceed.Wpf.Toolkit.NET5.dll [C:\Users\ultra\warewolf\Dev\Warewolf.Studio.Views\Warewolf.Studio.Views.csproj]
C:\Program Files\dotnet\sdk\10.0.201\Microsoft.Common.CurrentVersion.targets(2451,5): warning MSB3277:           Project file item includes which caused reference "C:\Users\ultra\.nuget\packages\extended.wpf.toolkit\4.4.0\lib\net5.0\Xceed.Wpf.Toolkit.NET5.dll". [C:\Users\ultra\warewolf\Dev\Warewolf.Studio.Views\Warewolf.Studio.Views.csproj]
C:\Program Files\dotnet\sdk\10.0.201\Microsoft.Common.CurrentVersion.targets(2451,5): warning MSB3277:             C:\Users\ultra\.nuget\packages\extended.wpf.toolkit\4.4.0\lib\net5.0\Xceed.Wpf.Toolkit.NET5.dll [C:\Users\ultra\warewolf\Dev\Warewolf.Studio.Views\Warewolf.Studio.Views.csproj]
C:\Program Files\dotnet\sdk\10.0.201\Microsoft.Common.CurrentVersion.targets(2451,5): warning MSB3277:         C:\Users\ultra\.nuget\packages\ironpython\3.4.0\lib\net6.0\IronPython.Wpf.dll [C:\Users\ultra\warewolf\Dev\Warewolf.Studio.Views\Warewolf.Studio.Views.csproj]
C:\Program Files\dotnet\sdk\10.0.201\Microsoft.Common.CurrentVersion.targets(2451,5): warning MSB3277:           Project file item includes which caused reference "C:\Users\ultra\.nuget\packages\ironpython\3.4.0\lib\net6.0\IronPython.Wpf.dll". [C:\Users\ultra\warewolf\Dev\Warewolf.Studio.Views\Warewolf.Studio.Views.csproj]
C:\Program Files\dotnet\sdk\10.0.201\Microsoft.Common.CurrentVersion.targets(2451,5): warning MSB3277:             C:\Users\ultra\.nuget\packages\ironpython\3.4.0\lib\net6.0\IronPython.Wpf.dll [C:\Users\ultra\warewolf\Dev\Warewolf.Studio.Views\Warewolf.Studio.Views.csproj]
C:\Program Files\dotnet\sdk\10.0.201\Microsoft.Common.CurrentVersion.targets(2451,5): warning MSB3277:         C:\Users\ultra\.nuget\packages\microsoft.xaml.behaviors.wpf\1.1.122\lib\net462\Microsoft.Xaml.Behaviors.dll [C:\Users\ultra\warewolf\Dev\Warewolf.Studio.Views\Warewolf.Studio.Views.csproj]
C:\Program Files\dotnet\sdk\10.0.201\Microsoft.Common.CurrentVersion.targets(2451,5): warning MSB3277:           Project file item includes which caused reference "C:\Users\ultra\.nuget\packages\microsoft.xaml.behaviors.wpf\1.1.122\lib\net462\Microsoft.Xaml.Behaviors.dll". [C:\Users\ultra\warewolf\Dev\Warewolf.Studio.Views\Warewolf.Studio.Views.csproj]
C:\Program Files\dotnet\sdk\10.0.201\Microsoft.Common.CurrentVersion.targets(2451,5): warning MSB3277:             C:\Users\ultra\.nuget\packages\microsoft.xaml.behaviors.wpf\1.1.122\lib\net462\Microsoft.Xaml.Behaviors.dll [C:\Users\ultra\warewolf\Dev\Warewolf.Studio.Views\Warewolf.Studio.Views.csproj]
C:\Program Files\dotnet\sdk\10.0.201\Microsoft.Common.CurrentVersion.targets(2451,5): warning MSB3277:             C:\Users\ultra\.nuget\packages\caliburn.micro\4.0.212\lib\netcoreapp3.1\Caliburn.Micro.Platform.dll [C:\Users\ultra\warewolf\Dev\Warewolf.Studio.Views\Warewolf.Studio.Views.csproj]
C:\Program Files\dotnet\sdk\10.0.201\Microsoft.Common.CurrentVersion.targets(2451,5): warning MSB3277:             C:\Users\ultra\.nuget\packages\prism.wpf\9.0.537\lib\net462\Prism.Wpf.dll [C:\Users\ultra\warewolf\Dev\Warewolf.Studio.Views\Warewolf.Studio.Views.csproj]
C:\Program Files\dotnet\sdk\10.0.201\Microsoft.Common.CurrentVersion.targets(2451,5): warning MSB3277:         C:\Users\ultra\.nuget\packages\prism.wpf\9.0.537\lib\net462\Prism.Wpf.dll [C:\Users\ultra\warewolf\Dev\Warewolf.Studio.Views\Warewolf.Studio.Views.csproj]
C:\Program Files\dotnet\sdk\10.0.201\Microsoft.Common.CurrentVersion.targets(2451,5): warning MSB3277:           Project file item includes which caused reference "C:\Users\ultra\.nuget\packages\prism.wpf\9.0.537\lib\net462\Prism.Wpf.dll". [C:\Users\ultra\warewolf\Dev\Warewolf.Studio.Views\Warewolf.Studio.Views.csproj]
C:\Program Files\dotnet\sdk\10.0.201\Microsoft.Common.CurrentVersion.targets(2451,5): warning MSB3277:             C:\Users\ultra\.nuget\packages\prism.wpf\9.0.537\lib\net462\Prism.Wpf.dll [C:\Users\ultra\warewolf\Dev\Warewolf.Studio.Views\Warewolf.Studio.Views.csproj]
C:\Program Files\dotnet\sdk\10.0.201\Microsoft.Common.CurrentVersion.targets(2451,5): warning MSB3277:         C:\Users\ultra\.nuget\packages\reactiveui.wpf\18.4.1\lib\net462\ReactiveUI.Wpf.dll [C:\Users\ultra\warewolf\Dev\Warewolf.Studio.Views\Warewolf.Studio.Views.csproj]
C:\Program Files\dotnet\sdk\10.0.201\Microsoft.Common.CurrentVersion.targets(2451,5): warning MSB3277:           Project file item includes which caused reference "C:\Users\ultra\.nuget\packages\reactiveui.wpf\18.4.1\lib\net462\ReactiveUI.Wpf.dll". [C:\Users\ultra\warewolf\Dev\Warewolf.Studio.Views\Warewolf.Studio.Views.csproj]
C:\Program Files\dotnet\sdk\10.0.201\Microsoft.Common.CurrentVersion.targets(2451,5): warning MSB3277:             C:\Users\ultra\.nuget\packages\reactiveui.wpf\18.4.1\lib\net462\ReactiveUI.Wpf.dll [C:\Users\ultra\warewolf\Dev\Warewolf.Studio.Views\Warewolf.Studio.Views.csproj]
C:\Program Files\dotnet\sdk\10.0.201\Microsoft.Common.CurrentVersion.targets(2451,5): warning MSB3277:         C:\Users\ultra\warewolf\Dev\Binaries\Infragistcs_Net6\InfragisticsWPF4.Undo.v15.1.dll [C:\Users\ultra\warewolf\Dev\Warewolf.Studio.Views\Warewolf.Studio.Views.csproj]
C:\Program Files\dotnet\sdk\10.0.201\Microsoft.Common.CurrentVersion.targets(2451,5): warning MSB3277:           Project file item includes which caused reference "C:\Users\ultra\warewolf\Dev\Binaries\Infragistcs_Net6\InfragisticsWPF4.Undo.v15.1.dll". [C:\Users\ultra\warewolf\Dev\Warewolf.Studio.Views\Warewolf.Studio.Views.csproj]
C:\Program Files\dotnet\sdk\10.0.201\Microsoft.Common.CurrentVersion.targets(2451,5): warning MSB3277:             InfragisticsWPF4.Controls.Editors.XamRichTextEditor.v15.1 [C:\Users\ultra\warewolf\Dev\Warewolf.Studio.Views\Warewolf.Studio.Views.csproj]
C:\Program Files\dotnet\sdk\10.0.201\Microsoft.Common.CurrentVersion.targets(2451,5): warning MSB3277:             InfragisticsWPF4.Documents.RichTextDocument.v15.1 [C:\Users\ultra\warewolf\Dev\Warewolf.Studio.Views\Warewolf.Studio.Views.csproj]
C:\Program Files\dotnet\sdk\10.0.201\Microsoft.Common.CurrentVersion.targets(2451,5): warning MSB3277:             InfragisticsWPF4.Documents.RichTextDocument.Html.v15.1 [C:\Users\ultra\warewolf\Dev\Warewolf.Studio.Views\Warewolf.Studio.Views.csproj]
C:\Program Files\dotnet\sdk\10.0.201\Microsoft.Common.CurrentVersion.targets(2451,5): warning MSB3277: Found conflicts between different versions of "System.IO.Packaging" that could not be resolved. [C:\Users\ultra\warewolf\Dev\Warewolf.Studio.Views\Warewolf.Studio.Views.csproj]
C:\Program Files\dotnet\sdk\10.0.201\Microsoft.Common.CurrentVersion.targets(2451,5): warning MSB3277: There was a conflict between "System.IO.Packaging, Version=6.0.0.0, Culture=neutral, PublicKeyToken=b03f5f7f11d50a3a" and "System.IO.Packaging, Version=7.0.0.0, Culture=neutral, PublicKeyToken=b03f5f7f11d50a3a". [C:\Users\ultra\warewolf\Dev\Warewolf.Studio.Views\Warewolf.Studio.Views.csproj]
C:\Program Files\dotnet\sdk\10.0.201\Microsoft.Common.CurrentVersion.targets(2451,5): warning MSB3277:     "System.IO.Packaging, Version=6.0.0.0, Culture=neutral, PublicKeyToken=b03f5f7f11d50a3a" was chosen because it was primary and "System.IO.Packaging, Version=7.0.0.0, Culture=neutral, PublicKeyToken=b03f5f7f11d50a3a" was not. [C:\Users\ultra\warewolf\Dev\Warewolf.Studio.Views\Warewolf.Studio.Views.csproj]
C:\Program Files\dotnet\sdk\10.0.201\Microsoft.Common.CurrentVersion.targets(2451,5): warning MSB3277:     References which depend on "System.IO.Packaging, Version=6.0.0.0, Culture=neutral, PublicKeyToken=b03f5f7f11d50a3a" [C:\Users\ultra\.nuget\packages\system.io.packaging\6.0.0\lib\net6.0\System.IO.Packaging.dll]. [C:\Users\ultra\warewolf\Dev\Warewolf.Studio.Views\Warewolf.Studio.Views.csproj]
C:\Program Files\dotnet\sdk\10.0.201\Microsoft.Common.CurrentVersion.targets(2451,5): warning MSB3277:         C:\Users\ultra\.nuget\packages\system.io.packaging\6.0.0\lib\net6.0\System.IO.Packaging.dll [C:\Users\ultra\warewolf\Dev\Warewolf.Studio.Views\Warewolf.Studio.Views.csproj]
C:\Program Files\dotnet\sdk\10.0.201\Microsoft.Common.CurrentVersion.targets(2451,5): warning MSB3277:           Project file item includes which caused reference "C:\Users\ultra\.nuget\packages\system.io.packaging\6.0.0\lib\net6.0\System.IO.Packaging.dll". [C:\Users\ultra\warewolf\Dev\Warewolf.Studio.Views\Warewolf.Studio.Views.csproj]
C:\Program Files\dotnet\sdk\10.0.201\Microsoft.Common.CurrentVersion.targets(2451,5): warning MSB3277:             C:\Users\ultra\.nuget\packages\system.io.packaging\6.0.0\lib\net6.0\System.IO.Packaging.dll [C:\Users\ultra\warewolf\Dev\Warewolf.Studio.Views\Warewolf.Studio.Views.csproj]
C:\Program Files\dotnet\sdk\10.0.201\Microsoft.Common.CurrentVersion.targets(2451,5): warning MSB3277:     References which depend on or have been unified to "System.IO.Packaging, Version=7.0.0.0, Culture=neutral, PublicKeyToken=b03f5f7f11d50a3a" []. [C:\Users\ultra\warewolf\Dev\Warewolf.Studio.Views\Warewolf.Studio.Views.csproj]
C:\Program Files\dotnet\sdk\10.0.201\Microsoft.Common.CurrentVersion.targets(2451,5): warning MSB3277:         C:\Users\ultra\warewolf\Dev\Binaries\Infragistcs_Net6\InfragisticsWPF4.Documents.RichTextDocument.v15.1.dll [C:\Users\ultra\warewolf\Dev\Warewolf.Studio.Views\Warewolf.Studio.Views.csproj]
C:\Program Files\dotnet\sdk\10.0.201\Microsoft.Common.CurrentVersion.targets(2451,5): warning MSB3277:           Project file item includes which caused reference "C:\Users\ultra\warewolf\Dev\Binaries\Infragistcs_Net6\InfragisticsWPF4.Documents.RichTextDocument.v15.1.dll". [C:\Users\ultra\warewolf\Dev\Warewolf.Studio.Views\Warewolf.Studio.Views.csproj]
C:\Program Files\dotnet\sdk\10.0.201\Microsoft.Common.CurrentVersion.targets(2451,5): warning MSB3277:             InfragisticsWPF4.Documents.RichTextDocument.v15.1 [C:\Users\ultra\warewolf\Dev\Warewolf.Studio.Views\Warewolf.Studio.Views.csproj]
C:\Program Files\dotnet\sdk\10.0.201\Microsoft.Common.CurrentVersion.targets(2451,5): warning MSB3277:             InfragisticsWPF4.Controls.Editors.XamRichTextEditor.v15.1 [C:\Users\ultra\warewolf\Dev\Warewolf.Studio.Views\Warewolf.Studio.Views.csproj]
C:\Program Files\dotnet\sdk\10.0.201\Microsoft.Common.CurrentVersion.targets(2451,5): warning MSB3277:             InfragisticsWPF4.Documents.RichTextDocument.Html.v15.1 [C:\Users\ultra\warewolf\Dev\Warewolf.Studio.Views\Warewolf.Studio.Views.csproj]
C:\Program Files\dotnet\sdk\10.0.201\Microsoft.Common.CurrentVersion.targets(2451,5): warning MSB3277:         C:\Program Files\dotnet\packs\Microsoft.NETCore.App.Ref\8.0.25\ref\net8.0\WindowsBase.dll [C:\Users\ultra\warewolf\Dev\Warewolf.Studio.Views\Warewolf.Studio.Views.csproj]
C:\Program Files\dotnet\sdk\10.0.201\Microsoft.Common.CurrentVersion.targets(2451,5): warning MSB3277:           Project file item includes which caused reference "C:\Program Files\dotnet\packs\Microsoft.NETCore.App.Ref\8.0.25\ref\net8.0\WindowsBase.dll". [C:\Users\ultra\warewolf\Dev\Warewolf.Studio.Views\Warewolf.Studio.Views.csproj]
C:\Program Files\dotnet\sdk\10.0.201\Microsoft.Common.CurrentVersion.targets(2451,5): warning MSB3277:             C:\Program Files\dotnet\packs\Microsoft.NETCore.App.Ref\8.0.25\ref/net8.0/WindowsBase.dll [C:\Users\ultra\warewolf\Dev\Warewolf.Studio.Views\Warewolf.Studio.Views.csproj]
C:\Program Files\dotnet\sdk\10.0.201\Microsoft.Common.CurrentVersion.targets(2451,5): warning MSB3277:         C:\Users\ultra\warewolf\Dev\Binaries\Infragistcs_Net6\InfragisticsWPF4.Documents.Core.v15.1.dll [C:\Users\ultra\warewolf\Dev\Warewolf.Studio.Views\Warewolf.Studio.Views.csproj]
C:\Program Files\dotnet\sdk\10.0.201\Microsoft.Common.CurrentVersion.targets(2451,5): warning MSB3277:           Project file item includes which caused reference "C:\Users\ultra\warewolf\Dev\Binaries\Infragistcs_Net6\InfragisticsWPF4.Documents.Core.v15.1.dll". [C:\Users\ultra\warewolf\Dev\Warewolf.Studio.Views\Warewolf.Studio.Views.csproj]
C:\Program Files\dotnet\sdk\10.0.201\Microsoft.Common.CurrentVersion.targets(2451,5): warning MSB3277:             InfragisticsWPF4.Documents.RichTextDocument.Html.v15.1 [C:\Users\ultra\warewolf\Dev\Warewolf.Studio.Views\Warewolf.Studio.Views.csproj]
C:\Program Files\dotnet\sdk\10.0.201\Microsoft.Common.CurrentVersion.targets(2451,5): warning MSB3277: Found conflicts between different versions of "System.Windows.Extensions" that could not be resolved. [C:\Users\ultra\warewolf\Dev\Warewolf.Studio.Views\Warewolf.Studio.Views.csproj]
C:\Program Files\dotnet\sdk\10.0.201\Microsoft.Common.CurrentVersion.targets(2451,5): warning MSB3277: There was a conflict between "System.Windows.Extensions, Version=6.0.0.0, Culture=neutral, PublicKeyToken=cc7b13ffcd2ddd51" and "System.Windows.Extensions, Version=7.0.0.0, Culture=neutral, PublicKeyToken=cc7b13ffcd2ddd51". [C:\Users\ultra\warewolf\Dev\Warewolf.Studio.Views\Warewolf.Studio.Views.csproj]
C:\Program Files\dotnet\sdk\10.0.201\Microsoft.Common.CurrentVersion.targets(2451,5): warning MSB3277:     "System.Windows.Extensions, Version=6.0.0.0, Culture=neutral, PublicKeyToken=cc7b13ffcd2ddd51" was chosen because it was primary and "System.Windows.Extensions, Version=7.0.0.0, Culture=neutral, PublicKeyToken=cc7b13ffcd2ddd51" was not. [C:\Users\ultra\warewolf\Dev\Warewolf.Studio.Views\Warewolf.Studio.Views.csproj]
C:\Program Files\dotnet\sdk\10.0.201\Microsoft.Common.CurrentVersion.targets(2451,5): warning MSB3277:     References which depend on "System.Windows.Extensions, Version=6.0.0.0, Culture=neutral, PublicKeyToken=cc7b13ffcd2ddd51" [C:\Users\ultra\.nuget\packages\system.windows.extensions\6.0.0\lib\net6.0\System.Windows.Extensions.dll]. [C:\Users\ultra\warewolf\Dev\Warewolf.Studio.Views\Warewolf.Studio.Views.csproj]
C:\Program Files\dotnet\sdk\10.0.201\Microsoft.Common.CurrentVersion.targets(2451,5): warning MSB3277:         C:\Users\ultra\.nuget\packages\system.windows.extensions\6.0.0\lib\net6.0\System.Windows.Extensions.dll [C:\Users\ultra\warewolf\Dev\Warewolf.Studio.Views\Warewolf.Studio.Views.csproj]
C:\Program Files\dotnet\sdk\10.0.201\Microsoft.Common.CurrentVersion.targets(2451,5): warning MSB3277:           Project file item includes which caused reference "C:\Users\ultra\.nuget\packages\system.windows.extensions\6.0.0\lib\net6.0\System.Windows.Extensions.dll". [C:\Users\ultra\warewolf\Dev\Warewolf.Studio.Views\Warewolf.Studio.Views.csproj]
C:\Program Files\dotnet\sdk\10.0.201\Microsoft.Common.CurrentVersion.targets(2451,5): warning MSB3277:             C:\Users\ultra\.nuget\packages\system.windows.extensions\6.0.0\lib\net6.0\System.Windows.Extensions.dll [C:\Users\ultra\warewolf\Dev\Warewolf.Studio.Views\Warewolf.Studio.Views.csproj]
C:\Program Files\dotnet\sdk\10.0.201\Microsoft.Common.CurrentVersion.targets(2451,5): warning MSB3277:     References which depend on or have been unified to "System.Windows.Extensions, Version=7.0.0.0, Culture=neutral, PublicKeyToken=cc7b13ffcd2ddd51" []. [C:\Users\ultra\warewolf\Dev\Warewolf.Studio.Views\Warewolf.Studio.Views.csproj]
C:\Program Files\dotnet\sdk\10.0.201\Microsoft.Common.CurrentVersion.targets(2451,5): warning MSB3277:         C:\Users\ultra\warewolf\Dev\Binaries\Infragistcs_Net6\InfragisticsWPF4.Editors.v15.1.dll [C:\Users\ultra\warewolf\Dev\Warewolf.Studio.Views\Warewolf.Studio.Views.csproj]
C:\Program Files\dotnet\sdk\10.0.201\Microsoft.Common.CurrentVersion.targets(2451,5): warning MSB3277:           Project file item includes which caused reference "C:\Users\ultra\warewolf\Dev\Binaries\Infragistcs_Net6\InfragisticsWPF4.Editors.v15.1.dll". [C:\Users\ultra\warewolf\Dev\Warewolf.Studio.Views\Warewolf.Studio.Views.csproj]
C:\Program Files\dotnet\sdk\10.0.201\Microsoft.Common.CurrentVersion.targets(2451,5): warning MSB3277:             InfragisticsWPF4.Editors.v15.1 [C:\Users\ultra\warewolf\Dev\Warewolf.Studio.Views\Warewolf.Studio.Views.csproj]
C:\Program Files\dotnet\sdk\10.0.201\Microsoft.Common.CurrentVersion.targets(2451,5): warning MSB3277:         C:\Users\ultra\.nuget\packages\extended.wpf.toolkit\4.4.0\lib\net5.0\Xceed.Wpf.Toolkit.NET5.dll [C:\Users\ultra\warewolf\Dev\Warewolf.Studio.Views\Warewolf.Studio.Views.csproj]
C:\Program Files\dotnet\sdk\10.0.201\Microsoft.Common.CurrentVersion.targets(2451,5): warning MSB3277:           Project file item includes which caused reference "C:\Users\ultra\.nuget\packages\extended.wpf.toolkit\4.4.0\lib\net5.0\Xceed.Wpf.Toolkit.NET5.dll". [C:\Users\ultra\warewolf\Dev\Warewolf.Studio.Views\Warewolf.Studio.Views.csproj]
C:\Program Files\dotnet\sdk\10.0.201\Microsoft.Common.CurrentVersion.targets(2451,5): warning MSB3277:             C:\Users\ultra\.nuget\packages\extended.wpf.toolkit\4.4.0\lib\net5.0\Xceed.Wpf.Toolkit.NET5.dll [C:\Users\ultra\warewolf\Dev\Warewolf.Studio.Views\Warewolf.Studio.Views.csproj]
C:\Program Files\dotnet\sdk\10.0.201\Microsoft.Common.CurrentVersion.targets(2451,5): warning MSB3277:         C:\Users\ultra\.nuget\packages\system.security.permissions\6.0.0\lib\net6.0\System.Security.Permissions.dll [C:\Users\ultra\warewolf\Dev\Warewolf.Studio.Views\Warewolf.Studio.Views.csproj]
C:\Program Files\dotnet\sdk\10.0.201\Microsoft.Common.CurrentVersion.targets(2451,5): warning MSB3277:           Project file item includes which caused reference "C:\Users\ultra\.nuget\packages\system.security.permissions\6.0.0\lib\net6.0\System.Security.Permissions.dll". [C:\Users\ultra\warewolf\Dev\Warewolf.Studio.Views\Warewolf.Studio.Views.csproj]
C:\Program Files\dotnet\sdk\10.0.201\Microsoft.Common.CurrentVersion.targets(2451,5): warning MSB3277:             C:\Users\ultra\.nuget\packages\system.security.permissions\6.0.0\lib\net6.0\System.Security.Permissions.dll [C:\Users\ultra\warewolf\Dev\Warewolf.Studio.Views\Warewolf.Studio.Views.csproj]
C:\Program Files\dotnet\sdk\10.0.201\Microsoft.Common.CurrentVersion.targets(2451,5): warning MSB3277:         C:\Program Files\dotnet\packs\Microsoft.NETCore.App.Ref\8.0.25\ref\net8.0\System.Security.dll [C:\Users\ultra\warewolf\Dev\Warewolf.Studio.Views\Warewolf.Studio.Views.csproj]
C:\Program Files\dotnet\sdk\10.0.201\Microsoft.Common.CurrentVersion.targets(2451,5): warning MSB3277:           Project file item includes which caused reference "C:\Program Files\dotnet\packs\Microsoft.NETCore.App.Ref\8.0.25\ref\net8.0\System.Security.dll". [C:\Users\ultra\warewolf\Dev\Warewolf.Studio.Views\Warewolf.Studio.Views.csproj]
C:\Program Files\dotnet\sdk\10.0.201\Microsoft.Common.CurrentVersion.targets(2451,5): warning MSB3277:             C:\Program Files\dotnet\packs\Microsoft.NETCore.App.Ref\8.0.25\ref/net8.0/System.Security.dll [C:\Users\ultra\warewolf\Dev\Warewolf.Studio.Views\Warewolf.Studio.Views.csproj]
C:\Program Files\dotnet\sdk\10.0.201\Microsoft.Common.CurrentVersion.targets(2451,5): warning MSB3277:         C:\Program Files\dotnet\packs\Microsoft.NETCore.App.Ref\8.0.25\ref\net8.0\System.dll [C:\Users\ultra\warewolf\Dev\Warewolf.Studio.Views\Warewolf.Studio.Views.csproj]
C:\Program Files\dotnet\sdk\10.0.201\Microsoft.Common.CurrentVersion.targets(2451,5): warning MSB3277:           Project file item includes which caused reference "C:\Program Files\dotnet\packs\Microsoft.NETCore.App.Ref\8.0.25\ref\net8.0\System.dll". [C:\Users\ultra\warewolf\Dev\Warewolf.Studio.Views\Warewolf.Studio.Views.csproj]
C:\Program Files\dotnet\sdk\10.0.201\Microsoft.Common.CurrentVersion.targets(2451,5): warning MSB3277:             C:\Program Files\dotnet\packs\Microsoft.NETCore.App.Ref\8.0.25\ref/net8.0/System.dll [C:\Users\ultra\warewolf\Dev\Warewolf.Studio.Views\Warewolf.Studio.Views.csproj]
C:\Program Files\dotnet\sdk\10.0.201\Microsoft.Common.CurrentVersion.targets(2451,5): warning MSB3277:             C:\Users\ultra\.nuget\packages\aerowizard\2.3.1\lib\net45\AeroWizard.dll [C:\Users\ultra\warewolf\Dev\Warewolf.Studio.Views\Warewolf.Studio.Views.csproj]
C:\Program Files\dotnet\sdk\10.0.201\Microsoft.Common.CurrentVersion.targets(2451,5): warning MSB3277:             C:\Users\ultra\.nuget\packages\groupcontrols\1.9.0\lib\net45\GroupControls.dll [C:\Users\ultra\warewolf\Dev\Warewolf.Studio.Views\Warewolf.Studio.Views.csproj]
C:\Program Files\dotnet\sdk\10.0.201\Microsoft.Common.CurrentVersion.targets(2451,5): warning MSB3277:             C:\Users\ultra\.nuget\packages\microsoft.xaml.behaviors.wpf\1.1.122\lib\net462\Microsoft.Xaml.Behaviors.dll [C:\Users\ultra\warewolf\Dev\Warewolf.Studio.Views\Warewolf.Studio.Views.csproj]
C:\Program Files\dotnet\sdk\10.0.201\Microsoft.Common.CurrentVersion.targets(2451,5): warning MSB3277:             C:\Users\ultra\.nuget\packages\caliburn.micro\4.0.212\lib\netcoreapp3.1\Caliburn.Micro.Platform.dll [C:\Users\ultra\warewolf\Dev\Warewolf.Studio.Views\Warewolf.Studio.Views.csproj]
C:\Program Files\dotnet\sdk\10.0.201\Microsoft.Common.CurrentVersion.targets(2451,5): warning MSB3277:             C:\Users\ultra\.nuget\packages\prism.wpf\9.0.537\lib\net462\Prism.Wpf.dll [C:\Users\ultra\warewolf\Dev\Warewolf.Studio.Views\Warewolf.Studio.Views.csproj]
C:\Program Files\dotnet\sdk\10.0.201\Microsoft.Common.CurrentVersion.targets(2451,5): warning MSB3277:             C:\Users\ultra\.nuget\packages\reactiveui.wpf\18.4.1\lib\net462\ReactiveUI.Wpf.dll [C:\Users\ultra\warewolf\Dev\Warewolf.Studio.Views\Warewolf.Studio.Views.csproj]
C:\Program Files\dotnet\sdk\10.0.201\Microsoft.Common.CurrentVersion.targets(2451,5): warning MSB3277:             C:\Users\ultra\.nuget\packages\taskschedulereditor\2.10.1\lib\net452\Microsoft.Win32.TaskSchedulerEditor.dll [C:\Users\ultra\warewolf\Dev\Warewolf.Studio.Views\Warewolf.Studio.Views.csproj]
C:\Program Files\dotnet\sdk\10.0.201\Microsoft.Common.CurrentVersion.targets(2451,5): warning MSB3277:             C:\Users\ultra\.nuget\packages\ttcue.netcore.sharepointonline.csom.16.1.8029.1200\16.1.8029.1200\lib\netcoreapp2.0\Microsoft.SharePoint.Client.Runtime.Windows.dll [C:\Users\ultra\warewolf\Dev\Warewolf.Studio.Views\Warewolf.Studio.Views.csproj]
  Consider app.config remapping of assembly "System.Data.SQLite, Culture=neutral, PublicKeyToken=db937bc2d44ff139" from Version "1.0.117.0" [] to Version "1.0.118.0" [C:\Users\ultra\.nuget\packages\stub.system.data.sqlite.core.netstandard\1.0.118\lib\netstandard2.1\System.Data.SQLite.dll] to solve conflict and get rid of warning.
C:\Program Files\dotnet\sdk\10.0.201\Microsoft.CSharp.CurrentVersion.targets(130,9): warning MSB3884: Could not find rule set file "..\.sonarlint\warewolf_dotnet_frameworkcsharp.ruleset". [C:\Users\ultra\warewolf\Dev\Warewolf.Studio.Views\Warewolf.Studio.Views.csproj]
  Warewolf.Studio.Views -> C:\Users\ultra\warewolf\Dev\Warewolf.Studio.Views\bin\Debug\net8.0\Warewolf.Studio.Views.dll
C:\Program Files\dotnet\sdk\10.0.201\Microsoft.Common.CurrentVersion.targets(2451,5): warning MSB3277: Found conflicts between different versions of "Microsoft.Win32.SystemEvents" that could not be resolved. [C:\Users\ultra\warewolf\Dev\Dev2.Studio\Dev2.Studio.csproj]
C:\Program Files\dotnet\sdk\10.0.201\Microsoft.Common.CurrentVersion.targets(2451,5): warning MSB3277: There was a conflict between "Microsoft.Win32.SystemEvents, Version=6.0.0.0, Culture=neutral, PublicKeyToken=cc7b13ffcd2ddd51" and "Microsoft.Win32.SystemEvents, Version=7.0.0.0, Culture=neutral, PublicKeyToken=cc7b13ffcd2ddd51". [C:\Users\ultra\warewolf\Dev\Dev2.Studio\Dev2.Studio.csproj]
C:\Program Files\dotnet\sdk\10.0.201\Microsoft.Common.CurrentVersion.targets(2451,5): warning MSB3277:     "Microsoft.Win32.SystemEvents, Version=6.0.0.0, Culture=neutral, PublicKeyToken=cc7b13ffcd2ddd51" was chosen because it was primary and "Microsoft.Win32.SystemEvents, Version=7.0.0.0, Culture=neutral, PublicKeyToken=cc7b13ffcd2ddd51" was not. [C:\Users\ultra\warewolf\Dev\Dev2.Studio\Dev2.Studio.csproj]
C:\Program Files\dotnet\sdk\10.0.201\Microsoft.Common.CurrentVersion.targets(2451,5): warning MSB3277:     References which depend on "Microsoft.Win32.SystemEvents, Version=6.0.0.0, Culture=neutral, PublicKeyToken=cc7b13ffcd2ddd51" [C:\Users\ultra\.nuget\packages\microsoft.win32.systemevents\6.0.0\lib\net6.0\Microsoft.Win32.SystemEvents.dll]. [C:\Users\ultra\warewolf\Dev\Dev2.Studio\Dev2.Studio.csproj]
C:\Program Files\dotnet\sdk\10.0.201\Microsoft.Common.CurrentVersion.targets(2451,5): warning MSB3277:         C:\Users\ultra\.nuget\packages\microsoft.win32.systemevents\6.0.0\lib\net6.0\Microsoft.Win32.SystemEvents.dll [C:\Users\ultra\warewolf\Dev\Dev2.Studio\Dev2.Studio.csproj]
C:\Program Files\dotnet\sdk\10.0.201\Microsoft.Common.CurrentVersion.targets(2451,5): warning MSB3277:           Project file item includes which caused reference "C:\Users\ultra\.nuget\packages\microsoft.win32.systemevents\6.0.0\lib\net6.0\Microsoft.Win32.SystemEvents.dll". [C:\Users\ultra\warewolf\Dev\Dev2.Studio\Dev2.Studio.csproj]
C:\Program Files\dotnet\sdk\10.0.201\Microsoft.Common.CurrentVersion.targets(2451,5): warning MSB3277:             C:\Users\ultra\.nuget\packages\microsoft.win32.systemevents\6.0.0\lib\net6.0\Microsoft.Win32.SystemEvents.dll [C:\Users\ultra\warewolf\Dev\Dev2.Studio\Dev2.Studio.csproj]
C:\Program Files\dotnet\sdk\10.0.201\Microsoft.Common.CurrentVersion.targets(2451,5): warning MSB3277:     References which depend on or have been unified to "Microsoft.Win32.SystemEvents, Version=7.0.0.0, Culture=neutral, PublicKeyToken=cc7b13ffcd2ddd51" []. [C:\Users\ultra\warewolf\Dev\Dev2.Studio\Dev2.Studio.csproj]
C:\Program Files\dotnet\sdk\10.0.201\Microsoft.Common.CurrentVersion.targets(2451,5): warning MSB3277:         C:\Users\ultra\warewolf\Dev\Dev2.Common\bin\Debug\net8.0\Dev2.Common.dll [C:\Users\ultra\warewolf\Dev\Dev2.Studio\Dev2.Studio.csproj]
C:\Program Files\dotnet\sdk\10.0.201\Microsoft.Common.CurrentVersion.targets(2451,5): warning MSB3277:           Project file item includes which caused reference "C:\Users\ultra\warewolf\Dev\Dev2.Common\bin\Debug\net8.0\Dev2.Common.dll". [C:\Users\ultra\warewolf\Dev\Dev2.Studio\Dev2.Studio.csproj]
C:\Program Files\dotnet\sdk\10.0.201\Microsoft.Common.CurrentVersion.targets(2451,5): warning MSB3277:             C:\Users\ultra\warewolf\Dev\Dev2.Common\bin\Debug\net8.0\Dev2.Common.dll [C:\Users\ultra\warewolf\Dev\Dev2.Studio\Dev2.Studio.csproj]
C:\Program Files\dotnet\sdk\10.0.201\Microsoft.Common.CurrentVersion.targets(2451,5): warning MSB3277:             C:\Users\ultra\warewolf\Dev\Dev2.Activities\bin\Debug\net8.0\Dev2.Activities.dll [C:\Users\ultra\warewolf\Dev\Dev2.Studio\Dev2.Studio.csproj]
C:\Program Files\dotnet\sdk\10.0.201\Microsoft.Common.CurrentVersion.targets(2451,5): warning MSB3277:             C:\Users\ultra\warewolf\Dev\Dev2.Core\bin\Debug\net8.0\Dev2.Core.dll [C:\Users\ultra\warewolf\Dev\Dev2.Studio\Dev2.Studio.csproj]
C:\Program Files\dotnet\sdk\10.0.201\Microsoft.Common.CurrentVersion.targets(2451,5): warning MSB3277:             C:\Users\ultra\warewolf\Dev\Dev2.Data\bin\Debug\net8.0\Dev2.Data.dll [C:\Users\ultra\warewolf\Dev\Dev2.Studio\Dev2.Studio.csproj]
C:\Program Files\dotnet\sdk\10.0.201\Microsoft.Common.CurrentVersion.targets(2451,5): warning MSB3277:             C:\Users\ultra\warewolf\Dev\Dev2.Diagnostics\bin\Debug\net8.0\Dev2.Diagnostics.dll [C:\Users\ultra\warewolf\Dev\Dev2.Studio\Dev2.Studio.csproj]
C:\Program Files\dotnet\sdk\10.0.201\Microsoft.Common.CurrentVersion.targets(2451,5): warning MSB3277:             C:\Users\ultra\warewolf\Dev\Dev2.Infrastructure\bin\Debug\net8.0\Dev2.Infrastructure.dll [C:\Users\ultra\warewolf\Dev\Dev2.Studio\Dev2.Studio.csproj]
C:\Program Files\dotnet\sdk\10.0.201\Microsoft.Common.CurrentVersion.targets(2451,5): warning MSB3277:             C:\Users\ultra\warewolf\Dev\Dev2.Intellisense\bin\Debug\net8.0\Dev2.Intellisense.dll [C:\Users\ultra\warewolf\Dev\Dev2.Studio\Dev2.Studio.csproj]
C:\Program Files\dotnet\sdk\10.0.201\Microsoft.Common.CurrentVersion.targets(2451,5): warning MSB3277:             C:\Users\ultra\warewolf\Dev\Dev2.Scheduler\bin\Debug\net8.0\Dev2.Scheduler.dll [C:\Users\ultra\warewolf\Dev\Dev2.Studio\Dev2.Studio.csproj]
C:\Program Files\dotnet\sdk\10.0.201\Microsoft.Common.CurrentVersion.targets(2451,5): warning MSB3277:             C:\Users\ultra\warewolf\Dev\Dev2.Services.Execution\bin\Debug\net8.0\Dev2.Services.Execution.dll [C:\Users\ultra\warewolf\Dev\Dev2.Studio\Dev2.Studio.csproj]
C:\Program Files\dotnet\sdk\10.0.201\Microsoft.Common.CurrentVersion.targets(2451,5): warning MSB3277:             C:\Users\ultra\warewolf\Dev\Dev2.Studio.Core\bin\Debug\net8.0\Dev2.Studio.Core.dll [C:\Users\ultra\warewolf\Dev\Dev2.Studio\Dev2.Studio.csproj]
C:\Program Files\dotnet\sdk\10.0.201\Microsoft.Common.CurrentVersion.targets(2451,5): warning MSB3277:             C:\Users\ultra\warewolf\Dev\Dev2.Studio.Interfaces\bin\Debug\net8.0\Dev2.Studio.Interfaces.dll [C:\Users\ultra\warewolf\Dev\Dev2.Studio\Dev2.Studio.csproj]
C:\Program Files\dotnet\sdk\10.0.201\Microsoft.Common.CurrentVersion.targets(2451,5): warning MSB3277:             C:\Users\ultra\warewolf\Dev\Dev2.TaskScheduler.Wrappers\bin\Debug\net8.0\Dev2.TaskScheduler.Wrappers.dll [C:\Users\ultra\warewolf\Dev\Dev2.Studio\Dev2.Studio.csproj]
C:\Program Files\dotnet\sdk\10.0.201\Microsoft.Common.CurrentVersion.targets(2451,5): warning MSB3277:             C:\Users\ultra\warewolf\Dev\Dev2.Util\bin\Debug\net8.0\Dev2.Util.dll [C:\Users\ultra\warewolf\Dev\Dev2.Studio\Dev2.Studio.csproj]
C:\Program Files\dotnet\sdk\10.0.201\Microsoft.Common.CurrentVersion.targets(2451,5): warning MSB3277:             C:\Users\ultra\warewolf\Dev\Warewolf.Core\bin\Debug\net8.0\Warewolf.Core.dll [C:\Users\ultra\warewolf\Dev\Dev2.Studio\Dev2.Studio.csproj]
C:\Program Files\dotnet\sdk\10.0.201\Microsoft.Common.CurrentVersion.targets(2451,5): warning MSB3277:             C:\Users\ultra\warewolf\Dev\Warewolf.ResourceManagement\bin\Debug\net8.0\Warewolf.ResourceManagement.dll [C:\Users\ultra\warewolf\Dev\Dev2.Studio\Dev2.Studio.csproj]
C:\Program Files\dotnet\sdk\10.0.201\Microsoft.Common.CurrentVersion.targets(2451,5): warning MSB3277:             C:\Users\ultra\warewolf\Dev\Warewolf.Sharepoint\bin\Debug\net8.0\Warewolf.Sharepoint.dll [C:\Users\ultra\warewolf\Dev\Dev2.Studio\Dev2.Studio.csproj]
C:\Program Files\dotnet\sdk\10.0.201\Microsoft.Common.CurrentVersion.targets(2451,5): warning MSB3277:             C:\Users\ultra\warewolf\Dev\Warewolf.Storage\bin\Debug\net8.0\Warewolf.Storage.dll [C:\Users\ultra\warewolf\Dev\Dev2.Studio\Dev2.Studio.csproj]
C:\Program Files\dotnet\sdk\10.0.201\Microsoft.Common.CurrentVersion.targets(2451,5): warning MSB3277:             C:\Users\ultra\warewolf\Dev\Warewolf.Studio.Core\bin\Debug\net8.0\Warewolf.Studio.Core.dll [C:\Users\ultra\warewolf\Dev\Dev2.Studio\Dev2.Studio.csproj]
C:\Program Files\dotnet\sdk\10.0.201\Microsoft.Common.CurrentVersion.targets(2451,5): warning MSB3277:             C:\Users\ultra\warewolf\Dev\Warewolf.Studio.Models\bin\Debug\net8.0\Warewolf.Studio.Models.dll [C:\Users\ultra\warewolf\Dev\Dev2.Studio\Dev2.Studio.csproj]
C:\Program Files\dotnet\sdk\10.0.201\Microsoft.Common.CurrentVersion.targets(2451,5): warning MSB3277:             C:\Users\ultra\warewolf\Dev\Warewolf.Studio.CustomControls\bin\Debug\net8.0\Warewolf.Studio.CustomControls.dll [C:\Users\ultra\warewolf\Dev\Dev2.Studio\Dev2.Studio.csproj]
C:\Program Files\dotnet\sdk\10.0.201\Microsoft.Common.CurrentVersion.targets(2451,5): warning MSB3277:             C:\Users\ultra\warewolf\Dev\Warewolf.Studio.ViewModels\bin\Debug\net8.0\Warewolf.Studio.ViewModels.dll [C:\Users\ultra\warewolf\Dev\Dev2.Studio\Dev2.Studio.csproj]
C:\Program Files\dotnet\sdk\10.0.201\Microsoft.Common.CurrentVersion.targets(2451,5): warning MSB3277:             C:\Users\ultra\warewolf\Dev\Warewolf.Trigger.Queue\bin\Debug\net8.0\Warewolf.Trigger.Queue.dll [C:\Users\ultra\warewolf\Dev\Dev2.Studio\Dev2.Studio.csproj]
C:\Program Files\dotnet\sdk\10.0.201\Microsoft.Common.CurrentVersion.targets(2451,5): warning MSB3277:             C:\Users\ultra\warewolf\Dev\Warewolf.UI\bin\Debug\net8.0\Warewolf.UI.dll [C:\Users\ultra\warewolf\Dev\Dev2.Studio\Dev2.Studio.csproj]
C:\Program Files\dotnet\sdk\10.0.201\Microsoft.Common.CurrentVersion.targets(2451,5): warning MSB3277:             C:\Users\ultra\warewolf\Dev\Dev2.Development.Languages\bin\Debug\net8.0\Dev2.Development.Languages.dll [C:\Users\ultra\warewolf\Dev\Dev2.Studio\Dev2.Studio.csproj]
C:\Program Files\dotnet\sdk\10.0.201\Microsoft.Common.CurrentVersion.targets(2451,5): warning MSB3277:             C:\Users\ultra\warewolf\Dev\Dev2.Runtime.Services\bin\Debug\net8.0\Dev2.Runtime.Services.dll [C:\Users\ultra\warewolf\Dev\Dev2.Studio\Dev2.Studio.csproj]
C:\Program Files\dotnet\sdk\10.0.201\Microsoft.Common.CurrentVersion.targets(2451,5): warning MSB3277:             C:\Users\ultra\warewolf\Dev\Dev2.Services.Sql\bin\Debug\net8.0\Dev2.Services.Sql.dll [C:\Users\ultra\warewolf\Dev\Dev2.Studio\Dev2.Studio.csproj]
C:\Program Files\dotnet\sdk\10.0.201\Microsoft.Common.CurrentVersion.targets(2451,5): warning MSB3277:             C:\Users\ultra\warewolf\Dev\Warewolf.AI.Harness\bin\Debug\net8.0\Warewolf.AI.Harness.dll [C:\Users\ultra\warewolf\Dev\Dev2.Studio\Dev2.Studio.csproj]
C:\Program Files\dotnet\sdk\10.0.201\Microsoft.Common.CurrentVersion.targets(2451,5): warning MSB3277:             C:\Users\ultra\warewolf\Dev\Warewolf.Auditing\bin\Debug\net8.0\Warewolf.Auditing.dll [C:\Users\ultra\warewolf\Dev\Dev2.Studio\Dev2.Studio.csproj]
C:\Program Files\dotnet\sdk\10.0.201\Microsoft.Common.CurrentVersion.targets(2451,5): warning MSB3277:             C:\Users\ultra\warewolf\Dev\Warewolf.Common.NetStandard20\bin\Debug\net8.0\Warewolf.Common.NetStandard20.dll [C:\Users\ultra\warewolf\Dev\Dev2.Studio\Dev2.Studio.csproj]
C:\Program Files\dotnet\sdk\10.0.201\Microsoft.Common.CurrentVersion.targets(2451,5): warning MSB3277:             C:\Users\ultra\warewolf\Dev\Warewolf.Driver.Persistence\bin\Debug\net8.0\Warewolf.Driver.Persistence.dll [C:\Users\ultra\warewolf\Dev\Dev2.Studio\Dev2.Studio.csproj]
C:\Program Files\dotnet\sdk\10.0.201\Microsoft.Common.CurrentVersion.targets(2451,5): warning MSB3277:             C:\Users\ultra\warewolf\Dev\Warewolf.Driver.Serilog\bin\Debug\net8.0\Warewolf.Driver.Serilog.dll [C:\Users\ultra\warewolf\Dev\Dev2.Studio\Dev2.Studio.csproj]
C:\Program Files\dotnet\sdk\10.0.201\Microsoft.Common.CurrentVersion.targets(2451,5): warning MSB3277:             C:\Users\ultra\warewolf\Dev\Warewolf.Exchange.Email.Wrapper\bin\Debug\net8.0\Warewolf.Exchange.Email.Wrapper.dll [C:\Users\ultra\warewolf\Dev\Dev2.Studio\Dev2.Studio.csproj]
C:\Program Files\dotnet\sdk\10.0.201\Microsoft.Common.CurrentVersion.targets(2451,5): warning MSB3277:         C:\Users\ultra\warewolf\Dev\Binaries\Infragistcs_Net6\InfragisticsWPF4.Editors.v15.1.dll [C:\Users\ultra\warewolf\Dev\Dev2.Studio\Dev2.Studio.csproj]
C:\Program Files\dotnet\sdk\10.0.201\Microsoft.Common.CurrentVersion.targets(2451,5): warning MSB3277:           Project file item includes which caused reference "C:\Users\ultra\warewolf\Dev\Binaries\Infragistcs_Net6\InfragisticsWPF4.Editors.v15.1.dll". [C:\Users\ultra\warewolf\Dev\Dev2.Studio\Dev2.Studio.csproj]
C:\Program Files\dotnet\sdk\10.0.201\Microsoft.Common.CurrentVersion.targets(2451,5): warning MSB3277:             InfragisticsWPF4.Editors.v15.1, Version=15.1.20151.2055, Culture=neutral, processorArchitecture=MSIL [C:\Users\ultra\warewolf\Dev\Dev2.Studio\Dev2.Studio.csproj]
C:\Program Files\dotnet\sdk\10.0.201\Microsoft.Common.CurrentVersion.targets(2451,5): warning MSB3277:             InfragisticsWPF4.DataPresenter.v15.1 [C:\Users\ultra\warewolf\Dev\Dev2.Studio\Dev2.Studio.csproj]
C:\Program Files\dotnet\sdk\10.0.201\Microsoft.Common.CurrentVersion.targets(2451,5): warning MSB3277:         C:\Users\ultra\warewolf\Dev\Binaries\Infragistcs_Net6\InfragisticsWPF4.v15.1.dll [C:\Users\ultra\warewolf\Dev\Dev2.Studio\Dev2.Studio.csproj]
C:\Program Files\dotnet\sdk\10.0.201\Microsoft.Common.CurrentVersion.targets(2451,5): warning MSB3277:           Project file item includes which caused reference "C:\Users\ultra\warewolf\Dev\Binaries\Infragistcs_Net6\InfragisticsWPF4.v15.1.dll". [C:\Users\ultra\warewolf\Dev\Dev2.Studio\Dev2.Studio.csproj]
C:\Program Files\dotnet\sdk\10.0.201\Microsoft.Common.CurrentVersion.targets(2451,5): warning MSB3277:             InfragisticsWPF4.v15.1, Version=15.1.20151.2055, Culture=neutral, PublicKeyToken=7dd5c3163f2cd0cb, processorArchitecture=MSIL [C:\Users\ultra\warewolf\Dev\Dev2.Studio\Dev2.Studio.csproj]
C:\Program Files\dotnet\sdk\10.0.201\Microsoft.Common.CurrentVersion.targets(2451,5): warning MSB3277:             InfragisticsWPF4.Controls.Editors.XamComboEditor.v15.1, Version=15.1.20151.2055, Culture=neutral, processorArchitecture=MSIL [C:\Users\ultra\warewolf\Dev\Dev2.Studio\Dev2.Studio.csproj]
C:\Program Files\dotnet\sdk\10.0.201\Microsoft.Common.CurrentVersion.targets(2451,5): warning MSB3277:             InfragisticsWPF4.Controls.Grids.XamGrid.v15.1, Version=15.1.20151.2055, Culture=neutral, PublicKeyToken=7dd5c3163f2cd0cb, processorArchitecture=MSIL [C:\Users\ultra\warewolf\Dev\Dev2.Studio\Dev2.Studio.csproj]
C:\Program Files\dotnet\sdk\10.0.201\Microsoft.Common.CurrentVersion.targets(2451,5): warning MSB3277:             CalculationManager.WPF [C:\Users\ultra\warewolf\Dev\Dev2.Studio\Dev2.Studio.csproj]
C:\Program Files\dotnet\sdk\10.0.201\Microsoft.Common.CurrentVersion.targets(2451,5): warning MSB3277:             InfragisticsWPF4.Controls.Interactions.XamDialogWindow.v15.1, Version=15.1.20151.2055, Culture=neutral, PublicKeyToken=7dd5c3163f2cd0cb, processorArchitecture=MSIL [C:\Users\ultra\warewolf\Dev\Dev2.Studio\Dev2.Studio.csproj]
C:\Program Files\dotnet\sdk\10.0.201\Microsoft.Common.CurrentVersion.targets(2451,5): warning MSB3277:             InfragisticsWPF4.Controls.Maps.XamNetworkNode.v15.1, Version=15.1.20151.2055, Culture=neutral, PublicKeyToken=7dd5c3163f2cd0cb, processorArchitecture=MSIL [C:\Users\ultra\warewolf\Dev\Dev2.Studio\Dev2.Studio.csproj]
C:\Program Files\dotnet\sdk\10.0.201\Microsoft.Common.CurrentVersion.targets(2451,5): warning MSB3277:             InfragisticsWPF4.Controls.Menus.XamDataTree.v15.1, Version=15.1.20151.2055, Culture=neutral, processorArchitecture=MSIL [C:\Users\ultra\warewolf\Dev\Dev2.Studio\Dev2.Studio.csproj]
C:\Program Files\dotnet\sdk\10.0.201\Microsoft.Common.CurrentVersion.targets(2451,5): warning MSB3277:             InfragisticsWPF4.Controls.Menus.XamMenu.v15.1, Version=15.1.20151.2055, Culture=neutral, processorArchitecture=MSIL [C:\Users\ultra\warewolf\Dev\Dev2.Studio\Dev2.Studio.csproj]
C:\Program Files\dotnet\sdk\10.0.201\Microsoft.Common.CurrentVersion.targets(2451,5): warning MSB3277:             InfragisticsWPF4.DataManager.v15.1, Version=15.1.20151.2055, Culture=neutral, processorArchitecture=MSIL [C:\Users\ultra\warewolf\Dev\Dev2.Studio\Dev2.Studio.csproj]
C:\Program Files\dotnet\sdk\10.0.201\Microsoft.Common.CurrentVersion.targets(2451,5): warning MSB3277:             InfragisticsWPF4.DataPresenter.v15.1 [C:\Users\ultra\warewolf\Dev\Dev2.Studio\Dev2.Studio.csproj]
C:\Program Files\dotnet\sdk\10.0.201\Microsoft.Common.CurrentVersion.targets(2451,5): warning MSB3277:             InfragisticsWPF4.DataVisualization.v15.1, Version=15.1.20151.2055, Culture=neutral, PublicKeyToken=7dd5c3163f2cd0cb, processorArchitecture=MSIL [C:\Users\ultra\warewolf\Dev\Dev2.Studio\Dev2.Studio.csproj]
C:\Program Files\dotnet\sdk\10.0.201\Microsoft.Common.CurrentVersion.targets(2451,5): warning MSB3277:             InfragisticsWPF4.DockManager.v15.1, Version=15.1.20151.2055, Culture=neutral, PublicKeyToken=7dd5c3163f2cd0cb, processorArchitecture=MSIL [C:\Users\ultra\warewolf\Dev\Dev2.Studio\Dev2.Studio.csproj]
C:\Program Files\dotnet\sdk\10.0.201\Microsoft.Common.CurrentVersion.targets(2451,5): warning MSB3277:             InfragisticsWPF4.Editors.v15.1, Version=15.1.20151.2055, Culture=neutral, processorArchitecture=MSIL [C:\Users\ultra\warewolf\Dev\Dev2.Studio\Dev2.Studio.csproj]
C:\Program Files\dotnet\sdk\10.0.201\Microsoft.Common.CurrentVersion.targets(2451,5): warning MSB3277:             InfragisticsWPF4.Math.Calculators.v15.1, Version=15.1.20151.2055, Culture=neutral, PublicKeyToken=7dd5c3163f2cd0cb, processorArchitecture=MSIL [C:\Users\ultra\warewolf\Dev\Dev2.Studio\Dev2.Studio.csproj]
C:\Program Files\dotnet\sdk\10.0.201\Microsoft.Common.CurrentVersion.targets(2451,5): warning MSB3277:             InfragisticsWPF4.Math.v15.1, Version=15.1.20151.2055, Culture=neutral, PublicKeyToken=7dd5c3163f2cd0cb, processorArchitecture=MSIL [C:\Users\ultra\warewolf\Dev\Dev2.Studio\Dev2.Studio.csproj]
C:\Program Files\dotnet\sdk\10.0.201\Microsoft.Common.CurrentVersion.targets(2451,5): warning MSB3277:         C:\Users\ultra\.nuget\packages\timespan2\2.4.2\lib\netcoreapp3.1\TimeSpan2.dll [C:\Users\ultra\warewolf\Dev\Dev2.Studio\Dev2.Studio.csproj]
C:\Program Files\dotnet\sdk\10.0.201\Microsoft.Common.CurrentVersion.targets(2451,5): warning MSB3277:           Project file item includes which caused reference "C:\Users\ultra\.nuget\packages\timespan2\2.4.2\lib\netcoreapp3.1\TimeSpan2.dll". [C:\Users\ultra\warewolf\Dev\Dev2.Studio\Dev2.Studio.csproj]
C:\Program Files\dotnet\sdk\10.0.201\Microsoft.Common.CurrentVersion.targets(2451,5): warning MSB3277:             C:\Users\ultra\.nuget\packages\timespan2\2.4.2\lib\netcoreapp3.1\TimeSpan2.dll [C:\Users\ultra\warewolf\Dev\Dev2.Studio\Dev2.Studio.csproj]
C:\Program Files\dotnet\sdk\10.0.201\Microsoft.Common.CurrentVersion.targets(2451,5): warning MSB3277:             C:\Users\ultra\.nuget\packages\taskschedulereditor\2.10.1\lib\net452\Microsoft.Win32.TaskSchedulerEditor.dll [C:\Users\ultra\warewolf\Dev\Dev2.Studio\Dev2.Studio.csproj]
C:\Program Files\dotnet\sdk\10.0.201\Microsoft.Common.CurrentVersion.targets(2451,5): warning MSB3277:         C:\Program Files\dotnet\packs\Microsoft.NETCore.App.Ref\8.0.25\ref\net8.0\System.dll [C:\Users\ultra\warewolf\Dev\Dev2.Studio\Dev2.Studio.csproj]
C:\Program Files\dotnet\sdk\10.0.201\Microsoft.Common.CurrentVersion.targets(2451,5): warning MSB3277:           Project file item includes which caused reference "C:\Program Files\dotnet\packs\Microsoft.NETCore.App.Ref\8.0.25\ref\net8.0\System.dll". [C:\Users\ultra\warewolf\Dev\Dev2.Studio\Dev2.Studio.csproj]
C:\Program Files\dotnet\sdk\10.0.201\Microsoft.Common.CurrentVersion.targets(2451,5): warning MSB3277:             C:\Program Files\dotnet\packs\Microsoft.NETCore.App.Ref\8.0.25\ref/net8.0/System.dll [C:\Users\ultra\warewolf\Dev\Dev2.Studio\Dev2.Studio.csproj]
C:\Program Files\dotnet\sdk\10.0.201\Microsoft.Common.CurrentVersion.targets(2451,5): warning MSB3277:             C:\Users\ultra\.nuget\packages\aerowizard\2.3.1\lib\net45\AeroWizard.dll [C:\Users\ultra\warewolf\Dev\Dev2.Studio\Dev2.Studio.csproj]
C:\Program Files\dotnet\sdk\10.0.201\Microsoft.Common.CurrentVersion.targets(2451,5): warning MSB3277:             C:\Users\ultra\.nuget\packages\avalonedit\6.3.0.90\lib\net462\ICSharpCode.AvalonEdit.dll [C:\Users\ultra\warewolf\Dev\Dev2.Studio\Dev2.Studio.csproj]
C:\Program Files\dotnet\sdk\10.0.201\Microsoft.Common.CurrentVersion.targets(2451,5): warning MSB3277:             C:\Users\ultra\.nuget\packages\fontawesome.wpf\4.7.0.9\lib\net40\FontAwesome.WPF.dll [C:\Users\ultra\warewolf\Dev\Dev2.Studio\Dev2.Studio.csproj]
C:\Program Files\dotnet\sdk\10.0.201\Microsoft.Common.CurrentVersion.targets(2451,5): warning MSB3277:             C:\Users\ultra\.nuget\packages\groupcontrols\1.9.0\lib\net45\GroupControls.dll [C:\Users\ultra\warewolf\Dev\Dev2.Studio\Dev2.Studio.csproj]
C:\Program Files\dotnet\sdk\10.0.201\Microsoft.Common.CurrentVersion.targets(2451,5): warning MSB3277:             C:\Users\ultra\.nuget\packages\log4net.async\2.0.4\lib\net40\Log4Net.Async.dll [C:\Users\ultra\warewolf\Dev\Dev2.Studio\Dev2.Studio.csproj]
C:\Program Files\dotnet\sdk\10.0.201\Microsoft.Common.CurrentVersion.targets(2451,5): warning MSB3277:             C:\Users\ultra\.nuget\packages\microsoft.xaml.behaviors.wpf\1.1.122\lib\net462\Microsoft.Xaml.Behaviors.dll [C:\Users\ultra\warewolf\Dev\Dev2.Studio\Dev2.Studio.csproj]
C:\Program Files\dotnet\sdk\10.0.201\Microsoft.Common.CurrentVersion.targets(2451,5): warning MSB3277:             C:\Users\ultra\.nuget\packages\caliburn.micro\4.0.212\lib\netcoreapp3.1\Caliburn.Micro.Platform.dll [C:\Users\ultra\warewolf\Dev\Dev2.Studio\Dev2.Studio.csproj]
C:\Program Files\dotnet\sdk\10.0.201\Microsoft.Common.CurrentVersion.targets(2451,5): warning MSB3277:             C:\Users\ultra\.nuget\packages\prism.composition\5.0.0\lib\NET45\Microsoft.Practices.Prism.Composition.dll [C:\Users\ultra\warewolf\Dev\Dev2.Studio\Dev2.Studio.csproj]
C:\Program Files\dotnet\sdk\10.0.201\Microsoft.Common.CurrentVersion.targets(2451,5): warning MSB3277:             C:\Users\ultra\.nuget\packages\prism.interactivity\5.0.0\lib\NET45\Microsoft.Practices.Prism.Interactivity.dll [C:\Users\ultra\warewolf\Dev\Dev2.Studio\Dev2.Studio.csproj]
C:\Program Files\dotnet\sdk\10.0.201\Microsoft.Common.CurrentVersion.targets(2451,5): warning MSB3277:             C:\Users\ultra\.nuget\packages\prism.mvvm\1.0.0\lib\net45\Microsoft.Practices.Prism.Mvvm.Desktop.dll [C:\Users\ultra\warewolf\Dev\Dev2.Studio\Dev2.Studio.csproj]
C:\Program Files\dotnet\sdk\10.0.201\Microsoft.Common.CurrentVersion.targets(2451,5): warning MSB3277:             C:\Users\ultra\.nuget\packages\prism.unityextensions\5.0.1\lib\NET45\Microsoft.Practices.Prism.UnityExtensions.dll [C:\Users\ultra\warewolf\Dev\Dev2.Studio\Dev2.Studio.csproj]
C:\Program Files\dotnet\sdk\10.0.201\Microsoft.Common.CurrentVersion.targets(2451,5): warning MSB3277:             C:\Users\ultra\.nuget\packages\prism.wpf\9.0.537\lib\net462\Prism.Wpf.dll [C:\Users\ultra\warewolf\Dev\Dev2.Studio\Dev2.Studio.csproj]
C:\Program Files\dotnet\sdk\10.0.201\Microsoft.Common.CurrentVersion.targets(2451,5): warning MSB3277:             C:\Users\ultra\.nuget\packages\reactiveui.wpf\18.4.1\lib\net462\ReactiveUI.Wpf.dll [C:\Users\ultra\warewolf\Dev\Dev2.Studio\Dev2.Studio.csproj]
C:\Program Files\dotnet\sdk\10.0.201\Microsoft.Common.CurrentVersion.targets(2451,5): warning MSB3277:             C:\Users\ultra\.nuget\packages\taskschedulereditor\2.10.1\lib\net452\Microsoft.Win32.TaskSchedulerEditor.dll [C:\Users\ultra\warewolf\Dev\Dev2.Studio\Dev2.Studio.csproj]
C:\Program Files\dotnet\sdk\10.0.201\Microsoft.Common.CurrentVersion.targets(2451,5): warning MSB3277:             C:\Users\ultra\.nuget\packages\ttcue.netcore.sharepointonline.csom.16.1.8029.1200\16.1.8029.1200\lib\netcoreapp2.0\Microsoft.SharePoint.Client.Runtime.Windows.dll [C:\Users\ultra\warewolf\Dev\Dev2.Studio\Dev2.Studio.csproj]
C:\Program Files\dotnet\sdk\10.0.201\Microsoft.Common.CurrentVersion.targets(2451,5): warning MSB3277: Found conflicts between different versions of "WindowsBase" that could not be resolved. [C:\Users\ultra\warewolf\Dev\Dev2.Studio\Dev2.Studio.csproj]
C:\Program Files\dotnet\sdk\10.0.201\Microsoft.Common.CurrentVersion.targets(2451,5): warning MSB3277: There was a conflict between "WindowsBase, Version=4.0.0.0, Culture=neutral, PublicKeyToken=31bf3856ad364e35" and "WindowsBase, Version=6.0.2.0, Culture=neutral, PublicKeyToken=31bf3856ad364e35". [C:\Users\ultra\warewolf\Dev\Dev2.Studio\Dev2.Studio.csproj]
C:\Program Files\dotnet\sdk\10.0.201\Microsoft.Common.CurrentVersion.targets(2451,5): warning MSB3277:     "WindowsBase, Version=4.0.0.0, Culture=neutral, PublicKeyToken=31bf3856ad364e35" was chosen because it was primary and "WindowsBase, Version=6.0.2.0, Culture=neutral, PublicKeyToken=31bf3856ad364e35" was not. [C:\Users\ultra\warewolf\Dev\Dev2.Studio\Dev2.Studio.csproj]
C:\Program Files\dotnet\sdk\10.0.201\Microsoft.Common.CurrentVersion.targets(2451,5): warning MSB3277:     References which depend on "WindowsBase, Version=4.0.0.0, Culture=neutral, PublicKeyToken=31bf3856ad364e35" [C:\Program Files\dotnet\packs\Microsoft.NETCore.App.Ref\8.0.25\ref\net8.0\WindowsBase.dll]. [C:\Users\ultra\warewolf\Dev\Dev2.Studio\Dev2.Studio.csproj]
C:\Program Files\dotnet\sdk\10.0.201\Microsoft.Common.CurrentVersion.targets(2451,5): warning MSB3277:         C:\Program Files\dotnet\packs\Microsoft.NETCore.App.Ref\8.0.25\ref\net8.0\WindowsBase.dll [C:\Users\ultra\warewolf\Dev\Dev2.Studio\Dev2.Studio.csproj]
C:\Program Files\dotnet\sdk\10.0.201\Microsoft.Common.CurrentVersion.targets(2451,5): warning MSB3277:           Project file item includes which caused reference "C:\Program Files\dotnet\packs\Microsoft.NETCore.App.Ref\8.0.25\ref\net8.0\WindowsBase.dll". [C:\Users\ultra\warewolf\Dev\Dev2.Studio\Dev2.Studio.csproj]
C:\Program Files\dotnet\sdk\10.0.201\Microsoft.Common.CurrentVersion.targets(2451,5): warning MSB3277:             C:\Program Files\dotnet\packs\Microsoft.NETCore.App.Ref\8.0.25\ref/net8.0/WindowsBase.dll [C:\Users\ultra\warewolf\Dev\Dev2.Studio\Dev2.Studio.csproj]
C:\Program Files\dotnet\sdk\10.0.201\Microsoft.Common.CurrentVersion.targets(2451,5): warning MSB3277:     References which depend on or have been unified to "WindowsBase, Version=6.0.2.0, Culture=neutral, PublicKeyToken=31bf3856ad364e35" []. [C:\Users\ultra\warewolf\Dev\Dev2.Studio\Dev2.Studio.csproj]
C:\Program Files\dotnet\sdk\10.0.201\Microsoft.Common.CurrentVersion.targets(2451,5): warning MSB3277:         C:\Users\ultra\warewolf\Dev\Binaries\Infragistcs_Net6\InfragisticsWPF4.Controls.Editors.XamComboEditor.v15.1.dll [C:\Users\ultra\warewolf\Dev\Dev2.Studio\Dev2.Studio.csproj]
C:\Program Files\dotnet\sdk\10.0.201\Microsoft.Common.CurrentVersion.targets(2451,5): warning MSB3277:           Project file item includes which caused reference "C:\Users\ultra\warewolf\Dev\Binaries\Infragistcs_Net6\InfragisticsWPF4.Controls.Editors.XamComboEditor.v15.1.dll". [C:\Users\ultra\warewolf\Dev\Dev2.Studio\Dev2.Studio.csproj]
C:\Program Files\dotnet\sdk\10.0.201\Microsoft.Common.CurrentVersion.targets(2451,5): warning MSB3277:             InfragisticsWPF4.Controls.Editors.XamComboEditor.v15.1, Version=15.1.20151.2055, Culture=neutral, processorArchitecture=MSIL [C:\Users\ultra\warewolf\Dev\Dev2.Studio\Dev2.Studio.csproj]
C:\Program Files\dotnet\sdk\10.0.201\Microsoft.Common.CurrentVersion.targets(2451,5): warning MSB3277:         C:\Users\ultra\warewolf\Dev\Binaries\Infragistcs_Net6\InfragisticsWPF4.Controls.Grids.XamGrid.v15.1.dll [C:\Users\ultra\warewolf\Dev\Dev2.Studio\Dev2.Studio.csproj]
C:\Program Files\dotnet\sdk\10.0.201\Microsoft.Common.CurrentVersion.targets(2451,5): warning MSB3277:           Project file item includes which caused reference "C:\Users\ultra\warewolf\Dev\Binaries\Infragistcs_Net6\InfragisticsWPF4.Controls.Grids.XamGrid.v15.1.dll". [C:\Users\ultra\warewolf\Dev\Dev2.Studio\Dev2.Studio.csproj]
C:\Program Files\dotnet\sdk\10.0.201\Microsoft.Common.CurrentVersion.targets(2451,5): warning MSB3277:             InfragisticsWPF4.Controls.Grids.XamGrid.v15.1, Version=15.1.20151.2055, Culture=neutral, PublicKeyToken=7dd5c3163f2cd0cb, processorArchitecture=MSIL [C:\Users\ultra\warewolf\Dev\Dev2.Studio\Dev2.Studio.csproj]
C:\Program Files\dotnet\sdk\10.0.201\Microsoft.Common.CurrentVersion.targets(2451,5): warning MSB3277:         C:\Users\ultra\warewolf\Dev\Binaries\Infragistcs_Net6\Infragistics.Calculations.dll [C:\Users\ultra\warewolf\Dev\Dev2.Studio\Dev2.Studio.csproj]
C:\Program Files\dotnet\sdk\10.0.201\Microsoft.Common.CurrentVersion.targets(2451,5): warning MSB3277:           Project file item includes which caused reference "C:\Users\ultra\warewolf\Dev\Binaries\Infragistcs_Net6\Infragistics.Calculations.dll". [C:\Users\ultra\warewolf\Dev\Dev2.Studio\Dev2.Studio.csproj]
C:\Program Files\dotnet\sdk\10.0.201\Microsoft.Common.CurrentVersion.targets(2451,5): warning MSB3277:             CalculationManager.WPF [C:\Users\ultra\warewolf\Dev\Dev2.Studio\Dev2.Studio.csproj]
C:\Program Files\dotnet\sdk\10.0.201\Microsoft.Common.CurrentVersion.targets(2451,5): warning MSB3277:         C:\Users\ultra\warewolf\Dev\Binaries\Infragistcs_Net6\InfragisticsWPF4.Controls.Interactions.XamDialogWindow.v15.1.dll [C:\Users\ultra\warewolf\Dev\Dev2.Studio\Dev2.Studio.csproj]
C:\Program Files\dotnet\sdk\10.0.201\Microsoft.Common.CurrentVersion.targets(2451,5): warning MSB3277:           Project file item includes which caused reference "C:\Users\ultra\warewolf\Dev\Binaries\Infragistcs_Net6\InfragisticsWPF4.Controls.Interactions.XamDialogWindow.v15.1.dll". [C:\Users\ultra\warewolf\Dev\Dev2.Studio\Dev2.Studio.csproj]
C:\Program Files\dotnet\sdk\10.0.201\Microsoft.Common.CurrentVersion.targets(2451,5): warning MSB3277:             InfragisticsWPF4.Controls.Interactions.XamDialogWindow.v15.1, Version=15.1.20151.2055, Culture=neutral, PublicKeyToken=7dd5c3163f2cd0cb, processorArchitecture=MSIL [C:\Users\ultra\warewolf\Dev\Dev2.Studio\Dev2.Studio.csproj]
C:\Program Files\dotnet\sdk\10.0.201\Microsoft.Common.CurrentVersion.targets(2451,5): warning MSB3277:         C:\Users\ultra\warewolf\Dev\Binaries\Infragistcs_Net6\InfragisticsWPF4.Controls.Maps.XamNetworkNode.v15.1.dll [C:\Users\ultra\warewolf\Dev\Dev2.Studio\Dev2.Studio.csproj]
C:\Program Files\dotnet\sdk\10.0.201\Microsoft.Common.CurrentVersion.targets(2451,5): warning MSB3277:           Project file item includes which caused reference "C:\Users\ultra\warewolf\Dev\Binaries\Infragistcs_Net6\InfragisticsWPF4.Controls.Maps.XamNetworkNode.v15.1.dll". [C:\Users\ultra\warewolf\Dev\Dev2.Studio\Dev2.Studio.csproj]
C:\Program Files\dotnet\sdk\10.0.201\Microsoft.Common.CurrentVersion.targets(2451,5): warning MSB3277:             InfragisticsWPF4.Controls.Maps.XamNetworkNode.v15.1, Version=15.1.20151.2055, Culture=neutral, PublicKeyToken=7dd5c3163f2cd0cb, processorArchitecture=MSIL [C:\Users\ultra\warewolf\Dev\Dev2.Studio\Dev2.Studio.csproj]
C:\Program Files\dotnet\sdk\10.0.201\Microsoft.Common.CurrentVersion.targets(2451,5): warning MSB3277:         C:\Users\ultra\warewolf\Dev\Binaries\Infragistcs_Net6\InfragisticsWPF4.Controls.Menus.XamDataTree.v15.1.dll [C:\Users\ultra\warewolf\Dev\Dev2.Studio\Dev2.Studio.csproj]
C:\Program Files\dotnet\sdk\10.0.201\Microsoft.Common.CurrentVersion.targets(2451,5): warning MSB3277:           Project file item includes which caused reference "C:\Users\ultra\warewolf\Dev\Binaries\Infragistcs_Net6\InfragisticsWPF4.Controls.Menus.XamDataTree.v15.1.dll". [C:\Users\ultra\warewolf\Dev\Dev2.Studio\Dev2.Studio.csproj]
C:\Program Files\dotnet\sdk\10.0.201\Microsoft.Common.CurrentVersion.targets(2451,5): warning MSB3277:             InfragisticsWPF4.Controls.Menus.XamDataTree.v15.1, Version=15.1.20151.2055, Culture=neutral, processorArchitecture=MSIL [C:\Users\ultra\warewolf\Dev\Dev2.Studio\Dev2.Studio.csproj]
C:\Program Files\dotnet\sdk\10.0.201\Microsoft.Common.CurrentVersion.targets(2451,5): warning MSB3277:         C:\Users\ultra\warewolf\Dev\Binaries\Infragistcs_Net6\InfragisticsWPF4.Controls.Menus.XamMenu.v15.1.dll [C:\Users\ultra\warewolf\Dev\Dev2.Studio\Dev2.Studio.csproj]
C:\Program Files\dotnet\sdk\10.0.201\Microsoft.Common.CurrentVersion.targets(2451,5): warning MSB3277:           Project file item includes which caused reference "C:\Users\ultra\warewolf\Dev\Binaries\Infragistcs_Net6\InfragisticsWPF4.Controls.Menus.XamMenu.v15.1.dll". [C:\Users\ultra\warewolf\Dev\Dev2.Studio\Dev2.Studio.csproj]
C:\Program Files\dotnet\sdk\10.0.201\Microsoft.Common.CurrentVersion.targets(2451,5): warning MSB3277:             InfragisticsWPF4.Controls.Menus.XamMenu.v15.1, Version=15.1.20151.2055, Culture=neutral, processorArchitecture=MSIL [C:\Users\ultra\warewolf\Dev\Dev2.Studio\Dev2.Studio.csproj]
C:\Program Files\dotnet\sdk\10.0.201\Microsoft.Common.CurrentVersion.targets(2451,5): warning MSB3277:             InfragisticsWPF4.Controls.Grids.XamGrid.v15.1, Version=15.1.20151.2055, Culture=neutral, PublicKeyToken=7dd5c3163f2cd0cb, processorArchitecture=MSIL [C:\Users\ultra\warewolf\Dev\Dev2.Studio\Dev2.Studio.csproj]
C:\Program Files\dotnet\sdk\10.0.201\Microsoft.Common.CurrentVersion.targets(2451,5): warning MSB3277:         C:\Users\ultra\warewolf\Dev\Binaries\Infragistcs_Net6\InfragisticsWPF4.DataManager.v15.1.dll [C:\Users\ultra\warewolf\Dev\Dev2.Studio\Dev2.Studio.csproj]
C:\Program Files\dotnet\sdk\10.0.201\Microsoft.Common.CurrentVersion.targets(2451,5): warning MSB3277:           Project file item includes which caused reference "C:\Users\ultra\warewolf\Dev\Binaries\Infragistcs_Net6\InfragisticsWPF4.DataManager.v15.1.dll". [C:\Users\ultra\warewolf\Dev\Dev2.Studio\Dev2.Studio.csproj]
C:\Program Files\dotnet\sdk\10.0.201\Microsoft.Common.CurrentVersion.targets(2451,5): warning MSB3277:             InfragisticsWPF4.DataManager.v15.1, Version=15.1.20151.2055, Culture=neutral, processorArchitecture=MSIL [C:\Users\ultra\warewolf\Dev\Dev2.Studio\Dev2.Studio.csproj]
C:\Program Files\dotnet\sdk\10.0.201\Microsoft.Common.CurrentVersion.targets(2451,5): warning MSB3277:             InfragisticsWPF4.Controls.Editors.XamComboEditor.v15.1, Version=15.1.20151.2055, Culture=neutral, processorArchitecture=MSIL [C:\Users\ultra\warewolf\Dev\Dev2.Studio\Dev2.Studio.csproj]
C:\Program Files\dotnet\sdk\10.0.201\Microsoft.Common.CurrentVersion.targets(2451,5): warning MSB3277:             InfragisticsWPF4.Controls.Grids.XamGrid.v15.1, Version=15.1.20151.2055, Culture=neutral, PublicKeyToken=7dd5c3163f2cd0cb, processorArchitecture=MSIL [C:\Users\ultra\warewolf\Dev\Dev2.Studio\Dev2.Studio.csproj]
C:\Program Files\dotnet\sdk\10.0.201\Microsoft.Common.CurrentVersion.targets(2451,5): warning MSB3277:             InfragisticsWPF4.Controls.Menus.XamDataTree.v15.1, Version=15.1.20151.2055, Culture=neutral, processorArchitecture=MSIL [C:\Users\ultra\warewolf\Dev\Dev2.Studio\Dev2.Studio.csproj]
C:\Program Files\dotnet\sdk\10.0.201\Microsoft.Common.CurrentVersion.targets(2451,5): warning MSB3277:         C:\Users\ultra\warewolf\Dev\Binaries\Infragistcs_Net6\InfragisticsWPF4.DataPresenter.v15.1.dll [C:\Users\ultra\warewolf\Dev\Dev2.Studio\Dev2.Studio.csproj]
C:\Program Files\dotnet\sdk\10.0.201\Microsoft.Common.CurrentVersion.targets(2451,5): warning MSB3277:           Project file item includes which caused reference "C:\Users\ultra\warewolf\Dev\Binaries\Infragistcs_Net6\InfragisticsWPF4.DataPresenter.v15.1.dll". [C:\Users\ultra\warewolf\Dev\Dev2.Studio\Dev2.Studio.csproj]
C:\Program Files\dotnet\sdk\10.0.201\Microsoft.Common.CurrentVersion.targets(2451,5): warning MSB3277:             InfragisticsWPF4.DataPresenter.v15.1 [C:\Users\ultra\warewolf\Dev\Dev2.Studio\Dev2.Studio.csproj]
C:\Program Files\dotnet\sdk\10.0.201\Microsoft.Common.CurrentVersion.targets(2451,5): warning MSB3277:         C:\Users\ultra\warewolf\Dev\Binaries\Infragistcs_Net6\InfragisticsWPF4.DataVisualization.v15.1.dll [C:\Users\ultra\warewolf\Dev\Dev2.Studio\Dev2.Studio.csproj]
C:\Program Files\dotnet\sdk\10.0.201\Microsoft.Common.CurrentVersion.targets(2451,5): warning MSB3277:           Project file item includes which caused reference "C:\Users\ultra\warewolf\Dev\Binaries\Infragistcs_Net6\InfragisticsWPF4.DataVisualization.v15.1.dll". [C:\Users\ultra\warewolf\Dev\Dev2.Studio\Dev2.Studio.csproj]
C:\Program Files\dotnet\sdk\10.0.201\Microsoft.Common.CurrentVersion.targets(2451,5): warning MSB3277:             InfragisticsWPF4.DataVisualization.v15.1, Version=15.1.20151.2055, Culture=neutral, PublicKeyToken=7dd5c3163f2cd0cb, processorArchitecture=MSIL [C:\Users\ultra\warewolf\Dev\Dev2.Studio\Dev2.Studio.csproj]
C:\Program Files\dotnet\sdk\10.0.201\Microsoft.Common.CurrentVersion.targets(2451,5): warning MSB3277:             InfragisticsWPF4.Controls.Maps.XamNetworkNode.v15.1, Version=15.1.20151.2055, Culture=neutral, PublicKeyToken=7dd5c3163f2cd0cb, processorArchitecture=MSIL [C:\Users\ultra\warewolf\Dev\Dev2.Studio\Dev2.Studio.csproj]
C:\Program Files\dotnet\sdk\10.0.201\Microsoft.Common.CurrentVersion.targets(2451,5): warning MSB3277:             InfragisticsWPF4.Math.Calculators.v15.1, Version=15.1.20151.2055, Culture=neutral, PublicKeyToken=7dd5c3163f2cd0cb, processorArchitecture=MSIL [C:\Users\ultra\warewolf\Dev\Dev2.Studio\Dev2.Studio.csproj]
C:\Program Files\dotnet\sdk\10.0.201\Microsoft.Common.CurrentVersion.targets(2451,5): warning MSB3277:         C:\Users\ultra\warewolf\Dev\Binaries\Infragistcs_Net6\InfragisticsWPF4.DockManager.v15.1.dll [C:\Users\ultra\warewolf\Dev\Dev2.Studio\Dev2.Studio.csproj]
C:\Program Files\dotnet\sdk\10.0.201\Microsoft.Common.CurrentVersion.targets(2451,5): warning MSB3277:           Project file item includes which caused reference "C:\Users\ultra\warewolf\Dev\Binaries\Infragistcs_Net6\InfragisticsWPF4.DockManager.v15.1.dll". [C:\Users\ultra\warewolf\Dev\Dev2.Studio\Dev2.Studio.csproj]
C:\Program Files\dotnet\sdk\10.0.201\Microsoft.Common.CurrentVersion.targets(2451,5): warning MSB3277:             InfragisticsWPF4.DockManager.v15.1, Version=15.1.20151.2055, Culture=neutral, PublicKeyToken=7dd5c3163f2cd0cb, processorArchitecture=MSIL [C:\Users\ultra\warewolf\Dev\Dev2.Studio\Dev2.Studio.csproj]
C:\Program Files\dotnet\sdk\10.0.201\Microsoft.Common.CurrentVersion.targets(2451,5): warning MSB3277:         C:\Users\ultra\warewolf\Dev\Binaries\Infragistcs_Net6\InfragisticsWPF4.DragDrop.v15.1.dll [C:\Users\ultra\warewolf\Dev\Dev2.Studio\Dev2.Studio.csproj]
C:\Program Files\dotnet\sdk\10.0.201\Microsoft.Common.CurrentVersion.targets(2451,5): warning MSB3277:           Project file item includes which caused reference "C:\Users\ultra\warewolf\Dev\Binaries\Infragistcs_Net6\InfragisticsWPF4.DragDrop.v15.1.dll". [C:\Users\ultra\warewolf\Dev\Dev2.Studio\Dev2.Studio.csproj]
C:\Program Files\dotnet\sdk\10.0.201\Microsoft.Common.CurrentVersion.targets(2451,5): warning MSB3277:             InfragisticsWPF4.DragDrop.v15.1, Version=15.1.20151.2055, Culture=neutral, PublicKeyToken=7dd5c3163f2cd0cb, processorArchitecture=MSIL [C:\Users\ultra\warewolf\Dev\Dev2.Studio\Dev2.Studio.csproj]
C:\Program Files\dotnet\sdk\10.0.201\Microsoft.Common.CurrentVersion.targets(2451,5): warning MSB3277:             InfragisticsWPF4.Controls.Menus.XamDataTree.v15.1, Version=15.1.20151.2055, Culture=neutral, processorArchitecture=MSIL [C:\Users\ultra\warewolf\Dev\Dev2.Studio\Dev2.Studio.csproj]
C:\Program Files\dotnet\sdk\10.0.201\Microsoft.Common.CurrentVersion.targets(2451,5): warning MSB3277:         C:\Users\ultra\warewolf\Dev\Binaries\Infragistcs_Net6\InfragisticsWPF4.Editors.v15.1.dll [C:\Users\ultra\warewolf\Dev\Dev2.Studio\Dev2.Studio.csproj]
C:\Program Files\dotnet\sdk\10.0.201\Microsoft.Common.CurrentVersion.targets(2451,5): warning MSB3277:           Project file item includes which caused reference "C:\Users\ultra\warewolf\Dev\Binaries\Infragistcs_Net6\InfragisticsWPF4.Editors.v15.1.dll". [C:\Users\ultra\warewolf\Dev\Dev2.Studio\Dev2.Studio.csproj]
C:\Program Files\dotnet\sdk\10.0.201\Microsoft.Common.CurrentVersion.targets(2451,5): warning MSB3277:             InfragisticsWPF4.Editors.v15.1, Version=15.1.20151.2055, Culture=neutral, processorArchitecture=MSIL [C:\Users\ultra\warewolf\Dev\Dev2.Studio\Dev2.Studio.csproj]
C:\Program Files\dotnet\sdk\10.0.201\Microsoft.Common.CurrentVersion.targets(2451,5): warning MSB3277:             InfragisticsWPF4.DataPresenter.v15.1 [C:\Users\ultra\warewolf\Dev\Dev2.Studio\Dev2.Studio.csproj]
C:\Program Files\dotnet\sdk\10.0.201\Microsoft.Common.CurrentVersion.targets(2451,5): warning MSB3277:         C:\Users\ultra\warewolf\Dev\Binaries\Infragistcs_Net6\InfragisticsWPF4.Math.Calculators.v15.1.dll [C:\Users\ultra\warewolf\Dev\Dev2.Studio\Dev2.Studio.csproj]
C:\Program Files\dotnet\sdk\10.0.201\Microsoft.Common.CurrentVersion.targets(2451,5): warning MSB3277:           Project file item includes which caused reference "C:\Users\ultra\warewolf\Dev\Binaries\Infragistcs_Net6\InfragisticsWPF4.Math.Calculators.v15.1.dll". [C:\Users\ultra\warewolf\Dev\Dev2.Studio\Dev2.Studio.csproj]
C:\Program Files\dotnet\sdk\10.0.201\Microsoft.Common.CurrentVersion.targets(2451,5): warning MSB3277:             InfragisticsWPF4.Math.Calculators.v15.1, Version=15.1.20151.2055, Culture=neutral, PublicKeyToken=7dd5c3163f2cd0cb, processorArchitecture=MSIL [C:\Users\ultra\warewolf\Dev\Dev2.Studio\Dev2.Studio.csproj]
C:\Program Files\dotnet\sdk\10.0.201\Microsoft.Common.CurrentVersion.targets(2451,5): warning MSB3277:         C:\Users\ultra\warewolf\Dev\Binaries\Infragistcs_Net6\InfragisticsWPF4.v15.1.dll [C:\Users\ultra\warewolf\Dev\Dev2.Studio\Dev2.Studio.csproj]
C:\Program Files\dotnet\sdk\10.0.201\Microsoft.Common.CurrentVersion.targets(2451,5): warning MSB3277:           Project file item includes which caused reference "C:\Users\ultra\warewolf\Dev\Binaries\Infragistcs_Net6\InfragisticsWPF4.v15.1.dll". [C:\Users\ultra\warewolf\Dev\Dev2.Studio\Dev2.Studio.csproj]
C:\Program Files\dotnet\sdk\10.0.201\Microsoft.Common.CurrentVersion.targets(2451,5): warning MSB3277:             InfragisticsWPF4.v15.1, Version=15.1.20151.2055, Culture=neutral, PublicKeyToken=7dd5c3163f2cd0cb, processorArchitecture=MSIL [C:\Users\ultra\warewolf\Dev\Dev2.Studio\Dev2.Studio.csproj]
C:\Program Files\dotnet\sdk\10.0.201\Microsoft.Common.CurrentVersion.targets(2451,5): warning MSB3277:             InfragisticsWPF4.Controls.Editors.XamComboEditor.v15.1, Version=15.1.20151.2055, Culture=neutral, processorArchitecture=MSIL [C:\Users\ultra\warewolf\Dev\Dev2.Studio\Dev2.Studio.csproj]
C:\Program Files\dotnet\sdk\10.0.201\Microsoft.Common.CurrentVersion.targets(2451,5): warning MSB3277:             InfragisticsWPF4.Controls.Grids.XamGrid.v15.1, Version=15.1.20151.2055, Culture=neutral, PublicKeyToken=7dd5c3163f2cd0cb, processorArchitecture=MSIL [C:\Users\ultra\warewolf\Dev\Dev2.Studio\Dev2.Studio.csproj]
C:\Program Files\dotnet\sdk\10.0.201\Microsoft.Common.CurrentVersion.targets(2451,5): warning MSB3277:             CalculationManager.WPF [C:\Users\ultra\warewolf\Dev\Dev2.Studio\Dev2.Studio.csproj]
C:\Program Files\dotnet\sdk\10.0.201\Microsoft.Common.CurrentVersion.targets(2451,5): warning MSB3277:             InfragisticsWPF4.Controls.Interactions.XamDialogWindow.v15.1, Version=15.1.20151.2055, Culture=neutral, PublicKeyToken=7dd5c3163f2cd0cb, processorArchitecture=MSIL [C:\Users\ultra\warewolf\Dev\Dev2.Studio\Dev2.Studio.csproj]
C:\Program Files\dotnet\sdk\10.0.201\Microsoft.Common.CurrentVersion.targets(2451,5): warning MSB3277:             InfragisticsWPF4.Controls.Maps.XamNetworkNode.v15.1, Version=15.1.20151.2055, Culture=neutral, PublicKeyToken=7dd5c3163f2cd0cb, processorArchitecture=MSIL [C:\Users\ultra\warewolf\Dev\Dev2.Studio\Dev2.Studio.csproj]
C:\Program Files\dotnet\sdk\10.0.201\Microsoft.Common.CurrentVersion.targets(2451,5): warning MSB3277:             InfragisticsWPF4.Controls.Menus.XamDataTree.v15.1, Version=15.1.20151.2055, Culture=neutral, processorArchitecture=MSIL [C:\Users\ultra\warewolf\Dev\Dev2.Studio\Dev2.Studio.csproj]
C:\Program Files\dotnet\sdk\10.0.201\Microsoft.Common.CurrentVersion.targets(2451,5): warning MSB3277:             InfragisticsWPF4.Controls.Menus.XamMenu.v15.1, Version=15.1.20151.2055, Culture=neutral, processorArchitecture=MSIL [C:\Users\ultra\warewolf\Dev\Dev2.Studio\Dev2.Studio.csproj]
C:\Program Files\dotnet\sdk\10.0.201\Microsoft.Common.CurrentVersion.targets(2451,5): warning MSB3277:             InfragisticsWPF4.DataManager.v15.1, Version=15.1.20151.2055, Culture=neutral, processorArchitecture=MSIL [C:\Users\ultra\warewolf\Dev\Dev2.Studio\Dev2.Studio.csproj]
C:\Program Files\dotnet\sdk\10.0.201\Microsoft.Common.CurrentVersion.targets(2451,5): warning MSB3277:             InfragisticsWPF4.DataPresenter.v15.1 [C:\Users\ultra\warewolf\Dev\Dev2.Studio\Dev2.Studio.csproj]
C:\Program Files\dotnet\sdk\10.0.201\Microsoft.Common.CurrentVersion.targets(2451,5): warning MSB3277:             InfragisticsWPF4.DataVisualization.v15.1, Version=15.1.20151.2055, Culture=neutral, PublicKeyToken=7dd5c3163f2cd0cb, processorArchitecture=MSIL [C:\Users\ultra\warewolf\Dev\Dev2.Studio\Dev2.Studio.csproj]
C:\Program Files\dotnet\sdk\10.0.201\Microsoft.Common.CurrentVersion.targets(2451,5): warning MSB3277:             InfragisticsWPF4.DockManager.v15.1, Version=15.1.20151.2055, Culture=neutral, PublicKeyToken=7dd5c3163f2cd0cb, processorArchitecture=MSIL [C:\Users\ultra\warewolf\Dev\Dev2.Studio\Dev2.Studio.csproj]
C:\Program Files\dotnet\sdk\10.0.201\Microsoft.Common.CurrentVersion.targets(2451,5): warning MSB3277:             InfragisticsWPF4.Editors.v15.1, Version=15.1.20151.2055, Culture=neutral, processorArchitecture=MSIL [C:\Users\ultra\warewolf\Dev\Dev2.Studio\Dev2.Studio.csproj]
C:\Program Files\dotnet\sdk\10.0.201\Microsoft.Common.CurrentVersion.targets(2451,5): warning MSB3277:             InfragisticsWPF4.Math.Calculators.v15.1, Version=15.1.20151.2055, Culture=neutral, PublicKeyToken=7dd5c3163f2cd0cb, processorArchitecture=MSIL [C:\Users\ultra\warewolf\Dev\Dev2.Studio\Dev2.Studio.csproj]
C:\Program Files\dotnet\sdk\10.0.201\Microsoft.Common.CurrentVersion.targets(2451,5): warning MSB3277:             InfragisticsWPF4.Math.v15.1, Version=15.1.20151.2055, Culture=neutral, PublicKeyToken=7dd5c3163f2cd0cb, processorArchitecture=MSIL [C:\Users\ultra\warewolf\Dev\Dev2.Studio\Dev2.Studio.csproj]
C:\Program Files\dotnet\sdk\10.0.201\Microsoft.Common.CurrentVersion.targets(2451,5): warning MSB3277:         C:\Users\ultra\.nuget\packages\avalonedit\6.3.0.90\lib\net462\ICSharpCode.AvalonEdit.dll [C:\Users\ultra\warewolf\Dev\Dev2.Studio\Dev2.Studio.csproj]
C:\Program Files\dotnet\sdk\10.0.201\Microsoft.Common.CurrentVersion.targets(2451,5): warning MSB3277:           Project file item includes which caused reference "C:\Users\ultra\.nuget\packages\avalonedit\6.3.0.90\lib\net462\ICSharpCode.AvalonEdit.dll". [C:\Users\ultra\warewolf\Dev\Dev2.Studio\Dev2.Studio.csproj]
C:\Program Files\dotnet\sdk\10.0.201\Microsoft.Common.CurrentVersion.targets(2451,5): warning MSB3277:             C:\Users\ultra\.nuget\packages\avalonedit\6.3.0.90\lib\net462\ICSharpCode.AvalonEdit.dll [C:\Users\ultra\warewolf\Dev\Dev2.Studio\Dev2.Studio.csproj]
C:\Program Files\dotnet\sdk\10.0.201\Microsoft.Common.CurrentVersion.targets(2451,5): warning MSB3277:         C:\Users\ultra\.nuget\packages\caliburn.micro\4.0.212\lib\netcoreapp3.1\Caliburn.Micro.Platform.dll [C:\Users\ultra\warewolf\Dev\Dev2.Studio\Dev2.Studio.csproj]
C:\Program Files\dotnet\sdk\10.0.201\Microsoft.Common.CurrentVersion.targets(2451,5): warning MSB3277:           Project file item includes which caused reference "C:\Users\ultra\.nuget\packages\caliburn.micro\4.0.212\lib\netcoreapp3.1\Caliburn.Micro.Platform.dll". [C:\Users\ultra\warewolf\Dev\Dev2.Studio\Dev2.Studio.csproj]
C:\Program Files\dotnet\sdk\10.0.201\Microsoft.Common.CurrentVersion.targets(2451,5): warning MSB3277:             C:\Users\ultra\.nuget\packages\caliburn.micro\4.0.212\lib\netcoreapp3.1\Caliburn.Micro.Platform.dll [C:\Users\ultra\warewolf\Dev\Dev2.Studio\Dev2.Studio.csproj]
C:\Program Files\dotnet\sdk\10.0.201\Microsoft.Common.CurrentVersion.targets(2451,5): warning MSB3277:         C:\Users\ultra\.nuget\packages\extended.wpf.toolkit\4.4.0\lib\net5.0\Xceed.Wpf.AvalonDock.NET5.dll [C:\Users\ultra\warewolf\Dev\Dev2.Studio\Dev2.Studio.csproj]
C:\Program Files\dotnet\sdk\10.0.201\Microsoft.Common.CurrentVersion.targets(2451,5): warning MSB3277:           Project file item includes which caused reference "C:\Users\ultra\.nuget\packages\extended.wpf.toolkit\4.4.0\lib\net5.0\Xceed.Wpf.AvalonDock.NET5.dll". [C:\Users\ultra\warewolf\Dev\Dev2.Studio\Dev2.Studio.csproj]
C:\Program Files\dotnet\sdk\10.0.201\Microsoft.Common.CurrentVersion.targets(2451,5): warning MSB3277:             C:\Users\ultra\.nuget\packages\extended.wpf.toolkit\4.4.0\lib\net5.0\Xceed.Wpf.AvalonDock.NET5.dll [C:\Users\ultra\warewolf\Dev\Dev2.Studio\Dev2.Studio.csproj]
C:\Program Files\dotnet\sdk\10.0.201\Microsoft.Common.CurrentVersion.targets(2451,5): warning MSB3277:             C:\Users\ultra\.nuget\packages\extended.wpf.toolkit\4.4.0\lib\net5.0\Xceed.Wpf.AvalonDock.Themes.Aero.NET5.dll [C:\Users\ultra\warewolf\Dev\Dev2.Studio\Dev2.Studio.csproj]
C:\Program Files\dotnet\sdk\10.0.201\Microsoft.Common.CurrentVersion.targets(2451,5): warning MSB3277:             C:\Users\ultra\.nuget\packages\extended.wpf.toolkit\4.4.0\lib\net5.0\Xceed.Wpf.AvalonDock.Themes.Metro.NET5.dll [C:\Users\ultra\warewolf\Dev\Dev2.Studio\Dev2.Studio.csproj]
C:\Program Files\dotnet\sdk\10.0.201\Microsoft.Common.CurrentVersion.targets(2451,5): warning MSB3277:             C:\Users\ultra\.nuget\packages\extended.wpf.toolkit\4.4.0\lib\net5.0\Xceed.Wpf.AvalonDock.Themes.VS2010.NET5.dll [C:\Users\ultra\warewolf\Dev\Dev2.Studio\Dev2.Studio.csproj]
C:\Program Files\dotnet\sdk\10.0.201\Microsoft.Common.CurrentVersion.targets(2451,5): warning MSB3277:         C:\Users\ultra\.nuget\packages\extended.wpf.toolkit\4.4.0\lib\net5.0\Xceed.Wpf.AvalonDock.Themes.Aero.NET5.dll [C:\Users\ultra\warewolf\Dev\Dev2.Studio\Dev2.Studio.csproj]
C:\Program Files\dotnet\sdk\10.0.201\Microsoft.Common.CurrentVersion.targets(2451,5): warning MSB3277:           Project file item includes which caused reference "C:\Users\ultra\.nuget\packages\extended.wpf.toolkit\4.4.0\lib\net5.0\Xceed.Wpf.AvalonDock.Themes.Aero.NET5.dll". [C:\Users\ultra\warewolf\Dev\Dev2.Studio\Dev2.Studio.csproj]
C:\Program Files\dotnet\sdk\10.0.201\Microsoft.Common.CurrentVersion.targets(2451,5): warning MSB3277:             C:\Users\ultra\.nuget\packages\extended.wpf.toolkit\4.4.0\lib\net5.0\Xceed.Wpf.AvalonDock.Themes.Aero.NET5.dll [C:\Users\ultra\warewolf\Dev\Dev2.Studio\Dev2.Studio.csproj]
C:\Program Files\dotnet\sdk\10.0.201\Microsoft.Common.CurrentVersion.targets(2451,5): warning MSB3277:         C:\Users\ultra\.nuget\packages\extended.wpf.toolkit\4.4.0\lib\net5.0\Xceed.Wpf.Toolkit.NET5.dll [C:\Users\ultra\warewolf\Dev\Dev2.Studio\Dev2.Studio.csproj]
C:\Program Files\dotnet\sdk\10.0.201\Microsoft.Common.CurrentVersion.targets(2451,5): warning MSB3277:           Project file item includes which caused reference "C:\Users\ultra\.nuget\packages\extended.wpf.toolkit\4.4.0\lib\net5.0\Xceed.Wpf.Toolkit.NET5.dll". [C:\Users\ultra\warewolf\Dev\Dev2.Studio\Dev2.Studio.csproj]
C:\Program Files\dotnet\sdk\10.0.201\Microsoft.Common.CurrentVersion.targets(2451,5): warning MSB3277:             C:\Users\ultra\.nuget\packages\extended.wpf.toolkit\4.4.0\lib\net5.0\Xceed.Wpf.Toolkit.NET5.dll [C:\Users\ultra\warewolf\Dev\Dev2.Studio\Dev2.Studio.csproj]
C:\Program Files\dotnet\sdk\10.0.201\Microsoft.Common.CurrentVersion.targets(2451,5): warning MSB3277:         C:\Users\ultra\.nuget\packages\fontawesome.wpf\4.7.0.9\lib\net40\FontAwesome.WPF.dll [C:\Users\ultra\warewolf\Dev\Dev2.Studio\Dev2.Studio.csproj]
C:\Program Files\dotnet\sdk\10.0.201\Microsoft.Common.CurrentVersion.targets(2451,5): warning MSB3277:           Project file item includes which caused reference "C:\Users\ultra\.nuget\packages\fontawesome.wpf\4.7.0.9\lib\net40\FontAwesome.WPF.dll". [C:\Users\ultra\warewolf\Dev\Dev2.Studio\Dev2.Studio.csproj]
C:\Program Files\dotnet\sdk\10.0.201\Microsoft.Common.CurrentVersion.targets(2451,5): warning MSB3277:             C:\Users\ultra\.nuget\packages\fontawesome.wpf\4.7.0.9\lib\net40\FontAwesome.WPF.dll [C:\Users\ultra\warewolf\Dev\Dev2.Studio\Dev2.Studio.csproj]
C:\Program Files\dotnet\sdk\10.0.201\Microsoft.Common.CurrentVersion.targets(2451,5): warning MSB3277:         C:\Users\ultra\.nuget\packages\ironpython\3.4.0\lib\net6.0\IronPython.Wpf.dll [C:\Users\ultra\warewolf\Dev\Dev2.Studio\Dev2.Studio.csproj]
C:\Program Files\dotnet\sdk\10.0.201\Microsoft.Common.CurrentVersion.targets(2451,5): warning MSB3277:           Project file item includes which caused reference "C:\Users\ultra\.nuget\packages\ironpython\3.4.0\lib\net6.0\IronPython.Wpf.dll". [C:\Users\ultra\warewolf\Dev\Dev2.Studio\Dev2.Studio.csproj]
C:\Program Files\dotnet\sdk\10.0.201\Microsoft.Common.CurrentVersion.targets(2451,5): warning MSB3277:             C:\Users\ultra\.nuget\packages\ironpython\3.4.0\lib\net6.0\IronPython.Wpf.dll [C:\Users\ultra\warewolf\Dev\Dev2.Studio\Dev2.Studio.csproj]
C:\Program Files\dotnet\sdk\10.0.201\Microsoft.Common.CurrentVersion.targets(2451,5): warning MSB3277:         C:\Users\ultra\.nuget\packages\microsoft.xaml.behaviors.wpf\1.1.122\lib\net462\Microsoft.Xaml.Behaviors.dll [C:\Users\ultra\warewolf\Dev\Dev2.Studio\Dev2.Studio.csproj]
C:\Program Files\dotnet\sdk\10.0.201\Microsoft.Common.CurrentVersion.targets(2451,5): warning MSB3277:           Project file item includes which caused reference "C:\Users\ultra\.nuget\packages\microsoft.xaml.behaviors.wpf\1.1.122\lib\net462\Microsoft.Xaml.Behaviors.dll". [C:\Users\ultra\warewolf\Dev\Dev2.Studio\Dev2.Studio.csproj]
C:\Program Files\dotnet\sdk\10.0.201\Microsoft.Common.CurrentVersion.targets(2451,5): warning MSB3277:             C:\Users\ultra\.nuget\packages\microsoft.xaml.behaviors.wpf\1.1.122\lib\net462\Microsoft.Xaml.Behaviors.dll [C:\Users\ultra\warewolf\Dev\Dev2.Studio\Dev2.Studio.csproj]
C:\Program Files\dotnet\sdk\10.0.201\Microsoft.Common.CurrentVersion.targets(2451,5): warning MSB3277:             C:\Users\ultra\.nuget\packages\caliburn.micro\4.0.212\lib\netcoreapp3.1\Caliburn.Micro.Platform.dll [C:\Users\ultra\warewolf\Dev\Dev2.Studio\Dev2.Studio.csproj]
C:\Program Files\dotnet\sdk\10.0.201\Microsoft.Common.CurrentVersion.targets(2451,5): warning MSB3277:             C:\Users\ultra\.nuget\packages\prism.wpf\9.0.537\lib\net462\Prism.Wpf.dll [C:\Users\ultra\warewolf\Dev\Dev2.Studio\Dev2.Studio.csproj]
C:\Program Files\dotnet\sdk\10.0.201\Microsoft.Common.CurrentVersion.targets(2451,5): warning MSB3277:         C:\Users\ultra\.nuget\packages\prism.composition\5.0.0\lib\NET45\Microsoft.Practices.Prism.Composition.dll [C:\Users\ultra\warewolf\Dev\Dev2.Studio\Dev2.Studio.csproj]
C:\Program Files\dotnet\sdk\10.0.201\Microsoft.Common.CurrentVersion.targets(2451,5): warning MSB3277:           Project file item includes which caused reference "C:\Users\ultra\.nuget\packages\prism.composition\5.0.0\lib\NET45\Microsoft.Practices.Prism.Composition.dll". [C:\Users\ultra\warewolf\Dev\Dev2.Studio\Dev2.Studio.csproj]
C:\Program Files\dotnet\sdk\10.0.201\Microsoft.Common.CurrentVersion.targets(2451,5): warning MSB3277:             C:\Users\ultra\.nuget\packages\prism.composition\5.0.0\lib\NET45\Microsoft.Practices.Prism.Composition.dll [C:\Users\ultra\warewolf\Dev\Dev2.Studio\Dev2.Studio.csproj]
C:\Program Files\dotnet\sdk\10.0.201\Microsoft.Common.CurrentVersion.targets(2451,5): warning MSB3277:             C:\Users\ultra\.nuget\packages\prism.unityextensions\5.0.1\lib\NET45\Microsoft.Practices.Prism.UnityExtensions.dll [C:\Users\ultra\warewolf\Dev\Dev2.Studio\Dev2.Studio.csproj]
C:\Program Files\dotnet\sdk\10.0.201\Microsoft.Common.CurrentVersion.targets(2451,5): warning MSB3277:         C:\Users\ultra\.nuget\packages\prism.interactivity\5.0.0\lib\NET45\Microsoft.Practices.Prism.Interactivity.dll [C:\Users\ultra\warewolf\Dev\Dev2.Studio\Dev2.Studio.csproj]
C:\Program Files\dotnet\sdk\10.0.201\Microsoft.Common.CurrentVersion.targets(2451,5): warning MSB3277:           Project file item includes which caused reference "C:\Users\ultra\.nuget\packages\prism.interactivity\5.0.0\lib\NET45\Microsoft.Practices.Prism.Interactivity.dll". [C:\Users\ultra\warewolf\Dev\Dev2.Studio\Dev2.Studio.csproj]
C:\Program Files\dotnet\sdk\10.0.201\Microsoft.Common.CurrentVersion.targets(2451,5): warning MSB3277:             C:\Users\ultra\.nuget\packages\prism.interactivity\5.0.0\lib\NET45\Microsoft.Practices.Prism.Interactivity.dll [C:\Users\ultra\warewolf\Dev\Dev2.Studio\Dev2.Studio.csproj]
C:\Program Files\dotnet\sdk\10.0.201\Microsoft.Common.CurrentVersion.targets(2451,5): warning MSB3277:         C:\Users\ultra\.nuget\packages\prism.mvvm\1.0.0\lib\net45\Microsoft.Practices.Prism.Mvvm.Desktop.dll [C:\Users\ultra\warewolf\Dev\Dev2.Studio\Dev2.Studio.csproj]
C:\Program Files\dotnet\sdk\10.0.201\Microsoft.Common.CurrentVersion.targets(2451,5): warning MSB3277:           Project file item includes which caused reference "C:\Users\ultra\.nuget\packages\prism.mvvm\1.0.0\lib\net45\Microsoft.Practices.Prism.Mvvm.Desktop.dll". [C:\Users\ultra\warewolf\Dev\Dev2.Studio\Dev2.Studio.csproj]
C:\Program Files\dotnet\sdk\10.0.201\Microsoft.Common.CurrentVersion.targets(2451,5): warning MSB3277:             C:\Users\ultra\.nuget\packages\prism.mvvm\1.0.0\lib\net45\Microsoft.Practices.Prism.Mvvm.Desktop.dll [C:\Users\ultra\warewolf\Dev\Dev2.Studio\Dev2.Studio.csproj]
C:\Program Files\dotnet\sdk\10.0.201\Microsoft.Common.CurrentVersion.targets(2451,5): warning MSB3277:         C:\Users\ultra\.nuget\packages\prism.unityextensions\5.0.1\lib\NET45\Microsoft.Practices.Prism.UnityExtensions.dll [C:\Users\ultra\warewolf\Dev\Dev2.Studio\Dev2.Studio.csproj]
C:\Program Files\dotnet\sdk\10.0.201\Microsoft.Common.CurrentVersion.targets(2451,5): warning MSB3277:           Project file item includes which caused reference "C:\Users\ultra\.nuget\packages\prism.unityextensions\5.0.1\lib\NET45\Microsoft.Practices.Prism.UnityExtensions.dll". [C:\Users\ultra\warewolf\Dev\Dev2.Studio\Dev2.Studio.csproj]
C:\Program Files\dotnet\sdk\10.0.201\Microsoft.Common.CurrentVersion.targets(2451,5): warning MSB3277:             C:\Users\ultra\.nuget\packages\prism.unityextensions\5.0.1\lib\NET45\Microsoft.Practices.Prism.UnityExtensions.dll [C:\Users\ultra\warewolf\Dev\Dev2.Studio\Dev2.Studio.csproj]
C:\Program Files\dotnet\sdk\10.0.201\Microsoft.Common.CurrentVersion.targets(2451,5): warning MSB3277:         C:\Users\ultra\.nuget\packages\prism.wpf\9.0.537\lib\net462\Prism.Wpf.dll [C:\Users\ultra\warewolf\Dev\Dev2.Studio\Dev2.Studio.csproj]
C:\Program Files\dotnet\sdk\10.0.201\Microsoft.Common.CurrentVersion.targets(2451,5): warning MSB3277:           Project file item includes which caused reference "C:\Users\ultra\.nuget\packages\prism.wpf\9.0.537\lib\net462\Prism.Wpf.dll". [C:\Users\ultra\warewolf\Dev\Dev2.Studio\Dev2.Studio.csproj]
C:\Program Files\dotnet\sdk\10.0.201\Microsoft.Common.CurrentVersion.targets(2451,5): warning MSB3277:             C:\Users\ultra\.nuget\packages\prism.wpf\9.0.537\lib\net462\Prism.Wpf.dll [C:\Users\ultra\warewolf\Dev\Dev2.Studio\Dev2.Studio.csproj]
C:\Program Files\dotnet\sdk\10.0.201\Microsoft.Common.CurrentVersion.targets(2451,5): warning MSB3277:         C:\Users\ultra\.nuget\packages\reactiveui.wpf\18.4.1\lib\net462\ReactiveUI.Wpf.dll [C:\Users\ultra\warewolf\Dev\Dev2.Studio\Dev2.Studio.csproj]
C:\Program Files\dotnet\sdk\10.0.201\Microsoft.Common.CurrentVersion.targets(2451,5): warning MSB3277:           Project file item includes which caused reference "C:\Users\ultra\.nuget\packages\reactiveui.wpf\18.4.1\lib\net462\ReactiveUI.Wpf.dll". [C:\Users\ultra\warewolf\Dev\Dev2.Studio\Dev2.Studio.csproj]
C:\Program Files\dotnet\sdk\10.0.201\Microsoft.Common.CurrentVersion.targets(2451,5): warning MSB3277:             C:\Users\ultra\.nuget\packages\reactiveui.wpf\18.4.1\lib\net462\ReactiveUI.Wpf.dll [C:\Users\ultra\warewolf\Dev\Dev2.Studio\Dev2.Studio.csproj]
C:\Program Files\dotnet\sdk\10.0.201\Microsoft.Common.CurrentVersion.targets(2451,5): warning MSB3277: Found conflicts between different versions of "System.Drawing.Common" that could not be resolved. [C:\Users\ultra\warewolf\Dev\Dev2.Studio\Dev2.Studio.csproj]
C:\Program Files\dotnet\sdk\10.0.201\Microsoft.Common.CurrentVersion.targets(2451,5): warning MSB3277: There was a conflict between "System.Drawing.Common, Version=6.0.0.0, Culture=neutral, PublicKeyToken=cc7b13ffcd2ddd51" and "System.Drawing.Common, Version=8.0.0.0, Culture=neutral, PublicKeyToken=cc7b13ffcd2ddd51". [C:\Users\ultra\warewolf\Dev\Dev2.Studio\Dev2.Studio.csproj]
C:\Program Files\dotnet\sdk\10.0.201\Microsoft.Common.CurrentVersion.targets(2451,5): warning MSB3277:     "System.Drawing.Common, Version=6.0.0.0, Culture=neutral, PublicKeyToken=cc7b13ffcd2ddd51" was chosen because it was primary and "System.Drawing.Common, Version=8.0.0.0, Culture=neutral, PublicKeyToken=cc7b13ffcd2ddd51" was not. [C:\Users\ultra\warewolf\Dev\Dev2.Studio\Dev2.Studio.csproj]
C:\Program Files\dotnet\sdk\10.0.201\Microsoft.Common.CurrentVersion.targets(2451,5): warning MSB3277:     References which depend on "System.Drawing.Common, Version=6.0.0.0, Culture=neutral, PublicKeyToken=cc7b13ffcd2ddd51" [C:\Users\ultra\.nuget\packages\system.drawing.common\6.0.0\lib\net6.0\System.Drawing.Common.dll]. [C:\Users\ultra\warewolf\Dev\Dev2.Studio\Dev2.Studio.csproj]
C:\Program Files\dotnet\sdk\10.0.201\Microsoft.Common.CurrentVersion.targets(2451,5): warning MSB3277:         C:\Users\ultra\.nuget\packages\system.drawing.common\6.0.0\lib\net6.0\System.Drawing.Common.dll [C:\Users\ultra\warewolf\Dev\Dev2.Studio\Dev2.Studio.csproj]
C:\Program Files\dotnet\sdk\10.0.201\Microsoft.Common.CurrentVersion.targets(2451,5): warning MSB3277:           Project file item includes which caused reference "C:\Users\ultra\.nuget\packages\system.drawing.common\6.0.0\lib\net6.0\System.Drawing.Common.dll". [C:\Users\ultra\warewolf\Dev\Dev2.Studio\Dev2.Studio.csproj]
C:\Program Files\dotnet\sdk\10.0.201\Microsoft.Common.CurrentVersion.targets(2451,5): warning MSB3277:             C:\Users\ultra\.nuget\packages\system.drawing.common\6.0.0\lib\net6.0\System.Drawing.Common.dll [C:\Users\ultra\warewolf\Dev\Dev2.Studio\Dev2.Studio.csproj]
C:\Program Files\dotnet\sdk\10.0.201\Microsoft.Common.CurrentVersion.targets(2451,5): warning MSB3277:     References which depend on or have been unified to "System.Drawing.Common, Version=8.0.0.0, Culture=neutral, PublicKeyToken=cc7b13ffcd2ddd51" []. [C:\Users\ultra\warewolf\Dev\Dev2.Studio\Dev2.Studio.csproj]
C:\Program Files\dotnet\sdk\10.0.201\Microsoft.Common.CurrentVersion.targets(2451,5): warning MSB3277:         C:\Users\ultra\.nuget\packages\servicestack\6.3.0\lib\net6.0\ServiceStack.dll [C:\Users\ultra\warewolf\Dev\Dev2.Studio\Dev2.Studio.csproj]
C:\Program Files\dotnet\sdk\10.0.201\Microsoft.Common.CurrentVersion.targets(2451,5): warning MSB3277:           Project file item includes which caused reference "C:\Users\ultra\.nuget\packages\servicestack\6.3.0\lib\net6.0\ServiceStack.dll". [C:\Users\ultra\warewolf\Dev\Dev2.Studio\Dev2.Studio.csproj]
C:\Program Files\dotnet\sdk\10.0.201\Microsoft.Common.CurrentVersion.targets(2451,5): warning MSB3277:             C:\Users\ultra\.nuget\packages\servicestack\6.3.0\lib\net6.0\ServiceStack.dll [C:\Users\ultra\warewolf\Dev\Dev2.Studio\Dev2.Studio.csproj]
C:\Program Files\dotnet\sdk\10.0.201\Microsoft.Common.CurrentVersion.targets(2451,5): warning MSB3277:         C:\Users\ultra\.nuget\packages\system.windows.extensions\8.0.0\lib\net8.0\System.Windows.Extensions.dll [C:\Users\ultra\warewolf\Dev\Dev2.Studio\Dev2.Studio.csproj]
C:\Program Files\dotnet\sdk\10.0.201\Microsoft.Common.CurrentVersion.targets(2451,5): warning MSB3277:           Project file item includes which caused reference "C:\Users\ultra\.nuget\packages\system.windows.extensions\8.0.0\lib\net8.0\System.Windows.Extensions.dll". [C:\Users\ultra\warewolf\Dev\Dev2.Studio\Dev2.Studio.csproj]
C:\Program Files\dotnet\sdk\10.0.201\Microsoft.Common.CurrentVersion.targets(2451,5): warning MSB3277:             C:\Users\ultra\.nuget\packages\system.windows.extensions\8.0.0\lib\net8.0\System.Windows.Extensions.dll [C:\Users\ultra\warewolf\Dev\Dev2.Studio\Dev2.Studio.csproj]
C:\Program Files\dotnet\sdk\10.0.201\Microsoft.Common.CurrentVersion.targets(2451,5): warning MSB3277:             InfragisticsWPF4.Editors.v15.1, Version=15.1.20151.2055, Culture=neutral, processorArchitecture=MSIL [C:\Users\ultra\warewolf\Dev\Dev2.Studio\Dev2.Studio.csproj]
C:\Program Files\dotnet\sdk\10.0.201\Microsoft.Common.CurrentVersion.targets(2451,5): warning MSB3277:             InfragisticsWPF4.DataPresenter.v15.1 [C:\Users\ultra\warewolf\Dev\Dev2.Studio\Dev2.Studio.csproj]
C:\Program Files\dotnet\sdk\10.0.201\Microsoft.Common.CurrentVersion.targets(2451,5): warning MSB3277:             C:\Users\ultra\.nuget\packages\extended.wpf.toolkit\4.4.0\lib\net5.0\Xceed.Wpf.Toolkit.NET5.dll [C:\Users\ultra\warewolf\Dev\Dev2.Studio\Dev2.Studio.csproj]
C:\Program Files\dotnet\sdk\10.0.201\Microsoft.Common.CurrentVersion.targets(2451,5): warning MSB3277:             C:\Users\ultra\.nuget\packages\system.security.permissions\8.0.0\lib\net8.0\System.Security.Permissions.dll [C:\Users\ultra\warewolf\Dev\Dev2.Studio\Dev2.Studio.csproj]
C:\Program Files\dotnet\sdk\10.0.201\Microsoft.Common.CurrentVersion.targets(2451,5): warning MSB3277:             C:\Users\ultra\warewolf\Dev\Dev2.Data\bin\Debug\net8.0\Dev2.Data.dll [C:\Users\ultra\warewolf\Dev\Dev2.Studio\Dev2.Studio.csproj]
C:\Program Files\dotnet\sdk\10.0.201\Microsoft.Common.CurrentVersion.targets(2451,5): warning MSB3277:             C:\Users\ultra\warewolf\Dev\Dev2.Activities\bin\Debug\net8.0\Dev2.Activities.dll [C:\Users\ultra\warewolf\Dev\Dev2.Studio\Dev2.Studio.csproj]
C:\Program Files\dotnet\sdk\10.0.201\Microsoft.Common.CurrentVersion.targets(2451,5): warning MSB3277:             C:\Users\ultra\warewolf\Dev\Dev2.Core\bin\Debug\net8.0\Dev2.Core.dll [C:\Users\ultra\warewolf\Dev\Dev2.Studio\Dev2.Studio.csproj]
C:\Program Files\dotnet\sdk\10.0.201\Microsoft.Common.CurrentVersion.targets(2451,5): warning MSB3277:             C:\Users\ultra\warewolf\Dev\Dev2.Intellisense\bin\Debug\net8.0\Dev2.Intellisense.dll [C:\Users\ultra\warewolf\Dev\Dev2.Studio\Dev2.Studio.csproj]
C:\Program Files\dotnet\sdk\10.0.201\Microsoft.Common.CurrentVersion.targets(2451,5): warning MSB3277:             C:\Users\ultra\warewolf\Dev\Dev2.Scheduler\bin\Debug\net8.0\Dev2.Scheduler.dll [C:\Users\ultra\warewolf\Dev\Dev2.Studio\Dev2.Studio.csproj]
C:\Program Files\dotnet\sdk\10.0.201\Microsoft.Common.CurrentVersion.targets(2451,5): warning MSB3277:             C:\Users\ultra\warewolf\Dev\Dev2.Services.Execution\bin\Debug\net8.0\Dev2.Services.Execution.dll [C:\Users\ultra\warewolf\Dev\Dev2.Studio\Dev2.Studio.csproj]
C:\Program Files\dotnet\sdk\10.0.201\Microsoft.Common.CurrentVersion.targets(2451,5): warning MSB3277:             C:\Users\ultra\warewolf\Dev\Dev2.Studio.Core\bin\Debug\net8.0\Dev2.Studio.Core.dll [C:\Users\ultra\warewolf\Dev\Dev2.Studio\Dev2.Studio.csproj]
C:\Program Files\dotnet\sdk\10.0.201\Microsoft.Common.CurrentVersion.targets(2451,5): warning MSB3277:             C:\Users\ultra\warewolf\Dev\Dev2.Studio.Interfaces\bin\Debug\net8.0\Dev2.Studio.Interfaces.dll [C:\Users\ultra\warewolf\Dev\Dev2.Studio\Dev2.Studio.csproj]
C:\Program Files\dotnet\sdk\10.0.201\Microsoft.Common.CurrentVersion.targets(2451,5): warning MSB3277:             C:\Users\ultra\warewolf\Dev\Warewolf.Core\bin\Debug\net8.0\Warewolf.Core.dll [C:\Users\ultra\warewolf\Dev\Dev2.Studio\Dev2.Studio.csproj]
C:\Program Files\dotnet\sdk\10.0.201\Microsoft.Common.CurrentVersion.targets(2451,5): warning MSB3277:             C:\Users\ultra\warewolf\Dev\Warewolf.ResourceManagement\bin\Debug\net8.0\Warewolf.ResourceManagement.dll [C:\Users\ultra\warewolf\Dev\Dev2.Studio\Dev2.Studio.csproj]
C:\Program Files\dotnet\sdk\10.0.201\Microsoft.Common.CurrentVersion.targets(2451,5): warning MSB3277:             C:\Users\ultra\warewolf\Dev\Warewolf.Studio.Core\bin\Debug\net8.0\Warewolf.Studio.Core.dll [C:\Users\ultra\warewolf\Dev\Dev2.Studio\Dev2.Studio.csproj]
C:\Program Files\dotnet\sdk\10.0.201\Microsoft.Common.CurrentVersion.targets(2451,5): warning MSB3277:             C:\Users\ultra\warewolf\Dev\Warewolf.Studio.Models\bin\Debug\net8.0\Warewolf.Studio.Models.dll [C:\Users\ultra\warewolf\Dev\Dev2.Studio\Dev2.Studio.csproj]
C:\Program Files\dotnet\sdk\10.0.201\Microsoft.Common.CurrentVersion.targets(2451,5): warning MSB3277:             C:\Users\ultra\warewolf\Dev\Warewolf.Studio.CustomControls\bin\Debug\net8.0\Warewolf.Studio.CustomControls.dll [C:\Users\ultra\warewolf\Dev\Dev2.Studio\Dev2.Studio.csproj]
C:\Program Files\dotnet\sdk\10.0.201\Microsoft.Common.CurrentVersion.targets(2451,5): warning MSB3277:             C:\Users\ultra\warewolf\Dev\Warewolf.Studio.ViewModels\bin\Debug\net8.0\Warewolf.Studio.ViewModels.dll [C:\Users\ultra\warewolf\Dev\Dev2.Studio\Dev2.Studio.csproj]
C:\Program Files\dotnet\sdk\10.0.201\Microsoft.Common.CurrentVersion.targets(2451,5): warning MSB3277:             C:\Users\ultra\warewolf\Dev\Warewolf.Trigger.Queue\bin\Debug\net8.0\Warewolf.Trigger.Queue.dll [C:\Users\ultra\warewolf\Dev\Dev2.Studio\Dev2.Studio.csproj]
C:\Program Files\dotnet\sdk\10.0.201\Microsoft.Common.CurrentVersion.targets(2451,5): warning MSB3277:             C:\Users\ultra\warewolf\Dev\Warewolf.UI\bin\Debug\net8.0\Warewolf.UI.dll [C:\Users\ultra\warewolf\Dev\Dev2.Studio\Dev2.Studio.csproj]
C:\Program Files\dotnet\sdk\10.0.201\Microsoft.Common.CurrentVersion.targets(2451,5): warning MSB3277:             C:\Users\ultra\warewolf\Dev\Dev2.Runtime.Services\bin\Debug\net8.0\Dev2.Runtime.Services.dll [C:\Users\ultra\warewolf\Dev\Dev2.Studio\Dev2.Studio.csproj]
C:\Program Files\dotnet\sdk\10.0.201\Microsoft.Common.CurrentVersion.targets(2451,5): warning MSB3277:             C:\Users\ultra\warewolf\Dev\Warewolf.Auditing\bin\Debug\net8.0\Warewolf.Auditing.dll [C:\Users\ultra\warewolf\Dev\Dev2.Studio\Dev2.Studio.csproj]
C:\Program Files\dotnet\sdk\10.0.201\Microsoft.Common.CurrentVersion.targets(2451,5): warning MSB3277:             C:\Users\ultra\warewolf\Dev\Warewolf.Common.NetStandard20\bin\Debug\net8.0\Warewolf.Common.NetStandard20.dll [C:\Users\ultra\warewolf\Dev\Dev2.Studio\Dev2.Studio.csproj]
C:\Program Files\dotnet\sdk\10.0.201\Microsoft.Common.CurrentVersion.targets(2451,5): warning MSB3277:             C:\Users\ultra\warewolf\Dev\Warewolf.Driver.Persistence\bin\Debug\net8.0\Warewolf.Driver.Persistence.dll [C:\Users\ultra\warewolf\Dev\Dev2.Studio\Dev2.Studio.csproj]
C:\Program Files\dotnet\sdk\10.0.201\Microsoft.Common.CurrentVersion.targets(2451,5): warning MSB3277:             C:\Users\ultra\warewolf\Dev\Warewolf.Exchange.Email.Wrapper\bin\Debug\net8.0\Warewolf.Exchange.Email.Wrapper.dll [C:\Users\ultra\warewolf\Dev\Dev2.Studio\Dev2.Studio.csproj]
C:\Program Files\dotnet\sdk\10.0.201\Microsoft.Common.CurrentVersion.targets(2451,5): warning MSB3277:             InfragisticsWPF4.DataVisualization.v15.1, Version=15.1.20151.2055, Culture=neutral, PublicKeyToken=7dd5c3163f2cd0cb, processorArchitecture=MSIL [C:\Users\ultra\warewolf\Dev\Dev2.Studio\Dev2.Studio.csproj]
C:\Program Files\dotnet\sdk\10.0.201\Microsoft.Common.CurrentVersion.targets(2451,5): warning MSB3277:             InfragisticsWPF4.Controls.Maps.XamNetworkNode.v15.1, Version=15.1.20151.2055, Culture=neutral, PublicKeyToken=7dd5c3163f2cd0cb, processorArchitecture=MSIL [C:\Users\ultra\warewolf\Dev\Dev2.Studio\Dev2.Studio.csproj]
C:\Program Files\dotnet\sdk\10.0.201\Microsoft.Common.CurrentVersion.targets(2451,5): warning MSB3277:             InfragisticsWPF4.DockManager.v15.1, Version=15.1.20151.2055, Culture=neutral, PublicKeyToken=7dd5c3163f2cd0cb, processorArchitecture=MSIL [C:\Users\ultra\warewolf\Dev\Dev2.Studio\Dev2.Studio.csproj]
C:\Program Files\dotnet\sdk\10.0.201\Microsoft.Common.CurrentVersion.targets(2451,5): warning MSB3277:             InfragisticsWPF4.Math.Calculators.v15.1, Version=15.1.20151.2055, Culture=neutral, PublicKeyToken=7dd5c3163f2cd0cb, processorArchitecture=MSIL [C:\Users\ultra\warewolf\Dev\Dev2.Studio\Dev2.Studio.csproj]
C:\Program Files\dotnet\sdk\10.0.201\Microsoft.Common.CurrentVersion.targets(2451,5): warning MSB3277:             InfragisticsWPF4.v15.1, Version=15.1.20151.2055, Culture=neutral, PublicKeyToken=7dd5c3163f2cd0cb, processorArchitecture=MSIL [C:\Users\ultra\warewolf\Dev\Dev2.Studio\Dev2.Studio.csproj]
C:\Program Files\dotnet\sdk\10.0.201\Microsoft.Common.CurrentVersion.targets(2451,5): warning MSB3277:             InfragisticsWPF4.Controls.Editors.XamComboEditor.v15.1, Version=15.1.20151.2055, Culture=neutral, processorArchitecture=MSIL [C:\Users\ultra\warewolf\Dev\Dev2.Studio\Dev2.Studio.csproj]
C:\Program Files\dotnet\sdk\10.0.201\Microsoft.Common.CurrentVersion.targets(2451,5): warning MSB3277:             InfragisticsWPF4.Controls.Grids.XamGrid.v15.1, Version=15.1.20151.2055, Culture=neutral, PublicKeyToken=7dd5c3163f2cd0cb, processorArchitecture=MSIL [C:\Users\ultra\warewolf\Dev\Dev2.Studio\Dev2.Studio.csproj]
C:\Program Files\dotnet\sdk\10.0.201\Microsoft.Common.CurrentVersion.targets(2451,5): warning MSB3277:             CalculationManager.WPF [C:\Users\ultra\warewolf\Dev\Dev2.Studio\Dev2.Studio.csproj]
C:\Program Files\dotnet\sdk\10.0.201\Microsoft.Common.CurrentVersion.targets(2451,5): warning MSB3277:             InfragisticsWPF4.Controls.Interactions.XamDialogWindow.v15.1, Version=15.1.20151.2055, Culture=neutral, PublicKeyToken=7dd5c3163f2cd0cb, processorArchitecture=MSIL [C:\Users\ultra\warewolf\Dev\Dev2.Studio\Dev2.Studio.csproj]
C:\Program Files\dotnet\sdk\10.0.201\Microsoft.Common.CurrentVersion.targets(2451,5): warning MSB3277:             InfragisticsWPF4.Controls.Menus.XamDataTree.v15.1, Version=15.1.20151.2055, Culture=neutral, processorArchitecture=MSIL [C:\Users\ultra\warewolf\Dev\Dev2.Studio\Dev2.Studio.csproj]
C:\Program Files\dotnet\sdk\10.0.201\Microsoft.Common.CurrentVersion.targets(2451,5): warning MSB3277:             InfragisticsWPF4.Controls.Menus.XamMenu.v15.1, Version=15.1.20151.2055, Culture=neutral, processorArchitecture=MSIL [C:\Users\ultra\warewolf\Dev\Dev2.Studio\Dev2.Studio.csproj]
C:\Program Files\dotnet\sdk\10.0.201\Microsoft.Common.CurrentVersion.targets(2451,5): warning MSB3277:             InfragisticsWPF4.DataManager.v15.1, Version=15.1.20151.2055, Culture=neutral, processorArchitecture=MSIL [C:\Users\ultra\warewolf\Dev\Dev2.Studio\Dev2.Studio.csproj]
C:\Program Files\dotnet\sdk\10.0.201\Microsoft.Common.CurrentVersion.targets(2451,5): warning MSB3277:             InfragisticsWPF4.Math.v15.1, Version=15.1.20151.2055, Culture=neutral, PublicKeyToken=7dd5c3163f2cd0cb, processorArchitecture=MSIL [C:\Users\ultra\warewolf\Dev\Dev2.Studio\Dev2.Studio.csproj]
C:\Program Files\dotnet\sdk\10.0.201\Microsoft.Common.CurrentVersion.targets(2451,5): warning MSB3277:             C:\Users\ultra\.nuget\packages\dotnetzip\1.16.0\lib\netstandard2.0\DotNetZip.dll [C:\Users\ultra\warewolf\Dev\Dev2.Studio\Dev2.Studio.csproj]
C:\Program Files\dotnet\sdk\10.0.201\Microsoft.Common.CurrentVersion.targets(2451,5): warning MSB3277:             C:\Users\ultra\warewolf\Dev\Dev2.Data.Interfaces\bin\Debug\net8.0\Dev2.Data.Interfaces.dll [C:\Users\ultra\warewolf\Dev\Dev2.Studio\Dev2.Studio.csproj]
C:\Program Files\dotnet\sdk\10.0.201\Microsoft.Common.CurrentVersion.targets(2451,5): warning MSB3277:             C:\Users\ultra\warewolf\Dev\Dev2.Diagnostics\bin\Debug\net8.0\Dev2.Diagnostics.dll [C:\Users\ultra\warewolf\Dev\Dev2.Studio\Dev2.Studio.csproj]
C:\Program Files\dotnet\sdk\10.0.201\Microsoft.Common.CurrentVersion.targets(2451,5): warning MSB3277:             C:\Users\ultra\warewolf\Dev\Dev2.Infrastructure\bin\Debug\net8.0\Dev2.Infrastructure.dll [C:\Users\ultra\warewolf\Dev\Dev2.Studio\Dev2.Studio.csproj]
C:\Program Files\dotnet\sdk\10.0.201\Microsoft.Common.CurrentVersion.targets(2451,5): warning MSB3277:             C:\Users\ultra\warewolf\Dev\Dev2.Common\bin\Debug\net8.0\Dev2.Common.dll [C:\Users\ultra\warewolf\Dev\Dev2.Studio\Dev2.Studio.csproj]
C:\Program Files\dotnet\sdk\10.0.201\Microsoft.Common.CurrentVersion.targets(2451,5): warning MSB3277:             C:\Users\ultra\warewolf\Dev\Dev2.TaskScheduler.Wrappers\bin\Debug\net8.0\Dev2.TaskScheduler.Wrappers.dll [C:\Users\ultra\warewolf\Dev\Dev2.Studio\Dev2.Studio.csproj]
C:\Program Files\dotnet\sdk\10.0.201\Microsoft.Common.CurrentVersion.targets(2451,5): warning MSB3277:             C:\Users\ultra\warewolf\Dev\Dev2.Util\bin\Debug\net8.0\Dev2.Util.dll [C:\Users\ultra\warewolf\Dev\Dev2.Studio\Dev2.Studio.csproj]
C:\Program Files\dotnet\sdk\10.0.201\Microsoft.Common.CurrentVersion.targets(2451,5): warning MSB3277:             C:\Users\ultra\warewolf\Dev\Warewolf.Sharepoint\bin\Debug\net8.0\Warewolf.Sharepoint.dll [C:\Users\ultra\warewolf\Dev\Dev2.Studio\Dev2.Studio.csproj]
C:\Program Files\dotnet\sdk\10.0.201\Microsoft.Common.CurrentVersion.targets(2451,5): warning MSB3277:             C:\Users\ultra\warewolf\Dev\Warewolf.Storage\bin\Debug\net8.0\Warewolf.Storage.dll [C:\Users\ultra\warewolf\Dev\Dev2.Studio\Dev2.Studio.csproj]
C:\Program Files\dotnet\sdk\10.0.201\Microsoft.Common.CurrentVersion.targets(2451,5): warning MSB3277:             C:\Users\ultra\warewolf\Dev\Dev2.Development.Languages\bin\Debug\net8.0\Dev2.Development.Languages.dll [C:\Users\ultra\warewolf\Dev\Dev2.Studio\Dev2.Studio.csproj]
C:\Program Files\dotnet\sdk\10.0.201\Microsoft.Common.CurrentVersion.targets(2451,5): warning MSB3277:             C:\Users\ultra\warewolf\Dev\Dev2.Services.Sql\bin\Debug\net8.0\Dev2.Services.Sql.dll [C:\Users\ultra\warewolf\Dev\Dev2.Studio\Dev2.Studio.csproj]
C:\Program Files\dotnet\sdk\10.0.201\Microsoft.Common.CurrentVersion.targets(2451,5): warning MSB3277:             C:\Users\ultra\warewolf\Dev\Warewolf.AI.Harness\bin\Debug\net8.0\Warewolf.AI.Harness.dll [C:\Users\ultra\warewolf\Dev\Dev2.Studio\Dev2.Studio.csproj]
C:\Program Files\dotnet\sdk\10.0.201\Microsoft.Common.CurrentVersion.targets(2451,5): warning MSB3277:             C:\Users\ultra\warewolf\Dev\Warewolf.Driver.Serilog\bin\Debug\net8.0\Warewolf.Driver.Serilog.dll [C:\Users\ultra\warewolf\Dev\Dev2.Studio\Dev2.Studio.csproj]
C:\Program Files\dotnet\sdk\10.0.201\Microsoft.Common.CurrentVersion.targets(2451,5): warning MSB3277:             C:\Users\ultra\.nuget\packages\mindbox.data.linq\5.0.0\lib\netstandard2.0\Mindbox.Data.Linq.dll [C:\Users\ultra\warewolf\Dev\Dev2.Studio\Dev2.Studio.csproj]
C:\Program Files\dotnet\sdk\10.0.201\Microsoft.Common.CurrentVersion.targets(2451,5): warning MSB3277:             C:\Users\ultra\.nuget\packages\mysql.data\8.4.0\lib\net8.0\MySql.Data.dll [C:\Users\ultra\warewolf\Dev\Dev2.Studio\Dev2.Studio.csproj]
C:\Program Files\dotnet\sdk\10.0.201\Microsoft.Common.CurrentVersion.targets(2451,5): warning MSB3277:             C:\Users\ultra\.nuget\packages\oracle.manageddataaccess.core\3.21.70\lib\netstandard2.1\Oracle.ManagedDataAccess.dll [C:\Users\ultra\warewolf\Dev\Dev2.Studio\Dev2.Studio.csproj]
C:\Program Files\dotnet\sdk\10.0.201\Microsoft.Common.CurrentVersion.targets(2451,5): warning MSB3277:             C:\Users\ultra\.nuget\packages\system.directoryservices\6.0.0\lib\net6.0\System.DirectoryServices.dll [C:\Users\ultra\warewolf\Dev\Dev2.Studio\Dev2.Studio.csproj]
C:\Program Files\dotnet\sdk\10.0.201\Microsoft.Common.CurrentVersion.targets(2451,5): warning MSB3277:             C:\Users\ultra\.nuget\packages\corewcf.primitives\1.2.1\lib\netstandard2.0\CoreWCF.Primitives.dll [C:\Users\ultra\warewolf\Dev\Dev2.Studio\Dev2.Studio.csproj]
C:\Program Files\dotnet\sdk\10.0.201\Microsoft.Common.CurrentVersion.targets(2451,5): warning MSB3277:             C:\Users\ultra\.nuget\packages\corewcf.http\1.2.1\lib\netstandard2.0\CoreWCF.Http.dll [C:\Users\ultra\warewolf\Dev\Dev2.Studio\Dev2.Studio.csproj]
C:\Program Files\dotnet\sdk\10.0.201\Microsoft.Common.CurrentVersion.targets(2451,5): warning MSB3277:             C:\Users\ultra\.nuget\packages\corewcf.nettcp\1.2.1\lib\netstandard2.0\CoreWCF.NetTcp.dll [C:\Users\ultra\warewolf\Dev\Dev2.Studio\Dev2.Studio.csproj]
C:\Program Files\dotnet\sdk\10.0.201\Microsoft.Common.CurrentVersion.targets(2451,5): warning MSB3277:             C:\Users\ultra\.nuget\packages\corewcf.webhttp\1.2.1\lib\netstandard2.0\CoreWCF.WebHttp.dll [C:\Users\ultra\warewolf\Dev\Dev2.Studio\Dev2.Studio.csproj]
C:\Program Files\dotnet\sdk\10.0.201\Microsoft.Common.CurrentVersion.targets(2451,5): warning MSB3277:             C:\Program Files\dotnet\packs\Microsoft.NETCore.App.Ref\8.0.25\ref/net8.0/System.Configuration.dll [C:\Users\ultra\warewolf\Dev\Dev2.Studio\Dev2.Studio.csproj]
C:\Program Files\dotnet\sdk\10.0.201\Microsoft.Common.CurrentVersion.targets(2451,5): warning MSB3277:             C:\Users\ultra\.nuget\packages\prism.composition\5.0.0\lib\NET45\Microsoft.Practices.Prism.Composition.dll [C:\Users\ultra\warewolf\Dev\Dev2.Studio\Dev2.Studio.csproj]
C:\Program Files\dotnet\sdk\10.0.201\Microsoft.Common.CurrentVersion.targets(2451,5): warning MSB3277:             C:\Users\ultra\.nuget\packages\prism.unityextensions\5.0.1\lib\NET45\Microsoft.Practices.Prism.UnityExtensions.dll [C:\Users\ultra\warewolf\Dev\Dev2.Studio\Dev2.Studio.csproj]
C:\Program Files\dotnet\sdk\10.0.201\Microsoft.Common.CurrentVersion.targets(2451,5): warning MSB3277:             C:\Users\ultra\.nuget\packages\prism.wpf\9.0.537\lib\net462\Prism.Wpf.dll [C:\Users\ultra\warewolf\Dev\Dev2.Studio\Dev2.Studio.csproj]
C:\Program Files\dotnet\sdk\10.0.201\Microsoft.Common.CurrentVersion.targets(2451,5): warning MSB3277:             C:\Program Files\dotnet\packs\Microsoft.NETCore.App.Ref\8.0.25\ref/net8.0/System.Data.dll [C:\Users\ultra\warewolf\Dev\Dev2.Studio\Dev2.Studio.csproj]
C:\Program Files\dotnet\sdk\10.0.201\Microsoft.Common.CurrentVersion.targets(2451,5): warning MSB3277:             C:\Users\ultra\.nuget\packages\taskschedulereditor\2.10.1\lib\net452\Microsoft.Win32.TaskSchedulerEditor.dll [C:\Users\ultra\warewolf\Dev\Dev2.Studio\Dev2.Studio.csproj]
C:\Program Files\dotnet\sdk\10.0.201\Microsoft.Common.CurrentVersion.targets(2451,5): warning MSB3277:             C:\Program Files\dotnet\packs\Microsoft.NETCore.App.Ref\8.0.25\ref/net8.0/System.Drawing.dll [C:\Users\ultra\warewolf\Dev\Dev2.Studio\Dev2.Studio.csproj]
C:\Program Files\dotnet\sdk\10.0.201\Microsoft.Common.CurrentVersion.targets(2451,5): warning MSB3277:             C:\Users\ultra\.nuget\packages\aerowizard\2.3.1\lib\net45\AeroWizard.dll [C:\Users\ultra\warewolf\Dev\Dev2.Studio\Dev2.Studio.csproj]
C:\Program Files\dotnet\sdk\10.0.201\Microsoft.Common.CurrentVersion.targets(2451,5): warning MSB3277:             C:\Users\ultra\.nuget\packages\avalonedit\6.3.0.90\lib\net462\ICSharpCode.AvalonEdit.dll [C:\Users\ultra\warewolf\Dev\Dev2.Studio\Dev2.Studio.csproj]
C:\Program Files\dotnet\sdk\10.0.201\Microsoft.Common.CurrentVersion.targets(2451,5): warning MSB3277:             C:\Users\ultra\.nuget\packages\groupcontrols\1.9.0\lib\net45\GroupControls.dll [C:\Users\ultra\warewolf\Dev\Dev2.Studio\Dev2.Studio.csproj]
C:\Program Files\dotnet\sdk\10.0.201\Microsoft.Common.CurrentVersion.targets(2451,5): warning MSB3277:             C:\Program Files\dotnet\packs\Microsoft.NETCore.App.Ref\8.0.25\ref/net8.0/System.Net.dll [C:\Users\ultra\warewolf\Dev\Dev2.Studio\Dev2.Studio.csproj]
C:\Program Files\dotnet\sdk\10.0.201\Microsoft.Common.CurrentVersion.targets(2451,5): warning MSB3277:             C:\Program Files\dotnet\packs\Microsoft.NETCore.App.Ref\8.0.25\ref/net8.0/System.Security.dll [C:\Users\ultra\warewolf\Dev\Dev2.Studio\Dev2.Studio.csproj]
C:\Program Files\dotnet\sdk\10.0.201\Microsoft.Common.CurrentVersion.targets(2451,5): warning MSB3277:             C:\Program Files\dotnet\packs\Microsoft.NETCore.App.Ref\8.0.25\ref/net8.0/System.ServiceProcess.dll [C:\Users\ultra\warewolf\Dev\Dev2.Studio\Dev2.Studio.csproj]
C:\Program Files\dotnet\sdk\10.0.201\Microsoft.Common.CurrentVersion.targets(2451,5): warning MSB3277:             C:\Program Files\dotnet\packs\Microsoft.NETCore.App.Ref\8.0.25\ref/net8.0/System.Transactions.dll [C:\Users\ultra\warewolf\Dev\Dev2.Studio\Dev2.Studio.csproj]
C:\Program Files\dotnet\sdk\10.0.201\Microsoft.Common.CurrentVersion.targets(2451,5): warning MSB3277:             C:\Program Files\dotnet\packs\Microsoft.NETCore.App.Ref\8.0.25\ref/net8.0/System.dll [C:\Users\ultra\warewolf\Dev\Dev2.Studio\Dev2.Studio.csproj]
C:\Program Files\dotnet\sdk\10.0.201\Microsoft.Common.CurrentVersion.targets(2451,5): warning MSB3277:             C:\Users\ultra\.nuget\packages\fontawesome.wpf\4.7.0.9\lib\net40\FontAwesome.WPF.dll [C:\Users\ultra\warewolf\Dev\Dev2.Studio\Dev2.Studio.csproj]
C:\Program Files\dotnet\sdk\10.0.201\Microsoft.Common.CurrentVersion.targets(2451,5): warning MSB3277:             C:\Users\ultra\.nuget\packages\log4net.async\2.0.4\lib\net40\Log4Net.Async.dll [C:\Users\ultra\warewolf\Dev\Dev2.Studio\Dev2.Studio.csproj]
C:\Program Files\dotnet\sdk\10.0.201\Microsoft.Common.CurrentVersion.targets(2451,5): warning MSB3277:             C:\Users\ultra\.nuget\packages\microsoft.xaml.behaviors.wpf\1.1.122\lib\net462\Microsoft.Xaml.Behaviors.dll [C:\Users\ultra\warewolf\Dev\Dev2.Studio\Dev2.Studio.csproj]
C:\Program Files\dotnet\sdk\10.0.201\Microsoft.Common.CurrentVersion.targets(2451,5): warning MSB3277:             C:\Users\ultra\.nuget\packages\caliburn.micro\4.0.212\lib\netcoreapp3.1\Caliburn.Micro.Platform.dll [C:\Users\ultra\warewolf\Dev\Dev2.Studio\Dev2.Studio.csproj]
C:\Program Files\dotnet\sdk\10.0.201\Microsoft.Common.CurrentVersion.targets(2451,5): warning MSB3277:             C:\Users\ultra\.nuget\packages\prism.interactivity\5.0.0\lib\NET45\Microsoft.Practices.Prism.Interactivity.dll [C:\Users\ultra\warewolf\Dev\Dev2.Studio\Dev2.Studio.csproj]
C:\Program Files\dotnet\sdk\10.0.201\Microsoft.Common.CurrentVersion.targets(2451,5): warning MSB3277:             C:\Users\ultra\.nuget\packages\prism.mvvm\1.0.0\lib\net45\Microsoft.Practices.Prism.Mvvm.Desktop.dll [C:\Users\ultra\warewolf\Dev\Dev2.Studio\Dev2.Studio.csproj]
C:\Program Files\dotnet\sdk\10.0.201\Microsoft.Common.CurrentVersion.targets(2451,5): warning MSB3277:             C:\Users\ultra\.nuget\packages\reactiveui.wpf\18.4.1\lib\net462\ReactiveUI.Wpf.dll [C:\Users\ultra\warewolf\Dev\Dev2.Studio\Dev2.Studio.csproj]
C:\Program Files\dotnet\sdk\10.0.201\Microsoft.Common.CurrentVersion.targets(2451,5): warning MSB3277:             C:\Users\ultra\.nuget\packages\ttcue.netcore.sharepointonline.csom.16.1.8029.1200\16.1.8029.1200\lib\netcoreapp2.0\Microsoft.SharePoint.Client.Runtime.Windows.dll [C:\Users\ultra\warewolf\Dev\Dev2.Studio\Dev2.Studio.csproj]
C:\Program Files\dotnet\sdk\10.0.201\Microsoft.Common.CurrentVersion.targets(2451,5): warning MSB3277:             C:\Program Files\dotnet\packs\Microsoft.NETCore.App.Ref\8.0.25\ref/net8.0/WindowsBase.dll [C:\Users\ultra\warewolf\Dev\Dev2.Studio\Dev2.Studio.csproj]
C:\Program Files\dotnet\sdk\10.0.201\Microsoft.Common.CurrentVersion.targets(2451,5): warning MSB3277:             C:\Program Files\dotnet\packs\Microsoft.NETCore.App.Ref\8.0.25\ref/net8.0/mscorlib.dll [C:\Users\ultra\warewolf\Dev\Dev2.Studio\Dev2.Studio.csproj]
C:\Program Files\dotnet\sdk\10.0.201\Microsoft.Common.CurrentVersion.targets(2451,5): warning MSB3277:             C:\Users\ultra\.nuget\packages\hangfire.core\1.7.32\lib\netstandard2.0\Hangfire.Core.dll [C:\Users\ultra\warewolf\Dev\Dev2.Studio\Dev2.Studio.csproj]
C:\Program Files\dotnet\sdk\10.0.201\Microsoft.Common.CurrentVersion.targets(2451,5): warning MSB3277:             C:\Users\ultra\.nuget\packages\hangfire.sqlserver\1.7.32\lib\netstandard2.0\Hangfire.SqlServer.dll [C:\Users\ultra\warewolf\Dev\Dev2.Studio\Dev2.Studio.csproj]
C:\Program Files\dotnet\sdk\10.0.201\Microsoft.Common.CurrentVersion.targets(2451,5): warning MSB3277:             C:\Users\ultra\.nuget\packages\unofficial.microsoft.mshtml\7.0.3300\lib\net40\Microsoft.mshtml.dll [C:\Users\ultra\warewolf\Dev\Dev2.Studio\Dev2.Studio.csproj]
C:\Program Files\dotnet\sdk\10.0.201\Microsoft.Common.CurrentVersion.targets(2451,5): warning MSB3277:         C:\Program Files\dotnet\packs\Microsoft.NETCore.App.Ref\8.0.25\ref\net8.0\System.Drawing.dll [C:\Users\ultra\warewolf\Dev\Dev2.Studio\Dev2.Studio.csproj]
C:\Program Files\dotnet\sdk\10.0.201\Microsoft.Common.CurrentVersion.targets(2451,5): warning MSB3277:           Project file item includes which caused reference "C:\Program Files\dotnet\packs\Microsoft.NETCore.App.Ref\8.0.25\ref\net8.0\System.Drawing.dll". [C:\Users\ultra\warewolf\Dev\Dev2.Studio\Dev2.Studio.csproj]
C:\Program Files\dotnet\sdk\10.0.201\Microsoft.Common.CurrentVersion.targets(2451,5): warning MSB3277:             C:\Program Files\dotnet\packs\Microsoft.NETCore.App.Ref\8.0.25\ref/net8.0/System.Drawing.dll [C:\Users\ultra\warewolf\Dev\Dev2.Studio\Dev2.Studio.csproj]
C:\Program Files\dotnet\sdk\10.0.201\Microsoft.Common.CurrentVersion.targets(2451,5): warning MSB3277:             C:\Users\ultra\.nuget\packages\aerowizard\2.3.1\lib\net45\AeroWizard.dll [C:\Users\ultra\warewolf\Dev\Dev2.Studio\Dev2.Studio.csproj]
C:\Program Files\dotnet\sdk\10.0.201\Microsoft.Common.CurrentVersion.targets(2451,5): warning MSB3277:             C:\Users\ultra\.nuget\packages\avalonedit\6.3.0.90\lib\net462\ICSharpCode.AvalonEdit.dll [C:\Users\ultra\warewolf\Dev\Dev2.Studio\Dev2.Studio.csproj]
C:\Program Files\dotnet\sdk\10.0.201\Microsoft.Common.CurrentVersion.targets(2451,5): warning MSB3277:             C:\Users\ultra\.nuget\packages\groupcontrols\1.9.0\lib\net45\GroupControls.dll [C:\Users\ultra\warewolf\Dev\Dev2.Studio\Dev2.Studio.csproj]
C:\Program Files\dotnet\sdk\10.0.201\Microsoft.Common.CurrentVersion.targets(2451,5): warning MSB3277:             C:\Users\ultra\.nuget\packages\taskschedulereditor\2.10.1\lib\net452\Microsoft.Win32.TaskSchedulerEditor.dll [C:\Users\ultra\warewolf\Dev\Dev2.Studio\Dev2.Studio.csproj]
C:\Program Files\dotnet\sdk\10.0.201\Microsoft.CSharp.CurrentVersion.targets(130,9): warning MSB3884: Could not find rule set file "..\.sonarlint\warewolf_dotnet_frameworkcsharp.ruleset". [C:\Users\ultra\warewolf\Dev\Dev2.Studio\Dev2.Studio.csproj]
C:\Program Files\dotnet\sdk\10.0.201\Microsoft.Common.CurrentVersion.targets(2451,5): warning MSB3277: Found conflicts between different versions of "Microsoft.Win32.SystemEvents" that could not be resolved. [C:\Users\ultra\warewolf\Dev\Dev2.Studio\Dev2.Studio.csproj]
C:\Program Files\dotnet\sdk\10.0.201\Microsoft.Common.CurrentVersion.targets(2451,5): warning MSB3277: There was a conflict between "Microsoft.Win32.SystemEvents, Version=6.0.0.0, Culture=neutral, PublicKeyToken=cc7b13ffcd2ddd51" and "Microsoft.Win32.SystemEvents, Version=7.0.0.0, Culture=neutral, PublicKeyToken=cc7b13ffcd2ddd51". [C:\Users\ultra\warewolf\Dev\Dev2.Studio\Dev2.Studio.csproj]
C:\Program Files\dotnet\sdk\10.0.201\Microsoft.Common.CurrentVersion.targets(2451,5): warning MSB3277:     "Microsoft.Win32.SystemEvents, Version=6.0.0.0, Culture=neutral, PublicKeyToken=cc7b13ffcd2ddd51" was chosen because it was primary and "Microsoft.Win32.SystemEvents, Version=7.0.0.0, Culture=neutral, PublicKeyToken=cc7b13ffcd2ddd51" was not. [C:\Users\ultra\warewolf\Dev\Dev2.Studio\Dev2.Studio.csproj]
C:\Program Files\dotnet\sdk\10.0.201\Microsoft.Common.CurrentVersion.targets(2451,5): warning MSB3277:     References which depend on "Microsoft.Win32.SystemEvents, Version=6.0.0.0, Culture=neutral, PublicKeyToken=cc7b13ffcd2ddd51" [C:\Users\ultra\.nuget\packages\microsoft.win32.systemevents\6.0.0\lib\net6.0\Microsoft.Win32.SystemEvents.dll]. [C:\Users\ultra\warewolf\Dev\Dev2.Studio\Dev2.Studio.csproj]
C:\Program Files\dotnet\sdk\10.0.201\Microsoft.Common.CurrentVersion.targets(2451,5): warning MSB3277:         C:\Users\ultra\.nuget\packages\microsoft.win32.systemevents\6.0.0\lib\net6.0\Microsoft.Win32.SystemEvents.dll [C:\Users\ultra\warewolf\Dev\Dev2.Studio\Dev2.Studio.csproj]
C:\Program Files\dotnet\sdk\10.0.201\Microsoft.Common.CurrentVersion.targets(2451,5): warning MSB3277:           Project file item includes which caused reference "C:\Users\ultra\.nuget\packages\microsoft.win32.systemevents\6.0.0\lib\net6.0\Microsoft.Win32.SystemEvents.dll". [C:\Users\ultra\warewolf\Dev\Dev2.Studio\Dev2.Studio.csproj]
C:\Program Files\dotnet\sdk\10.0.201\Microsoft.Common.CurrentVersion.targets(2451,5): warning MSB3277:             C:\Users\ultra\.nuget\packages\microsoft.win32.systemevents\6.0.0\lib\net6.0\Microsoft.Win32.SystemEvents.dll [C:\Users\ultra\warewolf\Dev\Dev2.Studio\Dev2.Studio.csproj]
C:\Program Files\dotnet\sdk\10.0.201\Microsoft.Common.CurrentVersion.targets(2451,5): warning MSB3277:     References which depend on or have been unified to "Microsoft.Win32.SystemEvents, Version=7.0.0.0, Culture=neutral, PublicKeyToken=cc7b13ffcd2ddd51" []. [C:\Users\ultra\warewolf\Dev\Dev2.Studio\Dev2.Studio.csproj]
C:\Program Files\dotnet\sdk\10.0.201\Microsoft.Common.CurrentVersion.targets(2451,5): warning MSB3277:         C:\Users\ultra\warewolf\Dev\Dev2.Common\bin\Debug\net8.0\Dev2.Common.dll [C:\Users\ultra\warewolf\Dev\Dev2.Studio\Dev2.Studio.csproj]
C:\Program Files\dotnet\sdk\10.0.201\Microsoft.Common.CurrentVersion.targets(2451,5): warning MSB3277:           Project file item includes which caused reference "C:\Users\ultra\warewolf\Dev\Dev2.Common\bin\Debug\net8.0\Dev2.Common.dll". [C:\Users\ultra\warewolf\Dev\Dev2.Studio\Dev2.Studio.csproj]
C:\Program Files\dotnet\sdk\10.0.201\Microsoft.Common.CurrentVersion.targets(2451,5): warning MSB3277:             C:\Users\ultra\warewolf\Dev\Dev2.Common\bin\Debug\net8.0\Dev2.Common.dll [C:\Users\ultra\warewolf\Dev\Dev2.Studio\Dev2.Studio.csproj]
C:\Program Files\dotnet\sdk\10.0.201\Microsoft.Common.CurrentVersion.targets(2451,5): warning MSB3277:             C:\Users\ultra\warewolf\Dev\Dev2.Activities\bin\Debug\net8.0\Dev2.Activities.dll [C:\Users\ultra\warewolf\Dev\Dev2.Studio\Dev2.Studio.csproj]
C:\Program Files\dotnet\sdk\10.0.201\Microsoft.Common.CurrentVersion.targets(2451,5): warning MSB3277:             C:\Users\ultra\warewolf\Dev\Dev2.Core\bin\Debug\net8.0\Dev2.Core.dll [C:\Users\ultra\warewolf\Dev\Dev2.Studio\Dev2.Studio.csproj]
C:\Program Files\dotnet\sdk\10.0.201\Microsoft.Common.CurrentVersion.targets(2451,5): warning MSB3277:             C:\Users\ultra\warewolf\Dev\Dev2.Data\bin\Debug\net8.0\Dev2.Data.dll [C:\Users\ultra\warewolf\Dev\Dev2.Studio\Dev2.Studio.csproj]
C:\Program Files\dotnet\sdk\10.0.201\Microsoft.Common.CurrentVersion.targets(2451,5): warning MSB3277:             C:\Users\ultra\warewolf\Dev\Dev2.Diagnostics\bin\Debug\net8.0\Dev2.Diagnostics.dll [C:\Users\ultra\warewolf\Dev\Dev2.Studio\Dev2.Studio.csproj]
C:\Program Files\dotnet\sdk\10.0.201\Microsoft.Common.CurrentVersion.targets(2451,5): warning MSB3277:             C:\Users\ultra\warewolf\Dev\Dev2.Infrastructure\bin\Debug\net8.0\Dev2.Infrastructure.dll [C:\Users\ultra\warewolf\Dev\Dev2.Studio\Dev2.Studio.csproj]
C:\Program Files\dotnet\sdk\10.0.201\Microsoft.Common.CurrentVersion.targets(2451,5): warning MSB3277:             C:\Users\ultra\warewolf\Dev\Dev2.Intellisense\bin\Debug\net8.0\Dev2.Intellisense.dll [C:\Users\ultra\warewolf\Dev\Dev2.Studio\Dev2.Studio.csproj]
C:\Program Files\dotnet\sdk\10.0.201\Microsoft.Common.CurrentVersion.targets(2451,5): warning MSB3277:             C:\Users\ultra\warewolf\Dev\Dev2.Scheduler\bin\Debug\net8.0\Dev2.Scheduler.dll [C:\Users\ultra\warewolf\Dev\Dev2.Studio\Dev2.Studio.csproj]
C:\Program Files\dotnet\sdk\10.0.201\Microsoft.Common.CurrentVersion.targets(2451,5): warning MSB3277:             C:\Users\ultra\warewolf\Dev\Dev2.Services.Execution\bin\Debug\net8.0\Dev2.Services.Execution.dll [C:\Users\ultra\warewolf\Dev\Dev2.Studio\Dev2.Studio.csproj]
C:\Program Files\dotnet\sdk\10.0.201\Microsoft.Common.CurrentVersion.targets(2451,5): warning MSB3277:             C:\Users\ultra\warewolf\Dev\Dev2.Studio.Core\bin\Debug\net8.0\Dev2.Studio.Core.dll [C:\Users\ultra\warewolf\Dev\Dev2.Studio\Dev2.Studio.csproj]
C:\Program Files\dotnet\sdk\10.0.201\Microsoft.Common.CurrentVersion.targets(2451,5): warning MSB3277:             C:\Users\ultra\warewolf\Dev\Dev2.Studio.Interfaces\bin\Debug\net8.0\Dev2.Studio.Interfaces.dll [C:\Users\ultra\warewolf\Dev\Dev2.Studio\Dev2.Studio.csproj]
C:\Program Files\dotnet\sdk\10.0.201\Microsoft.Common.CurrentVersion.targets(2451,5): warning MSB3277:             C:\Users\ultra\warewolf\Dev\Dev2.TaskScheduler.Wrappers\bin\Debug\net8.0\Dev2.TaskScheduler.Wrappers.dll [C:\Users\ultra\warewolf\Dev\Dev2.Studio\Dev2.Studio.csproj]
C:\Program Files\dotnet\sdk\10.0.201\Microsoft.Common.CurrentVersion.targets(2451,5): warning MSB3277:             C:\Users\ultra\warewolf\Dev\Dev2.Util\bin\Debug\net8.0\Dev2.Util.dll [C:\Users\ultra\warewolf\Dev\Dev2.Studio\Dev2.Studio.csproj]
C:\Program Files\dotnet\sdk\10.0.201\Microsoft.Common.CurrentVersion.targets(2451,5): warning MSB3277:             C:\Users\ultra\warewolf\Dev\Warewolf.Core\bin\Debug\net8.0\Warewolf.Core.dll [C:\Users\ultra\warewolf\Dev\Dev2.Studio\Dev2.Studio.csproj]
C:\Program Files\dotnet\sdk\10.0.201\Microsoft.Common.CurrentVersion.targets(2451,5): warning MSB3277:             C:\Users\ultra\warewolf\Dev\Warewolf.ResourceManagement\bin\Debug\net8.0\Warewolf.ResourceManagement.dll [C:\Users\ultra\warewolf\Dev\Dev2.Studio\Dev2.Studio.csproj]
C:\Program Files\dotnet\sdk\10.0.201\Microsoft.Common.CurrentVersion.targets(2451,5): warning MSB3277:             C:\Users\ultra\warewolf\Dev\Warewolf.Sharepoint\bin\Debug\net8.0\Warewolf.Sharepoint.dll [C:\Users\ultra\warewolf\Dev\Dev2.Studio\Dev2.Studio.csproj]
C:\Program Files\dotnet\sdk\10.0.201\Microsoft.Common.CurrentVersion.targets(2451,5): warning MSB3277:             C:\Users\ultra\warewolf\Dev\Warewolf.Storage\bin\Debug\net8.0\Warewolf.Storage.dll [C:\Users\ultra\warewolf\Dev\Dev2.Studio\Dev2.Studio.csproj]
C:\Program Files\dotnet\sdk\10.0.201\Microsoft.Common.CurrentVersion.targets(2451,5): warning MSB3277:             C:\Users\ultra\warewolf\Dev\Warewolf.Studio.Core\bin\Debug\net8.0\Warewolf.Studio.Core.dll [C:\Users\ultra\warewolf\Dev\Dev2.Studio\Dev2.Studio.csproj]
C:\Program Files\dotnet\sdk\10.0.201\Microsoft.Common.CurrentVersion.targets(2451,5): warning MSB3277:             C:\Users\ultra\warewolf\Dev\Warewolf.Studio.Models\bin\Debug\net8.0\Warewolf.Studio.Models.dll [C:\Users\ultra\warewolf\Dev\Dev2.Studio\Dev2.Studio.csproj]
C:\Program Files\dotnet\sdk\10.0.201\Microsoft.Common.CurrentVersion.targets(2451,5): warning MSB3277:             C:\Users\ultra\warewolf\Dev\Warewolf.Studio.CustomControls\bin\Debug\net8.0\Warewolf.Studio.CustomControls.dll [C:\Users\ultra\warewolf\Dev\Dev2.Studio\Dev2.Studio.csproj]
C:\Program Files\dotnet\sdk\10.0.201\Microsoft.Common.CurrentVersion.targets(2451,5): warning MSB3277:             C:\Users\ultra\warewolf\Dev\Warewolf.Studio.ViewModels\bin\Debug\net8.0\Warewolf.Studio.ViewModels.dll [C:\Users\ultra\warewolf\Dev\Dev2.Studio\Dev2.Studio.csproj]
C:\Program Files\dotnet\sdk\10.0.201\Microsoft.Common.CurrentVersion.targets(2451,5): warning MSB3277:             C:\Users\ultra\warewolf\Dev\Warewolf.Trigger.Queue\bin\Debug\net8.0\Warewolf.Trigger.Queue.dll [C:\Users\ultra\warewolf\Dev\Dev2.Studio\Dev2.Studio.csproj]
C:\Program Files\dotnet\sdk\10.0.201\Microsoft.Common.CurrentVersion.targets(2451,5): warning MSB3277:             C:\Users\ultra\warewolf\Dev\Warewolf.UI\bin\Debug\net8.0\Warewolf.UI.dll [C:\Users\ultra\warewolf\Dev\Dev2.Studio\Dev2.Studio.csproj]
C:\Program Files\dotnet\sdk\10.0.201\Microsoft.Common.CurrentVersion.targets(2451,5): warning MSB3277:             C:\Users\ultra\warewolf\Dev\Dev2.Development.Languages\bin\Debug\net8.0\Dev2.Development.Languages.dll [C:\Users\ultra\warewolf\Dev\Dev2.Studio\Dev2.Studio.csproj]
C:\Program Files\dotnet\sdk\10.0.201\Microsoft.Common.CurrentVersion.targets(2451,5): warning MSB3277:             C:\Users\ultra\warewolf\Dev\Dev2.Runtime.Services\bin\Debug\net8.0\Dev2.Runtime.Services.dll [C:\Users\ultra\warewolf\Dev\Dev2.Studio\Dev2.Studio.csproj]
C:\Program Files\dotnet\sdk\10.0.201\Microsoft.Common.CurrentVersion.targets(2451,5): warning MSB3277:             C:\Users\ultra\warewolf\Dev\Dev2.Services.Sql\bin\Debug\net8.0\Dev2.Services.Sql.dll [C:\Users\ultra\warewolf\Dev\Dev2.Studio\Dev2.Studio.csproj]
C:\Program Files\dotnet\sdk\10.0.201\Microsoft.Common.CurrentVersion.targets(2451,5): warning MSB3277:             C:\Users\ultra\warewolf\Dev\Warewolf.AI.Harness\bin\Debug\net8.0\Warewolf.AI.Harness.dll [C:\Users\ultra\warewolf\Dev\Dev2.Studio\Dev2.Studio.csproj]
C:\Program Files\dotnet\sdk\10.0.201\Microsoft.Common.CurrentVersion.targets(2451,5): warning MSB3277:             C:\Users\ultra\warewolf\Dev\Warewolf.Auditing\bin\Debug\net8.0\Warewolf.Auditing.dll [C:\Users\ultra\warewolf\Dev\Dev2.Studio\Dev2.Studio.csproj]
C:\Program Files\dotnet\sdk\10.0.201\Microsoft.Common.CurrentVersion.targets(2451,5): warning MSB3277:             C:\Users\ultra\warewolf\Dev\Warewolf.Common.NetStandard20\bin\Debug\net8.0\Warewolf.Common.NetStandard20.dll [C:\Users\ultra\warewolf\Dev\Dev2.Studio\Dev2.Studio.csproj]
C:\Program Files\dotnet\sdk\10.0.201\Microsoft.Common.CurrentVersion.targets(2451,5): warning MSB3277:             C:\Users\ultra\warewolf\Dev\Warewolf.Driver.Persistence\bin\Debug\net8.0\Warewolf.Driver.Persistence.dll [C:\Users\ultra\warewolf\Dev\Dev2.Studio\Dev2.Studio.csproj]
C:\Program Files\dotnet\sdk\10.0.201\Microsoft.Common.CurrentVersion.targets(2451,5): warning MSB3277:             C:\Users\ultra\warewolf\Dev\Warewolf.Driver.Serilog\bin\Debug\net8.0\Warewolf.Driver.Serilog.dll [C:\Users\ultra\warewolf\Dev\Dev2.Studio\Dev2.Studio.csproj]
C:\Program Files\dotnet\sdk\10.0.201\Microsoft.Common.CurrentVersion.targets(2451,5): warning MSB3277:             C:\Users\ultra\warewolf\Dev\Warewolf.Exchange.Email.Wrapper\bin\Debug\net8.0\Warewolf.Exchange.Email.Wrapper.dll [C:\Users\ultra\warewolf\Dev\Dev2.Studio\Dev2.Studio.csproj]
C:\Program Files\dotnet\sdk\10.0.201\Microsoft.Common.CurrentVersion.targets(2451,5): warning MSB3277:         C:\Users\ultra\warewolf\Dev\Binaries\Infragistcs_Net6\InfragisticsWPF4.Editors.v15.1.dll [C:\Users\ultra\warewolf\Dev\Dev2.Studio\Dev2.Studio.csproj]
C:\Program Files\dotnet\sdk\10.0.201\Microsoft.Common.CurrentVersion.targets(2451,5): warning MSB3277:           Project file item includes which caused reference "C:\Users\ultra\warewolf\Dev\Binaries\Infragistcs_Net6\InfragisticsWPF4.Editors.v15.1.dll". [C:\Users\ultra\warewolf\Dev\Dev2.Studio\Dev2.Studio.csproj]
C:\Program Files\dotnet\sdk\10.0.201\Microsoft.Common.CurrentVersion.targets(2451,5): warning MSB3277:             InfragisticsWPF4.Editors.v15.1, Version=15.1.20151.2055, Culture=neutral, processorArchitecture=MSIL [C:\Users\ultra\warewolf\Dev\Dev2.Studio\Dev2.Studio.csproj]
C:\Program Files\dotnet\sdk\10.0.201\Microsoft.Common.CurrentVersion.targets(2451,5): warning MSB3277:             InfragisticsWPF4.DataPresenter.v15.1 [C:\Users\ultra\warewolf\Dev\Dev2.Studio\Dev2.Studio.csproj]
C:\Program Files\dotnet\sdk\10.0.201\Microsoft.Common.CurrentVersion.targets(2451,5): warning MSB3277:         C:\Users\ultra\warewolf\Dev\Binaries\Infragistcs_Net6\InfragisticsWPF4.v15.1.dll [C:\Users\ultra\warewolf\Dev\Dev2.Studio\Dev2.Studio.csproj]
C:\Program Files\dotnet\sdk\10.0.201\Microsoft.Common.CurrentVersion.targets(2451,5): warning MSB3277:           Project file item includes which caused reference "C:\Users\ultra\warewolf\Dev\Binaries\Infragistcs_Net6\InfragisticsWPF4.v15.1.dll". [C:\Users\ultra\warewolf\Dev\Dev2.Studio\Dev2.Studio.csproj]
C:\Program Files\dotnet\sdk\10.0.201\Microsoft.Common.CurrentVersion.targets(2451,5): warning MSB3277:             InfragisticsWPF4.v15.1, Version=15.1.20151.2055, Culture=neutral, PublicKeyToken=7dd5c3163f2cd0cb, processorArchitecture=MSIL [C:\Users\ultra\warewolf\Dev\Dev2.Studio\Dev2.Studio.csproj]
C:\Program Files\dotnet\sdk\10.0.201\Microsoft.Common.CurrentVersion.targets(2451,5): warning MSB3277:             InfragisticsWPF4.Controls.Editors.XamComboEditor.v15.1, Version=15.1.20151.2055, Culture=neutral, processorArchitecture=MSIL [C:\Users\ultra\warewolf\Dev\Dev2.Studio\Dev2.Studio.csproj]
C:\Program Files\dotnet\sdk\10.0.201\Microsoft.Common.CurrentVersion.targets(2451,5): warning MSB3277:             InfragisticsWPF4.Controls.Grids.XamGrid.v15.1, Version=15.1.20151.2055, Culture=neutral, PublicKeyToken=7dd5c3163f2cd0cb, processorArchitecture=MSIL [C:\Users\ultra\warewolf\Dev\Dev2.Studio\Dev2.Studio.csproj]
C:\Program Files\dotnet\sdk\10.0.201\Microsoft.Common.CurrentVersion.targets(2451,5): warning MSB3277:             CalculationManager.WPF [C:\Users\ultra\warewolf\Dev\Dev2.Studio\Dev2.Studio.csproj]
C:\Program Files\dotnet\sdk\10.0.201\Microsoft.Common.CurrentVersion.targets(2451,5): warning MSB3277:             InfragisticsWPF4.Controls.Interactions.XamDialogWindow.v15.1, Version=15.1.20151.2055, Culture=neutral, PublicKeyToken=7dd5c3163f2cd0cb, processorArchitecture=MSIL [C:\Users\ultra\warewolf\Dev\Dev2.Studio\Dev2.Studio.csproj]
C:\Program Files\dotnet\sdk\10.0.201\Microsoft.Common.CurrentVersion.targets(2451,5): warning MSB3277:             InfragisticsWPF4.Controls.Maps.XamNetworkNode.v15.1, Version=15.1.20151.2055, Culture=neutral, PublicKeyToken=7dd5c3163f2cd0cb, processorArchitecture=MSIL [C:\Users\ultra\warewolf\Dev\Dev2.Studio\Dev2.Studio.csproj]
C:\Program Files\dotnet\sdk\10.0.201\Microsoft.Common.CurrentVersion.targets(2451,5): warning MSB3277:             InfragisticsWPF4.Controls.Menus.XamDataTree.v15.1, Version=15.1.20151.2055, Culture=neutral, processorArchitecture=MSIL [C:\Users\ultra\warewolf\Dev\Dev2.Studio\Dev2.Studio.csproj]
C:\Program Files\dotnet\sdk\10.0.201\Microsoft.Common.CurrentVersion.targets(2451,5): warning MSB3277:             InfragisticsWPF4.Controls.Menus.XamMenu.v15.1, Version=15.1.20151.2055, Culture=neutral, processorArchitecture=MSIL [C:\Users\ultra\warewolf\Dev\Dev2.Studio\Dev2.Studio.csproj]
C:\Program Files\dotnet\sdk\10.0.201\Microsoft.Common.CurrentVersion.targets(2451,5): warning MSB3277:             InfragisticsWPF4.DataManager.v15.1, Version=15.1.20151.2055, Culture=neutral, processorArchitecture=MSIL [C:\Users\ultra\warewolf\Dev\Dev2.Studio\Dev2.Studio.csproj]
C:\Program Files\dotnet\sdk\10.0.201\Microsoft.Common.CurrentVersion.targets(2451,5): warning MSB3277:             InfragisticsWPF4.DataPresenter.v15.1 [C:\Users\ultra\warewolf\Dev\Dev2.Studio\Dev2.Studio.csproj]
C:\Program Files\dotnet\sdk\10.0.201\Microsoft.Common.CurrentVersion.targets(2451,5): warning MSB3277:             InfragisticsWPF4.DataVisualization.v15.1, Version=15.1.20151.2055, Culture=neutral, PublicKeyToken=7dd5c3163f2cd0cb, processorArchitecture=MSIL [C:\Users\ultra\warewolf\Dev\Dev2.Studio\Dev2.Studio.csproj]
C:\Program Files\dotnet\sdk\10.0.201\Microsoft.Common.CurrentVersion.targets(2451,5): warning MSB3277:             InfragisticsWPF4.DockManager.v15.1, Version=15.1.20151.2055, Culture=neutral, PublicKeyToken=7dd5c3163f2cd0cb, processorArchitecture=MSIL [C:\Users\ultra\warewolf\Dev\Dev2.Studio\Dev2.Studio.csproj]
C:\Program Files\dotnet\sdk\10.0.201\Microsoft.Common.CurrentVersion.targets(2451,5): warning MSB3277:             InfragisticsWPF4.Editors.v15.1, Version=15.1.20151.2055, Culture=neutral, processorArchitecture=MSIL [C:\Users\ultra\warewolf\Dev\Dev2.Studio\Dev2.Studio.csproj]
C:\Program Files\dotnet\sdk\10.0.201\Microsoft.Common.CurrentVersion.targets(2451,5): warning MSB3277:             InfragisticsWPF4.Math.Calculators.v15.1, Version=15.1.20151.2055, Culture=neutral, PublicKeyToken=7dd5c3163f2cd0cb, processorArchitecture=MSIL [C:\Users\ultra\warewolf\Dev\Dev2.Studio\Dev2.Studio.csproj]
C:\Program Files\dotnet\sdk\10.0.201\Microsoft.Common.CurrentVersion.targets(2451,5): warning MSB3277:             InfragisticsWPF4.Math.v15.1, Version=15.1.20151.2055, Culture=neutral, PublicKeyToken=7dd5c3163f2cd0cb, processorArchitecture=MSIL [C:\Users\ultra\warewolf\Dev\Dev2.Studio\Dev2.Studio.csproj]
C:\Program Files\dotnet\sdk\10.0.201\Microsoft.Common.CurrentVersion.targets(2451,5): warning MSB3277:         C:\Users\ultra\.nuget\packages\timespan2\2.4.2\lib\netcoreapp3.1\TimeSpan2.dll [C:\Users\ultra\warewolf\Dev\Dev2.Studio\Dev2.Studio.csproj]
C:\Program Files\dotnet\sdk\10.0.201\Microsoft.Common.CurrentVersion.targets(2451,5): warning MSB3277:           Project file item includes which caused reference "C:\Users\ultra\.nuget\packages\timespan2\2.4.2\lib\netcoreapp3.1\TimeSpan2.dll". [C:\Users\ultra\warewolf\Dev\Dev2.Studio\Dev2.Studio.csproj]
C:\Program Files\dotnet\sdk\10.0.201\Microsoft.Common.CurrentVersion.targets(2451,5): warning MSB3277:             C:\Users\ultra\.nuget\packages\timespan2\2.4.2\lib\netcoreapp3.1\TimeSpan2.dll [C:\Users\ultra\warewolf\Dev\Dev2.Studio\Dev2.Studio.csproj]
C:\Program Files\dotnet\sdk\10.0.201\Microsoft.Common.CurrentVersion.targets(2451,5): warning MSB3277:             C:\Users\ultra\.nuget\packages\taskschedulereditor\2.10.1\lib\net452\Microsoft.Win32.TaskSchedulerEditor.dll [C:\Users\ultra\warewolf\Dev\Dev2.Studio\Dev2.Studio.csproj]
C:\Program Files\dotnet\sdk\10.0.201\Microsoft.Common.CurrentVersion.targets(2451,5): warning MSB3277:         C:\Program Files\dotnet\packs\Microsoft.NETCore.App.Ref\8.0.25\ref\net8.0\System.dll [C:\Users\ultra\warewolf\Dev\Dev2.Studio\Dev2.Studio.csproj]
C:\Program Files\dotnet\sdk\10.0.201\Microsoft.Common.CurrentVersion.targets(2451,5): warning MSB3277:           Project file item includes which caused reference "C:\Program Files\dotnet\packs\Microsoft.NETCore.App.Ref\8.0.25\ref\net8.0\System.dll". [C:\Users\ultra\warewolf\Dev\Dev2.Studio\Dev2.Studio.csproj]
C:\Program Files\dotnet\sdk\10.0.201\Microsoft.Common.CurrentVersion.targets(2451,5): warning MSB3277:             C:\Program Files\dotnet\packs\Microsoft.NETCore.App.Ref\8.0.25\ref/net8.0/System.dll [C:\Users\ultra\warewolf\Dev\Dev2.Studio\Dev2.Studio.csproj]
C:\Program Files\dotnet\sdk\10.0.201\Microsoft.Common.CurrentVersion.targets(2451,5): warning MSB3277:             C:\Users\ultra\.nuget\packages\aerowizard\2.3.1\lib\net45\AeroWizard.dll [C:\Users\ultra\warewolf\Dev\Dev2.Studio\Dev2.Studio.csproj]
C:\Program Files\dotnet\sdk\10.0.201\Microsoft.Common.CurrentVersion.targets(2451,5): warning MSB3277:             C:\Users\ultra\.nuget\packages\avalonedit\6.3.0.90\lib\net462\ICSharpCode.AvalonEdit.dll [C:\Users\ultra\warewolf\Dev\Dev2.Studio\Dev2.Studio.csproj]
C:\Program Files\dotnet\sdk\10.0.201\Microsoft.Common.CurrentVersion.targets(2451,5): warning MSB3277:             C:\Users\ultra\.nuget\packages\fontawesome.wpf\4.7.0.9\lib\net40\FontAwesome.WPF.dll [C:\Users\ultra\warewolf\Dev\Dev2.Studio\Dev2.Studio.csproj]
C:\Program Files\dotnet\sdk\10.0.201\Microsoft.Common.CurrentVersion.targets(2451,5): warning MSB3277:             C:\Users\ultra\.nuget\packages\groupcontrols\1.9.0\lib\net45\GroupControls.dll [C:\Users\ultra\warewolf\Dev\Dev2.Studio\Dev2.Studio.csproj]
C:\Program Files\dotnet\sdk\10.0.201\Microsoft.Common.CurrentVersion.targets(2451,5): warning MSB3277:             C:\Users\ultra\.nuget\packages\log4net.async\2.0.4\lib\net40\Log4Net.Async.dll [C:\Users\ultra\warewolf\Dev\Dev2.Studio\Dev2.Studio.csproj]
C:\Program Files\dotnet\sdk\10.0.201\Microsoft.Common.CurrentVersion.targets(2451,5): warning MSB3277:             C:\Users\ultra\.nuget\packages\microsoft.xaml.behaviors.wpf\1.1.122\lib\net462\Microsoft.Xaml.Behaviors.dll [C:\Users\ultra\warewolf\Dev\Dev2.Studio\Dev2.Studio.csproj]
C:\Program Files\dotnet\sdk\10.0.201\Microsoft.Common.CurrentVersion.targets(2451,5): warning MSB3277:             C:\Users\ultra\.nuget\packages\caliburn.micro\4.0.212\lib\netcoreapp3.1\Caliburn.Micro.Platform.dll [C:\Users\ultra\warewolf\Dev\Dev2.Studio\Dev2.Studio.csproj]
C:\Program Files\dotnet\sdk\10.0.201\Microsoft.Common.CurrentVersion.targets(2451,5): warning MSB3277:             C:\Users\ultra\.nuget\packages\prism.composition\5.0.0\lib\NET45\Microsoft.Practices.Prism.Composition.dll [C:\Users\ultra\warewolf\Dev\Dev2.Studio\Dev2.Studio.csproj]
C:\Program Files\dotnet\sdk\10.0.201\Microsoft.Common.CurrentVersion.targets(2451,5): warning MSB3277:             C:\Users\ultra\.nuget\packages\prism.interactivity\5.0.0\lib\NET45\Microsoft.Practices.Prism.Interactivity.dll [C:\Users\ultra\warewolf\Dev\Dev2.Studio\Dev2.Studio.csproj]
C:\Program Files\dotnet\sdk\10.0.201\Microsoft.Common.CurrentVersion.targets(2451,5): warning MSB3277:             C:\Users\ultra\.nuget\packages\prism.mvvm\1.0.0\lib\net45\Microsoft.Practices.Prism.Mvvm.Desktop.dll [C:\Users\ultra\warewolf\Dev\Dev2.Studio\Dev2.Studio.csproj]
C:\Program Files\dotnet\sdk\10.0.201\Microsoft.Common.CurrentVersion.targets(2451,5): warning MSB3277:             C:\Users\ultra\.nuget\packages\prism.unityextensions\5.0.1\lib\NET45\Microsoft.Practices.Prism.UnityExtensions.dll [C:\Users\ultra\warewolf\Dev\Dev2.Studio\Dev2.Studio.csproj]
C:\Program Files\dotnet\sdk\10.0.201\Microsoft.Common.CurrentVersion.targets(2451,5): warning MSB3277:             C:\Users\ultra\.nuget\packages\prism.wpf\9.0.537\lib\net462\Prism.Wpf.dll [C:\Users\ultra\warewolf\Dev\Dev2.Studio\Dev2.Studio.csproj]
C:\Program Files\dotnet\sdk\10.0.201\Microsoft.Common.CurrentVersion.targets(2451,5): warning MSB3277:             C:\Users\ultra\.nuget\packages\reactiveui.wpf\18.4.1\lib\net462\ReactiveUI.Wpf.dll [C:\Users\ultra\warewolf\Dev\Dev2.Studio\Dev2.Studio.csproj]
C:\Program Files\dotnet\sdk\10.0.201\Microsoft.Common.CurrentVersion.targets(2451,5): warning MSB3277:             C:\Users\ultra\.nuget\packages\taskschedulereditor\2.10.1\lib\net452\Microsoft.Win32.TaskSchedulerEditor.dll [C:\Users\ultra\warewolf\Dev\Dev2.Studio\Dev2.Studio.csproj]
C:\Program Files\dotnet\sdk\10.0.201\Microsoft.Common.CurrentVersion.targets(2451,5): warning MSB3277:             C:\Users\ultra\.nuget\packages\ttcue.netcore.sharepointonline.csom.16.1.8029.1200\16.1.8029.1200\lib\netcoreapp2.0\Microsoft.SharePoint.Client.Runtime.Windows.dll [C:\Users\ultra\warewolf\Dev\Dev2.Studio\Dev2.Studio.csproj]
C:\Program Files\dotnet\sdk\10.0.201\Microsoft.Common.CurrentVersion.targets(2451,5): warning MSB3277: Found conflicts between different versions of "WindowsBase" that could not be resolved. [C:\Users\ultra\warewolf\Dev\Dev2.Studio\Dev2.Studio.csproj]
C:\Program Files\dotnet\sdk\10.0.201\Microsoft.Common.CurrentVersion.targets(2451,5): warning MSB3277: There was a conflict between "WindowsBase, Version=4.0.0.0, Culture=neutral, PublicKeyToken=31bf3856ad364e35" and "WindowsBase, Version=6.0.2.0, Culture=neutral, PublicKeyToken=31bf3856ad364e35". [C:\Users\ultra\warewolf\Dev\Dev2.Studio\Dev2.Studio.csproj]
C:\Program Files\dotnet\sdk\10.0.201\Microsoft.Common.CurrentVersion.targets(2451,5): warning MSB3277:     "WindowsBase, Version=4.0.0.0, Culture=neutral, PublicKeyToken=31bf3856ad364e35" was chosen because it was primary and "WindowsBase, Version=6.0.2.0, Culture=neutral, PublicKeyToken=31bf3856ad364e35" was not. [C:\Users\ultra\warewolf\Dev\Dev2.Studio\Dev2.Studio.csproj]
C:\Program Files\dotnet\sdk\10.0.201\Microsoft.Common.CurrentVersion.targets(2451,5): warning MSB3277:     References which depend on "WindowsBase, Version=4.0.0.0, Culture=neutral, PublicKeyToken=31bf3856ad364e35" [C:\Program Files\dotnet\packs\Microsoft.NETCore.App.Ref\8.0.25\ref\net8.0\WindowsBase.dll]. [C:\Users\ultra\warewolf\Dev\Dev2.Studio\Dev2.Studio.csproj]
C:\Program Files\dotnet\sdk\10.0.201\Microsoft.Common.CurrentVersion.targets(2451,5): warning MSB3277:         C:\Program Files\dotnet\packs\Microsoft.NETCore.App.Ref\8.0.25\ref\net8.0\WindowsBase.dll [C:\Users\ultra\warewolf\Dev\Dev2.Studio\Dev2.Studio.csproj]
C:\Program Files\dotnet\sdk\10.0.201\Microsoft.Common.CurrentVersion.targets(2451,5): warning MSB3277:           Project file item includes which caused reference "C:\Program Files\dotnet\packs\Microsoft.NETCore.App.Ref\8.0.25\ref\net8.0\WindowsBase.dll". [C:\Users\ultra\warewolf\Dev\Dev2.Studio\Dev2.Studio.csproj]
C:\Program Files\dotnet\sdk\10.0.201\Microsoft.Common.CurrentVersion.targets(2451,5): warning MSB3277:             C:\Program Files\dotnet\packs\Microsoft.NETCore.App.Ref\8.0.25\ref/net8.0/WindowsBase.dll [C:\Users\ultra\warewolf\Dev\Dev2.Studio\Dev2.Studio.csproj]
C:\Program Files\dotnet\sdk\10.0.201\Microsoft.Common.CurrentVersion.targets(2451,5): warning MSB3277:     References which depend on or have been unified to "WindowsBase, Version=6.0.2.0, Culture=neutral, PublicKeyToken=31bf3856ad364e35" []. [C:\Users\ultra\warewolf\Dev\Dev2.Studio\Dev2.Studio.csproj]
C:\Program Files\dotnet\sdk\10.0.201\Microsoft.Common.CurrentVersion.targets(2451,5): warning MSB3277:         C:\Users\ultra\warewolf\Dev\Binaries\Infragistcs_Net6\InfragisticsWPF4.Controls.Editors.XamComboEditor.v15.1.dll [C:\Users\ultra\warewolf\Dev\Dev2.Studio\Dev2.Studio.csproj]
C:\Program Files\dotnet\sdk\10.0.201\Microsoft.Common.CurrentVersion.targets(2451,5): warning MSB3277:           Project file item includes which caused reference "C:\Users\ultra\warewolf\Dev\Binaries\Infragistcs_Net6\InfragisticsWPF4.Controls.Editors.XamComboEditor.v15.1.dll". [C:\Users\ultra\warewolf\Dev\Dev2.Studio\Dev2.Studio.csproj]
C:\Program Files\dotnet\sdk\10.0.201\Microsoft.Common.CurrentVersion.targets(2451,5): warning MSB3277:             InfragisticsWPF4.Controls.Editors.XamComboEditor.v15.1, Version=15.1.20151.2055, Culture=neutral, processorArchitecture=MSIL [C:\Users\ultra\warewolf\Dev\Dev2.Studio\Dev2.Studio.csproj]
C:\Program Files\dotnet\sdk\10.0.201\Microsoft.Common.CurrentVersion.targets(2451,5): warning MSB3277:         C:\Users\ultra\warewolf\Dev\Binaries\Infragistcs_Net6\InfragisticsWPF4.Controls.Grids.XamGrid.v15.1.dll [C:\Users\ultra\warewolf\Dev\Dev2.Studio\Dev2.Studio.csproj]
C:\Program Files\dotnet\sdk\10.0.201\Microsoft.Common.CurrentVersion.targets(2451,5): warning MSB3277:           Project file item includes which caused reference "C:\Users\ultra\warewolf\Dev\Binaries\Infragistcs_Net6\InfragisticsWPF4.Controls.Grids.XamGrid.v15.1.dll". [C:\Users\ultra\warewolf\Dev\Dev2.Studio\Dev2.Studio.csproj]
C:\Program Files\dotnet\sdk\10.0.201\Microsoft.Common.CurrentVersion.targets(2451,5): warning MSB3277:             InfragisticsWPF4.Controls.Grids.XamGrid.v15.1, Version=15.1.20151.2055, Culture=neutral, PublicKeyToken=7dd5c3163f2cd0cb, processorArchitecture=MSIL [C:\Users\ultra\warewolf\Dev\Dev2.Studio\Dev2.Studio.csproj]
C:\Program Files\dotnet\sdk\10.0.201\Microsoft.Common.CurrentVersion.targets(2451,5): warning MSB3277:         C:\Users\ultra\warewolf\Dev\Binaries\Infragistcs_Net6\Infragistics.Calculations.dll [C:\Users\ultra\warewolf\Dev\Dev2.Studio\Dev2.Studio.csproj]
C:\Program Files\dotnet\sdk\10.0.201\Microsoft.Common.CurrentVersion.targets(2451,5): warning MSB3277:           Project file item includes which caused reference "C:\Users\ultra\warewolf\Dev\Binaries\Infragistcs_Net6\Infragistics.Calculations.dll". [C:\Users\ultra\warewolf\Dev\Dev2.Studio\Dev2.Studio.csproj]
C:\Program Files\dotnet\sdk\10.0.201\Microsoft.Common.CurrentVersion.targets(2451,5): warning MSB3277:             CalculationManager.WPF [C:\Users\ultra\warewolf\Dev\Dev2.Studio\Dev2.Studio.csproj]
C:\Program Files\dotnet\sdk\10.0.201\Microsoft.Common.CurrentVersion.targets(2451,5): warning MSB3277:         C:\Users\ultra\warewolf\Dev\Binaries\Infragistcs_Net6\InfragisticsWPF4.Controls.Interactions.XamDialogWindow.v15.1.dll [C:\Users\ultra\warewolf\Dev\Dev2.Studio\Dev2.Studio.csproj]
C:\Program Files\dotnet\sdk\10.0.201\Microsoft.Common.CurrentVersion.targets(2451,5): warning MSB3277:           Project file item includes which caused reference "C:\Users\ultra\warewolf\Dev\Binaries\Infragistcs_Net6\InfragisticsWPF4.Controls.Interactions.XamDialogWindow.v15.1.dll". [C:\Users\ultra\warewolf\Dev\Dev2.Studio\Dev2.Studio.csproj]
C:\Program Files\dotnet\sdk\10.0.201\Microsoft.Common.CurrentVersion.targets(2451,5): warning MSB3277:             InfragisticsWPF4.Controls.Interactions.XamDialogWindow.v15.1, Version=15.1.20151.2055, Culture=neutral, PublicKeyToken=7dd5c3163f2cd0cb, processorArchitecture=MSIL [C:\Users\ultra\warewolf\Dev\Dev2.Studio\Dev2.Studio.csproj]
C:\Program Files\dotnet\sdk\10.0.201\Microsoft.Common.CurrentVersion.targets(2451,5): warning MSB3277:         C:\Users\ultra\warewolf\Dev\Binaries\Infragistcs_Net6\InfragisticsWPF4.Controls.Maps.XamNetworkNode.v15.1.dll [C:\Users\ultra\warewolf\Dev\Dev2.Studio\Dev2.Studio.csproj]
C:\Program Files\dotnet\sdk\10.0.201\Microsoft.Common.CurrentVersion.targets(2451,5): warning MSB3277:           Project file item includes which caused reference "C:\Users\ultra\warewolf\Dev\Binaries\Infragistcs_Net6\InfragisticsWPF4.Controls.Maps.XamNetworkNode.v15.1.dll". [C:\Users\ultra\warewolf\Dev\Dev2.Studio\Dev2.Studio.csproj]
C:\Program Files\dotnet\sdk\10.0.201\Microsoft.Common.CurrentVersion.targets(2451,5): warning MSB3277:             InfragisticsWPF4.Controls.Maps.XamNetworkNode.v15.1, Version=15.1.20151.2055, Culture=neutral, PublicKeyToken=7dd5c3163f2cd0cb, processorArchitecture=MSIL [C:\Users\ultra\warewolf\Dev\Dev2.Studio\Dev2.Studio.csproj]
C:\Program Files\dotnet\sdk\10.0.201\Microsoft.Common.CurrentVersion.targets(2451,5): warning MSB3277:         C:\Users\ultra\warewolf\Dev\Binaries\Infragistcs_Net6\InfragisticsWPF4.Controls.Menus.XamDataTree.v15.1.dll [C:\Users\ultra\warewolf\Dev\Dev2.Studio\Dev2.Studio.csproj]
C:\Program Files\dotnet\sdk\10.0.201\Microsoft.Common.CurrentVersion.targets(2451,5): warning MSB3277:           Project file item includes which caused reference "C:\Users\ultra\warewolf\Dev\Binaries\Infragistcs_Net6\InfragisticsWPF4.Controls.Menus.XamDataTree.v15.1.dll". [C:\Users\ultra\warewolf\Dev\Dev2.Studio\Dev2.Studio.csproj]
C:\Program Files\dotnet\sdk\10.0.201\Microsoft.Common.CurrentVersion.targets(2451,5): warning MSB3277:             InfragisticsWPF4.Controls.Menus.XamDataTree.v15.1, Version=15.1.20151.2055, Culture=neutral, processorArchitecture=MSIL [C:\Users\ultra\warewolf\Dev\Dev2.Studio\Dev2.Studio.csproj]
C:\Program Files\dotnet\sdk\10.0.201\Microsoft.Common.CurrentVersion.targets(2451,5): warning MSB3277:         C:\Users\ultra\warewolf\Dev\Binaries\Infragistcs_Net6\InfragisticsWPF4.Controls.Menus.XamMenu.v15.1.dll [C:\Users\ultra\warewolf\Dev\Dev2.Studio\Dev2.Studio.csproj]
C:\Program Files\dotnet\sdk\10.0.201\Microsoft.Common.CurrentVersion.targets(2451,5): warning MSB3277:           Project file item includes which caused reference "C:\Users\ultra\warewolf\Dev\Binaries\Infragistcs_Net6\InfragisticsWPF4.Controls.Menus.XamMenu.v15.1.dll". [C:\Users\ultra\warewolf\Dev\Dev2.Studio\Dev2.Studio.csproj]
C:\Program Files\dotnet\sdk\10.0.201\Microsoft.Common.CurrentVersion.targets(2451,5): warning MSB3277:             InfragisticsWPF4.Controls.Menus.XamMenu.v15.1, Version=15.1.20151.2055, Culture=neutral, processorArchitecture=MSIL [C:\Users\ultra\warewolf\Dev\Dev2.Studio\Dev2.Studio.csproj]
C:\Program Files\dotnet\sdk\10.0.201\Microsoft.Common.CurrentVersion.targets(2451,5): warning MSB3277:             InfragisticsWPF4.Controls.Grids.XamGrid.v15.1, Version=15.1.20151.2055, Culture=neutral, PublicKeyToken=7dd5c3163f2cd0cb, processorArchitecture=MSIL [C:\Users\ultra\warewolf\Dev\Dev2.Studio\Dev2.Studio.csproj]
C:\Program Files\dotnet\sdk\10.0.201\Microsoft.Common.CurrentVersion.targets(2451,5): warning MSB3277:         C:\Users\ultra\warewolf\Dev\Binaries\Infragistcs_Net6\InfragisticsWPF4.DataManager.v15.1.dll [C:\Users\ultra\warewolf\Dev\Dev2.Studio\Dev2.Studio.csproj]
C:\Program Files\dotnet\sdk\10.0.201\Microsoft.Common.CurrentVersion.targets(2451,5): warning MSB3277:           Project file item includes which caused reference "C:\Users\ultra\warewolf\Dev\Binaries\Infragistcs_Net6\InfragisticsWPF4.DataManager.v15.1.dll". [C:\Users\ultra\warewolf\Dev\Dev2.Studio\Dev2.Studio.csproj]
C:\Program Files\dotnet\sdk\10.0.201\Microsoft.Common.CurrentVersion.targets(2451,5): warning MSB3277:             InfragisticsWPF4.DataManager.v15.1, Version=15.1.20151.2055, Culture=neutral, processorArchitecture=MSIL [C:\Users\ultra\warewolf\Dev\Dev2.Studio\Dev2.Studio.csproj]
C:\Program Files\dotnet\sdk\10.0.201\Microsoft.Common.CurrentVersion.targets(2451,5): warning MSB3277:             InfragisticsWPF4.Controls.Editors.XamComboEditor.v15.1, Version=15.1.20151.2055, Culture=neutral, processorArchitecture=MSIL [C:\Users\ultra\warewolf\Dev\Dev2.Studio\Dev2.Studio.csproj]
C:\Program Files\dotnet\sdk\10.0.201\Microsoft.Common.CurrentVersion.targets(2451,5): warning MSB3277:             InfragisticsWPF4.Controls.Grids.XamGrid.v15.1, Version=15.1.20151.2055, Culture=neutral, PublicKeyToken=7dd5c3163f2cd0cb, processorArchitecture=MSIL [C:\Users\ultra\warewolf\Dev\Dev2.Studio\Dev2.Studio.csproj]
C:\Program Files\dotnet\sdk\10.0.201\Microsoft.Common.CurrentVersion.targets(2451,5): warning MSB3277:             InfragisticsWPF4.Controls.Menus.XamDataTree.v15.1, Version=15.1.20151.2055, Culture=neutral, processorArchitecture=MSIL [C:\Users\ultra\warewolf\Dev\Dev2.Studio\Dev2.Studio.csproj]
C:\Program Files\dotnet\sdk\10.0.201\Microsoft.Common.CurrentVersion.targets(2451,5): warning MSB3277:         C:\Users\ultra\warewolf\Dev\Binaries\Infragistcs_Net6\InfragisticsWPF4.DataPresenter.v15.1.dll [C:\Users\ultra\warewolf\Dev\Dev2.Studio\Dev2.Studio.csproj]
C:\Program Files\dotnet\sdk\10.0.201\Microsoft.Common.CurrentVersion.targets(2451,5): warning MSB3277:           Project file item includes which caused reference "C:\Users\ultra\warewolf\Dev\Binaries\Infragistcs_Net6\InfragisticsWPF4.DataPresenter.v15.1.dll". [C:\Users\ultra\warewolf\Dev\Dev2.Studio\Dev2.Studio.csproj]
C:\Program Files\dotnet\sdk\10.0.201\Microsoft.Common.CurrentVersion.targets(2451,5): warning MSB3277:             InfragisticsWPF4.DataPresenter.v15.1 [C:\Users\ultra\warewolf\Dev\Dev2.Studio\Dev2.Studio.csproj]
C:\Program Files\dotnet\sdk\10.0.201\Microsoft.Common.CurrentVersion.targets(2451,5): warning MSB3277:         C:\Users\ultra\warewolf\Dev\Binaries\Infragistcs_Net6\InfragisticsWPF4.DataVisualization.v15.1.dll [C:\Users\ultra\warewolf\Dev\Dev2.Studio\Dev2.Studio.csproj]
C:\Program Files\dotnet\sdk\10.0.201\Microsoft.Common.CurrentVersion.targets(2451,5): warning MSB3277:           Project file item includes which caused reference "C:\Users\ultra\warewolf\Dev\Binaries\Infragistcs_Net6\InfragisticsWPF4.DataVisualization.v15.1.dll". [C:\Users\ultra\warewolf\Dev\Dev2.Studio\Dev2.Studio.csproj]
C:\Program Files\dotnet\sdk\10.0.201\Microsoft.Common.CurrentVersion.targets(2451,5): warning MSB3277:             InfragisticsWPF4.DataVisualization.v15.1, Version=15.1.20151.2055, Culture=neutral, PublicKeyToken=7dd5c3163f2cd0cb, processorArchitecture=MSIL [C:\Users\ultra\warewolf\Dev\Dev2.Studio\Dev2.Studio.csproj]
C:\Program Files\dotnet\sdk\10.0.201\Microsoft.Common.CurrentVersion.targets(2451,5): warning MSB3277:             InfragisticsWPF4.Controls.Maps.XamNetworkNode.v15.1, Version=15.1.20151.2055, Culture=neutral, PublicKeyToken=7dd5c3163f2cd0cb, processorArchitecture=MSIL [C:\Users\ultra\warewolf\Dev\Dev2.Studio\Dev2.Studio.csproj]
C:\Program Files\dotnet\sdk\10.0.201\Microsoft.Common.CurrentVersion.targets(2451,5): warning MSB3277:             InfragisticsWPF4.Math.Calculators.v15.1, Version=15.1.20151.2055, Culture=neutral, PublicKeyToken=7dd5c3163f2cd0cb, processorArchitecture=MSIL [C:\Users\ultra\warewolf\Dev\Dev2.Studio\Dev2.Studio.csproj]
C:\Program Files\dotnet\sdk\10.0.201\Microsoft.Common.CurrentVersion.targets(2451,5): warning MSB3277:         C:\Users\ultra\warewolf\Dev\Binaries\Infragistcs_Net6\InfragisticsWPF4.DockManager.v15.1.dll [C:\Users\ultra\warewolf\Dev\Dev2.Studio\Dev2.Studio.csproj]
C:\Program Files\dotnet\sdk\10.0.201\Microsoft.Common.CurrentVersion.targets(2451,5): warning MSB3277:           Project file item includes which caused reference "C:\Users\ultra\warewolf\Dev\Binaries\Infragistcs_Net6\InfragisticsWPF4.DockManager.v15.1.dll". [C:\Users\ultra\warewolf\Dev\Dev2.Studio\Dev2.Studio.csproj]
C:\Program Files\dotnet\sdk\10.0.201\Microsoft.Common.CurrentVersion.targets(2451,5): warning MSB3277:             InfragisticsWPF4.DockManager.v15.1, Version=15.1.20151.2055, Culture=neutral, PublicKeyToken=7dd5c3163f2cd0cb, processorArchitecture=MSIL [C:\Users\ultra\warewolf\Dev\Dev2.Studio\Dev2.Studio.csproj]
C:\Program Files\dotnet\sdk\10.0.201\Microsoft.Common.CurrentVersion.targets(2451,5): warning MSB3277:         C:\Users\ultra\warewolf\Dev\Binaries\Infragistcs_Net6\InfragisticsWPF4.DragDrop.v15.1.dll [C:\Users\ultra\warewolf\Dev\Dev2.Studio\Dev2.Studio.csproj]
C:\Program Files\dotnet\sdk\10.0.201\Microsoft.Common.CurrentVersion.targets(2451,5): warning MSB3277:           Project file item includes which caused reference "C:\Users\ultra\warewolf\Dev\Binaries\Infragistcs_Net6\InfragisticsWPF4.DragDrop.v15.1.dll". [C:\Users\ultra\warewolf\Dev\Dev2.Studio\Dev2.Studio.csproj]
C:\Program Files\dotnet\sdk\10.0.201\Microsoft.Common.CurrentVersion.targets(2451,5): warning MSB3277:             InfragisticsWPF4.DragDrop.v15.1, Version=15.1.20151.2055, Culture=neutral, PublicKeyToken=7dd5c3163f2cd0cb, processorArchitecture=MSIL [C:\Users\ultra\warewolf\Dev\Dev2.Studio\Dev2.Studio.csproj]
C:\Program Files\dotnet\sdk\10.0.201\Microsoft.Common.CurrentVersion.targets(2451,5): warning MSB3277:             InfragisticsWPF4.Controls.Menus.XamDataTree.v15.1, Version=15.1.20151.2055, Culture=neutral, processorArchitecture=MSIL [C:\Users\ultra\warewolf\Dev\Dev2.Studio\Dev2.Studio.csproj]
C:\Program Files\dotnet\sdk\10.0.201\Microsoft.Common.CurrentVersion.targets(2451,5): warning MSB3277:         C:\Users\ultra\warewolf\Dev\Binaries\Infragistcs_Net6\InfragisticsWPF4.Editors.v15.1.dll [C:\Users\ultra\warewolf\Dev\Dev2.Studio\Dev2.Studio.csproj]
C:\Program Files\dotnet\sdk\10.0.201\Microsoft.Common.CurrentVersion.targets(2451,5): warning MSB3277:           Project file item includes which caused reference "C:\Users\ultra\warewolf\Dev\Binaries\Infragistcs_Net6\InfragisticsWPF4.Editors.v15.1.dll". [C:\Users\ultra\warewolf\Dev\Dev2.Studio\Dev2.Studio.csproj]
C:\Program Files\dotnet\sdk\10.0.201\Microsoft.Common.CurrentVersion.targets(2451,5): warning MSB3277:             InfragisticsWPF4.Editors.v15.1, Version=15.1.20151.2055, Culture=neutral, processorArchitecture=MSIL [C:\Users\ultra\warewolf\Dev\Dev2.Studio\Dev2.Studio.csproj]
C:\Program Files\dotnet\sdk\10.0.201\Microsoft.Common.CurrentVersion.targets(2451,5): warning MSB3277:             InfragisticsWPF4.DataPresenter.v15.1 [C:\Users\ultra\warewolf\Dev\Dev2.Studio\Dev2.Studio.csproj]
C:\Program Files\dotnet\sdk\10.0.201\Microsoft.Common.CurrentVersion.targets(2451,5): warning MSB3277:         C:\Users\ultra\warewolf\Dev\Binaries\Infragistcs_Net6\InfragisticsWPF4.Math.Calculators.v15.1.dll [C:\Users\ultra\warewolf\Dev\Dev2.Studio\Dev2.Studio.csproj]
C:\Program Files\dotnet\sdk\10.0.201\Microsoft.Common.CurrentVersion.targets(2451,5): warning MSB3277:           Project file item includes which caused reference "C:\Users\ultra\warewolf\Dev\Binaries\Infragistcs_Net6\InfragisticsWPF4.Math.Calculators.v15.1.dll". [C:\Users\ultra\warewolf\Dev\Dev2.Studio\Dev2.Studio.csproj]
C:\Program Files\dotnet\sdk\10.0.201\Microsoft.Common.CurrentVersion.targets(2451,5): warning MSB3277:             InfragisticsWPF4.Math.Calculators.v15.1, Version=15.1.20151.2055, Culture=neutral, PublicKeyToken=7dd5c3163f2cd0cb, processorArchitecture=MSIL [C:\Users\ultra\warewolf\Dev\Dev2.Studio\Dev2.Studio.csproj]
C:\Program Files\dotnet\sdk\10.0.201\Microsoft.Common.CurrentVersion.targets(2451,5): warning MSB3277:         C:\Users\ultra\warewolf\Dev\Binaries\Infragistcs_Net6\InfragisticsWPF4.v15.1.dll [C:\Users\ultra\warewolf\Dev\Dev2.Studio\Dev2.Studio.csproj]
C:\Program Files\dotnet\sdk\10.0.201\Microsoft.Common.CurrentVersion.targets(2451,5): warning MSB3277:           Project file item includes which caused reference "C:\Users\ultra\warewolf\Dev\Binaries\Infragistcs_Net6\InfragisticsWPF4.v15.1.dll". [C:\Users\ultra\warewolf\Dev\Dev2.Studio\Dev2.Studio.csproj]
C:\Program Files\dotnet\sdk\10.0.201\Microsoft.Common.CurrentVersion.targets(2451,5): warning MSB3277:             InfragisticsWPF4.v15.1, Version=15.1.20151.2055, Culture=neutral, PublicKeyToken=7dd5c3163f2cd0cb, processorArchitecture=MSIL [C:\Users\ultra\warewolf\Dev\Dev2.Studio\Dev2.Studio.csproj]
C:\Program Files\dotnet\sdk\10.0.201\Microsoft.Common.CurrentVersion.targets(2451,5): warning MSB3277:             InfragisticsWPF4.Controls.Editors.XamComboEditor.v15.1, Version=15.1.20151.2055, Culture=neutral, processorArchitecture=MSIL [C:\Users\ultra\warewolf\Dev\Dev2.Studio\Dev2.Studio.csproj]
C:\Program Files\dotnet\sdk\10.0.201\Microsoft.Common.CurrentVersion.targets(2451,5): warning MSB3277:             InfragisticsWPF4.Controls.Grids.XamGrid.v15.1, Version=15.1.20151.2055, Culture=neutral, PublicKeyToken=7dd5c3163f2cd0cb, processorArchitecture=MSIL [C:\Users\ultra\warewolf\Dev\Dev2.Studio\Dev2.Studio.csproj]
C:\Program Files\dotnet\sdk\10.0.201\Microsoft.Common.CurrentVersion.targets(2451,5): warning MSB3277:             CalculationManager.WPF [C:\Users\ultra\warewolf\Dev\Dev2.Studio\Dev2.Studio.csproj]
C:\Program Files\dotnet\sdk\10.0.201\Microsoft.Common.CurrentVersion.targets(2451,5): warning MSB3277:             InfragisticsWPF4.Controls.Interactions.XamDialogWindow.v15.1, Version=15.1.20151.2055, Culture=neutral, PublicKeyToken=7dd5c3163f2cd0cb, processorArchitecture=MSIL [C:\Users\ultra\warewolf\Dev\Dev2.Studio\Dev2.Studio.csproj]
C:\Program Files\dotnet\sdk\10.0.201\Microsoft.Common.CurrentVersion.targets(2451,5): warning MSB3277:             InfragisticsWPF4.Controls.Maps.XamNetworkNode.v15.1, Version=15.1.20151.2055, Culture=neutral, PublicKeyToken=7dd5c3163f2cd0cb, processorArchitecture=MSIL [C:\Users\ultra\warewolf\Dev\Dev2.Studio\Dev2.Studio.csproj]
C:\Program Files\dotnet\sdk\10.0.201\Microsoft.Common.CurrentVersion.targets(2451,5): warning MSB3277:             InfragisticsWPF4.Controls.Menus.XamDataTree.v15.1, Version=15.1.20151.2055, Culture=neutral, processorArchitecture=MSIL [C:\Users\ultra\warewolf\Dev\Dev2.Studio\Dev2.Studio.csproj]
C:\Program Files\dotnet\sdk\10.0.201\Microsoft.Common.CurrentVersion.targets(2451,5): warning MSB3277:             InfragisticsWPF4.Controls.Menus.XamMenu.v15.1, Version=15.1.20151.2055, Culture=neutral, processorArchitecture=MSIL [C:\Users\ultra\warewolf\Dev\Dev2.Studio\Dev2.Studio.csproj]
C:\Program Files\dotnet\sdk\10.0.201\Microsoft.Common.CurrentVersion.targets(2451,5): warning MSB3277:             InfragisticsWPF4.DataManager.v15.1, Version=15.1.20151.2055, Culture=neutral, processorArchitecture=MSIL [C:\Users\ultra\warewolf\Dev\Dev2.Studio\Dev2.Studio.csproj]
C:\Program Files\dotnet\sdk\10.0.201\Microsoft.Common.CurrentVersion.targets(2451,5): warning MSB3277:             InfragisticsWPF4.DataPresenter.v15.1 [C:\Users\ultra\warewolf\Dev\Dev2.Studio\Dev2.Studio.csproj]
C:\Program Files\dotnet\sdk\10.0.201\Microsoft.Common.CurrentVersion.targets(2451,5): warning MSB3277:             InfragisticsWPF4.DataVisualization.v15.1, Version=15.1.20151.2055, Culture=neutral, PublicKeyToken=7dd5c3163f2cd0cb, processorArchitecture=MSIL [C:\Users\ultra\warewolf\Dev\Dev2.Studio\Dev2.Studio.csproj]
C:\Program Files\dotnet\sdk\10.0.201\Microsoft.Common.CurrentVersion.targets(2451,5): warning MSB3277:             InfragisticsWPF4.DockManager.v15.1, Version=15.1.20151.2055, Culture=neutral, PublicKeyToken=7dd5c3163f2cd0cb, processorArchitecture=MSIL [C:\Users\ultra\warewolf\Dev\Dev2.Studio\Dev2.Studio.csproj]
C:\Program Files\dotnet\sdk\10.0.201\Microsoft.Common.CurrentVersion.targets(2451,5): warning MSB3277:             InfragisticsWPF4.Editors.v15.1, Version=15.1.20151.2055, Culture=neutral, processorArchitecture=MSIL [C:\Users\ultra\warewolf\Dev\Dev2.Studio\Dev2.Studio.csproj]
C:\Program Files\dotnet\sdk\10.0.201\Microsoft.Common.CurrentVersion.targets(2451,5): warning MSB3277:             InfragisticsWPF4.Math.Calculators.v15.1, Version=15.1.20151.2055, Culture=neutral, PublicKeyToken=7dd5c3163f2cd0cb, processorArchitecture=MSIL [C:\Users\ultra\warewolf\Dev\Dev2.Studio\Dev2.Studio.csproj]
C:\Program Files\dotnet\sdk\10.0.201\Microsoft.Common.CurrentVersion.targets(2451,5): warning MSB3277:             InfragisticsWPF4.Math.v15.1, Version=15.1.20151.2055, Culture=neutral, PublicKeyToken=7dd5c3163f2cd0cb, processorArchitecture=MSIL [C:\Users\ultra\warewolf\Dev\Dev2.Studio\Dev2.Studio.csproj]
C:\Program Files\dotnet\sdk\10.0.201\Microsoft.Common.CurrentVersion.targets(2451,5): warning MSB3277:         C:\Users\ultra\.nuget\packages\avalonedit\6.3.0.90\lib\net462\ICSharpCode.AvalonEdit.dll [C:\Users\ultra\warewolf\Dev\Dev2.Studio\Dev2.Studio.csproj]
C:\Program Files\dotnet\sdk\10.0.201\Microsoft.Common.CurrentVersion.targets(2451,5): warning MSB3277:           Project file item includes which caused reference "C:\Users\ultra\.nuget\packages\avalonedit\6.3.0.90\lib\net462\ICSharpCode.AvalonEdit.dll". [C:\Users\ultra\warewolf\Dev\Dev2.Studio\Dev2.Studio.csproj]
C:\Program Files\dotnet\sdk\10.0.201\Microsoft.Common.CurrentVersion.targets(2451,5): warning MSB3277:             C:\Users\ultra\.nuget\packages\avalonedit\6.3.0.90\lib\net462\ICSharpCode.AvalonEdit.dll [C:\Users\ultra\warewolf\Dev\Dev2.Studio\Dev2.Studio.csproj]
C:\Program Files\dotnet\sdk\10.0.201\Microsoft.Common.CurrentVersion.targets(2451,5): warning MSB3277:         C:\Users\ultra\.nuget\packages\caliburn.micro\4.0.212\lib\netcoreapp3.1\Caliburn.Micro.Platform.dll [C:\Users\ultra\warewolf\Dev\Dev2.Studio\Dev2.Studio.csproj]
C:\Program Files\dotnet\sdk\10.0.201\Microsoft.Common.CurrentVersion.targets(2451,5): warning MSB3277:           Project file item includes which caused reference "C:\Users\ultra\.nuget\packages\caliburn.micro\4.0.212\lib\netcoreapp3.1\Caliburn.Micro.Platform.dll". [C:\Users\ultra\warewolf\Dev\Dev2.Studio\Dev2.Studio.csproj]
C:\Program Files\dotnet\sdk\10.0.201\Microsoft.Common.CurrentVersion.targets(2451,5): warning MSB3277:             C:\Users\ultra\.nuget\packages\caliburn.micro\4.0.212\lib\netcoreapp3.1\Caliburn.Micro.Platform.dll [C:\Users\ultra\warewolf\Dev\Dev2.Studio\Dev2.Studio.csproj]
C:\Program Files\dotnet\sdk\10.0.201\Microsoft.Common.CurrentVersion.targets(2451,5): warning MSB3277:         C:\Users\ultra\.nuget\packages\extended.wpf.toolkit\4.4.0\lib\net5.0\Xceed.Wpf.AvalonDock.NET5.dll [C:\Users\ultra\warewolf\Dev\Dev2.Studio\Dev2.Studio.csproj]
C:\Program Files\dotnet\sdk\10.0.201\Microsoft.Common.CurrentVersion.targets(2451,5): warning MSB3277:           Project file item includes which caused reference "C:\Users\ultra\.nuget\packages\extended.wpf.toolkit\4.4.0\lib\net5.0\Xceed.Wpf.AvalonDock.NET5.dll". [C:\Users\ultra\warewolf\Dev\Dev2.Studio\Dev2.Studio.csproj]
C:\Program Files\dotnet\sdk\10.0.201\Microsoft.Common.CurrentVersion.targets(2451,5): warning MSB3277:             C:\Users\ultra\.nuget\packages\extended.wpf.toolkit\4.4.0\lib\net5.0\Xceed.Wpf.AvalonDock.NET5.dll [C:\Users\ultra\warewolf\Dev\Dev2.Studio\Dev2.Studio.csproj]
C:\Program Files\dotnet\sdk\10.0.201\Microsoft.Common.CurrentVersion.targets(2451,5): warning MSB3277:             C:\Users\ultra\.nuget\packages\extended.wpf.toolkit\4.4.0\lib\net5.0\Xceed.Wpf.AvalonDock.Themes.Aero.NET5.dll [C:\Users\ultra\warewolf\Dev\Dev2.Studio\Dev2.Studio.csproj]
C:\Program Files\dotnet\sdk\10.0.201\Microsoft.Common.CurrentVersion.targets(2451,5): warning MSB3277:             C:\Users\ultra\.nuget\packages\extended.wpf.toolkit\4.4.0\lib\net5.0\Xceed.Wpf.AvalonDock.Themes.Metro.NET5.dll [C:\Users\ultra\warewolf\Dev\Dev2.Studio\Dev2.Studio.csproj]
C:\Program Files\dotnet\sdk\10.0.201\Microsoft.Common.CurrentVersion.targets(2451,5): warning MSB3277:             C:\Users\ultra\.nuget\packages\extended.wpf.toolkit\4.4.0\lib\net5.0\Xceed.Wpf.AvalonDock.Themes.VS2010.NET5.dll [C:\Users\ultra\warewolf\Dev\Dev2.Studio\Dev2.Studio.csproj]
C:\Program Files\dotnet\sdk\10.0.201\Microsoft.Common.CurrentVersion.targets(2451,5): warning MSB3277:         C:\Users\ultra\.nuget\packages\extended.wpf.toolkit\4.4.0\lib\net5.0\Xceed.Wpf.AvalonDock.Themes.Aero.NET5.dll [C:\Users\ultra\warewolf\Dev\Dev2.Studio\Dev2.Studio.csproj]
C:\Program Files\dotnet\sdk\10.0.201\Microsoft.Common.CurrentVersion.targets(2451,5): warning MSB3277:           Project file item includes which caused reference "C:\Users\ultra\.nuget\packages\extended.wpf.toolkit\4.4.0\lib\net5.0\Xceed.Wpf.AvalonDock.Themes.Aero.NET5.dll". [C:\Users\ultra\warewolf\Dev\Dev2.Studio\Dev2.Studio.csproj]
C:\Program Files\dotnet\sdk\10.0.201\Microsoft.Common.CurrentVersion.targets(2451,5): warning MSB3277:             C:\Users\ultra\.nuget\packages\extended.wpf.toolkit\4.4.0\lib\net5.0\Xceed.Wpf.AvalonDock.Themes.Aero.NET5.dll [C:\Users\ultra\warewolf\Dev\Dev2.Studio\Dev2.Studio.csproj]
C:\Program Files\dotnet\sdk\10.0.201\Microsoft.Common.CurrentVersion.targets(2451,5): warning MSB3277:         C:\Users\ultra\.nuget\packages\extended.wpf.toolkit\4.4.0\lib\net5.0\Xceed.Wpf.Toolkit.NET5.dll [C:\Users\ultra\warewolf\Dev\Dev2.Studio\Dev2.Studio.csproj]
C:\Program Files\dotnet\sdk\10.0.201\Microsoft.Common.CurrentVersion.targets(2451,5): warning MSB3277:           Project file item includes which caused reference "C:\Users\ultra\.nuget\packages\extended.wpf.toolkit\4.4.0\lib\net5.0\Xceed.Wpf.Toolkit.NET5.dll". [C:\Users\ultra\warewolf\Dev\Dev2.Studio\Dev2.Studio.csproj]
C:\Program Files\dotnet\sdk\10.0.201\Microsoft.Common.CurrentVersion.targets(2451,5): warning MSB3277:             C:\Users\ultra\.nuget\packages\extended.wpf.toolkit\4.4.0\lib\net5.0\Xceed.Wpf.Toolkit.NET5.dll [C:\Users\ultra\warewolf\Dev\Dev2.Studio\Dev2.Studio.csproj]
C:\Program Files\dotnet\sdk\10.0.201\Microsoft.Common.CurrentVersion.targets(2451,5): warning MSB3277:         C:\Users\ultra\.nuget\packages\fontawesome.wpf\4.7.0.9\lib\net40\FontAwesome.WPF.dll [C:\Users\ultra\warewolf\Dev\Dev2.Studio\Dev2.Studio.csproj]
C:\Program Files\dotnet\sdk\10.0.201\Microsoft.Common.CurrentVersion.targets(2451,5): warning MSB3277:           Project file item includes which caused reference "C:\Users\ultra\.nuget\packages\fontawesome.wpf\4.7.0.9\lib\net40\FontAwesome.WPF.dll". [C:\Users\ultra\warewolf\Dev\Dev2.Studio\Dev2.Studio.csproj]
C:\Program Files\dotnet\sdk\10.0.201\Microsoft.Common.CurrentVersion.targets(2451,5): warning MSB3277:             C:\Users\ultra\.nuget\packages\fontawesome.wpf\4.7.0.9\lib\net40\FontAwesome.WPF.dll [C:\Users\ultra\warewolf\Dev\Dev2.Studio\Dev2.Studio.csproj]
C:\Program Files\dotnet\sdk\10.0.201\Microsoft.Common.CurrentVersion.targets(2451,5): warning MSB3277:         C:\Users\ultra\.nuget\packages\ironpython\3.4.0\lib\net6.0\IronPython.Wpf.dll [C:\Users\ultra\warewolf\Dev\Dev2.Studio\Dev2.Studio.csproj]
C:\Program Files\dotnet\sdk\10.0.201\Microsoft.Common.CurrentVersion.targets(2451,5): warning MSB3277:           Project file item includes which caused reference "C:\Users\ultra\.nuget\packages\ironpython\3.4.0\lib\net6.0\IronPython.Wpf.dll". [C:\Users\ultra\warewolf\Dev\Dev2.Studio\Dev2.Studio.csproj]
C:\Program Files\dotnet\sdk\10.0.201\Microsoft.Common.CurrentVersion.targets(2451,5): warning MSB3277:             C:\Users\ultra\.nuget\packages\ironpython\3.4.0\lib\net6.0\IronPython.Wpf.dll [C:\Users\ultra\warewolf\Dev\Dev2.Studio\Dev2.Studio.csproj]
C:\Program Files\dotnet\sdk\10.0.201\Microsoft.Common.CurrentVersion.targets(2451,5): warning MSB3277:         C:\Users\ultra\.nuget\packages\microsoft.xaml.behaviors.wpf\1.1.122\lib\net462\Microsoft.Xaml.Behaviors.dll [C:\Users\ultra\warewolf\Dev\Dev2.Studio\Dev2.Studio.csproj]
C:\Program Files\dotnet\sdk\10.0.201\Microsoft.Common.CurrentVersion.targets(2451,5): warning MSB3277:           Project file item includes which caused reference "C:\Users\ultra\.nuget\packages\microsoft.xaml.behaviors.wpf\1.1.122\lib\net462\Microsoft.Xaml.Behaviors.dll". [C:\Users\ultra\warewolf\Dev\Dev2.Studio\Dev2.Studio.csproj]
C:\Program Files\dotnet\sdk\10.0.201\Microsoft.Common.CurrentVersion.targets(2451,5): warning MSB3277:             C:\Users\ultra\.nuget\packages\microsoft.xaml.behaviors.wpf\1.1.122\lib\net462\Microsoft.Xaml.Behaviors.dll [C:\Users\ultra\warewolf\Dev\Dev2.Studio\Dev2.Studio.csproj]
C:\Program Files\dotnet\sdk\10.0.201\Microsoft.Common.CurrentVersion.targets(2451,5): warning MSB3277:             C:\Users\ultra\.nuget\packages\caliburn.micro\4.0.212\lib\netcoreapp3.1\Caliburn.Micro.Platform.dll [C:\Users\ultra\warewolf\Dev\Dev2.Studio\Dev2.Studio.csproj]
C:\Program Files\dotnet\sdk\10.0.201\Microsoft.Common.CurrentVersion.targets(2451,5): warning MSB3277:             C:\Users\ultra\.nuget\packages\prism.wpf\9.0.537\lib\net462\Prism.Wpf.dll [C:\Users\ultra\warewolf\Dev\Dev2.Studio\Dev2.Studio.csproj]
C:\Program Files\dotnet\sdk\10.0.201\Microsoft.Common.CurrentVersion.targets(2451,5): warning MSB3277:         C:\Users\ultra\.nuget\packages\prism.composition\5.0.0\lib\NET45\Microsoft.Practices.Prism.Composition.dll [C:\Users\ultra\warewolf\Dev\Dev2.Studio\Dev2.Studio.csproj]
C:\Program Files\dotnet\sdk\10.0.201\Microsoft.Common.CurrentVersion.targets(2451,5): warning MSB3277:           Project file item includes which caused reference "C:\Users\ultra\.nuget\packages\prism.composition\5.0.0\lib\NET45\Microsoft.Practices.Prism.Composition.dll". [C:\Users\ultra\warewolf\Dev\Dev2.Studio\Dev2.Studio.csproj]
C:\Program Files\dotnet\sdk\10.0.201\Microsoft.Common.CurrentVersion.targets(2451,5): warning MSB3277:             C:\Users\ultra\.nuget\packages\prism.composition\5.0.0\lib\NET45\Microsoft.Practices.Prism.Composition.dll [C:\Users\ultra\warewolf\Dev\Dev2.Studio\Dev2.Studio.csproj]
C:\Program Files\dotnet\sdk\10.0.201\Microsoft.Common.CurrentVersion.targets(2451,5): warning MSB3277:             C:\Users\ultra\.nuget\packages\prism.unityextensions\5.0.1\lib\NET45\Microsoft.Practices.Prism.UnityExtensions.dll [C:\Users\ultra\warewolf\Dev\Dev2.Studio\Dev2.Studio.csproj]
C:\Program Files\dotnet\sdk\10.0.201\Microsoft.Common.CurrentVersion.targets(2451,5): warning MSB3277:         C:\Users\ultra\.nuget\packages\prism.interactivity\5.0.0\lib\NET45\Microsoft.Practices.Prism.Interactivity.dll [C:\Users\ultra\warewolf\Dev\Dev2.Studio\Dev2.Studio.csproj]
C:\Program Files\dotnet\sdk\10.0.201\Microsoft.Common.CurrentVersion.targets(2451,5): warning MSB3277:           Project file item includes which caused reference "C:\Users\ultra\.nuget\packages\prism.interactivity\5.0.0\lib\NET45\Microsoft.Practices.Prism.Interactivity.dll". [C:\Users\ultra\warewolf\Dev\Dev2.Studio\Dev2.Studio.csproj]
C:\Program Files\dotnet\sdk\10.0.201\Microsoft.Common.CurrentVersion.targets(2451,5): warning MSB3277:             C:\Users\ultra\.nuget\packages\prism.interactivity\5.0.0\lib\NET45\Microsoft.Practices.Prism.Interactivity.dll [C:\Users\ultra\warewolf\Dev\Dev2.Studio\Dev2.Studio.csproj]
C:\Program Files\dotnet\sdk\10.0.201\Microsoft.Common.CurrentVersion.targets(2451,5): warning MSB3277:         C:\Users\ultra\.nuget\packages\prism.mvvm\1.0.0\lib\net45\Microsoft.Practices.Prism.Mvvm.Desktop.dll [C:\Users\ultra\warewolf\Dev\Dev2.Studio\Dev2.Studio.csproj]
C:\Program Files\dotnet\sdk\10.0.201\Microsoft.Common.CurrentVersion.targets(2451,5): warning MSB3277:           Project file item includes which caused reference "C:\Users\ultra\.nuget\packages\prism.mvvm\1.0.0\lib\net45\Microsoft.Practices.Prism.Mvvm.Desktop.dll". [C:\Users\ultra\warewolf\Dev\Dev2.Studio\Dev2.Studio.csproj]
C:\Program Files\dotnet\sdk\10.0.201\Microsoft.Common.CurrentVersion.targets(2451,5): warning MSB3277:             C:\Users\ultra\.nuget\packages\prism.mvvm\1.0.0\lib\net45\Microsoft.Practices.Prism.Mvvm.Desktop.dll [C:\Users\ultra\warewolf\Dev\Dev2.Studio\Dev2.Studio.csproj]
C:\Program Files\dotnet\sdk\10.0.201\Microsoft.Common.CurrentVersion.targets(2451,5): warning MSB3277:         C:\Users\ultra\.nuget\packages\prism.unityextensions\5.0.1\lib\NET45\Microsoft.Practices.Prism.UnityExtensions.dll [C:\Users\ultra\warewolf\Dev\Dev2.Studio\Dev2.Studio.csproj]
C:\Program Files\dotnet\sdk\10.0.201\Microsoft.Common.CurrentVersion.targets(2451,5): warning MSB3277:           Project file item includes which caused reference "C:\Users\ultra\.nuget\packages\prism.unityextensions\5.0.1\lib\NET45\Microsoft.Practices.Prism.UnityExtensions.dll". [C:\Users\ultra\warewolf\Dev\Dev2.Studio\Dev2.Studio.csproj]
C:\Program Files\dotnet\sdk\10.0.201\Microsoft.Common.CurrentVersion.targets(2451,5): warning MSB3277:             C:\Users\ultra\.nuget\packages\prism.unityextensions\5.0.1\lib\NET45\Microsoft.Practices.Prism.UnityExtensions.dll [C:\Users\ultra\warewolf\Dev\Dev2.Studio\Dev2.Studio.csproj]
C:\Program Files\dotnet\sdk\10.0.201\Microsoft.Common.CurrentVersion.targets(2451,5): warning MSB3277:         C:\Users\ultra\.nuget\packages\prism.wpf\9.0.537\lib\net462\Prism.Wpf.dll [C:\Users\ultra\warewolf\Dev\Dev2.Studio\Dev2.Studio.csproj]
C:\Program Files\dotnet\sdk\10.0.201\Microsoft.Common.CurrentVersion.targets(2451,5): warning MSB3277:           Project file item includes which caused reference "C:\Users\ultra\.nuget\packages\prism.wpf\9.0.537\lib\net462\Prism.Wpf.dll". [C:\Users\ultra\warewolf\Dev\Dev2.Studio\Dev2.Studio.csproj]
C:\Program Files\dotnet\sdk\10.0.201\Microsoft.Common.CurrentVersion.targets(2451,5): warning MSB3277:             C:\Users\ultra\.nuget\packages\prism.wpf\9.0.537\lib\net462\Prism.Wpf.dll [C:\Users\ultra\warewolf\Dev\Dev2.Studio\Dev2.Studio.csproj]
C:\Program Files\dotnet\sdk\10.0.201\Microsoft.Common.CurrentVersion.targets(2451,5): warning MSB3277:         C:\Users\ultra\.nuget\packages\reactiveui.wpf\18.4.1\lib\net462\ReactiveUI.Wpf.dll [C:\Users\ultra\warewolf\Dev\Dev2.Studio\Dev2.Studio.csproj]
C:\Program Files\dotnet\sdk\10.0.201\Microsoft.Common.CurrentVersion.targets(2451,5): warning MSB3277:           Project file item includes which caused reference "C:\Users\ultra\.nuget\packages\reactiveui.wpf\18.4.1\lib\net462\ReactiveUI.Wpf.dll". [C:\Users\ultra\warewolf\Dev\Dev2.Studio\Dev2.Studio.csproj]
C:\Program Files\dotnet\sdk\10.0.201\Microsoft.Common.CurrentVersion.targets(2451,5): warning MSB3277:             C:\Users\ultra\.nuget\packages\reactiveui.wpf\18.4.1\lib\net462\ReactiveUI.Wpf.dll [C:\Users\ultra\warewolf\Dev\Dev2.Studio\Dev2.Studio.csproj]
C:\Program Files\dotnet\sdk\10.0.201\Microsoft.Common.CurrentVersion.targets(2451,5): warning MSB3277: Found conflicts between different versions of "System.Drawing.Common" that could not be resolved. [C:\Users\ultra\warewolf\Dev\Dev2.Studio\Dev2.Studio.csproj]
C:\Program Files\dotnet\sdk\10.0.201\Microsoft.Common.CurrentVersion.targets(2451,5): warning MSB3277: There was a conflict between "System.Drawing.Common, Version=6.0.0.0, Culture=neutral, PublicKeyToken=cc7b13ffcd2ddd51" and "System.Drawing.Common, Version=8.0.0.0, Culture=neutral, PublicKeyToken=cc7b13ffcd2ddd51". [C:\Users\ultra\warewolf\Dev\Dev2.Studio\Dev2.Studio.csproj]
C:\Program Files\dotnet\sdk\10.0.201\Microsoft.Common.CurrentVersion.targets(2451,5): warning MSB3277:     "System.Drawing.Common, Version=6.0.0.0, Culture=neutral, PublicKeyToken=cc7b13ffcd2ddd51" was chosen because it was primary and "System.Drawing.Common, Version=8.0.0.0, Culture=neutral, PublicKeyToken=cc7b13ffcd2ddd51" was not. [C:\Users\ultra\warewolf\Dev\Dev2.Studio\Dev2.Studio.csproj]
C:\Program Files\dotnet\sdk\10.0.201\Microsoft.Common.CurrentVersion.targets(2451,5): warning MSB3277:     References which depend on "System.Drawing.Common, Version=6.0.0.0, Culture=neutral, PublicKeyToken=cc7b13ffcd2ddd51" [C:\Users\ultra\.nuget\packages\system.drawing.common\6.0.0\lib\net6.0\System.Drawing.Common.dll]. [C:\Users\ultra\warewolf\Dev\Dev2.Studio\Dev2.Studio.csproj]
C:\Program Files\dotnet\sdk\10.0.201\Microsoft.Common.CurrentVersion.targets(2451,5): warning MSB3277:         C:\Users\ultra\.nuget\packages\system.drawing.common\6.0.0\lib\net6.0\System.Drawing.Common.dll [C:\Users\ultra\warewolf\Dev\Dev2.Studio\Dev2.Studio.csproj]
C:\Program Files\dotnet\sdk\10.0.201\Microsoft.Common.CurrentVersion.targets(2451,5): warning MSB3277:           Project file item includes which caused reference "C:\Users\ultra\.nuget\packages\system.drawing.common\6.0.0\lib\net6.0\System.Drawing.Common.dll". [C:\Users\ultra\warewolf\Dev\Dev2.Studio\Dev2.Studio.csproj]
C:\Program Files\dotnet\sdk\10.0.201\Microsoft.Common.CurrentVersion.targets(2451,5): warning MSB3277:             C:\Users\ultra\.nuget\packages\system.drawing.common\6.0.0\lib\net6.0\System.Drawing.Common.dll [C:\Users\ultra\warewolf\Dev\Dev2.Studio\Dev2.Studio.csproj]
C:\Program Files\dotnet\sdk\10.0.201\Microsoft.Common.CurrentVersion.targets(2451,5): warning MSB3277:     References which depend on or have been unified to "System.Drawing.Common, Version=8.0.0.0, Culture=neutral, PublicKeyToken=cc7b13ffcd2ddd51" []. [C:\Users\ultra\warewolf\Dev\Dev2.Studio\Dev2.Studio.csproj]
C:\Program Files\dotnet\sdk\10.0.201\Microsoft.Common.CurrentVersion.targets(2451,5): warning MSB3277:         C:\Users\ultra\.nuget\packages\servicestack\6.3.0\lib\net6.0\ServiceStack.dll [C:\Users\ultra\warewolf\Dev\Dev2.Studio\Dev2.Studio.csproj]
C:\Program Files\dotnet\sdk\10.0.201\Microsoft.Common.CurrentVersion.targets(2451,5): warning MSB3277:           Project file item includes which caused reference "C:\Users\ultra\.nuget\packages\servicestack\6.3.0\lib\net6.0\ServiceStack.dll". [C:\Users\ultra\warewolf\Dev\Dev2.Studio\Dev2.Studio.csproj]
C:\Program Files\dotnet\sdk\10.0.201\Microsoft.Common.CurrentVersion.targets(2451,5): warning MSB3277:             C:\Users\ultra\.nuget\packages\servicestack\6.3.0\lib\net6.0\ServiceStack.dll [C:\Users\ultra\warewolf\Dev\Dev2.Studio\Dev2.Studio.csproj]
C:\Program Files\dotnet\sdk\10.0.201\Microsoft.Common.CurrentVersion.targets(2451,5): warning MSB3277:         C:\Users\ultra\.nuget\packages\system.windows.extensions\8.0.0\lib\net8.0\System.Windows.Extensions.dll [C:\Users\ultra\warewolf\Dev\Dev2.Studio\Dev2.Studio.csproj]
C:\Program Files\dotnet\sdk\10.0.201\Microsoft.Common.CurrentVersion.targets(2451,5): warning MSB3277:           Project file item includes which caused reference "C:\Users\ultra\.nuget\packages\system.windows.extensions\8.0.0\lib\net8.0\System.Windows.Extensions.dll". [C:\Users\ultra\warewolf\Dev\Dev2.Studio\Dev2.Studio.csproj]
C:\Program Files\dotnet\sdk\10.0.201\Microsoft.Common.CurrentVersion.targets(2451,5): warning MSB3277:             C:\Users\ultra\.nuget\packages\system.windows.extensions\8.0.0\lib\net8.0\System.Windows.Extensions.dll [C:\Users\ultra\warewolf\Dev\Dev2.Studio\Dev2.Studio.csproj]
C:\Program Files\dotnet\sdk\10.0.201\Microsoft.Common.CurrentVersion.targets(2451,5): warning MSB3277:             InfragisticsWPF4.Editors.v15.1, Version=15.1.20151.2055, Culture=neutral, processorArchitecture=MSIL [C:\Users\ultra\warewolf\Dev\Dev2.Studio\Dev2.Studio.csproj]
C:\Program Files\dotnet\sdk\10.0.201\Microsoft.Common.CurrentVersion.targets(2451,5): warning MSB3277:             InfragisticsWPF4.DataPresenter.v15.1 [C:\Users\ultra\warewolf\Dev\Dev2.Studio\Dev2.Studio.csproj]
C:\Program Files\dotnet\sdk\10.0.201\Microsoft.Common.CurrentVersion.targets(2451,5): warning MSB3277:             C:\Users\ultra\.nuget\packages\extended.wpf.toolkit\4.4.0\lib\net5.0\Xceed.Wpf.Toolkit.NET5.dll [C:\Users\ultra\warewolf\Dev\Dev2.Studio\Dev2.Studio.csproj]
C:\Program Files\dotnet\sdk\10.0.201\Microsoft.Common.CurrentVersion.targets(2451,5): warning MSB3277:             C:\Users\ultra\.nuget\packages\system.security.permissions\8.0.0\lib\net8.0\System.Security.Permissions.dll [C:\Users\ultra\warewolf\Dev\Dev2.Studio\Dev2.Studio.csproj]
C:\Program Files\dotnet\sdk\10.0.201\Microsoft.Common.CurrentVersion.targets(2451,5): warning MSB3277:             C:\Users\ultra\warewolf\Dev\Dev2.Data\bin\Debug\net8.0\Dev2.Data.dll [C:\Users\ultra\warewolf\Dev\Dev2.Studio\Dev2.Studio.csproj]
C:\Program Files\dotnet\sdk\10.0.201\Microsoft.Common.CurrentVersion.targets(2451,5): warning MSB3277:             C:\Users\ultra\warewolf\Dev\Dev2.Activities\bin\Debug\net8.0\Dev2.Activities.dll [C:\Users\ultra\warewolf\Dev\Dev2.Studio\Dev2.Studio.csproj]
C:\Program Files\dotnet\sdk\10.0.201\Microsoft.Common.CurrentVersion.targets(2451,5): warning MSB3277:             C:\Users\ultra\warewolf\Dev\Dev2.Core\bin\Debug\net8.0\Dev2.Core.dll [C:\Users\ultra\warewolf\Dev\Dev2.Studio\Dev2.Studio.csproj]
C:\Program Files\dotnet\sdk\10.0.201\Microsoft.Common.CurrentVersion.targets(2451,5): warning MSB3277:             C:\Users\ultra\warewolf\Dev\Dev2.Intellisense\bin\Debug\net8.0\Dev2.Intellisense.dll [C:\Users\ultra\warewolf\Dev\Dev2.Studio\Dev2.Studio.csproj]
C:\Program Files\dotnet\sdk\10.0.201\Microsoft.Common.CurrentVersion.targets(2451,5): warning MSB3277:             C:\Users\ultra\warewolf\Dev\Dev2.Scheduler\bin\Debug\net8.0\Dev2.Scheduler.dll [C:\Users\ultra\warewolf\Dev\Dev2.Studio\Dev2.Studio.csproj]
C:\Program Files\dotnet\sdk\10.0.201\Microsoft.Common.CurrentVersion.targets(2451,5): warning MSB3277:             C:\Users\ultra\warewolf\Dev\Dev2.Services.Execution\bin\Debug\net8.0\Dev2.Services.Execution.dll [C:\Users\ultra\warewolf\Dev\Dev2.Studio\Dev2.Studio.csproj]
C:\Program Files\dotnet\sdk\10.0.201\Microsoft.Common.CurrentVersion.targets(2451,5): warning MSB3277:             C:\Users\ultra\warewolf\Dev\Dev2.Studio.Core\bin\Debug\net8.0\Dev2.Studio.Core.dll [C:\Users\ultra\warewolf\Dev\Dev2.Studio\Dev2.Studio.csproj]
C:\Program Files\dotnet\sdk\10.0.201\Microsoft.Common.CurrentVersion.targets(2451,5): warning MSB3277:             C:\Users\ultra\warewolf\Dev\Dev2.Studio.Interfaces\bin\Debug\net8.0\Dev2.Studio.Interfaces.dll [C:\Users\ultra\warewolf\Dev\Dev2.Studio\Dev2.Studio.csproj]
C:\Program Files\dotnet\sdk\10.0.201\Microsoft.Common.CurrentVersion.targets(2451,5): warning MSB3277:             C:\Users\ultra\warewolf\Dev\Warewolf.Core\bin\Debug\net8.0\Warewolf.Core.dll [C:\Users\ultra\warewolf\Dev\Dev2.Studio\Dev2.Studio.csproj]
C:\Program Files\dotnet\sdk\10.0.201\Microsoft.Common.CurrentVersion.targets(2451,5): warning MSB3277:             C:\Users\ultra\warewolf\Dev\Warewolf.ResourceManagement\bin\Debug\net8.0\Warewolf.ResourceManagement.dll [C:\Users\ultra\warewolf\Dev\Dev2.Studio\Dev2.Studio.csproj]
C:\Program Files\dotnet\sdk\10.0.201\Microsoft.Common.CurrentVersion.targets(2451,5): warning MSB3277:             C:\Users\ultra\warewolf\Dev\Warewolf.Studio.Core\bin\Debug\net8.0\Warewolf.Studio.Core.dll [C:\Users\ultra\warewolf\Dev\Dev2.Studio\Dev2.Studio.csproj]
C:\Program Files\dotnet\sdk\10.0.201\Microsoft.Common.CurrentVersion.targets(2451,5): warning MSB3277:             C:\Users\ultra\warewolf\Dev\Warewolf.Studio.Models\bin\Debug\net8.0\Warewolf.Studio.Models.dll [C:\Users\ultra\warewolf\Dev\Dev2.Studio\Dev2.Studio.csproj]
C:\Program Files\dotnet\sdk\10.0.201\Microsoft.Common.CurrentVersion.targets(2451,5): warning MSB3277:             C:\Users\ultra\warewolf\Dev\Warewolf.Studio.CustomControls\bin\Debug\net8.0\Warewolf.Studio.CustomControls.dll [C:\Users\ultra\warewolf\Dev\Dev2.Studio\Dev2.Studio.csproj]
C:\Program Files\dotnet\sdk\10.0.201\Microsoft.Common.CurrentVersion.targets(2451,5): warning MSB3277:             C:\Users\ultra\warewolf\Dev\Warewolf.Studio.ViewModels\bin\Debug\net8.0\Warewolf.Studio.ViewModels.dll [C:\Users\ultra\warewolf\Dev\Dev2.Studio\Dev2.Studio.csproj]
C:\Program Files\dotnet\sdk\10.0.201\Microsoft.Common.CurrentVersion.targets(2451,5): warning MSB3277:             C:\Users\ultra\warewolf\Dev\Warewolf.Trigger.Queue\bin\Debug\net8.0\Warewolf.Trigger.Queue.dll [C:\Users\ultra\warewolf\Dev\Dev2.Studio\Dev2.Studio.csproj]
C:\Program Files\dotnet\sdk\10.0.201\Microsoft.Common.CurrentVersion.targets(2451,5): warning MSB3277:             C:\Users\ultra\warewolf\Dev\Warewolf.UI\bin\Debug\net8.0\Warewolf.UI.dll [C:\Users\ultra\warewolf\Dev\Dev2.Studio\Dev2.Studio.csproj]
C:\Program Files\dotnet\sdk\10.0.201\Microsoft.Common.CurrentVersion.targets(2451,5): warning MSB3277:             C:\Users\ultra\warewolf\Dev\Dev2.Runtime.Services\bin\Debug\net8.0\Dev2.Runtime.Services.dll [C:\Users\ultra\warewolf\Dev\Dev2.Studio\Dev2.Studio.csproj]
C:\Program Files\dotnet\sdk\10.0.201\Microsoft.Common.CurrentVersion.targets(2451,5): warning MSB3277:             C:\Users\ultra\warewolf\Dev\Warewolf.Auditing\bin\Debug\net8.0\Warewolf.Auditing.dll [C:\Users\ultra\warewolf\Dev\Dev2.Studio\Dev2.Studio.csproj]
C:\Program Files\dotnet\sdk\10.0.201\Microsoft.Common.CurrentVersion.targets(2451,5): warning MSB3277:             C:\Users\ultra\warewolf\Dev\Warewolf.Common.NetStandard20\bin\Debug\net8.0\Warewolf.Common.NetStandard20.dll [C:\Users\ultra\warewolf\Dev\Dev2.Studio\Dev2.Studio.csproj]
C:\Program Files\dotnet\sdk\10.0.201\Microsoft.Common.CurrentVersion.targets(2451,5): warning MSB3277:             C:\Users\ultra\warewolf\Dev\Warewolf.Driver.Persistence\bin\Debug\net8.0\Warewolf.Driver.Persistence.dll [C:\Users\ultra\warewolf\Dev\Dev2.Studio\Dev2.Studio.csproj]
C:\Program Files\dotnet\sdk\10.0.201\Microsoft.Common.CurrentVersion.targets(2451,5): warning MSB3277:             C:\Users\ultra\warewolf\Dev\Warewolf.Exchange.Email.Wrapper\bin\Debug\net8.0\Warewolf.Exchange.Email.Wrapper.dll [C:\Users\ultra\warewolf\Dev\Dev2.Studio\Dev2.Studio.csproj]
C:\Program Files\dotnet\sdk\10.0.201\Microsoft.Common.CurrentVersion.targets(2451,5): warning MSB3277:             InfragisticsWPF4.DataVisualization.v15.1, Version=15.1.20151.2055, Culture=neutral, PublicKeyToken=7dd5c3163f2cd0cb, processorArchitecture=MSIL [C:\Users\ultra\warewolf\Dev\Dev2.Studio\Dev2.Studio.csproj]
C:\Program Files\dotnet\sdk\10.0.201\Microsoft.Common.CurrentVersion.targets(2451,5): warning MSB3277:             InfragisticsWPF4.Controls.Maps.XamNetworkNode.v15.1, Version=15.1.20151.2055, Culture=neutral, PublicKeyToken=7dd5c3163f2cd0cb, processorArchitecture=MSIL [C:\Users\ultra\warewolf\Dev\Dev2.Studio\Dev2.Studio.csproj]
C:\Program Files\dotnet\sdk\10.0.201\Microsoft.Common.CurrentVersion.targets(2451,5): warning MSB3277:             InfragisticsWPF4.DockManager.v15.1, Version=15.1.20151.2055, Culture=neutral, PublicKeyToken=7dd5c3163f2cd0cb, processorArchitecture=MSIL [C:\Users\ultra\warewolf\Dev\Dev2.Studio\Dev2.Studio.csproj]
C:\Program Files\dotnet\sdk\10.0.201\Microsoft.Common.CurrentVersion.targets(2451,5): warning MSB3277:             InfragisticsWPF4.Math.Calculators.v15.1, Version=15.1.20151.2055, Culture=neutral, PublicKeyToken=7dd5c3163f2cd0cb, processorArchitecture=MSIL [C:\Users\ultra\warewolf\Dev\Dev2.Studio\Dev2.Studio.csproj]
C:\Program Files\dotnet\sdk\10.0.201\Microsoft.Common.CurrentVersion.targets(2451,5): warning MSB3277:             InfragisticsWPF4.v15.1, Version=15.1.20151.2055, Culture=neutral, PublicKeyToken=7dd5c3163f2cd0cb, processorArchitecture=MSIL [C:\Users\ultra\warewolf\Dev\Dev2.Studio\Dev2.Studio.csproj]
C:\Program Files\dotnet\sdk\10.0.201\Microsoft.Common.CurrentVersion.targets(2451,5): warning MSB3277:             InfragisticsWPF4.Controls.Editors.XamComboEditor.v15.1, Version=15.1.20151.2055, Culture=neutral, processorArchitecture=MSIL [C:\Users\ultra\warewolf\Dev\Dev2.Studio\Dev2.Studio.csproj]
C:\Program Files\dotnet\sdk\10.0.201\Microsoft.Common.CurrentVersion.targets(2451,5): warning MSB3277:             InfragisticsWPF4.Controls.Grids.XamGrid.v15.1, Version=15.1.20151.2055, Culture=neutral, PublicKeyToken=7dd5c3163f2cd0cb, processorArchitecture=MSIL [C:\Users\ultra\warewolf\Dev\Dev2.Studio\Dev2.Studio.csproj]
C:\Program Files\dotnet\sdk\10.0.201\Microsoft.Common.CurrentVersion.targets(2451,5): warning MSB3277:             CalculationManager.WPF [C:\Users\ultra\warewolf\Dev\Dev2.Studio\Dev2.Studio.csproj]
C:\Program Files\dotnet\sdk\10.0.201\Microsoft.Common.CurrentVersion.targets(2451,5): warning MSB3277:             InfragisticsWPF4.Controls.Interactions.XamDialogWindow.v15.1, Version=15.1.20151.2055, Culture=neutral, PublicKeyToken=7dd5c3163f2cd0cb, processorArchitecture=MSIL [C:\Users\ultra\warewolf\Dev\Dev2.Studio\Dev2.Studio.csproj]
C:\Program Files\dotnet\sdk\10.0.201\Microsoft.Common.CurrentVersion.targets(2451,5): warning MSB3277:             InfragisticsWPF4.Controls.Menus.XamDataTree.v15.1, Version=15.1.20151.2055, Culture=neutral, processorArchitecture=MSIL [C:\Users\ultra\warewolf\Dev\Dev2.Studio\Dev2.Studio.csproj]
C:\Program Files\dotnet\sdk\10.0.201\Microsoft.Common.CurrentVersion.targets(2451,5): warning MSB3277:             InfragisticsWPF4.Controls.Menus.XamMenu.v15.1, Version=15.1.20151.2055, Culture=neutral, processorArchitecture=MSIL [C:\Users\ultra\warewolf\Dev\Dev2.Studio\Dev2.Studio.csproj]
C:\Program Files\dotnet\sdk\10.0.201\Microsoft.Common.CurrentVersion.targets(2451,5): warning MSB3277:             InfragisticsWPF4.DataManager.v15.1, Version=15.1.20151.2055, Culture=neutral, processorArchitecture=MSIL [C:\Users\ultra\warewolf\Dev\Dev2.Studio\Dev2.Studio.csproj]
C:\Program Files\dotnet\sdk\10.0.201\Microsoft.Common.CurrentVersion.targets(2451,5): warning MSB3277:             InfragisticsWPF4.Math.v15.1, Version=15.1.20151.2055, Culture=neutral, PublicKeyToken=7dd5c3163f2cd0cb, processorArchitecture=MSIL [C:\Users\ultra\warewolf\Dev\Dev2.Studio\Dev2.Studio.csproj]
C:\Program Files\dotnet\sdk\10.0.201\Microsoft.Common.CurrentVersion.targets(2451,5): warning MSB3277:             C:\Users\ultra\.nuget\packages\dotnetzip\1.16.0\lib\netstandard2.0\DotNetZip.dll [C:\Users\ultra\warewolf\Dev\Dev2.Studio\Dev2.Studio.csproj]
C:\Program Files\dotnet\sdk\10.0.201\Microsoft.Common.CurrentVersion.targets(2451,5): warning MSB3277:             C:\Users\ultra\warewolf\Dev\Dev2.Data.Interfaces\bin\Debug\net8.0\Dev2.Data.Interfaces.dll [C:\Users\ultra\warewolf\Dev\Dev2.Studio\Dev2.Studio.csproj]
C:\Program Files\dotnet\sdk\10.0.201\Microsoft.Common.CurrentVersion.targets(2451,5): warning MSB3277:             C:\Users\ultra\warewolf\Dev\Dev2.Diagnostics\bin\Debug\net8.0\Dev2.Diagnostics.dll [C:\Users\ultra\warewolf\Dev\Dev2.Studio\Dev2.Studio.csproj]
C:\Program Files\dotnet\sdk\10.0.201\Microsoft.Common.CurrentVersion.targets(2451,5): warning MSB3277:             C:\Users\ultra\warewolf\Dev\Dev2.Infrastructure\bin\Debug\net8.0\Dev2.Infrastructure.dll [C:\Users\ultra\warewolf\Dev\Dev2.Studio\Dev2.Studio.csproj]
C:\Program Files\dotnet\sdk\10.0.201\Microsoft.Common.CurrentVersion.targets(2451,5): warning MSB3277:             C:\Users\ultra\warewolf\Dev\Dev2.Common\bin\Debug\net8.0\Dev2.Common.dll [C:\Users\ultra\warewolf\Dev\Dev2.Studio\Dev2.Studio.csproj]
C:\Program Files\dotnet\sdk\10.0.201\Microsoft.Common.CurrentVersion.targets(2451,5): warning MSB3277:             C:\Users\ultra\warewolf\Dev\Dev2.TaskScheduler.Wrappers\bin\Debug\net8.0\Dev2.TaskScheduler.Wrappers.dll [C:\Users\ultra\warewolf\Dev\Dev2.Studio\Dev2.Studio.csproj]
C:\Program Files\dotnet\sdk\10.0.201\Microsoft.Common.CurrentVersion.targets(2451,5): warning MSB3277:             C:\Users\ultra\warewolf\Dev\Dev2.Util\bin\Debug\net8.0\Dev2.Util.dll [C:\Users\ultra\warewolf\Dev\Dev2.Studio\Dev2.Studio.csproj]
C:\Program Files\dotnet\sdk\10.0.201\Microsoft.Common.CurrentVersion.targets(2451,5): warning MSB3277:             C:\Users\ultra\warewolf\Dev\Warewolf.Sharepoint\bin\Debug\net8.0\Warewolf.Sharepoint.dll [C:\Users\ultra\warewolf\Dev\Dev2.Studio\Dev2.Studio.csproj]
C:\Program Files\dotnet\sdk\10.0.201\Microsoft.Common.CurrentVersion.targets(2451,5): warning MSB3277:             C:\Users\ultra\warewolf\Dev\Warewolf.Storage\bin\Debug\net8.0\Warewolf.Storage.dll [C:\Users\ultra\warewolf\Dev\Dev2.Studio\Dev2.Studio.csproj]
C:\Program Files\dotnet\sdk\10.0.201\Microsoft.Common.CurrentVersion.targets(2451,5): warning MSB3277:             C:\Users\ultra\warewolf\Dev\Dev2.Development.Languages\bin\Debug\net8.0\Dev2.Development.Languages.dll [C:\Users\ultra\warewolf\Dev\Dev2.Studio\Dev2.Studio.csproj]
C:\Program Files\dotnet\sdk\10.0.201\Microsoft.Common.CurrentVersion.targets(2451,5): warning MSB3277:             C:\Users\ultra\warewolf\Dev\Dev2.Services.Sql\bin\Debug\net8.0\Dev2.Services.Sql.dll [C:\Users\ultra\warewolf\Dev\Dev2.Studio\Dev2.Studio.csproj]
C:\Program Files\dotnet\sdk\10.0.201\Microsoft.Common.CurrentVersion.targets(2451,5): warning MSB3277:             C:\Users\ultra\warewolf\Dev\Warewolf.AI.Harness\bin\Debug\net8.0\Warewolf.AI.Harness.dll [C:\Users\ultra\warewolf\Dev\Dev2.Studio\Dev2.Studio.csproj]
C:\Program Files\dotnet\sdk\10.0.201\Microsoft.Common.CurrentVersion.targets(2451,5): warning MSB3277:             C:\Users\ultra\warewolf\Dev\Warewolf.Driver.Serilog\bin\Debug\net8.0\Warewolf.Driver.Serilog.dll [C:\Users\ultra\warewolf\Dev\Dev2.Studio\Dev2.Studio.csproj]
C:\Program Files\dotnet\sdk\10.0.201\Microsoft.Common.CurrentVersion.targets(2451,5): warning MSB3277:             C:\Users\ultra\.nuget\packages\mindbox.data.linq\5.0.0\lib\netstandard2.0\Mindbox.Data.Linq.dll [C:\Users\ultra\warewolf\Dev\Dev2.Studio\Dev2.Studio.csproj]
C:\Program Files\dotnet\sdk\10.0.201\Microsoft.Common.CurrentVersion.targets(2451,5): warning MSB3277:             C:\Users\ultra\.nuget\packages\mysql.data\8.4.0\lib\net8.0\MySql.Data.dll [C:\Users\ultra\warewolf\Dev\Dev2.Studio\Dev2.Studio.csproj]
C:\Program Files\dotnet\sdk\10.0.201\Microsoft.Common.CurrentVersion.targets(2451,5): warning MSB3277:             C:\Users\ultra\.nuget\packages\oracle.manageddataaccess.core\3.21.70\lib\netstandard2.1\Oracle.ManagedDataAccess.dll [C:\Users\ultra\warewolf\Dev\Dev2.Studio\Dev2.Studio.csproj]
C:\Program Files\dotnet\sdk\10.0.201\Microsoft.Common.CurrentVersion.targets(2451,5): warning MSB3277:             C:\Users\ultra\.nuget\packages\system.directoryservices\6.0.0\lib\net6.0\System.DirectoryServices.dll [C:\Users\ultra\warewolf\Dev\Dev2.Studio\Dev2.Studio.csproj]
C:\Program Files\dotnet\sdk\10.0.201\Microsoft.Common.CurrentVersion.targets(2451,5): warning MSB3277:             C:\Users\ultra\.nuget\packages\corewcf.primitives\1.2.1\lib\netstandard2.0\CoreWCF.Primitives.dll [C:\Users\ultra\warewolf\Dev\Dev2.Studio\Dev2.Studio.csproj]
C:\Program Files\dotnet\sdk\10.0.201\Microsoft.Common.CurrentVersion.targets(2451,5): warning MSB3277:             C:\Users\ultra\.nuget\packages\corewcf.http\1.2.1\lib\netstandard2.0\CoreWCF.Http.dll [C:\Users\ultra\warewolf\Dev\Dev2.Studio\Dev2.Studio.csproj]
C:\Program Files\dotnet\sdk\10.0.201\Microsoft.Common.CurrentVersion.targets(2451,5): warning MSB3277:             C:\Users\ultra\.nuget\packages\corewcf.nettcp\1.2.1\lib\netstandard2.0\CoreWCF.NetTcp.dll [C:\Users\ultra\warewolf\Dev\Dev2.Studio\Dev2.Studio.csproj]
C:\Program Files\dotnet\sdk\10.0.201\Microsoft.Common.CurrentVersion.targets(2451,5): warning MSB3277:             C:\Users\ultra\.nuget\packages\corewcf.webhttp\1.2.1\lib\netstandard2.0\CoreWCF.WebHttp.dll [C:\Users\ultra\warewolf\Dev\Dev2.Studio\Dev2.Studio.csproj]
C:\Program Files\dotnet\sdk\10.0.201\Microsoft.Common.CurrentVersion.targets(2451,5): warning MSB3277:             C:\Program Files\dotnet\packs\Microsoft.NETCore.App.Ref\8.0.25\ref/net8.0/System.Configuration.dll [C:\Users\ultra\warewolf\Dev\Dev2.Studio\Dev2.Studio.csproj]
C:\Program Files\dotnet\sdk\10.0.201\Microsoft.Common.CurrentVersion.targets(2451,5): warning MSB3277:             C:\Users\ultra\.nuget\packages\prism.composition\5.0.0\lib\NET45\Microsoft.Practices.Prism.Composition.dll [C:\Users\ultra\warewolf\Dev\Dev2.Studio\Dev2.Studio.csproj]
C:\Program Files\dotnet\sdk\10.0.201\Microsoft.Common.CurrentVersion.targets(2451,5): warning MSB3277:             C:\Users\ultra\.nuget\packages\prism.unityextensions\5.0.1\lib\NET45\Microsoft.Practices.Prism.UnityExtensions.dll [C:\Users\ultra\warewolf\Dev\Dev2.Studio\Dev2.Studio.csproj]
C:\Program Files\dotnet\sdk\10.0.201\Microsoft.Common.CurrentVersion.targets(2451,5): warning MSB3277:             C:\Users\ultra\.nuget\packages\prism.wpf\9.0.537\lib\net462\Prism.Wpf.dll [C:\Users\ultra\warewolf\Dev\Dev2.Studio\Dev2.Studio.csproj]
C:\Program Files\dotnet\sdk\10.0.201\Microsoft.Common.CurrentVersion.targets(2451,5): warning MSB3277:             C:\Program Files\dotnet\packs\Microsoft.NETCore.App.Ref\8.0.25\ref/net8.0/System.Data.dll [C:\Users\ultra\warewolf\Dev\Dev2.Studio\Dev2.Studio.csproj]
C:\Program Files\dotnet\sdk\10.0.201\Microsoft.Common.CurrentVersion.targets(2451,5): warning MSB3277:             C:\Users\ultra\.nuget\packages\taskschedulereditor\2.10.1\lib\net452\Microsoft.Win32.TaskSchedulerEditor.dll [C:\Users\ultra\warewolf\Dev\Dev2.Studio\Dev2.Studio.csproj]
C:\Program Files\dotnet\sdk\10.0.201\Microsoft.Common.CurrentVersion.targets(2451,5): warning MSB3277:             C:\Program Files\dotnet\packs\Microsoft.NETCore.App.Ref\8.0.25\ref/net8.0/System.Drawing.dll [C:\Users\ultra\warewolf\Dev\Dev2.Studio\Dev2.Studio.csproj]
C:\Program Files\dotnet\sdk\10.0.201\Microsoft.Common.CurrentVersion.targets(2451,5): warning MSB3277:             C:\Users\ultra\.nuget\packages\aerowizard\2.3.1\lib\net45\AeroWizard.dll [C:\Users\ultra\warewolf\Dev\Dev2.Studio\Dev2.Studio.csproj]
C:\Program Files\dotnet\sdk\10.0.201\Microsoft.Common.CurrentVersion.targets(2451,5): warning MSB3277:             C:\Users\ultra\.nuget\packages\avalonedit\6.3.0.90\lib\net462\ICSharpCode.AvalonEdit.dll [C:\Users\ultra\warewolf\Dev\Dev2.Studio\Dev2.Studio.csproj]
C:\Program Files\dotnet\sdk\10.0.201\Microsoft.Common.CurrentVersion.targets(2451,5): warning MSB3277:             C:\Users\ultra\.nuget\packages\groupcontrols\1.9.0\lib\net45\GroupControls.dll [C:\Users\ultra\warewolf\Dev\Dev2.Studio\Dev2.Studio.csproj]
C:\Program Files\dotnet\sdk\10.0.201\Microsoft.Common.CurrentVersion.targets(2451,5): warning MSB3277:             C:\Program Files\dotnet\packs\Microsoft.NETCore.App.Ref\8.0.25\ref/net8.0/System.Net.dll [C:\Users\ultra\warewolf\Dev\Dev2.Studio\Dev2.Studio.csproj]
C:\Program Files\dotnet\sdk\10.0.201\Microsoft.Common.CurrentVersion.targets(2451,5): warning MSB3277:             C:\Program Files\dotnet\packs\Microsoft.NETCore.App.Ref\8.0.25\ref/net8.0/System.Security.dll [C:\Users\ultra\warewolf\Dev\Dev2.Studio\Dev2.Studio.csproj]
C:\Program Files\dotnet\sdk\10.0.201\Microsoft.Common.CurrentVersion.targets(2451,5): warning MSB3277:             C:\Program Files\dotnet\packs\Microsoft.NETCore.App.Ref\8.0.25\ref/net8.0/System.ServiceProcess.dll [C:\Users\ultra\warewolf\Dev\Dev2.Studio\Dev2.Studio.csproj]
C:\Program Files\dotnet\sdk\10.0.201\Microsoft.Common.CurrentVersion.targets(2451,5): warning MSB3277:             C:\Program Files\dotnet\packs\Microsoft.NETCore.App.Ref\8.0.25\ref/net8.0/System.Transactions.dll [C:\Users\ultra\warewolf\Dev\Dev2.Studio\Dev2.Studio.csproj]
C:\Program Files\dotnet\sdk\10.0.201\Microsoft.Common.CurrentVersion.targets(2451,5): warning MSB3277:             C:\Program Files\dotnet\packs\Microsoft.NETCore.App.Ref\8.0.25\ref/net8.0/System.dll [C:\Users\ultra\warewolf\Dev\Dev2.Studio\Dev2.Studio.csproj]
C:\Program Files\dotnet\sdk\10.0.201\Microsoft.Common.CurrentVersion.targets(2451,5): warning MSB3277:             C:\Users\ultra\.nuget\packages\fontawesome.wpf\4.7.0.9\lib\net40\FontAwesome.WPF.dll [C:\Users\ultra\warewolf\Dev\Dev2.Studio\Dev2.Studio.csproj]
C:\Program Files\dotnet\sdk\10.0.201\Microsoft.Common.CurrentVersion.targets(2451,5): warning MSB3277:             C:\Users\ultra\.nuget\packages\log4net.async\2.0.4\lib\net40\Log4Net.Async.dll [C:\Users\ultra\warewolf\Dev\Dev2.Studio\Dev2.Studio.csproj]
C:\Program Files\dotnet\sdk\10.0.201\Microsoft.Common.CurrentVersion.targets(2451,5): warning MSB3277:             C:\Users\ultra\.nuget\packages\microsoft.xaml.behaviors.wpf\1.1.122\lib\net462\Microsoft.Xaml.Behaviors.dll [C:\Users\ultra\warewolf\Dev\Dev2.Studio\Dev2.Studio.csproj]
C:\Program Files\dotnet\sdk\10.0.201\Microsoft.Common.CurrentVersion.targets(2451,5): warning MSB3277:             C:\Users\ultra\.nuget\packages\caliburn.micro\4.0.212\lib\netcoreapp3.1\Caliburn.Micro.Platform.dll [C:\Users\ultra\warewolf\Dev\Dev2.Studio\Dev2.Studio.csproj]
C:\Program Files\dotnet\sdk\10.0.201\Microsoft.Common.CurrentVersion.targets(2451,5): warning MSB3277:             C:\Users\ultra\.nuget\packages\prism.interactivity\5.0.0\lib\NET45\Microsoft.Practices.Prism.Interactivity.dll [C:\Users\ultra\warewolf\Dev\Dev2.Studio\Dev2.Studio.csproj]
C:\Program Files\dotnet\sdk\10.0.201\Microsoft.Common.CurrentVersion.targets(2451,5): warning MSB3277:             C:\Users\ultra\.nuget\packages\prism.mvvm\1.0.0\lib\net45\Microsoft.Practices.Prism.Mvvm.Desktop.dll [C:\Users\ultra\warewolf\Dev\Dev2.Studio\Dev2.Studio.csproj]
C:\Program Files\dotnet\sdk\10.0.201\Microsoft.Common.CurrentVersion.targets(2451,5): warning MSB3277:             C:\Users\ultra\.nuget\packages\reactiveui.wpf\18.4.1\lib\net462\ReactiveUI.Wpf.dll [C:\Users\ultra\warewolf\Dev\Dev2.Studio\Dev2.Studio.csproj]
C:\Program Files\dotnet\sdk\10.0.201\Microsoft.Common.CurrentVersion.targets(2451,5): warning MSB3277:             C:\Users\ultra\.nuget\packages\ttcue.netcore.sharepointonline.csom.16.1.8029.1200\16.1.8029.1200\lib\netcoreapp2.0\Microsoft.SharePoint.Client.Runtime.Windows.dll [C:\Users\ultra\warewolf\Dev\Dev2.Studio\Dev2.Studio.csproj]
C:\Program Files\dotnet\sdk\10.0.201\Microsoft.Common.CurrentVersion.targets(2451,5): warning MSB3277:             C:\Program Files\dotnet\packs\Microsoft.NETCore.App.Ref\8.0.25\ref/net8.0/WindowsBase.dll [C:\Users\ultra\warewolf\Dev\Dev2.Studio\Dev2.Studio.csproj]
C:\Program Files\dotnet\sdk\10.0.201\Microsoft.Common.CurrentVersion.targets(2451,5): warning MSB3277:             C:\Program Files\dotnet\packs\Microsoft.NETCore.App.Ref\8.0.25\ref/net8.0/mscorlib.dll [C:\Users\ultra\warewolf\Dev\Dev2.Studio\Dev2.Studio.csproj]
C:\Program Files\dotnet\sdk\10.0.201\Microsoft.Common.CurrentVersion.targets(2451,5): warning MSB3277:             C:\Users\ultra\.nuget\packages\hangfire.core\1.7.32\lib\netstandard2.0\Hangfire.Core.dll [C:\Users\ultra\warewolf\Dev\Dev2.Studio\Dev2.Studio.csproj]
C:\Program Files\dotnet\sdk\10.0.201\Microsoft.Common.CurrentVersion.targets(2451,5): warning MSB3277:             C:\Users\ultra\.nuget\packages\hangfire.sqlserver\1.7.32\lib\netstandard2.0\Hangfire.SqlServer.dll [C:\Users\ultra\warewolf\Dev\Dev2.Studio\Dev2.Studio.csproj]
C:\Program Files\dotnet\sdk\10.0.201\Microsoft.Common.CurrentVersion.targets(2451,5): warning MSB3277:             C:\Users\ultra\.nuget\packages\unofficial.microsoft.mshtml\7.0.3300\lib\net40\Microsoft.mshtml.dll [C:\Users\ultra\warewolf\Dev\Dev2.Studio\Dev2.Studio.csproj]
C:\Program Files\dotnet\sdk\10.0.201\Microsoft.Common.CurrentVersion.targets(2451,5): warning MSB3277:         C:\Program Files\dotnet\packs\Microsoft.NETCore.App.Ref\8.0.25\ref\net8.0\System.Drawing.dll [C:\Users\ultra\warewolf\Dev\Dev2.Studio\Dev2.Studio.csproj]
C:\Program Files\dotnet\sdk\10.0.201\Microsoft.Common.CurrentVersion.targets(2451,5): warning MSB3277:           Project file item includes which caused reference "C:\Program Files\dotnet\packs\Microsoft.NETCore.App.Ref\8.0.25\ref\net8.0\System.Drawing.dll". [C:\Users\ultra\warewolf\Dev\Dev2.Studio\Dev2.Studio.csproj]
C:\Program Files\dotnet\sdk\10.0.201\Microsoft.Common.CurrentVersion.targets(2451,5): warning MSB3277:             C:\Program Files\dotnet\packs\Microsoft.NETCore.App.Ref\8.0.25\ref/net8.0/System.Drawing.dll [C:\Users\ultra\warewolf\Dev\Dev2.Studio\Dev2.Studio.csproj]
C:\Program Files\dotnet\sdk\10.0.201\Microsoft.Common.CurrentVersion.targets(2451,5): warning MSB3277:             C:\Users\ultra\.nuget\packages\aerowizard\2.3.1\lib\net45\AeroWizard.dll [C:\Users\ultra\warewolf\Dev\Dev2.Studio\Dev2.Studio.csproj]
C:\Program Files\dotnet\sdk\10.0.201\Microsoft.Common.CurrentVersion.targets(2451,5): warning MSB3277:             C:\Users\ultra\.nuget\packages\avalonedit\6.3.0.90\lib\net462\ICSharpCode.AvalonEdit.dll [C:\Users\ultra\warewolf\Dev\Dev2.Studio\Dev2.Studio.csproj]
C:\Program Files\dotnet\sdk\10.0.201\Microsoft.Common.CurrentVersion.targets(2451,5): warning MSB3277:             C:\Users\ultra\.nuget\packages\groupcontrols\1.9.0\lib\net45\GroupControls.dll [C:\Users\ultra\warewolf\Dev\Dev2.Studio\Dev2.Studio.csproj]
C:\Program Files\dotnet\sdk\10.0.201\Microsoft.Common.CurrentVersion.targets(2451,5): warning MSB3277:             C:\Users\ultra\.nuget\packages\taskschedulereditor\2.10.1\lib\net452\Microsoft.Win32.TaskSchedulerEditor.dll [C:\Users\ultra\warewolf\Dev\Dev2.Studio\Dev2.Studio.csproj]
C:\Program Files\dotnet\sdk\10.0.201\Microsoft.CSharp.CurrentVersion.targets(130,9): warning MSB3884: Could not find rule set file "..\.sonarlint\warewolf_dotnet_frameworkcsharp.ruleset". [C:\Users\ultra\warewolf\Dev\Dev2.Studio\Dev2.Studio.csproj]
C:\Users\ultra\warewolf\Dev\Dev2.Activities.Tests\Activities\DsfComDllActivityTests.cs(299,35): warning CS0618: 'DsfComDllActivity' is obsolete: 'DsfWebPostActivity is deprecated.' [C:\Users\ultra\warewolf\Dev\Dev2.Activities.Tests\Dev2.Activities.Tests.csproj]
C:\Users\ultra\warewolf\Dev\Dev2.Activities.Tests\Activities\DsfComDllActivityTests.cs(38,30): warning CS0618: 'DsfComDllActivity' is obsolete: 'DsfWebPostActivity is deprecated.' [C:\Users\ultra\warewolf\Dev\Dev2.Activities.Tests\Dev2.Activities.Tests.csproj]
C:\Users\ultra\warewolf\Dev\Dev2.Activities.Tests\Activities\DsfComDllActivityTests.cs(57,30): warning CS0618: 'DsfComDllActivity' is obsolete: 'DsfWebPostActivity is deprecated.' [C:\Users\ultra\warewolf\Dev\Dev2.Activities.Tests\Dev2.Activities.Tests.csproj]
C:\Users\ultra\warewolf\Dev\Dev2.Activities.Tests\Activities\DsfComDllActivityTests.cs(89,30): warning CS0618: 'DsfComDllActivity' is obsolete: 'DsfWebPostActivity is deprecated.' [C:\Users\ultra\warewolf\Dev\Dev2.Activities.Tests\Dev2.Activities.Tests.csproj]
C:\Users\ultra\warewolf\Dev\Dev2.Activities.Tests\Activities\DsfComDllActivityTests.cs(144,30): warning CS0618: 'DsfComDllActivity' is obsolete: 'DsfWebPostActivity is deprecated.' [C:\Users\ultra\warewolf\Dev\Dev2.Activities.Tests\Dev2.Activities.Tests.csproj]
C:\Users\ultra\warewolf\Dev\Dev2.Activities.Tests\Activities\DsfComDllActivityTests.cs(207,30): warning CS0618: 'DsfComDllActivity' is obsolete: 'DsfWebPostActivity is deprecated.' [C:\Users\ultra\warewolf\Dev\Dev2.Activities.Tests\Dev2.Activities.Tests.csproj]
C:\Users\ultra\warewolf\Dev\Dev2.Activities.Tests\Activities\DsfComDllActivityTests.cs(222,30): warning CS0618: 'DsfComDllActivity' is obsolete: 'DsfWebPostActivity is deprecated.' [C:\Users\ultra\warewolf\Dev\Dev2.Activities.Tests\Dev2.Activities.Tests.csproj]
C:\Users\ultra\warewolf\Dev\Dev2.Activities.Tests\Activities\DsfComDllActivityTests.cs(237,30): warning CS0618: 'DsfComDllActivity' is obsolete: 'DsfWebPostActivity is deprecated.' [C:\Users\ultra\warewolf\Dev\Dev2.Activities.Tests\Dev2.Activities.Tests.csproj]
C:\Users\ultra\warewolf\Dev\Dev2.Activities.Tests\Activities\DsfComDllActivityTests.cs(252,30): warning CS0618: 'DsfComDllActivity' is obsolete: 'DsfWebPostActivity is deprecated.' [C:\Users\ultra\warewolf\Dev\Dev2.Activities.Tests\Dev2.Activities.Tests.csproj]
C:\Users\ultra\warewolf\Dev\Dev2.Activities.Tests\Activities\DsfComDllActivityTests.cs(267,30): warning CS0618: 'DsfComDllActivity' is obsolete: 'DsfWebPostActivity is deprecated.' [C:\Users\ultra\warewolf\Dev\Dev2.Activities.Tests\Dev2.Activities.Tests.csproj]
C:\Users\ultra\warewolf\Dev\Dev2.Activities.Tests\Activities\DsfComDllActivityTests.cs(284,30): warning CS0618: 'DsfComDllActivity' is obsolete: 'DsfWebPostActivity is deprecated.' [C:\Users\ultra\warewolf\Dev\Dev2.Activities.Tests\Dev2.Activities.Tests.csproj]
C:\Users\ultra\warewolf\Dev\Dev2.Activities.Tests\ActivityComparerTests\ComDll\DsfComDllActivityEqualityTests.cs(34,30): warning CS0618: 'DsfComDllActivity' is obsolete: 'DsfWebPostActivity is deprecated.' [C:\Users\ultra\warewolf\Dev\Dev2.Activities.Tests\Dev2.Activities.Tests.csproj]
C:\Users\ultra\warewolf\Dev\Dev2.Activities.Tests\ActivityComparerTests\ComDll\DsfComDllActivityEqualityTests.cs(52,30): warning CS0618: 'DsfComDllActivity' is obsolete: 'DsfWebPostActivity is deprecated.' [C:\Users\ultra\warewolf\Dev\Dev2.Activities.Tests\Dev2.Activities.Tests.csproj]
C:\Users\ultra\warewolf\Dev\Dev2.Activities.Tests\ActivityComparerTests\ComDll\DsfComDllActivityEqualityTests.cs(70,30): warning CS0618: 'DsfComDllActivity' is obsolete: 'DsfWebPostActivity is deprecated.' [C:\Users\ultra\warewolf\Dev\Dev2.Activities.Tests\Dev2.Activities.Tests.csproj]
C:\Users\ultra\warewolf\Dev\Dev2.Activities.Tests\ActivityComparerTests\ComDll\DsfComDllActivityEqualityTests.cs(88,30): warning CS0618: 'DsfComDllActivity' is obsolete: 'DsfWebPostActivity is deprecated.' [C:\Users\ultra\warewolf\Dev\Dev2.Activities.Tests\Dev2.Activities.Tests.csproj]
C:\Users\ultra\warewolf\Dev\Dev2.Activities.Tests\ActivityComparerTests\ComDll\DsfComDllActivityEqualityTests.cs(106,30): warning CS0618: 'DsfComDllActivity' is obsolete: 'DsfWebPostActivity is deprecated.' [C:\Users\ultra\warewolf\Dev\Dev2.Activities.Tests\Dev2.Activities.Tests.csproj]
C:\Users\ultra\warewolf\Dev\Dev2.Activities.Tests\ActivityComparerTests\ComDll\DsfComDllActivityEqualityTests.cs(124,30): warning CS0618: 'DsfComDllActivity' is obsolete: 'DsfWebPostActivity is deprecated.' [C:\Users\ultra\warewolf\Dev\Dev2.Activities.Tests\Dev2.Activities.Tests.csproj]
C:\Users\ultra\warewolf\Dev\Dev2.Activities.Tests\ActivityComparerTests\ComDll\DsfComDllActivityEqualityTests.cs(162,30): warning CS0618: 'DsfComDllActivity' is obsolete: 'DsfWebPostActivity is deprecated.' [C:\Users\ultra\warewolf\Dev\Dev2.Activities.Tests\Dev2.Activities.Tests.csproj]
C:\Users\ultra\warewolf\Dev\Dev2.Activities.Tests\ActivityComparerTests\ComDll\DsfComDllActivityEqualityTests.cs(199,30): warning CS0618: 'DsfComDllActivity' is obsolete: 'DsfWebPostActivity is deprecated.' [C:\Users\ultra\warewolf\Dev\Dev2.Activities.Tests\Dev2.Activities.Tests.csproj]
C:\Users\ultra\warewolf\Dev\Dev2.Activities.Tests\ActivityComparerTests\ComDll\DsfComDllActivityEqualityTests.cs(239,30): warning CS0618: 'DsfComDllActivity' is obsolete: 'DsfWebPostActivity is deprecated.' [C:\Users\ultra\warewolf\Dev\Dev2.Activities.Tests\Dev2.Activities.Tests.csproj]
C:\Users\ultra\warewolf\Dev\Dev2.Activities.Tests\ActivityComparerTests\ComDll\DsfComDllActivityEqualityTests.cs(279,30): warning CS0618: 'DsfComDllActivity' is obsolete: 'DsfWebPostActivity is deprecated.' [C:\Users\ultra\warewolf\Dev\Dev2.Activities.Tests\Dev2.Activities.Tests.csproj]
C:\Users\ultra\warewolf\Dev\Dev2.Activities.Tests\ActivityComparerTests\ComDll\DsfComDllActivityEqualityTests.cs(324,30): warning CS0618: 'DsfComDllActivity' is obsolete: 'DsfWebPostActivity is deprecated.' [C:\Users\ultra\warewolf\Dev\Dev2.Activities.Tests\Dev2.Activities.Tests.csproj]
C:\Users\ultra\warewolf\Dev\Dev2.Activities.Tests\ActivityComparerTests\ComDll\DsfComDllActivityEqualityTests.cs(366,30): warning CS0618: 'DsfComDllActivity' is obsolete: 'DsfWebPostActivity is deprecated.' [C:\Users\ultra\warewolf\Dev\Dev2.Activities.Tests\Dev2.Activities.Tests.csproj]
C:\Users\ultra\warewolf\Dev\Dev2.Activities.Tests\ActivityComparerTests\ComDll\DsfComDllActivityEqualityTests.cs(416,30): warning CS0618: 'DsfComDllActivity' is obsolete: 'DsfWebPostActivity is deprecated.' [C:\Users\ultra\warewolf\Dev\Dev2.Activities.Tests\Dev2.Activities.Tests.csproj]
C:\Users\ultra\warewolf\Dev\Dev2.Activities.Tests\ActivityComparerTests\ComDll\DsfComDllActivityEqualityTests.cs(468,30): warning CS0618: 'DsfComDllActivity' is obsolete: 'DsfWebPostActivity is deprecated.' [C:\Users\ultra\warewolf\Dev\Dev2.Activities.Tests\Dev2.Activities.Tests.csproj]
C:\Users\ultra\warewolf\Dev\Dev2.Activities.Tests\ActivityComparerTests\ComDll\DsfComDllActivityEqualityTests.cs(532,30): warning CS0618: 'DsfComDllActivity' is obsolete: 'DsfWebPostActivity is deprecated.' [C:\Users\ultra\warewolf\Dev\Dev2.Activities.Tests\Dev2.Activities.Tests.csproj]
C:\Users\ultra\warewolf\Dev\Dev2.Activities.Tests\ActivityComparerTests\ComDll\DsfComDllActivityEqualityTests.cs(596,30): warning CS0618: 'DsfComDllActivity' is obsolete: 'DsfWebPostActivity is deprecated.' [C:\Users\ultra\warewolf\Dev\Dev2.Activities.Tests\Dev2.Activities.Tests.csproj]
C:\Users\ultra\warewolf\Dev\Dev2.Activities.Tests\ActivityComparerTests\ComDll\DsfComDllActivityEqualityTests.cs(680,30): warning CS0618: 'DsfComDllActivity' is obsolete: 'DsfWebPostActivity is deprecated.' [C:\Users\ultra\warewolf\Dev\Dev2.Activities.Tests\Dev2.Activities.Tests.csproj]
C:\Users\ultra\warewolf\Dev\Dev2.Activities.Tests\ActivityComparerTests\ComDll\DsfComDllActivityEqualityTests.cs(764,30): warning CS0618: 'DsfComDllActivity' is obsolete: 'DsfWebPostActivity is deprecated.' [C:\Users\ultra\warewolf\Dev\Dev2.Activities.Tests\Dev2.Activities.Tests.csproj]
C:\Users\ultra\warewolf\Dev\Dev2.Activities.Tests\ActivityComparerTests\ComDll\DsfComDllActivityEqualityTests.cs(846,30): warning CS0618: 'DsfComDllActivity' is obsolete: 'DsfWebPostActivity is deprecated.' [C:\Users\ultra\warewolf\Dev\Dev2.Activities.Tests\Dev2.Activities.Tests.csproj]
C:\Users\ultra\warewolf\Dev\Dev2.Activities.Tests\ActivityComparerTests\ComDll\DsfComDllActivityEqualityTests.cs(930,30): warning CS0618: 'DsfComDllActivity' is obsolete: 'DsfWebPostActivity is deprecated.' [C:\Users\ultra\warewolf\Dev\Dev2.Activities.Tests\Dev2.Activities.Tests.csproj]
C:\Users\ultra\warewolf\Dev\Dev2.Activities.Tests\ActivityComparerTests\ComDll\DsfComDllActivityEqualityTests.cs(1031,30): warning CS0618: 'DsfComDllActivity' is obsolete: 'DsfWebPostActivity is deprecated.' [C:\Users\ultra\warewolf\Dev\Dev2.Activities.Tests\Dev2.Activities.Tests.csproj]
C:\Users\ultra\warewolf\Dev\Dev2.Activities.Tests\ActivityComparerTests\ComDll\DsfComDllActivityEqualityTests.cs(1112,30): warning CS0618: 'DsfComDllActivity' is obsolete: 'DsfWebPostActivity is deprecated.' [C:\Users\ultra\warewolf\Dev\Dev2.Activities.Tests\Dev2.Activities.Tests.csproj]
C:\Users\ultra\warewolf\Dev\Dev2.Activities.Tests\ActivityComparerTests\ComDll\DsfComDllActivityEqualityTests.cs(1199,30): warning CS0618: 'DsfComDllActivity' is obsolete: 'DsfWebPostActivity is deprecated.' [C:\Users\ultra\warewolf\Dev\Dev2.Activities.Tests\Dev2.Activities.Tests.csproj]
C:\Users\ultra\warewolf\Dev\Dev2.Activities.Tests\ActivityComparerTests\ComDll\DsfComDllActivityEqualityTests.cs(1263,30): warning CS0618: 'DsfComDllActivity' is obsolete: 'DsfWebPostActivity is deprecated.' [C:\Users\ultra\warewolf\Dev\Dev2.Activities.Tests\Dev2.Activities.Tests.csproj]
C:\Users\ultra\warewolf\Dev\Dev2.Activities.Tests\ActivityComparerTests\ComDll\DsfComDllActivityEqualityTests.cs(1328,30): warning CS0618: 'DsfComDllActivity' is obsolete: 'DsfWebPostActivity is deprecated.' [C:\Users\ultra\warewolf\Dev\Dev2.Activities.Tests\Dev2.Activities.Tests.csproj]
C:\Users\ultra\warewolf\Dev\Dev2.Activities.Tests\ActivityComparerTests\ComDll\DsfComDllActivityEqualityTests.cs(1396,30): warning CS0618: 'DsfComDllActivity' is obsolete: 'DsfWebPostActivity is deprecated.' [C:\Users\ultra\warewolf\Dev\Dev2.Activities.Tests\Dev2.Activities.Tests.csproj]
C:\Users\ultra\warewolf\Dev\Dev2.Activities.Tests\ActivityComparerTests\ComDll\DsfComDllActivityEqualityTests.cs(1469,30): warning CS0618: 'DsfComDllActivity' is obsolete: 'DsfWebPostActivity is deprecated.' [C:\Users\ultra\warewolf\Dev\Dev2.Activities.Tests\Dev2.Activities.Tests.csproj]
C:\Users\ultra\warewolf\Dev\Dev2.Activities.Tests\ActivityComparerTests\ComDll\DsfComDllActivityEqualityTests.cs(1541,30): warning CS0618: 'DsfComDllActivity' is obsolete: 'DsfWebPostActivity is deprecated.' [C:\Users\ultra\warewolf\Dev\Dev2.Activities.Tests\Dev2.Activities.Tests.csproj]
C:\Users\ultra\warewolf\Dev\Dev2.Activities.Tests\ActivityComparerTests\ComDll\DsfComDllActivityEqualityTests.cs(1607,30): warning CS0618: 'DsfComDllActivity' is obsolete: 'DsfWebPostActivity is deprecated.' [C:\Users\ultra\warewolf\Dev\Dev2.Activities.Tests\Dev2.Activities.Tests.csproj]
C:\Users\ultra\warewolf\Dev\Dev2.Activities.Tests\ActivityComparerTests\ComDll\DsfComDllActivityEqualityTests.cs(1675,30): warning CS0618: 'DsfComDllActivity' is obsolete: 'DsfWebPostActivity is deprecated.' [C:\Users\ultra\warewolf\Dev\Dev2.Activities.Tests\Dev2.Activities.Tests.csproj]
C:\Users\ultra\warewolf\Dev\Dev2.Activities.Tests\ActivityComparerTests\ComDll\DsfComDllActivityEqualityTests.cs(1745,30): warning CS0618: 'DsfComDllActivity' is obsolete: 'DsfWebPostActivity is deprecated.' [C:\Users\ultra\warewolf\Dev\Dev2.Activities.Tests\Dev2.Activities.Tests.csproj]
C:\Users\ultra\warewolf\Dev\Dev2.Activities.Tests\Activities\DsfComDllActivityTests.cs(274,23): warning CS0618: 'DsfComDllActivity' is obsolete: 'DsfWebPostActivity is deprecated.' [C:\Users\ultra\warewolf\Dev\Dev2.Activities.Tests\Dev2.Activities.Tests.csproj]
C:\Users\ultra\warewolf\Dev\Dev2.Activities.Tests\ActivityComparerTests\ComDll\DsfComDllActivityEqualityTests.cs(39,32): warning CS0618: 'DsfComDllActivity' is obsolete: 'DsfWebPostActivity is deprecated.' [C:\Users\ultra\warewolf\Dev\Dev2.Activities.Tests\Dev2.Activities.Tests.csproj]
C:\Users\ultra\warewolf\Dev\Dev2.Activities.Tests\ActivityComparerTests\ComDll\DsfComDllActivityEqualityTests.cs(40,33): warning CS0618: 'DsfComDllActivity' is obsolete: 'DsfWebPostActivity is deprecated.' [C:\Users\ultra\warewolf\Dev\Dev2.Activities.Tests\Dev2.Activities.Tests.csproj]
C:\Users\ultra\warewolf\Dev\Dev2.Activities.Tests\ActivityComparerTests\ComDll\DsfComDllActivityEqualityTests.cs(57,32): warning CS0618: 'DsfComDllActivity' is obsolete: 'DsfWebPostActivity is deprecated.' [C:\Users\ultra\warewolf\Dev\Dev2.Activities.Tests\Dev2.Activities.Tests.csproj]
C:\Users\ultra\warewolf\Dev\Dev2.Activities.Tests\ActivityComparerTests\ComDll\DsfComDllActivityEqualityTests.cs(58,33): warning CS0618: 'DsfComDllActivity' is obsolete: 'DsfWebPostActivity is deprecated.' [C:\Users\ultra\warewolf\Dev\Dev2.Activities.Tests\Dev2.Activities.Tests.csproj]
C:\Users\ultra\warewolf\Dev\Dev2.Activities.Tests\ActivityComparerTests\ComDll\DsfComDllActivityEqualityTests.cs(75,32): warning CS0618: 'DsfComDllActivity' is obsolete: 'DsfWebPostActivity is deprecated.' [C:\Users\ultra\warewolf\Dev\Dev2.Activities.Tests\Dev2.Activities.Tests.csproj]
C:\Users\ultra\warewolf\Dev\Dev2.Activities.Tests\ActivityComparerTests\ComDll\DsfComDllActivityEqualityTests.cs(76,33): warning CS0618: 'DsfComDllActivity' is obsolete: 'DsfWebPostActivity is deprecated.' [C:\Users\ultra\warewolf\Dev\Dev2.Activities.Tests\Dev2.Activities.Tests.csproj]
C:\Users\ultra\warewolf\Dev\Dev2.Activities.Tests\ActivityComparerTests\ComDll\DsfComDllActivityEqualityTests.cs(93,32): warning CS0618: 'DsfComDllActivity' is obsolete: 'DsfWebPostActivity is deprecated.' [C:\Users\ultra\warewolf\Dev\Dev2.Activities.Tests\Dev2.Activities.Tests.csproj]
C:\Users\ultra\warewolf\Dev\Dev2.Activities.Tests\ActivityComparerTests\ComDll\DsfComDllActivityEqualityTests.cs(94,33): warning CS0618: 'DsfComDllActivity' is obsolete: 'DsfWebPostActivity is deprecated.' [C:\Users\ultra\warewolf\Dev\Dev2.Activities.Tests\Dev2.Activities.Tests.csproj]
C:\Users\ultra\warewolf\Dev\Dev2.Activities.Tests\ActivityComparerTests\ComDll\DsfComDllActivityEqualityTests.cs(111,32): warning CS0618: 'DsfComDllActivity' is obsolete: 'DsfWebPostActivity is deprecated.' [C:\Users\ultra\warewolf\Dev\Dev2.Activities.Tests\Dev2.Activities.Tests.csproj]
C:\Users\ultra\warewolf\Dev\Dev2.Activities.Tests\ActivityComparerTests\ComDll\DsfComDllActivityEqualityTests.cs(112,33): warning CS0618: 'DsfComDllActivity' is obsolete: 'DsfWebPostActivity is deprecated.' [C:\Users\ultra\warewolf\Dev\Dev2.Activities.Tests\Dev2.Activities.Tests.csproj]
C:\Users\ultra\warewolf\Dev\Dev2.Activities.Tests\ActivityComparerTests\ComDll\DsfComDllActivityEqualityTests.cs(139,32): warning CS0618: 'DsfComDllActivity' is obsolete: 'DsfWebPostActivity is deprecated.' [C:\Users\ultra\warewolf\Dev\Dev2.Activities.Tests\Dev2.Activities.Tests.csproj]
C:\Users\ultra\warewolf\Dev\Dev2.Activities.Tests\ActivityComparerTests\ComDll\DsfComDllActivityEqualityTests.cs(145,33): warning CS0618: 'DsfComDllActivity' is obsolete: 'DsfWebPostActivity is deprecated.' [C:\Users\ultra\warewolf\Dev\Dev2.Activities.Tests\Dev2.Activities.Tests.csproj]
C:\Users\ultra\warewolf\Dev\Dev2.Activities.Tests\ActivityComparerTests\ComDll\DsfComDllActivityEqualityTests.cs(176,32): warning CS0618: 'DsfComDllActivity' is obsolete: 'DsfWebPostActivity is deprecated.' [C:\Users\ultra\warewolf\Dev\Dev2.Activities.Tests\Dev2.Activities.Tests.csproj]
C:\Users\ultra\warewolf\Dev\Dev2.Activities.Tests\ActivityComparerTests\ComDll\DsfComDllActivityEqualityTests.cs(182,33): warning CS0618: 'DsfComDllActivity' is obsolete: 'DsfWebPostActivity is deprecated.' [C:\Users\ultra\warewolf\Dev\Dev2.Activities.Tests\Dev2.Activities.Tests.csproj]
C:\Users\ultra\warewolf\Dev\Dev2.Activities.Tests\ActivityComparerTests\ComDll\DsfComDllActivityEqualityTests.cs(216,32): warning CS0618: 'DsfComDllActivity' is obsolete: 'DsfWebPostActivity is deprecated.' [C:\Users\ultra\warewolf\Dev\Dev2.Activities.Tests\Dev2.Activities.Tests.csproj]
C:\Users\ultra\warewolf\Dev\Dev2.Activities.Tests\ActivityComparerTests\ComDll\DsfComDllActivityEqualityTests.cs(222,33): warning CS0618: 'DsfComDllActivity' is obsolete: 'DsfWebPostActivity is deprecated.' [C:\Users\ultra\warewolf\Dev\Dev2.Activities.Tests\Dev2.Activities.Tests.csproj]
C:\Users\ultra\warewolf\Dev\Dev2.Activities.Tests\ActivityComparerTests\ComDll\DsfComDllActivityEqualityTests.cs(256,32): warning CS0618: 'DsfComDllActivity' is obsolete: 'DsfWebPostActivity is deprecated.' [C:\Users\ultra\warewolf\Dev\Dev2.Activities.Tests\Dev2.Activities.Tests.csproj]
C:\Users\ultra\warewolf\Dev\Dev2.Activities.Tests\ActivityComparerTests\ComDll\DsfComDllActivityEqualityTests.cs(262,33): warning CS0618: 'DsfComDllActivity' is obsolete: 'DsfWebPostActivity is deprecated.' [C:\Users\ultra\warewolf\Dev\Dev2.Activities.Tests\Dev2.Activities.Tests.csproj]
C:\Users\ultra\warewolf\Dev\Dev2.Activities.Tests\ActivityComparerTests\ComDll\DsfComDllActivityEqualityTests.cs(298,32): warning CS0618: 'DsfComDllActivity' is obsolete: 'DsfWebPostActivity is deprecated.' [C:\Users\ultra\warewolf\Dev\Dev2.Activities.Tests\Dev2.Activities.Tests.csproj]
C:\Users\ultra\warewolf\Dev\Dev2.Activities.Tests\ActivityComparerTests\ComDll\DsfComDllActivityEqualityTests.cs(306,33): warning CS0618: 'DsfComDllActivity' is obsolete: 'DsfWebPostActivity is deprecated.' [C:\Users\ultra\warewolf\Dev\Dev2.Activities.Tests\Dev2.Activities.Tests.csproj]
C:\Users\ultra\warewolf\Dev\Dev2.Activities.Tests\ActivityComparerTests\ComDll\DsfComDllActivityEqualityTests.cs(343,32): warning CS0618: 'DsfComDllActivity' is obsolete: 'DsfWebPostActivity is deprecated.' [C:\Users\ultra\warewolf\Dev\Dev2.Activities.Tests\Dev2.Activities.Tests.csproj]
C:\Users\ultra\warewolf\Dev\Dev2.Activities.Tests\ActivityComparerTests\ComDll\DsfComDllActivityEqualityTests.cs(349,33): warning CS0618: 'DsfComDllActivity' is obsolete: 'DsfWebPostActivity is deprecated.' [C:\Users\ultra\warewolf\Dev\Dev2.Activities.Tests\Dev2.Activities.Tests.csproj]
C:\Users\ultra\warewolf\Dev\Dev2.Activities.Tests\ActivityComparerTests\ComDll\DsfComDllActivityEqualityTests.cs(393,32): warning CS0618: 'DsfComDllActivity' is obsolete: 'DsfWebPostActivity is deprecated.' [C:\Users\ultra\warewolf\Dev\Dev2.Activities.Tests\Dev2.Activities.Tests.csproj]
C:\Users\ultra\warewolf\Dev\Dev2.Activities.Tests\ActivityComparerTests\ComDll\DsfComDllActivityEqualityTests.cs(399,33): warning CS0618: 'DsfComDllActivity' is obsolete: 'DsfWebPostActivity is deprecated.' [C:\Users\ultra\warewolf\Dev\Dev2.Activities.Tests\Dev2.Activities.Tests.csproj]
C:\Users\ultra\warewolf\Dev\Dev2.Activities.Tests\ActivityComparerTests\ComDll\DsfComDllActivityEqualityTests.cs(445,32): warning CS0618: 'DsfComDllActivity' is obsolete: 'DsfWebPostActivity is deprecated.' [C:\Users\ultra\warewolf\Dev\Dev2.Activities.Tests\Dev2.Activities.Tests.csproj]
C:\Users\ultra\warewolf\Dev\Dev2.Activities.Tests\ActivityComparerTests\ComDll\DsfComDllActivityEqualityTests.cs(451,33): warning CS0618: 'DsfComDllActivity' is obsolete: 'DsfWebPostActivity is deprecated.' [C:\Users\ultra\warewolf\Dev\Dev2.Activities.Tests\Dev2.Activities.Tests.csproj]
C:\Users\ultra\warewolf\Dev\Dev2.Activities.Tests\ActivityComparerTests\ComDll\DsfComDllActivityEqualityTests.cs(507,32): warning CS0618: 'DsfComDllActivity' is obsolete: 'DsfWebPostActivity is deprecated.' [C:\Users\ultra\warewolf\Dev\Dev2.Activities.Tests\Dev2.Activities.Tests.csproj]
C:\Users\ultra\warewolf\Dev\Dev2.Activities.Tests\ActivityComparerTests\ComDll\DsfComDllActivityEqualityTests.cs(514,33): warning CS0618: 'DsfComDllActivity' is obsolete: 'DsfWebPostActivity is deprecated.' [C:\Users\ultra\warewolf\Dev\Dev2.Activities.Tests\Dev2.Activities.Tests.csproj]
C:\Users\ultra\warewolf\Dev\Dev2.Activities.Tests\ActivityComparerTests\ComDll\DsfComDllActivityEqualityTests.cs(571,32): warning CS0618: 'DsfComDllActivity' is obsolete: 'DsfWebPostActivity is deprecated.' [C:\Users\ultra\warewolf\Dev\Dev2.Activities.Tests\Dev2.Activities.Tests.csproj]
C:\Users\ultra\warewolf\Dev\Dev2.Activities.Tests\ActivityComparerTests\ComDll\DsfComDllActivityEqualityTests.cs(578,33): warning CS0618: 'DsfComDllActivity' is obsolete: 'DsfWebPostActivity is deprecated.' [C:\Users\ultra\warewolf\Dev\Dev2.Activities.Tests\Dev2.Activities.Tests.csproj]
C:\Users\ultra\warewolf\Dev\Dev2.Activities.Tests\ActivityComparerTests\ComDll\DsfComDllActivityEqualityTests.cs(655,32): warning CS0618: 'DsfComDllActivity' is obsolete: 'DsfWebPostActivity is deprecated.' [C:\Users\ultra\warewolf\Dev\Dev2.Activities.Tests\Dev2.Activities.Tests.csproj]
C:\Users\ultra\warewolf\Dev\Dev2.Activities.Tests\ActivityComparerTests\ComDll\DsfComDllActivityEqualityTests.cs(662,33): warning CS0618: 'DsfComDllActivity' is obsolete: 'DsfWebPostActivity is deprecated.' [C:\Users\ultra\warewolf\Dev\Dev2.Activities.Tests\Dev2.Activities.Tests.csproj]
C:\Users\ultra\warewolf\Dev\Dev2.Activities.Tests\ActivityComparerTests\ComDll\DsfComDllActivityEqualityTests.cs(739,32): warning CS0618: 'DsfComDllActivity' is obsolete: 'DsfWebPostActivity is deprecated.' [C:\Users\ultra\warewolf\Dev\Dev2.Activities.Tests\Dev2.Activities.Tests.csproj]
C:\Users\ultra\warewolf\Dev\Dev2.Activities.Tests\ActivityComparerTests\ComDll\DsfComDllActivityEqualityTests.cs(746,33): warning CS0618: 'DsfComDllActivity' is obsolete: 'DsfWebPostActivity is deprecated.' [C:\Users\ultra\warewolf\Dev\Dev2.Activities.Tests\Dev2.Activities.Tests.csproj]
C:\Users\ultra\warewolf\Dev\Dev2.Activities.Tests\ActivityComparerTests\ComDll\DsfComDllActivityEqualityTests.cs(821,32): warning CS0618: 'DsfComDllActivity' is obsolete: 'DsfWebPostActivity is deprecated.' [C:\Users\ultra\warewolf\Dev\Dev2.Activities.Tests\Dev2.Activities.Tests.csproj]
C:\Users\ultra\warewolf\Dev\Dev2.Activities.Tests\ActivityComparerTests\ComDll\DsfComDllActivityEqualityTests.cs(828,33): warning CS0618: 'DsfComDllActivity' is obsolete: 'DsfWebPostActivity is deprecated.' [C:\Users\ultra\warewolf\Dev\Dev2.Activities.Tests\Dev2.Activities.Tests.csproj]
C:\Users\ultra\warewolf\Dev\Dev2.Activities.Tests\ActivityComparerTests\ComDll\DsfComDllActivityEqualityTests.cs(905,32): warning CS0618: 'DsfComDllActivity' is obsolete: 'DsfWebPostActivity is deprecated.' [C:\Users\ultra\warewolf\Dev\Dev2.Activities.Tests\Dev2.Activities.Tests.csproj]
C:\Users\ultra\warewolf\Dev\Dev2.Activities.Tests\ActivityComparerTests\ComDll\DsfComDllActivityEqualityTests.cs(912,33): warning CS0618: 'DsfComDllActivity' is obsolete: 'DsfWebPostActivity is deprecated.' [C:\Users\ultra\warewolf\Dev\Dev2.Activities.Tests\Dev2.Activities.Tests.csproj]
C:\Users\ultra\warewolf\Dev\Dev2.Activities.Tests\ActivityComparerTests\ComDll\DsfComDllActivityEqualityTests.cs(1003,32): warning CS0618: 'DsfComDllActivity' is obsolete: 'DsfWebPostActivity is deprecated.' [C:\Users\ultra\warewolf\Dev\Dev2.Activities.Tests\Dev2.Activities.Tests.csproj]
C:\Users\ultra\warewolf\Dev\Dev2.Activities.Tests\ActivityComparerTests\ComDll\DsfComDllActivityEqualityTests.cs(1012,33): warning CS0618: 'DsfComDllActivity' is obsolete: 'DsfWebPostActivity is deprecated.' [C:\Users\ultra\warewolf\Dev\Dev2.Activities.Tests\Dev2.Activities.Tests.csproj]
C:\Users\ultra\warewolf\Dev\Dev2.Activities.Tests\ActivityComparerTests\ComDll\DsfComDllActivityEqualityTests.cs(1088,32): warning CS0618: 'DsfComDllActivity' is obsolete: 'DsfWebPostActivity is deprecated.' [C:\Users\ultra\warewolf\Dev\Dev2.Activities.Tests\Dev2.Activities.Tests.csproj]
C:\Users\ultra\warewolf\Dev\Dev2.Activities.Tests\ActivityComparerTests\ComDll\DsfComDllActivityEqualityTests.cs(1095,33): warning CS0618: 'DsfComDllActivity' is obsolete: 'DsfWebPostActivity is deprecated.' [C:\Users\ultra\warewolf\Dev\Dev2.Activities.Tests\Dev2.Activities.Tests.csproj]
C:\Users\ultra\warewolf\Dev\Dev2.Activities.Tests\ActivityComparerTests\ComDll\DsfComDllActivityEqualityTests.cs(1171,32): warning CS0618: 'DsfComDllActivity' is obsolete: 'DsfWebPostActivity is deprecated.' [C:\Users\ultra\warewolf\Dev\Dev2.Activities.Tests\Dev2.Activities.Tests.csproj]
C:\Users\ultra\warewolf\Dev\Dev2.Activities.Tests\ActivityComparerTests\ComDll\DsfComDllActivityEqualityTests.cs(1180,33): warning CS0618: 'DsfComDllActivity' is obsolete: 'DsfWebPostActivity is deprecated.' [C:\Users\ultra\warewolf\Dev\Dev2.Activities.Tests\Dev2.Activities.Tests.csproj]
C:\Users\ultra\warewolf\Dev\Dev2.Activities.Tests\ActivityComparerTests\ComDll\DsfComDllActivityEqualityTests.cs(1238,32): warning CS0618: 'DsfComDllActivity' is obsolete: 'DsfWebPostActivity is deprecated.' [C:\Users\ultra\warewolf\Dev\Dev2.Activities.Tests\Dev2.Activities.Tests.csproj]
C:\Users\ultra\warewolf\Dev\Dev2.Activities.Tests\ActivityComparerTests\ComDll\DsfComDllActivityEqualityTests.cs(1245,33): warning CS0618: 'DsfComDllActivity' is obsolete: 'DsfWebPostActivity is deprecated.' [C:\Users\ultra\warewolf\Dev\Dev2.Activities.Tests\Dev2.Activities.Tests.csproj]
C:\Users\ultra\warewolf\Dev\Dev2.Activities.Tests\ActivityComparerTests\ComDll\DsfComDllActivityEqualityTests.cs(1304,32): warning CS0618: 'DsfComDllActivity' is obsolete: 'DsfWebPostActivity is deprecated.' [C:\Users\ultra\warewolf\Dev\Dev2.Activities.Tests\Dev2.Activities.Tests.csproj]
C:\Users\ultra\warewolf\Dev\Dev2.Activities.Tests\ActivityComparerTests\ComDll\DsfComDllActivityEqualityTests.cs(1311,33): warning CS0618: 'DsfComDllActivity' is obsolete: 'DsfWebPostActivity is deprecated.' [C:\Users\ultra\warewolf\Dev\Dev2.Activities.Tests\Dev2.Activities.Tests.csproj]
C:\Users\ultra\warewolf\Dev\Dev2.Activities.Tests\ActivityComparerTests\ComDll\DsfComDllActivityEqualityTests.cs(1371,32): warning CS0618: 'DsfComDllActivity' is obsolete: 'DsfWebPostActivity is deprecated.' [C:\Users\ultra\warewolf\Dev\Dev2.Activities.Tests\Dev2.Activities.Tests.csproj]
C:\Users\ultra\warewolf\Dev\Dev2.Activities.Tests\ActivityComparerTests\ComDll\DsfComDllActivityEqualityTests.cs(1378,33): warning CS0618: 'DsfComDllActivity' is obsolete: 'DsfWebPostActivity is deprecated.' [C:\Users\ultra\warewolf\Dev\Dev2.Activities.Tests\Dev2.Activities.Tests.csproj]
C:\Users\ultra\warewolf\Dev\Dev2.Activities.Tests\ActivityComparerTests\ComDll\DsfComDllActivityEqualityTests.cs(1441,32): warning CS0618: 'DsfComDllActivity' is obsolete: 'DsfWebPostActivity is deprecated.' [C:\Users\ultra\warewolf\Dev\Dev2.Activities.Tests\Dev2.Activities.Tests.csproj]
C:\Users\ultra\warewolf\Dev\Dev2.Activities.Tests\ActivityComparerTests\ComDll\DsfComDllActivityEqualityTests.cs(1450,33): warning CS0618: 'DsfComDllActivity' is obsolete: 'DsfWebPostActivity is deprecated.' [C:\Users\ultra\warewolf\Dev\Dev2.Activities.Tests\Dev2.Activities.Tests.csproj]
C:\Users\ultra\warewolf\Dev\Dev2.Activities.Tests\ActivityComparerTests\ComDll\DsfComDllActivityEqualityTests.cs(1516,32): warning CS0618: 'DsfComDllActivity' is obsolete: 'DsfWebPostActivity is deprecated.' [C:\Users\ultra\warewolf\Dev\Dev2.Activities.Tests\Dev2.Activities.Tests.csproj]
C:\Users\ultra\warewolf\Dev\Dev2.Activities.Tests\ActivityComparerTests\ComDll\DsfComDllActivityEqualityTests.cs(1523,33): warning CS0618: 'DsfComDllActivity' is obsolete: 'DsfWebPostActivity is deprecated.' [C:\Users\ultra\warewolf\Dev\Dev2.Activities.Tests\Dev2.Activities.Tests.csproj]
C:\Users\ultra\warewolf\Dev\Dev2.Activities.Tests\ActivityComparerTests\ComDll\DsfComDllActivityEqualityTests.cs(1582,32): warning CS0618: 'DsfComDllActivity' is obsolete: 'DsfWebPostActivity is deprecated.' [C:\Users\ultra\warewolf\Dev\Dev2.Activities.Tests\Dev2.Activities.Tests.csproj]
C:\Users\ultra\warewolf\Dev\Dev2.Activities.Tests\ActivityComparerTests\ComDll\DsfComDllActivityEqualityTests.cs(1589,33): warning CS0618: 'DsfComDllActivity' is obsolete: 'DsfWebPostActivity is deprecated.' [C:\Users\ultra\warewolf\Dev\Dev2.Activities.Tests\Dev2.Activities.Tests.csproj]
C:\Users\ultra\warewolf\Dev\Dev2.Activities.Tests\ActivityComparerTests\ComDll\DsfComDllActivityEqualityTests.cs(1650,32): warning CS0618: 'DsfComDllActivity' is obsolete: 'DsfWebPostActivity is deprecated.' [C:\Users\ultra\warewolf\Dev\Dev2.Activities.Tests\Dev2.Activities.Tests.csproj]
C:\Users\ultra\warewolf\Dev\Dev2.Activities.Tests\ActivityComparerTests\ComDll\DsfComDllActivityEqualityTests.cs(1657,33): warning CS0618: 'DsfComDllActivity' is obsolete: 'DsfWebPostActivity is deprecated.' [C:\Users\ultra\warewolf\Dev\Dev2.Activities.Tests\Dev2.Activities.Tests.csproj]
C:\Users\ultra\warewolf\Dev\Dev2.Activities.Tests\ActivityComparerTests\ComDll\DsfComDllActivityEqualityTests.cs(1720,32): warning CS0618: 'DsfComDllActivity' is obsolete: 'DsfWebPostActivity is deprecated.' [C:\Users\ultra\warewolf\Dev\Dev2.Activities.Tests\Dev2.Activities.Tests.csproj]
C:\Users\ultra\warewolf\Dev\Dev2.Activities.Tests\ActivityComparerTests\ComDll\DsfComDllActivityEqualityTests.cs(1727,33): warning CS0618: 'DsfComDllActivity' is obsolete: 'DsfWebPostActivity is deprecated.' [C:\Users\ultra\warewolf\Dev\Dev2.Activities.Tests\Dev2.Activities.Tests.csproj]
C:\Users\ultra\warewolf\Dev\Dev2.Activities.Tests\ActivityComparerTests\ComDll\DsfComDllActivityEqualityTests.cs(1792,32): warning CS0618: 'DsfComDllActivity' is obsolete: 'DsfWebPostActivity is deprecated.' [C:\Users\ultra\warewolf\Dev\Dev2.Activities.Tests\Dev2.Activities.Tests.csproj]
C:\Users\ultra\warewolf\Dev\Dev2.Activities.Tests\ActivityComparerTests\ComDll\DsfComDllActivityEqualityTests.cs(1799,33): warning CS0618: 'DsfComDllActivity' is obsolete: 'DsfWebPostActivity is deprecated.' [C:\Users\ultra\warewolf\Dev\Dev2.Activities.Tests\Dev2.Activities.Tests.csproj]
C:\Users\ultra\warewolf\Dev\Dev2.Activities.Tests\ActivityTests\ExecuteCommandLineTest.cs(41,43): warning CS0618: 'TestContext.TestDir' is obsolete: 'This property is deprecated, use TestRunDirectory instead. It will be removed in next version.' [C:\Users\ultra\warewolf\Dev\Dev2.Activities.Tests\Dev2.Activities.Tests.csproj]
C:\Users\ultra\warewolf\Dev\Dev2.Activities.Tests\ActivityTests\ExecuteCommandLineTest.cs(105,47): warning CS0618: 'TestContext.TestDeploymentDir' is obsolete: 'This property is deprecated, use DeploymentDirectory instead. It will be removed in next version.' [C:\Users\ultra\warewolf\Dev\Dev2.Activities.Tests\Dev2.Activities.Tests.csproj]
C:\Users\ultra\warewolf\Dev\Dev2.Activities.Tests\ActivityTests\ZipTests.cs(33,28): warning MSTEST0005: Property 'TestContext' should be valid (https://learn.microsoft.com/dotnet/core/testing/mstest-analyzers/mstest0005) [C:\Users\ultra\warewolf\Dev\Dev2.Activities.Tests\Dev2.Activities.Tests.csproj]
C:\Users\ultra\warewolf\Dev\Dev2.Activities.Tests\FindMissingStrategyTest\StaticActivityFindMissingStrategyTests.cs(26,21): warning MSTEST0005: Property 'TestContext' should be valid (https://learn.microsoft.com/dotnet/core/testing/mstest-analyzers/mstest0005) [C:\Users\ultra\warewolf\Dev\Dev2.Activities.Tests\Dev2.Activities.Tests.csproj]
C:\Users\ultra\warewolf\Dev\Dev2.Activities.Tests\ActivityTests\SuspendExecutionActivityTests.cs(1027,58): warning CA1416: This call site is reachable on all platforms. 'WindowsIdentity.GetCurrent()' is only supported on: 'windows'. (https://learn.microsoft.com/dotnet/fundamentals/code-analysis/quality-rules/ca1416) [C:\Users\ultra\warewolf\Dev\Dev2.Activities.Tests\Dev2.Activities.Tests.csproj]
C:\Users\ultra\warewolf\Dev\Dev2.Activities.Tests\ActivityTests\SuspendExecutionActivityTests.cs(738,60): warning CA1416: This call site is reachable on all platforms. 'WindowsIdentity.Name' is only supported on: 'windows'. (https://learn.microsoft.com/dotnet/fundamentals/code-analysis/quality-rules/ca1416) [C:\Users\ultra\warewolf\Dev\Dev2.Activities.Tests\Dev2.Activities.Tests.csproj]
C:\Users\ultra\warewolf\Dev\Dev2.Activities.Tests\ActivityTests\SuspendExecutionActivityTests.cs(699,58): warning CA1416: This call site is reachable on all platforms. 'WindowsIdentity.GetCurrent()' is only supported on: 'windows'. (https://learn.microsoft.com/dotnet/fundamentals/code-analysis/quality-rules/ca1416) [C:\Users\ultra\warewolf\Dev\Dev2.Activities.Tests\Dev2.Activities.Tests.csproj]
C:\Users\ultra\warewolf\Dev\Dev2.Activities.Tests\ActivityTests\SuspendExecutionActivityTests.cs(738,60): warning CA1416: This call site is reachable on all platforms. 'WindowsIdentity.GetCurrent()' is only supported on: 'windows'. (https://learn.microsoft.com/dotnet/fundamentals/code-analysis/quality-rules/ca1416) [C:\Users\ultra\warewolf\Dev\Dev2.Activities.Tests\Dev2.Activities.Tests.csproj]
C:\Users\ultra\warewolf\Dev\Dev2.Activities.Tests\ActivityTests\SuspendExecutionActivityTests.cs(923,58): warning CA1416: This call site is reachable on all platforms. 'WindowsIdentity.GetCurrent()' is only supported on: 'windows'. (https://learn.microsoft.com/dotnet/fundamentals/code-analysis/quality-rules/ca1416) [C:\Users\ultra\warewolf\Dev\Dev2.Activities.Tests\Dev2.Activities.Tests.csproj]
C:\Users\ultra\warewolf\Dev\Dev2.Activities.Tests\ActivityTests\SuspendExecutionActivityTests.cs(651,60): warning CA1416: This call site is reachable on all platforms. 'WindowsIdentity.Name' is only supported on: 'windows'. (https://learn.microsoft.com/dotnet/fundamentals/code-analysis/quality-rules/ca1416) [C:\Users\ultra\warewolf\Dev\Dev2.Activities.Tests\Dev2.Activities.Tests.csproj]
C:\Users\ultra\warewolf\Dev\Dev2.Activities.Tests\ActivityTests\SuspendExecutionActivityTests.cs(651,60): warning CA1416: This call site is reachable on all platforms. 'WindowsIdentity.GetCurrent()' is only supported on: 'windows'. (https://learn.microsoft.com/dotnet/fundamentals/code-analysis/quality-rules/ca1416) [C:\Users\ultra\warewolf\Dev\Dev2.Activities.Tests\Dev2.Activities.Tests.csproj]
C:\Users\ultra\warewolf\Dev\Dev2.Activities.Tests\ActivityTests\SuspendExecutionActivityTests.cs(613,58): warning CA1416: This call site is reachable on all platforms. 'WindowsIdentity.GetCurrent()' is only supported on: 'windows'. (https://learn.microsoft.com/dotnet/fundamentals/code-analysis/quality-rules/ca1416) [C:\Users\ultra\warewolf\Dev\Dev2.Activities.Tests\Dev2.Activities.Tests.csproj]
  Dev2.Activities.Tests -> C:\Users\ultra\warewolf\Dev\Dev2.Activities.Tests\bin\Debug\net8.0\linux-x64\Dev2.Activities.Tests.dll
  Dev2.Studio -> C:\Users\ultra\warewolf\Dev\Dev2.Studio\bin\Debug\net8.0\Warewolf Studio.dll
  Dev2.Studio -> C:\Users\ultra\warewolf\Dev\Dev2.Studio\bin\Debug\net8.0\linux-x64\Warewolf Studio.dll
C:\Program Files\dotnet\sdk\10.0.201\Microsoft.Common.CurrentVersion.targets(2451,5): warning MSB3245: Could not resolve this reference. Could not locate the assembly "System.Activities.Core.Presentation". Check to make sure the assembly exists on disk. If this reference is required by your code, you may get compilation errors. [C:\Users\ultra\warewolf\Dev\Dev2.Studio.Core.Tests\Dev2.Studio.Core.Tests.csproj]
C:\Program Files\dotnet\sdk\10.0.201\Microsoft.Common.CurrentVersion.targets(2451,5): warning MSB3277: Found conflicts between different versions of "Microsoft.Win32.SystemEvents" that could not be resolved. [C:\Users\ultra\warewolf\Dev\Dev2.Studio.Core.Tests\Dev2.Studio.Core.Tests.csproj]
C:\Program Files\dotnet\sdk\10.0.201\Microsoft.Common.CurrentVersion.targets(2451,5): warning MSB3277: There was a conflict between "Microsoft.Win32.SystemEvents, Version=6.0.0.0, Culture=neutral, PublicKeyToken=cc7b13ffcd2ddd51" and "Microsoft.Win32.SystemEvents, Version=7.0.0.0, Culture=neutral, PublicKeyToken=cc7b13ffcd2ddd51". [C:\Users\ultra\warewolf\Dev\Dev2.Studio.Core.Tests\Dev2.Studio.Core.Tests.csproj]
C:\Program Files\dotnet\sdk\10.0.201\Microsoft.Common.CurrentVersion.targets(2451,5): warning MSB3277:     "Microsoft.Win32.SystemEvents, Version=6.0.0.0, Culture=neutral, PublicKeyToken=cc7b13ffcd2ddd51" was chosen because it was primary and "Microsoft.Win32.SystemEvents, Version=7.0.0.0, Culture=neutral, PublicKeyToken=cc7b13ffcd2ddd51" was not. [C:\Users\ultra\warewolf\Dev\Dev2.Studio.Core.Tests\Dev2.Studio.Core.Tests.csproj]
C:\Program Files\dotnet\sdk\10.0.201\Microsoft.Common.CurrentVersion.targets(2451,5): warning MSB3277:     References which depend on "Microsoft.Win32.SystemEvents, Version=6.0.0.0, Culture=neutral, PublicKeyToken=cc7b13ffcd2ddd51" [C:\Users\ultra\.nuget\packages\microsoft.win32.systemevents\6.0.0\lib\net6.0\Microsoft.Win32.SystemEvents.dll]. [C:\Users\ultra\warewolf\Dev\Dev2.Studio.Core.Tests\Dev2.Studio.Core.Tests.csproj]
C:\Program Files\dotnet\sdk\10.0.201\Microsoft.Common.CurrentVersion.targets(2451,5): warning MSB3277:         C:\Users\ultra\.nuget\packages\microsoft.win32.systemevents\6.0.0\lib\net6.0\Microsoft.Win32.SystemEvents.dll [C:\Users\ultra\warewolf\Dev\Dev2.Studio.Core.Tests\Dev2.Studio.Core.Tests.csproj]
C:\Program Files\dotnet\sdk\10.0.201\Microsoft.Common.CurrentVersion.targets(2451,5): warning MSB3277:           Project file item includes which caused reference "C:\Users\ultra\.nuget\packages\microsoft.win32.systemevents\6.0.0\lib\net6.0\Microsoft.Win32.SystemEvents.dll". [C:\Users\ultra\warewolf\Dev\Dev2.Studio.Core.Tests\Dev2.Studio.Core.Tests.csproj]
C:\Program Files\dotnet\sdk\10.0.201\Microsoft.Common.CurrentVersion.targets(2451,5): warning MSB3277:             C:\Users\ultra\.nuget\packages\microsoft.win32.systemevents\6.0.0\lib\net6.0\Microsoft.Win32.SystemEvents.dll [C:\Users\ultra\warewolf\Dev\Dev2.Studio.Core.Tests\Dev2.Studio.Core.Tests.csproj]
C:\Program Files\dotnet\sdk\10.0.201\Microsoft.Common.CurrentVersion.targets(2451,5): warning MSB3277:     References which depend on or have been unified to "Microsoft.Win32.SystemEvents, Version=7.0.0.0, Culture=neutral, PublicKeyToken=cc7b13ffcd2ddd51" []. [C:\Users\ultra\warewolf\Dev\Dev2.Studio.Core.Tests\Dev2.Studio.Core.Tests.csproj]
C:\Program Files\dotnet\sdk\10.0.201\Microsoft.Common.CurrentVersion.targets(2451,5): warning MSB3277:         C:\Users\ultra\warewolf\Dev\Dev2.Common\bin\Debug\net8.0\Dev2.Common.dll [C:\Users\ultra\warewolf\Dev\Dev2.Studio.Core.Tests\Dev2.Studio.Core.Tests.csproj]
C:\Program Files\dotnet\sdk\10.0.201\Microsoft.Common.CurrentVersion.targets(2451,5): warning MSB3277:           Project file item includes which caused reference "C:\Users\ultra\warewolf\Dev\Dev2.Common\bin\Debug\net8.0\Dev2.Common.dll". [C:\Users\ultra\warewolf\Dev\Dev2.Studio.Core.Tests\Dev2.Studio.Core.Tests.csproj]
C:\Program Files\dotnet\sdk\10.0.201\Microsoft.Common.CurrentVersion.targets(2451,5): warning MSB3277:             C:\Users\ultra\warewolf\Dev\Dev2.Common\bin\Debug\net8.0\Dev2.Common.dll [C:\Users\ultra\warewolf\Dev\Dev2.Studio.Core.Tests\Dev2.Studio.Core.Tests.csproj]
C:\Program Files\dotnet\sdk\10.0.201\Microsoft.Common.CurrentVersion.targets(2451,5): warning MSB3277:             C:\Users\ultra\warewolf\Dev\Dev2.Data\bin\Debug\net8.0\Dev2.Data.dll [C:\Users\ultra\warewolf\Dev\Dev2.Studio.Core.Tests\Dev2.Studio.Core.Tests.csproj]
C:\Program Files\dotnet\sdk\10.0.201\Microsoft.Common.CurrentVersion.targets(2451,5): warning MSB3277:             C:\Users\ultra\warewolf\Dev\Dev2.Diagnostics.Tests\bin\Debug\net8.0\Dev2.Diagnostics.Tests.dll [C:\Users\ultra\warewolf\Dev\Dev2.Studio.Core.Tests\Dev2.Studio.Core.Tests.csproj]
C:\Program Files\dotnet\sdk\10.0.201\Microsoft.Common.CurrentVersion.targets(2451,5): warning MSB3277:             C:\Users\ultra\warewolf\Dev\Dev2.Diagnostics\bin\Debug\net8.0\Dev2.Diagnostics.dll [C:\Users\ultra\warewolf\Dev\Dev2.Studio.Core.Tests\Dev2.Studio.Core.Tests.csproj]
C:\Program Files\dotnet\sdk\10.0.201\Microsoft.Common.CurrentVersion.targets(2451,5): warning MSB3277:             C:\Users\ultra\warewolf\Dev\Dev2.Infrastructure.Tests\bin\Debug\net8.0\Dev2.Infrastructure.Tests.dll [C:\Users\ultra\warewolf\Dev\Dev2.Studio.Core.Tests\Dev2.Studio.Core.Tests.csproj]
C:\Program Files\dotnet\sdk\10.0.201\Microsoft.Common.CurrentVersion.targets(2451,5): warning MSB3277:             C:\Users\ultra\warewolf\Dev\Dev2.Infrastructure\bin\Debug\net8.0\Dev2.Infrastructure.dll [C:\Users\ultra\warewolf\Dev\Dev2.Studio.Core.Tests\Dev2.Studio.Core.Tests.csproj]
C:\Program Files\dotnet\sdk\10.0.201\Microsoft.Common.CurrentVersion.targets(2451,5): warning MSB3277:             C:\Users\ultra\warewolf\Dev\Dev2.Intellisense\bin\Debug\net8.0\Dev2.Intellisense.dll [C:\Users\ultra\warewolf\Dev\Dev2.Studio.Core.Tests\Dev2.Studio.Core.Tests.csproj]
C:\Program Files\dotnet\sdk\10.0.201\Microsoft.Common.CurrentVersion.targets(2451,5): warning MSB3277:             C:\Users\ultra\warewolf\Dev\Dev2.Runtime.Services\bin\Debug\net8.0\Dev2.Runtime.Services.dll [C:\Users\ultra\warewolf\Dev\Dev2.Studio.Core.Tests\Dev2.Studio.Core.Tests.csproj]
C:\Program Files\dotnet\sdk\10.0.201\Microsoft.Common.CurrentVersion.targets(2451,5): warning MSB3277:             C:\Users\ultra\warewolf\Dev\Dev2.Runtime\bin\Debug\net8.0\Dev2.Runtime.dll [C:\Users\ultra\warewolf\Dev\Dev2.Studio.Core.Tests\Dev2.Studio.Core.Tests.csproj]
C:\Program Files\dotnet\sdk\10.0.201\Microsoft.Common.CurrentVersion.targets(2451,5): warning MSB3277:             C:\Users\ultra\warewolf\Dev\Dev2.Scheduler\bin\Debug\net8.0\Dev2.Scheduler.dll [C:\Users\ultra\warewolf\Dev\Dev2.Studio.Core.Tests\Dev2.Studio.Core.Tests.csproj]
C:\Program Files\dotnet\sdk\10.0.201\Microsoft.Common.CurrentVersion.targets(2451,5): warning MSB3277:             C:\Users\ultra\warewolf\Dev\Dev2.Studio.Core\bin\Debug\net8.0\Dev2.Studio.Core.dll [C:\Users\ultra\warewolf\Dev\Dev2.Studio.Core.Tests\Dev2.Studio.Core.Tests.csproj]
C:\Program Files\dotnet\sdk\10.0.201\Microsoft.Common.CurrentVersion.targets(2451,5): warning MSB3277:             C:\Users\ultra\warewolf\Dev\Dev2.Studio.Interfaces\bin\Debug\net8.0\Dev2.Studio.Interfaces.dll [C:\Users\ultra\warewolf\Dev\Dev2.Studio.Core.Tests\Dev2.Studio.Core.Tests.csproj]
C:\Program Files\dotnet\sdk\10.0.201\Microsoft.Common.CurrentVersion.targets(2451,5): warning MSB3277:             C:\Users\ultra\warewolf\Dev\Dev2.Studio\bin\Debug\net8.0\Warewolf Studio.dll [C:\Users\ultra\warewolf\Dev\Dev2.Studio.Core.Tests\Dev2.Studio.Core.Tests.csproj]
C:\Program Files\dotnet\sdk\10.0.201\Microsoft.Common.CurrentVersion.targets(2451,5): warning MSB3277:             C:\Users\ultra\warewolf\Dev\Dev2.Activities\bin\Debug\net8.0\Dev2.Activities.dll [C:\Users\ultra\warewolf\Dev\Dev2.Studio.Core.Tests\Dev2.Studio.Core.Tests.csproj]
C:\Program Files\dotnet\sdk\10.0.201\Microsoft.Common.CurrentVersion.targets(2451,5): warning MSB3277:             C:\Users\ultra\warewolf\Dev\Dev2.Core\bin\Debug\net8.0\Dev2.Core.dll [C:\Users\ultra\warewolf\Dev\Dev2.Studio.Core.Tests\Dev2.Studio.Core.Tests.csproj]
C:\Program Files\dotnet\sdk\10.0.201\Microsoft.Common.CurrentVersion.targets(2451,5): warning MSB3277:             C:\Users\ultra\warewolf\Dev\Dev2.TaskScheduler.Wrappers\bin\Debug\net8.0\Dev2.TaskScheduler.Wrappers.dll [C:\Users\ultra\warewolf\Dev\Dev2.Studio.Core.Tests\Dev2.Studio.Core.Tests.csproj]
C:\Program Files\dotnet\sdk\10.0.201\Microsoft.Common.CurrentVersion.targets(2451,5): warning MSB3277:             C:\Users\ultra\warewolf\Dev\Dev2.Util\bin\Debug\net8.0\Dev2.Util.dll [C:\Users\ultra\warewolf\Dev\Dev2.Studio.Core.Tests\Dev2.Studio.Core.Tests.csproj]
C:\Program Files\dotnet\sdk\10.0.201\Microsoft.Common.CurrentVersion.targets(2451,5): warning MSB3277:             C:\Users\ultra\warewolf\Dev\Warewolf.Core\bin\Debug\net8.0\Warewolf.Core.dll [C:\Users\ultra\warewolf\Dev\Dev2.Studio.Core.Tests\Dev2.Studio.Core.Tests.csproj]
C:\Program Files\dotnet\sdk\10.0.201\Microsoft.Common.CurrentVersion.targets(2451,5): warning MSB3277:             C:\Users\ultra\warewolf\Dev\Warewolf.MergeParser.Tests\bin\Debug\net8.0\Warewolf.MergeParser.Tests.dll [C:\Users\ultra\warewolf\Dev\Dev2.Studio.Core.Tests\Dev2.Studio.Core.Tests.csproj]
C:\Program Files\dotnet\sdk\10.0.201\Microsoft.Common.CurrentVersion.targets(2451,5): warning MSB3277:             C:\Users\ultra\warewolf\Dev\Warewolf.Studio.Core\bin\Debug\net8.0\Warewolf.Studio.Core.dll [C:\Users\ultra\warewolf\Dev\Dev2.Studio.Core.Tests\Dev2.Studio.Core.Tests.csproj]
C:\Program Files\dotnet\sdk\10.0.201\Microsoft.Common.CurrentVersion.targets(2451,5): warning MSB3277:             C:\Users\ultra\warewolf\Dev\Warewolf.Studio.ViewModels\bin\Debug\net8.0\Warewolf.Studio.ViewModels.dll [C:\Users\ultra\warewolf\Dev\Dev2.Studio.Core.Tests\Dev2.Studio.Core.Tests.csproj]
C:\Program Files\dotnet\sdk\10.0.201\Microsoft.Common.CurrentVersion.targets(2451,5): warning MSB3277:             C:\Users\ultra\warewolf\Dev\Warewolf.Testing\bin\Debug\net8.0\Warewolf.Testing.dll [C:\Users\ultra\warewolf\Dev\Dev2.Studio.Core.Tests\Dev2.Studio.Core.Tests.csproj]
C:\Program Files\dotnet\sdk\10.0.201\Microsoft.Common.CurrentVersion.targets(2451,5): warning MSB3277:             C:\Users\ultra\warewolf\Dev\Warewolf.Trigger.Queue\bin\Debug\net8.0\Warewolf.Trigger.Queue.dll [C:\Users\ultra\warewolf\Dev\Dev2.Studio.Core.Tests\Dev2.Studio.Core.Tests.csproj]
C:\Program Files\dotnet\sdk\10.0.201\Microsoft.Common.CurrentVersion.targets(2451,5): warning MSB3277:             C:\Users\ultra\warewolf\Dev\Warewolf.UI\bin\Debug\net8.0\Warewolf.UI.dll [C:\Users\ultra\warewolf\Dev\Dev2.Studio.Core.Tests\Dev2.Studio.Core.Tests.csproj]
C:\Program Files\dotnet\sdk\10.0.201\Microsoft.Common.CurrentVersion.targets(2451,5): warning MSB3277:             C:\Users\ultra\warewolf\Dev\Dev2.Development.Languages\bin\Debug\net8.0\Dev2.Development.Languages.dll [C:\Users\ultra\warewolf\Dev\Dev2.Studio.Core.Tests\Dev2.Studio.Core.Tests.csproj]
C:\Program Files\dotnet\sdk\10.0.201\Microsoft.Common.CurrentVersion.targets(2451,5): warning MSB3277:             C:\Users\ultra\warewolf\Dev\Dev2.Runtime.WebServer\bin\Debug\net8.0\Dev2.Runtime.WebServer.dll [C:\Users\ultra\warewolf\Dev\Dev2.Studio.Core.Tests\Dev2.Studio.Core.Tests.csproj]
C:\Program Files\dotnet\sdk\10.0.201\Microsoft.Common.CurrentVersion.targets(2451,5): warning MSB3277:             C:\Users\ultra\warewolf\Dev\Dev2.Services.Execution\bin\Debug\net8.0\Dev2.Services.Execution.dll [C:\Users\ultra\warewolf\Dev\Dev2.Studio.Core.Tests\Dev2.Studio.Core.Tests.csproj]
C:\Program Files\dotnet\sdk\10.0.201\Microsoft.Common.CurrentVersion.targets(2451,5): warning MSB3277:             C:\Users\ultra\warewolf\Dev\Dev2.Services.Sql\bin\Debug\net8.0\Dev2.Services.Sql.dll [C:\Users\ultra\warewolf\Dev\Dev2.Studio.Core.Tests\Dev2.Studio.Core.Tests.csproj]
C:\Program Files\dotnet\sdk\10.0.201\Microsoft.Common.CurrentVersion.targets(2451,5): warning MSB3277:             C:\Users\ultra\warewolf\Dev\Warewolf.HangfireServer\bin\Debug\net8.0\HangfireServer.dll [C:\Users\ultra\warewolf\Dev\Dev2.Studio.Core.Tests\Dev2.Studio.Core.Tests.csproj]
C:\Program Files\dotnet\sdk\10.0.201\Microsoft.Common.CurrentVersion.targets(2451,5): warning MSB3277:             C:\Users\ultra\warewolf\Dev\Warewolf.QueueWorker\bin\Debug\net8.0\QueueWorker.dll [C:\Users\ultra\warewolf\Dev\Dev2.Studio.Core.Tests\Dev2.Studio.Core.Tests.csproj]
C:\Program Files\dotnet\sdk\10.0.201\Microsoft.Common.CurrentVersion.targets(2451,5): warning MSB3277:             C:\Users\ultra\warewolf\Dev\Dev2.Server\bin\Debug\net8.0\Warewolf Server.dll [C:\Users\ultra\warewolf\Dev\Dev2.Studio.Core.Tests\Dev2.Studio.Core.Tests.csproj]
C:\Program Files\dotnet\sdk\10.0.201\Microsoft.Common.CurrentVersion.targets(2451,5): warning MSB3277:             C:\Users\ultra\warewolf\Dev\Warewolf.AI.Harness\bin\Debug\net8.0\Warewolf.AI.Harness.dll [C:\Users\ultra\warewolf\Dev\Dev2.Studio.Core.Tests\Dev2.Studio.Core.Tests.csproj]
C:\Program Files\dotnet\sdk\10.0.201\Microsoft.Common.CurrentVersion.targets(2451,5): warning MSB3277:             C:\Users\ultra\warewolf\Dev\Warewolf.Auditing\bin\Debug\net8.0\Warewolf.Auditing.dll [C:\Users\ultra\warewolf\Dev\Dev2.Studio.Core.Tests\Dev2.Studio.Core.Tests.csproj]
C:\Program Files\dotnet\sdk\10.0.201\Microsoft.Common.CurrentVersion.targets(2451,5): warning MSB3277:             C:\Users\ultra\warewolf\Dev\Warewolf.Common.Framework48\bin\Debug\net8.0\Warewolf.Common.Framework48.dll [C:\Users\ultra\warewolf\Dev\Dev2.Studio.Core.Tests\Dev2.Studio.Core.Tests.csproj]
C:\Program Files\dotnet\sdk\10.0.201\Microsoft.Common.CurrentVersion.targets(2451,5): warning MSB3277:             C:\Users\ultra\warewolf\Dev\Warewolf.Common.NetStandard20\bin\Debug\net8.0\Warewolf.Common.NetStandard20.dll [C:\Users\ultra\warewolf\Dev\Dev2.Studio.Core.Tests\Dev2.Studio.Core.Tests.csproj]
C:\Program Files\dotnet\sdk\10.0.201\Microsoft.Common.CurrentVersion.targets(2451,5): warning MSB3277:             C:\Users\ultra\warewolf\Dev\Warewolf.Driver.Persistence\bin\Debug\net8.0\Warewolf.Driver.Persistence.dll [C:\Users\ultra\warewolf\Dev\Dev2.Studio.Core.Tests\Dev2.Studio.Core.Tests.csproj]
C:\Program Files\dotnet\sdk\10.0.201\Microsoft.Common.CurrentVersion.targets(2451,5): warning MSB3277:             C:\Users\ultra\warewolf\Dev\Warewolf.Driver.Serilog\bin\Debug\net8.0\Warewolf.Driver.Serilog.dll [C:\Users\ultra\warewolf\Dev\Dev2.Studio.Core.Tests\Dev2.Studio.Core.Tests.csproj]
C:\Program Files\dotnet\sdk\10.0.201\Microsoft.Common.CurrentVersion.targets(2451,5): warning MSB3277:             C:\Users\ultra\warewolf\Dev\Warewolf.Exchange.Email.Wrapper\bin\Debug\net8.0\Warewolf.Exchange.Email.Wrapper.dll [C:\Users\ultra\warewolf\Dev\Dev2.Studio.Core.Tests\Dev2.Studio.Core.Tests.csproj]
C:\Program Files\dotnet\sdk\10.0.201\Microsoft.Common.CurrentVersion.targets(2451,5): warning MSB3277:             C:\Users\ultra\warewolf\Dev\Warewolf.PerfMon\bin\Debug\net8.0\Warewolf.PerfMon.dll [C:\Users\ultra\warewolf\Dev\Dev2.Studio.Core.Tests\Dev2.Studio.Core.Tests.csproj]
C:\Program Files\dotnet\sdk\10.0.201\Microsoft.Common.CurrentVersion.targets(2451,5): warning MSB3277:             C:\Users\ultra\warewolf\Dev\Warewolf.ResourceManagement\bin\Debug\net8.0\Warewolf.ResourceManagement.dll [C:\Users\ultra\warewolf\Dev\Dev2.Studio.Core.Tests\Dev2.Studio.Core.Tests.csproj]
C:\Program Files\dotnet\sdk\10.0.201\Microsoft.Common.CurrentVersion.targets(2451,5): warning MSB3277:             C:\Users\ultra\warewolf\Dev\Warewolf.Sharepoint\bin\Debug\net8.0\Warewolf.Sharepoint.dll [C:\Users\ultra\warewolf\Dev\Dev2.Studio.Core.Tests\Dev2.Studio.Core.Tests.csproj]
C:\Program Files\dotnet\sdk\10.0.201\Microsoft.Common.CurrentVersion.targets(2451,5): warning MSB3277:             C:\Users\ultra\warewolf\Dev\Warewolf.Storage\bin\Debug\net8.0\Warewolf.Storage.dll [C:\Users\ultra\warewolf\Dev\Dev2.Studio.Core.Tests\Dev2.Studio.Core.Tests.csproj]
C:\Program Files\dotnet\sdk\10.0.201\Microsoft.Common.CurrentVersion.targets(2451,5): warning MSB3277:             C:\Users\ultra\warewolf\Dev\Warewolf.Studio.CustomControls\bin\Debug\net8.0\Warewolf.Studio.CustomControls.dll [C:\Users\ultra\warewolf\Dev\Dev2.Studio.Core.Tests\Dev2.Studio.Core.Tests.csproj]
C:\Program Files\dotnet\sdk\10.0.201\Microsoft.Common.CurrentVersion.targets(2451,5): warning MSB3277:             C:\Users\ultra\warewolf\Dev\Warewolf.Studio.Models\bin\Debug\net8.0\Warewolf.Studio.Models.dll [C:\Users\ultra\warewolf\Dev\Dev2.Studio.Core.Tests\Dev2.Studio.Core.Tests.csproj]
C:\Program Files\dotnet\sdk\10.0.201\Microsoft.Common.CurrentVersion.targets(2451,5): warning MSB3277:             C:\Users\ultra\warewolf\Dev\Warewolf.Logger\bin\Debug\net8.0\WarewolfLogger.dll [C:\Users\ultra\warewolf\Dev\Dev2.Studio.Core.Tests\Dev2.Studio.Core.Tests.csproj]
C:\Program Files\dotnet\sdk\10.0.201\Microsoft.Common.CurrentVersion.targets(2451,5): warning MSB3277:         C:\Users\ultra\warewolf\Dev\Binaries\Infragistcs_Net6\InfragisticsWPF4.v15.1.dll [C:\Users\ultra\warewolf\Dev\Dev2.Studio.Core.Tests\Dev2.Studio.Core.Tests.csproj]
C:\Program Files\dotnet\sdk\10.0.201\Microsoft.Common.CurrentVersion.targets(2451,5): warning MSB3277:           Project file item includes which caused reference "C:\Users\ultra\warewolf\Dev\Binaries\Infragistcs_Net6\InfragisticsWPF4.v15.1.dll". [C:\Users\ultra\warewolf\Dev\Dev2.Studio.Core.Tests\Dev2.Studio.Core.Tests.csproj]
C:\Program Files\dotnet\sdk\10.0.201\Microsoft.Common.CurrentVersion.targets(2451,5): warning MSB3277:             InfragisticsWPF4.v15.1, Version=15.1.20151.2055, Culture=neutral, PublicKeyToken=7dd5c3163f2cd0cb, processorArchitecture=MSIL [C:\Users\ultra\warewolf\Dev\Dev2.Studio.Core.Tests\Dev2.Studio.Core.Tests.csproj]
C:\Program Files\dotnet\sdk\10.0.201\Microsoft.Common.CurrentVersion.targets(2451,5): warning MSB3277:             InfragisticsWPF4.Controls.Interactions.XamDialogWindow.v15.1 [C:\Users\ultra\warewolf\Dev\Dev2.Studio.Core.Tests\Dev2.Studio.Core.Tests.csproj]
C:\Program Files\dotnet\sdk\10.0.201\Microsoft.Common.CurrentVersion.targets(2451,5): warning MSB3277:             InfragisticsWPF4.DockManager.v15.1, Version=15.1.20151.2055, Culture=neutral, PublicKeyToken=7dd5c3163f2cd0cb, processorArchitecture=MSIL [C:\Users\ultra\warewolf\Dev\Dev2.Studio.Core.Tests\Dev2.Studio.Core.Tests.csproj]
C:\Program Files\dotnet\sdk\10.0.201\Microsoft.Common.CurrentVersion.targets(2451,5): warning MSB3277:             InfragisticsWPF4.DataPresenter.v15.1 [C:\Users\ultra\warewolf\Dev\Dev2.Studio.Core.Tests\Dev2.Studio.Core.Tests.csproj]
C:\Program Files\dotnet\sdk\10.0.201\Microsoft.Common.CurrentVersion.targets(2451,5): warning MSB3277:         C:\Users\ultra\.nuget\packages\timespan2\2.4.2\lib\netcoreapp3.1\TimeSpan2.dll [C:\Users\ultra\warewolf\Dev\Dev2.Studio.Core.Tests\Dev2.Studio.Core.Tests.csproj]
C:\Program Files\dotnet\sdk\10.0.201\Microsoft.Common.CurrentVersion.targets(2451,5): warning MSB3277:           Project file item includes which caused reference "C:\Users\ultra\.nuget\packages\timespan2\2.4.2\lib\netcoreapp3.1\TimeSpan2.dll". [C:\Users\ultra\warewolf\Dev\Dev2.Studio.Core.Tests\Dev2.Studio.Core.Tests.csproj]
C:\Program Files\dotnet\sdk\10.0.201\Microsoft.Common.CurrentVersion.targets(2451,5): warning MSB3277:             C:\Users\ultra\.nuget\packages\timespan2\2.4.2\lib\netcoreapp3.1\TimeSpan2.dll [C:\Users\ultra\warewolf\Dev\Dev2.Studio.Core.Tests\Dev2.Studio.Core.Tests.csproj]
C:\Program Files\dotnet\sdk\10.0.201\Microsoft.Common.CurrentVersion.targets(2451,5): warning MSB3277:             C:\Users\ultra\.nuget\packages\taskschedulereditor\2.10.1\lib\net452\Microsoft.Win32.TaskSchedulerEditor.dll [C:\Users\ultra\warewolf\Dev\Dev2.Studio.Core.Tests\Dev2.Studio.Core.Tests.csproj]
C:\Program Files\dotnet\sdk\10.0.201\Microsoft.Common.CurrentVersion.targets(2451,5): warning MSB3277:         C:\Program Files\dotnet\packs\Microsoft.NETCore.App.Ref\8.0.25\ref\net8.0\System.dll [C:\Users\ultra\warewolf\Dev\Dev2.Studio.Core.Tests\Dev2.Studio.Core.Tests.csproj]
C:\Program Files\dotnet\sdk\10.0.201\Microsoft.Common.CurrentVersion.targets(2451,5): warning MSB3277:           Project file item includes which caused reference "C:\Program Files\dotnet\packs\Microsoft.NETCore.App.Ref\8.0.25\ref\net8.0\System.dll". [C:\Users\ultra\warewolf\Dev\Dev2.Studio.Core.Tests\Dev2.Studio.Core.Tests.csproj]
C:\Program Files\dotnet\sdk\10.0.201\Microsoft.Common.CurrentVersion.targets(2451,5): warning MSB3277:             C:\Program Files\dotnet\packs\Microsoft.NETCore.App.Ref\8.0.25\ref/net8.0/System.dll [C:\Users\ultra\warewolf\Dev\Dev2.Studio.Core.Tests\Dev2.Studio.Core.Tests.csproj]
C:\Program Files\dotnet\sdk\10.0.201\Microsoft.Common.CurrentVersion.targets(2451,5): warning MSB3277:             C:\Users\ultra\.nuget\packages\aerowizard\2.3.1\lib\net45\AeroWizard.dll [C:\Users\ultra\warewolf\Dev\Dev2.Studio.Core.Tests\Dev2.Studio.Core.Tests.csproj]
C:\Program Files\dotnet\sdk\10.0.201\Microsoft.Common.CurrentVersion.targets(2451,5): warning MSB3277:             C:\Users\ultra\.nuget\packages\avalonedit\6.3.0.90\lib\net462\ICSharpCode.AvalonEdit.dll [C:\Users\ultra\warewolf\Dev\Dev2.Studio.Core.Tests\Dev2.Studio.Core.Tests.csproj]
C:\Program Files\dotnet\sdk\10.0.201\Microsoft.Common.CurrentVersion.targets(2451,5): warning MSB3277:             C:\Users\ultra\.nuget\packages\fontawesome.wpf\4.7.0.9\lib\net40\FontAwesome.WPF.dll [C:\Users\ultra\warewolf\Dev\Dev2.Studio.Core.Tests\Dev2.Studio.Core.Tests.csproj]
C:\Program Files\dotnet\sdk\10.0.201\Microsoft.Common.CurrentVersion.targets(2451,5): warning MSB3277:             C:\Users\ultra\.nuget\packages\groupcontrols\1.9.0\lib\net45\GroupControls.dll [C:\Users\ultra\warewolf\Dev\Dev2.Studio.Core.Tests\Dev2.Studio.Core.Tests.csproj]
C:\Program Files\dotnet\sdk\10.0.201\Microsoft.Common.CurrentVersion.targets(2451,5): warning MSB3277:             C:\Users\ultra\.nuget\packages\log4net.async\2.0.4\lib\net40\Log4Net.Async.dll [C:\Users\ultra\warewolf\Dev\Dev2.Studio.Core.Tests\Dev2.Studio.Core.Tests.csproj]
C:\Program Files\dotnet\sdk\10.0.201\Microsoft.Common.CurrentVersion.targets(2451,5): warning MSB3277:             C:\Users\ultra\.nuget\packages\microsoft.xaml.behaviors.wpf\1.1.122\lib\net462\Microsoft.Xaml.Behaviors.dll [C:\Users\ultra\warewolf\Dev\Dev2.Studio.Core.Tests\Dev2.Studio.Core.Tests.csproj]
C:\Program Files\dotnet\sdk\10.0.201\Microsoft.Common.CurrentVersion.targets(2451,5): warning MSB3277:             C:\Users\ultra\.nuget\packages\caliburn.micro\4.0.212\lib\netcoreapp3.1\Caliburn.Micro.Platform.dll [C:\Users\ultra\warewolf\Dev\Dev2.Studio.Core.Tests\Dev2.Studio.Core.Tests.csproj]
C:\Program Files\dotnet\sdk\10.0.201\Microsoft.Common.CurrentVersion.targets(2451,5): warning MSB3277:             C:\Users\ultra\.nuget\packages\prism.composition\5.0.0\lib\NET45\Microsoft.Practices.Prism.Composition.dll [C:\Users\ultra\warewolf\Dev\Dev2.Studio.Core.Tests\Dev2.Studio.Core.Tests.csproj]
C:\Program Files\dotnet\sdk\10.0.201\Microsoft.Common.CurrentVersion.targets(2451,5): warning MSB3277:             C:\Users\ultra\.nuget\packages\prism.interactivity\5.0.0\lib\NET45\Microsoft.Practices.Prism.Interactivity.dll [C:\Users\ultra\warewolf\Dev\Dev2.Studio.Core.Tests\Dev2.Studio.Core.Tests.csproj]
C:\Program Files\dotnet\sdk\10.0.201\Microsoft.Common.CurrentVersion.targets(2451,5): warning MSB3277:             C:\Users\ultra\.nuget\packages\prism.mvvm\1.0.0\lib\net45\Microsoft.Practices.Prism.Mvvm.Desktop.dll [C:\Users\ultra\warewolf\Dev\Dev2.Studio.Core.Tests\Dev2.Studio.Core.Tests.csproj]
C:\Program Files\dotnet\sdk\10.0.201\Microsoft.Common.CurrentVersion.targets(2451,5): warning MSB3277:             C:\Users\ultra\.nuget\packages\prism.unityextensions\5.0.1\lib\NET45\Microsoft.Practices.Prism.UnityExtensions.dll [C:\Users\ultra\warewolf\Dev\Dev2.Studio.Core.Tests\Dev2.Studio.Core.Tests.csproj]
C:\Program Files\dotnet\sdk\10.0.201\Microsoft.Common.CurrentVersion.targets(2451,5): warning MSB3277:             C:\Users\ultra\.nuget\packages\prism.wpf\9.0.537\lib\net462\Prism.Wpf.dll [C:\Users\ultra\warewolf\Dev\Dev2.Studio.Core.Tests\Dev2.Studio.Core.Tests.csproj]
C:\Program Files\dotnet\sdk\10.0.201\Microsoft.Common.CurrentVersion.targets(2451,5): warning MSB3277:             C:\Users\ultra\.nuget\packages\reactiveui.wpf\18.4.1\lib\net462\ReactiveUI.Wpf.dll [C:\Users\ultra\warewolf\Dev\Dev2.Studio.Core.Tests\Dev2.Studio.Core.Tests.csproj]
C:\Program Files\dotnet\sdk\10.0.201\Microsoft.Common.CurrentVersion.targets(2451,5): warning MSB3277:             C:\Users\ultra\.nuget\packages\taskschedulereditor\2.10.1\lib\net452\Microsoft.Win32.TaskSchedulerEditor.dll [C:\Users\ultra\warewolf\Dev\Dev2.Studio.Core.Tests\Dev2.Studio.Core.Tests.csproj]
C:\Program Files\dotnet\sdk\10.0.201\Microsoft.Common.CurrentVersion.targets(2451,5): warning MSB3277:             C:\Users\ultra\.nuget\packages\ttcue.netcore.sharepointonline.csom.16.1.8029.1200\16.1.8029.1200\lib\netcoreapp2.0\Microsoft.SharePoint.Client.Runtime.Windows.dll [C:\Users\ultra\warewolf\Dev\Dev2.Studio.Core.Tests\Dev2.Studio.Core.Tests.csproj]
C:\Program Files\dotnet\sdk\10.0.201\Microsoft.Common.CurrentVersion.targets(2451,5): warning MSB3277:         C:\Users\ultra\warewolf\Dev\Binaries\Infragistcs_Net6\InfragisticsWPF4.Editors.v15.1.dll [C:\Users\ultra\warewolf\Dev\Dev2.Studio.Core.Tests\Dev2.Studio.Core.Tests.csproj]
C:\Program Files\dotnet\sdk\10.0.201\Microsoft.Common.CurrentVersion.targets(2451,5): warning MSB3277:           Project file item includes which caused reference "C:\Users\ultra\warewolf\Dev\Binaries\Infragistcs_Net6\InfragisticsWPF4.Editors.v15.1.dll". [C:\Users\ultra\warewolf\Dev\Dev2.Studio.Core.Tests\Dev2.Studio.Core.Tests.csproj]
C:\Program Files\dotnet\sdk\10.0.201\Microsoft.Common.CurrentVersion.targets(2451,5): warning MSB3277:             InfragisticsWPF4.DataPresenter.v15.1 [C:\Users\ultra\warewolf\Dev\Dev2.Studio.Core.Tests\Dev2.Studio.Core.Tests.csproj]
C:\Program Files\dotnet\sdk\10.0.201\Microsoft.Common.CurrentVersion.targets(2451,5): warning MSB3277: Found conflicts between different versions of "WindowsBase" that could not be resolved. [C:\Users\ultra\warewolf\Dev\Dev2.Studio.Core.Tests\Dev2.Studio.Core.Tests.csproj]
C:\Program Files\dotnet\sdk\10.0.201\Microsoft.Common.CurrentVersion.targets(2451,5): warning MSB3277: There was a conflict between "WindowsBase, Version=4.0.0.0, Culture=neutral, PublicKeyToken=31bf3856ad364e35" and "WindowsBase, Version=6.0.2.0, Culture=neutral, PublicKeyToken=31bf3856ad364e35". [C:\Users\ultra\warewolf\Dev\Dev2.Studio.Core.Tests\Dev2.Studio.Core.Tests.csproj]
C:\Program Files\dotnet\sdk\10.0.201\Microsoft.Common.CurrentVersion.targets(2451,5): warning MSB3277:     "WindowsBase, Version=4.0.0.0, Culture=neutral, PublicKeyToken=31bf3856ad364e35" was chosen because it was primary and "WindowsBase, Version=6.0.2.0, Culture=neutral, PublicKeyToken=31bf3856ad364e35" was not. [C:\Users\ultra\warewolf\Dev\Dev2.Studio.Core.Tests\Dev2.Studio.Core.Tests.csproj]
C:\Program Files\dotnet\sdk\10.0.201\Microsoft.Common.CurrentVersion.targets(2451,5): warning MSB3277:     References which depend on "WindowsBase, Version=4.0.0.0, Culture=neutral, PublicKeyToken=31bf3856ad364e35" [C:\Program Files\dotnet\packs\Microsoft.NETCore.App.Ref\8.0.25\ref\net8.0\WindowsBase.dll]. [C:\Users\ultra\warewolf\Dev\Dev2.Studio.Core.Tests\Dev2.Studio.Core.Tests.csproj]
C:\Program Files\dotnet\sdk\10.0.201\Microsoft.Common.CurrentVersion.targets(2451,5): warning MSB3277:         C:\Program Files\dotnet\packs\Microsoft.NETCore.App.Ref\8.0.25\ref\net8.0\WindowsBase.dll [C:\Users\ultra\warewolf\Dev\Dev2.Studio.Core.Tests\Dev2.Studio.Core.Tests.csproj]
C:\Program Files\dotnet\sdk\10.0.201\Microsoft.Common.CurrentVersion.targets(2451,5): warning MSB3277:           Project file item includes which caused reference "C:\Program Files\dotnet\packs\Microsoft.NETCore.App.Ref\8.0.25\ref\net8.0\WindowsBase.dll". [C:\Users\ultra\warewolf\Dev\Dev2.Studio.Core.Tests\Dev2.Studio.Core.Tests.csproj]
C:\Program Files\dotnet\sdk\10.0.201\Microsoft.Common.CurrentVersion.targets(2451,5): warning MSB3277:             C:\Program Files\dotnet\packs\Microsoft.NETCore.App.Ref\8.0.25\ref/net8.0/WindowsBase.dll [C:\Users\ultra\warewolf\Dev\Dev2.Studio.Core.Tests\Dev2.Studio.Core.Tests.csproj]
C:\Program Files\dotnet\sdk\10.0.201\Microsoft.Common.CurrentVersion.targets(2451,5): warning MSB3277:     References which depend on or have been unified to "WindowsBase, Version=6.0.2.0, Culture=neutral, PublicKeyToken=31bf3856ad364e35" []. [C:\Users\ultra\warewolf\Dev\Dev2.Studio.Core.Tests\Dev2.Studio.Core.Tests.csproj]
C:\Program Files\dotnet\sdk\10.0.201\Microsoft.Common.CurrentVersion.targets(2451,5): warning MSB3277:         C:\Users\ultra\warewolf\Dev\Binaries\Infragistcs_Net6\InfragisticsWPF4.Controls.Interactions.XamDialogWindow.v15.1.dll [C:\Users\ultra\warewolf\Dev\Dev2.Studio.Core.Tests\Dev2.Studio.Core.Tests.csproj]
C:\Program Files\dotnet\sdk\10.0.201\Microsoft.Common.CurrentVersion.targets(2451,5): warning MSB3277:           Project file item includes which caused reference "C:\Users\ultra\warewolf\Dev\Binaries\Infragistcs_Net6\InfragisticsWPF4.Controls.Interactions.XamDialogWindow.v15.1.dll". [C:\Users\ultra\warewolf\Dev\Dev2.Studio.Core.Tests\Dev2.Studio.Core.Tests.csproj]
C:\Program Files\dotnet\sdk\10.0.201\Microsoft.Common.CurrentVersion.targets(2451,5): warning MSB3277:             InfragisticsWPF4.Controls.Interactions.XamDialogWindow.v15.1 [C:\Users\ultra\warewolf\Dev\Dev2.Studio.Core.Tests\Dev2.Studio.Core.Tests.csproj]
C:\Program Files\dotnet\sdk\10.0.201\Microsoft.Common.CurrentVersion.targets(2451,5): warning MSB3277:         C:\Users\ultra\warewolf\Dev\Binaries\Infragistcs_Net6\InfragisticsWPF4.DockManager.v15.1.dll [C:\Users\ultra\warewolf\Dev\Dev2.Studio.Core.Tests\Dev2.Studio.Core.Tests.csproj]
C:\Program Files\dotnet\sdk\10.0.201\Microsoft.Common.CurrentVersion.targets(2451,5): warning MSB3277:           Project file item includes which caused reference "C:\Users\ultra\warewolf\Dev\Binaries\Infragistcs_Net6\InfragisticsWPF4.DockManager.v15.1.dll". [C:\Users\ultra\warewolf\Dev\Dev2.Studio.Core.Tests\Dev2.Studio.Core.Tests.csproj]
C:\Program Files\dotnet\sdk\10.0.201\Microsoft.Common.CurrentVersion.targets(2451,5): warning MSB3277:             InfragisticsWPF4.DockManager.v15.1, Version=15.1.20151.2055, Culture=neutral, PublicKeyToken=7dd5c3163f2cd0cb, processorArchitecture=MSIL [C:\Users\ultra\warewolf\Dev\Dev2.Studio.Core.Tests\Dev2.Studio.Core.Tests.csproj]
C:\Program Files\dotnet\sdk\10.0.201\Microsoft.Common.CurrentVersion.targets(2451,5): warning MSB3277:         C:\Users\ultra\warewolf\Dev\Binaries\Infragistcs_Net6\InfragisticsWPF4.v15.1.dll [C:\Users\ultra\warewolf\Dev\Dev2.Studio.Core.Tests\Dev2.Studio.Core.Tests.csproj]
C:\Program Files\dotnet\sdk\10.0.201\Microsoft.Common.CurrentVersion.targets(2451,5): warning MSB3277:           Project file item includes which caused reference "C:\Users\ultra\warewolf\Dev\Binaries\Infragistcs_Net6\InfragisticsWPF4.v15.1.dll". [C:\Users\ultra\warewolf\Dev\Dev2.Studio.Core.Tests\Dev2.Studio.Core.Tests.csproj]
C:\Program Files\dotnet\sdk\10.0.201\Microsoft.Common.CurrentVersion.targets(2451,5): warning MSB3277:             InfragisticsWPF4.v15.1, Version=15.1.20151.2055, Culture=neutral, PublicKeyToken=7dd5c3163f2cd0cb, processorArchitecture=MSIL [C:\Users\ultra\warewolf\Dev\Dev2.Studio.Core.Tests\Dev2.Studio.Core.Tests.csproj]
C:\Program Files\dotnet\sdk\10.0.201\Microsoft.Common.CurrentVersion.targets(2451,5): warning MSB3277:             InfragisticsWPF4.Controls.Interactions.XamDialogWindow.v15.1 [C:\Users\ultra\warewolf\Dev\Dev2.Studio.Core.Tests\Dev2.Studio.Core.Tests.csproj]
C:\Program Files\dotnet\sdk\10.0.201\Microsoft.Common.CurrentVersion.targets(2451,5): warning MSB3277:             InfragisticsWPF4.DockManager.v15.1, Version=15.1.20151.2055, Culture=neutral, PublicKeyToken=7dd5c3163f2cd0cb, processorArchitecture=MSIL [C:\Users\ultra\warewolf\Dev\Dev2.Studio.Core.Tests\Dev2.Studio.Core.Tests.csproj]
C:\Program Files\dotnet\sdk\10.0.201\Microsoft.Common.CurrentVersion.targets(2451,5): warning MSB3277:             InfragisticsWPF4.DataPresenter.v15.1 [C:\Users\ultra\warewolf\Dev\Dev2.Studio.Core.Tests\Dev2.Studio.Core.Tests.csproj]
C:\Program Files\dotnet\sdk\10.0.201\Microsoft.Common.CurrentVersion.targets(2451,5): warning MSB3277:         C:\Users\ultra\warewolf\Dev\Binaries\Infragistcs_Net6\InfragisticsWPF4.DataPresenter.v15.1.dll [C:\Users\ultra\warewolf\Dev\Dev2.Studio.Core.Tests\Dev2.Studio.Core.Tests.csproj]
C:\Program Files\dotnet\sdk\10.0.201\Microsoft.Common.CurrentVersion.targets(2451,5): warning MSB3277:           Project file item includes which caused reference "C:\Users\ultra\warewolf\Dev\Binaries\Infragistcs_Net6\InfragisticsWPF4.DataPresenter.v15.1.dll". [C:\Users\ultra\warewolf\Dev\Dev2.Studio.Core.Tests\Dev2.Studio.Core.Tests.csproj]
C:\Program Files\dotnet\sdk\10.0.201\Microsoft.Common.CurrentVersion.targets(2451,5): warning MSB3277:             InfragisticsWPF4.DataPresenter.v15.1 [C:\Users\ultra\warewolf\Dev\Dev2.Studio.Core.Tests\Dev2.Studio.Core.Tests.csproj]
C:\Program Files\dotnet\sdk\10.0.201\Microsoft.Common.CurrentVersion.targets(2451,5): warning MSB3277:         C:\Users\ultra\.nuget\packages\avalonedit\6.3.0.90\lib\net462\ICSharpCode.AvalonEdit.dll [C:\Users\ultra\warewolf\Dev\Dev2.Studio.Core.Tests\Dev2.Studio.Core.Tests.csproj]
C:\Program Files\dotnet\sdk\10.0.201\Microsoft.Common.CurrentVersion.targets(2451,5): warning MSB3277:           Project file item includes which caused reference "C:\Users\ultra\.nuget\packages\avalonedit\6.3.0.90\lib\net462\ICSharpCode.AvalonEdit.dll". [C:\Users\ultra\warewolf\Dev\Dev2.Studio.Core.Tests\Dev2.Studio.Core.Tests.csproj]
C:\Program Files\dotnet\sdk\10.0.201\Microsoft.Common.CurrentVersion.targets(2451,5): warning MSB3277:             C:\Users\ultra\.nuget\packages\avalonedit\6.3.0.90\lib\net462\ICSharpCode.AvalonEdit.dll [C:\Users\ultra\warewolf\Dev\Dev2.Studio.Core.Tests\Dev2.Studio.Core.Tests.csproj]
C:\Program Files\dotnet\sdk\10.0.201\Microsoft.Common.CurrentVersion.targets(2451,5): warning MSB3277:         C:\Users\ultra\.nuget\packages\caliburn.micro\4.0.212\lib\netcoreapp3.1\Caliburn.Micro.Platform.dll [C:\Users\ultra\warewolf\Dev\Dev2.Studio.Core.Tests\Dev2.Studio.Core.Tests.csproj]
C:\Program Files\dotnet\sdk\10.0.201\Microsoft.Common.CurrentVersion.targets(2451,5): warning MSB3277:           Project file item includes which caused reference "C:\Users\ultra\.nuget\packages\caliburn.micro\4.0.212\lib\netcoreapp3.1\Caliburn.Micro.Platform.dll". [C:\Users\ultra\warewolf\Dev\Dev2.Studio.Core.Tests\Dev2.Studio.Core.Tests.csproj]
C:\Program Files\dotnet\sdk\10.0.201\Microsoft.Common.CurrentVersion.targets(2451,5): warning MSB3277:             C:\Users\ultra\.nuget\packages\caliburn.micro\4.0.212\lib\netcoreapp3.1\Caliburn.Micro.Platform.dll [C:\Users\ultra\warewolf\Dev\Dev2.Studio.Core.Tests\Dev2.Studio.Core.Tests.csproj]
C:\Program Files\dotnet\sdk\10.0.201\Microsoft.Common.CurrentVersion.targets(2451,5): warning MSB3277:         C:\Users\ultra\.nuget\packages\extended.wpf.toolkit\4.4.0\lib\net5.0\Xceed.Wpf.AvalonDock.NET5.dll [C:\Users\ultra\warewolf\Dev\Dev2.Studio.Core.Tests\Dev2.Studio.Core.Tests.csproj]
C:\Program Files\dotnet\sdk\10.0.201\Microsoft.Common.CurrentVersion.targets(2451,5): warning MSB3277:           Project file item includes which caused reference "C:\Users\ultra\.nuget\packages\extended.wpf.toolkit\4.4.0\lib\net5.0\Xceed.Wpf.AvalonDock.NET5.dll". [C:\Users\ultra\warewolf\Dev\Dev2.Studio.Core.Tests\Dev2.Studio.Core.Tests.csproj]
C:\Program Files\dotnet\sdk\10.0.201\Microsoft.Common.CurrentVersion.targets(2451,5): warning MSB3277:             C:\Users\ultra\.nuget\packages\extended.wpf.toolkit\4.4.0\lib\net5.0\Xceed.Wpf.AvalonDock.NET5.dll [C:\Users\ultra\warewolf\Dev\Dev2.Studio.Core.Tests\Dev2.Studio.Core.Tests.csproj]
C:\Program Files\dotnet\sdk\10.0.201\Microsoft.Common.CurrentVersion.targets(2451,5): warning MSB3277:             C:\Users\ultra\.nuget\packages\extended.wpf.toolkit\4.4.0\lib\net5.0\Xceed.Wpf.AvalonDock.Themes.Aero.NET5.dll [C:\Users\ultra\warewolf\Dev\Dev2.Studio.Core.Tests\Dev2.Studio.Core.Tests.csproj]
C:\Program Files\dotnet\sdk\10.0.201\Microsoft.Common.CurrentVersion.targets(2451,5): warning MSB3277:             C:\Users\ultra\.nuget\packages\extended.wpf.toolkit\4.4.0\lib\net5.0\Xceed.Wpf.AvalonDock.Themes.Metro.NET5.dll [C:\Users\ultra\warewolf\Dev\Dev2.Studio.Core.Tests\Dev2.Studio.Core.Tests.csproj]
C:\Program Files\dotnet\sdk\10.0.201\Microsoft.Common.CurrentVersion.targets(2451,5): warning MSB3277:             C:\Users\ultra\.nuget\packages\extended.wpf.toolkit\4.4.0\lib\net5.0\Xceed.Wpf.AvalonDock.Themes.VS2010.NET5.dll [C:\Users\ultra\warewolf\Dev\Dev2.Studio.Core.Tests\Dev2.Studio.Core.Tests.csproj]
C:\Program Files\dotnet\sdk\10.0.201\Microsoft.Common.CurrentVersion.targets(2451,5): warning MSB3277:         C:\Users\ultra\.nuget\packages\extended.wpf.toolkit\4.4.0\lib\net5.0\Xceed.Wpf.AvalonDock.Themes.Aero.NET5.dll [C:\Users\ultra\warewolf\Dev\Dev2.Studio.Core.Tests\Dev2.Studio.Core.Tests.csproj]
C:\Program Files\dotnet\sdk\10.0.201\Microsoft.Common.CurrentVersion.targets(2451,5): warning MSB3277:           Project file item includes which caused reference "C:\Users\ultra\.nuget\packages\extended.wpf.toolkit\4.4.0\lib\net5.0\Xceed.Wpf.AvalonDock.Themes.Aero.NET5.dll". [C:\Users\ultra\warewolf\Dev\Dev2.Studio.Core.Tests\Dev2.Studio.Core.Tests.csproj]
C:\Program Files\dotnet\sdk\10.0.201\Microsoft.Common.CurrentVersion.targets(2451,5): warning MSB3277:             C:\Users\ultra\.nuget\packages\extended.wpf.toolkit\4.4.0\lib\net5.0\Xceed.Wpf.AvalonDock.Themes.Aero.NET5.dll [C:\Users\ultra\warewolf\Dev\Dev2.Studio.Core.Tests\Dev2.Studio.Core.Tests.csproj]
C:\Program Files\dotnet\sdk\10.0.201\Microsoft.Common.CurrentVersion.targets(2451,5): warning MSB3277:         C:\Users\ultra\.nuget\packages\extended.wpf.toolkit\4.4.0\lib\net5.0\Xceed.Wpf.Toolkit.NET5.dll [C:\Users\ultra\warewolf\Dev\Dev2.Studio.Core.Tests\Dev2.Studio.Core.Tests.csproj]
C:\Program Files\dotnet\sdk\10.0.201\Microsoft.Common.CurrentVersion.targets(2451,5): warning MSB3277:           Project file item includes which caused reference "C:\Users\ultra\.nuget\packages\extended.wpf.toolkit\4.4.0\lib\net5.0\Xceed.Wpf.Toolkit.NET5.dll". [C:\Users\ultra\warewolf\Dev\Dev2.Studio.Core.Tests\Dev2.Studio.Core.Tests.csproj]
C:\Program Files\dotnet\sdk\10.0.201\Microsoft.Common.CurrentVersion.targets(2451,5): warning MSB3277:             C:\Users\ultra\.nuget\packages\extended.wpf.toolkit\4.4.0\lib\net5.0\Xceed.Wpf.Toolkit.NET5.dll [C:\Users\ultra\warewolf\Dev\Dev2.Studio.Core.Tests\Dev2.Studio.Core.Tests.csproj]
C:\Program Files\dotnet\sdk\10.0.201\Microsoft.Common.CurrentVersion.targets(2451,5): warning MSB3277:         C:\Users\ultra\.nuget\packages\fontawesome.wpf\4.7.0.9\lib\net40\FontAwesome.WPF.dll [C:\Users\ultra\warewolf\Dev\Dev2.Studio.Core.Tests\Dev2.Studio.Core.Tests.csproj]
C:\Program Files\dotnet\sdk\10.0.201\Microsoft.Common.CurrentVersion.targets(2451,5): warning MSB3277:           Project file item includes which caused reference "C:\Users\ultra\.nuget\packages\fontawesome.wpf\4.7.0.9\lib\net40\FontAwesome.WPF.dll". [C:\Users\ultra\warewolf\Dev\Dev2.Studio.Core.Tests\Dev2.Studio.Core.Tests.csproj]
C:\Program Files\dotnet\sdk\10.0.201\Microsoft.Common.CurrentVersion.targets(2451,5): warning MSB3277:             C:\Users\ultra\.nuget\packages\fontawesome.wpf\4.7.0.9\lib\net40\FontAwesome.WPF.dll [C:\Users\ultra\warewolf\Dev\Dev2.Studio.Core.Tests\Dev2.Studio.Core.Tests.csproj]
C:\Program Files\dotnet\sdk\10.0.201\Microsoft.Common.CurrentVersion.targets(2451,5): warning MSB3277:         C:\Users\ultra\.nuget\packages\ironpython\3.4.0\lib\net6.0\IronPython.Wpf.dll [C:\Users\ultra\warewolf\Dev\Dev2.Studio.Core.Tests\Dev2.Studio.Core.Tests.csproj]
C:\Program Files\dotnet\sdk\10.0.201\Microsoft.Common.CurrentVersion.targets(2451,5): warning MSB3277:           Project file item includes which caused reference "C:\Users\ultra\.nuget\packages\ironpython\3.4.0\lib\net6.0\IronPython.Wpf.dll". [C:\Users\ultra\warewolf\Dev\Dev2.Studio.Core.Tests\Dev2.Studio.Core.Tests.csproj]
C:\Program Files\dotnet\sdk\10.0.201\Microsoft.Common.CurrentVersion.targets(2451,5): warning MSB3277:             C:\Users\ultra\.nuget\packages\ironpython\3.4.0\lib\net6.0\IronPython.Wpf.dll [C:\Users\ultra\warewolf\Dev\Dev2.Studio.Core.Tests\Dev2.Studio.Core.Tests.csproj]
C:\Program Files\dotnet\sdk\10.0.201\Microsoft.Common.CurrentVersion.targets(2451,5): warning MSB3277:         C:\Users\ultra\.nuget\packages\microsoft.xaml.behaviors.wpf\1.1.122\lib\net462\Microsoft.Xaml.Behaviors.dll [C:\Users\ultra\warewolf\Dev\Dev2.Studio.Core.Tests\Dev2.Studio.Core.Tests.csproj]
C:\Program Files\dotnet\sdk\10.0.201\Microsoft.Common.CurrentVersion.targets(2451,5): warning MSB3277:           Project file item includes which caused reference "C:\Users\ultra\.nuget\packages\microsoft.xaml.behaviors.wpf\1.1.122\lib\net462\Microsoft.Xaml.Behaviors.dll". [C:\Users\ultra\warewolf\Dev\Dev2.Studio.Core.Tests\Dev2.Studio.Core.Tests.csproj]
C:\Program Files\dotnet\sdk\10.0.201\Microsoft.Common.CurrentVersion.targets(2451,5): warning MSB3277:             C:\Users\ultra\.nuget\packages\microsoft.xaml.behaviors.wpf\1.1.122\lib\net462\Microsoft.Xaml.Behaviors.dll [C:\Users\ultra\warewolf\Dev\Dev2.Studio.Core.Tests\Dev2.Studio.Core.Tests.csproj]
C:\Program Files\dotnet\sdk\10.0.201\Microsoft.Common.CurrentVersion.targets(2451,5): warning MSB3277:             C:\Users\ultra\.nuget\packages\caliburn.micro\4.0.212\lib\netcoreapp3.1\Caliburn.Micro.Platform.dll [C:\Users\ultra\warewolf\Dev\Dev2.Studio.Core.Tests\Dev2.Studio.Core.Tests.csproj]
C:\Program Files\dotnet\sdk\10.0.201\Microsoft.Common.CurrentVersion.targets(2451,5): warning MSB3277:             C:\Users\ultra\.nuget\packages\prism.wpf\9.0.537\lib\net462\Prism.Wpf.dll [C:\Users\ultra\warewolf\Dev\Dev2.Studio.Core.Tests\Dev2.Studio.Core.Tests.csproj]
C:\Program Files\dotnet\sdk\10.0.201\Microsoft.Common.CurrentVersion.targets(2451,5): warning MSB3277:         C:\Users\ultra\.nuget\packages\prism.composition\5.0.0\lib\NET45\Microsoft.Practices.Prism.Composition.dll [C:\Users\ultra\warewolf\Dev\Dev2.Studio.Core.Tests\Dev2.Studio.Core.Tests.csproj]
C:\Program Files\dotnet\sdk\10.0.201\Microsoft.Common.CurrentVersion.targets(2451,5): warning MSB3277:           Project file item includes which caused reference "C:\Users\ultra\.nuget\packages\prism.composition\5.0.0\lib\NET45\Microsoft.Practices.Prism.Composition.dll". [C:\Users\ultra\warewolf\Dev\Dev2.Studio.Core.Tests\Dev2.Studio.Core.Tests.csproj]
C:\Program Files\dotnet\sdk\10.0.201\Microsoft.Common.CurrentVersion.targets(2451,5): warning MSB3277:             C:\Users\ultra\.nuget\packages\prism.composition\5.0.0\lib\NET45\Microsoft.Practices.Prism.Composition.dll [C:\Users\ultra\warewolf\Dev\Dev2.Studio.Core.Tests\Dev2.Studio.Core.Tests.csproj]
C:\Program Files\dotnet\sdk\10.0.201\Microsoft.Common.CurrentVersion.targets(2451,5): warning MSB3277:             C:\Users\ultra\.nuget\packages\prism.unityextensions\5.0.1\lib\NET45\Microsoft.Practices.Prism.UnityExtensions.dll [C:\Users\ultra\warewolf\Dev\Dev2.Studio.Core.Tests\Dev2.Studio.Core.Tests.csproj]
C:\Program Files\dotnet\sdk\10.0.201\Microsoft.Common.CurrentVersion.targets(2451,5): warning MSB3277:         C:\Users\ultra\.nuget\packages\prism.interactivity\5.0.0\lib\NET45\Microsoft.Practices.Prism.Interactivity.dll [C:\Users\ultra\warewolf\Dev\Dev2.Studio.Core.Tests\Dev2.Studio.Core.Tests.csproj]
C:\Program Files\dotnet\sdk\10.0.201\Microsoft.Common.CurrentVersion.targets(2451,5): warning MSB3277:           Project file item includes which caused reference "C:\Users\ultra\.nuget\packages\prism.interactivity\5.0.0\lib\NET45\Microsoft.Practices.Prism.Interactivity.dll". [C:\Users\ultra\warewolf\Dev\Dev2.Studio.Core.Tests\Dev2.Studio.Core.Tests.csproj]
C:\Program Files\dotnet\sdk\10.0.201\Microsoft.Common.CurrentVersion.targets(2451,5): warning MSB3277:             C:\Users\ultra\.nuget\packages\prism.interactivity\5.0.0\lib\NET45\Microsoft.Practices.Prism.Interactivity.dll [C:\Users\ultra\warewolf\Dev\Dev2.Studio.Core.Tests\Dev2.Studio.Core.Tests.csproj]
C:\Program Files\dotnet\sdk\10.0.201\Microsoft.Common.CurrentVersion.targets(2451,5): warning MSB3277:         C:\Users\ultra\.nuget\packages\prism.mvvm\1.0.0\lib\net45\Microsoft.Practices.Prism.Mvvm.Desktop.dll [C:\Users\ultra\warewolf\Dev\Dev2.Studio.Core.Tests\Dev2.Studio.Core.Tests.csproj]
C:\Program Files\dotnet\sdk\10.0.201\Microsoft.Common.CurrentVersion.targets(2451,5): warning MSB3277:           Project file item includes which caused reference "C:\Users\ultra\.nuget\packages\prism.mvvm\1.0.0\lib\net45\Microsoft.Practices.Prism.Mvvm.Desktop.dll". [C:\Users\ultra\warewolf\Dev\Dev2.Studio.Core.Tests\Dev2.Studio.Core.Tests.csproj]
C:\Program Files\dotnet\sdk\10.0.201\Microsoft.Common.CurrentVersion.targets(2451,5): warning MSB3277:             C:\Users\ultra\.nuget\packages\prism.mvvm\1.0.0\lib\net45\Microsoft.Practices.Prism.Mvvm.Desktop.dll [C:\Users\ultra\warewolf\Dev\Dev2.Studio.Core.Tests\Dev2.Studio.Core.Tests.csproj]
C:\Program Files\dotnet\sdk\10.0.201\Microsoft.Common.CurrentVersion.targets(2451,5): warning MSB3277:         C:\Users\ultra\.nuget\packages\prism.unityextensions\5.0.1\lib\NET45\Microsoft.Practices.Prism.UnityExtensions.dll [C:\Users\ultra\warewolf\Dev\Dev2.Studio.Core.Tests\Dev2.Studio.Core.Tests.csproj]
C:\Program Files\dotnet\sdk\10.0.201\Microsoft.Common.CurrentVersion.targets(2451,5): warning MSB3277:           Project file item includes which caused reference "C:\Users\ultra\.nuget\packages\prism.unityextensions\5.0.1\lib\NET45\Microsoft.Practices.Prism.UnityExtensions.dll". [C:\Users\ultra\warewolf\Dev\Dev2.Studio.Core.Tests\Dev2.Studio.Core.Tests.csproj]
C:\Program Files\dotnet\sdk\10.0.201\Microsoft.Common.CurrentVersion.targets(2451,5): warning MSB3277:             C:\Users\ultra\.nuget\packages\prism.unityextensions\5.0.1\lib\NET45\Microsoft.Practices.Prism.UnityExtensions.dll [C:\Users\ultra\warewolf\Dev\Dev2.Studio.Core.Tests\Dev2.Studio.Core.Tests.csproj]
C:\Program Files\dotnet\sdk\10.0.201\Microsoft.Common.CurrentVersion.targets(2451,5): warning MSB3277:         C:\Users\ultra\.nuget\packages\prism.wpf\9.0.537\lib\net462\Prism.Wpf.dll [C:\Users\ultra\warewolf\Dev\Dev2.Studio.Core.Tests\Dev2.Studio.Core.Tests.csproj]
C:\Program Files\dotnet\sdk\10.0.201\Microsoft.Common.CurrentVersion.targets(2451,5): warning MSB3277:           Project file item includes which caused reference "C:\Users\ultra\.nuget\packages\prism.wpf\9.0.537\lib\net462\Prism.Wpf.dll". [C:\Users\ultra\warewolf\Dev\Dev2.Studio.Core.Tests\Dev2.Studio.Core.Tests.csproj]
C:\Program Files\dotnet\sdk\10.0.201\Microsoft.Common.CurrentVersion.targets(2451,5): warning MSB3277:             C:\Users\ultra\.nuget\packages\prism.wpf\9.0.537\lib\net462\Prism.Wpf.dll [C:\Users\ultra\warewolf\Dev\Dev2.Studio.Core.Tests\Dev2.Studio.Core.Tests.csproj]
C:\Program Files\dotnet\sdk\10.0.201\Microsoft.Common.CurrentVersion.targets(2451,5): warning MSB3277:         C:\Users\ultra\.nuget\packages\reactiveui.wpf\18.4.1\lib\net462\ReactiveUI.Wpf.dll [C:\Users\ultra\warewolf\Dev\Dev2.Studio.Core.Tests\Dev2.Studio.Core.Tests.csproj]
C:\Program Files\dotnet\sdk\10.0.201\Microsoft.Common.CurrentVersion.targets(2451,5): warning MSB3277:           Project file item includes which caused reference "C:\Users\ultra\.nuget\packages\reactiveui.wpf\18.4.1\lib\net462\ReactiveUI.Wpf.dll". [C:\Users\ultra\warewolf\Dev\Dev2.Studio.Core.Tests\Dev2.Studio.Core.Tests.csproj]
C:\Program Files\dotnet\sdk\10.0.201\Microsoft.Common.CurrentVersion.targets(2451,5): warning MSB3277:             C:\Users\ultra\.nuget\packages\reactiveui.wpf\18.4.1\lib\net462\ReactiveUI.Wpf.dll [C:\Users\ultra\warewolf\Dev\Dev2.Studio.Core.Tests\Dev2.Studio.Core.Tests.csproj]
C:\Program Files\dotnet\sdk\10.0.201\Microsoft.Common.CurrentVersion.targets(2451,5): warning MSB3277:         C:\Users\ultra\warewolf\Dev\Binaries\Infragistcs_Net6\InfragisticsWPF4.Editors.v15.1.dll [C:\Users\ultra\warewolf\Dev\Dev2.Studio.Core.Tests\Dev2.Studio.Core.Tests.csproj]
C:\Program Files\dotnet\sdk\10.0.201\Microsoft.Common.CurrentVersion.targets(2451,5): warning MSB3277:           Project file item includes which caused reference "C:\Users\ultra\warewolf\Dev\Binaries\Infragistcs_Net6\InfragisticsWPF4.Editors.v15.1.dll". [C:\Users\ultra\warewolf\Dev\Dev2.Studio.Core.Tests\Dev2.Studio.Core.Tests.csproj]
C:\Program Files\dotnet\sdk\10.0.201\Microsoft.Common.CurrentVersion.targets(2451,5): warning MSB3277:             InfragisticsWPF4.DataPresenter.v15.1 [C:\Users\ultra\warewolf\Dev\Dev2.Studio.Core.Tests\Dev2.Studio.Core.Tests.csproj]
C:\Program Files\dotnet\sdk\10.0.201\Microsoft.Common.CurrentVersion.targets(2451,5): warning MSB3277: Found conflicts between different versions of "System.Drawing.Common" that could not be resolved. [C:\Users\ultra\warewolf\Dev\Dev2.Studio.Core.Tests\Dev2.Studio.Core.Tests.csproj]
C:\Program Files\dotnet\sdk\10.0.201\Microsoft.Common.CurrentVersion.targets(2451,5): warning MSB3277: There was a conflict between "System.Drawing.Common, Version=6.0.0.0, Culture=neutral, PublicKeyToken=cc7b13ffcd2ddd51" and "System.Drawing.Common, Version=8.0.0.0, Culture=neutral, PublicKeyToken=cc7b13ffcd2ddd51". [C:\Users\ultra\warewolf\Dev\Dev2.Studio.Core.Tests\Dev2.Studio.Core.Tests.csproj]
C:\Program Files\dotnet\sdk\10.0.201\Microsoft.Common.CurrentVersion.targets(2451,5): warning MSB3277:     "System.Drawing.Common, Version=6.0.0.0, Culture=neutral, PublicKeyToken=cc7b13ffcd2ddd51" was chosen because it was primary and "System.Drawing.Common, Version=8.0.0.0, Culture=neutral, PublicKeyToken=cc7b13ffcd2ddd51" was not. [C:\Users\ultra\warewolf\Dev\Dev2.Studio.Core.Tests\Dev2.Studio.Core.Tests.csproj]
C:\Program Files\dotnet\sdk\10.0.201\Microsoft.Common.CurrentVersion.targets(2451,5): warning MSB3277:     References which depend on "System.Drawing.Common, Version=6.0.0.0, Culture=neutral, PublicKeyToken=cc7b13ffcd2ddd51" [C:\Users\ultra\.nuget\packages\system.drawing.common\6.0.0\lib\net6.0\System.Drawing.Common.dll]. [C:\Users\ultra\warewolf\Dev\Dev2.Studio.Core.Tests\Dev2.Studio.Core.Tests.csproj]
C:\Program Files\dotnet\sdk\10.0.201\Microsoft.Common.CurrentVersion.targets(2451,5): warning MSB3277:         C:\Users\ultra\.nuget\packages\system.drawing.common\6.0.0\lib\net6.0\System.Drawing.Common.dll [C:\Users\ultra\warewolf\Dev\Dev2.Studio.Core.Tests\Dev2.Studio.Core.Tests.csproj]
C:\Program Files\dotnet\sdk\10.0.201\Microsoft.Common.CurrentVersion.targets(2451,5): warning MSB3277:           Project file item includes which caused reference "C:\Users\ultra\.nuget\packages\system.drawing.common\6.0.0\lib\net6.0\System.Drawing.Common.dll". [C:\Users\ultra\warewolf\Dev\Dev2.Studio.Core.Tests\Dev2.Studio.Core.Tests.csproj]
C:\Program Files\dotnet\sdk\10.0.201\Microsoft.Common.CurrentVersion.targets(2451,5): warning MSB3277:             C:\Users\ultra\.nuget\packages\system.drawing.common\6.0.0\lib\net6.0\System.Drawing.Common.dll [C:\Users\ultra\warewolf\Dev\Dev2.Studio.Core.Tests\Dev2.Studio.Core.Tests.csproj]
C:\Program Files\dotnet\sdk\10.0.201\Microsoft.Common.CurrentVersion.targets(2451,5): warning MSB3277:     References which depend on or have been unified to "System.Drawing.Common, Version=8.0.0.0, Culture=neutral, PublicKeyToken=cc7b13ffcd2ddd51" []. [C:\Users\ultra\warewolf\Dev\Dev2.Studio.Core.Tests\Dev2.Studio.Core.Tests.csproj]
C:\Program Files\dotnet\sdk\10.0.201\Microsoft.Common.CurrentVersion.targets(2451,5): warning MSB3277:         C:\Users\ultra\.nuget\packages\servicestack\6.3.0\lib\net6.0\ServiceStack.dll [C:\Users\ultra\warewolf\Dev\Dev2.Studio.Core.Tests\Dev2.Studio.Core.Tests.csproj]
C:\Program Files\dotnet\sdk\10.0.201\Microsoft.Common.CurrentVersion.targets(2451,5): warning MSB3277:           Project file item includes which caused reference "C:\Users\ultra\.nuget\packages\servicestack\6.3.0\lib\net6.0\ServiceStack.dll". [C:\Users\ultra\warewolf\Dev\Dev2.Studio.Core.Tests\Dev2.Studio.Core.Tests.csproj]
C:\Program Files\dotnet\sdk\10.0.201\Microsoft.Common.CurrentVersion.targets(2451,5): warning MSB3277:             C:\Users\ultra\.nuget\packages\servicestack\6.3.0\lib\net6.0\ServiceStack.dll [C:\Users\ultra\warewolf\Dev\Dev2.Studio.Core.Tests\Dev2.Studio.Core.Tests.csproj]
C:\Program Files\dotnet\sdk\10.0.201\Microsoft.Common.CurrentVersion.targets(2451,5): warning MSB3277:         C:\Users\ultra\.nuget\packages\system.windows.extensions\8.0.0\lib\net8.0\System.Windows.Extensions.dll [C:\Users\ultra\warewolf\Dev\Dev2.Studio.Core.Tests\Dev2.Studio.Core.Tests.csproj]
C:\Program Files\dotnet\sdk\10.0.201\Microsoft.Common.CurrentVersion.targets(2451,5): warning MSB3277:           Project file item includes which caused reference "C:\Users\ultra\.nuget\packages\system.windows.extensions\8.0.0\lib\net8.0\System.Windows.Extensions.dll". [C:\Users\ultra\warewolf\Dev\Dev2.Studio.Core.Tests\Dev2.Studio.Core.Tests.csproj]
C:\Program Files\dotnet\sdk\10.0.201\Microsoft.Common.CurrentVersion.targets(2451,5): warning MSB3277:             C:\Users\ultra\.nuget\packages\system.windows.extensions\8.0.0\lib\net8.0\System.Windows.Extensions.dll [C:\Users\ultra\warewolf\Dev\Dev2.Studio.Core.Tests\Dev2.Studio.Core.Tests.csproj]
C:\Program Files\dotnet\sdk\10.0.201\Microsoft.Common.CurrentVersion.targets(2451,5): warning MSB3277:             C:\Users\ultra\.nuget\packages\extended.wpf.toolkit\4.4.0\lib\net5.0\Xceed.Wpf.Toolkit.NET5.dll [C:\Users\ultra\warewolf\Dev\Dev2.Studio.Core.Tests\Dev2.Studio.Core.Tests.csproj]
C:\Program Files\dotnet\sdk\10.0.201\Microsoft.Common.CurrentVersion.targets(2451,5): warning MSB3277:             C:\Users\ultra\.nuget\packages\system.security.permissions\8.0.0\lib\net8.0\System.Security.Permissions.dll [C:\Users\ultra\warewolf\Dev\Dev2.Studio.Core.Tests\Dev2.Studio.Core.Tests.csproj]
C:\Program Files\dotnet\sdk\10.0.201\Microsoft.Common.CurrentVersion.targets(2451,5): warning MSB3277:             C:\Users\ultra\warewolf\Dev\Dev2.Data\bin\Debug\net8.0\Dev2.Data.dll [C:\Users\ultra\warewolf\Dev\Dev2.Studio.Core.Tests\Dev2.Studio.Core.Tests.csproj]
C:\Program Files\dotnet\sdk\10.0.201\Microsoft.Common.CurrentVersion.targets(2451,5): warning MSB3277:             C:\Users\ultra\warewolf\Dev\Dev2.Diagnostics.Tests\bin\Debug\net8.0\Dev2.Diagnostics.Tests.dll [C:\Users\ultra\warewolf\Dev\Dev2.Studio.Core.Tests\Dev2.Studio.Core.Tests.csproj]
C:\Program Files\dotnet\sdk\10.0.201\Microsoft.Common.CurrentVersion.targets(2451,5): warning MSB3277:             C:\Users\ultra\warewolf\Dev\Dev2.Infrastructure.Tests\bin\Debug\net8.0\Dev2.Infrastructure.Tests.dll [C:\Users\ultra\warewolf\Dev\Dev2.Studio.Core.Tests\Dev2.Studio.Core.Tests.csproj]
C:\Program Files\dotnet\sdk\10.0.201\Microsoft.Common.CurrentVersion.targets(2451,5): warning MSB3277:             C:\Users\ultra\warewolf\Dev\Dev2.Intellisense\bin\Debug\net8.0\Dev2.Intellisense.dll [C:\Users\ultra\warewolf\Dev\Dev2.Studio.Core.Tests\Dev2.Studio.Core.Tests.csproj]
C:\Program Files\dotnet\sdk\10.0.201\Microsoft.Common.CurrentVersion.targets(2451,5): warning MSB3277:             C:\Users\ultra\warewolf\Dev\Dev2.Runtime.Services\bin\Debug\net8.0\Dev2.Runtime.Services.dll [C:\Users\ultra\warewolf\Dev\Dev2.Studio.Core.Tests\Dev2.Studio.Core.Tests.csproj]
C:\Program Files\dotnet\sdk\10.0.201\Microsoft.Common.CurrentVersion.targets(2451,5): warning MSB3277:             C:\Users\ultra\warewolf\Dev\Dev2.Runtime\bin\Debug\net8.0\Dev2.Runtime.dll [C:\Users\ultra\warewolf\Dev\Dev2.Studio.Core.Tests\Dev2.Studio.Core.Tests.csproj]
C:\Program Files\dotnet\sdk\10.0.201\Microsoft.Common.CurrentVersion.targets(2451,5): warning MSB3277:             C:\Users\ultra\warewolf\Dev\Dev2.Scheduler\bin\Debug\net8.0\Dev2.Scheduler.dll [C:\Users\ultra\warewolf\Dev\Dev2.Studio.Core.Tests\Dev2.Studio.Core.Tests.csproj]
C:\Program Files\dotnet\sdk\10.0.201\Microsoft.Common.CurrentVersion.targets(2451,5): warning MSB3277:             C:\Users\ultra\warewolf\Dev\Dev2.Studio.Core\bin\Debug\net8.0\Dev2.Studio.Core.dll [C:\Users\ultra\warewolf\Dev\Dev2.Studio.Core.Tests\Dev2.Studio.Core.Tests.csproj]
C:\Program Files\dotnet\sdk\10.0.201\Microsoft.Common.CurrentVersion.targets(2451,5): warning MSB3277:             C:\Users\ultra\warewolf\Dev\Dev2.Studio.Interfaces\bin\Debug\net8.0\Dev2.Studio.Interfaces.dll [C:\Users\ultra\warewolf\Dev\Dev2.Studio.Core.Tests\Dev2.Studio.Core.Tests.csproj]
C:\Program Files\dotnet\sdk\10.0.201\Microsoft.Common.CurrentVersion.targets(2451,5): warning MSB3277:             C:\Users\ultra\warewolf\Dev\Dev2.Studio\bin\Debug\net8.0\Warewolf Studio.dll [C:\Users\ultra\warewolf\Dev\Dev2.Studio.Core.Tests\Dev2.Studio.Core.Tests.csproj]
C:\Program Files\dotnet\sdk\10.0.201\Microsoft.Common.CurrentVersion.targets(2451,5): warning MSB3277:             C:\Users\ultra\warewolf\Dev\Dev2.Activities\bin\Debug\net8.0\Dev2.Activities.dll [C:\Users\ultra\warewolf\Dev\Dev2.Studio.Core.Tests\Dev2.Studio.Core.Tests.csproj]
C:\Program Files\dotnet\sdk\10.0.201\Microsoft.Common.CurrentVersion.targets(2451,5): warning MSB3277:             C:\Users\ultra\warewolf\Dev\Dev2.Core\bin\Debug\net8.0\Dev2.Core.dll [C:\Users\ultra\warewolf\Dev\Dev2.Studio.Core.Tests\Dev2.Studio.Core.Tests.csproj]
C:\Program Files\dotnet\sdk\10.0.201\Microsoft.Common.CurrentVersion.targets(2451,5): warning MSB3277:             C:\Users\ultra\warewolf\Dev\Warewolf.Core\bin\Debug\net8.0\Warewolf.Core.dll [C:\Users\ultra\warewolf\Dev\Dev2.Studio.Core.Tests\Dev2.Studio.Core.Tests.csproj]
C:\Program Files\dotnet\sdk\10.0.201\Microsoft.Common.CurrentVersion.targets(2451,5): warning MSB3277:             C:\Users\ultra\warewolf\Dev\Warewolf.MergeParser.Tests\bin\Debug\net8.0\Warewolf.MergeParser.Tests.dll [C:\Users\ultra\warewolf\Dev\Dev2.Studio.Core.Tests\Dev2.Studio.Core.Tests.csproj]
C:\Program Files\dotnet\sdk\10.0.201\Microsoft.Common.CurrentVersion.targets(2451,5): warning MSB3277:             C:\Users\ultra\warewolf\Dev\Warewolf.Studio.Core\bin\Debug\net8.0\Warewolf.Studio.Core.dll [C:\Users\ultra\warewolf\Dev\Dev2.Studio.Core.Tests\Dev2.Studio.Core.Tests.csproj]
C:\Program Files\dotnet\sdk\10.0.201\Microsoft.Common.CurrentVersion.targets(2451,5): warning MSB3277:             C:\Users\ultra\warewolf\Dev\Warewolf.Studio.ViewModels\bin\Debug\net8.0\Warewolf.Studio.ViewModels.dll [C:\Users\ultra\warewolf\Dev\Dev2.Studio.Core.Tests\Dev2.Studio.Core.Tests.csproj]
C:\Program Files\dotnet\sdk\10.0.201\Microsoft.Common.CurrentVersion.targets(2451,5): warning MSB3277:             C:\Users\ultra\warewolf\Dev\Warewolf.Testing\bin\Debug\net8.0\Warewolf.Testing.dll [C:\Users\ultra\warewolf\Dev\Dev2.Studio.Core.Tests\Dev2.Studio.Core.Tests.csproj]
C:\Program Files\dotnet\sdk\10.0.201\Microsoft.Common.CurrentVersion.targets(2451,5): warning MSB3277:             C:\Users\ultra\warewolf\Dev\Warewolf.Trigger.Queue\bin\Debug\net8.0\Warewolf.Trigger.Queue.dll [C:\Users\ultra\warewolf\Dev\Dev2.Studio.Core.Tests\Dev2.Studio.Core.Tests.csproj]
C:\Program Files\dotnet\sdk\10.0.201\Microsoft.Common.CurrentVersion.targets(2451,5): warning MSB3277:             C:\Users\ultra\warewolf\Dev\Warewolf.UI\bin\Debug\net8.0\Warewolf.UI.dll [C:\Users\ultra\warewolf\Dev\Dev2.Studio.Core.Tests\Dev2.Studio.Core.Tests.csproj]
C:\Program Files\dotnet\sdk\10.0.201\Microsoft.Common.CurrentVersion.targets(2451,5): warning MSB3277:             C:\Users\ultra\warewolf\Dev\Dev2.Runtime.WebServer\bin\Debug\net8.0\Dev2.Runtime.WebServer.dll [C:\Users\ultra\warewolf\Dev\Dev2.Studio.Core.Tests\Dev2.Studio.Core.Tests.csproj]
C:\Program Files\dotnet\sdk\10.0.201\Microsoft.Common.CurrentVersion.targets(2451,5): warning MSB3277:             C:\Users\ultra\warewolf\Dev\Dev2.Services.Execution\bin\Debug\net8.0\Dev2.Services.Execution.dll [C:\Users\ultra\warewolf\Dev\Dev2.Studio.Core.Tests\Dev2.Studio.Core.Tests.csproj]
C:\Program Files\dotnet\sdk\10.0.201\Microsoft.Common.CurrentVersion.targets(2451,5): warning MSB3277:             C:\Users\ultra\warewolf\Dev\Warewolf.HangfireServer\bin\Debug\net8.0\HangfireServer.dll [C:\Users\ultra\warewolf\Dev\Dev2.Studio.Core.Tests\Dev2.Studio.Core.Tests.csproj]
C:\Program Files\dotnet\sdk\10.0.201\Microsoft.Common.CurrentVersion.targets(2451,5): warning MSB3277:             C:\Users\ultra\warewolf\Dev\Warewolf.QueueWorker\bin\Debug\net8.0\QueueWorker.dll [C:\Users\ultra\warewolf\Dev\Dev2.Studio.Core.Tests\Dev2.Studio.Core.Tests.csproj]
C:\Program Files\dotnet\sdk\10.0.201\Microsoft.Common.CurrentVersion.targets(2451,5): warning MSB3277:             C:\Users\ultra\warewolf\Dev\Dev2.Server\bin\Debug\net8.0\Warewolf Server.dll [C:\Users\ultra\warewolf\Dev\Dev2.Studio.Core.Tests\Dev2.Studio.Core.Tests.csproj]
C:\Program Files\dotnet\sdk\10.0.201\Microsoft.Common.CurrentVersion.targets(2451,5): warning MSB3277:             C:\Users\ultra\warewolf\Dev\Warewolf.Auditing\bin\Debug\net8.0\Warewolf.Auditing.dll [C:\Users\ultra\warewolf\Dev\Dev2.Studio.Core.Tests\Dev2.Studio.Core.Tests.csproj]
C:\Program Files\dotnet\sdk\10.0.201\Microsoft.Common.CurrentVersion.targets(2451,5): warning MSB3277:             C:\Users\ultra\warewolf\Dev\Warewolf.Common.Framework48\bin\Debug\net8.0\Warewolf.Common.Framework48.dll [C:\Users\ultra\warewolf\Dev\Dev2.Studio.Core.Tests\Dev2.Studio.Core.Tests.csproj]
C:\Program Files\dotnet\sdk\10.0.201\Microsoft.Common.CurrentVersion.targets(2451,5): warning MSB3277:             C:\Users\ultra\warewolf\Dev\Warewolf.Common.NetStandard20\bin\Debug\net8.0\Warewolf.Common.NetStandard20.dll [C:\Users\ultra\warewolf\Dev\Dev2.Studio.Core.Tests\Dev2.Studio.Core.Tests.csproj]
C:\Program Files\dotnet\sdk\10.0.201\Microsoft.Common.CurrentVersion.targets(2451,5): warning MSB3277:             C:\Users\ultra\warewolf\Dev\Warewolf.Driver.Persistence\bin\Debug\net8.0\Warewolf.Driver.Persistence.dll [C:\Users\ultra\warewolf\Dev\Dev2.Studio.Core.Tests\Dev2.Studio.Core.Tests.csproj]
C:\Program Files\dotnet\sdk\10.0.201\Microsoft.Common.CurrentVersion.targets(2451,5): warning MSB3277:             C:\Users\ultra\warewolf\Dev\Warewolf.Exchange.Email.Wrapper\bin\Debug\net8.0\Warewolf.Exchange.Email.Wrapper.dll [C:\Users\ultra\warewolf\Dev\Dev2.Studio.Core.Tests\Dev2.Studio.Core.Tests.csproj]
C:\Program Files\dotnet\sdk\10.0.201\Microsoft.Common.CurrentVersion.targets(2451,5): warning MSB3277:             C:\Users\ultra\warewolf\Dev\Warewolf.ResourceManagement\bin\Debug\net8.0\Warewolf.ResourceManagement.dll [C:\Users\ultra\warewolf\Dev\Dev2.Studio.Core.Tests\Dev2.Studio.Core.Tests.csproj]
C:\Program Files\dotnet\sdk\10.0.201\Microsoft.Common.CurrentVersion.targets(2451,5): warning MSB3277:             C:\Users\ultra\warewolf\Dev\Warewolf.Studio.CustomControls\bin\Debug\net8.0\Warewolf.Studio.CustomControls.dll [C:\Users\ultra\warewolf\Dev\Dev2.Studio.Core.Tests\Dev2.Studio.Core.Tests.csproj]
C:\Program Files\dotnet\sdk\10.0.201\Microsoft.Common.CurrentVersion.targets(2451,5): warning MSB3277:             C:\Users\ultra\warewolf\Dev\Warewolf.Studio.Models\bin\Debug\net8.0\Warewolf.Studio.Models.dll [C:\Users\ultra\warewolf\Dev\Dev2.Studio.Core.Tests\Dev2.Studio.Core.Tests.csproj]
C:\Program Files\dotnet\sdk\10.0.201\Microsoft.Common.CurrentVersion.targets(2451,5): warning MSB3277:             C:\Users\ultra\warewolf\Dev\Warewolf.Logger\bin\Debug\net8.0\WarewolfLogger.dll [C:\Users\ultra\warewolf\Dev\Dev2.Studio.Core.Tests\Dev2.Studio.Core.Tests.csproj]
C:\Program Files\dotnet\sdk\10.0.201\Microsoft.Common.CurrentVersion.targets(2451,5): warning MSB3277:             InfragisticsWPF4.DockManager.v15.1, Version=15.1.20151.2055, Culture=neutral, PublicKeyToken=7dd5c3163f2cd0cb, processorArchitecture=MSIL [C:\Users\ultra\warewolf\Dev\Dev2.Studio.Core.Tests\Dev2.Studio.Core.Tests.csproj]
C:\Program Files\dotnet\sdk\10.0.201\Microsoft.Common.CurrentVersion.targets(2451,5): warning MSB3277:             InfragisticsWPF4.v15.1, Version=15.1.20151.2055, Culture=neutral, PublicKeyToken=7dd5c3163f2cd0cb, processorArchitecture=MSIL [C:\Users\ultra\warewolf\Dev\Dev2.Studio.Core.Tests\Dev2.Studio.Core.Tests.csproj]
C:\Program Files\dotnet\sdk\10.0.201\Microsoft.Common.CurrentVersion.targets(2451,5): warning MSB3277:             InfragisticsWPF4.Controls.Interactions.XamDialogWindow.v15.1 [C:\Users\ultra\warewolf\Dev\Dev2.Studio.Core.Tests\Dev2.Studio.Core.Tests.csproj]
C:\Program Files\dotnet\sdk\10.0.201\Microsoft.Common.CurrentVersion.targets(2451,5): warning MSB3277:             InfragisticsWPF4.DataPresenter.v15.1 [C:\Users\ultra\warewolf\Dev\Dev2.Studio.Core.Tests\Dev2.Studio.Core.Tests.csproj]
C:\Program Files\dotnet\sdk\10.0.201\Microsoft.Common.CurrentVersion.targets(2451,5): warning MSB3277:             C:\Users\ultra\.nuget\packages\dotnetzip\1.16.0\lib\netstandard2.0\DotNetZip.dll [C:\Users\ultra\warewolf\Dev\Dev2.Studio.Core.Tests\Dev2.Studio.Core.Tests.csproj]
C:\Program Files\dotnet\sdk\10.0.201\Microsoft.Common.CurrentVersion.targets(2451,5): warning MSB3277:             C:\Users\ultra\warewolf\Dev\Dev2.Common\bin\Debug\net8.0\Dev2.Common.dll [C:\Users\ultra\warewolf\Dev\Dev2.Studio.Core.Tests\Dev2.Studio.Core.Tests.csproj]
C:\Program Files\dotnet\sdk\10.0.201\Microsoft.Common.CurrentVersion.targets(2451,5): warning MSB3277:             C:\Users\ultra\warewolf\Dev\Dev2.Data.Interfaces\bin\Debug\net8.0\Dev2.Data.Interfaces.dll [C:\Users\ultra\warewolf\Dev\Dev2.Studio.Core.Tests\Dev2.Studio.Core.Tests.csproj]
C:\Program Files\dotnet\sdk\10.0.201\Microsoft.Common.CurrentVersion.targets(2451,5): warning MSB3277:             C:\Users\ultra\warewolf\Dev\Dev2.Diagnostics\bin\Debug\net8.0\Dev2.Diagnostics.dll [C:\Users\ultra\warewolf\Dev\Dev2.Studio.Core.Tests\Dev2.Studio.Core.Tests.csproj]
C:\Program Files\dotnet\sdk\10.0.201\Microsoft.Common.CurrentVersion.targets(2451,5): warning MSB3277:             C:\Users\ultra\warewolf\Dev\Dev2.Infrastructure\bin\Debug\net8.0\Dev2.Infrastructure.dll [C:\Users\ultra\warewolf\Dev\Dev2.Studio.Core.Tests\Dev2.Studio.Core.Tests.csproj]
C:\Program Files\dotnet\sdk\10.0.201\Microsoft.Common.CurrentVersion.targets(2451,5): warning MSB3277:             C:\Users\ultra\warewolf\Dev\Dev2.TaskScheduler.Wrappers\bin\Debug\net8.0\Dev2.TaskScheduler.Wrappers.dll [C:\Users\ultra\warewolf\Dev\Dev2.Studio.Core.Tests\Dev2.Studio.Core.Tests.csproj]
C:\Program Files\dotnet\sdk\10.0.201\Microsoft.Common.CurrentVersion.targets(2451,5): warning MSB3277:             C:\Users\ultra\warewolf\Dev\Dev2.Util\bin\Debug\net8.0\Dev2.Util.dll [C:\Users\ultra\warewolf\Dev\Dev2.Studio.Core.Tests\Dev2.Studio.Core.Tests.csproj]
C:\Program Files\dotnet\sdk\10.0.201\Microsoft.Common.CurrentVersion.targets(2451,5): warning MSB3277:             C:\Users\ultra\warewolf\Dev\Dev2.Development.Languages\bin\Debug\net8.0\Dev2.Development.Languages.dll [C:\Users\ultra\warewolf\Dev\Dev2.Studio.Core.Tests\Dev2.Studio.Core.Tests.csproj]
C:\Program Files\dotnet\sdk\10.0.201\Microsoft.Common.CurrentVersion.targets(2451,5): warning MSB3277:             C:\Users\ultra\warewolf\Dev\Dev2.Services.Sql\bin\Debug\net8.0\Dev2.Services.Sql.dll [C:\Users\ultra\warewolf\Dev\Dev2.Studio.Core.Tests\Dev2.Studio.Core.Tests.csproj]
C:\Program Files\dotnet\sdk\10.0.201\Microsoft.Common.CurrentVersion.targets(2451,5): warning MSB3277:             C:\Users\ultra\warewolf\Dev\Warewolf.AI.Harness\bin\Debug\net8.0\Warewolf.AI.Harness.dll [C:\Users\ultra\warewolf\Dev\Dev2.Studio.Core.Tests\Dev2.Studio.Core.Tests.csproj]
C:\Program Files\dotnet\sdk\10.0.201\Microsoft.Common.CurrentVersion.targets(2451,5): warning MSB3277:             C:\Users\ultra\warewolf\Dev\Warewolf.Driver.Serilog\bin\Debug\net8.0\Warewolf.Driver.Serilog.dll [C:\Users\ultra\warewolf\Dev\Dev2.Studio.Core.Tests\Dev2.Studio.Core.Tests.csproj]
C:\Program Files\dotnet\sdk\10.0.201\Microsoft.Common.CurrentVersion.targets(2451,5): warning MSB3277:             C:\Users\ultra\warewolf\Dev\Warewolf.PerfMon\bin\Debug\net8.0\Warewolf.PerfMon.dll [C:\Users\ultra\warewolf\Dev\Dev2.Studio.Core.Tests\Dev2.Studio.Core.Tests.csproj]
C:\Program Files\dotnet\sdk\10.0.201\Microsoft.Common.CurrentVersion.targets(2451,5): warning MSB3277:             C:\Users\ultra\warewolf\Dev\Warewolf.Sharepoint\bin\Debug\net8.0\Warewolf.Sharepoint.dll [C:\Users\ultra\warewolf\Dev\Dev2.Studio.Core.Tests\Dev2.Studio.Core.Tests.csproj]
C:\Program Files\dotnet\sdk\10.0.201\Microsoft.Common.CurrentVersion.targets(2451,5): warning MSB3277:             C:\Users\ultra\warewolf\Dev\Warewolf.Storage\bin\Debug\net8.0\Warewolf.Storage.dll [C:\Users\ultra\warewolf\Dev\Dev2.Studio.Core.Tests\Dev2.Studio.Core.Tests.csproj]
C:\Program Files\dotnet\sdk\10.0.201\Microsoft.Common.CurrentVersion.targets(2451,5): warning MSB3277:             C:\Users\ultra\.nuget\packages\mindbox.data.linq\5.0.0\lib\netstandard2.0\Mindbox.Data.Linq.dll [C:\Users\ultra\warewolf\Dev\Dev2.Studio.Core.Tests\Dev2.Studio.Core.Tests.csproj]
C:\Program Files\dotnet\sdk\10.0.201\Microsoft.Common.CurrentVersion.targets(2451,5): warning MSB3277:             C:\Users\ultra\.nuget\packages\mysql.data\8.4.0\lib\net8.0\MySql.Data.dll [C:\Users\ultra\warewolf\Dev\Dev2.Studio.Core.Tests\Dev2.Studio.Core.Tests.csproj]
C:\Program Files\dotnet\sdk\10.0.201\Microsoft.Common.CurrentVersion.targets(2451,5): warning MSB3277:             C:\Users\ultra\.nuget\packages\oracle.manageddataaccess.core\3.21.70\lib\netstandard2.1\Oracle.ManagedDataAccess.dll [C:\Users\ultra\warewolf\Dev\Dev2.Studio.Core.Tests\Dev2.Studio.Core.Tests.csproj]
C:\Program Files\dotnet\sdk\10.0.201\Microsoft.Common.CurrentVersion.targets(2451,5): warning MSB3277:             C:\Users\ultra\.nuget\packages\system.directoryservices\6.0.0\lib\net6.0\System.DirectoryServices.dll [C:\Users\ultra\warewolf\Dev\Dev2.Studio.Core.Tests\Dev2.Studio.Core.Tests.csproj]
C:\Program Files\dotnet\sdk\10.0.201\Microsoft.Common.CurrentVersion.targets(2451,5): warning MSB3277:             C:\Users\ultra\.nuget\packages\corewcf.primitives\1.2.1\lib\netstandard2.0\CoreWCF.Primitives.dll [C:\Users\ultra\warewolf\Dev\Dev2.Studio.Core.Tests\Dev2.Studio.Core.Tests.csproj]
C:\Program Files\dotnet\sdk\10.0.201\Microsoft.Common.CurrentVersion.targets(2451,5): warning MSB3277:             C:\Users\ultra\.nuget\packages\corewcf.http\1.2.1\lib\netstandard2.0\CoreWCF.Http.dll [C:\Users\ultra\warewolf\Dev\Dev2.Studio.Core.Tests\Dev2.Studio.Core.Tests.csproj]
C:\Program Files\dotnet\sdk\10.0.201\Microsoft.Common.CurrentVersion.targets(2451,5): warning MSB3277:             C:\Users\ultra\.nuget\packages\corewcf.nettcp\1.2.1\lib\netstandard2.0\CoreWCF.NetTcp.dll [C:\Users\ultra\warewolf\Dev\Dev2.Studio.Core.Tests\Dev2.Studio.Core.Tests.csproj]
C:\Program Files\dotnet\sdk\10.0.201\Microsoft.Common.CurrentVersion.targets(2451,5): warning MSB3277:             C:\Users\ultra\.nuget\packages\corewcf.webhttp\1.2.1\lib\netstandard2.0\CoreWCF.WebHttp.dll [C:\Users\ultra\warewolf\Dev\Dev2.Studio.Core.Tests\Dev2.Studio.Core.Tests.csproj]
C:\Program Files\dotnet\sdk\10.0.201\Microsoft.Common.CurrentVersion.targets(2451,5): warning MSB3277:             C:\Program Files\dotnet\packs\Microsoft.NETCore.App.Ref\8.0.25\ref/net8.0/System.Configuration.dll [C:\Users\ultra\warewolf\Dev\Dev2.Studio.Core.Tests\Dev2.Studio.Core.Tests.csproj]
C:\Program Files\dotnet\sdk\10.0.201\Microsoft.Common.CurrentVersion.targets(2451,5): warning MSB3277:             C:\Users\ultra\.nuget\packages\prism.composition\5.0.0\lib\NET45\Microsoft.Practices.Prism.Composition.dll [C:\Users\ultra\warewolf\Dev\Dev2.Studio.Core.Tests\Dev2.Studio.Core.Tests.csproj]
C:\Program Files\dotnet\sdk\10.0.201\Microsoft.Common.CurrentVersion.targets(2451,5): warning MSB3277:             C:\Users\ultra\.nuget\packages\prism.unityextensions\5.0.1\lib\NET45\Microsoft.Practices.Prism.UnityExtensions.dll [C:\Users\ultra\warewolf\Dev\Dev2.Studio.Core.Tests\Dev2.Studio.Core.Tests.csproj]
C:\Program Files\dotnet\sdk\10.0.201\Microsoft.Common.CurrentVersion.targets(2451,5): warning MSB3277:             C:\Users\ultra\.nuget\packages\prism.wpf\9.0.537\lib\net462\Prism.Wpf.dll [C:\Users\ultra\warewolf\Dev\Dev2.Studio.Core.Tests\Dev2.Studio.Core.Tests.csproj]
C:\Program Files\dotnet\sdk\10.0.201\Microsoft.Common.CurrentVersion.targets(2451,5): warning MSB3277:             C:\Program Files\dotnet\packs\Microsoft.NETCore.App.Ref\8.0.25\ref/net8.0/System.Data.dll [C:\Users\ultra\warewolf\Dev\Dev2.Studio.Core.Tests\Dev2.Studio.Core.Tests.csproj]
C:\Program Files\dotnet\sdk\10.0.201\Microsoft.Common.CurrentVersion.targets(2451,5): warning MSB3277:             C:\Users\ultra\.nuget\packages\taskschedulereditor\2.10.1\lib\net452\Microsoft.Win32.TaskSchedulerEditor.dll [C:\Users\ultra\warewolf\Dev\Dev2.Studio.Core.Tests\Dev2.Studio.Core.Tests.csproj]
C:\Program Files\dotnet\sdk\10.0.201\Microsoft.Common.CurrentVersion.targets(2451,5): warning MSB3277:             C:\Program Files\dotnet\packs\Microsoft.NETCore.App.Ref\8.0.25\ref/net8.0/System.Drawing.dll [C:\Users\ultra\warewolf\Dev\Dev2.Studio.Core.Tests\Dev2.Studio.Core.Tests.csproj]
C:\Program Files\dotnet\sdk\10.0.201\Microsoft.Common.CurrentVersion.targets(2451,5): warning MSB3277:             C:\Users\ultra\.nuget\packages\aerowizard\2.3.1\lib\net45\AeroWizard.dll [C:\Users\ultra\warewolf\Dev\Dev2.Studio.Core.Tests\Dev2.Studio.Core.Tests.csproj]
C:\Program Files\dotnet\sdk\10.0.201\Microsoft.Common.CurrentVersion.targets(2451,5): warning MSB3277:             C:\Users\ultra\.nuget\packages\avalonedit\6.3.0.90\lib\net462\ICSharpCode.AvalonEdit.dll [C:\Users\ultra\warewolf\Dev\Dev2.Studio.Core.Tests\Dev2.Studio.Core.Tests.csproj]
C:\Program Files\dotnet\sdk\10.0.201\Microsoft.Common.CurrentVersion.targets(2451,5): warning MSB3277:             C:\Users\ultra\.nuget\packages\groupcontrols\1.9.0\lib\net45\GroupControls.dll [C:\Users\ultra\warewolf\Dev\Dev2.Studio.Core.Tests\Dev2.Studio.Core.Tests.csproj]
C:\Program Files\dotnet\sdk\10.0.201\Microsoft.Common.CurrentVersion.targets(2451,5): warning MSB3277:             C:\Program Files\dotnet\packs\Microsoft.NETCore.App.Ref\8.0.25\ref/net8.0/System.Net.dll [C:\Users\ultra\warewolf\Dev\Dev2.Studio.Core.Tests\Dev2.Studio.Core.Tests.csproj]
C:\Program Files\dotnet\sdk\10.0.201\Microsoft.Common.CurrentVersion.targets(2451,5): warning MSB3277:             C:\Program Files\dotnet\packs\Microsoft.NETCore.App.Ref\8.0.25\ref/net8.0/System.Security.dll [C:\Users\ultra\warewolf\Dev\Dev2.Studio.Core.Tests\Dev2.Studio.Core.Tests.csproj]
C:\Program Files\dotnet\sdk\10.0.201\Microsoft.Common.CurrentVersion.targets(2451,5): warning MSB3277:             C:\Program Files\dotnet\packs\Microsoft.NETCore.App.Ref\8.0.25\ref/net8.0/System.ServiceProcess.dll [C:\Users\ultra\warewolf\Dev\Dev2.Studio.Core.Tests\Dev2.Studio.Core.Tests.csproj]
C:\Program Files\dotnet\sdk\10.0.201\Microsoft.Common.CurrentVersion.targets(2451,5): warning MSB3277:             C:\Program Files\dotnet\packs\Microsoft.NETCore.App.Ref\8.0.25\ref/net8.0/System.Transactions.dll [C:\Users\ultra\warewolf\Dev\Dev2.Studio.Core.Tests\Dev2.Studio.Core.Tests.csproj]
C:\Program Files\dotnet\sdk\10.0.201\Microsoft.Common.CurrentVersion.targets(2451,5): warning MSB3277:             C:\Program Files\dotnet\packs\Microsoft.NETCore.App.Ref\8.0.25\ref/net8.0/System.dll [C:\Users\ultra\warewolf\Dev\Dev2.Studio.Core.Tests\Dev2.Studio.Core.Tests.csproj]
C:\Program Files\dotnet\sdk\10.0.201\Microsoft.Common.CurrentVersion.targets(2451,5): warning MSB3277:             C:\Users\ultra\.nuget\packages\fontawesome.wpf\4.7.0.9\lib\net40\FontAwesome.WPF.dll [C:\Users\ultra\warewolf\Dev\Dev2.Studio.Core.Tests\Dev2.Studio.Core.Tests.csproj]
C:\Program Files\dotnet\sdk\10.0.201\Microsoft.Common.CurrentVersion.targets(2451,5): warning MSB3277:             C:\Users\ultra\.nuget\packages\log4net.async\2.0.4\lib\net40\Log4Net.Async.dll [C:\Users\ultra\warewolf\Dev\Dev2.Studio.Core.Tests\Dev2.Studio.Core.Tests.csproj]
C:\Program Files\dotnet\sdk\10.0.201\Microsoft.Common.CurrentVersion.targets(2451,5): warning MSB3277:             C:\Users\ultra\.nuget\packages\microsoft.xaml.behaviors.wpf\1.1.122\lib\net462\Microsoft.Xaml.Behaviors.dll [C:\Users\ultra\warewolf\Dev\Dev2.Studio.Core.Tests\Dev2.Studio.Core.Tests.csproj]
C:\Program Files\dotnet\sdk\10.0.201\Microsoft.Common.CurrentVersion.targets(2451,5): warning MSB3277:             C:\Users\ultra\.nuget\packages\caliburn.micro\4.0.212\lib\netcoreapp3.1\Caliburn.Micro.Platform.dll [C:\Users\ultra\warewolf\Dev\Dev2.Studio.Core.Tests\Dev2.Studio.Core.Tests.csproj]
C:\Program Files\dotnet\sdk\10.0.201\Microsoft.Common.CurrentVersion.targets(2451,5): warning MSB3277:             C:\Users\ultra\.nuget\packages\prism.interactivity\5.0.0\lib\NET45\Microsoft.Practices.Prism.Interactivity.dll [C:\Users\ultra\warewolf\Dev\Dev2.Studio.Core.Tests\Dev2.Studio.Core.Tests.csproj]
C:\Program Files\dotnet\sdk\10.0.201\Microsoft.Common.CurrentVersion.targets(2451,5): warning MSB3277:             C:\Users\ultra\.nuget\packages\prism.mvvm\1.0.0\lib\net45\Microsoft.Practices.Prism.Mvvm.Desktop.dll [C:\Users\ultra\warewolf\Dev\Dev2.Studio.Core.Tests\Dev2.Studio.Core.Tests.csproj]
C:\Program Files\dotnet\sdk\10.0.201\Microsoft.Common.CurrentVersion.targets(2451,5): warning MSB3277:             C:\Users\ultra\.nuget\packages\reactiveui.wpf\18.4.1\lib\net462\ReactiveUI.Wpf.dll [C:\Users\ultra\warewolf\Dev\Dev2.Studio.Core.Tests\Dev2.Studio.Core.Tests.csproj]
C:\Program Files\dotnet\sdk\10.0.201\Microsoft.Common.CurrentVersion.targets(2451,5): warning MSB3277:             C:\Users\ultra\.nuget\packages\ttcue.netcore.sharepointonline.csom.16.1.8029.1200\16.1.8029.1200\lib\netcoreapp2.0\Microsoft.SharePoint.Client.Runtime.Windows.dll [C:\Users\ultra\warewolf\Dev\Dev2.Studio.Core.Tests\Dev2.Studio.Core.Tests.csproj]
C:\Program Files\dotnet\sdk\10.0.201\Microsoft.Common.CurrentVersion.targets(2451,5): warning MSB3277:             C:\Program Files\dotnet\packs\Microsoft.NETCore.App.Ref\8.0.25\ref/net8.0/WindowsBase.dll [C:\Users\ultra\warewolf\Dev\Dev2.Studio.Core.Tests\Dev2.Studio.Core.Tests.csproj]
C:\Program Files\dotnet\sdk\10.0.201\Microsoft.Common.CurrentVersion.targets(2451,5): warning MSB3277:             C:\Program Files\dotnet\packs\Microsoft.NETCore.App.Ref\8.0.25\ref/net8.0/mscorlib.dll [C:\Users\ultra\warewolf\Dev\Dev2.Studio.Core.Tests\Dev2.Studio.Core.Tests.csproj]
C:\Program Files\dotnet\sdk\10.0.201\Microsoft.Common.CurrentVersion.targets(2451,5): warning MSB3277:             C:\Users\ultra\.nuget\packages\hangfire.core\1.7.32\lib\netstandard2.0\Hangfire.Core.dll [C:\Users\ultra\warewolf\Dev\Dev2.Studio.Core.Tests\Dev2.Studio.Core.Tests.csproj]
C:\Program Files\dotnet\sdk\10.0.201\Microsoft.Common.CurrentVersion.targets(2451,5): warning MSB3277:             C:\Users\ultra\.nuget\packages\hangfire.aspnetcore\1.7.32\lib\netcoreapp3.0\Hangfire.AspNetCore.dll [C:\Users\ultra\warewolf\Dev\Dev2.Studio.Core.Tests\Dev2.Studio.Core.Tests.csproj]
C:\Program Files\dotnet\sdk\10.0.201\Microsoft.Common.CurrentVersion.targets(2451,5): warning MSB3277:             C:\Users\ultra\.nuget\packages\hangfire.sqlserver\1.7.32\lib\netstandard2.0\Hangfire.SqlServer.dll [C:\Users\ultra\warewolf\Dev\Dev2.Studio.Core.Tests\Dev2.Studio.Core.Tests.csproj]
C:\Program Files\dotnet\sdk\10.0.201\Microsoft.Common.CurrentVersion.targets(2451,5): warning MSB3277:             C:\Users\ultra\.nuget\packages\microsoft.codecoverage\17.13.0\lib\netcoreapp3.1\Microsoft.VisualStudio.CodeCoverage.Shim.dll [C:\Users\ultra\warewolf\Dev\Dev2.Studio.Core.Tests\Dev2.Studio.Core.Tests.csproj]
C:\Program Files\dotnet\sdk\10.0.201\Microsoft.Common.CurrentVersion.targets(2451,5): warning MSB3277:             C:\Users\ultra\.nuget\packages\unofficial.microsoft.mshtml\7.0.3300\lib\net40\Microsoft.mshtml.dll [C:\Users\ultra\warewolf\Dev\Dev2.Studio.Core.Tests\Dev2.Studio.Core.Tests.csproj]
C:\Program Files\dotnet\sdk\10.0.201\Microsoft.Common.CurrentVersion.targets(2451,5): warning MSB3277:         C:\Program Files\dotnet\packs\Microsoft.NETCore.App.Ref\8.0.25\ref\net8.0\System.Drawing.dll [C:\Users\ultra\warewolf\Dev\Dev2.Studio.Core.Tests\Dev2.Studio.Core.Tests.csproj]
C:\Program Files\dotnet\sdk\10.0.201\Microsoft.Common.CurrentVersion.targets(2451,5): warning MSB3277:           Project file item includes which caused reference "C:\Program Files\dotnet\packs\Microsoft.NETCore.App.Ref\8.0.25\ref\net8.0\System.Drawing.dll". [C:\Users\ultra\warewolf\Dev\Dev2.Studio.Core.Tests\Dev2.Studio.Core.Tests.csproj]
C:\Program Files\dotnet\sdk\10.0.201\Microsoft.Common.CurrentVersion.targets(2451,5): warning MSB3277:             C:\Program Files\dotnet\packs\Microsoft.NETCore.App.Ref\8.0.25\ref/net8.0/System.Drawing.dll [C:\Users\ultra\warewolf\Dev\Dev2.Studio.Core.Tests\Dev2.Studio.Core.Tests.csproj]
C:\Program Files\dotnet\sdk\10.0.201\Microsoft.Common.CurrentVersion.targets(2451,5): warning MSB3277:             C:\Users\ultra\.nuget\packages\aerowizard\2.3.1\lib\net45\AeroWizard.dll [C:\Users\ultra\warewolf\Dev\Dev2.Studio.Core.Tests\Dev2.Studio.Core.Tests.csproj]
C:\Program Files\dotnet\sdk\10.0.201\Microsoft.Common.CurrentVersion.targets(2451,5): warning MSB3277:             C:\Users\ultra\.nuget\packages\avalonedit\6.3.0.90\lib\net462\ICSharpCode.AvalonEdit.dll [C:\Users\ultra\warewolf\Dev\Dev2.Studio.Core.Tests\Dev2.Studio.Core.Tests.csproj]
C:\Program Files\dotnet\sdk\10.0.201\Microsoft.Common.CurrentVersion.targets(2451,5): warning MSB3277:             C:\Users\ultra\.nuget\packages\groupcontrols\1.9.0\lib\net45\GroupControls.dll [C:\Users\ultra\warewolf\Dev\Dev2.Studio.Core.Tests\Dev2.Studio.Core.Tests.csproj]
C:\Program Files\dotnet\sdk\10.0.201\Microsoft.Common.CurrentVersion.targets(2451,5): warning MSB3277:             C:\Users\ultra\.nuget\packages\taskschedulereditor\2.10.1\lib\net452\Microsoft.Win32.TaskSchedulerEditor.dll [C:\Users\ultra\warewolf\Dev\Dev2.Studio.Core.Tests\Dev2.Studio.Core.Tests.csproj]
  Dev2.Studio.Core.Tests -> C:\Users\ultra\warewolf\Dev\Dev2.Studio.Core.Tests\bin\Debug\net8.0\Dev2.Studio.Core.Tests.dll
C:\Program Files\dotnet\sdk\10.0.201\Microsoft.Common.CurrentVersion.targets(2451,5): warning MSB3277: Found conflicts between different versions of "WindowsBase" that could not be resolved. [C:\Users\ultra\warewolf\Dev\TestBase\TestBase.csproj]
C:\Program Files\dotnet\sdk\10.0.201\Microsoft.Common.CurrentVersion.targets(2451,5): warning MSB3277: There was a conflict between "WindowsBase, Version=4.0.0.0, Culture=neutral, PublicKeyToken=31bf3856ad364e35" and "WindowsBase, Version=6.0.2.0, Culture=neutral, PublicKeyToken=31bf3856ad364e35". [C:\Users\ultra\warewolf\Dev\TestBase\TestBase.csproj]
C:\Program Files\dotnet\sdk\10.0.201\Microsoft.Common.CurrentVersion.targets(2451,5): warning MSB3277:     "WindowsBase, Version=4.0.0.0, Culture=neutral, PublicKeyToken=31bf3856ad364e35" was chosen because it was primary and "WindowsBase, Version=6.0.2.0, Culture=neutral, PublicKeyToken=31bf3856ad364e35" was not. [C:\Users\ultra\warewolf\Dev\TestBase\TestBase.csproj]
C:\Program Files\dotnet\sdk\10.0.201\Microsoft.Common.CurrentVersion.targets(2451,5): warning MSB3277:     References which depend on "WindowsBase, Version=4.0.0.0, Culture=neutral, PublicKeyToken=31bf3856ad364e35" [C:\Program Files\dotnet\packs\Microsoft.NETCore.App.Ref\8.0.25\ref\net8.0\WindowsBase.dll]. [C:\Users\ultra\warewolf\Dev\TestBase\TestBase.csproj]
C:\Program Files\dotnet\sdk\10.0.201\Microsoft.Common.CurrentVersion.targets(2451,5): warning MSB3277:         C:\Program Files\dotnet\packs\Microsoft.NETCore.App.Ref\8.0.25\ref\net8.0\WindowsBase.dll [C:\Users\ultra\warewolf\Dev\TestBase\TestBase.csproj]
C:\Program Files\dotnet\sdk\10.0.201\Microsoft.Common.CurrentVersion.targets(2451,5): warning MSB3277:           Project file item includes which caused reference "C:\Program Files\dotnet\packs\Microsoft.NETCore.App.Ref\8.0.25\ref\net8.0\WindowsBase.dll". [C:\Users\ultra\warewolf\Dev\TestBase\TestBase.csproj]
C:\Program Files\dotnet\sdk\10.0.201\Microsoft.Common.CurrentVersion.targets(2451,5): warning MSB3277:             C:\Program Files\dotnet\packs\Microsoft.NETCore.App.Ref\8.0.25\ref/net8.0/WindowsBase.dll [C:\Users\ultra\warewolf\Dev\TestBase\TestBase.csproj]
C:\Program Files\dotnet\sdk\10.0.201\Microsoft.Common.CurrentVersion.targets(2451,5): warning MSB3277:     References which depend on or have been unified to "WindowsBase, Version=6.0.2.0, Culture=neutral, PublicKeyToken=31bf3856ad364e35" []. [C:\Users\ultra\warewolf\Dev\TestBase\TestBase.csproj]
C:\Program Files\dotnet\sdk\10.0.201\Microsoft.Common.CurrentVersion.targets(2451,5): warning MSB3277:         C:\Users\ultra\.nuget\packages\avalonedit\6.3.0.90\lib\net462\ICSharpCode.AvalonEdit.dll [C:\Users\ultra\warewolf\Dev\TestBase\TestBase.csproj]
C:\Program Files\dotnet\sdk\10.0.201\Microsoft.Common.CurrentVersion.targets(2451,5): warning MSB3277:           Project file item includes which caused reference "C:\Users\ultra\.nuget\packages\avalonedit\6.3.0.90\lib\net462\ICSharpCode.AvalonEdit.dll". [C:\Users\ultra\warewolf\Dev\TestBase\TestBase.csproj]
C:\Program Files\dotnet\sdk\10.0.201\Microsoft.Common.CurrentVersion.targets(2451,5): warning MSB3277:             C:\Users\ultra\.nuget\packages\avalonedit\6.3.0.90\lib\net462\ICSharpCode.AvalonEdit.dll [C:\Users\ultra\warewolf\Dev\TestBase\TestBase.csproj]
C:\Program Files\dotnet\sdk\10.0.201\Microsoft.Common.CurrentVersion.targets(2451,5): warning MSB3277:         C:\Users\ultra\.nuget\packages\caliburn.micro\4.0.212\lib\netcoreapp3.1\Caliburn.Micro.Platform.dll [C:\Users\ultra\warewolf\Dev\TestBase\TestBase.csproj]
C:\Program Files\dotnet\sdk\10.0.201\Microsoft.Common.CurrentVersion.targets(2451,5): warning MSB3277:           Project file item includes which caused reference "C:\Users\ultra\.nuget\packages\caliburn.micro\4.0.212\lib\netcoreapp3.1\Caliburn.Micro.Platform.dll". [C:\Users\ultra\warewolf\Dev\TestBase\TestBase.csproj]
C:\Program Files\dotnet\sdk\10.0.201\Microsoft.Common.CurrentVersion.targets(2451,5): warning MSB3277:             C:\Users\ultra\.nuget\packages\caliburn.micro\4.0.212\lib\netcoreapp3.1\Caliburn.Micro.Platform.dll [C:\Users\ultra\warewolf\Dev\TestBase\TestBase.csproj]
C:\Program Files\dotnet\sdk\10.0.201\Microsoft.Common.CurrentVersion.targets(2451,5): warning MSB3277:         C:\Users\ultra\.nuget\packages\extended.wpf.toolkit\4.4.0\lib\net5.0\Xceed.Wpf.AvalonDock.NET5.dll [C:\Users\ultra\warewolf\Dev\TestBase\TestBase.csproj]
C:\Program Files\dotnet\sdk\10.0.201\Microsoft.Common.CurrentVersion.targets(2451,5): warning MSB3277:           Project file item includes which caused reference "C:\Users\ultra\.nuget\packages\extended.wpf.toolkit\4.4.0\lib\net5.0\Xceed.Wpf.AvalonDock.NET5.dll". [C:\Users\ultra\warewolf\Dev\TestBase\TestBase.csproj]
C:\Program Files\dotnet\sdk\10.0.201\Microsoft.Common.CurrentVersion.targets(2451,5): warning MSB3277:             C:\Users\ultra\.nuget\packages\extended.wpf.toolkit\4.4.0\lib\net5.0\Xceed.Wpf.AvalonDock.NET5.dll [C:\Users\ultra\warewolf\Dev\TestBase\TestBase.csproj]
C:\Program Files\dotnet\sdk\10.0.201\Microsoft.Common.CurrentVersion.targets(2451,5): warning MSB3277:             C:\Users\ultra\.nuget\packages\extended.wpf.toolkit\4.4.0\lib\net5.0\Xceed.Wpf.AvalonDock.Themes.Aero.NET5.dll [C:\Users\ultra\warewolf\Dev\TestBase\TestBase.csproj]
C:\Program Files\dotnet\sdk\10.0.201\Microsoft.Common.CurrentVersion.targets(2451,5): warning MSB3277:             C:\Users\ultra\.nuget\packages\extended.wpf.toolkit\4.4.0\lib\net5.0\Xceed.Wpf.AvalonDock.Themes.Metro.NET5.dll [C:\Users\ultra\warewolf\Dev\TestBase\TestBase.csproj]
C:\Program Files\dotnet\sdk\10.0.201\Microsoft.Common.CurrentVersion.targets(2451,5): warning MSB3277:             C:\Users\ultra\.nuget\packages\extended.wpf.toolkit\4.4.0\lib\net5.0\Xceed.Wpf.AvalonDock.Themes.VS2010.NET5.dll [C:\Users\ultra\warewolf\Dev\TestBase\TestBase.csproj]
C:\Program Files\dotnet\sdk\10.0.201\Microsoft.Common.CurrentVersion.targets(2451,5): warning MSB3277:         C:\Users\ultra\.nuget\packages\extended.wpf.toolkit\4.4.0\lib\net5.0\Xceed.Wpf.AvalonDock.Themes.Aero.NET5.dll [C:\Users\ultra\warewolf\Dev\TestBase\TestBase.csproj]
C:\Program Files\dotnet\sdk\10.0.201\Microsoft.Common.CurrentVersion.targets(2451,5): warning MSB3277:           Project file item includes which caused reference "C:\Users\ultra\.nuget\packages\extended.wpf.toolkit\4.4.0\lib\net5.0\Xceed.Wpf.AvalonDock.Themes.Aero.NET5.dll". [C:\Users\ultra\warewolf\Dev\TestBase\TestBase.csproj]
C:\Program Files\dotnet\sdk\10.0.201\Microsoft.Common.CurrentVersion.targets(2451,5): warning MSB3277:             C:\Users\ultra\.nuget\packages\extended.wpf.toolkit\4.4.0\lib\net5.0\Xceed.Wpf.AvalonDock.Themes.Aero.NET5.dll [C:\Users\ultra\warewolf\Dev\TestBase\TestBase.csproj]
C:\Program Files\dotnet\sdk\10.0.201\Microsoft.Common.CurrentVersion.targets(2451,5): warning MSB3277:         C:\Users\ultra\.nuget\packages\extended.wpf.toolkit\4.4.0\lib\net5.0\Xceed.Wpf.Toolkit.NET5.dll [C:\Users\ultra\warewolf\Dev\TestBase\TestBase.csproj]
C:\Program Files\dotnet\sdk\10.0.201\Microsoft.Common.CurrentVersion.targets(2451,5): warning MSB3277:           Project file item includes which caused reference "C:\Users\ultra\.nuget\packages\extended.wpf.toolkit\4.4.0\lib\net5.0\Xceed.Wpf.Toolkit.NET5.dll". [C:\Users\ultra\warewolf\Dev\TestBase\TestBase.csproj]
C:\Program Files\dotnet\sdk\10.0.201\Microsoft.Common.CurrentVersion.targets(2451,5): warning MSB3277:             C:\Users\ultra\.nuget\packages\extended.wpf.toolkit\4.4.0\lib\net5.0\Xceed.Wpf.Toolkit.NET5.dll [C:\Users\ultra\warewolf\Dev\TestBase\TestBase.csproj]
C:\Program Files\dotnet\sdk\10.0.201\Microsoft.Common.CurrentVersion.targets(2451,5): warning MSB3277:         C:\Users\ultra\.nuget\packages\fontawesome.wpf\4.7.0.9\lib\net40\FontAwesome.WPF.dll [C:\Users\ultra\warewolf\Dev\TestBase\TestBase.csproj]
C:\Program Files\dotnet\sdk\10.0.201\Microsoft.Common.CurrentVersion.targets(2451,5): warning MSB3277:           Project file item includes which caused reference "C:\Users\ultra\.nuget\packages\fontawesome.wpf\4.7.0.9\lib\net40\FontAwesome.WPF.dll". [C:\Users\ultra\warewolf\Dev\TestBase\TestBase.csproj]
C:\Program Files\dotnet\sdk\10.0.201\Microsoft.Common.CurrentVersion.targets(2451,5): warning MSB3277:             C:\Users\ultra\.nuget\packages\fontawesome.wpf\4.7.0.9\lib\net40\FontAwesome.WPF.dll [C:\Users\ultra\warewolf\Dev\TestBase\TestBase.csproj]
C:\Program Files\dotnet\sdk\10.0.201\Microsoft.Common.CurrentVersion.targets(2451,5): warning MSB3277:         C:\Users\ultra\.nuget\packages\ironpython\3.4.0\lib\net6.0\IronPython.Wpf.dll [C:\Users\ultra\warewolf\Dev\TestBase\TestBase.csproj]
C:\Program Files\dotnet\sdk\10.0.201\Microsoft.Common.CurrentVersion.targets(2451,5): warning MSB3277:           Project file item includes which caused reference "C:\Users\ultra\.nuget\packages\ironpython\3.4.0\lib\net6.0\IronPython.Wpf.dll". [C:\Users\ultra\warewolf\Dev\TestBase\TestBase.csproj]
C:\Program Files\dotnet\sdk\10.0.201\Microsoft.Common.CurrentVersion.targets(2451,5): warning MSB3277:             C:\Users\ultra\.nuget\packages\ironpython\3.4.0\lib\net6.0\IronPython.Wpf.dll [C:\Users\ultra\warewolf\Dev\TestBase\TestBase.csproj]
C:\Program Files\dotnet\sdk\10.0.201\Microsoft.Common.CurrentVersion.targets(2451,5): warning MSB3277:         C:\Users\ultra\.nuget\packages\microsoft.xaml.behaviors.wpf\1.1.122\lib\net462\Microsoft.Xaml.Behaviors.dll [C:\Users\ultra\warewolf\Dev\TestBase\TestBase.csproj]
C:\Program Files\dotnet\sdk\10.0.201\Microsoft.Common.CurrentVersion.targets(2451,5): warning MSB3277:           Project file item includes which caused reference "C:\Users\ultra\.nuget\packages\microsoft.xaml.behaviors.wpf\1.1.122\lib\net462\Microsoft.Xaml.Behaviors.dll". [C:\Users\ultra\warewolf\Dev\TestBase\TestBase.csproj]
C:\Program Files\dotnet\sdk\10.0.201\Microsoft.Common.CurrentVersion.targets(2451,5): warning MSB3277:             C:\Users\ultra\.nuget\packages\microsoft.xaml.behaviors.wpf\1.1.122\lib\net462\Microsoft.Xaml.Behaviors.dll [C:\Users\ultra\warewolf\Dev\TestBase\TestBase.csproj]
C:\Program Files\dotnet\sdk\10.0.201\Microsoft.Common.CurrentVersion.targets(2451,5): warning MSB3277:             C:\Users\ultra\.nuget\packages\caliburn.micro\4.0.212\lib\netcoreapp3.1\Caliburn.Micro.Platform.dll [C:\Users\ultra\warewolf\Dev\TestBase\TestBase.csproj]
C:\Program Files\dotnet\sdk\10.0.201\Microsoft.Common.CurrentVersion.targets(2451,5): warning MSB3277:             C:\Users\ultra\.nuget\packages\prism.wpf\9.0.537\lib\net462\Prism.Wpf.dll [C:\Users\ultra\warewolf\Dev\TestBase\TestBase.csproj]
C:\Program Files\dotnet\sdk\10.0.201\Microsoft.Common.CurrentVersion.targets(2451,5): warning MSB3277:         C:\Users\ultra\.nuget\packages\prism.composition\5.0.0\lib\NET45\Microsoft.Practices.Prism.Composition.dll [C:\Users\ultra\warewolf\Dev\TestBase\TestBase.csproj]
C:\Program Files\dotnet\sdk\10.0.201\Microsoft.Common.CurrentVersion.targets(2451,5): warning MSB3277:           Project file item includes which caused reference "C:\Users\ultra\.nuget\packages\prism.composition\5.0.0\lib\NET45\Microsoft.Practices.Prism.Composition.dll". [C:\Users\ultra\warewolf\Dev\TestBase\TestBase.csproj]
C:\Program Files\dotnet\sdk\10.0.201\Microsoft.Common.CurrentVersion.targets(2451,5): warning MSB3277:             C:\Users\ultra\.nuget\packages\prism.composition\5.0.0\lib\NET45\Microsoft.Practices.Prism.Composition.dll [C:\Users\ultra\warewolf\Dev\TestBase\TestBase.csproj]
C:\Program Files\dotnet\sdk\10.0.201\Microsoft.Common.CurrentVersion.targets(2451,5): warning MSB3277:             C:\Users\ultra\.nuget\packages\prism.unityextensions\5.0.1\lib\NET45\Microsoft.Practices.Prism.UnityExtensions.dll [C:\Users\ultra\warewolf\Dev\TestBase\TestBase.csproj]
C:\Program Files\dotnet\sdk\10.0.201\Microsoft.Common.CurrentVersion.targets(2451,5): warning MSB3277:         C:\Users\ultra\.nuget\packages\prism.interactivity\5.0.0\lib\NET45\Microsoft.Practices.Prism.Interactivity.dll [C:\Users\ultra\warewolf\Dev\TestBase\TestBase.csproj]
C:\Program Files\dotnet\sdk\10.0.201\Microsoft.Common.CurrentVersion.targets(2451,5): warning MSB3277:           Project file item includes which caused reference "C:\Users\ultra\.nuget\packages\prism.interactivity\5.0.0\lib\NET45\Microsoft.Practices.Prism.Interactivity.dll". [C:\Users\ultra\warewolf\Dev\TestBase\TestBase.csproj]
C:\Program Files\dotnet\sdk\10.0.201\Microsoft.Common.CurrentVersion.targets(2451,5): warning MSB3277:             C:\Users\ultra\.nuget\packages\prism.interactivity\5.0.0\lib\NET45\Microsoft.Practices.Prism.Interactivity.dll [C:\Users\ultra\warewolf\Dev\TestBase\TestBase.csproj]
C:\Program Files\dotnet\sdk\10.0.201\Microsoft.Common.CurrentVersion.targets(2451,5): warning MSB3277:         C:\Users\ultra\.nuget\packages\prism.mvvm\1.0.0\lib\net45\Microsoft.Practices.Prism.Mvvm.Desktop.dll [C:\Users\ultra\warewolf\Dev\TestBase\TestBase.csproj]
C:\Program Files\dotnet\sdk\10.0.201\Microsoft.Common.CurrentVersion.targets(2451,5): warning MSB3277:           Project file item includes which caused reference "C:\Users\ultra\.nuget\packages\prism.mvvm\1.0.0\lib\net45\Microsoft.Practices.Prism.Mvvm.Desktop.dll". [C:\Users\ultra\warewolf\Dev\TestBase\TestBase.csproj]
C:\Program Files\dotnet\sdk\10.0.201\Microsoft.Common.CurrentVersion.targets(2451,5): warning MSB3277:             C:\Users\ultra\.nuget\packages\prism.mvvm\1.0.0\lib\net45\Microsoft.Practices.Prism.Mvvm.Desktop.dll [C:\Users\ultra\warewolf\Dev\TestBase\TestBase.csproj]
C:\Program Files\dotnet\sdk\10.0.201\Microsoft.Common.CurrentVersion.targets(2451,5): warning MSB3277:         C:\Users\ultra\.nuget\packages\prism.unityextensions\5.0.1\lib\NET45\Microsoft.Practices.Prism.UnityExtensions.dll [C:\Users\ultra\warewolf\Dev\TestBase\TestBase.csproj]
C:\Program Files\dotnet\sdk\10.0.201\Microsoft.Common.CurrentVersion.targets(2451,5): warning MSB3277:           Project file item includes which caused reference "C:\Users\ultra\.nuget\packages\prism.unityextensions\5.0.1\lib\NET45\Microsoft.Practices.Prism.UnityExtensions.dll". [C:\Users\ultra\warewolf\Dev\TestBase\TestBase.csproj]
C:\Program Files\dotnet\sdk\10.0.201\Microsoft.Common.CurrentVersion.targets(2451,5): warning MSB3277:             C:\Users\ultra\.nuget\packages\prism.unityextensions\5.0.1\lib\NET45\Microsoft.Practices.Prism.UnityExtensions.dll [C:\Users\ultra\warewolf\Dev\TestBase\TestBase.csproj]
C:\Program Files\dotnet\sdk\10.0.201\Microsoft.Common.CurrentVersion.targets(2451,5): warning MSB3277:         C:\Users\ultra\.nuget\packages\prism.wpf\9.0.537\lib\net462\Prism.Wpf.dll [C:\Users\ultra\warewolf\Dev\TestBase\TestBase.csproj]
C:\Program Files\dotnet\sdk\10.0.201\Microsoft.Common.CurrentVersion.targets(2451,5): warning MSB3277:           Project file item includes which caused reference "C:\Users\ultra\.nuget\packages\prism.wpf\9.0.537\lib\net462\Prism.Wpf.dll". [C:\Users\ultra\warewolf\Dev\TestBase\TestBase.csproj]
C:\Program Files\dotnet\sdk\10.0.201\Microsoft.Common.CurrentVersion.targets(2451,5): warning MSB3277:             C:\Users\ultra\.nuget\packages\prism.wpf\9.0.537\lib\net462\Prism.Wpf.dll [C:\Users\ultra\warewolf\Dev\TestBase\TestBase.csproj]
C:\Program Files\dotnet\sdk\10.0.201\Microsoft.Common.CurrentVersion.targets(2451,5): warning MSB3277:         C:\Users\ultra\.nuget\packages\reactiveui.wpf\18.4.1\lib\net462\ReactiveUI.Wpf.dll [C:\Users\ultra\warewolf\Dev\TestBase\TestBase.csproj]
C:\Program Files\dotnet\sdk\10.0.201\Microsoft.Common.CurrentVersion.targets(2451,5): warning MSB3277:           Project file item includes which caused reference "C:\Users\ultra\.nuget\packages\reactiveui.wpf\18.4.1\lib\net462\ReactiveUI.Wpf.dll". [C:\Users\ultra\warewolf\Dev\TestBase\TestBase.csproj]
C:\Program Files\dotnet\sdk\10.0.201\Microsoft.Common.CurrentVersion.targets(2451,5): warning MSB3277:             C:\Users\ultra\.nuget\packages\reactiveui.wpf\18.4.1\lib\net462\ReactiveUI.Wpf.dll [C:\Users\ultra\warewolf\Dev\TestBase\TestBase.csproj]
C:\Program Files\dotnet\sdk\10.0.201\Microsoft.Common.CurrentVersion.targets(2451,5): warning MSB3277: Found conflicts between different versions of "System.Drawing.Common" that could not be resolved. [C:\Users\ultra\warewolf\Dev\TestBase\TestBase.csproj]
C:\Program Files\dotnet\sdk\10.0.201\Microsoft.Common.CurrentVersion.targets(2451,5): warning MSB3277: There was a conflict between "System.Drawing.Common, Version=6.0.0.0, Culture=neutral, PublicKeyToken=cc7b13ffcd2ddd51" and "System.Drawing.Common, Version=8.0.0.0, Culture=neutral, PublicKeyToken=cc7b13ffcd2ddd51". [C:\Users\ultra\warewolf\Dev\TestBase\TestBase.csproj]
C:\Program Files\dotnet\sdk\10.0.201\Microsoft.Common.CurrentVersion.targets(2451,5): warning MSB3277:     "System.Drawing.Common, Version=6.0.0.0, Culture=neutral, PublicKeyToken=cc7b13ffcd2ddd51" was chosen because it was primary and "System.Drawing.Common, Version=8.0.0.0, Culture=neutral, PublicKeyToken=cc7b13ffcd2ddd51" was not. [C:\Users\ultra\warewolf\Dev\TestBase\TestBase.csproj]
C:\Program Files\dotnet\sdk\10.0.201\Microsoft.Common.CurrentVersion.targets(2451,5): warning MSB3277:     References which depend on "System.Drawing.Common, Version=6.0.0.0, Culture=neutral, PublicKeyToken=cc7b13ffcd2ddd51" [C:\Users\ultra\.nuget\packages\system.drawing.common\6.0.0\lib\net6.0\System.Drawing.Common.dll]. [C:\Users\ultra\warewolf\Dev\TestBase\TestBase.csproj]
C:\Program Files\dotnet\sdk\10.0.201\Microsoft.Common.CurrentVersion.targets(2451,5): warning MSB3277:         C:\Users\ultra\.nuget\packages\system.drawing.common\6.0.0\lib\net6.0\System.Drawing.Common.dll [C:\Users\ultra\warewolf\Dev\TestBase\TestBase.csproj]
C:\Program Files\dotnet\sdk\10.0.201\Microsoft.Common.CurrentVersion.targets(2451,5): warning MSB3277:           Project file item includes which caused reference "C:\Users\ultra\.nuget\packages\system.drawing.common\6.0.0\lib\net6.0\System.Drawing.Common.dll". [C:\Users\ultra\warewolf\Dev\TestBase\TestBase.csproj]
C:\Program Files\dotnet\sdk\10.0.201\Microsoft.Common.CurrentVersion.targets(2451,5): warning MSB3277:             C:\Users\ultra\.nuget\packages\system.drawing.common\6.0.0\lib\net6.0\System.Drawing.Common.dll [C:\Users\ultra\warewolf\Dev\TestBase\TestBase.csproj]
C:\Program Files\dotnet\sdk\10.0.201\Microsoft.Common.CurrentVersion.targets(2451,5): warning MSB3277:     References which depend on or have been unified to "System.Drawing.Common, Version=8.0.0.0, Culture=neutral, PublicKeyToken=cc7b13ffcd2ddd51" []. [C:\Users\ultra\warewolf\Dev\TestBase\TestBase.csproj]
C:\Program Files\dotnet\sdk\10.0.201\Microsoft.Common.CurrentVersion.targets(2451,5): warning MSB3277:         C:\Users\ultra\.nuget\packages\servicestack\6.3.0\lib\net6.0\ServiceStack.dll [C:\Users\ultra\warewolf\Dev\TestBase\TestBase.csproj]
C:\Program Files\dotnet\sdk\10.0.201\Microsoft.Common.CurrentVersion.targets(2451,5): warning MSB3277:           Project file item includes which caused reference "C:\Users\ultra\.nuget\packages\servicestack\6.3.0\lib\net6.0\ServiceStack.dll". [C:\Users\ultra\warewolf\Dev\TestBase\TestBase.csproj]
C:\Program Files\dotnet\sdk\10.0.201\Microsoft.Common.CurrentVersion.targets(2451,5): warning MSB3277:             C:\Users\ultra\.nuget\packages\servicestack\6.3.0\lib\net6.0\ServiceStack.dll [C:\Users\ultra\warewolf\Dev\TestBase\TestBase.csproj]
C:\Program Files\dotnet\sdk\10.0.201\Microsoft.Common.CurrentVersion.targets(2451,5): warning MSB3277:         C:\Users\ultra\.nuget\packages\system.windows.extensions\8.0.0\lib\net8.0\System.Windows.Extensions.dll [C:\Users\ultra\warewolf\Dev\TestBase\TestBase.csproj]
C:\Program Files\dotnet\sdk\10.0.201\Microsoft.Common.CurrentVersion.targets(2451,5): warning MSB3277:           Project file item includes which caused reference "C:\Users\ultra\.nuget\packages\system.windows.extensions\8.0.0\lib\net8.0\System.Windows.Extensions.dll". [C:\Users\ultra\warewolf\Dev\TestBase\TestBase.csproj]
C:\Program Files\dotnet\sdk\10.0.201\Microsoft.Common.CurrentVersion.targets(2451,5): warning MSB3277:             C:\Users\ultra\.nuget\packages\system.windows.extensions\8.0.0\lib\net8.0\System.Windows.Extensions.dll [C:\Users\ultra\warewolf\Dev\TestBase\TestBase.csproj]
C:\Program Files\dotnet\sdk\10.0.201\Microsoft.Common.CurrentVersion.targets(2451,5): warning MSB3277:             C:\Users\ultra\.nuget\packages\extended.wpf.toolkit\4.4.0\lib\net5.0\Xceed.Wpf.Toolkit.NET5.dll [C:\Users\ultra\warewolf\Dev\TestBase\TestBase.csproj]
C:\Program Files\dotnet\sdk\10.0.201\Microsoft.Common.CurrentVersion.targets(2451,5): warning MSB3277:             C:\Users\ultra\.nuget\packages\system.security.permissions\8.0.0\lib\net8.0\System.Security.Permissions.dll [C:\Users\ultra\warewolf\Dev\TestBase\TestBase.csproj]
C:\Program Files\dotnet\sdk\10.0.201\Microsoft.Common.CurrentVersion.targets(2451,5): warning MSB3277:             C:\Users\ultra\warewolf\Dev\Dev2.Data\bin\Debug\net8.0\Dev2.Data.dll [C:\Users\ultra\warewolf\Dev\TestBase\TestBase.csproj]
C:\Program Files\dotnet\sdk\10.0.201\Microsoft.Common.CurrentVersion.targets(2451,5): warning MSB3277:             C:\Users\ultra\warewolf\Dev\Dev2.Studio.Core\bin\Debug\net8.0\Dev2.Studio.Core.dll [C:\Users\ultra\warewolf\Dev\TestBase\TestBase.csproj]
C:\Program Files\dotnet\sdk\10.0.201\Microsoft.Common.CurrentVersion.targets(2451,5): warning MSB3277:             C:\Users\ultra\warewolf\Dev\Dev2.Studio.Interfaces\bin\Debug\net8.0\Dev2.Studio.Interfaces.dll [C:\Users\ultra\warewolf\Dev\TestBase\TestBase.csproj]
C:\Program Files\dotnet\sdk\10.0.201\Microsoft.Common.CurrentVersion.targets(2451,5): warning MSB3277:             C:\Users\ultra\warewolf\Dev\Dev2.Activities\bin\Debug\net8.0\Dev2.Activities.dll [C:\Users\ultra\warewolf\Dev\TestBase\TestBase.csproj]
C:\Program Files\dotnet\sdk\10.0.201\Microsoft.Common.CurrentVersion.targets(2451,5): warning MSB3277:             C:\Users\ultra\warewolf\Dev\Dev2.Core\bin\Debug\net8.0\Dev2.Core.dll [C:\Users\ultra\warewolf\Dev\TestBase\TestBase.csproj]
C:\Program Files\dotnet\sdk\10.0.201\Microsoft.Common.CurrentVersion.targets(2451,5): warning MSB3277:             C:\Users\ultra\warewolf\Dev\Dev2.Diagnostics.Tests\bin\Debug\net8.0\Dev2.Diagnostics.Tests.dll [C:\Users\ultra\warewolf\Dev\TestBase\TestBase.csproj]
C:\Program Files\dotnet\sdk\10.0.201\Microsoft.Common.CurrentVersion.targets(2451,5): warning MSB3277:             C:\Users\ultra\warewolf\Dev\Dev2.Infrastructure.Tests\bin\Debug\net8.0\Dev2.Infrastructure.Tests.dll [C:\Users\ultra\warewolf\Dev\TestBase\TestBase.csproj]
C:\Program Files\dotnet\sdk\10.0.201\Microsoft.Common.CurrentVersion.targets(2451,5): warning MSB3277:             C:\Users\ultra\warewolf\Dev\Dev2.Intellisense\bin\Debug\net8.0\Dev2.Intellisense.dll [C:\Users\ultra\warewolf\Dev\TestBase\TestBase.csproj]
C:\Program Files\dotnet\sdk\10.0.201\Microsoft.Common.CurrentVersion.targets(2451,5): warning MSB3277:             C:\Users\ultra\warewolf\Dev\Dev2.Runtime\bin\Debug\net8.0\Dev2.Runtime.dll [C:\Users\ultra\warewolf\Dev\TestBase\TestBase.csproj]
C:\Program Files\dotnet\sdk\10.0.201\Microsoft.Common.CurrentVersion.targets(2451,5): warning MSB3277:             C:\Users\ultra\warewolf\Dev\Dev2.Runtime.Services\bin\Debug\net8.0\Dev2.Runtime.Services.dll [C:\Users\ultra\warewolf\Dev\TestBase\TestBase.csproj]
C:\Program Files\dotnet\sdk\10.0.201\Microsoft.Common.CurrentVersion.targets(2451,5): warning MSB3277:             C:\Users\ultra\warewolf\Dev\Dev2.Runtime.WebServer\bin\Debug\net8.0\Dev2.Runtime.WebServer.dll [C:\Users\ultra\warewolf\Dev\TestBase\TestBase.csproj]
C:\Program Files\dotnet\sdk\10.0.201\Microsoft.Common.CurrentVersion.targets(2451,5): warning MSB3277:             C:\Users\ultra\warewolf\Dev\Dev2.Scheduler\bin\Debug\net8.0\Dev2.Scheduler.dll [C:\Users\ultra\warewolf\Dev\TestBase\TestBase.csproj]
C:\Program Files\dotnet\sdk\10.0.201\Microsoft.Common.CurrentVersion.targets(2451,5): warning MSB3277:             C:\Users\ultra\warewolf\Dev\Dev2.Services.Execution\bin\Debug\net8.0\Dev2.Services.Execution.dll [C:\Users\ultra\warewolf\Dev\TestBase\TestBase.csproj]
C:\Program Files\dotnet\sdk\10.0.201\Microsoft.Common.CurrentVersion.targets(2451,5): warning MSB3277:             C:\Users\ultra\warewolf\Dev\Warewolf.HangfireServer\bin\Debug\net8.0\HangfireServer.dll [C:\Users\ultra\warewolf\Dev\TestBase\TestBase.csproj]
C:\Program Files\dotnet\sdk\10.0.201\Microsoft.Common.CurrentVersion.targets(2451,5): warning MSB3277:             C:\Users\ultra\warewolf\Dev\Warewolf.QueueWorker\bin\Debug\net8.0\QueueWorker.dll [C:\Users\ultra\warewolf\Dev\TestBase\TestBase.csproj]
C:\Program Files\dotnet\sdk\10.0.201\Microsoft.Common.CurrentVersion.targets(2451,5): warning MSB3277:             C:\Users\ultra\warewolf\Dev\Dev2.Server\bin\Debug\net8.0\Warewolf Server.dll [C:\Users\ultra\warewolf\Dev\TestBase\TestBase.csproj]
C:\Program Files\dotnet\sdk\10.0.201\Microsoft.Common.CurrentVersion.targets(2451,5): warning MSB3277:             C:\Users\ultra\warewolf\Dev\Dev2.Studio\bin\Debug\net8.0\Warewolf Studio.dll [C:\Users\ultra\warewolf\Dev\TestBase\TestBase.csproj]
C:\Program Files\dotnet\sdk\10.0.201\Microsoft.Common.CurrentVersion.targets(2451,5): warning MSB3277:             C:\Users\ultra\warewolf\Dev\Warewolf.Auditing\bin\Debug\net8.0\Warewolf.Auditing.dll [C:\Users\ultra\warewolf\Dev\TestBase\TestBase.csproj]
C:\Program Files\dotnet\sdk\10.0.201\Microsoft.Common.CurrentVersion.targets(2451,5): warning MSB3277:             C:\Users\ultra\warewolf\Dev\Warewolf.Common.Framework48\bin\Debug\net8.0\Warewolf.Common.Framework48.dll [C:\Users\ultra\warewolf\Dev\TestBase\TestBase.csproj]
C:\Program Files\dotnet\sdk\10.0.201\Microsoft.Common.CurrentVersion.targets(2451,5): warning MSB3277:             C:\Users\ultra\warewolf\Dev\Warewolf.Common.NetStandard20\bin\Debug\net8.0\Warewolf.Common.NetStandard20.dll [C:\Users\ultra\warewolf\Dev\TestBase\TestBase.csproj]
C:\Program Files\dotnet\sdk\10.0.201\Microsoft.Common.CurrentVersion.targets(2451,5): warning MSB3277:             C:\Users\ultra\warewolf\Dev\Warewolf.Core\bin\Debug\net8.0\Warewolf.Core.dll [C:\Users\ultra\warewolf\Dev\TestBase\TestBase.csproj]
C:\Program Files\dotnet\sdk\10.0.201\Microsoft.Common.CurrentVersion.targets(2451,5): warning MSB3277:             C:\Users\ultra\warewolf\Dev\Warewolf.Driver.Persistence\bin\Debug\net8.0\Warewolf.Driver.Persistence.dll [C:\Users\ultra\warewolf\Dev\TestBase\TestBase.csproj]
C:\Program Files\dotnet\sdk\10.0.201\Microsoft.Common.CurrentVersion.targets(2451,5): warning MSB3277:             C:\Users\ultra\warewolf\Dev\Warewolf.Exchange.Email.Wrapper\bin\Debug\net8.0\Warewolf.Exchange.Email.Wrapper.dll [C:\Users\ultra\warewolf\Dev\TestBase\TestBase.csproj]
C:\Program Files\dotnet\sdk\10.0.201\Microsoft.Common.CurrentVersion.targets(2451,5): warning MSB3277:             C:\Users\ultra\warewolf\Dev\Warewolf.MergeParser.Tests\bin\Debug\net8.0\Warewolf.MergeParser.Tests.dll [C:\Users\ultra\warewolf\Dev\TestBase\TestBase.csproj]
C:\Program Files\dotnet\sdk\10.0.201\Microsoft.Common.CurrentVersion.targets(2451,5): warning MSB3277:             C:\Users\ultra\warewolf\Dev\Warewolf.ResourceManagement\bin\Debug\net8.0\Warewolf.ResourceManagement.dll [C:\Users\ultra\warewolf\Dev\TestBase\TestBase.csproj]
C:\Program Files\dotnet\sdk\10.0.201\Microsoft.Common.CurrentVersion.targets(2451,5): warning MSB3277:             C:\Users\ultra\warewolf\Dev\Warewolf.Studio.Core\bin\Debug\net8.0\Warewolf.Studio.Core.dll [C:\Users\ultra\warewolf\Dev\TestBase\TestBase.csproj]
C:\Program Files\dotnet\sdk\10.0.201\Microsoft.Common.CurrentVersion.targets(2451,5): warning MSB3277:             C:\Users\ultra\warewolf\Dev\Warewolf.Studio.CustomControls\bin\Debug\net8.0\Warewolf.Studio.CustomControls.dll [C:\Users\ultra\warewolf\Dev\TestBase\TestBase.csproj]
C:\Program Files\dotnet\sdk\10.0.201\Microsoft.Common.CurrentVersion.targets(2451,5): warning MSB3277:             C:\Users\ultra\warewolf\Dev\Warewolf.Studio.Models\bin\Debug\net8.0\Warewolf.Studio.Models.dll [C:\Users\ultra\warewolf\Dev\TestBase\TestBase.csproj]
C:\Program Files\dotnet\sdk\10.0.201\Microsoft.Common.CurrentVersion.targets(2451,5): warning MSB3277:             C:\Users\ultra\warewolf\Dev\Warewolf.Studio.ViewModels\bin\Debug\net8.0\Warewolf.Studio.ViewModels.dll [C:\Users\ultra\warewolf\Dev\TestBase\TestBase.csproj]
C:\Program Files\dotnet\sdk\10.0.201\Microsoft.Common.CurrentVersion.targets(2451,5): warning MSB3277:             C:\Users\ultra\warewolf\Dev\Warewolf.Testing\bin\Debug\net8.0\Warewolf.Testing.dll [C:\Users\ultra\warewolf\Dev\TestBase\TestBase.csproj]
C:\Program Files\dotnet\sdk\10.0.201\Microsoft.Common.CurrentVersion.targets(2451,5): warning MSB3277:             C:\Users\ultra\warewolf\Dev\Warewolf.Trigger.Queue\bin\Debug\net8.0\Warewolf.Trigger.Queue.dll [C:\Users\ultra\warewolf\Dev\TestBase\TestBase.csproj]
C:\Program Files\dotnet\sdk\10.0.201\Microsoft.Common.CurrentVersion.targets(2451,5): warning MSB3277:             C:\Users\ultra\warewolf\Dev\Warewolf.UI\bin\Debug\net8.0\Warewolf.UI.dll [C:\Users\ultra\warewolf\Dev\TestBase\TestBase.csproj]
C:\Program Files\dotnet\sdk\10.0.201\Microsoft.Common.CurrentVersion.targets(2451,5): warning MSB3277:             C:\Users\ultra\warewolf\Dev\Warewolf.Logger\bin\Debug\net8.0\WarewolfLogger.dll [C:\Users\ultra\warewolf\Dev\TestBase\TestBase.csproj]
C:\Program Files\dotnet\sdk\10.0.201\Microsoft.Common.CurrentVersion.targets(2451,5): warning MSB3277:             C:\Users\ultra\.nuget\packages\dotnetzip\1.16.0\lib\netstandard2.0\DotNetZip.dll [C:\Users\ultra\warewolf\Dev\TestBase\TestBase.csproj]
C:\Program Files\dotnet\sdk\10.0.201\Microsoft.Common.CurrentVersion.targets(2451,5): warning MSB3277:             C:\Users\ultra\warewolf\Dev\Dev2.Common\bin\Debug\net8.0\Dev2.Common.dll [C:\Users\ultra\warewolf\Dev\TestBase\TestBase.csproj]
C:\Program Files\dotnet\sdk\10.0.201\Microsoft.Common.CurrentVersion.targets(2451,5): warning MSB3277:             C:\Users\ultra\warewolf\Dev\Dev2.Infrastructure\bin\Debug\net8.0\Dev2.Infrastructure.dll [C:\Users\ultra\warewolf\Dev\TestBase\TestBase.csproj]
C:\Program Files\dotnet\sdk\10.0.201\Microsoft.Common.CurrentVersion.targets(2451,5): warning MSB3277:             C:\Users\ultra\warewolf\Dev\Dev2.Data.Interfaces\bin\Debug\net8.0\Dev2.Data.Interfaces.dll [C:\Users\ultra\warewolf\Dev\TestBase\TestBase.csproj]
C:\Program Files\dotnet\sdk\10.0.201\Microsoft.Common.CurrentVersion.targets(2451,5): warning MSB3277:             C:\Users\ultra\warewolf\Dev\Dev2.Development.Languages\bin\Debug\net8.0\Dev2.Development.Languages.dll [C:\Users\ultra\warewolf\Dev\TestBase\TestBase.csproj]
C:\Program Files\dotnet\sdk\10.0.201\Microsoft.Common.CurrentVersion.targets(2451,5): warning MSB3277:             C:\Users\ultra\warewolf\Dev\Dev2.Diagnostics\bin\Debug\net8.0\Dev2.Diagnostics.dll [C:\Users\ultra\warewolf\Dev\TestBase\TestBase.csproj]
C:\Program Files\dotnet\sdk\10.0.201\Microsoft.Common.CurrentVersion.targets(2451,5): warning MSB3277:             C:\Users\ultra\warewolf\Dev\Dev2.Services.Sql\bin\Debug\net8.0\Dev2.Services.Sql.dll [C:\Users\ultra\warewolf\Dev\TestBase\TestBase.csproj]
C:\Program Files\dotnet\sdk\10.0.201\Microsoft.Common.CurrentVersion.targets(2451,5): warning MSB3277:             C:\Users\ultra\warewolf\Dev\Dev2.TaskScheduler.Wrappers\bin\Debug\net8.0\Dev2.TaskScheduler.Wrappers.dll [C:\Users\ultra\warewolf\Dev\TestBase\TestBase.csproj]
C:\Program Files\dotnet\sdk\10.0.201\Microsoft.Common.CurrentVersion.targets(2451,5): warning MSB3277:             C:\Users\ultra\warewolf\Dev\Dev2.Util\bin\Debug\net8.0\Dev2.Util.dll [C:\Users\ultra\warewolf\Dev\TestBase\TestBase.csproj]
C:\Program Files\dotnet\sdk\10.0.201\Microsoft.Common.CurrentVersion.targets(2451,5): warning MSB3277:             C:\Users\ultra\warewolf\Dev\Warewolf.AI.Harness\bin\Debug\net8.0\Warewolf.AI.Harness.dll [C:\Users\ultra\warewolf\Dev\TestBase\TestBase.csproj]
C:\Program Files\dotnet\sdk\10.0.201\Microsoft.Common.CurrentVersion.targets(2451,5): warning MSB3277:             C:\Users\ultra\warewolf\Dev\Warewolf.Driver.Serilog\bin\Debug\net8.0\Warewolf.Driver.Serilog.dll [C:\Users\ultra\warewolf\Dev\TestBase\TestBase.csproj]
C:\Program Files\dotnet\sdk\10.0.201\Microsoft.Common.CurrentVersion.targets(2451,5): warning MSB3277:             C:\Users\ultra\warewolf\Dev\Warewolf.PerfMon\bin\Debug\net8.0\Warewolf.PerfMon.dll [C:\Users\ultra\warewolf\Dev\TestBase\TestBase.csproj]
C:\Program Files\dotnet\sdk\10.0.201\Microsoft.Common.CurrentVersion.targets(2451,5): warning MSB3277:             C:\Users\ultra\warewolf\Dev\Warewolf.Sharepoint\bin\Debug\net8.0\Warewolf.Sharepoint.dll [C:\Users\ultra\warewolf\Dev\TestBase\TestBase.csproj]
C:\Program Files\dotnet\sdk\10.0.201\Microsoft.Common.CurrentVersion.targets(2451,5): warning MSB3277:             C:\Users\ultra\warewolf\Dev\Warewolf.Storage\bin\Debug\net8.0\Warewolf.Storage.dll [C:\Users\ultra\warewolf\Dev\TestBase\TestBase.csproj]
C:\Program Files\dotnet\sdk\10.0.201\Microsoft.Common.CurrentVersion.targets(2451,5): warning MSB3277:             C:\Users\ultra\.nuget\packages\mindbox.data.linq\5.0.0\lib\netstandard2.0\Mindbox.Data.Linq.dll [C:\Users\ultra\warewolf\Dev\TestBase\TestBase.csproj]
C:\Program Files\dotnet\sdk\10.0.201\Microsoft.Common.CurrentVersion.targets(2451,5): warning MSB3277:             C:\Users\ultra\.nuget\packages\mysql.data\8.4.0\lib\net8.0\MySql.Data.dll [C:\Users\ultra\warewolf\Dev\TestBase\TestBase.csproj]
C:\Program Files\dotnet\sdk\10.0.201\Microsoft.Common.CurrentVersion.targets(2451,5): warning MSB3277:             C:\Users\ultra\.nuget\packages\oracle.manageddataaccess.core\3.21.70\lib\netstandard2.1\Oracle.ManagedDataAccess.dll [C:\Users\ultra\warewolf\Dev\TestBase\TestBase.csproj]
C:\Program Files\dotnet\sdk\10.0.201\Microsoft.Common.CurrentVersion.targets(2451,5): warning MSB3277:             C:\Users\ultra\.nuget\packages\system.directoryservices\6.0.0\lib\net6.0\System.DirectoryServices.dll [C:\Users\ultra\warewolf\Dev\TestBase\TestBase.csproj]
C:\Program Files\dotnet\sdk\10.0.201\Microsoft.Common.CurrentVersion.targets(2451,5): warning MSB3277:             C:\Users\ultra\.nuget\packages\corewcf.primitives\1.2.1\lib\netstandard2.0\CoreWCF.Primitives.dll [C:\Users\ultra\warewolf\Dev\TestBase\TestBase.csproj]
C:\Program Files\dotnet\sdk\10.0.201\Microsoft.Common.CurrentVersion.targets(2451,5): warning MSB3277:             C:\Users\ultra\.nuget\packages\corewcf.http\1.2.1\lib\netstandard2.0\CoreWCF.Http.dll [C:\Users\ultra\warewolf\Dev\TestBase\TestBase.csproj]
C:\Program Files\dotnet\sdk\10.0.201\Microsoft.Common.CurrentVersion.targets(2451,5): warning MSB3277:             C:\Users\ultra\.nuget\packages\corewcf.nettcp\1.2.1\lib\netstandard2.0\CoreWCF.NetTcp.dll [C:\Users\ultra\warewolf\Dev\TestBase\TestBase.csproj]
C:\Program Files\dotnet\sdk\10.0.201\Microsoft.Common.CurrentVersion.targets(2451,5): warning MSB3277:             C:\Users\ultra\.nuget\packages\corewcf.webhttp\1.2.1\lib\netstandard2.0\CoreWCF.WebHttp.dll [C:\Users\ultra\warewolf\Dev\TestBase\TestBase.csproj]
C:\Program Files\dotnet\sdk\10.0.201\Microsoft.Common.CurrentVersion.targets(2451,5): warning MSB3277:             C:\Program Files\dotnet\packs\Microsoft.NETCore.App.Ref\8.0.25\ref/net8.0/System.Configuration.dll [C:\Users\ultra\warewolf\Dev\TestBase\TestBase.csproj]
C:\Program Files\dotnet\sdk\10.0.201\Microsoft.Common.CurrentVersion.targets(2451,5): warning MSB3277:             C:\Users\ultra\.nuget\packages\prism.composition\5.0.0\lib\NET45\Microsoft.Practices.Prism.Composition.dll [C:\Users\ultra\warewolf\Dev\TestBase\TestBase.csproj]
C:\Program Files\dotnet\sdk\10.0.201\Microsoft.Common.CurrentVersion.targets(2451,5): warning MSB3277:             C:\Users\ultra\.nuget\packages\prism.unityextensions\5.0.1\lib\NET45\Microsoft.Practices.Prism.UnityExtensions.dll [C:\Users\ultra\warewolf\Dev\TestBase\TestBase.csproj]
C:\Program Files\dotnet\sdk\10.0.201\Microsoft.Common.CurrentVersion.targets(2451,5): warning MSB3277:             C:\Users\ultra\.nuget\packages\prism.wpf\9.0.537\lib\net462\Prism.Wpf.dll [C:\Users\ultra\warewolf\Dev\TestBase\TestBase.csproj]
C:\Program Files\dotnet\sdk\10.0.201\Microsoft.Common.CurrentVersion.targets(2451,5): warning MSB3277:             C:\Program Files\dotnet\packs\Microsoft.NETCore.App.Ref\8.0.25\ref/net8.0/System.Data.dll [C:\Users\ultra\warewolf\Dev\TestBase\TestBase.csproj]
C:\Program Files\dotnet\sdk\10.0.201\Microsoft.Common.CurrentVersion.targets(2451,5): warning MSB3277:             C:\Users\ultra\.nuget\packages\taskschedulereditor\2.10.1\lib\net452\Microsoft.Win32.TaskSchedulerEditor.dll [C:\Users\ultra\warewolf\Dev\TestBase\TestBase.csproj]
C:\Program Files\dotnet\sdk\10.0.201\Microsoft.Common.CurrentVersion.targets(2451,5): warning MSB3277:             C:\Program Files\dotnet\packs\Microsoft.NETCore.App.Ref\8.0.25\ref/net8.0/System.Drawing.dll [C:\Users\ultra\warewolf\Dev\TestBase\TestBase.csproj]
C:\Program Files\dotnet\sdk\10.0.201\Microsoft.Common.CurrentVersion.targets(2451,5): warning MSB3277:             C:\Users\ultra\.nuget\packages\aerowizard\2.3.1\lib\net45\AeroWizard.dll [C:\Users\ultra\warewolf\Dev\TestBase\TestBase.csproj]
C:\Program Files\dotnet\sdk\10.0.201\Microsoft.Common.CurrentVersion.targets(2451,5): warning MSB3277:             C:\Users\ultra\.nuget\packages\avalonedit\6.3.0.90\lib\net462\ICSharpCode.AvalonEdit.dll [C:\Users\ultra\warewolf\Dev\TestBase\TestBase.csproj]
C:\Program Files\dotnet\sdk\10.0.201\Microsoft.Common.CurrentVersion.targets(2451,5): warning MSB3277:             C:\Users\ultra\.nuget\packages\groupcontrols\1.9.0\lib\net45\GroupControls.dll [C:\Users\ultra\warewolf\Dev\TestBase\TestBase.csproj]
C:\Program Files\dotnet\sdk\10.0.201\Microsoft.Common.CurrentVersion.targets(2451,5): warning MSB3277:             C:\Program Files\dotnet\packs\Microsoft.NETCore.App.Ref\8.0.25\ref/net8.0/System.Net.dll [C:\Users\ultra\warewolf\Dev\TestBase\TestBase.csproj]
C:\Program Files\dotnet\sdk\10.0.201\Microsoft.Common.CurrentVersion.targets(2451,5): warning MSB3277:             C:\Program Files\dotnet\packs\Microsoft.NETCore.App.Ref\8.0.25\ref/net8.0/System.Security.dll [C:\Users\ultra\warewolf\Dev\TestBase\TestBase.csproj]
C:\Program Files\dotnet\sdk\10.0.201\Microsoft.Common.CurrentVersion.targets(2451,5): warning MSB3277:             C:\Program Files\dotnet\packs\Microsoft.NETCore.App.Ref\8.0.25\ref/net8.0/System.ServiceProcess.dll [C:\Users\ultra\warewolf\Dev\TestBase\TestBase.csproj]
C:\Program Files\dotnet\sdk\10.0.201\Microsoft.Common.CurrentVersion.targets(2451,5): warning MSB3277:             C:\Program Files\dotnet\packs\Microsoft.NETCore.App.Ref\8.0.25\ref/net8.0/System.Transactions.dll [C:\Users\ultra\warewolf\Dev\TestBase\TestBase.csproj]
C:\Program Files\dotnet\sdk\10.0.201\Microsoft.Common.CurrentVersion.targets(2451,5): warning MSB3277:             C:\Program Files\dotnet\packs\Microsoft.NETCore.App.Ref\8.0.25\ref/net8.0/System.dll [C:\Users\ultra\warewolf\Dev\TestBase\TestBase.csproj]
C:\Program Files\dotnet\sdk\10.0.201\Microsoft.Common.CurrentVersion.targets(2451,5): warning MSB3277:             C:\Users\ultra\.nuget\packages\fontawesome.wpf\4.7.0.9\lib\net40\FontAwesome.WPF.dll [C:\Users\ultra\warewolf\Dev\TestBase\TestBase.csproj]
C:\Program Files\dotnet\sdk\10.0.201\Microsoft.Common.CurrentVersion.targets(2451,5): warning MSB3277:             C:\Users\ultra\.nuget\packages\log4net.async\2.0.4\lib\net40\Log4Net.Async.dll [C:\Users\ultra\warewolf\Dev\TestBase\TestBase.csproj]
C:\Program Files\dotnet\sdk\10.0.201\Microsoft.Common.CurrentVersion.targets(2451,5): warning MSB3277:             C:\Users\ultra\.nuget\packages\microsoft.xaml.behaviors.wpf\1.1.122\lib\net462\Microsoft.Xaml.Behaviors.dll [C:\Users\ultra\warewolf\Dev\TestBase\TestBase.csproj]
C:\Program Files\dotnet\sdk\10.0.201\Microsoft.Common.CurrentVersion.targets(2451,5): warning MSB3277:             C:\Users\ultra\.nuget\packages\caliburn.micro\4.0.212\lib\netcoreapp3.1\Caliburn.Micro.Platform.dll [C:\Users\ultra\warewolf\Dev\TestBase\TestBase.csproj]
C:\Program Files\dotnet\sdk\10.0.201\Microsoft.Common.CurrentVersion.targets(2451,5): warning MSB3277:             C:\Users\ultra\.nuget\packages\prism.interactivity\5.0.0\lib\NET45\Microsoft.Practices.Prism.Interactivity.dll [C:\Users\ultra\warewolf\Dev\TestBase\TestBase.csproj]
C:\Program Files\dotnet\sdk\10.0.201\Microsoft.Common.CurrentVersion.targets(2451,5): warning MSB3277:             C:\Users\ultra\.nuget\packages\prism.mvvm\1.0.0\lib\net45\Microsoft.Practices.Prism.Mvvm.Desktop.dll [C:\Users\ultra\warewolf\Dev\TestBase\TestBase.csproj]
C:\Program Files\dotnet\sdk\10.0.201\Microsoft.Common.CurrentVersion.targets(2451,5): warning MSB3277:             C:\Users\ultra\.nuget\packages\reactiveui.wpf\18.4.1\lib\net462\ReactiveUI.Wpf.dll [C:\Users\ultra\warewolf\Dev\TestBase\TestBase.csproj]
C:\Program Files\dotnet\sdk\10.0.201\Microsoft.Common.CurrentVersion.targets(2451,5): warning MSB3277:             C:\Users\ultra\.nuget\packages\ttcue.netcore.sharepointonline.csom.16.1.8029.1200\16.1.8029.1200\lib\netcoreapp2.0\Microsoft.SharePoint.Client.Runtime.Windows.dll [C:\Users\ultra\warewolf\Dev\TestBase\TestBase.csproj]
C:\Program Files\dotnet\sdk\10.0.201\Microsoft.Common.CurrentVersion.targets(2451,5): warning MSB3277:             C:\Program Files\dotnet\packs\Microsoft.NETCore.App.Ref\8.0.25\ref/net8.0/WindowsBase.dll [C:\Users\ultra\warewolf\Dev\TestBase\TestBase.csproj]
C:\Program Files\dotnet\sdk\10.0.201\Microsoft.Common.CurrentVersion.targets(2451,5): warning MSB3277:             C:\Program Files\dotnet\packs\Microsoft.NETCore.App.Ref\8.0.25\ref/net8.0/mscorlib.dll [C:\Users\ultra\warewolf\Dev\TestBase\TestBase.csproj]
C:\Program Files\dotnet\sdk\10.0.201\Microsoft.Common.CurrentVersion.targets(2451,5): warning MSB3277:             C:\Users\ultra\.nuget\packages\hangfire.core\1.7.32\lib\netstandard2.0\Hangfire.Core.dll [C:\Users\ultra\warewolf\Dev\TestBase\TestBase.csproj]
C:\Program Files\dotnet\sdk\10.0.201\Microsoft.Common.CurrentVersion.targets(2451,5): warning MSB3277:             C:\Users\ultra\.nuget\packages\hangfire.aspnetcore\1.7.32\lib\netcoreapp3.0\Hangfire.AspNetCore.dll [C:\Users\ultra\warewolf\Dev\TestBase\TestBase.csproj]
C:\Program Files\dotnet\sdk\10.0.201\Microsoft.Common.CurrentVersion.targets(2451,5): warning MSB3277:             C:\Users\ultra\.nuget\packages\hangfire.sqlserver\1.7.32\lib\netstandard2.0\Hangfire.SqlServer.dll [C:\Users\ultra\warewolf\Dev\TestBase\TestBase.csproj]
C:\Program Files\dotnet\sdk\10.0.201\Microsoft.Common.CurrentVersion.targets(2451,5): warning MSB3277:             C:\Users\ultra\.nuget\packages\microsoft.codecoverage\17.13.0\lib\netcoreapp3.1\Microsoft.VisualStudio.CodeCoverage.Shim.dll [C:\Users\ultra\warewolf\Dev\TestBase\TestBase.csproj]
C:\Program Files\dotnet\sdk\10.0.201\Microsoft.Common.CurrentVersion.targets(2451,5): warning MSB3277:             C:\Users\ultra\.nuget\packages\unofficial.microsoft.mshtml\7.0.3300\lib\net40\Microsoft.mshtml.dll [C:\Users\ultra\warewolf\Dev\TestBase\TestBase.csproj]
C:\Program Files\dotnet\sdk\10.0.201\Microsoft.Common.CurrentVersion.targets(2451,5): warning MSB3277:         C:\Program Files\dotnet\packs\Microsoft.NETCore.App.Ref\8.0.25\ref\net8.0\System.Drawing.dll [C:\Users\ultra\warewolf\Dev\TestBase\TestBase.csproj]
C:\Program Files\dotnet\sdk\10.0.201\Microsoft.Common.CurrentVersion.targets(2451,5): warning MSB3277:           Project file item includes which caused reference "C:\Program Files\dotnet\packs\Microsoft.NETCore.App.Ref\8.0.25\ref\net8.0\System.Drawing.dll". [C:\Users\ultra\warewolf\Dev\TestBase\TestBase.csproj]
C:\Program Files\dotnet\sdk\10.0.201\Microsoft.Common.CurrentVersion.targets(2451,5): warning MSB3277:             C:\Program Files\dotnet\packs\Microsoft.NETCore.App.Ref\8.0.25\ref/net8.0/System.Drawing.dll [C:\Users\ultra\warewolf\Dev\TestBase\TestBase.csproj]
C:\Program Files\dotnet\sdk\10.0.201\Microsoft.Common.CurrentVersion.targets(2451,5): warning MSB3277:             C:\Users\ultra\.nuget\packages\aerowizard\2.3.1\lib\net45\AeroWizard.dll [C:\Users\ultra\warewolf\Dev\TestBase\TestBase.csproj]
C:\Program Files\dotnet\sdk\10.0.201\Microsoft.Common.CurrentVersion.targets(2451,5): warning MSB3277:             C:\Users\ultra\.nuget\packages\avalonedit\6.3.0.90\lib\net462\ICSharpCode.AvalonEdit.dll [C:\Users\ultra\warewolf\Dev\TestBase\TestBase.csproj]
C:\Program Files\dotnet\sdk\10.0.201\Microsoft.Common.CurrentVersion.targets(2451,5): warning MSB3277:             C:\Users\ultra\.nuget\packages\groupcontrols\1.9.0\lib\net45\GroupControls.dll [C:\Users\ultra\warewolf\Dev\TestBase\TestBase.csproj]
C:\Program Files\dotnet\sdk\10.0.201\Microsoft.Common.CurrentVersion.targets(2451,5): warning MSB3277:             C:\Users\ultra\.nuget\packages\taskschedulereditor\2.10.1\lib\net452\Microsoft.Win32.TaskSchedulerEditor.dll [C:\Users\ultra\warewolf\Dev\TestBase\TestBase.csproj]
C:\Users\ultra\warewolf\Dev\TestBase\AsynchronousRequest.cs(50,26): warning SYSLIB0014: 'WebRequest.Create(string)' is obsolete: 'WebRequest, HttpWebRequest, ServicePoint, and WebClient are obsolete. Use HttpClient instead.' (https://aka.ms/dotnet-warnings/SYSLIB0014) [C:\Users\ultra\warewolf\Dev\TestBase\TestBase.csproj]
C:\Users\ultra\warewolf\Dev\TestBase\TestHelper.cs(134,23): warning SYSLIB0014: 'WebRequest.Create(string)' is obsolete: 'WebRequest, HttpWebRequest, ServicePoint, and WebClient are obsolete. Use HttpClient instead.' (https://aka.ms/dotnet-warnings/SYSLIB0014) [C:\Users\ultra\warewolf\Dev\TestBase\TestBase.csproj]
C:\Users\ultra\warewolf\Dev\TestBase\TestHelper.cs(165,27): warning SYSLIB0014: 'WebRequest.Create(string)' is obsolete: 'WebRequest, HttpWebRequest, ServicePoint, and WebClient are obsolete. Use HttpClient instead.' (https://aka.ms/dotnet-warnings/SYSLIB0014) [C:\Users\ultra\warewolf\Dev\TestBase\TestBase.csproj]
  TestBase -> C:\Users\ultra\warewolf\Dev\TestBase\bin\Debug\net8.0\TestBase.dll
C:\Program Files\dotnet\sdk\10.0.201\Microsoft.Common.CurrentVersion.targets(2451,5): warning MSB3277: Found conflicts between different versions of "WindowsBase" that could not be resolved. [C:\Users\ultra\warewolf\Dev\Dev2.Runtime.Tests\Dev2.Runtime.Tests.csproj]
C:\Program Files\dotnet\sdk\10.0.201\Microsoft.Common.CurrentVersion.targets(2451,5): warning MSB3277: There was a conflict between "WindowsBase, Version=4.0.0.0, Culture=neutral, PublicKeyToken=31bf3856ad364e35" and "WindowsBase, Version=6.0.2.0, Culture=neutral, PublicKeyToken=31bf3856ad364e35". [C:\Users\ultra\warewolf\Dev\Dev2.Runtime.Tests\Dev2.Runtime.Tests.csproj]
C:\Program Files\dotnet\sdk\10.0.201\Microsoft.Common.CurrentVersion.targets(2451,5): warning MSB3277:     "WindowsBase, Version=4.0.0.0, Culture=neutral, PublicKeyToken=31bf3856ad364e35" was chosen because it was primary and "WindowsBase, Version=6.0.2.0, Culture=neutral, PublicKeyToken=31bf3856ad364e35" was not. [C:\Users\ultra\warewolf\Dev\Dev2.Runtime.Tests\Dev2.Runtime.Tests.csproj]
C:\Program Files\dotnet\sdk\10.0.201\Microsoft.Common.CurrentVersion.targets(2451,5): warning MSB3277:     References which depend on "WindowsBase, Version=4.0.0.0, Culture=neutral, PublicKeyToken=31bf3856ad364e35" [C:\Program Files\dotnet\packs\Microsoft.NETCore.App.Ref\8.0.25\ref\net8.0\WindowsBase.dll]. [C:\Users\ultra\warewolf\Dev\Dev2.Runtime.Tests\Dev2.Runtime.Tests.csproj]
C:\Program Files\dotnet\sdk\10.0.201\Microsoft.Common.CurrentVersion.targets(2451,5): warning MSB3277:         C:\Program Files\dotnet\packs\Microsoft.NETCore.App.Ref\8.0.25\ref\net8.0\WindowsBase.dll [C:\Users\ultra\warewolf\Dev\Dev2.Runtime.Tests\Dev2.Runtime.Tests.csproj]
C:\Program Files\dotnet\sdk\10.0.201\Microsoft.Common.CurrentVersion.targets(2451,5): warning MSB3277:           Project file item includes which caused reference "C:\Program Files\dotnet\packs\Microsoft.NETCore.App.Ref\8.0.25\ref\net8.0\WindowsBase.dll". [C:\Users\ultra\warewolf\Dev\Dev2.Runtime.Tests\Dev2.Runtime.Tests.csproj]
C:\Program Files\dotnet\sdk\10.0.201\Microsoft.Common.CurrentVersion.targets(2451,5): warning MSB3277:             C:\Program Files\dotnet\packs\Microsoft.NETCore.App.Ref\8.0.25\ref/net8.0/WindowsBase.dll [C:\Users\ultra\warewolf\Dev\Dev2.Runtime.Tests\Dev2.Runtime.Tests.csproj]
C:\Program Files\dotnet\sdk\10.0.201\Microsoft.Common.CurrentVersion.targets(2451,5): warning MSB3277:     References which depend on or have been unified to "WindowsBase, Version=6.0.2.0, Culture=neutral, PublicKeyToken=31bf3856ad364e35" []. [C:\Users\ultra\warewolf\Dev\Dev2.Runtime.Tests\Dev2.Runtime.Tests.csproj]
C:\Program Files\dotnet\sdk\10.0.201\Microsoft.Common.CurrentVersion.targets(2451,5): warning MSB3277:         C:\Users\ultra\.nuget\packages\avalonedit\6.3.0.90\lib\net462\ICSharpCode.AvalonEdit.dll [C:\Users\ultra\warewolf\Dev\Dev2.Runtime.Tests\Dev2.Runtime.Tests.csproj]
C:\Program Files\dotnet\sdk\10.0.201\Microsoft.Common.CurrentVersion.targets(2451,5): warning MSB3277:           Project file item includes which caused reference "C:\Users\ultra\.nuget\packages\avalonedit\6.3.0.90\lib\net462\ICSharpCode.AvalonEdit.dll". [C:\Users\ultra\warewolf\Dev\Dev2.Runtime.Tests\Dev2.Runtime.Tests.csproj]
C:\Program Files\dotnet\sdk\10.0.201\Microsoft.Common.CurrentVersion.targets(2451,5): warning MSB3277:             C:\Users\ultra\.nuget\packages\avalonedit\6.3.0.90\lib\net462\ICSharpCode.AvalonEdit.dll [C:\Users\ultra\warewolf\Dev\Dev2.Runtime.Tests\Dev2.Runtime.Tests.csproj]
C:\Program Files\dotnet\sdk\10.0.201\Microsoft.Common.CurrentVersion.targets(2451,5): warning MSB3277:         C:\Users\ultra\.nuget\packages\caliburn.micro\4.0.212\lib\netcoreapp3.1\Caliburn.Micro.Platform.dll [C:\Users\ultra\warewolf\Dev\Dev2.Runtime.Tests\Dev2.Runtime.Tests.csproj]
C:\Program Files\dotnet\sdk\10.0.201\Microsoft.Common.CurrentVersion.targets(2451,5): warning MSB3277:           Project file item includes which caused reference "C:\Users\ultra\.nuget\packages\caliburn.micro\4.0.212\lib\netcoreapp3.1\Caliburn.Micro.Platform.dll". [C:\Users\ultra\warewolf\Dev\Dev2.Runtime.Tests\Dev2.Runtime.Tests.csproj]
C:\Program Files\dotnet\sdk\10.0.201\Microsoft.Common.CurrentVersion.targets(2451,5): warning MSB3277:             C:\Users\ultra\.nuget\packages\caliburn.micro\4.0.212\lib\netcoreapp3.1\Caliburn.Micro.Platform.dll [C:\Users\ultra\warewolf\Dev\Dev2.Runtime.Tests\Dev2.Runtime.Tests.csproj]
C:\Program Files\dotnet\sdk\10.0.201\Microsoft.Common.CurrentVersion.targets(2451,5): warning MSB3277:         C:\Users\ultra\.nuget\packages\extended.wpf.toolkit\4.4.0\lib\net5.0\Xceed.Wpf.AvalonDock.NET5.dll [C:\Users\ultra\warewolf\Dev\Dev2.Runtime.Tests\Dev2.Runtime.Tests.csproj]
C:\Program Files\dotnet\sdk\10.0.201\Microsoft.Common.CurrentVersion.targets(2451,5): warning MSB3277:           Project file item includes which caused reference "C:\Users\ultra\.nuget\packages\extended.wpf.toolkit\4.4.0\lib\net5.0\Xceed.Wpf.AvalonDock.NET5.dll". [C:\Users\ultra\warewolf\Dev\Dev2.Runtime.Tests\Dev2.Runtime.Tests.csproj]
C:\Program Files\dotnet\sdk\10.0.201\Microsoft.Common.CurrentVersion.targets(2451,5): warning MSB3277:             C:\Users\ultra\.nuget\packages\extended.wpf.toolkit\4.4.0\lib\net5.0\Xceed.Wpf.AvalonDock.NET5.dll [C:\Users\ultra\warewolf\Dev\Dev2.Runtime.Tests\Dev2.Runtime.Tests.csproj]
C:\Program Files\dotnet\sdk\10.0.201\Microsoft.Common.CurrentVersion.targets(2451,5): warning MSB3277:             C:\Users\ultra\.nuget\packages\extended.wpf.toolkit\4.4.0\lib\net5.0\Xceed.Wpf.AvalonDock.Themes.Aero.NET5.dll [C:\Users\ultra\warewolf\Dev\Dev2.Runtime.Tests\Dev2.Runtime.Tests.csproj]
C:\Program Files\dotnet\sdk\10.0.201\Microsoft.Common.CurrentVersion.targets(2451,5): warning MSB3277:             C:\Users\ultra\.nuget\packages\extended.wpf.toolkit\4.4.0\lib\net5.0\Xceed.Wpf.AvalonDock.Themes.Metro.NET5.dll [C:\Users\ultra\warewolf\Dev\Dev2.Runtime.Tests\Dev2.Runtime.Tests.csproj]
C:\Program Files\dotnet\sdk\10.0.201\Microsoft.Common.CurrentVersion.targets(2451,5): warning MSB3277:             C:\Users\ultra\.nuget\packages\extended.wpf.toolkit\4.4.0\lib\net5.0\Xceed.Wpf.AvalonDock.Themes.VS2010.NET5.dll [C:\Users\ultra\warewolf\Dev\Dev2.Runtime.Tests\Dev2.Runtime.Tests.csproj]
C:\Program Files\dotnet\sdk\10.0.201\Microsoft.Common.CurrentVersion.targets(2451,5): warning MSB3277:         C:\Users\ultra\.nuget\packages\extended.wpf.toolkit\4.4.0\lib\net5.0\Xceed.Wpf.AvalonDock.Themes.Aero.NET5.dll [C:\Users\ultra\warewolf\Dev\Dev2.Runtime.Tests\Dev2.Runtime.Tests.csproj]
C:\Program Files\dotnet\sdk\10.0.201\Microsoft.Common.CurrentVersion.targets(2451,5): warning MSB3277:           Project file item includes which caused reference "C:\Users\ultra\.nuget\packages\extended.wpf.toolkit\4.4.0\lib\net5.0\Xceed.Wpf.AvalonDock.Themes.Aero.NET5.dll". [C:\Users\ultra\warewolf\Dev\Dev2.Runtime.Tests\Dev2.Runtime.Tests.csproj]
C:\Program Files\dotnet\sdk\10.0.201\Microsoft.Common.CurrentVersion.targets(2451,5): warning MSB3277:             C:\Users\ultra\.nuget\packages\extended.wpf.toolkit\4.4.0\lib\net5.0\Xceed.Wpf.AvalonDock.Themes.Aero.NET5.dll [C:\Users\ultra\warewolf\Dev\Dev2.Runtime.Tests\Dev2.Runtime.Tests.csproj]
C:\Program Files\dotnet\sdk\10.0.201\Microsoft.Common.CurrentVersion.targets(2451,5): warning MSB3277:         C:\Users\ultra\.nuget\packages\extended.wpf.toolkit\4.4.0\lib\net5.0\Xceed.Wpf.Toolkit.NET5.dll [C:\Users\ultra\warewolf\Dev\Dev2.Runtime.Tests\Dev2.Runtime.Tests.csproj]
C:\Program Files\dotnet\sdk\10.0.201\Microsoft.Common.CurrentVersion.targets(2451,5): warning MSB3277:           Project file item includes which caused reference "C:\Users\ultra\.nuget\packages\extended.wpf.toolkit\4.4.0\lib\net5.0\Xceed.Wpf.Toolkit.NET5.dll". [C:\Users\ultra\warewolf\Dev\Dev2.Runtime.Tests\Dev2.Runtime.Tests.csproj]
C:\Program Files\dotnet\sdk\10.0.201\Microsoft.Common.CurrentVersion.targets(2451,5): warning MSB3277:             C:\Users\ultra\.nuget\packages\extended.wpf.toolkit\4.4.0\lib\net5.0\Xceed.Wpf.Toolkit.NET5.dll [C:\Users\ultra\warewolf\Dev\Dev2.Runtime.Tests\Dev2.Runtime.Tests.csproj]
C:\Program Files\dotnet\sdk\10.0.201\Microsoft.Common.CurrentVersion.targets(2451,5): warning MSB3277:         C:\Users\ultra\.nuget\packages\fontawesome.wpf\4.7.0.9\lib\net40\FontAwesome.WPF.dll [C:\Users\ultra\warewolf\Dev\Dev2.Runtime.Tests\Dev2.Runtime.Tests.csproj]
C:\Program Files\dotnet\sdk\10.0.201\Microsoft.Common.CurrentVersion.targets(2451,5): warning MSB3277:           Project file item includes which caused reference "C:\Users\ultra\.nuget\packages\fontawesome.wpf\4.7.0.9\lib\net40\FontAwesome.WPF.dll". [C:\Users\ultra\warewolf\Dev\Dev2.Runtime.Tests\Dev2.Runtime.Tests.csproj]
C:\Program Files\dotnet\sdk\10.0.201\Microsoft.Common.CurrentVersion.targets(2451,5): warning MSB3277:             C:\Users\ultra\.nuget\packages\fontawesome.wpf\4.7.0.9\lib\net40\FontAwesome.WPF.dll [C:\Users\ultra\warewolf\Dev\Dev2.Runtime.Tests\Dev2.Runtime.Tests.csproj]
C:\Program Files\dotnet\sdk\10.0.201\Microsoft.Common.CurrentVersion.targets(2451,5): warning MSB3277:         C:\Users\ultra\.nuget\packages\ironpython\3.4.0\lib\net6.0\IronPython.Wpf.dll [C:\Users\ultra\warewolf\Dev\Dev2.Runtime.Tests\Dev2.Runtime.Tests.csproj]
C:\Program Files\dotnet\sdk\10.0.201\Microsoft.Common.CurrentVersion.targets(2451,5): warning MSB3277:           Project file item includes which caused reference "C:\Users\ultra\.nuget\packages\ironpython\3.4.0\lib\net6.0\IronPython.Wpf.dll". [C:\Users\ultra\warewolf\Dev\Dev2.Runtime.Tests\Dev2.Runtime.Tests.csproj]
C:\Program Files\dotnet\sdk\10.0.201\Microsoft.Common.CurrentVersion.targets(2451,5): warning MSB3277:             C:\Users\ultra\.nuget\packages\ironpython\3.4.0\lib\net6.0\IronPython.Wpf.dll [C:\Users\ultra\warewolf\Dev\Dev2.Runtime.Tests\Dev2.Runtime.Tests.csproj]
C:\Program Files\dotnet\sdk\10.0.201\Microsoft.Common.CurrentVersion.targets(2451,5): warning MSB3277:         C:\Users\ultra\.nuget\packages\microsoft.xaml.behaviors.wpf\1.1.122\lib\net462\Microsoft.Xaml.Behaviors.dll [C:\Users\ultra\warewolf\Dev\Dev2.Runtime.Tests\Dev2.Runtime.Tests.csproj]
C:\Program Files\dotnet\sdk\10.0.201\Microsoft.Common.CurrentVersion.targets(2451,5): warning MSB3277:           Project file item includes which caused reference "C:\Users\ultra\.nuget\packages\microsoft.xaml.behaviors.wpf\1.1.122\lib\net462\Microsoft.Xaml.Behaviors.dll". [C:\Users\ultra\warewolf\Dev\Dev2.Runtime.Tests\Dev2.Runtime.Tests.csproj]
C:\Program Files\dotnet\sdk\10.0.201\Microsoft.Common.CurrentVersion.targets(2451,5): warning MSB3277:             C:\Users\ultra\.nuget\packages\microsoft.xaml.behaviors.wpf\1.1.122\lib\net462\Microsoft.Xaml.Behaviors.dll [C:\Users\ultra\warewolf\Dev\Dev2.Runtime.Tests\Dev2.Runtime.Tests.csproj]
C:\Program Files\dotnet\sdk\10.0.201\Microsoft.Common.CurrentVersion.targets(2451,5): warning MSB3277:             C:\Users\ultra\.nuget\packages\caliburn.micro\4.0.212\lib\netcoreapp3.1\Caliburn.Micro.Platform.dll [C:\Users\ultra\warewolf\Dev\Dev2.Runtime.Tests\Dev2.Runtime.Tests.csproj]
C:\Program Files\dotnet\sdk\10.0.201\Microsoft.Common.CurrentVersion.targets(2451,5): warning MSB3277:             C:\Users\ultra\.nuget\packages\prism.wpf\9.0.537\lib\net462\Prism.Wpf.dll [C:\Users\ultra\warewolf\Dev\Dev2.Runtime.Tests\Dev2.Runtime.Tests.csproj]
C:\Program Files\dotnet\sdk\10.0.201\Microsoft.Common.CurrentVersion.targets(2451,5): warning MSB3277:         C:\Users\ultra\.nuget\packages\prism.composition\5.0.0\lib\NET45\Microsoft.Practices.Prism.Composition.dll [C:\Users\ultra\warewolf\Dev\Dev2.Runtime.Tests\Dev2.Runtime.Tests.csproj]
C:\Program Files\dotnet\sdk\10.0.201\Microsoft.Common.CurrentVersion.targets(2451,5): warning MSB3277:           Project file item includes which caused reference "C:\Users\ultra\.nuget\packages\prism.composition\5.0.0\lib\NET45\Microsoft.Practices.Prism.Composition.dll". [C:\Users\ultra\warewolf\Dev\Dev2.Runtime.Tests\Dev2.Runtime.Tests.csproj]
C:\Program Files\dotnet\sdk\10.0.201\Microsoft.Common.CurrentVersion.targets(2451,5): warning MSB3277:             C:\Users\ultra\.nuget\packages\prism.composition\5.0.0\lib\NET45\Microsoft.Practices.Prism.Composition.dll [C:\Users\ultra\warewolf\Dev\Dev2.Runtime.Tests\Dev2.Runtime.Tests.csproj]
C:\Program Files\dotnet\sdk\10.0.201\Microsoft.Common.CurrentVersion.targets(2451,5): warning MSB3277:             C:\Users\ultra\.nuget\packages\prism.unityextensions\5.0.1\lib\NET45\Microsoft.Practices.Prism.UnityExtensions.dll [C:\Users\ultra\warewolf\Dev\Dev2.Runtime.Tests\Dev2.Runtime.Tests.csproj]
C:\Program Files\dotnet\sdk\10.0.201\Microsoft.Common.CurrentVersion.targets(2451,5): warning MSB3277:         C:\Users\ultra\.nuget\packages\prism.interactivity\5.0.0\lib\NET45\Microsoft.Practices.Prism.Interactivity.dll [C:\Users\ultra\warewolf\Dev\Dev2.Runtime.Tests\Dev2.Runtime.Tests.csproj]
C:\Program Files\dotnet\sdk\10.0.201\Microsoft.Common.CurrentVersion.targets(2451,5): warning MSB3277:           Project file item includes which caused reference "C:\Users\ultra\.nuget\packages\prism.interactivity\5.0.0\lib\NET45\Microsoft.Practices.Prism.Interactivity.dll". [C:\Users\ultra\warewolf\Dev\Dev2.Runtime.Tests\Dev2.Runtime.Tests.csproj]
C:\Program Files\dotnet\sdk\10.0.201\Microsoft.Common.CurrentVersion.targets(2451,5): warning MSB3277:             C:\Users\ultra\.nuget\packages\prism.interactivity\5.0.0\lib\NET45\Microsoft.Practices.Prism.Interactivity.dll [C:\Users\ultra\warewolf\Dev\Dev2.Runtime.Tests\Dev2.Runtime.Tests.csproj]
C:\Program Files\dotnet\sdk\10.0.201\Microsoft.Common.CurrentVersion.targets(2451,5): warning MSB3277:         C:\Users\ultra\.nuget\packages\prism.mvvm\1.0.0\lib\net45\Microsoft.Practices.Prism.Mvvm.Desktop.dll [C:\Users\ultra\warewolf\Dev\Dev2.Runtime.Tests\Dev2.Runtime.Tests.csproj]
C:\Program Files\dotnet\sdk\10.0.201\Microsoft.Common.CurrentVersion.targets(2451,5): warning MSB3277:           Project file item includes which caused reference "C:\Users\ultra\.nuget\packages\prism.mvvm\1.0.0\lib\net45\Microsoft.Practices.Prism.Mvvm.Desktop.dll". [C:\Users\ultra\warewolf\Dev\Dev2.Runtime.Tests\Dev2.Runtime.Tests.csproj]
C:\Program Files\dotnet\sdk\10.0.201\Microsoft.Common.CurrentVersion.targets(2451,5): warning MSB3277:             C:\Users\ultra\.nuget\packages\prism.mvvm\1.0.0\lib\net45\Microsoft.Practices.Prism.Mvvm.Desktop.dll [C:\Users\ultra\warewolf\Dev\Dev2.Runtime.Tests\Dev2.Runtime.Tests.csproj]
C:\Program Files\dotnet\sdk\10.0.201\Microsoft.Common.CurrentVersion.targets(2451,5): warning MSB3277:         C:\Users\ultra\.nuget\packages\prism.unityextensions\5.0.1\lib\NET45\Microsoft.Practices.Prism.UnityExtensions.dll [C:\Users\ultra\warewolf\Dev\Dev2.Runtime.Tests\Dev2.Runtime.Tests.csproj]
C:\Program Files\dotnet\sdk\10.0.201\Microsoft.Common.CurrentVersion.targets(2451,5): warning MSB3277:           Project file item includes which caused reference "C:\Users\ultra\.nuget\packages\prism.unityextensions\5.0.1\lib\NET45\Microsoft.Practices.Prism.UnityExtensions.dll". [C:\Users\ultra\warewolf\Dev\Dev2.Runtime.Tests\Dev2.Runtime.Tests.csproj]
C:\Program Files\dotnet\sdk\10.0.201\Microsoft.Common.CurrentVersion.targets(2451,5): warning MSB3277:             C:\Users\ultra\.nuget\packages\prism.unityextensions\5.0.1\lib\NET45\Microsoft.Practices.Prism.UnityExtensions.dll [C:\Users\ultra\warewolf\Dev\Dev2.Runtime.Tests\Dev2.Runtime.Tests.csproj]
C:\Program Files\dotnet\sdk\10.0.201\Microsoft.Common.CurrentVersion.targets(2451,5): warning MSB3277:         C:\Users\ultra\.nuget\packages\prism.wpf\9.0.537\lib\net462\Prism.Wpf.dll [C:\Users\ultra\warewolf\Dev\Dev2.Runtime.Tests\Dev2.Runtime.Tests.csproj]
C:\Program Files\dotnet\sdk\10.0.201\Microsoft.Common.CurrentVersion.targets(2451,5): warning MSB3277:           Project file item includes which caused reference "C:\Users\ultra\.nuget\packages\prism.wpf\9.0.537\lib\net462\Prism.Wpf.dll". [C:\Users\ultra\warewolf\Dev\Dev2.Runtime.Tests\Dev2.Runtime.Tests.csproj]
C:\Program Files\dotnet\sdk\10.0.201\Microsoft.Common.CurrentVersion.targets(2451,5): warning MSB3277:             C:\Users\ultra\.nuget\packages\prism.wpf\9.0.537\lib\net462\Prism.Wpf.dll [C:\Users\ultra\warewolf\Dev\Dev2.Runtime.Tests\Dev2.Runtime.Tests.csproj]
C:\Program Files\dotnet\sdk\10.0.201\Microsoft.Common.CurrentVersion.targets(2451,5): warning MSB3277:         C:\Users\ultra\.nuget\packages\reactiveui.wpf\18.4.1\lib\net462\ReactiveUI.Wpf.dll [C:\Users\ultra\warewolf\Dev\Dev2.Runtime.Tests\Dev2.Runtime.Tests.csproj]
C:\Program Files\dotnet\sdk\10.0.201\Microsoft.Common.CurrentVersion.targets(2451,5): warning MSB3277:           Project file item includes which caused reference "C:\Users\ultra\.nuget\packages\reactiveui.wpf\18.4.1\lib\net462\ReactiveUI.Wpf.dll". [C:\Users\ultra\warewolf\Dev\Dev2.Runtime.Tests\Dev2.Runtime.Tests.csproj]
C:\Program Files\dotnet\sdk\10.0.201\Microsoft.Common.CurrentVersion.targets(2451,5): warning MSB3277:             C:\Users\ultra\.nuget\packages\reactiveui.wpf\18.4.1\lib\net462\ReactiveUI.Wpf.dll [C:\Users\ultra\warewolf\Dev\Dev2.Runtime.Tests\Dev2.Runtime.Tests.csproj]
C:\Program Files\dotnet\sdk\10.0.201\Microsoft.Common.CurrentVersion.targets(2451,5): warning MSB3277: Found conflicts between different versions of "System.Drawing.Common" that could not be resolved. [C:\Users\ultra\warewolf\Dev\Dev2.Runtime.Tests\Dev2.Runtime.Tests.csproj]
C:\Program Files\dotnet\sdk\10.0.201\Microsoft.Common.CurrentVersion.targets(2451,5): warning MSB3277: There was a conflict between "System.Drawing.Common, Version=6.0.0.0, Culture=neutral, PublicKeyToken=cc7b13ffcd2ddd51" and "System.Drawing.Common, Version=8.0.0.0, Culture=neutral, PublicKeyToken=cc7b13ffcd2ddd51". [C:\Users\ultra\warewolf\Dev\Dev2.Runtime.Tests\Dev2.Runtime.Tests.csproj]
C:\Program Files\dotnet\sdk\10.0.201\Microsoft.Common.CurrentVersion.targets(2451,5): warning MSB3277:     "System.Drawing.Common, Version=6.0.0.0, Culture=neutral, PublicKeyToken=cc7b13ffcd2ddd51" was chosen because it was primary and "System.Drawing.Common, Version=8.0.0.0, Culture=neutral, PublicKeyToken=cc7b13ffcd2ddd51" was not. [C:\Users\ultra\warewolf\Dev\Dev2.Runtime.Tests\Dev2.Runtime.Tests.csproj]
C:\Program Files\dotnet\sdk\10.0.201\Microsoft.Common.CurrentVersion.targets(2451,5): warning MSB3277:     References which depend on "System.Drawing.Common, Version=6.0.0.0, Culture=neutral, PublicKeyToken=cc7b13ffcd2ddd51" [C:\Users\ultra\.nuget\packages\system.drawing.common\6.0.0\lib\net6.0\System.Drawing.Common.dll]. [C:\Users\ultra\warewolf\Dev\Dev2.Runtime.Tests\Dev2.Runtime.Tests.csproj]
C:\Program Files\dotnet\sdk\10.0.201\Microsoft.Common.CurrentVersion.targets(2451,5): warning MSB3277:         C:\Users\ultra\.nuget\packages\system.drawing.common\6.0.0\lib\net6.0\System.Drawing.Common.dll [C:\Users\ultra\warewolf\Dev\Dev2.Runtime.Tests\Dev2.Runtime.Tests.csproj]
C:\Program Files\dotnet\sdk\10.0.201\Microsoft.Common.CurrentVersion.targets(2451,5): warning MSB3277:           Project file item includes which caused reference "C:\Users\ultra\.nuget\packages\system.drawing.common\6.0.0\lib\net6.0\System.Drawing.Common.dll". [C:\Users\ultra\warewolf\Dev\Dev2.Runtime.Tests\Dev2.Runtime.Tests.csproj]
C:\Program Files\dotnet\sdk\10.0.201\Microsoft.Common.CurrentVersion.targets(2451,5): warning MSB3277:             C:\Users\ultra\.nuget\packages\system.drawing.common\6.0.0\lib\net6.0\System.Drawing.Common.dll [C:\Users\ultra\warewolf\Dev\Dev2.Runtime.Tests\Dev2.Runtime.Tests.csproj]
C:\Program Files\dotnet\sdk\10.0.201\Microsoft.Common.CurrentVersion.targets(2451,5): warning MSB3277:     References which depend on or have been unified to "System.Drawing.Common, Version=8.0.0.0, Culture=neutral, PublicKeyToken=cc7b13ffcd2ddd51" []. [C:\Users\ultra\warewolf\Dev\Dev2.Runtime.Tests\Dev2.Runtime.Tests.csproj]
C:\Program Files\dotnet\sdk\10.0.201\Microsoft.Common.CurrentVersion.targets(2451,5): warning MSB3277:         C:\Users\ultra\.nuget\packages\servicestack\6.3.0\lib\net6.0\ServiceStack.dll [C:\Users\ultra\warewolf\Dev\Dev2.Runtime.Tests\Dev2.Runtime.Tests.csproj]
C:\Program Files\dotnet\sdk\10.0.201\Microsoft.Common.CurrentVersion.targets(2451,5): warning MSB3277:           Project file item includes which caused reference "C:\Users\ultra\.nuget\packages\servicestack\6.3.0\lib\net6.0\ServiceStack.dll". [C:\Users\ultra\warewolf\Dev\Dev2.Runtime.Tests\Dev2.Runtime.Tests.csproj]
C:\Program Files\dotnet\sdk\10.0.201\Microsoft.Common.CurrentVersion.targets(2451,5): warning MSB3277:             C:\Users\ultra\.nuget\packages\servicestack\6.3.0\lib\net6.0\ServiceStack.dll [C:\Users\ultra\warewolf\Dev\Dev2.Runtime.Tests\Dev2.Runtime.Tests.csproj]
C:\Program Files\dotnet\sdk\10.0.201\Microsoft.Common.CurrentVersion.targets(2451,5): warning MSB3277:         C:\Users\ultra\.nuget\packages\system.windows.extensions\8.0.0\lib\net8.0\System.Windows.Extensions.dll [C:\Users\ultra\warewolf\Dev\Dev2.Runtime.Tests\Dev2.Runtime.Tests.csproj]
C:\Program Files\dotnet\sdk\10.0.201\Microsoft.Common.CurrentVersion.targets(2451,5): warning MSB3277:           Project file item includes which caused reference "C:\Users\ultra\.nuget\packages\system.windows.extensions\8.0.0\lib\net8.0\System.Windows.Extensions.dll". [C:\Users\ultra\warewolf\Dev\Dev2.Runtime.Tests\Dev2.Runtime.Tests.csproj]
C:\Program Files\dotnet\sdk\10.0.201\Microsoft.Common.CurrentVersion.targets(2451,5): warning MSB3277:             C:\Users\ultra\.nuget\packages\system.windows.extensions\8.0.0\lib\net8.0\System.Windows.Extensions.dll [C:\Users\ultra\warewolf\Dev\Dev2.Runtime.Tests\Dev2.Runtime.Tests.csproj]
C:\Program Files\dotnet\sdk\10.0.201\Microsoft.Common.CurrentVersion.targets(2451,5): warning MSB3277:             C:\Users\ultra\.nuget\packages\extended.wpf.toolkit\4.4.0\lib\net5.0\Xceed.Wpf.Toolkit.NET5.dll [C:\Users\ultra\warewolf\Dev\Dev2.Runtime.Tests\Dev2.Runtime.Tests.csproj]
C:\Program Files\dotnet\sdk\10.0.201\Microsoft.Common.CurrentVersion.targets(2451,5): warning MSB3277:             C:\Users\ultra\.nuget\packages\system.security.permissions\8.0.0\lib\net8.0\System.Security.Permissions.dll [C:\Users\ultra\warewolf\Dev\Dev2.Runtime.Tests\Dev2.Runtime.Tests.csproj]
C:\Program Files\dotnet\sdk\10.0.201\Microsoft.Common.CurrentVersion.targets(2451,5): warning MSB3277:             C:\Users\ultra\warewolf\Dev\Dev2.Data\bin\Debug\net8.0\Dev2.Data.dll [C:\Users\ultra\warewolf\Dev\Dev2.Runtime.Tests\Dev2.Runtime.Tests.csproj]
C:\Program Files\dotnet\sdk\10.0.201\Microsoft.Common.CurrentVersion.targets(2451,5): warning MSB3277:             C:\Users\ultra\warewolf\Dev\Dev2.Activities.Tests\bin\Debug\net8.0\linux-x64\Dev2.Activities.Tests.dll [C:\Users\ultra\warewolf\Dev\Dev2.Runtime.Tests\Dev2.Runtime.Tests.csproj]
C:\Program Files\dotnet\sdk\10.0.201\Microsoft.Common.CurrentVersion.targets(2451,5): warning MSB3277:             C:\Users\ultra\warewolf\Dev\Dev2.Activities\bin\Debug\net8.0\Dev2.Activities.dll [C:\Users\ultra\warewolf\Dev\Dev2.Runtime.Tests\Dev2.Runtime.Tests.csproj]
C:\Program Files\dotnet\sdk\10.0.201\Microsoft.Common.CurrentVersion.targets(2451,5): warning MSB3277:             C:\Users\ultra\warewolf\Dev\Dev2.Infrastructure.Tests\bin\Debug\net8.0\linux-x64\Dev2.Infrastructure.Tests.dll [C:\Users\ultra\warewolf\Dev\Dev2.Runtime.Tests\Dev2.Runtime.Tests.csproj]
C:\Program Files\dotnet\sdk\10.0.201\Microsoft.Common.CurrentVersion.targets(2451,5): warning MSB3277:             C:\Users\ultra\warewolf\Dev\Dev2.Core\bin\Debug\net8.0\Dev2.Core.dll [C:\Users\ultra\warewolf\Dev\Dev2.Runtime.Tests\Dev2.Runtime.Tests.csproj]
C:\Program Files\dotnet\sdk\10.0.201\Microsoft.Common.CurrentVersion.targets(2451,5): warning MSB3277:             C:\Users\ultra\warewolf\Dev\Dev2.Runtime.Services\bin\Debug\net8.0\Dev2.Runtime.Services.dll [C:\Users\ultra\warewolf\Dev\Dev2.Runtime.Tests\Dev2.Runtime.Tests.csproj]
C:\Program Files\dotnet\sdk\10.0.201\Microsoft.Common.CurrentVersion.targets(2451,5): warning MSB3277:             C:\Users\ultra\warewolf\Dev\Dev2.Runtime.WebServer\bin\Debug\net8.0\Dev2.Runtime.WebServer.dll [C:\Users\ultra\warewolf\Dev\Dev2.Runtime.Tests\Dev2.Runtime.Tests.csproj]
C:\Program Files\dotnet\sdk\10.0.201\Microsoft.Common.CurrentVersion.targets(2451,5): warning MSB3277:             C:\Users\ultra\warewolf\Dev\Dev2.Runtime\bin\Debug\net8.0\Dev2.Runtime.dll [C:\Users\ultra\warewolf\Dev\Dev2.Runtime.Tests\Dev2.Runtime.Tests.csproj]
C:\Program Files\dotnet\sdk\10.0.201\Microsoft.Common.CurrentVersion.targets(2451,5): warning MSB3277:             C:\Users\ultra\warewolf\Dev\Dev2.Scheduler\bin\Debug\net8.0\Dev2.Scheduler.dll [C:\Users\ultra\warewolf\Dev\Dev2.Runtime.Tests\Dev2.Runtime.Tests.csproj]
C:\Program Files\dotnet\sdk\10.0.201\Microsoft.Common.CurrentVersion.targets(2451,5): warning MSB3277:             C:\Users\ultra\warewolf\Dev\Dev2.Services.Execution\bin\Debug\net8.0\Dev2.Services.Execution.dll [C:\Users\ultra\warewolf\Dev\Dev2.Runtime.Tests\Dev2.Runtime.Tests.csproj]
C:\Program Files\dotnet\sdk\10.0.201\Microsoft.Common.CurrentVersion.targets(2451,5): warning MSB3277:             C:\Users\ultra\warewolf\Dev\Dev2.Studio.Interfaces\bin\Debug\net8.0\Dev2.Studio.Interfaces.dll [C:\Users\ultra\warewolf\Dev\Dev2.Runtime.Tests\Dev2.Runtime.Tests.csproj]
C:\Program Files\dotnet\sdk\10.0.201\Microsoft.Common.CurrentVersion.targets(2451,5): warning MSB3277:             C:\Users\ultra\warewolf\Dev\TestBase\bin\Debug\net8.0\TestBase.dll [C:\Users\ultra\warewolf\Dev\Dev2.Runtime.Tests\Dev2.Runtime.Tests.csproj]
C:\Program Files\dotnet\sdk\10.0.201\Microsoft.Common.CurrentVersion.targets(2451,5): warning MSB3277:             C:\Users\ultra\warewolf\Dev\Warewolf.Auditing\bin\Debug\net8.0\Warewolf.Auditing.dll [C:\Users\ultra\warewolf\Dev\Dev2.Runtime.Tests\Dev2.Runtime.Tests.csproj]
C:\Program Files\dotnet\sdk\10.0.201\Microsoft.Common.CurrentVersion.targets(2451,5): warning MSB3277:             C:\Users\ultra\warewolf\Dev\Warewolf.Common.Framework48\bin\Debug\net8.0\Warewolf.Common.Framework48.dll [C:\Users\ultra\warewolf\Dev\Dev2.Runtime.Tests\Dev2.Runtime.Tests.csproj]
C:\Program Files\dotnet\sdk\10.0.201\Microsoft.Common.CurrentVersion.targets(2451,5): warning MSB3277:             C:\Users\ultra\warewolf\Dev\Warewolf.Core\bin\Debug\net8.0\Warewolf.Core.dll [C:\Users\ultra\warewolf\Dev\Dev2.Runtime.Tests\Dev2.Runtime.Tests.csproj]
C:\Program Files\dotnet\sdk\10.0.201\Microsoft.Common.CurrentVersion.targets(2451,5): warning MSB3277:             C:\Users\ultra\warewolf\Dev\Warewolf.ResourceManagement\bin\Debug\net8.0\Warewolf.ResourceManagement.dll [C:\Users\ultra\warewolf\Dev\Dev2.Runtime.Tests\Dev2.Runtime.Tests.csproj]
C:\Program Files\dotnet\sdk\10.0.201\Microsoft.Common.CurrentVersion.targets(2451,5): warning MSB3277:             C:\Users\ultra\warewolf\Dev\Warewolf.Trigger.Queue\bin\Debug\net8.0\Warewolf.Trigger.Queue.dll [C:\Users\ultra\warewolf\Dev\Dev2.Runtime.Tests\Dev2.Runtime.Tests.csproj]
C:\Program Files\dotnet\sdk\10.0.201\Microsoft.Common.CurrentVersion.targets(2451,5): warning MSB3277:             C:\Users\ultra\warewolf\Dev\Dev2.Common.Tests\bin\Debug\net8.0\Dev2.Common.Tests.dll [C:\Users\ultra\warewolf\Dev\Dev2.Runtime.Tests\Dev2.Runtime.Tests.csproj]
C:\Program Files\dotnet\sdk\10.0.201\Microsoft.Common.CurrentVersion.targets(2451,5): warning MSB3277:             C:\Users\ultra\warewolf\Dev\Dev2.Diagnostics.Tests\bin\Debug\net8.0\linux-x64\Dev2.Diagnostics.Tests.dll [C:\Users\ultra\warewolf\Dev\Dev2.Runtime.Tests\Dev2.Runtime.Tests.csproj]
C:\Program Files\dotnet\sdk\10.0.201\Microsoft.Common.CurrentVersion.targets(2451,5): warning MSB3277:             C:\Users\ultra\warewolf\Dev\Dev2.Intellisense\bin\Debug\net8.0\Dev2.Intellisense.dll [C:\Users\ultra\warewolf\Dev\Dev2.Runtime.Tests\Dev2.Runtime.Tests.csproj]
C:\Program Files\dotnet\sdk\10.0.201\Microsoft.Common.CurrentVersion.targets(2451,5): warning MSB3277:             C:\Users\ultra\warewolf\Dev\Dev2.Studio.Core\bin\Debug\net8.0\Dev2.Studio.Core.dll [C:\Users\ultra\warewolf\Dev\Dev2.Runtime.Tests\Dev2.Runtime.Tests.csproj]
C:\Program Files\dotnet\sdk\10.0.201\Microsoft.Common.CurrentVersion.targets(2451,5): warning MSB3277:             C:\Users\ultra\warewolf\Dev\Warewolf.HangfireServer\bin\Debug\net8.0\linux-x64\HangfireServer.dll [C:\Users\ultra\warewolf\Dev\Dev2.Runtime.Tests\Dev2.Runtime.Tests.csproj]
C:\Program Files\dotnet\sdk\10.0.201\Microsoft.Common.CurrentVersion.targets(2451,5): warning MSB3277:             C:\Users\ultra\warewolf\Dev\Warewolf.QueueWorker\bin\Debug\net8.0\linux-x64\QueueWorker.dll [C:\Users\ultra\warewolf\Dev\Dev2.Runtime.Tests\Dev2.Runtime.Tests.csproj]
C:\Program Files\dotnet\sdk\10.0.201\Microsoft.Common.CurrentVersion.targets(2451,5): warning MSB3277:             C:\Users\ultra\warewolf\Dev\Dev2.Server\bin\Debug\net8.0\linux-x64\Warewolf Server.dll [C:\Users\ultra\warewolf\Dev\Dev2.Runtime.Tests\Dev2.Runtime.Tests.csproj]
C:\Program Files\dotnet\sdk\10.0.201\Microsoft.Common.CurrentVersion.targets(2451,5): warning MSB3277:             C:\Users\ultra\warewolf\Dev\Dev2.Studio\bin\Debug\net8.0\linux-x64\Warewolf Studio.dll [C:\Users\ultra\warewolf\Dev\Dev2.Runtime.Tests\Dev2.Runtime.Tests.csproj]
C:\Program Files\dotnet\sdk\10.0.201\Microsoft.Common.CurrentVersion.targets(2451,5): warning MSB3277:             C:\Users\ultra\warewolf\Dev\Warewolf.Common.NetStandard20\bin\Debug\net8.0\Warewolf.Common.NetStandard20.dll [C:\Users\ultra\warewolf\Dev\Dev2.Runtime.Tests\Dev2.Runtime.Tests.csproj]
C:\Program Files\dotnet\sdk\10.0.201\Microsoft.Common.CurrentVersion.targets(2451,5): warning MSB3277:             C:\Users\ultra\warewolf\Dev\Warewolf.Core.Tests\bin\Debug\net8.0\linux-x64\Warewolf.Core.Tests.dll [C:\Users\ultra\warewolf\Dev\Dev2.Runtime.Tests\Dev2.Runtime.Tests.csproj]
C:\Program Files\dotnet\sdk\10.0.201\Microsoft.Common.CurrentVersion.targets(2451,5): warning MSB3277:             C:\Users\ultra\warewolf\Dev\Warewolf.Driver.Persistence\bin\Debug\net8.0\Warewolf.Driver.Persistence.dll [C:\Users\ultra\warewolf\Dev\Dev2.Runtime.Tests\Dev2.Runtime.Tests.csproj]
C:\Program Files\dotnet\sdk\10.0.201\Microsoft.Common.CurrentVersion.targets(2451,5): warning MSB3277:             C:\Users\ultra\warewolf\Dev\Warewolf.Exchange.Email.Wrapper\bin\Debug\net8.0\Warewolf.Exchange.Email.Wrapper.dll [C:\Users\ultra\warewolf\Dev\Dev2.Runtime.Tests\Dev2.Runtime.Tests.csproj]
C:\Program Files\dotnet\sdk\10.0.201\Microsoft.Common.CurrentVersion.targets(2451,5): warning MSB3277:             C:\Users\ultra\warewolf\Dev\Warewolf.MergeParser.Tests\bin\Debug\net8.0\linux-x64\Warewolf.MergeParser.Tests.dll [C:\Users\ultra\warewolf\Dev\Dev2.Runtime.Tests\Dev2.Runtime.Tests.csproj]
C:\Program Files\dotnet\sdk\10.0.201\Microsoft.Common.CurrentVersion.targets(2451,5): warning MSB3277:             C:\Users\ultra\warewolf\Dev\Warewolf.Studio.Core\bin\Debug\net8.0\Warewolf.Studio.Core.dll [C:\Users\ultra\warewolf\Dev\Dev2.Runtime.Tests\Dev2.Runtime.Tests.csproj]
C:\Program Files\dotnet\sdk\10.0.201\Microsoft.Common.CurrentVersion.targets(2451,5): warning MSB3277:             C:\Users\ultra\warewolf\Dev\Warewolf.Studio.CustomControls\bin\Debug\net8.0\Warewolf.Studio.CustomControls.dll [C:\Users\ultra\warewolf\Dev\Dev2.Runtime.Tests\Dev2.Runtime.Tests.csproj]
C:\Program Files\dotnet\sdk\10.0.201\Microsoft.Common.CurrentVersion.targets(2451,5): warning MSB3277:             C:\Users\ultra\warewolf\Dev\Warewolf.Studio.Models\bin\Debug\net8.0\Warewolf.Studio.Models.dll [C:\Users\ultra\warewolf\Dev\Dev2.Runtime.Tests\Dev2.Runtime.Tests.csproj]
C:\Program Files\dotnet\sdk\10.0.201\Microsoft.Common.CurrentVersion.targets(2451,5): warning MSB3277:             C:\Users\ultra\warewolf\Dev\Warewolf.Studio.ViewModels\bin\Debug\net8.0\Warewolf.Studio.ViewModels.dll [C:\Users\ultra\warewolf\Dev\Dev2.Runtime.Tests\Dev2.Runtime.Tests.csproj]
C:\Program Files\dotnet\sdk\10.0.201\Microsoft.Common.CurrentVersion.targets(2451,5): warning MSB3277:             C:\Users\ultra\warewolf\Dev\Warewolf.Testing\bin\Debug\net8.0\Warewolf.Testing.dll [C:\Users\ultra\warewolf\Dev\Dev2.Runtime.Tests\Dev2.Runtime.Tests.csproj]
C:\Program Files\dotnet\sdk\10.0.201\Microsoft.Common.CurrentVersion.targets(2451,5): warning MSB3277:             C:\Users\ultra\warewolf\Dev\Warewolf.UI\bin\Debug\net8.0\Warewolf.UI.dll [C:\Users\ultra\warewolf\Dev\Dev2.Runtime.Tests\Dev2.Runtime.Tests.csproj]
C:\Program Files\dotnet\sdk\10.0.201\Microsoft.Common.CurrentVersion.targets(2451,5): warning MSB3277:             C:\Users\ultra\warewolf\Dev\Warewolf.Logger\bin\Debug\net8.0\linux-x64\WarewolfLogger.dll [C:\Users\ultra\warewolf\Dev\Dev2.Runtime.Tests\Dev2.Runtime.Tests.csproj]
C:\Program Files\dotnet\sdk\10.0.201\Microsoft.Common.CurrentVersion.targets(2451,5): warning MSB3277:             C:\Users\ultra\.nuget\packages\dotnetzip\1.16.0\lib\netstandard2.0\DotNetZip.dll [C:\Users\ultra\warewolf\Dev\Dev2.Runtime.Tests\Dev2.Runtime.Tests.csproj]
C:\Program Files\dotnet\sdk\10.0.201\Microsoft.Common.CurrentVersion.targets(2451,5): warning MSB3277:             C:\Users\ultra\warewolf\Dev\Dev2.Data.Interfaces\bin\Debug\net8.0\Dev2.Data.Interfaces.dll [C:\Users\ultra\warewolf\Dev\Dev2.Runtime.Tests\Dev2.Runtime.Tests.csproj]
C:\Program Files\dotnet\sdk\10.0.201\Microsoft.Common.CurrentVersion.targets(2451,5): warning MSB3277:             C:\Users\ultra\warewolf\Dev\Dev2.Diagnostics\bin\Debug\net8.0\Dev2.Diagnostics.dll [C:\Users\ultra\warewolf\Dev\Dev2.Runtime.Tests\Dev2.Runtime.Tests.csproj]
C:\Program Files\dotnet\sdk\10.0.201\Microsoft.Common.CurrentVersion.targets(2451,5): warning MSB3277:             C:\Users\ultra\warewolf\Dev\Dev2.Infrastructure\bin\Debug\net8.0\Dev2.Infrastructure.dll [C:\Users\ultra\warewolf\Dev\Dev2.Runtime.Tests\Dev2.Runtime.Tests.csproj]
C:\Program Files\dotnet\sdk\10.0.201\Microsoft.Common.CurrentVersion.targets(2451,5): warning MSB3277:             C:\Users\ultra\warewolf\Dev\Dev2.Common\bin\Debug\net8.0\Dev2.Common.dll [C:\Users\ultra\warewolf\Dev\Dev2.Runtime.Tests\Dev2.Runtime.Tests.csproj]
C:\Program Files\dotnet\sdk\10.0.201\Microsoft.Common.CurrentVersion.targets(2451,5): warning MSB3277:             C:\Users\ultra\warewolf\Dev\Dev2.Services.Sql\bin\Debug\net8.0\Dev2.Services.Sql.dll [C:\Users\ultra\warewolf\Dev\Dev2.Runtime.Tests\Dev2.Runtime.Tests.csproj]
C:\Program Files\dotnet\sdk\10.0.201\Microsoft.Common.CurrentVersion.targets(2451,5): warning MSB3277:             C:\Users\ultra\warewolf\Dev\Dev2.TaskScheduler.Wrappers\bin\Debug\net8.0\Dev2.TaskScheduler.Wrappers.dll [C:\Users\ultra\warewolf\Dev\Dev2.Runtime.Tests\Dev2.Runtime.Tests.csproj]
C:\Program Files\dotnet\sdk\10.0.201\Microsoft.Common.CurrentVersion.targets(2451,5): warning MSB3277:             C:\Users\ultra\warewolf\Dev\Dev2.Util\bin\Debug\net8.0\Dev2.Util.dll [C:\Users\ultra\warewolf\Dev\Dev2.Runtime.Tests\Dev2.Runtime.Tests.csproj]
C:\Program Files\dotnet\sdk\10.0.201\Microsoft.Common.CurrentVersion.targets(2451,5): warning MSB3277:             C:\Users\ultra\warewolf\Dev\Warewolf.Storage\bin\Debug\net8.0\Warewolf.Storage.dll [C:\Users\ultra\warewolf\Dev\Dev2.Runtime.Tests\Dev2.Runtime.Tests.csproj]
C:\Program Files\dotnet\sdk\10.0.201\Microsoft.Common.CurrentVersion.targets(2451,5): warning MSB3277:             C:\Users\ultra\warewolf\Dev\Dev2.Development.Languages\bin\Debug\net8.0\Dev2.Development.Languages.dll [C:\Users\ultra\warewolf\Dev\Dev2.Runtime.Tests\Dev2.Runtime.Tests.csproj]
C:\Program Files\dotnet\sdk\10.0.201\Microsoft.Common.CurrentVersion.targets(2451,5): warning MSB3277:             C:\Users\ultra\warewolf\Dev\Warewolf.AI.Harness\bin\Debug\net8.0\Warewolf.AI.Harness.dll [C:\Users\ultra\warewolf\Dev\Dev2.Runtime.Tests\Dev2.Runtime.Tests.csproj]
C:\Program Files\dotnet\sdk\10.0.201\Microsoft.Common.CurrentVersion.targets(2451,5): warning MSB3277:             C:\Users\ultra\warewolf\Dev\Warewolf.Driver.Serilog\bin\Debug\net8.0\Warewolf.Driver.Serilog.dll [C:\Users\ultra\warewolf\Dev\Dev2.Runtime.Tests\Dev2.Runtime.Tests.csproj]
C:\Program Files\dotnet\sdk\10.0.201\Microsoft.Common.CurrentVersion.targets(2451,5): warning MSB3277:             C:\Users\ultra\warewolf\Dev\Warewolf.PerfMon\bin\Debug\net8.0\linux-x64\Warewolf.PerfMon.dll [C:\Users\ultra\warewolf\Dev\Dev2.Runtime.Tests\Dev2.Runtime.Tests.csproj]
C:\Program Files\dotnet\sdk\10.0.201\Microsoft.Common.CurrentVersion.targets(2451,5): warning MSB3277:             C:\Users\ultra\warewolf\Dev\Warewolf.Sharepoint\bin\Debug\net8.0\Warewolf.Sharepoint.dll [C:\Users\ultra\warewolf\Dev\Dev2.Runtime.Tests\Dev2.Runtime.Tests.csproj]
C:\Program Files\dotnet\sdk\10.0.201\Microsoft.Common.CurrentVersion.targets(2451,5): warning MSB3277:             C:\Users\ultra\.nuget\packages\mindbox.data.linq\5.0.0\lib\netstandard2.0\Mindbox.Data.Linq.dll [C:\Users\ultra\warewolf\Dev\Dev2.Runtime.Tests\Dev2.Runtime.Tests.csproj]
C:\Program Files\dotnet\sdk\10.0.201\Microsoft.Common.CurrentVersion.targets(2451,5): warning MSB3277:             C:\Users\ultra\.nuget\packages\mysql.data\8.4.0\lib\net8.0\MySql.Data.dll [C:\Users\ultra\warewolf\Dev\Dev2.Runtime.Tests\Dev2.Runtime.Tests.csproj]
C:\Program Files\dotnet\sdk\10.0.201\Microsoft.Common.CurrentVersion.targets(2451,5): warning MSB3277:             C:\Users\ultra\.nuget\packages\oracle.manageddataaccess.core\3.21.70\lib\netstandard2.1\Oracle.ManagedDataAccess.dll [C:\Users\ultra\warewolf\Dev\Dev2.Runtime.Tests\Dev2.Runtime.Tests.csproj]
C:\Program Files\dotnet\sdk\10.0.201\Microsoft.Common.CurrentVersion.targets(2451,5): warning MSB3277:             C:\Users\ultra\.nuget\packages\system.directoryservices\6.0.0\lib\net6.0\System.DirectoryServices.dll [C:\Users\ultra\warewolf\Dev\Dev2.Runtime.Tests\Dev2.Runtime.Tests.csproj]
C:\Program Files\dotnet\sdk\10.0.201\Microsoft.Common.CurrentVersion.targets(2451,5): warning MSB3277:             C:\Users\ultra\.nuget\packages\corewcf.primitives\1.2.1\lib\netstandard2.0\CoreWCF.Primitives.dll [C:\Users\ultra\warewolf\Dev\Dev2.Runtime.Tests\Dev2.Runtime.Tests.csproj]
C:\Program Files\dotnet\sdk\10.0.201\Microsoft.Common.CurrentVersion.targets(2451,5): warning MSB3277:             C:\Users\ultra\.nuget\packages\corewcf.http\1.2.1\lib\netstandard2.0\CoreWCF.Http.dll [C:\Users\ultra\warewolf\Dev\Dev2.Runtime.Tests\Dev2.Runtime.Tests.csproj]
C:\Program Files\dotnet\sdk\10.0.201\Microsoft.Common.CurrentVersion.targets(2451,5): warning MSB3277:             C:\Users\ultra\.nuget\packages\corewcf.nettcp\1.2.1\lib\netstandard2.0\CoreWCF.NetTcp.dll [C:\Users\ultra\warewolf\Dev\Dev2.Runtime.Tests\Dev2.Runtime.Tests.csproj]
C:\Program Files\dotnet\sdk\10.0.201\Microsoft.Common.CurrentVersion.targets(2451,5): warning MSB3277:             C:\Users\ultra\.nuget\packages\corewcf.webhttp\1.2.1\lib\netstandard2.0\CoreWCF.WebHttp.dll [C:\Users\ultra\warewolf\Dev\Dev2.Runtime.Tests\Dev2.Runtime.Tests.csproj]
C:\Program Files\dotnet\sdk\10.0.201\Microsoft.Common.CurrentVersion.targets(2451,5): warning MSB3277:             C:\Program Files\dotnet\packs\Microsoft.NETCore.App.Ref\8.0.25\ref/net8.0/System.Configuration.dll [C:\Users\ultra\warewolf\Dev\Dev2.Runtime.Tests\Dev2.Runtime.Tests.csproj]
C:\Program Files\dotnet\sdk\10.0.201\Microsoft.Common.CurrentVersion.targets(2451,5): warning MSB3277:             C:\Users\ultra\.nuget\packages\prism.composition\5.0.0\lib\NET45\Microsoft.Practices.Prism.Composition.dll [C:\Users\ultra\warewolf\Dev\Dev2.Runtime.Tests\Dev2.Runtime.Tests.csproj]
C:\Program Files\dotnet\sdk\10.0.201\Microsoft.Common.CurrentVersion.targets(2451,5): warning MSB3277:             C:\Users\ultra\.nuget\packages\prism.unityextensions\5.0.1\lib\NET45\Microsoft.Practices.Prism.UnityExtensions.dll [C:\Users\ultra\warewolf\Dev\Dev2.Runtime.Tests\Dev2.Runtime.Tests.csproj]
C:\Program Files\dotnet\sdk\10.0.201\Microsoft.Common.CurrentVersion.targets(2451,5): warning MSB3277:             C:\Users\ultra\.nuget\packages\prism.wpf\9.0.537\lib\net462\Prism.Wpf.dll [C:\Users\ultra\warewolf\Dev\Dev2.Runtime.Tests\Dev2.Runtime.Tests.csproj]
C:\Program Files\dotnet\sdk\10.0.201\Microsoft.Common.CurrentVersion.targets(2451,5): warning MSB3277:             C:\Program Files\dotnet\packs\Microsoft.NETCore.App.Ref\8.0.25\ref/net8.0/System.Data.dll [C:\Users\ultra\warewolf\Dev\Dev2.Runtime.Tests\Dev2.Runtime.Tests.csproj]
C:\Program Files\dotnet\sdk\10.0.201\Microsoft.Common.CurrentVersion.targets(2451,5): warning MSB3277:             C:\Users\ultra\.nuget\packages\taskschedulereditor\2.10.1\lib\net452\Microsoft.Win32.TaskSchedulerEditor.dll [C:\Users\ultra\warewolf\Dev\Dev2.Runtime.Tests\Dev2.Runtime.Tests.csproj]
C:\Program Files\dotnet\sdk\10.0.201\Microsoft.Common.CurrentVersion.targets(2451,5): warning MSB3277:             C:\Program Files\dotnet\packs\Microsoft.NETCore.App.Ref\8.0.25\ref/net8.0/System.Drawing.dll [C:\Users\ultra\warewolf\Dev\Dev2.Runtime.Tests\Dev2.Runtime.Tests.csproj]
C:\Program Files\dotnet\sdk\10.0.201\Microsoft.Common.CurrentVersion.targets(2451,5): warning MSB3277:             C:\Users\ultra\.nuget\packages\aerowizard\2.3.1\lib\net45\AeroWizard.dll [C:\Users\ultra\warewolf\Dev\Dev2.Runtime.Tests\Dev2.Runtime.Tests.csproj]
C:\Program Files\dotnet\sdk\10.0.201\Microsoft.Common.CurrentVersion.targets(2451,5): warning MSB3277:             C:\Users\ultra\.nuget\packages\avalonedit\6.3.0.90\lib\net462\ICSharpCode.AvalonEdit.dll [C:\Users\ultra\warewolf\Dev\Dev2.Runtime.Tests\Dev2.Runtime.Tests.csproj]
C:\Program Files\dotnet\sdk\10.0.201\Microsoft.Common.CurrentVersion.targets(2451,5): warning MSB3277:             C:\Users\ultra\.nuget\packages\groupcontrols\1.9.0\lib\net45\GroupControls.dll [C:\Users\ultra\warewolf\Dev\Dev2.Runtime.Tests\Dev2.Runtime.Tests.csproj]
C:\Program Files\dotnet\sdk\10.0.201\Microsoft.Common.CurrentVersion.targets(2451,5): warning MSB3277:             C:\Program Files\dotnet\packs\Microsoft.NETCore.App.Ref\8.0.25\ref/net8.0/System.Net.dll [C:\Users\ultra\warewolf\Dev\Dev2.Runtime.Tests\Dev2.Runtime.Tests.csproj]
C:\Program Files\dotnet\sdk\10.0.201\Microsoft.Common.CurrentVersion.targets(2451,5): warning MSB3277:             C:\Program Files\dotnet\packs\Microsoft.NETCore.App.Ref\8.0.25\ref/net8.0/System.Security.dll [C:\Users\ultra\warewolf\Dev\Dev2.Runtime.Tests\Dev2.Runtime.Tests.csproj]
C:\Program Files\dotnet\sdk\10.0.201\Microsoft.Common.CurrentVersion.targets(2451,5): warning MSB3277:             C:\Program Files\dotnet\packs\Microsoft.NETCore.App.Ref\8.0.25\ref/net8.0/System.ServiceProcess.dll [C:\Users\ultra\warewolf\Dev\Dev2.Runtime.Tests\Dev2.Runtime.Tests.csproj]
C:\Program Files\dotnet\sdk\10.0.201\Microsoft.Common.CurrentVersion.targets(2451,5): warning MSB3277:             C:\Program Files\dotnet\packs\Microsoft.NETCore.App.Ref\8.0.25\ref/net8.0/System.Transactions.dll [C:\Users\ultra\warewolf\Dev\Dev2.Runtime.Tests\Dev2.Runtime.Tests.csproj]
C:\Program Files\dotnet\sdk\10.0.201\Microsoft.Common.CurrentVersion.targets(2451,5): warning MSB3277:             C:\Program Files\dotnet\packs\Microsoft.NETCore.App.Ref\8.0.25\ref/net8.0/System.dll [C:\Users\ultra\warewolf\Dev\Dev2.Runtime.Tests\Dev2.Runtime.Tests.csproj]
C:\Program Files\dotnet\sdk\10.0.201\Microsoft.Common.CurrentVersion.targets(2451,5): warning MSB3277:             C:\Users\ultra\.nuget\packages\fontawesome.wpf\4.7.0.9\lib\net40\FontAwesome.WPF.dll [C:\Users\ultra\warewolf\Dev\Dev2.Runtime.Tests\Dev2.Runtime.Tests.csproj]
C:\Program Files\dotnet\sdk\10.0.201\Microsoft.Common.CurrentVersion.targets(2451,5): warning MSB3277:             C:\Users\ultra\.nuget\packages\log4net.async\2.0.4\lib\net40\Log4Net.Async.dll [C:\Users\ultra\warewolf\Dev\Dev2.Runtime.Tests\Dev2.Runtime.Tests.csproj]
C:\Program Files\dotnet\sdk\10.0.201\Microsoft.Common.CurrentVersion.targets(2451,5): warning MSB3277:             C:\Users\ultra\.nuget\packages\microsoft.xaml.behaviors.wpf\1.1.122\lib\net462\Microsoft.Xaml.Behaviors.dll [C:\Users\ultra\warewolf\Dev\Dev2.Runtime.Tests\Dev2.Runtime.Tests.csproj]
C:\Program Files\dotnet\sdk\10.0.201\Microsoft.Common.CurrentVersion.targets(2451,5): warning MSB3277:             C:\Users\ultra\.nuget\packages\caliburn.micro\4.0.212\lib\netcoreapp3.1\Caliburn.Micro.Platform.dll [C:\Users\ultra\warewolf\Dev\Dev2.Runtime.Tests\Dev2.Runtime.Tests.csproj]
C:\Program Files\dotnet\sdk\10.0.201\Microsoft.Common.CurrentVersion.targets(2451,5): warning MSB3277:             C:\Users\ultra\.nuget\packages\prism.interactivity\5.0.0\lib\NET45\Microsoft.Practices.Prism.Interactivity.dll [C:\Users\ultra\warewolf\Dev\Dev2.Runtime.Tests\Dev2.Runtime.Tests.csproj]
C:\Program Files\dotnet\sdk\10.0.201\Microsoft.Common.CurrentVersion.targets(2451,5): warning MSB3277:             C:\Users\ultra\.nuget\packages\prism.mvvm\1.0.0\lib\net45\Microsoft.Practices.Prism.Mvvm.Desktop.dll [C:\Users\ultra\warewolf\Dev\Dev2.Runtime.Tests\Dev2.Runtime.Tests.csproj]
C:\Program Files\dotnet\sdk\10.0.201\Microsoft.Common.CurrentVersion.targets(2451,5): warning MSB3277:             C:\Users\ultra\.nuget\packages\reactiveui.wpf\18.4.1\lib\net462\ReactiveUI.Wpf.dll [C:\Users\ultra\warewolf\Dev\Dev2.Runtime.Tests\Dev2.Runtime.Tests.csproj]
C:\Program Files\dotnet\sdk\10.0.201\Microsoft.Common.CurrentVersion.targets(2451,5): warning MSB3277:             C:\Users\ultra\.nuget\packages\ttcue.netcore.sharepointonline.csom.16.1.8029.1200\16.1.8029.1200\lib\netcoreapp2.0\Microsoft.SharePoint.Client.Runtime.Windows.dll [C:\Users\ultra\warewolf\Dev\Dev2.Runtime.Tests\Dev2.Runtime.Tests.csproj]
C:\Program Files\dotnet\sdk\10.0.201\Microsoft.Common.CurrentVersion.targets(2451,5): warning MSB3277:             C:\Program Files\dotnet\packs\Microsoft.NETCore.App.Ref\8.0.25\ref/net8.0/WindowsBase.dll [C:\Users\ultra\warewolf\Dev\Dev2.Runtime.Tests\Dev2.Runtime.Tests.csproj]
C:\Program Files\dotnet\sdk\10.0.201\Microsoft.Common.CurrentVersion.targets(2451,5): warning MSB3277:             C:\Program Files\dotnet\packs\Microsoft.NETCore.App.Ref\8.0.25\ref/net8.0/mscorlib.dll [C:\Users\ultra\warewolf\Dev\Dev2.Runtime.Tests\Dev2.Runtime.Tests.csproj]
C:\Program Files\dotnet\sdk\10.0.201\Microsoft.Common.CurrentVersion.targets(2451,5): warning MSB3277:             Warewolf.Usage, Version=1.0.0.0, Culture=neutral, PublicKeyToken=null [C:\Users\ultra\warewolf\Dev\Dev2.Runtime.Tests\Dev2.Runtime.Tests.csproj]
C:\Program Files\dotnet\sdk\10.0.201\Microsoft.Common.CurrentVersion.targets(2451,5): warning MSB3277:             C:\Users\ultra\.nuget\packages\hangfire.core\1.7.32\lib\netstandard2.0\Hangfire.Core.dll [C:\Users\ultra\warewolf\Dev\Dev2.Runtime.Tests\Dev2.Runtime.Tests.csproj]
C:\Program Files\dotnet\sdk\10.0.201\Microsoft.Common.CurrentVersion.targets(2451,5): warning MSB3277:             C:\Users\ultra\.nuget\packages\hangfire.aspnetcore\1.7.32\lib\netcoreapp3.0\Hangfire.AspNetCore.dll [C:\Users\ultra\warewolf\Dev\Dev2.Runtime.Tests\Dev2.Runtime.Tests.csproj]
C:\Program Files\dotnet\sdk\10.0.201\Microsoft.Common.CurrentVersion.targets(2451,5): warning MSB3277:             C:\Users\ultra\.nuget\packages\hangfire.sqlserver\1.7.32\lib\netstandard2.0\Hangfire.SqlServer.dll [C:\Users\ultra\warewolf\Dev\Dev2.Runtime.Tests\Dev2.Runtime.Tests.csproj]
C:\Program Files\dotnet\sdk\10.0.201\Microsoft.Common.CurrentVersion.targets(2451,5): warning MSB3277:             C:\Users\ultra\.nuget\packages\microsoft.codecoverage\17.13.0\lib\netcoreapp3.1\Microsoft.VisualStudio.CodeCoverage.Shim.dll [C:\Users\ultra\warewolf\Dev\Dev2.Runtime.Tests\Dev2.Runtime.Tests.csproj]
C:\Program Files\dotnet\sdk\10.0.201\Microsoft.Common.CurrentVersion.targets(2451,5): warning MSB3277:             C:\Users\ultra\.nuget\packages\unofficial.microsoft.mshtml\7.0.3300\lib\net40\Microsoft.mshtml.dll [C:\Users\ultra\warewolf\Dev\Dev2.Runtime.Tests\Dev2.Runtime.Tests.csproj]
C:\Program Files\dotnet\sdk\10.0.201\Microsoft.Common.CurrentVersion.targets(2451,5): warning MSB3277:         C:\Program Files\dotnet\packs\Microsoft.NETCore.App.Ref\8.0.25\ref\net8.0\System.Drawing.dll [C:\Users\ultra\warewolf\Dev\Dev2.Runtime.Tests\Dev2.Runtime.Tests.csproj]
C:\Program Files\dotnet\sdk\10.0.201\Microsoft.Common.CurrentVersion.targets(2451,5): warning MSB3277:           Project file item includes which caused reference "C:\Program Files\dotnet\packs\Microsoft.NETCore.App.Ref\8.0.25\ref\net8.0\System.Drawing.dll". [C:\Users\ultra\warewolf\Dev\Dev2.Runtime.Tests\Dev2.Runtime.Tests.csproj]
C:\Program Files\dotnet\sdk\10.0.201\Microsoft.Common.CurrentVersion.targets(2451,5): warning MSB3277:             C:\Program Files\dotnet\packs\Microsoft.NETCore.App.Ref\8.0.25\ref/net8.0/System.Drawing.dll [C:\Users\ultra\warewolf\Dev\Dev2.Runtime.Tests\Dev2.Runtime.Tests.csproj]
C:\Program Files\dotnet\sdk\10.0.201\Microsoft.Common.CurrentVersion.targets(2451,5): warning MSB3277:             C:\Users\ultra\.nuget\packages\aerowizard\2.3.1\lib\net45\AeroWizard.dll [C:\Users\ultra\warewolf\Dev\Dev2.Runtime.Tests\Dev2.Runtime.Tests.csproj]
C:\Program Files\dotnet\sdk\10.0.201\Microsoft.Common.CurrentVersion.targets(2451,5): warning MSB3277:             C:\Users\ultra\.nuget\packages\avalonedit\6.3.0.90\lib\net462\ICSharpCode.AvalonEdit.dll [C:\Users\ultra\warewolf\Dev\Dev2.Runtime.Tests\Dev2.Runtime.Tests.csproj]
C:\Program Files\dotnet\sdk\10.0.201\Microsoft.Common.CurrentVersion.targets(2451,5): warning MSB3277:             C:\Users\ultra\.nuget\packages\groupcontrols\1.9.0\lib\net45\GroupControls.dll [C:\Users\ultra\warewolf\Dev\Dev2.Runtime.Tests\Dev2.Runtime.Tests.csproj]
C:\Program Files\dotnet\sdk\10.0.201\Microsoft.Common.CurrentVersion.targets(2451,5): warning MSB3277:             C:\Users\ultra\.nuget\packages\taskschedulereditor\2.10.1\lib\net452\Microsoft.Win32.TaskSchedulerEditor.dll [C:\Users\ultra\warewolf\Dev\Dev2.Runtime.Tests\Dev2.Runtime.Tests.csproj]
C:\Users\ultra\warewolf\Dev\Dev2.Runtime.Tests\WebServer\Controllers\TestUserWebServerController.cs(23,29): warning CS0169: The field 'TestUserWebServerController._user' is never used [C:\Users\ultra\warewolf\Dev\Dev2.Runtime.Tests\Dev2.Runtime.Tests.csproj]
C:\Users\ultra\warewolf\Dev\Dev2.Runtime.Tests\ESB\Control\EsbServicesEndpointTests.cs(96,58): warning CA1416: This call site is reachable on all platforms. 'WindowsIdentity.GetCurrent()' is only supported on: 'windows'. (https://learn.microsoft.com/dotnet/fundamentals/code-analysis/quality-rules/ca1416) [C:\Users\ultra\warewolf\Dev\Dev2.Runtime.Tests\Dev2.Runtime.Tests.csproj]
C:\Users\ultra\warewolf\Dev\Dev2.Runtime.Tests\ESB\Control\EsbServicesEndpointTests.cs(65,58): warning CA1416: This call site is reachable on all platforms. 'WindowsIdentity.GetCurrent()' is only supported on: 'windows'. (https://learn.microsoft.com/dotnet/fundamentals/code-analysis/quality-rules/ca1416) [C:\Users\ultra\warewolf\Dev\Dev2.Runtime.Tests\Dev2.Runtime.Tests.csproj]
C:\Users\ultra\warewolf\Dev\Dev2.Runtime.Tests\Services\WorkflowResumeTests.cs(387,46): warning CA1416: This call site is reachable on all platforms. 'WindowsIdentity.Name' is only supported on: 'windows'. (https://learn.microsoft.com/dotnet/fundamentals/code-analysis/quality-rules/ca1416) [C:\Users\ultra\warewolf\Dev\Dev2.Runtime.Tests\Dev2.Runtime.Tests.csproj]
C:\Users\ultra\warewolf\Dev\Dev2.Runtime.Tests\Services\WorkflowResumeTests.cs(346,46): warning CA1416: This call site is reachable on all platforms. 'WindowsIdentity.GetCurrent()' is only supported on: 'windows'. (https://learn.microsoft.com/dotnet/fundamentals/code-analysis/quality-rules/ca1416) [C:\Users\ultra\warewolf\Dev\Dev2.Runtime.Tests\Dev2.Runtime.Tests.csproj]
C:\Users\ultra\warewolf\Dev\Dev2.Runtime.Tests\Services\WorkflowResumeTests.cs(387,46): warning CA1416: This call site is reachable on all platforms. 'WindowsIdentity.GetCurrent()' is only supported on: 'windows'. (https://learn.microsoft.com/dotnet/fundamentals/code-analysis/quality-rules/ca1416) [C:\Users\ultra\warewolf\Dev\Dev2.Runtime.Tests\Dev2.Runtime.Tests.csproj]
C:\Users\ultra\warewolf\Dev\Dev2.Runtime.Tests\Services\WorkflowResumeTests.cs(346,46): warning CA1416: This call site is reachable on all platforms. 'WindowsIdentity.Name' is only supported on: 'windows'. (https://learn.microsoft.com/dotnet/fundamentals/code-analysis/quality-rules/ca1416) [C:\Users\ultra\warewolf\Dev\Dev2.Runtime.Tests\Dev2.Runtime.Tests.csproj]
C:\Users\ultra\warewolf\Dev\Dev2.Runtime.Tests\WebServer\DataObjectExtensionsTests.cs(1893,13): warning MSTEST0038: Use 'AreNotEqual' instead of 'AreNotSame' when comparing value types (https://learn.microsoft.com/dotnet/core/testing/mstest-analyzers/mstest0038) [C:\Users\ultra\warewolf\Dev\Dev2.Runtime.Tests\Dev2.Runtime.Tests.csproj]
  Dev2.Runtime.Tests -> C:\Users\ultra\warewolf\Dev\Dev2.Runtime.Tests\bin\Debug\net8.0\linux-x64\Dev2.Runtime.Tests.dll
  
  INFO: No tasks running with the specified criteria.
  
  INFO: No tasks running with the specified criteria.
C:\Program Files\dotnet\sdk\10.0.201\Microsoft.Common.CurrentVersion.targets(2451,5): warning MSB3277: Found conflicts between different versions of "WindowsBase" that could not be resolved. [C:\Users\ultra\warewolf\Dev\Dev2.IntegrationTests\Dev2.Integration.Tests.csproj]
C:\Program Files\dotnet\sdk\10.0.201\Microsoft.Common.CurrentVersion.targets(2451,5): warning MSB3277: There was a conflict between "WindowsBase, Version=4.0.0.0, Culture=neutral, PublicKeyToken=31bf3856ad364e35" and "WindowsBase, Version=6.0.2.0, Culture=neutral, PublicKeyToken=31bf3856ad364e35". [C:\Users\ultra\warewolf\Dev\Dev2.IntegrationTests\Dev2.Integration.Tests.csproj]
C:\Program Files\dotnet\sdk\10.0.201\Microsoft.Common.CurrentVersion.targets(2451,5): warning MSB3277:     "WindowsBase, Version=4.0.0.0, Culture=neutral, PublicKeyToken=31bf3856ad364e35" was chosen because it was primary and "WindowsBase, Version=6.0.2.0, Culture=neutral, PublicKeyToken=31bf3856ad364e35" was not. [C:\Users\ultra\warewolf\Dev\Dev2.IntegrationTests\Dev2.Integration.Tests.csproj]
C:\Program Files\dotnet\sdk\10.0.201\Microsoft.Common.CurrentVersion.targets(2451,5): warning MSB3277:     References which depend on "WindowsBase, Version=4.0.0.0, Culture=neutral, PublicKeyToken=31bf3856ad364e35" [C:\Program Files\dotnet\packs\Microsoft.NETCore.App.Ref\8.0.25\ref\net8.0\WindowsBase.dll]. [C:\Users\ultra\warewolf\Dev\Dev2.IntegrationTests\Dev2.Integration.Tests.csproj]
C:\Program Files\dotnet\sdk\10.0.201\Microsoft.Common.CurrentVersion.targets(2451,5): warning MSB3277:         C:\Program Files\dotnet\packs\Microsoft.NETCore.App.Ref\8.0.25\ref\net8.0\WindowsBase.dll [C:\Users\ultra\warewolf\Dev\Dev2.IntegrationTests\Dev2.Integration.Tests.csproj]
C:\Program Files\dotnet\sdk\10.0.201\Microsoft.Common.CurrentVersion.targets(2451,5): warning MSB3277:           Project file item includes which caused reference "C:\Program Files\dotnet\packs\Microsoft.NETCore.App.Ref\8.0.25\ref\net8.0\WindowsBase.dll". [C:\Users\ultra\warewolf\Dev\Dev2.IntegrationTests\Dev2.Integration.Tests.csproj]
C:\Program Files\dotnet\sdk\10.0.201\Microsoft.Common.CurrentVersion.targets(2451,5): warning MSB3277:             C:\Program Files\dotnet\packs\Microsoft.NETCore.App.Ref\8.0.25\ref/net8.0/WindowsBase.dll [C:\Users\ultra\warewolf\Dev\Dev2.IntegrationTests\Dev2.Integration.Tests.csproj]
C:\Program Files\dotnet\sdk\10.0.201\Microsoft.Common.CurrentVersion.targets(2451,5): warning MSB3277:     References which depend on or have been unified to "WindowsBase, Version=6.0.2.0, Culture=neutral, PublicKeyToken=31bf3856ad364e35" []. [C:\Users\ultra\warewolf\Dev\Dev2.IntegrationTests\Dev2.Integration.Tests.csproj]
C:\Program Files\dotnet\sdk\10.0.201\Microsoft.Common.CurrentVersion.targets(2451,5): warning MSB3277:         C:\Users\ultra\.nuget\packages\avalonedit\6.3.0.90\lib\net462\ICSharpCode.AvalonEdit.dll [C:\Users\ultra\warewolf\Dev\Dev2.IntegrationTests\Dev2.Integration.Tests.csproj]
C:\Program Files\dotnet\sdk\10.0.201\Microsoft.Common.CurrentVersion.targets(2451,5): warning MSB3277:           Project file item includes which caused reference "C:\Users\ultra\.nuget\packages\avalonedit\6.3.0.90\lib\net462\ICSharpCode.AvalonEdit.dll". [C:\Users\ultra\warewolf\Dev\Dev2.IntegrationTests\Dev2.Integration.Tests.csproj]
C:\Program Files\dotnet\sdk\10.0.201\Microsoft.Common.CurrentVersion.targets(2451,5): warning MSB3277:             C:\Users\ultra\.nuget\packages\avalonedit\6.3.0.90\lib\net462\ICSharpCode.AvalonEdit.dll [C:\Users\ultra\warewolf\Dev\Dev2.IntegrationTests\Dev2.Integration.Tests.csproj]
C:\Program Files\dotnet\sdk\10.0.201\Microsoft.Common.CurrentVersion.targets(2451,5): warning MSB3277:         C:\Users\ultra\.nuget\packages\caliburn.micro\4.0.212\lib\netcoreapp3.1\Caliburn.Micro.Platform.dll [C:\Users\ultra\warewolf\Dev\Dev2.IntegrationTests\Dev2.Integration.Tests.csproj]
C:\Program Files\dotnet\sdk\10.0.201\Microsoft.Common.CurrentVersion.targets(2451,5): warning MSB3277:           Project file item includes which caused reference "C:\Users\ultra\.nuget\packages\caliburn.micro\4.0.212\lib\netcoreapp3.1\Caliburn.Micro.Platform.dll". [C:\Users\ultra\warewolf\Dev\Dev2.IntegrationTests\Dev2.Integration.Tests.csproj]
C:\Program Files\dotnet\sdk\10.0.201\Microsoft.Common.CurrentVersion.targets(2451,5): warning MSB3277:             C:\Users\ultra\.nuget\packages\caliburn.micro\4.0.212\lib\netcoreapp3.1\Caliburn.Micro.Platform.dll [C:\Users\ultra\warewolf\Dev\Dev2.IntegrationTests\Dev2.Integration.Tests.csproj]
C:\Program Files\dotnet\sdk\10.0.201\Microsoft.Common.CurrentVersion.targets(2451,5): warning MSB3277:         C:\Users\ultra\.nuget\packages\extended.wpf.toolkit\4.4.0\lib\net5.0\Xceed.Wpf.AvalonDock.NET5.dll [C:\Users\ultra\warewolf\Dev\Dev2.IntegrationTests\Dev2.Integration.Tests.csproj]
C:\Program Files\dotnet\sdk\10.0.201\Microsoft.Common.CurrentVersion.targets(2451,5): warning MSB3277:           Project file item includes which caused reference "C:\Users\ultra\.nuget\packages\extended.wpf.toolkit\4.4.0\lib\net5.0\Xceed.Wpf.AvalonDock.NET5.dll". [C:\Users\ultra\warewolf\Dev\Dev2.IntegrationTests\Dev2.Integration.Tests.csproj]
C:\Program Files\dotnet\sdk\10.0.201\Microsoft.Common.CurrentVersion.targets(2451,5): warning MSB3277:             C:\Users\ultra\.nuget\packages\extended.wpf.toolkit\4.4.0\lib\net5.0\Xceed.Wpf.AvalonDock.NET5.dll [C:\Users\ultra\warewolf\Dev\Dev2.IntegrationTests\Dev2.Integration.Tests.csproj]
C:\Program Files\dotnet\sdk\10.0.201\Microsoft.Common.CurrentVersion.targets(2451,5): warning MSB3277:             C:\Users\ultra\.nuget\packages\extended.wpf.toolkit\4.4.0\lib\net5.0\Xceed.Wpf.AvalonDock.Themes.Aero.NET5.dll [C:\Users\ultra\warewolf\Dev\Dev2.IntegrationTests\Dev2.Integration.Tests.csproj]
C:\Program Files\dotnet\sdk\10.0.201\Microsoft.Common.CurrentVersion.targets(2451,5): warning MSB3277:             C:\Users\ultra\.nuget\packages\extended.wpf.toolkit\4.4.0\lib\net5.0\Xceed.Wpf.AvalonDock.Themes.Metro.NET5.dll [C:\Users\ultra\warewolf\Dev\Dev2.IntegrationTests\Dev2.Integration.Tests.csproj]
C:\Program Files\dotnet\sdk\10.0.201\Microsoft.Common.CurrentVersion.targets(2451,5): warning MSB3277:             C:\Users\ultra\.nuget\packages\extended.wpf.toolkit\4.4.0\lib\net5.0\Xceed.Wpf.AvalonDock.Themes.VS2010.NET5.dll [C:\Users\ultra\warewolf\Dev\Dev2.IntegrationTests\Dev2.Integration.Tests.csproj]
C:\Program Files\dotnet\sdk\10.0.201\Microsoft.Common.CurrentVersion.targets(2451,5): warning MSB3277:         C:\Users\ultra\.nuget\packages\extended.wpf.toolkit\4.4.0\lib\net5.0\Xceed.Wpf.AvalonDock.Themes.Aero.NET5.dll [C:\Users\ultra\warewolf\Dev\Dev2.IntegrationTests\Dev2.Integration.Tests.csproj]
C:\Program Files\dotnet\sdk\10.0.201\Microsoft.Common.CurrentVersion.targets(2451,5): warning MSB3277:           Project file item includes which caused reference "C:\Users\ultra\.nuget\packages\extended.wpf.toolkit\4.4.0\lib\net5.0\Xceed.Wpf.AvalonDock.Themes.Aero.NET5.dll". [C:\Users\ultra\warewolf\Dev\Dev2.IntegrationTests\Dev2.Integration.Tests.csproj]
C:\Program Files\dotnet\sdk\10.0.201\Microsoft.Common.CurrentVersion.targets(2451,5): warning MSB3277:             C:\Users\ultra\.nuget\packages\extended.wpf.toolkit\4.4.0\lib\net5.0\Xceed.Wpf.AvalonDock.Themes.Aero.NET5.dll [C:\Users\ultra\warewolf\Dev\Dev2.IntegrationTests\Dev2.Integration.Tests.csproj]
C:\Program Files\dotnet\sdk\10.0.201\Microsoft.Common.CurrentVersion.targets(2451,5): warning MSB3277:         C:\Users\ultra\.nuget\packages\extended.wpf.toolkit\4.4.0\lib\net5.0\Xceed.Wpf.Toolkit.NET5.dll [C:\Users\ultra\warewolf\Dev\Dev2.IntegrationTests\Dev2.Integration.Tests.csproj]
C:\Program Files\dotnet\sdk\10.0.201\Microsoft.Common.CurrentVersion.targets(2451,5): warning MSB3277:           Project file item includes which caused reference "C:\Users\ultra\.nuget\packages\extended.wpf.toolkit\4.4.0\lib\net5.0\Xceed.Wpf.Toolkit.NET5.dll". [C:\Users\ultra\warewolf\Dev\Dev2.IntegrationTests\Dev2.Integration.Tests.csproj]
C:\Program Files\dotnet\sdk\10.0.201\Microsoft.Common.CurrentVersion.targets(2451,5): warning MSB3277:             C:\Users\ultra\.nuget\packages\extended.wpf.toolkit\4.4.0\lib\net5.0\Xceed.Wpf.Toolkit.NET5.dll [C:\Users\ultra\warewolf\Dev\Dev2.IntegrationTests\Dev2.Integration.Tests.csproj]
C:\Program Files\dotnet\sdk\10.0.201\Microsoft.Common.CurrentVersion.targets(2451,5): warning MSB3277:         C:\Users\ultra\.nuget\packages\fontawesome.wpf\4.7.0.9\lib\net40\FontAwesome.WPF.dll [C:\Users\ultra\warewolf\Dev\Dev2.IntegrationTests\Dev2.Integration.Tests.csproj]
C:\Program Files\dotnet\sdk\10.0.201\Microsoft.Common.CurrentVersion.targets(2451,5): warning MSB3277:           Project file item includes which caused reference "C:\Users\ultra\.nuget\packages\fontawesome.wpf\4.7.0.9\lib\net40\FontAwesome.WPF.dll". [C:\Users\ultra\warewolf\Dev\Dev2.IntegrationTests\Dev2.Integration.Tests.csproj]
C:\Program Files\dotnet\sdk\10.0.201\Microsoft.Common.CurrentVersion.targets(2451,5): warning MSB3277:             C:\Users\ultra\.nuget\packages\fontawesome.wpf\4.7.0.9\lib\net40\FontAwesome.WPF.dll [C:\Users\ultra\warewolf\Dev\Dev2.IntegrationTests\Dev2.Integration.Tests.csproj]
C:\Program Files\dotnet\sdk\10.0.201\Microsoft.Common.CurrentVersion.targets(2451,5): warning MSB3277:         C:\Users\ultra\.nuget\packages\ironpython\3.4.0\lib\net6.0\IronPython.Wpf.dll [C:\Users\ultra\warewolf\Dev\Dev2.IntegrationTests\Dev2.Integration.Tests.csproj]
C:\Program Files\dotnet\sdk\10.0.201\Microsoft.Common.CurrentVersion.targets(2451,5): warning MSB3277:           Project file item includes which caused reference "C:\Users\ultra\.nuget\packages\ironpython\3.4.0\lib\net6.0\IronPython.Wpf.dll". [C:\Users\ultra\warewolf\Dev\Dev2.IntegrationTests\Dev2.Integration.Tests.csproj]
C:\Program Files\dotnet\sdk\10.0.201\Microsoft.Common.CurrentVersion.targets(2451,5): warning MSB3277:             C:\Users\ultra\.nuget\packages\ironpython\3.4.0\lib\net6.0\IronPython.Wpf.dll [C:\Users\ultra\warewolf\Dev\Dev2.IntegrationTests\Dev2.Integration.Tests.csproj]
C:\Program Files\dotnet\sdk\10.0.201\Microsoft.Common.CurrentVersion.targets(2451,5): warning MSB3277:         C:\Users\ultra\.nuget\packages\microsoft.xaml.behaviors.wpf\1.1.122\lib\net462\Microsoft.Xaml.Behaviors.dll [C:\Users\ultra\warewolf\Dev\Dev2.IntegrationTests\Dev2.Integration.Tests.csproj]
C:\Program Files\dotnet\sdk\10.0.201\Microsoft.Common.CurrentVersion.targets(2451,5): warning MSB3277:           Project file item includes which caused reference "C:\Users\ultra\.nuget\packages\microsoft.xaml.behaviors.wpf\1.1.122\lib\net462\Microsoft.Xaml.Behaviors.dll". [C:\Users\ultra\warewolf\Dev\Dev2.IntegrationTests\Dev2.Integration.Tests.csproj]
C:\Program Files\dotnet\sdk\10.0.201\Microsoft.Common.CurrentVersion.targets(2451,5): warning MSB3277:             C:\Users\ultra\.nuget\packages\microsoft.xaml.behaviors.wpf\1.1.122\lib\net462\Microsoft.Xaml.Behaviors.dll [C:\Users\ultra\warewolf\Dev\Dev2.IntegrationTests\Dev2.Integration.Tests.csproj]
C:\Program Files\dotnet\sdk\10.0.201\Microsoft.Common.CurrentVersion.targets(2451,5): warning MSB3277:             C:\Users\ultra\.nuget\packages\caliburn.micro\4.0.212\lib\netcoreapp3.1\Caliburn.Micro.Platform.dll [C:\Users\ultra\warewolf\Dev\Dev2.IntegrationTests\Dev2.Integration.Tests.csproj]
C:\Program Files\dotnet\sdk\10.0.201\Microsoft.Common.CurrentVersion.targets(2451,5): warning MSB3277:             C:\Users\ultra\.nuget\packages\prism.wpf\9.0.537\lib\net462\Prism.Wpf.dll [C:\Users\ultra\warewolf\Dev\Dev2.IntegrationTests\Dev2.Integration.Tests.csproj]
C:\Program Files\dotnet\sdk\10.0.201\Microsoft.Common.CurrentVersion.targets(2451,5): warning MSB3277:         C:\Users\ultra\.nuget\packages\prism.composition\5.0.0\lib\NET45\Microsoft.Practices.Prism.Composition.dll [C:\Users\ultra\warewolf\Dev\Dev2.IntegrationTests\Dev2.Integration.Tests.csproj]
C:\Program Files\dotnet\sdk\10.0.201\Microsoft.Common.CurrentVersion.targets(2451,5): warning MSB3277:           Project file item includes which caused reference "C:\Users\ultra\.nuget\packages\prism.composition\5.0.0\lib\NET45\Microsoft.Practices.Prism.Composition.dll". [C:\Users\ultra\warewolf\Dev\Dev2.IntegrationTests\Dev2.Integration.Tests.csproj]
C:\Program Files\dotnet\sdk\10.0.201\Microsoft.Common.CurrentVersion.targets(2451,5): warning MSB3277:             C:\Users\ultra\.nuget\packages\prism.composition\5.0.0\lib\NET45\Microsoft.Practices.Prism.Composition.dll [C:\Users\ultra\warewolf\Dev\Dev2.IntegrationTests\Dev2.Integration.Tests.csproj]
C:\Program Files\dotnet\sdk\10.0.201\Microsoft.Common.CurrentVersion.targets(2451,5): warning MSB3277:             C:\Users\ultra\.nuget\packages\prism.unityextensions\5.0.1\lib\NET45\Microsoft.Practices.Prism.UnityExtensions.dll [C:\Users\ultra\warewolf\Dev\Dev2.IntegrationTests\Dev2.Integration.Tests.csproj]
C:\Program Files\dotnet\sdk\10.0.201\Microsoft.Common.CurrentVersion.targets(2451,5): warning MSB3277:         C:\Users\ultra\.nuget\packages\prism.interactivity\5.0.0\lib\NET45\Microsoft.Practices.Prism.Interactivity.dll [C:\Users\ultra\warewolf\Dev\Dev2.IntegrationTests\Dev2.Integration.Tests.csproj]
C:\Program Files\dotnet\sdk\10.0.201\Microsoft.Common.CurrentVersion.targets(2451,5): warning MSB3277:           Project file item includes which caused reference "C:\Users\ultra\.nuget\packages\prism.interactivity\5.0.0\lib\NET45\Microsoft.Practices.Prism.Interactivity.dll". [C:\Users\ultra\warewolf\Dev\Dev2.IntegrationTests\Dev2.Integration.Tests.csproj]
C:\Program Files\dotnet\sdk\10.0.201\Microsoft.Common.CurrentVersion.targets(2451,5): warning MSB3277:             C:\Users\ultra\.nuget\packages\prism.interactivity\5.0.0\lib\NET45\Microsoft.Practices.Prism.Interactivity.dll [C:\Users\ultra\warewolf\Dev\Dev2.IntegrationTests\Dev2.Integration.Tests.csproj]
C:\Program Files\dotnet\sdk\10.0.201\Microsoft.Common.CurrentVersion.targets(2451,5): warning MSB3277:         C:\Users\ultra\.nuget\packages\prism.mvvm\1.0.0\lib\net45\Microsoft.Practices.Prism.Mvvm.Desktop.dll [C:\Users\ultra\warewolf\Dev\Dev2.IntegrationTests\Dev2.Integration.Tests.csproj]
C:\Program Files\dotnet\sdk\10.0.201\Microsoft.Common.CurrentVersion.targets(2451,5): warning MSB3277:           Project file item includes which caused reference "C:\Users\ultra\.nuget\packages\prism.mvvm\1.0.0\lib\net45\Microsoft.Practices.Prism.Mvvm.Desktop.dll". [C:\Users\ultra\warewolf\Dev\Dev2.IntegrationTests\Dev2.Integration.Tests.csproj]
C:\Program Files\dotnet\sdk\10.0.201\Microsoft.Common.CurrentVersion.targets(2451,5): warning MSB3277:             C:\Users\ultra\.nuget\packages\prism.mvvm\1.0.0\lib\net45\Microsoft.Practices.Prism.Mvvm.Desktop.dll [C:\Users\ultra\warewolf\Dev\Dev2.IntegrationTests\Dev2.Integration.Tests.csproj]
C:\Program Files\dotnet\sdk\10.0.201\Microsoft.Common.CurrentVersion.targets(2451,5): warning MSB3277:         C:\Users\ultra\.nuget\packages\prism.unityextensions\5.0.1\lib\NET45\Microsoft.Practices.Prism.UnityExtensions.dll [C:\Users\ultra\warewolf\Dev\Dev2.IntegrationTests\Dev2.Integration.Tests.csproj]
C:\Program Files\dotnet\sdk\10.0.201\Microsoft.Common.CurrentVersion.targets(2451,5): warning MSB3277:           Project file item includes which caused reference "C:\Users\ultra\.nuget\packages\prism.unityextensions\5.0.1\lib\NET45\Microsoft.Practices.Prism.UnityExtensions.dll". [C:\Users\ultra\warewolf\Dev\Dev2.IntegrationTests\Dev2.Integration.Tests.csproj]
C:\Program Files\dotnet\sdk\10.0.201\Microsoft.Common.CurrentVersion.targets(2451,5): warning MSB3277:             C:\Users\ultra\.nuget\packages\prism.unityextensions\5.0.1\lib\NET45\Microsoft.Practices.Prism.UnityExtensions.dll [C:\Users\ultra\warewolf\Dev\Dev2.IntegrationTests\Dev2.Integration.Tests.csproj]
C:\Program Files\dotnet\sdk\10.0.201\Microsoft.Common.CurrentVersion.targets(2451,5): warning MSB3277:         C:\Users\ultra\.nuget\packages\prism.wpf\9.0.537\lib\net462\Prism.Wpf.dll [C:\Users\ultra\warewolf\Dev\Dev2.IntegrationTests\Dev2.Integration.Tests.csproj]
C:\Program Files\dotnet\sdk\10.0.201\Microsoft.Common.CurrentVersion.targets(2451,5): warning MSB3277:           Project file item includes which caused reference "C:\Users\ultra\.nuget\packages\prism.wpf\9.0.537\lib\net462\Prism.Wpf.dll". [C:\Users\ultra\warewolf\Dev\Dev2.IntegrationTests\Dev2.Integration.Tests.csproj]
C:\Program Files\dotnet\sdk\10.0.201\Microsoft.Common.CurrentVersion.targets(2451,5): warning MSB3277:             C:\Users\ultra\.nuget\packages\prism.wpf\9.0.537\lib\net462\Prism.Wpf.dll [C:\Users\ultra\warewolf\Dev\Dev2.IntegrationTests\Dev2.Integration.Tests.csproj]
C:\Program Files\dotnet\sdk\10.0.201\Microsoft.Common.CurrentVersion.targets(2451,5): warning MSB3277:         C:\Users\ultra\.nuget\packages\reactiveui.wpf\18.4.1\lib\net462\ReactiveUI.Wpf.dll [C:\Users\ultra\warewolf\Dev\Dev2.IntegrationTests\Dev2.Integration.Tests.csproj]
C:\Program Files\dotnet\sdk\10.0.201\Microsoft.Common.CurrentVersion.targets(2451,5): warning MSB3277:           Project file item includes which caused reference "C:\Users\ultra\.nuget\packages\reactiveui.wpf\18.4.1\lib\net462\ReactiveUI.Wpf.dll". [C:\Users\ultra\warewolf\Dev\Dev2.IntegrationTests\Dev2.Integration.Tests.csproj]
C:\Program Files\dotnet\sdk\10.0.201\Microsoft.Common.CurrentVersion.targets(2451,5): warning MSB3277:             C:\Users\ultra\.nuget\packages\reactiveui.wpf\18.4.1\lib\net462\ReactiveUI.Wpf.dll [C:\Users\ultra\warewolf\Dev\Dev2.IntegrationTests\Dev2.Integration.Tests.csproj]
C:\Program Files\dotnet\sdk\10.0.201\Microsoft.Common.CurrentVersion.targets(2451,5): warning MSB3277: Found conflicts between different versions of "System.Drawing.Common" that could not be resolved. [C:\Users\ultra\warewolf\Dev\Dev2.IntegrationTests\Dev2.Integration.Tests.csproj]
C:\Program Files\dotnet\sdk\10.0.201\Microsoft.Common.CurrentVersion.targets(2451,5): warning MSB3277: There was a conflict between "System.Drawing.Common, Version=6.0.0.0, Culture=neutral, PublicKeyToken=cc7b13ffcd2ddd51" and "System.Drawing.Common, Version=8.0.0.0, Culture=neutral, PublicKeyToken=cc7b13ffcd2ddd51". [C:\Users\ultra\warewolf\Dev\Dev2.IntegrationTests\Dev2.Integration.Tests.csproj]
C:\Program Files\dotnet\sdk\10.0.201\Microsoft.Common.CurrentVersion.targets(2451,5): warning MSB3277:     "System.Drawing.Common, Version=6.0.0.0, Culture=neutral, PublicKeyToken=cc7b13ffcd2ddd51" was chosen because it was primary and "System.Drawing.Common, Version=8.0.0.0, Culture=neutral, PublicKeyToken=cc7b13ffcd2ddd51" was not. [C:\Users\ultra\warewolf\Dev\Dev2.IntegrationTests\Dev2.Integration.Tests.csproj]
C:\Program Files\dotnet\sdk\10.0.201\Microsoft.Common.CurrentVersion.targets(2451,5): warning MSB3277:     References which depend on "System.Drawing.Common, Version=6.0.0.0, Culture=neutral, PublicKeyToken=cc7b13ffcd2ddd51" [C:\Users\ultra\.nuget\packages\system.drawing.common\6.0.0\lib\net6.0\System.Drawing.Common.dll]. [C:\Users\ultra\warewolf\Dev\Dev2.IntegrationTests\Dev2.Integration.Tests.csproj]
C:\Program Files\dotnet\sdk\10.0.201\Microsoft.Common.CurrentVersion.targets(2451,5): warning MSB3277:         C:\Users\ultra\.nuget\packages\system.drawing.common\6.0.0\lib\net6.0\System.Drawing.Common.dll [C:\Users\ultra\warewolf\Dev\Dev2.IntegrationTests\Dev2.Integration.Tests.csproj]
C:\Program Files\dotnet\sdk\10.0.201\Microsoft.Common.CurrentVersion.targets(2451,5): warning MSB3277:           Project file item includes which caused reference "C:\Users\ultra\.nuget\packages\system.drawing.common\6.0.0\lib\net6.0\System.Drawing.Common.dll". [C:\Users\ultra\warewolf\Dev\Dev2.IntegrationTests\Dev2.Integration.Tests.csproj]
C:\Program Files\dotnet\sdk\10.0.201\Microsoft.Common.CurrentVersion.targets(2451,5): warning MSB3277:             C:\Users\ultra\.nuget\packages\system.drawing.common\6.0.0\lib\net6.0\System.Drawing.Common.dll [C:\Users\ultra\warewolf\Dev\Dev2.IntegrationTests\Dev2.Integration.Tests.csproj]
C:\Program Files\dotnet\sdk\10.0.201\Microsoft.Common.CurrentVersion.targets(2451,5): warning MSB3277:     References which depend on or have been unified to "System.Drawing.Common, Version=8.0.0.0, Culture=neutral, PublicKeyToken=cc7b13ffcd2ddd51" []. [C:\Users\ultra\warewolf\Dev\Dev2.IntegrationTests\Dev2.Integration.Tests.csproj]
C:\Program Files\dotnet\sdk\10.0.201\Microsoft.Common.CurrentVersion.targets(2451,5): warning MSB3277:         C:\Users\ultra\.nuget\packages\servicestack\6.3.0\lib\net6.0\ServiceStack.dll [C:\Users\ultra\warewolf\Dev\Dev2.IntegrationTests\Dev2.Integration.Tests.csproj]
C:\Program Files\dotnet\sdk\10.0.201\Microsoft.Common.CurrentVersion.targets(2451,5): warning MSB3277:           Project file item includes which caused reference "C:\Users\ultra\.nuget\packages\servicestack\6.3.0\lib\net6.0\ServiceStack.dll". [C:\Users\ultra\warewolf\Dev\Dev2.IntegrationTests\Dev2.Integration.Tests.csproj]
C:\Program Files\dotnet\sdk\10.0.201\Microsoft.Common.CurrentVersion.targets(2451,5): warning MSB3277:             C:\Users\ultra\.nuget\packages\servicestack\6.3.0\lib\net6.0\ServiceStack.dll [C:\Users\ultra\warewolf\Dev\Dev2.IntegrationTests\Dev2.Integration.Tests.csproj]
C:\Program Files\dotnet\sdk\10.0.201\Microsoft.Common.CurrentVersion.targets(2451,5): warning MSB3277:         C:\Users\ultra\.nuget\packages\system.windows.extensions\8.0.0\lib\net8.0\System.Windows.Extensions.dll [C:\Users\ultra\warewolf\Dev\Dev2.IntegrationTests\Dev2.Integration.Tests.csproj]
C:\Program Files\dotnet\sdk\10.0.201\Microsoft.Common.CurrentVersion.targets(2451,5): warning MSB3277:           Project file item includes which caused reference "C:\Users\ultra\.nuget\packages\system.windows.extensions\8.0.0\lib\net8.0\System.Windows.Extensions.dll". [C:\Users\ultra\warewolf\Dev\Dev2.IntegrationTests\Dev2.Integration.Tests.csproj]
C:\Program Files\dotnet\sdk\10.0.201\Microsoft.Common.CurrentVersion.targets(2451,5): warning MSB3277:             C:\Users\ultra\.nuget\packages\system.windows.extensions\8.0.0\lib\net8.0\System.Windows.Extensions.dll [C:\Users\ultra\warewolf\Dev\Dev2.IntegrationTests\Dev2.Integration.Tests.csproj]
C:\Program Files\dotnet\sdk\10.0.201\Microsoft.Common.CurrentVersion.targets(2451,5): warning MSB3277:             C:\Users\ultra\.nuget\packages\extended.wpf.toolkit\4.4.0\lib\net5.0\Xceed.Wpf.Toolkit.NET5.dll [C:\Users\ultra\warewolf\Dev\Dev2.IntegrationTests\Dev2.Integration.Tests.csproj]
C:\Program Files\dotnet\sdk\10.0.201\Microsoft.Common.CurrentVersion.targets(2451,5): warning MSB3277:             C:\Users\ultra\.nuget\packages\system.security.permissions\8.0.0\lib\net8.0\System.Security.Permissions.dll [C:\Users\ultra\warewolf\Dev\Dev2.IntegrationTests\Dev2.Integration.Tests.csproj]
C:\Program Files\dotnet\sdk\10.0.201\Microsoft.Common.CurrentVersion.targets(2451,5): warning MSB3277:             C:\Users\ultra\warewolf\Dev\Dev2.Data\bin\Debug\net8.0\Dev2.Data.dll [C:\Users\ultra\warewolf\Dev\Dev2.IntegrationTests\Dev2.Integration.Tests.csproj]
C:\Program Files\dotnet\sdk\10.0.201\Microsoft.Common.CurrentVersion.targets(2451,5): warning MSB3277:             C:\Users\ultra\warewolf\Dev\Dev2.Activities\bin\Debug\net8.0\Dev2.Activities.dll [C:\Users\ultra\warewolf\Dev\Dev2.IntegrationTests\Dev2.Integration.Tests.csproj]
C:\Program Files\dotnet\sdk\10.0.201\Microsoft.Common.CurrentVersion.targets(2451,5): warning MSB3277:             C:\Users\ultra\warewolf\Dev\Dev2.Core\bin\Debug\net8.0\Dev2.Core.dll [C:\Users\ultra\warewolf\Dev\Dev2.IntegrationTests\Dev2.Integration.Tests.csproj]
C:\Program Files\dotnet\sdk\10.0.201\Microsoft.Common.CurrentVersion.targets(2451,5): warning MSB3277:             C:\Users\ultra\warewolf\Dev\Dev2.Infrastructure.Tests\bin\Debug\net8.0\linux-x64\Dev2.Infrastructure.Tests.dll [C:\Users\ultra\warewolf\Dev\Dev2.IntegrationTests\Dev2.Integration.Tests.csproj]
C:\Program Files\dotnet\sdk\10.0.201\Microsoft.Common.CurrentVersion.targets(2451,5): warning MSB3277:             C:\Users\ultra\warewolf\Dev\Dev2.Runtime.Services\bin\Debug\net8.0\Dev2.Runtime.Services.dll [C:\Users\ultra\warewolf\Dev\Dev2.IntegrationTests\Dev2.Integration.Tests.csproj]
C:\Program Files\dotnet\sdk\10.0.201\Microsoft.Common.CurrentVersion.targets(2451,5): warning MSB3277:             C:\Users\ultra\warewolf\Dev\Dev2.Runtime.Tests\bin\Debug\net8.0\linux-x64\Dev2.Runtime.Tests.dll [C:\Users\ultra\warewolf\Dev\Dev2.IntegrationTests\Dev2.Integration.Tests.csproj]
C:\Program Files\dotnet\sdk\10.0.201\Microsoft.Common.CurrentVersion.targets(2451,5): warning MSB3277:             C:\Users\ultra\warewolf\Dev\Dev2.Runtime\bin\Debug\net8.0\Dev2.Runtime.dll [C:\Users\ultra\warewolf\Dev\Dev2.IntegrationTests\Dev2.Integration.Tests.csproj]
C:\Program Files\dotnet\sdk\10.0.201\Microsoft.Common.CurrentVersion.targets(2451,5): warning MSB3277:             C:\Users\ultra\warewolf\Dev\Dev2.Server\bin\Debug\net8.0\linux-x64\Warewolf Server.dll [C:\Users\ultra\warewolf\Dev\Dev2.IntegrationTests\Dev2.Integration.Tests.csproj]
C:\Program Files\dotnet\sdk\10.0.201\Microsoft.Common.CurrentVersion.targets(2451,5): warning MSB3277:             C:\Users\ultra\warewolf\Dev\Dev2.Studio.Core\bin\Debug\net8.0\Dev2.Studio.Core.dll [C:\Users\ultra\warewolf\Dev\Dev2.IntegrationTests\Dev2.Integration.Tests.csproj]
C:\Program Files\dotnet\sdk\10.0.201\Microsoft.Common.CurrentVersion.targets(2451,5): warning MSB3277:             C:\Users\ultra\warewolf\Dev\Dev2.Studio.Interfaces\bin\Debug\net8.0\Dev2.Studio.Interfaces.dll [C:\Users\ultra\warewolf\Dev\Dev2.IntegrationTests\Dev2.Integration.Tests.csproj]
C:\Program Files\dotnet\sdk\10.0.201\Microsoft.Common.CurrentVersion.targets(2451,5): warning MSB3277:             C:\Users\ultra\warewolf\Dev\TestBase\bin\Debug\net8.0\TestBase.dll [C:\Users\ultra\warewolf\Dev\Dev2.IntegrationTests\Dev2.Integration.Tests.csproj]
C:\Program Files\dotnet\sdk\10.0.201\Microsoft.Common.CurrentVersion.targets(2451,5): warning MSB3277:             C:\Users\ultra\warewolf\Dev\Warewolf.Core\bin\Debug\net8.0\Warewolf.Core.dll [C:\Users\ultra\warewolf\Dev\Dev2.IntegrationTests\Dev2.Integration.Tests.csproj]
C:\Program Files\dotnet\sdk\10.0.201\Microsoft.Common.CurrentVersion.targets(2451,5): warning MSB3277:             C:\Users\ultra\warewolf\Dev\Warewolf.Studio.ViewModels\bin\Debug\net8.0\Warewolf.Studio.ViewModels.dll [C:\Users\ultra\warewolf\Dev\Dev2.IntegrationTests\Dev2.Integration.Tests.csproj]
C:\Program Files\dotnet\sdk\10.0.201\Microsoft.Common.CurrentVersion.targets(2451,5): warning MSB3277:             C:\Users\ultra\warewolf\Dev\Dev2.Activities.Tests\bin\Debug\net8.0\linux-x64\Dev2.Activities.Tests.dll [C:\Users\ultra\warewolf\Dev\Dev2.IntegrationTests\Dev2.Integration.Tests.csproj]
C:\Program Files\dotnet\sdk\10.0.201\Microsoft.Common.CurrentVersion.targets(2451,5): warning MSB3277:             C:\Users\ultra\warewolf\Dev\Dev2.Common.Tests\bin\Debug\net8.0\Dev2.Common.Tests.dll [C:\Users\ultra\warewolf\Dev\Dev2.IntegrationTests\Dev2.Integration.Tests.csproj]
C:\Program Files\dotnet\sdk\10.0.201\Microsoft.Common.CurrentVersion.targets(2451,5): warning MSB3277:             C:\Users\ultra\warewolf\Dev\Dev2.Diagnostics.Tests\bin\Debug\net8.0\linux-x64\Dev2.Diagnostics.Tests.dll [C:\Users\ultra\warewolf\Dev\Dev2.IntegrationTests\Dev2.Integration.Tests.csproj]
C:\Program Files\dotnet\sdk\10.0.201\Microsoft.Common.CurrentVersion.targets(2451,5): warning MSB3277:             C:\Users\ultra\warewolf\Dev\Dev2.Intellisense\bin\Debug\net8.0\Dev2.Intellisense.dll [C:\Users\ultra\warewolf\Dev\Dev2.IntegrationTests\Dev2.Integration.Tests.csproj]
C:\Program Files\dotnet\sdk\10.0.201\Microsoft.Common.CurrentVersion.targets(2451,5): warning MSB3277:             C:\Users\ultra\warewolf\Dev\Dev2.Runtime.WebServer\bin\Debug\net8.0\Dev2.Runtime.WebServer.dll [C:\Users\ultra\warewolf\Dev\Dev2.IntegrationTests\Dev2.Integration.Tests.csproj]
C:\Program Files\dotnet\sdk\10.0.201\Microsoft.Common.CurrentVersion.targets(2451,5): warning MSB3277:             C:\Users\ultra\warewolf\Dev\Dev2.Scheduler\bin\Debug\net8.0\Dev2.Scheduler.dll [C:\Users\ultra\warewolf\Dev\Dev2.IntegrationTests\Dev2.Integration.Tests.csproj]
C:\Program Files\dotnet\sdk\10.0.201\Microsoft.Common.CurrentVersion.targets(2451,5): warning MSB3277:             C:\Users\ultra\warewolf\Dev\Dev2.Services.Execution\bin\Debug\net8.0\Dev2.Services.Execution.dll [C:\Users\ultra\warewolf\Dev\Dev2.IntegrationTests\Dev2.Integration.Tests.csproj]
C:\Program Files\dotnet\sdk\10.0.201\Microsoft.Common.CurrentVersion.targets(2451,5): warning MSB3277:             C:\Users\ultra\warewolf\Dev\Warewolf.HangfireServer\bin\Debug\net8.0\linux-x64\HangfireServer.dll [C:\Users\ultra\warewolf\Dev\Dev2.IntegrationTests\Dev2.Integration.Tests.csproj]
C:\Program Files\dotnet\sdk\10.0.201\Microsoft.Common.CurrentVersion.targets(2451,5): warning MSB3277:             C:\Users\ultra\warewolf\Dev\Warewolf.QueueWorker\bin\Debug\net8.0\linux-x64\QueueWorker.dll [C:\Users\ultra\warewolf\Dev\Dev2.IntegrationTests\Dev2.Integration.Tests.csproj]
C:\Program Files\dotnet\sdk\10.0.201\Microsoft.Common.CurrentVersion.targets(2451,5): warning MSB3277:             C:\Users\ultra\warewolf\Dev\Dev2.Studio\bin\Debug\net8.0\linux-x64\Warewolf Studio.dll [C:\Users\ultra\warewolf\Dev\Dev2.IntegrationTests\Dev2.Integration.Tests.csproj]
C:\Program Files\dotnet\sdk\10.0.201\Microsoft.Common.CurrentVersion.targets(2451,5): warning MSB3277:             C:\Users\ultra\warewolf\Dev\Warewolf.Auditing\bin\Debug\net8.0\Warewolf.Auditing.dll [C:\Users\ultra\warewolf\Dev\Dev2.IntegrationTests\Dev2.Integration.Tests.csproj]
C:\Program Files\dotnet\sdk\10.0.201\Microsoft.Common.CurrentVersion.targets(2451,5): warning MSB3277:             C:\Users\ultra\warewolf\Dev\Warewolf.Common.Framework48\bin\Debug\net8.0\Warewolf.Common.Framework48.dll [C:\Users\ultra\warewolf\Dev\Dev2.IntegrationTests\Dev2.Integration.Tests.csproj]
C:\Program Files\dotnet\sdk\10.0.201\Microsoft.Common.CurrentVersion.targets(2451,5): warning MSB3277:             C:\Users\ultra\warewolf\Dev\Warewolf.Common.NetStandard20\bin\Debug\net8.0\Warewolf.Common.NetStandard20.dll [C:\Users\ultra\warewolf\Dev\Dev2.IntegrationTests\Dev2.Integration.Tests.csproj]
C:\Program Files\dotnet\sdk\10.0.201\Microsoft.Common.CurrentVersion.targets(2451,5): warning MSB3277:             C:\Users\ultra\warewolf\Dev\Warewolf.Core.Tests\bin\Debug\net8.0\linux-x64\Warewolf.Core.Tests.dll [C:\Users\ultra\warewolf\Dev\Dev2.IntegrationTests\Dev2.Integration.Tests.csproj]
C:\Program Files\dotnet\sdk\10.0.201\Microsoft.Common.CurrentVersion.targets(2451,5): warning MSB3277:             C:\Users\ultra\warewolf\Dev\Warewolf.Driver.Persistence\bin\Debug\net8.0\Warewolf.Driver.Persistence.dll [C:\Users\ultra\warewolf\Dev\Dev2.IntegrationTests\Dev2.Integration.Tests.csproj]
C:\Program Files\dotnet\sdk\10.0.201\Microsoft.Common.CurrentVersion.targets(2451,5): warning MSB3277:             C:\Users\ultra\warewolf\Dev\Warewolf.Exchange.Email.Wrapper\bin\Debug\net8.0\Warewolf.Exchange.Email.Wrapper.dll [C:\Users\ultra\warewolf\Dev\Dev2.IntegrationTests\Dev2.Integration.Tests.csproj]
C:\Program Files\dotnet\sdk\10.0.201\Microsoft.Common.CurrentVersion.targets(2451,5): warning MSB3277:             C:\Users\ultra\warewolf\Dev\Warewolf.MergeParser.Tests\bin\Debug\net8.0\linux-x64\Warewolf.MergeParser.Tests.dll [C:\Users\ultra\warewolf\Dev\Dev2.IntegrationTests\Dev2.Integration.Tests.csproj]
C:\Program Files\dotnet\sdk\10.0.201\Microsoft.Common.CurrentVersion.targets(2451,5): warning MSB3277:             C:\Users\ultra\warewolf\Dev\Warewolf.ResourceManagement\bin\Debug\net8.0\Warewolf.ResourceManagement.dll [C:\Users\ultra\warewolf\Dev\Dev2.IntegrationTests\Dev2.Integration.Tests.csproj]
C:\Program Files\dotnet\sdk\10.0.201\Microsoft.Common.CurrentVersion.targets(2451,5): warning MSB3277:             C:\Users\ultra\warewolf\Dev\Warewolf.Studio.Core\bin\Debug\net8.0\Warewolf.Studio.Core.dll [C:\Users\ultra\warewolf\Dev\Dev2.IntegrationTests\Dev2.Integration.Tests.csproj]
C:\Program Files\dotnet\sdk\10.0.201\Microsoft.Common.CurrentVersion.targets(2451,5): warning MSB3277:             C:\Users\ultra\warewolf\Dev\Warewolf.Studio.CustomControls\bin\Debug\net8.0\Warewolf.Studio.CustomControls.dll [C:\Users\ultra\warewolf\Dev\Dev2.IntegrationTests\Dev2.Integration.Tests.csproj]
C:\Program Files\dotnet\sdk\10.0.201\Microsoft.Common.CurrentVersion.targets(2451,5): warning MSB3277:             C:\Users\ultra\warewolf\Dev\Warewolf.Studio.Models\bin\Debug\net8.0\Warewolf.Studio.Models.dll [C:\Users\ultra\warewolf\Dev\Dev2.IntegrationTests\Dev2.Integration.Tests.csproj]
C:\Program Files\dotnet\sdk\10.0.201\Microsoft.Common.CurrentVersion.targets(2451,5): warning MSB3277:             C:\Users\ultra\warewolf\Dev\Warewolf.Testing\bin\Debug\net8.0\Warewolf.Testing.dll [C:\Users\ultra\warewolf\Dev\Dev2.IntegrationTests\Dev2.Integration.Tests.csproj]
C:\Program Files\dotnet\sdk\10.0.201\Microsoft.Common.CurrentVersion.targets(2451,5): warning MSB3277:             C:\Users\ultra\warewolf\Dev\Warewolf.Trigger.Queue\bin\Debug\net8.0\Warewolf.Trigger.Queue.dll [C:\Users\ultra\warewolf\Dev\Dev2.IntegrationTests\Dev2.Integration.Tests.csproj]
C:\Program Files\dotnet\sdk\10.0.201\Microsoft.Common.CurrentVersion.targets(2451,5): warning MSB3277:             C:\Users\ultra\warewolf\Dev\Warewolf.UI\bin\Debug\net8.0\Warewolf.UI.dll [C:\Users\ultra\warewolf\Dev\Dev2.IntegrationTests\Dev2.Integration.Tests.csproj]
C:\Program Files\dotnet\sdk\10.0.201\Microsoft.Common.CurrentVersion.targets(2451,5): warning MSB3277:             C:\Users\ultra\warewolf\Dev\Warewolf.Logger\bin\Debug\net8.0\linux-x64\WarewolfLogger.dll [C:\Users\ultra\warewolf\Dev\Dev2.IntegrationTests\Dev2.Integration.Tests.csproj]
C:\Program Files\dotnet\sdk\10.0.201\Microsoft.Common.CurrentVersion.targets(2451,5): warning MSB3277:             C:\Users\ultra\.nuget\packages\dotnetzip\1.16.0\lib\netstandard2.0\DotNetZip.dll [C:\Users\ultra\warewolf\Dev\Dev2.IntegrationTests\Dev2.Integration.Tests.csproj]
C:\Program Files\dotnet\sdk\10.0.201\Microsoft.Common.CurrentVersion.targets(2451,5): warning MSB3277:             C:\Users\ultra\warewolf\Dev\Dev2.Common\bin\Debug\net8.0\Dev2.Common.dll [C:\Users\ultra\warewolf\Dev\Dev2.IntegrationTests\Dev2.Integration.Tests.csproj]
C:\Program Files\dotnet\sdk\10.0.201\Microsoft.Common.CurrentVersion.targets(2451,5): warning MSB3277:             C:\Users\ultra\warewolf\Dev\Dev2.Data.Interfaces\bin\Debug\net8.0\Dev2.Data.Interfaces.dll [C:\Users\ultra\warewolf\Dev\Dev2.IntegrationTests\Dev2.Integration.Tests.csproj]
C:\Program Files\dotnet\sdk\10.0.201\Microsoft.Common.CurrentVersion.targets(2451,5): warning MSB3277:             C:\Users\ultra\warewolf\Dev\Dev2.Development.Languages\bin\Debug\net8.0\Dev2.Development.Languages.dll [C:\Users\ultra\warewolf\Dev\Dev2.IntegrationTests\Dev2.Integration.Tests.csproj]
C:\Program Files\dotnet\sdk\10.0.201\Microsoft.Common.CurrentVersion.targets(2451,5): warning MSB3277:             C:\Users\ultra\warewolf\Dev\Dev2.Diagnostics\bin\Debug\net8.0\Dev2.Diagnostics.dll [C:\Users\ultra\warewolf\Dev\Dev2.IntegrationTests\Dev2.Integration.Tests.csproj]
C:\Program Files\dotnet\sdk\10.0.201\Microsoft.Common.CurrentVersion.targets(2451,5): warning MSB3277:             C:\Users\ultra\warewolf\Dev\Dev2.Infrastructure\bin\Debug\net8.0\Dev2.Infrastructure.dll [C:\Users\ultra\warewolf\Dev\Dev2.IntegrationTests\Dev2.Integration.Tests.csproj]
C:\Program Files\dotnet\sdk\10.0.201\Microsoft.Common.CurrentVersion.targets(2451,5): warning MSB3277:             C:\Users\ultra\warewolf\Dev\Dev2.Services.Sql\bin\Debug\net8.0\Dev2.Services.Sql.dll [C:\Users\ultra\warewolf\Dev\Dev2.IntegrationTests\Dev2.Integration.Tests.csproj]
C:\Program Files\dotnet\sdk\10.0.201\Microsoft.Common.CurrentVersion.targets(2451,5): warning MSB3277:             C:\Users\ultra\warewolf\Dev\Dev2.Util\bin\Debug\net8.0\Dev2.Util.dll [C:\Users\ultra\warewolf\Dev\Dev2.IntegrationTests\Dev2.Integration.Tests.csproj]
C:\Program Files\dotnet\sdk\10.0.201\Microsoft.Common.CurrentVersion.targets(2451,5): warning MSB3277:             C:\Users\ultra\warewolf\Dev\Warewolf.Storage\bin\Debug\net8.0\Warewolf.Storage.dll [C:\Users\ultra\warewolf\Dev\Dev2.IntegrationTests\Dev2.Integration.Tests.csproj]
C:\Program Files\dotnet\sdk\10.0.201\Microsoft.Common.CurrentVersion.targets(2451,5): warning MSB3277:             C:\Users\ultra\warewolf\Dev\Dev2.TaskScheduler.Wrappers\bin\Debug\net8.0\Dev2.TaskScheduler.Wrappers.dll [C:\Users\ultra\warewolf\Dev\Dev2.IntegrationTests\Dev2.Integration.Tests.csproj]
C:\Program Files\dotnet\sdk\10.0.201\Microsoft.Common.CurrentVersion.targets(2451,5): warning MSB3277:             C:\Users\ultra\warewolf\Dev\Warewolf.AI.Harness\bin\Debug\net8.0\Warewolf.AI.Harness.dll [C:\Users\ultra\warewolf\Dev\Dev2.IntegrationTests\Dev2.Integration.Tests.csproj]
C:\Program Files\dotnet\sdk\10.0.201\Microsoft.Common.CurrentVersion.targets(2451,5): warning MSB3277:             C:\Users\ultra\warewolf\Dev\Warewolf.Driver.Serilog\bin\Debug\net8.0\Warewolf.Driver.Serilog.dll [C:\Users\ultra\warewolf\Dev\Dev2.IntegrationTests\Dev2.Integration.Tests.csproj]
C:\Program Files\dotnet\sdk\10.0.201\Microsoft.Common.CurrentVersion.targets(2451,5): warning MSB3277:             C:\Users\ultra\warewolf\Dev\Warewolf.PerfMon\bin\Debug\net8.0\linux-x64\Warewolf.PerfMon.dll [C:\Users\ultra\warewolf\Dev\Dev2.IntegrationTests\Dev2.Integration.Tests.csproj]
C:\Program Files\dotnet\sdk\10.0.201\Microsoft.Common.CurrentVersion.targets(2451,5): warning MSB3277:             C:\Users\ultra\warewolf\Dev\Warewolf.Sharepoint\bin\Debug\net8.0\Warewolf.Sharepoint.dll [C:\Users\ultra\warewolf\Dev\Dev2.IntegrationTests\Dev2.Integration.Tests.csproj]
C:\Program Files\dotnet\sdk\10.0.201\Microsoft.Common.CurrentVersion.targets(2451,5): warning MSB3277:             C:\Users\ultra\.nuget\packages\mindbox.data.linq\5.0.0\lib\netstandard2.0\Mindbox.Data.Linq.dll [C:\Users\ultra\warewolf\Dev\Dev2.IntegrationTests\Dev2.Integration.Tests.csproj]
C:\Program Files\dotnet\sdk\10.0.201\Microsoft.Common.CurrentVersion.targets(2451,5): warning MSB3277:             C:\Users\ultra\.nuget\packages\mysql.data\8.4.0\lib\net8.0\MySql.Data.dll [C:\Users\ultra\warewolf\Dev\Dev2.IntegrationTests\Dev2.Integration.Tests.csproj]
C:\Program Files\dotnet\sdk\10.0.201\Microsoft.Common.CurrentVersion.targets(2451,5): warning MSB3277:             C:\Users\ultra\.nuget\packages\oracle.manageddataaccess.core\3.21.70\lib\netstandard2.1\Oracle.ManagedDataAccess.dll [C:\Users\ultra\warewolf\Dev\Dev2.IntegrationTests\Dev2.Integration.Tests.csproj]
C:\Program Files\dotnet\sdk\10.0.201\Microsoft.Common.CurrentVersion.targets(2451,5): warning MSB3277:             C:\Users\ultra\.nuget\packages\system.directoryservices\6.0.0\lib\net6.0\System.DirectoryServices.dll [C:\Users\ultra\warewolf\Dev\Dev2.IntegrationTests\Dev2.Integration.Tests.csproj]
C:\Program Files\dotnet\sdk\10.0.201\Microsoft.Common.CurrentVersion.targets(2451,5): warning MSB3277:             C:\Users\ultra\.nuget\packages\corewcf.primitives\1.2.1\lib\netstandard2.0\CoreWCF.Primitives.dll [C:\Users\ultra\warewolf\Dev\Dev2.IntegrationTests\Dev2.Integration.Tests.csproj]
C:\Program Files\dotnet\sdk\10.0.201\Microsoft.Common.CurrentVersion.targets(2451,5): warning MSB3277:             C:\Users\ultra\.nuget\packages\corewcf.http\1.2.1\lib\netstandard2.0\CoreWCF.Http.dll [C:\Users\ultra\warewolf\Dev\Dev2.IntegrationTests\Dev2.Integration.Tests.csproj]
C:\Program Files\dotnet\sdk\10.0.201\Microsoft.Common.CurrentVersion.targets(2451,5): warning MSB3277:             C:\Users\ultra\.nuget\packages\corewcf.nettcp\1.2.1\lib\netstandard2.0\CoreWCF.NetTcp.dll [C:\Users\ultra\warewolf\Dev\Dev2.IntegrationTests\Dev2.Integration.Tests.csproj]
C:\Program Files\dotnet\sdk\10.0.201\Microsoft.Common.CurrentVersion.targets(2451,5): warning MSB3277:             C:\Users\ultra\.nuget\packages\corewcf.webhttp\1.2.1\lib\netstandard2.0\CoreWCF.WebHttp.dll [C:\Users\ultra\warewolf\Dev\Dev2.IntegrationTests\Dev2.Integration.Tests.csproj]
C:\Program Files\dotnet\sdk\10.0.201\Microsoft.Common.CurrentVersion.targets(2451,5): warning MSB3277:             C:\Program Files\dotnet\packs\Microsoft.NETCore.App.Ref\8.0.25\ref/net8.0/System.Configuration.dll [C:\Users\ultra\warewolf\Dev\Dev2.IntegrationTests\Dev2.Integration.Tests.csproj]
C:\Program Files\dotnet\sdk\10.0.201\Microsoft.Common.CurrentVersion.targets(2451,5): warning MSB3277:             C:\Users\ultra\.nuget\packages\prism.composition\5.0.0\lib\NET45\Microsoft.Practices.Prism.Composition.dll [C:\Users\ultra\warewolf\Dev\Dev2.IntegrationTests\Dev2.Integration.Tests.csproj]
C:\Program Files\dotnet\sdk\10.0.201\Microsoft.Common.CurrentVersion.targets(2451,5): warning MSB3277:             C:\Users\ultra\.nuget\packages\prism.unityextensions\5.0.1\lib\NET45\Microsoft.Practices.Prism.UnityExtensions.dll [C:\Users\ultra\warewolf\Dev\Dev2.IntegrationTests\Dev2.Integration.Tests.csproj]
C:\Program Files\dotnet\sdk\10.0.201\Microsoft.Common.CurrentVersion.targets(2451,5): warning MSB3277:             C:\Users\ultra\.nuget\packages\prism.wpf\9.0.537\lib\net462\Prism.Wpf.dll [C:\Users\ultra\warewolf\Dev\Dev2.IntegrationTests\Dev2.Integration.Tests.csproj]
C:\Program Files\dotnet\sdk\10.0.201\Microsoft.Common.CurrentVersion.targets(2451,5): warning MSB3277:             C:\Program Files\dotnet\packs\Microsoft.NETCore.App.Ref\8.0.25\ref/net8.0/System.Data.dll [C:\Users\ultra\warewolf\Dev\Dev2.IntegrationTests\Dev2.Integration.Tests.csproj]
C:\Program Files\dotnet\sdk\10.0.201\Microsoft.Common.CurrentVersion.targets(2451,5): warning MSB3277:             C:\Users\ultra\.nuget\packages\taskschedulereditor\2.10.1\lib\net452\Microsoft.Win32.TaskSchedulerEditor.dll [C:\Users\ultra\warewolf\Dev\Dev2.IntegrationTests\Dev2.Integration.Tests.csproj]
C:\Program Files\dotnet\sdk\10.0.201\Microsoft.Common.CurrentVersion.targets(2451,5): warning MSB3277:             C:\Program Files\dotnet\packs\Microsoft.NETCore.App.Ref\8.0.25\ref/net8.0/System.Drawing.dll [C:\Users\ultra\warewolf\Dev\Dev2.IntegrationTests\Dev2.Integration.Tests.csproj]
C:\Program Files\dotnet\sdk\10.0.201\Microsoft.Common.CurrentVersion.targets(2451,5): warning MSB3277:             C:\Users\ultra\.nuget\packages\aerowizard\2.3.1\lib\net45\AeroWizard.dll [C:\Users\ultra\warewolf\Dev\Dev2.IntegrationTests\Dev2.Integration.Tests.csproj]
C:\Program Files\dotnet\sdk\10.0.201\Microsoft.Common.CurrentVersion.targets(2451,5): warning MSB3277:             C:\Users\ultra\.nuget\packages\avalonedit\6.3.0.90\lib\net462\ICSharpCode.AvalonEdit.dll [C:\Users\ultra\warewolf\Dev\Dev2.IntegrationTests\Dev2.Integration.Tests.csproj]
C:\Program Files\dotnet\sdk\10.0.201\Microsoft.Common.CurrentVersion.targets(2451,5): warning MSB3277:             C:\Users\ultra\.nuget\packages\groupcontrols\1.9.0\lib\net45\GroupControls.dll [C:\Users\ultra\warewolf\Dev\Dev2.IntegrationTests\Dev2.Integration.Tests.csproj]
C:\Program Files\dotnet\sdk\10.0.201\Microsoft.Common.CurrentVersion.targets(2451,5): warning MSB3277:             C:\Program Files\dotnet\packs\Microsoft.NETCore.App.Ref\8.0.25\ref/net8.0/System.Net.dll [C:\Users\ultra\warewolf\Dev\Dev2.IntegrationTests\Dev2.Integration.Tests.csproj]
C:\Program Files\dotnet\sdk\10.0.201\Microsoft.Common.CurrentVersion.targets(2451,5): warning MSB3277:             C:\Program Files\dotnet\packs\Microsoft.NETCore.App.Ref\8.0.25\ref/net8.0/System.Security.dll [C:\Users\ultra\warewolf\Dev\Dev2.IntegrationTests\Dev2.Integration.Tests.csproj]
C:\Program Files\dotnet\sdk\10.0.201\Microsoft.Common.CurrentVersion.targets(2451,5): warning MSB3277:             C:\Program Files\dotnet\packs\Microsoft.NETCore.App.Ref\8.0.25\ref/net8.0/System.ServiceProcess.dll [C:\Users\ultra\warewolf\Dev\Dev2.IntegrationTests\Dev2.Integration.Tests.csproj]
C:\Program Files\dotnet\sdk\10.0.201\Microsoft.Common.CurrentVersion.targets(2451,5): warning MSB3277:             C:\Program Files\dotnet\packs\Microsoft.NETCore.App.Ref\8.0.25\ref/net8.0/System.Transactions.dll [C:\Users\ultra\warewolf\Dev\Dev2.IntegrationTests\Dev2.Integration.Tests.csproj]
C:\Program Files\dotnet\sdk\10.0.201\Microsoft.Common.CurrentVersion.targets(2451,5): warning MSB3277:             C:\Program Files\dotnet\packs\Microsoft.NETCore.App.Ref\8.0.25\ref/net8.0/System.dll [C:\Users\ultra\warewolf\Dev\Dev2.IntegrationTests\Dev2.Integration.Tests.csproj]
C:\Program Files\dotnet\sdk\10.0.201\Microsoft.Common.CurrentVersion.targets(2451,5): warning MSB3277:             C:\Users\ultra\.nuget\packages\fontawesome.wpf\4.7.0.9\lib\net40\FontAwesome.WPF.dll [C:\Users\ultra\warewolf\Dev\Dev2.IntegrationTests\Dev2.Integration.Tests.csproj]
C:\Program Files\dotnet\sdk\10.0.201\Microsoft.Common.CurrentVersion.targets(2451,5): warning MSB3277:             C:\Users\ultra\.nuget\packages\log4net.async\2.0.4\lib\net40\Log4Net.Async.dll [C:\Users\ultra\warewolf\Dev\Dev2.IntegrationTests\Dev2.Integration.Tests.csproj]
C:\Program Files\dotnet\sdk\10.0.201\Microsoft.Common.CurrentVersion.targets(2451,5): warning MSB3277:             C:\Users\ultra\.nuget\packages\microsoft.xaml.behaviors.wpf\1.1.122\lib\net462\Microsoft.Xaml.Behaviors.dll [C:\Users\ultra\warewolf\Dev\Dev2.IntegrationTests\Dev2.Integration.Tests.csproj]
C:\Program Files\dotnet\sdk\10.0.201\Microsoft.Common.CurrentVersion.targets(2451,5): warning MSB3277:             C:\Users\ultra\.nuget\packages\caliburn.micro\4.0.212\lib\netcoreapp3.1\Caliburn.Micro.Platform.dll [C:\Users\ultra\warewolf\Dev\Dev2.IntegrationTests\Dev2.Integration.Tests.csproj]
C:\Program Files\dotnet\sdk\10.0.201\Microsoft.Common.CurrentVersion.targets(2451,5): warning MSB3277:             C:\Users\ultra\.nuget\packages\prism.interactivity\5.0.0\lib\NET45\Microsoft.Practices.Prism.Interactivity.dll [C:\Users\ultra\warewolf\Dev\Dev2.IntegrationTests\Dev2.Integration.Tests.csproj]
C:\Program Files\dotnet\sdk\10.0.201\Microsoft.Common.CurrentVersion.targets(2451,5): warning MSB3277:             C:\Users\ultra\.nuget\packages\prism.mvvm\1.0.0\lib\net45\Microsoft.Practices.Prism.Mvvm.Desktop.dll [C:\Users\ultra\warewolf\Dev\Dev2.IntegrationTests\Dev2.Integration.Tests.csproj]
C:\Program Files\dotnet\sdk\10.0.201\Microsoft.Common.CurrentVersion.targets(2451,5): warning MSB3277:             C:\Users\ultra\.nuget\packages\reactiveui.wpf\18.4.1\lib\net462\ReactiveUI.Wpf.dll [C:\Users\ultra\warewolf\Dev\Dev2.IntegrationTests\Dev2.Integration.Tests.csproj]
C:\Program Files\dotnet\sdk\10.0.201\Microsoft.Common.CurrentVersion.targets(2451,5): warning MSB3277:             C:\Users\ultra\.nuget\packages\ttcue.netcore.sharepointonline.csom.16.1.8029.1200\16.1.8029.1200\lib\netcoreapp2.0\Microsoft.SharePoint.Client.Runtime.Windows.dll [C:\Users\ultra\warewolf\Dev\Dev2.IntegrationTests\Dev2.Integration.Tests.csproj]
C:\Program Files\dotnet\sdk\10.0.201\Microsoft.Common.CurrentVersion.targets(2451,5): warning MSB3277:             C:\Program Files\dotnet\packs\Microsoft.NETCore.App.Ref\8.0.25\ref/net8.0/WindowsBase.dll [C:\Users\ultra\warewolf\Dev\Dev2.IntegrationTests\Dev2.Integration.Tests.csproj]
C:\Program Files\dotnet\sdk\10.0.201\Microsoft.Common.CurrentVersion.targets(2451,5): warning MSB3277:             C:\Program Files\dotnet\packs\Microsoft.NETCore.App.Ref\8.0.25\ref/net8.0/mscorlib.dll [C:\Users\ultra\warewolf\Dev\Dev2.IntegrationTests\Dev2.Integration.Tests.csproj]
C:\Program Files\dotnet\sdk\10.0.201\Microsoft.Common.CurrentVersion.targets(2451,5): warning MSB3277:             C:\Users\ultra\.nuget\packages\hangfire.core\1.7.32\lib\netstandard2.0\Hangfire.Core.dll [C:\Users\ultra\warewolf\Dev\Dev2.IntegrationTests\Dev2.Integration.Tests.csproj]
C:\Program Files\dotnet\sdk\10.0.201\Microsoft.Common.CurrentVersion.targets(2451,5): warning MSB3277:             C:\Users\ultra\.nuget\packages\hangfire.aspnetcore\1.7.32\lib\netcoreapp3.0\Hangfire.AspNetCore.dll [C:\Users\ultra\warewolf\Dev\Dev2.IntegrationTests\Dev2.Integration.Tests.csproj]
C:\Program Files\dotnet\sdk\10.0.201\Microsoft.Common.CurrentVersion.targets(2451,5): warning MSB3277:             C:\Users\ultra\.nuget\packages\hangfire.sqlserver\1.7.32\lib\netstandard2.0\Hangfire.SqlServer.dll [C:\Users\ultra\warewolf\Dev\Dev2.IntegrationTests\Dev2.Integration.Tests.csproj]
C:\Program Files\dotnet\sdk\10.0.201\Microsoft.Common.CurrentVersion.targets(2451,5): warning MSB3277:             C:\Users\ultra\.nuget\packages\microsoft.codecoverage\17.13.0\lib\netcoreapp3.1\Microsoft.VisualStudio.CodeCoverage.Shim.dll [C:\Users\ultra\warewolf\Dev\Dev2.IntegrationTests\Dev2.Integration.Tests.csproj]
C:\Program Files\dotnet\sdk\10.0.201\Microsoft.Common.CurrentVersion.targets(2451,5): warning MSB3277:             C:\Users\ultra\.nuget\packages\unofficial.microsoft.mshtml\7.0.3300\lib\net40\Microsoft.mshtml.dll [C:\Users\ultra\warewolf\Dev\Dev2.IntegrationTests\Dev2.Integration.Tests.csproj]
C:\Program Files\dotnet\sdk\10.0.201\Microsoft.Common.CurrentVersion.targets(2451,5): warning MSB3277:         C:\Program Files\dotnet\packs\Microsoft.NETCore.App.Ref\8.0.25\ref\net8.0\System.Drawing.dll [C:\Users\ultra\warewolf\Dev\Dev2.IntegrationTests\Dev2.Integration.Tests.csproj]
C:\Program Files\dotnet\sdk\10.0.201\Microsoft.Common.CurrentVersion.targets(2451,5): warning MSB3277:           Project file item includes which caused reference "C:\Program Files\dotnet\packs\Microsoft.NETCore.App.Ref\8.0.25\ref\net8.0\System.Drawing.dll". [C:\Users\ultra\warewolf\Dev\Dev2.IntegrationTests\Dev2.Integration.Tests.csproj]
C:\Program Files\dotnet\sdk\10.0.201\Microsoft.Common.CurrentVersion.targets(2451,5): warning MSB3277:             C:\Program Files\dotnet\packs\Microsoft.NETCore.App.Ref\8.0.25\ref/net8.0/System.Drawing.dll [C:\Users\ultra\warewolf\Dev\Dev2.IntegrationTests\Dev2.Integration.Tests.csproj]
C:\Program Files\dotnet\sdk\10.0.201\Microsoft.Common.CurrentVersion.targets(2451,5): warning MSB3277:             C:\Users\ultra\.nuget\packages\aerowizard\2.3.1\lib\net45\AeroWizard.dll [C:\Users\ultra\warewolf\Dev\Dev2.IntegrationTests\Dev2.Integration.Tests.csproj]
C:\Program Files\dotnet\sdk\10.0.201\Microsoft.Common.CurrentVersion.targets(2451,5): warning MSB3277:             C:\Users\ultra\.nuget\packages\avalonedit\6.3.0.90\lib\net462\ICSharpCode.AvalonEdit.dll [C:\Users\ultra\warewolf\Dev\Dev2.IntegrationTests\Dev2.Integration.Tests.csproj]
C:\Program Files\dotnet\sdk\10.0.201\Microsoft.Common.CurrentVersion.targets(2451,5): warning MSB3277:             C:\Users\ultra\.nuget\packages\groupcontrols\1.9.0\lib\net45\GroupControls.dll [C:\Users\ultra\warewolf\Dev\Dev2.IntegrationTests\Dev2.Integration.Tests.csproj]
C:\Program Files\dotnet\sdk\10.0.201\Microsoft.Common.CurrentVersion.targets(2451,5): warning MSB3277:             C:\Users\ultra\.nuget\packages\taskschedulereditor\2.10.1\lib\net452\Microsoft.Win32.TaskSchedulerEditor.dll [C:\Users\ultra\warewolf\Dev\Dev2.IntegrationTests\Dev2.Integration.Tests.csproj]
  Consider app.config remapping of assembly "System.IO.Pipelines, Culture=neutral, PublicKeyToken=cc7b13ffcd2ddd51" from Version "6.0.0.0" [] to Version "10.0.0.0" [C:\Users\ultra\.nuget\packages\system.io.pipelines\10.0.2\lib\net8.0\System.IO.Pipelines.dll] to solve conflict and get rid of warning.
  Consider app.config remapping of assembly "System.Runtime.CompilerServices.Unsafe, Culture=neutral, PublicKeyToken=b03f5f7f11d50a3a" from Version "6.0.0.0" [] to Version "8.0.0.0" [C:\Program Files\dotnet\packs\Microsoft.NETCore.App.Ref\8.0.25\ref\net8.0\System.Runtime.CompilerServices.Unsafe.dll] to solve conflict and get rid of warning.
C:\Users\ultra\warewolf\Dev\Dev2.IntegrationTests\Services.Sql\SqlDatabaseBrokerTests.cs(311,14): warning SYSLIB0004: 'ReliabilityContractAttribute' is obsolete: 'The Constrained Execution Region (CER) feature is not supported.' (https://aka.ms/dotnet-warnings/SYSLIB0004) [C:\Users\ultra\warewolf\Dev\Dev2.IntegrationTests\Dev2.Integration.Tests.csproj]
C:\Users\ultra\warewolf\Dev\Dev2.IntegrationTests\Services.Sql\SqlDatabaseBrokerTests.cs(311,34): warning SYSLIB0004: 'Consistency' is obsolete: 'The Constrained Execution Region (CER) feature is not supported.' (https://aka.ms/dotnet-warnings/SYSLIB0004) [C:\Users\ultra\warewolf\Dev\Dev2.IntegrationTests\Dev2.Integration.Tests.csproj]
C:\Users\ultra\warewolf\Dev\Dev2.IntegrationTests\Services.Sql\SqlDatabaseBrokerTests.cs(311,67): warning SYSLIB0004: 'Cer' is obsolete: 'The Constrained Execution Region (CER) feature is not supported.' (https://aka.ms/dotnet-warnings/SYSLIB0004) [C:\Users\ultra\warewolf\Dev\Dev2.IntegrationTests\Dev2.Integration.Tests.csproj]
C:\Users\ultra\warewolf\Dev\Dev2.IntegrationTests\Server Refresh\FreshlyInstalledServerStartupTest.cs(126,9): warning SYSLIB0014: 'WebClient.WebClient()' is obsolete: 'WebRequest, HttpWebRequest, ServicePoint, and WebClient are obsolete. Use HttpClient instead.' (https://aka.ms/dotnet-warnings/SYSLIB0014) [C:\Users\ultra\warewolf\Dev\Dev2.IntegrationTests\Dev2.Integration.Tests.csproj]
C:\Users\ultra\warewolf\Dev\Dev2.IntegrationTests\SqlParallelRunStressTests.cs(92,9): warning SYSLIB0014: 'WebClient.WebClient()' is obsolete: 'WebRequest, HttpWebRequest, ServicePoint, and WebClient are obsolete. Use HttpClient instead.' (https://aka.ms/dotnet-warnings/SYSLIB0014) [C:\Users\ultra\warewolf\Dev\Dev2.IntegrationTests\Dev2.Integration.Tests.csproj]
C:\Users\ultra\warewolf\Dev\Dev2.IntegrationTests\Server Refresh\FreshlyInstalledServerStartupTest.cs(98,39): warning CA1416: This call site is reachable on all platforms. 'ServiceControllerStatus.Stopped' is only supported on: 'windows'. (https://learn.microsoft.com/dotnet/fundamentals/code-analysis/quality-rules/ca1416) [C:\Users\ultra\warewolf\Dev\Dev2.IntegrationTests\Dev2.Integration.Tests.csproj]
C:\Users\ultra\warewolf\Dev\Dev2.IntegrationTests\Server Refresh\FreshlyInstalledServerStartupTest.cs(119,39): warning CA1416: This call site is reachable on all platforms. 'ServiceControllerStatus.Stopped' is only supported on: 'windows'. (https://learn.microsoft.com/dotnet/fundamentals/code-analysis/quality-rules/ca1416) [C:\Users\ultra\warewolf\Dev\Dev2.IntegrationTests\Dev2.Integration.Tests.csproj]
C:\Users\ultra\warewolf\Dev\Dev2.IntegrationTests\Server Refresh\FreshlyInstalledServerStartupTest.cs(97,17): warning CA1416: This call site is reachable on all platforms. 'ServiceController.Stop()' is only supported on: 'windows'. (https://learn.microsoft.com/dotnet/fundamentals/code-analysis/quality-rules/ca1416) [C:\Users\ultra\warewolf\Dev\Dev2.IntegrationTests\Dev2.Integration.Tests.csproj]
C:\Users\ultra\warewolf\Dev\Dev2.IntegrationTests\Services.Sql\SqlDatabaseBrokerTests.cs(340,57): warning CA1416: This call site is reachable on all platforms. 'WindowsPrincipal' is only supported on: 'windows'. (https://learn.microsoft.com/dotnet/fundamentals/code-analysis/quality-rules/ca1416) [C:\Users\ultra\warewolf\Dev\Dev2.IntegrationTests\Dev2.Integration.Tests.csproj]
C:\Users\ultra\warewolf\Dev\Dev2.IntegrationTests\Server Refresh\FreshlyInstalledServerStartupTest.cs(86,35): warning CA1416: This call site is reachable on all platforms. 'ManagementBaseObject.this[string]' is only supported on: 'windows'. (https://learn.microsoft.com/dotnet/fundamentals/code-analysis/quality-rules/ca1416) [C:\Users\ultra\warewolf\Dev\Dev2.IntegrationTests\Dev2.Integration.Tests.csproj]
C:\Users\ultra\warewolf\Dev\Dev2.IntegrationTests\Services.Sql\SqlDatabaseBrokerTests.cs(332,47): warning CA1416: This call site is reachable on all platforms. 'WindowsIdentity' is only supported on: 'windows'. (https://learn.microsoft.com/dotnet/fundamentals/code-analysis/quality-rules/ca1416) [C:\Users\ultra\warewolf\Dev\Dev2.IntegrationTests\Dev2.Integration.Tests.csproj]
C:\Users\ultra\warewolf\Dev\Dev2.IntegrationTests\Server Refresh\FreshlyInstalledServerStartupTest.cs(123,13): warning CA1416: This call site is reachable on all platforms. 'ServiceController.WaitForStatus(ServiceControllerStatus, TimeSpan)' is only supported on: 'windows'. (https://learn.microsoft.com/dotnet/fundamentals/code-analysis/quality-rules/ca1416) [C:\Users\ultra\warewolf\Dev\Dev2.IntegrationTests\Dev2.Integration.Tests.csproj]
C:\Users\ultra\warewolf\Dev\Dev2.IntegrationTests\Server Refresh\FreshlyInstalledServerStartupTest.cs(119,17): warning CA1416: This call site is reachable on all platforms. 'ServiceController.WaitForStatus(ServiceControllerStatus, TimeSpan)' is only supported on: 'windows'. (https://learn.microsoft.com/dotnet/fundamentals/code-analysis/quality-rules/ca1416) [C:\Users\ultra\warewolf\Dev\Dev2.IntegrationTests\Dev2.Integration.Tests.csproj]
C:\Users\ultra\warewolf\Dev\Dev2.IntegrationTests\Server Refresh\FreshlyInstalledServerStartupTest.cs(83,41): warning CA1416: This call site is reachable on all platforms. 'ServiceController' is only supported on: 'windows'. (https://learn.microsoft.com/dotnet/fundamentals/code-analysis/quality-rules/ca1416) [C:\Users\ultra\warewolf\Dev\Dev2.IntegrationTests\Dev2.Integration.Tests.csproj]
C:\Users\ultra\warewolf\Dev\Dev2.IntegrationTests\Server Refresh\FreshlyInstalledServerStartupTest.cs(85,46): warning CA1416: This call site is reachable on all platforms. 'ManagementObjectSearcher.Get()' is only supported on: 'windows'. (https://learn.microsoft.com/dotnet/fundamentals/code-analysis/quality-rules/ca1416) [C:\Users\ultra\warewolf\Dev\Dev2.IntegrationTests\Dev2.Integration.Tests.csproj]
C:\Users\ultra\warewolf\Dev\Dev2.IntegrationTests\Server Refresh\FreshlyInstalledServerStartupTest.cs(85,46): warning CA1416: This call site is reachable on all platforms. 'ManagementObject' is only supported on: 'windows'. (https://learn.microsoft.com/dotnet/fundamentals/code-analysis/quality-rules/ca1416) [C:\Users\ultra\warewolf\Dev\Dev2.IntegrationTests\Dev2.Integration.Tests.csproj]
C:\Users\ultra\warewolf\Dev\Dev2.IntegrationTests\Server Refresh\FreshlyInstalledServerStartupTest.cs(123,35): warning CA1416: This call site is reachable on all platforms. 'ServiceControllerStatus.Running' is only supported on: 'windows'. (https://learn.microsoft.com/dotnet/fundamentals/code-analysis/quality-rules/ca1416) [C:\Users\ultra\warewolf\Dev\Dev2.IntegrationTests\Dev2.Integration.Tests.csproj]
C:\Users\ultra\warewolf\Dev\Dev2.IntegrationTests\Server Refresh\FreshlyInstalledServerStartupTest.cs(84,49): warning CA1416: This call site is reachable on all platforms. 'ManagementObjectSearcher' is only supported on: 'windows'. (https://learn.microsoft.com/dotnet/fundamentals/code-analysis/quality-rules/ca1416) [C:\Users\ultra\warewolf\Dev\Dev2.IntegrationTests\Dev2.Integration.Tests.csproj]
C:\Users\ultra\warewolf\Dev\Dev2.IntegrationTests\Server Refresh\FreshlyInstalledServerStartupTest.cs(85,127): warning CA1416: This call site is reachable on all platforms. 'ManagementBaseObject.this[string]' is only supported on: 'windows'. (https://learn.microsoft.com/dotnet/fundamentals/code-analysis/quality-rules/ca1416) [C:\Users\ultra\warewolf\Dev\Dev2.IntegrationTests\Dev2.Integration.Tests.csproj]
C:\Users\ultra\warewolf\Dev\Dev2.IntegrationTests\Server Refresh\FreshlyInstalledServerStartupTest.cs(85,46): warning CA1416: This call site is reachable on all platforms. 'ManagementObject' is only supported on: 'windows'. (https://learn.microsoft.com/dotnet/fundamentals/code-analysis/quality-rules/ca1416) [C:\Users\ultra\warewolf\Dev\Dev2.IntegrationTests\Dev2.Integration.Tests.csproj]
C:\Users\ultra\warewolf\Dev\Dev2.IntegrationTests\Server Refresh\FreshlyInstalledServerStartupTest.cs(122,13): warning CA1416: This call site is reachable on all platforms. 'ServiceController.Start()' is only supported on: 'windows'. (https://learn.microsoft.com/dotnet/fundamentals/code-analysis/quality-rules/ca1416) [C:\Users\ultra\warewolf\Dev\Dev2.IntegrationTests\Dev2.Integration.Tests.csproj]
C:\Users\ultra\warewolf\Dev\Dev2.IntegrationTests\Server Refresh\FreshlyInstalledServerStartupTest.cs(118,17): warning CA1416: This call site is reachable on all platforms. 'ServiceController.Stop()' is only supported on: 'windows'. (https://learn.microsoft.com/dotnet/fundamentals/code-analysis/quality-rules/ca1416) [C:\Users\ultra\warewolf\Dev\Dev2.IntegrationTests\Dev2.Integration.Tests.csproj]
C:\Users\ultra\warewolf\Dev\Dev2.IntegrationTests\Server Refresh\FreshlyInstalledServerStartupTest.cs(98,17): warning CA1416: This call site is reachable on all platforms. 'ServiceController.WaitForStatus(ServiceControllerStatus, TimeSpan)' is only supported on: 'windows'. (https://learn.microsoft.com/dotnet/fundamentals/code-analysis/quality-rules/ca1416) [C:\Users\ultra\warewolf\Dev\Dev2.IntegrationTests\Dev2.Integration.Tests.csproj]
  Dev2.Integration.Tests -> C:\Users\ultra\warewolf\Dev\Dev2.IntegrationTests\bin\Debug\net8.0\linux-x64\Dev2.Integration.Tests.dll
  Dev2.Integration.Tests -> C:\Users\ultra\warewolf\Bin\ServerTests-Linux\Dev2.Integration.Tests\
Publishing Warewolf.Licencing.Tests for linux-x64...
  Determining projects to restore...
C:\Users\ultra\warewolf\Dev\Warewolf.Language.Parser\Warewolf.Language.Parser.fsproj : warning NU1504: Duplicate 'PackageReference' items found. Remove the duplicate items or use the Update functionality to ensure a consistent restore behavior. The duplicate 'PackageReference' items are: FSharp.Core 10.1.201, FSharp.Core 4.6.2.
C:\Users\ultra\warewolf\Dev\Warewolf.Security\Warewolf.Security.csproj : warning NU1904: Package 'System.Drawing.Common' 4.5.1 has a known critical severity vulnerability, https://github.com/advisories/GHSA-rxg9-xrhp-64gj [C:\Users\ultra\warewolf\Dev\Warewolf.Licencing.Tests\Warewolf.Licencing.Tests.csproj]
C:\Users\ultra\warewolf\Dev\Warewolf.Storage.Interfaces\Warewolf.Storage.Interfaces.csproj : warning NU1701: Package 'AeroWizard 2.3.1' was restored using '.NETFramework,Version=v4.6.1, .NETFramework,Version=v4.6.2, .NETFramework,Version=v4.7, .NETFramework,Version=v4.7.1, .NETFramework,Version=v4.7.2, .NETFramework,Version=v4.8, .NETFramework,Version=v4.8.1' instead of the project target framework 'net8.0'. This package may not be fully compatible with your project. [C:\Users\ultra\warewolf\Dev\Warewolf.Licencing.Tests\Warewolf.Licencing.Tests.csproj]
C:\Users\ultra\warewolf\Dev\Warewolf.Licensing\Warewolf.Licensing.csproj : warning NU1701: Package 'AeroWizard 2.3.1' was restored using '.NETFramework,Version=v4.6.1, .NETFramework,Version=v4.6.2, .NETFramework,Version=v4.7, .NETFramework,Version=v4.7.1, .NETFramework,Version=v4.7.2, .NETFramework,Version=v4.8, .NETFramework,Version=v4.8.1' instead of the project target framework 'net8.0'. This package may not be fully compatible with your project. [C:\Users\ultra\warewolf\Dev\Warewolf.Licencing.Tests\Warewolf.Licencing.Tests.csproj]
C:\Users\ultra\warewolf\Dev\Warewolf.Data\Warewolf.Data.csproj : warning NU1701: Package 'AeroWizard 2.3.1' was restored using '.NETFramework,Version=v4.6.1, .NETFramework,Version=v4.6.2, .NETFramework,Version=v4.7, .NETFramework,Version=v4.7.1, .NETFramework,Version=v4.7.2, .NETFramework,Version=v4.8, .NETFramework,Version=v4.8.1' instead of the project target framework 'net8.0'. This package may not be fully compatible with your project. [C:\Users\ultra\warewolf\Dev\Warewolf.Licencing.Tests\Warewolf.Licencing.Tests.csproj]
C:\Users\ultra\warewolf\Dev\Dev2.Common\Dev2.Common.csproj : warning NU1903: Package 'Microsoft.Windows.Compatibility' 6.0.0 has a known high severity vulnerability, https://github.com/advisories/GHSA-555c-2p6r-68mm [C:\Users\ultra\warewolf\Dev\Warewolf.Licencing.Tests\Warewolf.Licencing.Tests.csproj]
C:\Users\ultra\warewolf\Dev\Dev2.Util\Dev2.Util.csproj : warning NU1903: Package 'Microsoft.Windows.Compatibility' 6.0.0 has a known high severity vulnerability, https://github.com/advisories/GHSA-555c-2p6r-68mm [C:\Users\ultra\warewolf\Dev\Warewolf.Licencing.Tests\Warewolf.Licencing.Tests.csproj]
C:\Users\ultra\warewolf\Dev\Warewolf.Data\Warewolf.Data.csproj : warning NU1701: Package 'GroupControls 1.9.0' was restored using '.NETFramework,Version=v4.6.1, .NETFramework,Version=v4.6.2, .NETFramework,Version=v4.7, .NETFramework,Version=v4.7.1, .NETFramework,Version=v4.7.2, .NETFramework,Version=v4.8, .NETFramework,Version=v4.8.1' instead of the project target framework 'net8.0'. This package may not be fully compatible with your project. [C:\Users\ultra\warewolf\Dev\Warewolf.Licencing.Tests\Warewolf.Licencing.Tests.csproj]
C:\Users\ultra\warewolf\Dev\Warewolf.Licensing\Warewolf.Licensing.csproj : warning NU1701: Package 'GroupControls 1.9.0' was restored using '.NETFramework,Version=v4.6.1, .NETFramework,Version=v4.6.2, .NETFramework,Version=v4.7, .NETFramework,Version=v4.7.1, .NETFramework,Version=v4.7.2, .NETFramework,Version=v4.8, .NETFramework,Version=v4.8.1' instead of the project target framework 'net8.0'. This package may not be fully compatible with your project. [C:\Users\ultra\warewolf\Dev\Warewolf.Licencing.Tests\Warewolf.Licencing.Tests.csproj]
C:\Users\ultra\warewolf\Dev\Warewolf.Data\Warewolf.Data.csproj : warning NU1701: Package 'TaskSchedulerEditor 2.10.1' was restored using '.NETFramework,Version=v4.6.1, .NETFramework,Version=v4.6.2, .NETFramework,Version=v4.7, .NETFramework,Version=v4.7.1, .NETFramework,Version=v4.7.2, .NETFramework,Version=v4.8, .NETFramework,Version=v4.8.1' instead of the project target framework 'net8.0'. This package may not be fully compatible with your project. [C:\Users\ultra\warewolf\Dev\Warewolf.Licencing.Tests\Warewolf.Licencing.Tests.csproj]
C:\Users\ultra\warewolf\Dev\Warewolf.Storage.Interfaces\Warewolf.Storage.Interfaces.csproj : warning NU1701: Package 'GroupControls 1.9.0' was restored using '.NETFramework,Version=v4.6.1, .NETFramework,Version=v4.6.2, .NETFramework,Version=v4.7, .NETFramework,Version=v4.7.1, .NETFramework,Version=v4.7.2, .NETFramework,Version=v4.8, .NETFramework,Version=v4.8.1' instead of the project target framework 'net8.0'. This package may not be fully compatible with your project. [C:\Users\ultra\warewolf\Dev\Warewolf.Licencing.Tests\Warewolf.Licencing.Tests.csproj]
C:\Users\ultra\warewolf\Dev\Dev2.Common\Dev2.Common.csproj : warning NU1701: Package 'AeroWizard 2.3.1' was restored using '.NETFramework,Version=v4.6.1, .NETFramework,Version=v4.6.2, .NETFramework,Version=v4.7, .NETFramework,Version=v4.7.1, .NETFramework,Version=v4.7.2, .NETFramework,Version=v4.8, .NETFramework,Version=v4.8.1' instead of the project target framework 'net8.0'. This package may not be fully compatible with your project. [C:\Users\ultra\warewolf\Dev\Warewolf.Licencing.Tests\Warewolf.Licencing.Tests.csproj]
C:\Users\ultra\warewolf\Dev\Warewolf.Licensing\Warewolf.Licensing.csproj : warning NU1701: Package 'TaskSchedulerEditor 2.10.1' was restored using '.NETFramework,Version=v4.6.1, .NETFramework,Version=v4.6.2, .NETFramework,Version=v4.7, .NETFramework,Version=v4.7.1, .NETFramework,Version=v4.7.2, .NETFramework,Version=v4.8, .NETFramework,Version=v4.8.1' instead of the project target framework 'net8.0'. This package may not be fully compatible with your project. [C:\Users\ultra\warewolf\Dev\Warewolf.Licencing.Tests\Warewolf.Licencing.Tests.csproj]
C:\Users\ultra\warewolf\Dev\Warewolf.Common\Warewolf.Common.csproj : warning NU1701: Package 'AeroWizard 2.3.1' was restored using '.NETFramework,Version=v4.6.1, .NETFramework,Version=v4.6.2, .NETFramework,Version=v4.7, .NETFramework,Version=v4.7.1, .NETFramework,Version=v4.7.2, .NETFramework,Version=v4.8, .NETFramework,Version=v4.8.1' instead of the project target framework 'net8.0'. This package may not be fully compatible with your project. [C:\Users\ultra\warewolf\Dev\Warewolf.Licencing.Tests\Warewolf.Licencing.Tests.csproj]
C:\Users\ultra\warewolf\Dev\Warewolf.Storage.Interfaces\Warewolf.Storage.Interfaces.csproj : warning NU1701: Package 'TaskSchedulerEditor 2.10.1' was restored using '.NETFramework,Version=v4.6.1, .NETFramework,Version=v4.6.2, .NETFramework,Version=v4.7, .NETFramework,Version=v4.7.1, .NETFramework,Version=v4.7.2, .NETFramework,Version=v4.8, .NETFramework,Version=v4.8.1' instead of the project target framework 'net8.0'. This package may not be fully compatible with your project. [C:\Users\ultra\warewolf\Dev\Warewolf.Licencing.Tests\Warewolf.Licencing.Tests.csproj]
C:\Users\ultra\warewolf\Dev\Dev2.Common\Dev2.Common.csproj : warning NU1701: Package 'GroupControls 1.9.0' was restored using '.NETFramework,Version=v4.6.1, .NETFramework,Version=v4.6.2, .NETFramework,Version=v4.7, .NETFramework,Version=v4.7.1, .NETFramework,Version=v4.7.2, .NETFramework,Version=v4.8, .NETFramework,Version=v4.8.1' instead of the project target framework 'net8.0'. This package may not be fully compatible with your project. [C:\Users\ultra\warewolf\Dev\Warewolf.Licencing.Tests\Warewolf.Licencing.Tests.csproj]
C:\Users\ultra\warewolf\Dev\Dev2.Util\Dev2.Util.csproj : warning NU1701: Package 'AeroWizard 2.3.1' was restored using '.NETFramework,Version=v4.6.1, .NETFramework,Version=v4.6.2, .NETFramework,Version=v4.7, .NETFramework,Version=v4.7.1, .NETFramework,Version=v4.7.2, .NETFramework,Version=v4.8, .NETFramework,Version=v4.8.1' instead of the project target framework 'net8.0'. This package may not be fully compatible with your project. [C:\Users\ultra\warewolf\Dev\Warewolf.Licencing.Tests\Warewolf.Licencing.Tests.csproj]
C:\Users\ultra\warewolf\Dev\Dev2.Common\Dev2.Common.csproj : warning NU1701: Package 'TaskSchedulerEditor 2.10.1' was restored using '.NETFramework,Version=v4.6.1, .NETFramework,Version=v4.6.2, .NETFramework,Version=v4.7, .NETFramework,Version=v4.7.1, .NETFramework,Version=v4.7.2, .NETFramework,Version=v4.8, .NETFramework,Version=v4.8.1' instead of the project target framework 'net8.0'. This package may not be fully compatible with your project. [C:\Users\ultra\warewolf\Dev\Warewolf.Licencing.Tests\Warewolf.Licencing.Tests.csproj]
C:\Users\ultra\warewolf\Dev\Warewolf.Common\Warewolf.Common.csproj : warning NU1701: Package 'GroupControls 1.9.0' was restored using '.NETFramework,Version=v4.6.1, .NETFramework,Version=v4.6.2, .NETFramework,Version=v4.7, .NETFramework,Version=v4.7.1, .NETFramework,Version=v4.7.2, .NETFramework,Version=v4.8, .NETFramework,Version=v4.8.1' instead of the project target framework 'net8.0'. This package may not be fully compatible with your project. [C:\Users\ultra\warewolf\Dev\Warewolf.Licencing.Tests\Warewolf.Licencing.Tests.csproj]
C:\Users\ultra\warewolf\Dev\Warewolf.Common\Warewolf.Common.csproj : warning NU1701: Package 'TaskSchedulerEditor 2.10.1' was restored using '.NETFramework,Version=v4.6.1, .NETFramework,Version=v4.6.2, .NETFramework,Version=v4.7, .NETFramework,Version=v4.7.1, .NETFramework,Version=v4.7.2, .NETFramework,Version=v4.8, .NETFramework,Version=v4.8.1' instead of the project target framework 'net8.0'. This package may not be fully compatible with your project. [C:\Users\ultra\warewolf\Dev\Warewolf.Licencing.Tests\Warewolf.Licencing.Tests.csproj]
C:\Users\ultra\warewolf\Dev\Dev2.Util\Dev2.Util.csproj : warning NU1701: Package 'GroupControls 1.9.0' was restored using '.NETFramework,Version=v4.6.1, .NETFramework,Version=v4.6.2, .NETFramework,Version=v4.7, .NETFramework,Version=v4.7.1, .NETFramework,Version=v4.7.2, .NETFramework,Version=v4.8, .NETFramework,Version=v4.8.1' instead of the project target framework 'net8.0'. This package may not be fully compatible with your project. [C:\Users\ultra\warewolf\Dev\Warewolf.Licencing.Tests\Warewolf.Licencing.Tests.csproj]
C:\Users\ultra\warewolf\Dev\Dev2.Common.Interfaces\Dev2.Common.Interfaces.csproj : warning NU1903: Package 'Microsoft.Windows.Compatibility' 6.0.0 has a known high severity vulnerability, https://github.com/advisories/GHSA-555c-2p6r-68mm [C:\Users\ultra\warewolf\Dev\Warewolf.Licencing.Tests\Warewolf.Licencing.Tests.csproj]
C:\Users\ultra\warewolf\Dev\Dev2.Util\Dev2.Util.csproj : warning NU1701: Package 'TaskSchedulerEditor 2.10.1' was restored using '.NETFramework,Version=v4.6.1, .NETFramework,Version=v4.6.2, .NETFramework,Version=v4.7, .NETFramework,Version=v4.7.1, .NETFramework,Version=v4.7.2, .NETFramework,Version=v4.8, .NETFramework,Version=v4.8.1' instead of the project target framework 'net8.0'. This package may not be fully compatible with your project. [C:\Users\ultra\warewolf\Dev\Warewolf.Licencing.Tests\Warewolf.Licencing.Tests.csproj]
C:\Users\ultra\warewolf\Dev\Dev2.Common.Interfaces\Dev2.Common.Interfaces.csproj : warning NU1701: Package 'AeroWizard 2.3.1' was restored using '.NETFramework,Version=v4.6.1, .NETFramework,Version=v4.6.2, .NETFramework,Version=v4.7, .NETFramework,Version=v4.7.1, .NETFramework,Version=v4.7.2, .NETFramework,Version=v4.8, .NETFramework,Version=v4.8.1' instead of the project target framework 'net8.0'. This package may not be fully compatible with your project. [C:\Users\ultra\warewolf\Dev\Warewolf.Licencing.Tests\Warewolf.Licencing.Tests.csproj]
C:\Users\ultra\warewolf\Dev\Dev2.Common.Interfaces\Dev2.Common.Interfaces.csproj : warning NU1701: Package 'GroupControls 1.9.0' was restored using '.NETFramework,Version=v4.6.1, .NETFramework,Version=v4.6.2, .NETFramework,Version=v4.7, .NETFramework,Version=v4.7.1, .NETFramework,Version=v4.7.2, .NETFramework,Version=v4.8, .NETFramework,Version=v4.8.1' instead of the project target framework 'net8.0'. This package may not be fully compatible with your project. [C:\Users\ultra\warewolf\Dev\Warewolf.Licencing.Tests\Warewolf.Licencing.Tests.csproj]
C:\Users\ultra\warewolf\Dev\Dev2.Common.Interfaces\Dev2.Common.Interfaces.csproj : warning NU1701: Package 'TaskSchedulerEditor 2.10.1' was restored using '.NETFramework,Version=v4.6.1, .NETFramework,Version=v4.6.2, .NETFramework,Version=v4.7, .NETFramework,Version=v4.7.1, .NETFramework,Version=v4.7.2, .NETFramework,Version=v4.8, .NETFramework,Version=v4.8.1' instead of the project target framework 'net8.0'. This package may not be fully compatible with your project. [C:\Users\ultra\warewolf\Dev\Warewolf.Licencing.Tests\Warewolf.Licencing.Tests.csproj]
C:\Users\ultra\warewolf\Dev\Dev2.Data.Interfaces\Dev2.Data.Interfaces.csproj : warning NU1903: Package 'DotNetZip' 1.16.0 has a known high severity vulnerability, https://github.com/advisories/GHSA-xhg6-9j5j-w4vf [C:\Users\ultra\warewolf\Dev\Warewolf.Licencing.Tests\Warewolf.Licencing.Tests.csproj]
C:\Users\ultra\warewolf\Dev\Dev2.Data.Interfaces\Dev2.Data.Interfaces.csproj : warning NU1701: Package 'AeroWizard 2.3.1' was restored using '.NETFramework,Version=v4.6.1, .NETFramework,Version=v4.6.2, .NETFramework,Version=v4.7, .NETFramework,Version=v4.7.1, .NETFramework,Version=v4.7.2, .NETFramework,Version=v4.8, .NETFramework,Version=v4.8.1' instead of the project target framework 'net8.0'. This package may not be fully compatible with your project. [C:\Users\ultra\warewolf\Dev\Warewolf.Licencing.Tests\Warewolf.Licencing.Tests.csproj]
C:\Users\ultra\warewolf\Dev\Dev2.Data.Interfaces\Dev2.Data.Interfaces.csproj : warning NU1701: Package 'GroupControls 1.9.0' was restored using '.NETFramework,Version=v4.6.1, .NETFramework,Version=v4.6.2, .NETFramework,Version=v4.7, .NETFramework,Version=v4.7.1, .NETFramework,Version=v4.7.2, .NETFramework,Version=v4.8, .NETFramework,Version=v4.8.1' instead of the project target framework 'net8.0'. This package may not be fully compatible with your project. [C:\Users\ultra\warewolf\Dev\Warewolf.Licencing.Tests\Warewolf.Licencing.Tests.csproj]
C:\Users\ultra\warewolf\Dev\Dev2.Data.Interfaces\Dev2.Data.Interfaces.csproj : warning NU1701: Package 'TaskSchedulerEditor 2.10.1' was restored using '.NETFramework,Version=v4.6.1, .NETFramework,Version=v4.6.2, .NETFramework,Version=v4.7, .NETFramework,Version=v4.7.1, .NETFramework,Version=v4.7.2, .NETFramework,Version=v4.8, .NETFramework,Version=v4.8.1' instead of the project target framework 'net8.0'. This package may not be fully compatible with your project. [C:\Users\ultra\warewolf\Dev\Warewolf.Licencing.Tests\Warewolf.Licencing.Tests.csproj]
C:\Users\ultra\warewolf\Dev\Warewolf.Licencing.Tests\Warewolf.Licencing.Tests.csproj : warning NU1701: Package 'AeroWizard 2.3.1' was restored using '.NETFramework,Version=v4.6.1, .NETFramework,Version=v4.6.2, .NETFramework,Version=v4.7, .NETFramework,Version=v4.7.1, .NETFramework,Version=v4.7.2, .NETFramework,Version=v4.8, .NETFramework,Version=v4.8.1' instead of the project target framework 'net8.0'. This package may not be fully compatible with your project.
C:\Users\ultra\warewolf\Dev\Warewolf.Licencing.Tests\Warewolf.Licencing.Tests.csproj : warning NU1701: Package 'GroupControls 1.9.0' was restored using '.NETFramework,Version=v4.6.1, .NETFramework,Version=v4.6.2, .NETFramework,Version=v4.7, .NETFramework,Version=v4.7.1, .NETFramework,Version=v4.7.2, .NETFramework,Version=v4.8, .NETFramework,Version=v4.8.1' instead of the project target framework 'net8.0'. This package may not be fully compatible with your project.
C:\Users\ultra\warewolf\Dev\Warewolf.Licencing.Tests\Warewolf.Licencing.Tests.csproj : warning NU1701: Package 'TaskSchedulerEditor 2.10.1' was restored using '.NETFramework,Version=v4.6.1, .NETFramework,Version=v4.6.2, .NETFramework,Version=v4.7, .NETFramework,Version=v4.7.1, .NETFramework,Version=v4.7.2, .NETFramework,Version=v4.8, .NETFramework,Version=v4.8.1' instead of the project target framework 'net8.0'. This package may not be fully compatible with your project.
  Restored C:\Users\ultra\warewolf\Dev\Warewolf.Licencing.Tests\Warewolf.Licencing.Tests.csproj (in 500 ms).
  17 of 18 projects are up-to-date for restore.
C:\Users\ultra\warewolf\Dev\Warewolf.Licencing.Tests\Warewolf.Licencing.Tests.csproj : warning NU1701: Package 'AeroWizard 2.3.1' was restored using '.NETFramework,Version=v4.6.1, .NETFramework,Version=v4.6.2, .NETFramework,Version=v4.7, .NETFramework,Version=v4.7.1, .NETFramework,Version=v4.7.2, .NETFramework,Version=v4.8, .NETFramework,Version=v4.8.1' instead of the project target framework 'net8.0'. This package may not be fully compatible with your project.
C:\Users\ultra\warewolf\Dev\Warewolf.Licencing.Tests\Warewolf.Licencing.Tests.csproj : warning NU1701: Package 'GroupControls 1.9.0' was restored using '.NETFramework,Version=v4.6.1, .NETFramework,Version=v4.6.2, .NETFramework,Version=v4.7, .NETFramework,Version=v4.7.1, .NETFramework,Version=v4.7.2, .NETFramework,Version=v4.8, .NETFramework,Version=v4.8.1' instead of the project target framework 'net8.0'. This package may not be fully compatible with your project.
C:\Users\ultra\warewolf\Dev\Warewolf.Licencing.Tests\Warewolf.Licencing.Tests.csproj : warning NU1701: Package 'TaskSchedulerEditor 2.10.1' was restored using '.NETFramework,Version=v4.6.1, .NETFramework,Version=v4.6.2, .NETFramework,Version=v4.7, .NETFramework,Version=v4.7.1, .NETFramework,Version=v4.7.2, .NETFramework,Version=v4.8, .NETFramework,Version=v4.8.1' instead of the project target framework 'net8.0'. This package may not be fully compatible with your project.
C:\Users\ultra\warewolf\Dev\Dev2.Util\Dev2.Util.csproj : warning NU1903: Package 'Microsoft.Windows.Compatibility' 6.0.0 has a known high severity vulnerability, https://github.com/advisories/GHSA-555c-2p6r-68mm
C:\Users\ultra\warewolf\Dev\Warewolf.Common\Warewolf.Common.csproj : warning NU1701: Package 'AeroWizard 2.3.1' was restored using '.NETFramework,Version=v4.6.1, .NETFramework,Version=v4.6.2, .NETFramework,Version=v4.7, .NETFramework,Version=v4.7.1, .NETFramework,Version=v4.7.2, .NETFramework,Version=v4.8, .NETFramework,Version=v4.8.1' instead of the project target framework 'net8.0'. This package may not be fully compatible with your project.
C:\Users\ultra\warewolf\Dev\Dev2.Util\Dev2.Util.csproj : warning NU1701: Package 'AeroWizard 2.3.1' was restored using '.NETFramework,Version=v4.6.1, .NETFramework,Version=v4.6.2, .NETFramework,Version=v4.7, .NETFramework,Version=v4.7.1, .NETFramework,Version=v4.7.2, .NETFramework,Version=v4.8, .NETFramework,Version=v4.8.1' instead of the project target framework 'net8.0'. This package may not be fully compatible with your project.
C:\Users\ultra\warewolf\Dev\Warewolf.Common\Warewolf.Common.csproj : warning NU1701: Package 'GroupControls 1.9.0' was restored using '.NETFramework,Version=v4.6.1, .NETFramework,Version=v4.6.2, .NETFramework,Version=v4.7, .NETFramework,Version=v4.7.1, .NETFramework,Version=v4.7.2, .NETFramework,Version=v4.8, .NETFramework,Version=v4.8.1' instead of the project target framework 'net8.0'. This package may not be fully compatible with your project.
C:\Users\ultra\warewolf\Dev\Warewolf.Common\Warewolf.Common.csproj : warning NU1701: Package 'TaskSchedulerEditor 2.10.1' was restored using '.NETFramework,Version=v4.6.1, .NETFramework,Version=v4.6.2, .NETFramework,Version=v4.7, .NETFramework,Version=v4.7.1, .NETFramework,Version=v4.7.2, .NETFramework,Version=v4.8, .NETFramework,Version=v4.8.1' instead of the project target framework 'net8.0'. This package may not be fully compatible with your project.
C:\Users\ultra\warewolf\Dev\Warewolf.Data\Warewolf.Data.csproj : warning NU1701: Package 'AeroWizard 2.3.1' was restored using '.NETFramework,Version=v4.6.1, .NETFramework,Version=v4.6.2, .NETFramework,Version=v4.7, .NETFramework,Version=v4.7.1, .NETFramework,Version=v4.7.2, .NETFramework,Version=v4.8, .NETFramework,Version=v4.8.1' instead of the project target framework 'net8.0'. This package may not be fully compatible with your project.
C:\Users\ultra\warewolf\Dev\Warewolf.Data\Warewolf.Data.csproj : warning NU1701: Package 'GroupControls 1.9.0' was restored using '.NETFramework,Version=v4.6.1, .NETFramework,Version=v4.6.2, .NETFramework,Version=v4.7, .NETFramework,Version=v4.7.1, .NETFramework,Version=v4.7.2, .NETFramework,Version=v4.8, .NETFramework,Version=v4.8.1' instead of the project target framework 'net8.0'. This package may not be fully compatible with your project.
C:\Users\ultra\warewolf\Dev\Warewolf.Data\Warewolf.Data.csproj : warning NU1701: Package 'TaskSchedulerEditor 2.10.1' was restored using '.NETFramework,Version=v4.6.1, .NETFramework,Version=v4.6.2, .NETFramework,Version=v4.7, .NETFramework,Version=v4.7.1, .NETFramework,Version=v4.7.2, .NETFramework,Version=v4.8, .NETFramework,Version=v4.8.1' instead of the project target framework 'net8.0'. This package may not be fully compatible with your project.
C:\Users\ultra\warewolf\Dev\Dev2.Util\Dev2.Util.csproj : warning NU1701: Package 'GroupControls 1.9.0' was restored using '.NETFramework,Version=v4.6.1, .NETFramework,Version=v4.6.2, .NETFramework,Version=v4.7, .NETFramework,Version=v4.7.1, .NETFramework,Version=v4.7.2, .NETFramework,Version=v4.8, .NETFramework,Version=v4.8.1' instead of the project target framework 'net8.0'. This package may not be fully compatible with your project.
C:\Users\ultra\warewolf\Dev\Warewolf.Language.Parser\Warewolf.Language.Parser.fsproj : warning NU1504: Duplicate 'PackageReference' items found. Remove the duplicate items or use the Update functionality to ensure a consistent restore behavior. The duplicate 'PackageReference' items are: FSharp.Core 10.1.201, FSharp.Core 4.6.2.
C:\Users\ultra\warewolf\Dev\Dev2.Util\Dev2.Util.csproj : warning NU1701: Package 'TaskSchedulerEditor 2.10.1' was restored using '.NETFramework,Version=v4.6.1, .NETFramework,Version=v4.6.2, .NETFramework,Version=v4.7, .NETFramework,Version=v4.7.1, .NETFramework,Version=v4.7.2, .NETFramework,Version=v4.8, .NETFramework,Version=v4.8.1' instead of the project target framework 'net8.0'. This package may not be fully compatible with your project.
C:\Users\ultra\warewolf\Dev\Warewolf.Licensing\Warewolf.Licensing.csproj : warning NU1701: Package 'AeroWizard 2.3.1' was restored using '.NETFramework,Version=v4.6.1, .NETFramework,Version=v4.6.2, .NETFramework,Version=v4.7, .NETFramework,Version=v4.7.1, .NETFramework,Version=v4.7.2, .NETFramework,Version=v4.8, .NETFramework,Version=v4.8.1' instead of the project target framework 'net8.0'. This package may not be fully compatible with your project.
C:\Users\ultra\warewolf\Dev\Warewolf.Licensing\Warewolf.Licensing.csproj : warning NU1701: Package 'GroupControls 1.9.0' was restored using '.NETFramework,Version=v4.6.1, .NETFramework,Version=v4.6.2, .NETFramework,Version=v4.7, .NETFramework,Version=v4.7.1, .NETFramework,Version=v4.7.2, .NETFramework,Version=v4.8, .NETFramework,Version=v4.8.1' instead of the project target framework 'net8.0'. This package may not be fully compatible with your project.
C:\Users\ultra\warewolf\Dev\Warewolf.Licensing\Warewolf.Licensing.csproj : warning NU1701: Package 'TaskSchedulerEditor 2.10.1' was restored using '.NETFramework,Version=v4.6.1, .NETFramework,Version=v4.6.2, .NETFramework,Version=v4.7, .NETFramework,Version=v4.7.1, .NETFramework,Version=v4.7.2, .NETFramework,Version=v4.8, .NETFramework,Version=v4.8.1' instead of the project target framework 'net8.0'. This package may not be fully compatible with your project.
C:\Users\ultra\warewolf\Dev\Dev2.Common.Interfaces\Dev2.Common.Interfaces.csproj : warning NU1903: Package 'Microsoft.Windows.Compatibility' 6.0.0 has a known high severity vulnerability, https://github.com/advisories/GHSA-555c-2p6r-68mm
C:\Users\ultra\warewolf\Dev\Dev2.Common.Interfaces\Dev2.Common.Interfaces.csproj : warning NU1701: Package 'AeroWizard 2.3.1' was restored using '.NETFramework,Version=v4.6.1, .NETFramework,Version=v4.6.2, .NETFramework,Version=v4.7, .NETFramework,Version=v4.7.1, .NETFramework,Version=v4.7.2, .NETFramework,Version=v4.8, .NETFramework,Version=v4.8.1' instead of the project target framework 'net8.0'. This package may not be fully compatible with your project.
C:\Users\ultra\warewolf\Dev\Dev2.Common.Interfaces\Dev2.Common.Interfaces.csproj : warning NU1701: Package 'GroupControls 1.9.0' was restored using '.NETFramework,Version=v4.6.1, .NETFramework,Version=v4.6.2, .NETFramework,Version=v4.7, .NETFramework,Version=v4.7.1, .NETFramework,Version=v4.7.2, .NETFramework,Version=v4.8, .NETFramework,Version=v4.8.1' instead of the project target framework 'net8.0'. This package may not be fully compatible with your project.
C:\Users\ultra\warewolf\Dev\Dev2.Common.Interfaces\Dev2.Common.Interfaces.csproj : warning NU1701: Package 'TaskSchedulerEditor 2.10.1' was restored using '.NETFramework,Version=v4.6.1, .NETFramework,Version=v4.6.2, .NETFramework,Version=v4.7, .NETFramework,Version=v4.7.1, .NETFramework,Version=v4.7.2, .NETFramework,Version=v4.8, .NETFramework,Version=v4.8.1' instead of the project target framework 'net8.0'. This package may not be fully compatible with your project.
C:\Users\ultra\warewolf\Dev\Dev2.Common\Dev2.Common.csproj : warning NU1903: Package 'Microsoft.Windows.Compatibility' 6.0.0 has a known high severity vulnerability, https://github.com/advisories/GHSA-555c-2p6r-68mm
C:\Users\ultra\warewolf\Dev\Dev2.Data.Interfaces\Dev2.Data.Interfaces.csproj : warning NU1903: Package 'DotNetZip' 1.16.0 has a known high severity vulnerability, https://github.com/advisories/GHSA-xhg6-9j5j-w4vf
C:\Users\ultra\warewolf\Dev\Dev2.Data.Interfaces\Dev2.Data.Interfaces.csproj : warning NU1701: Package 'AeroWizard 2.3.1' was restored using '.NETFramework,Version=v4.6.1, .NETFramework,Version=v4.6.2, .NETFramework,Version=v4.7, .NETFramework,Version=v4.7.1, .NETFramework,Version=v4.7.2, .NETFramework,Version=v4.8, .NETFramework,Version=v4.8.1' instead of the project target framework 'net8.0'. This package may not be fully compatible with your project.
C:\Users\ultra\warewolf\Dev\Dev2.Common\Dev2.Common.csproj : warning NU1701: Package 'AeroWizard 2.3.1' was restored using '.NETFramework,Version=v4.6.1, .NETFramework,Version=v4.6.2, .NETFramework,Version=v4.7, .NETFramework,Version=v4.7.1, .NETFramework,Version=v4.7.2, .NETFramework,Version=v4.8, .NETFramework,Version=v4.8.1' instead of the project target framework 'net8.0'. This package may not be fully compatible with your project.
C:\Users\ultra\warewolf\Dev\Dev2.Data.Interfaces\Dev2.Data.Interfaces.csproj : warning NU1701: Package 'GroupControls 1.9.0' was restored using '.NETFramework,Version=v4.6.1, .NETFramework,Version=v4.6.2, .NETFramework,Version=v4.7, .NETFramework,Version=v4.7.1, .NETFramework,Version=v4.7.2, .NETFramework,Version=v4.8, .NETFramework,Version=v4.8.1' instead of the project target framework 'net8.0'. This package may not be fully compatible with your project.
C:\Users\ultra\warewolf\Dev\Dev2.Data.Interfaces\Dev2.Data.Interfaces.csproj : warning NU1701: Package 'TaskSchedulerEditor 2.10.1' was restored using '.NETFramework,Version=v4.6.1, .NETFramework,Version=v4.6.2, .NETFramework,Version=v4.7, .NETFramework,Version=v4.7.1, .NETFramework,Version=v4.7.2, .NETFramework,Version=v4.8, .NETFramework,Version=v4.8.1' instead of the project target framework 'net8.0'. This package may not be fully compatible with your project.
C:\Users\ultra\warewolf\Dev\Dev2.Common\Dev2.Common.csproj : warning NU1701: Package 'GroupControls 1.9.0' was restored using '.NETFramework,Version=v4.6.1, .NETFramework,Version=v4.6.2, .NETFramework,Version=v4.7, .NETFramework,Version=v4.7.1, .NETFramework,Version=v4.7.2, .NETFramework,Version=v4.8, .NETFramework,Version=v4.8.1' instead of the project target framework 'net8.0'. This package may not be fully compatible with your project.
C:\Users\ultra\warewolf\Dev\Dev2.Common\Dev2.Common.csproj : warning NU1701: Package 'TaskSchedulerEditor 2.10.1' was restored using '.NETFramework,Version=v4.6.1, .NETFramework,Version=v4.6.2, .NETFramework,Version=v4.7, .NETFramework,Version=v4.7.1, .NETFramework,Version=v4.7.2, .NETFramework,Version=v4.8, .NETFramework,Version=v4.8.1' instead of the project target framework 'net8.0'. This package may not be fully compatible with your project.
C:\Users\ultra\warewolf\Dev\Warewolf.Security\Warewolf.Security.csproj : warning NU1904: Package 'System.Drawing.Common' 4.5.1 has a known critical severity vulnerability, https://github.com/advisories/GHSA-rxg9-xrhp-64gj
C:\Users\ultra\warewolf\Dev\Warewolf.Storage.Interfaces\Warewolf.Storage.Interfaces.csproj : warning NU1701: Package 'AeroWizard 2.3.1' was restored using '.NETFramework,Version=v4.6.1, .NETFramework,Version=v4.6.2, .NETFramework,Version=v4.7, .NETFramework,Version=v4.7.1, .NETFramework,Version=v4.7.2, .NETFramework,Version=v4.8, .NETFramework,Version=v4.8.1' instead of the project target framework 'net8.0'. This package may not be fully compatible with your project.
C:\Users\ultra\warewolf\Dev\Warewolf.Storage.Interfaces\Warewolf.Storage.Interfaces.csproj : warning NU1701: Package 'GroupControls 1.9.0' was restored using '.NETFramework,Version=v4.6.1, .NETFramework,Version=v4.6.2, .NETFramework,Version=v4.7, .NETFramework,Version=v4.7.1, .NETFramework,Version=v4.7.2, .NETFramework,Version=v4.8, .NETFramework,Version=v4.8.1' instead of the project target framework 'net8.0'. This package may not be fully compatible with your project.
C:\Users\ultra\warewolf\Dev\Warewolf.Storage.Interfaces\Warewolf.Storage.Interfaces.csproj : warning NU1701: Package 'TaskSchedulerEditor 2.10.1' was restored using '.NETFramework,Version=v4.6.1, .NETFramework,Version=v4.6.2, .NETFramework,Version=v4.7, .NETFramework,Version=v4.7.1, .NETFramework,Version=v4.7.2, .NETFramework,Version=v4.8, .NETFramework,Version=v4.8.1' instead of the project target framework 'net8.0'. This package may not be fully compatible with your project.
  Dev2.Net6.Compatibility -> C:\Users\ultra\warewolf\Dev\Dev2.Net6.Compatibility\bin\Debug\net8.0\Dev2.Net6.Compatibility.dll
  Log4Net.Async -> C:\Users\ultra\warewolf\Dev\Log4Net.Async\bin\Debug\net8.0\Log4Net.Async.dll
C:\Users\ultra\warewolf\Dev\Warewolf.Interfaces\Data\ChatbotSettingsData.cs(20,23): warning CS0169: The field 'ChatbotSettingsData._encryptDataSource' is never used [C:\Users\ultra\warewolf\Dev\Warewolf.Interfaces\Warewolf.Interfaces.csproj]
C:\Users\ultra\warewolf\Dev\Warewolf.Interfaces\Auditing\SerializableException.cs(15,7): warning CS0414: The field 'SerializableException.HResult' is assigned but its value is never used [C:\Users\ultra\warewolf\Dev\Warewolf.Interfaces\Warewolf.Interfaces.csproj]
C:\Users\ultra\warewolf\Dev\Warewolf.Security\Encryption\AESThenHMAC.cs(168,34): warning SYSLIB0021: 'AesManaged' is obsolete: 'Derived cryptographic types are obsolete. Use the Create method on the base type instead.' (https://aka.ms/dotnet-warnings/SYSLIB0021) [C:\Users\ultra\warewolf\Dev\Warewolf.Security\Warewolf.Security.csproj]
C:\Users\ultra\warewolf\Dev\Warewolf.Security\Encryption\AESThenHMAC.cs(264,38): warning SYSLIB0021: 'AesManaged' is obsolete: 'Derived cryptographic types are obsolete. Use the Create method on the base type instead.' (https://aka.ms/dotnet-warnings/SYSLIB0021) [C:\Users\ultra\warewolf\Dev\Warewolf.Security\Warewolf.Security.csproj]
C:\Users\ultra\warewolf\Dev\Warewolf.Security\Encryption\AESThenHMAC.cs(331,36): warning SYSLIB0041: 'Rfc2898DeriveBytes.Rfc2898DeriveBytes(string, int, int)' is obsolete: 'The default hash algorithm and iteration counts in Rfc2898DeriveBytes constructors are outdated and insecure. Use a constructor that accepts the hash algorithm and the number of iterations.' (https://aka.ms/dotnet-warnings/SYSLIB0041) [C:\Users\ultra\warewolf\Dev\Warewolf.Security\Warewolf.Security.csproj]
C:\Users\ultra\warewolf\Dev\Warewolf.Security\Encryption\AESThenHMAC.cs(345,36): warning SYSLIB0041: 'Rfc2898DeriveBytes.Rfc2898DeriveBytes(string, int, int)' is obsolete: 'The default hash algorithm and iteration counts in Rfc2898DeriveBytes constructors are outdated and insecure. Use a constructor that accepts the hash algorithm and the number of iterations.' (https://aka.ms/dotnet-warnings/SYSLIB0041) [C:\Users\ultra\warewolf\Dev\Warewolf.Security\Warewolf.Security.csproj]
C:\Users\ultra\warewolf\Dev\Warewolf.Security\Encryption\AESThenHMAC.cs(393,36): warning SYSLIB0041: 'Rfc2898DeriveBytes.Rfc2898DeriveBytes(string, byte[], int)' is obsolete: 'The default hash algorithm and iteration counts in Rfc2898DeriveBytes constructors are outdated and insecure. Use a constructor that accepts the hash algorithm and the number of iterations.' (https://aka.ms/dotnet-warnings/SYSLIB0041) [C:\Users\ultra\warewolf\Dev\Warewolf.Security\Warewolf.Security.csproj]
C:\Users\ultra\warewolf\Dev\Warewolf.Security\Encryption\AESThenHMAC.cs(398,36): warning SYSLIB0041: 'Rfc2898DeriveBytes.Rfc2898DeriveBytes(string, byte[], int)' is obsolete: 'The default hash algorithm and iteration counts in Rfc2898DeriveBytes constructors are outdated and insecure. Use a constructor that accepts the hash algorithm and the number of iterations.' (https://aka.ms/dotnet-warnings/SYSLIB0041) [C:\Users\ultra\warewolf\Dev\Warewolf.Security\Warewolf.Security.csproj]
  Warewolf.Interfaces -> C:\Users\ultra\warewolf\Dev\Warewolf.Interfaces\bin\Debug\net8.0\Warewolf.Interfaces.dll
  Warewolf.Security -> C:\Users\ultra\warewolf\Dev\Warewolf.Security\bin\Debug\net8.0\Warewolf.Security.dll
  Warewolf.Common.Interfaces.NetStandard20 -> C:\Users\ultra\warewolf\Dev\Warewolf.Common.Interfaces.NetStandard20\bin\Debug\net8.0\Warewolf.Common.Interfaces.NetStandard20.dll
  Warewolf.Resource -> C:\Users\ultra\warewolf\Dev\Warewolf.Resource\bin\Debug\net8.0\Warewolf.Resource.dll
  Warewolf.Studio.Resources -> C:\Users\ultra\warewolf\Dev\Warewolf.Studio.Resources\bin\Debug\net8.0\Warewolf.Studio.Resources.dll
C:\Users\ultra\warewolf\Dev\Dev2.Common.Interfaces\Attribute\ReasonAttribute.cs(13,18): warning CC0023: Mark 'ReasonAttribute' as sealed. (https://code-cracker.github.io/diagnostics/CC0023.html) [C:\Users\ultra\warewolf\Dev\Dev2.Common.Interfaces\Dev2.Common.Interfaces.csproj]
C:\Users\ultra\warewolf\Dev\Dev2.Common.Interfaces\Wrappers\IDirectoryEntry.cs(190,35): warning CC0057: Parameter 'path' is not used. (https://code-cracker.github.io/diagnostics/CC0057.html) [C:\Users\ultra\warewolf\Dev\Dev2.Common.Interfaces\Dev2.Common.Interfaces.csproj]
C:\Users\ultra\warewolf\Dev\Dev2.Common.Interfaces\Runtime\Services\IStreamContentFactory.cs(48,21): warning CC0029: 'StreamContentWrapper' should call GC.SuppressFinalize inside the Dispose method. (https://code-cracker.github.io/diagnostics/CC0029.html) [C:\Users\ultra\warewolf\Dev\Dev2.Common.Interfaces\Dev2.Common.Interfaces.csproj]
C:\Users\ultra\warewolf\Dev\Dev2.Common.Interfaces\DllListing.cs(97,17): warning CC0105: Use 'var' instead of specifying the type name. (https://code-cracker.github.io/diagnostics/CC0105.html) [C:\Users\ultra\warewolf\Dev\Dev2.Common.Interfaces\Dev2.Common.Interfaces.csproj]
C:\Users\ultra\warewolf\Dev\Dev2.Common.Interfaces\DllListing.cs(98,17): warning CC0105: Use 'var' instead of specifying the type name. (https://code-cracker.github.io/diagnostics/CC0105.html) [C:\Users\ultra\warewolf\Dev\Dev2.Common.Interfaces\Dev2.Common.Interfaces.csproj]
  Warewolf.Parser.Interop -> C:\Users\ultra\warewolf\Dev\Warewolf.Parser.Interop\bin\Debug\net8.0\WarewolfParserInterop.dll
  Dev2.Common.Interfaces -> C:\Users\ultra\warewolf\Dev\Dev2.Common.Interfaces\bin\Debug\net8.0\Dev2.Common.Interfaces.dll
C:\Users\ultra\warewolf\Dev\Warewolf.Language.Parser\EvaluationFunctions.fs(277,15): warning FS3548: Pattern discard is not allowed for union case that takes no data. [C:\Users\ultra\warewolf\Dev\Warewolf.Language.Parser\Warewolf.Language.Parser.fsproj]
C:\Users\ultra\warewolf\Dev\Warewolf.Language.Parser\EvaluationFunctions.fs(305,15): warning FS3548: Pattern discard is not allowed for union case that takes no data. [C:\Users\ultra\warewolf\Dev\Warewolf.Language.Parser\Warewolf.Language.Parser.fsproj]
C:\Users\ultra\warewolf\Dev\Warewolf.Language.Parser\EvaluationFunctions.fs(748,21): warning FS3873: This construct is deprecated. Sequence expressions should be of the form 'seq { ... }' [C:\Users\ultra\warewolf\Dev\Warewolf.Language.Parser\Warewolf.Language.Parser.fsproj]
C:\Users\ultra\warewolf\Dev\Warewolf.Language.Parser\EvaluationFunctions.fs(751,28): warning FS3873: This construct is deprecated. Sequence expressions should be of the form 'seq { ... }' [C:\Users\ultra\warewolf\Dev\Warewolf.Language.Parser\Warewolf.Language.Parser.fsproj]
C:\Users\ultra\warewolf\Dev\Warewolf.Language.Parser\WarewolfDataEvaluationCommon.fs(593,21): warning FS3873: This construct is deprecated. Sequence expressions should be of the form 'seq { ... }' [C:\Users\ultra\warewolf\Dev\Warewolf.Language.Parser\Warewolf.Language.Parser.fsproj]
C:\Users\ultra\warewolf\Dev\Warewolf.Language.Parser\WarewolfDataEvaluationCommon.fs(596,28): warning FS3873: This construct is deprecated. Sequence expressions should be of the form 'seq { ... }' [C:\Users\ultra\warewolf\Dev\Warewolf.Language.Parser\Warewolf.Language.Parser.fsproj]
C:\Users\ultra\warewolf\Dev\Warewolf.Data\NamedInt.cs(160,21): warning CA2200: Re-throwing caught exception changes stack information (https://learn.microsoft.com/dotnet/fundamentals/code-analysis/quality-rules/ca2200) [C:\Users\ultra\warewolf\Dev\Warewolf.Data\Warewolf.Data.csproj]
  Warewolf.Data -> C:\Users\ultra\warewolf\Dev\Warewolf.Data\bin\Debug\net8.0\Warewolf.Data.dll
  Warewolf.Language.Parser -> C:\Users\ultra\warewolf\Dev\Warewolf.Language.Parser\bin\Debug\net8.0\Warewolf.Language.Parser.dll
  Warewolf.Common -> C:\Users\ultra\warewolf\Dev\Warewolf.Common\bin\Debug\net8.0\Warewolf.Common.dll
  Warewolf.Storage.Interfaces -> C:\Users\ultra\warewolf\Dev\Warewolf.Storage.Interfaces\bin\Debug\net8.0\Warewolf.Storage.Interfaces.dll
  Dev2.Data.Interfaces -> C:\Users\ultra\warewolf\Dev\Dev2.Data.Interfaces\bin\Debug\net8.0\Dev2.Data.Interfaces.dll
C:\Users\ultra\warewolf\Dev\Dev2.Common\ExtMethods\StringExtension.cs(302,13): warning CC0004: Empty Catch Block. (https://code-cracker.github.io/diagnostics/CC0004.html) [C:\Users\ultra\warewolf\Dev\Dev2.Common\Dev2.Common.csproj]
  Dev2.Common -> C:\Users\ultra\warewolf\Dev\Dev2.Common\bin\Debug\net8.0\Dev2.Common.dll
  Dev2.Util -> C:\Users\ultra\warewolf\Dev\Dev2.Util\bin\Debug\net8.0\Dev2.Util.dll
  Warewolf.Licensing -> C:\Users\ultra\warewolf\Dev\Warewolf.Licensing\bin\Debug\net8.0\Warewolf.Licensing.dll
  Warewolf.Licencing.Tests -> C:\Users\ultra\warewolf\Dev\Warewolf.Licencing.Tests\bin\Debug\net8.0\linux-x64\Warewolf.Licencing.Tests.dll
  Warewolf.Licencing.Tests -> C:\Users\ultra\warewolf\Bin\ServerTests-Linux\Warewolf.Licencing.Tests\
Publishing Warewolf.Execution.Lightweight.Tests for linux-x64...
  Determining projects to restore...
C:\Users\ultra\warewolf\Dev\Warewolf.Language.Parser\Warewolf.Language.Parser.fsproj : warning NU1504: Duplicate 'PackageReference' items found. Remove the duplicate items or use the Update functionality to ensure a consistent restore behavior. The duplicate 'PackageReference' items are: FSharp.Core 10.1.201, FSharp.Core 4.6.2.
C:\Users\ultra\warewolf\Dev\Warewolf.Execution.Lightweight\Warewolf.Execution.Lightweight.csproj : warning NU1504: Duplicate 'PackageReference' items found. Remove the duplicate items or use the Update functionality to ensure a consistent restore behavior. The duplicate 'PackageReference' items are: Google.Protobuf 3.25.2, Google.Protobuf 3.25.2.
C:\Users\ultra\warewolf\Dev\Dev2.Diagnostics\Dev2.Diagnostics.csproj : warning NU1701: Package 'AeroWizard 2.3.1' was restored using '.NETFramework,Version=v4.6.1, .NETFramework,Version=v4.6.2, .NETFramework,Version=v4.7, .NETFramework,Version=v4.7.1, .NETFramework,Version=v4.7.2, .NETFramework,Version=v4.8, .NETFramework,Version=v4.8.1' instead of the project target framework 'net8.0'. This package may not be fully compatible with your project. [C:\Users\ultra\warewolf\Dev\Warewolf.Execution.Lightweight.Tests\Warewolf.Execution.Lightweight.Tests.csproj]
C:\Users\ultra\warewolf\Dev\Dev2.Runtime.Configuration\Dev2.Runtime.Configuration.csproj : warning NU1903: Package 'Microsoft.Windows.Compatibility' 6.0.0 has a known high severity vulnerability, https://github.com/advisories/GHSA-555c-2p6r-68mm [C:\Users\ultra\warewolf\Dev\Warewolf.Execution.Lightweight.Tests\Warewolf.Execution.Lightweight.Tests.csproj]
C:\Users\ultra\warewolf\Dev\Warewolf.Common.NetStandard20\Warewolf.Common.NetStandard20.csproj : warning NU1701: Package 'AeroWizard 2.3.1' was restored using '.NETFramework,Version=v4.6.1, .NETFramework,Version=v4.6.2, .NETFramework,Version=v4.7, .NETFramework,Version=v4.7.1, .NETFramework,Version=v4.7.2, .NETFramework,Version=v4.8, .NETFramework,Version=v4.8.1' instead of the project target framework 'net8.0'. This package may not be fully compatible with your project. [C:\Users\ultra\warewolf\Dev\Warewolf.Execution.Lightweight.Tests\Warewolf.Execution.Lightweight.Tests.csproj]
C:\Users\ultra\warewolf\Dev\Warewolf.Common\Warewolf.Common.csproj : warning NU1701: Package 'AeroWizard 2.3.1' was restored using '.NETFramework,Version=v4.6.1, .NETFramework,Version=v4.6.2, .NETFramework,Version=v4.7, .NETFramework,Version=v4.7.1, .NETFramework,Version=v4.7.2, .NETFramework,Version=v4.8, .NETFramework,Version=v4.8.1' instead of the project target framework 'net8.0'. This package may not be fully compatible with your project. [C:\Users\ultra\warewolf\Dev\Warewolf.Execution.Lightweight.Tests\Warewolf.Execution.Lightweight.Tests.csproj]
C:\Users\ultra\warewolf\Dev\Dev2.Infrastructure\Dev2.Infrastructure.csproj : warning NU1903: Package 'Microsoft.Windows.Compatibility' 6.0.0 has a known high severity vulnerability, https://github.com/advisories/GHSA-555c-2p6r-68mm [C:\Users\ultra\warewolf\Dev\Warewolf.Execution.Lightweight.Tests\Warewolf.Execution.Lightweight.Tests.csproj]
C:\Users\ultra\warewolf\Dev\Warewolf.Common.NetStandard20\Warewolf.Common.NetStandard20.csproj : warning NU1701: Package 'GroupControls 1.9.0' was restored using '.NETFramework,Version=v4.6.1, .NETFramework,Version=v4.6.2, .NETFramework,Version=v4.7, .NETFramework,Version=v4.7.1, .NETFramework,Version=v4.7.2, .NETFramework,Version=v4.8, .NETFramework,Version=v4.8.1' instead of the project target framework 'net8.0'. This package may not be fully compatible with your project. [C:\Users\ultra\warewolf\Dev\Warewolf.Execution.Lightweight.Tests\Warewolf.Execution.Lightweight.Tests.csproj]
C:\Users\ultra\warewolf\Dev\Warewolf.Common\Warewolf.Common.csproj : warning NU1701: Package 'GroupControls 1.9.0' was restored using '.NETFramework,Version=v4.6.1, .NETFramework,Version=v4.6.2, .NETFramework,Version=v4.7, .NETFramework,Version=v4.7.1, .NETFramework,Version=v4.7.2, .NETFramework,Version=v4.8, .NETFramework,Version=v4.8.1' instead of the project target framework 'net8.0'. This package may not be fully compatible with your project. [C:\Users\ultra\warewolf\Dev\Warewolf.Execution.Lightweight.Tests\Warewolf.Execution.Lightweight.Tests.csproj]
C:\Users\ultra\warewolf\Dev\Dev2.Runtime.Configuration\Dev2.Runtime.Configuration.csproj : warning NU1701: Package 'AeroWizard 2.3.1' was restored using '.NETFramework,Version=v4.6.1, .NETFramework,Version=v4.6.2, .NETFramework,Version=v4.7, .NETFramework,Version=v4.7.1, .NETFramework,Version=v4.7.2, .NETFramework,Version=v4.8, .NETFramework,Version=v4.8.1' instead of the project target framework 'net8.0'. This package may not be fully compatible with your project. [C:\Users\ultra\warewolf\Dev\Warewolf.Execution.Lightweight.Tests\Warewolf.Execution.Lightweight.Tests.csproj]
C:\Users\ultra\warewolf\Dev\Dev2.Diagnostics\Dev2.Diagnostics.csproj : warning NU1701: Package 'GroupControls 1.9.0' was restored using '.NETFramework,Version=v4.6.1, .NETFramework,Version=v4.6.2, .NETFramework,Version=v4.7, .NETFramework,Version=v4.7.1, .NETFramework,Version=v4.7.2, .NETFramework,Version=v4.8, .NETFramework,Version=v4.8.1' instead of the project target framework 'net8.0'. This package may not be fully compatible with your project. [C:\Users\ultra\warewolf\Dev\Warewolf.Execution.Lightweight.Tests\Warewolf.Execution.Lightweight.Tests.csproj]
C:\Users\ultra\warewolf\Dev\Warewolf.Common\Warewolf.Common.csproj : warning NU1701: Package 'TaskSchedulerEditor 2.10.1' was restored using '.NETFramework,Version=v4.6.1, .NETFramework,Version=v4.6.2, .NETFramework,Version=v4.7, .NETFramework,Version=v4.7.1, .NETFramework,Version=v4.7.2, .NETFramework,Version=v4.8, .NETFramework,Version=v4.8.1' instead of the project target framework 'net8.0'. This package may not be fully compatible with your project. [C:\Users\ultra\warewolf\Dev\Warewolf.Execution.Lightweight.Tests\Warewolf.Execution.Lightweight.Tests.csproj]
C:\Users\ultra\warewolf\Dev\Warewolf.Common.NetStandard20\Warewolf.Common.NetStandard20.csproj : warning NU1701: Package 'ReactiveUI.WPF 18.4.1' was restored using '.NETFramework,Version=v4.6.1, .NETFramework,Version=v4.6.2, .NETFramework,Version=v4.7, .NETFramework,Version=v4.7.1, .NETFramework,Version=v4.7.2, .NETFramework,Version=v4.8, .NETFramework,Version=v4.8.1' instead of the project target framework 'net8.0'. This package may not be fully compatible with your project. [C:\Users\ultra\warewolf\Dev\Warewolf.Execution.Lightweight.Tests\Warewolf.Execution.Lightweight.Tests.csproj]
C:\Users\ultra\warewolf\Dev\Dev2.Runtime.Configuration\Dev2.Runtime.Configuration.csproj : warning NU1701: Package 'GroupControls 1.9.0' was restored using '.NETFramework,Version=v4.6.1, .NETFramework,Version=v4.6.2, .NETFramework,Version=v4.7, .NETFramework,Version=v4.7.1, .NETFramework,Version=v4.7.2, .NETFramework,Version=v4.8, .NETFramework,Version=v4.8.1' instead of the project target framework 'net8.0'. This package may not be fully compatible with your project. [C:\Users\ultra\warewolf\Dev\Warewolf.Execution.Lightweight.Tests\Warewolf.Execution.Lightweight.Tests.csproj]
C:\Users\ultra\warewolf\Dev\Dev2.Infrastructure\Dev2.Infrastructure.csproj : warning NU1701: Package 'AeroWizard 2.3.1' was restored using '.NETFramework,Version=v4.6.1, .NETFramework,Version=v4.6.2, .NETFramework,Version=v4.7, .NETFramework,Version=v4.7.1, .NETFramework,Version=v4.7.2, .NETFramework,Version=v4.8, .NETFramework,Version=v4.8.1' instead of the project target framework 'net8.0'. This package may not be fully compatible with your project. [C:\Users\ultra\warewolf\Dev\Warewolf.Execution.Lightweight.Tests\Warewolf.Execution.Lightweight.Tests.csproj]
C:\Users\ultra\warewolf\Dev\Dev2.Diagnostics\Dev2.Diagnostics.csproj : warning NU1701: Package 'TaskSchedulerEditor 2.10.1' was restored using '.NETFramework,Version=v4.6.1, .NETFramework,Version=v4.6.2, .NETFramework,Version=v4.7, .NETFramework,Version=v4.7.1, .NETFramework,Version=v4.7.2, .NETFramework,Version=v4.8, .NETFramework,Version=v4.8.1' instead of the project target framework 'net8.0'. This package may not be fully compatible with your project. [C:\Users\ultra\warewolf\Dev\Warewolf.Execution.Lightweight.Tests\Warewolf.Execution.Lightweight.Tests.csproj]
C:\Users\ultra\warewolf\Dev\Warewolf.Common.NetStandard20\Warewolf.Common.NetStandard20.csproj : warning NU1701: Package 'TaskSchedulerEditor 2.10.1' was restored using '.NETFramework,Version=v4.6.1, .NETFramework,Version=v4.6.2, .NETFramework,Version=v4.7, .NETFramework,Version=v4.7.1, .NETFramework,Version=v4.7.2, .NETFramework,Version=v4.8, .NETFramework,Version=v4.8.1' instead of the project target framework 'net8.0'. This package may not be fully compatible with your project. [C:\Users\ultra\warewolf\Dev\Warewolf.Execution.Lightweight.Tests\Warewolf.Execution.Lightweight.Tests.csproj]
C:\Users\ultra\warewolf\Dev\Dev2.Infrastructure\Dev2.Infrastructure.csproj : warning NU1701: Package 'GroupControls 1.9.0' was restored using '.NETFramework,Version=v4.6.1, .NETFramework,Version=v4.6.2, .NETFramework,Version=v4.7, .NETFramework,Version=v4.7.1, .NETFramework,Version=v4.7.2, .NETFramework,Version=v4.8, .NETFramework,Version=v4.8.1' instead of the project target framework 'net8.0'. This package may not be fully compatible with your project. [C:\Users\ultra\warewolf\Dev\Warewolf.Execution.Lightweight.Tests\Warewolf.Execution.Lightweight.Tests.csproj]
C:\Users\ultra\warewolf\Dev\Dev2.CustomControls\Dev2.CustomControls.csproj : warning NU1903: Package 'Microsoft.Windows.Compatibility' 6.0.0 has a known high severity vulnerability, https://github.com/advisories/GHSA-555c-2p6r-68mm [C:\Users\ultra\warewolf\Dev\Warewolf.Execution.Lightweight.Tests\Warewolf.Execution.Lightweight.Tests.csproj]
C:\Users\ultra\warewolf\Dev\Dev2.Infrastructure\Dev2.Infrastructure.csproj : warning NU1701: Package 'ReactiveUI.WPF 18.4.1' was restored using '.NETFramework,Version=v4.6.1, .NETFramework,Version=v4.6.2, .NETFramework,Version=v4.7, .NETFramework,Version=v4.7.1, .NETFramework,Version=v4.7.2, .NETFramework,Version=v4.8, .NETFramework,Version=v4.8.1' instead of the project target framework 'net8.0'. This package may not be fully compatible with your project. [C:\Users\ultra\warewolf\Dev\Warewolf.Execution.Lightweight.Tests\Warewolf.Execution.Lightweight.Tests.csproj]
C:\Users\ultra\warewolf\Dev\Dev2.Runtime.Configuration\Dev2.Runtime.Configuration.csproj : warning NU1701: Package 'TaskSchedulerEditor 2.10.1' was restored using '.NETFramework,Version=v4.6.1, .NETFramework,Version=v4.6.2, .NETFramework,Version=v4.7, .NETFramework,Version=v4.7.1, .NETFramework,Version=v4.7.2, .NETFramework,Version=v4.8, .NETFramework,Version=v4.8.1' instead of the project target framework 'net8.0'. This package may not be fully compatible with your project. [C:\Users\ultra\warewolf\Dev\Warewolf.Execution.Lightweight.Tests\Warewolf.Execution.Lightweight.Tests.csproj]
C:\Users\ultra\warewolf\Dev\Dev2.Infrastructure\Dev2.Infrastructure.csproj : warning NU1701: Package 'TaskSchedulerEditor 2.10.1' was restored using '.NETFramework,Version=v4.6.1, .NETFramework,Version=v4.6.2, .NETFramework,Version=v4.7, .NETFramework,Version=v4.7.1, .NETFramework,Version=v4.7.2, .NETFramework,Version=v4.8, .NETFramework,Version=v4.8.1' instead of the project target framework 'net8.0'. This package may not be fully compatible with your project. [C:\Users\ultra\warewolf\Dev\Warewolf.Execution.Lightweight.Tests\Warewolf.Execution.Lightweight.Tests.csproj]
C:\Users\ultra\warewolf\Dev\Dev2.CustomControls\Dev2.CustomControls.csproj : warning NU1701: Package 'AeroWizard 2.3.1' was restored using '.NETFramework,Version=v4.6.1, .NETFramework,Version=v4.6.2, .NETFramework,Version=v4.7, .NETFramework,Version=v4.7.1, .NETFramework,Version=v4.7.2, .NETFramework,Version=v4.8, .NETFramework,Version=v4.8.1' instead of the project target framework 'net8.0'. This package may not be fully compatible with your project. [C:\Users\ultra\warewolf\Dev\Warewolf.Execution.Lightweight.Tests\Warewolf.Execution.Lightweight.Tests.csproj]
C:\Users\ultra\warewolf\Dev\Warewolf.Storage\Warewolf.Storage.csproj : warning NU1701: Package 'AeroWizard 2.3.1' was restored using '.NETFramework,Version=v4.6.1, .NETFramework,Version=v4.6.2, .NETFramework,Version=v4.7, .NETFramework,Version=v4.7.1, .NETFramework,Version=v4.7.2, .NETFramework,Version=v4.8, .NETFramework,Version=v4.8.1' instead of the project target framework 'net8.0'. This package may not be fully compatible with your project. [C:\Users\ultra\warewolf\Dev\Warewolf.Execution.Lightweight.Tests\Warewolf.Execution.Lightweight.Tests.csproj]
C:\Users\ultra\warewolf\Dev\Warewolf.Storage\Warewolf.Storage.csproj : warning NU1701: Package 'GroupControls 1.9.0' was restored using '.NETFramework,Version=v4.6.1, .NETFramework,Version=v4.6.2, .NETFramework,Version=v4.7, .NETFramework,Version=v4.7.1, .NETFramework,Version=v4.7.2, .NETFramework,Version=v4.8, .NETFramework,Version=v4.8.1' instead of the project target framework 'net8.0'. This package may not be fully compatible with your project. [C:\Users\ultra\warewolf\Dev\Warewolf.Execution.Lightweight.Tests\Warewolf.Execution.Lightweight.Tests.csproj]
C:\Users\ultra\warewolf\Dev\Dev2.CustomControls\Dev2.CustomControls.csproj : warning NU1701: Package 'GroupControls 1.9.0' was restored using '.NETFramework,Version=v4.6.1, .NETFramework,Version=v4.6.2, .NETFramework,Version=v4.7, .NETFramework,Version=v4.7.1, .NETFramework,Version=v4.7.2, .NETFramework,Version=v4.8, .NETFramework,Version=v4.8.1' instead of the project target framework 'net8.0'. This package may not be fully compatible with your project. [C:\Users\ultra\warewolf\Dev\Warewolf.Execution.Lightweight.Tests\Warewolf.Execution.Lightweight.Tests.csproj]
C:\Users\ultra\warewolf\Dev\Warewolf.Storage\Warewolf.Storage.csproj : warning NU1701: Package 'ReactiveUI.WPF 18.4.1' was restored using '.NETFramework,Version=v4.6.1, .NETFramework,Version=v4.6.2, .NETFramework,Version=v4.7, .NETFramework,Version=v4.7.1, .NETFramework,Version=v4.7.2, .NETFramework,Version=v4.8, .NETFramework,Version=v4.8.1' instead of the project target framework 'net8.0'. This package may not be fully compatible with your project. [C:\Users\ultra\warewolf\Dev\Warewolf.Execution.Lightweight.Tests\Warewolf.Execution.Lightweight.Tests.csproj]
C:\Users\ultra\warewolf\Dev\Dev2.CustomControls\Dev2.CustomControls.csproj : warning NU1701: Package 'TaskSchedulerEditor 2.10.1' was restored using '.NETFramework,Version=v4.6.1, .NETFramework,Version=v4.6.2, .NETFramework,Version=v4.7, .NETFramework,Version=v4.7.1, .NETFramework,Version=v4.7.2, .NETFramework,Version=v4.8, .NETFramework,Version=v4.8.1' instead of the project target framework 'net8.0'. This package may not be fully compatible with your project. [C:\Users\ultra\warewolf\Dev\Warewolf.Execution.Lightweight.Tests\Warewolf.Execution.Lightweight.Tests.csproj]
C:\Users\ultra\warewolf\Dev\Warewolf.Storage\Warewolf.Storage.csproj : warning NU1701: Package 'TaskSchedulerEditor 2.10.1' was restored using '.NETFramework,Version=v4.6.1, .NETFramework,Version=v4.6.2, .NETFramework,Version=v4.7, .NETFramework,Version=v4.7.1, .NETFramework,Version=v4.7.2, .NETFramework,Version=v4.8, .NETFramework,Version=v4.8.1' instead of the project target framework 'net8.0'. This package may not be fully compatible with your project. [C:\Users\ultra\warewolf\Dev\Warewolf.Execution.Lightweight.Tests\Warewolf.Execution.Lightweight.Tests.csproj]
C:\Users\ultra\warewolf\Dev\Warewolf.Core\Warewolf.Core.csproj : warning NU1903: Package 'Microsoft.Windows.Compatibility' 6.0.0 has a known high severity vulnerability, https://github.com/advisories/GHSA-555c-2p6r-68mm [C:\Users\ultra\warewolf\Dev\Warewolf.Execution.Lightweight.Tests\Warewolf.Execution.Lightweight.Tests.csproj]
C:\Users\ultra\warewolf\Dev\Warewolf.Core\Warewolf.Core.csproj : warning NU1701: Package 'AeroWizard 2.3.1' was restored using '.NETFramework,Version=v4.6.1, .NETFramework,Version=v4.6.2, .NETFramework,Version=v4.7, .NETFramework,Version=v4.7.1, .NETFramework,Version=v4.7.2, .NETFramework,Version=v4.8, .NETFramework,Version=v4.8.1' instead of the project target framework 'net8.0'. This package may not be fully compatible with your project. [C:\Users\ultra\warewolf\Dev\Warewolf.Execution.Lightweight.Tests\Warewolf.Execution.Lightweight.Tests.csproj]
C:\Users\ultra\warewolf\Dev\Warewolf.Core\Warewolf.Core.csproj : warning NU1701: Package 'GroupControls 1.9.0' was restored using '.NETFramework,Version=v4.6.1, .NETFramework,Version=v4.6.2, .NETFramework,Version=v4.7, .NETFramework,Version=v4.7.1, .NETFramework,Version=v4.7.2, .NETFramework,Version=v4.8, .NETFramework,Version=v4.8.1' instead of the project target framework 'net8.0'. This package may not be fully compatible with your project. [C:\Users\ultra\warewolf\Dev\Warewolf.Execution.Lightweight.Tests\Warewolf.Execution.Lightweight.Tests.csproj]
C:\Users\ultra\warewolf\Dev\Warewolf.Core\Warewolf.Core.csproj : warning NU1701: Package 'ReactiveUI.WPF 18.4.1' was restored using '.NETFramework,Version=v4.6.1, .NETFramework,Version=v4.6.2, .NETFramework,Version=v4.7, .NETFramework,Version=v4.7.1, .NETFramework,Version=v4.7.2, .NETFramework,Version=v4.8, .NETFramework,Version=v4.8.1' instead of the project target framework 'net8.0'. This package may not be fully compatible with your project. [C:\Users\ultra\warewolf\Dev\Warewolf.Execution.Lightweight.Tests\Warewolf.Execution.Lightweight.Tests.csproj]
C:\Users\ultra\warewolf\Dev\Warewolf.Storage.Interfaces\Warewolf.Storage.Interfaces.csproj : warning NU1701: Package 'AeroWizard 2.3.1' was restored using '.NETFramework,Version=v4.6.1, .NETFramework,Version=v4.6.2, .NETFramework,Version=v4.7, .NETFramework,Version=v4.7.1, .NETFramework,Version=v4.7.2, .NETFramework,Version=v4.8, .NETFramework,Version=v4.8.1' instead of the project target framework 'net8.0'. This package may not be fully compatible with your project. [C:\Users\ultra\warewolf\Dev\Warewolf.Execution.Lightweight.Tests\Warewolf.Execution.Lightweight.Tests.csproj]
C:\Users\ultra\warewolf\Dev\Warewolf.Core\Warewolf.Core.csproj : warning NU1701: Package 'TaskSchedulerEditor 2.10.1' was restored using '.NETFramework,Version=v4.6.1, .NETFramework,Version=v4.6.2, .NETFramework,Version=v4.7, .NETFramework,Version=v4.7.1, .NETFramework,Version=v4.7.2, .NETFramework,Version=v4.8, .NETFramework,Version=v4.8.1' instead of the project target framework 'net8.0'. This package may not be fully compatible with your project. [C:\Users\ultra\warewolf\Dev\Warewolf.Execution.Lightweight.Tests\Warewolf.Execution.Lightweight.Tests.csproj]
C:\Users\ultra\warewolf\Dev\Dev2.Development.Languages\Dev2.Development.Languages.csproj : warning NU1701: Package 'AeroWizard 2.3.1' was restored using '.NETFramework,Version=v4.6.1, .NETFramework,Version=v4.6.2, .NETFramework,Version=v4.7, .NETFramework,Version=v4.7.1, .NETFramework,Version=v4.7.2, .NETFramework,Version=v4.8, .NETFramework,Version=v4.8.1' instead of the project target framework 'net8.0'. This package may not be fully compatible with your project. [C:\Users\ultra\warewolf\Dev\Warewolf.Execution.Lightweight.Tests\Warewolf.Execution.Lightweight.Tests.csproj]
C:\Users\ultra\warewolf\Dev\Warewolf.Storage.Interfaces\Warewolf.Storage.Interfaces.csproj : warning NU1701: Package 'GroupControls 1.9.0' was restored using '.NETFramework,Version=v4.6.1, .NETFramework,Version=v4.6.2, .NETFramework,Version=v4.7, .NETFramework,Version=v4.7.1, .NETFramework,Version=v4.7.2, .NETFramework,Version=v4.8, .NETFramework,Version=v4.8.1' instead of the project target framework 'net8.0'. This package may not be fully compatible with your project. [C:\Users\ultra\warewolf\Dev\Warewolf.Execution.Lightweight.Tests\Warewolf.Execution.Lightweight.Tests.csproj]
C:\Users\ultra\warewolf\Dev\Warewolf.Storage.Interfaces\Warewolf.Storage.Interfaces.csproj : warning NU1701: Package 'TaskSchedulerEditor 2.10.1' was restored using '.NETFramework,Version=v4.6.1, .NETFramework,Version=v4.6.2, .NETFramework,Version=v4.7, .NETFramework,Version=v4.7.1, .NETFramework,Version=v4.7.2, .NETFramework,Version=v4.8, .NETFramework,Version=v4.8.1' instead of the project target framework 'net8.0'. This package may not be fully compatible with your project. [C:\Users\ultra\warewolf\Dev\Warewolf.Execution.Lightweight.Tests\Warewolf.Execution.Lightweight.Tests.csproj]
C:\Users\ultra\warewolf\Dev\Dev2.Data\Dev2.Data.csproj : warning NU1701: Package 'AeroWizard 2.3.1' was restored using '.NETFramework,Version=v4.6.1, .NETFramework,Version=v4.6.2, .NETFramework,Version=v4.7, .NETFramework,Version=v4.7.1, .NETFramework,Version=v4.7.2, .NETFramework,Version=v4.8, .NETFramework,Version=v4.8.1' instead of the project target framework 'net8.0'. This package may not be fully compatible with your project. [C:\Users\ultra\warewolf\Dev\Warewolf.Execution.Lightweight.Tests\Warewolf.Execution.Lightweight.Tests.csproj]
C:\Users\ultra\warewolf\Dev\Dev2.Development.Languages\Dev2.Development.Languages.csproj : warning NU1701: Package 'GroupControls 1.9.0' was restored using '.NETFramework,Version=v4.6.1, .NETFramework,Version=v4.6.2, .NETFramework,Version=v4.7, .NETFramework,Version=v4.7.1, .NETFramework,Version=v4.7.2, .NETFramework,Version=v4.8, .NETFramework,Version=v4.8.1' instead of the project target framework 'net8.0'. This package may not be fully compatible with your project. [C:\Users\ultra\warewolf\Dev\Warewolf.Execution.Lightweight.Tests\Warewolf.Execution.Lightweight.Tests.csproj]
C:\Users\ultra\warewolf\Dev\Dev2.Data\Dev2.Data.csproj : warning NU1701: Package 'GroupControls 1.9.0' was restored using '.NETFramework,Version=v4.6.1, .NETFramework,Version=v4.6.2, .NETFramework,Version=v4.7, .NETFramework,Version=v4.7.1, .NETFramework,Version=v4.7.2, .NETFramework,Version=v4.8, .NETFramework,Version=v4.8.1' instead of the project target framework 'net8.0'. This package may not be fully compatible with your project. [C:\Users\ultra\warewolf\Dev\Warewolf.Execution.Lightweight.Tests\Warewolf.Execution.Lightweight.Tests.csproj]
C:\Users\ultra\warewolf\Dev\Dev2.Development.Languages\Dev2.Development.Languages.csproj : warning NU1701: Package 'TaskSchedulerEditor 2.10.1' was restored using '.NETFramework,Version=v4.6.1, .NETFramework,Version=v4.6.2, .NETFramework,Version=v4.7, .NETFramework,Version=v4.7.1, .NETFramework,Version=v4.7.2, .NETFramework,Version=v4.8, .NETFramework,Version=v4.8.1' instead of the project target framework 'net8.0'. This package may not be fully compatible with your project. [C:\Users\ultra\warewolf\Dev\Warewolf.Execution.Lightweight.Tests\Warewolf.Execution.Lightweight.Tests.csproj]
C:\Users\ultra\warewolf\Dev\Dev2.Data\Dev2.Data.csproj : warning NU1701: Package 'ReactiveUI.WPF 18.4.1' was restored using '.NETFramework,Version=v4.6.1, .NETFramework,Version=v4.6.2, .NETFramework,Version=v4.7, .NETFramework,Version=v4.7.1, .NETFramework,Version=v4.7.2, .NETFramework,Version=v4.8, .NETFramework,Version=v4.8.1' instead of the project target framework 'net8.0'. This package may not be fully compatible with your project. [C:\Users\ultra\warewolf\Dev\Warewolf.Execution.Lightweight.Tests\Warewolf.Execution.Lightweight.Tests.csproj]
C:\Users\ultra\warewolf\Dev\Dev2.Data\Dev2.Data.csproj : warning NU1701: Package 'TaskSchedulerEditor 2.10.1' was restored using '.NETFramework,Version=v4.6.1, .NETFramework,Version=v4.6.2, .NETFramework,Version=v4.7, .NETFramework,Version=v4.7.1, .NETFramework,Version=v4.7.2, .NETFramework,Version=v4.8, .NETFramework,Version=v4.8.1' instead of the project target framework 'net8.0'. This package may not be fully compatible with your project. [C:\Users\ultra\warewolf\Dev\Warewolf.Execution.Lightweight.Tests\Warewolf.Execution.Lightweight.Tests.csproj]
C:\Users\ultra\warewolf\Dev\Dev2.Data.Interfaces\Dev2.Data.Interfaces.csproj : warning NU1903: Package 'DotNetZip' 1.16.0 has a known high severity vulnerability, https://github.com/advisories/GHSA-xhg6-9j5j-w4vf [C:\Users\ultra\warewolf\Dev\Warewolf.Execution.Lightweight.Tests\Warewolf.Execution.Lightweight.Tests.csproj]
C:\Users\ultra\warewolf\Dev\Dev2.Data.Interfaces\Dev2.Data.Interfaces.csproj : warning NU1701: Package 'AeroWizard 2.3.1' was restored using '.NETFramework,Version=v4.6.1, .NETFramework,Version=v4.6.2, .NETFramework,Version=v4.7, .NETFramework,Version=v4.7.1, .NETFramework,Version=v4.7.2, .NETFramework,Version=v4.8, .NETFramework,Version=v4.8.1' instead of the project target framework 'net8.0'. This package may not be fully compatible with your project. [C:\Users\ultra\warewolf\Dev\Warewolf.Execution.Lightweight.Tests\Warewolf.Execution.Lightweight.Tests.csproj]
C:\Users\ultra\warewolf\Dev\Dev2.Data.Interfaces\Dev2.Data.Interfaces.csproj : warning NU1701: Package 'GroupControls 1.9.0' was restored using '.NETFramework,Version=v4.6.1, .NETFramework,Version=v4.6.2, .NETFramework,Version=v4.7, .NETFramework,Version=v4.7.1, .NETFramework,Version=v4.7.2, .NETFramework,Version=v4.8, .NETFramework,Version=v4.8.1' instead of the project target framework 'net8.0'. This package may not be fully compatible with your project. [C:\Users\ultra\warewolf\Dev\Warewolf.Execution.Lightweight.Tests\Warewolf.Execution.Lightweight.Tests.csproj]
C:\Users\ultra\warewolf\Dev\Dev2.Data.Interfaces\Dev2.Data.Interfaces.csproj : warning NU1701: Package 'TaskSchedulerEditor 2.10.1' was restored using '.NETFramework,Version=v4.6.1, .NETFramework,Version=v4.6.2, .NETFramework,Version=v4.7, .NETFramework,Version=v4.7.1, .NETFramework,Version=v4.7.2, .NETFramework,Version=v4.8, .NETFramework,Version=v4.8.1' instead of the project target framework 'net8.0'. This package may not be fully compatible with your project. [C:\Users\ultra\warewolf\Dev\Warewolf.Execution.Lightweight.Tests\Warewolf.Execution.Lightweight.Tests.csproj]
C:\Users\ultra\warewolf\Dev\Warewolf.Data\Warewolf.Data.csproj : warning NU1701: Package 'AeroWizard 2.3.1' was restored using '.NETFramework,Version=v4.6.1, .NETFramework,Version=v4.6.2, .NETFramework,Version=v4.7, .NETFramework,Version=v4.7.1, .NETFramework,Version=v4.7.2, .NETFramework,Version=v4.8, .NETFramework,Version=v4.8.1' instead of the project target framework 'net8.0'. This package may not be fully compatible with your project. [C:\Users\ultra\warewolf\Dev\Warewolf.Execution.Lightweight.Tests\Warewolf.Execution.Lightweight.Tests.csproj]
C:\Users\ultra\warewolf\Dev\Warewolf.Data\Warewolf.Data.csproj : warning NU1701: Package 'GroupControls 1.9.0' was restored using '.NETFramework,Version=v4.6.1, .NETFramework,Version=v4.6.2, .NETFramework,Version=v4.7, .NETFramework,Version=v4.7.1, .NETFramework,Version=v4.7.2, .NETFramework,Version=v4.8, .NETFramework,Version=v4.8.1' instead of the project target framework 'net8.0'. This package may not be fully compatible with your project. [C:\Users\ultra\warewolf\Dev\Warewolf.Execution.Lightweight.Tests\Warewolf.Execution.Lightweight.Tests.csproj]
C:\Users\ultra\warewolf\Dev\Warewolf.Data\Warewolf.Data.csproj : warning NU1701: Package 'TaskSchedulerEditor 2.10.1' was restored using '.NETFramework,Version=v4.6.1, .NETFramework,Version=v4.6.2, .NETFramework,Version=v4.7, .NETFramework,Version=v4.7.1, .NETFramework,Version=v4.7.2, .NETFramework,Version=v4.8, .NETFramework,Version=v4.8.1' instead of the project target framework 'net8.0'. This package may not be fully compatible with your project. [C:\Users\ultra\warewolf\Dev\Warewolf.Execution.Lightweight.Tests\Warewolf.Execution.Lightweight.Tests.csproj]
C:\Users\ultra\warewolf\Dev\Warewolf.Security\Warewolf.Security.csproj : warning NU1904: Package 'System.Drawing.Common' 4.5.1 has a known critical severity vulnerability, https://github.com/advisories/GHSA-rxg9-xrhp-64gj [C:\Users\ultra\warewolf\Dev\Warewolf.Execution.Lightweight.Tests\Warewolf.Execution.Lightweight.Tests.csproj]
C:\Users\ultra\warewolf\Dev\Dev2.TaskScheduler.Wrappers\Dev2.TaskScheduler.Wrappers.csproj : warning NU1701: Package 'AeroWizard 2.3.1' was restored using '.NETFramework,Version=v4.6.1, .NETFramework,Version=v4.6.2, .NETFramework,Version=v4.7, .NETFramework,Version=v4.7.1, .NETFramework,Version=v4.7.2, .NETFramework,Version=v4.8, .NETFramework,Version=v4.8.1' instead of the project target framework 'net8.0'. This package may not be fully compatible with your project. [C:\Users\ultra\warewolf\Dev\Warewolf.Execution.Lightweight.Tests\Warewolf.Execution.Lightweight.Tests.csproj]
C:\Users\ultra\warewolf\Dev\Dev2.TaskScheduler.Wrappers\Dev2.TaskScheduler.Wrappers.csproj : warning NU1701: Package 'GroupControls 1.9.0' was restored using '.NETFramework,Version=v4.6.1, .NETFramework,Version=v4.6.2, .NETFramework,Version=v4.7, .NETFramework,Version=v4.7.1, .NETFramework,Version=v4.7.2, .NETFramework,Version=v4.8, .NETFramework,Version=v4.8.1' instead of the project target framework 'net8.0'. This package may not be fully compatible with your project. [C:\Users\ultra\warewolf\Dev\Warewolf.Execution.Lightweight.Tests\Warewolf.Execution.Lightweight.Tests.csproj]
C:\Users\ultra\warewolf\Dev\Dev2.TaskScheduler.Wrappers\Dev2.TaskScheduler.Wrappers.csproj : warning NU1701: Package 'TaskSchedulerEditor 2.10.1' was restored using '.NETFramework,Version=v4.6.1, .NETFramework,Version=v4.6.2, .NETFramework,Version=v4.7, .NETFramework,Version=v4.7.1, .NETFramework,Version=v4.7.2, .NETFramework,Version=v4.8, .NETFramework,Version=v4.8.1' instead of the project target framework 'net8.0'. This package may not be fully compatible with your project. [C:\Users\ultra\warewolf\Dev\Warewolf.Execution.Lightweight.Tests\Warewolf.Execution.Lightweight.Tests.csproj]
C:\Users\ultra\warewolf\Dev\Dev2.Util\Dev2.Util.csproj : warning NU1903: Package 'Microsoft.Windows.Compatibility' 6.0.0 has a known high severity vulnerability, https://github.com/advisories/GHSA-555c-2p6r-68mm [C:\Users\ultra\warewolf\Dev\Warewolf.Execution.Lightweight.Tests\Warewolf.Execution.Lightweight.Tests.csproj]
C:\Users\ultra\warewolf\Dev\Dev2.Util\Dev2.Util.csproj : warning NU1701: Package 'AeroWizard 2.3.1' was restored using '.NETFramework,Version=v4.6.1, .NETFramework,Version=v4.6.2, .NETFramework,Version=v4.7, .NETFramework,Version=v4.7.1, .NETFramework,Version=v4.7.2, .NETFramework,Version=v4.8, .NETFramework,Version=v4.8.1' instead of the project target framework 'net8.0'. This package may not be fully compatible with your project. [C:\Users\ultra\warewolf\Dev\Warewolf.Execution.Lightweight.Tests\Warewolf.Execution.Lightweight.Tests.csproj]
C:\Users\ultra\warewolf\Dev\Dev2.Util\Dev2.Util.csproj : warning NU1701: Package 'GroupControls 1.9.0' was restored using '.NETFramework,Version=v4.6.1, .NETFramework,Version=v4.6.2, .NETFramework,Version=v4.7, .NETFramework,Version=v4.7.1, .NETFramework,Version=v4.7.2, .NETFramework,Version=v4.8, .NETFramework,Version=v4.8.1' instead of the project target framework 'net8.0'. This package may not be fully compatible with your project. [C:\Users\ultra\warewolf\Dev\Warewolf.Execution.Lightweight.Tests\Warewolf.Execution.Lightweight.Tests.csproj]
C:\Users\ultra\warewolf\Dev\Dev2.Util\Dev2.Util.csproj : warning NU1701: Package 'TaskSchedulerEditor 2.10.1' was restored using '.NETFramework,Version=v4.6.1, .NETFramework,Version=v4.6.2, .NETFramework,Version=v4.7, .NETFramework,Version=v4.7.1, .NETFramework,Version=v4.7.2, .NETFramework,Version=v4.8, .NETFramework,Version=v4.8.1' instead of the project target framework 'net8.0'. This package may not be fully compatible with your project. [C:\Users\ultra\warewolf\Dev\Warewolf.Execution.Lightweight.Tests\Warewolf.Execution.Lightweight.Tests.csproj]
C:\Users\ultra\warewolf\Dev\Warewolf.Licensing\Warewolf.Licensing.csproj : warning NU1701: Package 'AeroWizard 2.3.1' was restored using '.NETFramework,Version=v4.6.1, .NETFramework,Version=v4.6.2, .NETFramework,Version=v4.7, .NETFramework,Version=v4.7.1, .NETFramework,Version=v4.7.2, .NETFramework,Version=v4.8, .NETFramework,Version=v4.8.1' instead of the project target framework 'net8.0'. This package may not be fully compatible with your project. [C:\Users\ultra\warewolf\Dev\Warewolf.Execution.Lightweight.Tests\Warewolf.Execution.Lightweight.Tests.csproj]
C:\Users\ultra\warewolf\Dev\Warewolf.Licensing\Warewolf.Licensing.csproj : warning NU1701: Package 'GroupControls 1.9.0' was restored using '.NETFramework,Version=v4.6.1, .NETFramework,Version=v4.6.2, .NETFramework,Version=v4.7, .NETFramework,Version=v4.7.1, .NETFramework,Version=v4.7.2, .NETFramework,Version=v4.8, .NETFramework,Version=v4.8.1' instead of the project target framework 'net8.0'. This package may not be fully compatible with your project. [C:\Users\ultra\warewolf\Dev\Warewolf.Execution.Lightweight.Tests\Warewolf.Execution.Lightweight.Tests.csproj]
C:\Users\ultra\warewolf\Dev\Warewolf.Licensing\Warewolf.Licensing.csproj : warning NU1701: Package 'TaskSchedulerEditor 2.10.1' was restored using '.NETFramework,Version=v4.6.1, .NETFramework,Version=v4.6.2, .NETFramework,Version=v4.7, .NETFramework,Version=v4.7.1, .NETFramework,Version=v4.7.2, .NETFramework,Version=v4.8, .NETFramework,Version=v4.8.1' instead of the project target framework 'net8.0'. This package may not be fully compatible with your project. [C:\Users\ultra\warewolf\Dev\Warewolf.Execution.Lightweight.Tests\Warewolf.Execution.Lightweight.Tests.csproj]
C:\Users\ultra\warewolf\Dev\Dev2.Common.Interfaces\Dev2.Common.Interfaces.csproj : warning NU1903: Package 'Microsoft.Windows.Compatibility' 6.0.0 has a known high severity vulnerability, https://github.com/advisories/GHSA-555c-2p6r-68mm [C:\Users\ultra\warewolf\Dev\Warewolf.Execution.Lightweight.Tests\Warewolf.Execution.Lightweight.Tests.csproj]
C:\Users\ultra\warewolf\Dev\Dev2.Common.Interfaces\Dev2.Common.Interfaces.csproj : warning NU1701: Package 'AeroWizard 2.3.1' was restored using '.NETFramework,Version=v4.6.1, .NETFramework,Version=v4.6.2, .NETFramework,Version=v4.7, .NETFramework,Version=v4.7.1, .NETFramework,Version=v4.7.2, .NETFramework,Version=v4.8, .NETFramework,Version=v4.8.1' instead of the project target framework 'net8.0'. This package may not be fully compatible with your project. [C:\Users\ultra\warewolf\Dev\Warewolf.Execution.Lightweight.Tests\Warewolf.Execution.Lightweight.Tests.csproj]
C:\Users\ultra\warewolf\Dev\Dev2.Common.Interfaces\Dev2.Common.Interfaces.csproj : warning NU1701: Package 'GroupControls 1.9.0' was restored using '.NETFramework,Version=v4.6.1, .NETFramework,Version=v4.6.2, .NETFramework,Version=v4.7, .NETFramework,Version=v4.7.1, .NETFramework,Version=v4.7.2, .NETFramework,Version=v4.8, .NETFramework,Version=v4.8.1' instead of the project target framework 'net8.0'. This package may not be fully compatible with your project. [C:\Users\ultra\warewolf\Dev\Warewolf.Execution.Lightweight.Tests\Warewolf.Execution.Lightweight.Tests.csproj]
C:\Users\ultra\warewolf\Dev\Dev2.Common.Interfaces\Dev2.Common.Interfaces.csproj : warning NU1701: Package 'TaskSchedulerEditor 2.10.1' was restored using '.NETFramework,Version=v4.6.1, .NETFramework,Version=v4.6.2, .NETFramework,Version=v4.7, .NETFramework,Version=v4.7.1, .NETFramework,Version=v4.7.2, .NETFramework,Version=v4.8, .NETFramework,Version=v4.8.1' instead of the project target framework 'net8.0'. This package may not be fully compatible with your project. [C:\Users\ultra\warewolf\Dev\Warewolf.Execution.Lightweight.Tests\Warewolf.Execution.Lightweight.Tests.csproj]
C:\Users\ultra\warewolf\Dev\Dev2.Services.Sql\Dev2.Services.Sql.csproj : warning NU1903: Package 'Oracle.ManagedDataAccess.Core' 3.21.70 has a known high severity vulnerability, https://github.com/advisories/GHSA-5pm2-9mr2-3frq [C:\Users\ultra\warewolf\Dev\Warewolf.Execution.Lightweight.Tests\Warewolf.Execution.Lightweight.Tests.csproj]
C:\Users\ultra\warewolf\Dev\Dev2.Services.Sql\Dev2.Services.Sql.csproj : warning NU1701: Package 'AeroWizard 2.3.1' was restored using '.NETFramework,Version=v4.6.1, .NETFramework,Version=v4.6.2, .NETFramework,Version=v4.7, .NETFramework,Version=v4.7.1, .NETFramework,Version=v4.7.2, .NETFramework,Version=v4.8, .NETFramework,Version=v4.8.1' instead of the project target framework 'net8.0'. This package may not be fully compatible with your project. [C:\Users\ultra\warewolf\Dev\Warewolf.Execution.Lightweight.Tests\Warewolf.Execution.Lightweight.Tests.csproj]
C:\Users\ultra\warewolf\Dev\Dev2.Services.Sql\Dev2.Services.Sql.csproj : warning NU1701: Package 'GroupControls 1.9.0' was restored using '.NETFramework,Version=v4.6.1, .NETFramework,Version=v4.6.2, .NETFramework,Version=v4.7, .NETFramework,Version=v4.7.1, .NETFramework,Version=v4.7.2, .NETFramework,Version=v4.8, .NETFramework,Version=v4.8.1' instead of the project target framework 'net8.0'. This package may not be fully compatible with your project. [C:\Users\ultra\warewolf\Dev\Warewolf.Execution.Lightweight.Tests\Warewolf.Execution.Lightweight.Tests.csproj]
C:\Users\ultra\warewolf\Dev\Dev2.Services.Sql\Dev2.Services.Sql.csproj : warning NU1701: Package 'ReactiveUI.WPF 18.4.1' was restored using '.NETFramework,Version=v4.6.1, .NETFramework,Version=v4.6.2, .NETFramework,Version=v4.7, .NETFramework,Version=v4.7.1, .NETFramework,Version=v4.7.2, .NETFramework,Version=v4.8, .NETFramework,Version=v4.8.1' instead of the project target framework 'net8.0'. This package may not be fully compatible with your project. [C:\Users\ultra\warewolf\Dev\Warewolf.Execution.Lightweight.Tests\Warewolf.Execution.Lightweight.Tests.csproj]
C:\Users\ultra\warewolf\Dev\Dev2.Services.Sql\Dev2.Services.Sql.csproj : warning NU1701: Package 'TaskSchedulerEditor 2.10.1' was restored using '.NETFramework,Version=v4.6.1, .NETFramework,Version=v4.6.2, .NETFramework,Version=v4.7, .NETFramework,Version=v4.7.1, .NETFramework,Version=v4.7.2, .NETFramework,Version=v4.8, .NETFramework,Version=v4.8.1' instead of the project target framework 'net8.0'. This package may not be fully compatible with your project. [C:\Users\ultra\warewolf\Dev\Warewolf.Execution.Lightweight.Tests\Warewolf.Execution.Lightweight.Tests.csproj]
C:\Users\ultra\warewolf\Dev\Warewolf.Sharepoint\Warewolf.Sharepoint.csproj : warning NU1701: Package 'AeroWizard 2.3.1' was restored using '.NETFramework,Version=v4.6.1, .NETFramework,Version=v4.6.2, .NETFramework,Version=v4.7, .NETFramework,Version=v4.7.1, .NETFramework,Version=v4.7.2, .NETFramework,Version=v4.8, .NETFramework,Version=v4.8.1' instead of the project target framework 'net8.0'. This package may not be fully compatible with your project. [C:\Users\ultra\warewolf\Dev\Warewolf.Execution.Lightweight.Tests\Warewolf.Execution.Lightweight.Tests.csproj]
C:\Users\ultra\warewolf\Dev\Warewolf.Sharepoint\Warewolf.Sharepoint.csproj : warning NU1701: Package 'GroupControls 1.9.0' was restored using '.NETFramework,Version=v4.6.1, .NETFramework,Version=v4.6.2, .NETFramework,Version=v4.7, .NETFramework,Version=v4.7.1, .NETFramework,Version=v4.7.2, .NETFramework,Version=v4.8, .NETFramework,Version=v4.8.1' instead of the project target framework 'net8.0'. This package may not be fully compatible with your project. [C:\Users\ultra\warewolf\Dev\Warewolf.Execution.Lightweight.Tests\Warewolf.Execution.Lightweight.Tests.csproj]
C:\Users\ultra\warewolf\Dev\Warewolf.Sharepoint\Warewolf.Sharepoint.csproj : warning NU1701: Package 'ReactiveUI.WPF 18.4.1' was restored using '.NETFramework,Version=v4.6.1, .NETFramework,Version=v4.6.2, .NETFramework,Version=v4.7, .NETFramework,Version=v4.7.1, .NETFramework,Version=v4.7.2, .NETFramework,Version=v4.8, .NETFramework,Version=v4.8.1' instead of the project target framework 'net8.0'. This package may not be fully compatible with your project. [C:\Users\ultra\warewolf\Dev\Warewolf.Execution.Lightweight.Tests\Warewolf.Execution.Lightweight.Tests.csproj]
C:\Users\ultra\warewolf\Dev\Warewolf.Sharepoint\Warewolf.Sharepoint.csproj : warning NU1701: Package 'TaskSchedulerEditor 2.10.1' was restored using '.NETFramework,Version=v4.6.1, .NETFramework,Version=v4.6.2, .NETFramework,Version=v4.7, .NETFramework,Version=v4.7.1, .NETFramework,Version=v4.7.2, .NETFramework,Version=v4.8, .NETFramework,Version=v4.8.1' instead of the project target framework 'net8.0'. This package may not be fully compatible with your project. [C:\Users\ultra\warewolf\Dev\Warewolf.Execution.Lightweight.Tests\Warewolf.Execution.Lightweight.Tests.csproj]
C:\Users\ultra\warewolf\Dev\Dev2.Common\Dev2.Common.csproj : warning NU1903: Package 'Microsoft.Windows.Compatibility' 6.0.0 has a known high severity vulnerability, https://github.com/advisories/GHSA-555c-2p6r-68mm [C:\Users\ultra\warewolf\Dev\Warewolf.Execution.Lightweight.Tests\Warewolf.Execution.Lightweight.Tests.csproj]
C:\Users\ultra\warewolf\Dev\Dev2.Common\Dev2.Common.csproj : warning NU1701: Package 'AeroWizard 2.3.1' was restored using '.NETFramework,Version=v4.6.1, .NETFramework,Version=v4.6.2, .NETFramework,Version=v4.7, .NETFramework,Version=v4.7.1, .NETFramework,Version=v4.7.2, .NETFramework,Version=v4.8, .NETFramework,Version=v4.8.1' instead of the project target framework 'net8.0'. This package may not be fully compatible with your project. [C:\Users\ultra\warewolf\Dev\Warewolf.Execution.Lightweight.Tests\Warewolf.Execution.Lightweight.Tests.csproj]
C:\Users\ultra\warewolf\Dev\Dev2.Common\Dev2.Common.csproj : warning NU1701: Package 'GroupControls 1.9.0' was restored using '.NETFramework,Version=v4.6.1, .NETFramework,Version=v4.6.2, .NETFramework,Version=v4.7, .NETFramework,Version=v4.7.1, .NETFramework,Version=v4.7.2, .NETFramework,Version=v4.8, .NETFramework,Version=v4.8.1' instead of the project target framework 'net8.0'. This package may not be fully compatible with your project. [C:\Users\ultra\warewolf\Dev\Warewolf.Execution.Lightweight.Tests\Warewolf.Execution.Lightweight.Tests.csproj]
C:\Users\ultra\warewolf\Dev\Dev2.Common\Dev2.Common.csproj : warning NU1701: Package 'TaskSchedulerEditor 2.10.1' was restored using '.NETFramework,Version=v4.6.1, .NETFramework,Version=v4.6.2, .NETFramework,Version=v4.7, .NETFramework,Version=v4.7.1, .NETFramework,Version=v4.7.2, .NETFramework,Version=v4.8, .NETFramework,Version=v4.8.1' instead of the project target framework 'net8.0'. This package may not be fully compatible with your project. [C:\Users\ultra\warewolf\Dev\Warewolf.Execution.Lightweight.Tests\Warewolf.Execution.Lightweight.Tests.csproj]
C:\Users\ultra\warewolf\Dev\Warewolf.ResourceManagement\Warewolf.ResourceManagement.csproj : warning NU1701: Package 'AeroWizard 2.3.1' was restored using '.NETFramework,Version=v4.6.1, .NETFramework,Version=v4.6.2, .NETFramework,Version=v4.7, .NETFramework,Version=v4.7.1, .NETFramework,Version=v4.7.2, .NETFramework,Version=v4.8, .NETFramework,Version=v4.8.1' instead of the project target framework 'net8.0'. This package may not be fully compatible with your project. [C:\Users\ultra\warewolf\Dev\Warewolf.Execution.Lightweight.Tests\Warewolf.Execution.Lightweight.Tests.csproj]
C:\Users\ultra\warewolf\Dev\Warewolf.ResourceManagement\Warewolf.ResourceManagement.csproj : warning NU1701: Package 'GroupControls 1.9.0' was restored using '.NETFramework,Version=v4.6.1, .NETFramework,Version=v4.6.2, .NETFramework,Version=v4.7, .NETFramework,Version=v4.7.1, .NETFramework,Version=v4.7.2, .NETFramework,Version=v4.8, .NETFramework,Version=v4.8.1' instead of the project target framework 'net8.0'. This package may not be fully compatible with your project. [C:\Users\ultra\warewolf\Dev\Warewolf.Execution.Lightweight.Tests\Warewolf.Execution.Lightweight.Tests.csproj]
C:\Users\ultra\warewolf\Dev\Warewolf.ResourceManagement\Warewolf.ResourceManagement.csproj : warning NU1701: Package 'ReactiveUI.WPF 18.4.1' was restored using '.NETFramework,Version=v4.6.1, .NETFramework,Version=v4.6.2, .NETFramework,Version=v4.7, .NETFramework,Version=v4.7.1, .NETFramework,Version=v4.7.2, .NETFramework,Version=v4.8, .NETFramework,Version=v4.8.1' instead of the project target framework 'net8.0'. This package may not be fully compatible with your project. [C:\Users\ultra\warewolf\Dev\Warewolf.Execution.Lightweight.Tests\Warewolf.Execution.Lightweight.Tests.csproj]
C:\Users\ultra\warewolf\Dev\Warewolf.ResourceManagement\Warewolf.ResourceManagement.csproj : warning NU1701: Package 'TaskSchedulerEditor 2.10.1' was restored using '.NETFramework,Version=v4.6.1, .NETFramework,Version=v4.6.2, .NETFramework,Version=v4.7, .NETFramework,Version=v4.7.1, .NETFramework,Version=v4.7.2, .NETFramework,Version=v4.8, .NETFramework,Version=v4.8.1' instead of the project target framework 'net8.0'. This package may not be fully compatible with your project. [C:\Users\ultra\warewolf\Dev\Warewolf.Execution.Lightweight.Tests\Warewolf.Execution.Lightweight.Tests.csproj]
C:\Users\ultra\warewolf\Dev\Warewolf.Driver.Serilog\Warewolf.Driver.Serilog.csproj : warning NU1701: Package 'AeroWizard 2.3.1' was restored using '.NETFramework,Version=v4.6.1, .NETFramework,Version=v4.6.2, .NETFramework,Version=v4.7, .NETFramework,Version=v4.7.1, .NETFramework,Version=v4.7.2, .NETFramework,Version=v4.8, .NETFramework,Version=v4.8.1' instead of the project target framework 'net8.0'. This package may not be fully compatible with your project. [C:\Users\ultra\warewolf\Dev\Warewolf.Execution.Lightweight.Tests\Warewolf.Execution.Lightweight.Tests.csproj]
C:\Users\ultra\warewolf\Dev\Warewolf.Driver.Serilog\Warewolf.Driver.Serilog.csproj : warning NU1701: Package 'GroupControls 1.9.0' was restored using '.NETFramework,Version=v4.6.1, .NETFramework,Version=v4.6.2, .NETFramework,Version=v4.7, .NETFramework,Version=v4.7.1, .NETFramework,Version=v4.7.2, .NETFramework,Version=v4.8, .NETFramework,Version=v4.8.1' instead of the project target framework 'net8.0'. This package may not be fully compatible with your project. [C:\Users\ultra\warewolf\Dev\Warewolf.Execution.Lightweight.Tests\Warewolf.Execution.Lightweight.Tests.csproj]
C:\Users\ultra\warewolf\Dev\Warewolf.Driver.Serilog\Warewolf.Driver.Serilog.csproj : warning NU1701: Package 'ReactiveUI.WPF 18.4.1' was restored using '.NETFramework,Version=v4.6.1, .NETFramework,Version=v4.6.2, .NETFramework,Version=v4.7, .NETFramework,Version=v4.7.1, .NETFramework,Version=v4.7.2, .NETFramework,Version=v4.8, .NETFramework,Version=v4.8.1' instead of the project target framework 'net8.0'. This package may not be fully compatible with your project. [C:\Users\ultra\warewolf\Dev\Warewolf.Execution.Lightweight.Tests\Warewolf.Execution.Lightweight.Tests.csproj]
C:\Users\ultra\warewolf\Dev\Warewolf.Driver.Serilog\Warewolf.Driver.Serilog.csproj : warning NU1701: Package 'TaskSchedulerEditor 2.10.1' was restored using '.NETFramework,Version=v4.6.1, .NETFramework,Version=v4.6.2, .NETFramework,Version=v4.7, .NETFramework,Version=v4.7.1, .NETFramework,Version=v4.7.2, .NETFramework,Version=v4.8, .NETFramework,Version=v4.8.1' instead of the project target framework 'net8.0'. This package may not be fully compatible with your project. [C:\Users\ultra\warewolf\Dev\Warewolf.Execution.Lightweight.Tests\Warewolf.Execution.Lightweight.Tests.csproj]
C:\Users\ultra\warewolf\Dev\Dev2.Core\Dev2.Core.csproj : warning NU1903: Package 'Microsoft.Windows.Compatibility' 6.0.0 has a known high severity vulnerability, https://github.com/advisories/GHSA-555c-2p6r-68mm [C:\Users\ultra\warewolf\Dev\Warewolf.Execution.Lightweight.Tests\Warewolf.Execution.Lightweight.Tests.csproj]
C:\Users\ultra\warewolf\Dev\Dev2.Core\Dev2.Core.csproj : warning NU1701: Package 'AeroWizard 2.3.1' was restored using '.NETFramework,Version=v4.6.1, .NETFramework,Version=v4.6.2, .NETFramework,Version=v4.7, .NETFramework,Version=v4.7.1, .NETFramework,Version=v4.7.2, .NETFramework,Version=v4.8, .NETFramework,Version=v4.8.1' instead of the project target framework 'net8.0'. This package may not be fully compatible with your project. [C:\Users\ultra\warewolf\Dev\Warewolf.Execution.Lightweight.Tests\Warewolf.Execution.Lightweight.Tests.csproj]
C:\Users\ultra\warewolf\Dev\Dev2.Core\Dev2.Core.csproj : warning NU1701: Package 'GroupControls 1.9.0' was restored using '.NETFramework,Version=v4.6.1, .NETFramework,Version=v4.6.2, .NETFramework,Version=v4.7, .NETFramework,Version=v4.7.1, .NETFramework,Version=v4.7.2, .NETFramework,Version=v4.8, .NETFramework,Version=v4.8.1' instead of the project target framework 'net8.0'. This package may not be fully compatible with your project. [C:\Users\ultra\warewolf\Dev\Warewolf.Execution.Lightweight.Tests\Warewolf.Execution.Lightweight.Tests.csproj]
C:\Users\ultra\warewolf\Dev\Dev2.Core\Dev2.Core.csproj : warning NU1701: Package 'ReactiveUI.WPF 18.4.1' was restored using '.NETFramework,Version=v4.6.1, .NETFramework,Version=v4.6.2, .NETFramework,Version=v4.7, .NETFramework,Version=v4.7.1, .NETFramework,Version=v4.7.2, .NETFramework,Version=v4.8, .NETFramework,Version=v4.8.1' instead of the project target framework 'net8.0'. This package may not be fully compatible with your project. [C:\Users\ultra\warewolf\Dev\Warewolf.Execution.Lightweight.Tests\Warewolf.Execution.Lightweight.Tests.csproj]
C:\Users\ultra\warewolf\Dev\Dev2.Core\Dev2.Core.csproj : warning NU1701: Package 'TaskSchedulerEditor 2.10.1' was restored using '.NETFramework,Version=v4.6.1, .NETFramework,Version=v4.6.2, .NETFramework,Version=v4.7, .NETFramework,Version=v4.7.1, .NETFramework,Version=v4.7.2, .NETFramework,Version=v4.8, .NETFramework,Version=v4.8.1' instead of the project target framework 'net8.0'. This package may not be fully compatible with your project. [C:\Users\ultra\warewolf\Dev\Warewolf.Execution.Lightweight.Tests\Warewolf.Execution.Lightweight.Tests.csproj]
C:\Users\ultra\warewolf\Dev\Warewolf.AI.Harness\Warewolf.AI.Harness.csproj : warning NU1701: Package 'AeroWizard 2.3.1' was restored using '.NETFramework,Version=v4.6.1, .NETFramework,Version=v4.6.2, .NETFramework,Version=v4.7, .NETFramework,Version=v4.7.1, .NETFramework,Version=v4.7.2, .NETFramework,Version=v4.8, .NETFramework,Version=v4.8.1' instead of the project target framework 'net8.0'. This package may not be fully compatible with your project. [C:\Users\ultra\warewolf\Dev\Warewolf.Execution.Lightweight.Tests\Warewolf.Execution.Lightweight.Tests.csproj]
C:\Users\ultra\warewolf\Dev\Warewolf.AI.Harness\Warewolf.AI.Harness.csproj : warning NU1701: Package 'GroupControls 1.9.0' was restored using '.NETFramework,Version=v4.6.1, .NETFramework,Version=v4.6.2, .NETFramework,Version=v4.7, .NETFramework,Version=v4.7.1, .NETFramework,Version=v4.7.2, .NETFramework,Version=v4.8, .NETFramework,Version=v4.8.1' instead of the project target framework 'net8.0'. This package may not be fully compatible with your project. [C:\Users\ultra\warewolf\Dev\Warewolf.Execution.Lightweight.Tests\Warewolf.Execution.Lightweight.Tests.csproj]
C:\Users\ultra\warewolf\Dev\Warewolf.AI.Harness\Warewolf.AI.Harness.csproj : warning NU1701: Package 'TaskSchedulerEditor 2.10.1' was restored using '.NETFramework,Version=v4.6.1, .NETFramework,Version=v4.6.2, .NETFramework,Version=v4.7, .NETFramework,Version=v4.7.1, .NETFramework,Version=v4.7.2, .NETFramework,Version=v4.8, .NETFramework,Version=v4.8.1' instead of the project target framework 'net8.0'. This package may not be fully compatible with your project. [C:\Users\ultra\warewolf\Dev\Warewolf.Execution.Lightweight.Tests\Warewolf.Execution.Lightweight.Tests.csproj]
C:\Users\ultra\warewolf\Dev\Warewolf.Auditing\Warewolf.Auditing.csproj : warning NU1701: Package 'AeroWizard 2.3.1' was restored using '.NETFramework,Version=v4.6.1, .NETFramework,Version=v4.6.2, .NETFramework,Version=v4.7, .NETFramework,Version=v4.7.1, .NETFramework,Version=v4.7.2, .NETFramework,Version=v4.8, .NETFramework,Version=v4.8.1' instead of the project target framework 'net8.0'. This package may not be fully compatible with your project. [C:\Users\ultra\warewolf\Dev\Warewolf.Execution.Lightweight.Tests\Warewolf.Execution.Lightweight.Tests.csproj]
C:\Users\ultra\warewolf\Dev\Warewolf.Auditing\Warewolf.Auditing.csproj : warning NU1701: Package 'GroupControls 1.9.0' was restored using '.NETFramework,Version=v4.6.1, .NETFramework,Version=v4.6.2, .NETFramework,Version=v4.7, .NETFramework,Version=v4.7.1, .NETFramework,Version=v4.7.2, .NETFramework,Version=v4.8, .NETFramework,Version=v4.8.1' instead of the project target framework 'net8.0'. This package may not be fully compatible with your project. [C:\Users\ultra\warewolf\Dev\Warewolf.Execution.Lightweight.Tests\Warewolf.Execution.Lightweight.Tests.csproj]
C:\Users\ultra\warewolf\Dev\Warewolf.Auditing\Warewolf.Auditing.csproj : warning NU1701: Package 'ReactiveUI.WPF 18.4.1' was restored using '.NETFramework,Version=v4.6.1, .NETFramework,Version=v4.6.2, .NETFramework,Version=v4.7, .NETFramework,Version=v4.7.1, .NETFramework,Version=v4.7.2, .NETFramework,Version=v4.8, .NETFramework,Version=v4.8.1' instead of the project target framework 'net8.0'. This package may not be fully compatible with your project. [C:\Users\ultra\warewolf\Dev\Warewolf.Execution.Lightweight.Tests\Warewolf.Execution.Lightweight.Tests.csproj]
C:\Users\ultra\warewolf\Dev\Warewolf.Auditing\Warewolf.Auditing.csproj : warning NU1701: Package 'TaskSchedulerEditor 2.10.1' was restored using '.NETFramework,Version=v4.6.1, .NETFramework,Version=v4.6.2, .NETFramework,Version=v4.7, .NETFramework,Version=v4.7.1, .NETFramework,Version=v4.7.2, .NETFramework,Version=v4.8, .NETFramework,Version=v4.8.1' instead of the project target framework 'net8.0'. This package may not be fully compatible with your project. [C:\Users\ultra\warewolf\Dev\Warewolf.Execution.Lightweight.Tests\Warewolf.Execution.Lightweight.Tests.csproj]
C:\Users\ultra\warewolf\Dev\Dev2.Scheduler\Dev2.Scheduler.csproj : warning NU1701: Package 'AeroWizard 2.3.1' was restored using '.NETFramework,Version=v4.6.1, .NETFramework,Version=v4.6.2, .NETFramework,Version=v4.7, .NETFramework,Version=v4.7.1, .NETFramework,Version=v4.7.2, .NETFramework,Version=v4.8, .NETFramework,Version=v4.8.1' instead of the project target framework 'net8.0'. This package may not be fully compatible with your project. [C:\Users\ultra\warewolf\Dev\Warewolf.Execution.Lightweight.Tests\Warewolf.Execution.Lightweight.Tests.csproj]
C:\Users\ultra\warewolf\Dev\Dev2.Scheduler\Dev2.Scheduler.csproj : warning NU1701: Package 'GroupControls 1.9.0' was restored using '.NETFramework,Version=v4.6.1, .NETFramework,Version=v4.6.2, .NETFramework,Version=v4.7, .NETFramework,Version=v4.7.1, .NETFramework,Version=v4.7.2, .NETFramework,Version=v4.8, .NETFramework,Version=v4.8.1' instead of the project target framework 'net8.0'. This package may not be fully compatible with your project. [C:\Users\ultra\warewolf\Dev\Warewolf.Execution.Lightweight.Tests\Warewolf.Execution.Lightweight.Tests.csproj]
C:\Users\ultra\warewolf\Dev\Dev2.Scheduler\Dev2.Scheduler.csproj : warning NU1701: Package 'ReactiveUI.WPF 18.4.1' was restored using '.NETFramework,Version=v4.6.1, .NETFramework,Version=v4.6.2, .NETFramework,Version=v4.7, .NETFramework,Version=v4.7.1, .NETFramework,Version=v4.7.2, .NETFramework,Version=v4.8, .NETFramework,Version=v4.8.1' instead of the project target framework 'net8.0'. This package may not be fully compatible with your project. [C:\Users\ultra\warewolf\Dev\Warewolf.Execution.Lightweight.Tests\Warewolf.Execution.Lightweight.Tests.csproj]
C:\Users\ultra\warewolf\Dev\Dev2.Scheduler\Dev2.Scheduler.csproj : warning NU1701: Package 'TaskSchedulerEditor 2.10.1' was restored using '.NETFramework,Version=v4.6.1, .NETFramework,Version=v4.6.2, .NETFramework,Version=v4.7, .NETFramework,Version=v4.7.1, .NETFramework,Version=v4.7.2, .NETFramework,Version=v4.8, .NETFramework,Version=v4.8.1' instead of the project target framework 'net8.0'. This package may not be fully compatible with your project. [C:\Users\ultra\warewolf\Dev\Warewolf.Execution.Lightweight.Tests\Warewolf.Execution.Lightweight.Tests.csproj]
C:\Users\ultra\warewolf\Dev\Warewolf.Exchange.Email.Wrapper\Warewolf.Exchange.Email.Wrapper.csproj : warning NU1701: Package 'AeroWizard 2.3.1' was restored using '.NETFramework,Version=v4.6.1, .NETFramework,Version=v4.6.2, .NETFramework,Version=v4.7, .NETFramework,Version=v4.7.1, .NETFramework,Version=v4.7.2, .NETFramework,Version=v4.8, .NETFramework,Version=v4.8.1' instead of the project target framework 'net8.0'. This package may not be fully compatible with your project. [C:\Users\ultra\warewolf\Dev\Warewolf.Execution.Lightweight.Tests\Warewolf.Execution.Lightweight.Tests.csproj]
C:\Users\ultra\warewolf\Dev\Warewolf.Exchange.Email.Wrapper\Warewolf.Exchange.Email.Wrapper.csproj : warning NU1701: Package 'GroupControls 1.9.0' was restored using '.NETFramework,Version=v4.6.1, .NETFramework,Version=v4.6.2, .NETFramework,Version=v4.7, .NETFramework,Version=v4.7.1, .NETFramework,Version=v4.7.2, .NETFramework,Version=v4.8, .NETFramework,Version=v4.8.1' instead of the project target framework 'net8.0'. This package may not be fully compatible with your project. [C:\Users\ultra\warewolf\Dev\Warewolf.Execution.Lightweight.Tests\Warewolf.Execution.Lightweight.Tests.csproj]
C:\Users\ultra\warewolf\Dev\Warewolf.Exchange.Email.Wrapper\Warewolf.Exchange.Email.Wrapper.csproj : warning NU1701: Package 'ReactiveUI.WPF 18.4.1' was restored using '.NETFramework,Version=v4.6.1, .NETFramework,Version=v4.6.2, .NETFramework,Version=v4.7, .NETFramework,Version=v4.7.1, .NETFramework,Version=v4.7.2, .NETFramework,Version=v4.8, .NETFramework,Version=v4.8.1' instead of the project target framework 'net8.0'. This package may not be fully compatible with your project. [C:\Users\ultra\warewolf\Dev\Warewolf.Execution.Lightweight.Tests\Warewolf.Execution.Lightweight.Tests.csproj]
C:\Users\ultra\warewolf\Dev\Warewolf.Exchange.Email.Wrapper\Warewolf.Exchange.Email.Wrapper.csproj : warning NU1701: Package 'TaskSchedulerEditor 2.10.1' was restored using '.NETFramework,Version=v4.6.1, .NETFramework,Version=v4.6.2, .NETFramework,Version=v4.7, .NETFramework,Version=v4.7.1, .NETFramework,Version=v4.7.2, .NETFramework,Version=v4.8, .NETFramework,Version=v4.8.1' instead of the project target framework 'net8.0'. This package may not be fully compatible with your project. [C:\Users\ultra\warewolf\Dev\Warewolf.Execution.Lightweight.Tests\Warewolf.Execution.Lightweight.Tests.csproj]
C:\Users\ultra\warewolf\Dev\Dev2.Services.Execution\Dev2.Services.Execution.csproj : warning NU1701: Package 'AeroWizard 2.3.1' was restored using '.NETFramework,Version=v4.6.1, .NETFramework,Version=v4.6.2, .NETFramework,Version=v4.7, .NETFramework,Version=v4.7.1, .NETFramework,Version=v4.7.2, .NETFramework,Version=v4.8, .NETFramework,Version=v4.8.1' instead of the project target framework 'net8.0'. This package may not be fully compatible with your project. [C:\Users\ultra\warewolf\Dev\Warewolf.Execution.Lightweight.Tests\Warewolf.Execution.Lightweight.Tests.csproj]
C:\Users\ultra\warewolf\Dev\Dev2.Services.Execution\Dev2.Services.Execution.csproj : warning NU1701: Package 'GroupControls 1.9.0' was restored using '.NETFramework,Version=v4.6.1, .NETFramework,Version=v4.6.2, .NETFramework,Version=v4.7, .NETFramework,Version=v4.7.1, .NETFramework,Version=v4.7.2, .NETFramework,Version=v4.8, .NETFramework,Version=v4.8.1' instead of the project target framework 'net8.0'. This package may not be fully compatible with your project. [C:\Users\ultra\warewolf\Dev\Warewolf.Execution.Lightweight.Tests\Warewolf.Execution.Lightweight.Tests.csproj]
C:\Users\ultra\warewolf\Dev\Dev2.Services.Execution\Dev2.Services.Execution.csproj : warning NU1701: Package 'ReactiveUI.WPF 18.4.1' was restored using '.NETFramework,Version=v4.6.1, .NETFramework,Version=v4.6.2, .NETFramework,Version=v4.7, .NETFramework,Version=v4.7.1, .NETFramework,Version=v4.7.2, .NETFramework,Version=v4.8, .NETFramework,Version=v4.8.1' instead of the project target framework 'net8.0'. This package may not be fully compatible with your project. [C:\Users\ultra\warewolf\Dev\Warewolf.Execution.Lightweight.Tests\Warewolf.Execution.Lightweight.Tests.csproj]
C:\Users\ultra\warewolf\Dev\Dev2.Services.Execution\Dev2.Services.Execution.csproj : warning NU1701: Package 'TaskSchedulerEditor 2.10.1' was restored using '.NETFramework,Version=v4.6.1, .NETFramework,Version=v4.6.2, .NETFramework,Version=v4.7, .NETFramework,Version=v4.7.1, .NETFramework,Version=v4.7.2, .NETFramework,Version=v4.8, .NETFramework,Version=v4.8.1' instead of the project target framework 'net8.0'. This package may not be fully compatible with your project. [C:\Users\ultra\warewolf\Dev\Warewolf.Execution.Lightweight.Tests\Warewolf.Execution.Lightweight.Tests.csproj]
C:\Users\ultra\warewolf\Dev\Dev2.Runtime.Services\Dev2.Runtime.Services.csproj : warning NU1902: Package 'MessagePack' 2.4.59 has a known moderate severity vulnerability, https://github.com/advisories/GHSA-4qm4-8hg2-g2xm [C:\Users\ultra\warewolf\Dev\Warewolf.Execution.Lightweight.Tests\Warewolf.Execution.Lightweight.Tests.csproj]
C:\Users\ultra\warewolf\Dev\Dev2.Runtime.Services\Dev2.Runtime.Services.csproj : warning NU1903: Package 'Microsoft.Windows.Compatibility' 6.0.0 has a known high severity vulnerability, https://github.com/advisories/GHSA-555c-2p6r-68mm [C:\Users\ultra\warewolf\Dev\Warewolf.Execution.Lightweight.Tests\Warewolf.Execution.Lightweight.Tests.csproj]
C:\Users\ultra\warewolf\Dev\Dev2.Runtime.Services\Dev2.Runtime.Services.csproj : warning NU1701: Package 'AeroWizard 2.3.1' was restored using '.NETFramework,Version=v4.6.1, .NETFramework,Version=v4.6.2, .NETFramework,Version=v4.7, .NETFramework,Version=v4.7.1, .NETFramework,Version=v4.7.2, .NETFramework,Version=v4.8, .NETFramework,Version=v4.8.1' instead of the project target framework 'net8.0'. This package may not be fully compatible with your project. [C:\Users\ultra\warewolf\Dev\Warewolf.Execution.Lightweight.Tests\Warewolf.Execution.Lightweight.Tests.csproj]
C:\Users\ultra\warewolf\Dev\Dev2.Runtime.Services\Dev2.Runtime.Services.csproj : warning NU1701: Package 'GroupControls 1.9.0' was restored using '.NETFramework,Version=v4.6.1, .NETFramework,Version=v4.6.2, .NETFramework,Version=v4.7, .NETFramework,Version=v4.7.1, .NETFramework,Version=v4.7.2, .NETFramework,Version=v4.8, .NETFramework,Version=v4.8.1' instead of the project target framework 'net8.0'. This package may not be fully compatible with your project. [C:\Users\ultra\warewolf\Dev\Warewolf.Execution.Lightweight.Tests\Warewolf.Execution.Lightweight.Tests.csproj]
C:\Users\ultra\warewolf\Dev\Dev2.Runtime.Services\Dev2.Runtime.Services.csproj : warning NU1701: Package 'ReactiveUI.WPF 18.4.1' was restored using '.NETFramework,Version=v4.6.1, .NETFramework,Version=v4.6.2, .NETFramework,Version=v4.7, .NETFramework,Version=v4.7.1, .NETFramework,Version=v4.7.2, .NETFramework,Version=v4.8, .NETFramework,Version=v4.8.1' instead of the project target framework 'net8.0'. This package may not be fully compatible with your project. [C:\Users\ultra\warewolf\Dev\Warewolf.Execution.Lightweight.Tests\Warewolf.Execution.Lightweight.Tests.csproj]
C:\Users\ultra\warewolf\Dev\Dev2.Runtime.Services\Dev2.Runtime.Services.csproj : warning NU1701: Package 'TaskSchedulerEditor 2.10.1' was restored using '.NETFramework,Version=v4.6.1, .NETFramework,Version=v4.6.2, .NETFramework,Version=v4.7, .NETFramework,Version=v4.7.1, .NETFramework,Version=v4.7.2, .NETFramework,Version=v4.8, .NETFramework,Version=v4.8.1' instead of the project target framework 'net8.0'. This package may not be fully compatible with your project. [C:\Users\ultra\warewolf\Dev\Warewolf.Execution.Lightweight.Tests\Warewolf.Execution.Lightweight.Tests.csproj]
C:\Users\ultra\warewolf\Dev\Dev2.Activities\Dev2.Activities.csproj : warning NU1903: Package 'Microsoft.Windows.Compatibility' 6.0.0 has a known high severity vulnerability, https://github.com/advisories/GHSA-555c-2p6r-68mm [C:\Users\ultra\warewolf\Dev\Warewolf.Execution.Lightweight.Tests\Warewolf.Execution.Lightweight.Tests.csproj]
C:\Users\ultra\warewolf\Dev\Warewolf.Driver.Persistence\Warewolf.Driver.Persistence.csproj : warning NU1701: Package 'AeroWizard 2.3.1' was restored using '.NETFramework,Version=v4.6.1, .NETFramework,Version=v4.6.2, .NETFramework,Version=v4.7, .NETFramework,Version=v4.7.1, .NETFramework,Version=v4.7.2, .NETFramework,Version=v4.8, .NETFramework,Version=v4.8.1' instead of the project target framework 'net8.0'. This package may not be fully compatible with your project. [C:\Users\ultra\warewolf\Dev\Warewolf.Execution.Lightweight.Tests\Warewolf.Execution.Lightweight.Tests.csproj]
C:\Users\ultra\warewolf\Dev\Warewolf.Driver.Persistence\Warewolf.Driver.Persistence.csproj : warning NU1701: Package 'GroupControls 1.9.0' was restored using '.NETFramework,Version=v4.6.1, .NETFramework,Version=v4.6.2, .NETFramework,Version=v4.7, .NETFramework,Version=v4.7.1, .NETFramework,Version=v4.7.2, .NETFramework,Version=v4.8, .NETFramework,Version=v4.8.1' instead of the project target framework 'net8.0'. This package may not be fully compatible with your project. [C:\Users\ultra\warewolf\Dev\Warewolf.Execution.Lightweight.Tests\Warewolf.Execution.Lightweight.Tests.csproj]
C:\Users\ultra\warewolf\Dev\Dev2.Activities\Dev2.Activities.csproj : warning NU1701: Package 'AeroWizard 2.3.1' was restored using '.NETFramework,Version=v4.6.1, .NETFramework,Version=v4.6.2, .NETFramework,Version=v4.7, .NETFramework,Version=v4.7.1, .NETFramework,Version=v4.7.2, .NETFramework,Version=v4.8, .NETFramework,Version=v4.8.1' instead of the project target framework 'net8.0'. This package may not be fully compatible with your project. [C:\Users\ultra\warewolf\Dev\Warewolf.Execution.Lightweight.Tests\Warewolf.Execution.Lightweight.Tests.csproj]
C:\Users\ultra\warewolf\Dev\Warewolf.Driver.Persistence\Warewolf.Driver.Persistence.csproj : warning NU1701: Package 'ReactiveUI.WPF 18.4.1' was restored using '.NETFramework,Version=v4.6.1, .NETFramework,Version=v4.6.2, .NETFramework,Version=v4.7, .NETFramework,Version=v4.7.1, .NETFramework,Version=v4.7.2, .NETFramework,Version=v4.8, .NETFramework,Version=v4.8.1' instead of the project target framework 'net8.0'. This package may not be fully compatible with your project. [C:\Users\ultra\warewolf\Dev\Warewolf.Execution.Lightweight.Tests\Warewolf.Execution.Lightweight.Tests.csproj]
C:\Users\ultra\warewolf\Dev\Warewolf.Driver.Persistence\Warewolf.Driver.Persistence.csproj : warning NU1701: Package 'TaskSchedulerEditor 2.10.1' was restored using '.NETFramework,Version=v4.6.1, .NETFramework,Version=v4.6.2, .NETFramework,Version=v4.7, .NETFramework,Version=v4.7.1, .NETFramework,Version=v4.7.2, .NETFramework,Version=v4.8, .NETFramework,Version=v4.8.1' instead of the project target framework 'net8.0'. This package may not be fully compatible with your project. [C:\Users\ultra\warewolf\Dev\Warewolf.Execution.Lightweight.Tests\Warewolf.Execution.Lightweight.Tests.csproj]
C:\Users\ultra\warewolf\Dev\Dev2.Activities\Dev2.Activities.csproj : warning NU1701: Package 'GroupControls 1.9.0' was restored using '.NETFramework,Version=v4.6.1, .NETFramework,Version=v4.6.2, .NETFramework,Version=v4.7, .NETFramework,Version=v4.7.1, .NETFramework,Version=v4.7.2, .NETFramework,Version=v4.8, .NETFramework,Version=v4.8.1' instead of the project target framework 'net8.0'. This package may not be fully compatible with your project. [C:\Users\ultra\warewolf\Dev\Warewolf.Execution.Lightweight.Tests\Warewolf.Execution.Lightweight.Tests.csproj]
C:\Users\ultra\warewolf\Dev\Dev2.Activities\Dev2.Activities.csproj : warning NU1701: Package 'ReactiveUI.WPF 18.4.1' was restored using '.NETFramework,Version=v4.6.1, .NETFramework,Version=v4.6.2, .NETFramework,Version=v4.7, .NETFramework,Version=v4.7.1, .NETFramework,Version=v4.7.2, .NETFramework,Version=v4.8, .NETFramework,Version=v4.8.1' instead of the project target framework 'net8.0'. This package may not be fully compatible with your project. [C:\Users\ultra\warewolf\Dev\Warewolf.Execution.Lightweight.Tests\Warewolf.Execution.Lightweight.Tests.csproj]
C:\Users\ultra\warewolf\Dev\Dev2.Activities\Dev2.Activities.csproj : warning NU1701: Package 'TaskSchedulerEditor 2.10.1' was restored using '.NETFramework,Version=v4.6.1, .NETFramework,Version=v4.6.2, .NETFramework,Version=v4.7, .NETFramework,Version=v4.7.1, .NETFramework,Version=v4.7.2, .NETFramework,Version=v4.8, .NETFramework,Version=v4.8.1' instead of the project target framework 'net8.0'. This package may not be fully compatible with your project. [C:\Users\ultra\warewolf\Dev\Warewolf.Execution.Lightweight.Tests\Warewolf.Execution.Lightweight.Tests.csproj]
C:\Users\ultra\warewolf\Dev\Warewolf.Execution.Lightweight\Warewolf.Execution.Lightweight.csproj : warning NU1701: Package 'AeroWizard 2.3.1' was restored using '.NETFramework,Version=v4.6.1, .NETFramework,Version=v4.6.2, .NETFramework,Version=v4.7, .NETFramework,Version=v4.7.1, .NETFramework,Version=v4.7.2, .NETFramework,Version=v4.8, .NETFramework,Version=v4.8.1' instead of the project target framework 'net8.0'. This package may not be fully compatible with your project. [C:\Users\ultra\warewolf\Dev\Warewolf.Execution.Lightweight.Tests\Warewolf.Execution.Lightweight.Tests.csproj]
C:\Users\ultra\warewolf\Dev\Warewolf.Execution.Lightweight.Tests\Warewolf.Execution.Lightweight.Tests.csproj : warning NU1701: Package 'AeroWizard 2.3.1' was restored using '.NETFramework,Version=v4.6.1, .NETFramework,Version=v4.6.2, .NETFramework,Version=v4.7, .NETFramework,Version=v4.7.1, .NETFramework,Version=v4.7.2, .NETFramework,Version=v4.8, .NETFramework,Version=v4.8.1' instead of the project target framework 'net8.0'. This package may not be fully compatible with your project.
C:\Users\ultra\warewolf\Dev\Warewolf.Execution.Lightweight\Warewolf.Execution.Lightweight.csproj : warning NU1701: Package 'GroupControls 1.9.0' was restored using '.NETFramework,Version=v4.6.1, .NETFramework,Version=v4.6.2, .NETFramework,Version=v4.7, .NETFramework,Version=v4.7.1, .NETFramework,Version=v4.7.2, .NETFramework,Version=v4.8, .NETFramework,Version=v4.8.1' instead of the project target framework 'net8.0'. This package may not be fully compatible with your project. [C:\Users\ultra\warewolf\Dev\Warewolf.Execution.Lightweight.Tests\Warewolf.Execution.Lightweight.Tests.csproj]
C:\Users\ultra\warewolf\Dev\Warewolf.Execution.Lightweight.Tests\Warewolf.Execution.Lightweight.Tests.csproj : warning NU1701: Package 'GroupControls 1.9.0' was restored using '.NETFramework,Version=v4.6.1, .NETFramework,Version=v4.6.2, .NETFramework,Version=v4.7, .NETFramework,Version=v4.7.1, .NETFramework,Version=v4.7.2, .NETFramework,Version=v4.8, .NETFramework,Version=v4.8.1' instead of the project target framework 'net8.0'. This package may not be fully compatible with your project.
C:\Users\ultra\warewolf\Dev\Warewolf.Execution.Lightweight\Warewolf.Execution.Lightweight.csproj : warning NU1701: Package 'ReactiveUI.WPF 18.4.1' was restored using '.NETFramework,Version=v4.6.1, .NETFramework,Version=v4.6.2, .NETFramework,Version=v4.7, .NETFramework,Version=v4.7.1, .NETFramework,Version=v4.7.2, .NETFramework,Version=v4.8, .NETFramework,Version=v4.8.1' instead of the project target framework 'net8.0'. This package may not be fully compatible with your project. [C:\Users\ultra\warewolf\Dev\Warewolf.Execution.Lightweight.Tests\Warewolf.Execution.Lightweight.Tests.csproj]
C:\Users\ultra\warewolf\Dev\Warewolf.Execution.Lightweight.Tests\Warewolf.Execution.Lightweight.Tests.csproj : warning NU1701: Package 'ReactiveUI.WPF 18.4.1' was restored using '.NETFramework,Version=v4.6.1, .NETFramework,Version=v4.6.2, .NETFramework,Version=v4.7, .NETFramework,Version=v4.7.1, .NETFramework,Version=v4.7.2, .NETFramework,Version=v4.8, .NETFramework,Version=v4.8.1' instead of the project target framework 'net8.0'. This package may not be fully compatible with your project.
C:\Users\ultra\warewolf\Dev\Warewolf.Execution.Lightweight.Tests\Warewolf.Execution.Lightweight.Tests.csproj : warning NU1701: Package 'TaskSchedulerEditor 2.10.1' was restored using '.NETFramework,Version=v4.6.1, .NETFramework,Version=v4.6.2, .NETFramework,Version=v4.7, .NETFramework,Version=v4.7.1, .NETFramework,Version=v4.7.2, .NETFramework,Version=v4.8, .NETFramework,Version=v4.8.1' instead of the project target framework 'net8.0'. This package may not be fully compatible with your project.
C:\Users\ultra\warewolf\Dev\Warewolf.Execution.Lightweight\Warewolf.Execution.Lightweight.csproj : warning NU1701: Package 'TaskSchedulerEditor 2.10.1' was restored using '.NETFramework,Version=v4.6.1, .NETFramework,Version=v4.6.2, .NETFramework,Version=v4.7, .NETFramework,Version=v4.7.1, .NETFramework,Version=v4.7.2, .NETFramework,Version=v4.8, .NETFramework,Version=v4.8.1' instead of the project target framework 'net8.0'. This package may not be fully compatible with your project. [C:\Users\ultra\warewolf\Dev\Warewolf.Execution.Lightweight.Tests\Warewolf.Execution.Lightweight.Tests.csproj]
  Restored C:\Users\ultra\warewolf\Dev\Warewolf.Execution.Lightweight\Warewolf.Execution.Lightweight.csproj (in 653 ms).
  Restored C:\Users\ultra\warewolf\Dev\Warewolf.Execution.Lightweight.Tests\Warewolf.Execution.Lightweight.Tests.csproj (in 653 ms).
  46 of 48 projects are up-to-date for restore.
C:\Users\ultra\warewolf\Dev\Warewolf.Execution.Lightweight.Tests\Warewolf.Execution.Lightweight.Tests.csproj : warning NU1701: Package 'AeroWizard 2.3.1' was restored using '.NETFramework,Version=v4.6.1, .NETFramework,Version=v4.6.2, .NETFramework,Version=v4.7, .NETFramework,Version=v4.7.1, .NETFramework,Version=v4.7.2, .NETFramework,Version=v4.8, .NETFramework,Version=v4.8.1' instead of the project target framework 'net8.0'. This package may not be fully compatible with your project.
C:\Users\ultra\warewolf\Dev\Warewolf.Execution.Lightweight.Tests\Warewolf.Execution.Lightweight.Tests.csproj : warning NU1701: Package 'GroupControls 1.9.0' was restored using '.NETFramework,Version=v4.6.1, .NETFramework,Version=v4.6.2, .NETFramework,Version=v4.7, .NETFramework,Version=v4.7.1, .NETFramework,Version=v4.7.2, .NETFramework,Version=v4.8, .NETFramework,Version=v4.8.1' instead of the project target framework 'net8.0'. This package may not be fully compatible with your project.
C:\Users\ultra\warewolf\Dev\Warewolf.Execution.Lightweight.Tests\Warewolf.Execution.Lightweight.Tests.csproj : warning NU1701: Package 'ReactiveUI.WPF 18.4.1' was restored using '.NETFramework,Version=v4.6.1, .NETFramework,Version=v4.6.2, .NETFramework,Version=v4.7, .NETFramework,Version=v4.7.1, .NETFramework,Version=v4.7.2, .NETFramework,Version=v4.8, .NETFramework,Version=v4.8.1' instead of the project target framework 'net8.0'. This package may not be fully compatible with your project.
C:\Users\ultra\warewolf\Dev\Warewolf.Execution.Lightweight.Tests\Warewolf.Execution.Lightweight.Tests.csproj : warning NU1701: Package 'TaskSchedulerEditor 2.10.1' was restored using '.NETFramework,Version=v4.6.1, .NETFramework,Version=v4.6.2, .NETFramework,Version=v4.7, .NETFramework,Version=v4.7.1, .NETFramework,Version=v4.7.2, .NETFramework,Version=v4.8, .NETFramework,Version=v4.8.1' instead of the project target framework 'net8.0'. This package may not be fully compatible with your project.
C:\Program Files\dotnet\sdk\10.0.201\Sdks\Microsoft.NET.Sdk\targets\Microsoft.NET.Sdk.DefaultItems.targets(162,5): warning NETSDK1137: It is no longer necessary to use the Microsoft.NET.Sdk.WindowsDesktop SDK. Consider changing the Sdk attribute of the root Project element to 'Microsoft.NET.Sdk'. [C:\Users\ultra\warewolf\Dev\Dev2.CustomControls\Dev2.CustomControls.csproj]
C:\Program Files\dotnet\sdk\10.0.201\Sdks\Microsoft.NET.Sdk.WindowsDesktop\targets\Microsoft.NET.Sdk.WindowsDesktop.targets(138,5): warning NETSDK1106: Microsoft.NET.Sdk.WindowsDesktop requires 'UseWpf' or 'UseWindowsForms' to be set to 'true' [C:\Users\ultra\warewolf\Dev\Dev2.CustomControls\Dev2.CustomControls.csproj]
C:\Users\ultra\warewolf\Dev\Dev2.Diagnostics\Dev2.Diagnostics.csproj : warning NU1701: Package 'AeroWizard 2.3.1' was restored using '.NETFramework,Version=v4.6.1, .NETFramework,Version=v4.6.2, .NETFramework,Version=v4.7, .NETFramework,Version=v4.7.1, .NETFramework,Version=v4.7.2, .NETFramework,Version=v4.8, .NETFramework,Version=v4.8.1' instead of the project target framework 'net8.0'. This package may not be fully compatible with your project.
C:\Users\ultra\warewolf\Dev\Dev2.Diagnostics\Dev2.Diagnostics.csproj : warning NU1701: Package 'GroupControls 1.9.0' was restored using '.NETFramework,Version=v4.6.1, .NETFramework,Version=v4.6.2, .NETFramework,Version=v4.7, .NETFramework,Version=v4.7.1, .NETFramework,Version=v4.7.2, .NETFramework,Version=v4.8, .NETFramework,Version=v4.8.1' instead of the project target framework 'net8.0'. This package may not be fully compatible with your project.
C:\Users\ultra\warewolf\Dev\Dev2.Development.Languages\Dev2.Development.Languages.csproj : warning NU1701: Package 'AeroWizard 2.3.1' was restored using '.NETFramework,Version=v4.6.1, .NETFramework,Version=v4.6.2, .NETFramework,Version=v4.7, .NETFramework,Version=v4.7.1, .NETFramework,Version=v4.7.2, .NETFramework,Version=v4.8, .NETFramework,Version=v4.8.1' instead of the project target framework 'net8.0'. This package may not be fully compatible with your project.
C:\Users\ultra\warewolf\Dev\Dev2.Diagnostics\Dev2.Diagnostics.csproj : warning NU1701: Package 'TaskSchedulerEditor 2.10.1' was restored using '.NETFramework,Version=v4.6.1, .NETFramework,Version=v4.6.2, .NETFramework,Version=v4.7, .NETFramework,Version=v4.7.1, .NETFramework,Version=v4.7.2, .NETFramework,Version=v4.8, .NETFramework,Version=v4.8.1' instead of the project target framework 'net8.0'. This package may not be fully compatible with your project.
C:\Users\ultra\warewolf\Dev\Dev2.Development.Languages\Dev2.Development.Languages.csproj : warning NU1701: Package 'GroupControls 1.9.0' was restored using '.NETFramework,Version=v4.6.1, .NETFramework,Version=v4.6.2, .NETFramework,Version=v4.7, .NETFramework,Version=v4.7.1, .NETFramework,Version=v4.7.2, .NETFramework,Version=v4.8, .NETFramework,Version=v4.8.1' instead of the project target framework 'net8.0'. This package may not be fully compatible with your project.
C:\Users\ultra\warewolf\Dev\Dev2.Development.Languages\Dev2.Development.Languages.csproj : warning NU1701: Package 'TaskSchedulerEditor 2.10.1' was restored using '.NETFramework,Version=v4.6.1, .NETFramework,Version=v4.6.2, .NETFramework,Version=v4.7, .NETFramework,Version=v4.7.1, .NETFramework,Version=v4.7.2, .NETFramework,Version=v4.8, .NETFramework,Version=v4.8.1' instead of the project target framework 'net8.0'. This package may not be fully compatible with your project.
C:\Users\ultra\warewolf\Dev\Dev2.Common\Dev2.Common.csproj : warning NU1903: Package 'Microsoft.Windows.Compatibility' 6.0.0 has a known high severity vulnerability, https://github.com/advisories/GHSA-555c-2p6r-68mm
C:\Users\ultra\warewolf\Dev\Dev2.Common\Dev2.Common.csproj : warning NU1701: Package 'AeroWizard 2.3.1' was restored using '.NETFramework,Version=v4.6.1, .NETFramework,Version=v4.6.2, .NETFramework,Version=v4.7, .NETFramework,Version=v4.7.1, .NETFramework,Version=v4.7.2, .NETFramework,Version=v4.8, .NETFramework,Version=v4.8.1' instead of the project target framework 'net8.0'. This package may not be fully compatible with your project.
C:\Users\ultra\warewolf\Dev\Dev2.Common\Dev2.Common.csproj : warning NU1701: Package 'GroupControls 1.9.0' was restored using '.NETFramework,Version=v4.6.1, .NETFramework,Version=v4.6.2, .NETFramework,Version=v4.7, .NETFramework,Version=v4.7.1, .NETFramework,Version=v4.7.2, .NETFramework,Version=v4.8, .NETFramework,Version=v4.8.1' instead of the project target framework 'net8.0'. This package may not be fully compatible with your project.
C:\Users\ultra\warewolf\Dev\Dev2.Common\Dev2.Common.csproj : warning NU1701: Package 'TaskSchedulerEditor 2.10.1' was restored using '.NETFramework,Version=v4.6.1, .NETFramework,Version=v4.6.2, .NETFramework,Version=v4.7, .NETFramework,Version=v4.7.1, .NETFramework,Version=v4.7.2, .NETFramework,Version=v4.8, .NETFramework,Version=v4.8.1' instead of the project target framework 'net8.0'. This package may not be fully compatible with your project.
C:\Users\ultra\warewolf\Dev\Dev2.Infrastructure\Dev2.Infrastructure.csproj : warning NU1903: Package 'Microsoft.Windows.Compatibility' 6.0.0 has a known high severity vulnerability, https://github.com/advisories/GHSA-555c-2p6r-68mm
C:\Users\ultra\warewolf\Dev\Dev2.Infrastructure\Dev2.Infrastructure.csproj : warning NU1701: Package 'AeroWizard 2.3.1' was restored using '.NETFramework,Version=v4.6.1, .NETFramework,Version=v4.6.2, .NETFramework,Version=v4.7, .NETFramework,Version=v4.7.1, .NETFramework,Version=v4.7.2, .NETFramework,Version=v4.8, .NETFramework,Version=v4.8.1' instead of the project target framework 'net8.0'. This package may not be fully compatible with your project.
C:\Users\ultra\warewolf\Dev\Dev2.Infrastructure\Dev2.Infrastructure.csproj : warning NU1701: Package 'GroupControls 1.9.0' was restored using '.NETFramework,Version=v4.6.1, .NETFramework,Version=v4.6.2, .NETFramework,Version=v4.7, .NETFramework,Version=v4.7.1, .NETFramework,Version=v4.7.2, .NETFramework,Version=v4.8, .NETFramework,Version=v4.8.1' instead of the project target framework 'net8.0'. This package may not be fully compatible with your project.
C:\Users\ultra\warewolf\Dev\Dev2.Infrastructure\Dev2.Infrastructure.csproj : warning NU1701: Package 'ReactiveUI.WPF 18.4.1' was restored using '.NETFramework,Version=v4.6.1, .NETFramework,Version=v4.6.2, .NETFramework,Version=v4.7, .NETFramework,Version=v4.7.1, .NETFramework,Version=v4.7.2, .NETFramework,Version=v4.8, .NETFramework,Version=v4.8.1' instead of the project target framework 'net8.0'. This package may not be fully compatible with your project.
C:\Users\ultra\warewolf\Dev\Dev2.Infrastructure\Dev2.Infrastructure.csproj : warning NU1701: Package 'TaskSchedulerEditor 2.10.1' was restored using '.NETFramework,Version=v4.6.1, .NETFramework,Version=v4.6.2, .NETFramework,Version=v4.7, .NETFramework,Version=v4.7.1, .NETFramework,Version=v4.7.2, .NETFramework,Version=v4.8, .NETFramework,Version=v4.8.1' instead of the project target framework 'net8.0'. This package may not be fully compatible with your project.
C:\Users\ultra\warewolf\Dev\Dev2.Data.Interfaces\Dev2.Data.Interfaces.csproj : warning NU1903: Package 'DotNetZip' 1.16.0 has a known high severity vulnerability, https://github.com/advisories/GHSA-xhg6-9j5j-w4vf
C:\Users\ultra\warewolf\Dev\Dev2.Data.Interfaces\Dev2.Data.Interfaces.csproj : warning NU1701: Package 'AeroWizard 2.3.1' was restored using '.NETFramework,Version=v4.6.1, .NETFramework,Version=v4.6.2, .NETFramework,Version=v4.7, .NETFramework,Version=v4.7.1, .NETFramework,Version=v4.7.2, .NETFramework,Version=v4.8, .NETFramework,Version=v4.8.1' instead of the project target framework 'net8.0'. This package may not be fully compatible with your project.
C:\Users\ultra\warewolf\Dev\Dev2.Activities\Dev2.Activities.csproj : warning NU1903: Package 'Microsoft.Windows.Compatibility' 6.0.0 has a known high severity vulnerability, https://github.com/advisories/GHSA-555c-2p6r-68mm
C:\Users\ultra\warewolf\Dev\Dev2.CustomControls\Dev2.CustomControls.csproj : warning NU1903: Package 'Microsoft.Windows.Compatibility' 6.0.0 has a known high severity vulnerability, https://github.com/advisories/GHSA-555c-2p6r-68mm
C:\Users\ultra\warewolf\Dev\Dev2.Data.Interfaces\Dev2.Data.Interfaces.csproj : warning NU1701: Package 'GroupControls 1.9.0' was restored using '.NETFramework,Version=v4.6.1, .NETFramework,Version=v4.6.2, .NETFramework,Version=v4.7, .NETFramework,Version=v4.7.1, .NETFramework,Version=v4.7.2, .NETFramework,Version=v4.8, .NETFramework,Version=v4.8.1' instead of the project target framework 'net8.0'. This package may not be fully compatible with your project.
C:\Users\ultra\warewolf\Dev\Dev2.Activities\Dev2.Activities.csproj : warning NU1701: Package 'AeroWizard 2.3.1' was restored using '.NETFramework,Version=v4.6.1, .NETFramework,Version=v4.6.2, .NETFramework,Version=v4.7, .NETFramework,Version=v4.7.1, .NETFramework,Version=v4.7.2, .NETFramework,Version=v4.8, .NETFramework,Version=v4.8.1' instead of the project target framework 'net8.0'. This package may not be fully compatible with your project.
C:\Users\ultra\warewolf\Dev\Dev2.CustomControls\Dev2.CustomControls.csproj : warning NU1701: Package 'AeroWizard 2.3.1' was restored using '.NETFramework,Version=v4.6.1, .NETFramework,Version=v4.6.2, .NETFramework,Version=v4.7, .NETFramework,Version=v4.7.1, .NETFramework,Version=v4.7.2, .NETFramework,Version=v4.8, .NETFramework,Version=v4.8.1' instead of the project target framework 'net8.0'. This package may not be fully compatible with your project.
C:\Users\ultra\warewolf\Dev\Dev2.Data.Interfaces\Dev2.Data.Interfaces.csproj : warning NU1701: Package 'TaskSchedulerEditor 2.10.1' was restored using '.NETFramework,Version=v4.6.1, .NETFramework,Version=v4.6.2, .NETFramework,Version=v4.7, .NETFramework,Version=v4.7.1, .NETFramework,Version=v4.7.2, .NETFramework,Version=v4.8, .NETFramework,Version=v4.8.1' instead of the project target framework 'net8.0'. This package may not be fully compatible with your project.
C:\Users\ultra\warewolf\Dev\Dev2.Activities\Dev2.Activities.csproj : warning NU1701: Package 'GroupControls 1.9.0' was restored using '.NETFramework,Version=v4.6.1, .NETFramework,Version=v4.6.2, .NETFramework,Version=v4.7, .NETFramework,Version=v4.7.1, .NETFramework,Version=v4.7.2, .NETFramework,Version=v4.8, .NETFramework,Version=v4.8.1' instead of the project target framework 'net8.0'. This package may not be fully compatible with your project.
C:\Users\ultra\warewolf\Dev\Dev2.CustomControls\Dev2.CustomControls.csproj : warning NU1701: Package 'GroupControls 1.9.0' was restored using '.NETFramework,Version=v4.6.1, .NETFramework,Version=v4.6.2, .NETFramework,Version=v4.7, .NETFramework,Version=v4.7.1, .NETFramework,Version=v4.7.2, .NETFramework,Version=v4.8, .NETFramework,Version=v4.8.1' instead of the project target framework 'net8.0'. This package may not be fully compatible with your project.
C:\Users\ultra\warewolf\Dev\Dev2.Activities\Dev2.Activities.csproj : warning NU1701: Package 'ReactiveUI.WPF 18.4.1' was restored using '.NETFramework,Version=v4.6.1, .NETFramework,Version=v4.6.2, .NETFramework,Version=v4.7, .NETFramework,Version=v4.7.1, .NETFramework,Version=v4.7.2, .NETFramework,Version=v4.8, .NETFramework,Version=v4.8.1' instead of the project target framework 'net8.0'. This package may not be fully compatible with your project.
C:\Users\ultra\warewolf\Dev\Dev2.CustomControls\Dev2.CustomControls.csproj : warning NU1701: Package 'TaskSchedulerEditor 2.10.1' was restored using '.NETFramework,Version=v4.6.1, .NETFramework,Version=v4.6.2, .NETFramework,Version=v4.7, .NETFramework,Version=v4.7.1, .NETFramework,Version=v4.7.2, .NETFramework,Version=v4.8, .NETFramework,Version=v4.8.1' instead of the project target framework 'net8.0'. This package may not be fully compatible with your project.
C:\Users\ultra\warewolf\Dev\Dev2.Activities\Dev2.Activities.csproj : warning NU1701: Package 'TaskSchedulerEditor 2.10.1' was restored using '.NETFramework,Version=v4.6.1, .NETFramework,Version=v4.6.2, .NETFramework,Version=v4.7, .NETFramework,Version=v4.7.1, .NETFramework,Version=v4.7.2, .NETFramework,Version=v4.8, .NETFramework,Version=v4.8.1' instead of the project target framework 'net8.0'. This package may not be fully compatible with your project.
C:\Users\ultra\warewolf\Dev\Dev2.Data\Dev2.Data.csproj : warning NU1701: Package 'AeroWizard 2.3.1' was restored using '.NETFramework,Version=v4.6.1, .NETFramework,Version=v4.6.2, .NETFramework,Version=v4.7, .NETFramework,Version=v4.7.1, .NETFramework,Version=v4.7.2, .NETFramework,Version=v4.8, .NETFramework,Version=v4.8.1' instead of the project target framework 'net8.0'. This package may not be fully compatible with your project.
C:\Users\ultra\warewolf\Dev\Dev2.Data\Dev2.Data.csproj : warning NU1701: Package 'GroupControls 1.9.0' was restored using '.NETFramework,Version=v4.6.1, .NETFramework,Version=v4.6.2, .NETFramework,Version=v4.7, .NETFramework,Version=v4.7.1, .NETFramework,Version=v4.7.2, .NETFramework,Version=v4.8, .NETFramework,Version=v4.8.1' instead of the project target framework 'net8.0'. This package may not be fully compatible with your project.
C:\Users\ultra\warewolf\Dev\Dev2.Data\Dev2.Data.csproj : warning NU1701: Package 'ReactiveUI.WPF 18.4.1' was restored using '.NETFramework,Version=v4.6.1, .NETFramework,Version=v4.6.2, .NETFramework,Version=v4.7, .NETFramework,Version=v4.7.1, .NETFramework,Version=v4.7.2, .NETFramework,Version=v4.8, .NETFramework,Version=v4.8.1' instead of the project target framework 'net8.0'. This package may not be fully compatible with your project.
C:\Users\ultra\warewolf\Dev\Dev2.Data\Dev2.Data.csproj : warning NU1701: Package 'TaskSchedulerEditor 2.10.1' was restored using '.NETFramework,Version=v4.6.1, .NETFramework,Version=v4.6.2, .NETFramework,Version=v4.7, .NETFramework,Version=v4.7.1, .NETFramework,Version=v4.7.2, .NETFramework,Version=v4.8, .NETFramework,Version=v4.8.1' instead of the project target framework 'net8.0'. This package may not be fully compatible with your project.
C:\Users\ultra\warewolf\Dev\Dev2.Core\Dev2.Core.csproj : warning NU1903: Package 'Microsoft.Windows.Compatibility' 6.0.0 has a known high severity vulnerability, https://github.com/advisories/GHSA-555c-2p6r-68mm
C:\Users\ultra\warewolf\Dev\Dev2.Core\Dev2.Core.csproj : warning NU1701: Package 'AeroWizard 2.3.1' was restored using '.NETFramework,Version=v4.6.1, .NETFramework,Version=v4.6.2, .NETFramework,Version=v4.7, .NETFramework,Version=v4.7.1, .NETFramework,Version=v4.7.2, .NETFramework,Version=v4.8, .NETFramework,Version=v4.8.1' instead of the project target framework 'net8.0'. This package may not be fully compatible with your project.
C:\Users\ultra\warewolf\Dev\Dev2.Core\Dev2.Core.csproj : warning NU1701: Package 'GroupControls 1.9.0' was restored using '.NETFramework,Version=v4.6.1, .NETFramework,Version=v4.6.2, .NETFramework,Version=v4.7, .NETFramework,Version=v4.7.1, .NETFramework,Version=v4.7.2, .NETFramework,Version=v4.8, .NETFramework,Version=v4.8.1' instead of the project target framework 'net8.0'. This package may not be fully compatible with your project.
C:\Users\ultra\warewolf\Dev\Dev2.Core\Dev2.Core.csproj : warning NU1701: Package 'ReactiveUI.WPF 18.4.1' was restored using '.NETFramework,Version=v4.6.1, .NETFramework,Version=v4.6.2, .NETFramework,Version=v4.7, .NETFramework,Version=v4.7.1, .NETFramework,Version=v4.7.2, .NETFramework,Version=v4.8, .NETFramework,Version=v4.8.1' instead of the project target framework 'net8.0'. This package may not be fully compatible with your project.
C:\Users\ultra\warewolf\Dev\Dev2.Core\Dev2.Core.csproj : warning NU1701: Package 'TaskSchedulerEditor 2.10.1' was restored using '.NETFramework,Version=v4.6.1, .NETFramework,Version=v4.6.2, .NETFramework,Version=v4.7, .NETFramework,Version=v4.7.1, .NETFramework,Version=v4.7.2, .NETFramework,Version=v4.8, .NETFramework,Version=v4.8.1' instead of the project target framework 'net8.0'. This package may not be fully compatible with your project.
C:\Users\ultra\warewolf\Dev\Warewolf.AI.Harness\Warewolf.AI.Harness.csproj : warning NU1701: Package 'AeroWizard 2.3.1' was restored using '.NETFramework,Version=v4.6.1, .NETFramework,Version=v4.6.2, .NETFramework,Version=v4.7, .NETFramework,Version=v4.7.1, .NETFramework,Version=v4.7.2, .NETFramework,Version=v4.8, .NETFramework,Version=v4.8.1' instead of the project target framework 'net8.0'. This package may not be fully compatible with your project.
C:\Users\ultra\warewolf\Dev\Warewolf.AI.Harness\Warewolf.AI.Harness.csproj : warning NU1701: Package 'GroupControls 1.9.0' was restored using '.NETFramework,Version=v4.6.1, .NETFramework,Version=v4.6.2, .NETFramework,Version=v4.7, .NETFramework,Version=v4.7.1, .NETFramework,Version=v4.7.2, .NETFramework,Version=v4.8, .NETFramework,Version=v4.8.1' instead of the project target framework 'net8.0'. This package may not be fully compatible with your project.
C:\Users\ultra\warewolf\Dev\Warewolf.AI.Harness\Warewolf.AI.Harness.csproj : warning NU1701: Package 'TaskSchedulerEditor 2.10.1' was restored using '.NETFramework,Version=v4.6.1, .NETFramework,Version=v4.6.2, .NETFramework,Version=v4.7, .NETFramework,Version=v4.7.1, .NETFramework,Version=v4.7.2, .NETFramework,Version=v4.8, .NETFramework,Version=v4.8.1' instead of the project target framework 'net8.0'. This package may not be fully compatible with your project.
C:\Users\ultra\warewolf\Dev\Warewolf.Storage.Interfaces\Warewolf.Storage.Interfaces.csproj : warning NU1701: Package 'AeroWizard 2.3.1' was restored using '.NETFramework,Version=v4.6.1, .NETFramework,Version=v4.6.2, .NETFramework,Version=v4.7, .NETFramework,Version=v4.7.1, .NETFramework,Version=v4.7.2, .NETFramework,Version=v4.8, .NETFramework,Version=v4.8.1' instead of the project target framework 'net8.0'. This package may not be fully compatible with your project.
C:\Users\ultra\warewolf\Dev\Warewolf.Storage.Interfaces\Warewolf.Storage.Interfaces.csproj : warning NU1701: Package 'GroupControls 1.9.0' was restored using '.NETFramework,Version=v4.6.1, .NETFramework,Version=v4.6.2, .NETFramework,Version=v4.7, .NETFramework,Version=v4.7.1, .NETFramework,Version=v4.7.2, .NETFramework,Version=v4.8, .NETFramework,Version=v4.8.1' instead of the project target framework 'net8.0'. This package may not be fully compatible with your project.
C:\Users\ultra\warewolf\Dev\Warewolf.Storage.Interfaces\Warewolf.Storage.Interfaces.csproj : warning NU1701: Package 'TaskSchedulerEditor 2.10.1' was restored using '.NETFramework,Version=v4.6.1, .NETFramework,Version=v4.6.2, .NETFramework,Version=v4.7, .NETFramework,Version=v4.7.1, .NETFramework,Version=v4.7.2, .NETFramework,Version=v4.8, .NETFramework,Version=v4.8.1' instead of the project target framework 'net8.0'. This package may not be fully compatible with your project.
C:\Users\ultra\warewolf\Dev\Dev2.Scheduler\Dev2.Scheduler.csproj : warning NU1701: Package 'AeroWizard 2.3.1' was restored using '.NETFramework,Version=v4.6.1, .NETFramework,Version=v4.6.2, .NETFramework,Version=v4.7, .NETFramework,Version=v4.7.1, .NETFramework,Version=v4.7.2, .NETFramework,Version=v4.8, .NETFramework,Version=v4.8.1' instead of the project target framework 'net8.0'. This package may not be fully compatible with your project.
C:\Users\ultra\warewolf\Dev\Dev2.Scheduler\Dev2.Scheduler.csproj : warning NU1701: Package 'GroupControls 1.9.0' was restored using '.NETFramework,Version=v4.6.1, .NETFramework,Version=v4.6.2, .NETFramework,Version=v4.7, .NETFramework,Version=v4.7.1, .NETFramework,Version=v4.7.2, .NETFramework,Version=v4.8, .NETFramework,Version=v4.8.1' instead of the project target framework 'net8.0'. This package may not be fully compatible with your project.
C:\Users\ultra\warewolf\Dev\Dev2.Scheduler\Dev2.Scheduler.csproj : warning NU1701: Package 'ReactiveUI.WPF 18.4.1' was restored using '.NETFramework,Version=v4.6.1, .NETFramework,Version=v4.6.2, .NETFramework,Version=v4.7, .NETFramework,Version=v4.7.1, .NETFramework,Version=v4.7.2, .NETFramework,Version=v4.8, .NETFramework,Version=v4.8.1' instead of the project target framework 'net8.0'. This package may not be fully compatible with your project.
C:\Users\ultra\warewolf\Dev\Dev2.Scheduler\Dev2.Scheduler.csproj : warning NU1701: Package 'TaskSchedulerEditor 2.10.1' was restored using '.NETFramework,Version=v4.6.1, .NETFramework,Version=v4.6.2, .NETFramework,Version=v4.7, .NETFramework,Version=v4.7.1, .NETFramework,Version=v4.7.2, .NETFramework,Version=v4.8, .NETFramework,Version=v4.8.1' instead of the project target framework 'net8.0'. This package may not be fully compatible with your project.
C:\Users\ultra\warewolf\Dev\Warewolf.Common\Warewolf.Common.csproj : warning NU1701: Package 'AeroWizard 2.3.1' was restored using '.NETFramework,Version=v4.6.1, .NETFramework,Version=v4.6.2, .NETFramework,Version=v4.7, .NETFramework,Version=v4.7.1, .NETFramework,Version=v4.7.2, .NETFramework,Version=v4.8, .NETFramework,Version=v4.8.1' instead of the project target framework 'net8.0'. This package may not be fully compatible with your project.
C:\Users\ultra\warewolf\Dev\Warewolf.Common\Warewolf.Common.csproj : warning NU1701: Package 'GroupControls 1.9.0' was restored using '.NETFramework,Version=v4.6.1, .NETFramework,Version=v4.6.2, .NETFramework,Version=v4.7, .NETFramework,Version=v4.7.1, .NETFramework,Version=v4.7.2, .NETFramework,Version=v4.8, .NETFramework,Version=v4.8.1' instead of the project target framework 'net8.0'. This package may not be fully compatible with your project.
C:\Program Files\dotnet\sdk\10.0.201\Sdks\Microsoft.NET.Sdk\targets\Microsoft.NET.RuntimeIdentifierInference.targets(284,5): error NETSDK1067: Self-contained applications are required to use the application host. Either set SelfContained to false or set UseAppHost to true. [C:\Users\ultra\warewolf\Dev\Warewolf.Execution.Lightweight\Warewolf.Execution.Lightweight.csproj]
C:\Users\ultra\warewolf\Dev\Warewolf.Common\Warewolf.Common.csproj : warning NU1701: Package 'TaskSchedulerEditor 2.10.1' was restored using '.NETFramework,Version=v4.6.1, .NETFramework,Version=v4.6.2, .NETFramework,Version=v4.7, .NETFramework,Version=v4.7.1, .NETFramework,Version=v4.7.2, .NETFramework,Version=v4.8, .NETFramework,Version=v4.8.1' instead of the project target framework 'net8.0'. This package may not be fully compatible with your project.
C:\Users\ultra\warewolf\Dev\Dev2.Runtime.Configuration\Dev2.Runtime.Configuration.csproj : warning NU1903: Package 'Microsoft.Windows.Compatibility' 6.0.0 has a known high severity vulnerability, https://github.com/advisories/GHSA-555c-2p6r-68mm
C:\Users\ultra\warewolf\Dev\Dev2.Runtime.Configuration\Dev2.Runtime.Configuration.csproj : warning NU1701: Package 'AeroWizard 2.3.1' was restored using '.NETFramework,Version=v4.6.1, .NETFramework,Version=v4.6.2, .NETFramework,Version=v4.7, .NETFramework,Version=v4.7.1, .NETFramework,Version=v4.7.2, .NETFramework,Version=v4.8, .NETFramework,Version=v4.8.1' instead of the project target framework 'net8.0'. This package may not be fully compatible with your project.
C:\Users\ultra\warewolf\Dev\Dev2.Runtime.Configuration\Dev2.Runtime.Configuration.csproj : warning NU1701: Package 'GroupControls 1.9.0' was restored using '.NETFramework,Version=v4.6.1, .NETFramework,Version=v4.6.2, .NETFramework,Version=v4.7, .NETFramework,Version=v4.7.1, .NETFramework,Version=v4.7.2, .NETFramework,Version=v4.8, .NETFramework,Version=v4.8.1' instead of the project target framework 'net8.0'. This package may not be fully compatible with your project.
C:\Users\ultra\warewolf\Dev\Dev2.Runtime.Configuration\Dev2.Runtime.Configuration.csproj : warning NU1701: Package 'TaskSchedulerEditor 2.10.1' was restored using '.NETFramework,Version=v4.6.1, .NETFramework,Version=v4.6.2, .NETFramework,Version=v4.7, .NETFramework,Version=v4.7.1, .NETFramework,Version=v4.7.2, .NETFramework,Version=v4.8, .NETFramework,Version=v4.8.1' instead of the project target framework 'net8.0'. This package may not be fully compatible with your project.
C:\Users\ultra\warewolf\Dev\Warewolf.Sharepoint\Warewolf.Sharepoint.csproj : warning NU1701: Package 'AeroWizard 2.3.1' was restored using '.NETFramework,Version=v4.6.1, .NETFramework,Version=v4.6.2, .NETFramework,Version=v4.7, .NETFramework,Version=v4.7.1, .NETFramework,Version=v4.7.2, .NETFramework,Version=v4.8, .NETFramework,Version=v4.8.1' instead of the project target framework 'net8.0'. This package may not be fully compatible with your project.
C:\Users\ultra\warewolf\Dev\Warewolf.Sharepoint\Warewolf.Sharepoint.csproj : warning NU1701: Package 'GroupControls 1.9.0' was restored using '.NETFramework,Version=v4.6.1, .NETFramework,Version=v4.6.2, .NETFramework,Version=v4.7, .NETFramework,Version=v4.7.1, .NETFramework,Version=v4.7.2, .NETFramework,Version=v4.8, .NETFramework,Version=v4.8.1' instead of the project target framework 'net8.0'. This package may not be fully compatible with your project.
C:\Users\ultra\warewolf\Dev\Warewolf.Sharepoint\Warewolf.Sharepoint.csproj : warning NU1701: Package 'ReactiveUI.WPF 18.4.1' was restored using '.NETFramework,Version=v4.6.1, .NETFramework,Version=v4.6.2, .NETFramework,Version=v4.7, .NETFramework,Version=v4.7.1, .NETFramework,Version=v4.7.2, .NETFramework,Version=v4.8, .NETFramework,Version=v4.8.1' instead of the project target framework 'net8.0'. This package may not be fully compatible with your project.
C:\Users\ultra\warewolf\Dev\Warewolf.Sharepoint\Warewolf.Sharepoint.csproj : warning NU1701: Package 'TaskSchedulerEditor 2.10.1' was restored using '.NETFramework,Version=v4.6.1, .NETFramework,Version=v4.6.2, .NETFramework,Version=v4.7, .NETFramework,Version=v4.7.1, .NETFramework,Version=v4.7.2, .NETFramework,Version=v4.8, .NETFramework,Version=v4.8.1' instead of the project target framework 'net8.0'. This package may not be fully compatible with your project.
C:\Users\ultra\warewolf\Dev\Dev2.Services.Execution\Dev2.Services.Execution.csproj : warning NU1701: Package 'AeroWizard 2.3.1' was restored using '.NETFramework,Version=v4.6.1, .NETFramework,Version=v4.6.2, .NETFramework,Version=v4.7, .NETFramework,Version=v4.7.1, .NETFramework,Version=v4.7.2, .NETFramework,Version=v4.8, .NETFramework,Version=v4.8.1' instead of the project target framework 'net8.0'. This package may not be fully compatible with your project.
C:\Users\ultra\warewolf\Dev\Dev2.Services.Execution\Dev2.Services.Execution.csproj : warning NU1701: Package 'GroupControls 1.9.0' was restored using '.NETFramework,Version=v4.6.1, .NETFramework,Version=v4.6.2, .NETFramework,Version=v4.7, .NETFramework,Version=v4.7.1, .NETFramework,Version=v4.7.2, .NETFramework,Version=v4.8, .NETFramework,Version=v4.8.1' instead of the project target framework 'net8.0'. This package may not be fully compatible with your project.
C:\Users\ultra\warewolf\Dev\Dev2.Services.Execution\Dev2.Services.Execution.csproj : warning NU1701: Package 'ReactiveUI.WPF 18.4.1' was restored using '.NETFramework,Version=v4.6.1, .NETFramework,Version=v4.6.2, .NETFramework,Version=v4.7, .NETFramework,Version=v4.7.1, .NETFramework,Version=v4.7.2, .NETFramework,Version=v4.8, .NETFramework,Version=v4.8.1' instead of the project target framework 'net8.0'. This package may not be fully compatible with your project.
C:\Users\ultra\warewolf\Dev\Dev2.Services.Execution\Dev2.Services.Execution.csproj : warning NU1701: Package 'TaskSchedulerEditor 2.10.1' was restored using '.NETFramework,Version=v4.6.1, .NETFramework,Version=v4.6.2, .NETFramework,Version=v4.7, .NETFramework,Version=v4.7.1, .NETFramework,Version=v4.7.2, .NETFramework,Version=v4.8, .NETFramework,Version=v4.8.1' instead of the project target framework 'net8.0'. This package may not be fully compatible with your project.
C:\Users\ultra\warewolf\Dev\Warewolf.Language.Parser\Warewolf.Language.Parser.fsproj : warning NU1504: Duplicate 'PackageReference' items found. Remove the duplicate items or use the Update functionality to ensure a consistent restore behavior. The duplicate 'PackageReference' items are: FSharp.Core 10.1.201, FSharp.Core 4.6.2.
C:\Users\ultra\warewolf\Dev\Dev2.TaskScheduler.Wrappers\Dev2.TaskScheduler.Wrappers.csproj : warning NU1701: Package 'AeroWizard 2.3.1' was restored using '.NETFramework,Version=v4.6.1, .NETFramework,Version=v4.6.2, .NETFramework,Version=v4.7, .NETFramework,Version=v4.7.1, .NETFramework,Version=v4.7.2, .NETFramework,Version=v4.8, .NETFramework,Version=v4.8.1' instead of the project target framework 'net8.0'. This package may not be fully compatible with your project.
C:\Users\ultra\warewolf\Dev\Dev2.TaskScheduler.Wrappers\Dev2.TaskScheduler.Wrappers.csproj : warning NU1701: Package 'GroupControls 1.9.0' was restored using '.NETFramework,Version=v4.6.1, .NETFramework,Version=v4.6.2, .NETFramework,Version=v4.7, .NETFramework,Version=v4.7.1, .NETFramework,Version=v4.7.2, .NETFramework,Version=v4.8, .NETFramework,Version=v4.8.1' instead of the project target framework 'net8.0'. This package may not be fully compatible with your project.
C:\Users\ultra\warewolf\Dev\Dev2.TaskScheduler.Wrappers\Dev2.TaskScheduler.Wrappers.csproj : warning NU1701: Package 'TaskSchedulerEditor 2.10.1' was restored using '.NETFramework,Version=v4.6.1, .NETFramework,Version=v4.6.2, .NETFramework,Version=v4.7, .NETFramework,Version=v4.7.1, .NETFramework,Version=v4.7.2, .NETFramework,Version=v4.8, .NETFramework,Version=v4.8.1' instead of the project target framework 'net8.0'. This package may not be fully compatible with your project.
C:\Users\ultra\warewolf\Dev\Warewolf.Security\Warewolf.Security.csproj : warning NU1904: Package 'System.Drawing.Common' 4.5.1 has a known critical severity vulnerability, https://github.com/advisories/GHSA-rxg9-xrhp-64gj
C:\Users\ultra\warewolf\Dev\Warewolf.Auditing\Warewolf.Auditing.csproj : warning NU1701: Package 'AeroWizard 2.3.1' was restored using '.NETFramework,Version=v4.6.1, .NETFramework,Version=v4.6.2, .NETFramework,Version=v4.7, .NETFramework,Version=v4.7.1, .NETFramework,Version=v4.7.2, .NETFramework,Version=v4.8, .NETFramework,Version=v4.8.1' instead of the project target framework 'net8.0'. This package may not be fully compatible with your project.
C:\Users\ultra\warewolf\Dev\Warewolf.Auditing\Warewolf.Auditing.csproj : warning NU1701: Package 'GroupControls 1.9.0' was restored using '.NETFramework,Version=v4.6.1, .NETFramework,Version=v4.6.2, .NETFramework,Version=v4.7, .NETFramework,Version=v4.7.1, .NETFramework,Version=v4.7.2, .NETFramework,Version=v4.8, .NETFramework,Version=v4.8.1' instead of the project target framework 'net8.0'. This package may not be fully compatible with your project.
C:\Users\ultra\warewolf\Dev\Warewolf.Auditing\Warewolf.Auditing.csproj : warning NU1701: Package 'ReactiveUI.WPF 18.4.1' was restored using '.NETFramework,Version=v4.6.1, .NETFramework,Version=v4.6.2, .NETFramework,Version=v4.7, .NETFramework,Version=v4.7.1, .NETFramework,Version=v4.7.2, .NETFramework,Version=v4.8, .NETFramework,Version=v4.8.1' instead of the project target framework 'net8.0'. This package may not be fully compatible with your project.
C:\Users\ultra\warewolf\Dev\Warewolf.Auditing\Warewolf.Auditing.csproj : warning NU1701: Package 'TaskSchedulerEditor 2.10.1' was restored using '.NETFramework,Version=v4.6.1, .NETFramework,Version=v4.6.2, .NETFramework,Version=v4.7, .NETFramework,Version=v4.7.1, .NETFramework,Version=v4.7.2, .NETFramework,Version=v4.8, .NETFramework,Version=v4.8.1' instead of the project target framework 'net8.0'. This package may not be fully compatible with your project.
  Log4Net.Async -> C:\Users\ultra\warewolf\Dev\Log4Net.Async\bin\Debug\net8.0\Log4Net.Async.dll
C:\Users\ultra\warewolf\Dev\Dev2.Services.Sql\Dev2.Services.Sql.csproj : warning NU1903: Package 'Oracle.ManagedDataAccess.Core' 3.21.70 has a known high severity vulnerability, https://github.com/advisories/GHSA-5pm2-9mr2-3frq
C:\Users\ultra\warewolf\Dev\Dev2.Services.Sql\Dev2.Services.Sql.csproj : warning NU1701: Package 'AeroWizard 2.3.1' was restored using '.NETFramework,Version=v4.6.1, .NETFramework,Version=v4.6.2, .NETFramework,Version=v4.7, .NETFramework,Version=v4.7.1, .NETFramework,Version=v4.7.2, .NETFramework,Version=v4.8, .NETFramework,Version=v4.8.1' instead of the project target framework 'net8.0'. This package may not be fully compatible with your project.
C:\Users\ultra\warewolf\Dev\Dev2.Services.Sql\Dev2.Services.Sql.csproj : warning NU1701: Package 'GroupControls 1.9.0' was restored using '.NETFramework,Version=v4.6.1, .NETFramework,Version=v4.6.2, .NETFramework,Version=v4.7, .NETFramework,Version=v4.7.1, .NETFramework,Version=v4.7.2, .NETFramework,Version=v4.8, .NETFramework,Version=v4.8.1' instead of the project target framework 'net8.0'. This package may not be fully compatible with your project.
C:\Users\ultra\warewolf\Dev\Dev2.Services.Sql\Dev2.Services.Sql.csproj : warning NU1701: Package 'ReactiveUI.WPF 18.4.1' was restored using '.NETFramework,Version=v4.6.1, .NETFramework,Version=v4.6.2, .NETFramework,Version=v4.7, .NETFramework,Version=v4.7.1, .NETFramework,Version=v4.7.2, .NETFramework,Version=v4.8, .NETFramework,Version=v4.8.1' instead of the project target framework 'net8.0'. This package may not be fully compatible with your project.
C:\Users\ultra\warewolf\Dev\Dev2.Services.Sql\Dev2.Services.Sql.csproj : warning NU1701: Package 'TaskSchedulerEditor 2.10.1' was restored using '.NETFramework,Version=v4.6.1, .NETFramework,Version=v4.6.2, .NETFramework,Version=v4.7, .NETFramework,Version=v4.7.1, .NETFramework,Version=v4.7.2, .NETFramework,Version=v4.8, .NETFramework,Version=v4.8.1' instead of the project target framework 'net8.0'. This package may not be fully compatible with your project.
C:\Users\ultra\warewolf\Dev\Dev2.Common.Interfaces\Dev2.Common.Interfaces.csproj : warning NU1903: Package 'Microsoft.Windows.Compatibility' 6.0.0 has a known high severity vulnerability, https://github.com/advisories/GHSA-555c-2p6r-68mm
C:\Users\ultra\warewolf\Dev\Dev2.Common.Interfaces\Dev2.Common.Interfaces.csproj : warning NU1701: Package 'AeroWizard 2.3.1' was restored using '.NETFramework,Version=v4.6.1, .NETFramework,Version=v4.6.2, .NETFramework,Version=v4.7, .NETFramework,Version=v4.7.1, .NETFramework,Version=v4.7.2, .NETFramework,Version=v4.8, .NETFramework,Version=v4.8.1' instead of the project target framework 'net8.0'. This package may not be fully compatible with your project.
C:\Users\ultra\warewolf\Dev\Dev2.Common.Interfaces\Dev2.Common.Interfaces.csproj : warning NU1701: Package 'GroupControls 1.9.0' was restored using '.NETFramework,Version=v4.6.1, .NETFramework,Version=v4.6.2, .NETFramework,Version=v4.7, .NETFramework,Version=v4.7.1, .NETFramework,Version=v4.7.2, .NETFramework,Version=v4.8, .NETFramework,Version=v4.8.1' instead of the project target framework 'net8.0'. This package may not be fully compatible with your project.
C:\Users\ultra\warewolf\Dev\Warewolf.ResourceManagement\Warewolf.ResourceManagement.csproj : warning NU1701: Package 'AeroWizard 2.3.1' was restored using '.NETFramework,Version=v4.6.1, .NETFramework,Version=v4.6.2, .NETFramework,Version=v4.7, .NETFramework,Version=v4.7.1, .NETFramework,Version=v4.7.2, .NETFramework,Version=v4.8, .NETFramework,Version=v4.8.1' instead of the project target framework 'net8.0'. This package may not be fully compatible with your project.
C:\Users\ultra\warewolf\Dev\Warewolf.ResourceManagement\Warewolf.ResourceManagement.csproj : warning NU1701: Package 'GroupControls 1.9.0' was restored using '.NETFramework,Version=v4.6.1, .NETFramework,Version=v4.6.2, .NETFramework,Version=v4.7, .NETFramework,Version=v4.7.1, .NETFramework,Version=v4.7.2, .NETFramework,Version=v4.8, .NETFramework,Version=v4.8.1' instead of the project target framework 'net8.0'. This package may not be fully compatible with your project.
C:\Users\ultra\warewolf\Dev\Dev2.Common.Interfaces\Dev2.Common.Interfaces.csproj : warning NU1701: Package 'TaskSchedulerEditor 2.10.1' was restored using '.NETFramework,Version=v4.6.1, .NETFramework,Version=v4.6.2, .NETFramework,Version=v4.7, .NETFramework,Version=v4.7.1, .NETFramework,Version=v4.7.2, .NETFramework,Version=v4.8, .NETFramework,Version=v4.8.1' instead of the project target framework 'net8.0'. This package may not be fully compatible with your project.
C:\Users\ultra\warewolf\Dev\Warewolf.ResourceManagement\Warewolf.ResourceManagement.csproj : warning NU1701: Package 'ReactiveUI.WPF 18.4.1' was restored using '.NETFramework,Version=v4.6.1, .NETFramework,Version=v4.6.2, .NETFramework,Version=v4.7, .NETFramework,Version=v4.7.1, .NETFramework,Version=v4.7.2, .NETFramework,Version=v4.8, .NETFramework,Version=v4.8.1' instead of the project target framework 'net8.0'. This package may not be fully compatible with your project.
C:\Users\ultra\warewolf\Dev\Warewolf.ResourceManagement\Warewolf.ResourceManagement.csproj : warning NU1701: Package 'TaskSchedulerEditor 2.10.1' was restored using '.NETFramework,Version=v4.6.1, .NETFramework,Version=v4.6.2, .NETFramework,Version=v4.7, .NETFramework,Version=v4.7.1, .NETFramework,Version=v4.7.2, .NETFramework,Version=v4.8, .NETFramework,Version=v4.8.1' instead of the project target framework 'net8.0'. This package may not be fully compatible with your project.
C:\Users\ultra\warewolf\Dev\Dev2.Util\Dev2.Util.csproj : warning NU1903: Package 'Microsoft.Windows.Compatibility' 6.0.0 has a known high severity vulnerability, https://github.com/advisories/GHSA-555c-2p6r-68mm
C:\Users\ultra\warewolf\Dev\Dev2.Util\Dev2.Util.csproj : warning NU1701: Package 'AeroWizard 2.3.1' was restored using '.NETFramework,Version=v4.6.1, .NETFramework,Version=v4.6.2, .NETFramework,Version=v4.7, .NETFramework,Version=v4.7.1, .NETFramework,Version=v4.7.2, .NETFramework,Version=v4.8, .NETFramework,Version=v4.8.1' instead of the project target framework 'net8.0'. This package may not be fully compatible with your project.
C:\Users\ultra\warewolf\Dev\Dev2.Util\Dev2.Util.csproj : warning NU1701: Package 'GroupControls 1.9.0' was restored using '.NETFramework,Version=v4.6.1, .NETFramework,Version=v4.6.2, .NETFramework,Version=v4.7, .NETFramework,Version=v4.7.1, .NETFramework,Version=v4.7.2, .NETFramework,Version=v4.8, .NETFramework,Version=v4.8.1' instead of the project target framework 'net8.0'. This package may not be fully compatible with your project.
C:\Users\ultra\warewolf\Dev\Dev2.Util\Dev2.Util.csproj : warning NU1701: Package 'TaskSchedulerEditor 2.10.1' was restored using '.NETFramework,Version=v4.6.1, .NETFramework,Version=v4.6.2, .NETFramework,Version=v4.7, .NETFramework,Version=v4.7.1, .NETFramework,Version=v4.7.2, .NETFramework,Version=v4.8, .NETFramework,Version=v4.8.1' instead of the project target framework 'net8.0'. This package may not be fully compatible with your project.
C:\Users\ultra\warewolf\Dev\Warewolf.Exchange.Email.Wrapper\Warewolf.Exchange.Email.Wrapper.csproj : warning NU1701: Package 'AeroWizard 2.3.1' was restored using '.NETFramework,Version=v4.6.1, .NETFramework,Version=v4.6.2, .NETFramework,Version=v4.7, .NETFramework,Version=v4.7.1, .NETFramework,Version=v4.7.2, .NETFramework,Version=v4.8, .NETFramework,Version=v4.8.1' instead of the project target framework 'net8.0'. This package may not be fully compatible with your project.
C:\Users\ultra\warewolf\Dev\Warewolf.Exchange.Email.Wrapper\Warewolf.Exchange.Email.Wrapper.csproj : warning NU1701: Package 'GroupControls 1.9.0' was restored using '.NETFramework,Version=v4.6.1, .NETFramework,Version=v4.6.2, .NETFramework,Version=v4.7, .NETFramework,Version=v4.7.1, .NETFramework,Version=v4.7.2, .NETFramework,Version=v4.8, .NETFramework,Version=v4.8.1' instead of the project target framework 'net8.0'. This package may not be fully compatible with your project.
C:\Users\ultra\warewolf\Dev\Warewolf.Exchange.Email.Wrapper\Warewolf.Exchange.Email.Wrapper.csproj : warning NU1701: Package 'ReactiveUI.WPF 18.4.1' was restored using '.NETFramework,Version=v4.6.1, .NETFramework,Version=v4.6.2, .NETFramework,Version=v4.7, .NETFramework,Version=v4.7.1, .NETFramework,Version=v4.7.2, .NETFramework,Version=v4.8, .NETFramework,Version=v4.8.1' instead of the project target framework 'net8.0'. This package may not be fully compatible with your project.
C:\Users\ultra\warewolf\Dev\Warewolf.Exchange.Email.Wrapper\Warewolf.Exchange.Email.Wrapper.csproj : warning NU1701: Package 'TaskSchedulerEditor 2.10.1' was restored using '.NETFramework,Version=v4.6.1, .NETFramework,Version=v4.6.2, .NETFramework,Version=v4.7, .NETFramework,Version=v4.7.1, .NETFramework,Version=v4.7.2, .NETFramework,Version=v4.8, .NETFramework,Version=v4.8.1' instead of the project target framework 'net8.0'. This package may not be fully compatible with your project.
C:\Users\ultra\warewolf\Dev\Warewolf.Data\Warewolf.Data.csproj : warning NU1701: Package 'AeroWizard 2.3.1' was restored using '.NETFramework,Version=v4.6.1, .NETFramework,Version=v4.6.2, .NETFramework,Version=v4.7, .NETFramework,Version=v4.7.1, .NETFramework,Version=v4.7.2, .NETFramework,Version=v4.8, .NETFramework,Version=v4.8.1' instead of the project target framework 'net8.0'. This package may not be fully compatible with your project.
C:\Users\ultra\warewolf\Dev\Warewolf.Data\Warewolf.Data.csproj : warning NU1701: Package 'GroupControls 1.9.0' was restored using '.NETFramework,Version=v4.6.1, .NETFramework,Version=v4.6.2, .NETFramework,Version=v4.7, .NETFramework,Version=v4.7.1, .NETFramework,Version=v4.7.2, .NETFramework,Version=v4.8, .NETFramework,Version=v4.8.1' instead of the project target framework 'net8.0'. This package may not be fully compatible with your project.
C:\Users\ultra\warewolf\Dev\Warewolf.Data\Warewolf.Data.csproj : warning NU1701: Package 'TaskSchedulerEditor 2.10.1' was restored using '.NETFramework,Version=v4.6.1, .NETFramework,Version=v4.6.2, .NETFramework,Version=v4.7, .NETFramework,Version=v4.7.1, .NETFramework,Version=v4.7.2, .NETFramework,Version=v4.8, .NETFramework,Version=v4.8.1' instead of the project target framework 'net8.0'. This package may not be fully compatible with your project.
C:\Users\ultra\warewolf\Dev\Warewolf.Common.NetStandard20\Warewolf.Common.NetStandard20.csproj : warning NU1701: Package 'AeroWizard 2.3.1' was restored using '.NETFramework,Version=v4.6.1, .NETFramework,Version=v4.6.2, .NETFramework,Version=v4.7, .NETFramework,Version=v4.7.1, .NETFramework,Version=v4.7.2, .NETFramework,Version=v4.8, .NETFramework,Version=v4.8.1' instead of the project target framework 'net8.0'. This package may not be fully compatible with your project.
C:\Users\ultra\warewolf\Dev\Warewolf.Common.NetStandard20\Warewolf.Common.NetStandard20.csproj : warning NU1701: Package 'GroupControls 1.9.0' was restored using '.NETFramework,Version=v4.6.1, .NETFramework,Version=v4.6.2, .NETFramework,Version=v4.7, .NETFramework,Version=v4.7.1, .NETFramework,Version=v4.7.2, .NETFramework,Version=v4.8, .NETFramework,Version=v4.8.1' instead of the project target framework 'net8.0'. This package may not be fully compatible with your project.
C:\Users\ultra\warewolf\Dev\Warewolf.Common.NetStandard20\Warewolf.Common.NetStandard20.csproj : warning NU1701: Package 'ReactiveUI.WPF 18.4.1' was restored using '.NETFramework,Version=v4.6.1, .NETFramework,Version=v4.6.2, .NETFramework,Version=v4.7, .NETFramework,Version=v4.7.1, .NETFramework,Version=v4.7.2, .NETFramework,Version=v4.8, .NETFramework,Version=v4.8.1' instead of the project target framework 'net8.0'. This package may not be fully compatible with your project.
C:\Users\ultra\warewolf\Dev\Warewolf.Common.NetStandard20\Warewolf.Common.NetStandard20.csproj : warning NU1701: Package 'TaskSchedulerEditor 2.10.1' was restored using '.NETFramework,Version=v4.6.1, .NETFramework,Version=v4.6.2, .NETFramework,Version=v4.7, .NETFramework,Version=v4.7.1, .NETFramework,Version=v4.7.2, .NETFramework,Version=v4.8, .NETFramework,Version=v4.8.1' instead of the project target framework 'net8.0'. This package may not be fully compatible with your project.
C:\Users\ultra\warewolf\Dev\Warewolf.Storage\Warewolf.Storage.csproj : warning NU1701: Package 'AeroWizard 2.3.1' was restored using '.NETFramework,Version=v4.6.1, .NETFramework,Version=v4.6.2, .NETFramework,Version=v4.7, .NETFramework,Version=v4.7.1, .NETFramework,Version=v4.7.2, .NETFramework,Version=v4.8, .NETFramework,Version=v4.8.1' instead of the project target framework 'net8.0'. This package may not be fully compatible with your project.
C:\Users\ultra\warewolf\Dev\Warewolf.Storage\Warewolf.Storage.csproj : warning NU1701: Package 'GroupControls 1.9.0' was restored using '.NETFramework,Version=v4.6.1, .NETFramework,Version=v4.6.2, .NETFramework,Version=v4.7, .NETFramework,Version=v4.7.1, .NETFramework,Version=v4.7.2, .NETFramework,Version=v4.8, .NETFramework,Version=v4.8.1' instead of the project target framework 'net8.0'. This package may not be fully compatible with your project.
C:\Users\ultra\warewolf\Dev\Warewolf.Storage\Warewolf.Storage.csproj : warning NU1701: Package 'ReactiveUI.WPF 18.4.1' was restored using '.NETFramework,Version=v4.6.1, .NETFramework,Version=v4.6.2, .NETFramework,Version=v4.7, .NETFramework,Version=v4.7.1, .NETFramework,Version=v4.7.2, .NETFramework,Version=v4.8, .NETFramework,Version=v4.8.1' instead of the project target framework 'net8.0'. This package may not be fully compatible with your project.
C:\Users\ultra\warewolf\Dev\Warewolf.Storage\Warewolf.Storage.csproj : warning NU1701: Package 'TaskSchedulerEditor 2.10.1' was restored using '.NETFramework,Version=v4.6.1, .NETFramework,Version=v4.6.2, .NETFramework,Version=v4.7, .NETFramework,Version=v4.7.1, .NETFramework,Version=v4.7.2, .NETFramework,Version=v4.8, .NETFramework,Version=v4.8.1' instead of the project target framework 'net8.0'. This package may not be fully compatible with your project.
  GACManagerApi -> C:\Users\ultra\warewolf\Dev\GACManagerApi\bin\Debug\net8.0\GACManagerApi.dll
  Dev2.Net6.Compatibility -> C:\Users\ultra\warewolf\Dev\Dev2.Net6.Compatibility\bin\Debug\net8.0\Dev2.Net6.Compatibility.dll
C:\Users\ultra\warewolf\Dev\Warewolf.Driver.Persistence\Warewolf.Driver.Persistence.csproj : warning NU1701: Package 'AeroWizard 2.3.1' was restored using '.NETFramework,Version=v4.6.1, .NETFramework,Version=v4.6.2, .NETFramework,Version=v4.7, .NETFramework,Version=v4.7.1, .NETFramework,Version=v4.7.2, .NETFramework,Version=v4.8, .NETFramework,Version=v4.8.1' instead of the project target framework 'net8.0'. This package may not be fully compatible with your project.
C:\Users\ultra\warewolf\Dev\Warewolf.Driver.Persistence\Warewolf.Driver.Persistence.csproj : warning NU1701: Package 'GroupControls 1.9.0' was restored using '.NETFramework,Version=v4.6.1, .NETFramework,Version=v4.6.2, .NETFramework,Version=v4.7, .NETFramework,Version=v4.7.1, .NETFramework,Version=v4.7.2, .NETFramework,Version=v4.8, .NETFramework,Version=v4.8.1' instead of the project target framework 'net8.0'. This package may not be fully compatible with your project.
C:\Users\ultra\warewolf\Dev\Warewolf.Driver.Persistence\Warewolf.Driver.Persistence.csproj : warning NU1701: Package 'ReactiveUI.WPF 18.4.1' was restored using '.NETFramework,Version=v4.6.1, .NETFramework,Version=v4.6.2, .NETFramework,Version=v4.7, .NETFramework,Version=v4.7.1, .NETFramework,Version=v4.7.2, .NETFramework,Version=v4.8, .NETFramework,Version=v4.8.1' instead of the project target framework 'net8.0'. This package may not be fully compatible with your project.
C:\Users\ultra\warewolf\Dev\Warewolf.Driver.Persistence\Warewolf.Driver.Persistence.csproj : warning NU1701: Package 'TaskSchedulerEditor 2.10.1' was restored using '.NETFramework,Version=v4.6.1, .NETFramework,Version=v4.6.2, .NETFramework,Version=v4.7, .NETFramework,Version=v4.7.1, .NETFramework,Version=v4.7.2, .NETFramework,Version=v4.8, .NETFramework,Version=v4.8.1' instead of the project target framework 'net8.0'. This package may not be fully compatible with your project.
C:\Users\ultra\warewolf\Dev\Warewolf.Licensing\Warewolf.Licensing.csproj : warning NU1701: Package 'AeroWizard 2.3.1' was restored using '.NETFramework,Version=v4.6.1, .NETFramework,Version=v4.6.2, .NETFramework,Version=v4.7, .NETFramework,Version=v4.7.1, .NETFramework,Version=v4.7.2, .NETFramework,Version=v4.8, .NETFramework,Version=v4.8.1' instead of the project target framework 'net8.0'. This package may not be fully compatible with your project.
C:\Users\ultra\warewolf\Dev\Warewolf.Licensing\Warewolf.Licensing.csproj : warning NU1701: Package 'GroupControls 1.9.0' was restored using '.NETFramework,Version=v4.6.1, .NETFramework,Version=v4.6.2, .NETFramework,Version=v4.7, .NETFramework,Version=v4.7.1, .NETFramework,Version=v4.7.2, .NETFramework,Version=v4.8, .NETFramework,Version=v4.8.1' instead of the project target framework 'net8.0'. This package may not be fully compatible with your project.
C:\Users\ultra\warewolf\Dev\Warewolf.Licensing\Warewolf.Licensing.csproj : warning NU1701: Package 'TaskSchedulerEditor 2.10.1' was restored using '.NETFramework,Version=v4.6.1, .NETFramework,Version=v4.6.2, .NETFramework,Version=v4.7, .NETFramework,Version=v4.7.1, .NETFramework,Version=v4.7.2, .NETFramework,Version=v4.8, .NETFramework,Version=v4.8.1' instead of the project target framework 'net8.0'. This package may not be fully compatible with your project.
C:\Users\ultra\warewolf\Dev\Warewolf.Core\Warewolf.Core.csproj : warning NU1903: Package 'Microsoft.Windows.Compatibility' 6.0.0 has a known high severity vulnerability, https://github.com/advisories/GHSA-555c-2p6r-68mm
C:\Users\ultra\warewolf\Dev\Warewolf.Core\Warewolf.Core.csproj : warning NU1701: Package 'AeroWizard 2.3.1' was restored using '.NETFramework,Version=v4.6.1, .NETFramework,Version=v4.6.2, .NETFramework,Version=v4.7, .NETFramework,Version=v4.7.1, .NETFramework,Version=v4.7.2, .NETFramework,Version=v4.8, .NETFramework,Version=v4.8.1' instead of the project target framework 'net8.0'. This package may not be fully compatible with your project.
C:\Users\ultra\warewolf\Dev\Warewolf.Core\Warewolf.Core.csproj : warning NU1701: Package 'GroupControls 1.9.0' was restored using '.NETFramework,Version=v4.6.1, .NETFramework,Version=v4.6.2, .NETFramework,Version=v4.7, .NETFramework,Version=v4.7.1, .NETFramework,Version=v4.7.2, .NETFramework,Version=v4.8, .NETFramework,Version=v4.8.1' instead of the project target framework 'net8.0'. This package may not be fully compatible with your project.
C:\Users\ultra\warewolf\Dev\Warewolf.Core\Warewolf.Core.csproj : warning NU1701: Package 'ReactiveUI.WPF 18.4.1' was restored using '.NETFramework,Version=v4.6.1, .NETFramework,Version=v4.6.2, .NETFramework,Version=v4.7, .NETFramework,Version=v4.7.1, .NETFramework,Version=v4.7.2, .NETFramework,Version=v4.8, .NETFramework,Version=v4.8.1' instead of the project target framework 'net8.0'. This package may not be fully compatible with your project.
C:\Users\ultra\warewolf\Dev\Warewolf.Core\Warewolf.Core.csproj : warning NU1701: Package 'TaskSchedulerEditor 2.10.1' was restored using '.NETFramework,Version=v4.6.1, .NETFramework,Version=v4.6.2, .NETFramework,Version=v4.7, .NETFramework,Version=v4.7.1, .NETFramework,Version=v4.7.2, .NETFramework,Version=v4.8, .NETFramework,Version=v4.8.1' instead of the project target framework 'net8.0'. This package may not be fully compatible with your project.
  Warewolf.Common.Interfaces.NetStandard20 -> C:\Users\ultra\warewolf\Dev\Warewolf.Common.Interfaces.NetStandard20\bin\Debug\net8.0\Warewolf.Common.Interfaces.NetStandard20.dll
C:\Users\ultra\warewolf\Dev\Warewolf.Interfaces\Data\ChatbotSettingsData.cs(20,23): warning CS0169: The field 'ChatbotSettingsData._encryptDataSource' is never used [C:\Users\ultra\warewolf\Dev\Warewolf.Interfaces\Warewolf.Interfaces.csproj]
C:\Users\ultra\warewolf\Dev\Warewolf.Interfaces\Auditing\SerializableException.cs(15,7): warning CS0414: The field 'SerializableException.HResult' is assigned but its value is never used [C:\Users\ultra\warewolf\Dev\Warewolf.Interfaces\Warewolf.Interfaces.csproj]
C:\Users\ultra\warewolf\Dev\Warewolf.Security\Encryption\AESThenHMAC.cs(168,34): warning SYSLIB0021: 'AesManaged' is obsolete: 'Derived cryptographic types are obsolete. Use the Create method on the base type instead.' (https://aka.ms/dotnet-warnings/SYSLIB0021) [C:\Users\ultra\warewolf\Dev\Warewolf.Security\Warewolf.Security.csproj]
C:\Users\ultra\warewolf\Dev\Warewolf.Security\Encryption\AESThenHMAC.cs(264,38): warning SYSLIB0021: 'AesManaged' is obsolete: 'Derived cryptographic types are obsolete. Use the Create method on the base type instead.' (https://aka.ms/dotnet-warnings/SYSLIB0021) [C:\Users\ultra\warewolf\Dev\Warewolf.Security\Warewolf.Security.csproj]
C:\Users\ultra\warewolf\Dev\Warewolf.Security\Encryption\AESThenHMAC.cs(331,36): warning SYSLIB0041: 'Rfc2898DeriveBytes.Rfc2898DeriveBytes(string, int, int)' is obsolete: 'The default hash algorithm and iteration counts in Rfc2898DeriveBytes constructors are outdated and insecure. Use a constructor that accepts the hash algorithm and the number of iterations.' (https://aka.ms/dotnet-warnings/SYSLIB0041) [C:\Users\ultra\warewolf\Dev\Warewolf.Security\Warewolf.Security.csproj]
C:\Users\ultra\warewolf\Dev\Warewolf.Security\Encryption\AESThenHMAC.cs(345,36): warning SYSLIB0041: 'Rfc2898DeriveBytes.Rfc2898DeriveBytes(string, int, int)' is obsolete: 'The default hash algorithm and iteration counts in Rfc2898DeriveBytes constructors are outdated and insecure. Use a constructor that accepts the hash algorithm and the number of iterations.' (https://aka.ms/dotnet-warnings/SYSLIB0041) [C:\Users\ultra\warewolf\Dev\Warewolf.Security\Warewolf.Security.csproj]
C:\Users\ultra\warewolf\Dev\Warewolf.Security\Encryption\AESThenHMAC.cs(393,36): warning SYSLIB0041: 'Rfc2898DeriveBytes.Rfc2898DeriveBytes(string, byte[], int)' is obsolete: 'The default hash algorithm and iteration counts in Rfc2898DeriveBytes constructors are outdated and insecure. Use a constructor that accepts the hash algorithm and the number of iterations.' (https://aka.ms/dotnet-warnings/SYSLIB0041) [C:\Users\ultra\warewolf\Dev\Warewolf.Security\Warewolf.Security.csproj]
C:\Users\ultra\warewolf\Dev\Warewolf.Security\Encryption\AESThenHMAC.cs(398,36): warning SYSLIB0041: 'Rfc2898DeriveBytes.Rfc2898DeriveBytes(string, byte[], int)' is obsolete: 'The default hash algorithm and iteration counts in Rfc2898DeriveBytes constructors are outdated and insecure. Use a constructor that accepts the hash algorithm and the number of iterations.' (https://aka.ms/dotnet-warnings/SYSLIB0041) [C:\Users\ultra\warewolf\Dev\Warewolf.Security\Warewolf.Security.csproj]
  Warewolf.Interfaces -> C:\Users\ultra\warewolf\Dev\Warewolf.Interfaces\bin\Debug\net8.0\Warewolf.Interfaces.dll
  Dev2.SignalR.Wrappers.Interfaces -> C:\Users\ultra\warewolf\Dev\Dev2.SignalR.Wrappers\bin\Debug\net8.0\Dev2.SignalR.Wrappers.dll
  Warewolf.Security -> C:\Users\ultra\warewolf\Dev\Warewolf.Security\bin\Debug\net8.0\Warewolf.Security.dll
C:\Users\ultra\warewolf\Dev\Warewolf.Driver.Serilog\Warewolf.Driver.Serilog.csproj : warning NU1701: Package 'AeroWizard 2.3.1' was restored using '.NETFramework,Version=v4.6.1, .NETFramework,Version=v4.6.2, .NETFramework,Version=v4.7, .NETFramework,Version=v4.7.1, .NETFramework,Version=v4.7.2, .NETFramework,Version=v4.8, .NETFramework,Version=v4.8.1' instead of the project target framework 'net8.0'. This package may not be fully compatible with your project.
C:\Users\ultra\warewolf\Dev\Warewolf.Driver.Serilog\Warewolf.Driver.Serilog.csproj : warning NU1701: Package 'GroupControls 1.9.0' was restored using '.NETFramework,Version=v4.6.1, .NETFramework,Version=v4.6.2, .NETFramework,Version=v4.7, .NETFramework,Version=v4.7.1, .NETFramework,Version=v4.7.2, .NETFramework,Version=v4.8, .NETFramework,Version=v4.8.1' instead of the project target framework 'net8.0'. This package may not be fully compatible with your project.
C:\Users\ultra\warewolf\Dev\Warewolf.Driver.Serilog\Warewolf.Driver.Serilog.csproj : warning NU1701: Package 'ReactiveUI.WPF 18.4.1' was restored using '.NETFramework,Version=v4.6.1, .NETFramework,Version=v4.6.2, .NETFramework,Version=v4.7, .NETFramework,Version=v4.7.1, .NETFramework,Version=v4.7.2, .NETFramework,Version=v4.8, .NETFramework,Version=v4.8.1' instead of the project target framework 'net8.0'. This package may not be fully compatible with your project.
C:\Users\ultra\warewolf\Dev\Warewolf.Driver.Serilog\Warewolf.Driver.Serilog.csproj : warning NU1701: Package 'TaskSchedulerEditor 2.10.1' was restored using '.NETFramework,Version=v4.6.1, .NETFramework,Version=v4.6.2, .NETFramework,Version=v4.7, .NETFramework,Version=v4.7.1, .NETFramework,Version=v4.7.2, .NETFramework,Version=v4.8, .NETFramework,Version=v4.8.1' instead of the project target framework 'net8.0'. This package may not be fully compatible with your project.
  Warewolf.ServiceDefinitions -> C:\Users\ultra\warewolf\Dev\Warewolf.ServiceDefinitions\bin\Debug\net8.0\Warewolf.ServiceDefinitions.dll
  Warewolf.Weave -> C:\Users\ultra\warewolf\Dev\Warewolf.Weave\bin\Debug\net8.0\Warewolf.Weave.dll
  Warewolf.Resource -> C:\Users\ultra\warewolf\Dev\Warewolf.Resource\bin\Debug\net8.0\Warewolf.Resource.dll
  Warewolf.Studio.Resources -> C:\Users\ultra\warewolf\Dev\Warewolf.Studio.Resources\bin\Debug\net8.0\Warewolf.Studio.Resources.dll
C:\Users\ultra\warewolf\Dev\Dev2.Runtime.Services\Dev2.Runtime.Services.csproj : warning NU1902: Package 'MessagePack' 2.4.59 has a known moderate severity vulnerability, https://github.com/advisories/GHSA-4qm4-8hg2-g2xm
C:\Users\ultra\warewolf\Dev\Dev2.Runtime.Services\Dev2.Runtime.Services.csproj : warning NU1903: Package 'Microsoft.Windows.Compatibility' 6.0.0 has a known high severity vulnerability, https://github.com/advisories/GHSA-555c-2p6r-68mm
C:\Users\ultra\warewolf\Dev\Dev2.Runtime.Services\Dev2.Runtime.Services.csproj : warning NU1701: Package 'AeroWizard 2.3.1' was restored using '.NETFramework,Version=v4.6.1, .NETFramework,Version=v4.6.2, .NETFramework,Version=v4.7, .NETFramework,Version=v4.7.1, .NETFramework,Version=v4.7.2, .NETFramework,Version=v4.8, .NETFramework,Version=v4.8.1' instead of the project target framework 'net8.0'. This package may not be fully compatible with your project.
C:\Users\ultra\warewolf\Dev\Dev2.Runtime.Services\Dev2.Runtime.Services.csproj : warning NU1701: Package 'GroupControls 1.9.0' was restored using '.NETFramework,Version=v4.6.1, .NETFramework,Version=v4.6.2, .NETFramework,Version=v4.7, .NETFramework,Version=v4.7.1, .NETFramework,Version=v4.7.2, .NETFramework,Version=v4.8, .NETFramework,Version=v4.8.1' instead of the project target framework 'net8.0'. This package may not be fully compatible with your project.
C:\Users\ultra\warewolf\Dev\Dev2.Runtime.Services\Dev2.Runtime.Services.csproj : warning NU1701: Package 'ReactiveUI.WPF 18.4.1' was restored using '.NETFramework,Version=v4.6.1, .NETFramework,Version=v4.6.2, .NETFramework,Version=v4.7, .NETFramework,Version=v4.7.1, .NETFramework,Version=v4.7.2, .NETFramework,Version=v4.8, .NETFramework,Version=v4.8.1' instead of the project target framework 'net8.0'. This package may not be fully compatible with your project.
C:\Users\ultra\warewolf\Dev\Dev2.Runtime.Services\Dev2.Runtime.Services.csproj : warning NU1701: Package 'TaskSchedulerEditor 2.10.1' was restored using '.NETFramework,Version=v4.6.1, .NETFramework,Version=v4.6.2, .NETFramework,Version=v4.7, .NETFramework,Version=v4.7.1, .NETFramework,Version=v4.7.2, .NETFramework,Version=v4.8, .NETFramework,Version=v4.8.1' instead of the project target framework 'net8.0'. This package may not be fully compatible with your project.
  Warewolf.Driver.RabbitMQ -> C:\Users\ultra\warewolf\Dev\Warewolf.Driver.RabbitMQ\bin\Debug\net8.0\Warewolf.Driver.RabbitMQ.dll
  Consider app.config remapping of assembly "System.Runtime.CompilerServices.Unsafe, Culture=neutral, PublicKeyToken=b03f5f7f11d50a3a" from Version "6.0.0.0" [] to Version "8.0.0.0" [C:\Program Files\dotnet\packs\Microsoft.NETCore.App.Ref\8.0.25\ref\net8.0\System.Runtime.CompilerServices.Unsafe.dll] to solve conflict and get rid of warning.
C:\Users\ultra\warewolf\Dev\Dev2.Common.Interfaces\Attribute\ReasonAttribute.cs(13,18): warning CC0023: Mark 'ReasonAttribute' as sealed. (https://code-cracker.github.io/diagnostics/CC0023.html) [C:\Users\ultra\warewolf\Dev\Dev2.Common.Interfaces\Dev2.Common.Interfaces.csproj]
C:\Users\ultra\warewolf\Dev\Dev2.Common.Interfaces\Wrappers\IDirectoryEntry.cs(190,35): warning CC0057: Parameter 'path' is not used. (https://code-cracker.github.io/diagnostics/CC0057.html) [C:\Users\ultra\warewolf\Dev\Dev2.Common.Interfaces\Dev2.Common.Interfaces.csproj]
C:\Users\ultra\warewolf\Dev\Dev2.Common.Interfaces\DllListing.cs(97,17): warning CC0105: Use 'var' instead of specifying the type name. (https://code-cracker.github.io/diagnostics/CC0105.html) [C:\Users\ultra\warewolf\Dev\Dev2.Common.Interfaces\Dev2.Common.Interfaces.csproj]
C:\Users\ultra\warewolf\Dev\Dev2.Common.Interfaces\DllListing.cs(98,17): warning CC0105: Use 'var' instead of specifying the type name. (https://code-cracker.github.io/diagnostics/CC0105.html) [C:\Users\ultra\warewolf\Dev\Dev2.Common.Interfaces\Dev2.Common.Interfaces.csproj]
C:\Users\ultra\warewolf\Dev\Dev2.Common.Interfaces\Runtime\Services\IStreamContentFactory.cs(48,21): warning CC0029: 'StreamContentWrapper' should call GC.SuppressFinalize inside the Dispose method. (https://code-cracker.github.io/diagnostics/CC0029.html) [C:\Users\ultra\warewolf\Dev\Dev2.Common.Interfaces\Dev2.Common.Interfaces.csproj]
  Dev2.Common.Interfaces -> C:\Users\ultra\warewolf\Dev\Dev2.Common.Interfaces\bin\Debug\net8.0\Dev2.Common.Interfaces.dll
  Warewolf.Driver.Redis -> C:\Users\ultra\warewolf\Dev\Warewolf.Driver.Redis\bin\Debug\net8.0\Warewolf.Driver.Redis.dll
  Warewolf.Parser.Interop -> C:\Users\ultra\warewolf\Dev\Warewolf.Parser.Interop\bin\Debug\net8.0\WarewolfParserInterop.dll
C:\Users\ultra\warewolf\Dev\Warewolf.Data\NamedInt.cs(160,21): warning CA2200: Re-throwing caught exception changes stack information (https://learn.microsoft.com/dotnet/fundamentals/code-analysis/quality-rules/ca2200) [C:\Users\ultra\warewolf\Dev\Warewolf.Data\Warewolf.Data.csproj]
  Warewolf.Data -> C:\Users\ultra\warewolf\Dev\Warewolf.Data\bin\Debug\net8.0\Warewolf.Data.dll
C:\Users\ultra\warewolf\Dev\Warewolf.Language.Parser\EvaluationFunctions.fs(277,15): warning FS3548: Pattern discard is not allowed for union case that takes no data. [C:\Users\ultra\warewolf\Dev\Warewolf.Language.Parser\Warewolf.Language.Parser.fsproj]
C:\Users\ultra\warewolf\Dev\Warewolf.Language.Parser\EvaluationFunctions.fs(305,15): warning FS3548: Pattern discard is not allowed for union case that takes no data. [C:\Users\ultra\warewolf\Dev\Warewolf.Language.Parser\Warewolf.Language.Parser.fsproj]
C:\Users\ultra\warewolf\Dev\Warewolf.Language.Parser\EvaluationFunctions.fs(748,21): warning FS3873: This construct is deprecated. Sequence expressions should be of the form 'seq { ... }' [C:\Users\ultra\warewolf\Dev\Warewolf.Language.Parser\Warewolf.Language.Parser.fsproj]
C:\Users\ultra\warewolf\Dev\Warewolf.Language.Parser\EvaluationFunctions.fs(751,28): warning FS3873: This construct is deprecated. Sequence expressions should be of the form 'seq { ... }' [C:\Users\ultra\warewolf\Dev\Warewolf.Language.Parser\Warewolf.Language.Parser.fsproj]
C:\Users\ultra\warewolf\Dev\Warewolf.Language.Parser\WarewolfDataEvaluationCommon.fs(593,21): warning FS3873: This construct is deprecated. Sequence expressions should be of the form 'seq { ... }' [C:\Users\ultra\warewolf\Dev\Warewolf.Language.Parser\Warewolf.Language.Parser.fsproj]
C:\Users\ultra\warewolf\Dev\Warewolf.Language.Parser\WarewolfDataEvaluationCommon.fs(596,28): warning FS3873: This construct is deprecated. Sequence expressions should be of the form 'seq { ... }' [C:\Users\ultra\warewolf\Dev\Warewolf.Language.Parser\Warewolf.Language.Parser.fsproj]
  Warewolf.Language.Parser -> C:\Users\ultra\warewolf\Dev\Warewolf.Language.Parser\bin\Debug\net8.0\Warewolf.Language.Parser.dll
  Warewolf.Common -> C:\Users\ultra\warewolf\Dev\Warewolf.Common\bin\Debug\net8.0\Warewolf.Common.dll
  Warewolf.Storage.Interfaces -> C:\Users\ultra\warewolf\Dev\Warewolf.Storage.Interfaces\bin\Debug\net8.0\Warewolf.Storage.Interfaces.dll
  Dev2.Data.Interfaces -> C:\Users\ultra\warewolf\Dev\Dev2.Data.Interfaces\bin\Debug\net8.0\Dev2.Data.Interfaces.dll
C:\Users\ultra\warewolf\Dev\Dev2.Common\ExtMethods\StringExtension.cs(302,13): warning CC0004: Empty Catch Block. (https://code-cracker.github.io/diagnostics/CC0004.html) [C:\Users\ultra\warewolf\Dev\Dev2.Common\Dev2.Common.csproj]
  Dev2.Common -> C:\Users\ultra\warewolf\Dev\Dev2.Common\bin\Debug\net8.0\Dev2.Common.dll
C:\Program Files\dotnet\sdk\10.0.201\Microsoft.Common.CurrentVersion.targets(2451,5): warning MSB3277: Found conflicts between different versions of "WindowsBase" that could not be resolved. [C:\Users\ultra\warewolf\Dev\Dev2.Development.Languages\Dev2.Development.Languages.csproj]
C:\Program Files\dotnet\sdk\10.0.201\Microsoft.Common.CurrentVersion.targets(2451,5): warning MSB3277: There was a conflict between "WindowsBase, Version=4.0.0.0, Culture=neutral, PublicKeyToken=31bf3856ad364e35" and "WindowsBase, Version=6.0.2.0, Culture=neutral, PublicKeyToken=31bf3856ad364e35". [C:\Users\ultra\warewolf\Dev\Dev2.Development.Languages\Dev2.Development.Languages.csproj]
C:\Program Files\dotnet\sdk\10.0.201\Microsoft.Common.CurrentVersion.targets(2451,5): warning MSB3277:     "WindowsBase, Version=4.0.0.0, Culture=neutral, PublicKeyToken=31bf3856ad364e35" was chosen because it was primary and "WindowsBase, Version=6.0.2.0, Culture=neutral, PublicKeyToken=31bf3856ad364e35" was not. [C:\Users\ultra\warewolf\Dev\Dev2.Development.Languages\Dev2.Development.Languages.csproj]
C:\Program Files\dotnet\sdk\10.0.201\Microsoft.Common.CurrentVersion.targets(2451,5): warning MSB3277:     References which depend on "WindowsBase, Version=4.0.0.0, Culture=neutral, PublicKeyToken=31bf3856ad364e35" [C:\Program Files\dotnet\packs\Microsoft.NETCore.App.Ref\8.0.25\ref\net8.0\WindowsBase.dll]. [C:\Users\ultra\warewolf\Dev\Dev2.Development.Languages\Dev2.Development.Languages.csproj]
C:\Program Files\dotnet\sdk\10.0.201\Microsoft.Common.CurrentVersion.targets(2451,5): warning MSB3277:         C:\Program Files\dotnet\packs\Microsoft.NETCore.App.Ref\8.0.25\ref\net8.0\WindowsBase.dll [C:\Users\ultra\warewolf\Dev\Dev2.Development.Languages\Dev2.Development.Languages.csproj]
C:\Program Files\dotnet\sdk\10.0.201\Microsoft.Common.CurrentVersion.targets(2451,5): warning MSB3277:           Project file item includes which caused reference "C:\Program Files\dotnet\packs\Microsoft.NETCore.App.Ref\8.0.25\ref\net8.0\WindowsBase.dll". [C:\Users\ultra\warewolf\Dev\Dev2.Development.Languages\Dev2.Development.Languages.csproj]
C:\Program Files\dotnet\sdk\10.0.201\Microsoft.Common.CurrentVersion.targets(2451,5): warning MSB3277:             C:\Program Files\dotnet\packs\Microsoft.NETCore.App.Ref\8.0.25\ref/net8.0/WindowsBase.dll [C:\Users\ultra\warewolf\Dev\Dev2.Development.Languages\Dev2.Development.Languages.csproj]
C:\Program Files\dotnet\sdk\10.0.201\Microsoft.Common.CurrentVersion.targets(2451,5): warning MSB3277:     References which depend on or have been unified to "WindowsBase, Version=6.0.2.0, Culture=neutral, PublicKeyToken=31bf3856ad364e35" []. [C:\Users\ultra\warewolf\Dev\Dev2.Development.Languages\Dev2.Development.Languages.csproj]
C:\Program Files\dotnet\sdk\10.0.201\Microsoft.Common.CurrentVersion.targets(2451,5): warning MSB3277:         C:\Users\ultra\.nuget\packages\caliburn.micro\4.0.212\lib\netcoreapp3.1\Caliburn.Micro.Platform.dll [C:\Users\ultra\warewolf\Dev\Dev2.Development.Languages\Dev2.Development.Languages.csproj]
C:\Program Files\dotnet\sdk\10.0.201\Microsoft.Common.CurrentVersion.targets(2451,5): warning MSB3277:           Project file item includes which caused reference "C:\Users\ultra\.nuget\packages\caliburn.micro\4.0.212\lib\netcoreapp3.1\Caliburn.Micro.Platform.dll". [C:\Users\ultra\warewolf\Dev\Dev2.Development.Languages\Dev2.Development.Languages.csproj]
C:\Program Files\dotnet\sdk\10.0.201\Microsoft.Common.CurrentVersion.targets(2451,5): warning MSB3277:             C:\Users\ultra\.nuget\packages\caliburn.micro\4.0.212\lib\netcoreapp3.1\Caliburn.Micro.Platform.dll [C:\Users\ultra\warewolf\Dev\Dev2.Development.Languages\Dev2.Development.Languages.csproj]
C:\Program Files\dotnet\sdk\10.0.201\Microsoft.Common.CurrentVersion.targets(2451,5): warning MSB3277:         C:\Users\ultra\.nuget\packages\ironpython\3.4.0\lib\net6.0\IronPython.Wpf.dll [C:\Users\ultra\warewolf\Dev\Dev2.Development.Languages\Dev2.Development.Languages.csproj]
C:\Program Files\dotnet\sdk\10.0.201\Microsoft.Common.CurrentVersion.targets(2451,5): warning MSB3277:           Project file item includes which caused reference "C:\Users\ultra\.nuget\packages\ironpython\3.4.0\lib\net6.0\IronPython.Wpf.dll". [C:\Users\ultra\warewolf\Dev\Dev2.Development.Languages\Dev2.Development.Languages.csproj]
C:\Program Files\dotnet\sdk\10.0.201\Microsoft.Common.CurrentVersion.targets(2451,5): warning MSB3277:             C:\Users\ultra\.nuget\packages\ironpython\3.4.0\lib\net6.0\IronPython.Wpf.dll [C:\Users\ultra\warewolf\Dev\Dev2.Development.Languages\Dev2.Development.Languages.csproj]
C:\Program Files\dotnet\sdk\10.0.201\Microsoft.Common.CurrentVersion.targets(2451,5): warning MSB3277:         C:\Users\ultra\.nuget\packages\microsoft.xaml.behaviors.wpf\1.1.19\lib\netcoreapp3.0\Microsoft.Xaml.Behaviors.dll [C:\Users\ultra\warewolf\Dev\Dev2.Development.Languages\Dev2.Development.Languages.csproj]
C:\Program Files\dotnet\sdk\10.0.201\Microsoft.Common.CurrentVersion.targets(2451,5): warning MSB3277:           Project file item includes which caused reference "C:\Users\ultra\.nuget\packages\microsoft.xaml.behaviors.wpf\1.1.19\lib\netcoreapp3.0\Microsoft.Xaml.Behaviors.dll". [C:\Users\ultra\warewolf\Dev\Dev2.Development.Languages\Dev2.Development.Languages.csproj]
C:\Program Files\dotnet\sdk\10.0.201\Microsoft.Common.CurrentVersion.targets(2451,5): warning MSB3277:             C:\Users\ultra\.nuget\packages\microsoft.xaml.behaviors.wpf\1.1.19\lib\netcoreapp3.0\Microsoft.Xaml.Behaviors.dll [C:\Users\ultra\warewolf\Dev\Dev2.Development.Languages\Dev2.Development.Languages.csproj]
C:\Program Files\dotnet\sdk\10.0.201\Microsoft.Common.CurrentVersion.targets(2451,5): warning MSB3277:             C:\Users\ultra\.nuget\packages\caliburn.micro\4.0.212\lib\netcoreapp3.1\Caliburn.Micro.Platform.dll [C:\Users\ultra\warewolf\Dev\Dev2.Development.Languages\Dev2.Development.Languages.csproj]
C:\Users\ultra\warewolf\Dev\Dev2.TaskScheduler.Wrappers\Dev2TaskEvent.cs(47,33): warning CA1416: This call site is reachable on all platforms. 'SecurityIdentifier.Value' is only supported on: 'windows'. (https://learn.microsoft.com/dotnet/fundamentals/code-analysis/quality-rules/ca1416) [C:\Users\ultra\warewolf\Dev\Dev2.TaskScheduler.Wrappers\Dev2.TaskScheduler.Wrappers.csproj]
  Dev2.TaskScheduler.Wrappers -> C:\Users\ultra\warewolf\Dev\Dev2.TaskScheduler.Wrappers\bin\Debug\net8.0\Dev2.TaskScheduler.Wrappers.dll
  Dev2.Development.Languages -> C:\Users\ultra\warewolf\Dev\Dev2.Development.Languages\bin\Debug\net8.0\Dev2.Development.Languages.dll
  Dev2.Util -> C:\Users\ultra\warewolf\Dev\Dev2.Util\bin\Debug\net8.0\Dev2.Util.dll
  Warewolf.Licensing -> C:\Users\ultra\warewolf\Dev\Warewolf.Licensing\bin\Debug\net8.0\Warewolf.Licensing.dll
  Dev2.CustomControls -> C:\Users\ultra\warewolf\Dev\Dev2.CustomControls\bin\Debug\net8.0\Dev2.CustomControls.dll
  Consider app.config remapping of assembly "Newtonsoft.Json, Culture=neutral, PublicKeyToken=30ad4fe6b2a6aeed" from Version "12.0.0.0" [] to Version "13.0.0.0" [C:\Users\ultra\.nuget\packages\newtonsoft.json\13.0.2\lib\net6.0\Newtonsoft.Json.dll] to solve conflict and get rid of warning.
  Dev2.Runtime.Configuration -> C:\Users\ultra\warewolf\Dev\Dev2.Runtime.Configuration\bin\Debug\net8.0\Dev2.Runtime.Configuration.dll
C:\Users\ultra\warewolf\Dev\Dev2.Diagnostics\Debug\DebugDispatcher.cs(209,35): warning CC0057: Parameter 'previous' is not used. (https://code-cracker.github.io/diagnostics/CC0057.html) [C:\Users\ultra\warewolf\Dev\Dev2.Diagnostics\Dev2.Diagnostics.csproj]
  Dev2.Diagnostics -> C:\Users\ultra\warewolf\Dev\Dev2.Diagnostics\bin\Debug\net8.0\Dev2.Diagnostics.dll
C:\Users\ultra\warewolf\Dev\Warewolf.AI.Harness\ChatbotApiService.cs(11,7): warning CS0105: The using directive for 'System.Text' appeared previously in this namespace [C:\Users\ultra\warewolf\Dev\Warewolf.AI.Harness\Warewolf.AI.Harness.csproj]
C:\Users\ultra\warewolf\Dev\Warewolf.AI.Harness\ChatbotApiService.cs(12,7): warning CS0105: The using directive for 'Newtonsoft.Json' appeared previously in this namespace [C:\Users\ultra\warewolf\Dev\Warewolf.AI.Harness\Warewolf.AI.Harness.csproj]
C:\Users\ultra\warewolf\Dev\Warewolf.AI.Harness\ChatbotApiService.cs(641,23): warning CS8618: Non-nullable property 'Model' must contain a non-null value when exiting constructor. Consider adding the 'required' modifier or declaring the property as nullable. [C:\Users\ultra\warewolf\Dev\Warewolf.AI.Harness\Warewolf.AI.Harness.csproj]
C:\Users\ultra\warewolf\Dev\Warewolf.AI.Harness\ChatbotApiService.cs(659,23): warning CS8618: Non-nullable property 'FinishReason' must contain a non-null value when exiting constructor. Consider adding the 'required' modifier or declaring the property as nullable. [C:\Users\ultra\warewolf\Dev\Warewolf.AI.Harness\Warewolf.AI.Harness.csproj]
C:\Users\ultra\warewolf\Dev\Warewolf.AI.Harness\ChatbotApiService.cs(201,34): warning CS8600: Converting null literal or possible null value to non-nullable type. [C:\Users\ultra\warewolf\Dev\Warewolf.AI.Harness\Warewolf.AI.Harness.csproj]
C:\Users\ultra\warewolf\Dev\Warewolf.AI.Harness\ChatbotApiService.cs(215,51): warning CS8602: Dereference of a possibly null reference. [C:\Users\ultra\warewolf\Dev\Warewolf.AI.Harness\Warewolf.AI.Harness.csproj]
C:\Users\ultra\warewolf\Dev\Warewolf.AI.Harness\ChatbotApiService.cs(218,25): warning CS8602: Dereference of a possibly null reference. [C:\Users\ultra\warewolf\Dev\Warewolf.AI.Harness\Warewolf.AI.Harness.csproj]
C:\Users\ultra\warewolf\Dev\Warewolf.AI.Harness\ChatbotApiService.cs(303,34): warning CS8600: Converting null literal or possible null value to non-nullable type. [C:\Users\ultra\warewolf\Dev\Warewolf.AI.Harness\Warewolf.AI.Harness.csproj]
C:\Users\ultra\warewolf\Dev\Warewolf.AI.Harness\ChatbotApiService.cs(312,51): warning CS8602: Dereference of a possibly null reference. [C:\Users\ultra\warewolf\Dev\Warewolf.AI.Harness\Warewolf.AI.Harness.csproj]
C:\Users\ultra\warewolf\Dev\Warewolf.AI.Harness\ChatbotApiService.cs(314,30): warning CS8602: Dereference of a possibly null reference. [C:\Users\ultra\warewolf\Dev\Warewolf.AI.Harness\Warewolf.AI.Harness.csproj]
C:\Users\ultra\warewolf\Dev\Warewolf.AI.Harness\ChatbotApiService.cs(477,32): warning CS8600: Converting null literal or possible null value to non-nullable type. [C:\Users\ultra\warewolf\Dev\Warewolf.AI.Harness\Warewolf.AI.Harness.csproj]
C:\Users\ultra\warewolf\Dev\Warewolf.AI.Harness\ChatbotApiService.cs(478,32): warning CS8600: Converting null literal or possible null value to non-nullable type. [C:\Users\ultra\warewolf\Dev\Warewolf.AI.Harness\Warewolf.AI.Harness.csproj]
C:\Users\ultra\warewolf\Dev\Warewolf.AI.Harness\ChatbotApiService.cs(481,73): warning CS8625: Cannot convert null literal to non-nullable reference type. [C:\Users\ultra\warewolf\Dev\Warewolf.AI.Harness\Warewolf.AI.Harness.csproj]
C:\Users\ultra\warewolf\Dev\Warewolf.AI.Harness\ChatbotApiService.cs(482,60): warning CS8604: Possible null reference argument for parameter 'authHeaderName' in 'HttpResponseMessage ChatbotApiService.PostWithAuth(string endpoint, object payload, string authHeaderName, string authHeaderValue, string additionalHeaders)'. [C:\Users\ultra\warewolf\Dev\Warewolf.AI.Harness\Warewolf.AI.Harness.csproj]
C:\Users\ultra\warewolf\Dev\Warewolf.AI.Harness\ChatbotApiService.cs(482,70): warning CS8604: Possible null reference argument for parameter 'authHeaderValue' in 'HttpResponseMessage ChatbotApiService.PostWithAuth(string endpoint, object payload, string authHeaderName, string authHeaderValue, string additionalHeaders)'. [C:\Users\ultra\warewolf\Dev\Warewolf.AI.Harness\Warewolf.AI.Harness.csproj]
C:\Users\ultra\warewolf\Dev\Warewolf.AI.Harness\ChatbotApiService.cs(482,81): warning CS8625: Cannot convert null literal to non-nullable reference type. [C:\Users\ultra\warewolf\Dev\Warewolf.AI.Harness\Warewolf.AI.Harness.csproj]
C:\Users\ultra\warewolf\Dev\Warewolf.AI.Harness\ChatbotApiService.cs(496,73): warning CS8625: Cannot convert null literal to non-nullable reference type. [C:\Users\ultra\warewolf\Dev\Warewolf.AI.Harness\Warewolf.AI.Harness.csproj]
C:\Users\ultra\warewolf\Dev\Warewolf.AI.Harness\ChatbotApiService.cs(497,81): warning CS8625: Cannot convert null literal to non-nullable reference type. [C:\Users\ultra\warewolf\Dev\Warewolf.AI.Harness\Warewolf.AI.Harness.csproj]
C:\Users\ultra\warewolf\Dev\Warewolf.AI.Harness\ChatbotApiService.cs(514,73): warning CS8625: Cannot convert null literal to non-nullable reference type. [C:\Users\ultra\warewolf\Dev\Warewolf.AI.Harness\Warewolf.AI.Harness.csproj]
C:\Users\ultra\warewolf\Dev\Warewolf.AI.Harness\ChatbotApiService.cs(515,114): warning CS8625: Cannot convert null literal to non-nullable reference type. [C:\Users\ultra\warewolf\Dev\Warewolf.AI.Harness\Warewolf.AI.Harness.csproj]
C:\Users\ultra\warewolf\Dev\Warewolf.AI.Harness\ChatbotApiService.cs(521,36): warning CS8600: Converting null literal or possible null value to non-nullable type. [C:\Users\ultra\warewolf\Dev\Warewolf.AI.Harness\Warewolf.AI.Harness.csproj]
C:\Users\ultra\warewolf\Dev\Warewolf.AI.Harness\ChatbotApiService.cs(538,82): warning CS8604: Possible null reference argument for parameter 'systemMessage' in 'Dictionary<string, object> ChatbotApiService.CreatePayload(string model, object messages, string systemMessage, bool useMaxCompletionTokens, bool includeTemperature)'. [C:\Users\ultra\warewolf\Dev\Warewolf.AI.Harness\Warewolf.AI.Harness.csproj]
C:\Users\ultra\warewolf\Dev\Warewolf.AI.Harness\ChatbotApiService.cs(545,35): warning CS8600: Converting null literal or possible null value to non-nullable type. [C:\Users\ultra\warewolf\Dev\Warewolf.AI.Harness\Warewolf.AI.Harness.csproj]
C:\Users\ultra\warewolf\Dev\Warewolf.AI.Harness\ChatbotApiService.cs(589,68): warning CS8625: Cannot convert null literal to non-nullable reference type. [C:\Users\ultra\warewolf\Dev\Warewolf.AI.Harness\Warewolf.AI.Harness.csproj]
C:\Users\ultra\warewolf\Dev\Warewolf.AI.Harness\ChatbotApiService.cs(589,74): warning CS8625: Cannot convert null literal to non-nullable reference type. [C:\Users\ultra\warewolf\Dev\Warewolf.AI.Harness\Warewolf.AI.Harness.csproj]
C:\Users\ultra\warewolf\Dev\Warewolf.AI.Harness\ChatbotApiService.cs(589,80): warning CS8625: Cannot convert null literal to non-nullable reference type. [C:\Users\ultra\warewolf\Dev\Warewolf.AI.Harness\Warewolf.AI.Harness.csproj]
  Warewolf.AI.Harness -> C:\Users\ultra\warewolf\Dev\Warewolf.AI.Harness\bin\Debug\net8.0\Warewolf.AI.Harness.dll
C:\Users\ultra\warewolf\Dev\Dev2.Infrastructure\PerformanceCounters\Management\PerformanceCounterPersistence.cs(48,81): warning CC0057: Parameter 'resourcePerformanceCounters' is not used. (https://code-cracker.github.io/diagnostics/CC0057.html) [C:\Users\ultra\warewolf\Dev\Dev2.Infrastructure\Dev2.Infrastructure.csproj]
C:\Users\ultra\warewolf\Dev\Dev2.Infrastructure\PerformanceCounters\Management\WarewolfPerformanceCounterManager.cs(22,140): warning CC0057: Parameter 'register' is not used. (https://code-cracker.github.io/diagnostics/CC0057.html) [C:\Users\ultra\warewolf\Dev\Dev2.Infrastructure\Dev2.Infrastructure.csproj]
C:\Users\ultra\warewolf\Dev\Dev2.Infrastructure\PerformanceCounters\Management\WarewolfPerformanceCounterManager.cs(67,83): warning CC0057: Parameter 'name' is not used. (https://code-cracker.github.io/diagnostics/CC0057.html) [C:\Users\ultra\warewolf\Dev\Dev2.Infrastructure\Dev2.Infrastructure.csproj]
C:\Users\ultra\warewolf\Dev\Dev2.Infrastructure\PerformanceCounters\PerformanceCounterCategoryWrapper.cs(33,48): warning CA1416: This call site is reachable on all platforms. 'PerformanceCounterCategory.Exists(string)' is only supported on: 'windows'. (https://learn.microsoft.com/dotnet/fundamentals/code-analysis/quality-rules/ca1416) [C:\Users\ultra\warewolf\Dev\Dev2.Infrastructure\Dev2.Infrastructure.csproj]
C:\Users\ultra\warewolf\Dev\Dev2.Infrastructure\PerformanceCounters\PerformanceCounterCategoryWrapper.cs(12,51): warning CA1416: This call site is reachable on all platforms. 'PerformanceCounterCategory.CounterExists(string)' is only supported on: 'windows'. (https://learn.microsoft.com/dotnet/fundamentals/code-analysis/quality-rules/ca1416) [C:\Users\ultra\warewolf\Dev\Dev2.Infrastructure\Dev2.Infrastructure.csproj]
C:\Users\ultra\warewolf\Dev\Dev2.Infrastructure\PerformanceCounters\PerformanceCounterCategoryWrapper.cs(32,48): warning CA1416: This call site is reachable on all platforms. 'PerformanceCounterCategory.Delete(string)' is only supported on: 'windows'. (https://learn.microsoft.com/dotnet/fundamentals/code-analysis/quality-rules/ca1416) [C:\Users\ultra\warewolf\Dev\Dev2.Infrastructure\Dev2.Infrastructure.csproj]
C:\Users\ultra\warewolf\Dev\Dev2.Infrastructure\PerformanceCounters\PerformanceCounterCategoryWrapper.cs(38,29): warning CA1416: This call site is reachable on all platforms. 'PerformanceCounterCategory' is only supported on: 'windows'. (https://learn.microsoft.com/dotnet/fundamentals/code-analysis/quality-rules/ca1416) [C:\Users\ultra\warewolf\Dev\Dev2.Infrastructure\Dev2.Infrastructure.csproj]
C:\Users\ultra\warewolf\Dev\Dev2.Infrastructure\PerformanceCounters\PerformanceCounterCategoryWrapper.cs(19,45): warning CA1416: This call site is reachable on all platforms. 'CounterCreationData' is only supported on: 'windows'. (https://learn.microsoft.com/dotnet/fundamentals/code-analysis/quality-rules/ca1416) [C:\Users\ultra\warewolf\Dev\Dev2.Infrastructure\Dev2.Infrastructure.csproj]
C:\Users\ultra\warewolf\Dev\Dev2.Infrastructure\PerformanceCounters\PerformanceCounterCategoryWrapper.cs(14,49): warning CA1416: This call site is reachable on all platforms. 'CounterCreationDataCollection' is only supported on: 'windows'. (https://learn.microsoft.com/dotnet/fundamentals/code-analysis/quality-rules/ca1416) [C:\Users\ultra\warewolf\Dev\Dev2.Infrastructure\Dev2.Infrastructure.csproj]
C:\Users\ultra\warewolf\Dev\Dev2.Infrastructure\PerformanceCounters\PerformanceCounterCategoryWrapper.cs(29,13): warning CA1416: This call site is reachable on all platforms. 'PerformanceCounterCategory.Create(string, string, PerformanceCounterCategoryType, CounterCreationDataCollection)' is only supported on: 'windows'. (https://learn.microsoft.com/dotnet/fundamentals/code-analysis/quality-rules/ca1416) [C:\Users\ultra\warewolf\Dev\Dev2.Infrastructure\Dev2.Infrastructure.csproj]
C:\Users\ultra\warewolf\Dev\Dev2.Infrastructure\PerformanceCounters\PerformanceCounterCategoryWrapper.cs(25,21): warning CA1416: This call site is reachable on all platforms. 'CounterCreationDataCollection.Add(CounterCreationData)' is only supported on: 'windows'. (https://learn.microsoft.com/dotnet/fundamentals/code-analysis/quality-rules/ca1416) [C:\Users\ultra\warewolf\Dev\Dev2.Infrastructure\Dev2.Infrastructure.csproj]
C:\Users\ultra\warewolf\Dev\Dev2.Infrastructure\PerformanceCounters\PerformanceCounterCategoryWrapper.cs(29,71): warning CA1416: This call site is reachable on all platforms. 'PerformanceCounterCategoryType.MultiInstance' is only supported on: 'windows'. (https://learn.microsoft.com/dotnet/fundamentals/code-analysis/quality-rules/ca1416) [C:\Users\ultra\warewolf\Dev\Dev2.Infrastructure\Dev2.Infrastructure.csproj]
C:\Users\ultra\warewolf\Dev\Dev2.Infrastructure\PerformanceCounters\PerformanceCounterCategoryWrapper.cs(48,28): warning CA1416: This call site is reachable on all platforms. 'PerformanceCounterType.AverageBase' is only supported on: 'windows'. (https://learn.microsoft.com/dotnet/fundamentals/code-analysis/quality-rules/ca1416) [C:\Users\ultra\warewolf\Dev\Dev2.Infrastructure\Dev2.Infrastructure.csproj]
C:\Users\ultra\warewolf\Dev\Dev2.Infrastructure\PerformanceCounters\PerformanceCounterCategoryWrapper.cs(54,28): warning CA1416: This call site is reachable on all platforms. 'PerformanceCounterType.RateOfCountsPerSecond32' is only supported on: 'windows'. (https://learn.microsoft.com/dotnet/fundamentals/code-analysis/quality-rules/ca1416) [C:\Users\ultra\warewolf\Dev\Dev2.Infrastructure\Dev2.Infrastructure.csproj]
C:\Users\ultra\warewolf\Dev\Dev2.Infrastructure\PerformanceCounters\PerformanceCounterCategoryWrapper.cs(52,28): warning CA1416: This call site is reachable on all platforms. 'PerformanceCounterType.NumberOfItems32' is only supported on: 'windows'. (https://learn.microsoft.com/dotnet/fundamentals/code-analysis/quality-rules/ca1416) [C:\Users\ultra\warewolf\Dev\Dev2.Infrastructure\Dev2.Infrastructure.csproj]
C:\Users\ultra\warewolf\Dev\Dev2.Infrastructure\PerformanceCounters\PerformanceCounterCategoryWrapper.cs(50,28): warning CA1416: This call site is reachable on all platforms. 'PerformanceCounterType.AverageTimer32' is only supported on: 'windows'. (https://learn.microsoft.com/dotnet/fundamentals/code-analysis/quality-rules/ca1416) [C:\Users\ultra\warewolf\Dev\Dev2.Infrastructure\Dev2.Infrastructure.csproj]
C:\Users\ultra\warewolf\Dev\Dev2.Infrastructure\Services\Security\MoqInstallerActions\InstallerActionsForDevelopment.cs(59,57): warning CA1416: This call site is reachable on all platforms. 'WindowsIdentity.Name' is only supported on: 'windows'. (https://learn.microsoft.com/dotnet/fundamentals/code-analysis/quality-rules/ca1416) [C:\Users\ultra\warewolf\Dev\Dev2.Infrastructure\Dev2.Infrastructure.csproj]
C:\Users\ultra\warewolf\Dev\Dev2.Infrastructure\Services\Security\MoqInstallerActions\InstallerActionsForDevelopment.cs(57,31): warning CA1416: This call site is reachable on all platforms. 'WindowsIdentity.GetCurrent(bool)' is only supported on: 'windows'. (https://learn.microsoft.com/dotnet/fundamentals/code-analysis/quality-rules/ca1416) [C:\Users\ultra\warewolf\Dev\Dev2.Infrastructure\Dev2.Infrastructure.csproj]
C:\Users\ultra\warewolf\Dev\Dev2.Infrastructure\Services\Security\SecuritySettings.cs(92,28): warning CC0022: HMACSHA256 should be disposed. (https://code-cracker.github.io/diagnostics/CC0022.html) [C:\Users\ultra\warewolf\Dev\Dev2.Infrastructure\Dev2.Infrastructure.csproj]
CSC : warning AD0001: Analyzer 'CodeCracker.CSharp.Design.UseInvokeMethodToFireEventAnalyzer' threw an exception of type 'System.ArgumentException' with message 'Syntax node is not within syntax tree'. [C:\Users\ultra\warewolf\Dev\Dev2.Infrastructure\Dev2.Infrastructure.csproj]
CSC : warning AD0001: Analyzer 'CodeCracker.CSharp.Design.UseInvokeMethodToFireEventAnalyzer' threw an exception of type 'System.ArgumentException' with message 'Syntax node is not within syntax tree'. [C:\Users\ultra\warewolf\Dev\Dev2.Infrastructure\Dev2.Infrastructure.csproj]
CSC : warning AD0001: Analyzer 'CodeCracker.CSharp.Design.UseInvokeMethodToFireEventAnalyzer' threw an exception of type 'System.ArgumentException' with message 'Syntax node is not within syntax tree'. [C:\Users\ultra\warewolf\Dev\Dev2.Infrastructure\Dev2.Infrastructure.csproj]
CSC : warning AD0001: Analyzer 'CodeCracker.CSharp.Design.UseInvokeMethodToFireEventAnalyzer' threw an exception of type 'System.ArgumentException' with message 'Syntax node is not within syntax tree'. [C:\Users\ultra\warewolf\Dev\Dev2.Infrastructure\Dev2.Infrastructure.csproj]
CSC : warning AD0001: Analyzer 'CodeCracker.CSharp.Design.UseInvokeMethodToFireEventAnalyzer' threw an exception of type 'System.ArgumentException' with message 'Syntax node is not within syntax tree'. [C:\Users\ultra\warewolf\Dev\Dev2.Infrastructure\Dev2.Infrastructure.csproj]
CSC : warning AD0001: Analyzer 'CodeCracker.CSharp.Design.UseInvokeMethodToFireEventAnalyzer' threw an exception of type 'System.ArgumentException' with message 'Syntax node is not within syntax tree'. [C:\Users\ultra\warewolf\Dev\Dev2.Infrastructure\Dev2.Infrastructure.csproj]
CSC : warning AD0001: Analyzer 'CodeCracker.CSharp.Design.UseInvokeMethodToFireEventAnalyzer' threw an exception of type 'System.ArgumentException' with message 'Syntax node is not within syntax tree'. [C:\Users\ultra\warewolf\Dev\Dev2.Infrastructure\Dev2.Infrastructure.csproj]
CSC : warning AD0001: Analyzer 'CodeCracker.CSharp.Design.UseInvokeMethodToFireEventAnalyzer' threw an exception of type 'System.ArgumentException' with message 'Syntax node is not within syntax tree'. [C:\Users\ultra\warewolf\Dev\Dev2.Infrastructure\Dev2.Infrastructure.csproj]
CSC : warning AD0001: Analyzer 'CodeCracker.CSharp.Design.UseInvokeMethodToFireEventAnalyzer' threw an exception of type 'System.ArgumentException' with message 'Syntax node is not within syntax tree'. [C:\Users\ultra\warewolf\Dev\Dev2.Infrastructure\Dev2.Infrastructure.csproj]
CSC : warning AD0001: Analyzer 'CodeCracker.CSharp.Design.UseInvokeMethodToFireEventAnalyzer' threw an exception of type 'System.ArgumentException' with message 'Syntax node is not within syntax tree'. [C:\Users\ultra\warewolf\Dev\Dev2.Infrastructure\Dev2.Infrastructure.csproj]
CSC : warning AD0001: Analyzer 'CodeCracker.CSharp.Design.UseInvokeMethodToFireEventAnalyzer' threw an exception of type 'System.ArgumentException' with message 'Syntax node is not within syntax tree'. [C:\Users\ultra\warewolf\Dev\Dev2.Infrastructure\Dev2.Infrastructure.csproj]
CSC : warning AD0001: Analyzer 'CodeCracker.CSharp.Design.UseInvokeMethodToFireEventAnalyzer' threw an exception of type 'System.ArgumentException' with message 'Syntax node is not within syntax tree'. [C:\Users\ultra\warewolf\Dev\Dev2.Infrastructure\Dev2.Infrastructure.csproj]
CSC : warning AD0001: Analyzer 'CodeCracker.CSharp.Design.UseInvokeMethodToFireEventAnalyzer' threw an exception of type 'System.ArgumentException' with message 'Syntax node is not within syntax tree'. [C:\Users\ultra\warewolf\Dev\Dev2.Infrastructure\Dev2.Infrastructure.csproj]
CSC : warning AD0001: Analyzer 'CodeCracker.CSharp.Design.UseInvokeMethodToFireEventAnalyzer' threw an exception of type 'System.ArgumentException' with message 'Syntax node is not within syntax tree'. [C:\Users\ultra\warewolf\Dev\Dev2.Infrastructure\Dev2.Infrastructure.csproj]
  Dev2.Infrastructure -> C:\Users\ultra\warewolf\Dev\Dev2.Infrastructure\bin\Debug\net8.0\Dev2.Infrastructure.dll
C:\Program Files\dotnet\sdk\10.0.201\Microsoft.CSharp.CurrentVersion.targets(130,9): warning MSB3884: Could not find rule set file "..\.sonarlint\warewolf_dotnet_frameworkcsharp.ruleset". [C:\Users\ultra\warewolf\Dev\Warewolf.Sharepoint\Warewolf.Sharepoint.csproj]
  Warewolf.Sharepoint -> C:\Users\ultra\warewolf\Dev\Warewolf.Sharepoint\bin\Debug\net8.0\Warewolf.Sharepoint.dll
  Warewolf.Storage -> C:\Users\ultra\warewolf\Dev\Warewolf.Storage\bin\Debug\net8.0\Warewolf.Storage.dll
C:\Program Files\dotnet\sdk\10.0.201\Microsoft.Common.CurrentVersion.targets(2451,5): warning MSB3245: Could not resolve this reference. Could not locate the assembly "System.Web". Check to make sure the assembly exists on disk. If this reference is required by your code, you may get compilation errors. [C:\Users\ultra\warewolf\Dev\Dev2.Data\Dev2.Data.csproj]
C:\Program Files\dotnet\sdk\10.0.201\Microsoft.Common.CurrentVersion.targets(2451,5): warning MSB3245: Could not resolve this reference. Could not locate the assembly "System.Web.Extensions". Check to make sure the assembly exists on disk. If this reference is required by your code, you may get compilation errors. [C:\Users\ultra\warewolf\Dev\Dev2.Data\Dev2.Data.csproj]
C:\Program Files\dotnet\sdk\10.0.201\Microsoft.Common.CurrentVersion.targets(2451,5): warning MSB3245: Could not resolve this reference. Could not locate the assembly "System.Xml.Linq". Check to make sure the assembly exists on disk. If this reference is required by your code, you may get compilation errors. [C:\Users\ultra\warewolf\Dev\Dev2.Data\Dev2.Data.csproj]
C:\Program Files\dotnet\sdk\10.0.201\Microsoft.Common.CurrentVersion.targets(2451,5): warning MSB3245: Could not resolve this reference. Could not locate the assembly "System.Data.DataSetExtensions". Check to make sure the assembly exists on disk. If this reference is required by your code, you may get compilation errors. [C:\Users\ultra\warewolf\Dev\Dev2.Data\Dev2.Data.csproj]
C:\Program Files\dotnet\sdk\10.0.201\Microsoft.Common.CurrentVersion.targets(2451,5): warning MSB3245: Could not resolve this reference. Could not locate the assembly "Microsoft.CSharp". Check to make sure the assembly exists on disk. If this reference is required by your code, you may get compilation errors. [C:\Users\ultra\warewolf\Dev\Dev2.Data\Dev2.Data.csproj]
C:\Program Files\dotnet\sdk\10.0.201\Microsoft.Common.CurrentVersion.targets(2451,5): warning MSB3245: Could not resolve this reference. Could not locate the assembly "System.Data". Check to make sure the assembly exists on disk. If this reference is required by your code, you may get compilation errors. [C:\Users\ultra\warewolf\Dev\Dev2.Data\Dev2.Data.csproj]
C:\Program Files\dotnet\sdk\10.0.201\Microsoft.Common.CurrentVersion.targets(2451,5): warning MSB3245: Could not resolve this reference. Could not locate the assembly "System.Xml". Check to make sure the assembly exists on disk. If this reference is required by your code, you may get compilation errors. [C:\Users\ultra\warewolf\Dev\Dev2.Data\Dev2.Data.csproj]
C:\Users\ultra\warewolf\Dev\Dev2.Services.Sql\ConnectionBuilder.cs(44,21): warning CC0029: 'ConnectionBuilder' should call GC.SuppressFinalize inside the Dispose method. (https://code-cracker.github.io/diagnostics/CC0029.html) [C:\Users\ultra\warewolf\Dev\Dev2.Services.Sql\Dev2.Services.Sql.csproj]
  Dev2.Services.Sql -> C:\Users\ultra\warewolf\Dev\Dev2.Services.Sql\bin\Debug\net8.0\Dev2.Services.Sql.dll
C:\Program Files\dotnet\sdk\10.0.201\Microsoft.Common.CurrentVersion.targets(2451,5): warning MSB3243: No way to resolve conflict between "System.Web, Version=4.0.0.0, Culture=neutral, PublicKeyToken=b03f5f7f11d50a3a" and "System.Web". Choosing "System.Web, Version=4.0.0.0, Culture=neutral, PublicKeyToken=b03f5f7f11d50a3a" arbitrarily. [C:\Users\ultra\warewolf\Dev\Dev2.Data\Dev2.Data.csproj]
C:\Program Files\dotnet\sdk\10.0.201\Microsoft.Common.CurrentVersion.targets(2451,5): warning MSB3243: No way to resolve conflict between "System.Xml.Linq, Version=4.0.0.0, Culture=neutral, PublicKeyToken=b77a5c561934e089" and "System.Xml.Linq". Choosing "System.Xml.Linq, Version=4.0.0.0, Culture=neutral, PublicKeyToken=b77a5c561934e089" arbitrarily. [C:\Users\ultra\warewolf\Dev\Dev2.Data\Dev2.Data.csproj]
C:\Program Files\dotnet\sdk\10.0.201\Microsoft.Common.CurrentVersion.targets(2451,5): warning MSB3243: No way to resolve conflict between "System.Data.DataSetExtensions, Version=8.0.0.0, Culture=neutral, PublicKeyToken=b77a5c561934e089" and "System.Data.DataSetExtensions". Choosing "System.Data.DataSetExtensions, Version=8.0.0.0, Culture=neutral, PublicKeyToken=b77a5c561934e089" arbitrarily. [C:\Users\ultra\warewolf\Dev\Dev2.Data\Dev2.Data.csproj]
C:\Program Files\dotnet\sdk\10.0.201\Microsoft.Common.CurrentVersion.targets(2451,5): warning MSB3243: No way to resolve conflict between "Microsoft.CSharp, Version=8.0.0.0, Culture=neutral, PublicKeyToken=b03f5f7f11d50a3a" and "Microsoft.CSharp". Choosing "Microsoft.CSharp, Version=8.0.0.0, Culture=neutral, PublicKeyToken=b03f5f7f11d50a3a" arbitrarily. [C:\Users\ultra\warewolf\Dev\Dev2.Data\Dev2.Data.csproj]
C:\Program Files\dotnet\sdk\10.0.201\Microsoft.Common.CurrentVersion.targets(2451,5): warning MSB3243: No way to resolve conflict between "System.Data, Version=4.0.0.0, Culture=neutral, PublicKeyToken=b77a5c561934e089" and "System.Data". Choosing "System.Data, Version=4.0.0.0, Culture=neutral, PublicKeyToken=b77a5c561934e089" arbitrarily. [C:\Users\ultra\warewolf\Dev\Dev2.Data\Dev2.Data.csproj]
C:\Program Files\dotnet\sdk\10.0.201\Microsoft.Common.CurrentVersion.targets(2451,5): warning MSB3243: No way to resolve conflict between "System.Xml, Version=4.0.0.0, Culture=neutral, PublicKeyToken=b77a5c561934e089" and "System.Xml". Choosing "System.Xml, Version=4.0.0.0, Culture=neutral, PublicKeyToken=b77a5c561934e089" arbitrarily. [C:\Users\ultra\warewolf\Dev\Dev2.Data\Dev2.Data.csproj]
CSC : warning CS2002: Source file 'C:\Users\ultra\warewolf\Dev\Dev2.Data\MathOperations\NCalc\NCalcExpressionBuilder.cs' specified multiple times [C:\Users\ultra\warewolf\Dev\Dev2.Data\Dev2.Data.csproj]
CSC : warning CS2002: Source file 'C:\Users\ultra\warewolf\Dev\Dev2.Data\MathOperations\NCalc\NCalcFunctionArgHelper.cs' specified multiple times [C:\Users\ultra\warewolf\Dev\Dev2.Data\Dev2.Data.csproj]
CSC : warning CS2002: Source file 'C:\Users\ultra\warewolf\Dev\Dev2.Data\MathOperations\NCalc\Functions\BaseConversionFunctions.cs' specified multiple times [C:\Users\ultra\warewolf\Dev\Dev2.Data\Dev2.Data.csproj]
CSC : warning CS2002: Source file 'C:\Users\ultra\warewolf\Dev\Dev2.Data\MathOperations\NCalc\Functions\ComplexFunctions.cs' specified multiple times [C:\Users\ultra\warewolf\Dev\Dev2.Data\Dev2.Data.csproj]
CSC : warning CS2002: Source file 'C:\Users\ultra\warewolf\Dev\Dev2.Data\MathOperations\NCalc\Functions\DateTimeFunctions.cs' specified multiple times [C:\Users\ultra\warewolf\Dev\Dev2.Data\Dev2.Data.csproj]
CSC : warning CS2002: Source file 'C:\Users\ultra\warewolf\Dev\Dev2.Data\MathOperations\NCalc\Functions\FinancialFunctions.cs' specified multiple times [C:\Users\ultra\warewolf\Dev\Dev2.Data\Dev2.Data.csproj]
CSC : warning CS2002: Source file 'C:\Users\ultra\warewolf\Dev\Dev2.Data\MathOperations\NCalc\Functions\InformationFunctions.cs' specified multiple times [C:\Users\ultra\warewolf\Dev\Dev2.Data\Dev2.Data.csproj]
CSC : warning CS2002: Source file 'C:\Users\ultra\warewolf\Dev\Dev2.Data\MathOperations\NCalc\Functions\MathFunctions.cs' specified multiple times [C:\Users\ultra\warewolf\Dev\Dev2.Data\Dev2.Data.csproj]
CSC : warning CS2002: Source file 'C:\Users\ultra\warewolf\Dev\Dev2.Data\MathOperations\NCalc\Functions\StringFunctions.cs' specified multiple times [C:\Users\ultra\warewolf\Dev\Dev2.Data\Dev2.Data.csproj]
C:\Users\ultra\warewolf\Dev\Dev2.Data\MathOperations\NCalc\Functions\MathFunctions.cs(22,30): warning CS8632: The annotation for nullable reference types should only be used in code within a '#nullable' annotations context. [C:\Users\ultra\warewolf\Dev\Dev2.Data\Dev2.Data.csproj]
C:\Users\ultra\warewolf\Dev\Dev2.Data\MathOperations\NCalc\NCalcFunctionArgHelper.cs(51,47): warning CS8632: The annotation for nullable reference types should only be used in code within a '#nullable' annotations context. [C:\Users\ultra\warewolf\Dev\Dev2.Data\Dev2.Data.csproj]
C:\Users\ultra\warewolf\Dev\Dev2.Data\MathOperations\NCalc\Functions\StringFunctions.cs(94,59): warning CS8632: The annotation for nullable reference types should only be used in code within a '#nullable' annotations context. [C:\Users\ultra\warewolf\Dev\Dev2.Data\Dev2.Data.csproj]
C:\Users\ultra\warewolf\Dev\Dev2.Data\NativeMethods.cs(66,59): warning CS0472: The result of the expression is always 'false' since a value of type 'nint' is never equal to 'null' of type 'nint?' [C:\Users\ultra\warewolf\Dev\Dev2.Data\Dev2.Data.csproj]
C:\Users\ultra\warewolf\Dev\Dev2.Data\NativeMethods.cs(88,8): warning CS0472: The result of the expression is always 'false' since a value of type 'nint' is never equal to 'null' of type 'nint?' [C:\Users\ultra\warewolf\Dev\Dev2.Data\Dev2.Data.csproj]
C:\Users\ultra\warewolf\Dev\Dev2.Data\Security\WindowsIdentityExtensions.cs(28,49): warning CA1416: This call site is reachable on all platforms. 'WindowsIdentity.AccessToken' is only supported on: 'windows'. (https://learn.microsoft.com/dotnet/fundamentals/code-analysis/quality-rules/ca1416) [C:\Users\ultra\warewolf\Dev\Dev2.Data\Dev2.Data.csproj]
C:\Users\ultra\warewolf\Dev\Dev2.Data\Security\WindowsIdentityExtensions.cs(41,24): warning CA1416: This call site is reachable on all platforms. 'WindowsIdentity.RunImpersonated<T>(SafeAccessTokenHandle, Func<T>)' is only supported on: 'windows'. (https://learn.microsoft.com/dotnet/fundamentals/code-analysis/quality-rules/ca1416) [C:\Users\ultra\warewolf\Dev\Dev2.Data\Dev2.Data.csproj]
C:\Users\ultra\warewolf\Dev\Dev2.Data\Security\WindowsIdentityExtensions.cs(41,59): warning CA1416: This call site is reachable on all platforms. 'WindowsIdentity.AccessToken' is only supported on: 'windows'. (https://learn.microsoft.com/dotnet/fundamentals/code-analysis/quality-rules/ca1416) [C:\Users\ultra\warewolf\Dev\Dev2.Data\Dev2.Data.csproj]
C:\Users\ultra\warewolf\Dev\Dev2.Data\Security\WindowsIdentityExtensions.cs(28,17): warning CA1416: This call site is reachable on all platforms. 'WindowsIdentity.RunImpersonated(SafeAccessTokenHandle, Action)' is only supported on: 'windows'. (https://learn.microsoft.com/dotnet/fundamentals/code-analysis/quality-rules/ca1416) [C:\Users\ultra\warewolf\Dev\Dev2.Data\Dev2.Data.csproj]
C:\Users\ultra\warewolf\Dev\Dev2.Data\PathOperations\ValidateAuthorization.cs(73,33): warning CA1416: This call site is reachable on all platforms. 'WindowsIdentity' is only supported on: 'windows'. (https://learn.microsoft.com/dotnet/fundamentals/code-analysis/quality-rules/ca1416) [C:\Users\ultra\warewolf\Dev\Dev2.Data\Dev2.Data.csproj]
  Dev2.Data -> C:\Users\ultra\warewolf\Dev\Dev2.Data\bin\Debug\net8.0\Dev2.Data.dll
  Warewolf.Driver.Serilog -> C:\Users\ultra\warewolf\Dev\Warewolf.Driver.Serilog\bin\Debug\net8.0\Warewolf.Driver.Serilog.dll
  Dev2.Scheduler -> C:\Users\ultra\warewolf\Dev\Dev2.Scheduler\bin\Debug\net8.0\Dev2.Scheduler.dll
  Dev2.Core -> C:\Users\ultra\warewolf\Dev\Dev2.Core\bin\Debug\net8.0\Dev2.Core.dll
  Warewolf.Exchange.Email.Wrapper -> C:\Users\ultra\warewolf\Dev\Warewolf.Exchange.Email.Wrapper\bin\Debug\net8.0\Warewolf.Exchange.Email.Wrapper.dll
  Warewolf.ResourceManagement -> C:\Users\ultra\warewolf\Dev\Warewolf.ResourceManagement\bin\Debug\net8.0\Warewolf.ResourceManagement.dll
C:\Users\ultra\warewolf\Dev\Warewolf.Core\InputsFromJson.cs(99,21): warning CC0105: Use 'var' instead of specifying the type name. (https://code-cracker.github.io/diagnostics/CC0105.html) [C:\Users\ultra\warewolf\Dev\Warewolf.Core\Warewolf.Core.csproj]
  Warewolf.Core -> C:\Users\ultra\warewolf\Dev\Warewolf.Core\bin\Debug\net8.0\Warewolf.Core.dll
C:\Users\ultra\warewolf\Dev\Warewolf.Auditing\Audit.cs(189,26): warning CS8073: The result of the expression is always 'false' since a value of type 'DateTime' is never equal to 'null' of type 'DateTime?' [C:\Users\ultra\warewolf\Dev\Warewolf.Auditing\Warewolf.Auditing.csproj]
C:\Users\ultra\warewolf\Dev\Warewolf.Auditing\Drivers\AuditQueryableElastic.cs(360,33): warning CS0618: 'ElasticsearchClient.Search<TDocument>(SearchRequestDescriptor<TDocument>)' is obsolete: 'Synchronous methods are deprecated and could be removed in the future.' [C:\Users\ultra\warewolf\Dev\Warewolf.Auditing\Warewolf.Auditing.csproj]
C:\Users\ultra\warewolf\Dev\Warewolf.Auditing\Drivers\AuditQueryableElastic.cs(384,26): warning CS0618: 'ElasticsearchClient.Ping()' is obsolete: 'Synchronous methods are deprecated and could be removed in the future.' [C:\Users\ultra\warewolf\Dev\Warewolf.Auditing\Warewolf.Auditing.csproj]
  Warewolf.Auditing -> C:\Users\ultra\warewolf\Dev\Warewolf.Auditing\bin\Debug\net8.0\Warewolf.Auditing.dll
C:\Users\ultra\warewolf\Dev\Warewolf.Common.NetStandard20\Wrappers\WebRequestWrapper.cs(26,24): warning SYSLIB0014: 'WebRequest.Create(string)' is obsolete: 'WebRequest, HttpWebRequest, ServicePoint, and WebClient are obsolete. Use HttpClient instead.' (https://aka.ms/dotnet-warnings/SYSLIB0014) [C:\Users\ultra\warewolf\Dev\Warewolf.Common.NetStandard20\Warewolf.Common.NetStandard20.csproj]
C:\Users\ultra\warewolf\Dev\Warewolf.Common.NetStandard20\Wrappers\WebClientWrapper.cs(26,26): warning SYSLIB0014: 'WebClient.WebClient()' is obsolete: 'WebRequest, HttpWebRequest, ServicePoint, and WebClient are obsolete. Use HttpClient instead.' (https://aka.ms/dotnet-warnings/SYSLIB0014) [C:\Users\ultra\warewolf\Dev\Warewolf.Common.NetStandard20\Warewolf.Common.NetStandard20.csproj]
C:\Users\ultra\warewolf\Dev\Warewolf.Common.NetStandard20\Wrappers\WebClientWrapper.cs(31,26): warning SYSLIB0014: 'WebClient.WebClient()' is obsolete: 'WebRequest, HttpWebRequest, ServicePoint, and WebClient are obsolete. Use HttpClient instead.' (https://aka.ms/dotnet-warnings/SYSLIB0014) [C:\Users\ultra\warewolf\Dev\Warewolf.Common.NetStandard20\Warewolf.Common.NetStandard20.csproj]
  Warewolf.Common.NetStandard20 -> C:\Users\ultra\warewolf\Dev\Warewolf.Common.NetStandard20\bin\Debug\net8.0\Warewolf.Common.NetStandard20.dll
C:\Users\ultra\warewolf\Dev\Dev2.Runtime.Services\ServiceModel\ElasticsearchSources.cs(110,34): warning CS0618: 'ElasticsearchClient.Ping()' is obsolete: 'Synchronous methods are deprecated and could be removed in the future.' [C:\Users\ultra\warewolf\Dev\Dev2.Runtime.Services\Dev2.Runtime.Services.csproj]
C:\Users\ultra\warewolf\Dev\Dev2.Runtime.Services\ESB\Management\Services\FetchTestsAndTriggers.cs(45,17): warning CC0105: Use 'var' instead of specifying the type name. (https://code-cracker.github.io/diagnostics/CC0105.html) [C:\Users\ultra\warewolf\Dev\Dev2.Runtime.Services\Dev2.Runtime.Services.csproj]
C:\Users\ultra\warewolf\Dev\Dev2.Runtime.Services\UsageLogger.cs(66,33): warning CC0022: ManagementObjectSearcher should be disposed. (https://code-cracker.github.io/diagnostics/CC0022.html) [C:\Users\ultra\warewolf\Dev\Dev2.Runtime.Services\Dev2.Runtime.Services.csproj]
C:\Users\ultra\warewolf\Dev\Dev2.Runtime.Services\ServiceModel\WebSources.cs(532,7): warning CC0004: Empty Catch Block. (https://code-cracker.github.io/diagnostics/CC0004.html) [C:\Users\ultra\warewolf\Dev\Dev2.Runtime.Services\Dev2.Runtime.Services.csproj]
C:\Users\ultra\warewolf\Dev\Dev2.Runtime.Services\ServiceModel\WebSources.cs(751,38): warning CC0022: StringContent should be disposed. (https://code-cracker.github.io/diagnostics/CC0022.html) [C:\Users\ultra\warewolf\Dev\Dev2.Runtime.Services\Dev2.Runtime.Services.csproj]
C:\Users\ultra\warewolf\Dev\Dev2.Runtime.Services\ESB\Management\Services\TestChatbotSource.cs(44,17): warning CC0105: Use 'var' instead of specifying the type name. (https://code-cracker.github.io/diagnostics/CC0105.html) [C:\Users\ultra\warewolf\Dev\Dev2.Runtime.Services\Dev2.Runtime.Services.csproj]
C:\Users\ultra\warewolf\Dev\Dev2.Runtime.Services\ESB\Management\Services\TestChatbotSource.cs(45,17): warning CC0105: Use 'var' instead of specifying the type name. (https://code-cracker.github.io/diagnostics/CC0105.html) [C:\Users\ultra\warewolf\Dev\Dev2.Runtime.Services\Dev2.Runtime.Services.csproj]
C:\Users\ultra\warewolf\Dev\Dev2.Runtime.Services\ESB\Management\Services\ChatbotToolNormalizer.cs(80,17): warning CC0003: Consider adding an Exception to the catch. (https://code-cracker.github.io/diagnostics/CC0003.html) [C:\Users\ultra\warewolf\Dev\Dev2.Runtime.Services\Dev2.Runtime.Services.csproj]
C:\Users\ultra\warewolf\Dev\Dev2.Runtime.Services\ESB\Management\Services\ChatbotToolNormalizer.cs(101,21): warning CC0004: Empty Catch Block. (https://code-cracker.github.io/diagnostics/CC0004.html) [C:\Users\ultra\warewolf\Dev\Dev2.Runtime.Services\Dev2.Runtime.Services.csproj]
C:\Users\ultra\warewolf\Dev\Dev2.Runtime.Services\ESB\Management\Services\ChatbotToolNormalizer.cs(226,21): warning CC0105: Use 'var' instead of specifying the type name. (https://code-cracker.github.io/diagnostics/CC0105.html) [C:\Users\ultra\warewolf\Dev\Dev2.Runtime.Services\Dev2.Runtime.Services.csproj]
C:\Users\ultra\warewolf\Dev\Dev2.Runtime.Services\ESB\Management\Services\ChatbotToolNormalizer.cs(279,21): warning CC0105: Use 'var' instead of specifying the type name. (https://code-cracker.github.io/diagnostics/CC0105.html) [C:\Users\ultra\warewolf\Dev\Dev2.Runtime.Services\Dev2.Runtime.Services.csproj]
  Dev2.Runtime.Services -> C:\Users\ultra\warewolf\Dev\Dev2.Runtime.Services\bin\Debug\net8.0\Dev2.Runtime.Services.dll
C:\Users\ultra\warewolf\Dev\Warewolf.Driver.Persistence\Drivers\HangfireScheduler.cs(397,17): warning CA2200: Re-throwing caught exception changes stack information (https://learn.microsoft.com/dotnet/fundamentals/code-analysis/quality-rules/ca2200) [C:\Users\ultra\warewolf\Dev\Warewolf.Driver.Persistence\Warewolf.Driver.Persistence.csproj]
C:\Users\ultra\warewolf\Dev\Warewolf.Driver.Persistence\Drivers\HangfireScheduler.cs(320,17): warning CA2200: Re-throwing caught exception changes stack information (https://learn.microsoft.com/dotnet/fundamentals/code-analysis/quality-rules/ca2200) [C:\Users\ultra\warewolf\Dev\Warewolf.Driver.Persistence\Warewolf.Driver.Persistence.csproj]
C:\Users\ultra\warewolf\Dev\Warewolf.Driver.Persistence\Drivers\HangfireScheduler.cs(376,17): warning CA2200: Re-throwing caught exception changes stack information (https://learn.microsoft.com/dotnet/fundamentals/code-analysis/quality-rules/ca2200) [C:\Users\ultra\warewolf\Dev\Warewolf.Driver.Persistence\Warewolf.Driver.Persistence.csproj]
  Warewolf.Driver.Persistence -> C:\Users\ultra\warewolf\Dev\Warewolf.Driver.Persistence\bin\Debug\net8.0\Warewolf.Driver.Persistence.dll
  Dev2.Services.Execution -> C:\Users\ultra\warewolf\Dev\Dev2.Services.Execution\bin\Debug\net8.0\Dev2.Services.Execution.dll
C:\Program Files\dotnet\sdk\10.0.201\Microsoft.Common.CurrentVersion.targets(2451,5): warning MSB3245: Could not resolve this reference. Could not locate the assembly "System.ServiceModel.Activities". Check to make sure the assembly exists on disk. If this reference is required by your code, you may get compilation errors. [C:\Users\ultra\warewolf\Dev\Dev2.Activities\Dev2.Activities.csproj]
C:\Program Files\dotnet\sdk\10.0.201\Microsoft.Common.CurrentVersion.targets(2451,5): warning MSB3277: Found conflicts between different versions of "WindowsBase" that could not be resolved. [C:\Users\ultra\warewolf\Dev\Dev2.Activities\Dev2.Activities.csproj]
C:\Program Files\dotnet\sdk\10.0.201\Microsoft.Common.CurrentVersion.targets(2451,5): warning MSB3277: There was a conflict between "WindowsBase, Version=4.0.0.0, Culture=neutral, PublicKeyToken=31bf3856ad364e35" and "WindowsBase, Version=6.0.2.0, Culture=neutral, PublicKeyToken=31bf3856ad364e35". [C:\Users\ultra\warewolf\Dev\Dev2.Activities\Dev2.Activities.csproj]
C:\Program Files\dotnet\sdk\10.0.201\Microsoft.Common.CurrentVersion.targets(2451,5): warning MSB3277:     "WindowsBase, Version=4.0.0.0, Culture=neutral, PublicKeyToken=31bf3856ad364e35" was chosen because it was primary and "WindowsBase, Version=6.0.2.0, Culture=neutral, PublicKeyToken=31bf3856ad364e35" was not. [C:\Users\ultra\warewolf\Dev\Dev2.Activities\Dev2.Activities.csproj]
C:\Program Files\dotnet\sdk\10.0.201\Microsoft.Common.CurrentVersion.targets(2451,5): warning MSB3277:     References which depend on "WindowsBase, Version=4.0.0.0, Culture=neutral, PublicKeyToken=31bf3856ad364e35" [C:\Program Files\dotnet\packs\Microsoft.NETCore.App.Ref\8.0.25\ref\net8.0\WindowsBase.dll]. [C:\Users\ultra\warewolf\Dev\Dev2.Activities\Dev2.Activities.csproj]
C:\Program Files\dotnet\sdk\10.0.201\Microsoft.Common.CurrentVersion.targets(2451,5): warning MSB3277:         C:\Program Files\dotnet\packs\Microsoft.NETCore.App.Ref\8.0.25\ref\net8.0\WindowsBase.dll [C:\Users\ultra\warewolf\Dev\Dev2.Activities\Dev2.Activities.csproj]
C:\Program Files\dotnet\sdk\10.0.201\Microsoft.Common.CurrentVersion.targets(2451,5): warning MSB3277:           Project file item includes which caused reference "C:\Program Files\dotnet\packs\Microsoft.NETCore.App.Ref\8.0.25\ref\net8.0\WindowsBase.dll". [C:\Users\ultra\warewolf\Dev\Dev2.Activities\Dev2.Activities.csproj]
C:\Program Files\dotnet\sdk\10.0.201\Microsoft.Common.CurrentVersion.targets(2451,5): warning MSB3277:             C:\Program Files\dotnet\packs\Microsoft.NETCore.App.Ref\8.0.25\ref/net8.0/WindowsBase.dll [C:\Users\ultra\warewolf\Dev\Dev2.Activities\Dev2.Activities.csproj]
C:\Program Files\dotnet\sdk\10.0.201\Microsoft.Common.CurrentVersion.targets(2451,5): warning MSB3277:     References which depend on or have been unified to "WindowsBase, Version=6.0.2.0, Culture=neutral, PublicKeyToken=31bf3856ad364e35" []. [C:\Users\ultra\warewolf\Dev\Dev2.Activities\Dev2.Activities.csproj]
C:\Program Files\dotnet\sdk\10.0.201\Microsoft.Common.CurrentVersion.targets(2451,5): warning MSB3277:         C:\Users\ultra\.nuget\packages\caliburn.micro\4.0.212\lib\netcoreapp3.1\Caliburn.Micro.Platform.dll [C:\Users\ultra\warewolf\Dev\Dev2.Activities\Dev2.Activities.csproj]
C:\Program Files\dotnet\sdk\10.0.201\Microsoft.Common.CurrentVersion.targets(2451,5): warning MSB3277:           Project file item includes which caused reference "C:\Users\ultra\.nuget\packages\caliburn.micro\4.0.212\lib\netcoreapp3.1\Caliburn.Micro.Platform.dll". [C:\Users\ultra\warewolf\Dev\Dev2.Activities\Dev2.Activities.csproj]
C:\Program Files\dotnet\sdk\10.0.201\Microsoft.Common.CurrentVersion.targets(2451,5): warning MSB3277:             C:\Users\ultra\.nuget\packages\caliburn.micro\4.0.212\lib\netcoreapp3.1\Caliburn.Micro.Platform.dll [C:\Users\ultra\warewolf\Dev\Dev2.Activities\Dev2.Activities.csproj]
C:\Program Files\dotnet\sdk\10.0.201\Microsoft.Common.CurrentVersion.targets(2451,5): warning MSB3277:         C:\Users\ultra\.nuget\packages\ironpython\3.4.0\lib\net6.0\IronPython.Wpf.dll [C:\Users\ultra\warewolf\Dev\Dev2.Activities\Dev2.Activities.csproj]
C:\Program Files\dotnet\sdk\10.0.201\Microsoft.Common.CurrentVersion.targets(2451,5): warning MSB3277:           Project file item includes which caused reference "C:\Users\ultra\.nuget\packages\ironpython\3.4.0\lib\net6.0\IronPython.Wpf.dll". [C:\Users\ultra\warewolf\Dev\Dev2.Activities\Dev2.Activities.csproj]
C:\Program Files\dotnet\sdk\10.0.201\Microsoft.Common.CurrentVersion.targets(2451,5): warning MSB3277:             C:\Users\ultra\.nuget\packages\ironpython\3.4.0\lib\net6.0\IronPython.Wpf.dll [C:\Users\ultra\warewolf\Dev\Dev2.Activities\Dev2.Activities.csproj]
C:\Program Files\dotnet\sdk\10.0.201\Microsoft.Common.CurrentVersion.targets(2451,5): warning MSB3277:         C:\Users\ultra\.nuget\packages\microsoft.xaml.behaviors.wpf\1.1.19\lib\netcoreapp3.0\Microsoft.Xaml.Behaviors.dll [C:\Users\ultra\warewolf\Dev\Dev2.Activities\Dev2.Activities.csproj]
C:\Program Files\dotnet\sdk\10.0.201\Microsoft.Common.CurrentVersion.targets(2451,5): warning MSB3277:           Project file item includes which caused reference "C:\Users\ultra\.nuget\packages\microsoft.xaml.behaviors.wpf\1.1.19\lib\netcoreapp3.0\Microsoft.Xaml.Behaviors.dll". [C:\Users\ultra\warewolf\Dev\Dev2.Activities\Dev2.Activities.csproj]
C:\Program Files\dotnet\sdk\10.0.201\Microsoft.Common.CurrentVersion.targets(2451,5): warning MSB3277:             C:\Users\ultra\.nuget\packages\microsoft.xaml.behaviors.wpf\1.1.19\lib\netcoreapp3.0\Microsoft.Xaml.Behaviors.dll [C:\Users\ultra\warewolf\Dev\Dev2.Activities\Dev2.Activities.csproj]
C:\Program Files\dotnet\sdk\10.0.201\Microsoft.Common.CurrentVersion.targets(2451,5): warning MSB3277:             C:\Users\ultra\.nuget\packages\caliburn.micro\4.0.212\lib\netcoreapp3.1\Caliburn.Micro.Platform.dll [C:\Users\ultra\warewolf\Dev\Dev2.Activities\Dev2.Activities.csproj]
C:\Program Files\dotnet\sdk\10.0.201\Microsoft.Common.CurrentVersion.targets(2451,5): warning MSB3277:         C:\Users\ultra\.nuget\packages\reactiveui.wpf\18.4.1\lib\net462\ReactiveUI.Wpf.dll [C:\Users\ultra\warewolf\Dev\Dev2.Activities\Dev2.Activities.csproj]
C:\Program Files\dotnet\sdk\10.0.201\Microsoft.Common.CurrentVersion.targets(2451,5): warning MSB3277:           Project file item includes which caused reference "C:\Users\ultra\.nuget\packages\reactiveui.wpf\18.4.1\lib\net462\ReactiveUI.Wpf.dll". [C:\Users\ultra\warewolf\Dev\Dev2.Activities\Dev2.Activities.csproj]
C:\Program Files\dotnet\sdk\10.0.201\Microsoft.Common.CurrentVersion.targets(2451,5): warning MSB3277:             C:\Users\ultra\.nuget\packages\reactiveui.wpf\18.4.1\lib\net462\ReactiveUI.Wpf.dll [C:\Users\ultra\warewolf\Dev\Dev2.Activities\Dev2.Activities.csproj]
  Consider app.config remapping of assembly "System.Runtime.CompilerServices.Unsafe, Culture=neutral, PublicKeyToken=b03f5f7f11d50a3a" from Version "6.0.0.0" [] to Version "8.0.0.0" [C:\Program Files\dotnet\packs\Microsoft.NETCore.App.Ref\8.0.25\ref\net8.0\System.Runtime.CompilerServices.Unsafe.dll] to solve conflict and get rid of warning.
C:\Users\ultra\warewolf\Dev\Dev2.Activities\WorkflowConverters\ActivityPropertiesReaderHelper.cs(54,45): warning CS8632: The annotation for nullable reference types should only be used in code within a '#nullable' annotations context. [C:\Users\ultra\warewolf\Dev\Dev2.Activities\Dev2.Activities.csproj]
C:\Users\ultra\warewolf\Dev\Dev2.Activities\WorkflowConverters\SwitchActivityDataHelper.cs(106,58): warning CS8632: The annotation for nullable reference types should only be used in code within a '#nullable' annotations context. [C:\Users\ultra\warewolf\Dev\Dev2.Activities\Dev2.Activities.csproj]
C:\Users\ultra\warewolf\Dev\Dev2.Activities\WorkflowConverters\SwitchActivityDataHelper.cs(225,65): warning CS8632: The annotation for nullable reference types should only be used in code within a '#nullable' annotations context. [C:\Users\ultra\warewolf\Dev\Dev2.Activities\Dev2.Activities.csproj]
C:\Users\ultra\warewolf\Dev\Dev2.Activities\WorkflowConverters\SwitchActivityDataHelper.cs(225,25): warning CS8632: The annotation for nullable reference types should only be used in code within a '#nullable' annotations context. [C:\Users\ultra\warewolf\Dev\Dev2.Activities\Dev2.Activities.csproj]
C:\Users\ultra\warewolf\Dev\Dev2.Activities\WorkflowConverters\SwitchActivityDataHelper.cs(342,61): warning CS8632: The annotation for nullable reference types should only be used in code within a '#nullable' annotations context. [C:\Users\ultra\warewolf\Dev\Dev2.Activities\Dev2.Activities.csproj]
C:\Users\ultra\warewolf\Dev\Dev2.Activities\WorkflowConverters\SwitchActivityDataHelper.cs(342,30): warning CS8632: The annotation for nullable reference types should only be used in code within a '#nullable' annotations context. [C:\Users\ultra\warewolf\Dev\Dev2.Activities\Dev2.Activities.csproj]
C:\Users\ultra\warewolf\Dev\Dev2.Activities\WorkflowConverters\SwitchActivityDataHelper.cs(32,25): warning CS8632: The annotation for nullable reference types should only be used in code within a '#nullable' annotations context. [C:\Users\ultra\warewolf\Dev\Dev2.Activities\Dev2.Activities.csproj]
C:\Users\ultra\warewolf\Dev\Dev2.Activities\WorkflowConverters\SwitchActivityDataHelper.cs(33,25): warning CS8632: The annotation for nullable reference types should only be used in code within a '#nullable' annotations context. [C:\Users\ultra\warewolf\Dev\Dev2.Activities\Dev2.Activities.csproj]
C:\Users\ultra\warewolf\Dev\Dev2.Activities\WorkflowConverters\SwitchActivityDataHelper.cs(34,25): warning CS8632: The annotation for nullable reference types should only be used in code within a '#nullable' annotations context. [C:\Users\ultra\warewolf\Dev\Dev2.Activities\Dev2.Activities.csproj]
C:\Users\ultra\warewolf\Dev\Dev2.Activities\WorkflowConverters\SwitchActivityDataHelper.cs(35,25): warning CS8632: The annotation for nullable reference types should only be used in code within a '#nullable' annotations context. [C:\Users\ultra\warewolf\Dev\Dev2.Activities\Dev2.Activities.csproj]
C:\Users\ultra\warewolf\Dev\Dev2.Activities\WorkflowConverters\SwitchActivityDataHelper.cs(36,25): warning CS8632: The annotation for nullable reference types should only be used in code within a '#nullable' annotations context. [C:\Users\ultra\warewolf\Dev\Dev2.Activities\Dev2.Activities.csproj]
C:\Users\ultra\warewolf\Dev\Dev2.Activities\WorkflowConverters\SwitchActivityDataHelper.cs(37,25): warning CS8632: The annotation for nullable reference types should only be used in code within a '#nullable' annotations context. [C:\Users\ultra\warewolf\Dev\Dev2.Activities\Dev2.Activities.csproj]
C:\Users\ultra\warewolf\Dev\Dev2.Activities\WorkflowConverters\SwitchActivityDataHelper.cs(108,19): warning CS8632: The annotation for nullable reference types should only be used in code within a '#nullable' annotations context. [C:\Users\ultra\warewolf\Dev\Dev2.Activities\Dev2.Activities.csproj]
C:\Users\ultra\warewolf\Dev\Dev2.Activities\WorkflowConverters\ActivityPropertiesReaderHelper.cs(60,59): warning CS8632: The annotation for nullable reference types should only be used in code within a '#nullable' annotations context. [C:\Users\ultra\warewolf\Dev\Dev2.Activities\Dev2.Activities.csproj]
C:\Users\ultra\warewolf\Dev\Dev2.Activities\Activities\GateActivity.cs(639,21): warning CC0003: Consider adding an Exception to the catch. (https://code-cracker.github.io/diagnostics/CC0003.html) [C:\Users\ultra\warewolf\Dev\Dev2.Activities\Dev2.Activities.csproj]
C:\Users\ultra\warewolf\Dev\Dev2.Activities\Activities\GateActivity.cs(656,21): warning CC0003: Consider adding an Exception to the catch. (https://code-cracker.github.io/diagnostics/CC0003.html) [C:\Users\ultra\warewolf\Dev\Dev2.Activities\Dev2.Activities.csproj]
C:\Users\ultra\warewolf\Dev\Dev2.Activities\Activities\GateActivity.cs(733,24): warning CC0022: WarewolfListIterator should be disposed. (https://code-cracker.github.io/diagnostics/CC0022.html) [C:\Users\ultra\warewolf\Dev\Dev2.Activities\Dev2.Activities.csproj]
C:\Users\ultra\warewolf\Dev\Dev2.Activities\Activities\WebPostActivity.cs(238,28): warning CC0022: WarewolfListIterator should be disposed. (https://code-cracker.github.io/diagnostics/CC0022.html) [C:\Users\ultra\warewolf\Dev\Dev2.Activities\Dev2.Activities.csproj]
C:\Users\ultra\warewolf\Dev\Dev2.Activities\Activities\WebPostActivityNew.cs(281,28): warning CC0022: WarewolfListIterator should be disposed. (https://code-cracker.github.io/diagnostics/CC0022.html) [C:\Users\ultra\warewolf\Dev\Dev2.Activities\Dev2.Activities.csproj]
C:\Users\ultra\warewolf\Dev\Dev2.Activities\WorkflowConverters\X6ToWorkflowConverter.cs(375,13): warning CC0003: Consider adding an Exception to the catch. (https://code-cracker.github.io/diagnostics/CC0003.html) [C:\Users\ultra\warewolf\Dev\Dev2.Activities\Dev2.Activities.csproj]
C:\Users\ultra\warewolf\Dev\Dev2.Activities\WorkflowConverters\X6ToWorkflowConverter.cs(833,17): warning CC0120: Consider put an default clause in Switch. (https://code-cracker.github.io/diagnostics/CC0120.html) [C:\Users\ultra\warewolf\Dev\Dev2.Activities\Dev2.Activities.csproj]
C:\Users\ultra\warewolf\Dev\Dev2.Activities\WorkflowConverters\X6ToWorkflowConverter.cs(958,13): warning CC0004: Empty Catch Block. (https://code-cracker.github.io/diagnostics/CC0004.html) [C:\Users\ultra\warewolf\Dev\Dev2.Activities\Dev2.Activities.csproj]
C:\Users\ultra\warewolf\Dev\Dev2.Activities\Activities\PathOperations\FileWriteActivity.cs(54,26): warning CC0022: WarewolfListIterator should be disposed. (https://code-cracker.github.io/diagnostics/CC0022.html) [C:\Users\ultra\warewolf\Dev\Dev2.Activities\Dev2.Activities.csproj]
C:\Users\ultra\warewolf\Dev\Dev2.Activities\WorkflowConverters\WorkflowToX6Converter.cs(567,13): warning CC0105: Use 'var' instead of specifying the type name. (https://code-cracker.github.io/diagnostics/CC0105.html) [C:\Users\ultra\warewolf\Dev\Dev2.Activities\Dev2.Activities.csproj]
C:\Users\ultra\warewolf\Dev\Dev2.Activities\WorkflowConverters\WorkflowToX6Converter.cs(998,13): warning CC0004: Empty Catch Block. (https://code-cracker.github.io/diagnostics/CC0004.html) [C:\Users\ultra\warewolf\Dev\Dev2.Activities\Dev2.Activities.csproj]
C:\Users\ultra\warewolf\Dev\Dev2.Activities\WorkflowConverters\WorkflowToX6Converter.cs(1376,17): warning CC0004: Empty Catch Block. (https://code-cracker.github.io/diagnostics/CC0004.html) [C:\Users\ultra\warewolf\Dev\Dev2.Activities\Dev2.Activities.csproj]
C:\Users\ultra\warewolf\Dev\Dev2.Activities\WorkflowConverters\WorkflowToX6Converter.cs(1365,13): warning CC0006: You can use foreach instead of for. (https://code-cracker.github.io/diagnostics/CC0006.html) [C:\Users\ultra\warewolf\Dev\Dev2.Activities\Dev2.Activities.csproj]
C:\Users\ultra\warewolf\Dev\Dev2.Activities\Activities\DsfWebActivityBase.cs(136,96): warning CC0022: StringContent should be disposed. (https://code-cracker.github.io/diagnostics/CC0022.html) [C:\Users\ultra\warewolf\Dev\Dev2.Activities\Dev2.Activities.csproj]
C:\Users\ultra\warewolf\Dev\Dev2.Activities\Activities\DsfWebActivityBase.cs(158,42): warning CC0022: StreamReader should be disposed. (https://code-cracker.github.io/diagnostics/CC0022.html) [C:\Users\ultra\warewolf\Dev\Dev2.Activities\Dev2.Activities.csproj]
C:\Users\ultra\warewolf\Dev\Dev2.Activities\Activities\DsfWebActivityBase.cs(175,35): warning CC0022: ByteArrayContent should be disposed. (https://code-cracker.github.io/diagnostics/CC0022.html) [C:\Users\ultra\warewolf\Dev\Dev2.Activities\Dev2.Activities.csproj]
C:\Users\ultra\warewolf\Dev\Dev2.Activities\Activities\DsfWebActivityBase.cs(184,31): warning CC0022: StringContent should be disposed. (https://code-cracker.github.io/diagnostics/CC0022.html) [C:\Users\ultra\warewolf\Dev\Dev2.Activities\Dev2.Activities.csproj]
C:\Users\ultra\warewolf\Dev\Dev2.Activities\Activities\GetSystemInformationHelper.cs(95,36): warning CA1416: This call site is reachable on all platforms. 'ManagementBaseObject.GetPropertyValue(string)' is only supported on: 'windows'. (https://learn.microsoft.com/dotnet/fundamentals/code-analysis/quality-rules/ca1416) [C:\Users\ultra\warewolf\Dev\Dev2.Activities\Dev2.Activities.csproj]
C:\Users\ultra\warewolf\Dev\Dev2.Activities\Activities\GetSystemInformationHelper.cs(341,28): warning CA1416: This call site is reachable on all platforms. 'ManagementObjectSearcher' is only supported on: 'windows'. (https://learn.microsoft.com/dotnet/fundamentals/code-analysis/quality-rules/ca1416) [C:\Users\ultra\warewolf\Dev\Dev2.Activities\Dev2.Activities.csproj]
C:\Users\ultra\warewolf\Dev\Dev2.Activities\Activities\GetSystemInformationHelper.cs(340,28): warning CA1416: This call site is reachable on all platforms. 'ObjectQuery' is only supported on: 'windows'. (https://learn.microsoft.com/dotnet/fundamentals/code-analysis/quality-rules/ca1416) [C:\Users\ultra\warewolf\Dev\Dev2.Activities\Dev2.Activities.csproj]
C:\Users\ultra\warewolf\Dev\Dev2.Activities\Activities\GetSystemInformationHelper.cs(345,53): warning CA1416: This call site is reachable on all platforms. 'ManagementBaseObject.this[string]' is only supported on: 'windows'. (https://learn.microsoft.com/dotnet/fundamentals/code-analysis/quality-rules/ca1416) [C:\Users\ultra\warewolf\Dev\Dev2.Activities\Dev2.Activities.csproj]
C:\Users\ultra\warewolf\Dev\Dev2.Activities\Activities\GetSystemInformationHelper.cs(346,58): warning CA1416: This call site is reachable on all platforms. 'ManagementBaseObject.this[string]' is only supported on: 'windows'. (https://learn.microsoft.com/dotnet/fundamentals/code-analysis/quality-rules/ca1416) [C:\Users\ultra\warewolf\Dev\Dev2.Activities\Dev2.Activities.csproj]
C:\Users\ultra\warewolf\Dev\Dev2.Activities\Activities\GetSystemInformationHelper.cs(342,31): warning CA1416: This call site is reachable on all platforms. 'ManagementObjectSearcher.Get()' is only supported on: 'windows'. (https://learn.microsoft.com/dotnet/fundamentals/code-analysis/quality-rules/ca1416) [C:\Users\ultra\warewolf\Dev\Dev2.Activities\Dev2.Activities.csproj]
C:\Users\ultra\warewolf\Dev\Dev2.Activities\Activities\GetSystemInformationHelper.cs(374,37): warning CA1416: This call site is reachable on all platforms. 'WindowsIdentity.Groups' is only supported on: 'windows'. (https://learn.microsoft.com/dotnet/fundamentals/code-analysis/quality-rules/ca1416) [C:\Users\ultra\warewolf\Dev\Dev2.Activities\Dev2.Activities.csproj]
C:\Users\ultra\warewolf\Dev\Dev2.Activities\Activities\GetSystemInformationHelper.cs(372,17): warning CA1416: This call site is reachable on all platforms. 'WindowsIdentity.Groups' is only supported on: 'windows'. (https://learn.microsoft.com/dotnet/fundamentals/code-analysis/quality-rules/ca1416) [C:\Users\ultra\warewolf\Dev\Dev2.Activities\Dev2.Activities.csproj]
C:\Users\ultra\warewolf\Dev\Dev2.Activities\Activities\GetSystemInformationHelper.cs(370,92): warning CA1416: This call site is reachable on all platforms. 'WindowsIdentity.GetCurrent()' is only supported on: 'windows'. (https://learn.microsoft.com/dotnet/fundamentals/code-analysis/quality-rules/ca1416) [C:\Users\ultra\warewolf\Dev\Dev2.Activities\Dev2.Activities.csproj]
C:\Users\ultra\warewolf\Dev\Dev2.Activities\Activities\GetSystemInformationHelper.cs(329,31): warning CA1416: This call site is reachable on all platforms. 'ManagementObjectSearcher.Get()' is only supported on: 'windows'. (https://learn.microsoft.com/dotnet/fundamentals/code-analysis/quality-rules/ca1416) [C:\Users\ultra\warewolf\Dev\Dev2.Activities\Dev2.Activities.csproj]
C:\Users\ultra\warewolf\Dev\Dev2.Activities\Activities\GetSystemInformationHelper.cs(326,28): warning CA1416: This call site is reachable on all platforms. 'ObjectQuery' is only supported on: 'windows'. (https://learn.microsoft.com/dotnet/fundamentals/code-analysis/quality-rules/ca1416) [C:\Users\ultra\warewolf\Dev\Dev2.Activities\Dev2.Activities.csproj]
C:\Users\ultra\warewolf\Dev\Dev2.Activities\Activities\GetSystemInformationHelper.cs(332,60): warning CA1416: This call site is reachable on all platforms. 'ManagementBaseObject.this[string]' is only supported on: 'windows'. (https://learn.microsoft.com/dotnet/fundamentals/code-analysis/quality-rules/ca1416) [C:\Users\ultra\warewolf\Dev\Dev2.Activities\Dev2.Activities.csproj]
C:\Users\ultra\warewolf\Dev\Dev2.Activities\Activities\GetSystemInformationHelper.cs(327,28): warning CA1416: This call site is reachable on all platforms. 'ManagementObjectSearcher' is only supported on: 'windows'. (https://learn.microsoft.com/dotnet/fundamentals/code-analysis/quality-rules/ca1416) [C:\Users\ultra\warewolf\Dev\Dev2.Activities\Dev2.Activities.csproj]
C:\Users\ultra\warewolf\Dev\Dev2.Activities\Activities\GetSystemInformationHelper.cs(392,32): warning CA1416: This call site is reachable on all platforms. 'ObjectQuery' is only supported on: 'windows'. (https://learn.microsoft.com/dotnet/fundamentals/code-analysis/quality-rules/ca1416) [C:\Users\ultra\warewolf\Dev\Dev2.Activities\Dev2.Activities.csproj]
C:\Users\ultra\warewolf\Dev\Dev2.Activities\Activities\GetSystemInformationHelper.cs(397,49): warning CA1416: This call site is reachable on all platforms. 'ManagementBaseObject.this[string]' is only supported on: 'windows'. (https://learn.microsoft.com/dotnet/fundamentals/code-analysis/quality-rules/ca1416) [C:\Users\ultra\warewolf\Dev\Dev2.Activities\Dev2.Activities.csproj]
C:\Users\ultra\warewolf\Dev\Dev2.Activities\Activities\GetSystemInformationHelper.cs(386,39): warning CA1416: This call site is reachable on all platforms. 'IdentityReference.Translate(Type)' is only supported on: 'windows'. (https://learn.microsoft.com/dotnet/fundamentals/code-analysis/quality-rules/ca1416) [C:\Users\ultra\warewolf\Dev\Dev2.Activities\Dev2.Activities.csproj]
C:\Users\ultra\warewolf\Dev\Dev2.Activities\Activities\GetSystemInformationHelper.cs(393,32): warning CA1416: This call site is reachable on all platforms. 'ManagementObjectSearcher' is only supported on: 'windows'. (https://learn.microsoft.com/dotnet/fundamentals/code-analysis/quality-rules/ca1416) [C:\Users\ultra\warewolf\Dev\Dev2.Activities\Dev2.Activities.csproj]
C:\Users\ultra\warewolf\Dev\Dev2.Activities\Activities\GetSystemInformationHelper.cs(387,28): warning CA1416: This call site is reachable on all platforms. 'IdentityReference.Value' is only supported on: 'windows'. (https://learn.microsoft.com/dotnet/fundamentals/code-analysis/quality-rules/ca1416) [C:\Users\ultra\warewolf\Dev\Dev2.Activities\Dev2.Activities.csproj]
C:\Users\ultra\warewolf\Dev\Dev2.Activities\Activities\GetSystemInformationHelper.cs(394,35): warning CA1416: This call site is reachable on all platforms. 'ManagementObjectSearcher.Get()' is only supported on: 'windows'. (https://learn.microsoft.com/dotnet/fundamentals/code-analysis/quality-rules/ca1416) [C:\Users\ultra\warewolf\Dev\Dev2.Activities\Dev2.Activities.csproj]
C:\Users\ultra\warewolf\Dev\Dev2.Activities\Activities\GetSystemInformationHelper.cs(392,90): warning CA1416: This call site is reachable on all platforms. 'IdentityReference.Value' is only supported on: 'windows'. (https://learn.microsoft.com/dotnet/fundamentals/code-analysis/quality-rules/ca1416) [C:\Users\ultra\warewolf\Dev\Dev2.Activities\Dev2.Activities.csproj]
C:\Users\ultra\warewolf\Dev\Dev2.Activities\Activities\GetSystemInformationHelper.cs(427,32): warning CA1416: This call site is reachable on all platforms. 'ManagementObjectSearcher' is only supported on: 'windows'. (https://learn.microsoft.com/dotnet/fundamentals/code-analysis/quality-rules/ca1416) [C:\Users\ultra\warewolf\Dev\Dev2.Activities\Dev2.Activities.csproj]
C:\Users\ultra\warewolf\Dev\Dev2.Activities\Activities\GetSystemInformationHelper.cs(426,32): warning CA1416: This call site is reachable on all platforms. 'ObjectQuery' is only supported on: 'windows'. (https://learn.microsoft.com/dotnet/fundamentals/code-analysis/quality-rules/ca1416) [C:\Users\ultra\warewolf\Dev\Dev2.Activities\Dev2.Activities.csproj]
C:\Users\ultra\warewolf\Dev\Dev2.Activities\Activities\GetSystemInformationHelper.cs(431,57): warning CA1416: This call site is reachable on all platforms. 'ManagementBaseObject.this[string]' is only supported on: 'windows'. (https://learn.microsoft.com/dotnet/fundamentals/code-analysis/quality-rules/ca1416) [C:\Users\ultra\warewolf\Dev\Dev2.Activities\Dev2.Activities.csproj]
C:\Users\ultra\warewolf\Dev\Dev2.Activities\Activities\GetSystemInformationHelper.cs(428,35): warning CA1416: This call site is reachable on all platforms. 'ManagementObjectSearcher.Get()' is only supported on: 'windows'. (https://learn.microsoft.com/dotnet/fundamentals/code-analysis/quality-rules/ca1416) [C:\Users\ultra\warewolf\Dev\Dev2.Activities\Dev2.Activities.csproj]
  Dev2.Activities -> C:\Users\ultra\warewolf\Dev\Dev2.Activities\bin\Debug\net8.0\Dev2.Activities.dll
Linux publish failed for Warewolf.Execution.Lightweight.Tests.
